
> amplify-homework-supply@1.0.0 test
> vitest

│ ┌────────────────────────────────────────────────────────────────────────────┐
│ │  Info: Found a setup file with "setProjectAnnotations".                    │
│ │  Skipping automatic provisioning of preview annotations to avoid           │
│ │  conflicts. Since Storybook 10.3, "@storybook/addon-vitest" applies these  │
│ │   automatically.                                                           │
│ │  You can safely remove the "setProjectAnnotations" call from your setup    │
│ │  file, or remove the file entirely if you don't have custom code there.    │
│ └────────────────────────────────────────────────────────────────────────────┘

[1m[30m[44m DEV [49m[39m[22m [34mv4.1.11 [39m[90m/Users/colinbarrett-fox/Projects/new-components/amplify-homework-supply[39m

[90mstdout[2m | test/integration/websocket-collaboration.test.ts
[22m[39m✓ Loaded .env.test

[90mstdout[2m | test/integration/custom-ai-block.test.tsx
[22m[39m✓ Loaded .env.test

[90mstdout[2m | test/integration/file-manager.test.tsx
[22m[39m✓ Loaded .env.test

[90mstdout[2m | test/integration/question-editor.test.tsx
[22m[39m✓ Loaded .env.test

[90mstdout[2m | test/integration/lambda.test.ts
[22m[39m✓ Loaded .env.test

[90mstdout[2m | test/integration/section-management.test.tsx
[22m[39m✓ Loaded .env.test

[90mstdout[2m | test/integration/api.test.ts
[22m[39m✓ Loaded .env.test

[90mstdout[2m | test/integration/dictionary-editor.test.tsx
[22m[39m✓ Loaded .env.test

 [32m✓[39m [30m[45m integration [49m[39m test/integration/section-management.test.tsx [2m([22m[2m16 tests[22m[2m)[22m[33m 1316[2mms[22m[39m
     [33m[2m✓[22m[39m creates a new section [33m 415[2mms[22m[39m
[90mstdout[2m | test/integration/grade-tracking.test.tsx
[22m[39m✓ Loaded .env.test

 [32m✓[39m [30m[45m integration [49m[39m test/integration/grade-tracking.test.tsx [2m([22m[2m14 tests[22m[2m)[22m[33m 1005[2mms[22m[39m
 [32m✓[39m [30m[45m integration [49m[39m test/integration/custom-ai-block.test.tsx [2m([22m[2m10 tests[22m[2m)[22m[33m 7077[2mms[22m[39m
     [33m[2m✓[22m[39m creates node with correct type [33m 1116[2mms[22m[39m
     [33m[2m✓[22m[39m renders without crashing [33m 5060[2mms[22m[39m
     [33m[2m✓[22m[39m renders without crashing [33m 460[2mms[22m[39m
[90mstdout[2m | unknown test
[22m[39m[MOCK vectorStoreDB.js] Module loaded - mock IndexedDB operations
[90mstdout[2m | unknown test
[22m[39m[Task Completion] DOM action listeners initialized
[90mstdout[2m | unknown test
[22m[39m[Task Completion] Auto-completion detector initialized
[90mstdout[2m | unknown test
[22m[39m[Preview] Task completion detector initialized
[90mstdout[2m | test/integration/dicebear-performance.test.ts
[22m[39m✓ Loaded .env.test

[90mstdout[2m | test/integration/server-actions.test.ts
[22m[39m✓ Loaded .env.test

 [31m❯[39m [30m[45m integration [49m[39m test/integration/websocket-collaboration.test.ts [2m([22m[2m9 tests[22m[2m | [22m[31m7 failed[39m[2m)[22m[33m 6347[2mms[22m[39m
[31m     [31m×[31m connects to WebSocket API with auth token[39m[33m 2202[2mms[22m[39m
[31m     [31m×[31m sends sync message and receives broadcast on second client[39m[33m 467[2mms[22m[39m
[31m     [31m×[31m sends presence updates and verifies broadcast[39m[33m 591[2mms[22m[39m
[31m     [31m×[31m ping returns pong (keep-alive)[39m[33m 422[2mms[22m[39m
[31m     [31m×[31m clients in different rooms don't receive cross-talk[39m[33m 461[2mms[22m[39m
[31m     [31m×[31m multiple clients in same room all receive broadcasts[39m[33m 456[2mms[22m[39m
       [33m[2m✓[22m[39m rejects connection with no auth token (anonymous) [33m 958[2mms[22m[39m
       [33m[2m✓[22m[39m rejects connection with invalid token [33m 309[2mms[22m[39m
[31m       [31m×[31m denies access to a unit room the user is not authorized for[39m[33m 470[2mms[22m[39m
[90mstdout[2m | test/integration/multi-user-collaboration.test.ts
[22m[39m✓ Loaded .env.test

 [32m✓[39m [30m[45m integration [49m[39m test/integration/dicebear-performance.test.ts [2m([22m[2m16 tests[22m[2m)[22m[32m 145[2mms[22m[39m
[90mstdout[2m | test/integration/recycle-bin-cascade.test.ts
[22m[39m✓ Loaded .env.test

 [32m✓[39m [30m[45m integration [49m[39m test/integration/multi-user-collaboration.test.ts [2m([22m[2m19 tests[22m[2m)[22m[32m 198[2mms[22m[39m
 [32m✓[39m [30m[45m integration [49m[39m test/integration/recycle-bin-cascade.test.ts [2m([22m[2m7 tests[22m[2m)[22m[32m 36[2mms[22m[39m
 [32m✓[39m [30m[45m integration [49m[39m test/integration/server-actions.test.ts [2m([22m[2m32 tests[22m[2m)[22m[32m 116[2mms[22m[39m
[90mstdout[2m | src/components/Gamification/__tests__/NewFeatures.test.tsx
[22m[39m✓ Loaded .env.test

[90mstdout[2m | src/components/Gamification/__tests__/BossBattleForm.test.tsx
[22m[39m✓ Loaded .env.test

[90mstdout[2m | amplify/functions/__tests__/gamification-badgeCheck.test.ts
[22m[39m✓ Loaded .env.test

[90mstdout[2m | src/components/Editor3/Editor.stories.jsx[2m > [22m[2mEmpty Editor Text Formatting
[22m[39m[Preview] Skipped initializing default mock data (initializeMockData=false)
[90mstdout[2m | src/components/Editor3/Editor.stories.jsx[2m > [22m[2mEmpty Editor Text Formatting
[22m[39m[Mock Data] seedMockUnit: Adding unit empty-editor-text-formatting-id
[90mstdout[2m | src/components/Editor3/Editor.stories.jsx[2m > [22m[2mEmpty Editor Text Formatting
[22m[39m[MOCK CourseVectorStore] Initialized with mock data
[90mstdout[2m | src/components/Editor3/Editor.stories.jsx[2m > [22m[2mEmpty Editor Text Formatting
[22m[39m[useTabState] Initialized with: {
  "leftOpen": false,
  "leftTab": 4,
  "leftWidth": 350,
  "rightOpen": false,
  "rightTab": 5,
  "rightWidth": 350,
} from URL: {} localStorage: null defaults: {
  "defaultLeftTab": 4,
  "defaultRightTab": 5,
}
[90mstdout[2m | src/components/Editor3/Editor.stories.jsx[2m > [22m[2mEmpty Editor Text Formatting
[22m[39m[FileManager2] Files received from context: 0 []
[90mstdout[2m | src/components/Editor3/Editor.stories.jsx[2m > [22m[2mEmpty Editor Text Formatting
[22m[39m[FileManager2] Upload useEffect triggered. filesToUpload: 0 uploadInProgress: false
[90mstdout[2m | src/components/Editor3/Editor.stories.jsx[2m > [22m[2mEmpty Editor Text Formatting
[22m[39m[FileManager2] Skipping upload - no files or already in progress
[90mstdout[2m | src/components/Editor3/Editor.stories.jsx[2m > [22m[2mEmpty Editor Text Formatting
[22m[39m[chatTools] Vector store search function registered: true
[90mstdout[2m | src/components/Editor3/Editor.stories.jsx[2m > [22m[2mEmpty Editor Text Formatting
[22m[39m[ChatSidebar] Registered vector store search, isReady: false
[90mstdout[2m | src/components/Editor3/Editor.stories.jsx[2m > [22m[2mEmpty Editor Text Formatting
[22m[39m[chatTools] Practice drill callback registered: true
[90mstdout[2m | src/components/Editor3/Editor.stories.jsx[2m > [22m[2mEmpty Editor Text Formatting
[22m[39m[useChatPageContext] Registering page context: {
  "dictionaryCount": 0,
  "filesCount": 0,
  "hasEditorRef": true,
  "hasUnit": true,
  "hasVectorStoreSearch": true,
  "questionsCount": 0,
  "sectionsCount": 0,
}
[90mstdout[2m | src/components/Editor3/Editor.stories.jsx[2m > [22m[2mEmpty Editor Text Formatting
[22m[39m[TranslationModeController] Setting mode to: off
[90mstdout[2m | src/components/Editor3/Editor.stories.jsx[2m > [22m[2mEmpty Editor Text Formatting
[22m[39m[UnitContext] useEffect triggered {
  "authLoading": false,
  "hasUser": true,
  "id": "empty-editor-text-formatting-id",
  "userSub": "mock-user-sub",
}
[90mstdout[2m | src/components/Editor3/Editor.stories.jsx[2m > [22m[2mEmpty Editor Text Formatting
[22m[39m[UnitContext] Fetching unit data for id: empty-editor-text-formatting-id
[90mstdout[2m | src/components/Editor3/Editor.stories.jsx[2m > [22m[2mEmpty Editor Text Formatting
[22m[39m[FilesContext] Initializing vector store from IndexedDB
[90mstdout[2m | src/components/Editor3/Editor.stories.jsx[2m > [22m[2mEmpty Editor Text Formatting
[22m[39m[FilesContext] fetchFiles called
[90mstdout[2m | src/components/Editor3/Editor.stories.jsx[2m > [22m[2mEmpty Editor Text Formatting
[22m[39m[FilesContext] User authenticated: mock-user-sub
[90mstdout[2m | src/components/Editor3/Editor.stories.jsx[2m > [22m[2mEmpty Editor Text Formatting
[22m[39m[FilesContext] Identity ID: us-east-1:mock-identity-123
[90mstdout[2m | src/components/Editor3/Editor.stories.jsx[2m > [22m[2mEmpty Editor Text Formatting
[22m[39m[FilesContext] About to set up File observeQuery
[90mstdout[2m | src/components/Editor3/Editor.stories.jsx[2m > [22m[2mEmpty Editor Text Formatting
[22m[39m[ChatContext] Setting up AssistantChat observeQuery
[90mstdout[2m | src/components/Editor3/Editor.stories.jsx[2m > [22m[2mEmpty Editor Text Formatting
[22m[39m[ChatContext] Waiting for subscription to initialize
[90mstdout[2m | src/components/Editor3/Editor.stories.jsx[2m > [22m[2mEmpty Editor Text Formatting
[22m[39m[SettingsContext] Setting up Settings subscription for user: mock-user-sub
[90mstdout[2m | src/components/Editor3/Editor.stories.jsx[2m > [22m[2mEmpty Editor Text Formatting
[22m[39m[useChatPageContext] Cleaning up page context
[90mstdout[2m | src/components/Editor3/Editor.stories.jsx[2m > [22m[2mEmpty Editor Text Formatting
[22m[39m[useChatPageContext] Registering page context: {
  "dictionaryCount": 0,
  "filesCount": 0,
  "hasEditorRef": true,
  "hasUnit": true,
  "hasVectorStoreSearch": true,
  "questionsCount": 0,
  "sectionsCount": 0,
}
[90mstdout[2m | src/components/Editor3/Editor.stories.jsx[2m > [22m[2mEmpty Editor Text Formatting
[22m[39m[Editor onChange] Skipping save - no initial state loaded yet
[90mstdout[2m | src/components/Editor3/Editor.stories.jsx[2m > [22m[2mEmpty Editor Text Formatting
[22m[39m[Mock Data] Settings created: mock-settings-1790415936660 - notified 0 subscribers
[90mstdout[2m | src/components/Editor3/Editor.stories.jsx[2m > [22m[2mEmpty Editor Text Formatting
[22m[39m[Mock Data] Unit.onUpdate() subscription added. Total: 1
[90mstdout[2m | src/components/Editor3/Editor.stories.jsx[2m > [22m[2mEmpty Editor Text Formatting
[22m[39m[Mock] CollaborationPlugin rendered with props: {
  "color": "#f59e0b",
  "cursorsContainerRef": {
    "current": <div
      class="jsx-9364b876b91d91fe collaboration-cursors-container"
      style="position: relative;"
    >
      <div
        aria-label="Edit"
        class="editor"
        contenteditable="true"
        data-lexical-editor="true"
        data-tour="editor"
        role="textbox"
        spellcheck="true"
        style="max-width: 100%; outline: none; min-height: 100%; padding: 1rem 2rem 1rem 0.5rem; user-select: text; white-space: pre-wrap; word-break: break-word;"
      />
      <div
        class="jsx-e404209429cec6f3 editor-placeholder"
      >
        Start typing or use the toolbar above to add content...
      </div>
    </div>,
  },
  "provider": YjsDocProvider {
    "awareness": Awareness {
      "_checkInterval": 16,
      "_observers": Map {},
      "clientID": 3796672275,
      "doc": {
        "editorContent": "",
        "metadata": {},
      },
      "meta": Map {
        3796672275 => {
          "clock": 0,
          "lastUpdated": 1790415935924,
        },
      },
      "states": Map {
        3796672275 => {},
      },
    },
    "config": {
      "connect": false,
      "docName": "unit-null",
      "maxBackoffTime": 30000,
      "persistence": false,
      "resyncInterval": 5000,
      "wsUrl": "wss://j5eyo7cpia.execute-api.us-east-1.amazonaws.com/live",
    },
    "defaultConfig": {
      "connect": true,
      "maxBackoffTime": 30000,
      "persistence": true,
      "resyncInterval": 5000,
      "wsUrl": "wss://j5eyo7cpia.execute-api.us-east-1.amazonaws.com/live",
    },
    "docName": "unit-null",
    "hasLoggedConnectionError": false,
    "indexeddb": null,
    "lastStatusLog": "",
    "listeners": Map {
      "doc-reset" => Set {
        [Function handleDocReset],
      },
    },
    "resetCount": 0,
    "wsProvider": null,
    "ydoc": {
      "editorContent": "",
      "metadata": {},
    },
  },
  "username": "mock-user-sub",
}
[90mstdout[2m | src/components/Editor3/Editor.stories.jsx[2m > [22m[2mEmpty Editor Text Formatting
[22m[39m[Editor onChange] Skipping save due to tags: [
  "history-merge",
]
[90mstdout[2m | src/components/Editor3/Editor.stories.jsx[2m > [22m[2mEmpty Editor Text Formatting
[22m[39m[chatTools] Vector store search function registered: false
[90mstdout[2m | src/components/Editor3/Editor.stories.jsx[2m > [22m[2mEmpty Editor Text Formatting
[22m[39m[chatTools] Practice drill callback registered: false
[90mstdout[2m | src/components/Editor3/Editor.stories.jsx[2m > [22m[2mEmpty Editor Text Formatting
[22m[39m[useChatPageContext] Cleaning up page context
[90mstdout[2m | src/components/Editor3/Editor.stories.jsx[2m > [22m[2mEmpty Editor Text Formatting
[22m[39m[FileManager2] Files received from context: 0 []
[90mstdout[2m | src/components/Editor3/Editor.stories.jsx[2m > [22m[2mEmpty Editor Text Formatting
[22m[39m[FileManager2] Upload useEffect triggered. filesToUpload: 0 uploadInProgress: false
[90mstdout[2m | src/components/Editor3/Editor.stories.jsx[2m > [22m[2mEmpty Editor Text Formatting
[22m[39m[FileManager2] Skipping upload - no files or already in progress
[90mstdout[2m | src/components/Editor3/Editor.stories.jsx[2m > [22m[2mEmpty Editor Text Formatting
[22m[39m[chatTools] Vector store search function registered: true
[90mstdout[2m | src/components/Editor3/Editor.stories.jsx[2m > [22m[2mEmpty Editor Text Formatting
[22m[39m[ChatSidebar] Registered vector store search, isReady: false
[90mstdout[2m | src/components/Editor3/Editor.stories.jsx[2m > [22m[2mEmpty Editor Text Formatting
[22m[39m[chatTools] Practice drill callback registered: true
[90mstdout[2m | src/components/Editor3/Editor.stories.jsx[2m > [22m[2mEmpty Editor Text Formatting
[22m[39m[useChatPageContext] Registering page context: {
  "dictionaryCount": 0,
  "filesCount": 0,
  "hasEditorRef": true,
  "hasUnit": true,
  "hasVectorStoreSearch": true,
  "questionsCount": 0,
  "sectionsCount": 0,
}
[90mstdout[2m | src/components/Editor3/Editor.stories.jsx[2m > [22m[2mEmpty Editor Text Formatting
[22m[39m[Mock] CollaborationPlugin rendered with props: {
  "color": "#f59e0b",
  "cursorsContainerRef": {
    "current": <div
      class="jsx-9364b876b91d91fe collaboration-cursors-container"
      style="position: relative;"
    >
      <div
        aria-label="Edit"
        autocapitalize="off"
        class="editor"
        contenteditable="true"
        data-lexical-editor="true"
        data-tour="editor"
        role="textbox"
        spellcheck="true"
        style="max-width: 100%; outline: none; min-height: 100%; padding: 1rem 2rem 1rem 0.5rem; user-select: text; white-space: pre-wrap; word-break: break-word;"
      />
      <div
        class="jsx-e404209429cec6f3 editor-placeholder"
      >
        Start typing or use the toolbar above to add content...
      </div>
    </div>,
  },
  "provider": YjsDocProvider {
    "awareness": Awareness {
      "_checkInterval": 16,
      "_observers": Map {},
      "clientID": 3796672275,
      "doc": {
        "editorContent": "",
        "metadata": {},
      },
      "meta": Map {
        3796672275 => {
          "clock": 0,
          "lastUpdated": 1790415935924,
        },
      },
      "states": Map {
        3796672275 => {},
      },
    },
    "config": {
      "connect": false,
      "docName": "unit-null",
      "maxBackoffTime": 30000,
      "persistence": false,
      "resyncInterval": 5000,
      "wsUrl": "wss://j5eyo7cpia.execute-api.us-east-1.amazonaws.com/live",
    },
    "defaultConfig": {
      "connect": true,
      "maxBackoffTime": 30000,
      "persistence": true,
      "resyncInterval": 5000,
      "wsUrl": "wss://j5eyo7cpia.execute-api.us-east-1.amazonaws.com/live",
    },
    "docName": "unit-null",
    "hasLoggedConnectionError": false,
    "indexeddb": null,
    "lastStatusLog": "",
    "listeners": Map {
      "doc-reset" => Set {
        [Function handleDocReset],
      },
    },
    "resetCount": 0,
    "wsProvider": null,
    "ydoc": {
      "editorContent": "",
      "metadata": {},
    },
  },
  "username": "mock-user-sub",
}
[90mstdout[2m | src/components/Editor3/Editor.stories.jsx[2m > [22m[2mEmpty Editor Text Formatting
[22m[39m[useChatPageContext] Cleaning up page context
[90mstdout[2m | src/components/Editor3/Editor.stories.jsx[2m > [22m[2mEmpty Editor Text Formatting
[22m[39m[useChatPageContext] Registering page context: {
  "dictionaryCount": 0,
  "filesCount": 0,
  "hasEditorRef": true,
  "hasUnit": true,
  "hasVectorStoreSearch": true,
  "questionsCount": 0,
  "sectionsCount": 0,
}
[90mstdout[2m | src/components/Editor3/Editor.stories.jsx[2m > [22m[2mEmpty Editor Text Formatting
[22m[39m[Mock] CollaborationPlugin rendered with props: {
  "color": "#f59e0b",
  "cursorsContainerRef": {
    "current": <div
      class="jsx-9364b876b91d91fe collaboration-cursors-container"
      style="position: relative;"
    >
      <div
        aria-label="Edit"
        autocapitalize="off"
        class="editor"
        contenteditable="true"
        data-lexical-editor="true"
        data-tour="editor"
        role="textbox"
        spellcheck="true"
        style="max-width: 100%; outline: none; min-height: 100%; padding: 1rem 2rem 1rem 0.5rem; user-select: text; white-space: pre-wrap; word-break: break-word;"
      />
      <div
        class="jsx-e404209429cec6f3 editor-placeholder"
      >
        Start typing or use the toolbar above to add content...
      </div>
    </div>,
  },
  "provider": YjsDocProvider {
    "awareness": Awareness {
      "_checkInterval": 16,
      "_observers": Map {},
      "clientID": 3796672275,
      "doc": {
        "editorContent": "",
        "metadata": {},
      },
      "meta": Map {
        3796672275 => {
          "clock": 0,
          "lastUpdated": 1790415935924,
        },
      },
      "states": Map {
        3796672275 => {},
      },
    },
    "config": {
      "connect": false,
      "docName": "unit-null",
      "maxBackoffTime": 30000,
      "persistence": false,
      "resyncInterval": 5000,
      "wsUrl": "wss://j5eyo7cpia.execute-api.us-east-1.amazonaws.com/live",
    },
    "defaultConfig": {
      "connect": true,
      "maxBackoffTime": 30000,
      "persistence": true,
      "resyncInterval": 5000,
      "wsUrl": "wss://j5eyo7cpia.execute-api.us-east-1.amazonaws.com/live",
    },
    "docName": "unit-null",
    "hasLoggedConnectionError": false,
    "indexeddb": null,
    "lastStatusLog": "",
    "listeners": Map {
      "doc-reset" => Set {
        [Function handleDocReset],
      },
    },
    "resetCount": 0,
    "wsProvider": null,
    "ydoc": {
      "editorContent": "",
      "metadata": {},
    },
  },
  "username": "mock-user-sub",
}
[90mstdout[2m | src/components/Editor3/Editor.stories.jsx[2m > [22m[2mEmpty Editor Text Formatting
[22m[39m[Editor onChange] Skipping save - no initial state loaded yet
[90mstdout[2m | src/components/Editor3/Editor.stories.jsx[2m > [22m[2mEmpty Editor Text Formatting
[22m[39m[Mock] CollaborationPlugin rendered with props: {
  "color": "#f59e0b",
  "cursorsContainerRef": {
    "current": <div
      class="jsx-9364b876b91d91fe collaboration-cursors-container"
      style="position: relative;"
    >
      <div
        aria-label="Edit"
        class="editor"
        contenteditable="true"
        data-lexical-editor="true"
        data-tour="editor"
        role="textbox"
        spellcheck="true"
        style="max-width: 100%; outline: none; min-height: 100%; padding: 1rem 2rem 1rem 0.5rem; user-select: text; white-space: pre-wrap; word-break: break-word;"
      />
      <div
        class="jsx-e404209429cec6f3 editor-placeholder"
      >
        Start typing or use the toolbar above to add content...
      </div>
    </div>,
  },
  "provider": YjsDocProvider {
    "awareness": Awareness {
      "_checkInterval": 16,
      "_observers": Map {},
      "clientID": 3796672275,
      "doc": {
        "editorContent": "",
        "metadata": {},
      },
      "meta": Map {
        3796672275 => {
          "clock": 0,
          "lastUpdated": 1790415935924,
        },
      },
      "states": Map {
        3796672275 => {},
      },
    },
    "config": {
      "connect": false,
      "docName": "unit-null",
      "maxBackoffTime": 30000,
      "persistence": false,
      "resyncInterval": 5000,
      "wsUrl": "wss://j5eyo7cpia.execute-api.us-east-1.amazonaws.com/live",
    },
    "defaultConfig": {
      "connect": true,
      "maxBackoffTime": 30000,
      "persistence": true,
      "resyncInterval": 5000,
      "wsUrl": "wss://j5eyo7cpia.execute-api.us-east-1.amazonaws.com/live",
    },
    "docName": "unit-null",
    "hasLoggedConnectionError": false,
    "indexeddb": null,
    "lastStatusLog": "",
    "listeners": Map {
      "doc-reset" => Set {
        [Function handleDocReset],
      },
    },
    "resetCount": 0,
    "wsProvider": null,
    "ydoc": {
      "editorContent": "",
      "metadata": {},
    },
  },
  "username": "mock-user-sub",
}
[90mstdout[2m | src/components/Editor3/Editor.stories.jsx[2m > [22m[2mEmpty Editor Text Formatting
[22m[39m[SectionContext] Section observeQuery update: 0
[90mstdout[2m | src/components/Editor3/Editor.stories.jsx[2m > [22m[2mEmpty Editor Text Formatting
[22m[39m[FilesContext] File observeQuery update: 0 files
[90mstdout[2m | src/components/Editor3/Editor.stories.jsx[2m > [22m[2mEmpty Editor Text Formatting
[22m[39m[ChatContext] AssistantChat initialized with 0 chats
[90mstdout[2m | src/components/Editor3/Editor.stories.jsx[2m > [22m[2mEmpty Editor Text Formatting
[22m[39m[MOCK CourseVectorStore] Initialized with mock data
[90mstdout[2m | src/components/Editor3/Editor.stories.jsx[2m > [22m[2mEmpty Editor Text Formatting
[22m[39m[Mock] CollaborationPlugin rendered with props: {
  "color": "#f59e0b",
  "cursorsContainerRef": {
    "current": <div
      class="jsx-9364b876b91d91fe collaboration-cursors-container"
      style="position: relative;"
    >
      <div
        aria-label="Edit"
        class="editor"
        contenteditable="true"
        data-lexical-editor="true"
        data-tour="editor"
        role="textbox"
        spellcheck="true"
        style="max-width: 100%; outline: none; min-height: 100%; padding: 1rem 2rem 1rem 0.5rem; user-select: text; white-space: pre-wrap; word-break: break-word;"
      />
      <div
        class="jsx-e404209429cec6f3 editor-placeholder"
      >
        Start typing or use the toolbar above to add content...
      </div>
    </div>,
  },
  "provider": YjsDocProvider {
    "awareness": Awareness {
      "_checkInterval": 16,
      "_observers": Map {},
      "clientID": 3796672275,
      "doc": {
        "editorContent": "",
        "metadata": {},
      },
      "meta": Map {
        3796672275 => {
          "clock": 0,
          "lastUpdated": 1790415935924,
        },
      },
      "states": Map {
        3796672275 => {},
      },
    },
    "config": {
      "connect": false,
      "docName": "unit-null",
      "maxBackoffTime": 30000,
      "persistence": false,
      "resyncInterval": 5000,
      "wsUrl": "wss://j5eyo7cpia.execute-api.us-east-1.amazonaws.com/live",
    },
    "defaultConfig": {
      "connect": true,
      "maxBackoffTime": 30000,
      "persistence": true,
      "resyncInterval": 5000,
      "wsUrl": "wss://j5eyo7cpia.execute-api.us-east-1.amazonaws.com/live",
    },
    "docName": "unit-null",
    "hasLoggedConnectionError": false,
    "indexeddb": null,
    "lastStatusLog": "",
    "listeners": Map {
      "doc-reset" => Set {
        [Function handleDocReset],
      },
    },
    "resetCount": 0,
    "wsProvider": null,
    "ydoc": {
      "editorContent": "",
      "metadata": {},
    },
  },
  "username": "mock-user-sub",
}
[90mstdout[2m | src/components/Editor3/Editor.stories.jsx[2m > [22m[2mEmpty Editor Text Formatting
[22m[39m[FileManager2] Files received from context: 0 []
[90mstdout[2m | src/components/Editor3/Editor.stories.jsx[2m > [22m[2mEmpty Editor Text Formatting
[22m[39m[ChatContext] No current chat available, will create one
[90mstdout[2m | src/components/Editor3/Editor.stories.jsx[2m > [22m[2mEmpty Editor Text Formatting
[22m[39m[ChatContext] Creating AssistantChat with user: undefined
[90mstdout[2m | src/components/Editor3/Editor.stories.jsx[2m > [22m[2mEmpty Editor Text Formatting
[22m[39m[Mock Data] AssistantChat created: mock-assistantchat-1790415937859 - notified 1 subscribers
[90mstdout[2m | src/components/Editor3/Editor.stories.jsx[2m > [22m[2mEmpty Editor Text Formatting
[22m[39m[Mock] CollaborationPlugin rendered with props: {
  "color": "#f59e0b",
  "cursorsContainerRef": {
    "current": <div
      class="jsx-9364b876b91d91fe collaboration-cursors-container"
      style="position: relative;"
    >
      <div
        aria-label="Edit"
        class="editor"
        contenteditable="true"
        data-lexical-editor="true"
        data-tour="editor"
        role="textbox"
        spellcheck="true"
        style="max-width: 100%; outline: none; min-height: 100%; padding: 1rem 2rem 1rem 0.5rem; user-select: text; white-space: pre-wrap; word-break: break-word;"
      />
      <div
        class="jsx-e404209429cec6f3 editor-placeholder"
      >
        Start typing or use the toolbar above to add content...
      </div>
    </div>,
  },
  "provider": YjsDocProvider {
    "awareness": Awareness {
      "_checkInterval": 16,
      "_observers": Map {},
      "clientID": 3796672275,
      "doc": {
        "editorContent": "",
        "metadata": {},
      },
      "meta": Map {
        3796672275 => {
          "clock": 0,
          "lastUpdated": 1790415935924,
        },
      },
      "states": Map {
        3796672275 => {},
      },
    },
    "config": {
      "connect": false,
      "docName": "unit-null",
      "maxBackoffTime": 30000,
      "persistence": false,
      "resyncInterval": 5000,
      "wsUrl": "wss://j5eyo7cpia.execute-api.us-east-1.amazonaws.com/live",
    },
    "defaultConfig": {
      "connect": true,
      "maxBackoffTime": 30000,
      "persistence": true,
      "resyncInterval": 5000,
      "wsUrl": "wss://j5eyo7cpia.execute-api.us-east-1.amazonaws.com/live",
    },
    "docName": "unit-null",
    "hasLoggedConnectionError": false,
    "indexeddb": null,
    "lastStatusLog": "",
    "listeners": Map {
      "doc-reset" => Set {
        [Function handleDocReset],
      },
    },
    "resetCount": 0,
    "wsProvider": null,
    "ydoc": {
      "editorContent": "",
      "metadata": {},
    },
  },
  "username": "mock-user-sub",
}
[90mstdout[2m | src/components/Editor3/Editor.stories.jsx[2m > [22m[2mEmpty Editor Text Formatting
[22m[39m[ChatContext] Create result: {
  "data": {
    "_version": 1,
    "archived": false,
    "chatFiles": [Function anonymous],
    "createdAt": "2026-09-26T09:45:37.859Z",
    "id": "mock-assistantchat-1790415937859",
    "model": "gpt-4",
    "updatedAt": "2026-09-26T09:45:37.859Z",
  },
  "errors": [],
  "hasData": true,
  "hasErrors": true,
}
[90mstdout[2m | src/components/Editor3/Editor.stories.jsx[2m > [22m[2mEmpty Editor Text Formatting
[22m[39m[ChatContext] Created AssistantChat: mock-assistantchat-1790415937859 at: 2026-09-26T09:45:37.859Z
[90mstdout[2m | src/components/Editor3/Editor.stories.jsx[2m > [22m[2mEmpty Editor Text Formatting
[22m[39m[ChatContext] Setting initial chat: mock-assistantchat-1790415937859
[90mstdout[2m | src/components/Editor3/Editor.stories.jsx[2m > [22m[2mEmpty Editor Text Formatting
[22m[39m[Mock] CollaborationPlugin rendered with props: {
  "color": "#f59e0b",
  "cursorsContainerRef": {
    "current": <div
      class="jsx-9364b876b91d91fe collaboration-cursors-container"
      style="position: relative;"
    >
      <div
        aria-label="Edit"
        class="editor"
        contenteditable="true"
        data-lexical-editor="true"
        data-tour="editor"
        role="textbox"
        spellcheck="true"
        style="max-width: 100%; outline: none; min-height: 100%; padding: 1rem 2rem 1rem 0.5rem; user-select: text; white-space: pre-wrap; word-break: break-word;"
      />
      <div
        class="jsx-e404209429cec6f3 editor-placeholder"
      >
        Start typing or use the toolbar above to add content...
      </div>
    </div>,
  },
  "provider": YjsDocProvider {
    "awareness": Awareness {
      "_checkInterval": 16,
      "_observers": Map {},
      "clientID": 3796672275,
      "doc": {
        "editorContent": "",
        "metadata": {},
      },
      "meta": Map {
        3796672275 => {
          "clock": 0,
          "lastUpdated": 1790415935924,
        },
      },
      "states": Map {
        3796672275 => {},
      },
    },
    "config": {
      "connect": false,
      "docName": "unit-null",
      "maxBackoffTime": 30000,
      "persistence": false,
      "resyncInterval": 5000,
      "wsUrl": "wss://j5eyo7cpia.execute-api.us-east-1.amazonaws.com/live",
    },
    "defaultConfig": {
      "connect": true,
      "maxBackoffTime": 30000,
      "persistence": true,
      "resyncInterval": 5000,
      "wsUrl": "wss://j5eyo7cpia.execute-api.us-east-1.amazonaws.com/live",
    },
    "docName": "unit-null",
    "hasLoggedConnectionError": false,
    "indexeddb": null,
    "lastStatusLog": "",
    "listeners": Map {
      "doc-reset" => Set {
        [Function handleDocReset],
      },
    },
    "resetCount": 0,
    "wsProvider": null,
    "ydoc": {
      "editorContent": "",
      "metadata": {},
    },
  },
  "username": "mock-user-sub",
}
[90mstdout[2m | src/components/Editor3/Editor.stories.jsx[2m > [22m[2mEmpty Editor Text Formatting
[22m[39m[ChatSidebar] Loading messages for chat: mock-assistantchat-1790415937859 count: 0
[90mstdout[2m | src/components/Editor3/Editor.stories.jsx[2m > [22m[2mEmpty Editor Text Formatting
[22m[39m[ChatSidebar] deepCloneMessages: returning empty array
[90mstdout[2m | src/components/Editor3/Editor.stories.jsx[2m > [22m[2mEmpty Editor Text Formatting
[22m[39m[ChatContext] Chat exists and not archived, skipping creation
[90mstdout[2m | src/components/Editor3/Editor.stories.jsx[2m > [22m[2mEmpty Editor Text Formatting
[22m[39m[Mock Storage] downloadData called with: undefined
[90mstdout[2m | src/components/Editor3/Editor.stories.jsx[2m > [22m[2mEditor With Content
[22m[39m[Editor onChange] Skipping save due to tags: [
  "history-merge",
]
[90mstdout[2m | src/components/Editor3/Editor.stories.jsx[2m > [22m[2mEditor With Content
[22m[39m[ChatContext] Cleaning up subscriptions
[90mstdout[2m | src/components/Editor3/Editor.stories.jsx[2m > [22m[2mEditor With Content
[22m[39m[Mock Data] Unit.onUpdate() subscription removed. Remaining: 0
[90mstdout[2m | src/components/Editor3/Editor.stories.jsx[2m > [22m[2mEditor With Content
[22m[39m[useChatPageContext] Cleaning up page context
[90mstdout[2m | src/components/Editor3/Editor.stories.jsx[2m > [22m[2mEditor With Content
[22m[39m[chatTools] Vector store search function registered: false
[90mstdout[2m | src/components/Editor3/Editor.stories.jsx[2m > [22m[2mEditor With Content
[22m[39m[chatTools] Practice drill callback registered: false
[90mstdout[2m | src/components/Editor3/Editor.stories.jsx[2m > [22m[2mEditor With Content
[22m[39m[Preview] Skipped initializing default mock data (initializeMockData=false)
[90mstdout[2m | src/components/Editor3/Editor.stories.jsx[2m > [22m[2mEditor With Content
[22m[39m[Mock Data] seedMockUnit: Adding unit editor-with-content-id
[90mstdout[2m | src/components/Editor3/Editor.stories.jsx[2m > [22m[2mEditor With Content
[22m[39m[MOCK CourseVectorStore] Initialized with mock data
[90mstdout[2m | src/components/Editor3/Editor.stories.jsx[2m > [22m[2mEditor With Content
[22m[39m[useTabState] Initialized with: {
  "leftOpen": false,
  "leftTab": 4,
  "leftWidth": 350,
  "rightOpen": false,
  "rightTab": 5,
  "rightWidth": 350,
} from URL: {} localStorage: null defaults: {
  "defaultLeftTab": 4,
  "defaultRightTab": 5,
}
[90mstdout[2m | src/components/Editor3/Editor.stories.jsx[2m > [22m[2mEditor With Content
[22m[39m[FileManager2] Files received from context: 0 []
[90mstdout[2m | src/components/Editor3/Editor.stories.jsx[2m > [22m[2mEditor With Content
[22m[39m[FileManager2] Upload useEffect triggered. filesToUpload: 0 uploadInProgress: false
[90mstdout[2m | src/components/Editor3/Editor.stories.jsx[2m > [22m[2mEditor With Content
[22m[39m[FileManager2] Skipping upload - no files or already in progress
[90mstdout[2m | src/components/Editor3/Editor.stories.jsx[2m > [22m[2mEditor With Content
[22m[39m[chatTools] Vector store search function registered: true
[90mstdout[2m | src/components/Editor3/Editor.stories.jsx[2m > [22m[2mEditor With Content
[22m[39m[ChatSidebar] Registered vector store search, isReady: false
[90mstdout[2m | src/components/Editor3/Editor.stories.jsx[2m > [22m[2mEditor With Content
[22m[39m[chatTools] Practice drill callback registered: true
[90mstdout[2m | src/components/Editor3/Editor.stories.jsx[2m > [22m[2mEditor With Content
[22m[39m[useChatPageContext] Registering page context: {
  "dictionaryCount": 0,
  "filesCount": 0,
  "hasEditorRef": true,
  "hasUnit": true,
  "hasVectorStoreSearch": true,
  "questionsCount": 0,
  "sectionsCount": 0,
}
[90mstdout[2m | src/components/Editor3/Editor.stories.jsx[2m > [22m[2mEditor With Content
[22m[39m[TranslationModeController] Setting mode to: off
[90mstdout[2m | src/components/Editor3/Editor.stories.jsx[2m > [22m[2mEditor With Content
[22m[39m[UnitContext] useEffect triggered {
  "authLoading": false,
  "hasUser": true,
  "id": "editor-with-content-id",
  "userSub": "mock-user-sub",
}
[90mstdout[2m | src/components/Editor3/Editor.stories.jsx[2m > [22m[2mEditor With Content
[22m[39m[UnitContext] Fetching unit data for id: editor-with-content-id
[90mstdout[2m | src/components/Editor3/Editor.stories.jsx[2m > [22m[2mEditor With Content
[22m[39m[FilesContext] Initializing vector store from IndexedDB
[90mstdout[2m | src/components/Editor3/Editor.stories.jsx[2m > [22m[2mEditor With Content
[22m[39m[FilesContext] fetchFiles called
[90mstdout[2m | src/components/Editor3/Editor.stories.jsx[2m > [22m[2mEditor With Content
[22m[39m[FilesContext] User authenticated: mock-user-sub
[90mstdout[2m | src/components/Editor3/Editor.stories.jsx[2m > [22m[2mEditor With Content
[22m[39m[FilesContext] Identity ID: us-east-1:mock-identity-123
[90mstdout[2m | src/components/Editor3/Editor.stories.jsx[2m > [22m[2mEditor With Content
[22m[39m[FilesContext] About to set up File observeQuery
[90mstdout[2m | src/components/Editor3/Editor.stories.jsx[2m > [22m[2mEditor With Content
[22m[39m[ChatContext] Setting up AssistantChat observeQuery
[90mstdout[2m | src/components/Editor3/Editor.stories.jsx[2m > [22m[2mEditor With Content
[22m[39m[ChatContext] Waiting for subscription to initialize
[90mstdout[2m | src/components/Editor3/Editor.stories.jsx[2m > [22m[2mEditor With Content
[22m[39m[SettingsContext] Setting up Settings subscription for user: mock-user-sub
[90mstdout[2m | src/components/Editor3/Editor.stories.jsx[2m > [22m[2mEditor With Content
[22m[39m[useChatPageContext] Cleaning up page context
[90mstdout[2m | src/components/Editor3/Editor.stories.jsx[2m > [22m[2mEditor With Content
[22m[39m[useChatPageContext] Registering page context: {
  "dictionaryCount": 0,
  "filesCount": 0,
  "hasEditorRef": true,
  "hasUnit": true,
  "hasVectorStoreSearch": true,
  "questionsCount": 0,
  "sectionsCount": 0,
}
[90mstdout[2m | src/components/Editor3/Editor.stories.jsx[2m > [22m[2mEditor With Content
[22m[39m[Editor onChange] Skipping save - no initial state loaded yet
[90mstdout[2m | src/components/Editor3/Editor.stories.jsx[2m > [22m[2mEditor With Content
[22m[39m[Mock Data] Settings created: mock-settings-1790415939308 - notified 0 subscribers
[90mstdout[2m | src/components/Editor3/Editor.stories.jsx[2m > [22m[2mEditor With Content
[22m[39m[Mock Data] Unit.onUpdate() subscription added. Total: 1
[90mstdout[2m | src/components/Editor3/Editor.stories.jsx[2m > [22m[2mEditor With Content
[22m[39m[Mock] CollaborationPlugin rendered with props: {
  "color": "#f59e0b",
  "cursorsContainerRef": {
    "current": <div
      class="jsx-9364b876b91d91fe collaboration-cursors-container"
      style="position: relative;"
    >
      <div
        aria-label="Edit"
        class="editor"
        contenteditable="true"
        data-lexical-editor="true"
        data-tour="editor"
        role="textbox"
        spellcheck="true"
        style="max-width: 100%; outline: none; min-height: 100%; padding: 1rem 2rem 1rem 0.5rem; user-select: text; white-space: pre-wrap; word-break: break-word;"
      />
      <div
        class="jsx-e404209429cec6f3 editor-placeholder"
      >
        Start typing or use the toolbar above to add content...
      </div>
    </div>,
  },
  "provider": YjsDocProvider {
    "awareness": Awareness {
      "_checkInterval": 160,
      "_observers": Map {},
      "clientID": 3308060022,
      "doc": {
        "editorContent": "",
        "metadata": {},
      },
      "meta": Map {
        3308060022 => {
          "clock": 0,
          "lastUpdated": 1790415939052,
        },
      },
      "states": Map {
        3308060022 => {},
      },
    },
    "config": {
      "connect": false,
      "docName": "unit-null",
      "maxBackoffTime": 30000,
      "persistence": false,
      "resyncInterval": 5000,
      "wsUrl": "wss://j5eyo7cpia.execute-api.us-east-1.amazonaws.com/live",
    },
    "defaultConfig": {
      "connect": true,
      "maxBackoffTime": 30000,
      "persistence": true,
      "resyncInterval": 5000,
      "wsUrl": "wss://j5eyo7cpia.execute-api.us-east-1.amazonaws.com/live",
    },
    "docName": "unit-null",
    "hasLoggedConnectionError": false,
    "indexeddb": null,
    "lastStatusLog": "",
    "listeners": Map {
      "doc-reset" => Set {
        [Function handleDocReset],
      },
    },
    "resetCount": 0,
    "wsProvider": null,
    "ydoc": {
      "editorContent": "",
      "metadata": {},
    },
  },
  "username": "mock-user-sub",
}
[90mstdout[2m | src/components/Editor3/Editor.stories.jsx[2m > [22m[2mEditor With Content
[22m[39m[Editor onChange] Skipping save due to tags: [
  "history-merge",
]
[90mstdout[2m | src/components/Editor3/Editor.stories.jsx[2m > [22m[2mEditor With Content
[22m[39m[chatTools] Vector store search function registered: false
[90mstdout[2m | src/components/Editor3/Editor.stories.jsx[2m > [22m[2mEditor With Content
[22m[39m[chatTools] Practice drill callback registered: false
[90mstdout[2m | src/components/Editor3/Editor.stories.jsx[2m > [22m[2mEditor With Content
[22m[39m[useChatPageContext] Cleaning up page context
[90mstdout[2m | src/components/Editor3/Editor.stories.jsx[2m > [22m[2mEditor With Content
[22m[39m[FileManager2] Files received from context: 0 []
[90mstdout[2m | src/components/Editor3/Editor.stories.jsx[2m > [22m[2mEditor With Content
[22m[39m[FileManager2] Upload useEffect triggered. filesToUpload: 0 uploadInProgress: false
[90mstdout[2m | src/components/Editor3/Editor.stories.jsx[2m > [22m[2mEditor With Content
[22m[39m[FileManager2] Skipping upload - no files or already in progress
[90mstdout[2m | src/components/Editor3/Editor.stories.jsx[2m > [22m[2mEditor With Content
[22m[39m[chatTools] Vector store search function registered: true
[90mstdout[2m | src/components/Editor3/Editor.stories.jsx[2m > [22m[2mEditor With Content
[22m[39m[ChatSidebar] Registered vector store search, isReady: false
[90mstdout[2m | src/components/Editor3/Editor.stories.jsx[2m > [22m[2mEditor With Content
[22m[39m[chatTools] Practice drill callback registered: true
[90mstdout[2m | src/components/Editor3/Editor.stories.jsx[2m > [22m[2mEditor With Content
[22m[39m[useChatPageContext] Registering page context: {
  "dictionaryCount": 0,
  "filesCount": 0,
  "hasEditorRef": true,
  "hasUnit": true,
  "hasVectorStoreSearch": true,
  "questionsCount": 0,
  "sectionsCount": 0,
}
[90mstdout[2m | src/components/Editor3/Editor.stories.jsx[2m > [22m[2mEditor With Content
[22m[39m[Mock] CollaborationPlugin rendered with props: {
  "color": "#f59e0b",
  "cursorsContainerRef": {
    "current": <div
      class="jsx-9364b876b91d91fe collaboration-cursors-container"
      style="position: relative;"
    >
      <div
        aria-label="Edit"
        autocapitalize="off"
        class="editor"
        contenteditable="true"
        data-lexical-editor="true"
        data-tour="editor"
        dir="ltr"
        role="textbox"
        spellcheck="true"
        style="max-width: 100%; outline: none; min-height: 100%; padding: 1rem 2rem 1rem 0.5rem; user-select: text; white-space: pre-wrap; word-break: break-word;"
      >
        <h1
          class="LanguageEditorTheme__h1"
          dir="ltr"
        >
          <span
            data-lexical-text="true"
          >
            Welcome to the Language Editor
          </span>
        </h1>
        <p
          class="LanguageEditorTheme__paragraph"
          dir="ltr"
        >
          <span
            data-lexical-text="true"
          >
            This is a sample paragraph. You can edit, format, and add various types of content here.
          </span>
        </p>
      </div>
    </div>,
  },
  "provider": YjsDocProvider {
    "awareness": Awareness {
      "_checkInterval": 160,
      "_observers": Map {},
      "clientID": 3308060022,
      "doc": {
        "editorContent": "",
        "metadata": {},
      },
      "meta": Map {
        3308060022 => {
          "clock": 0,
          "lastUpdated": 1790415939052,
        },
      },
      "states": Map {
        3308060022 => {},
      },
    },
    "config": {
      "connect": false,
      "docName": "unit-null",
      "maxBackoffTime": 30000,
      "persistence": false,
      "resyncInterval": 5000,
      "wsUrl": "wss://j5eyo7cpia.execute-api.us-east-1.amazonaws.com/live",
    },
    "defaultConfig": {
      "connect": true,
      "maxBackoffTime": 30000,
      "persistence": true,
      "resyncInterval": 5000,
      "wsUrl": "wss://j5eyo7cpia.execute-api.us-east-1.amazonaws.com/live",
    },
    "docName": "unit-null",
    "hasLoggedConnectionError": false,
    "indexeddb": null,
    "lastStatusLog": "",
    "listeners": Map {
      "doc-reset" => Set {
        [Function handleDocReset],
      },
    },
    "resetCount": 0,
    "wsProvider": null,
    "ydoc": {
      "editorContent": "",
      "metadata": {},
    },
  },
  "username": "mock-user-sub",
}
[90mstdout[2m | src/components/Editor3/Editor.stories.jsx[2m > [22m[2mEditor With Content
[22m[39m[useChatPageContext] Cleaning up page context
[90mstdout[2m | src/components/Editor3/Editor.stories.jsx[2m > [22m[2mEditor With Content
[22m[39m[useChatPageContext] Registering page context: {
  "dictionaryCount": 0,
  "filesCount": 0,
  "hasEditorRef": true,
  "hasUnit": true,
  "hasVectorStoreSearch": true,
  "questionsCount": 0,
  "sectionsCount": 0,
}
[90mstdout[2m | src/components/Editor3/Editor.stories.jsx[2m > [22m[2mEditor With Content
[22m[39m[Mock] CollaborationPlugin rendered with props: {
  "color": "#f59e0b",
  "cursorsContainerRef": {
    "current": <div
      class="jsx-9364b876b91d91fe collaboration-cursors-container"
      style="position: relative;"
    >
      <div
        aria-label="Edit"
        autocapitalize="off"
        class="editor"
        contenteditable="true"
        data-lexical-editor="true"
        data-tour="editor"
        dir="ltr"
        role="textbox"
        spellcheck="true"
        style="max-width: 100%; outline: none; min-height: 100%; padding: 1rem 2rem 1rem 0.5rem; user-select: text; white-space: pre-wrap; word-break: break-word;"
      >
        <h1
          class="LanguageEditorTheme__h1"
          dir="ltr"
        >
          <span
            data-lexical-text="true"
          >
            Welcome to the Language Editor
          </span>
        </h1>
        <p
          class="LanguageEditorTheme__paragraph"
          dir="ltr"
        >
          <span
            data-lexical-text="true"
          >
            This is a sample paragraph. You can edit, format, and add various types of content here.
          </span>
        </p>
      </div>
    </div>,
  },
  "provider": YjsDocProvider {
    "awareness": Awareness {
      "_checkInterval": 160,
      "_observers": Map {},
      "clientID": 3308060022,
      "doc": {
        "editorContent": "",
        "metadata": {},
      },
      "meta": Map {
        3308060022 => {
          "clock": 0,
          "lastUpdated": 1790415939052,
        },
      },
      "states": Map {
        3308060022 => {},
      },
    },
    "config": {
      "connect": false,
      "docName": "unit-null",
      "maxBackoffTime": 30000,
      "persistence": false,
      "resyncInterval": 5000,
      "wsUrl": "wss://j5eyo7cpia.execute-api.us-east-1.amazonaws.com/live",
    },
    "defaultConfig": {
      "connect": true,
      "maxBackoffTime": 30000,
      "persistence": true,
      "resyncInterval": 5000,
      "wsUrl": "wss://j5eyo7cpia.execute-api.us-east-1.amazonaws.com/live",
    },
    "docName": "unit-null",
    "hasLoggedConnectionError": false,
    "indexeddb": null,
    "lastStatusLog": "",
    "listeners": Map {
      "doc-reset" => Set {
        [Function handleDocReset],
      },
    },
    "resetCount": 0,
    "wsProvider": null,
    "ydoc": {
      "editorContent": "",
      "metadata": {},
    },
  },
  "username": "mock-user-sub",
}
[90mstdout[2m | src/components/Editor3/Editor.stories.jsx[2m > [22m[2mEditor With Content
[22m[39m[Editor onChange] State changed, saving
[90mstdout[2m | src/components/Editor3/Editor.stories.jsx[2m > [22m[2mEditor With Content
[22m[39m[Mock] CollaborationPlugin rendered with props: {
  "color": "#f59e0b",
  "cursorsContainerRef": {
    "current": <div
      class="jsx-9364b876b91d91fe collaboration-cursors-container"
      style="position: relative;"
    >
      <div
        aria-label="Edit"
        class="editor"
        contenteditable="true"
        data-lexical-editor="true"
        data-tour="editor"
        dir="ltr"
        role="textbox"
        spellcheck="true"
        style="max-width: 100%; outline: none; min-height: 100%; padding: 1rem 2rem 1rem 0.5rem; user-select: text; white-space: pre-wrap; word-break: break-word;"
      >
        <h1
          class="LanguageEditorTheme__h1"
          dir="ltr"
        >
          <span
            data-lexical-text="true"
          >
            Welcome to the Language Editor
          </span>
        </h1>
        <p
          class="LanguageEditorTheme__paragraph"
          dir="ltr"
        >
          <span
            data-lexical-text="true"
          >
            This is a sample paragraph. You can edit, format, and add various types of content here.
          </span>
        </p>
      </div>
    </div>,
  },
  "provider": YjsDocProvider {
    "awareness": Awareness {
      "_checkInterval": 160,
      "_observers": Map {},
      "clientID": 3308060022,
      "doc": {
        "editorContent": "",
        "metadata": {},
      },
      "meta": Map {
        3308060022 => {
          "clock": 0,
          "lastUpdated": 1790415939052,
        },
      },
      "states": Map {
        3308060022 => {},
      },
    },
    "config": {
      "connect": false,
      "docName": "unit-null",
      "maxBackoffTime": 30000,
      "persistence": false,
      "resyncInterval": 5000,
      "wsUrl": "wss://j5eyo7cpia.execute-api.us-east-1.amazonaws.com/live",
    },
    "defaultConfig": {
      "connect": true,
      "maxBackoffTime": 30000,
      "persistence": true,
      "resyncInterval": 5000,
      "wsUrl": "wss://j5eyo7cpia.execute-api.us-east-1.amazonaws.com/live",
    },
    "docName": "unit-null",
    "hasLoggedConnectionError": false,
    "indexeddb": null,
    "lastStatusLog": "",
    "listeners": Map {
      "doc-reset" => Set {
        [Function handleDocReset],
      },
    },
    "resetCount": 0,
    "wsProvider": null,
    "ydoc": {
      "editorContent": "",
      "metadata": {},
    },
  },
  "username": "mock-user-sub",
}
[90mstdout[2m | src/components/Editor3/Editor.stories.jsx[2m > [22m[2mEditor With Content
[22m[39m[SectionContext] Section observeQuery update: 0
[90mstdout[2m | src/components/Editor3/Editor.stories.jsx[2m > [22m[2mEditor With Content
[22m[39m[FilesContext] File observeQuery update: 0 files
[90mstdout[2m | src/components/Editor3/Editor.stories.jsx[2m > [22m[2mEditor With Content
[22m[39m[ChatContext] AssistantChat initialized with 0 chats
[90mstdout[2m | src/components/Editor3/Editor.stories.jsx[2m > [22m[2mEditor With Content
[22m[39m[MOCK CourseVectorStore] Initialized with mock data
[90mstdout[2m | src/components/Editor3/Editor.stories.jsx[2m > [22m[2mEditor With Content
[22m[39m[Mock] CollaborationPlugin rendered with props: {
  "color": "#f59e0b",
  "cursorsContainerRef": {
    "current": <div
      class="jsx-9364b876b91d91fe collaboration-cursors-container"
      style="position: relative;"
    >
      <div
        aria-label="Edit"
        class="editor"
        contenteditable="true"
        data-lexical-editor="true"
        data-tour="editor"
        dir="ltr"
        role="textbox"
        spellcheck="true"
        style="max-width: 100%; outline: none; min-height: 100%; padding: 1rem 2rem 1rem 0.5rem; user-select: text; white-space: pre-wrap; word-break: break-word;"
      >
        <h1
          class="LanguageEditorTheme__h1"
          dir="ltr"
        >
          <span
            data-lexical-text="true"
          >
            Welcome to the Language Editor
          </span>
        </h1>
        <p
          class="LanguageEditorTheme__paragraph"
          dir="ltr"
        >
          <span
            data-lexical-text="true"
          >
            This is a sample paragraph. You can edit, format, and add various types of content here.
          </span>
        </p>
      </div>
    </div>,
  },
  "provider": YjsDocProvider {
    "awareness": Awareness {
      "_checkInterval": 160,
      "_observers": Map {},
      "clientID": 3308060022,
      "doc": {
        "editorContent": "",
        "metadata": {},
      },
      "meta": Map {
        3308060022 => {
          "clock": 0,
          "lastUpdated": 1790415939052,
        },
      },
      "states": Map {
        3308060022 => {},
      },
    },
    "config": {
      "connect": false,
      "docName": "unit-null",
      "maxBackoffTime": 30000,
      "persistence": false,
      "resyncInterval": 5000,
      "wsUrl": "wss://j5eyo7cpia.execute-api.us-east-1.amazonaws.com/live",
    },
    "defaultConfig": {
      "connect": true,
      "maxBackoffTime": 30000,
      "persistence": true,
      "resyncInterval": 5000,
      "wsUrl": "wss://j5eyo7cpia.execute-api.us-east-1.amazonaws.com/live",
    },
    "docName": "unit-null",
    "hasLoggedConnectionError": false,
    "indexeddb": null,
    "lastStatusLog": "",
    "listeners": Map {
      "doc-reset" => Set {
        [Function handleDocReset],
      },
    },
    "resetCount": 0,
    "wsProvider": null,
    "ydoc": {
      "editorContent": "",
      "metadata": {},
    },
  },
  "username": "mock-user-sub",
}
[90mstdout[2m | src/components/Editor3/Editor.stories.jsx[2m > [22m[2mEditor With Content
[22m[39m[FileManager2] Files received from context: 0 []
[90mstdout[2m | src/components/Editor3/Editor.stories.jsx[2m > [22m[2mEditor With Content
[22m[39m[ChatContext] No current chat available, will create one
[90mstdout[2m | src/components/Editor3/Editor.stories.jsx[2m > [22m[2mEditor With Content
[22m[39m[ChatContext] Creating AssistantChat with user: undefined
[90mstdout[2m | src/components/Editor3/Editor.stories.jsx[2m > [22m[2mEditor With Content
[22m[39m[Mock Data] AssistantChat created: mock-assistantchat-1790415940230 - notified 1 subscribers
[90mstdout[2m | src/components/Editor3/Editor.stories.jsx[2m > [22m[2mEditor With Content
[22m[39m[Mock] CollaborationPlugin rendered with props: {
  "color": "#f59e0b",
  "cursorsContainerRef": {
    "current": <div
      class="jsx-9364b876b91d91fe collaboration-cursors-container"
      style="position: relative;"
    >
      <div
        aria-label="Edit"
        class="editor"
        contenteditable="true"
        data-lexical-editor="true"
        data-tour="editor"
        dir="ltr"
        role="textbox"
        spellcheck="true"
        style="max-width: 100%; outline: none; min-height: 100%; padding: 1rem 2rem 1rem 0.5rem; user-select: text; white-space: pre-wrap; word-break: break-word;"
      >
        <h1
          class="LanguageEditorTheme__h1"
          dir="ltr"
        >
          <span
            data-lexical-text="true"
          >
            Welcome to the Language Editor
          </span>
        </h1>
        <p
          class="LanguageEditorTheme__paragraph"
          dir="ltr"
        >
          <span
            data-lexical-text="true"
          >
            This is a sample paragraph. You can edit, format, and add various types of content here.
          </span>
        </p>
      </div>
    </div>,
  },
  "provider": YjsDocProvider {
    "awareness": Awareness {
      "_checkInterval": 160,
      "_observers": Map {},
      "clientID": 3308060022,
      "doc": {
        "editorContent": "",
        "metadata": {},
      },
      "meta": Map {
        3308060022 => {
          "clock": 0,
          "lastUpdated": 1790415939052,
        },
      },
      "states": Map {
        3308060022 => {},
      },
    },
    "config": {
      "connect": false,
      "docName": "unit-null",
      "maxBackoffTime": 30000,
      "persistence": false,
      "resyncInterval": 5000,
      "wsUrl": "wss://j5eyo7cpia.execute-api.us-east-1.amazonaws.com/live",
    },
    "defaultConfig": {
      "connect": true,
      "maxBackoffTime": 30000,
      "persistence": true,
      "resyncInterval": 5000,
      "wsUrl": "wss://j5eyo7cpia.execute-api.us-east-1.amazonaws.com/live",
    },
    "docName": "unit-null",
    "hasLoggedConnectionError": false,
    "indexeddb": null,
    "lastStatusLog": "",
    "listeners": Map {
      "doc-reset" => Set {
        [Function handleDocReset],
      },
    },
    "resetCount": 0,
    "wsProvider": null,
    "ydoc": {
      "editorContent": "",
      "metadata": {},
    },
  },
  "username": "mock-user-sub",
}
[90mstdout[2m | src/components/Editor3/Editor.stories.jsx[2m > [22m[2mEditor With Content
[22m[39m[ChatContext] Create result: {
  "data": {
    "_version": 1,
    "archived": false,
    "chatFiles": [Function anonymous],
    "createdAt": "2026-09-26T09:45:40.230Z",
    "id": "mock-assistantchat-1790415940230",
    "model": "gpt-4",
    "updatedAt": "2026-09-26T09:45:40.230Z",
  },
  "errors": [],
  "hasData": true,
  "hasErrors": true,
}
[90mstdout[2m | src/components/Editor3/Editor.stories.jsx[2m > [22m[2mEditor With Content
[22m[39m[ChatContext] Created AssistantChat: mock-assistantchat-1790415940230 at: 2026-09-26T09:45:40.230Z
[90mstdout[2m | src/components/Editor3/Editor.stories.jsx[2m > [22m[2mEditor With Content
[22m[39m[Mock Storage] downloadData called with: undefined
[90mstdout[2m | src/components/Editor3/Editor.stories.jsx[2m > [22m[2mEditor With Content
[22m[39m[ChatContext] Setting initial chat: mock-assistantchat-1790415940230
[90mstdout[2m | src/components/Editor3/Editor.stories.jsx[2m > [22m[2mEditor With Content
[22m[39m[Mock] CollaborationPlugin rendered with props: {
  "color": "#f59e0b",
  "cursorsContainerRef": {
    "current": <div
      class="jsx-9364b876b91d91fe collaboration-cursors-container"
      style="position: relative;"
    >
      <div
        aria-label="Edit"
        class="editor"
        contenteditable="true"
        data-lexical-editor="true"
        data-tour="editor"
        dir="ltr"
        role="textbox"
        spellcheck="true"
        style="max-width: 100%; outline: none; min-height: 100%; padding: 1rem 2rem 1rem 0.5rem; user-select: text; white-space: pre-wrap; word-break: break-word;"
      >
        <h1
          class="LanguageEditorTheme__h1"
          dir="ltr"
        >
          <span
            data-lexical-text="true"
          >
            Welcome to the Language Editor
          </span>
        </h1>
        <p
          class="LanguageEditorTheme__paragraph"
          dir="ltr"
        >
          <span
            data-lexical-text="true"
          >
            This is a sample paragraph. You can edit, format, and add various types of content here.
          </span>
        </p>
      </div>
    </div>,
  },
  "provider": YjsDocProvider {
    "awareness": Awareness {
      "_checkInterval": 160,
      "_observers": Map {},
      "clientID": 3308060022,
      "doc": {
        "editorContent": "",
        "metadata": {},
      },
      "meta": Map {
        3308060022 => {
          "clock": 0,
          "lastUpdated": 1790415939052,
        },
      },
      "states": Map {
        3308060022 => {},
      },
    },
    "config": {
      "connect": false,
      "docName": "unit-null",
      "maxBackoffTime": 30000,
      "persistence": false,
      "resyncInterval": 5000,
      "wsUrl": "wss://j5eyo7cpia.execute-api.us-east-1.amazonaws.com/live",
    },
    "defaultConfig": {
      "connect": true,
      "maxBackoffTime": 30000,
      "persistence": true,
      "resyncInterval": 5000,
      "wsUrl": "wss://j5eyo7cpia.execute-api.us-east-1.amazonaws.com/live",
    },
    "docName": "unit-null",
    "hasLoggedConnectionError": false,
    "indexeddb": null,
    "lastStatusLog": "",
    "listeners": Map {
      "doc-reset" => Set {
        [Function handleDocReset],
      },
    },
    "resetCount": 0,
    "wsProvider": null,
    "ydoc": {
      "editorContent": "",
      "metadata": {},
    },
  },
  "username": "mock-user-sub",
}
[90mstdout[2m | src/components/Editor3/Editor.stories.jsx[2m > [22m[2mEditor With Content
[22m[39m[ChatSidebar] Loading messages for chat: mock-assistantchat-1790415940230 count: 0
[90mstdout[2m | src/components/Editor3/Editor.stories.jsx[2m > [22m[2mEditor With Content
[22m[39m[ChatSidebar] deepCloneMessages: returning empty array
[90mstdout[2m | src/components/Editor3/Editor.stories.jsx[2m > [22m[2mEditor With Content
[22m[39m[ChatContext] Chat exists and not archived, skipping creation
[90mstdout[2m | src/components/Editor3/Editor.stories.jsx[2m > [22m[2mKeyboard Shortcuts Test
[22m[39mfetchSuggestion called with prompt: This is a sample paragraph. You can edit, format, and add various types of content here.
[90mstdout[2m | src/components/Editor3/Editor.stories.jsx[2m > [22m[2mKeyboard Shortcuts Test
[22m[39mMaking API call to /api/content-completion...
[90mstdout[2m | src/components/Editor3/Editor.stories.jsx[2m > [22m[2mKeyboard Shortcuts Test
[22m[39m[Mock Fetch] Intercepted /api/content-completion
[90mstdout[2m | src/components/Editor3/Editor.stories.jsx[2m > [22m[2mKeyboard Shortcuts Test
[22m[39m[Editor onChange] State changed, saving
[90mstdout[2m | src/components/Editor3/Editor.stories.jsx[2m > [22m[2mKeyboard Shortcuts Test
[22m[39mStarting to stream response...
[90mstdout[2m | src/components/Editor3/Editor.stories.jsx[2m > [22m[2mKeyboard Shortcuts Test
[22m[39mStreaming chunk, total length: 5
[90mstdout[2m | src/components/Editor3/Editor.stories.jsx[2m > [22m[2mKeyboard Shortcuts Test
[22m[39mupdateSuggestion called with text: This 
[90mstdout[2m | src/components/Editor3/Editor.stories.jsx[2m > [22m[2mKeyboard Shortcuts Test
[22m[39mReplacing existing node with suggestion
[90mstdout[2m | src/components/Editor3/Editor.stories.jsx[2m > [22m[2mKeyboard Shortcuts Test
[22m[39mAIContentSuggestionComponent rendering with suggestion: This 
[90mstdout[2m | src/components/Editor3/Editor.stories.jsx[2m > [22m[2mKeyboard Shortcuts Test
[22m[39mStreaming chunk, total length: 8
[90mstdout[2m | src/components/Editor3/Editor.stories.jsx[2m > [22m[2mKeyboard Shortcuts Test
[22m[39mupdateSuggestion called with text: This is 
[90mstdout[2m | src/components/Editor3/Editor.stories.jsx[2m > [22m[2mKeyboard Shortcuts Test
[22m[39mUpdating existing suggestion node in place
[90mstdout[2m | src/components/Editor3/Editor.stories.jsx[2m > [22m[2mKeyboard Shortcuts Test
[22m[39mAIContentSuggestionComponent rendering with suggestion: This is 
[90mstdout[2m | src/components/Editor3/Editor.stories.jsx[2m > [22m[2mKeyboard Shortcuts Test
[22m[39m[Editor onChange] State changed, saving
[90mstdout[2m | src/components/Editor3/Editor.stories.jsx[2m > [22m[2mKeyboard Shortcuts Test
[22m[39m[ChatContext] Cleaning up subscriptions
[90mstdout[2m | src/components/Editor3/Editor.stories.jsx[2m > [22m[2mKeyboard Shortcuts Test
[22m[39m[Mock Data] Unit.onUpdate() subscription removed. Remaining: 0
[90mstdout[2m | src/components/Editor3/Editor.stories.jsx[2m > [22m[2mKeyboard Shortcuts Test
[22m[39m[useChatPageContext] Cleaning up page context
[90mstdout[2m | src/components/Editor3/Editor.stories.jsx[2m > [22m[2mKeyboard Shortcuts Test
[22m[39m[chatTools] Vector store search function registered: false
[90mstdout[2m | src/components/Editor3/Editor.stories.jsx[2m > [22m[2mKeyboard Shortcuts Test
[22m[39m[chatTools] Practice drill callback registered: false
[90mstdout[2m | src/components/Editor3/Editor.stories.jsx[2m > [22m[2mKeyboard Shortcuts Test
[22m[39m[Preview] Skipped initializing default mock data (initializeMockData=false)
[90mstdout[2m | src/components/Editor3/Editor.stories.jsx[2m > [22m[2mKeyboard Shortcuts Test
[22m[39m[Mock Data] seedMockUnit: Adding unit keyboard-shortcuts-test-id
[90mstdout[2m | src/components/Editor3/Editor.stories.jsx[2m > [22m[2mKeyboard Shortcuts Test
[22m[39mStreaming chunk, total length: 10
[90mstdout[2m | src/components/Editor3/Editor.stories.jsx[2m > [22m[2mKeyboard Shortcuts Test
[22m[39mupdateSuggestion called with text: This is a 
[90mstdout[2m | src/components/Editor3/Editor.stories.jsx[2m > [22m[2mKeyboard Shortcuts Test
[22m[39mUpdating existing suggestion node in place
[90mstdout[2m | src/components/Editor3/Editor.stories.jsx[2m > [22m[2mKeyboard Shortcuts Test
[22m[39m[MOCK CourseVectorStore] Initialized with mock data
[90mstdout[2m | src/components/Editor3/Editor.stories.jsx[2m > [22m[2mKeyboard Shortcuts Test
[22m[39m[useTabState] Initialized with: {
  "leftOpen": false,
  "leftTab": 4,
  "leftWidth": 350,
  "rightOpen": false,
  "rightTab": 5,
  "rightWidth": 350,
} from URL: {} localStorage: null defaults: {
  "defaultLeftTab": 4,
  "defaultRightTab": 5,
}
[90mstdout[2m | src/components/Editor3/Editor.stories.jsx[2m > [22m[2mKeyboard Shortcuts Test
[22m[39m[FileManager2] Files received from context: 0 []
[90mstdout[2m | src/components/Editor3/Editor.stories.jsx[2m > [22m[2mKeyboard Shortcuts Test
[22m[39m[FileManager2] Upload useEffect triggered. filesToUpload: 0 uploadInProgress: false
[90mstdout[2m | src/components/Editor3/Editor.stories.jsx[2m > [22m[2mKeyboard Shortcuts Test
[22m[39m[FileManager2] Skipping upload - no files or already in progress
[90mstdout[2m | src/components/Editor3/Editor.stories.jsx[2m > [22m[2mKeyboard Shortcuts Test
[22m[39m[chatTools] Vector store search function registered: true
[90mstdout[2m | src/components/Editor3/Editor.stories.jsx[2m > [22m[2mKeyboard Shortcuts Test
[22m[39m[ChatSidebar] Registered vector store search, isReady: false
[90mstdout[2m | src/components/Editor3/Editor.stories.jsx[2m > [22m[2mKeyboard Shortcuts Test
[22m[39m[chatTools] Practice drill callback registered: true
[90mstdout[2m | src/components/Editor3/Editor.stories.jsx[2m > [22m[2mKeyboard Shortcuts Test
[22m[39m[useChatPageContext] Registering page context: {
  "dictionaryCount": 0,
  "filesCount": 0,
  "hasEditorRef": true,
  "hasUnit": true,
  "hasVectorStoreSearch": true,
  "questionsCount": 0,
  "sectionsCount": 0,
}
[90mstdout[2m | src/components/Editor3/Editor.stories.jsx[2m > [22m[2mKeyboard Shortcuts Test
[22m[39m[TranslationModeController] Setting mode to: off
[90mstdout[2m | src/components/Editor3/Editor.stories.jsx[2m > [22m[2mKeyboard Shortcuts Test
[22m[39m[UnitContext] useEffect triggered {
  "authLoading": false,
  "hasUser": true,
  "id": "keyboard-shortcuts-test-id",
  "userSub": "mock-user-sub",
}
[90mstdout[2m | src/components/Editor3/Editor.stories.jsx[2m > [22m[2mKeyboard Shortcuts Test
[22m[39m[UnitContext] Fetching unit data for id: keyboard-shortcuts-test-id
[90mstdout[2m | src/components/Editor3/Editor.stories.jsx[2m > [22m[2mKeyboard Shortcuts Test
[22m[39m[FilesContext] Initializing vector store from IndexedDB
[90mstdout[2m | src/components/Editor3/Editor.stories.jsx[2m > [22m[2mKeyboard Shortcuts Test
[22m[39m[FilesContext] fetchFiles called
[90mstdout[2m | src/components/Editor3/Editor.stories.jsx[2m > [22m[2mKeyboard Shortcuts Test
[22m[39m[FilesContext] User authenticated: mock-user-sub
[90mstdout[2m | src/components/Editor3/Editor.stories.jsx[2m > [22m[2mKeyboard Shortcuts Test
[22m[39m[FilesContext] Identity ID: us-east-1:mock-identity-123
[90mstdout[2m | src/components/Editor3/Editor.stories.jsx[2m > [22m[2mKeyboard Shortcuts Test
[22m[39m[FilesContext] About to set up File observeQuery
[90mstdout[2m | src/components/Editor3/Editor.stories.jsx[2m > [22m[2mKeyboard Shortcuts Test
[22m[39m[ChatContext] Setting up AssistantChat observeQuery
[90mstdout[2m | src/components/Editor3/Editor.stories.jsx[2m > [22m[2mKeyboard Shortcuts Test
[22m[39m[ChatContext] Waiting for subscription to initialize
[90mstdout[2m | src/components/Editor3/Editor.stories.jsx[2m > [22m[2mKeyboard Shortcuts Test
[22m[39m[SettingsContext] Setting up Settings subscription for user: mock-user-sub
[90mstdout[2m | src/components/Editor3/Editor.stories.jsx[2m > [22m[2mKeyboard Shortcuts Test
[22m[39m[useChatPageContext] Cleaning up page context
[90mstdout[2m | src/components/Editor3/Editor.stories.jsx[2m > [22m[2mKeyboard Shortcuts Test
[22m[39m[useChatPageContext] Registering page context: {
  "dictionaryCount": 0,
  "filesCount": 0,
  "hasEditorRef": true,
  "hasUnit": true,
  "hasVectorStoreSearch": true,
  "questionsCount": 0,
  "sectionsCount": 0,
}
[90mstdout[2m | src/components/Editor3/Editor.stories.jsx[2m > [22m[2mKeyboard Shortcuts Test
[22m[39m[Editor onChange] Skipping save - no initial state loaded yet
[90mstdout[2m | src/components/Editor3/Editor.stories.jsx[2m > [22m[2mKeyboard Shortcuts Test
[22m[39m[Mock Data] Settings created: mock-settings-1790415941280 - notified 0 subscribers
[90mstdout[2m | src/components/Editor3/Editor.stories.jsx[2m > [22m[2mKeyboard Shortcuts Test
[22m[39m[Mock Data] Unit.onUpdate() subscription added. Total: 1
[90mstdout[2m | src/components/Editor3/Editor.stories.jsx[2m > [22m[2mKeyboard Shortcuts Test
[22m[39m[Mock] CollaborationPlugin rendered with props: {
  "color": "#f59e0b",
  "cursorsContainerRef": {
    "current": <div
      class="jsx-9364b876b91d91fe collaboration-cursors-container"
      style="position: relative;"
    >
      <div
        aria-label="Edit"
        class="editor"
        contenteditable="true"
        data-lexical-editor="true"
        data-tour="editor"
        role="textbox"
        spellcheck="true"
        style="max-width: 100%; outline: none; min-height: 100%; padding: 1rem 2rem 1rem 0.5rem; user-select: text; white-space: pre-wrap; word-break: break-word;"
      />
      <div
        class="jsx-e404209429cec6f3 editor-placeholder"
      >
        Start typing or use the toolbar above to add content...
      </div>
    </div>,
  },
  "provider": YjsDocProvider {
    "awareness": Awareness {
      "_checkInterval": 317,
      "_observers": Map {},
      "clientID": 3941729542,
      "doc": {
        "editorContent": "",
        "metadata": {},
      },
      "meta": Map {
        3941729542 => {
          "clock": 0,
          "lastUpdated": 1790415941006,
        },
      },
      "states": Map {
        3941729542 => {},
      },
    },
    "config": {
      "connect": false,
      "docName": "unit-null",
      "maxBackoffTime": 30000,
      "persistence": false,
      "resyncInterval": 5000,
      "wsUrl": "wss://j5eyo7cpia.execute-api.us-east-1.amazonaws.com/live",
    },
    "defaultConfig": {
      "connect": true,
      "maxBackoffTime": 30000,
      "persistence": true,
      "resyncInterval": 5000,
      "wsUrl": "wss://j5eyo7cpia.execute-api.us-east-1.amazonaws.com/live",
    },
    "docName": "unit-null",
    "hasLoggedConnectionError": false,
    "indexeddb": null,
    "lastStatusLog": "",
    "listeners": Map {
      "doc-reset" => Set {
        [Function handleDocReset],
      },
    },
    "resetCount": 0,
    "wsProvider": null,
    "ydoc": {
      "editorContent": "",
      "metadata": {},
    },
  },
  "username": "mock-user-sub",
}
[90mstdout[2m | src/components/Editor3/Editor.stories.jsx[2m > [22m[2mKeyboard Shortcuts Test
[22m[39m[Editor onChange] Skipping save due to tags: [
  "history-merge",
]
[90mstdout[2m | src/components/Editor3/Editor.stories.jsx[2m > [22m[2mKeyboard Shortcuts Test
[22m[39m[chatTools] Vector store search function registered: false
[90mstdout[2m | src/components/Editor3/Editor.stories.jsx[2m > [22m[2mKeyboard Shortcuts Test
[22m[39m[chatTools] Practice drill callback registered: false
[90mstdout[2m | src/components/Editor3/Editor.stories.jsx[2m > [22m[2mKeyboard Shortcuts Test
[22m[39m[useChatPageContext] Cleaning up page context
[90mstdout[2m | src/components/Editor3/Editor.stories.jsx[2m > [22m[2mKeyboard Shortcuts Test
[22m[39m[FileManager2] Files received from context: 0 []
[90mstdout[2m | src/components/Editor3/Editor.stories.jsx[2m > [22m[2mKeyboard Shortcuts Test
[22m[39m[FileManager2] Upload useEffect triggered. filesToUpload: 0 uploadInProgress: false
[90mstdout[2m | src/components/Editor3/Editor.stories.jsx[2m > [22m[2mKeyboard Shortcuts Test
[22m[39m[FileManager2] Skipping upload - no files or already in progress
[90mstdout[2m | src/components/Editor3/Editor.stories.jsx[2m > [22m[2mKeyboard Shortcuts Test
[22m[39m[chatTools] Vector store search function registered: true
[90mstdout[2m | src/components/Editor3/Editor.stories.jsx[2m > [22m[2mKeyboard Shortcuts Test
[22m[39m[ChatSidebar] Registered vector store search, isReady: false
[90mstdout[2m | src/components/Editor3/Editor.stories.jsx[2m > [22m[2mKeyboard Shortcuts Test
[22m[39m[chatTools] Practice drill callback registered: true
[90mstdout[2m | src/components/Editor3/Editor.stories.jsx[2m > [22m[2mKeyboard Shortcuts Test
[22m[39m[useChatPageContext] Registering page context: {
  "dictionaryCount": 0,
  "filesCount": 0,
  "hasEditorRef": true,
  "hasUnit": true,
  "hasVectorStoreSearch": true,
  "questionsCount": 0,
  "sectionsCount": 0,
}
[90mstdout[2m | src/components/Editor3/Editor.stories.jsx[2m > [22m[2mKeyboard Shortcuts Test
[22m[39m[Mock] CollaborationPlugin rendered with props: {
  "color": "#f59e0b",
  "cursorsContainerRef": {
    "current": <div
      class="jsx-9364b876b91d91fe collaboration-cursors-container"
      style="position: relative;"
    >
      <div
        aria-label="Edit"
        autocapitalize="off"
        class="editor"
        contenteditable="true"
        data-lexical-editor="true"
        data-tour="editor"
        role="textbox"
        spellcheck="true"
        style="max-width: 100%; outline: none; min-height: 100%; padding: 1rem 2rem 1rem 0.5rem; user-select: text; white-space: pre-wrap; word-break: break-word;"
      />
      <div
        class="jsx-e404209429cec6f3 editor-placeholder"
      >
        Start typing or use the toolbar above to add content...
      </div>
    </div>,
  },
  "provider": YjsDocProvider {
    "awareness": Awareness {
      "_checkInterval": 317,
      "_observers": Map {},
      "clientID": 3941729542,
      "doc": {
        "editorContent": "",
        "metadata": {},
      },
      "meta": Map {
        3941729542 => {
          "clock": 0,
          "lastUpdated": 1790415941006,
        },
      },
      "states": Map {
        3941729542 => {},
      },
    },
    "config": {
      "connect": false,
      "docName": "unit-null",
      "maxBackoffTime": 30000,
      "persistence": false,
      "resyncInterval": 5000,
      "wsUrl": "wss://j5eyo7cpia.execute-api.us-east-1.amazonaws.com/live",
    },
    "defaultConfig": {
      "connect": true,
      "maxBackoffTime": 30000,
      "persistence": true,
      "resyncInterval": 5000,
      "wsUrl": "wss://j5eyo7cpia.execute-api.us-east-1.amazonaws.com/live",
    },
    "docName": "unit-null",
    "hasLoggedConnectionError": false,
    "indexeddb": null,
    "lastStatusLog": "",
    "listeners": Map {
      "doc-reset" => Set {
        [Function handleDocReset],
      },
    },
    "resetCount": 0,
    "wsProvider": null,
    "ydoc": {
      "editorContent": "",
      "metadata": {},
    },
  },
  "username": "mock-user-sub",
}
[90mstdout[2m | src/components/Editor3/Editor.stories.jsx[2m > [22m[2mKeyboard Shortcuts Test
[22m[39m[useChatPageContext] Cleaning up page context
[90mstdout[2m | src/components/Editor3/Editor.stories.jsx[2m > [22m[2mKeyboard Shortcuts Test
[22m[39m[useChatPageContext] Registering page context: {
  "dictionaryCount": 0,
  "filesCount": 0,
  "hasEditorRef": true,
  "hasUnit": true,
  "hasVectorStoreSearch": true,
  "questionsCount": 0,
  "sectionsCount": 0,
}
[90mstdout[2m | src/components/Editor3/Editor.stories.jsx[2m > [22m[2mKeyboard Shortcuts Test
[22m[39m[Mock] CollaborationPlugin rendered with props: {
  "color": "#f59e0b",
  "cursorsContainerRef": {
    "current": <div
      class="jsx-9364b876b91d91fe collaboration-cursors-container"
      style="position: relative;"
    >
      <div
        aria-label="Edit"
        autocapitalize="off"
        class="editor"
        contenteditable="true"
        data-lexical-editor="true"
        data-tour="editor"
        role="textbox"
        spellcheck="true"
        style="max-width: 100%; outline: none; min-height: 100%; padding: 1rem 2rem 1rem 0.5rem; user-select: text; white-space: pre-wrap; word-break: break-word;"
      />
      <div
        class="jsx-e404209429cec6f3 editor-placeholder"
      >
        Start typing or use the toolbar above to add content...
      </div>
    </div>,
  },
  "provider": YjsDocProvider {
    "awareness": Awareness {
      "_checkInterval": 317,
      "_observers": Map {},
      "clientID": 3941729542,
      "doc": {
        "editorContent": "",
        "metadata": {},
      },
      "meta": Map {
        3941729542 => {
          "clock": 0,
          "lastUpdated": 1790415941006,
        },
      },
      "states": Map {
        3941729542 => {},
      },
    },
    "config": {
      "connect": false,
      "docName": "unit-null",
      "maxBackoffTime": 30000,
      "persistence": false,
      "resyncInterval": 5000,
      "wsUrl": "wss://j5eyo7cpia.execute-api.us-east-1.amazonaws.com/live",
    },
    "defaultConfig": {
      "connect": true,
      "maxBackoffTime": 30000,
      "persistence": true,
      "resyncInterval": 5000,
      "wsUrl": "wss://j5eyo7cpia.execute-api.us-east-1.amazonaws.com/live",
    },
    "docName": "unit-null",
    "hasLoggedConnectionError": false,
    "indexeddb": null,
    "lastStatusLog": "",
    "listeners": Map {
      "doc-reset" => Set {
        [Function handleDocReset],
      },
    },
    "resetCount": 0,
    "wsProvider": null,
    "ydoc": {
      "editorContent": "",
      "metadata": {},
    },
  },
  "username": "mock-user-sub",
}
[90mstdout[2m | src/components/Editor3/Editor.stories.jsx[2m > [22m[2mKeyboard Shortcuts Test
[22m[39m[Editor onChange] Skipping save - no initial state loaded yet
[90mstdout[2m | src/components/Editor3/Editor.stories.jsx[2m > [22m[2mKeyboard Shortcuts Test
[22m[39m[Mock] CollaborationPlugin rendered with props: {
  "color": "#f59e0b",
  "cursorsContainerRef": {
    "current": <div
      class="jsx-9364b876b91d91fe collaboration-cursors-container"
      style="position: relative;"
    >
      <div
        aria-label="Edit"
        class="editor"
        contenteditable="true"
        data-lexical-editor="true"
        data-tour="editor"
        role="textbox"
        spellcheck="true"
        style="max-width: 100%; outline: none; min-height: 100%; padding: 1rem 2rem 1rem 0.5rem; user-select: text; white-space: pre-wrap; word-break: break-word;"
      />
      <div
        class="jsx-e404209429cec6f3 editor-placeholder"
      >
        Start typing or use the toolbar above to add content...
      </div>
    </div>,
  },
  "provider": YjsDocProvider {
    "awareness": Awareness {
      "_checkInterval": 317,
      "_observers": Map {},
      "clientID": 3941729542,
      "doc": {
        "editorContent": "",
        "metadata": {},
      },
      "meta": Map {
        3941729542 => {
          "clock": 0,
          "lastUpdated": 1790415941006,
        },
      },
      "states": Map {
        3941729542 => {},
      },
    },
    "config": {
      "connect": false,
      "docName": "unit-null",
      "maxBackoffTime": 30000,
      "persistence": false,
      "resyncInterval": 5000,
      "wsUrl": "wss://j5eyo7cpia.execute-api.us-east-1.amazonaws.com/live",
    },
    "defaultConfig": {
      "connect": true,
      "maxBackoffTime": 30000,
      "persistence": true,
      "resyncInterval": 5000,
      "wsUrl": "wss://j5eyo7cpia.execute-api.us-east-1.amazonaws.com/live",
    },
    "docName": "unit-null",
    "hasLoggedConnectionError": false,
    "indexeddb": null,
    "lastStatusLog": "",
    "listeners": Map {
      "doc-reset" => Set {
        [Function handleDocReset],
      },
    },
    "resetCount": 0,
    "wsProvider": null,
    "ydoc": {
      "editorContent": "",
      "metadata": {},
    },
  },
  "username": "mock-user-sub",
}
[90mstdout[2m | src/components/Editor3/Editor.stories.jsx[2m > [22m[2mKeyboard Shortcuts Test
[22m[39mStreaming chunk, total length: 17
[90mstdout[2m | src/components/Editor3/Editor.stories.jsx[2m > [22m[2mKeyboard Shortcuts Test
[22m[39mupdateSuggestion called with text: This is a sample 
[90mstdout[2m | src/components/Editor3/Editor.stories.jsx[2m > [22m[2mKeyboard Shortcuts Test
[22m[39mUpdating existing suggestion node in place
[90mstdout[2m | src/components/Editor3/Editor.stories.jsx[2m > [22m[2mKeyboard Shortcuts Test
[22m[39m[SectionContext] Section observeQuery update: 0
[90mstdout[2m | src/components/Editor3/Editor.stories.jsx[2m > [22m[2mKeyboard Shortcuts Test
[22m[39m[FilesContext] File observeQuery update: 0 files
[90mstdout[2m | src/components/Editor3/Editor.stories.jsx[2m > [22m[2mKeyboard Shortcuts Test
[22m[39m[ChatContext] AssistantChat initialized with 0 chats
[90mstdout[2m | src/components/Editor3/Editor.stories.jsx[2m > [22m[2mKeyboard Shortcuts Test
[22m[39mfetchSuggestion called with prompt: This is a sample paragraph. You can edit, format, and add various types of content here.
[90mstdout[2m | src/components/Editor3/Editor.stories.jsx[2m > [22m[2mKeyboard Shortcuts Test
[22m[39mMaking API call to /api/content-completion...
[90mstdout[2m | src/components/Editor3/Editor.stories.jsx[2m > [22m[2mKeyboard Shortcuts Test
[22m[39m[Mock Fetch] Intercepted /api/content-completion
[90mstdout[2m | src/components/Editor3/Editor.stories.jsx[2m > [22m[2mKeyboard Shortcuts Test
[22m[39mStarting to stream response...
[90mstdout[2m | src/components/Editor3/Editor.stories.jsx[2m > [22m[2mKeyboard Shortcuts Test
[22m[39m[MOCK CourseVectorStore] Initialized with mock data
[90mstdout[2m | src/components/Editor3/Editor.stories.jsx[2m > [22m[2mKeyboard Shortcuts Test
[22m[39m[Mock] CollaborationPlugin rendered with props: {
  "color": "#f59e0b",
  "cursorsContainerRef": {
    "current": <div
      class="jsx-9364b876b91d91fe collaboration-cursors-container"
      style="position: relative;"
    >
      <div
        aria-label="Edit"
        class="editor"
        contenteditable="true"
        data-lexical-editor="true"
        data-tour="editor"
        role="textbox"
        spellcheck="true"
        style="max-width: 100%; outline: none; min-height: 100%; padding: 1rem 2rem 1rem 0.5rem; user-select: text; white-space: pre-wrap; word-break: break-word;"
      />
      <div
        class="jsx-e404209429cec6f3 editor-placeholder"
      >
        Start typing or use the toolbar above to add content...
      </div>
    </div>,
  },
  "provider": YjsDocProvider {
    "awareness": Awareness {
      "_checkInterval": 317,
      "_observers": Map {},
      "clientID": 3941729542,
      "doc": {
        "editorContent": "",
        "metadata": {},
      },
      "meta": Map {
        3941729542 => {
          "clock": 0,
          "lastUpdated": 1790415941006,
        },
      },
      "states": Map {
        3941729542 => {},
      },
    },
    "config": {
      "connect": false,
      "docName": "unit-null",
      "maxBackoffTime": 30000,
      "persistence": false,
      "resyncInterval": 5000,
      "wsUrl": "wss://j5eyo7cpia.execute-api.us-east-1.amazonaws.com/live",
    },
    "defaultConfig": {
      "connect": true,
      "maxBackoffTime": 30000,
      "persistence": true,
      "resyncInterval": 5000,
      "wsUrl": "wss://j5eyo7cpia.execute-api.us-east-1.amazonaws.com/live",
    },
    "docName": "unit-null",
    "hasLoggedConnectionError": false,
    "indexeddb": null,
    "lastStatusLog": "",
    "listeners": Map {
      "doc-reset" => Set {
        [Function handleDocReset],
      },
    },
    "resetCount": 0,
    "wsProvider": null,
    "ydoc": {
      "editorContent": "",
      "metadata": {},
    },
  },
  "username": "mock-user-sub",
}
[90mstdout[2m | src/components/Editor3/Editor.stories.jsx[2m > [22m[2mKeyboard Shortcuts Test
[22m[39m[FileManager2] Files received from context: 0 []
[90mstdout[2m | src/components/Editor3/Editor.stories.jsx[2m > [22m[2mKeyboard Shortcuts Test
[22m[39m[ChatContext] No current chat available, will create one
[90mstdout[2m | src/components/Editor3/Editor.stories.jsx[2m > [22m[2mKeyboard Shortcuts Test
[22m[39m[ChatContext] Creating AssistantChat with user: undefined
[90mstdout[2m | src/components/Editor3/Editor.stories.jsx[2m > [22m[2mKeyboard Shortcuts Test
[22m[39m[Mock Data] AssistantChat created: mock-assistantchat-1790415942119 - notified 1 subscribers
[90mstdout[2m | src/components/Editor3/Editor.stories.jsx[2m > [22m[2mKeyboard Shortcuts Test
[22m[39m[Mock] CollaborationPlugin rendered with props: {
  "color": "#f59e0b",
  "cursorsContainerRef": {
    "current": <div
      class="jsx-9364b876b91d91fe collaboration-cursors-container"
      style="position: relative;"
    >
      <div
        aria-label="Edit"
        class="editor"
        contenteditable="true"
        data-lexical-editor="true"
        data-tour="editor"
        role="textbox"
        spellcheck="true"
        style="max-width: 100%; outline: none; min-height: 100%; padding: 1rem 2rem 1rem 0.5rem; user-select: text; white-space: pre-wrap; word-break: break-word;"
      />
      <div
        class="jsx-e404209429cec6f3 editor-placeholder"
      >
        Start typing or use the toolbar above to add content...
      </div>
    </div>,
  },
  "provider": YjsDocProvider {
    "awareness": Awareness {
      "_checkInterval": 317,
      "_observers": Map {},
      "clientID": 3941729542,
      "doc": {
        "editorContent": "",
        "metadata": {},
      },
      "meta": Map {
        3941729542 => {
          "clock": 0,
          "lastUpdated": 1790415941006,
        },
      },
      "states": Map {
        3941729542 => {},
      },
    },
    "config": {
      "connect": false,
      "docName": "unit-null",
      "maxBackoffTime": 30000,
      "persistence": false,
      "resyncInterval": 5000,
      "wsUrl": "wss://j5eyo7cpia.execute-api.us-east-1.amazonaws.com/live",
    },
    "defaultConfig": {
      "connect": true,
      "maxBackoffTime": 30000,
      "persistence": true,
      "resyncInterval": 5000,
      "wsUrl": "wss://j5eyo7cpia.execute-api.us-east-1.amazonaws.com/live",
    },
    "docName": "unit-null",
    "hasLoggedConnectionError": false,
    "indexeddb": null,
    "lastStatusLog": "",
    "listeners": Map {
      "doc-reset" => Set {
        [Function handleDocReset],
      },
    },
    "resetCount": 0,
    "wsProvider": null,
    "ydoc": {
      "editorContent": "",
      "metadata": {},
    },
  },
  "username": "mock-user-sub",
}
[90mstdout[2m | src/components/Editor3/Editor.stories.jsx[2m > [22m[2mKeyboard Shortcuts Test
[22m[39m[ChatContext] Create result: {
  "data": {
    "_version": 1,
    "archived": false,
    "chatFiles": [Function anonymous],
    "createdAt": "2026-09-26T09:45:42.119Z",
    "id": "mock-assistantchat-1790415942119",
    "model": "gpt-4",
    "updatedAt": "2026-09-26T09:45:42.119Z",
  },
  "errors": [],
  "hasData": true,
  "hasErrors": true,
}
[90mstdout[2m | src/components/Editor3/Editor.stories.jsx[2m > [22m[2mKeyboard Shortcuts Test
[22m[39m[ChatContext] Created AssistantChat: mock-assistantchat-1790415942119 at: 2026-09-26T09:45:42.119Z
[90mstdout[2m | src/components/Editor3/Editor.stories.jsx[2m > [22m[2mKeyboard Shortcuts Test
[22m[39m[Mock Storage] downloadData called with: undefined
[90mstdout[2m | src/components/Editor3/Editor.stories.jsx[2m > [22m[2mKeyboard Shortcuts Test
[22m[39m[ChatContext] Setting initial chat: mock-assistantchat-1790415942119
[90mstdout[2m | src/components/Editor3/Editor.stories.jsx[2m > [22m[2mKeyboard Shortcuts Test
[22m[39m[Mock] CollaborationPlugin rendered with props: {
  "color": "#f59e0b",
  "cursorsContainerRef": {
    "current": <div
      class="jsx-9364b876b91d91fe collaboration-cursors-container"
      style="position: relative;"
    >
      <div
        aria-label="Edit"
        class="editor"
        contenteditable="true"
        data-lexical-editor="true"
        data-tour="editor"
        role="textbox"
        spellcheck="true"
        style="max-width: 100%; outline: none; min-height: 100%; padding: 1rem 2rem 1rem 0.5rem; user-select: text; white-space: pre-wrap; word-break: break-word;"
      />
      <div
        class="jsx-e404209429cec6f3 editor-placeholder"
      >
        Start typing or use the toolbar above to add content...
      </div>
    </div>,
  },
  "provider": YjsDocProvider {
    "awareness": Awareness {
      "_checkInterval": 317,
      "_observers": Map {},
      "clientID": 3941729542,
      "doc": {
        "editorContent": "",
        "metadata": {},
      },
      "meta": Map {
        3941729542 => {
          "clock": 0,
          "lastUpdated": 1790415941006,
        },
      },
      "states": Map {
        3941729542 => {},
      },
    },
    "config": {
      "connect": false,
      "docName": "unit-null",
      "maxBackoffTime": 30000,
      "persistence": false,
      "resyncInterval": 5000,
      "wsUrl": "wss://j5eyo7cpia.execute-api.us-east-1.amazonaws.com/live",
    },
    "defaultConfig": {
      "connect": true,
      "maxBackoffTime": 30000,
      "persistence": true,
      "resyncInterval": 5000,
      "wsUrl": "wss://j5eyo7cpia.execute-api.us-east-1.amazonaws.com/live",
    },
    "docName": "unit-null",
    "hasLoggedConnectionError": false,
    "indexeddb": null,
    "lastStatusLog": "",
    "listeners": Map {
      "doc-reset" => Set {
        [Function handleDocReset],
      },
    },
    "resetCount": 0,
    "wsProvider": null,
    "ydoc": {
      "editorContent": "",
      "metadata": {},
    },
  },
  "username": "mock-user-sub",
}
[90mstdout[2m | src/components/Editor3/Editor.stories.jsx[2m > [22m[2mKeyboard Shortcuts Test
[22m[39m[ChatSidebar] Loading messages for chat: mock-assistantchat-1790415942119 count: 0
[90mstdout[2m | src/components/Editor3/Editor.stories.jsx[2m > [22m[2mKeyboard Shortcuts Test
[22m[39m[ChatSidebar] deepCloneMessages: returning empty array
[90mstdout[2m | src/components/Editor3/Editor.stories.jsx[2m > [22m[2mKeyboard Shortcuts Test
[22m[39m[ChatContext] Chat exists and not archived, skipping creation
[90mstdout[2m | src/components/Editor3/Editor.stories.jsx[2m > [22m[2mKeyboard Shortcuts Test
[22m[39mStreaming chunk, total length: 27
[90mstdout[2m | src/components/Editor3/Editor.stories.jsx[2m > [22m[2mKeyboard Shortcuts Test
[22m[39mupdateSuggestion called with text: This is a sample paragraph 
[90mstdout[2m | src/components/Editor3/Editor.stories.jsx[2m > [22m[2mKeyboard Shortcuts Test
[22m[39mReplacing existing node with suggestion
[90mstdout[2m | src/components/Editor3/Editor.stories.jsx[2m > [22m[2mKeyboard Shortcuts Test
[22m[39mStreaming chunk, total length: 5
[90mstdout[2m | src/components/Editor3/Editor.stories.jsx[2m > [22m[2mKeyboard Shortcuts Test
[22m[39mupdateSuggestion called with text: This 
[90mstdout[2m | src/components/Editor3/Editor.stories.jsx[2m > [22m[2mKeyboard Shortcuts Test
[22m[39mUpdating existing suggestion node in place
[90mstdout[2m | src/components/Editor3/Editor.stories.jsx[2m > [22m[2mKeyboard Shortcuts Test
[22m[39mStreaming chunk, total length: 33
[90mstdout[2m | src/components/Editor3/Editor.stories.jsx[2m > [22m[2mKeyboard Shortcuts Test
[22m[39mupdateSuggestion called with text: This is a sample paragraph about 
[90mstdout[2m | src/components/Editor3/Editor.stories.jsx[2m > [22m[2mKeyboard Shortcuts Test
[22m[39mUpdating existing suggestion node in place
[90mstdout[2m | src/components/Editor3/Editor.stories.jsx[2m > [22m[2mKeyboard Shortcuts Test
[22m[39mStreaming chunk, total length: 8
[90mstdout[2m | src/components/Editor3/Editor.stories.jsx[2m > [22m[2mKeyboard Shortcuts Test
[22m[39mupdateSuggestion called with text: This is 
[90mstdout[2m | src/components/Editor3/Editor.stories.jsx[2m > [22m[2mKeyboard Shortcuts Test
[22m[39mUpdating existing suggestion node in place
 [32m✓[39m [30m[42m unit [49m[39m amplify/functions/__tests__/gamification-badgeCheck.test.ts [2m([22m[2m5 tests[22m[2m)[22m[33m 11616[2mms[22m[39m
     [33m[2m✓[22m[39m should award FIRST_SUBMISSION badge when student has a submission [33m 10345[2mms[22m[39m
     [33m[2m✓[22m[39m should not re-award existing badges [33m 376[2mms[22m[39m
     [33m[2m✓[22m[39m should return empty when section disables all badges [33m 418[2mms[22m[39m
[90mstdout[2m | src/components/Editor3/Editor.stories.jsx[2m > [22m[2mKeyboard Shortcuts Test
[22m[39mStreaming chunk, total length: 42
[90mstdout[2m | src/components/Editor3/Editor.stories.jsx[2m > [22m[2mKeyboard Shortcuts Test
[22m[39mupdateSuggestion called with text: This is a sample paragraph about Japanese 
[90mstdout[2m | src/components/Editor3/Editor.stories.jsx[2m > [22m[2mKeyboard Shortcuts Test
[22m[39mUpdating existing suggestion node in place
[90mstdout[2m | src/components/Editor3/Editor.stories.jsx[2m > [22m[2mKeyboard Shortcuts Test
[22m[39mStreaming chunk, total length: 10
[90mstdout[2m | src/components/Editor3/Editor.stories.jsx[2m > [22m[2mKeyboard Shortcuts Test
[22m[39mupdateSuggestion called with text: This is a 
[90mstdout[2m | src/components/Editor3/Editor.stories.jsx[2m > [22m[2mKeyboard Shortcuts Test
[22m[39mUpdating existing suggestion node in place
[90mstdout[2m | src/components/Editor3/Editor.stories.jsx[2m > [22m[2mKeyboard Shortcuts Text Formatting
[22m[39mStreaming chunk, total length: 52
[90mstdout[2m | src/components/Editor3/Editor.stories.jsx[2m > [22m[2mKeyboard Shortcuts Text Formatting
[22m[39mupdateSuggestion called with text: This is a sample paragraph about Japanese language. 
[90mstdout[2m | src/components/Editor3/Editor.stories.jsx[2m > [22m[2mKeyboard Shortcuts Text Formatting
[22m[39mUpdating existing suggestion node in place
[90mstdout[2m | src/components/Editor3/Editor.stories.jsx[2m > [22m[2mKeyboard Shortcuts Text Formatting
[22m[39mStreaming chunk, total length: 17
[90mstdout[2m | src/components/Editor3/Editor.stories.jsx[2m > [22m[2mKeyboard Shortcuts Text Formatting
[22m[39mupdateSuggestion called with text: This is a sample 
[90mstdout[2m | src/components/Editor3/Editor.stories.jsx[2m > [22m[2mKeyboard Shortcuts Text Formatting
[22m[39mUpdating existing suggestion node in place
[90mstdout[2m | src/components/Editor3/Editor.stories.jsx[2m > [22m[2mKeyboard Shortcuts Text Formatting
[22m[39m[Editor onChange] Skipping save due to tags: [
  "history-merge",
]
[90mstdout[2m | src/components/Editor3/Editor.stories.jsx[2m > [22m[2mKeyboard Shortcuts Text Formatting
[22m[39m[ChatContext] Cleaning up subscriptions
[90mstdout[2m | src/components/Editor3/Editor.stories.jsx[2m > [22m[2mKeyboard Shortcuts Text Formatting
[22m[39m[Mock Data] Unit.onUpdate() subscription removed. Remaining: 0
[90mstdout[2m | src/components/Editor3/Editor.stories.jsx[2m > [22m[2mKeyboard Shortcuts Text Formatting
[22m[39m[useChatPageContext] Cleaning up page context
[90mstdout[2m | src/components/Editor3/Editor.stories.jsx[2m > [22m[2mKeyboard Shortcuts Text Formatting
[22m[39m[chatTools] Vector store search function registered: false
[90mstdout[2m | src/components/Editor3/Editor.stories.jsx[2m > [22m[2mKeyboard Shortcuts Text Formatting
[22m[39m[chatTools] Practice drill callback registered: false
[90mstdout[2m | src/components/Editor3/Editor.stories.jsx[2m > [22m[2mKeyboard Shortcuts Text Formatting
[22m[39m[Preview] Skipped initializing default mock data (initializeMockData=false)
[90mstdout[2m | src/components/Editor3/Editor.stories.jsx[2m > [22m[2mKeyboard Shortcuts Text Formatting
[22m[39m[Mock Data] seedMockUnit: Adding unit keyboard-shortcuts-text-formatting-id
[90mstdout[2m | src/components/Editor3/Editor.stories.jsx[2m > [22m[2mKeyboard Shortcuts Text Formatting
[22m[39mStreaming chunk, total length: 56
[90mstdout[2m | src/components/Editor3/Editor.stories.jsx[2m > [22m[2mKeyboard Shortcuts Text Formatting
[22m[39mupdateSuggestion called with text: This is a sample paragraph about Japanese language. The 
[90mstdout[2m | src/components/Editor3/Editor.stories.jsx[2m > [22m[2mKeyboard Shortcuts Text Formatting
[22m[39mUpdating existing suggestion node in place
[90mstdout[2m | src/components/Editor3/Editor.stories.jsx[2m > [22m[2mKeyboard Shortcuts Text Formatting
[22m[39mStreaming chunk, total length: 27
[90mstdout[2m | src/components/Editor3/Editor.stories.jsx[2m > [22m[2mKeyboard Shortcuts Text Formatting
[22m[39mupdateSuggestion called with text: This is a sample paragraph 
[90mstdout[2m | src/components/Editor3/Editor.stories.jsx[2m > [22m[2mKeyboard Shortcuts Text Formatting
[22m[39mUpdating existing suggestion node in place
[90mstdout[2m | src/components/Editor3/Editor.stories.jsx[2m > [22m[2mKeyboard Shortcuts Text Formatting
[22m[39m[Mock Storage] uploadData called with: {
  "key": undefined,
  "options": {
    "contentType": "application/json",
  },
  "path": "protected/undefined/units/editor-with-content-id/draft.json",
}
 [32m✓[39m [30m[45m integration [49m[39m test/integration/question-editor.test.tsx [2m([22m[2m23 tests[22m[2m)[22m[33m 4714[2mms[22m[39m
     [33m[2m✓[22m[39m loads and displays questions from document [33m 513[2mms[22m[39m
     [33m[2m✓[22m[39m handles large question lists with virtual scrolling [33m 748[2mms[22m[39m
[90mstdout[2m | src/components/Editor3/Editor.stories.jsx[2m > [22m[2mKeyboard Shortcuts Text Formatting
[22m[39m[MOCK CourseVectorStore] Initialized with mock data
[90mstdout[2m | src/components/Editor3/Editor.stories.jsx[2m > [22m[2mKeyboard Shortcuts Text Formatting
[22m[39m[useTabState] Initialized with: {
  "leftOpen": false,
  "leftTab": 4,
  "leftWidth": 350,
  "rightOpen": false,
  "rightTab": 5,
  "rightWidth": 350,
} from URL: {} localStorage: null defaults: {
  "defaultLeftTab": 4,
  "defaultRightTab": 5,
}
[90mstdout[2m | src/components/Editor3/Editor.stories.jsx[2m > [22m[2mKeyboard Shortcuts Text Formatting
[22m[39m[FileManager2] Files received from context: 0 []
[90mstdout[2m | src/components/Editor3/Editor.stories.jsx[2m > [22m[2mKeyboard Shortcuts Text Formatting
[22m[39m[FileManager2] Upload useEffect triggered. filesToUpload: 0 uploadInProgress: false
[90mstdout[2m | src/components/Editor3/Editor.stories.jsx[2m > [22m[2mKeyboard Shortcuts Text Formatting
[22m[39m[FileManager2] Skipping upload - no files or already in progress
[90mstdout[2m | src/components/Editor3/Editor.stories.jsx[2m > [22m[2mKeyboard Shortcuts Text Formatting
[22m[39m[chatTools] Vector store search function registered: true
[90mstdout[2m | src/components/Editor3/Editor.stories.jsx[2m > [22m[2mKeyboard Shortcuts Text Formatting
[22m[39m[ChatSidebar] Registered vector store search, isReady: false
[90mstdout[2m | src/components/Editor3/Editor.stories.jsx[2m > [22m[2mKeyboard Shortcuts Text Formatting
[22m[39m[chatTools] Practice drill callback registered: true
[90mstdout[2m | src/components/Editor3/Editor.stories.jsx[2m > [22m[2mKeyboard Shortcuts Text Formatting
[22m[39m[useChatPageContext] Registering page context: {
  "dictionaryCount": 0,
  "filesCount": 0,
  "hasEditorRef": true,
  "hasUnit": true,
  "hasVectorStoreSearch": true,
  "questionsCount": 0,
  "sectionsCount": 0,
}
[90mstdout[2m | src/components/Editor3/Editor.stories.jsx[2m > [22m[2mKeyboard Shortcuts Text Formatting
[22m[39m[TranslationModeController] Setting mode to: off
[90mstdout[2m | src/components/Editor3/Editor.stories.jsx[2m > [22m[2mKeyboard Shortcuts Text Formatting
[22m[39m[UnitContext] useEffect triggered {
  "authLoading": false,
  "hasUser": true,
  "id": "keyboard-shortcuts-text-formatting-id",
  "userSub": "mock-user-sub",
}
[90mstdout[2m | src/components/Editor3/Editor.stories.jsx[2m > [22m[2mKeyboard Shortcuts Text Formatting
[22m[39m[UnitContext] Fetching unit data for id: keyboard-shortcuts-text-formatting-id
[90mstdout[2m | src/components/Editor3/Editor.stories.jsx[2m > [22m[2mKeyboard Shortcuts Text Formatting
[22m[39m[FilesContext] Initializing vector store from IndexedDB
[90mstdout[2m | src/components/Editor3/Editor.stories.jsx[2m > [22m[2mKeyboard Shortcuts Text Formatting
[22m[39m[FilesContext] fetchFiles called
[90mstdout[2m | src/components/Editor3/Editor.stories.jsx[2m > [22m[2mKeyboard Shortcuts Text Formatting
[22m[39m[FilesContext] User authenticated: mock-user-sub
[90mstdout[2m | src/components/Editor3/Editor.stories.jsx[2m > [22m[2mKeyboard Shortcuts Text Formatting
[22m[39m[FilesContext] Identity ID: us-east-1:mock-identity-123
[90mstdout[2m | src/components/Editor3/Editor.stories.jsx[2m > [22m[2mKeyboard Shortcuts Text Formatting
[22m[39m[FilesContext] About to set up File observeQuery
[90mstdout[2m | src/components/Editor3/Editor.stories.jsx[2m > [22m[2mKeyboard Shortcuts Text Formatting
[22m[39m[ChatContext] Setting up AssistantChat observeQuery
[90mstdout[2m | src/components/Editor3/Editor.stories.jsx[2m > [22m[2mKeyboard Shortcuts Text Formatting
[22m[39m[ChatContext] Waiting for subscription to initialize
[90mstdout[2m | src/components/Editor3/Editor.stories.jsx[2m > [22m[2mKeyboard Shortcuts Text Formatting
[22m[39m[SettingsContext] Setting up Settings subscription for user: mock-user-sub
[90mstdout[2m | src/components/Editor3/Editor.stories.jsx[2m > [22m[2mKeyboard Shortcuts Text Formatting
[22m[39m[useChatPageContext] Cleaning up page context
[90mstdout[2m | src/components/Editor3/Editor.stories.jsx[2m > [22m[2mKeyboard Shortcuts Text Formatting
[22m[39m[useChatPageContext] Registering page context: {
  "dictionaryCount": 0,
  "filesCount": 0,
  "hasEditorRef": true,
  "hasUnit": true,
  "hasVectorStoreSearch": true,
  "questionsCount": 0,
  "sectionsCount": 0,
}
[90mstdout[2m | src/components/Editor3/Editor.stories.jsx[2m > [22m[2mKeyboard Shortcuts Text Formatting
[22m[39m[Editor onChange] Skipping save - no initial state loaded yet
[90mstdout[2m | src/components/Editor3/Editor.stories.jsx[2m > [22m[2mKeyboard Shortcuts Text Formatting
[22m[39m[Mock Data] Settings created: mock-settings-1790415943211 - notified 0 subscribers
[90mstdout[2m | src/components/Editor3/Editor.stories.jsx[2m > [22m[2mKeyboard Shortcuts Text Formatting
[22m[39m[Mock Data] Unit.onUpdate() subscription added. Total: 1
[90mstdout[2m | src/components/Editor3/Editor.stories.jsx[2m > [22m[2mKeyboard Shortcuts Text Formatting
[22m[39m[Mock] CollaborationPlugin rendered with props: {
  "color": "#f59e0b",
  "cursorsContainerRef": {
    "current": <div
      class="jsx-9364b876b91d91fe collaboration-cursors-container"
      style="position: relative;"
    >
      <div
        aria-label="Edit"
        class="editor"
        contenteditable="true"
        data-lexical-editor="true"
        data-tour="editor"
        role="textbox"
        spellcheck="true"
        style="max-width: 100%; outline: none; min-height: 100%; padding: 1rem 2rem 1rem 0.5rem; user-select: text; white-space: pre-wrap; word-break: break-word;"
      />
      <div
        class="jsx-e404209429cec6f3 editor-placeholder"
      >
        Start typing or use the toolbar above to add content...
      </div>
    </div>,
  },
  "provider": YjsDocProvider {
    "awareness": Awareness {
      "_checkInterval": 469,
      "_observers": Map {},
      "clientID": 3824582849,
      "doc": {
        "editorContent": "",
        "metadata": {},
      },
      "meta": Map {
        3824582849 => {
          "clock": 0,
          "lastUpdated": 1790415942989,
        },
      },
      "states": Map {
        3824582849 => {},
      },
    },
    "config": {
      "connect": false,
      "docName": "unit-null",
      "maxBackoffTime": 30000,
      "persistence": false,
      "resyncInterval": 5000,
      "wsUrl": "wss://j5eyo7cpia.execute-api.us-east-1.amazonaws.com/live",
    },
    "defaultConfig": {
      "connect": true,
      "maxBackoffTime": 30000,
      "persistence": true,
      "resyncInterval": 5000,
      "wsUrl": "wss://j5eyo7cpia.execute-api.us-east-1.amazonaws.com/live",
    },
    "docName": "unit-null",
    "hasLoggedConnectionError": false,
    "indexeddb": null,
    "lastStatusLog": "",
    "listeners": Map {
      "doc-reset" => Set {
        [Function handleDocReset],
      },
    },
    "resetCount": 0,
    "wsProvider": null,
    "ydoc": {
      "editorContent": "",
      "metadata": {},
    },
  },
  "username": "mock-user-sub",
}
[90mstdout[2m | src/components/Editor3/Editor.stories.jsx[2m > [22m[2mKeyboard Shortcuts Text Formatting
[22m[39m[Editor onChange] Skipping save due to tags: [
  "history-merge",
]
[90mstdout[2m | src/components/Editor3/Editor.stories.jsx[2m > [22m[2mKeyboard Shortcuts Text Formatting
[22m[39m[chatTools] Vector store search function registered: false
[90mstdout[2m | src/components/Editor3/Editor.stories.jsx[2m > [22m[2mKeyboard Shortcuts Text Formatting
[22m[39m[chatTools] Practice drill callback registered: false
[90mstdout[2m | src/components/Editor3/Editor.stories.jsx[2m > [22m[2mKeyboard Shortcuts Text Formatting
[22m[39m[useChatPageContext] Cleaning up page context
[90mstdout[2m | src/components/Editor3/Editor.stories.jsx[2m > [22m[2mKeyboard Shortcuts Text Formatting
[22m[39m[FileManager2] Files received from context: 0 []
[90mstdout[2m | src/components/Editor3/Editor.stories.jsx[2m > [22m[2mKeyboard Shortcuts Text Formatting
[22m[39m[FileManager2] Upload useEffect triggered. filesToUpload: 0 uploadInProgress: false
[90mstdout[2m | src/components/Editor3/Editor.stories.jsx[2m > [22m[2mKeyboard Shortcuts Text Formatting
[22m[39m[FileManager2] Skipping upload - no files or already in progress
[90mstdout[2m | src/components/Editor3/Editor.stories.jsx[2m > [22m[2mKeyboard Shortcuts Text Formatting
[22m[39m[chatTools] Vector store search function registered: true
[90mstdout[2m | src/components/Editor3/Editor.stories.jsx[2m > [22m[2mKeyboard Shortcuts Text Formatting
[22m[39m[ChatSidebar] Registered vector store search, isReady: false
[90mstdout[2m | src/components/Editor3/Editor.stories.jsx[2m > [22m[2mKeyboard Shortcuts Text Formatting
[22m[39m[chatTools] Practice drill callback registered: true
[90mstdout[2m | src/components/Editor3/Editor.stories.jsx[2m > [22m[2mKeyboard Shortcuts Text Formatting
[22m[39m[useChatPageContext] Registering page context: {
  "dictionaryCount": 0,
  "filesCount": 0,
  "hasEditorRef": true,
  "hasUnit": true,
  "hasVectorStoreSearch": true,
  "questionsCount": 0,
  "sectionsCount": 0,
}
[90mstdout[2m | src/components/Editor3/Editor.stories.jsx[2m > [22m[2mKeyboard Shortcuts Text Formatting
[22m[39m[Mock] CollaborationPlugin rendered with props: {
  "color": "#f59e0b",
  "cursorsContainerRef": {
    "current": <div
      class="jsx-9364b876b91d91fe collaboration-cursors-container"
      style="position: relative;"
    >
      <div
        aria-label="Edit"
        autocapitalize="off"
        class="editor"
        contenteditable="true"
        data-lexical-editor="true"
        data-tour="editor"
        role="textbox"
        spellcheck="true"
        style="max-width: 100%; outline: none; min-height: 100%; padding: 1rem 2rem 1rem 0.5rem; user-select: text; white-space: pre-wrap; word-break: break-word;"
      />
      <div
        class="jsx-e404209429cec6f3 editor-placeholder"
      >
        Start typing or use the toolbar above to add content...
      </div>
    </div>,
  },
  "provider": YjsDocProvider {
    "awareness": Awareness {
      "_checkInterval": 469,
      "_observers": Map {},
      "clientID": 3824582849,
      "doc": {
        "editorContent": "",
        "metadata": {},
      },
      "meta": Map {
        3824582849 => {
          "clock": 0,
          "lastUpdated": 1790415942989,
        },
      },
      "states": Map {
        3824582849 => {},
      },
    },
    "config": {
      "connect": false,
      "docName": "unit-null",
      "maxBackoffTime": 30000,
      "persistence": false,
      "resyncInterval": 5000,
      "wsUrl": "wss://j5eyo7cpia.execute-api.us-east-1.amazonaws.com/live",
    },
    "defaultConfig": {
      "connect": true,
      "maxBackoffTime": 30000,
      "persistence": true,
      "resyncInterval": 5000,
      "wsUrl": "wss://j5eyo7cpia.execute-api.us-east-1.amazonaws.com/live",
    },
    "docName": "unit-null",
    "hasLoggedConnectionError": false,
    "indexeddb": null,
    "lastStatusLog": "",
    "listeners": Map {
      "doc-reset" => Set {
        [Function handleDocReset],
      },
    },
    "resetCount": 0,
    "wsProvider": null,
    "ydoc": {
      "editorContent": "",
      "metadata": {},
    },
  },
  "username": "mock-user-sub",
}
[90mstdout[2m | src/components/Editor3/Editor.stories.jsx[2m > [22m[2mKeyboard Shortcuts Text Formatting
[22m[39m[useChatPageContext] Cleaning up page context
[90mstdout[2m | src/components/Editor3/Editor.stories.jsx[2m > [22m[2mKeyboard Shortcuts Text Formatting
[22m[39m[useChatPageContext] Registering page context: {
  "dictionaryCount": 0,
  "filesCount": 0,
  "hasEditorRef": true,
  "hasUnit": true,
  "hasVectorStoreSearch": true,
  "questionsCount": 0,
  "sectionsCount": 0,
}
[90mstdout[2m | src/components/Editor3/Editor.stories.jsx[2m > [22m[2mKeyboard Shortcuts Text Formatting
[22m[39m[Mock] CollaborationPlugin rendered with props: {
  "color": "#f59e0b",
  "cursorsContainerRef": {
    "current": <div
      class="jsx-9364b876b91d91fe collaboration-cursors-container"
      style="position: relative;"
    >
      <div
        aria-label="Edit"
        autocapitalize="off"
        class="editor"
        contenteditable="true"
        data-lexical-editor="true"
        data-tour="editor"
        role="textbox"
        spellcheck="true"
        style="max-width: 100%; outline: none; min-height: 100%; padding: 1rem 2rem 1rem 0.5rem; user-select: text; white-space: pre-wrap; word-break: break-word;"
      />
      <div
        class="jsx-e404209429cec6f3 editor-placeholder"
      >
        Start typing or use the toolbar above to add content...
      </div>
    </div>,
  },
  "provider": YjsDocProvider {
    "awareness": Awareness {
      "_checkInterval": 469,
      "_observers": Map {},
      "clientID": 3824582849,
      "doc": {
        "editorContent": "",
        "metadata": {},
      },
      "meta": Map {
        3824582849 => {
          "clock": 0,
          "lastUpdated": 1790415942989,
        },
      },
      "states": Map {
        3824582849 => {},
      },
    },
    "config": {
      "connect": false,
      "docName": "unit-null",
      "maxBackoffTime": 30000,
      "persistence": false,
      "resyncInterval": 5000,
      "wsUrl": "wss://j5eyo7cpia.execute-api.us-east-1.amazonaws.com/live",
    },
    "defaultConfig": {
      "connect": true,
      "maxBackoffTime": 30000,
      "persistence": true,
      "resyncInterval": 5000,
      "wsUrl": "wss://j5eyo7cpia.execute-api.us-east-1.amazonaws.com/live",
    },
    "docName": "unit-null",
    "hasLoggedConnectionError": false,
    "indexeddb": null,
    "lastStatusLog": "",
    "listeners": Map {
      "doc-reset" => Set {
        [Function handleDocReset],
      },
    },
    "resetCount": 0,
    "wsProvider": null,
    "ydoc": {
      "editorContent": "",
      "metadata": {},
    },
  },
  "username": "mock-user-sub",
}
[90mstdout[2m | src/components/Editor3/Editor.stories.jsx[2m > [22m[2mKeyboard Shortcuts Text Formatting
[22m[39m[Editor onChange] Skipping save - no initial state loaded yet
[90mstdout[2m | src/components/Editor3/Editor.stories.jsx[2m > [22m[2mKeyboard Shortcuts Text Formatting
[22m[39m[Mock] CollaborationPlugin rendered with props: {
  "color": "#f59e0b",
  "cursorsContainerRef": {
    "current": <div
      class="jsx-9364b876b91d91fe collaboration-cursors-container"
      style="position: relative;"
    >
      <div
        aria-label="Edit"
        class="editor"
        contenteditable="true"
        data-lexical-editor="true"
        data-tour="editor"
        role="textbox"
        spellcheck="true"
        style="max-width: 100%; outline: none; min-height: 100%; padding: 1rem 2rem 1rem 0.5rem; user-select: text; white-space: pre-wrap; word-break: break-word;"
      />
      <div
        class="jsx-e404209429cec6f3 editor-placeholder"
      >
        Start typing or use the toolbar above to add content...
      </div>
    </div>,
  },
  "provider": YjsDocProvider {
    "awareness": Awareness {
      "_checkInterval": 469,
      "_observers": Map {},
      "clientID": 3824582849,
      "doc": {
        "editorContent": "",
        "metadata": {},
      },
      "meta": Map {
        3824582849 => {
          "clock": 0,
          "lastUpdated": 1790415942989,
        },
      },
      "states": Map {
        3824582849 => {},
      },
    },
    "config": {
      "connect": false,
      "docName": "unit-null",
      "maxBackoffTime": 30000,
      "persistence": false,
      "resyncInterval": 5000,
      "wsUrl": "wss://j5eyo7cpia.execute-api.us-east-1.amazonaws.com/live",
    },
    "defaultConfig": {
      "connect": true,
      "maxBackoffTime": 30000,
      "persistence": true,
      "resyncInterval": 5000,
      "wsUrl": "wss://j5eyo7cpia.execute-api.us-east-1.amazonaws.com/live",
    },
    "docName": "unit-null",
    "hasLoggedConnectionError": false,
    "indexeddb": null,
    "lastStatusLog": "",
    "listeners": Map {
      "doc-reset" => Set {
        [Function handleDocReset],
      },
    },
    "resetCount": 0,
    "wsProvider": null,
    "ydoc": {
      "editorContent": "",
      "metadata": {},
    },
  },
  "username": "mock-user-sub",
}
[90mstdout[2m | src/components/Editor3/Editor.stories.jsx[2m > [22m[2mKeyboard Shortcuts Text Formatting
[22m[39mStreaming chunk, total length: 65
[90mstdout[2m | src/components/Editor3/Editor.stories.jsx[2m > [22m[2mKeyboard Shortcuts Text Formatting
[22m[39mupdateSuggestion called with text: This is a sample paragraph about Japanese language. The hiragana 
[90mstdout[2m | src/components/Editor3/Editor.stories.jsx[2m > [22m[2mKeyboard Shortcuts Text Formatting
[22m[39mUpdating existing suggestion node in place
[90mstdout[2m | src/components/Editor3/Editor.stories.jsx[2m > [22m[2mKeyboard Shortcuts Text Formatting
[22m[39mStreaming chunk, total length: 33
[90mstdout[2m | src/components/Editor3/Editor.stories.jsx[2m > [22m[2mKeyboard Shortcuts Text Formatting
[22m[39mupdateSuggestion called with text: This is a sample paragraph about 
[90mstdout[2m | src/components/Editor3/Editor.stories.jsx[2m > [22m[2mKeyboard Shortcuts Text Formatting
[22m[39mUpdating existing suggestion node in place
[90mstdout[2m | src/components/Editor3/Editor.stories.jsx[2m > [22m[2mKeyboard Shortcuts Text Formatting
[22m[39m[SectionContext] Section observeQuery update: 0
[90mstdout[2m | src/components/Editor3/Editor.stories.jsx[2m > [22m[2mKeyboard Shortcuts Text Formatting
[22m[39m[FilesContext] File observeQuery update: 0 files
[90mstdout[2m | src/components/Editor3/Editor.stories.jsx[2m > [22m[2mKeyboard Shortcuts Text Formatting
[22m[39m[ChatContext] AssistantChat initialized with 0 chats
[90mstdout[2m | src/components/Editor3/Editor.stories.jsx[2m > [22m[2mKeyboard Shortcuts Text Formatting
[22m[39m[MOCK CourseVectorStore] Initialized with mock data
[90mstdout[2m | src/components/Editor3/Editor.stories.jsx[2m > [22m[2mKeyboard Shortcuts Text Formatting
[22m[39m[Mock] CollaborationPlugin rendered with props: {
  "color": "#f59e0b",
  "cursorsContainerRef": {
    "current": <div
      class="jsx-9364b876b91d91fe collaboration-cursors-container"
      style="position: relative;"
    >
      <div
        aria-label="Edit"
        class="editor"
        contenteditable="true"
        data-lexical-editor="true"
        data-tour="editor"
        role="textbox"
        spellcheck="true"
        style="max-width: 100%; outline: none; min-height: 100%; padding: 1rem 2rem 1rem 0.5rem; user-select: text; white-space: pre-wrap; word-break: break-word;"
      />
      <div
        class="jsx-e404209429cec6f3 editor-placeholder"
      >
        Start typing or use the toolbar above to add content...
      </div>
    </div>,
  },
  "provider": YjsDocProvider {
    "awareness": Awareness {
      "_checkInterval": 469,
      "_observers": Map {},
      "clientID": 3824582849,
      "doc": {
        "editorContent": "",
        "metadata": {},
      },
      "meta": Map {
        3824582849 => {
          "clock": 0,
          "lastUpdated": 1790415942989,
        },
      },
      "states": Map {
        3824582849 => {},
      },
    },
    "config": {
      "connect": false,
      "docName": "unit-null",
      "maxBackoffTime": 30000,
      "persistence": false,
      "resyncInterval": 5000,
      "wsUrl": "wss://j5eyo7cpia.execute-api.us-east-1.amazonaws.com/live",
    },
    "defaultConfig": {
      "connect": true,
      "maxBackoffTime": 30000,
      "persistence": true,
      "resyncInterval": 5000,
      "wsUrl": "wss://j5eyo7cpia.execute-api.us-east-1.amazonaws.com/live",
    },
    "docName": "unit-null",
    "hasLoggedConnectionError": false,
    "indexeddb": null,
    "lastStatusLog": "",
    "listeners": Map {
      "doc-reset" => Set {
        [Function handleDocReset],
      },
    },
    "resetCount": 0,
    "wsProvider": null,
    "ydoc": {
      "editorContent": "",
      "metadata": {},
    },
  },
  "username": "mock-user-sub",
}
[90mstdout[2m | src/components/Editor3/Editor.stories.jsx[2m > [22m[2mKeyboard Shortcuts Text Formatting
[22m[39m[FileManager2] Files received from context: 0 []
[90mstdout[2m | src/components/Editor3/Editor.stories.jsx[2m > [22m[2mKeyboard Shortcuts Text Formatting
[22m[39m[ChatContext] No current chat available, will create one
[90mstdout[2m | src/components/Editor3/Editor.stories.jsx[2m > [22m[2mKeyboard Shortcuts Text Formatting
[22m[39m[ChatContext] Creating AssistantChat with user: undefined
[90mstdout[2m | src/components/Editor3/Editor.stories.jsx[2m > [22m[2mKeyboard Shortcuts Text Formatting
[22m[39m[Mock Data] AssistantChat created: mock-assistantchat-1790415943949 - notified 1 subscribers
[90mstdout[2m | src/components/Editor3/Editor.stories.jsx[2m > [22m[2mKeyboard Shortcuts Text Formatting
[22m[39m[Mock] CollaborationPlugin rendered with props: {
  "color": "#f59e0b",
  "cursorsContainerRef": {
    "current": <div
      class="jsx-9364b876b91d91fe collaboration-cursors-container"
      style="position: relative;"
    >
      <div
        aria-label="Edit"
        class="editor"
        contenteditable="true"
        data-lexical-editor="true"
        data-tour="editor"
        role="textbox"
        spellcheck="true"
        style="max-width: 100%; outline: none; min-height: 100%; padding: 1rem 2rem 1rem 0.5rem; user-select: text; white-space: pre-wrap; word-break: break-word;"
      />
      <div
        class="jsx-e404209429cec6f3 editor-placeholder"
      >
        Start typing or use the toolbar above to add content...
      </div>
    </div>,
  },
  "provider": YjsDocProvider {
    "awareness": Awareness {
      "_checkInterval": 469,
      "_observers": Map {},
      "clientID": 3824582849,
      "doc": {
        "editorContent": "",
        "metadata": {},
      },
      "meta": Map {
        3824582849 => {
          "clock": 0,
          "lastUpdated": 1790415942989,
        },
      },
      "states": Map {
        3824582849 => {},
      },
    },
    "config": {
      "connect": false,
      "docName": "unit-null",
      "maxBackoffTime": 30000,
      "persistence": false,
      "resyncInterval": 5000,
      "wsUrl": "wss://j5eyo7cpia.execute-api.us-east-1.amazonaws.com/live",
    },
    "defaultConfig": {
      "connect": true,
      "maxBackoffTime": 30000,
      "persistence": true,
      "resyncInterval": 5000,
      "wsUrl": "wss://j5eyo7cpia.execute-api.us-east-1.amazonaws.com/live",
    },
    "docName": "unit-null",
    "hasLoggedConnectionError": false,
    "indexeddb": null,
    "lastStatusLog": "",
    "listeners": Map {
      "doc-reset" => Set {
        [Function handleDocReset],
      },
    },
    "resetCount": 0,
    "wsProvider": null,
    "ydoc": {
      "editorContent": "",
      "metadata": {},
    },
  },
  "username": "mock-user-sub",
}
[90mstdout[2m | src/components/Editor3/Editor.stories.jsx[2m > [22m[2mKeyboard Shortcuts Text Formatting
[22m[39m[ChatContext] Create result: {
  "data": {
    "_version": 1,
    "archived": false,
    "chatFiles": [Function anonymous],
    "createdAt": "2026-09-26T09:45:43.949Z",
    "id": "mock-assistantchat-1790415943949",
    "model": "gpt-4",
    "updatedAt": "2026-09-26T09:45:43.949Z",
  },
  "errors": [],
  "hasData": true,
  "hasErrors": true,
}
[90mstdout[2m | src/components/Editor3/Editor.stories.jsx[2m > [22m[2mKeyboard Shortcuts Text Formatting
[22m[39m[ChatContext] Created AssistantChat: mock-assistantchat-1790415943949 at: 2026-09-26T09:45:43.949Z
[90mstdout[2m | src/components/Editor3/Editor.stories.jsx[2m > [22m[2mKeyboard Shortcuts Text Formatting
[22m[39m[Mock Storage] downloadData called with: undefined
[90mstdout[2m | src/components/Editor3/Editor.stories.jsx[2m > [22m[2mKeyboard Shortcuts Text Formatting
[22m[39m[ChatContext] Setting initial chat: mock-assistantchat-1790415943949
[90mstdout[2m | src/components/Editor3/Editor.stories.jsx[2m > [22m[2mKeyboard Shortcuts Text Formatting
[22m[39m[Mock] CollaborationPlugin rendered with props: {
  "color": "#f59e0b",
  "cursorsContainerRef": {
    "current": <div
      class="jsx-9364b876b91d91fe collaboration-cursors-container"
      style="position: relative;"
    >
      <div
        aria-label="Edit"
        class="editor"
        contenteditable="true"
        data-lexical-editor="true"
        data-tour="editor"
        role="textbox"
        spellcheck="true"
        style="max-width: 100%; outline: none; min-height: 100%; padding: 1rem 2rem 1rem 0.5rem; user-select: text; white-space: pre-wrap; word-break: break-word;"
      />
      <div
        class="jsx-e404209429cec6f3 editor-placeholder"
      >
        Start typing or use the toolbar above to add content...
      </div>
    </div>,
  },
  "provider": YjsDocProvider {
    "awareness": Awareness {
      "_checkInterval": 469,
      "_observers": Map {},
      "clientID": 3824582849,
      "doc": {
        "editorContent": "",
        "metadata": {},
      },
      "meta": Map {
        3824582849 => {
          "clock": 0,
          "lastUpdated": 1790415942989,
        },
      },
      "states": Map {
        3824582849 => {},
      },
    },
    "config": {
      "connect": false,
      "docName": "unit-null",
      "maxBackoffTime": 30000,
      "persistence": false,
      "resyncInterval": 5000,
      "wsUrl": "wss://j5eyo7cpia.execute-api.us-east-1.amazonaws.com/live",
    },
    "defaultConfig": {
      "connect": true,
      "maxBackoffTime": 30000,
      "persistence": true,
      "resyncInterval": 5000,
      "wsUrl": "wss://j5eyo7cpia.execute-api.us-east-1.amazonaws.com/live",
    },
    "docName": "unit-null",
    "hasLoggedConnectionError": false,
    "indexeddb": null,
    "lastStatusLog": "",
    "listeners": Map {
      "doc-reset" => Set {
        [Function handleDocReset],
      },
    },
    "resetCount": 0,
    "wsProvider": null,
    "ydoc": {
      "editorContent": "",
      "metadata": {},
    },
  },
  "username": "mock-user-sub",
}
[90mstdout[2m | src/components/Editor3/Editor.stories.jsx[2m > [22m[2mKeyboard Shortcuts Text Formatting
[22m[39m[ChatSidebar] Loading messages for chat: mock-assistantchat-1790415943949 count: 0
[90mstdout[2m | src/components/Editor3/Editor.stories.jsx[2m > [22m[2mKeyboard Shortcuts Text Formatting
[22m[39m[ChatSidebar] deepCloneMessages: returning empty array
[90mstdout[2m | src/components/Editor3/Editor.stories.jsx[2m > [22m[2mKeyboard Shortcuts Text Formatting
[22m[39m[ChatContext] Chat exists and not archived, skipping creation
[90mstdout[2m | src/components/Editor3/Editor.stories.jsx[2m > [22m[2mKeyboard Shortcuts Text Formatting
[22m[39mStreaming chunk, total length: 73
[90mstdout[2m | src/components/Editor3/Editor.stories.jsx[2m > [22m[2mKeyboard Shortcuts Text Formatting
[22m[39mupdateSuggestion called with text: This is a sample paragraph about Japanese language. The hiragana writing 
[90mstdout[2m | src/components/Editor3/Editor.stories.jsx[2m > [22m[2mKeyboard Shortcuts Text Formatting
[22m[39mUpdating existing suggestion node in place
[90mstdout[2m | src/components/Editor3/Editor.stories.jsx[2m > [22m[2mKeyboard Shortcuts Text Formatting
[22m[39mStreaming chunk, total length: 42
[90mstdout[2m | src/components/Editor3/Editor.stories.jsx[2m > [22m[2mKeyboard Shortcuts Text Formatting
[22m[39mupdateSuggestion called with text: This is a sample paragraph about Japanese 
[90mstdout[2m | src/components/Editor3/Editor.stories.jsx[2m > [22m[2mKeyboard Shortcuts Text Formatting
[22m[39mUpdating existing suggestion node in place
[90mstdout[2m | src/components/Editor3/Editor.stories.jsx[2m > [22m[2mKeyboard Shortcuts Text Formatting
[22m[39mStreaming chunk, total length: 80
[90mstdout[2m | src/components/Editor3/Editor.stories.jsx[2m > [22m[2mKeyboard Shortcuts Text Formatting
[22m[39mupdateSuggestion called with text: This is a sample paragraph about Japanese language. The hiragana writing system 
[90mstdout[2m | src/components/Editor3/Editor.stories.jsx[2m > [22m[2mKeyboard Shortcuts Text Formatting
[22m[39mUpdating existing suggestion node in place
[90mstdout[2m | src/components/Editor3/Editor.stories.jsx[2m > [22m[2mKeyboard Shortcuts Text Formatting
[22m[39mStreaming chunk, total length: 52
[90mstdout[2m | src/components/Editor3/Editor.stories.jsx[2m > [22m[2mKeyboard Shortcuts Text Formatting
[22m[39mupdateSuggestion called with text: This is a sample paragraph about Japanese language. 
[90mstdout[2m | src/components/Editor3/Editor.stories.jsx[2m > [22m[2mKeyboard Shortcuts Text Formatting
[22m[39mUpdating existing suggestion node in place
[90mstdout[2m | src/components/Editor3/Editor.stories.jsx[2m > [22m[2mKeyboard Shortcuts Text Formatting
[22m[39mStreaming chunk, total length: 89
[90mstdout[2m | src/components/Editor3/Editor.stories.jsx[2m > [22m[2mKeyboard Shortcuts Text Formatting
[22m[39mupdateSuggestion called with text: This is a sample paragraph about Japanese language. The hiragana writing system consists 
[90mstdout[2m | src/components/Editor3/Editor.stories.jsx[2m > [22m[2mKeyboard Shortcuts Text Formatting
[22m[39mUpdating existing suggestion node in place
[90mstdout[2m | src/components/Editor3/Editor.stories.jsx[2m > [22m[2mKeyboard Shortcuts Text Formatting
[22m[39mStreaming chunk, total length: 56
[90mstdout[2m | src/components/Editor3/Editor.stories.jsx[2m > [22m[2mKeyboard Shortcuts Text Formatting
[22m[39mupdateSuggestion called with text: This is a sample paragraph about Japanese language. The 
[90mstdout[2m | src/components/Editor3/Editor.stories.jsx[2m > [22m[2mKeyboard Shortcuts Text Formatting
[22m[39mUpdating existing suggestion node in place
[90mstdout[2m | src/components/Editor3/Editor.stories.jsx[2m > [22m[2mKeyboard Shortcuts Text Formatting
[22m[39mStreaming chunk, total length: 92
[90mstdout[2m | src/components/Editor3/Editor.stories.jsx[2m > [22m[2mKeyboard Shortcuts Text Formatting
[22m[39mupdateSuggestion called with text: This is a sample paragraph about Japanese language. The hiragana writing system consists of 
[90mstdout[2m | src/components/Editor3/Editor.stories.jsx[2m > [22m[2mKeyboard Shortcuts Text Formatting
[22m[39mUpdating existing suggestion node in place
[90mstdout[2m | src/components/Editor3/Editor.stories.jsx[2m > [22m[2mKeyboard Shortcuts Text Formatting
[22m[39mStreaming chunk, total length: 65
[90mstdout[2m | src/components/Editor3/Editor.stories.jsx[2m > [22m[2mKeyboard Shortcuts Text Formatting
[22m[39mupdateSuggestion called with text: This is a sample paragraph about Japanese language. The hiragana 
[90mstdout[2m | src/components/Editor3/Editor.stories.jsx[2m > [22m[2mKeyboard Shortcuts Text Formatting
[22m[39mUpdating existing suggestion node in place
[90mstdout[2m | src/components/Editor3/Editor.stories.jsx[2m > [22m[2mKeyboard Shortcuts Text Formatting
[22m[39mStreaming chunk, total length: 95
[90mstdout[2m | src/components/Editor3/Editor.stories.jsx[2m > [22m[2mKeyboard Shortcuts Text Formatting
[22m[39mupdateSuggestion called with text: This is a sample paragraph about Japanese language. The hiragana writing system consists of 46 
[90mstdout[2m | src/components/Editor3/Editor.stories.jsx[2m > [22m[2mKeyboard Shortcuts Text Formatting
[22m[39mUpdating existing suggestion node in place
[90mstdout[2m | src/components/Editor3/Editor.stories.jsx[2m > [22m[2mKeyboard Shortcuts Text Formatting
[22m[39mStreaming chunk, total length: 73
[90mstdout[2m | src/components/Editor3/Editor.stories.jsx[2m > [22m[2mKeyboard Shortcuts Text Formatting
[22m[39mupdateSuggestion called with text: This is a sample paragraph about Japanese language. The hiragana writing 
[90mstdout[2m | src/components/Editor3/Editor.stories.jsx[2m > [22m[2mKeyboard Shortcuts Text Formatting
[22m[39mUpdating existing suggestion node in place
[90mstdout[2m | src/components/Editor3/Editor.stories.jsx[2m > [22m[2mKeyboard Shortcuts Text Formatting
[22m[39mStreaming chunk, total length: 101
[90mstdout[2m | src/components/Editor3/Editor.stories.jsx[2m > [22m[2mKeyboard Shortcuts Text Formatting
[22m[39mupdateSuggestion called with text: This is a sample paragraph about Japanese language. The hiragana writing system consists of 46 basic 
[90mstdout[2m | src/components/Editor3/Editor.stories.jsx[2m > [22m[2mKeyboard Shortcuts Text Formatting
[22m[39mUpdating existing suggestion node in place
[90mstdout[2m | src/components/Editor3/Editor.stories.jsx[2m > [22m[2mKeyboard Shortcuts Text Formatting
[22m[39mStreaming chunk, total length: 80
[90mstdout[2m | src/components/Editor3/Editor.stories.jsx[2m > [22m[2mKeyboard Shortcuts Text Formatting
[22m[39mupdateSuggestion called with text: This is a sample paragraph about Japanese language. The hiragana writing system 
[90mstdout[2m | src/components/Editor3/Editor.stories.jsx[2m > [22m[2mKeyboard Shortcuts Text Formatting
[22m[39mUpdating existing suggestion node in place
[90mstdout[2m | src/components/Editor3/Editor.stories.jsx[2m > [22m[2mKeyboard Shortcuts Text Formatting
[22m[39m[Keyboard Shortcuts Demo] Section 1: Text Formatting
[90mstdout[2m | src/components/Editor3/Editor.stories.jsx[2m > [22m[2mKeyboard Shortcuts Text Formatting
[22m[39mStreaming chunk, total length: 113
[90mstdout[2m | src/components/Editor3/Editor.stories.jsx[2m > [22m[2mKeyboard Shortcuts Text Formatting
[22m[39mupdateSuggestion called with text: This is a sample paragraph about Japanese language. The hiragana writing system consists of 46 basic characters. 
[90mstdout[2m | src/components/Editor3/Editor.stories.jsx[2m > [22m[2mKeyboard Shortcuts Text Formatting
[22m[39mUpdating existing suggestion node in place
[90mstdout[2m | src/components/Editor3/Editor.stories.jsx[2m > [22m[2mKeyboard Shortcuts Text Formatting
[22m[39mStreaming chunk, total length: 89
[90mstdout[2m | src/components/Editor3/Editor.stories.jsx[2m > [22m[2mKeyboard Shortcuts Text Formatting
[22m[39mupdateSuggestion called with text: This is a sample paragraph about Japanese language. The hiragana writing system consists 
[90mstdout[2m | src/components/Editor3/Editor.stories.jsx[2m > [22m[2mKeyboard Shortcuts Text Formatting
[22m[39mUpdating existing suggestion node in place
[90mstdout[2m | src/components/Editor3/Editor.stories.jsx[2m > [22m[2mKeyboard Shortcuts Text Formatting
[22m[39mStreaming chunk, total length: 118
[90mstdout[2m | src/components/Editor3/Editor.stories.jsx[2m > [22m[2mKeyboard Shortcuts Text Formatting
[22m[39mupdateSuggestion called with text: This is a sample paragraph about Japanese language. The hiragana writing system consists of 46 basic characters. Each 
[90mstdout[2m | src/components/Editor3/Editor.stories.jsx[2m > [22m[2mKeyboard Shortcuts Text Formatting
[22m[39mUpdating existing suggestion node in place
[90mstdout[2m | src/components/Editor3/Editor.stories.jsx[2m > [22m[2mKeyboard Shortcuts Text Formatting
[22m[39mStreaming chunk, total length: 92
[90mstdout[2m | src/components/Editor3/Editor.stories.jsx[2m > [22m[2mKeyboard Shortcuts Text Formatting
[22m[39mupdateSuggestion called with text: This is a sample paragraph about Japanese language. The hiragana writing system consists of 
[90mstdout[2m | src/components/Editor3/Editor.stories.jsx[2m > [22m[2mKeyboard Shortcuts Text Formatting
[22m[39mUpdating existing suggestion node in place
[90mstdout[2m | src/components/Editor3/Editor.stories.jsx[2m > [22m[2mKeyboard Shortcuts Text Formatting
[22m[39mStreaming chunk, total length: 128
[90mstdout[2m | src/components/Editor3/Editor.stories.jsx[2m > [22m[2mKeyboard Shortcuts Text Formatting
[22m[39mupdateSuggestion called with text: This is a sample paragraph about Japanese language. The hiragana writing system consists of 46 basic characters. Each character 
[90mstdout[2m | src/components/Editor3/Editor.stories.jsx[2m > [22m[2mKeyboard Shortcuts Text Formatting
[22m[39mUpdating existing suggestion node in place
[90mstdout[2m | src/components/Editor3/Editor.stories.jsx[2m > [22m[2mKeyboard Shortcuts Text Formatting
[22m[39mStreaming chunk, total length: 95
[90mstdout[2m | src/components/Editor3/Editor.stories.jsx[2m > [22m[2mKeyboard Shortcuts Text Formatting
[22m[39mupdateSuggestion called with text: This is a sample paragraph about Japanese language. The hiragana writing system consists of 46 
[90mstdout[2m | src/components/Editor3/Editor.stories.jsx[2m > [22m[2mKeyboard Shortcuts Text Formatting
[22m[39mUpdating existing suggestion node in place
[90mstdout[2m | src/components/Editor3/Editor.stories.jsx[2m > [22m[2mKeyboard Shortcuts Text Formatting
[22m[39mStreaming chunk, total length: 139
[90mstdout[2m | src/components/Editor3/Editor.stories.jsx[2m > [22m[2mKeyboard Shortcuts Text Formatting
[22m[39mupdateSuggestion called with text: This is a sample paragraph about Japanese language. The hiragana writing system consists of 46 basic characters. Each character represents 
[90mstdout[2m | src/components/Editor3/Editor.stories.jsx[2m > [22m[2mKeyboard Shortcuts Text Formatting
[22m[39mUpdating existing suggestion node in place
[90mstdout[2m | src/components/Editor3/Editor.stories.jsx[2m > [22m[2mKeyboard Shortcuts Text Formatting
[22m[39mStreaming chunk, total length: 101
[90mstdout[2m | src/components/Editor3/Editor.stories.jsx[2m > [22m[2mKeyboard Shortcuts Text Formatting
[22m[39mupdateSuggestion called with text: This is a sample paragraph about Japanese language. The hiragana writing system consists of 46 basic 
[90mstdout[2m | src/components/Editor3/Editor.stories.jsx[2m > [22m[2mKeyboard Shortcuts Text Formatting
[22m[39mUpdating existing suggestion node in place
[90mstdout[2m | src/components/Editor3/Editor.stories.jsx[2m > [22m[2mKeyboard Shortcuts Text Formatting
[22m[39m[Editor onChange] Skipping save - no initial state loaded yet
[90mstdout[2m | src/components/Editor3/Editor.stories.jsx[2m > [22m[2mKeyboard Shortcuts Text Formatting
[22m[39mStreaming chunk, total length: 141
[90mstdout[2m | src/components/Editor3/Editor.stories.jsx[2m > [22m[2mKeyboard Shortcuts Text Formatting
[22m[39mupdateSuggestion called with text: This is a sample paragraph about Japanese language. The hiragana writing system consists of 46 basic characters. Each character represents a 
[90mstdout[2m | src/components/Editor3/Editor.stories.jsx[2m > [22m[2mKeyboard Shortcuts Text Formatting
[22m[39mUpdating existing suggestion node in place
[90mstdout[2m | src/components/Editor3/Editor.stories.jsx[2m > [22m[2mKeyboard Shortcuts Text Formatting
[22m[39mStreaming chunk, total length: 113
[90mstdout[2m | src/components/Editor3/Editor.stories.jsx[2m > [22m[2mKeyboard Shortcuts Text Formatting
[22m[39mupdateSuggestion called with text: This is a sample paragraph about Japanese language. The hiragana writing system consists of 46 basic characters. 
[90mstdout[2m | src/components/Editor3/Editor.stories.jsx[2m > [22m[2mKeyboard Shortcuts Text Formatting
[22m[39mUpdating existing suggestion node in place
[90mstdout[2m | src/components/Editor3/Editor.stories.jsx[2m > [22m[2mKeyboard Shortcuts Text Formatting
[22m[39mStreaming chunk, total length: 151
[90mstdout[2m | src/components/Editor3/Editor.stories.jsx[2m > [22m[2mKeyboard Shortcuts Text Formatting
[22m[39mupdateSuggestion called with text: This is a sample paragraph about Japanese language. The hiragana writing system consists of 46 basic characters. Each character represents a syllable, 
[90mstdout[2m | src/components/Editor3/Editor.stories.jsx[2m > [22m[2mKeyboard Shortcuts Text Formatting
[22m[39mUpdating existing suggestion node in place
[90mstdout[2m | src/components/Editor3/Editor.stories.jsx[2m > [22m[2mKeyboard Shortcuts Text Formatting
[22m[39mStreaming chunk, total length: 118
[90mstdout[2m | src/components/Editor3/Editor.stories.jsx[2m > [22m[2mKeyboard Shortcuts Text Formatting
[22m[39mupdateSuggestion called with text: This is a sample paragraph about Japanese language. The hiragana writing system consists of 46 basic characters. Each 
[90mstdout[2m | src/components/Editor3/Editor.stories.jsx[2m > [22m[2mKeyboard Shortcuts Text Formatting
[22m[39mUpdating existing suggestion node in place
[90mstdout[2m | src/components/Editor3/Editor.stories.jsx[2m > [22m[2mKeyboard Shortcuts Text Formatting
[22m[39mStreaming chunk, total length: 158
[90mstdout[2m | src/components/Editor3/Editor.stories.jsx[2m > [22m[2mKeyboard Shortcuts Text Formatting
[22m[39mupdateSuggestion called with text: This is a sample paragraph about Japanese language. The hiragana writing system consists of 46 basic characters. Each character represents a syllable, making 
[90mstdout[2m | src/components/Editor3/Editor.stories.jsx[2m > [22m[2mKeyboard Shortcuts Text Formatting
[22m[39mUpdating existing suggestion node in place
[90mstdout[2m | src/components/Editor3/Editor.stories.jsx[2m > [22m[2mKeyboard Shortcuts Text Formatting
[22m[39mStreaming chunk, total length: 128
[90mstdout[2m | src/components/Editor3/Editor.stories.jsx[2m > [22m[2mKeyboard Shortcuts Text Formatting
[22m[39mupdateSuggestion called with text: This is a sample paragraph about Japanese language. The hiragana writing system consists of 46 basic characters. Each character 
[90mstdout[2m | src/components/Editor3/Editor.stories.jsx[2m > [22m[2mKeyboard Shortcuts Text Formatting
[22m[39mUpdating existing suggestion node in place
[90mstdout[2m | src/components/Editor3/Editor.stories.jsx[2m > [22m[2mKeyboard Shortcuts Text Formatting
[22m[39mStreaming chunk, total length: 161
[90mstdout[2m | src/components/Editor3/Editor.stories.jsx[2m > [22m[2mKeyboard Shortcuts Text Formatting
[22m[39mupdateSuggestion called with text: This is a sample paragraph about Japanese language. The hiragana writing system consists of 46 basic characters. Each character represents a syllable, making it 
[90mstdout[2m | src/components/Editor3/Editor.stories.jsx[2m > [22m[2mKeyboard Shortcuts Text Formatting
[22m[39mUpdating existing suggestion node in place
[90mstdout[2m | src/components/Editor3/Editor.stories.jsx[2m > [22m[2mKeyboard Shortcuts Text Formatting
[22m[39mStreaming chunk, total length: 139
[90mstdout[2m | src/components/Editor3/Editor.stories.jsx[2m > [22m[2mKeyboard Shortcuts Text Formatting
[22m[39mupdateSuggestion called with text: This is a sample paragraph about Japanese language. The hiragana writing system consists of 46 basic characters. Each character represents 
[90mstdout[2m | src/components/Editor3/Editor.stories.jsx[2m > [22m[2mKeyboard Shortcuts Text Formatting
[22m[39mUpdating existing suggestion node in place
[90mstdout[2m | src/components/Editor3/Editor.stories.jsx[2m > [22m[2mKeyboard Shortcuts Text Formatting
[22m[39mStreaming chunk, total length: 163
[90mstdout[2m | src/components/Editor3/Editor.stories.jsx[2m > [22m[2mKeyboard Shortcuts Text Formatting
[22m[39mupdateSuggestion called with text: This is a sample paragraph about Japanese language. The hiragana writing system consists of 46 basic characters. Each character represents a syllable, making it a 
[90mstdout[2m | src/components/Editor3/Editor.stories.jsx[2m > [22m[2mKeyboard Shortcuts Text Formatting
[22m[39mUpdating existing suggestion node in place
[90mstdout[2m | src/components/Editor3/Editor.stories.jsx[2m > [22m[2mKeyboard Shortcuts Text Formatting
[22m[39mStreaming chunk, total length: 141
[90mstdout[2m | src/components/Editor3/Editor.stories.jsx[2m > [22m[2mKeyboard Shortcuts Text Formatting
[22m[39mupdateSuggestion called with text: This is a sample paragraph about Japanese language. The hiragana writing system consists of 46 basic characters. Each character represents a 
[90mstdout[2m | src/components/Editor3/Editor.stories.jsx[2m > [22m[2mKeyboard Shortcuts Text Formatting
[22m[39mUpdating existing suggestion node in place
[90mstdout[2m | src/components/Editor3/Editor.stories.jsx[2m > [22m[2mKeyboard Shortcuts Text Formatting
[22m[39mStreaming chunk, total length: 173
[90mstdout[2m | src/components/Editor3/Editor.stories.jsx[2m > [22m[2mKeyboard Shortcuts Text Formatting
[22m[39mupdateSuggestion called with text: This is a sample paragraph about Japanese language. The hiragana writing system consists of 46 basic characters. Each character represents a syllable, making it a syllabary 
[90mstdout[2m | src/components/Editor3/Editor.stories.jsx[2m > [22m[2mKeyboard Shortcuts Text Formatting
[22m[39mUpdating existing suggestion node in place
[90mstdout[2m | src/components/Editor3/Editor.stories.jsx[2m > [22m[2mKeyboard Shortcuts Text Formatting
[22m[39mStreaming chunk, total length: 151
[90mstdout[2m | src/components/Editor3/Editor.stories.jsx[2m > [22m[2mKeyboard Shortcuts Text Formatting
[22m[39mupdateSuggestion called with text: This is a sample paragraph about Japanese language. The hiragana writing system consists of 46 basic characters. Each character represents a syllable, 
[90mstdout[2m | src/components/Editor3/Editor.stories.jsx[2m > [22m[2mKeyboard Shortcuts Text Formatting
[22m[39mUpdating existing suggestion node in place
[90mstdout[2m | src/components/Editor3/Editor.stories.jsx[2m > [22m[2mKeyboard Shortcuts Text Formatting
[22m[39mStreaming chunk, total length: 180
[90mstdout[2m | src/components/Editor3/Editor.stories.jsx[2m > [22m[2mKeyboard Shortcuts Text Formatting
[22m[39mupdateSuggestion called with text: This is a sample paragraph about Japanese language. The hiragana writing system consists of 46 basic characters. Each character represents a syllable, making it a syllabary rather 
[90mstdout[2m | src/components/Editor3/Editor.stories.jsx[2m > [22m[2mKeyboard Shortcuts Text Formatting
[22m[39mUpdating existing suggestion node in place
[90mstdout[2m | src/components/Editor3/Editor.stories.jsx[2m > [22m[2mKeyboard Shortcuts Text Formatting
[22m[39mStreaming chunk, total length: 158
[90mstdout[2m | src/components/Editor3/Editor.stories.jsx[2m > [22m[2mKeyboard Shortcuts Text Formatting
[22m[39mupdateSuggestion called with text: This is a sample paragraph about Japanese language. The hiragana writing system consists of 46 basic characters. Each character represents a syllable, making 
[90mstdout[2m | src/components/Editor3/Editor.stories.jsx[2m > [22m[2mKeyboard Shortcuts Text Formatting
[22m[39mUpdating existing suggestion node in place
[90mstdout[2m | src/components/Editor3/Editor.stories.jsx[2m > [22m[2mKeyboard Shortcuts Text Formatting
[22m[39mStreaming chunk, total length: 185
[90mstdout[2m | src/components/Editor3/Editor.stories.jsx[2m > [22m[2mKeyboard Shortcuts Text Formatting
[22m[39mupdateSuggestion called with text: This is a sample paragraph about Japanese language. The hiragana writing system consists of 46 basic characters. Each character represents a syllable, making it a syllabary rather than 
[90mstdout[2m | src/components/Editor3/Editor.stories.jsx[2m > [22m[2mKeyboard Shortcuts Text Formatting
[22m[39mUpdating existing suggestion node in place
[90mstdout[2m | src/components/Editor3/Editor.stories.jsx[2m > [22m[2mKeyboard Shortcuts Text Formatting
[22m[39mStreaming chunk, total length: 161
[90mstdout[2m | src/components/Editor3/Editor.stories.jsx[2m > [22m[2mKeyboard Shortcuts Text Formatting
[22m[39mupdateSuggestion called with text: This is a sample paragraph about Japanese language. The hiragana writing system consists of 46 basic characters. Each character represents a syllable, making it 
[90mstdout[2m | src/components/Editor3/Editor.stories.jsx[2m > [22m[2mKeyboard Shortcuts Text Formatting
[22m[39mUpdating existing suggestion node in place
[90mstdout[2m | src/components/Editor3/Editor.stories.jsx[2m > [22m[2mKeyboard Shortcuts Text Formatting
[22m[39mStreaming chunk, total length: 188
[90mstdout[2m | src/components/Editor3/Editor.stories.jsx[2m > [22m[2mKeyboard Shortcuts Text Formatting
[22m[39mupdateSuggestion called with text: This is a sample paragraph about Japanese language. The hiragana writing system consists of 46 basic characters. Each character represents a syllable, making it a syllabary rather than an 
[90mstdout[2m | src/components/Editor3/Editor.stories.jsx[2m > [22m[2mKeyboard Shortcuts Text Formatting
[22m[39mUpdating existing suggestion node in place
[90mstdout[2m | src/components/Editor3/Editor.stories.jsx[2m > [22m[2mKeyboard Shortcuts Text Formatting
[22m[39mStreaming chunk, total length: 163
[90mstdout[2m | src/components/Editor3/Editor.stories.jsx[2m > [22m[2mKeyboard Shortcuts Text Formatting
[22m[39mupdateSuggestion called with text: This is a sample paragraph about Japanese language. The hiragana writing system consists of 46 basic characters. Each character represents a syllable, making it a 
[90mstdout[2m | src/components/Editor3/Editor.stories.jsx[2m > [22m[2mKeyboard Shortcuts Text Formatting
[22m[39mUpdating existing suggestion node in place
[90mstdout[2m | src/components/Editor3/Editor.stories.jsx[2m > [22m[2mKeyboard Shortcuts Text Formatting
[22m[39mStreaming chunk, total length: 197
[90mstdout[2m | src/components/Editor3/Editor.stories.jsx[2m > [22m[2mKeyboard Shortcuts Text Formatting
[22m[39mupdateSuggestion called with text: This is a sample paragraph about Japanese language. The hiragana writing system consists of 46 basic characters. Each character represents a syllable, making it a syllabary rather than an alphabet.
[90mstdout[2m | src/components/Editor3/Editor.stories.jsx[2m > [22m[2mKeyboard Shortcuts Text Formatting
[22m[39mUpdating existing suggestion node in place
[90mstdout[2m | src/components/Editor3/Editor.stories.jsx[2m > [22m[2mKeyboard Shortcuts Text Formatting
[22m[39mStreaming chunk, total length: 197
[90mstdout[2m | src/components/Editor3/Editor.stories.jsx[2m > [22m[2mKeyboard Shortcuts Text Formatting
[22m[39mupdateSuggestion called with text: This is a sample paragraph about Japanese language. The hiragana writing system consists of 46 basic characters. Each character represents a syllable, making it a syllabary rather than an alphabet.
[90mstdout[2m | src/components/Editor3/Editor.stories.jsx[2m > [22m[2mKeyboard Shortcuts Text Formatting
[22m[39mUpdating existing suggestion node in place
[90mstdout[2m | src/components/Editor3/Editor.stories.jsx[2m > [22m[2mKeyboard Shortcuts Text Formatting
[22m[39mFinal completion: This is a sample paragraph about Japanese language. The hiragana writing system consists of 46 basic characters. Each character represents a syllable, making it a syllabary rather than an alphabet.
[90mstdout[2m | src/components/Editor3/Editor.stories.jsx[2m > [22m[2mKeyboard Shortcuts Text Formatting
[22m[39mupdateSuggestion called with text: This is a sample paragraph about Japanese language. The hiragana writing system consists of 46 basic characters. Each character represents a syllable, making it a syllabary rather than an alphabet.
[90mstdout[2m | src/components/Editor3/Editor.stories.jsx[2m > [22m[2mKeyboard Shortcuts Text Formatting
[22m[39mUpdating existing suggestion node in place
[90mstdout[2m | src/components/Editor3/Editor.stories.jsx[2m > [22m[2mKeyboard Shortcuts Text Formatting
[22m[39mStreaming chunk, total length: 173
[90mstdout[2m | src/components/Editor3/Editor.stories.jsx[2m > [22m[2mKeyboard Shortcuts Text Formatting
[22m[39mupdateSuggestion called with text: This is a sample paragraph about Japanese language. The hiragana writing system consists of 46 basic characters. Each character represents a syllable, making it a syllabary 
[90mstdout[2m | src/components/Editor3/Editor.stories.jsx[2m > [22m[2mKeyboard Shortcuts Text Formatting
[22m[39mUpdating existing suggestion node in place
[90mstdout[2m | src/components/Editor3/Editor.stories.jsx[2m > [22m[2mKeyboard Shortcuts Text Formatting
[22m[39mStreaming chunk, total length: 180
[90mstdout[2m | src/components/Editor3/Editor.stories.jsx[2m > [22m[2mKeyboard Shortcuts Text Formatting
[22m[39mupdateSuggestion called with text: This is a sample paragraph about Japanese language. The hiragana writing system consists of 46 basic characters. Each character represents a syllable, making it a syllabary rather 
[90mstdout[2m | src/components/Editor3/Editor.stories.jsx[2m > [22m[2mKeyboard Shortcuts Text Formatting
[22m[39mUpdating existing suggestion node in place
[90mstdout[2m | src/components/Editor3/Editor.stories.jsx[2m > [22m[2mKeyboard Shortcuts Text Formatting
[22m[39mStreaming chunk, total length: 185
[90mstdout[2m | src/components/Editor3/Editor.stories.jsx[2m > [22m[2mKeyboard Shortcuts Text Formatting
[22m[39mupdateSuggestion called with text: This is a sample paragraph about Japanese language. The hiragana writing system consists of 46 basic characters. Each character represents a syllable, making it a syllabary rather than 
[90mstdout[2m | src/components/Editor3/Editor.stories.jsx[2m > [22m[2mKeyboard Shortcuts Text Formatting
[22m[39mUpdating existing suggestion node in place
[90mstdout[2m | src/components/Editor3/Editor.stories.jsx[2m > [22m[2mKeyboard Shortcuts Text Formatting
[22m[39mStreaming chunk, total length: 188
[90mstdout[2m | src/components/Editor3/Editor.stories.jsx[2m > [22m[2mKeyboard Shortcuts Text Formatting
[22m[39mupdateSuggestion called with text: This is a sample paragraph about Japanese language. The hiragana writing system consists of 46 basic characters. Each character represents a syllable, making it a syllabary rather than an 
[90mstdout[2m | src/components/Editor3/Editor.stories.jsx[2m > [22m[2mKeyboard Shortcuts Text Formatting
[22m[39mUpdating existing suggestion node in place
[90mstdout[2m | src/components/Editor3/Editor.stories.jsx[2m > [22m[2mKeyboard Shortcuts Text Formatting
[22m[39mStreaming chunk, total length: 197
[90mstdout[2m | src/components/Editor3/Editor.stories.jsx[2m > [22m[2mKeyboard Shortcuts Text Formatting
[22m[39mupdateSuggestion called with text: This is a sample paragraph about Japanese language. The hiragana writing system consists of 46 basic characters. Each character represents a syllable, making it a syllabary rather than an alphabet.
[90mstdout[2m | src/components/Editor3/Editor.stories.jsx[2m > [22m[2mKeyboard Shortcuts Text Formatting
[22m[39mUpdating existing suggestion node in place
[90mstdout[2m | src/components/Editor3/Editor.stories.jsx[2m > [22m[2mKeyboard Shortcuts Text Formatting
[22m[39mStreaming chunk, total length: 197
[90mstdout[2m | src/components/Editor3/Editor.stories.jsx[2m > [22m[2mKeyboard Shortcuts Text Formatting
[22m[39mupdateSuggestion called with text: This is a sample paragraph about Japanese language. The hiragana writing system consists of 46 basic characters. Each character represents a syllable, making it a syllabary rather than an alphabet.
[90mstdout[2m | src/components/Editor3/Editor.stories.jsx[2m > [22m[2mKeyboard Shortcuts Text Formatting
[22m[39mUpdating existing suggestion node in place
[90mstdout[2m | src/components/Editor3/Editor.stories.jsx[2m > [22m[2mKeyboard Shortcuts Text Formatting
[22m[39mFinal completion: This is a sample paragraph about Japanese language. The hiragana writing system consists of 46 basic characters. Each character represents a syllable, making it a syllabary rather than an alphabet.
[90mstdout[2m | src/components/Editor3/Editor.stories.jsx[2m > [22m[2mKeyboard Shortcuts Text Formatting
[22m[39mupdateSuggestion called with text: This is a sample paragraph about Japanese language. The hiragana writing system consists of 46 basic characters. Each character represents a syllable, making it a syllabary rather than an alphabet.
[90mstdout[2m | src/components/Editor3/Editor.stories.jsx[2m > [22m[2mKeyboard Shortcuts Text Formatting
[22m[39mUpdating existing suggestion node in place
[90mstdout[2m | src/components/Gamification/__tests__/SkillForm.test.tsx
[22m[39m✓ Loaded .env.test

[90mstdout[2m | src/components/Gamification/__tests__/MissingUnitTests.test.tsx
[22m[39m✓ Loaded .env.test

[90mstdout[2m | src/components/Editor3/Editor.stories.jsx[2m > [22m[2mKeyboard Shortcuts Text Formatting
[22m[39m[Editor onChange] Skipping save - no initial state loaded yet
[90mstdout[2m | src/components/Editor3/Editor.stories.jsx[2m > [22m[2mKeyboard Shortcuts Text Formatting
[22m[39m[Editor onChange] Skipping save - no initial state loaded yet
[90mstdout[2m | src/components/Editor3/Editor.stories.jsx[2m > [22m[2mKeyboard Shortcuts Text Formatting
[22m[39m[Editor onChange] Skipping save - no initial state loaded yet
[90mstdout[2m | src/components/Editor3/Editor.stories.jsx[2m > [22m[2mKeyboard Shortcuts Text Formatting
[22m[39m[Editor onChange] Skipping save - no initial state loaded yet
[90mstdout[2m | src/components/Editor3/Editor.stories.jsx[2m > [22m[2mKeyboard Shortcuts Text Formatting
[22m[39m[Editor onChange] Skipping save - no initial state loaded yet
[90mstdout[2m | src/components/Editor3/Editor.stories.jsx[2m > [22m[2mKeyboard Shortcuts Text Formatting
[22m[39m[Editor onChange] Skipping save - no initial state loaded yet
[90mstdout[2m | src/components/Editor3/Editor.stories.jsx[2m > [22m[2mKeyboard Shortcuts Text Formatting
[22m[39m[Editor onChange] Skipping save - no initial state loaded yet
 [32m✓[39m [30m[45m integration [49m[39m test/integration/file-manager.test.tsx [2m([22m[2m7 tests[22m[2m)[22m[33m 1154[2mms[22m[39m
     [33m[2m✓[22m[39m renders upload button with aria-label [33m 496[2mms[22m[39m
 [32m✓[39m [30m[45m integration [49m[39m test/integration/dictionary-editor.test.tsx [2m([22m[2m10 tests[22m[2m)[22m[33m 5500[2mms[22m[39m
     [33m[2m✓[22m[39m renders toolbar with search input [33m 837[2mms[22m[39m
     [33m[2m✓[22m[39m renders expand all button [33m 419[2mms[22m[39m
     [33m[2m✓[22m[39m allows typing in search input [33m 302[2mms[22m[39m
     [33m[2m✓[22m[39m opens new word dialog when button is clicked [33m 435[2mms[22m[39m
     [33m[2m✓[22m[39m shows form fields in new word dialog [33m 340[2mms[22m[39m
     [33m[2m✓[22m[39m fills and submits new word form [33m 2075[2mms[22m[39m
     [33m[2m✓[22m[39m disables actions button when nothing selected [33m 310[2mms[22m[39m
[90mstdout[2m | src/components/Editor3/Editor.stories.jsx[2m > [22m[2mKeyboard Shortcuts Text Formatting
[22m[39m[Editor onChange] Skipping save - no initial state loaded yet
[90mstdout[2m | src/components/Editor3/Editor.stories.jsx[2m > [22m[2mKeyboard Shortcuts Text Formatting
[22m[39m🔑 ENTER KEY pressed in editor
[90mstdout[2m | src/components/Editor3/Editor.stories.jsx[2m > [22m[2mKeyboard Shortcuts Text Formatting
[22m[39m❌ Not in a code node
[90mstdout[2m | src/components/Editor3/Editor.stories.jsx[2m > [22m[2mKeyboard Shortcuts Text Formatting
[22m[39m[Editor onChange] Skipping save - no initial state loaded yet
[90mstdout[2m | src/components/Editor3/Editor.stories.jsx[2m > [22m[2mKeyboard Shortcuts Text Formatting
[22m[39m[Editor onChange] Skipping save - no initial state loaded yet
[90mstdout[2m | test/unit/custom-ai-grading.test.ts
[22m[39m✓ Loaded .env.test

[90mstdout[2m | amplify/functions/__tests__/gamification-easterEgg.test.ts
[22m[39m✓ Loaded .env.test

[90mstdout[2m | src/components/Editor3/Editor.stories.jsx[2m > [22m[2mKeyboard Shortcuts Text Formatting
[22m[39m[Editor onChange] Skipping save - no initial state loaded yet
[90mstdout[2m | src/components/Editor3/Editor.stories.jsx[2m > [22m[2mKeyboard Shortcuts Text Formatting
[22m[39m[Editor onChange] Skipping save - no initial state loaded yet
[90mstdout[2m | src/components/Editor3/Editor.stories.jsx[2m > [22m[2mKeyboard Shortcuts Text Formatting
[22m[39m[Editor onChange] Skipping save - no initial state loaded yet
[90mstdout[2m | src/components/Editor3/Editor.stories.jsx[2m > [22m[2mKeyboard Shortcuts Text Formatting
[22m[39m[Editor onChange] Skipping save - no initial state loaded yet
[90mstdout[2m | src/components/Editor3/Editor.stories.jsx[2m > [22m[2mKeyboard Shortcuts Text Formatting
[22m[39m[Editor onChange] Skipping save - no initial state loaded yet
[90mstdout[2m | src/components/Editor3/Editor.stories.jsx[2m > [22m[2mKeyboard Shortcuts Text Formatting
[22m[39m[Editor onChange] Skipping save - no initial state loaded yet
[90mstdout[2m | src/components/Editor3/Editor.stories.jsx[2m > [22m[2mKeyboard Shortcuts Text Formatting
[22m[39m[Editor onChange] Skipping save - no initial state loaded yet
[90mstdout[2m | src/components/Editor3/Editor.stories.jsx[2m > [22m[2mKeyboard Shortcuts Text Formatting
[22m[39m[Editor onChange] Skipping save - no initial state loaded yet
[90mstdout[2m | src/components/Editor3/Editor.stories.jsx[2m > [22m[2mKeyboard Shortcuts Text Formatting
[22m[39m[Editor onChange] Skipping save - no initial state loaded yet
[90mstdout[2m | src/components/Editor3/Editor.stories.jsx[2m > [22m[2mKeyboard Shortcuts Text Formatting
[22m[39m🔑 ENTER KEY pressed in editor
[90mstdout[2m | src/components/Editor3/Editor.stories.jsx[2m > [22m[2mKeyboard Shortcuts Text Formatting
[22m[39m❌ Not in a code node
[90mstdout[2m | src/components/Editor3/Editor.stories.jsx[2m > [22m[2mKeyboard Shortcuts Text Formatting
[22m[39m[Editor onChange] Skipping save - no initial state loaded yet
 [32m✓[39m [30m[42m unit [49m[39m test/unit/custom-ai-grading.test.ts [2m([22m[2m12 tests[22m[2m)[22m[33m 2535[2mms[22m[39m
     [33m[2m✓[22m[39m custom-ai is in the graded block types [33m 2504[2mms[22m[39m
[90mstdout[2m | src/components/Editor3/Editor.stories.jsx[2m > [22m[2mKeyboard Shortcuts Text Formatting
[22m[39m[Editor onChange] Skipping save - no initial state loaded yet
 [32m✓[39m [30m[42m unit [49m[39m amplify/functions/__tests__/gamification-easterEgg.test.ts [2m([22m[2m6 tests[22m[2m)[22m[33m 2673[2mms[22m[39m
     [33m[2m✓[22m[39m should return empty discovered array when no active easter eggs [33m 1416[2mms[22m[39m
     [33m[2m✓[22m[39m should create discovery and award XP for new egg [33m 642[2mms[22m[39m
 [32m✓[39m [30m[42m unit [49m[39m src/components/Gamification/__tests__/SkillForm.test.tsx [2m([22m[2m10 tests[22m[2m)[22m[33m 4753[2mms[22m[39m
     [33m[2m✓[22m[39m renders all form fields [33m 539[2mms[22m[39m
     [33m[2m✓[22m[39m submit button is enabled with valid title [33m 615[2mms[22m[39m
     [33m[2m✓[22m[39m calls onSubmit with correct data [33m 1851[2mms[22m[39m
     [33m[2m✓[22m[39m resets form after submission [33m 507[2mms[22m[39m
[90mstdout[2m | src/components/Editor3/Editor.stories.jsx[2m > [22m[2mKeyboard Shortcuts Text Formatting
[22m[39m[Editor onChange] Skipping save - no initial state loaded yet
 [32m✓[39m [30m[42m unit [49m[39m src/components/Gamification/__tests__/MissingUnitTests.test.tsx [2m([22m[2m27 tests[22m[2m)[22m[33m 3710[2mms[22m[39m
     [33m[2m✓[22m[39m opens popover on badge click [33m 1032[2mms[22m[39m
     [33m[2m✓[22m[39m shows "Locked" in popover for unearned badges [33m 399[2mms[22m[39m
[90mstdout[2m | src/components/Editor3/Editor.stories.jsx[2m > [22m[2mKeyboard Shortcuts Text Formatting
[22m[39m[Editor onChange] Skipping save - no initial state loaded yet
[90mstdout[2m | src/components/Editor3/Editor.stories.jsx[2m > [22m[2mKeyboard Shortcuts Text Formatting
[22m[39m[Editor onChange] Skipping save - no initial state loaded yet
[90mstdout[2m | src/components/Editor3/Editor.stories.jsx[2m > [22m[2mKeyboard Shortcuts Text Formatting
[22m[39m[Editor onChange] Skipping save - no initial state loaded yet
[90mstdout[2m | src/components/Editor3/Editor.stories.jsx[2m > [22m[2mKeyboard Shortcuts Text Formatting
[22m[39m[Editor onChange] Skipping save - no initial state loaded yet
[90mstdout[2m | src/components/Editor3/Editor.stories.jsx[2m > [22m[2mKeyboard Shortcuts Text Formatting
[22m[39m[Editor onChange] Skipping save - no initial state loaded yet
[90mstdout[2m | src/components/Editor3/Editor.stories.jsx[2m > [22m[2mKeyboard Shortcuts Text Formatting
[22m[39m[Editor onChange] Skipping save - no initial state loaded yet
[90mstdout[2m | src/components/Editor3/Editor.stories.jsx[2m > [22m[2mKeyboard Shortcuts Text Formatting
[22m[39m[Editor onChange] Skipping save - no initial state loaded yet
[90mstdout[2m | src/components/Editor3/Editor.stories.jsx[2m > [22m[2mKeyboard Shortcuts Text Formatting
[22m[39m[Editor onChange] Skipping save - no initial state loaded yet
[90mstdout[2m | amplify/functions/__tests__/gamification-squadChallenge.test.ts
[22m[39m✓ Loaded .env.test

[90mstdout[2m | amplify/functions/__tests__/gamification-streakFreeze.test.ts
[22m[39m✓ Loaded .env.test

[90mstdout[2m | amplify/functions/__tests__/gamification-xpAward.test.ts
[22m[39m✓ Loaded .env.test

[90mstdout[2m | src/components/Editor3/Editor.stories.jsx[2m > [22m[2mKeyboard Shortcuts Text Formatting
[22m[39m[Editor onChange] Skipping save - no initial state loaded yet
[90mstdout[2m | amplify/functions/__tests__/section.integration.test.ts
[22m[39m✓ Loaded .env.test

[90mstdout[2m | src/components/Editor3/Editor.stories.jsx[2m > [22m[2mKeyboard Shortcuts Text Formatting
[22m[39m[Editor onChange] Skipping save - no initial state loaded yet
[90mstdout[2m | src/components/Editor3/Editor.stories.jsx[2m > [22m[2mKeyboard Shortcuts Text Formatting
[22m[39m🔑 ENTER KEY pressed in editor
[90mstdout[2m | src/components/Editor3/Editor.stories.jsx[2m > [22m[2mKeyboard Shortcuts Text Formatting
[22m[39m❌ Not in a code node
[90mstdout[2m | src/components/Editor3/Editor.stories.jsx[2m > [22m[2mKeyboard Shortcuts Text Formatting
[22m[39m[Editor onChange] Skipping save - no initial state loaded yet
[90mstdout[2m | src/components/Editor3/Editor.stories.jsx[2m > [22m[2mKeyboard Shortcuts Text Formatting
[22m[39m[Editor onChange] Skipping save - no initial state loaded yet
 [32m✓[39m [30m[42m unit [49m[39m src/components/Gamification/__tests__/BossBattleForm.test.tsx [2m([22m[2m11 tests[22m[2m)[22m[33m 11320[2mms[22m[39m
     [33m[2m✓[22m[39m renders all form fields [33m 606[2mms[22m[39m
     [33m[2m✓[22m[39m submit button is disabled when targetXP is empty [33m 1034[2mms[22m[39m
     [33m[2m✓[22m[39m submit button is enabled with valid title and targetXP [33m 1568[2mms[22m[39m
     [33m[2m✓[22m[39m calls onSubmit with default stakes on form submission [33m 2692[2mms[22m[39m
     [33m[2m✓[22m[39m toggles stake switches and submits updated stakes [33m 2244[2mms[22m[39m
     [33m[2m✓[22m[39m resets form after successful submission [33m 2215[2mms[22m[39m
[90mstdout[2m | src/components/Editor3/Editor.stories.jsx[2m > [22m[2mKeyboard Shortcuts Text Formatting
[22m[39m[Editor onChange] Skipping save - no initial state loaded yet
 [32m✓[39m [30m[42m unit [49m[39m amplify/functions/__tests__/gamification-streakFreeze.test.ts [2m([22m[2m5 tests[22m[2m)[22m[33m 2037[2mms[22m[39m
     [33m[2m✓[22m[39m should create a new streak with freezesRemaining=0 for first activity [33m 1257[2mms[22m[39m
 [32m✓[39m [30m[42m unit [49m[39m amplify/functions/__tests__/gamification-xpAward.test.ts [2m([22m[2m5 tests[22m[2m)[22m[33m 2029[2mms[22m[39m
     [33m[2m✓[22m[39m should export a handler function [33m 1253[2mms[22m[39m
[90mstdout[2m | src/components/Editor3/Editor.stories.jsx[2m > [22m[2mKeyboard Shortcuts Text Formatting
[22m[39m[Editor onChange] Skipping save - no initial state loaded yet
[90mstdout[2m | src/components/Editor3/Editor.stories.jsx[2m > [22m[2mKeyboard Shortcuts Text Formatting
[22m[39m[Editor onChange] Skipping save - no initial state loaded yet
 [32m✓[39m [30m[42m unit [49m[39m amplify/functions/__tests__/gamification-squadChallenge.test.ts [2m([22m[2m6 tests[22m[2m)[22m[33m 2318[2mms[22m[39m
     [33m[2m✓[22m[39m should return not updated when student has no squad memberships [33m 1337[2mms[22m[39m
[90mstdout[2m | src/components/Editor3/Editor.stories.jsx[2m > [22m[2mKeyboard Shortcuts Text Formatting
[22m[39m[Editor onChange] Skipping save - no initial state loaded yet
[90mstdout[2m | src/components/Editor3/Editor.stories.jsx[2m > [22m[2mKeyboard Shortcuts Text Formatting
[22m[39m[Editor onChange] Skipping save - no initial state loaded yet
[90mstdout[2m | src/components/Editor3/Editor.stories.jsx[2m > [22m[2mKeyboard Shortcuts Text Formatting
[22m[39m[Editor onChange] Skipping save - no initial state loaded yet
[90mstdout[2m | src/components/Editor3/Editor.stories.jsx[2m > [22m[2mKeyboard Shortcuts Text Formatting
[22m[39m[Editor onChange] Skipping save - no initial state loaded yet
[90mstdout[2m | src/components/Editor3/Editor.stories.jsx[2m > [22m[2mKeyboard Shortcuts Text Formatting
[22m[39m[Editor onChange] Skipping save - no initial state loaded yet
[90mstdout[2m | src/components/Editor3/Editor.stories.jsx[2m > [22m[2mKeyboard Shortcuts Text Formatting
[22m[39m[Editor onChange] Skipping save - no initial state loaded yet
[90mstdout[2m | src/components/Editor3/Editor.stories.jsx[2m > [22m[2mKeyboard Shortcuts Text Formatting
[22m[39m[Editor onChange] Skipping save - no initial state loaded yet
[90mstdout[2m | amplify/functions/__tests__/gamification-personalBest.test.ts
[22m[39m✓ Loaded .env.test

[90mstdout[2m | src/components/Gamification/__tests__/SectionSelector.test.tsx
[22m[39m✓ Loaded .env.test

[90mstdout[2m | src/components/Editor3/components/__tests__/QuizComponent.test.tsx
[22m[39m✓ Loaded .env.test

[90mstdout[2m | src/components/Editor3/Editor.stories.jsx[2m > [22m[2mKeyboard Shortcuts Text Formatting
[22m[39m[Editor onChange] Skipping save - no initial state loaded yet
[90mstdout[2m | amplify/functions/__tests__/gamification-studentMemory.test.ts
[22m[39m✓ Loaded .env.test

 [32m✓[39m [30m[42m unit [49m[39m amplify/functions/__tests__/section.integration.test.ts [2m([22m[2m7 tests[22m[2m)[22m[33m 3427[2mms[22m[39m
     [33m[2m✓[22m[39m should require auth token [33m 3402[2mms[22m[39m
[90mstdout[2m | src/components/Editor3/Editor.stories.jsx[2m > [22m[2mKeyboard Shortcuts Text Formatting
[22m[39m[Editor onChange] Skipping save - no initial state loaded yet
[90mstdout[2m | src/components/Editor3/Editor.stories.jsx[2m > [22m[2mKeyboard Shortcuts Text Formatting
[22m[39m[Editor onChange] Skipping save - no initial state loaded yet
[90mstdout[2m | src/components/Editor3/Editor.stories.jsx[2m > [22m[2mKeyboard Shortcuts Text Formatting
[22m[39m🔑 ENTER KEY pressed in editor
[90mstdout[2m | src/components/Editor3/Editor.stories.jsx[2m > [22m[2mKeyboard Shortcuts Text Formatting
[22m[39m❌ Not in a code node
[90mstdout[2m | src/components/Editor3/Editor.stories.jsx[2m > [22m[2mKeyboard Shortcuts Text Formatting
[22m[39m[Editor onChange] Skipping save - no initial state loaded yet
 [32m✓[39m [30m[42m unit [49m[39m amplify/functions/__tests__/gamification-personalBest.test.ts [2m([22m[2m4 tests[22m[2m)[22m[33m 2200[2mms[22m[39m
     [33m[2m✓[22m[39m should create a new PB record on first attempt [33m 1732[2mms[22m[39m
[90mstdout[2m | src/components/Editor3/Editor.stories.jsx[2m > [22m[2mKeyboard Shortcuts Text Formatting
[22m[39m🔑 ENTER KEY pressed in editor
[90mstdout[2m | src/components/Editor3/Editor.stories.jsx[2m > [22m[2mKeyboard Shortcuts Text Formatting
[22m[39m❌ Not in a code node
[90mstdout[2m | src/components/DebugPanel/__tests__/DebugPanel.test.tsx
[22m[39m✓ Loaded .env.test

 [32m✓[39m [30m[42m unit [49m[39m amplify/functions/__tests__/gamification-studentMemory.test.ts [2m([22m[2m2 tests[22m[2m)[22m[33m 1799[2mms[22m[39m
     [33m[2m✓[22m[39m should create memory if none exists [33m 1624[2mms[22m[39m
[90mstdout[2m | src/components/Editor3/Editor.stories.jsx[2m > [22m[2mKeyboard Shortcuts Text Formatting
[22m[39m[Keyboard Shortcuts Demo] Section 9: Clear Formatting
[90mstdout[2m | src/components/Editor3/Editor.stories.jsx[2m > [22m[2mKeyboard Shortcuts Text Formatting
[22m[39m[Editor onChange] Skipping save - no initial state loaded yet
[90mstdout[2m | src/components/Editor3/Editor.stories.jsx[2m > [22m[2mKeyboard Shortcuts Text Formatting
[22m[39m[Editor onChange] Skipping save - no initial state loaded yet
[90mstdout[2m | src/components/Editor3/Editor.stories.jsx[2m > [22m[2mKeyboard Shortcuts Text Formatting
[22m[39m[Editor onChange] Skipping save - no initial state loaded yet
 [32m✓[39m [30m[42m unit [49m[39m src/components/Gamification/__tests__/SectionSelector.test.tsx [2m([22m[2m12 tests[22m[2m)[22m[33m 1765[2mms[22m[39m
     [33m[2m✓[22m[39m calls onSectionChange with section ID when selecting [33m 800[2mms[22m[39m
[90mstdout[2m | src/components/Editor3/Editor.stories.jsx[2m > [22m[2mKeyboard Shortcuts Text Formatting
[22m[39m[Editor onChange] Skipping save - no initial state loaded yet
[90mstdout[2m | src/components/Editor3/Editor.stories.jsx[2m > [22m[2mKeyboard Shortcuts Text Formatting
[22m[39m[Editor onChange] Skipping save - no initial state loaded yet
[90mstdout[2m | src/components/Editor3/Editor.stories.jsx[2m > [22m[2mKeyboard Shortcuts Text Formatting
[22m[39m[Editor onChange] Skipping save - no initial state loaded yet
[90mstdout[2m | amplify/functions/__tests__/gamification-leaderboard.test.ts
[22m[39m✓ Loaded .env.test

[90mstdout[2m | src/components/Editor3/Editor.stories.jsx[2m > [22m[2mKeyboard Shortcuts Text Formatting
[22m[39m[Editor onChange] Skipping save - no initial state loaded yet
[90mstdout[2m | src/components/DebugPanel/__tests__/LogViewer.test.tsx
[22m[39m✓ Loaded .env.test

[90mstdout[2m | src/components/Editor3/Editor.stories.jsx[2m > [22m[2mKeyboard Shortcuts Text Formatting
[22m[39m[Editor onChange] Skipping save - no initial state loaded yet
[90mstdout[2m | src/components/Editor3/Editor.stories.jsx[2m > [22m[2mKeyboard Shortcuts Text Formatting
[22m[39m[Editor onChange] Skipping save - no initial state loaded yet
[90mstdout[2m | src/components/Editor3/Editor.stories.jsx[2m > [22m[2mKeyboard Shortcuts Text Formatting
[22m[39m[Editor onChange] Skipping save - no initial state loaded yet
[90mstdout[2m | src/components/Editor3/Editor.stories.jsx[2m > [22m[2mKeyboard Shortcuts Text Formatting
[22m[39m[Editor onChange] Skipping save - no initial state loaded yet
[90mstdout[2m | src/components/Editor3/Editor.stories.jsx[2m > [22m[2mKeyboard Shortcuts Text Formatting
[22m[39m[Editor onChange] Skipping save - no initial state loaded yet
[90mstdout[2m | src/components/Editor3/Editor.stories.jsx[2m > [22m[2mKeyboard Shortcuts Text Formatting
[22m[39m[Editor onChange] Skipping save - no initial state loaded yet
[90mstdout[2m | src/components/Editor3/Editor.stories.jsx[2m > [22m[2mKeyboard Shortcuts Text Formatting
[22m[39m[Editor onChange] Skipping save - no initial state loaded yet
[90mstdout[2m | src/components/Editor3/Editor.stories.jsx[2m > [22m[2mKeyboard Shortcuts Text Formatting
[22m[39m[Editor onChange] Skipping save - no initial state loaded yet
[90mstdout[2m | src/components/Editor3/Editor.stories.jsx[2m > [22m[2mKeyboard Shortcuts Text Formatting
[22m[39m[Editor onChange] Skipping save - no initial state loaded yet
 [32m✓[39m [30m[42m unit [49m[39m src/components/Editor3/components/__tests__/QuizComponent.test.tsx [2m([22m[2m13 tests[22m[2m)[22m[33m 1784[2mms[22m[39m
[90mstdout[2m | src/components/Editor3/Editor.stories.jsx[2m > [22m[2mKeyboard Shortcuts Text Formatting
[22m[39m[Editor onChange] Skipping save - no initial state loaded yet
[90mstdout[2m | amplify/functions/__tests__/gamification-pipeline.test.ts
[22m[39m✓ Loaded .env.test

 [31m❯[39m [30m[45m integration [49m[39m test/integration/lambda.test.ts [2m([22m[2m52 tests[22m[2m | [22m[31m52 failed[39m[2m)[22m[33m 45927[2mms[22m[39m
[31m       [31m×[31m Send chat message with streaming response[39m[33m 2131[2mms[22m[39m
[31m       [31m×[31m Chat with context awareness[39m[33m 980[2mms[22m[39m
[31m       [31m×[31m Error handling for empty message[39m[33m 792[2mms[22m[39m
[31m       [31m×[31m Generate content completion for editor[39m[33m 787[2mms[22m[39m
[31m       [31m×[31m Content completion with context-aware suggestions[39m[33m 816[2mms[22m[39m
[31m       [31m×[31m Content completion respects user preferences[39m[33m 753[2mms[22m[39m
[31m       [31m×[31m Error handling for incomplete prompts[39m[33m 890[2mms[22m[39m
[31m       [31m×[31m Suggest quiz blocks for unit[39m[33m 928[2mms[22m[39m
[31m       [31m×[31m Suggest meaning-association blocks[39m[33m 875[2mms[22m[39m
[31m       [31m×[31m Suggest custom-answer blocks[39m[33m 760[2mms[22m[39m
[31m       [31m×[31m Validate block structure matches schema[39m[33m 787[2mms[22m[39m
[31m       [31m×[31m POST /chat streams chunks incrementally (not buffered)[39m[33m 776[2mms[22m[39m
[31m       [31m×[31m POST /content-completion streams chunks incrementally[39m[33m 754[2mms[22m[39m
[31m       [31m×[31m POST /suggest-blocks streams chunks incrementally[39m[33m 1224[2mms[22m[39m
[31m       [31m×[31m SSE events arrive in parseable order mid-stream[39m[33m 918[2mms[22m[39m
[31m       [31m×[31m Create dynamic section group[39m[33m 816[2mms[22m[39m
[31m       [31m×[31m Add self to section via join code[39m[33m 791[2mms[22m[39m
[31m       [31m×[31m Generate embedding for single text[39m[33m 821[2mms[22m[39m
[31m       [31m×[31m Generate embeddings with default dimensions[39m[33m 1100[2mms[22m[39m
[31m       [31m×[31m Verify embedding model is correct[39m[33m 827[2mms[22m[39m
[31m       [31m×[31m Generate embeddings for file[39m[33m 883[2mms[22m[39m
[31m       [31m×[31m Semantic search using embeddings[39m[33m 939[2mms[22m[39m
[31m       [31m×[31m Generate audio base64 from text (TTS)[39m[33m 913[2mms[22m[39m
[31m       [31m×[31m Transcribe audio URL (Whisper)[39m[33m 850[2mms[22m[39m
[31m       [31m×[31m Analyze image URL (GPT-4 Vision)[39m[33m 967[2mms[22m[39m
[31m       [31m×[31m Verify image content[39m[33m 824[2mms[22m[39m
[31m       [31m×[31m Verify short answer[39m[33m 854[2mms[22m[39m
[31m       [31m×[31m Verify word translation[39m[33m 766[2mms[22m[39m
[31m       [31m×[31m Verify audio content[39m[33m 868[2mms[22m[39m
[31m       [31m×[31m Error handling for failed operations[39m[33m 894[2mms[22m[39m
[31m       [31m×[31m Initiate document analysis[39m[33m 816[2mms[22m[39m
[31m       [31m×[31m Document analysis returns proper result structure[39m[33m 806[2mms[22m[39m
[31m       [31m×[31m Cancel document analysis[39m[33m 808[2mms[22m[39m
[31m       [31m×[31m Error handling for invalid file ID[39m[33m 945[2mms[22m[39m
[31m       [31m×[31m Generate embeddings for document[39m[33m 847[2mms[22m[39m
[31m       [31m×[31m Check text content for policy violations[39m[33m 749[2mms[22m[39m
[31m       [31m×[31m Moderation result has required fields[39m[33m 873[2mms[22m[39m
[31m       [31m×[31m Flag inappropriate content[39m[33m 720[2mms[22m[39m
[31m       [31m×[31m Store moderation results[39m[33m 1050[2mms[22m[39m
[31m       [31m×[31m Auto-reject flagged content[39m[33m 912[2mms[22m[39m
[31m       [31m×[31m Handle empty content[39m[33m 801[2mms[22m[39m
[31m       [31m×[31m Moderate image via URL returns moderation result[39m[33m 781[2mms[22m[39m
[31m       [31m×[31m Moderate image handles empty URL gracefully[39m[33m 778[2mms[22m[39m
[31m       [31m×[31m Moderate image rejects invalid URL format[39m[33m 770[2mms[22m[39m
[31m       [31m×[31m Moderate audio via URL transcribes and returns moderation result[39m[33m 927[2mms[22m[39m
[31m       [31m×[31m Moderate audio handles empty URL gracefully[39m[33m 895[2mms[22m[39m
[31m       [31m×[31m Moderate audio rejects invalid URL format[39m[33m 898[2mms[22m[39m
[31m       [31m×[31m verifyAudioUrl includes moderation result in response[39m[33m 751[2mms[22m[39m
[31m       [31m×[31m Text moderation uses omni-moderation-latest model[39m[33m 766[2mms[22m[39m
[31m       [31m×[31m moderateContent with modelName+recordId persists to Unit.moderation[39m[33m 853[2mms[22m[39m
[31m       [31m×[31m moderateContent with modelName+recordId persists flagged status[39m[33m 1003[2mms[22m[39m
[31m       [31m×[31m moderateContent without modelName+recordId does NOT modify records[39m[33m 880[2mms[22m[39m
[90mstdout[2m | src/components/Editor3/Editor.stories.jsx[2m > [22m[2mKeyboard Shortcuts Text Formatting
[22m[39m[Editor onChange] Skipping save - no initial state loaded yet
 [32m✓[39m [30m[42m unit [49m[39m amplify/functions/__tests__/gamification-leaderboard.test.ts [2m([22m[2m2 tests[22m[2m)[22m[33m 2856[2mms[22m[39m
     [33m[2m✓[22m[39m should rebuild leaderboard for multiple students in a cohort [33m 2510[2mms[22m[39m
     [33m[2m✓[22m[39m should skip rebuild when leaderboard is disabled [33m 333[2mms[22m[39m
[90mstdout[2m | src/components/Editor3/Editor.stories.jsx[2m > [22m[2mKeyboard Shortcuts Text Formatting
[22m[39m[Editor onChange] Skipping save - no initial state loaded yet
 [32m✓[39m [30m[42m unit [49m[39m src/components/DebugPanel/__tests__/DebugPanel.test.tsx [2m([22m[2m11 tests[22m[2m)[22m[33m 1501[2mms[22m[39m
     [33m[2m✓[22m[39m renders when open [33m 410[2mms[22m[39m
[90mstdout[2m | amplify/functions/__tests__/gamification-progressRecompute.test.ts
[22m[39m✓ Loaded .env.test

[90mstdout[2m | src/components/DebugPanel/__tests__/StateInspector.test.tsx
[22m[39m✓ Loaded .env.test

[90mstdout[2m | src/components/Editor3/components/__tests__/AnswerComponent.test.tsx
[22m[39m✓ Loaded .env.test

 [32m✓[39m [30m[42m unit [49m[39m amplify/functions/__tests__/gamification-pipeline.test.ts [2m([22m[2m4 tests[22m[2m)[22m[33m 2713[2mms[22m[39m
     [33m[2m✓[22m[39m completes the full award → badge → streak → personalBest → squad → challenge pipeline [33m 1808[2mms[22m[39m
     [33m[2m✓[22m[39m handles pipeline where awardXP detects duplicate [33m 408[2mms[22m[39m
 [32m✓[39m [30m[42m unit [49m[39m src/components/DebugPanel/__tests__/LogViewer.test.tsx [2m([22m[2m14 tests[22m[2m)[22m[33m 2184[2mms[22m[39m
     [33m[2m✓[22m[39m renders all logs [33m 375[2mms[22m[39m
[90mstdout[2m | src/components/Editor3/Editor.stories.jsx[2m > [22m[2mKeyboard Shortcuts Text Formatting
[22m[39m[Editor onChange] Skipping save - no initial state loaded yet
[90mstdout[2m | test/unit/notificationComponents.test.tsx
[22m[39m✓ Loaded .env.test

 [32m✓[39m [30m[42m unit [49m[39m amplify/functions/__tests__/gamification-progressRecompute.test.ts [2m([22m[2m3 tests[22m[2m)[22m[33m 2654[2mms[22m[39m
     [33m[2m✓[22m[39m should create progress record when none exists [33m 2214[2mms[22m[39m
[90mstdout[2m | src/components/Editor3/Editor.stories.jsx[2m > [22m[2mKeyboard Shortcuts Text Formatting
[22m[39m[Editor onChange] Skipping save - no initial state loaded yet
[90mstdout[2m | src/components/Gamification/__tests__/GamificationExpansion.test.tsx
[22m[39m✓ Loaded .env.test

[90mstdout[2m | src/components/Editor3/Editor.stories.jsx[2m > [22m[2mKeyboard Shortcuts Text Formatting
[22m[39m🔑 ENTER KEY pressed in editor
[90mstdout[2m | src/components/Editor3/Editor.stories.jsx[2m > [22m[2mKeyboard Shortcuts Text Formatting
[22m[39m❌ Not in a code node
[90mstdout[2m | src/components/Editor3/Editor.stories.jsx[2m > [22m[2mKeyboard Shortcuts Text Formatting
[22m[39m[Editor onChange] Skipping save - no initial state loaded yet
[90mstdout[2m | src/components/Editor3/Editor.stories.jsx[2m > [22m[2mKeyboard Shortcuts Text Formatting
[22m[39m🔑 ENTER KEY pressed in editor
[90mstdout[2m | src/components/Editor3/Editor.stories.jsx[2m > [22m[2mKeyboard Shortcuts Text Formatting
[22m[39m❌ Not in a code node
[90mstdout[2m | src/components/PeerReview/__tests__/PeerReviewJoinFlow.test.tsx
[22m[39m✓ Loaded .env.test

[90mstdout[2m | src/components/Editor3/Editor.stories.jsx[2m > [22m[2mKeyboard Shortcuts Block Types
[22m[39m[Editor onChange] Skipping save due to tags: [
  "history-merge",
]
[90mstdout[2m | src/components/Editor3/Editor.stories.jsx[2m > [22m[2mKeyboard Shortcuts Block Types
[22m[39m[ChatContext] Cleaning up subscriptions
[90mstdout[2m | src/components/Editor3/Editor.stories.jsx[2m > [22m[2mKeyboard Shortcuts Block Types
[22m[39m[Mock Data] Unit.onUpdate() subscription removed. Remaining: 0
[90mstdout[2m | src/components/Editor3/Editor.stories.jsx[2m > [22m[2mKeyboard Shortcuts Block Types
[22m[39m[useChatPageContext] Cleaning up page context
[90mstdout[2m | src/components/Editor3/Editor.stories.jsx[2m > [22m[2mKeyboard Shortcuts Block Types
[22m[39m[chatTools] Vector store search function registered: false
[90mstdout[2m | src/components/Editor3/Editor.stories.jsx[2m > [22m[2mKeyboard Shortcuts Block Types
[22m[39m[chatTools] Practice drill callback registered: false
 [32m✓[39m [30m[42m unit [49m[39m src/components/DebugPanel/__tests__/StateInspector.test.tsx [2m([22m[2m9 tests[22m[2m)[22m[33m 1784[2mms[22m[39m
     [33m[2m✓[22m[39m renders all sections [33m 410[2mms[22m[39m
[90mstdout[2m | src/components/Editor3/Editor.stories.jsx[2m > [22m[2mKeyboard Shortcuts Block Types
[22m[39m[Preview] Skipped initializing default mock data (initializeMockData=false)
[90mstdout[2m | src/components/Editor3/Editor.stories.jsx[2m > [22m[2mKeyboard Shortcuts Block Types
[22m[39m[Mock Data] seedMockUnit: Adding unit keyboard-shortcuts-block-types-id
[90mstdout[2m | src/components/DebugPanel/__tests__/ComponentTreeView.test.tsx
[22m[39m✓ Loaded .env.test

[90mstdout[2m | src/components/Editor3/Editor.stories.jsx[2m > [22m[2mKeyboard Shortcuts Block Types
[22m[39m[MOCK CourseVectorStore] Initialized with mock data
[90mstdout[2m | src/components/Editor3/Editor.stories.jsx[2m > [22m[2mKeyboard Shortcuts Block Types
[22m[39m[useTabState] Initialized with: {
  "leftOpen": false,
  "leftTab": 4,
  "leftWidth": 350,
  "rightOpen": false,
  "rightTab": 5,
  "rightWidth": 350,
} from URL: {} localStorage: null defaults: {
  "defaultLeftTab": 4,
  "defaultRightTab": 5,
}
[90mstdout[2m | src/components/Editor3/Editor.stories.jsx[2m > [22m[2mKeyboard Shortcuts Block Types
[22m[39m[FileManager2] Files received from context: 0 []
[90mstdout[2m | src/components/Editor3/Editor.stories.jsx[2m > [22m[2mKeyboard Shortcuts Block Types
[22m[39m[FileManager2] Upload useEffect triggered. filesToUpload: 0 uploadInProgress: false
[90mstdout[2m | src/components/Editor3/Editor.stories.jsx[2m > [22m[2mKeyboard Shortcuts Block Types
[22m[39m[FileManager2] Skipping upload - no files or already in progress
[90mstdout[2m | src/components/Editor3/Editor.stories.jsx[2m > [22m[2mKeyboard Shortcuts Block Types
[22m[39m[chatTools] Vector store search function registered: true
[90mstdout[2m | src/components/Editor3/Editor.stories.jsx[2m > [22m[2mKeyboard Shortcuts Block Types
[22m[39m[ChatSidebar] Registered vector store search, isReady: false
[90mstdout[2m | src/components/Editor3/Editor.stories.jsx[2m > [22m[2mKeyboard Shortcuts Block Types
[22m[39m[chatTools] Practice drill callback registered: true
[90mstdout[2m | src/components/Editor3/Editor.stories.jsx[2m > [22m[2mKeyboard Shortcuts Block Types
[22m[39m[useChatPageContext] Registering page context: {
  "dictionaryCount": 0,
  "filesCount": 0,
  "hasEditorRef": true,
  "hasUnit": true,
  "hasVectorStoreSearch": true,
  "questionsCount": 0,
  "sectionsCount": 0,
}
[90mstdout[2m | src/components/Editor3/Editor.stories.jsx[2m > [22m[2mKeyboard Shortcuts Block Types
[22m[39m[TranslationModeController] Setting mode to: off
[90mstdout[2m | src/components/Editor3/Editor.stories.jsx[2m > [22m[2mKeyboard Shortcuts Block Types
[22m[39m[UnitContext] useEffect triggered {
  "authLoading": false,
  "hasUser": true,
  "id": "keyboard-shortcuts-block-types-id",
  "userSub": "mock-user-sub",
}
[90mstdout[2m | src/components/Editor3/Editor.stories.jsx[2m > [22m[2mKeyboard Shortcuts Block Types
[22m[39m[UnitContext] Fetching unit data for id: keyboard-shortcuts-block-types-id
[90mstdout[2m | src/components/Editor3/Editor.stories.jsx[2m > [22m[2mKeyboard Shortcuts Block Types
[22m[39m[FilesContext] Initializing vector store from IndexedDB
[90mstdout[2m | src/components/Editor3/Editor.stories.jsx[2m > [22m[2mKeyboard Shortcuts Block Types
[22m[39m[FilesContext] fetchFiles called
[90mstdout[2m | src/components/Editor3/Editor.stories.jsx[2m > [22m[2mKeyboard Shortcuts Block Types
[22m[39m[FilesContext] User authenticated: mock-user-sub
[90mstdout[2m | src/components/Editor3/Editor.stories.jsx[2m > [22m[2mKeyboard Shortcuts Block Types
[22m[39m[FilesContext] Identity ID: us-east-1:mock-identity-123
[90mstdout[2m | src/components/Editor3/Editor.stories.jsx[2m > [22m[2mKeyboard Shortcuts Block Types
[22m[39m[FilesContext] About to set up File observeQuery
[90mstdout[2m | src/components/Editor3/Editor.stories.jsx[2m > [22m[2mKeyboard Shortcuts Block Types
[22m[39m[ChatContext] Setting up AssistantChat observeQuery
[90mstdout[2m | src/components/Editor3/Editor.stories.jsx[2m > [22m[2mKeyboard Shortcuts Block Types
[22m[39m[ChatContext] Waiting for subscription to initialize
[90mstdout[2m | src/components/Editor3/Editor.stories.jsx[2m > [22m[2mKeyboard Shortcuts Block Types
[22m[39m[SettingsContext] Setting up Settings subscription for user: mock-user-sub
[90mstdout[2m | src/components/Editor3/Editor.stories.jsx[2m > [22m[2mKeyboard Shortcuts Block Types
[22m[39m[useChatPageContext] Cleaning up page context
[90mstdout[2m | src/components/Editor3/Editor.stories.jsx[2m > [22m[2mKeyboard Shortcuts Block Types
[22m[39m[useChatPageContext] Registering page context: {
  "dictionaryCount": 0,
  "filesCount": 0,
  "hasEditorRef": true,
  "hasUnit": true,
  "hasVectorStoreSearch": true,
  "questionsCount": 0,
  "sectionsCount": 0,
}
[90mstdout[2m | src/components/Editor3/Editor.stories.jsx[2m > [22m[2mKeyboard Shortcuts Block Types
[22m[39m[Editor onChange] Skipping save - no initial state loaded yet
[90mstdout[2m | src/components/Editor3/Editor.stories.jsx[2m > [22m[2mKeyboard Shortcuts Block Types
[22m[39m[Mock Data] Settings created: mock-settings-1790415969312 - notified 0 subscribers
[90mstdout[2m | src/components/Editor3/Editor.stories.jsx[2m > [22m[2mKeyboard Shortcuts Block Types
[22m[39m[Mock Data] Unit.onUpdate() subscription added. Total: 1
[90mstdout[2m | src/components/Editor3/Editor.stories.jsx[2m > [22m[2mKeyboard Shortcuts Block Types
[22m[39m[Mock] CollaborationPlugin rendered with props: {
  "color": "#f59e0b",
  "cursorsContainerRef": {
    "current": <div
      class="jsx-9364b876b91d91fe collaboration-cursors-container"
      style="position: relative;"
    >
      <div
        aria-label="Edit"
        class="editor"
        contenteditable="true"
        data-lexical-editor="true"
        data-tour="editor"
        role="textbox"
        spellcheck="true"
        style="max-width: 100%; outline: none; min-height: 100%; padding: 1rem 2rem 1rem 0.5rem; user-select: text; white-space: pre-wrap; word-break: break-word;"
      />
      <div
        class="jsx-e404209429cec6f3 editor-placeholder"
      >
        Start typing or use the toolbar above to add content...
      </div>
    </div>,
  },
  "provider": YjsDocProvider {
    "awareness": Awareness {
      "_checkInterval": 1198,
      "_observers": Map {},
      "clientID": 2880814795,
      "doc": {
        "editorContent": "",
        "metadata": {},
      },
      "meta": Map {
        2880814795 => {
          "clock": 0,
          "lastUpdated": 1790415968439,
        },
      },
      "states": Map {
        2880814795 => {},
      },
    },
    "config": {
      "connect": false,
      "docName": "unit-null",
      "maxBackoffTime": 30000,
      "persistence": false,
      "resyncInterval": 5000,
      "wsUrl": "wss://j5eyo7cpia.execute-api.us-east-1.amazonaws.com/live",
    },
    "defaultConfig": {
      "connect": true,
      "maxBackoffTime": 30000,
      "persistence": true,
      "resyncInterval": 5000,
      "wsUrl": "wss://j5eyo7cpia.execute-api.us-east-1.amazonaws.com/live",
    },
    "docName": "unit-null",
    "hasLoggedConnectionError": false,
    "indexeddb": null,
    "lastStatusLog": "",
    "listeners": Map {
      "doc-reset" => Set {
        [Function handleDocReset],
      },
    },
    "resetCount": 0,
    "wsProvider": null,
    "ydoc": {
      "editorContent": "",
      "metadata": {},
    },
  },
  "username": "mock-user-sub",
}
[90mstdout[2m | src/components/Editor3/Editor.stories.jsx[2m > [22m[2mKeyboard Shortcuts Block Types
[22m[39m[Editor onChange] Skipping save due to tags: [
  "history-merge",
]
[90mstdout[2m | src/components/Editor3/Editor.stories.jsx[2m > [22m[2mKeyboard Shortcuts Block Types
[22m[39m[chatTools] Vector store search function registered: false
[90mstdout[2m | src/components/Editor3/Editor.stories.jsx[2m > [22m[2mKeyboard Shortcuts Block Types
[22m[39m[chatTools] Practice drill callback registered: false
[90mstdout[2m | src/components/Editor3/Editor.stories.jsx[2m > [22m[2mKeyboard Shortcuts Block Types
[22m[39m[useChatPageContext] Cleaning up page context
[90mstdout[2m | src/components/Editor3/Editor.stories.jsx[2m > [22m[2mKeyboard Shortcuts Block Types
[22m[39m[FileManager2] Files received from context: 0 []
[90mstdout[2m | src/components/Editor3/Editor.stories.jsx[2m > [22m[2mKeyboard Shortcuts Block Types
[22m[39m[FileManager2] Upload useEffect triggered. filesToUpload: 0 uploadInProgress: false
[90mstdout[2m | src/components/Editor3/Editor.stories.jsx[2m > [22m[2mKeyboard Shortcuts Block Types
[22m[39m[FileManager2] Skipping upload - no files or already in progress
[90mstdout[2m | src/components/Editor3/Editor.stories.jsx[2m > [22m[2mKeyboard Shortcuts Block Types
[22m[39m[chatTools] Vector store search function registered: true
[90mstdout[2m | src/components/Editor3/Editor.stories.jsx[2m > [22m[2mKeyboard Shortcuts Block Types
[22m[39m[ChatSidebar] Registered vector store search, isReady: false
[90mstdout[2m | src/components/Editor3/Editor.stories.jsx[2m > [22m[2mKeyboard Shortcuts Block Types
[22m[39m[chatTools] Practice drill callback registered: true
[90mstdout[2m | src/components/Editor3/Editor.stories.jsx[2m > [22m[2mKeyboard Shortcuts Block Types
[22m[39m[useChatPageContext] Registering page context: {
  "dictionaryCount": 0,
  "filesCount": 0,
  "hasEditorRef": true,
  "hasUnit": true,
  "hasVectorStoreSearch": true,
  "questionsCount": 0,
  "sectionsCount": 0,
}
[90mstdout[2m | src/components/Editor3/Editor.stories.jsx[2m > [22m[2mKeyboard Shortcuts Block Types
[22m[39m[Mock] CollaborationPlugin rendered with props: {
  "color": "#f59e0b",
  "cursorsContainerRef": {
    "current": <div
      class="jsx-9364b876b91d91fe collaboration-cursors-container"
      style="position: relative;"
    >
      <div
        aria-label="Edit"
        autocapitalize="off"
        class="editor"
        contenteditable="true"
        data-lexical-editor="true"
        data-tour="editor"
        role="textbox"
        spellcheck="true"
        style="max-width: 100%; outline: none; min-height: 100%; padding: 1rem 2rem 1rem 0.5rem; user-select: text; white-space: pre-wrap; word-break: break-word;"
      />
      <div
        class="jsx-e404209429cec6f3 editor-placeholder"
      >
        Start typing or use the toolbar above to add content...
      </div>
    </div>,
  },
  "provider": YjsDocProvider {
    "awareness": Awareness {
      "_checkInterval": 1198,
      "_observers": Map {},
      "clientID": 2880814795,
      "doc": {
        "editorContent": "",
        "metadata": {},
      },
      "meta": Map {
        2880814795 => {
          "clock": 0,
          "lastUpdated": 1790415968439,
        },
      },
      "states": Map {
        2880814795 => {},
      },
    },
    "config": {
      "connect": false,
      "docName": "unit-null",
      "maxBackoffTime": 30000,
      "persistence": false,
      "resyncInterval": 5000,
      "wsUrl": "wss://j5eyo7cpia.execute-api.us-east-1.amazonaws.com/live",
    },
    "defaultConfig": {
      "connect": true,
      "maxBackoffTime": 30000,
      "persistence": true,
      "resyncInterval": 5000,
      "wsUrl": "wss://j5eyo7cpia.execute-api.us-east-1.amazonaws.com/live",
    },
    "docName": "unit-null",
    "hasLoggedConnectionError": false,
    "indexeddb": null,
    "lastStatusLog": "",
    "listeners": Map {
      "doc-reset" => Set {
        [Function handleDocReset],
      },
    },
    "resetCount": 0,
    "wsProvider": null,
    "ydoc": {
      "editorContent": "",
      "metadata": {},
    },
  },
  "username": "mock-user-sub",
}
[90mstdout[2m | src/components/Editor3/Editor.stories.jsx[2m > [22m[2mKeyboard Shortcuts Block Types
[22m[39m[useChatPageContext] Cleaning up page context
[90mstdout[2m | src/components/Editor3/Editor.stories.jsx[2m > [22m[2mKeyboard Shortcuts Block Types
[22m[39m[useChatPageContext] Registering page context: {
  "dictionaryCount": 0,
  "filesCount": 0,
  "hasEditorRef": true,
  "hasUnit": true,
  "hasVectorStoreSearch": true,
  "questionsCount": 0,
  "sectionsCount": 0,
}
[90mstdout[2m | src/components/Editor3/Editor.stories.jsx[2m > [22m[2mKeyboard Shortcuts Block Types
[22m[39m[Mock] CollaborationPlugin rendered with props: {
  "color": "#f59e0b",
  "cursorsContainerRef": {
    "current": <div
      class="jsx-9364b876b91d91fe collaboration-cursors-container"
      style="position: relative;"
    >
      <div
        aria-label="Edit"
        autocapitalize="off"
        class="editor"
        contenteditable="true"
        data-lexical-editor="true"
        data-tour="editor"
        role="textbox"
        spellcheck="true"
        style="max-width: 100%; outline: none; min-height: 100%; padding: 1rem 2rem 1rem 0.5rem; user-select: text; white-space: pre-wrap; word-break: break-word;"
      />
      <div
        class="jsx-e404209429cec6f3 editor-placeholder"
      >
        Start typing or use the toolbar above to add content...
      </div>
    </div>,
  },
  "provider": YjsDocProvider {
    "awareness": Awareness {
      "_checkInterval": 1198,
      "_observers": Map {},
      "clientID": 2880814795,
      "doc": {
        "editorContent": "",
        "metadata": {},
      },
      "meta": Map {
        2880814795 => {
          "clock": 0,
          "lastUpdated": 1790415968439,
        },
      },
      "states": Map {
        2880814795 => {},
      },
    },
    "config": {
      "connect": false,
      "docName": "unit-null",
      "maxBackoffTime": 30000,
      "persistence": false,
      "resyncInterval": 5000,
      "wsUrl": "wss://j5eyo7cpia.execute-api.us-east-1.amazonaws.com/live",
    },
    "defaultConfig": {
      "connect": true,
      "maxBackoffTime": 30000,
      "persistence": true,
      "resyncInterval": 5000,
      "wsUrl": "wss://j5eyo7cpia.execute-api.us-east-1.amazonaws.com/live",
    },
    "docName": "unit-null",
    "hasLoggedConnectionError": false,
    "indexeddb": null,
    "lastStatusLog": "",
    "listeners": Map {
      "doc-reset" => Set {
        [Function handleDocReset],
      },
    },
    "resetCount": 0,
    "wsProvider": null,
    "ydoc": {
      "editorContent": "",
      "metadata": {},
    },
  },
  "username": "mock-user-sub",
}
[90mstdout[2m | src/components/Editor3/Editor.stories.jsx[2m > [22m[2mKeyboard Shortcuts Block Types
[22m[39m[Editor onChange] Skipping save - no initial state loaded yet
[90mstdout[2m | src/components/Editor3/Editor.stories.jsx[2m > [22m[2mKeyboard Shortcuts Block Types
[22m[39m[Mock] CollaborationPlugin rendered with props: {
  "color": "#f59e0b",
  "cursorsContainerRef": {
    "current": <div
      class="jsx-9364b876b91d91fe collaboration-cursors-container"
      style="position: relative;"
    >
      <div
        aria-label="Edit"
        class="editor"
        contenteditable="true"
        data-lexical-editor="true"
        data-tour="editor"
        role="textbox"
        spellcheck="true"
        style="max-width: 100%; outline: none; min-height: 100%; padding: 1rem 2rem 1rem 0.5rem; user-select: text; white-space: pre-wrap; word-break: break-word;"
      />
      <div
        class="jsx-e404209429cec6f3 editor-placeholder"
      >
        Start typing or use the toolbar above to add content...
      </div>
    </div>,
  },
  "provider": YjsDocProvider {
    "awareness": Awareness {
      "_checkInterval": 1198,
      "_observers": Map {},
      "clientID": 2880814795,
      "doc": {
        "editorContent": "",
        "metadata": {},
      },
      "meta": Map {
        2880814795 => {
          "clock": 0,
          "lastUpdated": 1790415968439,
        },
      },
      "states": Map {
        2880814795 => {},
      },
    },
    "config": {
      "connect": false,
      "docName": "unit-null",
      "maxBackoffTime": 30000,
      "persistence": false,
      "resyncInterval": 5000,
      "wsUrl": "wss://j5eyo7cpia.execute-api.us-east-1.amazonaws.com/live",
    },
    "defaultConfig": {
      "connect": true,
      "maxBackoffTime": 30000,
      "persistence": true,
      "resyncInterval": 5000,
      "wsUrl": "wss://j5eyo7cpia.execute-api.us-east-1.amazonaws.com/live",
    },
    "docName": "unit-null",
    "hasLoggedConnectionError": false,
    "indexeddb": null,
    "lastStatusLog": "",
    "listeners": Map {
      "doc-reset" => Set {
        [Function handleDocReset],
      },
    },
    "resetCount": 0,
    "wsProvider": null,
    "ydoc": {
      "editorContent": "",
      "metadata": {},
    },
  },
  "username": "mock-user-sub",
}
 [32m✓[39m [30m[42m unit [49m[39m src/components/PeerReview/__tests__/PeerReviewJoinFlow.test.tsx [2m([22m[2m12 tests[22m[2m)[22m[33m 2050[2mms[22m[39m
     [33m[2m✓[22m[39m opens dialog on click [33m 399[2mms[22m[39m
     [33m[2m✓[22m[39m calls onCreateRoom with gradeId and invited users [33m 595[2mms[22m[39m
[90mstdout[2m | src/components/Editor3/Editor.stories.jsx[2m > [22m[2mKeyboard Shortcuts Block Types
[22m[39m[SectionContext] Section observeQuery update: 0
[90mstdout[2m | src/components/Editor3/Editor.stories.jsx[2m > [22m[2mKeyboard Shortcuts Block Types
[22m[39m[FilesContext] File observeQuery update: 0 files
[90mstdout[2m | src/components/Editor3/Editor.stories.jsx[2m > [22m[2mKeyboard Shortcuts Block Types
[22m[39m[ChatContext] AssistantChat initialized with 0 chats
[90mstdout[2m | src/components/Editor3/Editor.stories.jsx[2m > [22m[2mKeyboard Shortcuts Block Types
[22m[39m[MOCK CourseVectorStore] Initialized with mock data
[90mstdout[2m | src/components/Editor3/Editor.stories.jsx[2m > [22m[2mKeyboard Shortcuts Block Types
[22m[39m[Mock] CollaborationPlugin rendered with props: {
  "color": "#f59e0b",
  "cursorsContainerRef": {
    "current": <div
      class="jsx-9364b876b91d91fe collaboration-cursors-container"
      style="position: relative;"
    >
      <div
        aria-label="Edit"
        class="editor"
        contenteditable="true"
        data-lexical-editor="true"
        data-tour="editor"
        role="textbox"
        spellcheck="true"
        style="max-width: 100%; outline: none; min-height: 100%; padding: 1rem 2rem 1rem 0.5rem; user-select: text; white-space: pre-wrap; word-break: break-word;"
      />
      <div
        class="jsx-e404209429cec6f3 editor-placeholder"
      >
        Start typing or use the toolbar above to add content...
      </div>
    </div>,
  },
  "provider": YjsDocProvider {
    "awareness": Awareness {
      "_checkInterval": 1198,
      "_observers": Map {},
      "clientID": 2880814795,
      "doc": {
        "editorContent": "",
        "metadata": {},
      },
      "meta": Map {
        2880814795 => {
          "clock": 0,
          "lastUpdated": 1790415968439,
        },
      },
      "states": Map {
        2880814795 => {},
      },
    },
    "config": {
      "connect": false,
      "docName": "unit-null",
      "maxBackoffTime": 30000,
      "persistence": false,
      "resyncInterval": 5000,
      "wsUrl": "wss://j5eyo7cpia.execute-api.us-east-1.amazonaws.com/live",
    },
    "defaultConfig": {
      "connect": true,
      "maxBackoffTime": 30000,
      "persistence": true,
      "resyncInterval": 5000,
      "wsUrl": "wss://j5eyo7cpia.execute-api.us-east-1.amazonaws.com/live",
    },
    "docName": "unit-null",
    "hasLoggedConnectionError": false,
    "indexeddb": null,
    "lastStatusLog": "",
    "listeners": Map {
      "doc-reset" => Set {
        [Function handleDocReset],
      },
    },
    "resetCount": 0,
    "wsProvider": null,
    "ydoc": {
      "editorContent": "",
      "metadata": {},
    },
  },
  "username": "mock-user-sub",
}
[90mstdout[2m | src/components/Editor3/Editor.stories.jsx[2m > [22m[2mKeyboard Shortcuts Block Types
[22m[39m[FileManager2] Files received from context: 0 []
[90mstdout[2m | src/components/Editor3/Editor.stories.jsx[2m > [22m[2mKeyboard Shortcuts Block Types
[22m[39m[ChatContext] No current chat available, will create one
[90mstdout[2m | src/components/Editor3/Editor.stories.jsx[2m > [22m[2mKeyboard Shortcuts Block Types
[22m[39m[ChatContext] Creating AssistantChat with user: undefined
[90mstdout[2m | src/components/Editor3/Editor.stories.jsx[2m > [22m[2mKeyboard Shortcuts Block Types
[22m[39m[Mock Data] AssistantChat created: mock-assistantchat-1790415970971 - notified 1 subscribers
[90mstdout[2m | src/components/Editor3/Editor.stories.jsx[2m > [22m[2mKeyboard Shortcuts Block Types
[22m[39m[Mock] CollaborationPlugin rendered with props: {
  "color": "#f59e0b",
  "cursorsContainerRef": {
    "current": <div
      class="jsx-9364b876b91d91fe collaboration-cursors-container"
      style="position: relative;"
    >
      <div
        aria-label="Edit"
        class="editor"
        contenteditable="true"
        data-lexical-editor="true"
        data-tour="editor"
        role="textbox"
        spellcheck="true"
        style="max-width: 100%; outline: none; min-height: 100%; padding: 1rem 2rem 1rem 0.5rem; user-select: text; white-space: pre-wrap; word-break: break-word;"
      />
      <div
        class="jsx-e404209429cec6f3 editor-placeholder"
      >
        Start typing or use the toolbar above to add content...
      </div>
    </div>,
  },
  "provider": YjsDocProvider {
    "awareness": Awareness {
      "_checkInterval": 1198,
      "_observers": Map {},
      "clientID": 2880814795,
      "doc": {
        "editorContent": "",
        "metadata": {},
      },
      "meta": Map {
        2880814795 => {
          "clock": 0,
          "lastUpdated": 1790415968439,
        },
      },
      "states": Map {
        2880814795 => {},
      },
    },
    "config": {
      "connect": false,
      "docName": "unit-null",
      "maxBackoffTime": 30000,
      "persistence": false,
      "resyncInterval": 5000,
      "wsUrl": "wss://j5eyo7cpia.execute-api.us-east-1.amazonaws.com/live",
    },
    "defaultConfig": {
      "connect": true,
      "maxBackoffTime": 30000,
      "persistence": true,
      "resyncInterval": 5000,
      "wsUrl": "wss://j5eyo7cpia.execute-api.us-east-1.amazonaws.com/live",
    },
    "docName": "unit-null",
    "hasLoggedConnectionError": false,
    "indexeddb": null,
    "lastStatusLog": "",
    "listeners": Map {
      "doc-reset" => Set {
        [Function handleDocReset],
      },
    },
    "resetCount": 0,
    "wsProvider": null,
    "ydoc": {
      "editorContent": "",
      "metadata": {},
    },
  },
  "username": "mock-user-sub",
}
[90mstdout[2m | src/components/Editor3/Editor.stories.jsx[2m > [22m[2mKeyboard Shortcuts Block Types
[22m[39m[ChatContext] Create result: {
  "data": {
    "_version": 1,
    "archived": false,
    "chatFiles": [Function anonymous],
    "createdAt": "2026-09-26T09:46:10.971Z",
    "id": "mock-assistantchat-1790415970971",
    "model": "gpt-4",
    "updatedAt": "2026-09-26T09:46:10.971Z",
  },
  "errors": [],
  "hasData": true,
  "hasErrors": true,
}
[90mstdout[2m | src/components/Editor3/Editor.stories.jsx[2m > [22m[2mKeyboard Shortcuts Block Types
[22m[39m[ChatContext] Created AssistantChat: mock-assistantchat-1790415970971 at: 2026-09-26T09:46:10.971Z
[90mstdout[2m | src/components/Editor3/Editor.stories.jsx[2m > [22m[2mKeyboard Shortcuts Block Types
[22m[39m[Mock Storage] downloadData called with: undefined
[90mstdout[2m | src/components/Editor3/Editor.stories.jsx[2m > [22m[2mKeyboard Shortcuts Block Types
[22m[39m[ChatContext] Setting initial chat: mock-assistantchat-1790415970971
[90mstdout[2m | src/components/Editor3/Editor.stories.jsx[2m > [22m[2mKeyboard Shortcuts Block Types
[22m[39m[Mock] CollaborationPlugin rendered with props: {
  "color": "#f59e0b",
  "cursorsContainerRef": {
    "current": <div
      class="jsx-9364b876b91d91fe collaboration-cursors-container"
      style="position: relative;"
    >
      <div
        aria-label="Edit"
        class="editor"
        contenteditable="true"
        data-lexical-editor="true"
        data-tour="editor"
        role="textbox"
        spellcheck="true"
        style="max-width: 100%; outline: none; min-height: 100%; padding: 1rem 2rem 1rem 0.5rem; user-select: text; white-space: pre-wrap; word-break: break-word;"
      />
      <div
        class="jsx-e404209429cec6f3 editor-placeholder"
      >
        Start typing or use the toolbar above to add content...
      </div>
    </div>,
  },
  "provider": YjsDocProvider {
    "awareness": Awareness {
      "_checkInterval": 1198,
      "_observers": Map {},
      "clientID": 2880814795,
      "doc": {
        "editorContent": "",
        "metadata": {},
      },
      "meta": Map {
        2880814795 => {
          "clock": 0,
          "lastUpdated": 1790415968439,
        },
      },
      "states": Map {
        2880814795 => {},
      },
    },
    "config": {
      "connect": false,
      "docName": "unit-null",
      "maxBackoffTime": 30000,
      "persistence": false,
      "resyncInterval": 5000,
      "wsUrl": "wss://j5eyo7cpia.execute-api.us-east-1.amazonaws.com/live",
    },
    "defaultConfig": {
      "connect": true,
      "maxBackoffTime": 30000,
      "persistence": true,
      "resyncInterval": 5000,
      "wsUrl": "wss://j5eyo7cpia.execute-api.us-east-1.amazonaws.com/live",
    },
    "docName": "unit-null",
    "hasLoggedConnectionError": false,
    "indexeddb": null,
    "lastStatusLog": "",
    "listeners": Map {
      "doc-reset" => Set {
        [Function handleDocReset],
      },
    },
    "resetCount": 0,
    "wsProvider": null,
    "ydoc": {
      "editorContent": "",
      "metadata": {},
    },
  },
  "username": "mock-user-sub",
}
[90mstdout[2m | src/components/Editor3/Editor.stories.jsx[2m > [22m[2mKeyboard Shortcuts Block Types
[22m[39m[ChatSidebar] Loading messages for chat: mock-assistantchat-1790415970971 count: 0
[90mstdout[2m | src/components/Editor3/Editor.stories.jsx[2m > [22m[2mKeyboard Shortcuts Block Types
[22m[39m[ChatSidebar] deepCloneMessages: returning empty array
[90mstdout[2m | src/components/Editor3/Editor.stories.jsx[2m > [22m[2mKeyboard Shortcuts Block Types
[22m[39m[ChatContext] Chat exists and not archived, skipping creation
[90mstdout[2m | src/components/Editor3/Editor.stories.jsx[2m > [22m[2mKeyboard Shortcuts Block Types
[22m[39m[Keyboard Shortcuts Demo] Section 2: Block Types
[90mstdout[2m | src/components/Editor3/Editor.stories.jsx[2m > [22m[2mKeyboard Shortcuts Block Types
[22m[39m[Editor onChange] Skipping save - no initial state loaded yet
 [32m✓[39m [30m[42m unit [49m[39m test/unit/notificationComponents.test.tsx [2m([22m[2m17 tests[22m[2m)[22m[33m 2671[2mms[22m[39m
     [33m[2m✓[22m[39m renders notifications [33m 327[2mms[22m[39m
     [33m[2m✓[22m[39m renders category tabs [33m 451[2mms[22m[39m
[90mstdout[2m | src/components/Gamification/__tests__/SquadChallenge.test.tsx
[22m[39m✓ Loaded .env.test

[90mstdout[2m | src/components/Editor3/Editor.stories.jsx[2m > [22m[2mKeyboard Shortcuts Block Types
[22m[39m[Editor onChange] Skipping save - no initial state loaded yet
[90mstdout[2m | src/components/Editor3/Editor.stories.jsx[2m > [22m[2mKeyboard Shortcuts Block Types
[22m[39m[Editor onChange] Skipping save - no initial state loaded yet
[90mstdout[2m | src/components/Editor3/Editor.stories.jsx[2m > [22m[2mKeyboard Shortcuts Block Types
[22m[39m[Editor onChange] Skipping save - no initial state loaded yet
[90mstdout[2m | src/components/Editor3/Editor.stories.jsx[2m > [22m[2mKeyboard Shortcuts Block Types
[22m[39m[Editor onChange] Skipping save - no initial state loaded yet
[90mstdout[2m | src/components/Editor3/Editor.stories.jsx[2m > [22m[2mKeyboard Shortcuts Block Types
[22m[39m[Editor onChange] Skipping save - no initial state loaded yet
[90mstdout[2m | src/components/Editor3/Editor.stories.jsx[2m > [22m[2mKeyboard Shortcuts Block Types
[22m[39m[Editor onChange] Skipping save - no initial state loaded yet
[90mstdout[2m | src/components/Editor3/Editor.stories.jsx[2m > [22m[2mKeyboard Shortcuts Block Types
[22m[39m[Editor onChange] Skipping save - no initial state loaded yet
[90mstdout[2m | src/components/Editor3/Editor.stories.jsx[2m > [22m[2mKeyboard Shortcuts Block Types
[22m[39m[Editor onChange] Skipping save - no initial state loaded yet
[90mstdout[2m | src/components/Editor3/Editor.stories.jsx[2m > [22m[2mKeyboard Shortcuts Block Types
[22m[39m[Editor onChange] Skipping save - no initial state loaded yet
[90mstdout[2m | src/components/Editor3/Editor.stories.jsx[2m > [22m[2mKeyboard Shortcuts Block Types
[22m[39m[Editor onChange] Skipping save - no initial state loaded yet
[90mstdout[2m | src/components/Editor3/components/__tests__/AudioTakePlaylist.test.tsx
[22m[39m✓ Loaded .env.test

 [32m✓[39m [30m[42m unit [49m[39m src/components/Editor3/components/__tests__/AnswerComponent.test.tsx [2m([22m[2m7 tests[22m[2m)[22m[33m 2278[2mms[22m[39m
       [33m[2m✓[22m[39m renders the prompt text [33m 860[2mms[22m[39m
       [33m[2m✓[22m[39m renders input method chip [33m 355[2mms[22m[39m
[90mstdout[2m | src/components/Editor3/Editor.stories.jsx[2m > [22m[2mKeyboard Shortcuts Block Types
[22m[39m[Editor onChange] Skipping save - no initial state loaded yet
 [32m✓[39m [30m[42m unit [49m[39m src/components/DebugPanel/__tests__/ComponentTreeView.test.tsx [2m([22m[2m9 tests[22m[2m)[22m[33m 1481[2mms[22m[39m
     [33m[2m✓[22m[39m groups components by name [33m 315[2mms[22m[39m
     [33m[2m✓[22m[39m expands instance details when clicked [33m 405[2mms[22m[39m
 [32m✓[39m [30m[42m unit [49m[39m src/components/Gamification/__tests__/GamificationExpansion.test.tsx [2m([22m[2m20 tests[22m[2m)[22m[33m 1555[2mms[22m[39m
     [33m[2m✓[22m[39m renders progress rings for each module [33m 333[2mms[22m[39m
[90mstdout[2m | src/components/Editor3/Editor.stories.jsx[2m > [22m[2mKeyboard Shortcuts Block Types
[22m[39m🔑 ENTER KEY pressed in editor
[90mstdout[2m | src/components/Editor3/Editor.stories.jsx[2m > [22m[2mKeyboard Shortcuts Block Types
[22m[39m❌ Not in a code node
[90mstdout[2m | src/components/Editor3/Editor.stories.jsx[2m > [22m[2mKeyboard Shortcuts Block Types
[22m[39m[Editor onChange] Skipping save - no initial state loaded yet
[90mstdout[2m | src/components/PeerReview/__tests__/PeerReview.test.tsx
[22m[39m✓ Loaded .env.test

[90mstdout[2m | src/components/Editor3/Editor.stories.jsx[2m > [22m[2mKeyboard Shortcuts Block Types
[22m[39m[Editor onChange] Skipping save - no initial state loaded yet
[90mstdout[2m | src/components/Editor3/Editor.stories.jsx[2m > [22m[2mKeyboard Shortcuts Block Types
[22m[39m[Editor onChange] Skipping save - no initial state loaded yet
[90mstdout[2m | src/components/Editor3/Editor.stories.jsx[2m > [22m[2mKeyboard Shortcuts Block Types
[22m[39m[Editor onChange] Skipping save - no initial state loaded yet
[90mstdout[2m | src/components/Editor3/Editor.stories.jsx[2m > [22m[2mKeyboard Shortcuts Block Types
[22m[39m[Editor onChange] Skipping save - no initial state loaded yet
[90mstdout[2m | src/components/Editor3/Editor.stories.jsx[2m > [22m[2mKeyboard Shortcuts Block Types
[22m[39m[Editor onChange] Skipping save - no initial state loaded yet
[90mstdout[2m | src/components/Editor3/Editor.stories.jsx[2m > [22m[2mKeyboard Shortcuts Block Types
[22m[39m[Editor onChange] Skipping save - no initial state loaded yet
[90mstdout[2m | src/components/Editor3/Editor.stories.jsx[2m > [22m[2mKeyboard Shortcuts Block Types
[22m[39m[Editor onChange] Skipping save - no initial state loaded yet
[90mstdout[2m | src/components/Editor3/Editor.stories.jsx[2m > [22m[2mKeyboard Shortcuts Block Types
[22m[39m[Editor onChange] Skipping save - no initial state loaded yet
[90mstdout[2m | src/components/Editor3/Editor.stories.jsx[2m > [22m[2mKeyboard Shortcuts Block Types
[22m[39m[Editor onChange] Skipping save - no initial state loaded yet
[90mstdout[2m | src/components/Editor3/Editor.stories.jsx[2m > [22m[2mKeyboard Shortcuts Block Types
[22m[39m[Editor onChange] Skipping save - no initial state loaded yet
[90mstdout[2m | src/components/Gamification/__tests__/BossBattleProgress.test.tsx
[22m[39m✓ Loaded .env.test

[90mstdout[2m | test/unit/ConflictResolutionDialog.test.tsx
[22m[39m✓ Loaded .env.test

[90mstdout[2m | src/components/Editor3/Editor.stories.jsx[2m > [22m[2mKeyboard Shortcuts Block Types
[22m[39m[Editor onChange] Skipping save - no initial state loaded yet
[90mstdout[2m | test/unit/officeExtraction.test.ts
[22m[39m✓ Loaded .env.test

 [32m✓[39m [30m[42m unit [49m[39m src/components/PeerReview/__tests__/PeerReview.test.tsx [2m([22m[2m16 tests[22m[2m)[22m[33m 955[2mms[22m[39m
[90mstdout[2m | src/components/Editor3/Editor.stories.jsx[2m > [22m[2mKeyboard Shortcuts Block Types
[22m[39m🔑 ENTER KEY pressed in editor
[90mstdout[2m | src/components/Editor3/Editor.stories.jsx[2m > [22m[2mKeyboard Shortcuts Block Types
[22m[39m❌ Not in a code node
[90mstdout[2m | src/components/Editor3/Editor.stories.jsx[2m > [22m[2mKeyboard Shortcuts Block Types
[22m[39m[Editor onChange] Skipping save - no initial state loaded yet
[90mstdout[2m | src/components/Editor3/Editor.stories.jsx[2m > [22m[2mKeyboard Shortcuts Block Types
[22m[39m[Editor onChange] Skipping save - no initial state loaded yet
 [32m✓[39m [30m[42m unit [49m[39m src/components/Gamification/__tests__/SquadChallenge.test.tsx [2m([22m[2m15 tests[22m[2m)[22m[33m 953[2mms[22m[39m
[90mstdout[2m | src/components/Editor3/Editor.stories.jsx[2m > [22m[2mKeyboard Shortcuts Block Types
[22m[39m[Editor onChange] Skipping save - no initial state loaded yet
[90mstdout[2m | src/components/Editor3/Editor.stories.jsx[2m > [22m[2mKeyboard Shortcuts Block Types
[22m[39m[Editor onChange] Skipping save - no initial state loaded yet
[90mstdout[2m | src/components/Editor3/Editor.stories.jsx[2m > [22m[2mKeyboard Shortcuts Block Types
[22m[39m[Editor onChange] Skipping save - no initial state loaded yet
[90mstdout[2m | src/components/Editor3/Editor.stories.jsx[2m > [22m[2mKeyboard Shortcuts Block Types
[22m[39m[Editor onChange] Skipping save - no initial state loaded yet
 [32m✓[39m [30m[42m unit [49m[39m test/unit/officeExtraction.test.ts [2m([22m[2m11 tests[22m[2m)[22m[33m 978[2mms[22m[39m
       [33m[2m✓[22m[39m extracts text from a single-sheet XLSX [33m 614[2mms[22m[39m
[90mstdout[2m | src/components/Editor3/Editor.stories.jsx[2m > [22m[2mKeyboard Shortcuts Block Types
[22m[39m[Editor onChange] Skipping save - no initial state loaded yet
[90mstdout[2m | src/components/Editor3/Editor.stories.jsx[2m > [22m[2mKeyboard Shortcuts Block Types
[22m[39m[Editor onChange] Skipping save - no initial state loaded yet
 [32m✓[39m [30m[42m unit [49m[39m src/components/Editor3/components/__tests__/AudioTakePlaylist.test.tsx [2m([22m[2m4 tests[22m[2m)[22m[33m 1027[2mms[22m[39m
     [33m[2m✓[22m[39m renders takes and marks the selected take [33m 495[2mms[22m[39m
[90mstdout[2m | src/components/Editor3/Editor.stories.jsx[2m > [22m[2mKeyboard Shortcuts Block Types
[22m[39m[Editor onChange] Skipping save - no initial state loaded yet
[90mstdout[2m | src/components/Editor3/Editor.stories.jsx[2m > [22m[2mKeyboard Shortcuts Block Types
[22m[39m[Editor onChange] Skipping save - no initial state loaded yet
[90mstdout[2m | src/components/Editor3/Editor.stories.jsx[2m > [22m[2mKeyboard Shortcuts Block Types
[22m[39m[Editor onChange] Skipping save - no initial state loaded yet
[90mstdout[2m | src/components/Editor3/Editor.stories.jsx[2m > [22m[2mKeyboard Shortcuts Block Types
[22m[39m[Editor onChange] Skipping save - no initial state loaded yet
 [32m✓[39m [30m[42m unit [49m[39m src/components/Gamification/__tests__/BossBattleProgress.test.tsx [2m([22m[2m18 tests[22m[2m)[22m[33m 1753[2mms[22m[39m
     [33m[2m✓[22m[39m renders title [33m 401[2mms[22m[39m
 [32m✓[39m [30m[42m unit [49m[39m src/components/Gamification/__tests__/NewFeatures.test.tsx [2m([22m[2m46 tests[22m[2m)[22m[33m 35315[2mms[22m[39m
     [33m[2m✓[22m[39m renders all admin sections [33m 2890[2mms[22m[39m
     [33m[2m✓[22m[39m renders existing skills [33m 2911[2mms[22m[39m
     [33m[2m✓[22m[39m calls onAddSkill when add button clicked [33m 5299[2mms[22m[39m
     [33m[2m✓[22m[39m renders existing squads [33m 2692[2mms[22m[39m
     [33m[2m✓[22m[39m calls onCreateSquad with squad name and sectionID [33m 11363[2mms[22m[39m
     [33m[2m✓[22m[39m renders easter eggs and calls onDeleteEasterEgg [33m 5766[2mms[22m[39m
     [33m[2m✓[22m[39m renders simple customization at level 1 [33m 596[2mms[22m[39m
     [33m[2m✓[22m[39m renders detailed customization at level 5 (all features unlocked) [33m 347[2mms[22m[39m
     [33m[2m✓[22m[39m renders toon head customization at level 3 [33m 390[2mms[22m[39m
     [33m[2m✓[22m[39m opens join confirmation dialog on Join click [33m 305[2mms[22m[39m
     [33m[2m✓[22m[39m calls onLeaveSquad when confirming leave [33m 381[2mms[22m[39m
[90mstdout[2m | src/components/Editor3/Editor.stories.jsx[2m > [22m[2mKeyboard Shortcuts Block Types
[22m[39m🔑 ENTER KEY pressed in editor
[90mstdout[2m | src/components/Editor3/Editor.stories.jsx[2m > [22m[2mKeyboard Shortcuts Block Types
[22m[39m❌ Not in a code node
[90mstdout[2m | src/components/Editor3/Editor.stories.jsx[2m > [22m[2mKeyboard Shortcuts Block Types
[22m[39m[Editor onChange] Skipping save - no initial state loaded yet
[90mstdout[2m | amplify/functions/yjsSync/botObserver.test.ts
[22m[39m✓ Loaded .env.test

[90mstdout[2m | src/components/Editor3/Editor.stories.jsx[2m > [22m[2mKeyboard Shortcuts Block Types
[22m[39m[Editor onChange] Skipping save - no initial state loaded yet
[90mstdout[2m | src/components/Editor3/Editor.stories.jsx[2m > [22m[2mKeyboard Shortcuts Block Types
[22m[39m[Editor onChange] Skipping save - no initial state loaded yet
[90mstdout[2m | amplify/functions/yjsSync/kaiBotObserver.test.ts
[22m[39m✓ Loaded .env.test

[90mstdout[2m | src/components/Editor3/Editor.stories.jsx[2m > [22m[2mKeyboard Shortcuts Block Types
[22m[39m[Editor onChange] Skipping save - no initial state loaded yet
[90mstdout[2m | src/components/Editor3/Editor.stories.jsx[2m > [22m[2mKeyboard Shortcuts Block Types
[22m[39m[Editor onChange] Skipping save - no initial state loaded yet
[90mstdout[2m | src/context/__tests__/gamificationContext.test.tsx
[22m[39m✓ Loaded .env.test

[90mstdout[2m | src/components/Editor3/Editor.stories.jsx[2m > [22m[2mKeyboard Shortcuts Block Types
[22m[39m[Editor onChange] Skipping save - no initial state loaded yet
[90mstdout[2m | src/components/Editor3/Editor.stories.jsx[2m > [22m[2mKeyboard Shortcuts Block Types
[22m[39m[Editor onChange] Skipping save - no initial state loaded yet
[90mstdout[2m | src/components/Editor3/Editor.stories.jsx[2m > [22m[2mKeyboard Shortcuts Block Types
[22m[39m[Editor onChange] Skipping save - no initial state loaded yet
[90mstdout[2m | src/components/Leaderboard/__tests__/Leaderboard.test.tsx
[22m[39m✓ Loaded .env.test

[90mstdout[2m | src/components/Editor3/Editor.stories.jsx[2m > [22m[2mKeyboard Shortcuts Block Types
[22m[39m[Editor onChange] Skipping save - no initial state loaded yet
[90mstdout[2m | src/components/Editor3/Editor.stories.jsx[2m > [22m[2mKeyboard Shortcuts Block Types
[22m[39m[Editor onChange] Skipping save - no initial state loaded yet
 [32m✓[39m [30m[42m unit [49m[39m amplify/functions/yjsSync/botObserver.test.ts [2m([22m[2m15 tests[22m[2m)[22m[33m 1313[2mms[22m[39m
[90mstdout[2m | src/components/Editor3/Editor.stories.jsx[2m > [22m[2mKeyboard Shortcuts Block Types
[22m[39m[Editor onChange] Skipping save - no initial state loaded yet
[90mstdout[2m | src/hooks/useYjsUnit.test.ts
[22m[39m✓ Loaded .env.test

[90mstdout[2m | src/components/Editor3/components/__tests__/GradeHistory.test.tsx
[22m[39m✓ Loaded .env.test

 [32m✓[39m [30m[42m unit [49m[39m amplify/functions/yjsSync/kaiBotObserver.test.ts [2m([22m[2m15 tests[22m[2m)[22m[33m 1372[2mms[22m[39m
[90mstdout[2m | src/components/Editor3/Editor.stories.jsx[2m > [22m[2mKeyboard Shortcuts Block Types
[22m[39m🔑 ENTER KEY pressed in editor
[90mstdout[2m | src/components/Editor3/Editor.stories.jsx[2m > [22m[2mKeyboard Shortcuts Block Types
[22m[39m❌ Not in a code node
[90mstdout[2m | src/components/Editor3/Editor.stories.jsx[2m > [22m[2mKeyboard Shortcuts Block Types
[22m[39m[Editor onChange] Skipping save - no initial state loaded yet
[90mstdout[2m | src/components/Editor3/Editor.stories.jsx[2m > [22m[2mKeyboard Shortcuts Block Types
[22m[39m[Editor onChange] Skipping save - no initial state loaded yet
[90mstdout[2m | src/components/Editor3/Editor.stories.jsx[2m > [22m[2mKeyboard Shortcuts Block Types
[22m[39m[Editor onChange] Skipping save - no initial state loaded yet
[90mstdout[2m | src/components/Editor3/Editor.stories.jsx[2m > [22m[2mKeyboard Shortcuts Block Types
[22m[39m[Editor onChange] Skipping save - no initial state loaded yet
[90mstdout[2m | src/components/Editor3/Editor.stories.jsx[2m > [22m[2mKeyboard Shortcuts Block Types
[22m[39m[Editor onChange] Skipping save - no initial state loaded yet
[90mstdout[2m | src/components/Editor3/Editor.stories.jsx[2m > [22m[2mKeyboard Shortcuts Block Types
[22m[39m[Editor onChange] Skipping save - no initial state loaded yet
[90mstdout[2m | src/components/Editor3/Editor.stories.jsx[2m > [22m[2mKeyboard Shortcuts Block Types
[22m[39m[Editor onChange] Skipping save - no initial state loaded yet
[90mstdout[2m | src/components/Editor3/Editor.stories.jsx[2m > [22m[2mKeyboard Shortcuts Block Types
[22m[39m[Editor onChange] Skipping save - no initial state loaded yet
[90mstdout[2m | src/components/Editor3/Editor.stories.jsx[2m > [22m[2mKeyboard Shortcuts Block Types
[22m[39m[Editor onChange] Skipping save - no initial state loaded yet
[90mstdout[2m | src/components/Editor3/Editor.stories.jsx[2m > [22m[2mKeyboard Shortcuts Block Types
[22m[39m[Editor onChange] Skipping save - no initial state loaded yet
 [32m✓[39m [30m[42m unit [49m[39m src/hooks/useYjsUnit.test.ts [2m([22m[2m24 tests[22m[2m)[22m[33m 1209[2mms[22m[39m
[90mstdout[2m | src/components/Gamification/__tests__/GamificationToastLayer.test.tsx
[22m[39m✓ Loaded .env.test

[90mstdout[2m | src/components/Editor3/Editor.stories.jsx[2m > [22m[2mKeyboard Shortcuts Block Types
[22m[39m🔑 ENTER KEY pressed in editor
[90mstdout[2m | src/components/Editor3/Editor.stories.jsx[2m > [22m[2mKeyboard Shortcuts Block Types
[22m[39m❌ Not in a code node
[90mstdout[2m | src/components/Editor3/Editor.stories.jsx[2m > [22m[2mKeyboard Shortcuts Block Types
[22m[39m[Editor onChange] Skipping save - no initial state loaded yet
[90mstdout[2m | src/components/Editor3/Editor.stories.jsx[2m > [22m[2mKeyboard Shortcuts Block Types
[22m[39m[Editor onChange] Skipping save - no initial state loaded yet
[90mstdout[2m | src/components/Editor3/Editor.stories.jsx[2m > [22m[2mKeyboard Shortcuts Block Types
[22m[39m[Editor onChange] Skipping save - no initial state loaded yet
[90mstdout[2m | src/components/Editor3/Editor.stories.jsx[2m > [22m[2mKeyboard Shortcuts Block Types
[22m[39m[Editor onChange] Skipping save - no initial state loaded yet
 [32m✓[39m [30m[42m unit [49m[39m src/context/__tests__/gamificationContext.test.tsx [2m([22m[2m29 tests[22m[2m)[22m[33m 485[2mms[22m[39m
[90mstdout[2m | src/components/Editor3/Editor.stories.jsx[2m > [22m[2mKeyboard Shortcuts Block Types
[22m[39m[Editor onChange] Skipping save - no initial state loaded yet
[90mstdout[2m | test/unit/notificationInvitations.test.tsx
[22m[39m✓ Loaded .env.test

[90mstdout[2m | src/components/Editor3/Editor.stories.jsx[2m > [22m[2mKeyboard Shortcuts Block Types
[22m[39m[Editor onChange] Skipping save - no initial state loaded yet
 [32m✓[39m [30m[42m unit [49m[39m src/components/Leaderboard/__tests__/Leaderboard.test.tsx [2m([22m[2m9 tests[22m[2m)[22m[33m 558[2mms[22m[39m
[90mstdout[2m | src/components/Editor3/Editor.stories.jsx[2m > [22m[2mKeyboard Shortcuts Block Types
[22m[39m[Editor onChange] Skipping save - no initial state loaded yet
[90mstdout[2m | src/components/Editor3/Editor.stories.jsx[2m > [22m[2mKeyboard Shortcuts Block Types
[22m[39m[Editor onChange] Skipping save - no initial state loaded yet
[90mstdout[2m | src/components/Editor3/Editor.stories.jsx[2m > [22m[2mKeyboard Shortcuts Block Types
[22m[39m[Editor onChange] Skipping save - no initial state loaded yet
[90mstdout[2m | src/components/Editor3/Editor.stories.jsx[2m > [22m[2mKeyboard Shortcuts Block Types
[22m[39m🔑 ENTER KEY pressed in editor
[90mstdout[2m | src/components/Editor3/Editor.stories.jsx[2m > [22m[2mKeyboard Shortcuts Block Types
[22m[39m❌ Not in a code node
[90mstdout[2m | src/components/Editor3/Editor.stories.jsx[2m > [22m[2mKeyboard Shortcuts Block Types
[22m[39m🔑 ENTER KEY pressed in editor
[90mstdout[2m | src/components/Editor3/Editor.stories.jsx[2m > [22m[2mKeyboard Shortcuts Block Types
[22m[39m❌ Not in a code node
[90mstdout[2m | src/components/Editor3/Editor.stories.jsx[2m > [22m[2mKeyboard Shortcuts Block Types
[22m[39m[Editor onChange] Skipping save - no initial state loaded yet
[90mstdout[2m | src/components/Editor3/Editor.stories.jsx[2m > [22m[2mKeyboard Shortcuts Block Types
[22m[39m[Editor onChange] Skipping save - no initial state loaded yet
[90mstdout[2m | src/components/Editor3/Editor.stories.jsx[2m > [22m[2mKeyboard Shortcuts Block Types
[22m[39m[Editor onChange] Skipping save - no initial state loaded yet
[90mstdout[2m | src/components/Editor3/Editor.stories.jsx[2m > [22m[2mKeyboard Shortcuts Block Types
[22m[39m[Editor onChange] Skipping save - no initial state loaded yet
 [32m✓[39m [30m[42m unit [49m[39m test/unit/notificationInvitations.test.tsx [2m([22m[2m8 tests[22m[2m)[22m[33m 370[2mms[22m[39m
[90mstdout[2m | src/components/Editor3/Editor.stories.jsx[2m > [22m[2mKeyboard Shortcuts Block Types
[22m[39m[Editor onChange] Skipping save - no initial state loaded yet
[90mstdout[2m | src/components/Editor3/Editor.stories.jsx[2m > [22m[2mKeyboard Shortcuts Block Types
[22m[39m[Editor onChange] Skipping save - no initial state loaded yet
[90mstdout[2m | src/components/Editor3/Editor.stories.jsx[2m > [22m[2mKeyboard Shortcuts Block Types
[22m[39m[Editor onChange] Skipping save - no initial state loaded yet
[90mstdout[2m | src/components/Editor3/Editor.stories.jsx[2m > [22m[2mKeyboard Shortcuts Block Types
[22m[39m[Editor onChange] Skipping save - no initial state loaded yet
[90mstdout[2m | src/components/Editor3/Editor.stories.jsx[2m > [22m[2mKeyboard Shortcuts Block Types
[22m[39m[Editor onChange] Skipping save - no initial state loaded yet
[90mstdout[2m | src/components/Editor3/Editor.stories.jsx[2m > [22m[2mKeyboard Shortcuts Block Types
[22m[39m[Editor onChange] Skipping save - no initial state loaded yet
[90mstdout[2m | src/components/Editor3/Editor.stories.jsx[2m > [22m[2mKeyboard Shortcuts Block Types
[22m[39m[Editor onChange] Skipping save - no initial state loaded yet
[90mstdout[2m | src/components/Editor3/Editor.stories.jsx[2m > [22m[2mKeyboard Shortcuts Block Types
[22m[39m[Editor onChange] Skipping save - no initial state loaded yet
 [31m❯[39m [30m[45m integration [49m[39m test/integration/api.test.ts [2m([22m[2m56 tests[22m[2m | [22m[31m55 failed[39m[2m)[22m[33m 70287[2mms[22m[39m
[31m       [31m×[31m Login with valid instructor credentials[39m[33m 2289[2mms[22m[39m
[31m       [31m×[31m Login with valid learner credentials[39m[33m 924[2mms[22m[39m
[31m       [31m×[31m Login with admin credentials[39m[33m 1798[2mms[22m[39m
[31m       [31m×[31m Session persistence across page refreshes[39m[33m 837[2mms[22m[39m
       [33m[2m✓[22m[39m Login failure with invalid credentials [33m 1682[2mms[22m[39m
[31m       [31m×[31m Instructor can create units[39m[33m 1014[2mms[22m[39m
[31m       [31m×[31m Instructor can edit owned units[39m[33m 860[2mms[22m[39m
[31m       [31m×[31m Learner can view published units[39m[33m 804[2mms[22m[39m
[31m       [31m×[31m Admin has full access to all resources[39m[33m 797[2mms[22m[39m
[31m       [31m×[31m Instructor can create file metadata for protected storage[39m[33m 791[2mms[22m[39m
[31m       [31m×[31m Public files accessible to all authenticated users[39m[33m 1075[2mms[22m[39m
[31m       [31m×[31m Learner can upload to protected storage[39m[33m 933[2mms[22m[39m
[31m       [31m×[31m Protected files only accessible to owner[39m[33m 825[2mms[22m[39m
[31m       [31m×[31m Private files only accessible to owner[39m[33m 793[2mms[22m[39m
[31m       [31m×[31m Create unit with Amplify Gen 2 client[39m[33m 809[2mms[22m[39m
[31m       [31m×[31m Read unit by ID[39m[33m 1138[2mms[22m[39m
[31m       [31m×[31m List all units with pagination[39m[33m 837[2mms[22m[39m
[31m       [31m×[31m Update unit contentVersion (content stored in S3)[39m[33m 883[2mms[22m[39m
[31m       [31m×[31m Delete unit[39m[33m 955[2mms[22m[39m
[31m       [31m×[31m ObserveQuery real-time subscription works[39m[33m 875[2mms[22m[39m
[31m       [31m×[31m Create assignment for section[39m[33m 1896[2mms[22m[39m
[31m       [31m×[31m Update assignment due date[39m[33m 1717[2mms[22m[39m
[31m       [31m×[31m Query assignments by section[39m[33m 1827[2mms[22m[39m
[31m       [31m×[31m Query assignments by learner[39m[33m 1758[2mms[22m[39m
[31m       [31m×[31m Delete assignment[39m[33m 1583[2mms[22m[39m
[31m       [31m×[31m Submit grade (student creates)[39m[33m 1730[2mms[22m[39m
[31m       [31m×[31m Update grade data (student progress)[39m[33m 1639[2mms[22m[39m
[31m       [31m×[31m Calculate accuracy from rubric[39m[33m 1808[2mms[22m[39m
[31m       [31m×[31m Complete grade (mark as complete)[39m[33m 1714[2mms[22m[39m
[31m       [31m×[31m Query grades by learner[39m[33m 1541[2mms[22m[39m
[31m       [31m×[31m Instructor can view all grades for assignment[39m[33m 1655[2mms[22m[39m
[31m       [31m×[31m Create section with join code[39m[33m 884[2mms[22m[39m
[31m       [31m×[31m Query sections by instructor[39m[33m 950[2mms[22m[39m
[31m       [31m×[31m Update section metadata[39m[33m 811[2mms[22m[39m
[31m       [31m×[31m Delete section[39m[33m 773[2mms[22m[39m
[31m       [31m×[31m Create vocabulary word[39m[33m 891[2mms[22m[39m
[31m       [31m×[31m Create question with answers[39m[33m 897[2mms[22m[39m
[31m       [31m×[31m Associate word with unit (UnitWord join)[39m[33m 859[2mms[22m[39m
[31m       [31m×[31m Update word with audio files[39m[33m 873[2mms[22m[39m
[31m       [31m×[31m Delete word[39m[33m 826[2mms[22m[39m
[31m       [31m×[31m Create question with images[39m[33m 976[2mms[22m[39m
[31m       [31m×[31m Update question answers[39m[33m 939[2mms[22m[39m
[31m       [31m×[31m Delete question[39m[33m 854[2mms[22m[39m
[31m       [31m×[31m Create File record linked to S3 object[39m[33m 876[2mms[22m[39m
[31m       [31m×[31m Associate file with unit (UnitFile join)[39m[33m 1005[2mms[22m[39m
[31m       [31m×[31m Associate question with unit (QuestionUnit join)[39m[33m 1022[2mms[22m[39m
[31m       [31m×[31m Unit with nested words (ManyToMany)[39m[33m 2383[2mms[22m[39m
[31m     [31m×[31m Instructor of the section can get submission URL[39m[33m 1967[2mms[22m[39m
[31m     [31m×[31m Learner cannot call getStudentSubmissionUrl (AppSync blocks it)[39m[33m 1988[2mms[22m[39m
[31m     [31m×[31m Path traversal rejected: key not under grade owner identity[39m[33m 1775[2mms[22m[39m
[31m     [31m×[31m Instructor NOT in the grade's section is rejected[39m[33m 1889[2mms[22m[39m
[31m     [31m×[31m Student cannot access another student's private/ file via getUrl[39m[33m 2262[2mms[22m[39m
[31m     [31m×[31m Authenticated instructor receives policy, signature, and keyPairId[39m[33m 890[2mms[22m[39m
[31m     [31m×[31m Policy decodes to a valid CloudFront custom-policy JSON[39m[33m 817[2mms[22m[39m
[31m     [31m×[31m Authenticated learner also receives valid cookie values[39m[33m 1806[2mms[22m[39m
[31m     [31m×[31m Unauthenticated request is rejected by AppSync[39m[33m 1263[2mms[22m[39m
[90mstdout[2m | src/components/Gamification/__tests__/Gamification.test.tsx
[22m[39m✓ Loaded .env.test

[90mstdout[2m | src/components/Editor3/Editor.stories.jsx[2m > [22m[2mKeyboard Shortcuts Block Types
[22m[39m🔑 ENTER KEY pressed in editor
[90mstdout[2m | src/components/Editor3/Editor.stories.jsx[2m > [22m[2mKeyboard Shortcuts Block Types
[22m[39m❌ Not in a code node
[90mstdout[2m | src/components/Editor3/Editor.stories.jsx[2m > [22m[2mKeyboard Shortcuts Block Types
[22m[39m[Editor onChange] Skipping save - no initial state loaded yet
[90mstdout[2m | src/components/Editor3/Editor.stories.jsx[2m > [22m[2mKeyboard Shortcuts Block Types
[22m[39m[Editor onChange] Skipping save - no initial state loaded yet
[90mstdout[2m | src/components/Editor3/Editor.stories.jsx[2m > [22m[2mKeyboard Shortcuts Block Types
[22m[39m[Editor onChange] Skipping save - no initial state loaded yet
[90mstdout[2m | src/components/Editor3/Editor.stories.jsx[2m > [22m[2mKeyboard Shortcuts Block Types
[22m[39m[Editor onChange] Skipping save - no initial state loaded yet
[90mstdout[2m | src/components/Editor3/Editor.stories.jsx[2m > [22m[2mKeyboard Shortcuts Block Types
[22m[39m[Editor onChange] Skipping save - no initial state loaded yet
[90mstdout[2m | src/components/Editor3/Editor.stories.jsx[2m > [22m[2mKeyboard Shortcuts Block Types
[22m[39m[Editor onChange] Skipping save - no initial state loaded yet
[90mstdout[2m | src/components/Editor3/Editor.stories.jsx[2m > [22m[2mKeyboard Shortcuts Block Types
[22m[39m[Editor onChange] Skipping save - no initial state loaded yet
[90mstdout[2m | src/components/Editor3/Editor.stories.jsx[2m > [22m[2mKeyboard Shortcuts Block Types
[22m[39m[Editor onChange] Skipping save - no initial state loaded yet
[90mstdout[2m | src/components/Gamification/__tests__/SkillTree.test.tsx
[22m[39m✓ Loaded .env.test

[90mstdout[2m | src/components/Editor3/Editor.stories.jsx[2m > [22m[2mKeyboard Shortcuts Block Types
[22m[39m[Editor onChange] Skipping save - no initial state loaded yet
[90mstdout[2m | src/components/Editor3/Editor.stories.jsx[2m > [22m[2mKeyboard Shortcuts Block Types
[22m[39m[Editor onChange] Skipping save - no initial state loaded yet
[90mstdout[2m | src/components/Editor3/Editor.stories.jsx[2m > [22m[2mKeyboard Shortcuts Block Types
[22m[39m[Editor onChange] Skipping save - no initial state loaded yet
[90mstdout[2m | src/components/Editor3/Editor.stories.jsx[2m > [22m[2mKeyboard Shortcuts Block Types
[22m[39m🔑 ENTER KEY pressed in editor
[90mstdout[2m | src/components/Editor3/Editor.stories.jsx[2m > [22m[2mKeyboard Shortcuts Block Types
[22m[39m❌ Not in a code node
[90mstdout[2m | src/components/Editor3/Editor.stories.jsx[2m > [22m[2mKeyboard Shortcuts Block Types
[22m[39m[Editor onChange] Skipping save - no initial state loaded yet
[90mstdout[2m | src/components/Editor3/Editor.stories.jsx[2m > [22m[2mKeyboard Shortcuts Block Types
[22m[39m[Editor onChange] Skipping save - no initial state loaded yet
[90mstdout[2m | src/components/Editor3/Editor.stories.jsx[2m > [22m[2mKeyboard Shortcuts Block Types
[22m[39m[Editor onChange] Skipping save - no initial state loaded yet
[90mstdout[2m | src/components/Editor3/Editor.stories.jsx[2m > [22m[2mKeyboard Shortcuts Block Types
[22m[39m[Editor onChange] Skipping save - no initial state loaded yet
[90mstdout[2m | src/components/Editor3/Editor.stories.jsx[2m > [22m[2mKeyboard Shortcuts Block Types
[22m[39m[Editor onChange] Skipping save - no initial state loaded yet
[90mstdout[2m | src/components/Editor3/Editor.stories.jsx[2m > [22m[2mKeyboard Shortcuts Block Types
[22m[39m[Editor onChange] Skipping save - no initial state loaded yet
[90mstdout[2m | test/unit/utils/sanitizeHtml.test.ts
[22m[39m✓ Loaded .env.test

[90mstdout[2m | src/components/Editor3/Editor.stories.jsx[2m > [22m[2mKeyboard Shortcuts Block Types
[22m[39m[Editor onChange] Skipping save - no initial state loaded yet
[90mstdout[2m | src/components/Editor3/Editor.stories.jsx[2m > [22m[2mKeyboard Shortcuts Block Types
[22m[39m[Editor onChange] Skipping save - no initial state loaded yet
[90mstdout[2m | src/components/Editor3/Editor.stories.jsx[2m > [22m[2mKeyboard Shortcuts Block Types
[22m[39m[Editor onChange] Skipping save - no initial state loaded yet
[90mstdout[2m | src/components/Editor3/Editor.stories.jsx[2m > [22m[2mKeyboard Shortcuts Block Types
[22m[39m[Editor onChange] Skipping save - no initial state loaded yet
[90mstdout[2m | src/components/Editor3/Editor.stories.jsx[2m > [22m[2mKeyboard Shortcuts Block Types
[22m[39m🔑 ENTER KEY pressed in editor
[90mstdout[2m | src/components/Editor3/Editor.stories.jsx[2m > [22m[2mKeyboard Shortcuts Block Types
[22m[39m❌ Not in a code node
[90mstdout[2m | src/components/Editor3/Editor.stories.jsx[2m > [22m[2mKeyboard Shortcuts Block Types
[22m[39m🔑 ENTER KEY pressed in editor
[90mstdout[2m | src/components/Editor3/Editor.stories.jsx[2m > [22m[2mKeyboard Shortcuts Block Types
[22m[39m❌ Not in a code node
[90mstdout[2m | src/components/Editor3/Editor.stories.jsx[2m > [22m[2mKeyboard Shortcuts Block Types
[22m[39m[Editor onChange] Skipping save - no initial state loaded yet
 [32m✓[39m [30m[42m unit [49m[39m test/unit/utils/sanitizeHtml.test.ts [2m([22m[2m33 tests[22m[2m)[22m[33m 553[2mms[22m[39m
[90mstdout[2m | src/components/Editor3/Editor.stories.jsx[2m > [22m[2mKeyboard Shortcuts Block Types
[22m[39m[Editor onChange] Skipping save - no initial state loaded yet
 [32m✓[39m [30m[42m unit [49m[39m src/components/Gamification/__tests__/GamificationToastLayer.test.tsx [2m([22m[2m6 tests[22m[2m)[22m[33m 591[2mms[22m[39m
[90mstdout[2m | test/storybook/validate-mocks.test.ts
[22m[39m✓ Loaded .env.test

[90mstdout[2m | src/components/Editor3/Editor.stories.jsx[2m > [22m[2mKeyboard Shortcuts Block Types
[22m[39m[Editor onChange] Skipping save - no initial state loaded yet
[90mstdout[2m | src/components/Editor3/Editor.stories.jsx[2m > [22m[2mKeyboard Shortcuts Block Types
[22m[39m[Editor onChange] Skipping save - no initial state loaded yet
[90mstdout[2m | src/components/Editor3/Editor.stories.jsx[2m > [22m[2mKeyboard Shortcuts Block Types
[22m[39m[Editor onChange] Skipping save - no initial state loaded yet
[90mstdout[2m | src/components/Editor3/Editor.stories.jsx[2m > [22m[2mKeyboard Shortcuts Block Types
[22m[39m[Editor onChange] Skipping save - no initial state loaded yet
 [32m✓[39m [30m[42m unit [49m[39m src/components/Editor3/components/__tests__/GradeHistory.test.tsx [2m([22m[2m13 tests[22m[2m)[22m[33m 1098[2mms[22m[39m
       [33m[2m✓[22m[39m calculates average accuracy [33m 374[2mms[22m[39m
 [32m✓[39m [30m[42m unit [49m[39m src/components/Gamification/__tests__/SkillTree.test.tsx [2m([22m[2m10 tests[22m[2m)[22m[33m 602[2mms[22m[39m
[90mstdout[2m | amplify/functions/__tests__/suggestBlocksStream.integration.test.ts
[22m[39m✓ Loaded .env.test

[90mstdout[2m | src/components/Editor3/Editor.stories.jsx[2m > [22m[2mKeyboard Shortcuts Block Types
[22m[39m[Editor onChange] Skipping save - no initial state loaded yet
[90mstdout[2m | src/components/Editor3/Editor.stories.jsx[2m > [22m[2mKeyboard Shortcuts Block Types
[22m[39m[Editor onChange] Skipping save - no initial state loaded yet
[90mstdout[2m | src/components/Editor3/Editor.stories.jsx[2m > [22m[2mKeyboard Shortcuts Block Types
[22m[39m[Editor onChange] Skipping save - no initial state loaded yet
[90mstdout[2m | src/components/Editor3/Editor.stories.jsx[2m > [22m[2mKeyboard Shortcuts Block Types
[22m[39m[Editor onChange] Skipping save - no initial state loaded yet
[90mstdout[2m | src/components/Editor3/Editor.stories.jsx[2m > [22m[2mKeyboard Shortcuts Block Types
[22m[39m[Editor onChange] Skipping save - no initial state loaded yet
[90mstdout[2m | src/components/Editor3/Editor.stories.jsx[2m > [22m[2mKeyboard Shortcuts Block Types
[22m[39m[Editor onChange] Skipping save - no initial state loaded yet
[90mstdout[2m | src/components/Editor3/Editor.stories.jsx[2m > [22m[2mKeyboard Shortcuts Block Types
[22m[39m[Editor onChange] Skipping save - no initial state loaded yet
[90mstdout[2m | src/components/Editor3/Editor.stories.jsx[2m > [22m[2mKeyboard Shortcuts Block Types
[22m[39m[Editor onChange] Skipping save - no initial state loaded yet
 [32m✓[39m [30m[42m unit [49m[39m test/storybook/validate-mocks.test.ts [2m([22m[2m26 tests[22m[2m)[22m[33m 955[2mms[22m[39m
     [33m[2m✓[22m[39m should validate editor state in index-page-examples.js [33m 736[2mms[22m[39m
[90mstdout[2m | src/components/Editor3/Editor.stories.jsx[2m > [22m[2mKeyboard Shortcuts Block Types
[22m[39m[Editor onChange] Skipping save - no initial state loaded yet
[90mstdout[2m | src/components/Editor3/Editor.stories.jsx[2m > [22m[2mKeyboard Shortcuts Block Types
[22m[39m[Editor onChange] Skipping save - no initial state loaded yet
[90mstdout[2m | src/components/Editor3/Editor.stories.jsx[2m > [22m[2mKeyboard Shortcuts Block Types
[22m[39m[Editor onChange] Skipping save - no initial state loaded yet
 [32m✓[39m [30m[42m unit [49m[39m amplify/functions/__tests__/suggestBlocksStream.integration.test.ts [2m([22m[2m8 tests[22m[2m)[22m[33m 1075[2mms[22m[39m
     [33m[2m✓[22m[39m should validate unitStructure parameter [33m 1054[2mms[22m[39m
[90mstdout[2m | src/components/Editor3/Editor.stories.jsx[2m > [22m[2mKeyboard Shortcuts Block Types
[22m[39m[Editor onChange] Skipping save - no initial state loaded yet
[90mstdout[2m | src/components/Editor3/Editor.stories.jsx[2m > [22m[2mKeyboard Shortcuts Block Types
[22m[39m[Editor onChange] Skipping save - no initial state loaded yet
[90mstdout[2m | src/components/Editor3/Editor.stories.jsx[2m > [22m[2mKeyboard Shortcuts Block Types
[22m[39m[Editor onChange] Skipping save - no initial state loaded yet
[90mstdout[2m | src/components/Editor3/Editor.stories.jsx[2m > [22m[2mKeyboard Shortcuts Block Types
[22m[39m[Editor onChange] Skipping save - no initial state loaded yet
[90mstdout[2m | src/components/Editor3/Editor.stories.jsx[2m > [22m[2mKeyboard Shortcuts Block Types
[22m[39m[Editor onChange] Skipping save - no initial state loaded yet
[90mstdout[2m | src/components/Editor3/Editor.stories.jsx[2m > [22m[2mKeyboard Shortcuts Block Types
[22m[39m[Editor onChange] Skipping save - no initial state loaded yet
[90mstdout[2m | test/unit/zipDetector.test.ts
[22m[39m✓ Loaded .env.test

 [32m✓[39m [30m[42m unit [49m[39m src/components/Gamification/__tests__/Gamification.test.tsx [2m([22m[2m16 tests[22m[2m)[22m[33m 523[2mms[22m[39m
[90mstdout[2m | src/components/RecordingStudio3/__tests__/RecordingStudio3.a11y.test.tsx
[22m[39m✓ Loaded .env.test

[90mstdout[2m | src/yjs/__tests__/WorkbookCollaboration.test.ts
[22m[39m✓ Loaded .env.test

[90mstdout[2m | amplify/functions/__tests__/chatStream.integration.test.ts
[22m[39m✓ Loaded .env.test

[90mstdout[2m | src/components/Editor3/Editor.stories.jsx[2m > [22m[2mKeyboard Shortcuts Block Types
[22m[39m🔑 ENTER KEY pressed in editor
[90mstdout[2m | src/components/Editor3/Editor.stories.jsx[2m > [22m[2mKeyboard Shortcuts Block Types
[22m[39m❌ Not in a code node
[90mstdout[2m | src/components/Editor3/Editor.stories.jsx[2m > [22m[2mKeyboard Shortcuts Block Types
[22m[39m[Editor onChange] Skipping save - no initial state loaded yet
[90mstdout[2m | src/components/Editor3/Editor.stories.jsx[2m > [22m[2mKeyboard Shortcuts Block Types
[22m[39m🔑 ENTER KEY pressed in editor
[90mstdout[2m | src/components/Editor3/Editor.stories.jsx[2m > [22m[2mKeyboard Shortcuts Block Types
[22m[39m❌ Not in a code node
 [32m✓[39m [30m[42m unit [49m[39m test/unit/zipDetector.test.ts [2m([22m[2m9 tests[22m[2m)[22m[33m 429[2mms[22m[39m
 [32m✓[39m [30m[42m unit [49m[39m src/yjs/__tests__/WorkbookCollaboration.test.ts [2m([22m[2m27 tests[22m[2m)[22m[32m 191[2mms[22m[39m
[90mstdout[2m | src/components/Editor3/components/__tests__/ExerciseResponsePanel.test.tsx
[22m[39m✓ Loaded .env.test

[90mstdout[2m | amplify/functions/__tests__/contentCompletionStream.integration.test.ts
[22m[39m✓ Loaded .env.test

 [32m✓[39m [30m[42m unit [49m[39m amplify/functions/__tests__/chatStream.integration.test.ts [2m([22m[2m3 tests[22m[2m)[22m[33m 371[2mms[22m[39m
     [33m[2m✓[22m[39m should handle missing authorization header [33m 358[2mms[22m[39m
[90mstdout[2m | src/components/Editor3/Editor.stories.jsx[2m > [22m[2mKeyboard Shortcuts Block Types
[22m[39m[Editor onChange] Skipping save - no initial state loaded yet
 [32m✓[39m [30m[42m unit [49m[39m amplify/functions/__tests__/contentCompletionStream.integration.test.ts [2m([22m[2m5 tests[22m[2m)[22m[32m 242[2mms[22m[39m
[90mstdout[2m | src/components/Editor3/Editor.stories.jsx[2m > [22m[2mKeyboard Shortcuts Block Types
[22m[39m[Editor onChange] Skipping save - no initial state loaded yet
[90mstdout[2m | src/components/Editor3/Editor.stories.jsx[2m > [22m[2mKeyboard Shortcuts Block Types
[22m[39m[Editor onChange] Skipping save - no initial state loaded yet
[90mstdout[2m | src/components/Editor3/Editor.stories.jsx[2m > [22m[2mKeyboard Shortcuts Block Types
[22m[39m[Editor onChange] Skipping save - no initial state loaded yet
[90mstdout[2m | src/components/Editor3/Editor.stories.jsx[2m > [22m[2mKeyboard Shortcuts Block Types
[22m[39m[Editor onChange] Skipping save - no initial state loaded yet
[90mstdout[2m | src/components/Editor3/Editor.stories.jsx[2m > [22m[2mKeyboard Shortcuts Block Types
[22m[39m[Editor onChange] Skipping save - no initial state loaded yet
[90mstdout[2m | src/components/Editor3/Editor.stories.jsx[2m > [22m[2mKeyboard Shortcuts Block Types
[22m[39m[Editor onChange] Skipping save - no initial state loaded yet
[90mstdout[2m | src/components/Editor3/components/__tests__/Save.test.tsx
[22m[39m✓ Loaded .env.test

[90mstdout[2m | src/components/Editor3/Editor.stories.jsx[2m > [22m[2mKeyboard Shortcuts Block Types
[22m[39m[Editor onChange] Skipping save - no initial state loaded yet
[90mstdout[2m | src/components/Editor3/Editor.stories.jsx[2m > [22m[2mKeyboard Shortcuts Block Types
[22m[39m[Editor onChange] Skipping save - no initial state loaded yet
[90mstdout[2m | src/components/Editor3/Editor.stories.jsx[2m > [22m[2mKeyboard Shortcuts Block Types
[22m[39m[Editor onChange] Skipping save - no initial state loaded yet
[90mstdout[2m | src/components/Editor3/Editor.stories.jsx[2m > [22m[2mKeyboard Shortcuts Block Types
[22m[39m[Editor onChange] Skipping save - no initial state loaded yet
[90mstdout[2m | src/context/__tests__/notificationContext.test.tsx
[22m[39m✓ Loaded .env.test

[90mstdout[2m | src/components/Gamification/__tests__/ContentUnlockAnimation.test.tsx
[22m[39m✓ Loaded .env.test

[90mstdout[2m | src/components/Editor3/components/__tests__/AudioPromptPanel.test.tsx
[22m[39m✓ Loaded .env.test

 [32m✓[39m [30m[42m unit [49m[39m src/context/__tests__/notificationContext.test.tsx [2m([22m[2m11 tests[22m[2m)[22m[32m 154[2mms[22m[39m
[90mstdout[2m | test/unit/api/_shared/agentTools.test.ts
[22m[39m✓ Loaded .env.test

 [32m✓[39m [30m[42m unit [49m[39m src/components/Editor3/components/__tests__/ExerciseResponsePanel.test.tsx [2m([22m[2m3 tests[22m[2m)[22m[32m 240[2mms[22m[39m
[90mstdout[2m | src/components/Editor3/Editor.stories.jsx[2m > [22m[2mKeyboard Shortcuts Block Types
[22m[39m[Editor onChange] Skipping save - no initial state loaded yet
[90mstdout[2m | src/components/Editor3/Editor.stories.jsx[2m > [22m[2mKeyboard Shortcuts Block Types
[22m[39m[Editor onChange] Skipping save - no initial state loaded yet
[90mstdout[2m | src/components/Editor3/Editor.stories.jsx[2m > [22m[2mKeyboard Shortcuts Block Types
[22m[39m[Editor onChange] Skipping save - no initial state loaded yet
[90mstdout[2m | src/components/Editor3/Editor.stories.jsx[2m > [22m[2mKeyboard Shortcuts Block Types
[22m[39m[Editor onChange] Skipping save - no initial state loaded yet
[90mstdout[2m | src/components/Editor3/Editor.stories.jsx[2m > [22m[2mKeyboard Shortcuts Block Types
[22m[39m[Editor onChange] Skipping save - no initial state loaded yet
[90mstdout[2m | src/components/Editor3/Editor.stories.jsx[2m > [22m[2mKeyboard Shortcuts Block Types
[22m[39m[Editor onChange] Skipping save - no initial state loaded yet
[90mstdout[2m | src/components/Editor3/Editor.stories.jsx[2m > [22m[2mKeyboard Shortcuts Block Types
[22m[39m[Editor onChange] Skipping save - no initial state loaded yet
[90mstdout[2m | src/components/Editor3/Editor.stories.jsx[2m > [22m[2mKeyboard Shortcuts Block Types
[22m[39m[Editor onChange] Skipping save - no initial state loaded yet
[90mstdout[2m | src/components/Editor3/Editor.stories.jsx[2m > [22m[2mKeyboard Shortcuts Block Types
[22m[39m[Editor onChange] Skipping save - no initial state loaded yet
[90mstdout[2m | src/components/Editor3/Editor.stories.jsx[2m > [22m[2mKeyboard Shortcuts Block Types
[22m[39m[Editor onChange] Skipping save - no initial state loaded yet
[90mstdout[2m | src/components/Editor3/Editor.stories.jsx[2m > [22m[2mKeyboard Shortcuts Block Types
[22m[39m🔑 ENTER KEY pressed in editor
[90mstdout[2m | src/components/Editor3/Editor.stories.jsx[2m > [22m[2mKeyboard Shortcuts Block Types
[22m[39m✅ In code node
[90mstdout[2m | src/components/Editor3/Editor.stories.jsx[2m > [22m[2mKeyboard Shortcuts Block Types
[22m[39m📍 Cursor offset: 1, Node text length: 1
[90mstdout[2m | src/components/Editor3/Editor.stories.jsx[2m > [22m[2mKeyboard Shortcuts Block Types
[22m[39m📝 Node text: ";"
[90mstdout[2m | src/components/Editor3/Editor.stories.jsx[2m > [22m[2mKeyboard Shortcuts Block Types
[22m[39m🔑 ENTER KEY pressed in editor
[90mstdout[2m | src/components/Editor3/Editor.stories.jsx[2m > [22m[2mKeyboard Shortcuts Block Types
[22m[39m❌ Not in a code node
[90mstdout[2m | src/components/Editor3/Editor.stories.jsx[2m > [22m[2mKeyboard Shortcuts Block Types
[22m[39m[Editor onChange] Skipping save - no initial state loaded yet
[90mstdout[2m | test/unit/eduExtraction.test.ts
[22m[39m✓ Loaded .env.test

[90mstdout[2m | src/components/Editor3/Editor.stories.jsx[2m > [22m[2mKeyboard Shortcuts Block Types
[22m[39m🔑 ENTER KEY pressed in editor
[90mstdout[2m | src/components/Editor3/Editor.stories.jsx[2m > [22m[2mKeyboard Shortcuts Block Types
[22m[39m❌ Not in a code node
 [32m✓[39m [30m[42m unit [49m[39m src/components/Gamification/__tests__/ContentUnlockAnimation.test.tsx [2m([22m[2m5 tests[22m[2m)[22m[32m 146[2mms[22m[39m
 [32m✓[39m [30m[42m unit [49m[39m src/components/Editor3/components/__tests__/AudioPromptPanel.test.tsx [2m([22m[2m2 tests[22m[2m)[22m[32m 174[2mms[22m[39m
[90mstdout[2m | src/components/Editor3/Editor.stories.jsx[2m > [22m[2mKeyboard Shortcuts Block Types
[22m[39m[Editor onChange] Skipping save - no initial state loaded yet
[90mstdout[2m | test/unit/documentThumbnailHandler.test.ts
[22m[39m✓ Loaded .env.test

 [32m✓[39m [30m[42m unit [49m[39m test/unit/api/_shared/agentTools.test.ts [2m([22m[2m17 tests[22m[2m)[22m[32m 69[2mms[22m[39m
[90mstdout[2m | src/components/Editor3/Editor.stories.jsx[2m > [22m[2mKeyboard Shortcuts Block Types
[22m[39m[Editor onChange] Skipping save - no initial state loaded yet
 [32m✓[39m [30m[42m unit [49m[39m test/unit/eduExtraction.test.ts [2m([22m[2m12 tests[22m[2m)[22m[32m 144[2mms[22m[39m
 [32m✓[39m [30m[42m unit [49m[39m test/unit/documentThumbnailHandler.test.ts [2m([22m[2m30 tests[22m[2m)[22m[32m 99[2mms[22m[39m
[90mstdout[2m | src/components/Editor3/Editor.stories.jsx[2m > [22m[2mKeyboard Shortcuts Block Types
[22m[39m[Editor onChange] Skipping save - no initial state loaded yet
[90mstdout[2m | src/components/Editor3/Editor.stories.jsx[2m > [22m[2mKeyboard Shortcuts Block Types
[22m[39m[Keyboard Shortcuts Demo] Section 7: Markdown Shortcuts
[90mstdout[2m | src/components/Editor3/Editor.stories.jsx[2m > [22m[2mKeyboard Shortcuts Block Types
[22m[39m[Editor onChange] Skipping save - no initial state loaded yet
[90mstdout[2m | src/components/Editor3/Editor.stories.jsx[2m > [22m[2mKeyboard Shortcuts Block Types
[22m[39m[Editor onChange] Skipping save - no initial state loaded yet
 [32m✓[39m [30m[42m unit [49m[39m src/components/Editor3/components/__tests__/Save.test.tsx [2m([22m[2m9 tests[22m[2m)[22m[32m 195[2mms[22m[39m
[90mstdout[2m | src/components/Editor3/Editor.stories.jsx[2m > [22m[2mKeyboard Shortcuts Block Types
[22m[39m[Editor onChange] Skipping save - no initial state loaded yet
[90mstdout[2m | src/components/Editor3/Editor.stories.jsx[2m > [22m[2mKeyboard Shortcuts Block Types
[22m[39m[Editor onChange] Skipping save - no initial state loaded yet
[90mstdout[2m | src/components/Editor3/Editor.stories.jsx[2m > [22m[2mKeyboard Shortcuts Block Types
[22m[39m[Editor onChange] Skipping save - no initial state loaded yet
[90mstdout[2m | src/components/Editor3/Editor.stories.jsx[2m > [22m[2mKeyboard Shortcuts Block Types
[22m[39m[Editor onChange] Skipping save - no initial state loaded yet
[90mstdout[2m | src/components/Editor3/Editor.stories.jsx[2m > [22m[2mKeyboard Shortcuts Block Types
[22m[39m[Editor onChange] Skipping save - no initial state loaded yet
[90mstdout[2m | src/components/Editor3/Editor.stories.jsx[2m > [22m[2mKeyboard Shortcuts Block Types
[22m[39m[Editor onChange] Skipping save - no initial state loaded yet
[90mstdout[2m | test/unit/api/chat-route.test.ts
[22m[39m✓ Loaded .env.test

[90mstdout[2m | src/components/Editor3/Editor.stories.jsx[2m > [22m[2mKeyboard Shortcuts Block Types
[22m[39m[Editor onChange] Skipping save - no initial state loaded yet
[90mstdout[2m | src/yjs/__tests__/BlockHistory.test.ts
[22m[39m✓ Loaded .env.test

[90mstdout[2m | src/components/Editor3/Editor.stories.jsx[2m > [22m[2mKeyboard Shortcuts Block Types
[22m[39m[Editor onChange] Skipping save - no initial state loaded yet
[90mstdout[2m | src/components/Editor3/Editor.stories.jsx[2m > [22m[2mKeyboard Shortcuts Block Types
[22m[39m[Editor onChange] Skipping save - no initial state loaded yet
[90mstdout[2m | test/storybook/onboarding-personas.test.ts
[22m[39m✓ Loaded .env.test

[90mstdout[2m | src/components/Editor3/Editor.stories.jsx[2m > [22m[2mKeyboard Shortcuts Block Types
[22m[39m[Editor onChange] Skipping save - no initial state loaded yet
[90mstdout[2m | src/components/Editor3/__tests__/NarrativeReader.test.tsx
[22m[39m✓ Loaded .env.test

[90mstdout[2m | test/agent-permissions.test.ts
[22m[39m✓ Loaded .env.test

[90mstdout[2m | src/components/Editor3/Editor.stories.jsx[2m > [22m[2mKeyboard Shortcuts Block Types
[22m[39m[Editor onChange] Skipping save - no initial state loaded yet
 [32m✓[39m [30m[42m unit [49m[39m src/yjs/__tests__/BlockHistory.test.ts [2m([22m[2m9 tests[22m[2m)[22m[32m 134[2mms[22m[39m
[90mstdout[2m | src/components/Editor3/Editor.stories.jsx[2m > [22m[2mKeyboard Shortcuts Block Types
[22m[39m[Editor onChange] Skipping save - no initial state loaded yet
[90mstdout[2m | src/components/Editor3/Editor.stories.jsx[2m > [22m[2mKeyboard Shortcuts Block Types
[22m[39m[Editor onChange] Skipping save - no initial state loaded yet
 [32m✓[39m [30m[42m unit [49m[39m test/agent-permissions.test.ts [2m([22m[2m44 tests[22m[2m)[22m[32m 129[2mms[22m[39m
[90mstdout[2m | src/components/Editor3/Editor.stories.jsx[2m > [22m[2mKeyboard Shortcuts Block Types
[22m[39m[Editor onChange] Skipping save - no initial state loaded yet
[90mstdout[2m | src/yjs/__tests__/YjsProvider.test.ts
[22m[39m✓ Loaded .env.test

[90mstdout[2m | src/components/Editor3/Editor.stories.jsx[2m > [22m[2mKeyboard Shortcuts Block Types
[22m[39m[Editor onChange] Skipping save - no initial state loaded yet
 [32m✓[39m [30m[42m unit [49m[39m test/unit/api/chat-route.test.ts [2m([22m[2m16 tests[22m[2m)[22m[32m 50[2mms[22m[39m
[90mstdout[2m | src/components/Editor3/Editor.stories.jsx[2m > [22m[2mKeyboard Shortcuts Block Types
[22m[39m[Editor onChange] Skipping save - no initial state loaded yet
 [32m✓[39m [30m[42m unit [49m[39m src/components/Editor3/__tests__/NarrativeReader.test.tsx [2m([22m[2m6 tests[22m[2m)[22m[32m 115[2mms[22m[39m
 [32m✓[39m [30m[42m unit [49m[39m test/storybook/onboarding-personas.test.ts [2m([22m[2m427 tests[22m[2m)[22m[32m 119[2mms[22m[39m
[90mstdout[2m | src/components/Editor3/Editor.stories.jsx[2m > [22m[2mKeyboard Shortcuts Block Types
[22m[39m[Editor onChange] Skipping save - no initial state loaded yet
 [32m✓[39m [30m[42m unit [49m[39m src/yjs/__tests__/YjsProvider.test.ts [2m([22m[2m21 tests[22m[2m)[22m[32m 80[2mms[22m[39m
[90mstdout[2m | src/components/Editor3/Editor.stories.jsx[2m > [22m[2mKeyboard Shortcuts Block Types
[22m[39m[Editor onChange] Skipping save - no initial state loaded yet
[90mstdout[2m | src/components/Editor3/Editor.stories.jsx[2m > [22m[2mKeyboard Shortcuts Block Types
[22m[39m[Editor onChange] Skipping save - no initial state loaded yet
[90mstdout[2m | src/components/Editor3/Editor.stories.jsx[2m > [22m[2mKeyboard Shortcuts Block Types
[22m[39m[Editor onChange] Skipping save - no initial state loaded yet
[90mstdout[2m | src/components/Editor3/Editor.stories.jsx[2m > [22m[2mKeyboard Shortcuts Block Types
[22m[39m[Editor onChange] Skipping save - no initial state loaded yet
[90mstdout[2m | src/components/Editor3/Editor.stories.jsx[2m > [22m[2mKeyboard Shortcuts Block Types
[22m[39m[Editor onChange] Skipping save - no initial state loaded yet
[90mstdout[2m | src/components/Editor3/Editor.stories.jsx[2m > [22m[2mKeyboard Shortcuts Block Types
[22m[39m[Editor onChange] Skipping save - no initial state loaded yet
[90mstdout[2m | src/components/Editor3/Editor.stories.jsx[2m > [22m[2mKeyboard Shortcuts Block Types
[22m[39m[Editor onChange] Skipping save - no initial state loaded yet
[90mstdout[2m | src/hooks/useEngagedTime.test.ts
[22m[39m✓ Loaded .env.test

[90mstdout[2m | src/components/Editor3/Editor.stories.jsx[2m > [22m[2mKeyboard Shortcuts Block Types
[22m[39m[Editor onChange] Skipping save - no initial state loaded yet
[90mstdout[2m | src/components/Editor3/Editor.stories.jsx[2m > [22m[2mKeyboard Shortcuts Block Types
[22m[39m[Editor onChange] Skipping save - no initial state loaded yet
 [32m✓[39m [30m[42m unit [49m[39m src/hooks/useEngagedTime.test.ts [2m([22m[2m15 tests[22m[2m)[22m[32m 110[2mms[22m[39m
[90mstdout[2m | src/components/Editor3/Editor.stories.jsx[2m > [22m[2mKeyboard Shortcuts Block Types
[22m[39m[Editor onChange] Skipping save - no initial state loaded yet
[90mstdout[2m | src/components/Editor3/components/__tests__/AudioAutoSubmitWrapper.test.tsx
[22m[39m✓ Loaded .env.test

[90mstdout[2m | src/components/Editor3/Editor.stories.jsx[2m > [22m[2mKeyboard Shortcuts Block Types
[22m[39m🔑 ENTER KEY pressed in editor
[90mstdout[2m | src/components/Editor3/Editor.stories.jsx[2m > [22m[2mKeyboard Shortcuts Block Types
[22m[39m❌ Not in a code node
[90mstdout[2m | src/components/Editor3/Editor.stories.jsx[2m > [22m[2mKeyboard Shortcuts Block Types
[22m[39m[Editor onChange] Skipping save - no initial state loaded yet
 [32m✓[39m [30m[42m unit [49m[39m src/components/Editor3/components/__tests__/AudioAutoSubmitWrapper.test.tsx [2m([22m[2m3 tests[22m[2m)[22m[32m 162[2mms[22m[39m
[90mstdout[2m | src/components/Editor3/Editor.stories.jsx[2m > [22m[2mKeyboard Shortcuts Block Types
[22m[39m[Editor onChange] Skipping save - no initial state loaded yet
[90mstdout[2m | src/components/Editor3/components/__tests__/SubmissionCountdown.test.tsx
[22m[39m✓ Loaded .env.test

[90mstdout[2m | src/components/Editor3/Editor.stories.jsx[2m > [22m[2mKeyboard Shortcuts Block Types
[22m[39m[Editor onChange] Skipping save - no initial state loaded yet
[90mstdout[2m | src/context/__tests__/campaignContext.test.tsx
[22m[39m✓ Loaded .env.test

[90mstdout[2m | src/components/Editor3/components/__tests__/MediaPromptBand.test.tsx
[22m[39m✓ Loaded .env.test

[90mstdout[2m | src/components/Editor3/Editor.stories.jsx[2m > [22m[2mKeyboard Shortcuts Block Types
[22m[39m[Editor onChange] Skipping save - no initial state loaded yet
[90mstdout[2m | src/context/__tests__/gamificationProviderWrapper.test.tsx
[22m[39m✓ Loaded .env.test

[90mstdout[2m | src/components/Editor3/Editor.stories.jsx[2m > [22m[2mKeyboard Shortcuts Block Types
[22m[39m[Editor onChange] Skipping save - no initial state loaded yet
[90mstdout[2m | src/components/Editor3/Editor.stories.jsx[2m > [22m[2mKeyboard Shortcuts Block Types
[22m[39m[Editor onChange] Skipping save - no initial state loaded yet
 [32m✓[39m [30m[42m unit [49m[39m src/context/__tests__/campaignContext.test.tsx [2m([22m[2m9 tests[22m[2m)[22m[32m 278[2mms[22m[39m
[90mstdout[2m | src/components/Editor3/Editor.stories.jsx[2m > [22m[2mKeyboard Shortcuts Block Types
[22m[39m[Editor onChange] Skipping save - no initial state loaded yet
[90mstdout[2m | src/components/Editor3/Editor.stories.jsx[2m > [22m[2mKeyboard Shortcuts Block Types
[22m[39m[Editor onChange] Skipping save - no initial state loaded yet
[90mstdout[2m | src/components/Editor3/Editor.stories.jsx[2m > [22m[2mKeyboard Shortcuts Block Types
[22m[39m[Editor onChange] Skipping save - no initial state loaded yet
[90mstdout[2m | src/components/Editor3/Editor.stories.jsx[2m > [22m[2mKeyboard Shortcuts Block Types
[22m[39m[Editor onChange] Skipping save - no initial state loaded yet
[90mstdout[2m | src/components/Editor3/Editor.stories.jsx[2m > [22m[2mKeyboard Shortcuts Block Types
[22m[39m[Editor onChange] Skipping save - no initial state loaded yet
[90mstdout[2m | src/components/Editor3/Editor.stories.jsx[2m > [22m[2mKeyboard Shortcuts Block Types
[22m[39m[Editor onChange] Skipping save - no initial state loaded yet
[90mstdout[2m | src/components/Editor3/Editor.stories.jsx[2m > [22m[2mKeyboard Shortcuts Block Types
[22m[39m[Editor onChange] Skipping save - no initial state loaded yet
[90mstdout[2m | src/components/Editor3/Editor.stories.jsx[2m > [22m[2mKeyboard Shortcuts Block Types
[22m[39m[Editor onChange] Skipping save - no initial state loaded yet
[90mstdout[2m | src/components/Editor3/Editor.stories.jsx[2m > [22m[2mKeyboard Shortcuts Block Types
[22m[39m[Editor onChange] Skipping save - no initial state loaded yet
[90mstdout[2m | test/unit/api/vitals-route.test.ts
[22m[39m✓ Loaded .env.test

 [32m✓[39m [30m[42m unit [49m[39m src/context/__tests__/gamificationProviderWrapper.test.tsx [2m([22m[2m9 tests[22m[2m)[22m[32m 114[2mms[22m[39m
[90mstdout[2m | src/components/Editor3/Editor.stories.jsx[2m > [22m[2mKeyboard Shortcuts Block Types
[22m[39m[Editor onChange] Skipping save - no initial state loaded yet
[90mstdout[2m | src/components/Editor3/Editor.stories.jsx[2m > [22m[2mKeyboard Shortcuts Block Types
[22m[39m[Editor onChange] Skipping save - no initial state loaded yet
 [32m✓[39m [30m[42m unit [49m[39m test/unit/api/vitals-route.test.ts [2m([22m[2m8 tests[22m[2m)[22m[32m 37[2mms[22m[39m
[90mstdout[2m | src/yjs/__tests__/WorkbookComments.test.ts
[22m[39m✓ Loaded .env.test

[90mstdout[2m | src/components/Editor3/Editor.stories.jsx[2m > [22m[2mKeyboard Shortcuts Block Types
[22m[39m[Editor onChange] Skipping save - no initial state loaded yet
[90mstdout[2m | src/components/Editor3/Editor.stories.jsx[2m > [22m[2mKeyboard Shortcuts Block Types
[22m[39m[Editor onChange] Skipping save - no initial state loaded yet
 [32m✓[39m [30m[42m unit [49m[39m src/yjs/__tests__/WorkbookComments.test.ts [2m([22m[2m12 tests[22m[2m)[22m[32m 81[2mms[22m[39m
 [32m✓[39m [30m[42m unit [49m[39m src/components/Editor3/components/__tests__/SubmissionCountdown.test.tsx [2m([22m[2m8 tests[22m[2m)[22m[32m 127[2mms[22m[39m
[90mstdout[2m | src/components/Editor3/Editor.stories.jsx[2m > [22m[2mKeyboard Shortcuts Block Types
[22m[39m[Editor onChange] Skipping save - no initial state loaded yet
 [32m✓[39m [30m[42m unit [49m[39m src/components/Editor3/components/__tests__/MediaPromptBand.test.tsx [2m([22m[2m2 tests[22m[2m)[22m[32m 121[2mms[22m[39m
[90mstdout[2m | .github/skills/docblock-backfill/test/docblock-backfill.test.ts
[22m[39m✓ Loaded .env.test

[90mstdout[2m | src/components/Editor3/Editor.stories.jsx[2m > [22m[2mKeyboard Shortcuts Block Types
[22m[39m[Editor onChange] Skipping save - no initial state loaded yet
[90mstdout[2m | src/components/Editor3/Editor.stories.jsx[2m > [22m[2mKeyboard Shortcuts Block Types
[22m[39m[Editor onChange] Skipping save - no initial state loaded yet
[90mstdout[2m | src/components/Editor3/Editor.stories.jsx[2m > [22m[2mKeyboard Shortcuts Block Types
[22m[39m[Editor onChange] Skipping save - no initial state loaded yet
[90mstdout[2m | src/components/Editor3/Editor.stories.jsx[2m > [22m[2mKeyboard Shortcuts Block Types
[22m[39m[Editor onChange] Skipping save - no initial state loaded yet
[90mstdout[2m | src/components/Editor3/Editor.stories.jsx[2m > [22m[2mKeyboard Shortcuts Block Types
[22m[39m[Editor onChange] Skipping save - no initial state loaded yet
[90mstdout[2m | src/components/Editor3/Editor.stories.jsx[2m > [22m[2mKeyboard Shortcuts Block Types
[22m[39m[Editor onChange] Skipping save - no initial state loaded yet
 [32m✓[39m [30m[42m unit [49m[39m .github/skills/docblock-backfill/test/docblock-backfill.test.ts [2m([22m[2m7 tests[22m[2m)[22m[32m 68[2mms[22m[39m
[90mstdout[2m | src/components/Editor3/Editor.stories.jsx[2m > [22m[2mKeyboard Shortcuts Block Types
[22m[39m[Editor onChange] Skipping save - no initial state loaded yet
[90mstdout[2m | src/components/Editor3/Editor.stories.jsx[2m > [22m[2mKeyboard Shortcuts Block Types
[22m[39m[Editor onChange] Skipping save - no initial state loaded yet
[90mstdout[2m | amplify/functions/__tests__/gamification-generateSkillTree.test.ts
[22m[39m✓ Loaded .env.test

[90mstdout[2m | src/components/Editor3/Editor.stories.jsx[2m > [22m[2mKeyboard Shortcuts Block Types
[22m[39m🔑 ENTER KEY pressed in editor
[90mstdout[2m | src/components/Editor3/Editor.stories.jsx[2m > [22m[2mKeyboard Shortcuts Block Types
[22m[39m❌ Not in a code node
[90mstdout[2m | src/components/Editor3/Editor.stories.jsx[2m > [22m[2mKeyboard Shortcuts Block Types
[22m[39m[Editor onChange] Skipping save - no initial state loaded yet
[90mstdout[2m | src/yjs/__tests__/peerReviewHooks.test.ts
[22m[39m✓ Loaded .env.test

[90mstdout[2m | src/components/Editor3/Editor.stories.jsx[2m > [22m[2mKeyboard Shortcuts Block Types
[22m[39m[Editor onChange] Skipping save - no initial state loaded yet
 [32m✓[39m [30m[42m unit [49m[39m amplify/functions/__tests__/gamification-generateSkillTree.test.ts [2m([22m[2m6 tests[22m[2m)[22m[32m 223[2mms[22m[39m
[90mstdout[2m | src/components/Editor3/Editor.stories.jsx[2m > [22m[2mKeyboard Shortcuts Block Types
[22m[39m[Editor onChange] Skipping save - no initial state loaded yet
[90mstdout[2m | src/components/Editor3/Editor.stories.jsx[2m > [22m[2mKeyboard Shortcuts Block Types
[22m[39m[Editor onChange] Skipping save - no initial state loaded yet
 [32m✓[39m [30m[42m unit [49m[39m src/yjs/__tests__/peerReviewHooks.test.ts [2m([22m[2m8 tests[22m[2m)[22m[32m 135[2mms[22m[39m
[90mstdout[2m | src/components/Editor3/Editor.stories.jsx[2m > [22m[2mKeyboard Shortcuts Block Types
[22m[39m[Editor onChange] Skipping save - no initial state loaded yet
[90mstdout[2m | src/yjs/__tests__/WorkbookPresenceBar.test.ts
[22m[39m✓ Loaded .env.test

[90mstdout[2m | amplify/functions/dataAuthorizer/__tests__/authz.test.ts
[22m[39m✓ Loaded .env.test

[90mstdout[2m | src/components/Editor3/Editor.stories.jsx[2m > [22m[2mKeyboard Shortcuts Block Types
[22m[39m[Editor onChange] Skipping save - no initial state loaded yet
[90mstdout[2m | src/utils/debug/__tests__/DebugLogger.test.ts
[22m[39m✓ Loaded .env.test

 [32m✓[39m [30m[42m unit [49m[39m amplify/functions/dataAuthorizer/__tests__/authz.test.ts [2m([22m[2m29 tests[22m[2m)[22m[32m 26[2mms[22m[39m
[90mstdout[2m | src/components/Editor3/Editor.stories.jsx[2m > [22m[2mKeyboard Shortcuts Block Types
[22m[39m[Editor onChange] Skipping save - no initial state loaded yet
[90mstdout[2m | src/components/Editor3/Editor.stories.jsx[2m > [22m[2mKeyboard Shortcuts Block Types
[22m[39m[Editor onChange] Skipping save - no initial state loaded yet
[90mstdout[2m | src/components/Editor3/Editor.stories.jsx[2m > [22m[2mKeyboard Shortcuts Block Types
[22m[39m[Editor onChange] Skipping save - no initial state loaded yet
[90mstdout[2m | src/components/Editor3/Editor.stories.jsx[2m > [22m[2mKeyboard Shortcuts Block Types
[22m[39m[Editor onChange] Skipping save - no initial state loaded yet
 [32m✓[39m [30m[42m unit [49m[39m src/utils/debug/__tests__/DebugLogger.test.ts [2m([22m[2m29 tests[22m[2m)[22m[33m 362[2mms[22m[39m
[90mstdout[2m | src/components/Editor3/Editor.stories.jsx[2m > [22m[2mKeyboard Shortcuts Block Types
[22m[39m[Editor onChange] Skipping save - no initial state loaded yet
[90mstdout[2m | src/components/Editor3/Editor.stories.jsx[2m > [22m[2mKeyboard Shortcuts Block Types
[22m[39m[Editor onChange] Skipping save - no initial state loaded yet
 [32m✓[39m [30m[42m unit [49m[39m src/yjs/__tests__/WorkbookPresenceBar.test.ts [2m([22m[2m11 tests[22m[2m)[22m[33m 435[2mms[22m[39m
[90mstdout[2m | src/components/Editor3/Editor.stories.jsx[2m > [22m[2mKeyboard Shortcuts Block Types
[22m[39m[Editor onChange] Skipping save - no initial state loaded yet
[90mstdout[2m | src/components/Editor3/Editor.stories.jsx[2m > [22m[2mKeyboard Shortcuts Block Types
[22m[39m[Editor onChange] Skipping save - no initial state loaded yet
[90mstdout[2m | src/components/Editor3/Editor.stories.jsx[2m > [22m[2mKeyboard Shortcuts Block Types
[22m[39m[Editor onChange] Skipping save - no initial state loaded yet
[90mstdout[2m | src/components/Editor3/Editor.stories.jsx[2m > [22m[2mKeyboard Shortcuts Block Types
[22m[39m[Editor onChange] Skipping save - no initial state loaded yet
[90mstdout[2m | src/components/Editor3/Editor.stories.jsx[2m > [22m[2mKeyboard Shortcuts Block Types
[22m[39m[Editor onChange] Skipping save - no initial state loaded yet
[90mstdout[2m | src/components/Editor3/Editor.stories.jsx[2m > [22m[2mKeyboard Shortcuts Block Types
[22m[39m[Editor onChange] Skipping save - no initial state loaded yet
[90mstdout[2m | src/components/Editor3/Editor.stories.jsx[2m > [22m[2mKeyboard Shortcuts Block Types
[22m[39m[Editor onChange] Skipping save - no initial state loaded yet
[90mstdout[2m | src/components/Editor3/Editor.stories.jsx[2m > [22m[2mKeyboard Shortcuts Block Types
[22m[39m[Editor onChange] Skipping save - no initial state loaded yet
 [32m✓[39m [30m[42m unit [49m[39m test/unit/ConflictResolutionDialog.test.tsx [2m([22m[2m4 tests[22m[2m)[22m[33m 1408[2mms[22m[39m
     [33m[2m✓[22m[39m renders when open with conflict details [33m 931[2mms[22m[39m
     [33m[2m✓[22m[39m allows switching resolution strategy and calling onResolve [33m 363[2mms[22m[39m
[90mstdout[2m | test/unit/api/hls-route.test.ts
[22m[39m✓ Loaded .env.test

[90mstdout[2m | src/components/Editor3/Editor.stories.jsx[2m > [22m[2mKeyboard Shortcuts Block Types
[22m[39m[Editor onChange] Skipping save - no initial state loaded yet
[90mstdout[2m | src/components/Editor3/Editor.stories.jsx[2m > [22m[2mKeyboard Shortcuts Block Types
[22m[39m[Editor onChange] Skipping save - no initial state loaded yet
 [32m✓[39m [30m[42m unit [49m[39m test/unit/api/hls-route.test.ts [2m([22m[2m11 tests[22m[2m)[22m[32m 60[2mms[22m[39m
[90mstdout[2m | amplify/functions/__tests__/gamification-streakCron.test.ts
[22m[39m✓ Loaded .env.test

[90mstdout[2m | src/components/Editor3/Editor.stories.jsx[2m > [22m[2mKeyboard Shortcuts Block Types
[22m[39m[Editor onChange] Skipping save - no initial state loaded yet
 [32m✓[39m [30m[42m unit [49m[39m amplify/functions/__tests__/gamification-streakCron.test.ts [2m([22m[2m4 tests[22m[2m)[22m[32m 47[2mms[22m[39m
[90mstdout[2m | src/components/Editor3/Editor.stories.jsx[2m > [22m[2mKeyboard Shortcuts Block Types
[22m[39m[Editor onChange] Skipping save - no initial state loaded yet
[90mstdout[2m | src/components/Editor3/Editor.stories.jsx[2m > [22m[2mKeyboard Shortcuts Block Types
[22m[39m[Editor onChange] Skipping save - no initial state loaded yet
[90mstdout[2m | src/utils/analytics.test.ts
[22m[39m✓ Loaded .env.test

[90mstdout[2m | src/components/Editor3/Editor.stories.jsx[2m > [22m[2mKeyboard Shortcuts Block Types
[22m[39m[Editor onChange] Skipping save - no initial state loaded yet
 [32m✓[39m [30m[42m unit [49m[39m src/utils/analytics.test.ts [2m([22m[2m29 tests[22m[2m)[22m[32m 48[2mms[22m[39m
[90mstdout[2m | src/components/Editor3/Editor.stories.jsx[2m > [22m[2mKeyboard Shortcuts Block Types
[22m[39m[Editor onChange] Skipping save - no initial state loaded yet
[90mstdout[2m | .github/skills/mock-data-validator/mock-data-validator.test.ts
[22m[39m✓ Loaded .env.test

[90mstdout[2m | src/yjs/__tests__/PeerReviewRoomProvider.test.ts
[22m[39m✓ Loaded .env.test

[90mstdout[2m | src/components/Editor3/Editor.stories.jsx[2m > [22m[2mKeyboard Shortcuts Block Types
[22m[39m[Editor onChange] Skipping save - no initial state loaded yet
[90mstdout[2m | src/components/Editor3/Editor.stories.jsx[2m > [22m[2mKeyboard Shortcuts Block Types
[22m[39m🔑 ENTER KEY pressed in editor
[90mstdout[2m | src/components/Editor3/Editor.stories.jsx[2m > [22m[2mKeyboard Shortcuts Block Types
[22m[39m❌ Not in a code node
 [32m✓[39m [30m[42m unit [49m[39m .github/skills/mock-data-validator/mock-data-validator.test.ts [2m([22m[2m15 tests[22m[2m)[22m[32m 74[2mms[22m[39m
[90mstdout[2m | src/components/Editor3/Editor.stories.jsx[2m > [22m[2mKeyboard Shortcuts Block Types
[22m[39m🔑 ENTER KEY pressed in editor
[90mstdout[2m | src/components/Editor3/Editor.stories.jsx[2m > [22m[2mKeyboard Shortcuts Block Types
[22m[39m❌ Not in a code node
[90mstdout[2m | src/components/Editor3/Editor.stories.jsx[2m > [22m[2mKeyboard Shortcuts Block Types
[22m[39m[Editor onChange] Skipping save - no initial state loaded yet
[90mstdout[2m | src/utils/__tests__/generatePixelSprite.test.ts
[22m[39m✓ Loaded .env.test

 [32m✓[39m [30m[42m unit [49m[39m src/yjs/__tests__/PeerReviewRoomProvider.test.ts [2m([22m[2m16 tests[22m[2m)[22m[32m 74[2mms[22m[39m
[90mstdout[2m | src/components/Editor3/Editor.stories.jsx[2m > [22m[2mKeyboard Shortcuts Block Types
[22m[39m[Editor onChange] Skipping save - no initial state loaded yet
 [32m✓[39m [30m[42m unit [49m[39m src/utils/__tests__/generatePixelSprite.test.ts [2m([22m[2m12 tests[22m[2m)[22m[32m 67[2mms[22m[39m
[90mstdout[2m | src/components/Editor3/Editor.stories.jsx[2m > [22m[2mKeyboard Shortcuts Block Types
[22m[39m[Editor onChange] Skipping save - no initial state loaded yet
[90mstdout[2m | src/components/Editor3/Editor.stories.jsx[2m > [22m[2mKeyboard Shortcuts Block Types
[22m[39m[Editor onChange] Skipping save - no initial state loaded yet
[90mstdout[2m | src/components/Editor3/Editor.stories.jsx[2m > [22m[2mKeyboard Shortcuts Block Types
[22m[39m[Editor onChange] Skipping save - no initial state loaded yet
[90mstdout[2m | src/components/Editor3/Editor.stories.jsx[2m > [22m[2mKeyboard Shortcuts Block Types
[22m[39m[Editor onChange] Skipping save - no initial state loaded yet
[90mstdout[2m | src/components/Editor3/Editor.stories.jsx[2m > [22m[2mKeyboard Shortcuts Block Types
[22m[39m[Editor onChange] Skipping save - no initial state loaded yet
[90mstdout[2m | src/utils/debug/__tests__/sanitizeComponentData.test.ts
[22m[39m✓ Loaded .env.test

[90mstdout[2m | src/components/Editor3/Editor.stories.jsx[2m > [22m[2mKeyboard Shortcuts Block Types
[22m[39m[Editor onChange] Skipping save - no initial state loaded yet
 [32m✓[39m [30m[42m unit [49m[39m src/utils/debug/__tests__/sanitizeComponentData.test.ts [2m([22m[2m16 tests[22m[2m)[22m[32m 41[2mms[22m[39m
[90mstdout[2m | src/components/Editor3/Editor.stories.jsx[2m > [22m[2mKeyboard Shortcuts Block Types
[22m[39m[Editor onChange] Skipping save - no initial state loaded yet
[90mstdout[2m | amplify/functions/recycleBin/handler.test.ts
[22m[39m✓ Loaded .env.test

[90mstdout[2m | src/components/Editor3/Editor.stories.jsx[2m > [22m[2mKeyboard Shortcuts Block Types
[22m[39m[Editor onChange] Skipping save - no initial state loaded yet
[90mstdout[2m | src/components/CollaborativeChat/__tests__/KaiBot.test.ts
[22m[39m✓ Loaded .env.test

 [32m✓[39m [30m[42m unit [49m[39m amplify/functions/recycleBin/handler.test.ts [2m([22m[2m18 tests[22m[2m)[22m[32m 46[2mms[22m[39m
[90mstdout[2m | src/components/Editor3/Editor.stories.jsx[2m > [22m[2mKeyboard Shortcuts Block Types
[22m[39m[Editor onChange] Skipping save - no initial state loaded yet
 [32m✓[39m [30m[42m unit [49m[39m src/components/CollaborativeChat/__tests__/KaiBot.test.ts [2m([22m[2m6 tests[22m[2m)[22m[32m 38[2mms[22m[39m
[90mstdout[2m | src/components/Editor3/Editor.stories.jsx[2m > [22m[2mKeyboard Shortcuts Block Types
[22m[39m[Editor onChange] Skipping save - no initial state loaded yet
[90mstdout[2m | test/unit/saveGradeOffline.test.ts
[22m[39m✓ Loaded .env.test

[90mstdout[2m | src/components/Editor3/Editor.stories.jsx[2m > [22m[2mKeyboard Shortcuts Block Types
[22m[39m[Editor onChange] Skipping save - no initial state loaded yet
 [32m✓[39m [30m[42m unit [49m[39m test/unit/saveGradeOffline.test.ts [2m([22m[2m8 tests[22m[2m)[22m[32m 35[2mms[22m[39m
[90mstdout[2m | src/components/Editor3/Editor.stories.jsx[2m > [22m[2mKeyboard Shortcuts Block Types
[22m[39m[Editor onChange] Skipping save - no initial state loaded yet
[90mstdout[2m | src/utils/__tests__/uxContracts.test.ts
[22m[39m✓ Loaded .env.test

[90mstdout[2m | src/components/Editor3/Editor.stories.jsx[2m > [22m[2mKeyboard Shortcuts Block Types
[22m[39m[Editor onChange] Skipping save - no initial state loaded yet
[90mstdout[2m | test/unit/useNetworkStatus.test.ts
[22m[39m✓ Loaded .env.test

[90mstdout[2m | .github/skills/component-versioning/component-versioning.test.ts
[22m[39m✓ Loaded .env.test

 [32m✓[39m [30m[42m unit [49m[39m src/utils/__tests__/uxContracts.test.ts [2m([22m[2m3 tests[22m[2m)[22m[32m 16[2mms[22m[39m
[90mstdout[2m | src/components/Editor3/Editor.stories.jsx[2m > [22m[2mKeyboard Shortcuts Block Types
[22m[39m[Editor onChange] Skipping save - no initial state loaded yet
 [32m✓[39m [30m[42m unit [49m[39m test/unit/useNetworkStatus.test.ts [2m([22m[2m5 tests[22m[2m)[22m[32m 65[2mms[22m[39m
 [32m✓[39m [30m[42m unit [49m[39m .github/skills/component-versioning/component-versioning.test.ts [2m([22m[2m13 tests[22m[2m)[22m[32m 51[2mms[22m[39m
[90mstdout[2m | src/components/Editor3/Editor.stories.jsx[2m > [22m[2mKeyboard Shortcuts Block Types
[22m[39m[Editor onChange] Skipping save - no initial state loaded yet
[90mstdout[2m | src/components/Editor3/Editor.stories.jsx[2m > [22m[2mKeyboard Shortcuts Block Types
[22m[39m[Editor onChange] Skipping save - no initial state loaded yet
[90mstdout[2m | src/components/Editor3/Editor.stories.jsx[2m > [22m[2mKeyboard Shortcuts Block Types
[22m[39m[Editor onChange] Skipping save - no initial state loaded yet
[90mstdout[2m | src/components/Editor3/Editor.stories.jsx[2m > [22m[2mKeyboard Shortcuts Block Types
[22m[39m[Editor onChange] Skipping save - no initial state loaded yet
[90mstdout[2m | src/components/Editor3/Editor.stories.jsx[2m > [22m[2mKeyboard Shortcuts Block Types
[22m[39m[Editor onChange] Skipping save - no initial state loaded yet
[90mstdout[2m | src/utils/debug/__tests__/ComponentTreeStore.test.ts
[22m[39m✓ Loaded .env.test

[90mstdout[2m | src/components/Editor3/Editor.stories.jsx[2m > [22m[2mKeyboard Shortcuts Block Types
[22m[39m[Editor onChange] Skipping save - no initial state loaded yet
 [32m✓[39m [30m[42m unit [49m[39m src/utils/debug/__tests__/ComponentTreeStore.test.ts [2m([22m[2m27 tests[22m[2m)[22m[32m 115[2mms[22m[39m
[90mstdout[2m | src/components/Editor3/Editor.stories.jsx[2m > [22m[2mKeyboard Shortcuts Block Types
[22m[39m[Editor onChange] Skipping save - no initial state loaded yet
[90mstdout[2m | src/utils/__tests__/streakCalculation.test.ts
[22m[39m✓ Loaded .env.test

[90mstdout[2m | src/components/Editor3/Editor.stories.jsx[2m > [22m[2mKeyboard Shortcuts Block Types
[22m[39m[Editor onChange] Skipping save - no initial state loaded yet
[90mstdout[2m | src/components/MeaningAssociationExercise/__tests__/utils.test.ts
[22m[39m✓ Loaded .env.test

[90mstdout[2m | src/components/Editor3/Editor.stories.jsx[2m > [22m[2mKeyboard Shortcuts Block Types
[22m[39m[Editor onChange] Skipping save - no initial state loaded yet
 [32m✓[39m [30m[42m unit [49m[39m src/utils/__tests__/streakCalculation.test.ts [2m([22m[2m21 tests[22m[2m)[22m[32m 64[2mms[22m[39m
 [32m✓[39m [30m[42m unit [49m[39m src/components/MeaningAssociationExercise/__tests__/utils.test.ts [2m([22m[2m9 tests[22m[2m)[22m[32m 20[2mms[22m[39m
[90mstdout[2m | src/components/Editor3/Editor.stories.jsx[2m > [22m[2mKeyboard Shortcuts Block Types
[22m[39m[Editor onChange] Skipping save - no initial state loaded yet
[90mstdout[2m | test/unit/fileUploadUtils.test.ts
[22m[39m✓ Loaded .env.test

[90mstdout[2m | src/components/Editor3/Editor.stories.jsx[2m > [22m[2mKeyboard Shortcuts Block Types
[22m[39m[Editor onChange] Skipping save - no initial state loaded yet
[90mstdout[2m | src/components/Editor3/Editor.stories.jsx[2m > [22m[2mKeyboard Shortcuts Block Types
[22m[39m[Editor onChange] Skipping save - no initial state loaded yet
[90mstdout[2m | src/components/Editor3/Editor.stories.jsx[2m > [22m[2mKeyboard Shortcuts Block Types
[22m[39m[Editor onChange] Skipping save - no initial state loaded yet
[90mstdout[2m | src/components/Editor3/Editor.stories.jsx[2m > [22m[2mKeyboard Shortcuts Block Types
[22m[39m[Editor onChange] Skipping save - no initial state loaded yet
[90mstdout[2m | test/unit/offlineDataStore.test.ts
[22m[39m✓ Loaded .env.test

[90mstdout[2m | test/unit/api/_shared/serverSearch.test.ts
[22m[39m✓ Loaded .env.test

[90mstdout[2m | amplify/functions/__tests__/peerReviewAI.test.ts
[22m[39m✓ Loaded .env.test

[90mstdout[2m | src/components/Editor3/Editor.stories.jsx[2m > [22m[2mKeyboard Shortcuts Block Types
[22m[39m🔑 ENTER KEY pressed in editor
[90mstdout[2m | src/components/Editor3/Editor.stories.jsx[2m > [22m[2mKeyboard Shortcuts Block Types
[22m[39m❌ Not in a code node
[90mstdout[2m | src/components/Editor3/Editor.stories.jsx[2m > [22m[2mKeyboard Shortcuts Block Types
[22m[39m🔑 ENTER KEY pressed in editor
[90mstdout[2m | src/components/Editor3/Editor.stories.jsx[2m > [22m[2mKeyboard Shortcuts Block Types
[22m[39m❌ Not in a code node
[90mstdout[2m | src/components/Editor3/Editor.stories.jsx[2m > [22m[2mKeyboard Shortcuts Block Types
[22m[39m[Editor onChange] Skipping save - no initial state loaded yet
 [32m✓[39m [30m[42m unit [49m[39m test/unit/offlineDataStore.test.ts [2m([22m[2m17 tests[22m[2m)[22m[32m 52[2mms[22m[39m
 [32m✓[39m [30m[42m unit [49m[39m amplify/functions/__tests__/peerReviewAI.test.ts [2m([22m[2m4 tests[22m[2m)[22m[32m 75[2mms[22m[39m
[90mstdout[2m | src/components/Editor3/Editor.stories.jsx[2m > [22m[2mKeyboard Shortcuts Block Types
[22m[39m[Editor onChange] Skipping save - no initial state loaded yet
[90mstdout[2m | src/components/Editor3/Editor.stories.jsx[2m > [22m[2mKeyboard Shortcuts Block Types
[22m[39m[Editor onChange] Skipping save - no initial state loaded yet
[90mstdout[2m | src/components/Editor3/Editor.stories.jsx[2m > [22m[2mKeyboard Shortcuts Block Types
[22m[39m[Editor onChange] Skipping save - no initial state loaded yet
[90mstdout[2m | src/components/Editor3/Editor.stories.jsx[2m > [22m[2mKeyboard Shortcuts Block Types
[22m[39m[Editor onChange] Skipping save - no initial state loaded yet
[90mstdout[2m | test/unit/getResponsiveImageUrls.test.ts
[22m[39m✓ Loaded .env.test

 [32m✓[39m [30m[42m unit [49m[39m test/unit/getResponsiveImageUrls.test.ts [2m([22m[2m12 tests[22m[2m)[22m[32m 27[2mms[22m[39m
[90mstdout[2m | src/components/Editor3/Editor.stories.jsx[2m > [22m[2mKeyboard Shortcuts Block Types
[22m[39m[Editor onChange] Skipping save - no initial state loaded yet
[90mstdout[2m | test/unit/custom-ai-security.test.ts
[22m[39m✓ Loaded .env.test

[90mstdout[2m | src/components/Editor3/Editor.stories.jsx[2m > [22m[2mKeyboard Shortcuts Block Types
[22m[39m[Editor onChange] Skipping save - no initial state loaded yet
[90mstdout[2m | test/unit/api/gamification-actions.test.ts
[22m[39m✓ Loaded .env.test

[90mstdout[2m | src/components/Editor3/Editor.stories.jsx[2m > [22m[2mKeyboard Shortcuts Block Types
[22m[39m[Editor onChange] Skipping save - no initial state loaded yet
 [32m✓[39m [30m[42m unit [49m[39m test/unit/custom-ai-security.test.ts [2m([22m[2m43 tests[22m[2m)[22m[32m 131[2mms[22m[39m
[90mstdout[2m | src/components/Editor3/Editor.stories.jsx[2m > [22m[2mKeyboard Shortcuts Block Types
[22m[39m[Editor onChange] Skipping save - no initial state loaded yet
 [32m✓[39m [30m[42m unit [49m[39m test/unit/api/gamification-actions.test.ts [2m([22m[2m19 tests[22m[2m)[22m[32m 33[2mms[22m[39m
[90mstdout[2m | src/components/Editor3/Editor.stories.jsx[2m > [22m[2mKeyboard Shortcuts Block Types
[22m[39m[Editor onChange] Skipping save - no initial state loaded yet
[90mstdout[2m | src/components/Editor3/Editor.stories.jsx[2m > [22m[2mKeyboard Shortcuts Block Types
[22m[39m[Editor onChange] Skipping save - no initial state loaded yet
[90mstdout[2m | src/components/Editor3/Editor.stories.jsx[2m > [22m[2mKeyboard Shortcuts Block Types
[22m[39m[Editor onChange] Skipping save - no initial state loaded yet
[90mstdout[2m | src/components/Editor3/Editor.stories.jsx[2m > [22m[2mKeyboard Shortcuts Block Types
[22m[39m[Editor onChange] Skipping save - no initial state loaded yet
[90mstdout[2m | src/components/Editor3/Editor.stories.jsx[2m > [22m[2mKeyboard Shortcuts Block Types
[22m[39m[Editor onChange] Skipping save - no initial state loaded yet
[90mstdout[2m | src/components/Editor3/Editor.stories.jsx[2m > [22m[2mKeyboard Shortcuts Block Types
[22m[39m[Editor onChange] Skipping save - no initial state loaded yet
[90mstdout[2m | src/components/Editor3/Editor.stories.jsx[2m > [22m[2mKeyboard Shortcuts Block Types
[22m[39m[Editor onChange] Skipping save - no initial state loaded yet
[90mstdout[2m | src/components/Editor3/Editor.stories.jsx[2m > [22m[2mKeyboard Shortcuts Block Types
[22m[39m[Editor onChange] Skipping save - no initial state loaded yet
[90mstdout[2m | src/utils/__tests__/memoryParser.test.ts
[22m[39m✓ Loaded .env.test

[90mstdout[2m | amplify/functions/__tests__/gamification-schema-consistency.test.ts
[22m[39m✓ Loaded .env.test

[90mstdout[2m | src/components/Editor3/Editor.stories.jsx[2m > [22m[2mKeyboard Shortcuts Block Types
[22m[39m[Editor onChange] Skipping save - no initial state loaded yet
 [32m✓[39m [30m[42m unit [49m[39m src/utils/__tests__/memoryParser.test.ts [2m([22m[2m17 tests[22m[2m)[22m[32m 56[2mms[22m[39m
 [32m✓[39m [30m[42m unit [49m[39m amplify/functions/__tests__/gamification-schema-consistency.test.ts [2m([22m[2m43 tests[22m[2m)[22m[32m 54[2mms[22m[39m
[90mstdout[2m | src/components/Editor3/Editor.stories.jsx[2m > [22m[2mKeyboard Shortcuts Block Types
[22m[39m[Editor onChange] Skipping save - no initial state loaded yet
[90mstdout[2m | src/components/Editor3/Editor.stories.jsx[2m > [22m[2mKeyboard Shortcuts Block Types
[22m[39m[Editor onChange] Skipping save - no initial state loaded yet
 [32m✓[39m [30m[42m unit [49m[39m test/unit/api/_shared/serverSearch.test.ts [2m([22m[2m12 tests[22m[2m)[22m[32m 16[2mms[22m[39m
[90mstdout[2m | src/components/Editor3/Editor.stories.jsx[2m > [22m[2mKeyboard Shortcuts Block Types
[22m[39m[Editor onChange] Skipping save - no initial state loaded yet
[90mstdout[2m | src/components/Editor3/Editor.stories.jsx[2m > [22m[2mKeyboard Shortcuts Block Types
[22m[39m[Editor onChange] Skipping save - no initial state loaded yet
[90mstdout[2m | test/unit/aiRouter.test.ts
[22m[39m✓ Loaded .env.test

[90mstdout[2m | src/components/Editor3/Editor.stories.jsx[2m > [22m[2mKeyboard Shortcuts Block Types
[22m[39m[Editor onChange] Skipping save - no initial state loaded yet
 [32m✓[39m [30m[42m unit [49m[39m test/unit/aiRouter.test.ts [2m([22m[2m9 tests[22m[2m)[22m[32m 49[2mms[22m[39m
[90mstdout[2m | src/components/Editor3/Editor.stories.jsx[2m > [22m[2mKeyboard Shortcuts Block Types
[22m[39m[Editor onChange] Skipping save - no initial state loaded yet
[90mstdout[2m | src/components/Editor3/Editor.stories.jsx[2m > [22m[2mKeyboard Shortcuts Block Types
[22m[39m[Editor onChange] Skipping save - no initial state loaded yet
[90mstdout[2m | src/utils/__tests__/aiMentionParser.test.ts
[22m[39m✓ Loaded .env.test

 [32m✓[39m [30m[42m unit [49m[39m src/utils/__tests__/aiMentionParser.test.ts [2m([22m[2m16 tests[22m[2m)[22m[32m 23[2mms[22m[39m
[90mstdout[2m | src/themes/__tests__/heraldry.test.ts
[22m[39m✓ Loaded .env.test

[90mstdout[2m | src/components/Editor3/Editor.stories.jsx[2m > [22m[2mKeyboard Shortcuts Block Types
[22m[39m[Editor onChange] Skipping save - no initial state loaded yet
[90mstdout[2m | src/components/Editor3/Editor.stories.jsx[2m > [22m[2mKeyboard Shortcuts Block Types
[22m[39m🔑 ENTER KEY pressed in editor
[90mstdout[2m | src/components/Editor3/Editor.stories.jsx[2m > [22m[2mKeyboard Shortcuts Block Types
[22m[39m❌ Not in a code node
[90mstdout[2m | src/components/Editor3/Editor.stories.jsx[2m > [22m[2mKeyboard Shortcuts Block Types
[22m[39m[Editor onChange] Skipping save - no initial state loaded yet
[90mstdout[2m | src/components/Editor3/Editor.stories.jsx[2m > [22m[2mKeyboard Shortcuts Block Types
[22m[39m[Editor onChange] Skipping save - no initial state loaded yet
 [32m✓[39m [30m[42m unit [49m[39m src/themes/__tests__/heraldry.test.ts [2m([22m[2m13 tests[22m[2m)[22m[32m 35[2mms[22m[39m
[90mstdout[2m | src/components/Editor3/Editor.stories.jsx[2m > [22m[2mKeyboard Shortcuts Block Types
[22m[39m[Editor onChange] Skipping save - no initial state loaded yet
[90mstdout[2m | src/components/Editor3/Editor.stories.jsx[2m > [22m[2mKeyboard Shortcuts Block Types
[22m[39m[Editor onChange] Skipping save - no initial state loaded yet
[90mstdout[2m | src/context/__tests__/sectionReducer.test.ts
[22m[39m✓ Loaded .env.test

[90mstdout[2m | src/components/Editor3/Editor.stories.jsx[2m > [22m[2mKeyboard Shortcuts Block Types
[22m[39m[Editor onChange] Skipping save - no initial state loaded yet
[90mstdout[2m | test/utils/unitContentStorage.test.ts
[22m[39m✓ Loaded .env.test

 [32m✓[39m [30m[42m unit [49m[39m src/context/__tests__/sectionReducer.test.ts [2m([22m[2m10 tests[22m[2m)[22m[32m 19[2mms[22m[39m
[90mstdout[2m | src/components/Editor3/Editor.stories.jsx[2m > [22m[2mKeyboard Shortcuts Block Types
[22m[39m[Editor onChange] Skipping save - no initial state loaded yet
 [32m✓[39m [30m[42m unit [49m[39m test/utils/unitContentStorage.test.ts [2m([22m[2m15 tests[22m[2m)[22m[32m 51[2mms[22m[39m
[90mstdout[2m | src/components/Editor3/Editor.stories.jsx[2m > [22m[2mKeyboard Shortcuts Block Types
[22m[39m[Editor onChange] Skipping save - no initial state loaded yet
[90mstdout[2m | src/components/Editor3/components/__tests__/StaticReferenceVisualizer.test.ts
[22m[39m✓ Loaded .env.test

[90mstdout[2m | src/components/Editor3/Editor.stories.jsx[2m > [22m[2mKeyboard Shortcuts Block Types
[22m[39m[Editor onChange] Skipping save - no initial state loaded yet
[90mstdout[2m | src/components/Editor3/Editor.stories.jsx[2m > [22m[2mKeyboard Shortcuts Block Types
[22m[39m[Editor onChange] Skipping save - no initial state loaded yet
 [32m✓[39m [30m[42m unit [49m[39m src/components/Editor3/components/__tests__/StaticReferenceVisualizer.test.ts [2m([22m[2m9 tests[22m[2m)[22m[32m 55[2mms[22m[39m
[90mstdout[2m | src/components/Editor3/Editor.stories.jsx[2m > [22m[2mKeyboard Shortcuts Block Types
[22m[39m[Editor onChange] Skipping save - no initial state loaded yet
[90mstdout[2m | src/components/Editor3/Editor.stories.jsx[2m > [22m[2mKeyboard Shortcuts Block Types
[22m[39m[Editor onChange] Skipping save - no initial state loaded yet
[90mstdout[2m | test/utils/holidayBadgeIcons.test.ts
[22m[39m✓ Loaded .env.test

[90mstdout[2m | src/components/Editor3/Editor.stories.jsx[2m > [22m[2mKeyboard Shortcuts Block Types
[22m[39m[Editor onChange] Skipping save - no initial state loaded yet
 [32m✓[39m [30m[42m unit [49m[39m test/utils/holidayBadgeIcons.test.ts [2m([22m[2m13 tests[22m[2m)[22m[32m 36[2mms[22m[39m
[90mstdout[2m | src/components/Editor3/Editor.stories.jsx[2m > [22m[2mKeyboard Shortcuts Block Types
[22m[39m[Editor onChange] Skipping save - no initial state loaded yet
[90mstdout[2m | amplify/functions/__tests__/gamification-configCache.test.ts
[22m[39m✓ Loaded .env.test

[90mstdout[2m | src/components/Editor3/Editor.stories.jsx[2m > [22m[2mKeyboard Shortcuts Block Types
[22m[39m[Editor onChange] Skipping save - no initial state loaded yet
 [32m✓[39m [30m[42m unit [49m[39m amplify/functions/__tests__/gamification-configCache.test.ts [2m([22m[2m17 tests[22m[2m)[22m[32m 24[2mms[22m[39m
[90mstdout[2m | src/components/Editor3/Editor.stories.jsx[2m > [22m[2mKeyboard Shortcuts Block Types
[22m[39m[Editor onChange] Skipping save - no initial state loaded yet
[90mstdout[2m | src/components/Editor3/Editor.stories.jsx[2m > [22m[2mKeyboard Shortcuts Block Types
[22m[39m[Editor onChange] Skipping save - no initial state loaded yet
[90mstdout[2m | src/components/Editor3/Editor.stories.jsx[2m > [22m[2mKeyboard Shortcuts Block Types
[22m[39m[Editor onChange] Skipping save - no initial state loaded yet
[90mstdout[2m | src/components/Editor3/Editor.stories.jsx[2m > [22m[2mKeyboard Shortcuts Block Types
[22m[39m[Editor onChange] Skipping save - no initial state loaded yet
[90mstdout[2m | test/unit/chunkedCookieStorage.test.ts
[22m[39m✓ Loaded .env.test

[90mstdout[2m | src/components/Editor3/Editor.stories.jsx[2m > [22m[2mKeyboard Shortcuts Block Types
[22m[39m🔑 ENTER KEY pressed in editor
[90mstdout[2m | src/components/Editor3/Editor.stories.jsx[2m > [22m[2mKeyboard Shortcuts Block Types
[22m[39m❌ Not in a code node
[90mstdout[2m | src/components/Editor3/Editor.stories.jsx[2m > [22m[2mKeyboard Shortcuts Block Types
[22m[39m🔑 ENTER KEY pressed in editor
[90mstdout[2m | src/components/Editor3/Editor.stories.jsx[2m > [22m[2mKeyboard Shortcuts Block Types
[22m[39m❌ Not in a code node
[90mstdout[2m | src/components/Editor3/Editor.stories.jsx[2m > [22m[2mKeyboard Shortcuts Block Types
[22m[39m[Editor onChange] Skipping save - no initial state loaded yet
 [32m✓[39m [30m[42m unit [49m[39m test/unit/chunkedCookieStorage.test.ts [2m([22m[2m22 tests[22m[2m)[22m[32m 45[2mms[22m[39m
[90mstdout[2m | src/components/Editor3/Editor.stories.jsx[2m > [22m[2mKeyboard Shortcuts Block Types
[22m[39m[Editor onChange] Skipping save - no initial state loaded yet
[90mstdout[2m | src/utils/__tests__/nailedItParser.test.ts
[22m[39m✓ Loaded .env.test

[90mstdout[2m | src/components/Editor3/Editor.stories.jsx[2m > [22m[2mKeyboard Shortcuts Block Types
[22m[39m[Editor onChange] Skipping save - no initial state loaded yet
[90mstdout[2m | src/utils/__tests__/accommodations.test.ts
[22m[39m✓ Loaded .env.test

[90mstdout[2m | src/components/Editor3/Editor.stories.jsx[2m > [22m[2mKeyboard Shortcuts Block Types
[22m[39m[Editor onChange] Skipping save - no initial state loaded yet
 [32m✓[39m [30m[42m unit [49m[39m src/utils/__tests__/nailedItParser.test.ts [2m([22m[2m11 tests[22m[2m)[22m[32m 23[2mms[22m[39m
 [32m✓[39m [30m[42m unit [49m[39m src/utils/__tests__/accommodations.test.ts [2m([22m[2m12 tests[22m[2m)[22m[32m 26[2mms[22m[39m
[90mstdout[2m | src/components/CollaborativeChat/__tests__/types.test.ts
[22m[39m✓ Loaded .env.test

[90mstdout[2m | src/components/Editor3/Editor.stories.jsx[2m > [22m[2mKeyboard Shortcuts Block Types
[22m[39m[Editor onChange] Skipping save - no initial state loaded yet
[90mstdout[2m | src/components/Editor3/Editor.stories.jsx[2m > [22m[2mKeyboard Shortcuts Alignment
[22m[39m[Editor onChange] Skipping save - no initial state loaded yet
[90mstdout[2m | src/components/Editor3/Editor.stories.jsx[2m > [22m[2mKeyboard Shortcuts Alignment
[22m[39m[ChatContext] Cleaning up subscriptions
[90mstdout[2m | src/components/Editor3/Editor.stories.jsx[2m > [22m[2mKeyboard Shortcuts Alignment
[22m[39m[Mock Data] Unit.onUpdate() subscription removed. Remaining: 0
[90mstdout[2m | src/components/Editor3/Editor.stories.jsx[2m > [22m[2mKeyboard Shortcuts Alignment
[22m[39m[useChatPageContext] Cleaning up page context
[90mstdout[2m | src/components/Editor3/Editor.stories.jsx[2m > [22m[2mKeyboard Shortcuts Alignment
[22m[39m[chatTools] Vector store search function registered: false
[90mstdout[2m | src/components/Editor3/Editor.stories.jsx[2m > [22m[2mKeyboard Shortcuts Alignment
[22m[39m[chatTools] Practice drill callback registered: false
[90mstdout[2m | src/components/Editor3/Editor.stories.jsx[2m > [22m[2mKeyboard Shortcuts Alignment
[22m[39m[Preview] Skipped initializing default mock data (initializeMockData=false)
[90mstdout[2m | src/components/Editor3/Editor.stories.jsx[2m > [22m[2mKeyboard Shortcuts Alignment
[22m[39m[Mock Data] seedMockUnit: Adding unit keyboard-shortcuts-alignment-id
[90mstdout[2m | src/components/Editor3/Editor.stories.jsx[2m > [22m[2mKeyboard Shortcuts Alignment
[22m[39m[MOCK CourseVectorStore] Initialized with mock data
[90mstdout[2m | src/components/Editor3/Editor.stories.jsx[2m > [22m[2mKeyboard Shortcuts Alignment
[22m[39m[useTabState] Initialized with: {
  "leftOpen": false,
  "leftTab": 4,
  "leftWidth": 350,
  "rightOpen": false,
  "rightTab": 5,
  "rightWidth": 350,
} from URL: {} localStorage: null defaults: {
  "defaultLeftTab": 4,
  "defaultRightTab": 5,
}
 [32m✓[39m [30m[42m unit [49m[39m src/components/CollaborativeChat/__tests__/types.test.ts [2m([22m[2m19 tests[22m[2m)[22m[32m 26[2mms[22m[39m
[90mstdout[2m | src/components/Editor3/Editor.stories.jsx[2m > [22m[2mKeyboard Shortcuts Alignment
[22m[39m[FileManager2] Files received from context: 0 []
[90mstdout[2m | src/components/Editor3/Editor.stories.jsx[2m > [22m[2mKeyboard Shortcuts Alignment
[22m[39m[FileManager2] Upload useEffect triggered. filesToUpload: 0 uploadInProgress: false
[90mstdout[2m | src/components/Editor3/Editor.stories.jsx[2m > [22m[2mKeyboard Shortcuts Alignment
[22m[39m[FileManager2] Skipping upload - no files or already in progress
[90mstdout[2m | src/components/Editor3/Editor.stories.jsx[2m > [22m[2mKeyboard Shortcuts Alignment
[22m[39m[chatTools] Vector store search function registered: true
[90mstdout[2m | src/components/Editor3/Editor.stories.jsx[2m > [22m[2mKeyboard Shortcuts Alignment
[22m[39m[ChatSidebar] Registered vector store search, isReady: false
[90mstdout[2m | src/components/Editor3/Editor.stories.jsx[2m > [22m[2mKeyboard Shortcuts Alignment
[22m[39m[chatTools] Practice drill callback registered: true
[90mstdout[2m | src/components/Editor3/Editor.stories.jsx[2m > [22m[2mKeyboard Shortcuts Alignment
[22m[39m[useChatPageContext] Registering page context: {
  "dictionaryCount": 0,
  "filesCount": 0,
  "hasEditorRef": true,
  "hasUnit": true,
  "hasVectorStoreSearch": true,
  "questionsCount": 0,
  "sectionsCount": 0,
}
[90mstdout[2m | src/components/Editor3/Editor.stories.jsx[2m > [22m[2mKeyboard Shortcuts Alignment
[22m[39m[TranslationModeController] Setting mode to: off
[90mstdout[2m | src/components/Editor3/Editor.stories.jsx[2m > [22m[2mKeyboard Shortcuts Alignment
[22m[39m[UnitContext] useEffect triggered {
  "authLoading": false,
  "hasUser": true,
  "id": "keyboard-shortcuts-alignment-id",
  "userSub": "mock-user-sub",
}
[90mstdout[2m | src/components/Editor3/Editor.stories.jsx[2m > [22m[2mKeyboard Shortcuts Alignment
[22m[39m[UnitContext] Fetching unit data for id: keyboard-shortcuts-alignment-id
[90mstdout[2m | src/components/Editor3/Editor.stories.jsx[2m > [22m[2mKeyboard Shortcuts Alignment
[22m[39m[FilesContext] Initializing vector store from IndexedDB
[90mstdout[2m | src/components/Editor3/Editor.stories.jsx[2m > [22m[2mKeyboard Shortcuts Alignment
[22m[39m[FilesContext] fetchFiles called
[90mstdout[2m | src/components/Editor3/Editor.stories.jsx[2m > [22m[2mKeyboard Shortcuts Alignment
[22m[39m[FilesContext] User authenticated: mock-user-sub
[90mstdout[2m | src/components/Editor3/Editor.stories.jsx[2m > [22m[2mKeyboard Shortcuts Alignment
[22m[39m[FilesContext] Identity ID: us-east-1:mock-identity-123
[90mstdout[2m | src/components/Editor3/Editor.stories.jsx[2m > [22m[2mKeyboard Shortcuts Alignment
[22m[39m[FilesContext] About to set up File observeQuery
[90mstdout[2m | src/components/Editor3/Editor.stories.jsx[2m > [22m[2mKeyboard Shortcuts Alignment
[22m[39m[ChatContext] Setting up AssistantChat observeQuery
[90mstdout[2m | src/components/Editor3/Editor.stories.jsx[2m > [22m[2mKeyboard Shortcuts Alignment
[22m[39m[ChatContext] Waiting for subscription to initialize
[90mstdout[2m | src/components/Editor3/Editor.stories.jsx[2m > [22m[2mKeyboard Shortcuts Alignment
[22m[39m[SettingsContext] Setting up Settings subscription for user: mock-user-sub
[90mstdout[2m | src/components/Editor3/Editor.stories.jsx[2m > [22m[2mKeyboard Shortcuts Alignment
[22m[39m[useChatPageContext] Cleaning up page context
[90mstdout[2m | src/components/Editor3/Editor.stories.jsx[2m > [22m[2mKeyboard Shortcuts Alignment
[22m[39m[useChatPageContext] Registering page context: {
  "dictionaryCount": 0,
  "filesCount": 0,
  "hasEditorRef": true,
  "hasUnit": true,
  "hasVectorStoreSearch": true,
  "questionsCount": 0,
  "sectionsCount": 0,
}
[90mstdout[2m | src/components/Editor3/utils/__tests__/keyboardUtils.test.ts
[22m[39m✓ Loaded .env.test

[90mstdout[2m | .github/skills/semantic-file-search/semantic-file-search.test.ts
[22m[39m✓ Loaded .env.test

 [32m✓[39m [30m[42m unit [49m[39m src/components/Editor3/utils/__tests__/keyboardUtils.test.ts [2m([22m[2m21 tests[22m[2m)[22m[32m 25[2mms[22m[39m
[90mstdout[2m | src/components/Editor3/Editor.stories.jsx[2m > [22m[2mKeyboard Shortcuts Alignment
[22m[39m[Editor onChange] Skipping save - no initial state loaded yet
[90mstdout[2m | src/components/Editor3/Editor.stories.jsx[2m > [22m[2mKeyboard Shortcuts Alignment
[22m[39m[Mock Data] Settings created: mock-settings-1790416015320 - notified 0 subscribers
[90mstdout[2m | src/components/Editor3/Editor.stories.jsx[2m > [22m[2mKeyboard Shortcuts Alignment
[22m[39m[Mock Data] Unit.onUpdate() subscription added. Total: 1
[90mstdout[2m | src/components/Editor3/Editor.stories.jsx[2m > [22m[2mKeyboard Shortcuts Alignment
[22m[39m[Mock] CollaborationPlugin rendered with props: {
  "color": "#f59e0b",
  "cursorsContainerRef": {
    "current": <div
      class="jsx-9364b876b91d91fe collaboration-cursors-container"
      style="position: relative;"
    >
      <div
        aria-label="Edit"
        class="editor"
        contenteditable="true"
        data-lexical-editor="true"
        data-tour="editor"
        role="textbox"
        spellcheck="true"
        style="max-width: 100%; outline: none; min-height: 100%; padding: 1rem 2rem 1rem 0.5rem; user-select: text; white-space: pre-wrap; word-break: break-word;"
      />
      <div
        class="jsx-e404209429cec6f3 editor-placeholder"
      >
        Start typing or use the toolbar above to add content...
      </div>
    </div>,
  },
  "provider": YjsDocProvider {
    "awareness": Awareness {
      "_checkInterval": 3199,
      "_observers": Map {},
      "clientID": 1586334990,
      "doc": {
        "editorContent": "",
        "metadata": {},
      },
      "meta": Map {
        1586334990 => {
          "clock": 0,
          "lastUpdated": 1790416014809,
        },
      },
      "states": Map {
        1586334990 => {},
      },
    },
    "config": {
      "connect": false,
      "docName": "unit-null",
      "maxBackoffTime": 30000,
      "persistence": false,
      "resyncInterval": 5000,
      "wsUrl": "wss://j5eyo7cpia.execute-api.us-east-1.amazonaws.com/live",
    },
    "defaultConfig": {
      "connect": true,
      "maxBackoffTime": 30000,
      "persistence": true,
      "resyncInterval": 5000,
      "wsUrl": "wss://j5eyo7cpia.execute-api.us-east-1.amazonaws.com/live",
    },
    "docName": "unit-null",
    "hasLoggedConnectionError": false,
    "indexeddb": null,
    "lastStatusLog": "",
    "listeners": Map {
      "doc-reset" => Set {
        [Function handleDocReset],
      },
    },
    "resetCount": 0,
    "wsProvider": null,
    "ydoc": {
      "editorContent": "",
      "metadata": {},
    },
  },
  "username": "mock-user-sub",
}
 [32m✓[39m [30m[42m unit [49m[39m .github/skills/semantic-file-search/semantic-file-search.test.ts [2m([22m[2m35 tests[22m[2m)[22m[32m 41[2mms[22m[39m
[90mstdout[2m | src/components/Editor3/Editor.stories.jsx[2m > [22m[2mKeyboard Shortcuts Alignment
[22m[39m[Editor onChange] Skipping save due to tags: [
  "history-merge",
]
[90mstdout[2m | src/components/Editor3/Editor.stories.jsx[2m > [22m[2mKeyboard Shortcuts Alignment
[22m[39m[chatTools] Vector store search function registered: false
[90mstdout[2m | src/components/Editor3/Editor.stories.jsx[2m > [22m[2mKeyboard Shortcuts Alignment
[22m[39m[chatTools] Practice drill callback registered: false
[90mstdout[2m | src/components/Editor3/Editor.stories.jsx[2m > [22m[2mKeyboard Shortcuts Alignment
[22m[39m[useChatPageContext] Cleaning up page context
[90mstdout[2m | src/components/Editor3/Editor.stories.jsx[2m > [22m[2mKeyboard Shortcuts Alignment
[22m[39m[FileManager2] Files received from context: 0 []
[90mstdout[2m | src/components/Editor3/Editor.stories.jsx[2m > [22m[2mKeyboard Shortcuts Alignment
[22m[39m[FileManager2] Upload useEffect triggered. filesToUpload: 0 uploadInProgress: false
[90mstdout[2m | src/components/Editor3/Editor.stories.jsx[2m > [22m[2mKeyboard Shortcuts Alignment
[22m[39m[FileManager2] Skipping upload - no files or already in progress
[90mstdout[2m | src/components/Editor3/Editor.stories.jsx[2m > [22m[2mKeyboard Shortcuts Alignment
[22m[39m[chatTools] Vector store search function registered: true
[90mstdout[2m | src/components/Editor3/Editor.stories.jsx[2m > [22m[2mKeyboard Shortcuts Alignment
[22m[39m[ChatSidebar] Registered vector store search, isReady: false
[90mstdout[2m | src/components/Editor3/Editor.stories.jsx[2m > [22m[2mKeyboard Shortcuts Alignment
[22m[39m[chatTools] Practice drill callback registered: true
[90mstdout[2m | src/components/Editor3/Editor.stories.jsx[2m > [22m[2mKeyboard Shortcuts Alignment
[22m[39m[useChatPageContext] Registering page context: {
  "dictionaryCount": 0,
  "filesCount": 0,
  "hasEditorRef": true,
  "hasUnit": true,
  "hasVectorStoreSearch": true,
  "questionsCount": 0,
  "sectionsCount": 0,
}
[90mstdout[2m | src/components/Editor3/Editor.stories.jsx[2m > [22m[2mKeyboard Shortcuts Alignment
[22m[39m[Mock] CollaborationPlugin rendered with props: {
  "color": "#f59e0b",
  "cursorsContainerRef": {
    "current": <div
      class="jsx-9364b876b91d91fe collaboration-cursors-container"
      style="position: relative;"
    >
      <div
        aria-label="Edit"
        autocapitalize="off"
        class="editor"
        contenteditable="true"
        data-lexical-editor="true"
        data-tour="editor"
        role="textbox"
        spellcheck="true"
        style="max-width: 100%; outline: none; min-height: 100%; padding: 1rem 2rem 1rem 0.5rem; user-select: text; white-space: pre-wrap; word-break: break-word;"
      />
      <div
        class="jsx-e404209429cec6f3 editor-placeholder"
      >
        Start typing or use the toolbar above to add content...
      </div>
    </div>,
  },
  "provider": YjsDocProvider {
    "awareness": Awareness {
      "_checkInterval": 3199,
      "_observers": Map {},
      "clientID": 1586334990,
      "doc": {
        "editorContent": "",
        "metadata": {},
      },
      "meta": Map {
        1586334990 => {
          "clock": 0,
          "lastUpdated": 1790416014809,
        },
      },
      "states": Map {
        1586334990 => {},
      },
    },
    "config": {
      "connect": false,
      "docName": "unit-null",
      "maxBackoffTime": 30000,
      "persistence": false,
      "resyncInterval": 5000,
      "wsUrl": "wss://j5eyo7cpia.execute-api.us-east-1.amazonaws.com/live",
    },
    "defaultConfig": {
      "connect": true,
      "maxBackoffTime": 30000,
      "persistence": true,
      "resyncInterval": 5000,
      "wsUrl": "wss://j5eyo7cpia.execute-api.us-east-1.amazonaws.com/live",
    },
    "docName": "unit-null",
    "hasLoggedConnectionError": false,
    "indexeddb": null,
    "lastStatusLog": "",
    "listeners": Map {
      "doc-reset" => Set {
        [Function handleDocReset],
      },
    },
    "resetCount": 0,
    "wsProvider": null,
    "ydoc": {
      "editorContent": "",
      "metadata": {},
    },
  },
  "username": "mock-user-sub",
}
[90mstdout[2m | amplify/functions/dataAuthorizer/__tests__/jwt.test.ts
[22m[39m✓ Loaded .env.test

[90mstdout[2m | src/components/Editor3/Editor.stories.jsx[2m > [22m[2mKeyboard Shortcuts Alignment
[22m[39m[useChatPageContext] Cleaning up page context
[90mstdout[2m | src/components/Editor3/Editor.stories.jsx[2m > [22m[2mKeyboard Shortcuts Alignment
[22m[39m[useChatPageContext] Registering page context: {
  "dictionaryCount": 0,
  "filesCount": 0,
  "hasEditorRef": true,
  "hasUnit": true,
  "hasVectorStoreSearch": true,
  "questionsCount": 0,
  "sectionsCount": 0,
}
[90mstdout[2m | src/components/Editor3/Editor.stories.jsx[2m > [22m[2mKeyboard Shortcuts Alignment
[22m[39m[Mock] CollaborationPlugin rendered with props: {
  "color": "#f59e0b",
  "cursorsContainerRef": {
    "current": <div
      class="jsx-9364b876b91d91fe collaboration-cursors-container"
      style="position: relative;"
    >
      <div
        aria-label="Edit"
        autocapitalize="off"
        class="editor"
        contenteditable="true"
        data-lexical-editor="true"
        data-tour="editor"
        role="textbox"
        spellcheck="true"
        style="max-width: 100%; outline: none; min-height: 100%; padding: 1rem 2rem 1rem 0.5rem; user-select: text; white-space: pre-wrap; word-break: break-word;"
      />
      <div
        class="jsx-e404209429cec6f3 editor-placeholder"
      >
        Start typing or use the toolbar above to add content...
      </div>
    </div>,
  },
  "provider": YjsDocProvider {
    "awareness": Awareness {
      "_checkInterval": 3199,
      "_observers": Map {},
      "clientID": 1586334990,
      "doc": {
        "editorContent": "",
        "metadata": {},
      },
      "meta": Map {
        1586334990 => {
          "clock": 0,
          "lastUpdated": 1790416014809,
        },
      },
      "states": Map {
        1586334990 => {},
      },
    },
    "config": {
      "connect": false,
      "docName": "unit-null",
      "maxBackoffTime": 30000,
      "persistence": false,
      "resyncInterval": 5000,
      "wsUrl": "wss://j5eyo7cpia.execute-api.us-east-1.amazonaws.com/live",
    },
    "defaultConfig": {
      "connect": true,
      "maxBackoffTime": 30000,
      "persistence": true,
      "resyncInterval": 5000,
      "wsUrl": "wss://j5eyo7cpia.execute-api.us-east-1.amazonaws.com/live",
    },
    "docName": "unit-null",
    "hasLoggedConnectionError": false,
    "indexeddb": null,
    "lastStatusLog": "",
    "listeners": Map {
      "doc-reset" => Set {
        [Function handleDocReset],
      },
    },
    "resetCount": 0,
    "wsProvider": null,
    "ydoc": {
      "editorContent": "",
      "metadata": {},
    },
  },
  "username": "mock-user-sub",
}
 [32m✓[39m [30m[42m unit [49m[39m amplify/functions/dataAuthorizer/__tests__/jwt.test.ts [2m([22m[2m20 tests[22m[2m)[22m[32m 32[2mms[22m[39m
[90mstdout[2m | test/unit/notificationHelpers.test.ts
[22m[39m✓ Loaded .env.test

[90mstdout[2m | src/components/Editor3/Editor.stories.jsx[2m > [22m[2mKeyboard Shortcuts Alignment
[22m[39m[Editor onChange] Skipping save - no initial state loaded yet
[90mstdout[2m | src/components/Editor3/Editor.stories.jsx[2m > [22m[2mKeyboard Shortcuts Alignment
[22m[39m[Mock] CollaborationPlugin rendered with props: {
  "color": "#f59e0b",
  "cursorsContainerRef": {
    "current": <div
      class="jsx-9364b876b91d91fe collaboration-cursors-container"
      style="position: relative;"
    >
      <div
        aria-label="Edit"
        class="editor"
        contenteditable="true"
        data-lexical-editor="true"
        data-tour="editor"
        role="textbox"
        spellcheck="true"
        style="max-width: 100%; outline: none; min-height: 100%; padding: 1rem 2rem 1rem 0.5rem; user-select: text; white-space: pre-wrap; word-break: break-word;"
      />
      <div
        class="jsx-e404209429cec6f3 editor-placeholder"
      >
        Start typing or use the toolbar above to add content...
      </div>
    </div>,
  },
  "provider": YjsDocProvider {
    "awareness": Awareness {
      "_checkInterval": 3199,
      "_observers": Map {},
      "clientID": 1586334990,
      "doc": {
        "editorContent": "",
        "metadata": {},
      },
      "meta": Map {
        1586334990 => {
          "clock": 0,
          "lastUpdated": 1790416014809,
        },
      },
      "states": Map {
        1586334990 => {},
      },
    },
    "config": {
      "connect": false,
      "docName": "unit-null",
      "maxBackoffTime": 30000,
      "persistence": false,
      "resyncInterval": 5000,
      "wsUrl": "wss://j5eyo7cpia.execute-api.us-east-1.amazonaws.com/live",
    },
    "defaultConfig": {
      "connect": true,
      "maxBackoffTime": 30000,
      "persistence": true,
      "resyncInterval": 5000,
      "wsUrl": "wss://j5eyo7cpia.execute-api.us-east-1.amazonaws.com/live",
    },
    "docName": "unit-null",
    "hasLoggedConnectionError": false,
    "indexeddb": null,
    "lastStatusLog": "",
    "listeners": Map {
      "doc-reset" => Set {
        [Function handleDocReset],
      },
    },
    "resetCount": 0,
    "wsProvider": null,
    "ydoc": {
      "editorContent": "",
      "metadata": {},
    },
  },
  "username": "mock-user-sub",
}
[90mstdout[2m | test/unit/syncQueue.test.ts
[22m[39m✓ Loaded .env.test

 [32m✓[39m [30m[42m unit [49m[39m test/unit/notificationHelpers.test.ts [2m([22m[2m11 tests[22m[2m)[22m[32m 31[2mms[22m[39m
 [32m✓[39m [30m[42m unit [49m[39m test/unit/syncQueue.test.ts [2m([22m[2m10 tests[22m[2m)[22m[32m 38[2mms[22m[39m
[90mstdout[2m | src/components/Editor3/Editor.stories.jsx[2m > [22m[2mKeyboard Shortcuts Alignment
[22m[39m[SectionContext] Section observeQuery update: 0
[90mstdout[2m | src/components/Editor3/Editor.stories.jsx[2m > [22m[2mKeyboard Shortcuts Alignment
[22m[39m[FilesContext] File observeQuery update: 0 files
[90mstdout[2m | src/components/Editor3/Editor.stories.jsx[2m > [22m[2mKeyboard Shortcuts Alignment
[22m[39m[ChatContext] AssistantChat initialized with 0 chats
[90mstdout[2m | src/components/Editor3/Editor.stories.jsx[2m > [22m[2mKeyboard Shortcuts Alignment
[22m[39m[MOCK CourseVectorStore] Initialized with mock data
[90mstdout[2m | src/components/Editor3/Editor.stories.jsx[2m > [22m[2mKeyboard Shortcuts Alignment
[22m[39m[Mock] CollaborationPlugin rendered with props: {
  "color": "#f59e0b",
  "cursorsContainerRef": {
    "current": <div
      class="jsx-9364b876b91d91fe collaboration-cursors-container"
      style="position: relative;"
    >
      <div
        aria-label="Edit"
        class="editor"
        contenteditable="true"
        data-lexical-editor="true"
        data-tour="editor"
        role="textbox"
        spellcheck="true"
        style="max-width: 100%; outline: none; min-height: 100%; padding: 1rem 2rem 1rem 0.5rem; user-select: text; white-space: pre-wrap; word-break: break-word;"
      />
      <div
        class="jsx-e404209429cec6f3 editor-placeholder"
      >
        Start typing or use the toolbar above to add content...
      </div>
    </div>,
  },
  "provider": YjsDocProvider {
    "awareness": Awareness {
      "_checkInterval": 3199,
      "_observers": Map {},
      "clientID": 1586334990,
      "doc": {
        "editorContent": "",
        "metadata": {},
      },
      "meta": Map {
        1586334990 => {
          "clock": 0,
          "lastUpdated": 1790416014809,
        },
      },
      "states": Map {
        1586334990 => {},
      },
    },
    "config": {
      "connect": false,
      "docName": "unit-null",
      "maxBackoffTime": 30000,
      "persistence": false,
      "resyncInterval": 5000,
      "wsUrl": "wss://j5eyo7cpia.execute-api.us-east-1.amazonaws.com/live",
    },
    "defaultConfig": {
      "connect": true,
      "maxBackoffTime": 30000,
      "persistence": true,
      "resyncInterval": 5000,
      "wsUrl": "wss://j5eyo7cpia.execute-api.us-east-1.amazonaws.com/live",
    },
    "docName": "unit-null",
    "hasLoggedConnectionError": false,
    "indexeddb": null,
    "lastStatusLog": "",
    "listeners": Map {
      "doc-reset" => Set {
        [Function handleDocReset],
      },
    },
    "resetCount": 0,
    "wsProvider": null,
    "ydoc": {
      "editorContent": "",
      "metadata": {},
    },
  },
  "username": "mock-user-sub",
}
[90mstdout[2m | src/components/Editor3/Editor.stories.jsx[2m > [22m[2mKeyboard Shortcuts Alignment
[22m[39m[FileManager2] Files received from context: 0 []
[90mstdout[2m | src/components/Editor3/Editor.stories.jsx[2m > [22m[2mKeyboard Shortcuts Alignment
[22m[39m[ChatContext] No current chat available, will create one
[90mstdout[2m | src/components/Editor3/Editor.stories.jsx[2m > [22m[2mKeyboard Shortcuts Alignment
[22m[39m[ChatContext] Creating AssistantChat with user: undefined
[90mstdout[2m | src/components/Editor3/Editor.stories.jsx[2m > [22m[2mKeyboard Shortcuts Alignment
[22m[39m[Mock Data] AssistantChat created: mock-assistantchat-1790416016053 - notified 1 subscribers
[90mstdout[2m | src/components/Editor3/Editor.stories.jsx[2m > [22m[2mKeyboard Shortcuts Alignment
[22m[39m[Mock] CollaborationPlugin rendered with props: {
  "color": "#f59e0b",
  "cursorsContainerRef": {
    "current": <div
      class="jsx-9364b876b91d91fe collaboration-cursors-container"
      style="position: relative;"
    >
      <div
        aria-label="Edit"
        class="editor"
        contenteditable="true"
        data-lexical-editor="true"
        data-tour="editor"
        role="textbox"
        spellcheck="true"
        style="max-width: 100%; outline: none; min-height: 100%; padding: 1rem 2rem 1rem 0.5rem; user-select: text; white-space: pre-wrap; word-break: break-word;"
      />
      <div
        class="jsx-e404209429cec6f3 editor-placeholder"
      >
        Start typing or use the toolbar above to add content...
      </div>
    </div>,
  },
  "provider": YjsDocProvider {
    "awareness": Awareness {
      "_checkInterval": 3199,
      "_observers": Map {},
      "clientID": 1586334990,
      "doc": {
        "editorContent": "",
        "metadata": {},
      },
      "meta": Map {
        1586334990 => {
          "clock": 0,
          "lastUpdated": 1790416014809,
        },
      },
      "states": Map {
        1586334990 => {},
      },
    },
    "config": {
      "connect": false,
      "docName": "unit-null",
      "maxBackoffTime": 30000,
      "persistence": false,
      "resyncInterval": 5000,
      "wsUrl": "wss://j5eyo7cpia.execute-api.us-east-1.amazonaws.com/live",
    },
    "defaultConfig": {
      "connect": true,
      "maxBackoffTime": 30000,
      "persistence": true,
      "resyncInterval": 5000,
      "wsUrl": "wss://j5eyo7cpia.execute-api.us-east-1.amazonaws.com/live",
    },
    "docName": "unit-null",
    "hasLoggedConnectionError": false,
    "indexeddb": null,
    "lastStatusLog": "",
    "listeners": Map {
      "doc-reset" => Set {
        [Function handleDocReset],
      },
    },
    "resetCount": 0,
    "wsProvider": null,
    "ydoc": {
      "editorContent": "",
      "metadata": {},
    },
  },
  "username": "mock-user-sub",
}
[90mstdout[2m | src/components/Editor3/Editor.stories.jsx[2m > [22m[2mKeyboard Shortcuts Alignment
[22m[39m[ChatContext] Create result: {
  "data": {
    "_version": 1,
    "archived": false,
    "chatFiles": [Function anonymous],
    "createdAt": "2026-09-26T09:46:56.053Z",
    "id": "mock-assistantchat-1790416016053",
    "model": "gpt-4",
    "updatedAt": "2026-09-26T09:46:56.053Z",
  },
  "errors": [],
  "hasData": true,
  "hasErrors": true,
}
[90mstdout[2m | src/components/Editor3/Editor.stories.jsx[2m > [22m[2mKeyboard Shortcuts Alignment
[22m[39m[ChatContext] Created AssistantChat: mock-assistantchat-1790416016053 at: 2026-09-26T09:46:56.053Z
[90mstdout[2m | src/components/Editor3/Editor.stories.jsx[2m > [22m[2mKeyboard Shortcuts Alignment
[22m[39m[Mock Storage] downloadData called with: undefined
[90mstdout[2m | src/components/Editor3/Editor.stories.jsx[2m > [22m[2mKeyboard Shortcuts Alignment
[22m[39m[ChatContext] Setting initial chat: mock-assistantchat-1790416016053
[90mstdout[2m | src/components/Editor3/Editor.stories.jsx[2m > [22m[2mKeyboard Shortcuts Alignment
[22m[39m[Mock] CollaborationPlugin rendered with props: {
  "color": "#f59e0b",
  "cursorsContainerRef": {
    "current": <div
      class="jsx-9364b876b91d91fe collaboration-cursors-container"
      style="position: relative;"
    >
      <div
        aria-label="Edit"
        class="editor"
        contenteditable="true"
        data-lexical-editor="true"
        data-tour="editor"
        role="textbox"
        spellcheck="true"
        style="max-width: 100%; outline: none; min-height: 100%; padding: 1rem 2rem 1rem 0.5rem; user-select: text; white-space: pre-wrap; word-break: break-word;"
      />
      <div
        class="jsx-e404209429cec6f3 editor-placeholder"
      >
        Start typing or use the toolbar above to add content...
      </div>
    </div>,
  },
  "provider": YjsDocProvider {
    "awareness": Awareness {
      "_checkInterval": 3199,
      "_observers": Map {},
      "clientID": 1586334990,
      "doc": {
        "editorContent": "",
        "metadata": {},
      },
      "meta": Map {
        1586334990 => {
          "clock": 0,
          "lastUpdated": 1790416014809,
        },
      },
      "states": Map {
        1586334990 => {},
      },
    },
    "config": {
      "connect": false,
      "docName": "unit-null",
      "maxBackoffTime": 30000,
      "persistence": false,
      "resyncInterval": 5000,
      "wsUrl": "wss://j5eyo7cpia.execute-api.us-east-1.amazonaws.com/live",
    },
    "defaultConfig": {
      "connect": true,
      "maxBackoffTime": 30000,
      "persistence": true,
      "resyncInterval": 5000,
      "wsUrl": "wss://j5eyo7cpia.execute-api.us-east-1.amazonaws.com/live",
    },
    "docName": "unit-null",
    "hasLoggedConnectionError": false,
    "indexeddb": null,
    "lastStatusLog": "",
    "listeners": Map {
      "doc-reset" => Set {
        [Function handleDocReset],
      },
    },
    "resetCount": 0,
    "wsProvider": null,
    "ydoc": {
      "editorContent": "",
      "metadata": {},
    },
  },
  "username": "mock-user-sub",
}
[90mstdout[2m | src/components/Editor3/Editor.stories.jsx[2m > [22m[2mKeyboard Shortcuts Alignment
[22m[39m[ChatSidebar] Loading messages for chat: mock-assistantchat-1790416016053 count: 0
[90mstdout[2m | src/components/Editor3/Editor.stories.jsx[2m > [22m[2mKeyboard Shortcuts Alignment
[22m[39m[ChatSidebar] deepCloneMessages: returning empty array
[90mstdout[2m | src/components/Editor3/Editor.stories.jsx[2m > [22m[2mKeyboard Shortcuts Alignment
[22m[39m[ChatContext] Chat exists and not archived, skipping creation
[90mstdout[2m | src/components/Editor3/Editor.stories.jsx[2m > [22m[2mKeyboard Shortcuts Alignment
[22m[39m[Keyboard Shortcuts Demo] Section 3: Alignment
[90mstdout[2m | src/components/Editor3/plugins/__tests__/ToolBarPlugin.shortcuts.test.ts
[22m[39m✓ Loaded .env.test

[90mstdout[2m | src/components/Editor3/Editor.stories.jsx[2m > [22m[2mKeyboard Shortcuts Alignment
[22m[39m[Editor onChange] Skipping save - no initial state loaded yet
 [32m✓[39m [30m[42m unit [49m[39m src/components/Editor3/plugins/__tests__/ToolBarPlugin.shortcuts.test.ts [2m([22m[2m29 tests[22m[2m)[22m[32m 21[2mms[22m[39m
[90mstdout[2m | src/context/__tests__/unitReducer.test.ts
[22m[39m✓ Loaded .env.test

[90mstdout[2m | test/unit/api/_shared/botPersonas.test.ts
[22m[39m✓ Loaded .env.test

 [32m✓[39m [30m[42m unit [49m[39m src/context/__tests__/unitReducer.test.ts [2m([22m[2m18 tests[22m[2m)[22m[32m 20[2mms[22m[39m
 [32m✓[39m [30m[42m unit [49m[39m test/unit/api/_shared/botPersonas.test.ts [2m([22m[2m18 tests[22m[2m)[22m[32m 28[2mms[22m[39m
[90mstdout[2m | src/context/__tests__/fileReducer.test.ts
[22m[39m✓ Loaded .env.test

[90mstdout[2m | src/components/Editor3/Editor.stories.jsx[2m > [22m[2mKeyboard Shortcuts Alignment
[22m[39m[Editor onChange] Skipping save - no initial state loaded yet
 [32m✓[39m [30m[42m unit [49m[39m src/context/__tests__/fileReducer.test.ts [2m([22m[2m10 tests[22m[2m)[22m[32m 16[2mms[22m[39m
[90mstdout[2m | src/components/Editor3/Editor.stories.jsx[2m > [22m[2mKeyboard Shortcuts Alignment
[22m[39m[Editor onChange] Skipping save - no initial state loaded yet
[90mstdout[2m | src/utils/__tests__/xpCalculation.test.ts
[22m[39m✓ Loaded .env.test

[90mstdout[2m | test/chatMentions.test.ts
[22m[39m✓ Loaded .env.test

 [32m✓[39m [30m[42m unit [49m[39m src/utils/__tests__/xpCalculation.test.ts [2m([22m[2m31 tests[22m[2m)[22m[32m 21[2mms[22m[39m
 [32m✓[39m [30m[42m unit [49m[39m test/chatMentions.test.ts [2m([22m[2m26 tests[22m[2m)[22m[32m 21[2mms[22m[39m
[90mstdout[2m | src/components/Editor3/Editor.stories.jsx[2m > [22m[2mKeyboard Shortcuts Alignment
[22m[39m[Editor onChange] Skipping save - no initial state loaded yet
[90mstdout[2m | src/components/Editor3/Editor.stories.jsx[2m > [22m[2mKeyboard Shortcuts Alignment
[22m[39m[Editor onChange] Skipping save - no initial state loaded yet
[90mstdout[2m | src/components/Editor3/Editor.stories.jsx[2m > [22m[2mKeyboard Shortcuts Alignment
[22m[39m[Editor onChange] Skipping save - no initial state loaded yet
[90mstdout[2m | src/components/Editor3/Editor.stories.jsx[2m > [22m[2mKeyboard Shortcuts Alignment
[22m[39m[Editor onChange] Skipping save - no initial state loaded yet
[90mstdout[2m | src/components/Editor3/Editor.stories.jsx[2m > [22m[2mKeyboard Shortcuts Alignment
[22m[39m[Editor onChange] Skipping save - no initial state loaded yet
[90mstdout[2m | src/components/Editor3/Editor.stories.jsx[2m > [22m[2mKeyboard Shortcuts Alignment
[22m[39m[Editor onChange] Skipping save - no initial state loaded yet
[90mstdout[2m | src/utils/__tests__/recordingStudioPresets.test.ts
[22m[39m✓ Loaded .env.test

[90mstdout[2m | src/components/Editor3/Editor.stories.jsx[2m > [22m[2mKeyboard Shortcuts Alignment
[22m[39m[Editor onChange] Skipping save - no initial state loaded yet
 [32m✓[39m [30m[42m unit [49m[39m src/utils/__tests__/recordingStudioPresets.test.ts [2m([22m[2m15 tests[22m[2m)[22m[32m 43[2mms[22m[39m
[90mstdout[2m | src/utils/__tests__/asyncContentState.test.ts
[22m[39m✓ Loaded .env.test

[90mstdout[2m | test/unit/notificationUtils.test.ts
[22m[39m✓ Loaded .env.test

 [32m✓[39m [30m[42m unit [49m[39m src/utils/__tests__/asyncContentState.test.ts [2m([22m[2m1 test[22m[2m)[22m[32m 8[2mms[22m[39m
 [32m✓[39m [30m[42m unit [49m[39m test/unit/notificationUtils.test.ts [2m([22m[2m10 tests[22m[2m)[22m[32m 20[2mms[22m[39m
[90mstdout[2m | src/components/PracticeDrill/buildPracticeDrillFeedback.test.ts
[22m[39m✓ Loaded .env.test

 [32m✓[39m [30m[42m unit [49m[39m src/components/PracticeDrill/buildPracticeDrillFeedback.test.ts [2m([22m[2m10 tests[22m[2m)[22m[32m 26[2mms[22m[39m
[90mstdout[2m | test/unit/giftParser.test.ts
[22m[39m✓ Loaded .env.test

[90mstdout[2m | src/components/Editor3/Editor.stories.jsx[2m > [22m[2mKeyboard Shortcuts Alignment
[22m[39m[Editor onChange] Skipping save - no initial state loaded yet
[90mstdout[2m | src/context/__tests__/dictionaryReducer.test.ts
[22m[39m✓ Loaded .env.test

 [32m✓[39m [30m[42m unit [49m[39m src/context/__tests__/dictionaryReducer.test.ts [2m([22m[2m10 tests[22m[2m)[22m[32m 21[2mms[22m[39m
 [32m✓[39m [30m[42m unit [49m[39m src/components/RecordingStudio3/__tests__/RecordingStudio3.a11y.test.tsx [2m([22m[2m2 tests[22m[2m)[22m[33m 336[2mms[22m[39m
[90mstdout[2m | src/components/Editor3/Editor.stories.jsx[2m > [22m[2mKeyboard Shortcuts Alignment
[22m[39m🔑 ENTER KEY pressed in editor
[90mstdout[2m | src/components/Editor3/Editor.stories.jsx[2m > [22m[2mKeyboard Shortcuts Alignment
[22m[39m❌ Not in a code node
[90mstdout[2m | src/components/Editor3/Editor.stories.jsx[2m > [22m[2mKeyboard Shortcuts Alignment
[22m[39m[Editor onChange] Skipping save - no initial state loaded yet
[90mstdout[2m | test/unit/offlineChatEngine.test.ts
[22m[39m✓ Loaded .env.test

 [32m✓[39m [30m[42m unit [49m[39m test/unit/offlineChatEngine.test.ts [2m([22m[2m13 tests[22m[2m)[22m[32m 22[2mms[22m[39m
[90mstdout[2m | test/unit/imageProcessHandler.test.ts
[22m[39m✓ Loaded .env.test

[90mstdout[2m | src/utils/__tests__/assignmentTiming.test.ts
[22m[39m✓ Loaded .env.test

 [32m✓[39m [30m[42m unit [49m[39m test/unit/imageProcessHandler.test.ts [2m([22m[2m22 tests[22m[2m)[22m[32m 23[2mms[22m[39m
 [32m✓[39m [30m[42m unit [49m[39m src/utils/__tests__/assignmentTiming.test.ts [2m([22m[2m6 tests[22m[2m)[22m[32m 19[2mms[22m[39m
[90mstdout[2m | src/components/Editor3/Editor.stories.jsx[2m > [22m[2mKeyboard Shortcuts Alignment
[22m[39m[Editor onChange] Skipping save - no initial state loaded yet
[90mstdout[2m | src/context/__tests__/chatReducer.test.ts
[22m[39m✓ Loaded .env.test

[90mstdout[2m | src/components/Editor3/Editor.stories.jsx[2m > [22m[2mKeyboard Shortcuts Alignment
[22m[39m[Editor onChange] Skipping save - no initial state loaded yet
 [32m✓[39m [30m[42m unit [49m[39m src/context/__tests__/chatReducer.test.ts [2m([22m[2m13 tests[22m[2m)[22m[32m 17[2mms[22m[39m
[90mstdout[2m | src/utils/__tests__/settingsValidation.test.ts
[22m[39m✓ Loaded .env.test

 [32m✓[39m [30m[42m unit [49m[39m src/utils/__tests__/settingsValidation.test.ts [2m([22m[2m3 tests[22m[2m)[22m[32m 12[2mms[22m[39m
[90mstdout[2m | src/components/Editor3/Editor.stories.jsx[2m > [22m[2mKeyboard Shortcuts Alignment
[22m[39m[Editor onChange] Skipping save - no initial state loaded yet
[90mstdout[2m | src/components/Editor3/Editor.stories.jsx[2m > [22m[2mKeyboard Shortcuts Alignment
[22m[39m[Editor onChange] Skipping save - no initial state loaded yet
[90mstdout[2m | src/components/MeaningAssociationExercise/__tests__/modeNavigation.test.ts
[22m[39m✓ Loaded .env.test

[90mstdout[2m | src/components/Editor3/Editor.stories.jsx[2m > [22m[2mKeyboard Shortcuts Alignment
[22m[39m[Editor onChange] Skipping save - no initial state loaded yet
[90mstdout[2m | src/components/Editor3/Editor.stories.jsx[2m > [22m[2mKeyboard Shortcuts Alignment
[22m[39m[Editor onChange] Skipping save - no initial state loaded yet
[90mstdout[2m | src/components/Editor3/Editor.stories.jsx[2m > [22m[2mKeyboard Shortcuts Alignment
[22m[39m[Editor onChange] Skipping save - no initial state loaded yet
[90mstdout[2m | src/components/Editor3/Editor.stories.jsx[2m > [22m[2mKeyboard Shortcuts Alignment
[22m[39m[Editor onChange] Skipping save - no initial state loaded yet
[90mstdout[2m | src/components/Editor3/Editor.stories.jsx[2m > [22m[2mKeyboard Shortcuts Alignment
[22m[39m[Editor onChange] Skipping save - no initial state loaded yet
[90mstdout[2m | test/unit/xpCalculation.test.ts
[22m[39m✓ Loaded .env.test

 [32m✓[39m [30m[42m unit [49m[39m test/unit/xpCalculation.test.ts [2m([22m[2m17 tests[22m[2m)[22m[32m 19[2mms[22m[39m
[90mstdout[2m | src/components/Editor3/Editor.stories.jsx[2m > [22m[2mKeyboard Shortcuts Alignment
[22m[39m[Editor onChange] Skipping save - no initial state loaded yet
[90mstdout[2m | src/utils/headingContext.test.ts
[22m[39m✓ Loaded .env.test

[90mstdout[2m | src/context/__tests__/settingsReducer.test.ts
[22m[39m✓ Loaded .env.test

 [32m✓[39m [30m[42m unit [49m[39m src/utils/headingContext.test.ts [2m([22m[2m3 tests[22m[2m)[22m[32m 14[2mms[22m[39m
 [32m✓[39m [30m[42m unit [49m[39m src/context/__tests__/settingsReducer.test.ts [2m([22m[2m6 tests[22m[2m)[22m[32m 12[2mms[22m[39m
 [32m✓[39m [30m[42m unit [49m[39m test/unit/giftParser.test.ts [2m([22m[2m14 tests[22m[2m)[22m[32m 36[2mms[22m[39m
[90mstdout[2m | test/unit/conflictResolution.test.ts
[22m[39m✓ Loaded .env.test

 [32m✓[39m [30m[42m unit [49m[39m test/unit/conflictResolution.test.ts [2m([22m[2m7 tests[22m[2m)[22m[32m 17[2mms[22m[39m
[90mstdout[2m | src/utils/__tests__/leaderboardPrivacy.test.ts
[22m[39m✓ Loaded .env.test

 [32m✓[39m [30m[42m unit [49m[39m src/utils/__tests__/leaderboardPrivacy.test.ts [2m([22m[2m6 tests[22m[2m)[22m[32m 17[2mms[22m[39m
[90mstdout[2m | src/components/Editor3/Editor.stories.jsx[2m > [22m[2mKeyboard Shortcuts Alignment
[22m[39m[Editor onChange] Skipping save - no initial state loaded yet
[90mstdout[2m | src/components/Editor3/components/__tests__/FrequencyRingVisualizer.test.ts
[22m[39m✓ Loaded .env.test

[90mstdout[2m | src/components/Editor3/Editor.stories.jsx[2m > [22m[2mKeyboard Shortcuts Alignment
[22m[39m🔑 ENTER KEY pressed in editor
[90mstdout[2m | src/components/Editor3/Editor.stories.jsx[2m > [22m[2mKeyboard Shortcuts Alignment
[22m[39m❌ Not in a code node
[90mstdout[2m | src/components/Editor3/Editor.stories.jsx[2m > [22m[2mKeyboard Shortcuts Alignment
[22m[39m[Editor onChange] Skipping save - no initial state loaded yet
[90mstdout[2m | src/themes/__tests__/editorTheme.test.ts
[22m[39m✓ Loaded .env.test

[90mstdout[2m | src/components/Editor3/components/__tests__/waveformDefaults.test.ts
[22m[39m✓ Loaded .env.test

 [32m✓[39m [30m[42m unit [49m[39m src/components/Editor3/components/__tests__/waveformDefaults.test.ts [2m([22m[2m3 tests[22m[2m)[22m[32m 28[2mms[22m[39m
[90mstdout[2m | src/utils/__tests__/practiceDrillReview.test.ts
[22m[39m✓ Loaded .env.test

 [32m✓[39m [30m[42m unit [49m[39m src/utils/__tests__/practiceDrillReview.test.ts [2m([22m[2m2 tests[22m[2m)[22m[32m 14[2mms[22m[39m
[90mstdout[2m | src/utils/__tests__/calculateWaveformDataDefaults.test.ts
[22m[39m✓ Loaded .env.test

[90mstdout[2m | src/components/Editor3/components/__tests__/PlaylistFilePickerDialog.test.ts
[22m[39m✓ Loaded .env.test

 [32m✓[39m [30m[42m unit [49m[39m src/utils/__tests__/calculateWaveformDataDefaults.test.ts [2m([22m[2m1 test[22m[2m)[22m[32m 10[2mms[22m[39m
[90mstdout[2m | src/components/Editor3/Editor.stories.jsx[2m > [22m[2mKeyboard Shortcuts Alignment
[22m[39m[Editor onChange] Skipping save - no initial state loaded yet
 [32m✓[39m [30m[42m unit [49m[39m src/themes/__tests__/editorTheme.test.ts [2m([22m[2m3 tests[22m[2m)[22m[32m 12[2mms[22m[39m
[90mstdout[2m | src/components/Editor3/Editor.stories.jsx[2m > [22m[2mKeyboard Shortcuts Alignment
[22m[39m[Editor onChange] Skipping save - no initial state loaded yet
[90mstdout[2m | src/components/Editor3/Editor.stories.jsx[2m > [22m[2mKeyboard Shortcuts Alignment
[22m[39m[Editor onChange] Skipping save - no initial state loaded yet
[90mstdout[2m | src/components/Editor3/Editor.stories.jsx[2m > [22m[2mKeyboard Shortcuts Alignment
[22m[39m[Editor onChange] Skipping save - no initial state loaded yet
[90mstdout[2m | src/components/Editor3/Editor.stories.jsx[2m > [22m[2mKeyboard Shortcuts Alignment
[22m[39m[Editor onChange] Skipping save - no initial state loaded yet
[90mstdout[2m | src/components/Editor3/Editor.stories.jsx[2m > [22m[2mKeyboard Shortcuts Alignment
[22m[39m[Editor onChange] Skipping save - no initial state loaded yet
[90mstdout[2m | src/components/Editor3/Editor.stories.jsx[2m > [22m[2mKeyboard Shortcuts Alignment
[22m[39m[Editor onChange] Skipping save - no initial state loaded yet
 [32m✓[39m [30m[42m unit [49m[39m src/components/Editor3/components/__tests__/FrequencyRingVisualizer.test.ts [2m([22m[2m1 test[22m[2m)[22m[32m 8[2mms[22m[39m
 [32m✓[39m [30m[42m unit [49m[39m src/components/MeaningAssociationExercise/__tests__/modeNavigation.test.ts [2m([22m[2m4 tests[22m[2m)[22m[32m 9[2mms[22m[39m
[90mstdout[2m | src/components/Editor3/Editor.stories.jsx[2m > [22m[2mKeyboard Shortcuts Alignment
[22m[39m[Editor onChange] Skipping save - no initial state loaded yet
[90mstdout[2m | src/utils/__tests__/gamificationActions.test.ts
[22m[39m✓ Loaded .env.test

[90mstdout[2m | src/components/Editor3/Editor.stories.jsx[2m > [22m[2mKeyboard Shortcuts Alignment
[22m[39m[Editor onChange] Skipping save - no initial state loaded yet
 [2m[90m↓[39m[22m [30m[42m unit [49m[39m src/utils/__tests__/gamificationActions.test.ts [2m([22m[2m20 tests[22m[2m | [22m[33m20 skipped[39m[2m)[22m
 [32m✓[39m [30m[42m unit [49m[39m src/components/Editor3/components/__tests__/PlaylistFilePickerDialog.test.ts [2m([22m[2m4 tests[22m[2m)[22m[32m 11[2mms[22m[39m
[90mstdout[2m | src/components/Editor3/Editor.stories.jsx[2m > [22m[2mKeyboard Shortcuts Alignment
[22m[39m[Editor onChange] Skipping save - no initial state loaded yet
[90mstdout[2m | src/components/Editor3/Editor.stories.jsx[2m > [22m[2mKeyboard Shortcuts Alignment
[22m[39m🔑 ENTER KEY pressed in editor
[90mstdout[2m | src/components/Editor3/Editor.stories.jsx[2m > [22m[2mKeyboard Shortcuts Alignment
[22m[39m❌ Not in a code node
[90mstdout[2m | src/components/Editor3/Editor.stories.jsx[2m > [22m[2mKeyboard Shortcuts Alignment
[22m[39m[Editor onChange] Skipping save - no initial state loaded yet
[90mstdout[2m | src/components/Editor3/Editor.stories.jsx[2m > [22m[2mKeyboard Shortcuts Alignment
[22m[39m[Editor onChange] Skipping save - no initial state loaded yet
[90mstdout[2m | src/components/Editor3/Editor.stories.jsx[2m > [22m[2mKeyboard Shortcuts Alignment
[22m[39m[Editor onChange] Skipping save - no initial state loaded yet
[90mstdout[2m | src/components/Editor3/Editor.stories.jsx[2m > [22m[2mKeyboard Shortcuts Alignment
[22m[39m[Editor onChange] Skipping save - no initial state loaded yet
[90mstdout[2m | src/components/Editor3/Editor.stories.jsx[2m > [22m[2mKeyboard Shortcuts Alignment
[22m[39m[Editor onChange] Skipping save - no initial state loaded yet
[90mstdout[2m | src/components/Editor3/Editor.stories.jsx[2m > [22m[2mKeyboard Shortcuts Alignment
[22m[39m[Editor onChange] Skipping save - no initial state loaded yet
[90mstdout[2m | src/components/Editor3/Editor.stories.jsx[2m > [22m[2mKeyboard Shortcuts Alignment
[22m[39m[Editor onChange] Skipping save - no initial state loaded yet
[90mstdout[2m | src/components/Editor3/Editor.stories.jsx[2m > [22m[2mKeyboard Shortcuts Alignment
[22m[39m[Editor onChange] Skipping save - no initial state loaded yet
[90mstdout[2m | src/components/Editor3/Editor.stories.jsx[2m > [22m[2mKeyboard Shortcuts Alignment
[22m[39m[Editor onChange] Skipping save - no initial state loaded yet
[90mstdout[2m | src/components/Editor3/Editor.stories.jsx[2m > [22m[2mKeyboard Shortcuts Alignment
[22m[39m[Editor onChange] Skipping save - no initial state loaded yet
[90mstdout[2m | src/components/Editor3/Editor.stories.jsx[2m > [22m[2mKeyboard Shortcuts Alignment
[22m[39m[Editor onChange] Skipping save - no initial state loaded yet
[90mstdout[2m | src/components/Editor3/Editor.stories.jsx[2m > [22m[2mKeyboard Shortcuts Alignment
[22m[39m[Editor onChange] Skipping save - no initial state loaded yet
[90mstdout[2m | src/components/Editor3/Editor.stories.jsx[2m > [22m[2mKeyboard Shortcuts Alignment
[22m[39m[Editor onChange] Skipping save - no initial state loaded yet
[90mstdout[2m | src/components/Editor3/Editor.stories.jsx[2m > [22m[2mKeyboard Shortcuts Alignment
[22m[39m[Editor onChange] Skipping save - no initial state loaded yet
[90mstdout[2m | src/components/Editor3/Editor.stories.jsx[2m > [22m[2mKeyboard Shortcuts Alignment
[22m[39m[Editor onChange] Skipping save - no initial state loaded yet
[90mstdout[2m | src/components/Editor3/Editor.stories.jsx[2m > [22m[2mKeyboard Shortcuts Alignment
[22m[39m[Editor onChange] Skipping save - no initial state loaded yet
[90mstdout[2m | src/components/Editor3/Editor.stories.jsx[2m > [22m[2mKeyboard Shortcuts Alignment
[22m[39m[Editor onChange] Skipping save - no initial state loaded yet
[90mstdout[2m | src/components/Editor3/Editor.stories.jsx[2m > [22m[2mKeyboard Shortcuts Alignment
[22m[39m[Editor onChange] Skipping save - no initial state loaded yet
[90mstdout[2m | src/components/Editor3/Editor.stories.jsx[2m > [22m[2mKeyboard Shortcuts Alignment
[22m[39m[Editor onChange] Skipping save - no initial state loaded yet
[90mstdout[2m | src/components/Editor3/Editor.stories.jsx[2m > [22m[2mKeyboard Shortcuts Alignment
[22m[39m[Editor onChange] Skipping save - no initial state loaded yet
[90mstdout[2m | src/components/Editor3/Editor.stories.jsx[2m > [22m[2mKeyboard Shortcuts Alignment
[22m[39m[Editor onChange] Skipping save - no initial state loaded yet
[90mstdout[2m | src/components/Editor3/Editor.stories.jsx[2m > [22m[2mKeyboard Shortcuts Alignment
[22m[39m[Editor onChange] Skipping save - no initial state loaded yet
[90mstdout[2m | src/components/Editor3/Editor.stories.jsx[2m > [22m[2mKeyboard Shortcuts Alignment
[22m[39m[Editor onChange] Skipping save - no initial state loaded yet
[90mstdout[2m | src/components/Editor3/Editor.stories.jsx[2m > [22m[2mKeyboard Shortcuts Alignment
[22m[39m[Editor onChange] Skipping save - no initial state loaded yet
[90mstdout[2m | src/components/Editor3/Editor.stories.jsx[2m > [22m[2mKeyboard Shortcuts Alignment
[22m[39m[Editor onChange] Skipping save - no initial state loaded yet
[90mstdout[2m | src/components/Editor3/Editor.stories.jsx[2m > [22m[2mKeyboard Shortcuts Alignment
[22m[39m[Editor onChange] Skipping save - no initial state loaded yet
[90mstdout[2m | src/components/Editor3/Editor.stories.jsx[2m > [22m[2mKeyboard Shortcuts Alignment
[22m[39m[Editor onChange] Skipping save - no initial state loaded yet
[90mstdout[2m | src/components/Editor3/Editor.stories.jsx[2m > [22m[2mKeyboard Shortcuts Alignment
[22m[39m[Editor onChange] Skipping save - no initial state loaded yet
[90mstdout[2m | src/components/Editor3/Editor.stories.jsx[2m > [22m[2mKeyboard Shortcuts Alignment
[22m[39m[Editor onChange] Skipping save - no initial state loaded yet
[90mstdout[2m | src/components/Editor3/Editor.stories.jsx[2m > [22m[2mKeyboard Shortcuts Alignment
[22m[39m[Editor onChange] Skipping save - no initial state loaded yet
[90mstdout[2m | src/components/Editor3/Editor.stories.jsx[2m > [22m[2mKeyboard Shortcuts Alignment
[22m[39m[Editor onChange] Skipping save - no initial state loaded yet
[90mstdout[2m | src/components/Editor3/Editor.stories.jsx[2m > [22m[2mKeyboard Shortcuts Alignment
[22m[39m[Editor onChange] Skipping save - no initial state loaded yet
[90mstdout[2m | src/components/Editor3/Editor.stories.jsx[2m > [22m[2mKeyboard Shortcuts Alignment
[22m[39m[Editor onChange] Skipping save - no initial state loaded yet
[90mstdout[2m | src/components/Editor3/Editor.stories.jsx[2m > [22m[2mKeyboard Shortcuts Alignment
[22m[39m[Editor onChange] Skipping save - no initial state loaded yet
[90mstdout[2m | src/components/Editor3/Editor.stories.jsx[2m > [22m[2mKeyboard Shortcuts Alignment
[22m[39m[Editor onChange] Skipping save - no initial state loaded yet
[90mstdout[2m | src/components/Editor3/Editor.stories.jsx[2m > [22m[2mKeyboard Shortcuts Alignment
[22m[39m[Editor onChange] Skipping save - no initial state loaded yet
[90mstdout[2m | src/components/Editor3/Editor.stories.jsx[2m > [22m[2mKeyboard Shortcuts Alignment
[22m[39m[Editor onChange] Skipping save - no initial state loaded yet
 [32m✓[39m [30m[42m unit [49m[39m test/unit/fileUploadUtils.test.ts [2m([22m[2m25 tests[22m[2m)[22m[32m 12[2mms[22m[39m
[90mstdout[2m | src/components/Editor3/Editor.stories.jsx[2m > [22m[2mKeyboard Shortcuts Alignment
[22m[39m[Editor onChange] Skipping save - no initial state loaded yet
[90mstdout[2m | src/components/Editor3/Editor.stories.jsx[2m > [22m[2mKeyboard Shortcuts Alignment
[22m[39m[Editor onChange] Skipping save - no initial state loaded yet
[90mstdout[2m | src/components/Editor3/Editor.stories.jsx[2m > [22m[2mKeyboard Shortcuts Alignment
[22m[39m🔑 ENTER KEY pressed in editor
[90mstdout[2m | src/components/Editor3/Editor.stories.jsx[2m > [22m[2mKeyboard Shortcuts Alignment
[22m[39m❌ Not in a code node
[90mstdout[2m | src/components/Editor3/Editor.stories.jsx[2m > [22m[2mKeyboard Shortcuts Alignment
[22m[39m[Editor onChange] Skipping save - no initial state loaded yet
[90mstdout[2m | src/components/Editor3/Editor.stories.jsx[2m > [22m[2mKeyboard Shortcuts Alignment
[22m[39m🔑 ENTER KEY pressed in editor
[90mstdout[2m | src/components/Editor3/Editor.stories.jsx[2m > [22m[2mKeyboard Shortcuts Alignment
[22m[39m❌ Not in a code node
[90mstdout[2m | src/components/Editor3/Editor.stories.jsx[2m > [22m[2mKeyboard Shortcuts Alignment
[22m[39mfetchSuggestion called with prompt: Justified text that spreads across the full width of the container evenly.
[90mstdout[2m | src/components/Editor3/Editor.stories.jsx[2m > [22m[2mKeyboard Shortcuts Alignment
[22m[39mMaking API call to /api/content-completion...
[90mstdout[2m | src/components/Editor3/Editor.stories.jsx[2m > [22m[2mKeyboard Shortcuts Alignment
[22m[39m[Mock Fetch] Intercepted /api/content-completion
[90mstdout[2m | src/components/Editor3/Editor.stories.jsx[2m > [22m[2mKeyboard Shortcuts Alignment
[22m[39mStarting to stream response...
[90mstdout[2m | src/components/Editor3/Editor.stories.jsx[2m > [22m[2mKeyboard Shortcuts Alignment
[22m[39mStreaming chunk, total length: 5
[90mstdout[2m | src/components/Editor3/Editor.stories.jsx[2m > [22m[2mKeyboard Shortcuts Alignment
[22m[39mupdateSuggestion called with text: This 
[90mstdout[2m | src/components/Editor3/Editor.stories.jsx[2m > [22m[2mKeyboard Shortcuts Alignment
[22m[39mReplacing existing node with suggestion
[90mstdout[2m | src/components/Editor3/Editor.stories.jsx[2m > [22m[2mKeyboard Shortcuts Alignment
[22m[39mAIContentSuggestionComponent rendering with suggestion: This 
[90mstdout[2m | src/components/Editor3/Editor.stories.jsx[2m > [22m[2mKeyboard Shortcuts Alignment
[22m[39m[Editor onChange] Skipping save - no initial state loaded yet
[90mstdout[2m | src/components/Editor3/Editor.stories.jsx[2m > [22m[2mKeyboard Shortcuts Alignment
[22m[39mStreaming chunk, total length: 8
[90mstdout[2m | src/components/Editor3/Editor.stories.jsx[2m > [22m[2mKeyboard Shortcuts Alignment
[22m[39mupdateSuggestion called with text: This is 
[90mstdout[2m | src/components/Editor3/Editor.stories.jsx[2m > [22m[2mKeyboard Shortcuts Alignment
[22m[39mUpdating existing suggestion node in place
[90mstdout[2m | src/components/Editor3/Editor.stories.jsx[2m > [22m[2mKeyboard Shortcuts Alignment
[22m[39mAIContentSuggestionComponent rendering with suggestion: This is 
[90mstdout[2m | src/components/Editor3/Editor.stories.jsx[2m > [22m[2mKeyboard Shortcuts Alignment
[22m[39mStreaming chunk, total length: 10
[90mstdout[2m | src/components/Editor3/Editor.stories.jsx[2m > [22m[2mKeyboard Shortcuts Alignment
[22m[39mupdateSuggestion called with text: This is a 
[90mstdout[2m | src/components/Editor3/Editor.stories.jsx[2m > [22m[2mKeyboard Shortcuts Alignment
[22m[39mUpdating existing suggestion node in place
[90mstdout[2m | src/components/Editor3/Editor.stories.jsx[2m > [22m[2mKeyboard Shortcuts Alignment
[22m[39mAIContentSuggestionComponent rendering with suggestion: This is a 
[90mstdout[2m | src/components/Editor3/Editor.stories.jsx[2m > [22m[2mKeyboard Shortcuts Alignment
[22m[39mStreaming chunk, total length: 17
[90mstdout[2m | src/components/Editor3/Editor.stories.jsx[2m > [22m[2mKeyboard Shortcuts Alignment
[22m[39mupdateSuggestion called with text: This is a sample 
[90mstdout[2m | src/components/Editor3/Editor.stories.jsx[2m > [22m[2mKeyboard Shortcuts Alignment
[22m[39mUpdating existing suggestion node in place
[90mstdout[2m | src/components/Editor3/Editor.stories.jsx[2m > [22m[2mKeyboard Shortcuts Alignment
[22m[39mAIContentSuggestionComponent rendering with suggestion: This is a sample 
[90mstdout[2m | src/components/Editor3/Editor.stories.jsx[2m > [22m[2mKeyboard Shortcuts Alignment
[22m[39mStreaming chunk, total length: 27
[90mstdout[2m | src/components/Editor3/Editor.stories.jsx[2m > [22m[2mKeyboard Shortcuts Alignment
[22m[39mupdateSuggestion called with text: This is a sample paragraph 
[90mstdout[2m | src/components/Editor3/Editor.stories.jsx[2m > [22m[2mKeyboard Shortcuts Alignment
[22m[39mUpdating existing suggestion node in place
[90mstdout[2m | src/components/Editor3/Editor.stories.jsx[2m > [22m[2mKeyboard Shortcuts Alignment
[22m[39mAIContentSuggestionComponent rendering with suggestion: This is a sample paragraph 
[90mstdout[2m | src/components/Editor3/Editor.stories.jsx[2m > [22m[2mKeyboard Shortcuts Alignment
[22m[39m[Editor onChange] Skipping save - no initial state loaded yet
[90mstdout[2m | src/components/Editor3/Editor.stories.jsx[2m > [22m[2mKeyboard Shortcuts Alignment
[22m[39mStreaming chunk, total length: 33
[90mstdout[2m | src/components/Editor3/Editor.stories.jsx[2m > [22m[2mKeyboard Shortcuts Alignment
[22m[39mupdateSuggestion called with text: This is a sample paragraph about 
[90mstdout[2m | src/components/Editor3/Editor.stories.jsx[2m > [22m[2mKeyboard Shortcuts Alignment
[22m[39mUpdating existing suggestion node in place
[90mstdout[2m | src/components/Editor3/Editor.stories.jsx[2m > [22m[2mKeyboard Shortcuts Alignment
[22m[39mAIContentSuggestionComponent rendering with suggestion: This is a sample paragraph about 
[90mstdout[2m | src/components/Editor3/Editor.stories.jsx[2m > [22m[2mKeyboard Shortcuts Alignment
[22m[39mStreaming chunk, total length: 42
[90mstdout[2m | src/components/Editor3/Editor.stories.jsx[2m > [22m[2mKeyboard Shortcuts Alignment
[22m[39mupdateSuggestion called with text: This is a sample paragraph about Japanese 
[90mstdout[2m | src/components/Editor3/Editor.stories.jsx[2m > [22m[2mKeyboard Shortcuts Alignment
[22m[39mUpdating existing suggestion node in place
[90mstdout[2m | src/components/Editor3/Editor.stories.jsx[2m > [22m[2mKeyboard Shortcuts Alignment
[22m[39mAIContentSuggestionComponent rendering with suggestion: This is a sample paragraph about Japanese 
[90mstdout[2m | src/components/Editor3/Editor.stories.jsx[2m > [22m[2mKeyboard Shortcuts Alignment
[22m[39mStreaming chunk, total length: 52
[90mstdout[2m | src/components/Editor3/Editor.stories.jsx[2m > [22m[2mKeyboard Shortcuts Alignment
[22m[39mupdateSuggestion called with text: This is a sample paragraph about Japanese language. 
[90mstdout[2m | src/components/Editor3/Editor.stories.jsx[2m > [22m[2mKeyboard Shortcuts Alignment
[22m[39mUpdating existing suggestion node in place
[90mstdout[2m | src/components/Editor3/Editor.stories.jsx[2m > [22m[2mKeyboard Shortcuts Alignment
[22m[39mAIContentSuggestionComponent rendering with suggestion: This is a sample paragraph about Japanese language. 
[90mstdout[2m | src/components/Editor3/Editor.stories.jsx[2m > [22m[2mKeyboard Shortcuts Alignment
[22m[39mStreaming chunk, total length: 56
[90mstdout[2m | src/components/Editor3/Editor.stories.jsx[2m > [22m[2mKeyboard Shortcuts Alignment
[22m[39mupdateSuggestion called with text: This is a sample paragraph about Japanese language. The 
[90mstdout[2m | src/components/Editor3/Editor.stories.jsx[2m > [22m[2mKeyboard Shortcuts Alignment
[22m[39mUpdating existing suggestion node in place
[90mstdout[2m | src/components/Editor3/Editor.stories.jsx[2m > [22m[2mKeyboard Shortcuts Alignment
[22m[39mAIContentSuggestionComponent rendering with suggestion: This is a sample paragraph about Japanese language. The 
[90mstdout[2m | src/components/Editor3/Editor.stories.jsx[2m > [22m[2mKeyboard Shortcuts Alignment
[22m[39m[Editor onChange] Skipping save - no initial state loaded yet
[90mstdout[2m | src/components/Editor3/Editor.stories.jsx[2m > [22m[2mKeyboard Shortcuts Alignment
[22m[39mStreaming chunk, total length: 65
[90mstdout[2m | src/components/Editor3/Editor.stories.jsx[2m > [22m[2mKeyboard Shortcuts Alignment
[22m[39mupdateSuggestion called with text: This is a sample paragraph about Japanese language. The hiragana 
[90mstdout[2m | src/components/Editor3/Editor.stories.jsx[2m > [22m[2mKeyboard Shortcuts Alignment
[22m[39mUpdating existing suggestion node in place
[90mstdout[2m | src/components/Editor3/Editor.stories.jsx[2m > [22m[2mKeyboard Shortcuts Alignment
[22m[39mAIContentSuggestionComponent rendering with suggestion: This is a sample paragraph about Japanese language. The hiragana 
[90mstdout[2m | src/components/Editor3/Editor.stories.jsx[2m > [22m[2mKeyboard Shortcuts Alignment
[22m[39mStreaming chunk, total length: 73
[90mstdout[2m | src/components/Editor3/Editor.stories.jsx[2m > [22m[2mKeyboard Shortcuts Alignment
[22m[39mupdateSuggestion called with text: This is a sample paragraph about Japanese language. The hiragana writing 
[90mstdout[2m | src/components/Editor3/Editor.stories.jsx[2m > [22m[2mKeyboard Shortcuts Alignment
[22m[39mUpdating existing suggestion node in place
[90mstdout[2m | src/components/Editor3/Editor.stories.jsx[2m > [22m[2mKeyboard Shortcuts Alignment
[22m[39mAIContentSuggestionComponent rendering with suggestion: This is a sample paragraph about Japanese language. The hiragana writing 
[90mstdout[2m | src/components/Editor3/Editor.stories.jsx[2m > [22m[2mKeyboard Shortcuts Alignment
[22m[39m[Editor onChange] Skipping save - no initial state loaded yet
[90mstdout[2m | src/components/Editor3/Editor.stories.jsx
[22m[39mStreaming chunk, total length: 80
[90mstdout[2m | src/components/Editor3/Editor.stories.jsx
[22m[39mupdateSuggestion called with text: This is a sample paragraph about Japanese language. The hiragana writing system 
[90mstdout[2m | src/components/Editor3/Editor.stories.jsx
[22m[39mUpdating existing suggestion node in place
[90mstdout[2m | src/components/Editor3/Editor.stories.jsx
[22m[39mAIContentSuggestionComponent rendering with suggestion: This is a sample paragraph about Japanese language. The hiragana writing system 
[90mstdout[2m | src/components/Editor3/Editor.stories.jsx
[22m[39mStreaming chunk, total length: 89
[90mstdout[2m | src/components/Editor3/Editor.stories.jsx
[22m[39mupdateSuggestion called with text: This is a sample paragraph about Japanese language. The hiragana writing system consists 
[90mstdout[2m | src/components/Editor3/Editor.stories.jsx
[22m[39mUpdating existing suggestion node in place
[90mstdout[2m | src/components/Editor3/Editor.stories.jsx
[22m[39mAIContentSuggestionComponent rendering with suggestion: This is a sample paragraph about Japanese language. The hiragana writing system consists 
[90mstdout[2m | src/components/Editor3/Editor.stories.jsx
[22m[39mStreaming chunk, total length: 92
[90mstdout[2m | src/components/Editor3/Editor.stories.jsx
[22m[39mupdateSuggestion called with text: This is a sample paragraph about Japanese language. The hiragana writing system consists of 
[90mstdout[2m | src/components/Editor3/Editor.stories.jsx
[22m[39mUpdating existing suggestion node in place
[90mstdout[2m | src/components/Editor3/Editor.stories.jsx
[22m[39mAIContentSuggestionComponent rendering with suggestion: This is a sample paragraph about Japanese language. The hiragana writing system consists of 
[90mstdout[2m | src/components/Editor3/Editor.stories.jsx
[22m[39m[Editor onChange] Skipping save - no initial state loaded yet
[90mstdout[2m | src/components/Editor3/Editor.stories.jsx
[22m[39mStreaming chunk, total length: 95
[90mstdout[2m | src/components/Editor3/Editor.stories.jsx
[22m[39mupdateSuggestion called with text: This is a sample paragraph about Japanese language. The hiragana writing system consists of 46 
[90mstdout[2m | src/components/Editor3/Editor.stories.jsx
[22m[39mUpdating existing suggestion node in place
[90mstdout[2m | src/components/Editor3/Editor.stories.jsx
[22m[39mAIContentSuggestionComponent rendering with suggestion: This is a sample paragraph about Japanese language. The hiragana writing system consists of 46 
[90mstdout[2m | src/components/Editor3/Editor.stories.jsx
[22m[39mStreaming chunk, total length: 101
[90mstdout[2m | src/components/Editor3/Editor.stories.jsx
[22m[39mupdateSuggestion called with text: This is a sample paragraph about Japanese language. The hiragana writing system consists of 46 basic 
[90mstdout[2m | src/components/Editor3/Editor.stories.jsx
[22m[39mUpdating existing suggestion node in place
[90mstdout[2m | src/components/Editor3/Editor.stories.jsx
[22m[39mAIContentSuggestionComponent rendering with suggestion: This is a sample paragraph about Japanese language. The hiragana writing system consists of 46 basic 
[90mstdout[2m | src/components/Editor3/Editor.stories.jsx
[22m[39mStreaming chunk, total length: 113
[90mstdout[2m | src/components/Editor3/Editor.stories.jsx
[22m[39mupdateSuggestion called with text: This is a sample paragraph about Japanese language. The hiragana writing system consists of 46 basic characters. 
[90mstdout[2m | src/components/Editor3/Editor.stories.jsx
[22m[39mUpdating existing suggestion node in place
[90mstdout[2m | src/components/Editor3/Editor.stories.jsx
[22m[39mAIContentSuggestionComponent rendering with suggestion: This is a sample paragraph about Japanese language. The hiragana writing system consists of 46 basic characters. 
[90mstdout[2m | src/components/Editor3/Editor.stories.jsx
[22m[39mStreaming chunk, total length: 118
[90mstdout[2m | src/components/Editor3/Editor.stories.jsx
[22m[39mupdateSuggestion called with text: This is a sample paragraph about Japanese language. The hiragana writing system consists of 46 basic characters. Each 
[90mstdout[2m | src/components/Editor3/Editor.stories.jsx
[22m[39mUpdating existing suggestion node in place
[90mstdout[2m | src/components/Editor3/Editor.stories.jsx
[22m[39mAIContentSuggestionComponent rendering with suggestion: This is a sample paragraph about Japanese language. The hiragana writing system consists of 46 basic characters. Each 
[90mstdout[2m | src/components/Editor3/Editor.stories.jsx
[22m[39m[Editor onChange] Skipping save - no initial state loaded yet
[90mstdout[2m | src/components/Editor3/Editor.stories.jsx
[22m[39mStreaming chunk, total length: 128
[90mstdout[2m | src/components/Editor3/Editor.stories.jsx
[22m[39mupdateSuggestion called with text: This is a sample paragraph about Japanese language. The hiragana writing system consists of 46 basic characters. Each character 
[90mstdout[2m | src/components/Editor3/Editor.stories.jsx
[22m[39mUpdating existing suggestion node in place
[90mstdout[2m | src/components/Editor3/Editor.stories.jsx
[22m[39mAIContentSuggestionComponent rendering with suggestion: This is a sample paragraph about Japanese language. The hiragana writing system consists of 46 basic characters. Each character 
[90mstdout[2m | src/components/Editor3/Editor.stories.jsx
[22m[39mStreaming chunk, total length: 139
[90mstdout[2m | src/components/Editor3/Editor.stories.jsx
[22m[39mupdateSuggestion called with text: This is a sample paragraph about Japanese language. The hiragana writing system consists of 46 basic characters. Each character represents 
[90mstdout[2m | src/components/Editor3/Editor.stories.jsx
[22m[39mUpdating existing suggestion node in place
[90mstdout[2m | src/components/Editor3/Editor.stories.jsx
[22m[39mAIContentSuggestionComponent rendering with suggestion: This is a sample paragraph about Japanese language. The hiragana writing system consists of 46 basic characters. Each character represents 
[90mstdout[2m | src/components/Editor3/Editor.stories.jsx
[22m[39mStreaming chunk, total length: 141
[90mstdout[2m | src/components/Editor3/Editor.stories.jsx
[22m[39mupdateSuggestion called with text: This is a sample paragraph about Japanese language. The hiragana writing system consists of 46 basic characters. Each character represents a 
[90mstdout[2m | src/components/Editor3/Editor.stories.jsx
[22m[39mUpdating existing suggestion node in place
[90mstdout[2m | src/components/Editor3/Editor.stories.jsx
[22m[39mAIContentSuggestionComponent rendering with suggestion: This is a sample paragraph about Japanese language. The hiragana writing system consists of 46 basic characters. Each character represents a 
[90mstdout[2m | src/components/Editor3/Editor.stories.jsx
[22m[39mStreaming chunk, total length: 151
[90mstdout[2m | src/components/Editor3/Editor.stories.jsx
[22m[39mupdateSuggestion called with text: This is a sample paragraph about Japanese language. The hiragana writing system consists of 46 basic characters. Each character represents a syllable, 
[90mstdout[2m | src/components/Editor3/Editor.stories.jsx
[22m[39mUpdating existing suggestion node in place
[90mstdout[2m | src/components/Editor3/Editor.stories.jsx
[22m[39mAIContentSuggestionComponent rendering with suggestion: This is a sample paragraph about Japanese language. The hiragana writing system consists of 46 basic characters. Each character represents a syllable, 
[90mstdout[2m | src/components/Editor3/Editor.stories.jsx
[22m[39m[Editor onChange] Skipping save - no initial state loaded yet
[90mstdout[2m | src/components/Editor3/Editor.stories.jsx
[22m[39mStreaming chunk, total length: 158
[90mstdout[2m | src/components/Editor3/Editor.stories.jsx
[22m[39mupdateSuggestion called with text: This is a sample paragraph about Japanese language. The hiragana writing system consists of 46 basic characters. Each character represents a syllable, making 
[90mstdout[2m | src/components/Editor3/Editor.stories.jsx
[22m[39mUpdating existing suggestion node in place
[90mstdout[2m | src/components/Editor3/Editor.stories.jsx
[22m[39mAIContentSuggestionComponent rendering with suggestion: This is a sample paragraph about Japanese language. The hiragana writing system consists of 46 basic characters. Each character represents a syllable, making 
[90mstdout[2m | src/components/Editor3/Editor.stories.jsx
[22m[39mStreaming chunk, total length: 161
[90mstdout[2m | src/components/Editor3/Editor.stories.jsx
[22m[39mupdateSuggestion called with text: This is a sample paragraph about Japanese language. The hiragana writing system consists of 46 basic characters. Each character represents a syllable, making it 
[90mstdout[2m | src/components/Editor3/Editor.stories.jsx
[22m[39mUpdating existing suggestion node in place
[90mstdout[2m | src/components/Editor3/Editor.stories.jsx
[22m[39mAIContentSuggestionComponent rendering with suggestion: This is a sample paragraph about Japanese language. The hiragana writing system consists of 46 basic characters. Each character represents a syllable, making it 
[90mstdout[2m | src/components/Editor3/Editor.stories.jsx
[22m[39mStreaming chunk, total length: 163
[90mstdout[2m | src/components/Editor3/Editor.stories.jsx
[22m[39mupdateSuggestion called with text: This is a sample paragraph about Japanese language. The hiragana writing system consists of 46 basic characters. Each character represents a syllable, making it a 
[90mstdout[2m | src/components/Editor3/Editor.stories.jsx
[22m[39mUpdating existing suggestion node in place
[90mstdout[2m | src/components/Editor3/Editor.stories.jsx
[22m[39mAIContentSuggestionComponent rendering with suggestion: This is a sample paragraph about Japanese language. The hiragana writing system consists of 46 basic characters. Each character represents a syllable, making it a 
[90mstdout[2m | src/components/Editor3/Editor.stories.jsx
[22m[39mStreaming chunk, total length: 173
[90mstdout[2m | src/components/Editor3/Editor.stories.jsx
[22m[39mupdateSuggestion called with text: This is a sample paragraph about Japanese language. The hiragana writing system consists of 46 basic characters. Each character represents a syllable, making it a syllabary 
[90mstdout[2m | src/components/Editor3/Editor.stories.jsx
[22m[39mUpdating existing suggestion node in place
[90mstdout[2m | src/components/Editor3/Editor.stories.jsx
[22m[39mAIContentSuggestionComponent rendering with suggestion: This is a sample paragraph about Japanese language. The hiragana writing system consists of 46 basic characters. Each character represents a syllable, making it a syllabary 
[90mstdout[2m | src/components/Editor3/Editor.stories.jsx
[22m[39m[Editor onChange] Skipping save - no initial state loaded yet
[90mstdout[2m | src/components/Editor3/Editor.stories.jsx
[22m[39mStreaming chunk, total length: 180
[90mstdout[2m | src/components/Editor3/Editor.stories.jsx
[22m[39mupdateSuggestion called with text: This is a sample paragraph about Japanese language. The hiragana writing system consists of 46 basic characters. Each character represents a syllable, making it a syllabary rather 
[90mstdout[2m | src/components/Editor3/Editor.stories.jsx
[22m[39mUpdating existing suggestion node in place
[90mstdout[2m | src/components/Editor3/Editor.stories.jsx
[22m[39mAIContentSuggestionComponent rendering with suggestion: This is a sample paragraph about Japanese language. The hiragana writing system consists of 46 basic characters. Each character represents a syllable, making it a syllabary rather 
[90mstdout[2m | src/components/Editor3/Editor.stories.jsx
[22m[39mStreaming chunk, total length: 185
[90mstdout[2m | src/components/Editor3/Editor.stories.jsx
[22m[39mupdateSuggestion called with text: This is a sample paragraph about Japanese language. The hiragana writing system consists of 46 basic characters. Each character represents a syllable, making it a syllabary rather than 
[90mstdout[2m | src/components/Editor3/Editor.stories.jsx
[22m[39mUpdating existing suggestion node in place
[90mstdout[2m | src/components/Editor3/Editor.stories.jsx
[22m[39mAIContentSuggestionComponent rendering with suggestion: This is a sample paragraph about Japanese language. The hiragana writing system consists of 46 basic characters. Each character represents a syllable, making it a syllabary rather than 
[90mstdout[2m | src/components/Editor3/Editor.stories.jsx
[22m[39mStreaming chunk, total length: 188
[90mstdout[2m | src/components/Editor3/Editor.stories.jsx
[22m[39mupdateSuggestion called with text: This is a sample paragraph about Japanese language. The hiragana writing system consists of 46 basic characters. Each character represents a syllable, making it a syllabary rather than an 
[90mstdout[2m | src/components/Editor3/Editor.stories.jsx
[22m[39mUpdating existing suggestion node in place
[90mstdout[2m | src/components/Editor3/Editor.stories.jsx
[22m[39mAIContentSuggestionComponent rendering with suggestion: This is a sample paragraph about Japanese language. The hiragana writing system consists of 46 basic characters. Each character represents a syllable, making it a syllabary rather than an 
 [32m✓[39m [30m[45m storybook (chromium) [49m[39m src/components/Editor3/Editor.stories.jsx [2m([22m[2m6 tests[22m[2m)[22m[33m 95317[2mms[22m[39m
   [33m[2m✓[22m[39m Empty Editor Text Formatting [33m 4051[2mms[22m[39m
   [33m[2m✓[22m[39m Editor With Content [33m 1870[2mms[22m[39m
   [33m[2m✓[22m[39m Keyboard Shortcuts Test [33m 2096[2mms[22m[39m
   [33m[2m✓[22m[39m Keyboard Shortcuts Text Formatting [33m 24847[2mms[22m[39m
   [33m[2m✓[22m[39m Keyboard Shortcuts Block Types [33m 46974[2mms[22m[39m
   [33m[2m✓[22m[39m Keyboard Shortcuts Alignment [33m 15471[2mms[22m[39m
[90mstdout[2m | unknown test
[22m[39mStreaming chunk, total length: 197
[90mstdout[2m | unknown test
[22m[39mupdateSuggestion called with text: This is a sample paragraph about Japanese language. The hiragana writing system consists of 46 basic characters. Each character represents a syllable, making it a syllabary rather than an alphabet.
[90mstdout[2m | unknown test
[22m[39mUpdating existing suggestion node in place
[90mstdout[2m | unknown test
[22m[39mAIContentSuggestionComponent rendering with suggestion: This is a sample paragraph about Japanese language. The hiragana writing system consists of 46 basic characters. Each character represents a syllable, making it a syllabary rather than an alphabet.
[90mstdout[2m | unknown test
[22m[39m[Editor onChange] Skipping save - no initial state loaded yet
[90mstdout[2m | unknown test
[22m[39mStreaming chunk, total length: 197
[90mstdout[2m | unknown test
[22m[39mupdateSuggestion called with text: This is a sample paragraph about Japanese language. The hiragana writing system consists of 46 basic characters. Each character represents a syllable, making it a syllabary rather than an alphabet.
[90mstdout[2m | unknown test
[22m[39mUpdating existing suggestion node in place
[90mstdout[2m | unknown test
[22m[39mAIContentSuggestionComponent rendering with suggestion: This is a sample paragraph about Japanese language. The hiragana writing system consists of 46 basic characters. Each character represents a syllable, making it a syllabary rather than an alphabet.
[90mstdout[2m | unknown test
[22m[39mFinal completion: This is a sample paragraph about Japanese language. The hiragana writing system consists of 46 basic characters. Each character represents a syllable, making it a syllabary rather than an alphabet.
[90mstdout[2m | unknown test
[22m[39mupdateSuggestion called with text: This is a sample paragraph about Japanese language. The hiragana writing system consists of 46 basic characters. Each character represents a syllable, making it a syllabary rather than an alphabet.
[90mstdout[2m | unknown test
[22m[39mUpdating existing suggestion node in place
[90mstdout[2m | unknown test
[22m[39mAIContentSuggestionComponent rendering with suggestion: This is a sample paragraph about Japanese language. The hiragana writing system consists of 46 basic characters. Each character represents a syllable, making it a syllabary rather than an alphabet.
[90mstdout[2m | unknown test
[22m[39m[MOCK vectorStoreDB.js] Module loaded - mock IndexedDB operations
[90mstdout[2m | unknown test
[22m[39m[Task Completion] DOM action listeners initialized
[90mstdout[2m | unknown test
[22m[39m[Task Completion] Auto-completion detector initialized
[90mstdout[2m | unknown test
[22m[39m[Preview] Task completion detector initialized
[90mstdout[2m | src/stories/DesignSystemShowcase.stories.tsx[2m > [22m[2mSemantic Tokens (rounding · elevation · spacing · surface)
[22m[39m[TranslationModeController] Setting mode to: off
[90mstdout[2m | src/stories/DesignSystemShowcase.stories.tsx[2m > [22m[2mRecurring Patterns (cards · gates · chips · chrome · modals · empty)
[22m[39m[TranslationModeController] Setting mode to: off
[90mstdout[2m | src/stories/DesignSystemShowcase.stories.tsx[2m > [22m[2mEditor Blocks (Live)
[22m[39m[TranslationModeController] Setting mode to: off
[90mstdout[2m | src/stories/DesignSystemShowcase.stories.tsx[2m > [22m[2mEditor Blocks (Live)
[22m[39mEasy.nodeKey 223 type: string
[90mstdout[2m | src/stories/DesignSystemShowcase.stories.tsx[2m > [22m[2mEditor Blocks (Live)
[22m[39mEasy.grade: null
[90mstdout[2m | src/stories/DesignSystemShowcase.stories.tsx[2m > [22m[2mEditor Blocks (Live)
[22m[39mEasy.grade.data: undefined
[90mstdout[2m | src/stories/DesignSystemShowcase.stories.tsx[2m > [22m[2mEditor Blocks (Live)
[22m[39mEasy.grade.data === grade? false
[90mstdout[2m | src/stories/DesignSystemShowcase.stories.tsx[2m > [22m[2mEditor Blocks (Live)
[22m[39mEasy.grade.data keys: no data
[90mstdout[2m | src/stories/DesignSystemShowcase.stories.tsx[2m > [22m[2mEditor Blocks (Live)
[22m[39mEasy.grade.data[nodeKey]: undefined
[90mstdout[2m | src/stories/DesignSystemShowcase.stories.tsx[2m > [22m[2mEditor Blocks (Live)
[22m[39mEasy.inProgress {}
[90mstdout[2m | src/stories/DesignSystemShowcase.stories.tsx[2m > [22m[2mEditor Blocks (Live)
[22m[39mHard.attemptedAnswers {}
[90mstdout[2m | src/stories/DesignSystemShowcase.stories.tsx[2m > [22m[2mEditor Blocks (Live)
[22m[39mQuestionBlockRo.grade null
[90mstdout[2m | src/stories/DesignSystemShowcase.stories.tsx[2m > [22m[2mEditor Blocks (Live)
[22m[39m......!q {
  "answer": "Paris",
  "correct": true,
  "id": "quiz-question-1",
}
[90mstdout[2m | src/stories/DesignSystemShowcase.stories.tsx[2m > [22m[2mEditor Blocks (Live)
[22m[39m......!q {
  "answer": "London",
  "correct": false,
  "id": "quiz-question-2",
}
[90mstdout[2m | src/stories/DesignSystemShowcase.stories.tsx[2m > [22m[2mEditor Blocks (Live)
[22m[39m......!q {
  "answer": "Berlin",
  "correct": false,
  "id": "quiz-question-3",
}
[90mstdout[2m | src/stories/DesignSystemShowcase.stories.tsx[2m > [22m[2mEditor Blocks (Live)
[22m[39m......!q {
  "answer": "Madrid",
  "correct": false,
  "id": "quiz-question-4",
}
[90mstdout[2m | src/stories/DesignSystemShowcase.stories.tsx[2m > [22m[2mEditor Blocks (Live)
[22m[39mQuestionBlock.nodeKey 232 type: string
[90mstdout[2m | src/stories/DesignSystemShowcase.stories.tsx[2m > [22m[2mEditor Blocks (Live)
[22m[39mQuestionBlock.questionContent [
  {
    "answer": "Paris",
    "correct": true,
    "id": "quiz-question-1",
  },
  {
    "answer": "London",
    "correct": false,
    "id": "quiz-question-2",
  },
  {
    "answer": "Berlin",
    "correct": false,
    "id": "quiz-question-3",
  },
  {
    "answer": "Madrid",
    "correct": false,
    "id": "quiz-question-4",
  },
]
[90mstdout[2m | src/stories/DesignSystemShowcase.stories.tsx[2m > [22m[2mEditor Blocks (Live)
[22m[39mQuestionBlock.grade.data keys: []
[90mstdout[2m | src/stories/DesignSystemShowcase.stories.tsx[2m > [22m[2mEditor Blocks (Live)
[22m[39mQuestionBlock.grade.data[nodeKey]: undefined
[90mstdout[2m | src/stories/DesignSystemShowcase.stories.tsx[2m > [22m[2mEditor Blocks (Live)
[22m[39mQuestionBlockRo.inProgress {}
[90mstdout[2m | src/stories/DesignSystemShowcase.stories.tsx[2m > [22m[2mEditor Blocks (Live)
[22m[39mLearn._vocabulary [
  {
    "audio": [],
    "definition": "a greeting or expression of goodwill",
    "id": "word-1",
    "phrase": "hello",
    "pronunciation": "heh-LOH",
  },
  {
    "audio": [],
    "definition": "a parting phrase",
    "id": "word-2",
    "phrase": "goodbye",
    "pronunciation": "good-BYE",
  },
  {
    "audio": [],
    "definition": "an expression of gratitude",
    "id": "word-3",
    "phrase": "thank you",
    "pronunciation": "THANK yoo",
  },
  {
    "audio": [],
    "definition": "used in polite requests",
    "id": "word-4",
    "phrase": "please",
    "pronunciation": "PLEEZ",
  },
]
[90mstdout[2m | src/stories/DesignSystemShowcase.stories.tsx[2m > [22m[2mEditor Blocks (Live)
[22m[39mMeaningAssociationExercise._vocabulary [
  {
    "audio": [],
    "definition": "a greeting or expression of goodwill",
    "id": "word-1",
    "phrase": "hello",
    "pronunciation": "heh-LOH",
  },
  {
    "audio": [],
    "definition": "a parting phrase",
    "id": "word-2",
    "phrase": "goodbye",
    "pronunciation": "good-BYE",
  },
  {
    "audio": [],
    "definition": "an expression of gratitude",
    "id": "word-3",
    "phrase": "thank you",
    "pronunciation": "THANK yoo",
  },
  {
    "audio": [],
    "definition": "used in polite requests",
    "id": "word-4",
    "phrase": "please",
    "pronunciation": "PLEEZ",
  },
]
[90mstdout[2m | src/stories/DesignSystemShowcase.stories.tsx[2m > [22m[2mEditor Blocks (Live)
[22m[39mHard._vocabulary [
  {
    "audio": [],
    "definition": "a greeting or expression of goodwill",
    "id": "word-1",
    "phrase": "hello",
    "pronunciation": "heh-LOH",
  },
  {
    "audio": [],
    "definition": "a parting phrase",
    "id": "word-2",
    "phrase": "goodbye",
    "pronunciation": "good-BYE",
  },
  {
    "audio": [],
    "definition": "an expression of gratitude",
    "id": "word-3",
    "phrase": "thank you",
    "pronunciation": "THANK yoo",
  },
  {
    "audio": [],
    "definition": "used in polite requests",
    "id": "word-4",
    "phrase": "please",
    "pronunciation": "PLEEZ",
  },
]
[90mstdout[2m | src/stories/DesignSystemShowcase.stories.tsx[2m > [22m[2mEditor Blocks (Live)
[22m[39mAnswerComponent.promptMethod []
[90mstdout[2m | src/stories/DesignSystemShowcase.stories.tsx[2m > [22m[2mEditor Blocks (Live)
[22m[39mallowedInput []
[90mstdout[2m | src/stories/DesignSystemShowcase.stories.tsx[2m > [22m[2mEditor Blocks (Live)
[22m[39mpromptMethod []
[90mstdout[2m | src/stories/DesignSystemShowcase.stories.tsx[2m > [22m[2mEditor Blocks (Live)
[22m[39mAnswerComponent.currentPromptMethod undefined
[90mstdout[2m | src/stories/DesignSystemShowcase.stories.tsx[2m > [22m[2mEditor Blocks (Live)
[22m[39mEasy.nodeKey 223 type: string
[90mstdout[2m | src/stories/DesignSystemShowcase.stories.tsx[2m > [22m[2mEditor Blocks (Live)
[22m[39mEasy.grade: null
[90mstdout[2m | src/stories/DesignSystemShowcase.stories.tsx[2m > [22m[2mEditor Blocks (Live)
[22m[39mEasy.grade.data: undefined
[90mstdout[2m | src/stories/DesignSystemShowcase.stories.tsx[2m > [22m[2mEditor Blocks (Live)
[22m[39mEasy.grade.data === grade? false
[90mstdout[2m | src/stories/DesignSystemShowcase.stories.tsx[2m > [22m[2mEditor Blocks (Live)
[22m[39mEasy.grade.data keys: no data
[90mstdout[2m | src/stories/DesignSystemShowcase.stories.tsx[2m > [22m[2mEditor Blocks (Live)
[22m[39mEasy.grade.data[nodeKey]: undefined
[90mstdout[2m | src/stories/DesignSystemShowcase.stories.tsx[2m > [22m[2mEditor Blocks (Live)
[22m[39mEasy.inProgress {}
[90mstdout[2m | src/stories/DesignSystemShowcase.stories.tsx[2m > [22m[2mEditor Blocks (Live)
[22m[39mHard.attemptedAnswers {}
[90mstdout[2m | src/stories/DesignSystemShowcase.stories.tsx[2m > [22m[2mToolbars (all variants, in proportion)
[22m[39m[TranslationModeController] Setting mode to: off
[90mstdout[2m | src/stories/DesignSystemShowcase.stories.tsx[2m > [22m[2mGamification Components
[22m[39m[TranslationModeController] Setting mode to: off
[90mstdout[2m | src/stories/DesignSystemShowcase.stories.tsx[2m > [22m[2mReal Components (gallery)
[22m[39m[TranslationModeController] Setting mode to: off
[90mstdout[2m | src/stories/DesignSystemShowcase.stories.tsx[2m > [22m[2mAll Themes & Colors
[22m[39m[TranslationModeController] Setting mode to: off
[90mstdout[2m | src/stories/DesignSystemShowcase.stories.tsx[2m > [22m[2mTypography & Font Rhythm
[22m[39m[TranslationModeController] Setting mode to: off
[90mstdout[2m | src/stories/DesignSystemShowcase.stories.tsx[2m > [22m[2mComponents Across Themes
[22m[39m[TranslationModeController] Setting mode to: off
 [32m✓[39m [30m[45m storybook (chromium) [49m[39m src/stories/DesignSystemShowcase.stories.tsx [2m([22m[2m9 tests[22m[2m)[22m[33m 32050[2mms[22m[39m
   [33m[2m✓[22m[39m Semantic Tokens (rounding · elevation · spacing · surface) [33m 374[2mms[22m[39m
   [33m[2m✓[22m[39m Recurring Patterns (cards · gates · chips · chrome · modals · empty) [33m 2017[2mms[22m[39m
   [33m[2m✓[22m[39m Editor Blocks (Live) [33m 1555[2mms[22m[39m
   [33m[2m✓[22m[39m Toolbars (all variants, in proportion) [33m 1502[2mms[22m[39m
   [33m[2m✓[22m[39m Gamification Components [33m 5484[2mms[22m[39m
   [33m[2m✓[22m[39m Real Components (gallery) [33m 11652[2mms[22m[39m
   [33m[2m✓[22m[39m All Themes & Colors [33m 5637[2mms[22m[39m
   [33m[2m✓[22m[39m Typography & Font Rhythm [33m 1196[2mms[22m[39m
   [33m[2m✓[22m[39m Components Across Themes [33m 2509[2mms[22m[39m
[90mstdout[2m | unknown test
[22m[39m[MOCK vectorStoreDB.js] Module loaded - mock IndexedDB operations
[90mstdout[2m | unknown test
[22m[39m[Task Completion] DOM action listeners initialized
[90mstdout[2m | unknown test
[22m[39m[Task Completion] Auto-completion detector initialized
[90mstdout[2m | unknown test
[22m[39m[Preview] Task completion detector initialized
[90mstdout[2m | src/components/ChatSidebar.stories.jsx[2m > [22m[2mGetting Started
[22m[39m[MOCK CourseVectorStore] Initialized with mock data
[90mstdout[2m | src/components/ChatSidebar.stories.jsx[2m > [22m[2mGetting Started
[22m[39m[chatTools] Vector store search function registered: true
[90mstdout[2m | src/components/ChatSidebar.stories.jsx[2m > [22m[2mGetting Started
[22m[39m[ChatSidebar] Registered vector store search, isReady: false
[90mstdout[2m | src/components/ChatSidebar.stories.jsx[2m > [22m[2mGetting Started
[22m[39m[chatTools] Practice drill callback registered: true
[90mstdout[2m | src/components/ChatSidebar.stories.jsx[2m > [22m[2mGetting Started
[22m[39m[TranslationModeController] Setting mode to: off
[90mstdout[2m | src/components/ChatSidebar.stories.jsx[2m > [22m[2mGetting Started
[22m[39m[UnitContext] useEffect triggered {
  "authLoading": false,
  "hasUser": true,
  "id": "mock-unit-id",
  "userSub": "mock-user-sub",
}
[90mstdout[2m | src/components/ChatSidebar.stories.jsx[2m > [22m[2mGetting Started
[22m[39m[UnitContext] Fetching unit data for id: mock-unit-id
[90mstdout[2m | src/components/ChatSidebar.stories.jsx[2m > [22m[2mGetting Started
[22m[39m[FilesContext] Initializing vector store from IndexedDB
[90mstdout[2m | src/components/ChatSidebar.stories.jsx[2m > [22m[2mGetting Started
[22m[39m[FilesContext] fetchFiles called
[90mstdout[2m | src/components/ChatSidebar.stories.jsx[2m > [22m[2mGetting Started
[22m[39m[FilesContext] User authenticated: mock-user-sub
[90mstdout[2m | src/components/ChatSidebar.stories.jsx[2m > [22m[2mGetting Started
[22m[39m[FilesContext] Identity ID: us-east-1:mock-identity-123
[90mstdout[2m | src/components/ChatSidebar.stories.jsx[2m > [22m[2mGetting Started
[22m[39m[FilesContext] About to set up File observeQuery
[90mstdout[2m | src/components/ChatSidebar.stories.jsx[2m > [22m[2mGetting Started
[22m[39m[ChatContext] Setting up AssistantChat observeQuery
[90mstdout[2m | src/components/ChatSidebar.stories.jsx[2m > [22m[2mGetting Started
[22m[39m[ChatContext] Waiting for subscription to initialize
[90mstdout[2m | src/components/ChatSidebar.stories.jsx[2m > [22m[2mGetting Started
[22m[39m[SettingsContext] Setting up Settings subscription for user: mock-user-sub
[90mstdout[2m | src/components/ChatSidebar.stories.jsx[2m > [22m[2mGetting Started
[22m[39m[Mock Data] Settings created: mock-settings-1790416075796 - notified 0 subscribers
[90mstdout[2m | src/components/ChatSidebar.stories.jsx[2m > [22m[2mGetting Started
[22m[39m[Mock Data] Unit.onUpdate() subscription added. Total: 1
[90mstdout[2m | src/components/ChatSidebar.stories.jsx[2m > [22m[2mGetting Started
[22m[39m[SectionContext] Section observeQuery update: 0
[90mstdout[2m | src/components/ChatSidebar.stories.jsx[2m > [22m[2mGetting Started
[22m[39m[FilesContext] File observeQuery update: 6 files
[90mstdout[2m | src/components/ChatSidebar.stories.jsx[2m > [22m[2mGetting Started
[22m[39m[ChatContext] AssistantChat initialized with 1 chats
[90mstdout[2m | src/components/ChatSidebar.stories.jsx[2m > [22m[2mGetting Started
[22m[39m[ChatContext] Setting initial chat: getting-started-chat
[90mstdout[2m | src/components/ChatSidebar.stories.jsx[2m > [22m[2mGetting Started
[22m[39m[MOCK CourseVectorStore] Initialized with mock data
[90mstdout[2m | src/components/ChatSidebar.stories.jsx[2m > [22m[2mGetting Started
[22m[39m[ChatSidebar] Loading messages for chat: getting-started-chat count: 0
[90mstdout[2m | src/components/ChatSidebar.stories.jsx[2m > [22m[2mGetting Started
[22m[39m[ChatSidebar] deepCloneMessages: returning empty array
[90mstdout[2m | src/components/ChatSidebar.stories.jsx[2m > [22m[2mGetting Started
[22m[39m[FilesContext] Vector store population triggered {
  "currentVectorStoreSize": 3,
  "documentsCount": 0,
  "filesCount": 6,
  "isInitialLoad": true,
}
[90mstdout[2m | src/components/ChatSidebar.stories.jsx[2m > [22m[2mGetting Started
[22m[39m[FilesContext] Vector store population complete - 3 total embeddings
[90mstdout[2m | src/components/ChatSidebar.stories.jsx[2m > [22m[2mGetting Started
[22m[39m[ChatContext] Chat exists and not archived, skipping creation
[90mstdout[2m | src/components/ChatSidebar.stories.jsx[2m > [22m[2mGetting Started
[22m[39m[Mock Storage] downloadData called with: undefined
[90mstdout[2m | src/components/ChatSidebar.stories.jsx[2m > [22m[2mGetting Started
[22m[39m[ChatSidebar] Custom fetch routing to local /api/chat route, ignoring AI SDK url: /api/chat
[90mstdout[2m | src/components/ChatSidebar.stories.jsx[2m > [22m[2mGetting Started
[22m[39m[ChatSidebar] Sending request to /api/chat: {
  "filesCount": 0,
  "hasUnit": true,
  "questionsCount": 0,
  "wordsCount": 0,
}
[90mstdout[2m | src/components/ChatSidebar.stories.jsx[2m > [22m[2mGetting Started
[22m[39m[Mock Fetch] Intercepted /api/chat
[90mstdout[2m | src/components/ChatSidebar.stories.jsx[2m > [22m[2mGetting Started
[22m[39m[Mock Chat API] Received: {
  "context": {
    "courseOutline": null,
    "dictionary": [],
    "files": [],
    "grade": null,
    "questionBank": [],
    "sectionId": null,
    "sections": [],
    "studentMemory": null,
    "unit": {
      "content": "",
      "description": "A mock unit for Storybook development",
      "headingContext": {
        "headingPath": [],
        "suggestedNextHeading": "h1",
      },
      "id": "mock-unit-id",
      "name": "Sample Unit",
    },
  },
  "messages": [
    {
      "id": "7KCC0N6H2nsOg8LO",
      "parts": [
        {
          "text": "Help me create a Japanese greeting lesson",
          "type": "text",
        },
      ],
      "role": "user",
    },
  ],
}
[90mstdout[2m | src/components/ChatSidebar.stories.jsx[2m > [22m[2mTranslation Helper
[22m[39m[ChatContext] Cleaning up subscriptions
[90mstdout[2m | src/components/ChatSidebar.stories.jsx[2m > [22m[2mTranslation Helper
[22m[39m[Mock Data] Unit.onUpdate() subscription removed. Remaining: 0
[90mstdout[2m | src/components/ChatSidebar.stories.jsx[2m > [22m[2mTranslation Helper
[22m[39m[chatTools] Vector store search function registered: false
[90mstdout[2m | src/components/ChatSidebar.stories.jsx[2m > [22m[2mTranslation Helper
[22m[39m[chatTools] Practice drill callback registered: false
[90mstdout[2m | src/components/ChatSidebar.stories.jsx[2m > [22m[2mTranslation Helper
[22m[39m[Mock Data] AssistantChat updated: getting-started-chat - notified 0 subscribers
[90mstdout[2m | src/components/ChatSidebar.stories.jsx[2m > [22m[2mTranslation Helper
[22m[39m[Preview] Skipped initializing default mock data (initializeMockData=false)
[90mstdout[2m | src/components/ChatSidebar.stories.jsx[2m > [22m[2mTranslation Helper
[22m[39m[MOCK CourseVectorStore] Initialized with mock data
[90mstdout[2m | src/components/ChatSidebar.stories.jsx[2m > [22m[2mTranslation Helper
[22m[39m[chatTools] Vector store search function registered: true
[90mstdout[2m | src/components/ChatSidebar.stories.jsx[2m > [22m[2mTranslation Helper
[22m[39m[ChatSidebar] Registered vector store search, isReady: false
[90mstdout[2m | src/components/ChatSidebar.stories.jsx[2m > [22m[2mTranslation Helper
[22m[39m[chatTools] Practice drill callback registered: true
[90mstdout[2m | src/components/ChatSidebar.stories.jsx[2m > [22m[2mTranslation Helper
[22m[39m[TranslationModeController] Setting mode to: off
[90mstdout[2m | src/components/ChatSidebar.stories.jsx[2m > [22m[2mTranslation Helper
[22m[39m[UnitContext] useEffect triggered {
  "authLoading": false,
  "hasUser": true,
  "id": "mock-unit-id",
  "userSub": "mock-user-sub",
}
[90mstdout[2m | src/components/ChatSidebar.stories.jsx[2m > [22m[2mTranslation Helper
[22m[39m[UnitContext] Fetching unit data for id: mock-unit-id
[90mstdout[2m | src/components/ChatSidebar.stories.jsx[2m > [22m[2mTranslation Helper
[22m[39m[FilesContext] Initializing vector store from IndexedDB
[90mstdout[2m | src/components/ChatSidebar.stories.jsx[2m > [22m[2mTranslation Helper
[22m[39m[FilesContext] fetchFiles called
[90mstdout[2m | src/components/ChatSidebar.stories.jsx[2m > [22m[2mTranslation Helper
[22m[39m[FilesContext] User authenticated: mock-user-sub
[90mstdout[2m | src/components/ChatSidebar.stories.jsx[2m > [22m[2mTranslation Helper
[22m[39m[FilesContext] Identity ID: us-east-1:mock-identity-123
[90mstdout[2m | src/components/ChatSidebar.stories.jsx[2m > [22m[2mTranslation Helper
[22m[39m[FilesContext] About to set up File observeQuery
[90mstdout[2m | src/components/ChatSidebar.stories.jsx[2m > [22m[2mTranslation Helper
[22m[39m[ChatContext] Setting up AssistantChat observeQuery
[90mstdout[2m | src/components/ChatSidebar.stories.jsx[2m > [22m[2mTranslation Helper
[22m[39m[ChatContext] Waiting for subscription to initialize
[90mstdout[2m | src/components/ChatSidebar.stories.jsx[2m > [22m[2mTranslation Helper
[22m[39m[SettingsContext] Setting up Settings subscription for user: mock-user-sub
[90mstdout[2m | src/components/ChatSidebar.stories.jsx[2m > [22m[2mTranslation Helper
[22m[39m[Mock Data] Settings created: mock-settings-1790416077179 - notified 0 subscribers
[90mstdout[2m | src/components/ChatSidebar.stories.jsx[2m > [22m[2mTranslation Helper
[22m[39m[Mock Data] Unit.onUpdate() subscription added. Total: 1
[90mstdout[2m | src/components/ChatSidebar.stories.jsx[2m > [22m[2mTranslation Helper
[22m[39m[SectionContext] Section observeQuery update: 0
[90mstdout[2m | src/components/ChatSidebar.stories.jsx[2m > [22m[2mTranslation Helper
[22m[39m[FilesContext] File observeQuery update: 0 files
[90mstdout[2m | src/components/ChatSidebar.stories.jsx[2m > [22m[2mTranslation Helper
[22m[39m[ChatContext] AssistantChat initialized with 1 chats
[90mstdout[2m | src/components/ChatSidebar.stories.jsx[2m > [22m[2mTranslation Helper
[22m[39m[ChatContext] Setting initial chat: translation-chat
[90mstdout[2m | src/components/ChatSidebar.stories.jsx[2m > [22m[2mTranslation Helper
[22m[39m[MOCK CourseVectorStore] Initialized with mock data
[90mstdout[2m | src/components/ChatSidebar.stories.jsx[2m > [22m[2mTranslation Helper
[22m[39m[ChatSidebar] Loading messages for chat: translation-chat count: 2
[90mstdout[2m | src/components/ChatSidebar.stories.jsx[2m > [22m[2mTranslation Helper
[22m[39m[ChatSidebar] deepCloneMessages: cloned 2 messages
[90mstdout[2m | src/components/ChatSidebar.stories.jsx[2m > [22m[2mTranslation Helper
[22m[39m[ChatContext] Chat exists and not archived, skipping creation
[90mstdout[2m | src/components/ChatSidebar.stories.jsx[2m > [22m[2mTranslation Helper
[22m[39m[Mock Storage] downloadData called with: undefined
[90mstdout[2m | src/components/ChatSidebar.stories.jsx[2m > [22m[2mTranslation Helper
[22m[39m[ChatSidebar] Response received: {
  "ok": true,
  "status": 200,
}
[90mstdout[2m | src/components/ChatSidebar.stories.jsx[2m > [22m[2mContent Creation
[22m[39m[ChatContext] Cleaning up subscriptions
[90mstdout[2m | src/components/ChatSidebar.stories.jsx[2m > [22m[2mContent Creation
[22m[39m[Mock Data] Unit.onUpdate() subscription removed. Remaining: 0
[90mstdout[2m | src/components/ChatSidebar.stories.jsx[2m > [22m[2mContent Creation
[22m[39m[chatTools] Vector store search function registered: false
[90mstdout[2m | src/components/ChatSidebar.stories.jsx[2m > [22m[2mContent Creation
[22m[39m[chatTools] Practice drill callback registered: false
[90mstdout[2m | src/components/ChatSidebar.stories.jsx[2m > [22m[2mContent Creation
[22m[39m[Preview] Skipped initializing default mock data (initializeMockData=false)
[90mstdout[2m | src/components/ChatSidebar.stories.jsx[2m > [22m[2mContent Creation
[22m[39m[MOCK CourseVectorStore] Initialized with mock data
[90mstdout[2m | src/components/ChatSidebar.stories.jsx[2m > [22m[2mContent Creation
[22m[39m[Mock Data] seedMockWords: Adding 5 words
[90mstdout[2m | src/components/ChatSidebar.stories.jsx[2m > [22m[2mContent Creation
[22m[39m[chatTools] Vector store search function registered: true
[90mstdout[2m | src/components/ChatSidebar.stories.jsx[2m > [22m[2mContent Creation
[22m[39m[ChatSidebar] Registered vector store search, isReady: false
[90mstdout[2m | src/components/ChatSidebar.stories.jsx[2m > [22m[2mContent Creation
[22m[39m[chatTools] Practice drill callback registered: true
[90mstdout[2m | src/components/ChatSidebar.stories.jsx[2m > [22m[2mContent Creation
[22m[39m[TranslationModeController] Setting mode to: off
[90mstdout[2m | src/components/ChatSidebar.stories.jsx[2m > [22m[2mContent Creation
[22m[39m[UnitContext] useEffect triggered {
  "authLoading": false,
  "hasUser": true,
  "id": "mock-unit-id",
  "userSub": "mock-user-sub",
}
[90mstdout[2m | src/components/ChatSidebar.stories.jsx[2m > [22m[2mContent Creation
[22m[39m[UnitContext] Fetching unit data for id: mock-unit-id
[90mstdout[2m | src/components/ChatSidebar.stories.jsx[2m > [22m[2mContent Creation
[22m[39m[FilesContext] Initializing vector store from IndexedDB
[90mstdout[2m | src/components/ChatSidebar.stories.jsx[2m > [22m[2mContent Creation
[22m[39m[FilesContext] fetchFiles called
[90mstdout[2m | src/components/ChatSidebar.stories.jsx[2m > [22m[2mContent Creation
[22m[39m[FilesContext] User authenticated: mock-user-sub
[90mstdout[2m | src/components/ChatSidebar.stories.jsx[2m > [22m[2mContent Creation
[22m[39m[FilesContext] Identity ID: us-east-1:mock-identity-123
[90mstdout[2m | src/components/ChatSidebar.stories.jsx[2m > [22m[2mContent Creation
[22m[39m[FilesContext] About to set up File observeQuery
[90mstdout[2m | src/components/ChatSidebar.stories.jsx[2m > [22m[2mContent Creation
[22m[39m[ChatContext] Setting up AssistantChat observeQuery
[90mstdout[2m | src/components/ChatSidebar.stories.jsx[2m > [22m[2mContent Creation
[22m[39m[ChatContext] Waiting for subscription to initialize
[90mstdout[2m | src/components/ChatSidebar.stories.jsx[2m > [22m[2mContent Creation
[22m[39m[SettingsContext] Setting up Settings subscription for user: mock-user-sub
[90mstdout[2m | src/components/ChatSidebar.stories.jsx[2m > [22m[2mContent Creation
[22m[39m[Mock Data] Settings created: mock-settings-1790416077471 - notified 0 subscribers
[90mstdout[2m | src/components/ChatSidebar.stories.jsx[2m > [22m[2mContent Creation
[22m[39m[Mock Data] Unit.onUpdate() subscription added. Total: 1
[90mstdout[2m | src/components/ChatSidebar.stories.jsx[2m > [22m[2mContent Creation
[22m[39m[SectionContext] Section observeQuery update: 0
[90mstdout[2m | src/components/ChatSidebar.stories.jsx[2m > [22m[2mContent Creation
[22m[39m[FilesContext] File observeQuery update: 0 files
[90mstdout[2m | src/components/ChatSidebar.stories.jsx[2m > [22m[2mContent Creation
[22m[39m[ChatContext] AssistantChat initialized with 1 chats
[90mstdout[2m | src/components/ChatSidebar.stories.jsx[2m > [22m[2mContent Creation
[22m[39m[ChatContext] Setting initial chat: content-chat
[90mstdout[2m | src/components/ChatSidebar.stories.jsx[2m > [22m[2mContent Creation
[22m[39m[MOCK CourseVectorStore] Initialized with mock data
[90mstdout[2m | src/components/ChatSidebar.stories.jsx[2m > [22m[2mContent Creation
[22m[39m[ChatSidebar] Loading messages for chat: content-chat count: 5
[90mstdout[2m | src/components/ChatSidebar.stories.jsx[2m > [22m[2mContent Creation
[22m[39m[ChatSidebar] deepCloneMessages: cloned 5 messages
[90mstdout[2m | src/components/ChatSidebar.stories.jsx[2m > [22m[2mContent Creation
[22m[39m[ChatContext] Chat exists and not archived, skipping creation
[90mstdout[2m | src/components/ChatSidebar.stories.jsx[2m > [22m[2mContent Creation
[22m[39m[Mock Storage] downloadData called with: undefined
[90mstdout[2m | src/components/ChatSidebar.stories.jsx[2m > [22m[2mWith File Attachments
[22m[39m[ChatContext] Cleaning up subscriptions
[90mstdout[2m | src/components/ChatSidebar.stories.jsx[2m > [22m[2mWith File Attachments
[22m[39m[Mock Data] Unit.onUpdate() subscription removed. Remaining: 0
[90mstdout[2m | src/components/ChatSidebar.stories.jsx[2m > [22m[2mWith File Attachments
[22m[39m[chatTools] Vector store search function registered: false
[90mstdout[2m | src/components/ChatSidebar.stories.jsx[2m > [22m[2mWith File Attachments
[22m[39m[chatTools] Practice drill callback registered: false
[90mstdout[2m | src/components/ChatSidebar.stories.jsx[2m > [22m[2mWith File Attachments
[22m[39m[Preview] Skipped initializing default mock data (initializeMockData=false)
[90mstdout[2m | src/components/ChatSidebar.stories.jsx[2m > [22m[2mWith File Attachments
[22m[39m[MOCK CourseVectorStore] Initialized with mock data
[90mstdout[2m | src/components/ChatSidebar.stories.jsx[2m > [22m[2mWith File Attachments
[22m[39m[chatTools] Vector store search function registered: true
[90mstdout[2m | src/components/ChatSidebar.stories.jsx[2m > [22m[2mWith File Attachments
[22m[39m[ChatSidebar] Registered vector store search, isReady: false
[90mstdout[2m | src/components/ChatSidebar.stories.jsx[2m > [22m[2mWith File Attachments
[22m[39m[chatTools] Practice drill callback registered: true
[90mstdout[2m | src/components/ChatSidebar.stories.jsx[2m > [22m[2mWith File Attachments
[22m[39m[TranslationModeController] Setting mode to: off
[90mstdout[2m | src/components/ChatSidebar.stories.jsx[2m > [22m[2mWith File Attachments
[22m[39m[UnitContext] useEffect triggered {
  "authLoading": false,
  "hasUser": true,
  "id": "mock-unit-id",
  "userSub": "mock-user-sub",
}
[90mstdout[2m | src/components/ChatSidebar.stories.jsx[2m > [22m[2mWith File Attachments
[22m[39m[UnitContext] Fetching unit data for id: mock-unit-id
[90mstdout[2m | src/components/ChatSidebar.stories.jsx[2m > [22m[2mWith File Attachments
[22m[39m[FilesContext] Initializing vector store from IndexedDB
[90mstdout[2m | src/components/ChatSidebar.stories.jsx[2m > [22m[2mWith File Attachments
[22m[39m[FilesContext] fetchFiles called
[90mstdout[2m | src/components/ChatSidebar.stories.jsx[2m > [22m[2mWith File Attachments
[22m[39m[FilesContext] User authenticated: mock-user-sub
[90mstdout[2m | src/components/ChatSidebar.stories.jsx[2m > [22m[2mWith File Attachments
[22m[39m[FilesContext] Identity ID: us-east-1:mock-identity-123
[90mstdout[2m | src/components/ChatSidebar.stories.jsx[2m > [22m[2mWith File Attachments
[22m[39m[FilesContext] About to set up File observeQuery
[90mstdout[2m | src/components/ChatSidebar.stories.jsx[2m > [22m[2mWith File Attachments
[22m[39m[ChatContext] Setting up AssistantChat observeQuery
[90mstdout[2m | src/components/ChatSidebar.stories.jsx[2m > [22m[2mWith File Attachments
[22m[39m[ChatContext] Waiting for subscription to initialize
[90mstdout[2m | src/components/ChatSidebar.stories.jsx[2m > [22m[2mWith File Attachments
[22m[39m[SettingsContext] Setting up Settings subscription for user: mock-user-sub
[90mstdout[2m | src/components/ChatSidebar.stories.jsx[2m > [22m[2mWith File Attachments
[22m[39m[Mock Data] Settings created: mock-settings-1790416078694 - notified 0 subscribers
[90mstdout[2m | src/components/ChatSidebar.stories.jsx[2m > [22m[2mWith File Attachments
[22m[39m[Mock Data] Unit.onUpdate() subscription added. Total: 1
[90mstdout[2m | src/components/ChatSidebar.stories.jsx[2m > [22m[2mWith File Attachments
[22m[39m[SectionContext] Section observeQuery update: 0
[90mstdout[2m | src/components/ChatSidebar.stories.jsx[2m > [22m[2mWith File Attachments
[22m[39m[FilesContext] File observeQuery update: 0 files
[90mstdout[2m | src/components/ChatSidebar.stories.jsx[2m > [22m[2mWith File Attachments
[22m[39m[ChatContext] AssistantChat initialized with 1 chats
[90mstdout[2m | src/components/ChatSidebar.stories.jsx[2m > [22m[2mWith File Attachments
[22m[39m[ChatContext] Setting initial chat: file-chat
[90mstdout[2m | src/components/ChatSidebar.stories.jsx[2m > [22m[2mWith File Attachments
[22m[39m[MOCK CourseVectorStore] Initialized with mock data
[90mstdout[2m | src/components/ChatSidebar.stories.jsx[2m > [22m[2mWith File Attachments
[22m[39m[ChatSidebar] Loading messages for chat: file-chat count: 2
[90mstdout[2m | src/components/ChatSidebar.stories.jsx[2m > [22m[2mWith File Attachments
[22m[39m[ChatSidebar] deepCloneMessages: cloned 2 messages
[90mstdout[2m | src/components/ChatSidebar.stories.jsx[2m > [22m[2mWith File Attachments
[22m[39m[ChatContext] Chat exists and not archived, skipping creation
[90mstdout[2m | src/components/ChatSidebar.stories.jsx[2m > [22m[2mWith File Attachments
[22m[39m[Mock Storage] downloadData called with: undefined
[90mstdout[2m | src/components/ChatSidebar.stories.jsx[2m > [22m[2mQuiz Generator
[22m[39m[ChatContext] Cleaning up subscriptions
[90mstdout[2m | src/components/ChatSidebar.stories.jsx[2m > [22m[2mQuiz Generator
[22m[39m[Mock Data] Unit.onUpdate() subscription removed. Remaining: 0
[90mstdout[2m | src/components/ChatSidebar.stories.jsx[2m > [22m[2mQuiz Generator
[22m[39m[chatTools] Vector store search function registered: false
[90mstdout[2m | src/components/ChatSidebar.stories.jsx[2m > [22m[2mQuiz Generator
[22m[39m[chatTools] Practice drill callback registered: false
[90mstdout[2m | src/components/ChatSidebar.stories.jsx[2m > [22m[2mQuiz Generator
[22m[39m[Preview] Skipped initializing default mock data (initializeMockData=false)
[90mstdout[2m | src/components/ChatSidebar.stories.jsx[2m > [22m[2mQuiz Generator
[22m[39m[MOCK CourseVectorStore] Initialized with mock data
[90mstdout[2m | src/components/ChatSidebar.stories.jsx[2m > [22m[2mQuiz Generator
[22m[39m[chatTools] Vector store search function registered: true
[90mstdout[2m | src/components/ChatSidebar.stories.jsx[2m > [22m[2mQuiz Generator
[22m[39m[ChatSidebar] Registered vector store search, isReady: false
[90mstdout[2m | src/components/ChatSidebar.stories.jsx[2m > [22m[2mQuiz Generator
[22m[39m[chatTools] Practice drill callback registered: true
[90mstdout[2m | src/components/ChatSidebar.stories.jsx[2m > [22m[2mQuiz Generator
[22m[39m[TranslationModeController] Setting mode to: off
[90mstdout[2m | src/components/ChatSidebar.stories.jsx[2m > [22m[2mQuiz Generator
[22m[39m[UnitContext] useEffect triggered {
  "authLoading": false,
  "hasUser": true,
  "id": "mock-unit-id",
  "userSub": "mock-user-sub",
}
[90mstdout[2m | src/components/ChatSidebar.stories.jsx[2m > [22m[2mQuiz Generator
[22m[39m[UnitContext] Fetching unit data for id: mock-unit-id
[90mstdout[2m | src/components/ChatSidebar.stories.jsx[2m > [22m[2mQuiz Generator
[22m[39m[FilesContext] Initializing vector store from IndexedDB
[90mstdout[2m | src/components/ChatSidebar.stories.jsx[2m > [22m[2mQuiz Generator
[22m[39m[FilesContext] fetchFiles called
[90mstdout[2m | src/components/ChatSidebar.stories.jsx[2m > [22m[2mQuiz Generator
[22m[39m[FilesContext] User authenticated: mock-user-sub
[90mstdout[2m | src/components/ChatSidebar.stories.jsx[2m > [22m[2mQuiz Generator
[22m[39m[FilesContext] Identity ID: us-east-1:mock-identity-123
[90mstdout[2m | src/components/ChatSidebar.stories.jsx[2m > [22m[2mQuiz Generator
[22m[39m[FilesContext] About to set up File observeQuery
[90mstdout[2m | src/components/ChatSidebar.stories.jsx[2m > [22m[2mQuiz Generator
[22m[39m[ChatContext] Setting up AssistantChat observeQuery
[90mstdout[2m | src/components/ChatSidebar.stories.jsx[2m > [22m[2mQuiz Generator
[22m[39m[ChatContext] Waiting for subscription to initialize
[90mstdout[2m | src/components/ChatSidebar.stories.jsx[2m > [22m[2mQuiz Generator
[22m[39m[SettingsContext] Setting up Settings subscription for user: mock-user-sub
[90mstdout[2m | src/components/ChatSidebar.stories.jsx[2m > [22m[2mQuiz Generator
[22m[39m[Mock Data] Settings created: mock-settings-1790416079017 - notified 0 subscribers
[90mstdout[2m | src/components/ChatSidebar.stories.jsx[2m > [22m[2mQuiz Generator
[22m[39m[Mock Data] Unit.onUpdate() subscription added. Total: 1
[90mstdout[2m | src/components/ChatSidebar.stories.jsx[2m > [22m[2mQuiz Generator
[22m[39m[SectionContext] Section observeQuery update: 0
[90mstdout[2m | src/components/ChatSidebar.stories.jsx[2m > [22m[2mQuiz Generator
[22m[39m[FilesContext] File observeQuery update: 0 files
[90mstdout[2m | src/components/ChatSidebar.stories.jsx[2m > [22m[2mQuiz Generator
[22m[39m[ChatContext] AssistantChat initialized with 1 chats
[90mstdout[2m | src/components/ChatSidebar.stories.jsx[2m > [22m[2mQuiz Generator
[22m[39m[ChatContext] Setting initial chat: quiz-chat
[90mstdout[2m | src/components/ChatSidebar.stories.jsx[2m > [22m[2mQuiz Generator
[22m[39m[MOCK CourseVectorStore] Initialized with mock data
[90mstdout[2m | src/components/ChatSidebar.stories.jsx[2m > [22m[2mQuiz Generator
[22m[39m[ChatSidebar] Loading messages for chat: quiz-chat count: 3
[90mstdout[2m | src/components/ChatSidebar.stories.jsx[2m > [22m[2mQuiz Generator
[22m[39m[ChatSidebar] deepCloneMessages: cloned 3 messages
[90mstdout[2m | src/components/ChatSidebar.stories.jsx[2m > [22m[2mQuiz Generator
[22m[39m[ChatContext] Chat exists and not archived, skipping creation
[90mstdout[2m | src/components/ChatSidebar.stories.jsx[2m > [22m[2mQuiz Generator
[22m[39m[Mock Storage] downloadData called with: undefined
[90mstdout[2m | src/components/ChatSidebar.stories.jsx[2m > [22m[2mAnswer Block Generator
[22m[39m[ChatContext] Cleaning up subscriptions
[90mstdout[2m | src/components/ChatSidebar.stories.jsx[2m > [22m[2mAnswer Block Generator
[22m[39m[Mock Data] Unit.onUpdate() subscription removed. Remaining: 0
[90mstdout[2m | src/components/ChatSidebar.stories.jsx[2m > [22m[2mAnswer Block Generator
[22m[39m[chatTools] Vector store search function registered: false
[90mstdout[2m | src/components/ChatSidebar.stories.jsx[2m > [22m[2mAnswer Block Generator
[22m[39m[chatTools] Practice drill callback registered: false
[90mstdout[2m | src/components/ChatSidebar.stories.jsx[2m > [22m[2mAnswer Block Generator
[22m[39m[Preview] Skipped initializing default mock data (initializeMockData=false)
[90mstdout[2m | src/components/ChatSidebar.stories.jsx[2m > [22m[2mAnswer Block Generator
[22m[39m[MOCK CourseVectorStore] Initialized with mock data
[90mstdout[2m | src/components/ChatSidebar.stories.jsx[2m > [22m[2mAnswer Block Generator
[22m[39m[Mock Data] seedMockWords: Adding 3 words
[90mstdout[2m | src/components/ChatSidebar.stories.jsx[2m > [22m[2mAnswer Block Generator
[22m[39m[chatTools] Vector store search function registered: true
[90mstdout[2m | src/components/ChatSidebar.stories.jsx[2m > [22m[2mAnswer Block Generator
[22m[39m[ChatSidebar] Registered vector store search, isReady: false
[90mstdout[2m | src/components/ChatSidebar.stories.jsx[2m > [22m[2mAnswer Block Generator
[22m[39m[chatTools] Practice drill callback registered: true
[90mstdout[2m | src/components/ChatSidebar.stories.jsx[2m > [22m[2mAnswer Block Generator
[22m[39m[TranslationModeController] Setting mode to: off
[90mstdout[2m | src/components/ChatSidebar.stories.jsx[2m > [22m[2mAnswer Block Generator
[22m[39m[UnitContext] useEffect triggered {
  "authLoading": false,
  "hasUser": true,
  "id": "mock-unit-id",
  "userSub": "mock-user-sub",
}
[90mstdout[2m | src/components/ChatSidebar.stories.jsx[2m > [22m[2mAnswer Block Generator
[22m[39m[UnitContext] Fetching unit data for id: mock-unit-id
[90mstdout[2m | src/components/ChatSidebar.stories.jsx[2m > [22m[2mAnswer Block Generator
[22m[39m[FilesContext] Initializing vector store from IndexedDB
[90mstdout[2m | src/components/ChatSidebar.stories.jsx[2m > [22m[2mAnswer Block Generator
[22m[39m[FilesContext] fetchFiles called
[90mstdout[2m | src/components/ChatSidebar.stories.jsx[2m > [22m[2mAnswer Block Generator
[22m[39m[FilesContext] User authenticated: mock-user-sub
[90mstdout[2m | src/components/ChatSidebar.stories.jsx[2m > [22m[2mAnswer Block Generator
[22m[39m[FilesContext] Identity ID: us-east-1:mock-identity-123
[90mstdout[2m | src/components/ChatSidebar.stories.jsx[2m > [22m[2mAnswer Block Generator
[22m[39m[FilesContext] About to set up File observeQuery
[90mstdout[2m | src/components/ChatSidebar.stories.jsx[2m > [22m[2mAnswer Block Generator
[22m[39m[ChatContext] Setting up AssistantChat observeQuery
[90mstdout[2m | src/components/ChatSidebar.stories.jsx[2m > [22m[2mAnswer Block Generator
[22m[39m[ChatContext] Waiting for subscription to initialize
[90mstdout[2m | src/components/ChatSidebar.stories.jsx[2m > [22m[2mAnswer Block Generator
[22m[39m[SettingsContext] Setting up Settings subscription for user: mock-user-sub
[90mstdout[2m | src/components/ChatSidebar.stories.jsx[2m > [22m[2mAnswer Block Generator
[22m[39m[Mock Data] Settings created: mock-settings-1790416079684 - notified 0 subscribers
[90mstdout[2m | src/components/ChatSidebar.stories.jsx[2m > [22m[2mAnswer Block Generator
[22m[39m[Mock Data] Unit.onUpdate() subscription added. Total: 1
[90mstdout[2m | src/components/ChatSidebar.stories.jsx[2m > [22m[2mAnswer Block Generator
[22m[39m[SectionContext] Section observeQuery update: 0
[90mstdout[2m | src/components/ChatSidebar.stories.jsx[2m > [22m[2mAnswer Block Generator
[22m[39m[FilesContext] File observeQuery update: 0 files
[90mstdout[2m | src/components/ChatSidebar.stories.jsx[2m > [22m[2mAnswer Block Generator
[22m[39m[ChatContext] AssistantChat initialized with 1 chats
[90mstdout[2m | src/components/ChatSidebar.stories.jsx[2m > [22m[2mAnswer Block Generator
[22m[39m[ChatContext] Setting initial chat: answer-block-chat
[90mstdout[2m | src/components/ChatSidebar.stories.jsx[2m > [22m[2mAnswer Block Generator
[22m[39m[MOCK CourseVectorStore] Initialized with mock data
[90mstdout[2m | src/components/ChatSidebar.stories.jsx[2m > [22m[2mAnswer Block Generator
[22m[39m[ChatSidebar] Loading messages for chat: answer-block-chat count: 3
[90mstdout[2m | src/components/ChatSidebar.stories.jsx[2m > [22m[2mAnswer Block Generator
[22m[39m[ChatSidebar] deepCloneMessages: cloned 3 messages
[90mstdout[2m | src/components/ChatSidebar.stories.jsx[2m > [22m[2mAnswer Block Generator
[22m[39m[ChatContext] Chat exists and not archived, skipping creation
[90mstdout[2m | src/components/ChatSidebar.stories.jsx[2m > [22m[2mAnswer Block Generator
[22m[39m[Mock Storage] downloadData called with: undefined
[90mstdout[2m | src/components/ChatSidebar.stories.jsx[2m > [22m[2mMeaning Association Generator
[22m[39m[ChatContext] Cleaning up subscriptions
[90mstdout[2m | src/components/ChatSidebar.stories.jsx[2m > [22m[2mMeaning Association Generator
[22m[39m[Mock Data] Unit.onUpdate() subscription removed. Remaining: 0
[90mstdout[2m | src/components/ChatSidebar.stories.jsx[2m > [22m[2mMeaning Association Generator
[22m[39m[chatTools] Vector store search function registered: false
[90mstdout[2m | src/components/ChatSidebar.stories.jsx[2m > [22m[2mMeaning Association Generator
[22m[39m[chatTools] Practice drill callback registered: false
[90mstdout[2m | src/components/ChatSidebar.stories.jsx[2m > [22m[2mMeaning Association Generator
[22m[39m[Preview] Skipped initializing default mock data (initializeMockData=false)
[90mstdout[2m | src/components/ChatSidebar.stories.jsx[2m > [22m[2mMeaning Association Generator
[22m[39m[MOCK CourseVectorStore] Initialized with mock data
[90mstdout[2m | src/components/ChatSidebar.stories.jsx[2m > [22m[2mMeaning Association Generator
[22m[39m[Mock Data] seedMockWords: Adding 4 words
[90mstdout[2m | src/components/ChatSidebar.stories.jsx[2m > [22m[2mMeaning Association Generator
[22m[39m[chatTools] Vector store search function registered: true
[90mstdout[2m | src/components/ChatSidebar.stories.jsx[2m > [22m[2mMeaning Association Generator
[22m[39m[ChatSidebar] Registered vector store search, isReady: false
[90mstdout[2m | src/components/ChatSidebar.stories.jsx[2m > [22m[2mMeaning Association Generator
[22m[39m[chatTools] Practice drill callback registered: true
[90mstdout[2m | src/components/ChatSidebar.stories.jsx[2m > [22m[2mMeaning Association Generator
[22m[39m[TranslationModeController] Setting mode to: off
[90mstdout[2m | src/components/ChatSidebar.stories.jsx[2m > [22m[2mMeaning Association Generator
[22m[39m[UnitContext] useEffect triggered {
  "authLoading": false,
  "hasUser": true,
  "id": "mock-unit-id",
  "userSub": "mock-user-sub",
}
[90mstdout[2m | src/components/ChatSidebar.stories.jsx[2m > [22m[2mMeaning Association Generator
[22m[39m[UnitContext] Fetching unit data for id: mock-unit-id
[90mstdout[2m | src/components/ChatSidebar.stories.jsx[2m > [22m[2mMeaning Association Generator
[22m[39m[FilesContext] Initializing vector store from IndexedDB
[90mstdout[2m | src/components/ChatSidebar.stories.jsx[2m > [22m[2mMeaning Association Generator
[22m[39m[FilesContext] fetchFiles called
[90mstdout[2m | src/components/ChatSidebar.stories.jsx[2m > [22m[2mMeaning Association Generator
[22m[39m[FilesContext] User authenticated: mock-user-sub
[90mstdout[2m | src/components/ChatSidebar.stories.jsx[2m > [22m[2mMeaning Association Generator
[22m[39m[FilesContext] Identity ID: us-east-1:mock-identity-123
[90mstdout[2m | src/components/ChatSidebar.stories.jsx[2m > [22m[2mMeaning Association Generator
[22m[39m[FilesContext] About to set up File observeQuery
[90mstdout[2m | src/components/ChatSidebar.stories.jsx[2m > [22m[2mMeaning Association Generator
[22m[39m[ChatContext] Setting up AssistantChat observeQuery
[90mstdout[2m | src/components/ChatSidebar.stories.jsx[2m > [22m[2mMeaning Association Generator
[22m[39m[ChatContext] Waiting for subscription to initialize
[90mstdout[2m | src/components/ChatSidebar.stories.jsx[2m > [22m[2mMeaning Association Generator
[22m[39m[SettingsContext] Setting up Settings subscription for user: mock-user-sub
[90mstdout[2m | src/components/ChatSidebar.stories.jsx[2m > [22m[2mMeaning Association Generator
[22m[39m[Mock Data] Settings created: mock-settings-1790416080597 - notified 0 subscribers
[90mstdout[2m | src/components/ChatSidebar.stories.jsx[2m > [22m[2mMeaning Association Generator
[22m[39m[Mock Data] Unit.onUpdate() subscription added. Total: 1
[90mstdout[2m | src/components/ChatSidebar.stories.jsx[2m > [22m[2mMeaning Association Generator
[22m[39m[SectionContext] Section observeQuery update: 0
[90mstdout[2m | src/components/ChatSidebar.stories.jsx[2m > [22m[2mMeaning Association Generator
[22m[39m[FilesContext] File observeQuery update: 0 files
[90mstdout[2m | src/components/ChatSidebar.stories.jsx[2m > [22m[2mMeaning Association Generator
[22m[39m[ChatContext] AssistantChat initialized with 1 chats
[90mstdout[2m | src/components/ChatSidebar.stories.jsx[2m > [22m[2mMeaning Association Generator
[22m[39m[ChatContext] Setting initial chat: meaning-chat
[90mstdout[2m | src/components/ChatSidebar.stories.jsx[2m > [22m[2mMeaning Association Generator
[22m[39m[MOCK CourseVectorStore] Initialized with mock data
[90mstdout[2m | src/components/ChatSidebar.stories.jsx[2m > [22m[2mMeaning Association Generator
[22m[39m[ChatSidebar] Loading messages for chat: meaning-chat count: 3
[90mstdout[2m | src/components/ChatSidebar.stories.jsx[2m > [22m[2mMeaning Association Generator
[22m[39m[ChatSidebar] deepCloneMessages: cloned 3 messages
[90mstdout[2m | src/components/ChatSidebar.stories.jsx[2m > [22m[2mMeaning Association Generator
[22m[39m[ChatContext] Chat exists and not archived, skipping creation
[90mstdout[2m | src/components/ChatSidebar.stories.jsx[2m > [22m[2mMeaning Association Generator
[22m[39m[Mock Storage] downloadData called with: undefined
[90mstdout[2m | src/components/ChatSidebar.stories.jsx[2m > [22m[2mCustom Answer Generator
[22m[39m[ChatContext] Cleaning up subscriptions
[90mstdout[2m | src/components/ChatSidebar.stories.jsx[2m > [22m[2mCustom Answer Generator
[22m[39m[Mock Data] Unit.onUpdate() subscription removed. Remaining: 0
[90mstdout[2m | src/components/ChatSidebar.stories.jsx[2m > [22m[2mCustom Answer Generator
[22m[39m[chatTools] Vector store search function registered: false
[90mstdout[2m | src/components/ChatSidebar.stories.jsx[2m > [22m[2mCustom Answer Generator
[22m[39m[chatTools] Practice drill callback registered: false
[90mstdout[2m | src/components/ChatSidebar.stories.jsx[2m > [22m[2mCustom Answer Generator
[22m[39m[Preview] Skipped initializing default mock data (initializeMockData=false)
[90mstdout[2m | src/components/ChatSidebar.stories.jsx[2m > [22m[2mCustom Answer Generator
[22m[39m[MOCK CourseVectorStore] Initialized with mock data
[90mstdout[2m | src/components/ChatSidebar.stories.jsx[2m > [22m[2mCustom Answer Generator
[22m[39m[Mock Data] seedMockQuestions: Adding 2 questions
[90mstdout[2m | src/components/ChatSidebar.stories.jsx[2m > [22m[2mCustom Answer Generator
[22m[39m[chatTools] Vector store search function registered: true
[90mstdout[2m | src/components/ChatSidebar.stories.jsx[2m > [22m[2mCustom Answer Generator
[22m[39m[ChatSidebar] Registered vector store search, isReady: false
[90mstdout[2m | src/components/ChatSidebar.stories.jsx[2m > [22m[2mCustom Answer Generator
[22m[39m[chatTools] Practice drill callback registered: true
[90mstdout[2m | src/components/ChatSidebar.stories.jsx[2m > [22m[2mCustom Answer Generator
[22m[39m[TranslationModeController] Setting mode to: off
[90mstdout[2m | src/components/ChatSidebar.stories.jsx[2m > [22m[2mCustom Answer Generator
[22m[39m[UnitContext] useEffect triggered {
  "authLoading": false,
  "hasUser": true,
  "id": "mock-unit-id",
  "userSub": "mock-user-sub",
}
[90mstdout[2m | src/components/ChatSidebar.stories.jsx[2m > [22m[2mCustom Answer Generator
[22m[39m[UnitContext] Fetching unit data for id: mock-unit-id
[90mstdout[2m | src/components/ChatSidebar.stories.jsx[2m > [22m[2mCustom Answer Generator
[22m[39m[FilesContext] Initializing vector store from IndexedDB
[90mstdout[2m | src/components/ChatSidebar.stories.jsx[2m > [22m[2mCustom Answer Generator
[22m[39m[FilesContext] fetchFiles called
[90mstdout[2m | src/components/ChatSidebar.stories.jsx[2m > [22m[2mCustom Answer Generator
[22m[39m[FilesContext] User authenticated: mock-user-sub
[90mstdout[2m | src/components/ChatSidebar.stories.jsx[2m > [22m[2mCustom Answer Generator
[22m[39m[FilesContext] Identity ID: us-east-1:mock-identity-123
[90mstdout[2m | src/components/ChatSidebar.stories.jsx[2m > [22m[2mCustom Answer Generator
[22m[39m[FilesContext] About to set up File observeQuery
[90mstdout[2m | src/components/ChatSidebar.stories.jsx[2m > [22m[2mCustom Answer Generator
[22m[39m[ChatContext] Setting up AssistantChat observeQuery
[90mstdout[2m | src/components/ChatSidebar.stories.jsx[2m > [22m[2mCustom Answer Generator
[22m[39m[ChatContext] Waiting for subscription to initialize
[90mstdout[2m | src/components/ChatSidebar.stories.jsx[2m > [22m[2mCustom Answer Generator
[22m[39m[SettingsContext] Setting up Settings subscription for user: mock-user-sub
[90mstdout[2m | src/components/ChatSidebar.stories.jsx[2m > [22m[2mCustom Answer Generator
[22m[39m[Mock Data] Settings created: mock-settings-1790416081345 - notified 0 subscribers
[90mstdout[2m | src/components/ChatSidebar.stories.jsx[2m > [22m[2mCustom Answer Generator
[22m[39m[Mock Data] Unit.onUpdate() subscription added. Total: 1
[90mstdout[2m | src/components/ChatSidebar.stories.jsx[2m > [22m[2mCustom Answer Generator
[22m[39m[SectionContext] Section observeQuery update: 0
[90mstdout[2m | src/components/ChatSidebar.stories.jsx[2m > [22m[2mCustom Answer Generator
[22m[39m[FilesContext] File observeQuery update: 0 files
[90mstdout[2m | src/components/ChatSidebar.stories.jsx[2m > [22m[2mCustom Answer Generator
[22m[39m[ChatContext] AssistantChat initialized with 1 chats
[90mstdout[2m | src/components/ChatSidebar.stories.jsx[2m > [22m[2mCustom Answer Generator
[22m[39m[ChatContext] Setting initial chat: custom-answer-chat
[90mstdout[2m | src/components/ChatSidebar.stories.jsx[2m > [22m[2mCustom Answer Generator
[22m[39m[MOCK CourseVectorStore] Initialized with mock data
[90mstdout[2m | src/components/ChatSidebar.stories.jsx[2m > [22m[2mCustom Answer Generator
[22m[39m[ChatSidebar] Loading messages for chat: custom-answer-chat count: 3
[90mstdout[2m | src/components/ChatSidebar.stories.jsx[2m > [22m[2mCustom Answer Generator
[22m[39m[ChatSidebar] deepCloneMessages: cloned 3 messages
[90mstdout[2m | src/components/ChatSidebar.stories.jsx[2m > [22m[2mCustom Answer Generator
[22m[39m[ChatContext] Chat exists and not archived, skipping creation
[90mstdout[2m | src/components/ChatSidebar.stories.jsx[2m > [22m[2mCustom Answer Generator
[22m[39m[Mock Storage] downloadData called with: undefined
[90mstdout[2m | src/components/ChatSidebar.stories.jsx[2m > [22m[2mGrammar Explainer
[22m[39m[ChatContext] Cleaning up subscriptions
[90mstdout[2m | src/components/ChatSidebar.stories.jsx[2m > [22m[2mGrammar Explainer
[22m[39m[Mock Data] Unit.onUpdate() subscription removed. Remaining: 0
[90mstdout[2m | src/components/ChatSidebar.stories.jsx[2m > [22m[2mGrammar Explainer
[22m[39m[chatTools] Vector store search function registered: false
[90mstdout[2m | src/components/ChatSidebar.stories.jsx[2m > [22m[2mGrammar Explainer
[22m[39m[chatTools] Practice drill callback registered: false
[90mstdout[2m | src/components/ChatSidebar.stories.jsx[2m > [22m[2mGrammar Explainer
[22m[39m[Preview] Skipped initializing default mock data (initializeMockData=false)
[90mstdout[2m | src/components/ChatSidebar.stories.jsx[2m > [22m[2mGrammar Explainer
[22m[39m[MOCK CourseVectorStore] Initialized with mock data
[90mstdout[2m | src/components/ChatSidebar.stories.jsx[2m > [22m[2mGrammar Explainer
[22m[39m[chatTools] Vector store search function registered: true
[90mstdout[2m | src/components/ChatSidebar.stories.jsx[2m > [22m[2mGrammar Explainer
[22m[39m[ChatSidebar] Registered vector store search, isReady: false
[90mstdout[2m | src/components/ChatSidebar.stories.jsx[2m > [22m[2mGrammar Explainer
[22m[39m[chatTools] Practice drill callback registered: true
[90mstdout[2m | src/components/ChatSidebar.stories.jsx[2m > [22m[2mGrammar Explainer
[22m[39m[TranslationModeController] Setting mode to: off
[90mstdout[2m | src/components/ChatSidebar.stories.jsx[2m > [22m[2mGrammar Explainer
[22m[39m[UnitContext] useEffect triggered {
  "authLoading": false,
  "hasUser": true,
  "id": "mock-unit-id",
  "userSub": "mock-user-sub",
}
[90mstdout[2m | src/components/ChatSidebar.stories.jsx[2m > [22m[2mGrammar Explainer
[22m[39m[UnitContext] Fetching unit data for id: mock-unit-id
[90mstdout[2m | src/components/ChatSidebar.stories.jsx[2m > [22m[2mGrammar Explainer
[22m[39m[FilesContext] Initializing vector store from IndexedDB
[90mstdout[2m | src/components/ChatSidebar.stories.jsx[2m > [22m[2mGrammar Explainer
[22m[39m[FilesContext] fetchFiles called
[90mstdout[2m | src/components/ChatSidebar.stories.jsx[2m > [22m[2mGrammar Explainer
[22m[39m[FilesContext] User authenticated: mock-user-sub
[90mstdout[2m | src/components/ChatSidebar.stories.jsx[2m > [22m[2mGrammar Explainer
[22m[39m[FilesContext] Identity ID: us-east-1:mock-identity-123
[90mstdout[2m | src/components/ChatSidebar.stories.jsx[2m > [22m[2mGrammar Explainer
[22m[39m[FilesContext] About to set up File observeQuery
[90mstdout[2m | src/components/ChatSidebar.stories.jsx[2m > [22m[2mGrammar Explainer
[22m[39m[ChatContext] Setting up AssistantChat observeQuery
[90mstdout[2m | src/components/ChatSidebar.stories.jsx[2m > [22m[2mGrammar Explainer
[22m[39m[ChatContext] Waiting for subscription to initialize
[90mstdout[2m | src/components/ChatSidebar.stories.jsx[2m > [22m[2mGrammar Explainer
[22m[39m[SettingsContext] Setting up Settings subscription for user: mock-user-sub
[90mstdout[2m | src/components/ChatSidebar.stories.jsx[2m > [22m[2mGrammar Explainer
[22m[39m[Mock Data] Settings created: mock-settings-1790416082351 - notified 0 subscribers
[90mstdout[2m | src/components/ChatSidebar.stories.jsx[2m > [22m[2mGrammar Explainer
[22m[39m[Mock Data] Unit.onUpdate() subscription added. Total: 1
[90mstdout[2m | src/components/ChatSidebar.stories.jsx[2m > [22m[2mGrammar Explainer
[22m[39m[SectionContext] Section observeQuery update: 0
[90mstdout[2m | src/components/ChatSidebar.stories.jsx[2m > [22m[2mGrammar Explainer
[22m[39m[FilesContext] File observeQuery update: 0 files
[90mstdout[2m | src/components/ChatSidebar.stories.jsx[2m > [22m[2mGrammar Explainer
[22m[39m[ChatContext] AssistantChat initialized with 1 chats
[90mstdout[2m | src/components/ChatSidebar.stories.jsx[2m > [22m[2mGrammar Explainer
[22m[39m[ChatContext] Setting initial chat: grammar-chat
[90mstdout[2m | src/components/ChatSidebar.stories.jsx[2m > [22m[2mGrammar Explainer
[22m[39m[MOCK CourseVectorStore] Initialized with mock data
[90mstdout[2m | src/components/ChatSidebar.stories.jsx[2m > [22m[2mGrammar Explainer
[22m[39m[ChatSidebar] Loading messages for chat: grammar-chat count: 2
[90mstdout[2m | src/components/ChatSidebar.stories.jsx[2m > [22m[2mGrammar Explainer
[22m[39m[ChatSidebar] deepCloneMessages: cloned 2 messages
[90mstdout[2m | src/components/ChatSidebar.stories.jsx[2m > [22m[2mGrammar Explainer
[22m[39m[ChatContext] Chat exists and not archived, skipping creation
[90mstdout[2m | src/components/ChatSidebar.stories.jsx[2m > [22m[2mGrammar Explainer
[22m[39m[Mock Storage] downloadData called with: undefined
[90mstdout[2m | src/components/ChatSidebar.stories.jsx[2m > [22m[2mConversation History
[22m[39m[ChatContext] Cleaning up subscriptions
[90mstdout[2m | src/components/ChatSidebar.stories.jsx[2m > [22m[2mConversation History
[22m[39m[Mock Data] Unit.onUpdate() subscription removed. Remaining: 0
[90mstdout[2m | src/components/ChatSidebar.stories.jsx[2m > [22m[2mConversation History
[22m[39m[chatTools] Vector store search function registered: false
[90mstdout[2m | src/components/ChatSidebar.stories.jsx[2m > [22m[2mConversation History
[22m[39m[chatTools] Practice drill callback registered: false
[90mstdout[2m | src/components/ChatSidebar.stories.jsx[2m > [22m[2mConversation History
[22m[39m[Preview] Skipped initializing default mock data (initializeMockData=false)
[90mstdout[2m | src/components/ChatSidebar.stories.jsx[2m > [22m[2mConversation History
[22m[39m[MOCK CourseVectorStore] Initialized with mock data
[90mstdout[2m | src/components/ChatSidebar.stories.jsx[2m > [22m[2mConversation History
[22m[39m[Mock Data] seedMockWords: Adding 7 words
[90mstdout[2m | src/components/ChatSidebar.stories.jsx[2m > [22m[2mConversation History
[22m[39m[Mock Data] seedMockQuestions: Adding 2 questions
[90mstdout[2m | src/components/ChatSidebar.stories.jsx[2m > [22m[2mConversation History
[22m[39m[chatTools] Vector store search function registered: true
[90mstdout[2m | src/components/ChatSidebar.stories.jsx[2m > [22m[2mConversation History
[22m[39m[ChatSidebar] Registered vector store search, isReady: false
[90mstdout[2m | src/components/ChatSidebar.stories.jsx[2m > [22m[2mConversation History
[22m[39m[chatTools] Practice drill callback registered: true
[90mstdout[2m | src/components/ChatSidebar.stories.jsx[2m > [22m[2mConversation History
[22m[39m[TranslationModeController] Setting mode to: off
[90mstdout[2m | src/components/ChatSidebar.stories.jsx[2m > [22m[2mConversation History
[22m[39m[UnitContext] useEffect triggered {
  "authLoading": false,
  "hasUser": true,
  "id": "mock-unit-id",
  "userSub": "mock-user-sub",
}
[90mstdout[2m | src/components/ChatSidebar.stories.jsx[2m > [22m[2mConversation History
[22m[39m[UnitContext] Fetching unit data for id: mock-unit-id
[90mstdout[2m | src/components/ChatSidebar.stories.jsx[2m > [22m[2mConversation History
[22m[39m[FilesContext] Initializing vector store from IndexedDB
[90mstdout[2m | src/components/ChatSidebar.stories.jsx[2m > [22m[2mConversation History
[22m[39m[FilesContext] fetchFiles called
[90mstdout[2m | src/components/ChatSidebar.stories.jsx[2m > [22m[2mConversation History
[22m[39m[FilesContext] User authenticated: mock-user-sub
[90mstdout[2m | src/components/ChatSidebar.stories.jsx[2m > [22m[2mConversation History
[22m[39m[FilesContext] Identity ID: us-east-1:mock-identity-123
[90mstdout[2m | src/components/ChatSidebar.stories.jsx[2m > [22m[2mConversation History
[22m[39m[FilesContext] About to set up File observeQuery
[90mstdout[2m | src/components/ChatSidebar.stories.jsx[2m > [22m[2mConversation History
[22m[39m[ChatContext] Setting up AssistantChat observeQuery
[90mstdout[2m | src/components/ChatSidebar.stories.jsx[2m > [22m[2mConversation History
[22m[39m[ChatContext] Waiting for subscription to initialize
[90mstdout[2m | src/components/ChatSidebar.stories.jsx[2m > [22m[2mConversation History
[22m[39m[SettingsContext] Setting up Settings subscription for user: mock-user-sub
[90mstdout[2m | src/components/ChatSidebar.stories.jsx[2m > [22m[2mConversation History
[22m[39m[Mock Data] Settings created: mock-settings-1790416082806 - notified 0 subscribers
[90mstdout[2m | src/components/ChatSidebar.stories.jsx[2m > [22m[2mConversation History
[22m[39m[Mock Data] Unit.onUpdate() subscription added. Total: 1
[90mstdout[2m | src/components/ChatSidebar.stories.jsx[2m > [22m[2mConversation History
[22m[39m[ChatSidebar] Message finished: {
  "finishReason": undefined,
  "isAbort": false,
  "isDisconnect": false,
  "isError": false,
  "message": {
    "id": "Xyy4ZFI6sNXv3IJZ",
    "metadata": undefined,
    "parts": [],
    "role": "assistant",
  },
  "messages": [
    {
      "id": "7KCC0N6H2nsOg8LO",
      "metadata": undefined,
      "parts": [
        {
          "text": "Help me create a Japanese greeting lesson",
          "type": "text",
        },
      ],
      "role": "user",
    },
  ],
}
[90mstdout[2m | src/components/ChatSidebar.stories.jsx[2m > [22m[2mConversation History
[22m[39m[ChatSidebar] deepCloneMessages: cloned 1 messages
[90mstdout[2m | src/components/ChatSidebar.stories.jsx[2m > [22m[2mConversation History
[22m[39m[SectionContext] Section observeQuery update: 0
[90mstdout[2m | src/components/ChatSidebar.stories.jsx[2m > [22m[2mConversation History
[22m[39m[FilesContext] File observeQuery update: 0 files
[90mstdout[2m | src/components/ChatSidebar.stories.jsx[2m > [22m[2mConversation History
[22m[39m[ChatContext] AssistantChat initialized with 1 chats
[90mstdout[2m | src/components/ChatSidebar.stories.jsx[2m > [22m[2mConversation History
[22m[39m[ChatContext] Setting initial chat: mock-assistant-chat-1
[90mstdout[2m | src/components/ChatSidebar.stories.jsx[2m > [22m[2mConversation History
[22m[39m[MOCK CourseVectorStore] Initialized with mock data
[90mstdout[2m | src/components/ChatSidebar.stories.jsx[2m > [22m[2mConversation History
[22m[39m[ChatSidebar] Loading messages for chat: mock-assistant-chat-1 count: 17
[90mstdout[2m | src/components/ChatSidebar.stories.jsx[2m > [22m[2mConversation History
[22m[39m[ChatSidebar] deepCloneMessages: cloned 17 messages
[90mstdout[2m | src/components/ChatSidebar.stories.jsx[2m > [22m[2mConversation History
[22m[39m[ChatContext] Chat exists and not archived, skipping creation
[90mstdout[2m | src/components/ChatSidebar.stories.jsx[2m > [22m[2mConversation History
[22m[39m[Mock Storage] downloadData called with: undefined
[90mstdout[2m | src/components/ChatSidebar.stories.jsx[2m > [22m[2mTool Call Search
[22m[39m[ChatContext] Cleaning up subscriptions
[90mstdout[2m | src/components/ChatSidebar.stories.jsx[2m > [22m[2mTool Call Search
[22m[39m[Mock Data] Unit.onUpdate() subscription removed. Remaining: 0
[90mstdout[2m | src/components/ChatSidebar.stories.jsx[2m > [22m[2mTool Call Search
[22m[39m[chatTools] Vector store search function registered: false
[90mstdout[2m | src/components/ChatSidebar.stories.jsx[2m > [22m[2mTool Call Search
[22m[39m[chatTools] Practice drill callback registered: false
[90mstdout[2m | src/components/ChatSidebar.stories.jsx[2m > [22m[2mTool Call Search
[22m[39m[Preview] Skipped initializing default mock data (initializeMockData=false)
[90mstdout[2m | src/components/ChatSidebar.stories.jsx[2m > [22m[2mTool Call Search
[22m[39m[MOCK CourseVectorStore] Initialized with mock data
[90mstdout[2m | src/components/ChatSidebar.stories.jsx[2m > [22m[2mTool Call Search
[22m[39m[chatTools] Vector store search function registered: true
[90mstdout[2m | src/components/ChatSidebar.stories.jsx[2m > [22m[2mTool Call Search
[22m[39m[ChatSidebar] Registered vector store search, isReady: false
[90mstdout[2m | src/components/ChatSidebar.stories.jsx[2m > [22m[2mTool Call Search
[22m[39m[chatTools] Practice drill callback registered: true
[90mstdout[2m | src/components/ChatSidebar.stories.jsx[2m > [22m[2mTool Call Search
[22m[39m[TranslationModeController] Setting mode to: off
[90mstdout[2m | src/components/ChatSidebar.stories.jsx[2m > [22m[2mTool Call Search
[22m[39m[UnitContext] useEffect triggered {
  "authLoading": false,
  "hasUser": true,
  "id": "mock-unit-id",
  "userSub": "mock-user-sub",
}
[90mstdout[2m | src/components/ChatSidebar.stories.jsx[2m > [22m[2mTool Call Search
[22m[39m[UnitContext] Fetching unit data for id: mock-unit-id
[90mstdout[2m | src/components/ChatSidebar.stories.jsx[2m > [22m[2mTool Call Search
[22m[39m[FilesContext] Initializing vector store from IndexedDB
[90mstdout[2m | src/components/ChatSidebar.stories.jsx[2m > [22m[2mTool Call Search
[22m[39m[FilesContext] fetchFiles called
[90mstdout[2m | src/components/ChatSidebar.stories.jsx[2m > [22m[2mTool Call Search
[22m[39m[FilesContext] User authenticated: mock-user-sub
[90mstdout[2m | src/components/ChatSidebar.stories.jsx[2m > [22m[2mTool Call Search
[22m[39m[FilesContext] Identity ID: us-east-1:mock-identity-123
[90mstdout[2m | src/components/ChatSidebar.stories.jsx[2m > [22m[2mTool Call Search
[22m[39m[FilesContext] About to set up File observeQuery
[90mstdout[2m | src/components/ChatSidebar.stories.jsx[2m > [22m[2mTool Call Search
[22m[39m[ChatContext] Setting up AssistantChat observeQuery
[90mstdout[2m | src/components/ChatSidebar.stories.jsx[2m > [22m[2mTool Call Search
[22m[39m[ChatContext] Waiting for subscription to initialize
[90mstdout[2m | src/components/ChatSidebar.stories.jsx[2m > [22m[2mTool Call Search
[22m[39m[SettingsContext] Setting up Settings subscription for user: mock-user-sub
[90mstdout[2m | src/components/ChatSidebar.stories.jsx[2m > [22m[2mTool Call Search
[22m[39m[Mock Data] Settings created: mock-settings-1790416085069 - notified 0 subscribers
[90mstdout[2m | src/components/ChatSidebar.stories.jsx[2m > [22m[2mTool Call Search
[22m[39m[Mock Data] Unit.onUpdate() subscription added. Total: 1
[90mstdout[2m | src/components/ChatSidebar.stories.jsx[2m > [22m[2mTool Call Search
[22m[39m[SectionContext] Section observeQuery update: 0
[90mstdout[2m | src/components/ChatSidebar.stories.jsx[2m > [22m[2mTool Call Search
[22m[39m[FilesContext] File observeQuery update: 0 files
[90mstdout[2m | src/components/ChatSidebar.stories.jsx[2m > [22m[2mTool Call Search
[22m[39m[ChatContext] AssistantChat initialized with 1 chats
[90mstdout[2m | src/components/ChatSidebar.stories.jsx[2m > [22m[2mTool Call Search
[22m[39m[ChatContext] Setting initial chat: search-tool-chat
[90mstdout[2m | src/components/ChatSidebar.stories.jsx[2m > [22m[2mTool Call Search
[22m[39m[MOCK CourseVectorStore] Initialized with mock data
[90mstdout[2m | src/components/ChatSidebar.stories.jsx[2m > [22m[2mTool Call Search
[22m[39m[ChatSidebar] Loading messages for chat: search-tool-chat count: 3
[90mstdout[2m | src/components/ChatSidebar.stories.jsx[2m > [22m[2mTool Call Search
[22m[39m[ChatSidebar] deepCloneMessages: cloned 3 messages
[90mstdout[2m | src/components/ChatSidebar.stories.jsx[2m > [22m[2mTool Call Search
[22m[39m[ChatContext] Chat exists and not archived, skipping creation
[90mstdout[2m | src/components/ChatSidebar.stories.jsx[2m > [22m[2mTool Call Search
[22m[39m[Mock Storage] downloadData called with: undefined
[90mstdout[2m | src/components/ChatSidebar.stories.jsx[2m > [22m[2mTool Call Create Unit
[22m[39m[ChatContext] Cleaning up subscriptions
[90mstdout[2m | src/components/ChatSidebar.stories.jsx[2m > [22m[2mTool Call Create Unit
[22m[39m[Mock Data] Unit.onUpdate() subscription removed. Remaining: 0
[90mstdout[2m | src/components/ChatSidebar.stories.jsx[2m > [22m[2mTool Call Create Unit
[22m[39m[chatTools] Vector store search function registered: false
[90mstdout[2m | src/components/ChatSidebar.stories.jsx[2m > [22m[2mTool Call Create Unit
[22m[39m[chatTools] Practice drill callback registered: false
[90mstdout[2m | src/components/ChatSidebar.stories.jsx[2m > [22m[2mTool Call Create Unit
[22m[39m[Preview] Skipped initializing default mock data (initializeMockData=false)
[90mstdout[2m | src/components/ChatSidebar.stories.jsx[2m > [22m[2mTool Call Create Unit
[22m[39m[MOCK CourseVectorStore] Initialized with mock data
[90mstdout[2m | src/components/ChatSidebar.stories.jsx[2m > [22m[2mTool Call Create Unit
[22m[39m[chatTools] Vector store search function registered: true
[90mstdout[2m | src/components/ChatSidebar.stories.jsx[2m > [22m[2mTool Call Create Unit
[22m[39m[ChatSidebar] Registered vector store search, isReady: false
[90mstdout[2m | src/components/ChatSidebar.stories.jsx[2m > [22m[2mTool Call Create Unit
[22m[39m[chatTools] Practice drill callback registered: true
[90mstdout[2m | src/components/ChatSidebar.stories.jsx[2m > [22m[2mTool Call Create Unit
[22m[39m[TranslationModeController] Setting mode to: off
[90mstdout[2m | src/components/ChatSidebar.stories.jsx[2m > [22m[2mTool Call Create Unit
[22m[39m[UnitContext] useEffect triggered {
  "authLoading": false,
  "hasUser": true,
  "id": "mock-unit-id",
  "userSub": "mock-user-sub",
}
[90mstdout[2m | src/components/ChatSidebar.stories.jsx[2m > [22m[2mTool Call Create Unit
[22m[39m[UnitContext] Fetching unit data for id: mock-unit-id
[90mstdout[2m | src/components/ChatSidebar.stories.jsx[2m > [22m[2mTool Call Create Unit
[22m[39m[FilesContext] Initializing vector store from IndexedDB
[90mstdout[2m | src/components/ChatSidebar.stories.jsx[2m > [22m[2mTool Call Create Unit
[22m[39m[FilesContext] fetchFiles called
[90mstdout[2m | src/components/ChatSidebar.stories.jsx[2m > [22m[2mTool Call Create Unit
[22m[39m[FilesContext] User authenticated: mock-user-sub
[90mstdout[2m | src/components/ChatSidebar.stories.jsx[2m > [22m[2mTool Call Create Unit
[22m[39m[FilesContext] Identity ID: us-east-1:mock-identity-123
[90mstdout[2m | src/components/ChatSidebar.stories.jsx[2m > [22m[2mTool Call Create Unit
[22m[39m[FilesContext] About to set up File observeQuery
[90mstdout[2m | src/components/ChatSidebar.stories.jsx[2m > [22m[2mTool Call Create Unit
[22m[39m[ChatContext] Setting up AssistantChat observeQuery
[90mstdout[2m | src/components/ChatSidebar.stories.jsx[2m > [22m[2mTool Call Create Unit
[22m[39m[ChatContext] Waiting for subscription to initialize
[90mstdout[2m | src/components/ChatSidebar.stories.jsx[2m > [22m[2mTool Call Create Unit
[22m[39m[SettingsContext] Setting up Settings subscription for user: mock-user-sub
[90mstdout[2m | src/components/ChatSidebar.stories.jsx[2m > [22m[2mTool Call Create Unit
[22m[39m[Mock Data] Settings created: mock-settings-1790416085644 - notified 0 subscribers
[90mstdout[2m | src/components/ChatSidebar.stories.jsx[2m > [22m[2mTool Call Create Unit
[22m[39m[Mock Data] Unit.onUpdate() subscription added. Total: 1
[90mstdout[2m | src/components/ChatSidebar.stories.jsx[2m > [22m[2mTool Call Create Unit
[22m[39m[SectionContext] Section observeQuery update: 0
[90mstdout[2m | src/components/ChatSidebar.stories.jsx[2m > [22m[2mTool Call Create Unit
[22m[39m[FilesContext] File observeQuery update: 0 files
[90mstdout[2m | src/components/ChatSidebar.stories.jsx[2m > [22m[2mTool Call Create Unit
[22m[39m[ChatContext] AssistantChat initialized with 1 chats
[90mstdout[2m | src/components/ChatSidebar.stories.jsx[2m > [22m[2mTool Call Create Unit
[22m[39m[ChatContext] Setting initial chat: create-unit-chat
[90mstdout[2m | src/components/ChatSidebar.stories.jsx[2m > [22m[2mTool Call Create Unit
[22m[39m[MOCK CourseVectorStore] Initialized with mock data
[90mstdout[2m | src/components/ChatSidebar.stories.jsx[2m > [22m[2mTool Call Create Unit
[22m[39m[ChatSidebar] Loading messages for chat: create-unit-chat count: 3
[90mstdout[2m | src/components/ChatSidebar.stories.jsx[2m > [22m[2mTool Call Create Unit
[22m[39m[ChatSidebar] deepCloneMessages: cloned 3 messages
[90mstdout[2m | src/components/ChatSidebar.stories.jsx[2m > [22m[2mTool Call Create Unit
[22m[39m[ChatContext] Chat exists and not archived, skipping creation
[90mstdout[2m | src/components/ChatSidebar.stories.jsx[2m > [22m[2mTool Call Create Unit
[22m[39m[Mock Storage] downloadData called with: undefined
[90mstdout[2m | src/components/ChatSidebar.stories.jsx[2m > [22m[2mTool Call Generate Content
[22m[39m[ChatContext] Cleaning up subscriptions
[90mstdout[2m | src/components/ChatSidebar.stories.jsx[2m > [22m[2mTool Call Generate Content
[22m[39m[Mock Data] Unit.onUpdate() subscription removed. Remaining: 0
[90mstdout[2m | src/components/ChatSidebar.stories.jsx[2m > [22m[2mTool Call Generate Content
[22m[39m[chatTools] Vector store search function registered: false
[90mstdout[2m | src/components/ChatSidebar.stories.jsx[2m > [22m[2mTool Call Generate Content
[22m[39m[chatTools] Practice drill callback registered: false
[90mstdout[2m | src/components/ChatSidebar.stories.jsx[2m > [22m[2mTool Call Generate Content
[22m[39m[Preview] Skipped initializing default mock data (initializeMockData=false)
[90mstdout[2m | src/components/ChatSidebar.stories.jsx[2m > [22m[2mTool Call Generate Content
[22m[39m[MOCK CourseVectorStore] Initialized with mock data
[90mstdout[2m | src/components/ChatSidebar.stories.jsx[2m > [22m[2mTool Call Generate Content
[22m[39m[chatTools] Vector store search function registered: true
[90mstdout[2m | src/components/ChatSidebar.stories.jsx[2m > [22m[2mTool Call Generate Content
[22m[39m[ChatSidebar] Registered vector store search, isReady: false
[90mstdout[2m | src/components/ChatSidebar.stories.jsx[2m > [22m[2mTool Call Generate Content
[22m[39m[chatTools] Practice drill callback registered: true
[90mstdout[2m | src/components/ChatSidebar.stories.jsx[2m > [22m[2mTool Call Generate Content
[22m[39m[TranslationModeController] Setting mode to: off
[90mstdout[2m | src/components/ChatSidebar.stories.jsx[2m > [22m[2mTool Call Generate Content
[22m[39m[UnitContext] useEffect triggered {
  "authLoading": false,
  "hasUser": true,
  "id": "mock-unit-id",
  "userSub": "mock-user-sub",
}
[90mstdout[2m | src/components/ChatSidebar.stories.jsx[2m > [22m[2mTool Call Generate Content
[22m[39m[UnitContext] Fetching unit data for id: mock-unit-id
[90mstdout[2m | src/components/ChatSidebar.stories.jsx[2m > [22m[2mTool Call Generate Content
[22m[39m[FilesContext] Initializing vector store from IndexedDB
[90mstdout[2m | src/components/ChatSidebar.stories.jsx[2m > [22m[2mTool Call Generate Content
[22m[39m[FilesContext] fetchFiles called
[90mstdout[2m | src/components/ChatSidebar.stories.jsx[2m > [22m[2mTool Call Generate Content
[22m[39m[FilesContext] User authenticated: mock-user-sub
[90mstdout[2m | src/components/ChatSidebar.stories.jsx[2m > [22m[2mTool Call Generate Content
[22m[39m[FilesContext] Identity ID: us-east-1:mock-identity-123
[90mstdout[2m | src/components/ChatSidebar.stories.jsx[2m > [22m[2mTool Call Generate Content
[22m[39m[FilesContext] About to set up File observeQuery
[90mstdout[2m | src/components/ChatSidebar.stories.jsx[2m > [22m[2mTool Call Generate Content
[22m[39m[ChatContext] Setting up AssistantChat observeQuery
[90mstdout[2m | src/components/ChatSidebar.stories.jsx[2m > [22m[2mTool Call Generate Content
[22m[39m[ChatContext] Waiting for subscription to initialize
[90mstdout[2m | src/components/ChatSidebar.stories.jsx[2m > [22m[2mTool Call Generate Content
[22m[39m[SettingsContext] Setting up Settings subscription for user: mock-user-sub
[90mstdout[2m | src/components/ChatSidebar.stories.jsx[2m > [22m[2mTool Call Generate Content
[22m[39m[Mock Data] Settings created: mock-settings-1790416086124 - notified 0 subscribers
[90mstdout[2m | src/components/ChatSidebar.stories.jsx[2m > [22m[2mTool Call Generate Content
[22m[39m[Mock Data] Unit.onUpdate() subscription added. Total: 1
[90mstdout[2m | src/components/ChatSidebar.stories.jsx[2m > [22m[2mTool Call Generate Content
[22m[39m[SectionContext] Section observeQuery update: 0
[90mstdout[2m | src/components/ChatSidebar.stories.jsx[2m > [22m[2mTool Call Generate Content
[22m[39m[FilesContext] File observeQuery update: 0 files
[90mstdout[2m | src/components/ChatSidebar.stories.jsx[2m > [22m[2mTool Call Generate Content
[22m[39m[ChatContext] AssistantChat initialized with 1 chats
[90mstdout[2m | src/components/ChatSidebar.stories.jsx[2m > [22m[2mTool Call Generate Content
[22m[39m[ChatContext] Setting initial chat: generate-content-chat
[90mstdout[2m | src/components/ChatSidebar.stories.jsx[2m > [22m[2mTool Call Generate Content
[22m[39m[MOCK CourseVectorStore] Initialized with mock data
[90mstdout[2m | src/components/ChatSidebar.stories.jsx[2m > [22m[2mTool Call Generate Content
[22m[39m[ChatSidebar] Loading messages for chat: generate-content-chat count: 3
[90mstdout[2m | src/components/ChatSidebar.stories.jsx[2m > [22m[2mTool Call Generate Content
[22m[39m[ChatSidebar] deepCloneMessages: cloned 3 messages
[90mstdout[2m | src/components/ChatSidebar.stories.jsx[2m > [22m[2mTool Call Generate Content
[22m[39m[ChatContext] Chat exists and not archived, skipping creation
[90mstdout[2m | src/components/ChatSidebar.stories.jsx[2m > [22m[2mTool Call Generate Content
[22m[39m[Mock Storage] downloadData called with: undefined
[90mstdout[2m | src/components/ChatSidebar.stories.jsx[2m > [22m[2mTool Call Multi Step
[22m[39m[ChatContext] Cleaning up subscriptions
[90mstdout[2m | src/components/ChatSidebar.stories.jsx[2m > [22m[2mTool Call Multi Step
[22m[39m[Mock Data] Unit.onUpdate() subscription removed. Remaining: 0
[90mstdout[2m | src/components/ChatSidebar.stories.jsx[2m > [22m[2mTool Call Multi Step
[22m[39m[chatTools] Vector store search function registered: false
[90mstdout[2m | src/components/ChatSidebar.stories.jsx[2m > [22m[2mTool Call Multi Step
[22m[39m[chatTools] Practice drill callback registered: false
[90mstdout[2m | src/components/ChatSidebar.stories.jsx[2m > [22m[2mTool Call Multi Step
[22m[39m[Preview] Skipped initializing default mock data (initializeMockData=false)
[90mstdout[2m | src/components/ChatSidebar.stories.jsx[2m > [22m[2mTool Call Multi Step
[22m[39m[MOCK CourseVectorStore] Initialized with mock data
[90mstdout[2m | src/components/ChatSidebar.stories.jsx[2m > [22m[2mTool Call Multi Step
[22m[39m[chatTools] Vector store search function registered: true
[90mstdout[2m | src/components/ChatSidebar.stories.jsx[2m > [22m[2mTool Call Multi Step
[22m[39m[ChatSidebar] Registered vector store search, isReady: false
[90mstdout[2m | src/components/ChatSidebar.stories.jsx[2m > [22m[2mTool Call Multi Step
[22m[39m[chatTools] Practice drill callback registered: true
[90mstdout[2m | src/components/ChatSidebar.stories.jsx[2m > [22m[2mTool Call Multi Step
[22m[39m[TranslationModeController] Setting mode to: off
[90mstdout[2m | src/components/ChatSidebar.stories.jsx[2m > [22m[2mTool Call Multi Step
[22m[39m[UnitContext] useEffect triggered {
  "authLoading": false,
  "hasUser": true,
  "id": "mock-unit-id",
  "userSub": "mock-user-sub",
}
[90mstdout[2m | src/components/ChatSidebar.stories.jsx[2m > [22m[2mTool Call Multi Step
[22m[39m[UnitContext] Fetching unit data for id: mock-unit-id
[90mstdout[2m | src/components/ChatSidebar.stories.jsx[2m > [22m[2mTool Call Multi Step
[22m[39m[FilesContext] Initializing vector store from IndexedDB
[90mstdout[2m | src/components/ChatSidebar.stories.jsx[2m > [22m[2mTool Call Multi Step
[22m[39m[FilesContext] fetchFiles called
[90mstdout[2m | src/components/ChatSidebar.stories.jsx[2m > [22m[2mTool Call Multi Step
[22m[39m[FilesContext] User authenticated: mock-user-sub
[90mstdout[2m | src/components/ChatSidebar.stories.jsx[2m > [22m[2mTool Call Multi Step
[22m[39m[FilesContext] Identity ID: us-east-1:mock-identity-123
[90mstdout[2m | src/components/ChatSidebar.stories.jsx[2m > [22m[2mTool Call Multi Step
[22m[39m[FilesContext] About to set up File observeQuery
[90mstdout[2m | src/components/ChatSidebar.stories.jsx[2m > [22m[2mTool Call Multi Step
[22m[39m[ChatContext] Setting up AssistantChat observeQuery
[90mstdout[2m | src/components/ChatSidebar.stories.jsx[2m > [22m[2mTool Call Multi Step
[22m[39m[ChatContext] Waiting for subscription to initialize
[90mstdout[2m | src/components/ChatSidebar.stories.jsx[2m > [22m[2mTool Call Multi Step
[22m[39m[SettingsContext] Setting up Settings subscription for user: mock-user-sub
[90mstdout[2m | src/components/ChatSidebar.stories.jsx[2m > [22m[2mTool Call Multi Step
[22m[39m[Mock Data] Settings created: mock-settings-1790416087093 - notified 0 subscribers
[90mstdout[2m | src/components/ChatSidebar.stories.jsx[2m > [22m[2mTool Call Multi Step
[22m[39m[Mock Data] Unit.onUpdate() subscription added. Total: 1
[90mstdout[2m | src/components/ChatSidebar.stories.jsx[2m > [22m[2mTool Call Multi Step
[22m[39m[SectionContext] Section observeQuery update: 0
[90mstdout[2m | src/components/ChatSidebar.stories.jsx[2m > [22m[2mTool Call Multi Step
[22m[39m[FilesContext] File observeQuery update: 0 files
[90mstdout[2m | src/components/ChatSidebar.stories.jsx[2m > [22m[2mTool Call Multi Step
[22m[39m[ChatContext] AssistantChat initialized with 1 chats
[90mstdout[2m | src/components/ChatSidebar.stories.jsx[2m > [22m[2mTool Call Multi Step
[22m[39m[ChatContext] Setting initial chat: multistep-chat
[90mstdout[2m | src/components/ChatSidebar.stories.jsx[2m > [22m[2mTool Call Multi Step
[22m[39m[MOCK CourseVectorStore] Initialized with mock data
[90mstdout[2m | src/components/ChatSidebar.stories.jsx[2m > [22m[2mTool Call Multi Step
[22m[39m[ChatSidebar] Loading messages for chat: multistep-chat count: 4
[90mstdout[2m | src/components/ChatSidebar.stories.jsx[2m > [22m[2mTool Call Multi Step
[22m[39m[ChatSidebar] deepCloneMessages: cloned 4 messages
[90mstdout[2m | src/components/ChatSidebar.stories.jsx[2m > [22m[2mTool Call Multi Step
[22m[39m[ChatContext] Chat exists and not archived, skipping creation
[90mstdout[2m | src/components/ChatSidebar.stories.jsx[2m > [22m[2mTool Call Multi Step
[22m[39m[Mock Storage] downloadData called with: undefined
[90mstdout[2m | src/components/ChatSidebar.stories.jsx[2m > [22m[2m💬 Chat Sidebar / Unit Editor Context
[22m[39m[ChatContext] Cleaning up subscriptions
[90mstdout[2m | src/components/ChatSidebar.stories.jsx[2m > [22m[2m💬 Chat Sidebar / Unit Editor Context
[22m[39m[Mock Data] Unit.onUpdate() subscription removed. Remaining: 0
[90mstdout[2m | src/components/ChatSidebar.stories.jsx[2m > [22m[2m💬 Chat Sidebar / Unit Editor Context
[22m[39m[chatTools] Vector store search function registered: false
[90mstdout[2m | src/components/ChatSidebar.stories.jsx[2m > [22m[2m💬 Chat Sidebar / Unit Editor Context
[22m[39m[chatTools] Practice drill callback registered: false
[90mstdout[2m | src/components/ChatSidebar.stories.jsx[2m > [22m[2m💬 Chat Sidebar / Unit Editor Context
[22m[39m[Preview] Skipped initializing default mock data (initializeMockData=false)
[90mstdout[2m | src/components/ChatSidebar.stories.jsx[2m > [22m[2m💬 Chat Sidebar / Unit Editor Context
[22m[39m[MOCK CourseVectorStore] Initialized with mock data
[90mstdout[2m | src/components/ChatSidebar.stories.jsx[2m > [22m[2m💬 Chat Sidebar / Unit Editor Context
[22m[39m[Mock Data] seedMockWords: Adding 12 words
[90mstdout[2m | src/components/ChatSidebar.stories.jsx[2m > [22m[2m💬 Chat Sidebar / Unit Editor Context
[22m[39m[Mock Data] seedMockQuestions: Adding 6 questions
[90mstdout[2m | src/components/ChatSidebar.stories.jsx[2m > [22m[2m💬 Chat Sidebar / Unit Editor Context
[22m[39m[chatTools] Vector store search function registered: true
[90mstdout[2m | src/components/ChatSidebar.stories.jsx[2m > [22m[2m💬 Chat Sidebar / Unit Editor Context
[22m[39m[ChatSidebar] Registered vector store search, isReady: false
[90mstdout[2m | src/components/ChatSidebar.stories.jsx[2m > [22m[2m💬 Chat Sidebar / Unit Editor Context
[22m[39m[chatTools] Practice drill callback registered: true
[90mstdout[2m | src/components/ChatSidebar.stories.jsx[2m > [22m[2m💬 Chat Sidebar / Unit Editor Context
[22m[39m[TranslationModeController] Setting mode to: off
[90mstdout[2m | src/components/ChatSidebar.stories.jsx[2m > [22m[2m💬 Chat Sidebar / Unit Editor Context
[22m[39m[UnitContext] useEffect triggered {
  "authLoading": false,
  "hasUser": true,
  "id": "mock-unit-id",
  "userSub": "mock-user-sub",
}
[90mstdout[2m | src/components/ChatSidebar.stories.jsx[2m > [22m[2m💬 Chat Sidebar / Unit Editor Context
[22m[39m[UnitContext] Fetching unit data for id: mock-unit-id
[90mstdout[2m | src/components/ChatSidebar.stories.jsx[2m > [22m[2m💬 Chat Sidebar / Unit Editor Context
[22m[39m[FilesContext] Initializing vector store from IndexedDB
[90mstdout[2m | src/components/ChatSidebar.stories.jsx[2m > [22m[2m💬 Chat Sidebar / Unit Editor Context
[22m[39m[FilesContext] fetchFiles called
[90mstdout[2m | src/components/ChatSidebar.stories.jsx[2m > [22m[2m💬 Chat Sidebar / Unit Editor Context
[22m[39m[FilesContext] User authenticated: mock-user-sub
[90mstdout[2m | src/components/ChatSidebar.stories.jsx[2m > [22m[2m💬 Chat Sidebar / Unit Editor Context
[22m[39m[FilesContext] Identity ID: us-east-1:mock-identity-123
[90mstdout[2m | src/components/ChatSidebar.stories.jsx[2m > [22m[2m💬 Chat Sidebar / Unit Editor Context
[22m[39m[FilesContext] About to set up File observeQuery
[90mstdout[2m | src/components/ChatSidebar.stories.jsx[2m > [22m[2m💬 Chat Sidebar / Unit Editor Context
[22m[39m[ChatContext] Setting up AssistantChat observeQuery
[90mstdout[2m | src/components/ChatSidebar.stories.jsx[2m > [22m[2m💬 Chat Sidebar / Unit Editor Context
[22m[39m[ChatContext] Waiting for subscription to initialize
[90mstdout[2m | src/components/ChatSidebar.stories.jsx[2m > [22m[2m💬 Chat Sidebar / Unit Editor Context
[22m[39m[SettingsContext] Setting up Settings subscription for user: mock-user-sub
[90mstdout[2m | src/components/ChatSidebar.stories.jsx[2m > [22m[2m💬 Chat Sidebar / Unit Editor Context
[22m[39m[Mock Data] Settings created: mock-settings-1790416087868 - notified 0 subscribers
[90mstdout[2m | src/components/ChatSidebar.stories.jsx[2m > [22m[2m💬 Chat Sidebar / Unit Editor Context
[22m[39m[Mock Data] Unit.onUpdate() subscription added. Total: 1
[90mstdout[2m | src/components/ChatSidebar.stories.jsx[2m > [22m[2m💬 Chat Sidebar / Unit Editor Context
[22m[39m[SectionContext] Section observeQuery update: 0
[90mstdout[2m | src/components/ChatSidebar.stories.jsx[2m > [22m[2m💬 Chat Sidebar / Unit Editor Context
[22m[39m[FilesContext] File observeQuery update: 0 files
[90mstdout[2m | src/components/ChatSidebar.stories.jsx[2m > [22m[2m💬 Chat Sidebar / Unit Editor Context
[22m[39m[ChatContext] AssistantChat initialized with 1 chats
[90mstdout[2m | src/components/ChatSidebar.stories.jsx[2m > [22m[2m💬 Chat Sidebar / Unit Editor Context
[22m[39m[ChatContext] Setting initial chat: mock-chat-unit-editor
[90mstdout[2m | src/components/ChatSidebar.stories.jsx[2m > [22m[2m💬 Chat Sidebar / Unit Editor Context
[22m[39m[MOCK CourseVectorStore] Initialized with mock data
[90mstdout[2m | src/components/ChatSidebar.stories.jsx[2m > [22m[2m💬 Chat Sidebar / Unit Editor Context
[22m[39m[ChatSidebar] Loading messages for chat: mock-chat-unit-editor count: 12
[90mstdout[2m | src/components/ChatSidebar.stories.jsx[2m > [22m[2m💬 Chat Sidebar / Unit Editor Context
[22m[39m[ChatSidebar] deepCloneMessages: cloned 12 messages
[90mstdout[2m | src/components/ChatSidebar.stories.jsx[2m > [22m[2m💬 Chat Sidebar / Unit Editor Context
[22m[39m[ChatContext] Chat exists and not archived, skipping creation
[90mstdout[2m | src/components/ChatSidebar.stories.jsx[2m > [22m[2m💬 Chat Sidebar / Unit Editor Context
[22m[39m[Mock Storage] downloadData called with: undefined
[90mstdout[2m | src/components/ChatSidebar.stories.jsx[2m > [22m[2m💬 Chat Sidebar / Dashboard Context
[22m[39m[ChatContext] Cleaning up subscriptions
[90mstdout[2m | src/components/ChatSidebar.stories.jsx[2m > [22m[2m💬 Chat Sidebar / Dashboard Context
[22m[39m[Mock Data] Unit.onUpdate() subscription removed. Remaining: 0
[90mstdout[2m | src/components/ChatSidebar.stories.jsx[2m > [22m[2m💬 Chat Sidebar / Dashboard Context
[22m[39m[chatTools] Vector store search function registered: false
[90mstdout[2m | src/components/ChatSidebar.stories.jsx[2m > [22m[2m💬 Chat Sidebar / Dashboard Context
[22m[39m[chatTools] Practice drill callback registered: false
[90mstdout[2m | src/components/ChatSidebar.stories.jsx[2m > [22m[2m💬 Chat Sidebar / Dashboard Context
[22m[39m[Preview] Skipped initializing default mock data (initializeMockData=false)
[90mstdout[2m | src/components/ChatSidebar.stories.jsx[2m > [22m[2m💬 Chat Sidebar / Dashboard Context
[22m[39m[MOCK CourseVectorStore] Initialized with mock data
[90mstdout[2m | src/components/ChatSidebar.stories.jsx[2m > [22m[2m💬 Chat Sidebar / Dashboard Context
[22m[39m[chatTools] Vector store search function registered: true
[90mstdout[2m | src/components/ChatSidebar.stories.jsx[2m > [22m[2m💬 Chat Sidebar / Dashboard Context
[22m[39m[ChatSidebar] Registered vector store search, isReady: false
[90mstdout[2m | src/components/ChatSidebar.stories.jsx[2m > [22m[2m💬 Chat Sidebar / Dashboard Context
[22m[39m[chatTools] Practice drill callback registered: true
[90mstdout[2m | src/components/ChatSidebar.stories.jsx[2m > [22m[2m💬 Chat Sidebar / Dashboard Context
[22m[39m[TourContext] Initializing tour system with 10 tasks
[90mstdout[2m | src/components/ChatSidebar.stories.jsx[2m > [22m[2m💬 Chat Sidebar / Dashboard Context
[22m[39m[chatTools] Tour tasks data registered: 10 tasks
[90mstdout[2m | src/components/ChatSidebar.stories.jsx[2m > [22m[2m💬 Chat Sidebar / Dashboard Context
[22m[39m[TranslationModeController] Setting mode to: off
[90mstdout[2m | src/components/ChatSidebar.stories.jsx[2m > [22m[2m💬 Chat Sidebar / Dashboard Context
[22m[39m[UnitContext] useEffect triggered {
  "authLoading": false,
  "hasUser": true,
  "id": "mock-unit-id",
  "userSub": "mock-user-sub",
}
[90mstdout[2m | src/components/ChatSidebar.stories.jsx[2m > [22m[2m💬 Chat Sidebar / Dashboard Context
[22m[39m[UnitContext] Fetching unit data for id: mock-unit-id
[90mstdout[2m | src/components/ChatSidebar.stories.jsx[2m > [22m[2m💬 Chat Sidebar / Dashboard Context
[22m[39m[FilesContext] Initializing vector store from IndexedDB
[90mstdout[2m | src/components/ChatSidebar.stories.jsx[2m > [22m[2m💬 Chat Sidebar / Dashboard Context
[22m[39m[FilesContext] fetchFiles called
[90mstdout[2m | src/components/ChatSidebar.stories.jsx[2m > [22m[2m💬 Chat Sidebar / Dashboard Context
[22m[39m[FilesContext] User authenticated: mock-user-sub
[90mstdout[2m | src/components/ChatSidebar.stories.jsx[2m > [22m[2m💬 Chat Sidebar / Dashboard Context
[22m[39m[FilesContext] Identity ID: us-east-1:mock-identity-123
[90mstdout[2m | src/components/ChatSidebar.stories.jsx[2m > [22m[2m💬 Chat Sidebar / Dashboard Context
[22m[39m[FilesContext] About to set up File observeQuery
[90mstdout[2m | src/components/ChatSidebar.stories.jsx[2m > [22m[2m💬 Chat Sidebar / Dashboard Context
[22m[39m[ChatContext] Setting up AssistantChat observeQuery
[90mstdout[2m | src/components/ChatSidebar.stories.jsx[2m > [22m[2m💬 Chat Sidebar / Dashboard Context
[22m[39m[ChatContext] Waiting for subscription to initialize
[90mstdout[2m | src/components/ChatSidebar.stories.jsx[2m > [22m[2m💬 Chat Sidebar / Dashboard Context
[22m[39m[SettingsContext] Setting up Settings subscription for user: mock-user-sub
[90mstdout[2m | src/components/ChatSidebar.stories.jsx[2m > [22m[2m💬 Chat Sidebar / Dashboard Context
[22m[39m[Mock Data] Settings created: mock-settings-1790416091780 - notified 0 subscribers
[90mstdout[2m | src/components/ChatSidebar.stories.jsx[2m > [22m[2m💬 Chat Sidebar / Dashboard Context
[22m[39m[Mock Data] Unit.onUpdate() subscription added. Total: 1
[90mstdout[2m | src/components/ChatSidebar.stories.jsx[2m > [22m[2m💬 Chat Sidebar / Dashboard Context
[22m[39m[SectionContext] Section observeQuery update: 0
[90mstdout[2m | src/components/ChatSidebar.stories.jsx[2m > [22m[2m💬 Chat Sidebar / Dashboard Context
[22m[39m[FilesContext] File observeQuery update: 0 files
[90mstdout[2m | src/components/ChatSidebar.stories.jsx[2m > [22m[2m💬 Chat Sidebar / Dashboard Context
[22m[39m[ChatContext] AssistantChat initialized with 1 chats
[90mstdout[2m | src/components/ChatSidebar.stories.jsx[2m > [22m[2m💬 Chat Sidebar / Dashboard Context
[22m[39m[ChatContext] Setting initial chat: mock-chat-dashboard
[90mstdout[2m | src/components/ChatSidebar.stories.jsx[2m > [22m[2m💬 Chat Sidebar / Dashboard Context
[22m[39m[MOCK CourseVectorStore] Initialized with mock data
[90mstdout[2m | src/components/ChatSidebar.stories.jsx[2m > [22m[2m💬 Chat Sidebar / Dashboard Context
[22m[39m[ChatSidebar] Loading messages for chat: mock-chat-dashboard count: 2
[90mstdout[2m | src/components/ChatSidebar.stories.jsx[2m > [22m[2m💬 Chat Sidebar / Dashboard Context
[22m[39m[ChatSidebar] deepCloneMessages: cloned 2 messages
[90mstdout[2m | src/components/ChatSidebar.stories.jsx[2m > [22m[2m💬 Chat Sidebar / Dashboard Context
[22m[39m[ChatContext] Chat exists and not archived, skipping creation
[90mstdout[2m | src/components/ChatSidebar.stories.jsx[2m > [22m[2m💬 Chat Sidebar / Dashboard Context
[22m[39m[ChatSidebar] Starting tour: instructor-assignments-tour mode: tutorial
[90mstdout[2m | src/components/ChatSidebar.stories.jsx[2m > [22m[2m💬 Chat Sidebar / Dashboard Context
[22m[39m[TourContext] Starting tour: instructor-assignments-tour mode: tutorial
[90mstdout[2m | src/components/ChatSidebar.stories.jsx[2m > [22m[2m💬 Chat Sidebar / Dashboard Context
[22m[39m[ChatSidebar] Starting tour: instructor-assignments-tour mode: tutorial
[90mstdout[2m | src/components/ChatSidebar.stories.jsx[2m > [22m[2m💬 Chat Sidebar / Dashboard Context
[22m[39m[TourContext] Starting tour: instructor-assignments-tour mode: tutorial
[90mstdout[2m | src/components/ChatSidebar.stories.jsx[2m > [22m[2m💬 Chat Sidebar / Dashboard Context
[22m[39m[Mock Storage] downloadData called with: undefined
[90mstdout[2m | src/components/ChatSidebar.stories.jsx[2m > [22m[2m💬 Chat Sidebar / Dashboard Context
[22m[39m[ChatSidebar] Starting tour: instructor-assignments-tour mode: tutorial
[90mstdout[2m | src/components/ChatSidebar.stories.jsx[2m > [22m[2m💬 Chat Sidebar / Dashboard Context
[22m[39m[TourContext] Starting tour: instructor-assignments-tour mode: tutorial
[90mstdout[2m | src/components/ChatSidebar.stories.jsx[2m > [22m[2m💬 Chat Sidebar / Sections Context
[22m[39m[ChatContext] Cleaning up subscriptions
[90mstdout[2m | src/components/ChatSidebar.stories.jsx[2m > [22m[2m💬 Chat Sidebar / Sections Context
[22m[39m[Mock Data] Unit.onUpdate() subscription removed. Remaining: 0
[90mstdout[2m | src/components/ChatSidebar.stories.jsx[2m > [22m[2m💬 Chat Sidebar / Sections Context
[22m[39m[chatTools] Vector store search function registered: false
[90mstdout[2m | src/components/ChatSidebar.stories.jsx[2m > [22m[2m💬 Chat Sidebar / Sections Context
[22m[39m[chatTools] Practice drill callback registered: false
[90mstdout[2m | src/components/ChatSidebar.stories.jsx[2m > [22m[2m💬 Chat Sidebar / Sections Context
[22m[39m[Preview] Skipped initializing default mock data (initializeMockData=false)
[90mstdout[2m | src/components/ChatSidebar.stories.jsx[2m > [22m[2m💬 Chat Sidebar / Sections Context
[22m[39m[MOCK CourseVectorStore] Initialized with mock data
[90mstdout[2m | src/components/ChatSidebar.stories.jsx[2m > [22m[2m💬 Chat Sidebar / Sections Context
[22m[39m[chatTools] Vector store search function registered: true
[90mstdout[2m | src/components/ChatSidebar.stories.jsx[2m > [22m[2m💬 Chat Sidebar / Sections Context
[22m[39m[ChatSidebar] Registered vector store search, isReady: false
[90mstdout[2m | src/components/ChatSidebar.stories.jsx[2m > [22m[2m💬 Chat Sidebar / Sections Context
[22m[39m[chatTools] Practice drill callback registered: true
[90mstdout[2m | src/components/ChatSidebar.stories.jsx[2m > [22m[2m💬 Chat Sidebar / Sections Context
[22m[39m[TranslationModeController] Setting mode to: off
[90mstdout[2m | src/components/ChatSidebar.stories.jsx[2m > [22m[2m💬 Chat Sidebar / Sections Context
[22m[39m[UnitContext] useEffect triggered {
  "authLoading": false,
  "hasUser": true,
  "id": "mock-unit-id",
  "userSub": "mock-user-sub",
}
[90mstdout[2m | src/components/ChatSidebar.stories.jsx[2m > [22m[2m💬 Chat Sidebar / Sections Context
[22m[39m[UnitContext] Fetching unit data for id: mock-unit-id
[90mstdout[2m | src/components/ChatSidebar.stories.jsx[2m > [22m[2m💬 Chat Sidebar / Sections Context
[22m[39m[FilesContext] Initializing vector store from IndexedDB
[90mstdout[2m | src/components/ChatSidebar.stories.jsx[2m > [22m[2m💬 Chat Sidebar / Sections Context
[22m[39m[FilesContext] fetchFiles called
[90mstdout[2m | src/components/ChatSidebar.stories.jsx[2m > [22m[2m💬 Chat Sidebar / Sections Context
[22m[39m[FilesContext] User authenticated: mock-user-sub
[90mstdout[2m | src/components/ChatSidebar.stories.jsx[2m > [22m[2m💬 Chat Sidebar / Sections Context
[22m[39m[FilesContext] Identity ID: us-east-1:mock-identity-123
[90mstdout[2m | src/components/ChatSidebar.stories.jsx[2m > [22m[2m💬 Chat Sidebar / Sections Context
[22m[39m[FilesContext] About to set up File observeQuery
[90mstdout[2m | src/components/ChatSidebar.stories.jsx[2m > [22m[2m💬 Chat Sidebar / Sections Context
[22m[39m[ChatContext] Setting up AssistantChat observeQuery
[90mstdout[2m | src/components/ChatSidebar.stories.jsx[2m > [22m[2m💬 Chat Sidebar / Sections Context
[22m[39m[ChatContext] Waiting for subscription to initialize
[90mstdout[2m | src/components/ChatSidebar.stories.jsx[2m > [22m[2m💬 Chat Sidebar / Sections Context
[22m[39m[SettingsContext] Setting up Settings subscription for user: mock-user-sub
[90mstdout[2m | src/components/ChatSidebar.stories.jsx[2m > [22m[2m💬 Chat Sidebar / Sections Context
[22m[39m[Mock Data] Settings created: mock-settings-1790416092262 - notified 0 subscribers
[90mstdout[2m | src/components/ChatSidebar.stories.jsx[2m > [22m[2m💬 Chat Sidebar / Sections Context
[22m[39m[Mock Data] Unit.onUpdate() subscription added. Total: 1
[90mstdout[2m | src/components/ChatSidebar.stories.jsx[2m > [22m[2m💬 Chat Sidebar / Sections Context
[22m[39m[SectionContext] Section observeQuery update: 0
[90mstdout[2m | src/components/ChatSidebar.stories.jsx[2m > [22m[2m💬 Chat Sidebar / Sections Context
[22m[39m[FilesContext] File observeQuery update: 0 files
[90mstdout[2m | src/components/ChatSidebar.stories.jsx[2m > [22m[2m💬 Chat Sidebar / Sections Context
[22m[39m[ChatContext] AssistantChat initialized with 1 chats
[90mstdout[2m | src/components/ChatSidebar.stories.jsx[2m > [22m[2m💬 Chat Sidebar / Sections Context
[22m[39m[ChatContext] Setting initial chat: mock-chat-sections
[90mstdout[2m | src/components/ChatSidebar.stories.jsx[2m > [22m[2m💬 Chat Sidebar / Sections Context
[22m[39m[MOCK CourseVectorStore] Initialized with mock data
[90mstdout[2m | src/components/ChatSidebar.stories.jsx[2m > [22m[2m💬 Chat Sidebar / Sections Context
[22m[39m[ChatSidebar] Loading messages for chat: mock-chat-sections count: 6
[90mstdout[2m | src/components/ChatSidebar.stories.jsx[2m > [22m[2m💬 Chat Sidebar / Sections Context
[22m[39m[ChatSidebar] deepCloneMessages: cloned 6 messages
[90mstdout[2m | src/components/ChatSidebar.stories.jsx[2m > [22m[2m💬 Chat Sidebar / Sections Context
[22m[39m[ChatContext] Chat exists and not archived, skipping creation
[90mstdout[2m | src/components/ChatSidebar.stories.jsx[2m > [22m[2m💬 Chat Sidebar / Sections Context
[22m[39m[Mock Storage] downloadData called with: undefined
[90mstdout[2m | src/components/ChatSidebar.stories.jsx[2m > [22m[2m💬 Chat Sidebar / Workbook Context
[22m[39m[ChatContext] Cleaning up subscriptions
[90mstdout[2m | src/components/ChatSidebar.stories.jsx[2m > [22m[2m💬 Chat Sidebar / Workbook Context
[22m[39m[Mock Data] Unit.onUpdate() subscription removed. Remaining: 0
[90mstdout[2m | src/components/ChatSidebar.stories.jsx[2m > [22m[2m💬 Chat Sidebar / Workbook Context
[22m[39m[chatTools] Vector store search function registered: false
[90mstdout[2m | src/components/ChatSidebar.stories.jsx[2m > [22m[2m💬 Chat Sidebar / Workbook Context
[22m[39m[chatTools] Practice drill callback registered: false
[90mstdout[2m | src/components/ChatSidebar.stories.jsx[2m > [22m[2m💬 Chat Sidebar / Workbook Context
[22m[39m[Preview] Skipped initializing default mock data (initializeMockData=false)
[90mstdout[2m | src/components/ChatSidebar.stories.jsx[2m > [22m[2m💬 Chat Sidebar / Workbook Context
[22m[39m[MOCK CourseVectorStore] Initialized with mock data
[90mstdout[2m | src/components/ChatSidebar.stories.jsx[2m > [22m[2m💬 Chat Sidebar / Workbook Context
[22m[39m[chatTools] Vector store search function registered: true
[90mstdout[2m | src/components/ChatSidebar.stories.jsx[2m > [22m[2m💬 Chat Sidebar / Workbook Context
[22m[39m[ChatSidebar] Registered vector store search, isReady: false
[90mstdout[2m | src/components/ChatSidebar.stories.jsx[2m > [22m[2m💬 Chat Sidebar / Workbook Context
[22m[39m[chatTools] Practice drill callback registered: true
[90mstdout[2m | src/components/ChatSidebar.stories.jsx[2m > [22m[2m💬 Chat Sidebar / Workbook Context
[22m[39m[TranslationModeController] Setting mode to: off
[90mstdout[2m | src/components/ChatSidebar.stories.jsx[2m > [22m[2m💬 Chat Sidebar / Workbook Context
[22m[39m[UnitContext] useEffect triggered {
  "authLoading": false,
  "hasUser": true,
  "id": "mock-unit-id",
  "userSub": "mock-user-sub",
}
[90mstdout[2m | src/components/ChatSidebar.stories.jsx[2m > [22m[2m💬 Chat Sidebar / Workbook Context
[22m[39m[UnitContext] Fetching unit data for id: mock-unit-id
[90mstdout[2m | src/components/ChatSidebar.stories.jsx[2m > [22m[2m💬 Chat Sidebar / Workbook Context
[22m[39m[FilesContext] Initializing vector store from IndexedDB
[90mstdout[2m | src/components/ChatSidebar.stories.jsx[2m > [22m[2m💬 Chat Sidebar / Workbook Context
[22m[39m[FilesContext] fetchFiles called
[90mstdout[2m | src/components/ChatSidebar.stories.jsx[2m > [22m[2m💬 Chat Sidebar / Workbook Context
[22m[39m[FilesContext] User authenticated: mock-user-sub
[90mstdout[2m | src/components/ChatSidebar.stories.jsx[2m > [22m[2m💬 Chat Sidebar / Workbook Context
[22m[39m[FilesContext] Identity ID: us-east-1:mock-identity-123
[90mstdout[2m | src/components/ChatSidebar.stories.jsx[2m > [22m[2m💬 Chat Sidebar / Workbook Context
[22m[39m[FilesContext] About to set up File observeQuery
[90mstdout[2m | src/components/ChatSidebar.stories.jsx[2m > [22m[2m💬 Chat Sidebar / Workbook Context
[22m[39m[ChatContext] Setting up AssistantChat observeQuery
[90mstdout[2m | src/components/ChatSidebar.stories.jsx[2m > [22m[2m💬 Chat Sidebar / Workbook Context
[22m[39m[ChatContext] Waiting for subscription to initialize
[90mstdout[2m | src/components/ChatSidebar.stories.jsx[2m > [22m[2m💬 Chat Sidebar / Workbook Context
[22m[39m[SettingsContext] Setting up Settings subscription for user: mock-user-sub
[90mstdout[2m | src/components/ChatSidebar.stories.jsx[2m > [22m[2m💬 Chat Sidebar / Workbook Context
[22m[39m[Mock Data] Settings created: mock-settings-1790416093362 - notified 0 subscribers
[90mstdout[2m | src/components/ChatSidebar.stories.jsx[2m > [22m[2m💬 Chat Sidebar / Workbook Context
[22m[39m[Mock Data] Unit.onUpdate() subscription added. Total: 1
[90mstdout[2m | src/components/ChatSidebar.stories.jsx[2m > [22m[2m💬 Chat Sidebar / Workbook Context
[22m[39m[SectionContext] Section observeQuery update: 0
[90mstdout[2m | src/components/ChatSidebar.stories.jsx[2m > [22m[2m💬 Chat Sidebar / Workbook Context
[22m[39m[FilesContext] File observeQuery update: 0 files
[90mstdout[2m | src/components/ChatSidebar.stories.jsx[2m > [22m[2m💬 Chat Sidebar / Workbook Context
[22m[39m[ChatContext] AssistantChat initialized with 1 chats
[90mstdout[2m | src/components/ChatSidebar.stories.jsx[2m > [22m[2m💬 Chat Sidebar / Workbook Context
[22m[39m[ChatContext] Setting initial chat: mock-chat-workbook
[90mstdout[2m | src/components/ChatSidebar.stories.jsx[2m > [22m[2m💬 Chat Sidebar / Workbook Context
[22m[39m[MOCK CourseVectorStore] Initialized with mock data
[90mstdout[2m | src/components/ChatSidebar.stories.jsx[2m > [22m[2m💬 Chat Sidebar / Workbook Context
[22m[39m[ChatSidebar] Loading messages for chat: mock-chat-workbook count: 6
[90mstdout[2m | src/components/ChatSidebar.stories.jsx[2m > [22m[2m💬 Chat Sidebar / Workbook Context
[22m[39m[ChatSidebar] deepCloneMessages: cloned 6 messages
[90mstdout[2m | src/components/ChatSidebar.stories.jsx[2m > [22m[2m💬 Chat Sidebar / Workbook Context
[22m[39m[ChatContext] Chat exists and not archived, skipping creation
[90mstdout[2m | src/components/ChatSidebar.stories.jsx[2m > [22m[2m💬 Chat Sidebar / Workbook Context
[22m[39m[Mock Storage] downloadData called with: undefined
[90mstdout[2m | src/components/ChatSidebar.stories.jsx[2m > [22m[2m💬 Chat Sidebar / Workbook Context
[22m[39mfilterWords {
  "filter": "",
  "wordsCount": 0,
}
[90mstdout[2m | src/components/ChatSidebar.stories.jsx[2m > [22m[2m💬 Chat Sidebar / Recording Studio Context
[22m[39m[ChatContext] Cleaning up subscriptions
[90mstdout[2m | src/components/ChatSidebar.stories.jsx[2m > [22m[2m💬 Chat Sidebar / Recording Studio Context
[22m[39m[Mock Data] Unit.onUpdate() subscription removed. Remaining: 0
[90mstdout[2m | src/components/ChatSidebar.stories.jsx[2m > [22m[2m💬 Chat Sidebar / Recording Studio Context
[22m[39m[chatTools] Vector store search function registered: false
[90mstdout[2m | src/components/ChatSidebar.stories.jsx[2m > [22m[2m💬 Chat Sidebar / Recording Studio Context
[22m[39m[chatTools] Practice drill callback registered: false
[90mstdout[2m | src/components/ChatSidebar.stories.jsx[2m > [22m[2m💬 Chat Sidebar / Recording Studio Context
[22m[39m[Preview] Skipped initializing default mock data (initializeMockData=false)
[90mstdout[2m | src/components/ChatSidebar.stories.jsx[2m > [22m[2m💬 Chat Sidebar / Recording Studio Context
[22m[39m[MOCK CourseVectorStore] Initialized with mock data
[90mstdout[2m | src/components/ChatSidebar.stories.jsx[2m > [22m[2m💬 Chat Sidebar / Recording Studio Context
[22m[39m[chatTools] Vector store search function registered: true
[90mstdout[2m | src/components/ChatSidebar.stories.jsx[2m > [22m[2m💬 Chat Sidebar / Recording Studio Context
[22m[39m[ChatSidebar] Registered vector store search, isReady: false
[90mstdout[2m | src/components/ChatSidebar.stories.jsx[2m > [22m[2m💬 Chat Sidebar / Recording Studio Context
[22m[39m[chatTools] Practice drill callback registered: true
[90mstdout[2m | src/components/ChatSidebar.stories.jsx[2m > [22m[2m💬 Chat Sidebar / Recording Studio Context
[22m[39m[TranslationModeController] Setting mode to: off
[90mstdout[2m | src/components/ChatSidebar.stories.jsx[2m > [22m[2m💬 Chat Sidebar / Recording Studio Context
[22m[39m[UnitContext] useEffect triggered {
  "authLoading": false,
  "hasUser": true,
  "id": "mock-unit-id",
  "userSub": "mock-user-sub",
}
[90mstdout[2m | src/components/ChatSidebar.stories.jsx[2m > [22m[2m💬 Chat Sidebar / Recording Studio Context
[22m[39m[UnitContext] Fetching unit data for id: mock-unit-id
[90mstdout[2m | src/components/ChatSidebar.stories.jsx[2m > [22m[2m💬 Chat Sidebar / Recording Studio Context
[22m[39m[FilesContext] Initializing vector store from IndexedDB
[90mstdout[2m | src/components/ChatSidebar.stories.jsx[2m > [22m[2m💬 Chat Sidebar / Recording Studio Context
[22m[39m[FilesContext] fetchFiles called
[90mstdout[2m | src/components/ChatSidebar.stories.jsx[2m > [22m[2m💬 Chat Sidebar / Recording Studio Context
[22m[39m[FilesContext] User authenticated: mock-user-sub
[90mstdout[2m | src/components/ChatSidebar.stories.jsx[2m > [22m[2m💬 Chat Sidebar / Recording Studio Context
[22m[39m[FilesContext] Identity ID: us-east-1:mock-identity-123
[90mstdout[2m | src/components/ChatSidebar.stories.jsx[2m > [22m[2m💬 Chat Sidebar / Recording Studio Context
[22m[39m[FilesContext] About to set up File observeQuery
[90mstdout[2m | src/components/ChatSidebar.stories.jsx[2m > [22m[2m💬 Chat Sidebar / Recording Studio Context
[22m[39m[ChatContext] Setting up AssistantChat observeQuery
[90mstdout[2m | src/components/ChatSidebar.stories.jsx[2m > [22m[2m💬 Chat Sidebar / Recording Studio Context
[22m[39m[ChatContext] Waiting for subscription to initialize
[90mstdout[2m | src/components/ChatSidebar.stories.jsx[2m > [22m[2m💬 Chat Sidebar / Recording Studio Context
[22m[39m[SettingsContext] Setting up Settings subscription for user: mock-user-sub
[90mstdout[2m | src/components/ChatSidebar.stories.jsx[2m > [22m[2m💬 Chat Sidebar / Recording Studio Context
[22m[39m[Mock Data] Settings created: mock-settings-1790416094175 - notified 0 subscribers
[90mstdout[2m | src/components/ChatSidebar.stories.jsx[2m > [22m[2m💬 Chat Sidebar / Recording Studio Context
[22m[39m[Mock Data] Unit.onUpdate() subscription added. Total: 1
[90mstdout[2m | src/components/ChatSidebar.stories.jsx[2m > [22m[2m💬 Chat Sidebar / Recording Studio Context
[22m[39m[SectionContext] Section observeQuery update: 0
[90mstdout[2m | src/components/ChatSidebar.stories.jsx[2m > [22m[2m💬 Chat Sidebar / Recording Studio Context
[22m[39m[FilesContext] File observeQuery update: 0 files
[90mstdout[2m | src/components/ChatSidebar.stories.jsx[2m > [22m[2m💬 Chat Sidebar / Recording Studio Context
[22m[39m[ChatContext] AssistantChat initialized with 1 chats
[90mstdout[2m | src/components/ChatSidebar.stories.jsx[2m > [22m[2m💬 Chat Sidebar / Recording Studio Context
[22m[39m[ChatContext] Setting initial chat: mock-chat-recording-studio
[90mstdout[2m | src/components/ChatSidebar.stories.jsx[2m > [22m[2m💬 Chat Sidebar / Recording Studio Context
[22m[39m[MOCK CourseVectorStore] Initialized with mock data
[90mstdout[2m | src/components/ChatSidebar.stories.jsx[2m > [22m[2m💬 Chat Sidebar / Recording Studio Context
[22m[39m[ChatSidebar] Loading messages for chat: mock-chat-recording-studio count: 4
[90mstdout[2m | src/components/ChatSidebar.stories.jsx[2m > [22m[2m💬 Chat Sidebar / Recording Studio Context
[22m[39m[ChatSidebar] deepCloneMessages: cloned 4 messages
[90mstdout[2m | src/components/ChatSidebar.stories.jsx[2m > [22m[2m💬 Chat Sidebar / Recording Studio Context
[22m[39m[ChatContext] Chat exists and not archived, skipping creation
[90mstdout[2m | src/components/ChatSidebar.stories.jsx[2m > [22m[2m💬 Chat Sidebar / Recording Studio Context
[22m[39m[Mock Storage] downloadData called with: undefined
[90mstdout[2m | src/components/ChatSidebar.stories.jsx[2m > [22m[2m💬 Chat Sidebar / Dictionary & Search Context
[22m[39m[ChatContext] Cleaning up subscriptions
[90mstdout[2m | src/components/ChatSidebar.stories.jsx[2m > [22m[2m💬 Chat Sidebar / Dictionary & Search Context
[22m[39m[Mock Data] Unit.onUpdate() subscription removed. Remaining: 0
[90mstdout[2m | src/components/ChatSidebar.stories.jsx[2m > [22m[2m💬 Chat Sidebar / Dictionary & Search Context
[22m[39m[chatTools] Vector store search function registered: false
[90mstdout[2m | src/components/ChatSidebar.stories.jsx[2m > [22m[2m💬 Chat Sidebar / Dictionary & Search Context
[22m[39m[chatTools] Practice drill callback registered: false
[90mstdout[2m | src/components/ChatSidebar.stories.jsx[2m > [22m[2m💬 Chat Sidebar / Dictionary & Search Context
[22m[39m[Preview] Skipped initializing default mock data (initializeMockData=false)
[90mstdout[2m | src/components/ChatSidebar.stories.jsx[2m > [22m[2m💬 Chat Sidebar / Dictionary & Search Context
[22m[39m[MOCK CourseVectorStore] Initialized with mock data
[90mstdout[2m | src/components/ChatSidebar.stories.jsx[2m > [22m[2m💬 Chat Sidebar / Dictionary & Search Context
[22m[39m[Mock Data] seedMockWords: Adding 12 words
[90mstdout[2m | src/components/ChatSidebar.stories.jsx[2m > [22m[2m💬 Chat Sidebar / Dictionary & Search Context
[22m[39m[Mock Data] seedMockQuestions: Adding 6 questions
[90mstdout[2m | src/components/ChatSidebar.stories.jsx[2m > [22m[2m💬 Chat Sidebar / Dictionary & Search Context
[22m[39m[chatTools] Vector store search function registered: true
[90mstdout[2m | src/components/ChatSidebar.stories.jsx[2m > [22m[2m💬 Chat Sidebar / Dictionary & Search Context
[22m[39m[ChatSidebar] Registered vector store search, isReady: false
[90mstdout[2m | src/components/ChatSidebar.stories.jsx[2m > [22m[2m💬 Chat Sidebar / Dictionary & Search Context
[22m[39m[chatTools] Practice drill callback registered: true
[90mstdout[2m | src/components/ChatSidebar.stories.jsx[2m > [22m[2m💬 Chat Sidebar / Dictionary & Search Context
[22m[39m[TranslationModeController] Setting mode to: off
[90mstdout[2m | src/components/ChatSidebar.stories.jsx[2m > [22m[2m💬 Chat Sidebar / Dictionary & Search Context
[22m[39m[UnitContext] useEffect triggered {
  "authLoading": false,
  "hasUser": true,
  "id": "mock-unit-id",
  "userSub": "mock-user-sub",
}
[90mstdout[2m | src/components/ChatSidebar.stories.jsx[2m > [22m[2m💬 Chat Sidebar / Dictionary & Search Context
[22m[39m[UnitContext] Fetching unit data for id: mock-unit-id
[90mstdout[2m | src/components/ChatSidebar.stories.jsx[2m > [22m[2m💬 Chat Sidebar / Dictionary & Search Context
[22m[39m[FilesContext] Initializing vector store from IndexedDB
[90mstdout[2m | src/components/ChatSidebar.stories.jsx[2m > [22m[2m💬 Chat Sidebar / Dictionary & Search Context
[22m[39m[FilesContext] fetchFiles called
[90mstdout[2m | src/components/ChatSidebar.stories.jsx[2m > [22m[2m💬 Chat Sidebar / Dictionary & Search Context
[22m[39m[FilesContext] User authenticated: mock-user-sub
[90mstdout[2m | src/components/ChatSidebar.stories.jsx[2m > [22m[2m💬 Chat Sidebar / Dictionary & Search Context
[22m[39m[FilesContext] Identity ID: us-east-1:mock-identity-123
[90mstdout[2m | src/components/ChatSidebar.stories.jsx[2m > [22m[2m💬 Chat Sidebar / Dictionary & Search Context
[22m[39m[FilesContext] About to set up File observeQuery
[90mstdout[2m | src/components/ChatSidebar.stories.jsx[2m > [22m[2m💬 Chat Sidebar / Dictionary & Search Context
[22m[39m[ChatContext] Setting up AssistantChat observeQuery
[90mstdout[2m | src/components/ChatSidebar.stories.jsx[2m > [22m[2m💬 Chat Sidebar / Dictionary & Search Context
[22m[39m[ChatContext] Waiting for subscription to initialize
[90mstdout[2m | src/components/ChatSidebar.stories.jsx[2m > [22m[2m💬 Chat Sidebar / Dictionary & Search Context
[22m[39m[SettingsContext] Setting up Settings subscription for user: mock-user-sub
[90mstdout[2m | src/components/ChatSidebar.stories.jsx[2m > [22m[2m💬 Chat Sidebar / Dictionary & Search Context
[22m[39m[Mock Data] Settings created: mock-settings-1790416094676 - notified 0 subscribers
[90mstdout[2m | src/components/ChatSidebar.stories.jsx[2m > [22m[2m💬 Chat Sidebar / Dictionary & Search Context
[22m[39m[Mock Data] Unit.onUpdate() subscription added. Total: 1
[90mstdout[2m | src/components/ChatSidebar.stories.jsx[2m > [22m[2m💬 Chat Sidebar / Dictionary & Search Context
[22m[39m[SectionContext] Section observeQuery update: 0
[90mstdout[2m | src/components/ChatSidebar.stories.jsx[2m > [22m[2m💬 Chat Sidebar / Dictionary & Search Context
[22m[39m[FilesContext] File observeQuery update: 0 files
[90mstdout[2m | src/components/ChatSidebar.stories.jsx[2m > [22m[2m💬 Chat Sidebar / Dictionary & Search Context
[22m[39m[ChatContext] AssistantChat initialized with 1 chats
[90mstdout[2m | src/components/ChatSidebar.stories.jsx[2m > [22m[2m💬 Chat Sidebar / Dictionary & Search Context
[22m[39m[ChatContext] Setting initial chat: mock-chat-dictionary-search
[90mstdout[2m | src/components/ChatSidebar.stories.jsx[2m > [22m[2m💬 Chat Sidebar / Dictionary & Search Context
[22m[39m[MOCK CourseVectorStore] Initialized with mock data
[90mstdout[2m | src/components/ChatSidebar.stories.jsx[2m > [22m[2m💬 Chat Sidebar / Dictionary & Search Context
[22m[39m[ChatSidebar] Loading messages for chat: mock-chat-dictionary-search count: 6
[90mstdout[2m | src/components/ChatSidebar.stories.jsx[2m > [22m[2m💬 Chat Sidebar / Dictionary & Search Context
[22m[39m[ChatSidebar] deepCloneMessages: cloned 6 messages
[90mstdout[2m | src/components/ChatSidebar.stories.jsx[2m > [22m[2m💬 Chat Sidebar / Dictionary & Search Context
[22m[39m[ChatContext] Chat exists and not archived, skipping creation
[90mstdout[2m | src/components/ChatSidebar.stories.jsx[2m > [22m[2m💬 Chat Sidebar / Dictionary & Search Context
[22m[39m[Mock Storage] downloadData called with: undefined
 [32m✓[39m [30m[45m storybook (chromium) [49m[39m src/components/ChatSidebar.stories.jsx [2m([22m[2m20 tests[22m[2m)[22m[33m 19944[2mms[22m[39m
   [33m[2m✓[22m[39m Getting Started [33m 1408[2mms[22m[39m
   [33m[2m✓[22m[39m Translation Helper [33m 302[2mms[22m[39m
   [33m[2m✓[22m[39m Content Creation [33m 1011[2mms[22m[39m
   [33m[2m✓[22m[39m With File Attachments [33m 515[2mms[22m[39m
   [33m[2m✓[22m[39m Quiz Generator [33m 662[2mms[22m[39m
   [33m[2m✓[22m[39m Answer Block Generator [33m 891[2mms[22m[39m
   [33m[2m✓[22m[39m Meaning Association Generator [33m 728[2mms[22m[39m
   [33m[2m✓[22m[39m Custom Answer Generator [33m 1052[2mms[22m[39m
   [33m[2m✓[22m[39m Grammar Explainer [33m 447[2mms[22m[39m
   [33m[2m✓[22m[39m Conversation History [33m 2021[2mms[22m[39m
   [33m[2m✓[22m[39m Tool Call Search [33m 697[2mms[22m[39m
   [33m[2m✓[22m[39m Tool Call Create Unit [33m 572[2mms[22m[39m
   [33m[2m✓[22m[39m Tool Call Generate Content [33m 933[2mms[22m[39m
   [33m[2m✓[22m[39m Tool Call Multi Step [33m 754[2mms[22m[39m
   [33m[2m✓[22m[39m 💬 Chat Sidebar / Unit Editor Context [33m 3537[2mms[22m[39m
   [33m[2m✓[22m[39m 💬 Chat Sidebar / Dashboard Context [33m 883[2mms[22m[39m
   [33m[2m✓[22m[39m 💬 Chat Sidebar / Sections Context [33m 1089[2mms[22m[39m
   [33m[2m✓[22m[39m 💬 Chat Sidebar / Workbook Context [33m 793[2mms[22m[39m
   [33m[2m✓[22m[39m 💬 Chat Sidebar / Recording Studio Context [33m 576[2mms[22m[39m
   [33m[2m✓[22m[39m 💬 Chat Sidebar / Dictionary & Search Context [33m 1073[2mms[22m[39m
[90mstdout[2m | unknown test
[22m[39m[MOCK vectorStoreDB.js] Module loaded - mock IndexedDB operations
[90mstdout[2m | unknown test
[22m[39m[Task Completion] DOM action listeners initialized
[90mstdout[2m | unknown test
[22m[39m[Task Completion] Auto-completion detector initialized
[90mstdout[2m | unknown test
[22m[39m[Preview] Task completion detector initialized
[90mstdout[2m | .storybook/docs/QuickTour-AI.stories.tsx[2m > [22m[2m1. Start a Conversation
[22m[39m[MOCK CourseVectorStore] Initialized with mock data
[90mstdout[2m | .storybook/docs/QuickTour-AI.stories.tsx[2m > [22m[2m1. Start a Conversation
[22m[39m[chatTools] Vector store search function registered: true
[90mstdout[2m | .storybook/docs/QuickTour-AI.stories.tsx[2m > [22m[2m1. Start a Conversation
[22m[39m[ChatSidebar] Registered vector store search, isReady: false
[90mstdout[2m | .storybook/docs/QuickTour-AI.stories.tsx[2m > [22m[2m1. Start a Conversation
[22m[39m[chatTools] Practice drill callback registered: true
[90mstdout[2m | .storybook/docs/QuickTour-AI.stories.tsx[2m > [22m[2m1. Start a Conversation
[22m[39m[TranslationModeController] Setting mode to: off
[90mstdout[2m | .storybook/docs/QuickTour-AI.stories.tsx[2m > [22m[2m1. Start a Conversation
[22m[39m[UnitContext] useEffect triggered {
  "authLoading": false,
  "hasUser": true,
  "id": "mock-unit-id",
  "userSub": "mock-user-sub",
}
[90mstdout[2m | .storybook/docs/QuickTour-AI.stories.tsx[2m > [22m[2m1. Start a Conversation
[22m[39m[UnitContext] Fetching unit data for id: mock-unit-id
[90mstdout[2m | .storybook/docs/QuickTour-AI.stories.tsx[2m > [22m[2m1. Start a Conversation
[22m[39m[FilesContext] Initializing vector store from IndexedDB
[90mstdout[2m | .storybook/docs/QuickTour-AI.stories.tsx[2m > [22m[2m1. Start a Conversation
[22m[39m[FilesContext] fetchFiles called
[90mstdout[2m | .storybook/docs/QuickTour-AI.stories.tsx[2m > [22m[2m1. Start a Conversation
[22m[39m[FilesContext] User authenticated: mock-user-sub
[90mstdout[2m | .storybook/docs/QuickTour-AI.stories.tsx[2m > [22m[2m1. Start a Conversation
[22m[39m[FilesContext] Identity ID: us-east-1:mock-identity-123
[90mstdout[2m | .storybook/docs/QuickTour-AI.stories.tsx[2m > [22m[2m1. Start a Conversation
[22m[39m[FilesContext] About to set up File observeQuery
[90mstdout[2m | .storybook/docs/QuickTour-AI.stories.tsx[2m > [22m[2m1. Start a Conversation
[22m[39m[ChatContext] Setting up AssistantChat observeQuery
[90mstdout[2m | .storybook/docs/QuickTour-AI.stories.tsx[2m > [22m[2m1. Start a Conversation
[22m[39m[ChatContext] Waiting for subscription to initialize
[90mstdout[2m | .storybook/docs/QuickTour-AI.stories.tsx[2m > [22m[2m1. Start a Conversation
[22m[39m[SettingsContext] Setting up Settings subscription for user: mock-user-sub
[90mstdout[2m | .storybook/docs/QuickTour-AI.stories.tsx[2m > [22m[2m1. Start a Conversation
[22m[39m[Mock Data] Settings created: mock-settings-1790416101400 - notified 0 subscribers
[90mstdout[2m | .storybook/docs/QuickTour-AI.stories.tsx[2m > [22m[2m1. Start a Conversation
[22m[39m[Mock Data] Unit.onUpdate() subscription added. Total: 1
[90mstdout[2m | .storybook/docs/QuickTour-AI.stories.tsx[2m > [22m[2m1. Start a Conversation
[22m[39m[SectionContext] Section observeQuery update: 0
[90mstdout[2m | .storybook/docs/QuickTour-AI.stories.tsx[2m > [22m[2m1. Start a Conversation
[22m[39m[FilesContext] File observeQuery update: 6 files
[90mstdout[2m | .storybook/docs/QuickTour-AI.stories.tsx[2m > [22m[2m1. Start a Conversation
[22m[39m[ChatContext] AssistantChat initialized with 1 chats
[90mstdout[2m | .storybook/docs/QuickTour-AI.stories.tsx[2m > [22m[2m1. Start a Conversation
[22m[39m[ChatContext] Setting initial chat: tour-chat-1
[90mstdout[2m | .storybook/docs/QuickTour-AI.stories.tsx[2m > [22m[2m1. Start a Conversation
[22m[39m[MOCK CourseVectorStore] Initialized with mock data
[90mstdout[2m | .storybook/docs/QuickTour-AI.stories.tsx[2m > [22m[2m1. Start a Conversation
[22m[39m[ChatSidebar] Loading messages for chat: tour-chat-1 count: 0
[90mstdout[2m | .storybook/docs/QuickTour-AI.stories.tsx[2m > [22m[2m1. Start a Conversation
[22m[39m[ChatSidebar] deepCloneMessages: returning empty array
[90mstdout[2m | .storybook/docs/QuickTour-AI.stories.tsx[2m > [22m[2m1. Start a Conversation
[22m[39m[FilesContext] Vector store population triggered {
  "currentVectorStoreSize": 3,
  "documentsCount": 0,
  "filesCount": 6,
  "isInitialLoad": true,
}
[90mstdout[2m | .storybook/docs/QuickTour-AI.stories.tsx[2m > [22m[2m1. Start a Conversation
[22m[39m[FilesContext] Vector store population complete - 3 total embeddings
[90mstdout[2m | .storybook/docs/QuickTour-AI.stories.tsx[2m > [22m[2m1. Start a Conversation
[22m[39m[ChatContext] Chat exists and not archived, skipping creation
[90mstdout[2m | .storybook/docs/QuickTour-AI.stories.tsx[2m > [22m[2m1. Start a Conversation
[22m[39m[Mock Storage] downloadData called with: undefined
[90mstdout[2m | .storybook/docs/QuickTour-AI.stories.tsx[2m > [22m[2m1. Start a Conversation
[22m[39m[ChatSidebar] Custom fetch routing to local /api/chat route, ignoring AI SDK url: /api/chat
[90mstdout[2m | .storybook/docs/QuickTour-AI.stories.tsx[2m > [22m[2m1. Start a Conversation
[22m[39m[ChatSidebar] Sending request to /api/chat: {
  "filesCount": 0,
  "hasUnit": true,
  "questionsCount": 0,
  "wordsCount": 0,
}
[90mstdout[2m | .storybook/docs/QuickTour-AI.stories.tsx[2m > [22m[2m1. Start a Conversation
[22m[39m[Mock Fetch] Intercepted /api/chat
[90mstdout[2m | .storybook/docs/QuickTour-AI.stories.tsx[2m > [22m[2m1. Start a Conversation
[22m[39m[Mock Chat API] Received: {
  "context": {
    "courseOutline": null,
    "dictionary": [],
    "files": [],
    "grade": null,
    "questionBank": [],
    "sectionId": null,
    "sections": [],
    "studentMemory": null,
    "unit": {
      "content": "",
      "description": "A mock unit for Storybook development",
      "headingContext": {
        "headingPath": [],
        "suggestedNextHeading": "h1",
      },
      "id": "mock-unit-id",
      "name": "Sample Unit",
    },
  },
  "messages": [
    {
      "id": "43xpKUjs7HQCAbNm",
      "parts": [
        {
          "text": "Help me create a lesson about Japanese greetings",
          "type": "text",
        },
      ],
      "role": "user",
    },
  ],
}
[90mstdout[2m | .storybook/docs/QuickTour-AI.stories.tsx[2m > [22m[2m1. Start a Conversation
[22m[39m[ChatSidebar] Response received: {
  "ok": true,
  "status": 200,
}
[90mstdout[2m | .storybook/docs/QuickTour-AI.stories.tsx[2m > [22m[2m2. AI Tool Calls
[22m[39m[ChatContext] Cleaning up subscriptions
[90mstdout[2m | .storybook/docs/QuickTour-AI.stories.tsx[2m > [22m[2m2. AI Tool Calls
[22m[39m[Mock Data] Unit.onUpdate() subscription removed. Remaining: 0
[90mstdout[2m | .storybook/docs/QuickTour-AI.stories.tsx[2m > [22m[2m2. AI Tool Calls
[22m[39m[chatTools] Vector store search function registered: false
[90mstdout[2m | .storybook/docs/QuickTour-AI.stories.tsx[2m > [22m[2m2. AI Tool Calls
[22m[39m[chatTools] Practice drill callback registered: false
[90mstdout[2m | .storybook/docs/QuickTour-AI.stories.tsx[2m > [22m[2m2. AI Tool Calls
[22m[39m[Mock Data] AssistantChat updated: tour-chat-1 - notified 0 subscribers
[90mstdout[2m | .storybook/docs/QuickTour-AI.stories.tsx[2m > [22m[2m2. AI Tool Calls
[22m[39m[MOCK CourseVectorStore] Initialized with mock data
[90mstdout[2m | .storybook/docs/QuickTour-AI.stories.tsx[2m > [22m[2m2. AI Tool Calls
[22m[39m[Mock Data] seedMockWords: Adding 0 words
[90mstdout[2m | .storybook/docs/QuickTour-AI.stories.tsx[2m > [22m[2m2. AI Tool Calls
[22m[39m[Mock Data] seedMockQuestions: Adding 0 questions
[90mstdout[2m | .storybook/docs/QuickTour-AI.stories.tsx[2m > [22m[2m2. AI Tool Calls
[22m[39m[chatTools] Vector store search function registered: true
[90mstdout[2m | .storybook/docs/QuickTour-AI.stories.tsx[2m > [22m[2m2. AI Tool Calls
[22m[39m[ChatSidebar] Registered vector store search, isReady: false
[90mstdout[2m | .storybook/docs/QuickTour-AI.stories.tsx[2m > [22m[2m2. AI Tool Calls
[22m[39m[chatTools] Practice drill callback registered: true
[90mstdout[2m | .storybook/docs/QuickTour-AI.stories.tsx[2m > [22m[2m2. AI Tool Calls
[22m[39m[TranslationModeController] Setting mode to: off
[90mstdout[2m | .storybook/docs/QuickTour-AI.stories.tsx[2m > [22m[2m2. AI Tool Calls
[22m[39m[UnitContext] useEffect triggered {
  "authLoading": false,
  "hasUser": true,
  "id": "mock-unit-id",
  "userSub": "mock-user-sub",
}
[90mstdout[2m | .storybook/docs/QuickTour-AI.stories.tsx[2m > [22m[2m2. AI Tool Calls
[22m[39m[UnitContext] Fetching unit data for id: mock-unit-id
[90mstdout[2m | .storybook/docs/QuickTour-AI.stories.tsx[2m > [22m[2m2. AI Tool Calls
[22m[39m[FilesContext] Initializing vector store from IndexedDB
[90mstdout[2m | .storybook/docs/QuickTour-AI.stories.tsx[2m > [22m[2m2. AI Tool Calls
[22m[39m[FilesContext] fetchFiles called
[90mstdout[2m | .storybook/docs/QuickTour-AI.stories.tsx[2m > [22m[2m2. AI Tool Calls
[22m[39m[FilesContext] User authenticated: mock-user-sub
[90mstdout[2m | .storybook/docs/QuickTour-AI.stories.tsx[2m > [22m[2m2. AI Tool Calls
[22m[39m[FilesContext] Identity ID: us-east-1:mock-identity-123
[90mstdout[2m | .storybook/docs/QuickTour-AI.stories.tsx[2m > [22m[2m2. AI Tool Calls
[22m[39m[FilesContext] About to set up File observeQuery
[90mstdout[2m | .storybook/docs/QuickTour-AI.stories.tsx[2m > [22m[2m2. AI Tool Calls
[22m[39m[ChatContext] Setting up AssistantChat observeQuery
[90mstdout[2m | .storybook/docs/QuickTour-AI.stories.tsx[2m > [22m[2m2. AI Tool Calls
[22m[39m[ChatContext] Waiting for subscription to initialize
[90mstdout[2m | .storybook/docs/QuickTour-AI.stories.tsx[2m > [22m[2m2. AI Tool Calls
[22m[39m[SettingsContext] Setting up Settings subscription for user: mock-user-sub
[90mstdout[2m | .storybook/docs/QuickTour-AI.stories.tsx[2m > [22m[2m2. AI Tool Calls
[22m[39m[Mock Data] Settings created: mock-settings-1790416106597 - notified 0 subscribers
[90mstdout[2m | .storybook/docs/QuickTour-AI.stories.tsx[2m > [22m[2m2. AI Tool Calls
[22m[39m[Mock Data] Unit.onUpdate() subscription added. Total: 1
[90mstdout[2m | .storybook/docs/QuickTour-AI.stories.tsx[2m > [22m[2m2. AI Tool Calls
[22m[39m[SectionContext] Section observeQuery update: 0
[90mstdout[2m | .storybook/docs/QuickTour-AI.stories.tsx[2m > [22m[2m2. AI Tool Calls
[22m[39m[FilesContext] File observeQuery update: 6 files
[90mstdout[2m | .storybook/docs/QuickTour-AI.stories.tsx[2m > [22m[2m2. AI Tool Calls
[22m[39m[ChatContext] AssistantChat initialized with 1 chats
[90mstdout[2m | .storybook/docs/QuickTour-AI.stories.tsx[2m > [22m[2m2. AI Tool Calls
[22m[39m[ChatContext] Setting initial chat: tour-chat-tools
[90mstdout[2m | .storybook/docs/QuickTour-AI.stories.tsx[2m > [22m[2m2. AI Tool Calls
[22m[39m[MOCK CourseVectorStore] Initialized with mock data
[90mstdout[2m | .storybook/docs/QuickTour-AI.stories.tsx[2m > [22m[2m2. AI Tool Calls
[22m[39m[ChatSidebar] Loading messages for chat: tour-chat-tools count: 0
[90mstdout[2m | .storybook/docs/QuickTour-AI.stories.tsx[2m > [22m[2m2. AI Tool Calls
[22m[39m[ChatSidebar] deepCloneMessages: returning empty array
[90mstdout[2m | .storybook/docs/QuickTour-AI.stories.tsx[2m > [22m[2m2. AI Tool Calls
[22m[39m[FilesContext] Vector store population triggered {
  "currentVectorStoreSize": 3,
  "documentsCount": 0,
  "filesCount": 6,
  "isInitialLoad": true,
}
[90mstdout[2m | .storybook/docs/QuickTour-AI.stories.tsx[2m > [22m[2m2. AI Tool Calls
[22m[39m[FilesContext] Vector store population complete - 3 total embeddings
[90mstdout[2m | .storybook/docs/QuickTour-AI.stories.tsx[2m > [22m[2m2. AI Tool Calls
[22m[39m[ChatContext] Chat exists and not archived, skipping creation
[90mstdout[2m | .storybook/docs/QuickTour-AI.stories.tsx[2m > [22m[2m2. AI Tool Calls
[22m[39m[Mock Storage] downloadData called with: undefined
[90mstdout[2m | .storybook/docs/QuickTour-AI.stories.tsx[2m > [22m[2m2. AI Tool Calls
[22m[39m[ChatSidebar] Message finished: {
  "finishReason": undefined,
  "isAbort": false,
  "isDisconnect": false,
  "isError": false,
  "message": {
    "id": "ihZszeEhwd2oFznp",
    "metadata": undefined,
    "parts": [],
    "role": "assistant",
  },
  "messages": [
    {
      "id": "43xpKUjs7HQCAbNm",
      "metadata": undefined,
      "parts": [
        {
          "text": "Help me create a lesson about Japanese greetings",
          "type": "text",
        },
      ],
      "role": "user",
    },
  ],
}
[90mstdout[2m | .storybook/docs/QuickTour-AI.stories.tsx[2m > [22m[2m2. AI Tool Calls
[22m[39m[ChatSidebar] deepCloneMessages: cloned 1 messages
[90mstdout[2m | .storybook/docs/QuickTour-AI.stories.tsx[2m > [22m[2m2. AI Tool Calls
[22m[39m[ChatSidebar] Custom fetch routing to local /api/chat route, ignoring AI SDK url: /api/chat
[90mstdout[2m | .storybook/docs/QuickTour-AI.stories.tsx[2m > [22m[2m2. AI Tool Calls
[22m[39m[ChatSidebar] Sending request to /api/chat: {
  "filesCount": 0,
  "hasUnit": true,
  "questionsCount": 0,
  "wordsCount": 0,
}
[90mstdout[2m | .storybook/docs/QuickTour-AI.stories.tsx[2m > [22m[2m2. AI Tool Calls
[22m[39m[Mock Fetch] Intercepted /api/chat
[90mstdout[2m | .storybook/docs/QuickTour-AI.stories.tsx[2m > [22m[2m2. AI Tool Calls
[22m[39m[Mock Chat API] Received: {
  "context": {
    "courseOutline": null,
    "dictionary": [],
    "files": [],
    "grade": null,
    "questionBank": [],
    "sectionId": null,
    "sections": [],
    "studentMemory": null,
    "unit": {
      "content": "",
      "description": "A mock unit for Storybook development",
      "headingContext": {
        "headingPath": [],
        "suggestedNextHeading": "h1",
      },
      "id": "mock-unit-id",
      "name": "Sample Unit",
    },
  },
  "messages": [
    {
      "id": "IgLZWegDQuKJi2tn",
      "parts": [
        {
          "text": "Search my vocabulary for greetings",
          "type": "text",
        },
      ],
      "role": "user",
    },
  ],
}
[90mstdout[2m | .storybook/docs/QuickTour-AI.stories.tsx[2m > [22m[2m2. AI Tool Calls
[22m[39m[ChatSidebar] Response received: {
  "ok": true,
  "status": 200,
}
[90mstdout[2m | .storybook/docs/QuickTour-AI.stories.tsx[2m > [22m[2m2. AI Tool Calls
[22m[39m[ChatSidebar] Message finished: {
  "finishReason": undefined,
  "isAbort": false,
  "isDisconnect": false,
  "isError": false,
  "message": {
    "id": "r4LBGkuuE0UIG2bF",
    "metadata": undefined,
    "parts": [],
    "role": "assistant",
  },
  "messages": [
    {
      "id": "IgLZWegDQuKJi2tn",
      "metadata": undefined,
      "parts": [
        {
          "text": "Search my vocabulary for greetings",
          "type": "text",
        },
      ],
      "role": "user",
    },
  ],
}
[90mstdout[2m | .storybook/docs/QuickTour-AI.stories.tsx[2m > [22m[2m2. AI Tool Calls
[22m[39m[ChatSidebar] deepCloneMessages: cloned 1 messages
[90mstdout[2m | .storybook/docs/QuickTour-AI.stories.tsx[2m > [22m[2m3. Generate Content
[22m[39m[ChatContext] Cleaning up subscriptions
[90mstdout[2m | .storybook/docs/QuickTour-AI.stories.tsx[2m > [22m[2m3. Generate Content
[22m[39m[Mock Data] Unit.onUpdate() subscription removed. Remaining: 0
[90mstdout[2m | .storybook/docs/QuickTour-AI.stories.tsx[2m > [22m[2m3. Generate Content
[22m[39m[chatTools] Vector store search function registered: false
[90mstdout[2m | .storybook/docs/QuickTour-AI.stories.tsx[2m > [22m[2m3. Generate Content
[22m[39m[chatTools] Practice drill callback registered: false
[90mstdout[2m | .storybook/docs/QuickTour-AI.stories.tsx[2m > [22m[2m3. Generate Content
[22m[39m[Mock Data] AssistantChat updated: tour-chat-tools - notified 0 subscribers
[90mstdout[2m | .storybook/docs/QuickTour-AI.stories.tsx[2m > [22m[2m3. Generate Content
[22m[39m[MOCK CourseVectorStore] Initialized with mock data
[90mstdout[2m | .storybook/docs/QuickTour-AI.stories.tsx[2m > [22m[2m3. Generate Content
[22m[39m[chatTools] Vector store search function registered: true
[90mstdout[2m | .storybook/docs/QuickTour-AI.stories.tsx[2m > [22m[2m3. Generate Content
[22m[39m[ChatSidebar] Registered vector store search, isReady: false
[90mstdout[2m | .storybook/docs/QuickTour-AI.stories.tsx[2m > [22m[2m3. Generate Content
[22m[39m[chatTools] Practice drill callback registered: true
[90mstdout[2m | .storybook/docs/QuickTour-AI.stories.tsx[2m > [22m[2m3. Generate Content
[22m[39m[TranslationModeController] Setting mode to: off
[90mstdout[2m | .storybook/docs/QuickTour-AI.stories.tsx[2m > [22m[2m3. Generate Content
[22m[39m[UnitContext] useEffect triggered {
  "authLoading": false,
  "hasUser": true,
  "id": "mock-unit-id",
  "userSub": "mock-user-sub",
}
[90mstdout[2m | .storybook/docs/QuickTour-AI.stories.tsx[2m > [22m[2m3. Generate Content
[22m[39m[UnitContext] Fetching unit data for id: mock-unit-id
[90mstdout[2m | .storybook/docs/QuickTour-AI.stories.tsx[2m > [22m[2m3. Generate Content
[22m[39m[FilesContext] Initializing vector store from IndexedDB
[90mstdout[2m | .storybook/docs/QuickTour-AI.stories.tsx[2m > [22m[2m3. Generate Content
[22m[39m[FilesContext] fetchFiles called
[90mstdout[2m | .storybook/docs/QuickTour-AI.stories.tsx[2m > [22m[2m3. Generate Content
[22m[39m[FilesContext] User authenticated: mock-user-sub
[90mstdout[2m | .storybook/docs/QuickTour-AI.stories.tsx[2m > [22m[2m3. Generate Content
[22m[39m[FilesContext] Identity ID: us-east-1:mock-identity-123
[90mstdout[2m | .storybook/docs/QuickTour-AI.stories.tsx[2m > [22m[2m3. Generate Content
[22m[39m[FilesContext] About to set up File observeQuery
[90mstdout[2m | .storybook/docs/QuickTour-AI.stories.tsx[2m > [22m[2m3. Generate Content
[22m[39m[ChatContext] Setting up AssistantChat observeQuery
[90mstdout[2m | .storybook/docs/QuickTour-AI.stories.tsx[2m > [22m[2m3. Generate Content
[22m[39m[ChatContext] Waiting for subscription to initialize
[90mstdout[2m | .storybook/docs/QuickTour-AI.stories.tsx[2m > [22m[2m3. Generate Content
[22m[39m[SettingsContext] Setting up Settings subscription for user: mock-user-sub
[90mstdout[2m | .storybook/docs/QuickTour-AI.stories.tsx[2m > [22m[2m3. Generate Content
[22m[39m[Mock Data] Settings created: mock-settings-1790416112466 - notified 0 subscribers
[90mstdout[2m | .storybook/docs/QuickTour-AI.stories.tsx[2m > [22m[2m3. Generate Content
[22m[39m[Mock Data] Unit.onUpdate() subscription added. Total: 1
[90mstdout[2m | .storybook/docs/QuickTour-AI.stories.tsx[2m > [22m[2m3. Generate Content
[22m[39m[SectionContext] Section observeQuery update: 0
[90mstdout[2m | .storybook/docs/QuickTour-AI.stories.tsx[2m > [22m[2m3. Generate Content
[22m[39m[FilesContext] File observeQuery update: 6 files
[90mstdout[2m | .storybook/docs/QuickTour-AI.stories.tsx[2m > [22m[2m3. Generate Content
[22m[39m[ChatContext] AssistantChat initialized with 1 chats
[90mstdout[2m | .storybook/docs/QuickTour-AI.stories.tsx[2m > [22m[2m3. Generate Content
[22m[39m[ChatContext] Setting initial chat: tour-chat-quiz
[90mstdout[2m | .storybook/docs/QuickTour-AI.stories.tsx[2m > [22m[2m3. Generate Content
[22m[39m[MOCK CourseVectorStore] Initialized with mock data
[90mstdout[2m | .storybook/docs/QuickTour-AI.stories.tsx[2m > [22m[2m3. Generate Content
[22m[39m[ChatSidebar] Loading messages for chat: tour-chat-quiz count: 0
[90mstdout[2m | .storybook/docs/QuickTour-AI.stories.tsx[2m > [22m[2m3. Generate Content
[22m[39m[ChatSidebar] deepCloneMessages: returning empty array
[90mstdout[2m | .storybook/docs/QuickTour-AI.stories.tsx[2m > [22m[2m3. Generate Content
[22m[39m[FilesContext] Vector store population triggered {
  "currentVectorStoreSize": 3,
  "documentsCount": 0,
  "filesCount": 6,
  "isInitialLoad": true,
}
[90mstdout[2m | .storybook/docs/QuickTour-AI.stories.tsx[2m > [22m[2m3. Generate Content
[22m[39m[FilesContext] Vector store population complete - 3 total embeddings
[90mstdout[2m | .storybook/docs/QuickTour-AI.stories.tsx[2m > [22m[2m3. Generate Content
[22m[39m[ChatContext] Chat exists and not archived, skipping creation
[90mstdout[2m | .storybook/docs/QuickTour-AI.stories.tsx[2m > [22m[2m3. Generate Content
[22m[39m[Mock Storage] downloadData called with: undefined
[90mstdout[2m | .storybook/docs/QuickTour-AI.stories.tsx[2m > [22m[2m3. Generate Content
[22m[39m[ChatSidebar] Custom fetch routing to local /api/chat route, ignoring AI SDK url: /api/chat
[90mstdout[2m | .storybook/docs/QuickTour-AI.stories.tsx[2m > [22m[2m3. Generate Content
[22m[39m[ChatSidebar] Sending request to /api/chat: {
  "filesCount": 0,
  "hasUnit": true,
  "questionsCount": 0,
  "wordsCount": 0,
}
[90mstdout[2m | .storybook/docs/QuickTour-AI.stories.tsx[2m > [22m[2m3. Generate Content
[22m[39m[Mock Fetch] Intercepted /api/chat
[90mstdout[2m | .storybook/docs/QuickTour-AI.stories.tsx[2m > [22m[2m3. Generate Content
[22m[39m[Mock Chat API] Received: {
  "context": {
    "courseOutline": null,
    "dictionary": [],
    "files": [],
    "grade": null,
    "questionBank": [],
    "sectionId": null,
    "sections": [],
    "studentMemory": null,
    "unit": {
      "content": "",
      "description": "A mock unit for Storybook development",
      "headingContext": {
        "headingPath": [],
        "suggestedNextHeading": "h1",
      },
      "id": "mock-unit-id",
      "name": "Sample Unit",
    },
  },
  "messages": [
    {
      "id": "FfW7h5ug2KnVw9G2",
      "parts": [
        {
          "text": "Generate 3 multiple choice questions about Japanese greetings",
          "type": "text",
        },
      ],
      "role": "user",
    },
  ],
}
[90mstdout[2m | .storybook/docs/QuickTour-AI.stories.tsx[2m > [22m[2m3. Generate Content
[22m[39m[ChatSidebar] Response received: {
  "ok": true,
  "status": 200,
}
[90mstdout[2m | .storybook/docs/QuickTour-AI.stories.tsx[2m > [22m[2m3. Generate Content
[22m[39m[ChatSidebar] Message finished: {
  "finishReason": undefined,
  "isAbort": false,
  "isDisconnect": false,
  "isError": false,
  "message": {
    "id": "IcbwTeGneJfcW2Gg",
    "metadata": undefined,
    "parts": [],
    "role": "assistant",
  },
  "messages": [
    {
      "id": "FfW7h5ug2KnVw9G2",
      "metadata": undefined,
      "parts": [
        {
          "text": "Generate 3 multiple choice questions about Japanese greetings",
          "type": "text",
        },
      ],
      "role": "user",
    },
  ],
}
[90mstdout[2m | .storybook/docs/QuickTour-AI.stories.tsx[2m > [22m[2m3. Generate Content
[22m[39m[ChatSidebar] deepCloneMessages: cloned 1 messages
 [32m✓[39m [30m[45m storybook (chromium) [49m[39m .storybook/docs/QuickTour-AI.stories.tsx [2m([22m[2m3 tests[22m[2m)[22m[33m 17274[2mms[22m[39m
   [33m[2m✓[22m[39m 1. Start a Conversation [33m 5229[2mms[22m[39m
   [33m[2m✓[22m[39m 2. AI Tool Calls [33m 5863[2mms[22m[39m
   [33m[2m✓[22m[39m 3. Generate Content [33m 6182[2mms[22m[39m
[90mstdout[2m | unknown test
[22m[39m[MOCK vectorStoreDB.js] Module loaded - mock IndexedDB operations
[90mstdout[2m | unknown test
[22m[39m[Task Completion] DOM action listeners initialized
[90mstdout[2m | unknown test
[22m[39m[Task Completion] Auto-completion detector initialized
[90mstdout[2m | unknown test
[22m[39m[Preview] Task completion detector initialized
[90mstdout[2m | src/components/Gamification/InstructorGamificationPanel.stories.tsx[2m > [22m[2mEmpty
[22m[39m[TranslationModeController] Setting mode to: off
[90mstdout[2m | src/components/Gamification/InstructorGamificationPanel.stories.tsx[2m > [22m[2mWith Data
[22m[39m[TranslationModeController] Setting mode to: off
[90mstdout[2m | src/components/Gamification/InstructorGamificationPanel.stories.tsx[2m > [22m[2mAccordion Interaction
[22m[39m[TranslationModeController] Setting mode to: off
[90mstdout[2m | src/components/Gamification/InstructorGamificationPanel.stories.tsx
[22m[39m
════════════════════════════════════════════════════════════
[90mstdout[2m | src/components/Gamification/InstructorGamificationPanel.stories.tsx
[22m[39m  STORYBOOK AUDIT — 1 issue(s) in 3 stories
[90mstdout[2m | src/components/Gamification/InstructorGamificationPanel.stories.tsx
[22m[39m════════════════════════════════════════════════════════════
[90mstdout[2m | src/components/Gamification/InstructorGamificationPanel.stories.tsx
[22m[39m  CONSOLE ERRORS (2 total across 2 unique):
[90mstdout[2m | src/components/Gamification/InstructorGamificationPanel.stories.tsx
[22m[39m    [1x] In HTML, %s cannot be a descendant of <%s>.
This will cause a hydration error.%s <div> p 

  ...
   
[90mstdout[2m | src/components/Gamification/InstructorGamificationPanel.stories.tsx
[22m[39m    [1x] <%s> cannot contain a nested %s.
See this log for the ancestor stack trace. p <div>
[90mstdout[2m | src/components/Gamification/InstructorGamificationPanel.stories.tsx
[22m[39m
[90mstdout[2m | src/components/Gamification/InstructorGamificationPanel.stories.tsx
[22m[39m  STORIES WITH ISSUES:
[90mstdout[2m | src/components/Gamification/InstructorGamificationPanel.stories.tsx
[22m[39m    • With Data (2 console)
[90mstdout[2m | src/components/Gamification/InstructorGamificationPanel.stories.tsx
[22m[39m
[90mstdout[2m | src/components/Gamification/InstructorGamificationPanel.stories.tsx
[22m[39m  VERDICT: ISSUES FOUND
[90mstdout[2m | src/components/Gamification/InstructorGamificationPanel.stories.tsx
[22m[39m════════════════════════════════════════════════════════════

 [32m✓[39m [30m[45m storybook (chromium) [49m[39m src/components/Gamification/InstructorGamificationPanel.stories.tsx [2m([22m[2m3 tests[22m[2m)[22m[33m 9132[2mms[22m[39m
   [33m[2m✓[22m[39m Empty [33m 2726[2mms[22m[39m
   [33m[2m✓[22m[39m With Data [33m 3049[2mms[22m[39m
   [33m[2m✓[22m[39m Accordion Interaction [33m 3338[2mms[22m[39m
[90mstdout[2m | unknown test
[22m[39m[MOCK vectorStoreDB.js] Module loaded - mock IndexedDB operations
[90mstdout[2m | unknown test
[22m[39m[Task Completion] DOM action listeners initialized
[90mstdout[2m | unknown test
[22m[39m[Task Completion] Auto-completion detector initialized
[90mstdout[2m | unknown test
[22m[39m[Preview] Task completion detector initialized
[90mstdout[2m | src/components/InstructorDashboard.stories.jsx[2m > [22m[2mWith Sections
[22m[39m[MOCK CourseVectorStore] Initialized with mock data
[90mstdout[2m | src/components/InstructorDashboard.stories.jsx[2m > [22m[2mWith Sections
[22m[39m[Mock Data] seedMockUnit: Adding unit unit-1
[90mstdout[2m | src/components/InstructorDashboard.stories.jsx[2m > [22m[2mWith Sections
[22m[39m[Mock Data] seedMockUnit: Adding unit unit-2
[90mstdout[2m | src/components/InstructorDashboard.stories.jsx[2m > [22m[2mWith Sections
[22m[39m[Mock Data] seedMockUnit: Adding unit unit-3
[90mstdout[2m | src/components/InstructorDashboard.stories.jsx[2m > [22m[2mWith Sections
[22m[39m[Mock Data] seedMockUnit: Adding unit unit-4
[90mstdout[2m | src/components/InstructorDashboard.stories.jsx[2m > [22m[2mWith Sections
[22m[39m[Mock Data] seedMockUnit: Adding unit unit-5
[90mstdout[2m | src/components/InstructorDashboard.stories.jsx[2m > [22m[2mWith Sections
[22m[39m[Mock Data] seedMockAssignments: Adding 7 assignments
[90mstdout[2m | src/components/InstructorDashboard.stories.jsx[2m > [22m[2mWith Sections
[22m[39m[Mock Data] Total assignments in store: 7
[90mstdout[2m | src/components/InstructorDashboard.stories.jsx[2m > [22m[2mWith Sections
[22m[39m[Mock Data] Seeded grade: grade-1 for unit: unit-1
[90mstdout[2m | src/components/InstructorDashboard.stories.jsx[2m > [22m[2mWith Sections
[22m[39m[Mock Data] Grade has data: false
[90mstdout[2m | src/components/InstructorDashboard.stories.jsx[2m > [22m[2mWith Sections
[22m[39m[Mock Data] Total grades in store: 1
[90mstdout[2m | src/components/InstructorDashboard.stories.jsx[2m > [22m[2mWith Sections
[22m[39m[Mock Data] Seeded grade: grade-2 for unit: unit-2
[90mstdout[2m | src/components/InstructorDashboard.stories.jsx[2m > [22m[2mWith Sections
[22m[39m[Mock Data] Grade has data: false
[90mstdout[2m | src/components/InstructorDashboard.stories.jsx[2m > [22m[2mWith Sections
[22m[39m[Mock Data] Total grades in store: 2
[90mstdout[2m | src/components/InstructorDashboard.stories.jsx[2m > [22m[2mWith Sections
[22m[39m[Mock Data] Seeded grade: grade-3 for unit: unit-3
[90mstdout[2m | src/components/InstructorDashboard.stories.jsx[2m > [22m[2mWith Sections
[22m[39m[Mock Data] Grade has data: false
[90mstdout[2m | src/components/InstructorDashboard.stories.jsx[2m > [22m[2mWith Sections
[22m[39m[Mock Data] Total grades in store: 3
[90mstdout[2m | src/components/InstructorDashboard.stories.jsx[2m > [22m[2mWith Sections
[22m[39m[Mock Data] Seeded grade: grade-4 for unit: unit-1
[90mstdout[2m | src/components/InstructorDashboard.stories.jsx[2m > [22m[2mWith Sections
[22m[39m[Mock Data] Grade has data: false
[90mstdout[2m | src/components/InstructorDashboard.stories.jsx[2m > [22m[2mWith Sections
[22m[39m[Mock Data] Total grades in store: 4
[90mstdout[2m | src/components/InstructorDashboard.stories.jsx[2m > [22m[2mWith Sections
[22m[39m[Mock Data] Seeded grade: grade-5 for unit: unit-2
[90mstdout[2m | src/components/InstructorDashboard.stories.jsx[2m > [22m[2mWith Sections
[22m[39m[Mock Data] Grade has data: false
[90mstdout[2m | src/components/InstructorDashboard.stories.jsx[2m > [22m[2mWith Sections
[22m[39m[Mock Data] Total grades in store: 5
[90mstdout[2m | src/components/InstructorDashboard.stories.jsx[2m > [22m[2mWith Sections
[22m[39m[Mock Data] Seeded grade: grade-6 for unit: unit-3
[90mstdout[2m | src/components/InstructorDashboard.stories.jsx[2m > [22m[2mWith Sections
[22m[39m[Mock Data] Grade has data: false
[90mstdout[2m | src/components/InstructorDashboard.stories.jsx[2m > [22m[2mWith Sections
[22m[39m[Mock Data] Total grades in store: 6
[90mstdout[2m | src/components/InstructorDashboard.stories.jsx[2m > [22m[2mWith Sections
[22m[39m[Mock Data] Seeded grade: grade-7 for unit: unit-1
[90mstdout[2m | src/components/InstructorDashboard.stories.jsx[2m > [22m[2mWith Sections
[22m[39m[Mock Data] Grade has data: false
[90mstdout[2m | src/components/InstructorDashboard.stories.jsx[2m > [22m[2mWith Sections
[22m[39m[Mock Data] Total grades in store: 7
[90mstdout[2m | src/components/InstructorDashboard.stories.jsx[2m > [22m[2mWith Sections
[22m[39m[Mock Data] Seeded grade: grade-8 for unit: unit-2
[90mstdout[2m | src/components/InstructorDashboard.stories.jsx[2m > [22m[2mWith Sections
[22m[39m[Mock Data] Grade has data: false
[90mstdout[2m | src/components/InstructorDashboard.stories.jsx[2m > [22m[2mWith Sections
[22m[39m[Mock Data] Total grades in store: 8
[90mstdout[2m | src/components/InstructorDashboard.stories.jsx[2m > [22m[2mWith Sections
[22m[39m[Mock Data] Seeded grade: grade-9 for unit: unit-3
[90mstdout[2m | src/components/InstructorDashboard.stories.jsx[2m > [22m[2mWith Sections
[22m[39m[Mock Data] Grade has data: false
[90mstdout[2m | src/components/InstructorDashboard.stories.jsx[2m > [22m[2mWith Sections
[22m[39m[Mock Data] Total grades in store: 9
[90mstdout[2m | src/components/InstructorDashboard.stories.jsx[2m > [22m[2mWith Sections
[22m[39m[Mock Data] Seeded grade: grade-10 for unit: unit-1
[90mstdout[2m | src/components/InstructorDashboard.stories.jsx[2m > [22m[2mWith Sections
[22m[39m[Mock Data] Grade has data: false
[90mstdout[2m | src/components/InstructorDashboard.stories.jsx[2m > [22m[2mWith Sections
[22m[39m[Mock Data] Total grades in store: 10
[90mstdout[2m | src/components/InstructorDashboard.stories.jsx[2m > [22m[2mWith Sections
[22m[39m[Mock Data] Seeded grade: grade-11 for unit: unit-2
[90mstdout[2m | src/components/InstructorDashboard.stories.jsx[2m > [22m[2mWith Sections
[22m[39m[Mock Data] Grade has data: false
[90mstdout[2m | src/components/InstructorDashboard.stories.jsx[2m > [22m[2mWith Sections
[22m[39m[Mock Data] Total grades in store: 11
[90mstdout[2m | src/components/InstructorDashboard.stories.jsx[2m > [22m[2mWith Sections
[22m[39m[Mock Data] Seeded grade: grade-12 for unit: unit-3
[90mstdout[2m | src/components/InstructorDashboard.stories.jsx[2m > [22m[2mWith Sections
[22m[39m[Mock Data] Grade has data: false
[90mstdout[2m | src/components/InstructorDashboard.stories.jsx[2m > [22m[2mWith Sections
[22m[39m[Mock Data] Total grades in store: 12
[90mstdout[2m | src/components/InstructorDashboard.stories.jsx[2m > [22m[2mWith Sections
[22m[39m[Mock Data] Seeded grade: grade-13 for unit: unit-1
[90mstdout[2m | src/components/InstructorDashboard.stories.jsx[2m > [22m[2mWith Sections
[22m[39m[Mock Data] Grade has data: false
[90mstdout[2m | src/components/InstructorDashboard.stories.jsx[2m > [22m[2mWith Sections
[22m[39m[Mock Data] Total grades in store: 13
[90mstdout[2m | src/components/InstructorDashboard.stories.jsx[2m > [22m[2mWith Sections
[22m[39m[Mock Data] Seeded grade: grade-14 for unit: unit-2
[90mstdout[2m | src/components/InstructorDashboard.stories.jsx[2m > [22m[2mWith Sections
[22m[39m[Mock Data] Grade has data: false
[90mstdout[2m | src/components/InstructorDashboard.stories.jsx[2m > [22m[2mWith Sections
[22m[39m[Mock Data] Total grades in store: 14
[90mstdout[2m | src/components/InstructorDashboard.stories.jsx[2m > [22m[2mWith Sections
[22m[39m[Mock Data] Seeded grade: grade-15 for unit: unit-3
[90mstdout[2m | src/components/InstructorDashboard.stories.jsx[2m > [22m[2mWith Sections
[22m[39m[Mock Data] Grade has data: false
[90mstdout[2m | src/components/InstructorDashboard.stories.jsx[2m > [22m[2mWith Sections
[22m[39m[Mock Data] Total grades in store: 15
[90mstdout[2m | src/components/InstructorDashboard.stories.jsx[2m > [22m[2mWith Sections
[22m[39m[Mock Data] Seeded grade: grade-16 for unit: unit-1
[90mstdout[2m | src/components/InstructorDashboard.stories.jsx[2m > [22m[2mWith Sections
[22m[39m[Mock Data] Grade has data: false
[90mstdout[2m | src/components/InstructorDashboard.stories.jsx[2m > [22m[2mWith Sections
[22m[39m[Mock Data] Total grades in store: 16
[90mstdout[2m | src/components/InstructorDashboard.stories.jsx[2m > [22m[2mWith Sections
[22m[39m[Mock Data] Seeded grade: grade-17 for unit: unit-2
[90mstdout[2m | src/components/InstructorDashboard.stories.jsx[2m > [22m[2mWith Sections
[22m[39m[Mock Data] Grade has data: false
[90mstdout[2m | src/components/InstructorDashboard.stories.jsx[2m > [22m[2mWith Sections
[22m[39m[Mock Data] Total grades in store: 17
[90mstdout[2m | src/components/InstructorDashboard.stories.jsx[2m > [22m[2mWith Sections
[22m[39m[Mock Data] Seeded grade: grade-18 for unit: unit-1
[90mstdout[2m | src/components/InstructorDashboard.stories.jsx[2m > [22m[2mWith Sections
[22m[39m[Mock Data] Grade has data: false
[90mstdout[2m | src/components/InstructorDashboard.stories.jsx[2m > [22m[2mWith Sections
[22m[39m[Mock Data] Total grades in store: 18
[90mstdout[2m | src/components/InstructorDashboard.stories.jsx[2m > [22m[2mWith Sections
[22m[39m[Mock Data] Seeded grade: grade-19 for unit: unit-2
[90mstdout[2m | src/components/InstructorDashboard.stories.jsx[2m > [22m[2mWith Sections
[22m[39m[Mock Data] Grade has data: false
[90mstdout[2m | src/components/InstructorDashboard.stories.jsx[2m > [22m[2mWith Sections
[22m[39m[Mock Data] Total grades in store: 19
[90mstdout[2m | src/components/InstructorDashboard.stories.jsx[2m > [22m[2mWith Sections
[22m[39m[Mock Data] Seeded grade: grade-20 for unit: unit-1
[90mstdout[2m | src/components/InstructorDashboard.stories.jsx[2m > [22m[2mWith Sections
[22m[39m[Mock Data] Grade has data: false
[90mstdout[2m | src/components/InstructorDashboard.stories.jsx[2m > [22m[2mWith Sections
[22m[39m[Mock Data] Total grades in store: 20
[90mstdout[2m | src/components/InstructorDashboard.stories.jsx[2m > [22m[2mWith Sections
[22m[39m[Mock Data] Seeded grade: grade-21 for unit: unit-2
[90mstdout[2m | src/components/InstructorDashboard.stories.jsx[2m > [22m[2mWith Sections
[22m[39m[Mock Data] Grade has data: false
[90mstdout[2m | src/components/InstructorDashboard.stories.jsx[2m > [22m[2mWith Sections
[22m[39m[Mock Data] Total grades in store: 21
[90mstdout[2m | src/components/InstructorDashboard.stories.jsx[2m > [22m[2mWith Sections
[22m[39m[Mock Data] Seeded grade: grade-22 for unit: unit-1
[90mstdout[2m | src/components/InstructorDashboard.stories.jsx[2m > [22m[2mWith Sections
[22m[39m[Mock Data] Grade has data: false
[90mstdout[2m | src/components/InstructorDashboard.stories.jsx[2m > [22m[2mWith Sections
[22m[39m[Mock Data] Total grades in store: 22
[90mstdout[2m | src/components/InstructorDashboard.stories.jsx[2m > [22m[2mWith Sections
[22m[39m[Mock Data] Seeded grade: grade-23 for unit: unit-2
[90mstdout[2m | src/components/InstructorDashboard.stories.jsx[2m > [22m[2mWith Sections
[22m[39m[Mock Data] Grade has data: false
[90mstdout[2m | src/components/InstructorDashboard.stories.jsx[2m > [22m[2mWith Sections
[22m[39m[Mock Data] Total grades in store: 23
[90mstdout[2m | src/components/InstructorDashboard.stories.jsx[2m > [22m[2mWith Sections
[22m[39m[Mock Data] Seeded grade: grade-24 for unit: unit-4
[90mstdout[2m | src/components/InstructorDashboard.stories.jsx[2m > [22m[2mWith Sections
[22m[39m[Mock Data] Grade has data: false
[90mstdout[2m | src/components/InstructorDashboard.stories.jsx[2m > [22m[2mWith Sections
[22m[39m[Mock Data] Total grades in store: 24
[90mstdout[2m | src/components/InstructorDashboard.stories.jsx[2m > [22m[2mWith Sections
[22m[39m[Mock Data] Seeded grade: grade-25 for unit: unit-5
[90mstdout[2m | src/components/InstructorDashboard.stories.jsx[2m > [22m[2mWith Sections
[22m[39m[Mock Data] Grade has data: false
[90mstdout[2m | src/components/InstructorDashboard.stories.jsx[2m > [22m[2mWith Sections
[22m[39m[Mock Data] Total grades in store: 25
[90mstdout[2m | src/components/InstructorDashboard.stories.jsx[2m > [22m[2mWith Sections
[22m[39m[Mock Data] Seeded grade: grade-26 for unit: unit-4
[90mstdout[2m | src/components/InstructorDashboard.stories.jsx[2m > [22m[2mWith Sections
[22m[39m[Mock Data] Grade has data: false
[90mstdout[2m | src/components/InstructorDashboard.stories.jsx[2m > [22m[2mWith Sections
[22m[39m[Mock Data] Total grades in store: 26
[90mstdout[2m | src/components/InstructorDashboard.stories.jsx[2m > [22m[2mWith Sections
[22m[39m[Mock Data] Seeded grade: grade-27 for unit: unit-5
[90mstdout[2m | src/components/InstructorDashboard.stories.jsx[2m > [22m[2mWith Sections
[22m[39m[Mock Data] Grade has data: false
[90mstdout[2m | src/components/InstructorDashboard.stories.jsx[2m > [22m[2mWith Sections
[22m[39m[Mock Data] Total grades in store: 27
[90mstdout[2m | src/components/InstructorDashboard.stories.jsx[2m > [22m[2mWith Sections
[22m[39m[Mock Data] Seeded grade: grade-28 for unit: unit-4
[90mstdout[2m | src/components/InstructorDashboard.stories.jsx[2m > [22m[2mWith Sections
[22m[39m[Mock Data] Grade has data: false
[90mstdout[2m | src/components/InstructorDashboard.stories.jsx[2m > [22m[2mWith Sections
[22m[39m[Mock Data] Total grades in store: 28
[90mstdout[2m | src/components/InstructorDashboard.stories.jsx[2m > [22m[2mWith Sections
[22m[39m[Mock Data] Seeded grade: grade-29 for unit: unit-5
[90mstdout[2m | src/components/InstructorDashboard.stories.jsx[2m > [22m[2mWith Sections
[22m[39m[Mock Data] Grade has data: false
[90mstdout[2m | src/components/InstructorDashboard.stories.jsx[2m > [22m[2mWith Sections
[22m[39m[Mock Data] Total grades in store: 29
[90mstdout[2m | src/components/InstructorDashboard.stories.jsx[2m > [22m[2mWith Sections
[22m[39m[Mock Data] Seeded grade: grade-30 for unit: unit-4
[90mstdout[2m | src/components/InstructorDashboard.stories.jsx[2m > [22m[2mWith Sections
[22m[39m[Mock Data] Grade has data: false
[90mstdout[2m | src/components/InstructorDashboard.stories.jsx[2m > [22m[2mWith Sections
[22m[39m[Mock Data] Total grades in store: 30
[90mstdout[2m | src/components/InstructorDashboard.stories.jsx[2m > [22m[2mWith Sections
[22m[39m[Mock Data] Seeded grade: grade-31 for unit: unit-5
[90mstdout[2m | src/components/InstructorDashboard.stories.jsx[2m > [22m[2mWith Sections
[22m[39m[Mock Data] Grade has data: false
[90mstdout[2m | src/components/InstructorDashboard.stories.jsx[2m > [22m[2mWith Sections
[22m[39m[Mock Data] Total grades in store: 31
[90mstdout[2m | src/components/InstructorDashboard.stories.jsx[2m > [22m[2mWith Sections
[22m[39m[Mock Data] Seeded grade: grade-32 for unit: unit-2
[90mstdout[2m | src/components/InstructorDashboard.stories.jsx[2m > [22m[2mWith Sections
[22m[39m[Mock Data] Grade has data: false
[90mstdout[2m | src/components/InstructorDashboard.stories.jsx[2m > [22m[2mWith Sections
[22m[39m[Mock Data] Total grades in store: 32
[90mstdout[2m | src/components/InstructorDashboard.stories.jsx[2m > [22m[2mWith Sections
[22m[39m[TranslationModeController] Setting mode to: off
[90mstdout[2m | src/components/InstructorDashboard.stories.jsx[2m > [22m[2mWith Sections
[22m[39m[UnitContext] useEffect triggered {
  "authLoading": false,
  "hasUser": true,
  "id": "mock-unit-id",
  "userSub": "mock-user-sub",
}
[90mstdout[2m | src/components/InstructorDashboard.stories.jsx[2m > [22m[2mWith Sections
[22m[39m[UnitContext] Fetching unit data for id: mock-unit-id
[90mstdout[2m | src/components/InstructorDashboard.stories.jsx[2m > [22m[2mWith Sections
[22m[39m[FilesContext] Initializing vector store from IndexedDB
[90mstdout[2m | src/components/InstructorDashboard.stories.jsx[2m > [22m[2mWith Sections
[22m[39m[FilesContext] fetchFiles called
[90mstdout[2m | src/components/InstructorDashboard.stories.jsx[2m > [22m[2mWith Sections
[22m[39m[FilesContext] User authenticated: mock-user-sub
[90mstdout[2m | src/components/InstructorDashboard.stories.jsx[2m > [22m[2mWith Sections
[22m[39m[FilesContext] Identity ID: us-east-1:mock-identity-123
[90mstdout[2m | src/components/InstructorDashboard.stories.jsx[2m > [22m[2mWith Sections
[22m[39m[FilesContext] About to set up File observeQuery
[90mstdout[2m | src/components/InstructorDashboard.stories.jsx[2m > [22m[2mWith Sections
[22m[39m[ChatContext] Setting up AssistantChat observeQuery
[90mstdout[2m | src/components/InstructorDashboard.stories.jsx[2m > [22m[2mWith Sections
[22m[39m[ChatContext] Waiting for subscription to initialize
[90mstdout[2m | src/components/InstructorDashboard.stories.jsx[2m > [22m[2mWith Sections
[22m[39m[SettingsContext] Setting up Settings subscription for user: mock-user-sub
[90mstdout[2m | src/components/InstructorDashboard.stories.jsx[2m > [22m[2mWith Sections
[22m[39m[Mock Data] Settings created: mock-settings-1790416130917 - notified 0 subscribers
[90mstdout[2m | src/components/InstructorDashboard.stories.jsx[2m > [22m[2mWith Sections
[22m[39m[Mock Data] Unit.onUpdate() subscription added. Total: 1
[90mstdout[2m | src/components/InstructorDashboard.stories.jsx[2m > [22m[2mWith Sections
[22m[39m[SectionContext] Section observeQuery update: 0
[90mstdout[2m | src/components/InstructorDashboard.stories.jsx[2m > [22m[2mWith Sections
[22m[39m[FilesContext] File observeQuery update: 6 files
[90mstdout[2m | src/components/InstructorDashboard.stories.jsx[2m > [22m[2mWith Sections
[22m[39m[ChatContext] AssistantChat initialized with 1 chats
[90mstdout[2m | src/components/InstructorDashboard.stories.jsx[2m > [22m[2mWith Sections
[22m[39m[ChatContext] Setting initial chat: chat-flagged-1
[90mstdout[2m | src/components/InstructorDashboard.stories.jsx[2m > [22m[2mWith Sections
[22m[39m[MOCK CourseVectorStore] Initialized with mock data
[90mstdout[2m | src/components/InstructorDashboard.stories.jsx[2m > [22m[2mWith Sections
[22m[39m[FilesContext] Vector store population triggered {
  "currentVectorStoreSize": 3,
  "documentsCount": 0,
  "filesCount": 6,
  "isInitialLoad": true,
}
[90mstdout[2m | src/components/InstructorDashboard.stories.jsx[2m > [22m[2mWith Sections
[22m[39m[FilesContext] Vector store population complete - 3 total embeddings
[90mstdout[2m | src/components/InstructorDashboard.stories.jsx[2m > [22m[2mWith Sections
[22m[39m[ChatContext] Chat exists and not archived, skipping creation
[90mstdout[2m | src/components/InstructorDashboard.stories.jsx[2m > [22m[2mWith Sections
[22m[39m[Mock Storage] downloadData called with: undefined
[90mstdout[2m | src/components/InstructorDashboard.stories.jsx[2m > [22m[2mSingle Section
[22m[39m[ChatContext] Cleaning up subscriptions
[90mstdout[2m | src/components/InstructorDashboard.stories.jsx[2m > [22m[2mSingle Section
[22m[39m[Mock Data] Unit.onUpdate() subscription removed. Remaining: 0
[90mstdout[2m | src/components/InstructorDashboard.stories.jsx[2m > [22m[2mSingle Section
[22m[39m[MOCK CourseVectorStore] Initialized with mock data
[90mstdout[2m | src/components/InstructorDashboard.stories.jsx[2m > [22m[2mSingle Section
[22m[39m[Mock Data] seedMockUnit: Adding unit unit-1
[90mstdout[2m | src/components/InstructorDashboard.stories.jsx[2m > [22m[2mSingle Section
[22m[39m[Mock Data] seedMockUnit: Adding unit unit-2
[90mstdout[2m | src/components/InstructorDashboard.stories.jsx[2m > [22m[2mSingle Section
[22m[39m[Mock Data] seedMockUnit: Adding unit unit-3
[90mstdout[2m | src/components/InstructorDashboard.stories.jsx[2m > [22m[2mSingle Section
[22m[39m[Mock Data] seedMockUnit: Adding unit unit-4
[90mstdout[2m | src/components/InstructorDashboard.stories.jsx[2m > [22m[2mSingle Section
[22m[39m[Mock Data] seedMockUnit: Adding unit unit-5
[90mstdout[2m | src/components/InstructorDashboard.stories.jsx[2m > [22m[2mSingle Section
[22m[39m[Mock Data] seedMockAssignments: Adding 7 assignments
[90mstdout[2m | src/components/InstructorDashboard.stories.jsx[2m > [22m[2mSingle Section
[22m[39m[Mock Data] Total assignments in store: 7
[90mstdout[2m | src/components/InstructorDashboard.stories.jsx[2m > [22m[2mSingle Section
[22m[39m[Mock Data] Seeded grade: grade-1 for unit: unit-1
[90mstdout[2m | src/components/InstructorDashboard.stories.jsx[2m > [22m[2mSingle Section
[22m[39m[Mock Data] Grade has data: false
[90mstdout[2m | src/components/InstructorDashboard.stories.jsx[2m > [22m[2mSingle Section
[22m[39m[Mock Data] Total grades in store: 1
[90mstdout[2m | src/components/InstructorDashboard.stories.jsx[2m > [22m[2mSingle Section
[22m[39m[Mock Data] Seeded grade: grade-2 for unit: unit-2
[90mstdout[2m | src/components/InstructorDashboard.stories.jsx[2m > [22m[2mSingle Section
[22m[39m[Mock Data] Grade has data: false
[90mstdout[2m | src/components/InstructorDashboard.stories.jsx[2m > [22m[2mSingle Section
[22m[39m[Mock Data] Total grades in store: 2
[90mstdout[2m | src/components/InstructorDashboard.stories.jsx[2m > [22m[2mSingle Section
[22m[39m[Mock Data] Seeded grade: grade-3 for unit: unit-3
[90mstdout[2m | src/components/InstructorDashboard.stories.jsx[2m > [22m[2mSingle Section
[22m[39m[Mock Data] Grade has data: false
[90mstdout[2m | src/components/InstructorDashboard.stories.jsx[2m > [22m[2mSingle Section
[22m[39m[Mock Data] Total grades in store: 3
[90mstdout[2m | src/components/InstructorDashboard.stories.jsx[2m > [22m[2mSingle Section
[22m[39m[Mock Data] Seeded grade: grade-4 for unit: unit-1
[90mstdout[2m | src/components/InstructorDashboard.stories.jsx[2m > [22m[2mSingle Section
[22m[39m[Mock Data] Grade has data: false
[90mstdout[2m | src/components/InstructorDashboard.stories.jsx[2m > [22m[2mSingle Section
[22m[39m[Mock Data] Total grades in store: 4
[90mstdout[2m | src/components/InstructorDashboard.stories.jsx[2m > [22m[2mSingle Section
[22m[39m[Mock Data] Seeded grade: grade-5 for unit: unit-2
[90mstdout[2m | src/components/InstructorDashboard.stories.jsx[2m > [22m[2mSingle Section
[22m[39m[Mock Data] Grade has data: false
[90mstdout[2m | src/components/InstructorDashboard.stories.jsx[2m > [22m[2mSingle Section
[22m[39m[Mock Data] Total grades in store: 5
[90mstdout[2m | src/components/InstructorDashboard.stories.jsx[2m > [22m[2mSingle Section
[22m[39m[Mock Data] Seeded grade: grade-6 for unit: unit-3
[90mstdout[2m | src/components/InstructorDashboard.stories.jsx[2m > [22m[2mSingle Section
[22m[39m[Mock Data] Grade has data: false
[90mstdout[2m | src/components/InstructorDashboard.stories.jsx[2m > [22m[2mSingle Section
[22m[39m[Mock Data] Total grades in store: 6
[90mstdout[2m | src/components/InstructorDashboard.stories.jsx[2m > [22m[2mSingle Section
[22m[39m[Mock Data] Seeded grade: grade-7 for unit: unit-1
[90mstdout[2m | src/components/InstructorDashboard.stories.jsx[2m > [22m[2mSingle Section
[22m[39m[Mock Data] Grade has data: false
[90mstdout[2m | src/components/InstructorDashboard.stories.jsx[2m > [22m[2mSingle Section
[22m[39m[Mock Data] Total grades in store: 7
[90mstdout[2m | src/components/InstructorDashboard.stories.jsx[2m > [22m[2mSingle Section
[22m[39m[Mock Data] Seeded grade: grade-8 for unit: unit-2
[90mstdout[2m | src/components/InstructorDashboard.stories.jsx[2m > [22m[2mSingle Section
[22m[39m[Mock Data] Grade has data: false
[90mstdout[2m | src/components/InstructorDashboard.stories.jsx[2m > [22m[2mSingle Section
[22m[39m[Mock Data] Total grades in store: 8
[90mstdout[2m | src/components/InstructorDashboard.stories.jsx[2m > [22m[2mSingle Section
[22m[39m[Mock Data] Seeded grade: grade-9 for unit: unit-3
[90mstdout[2m | src/components/InstructorDashboard.stories.jsx[2m > [22m[2mSingle Section
[22m[39m[Mock Data] Grade has data: false
[90mstdout[2m | src/components/InstructorDashboard.stories.jsx[2m > [22m[2mSingle Section
[22m[39m[Mock Data] Total grades in store: 9
[90mstdout[2m | src/components/InstructorDashboard.stories.jsx[2m > [22m[2mSingle Section
[22m[39m[Mock Data] Seeded grade: grade-10 for unit: unit-1
[90mstdout[2m | src/components/InstructorDashboard.stories.jsx[2m > [22m[2mSingle Section
[22m[39m[Mock Data] Grade has data: false
[90mstdout[2m | src/components/InstructorDashboard.stories.jsx[2m > [22m[2mSingle Section
[22m[39m[Mock Data] Total grades in store: 10
[90mstdout[2m | src/components/InstructorDashboard.stories.jsx[2m > [22m[2mSingle Section
[22m[39m[Mock Data] Seeded grade: grade-11 for unit: unit-2
[90mstdout[2m | src/components/InstructorDashboard.stories.jsx[2m > [22m[2mSingle Section
[22m[39m[Mock Data] Grade has data: false
[90mstdout[2m | src/components/InstructorDashboard.stories.jsx[2m > [22m[2mSingle Section
[22m[39m[Mock Data] Total grades in store: 11
[90mstdout[2m | src/components/InstructorDashboard.stories.jsx[2m > [22m[2mSingle Section
[22m[39m[Mock Data] Seeded grade: grade-12 for unit: unit-3
[90mstdout[2m | src/components/InstructorDashboard.stories.jsx[2m > [22m[2mSingle Section
[22m[39m[Mock Data] Grade has data: false
[90mstdout[2m | src/components/InstructorDashboard.stories.jsx[2m > [22m[2mSingle Section
[22m[39m[Mock Data] Total grades in store: 12
[90mstdout[2m | src/components/InstructorDashboard.stories.jsx[2m > [22m[2mSingle Section
[22m[39m[Mock Data] Seeded grade: grade-13 for unit: unit-1
[90mstdout[2m | src/components/InstructorDashboard.stories.jsx[2m > [22m[2mSingle Section
[22m[39m[Mock Data] Grade has data: false
[90mstdout[2m | src/components/InstructorDashboard.stories.jsx[2m > [22m[2mSingle Section
[22m[39m[Mock Data] Total grades in store: 13
[90mstdout[2m | src/components/InstructorDashboard.stories.jsx[2m > [22m[2mSingle Section
[22m[39m[Mock Data] Seeded grade: grade-14 for unit: unit-2
[90mstdout[2m | src/components/InstructorDashboard.stories.jsx[2m > [22m[2mSingle Section
[22m[39m[Mock Data] Grade has data: false
[90mstdout[2m | src/components/InstructorDashboard.stories.jsx[2m > [22m[2mSingle Section
[22m[39m[Mock Data] Total grades in store: 14
[90mstdout[2m | src/components/InstructorDashboard.stories.jsx[2m > [22m[2mSingle Section
[22m[39m[Mock Data] Seeded grade: grade-15 for unit: unit-3
[90mstdout[2m | src/components/InstructorDashboard.stories.jsx[2m > [22m[2mSingle Section
[22m[39m[Mock Data] Grade has data: false
[90mstdout[2m | src/components/InstructorDashboard.stories.jsx[2m > [22m[2mSingle Section
[22m[39m[Mock Data] Total grades in store: 15
[90mstdout[2m | src/components/InstructorDashboard.stories.jsx[2m > [22m[2mSingle Section
[22m[39m[Mock Data] Seeded grade: grade-16 for unit: unit-1
[90mstdout[2m | src/components/InstructorDashboard.stories.jsx[2m > [22m[2mSingle Section
[22m[39m[Mock Data] Grade has data: false
[90mstdout[2m | src/components/InstructorDashboard.stories.jsx[2m > [22m[2mSingle Section
[22m[39m[Mock Data] Total grades in store: 16
[90mstdout[2m | src/components/InstructorDashboard.stories.jsx[2m > [22m[2mSingle Section
[22m[39m[Mock Data] Seeded grade: grade-17 for unit: unit-2
[90mstdout[2m | src/components/InstructorDashboard.stories.jsx[2m > [22m[2mSingle Section
[22m[39m[Mock Data] Grade has data: false
[90mstdout[2m | src/components/InstructorDashboard.stories.jsx[2m > [22m[2mSingle Section
[22m[39m[Mock Data] Total grades in store: 17
[90mstdout[2m | src/components/InstructorDashboard.stories.jsx[2m > [22m[2mSingle Section
[22m[39m[Mock Data] Seeded grade: grade-18 for unit: unit-1
[90mstdout[2m | src/components/InstructorDashboard.stories.jsx[2m > [22m[2mSingle Section
[22m[39m[Mock Data] Grade has data: false
[90mstdout[2m | src/components/InstructorDashboard.stories.jsx[2m > [22m[2mSingle Section
[22m[39m[Mock Data] Total grades in store: 18
[90mstdout[2m | src/components/InstructorDashboard.stories.jsx[2m > [22m[2mSingle Section
[22m[39m[Mock Data] Seeded grade: grade-19 for unit: unit-2
[90mstdout[2m | src/components/InstructorDashboard.stories.jsx[2m > [22m[2mSingle Section
[22m[39m[Mock Data] Grade has data: false
[90mstdout[2m | src/components/InstructorDashboard.stories.jsx[2m > [22m[2mSingle Section
[22m[39m[Mock Data] Total grades in store: 19
[90mstdout[2m | src/components/InstructorDashboard.stories.jsx[2m > [22m[2mSingle Section
[22m[39m[Mock Data] Seeded grade: grade-20 for unit: unit-1
[90mstdout[2m | src/components/InstructorDashboard.stories.jsx[2m > [22m[2mSingle Section
[22m[39m[Mock Data] Grade has data: false
[90mstdout[2m | src/components/InstructorDashboard.stories.jsx[2m > [22m[2mSingle Section
[22m[39m[Mock Data] Total grades in store: 20
[90mstdout[2m | src/components/InstructorDashboard.stories.jsx[2m > [22m[2mSingle Section
[22m[39m[Mock Data] Seeded grade: grade-21 for unit: unit-2
[90mstdout[2m | src/components/InstructorDashboard.stories.jsx[2m > [22m[2mSingle Section
[22m[39m[Mock Data] Grade has data: false
[90mstdout[2m | src/components/InstructorDashboard.stories.jsx[2m > [22m[2mSingle Section
[22m[39m[Mock Data] Total grades in store: 21
[90mstdout[2m | src/components/InstructorDashboard.stories.jsx[2m > [22m[2mSingle Section
[22m[39m[Mock Data] Seeded grade: grade-22 for unit: unit-1
[90mstdout[2m | src/components/InstructorDashboard.stories.jsx[2m > [22m[2mSingle Section
[22m[39m[Mock Data] Grade has data: false
[90mstdout[2m | src/components/InstructorDashboard.stories.jsx[2m > [22m[2mSingle Section
[22m[39m[Mock Data] Total grades in store: 22
[90mstdout[2m | src/components/InstructorDashboard.stories.jsx[2m > [22m[2mSingle Section
[22m[39m[Mock Data] Seeded grade: grade-23 for unit: unit-2
[90mstdout[2m | src/components/InstructorDashboard.stories.jsx[2m > [22m[2mSingle Section
[22m[39m[Mock Data] Grade has data: false
[90mstdout[2m | src/components/InstructorDashboard.stories.jsx[2m > [22m[2mSingle Section
[22m[39m[Mock Data] Total grades in store: 23
[90mstdout[2m | src/components/InstructorDashboard.stories.jsx[2m > [22m[2mSingle Section
[22m[39m[Mock Data] Seeded grade: grade-24 for unit: unit-4
[90mstdout[2m | src/components/InstructorDashboard.stories.jsx[2m > [22m[2mSingle Section
[22m[39m[Mock Data] Grade has data: false
[90mstdout[2m | src/components/InstructorDashboard.stories.jsx[2m > [22m[2mSingle Section
[22m[39m[Mock Data] Total grades in store: 24
[90mstdout[2m | src/components/InstructorDashboard.stories.jsx[2m > [22m[2mSingle Section
[22m[39m[Mock Data] Seeded grade: grade-25 for unit: unit-5
[90mstdout[2m | src/components/InstructorDashboard.stories.jsx[2m > [22m[2mSingle Section
[22m[39m[Mock Data] Grade has data: false
[90mstdout[2m | src/components/InstructorDashboard.stories.jsx[2m > [22m[2mSingle Section
[22m[39m[Mock Data] Total grades in store: 25
[90mstdout[2m | src/components/InstructorDashboard.stories.jsx[2m > [22m[2mSingle Section
[22m[39m[Mock Data] Seeded grade: grade-26 for unit: unit-4
[90mstdout[2m | src/components/InstructorDashboard.stories.jsx[2m > [22m[2mSingle Section
[22m[39m[Mock Data] Grade has data: false
[90mstdout[2m | src/components/InstructorDashboard.stories.jsx[2m > [22m[2mSingle Section
[22m[39m[Mock Data] Total grades in store: 26
[90mstdout[2m | src/components/InstructorDashboard.stories.jsx[2m > [22m[2mSingle Section
[22m[39m[Mock Data] Seeded grade: grade-27 for unit: unit-5
[90mstdout[2m | src/components/InstructorDashboard.stories.jsx[2m > [22m[2mSingle Section
[22m[39m[Mock Data] Grade has data: false
[90mstdout[2m | src/components/InstructorDashboard.stories.jsx[2m > [22m[2mSingle Section
[22m[39m[Mock Data] Total grades in store: 27
[90mstdout[2m | src/components/InstructorDashboard.stories.jsx[2m > [22m[2mSingle Section
[22m[39m[Mock Data] Seeded grade: grade-28 for unit: unit-4
[90mstdout[2m | src/components/InstructorDashboard.stories.jsx[2m > [22m[2mSingle Section
[22m[39m[Mock Data] Grade has data: false
[90mstdout[2m | src/components/InstructorDashboard.stories.jsx[2m > [22m[2mSingle Section
[22m[39m[Mock Data] Total grades in store: 28
[90mstdout[2m | src/components/InstructorDashboard.stories.jsx[2m > [22m[2mSingle Section
[22m[39m[Mock Data] Seeded grade: grade-29 for unit: unit-5
[90mstdout[2m | src/components/InstructorDashboard.stories.jsx[2m > [22m[2mSingle Section
[22m[39m[Mock Data] Grade has data: false
[90mstdout[2m | src/components/InstructorDashboard.stories.jsx[2m > [22m[2mSingle Section
[22m[39m[Mock Data] Total grades in store: 29
[90mstdout[2m | src/components/InstructorDashboard.stories.jsx[2m > [22m[2mSingle Section
[22m[39m[Mock Data] Seeded grade: grade-30 for unit: unit-4
[90mstdout[2m | src/components/InstructorDashboard.stories.jsx[2m > [22m[2mSingle Section
[22m[39m[Mock Data] Grade has data: false
[90mstdout[2m | src/components/InstructorDashboard.stories.jsx[2m > [22m[2mSingle Section
[22m[39m[Mock Data] Total grades in store: 30
[90mstdout[2m | src/components/InstructorDashboard.stories.jsx[2m > [22m[2mSingle Section
[22m[39m[Mock Data] Seeded grade: grade-31 for unit: unit-5
[90mstdout[2m | src/components/InstructorDashboard.stories.jsx[2m > [22m[2mSingle Section
[22m[39m[Mock Data] Grade has data: false
[90mstdout[2m | src/components/InstructorDashboard.stories.jsx[2m > [22m[2mSingle Section
[22m[39m[Mock Data] Total grades in store: 31
[90mstdout[2m | src/components/InstructorDashboard.stories.jsx[2m > [22m[2mSingle Section
[22m[39m[Mock Data] Seeded grade: grade-32 for unit: unit-2
[90mstdout[2m | src/components/InstructorDashboard.stories.jsx[2m > [22m[2mSingle Section
[22m[39m[Mock Data] Grade has data: false
[90mstdout[2m | src/components/InstructorDashboard.stories.jsx[2m > [22m[2mSingle Section
[22m[39m[Mock Data] Total grades in store: 32
[90mstdout[2m | src/components/InstructorDashboard.stories.jsx[2m > [22m[2mSingle Section
[22m[39m[TranslationModeController] Setting mode to: off
[90mstdout[2m | src/components/InstructorDashboard.stories.jsx[2m > [22m[2mSingle Section
[22m[39m[UnitContext] useEffect triggered {
  "authLoading": false,
  "hasUser": true,
  "id": "mock-unit-id",
  "userSub": "mock-user-sub",
}
[90mstdout[2m | src/components/InstructorDashboard.stories.jsx[2m > [22m[2mSingle Section
[22m[39m[UnitContext] Fetching unit data for id: mock-unit-id
[90mstdout[2m | src/components/InstructorDashboard.stories.jsx[2m > [22m[2mSingle Section
[22m[39m[FilesContext] Initializing vector store from IndexedDB
[90mstdout[2m | src/components/InstructorDashboard.stories.jsx[2m > [22m[2mSingle Section
[22m[39m[FilesContext] fetchFiles called
[90mstdout[2m | src/components/InstructorDashboard.stories.jsx[2m > [22m[2mSingle Section
[22m[39m[FilesContext] User authenticated: mock-user-sub
[90mstdout[2m | src/components/InstructorDashboard.stories.jsx[2m > [22m[2mSingle Section
[22m[39m[FilesContext] Identity ID: us-east-1:mock-identity-123
[90mstdout[2m | src/components/InstructorDashboard.stories.jsx[2m > [22m[2mSingle Section
[22m[39m[FilesContext] About to set up File observeQuery
[90mstdout[2m | src/components/InstructorDashboard.stories.jsx[2m > [22m[2mSingle Section
[22m[39m[ChatContext] Setting up AssistantChat observeQuery
[90mstdout[2m | src/components/InstructorDashboard.stories.jsx[2m > [22m[2mSingle Section
[22m[39m[ChatContext] Waiting for subscription to initialize
[90mstdout[2m | src/components/InstructorDashboard.stories.jsx[2m > [22m[2mSingle Section
[22m[39m[SettingsContext] Setting up Settings subscription for user: mock-user-sub
[90mstdout[2m | src/components/InstructorDashboard.stories.jsx[2m > [22m[2mSingle Section
[22m[39m[Mock Data] Settings created: mock-settings-1790416131974 - notified 0 subscribers
[90mstdout[2m | src/components/InstructorDashboard.stories.jsx[2m > [22m[2mSingle Section
[22m[39m[Mock Data] Unit.onUpdate() subscription added. Total: 1
[90mstdout[2m | src/components/InstructorDashboard.stories.jsx[2m > [22m[2mSingle Section
[22m[39m[SectionContext] Section observeQuery update: 0
[90mstdout[2m | src/components/InstructorDashboard.stories.jsx[2m > [22m[2mSingle Section
[22m[39m[FilesContext] File observeQuery update: 6 files
[90mstdout[2m | src/components/InstructorDashboard.stories.jsx[2m > [22m[2mSingle Section
[22m[39m[ChatContext] AssistantChat initialized with 1 chats
[90mstdout[2m | src/components/InstructorDashboard.stories.jsx[2m > [22m[2mSingle Section
[22m[39m[ChatContext] Setting initial chat: chat-flagged-1
[90mstdout[2m | src/components/InstructorDashboard.stories.jsx[2m > [22m[2mSingle Section
[22m[39m[MOCK CourseVectorStore] Initialized with mock data
[90mstdout[2m | src/components/InstructorDashboard.stories.jsx[2m > [22m[2mSingle Section
[22m[39m[FilesContext] Vector store population triggered {
  "currentVectorStoreSize": 3,
  "documentsCount": 0,
  "filesCount": 6,
  "isInitialLoad": true,
}
[90mstdout[2m | src/components/InstructorDashboard.stories.jsx[2m > [22m[2mSingle Section
[22m[39m[FilesContext] Vector store population complete - 3 total embeddings
[90mstdout[2m | src/components/InstructorDashboard.stories.jsx[2m > [22m[2mSingle Section
[22m[39m[ChatContext] Chat exists and not archived, skipping creation
[90mstdout[2m | src/components/InstructorDashboard.stories.jsx[2m > [22m[2mSingle Section
[22m[39m[Mock Storage] downloadData called with: undefined
[90mstdout[2m | src/components/InstructorDashboard.stories.jsx[2m > [22m[2mNo Sections
[22m[39m[ChatContext] Cleaning up subscriptions
[90mstdout[2m | src/components/InstructorDashboard.stories.jsx[2m > [22m[2mNo Sections
[22m[39m[Mock Data] Unit.onUpdate() subscription removed. Remaining: 0
[90mstdout[2m | src/components/InstructorDashboard.stories.jsx[2m > [22m[2mNo Sections
[22m[39m[MOCK CourseVectorStore] Initialized with mock data
[90mstdout[2m | src/components/InstructorDashboard.stories.jsx[2m > [22m[2mNo Sections
[22m[39m[TranslationModeController] Setting mode to: off
[90mstdout[2m | src/components/InstructorDashboard.stories.jsx[2m > [22m[2mNo Sections
[22m[39m[UnitContext] useEffect triggered {
  "authLoading": false,
  "hasUser": true,
  "id": "mock-unit-id",
  "userSub": "mock-user-sub",
}
[90mstdout[2m | src/components/InstructorDashboard.stories.jsx[2m > [22m[2mNo Sections
[22m[39m[UnitContext] Fetching unit data for id: mock-unit-id
[90mstdout[2m | src/components/InstructorDashboard.stories.jsx[2m > [22m[2mNo Sections
[22m[39m[FilesContext] Initializing vector store from IndexedDB
[90mstdout[2m | src/components/InstructorDashboard.stories.jsx[2m > [22m[2mNo Sections
[22m[39m[FilesContext] fetchFiles called
[90mstdout[2m | src/components/InstructorDashboard.stories.jsx[2m > [22m[2mNo Sections
[22m[39m[FilesContext] User authenticated: mock-user-sub
[90mstdout[2m | src/components/InstructorDashboard.stories.jsx[2m > [22m[2mNo Sections
[22m[39m[FilesContext] Identity ID: us-east-1:mock-identity-123
[90mstdout[2m | src/components/InstructorDashboard.stories.jsx[2m > [22m[2mNo Sections
[22m[39m[FilesContext] About to set up File observeQuery
[90mstdout[2m | src/components/InstructorDashboard.stories.jsx[2m > [22m[2mNo Sections
[22m[39m[ChatContext] Setting up AssistantChat observeQuery
[90mstdout[2m | src/components/InstructorDashboard.stories.jsx[2m > [22m[2mNo Sections
[22m[39m[ChatContext] Waiting for subscription to initialize
[90mstdout[2m | src/components/InstructorDashboard.stories.jsx[2m > [22m[2mNo Sections
[22m[39m[SettingsContext] Setting up Settings subscription for user: mock-user-sub
[90mstdout[2m | src/components/InstructorDashboard.stories.jsx[2m > [22m[2mNo Sections
[22m[39m[Mock Data] Settings created: mock-settings-1790416132428 - notified 0 subscribers
[90mstdout[2m | src/components/InstructorDashboard.stories.jsx[2m > [22m[2mNo Sections
[22m[39m[Mock Data] Unit.onUpdate() subscription added. Total: 1
[90mstdout[2m | src/components/InstructorDashboard.stories.jsx[2m > [22m[2mNo Sections
[22m[39m[SectionContext] Section observeQuery update: 0
[90mstdout[2m | src/components/InstructorDashboard.stories.jsx[2m > [22m[2mNo Sections
[22m[39m[Mock Storage] downloadData called with: undefined
[90mstdout[2m | src/components/InstructorDashboard.stories.jsx[2m > [22m[2mNo Sections
[22m[39m[FilesContext] File observeQuery update: 6 files
[90mstdout[2m | src/components/InstructorDashboard.stories.jsx[2m > [22m[2mNo Sections
[22m[39m[ChatContext] AssistantChat initialized with 1 chats
[90mstdout[2m | src/components/InstructorDashboard.stories.jsx[2m > [22m[2mNo Sections
[22m[39m[ChatContext] Setting initial chat: mock-assistant-chat-1
[90mstdout[2m | src/components/InstructorDashboard.stories.jsx[2m > [22m[2mNo Sections
[22m[39m[MOCK CourseVectorStore] Initialized with mock data
[90mstdout[2m | src/components/InstructorDashboard.stories.jsx[2m > [22m[2mNo Sections
[22m[39m[FilesContext] Vector store population triggered {
  "currentVectorStoreSize": 3,
  "documentsCount": 0,
  "filesCount": 6,
  "isInitialLoad": true,
}
[90mstdout[2m | src/components/InstructorDashboard.stories.jsx[2m > [22m[2mNo Sections
[22m[39m[FilesContext] Vector store population complete - 3 total embeddings
[90mstdout[2m | src/components/InstructorDashboard.stories.jsx[2m > [22m[2mNo Sections
[22m[39m[ChatContext] Chat exists and not archived, skipping creation
[90mstdout[2m | src/components/InstructorDashboard.stories.jsx[2m > [22m[2mNo Grade Data
[22m[39m[ChatContext] Cleaning up subscriptions
[90mstdout[2m | src/components/InstructorDashboard.stories.jsx[2m > [22m[2mNo Grade Data
[22m[39m[Mock Data] Unit.onUpdate() subscription removed. Remaining: 0
[90mstdout[2m | src/components/InstructorDashboard.stories.jsx[2m > [22m[2mNo Grade Data
[22m[39m[MOCK CourseVectorStore] Initialized with mock data
[90mstdout[2m | src/components/InstructorDashboard.stories.jsx[2m > [22m[2mNo Grade Data
[22m[39m[Mock Data] seedMockUnit: Adding unit unit-1
[90mstdout[2m | src/components/InstructorDashboard.stories.jsx[2m > [22m[2mNo Grade Data
[22m[39m[Mock Data] seedMockUnit: Adding unit unit-2
[90mstdout[2m | src/components/InstructorDashboard.stories.jsx[2m > [22m[2mNo Grade Data
[22m[39m[Mock Data] seedMockUnit: Adding unit unit-3
[90mstdout[2m | src/components/InstructorDashboard.stories.jsx[2m > [22m[2mNo Grade Data
[22m[39m[Mock Data] seedMockUnit: Adding unit unit-4
[90mstdout[2m | src/components/InstructorDashboard.stories.jsx[2m > [22m[2mNo Grade Data
[22m[39m[Mock Data] seedMockUnit: Adding unit unit-5
[90mstdout[2m | src/components/InstructorDashboard.stories.jsx[2m > [22m[2mNo Grade Data
[22m[39m[Mock Data] seedMockAssignments: Adding 7 assignments
[90mstdout[2m | src/components/InstructorDashboard.stories.jsx[2m > [22m[2mNo Grade Data
[22m[39m[Mock Data] Total assignments in store: 7
[90mstdout[2m | src/components/InstructorDashboard.stories.jsx[2m > [22m[2mNo Grade Data
[22m[39m[TranslationModeController] Setting mode to: off
[90mstdout[2m | src/components/InstructorDashboard.stories.jsx[2m > [22m[2mNo Grade Data
[22m[39m[UnitContext] useEffect triggered {
  "authLoading": false,
  "hasUser": true,
  "id": "mock-unit-id",
  "userSub": "mock-user-sub",
}
[90mstdout[2m | src/components/InstructorDashboard.stories.jsx[2m > [22m[2mNo Grade Data
[22m[39m[UnitContext] Fetching unit data for id: mock-unit-id
[90mstdout[2m | src/components/InstructorDashboard.stories.jsx[2m > [22m[2mNo Grade Data
[22m[39m[FilesContext] Initializing vector store from IndexedDB
[90mstdout[2m | src/components/InstructorDashboard.stories.jsx[2m > [22m[2mNo Grade Data
[22m[39m[FilesContext] fetchFiles called
[90mstdout[2m | src/components/InstructorDashboard.stories.jsx[2m > [22m[2mNo Grade Data
[22m[39m[FilesContext] User authenticated: mock-user-sub
[90mstdout[2m | src/components/InstructorDashboard.stories.jsx[2m > [22m[2mNo Grade Data
[22m[39m[FilesContext] Identity ID: us-east-1:mock-identity-123
[90mstdout[2m | src/components/InstructorDashboard.stories.jsx[2m > [22m[2mNo Grade Data
[22m[39m[FilesContext] About to set up File observeQuery
[90mstdout[2m | src/components/InstructorDashboard.stories.jsx[2m > [22m[2mNo Grade Data
[22m[39m[ChatContext] Setting up AssistantChat observeQuery
[90mstdout[2m | src/components/InstructorDashboard.stories.jsx[2m > [22m[2mNo Grade Data
[22m[39m[ChatContext] Waiting for subscription to initialize
[90mstdout[2m | src/components/InstructorDashboard.stories.jsx[2m > [22m[2mNo Grade Data
[22m[39m[SettingsContext] Setting up Settings subscription for user: mock-user-sub
[90mstdout[2m | src/components/InstructorDashboard.stories.jsx[2m > [22m[2mNo Grade Data
[22m[39m[Mock Data] Settings created: mock-settings-1790416132564 - notified 0 subscribers
[90mstdout[2m | src/components/InstructorDashboard.stories.jsx[2m > [22m[2mNo Grade Data
[22m[39m[Mock Data] Unit.onUpdate() subscription added. Total: 1
[90mstdout[2m | src/components/InstructorDashboard.stories.jsx[2m > [22m[2mNo Grade Data
[22m[39m[SectionContext] Section observeQuery update: 0
[90mstdout[2m | src/components/InstructorDashboard.stories.jsx[2m > [22m[2mNo Grade Data
[22m[39m[FilesContext] File observeQuery update: 0 files
[90mstdout[2m | src/components/InstructorDashboard.stories.jsx[2m > [22m[2mNo Grade Data
[22m[39m[ChatContext] AssistantChat initialized with 0 chats
[90mstdout[2m | src/components/InstructorDashboard.stories.jsx[2m > [22m[2mNo Grade Data
[22m[39m[MOCK CourseVectorStore] Initialized with mock data
[90mstdout[2m | src/components/InstructorDashboard.stories.jsx[2m > [22m[2mNo Grade Data
[22m[39m[ChatContext] No current chat available, will create one
[90mstdout[2m | src/components/InstructorDashboard.stories.jsx[2m > [22m[2mNo Grade Data
[22m[39m[ChatContext] Creating AssistantChat with user: undefined
[90mstdout[2m | src/components/InstructorDashboard.stories.jsx[2m > [22m[2mNo Grade Data
[22m[39m[Mock Data] AssistantChat created: mock-assistantchat-1790416132668 - notified 2 subscribers
[90mstdout[2m | src/components/InstructorDashboard.stories.jsx[2m > [22m[2mNo Grade Data
[22m[39m[ChatContext] Create result: {
  "data": {
    "_version": 1,
    "archived": false,
    "chatFiles": [Function anonymous],
    "createdAt": "2026-09-26T09:48:52.668Z",
    "id": "mock-assistantchat-1790416132668",
    "model": "gpt-4",
    "updatedAt": "2026-09-26T09:48:52.668Z",
  },
  "errors": [],
  "hasData": true,
  "hasErrors": true,
}
[90mstdout[2m | src/components/InstructorDashboard.stories.jsx[2m > [22m[2mNo Grade Data
[22m[39m[ChatContext] Created AssistantChat: mock-assistantchat-1790416132668 at: 2026-09-26T09:48:52.668Z
[90mstdout[2m | src/components/InstructorDashboard.stories.jsx[2m > [22m[2mNo Grade Data
[22m[39m[Mock Storage] downloadData called with: undefined
[90mstdout[2m | src/components/InstructorDashboard.stories.jsx[2m > [22m[2mNo Grade Data
[22m[39m[ChatContext] Setting initial chat: mock-assistantchat-1790416132668
[90mstdout[2m | src/components/InstructorDashboard.stories.jsx[2m > [22m[2mNo Grade Data
[22m[39m[ChatContext] Chat exists and not archived, skipping creation
[90mstdout[2m | src/components/InstructorDashboard.stories.jsx[2m > [22m[2mLoading
[22m[39m[ChatContext] Cleaning up subscriptions
[90mstdout[2m | src/components/InstructorDashboard.stories.jsx[2m > [22m[2mLoading
[22m[39m[Mock Data] Unit.onUpdate() subscription removed. Remaining: 0
[90mstdout[2m | src/components/InstructorDashboard.stories.jsx[2m > [22m[2mLoading
[22m[39m[MOCK CourseVectorStore] Initialized with mock data
[90mstdout[2m | src/components/InstructorDashboard.stories.jsx[2m > [22m[2mLoading
[22m[39m[TranslationModeController] Setting mode to: off
[90mstdout[2m | src/components/InstructorDashboard.stories.jsx[2m > [22m[2mLoading
[22m[39m[UnitContext] useEffect triggered {
  "authLoading": false,
  "hasUser": true,
  "id": "mock-unit-id",
  "userSub": "mock-user-sub",
}
[90mstdout[2m | src/components/InstructorDashboard.stories.jsx[2m > [22m[2mLoading
[22m[39m[UnitContext] Fetching unit data for id: mock-unit-id
[90mstdout[2m | src/components/InstructorDashboard.stories.jsx[2m > [22m[2mLoading
[22m[39m[FilesContext] Initializing vector store from IndexedDB
[90mstdout[2m | src/components/InstructorDashboard.stories.jsx[2m > [22m[2mLoading
[22m[39m[FilesContext] fetchFiles called
[90mstdout[2m | src/components/InstructorDashboard.stories.jsx[2m > [22m[2mLoading
[22m[39m[FilesContext] User authenticated: mock-user-sub
[90mstdout[2m | src/components/InstructorDashboard.stories.jsx[2m > [22m[2mLoading
[22m[39m[FilesContext] Identity ID: us-east-1:mock-identity-123
[90mstdout[2m | src/components/InstructorDashboard.stories.jsx[2m > [22m[2mLoading
[22m[39m[FilesContext] About to set up File observeQuery
[90mstdout[2m | src/components/InstructorDashboard.stories.jsx[2m > [22m[2mLoading
[22m[39m[ChatContext] Setting up AssistantChat observeQuery
[90mstdout[2m | src/components/InstructorDashboard.stories.jsx[2m > [22m[2mLoading
[22m[39m[ChatContext] Waiting for subscription to initialize
[90mstdout[2m | src/components/InstructorDashboard.stories.jsx[2m > [22m[2mLoading
[22m[39m[SettingsContext] Setting up Settings subscription for user: mock-user-sub
[90mstdout[2m | src/components/InstructorDashboard.stories.jsx[2m > [22m[2mLoading
[22m[39m[Mock Data] Settings created: mock-settings-1790416133055 - notified 0 subscribers
[90mstdout[2m | src/components/InstructorDashboard.stories.jsx[2m > [22m[2mLoading
[22m[39m[Mock Data] Unit.onUpdate() subscription added. Total: 1
[90mstdout[2m | src/components/InstructorDashboard.stories.jsx[2m > [22m[2mLoading
[22m[39m[SectionContext] Section observeQuery update: 0
[90mstdout[2m | src/components/InstructorDashboard.stories.jsx[2m > [22m[2mLoading
[22m[39m[FilesContext] File observeQuery update: 6 files
[90mstdout[2m | src/components/InstructorDashboard.stories.jsx[2m > [22m[2mLoading
[22m[39m[ChatContext] AssistantChat initialized with 1 chats
[90mstdout[2m | src/components/InstructorDashboard.stories.jsx[2m > [22m[2mLoading
[22m[39m[ChatContext] Setting initial chat: mock-assistant-chat-1
[90mstdout[2m | src/components/InstructorDashboard.stories.jsx[2m > [22m[2mLoading
[22m[39m[MOCK CourseVectorStore] Initialized with mock data
[90mstdout[2m | src/components/InstructorDashboard.stories.jsx[2m > [22m[2mLoading
[22m[39m[FilesContext] Vector store population triggered {
  "currentVectorStoreSize": 3,
  "documentsCount": 0,
  "filesCount": 6,
  "isInitialLoad": true,
}
[90mstdout[2m | src/components/InstructorDashboard.stories.jsx[2m > [22m[2mLoading
[22m[39m[FilesContext] Vector store population complete - 3 total embeddings
[90mstdout[2m | src/components/InstructorDashboard.stories.jsx[2m > [22m[2mLoading
[22m[39m[ChatContext] Chat exists and not archived, skipping creation
[90mstdout[2m | src/components/InstructorDashboard.stories.jsx[2m > [22m[2mLoading
[22m[39m[Mock Storage] downloadData called with: undefined
[90mstdout[2m | src/components/InstructorDashboard.stories.jsx[2m > [22m[2mMobile Viewport
[22m[39m[ChatContext] Cleaning up subscriptions
[90mstdout[2m | src/components/InstructorDashboard.stories.jsx[2m > [22m[2mMobile Viewport
[22m[39m[Mock Data] Unit.onUpdate() subscription removed. Remaining: 0
[90mstdout[2m | src/components/InstructorDashboard.stories.jsx[2m > [22m[2mMobile Viewport
[22m[39m[MOCK CourseVectorStore] Initialized with mock data
[90mstdout[2m | src/components/InstructorDashboard.stories.jsx[2m > [22m[2mMobile Viewport
[22m[39m[Mock Data] seedMockUnit: Adding unit unit-1
[90mstdout[2m | src/components/InstructorDashboard.stories.jsx[2m > [22m[2mMobile Viewport
[22m[39m[Mock Data] seedMockUnit: Adding unit unit-2
[90mstdout[2m | src/components/InstructorDashboard.stories.jsx[2m > [22m[2mMobile Viewport
[22m[39m[Mock Data] seedMockUnit: Adding unit unit-3
[90mstdout[2m | src/components/InstructorDashboard.stories.jsx[2m > [22m[2mMobile Viewport
[22m[39m[Mock Data] seedMockUnit: Adding unit unit-4
[90mstdout[2m | src/components/InstructorDashboard.stories.jsx[2m > [22m[2mMobile Viewport
[22m[39m[Mock Data] seedMockUnit: Adding unit unit-5
[90mstdout[2m | src/components/InstructorDashboard.stories.jsx[2m > [22m[2mMobile Viewport
[22m[39m[Mock Data] seedMockAssignments: Adding 7 assignments
[90mstdout[2m | src/components/InstructorDashboard.stories.jsx[2m > [22m[2mMobile Viewport
[22m[39m[Mock Data] Total assignments in store: 7
[90mstdout[2m | src/components/InstructorDashboard.stories.jsx[2m > [22m[2mMobile Viewport
[22m[39m[Mock Data] Seeded grade: grade-1 for unit: unit-1
[90mstdout[2m | src/components/InstructorDashboard.stories.jsx[2m > [22m[2mMobile Viewport
[22m[39m[Mock Data] Grade has data: false
[90mstdout[2m | src/components/InstructorDashboard.stories.jsx[2m > [22m[2mMobile Viewport
[22m[39m[Mock Data] Total grades in store: 1
[90mstdout[2m | src/components/InstructorDashboard.stories.jsx[2m > [22m[2mMobile Viewport
[22m[39m[Mock Data] Seeded grade: grade-2 for unit: unit-2
[90mstdout[2m | src/components/InstructorDashboard.stories.jsx[2m > [22m[2mMobile Viewport
[22m[39m[Mock Data] Grade has data: false
[90mstdout[2m | src/components/InstructorDashboard.stories.jsx[2m > [22m[2mMobile Viewport
[22m[39m[Mock Data] Total grades in store: 2
[90mstdout[2m | src/components/InstructorDashboard.stories.jsx[2m > [22m[2mMobile Viewport
[22m[39m[Mock Data] Seeded grade: grade-3 for unit: unit-3
[90mstdout[2m | src/components/InstructorDashboard.stories.jsx[2m > [22m[2mMobile Viewport
[22m[39m[Mock Data] Grade has data: false
[90mstdout[2m | src/components/InstructorDashboard.stories.jsx[2m > [22m[2mMobile Viewport
[22m[39m[Mock Data] Total grades in store: 3
[90mstdout[2m | src/components/InstructorDashboard.stories.jsx[2m > [22m[2mMobile Viewport
[22m[39m[Mock Data] Seeded grade: grade-4 for unit: unit-1
[90mstdout[2m | src/components/InstructorDashboard.stories.jsx[2m > [22m[2mMobile Viewport
[22m[39m[Mock Data] Grade has data: false
[90mstdout[2m | src/components/InstructorDashboard.stories.jsx[2m > [22m[2mMobile Viewport
[22m[39m[Mock Data] Total grades in store: 4
[90mstdout[2m | src/components/InstructorDashboard.stories.jsx[2m > [22m[2mMobile Viewport
[22m[39m[Mock Data] Seeded grade: grade-5 for unit: unit-2
[90mstdout[2m | src/components/InstructorDashboard.stories.jsx[2m > [22m[2mMobile Viewport
[22m[39m[Mock Data] Grade has data: false
[90mstdout[2m | src/components/InstructorDashboard.stories.jsx[2m > [22m[2mMobile Viewport
[22m[39m[Mock Data] Total grades in store: 5
[90mstdout[2m | src/components/InstructorDashboard.stories.jsx[2m > [22m[2mMobile Viewport
[22m[39m[Mock Data] Seeded grade: grade-6 for unit: unit-3
[90mstdout[2m | src/components/InstructorDashboard.stories.jsx[2m > [22m[2mMobile Viewport
[22m[39m[Mock Data] Grade has data: false
[90mstdout[2m | src/components/InstructorDashboard.stories.jsx[2m > [22m[2mMobile Viewport
[22m[39m[Mock Data] Total grades in store: 6
[90mstdout[2m | src/components/InstructorDashboard.stories.jsx[2m > [22m[2mMobile Viewport
[22m[39m[Mock Data] Seeded grade: grade-7 for unit: unit-1
[90mstdout[2m | src/components/InstructorDashboard.stories.jsx[2m > [22m[2mMobile Viewport
[22m[39m[Mock Data] Grade has data: false
[90mstdout[2m | src/components/InstructorDashboard.stories.jsx[2m > [22m[2mMobile Viewport
[22m[39m[Mock Data] Total grades in store: 7
[90mstdout[2m | src/components/InstructorDashboard.stories.jsx[2m > [22m[2mMobile Viewport
[22m[39m[Mock Data] Seeded grade: grade-8 for unit: unit-2
[90mstdout[2m | src/components/InstructorDashboard.stories.jsx[2m > [22m[2mMobile Viewport
[22m[39m[Mock Data] Grade has data: false
[90mstdout[2m | src/components/InstructorDashboard.stories.jsx[2m > [22m[2mMobile Viewport
[22m[39m[Mock Data] Total grades in store: 8
[90mstdout[2m | src/components/InstructorDashboard.stories.jsx[2m > [22m[2mMobile Viewport
[22m[39m[Mock Data] Seeded grade: grade-9 for unit: unit-3
[90mstdout[2m | src/components/InstructorDashboard.stories.jsx[2m > [22m[2mMobile Viewport
[22m[39m[Mock Data] Grade has data: false
[90mstdout[2m | src/components/InstructorDashboard.stories.jsx[2m > [22m[2mMobile Viewport
[22m[39m[Mock Data] Total grades in store: 9
[90mstdout[2m | src/components/InstructorDashboard.stories.jsx[2m > [22m[2mMobile Viewport
[22m[39m[Mock Data] Seeded grade: grade-10 for unit: unit-1
[90mstdout[2m | src/components/InstructorDashboard.stories.jsx[2m > [22m[2mMobile Viewport
[22m[39m[Mock Data] Grade has data: false
[90mstdout[2m | src/components/InstructorDashboard.stories.jsx[2m > [22m[2mMobile Viewport
[22m[39m[Mock Data] Total grades in store: 10
[90mstdout[2m | src/components/InstructorDashboard.stories.jsx[2m > [22m[2mMobile Viewport
[22m[39m[Mock Data] Seeded grade: grade-11 for unit: unit-2
[90mstdout[2m | src/components/InstructorDashboard.stories.jsx[2m > [22m[2mMobile Viewport
[22m[39m[Mock Data] Grade has data: false
[90mstdout[2m | src/components/InstructorDashboard.stories.jsx[2m > [22m[2mMobile Viewport
[22m[39m[Mock Data] Total grades in store: 11
[90mstdout[2m | src/components/InstructorDashboard.stories.jsx[2m > [22m[2mMobile Viewport
[22m[39m[Mock Data] Seeded grade: grade-12 for unit: unit-3
[90mstdout[2m | src/components/InstructorDashboard.stories.jsx[2m > [22m[2mMobile Viewport
[22m[39m[Mock Data] Grade has data: false
[90mstdout[2m | src/components/InstructorDashboard.stories.jsx[2m > [22m[2mMobile Viewport
[22m[39m[Mock Data] Total grades in store: 12
[90mstdout[2m | src/components/InstructorDashboard.stories.jsx[2m > [22m[2mMobile Viewport
[22m[39m[Mock Data] Seeded grade: grade-13 for unit: unit-1
[90mstdout[2m | src/components/InstructorDashboard.stories.jsx[2m > [22m[2mMobile Viewport
[22m[39m[Mock Data] Grade has data: false
[90mstdout[2m | src/components/InstructorDashboard.stories.jsx[2m > [22m[2mMobile Viewport
[22m[39m[Mock Data] Total grades in store: 13
[90mstdout[2m | src/components/InstructorDashboard.stories.jsx[2m > [22m[2mMobile Viewport
[22m[39m[Mock Data] Seeded grade: grade-14 for unit: unit-2
[90mstdout[2m | src/components/InstructorDashboard.stories.jsx[2m > [22m[2mMobile Viewport
[22m[39m[Mock Data] Grade has data: false
[90mstdout[2m | src/components/InstructorDashboard.stories.jsx[2m > [22m[2mMobile Viewport
[22m[39m[Mock Data] Total grades in store: 14
[90mstdout[2m | src/components/InstructorDashboard.stories.jsx[2m > [22m[2mMobile Viewport
[22m[39m[Mock Data] Seeded grade: grade-15 for unit: unit-3
[90mstdout[2m | src/components/InstructorDashboard.stories.jsx[2m > [22m[2mMobile Viewport
[22m[39m[Mock Data] Grade has data: false
[90mstdout[2m | src/components/InstructorDashboard.stories.jsx[2m > [22m[2mMobile Viewport
[22m[39m[Mock Data] Total grades in store: 15
[90mstdout[2m | src/components/InstructorDashboard.stories.jsx[2m > [22m[2mMobile Viewport
[22m[39m[Mock Data] Seeded grade: grade-16 for unit: unit-1
[90mstdout[2m | src/components/InstructorDashboard.stories.jsx[2m > [22m[2mMobile Viewport
[22m[39m[Mock Data] Grade has data: false
[90mstdout[2m | src/components/InstructorDashboard.stories.jsx[2m > [22m[2mMobile Viewport
[22m[39m[Mock Data] Total grades in store: 16
[90mstdout[2m | src/components/InstructorDashboard.stories.jsx[2m > [22m[2mMobile Viewport
[22m[39m[Mock Data] Seeded grade: grade-17 for unit: unit-2
[90mstdout[2m | src/components/InstructorDashboard.stories.jsx[2m > [22m[2mMobile Viewport
[22m[39m[Mock Data] Grade has data: false
[90mstdout[2m | src/components/InstructorDashboard.stories.jsx[2m > [22m[2mMobile Viewport
[22m[39m[Mock Data] Total grades in store: 17
[90mstdout[2m | src/components/InstructorDashboard.stories.jsx[2m > [22m[2mMobile Viewport
[22m[39m[Mock Data] Seeded grade: grade-18 for unit: unit-1
[90mstdout[2m | src/components/InstructorDashboard.stories.jsx[2m > [22m[2mMobile Viewport
[22m[39m[Mock Data] Grade has data: false
[90mstdout[2m | src/components/InstructorDashboard.stories.jsx[2m > [22m[2mMobile Viewport
[22m[39m[Mock Data] Total grades in store: 18
[90mstdout[2m | src/components/InstructorDashboard.stories.jsx[2m > [22m[2mMobile Viewport
[22m[39m[Mock Data] Seeded grade: grade-19 for unit: unit-2
[90mstdout[2m | src/components/InstructorDashboard.stories.jsx[2m > [22m[2mMobile Viewport
[22m[39m[Mock Data] Grade has data: false
[90mstdout[2m | src/components/InstructorDashboard.stories.jsx[2m > [22m[2mMobile Viewport
[22m[39m[Mock Data] Total grades in store: 19
[90mstdout[2m | src/components/InstructorDashboard.stories.jsx[2m > [22m[2mMobile Viewport
[22m[39m[Mock Data] Seeded grade: grade-20 for unit: unit-1
[90mstdout[2m | src/components/InstructorDashboard.stories.jsx[2m > [22m[2mMobile Viewport
[22m[39m[Mock Data] Grade has data: false
[90mstdout[2m | src/components/InstructorDashboard.stories.jsx[2m > [22m[2mMobile Viewport
[22m[39m[Mock Data] Total grades in store: 20
[90mstdout[2m | src/components/InstructorDashboard.stories.jsx[2m > [22m[2mMobile Viewport
[22m[39m[Mock Data] Seeded grade: grade-21 for unit: unit-2
[90mstdout[2m | src/components/InstructorDashboard.stories.jsx[2m > [22m[2mMobile Viewport
[22m[39m[Mock Data] Grade has data: false
[90mstdout[2m | src/components/InstructorDashboard.stories.jsx[2m > [22m[2mMobile Viewport
[22m[39m[Mock Data] Total grades in store: 21
[90mstdout[2m | src/components/InstructorDashboard.stories.jsx[2m > [22m[2mMobile Viewport
[22m[39m[Mock Data] Seeded grade: grade-22 for unit: unit-1
[90mstdout[2m | src/components/InstructorDashboard.stories.jsx[2m > [22m[2mMobile Viewport
[22m[39m[Mock Data] Grade has data: false
[90mstdout[2m | src/components/InstructorDashboard.stories.jsx[2m > [22m[2mMobile Viewport
[22m[39m[Mock Data] Total grades in store: 22
[90mstdout[2m | src/components/InstructorDashboard.stories.jsx[2m > [22m[2mMobile Viewport
[22m[39m[Mock Data] Seeded grade: grade-23 for unit: unit-2
[90mstdout[2m | src/components/InstructorDashboard.stories.jsx[2m > [22m[2mMobile Viewport
[22m[39m[Mock Data] Grade has data: false
[90mstdout[2m | src/components/InstructorDashboard.stories.jsx[2m > [22m[2mMobile Viewport
[22m[39m[Mock Data] Total grades in store: 23
[90mstdout[2m | src/components/InstructorDashboard.stories.jsx[2m > [22m[2mMobile Viewport
[22m[39m[Mock Data] Seeded grade: grade-24 for unit: unit-4
[90mstdout[2m | src/components/InstructorDashboard.stories.jsx[2m > [22m[2mMobile Viewport
[22m[39m[Mock Data] Grade has data: false
[90mstdout[2m | src/components/InstructorDashboard.stories.jsx[2m > [22m[2mMobile Viewport
[22m[39m[Mock Data] Total grades in store: 24
[90mstdout[2m | src/components/InstructorDashboard.stories.jsx[2m > [22m[2mMobile Viewport
[22m[39m[Mock Data] Seeded grade: grade-25 for unit: unit-5
[90mstdout[2m | src/components/InstructorDashboard.stories.jsx[2m > [22m[2mMobile Viewport
[22m[39m[Mock Data] Grade has data: false
[90mstdout[2m | src/components/InstructorDashboard.stories.jsx[2m > [22m[2mMobile Viewport
[22m[39m[Mock Data] Total grades in store: 25
[90mstdout[2m | src/components/InstructorDashboard.stories.jsx[2m > [22m[2mMobile Viewport
[22m[39m[Mock Data] Seeded grade: grade-26 for unit: unit-4
[90mstdout[2m | src/components/InstructorDashboard.stories.jsx[2m > [22m[2mMobile Viewport
[22m[39m[Mock Data] Grade has data: false
[90mstdout[2m | src/components/InstructorDashboard.stories.jsx[2m > [22m[2mMobile Viewport
[22m[39m[Mock Data] Total grades in store: 26
[90mstdout[2m | src/components/InstructorDashboard.stories.jsx[2m > [22m[2mMobile Viewport
[22m[39m[Mock Data] Seeded grade: grade-27 for unit: unit-5
[90mstdout[2m | src/components/InstructorDashboard.stories.jsx[2m > [22m[2mMobile Viewport
[22m[39m[Mock Data] Grade has data: false
[90mstdout[2m | src/components/InstructorDashboard.stories.jsx[2m > [22m[2mMobile Viewport
[22m[39m[Mock Data] Total grades in store: 27
[90mstdout[2m | src/components/InstructorDashboard.stories.jsx[2m > [22m[2mMobile Viewport
[22m[39m[Mock Data] Seeded grade: grade-28 for unit: unit-4
[90mstdout[2m | src/components/InstructorDashboard.stories.jsx[2m > [22m[2mMobile Viewport
[22m[39m[Mock Data] Grade has data: false
[90mstdout[2m | src/components/InstructorDashboard.stories.jsx[2m > [22m[2mMobile Viewport
[22m[39m[Mock Data] Total grades in store: 28
[90mstdout[2m | src/components/InstructorDashboard.stories.jsx[2m > [22m[2mMobile Viewport
[22m[39m[Mock Data] Seeded grade: grade-29 for unit: unit-5
[90mstdout[2m | src/components/InstructorDashboard.stories.jsx[2m > [22m[2mMobile Viewport
[22m[39m[Mock Data] Grade has data: false
[90mstdout[2m | src/components/InstructorDashboard.stories.jsx[2m > [22m[2mMobile Viewport
[22m[39m[Mock Data] Total grades in store: 29
[90mstdout[2m | src/components/InstructorDashboard.stories.jsx[2m > [22m[2mMobile Viewport
[22m[39m[Mock Data] Seeded grade: grade-30 for unit: unit-4
[90mstdout[2m | src/components/InstructorDashboard.stories.jsx[2m > [22m[2mMobile Viewport
[22m[39m[Mock Data] Grade has data: false
[90mstdout[2m | src/components/InstructorDashboard.stories.jsx[2m > [22m[2mMobile Viewport
[22m[39m[Mock Data] Total grades in store: 30
[90mstdout[2m | src/components/InstructorDashboard.stories.jsx[2m > [22m[2mMobile Viewport
[22m[39m[Mock Data] Seeded grade: grade-31 for unit: unit-5
[90mstdout[2m | src/components/InstructorDashboard.stories.jsx[2m > [22m[2mMobile Viewport
[22m[39m[Mock Data] Grade has data: false
[90mstdout[2m | src/components/InstructorDashboard.stories.jsx[2m > [22m[2mMobile Viewport
[22m[39m[Mock Data] Total grades in store: 31
[90mstdout[2m | src/components/InstructorDashboard.stories.jsx[2m > [22m[2mMobile Viewport
[22m[39m[Mock Data] Seeded grade: grade-32 for unit: unit-2
[90mstdout[2m | src/components/InstructorDashboard.stories.jsx[2m > [22m[2mMobile Viewport
[22m[39m[Mock Data] Grade has data: false
[90mstdout[2m | src/components/InstructorDashboard.stories.jsx[2m > [22m[2mMobile Viewport
[22m[39m[Mock Data] Total grades in store: 32
[90mstdout[2m | src/components/InstructorDashboard.stories.jsx[2m > [22m[2mMobile Viewport
[22m[39m[TranslationModeController] Setting mode to: off
[90mstdout[2m | src/components/InstructorDashboard.stories.jsx[2m > [22m[2mMobile Viewport
[22m[39m[UnitContext] useEffect triggered {
  "authLoading": false,
  "hasUser": true,
  "id": "mock-unit-id",
  "userSub": "mock-user-sub",
}
[90mstdout[2m | src/components/InstructorDashboard.stories.jsx[2m > [22m[2mMobile Viewport
[22m[39m[UnitContext] Fetching unit data for id: mock-unit-id
[90mstdout[2m | src/components/InstructorDashboard.stories.jsx[2m > [22m[2mMobile Viewport
[22m[39m[FilesContext] Initializing vector store from IndexedDB
[90mstdout[2m | src/components/InstructorDashboard.stories.jsx[2m > [22m[2mMobile Viewport
[22m[39m[FilesContext] fetchFiles called
[90mstdout[2m | src/components/InstructorDashboard.stories.jsx[2m > [22m[2mMobile Viewport
[22m[39m[FilesContext] User authenticated: mock-user-sub
[90mstdout[2m | src/components/InstructorDashboard.stories.jsx[2m > [22m[2mMobile Viewport
[22m[39m[FilesContext] Identity ID: us-east-1:mock-identity-123
[90mstdout[2m | src/components/InstructorDashboard.stories.jsx[2m > [22m[2mMobile Viewport
[22m[39m[FilesContext] About to set up File observeQuery
[90mstdout[2m | src/components/InstructorDashboard.stories.jsx[2m > [22m[2mMobile Viewport
[22m[39m[ChatContext] Setting up AssistantChat observeQuery
[90mstdout[2m | src/components/InstructorDashboard.stories.jsx[2m > [22m[2mMobile Viewport
[22m[39m[ChatContext] Waiting for subscription to initialize
[90mstdout[2m | src/components/InstructorDashboard.stories.jsx[2m > [22m[2mMobile Viewport
[22m[39m[SettingsContext] Setting up Settings subscription for user: mock-user-sub
[90mstdout[2m | src/components/InstructorDashboard.stories.jsx[2m > [22m[2mMobile Viewport
[22m[39m[Mock Data] Settings created: mock-settings-1790416133485 - notified 0 subscribers
[90mstdout[2m | src/components/InstructorDashboard.stories.jsx[2m > [22m[2mMobile Viewport
[22m[39m[Mock Data] Unit.onUpdate() subscription added. Total: 1
[90mstdout[2m | src/components/InstructorDashboard.stories.jsx[2m > [22m[2mMobile Viewport
[22m[39m[SectionContext] Section observeQuery update: 0
[90mstdout[2m | src/components/InstructorDashboard.stories.jsx[2m > [22m[2mMobile Viewport
[22m[39m[FilesContext] File observeQuery update: 6 files
[90mstdout[2m | src/components/InstructorDashboard.stories.jsx[2m > [22m[2mMobile Viewport
[22m[39m[ChatContext] AssistantChat initialized with 1 chats
[90mstdout[2m | src/components/InstructorDashboard.stories.jsx[2m > [22m[2mMobile Viewport
[22m[39m[ChatContext] Setting initial chat: chat-flagged-1
[90mstdout[2m | src/components/InstructorDashboard.stories.jsx[2m > [22m[2mMobile Viewport
[22m[39m[MOCK CourseVectorStore] Initialized with mock data
[90mstdout[2m | src/components/InstructorDashboard.stories.jsx[2m > [22m[2mMobile Viewport
[22m[39m[FilesContext] Vector store population triggered {
  "currentVectorStoreSize": 3,
  "documentsCount": 0,
  "filesCount": 6,
  "isInitialLoad": true,
}
[90mstdout[2m | src/components/InstructorDashboard.stories.jsx[2m > [22m[2mMobile Viewport
[22m[39m[FilesContext] Vector store population complete - 3 total embeddings
[90mstdout[2m | src/components/InstructorDashboard.stories.jsx[2m > [22m[2mMobile Viewport
[22m[39m[ChatContext] Chat exists and not archived, skipping creation
[90mstdout[2m | src/components/InstructorDashboard.stories.jsx[2m > [22m[2mMobile Viewport
[22m[39m[Mock Storage] downloadData called with: undefined
[90mstdout[2m | src/components/InstructorDashboard.stories.jsx[2m > [22m[2mTablet Viewport
[22m[39m[ChatContext] Cleaning up subscriptions
[90mstdout[2m | src/components/InstructorDashboard.stories.jsx[2m > [22m[2mTablet Viewport
[22m[39m[Mock Data] Unit.onUpdate() subscription removed. Remaining: 0
[90mstdout[2m | src/components/InstructorDashboard.stories.jsx[2m > [22m[2mTablet Viewport
[22m[39m[MOCK CourseVectorStore] Initialized with mock data
[90mstdout[2m | src/components/InstructorDashboard.stories.jsx[2m > [22m[2mTablet Viewport
[22m[39m[Mock Data] seedMockUnit: Adding unit unit-1
[90mstdout[2m | src/components/InstructorDashboard.stories.jsx[2m > [22m[2mTablet Viewport
[22m[39m[Mock Data] seedMockUnit: Adding unit unit-2
[90mstdout[2m | src/components/InstructorDashboard.stories.jsx[2m > [22m[2mTablet Viewport
[22m[39m[Mock Data] seedMockUnit: Adding unit unit-3
[90mstdout[2m | src/components/InstructorDashboard.stories.jsx[2m > [22m[2mTablet Viewport
[22m[39m[Mock Data] seedMockUnit: Adding unit unit-4
[90mstdout[2m | src/components/InstructorDashboard.stories.jsx[2m > [22m[2mTablet Viewport
[22m[39m[Mock Data] seedMockUnit: Adding unit unit-5
[90mstdout[2m | src/components/InstructorDashboard.stories.jsx[2m > [22m[2mTablet Viewport
[22m[39m[Mock Data] seedMockAssignments: Adding 7 assignments
[90mstdout[2m | src/components/InstructorDashboard.stories.jsx[2m > [22m[2mTablet Viewport
[22m[39m[Mock Data] Total assignments in store: 7
[90mstdout[2m | src/components/InstructorDashboard.stories.jsx[2m > [22m[2mTablet Viewport
[22m[39m[Mock Data] Seeded grade: grade-1 for unit: unit-1
[90mstdout[2m | src/components/InstructorDashboard.stories.jsx[2m > [22m[2mTablet Viewport
[22m[39m[Mock Data] Grade has data: false
[90mstdout[2m | src/components/InstructorDashboard.stories.jsx[2m > [22m[2mTablet Viewport
[22m[39m[Mock Data] Total grades in store: 1
[90mstdout[2m | src/components/InstructorDashboard.stories.jsx[2m > [22m[2mTablet Viewport
[22m[39m[Mock Data] Seeded grade: grade-2 for unit: unit-2
[90mstdout[2m | src/components/InstructorDashboard.stories.jsx[2m > [22m[2mTablet Viewport
[22m[39m[Mock Data] Grade has data: false
[90mstdout[2m | src/components/InstructorDashboard.stories.jsx[2m > [22m[2mTablet Viewport
[22m[39m[Mock Data] Total grades in store: 2
[90mstdout[2m | src/components/InstructorDashboard.stories.jsx[2m > [22m[2mTablet Viewport
[22m[39m[Mock Data] Seeded grade: grade-3 for unit: unit-3
[90mstdout[2m | src/components/InstructorDashboard.stories.jsx[2m > [22m[2mTablet Viewport
[22m[39m[Mock Data] Grade has data: false
[90mstdout[2m | src/components/InstructorDashboard.stories.jsx[2m > [22m[2mTablet Viewport
[22m[39m[Mock Data] Total grades in store: 3
[90mstdout[2m | src/components/InstructorDashboard.stories.jsx[2m > [22m[2mTablet Viewport
[22m[39m[Mock Data] Seeded grade: grade-4 for unit: unit-1
[90mstdout[2m | src/components/InstructorDashboard.stories.jsx[2m > [22m[2mTablet Viewport
[22m[39m[Mock Data] Grade has data: false
[90mstdout[2m | src/components/InstructorDashboard.stories.jsx[2m > [22m[2mTablet Viewport
[22m[39m[Mock Data] Total grades in store: 4
[90mstdout[2m | src/components/InstructorDashboard.stories.jsx[2m > [22m[2mTablet Viewport
[22m[39m[Mock Data] Seeded grade: grade-5 for unit: unit-2
[90mstdout[2m | src/components/InstructorDashboard.stories.jsx[2m > [22m[2mTablet Viewport
[22m[39m[Mock Data] Grade has data: false
[90mstdout[2m | src/components/InstructorDashboard.stories.jsx[2m > [22m[2mTablet Viewport
[22m[39m[Mock Data] Total grades in store: 5
[90mstdout[2m | src/components/InstructorDashboard.stories.jsx[2m > [22m[2mTablet Viewport
[22m[39m[Mock Data] Seeded grade: grade-6 for unit: unit-3
[90mstdout[2m | src/components/InstructorDashboard.stories.jsx[2m > [22m[2mTablet Viewport
[22m[39m[Mock Data] Grade has data: false
[90mstdout[2m | src/components/InstructorDashboard.stories.jsx[2m > [22m[2mTablet Viewport
[22m[39m[Mock Data] Total grades in store: 6
[90mstdout[2m | src/components/InstructorDashboard.stories.jsx[2m > [22m[2mTablet Viewport
[22m[39m[Mock Data] Seeded grade: grade-7 for unit: unit-1
[90mstdout[2m | src/components/InstructorDashboard.stories.jsx[2m > [22m[2mTablet Viewport
[22m[39m[Mock Data] Grade has data: false
[90mstdout[2m | src/components/InstructorDashboard.stories.jsx[2m > [22m[2mTablet Viewport
[22m[39m[Mock Data] Total grades in store: 7
[90mstdout[2m | src/components/InstructorDashboard.stories.jsx[2m > [22m[2mTablet Viewport
[22m[39m[Mock Data] Seeded grade: grade-8 for unit: unit-2
[90mstdout[2m | src/components/InstructorDashboard.stories.jsx[2m > [22m[2mTablet Viewport
[22m[39m[Mock Data] Grade has data: false
[90mstdout[2m | src/components/InstructorDashboard.stories.jsx[2m > [22m[2mTablet Viewport
[22m[39m[Mock Data] Total grades in store: 8
[90mstdout[2m | src/components/InstructorDashboard.stories.jsx[2m > [22m[2mTablet Viewport
[22m[39m[Mock Data] Seeded grade: grade-9 for unit: unit-3
[90mstdout[2m | src/components/InstructorDashboard.stories.jsx[2m > [22m[2mTablet Viewport
[22m[39m[Mock Data] Grade has data: false
[90mstdout[2m | src/components/InstructorDashboard.stories.jsx[2m > [22m[2mTablet Viewport
[22m[39m[Mock Data] Total grades in store: 9
[90mstdout[2m | src/components/InstructorDashboard.stories.jsx[2m > [22m[2mTablet Viewport
[22m[39m[Mock Data] Seeded grade: grade-10 for unit: unit-1
[90mstdout[2m | src/components/InstructorDashboard.stories.jsx[2m > [22m[2mTablet Viewport
[22m[39m[Mock Data] Grade has data: false
[90mstdout[2m | src/components/InstructorDashboard.stories.jsx[2m > [22m[2mTablet Viewport
[22m[39m[Mock Data] Total grades in store: 10
[90mstdout[2m | src/components/InstructorDashboard.stories.jsx[2m > [22m[2mTablet Viewport
[22m[39m[Mock Data] Seeded grade: grade-11 for unit: unit-2
[90mstdout[2m | src/components/InstructorDashboard.stories.jsx[2m > [22m[2mTablet Viewport
[22m[39m[Mock Data] Grade has data: false
[90mstdout[2m | src/components/InstructorDashboard.stories.jsx[2m > [22m[2mTablet Viewport
[22m[39m[Mock Data] Total grades in store: 11
[90mstdout[2m | src/components/InstructorDashboard.stories.jsx[2m > [22m[2mTablet Viewport
[22m[39m[Mock Data] Seeded grade: grade-12 for unit: unit-3
[90mstdout[2m | src/components/InstructorDashboard.stories.jsx[2m > [22m[2mTablet Viewport
[22m[39m[Mock Data] Grade has data: false
[90mstdout[2m | src/components/InstructorDashboard.stories.jsx[2m > [22m[2mTablet Viewport
[22m[39m[Mock Data] Total grades in store: 12
[90mstdout[2m | src/components/InstructorDashboard.stories.jsx[2m > [22m[2mTablet Viewport
[22m[39m[Mock Data] Seeded grade: grade-13 for unit: unit-1
[90mstdout[2m | src/components/InstructorDashboard.stories.jsx[2m > [22m[2mTablet Viewport
[22m[39m[Mock Data] Grade has data: false
[90mstdout[2m | src/components/InstructorDashboard.stories.jsx[2m > [22m[2mTablet Viewport
[22m[39m[Mock Data] Total grades in store: 13
[90mstdout[2m | src/components/InstructorDashboard.stories.jsx[2m > [22m[2mTablet Viewport
[22m[39m[Mock Data] Seeded grade: grade-14 for unit: unit-2
[90mstdout[2m | src/components/InstructorDashboard.stories.jsx[2m > [22m[2mTablet Viewport
[22m[39m[Mock Data] Grade has data: false
[90mstdout[2m | src/components/InstructorDashboard.stories.jsx[2m > [22m[2mTablet Viewport
[22m[39m[Mock Data] Total grades in store: 14
[90mstdout[2m | src/components/InstructorDashboard.stories.jsx[2m > [22m[2mTablet Viewport
[22m[39m[Mock Data] Seeded grade: grade-15 for unit: unit-3
[90mstdout[2m | src/components/InstructorDashboard.stories.jsx[2m > [22m[2mTablet Viewport
[22m[39m[Mock Data] Grade has data: false
[90mstdout[2m | src/components/InstructorDashboard.stories.jsx[2m > [22m[2mTablet Viewport
[22m[39m[Mock Data] Total grades in store: 15
[90mstdout[2m | src/components/InstructorDashboard.stories.jsx[2m > [22m[2mTablet Viewport
[22m[39m[Mock Data] Seeded grade: grade-16 for unit: unit-1
[90mstdout[2m | src/components/InstructorDashboard.stories.jsx[2m > [22m[2mTablet Viewport
[22m[39m[Mock Data] Grade has data: false
[90mstdout[2m | src/components/InstructorDashboard.stories.jsx[2m > [22m[2mTablet Viewport
[22m[39m[Mock Data] Total grades in store: 16
[90mstdout[2m | src/components/InstructorDashboard.stories.jsx[2m > [22m[2mTablet Viewport
[22m[39m[Mock Data] Seeded grade: grade-17 for unit: unit-2
[90mstdout[2m | src/components/InstructorDashboard.stories.jsx[2m > [22m[2mTablet Viewport
[22m[39m[Mock Data] Grade has data: false
[90mstdout[2m | src/components/InstructorDashboard.stories.jsx[2m > [22m[2mTablet Viewport
[22m[39m[Mock Data] Total grades in store: 17
[90mstdout[2m | src/components/InstructorDashboard.stories.jsx[2m > [22m[2mTablet Viewport
[22m[39m[Mock Data] Seeded grade: grade-18 for unit: unit-1
[90mstdout[2m | src/components/InstructorDashboard.stories.jsx[2m > [22m[2mTablet Viewport
[22m[39m[Mock Data] Grade has data: false
[90mstdout[2m | src/components/InstructorDashboard.stories.jsx[2m > [22m[2mTablet Viewport
[22m[39m[Mock Data] Total grades in store: 18
[90mstdout[2m | src/components/InstructorDashboard.stories.jsx[2m > [22m[2mTablet Viewport
[22m[39m[Mock Data] Seeded grade: grade-19 for unit: unit-2
[90mstdout[2m | src/components/InstructorDashboard.stories.jsx[2m > [22m[2mTablet Viewport
[22m[39m[Mock Data] Grade has data: false
[90mstdout[2m | src/components/InstructorDashboard.stories.jsx[2m > [22m[2mTablet Viewport
[22m[39m[Mock Data] Total grades in store: 19
[90mstdout[2m | src/components/InstructorDashboard.stories.jsx[2m > [22m[2mTablet Viewport
[22m[39m[Mock Data] Seeded grade: grade-20 for unit: unit-1
[90mstdout[2m | src/components/InstructorDashboard.stories.jsx[2m > [22m[2mTablet Viewport
[22m[39m[Mock Data] Grade has data: false
[90mstdout[2m | src/components/InstructorDashboard.stories.jsx[2m > [22m[2mTablet Viewport
[22m[39m[Mock Data] Total grades in store: 20
[90mstdout[2m | src/components/InstructorDashboard.stories.jsx[2m > [22m[2mTablet Viewport
[22m[39m[Mock Data] Seeded grade: grade-21 for unit: unit-2
[90mstdout[2m | src/components/InstructorDashboard.stories.jsx[2m > [22m[2mTablet Viewport
[22m[39m[Mock Data] Grade has data: false
[90mstdout[2m | src/components/InstructorDashboard.stories.jsx[2m > [22m[2mTablet Viewport
[22m[39m[Mock Data] Total grades in store: 21
[90mstdout[2m | src/components/InstructorDashboard.stories.jsx[2m > [22m[2mTablet Viewport
[22m[39m[Mock Data] Seeded grade: grade-22 for unit: unit-1
[90mstdout[2m | src/components/InstructorDashboard.stories.jsx[2m > [22m[2mTablet Viewport
[22m[39m[Mock Data] Grade has data: false
[90mstdout[2m | src/components/InstructorDashboard.stories.jsx[2m > [22m[2mTablet Viewport
[22m[39m[Mock Data] Total grades in store: 22
[90mstdout[2m | src/components/InstructorDashboard.stories.jsx[2m > [22m[2mTablet Viewport
[22m[39m[Mock Data] Seeded grade: grade-23 for unit: unit-2
[90mstdout[2m | src/components/InstructorDashboard.stories.jsx[2m > [22m[2mTablet Viewport
[22m[39m[Mock Data] Grade has data: false
[90mstdout[2m | src/components/InstructorDashboard.stories.jsx[2m > [22m[2mTablet Viewport
[22m[39m[Mock Data] Total grades in store: 23
[90mstdout[2m | src/components/InstructorDashboard.stories.jsx[2m > [22m[2mTablet Viewport
[22m[39m[Mock Data] Seeded grade: grade-24 for unit: unit-4
[90mstdout[2m | src/components/InstructorDashboard.stories.jsx[2m > [22m[2mTablet Viewport
[22m[39m[Mock Data] Grade has data: false
[90mstdout[2m | src/components/InstructorDashboard.stories.jsx[2m > [22m[2mTablet Viewport
[22m[39m[Mock Data] Total grades in store: 24
[90mstdout[2m | src/components/InstructorDashboard.stories.jsx[2m > [22m[2mTablet Viewport
[22m[39m[Mock Data] Seeded grade: grade-25 for unit: unit-5
[90mstdout[2m | src/components/InstructorDashboard.stories.jsx[2m > [22m[2mTablet Viewport
[22m[39m[Mock Data] Grade has data: false
[90mstdout[2m | src/components/InstructorDashboard.stories.jsx[2m > [22m[2mTablet Viewport
[22m[39m[Mock Data] Total grades in store: 25
[90mstdout[2m | src/components/InstructorDashboard.stories.jsx[2m > [22m[2mTablet Viewport
[22m[39m[Mock Data] Seeded grade: grade-26 for unit: unit-4
[90mstdout[2m | src/components/InstructorDashboard.stories.jsx[2m > [22m[2mTablet Viewport
[22m[39m[Mock Data] Grade has data: false
[90mstdout[2m | src/components/InstructorDashboard.stories.jsx[2m > [22m[2mTablet Viewport
[22m[39m[Mock Data] Total grades in store: 26
[90mstdout[2m | src/components/InstructorDashboard.stories.jsx[2m > [22m[2mTablet Viewport
[22m[39m[Mock Data] Seeded grade: grade-27 for unit: unit-5
[90mstdout[2m | src/components/InstructorDashboard.stories.jsx[2m > [22m[2mTablet Viewport
[22m[39m[Mock Data] Grade has data: false
[90mstdout[2m | src/components/InstructorDashboard.stories.jsx[2m > [22m[2mTablet Viewport
[22m[39m[Mock Data] Total grades in store: 27
[90mstdout[2m | src/components/InstructorDashboard.stories.jsx[2m > [22m[2mTablet Viewport
[22m[39m[Mock Data] Seeded grade: grade-28 for unit: unit-4
[90mstdout[2m | src/components/InstructorDashboard.stories.jsx[2m > [22m[2mTablet Viewport
[22m[39m[Mock Data] Grade has data: false
[90mstdout[2m | src/components/InstructorDashboard.stories.jsx[2m > [22m[2mTablet Viewport
[22m[39m[Mock Data] Total grades in store: 28
[90mstdout[2m | src/components/InstructorDashboard.stories.jsx[2m > [22m[2mTablet Viewport
[22m[39m[Mock Data] Seeded grade: grade-29 for unit: unit-5
[90mstdout[2m | src/components/InstructorDashboard.stories.jsx[2m > [22m[2mTablet Viewport
[22m[39m[Mock Data] Grade has data: false
[90mstdout[2m | src/components/InstructorDashboard.stories.jsx[2m > [22m[2mTablet Viewport
[22m[39m[Mock Data] Total grades in store: 29
[90mstdout[2m | src/components/InstructorDashboard.stories.jsx[2m > [22m[2mTablet Viewport
[22m[39m[Mock Data] Seeded grade: grade-30 for unit: unit-4
[90mstdout[2m | src/components/InstructorDashboard.stories.jsx[2m > [22m[2mTablet Viewport
[22m[39m[Mock Data] Grade has data: false
[90mstdout[2m | src/components/InstructorDashboard.stories.jsx[2m > [22m[2mTablet Viewport
[22m[39m[Mock Data] Total grades in store: 30
[90mstdout[2m | src/components/InstructorDashboard.stories.jsx[2m > [22m[2mTablet Viewport
[22m[39m[Mock Data] Seeded grade: grade-31 for unit: unit-5
[90mstdout[2m | src/components/InstructorDashboard.stories.jsx[2m > [22m[2mTablet Viewport
[22m[39m[Mock Data] Grade has data: false
[90mstdout[2m | src/components/InstructorDashboard.stories.jsx[2m > [22m[2mTablet Viewport
[22m[39m[Mock Data] Total grades in store: 31
[90mstdout[2m | src/components/InstructorDashboard.stories.jsx[2m > [22m[2mTablet Viewport
[22m[39m[Mock Data] Seeded grade: grade-32 for unit: unit-2
[90mstdout[2m | src/components/InstructorDashboard.stories.jsx[2m > [22m[2mTablet Viewport
[22m[39m[Mock Data] Grade has data: false
[90mstdout[2m | src/components/InstructorDashboard.stories.jsx[2m > [22m[2mTablet Viewport
[22m[39m[Mock Data] Total grades in store: 32
[90mstdout[2m | src/components/InstructorDashboard.stories.jsx[2m > [22m[2mTablet Viewport
[22m[39m[TranslationModeController] Setting mode to: off
[90mstdout[2m | src/components/InstructorDashboard.stories.jsx[2m > [22m[2mTablet Viewport
[22m[39m[UnitContext] useEffect triggered {
  "authLoading": false,
  "hasUser": true,
  "id": "mock-unit-id",
  "userSub": "mock-user-sub",
}
[90mstdout[2m | src/components/InstructorDashboard.stories.jsx[2m > [22m[2mTablet Viewport
[22m[39m[UnitContext] Fetching unit data for id: mock-unit-id
[90mstdout[2m | src/components/InstructorDashboard.stories.jsx[2m > [22m[2mTablet Viewport
[22m[39m[FilesContext] Initializing vector store from IndexedDB
[90mstdout[2m | src/components/InstructorDashboard.stories.jsx[2m > [22m[2mTablet Viewport
[22m[39m[FilesContext] fetchFiles called
[90mstdout[2m | src/components/InstructorDashboard.stories.jsx[2m > [22m[2mTablet Viewport
[22m[39m[FilesContext] User authenticated: mock-user-sub
[90mstdout[2m | src/components/InstructorDashboard.stories.jsx[2m > [22m[2mTablet Viewport
[22m[39m[FilesContext] Identity ID: us-east-1:mock-identity-123
[90mstdout[2m | src/components/InstructorDashboard.stories.jsx[2m > [22m[2mTablet Viewport
[22m[39m[FilesContext] About to set up File observeQuery
[90mstdout[2m | src/components/InstructorDashboard.stories.jsx[2m > [22m[2mTablet Viewport
[22m[39m[ChatContext] Setting up AssistantChat observeQuery
[90mstdout[2m | src/components/InstructorDashboard.stories.jsx[2m > [22m[2mTablet Viewport
[22m[39m[ChatContext] Waiting for subscription to initialize
[90mstdout[2m | src/components/InstructorDashboard.stories.jsx[2m > [22m[2mTablet Viewport
[22m[39m[SettingsContext] Setting up Settings subscription for user: mock-user-sub
[90mstdout[2m | src/components/InstructorDashboard.stories.jsx[2m > [22m[2mTablet Viewport
[22m[39m[Mock Data] Settings created: mock-settings-1790416134429 - notified 0 subscribers
[90mstdout[2m | src/components/InstructorDashboard.stories.jsx[2m > [22m[2mTablet Viewport
[22m[39m[Mock Data] Unit.onUpdate() subscription added. Total: 1
[90mstdout[2m | src/components/InstructorDashboard.stories.jsx[2m > [22m[2mTablet Viewport
[22m[39m[SectionContext] Section observeQuery update: 0
[90mstdout[2m | src/components/InstructorDashboard.stories.jsx[2m > [22m[2mTablet Viewport
[22m[39m[FilesContext] File observeQuery update: 6 files
[90mstdout[2m | src/components/InstructorDashboard.stories.jsx[2m > [22m[2mTablet Viewport
[22m[39m[ChatContext] AssistantChat initialized with 1 chats
[90mstdout[2m | src/components/InstructorDashboard.stories.jsx[2m > [22m[2mTablet Viewport
[22m[39m[ChatContext] Setting initial chat: chat-flagged-1
[90mstdout[2m | src/components/InstructorDashboard.stories.jsx[2m > [22m[2mTablet Viewport
[22m[39m[MOCK CourseVectorStore] Initialized with mock data
[90mstdout[2m | src/components/InstructorDashboard.stories.jsx[2m > [22m[2mTablet Viewport
[22m[39m[FilesContext] Vector store population triggered {
  "currentVectorStoreSize": 3,
  "documentsCount": 0,
  "filesCount": 6,
  "isInitialLoad": true,
}
[90mstdout[2m | src/components/InstructorDashboard.stories.jsx[2m > [22m[2mTablet Viewport
[22m[39m[FilesContext] Vector store population complete - 3 total embeddings
[90mstdout[2m | src/components/InstructorDashboard.stories.jsx[2m > [22m[2mTablet Viewport
[22m[39m[ChatContext] Chat exists and not archived, skipping creation
[90mstdout[2m | src/components/InstructorDashboard.stories.jsx[2m > [22m[2mTablet Viewport
[22m[39m[Mock Storage] downloadData called with: undefined
[90mstdout[2m | src/components/InstructorDashboard.stories.jsx[2m > [22m[2mDesktop Viewport
[22m[39m[ChatContext] Cleaning up subscriptions
[90mstdout[2m | src/components/InstructorDashboard.stories.jsx[2m > [22m[2mDesktop Viewport
[22m[39m[Mock Data] Unit.onUpdate() subscription removed. Remaining: 0
[90mstdout[2m | src/components/InstructorDashboard.stories.jsx[2m > [22m[2mDesktop Viewport
[22m[39m[MOCK CourseVectorStore] Initialized with mock data
[90mstdout[2m | src/components/InstructorDashboard.stories.jsx[2m > [22m[2mDesktop Viewport
[22m[39m[Mock Data] seedMockUnit: Adding unit unit-1
[90mstdout[2m | src/components/InstructorDashboard.stories.jsx[2m > [22m[2mDesktop Viewport
[22m[39m[Mock Data] seedMockUnit: Adding unit unit-2
[90mstdout[2m | src/components/InstructorDashboard.stories.jsx[2m > [22m[2mDesktop Viewport
[22m[39m[Mock Data] seedMockUnit: Adding unit unit-3
[90mstdout[2m | src/components/InstructorDashboard.stories.jsx[2m > [22m[2mDesktop Viewport
[22m[39m[Mock Data] seedMockUnit: Adding unit unit-4
[90mstdout[2m | src/components/InstructorDashboard.stories.jsx[2m > [22m[2mDesktop Viewport
[22m[39m[Mock Data] seedMockUnit: Adding unit unit-5
[90mstdout[2m | src/components/InstructorDashboard.stories.jsx[2m > [22m[2mDesktop Viewport
[22m[39m[Mock Data] seedMockAssignments: Adding 7 assignments
[90mstdout[2m | src/components/InstructorDashboard.stories.jsx[2m > [22m[2mDesktop Viewport
[22m[39m[Mock Data] Total assignments in store: 7
[90mstdout[2m | src/components/InstructorDashboard.stories.jsx[2m > [22m[2mDesktop Viewport
[22m[39m[Mock Data] Seeded grade: grade-1 for unit: unit-1
[90mstdout[2m | src/components/InstructorDashboard.stories.jsx[2m > [22m[2mDesktop Viewport
[22m[39m[Mock Data] Grade has data: false
[90mstdout[2m | src/components/InstructorDashboard.stories.jsx[2m > [22m[2mDesktop Viewport
[22m[39m[Mock Data] Total grades in store: 1
[90mstdout[2m | src/components/InstructorDashboard.stories.jsx[2m > [22m[2mDesktop Viewport
[22m[39m[Mock Data] Seeded grade: grade-2 for unit: unit-2
[90mstdout[2m | src/components/InstructorDashboard.stories.jsx[2m > [22m[2mDesktop Viewport
[22m[39m[Mock Data] Grade has data: false
[90mstdout[2m | src/components/InstructorDashboard.stories.jsx[2m > [22m[2mDesktop Viewport
[22m[39m[Mock Data] Total grades in store: 2
[90mstdout[2m | src/components/InstructorDashboard.stories.jsx[2m > [22m[2mDesktop Viewport
[22m[39m[Mock Data] Seeded grade: grade-3 for unit: unit-3
[90mstdout[2m | src/components/InstructorDashboard.stories.jsx[2m > [22m[2mDesktop Viewport
[22m[39m[Mock Data] Grade has data: false
[90mstdout[2m | src/components/InstructorDashboard.stories.jsx[2m > [22m[2mDesktop Viewport
[22m[39m[Mock Data] Total grades in store: 3
[90mstdout[2m | src/components/InstructorDashboard.stories.jsx[2m > [22m[2mDesktop Viewport
[22m[39m[Mock Data] Seeded grade: grade-4 for unit: unit-1
[90mstdout[2m | src/components/InstructorDashboard.stories.jsx[2m > [22m[2mDesktop Viewport
[22m[39m[Mock Data] Grade has data: false
[90mstdout[2m | src/components/InstructorDashboard.stories.jsx[2m > [22m[2mDesktop Viewport
[22m[39m[Mock Data] Total grades in store: 4
[90mstdout[2m | src/components/InstructorDashboard.stories.jsx[2m > [22m[2mDesktop Viewport
[22m[39m[Mock Data] Seeded grade: grade-5 for unit: unit-2
[90mstdout[2m | src/components/InstructorDashboard.stories.jsx[2m > [22m[2mDesktop Viewport
[22m[39m[Mock Data] Grade has data: false
[90mstdout[2m | src/components/InstructorDashboard.stories.jsx[2m > [22m[2mDesktop Viewport
[22m[39m[Mock Data] Total grades in store: 5
[90mstdout[2m | src/components/InstructorDashboard.stories.jsx[2m > [22m[2mDesktop Viewport
[22m[39m[Mock Data] Seeded grade: grade-6 for unit: unit-3
[90mstdout[2m | src/components/InstructorDashboard.stories.jsx[2m > [22m[2mDesktop Viewport
[22m[39m[Mock Data] Grade has data: false
[90mstdout[2m | src/components/InstructorDashboard.stories.jsx[2m > [22m[2mDesktop Viewport
[22m[39m[Mock Data] Total grades in store: 6
[90mstdout[2m | src/components/InstructorDashboard.stories.jsx[2m > [22m[2mDesktop Viewport
[22m[39m[Mock Data] Seeded grade: grade-7 for unit: unit-1
[90mstdout[2m | src/components/InstructorDashboard.stories.jsx[2m > [22m[2mDesktop Viewport
[22m[39m[Mock Data] Grade has data: false
[90mstdout[2m | src/components/InstructorDashboard.stories.jsx[2m > [22m[2mDesktop Viewport
[22m[39m[Mock Data] Total grades in store: 7
[90mstdout[2m | src/components/InstructorDashboard.stories.jsx[2m > [22m[2mDesktop Viewport
[22m[39m[Mock Data] Seeded grade: grade-8 for unit: unit-2
[90mstdout[2m | src/components/InstructorDashboard.stories.jsx[2m > [22m[2mDesktop Viewport
[22m[39m[Mock Data] Grade has data: false
[90mstdout[2m | src/components/InstructorDashboard.stories.jsx[2m > [22m[2mDesktop Viewport
[22m[39m[Mock Data] Total grades in store: 8
[90mstdout[2m | src/components/InstructorDashboard.stories.jsx[2m > [22m[2mDesktop Viewport
[22m[39m[Mock Data] Seeded grade: grade-9 for unit: unit-3
[90mstdout[2m | src/components/InstructorDashboard.stories.jsx[2m > [22m[2mDesktop Viewport
[22m[39m[Mock Data] Grade has data: false
[90mstdout[2m | src/components/InstructorDashboard.stories.jsx[2m > [22m[2mDesktop Viewport
[22m[39m[Mock Data] Total grades in store: 9
[90mstdout[2m | src/components/InstructorDashboard.stories.jsx[2m > [22m[2mDesktop Viewport
[22m[39m[Mock Data] Seeded grade: grade-10 for unit: unit-1
[90mstdout[2m | src/components/InstructorDashboard.stories.jsx[2m > [22m[2mDesktop Viewport
[22m[39m[Mock Data] Grade has data: false
[90mstdout[2m | src/components/InstructorDashboard.stories.jsx[2m > [22m[2mDesktop Viewport
[22m[39m[Mock Data] Total grades in store: 10
[90mstdout[2m | src/components/InstructorDashboard.stories.jsx[2m > [22m[2mDesktop Viewport
[22m[39m[Mock Data] Seeded grade: grade-11 for unit: unit-2
[90mstdout[2m | src/components/InstructorDashboard.stories.jsx[2m > [22m[2mDesktop Viewport
[22m[39m[Mock Data] Grade has data: false
[90mstdout[2m | src/components/InstructorDashboard.stories.jsx[2m > [22m[2mDesktop Viewport
[22m[39m[Mock Data] Total grades in store: 11
[90mstdout[2m | src/components/InstructorDashboard.stories.jsx[2m > [22m[2mDesktop Viewport
[22m[39m[Mock Data] Seeded grade: grade-12 for unit: unit-3
[90mstdout[2m | src/components/InstructorDashboard.stories.jsx[2m > [22m[2mDesktop Viewport
[22m[39m[Mock Data] Grade has data: false
[90mstdout[2m | src/components/InstructorDashboard.stories.jsx[2m > [22m[2mDesktop Viewport
[22m[39m[Mock Data] Total grades in store: 12
[90mstdout[2m | src/components/InstructorDashboard.stories.jsx[2m > [22m[2mDesktop Viewport
[22m[39m[Mock Data] Seeded grade: grade-13 for unit: unit-1
[90mstdout[2m | src/components/InstructorDashboard.stories.jsx[2m > [22m[2mDesktop Viewport
[22m[39m[Mock Data] Grade has data: false
[90mstdout[2m | src/components/InstructorDashboard.stories.jsx[2m > [22m[2mDesktop Viewport
[22m[39m[Mock Data] Total grades in store: 13
[90mstdout[2m | src/components/InstructorDashboard.stories.jsx[2m > [22m[2mDesktop Viewport
[22m[39m[Mock Data] Seeded grade: grade-14 for unit: unit-2
[90mstdout[2m | src/components/InstructorDashboard.stories.jsx[2m > [22m[2mDesktop Viewport
[22m[39m[Mock Data] Grade has data: false
[90mstdout[2m | src/components/InstructorDashboard.stories.jsx[2m > [22m[2mDesktop Viewport
[22m[39m[Mock Data] Total grades in store: 14
[90mstdout[2m | src/components/InstructorDashboard.stories.jsx[2m > [22m[2mDesktop Viewport
[22m[39m[Mock Data] Seeded grade: grade-15 for unit: unit-3
[90mstdout[2m | src/components/InstructorDashboard.stories.jsx[2m > [22m[2mDesktop Viewport
[22m[39m[Mock Data] Grade has data: false
[90mstdout[2m | src/components/InstructorDashboard.stories.jsx[2m > [22m[2mDesktop Viewport
[22m[39m[Mock Data] Total grades in store: 15
[90mstdout[2m | src/components/InstructorDashboard.stories.jsx[2m > [22m[2mDesktop Viewport
[22m[39m[Mock Data] Seeded grade: grade-16 for unit: unit-1
[90mstdout[2m | src/components/InstructorDashboard.stories.jsx[2m > [22m[2mDesktop Viewport
[22m[39m[Mock Data] Grade has data: false
[90mstdout[2m | src/components/InstructorDashboard.stories.jsx[2m > [22m[2mDesktop Viewport
[22m[39m[Mock Data] Total grades in store: 16
[90mstdout[2m | src/components/InstructorDashboard.stories.jsx[2m > [22m[2mDesktop Viewport
[22m[39m[Mock Data] Seeded grade: grade-17 for unit: unit-2
[90mstdout[2m | src/components/InstructorDashboard.stories.jsx[2m > [22m[2mDesktop Viewport
[22m[39m[Mock Data] Grade has data: false
[90mstdout[2m | src/components/InstructorDashboard.stories.jsx[2m > [22m[2mDesktop Viewport
[22m[39m[Mock Data] Total grades in store: 17
[90mstdout[2m | src/components/InstructorDashboard.stories.jsx[2m > [22m[2mDesktop Viewport
[22m[39m[Mock Data] Seeded grade: grade-18 for unit: unit-1
[90mstdout[2m | src/components/InstructorDashboard.stories.jsx[2m > [22m[2mDesktop Viewport
[22m[39m[Mock Data] Grade has data: false
[90mstdout[2m | src/components/InstructorDashboard.stories.jsx[2m > [22m[2mDesktop Viewport
[22m[39m[Mock Data] Total grades in store: 18
[90mstdout[2m | src/components/InstructorDashboard.stories.jsx[2m > [22m[2mDesktop Viewport
[22m[39m[Mock Data] Seeded grade: grade-19 for unit: unit-2
[90mstdout[2m | src/components/InstructorDashboard.stories.jsx[2m > [22m[2mDesktop Viewport
[22m[39m[Mock Data] Grade has data: false
[90mstdout[2m | src/components/InstructorDashboard.stories.jsx[2m > [22m[2mDesktop Viewport
[22m[39m[Mock Data] Total grades in store: 19
[90mstdout[2m | src/components/InstructorDashboard.stories.jsx[2m > [22m[2mDesktop Viewport
[22m[39m[Mock Data] Seeded grade: grade-20 for unit: unit-1
[90mstdout[2m | src/components/InstructorDashboard.stories.jsx[2m > [22m[2mDesktop Viewport
[22m[39m[Mock Data] Grade has data: false
[90mstdout[2m | src/components/InstructorDashboard.stories.jsx[2m > [22m[2mDesktop Viewport
[22m[39m[Mock Data] Total grades in store: 20
[90mstdout[2m | src/components/InstructorDashboard.stories.jsx[2m > [22m[2mDesktop Viewport
[22m[39m[Mock Data] Seeded grade: grade-21 for unit: unit-2
[90mstdout[2m | src/components/InstructorDashboard.stories.jsx[2m > [22m[2mDesktop Viewport
[22m[39m[Mock Data] Grade has data: false
[90mstdout[2m | src/components/InstructorDashboard.stories.jsx[2m > [22m[2mDesktop Viewport
[22m[39m[Mock Data] Total grades in store: 21
[90mstdout[2m | src/components/InstructorDashboard.stories.jsx[2m > [22m[2mDesktop Viewport
[22m[39m[Mock Data] Seeded grade: grade-22 for unit: unit-1
[90mstdout[2m | src/components/InstructorDashboard.stories.jsx[2m > [22m[2mDesktop Viewport
[22m[39m[Mock Data] Grade has data: false
[90mstdout[2m | src/components/InstructorDashboard.stories.jsx[2m > [22m[2mDesktop Viewport
[22m[39m[Mock Data] Total grades in store: 22
[90mstdout[2m | src/components/InstructorDashboard.stories.jsx[2m > [22m[2mDesktop Viewport
[22m[39m[Mock Data] Seeded grade: grade-23 for unit: unit-2
[90mstdout[2m | src/components/InstructorDashboard.stories.jsx[2m > [22m[2mDesktop Viewport
[22m[39m[Mock Data] Grade has data: false
[90mstdout[2m | src/components/InstructorDashboard.stories.jsx[2m > [22m[2mDesktop Viewport
[22m[39m[Mock Data] Total grades in store: 23
[90mstdout[2m | src/components/InstructorDashboard.stories.jsx[2m > [22m[2mDesktop Viewport
[22m[39m[Mock Data] Seeded grade: grade-24 for unit: unit-4
[90mstdout[2m | src/components/InstructorDashboard.stories.jsx[2m > [22m[2mDesktop Viewport
[22m[39m[Mock Data] Grade has data: false
[90mstdout[2m | src/components/InstructorDashboard.stories.jsx[2m > [22m[2mDesktop Viewport
[22m[39m[Mock Data] Total grades in store: 24
[90mstdout[2m | src/components/InstructorDashboard.stories.jsx[2m > [22m[2mDesktop Viewport
[22m[39m[Mock Data] Seeded grade: grade-25 for unit: unit-5
[90mstdout[2m | src/components/InstructorDashboard.stories.jsx[2m > [22m[2mDesktop Viewport
[22m[39m[Mock Data] Grade has data: false
[90mstdout[2m | src/components/InstructorDashboard.stories.jsx[2m > [22m[2mDesktop Viewport
[22m[39m[Mock Data] Total grades in store: 25
[90mstdout[2m | src/components/InstructorDashboard.stories.jsx[2m > [22m[2mDesktop Viewport
[22m[39m[Mock Data] Seeded grade: grade-26 for unit: unit-4
[90mstdout[2m | src/components/InstructorDashboard.stories.jsx[2m > [22m[2mDesktop Viewport
[22m[39m[Mock Data] Grade has data: false
[90mstdout[2m | src/components/InstructorDashboard.stories.jsx[2m > [22m[2mDesktop Viewport
[22m[39m[Mock Data] Total grades in store: 26
[90mstdout[2m | src/components/InstructorDashboard.stories.jsx[2m > [22m[2mDesktop Viewport
[22m[39m[Mock Data] Seeded grade: grade-27 for unit: unit-5
[90mstdout[2m | src/components/InstructorDashboard.stories.jsx[2m > [22m[2mDesktop Viewport
[22m[39m[Mock Data] Grade has data: false
[90mstdout[2m | src/components/InstructorDashboard.stories.jsx[2m > [22m[2mDesktop Viewport
[22m[39m[Mock Data] Total grades in store: 27
[90mstdout[2m | src/components/InstructorDashboard.stories.jsx[2m > [22m[2mDesktop Viewport
[22m[39m[Mock Data] Seeded grade: grade-28 for unit: unit-4
[90mstdout[2m | src/components/InstructorDashboard.stories.jsx[2m > [22m[2mDesktop Viewport
[22m[39m[Mock Data] Grade has data: false
[90mstdout[2m | src/components/InstructorDashboard.stories.jsx[2m > [22m[2mDesktop Viewport
[22m[39m[Mock Data] Total grades in store: 28
[90mstdout[2m | src/components/InstructorDashboard.stories.jsx[2m > [22m[2mDesktop Viewport
[22m[39m[Mock Data] Seeded grade: grade-29 for unit: unit-5
[90mstdout[2m | src/components/InstructorDashboard.stories.jsx[2m > [22m[2mDesktop Viewport
[22m[39m[Mock Data] Grade has data: false
[90mstdout[2m | src/components/InstructorDashboard.stories.jsx[2m > [22m[2mDesktop Viewport
[22m[39m[Mock Data] Total grades in store: 29
[90mstdout[2m | src/components/InstructorDashboard.stories.jsx[2m > [22m[2mDesktop Viewport
[22m[39m[Mock Data] Seeded grade: grade-30 for unit: unit-4
[90mstdout[2m | src/components/InstructorDashboard.stories.jsx[2m > [22m[2mDesktop Viewport
[22m[39m[Mock Data] Grade has data: false
[90mstdout[2m | src/components/InstructorDashboard.stories.jsx[2m > [22m[2mDesktop Viewport
[22m[39m[Mock Data] Total grades in store: 30
[90mstdout[2m | src/components/InstructorDashboard.stories.jsx[2m > [22m[2mDesktop Viewport
[22m[39m[Mock Data] Seeded grade: grade-31 for unit: unit-5
[90mstdout[2m | src/components/InstructorDashboard.stories.jsx[2m > [22m[2mDesktop Viewport
[22m[39m[Mock Data] Grade has data: false
[90mstdout[2m | src/components/InstructorDashboard.stories.jsx[2m > [22m[2mDesktop Viewport
[22m[39m[Mock Data] Total grades in store: 31
[90mstdout[2m | src/components/InstructorDashboard.stories.jsx[2m > [22m[2mDesktop Viewport
[22m[39m[Mock Data] Seeded grade: grade-32 for unit: unit-2
[90mstdout[2m | src/components/InstructorDashboard.stories.jsx[2m > [22m[2mDesktop Viewport
[22m[39m[Mock Data] Grade has data: false
[90mstdout[2m | src/components/InstructorDashboard.stories.jsx[2m > [22m[2mDesktop Viewport
[22m[39m[Mock Data] Total grades in store: 32
[90mstdout[2m | src/components/InstructorDashboard.stories.jsx[2m > [22m[2mDesktop Viewport
[22m[39m[TranslationModeController] Setting mode to: off
[90mstdout[2m | src/components/InstructorDashboard.stories.jsx[2m > [22m[2mDesktop Viewport
[22m[39m[UnitContext] useEffect triggered {
  "authLoading": false,
  "hasUser": true,
  "id": "mock-unit-id",
  "userSub": "mock-user-sub",
}
[90mstdout[2m | src/components/InstructorDashboard.stories.jsx[2m > [22m[2mDesktop Viewport
[22m[39m[UnitContext] Fetching unit data for id: mock-unit-id
[90mstdout[2m | src/components/InstructorDashboard.stories.jsx[2m > [22m[2mDesktop Viewport
[22m[39m[FilesContext] Initializing vector store from IndexedDB
[90mstdout[2m | src/components/InstructorDashboard.stories.jsx[2m > [22m[2mDesktop Viewport
[22m[39m[FilesContext] fetchFiles called
[90mstdout[2m | src/components/InstructorDashboard.stories.jsx[2m > [22m[2mDesktop Viewport
[22m[39m[FilesContext] User authenticated: mock-user-sub
[90mstdout[2m | src/components/InstructorDashboard.stories.jsx[2m > [22m[2mDesktop Viewport
[22m[39m[FilesContext] Identity ID: us-east-1:mock-identity-123
[90mstdout[2m | src/components/InstructorDashboard.stories.jsx[2m > [22m[2mDesktop Viewport
[22m[39m[FilesContext] About to set up File observeQuery
[90mstdout[2m | src/components/InstructorDashboard.stories.jsx[2m > [22m[2mDesktop Viewport
[22m[39m[ChatContext] Setting up AssistantChat observeQuery
[90mstdout[2m | src/components/InstructorDashboard.stories.jsx[2m > [22m[2mDesktop Viewport
[22m[39m[ChatContext] Waiting for subscription to initialize
[90mstdout[2m | src/components/InstructorDashboard.stories.jsx[2m > [22m[2mDesktop Viewport
[22m[39m[SettingsContext] Setting up Settings subscription for user: mock-user-sub
[90mstdout[2m | src/components/InstructorDashboard.stories.jsx[2m > [22m[2mDesktop Viewport
[22m[39m[Mock Data] Settings created: mock-settings-1790416135442 - notified 0 subscribers
[90mstdout[2m | src/components/InstructorDashboard.stories.jsx[2m > [22m[2mDesktop Viewport
[22m[39m[Mock Data] Unit.onUpdate() subscription added. Total: 1
[90mstdout[2m | src/components/InstructorDashboard.stories.jsx[2m > [22m[2mDesktop Viewport
[22m[39m[SectionContext] Section observeQuery update: 0
[90mstdout[2m | src/components/InstructorDashboard.stories.jsx[2m > [22m[2mDesktop Viewport
[22m[39m[FilesContext] File observeQuery update: 6 files
[90mstdout[2m | src/components/InstructorDashboard.stories.jsx[2m > [22m[2mDesktop Viewport
[22m[39m[ChatContext] AssistantChat initialized with 1 chats
[90mstdout[2m | src/components/InstructorDashboard.stories.jsx[2m > [22m[2mDesktop Viewport
[22m[39m[ChatContext] Setting initial chat: chat-flagged-1
[90mstdout[2m | src/components/InstructorDashboard.stories.jsx[2m > [22m[2mDesktop Viewport
[22m[39m[MOCK CourseVectorStore] Initialized with mock data
[90mstdout[2m | src/components/InstructorDashboard.stories.jsx[2m > [22m[2mDesktop Viewport
[22m[39m[FilesContext] Vector store population triggered {
  "currentVectorStoreSize": 3,
  "documentsCount": 0,
  "filesCount": 6,
  "isInitialLoad": true,
}
[90mstdout[2m | src/components/InstructorDashboard.stories.jsx[2m > [22m[2mDesktop Viewport
[22m[39m[FilesContext] Vector store population complete - 3 total embeddings
[90mstdout[2m | src/components/InstructorDashboard.stories.jsx[2m > [22m[2mDesktop Viewport
[22m[39m[ChatContext] Chat exists and not archived, skipping creation
[90mstdout[2m | src/components/InstructorDashboard.stories.jsx[2m > [22m[2mDesktop Viewport
[22m[39m[Mock Storage] downloadData called with: undefined
[90mstdout[2m | src/components/InstructorDashboard.stories.jsx[2m > [22m[2mMulti Section Mobile
[22m[39m[ChatContext] Cleaning up subscriptions
[90mstdout[2m | src/components/InstructorDashboard.stories.jsx[2m > [22m[2mMulti Section Mobile
[22m[39m[Mock Data] Unit.onUpdate() subscription removed. Remaining: 0
[90mstdout[2m | src/components/InstructorDashboard.stories.jsx[2m > [22m[2mMulti Section Mobile
[22m[39m[MOCK CourseVectorStore] Initialized with mock data
[90mstdout[2m | src/components/InstructorDashboard.stories.jsx[2m > [22m[2mMulti Section Mobile
[22m[39m[Mock Data] seedMockUnit: Adding unit unit-1
[90mstdout[2m | src/components/InstructorDashboard.stories.jsx[2m > [22m[2mMulti Section Mobile
[22m[39m[Mock Data] seedMockUnit: Adding unit unit-2
[90mstdout[2m | src/components/InstructorDashboard.stories.jsx[2m > [22m[2mMulti Section Mobile
[22m[39m[Mock Data] seedMockUnit: Adding unit unit-3
[90mstdout[2m | src/components/InstructorDashboard.stories.jsx[2m > [22m[2mMulti Section Mobile
[22m[39m[Mock Data] seedMockUnit: Adding unit unit-4
[90mstdout[2m | src/components/InstructorDashboard.stories.jsx[2m > [22m[2mMulti Section Mobile
[22m[39m[Mock Data] seedMockUnit: Adding unit unit-5
[90mstdout[2m | src/components/InstructorDashboard.stories.jsx[2m > [22m[2mMulti Section Mobile
[22m[39m[Mock Data] seedMockAssignments: Adding 7 assignments
[90mstdout[2m | src/components/InstructorDashboard.stories.jsx[2m > [22m[2mMulti Section Mobile
[22m[39m[Mock Data] Total assignments in store: 7
[90mstdout[2m | src/components/InstructorDashboard.stories.jsx[2m > [22m[2mMulti Section Mobile
[22m[39m[Mock Data] Seeded grade: grade-1 for unit: unit-1
[90mstdout[2m | src/components/InstructorDashboard.stories.jsx[2m > [22m[2mMulti Section Mobile
[22m[39m[Mock Data] Grade has data: false
[90mstdout[2m | src/components/InstructorDashboard.stories.jsx[2m > [22m[2mMulti Section Mobile
[22m[39m[Mock Data] Total grades in store: 1
[90mstdout[2m | src/components/InstructorDashboard.stories.jsx[2m > [22m[2mMulti Section Mobile
[22m[39m[Mock Data] Seeded grade: grade-2 for unit: unit-2
[90mstdout[2m | src/components/InstructorDashboard.stories.jsx[2m > [22m[2mMulti Section Mobile
[22m[39m[Mock Data] Grade has data: false
[90mstdout[2m | src/components/InstructorDashboard.stories.jsx[2m > [22m[2mMulti Section Mobile
[22m[39m[Mock Data] Total grades in store: 2
[90mstdout[2m | src/components/InstructorDashboard.stories.jsx[2m > [22m[2mMulti Section Mobile
[22m[39m[Mock Data] Seeded grade: grade-3 for unit: unit-3
[90mstdout[2m | src/components/InstructorDashboard.stories.jsx[2m > [22m[2mMulti Section Mobile
[22m[39m[Mock Data] Grade has data: false
[90mstdout[2m | src/components/InstructorDashboard.stories.jsx[2m > [22m[2mMulti Section Mobile
[22m[39m[Mock Data] Total grades in store: 3
[90mstdout[2m | src/components/InstructorDashboard.stories.jsx[2m > [22m[2mMulti Section Mobile
[22m[39m[Mock Data] Seeded grade: grade-4 for unit: unit-1
[90mstdout[2m | src/components/InstructorDashboard.stories.jsx[2m > [22m[2mMulti Section Mobile
[22m[39m[Mock Data] Grade has data: false
[90mstdout[2m | src/components/InstructorDashboard.stories.jsx[2m > [22m[2mMulti Section Mobile
[22m[39m[Mock Data] Total grades in store: 4
[90mstdout[2m | src/components/InstructorDashboard.stories.jsx[2m > [22m[2mMulti Section Mobile
[22m[39m[Mock Data] Seeded grade: grade-5 for unit: unit-2
[90mstdout[2m | src/components/InstructorDashboard.stories.jsx[2m > [22m[2mMulti Section Mobile
[22m[39m[Mock Data] Grade has data: false
[90mstdout[2m | src/components/InstructorDashboard.stories.jsx[2m > [22m[2mMulti Section Mobile
[22m[39m[Mock Data] Total grades in store: 5
[90mstdout[2m | src/components/InstructorDashboard.stories.jsx[2m > [22m[2mMulti Section Mobile
[22m[39m[Mock Data] Seeded grade: grade-6 for unit: unit-3
[90mstdout[2m | src/components/InstructorDashboard.stories.jsx[2m > [22m[2mMulti Section Mobile
[22m[39m[Mock Data] Grade has data: false
[90mstdout[2m | src/components/InstructorDashboard.stories.jsx[2m > [22m[2mMulti Section Mobile
[22m[39m[Mock Data] Total grades in store: 6
[90mstdout[2m | src/components/InstructorDashboard.stories.jsx[2m > [22m[2mMulti Section Mobile
[22m[39m[Mock Data] Seeded grade: grade-7 for unit: unit-1
[90mstdout[2m | src/components/InstructorDashboard.stories.jsx[2m > [22m[2mMulti Section Mobile
[22m[39m[Mock Data] Grade has data: false
[90mstdout[2m | src/components/InstructorDashboard.stories.jsx[2m > [22m[2mMulti Section Mobile
[22m[39m[Mock Data] Total grades in store: 7
[90mstdout[2m | src/components/InstructorDashboard.stories.jsx[2m > [22m[2mMulti Section Mobile
[22m[39m[Mock Data] Seeded grade: grade-8 for unit: unit-2
[90mstdout[2m | src/components/InstructorDashboard.stories.jsx[2m > [22m[2mMulti Section Mobile
[22m[39m[Mock Data] Grade has data: false
[90mstdout[2m | src/components/InstructorDashboard.stories.jsx[2m > [22m[2mMulti Section Mobile
[22m[39m[Mock Data] Total grades in store: 8
[90mstdout[2m | src/components/InstructorDashboard.stories.jsx[2m > [22m[2mMulti Section Mobile
[22m[39m[Mock Data] Seeded grade: grade-9 for unit: unit-3
[90mstdout[2m | src/components/InstructorDashboard.stories.jsx[2m > [22m[2mMulti Section Mobile
[22m[39m[Mock Data] Grade has data: false
[90mstdout[2m | src/components/InstructorDashboard.stories.jsx[2m > [22m[2mMulti Section Mobile
[22m[39m[Mock Data] Total grades in store: 9
[90mstdout[2m | src/components/InstructorDashboard.stories.jsx[2m > [22m[2mMulti Section Mobile
[22m[39m[Mock Data] Seeded grade: grade-10 for unit: unit-1
[90mstdout[2m | src/components/InstructorDashboard.stories.jsx[2m > [22m[2mMulti Section Mobile
[22m[39m[Mock Data] Grade has data: false
[90mstdout[2m | src/components/InstructorDashboard.stories.jsx[2m > [22m[2mMulti Section Mobile
[22m[39m[Mock Data] Total grades in store: 10
[90mstdout[2m | src/components/InstructorDashboard.stories.jsx[2m > [22m[2mMulti Section Mobile
[22m[39m[Mock Data] Seeded grade: grade-11 for unit: unit-2
[90mstdout[2m | src/components/InstructorDashboard.stories.jsx[2m > [22m[2mMulti Section Mobile
[22m[39m[Mock Data] Grade has data: false
[90mstdout[2m | src/components/InstructorDashboard.stories.jsx[2m > [22m[2mMulti Section Mobile
[22m[39m[Mock Data] Total grades in store: 11
[90mstdout[2m | src/components/InstructorDashboard.stories.jsx[2m > [22m[2mMulti Section Mobile
[22m[39m[Mock Data] Seeded grade: grade-12 for unit: unit-3
[90mstdout[2m | src/components/InstructorDashboard.stories.jsx[2m > [22m[2mMulti Section Mobile
[22m[39m[Mock Data] Grade has data: false
[90mstdout[2m | src/components/InstructorDashboard.stories.jsx[2m > [22m[2mMulti Section Mobile
[22m[39m[Mock Data] Total grades in store: 12
[90mstdout[2m | src/components/InstructorDashboard.stories.jsx[2m > [22m[2mMulti Section Mobile
[22m[39m[Mock Data] Seeded grade: grade-13 for unit: unit-1
[90mstdout[2m | src/components/InstructorDashboard.stories.jsx[2m > [22m[2mMulti Section Mobile
[22m[39m[Mock Data] Grade has data: false
[90mstdout[2m | src/components/InstructorDashboard.stories.jsx[2m > [22m[2mMulti Section Mobile
[22m[39m[Mock Data] Total grades in store: 13
[90mstdout[2m | src/components/InstructorDashboard.stories.jsx[2m > [22m[2mMulti Section Mobile
[22m[39m[Mock Data] Seeded grade: grade-14 for unit: unit-2
[90mstdout[2m | src/components/InstructorDashboard.stories.jsx[2m > [22m[2mMulti Section Mobile
[22m[39m[Mock Data] Grade has data: false
[90mstdout[2m | src/components/InstructorDashboard.stories.jsx[2m > [22m[2mMulti Section Mobile
[22m[39m[Mock Data] Total grades in store: 14
[90mstdout[2m | src/components/InstructorDashboard.stories.jsx[2m > [22m[2mMulti Section Mobile
[22m[39m[Mock Data] Seeded grade: grade-15 for unit: unit-3
[90mstdout[2m | src/components/InstructorDashboard.stories.jsx[2m > [22m[2mMulti Section Mobile
[22m[39m[Mock Data] Grade has data: false
[90mstdout[2m | src/components/InstructorDashboard.stories.jsx[2m > [22m[2mMulti Section Mobile
[22m[39m[Mock Data] Total grades in store: 15
[90mstdout[2m | src/components/InstructorDashboard.stories.jsx[2m > [22m[2mMulti Section Mobile
[22m[39m[Mock Data] Seeded grade: grade-16 for unit: unit-1
[90mstdout[2m | src/components/InstructorDashboard.stories.jsx[2m > [22m[2mMulti Section Mobile
[22m[39m[Mock Data] Grade has data: false
[90mstdout[2m | src/components/InstructorDashboard.stories.jsx[2m > [22m[2mMulti Section Mobile
[22m[39m[Mock Data] Total grades in store: 16
[90mstdout[2m | src/components/InstructorDashboard.stories.jsx[2m > [22m[2mMulti Section Mobile
[22m[39m[Mock Data] Seeded grade: grade-17 for unit: unit-2
[90mstdout[2m | src/components/InstructorDashboard.stories.jsx[2m > [22m[2mMulti Section Mobile
[22m[39m[Mock Data] Grade has data: false
[90mstdout[2m | src/components/InstructorDashboard.stories.jsx[2m > [22m[2mMulti Section Mobile
[22m[39m[Mock Data] Total grades in store: 17
[90mstdout[2m | src/components/InstructorDashboard.stories.jsx[2m > [22m[2mMulti Section Mobile
[22m[39m[Mock Data] Seeded grade: grade-18 for unit: unit-1
[90mstdout[2m | src/components/InstructorDashboard.stories.jsx[2m > [22m[2mMulti Section Mobile
[22m[39m[Mock Data] Grade has data: false
[90mstdout[2m | src/components/InstructorDashboard.stories.jsx[2m > [22m[2mMulti Section Mobile
[22m[39m[Mock Data] Total grades in store: 18
[90mstdout[2m | src/components/InstructorDashboard.stories.jsx[2m > [22m[2mMulti Section Mobile
[22m[39m[Mock Data] Seeded grade: grade-19 for unit: unit-2
[90mstdout[2m | src/components/InstructorDashboard.stories.jsx[2m > [22m[2mMulti Section Mobile
[22m[39m[Mock Data] Grade has data: false
[90mstdout[2m | src/components/InstructorDashboard.stories.jsx[2m > [22m[2mMulti Section Mobile
[22m[39m[Mock Data] Total grades in store: 19
[90mstdout[2m | src/components/InstructorDashboard.stories.jsx[2m > [22m[2mMulti Section Mobile
[22m[39m[Mock Data] Seeded grade: grade-20 for unit: unit-1
[90mstdout[2m | src/components/InstructorDashboard.stories.jsx[2m > [22m[2mMulti Section Mobile
[22m[39m[Mock Data] Grade has data: false
[90mstdout[2m | src/components/InstructorDashboard.stories.jsx[2m > [22m[2mMulti Section Mobile
[22m[39m[Mock Data] Total grades in store: 20
[90mstdout[2m | src/components/InstructorDashboard.stories.jsx[2m > [22m[2mMulti Section Mobile
[22m[39m[Mock Data] Seeded grade: grade-21 for unit: unit-2
[90mstdout[2m | src/components/InstructorDashboard.stories.jsx[2m > [22m[2mMulti Section Mobile
[22m[39m[Mock Data] Grade has data: false
[90mstdout[2m | src/components/InstructorDashboard.stories.jsx[2m > [22m[2mMulti Section Mobile
[22m[39m[Mock Data] Total grades in store: 21
[90mstdout[2m | src/components/InstructorDashboard.stories.jsx[2m > [22m[2mMulti Section Mobile
[22m[39m[Mock Data] Seeded grade: grade-22 for unit: unit-1
[90mstdout[2m | src/components/InstructorDashboard.stories.jsx[2m > [22m[2mMulti Section Mobile
[22m[39m[Mock Data] Grade has data: false
[90mstdout[2m | src/components/InstructorDashboard.stories.jsx[2m > [22m[2mMulti Section Mobile
[22m[39m[Mock Data] Total grades in store: 22
[90mstdout[2m | src/components/InstructorDashboard.stories.jsx[2m > [22m[2mMulti Section Mobile
[22m[39m[Mock Data] Seeded grade: grade-23 for unit: unit-2
[90mstdout[2m | src/components/InstructorDashboard.stories.jsx[2m > [22m[2mMulti Section Mobile
[22m[39m[Mock Data] Grade has data: false
[90mstdout[2m | src/components/InstructorDashboard.stories.jsx[2m > [22m[2mMulti Section Mobile
[22m[39m[Mock Data] Total grades in store: 23
[90mstdout[2m | src/components/InstructorDashboard.stories.jsx[2m > [22m[2mMulti Section Mobile
[22m[39m[Mock Data] Seeded grade: grade-24 for unit: unit-4
[90mstdout[2m | src/components/InstructorDashboard.stories.jsx[2m > [22m[2mMulti Section Mobile
[22m[39m[Mock Data] Grade has data: false
[90mstdout[2m | src/components/InstructorDashboard.stories.jsx[2m > [22m[2mMulti Section Mobile
[22m[39m[Mock Data] Total grades in store: 24
[90mstdout[2m | src/components/InstructorDashboard.stories.jsx[2m > [22m[2mMulti Section Mobile
[22m[39m[Mock Data] Seeded grade: grade-25 for unit: unit-5
[90mstdout[2m | src/components/InstructorDashboard.stories.jsx[2m > [22m[2mMulti Section Mobile
[22m[39m[Mock Data] Grade has data: false
[90mstdout[2m | src/components/InstructorDashboard.stories.jsx[2m > [22m[2mMulti Section Mobile
[22m[39m[Mock Data] Total grades in store: 25
[90mstdout[2m | src/components/InstructorDashboard.stories.jsx[2m > [22m[2mMulti Section Mobile
[22m[39m[Mock Data] Seeded grade: grade-26 for unit: unit-4
[90mstdout[2m | src/components/InstructorDashboard.stories.jsx[2m > [22m[2mMulti Section Mobile
[22m[39m[Mock Data] Grade has data: false
[90mstdout[2m | src/components/InstructorDashboard.stories.jsx[2m > [22m[2mMulti Section Mobile
[22m[39m[Mock Data] Total grades in store: 26
[90mstdout[2m | src/components/InstructorDashboard.stories.jsx[2m > [22m[2mMulti Section Mobile
[22m[39m[Mock Data] Seeded grade: grade-27 for unit: unit-5
[90mstdout[2m | src/components/InstructorDashboard.stories.jsx[2m > [22m[2mMulti Section Mobile
[22m[39m[Mock Data] Grade has data: false
[90mstdout[2m | src/components/InstructorDashboard.stories.jsx[2m > [22m[2mMulti Section Mobile
[22m[39m[Mock Data] Total grades in store: 27
[90mstdout[2m | src/components/InstructorDashboard.stories.jsx[2m > [22m[2mMulti Section Mobile
[22m[39m[Mock Data] Seeded grade: grade-28 for unit: unit-4
[90mstdout[2m | src/components/InstructorDashboard.stories.jsx[2m > [22m[2mMulti Section Mobile
[22m[39m[Mock Data] Grade has data: false
[90mstdout[2m | src/components/InstructorDashboard.stories.jsx[2m > [22m[2mMulti Section Mobile
[22m[39m[Mock Data] Total grades in store: 28
[90mstdout[2m | src/components/InstructorDashboard.stories.jsx[2m > [22m[2mMulti Section Mobile
[22m[39m[Mock Data] Seeded grade: grade-29 for unit: unit-5
[90mstdout[2m | src/components/InstructorDashboard.stories.jsx[2m > [22m[2mMulti Section Mobile
[22m[39m[Mock Data] Grade has data: false
[90mstdout[2m | src/components/InstructorDashboard.stories.jsx[2m > [22m[2mMulti Section Mobile
[22m[39m[Mock Data] Total grades in store: 29
[90mstdout[2m | src/components/InstructorDashboard.stories.jsx[2m > [22m[2mMulti Section Mobile
[22m[39m[Mock Data] Seeded grade: grade-30 for unit: unit-4
[90mstdout[2m | src/components/InstructorDashboard.stories.jsx[2m > [22m[2mMulti Section Mobile
[22m[39m[Mock Data] Grade has data: false
[90mstdout[2m | src/components/InstructorDashboard.stories.jsx[2m > [22m[2mMulti Section Mobile
[22m[39m[Mock Data] Total grades in store: 30
[90mstdout[2m | src/components/InstructorDashboard.stories.jsx[2m > [22m[2mMulti Section Mobile
[22m[39m[Mock Data] Seeded grade: grade-31 for unit: unit-5
[90mstdout[2m | src/components/InstructorDashboard.stories.jsx[2m > [22m[2mMulti Section Mobile
[22m[39m[Mock Data] Grade has data: false
[90mstdout[2m | src/components/InstructorDashboard.stories.jsx[2m > [22m[2mMulti Section Mobile
[22m[39m[Mock Data] Total grades in store: 31
[90mstdout[2m | src/components/InstructorDashboard.stories.jsx[2m > [22m[2mMulti Section Mobile
[22m[39m[Mock Data] Seeded grade: grade-32 for unit: unit-2
[90mstdout[2m | src/components/InstructorDashboard.stories.jsx[2m > [22m[2mMulti Section Mobile
[22m[39m[Mock Data] Grade has data: false
[90mstdout[2m | src/components/InstructorDashboard.stories.jsx[2m > [22m[2mMulti Section Mobile
[22m[39m[Mock Data] Total grades in store: 32
[90mstdout[2m | src/components/InstructorDashboard.stories.jsx[2m > [22m[2mMulti Section Mobile
[22m[39m[TranslationModeController] Setting mode to: off
[90mstdout[2m | src/components/InstructorDashboard.stories.jsx[2m > [22m[2mMulti Section Mobile
[22m[39m[UnitContext] useEffect triggered {
  "authLoading": false,
  "hasUser": true,
  "id": "mock-unit-id",
  "userSub": "mock-user-sub",
}
[90mstdout[2m | src/components/InstructorDashboard.stories.jsx[2m > [22m[2mMulti Section Mobile
[22m[39m[UnitContext] Fetching unit data for id: mock-unit-id
[90mstdout[2m | src/components/InstructorDashboard.stories.jsx[2m > [22m[2mMulti Section Mobile
[22m[39m[FilesContext] Initializing vector store from IndexedDB
[90mstdout[2m | src/components/InstructorDashboard.stories.jsx[2m > [22m[2mMulti Section Mobile
[22m[39m[FilesContext] fetchFiles called
[90mstdout[2m | src/components/InstructorDashboard.stories.jsx[2m > [22m[2mMulti Section Mobile
[22m[39m[FilesContext] User authenticated: mock-user-sub
[90mstdout[2m | src/components/InstructorDashboard.stories.jsx[2m > [22m[2mMulti Section Mobile
[22m[39m[FilesContext] Identity ID: us-east-1:mock-identity-123
[90mstdout[2m | src/components/InstructorDashboard.stories.jsx[2m > [22m[2mMulti Section Mobile
[22m[39m[FilesContext] About to set up File observeQuery
[90mstdout[2m | src/components/InstructorDashboard.stories.jsx[2m > [22m[2mMulti Section Mobile
[22m[39m[ChatContext] Setting up AssistantChat observeQuery
[90mstdout[2m | src/components/InstructorDashboard.stories.jsx[2m > [22m[2mMulti Section Mobile
[22m[39m[ChatContext] Waiting for subscription to initialize
[90mstdout[2m | src/components/InstructorDashboard.stories.jsx[2m > [22m[2mMulti Section Mobile
[22m[39m[SettingsContext] Setting up Settings subscription for user: mock-user-sub
[90mstdout[2m | src/components/InstructorDashboard.stories.jsx[2m > [22m[2mMulti Section Mobile
[22m[39m[Mock Data] Settings created: mock-settings-1790416136358 - notified 0 subscribers
[90mstdout[2m | src/components/InstructorDashboard.stories.jsx[2m > [22m[2mMulti Section Mobile
[22m[39m[Mock Data] Unit.onUpdate() subscription added. Total: 1
[90mstdout[2m | src/components/InstructorDashboard.stories.jsx[2m > [22m[2mMulti Section Mobile
[22m[39m[SectionContext] Section observeQuery update: 0
[90mstdout[2m | src/components/InstructorDashboard.stories.jsx[2m > [22m[2mMulti Section Mobile
[22m[39m[FilesContext] File observeQuery update: 6 files
[90mstdout[2m | src/components/InstructorDashboard.stories.jsx[2m > [22m[2mMulti Section Mobile
[22m[39m[ChatContext] AssistantChat initialized with 1 chats
[90mstdout[2m | src/components/InstructorDashboard.stories.jsx[2m > [22m[2mMulti Section Mobile
[22m[39m[ChatContext] Setting initial chat: chat-flagged-1
[90mstdout[2m | src/components/InstructorDashboard.stories.jsx[2m > [22m[2mMulti Section Mobile
[22m[39m[MOCK CourseVectorStore] Initialized with mock data
[90mstdout[2m | src/components/InstructorDashboard.stories.jsx[2m > [22m[2mMulti Section Mobile
[22m[39m[FilesContext] Vector store population triggered {
  "currentVectorStoreSize": 3,
  "documentsCount": 0,
  "filesCount": 6,
  "isInitialLoad": true,
}
[90mstdout[2m | src/components/InstructorDashboard.stories.jsx[2m > [22m[2mMulti Section Mobile
[22m[39m[FilesContext] Vector store population complete - 3 total embeddings
[90mstdout[2m | src/components/InstructorDashboard.stories.jsx[2m > [22m[2mMulti Section Mobile
[22m[39m[ChatContext] Chat exists and not archived, skipping creation
[90mstdout[2m | src/components/InstructorDashboard.stories.jsx[2m > [22m[2mMulti Section Mobile
[22m[39m[Mock Storage] downloadData called with: undefined
[90mstdout[2m | src/components/InstructorDashboard.stories.jsx[2m > [22m[2mSingle Section Mobile
[22m[39m[ChatContext] Cleaning up subscriptions
[90mstdout[2m | src/components/InstructorDashboard.stories.jsx[2m > [22m[2mSingle Section Mobile
[22m[39m[Mock Data] Unit.onUpdate() subscription removed. Remaining: 0
[90mstdout[2m | src/components/InstructorDashboard.stories.jsx[2m > [22m[2mSingle Section Mobile
[22m[39m[MOCK CourseVectorStore] Initialized with mock data
[90mstdout[2m | src/components/InstructorDashboard.stories.jsx[2m > [22m[2mSingle Section Mobile
[22m[39m[Mock Data] seedMockUnit: Adding unit unit-1
[90mstdout[2m | src/components/InstructorDashboard.stories.jsx[2m > [22m[2mSingle Section Mobile
[22m[39m[Mock Data] seedMockUnit: Adding unit unit-2
[90mstdout[2m | src/components/InstructorDashboard.stories.jsx[2m > [22m[2mSingle Section Mobile
[22m[39m[Mock Data] seedMockUnit: Adding unit unit-3
[90mstdout[2m | src/components/InstructorDashboard.stories.jsx[2m > [22m[2mSingle Section Mobile
[22m[39m[Mock Data] seedMockUnit: Adding unit unit-4
[90mstdout[2m | src/components/InstructorDashboard.stories.jsx[2m > [22m[2mSingle Section Mobile
[22m[39m[Mock Data] seedMockUnit: Adding unit unit-5
[90mstdout[2m | src/components/InstructorDashboard.stories.jsx[2m > [22m[2mSingle Section Mobile
[22m[39m[Mock Data] seedMockAssignments: Adding 7 assignments
[90mstdout[2m | src/components/InstructorDashboard.stories.jsx[2m > [22m[2mSingle Section Mobile
[22m[39m[Mock Data] Total assignments in store: 7
[90mstdout[2m | src/components/InstructorDashboard.stories.jsx[2m > [22m[2mSingle Section Mobile
[22m[39m[Mock Data] Seeded grade: grade-1 for unit: unit-1
[90mstdout[2m | src/components/InstructorDashboard.stories.jsx[2m > [22m[2mSingle Section Mobile
[22m[39m[Mock Data] Grade has data: false
[90mstdout[2m | src/components/InstructorDashboard.stories.jsx[2m > [22m[2mSingle Section Mobile
[22m[39m[Mock Data] Total grades in store: 1
[90mstdout[2m | src/components/InstructorDashboard.stories.jsx[2m > [22m[2mSingle Section Mobile
[22m[39m[Mock Data] Seeded grade: grade-2 for unit: unit-2
[90mstdout[2m | src/components/InstructorDashboard.stories.jsx[2m > [22m[2mSingle Section Mobile
[22m[39m[Mock Data] Grade has data: false
[90mstdout[2m | src/components/InstructorDashboard.stories.jsx[2m > [22m[2mSingle Section Mobile
[22m[39m[Mock Data] Total grades in store: 2
[90mstdout[2m | src/components/InstructorDashboard.stories.jsx[2m > [22m[2mSingle Section Mobile
[22m[39m[Mock Data] Seeded grade: grade-3 for unit: unit-3
[90mstdout[2m | src/components/InstructorDashboard.stories.jsx[2m > [22m[2mSingle Section Mobile
[22m[39m[Mock Data] Grade has data: false
[90mstdout[2m | src/components/InstructorDashboard.stories.jsx[2m > [22m[2mSingle Section Mobile
[22m[39m[Mock Data] Total grades in store: 3
[90mstdout[2m | src/components/InstructorDashboard.stories.jsx[2m > [22m[2mSingle Section Mobile
[22m[39m[Mock Data] Seeded grade: grade-4 for unit: unit-1
[90mstdout[2m | src/components/InstructorDashboard.stories.jsx[2m > [22m[2mSingle Section Mobile
[22m[39m[Mock Data] Grade has data: false
[90mstdout[2m | src/components/InstructorDashboard.stories.jsx[2m > [22m[2mSingle Section Mobile
[22m[39m[Mock Data] Total grades in store: 4
[90mstdout[2m | src/components/InstructorDashboard.stories.jsx[2m > [22m[2mSingle Section Mobile
[22m[39m[Mock Data] Seeded grade: grade-5 for unit: unit-2
[90mstdout[2m | src/components/InstructorDashboard.stories.jsx[2m > [22m[2mSingle Section Mobile
[22m[39m[Mock Data] Grade has data: false
[90mstdout[2m | src/components/InstructorDashboard.stories.jsx[2m > [22m[2mSingle Section Mobile
[22m[39m[Mock Data] Total grades in store: 5
[90mstdout[2m | src/components/InstructorDashboard.stories.jsx[2m > [22m[2mSingle Section Mobile
[22m[39m[Mock Data] Seeded grade: grade-6 for unit: unit-3
[90mstdout[2m | src/components/InstructorDashboard.stories.jsx[2m > [22m[2mSingle Section Mobile
[22m[39m[Mock Data] Grade has data: false
[90mstdout[2m | src/components/InstructorDashboard.stories.jsx[2m > [22m[2mSingle Section Mobile
[22m[39m[Mock Data] Total grades in store: 6
[90mstdout[2m | src/components/InstructorDashboard.stories.jsx[2m > [22m[2mSingle Section Mobile
[22m[39m[Mock Data] Seeded grade: grade-7 for unit: unit-1
[90mstdout[2m | src/components/InstructorDashboard.stories.jsx[2m > [22m[2mSingle Section Mobile
[22m[39m[Mock Data] Grade has data: false
[90mstdout[2m | src/components/InstructorDashboard.stories.jsx[2m > [22m[2mSingle Section Mobile
[22m[39m[Mock Data] Total grades in store: 7
[90mstdout[2m | src/components/InstructorDashboard.stories.jsx[2m > [22m[2mSingle Section Mobile
[22m[39m[Mock Data] Seeded grade: grade-8 for unit: unit-2
[90mstdout[2m | src/components/InstructorDashboard.stories.jsx[2m > [22m[2mSingle Section Mobile
[22m[39m[Mock Data] Grade has data: false
[90mstdout[2m | src/components/InstructorDashboard.stories.jsx[2m > [22m[2mSingle Section Mobile
[22m[39m[Mock Data] Total grades in store: 8
[90mstdout[2m | src/components/InstructorDashboard.stories.jsx[2m > [22m[2mSingle Section Mobile
[22m[39m[Mock Data] Seeded grade: grade-9 for unit: unit-3
[90mstdout[2m | src/components/InstructorDashboard.stories.jsx[2m > [22m[2mSingle Section Mobile
[22m[39m[Mock Data] Grade has data: false
[90mstdout[2m | src/components/InstructorDashboard.stories.jsx[2m > [22m[2mSingle Section Mobile
[22m[39m[Mock Data] Total grades in store: 9
[90mstdout[2m | src/components/InstructorDashboard.stories.jsx[2m > [22m[2mSingle Section Mobile
[22m[39m[Mock Data] Seeded grade: grade-10 for unit: unit-1
[90mstdout[2m | src/components/InstructorDashboard.stories.jsx[2m > [22m[2mSingle Section Mobile
[22m[39m[Mock Data] Grade has data: false
[90mstdout[2m | src/components/InstructorDashboard.stories.jsx[2m > [22m[2mSingle Section Mobile
[22m[39m[Mock Data] Total grades in store: 10
[90mstdout[2m | src/components/InstructorDashboard.stories.jsx[2m > [22m[2mSingle Section Mobile
[22m[39m[Mock Data] Seeded grade: grade-11 for unit: unit-2
[90mstdout[2m | src/components/InstructorDashboard.stories.jsx[2m > [22m[2mSingle Section Mobile
[22m[39m[Mock Data] Grade has data: false
[90mstdout[2m | src/components/InstructorDashboard.stories.jsx[2m > [22m[2mSingle Section Mobile
[22m[39m[Mock Data] Total grades in store: 11
[90mstdout[2m | src/components/InstructorDashboard.stories.jsx[2m > [22m[2mSingle Section Mobile
[22m[39m[Mock Data] Seeded grade: grade-12 for unit: unit-3
[90mstdout[2m | src/components/InstructorDashboard.stories.jsx[2m > [22m[2mSingle Section Mobile
[22m[39m[Mock Data] Grade has data: false
[90mstdout[2m | src/components/InstructorDashboard.stories.jsx[2m > [22m[2mSingle Section Mobile
[22m[39m[Mock Data] Total grades in store: 12
[90mstdout[2m | src/components/InstructorDashboard.stories.jsx[2m > [22m[2mSingle Section Mobile
[22m[39m[Mock Data] Seeded grade: grade-13 for unit: unit-1
[90mstdout[2m | src/components/InstructorDashboard.stories.jsx[2m > [22m[2mSingle Section Mobile
[22m[39m[Mock Data] Grade has data: false
[90mstdout[2m | src/components/InstructorDashboard.stories.jsx[2m > [22m[2mSingle Section Mobile
[22m[39m[Mock Data] Total grades in store: 13
[90mstdout[2m | src/components/InstructorDashboard.stories.jsx[2m > [22m[2mSingle Section Mobile
[22m[39m[Mock Data] Seeded grade: grade-14 for unit: unit-2
[90mstdout[2m | src/components/InstructorDashboard.stories.jsx[2m > [22m[2mSingle Section Mobile
[22m[39m[Mock Data] Grade has data: false
[90mstdout[2m | src/components/InstructorDashboard.stories.jsx[2m > [22m[2mSingle Section Mobile
[22m[39m[Mock Data] Total grades in store: 14
[90mstdout[2m | src/components/InstructorDashboard.stories.jsx[2m > [22m[2mSingle Section Mobile
[22m[39m[Mock Data] Seeded grade: grade-15 for unit: unit-3
[90mstdout[2m | src/components/InstructorDashboard.stories.jsx[2m > [22m[2mSingle Section Mobile
[22m[39m[Mock Data] Grade has data: false
[90mstdout[2m | src/components/InstructorDashboard.stories.jsx[2m > [22m[2mSingle Section Mobile
[22m[39m[Mock Data] Total grades in store: 15
[90mstdout[2m | src/components/InstructorDashboard.stories.jsx[2m > [22m[2mSingle Section Mobile
[22m[39m[Mock Data] Seeded grade: grade-16 for unit: unit-1
[90mstdout[2m | src/components/InstructorDashboard.stories.jsx[2m > [22m[2mSingle Section Mobile
[22m[39m[Mock Data] Grade has data: false
[90mstdout[2m | src/components/InstructorDashboard.stories.jsx[2m > [22m[2mSingle Section Mobile
[22m[39m[Mock Data] Total grades in store: 16
[90mstdout[2m | src/components/InstructorDashboard.stories.jsx[2m > [22m[2mSingle Section Mobile
[22m[39m[Mock Data] Seeded grade: grade-17 for unit: unit-2
[90mstdout[2m | src/components/InstructorDashboard.stories.jsx[2m > [22m[2mSingle Section Mobile
[22m[39m[Mock Data] Grade has data: false
[90mstdout[2m | src/components/InstructorDashboard.stories.jsx[2m > [22m[2mSingle Section Mobile
[22m[39m[Mock Data] Total grades in store: 17
[90mstdout[2m | src/components/InstructorDashboard.stories.jsx[2m > [22m[2mSingle Section Mobile
[22m[39m[Mock Data] Seeded grade: grade-18 for unit: unit-1
[90mstdout[2m | src/components/InstructorDashboard.stories.jsx[2m > [22m[2mSingle Section Mobile
[22m[39m[Mock Data] Grade has data: false
[90mstdout[2m | src/components/InstructorDashboard.stories.jsx[2m > [22m[2mSingle Section Mobile
[22m[39m[Mock Data] Total grades in store: 18
[90mstdout[2m | src/components/InstructorDashboard.stories.jsx[2m > [22m[2mSingle Section Mobile
[22m[39m[Mock Data] Seeded grade: grade-19 for unit: unit-2
[90mstdout[2m | src/components/InstructorDashboard.stories.jsx[2m > [22m[2mSingle Section Mobile
[22m[39m[Mock Data] Grade has data: false
[90mstdout[2m | src/components/InstructorDashboard.stories.jsx[2m > [22m[2mSingle Section Mobile
[22m[39m[Mock Data] Total grades in store: 19
[90mstdout[2m | src/components/InstructorDashboard.stories.jsx[2m > [22m[2mSingle Section Mobile
[22m[39m[Mock Data] Seeded grade: grade-20 for unit: unit-1
[90mstdout[2m | src/components/InstructorDashboard.stories.jsx[2m > [22m[2mSingle Section Mobile
[22m[39m[Mock Data] Grade has data: false
[90mstdout[2m | src/components/InstructorDashboard.stories.jsx[2m > [22m[2mSingle Section Mobile
[22m[39m[Mock Data] Total grades in store: 20
[90mstdout[2m | src/components/InstructorDashboard.stories.jsx[2m > [22m[2mSingle Section Mobile
[22m[39m[Mock Data] Seeded grade: grade-21 for unit: unit-2
[90mstdout[2m | src/components/InstructorDashboard.stories.jsx[2m > [22m[2mSingle Section Mobile
[22m[39m[Mock Data] Grade has data: false
[90mstdout[2m | src/components/InstructorDashboard.stories.jsx[2m > [22m[2mSingle Section Mobile
[22m[39m[Mock Data] Total grades in store: 21
[90mstdout[2m | src/components/InstructorDashboard.stories.jsx[2m > [22m[2mSingle Section Mobile
[22m[39m[Mock Data] Seeded grade: grade-22 for unit: unit-1
[90mstdout[2m | src/components/InstructorDashboard.stories.jsx[2m > [22m[2mSingle Section Mobile
[22m[39m[Mock Data] Grade has data: false
[90mstdout[2m | src/components/InstructorDashboard.stories.jsx[2m > [22m[2mSingle Section Mobile
[22m[39m[Mock Data] Total grades in store: 22
[90mstdout[2m | src/components/InstructorDashboard.stories.jsx[2m > [22m[2mSingle Section Mobile
[22m[39m[Mock Data] Seeded grade: grade-23 for unit: unit-2
[90mstdout[2m | src/components/InstructorDashboard.stories.jsx[2m > [22m[2mSingle Section Mobile
[22m[39m[Mock Data] Grade has data: false
[90mstdout[2m | src/components/InstructorDashboard.stories.jsx[2m > [22m[2mSingle Section Mobile
[22m[39m[Mock Data] Total grades in store: 23
[90mstdout[2m | src/components/InstructorDashboard.stories.jsx[2m > [22m[2mSingle Section Mobile
[22m[39m[Mock Data] Seeded grade: grade-24 for unit: unit-4
[90mstdout[2m | src/components/InstructorDashboard.stories.jsx[2m > [22m[2mSingle Section Mobile
[22m[39m[Mock Data] Grade has data: false
[90mstdout[2m | src/components/InstructorDashboard.stories.jsx[2m > [22m[2mSingle Section Mobile
[22m[39m[Mock Data] Total grades in store: 24
[90mstdout[2m | src/components/InstructorDashboard.stories.jsx[2m > [22m[2mSingle Section Mobile
[22m[39m[Mock Data] Seeded grade: grade-25 for unit: unit-5
[90mstdout[2m | src/components/InstructorDashboard.stories.jsx[2m > [22m[2mSingle Section Mobile
[22m[39m[Mock Data] Grade has data: false
[90mstdout[2m | src/components/InstructorDashboard.stories.jsx[2m > [22m[2mSingle Section Mobile
[22m[39m[Mock Data] Total grades in store: 25
[90mstdout[2m | src/components/InstructorDashboard.stories.jsx[2m > [22m[2mSingle Section Mobile
[22m[39m[Mock Data] Seeded grade: grade-26 for unit: unit-4
[90mstdout[2m | src/components/InstructorDashboard.stories.jsx[2m > [22m[2mSingle Section Mobile
[22m[39m[Mock Data] Grade has data: false
[90mstdout[2m | src/components/InstructorDashboard.stories.jsx[2m > [22m[2mSingle Section Mobile
[22m[39m[Mock Data] Total grades in store: 26
[90mstdout[2m | src/components/InstructorDashboard.stories.jsx[2m > [22m[2mSingle Section Mobile
[22m[39m[Mock Data] Seeded grade: grade-27 for unit: unit-5
[90mstdout[2m | src/components/InstructorDashboard.stories.jsx[2m > [22m[2mSingle Section Mobile
[22m[39m[Mock Data] Grade has data: false
[90mstdout[2m | src/components/InstructorDashboard.stories.jsx[2m > [22m[2mSingle Section Mobile
[22m[39m[Mock Data] Total grades in store: 27
[90mstdout[2m | src/components/InstructorDashboard.stories.jsx[2m > [22m[2mSingle Section Mobile
[22m[39m[Mock Data] Seeded grade: grade-28 for unit: unit-4
[90mstdout[2m | src/components/InstructorDashboard.stories.jsx[2m > [22m[2mSingle Section Mobile
[22m[39m[Mock Data] Grade has data: false
[90mstdout[2m | src/components/InstructorDashboard.stories.jsx[2m > [22m[2mSingle Section Mobile
[22m[39m[Mock Data] Total grades in store: 28
[90mstdout[2m | src/components/InstructorDashboard.stories.jsx[2m > [22m[2mSingle Section Mobile
[22m[39m[Mock Data] Seeded grade: grade-29 for unit: unit-5
[90mstdout[2m | src/components/InstructorDashboard.stories.jsx[2m > [22m[2mSingle Section Mobile
[22m[39m[Mock Data] Grade has data: false
[90mstdout[2m | src/components/InstructorDashboard.stories.jsx[2m > [22m[2mSingle Section Mobile
[22m[39m[Mock Data] Total grades in store: 29
[90mstdout[2m | src/components/InstructorDashboard.stories.jsx[2m > [22m[2mSingle Section Mobile
[22m[39m[Mock Data] Seeded grade: grade-30 for unit: unit-4
[90mstdout[2m | src/components/InstructorDashboard.stories.jsx[2m > [22m[2mSingle Section Mobile
[22m[39m[Mock Data] Grade has data: false
[90mstdout[2m | src/components/InstructorDashboard.stories.jsx[2m > [22m[2mSingle Section Mobile
[22m[39m[Mock Data] Total grades in store: 30
[90mstdout[2m | src/components/InstructorDashboard.stories.jsx[2m > [22m[2mSingle Section Mobile
[22m[39m[Mock Data] Seeded grade: grade-31 for unit: unit-5
[90mstdout[2m | src/components/InstructorDashboard.stories.jsx[2m > [22m[2mSingle Section Mobile
[22m[39m[Mock Data] Grade has data: false
[90mstdout[2m | src/components/InstructorDashboard.stories.jsx[2m > [22m[2mSingle Section Mobile
[22m[39m[Mock Data] Total grades in store: 31
[90mstdout[2m | src/components/InstructorDashboard.stories.jsx[2m > [22m[2mSingle Section Mobile
[22m[39m[Mock Data] Seeded grade: grade-32 for unit: unit-2
[90mstdout[2m | src/components/InstructorDashboard.stories.jsx[2m > [22m[2mSingle Section Mobile
[22m[39m[Mock Data] Grade has data: false
[90mstdout[2m | src/components/InstructorDashboard.stories.jsx[2m > [22m[2mSingle Section Mobile
[22m[39m[Mock Data] Total grades in store: 32
[90mstdout[2m | src/components/InstructorDashboard.stories.jsx[2m > [22m[2mSingle Section Mobile
[22m[39m[TranslationModeController] Setting mode to: off
[90mstdout[2m | src/components/InstructorDashboard.stories.jsx[2m > [22m[2mSingle Section Mobile
[22m[39m[UnitContext] useEffect triggered {
  "authLoading": false,
  "hasUser": true,
  "id": "mock-unit-id",
  "userSub": "mock-user-sub",
}
[90mstdout[2m | src/components/InstructorDashboard.stories.jsx[2m > [22m[2mSingle Section Mobile
[22m[39m[UnitContext] Fetching unit data for id: mock-unit-id
[90mstdout[2m | src/components/InstructorDashboard.stories.jsx[2m > [22m[2mSingle Section Mobile
[22m[39m[FilesContext] Initializing vector store from IndexedDB
[90mstdout[2m | src/components/InstructorDashboard.stories.jsx[2m > [22m[2mSingle Section Mobile
[22m[39m[FilesContext] fetchFiles called
[90mstdout[2m | src/components/InstructorDashboard.stories.jsx[2m > [22m[2mSingle Section Mobile
[22m[39m[FilesContext] User authenticated: mock-user-sub
[90mstdout[2m | src/components/InstructorDashboard.stories.jsx[2m > [22m[2mSingle Section Mobile
[22m[39m[FilesContext] Identity ID: us-east-1:mock-identity-123
[90mstdout[2m | src/components/InstructorDashboard.stories.jsx[2m > [22m[2mSingle Section Mobile
[22m[39m[FilesContext] About to set up File observeQuery
[90mstdout[2m | src/components/InstructorDashboard.stories.jsx[2m > [22m[2mSingle Section Mobile
[22m[39m[ChatContext] Setting up AssistantChat observeQuery
[90mstdout[2m | src/components/InstructorDashboard.stories.jsx[2m > [22m[2mSingle Section Mobile
[22m[39m[ChatContext] Waiting for subscription to initialize
[90mstdout[2m | src/components/InstructorDashboard.stories.jsx[2m > [22m[2mSingle Section Mobile
[22m[39m[SettingsContext] Setting up Settings subscription for user: mock-user-sub
[90mstdout[2m | src/components/InstructorDashboard.stories.jsx[2m > [22m[2mSingle Section Mobile
[22m[39m[Mock Data] Settings created: mock-settings-1790416137327 - notified 0 subscribers
[90mstdout[2m | src/components/InstructorDashboard.stories.jsx[2m > [22m[2mSingle Section Mobile
[22m[39m[Mock Data] Unit.onUpdate() subscription added. Total: 1
[90mstdout[2m | src/components/InstructorDashboard.stories.jsx[2m > [22m[2mSingle Section Mobile
[22m[39m[SectionContext] Section observeQuery update: 0
[90mstdout[2m | src/components/InstructorDashboard.stories.jsx[2m > [22m[2mSingle Section Mobile
[22m[39m[FilesContext] File observeQuery update: 6 files
[90mstdout[2m | src/components/InstructorDashboard.stories.jsx[2m > [22m[2mSingle Section Mobile
[22m[39m[ChatContext] AssistantChat initialized with 1 chats
[90mstdout[2m | src/components/InstructorDashboard.stories.jsx[2m > [22m[2mSingle Section Mobile
[22m[39m[ChatContext] Setting initial chat: chat-flagged-1
[90mstdout[2m | src/components/InstructorDashboard.stories.jsx[2m > [22m[2mSingle Section Mobile
[22m[39m[MOCK CourseVectorStore] Initialized with mock data
[90mstdout[2m | src/components/InstructorDashboard.stories.jsx[2m > [22m[2mSingle Section Mobile
[22m[39m[FilesContext] Vector store population triggered {
  "currentVectorStoreSize": 3,
  "documentsCount": 0,
  "filesCount": 6,
  "isInitialLoad": true,
}
[90mstdout[2m | src/components/InstructorDashboard.stories.jsx[2m > [22m[2mSingle Section Mobile
[22m[39m[FilesContext] Vector store population complete - 3 total embeddings
[90mstdout[2m | src/components/InstructorDashboard.stories.jsx[2m > [22m[2mSingle Section Mobile
[22m[39m[ChatContext] Chat exists and not archived, skipping creation
[90mstdout[2m | src/components/InstructorDashboard.stories.jsx[2m > [22m[2mSingle Section Mobile
[22m[39m[Mock Storage] downloadData called with: undefined
 [32m✓[39m [30m[45m storybook (chromium) [49m[39m src/components/InstructorDashboard.stories.jsx [2m([22m[2m10 tests[22m[2m)[22m[33m 7021[2mms[22m[39m
   [33m[2m✓[22m[39m With Sections [33m 1112[2mms[22m[39m
   [33m[2m✓[22m[39m Single Section [33m 525[2mms[22m[39m
   [33m[2m✓[22m[39m No Grade Data [33m 499[2mms[22m[39m
   [33m[2m✓[22m[39m Loading [33m 386[2mms[22m[39m
   [33m[2m✓[22m[39m Mobile Viewport [33m 959[2mms[22m[39m
   [33m[2m✓[22m[39m Tablet Viewport [33m 999[2mms[22m[39m
   [33m[2m✓[22m[39m Desktop Viewport [33m 925[2mms[22m[39m
   [33m[2m✓[22m[39m Multi Section Mobile [33m 977[2mms[22m[39m
   [33m[2m✓[22m[39m Single Section Mobile [33m 557[2mms[22m[39m
[90mstdout[2m | unknown test
[22m[39m[MOCK vectorStoreDB.js] Module loaded - mock IndexedDB operations
[90mstdout[2m | unknown test
[22m[39m[Task Completion] DOM action listeners initialized
[90mstdout[2m | unknown test
[22m[39m[Task Completion] Auto-completion detector initialized
[90mstdout[2m | unknown test
[22m[39m[Preview] Task completion detector initialized
[90mstdout[2m | src/components/Editor3/Workbook.stories.jsx[2m > [22m[2mEmpty Workbook
[22m[39m[Preview] Skipped initializing default mock data (initializeMockData=false)
[90mstdout[2m | src/components/Editor3/Workbook.stories.jsx[2m > [22m[2mEmpty Workbook
[22m[39m[Mock Data] seedMockUnit: Adding unit empty-workbook-id
[90mstdout[2m | src/components/Editor3/Workbook.stories.jsx[2m > [22m[2mEmpty Workbook
[22m[39m[Mock Data] Seeded grade: grade-empty-1 for unit: empty-workbook-id
[90mstdout[2m | src/components/Editor3/Workbook.stories.jsx[2m > [22m[2mEmpty Workbook
[22m[39m[Mock Data] Grade has data: true
[90mstdout[2m | src/components/Editor3/Workbook.stories.jsx[2m > [22m[2mEmpty Workbook
[22m[39m[Mock Data] Total grades in store: 1
[90mstdout[2m | src/components/Editor3/Workbook.stories.jsx[2m > [22m[2mEmpty Workbook
[22m[39m[MOCK CourseVectorStore] Initialized with mock data
[90mstdout[2m | src/components/Editor3/Workbook.stories.jsx[2m > [22m[2mEmpty Workbook
[22m[39m[TranslationModeController] Setting mode to: off
[90mstdout[2m | src/components/Editor3/Workbook.stories.jsx[2m > [22m[2mEmpty Workbook
[22m[39m[UnitContext] useEffect triggered {
  "authLoading": false,
  "hasUser": true,
  "id": "empty-workbook-id",
  "userSub": "mock-user-sub",
}
[90mstdout[2m | src/components/Editor3/Workbook.stories.jsx[2m > [22m[2mEmpty Workbook
[22m[39m[UnitContext] Fetching unit data for id: empty-workbook-id
[90mstdout[2m | src/components/Editor3/Workbook.stories.jsx[2m > [22m[2mEmpty Workbook
[22m[39m[FilesContext] Initializing vector store from IndexedDB
[90mstdout[2m | src/components/Editor3/Workbook.stories.jsx[2m > [22m[2mEmpty Workbook
[22m[39m[FilesContext] fetchFiles called
[90mstdout[2m | src/components/Editor3/Workbook.stories.jsx[2m > [22m[2mEmpty Workbook
[22m[39m[FilesContext] User authenticated: mock-user-sub
[90mstdout[2m | src/components/Editor3/Workbook.stories.jsx[2m > [22m[2mEmpty Workbook
[22m[39m[FilesContext] Identity ID: us-east-1:mock-identity-123
[90mstdout[2m | src/components/Editor3/Workbook.stories.jsx[2m > [22m[2mEmpty Workbook
[22m[39m[FilesContext] About to set up File observeQuery
[90mstdout[2m | src/components/Editor3/Workbook.stories.jsx[2m > [22m[2mEmpty Workbook
[22m[39m[ChatContext] Setting up AssistantChat observeQuery
[90mstdout[2m | src/components/Editor3/Workbook.stories.jsx[2m > [22m[2mEmpty Workbook
[22m[39m[ChatContext] Waiting for subscription to initialize
[90mstdout[2m | src/components/Editor3/Workbook.stories.jsx[2m > [22m[2mEmpty Workbook
[22m[39m[SettingsContext] Setting up Settings subscription for user: mock-user-sub
[90mstdout[2m | src/components/Editor3/Workbook.stories.jsx[2m > [22m[2mEmpty Workbook
[22m[39m[Mock Data] Settings created: mock-settings-1790416142454 - notified 0 subscribers
[90mstdout[2m | src/components/Editor3/Workbook.stories.jsx[2m > [22m[2mEmpty Workbook
[22m[39m[Mock Data] Unit.onUpdate() subscription added. Total: 1
[90mstdout[2m | src/components/Editor3/Workbook.stories.jsx[2m > [22m[2mEmpty Workbook
[22m[39m[WorkbookStatePlugin] Loading unit content into read-only workbook: empty-workbook-id
[90mstdout[2m | src/components/Editor3/Workbook.stories.jsx[2m > [22m[2mEmpty Workbook
[22m[39m[SectionContext] Section observeQuery update: 0
[90mstdout[2m | src/components/Editor3/Workbook.stories.jsx[2m > [22m[2mEmpty Workbook
[22m[39m[FilesContext] File observeQuery update: 0 files
[90mstdout[2m | src/components/Editor3/Workbook.stories.jsx[2m > [22m[2mEmpty Workbook
[22m[39m[ChatContext] AssistantChat initialized with 0 chats
[90mstdout[2m | src/components/Editor3/Workbook.stories.jsx[2m > [22m[2mEmpty Workbook
[22m[39m[MOCK CourseVectorStore] Initialized with mock data
[90mstdout[2m | src/components/Editor3/Workbook.stories.jsx[2m > [22m[2mEmpty Workbook
[22m[39m[useWorkbookCollaboration] Initializing for grade grade-empty-1
[90mstdout[2m | src/components/Editor3/Workbook.stories.jsx[2m > [22m[2mEmpty Workbook
[22m[39m[WorkbookCollaboration] Loaded 0 blocks from Grade.data
[90mstdout[2m | src/components/Editor3/Workbook.stories.jsx[2m > [22m[2mEmpty Workbook
[22m[39m[ChatContext] No current chat available, will create one
[90mstdout[2m | src/components/Editor3/Workbook.stories.jsx[2m > [22m[2mEmpty Workbook
[22m[39m[ChatContext] Creating AssistantChat with user: undefined
[90mstdout[2m | src/components/Editor3/Workbook.stories.jsx[2m > [22m[2mEmpty Workbook
[22m[39m[Mock Data] AssistantChat created: mock-assistantchat-1790416142489 - notified 1 subscribers
[90mstdout[2m | src/components/Editor3/Workbook.stories.jsx[2m > [22m[2mEmpty Workbook
[22m[39m[ChatContext] Create result: {
  "data": {
    "_version": 1,
    "archived": false,
    "chatFiles": [Function anonymous],
    "createdAt": "2026-09-26T09:49:02.489Z",
    "id": "mock-assistantchat-1790416142489",
    "model": "gpt-4",
    "updatedAt": "2026-09-26T09:49:02.489Z",
  },
  "errors": [],
  "hasData": true,
  "hasErrors": true,
}
[90mstdout[2m | src/components/Editor3/Workbook.stories.jsx[2m > [22m[2mEmpty Workbook
[22m[39m[ChatContext] Created AssistantChat: mock-assistantchat-1790416142489 at: 2026-09-26T09:49:02.489Z
[90mstdout[2m | src/components/Editor3/Workbook.stories.jsx[2m > [22m[2mEmpty Workbook
[22m[39m[Mock Storage] downloadData called with: undefined
[90mstdout[2m | src/components/Editor3/Workbook.stories.jsx[2m > [22m[2mEmpty Workbook
[22m[39m[YjsProvider] workbook-grade-empty-1 connection status: connected
[90mstdout[2m | src/components/Editor3/Workbook.stories.jsx[2m > [22m[2mEmpty Workbook
[22m[39m[YjsProvider] workbook-grade-empty-1 synced with server
[90mstdout[2m | src/components/Editor3/Workbook.stories.jsx[2m > [22m[2mEmpty Workbook
[22m[39m[ChatContext] Setting initial chat: mock-assistantchat-1790416142489
[90mstdout[2m | src/components/Editor3/Workbook.stories.jsx[2m > [22m[2mEmpty Workbook
[22m[39m[ChatContext] Chat exists and not archived, skipping creation
[90mstdout[2m | src/components/Editor3/Workbook.stories.jsx[2m > [22m[2mWorkbook With Content
[22m[39m[ChatContext] Cleaning up subscriptions
[90mstdout[2m | src/components/Editor3/Workbook.stories.jsx[2m > [22m[2mWorkbook With Content
[22m[39m[Mock Data] Unit.onUpdate() subscription removed. Remaining: 0
[90mstdout[2m | src/components/Editor3/Workbook.stories.jsx[2m > [22m[2mWorkbook With Content
[22m[39m[Preview] Skipped initializing default mock data (initializeMockData=false)
[90mstdout[2m | src/components/Editor3/Workbook.stories.jsx[2m > [22m[2mWorkbook With Content
[22m[39m[Mock Data] seedMockDocuments: Adding 1 documents
[90mstdout[2m | src/components/Editor3/Workbook.stories.jsx[2m > [22m[2mWorkbook With Content
[22m[39m[Mock Data] seedMockParsedContent: Adding 1 parsed content records
[90mstdout[2m | src/components/Editor3/Workbook.stories.jsx[2m > [22m[2mWorkbook With Content
[22m[39m[Mock Data] seedMockWords: Adding 3 words
[90mstdout[2m | src/components/Editor3/Workbook.stories.jsx[2m > [22m[2mWorkbook With Content
[22m[39m[Mock Data] seedMockQuestions: Adding 9 questions
[90mstdout[2m | src/components/Editor3/Workbook.stories.jsx[2m > [22m[2mWorkbook With Content
[22m[39m[Mock Data] seedMockQuestionUnits: Adding 9 question-unit joins
[90mstdout[2m | src/components/Editor3/Workbook.stories.jsx[2m > [22m[2mWorkbook With Content
[22m[39m[Mock Data] seedMockUnit: Adding unit workbook-with-content-id
[90mstdout[2m | src/components/Editor3/Workbook.stories.jsx[2m > [22m[2mWorkbook With Content
[22m[39m[Mock Data] Seeded grade: grade-content-1 for unit: workbook-with-content-id
[90mstdout[2m | src/components/Editor3/Workbook.stories.jsx[2m > [22m[2mWorkbook With Content
[22m[39m[Mock Data] Grade has data: true
[90mstdout[2m | src/components/Editor3/Workbook.stories.jsx[2m > [22m[2mWorkbook With Content
[22m[39m[Mock Data] Total grades in store: 1
[90mstdout[2m | src/components/Editor3/Workbook.stories.jsx[2m > [22m[2mWorkbook With Content
[22m[39m[MOCK CourseVectorStore] Initialized with mock data
[90mstdout[2m | src/components/Editor3/Workbook.stories.jsx[2m > [22m[2mWorkbook With Content
[22m[39m[TranslationModeController] Setting mode to: off
[90mstdout[2m | src/components/Editor3/Workbook.stories.jsx[2m > [22m[2mWorkbook With Content
[22m[39m[UnitContext] useEffect triggered {
  "authLoading": false,
  "hasUser": true,
  "id": "workbook-with-content-id",
  "userSub": "mock-user-sub",
}
[90mstdout[2m | src/components/Editor3/Workbook.stories.jsx[2m > [22m[2mWorkbook With Content
[22m[39m[UnitContext] Fetching unit data for id: workbook-with-content-id
[90mstdout[2m | src/components/Editor3/Workbook.stories.jsx[2m > [22m[2mWorkbook With Content
[22m[39m[FilesContext] Initializing vector store from IndexedDB
[90mstdout[2m | src/components/Editor3/Workbook.stories.jsx[2m > [22m[2mWorkbook With Content
[22m[39m[FilesContext] fetchFiles called
[90mstdout[2m | src/components/Editor3/Workbook.stories.jsx[2m > [22m[2mWorkbook With Content
[22m[39m[FilesContext] User authenticated: mock-user-sub
[90mstdout[2m | src/components/Editor3/Workbook.stories.jsx[2m > [22m[2mWorkbook With Content
[22m[39m[FilesContext] Identity ID: us-east-1:mock-identity-123
[90mstdout[2m | src/components/Editor3/Workbook.stories.jsx[2m > [22m[2mWorkbook With Content
[22m[39m[FilesContext] About to set up File observeQuery
[90mstdout[2m | src/components/Editor3/Workbook.stories.jsx[2m > [22m[2mWorkbook With Content
[22m[39m[ChatContext] Setting up AssistantChat observeQuery
[90mstdout[2m | src/components/Editor3/Workbook.stories.jsx[2m > [22m[2mWorkbook With Content
[22m[39m[ChatContext] Waiting for subscription to initialize
[90mstdout[2m | src/components/Editor3/Workbook.stories.jsx[2m > [22m[2mWorkbook With Content
[22m[39m[SettingsContext] Setting up Settings subscription for user: mock-user-sub
[90mstdout[2m | src/components/Editor3/Workbook.stories.jsx[2m > [22m[2mWorkbook With Content
[22m[39m[Mock Data] Settings created: mock-settings-1790416142715 - notified 0 subscribers
[90mstdout[2m | src/components/Editor3/Workbook.stories.jsx[2m > [22m[2mWorkbook With Content
[22m[39m[Mock Data] Unit.onUpdate() subscription added. Total: 1
[90mstdout[2m | src/components/Editor3/Workbook.stories.jsx[2m > [22m[2mWorkbook With Content
[22m[39m[WorkbookStatePlugin] Loading unit content into read-only workbook: workbook-with-content-id
[90mstdout[2m | src/components/Editor3/Workbook.stories.jsx[2m > [22m[2mWorkbook With Content
[22m[39mQuestionBlockRo.grade {}
[90mstdout[2m | src/components/Editor3/Workbook.stories.jsx[2m > [22m[2mWorkbook With Content
[22m[39m......!q {
  "answer": "Hello",
  "correct": true,
  "id": "sample-quiz-q1",
}
[90mstdout[2m | src/components/Editor3/Workbook.stories.jsx[2m > [22m[2mWorkbook With Content
[22m[39m......!q {
  "answer": "Goodbye",
  "correct": false,
  "id": "sample-quiz-q2",
}
[90mstdout[2m | src/components/Editor3/Workbook.stories.jsx[2m > [22m[2mWorkbook With Content
[22m[39m......!q {
  "answer": "Thank you",
  "correct": false,
  "id": "sample-quiz-q3",
}
[90mstdout[2m | src/components/Editor3/Workbook.stories.jsx[2m > [22m[2mWorkbook With Content
[22m[39m......!q {
  "answer": "Good morning",
  "correct": false,
  "id": "sample-quiz-q4",
}
[90mstdout[2m | src/components/Editor3/Workbook.stories.jsx[2m > [22m[2mWorkbook With Content
[22m[39mQuestionBlock.nodeKey 29 type: string
[90mstdout[2m | src/components/Editor3/Workbook.stories.jsx[2m > [22m[2mWorkbook With Content
[22m[39mQuestionBlock.questionContent [
  {
    "answer": "Hello",
    "correct": true,
    "id": "sample-quiz-q1",
  },
  {
    "answer": "Goodbye",
    "correct": false,
    "id": "sample-quiz-q2",
  },
  {
    "answer": "Thank you",
    "correct": false,
    "id": "sample-quiz-q3",
  },
  {
    "answer": "Good morning",
    "correct": false,
    "id": "sample-quiz-q4",
  },
]
[90mstdout[2m | src/components/Editor3/Workbook.stories.jsx[2m > [22m[2mWorkbook With Content
[22m[39mQuestionBlock.grade.data keys: []
[90mstdout[2m | src/components/Editor3/Workbook.stories.jsx[2m > [22m[2mWorkbook With Content
[22m[39mQuestionBlock.grade.data[nodeKey]: undefined
[90mstdout[2m | src/components/Editor3/Workbook.stories.jsx[2m > [22m[2mWorkbook With Content
[22m[39mQuestionBlockRo.inProgress {}
[90mstdout[2m | src/components/Editor3/Workbook.stories.jsx[2m > [22m[2mWorkbook With Content
[22m[39mQuestionBlockRo.grade {}
[90mstdout[2m | src/components/Editor3/Workbook.stories.jsx[2m > [22m[2mWorkbook With Content
[22m[39m......!q {
  "answer": "今晩は (こんばんは)",
  "correct": true,
  "id": "sample-quiz-q5",
}
[90mstdout[2m | src/components/Editor3/Workbook.stories.jsx[2m > [22m[2mWorkbook With Content
[22m[39m......!q {
  "answer": "おはよう",
  "correct": false,
  "id": "sample-quiz-q6",
}
[90mstdout[2m | src/components/Editor3/Workbook.stories.jsx[2m > [22m[2mWorkbook With Content
[22m[39m......!q {
  "answer": "今日は (こんにちは)",
  "correct": false,
  "id": "sample-quiz-q7",
}
[90mstdout[2m | src/components/Editor3/Workbook.stories.jsx[2m > [22m[2mWorkbook With Content
[22m[39m......!q {
  "answer": "さようなら",
  "correct": false,
  "id": "sample-quiz-q8",
}
[90mstdout[2m | src/components/Editor3/Workbook.stories.jsx[2m > [22m[2mWorkbook With Content
[22m[39mQuestionBlock.nodeKey 32 type: string
[90mstdout[2m | src/components/Editor3/Workbook.stories.jsx[2m > [22m[2mWorkbook With Content
[22m[39mQuestionBlock.questionContent [
  {
    "answer": "今晩は (こんばんは)",
    "correct": true,
    "id": "sample-quiz-q5",
  },
  {
    "answer": "おはよう",
    "correct": false,
    "id": "sample-quiz-q6",
  },
  {
    "answer": "今日は (こんにちは)",
    "correct": false,
    "id": "sample-quiz-q7",
  },
  {
    "answer": "さようなら",
    "correct": false,
    "id": "sample-quiz-q8",
  },
]
[90mstdout[2m | src/components/Editor3/Workbook.stories.jsx[2m > [22m[2mWorkbook With Content
[22m[39mQuestionBlock.grade.data keys: []
[90mstdout[2m | src/components/Editor3/Workbook.stories.jsx[2m > [22m[2mWorkbook With Content
[22m[39mQuestionBlock.grade.data[nodeKey]: undefined
[90mstdout[2m | src/components/Editor3/Workbook.stories.jsx[2m > [22m[2mWorkbook With Content
[22m[39mQuestionBlockRo.inProgress {}
[90mstdout[2m | src/components/Editor3/Workbook.stories.jsx[2m > [22m[2mWorkbook With Content
[22m[39mCustomAnswerComponent.questionID question-audio-1
[90mstdout[2m | src/components/Editor3/Workbook.stories.jsx[2m > [22m[2mWorkbook With Content
[22m[39mCustomAnswerComponent.questionBank []
[90mstdout[2m | src/components/Editor3/Workbook.stories.jsx[2m > [22m[2mWorkbook With Content
[22m[39mCustomAnswerComponent.question {}
[90mstdout[2m | src/components/Editor3/Workbook.stories.jsx[2m > [22m[2mWorkbook With Content
[22m[39mCustomAnswerComponent.question {}
[90mstdout[2m | src/components/Editor3/Workbook.stories.jsx[2m > [22m[2mWorkbook With Content
[22m[39mCustomAnswerComponent.prompt undefined
[90mstdout[2m | src/components/Editor3/Workbook.stories.jsx[2m > [22m[2mWorkbook With Content
[22m[39mCustomAnswerComponent.feedback[questionID] undefined
[90mstdout[2m | src/components/Editor3/Workbook.stories.jsx[2m > [22m[2mWorkbook With Content
[22m[39mCustomAnswerComponent.isCompleted undefined
[90mstdout[2m | src/components/Editor3/Workbook.stories.jsx[2m > [22m[2mWorkbook With Content
[22m[39mCustomAnswerComponent.currentPromptMethod text
[90mstdout[2m | src/components/Editor3/Workbook.stories.jsx[2m > [22m[2mWorkbook With Content
[22m[39mCustomAnswerComponent.displayPrompt undefined
[90mstdout[2m | src/components/Editor3/Workbook.stories.jsx[2m > [22m[2mWorkbook With Content
[22m[39mallowedInput [
  "text",
  "audio",
]
[90mstdout[2m | src/components/Editor3/Workbook.stories.jsx[2m > [22m[2mWorkbook With Content
[22m[39mpromptMethod [
  "text",
]
[90mstdout[2m | src/components/Editor3/Workbook.stories.jsx[2m > [22m[2mWorkbook With Content
[22m[39mAnswerComponent.currentPromptMethod text
[90mstdout[2m | src/components/Editor3/Workbook.stories.jsx[2m > [22m[2mWorkbook With Content
[22m[39mAnswerComponent.promptMethod [
  "text",
]
[90mstdout[2m | src/components/Editor3/Workbook.stories.jsx[2m > [22m[2mWorkbook With Content
[22m[39mallowedInput [
  "text",
  "audio",
]
[90mstdout[2m | src/components/Editor3/Workbook.stories.jsx[2m > [22m[2mWorkbook With Content
[22m[39mpromptMethod [
  "text",
]
[90mstdout[2m | src/components/Editor3/Workbook.stories.jsx[2m > [22m[2mWorkbook With Content
[22m[39mAnswerComponent.currentPromptMethod text
[90mstdout[2m | src/components/Editor3/Workbook.stories.jsx[2m > [22m[2mWorkbook With Content
[22m[39m[SectionContext] Section observeQuery update: 0
[90mstdout[2m | src/components/Editor3/Workbook.stories.jsx[2m > [22m[2mWorkbook With Content
[22m[39m[FilesContext] File observeQuery update: 1 files
[90mstdout[2m | src/components/Editor3/Workbook.stories.jsx[2m > [22m[2mWorkbook With Content
[22m[39m[ChatContext] AssistantChat initialized with 0 chats
[90mstdout[2m | src/components/Editor3/Workbook.stories.jsx[2m > [22m[2mWorkbook With Content
[22m[39m[MOCK CourseVectorStore] Initialized with mock data
[90mstdout[2m | src/components/Editor3/Workbook.stories.jsx[2m > [22m[2mWorkbook With Content
[22m[39mQuestionBlockRo.grade {
  "_version": 1,
  "accuracy": 0,
  "complete": false,
  "data": {},
  "id": "grade-content-1",
  "owner": "mock-user-sub",
  "percentComplete": 0,
  "timerStarted": false,
  "unitID": "workbook-with-content-id",
  "unitVersion": 1,
}
[90mstdout[2m | src/components/Editor3/Workbook.stories.jsx[2m > [22m[2mWorkbook With Content
[22m[39m......!q {
  "answer": "Hello",
  "correct": true,
  "id": "sample-quiz-q1",
}
[90mstdout[2m | src/components/Editor3/Workbook.stories.jsx[2m > [22m[2mWorkbook With Content
[22m[39m......!q {
  "answer": "Goodbye",
  "correct": false,
  "id": "sample-quiz-q2",
}
[90mstdout[2m | src/components/Editor3/Workbook.stories.jsx[2m > [22m[2mWorkbook With Content
[22m[39m......!q {
  "answer": "Thank you",
  "correct": false,
  "id": "sample-quiz-q3",
}
[90mstdout[2m | src/components/Editor3/Workbook.stories.jsx[2m > [22m[2mWorkbook With Content
[22m[39m......!q {
  "answer": "Good morning",
  "correct": false,
  "id": "sample-quiz-q4",
}
[90mstdout[2m | src/components/Editor3/Workbook.stories.jsx[2m > [22m[2mWorkbook With Content
[22m[39mQuestionBlock.nodeKey 29 type: string
[90mstdout[2m | src/components/Editor3/Workbook.stories.jsx[2m > [22m[2mWorkbook With Content
[22m[39mQuestionBlock.questionContent [
  {
    "answer": "Hello",
    "correct": true,
    "id": "sample-quiz-q1",
  },
  {
    "answer": "Goodbye",
    "correct": false,
    "id": "sample-quiz-q2",
  },
  {
    "answer": "Thank you",
    "correct": false,
    "id": "sample-quiz-q3",
  },
  {
    "answer": "Good morning",
    "correct": false,
    "id": "sample-quiz-q4",
  },
]
[90mstdout[2m | src/components/Editor3/Workbook.stories.jsx[2m > [22m[2mWorkbook With Content
[22m[39mQuestionBlock.grade.data keys: []
[90mstdout[2m | src/components/Editor3/Workbook.stories.jsx[2m > [22m[2mWorkbook With Content
[22m[39mQuestionBlock.grade.data[nodeKey]: undefined
[90mstdout[2m | src/components/Editor3/Workbook.stories.jsx[2m > [22m[2mWorkbook With Content
[22m[39mQuestionBlockRo.inProgress {}
[90mstdout[2m | src/components/Editor3/Workbook.stories.jsx[2m > [22m[2mWorkbook With Content
[22m[39mQuestionBlockRo.grade {
  "_version": 1,
  "accuracy": 0,
  "complete": false,
  "data": {},
  "id": "grade-content-1",
  "owner": "mock-user-sub",
  "percentComplete": 0,
  "timerStarted": false,
  "unitID": "workbook-with-content-id",
  "unitVersion": 1,
}
[90mstdout[2m | src/components/Editor3/Workbook.stories.jsx[2m > [22m[2mWorkbook With Content
[22m[39m......!q {
  "answer": "今晩は (こんばんは)",
  "correct": true,
  "id": "sample-quiz-q5",
}
[90mstdout[2m | src/components/Editor3/Workbook.stories.jsx[2m > [22m[2mWorkbook With Content
[22m[39m......!q {
  "answer": "おはよう",
  "correct": false,
  "id": "sample-quiz-q6",
}
[90mstdout[2m | src/components/Editor3/Workbook.stories.jsx[2m > [22m[2mWorkbook With Content
[22m[39m......!q {
  "answer": "今日は (こんにちは)",
  "correct": false,
  "id": "sample-quiz-q7",
}
[90mstdout[2m | src/components/Editor3/Workbook.stories.jsx[2m > [22m[2mWorkbook With Content
[22m[39m......!q {
  "answer": "さようなら",
  "correct": false,
  "id": "sample-quiz-q8",
}
[90mstdout[2m | src/components/Editor3/Workbook.stories.jsx[2m > [22m[2mWorkbook With Content
[22m[39mQuestionBlock.nodeKey 32 type: string
[90mstdout[2m | src/components/Editor3/Workbook.stories.jsx[2m > [22m[2mWorkbook With Content
[22m[39mQuestionBlock.questionContent [
  {
    "answer": "今晩は (こんばんは)",
    "correct": true,
    "id": "sample-quiz-q5",
  },
  {
    "answer": "おはよう",
    "correct": false,
    "id": "sample-quiz-q6",
  },
  {
    "answer": "今日は (こんにちは)",
    "correct": false,
    "id": "sample-quiz-q7",
  },
  {
    "answer": "さようなら",
    "correct": false,
    "id": "sample-quiz-q8",
  },
]
[90mstdout[2m | src/components/Editor3/Workbook.stories.jsx[2m > [22m[2mWorkbook With Content
[22m[39mQuestionBlock.grade.data keys: []
[90mstdout[2m | src/components/Editor3/Workbook.stories.jsx[2m > [22m[2mWorkbook With Content
[22m[39mQuestionBlock.grade.data[nodeKey]: undefined
[90mstdout[2m | src/components/Editor3/Workbook.stories.jsx[2m > [22m[2mWorkbook With Content
[22m[39mQuestionBlockRo.inProgress {}
[90mstdout[2m | src/components/Editor3/Workbook.stories.jsx[2m > [22m[2mWorkbook With Content
[22m[39mCustomAnswerComponent.questionID question-audio-1
[90mstdout[2m | src/components/Editor3/Workbook.stories.jsx[2m > [22m[2mWorkbook With Content
[22m[39mCustomAnswerComponent.questionBank {
  "question-audio-1": {
    "answer": "Audio or text response demonstrating proper pronunciation of がくせい",
    "answerAudio": [Array],
    "audio": [Array],
    "embedding": [Object],
    "hint": "Remember to pronounce both syllables clearly: ga-ku-se-i",
    "id": "question-audio-1",
    "owner": "mock-user-sub",
    "prompt": "Record yourself saying "学生" (がくせい - student)",
  },
  "sample-quiz-q1": {
    "answer": "Hello",
    "audio": [Array],
    "embedding": [Object],
    "hint": "A common greeting used during the day",
    "id": "sample-quiz-q1",
    "owner": "mock-user-sub",
    "prompt": "What does 今日は (こんにちは) mean?",
  },
  "sample-quiz-q2": {
    "answer": "Goodbye",
    "embedding": [Object],
    "hint": "This is incorrect",
    "id": "sample-quiz-q2",
    "owner": "mock-user-sub",
    "prompt": "What does 今日は (こんにちは) mean?",
  },
  "sample-quiz-q3": {
    "answer": "Thank you",
    "embedding": [Object],
    "hint": "This is incorrect",
    "id": "sample-quiz-q3",
    "owner": "mock-user-sub",
    "prompt": "What does 今日は (こんにちは) mean?",
  },
  "sample-quiz-q4": {
    "answer": "Good morning",
    "embedding": [Object],
    "hint": "This is incorrect - though also a greeting",
    "id": "sample-quiz-q4",
    "owner": "mock-user-sub",
    "prompt": "What does 今日は (こんにちは) mean?",
  },
  "sample-quiz-q5": {
    "answer": "今晩は (こんばんは)",
    "audio": [Array],
    "embedding": [Object],
    "hint": "Said when greeting someone in the evening",
    "id": "sample-quiz-q5",
    "owner": "mock-user-sub",
    "prompt": "How do you say "Good evening" in Japanese?",
  },
  "sample-quiz-q6": {
    "answer": "おはよう",
    "embedding": [Object],
    "hint": "This is incorrect - this means good morning",
    "id": "sample-quiz-q6",
    "owner": "mock-user-sub",
    "prompt": "How do you say "Good evening" in Japanese?",
  },
  "sample-quiz-q7": {
    "answer": "今日は (こんにちは)",
    "embedding": [Object],
    "hint": "This is incorrect - this is used during the day",
    "id": "sample-quiz-q7",
    "owner": "mock-user-sub",
    "prompt": "How do you say "Good evening" in Japanese?",
  },
  "sample-quiz-q8": {
    "answer": "さようなら",
    "embedding": [Object],
    "hint": "This is incorrect - this means goodbye",
    "id": "sample-quiz-q8",
    "owner": "mock-user-sub",
    "prompt": "How do you say "Good evening" in Japanese?",
  },
}
[90mstdout[2m | src/components/Editor3/Workbook.stories.jsx[2m > [22m[2mWorkbook With Content
[22m[39mCustomAnswerComponent.question {
  "answer": "Audio or text response demonstrating proper pronunciation of がくせい",
  "answerAudio": [
    "/story-mocks/cinematic-designed-sci-fi-whoosh-transition-nexawave-228295.mp3",
  ],
  "audio": [
    "/story-mocks/cinematic-designed-sci-fi-whoosh-transition-nexawave-228295.mp3",
  ],
  "embedding": {
    "dimensions": 128,
    "embedding": "[{"page":1,"embedding":[-0.375493623385838,-0.34065688277774997,-0.30241641120314205,-0.2611542948133658,-0.21728281103594838,-0.17124030923480626,-0.12348683086831044,-0.0744995129070994,-0.02476782043918371,0.02521134390340561,0.07493860483147617,0.12391710399147991,0.1716574644099477,0.2176826801864466,0.2615328825788482,0.3027699348598005,0.3409818100340678,0.37578670767607414,0.4068368687535527,0.43382205032083365,0.45647262536381383,0.4745622768239473,0.48791025888348777,0.49638320291795357,0.4998964500713346,0.4984148971393996,0.49195334730930806,0.48057636225105826,0.4643976170386202,0.44357876434617555,0.41832781926802803,0.3888970809005464,0.3555806114529912,0.31871129807511944,0.2786575267588307,0.23581950154709808,0.19062524582747006,0.14352632566386422,0.09499333789771887,0.045511208099923935,-0.004425654645201938,-0.05431829771203988,-0.10366821030337939,-0.15198230440552352,-0.19877784156071646,-0.24358725623025476,-0.2859628275547819,-0.32548115283312345,-0.3617473780221225,-0.39439914298770823,-0.4231102020875853,-0.4475936839098409,-0.46760495759726944,-0.4829440771180352,-0.49345777906032434,-0.49904101398969813,-0.4996379960683138,-0.49524276044857823,-0.48589922287193166,-0.47170074087727776,-0.45278918100331195,-0.42935350130496475,-0.40162786334697737,-0.3698892925389467,-0.33445491018901213,-0.2956787649325622,-0.25394829519531104,-0.20968045803661567,-0.16331756305236111,-0.11532285296369783,-0.06617587504888651,-0.01636768966542266,0.03360403626273746,0.08324000176857962,0.1320442606922347,0.17952917701108415,0.22522029713769465,0.26866109050323594,0.30941751106001963,0.347082334126121,0.38127922523980134,0.4116665003690408,0.4379405399054455,0.4598388223310099,0.47714254724634847,0.4896788215519585,0.49732238693891906,0.49999687142851035,0.49767555245577955,0.49038162387257644,0.4781879642022515,0.4612164084615429,0.4396365308253613,0.4136639502976893,0.38355817631776506,0.34962001582754887,0.3121885677081957,0.27163783461612245,0.2283729860720964,0.18282631014131068,0.13545289415393452,0.08672607762294605,0.037132722792178885,-0.012831649930279744,-0.06266781304821456,-0.11187782009339821,-0.15996998094209905,-0.20646377462027168,-0.2508946505102871,-0.2928186699871488,-0.33181694210648377,-0.36749980902438883,-0.39951073932980796,-0.4275298903885351,-0.4512773041050927,-0.47051570417147676,-0.48505286685359267,-0.4947435416272678,-0.4994909024734747,-0.4992475153319073,-0.4940158120464309,-0.4838480660669026,-0.46884587015013995,-0.44915912127867735,-0.42498452293966404,-0.39656361972864257,-0.3641803839157967,-0.32815837808889387],"text":"Record yourself saying 学生 がくせい student Audio or text response demonstrating proper pronunciation Remember to pronounce both syllables clearly ga-ku-se-i"}]",
    "model": "Xenova/all-MiniLM-L6-v2",
    "version": "2026-09-26T08:49:02.669Z",
    "wordCount": 23,
  },
  "hint": "Remember to pronounce both syllables clearly: ga-ku-se-i",
  "id": "question-audio-1",
  "owner": "mock-user-sub",
  "prompt": "Record yourself saying "学生" (がくせい - student)",
}
[90mstdout[2m | src/components/Editor3/Workbook.stories.jsx[2m > [22m[2mWorkbook With Content
[22m[39mCustomAnswerComponent.question {
  "answer": "Audio or text response demonstrating proper pronunciation of がくせい",
  "answerAudio": [
    "/story-mocks/cinematic-designed-sci-fi-whoosh-transition-nexawave-228295.mp3",
  ],
  "audio": [
    "/story-mocks/cinematic-designed-sci-fi-whoosh-transition-nexawave-228295.mp3",
  ],
  "embedding": {
    "dimensions": 128,
    "embedding": "[{"page":1,"embedding":[-0.375493623385838,-0.34065688277774997,-0.30241641120314205,-0.2611542948133658,-0.21728281103594838,-0.17124030923480626,-0.12348683086831044,-0.0744995129070994,-0.02476782043918371,0.02521134390340561,0.07493860483147617,0.12391710399147991,0.1716574644099477,0.2176826801864466,0.2615328825788482,0.3027699348598005,0.3409818100340678,0.37578670767607414,0.4068368687535527,0.43382205032083365,0.45647262536381383,0.4745622768239473,0.48791025888348777,0.49638320291795357,0.4998964500713346,0.4984148971393996,0.49195334730930806,0.48057636225105826,0.4643976170386202,0.44357876434617555,0.41832781926802803,0.3888970809005464,0.3555806114529912,0.31871129807511944,0.2786575267588307,0.23581950154709808,0.19062524582747006,0.14352632566386422,0.09499333789771887,0.045511208099923935,-0.004425654645201938,-0.05431829771203988,-0.10366821030337939,-0.15198230440552352,-0.19877784156071646,-0.24358725623025476,-0.2859628275547819,-0.32548115283312345,-0.3617473780221225,-0.39439914298770823,-0.4231102020875853,-0.4475936839098409,-0.46760495759726944,-0.4829440771180352,-0.49345777906032434,-0.49904101398969813,-0.4996379960683138,-0.49524276044857823,-0.48589922287193166,-0.47170074087727776,-0.45278918100331195,-0.42935350130496475,-0.40162786334697737,-0.3698892925389467,-0.33445491018901213,-0.2956787649325622,-0.25394829519531104,-0.20968045803661567,-0.16331756305236111,-0.11532285296369783,-0.06617587504888651,-0.01636768966542266,0.03360403626273746,0.08324000176857962,0.1320442606922347,0.17952917701108415,0.22522029713769465,0.26866109050323594,0.30941751106001963,0.347082334126121,0.38127922523980134,0.4116665003690408,0.4379405399054455,0.4598388223310099,0.47714254724634847,0.4896788215519585,0.49732238693891906,0.49999687142851035,0.49767555245577955,0.49038162387257644,0.4781879642022515,0.4612164084615429,0.4396365308253613,0.4136639502976893,0.38355817631776506,0.34962001582754887,0.3121885677081957,0.27163783461612245,0.2283729860720964,0.18282631014131068,0.13545289415393452,0.08672607762294605,0.037132722792178885,-0.012831649930279744,-0.06266781304821456,-0.11187782009339821,-0.15996998094209905,-0.20646377462027168,-0.2508946505102871,-0.2928186699871488,-0.33181694210648377,-0.36749980902438883,-0.39951073932980796,-0.4275298903885351,-0.4512773041050927,-0.47051570417147676,-0.48505286685359267,-0.4947435416272678,-0.4994909024734747,-0.4992475153319073,-0.4940158120464309,-0.4838480660669026,-0.46884587015013995,-0.44915912127867735,-0.42498452293966404,-0.39656361972864257,-0.3641803839157967,-0.32815837808889387],"text":"Record yourself saying 学生 がくせい student Audio or text response demonstrating proper pronunciation Remember to pronounce both syllables clearly ga-ku-se-i"}]",
    "model": "Xenova/all-MiniLM-L6-v2",
    "version": "2026-09-26T08:49:02.669Z",
    "wordCount": 23,
  },
  "hint": "Remember to pronounce both syllables clearly: ga-ku-se-i",
  "id": "question-audio-1",
  "owner": "mock-user-sub",
  "prompt": "Record yourself saying "学生" (がくせい - student)",
}
[90mstdout[2m | src/components/Editor3/Workbook.stories.jsx[2m > [22m[2mWorkbook With Content
[22m[39mCustomAnswerComponent.prompt Record yourself saying "学生" (がくせい - student)
[90mstdout[2m | src/components/Editor3/Workbook.stories.jsx[2m > [22m[2mWorkbook With Content
[22m[39mCustomAnswerComponent.feedback[questionID] undefined
[90mstdout[2m | src/components/Editor3/Workbook.stories.jsx[2m > [22m[2mWorkbook With Content
[22m[39mCustomAnswerComponent.isCompleted undefined
[90mstdout[2m | src/components/Editor3/Workbook.stories.jsx[2m > [22m[2mWorkbook With Content
[22m[39mCustomAnswerComponent.currentPromptMethod text
[90mstdout[2m | src/components/Editor3/Workbook.stories.jsx[2m > [22m[2mWorkbook With Content
[22m[39mCustomAnswerComponent.displayPrompt Record yourself saying "学生" (がくせい - student)
[90mstdout[2m | src/components/Editor3/Workbook.stories.jsx[2m > [22m[2mWorkbook With Content
[22m[39m[useWorkbookCollaboration] Initializing for grade grade-content-1
[90mstdout[2m | src/components/Editor3/Workbook.stories.jsx[2m > [22m[2mWorkbook With Content
[22m[39m[WorkbookCollaboration] Loaded 0 blocks from Grade.data
[90mstdout[2m | src/components/Editor3/Workbook.stories.jsx[2m > [22m[2mWorkbook With Content
[22m[39m[FilesContext] Vector store population triggered {
  "currentVectorStoreSize": 3,
  "documentsCount": 1,
  "filesCount": 1,
  "isInitialLoad": true,
}
[90mstdout[2m | src/components/Editor3/Workbook.stories.jsx[2m > [22m[2mWorkbook With Content
[22m[39m[FilesContext] Vector store population complete - 3 total embeddings
[90mstdout[2m | src/components/Editor3/Workbook.stories.jsx[2m > [22m[2mWorkbook With Content
[22m[39m[ChatContext] No current chat available, will create one
[90mstdout[2m | src/components/Editor3/Workbook.stories.jsx[2m > [22m[2mWorkbook With Content
[22m[39m[ChatContext] Creating AssistantChat with user: undefined
[90mstdout[2m | src/components/Editor3/Workbook.stories.jsx[2m > [22m[2mWorkbook With Content
[22m[39m[Mock Data] AssistantChat created: mock-assistantchat-1790416142981 - notified 1 subscribers
[90mstdout[2m | src/components/Editor3/Workbook.stories.jsx[2m > [22m[2mWorkbook With Content
[22m[39mQuestionBlockRo.grade {
  "_version": 1,
  "accuracy": 0,
  "complete": false,
  "data": {},
  "id": "grade-content-1",
  "owner": "mock-user-sub",
  "percentComplete": 0,
  "timerStarted": false,
  "unitID": "workbook-with-content-id",
  "unitVersion": 1,
}
[90mstdout[2m | src/components/Editor3/Workbook.stories.jsx[2m > [22m[2mWorkbook With Content
[22m[39m......!q {
  "answer": "Hello",
  "correct": true,
  "id": "sample-quiz-q1",
}
[90mstdout[2m | src/components/Editor3/Workbook.stories.jsx[2m > [22m[2mWorkbook With Content
[22m[39m......!q {
  "answer": "Goodbye",
  "correct": false,
  "id": "sample-quiz-q2",
}
[90mstdout[2m | src/components/Editor3/Workbook.stories.jsx[2m > [22m[2mWorkbook With Content
[22m[39m......!q {
  "answer": "Thank you",
  "correct": false,
  "id": "sample-quiz-q3",
}
[90mstdout[2m | src/components/Editor3/Workbook.stories.jsx[2m > [22m[2mWorkbook With Content
[22m[39m......!q {
  "answer": "Good morning",
  "correct": false,
  "id": "sample-quiz-q4",
}
[90mstdout[2m | src/components/Editor3/Workbook.stories.jsx[2m > [22m[2mWorkbook With Content
[22m[39mQuestionBlock.nodeKey 29 type: string
[90mstdout[2m | src/components/Editor3/Workbook.stories.jsx[2m > [22m[2mWorkbook With Content
[22m[39mQuestionBlock.questionContent [
  {
    "answer": "Hello",
    "correct": true,
    "id": "sample-quiz-q1",
  },
  {
    "answer": "Goodbye",
    "correct": false,
    "id": "sample-quiz-q2",
  },
  {
    "answer": "Thank you",
    "correct": false,
    "id": "sample-quiz-q3",
  },
  {
    "answer": "Good morning",
    "correct": false,
    "id": "sample-quiz-q4",
  },
]
[90mstdout[2m | src/components/Editor3/Workbook.stories.jsx[2m > [22m[2mWorkbook With Content
[22m[39mQuestionBlock.grade.data keys: []
[90mstdout[2m | src/components/Editor3/Workbook.stories.jsx[2m > [22m[2mWorkbook With Content
[22m[39mQuestionBlock.grade.data[nodeKey]: undefined
[90mstdout[2m | src/components/Editor3/Workbook.stories.jsx[2m > [22m[2mWorkbook With Content
[22m[39mQuestionBlockRo.inProgress {}
[90mstdout[2m | src/components/Editor3/Workbook.stories.jsx[2m > [22m[2mWorkbook With Content
[22m[39mQuestionBlockRo.grade {
  "_version": 1,
  "accuracy": 0,
  "complete": false,
  "data": {},
  "id": "grade-content-1",
  "owner": "mock-user-sub",
  "percentComplete": 0,
  "timerStarted": false,
  "unitID": "workbook-with-content-id",
  "unitVersion": 1,
}
[90mstdout[2m | src/components/Editor3/Workbook.stories.jsx[2m > [22m[2mWorkbook With Content
[22m[39m......!q {
  "answer": "今晩は (こんばんは)",
  "correct": true,
  "id": "sample-quiz-q5",
}
[90mstdout[2m | src/components/Editor3/Workbook.stories.jsx[2m > [22m[2mWorkbook With Content
[22m[39m......!q {
  "answer": "おはよう",
  "correct": false,
  "id": "sample-quiz-q6",
}
[90mstdout[2m | src/components/Editor3/Workbook.stories.jsx[2m > [22m[2mWorkbook With Content
[22m[39m......!q {
  "answer": "今日は (こんにちは)",
  "correct": false,
  "id": "sample-quiz-q7",
}
[90mstdout[2m | src/components/Editor3/Workbook.stories.jsx[2m > [22m[2mWorkbook With Content
[22m[39m......!q {
  "answer": "さようなら",
  "correct": false,
  "id": "sample-quiz-q8",
}
[90mstdout[2m | src/components/Editor3/Workbook.stories.jsx[2m > [22m[2mWorkbook With Content
[22m[39mQuestionBlock.nodeKey 32 type: string
[90mstdout[2m | src/components/Editor3/Workbook.stories.jsx[2m > [22m[2mWorkbook With Content
[22m[39mQuestionBlock.questionContent [
  {
    "answer": "今晩は (こんばんは)",
    "correct": true,
    "id": "sample-quiz-q5",
  },
  {
    "answer": "おはよう",
    "correct": false,
    "id": "sample-quiz-q6",
  },
  {
    "answer": "今日は (こんにちは)",
    "correct": false,
    "id": "sample-quiz-q7",
  },
  {
    "answer": "さようなら",
    "correct": false,
    "id": "sample-quiz-q8",
  },
]
[90mstdout[2m | src/components/Editor3/Workbook.stories.jsx[2m > [22m[2mWorkbook With Content
[22m[39mQuestionBlock.grade.data keys: []
[90mstdout[2m | src/components/Editor3/Workbook.stories.jsx[2m > [22m[2mWorkbook With Content
[22m[39mQuestionBlock.grade.data[nodeKey]: undefined
[90mstdout[2m | src/components/Editor3/Workbook.stories.jsx[2m > [22m[2mWorkbook With Content
[22m[39mQuestionBlockRo.inProgress {}
[90mstdout[2m | src/components/Editor3/Workbook.stories.jsx[2m > [22m[2mWorkbook With Content
[22m[39mCustomAnswerComponent.questionID question-audio-1
[90mstdout[2m | src/components/Editor3/Workbook.stories.jsx[2m > [22m[2mWorkbook With Content
[22m[39mCustomAnswerComponent.questionBank {
  "question-audio-1": {
    "answer": "Audio or text response demonstrating proper pronunciation of がくせい",
    "answerAudio": [Array],
    "audio": [Array],
    "embedding": [Object],
    "hint": "Remember to pronounce both syllables clearly: ga-ku-se-i",
    "id": "question-audio-1",
    "owner": "mock-user-sub",
    "prompt": "Record yourself saying "学生" (がくせい - student)",
  },
  "sample-quiz-q1": {
    "answer": "Hello",
    "audio": [Array],
    "embedding": [Object],
    "hint": "A common greeting used during the day",
    "id": "sample-quiz-q1",
    "owner": "mock-user-sub",
    "prompt": "What does 今日は (こんにちは) mean?",
  },
  "sample-quiz-q2": {
    "answer": "Goodbye",
    "embedding": [Object],
    "hint": "This is incorrect",
    "id": "sample-quiz-q2",
    "owner": "mock-user-sub",
    "prompt": "What does 今日は (こんにちは) mean?",
  },
  "sample-quiz-q3": {
    "answer": "Thank you",
    "embedding": [Object],
    "hint": "This is incorrect",
    "id": "sample-quiz-q3",
    "owner": "mock-user-sub",
    "prompt": "What does 今日は (こんにちは) mean?",
  },
  "sample-quiz-q4": {
    "answer": "Good morning",
    "embedding": [Object],
    "hint": "This is incorrect - though also a greeting",
    "id": "sample-quiz-q4",
    "owner": "mock-user-sub",
    "prompt": "What does 今日は (こんにちは) mean?",
  },
  "sample-quiz-q5": {
    "answer": "今晩は (こんばんは)",
    "audio": [Array],
    "embedding": [Object],
    "hint": "Said when greeting someone in the evening",
    "id": "sample-quiz-q5",
    "owner": "mock-user-sub",
    "prompt": "How do you say "Good evening" in Japanese?",
  },
  "sample-quiz-q6": {
    "answer": "おはよう",
    "embedding": [Object],
    "hint": "This is incorrect - this means good morning",
    "id": "sample-quiz-q6",
    "owner": "mock-user-sub",
    "prompt": "How do you say "Good evening" in Japanese?",
  },
  "sample-quiz-q7": {
    "answer": "今日は (こんにちは)",
    "embedding": [Object],
    "hint": "This is incorrect - this is used during the day",
    "id": "sample-quiz-q7",
    "owner": "mock-user-sub",
    "prompt": "How do you say "Good evening" in Japanese?",
  },
  "sample-quiz-q8": {
    "answer": "さようなら",
    "embedding": [Object],
    "hint": "This is incorrect - this means goodbye",
    "id": "sample-quiz-q8",
    "owner": "mock-user-sub",
    "prompt": "How do you say "Good evening" in Japanese?",
  },
}
[90mstdout[2m | src/components/Editor3/Workbook.stories.jsx[2m > [22m[2mWorkbook With Content
[22m[39mCustomAnswerComponent.question {
  "answer": "Audio or text response demonstrating proper pronunciation of がくせい",
  "answerAudio": [
    "/story-mocks/cinematic-designed-sci-fi-whoosh-transition-nexawave-228295.mp3",
  ],
  "audio": [
    "/story-mocks/cinematic-designed-sci-fi-whoosh-transition-nexawave-228295.mp3",
  ],
  "embedding": {
    "dimensions": 128,
    "embedding": "[{"page":1,"embedding":[-0.375493623385838,-0.34065688277774997,-0.30241641120314205,-0.2611542948133658,-0.21728281103594838,-0.17124030923480626,-0.12348683086831044,-0.0744995129070994,-0.02476782043918371,0.02521134390340561,0.07493860483147617,0.12391710399147991,0.1716574644099477,0.2176826801864466,0.2615328825788482,0.3027699348598005,0.3409818100340678,0.37578670767607414,0.4068368687535527,0.43382205032083365,0.45647262536381383,0.4745622768239473,0.48791025888348777,0.49638320291795357,0.4998964500713346,0.4984148971393996,0.49195334730930806,0.48057636225105826,0.4643976170386202,0.44357876434617555,0.41832781926802803,0.3888970809005464,0.3555806114529912,0.31871129807511944,0.2786575267588307,0.23581950154709808,0.19062524582747006,0.14352632566386422,0.09499333789771887,0.045511208099923935,-0.004425654645201938,-0.05431829771203988,-0.10366821030337939,-0.15198230440552352,-0.19877784156071646,-0.24358725623025476,-0.2859628275547819,-0.32548115283312345,-0.3617473780221225,-0.39439914298770823,-0.4231102020875853,-0.4475936839098409,-0.46760495759726944,-0.4829440771180352,-0.49345777906032434,-0.49904101398969813,-0.4996379960683138,-0.49524276044857823,-0.48589922287193166,-0.47170074087727776,-0.45278918100331195,-0.42935350130496475,-0.40162786334697737,-0.3698892925389467,-0.33445491018901213,-0.2956787649325622,-0.25394829519531104,-0.20968045803661567,-0.16331756305236111,-0.11532285296369783,-0.06617587504888651,-0.01636768966542266,0.03360403626273746,0.08324000176857962,0.1320442606922347,0.17952917701108415,0.22522029713769465,0.26866109050323594,0.30941751106001963,0.347082334126121,0.38127922523980134,0.4116665003690408,0.4379405399054455,0.4598388223310099,0.47714254724634847,0.4896788215519585,0.49732238693891906,0.49999687142851035,0.49767555245577955,0.49038162387257644,0.4781879642022515,0.4612164084615429,0.4396365308253613,0.4136639502976893,0.38355817631776506,0.34962001582754887,0.3121885677081957,0.27163783461612245,0.2283729860720964,0.18282631014131068,0.13545289415393452,0.08672607762294605,0.037132722792178885,-0.012831649930279744,-0.06266781304821456,-0.11187782009339821,-0.15996998094209905,-0.20646377462027168,-0.2508946505102871,-0.2928186699871488,-0.33181694210648377,-0.36749980902438883,-0.39951073932980796,-0.4275298903885351,-0.4512773041050927,-0.47051570417147676,-0.48505286685359267,-0.4947435416272678,-0.4994909024734747,-0.4992475153319073,-0.4940158120464309,-0.4838480660669026,-0.46884587015013995,-0.44915912127867735,-0.42498452293966404,-0.39656361972864257,-0.3641803839157967,-0.32815837808889387],"text":"Record yourself saying 学生 がくせい student Audio or text response demonstrating proper pronunciation Remember to pronounce both syllables clearly ga-ku-se-i"}]",
    "model": "Xenova/all-MiniLM-L6-v2",
    "version": "2026-09-26T08:49:02.669Z",
    "wordCount": 23,
  },
  "hint": "Remember to pronounce both syllables clearly: ga-ku-se-i",
  "id": "question-audio-1",
  "owner": "mock-user-sub",
  "prompt": "Record yourself saying "学生" (がくせい - student)",
}
[90mstdout[2m | src/components/Editor3/Workbook.stories.jsx[2m > [22m[2mWorkbook With Content
[22m[39mCustomAnswerComponent.question {
  "answer": "Audio or text response demonstrating proper pronunciation of がくせい",
  "answerAudio": [
    "/story-mocks/cinematic-designed-sci-fi-whoosh-transition-nexawave-228295.mp3",
  ],
  "audio": [
    "/story-mocks/cinematic-designed-sci-fi-whoosh-transition-nexawave-228295.mp3",
  ],
  "embedding": {
    "dimensions": 128,
    "embedding": "[{"page":1,"embedding":[-0.375493623385838,-0.34065688277774997,-0.30241641120314205,-0.2611542948133658,-0.21728281103594838,-0.17124030923480626,-0.12348683086831044,-0.0744995129070994,-0.02476782043918371,0.02521134390340561,0.07493860483147617,0.12391710399147991,0.1716574644099477,0.2176826801864466,0.2615328825788482,0.3027699348598005,0.3409818100340678,0.37578670767607414,0.4068368687535527,0.43382205032083365,0.45647262536381383,0.4745622768239473,0.48791025888348777,0.49638320291795357,0.4998964500713346,0.4984148971393996,0.49195334730930806,0.48057636225105826,0.4643976170386202,0.44357876434617555,0.41832781926802803,0.3888970809005464,0.3555806114529912,0.31871129807511944,0.2786575267588307,0.23581950154709808,0.19062524582747006,0.14352632566386422,0.09499333789771887,0.045511208099923935,-0.004425654645201938,-0.05431829771203988,-0.10366821030337939,-0.15198230440552352,-0.19877784156071646,-0.24358725623025476,-0.2859628275547819,-0.32548115283312345,-0.3617473780221225,-0.39439914298770823,-0.4231102020875853,-0.4475936839098409,-0.46760495759726944,-0.4829440771180352,-0.49345777906032434,-0.49904101398969813,-0.4996379960683138,-0.49524276044857823,-0.48589922287193166,-0.47170074087727776,-0.45278918100331195,-0.42935350130496475,-0.40162786334697737,-0.3698892925389467,-0.33445491018901213,-0.2956787649325622,-0.25394829519531104,-0.20968045803661567,-0.16331756305236111,-0.11532285296369783,-0.06617587504888651,-0.01636768966542266,0.03360403626273746,0.08324000176857962,0.1320442606922347,0.17952917701108415,0.22522029713769465,0.26866109050323594,0.30941751106001963,0.347082334126121,0.38127922523980134,0.4116665003690408,0.4379405399054455,0.4598388223310099,0.47714254724634847,0.4896788215519585,0.49732238693891906,0.49999687142851035,0.49767555245577955,0.49038162387257644,0.4781879642022515,0.4612164084615429,0.4396365308253613,0.4136639502976893,0.38355817631776506,0.34962001582754887,0.3121885677081957,0.27163783461612245,0.2283729860720964,0.18282631014131068,0.13545289415393452,0.08672607762294605,0.037132722792178885,-0.012831649930279744,-0.06266781304821456,-0.11187782009339821,-0.15996998094209905,-0.20646377462027168,-0.2508946505102871,-0.2928186699871488,-0.33181694210648377,-0.36749980902438883,-0.39951073932980796,-0.4275298903885351,-0.4512773041050927,-0.47051570417147676,-0.48505286685359267,-0.4947435416272678,-0.4994909024734747,-0.4992475153319073,-0.4940158120464309,-0.4838480660669026,-0.46884587015013995,-0.44915912127867735,-0.42498452293966404,-0.39656361972864257,-0.3641803839157967,-0.32815837808889387],"text":"Record yourself saying 学生 がくせい student Audio or text response demonstrating proper pronunciation Remember to pronounce both syllables clearly ga-ku-se-i"}]",
    "model": "Xenova/all-MiniLM-L6-v2",
    "version": "2026-09-26T08:49:02.669Z",
    "wordCount": 23,
  },
  "hint": "Remember to pronounce both syllables clearly: ga-ku-se-i",
  "id": "question-audio-1",
  "owner": "mock-user-sub",
  "prompt": "Record yourself saying "学生" (がくせい - student)",
}
[90mstdout[2m | src/components/Editor3/Workbook.stories.jsx[2m > [22m[2mWorkbook With Content
[22m[39mCustomAnswerComponent.prompt Record yourself saying "学生" (がくせい - student)
[90mstdout[2m | src/components/Editor3/Workbook.stories.jsx[2m > [22m[2mWorkbook With Content
[22m[39mCustomAnswerComponent.feedback[questionID] undefined
[90mstdout[2m | src/components/Editor3/Workbook.stories.jsx[2m > [22m[2mWorkbook With Content
[22m[39mCustomAnswerComponent.isCompleted undefined
[90mstdout[2m | src/components/Editor3/Workbook.stories.jsx[2m > [22m[2mWorkbook With Content
[22m[39mCustomAnswerComponent.currentPromptMethod text
[90mstdout[2m | src/components/Editor3/Workbook.stories.jsx[2m > [22m[2mWorkbook With Content
[22m[39mCustomAnswerComponent.displayPrompt Record yourself saying "学生" (がくせい - student)
[90mstdout[2m | src/components/Editor3/Workbook.stories.jsx[2m > [22m[2mWorkbook With Content
[22m[39m[ChatContext] Create result: {
  "data": {
    "_version": 1,
    "archived": false,
    "chatFiles": [Function anonymous],
    "createdAt": "2026-09-26T09:49:02.981Z",
    "id": "mock-assistantchat-1790416142981",
    "model": "gpt-4",
    "updatedAt": "2026-09-26T09:49:02.981Z",
  },
  "errors": [],
  "hasData": true,
  "hasErrors": true,
}
[90mstdout[2m | src/components/Editor3/Workbook.stories.jsx[2m > [22m[2mWorkbook With Content
[22m[39m[ChatContext] Created AssistantChat: mock-assistantchat-1790416142981 at: 2026-09-26T09:49:02.981Z
[90mstdout[2m | src/components/Editor3/Workbook.stories.jsx[2m > [22m[2mWorkbook With Content
[22m[39m[Mock Storage] downloadData called with: undefined
[90mstdout[2m | src/components/Editor3/Workbook.stories.jsx[2m > [22m[2mWorkbook With Content
[22m[39m[YjsProvider] workbook-grade-content-1 connection status: connected
[90mstdout[2m | src/components/Editor3/Workbook.stories.jsx[2m > [22m[2mWorkbook With Content
[22m[39m[YjsProvider] workbook-grade-content-1 synced with server
[90mstdout[2m | src/components/Editor3/Workbook.stories.jsx[2m > [22m[2mWorkbook With Content
[22m[39m[ChatContext] Setting initial chat: mock-assistantchat-1790416142981
[90mstdout[2m | src/components/Editor3/Workbook.stories.jsx[2m > [22m[2mWorkbook With Content
[22m[39mQuestionBlockRo.grade {
  "_version": 1,
  "accuracy": 0,
  "complete": false,
  "data": {},
  "id": "grade-content-1",
  "owner": "mock-user-sub",
  "percentComplete": 0,
  "timerStarted": false,
  "unitID": "workbook-with-content-id",
  "unitVersion": 1,
}
[90mstdout[2m | src/components/Editor3/Workbook.stories.jsx[2m > [22m[2mWorkbook With Content
[22m[39m......!q {
  "answer": "Hello",
  "correct": true,
  "id": "sample-quiz-q1",
}
[90mstdout[2m | src/components/Editor3/Workbook.stories.jsx[2m > [22m[2mWorkbook With Content
[22m[39m......!q {
  "answer": "Goodbye",
  "correct": false,
  "id": "sample-quiz-q2",
}
[90mstdout[2m | src/components/Editor3/Workbook.stories.jsx[2m > [22m[2mWorkbook With Content
[22m[39m......!q {
  "answer": "Thank you",
  "correct": false,
  "id": "sample-quiz-q3",
}
[90mstdout[2m | src/components/Editor3/Workbook.stories.jsx[2m > [22m[2mWorkbook With Content
[22m[39m......!q {
  "answer": "Good morning",
  "correct": false,
  "id": "sample-quiz-q4",
}
[90mstdout[2m | src/components/Editor3/Workbook.stories.jsx[2m > [22m[2mWorkbook With Content
[22m[39mQuestionBlock.nodeKey 29 type: string
[90mstdout[2m | src/components/Editor3/Workbook.stories.jsx[2m > [22m[2mWorkbook With Content
[22m[39mQuestionBlock.questionContent [
  {
    "answer": "Hello",
    "correct": true,
    "id": "sample-quiz-q1",
  },
  {
    "answer": "Goodbye",
    "correct": false,
    "id": "sample-quiz-q2",
  },
  {
    "answer": "Thank you",
    "correct": false,
    "id": "sample-quiz-q3",
  },
  {
    "answer": "Good morning",
    "correct": false,
    "id": "sample-quiz-q4",
  },
]
[90mstdout[2m | src/components/Editor3/Workbook.stories.jsx[2m > [22m[2mWorkbook With Content
[22m[39mQuestionBlock.grade.data keys: []
[90mstdout[2m | src/components/Editor3/Workbook.stories.jsx[2m > [22m[2mWorkbook With Content
[22m[39mQuestionBlock.grade.data[nodeKey]: undefined
[90mstdout[2m | src/components/Editor3/Workbook.stories.jsx[2m > [22m[2mWorkbook With Content
[22m[39mQuestionBlockRo.inProgress {}
[90mstdout[2m | src/components/Editor3/Workbook.stories.jsx[2m > [22m[2mWorkbook With Content
[22m[39mQuestionBlockRo.grade {
  "_version": 1,
  "accuracy": 0,
  "complete": false,
  "data": {},
  "id": "grade-content-1",
  "owner": "mock-user-sub",
  "percentComplete": 0,
  "timerStarted": false,
  "unitID": "workbook-with-content-id",
  "unitVersion": 1,
}
[90mstdout[2m | src/components/Editor3/Workbook.stories.jsx[2m > [22m[2mWorkbook With Content
[22m[39m......!q {
  "answer": "今晩は (こんばんは)",
  "correct": true,
  "id": "sample-quiz-q5",
}
[90mstdout[2m | src/components/Editor3/Workbook.stories.jsx[2m > [22m[2mWorkbook With Content
[22m[39m......!q {
  "answer": "おはよう",
  "correct": false,
  "id": "sample-quiz-q6",
}
[90mstdout[2m | src/components/Editor3/Workbook.stories.jsx[2m > [22m[2mWorkbook With Content
[22m[39m......!q {
  "answer": "今日は (こんにちは)",
  "correct": false,
  "id": "sample-quiz-q7",
}
[90mstdout[2m | src/components/Editor3/Workbook.stories.jsx[2m > [22m[2mWorkbook With Content
[22m[39m......!q {
  "answer": "さようなら",
  "correct": false,
  "id": "sample-quiz-q8",
}
[90mstdout[2m | src/components/Editor3/Workbook.stories.jsx[2m > [22m[2mWorkbook With Content
[22m[39mQuestionBlock.nodeKey 32 type: string
[90mstdout[2m | src/components/Editor3/Workbook.stories.jsx[2m > [22m[2mWorkbook With Content
[22m[39mQuestionBlock.questionContent [
  {
    "answer": "今晩は (こんばんは)",
    "correct": true,
    "id": "sample-quiz-q5",
  },
  {
    "answer": "おはよう",
    "correct": false,
    "id": "sample-quiz-q6",
  },
  {
    "answer": "今日は (こんにちは)",
    "correct": false,
    "id": "sample-quiz-q7",
  },
  {
    "answer": "さようなら",
    "correct": false,
    "id": "sample-quiz-q8",
  },
]
[90mstdout[2m | src/components/Editor3/Workbook.stories.jsx[2m > [22m[2mWorkbook With Content
[22m[39mQuestionBlock.grade.data keys: []
[90mstdout[2m | src/components/Editor3/Workbook.stories.jsx[2m > [22m[2mWorkbook With Content
[22m[39mQuestionBlock.grade.data[nodeKey]: undefined
[90mstdout[2m | src/components/Editor3/Workbook.stories.jsx[2m > [22m[2mWorkbook With Content
[22m[39mQuestionBlockRo.inProgress {}
[90mstdout[2m | src/components/Editor3/Workbook.stories.jsx[2m > [22m[2mWorkbook With Content
[22m[39mCustomAnswerComponent.questionID question-audio-1
[90mstdout[2m | src/components/Editor3/Workbook.stories.jsx[2m > [22m[2mWorkbook With Content
[22m[39mCustomAnswerComponent.questionBank {
  "question-audio-1": {
    "answer": "Audio or text response demonstrating proper pronunciation of がくせい",
    "answerAudio": [Array],
    "audio": [Array],
    "embedding": [Object],
    "hint": "Remember to pronounce both syllables clearly: ga-ku-se-i",
    "id": "question-audio-1",
    "owner": "mock-user-sub",
    "prompt": "Record yourself saying "学生" (がくせい - student)",
  },
  "sample-quiz-q1": {
    "answer": "Hello",
    "audio": [Array],
    "embedding": [Object],
    "hint": "A common greeting used during the day",
    "id": "sample-quiz-q1",
    "owner": "mock-user-sub",
    "prompt": "What does 今日は (こんにちは) mean?",
  },
  "sample-quiz-q2": {
    "answer": "Goodbye",
    "embedding": [Object],
    "hint": "This is incorrect",
    "id": "sample-quiz-q2",
    "owner": "mock-user-sub",
    "prompt": "What does 今日は (こんにちは) mean?",
  },
  "sample-quiz-q3": {
    "answer": "Thank you",
    "embedding": [Object],
    "hint": "This is incorrect",
    "id": "sample-quiz-q3",
    "owner": "mock-user-sub",
    "prompt": "What does 今日は (こんにちは) mean?",
  },
  "sample-quiz-q4": {
    "answer": "Good morning",
    "embedding": [Object],
    "hint": "This is incorrect - though also a greeting",
    "id": "sample-quiz-q4",
    "owner": "mock-user-sub",
    "prompt": "What does 今日は (こんにちは) mean?",
  },
  "sample-quiz-q5": {
    "answer": "今晩は (こんばんは)",
    "audio": [Array],
    "embedding": [Object],
    "hint": "Said when greeting someone in the evening",
    "id": "sample-quiz-q5",
    "owner": "mock-user-sub",
    "prompt": "How do you say "Good evening" in Japanese?",
  },
  "sample-quiz-q6": {
    "answer": "おはよう",
    "embedding": [Object],
    "hint": "This is incorrect - this means good morning",
    "id": "sample-quiz-q6",
    "owner": "mock-user-sub",
    "prompt": "How do you say "Good evening" in Japanese?",
  },
  "sample-quiz-q7": {
    "answer": "今日は (こんにちは)",
    "embedding": [Object],
    "hint": "This is incorrect - this is used during the day",
    "id": "sample-quiz-q7",
    "owner": "mock-user-sub",
    "prompt": "How do you say "Good evening" in Japanese?",
  },
  "sample-quiz-q8": {
    "answer": "さようなら",
    "embedding": [Object],
    "hint": "This is incorrect - this means goodbye",
    "id": "sample-quiz-q8",
    "owner": "mock-user-sub",
    "prompt": "How do you say "Good evening" in Japanese?",
  },
}
[90mstdout[2m | src/components/Editor3/Workbook.stories.jsx[2m > [22m[2mWorkbook With Content
[22m[39mCustomAnswerComponent.question {
  "answer": "Audio or text response demonstrating proper pronunciation of がくせい",
  "answerAudio": [
    "/story-mocks/cinematic-designed-sci-fi-whoosh-transition-nexawave-228295.mp3",
  ],
  "audio": [
    "/story-mocks/cinematic-designed-sci-fi-whoosh-transition-nexawave-228295.mp3",
  ],
  "embedding": {
    "dimensions": 128,
    "embedding": "[{"page":1,"embedding":[-0.375493623385838,-0.34065688277774997,-0.30241641120314205,-0.2611542948133658,-0.21728281103594838,-0.17124030923480626,-0.12348683086831044,-0.0744995129070994,-0.02476782043918371,0.02521134390340561,0.07493860483147617,0.12391710399147991,0.1716574644099477,0.2176826801864466,0.2615328825788482,0.3027699348598005,0.3409818100340678,0.37578670767607414,0.4068368687535527,0.43382205032083365,0.45647262536381383,0.4745622768239473,0.48791025888348777,0.49638320291795357,0.4998964500713346,0.4984148971393996,0.49195334730930806,0.48057636225105826,0.4643976170386202,0.44357876434617555,0.41832781926802803,0.3888970809005464,0.3555806114529912,0.31871129807511944,0.2786575267588307,0.23581950154709808,0.19062524582747006,0.14352632566386422,0.09499333789771887,0.045511208099923935,-0.004425654645201938,-0.05431829771203988,-0.10366821030337939,-0.15198230440552352,-0.19877784156071646,-0.24358725623025476,-0.2859628275547819,-0.32548115283312345,-0.3617473780221225,-0.39439914298770823,-0.4231102020875853,-0.4475936839098409,-0.46760495759726944,-0.4829440771180352,-0.49345777906032434,-0.49904101398969813,-0.4996379960683138,-0.49524276044857823,-0.48589922287193166,-0.47170074087727776,-0.45278918100331195,-0.42935350130496475,-0.40162786334697737,-0.3698892925389467,-0.33445491018901213,-0.2956787649325622,-0.25394829519531104,-0.20968045803661567,-0.16331756305236111,-0.11532285296369783,-0.06617587504888651,-0.01636768966542266,0.03360403626273746,0.08324000176857962,0.1320442606922347,0.17952917701108415,0.22522029713769465,0.26866109050323594,0.30941751106001963,0.347082334126121,0.38127922523980134,0.4116665003690408,0.4379405399054455,0.4598388223310099,0.47714254724634847,0.4896788215519585,0.49732238693891906,0.49999687142851035,0.49767555245577955,0.49038162387257644,0.4781879642022515,0.4612164084615429,0.4396365308253613,0.4136639502976893,0.38355817631776506,0.34962001582754887,0.3121885677081957,0.27163783461612245,0.2283729860720964,0.18282631014131068,0.13545289415393452,0.08672607762294605,0.037132722792178885,-0.012831649930279744,-0.06266781304821456,-0.11187782009339821,-0.15996998094209905,-0.20646377462027168,-0.2508946505102871,-0.2928186699871488,-0.33181694210648377,-0.36749980902438883,-0.39951073932980796,-0.4275298903885351,-0.4512773041050927,-0.47051570417147676,-0.48505286685359267,-0.4947435416272678,-0.4994909024734747,-0.4992475153319073,-0.4940158120464309,-0.4838480660669026,-0.46884587015013995,-0.44915912127867735,-0.42498452293966404,-0.39656361972864257,-0.3641803839157967,-0.32815837808889387],"text":"Record yourself saying 学生 がくせい student Audio or text response demonstrating proper pronunciation Remember to pronounce both syllables clearly ga-ku-se-i"}]",
    "model": "Xenova/all-MiniLM-L6-v2",
    "version": "2026-09-26T08:49:02.669Z",
    "wordCount": 23,
  },
  "hint": "Remember to pronounce both syllables clearly: ga-ku-se-i",
  "id": "question-audio-1",
  "owner": "mock-user-sub",
  "prompt": "Record yourself saying "学生" (がくせい - student)",
}
[90mstdout[2m | src/components/Editor3/Workbook.stories.jsx[2m > [22m[2mWorkbook With Content
[22m[39mCustomAnswerComponent.question {
  "answer": "Audio or text response demonstrating proper pronunciation of がくせい",
  "answerAudio": [
    "/story-mocks/cinematic-designed-sci-fi-whoosh-transition-nexawave-228295.mp3",
  ],
  "audio": [
    "/story-mocks/cinematic-designed-sci-fi-whoosh-transition-nexawave-228295.mp3",
  ],
  "embedding": {
    "dimensions": 128,
    "embedding": "[{"page":1,"embedding":[-0.375493623385838,-0.34065688277774997,-0.30241641120314205,-0.2611542948133658,-0.21728281103594838,-0.17124030923480626,-0.12348683086831044,-0.0744995129070994,-0.02476782043918371,0.02521134390340561,0.07493860483147617,0.12391710399147991,0.1716574644099477,0.2176826801864466,0.2615328825788482,0.3027699348598005,0.3409818100340678,0.37578670767607414,0.4068368687535527,0.43382205032083365,0.45647262536381383,0.4745622768239473,0.48791025888348777,0.49638320291795357,0.4998964500713346,0.4984148971393996,0.49195334730930806,0.48057636225105826,0.4643976170386202,0.44357876434617555,0.41832781926802803,0.3888970809005464,0.3555806114529912,0.31871129807511944,0.2786575267588307,0.23581950154709808,0.19062524582747006,0.14352632566386422,0.09499333789771887,0.045511208099923935,-0.004425654645201938,-0.05431829771203988,-0.10366821030337939,-0.15198230440552352,-0.19877784156071646,-0.24358725623025476,-0.2859628275547819,-0.32548115283312345,-0.3617473780221225,-0.39439914298770823,-0.4231102020875853,-0.4475936839098409,-0.46760495759726944,-0.4829440771180352,-0.49345777906032434,-0.49904101398969813,-0.4996379960683138,-0.49524276044857823,-0.48589922287193166,-0.47170074087727776,-0.45278918100331195,-0.42935350130496475,-0.40162786334697737,-0.3698892925389467,-0.33445491018901213,-0.2956787649325622,-0.25394829519531104,-0.20968045803661567,-0.16331756305236111,-0.11532285296369783,-0.06617587504888651,-0.01636768966542266,0.03360403626273746,0.08324000176857962,0.1320442606922347,0.17952917701108415,0.22522029713769465,0.26866109050323594,0.30941751106001963,0.347082334126121,0.38127922523980134,0.4116665003690408,0.4379405399054455,0.4598388223310099,0.47714254724634847,0.4896788215519585,0.49732238693891906,0.49999687142851035,0.49767555245577955,0.49038162387257644,0.4781879642022515,0.4612164084615429,0.4396365308253613,0.4136639502976893,0.38355817631776506,0.34962001582754887,0.3121885677081957,0.27163783461612245,0.2283729860720964,0.18282631014131068,0.13545289415393452,0.08672607762294605,0.037132722792178885,-0.012831649930279744,-0.06266781304821456,-0.11187782009339821,-0.15996998094209905,-0.20646377462027168,-0.2508946505102871,-0.2928186699871488,-0.33181694210648377,-0.36749980902438883,-0.39951073932980796,-0.4275298903885351,-0.4512773041050927,-0.47051570417147676,-0.48505286685359267,-0.4947435416272678,-0.4994909024734747,-0.4992475153319073,-0.4940158120464309,-0.4838480660669026,-0.46884587015013995,-0.44915912127867735,-0.42498452293966404,-0.39656361972864257,-0.3641803839157967,-0.32815837808889387],"text":"Record yourself saying 学生 がくせい student Audio or text response demonstrating proper pronunciation Remember to pronounce both syllables clearly ga-ku-se-i"}]",
    "model": "Xenova/all-MiniLM-L6-v2",
    "version": "2026-09-26T08:49:02.669Z",
    "wordCount": 23,
  },
  "hint": "Remember to pronounce both syllables clearly: ga-ku-se-i",
  "id": "question-audio-1",
  "owner": "mock-user-sub",
  "prompt": "Record yourself saying "学生" (がくせい - student)",
}
[90mstdout[2m | src/components/Editor3/Workbook.stories.jsx[2m > [22m[2mWorkbook With Content
[22m[39mCustomAnswerComponent.prompt Record yourself saying "学生" (がくせい - student)
[90mstdout[2m | src/components/Editor3/Workbook.stories.jsx[2m > [22m[2mWorkbook With Content
[22m[39mCustomAnswerComponent.feedback[questionID] undefined
[90mstdout[2m | src/components/Editor3/Workbook.stories.jsx[2m > [22m[2mWorkbook With Content
[22m[39mCustomAnswerComponent.isCompleted undefined
[90mstdout[2m | src/components/Editor3/Workbook.stories.jsx[2m > [22m[2mWorkbook With Content
[22m[39mCustomAnswerComponent.currentPromptMethod text
[90mstdout[2m | src/components/Editor3/Workbook.stories.jsx[2m > [22m[2mWorkbook With Content
[22m[39mCustomAnswerComponent.displayPrompt Record yourself saying "学生" (がくせい - student)
[90mstdout[2m | src/components/Editor3/Workbook.stories.jsx[2m > [22m[2mWorkbook With Content
[22m[39m[ChatContext] Chat exists and not archived, skipping creation
[90mstdout[2m | src/components/Editor3/Workbook.stories.jsx[2m > [22m[2mWorkbook With Progress
[22m[39m[ChatContext] Cleaning up subscriptions
[90mstdout[2m | src/components/Editor3/Workbook.stories.jsx[2m > [22m[2mWorkbook With Progress
[22m[39m[Mock Data] Unit.onUpdate() subscription removed. Remaining: 0
[90mstdout[2m | src/components/Editor3/Workbook.stories.jsx[2m > [22m[2mWorkbook With Progress
[22m[39m[Preview] Skipped initializing default mock data (initializeMockData=false)
[90mstdout[2m | src/components/Editor3/Workbook.stories.jsx[2m > [22m[2mWorkbook With Progress
[22m[39m[Mock Data] seedMockUnit: Adding unit workbook-with-progress-id
[90mstdout[2m | src/components/Editor3/Workbook.stories.jsx[2m > [22m[2mWorkbook With Progress
[22m[39m[Mock Data] Seeded grade: grade-progress-1 for unit: workbook-with-progress-id
[90mstdout[2m | src/components/Editor3/Workbook.stories.jsx[2m > [22m[2mWorkbook With Progress
[22m[39m[Mock Data] Grade has data: true
[90mstdout[2m | src/components/Editor3/Workbook.stories.jsx[2m > [22m[2mWorkbook With Progress
[22m[39m[Mock Data] Total grades in store: 1
[90mstdout[2m | src/components/Editor3/Workbook.stories.jsx[2m > [22m[2mWorkbook With Progress
[22m[39m[Mock Data] seedMockWords: Adding 5 words
[90mstdout[2m | src/components/Editor3/Workbook.stories.jsx[2m > [22m[2mWorkbook With Progress
[22m[39m[MOCK CourseVectorStore] Initialized with mock data
[90mstdout[2m | src/components/Editor3/Workbook.stories.jsx[2m > [22m[2mWorkbook With Progress
[22m[39m[TranslationModeController] Setting mode to: off
[90mstdout[2m | src/components/Editor3/Workbook.stories.jsx[2m > [22m[2mWorkbook With Progress
[22m[39m[UnitContext] useEffect triggered {
  "authLoading": false,
  "hasUser": true,
  "id": "workbook-with-progress-id",
  "userSub": "mock-user-sub",
}
[90mstdout[2m | src/components/Editor3/Workbook.stories.jsx[2m > [22m[2mWorkbook With Progress
[22m[39m[UnitContext] Fetching unit data for id: workbook-with-progress-id
[90mstdout[2m | src/components/Editor3/Workbook.stories.jsx[2m > [22m[2mWorkbook With Progress
[22m[39m[FilesContext] Initializing vector store from IndexedDB
[90mstdout[2m | src/components/Editor3/Workbook.stories.jsx[2m > [22m[2mWorkbook With Progress
[22m[39m[FilesContext] fetchFiles called
[90mstdout[2m | src/components/Editor3/Workbook.stories.jsx[2m > [22m[2mWorkbook With Progress
[22m[39m[FilesContext] User authenticated: mock-user-sub
[90mstdout[2m | src/components/Editor3/Workbook.stories.jsx[2m > [22m[2mWorkbook With Progress
[22m[39m[FilesContext] Identity ID: us-east-1:mock-identity-123
[90mstdout[2m | src/components/Editor3/Workbook.stories.jsx[2m > [22m[2mWorkbook With Progress
[22m[39m[FilesContext] About to set up File observeQuery
[90mstdout[2m | src/components/Editor3/Workbook.stories.jsx[2m > [22m[2mWorkbook With Progress
[22m[39m[ChatContext] Setting up AssistantChat observeQuery
[90mstdout[2m | src/components/Editor3/Workbook.stories.jsx[2m > [22m[2mWorkbook With Progress
[22m[39m[ChatContext] Waiting for subscription to initialize
[90mstdout[2m | src/components/Editor3/Workbook.stories.jsx[2m > [22m[2mWorkbook With Progress
[22m[39m[SettingsContext] Setting up Settings subscription for user: mock-user-sub
[90mstdout[2m | src/components/Editor3/Workbook.stories.jsx[2m > [22m[2mWorkbook With Progress
[22m[39m[Mock Data] Settings created: mock-settings-1790416143470 - notified 0 subscribers
[90mstdout[2m | src/components/Editor3/Workbook.stories.jsx[2m > [22m[2mWorkbook With Progress
[22m[39m[Mock Data] Unit.onUpdate() subscription added. Total: 1
[90mstdout[2m | src/components/Editor3/Workbook.stories.jsx[2m > [22m[2mWorkbook With Progress
[22m[39m[WorkbookStatePlugin] Loading unit content into read-only workbook: workbook-with-progress-id
[90mstdout[2m | src/components/Editor3/Workbook.stories.jsx[2m > [22m[2mWorkbook With Progress
[22m[39mEasy.nodeKey 67 type: string
[90mstdout[2m | src/components/Editor3/Workbook.stories.jsx[2m > [22m[2mWorkbook With Progress
[22m[39mEasy.grade: {}
[90mstdout[2m | src/components/Editor3/Workbook.stories.jsx[2m > [22m[2mWorkbook With Progress
[22m[39mEasy.grade.data: undefined
[90mstdout[2m | src/components/Editor3/Workbook.stories.jsx[2m > [22m[2mWorkbook With Progress
[22m[39mEasy.grade.data === grade? false
[90mstdout[2m | src/components/Editor3/Workbook.stories.jsx[2m > [22m[2mWorkbook With Progress
[22m[39mEasy.grade.data keys: no data
[90mstdout[2m | src/components/Editor3/Workbook.stories.jsx[2m > [22m[2mWorkbook With Progress
[22m[39mEasy.grade.data[nodeKey]: undefined
[90mstdout[2m | src/components/Editor3/Workbook.stories.jsx[2m > [22m[2mWorkbook With Progress
[22m[39mEasy.inProgress {}
[90mstdout[2m | src/components/Editor3/Workbook.stories.jsx[2m > [22m[2mWorkbook With Progress
[22m[39mHard.attemptedAnswers {}
[90mstdout[2m | src/components/Editor3/Workbook.stories.jsx[2m > [22m[2mWorkbook With Progress
[22m[39mQuestionBlockRo.grade {}
[90mstdout[2m | src/components/Editor3/Workbook.stories.jsx[2m > [22m[2mWorkbook With Progress
[22m[39m......!q {
  "answer": "Hello",
  "correct": true,
  "id": "progress-quiz-q1",
}
[90mstdout[2m | src/components/Editor3/Workbook.stories.jsx[2m > [22m[2mWorkbook With Progress
[22m[39m......!q {
  "answer": "Goodbye",
  "correct": false,
  "id": "progress-quiz-q2",
}
[90mstdout[2m | src/components/Editor3/Workbook.stories.jsx[2m > [22m[2mWorkbook With Progress
[22m[39m......!q {
  "answer": "Thank you",
  "correct": false,
  "id": "progress-quiz-q3",
}
[90mstdout[2m | src/components/Editor3/Workbook.stories.jsx[2m > [22m[2mWorkbook With Progress
[22m[39m......!q {
  "answer": "Please",
  "correct": false,
  "id": "progress-quiz-q4",
}
[90mstdout[2m | src/components/Editor3/Workbook.stories.jsx[2m > [22m[2mWorkbook With Progress
[22m[39m......!q {
  "answer": "犬 (inu)",
  "correct": false,
  "id": "progress-quiz-q5",
}
[90mstdout[2m | src/components/Editor3/Workbook.stories.jsx[2m > [22m[2mWorkbook With Progress
[22m[39m......!q {
  "answer": "猫 (neko)",
  "correct": true,
  "id": "progress-quiz-q6",
}
[90mstdout[2m | src/components/Editor3/Workbook.stories.jsx[2m > [22m[2mWorkbook With Progress
[22m[39m......!q {
  "answer": "本 (hon)",
  "correct": false,
  "id": "progress-quiz-q7",
}
[90mstdout[2m | src/components/Editor3/Workbook.stories.jsx[2m > [22m[2mWorkbook With Progress
[22m[39m......!q {
  "answer": "水 (mizu)",
  "correct": false,
  "id": "progress-quiz-q8",
}
[90mstdout[2m | src/components/Editor3/Workbook.stories.jsx[2m > [22m[2mWorkbook With Progress
[22m[39m......!q {
  "answer": "さようなら",
  "correct": false,
  "id": "progress-quiz-q9",
}
[90mstdout[2m | src/components/Editor3/Workbook.stories.jsx[2m > [22m[2mWorkbook With Progress
[22m[39m......!q {
  "answer": "こんにちは",
  "correct": false,
  "id": "progress-quiz-q10",
}
[90mstdout[2m | src/components/Editor3/Workbook.stories.jsx[2m > [22m[2mWorkbook With Progress
[22m[39m......!q {
  "answer": "ありがとう",
  "correct": true,
  "id": "progress-quiz-q11",
}
[90mstdout[2m | src/components/Editor3/Workbook.stories.jsx[2m > [22m[2mWorkbook With Progress
[22m[39m......!q {
  "answer": "すみません",
  "correct": false,
  "id": "progress-quiz-q12",
}
[90mstdout[2m | src/components/Editor3/Workbook.stories.jsx[2m > [22m[2mWorkbook With Progress
[22m[39m......!q {
  "answer": "いぬ",
  "correct": true,
  "id": "progress-quiz-q13",
}
[90mstdout[2m | src/components/Editor3/Workbook.stories.jsx[2m > [22m[2mWorkbook With Progress
[22m[39m......!q {
  "answer": "ねこ",
  "correct": false,
  "id": "progress-quiz-q14",
}
[90mstdout[2m | src/components/Editor3/Workbook.stories.jsx[2m > [22m[2mWorkbook With Progress
[22m[39m......!q {
  "answer": "ほん",
  "correct": false,
  "id": "progress-quiz-q15",
}
[90mstdout[2m | src/components/Editor3/Workbook.stories.jsx[2m > [22m[2mWorkbook With Progress
[22m[39m......!q {
  "answer": "みず",
  "correct": false,
  "id": "progress-quiz-q16",
}
[90mstdout[2m | src/components/Editor3/Workbook.stories.jsx[2m > [22m[2mWorkbook With Progress
[22m[39mQuestionBlock.nodeKey 74 type: string
[90mstdout[2m | src/components/Editor3/Workbook.stories.jsx[2m > [22m[2mWorkbook With Progress
[22m[39mQuestionBlock.questionContent [
  {
    "answer": "Hello",
    "correct": true,
    "id": "progress-quiz-q1",
  },
  {
    "answer": "Goodbye",
    "correct": false,
    "id": "progress-quiz-q2",
  },
  {
    "answer": "Thank you",
    "correct": false,
    "id": "progress-quiz-q3",
  },
  {
    "answer": "Please",
    "correct": false,
    "id": "progress-quiz-q4",
  },
  {
    "answer": "犬 (inu)",
    "correct": false,
    "id": "progress-quiz-q5",
  },
  {
    "answer": "猫 (neko)",
    "correct": true,
    "id": "progress-quiz-q6",
  },
  {
    "answer": "本 (hon)",
    "correct": false,
    "id": "progress-quiz-q7",
  },
  {
    "answer": "水 (mizu)",
    "correct": false,
    "id": "progress-quiz-q8",
  },
  {
    "answer": "さようなら",
    "correct": false,
    "id": "progress-quiz-q9",
  },
  {
    "answer": "こんにちは",
    "correct": false,
    "id": "progress-quiz-q10",
  },
  {
    "answer": "ありがとう",
    "correct": true,
    "id": "progress-quiz-q11",
  },
  {
    "answer": "すみません",
    "correct": false,
    "id": "progress-quiz-q12",
  },
  {
    "answer": "いぬ",
    "correct": true,
    "id": "progress-quiz-q13",
  },
  {
    "answer": "ねこ",
    "correct": false,
    "id": "progress-quiz-q14",
  },
  {
    "answer": "ほん",
    "correct": false,
    "id": "progress-quiz-q15",
  },
  {
    "answer": "みず",
    "correct": false,
    "id": "progress-quiz-q16",
  },
]
[90mstdout[2m | src/components/Editor3/Workbook.stories.jsx[2m > [22m[2mWorkbook With Progress
[22m[39mQuestionBlock.grade.data keys: []
[90mstdout[2m | src/components/Editor3/Workbook.stories.jsx[2m > [22m[2mWorkbook With Progress
[22m[39mQuestionBlock.grade.data[nodeKey]: undefined
[90mstdout[2m | src/components/Editor3/Workbook.stories.jsx[2m > [22m[2mWorkbook With Progress
[22m[39mQuestionBlockRo.inProgress {}
[90mstdout[2m | src/components/Editor3/Workbook.stories.jsx[2m > [22m[2mWorkbook With Progress
[22m[39mCustomAnswerComponent.questionID question-1
[90mstdout[2m | src/components/Editor3/Workbook.stories.jsx[2m > [22m[2mWorkbook With Progress
[22m[39mCustomAnswerComponent.questionBank []
[90mstdout[2m | src/components/Editor3/Workbook.stories.jsx[2m > [22m[2mWorkbook With Progress
[22m[39mCustomAnswerComponent.question {}
[90mstdout[2m | src/components/Editor3/Workbook.stories.jsx[2m > [22m[2mWorkbook With Progress
[22m[39mCustomAnswerComponent.question {}
[90mstdout[2m | src/components/Editor3/Workbook.stories.jsx[2m > [22m[2mWorkbook With Progress
[22m[39mCustomAnswerComponent.prompt undefined
[90mstdout[2m | src/components/Editor3/Workbook.stories.jsx[2m > [22m[2mWorkbook With Progress
[22m[39mCustomAnswerComponent.feedback[questionID] undefined
[90mstdout[2m | src/components/Editor3/Workbook.stories.jsx[2m > [22m[2mWorkbook With Progress
[22m[39mCustomAnswerComponent.isCompleted undefined
[90mstdout[2m | src/components/Editor3/Workbook.stories.jsx[2m > [22m[2mWorkbook With Progress
[22m[39mCustomAnswerComponent.currentPromptMethod text
[90mstdout[2m | src/components/Editor3/Workbook.stories.jsx[2m > [22m[2mWorkbook With Progress
[22m[39mCustomAnswerComponent.displayPrompt undefined
[90mstdout[2m | src/components/Editor3/Workbook.stories.jsx[2m > [22m[2mWorkbook With Progress
[22m[39mCustomAnswerComponent.questionID question-2
[90mstdout[2m | src/components/Editor3/Workbook.stories.jsx[2m > [22m[2mWorkbook With Progress
[22m[39mCustomAnswerComponent.questionBank []
[90mstdout[2m | src/components/Editor3/Workbook.stories.jsx[2m > [22m[2mWorkbook With Progress
[22m[39mCustomAnswerComponent.question {}
[90mstdout[2m | src/components/Editor3/Workbook.stories.jsx[2m > [22m[2mWorkbook With Progress
[22m[39mCustomAnswerComponent.question {}
[90mstdout[2m | src/components/Editor3/Workbook.stories.jsx[2m > [22m[2mWorkbook With Progress
[22m[39mCustomAnswerComponent.prompt undefined
[90mstdout[2m | src/components/Editor3/Workbook.stories.jsx[2m > [22m[2mWorkbook With Progress
[22m[39mCustomAnswerComponent.feedback[questionID] undefined
[90mstdout[2m | src/components/Editor3/Workbook.stories.jsx[2m > [22m[2mWorkbook With Progress
[22m[39mCustomAnswerComponent.isCompleted undefined
[90mstdout[2m | src/components/Editor3/Workbook.stories.jsx[2m > [22m[2mWorkbook With Progress
[22m[39mCustomAnswerComponent.currentPromptMethod text
[90mstdout[2m | src/components/Editor3/Workbook.stories.jsx[2m > [22m[2mWorkbook With Progress
[22m[39mCustomAnswerComponent.displayPrompt undefined
[90mstdout[2m | src/components/Editor3/Workbook.stories.jsx[2m > [22m[2mWorkbook With Progress
[22m[39mLearn._vocabulary []
[90mstdout[2m | src/components/Editor3/Workbook.stories.jsx[2m > [22m[2mWorkbook With Progress
[22m[39mMeaningAssociationExercise._vocabulary []
[90mstdout[2m | src/components/Editor3/Workbook.stories.jsx[2m > [22m[2mWorkbook With Progress
[22m[39mHard._vocabulary []
[90mstdout[2m | src/components/Editor3/Workbook.stories.jsx[2m > [22m[2mWorkbook With Progress
[22m[39mallowedInput [
  "text",
]
[90mstdout[2m | src/components/Editor3/Workbook.stories.jsx[2m > [22m[2mWorkbook With Progress
[22m[39mpromptMethod [
  "text",
]
[90mstdout[2m | src/components/Editor3/Workbook.stories.jsx[2m > [22m[2mWorkbook With Progress
[22m[39mAnswerComponent.currentPromptMethod text
[90mstdout[2m | src/components/Editor3/Workbook.stories.jsx[2m > [22m[2mWorkbook With Progress
[22m[39mAnswerComponent.promptMethod [
  "text",
]
[90mstdout[2m | src/components/Editor3/Workbook.stories.jsx[2m > [22m[2mWorkbook With Progress
[22m[39mallowedInput [
  "text",
]
[90mstdout[2m | src/components/Editor3/Workbook.stories.jsx[2m > [22m[2mWorkbook With Progress
[22m[39mpromptMethod [
  "text",
]
[90mstdout[2m | src/components/Editor3/Workbook.stories.jsx[2m > [22m[2mWorkbook With Progress
[22m[39mAnswerComponent.currentPromptMethod text
[90mstdout[2m | src/components/Editor3/Workbook.stories.jsx[2m > [22m[2mWorkbook With Progress
[22m[39mallowedInput [
  "text",
  "audio",
]
[90mstdout[2m | src/components/Editor3/Workbook.stories.jsx[2m > [22m[2mWorkbook With Progress
[22m[39mpromptMethod [
  "text",
]
[90mstdout[2m | src/components/Editor3/Workbook.stories.jsx[2m > [22m[2mWorkbook With Progress
[22m[39mAnswerComponent.currentPromptMethod text
[90mstdout[2m | src/components/Editor3/Workbook.stories.jsx[2m > [22m[2mWorkbook With Progress
[22m[39mAnswerComponent.promptMethod [
  "text",
]
[90mstdout[2m | src/components/Editor3/Workbook.stories.jsx[2m > [22m[2mWorkbook With Progress
[22m[39mallowedInput [
  "text",
  "audio",
]
[90mstdout[2m | src/components/Editor3/Workbook.stories.jsx[2m > [22m[2mWorkbook With Progress
[22m[39mpromptMethod [
  "text",
]
[90mstdout[2m | src/components/Editor3/Workbook.stories.jsx[2m > [22m[2mWorkbook With Progress
[22m[39mAnswerComponent.currentPromptMethod text
[90mstdout[2m | src/components/Editor3/Workbook.stories.jsx[2m > [22m[2mWorkbook With Progress
[22m[39mEasy.nodeKey 67 type: string
[90mstdout[2m | src/components/Editor3/Workbook.stories.jsx[2m > [22m[2mWorkbook With Progress
[22m[39mEasy.grade: {}
[90mstdout[2m | src/components/Editor3/Workbook.stories.jsx[2m > [22m[2mWorkbook With Progress
[22m[39mEasy.grade.data: undefined
[90mstdout[2m | src/components/Editor3/Workbook.stories.jsx[2m > [22m[2mWorkbook With Progress
[22m[39mEasy.grade.data === grade? false
[90mstdout[2m | src/components/Editor3/Workbook.stories.jsx[2m > [22m[2mWorkbook With Progress
[22m[39mEasy.grade.data keys: no data
[90mstdout[2m | src/components/Editor3/Workbook.stories.jsx[2m > [22m[2mWorkbook With Progress
[22m[39mEasy.grade.data[nodeKey]: undefined
[90mstdout[2m | src/components/Editor3/Workbook.stories.jsx[2m > [22m[2mWorkbook With Progress
[22m[39mEasy.inProgress {}
[90mstdout[2m | src/components/Editor3/Workbook.stories.jsx[2m > [22m[2mWorkbook With Progress
[22m[39mHard.attemptedAnswers {}
[90mstdout[2m | src/components/Editor3/Workbook.stories.jsx[2m > [22m[2mWorkbook With Progress
[22m[39m[SectionContext] Section observeQuery update: 0
[90mstdout[2m | src/components/Editor3/Workbook.stories.jsx[2m > [22m[2mWorkbook With Progress
[22m[39m[FilesContext] File observeQuery update: 0 files
[90mstdout[2m | src/components/Editor3/Workbook.stories.jsx[2m > [22m[2mWorkbook With Progress
[22m[39m[ChatContext] AssistantChat initialized with 0 chats
[90mstdout[2m | src/components/Editor3/Workbook.stories.jsx[2m > [22m[2mWorkbook With Progress
[22m[39m[MOCK CourseVectorStore] Initialized with mock data
[90mstdout[2m | src/components/Editor3/Workbook.stories.jsx[2m > [22m[2mWorkbook With Progress
[22m[39mEasy.nodeKey 67 type: string
[90mstdout[2m | src/components/Editor3/Workbook.stories.jsx[2m > [22m[2mWorkbook With Progress
[22m[39mEasy.grade: {
  "_version": 1,
  "accuracy": 0.75,
  "complete": false,
  "data": {
    "custom-q-1": {
      "accuracy": 1,
      "answerType": "text",
      "complete": true,
      "submittedAt": "2026-09-26T08:49:03.425Z",
      "userAnswer": "Common Japanese greetings include こんにちは (hello), ありがとう (thank you), and さようなら (goodbye). These are essential phrases used in daily conversation.",
    },
    "custom-q-2": {
      "complete": false,
    },
    "meaning-association-1": {
      "complete": false,
      "learn": {
        "accuracy": 0.75,
        "attemptedAnswers": {
          "vocab-word-1": [
            "vocab-word-1",
          ],
          "vocab-word-2": [
            "vocab-word-1",
            "vocab-word-2",
          ],
          "vocab-word-3": [
            "vocab-word-3",
          ],
        },
        "attemptsCount": 4,
        "complete": false,
        "droppedPairs": {
          "vocab-word-1": "vocab-word-1",
          "vocab-word-2": "vocab-word-2",
          "vocab-word-3": "vocab-word-3",
        },
        "percentComplete": 0.6,
        "verifiedAnswers": [
          "vocab-word-1",
          "vocab-word-2",
          "vocab-word-3",
        ],
      },
      "tabIndex": 0,
    },
    "quiz-1": {
      "accuracy": 0.67,
      "answers": {
        "progress-quiz-q1": {
          "attempts": 1,
          "correct": true,
          "selected": "Hello",
        },
        "progress-quiz-q11": {
          "attempts": 1,
          "correct": true,
          "selected": "ありがとう",
        },
        "progress-quiz-q13": {
          "attempts": 1,
          "correct": true,
          "selected": "いぬ",
        },
        "progress-quiz-q2": {
          "attempts": 1,
          "correct": false,
          "selected": "Hello",
        },
        "progress-quiz-q3": {
          "attempts": 1,
          "correct": false,
          "selected": "Thank you",
        },
        "progress-quiz-q6": {
          "attempts": 1,
          "correct": true,
          "selected": "猫 (neko)",
        },
      },
      "complete": false,
      "percentComplete": 0.375,
    },
  },
  "id": "grade-progress-1",
  "owner": "student-alice-sub",
  "percentComplete": 0.4,
  "timerStarted": true,
  "unitID": "workbook-with-progress-id",
  "unitVersion": 1,
}
[90mstdout[2m | src/components/Editor3/Workbook.stories.jsx[2m > [22m[2mWorkbook With Progress
[22m[39mEasy.grade.data: {
  "custom-q-1": {
    "accuracy": 1,
    "answerType": "text",
    "complete": true,
    "submittedAt": "2026-09-26T08:49:03.425Z",
    "userAnswer": "Common Japanese greetings include こんにちは (hello), ありがとう (thank you), and さようなら (goodbye). These are essential phrases used in daily conversation.",
  },
  "custom-q-2": {
    "complete": false,
  },
  "meaning-association-1": {
    "complete": false,
    "learn": {
      "accuracy": 0.75,
      "attemptedAnswers": {
        "vocab-word-1": [
          "vocab-word-1",
        ],
        "vocab-word-2": [
          "vocab-word-1",
          "vocab-word-2",
        ],
        "vocab-word-3": [
          "vocab-word-3",
        ],
      },
      "attemptsCount": 4,
      "complete": false,
      "droppedPairs": {
        "vocab-word-1": "vocab-word-1",
        "vocab-word-2": "vocab-word-2",
        "vocab-word-3": "vocab-word-3",
      },
      "percentComplete": 0.6,
      "verifiedAnswers": [
        "vocab-word-1",
        "vocab-word-2",
        "vocab-word-3",
      ],
    },
    "tabIndex": 0,
  },
  "quiz-1": {
    "accuracy": 0.67,
    "answers": {
      "progress-quiz-q1": {
        "attempts": 1,
        "correct": true,
        "selected": "Hello",
      },
      "progress-quiz-q11": {
        "attempts": 1,
        "correct": true,
        "selected": "ありがとう",
      },
      "progress-quiz-q13": {
        "attempts": 1,
        "correct": true,
        "selected": "いぬ",
      },
      "progress-quiz-q2": {
        "attempts": 1,
        "correct": false,
        "selected": "Hello",
      },
      "progress-quiz-q3": {
        "attempts": 1,
        "correct": false,
        "selected": "Thank you",
      },
      "progress-quiz-q6": {
        "attempts": 1,
        "correct": true,
        "selected": "猫 (neko)",
      },
    },
    "complete": false,
    "percentComplete": 0.375,
  },
}
[90mstdout[2m | src/components/Editor3/Workbook.stories.jsx[2m > [22m[2mWorkbook With Progress
[22m[39mEasy.grade.data === grade? false
[90mstdout[2m | src/components/Editor3/Workbook.stories.jsx[2m > [22m[2mWorkbook With Progress
[22m[39mEasy.grade.data keys: [
  "meaning-association-1",
  "quiz-1",
  "custom-q-1",
  "custom-q-2",
]
[90mstdout[2m | src/components/Editor3/Workbook.stories.jsx[2m > [22m[2mWorkbook With Progress
[22m[39mEasy.grade.data[nodeKey]: undefined
[90mstdout[2m | src/components/Editor3/Workbook.stories.jsx[2m > [22m[2mWorkbook With Progress
[22m[39mEasy.inProgress {}
[90mstdout[2m | src/components/Editor3/Workbook.stories.jsx[2m > [22m[2mWorkbook With Progress
[22m[39mHard.attemptedAnswers {}
[90mstdout[2m | src/components/Editor3/Workbook.stories.jsx[2m > [22m[2mWorkbook With Progress
[22m[39mQuestionBlockRo.grade {
  "_version": 1,
  "accuracy": 0.75,
  "complete": false,
  "data": {
    "custom-q-1": {
      "accuracy": 1,
      "answerType": "text",
      "complete": true,
      "submittedAt": "2026-09-26T08:49:03.425Z",
      "userAnswer": "Common Japanese greetings include こんにちは (hello), ありがとう (thank you), and さようなら (goodbye). These are essential phrases used in daily conversation.",
    },
    "custom-q-2": {
      "complete": false,
    },
    "meaning-association-1": {
      "complete": false,
      "learn": {
        "accuracy": 0.75,
        "attemptedAnswers": {
          "vocab-word-1": [
            "vocab-word-1",
          ],
          "vocab-word-2": [
            "vocab-word-1",
            "vocab-word-2",
          ],
          "vocab-word-3": [
            "vocab-word-3",
          ],
        },
        "attemptsCount": 4,
        "complete": false,
        "droppedPairs": {
          "vocab-word-1": "vocab-word-1",
          "vocab-word-2": "vocab-word-2",
          "vocab-word-3": "vocab-word-3",
        },
        "percentComplete": 0.6,
        "verifiedAnswers": [
          "vocab-word-1",
          "vocab-word-2",
          "vocab-word-3",
        ],
      },
      "tabIndex": 0,
    },
    "quiz-1": {
      "accuracy": 0.67,
      "answers": {
        "progress-quiz-q1": {
          "attempts": 1,
          "correct": true,
          "selected": "Hello",
        },
        "progress-quiz-q11": {
          "attempts": 1,
          "correct": true,
          "selected": "ありがとう",
        },
        "progress-quiz-q13": {
          "attempts": 1,
          "correct": true,
          "selected": "いぬ",
        },
        "progress-quiz-q2": {
          "attempts": 1,
          "correct": false,
          "selected": "Hello",
        },
        "progress-quiz-q3": {
          "attempts": 1,
          "correct": false,
          "selected": "Thank you",
        },
        "progress-quiz-q6": {
          "attempts": 1,
          "correct": true,
          "selected": "猫 (neko)",
        },
      },
      "complete": false,
      "percentComplete": 0.375,
    },
  },
  "id": "grade-progress-1",
  "owner": "student-alice-sub",
  "percentComplete": 0.4,
  "timerStarted": true,
  "unitID": "workbook-with-progress-id",
  "unitVersion": 1,
}
[90mstdout[2m | src/components/Editor3/Workbook.stories.jsx[2m > [22m[2mWorkbook With Progress
[22m[39m......!q {
  "answer": "Hello",
  "correct": true,
  "id": "progress-quiz-q1",
}
[90mstdout[2m | src/components/Editor3/Workbook.stories.jsx[2m > [22m[2mWorkbook With Progress
[22m[39m......!q {
  "answer": "Goodbye",
  "correct": false,
  "id": "progress-quiz-q2",
}
[90mstdout[2m | src/components/Editor3/Workbook.stories.jsx[2m > [22m[2mWorkbook With Progress
[22m[39m......!q {
  "answer": "Thank you",
  "correct": false,
  "id": "progress-quiz-q3",
}
[90mstdout[2m | src/components/Editor3/Workbook.stories.jsx[2m > [22m[2mWorkbook With Progress
[22m[39m......!q {
  "answer": "Please",
  "correct": false,
  "id": "progress-quiz-q4",
}
[90mstdout[2m | src/components/Editor3/Workbook.stories.jsx[2m > [22m[2mWorkbook With Progress
[22m[39m......!q {
  "answer": "犬 (inu)",
  "correct": false,
  "id": "progress-quiz-q5",
}
[90mstdout[2m | src/components/Editor3/Workbook.stories.jsx[2m > [22m[2mWorkbook With Progress
[22m[39m......!q {
  "answer": "猫 (neko)",
  "correct": true,
  "id": "progress-quiz-q6",
}
[90mstdout[2m | src/components/Editor3/Workbook.stories.jsx[2m > [22m[2mWorkbook With Progress
[22m[39m......!q {
  "answer": "本 (hon)",
  "correct": false,
  "id": "progress-quiz-q7",
}
[90mstdout[2m | src/components/Editor3/Workbook.stories.jsx[2m > [22m[2mWorkbook With Progress
[22m[39m......!q {
  "answer": "水 (mizu)",
  "correct": false,
  "id": "progress-quiz-q8",
}
[90mstdout[2m | src/components/Editor3/Workbook.stories.jsx[2m > [22m[2mWorkbook With Progress
[22m[39m......!q {
  "answer": "さようなら",
  "correct": false,
  "id": "progress-quiz-q9",
}
[90mstdout[2m | src/components/Editor3/Workbook.stories.jsx[2m > [22m[2mWorkbook With Progress
[22m[39m......!q {
  "answer": "こんにちは",
  "correct": false,
  "id": "progress-quiz-q10",
}
[90mstdout[2m | src/components/Editor3/Workbook.stories.jsx[2m > [22m[2mWorkbook With Progress
[22m[39m......!q {
  "answer": "ありがとう",
  "correct": true,
  "id": "progress-quiz-q11",
}
[90mstdout[2m | src/components/Editor3/Workbook.stories.jsx[2m > [22m[2mWorkbook With Progress
[22m[39m......!q {
  "answer": "すみません",
  "correct": false,
  "id": "progress-quiz-q12",
}
[90mstdout[2m | src/components/Editor3/Workbook.stories.jsx[2m > [22m[2mWorkbook With Progress
[22m[39m......!q {
  "answer": "いぬ",
  "correct": true,
  "id": "progress-quiz-q13",
}
[90mstdout[2m | src/components/Editor3/Workbook.stories.jsx[2m > [22m[2mWorkbook With Progress
[22m[39m......!q {
  "answer": "ねこ",
  "correct": false,
  "id": "progress-quiz-q14",
}
[90mstdout[2m | src/components/Editor3/Workbook.stories.jsx[2m > [22m[2mWorkbook With Progress
[22m[39m......!q {
  "answer": "ほん",
  "correct": false,
  "id": "progress-quiz-q15",
}
[90mstdout[2m | src/components/Editor3/Workbook.stories.jsx[2m > [22m[2mWorkbook With Progress
[22m[39m......!q {
  "answer": "みず",
  "correct": false,
  "id": "progress-quiz-q16",
}
[90mstdout[2m | src/components/Editor3/Workbook.stories.jsx[2m > [22m[2mWorkbook With Progress
[22m[39mQuestionBlock.nodeKey 74 type: string
[90mstdout[2m | src/components/Editor3/Workbook.stories.jsx[2m > [22m[2mWorkbook With Progress
[22m[39mQuestionBlock.questionContent [
  {
    "answer": "Hello",
    "correct": true,
    "id": "progress-quiz-q1",
  },
  {
    "answer": "Goodbye",
    "correct": false,
    "id": "progress-quiz-q2",
  },
  {
    "answer": "Thank you",
    "correct": false,
    "id": "progress-quiz-q3",
  },
  {
    "answer": "Please",
    "correct": false,
    "id": "progress-quiz-q4",
  },
  {
    "answer": "犬 (inu)",
    "correct": false,
    "id": "progress-quiz-q5",
  },
  {
    "answer": "猫 (neko)",
    "correct": true,
    "id": "progress-quiz-q6",
  },
  {
    "answer": "本 (hon)",
    "correct": false,
    "id": "progress-quiz-q7",
  },
  {
    "answer": "水 (mizu)",
    "correct": false,
    "id": "progress-quiz-q8",
  },
  {
    "answer": "さようなら",
    "correct": false,
    "id": "progress-quiz-q9",
  },
  {
    "answer": "こんにちは",
    "correct": false,
    "id": "progress-quiz-q10",
  },
  {
    "answer": "ありがとう",
    "correct": true,
    "id": "progress-quiz-q11",
  },
  {
    "answer": "すみません",
    "correct": false,
    "id": "progress-quiz-q12",
  },
  {
    "answer": "いぬ",
    "correct": true,
    "id": "progress-quiz-q13",
  },
  {
    "answer": "ねこ",
    "correct": false,
    "id": "progress-quiz-q14",
  },
  {
    "answer": "ほん",
    "correct": false,
    "id": "progress-quiz-q15",
  },
  {
    "answer": "みず",
    "correct": false,
    "id": "progress-quiz-q16",
  },
]
[90mstdout[2m | src/components/Editor3/Workbook.stories.jsx[2m > [22m[2mWorkbook With Progress
[22m[39mQuestionBlock.grade.data keys: [
  "meaning-association-1",
  "quiz-1",
  "custom-q-1",
  "custom-q-2",
]
[90mstdout[2m | src/components/Editor3/Workbook.stories.jsx[2m > [22m[2mWorkbook With Progress
[22m[39mQuestionBlock.grade.data[nodeKey]: undefined
[90mstdout[2m | src/components/Editor3/Workbook.stories.jsx[2m > [22m[2mWorkbook With Progress
[22m[39mQuestionBlockRo.inProgress {}
[90mstdout[2m | src/components/Editor3/Workbook.stories.jsx[2m > [22m[2mWorkbook With Progress
[22m[39mCustomAnswerComponent.questionID question-1
[90mstdout[2m | src/components/Editor3/Workbook.stories.jsx[2m > [22m[2mWorkbook With Progress
[22m[39mCustomAnswerComponent.questionBank {}
[90mstdout[2m | src/components/Editor3/Workbook.stories.jsx[2m > [22m[2mWorkbook With Progress
[22m[39mCustomAnswerComponent.question {}
[90mstdout[2m | src/components/Editor3/Workbook.stories.jsx[2m > [22m[2mWorkbook With Progress
[22m[39mCustomAnswerComponent.question {}
[90mstdout[2m | src/components/Editor3/Workbook.stories.jsx[2m > [22m[2mWorkbook With Progress
[22m[39mCustomAnswerComponent.prompt undefined
[90mstdout[2m | src/components/Editor3/Workbook.stories.jsx[2m > [22m[2mWorkbook With Progress
[22m[39mCustomAnswerComponent.feedback[questionID] undefined
[90mstdout[2m | src/components/Editor3/Workbook.stories.jsx[2m > [22m[2mWorkbook With Progress
[22m[39mCustomAnswerComponent.isCompleted undefined
[90mstdout[2m | src/components/Editor3/Workbook.stories.jsx[2m > [22m[2mWorkbook With Progress
[22m[39mCustomAnswerComponent.currentPromptMethod text
[90mstdout[2m | src/components/Editor3/Workbook.stories.jsx[2m > [22m[2mWorkbook With Progress
[22m[39mCustomAnswerComponent.displayPrompt undefined
[90mstdout[2m | src/components/Editor3/Workbook.stories.jsx[2m > [22m[2mWorkbook With Progress
[22m[39mCustomAnswerComponent.questionID question-2
[90mstdout[2m | src/components/Editor3/Workbook.stories.jsx[2m > [22m[2mWorkbook With Progress
[22m[39mCustomAnswerComponent.questionBank {}
[90mstdout[2m | src/components/Editor3/Workbook.stories.jsx[2m > [22m[2mWorkbook With Progress
[22m[39mCustomAnswerComponent.question {}
[90mstdout[2m | src/components/Editor3/Workbook.stories.jsx[2m > [22m[2mWorkbook With Progress
[22m[39mCustomAnswerComponent.question {}
[90mstdout[2m | src/components/Editor3/Workbook.stories.jsx[2m > [22m[2mWorkbook With Progress
[22m[39mCustomAnswerComponent.prompt undefined
[90mstdout[2m | src/components/Editor3/Workbook.stories.jsx[2m > [22m[2mWorkbook With Progress
[22m[39mCustomAnswerComponent.feedback[questionID] undefined
[90mstdout[2m | src/components/Editor3/Workbook.stories.jsx[2m > [22m[2mWorkbook With Progress
[22m[39mCustomAnswerComponent.isCompleted undefined
[90mstdout[2m | src/components/Editor3/Workbook.stories.jsx[2m > [22m[2mWorkbook With Progress
[22m[39mCustomAnswerComponent.currentPromptMethod text
[90mstdout[2m | src/components/Editor3/Workbook.stories.jsx[2m > [22m[2mWorkbook With Progress
[22m[39mCustomAnswerComponent.displayPrompt undefined
[90mstdout[2m | src/components/Editor3/Workbook.stories.jsx[2m > [22m[2mWorkbook With Progress
[22m[39mLearn._vocabulary [
  {
    "_version": 1,
    "audio": [
      "/story-mocks/cinematic-designed-sci-fi-whoosh-transition-nexawave-228295.mp3",
    ],
    "definition": "Hello (Japanese)",
    "definitionAudio": [
      "/story-mocks/cinematic-designed-sci-fi-whoosh-transition-nexawave-228295.mp3",
    ],
    "id": "vocab-word-1",
    "owner": "student-alice-sub",
    "phrase": "こんにちは",
    "pronunciation": "kon-ni-chi-wa",
  },
  {
    "_version": 1,
    "audio": [
      "/story-mocks/cinematic-designed-sci-fi-whoosh-transition-nexawave-228295.mp3",
    ],
    "definition": "Cat (Japanese)",
    "definitionAudio": [
      "/story-mocks/cinematic-designed-sci-fi-whoosh-transition-nexawave-228295.mp3",
    ],
    "id": "vocab-word-2",
    "owner": "student-alice-sub",
    "phrase": "猫",
    "pronunciation": "neko",
  },
  {
    "_version": 1,
    "audio": [
      "/story-mocks/cinematic-designed-sci-fi-whoosh-transition-nexawave-228295.mp3",
    ],
    "definition": "Thank you (Japanese)",
    "definitionAudio": [
      "/story-mocks/cinematic-designed-sci-fi-whoosh-transition-nexawave-228295.mp3",
    ],
    "id": "vocab-word-3",
    "owner": "student-alice-sub",
    "phrase": "ありがとう",
    "pronunciation": "a-ri-ga-tou",
  },
  {
    "_version": 1,
    "audio": [
      "/story-mocks/cinematic-designed-sci-fi-whoosh-transition-nexawave-228295.mp3",
    ],
    "definition": "Dog (Japanese)",
    "definitionAudio": [
      "/story-mocks/cinematic-designed-sci-fi-whoosh-transition-nexawave-228295.mp3",
    ],
    "id": "vocab-word-4",
    "owner": "student-alice-sub",
    "phrase": "犬",
    "pronunciation": "inu",
  },
  {
    "_version": 1,
    "audio": [
      "/story-mocks/cinematic-designed-sci-fi-whoosh-transition-nexawave-228295.mp3",
    ],
    "definition": "Goodbye (Japanese)",
    "definitionAudio": [
      "/story-mocks/cinematic-designed-sci-fi-whoosh-transition-nexawave-228295.mp3",
    ],
    "id": "vocab-word-5",
    "owner": "student-alice-sub",
    "phrase": "さようなら",
    "pronunciation": "sa-you-na-ra",
  },
]
[90mstdout[2m | src/components/Editor3/Workbook.stories.jsx[2m > [22m[2mWorkbook With Progress
[22m[39mMeaningAssociationExercise._vocabulary [
  {
    "_version": 1,
    "audio": [
      "/story-mocks/cinematic-designed-sci-fi-whoosh-transition-nexawave-228295.mp3",
    ],
    "definition": "Hello (Japanese)",
    "definitionAudio": [
      "/story-mocks/cinematic-designed-sci-fi-whoosh-transition-nexawave-228295.mp3",
    ],
    "id": "vocab-word-1",
    "owner": "student-alice-sub",
    "phrase": "こんにちは",
    "pronunciation": "kon-ni-chi-wa",
  },
  {
    "_version": 1,
    "audio": [
      "/story-mocks/cinematic-designed-sci-fi-whoosh-transition-nexawave-228295.mp3",
    ],
    "definition": "Cat (Japanese)",
    "definitionAudio": [
      "/story-mocks/cinematic-designed-sci-fi-whoosh-transition-nexawave-228295.mp3",
    ],
    "id": "vocab-word-2",
    "owner": "student-alice-sub",
    "phrase": "猫",
    "pronunciation": "neko",
  },
  {
    "_version": 1,
    "audio": [
      "/story-mocks/cinematic-designed-sci-fi-whoosh-transition-nexawave-228295.mp3",
    ],
    "definition": "Thank you (Japanese)",
    "definitionAudio": [
      "/story-mocks/cinematic-designed-sci-fi-whoosh-transition-nexawave-228295.mp3",
    ],
    "id": "vocab-word-3",
    "owner": "student-alice-sub",
    "phrase": "ありがとう",
    "pronunciation": "a-ri-ga-tou",
  },
  {
    "_version": 1,
    "audio": [
      "/story-mocks/cinematic-designed-sci-fi-whoosh-transition-nexawave-228295.mp3",
    ],
    "definition": "Dog (Japanese)",
    "definitionAudio": [
      "/story-mocks/cinematic-designed-sci-fi-whoosh-transition-nexawave-228295.mp3",
    ],
    "id": "vocab-word-4",
    "owner": "student-alice-sub",
    "phrase": "犬",
    "pronunciation": "inu",
  },
  {
    "_version": 1,
    "audio": [
      "/story-mocks/cinematic-designed-sci-fi-whoosh-transition-nexawave-228295.mp3",
    ],
    "definition": "Goodbye (Japanese)",
    "definitionAudio": [
      "/story-mocks/cinematic-designed-sci-fi-whoosh-transition-nexawave-228295.mp3",
    ],
    "id": "vocab-word-5",
    "owner": "student-alice-sub",
    "phrase": "さようなら",
    "pronunciation": "sa-you-na-ra",
  },
]
[90mstdout[2m | src/components/Editor3/Workbook.stories.jsx[2m > [22m[2mWorkbook With Progress
[22m[39mHard._vocabulary [
  {
    "_version": 1,
    "audio": [
      "/story-mocks/cinematic-designed-sci-fi-whoosh-transition-nexawave-228295.mp3",
    ],
    "definition": "Hello (Japanese)",
    "definitionAudio": [
      "/story-mocks/cinematic-designed-sci-fi-whoosh-transition-nexawave-228295.mp3",
    ],
    "id": "vocab-word-1",
    "owner": "student-alice-sub",
    "phrase": "こんにちは",
    "pronunciation": "kon-ni-chi-wa",
  },
  {
    "_version": 1,
    "audio": [
      "/story-mocks/cinematic-designed-sci-fi-whoosh-transition-nexawave-228295.mp3",
    ],
    "definition": "Cat (Japanese)",
    "definitionAudio": [
      "/story-mocks/cinematic-designed-sci-fi-whoosh-transition-nexawave-228295.mp3",
    ],
    "id": "vocab-word-2",
    "owner": "student-alice-sub",
    "phrase": "猫",
    "pronunciation": "neko",
  },
  {
    "_version": 1,
    "audio": [
      "/story-mocks/cinematic-designed-sci-fi-whoosh-transition-nexawave-228295.mp3",
    ],
    "definition": "Thank you (Japanese)",
    "definitionAudio": [
      "/story-mocks/cinematic-designed-sci-fi-whoosh-transition-nexawave-228295.mp3",
    ],
    "id": "vocab-word-3",
    "owner": "student-alice-sub",
    "phrase": "ありがとう",
    "pronunciation": "a-ri-ga-tou",
  },
  {
    "_version": 1,
    "audio": [
      "/story-mocks/cinematic-designed-sci-fi-whoosh-transition-nexawave-228295.mp3",
    ],
    "definition": "Dog (Japanese)",
    "definitionAudio": [
      "/story-mocks/cinematic-designed-sci-fi-whoosh-transition-nexawave-228295.mp3",
    ],
    "id": "vocab-word-4",
    "owner": "student-alice-sub",
    "phrase": "犬",
    "pronunciation": "inu",
  },
  {
    "_version": 1,
    "audio": [
      "/story-mocks/cinematic-designed-sci-fi-whoosh-transition-nexawave-228295.mp3",
    ],
    "definition": "Goodbye (Japanese)",
    "definitionAudio": [
      "/story-mocks/cinematic-designed-sci-fi-whoosh-transition-nexawave-228295.mp3",
    ],
    "id": "vocab-word-5",
    "owner": "student-alice-sub",
    "phrase": "さようなら",
    "pronunciation": "sa-you-na-ra",
  },
]
[90mstdout[2m | src/components/Editor3/Workbook.stories.jsx[2m > [22m[2mWorkbook With Progress
[22m[39m[useWorkbookCollaboration] Initializing for grade grade-progress-1
[90mstdout[2m | src/components/Editor3/Workbook.stories.jsx[2m > [22m[2mWorkbook With Progress
[22m[39m[WorkbookCollaboration] Loaded 4 blocks from Grade.data
[90mstdout[2m | src/components/Editor3/Workbook.stories.jsx[2m > [22m[2mWorkbook With Progress
[22m[39m[ChatContext] No current chat available, will create one
[90mstdout[2m | src/components/Editor3/Workbook.stories.jsx[2m > [22m[2mWorkbook With Progress
[22m[39m[ChatContext] Creating AssistantChat with user: undefined
[90mstdout[2m | src/components/Editor3/Workbook.stories.jsx[2m > [22m[2mWorkbook With Progress
[22m[39m[Mock Data] AssistantChat created: mock-assistantchat-1790416143738 - notified 1 subscribers
[90mstdout[2m | src/components/Editor3/Workbook.stories.jsx[2m > [22m[2mWorkbook With Progress
[22m[39mEasy.nodeKey 67 type: string
[90mstdout[2m | src/components/Editor3/Workbook.stories.jsx[2m > [22m[2mWorkbook With Progress
[22m[39mEasy.grade: {
  "_version": 1,
  "accuracy": 0.75,
  "complete": false,
  "data": {
    "custom-q-1": {
      "accuracy": 1,
      "answerType": "text",
      "complete": true,
      "submittedAt": "2026-09-26T08:49:03.425Z",
      "userAnswer": "Common Japanese greetings include こんにちは (hello), ありがとう (thank you), and さようなら (goodbye). These are essential phrases used in daily conversation.",
    },
    "custom-q-2": {
      "complete": false,
    },
    "meaning-association-1": {
      "complete": false,
      "learn": {
        "accuracy": 0.75,
        "attemptedAnswers": {
          "vocab-word-1": [
            "vocab-word-1",
          ],
          "vocab-word-2": [
            "vocab-word-1",
            "vocab-word-2",
          ],
          "vocab-word-3": [
            "vocab-word-3",
          ],
        },
        "attemptsCount": 4,
        "complete": false,
        "droppedPairs": {
          "vocab-word-1": "vocab-word-1",
          "vocab-word-2": "vocab-word-2",
          "vocab-word-3": "vocab-word-3",
        },
        "percentComplete": 0.6,
        "verifiedAnswers": [
          "vocab-word-1",
          "vocab-word-2",
          "vocab-word-3",
        ],
      },
      "tabIndex": 0,
    },
    "quiz-1": {
      "accuracy": 0.67,
      "answers": {
        "progress-quiz-q1": {
          "attempts": 1,
          "correct": true,
          "selected": "Hello",
        },
        "progress-quiz-q11": {
          "attempts": 1,
          "correct": true,
          "selected": "ありがとう",
        },
        "progress-quiz-q13": {
          "attempts": 1,
          "correct": true,
          "selected": "いぬ",
        },
        "progress-quiz-q2": {
          "attempts": 1,
          "correct": false,
          "selected": "Hello",
        },
        "progress-quiz-q3": {
          "attempts": 1,
          "correct": false,
          "selected": "Thank you",
        },
        "progress-quiz-q6": {
          "attempts": 1,
          "correct": true,
          "selected": "猫 (neko)",
        },
      },
      "complete": false,
      "percentComplete": 0.375,
    },
  },
  "id": "grade-progress-1",
  "owner": "student-alice-sub",
  "percentComplete": 0.4,
  "timerStarted": true,
  "unitID": "workbook-with-progress-id",
  "unitVersion": 1,
}
[90mstdout[2m | src/components/Editor3/Workbook.stories.jsx[2m > [22m[2mWorkbook With Progress
[22m[39mEasy.grade.data: {
  "custom-q-1": {
    "accuracy": 1,
    "answerType": "text",
    "complete": true,
    "submittedAt": "2026-09-26T08:49:03.425Z",
    "userAnswer": "Common Japanese greetings include こんにちは (hello), ありがとう (thank you), and さようなら (goodbye). These are essential phrases used in daily conversation.",
  },
  "custom-q-2": {
    "complete": false,
  },
  "meaning-association-1": {
    "complete": false,
    "learn": {
      "accuracy": 0.75,
      "attemptedAnswers": {
        "vocab-word-1": [
          "vocab-word-1",
        ],
        "vocab-word-2": [
          "vocab-word-1",
          "vocab-word-2",
        ],
        "vocab-word-3": [
          "vocab-word-3",
        ],
      },
      "attemptsCount": 4,
      "complete": false,
      "droppedPairs": {
        "vocab-word-1": "vocab-word-1",
        "vocab-word-2": "vocab-word-2",
        "vocab-word-3": "vocab-word-3",
      },
      "percentComplete": 0.6,
      "verifiedAnswers": [
        "vocab-word-1",
        "vocab-word-2",
        "vocab-word-3",
      ],
    },
    "tabIndex": 0,
  },
  "quiz-1": {
    "accuracy": 0.67,
    "answers": {
      "progress-quiz-q1": {
        "attempts": 1,
        "correct": true,
        "selected": "Hello",
      },
      "progress-quiz-q11": {
        "attempts": 1,
        "correct": true,
        "selected": "ありがとう",
      },
      "progress-quiz-q13": {
        "attempts": 1,
        "correct": true,
        "selected": "いぬ",
      },
      "progress-quiz-q2": {
        "attempts": 1,
        "correct": false,
        "selected": "Hello",
      },
      "progress-quiz-q3": {
        "attempts": 1,
        "correct": false,
        "selected": "Thank you",
      },
      "progress-quiz-q6": {
        "attempts": 1,
        "correct": true,
        "selected": "猫 (neko)",
      },
    },
    "complete": false,
    "percentComplete": 0.375,
  },
}
[90mstdout[2m | src/components/Editor3/Workbook.stories.jsx[2m > [22m[2mWorkbook With Progress
[22m[39mEasy.grade.data === grade? false
[90mstdout[2m | src/components/Editor3/Workbook.stories.jsx[2m > [22m[2mWorkbook With Progress
[22m[39mEasy.grade.data keys: [
  "meaning-association-1",
  "quiz-1",
  "custom-q-1",
  "custom-q-2",
]
[90mstdout[2m | src/components/Editor3/Workbook.stories.jsx[2m > [22m[2mWorkbook With Progress
[22m[39mEasy.grade.data[nodeKey]: undefined
[90mstdout[2m | src/components/Editor3/Workbook.stories.jsx[2m > [22m[2mWorkbook With Progress
[22m[39mEasy.inProgress {}
[90mstdout[2m | src/components/Editor3/Workbook.stories.jsx[2m > [22m[2mWorkbook With Progress
[22m[39mHard.attemptedAnswers {}
[90mstdout[2m | src/components/Editor3/Workbook.stories.jsx[2m > [22m[2mWorkbook With Progress
[22m[39mQuestionBlockRo.grade {
  "_version": 1,
  "accuracy": 0.75,
  "complete": false,
  "data": {
    "custom-q-1": {
      "accuracy": 1,
      "answerType": "text",
      "complete": true,
      "submittedAt": "2026-09-26T08:49:03.425Z",
      "userAnswer": "Common Japanese greetings include こんにちは (hello), ありがとう (thank you), and さようなら (goodbye). These are essential phrases used in daily conversation.",
    },
    "custom-q-2": {
      "complete": false,
    },
    "meaning-association-1": {
      "complete": false,
      "learn": {
        "accuracy": 0.75,
        "attemptedAnswers": {
          "vocab-word-1": [
            "vocab-word-1",
          ],
          "vocab-word-2": [
            "vocab-word-1",
            "vocab-word-2",
          ],
          "vocab-word-3": [
            "vocab-word-3",
          ],
        },
        "attemptsCount": 4,
        "complete": false,
        "droppedPairs": {
          "vocab-word-1": "vocab-word-1",
          "vocab-word-2": "vocab-word-2",
          "vocab-word-3": "vocab-word-3",
        },
        "percentComplete": 0.6,
        "verifiedAnswers": [
          "vocab-word-1",
          "vocab-word-2",
          "vocab-word-3",
        ],
      },
      "tabIndex": 0,
    },
    "quiz-1": {
      "accuracy": 0.67,
      "answers": {
        "progress-quiz-q1": {
          "attempts": 1,
          "correct": true,
          "selected": "Hello",
        },
        "progress-quiz-q11": {
          "attempts": 1,
          "correct": true,
          "selected": "ありがとう",
        },
        "progress-quiz-q13": {
          "attempts": 1,
          "correct": true,
          "selected": "いぬ",
        },
        "progress-quiz-q2": {
          "attempts": 1,
          "correct": false,
          "selected": "Hello",
        },
        "progress-quiz-q3": {
          "attempts": 1,
          "correct": false,
          "selected": "Thank you",
        },
        "progress-quiz-q6": {
          "attempts": 1,
          "correct": true,
          "selected": "猫 (neko)",
        },
      },
      "complete": false,
      "percentComplete": 0.375,
    },
  },
  "id": "grade-progress-1",
  "owner": "student-alice-sub",
  "percentComplete": 0.4,
  "timerStarted": true,
  "unitID": "workbook-with-progress-id",
  "unitVersion": 1,
}
[90mstdout[2m | src/components/Editor3/Workbook.stories.jsx[2m > [22m[2mWorkbook With Progress
[22m[39m......!q {
  "answer": "Hello",
  "correct": true,
  "id": "progress-quiz-q1",
}
[90mstdout[2m | src/components/Editor3/Workbook.stories.jsx[2m > [22m[2mWorkbook With Progress
[22m[39m......!q {
  "answer": "Goodbye",
  "correct": false,
  "id": "progress-quiz-q2",
}
[90mstdout[2m | src/components/Editor3/Workbook.stories.jsx[2m > [22m[2mWorkbook With Progress
[22m[39m......!q {
  "answer": "Thank you",
  "correct": false,
  "id": "progress-quiz-q3",
}
[90mstdout[2m | src/components/Editor3/Workbook.stories.jsx[2m > [22m[2mWorkbook With Progress
[22m[39m......!q {
  "answer": "Please",
  "correct": false,
  "id": "progress-quiz-q4",
}
[90mstdout[2m | src/components/Editor3/Workbook.stories.jsx[2m > [22m[2mWorkbook With Progress
[22m[39m......!q {
  "answer": "犬 (inu)",
  "correct": false,
  "id": "progress-quiz-q5",
}
[90mstdout[2m | src/components/Editor3/Workbook.stories.jsx[2m > [22m[2mWorkbook With Progress
[22m[39m......!q {
  "answer": "猫 (neko)",
  "correct": true,
  "id": "progress-quiz-q6",
}
[90mstdout[2m | src/components/Editor3/Workbook.stories.jsx[2m > [22m[2mWorkbook With Progress
[22m[39m......!q {
  "answer": "本 (hon)",
  "correct": false,
  "id": "progress-quiz-q7",
}
[90mstdout[2m | src/components/Editor3/Workbook.stories.jsx[2m > [22m[2mWorkbook With Progress
[22m[39m......!q {
  "answer": "水 (mizu)",
  "correct": false,
  "id": "progress-quiz-q8",
}
[90mstdout[2m | src/components/Editor3/Workbook.stories.jsx[2m > [22m[2mWorkbook With Progress
[22m[39m......!q {
  "answer": "さようなら",
  "correct": false,
  "id": "progress-quiz-q9",
}
[90mstdout[2m | src/components/Editor3/Workbook.stories.jsx[2m > [22m[2mWorkbook With Progress
[22m[39m......!q {
  "answer": "こんにちは",
  "correct": false,
  "id": "progress-quiz-q10",
}
[90mstdout[2m | src/components/Editor3/Workbook.stories.jsx[2m > [22m[2mWorkbook With Progress
[22m[39m......!q {
  "answer": "ありがとう",
  "correct": true,
  "id": "progress-quiz-q11",
}
[90mstdout[2m | src/components/Editor3/Workbook.stories.jsx[2m > [22m[2mWorkbook With Progress
[22m[39m......!q {
  "answer": "すみません",
  "correct": false,
  "id": "progress-quiz-q12",
}
[90mstdout[2m | src/components/Editor3/Workbook.stories.jsx[2m > [22m[2mWorkbook With Progress
[22m[39m......!q {
  "answer": "いぬ",
  "correct": true,
  "id": "progress-quiz-q13",
}
[90mstdout[2m | src/components/Editor3/Workbook.stories.jsx[2m > [22m[2mWorkbook With Progress
[22m[39m......!q {
  "answer": "ねこ",
  "correct": false,
  "id": "progress-quiz-q14",
}
[90mstdout[2m | src/components/Editor3/Workbook.stories.jsx[2m > [22m[2mWorkbook With Progress
[22m[39m......!q {
  "answer": "ほん",
  "correct": false,
  "id": "progress-quiz-q15",
}
[90mstdout[2m | src/components/Editor3/Workbook.stories.jsx[2m > [22m[2mWorkbook With Progress
[22m[39m......!q {
  "answer": "みず",
  "correct": false,
  "id": "progress-quiz-q16",
}
[90mstdout[2m | src/components/Editor3/Workbook.stories.jsx[2m > [22m[2mWorkbook With Progress
[22m[39mQuestionBlock.nodeKey 74 type: string
[90mstdout[2m | src/components/Editor3/Workbook.stories.jsx[2m > [22m[2mWorkbook With Progress
[22m[39mQuestionBlock.questionContent [
  {
    "answer": "Hello",
    "correct": true,
    "id": "progress-quiz-q1",
  },
  {
    "answer": "Goodbye",
    "correct": false,
    "id": "progress-quiz-q2",
  },
  {
    "answer": "Thank you",
    "correct": false,
    "id": "progress-quiz-q3",
  },
  {
    "answer": "Please",
    "correct": false,
    "id": "progress-quiz-q4",
  },
  {
    "answer": "犬 (inu)",
    "correct": false,
    "id": "progress-quiz-q5",
  },
  {
    "answer": "猫 (neko)",
    "correct": true,
    "id": "progress-quiz-q6",
  },
  {
    "answer": "本 (hon)",
    "correct": false,
    "id": "progress-quiz-q7",
  },
  {
    "answer": "水 (mizu)",
    "correct": false,
    "id": "progress-quiz-q8",
  },
  {
    "answer": "さようなら",
    "correct": false,
    "id": "progress-quiz-q9",
  },
  {
    "answer": "こんにちは",
    "correct": false,
    "id": "progress-quiz-q10",
  },
  {
    "answer": "ありがとう",
    "correct": true,
    "id": "progress-quiz-q11",
  },
  {
    "answer": "すみません",
    "correct": false,
    "id": "progress-quiz-q12",
  },
  {
    "answer": "いぬ",
    "correct": true,
    "id": "progress-quiz-q13",
  },
  {
    "answer": "ねこ",
    "correct": false,
    "id": "progress-quiz-q14",
  },
  {
    "answer": "ほん",
    "correct": false,
    "id": "progress-quiz-q15",
  },
  {
    "answer": "みず",
    "correct": false,
    "id": "progress-quiz-q16",
  },
]
[90mstdout[2m | src/components/Editor3/Workbook.stories.jsx[2m > [22m[2mWorkbook With Progress
[22m[39mQuestionBlock.grade.data keys: [
  "meaning-association-1",
  "quiz-1",
  "custom-q-1",
  "custom-q-2",
]
[90mstdout[2m | src/components/Editor3/Workbook.stories.jsx[2m > [22m[2mWorkbook With Progress
[22m[39mQuestionBlock.grade.data[nodeKey]: undefined
[90mstdout[2m | src/components/Editor3/Workbook.stories.jsx[2m > [22m[2mWorkbook With Progress
[22m[39mQuestionBlockRo.inProgress {}
[90mstdout[2m | src/components/Editor3/Workbook.stories.jsx[2m > [22m[2mWorkbook With Progress
[22m[39mCustomAnswerComponent.questionID question-1
[90mstdout[2m | src/components/Editor3/Workbook.stories.jsx[2m > [22m[2mWorkbook With Progress
[22m[39mCustomAnswerComponent.questionBank {}
[90mstdout[2m | src/components/Editor3/Workbook.stories.jsx[2m > [22m[2mWorkbook With Progress
[22m[39mCustomAnswerComponent.question {}
[90mstdout[2m | src/components/Editor3/Workbook.stories.jsx[2m > [22m[2mWorkbook With Progress
[22m[39mCustomAnswerComponent.question {}
[90mstdout[2m | src/components/Editor3/Workbook.stories.jsx[2m > [22m[2mWorkbook With Progress
[22m[39mCustomAnswerComponent.prompt undefined
[90mstdout[2m | src/components/Editor3/Workbook.stories.jsx[2m > [22m[2mWorkbook With Progress
[22m[39mCustomAnswerComponent.feedback[questionID] undefined
[90mstdout[2m | src/components/Editor3/Workbook.stories.jsx[2m > [22m[2mWorkbook With Progress
[22m[39mCustomAnswerComponent.isCompleted undefined
[90mstdout[2m | src/components/Editor3/Workbook.stories.jsx[2m > [22m[2mWorkbook With Progress
[22m[39mCustomAnswerComponent.currentPromptMethod text
[90mstdout[2m | src/components/Editor3/Workbook.stories.jsx[2m > [22m[2mWorkbook With Progress
[22m[39mCustomAnswerComponent.displayPrompt undefined
[90mstdout[2m | src/components/Editor3/Workbook.stories.jsx[2m > [22m[2mWorkbook With Progress
[22m[39mCustomAnswerComponent.questionID question-2
[90mstdout[2m | src/components/Editor3/Workbook.stories.jsx[2m > [22m[2mWorkbook With Progress
[22m[39mCustomAnswerComponent.questionBank {}
[90mstdout[2m | src/components/Editor3/Workbook.stories.jsx[2m > [22m[2mWorkbook With Progress
[22m[39mCustomAnswerComponent.question {}
[90mstdout[2m | src/components/Editor3/Workbook.stories.jsx[2m > [22m[2mWorkbook With Progress
[22m[39mCustomAnswerComponent.question {}
[90mstdout[2m | src/components/Editor3/Workbook.stories.jsx[2m > [22m[2mWorkbook With Progress
[22m[39mCustomAnswerComponent.prompt undefined
[90mstdout[2m | src/components/Editor3/Workbook.stories.jsx[2m > [22m[2mWorkbook With Progress
[22m[39mCustomAnswerComponent.feedback[questionID] undefined
[90mstdout[2m | src/components/Editor3/Workbook.stories.jsx[2m > [22m[2mWorkbook With Progress
[22m[39mCustomAnswerComponent.isCompleted undefined
[90mstdout[2m | src/components/Editor3/Workbook.stories.jsx[2m > [22m[2mWorkbook With Progress
[22m[39mCustomAnswerComponent.currentPromptMethod text
[90mstdout[2m | src/components/Editor3/Workbook.stories.jsx[2m > [22m[2mWorkbook With Progress
[22m[39mCustomAnswerComponent.displayPrompt undefined
[90mstdout[2m | src/components/Editor3/Workbook.stories.jsx[2m > [22m[2mWorkbook With Progress
[22m[39m[ChatContext] Create result: {
  "data": {
    "_version": 1,
    "archived": false,
    "chatFiles": [Function anonymous],
    "createdAt": "2026-09-26T09:49:03.738Z",
    "id": "mock-assistantchat-1790416143738",
    "model": "gpt-4",
    "updatedAt": "2026-09-26T09:49:03.738Z",
  },
  "errors": [],
  "hasData": true,
  "hasErrors": true,
}
[90mstdout[2m | src/components/Editor3/Workbook.stories.jsx[2m > [22m[2mWorkbook With Progress
[22m[39m[ChatContext] Created AssistantChat: mock-assistantchat-1790416143738 at: 2026-09-26T09:49:03.738Z
[90mstdout[2m | src/components/Editor3/Workbook.stories.jsx[2m > [22m[2mWorkbook With Progress
[22m[39m[Mock Storage] downloadData called with: undefined
[90mstdout[2m | src/components/Editor3/Workbook.stories.jsx[2m > [22m[2mWorkbook With Progress
[22m[39m[YjsProvider] workbook-grade-progress-1 connection status: connected
[90mstdout[2m | src/components/Editor3/Workbook.stories.jsx[2m > [22m[2mWorkbook With Progress
[22m[39m[YjsProvider] workbook-grade-progress-1 synced with server
[90mstdout[2m | src/components/Editor3/Workbook.stories.jsx[2m > [22m[2mWorkbook With Progress
[22m[39m[ChatContext] Setting initial chat: mock-assistantchat-1790416143738
[90mstdout[2m | src/components/Editor3/Workbook.stories.jsx[2m > [22m[2mWorkbook With Progress
[22m[39mEasy.nodeKey 67 type: string
[90mstdout[2m | src/components/Editor3/Workbook.stories.jsx[2m > [22m[2mWorkbook With Progress
[22m[39mEasy.grade: {
  "_version": 1,
  "accuracy": 0.75,
  "complete": false,
  "data": {
    "custom-q-1": {
      "accuracy": 1,
      "answerType": "text",
      "complete": true,
      "submittedAt": "2026-09-26T08:49:03.425Z",
      "userAnswer": "Common Japanese greetings include こんにちは (hello), ありがとう (thank you), and さようなら (goodbye). These are essential phrases used in daily conversation.",
    },
    "custom-q-2": {
      "complete": false,
    },
    "meaning-association-1": {
      "complete": false,
      "learn": {
        "accuracy": 0.75,
        "attemptedAnswers": {
          "vocab-word-1": [
            "vocab-word-1",
          ],
          "vocab-word-2": [
            "vocab-word-1",
            "vocab-word-2",
          ],
          "vocab-word-3": [
            "vocab-word-3",
          ],
        },
        "attemptsCount": 4,
        "complete": false,
        "droppedPairs": {
          "vocab-word-1": "vocab-word-1",
          "vocab-word-2": "vocab-word-2",
          "vocab-word-3": "vocab-word-3",
        },
        "percentComplete": 0.6,
        "verifiedAnswers": [
          "vocab-word-1",
          "vocab-word-2",
          "vocab-word-3",
        ],
      },
      "tabIndex": 0,
    },
    "quiz-1": {
      "accuracy": 0.67,
      "answers": {
        "progress-quiz-q1": {
          "attempts": 1,
          "correct": true,
          "selected": "Hello",
        },
        "progress-quiz-q11": {
          "attempts": 1,
          "correct": true,
          "selected": "ありがとう",
        },
        "progress-quiz-q13": {
          "attempts": 1,
          "correct": true,
          "selected": "いぬ",
        },
        "progress-quiz-q2": {
          "attempts": 1,
          "correct": false,
          "selected": "Hello",
        },
        "progress-quiz-q3": {
          "attempts": 1,
          "correct": false,
          "selected": "Thank you",
        },
        "progress-quiz-q6": {
          "attempts": 1,
          "correct": true,
          "selected": "猫 (neko)",
        },
      },
      "complete": false,
      "percentComplete": 0.375,
    },
  },
  "id": "grade-progress-1",
  "owner": "student-alice-sub",
  "percentComplete": 0.4,
  "timerStarted": true,
  "unitID": "workbook-with-progress-id",
  "unitVersion": 1,
}
[90mstdout[2m | src/components/Editor3/Workbook.stories.jsx[2m > [22m[2mWorkbook With Progress
[22m[39mEasy.grade.data: {
  "custom-q-1": {
    "accuracy": 1,
    "answerType": "text",
    "complete": true,
    "submittedAt": "2026-09-26T08:49:03.425Z",
    "userAnswer": "Common Japanese greetings include こんにちは (hello), ありがとう (thank you), and さようなら (goodbye). These are essential phrases used in daily conversation.",
  },
  "custom-q-2": {
    "complete": false,
  },
  "meaning-association-1": {
    "complete": false,
    "learn": {
      "accuracy": 0.75,
      "attemptedAnswers": {
        "vocab-word-1": [
          "vocab-word-1",
        ],
        "vocab-word-2": [
          "vocab-word-1",
          "vocab-word-2",
        ],
        "vocab-word-3": [
          "vocab-word-3",
        ],
      },
      "attemptsCount": 4,
      "complete": false,
      "droppedPairs": {
        "vocab-word-1": "vocab-word-1",
        "vocab-word-2": "vocab-word-2",
        "vocab-word-3": "vocab-word-3",
      },
      "percentComplete": 0.6,
      "verifiedAnswers": [
        "vocab-word-1",
        "vocab-word-2",
        "vocab-word-3",
      ],
    },
    "tabIndex": 0,
  },
  "quiz-1": {
    "accuracy": 0.67,
    "answers": {
      "progress-quiz-q1": {
        "attempts": 1,
        "correct": true,
        "selected": "Hello",
      },
      "progress-quiz-q11": {
        "attempts": 1,
        "correct": true,
        "selected": "ありがとう",
      },
      "progress-quiz-q13": {
        "attempts": 1,
        "correct": true,
        "selected": "いぬ",
      },
      "progress-quiz-q2": {
        "attempts": 1,
        "correct": false,
        "selected": "Hello",
      },
      "progress-quiz-q3": {
        "attempts": 1,
        "correct": false,
        "selected": "Thank you",
      },
      "progress-quiz-q6": {
        "attempts": 1,
        "correct": true,
        "selected": "猫 (neko)",
      },
    },
    "complete": false,
    "percentComplete": 0.375,
  },
}
[90mstdout[2m | src/components/Editor3/Workbook.stories.jsx[2m > [22m[2mWorkbook With Progress
[22m[39mEasy.grade.data === grade? false
[90mstdout[2m | src/components/Editor3/Workbook.stories.jsx[2m > [22m[2mWorkbook With Progress
[22m[39mEasy.grade.data keys: [
  "meaning-association-1",
  "quiz-1",
  "custom-q-1",
  "custom-q-2",
]
[90mstdout[2m | src/components/Editor3/Workbook.stories.jsx[2m > [22m[2mWorkbook With Progress
[22m[39mEasy.grade.data[nodeKey]: undefined
[90mstdout[2m | src/components/Editor3/Workbook.stories.jsx[2m > [22m[2mWorkbook With Progress
[22m[39mEasy.inProgress {}
[90mstdout[2m | src/components/Editor3/Workbook.stories.jsx[2m > [22m[2mWorkbook With Progress
[22m[39mHard.attemptedAnswers {}
[90mstdout[2m | src/components/Editor3/Workbook.stories.jsx[2m > [22m[2mWorkbook With Progress
[22m[39mQuestionBlockRo.grade {
  "_version": 1,
  "accuracy": 0.75,
  "complete": false,
  "data": {
    "custom-q-1": {
      "accuracy": 1,
      "answerType": "text",
      "complete": true,
      "submittedAt": "2026-09-26T08:49:03.425Z",
      "userAnswer": "Common Japanese greetings include こんにちは (hello), ありがとう (thank you), and さようなら (goodbye). These are essential phrases used in daily conversation.",
    },
    "custom-q-2": {
      "complete": false,
    },
    "meaning-association-1": {
      "complete": false,
      "learn": {
        "accuracy": 0.75,
        "attemptedAnswers": {
          "vocab-word-1": [
            "vocab-word-1",
          ],
          "vocab-word-2": [
            "vocab-word-1",
            "vocab-word-2",
          ],
          "vocab-word-3": [
            "vocab-word-3",
          ],
        },
        "attemptsCount": 4,
        "complete": false,
        "droppedPairs": {
          "vocab-word-1": "vocab-word-1",
          "vocab-word-2": "vocab-word-2",
          "vocab-word-3": "vocab-word-3",
        },
        "percentComplete": 0.6,
        "verifiedAnswers": [
          "vocab-word-1",
          "vocab-word-2",
          "vocab-word-3",
        ],
      },
      "tabIndex": 0,
    },
    "quiz-1": {
      "accuracy": 0.67,
      "answers": {
        "progress-quiz-q1": {
          "attempts": 1,
          "correct": true,
          "selected": "Hello",
        },
        "progress-quiz-q11": {
          "attempts": 1,
          "correct": true,
          "selected": "ありがとう",
        },
        "progress-quiz-q13": {
          "attempts": 1,
          "correct": true,
          "selected": "いぬ",
        },
        "progress-quiz-q2": {
          "attempts": 1,
          "correct": false,
          "selected": "Hello",
        },
        "progress-quiz-q3": {
          "attempts": 1,
          "correct": false,
          "selected": "Thank you",
        },
        "progress-quiz-q6": {
          "attempts": 1,
          "correct": true,
          "selected": "猫 (neko)",
        },
      },
      "complete": false,
      "percentComplete": 0.375,
    },
  },
  "id": "grade-progress-1",
  "owner": "student-alice-sub",
  "percentComplete": 0.4,
  "timerStarted": true,
  "unitID": "workbook-with-progress-id",
  "unitVersion": 1,
}
[90mstdout[2m | src/components/Editor3/Workbook.stories.jsx[2m > [22m[2mWorkbook With Progress
[22m[39m......!q {
  "answer": "Hello",
  "correct": true,
  "id": "progress-quiz-q1",
}
[90mstdout[2m | src/components/Editor3/Workbook.stories.jsx[2m > [22m[2mWorkbook With Progress
[22m[39m......!q {
  "answer": "Goodbye",
  "correct": false,
  "id": "progress-quiz-q2",
}
[90mstdout[2m | src/components/Editor3/Workbook.stories.jsx[2m > [22m[2mWorkbook With Progress
[22m[39m......!q {
  "answer": "Thank you",
  "correct": false,
  "id": "progress-quiz-q3",
}
[90mstdout[2m | src/components/Editor3/Workbook.stories.jsx[2m > [22m[2mWorkbook With Progress
[22m[39m......!q {
  "answer": "Please",
  "correct": false,
  "id": "progress-quiz-q4",
}
[90mstdout[2m | src/components/Editor3/Workbook.stories.jsx[2m > [22m[2mWorkbook With Progress
[22m[39m......!q {
  "answer": "犬 (inu)",
  "correct": false,
  "id": "progress-quiz-q5",
}
[90mstdout[2m | src/components/Editor3/Workbook.stories.jsx[2m > [22m[2mWorkbook With Progress
[22m[39m......!q {
  "answer": "猫 (neko)",
  "correct": true,
  "id": "progress-quiz-q6",
}
[90mstdout[2m | src/components/Editor3/Workbook.stories.jsx[2m > [22m[2mWorkbook With Progress
[22m[39m......!q {
  "answer": "本 (hon)",
  "correct": false,
  "id": "progress-quiz-q7",
}
[90mstdout[2m | src/components/Editor3/Workbook.stories.jsx[2m > [22m[2mWorkbook With Progress
[22m[39m......!q {
  "answer": "水 (mizu)",
  "correct": false,
  "id": "progress-quiz-q8",
}
[90mstdout[2m | src/components/Editor3/Workbook.stories.jsx[2m > [22m[2mWorkbook With Progress
[22m[39m......!q {
  "answer": "さようなら",
  "correct": false,
  "id": "progress-quiz-q9",
}
[90mstdout[2m | src/components/Editor3/Workbook.stories.jsx[2m > [22m[2mWorkbook With Progress
[22m[39m......!q {
  "answer": "こんにちは",
  "correct": false,
  "id": "progress-quiz-q10",
}
[90mstdout[2m | src/components/Editor3/Workbook.stories.jsx[2m > [22m[2mWorkbook With Progress
[22m[39m......!q {
  "answer": "ありがとう",
  "correct": true,
  "id": "progress-quiz-q11",
}
[90mstdout[2m | src/components/Editor3/Workbook.stories.jsx[2m > [22m[2mWorkbook With Progress
[22m[39m......!q {
  "answer": "すみません",
  "correct": false,
  "id": "progress-quiz-q12",
}
[90mstdout[2m | src/components/Editor3/Workbook.stories.jsx[2m > [22m[2mWorkbook With Progress
[22m[39m......!q {
  "answer": "いぬ",
  "correct": true,
  "id": "progress-quiz-q13",
}
[90mstdout[2m | src/components/Editor3/Workbook.stories.jsx[2m > [22m[2mWorkbook With Progress
[22m[39m......!q {
  "answer": "ねこ",
  "correct": false,
  "id": "progress-quiz-q14",
}
[90mstdout[2m | src/components/Editor3/Workbook.stories.jsx[2m > [22m[2mWorkbook With Progress
[22m[39m......!q {
  "answer": "ほん",
  "correct": false,
  "id": "progress-quiz-q15",
}
[90mstdout[2m | src/components/Editor3/Workbook.stories.jsx[2m > [22m[2mWorkbook With Progress
[22m[39m......!q {
  "answer": "みず",
  "correct": false,
  "id": "progress-quiz-q16",
}
[90mstdout[2m | src/components/Editor3/Workbook.stories.jsx[2m > [22m[2mWorkbook With Progress
[22m[39mQuestionBlock.nodeKey 74 type: string
[90mstdout[2m | src/components/Editor3/Workbook.stories.jsx[2m > [22m[2mWorkbook With Progress
[22m[39mQuestionBlock.questionContent [
  {
    "answer": "Hello",
    "correct": true,
    "id": "progress-quiz-q1",
  },
  {
    "answer": "Goodbye",
    "correct": false,
    "id": "progress-quiz-q2",
  },
  {
    "answer": "Thank you",
    "correct": false,
    "id": "progress-quiz-q3",
  },
  {
    "answer": "Please",
    "correct": false,
    "id": "progress-quiz-q4",
  },
  {
    "answer": "犬 (inu)",
    "correct": false,
    "id": "progress-quiz-q5",
  },
  {
    "answer": "猫 (neko)",
    "correct": true,
    "id": "progress-quiz-q6",
  },
  {
    "answer": "本 (hon)",
    "correct": false,
    "id": "progress-quiz-q7",
  },
  {
    "answer": "水 (mizu)",
    "correct": false,
    "id": "progress-quiz-q8",
  },
  {
    "answer": "さようなら",
    "correct": false,
    "id": "progress-quiz-q9",
  },
  {
    "answer": "こんにちは",
    "correct": false,
    "id": "progress-quiz-q10",
  },
  {
    "answer": "ありがとう",
    "correct": true,
    "id": "progress-quiz-q11",
  },
  {
    "answer": "すみません",
    "correct": false,
    "id": "progress-quiz-q12",
  },
  {
    "answer": "いぬ",
    "correct": true,
    "id": "progress-quiz-q13",
  },
  {
    "answer": "ねこ",
    "correct": false,
    "id": "progress-quiz-q14",
  },
  {
    "answer": "ほん",
    "correct": false,
    "id": "progress-quiz-q15",
  },
  {
    "answer": "みず",
    "correct": false,
    "id": "progress-quiz-q16",
  },
]
[90mstdout[2m | src/components/Editor3/Workbook.stories.jsx[2m > [22m[2mWorkbook With Progress
[22m[39mQuestionBlock.grade.data keys: [
  "meaning-association-1",
  "quiz-1",
  "custom-q-1",
  "custom-q-2",
]
[90mstdout[2m | src/components/Editor3/Workbook.stories.jsx[2m > [22m[2mWorkbook With Progress
[22m[39mQuestionBlock.grade.data[nodeKey]: undefined
[90mstdout[2m | src/components/Editor3/Workbook.stories.jsx[2m > [22m[2mWorkbook With Progress
[22m[39mQuestionBlockRo.inProgress {}
[90mstdout[2m | src/components/Editor3/Workbook.stories.jsx[2m > [22m[2mWorkbook With Progress
[22m[39mCustomAnswerComponent.questionID question-1
[90mstdout[2m | src/components/Editor3/Workbook.stories.jsx[2m > [22m[2mWorkbook With Progress
[22m[39mCustomAnswerComponent.questionBank {}
[90mstdout[2m | src/components/Editor3/Workbook.stories.jsx[2m > [22m[2mWorkbook With Progress
[22m[39mCustomAnswerComponent.question {}
[90mstdout[2m | src/components/Editor3/Workbook.stories.jsx[2m > [22m[2mWorkbook With Progress
[22m[39mCustomAnswerComponent.question {}
[90mstdout[2m | src/components/Editor3/Workbook.stories.jsx[2m > [22m[2mWorkbook With Progress
[22m[39mCustomAnswerComponent.prompt undefined
[90mstdout[2m | src/components/Editor3/Workbook.stories.jsx[2m > [22m[2mWorkbook With Progress
[22m[39mCustomAnswerComponent.feedback[questionID] undefined
[90mstdout[2m | src/components/Editor3/Workbook.stories.jsx[2m > [22m[2mWorkbook With Progress
[22m[39mCustomAnswerComponent.isCompleted undefined
[90mstdout[2m | src/components/Editor3/Workbook.stories.jsx[2m > [22m[2mWorkbook With Progress
[22m[39mCustomAnswerComponent.currentPromptMethod text
[90mstdout[2m | src/components/Editor3/Workbook.stories.jsx[2m > [22m[2mWorkbook With Progress
[22m[39mCustomAnswerComponent.displayPrompt undefined
[90mstdout[2m | src/components/Editor3/Workbook.stories.jsx[2m > [22m[2mWorkbook With Progress
[22m[39mCustomAnswerComponent.questionID question-2
[90mstdout[2m | src/components/Editor3/Workbook.stories.jsx[2m > [22m[2mWorkbook With Progress
[22m[39mCustomAnswerComponent.questionBank {}
[90mstdout[2m | src/components/Editor3/Workbook.stories.jsx[2m > [22m[2mWorkbook With Progress
[22m[39mCustomAnswerComponent.question {}
[90mstdout[2m | src/components/Editor3/Workbook.stories.jsx[2m > [22m[2mWorkbook With Progress
[22m[39mCustomAnswerComponent.question {}
[90mstdout[2m | src/components/Editor3/Workbook.stories.jsx[2m > [22m[2mWorkbook With Progress
[22m[39mCustomAnswerComponent.prompt undefined
[90mstdout[2m | src/components/Editor3/Workbook.stories.jsx[2m > [22m[2mWorkbook With Progress
[22m[39mCustomAnswerComponent.feedback[questionID] undefined
[90mstdout[2m | src/components/Editor3/Workbook.stories.jsx[2m > [22m[2mWorkbook With Progress
[22m[39mCustomAnswerComponent.isCompleted undefined
[90mstdout[2m | src/components/Editor3/Workbook.stories.jsx[2m > [22m[2mWorkbook With Progress
[22m[39mCustomAnswerComponent.currentPromptMethod text
[90mstdout[2m | src/components/Editor3/Workbook.stories.jsx[2m > [22m[2mWorkbook With Progress
[22m[39mCustomAnswerComponent.displayPrompt undefined
[90mstdout[2m | src/components/Editor3/Workbook.stories.jsx[2m > [22m[2mWorkbook With Progress
[22m[39m[ChatContext] Chat exists and not archived, skipping creation
[90mstdout[2m | src/components/Editor3/Workbook.stories.jsx[2m > [22m[2mWorkbook With Progress
[22m[39m[StoryProgressPlugin] Exercise node keys: {
  "custom-answer": [
    "79",
    "82",
  ],
  "meaning-association": [
    "67",
  ],
  "quiz": [
    "74",
  ],
}
[90mstdout[2m | src/components/Editor3/Workbook.stories.jsx[2m > [22m[2mWorkbook With Progress
[22m[39m[StoryProgressPlugin] grade: {
  "_version": 1,
  "accuracy": 0.75,
  "complete": false,
  "data": {
    "custom-q-1": {
      "accuracy": 1,
      "answerType": "text",
      "complete": true,
      "submittedAt": "2026-09-26T08:49:03.425Z",
      "userAnswer": "Common Japanese greetings include こんにちは (hello), ありがとう (thank you), and さようなら (goodbye). These are essential phrases used in daily conversation.",
    },
    "custom-q-2": {
      "complete": false,
    },
    "meaning-association-1": {
      "complete": false,
      "learn": {
        "accuracy": 0.75,
        "attemptedAnswers": {
          "vocab-word-1": [
            "vocab-word-1",
          ],
          "vocab-word-2": [
            "vocab-word-1",
            "vocab-word-2",
          ],
          "vocab-word-3": [
            "vocab-word-3",
          ],
        },
        "attemptsCount": 4,
        "complete": false,
        "droppedPairs": {
          "vocab-word-1": "vocab-word-1",
          "vocab-word-2": "vocab-word-2",
          "vocab-word-3": "vocab-word-3",
        },
        "percentComplete": 0.6,
        "verifiedAnswers": [
          "vocab-word-1",
          "vocab-word-2",
          "vocab-word-3",
        ],
      },
      "tabIndex": 0,
    },
    "quiz-1": {
      "accuracy": 0.67,
      "answers": {
        "progress-quiz-q1": {
          "attempts": 1,
          "correct": true,
          "selected": "Hello",
        },
        "progress-quiz-q11": {
          "attempts": 1,
          "correct": true,
          "selected": "ありがとう",
        },
        "progress-quiz-q13": {
          "attempts": 1,
          "correct": true,
          "selected": "いぬ",
        },
        "progress-quiz-q2": {
          "attempts": 1,
          "correct": false,
          "selected": "Hello",
        },
        "progress-quiz-q3": {
          "attempts": 1,
          "correct": false,
          "selected": "Thank you",
        },
        "progress-quiz-q6": {
          "attempts": 1,
          "correct": true,
          "selected": "猫 (neko)",
        },
      },
      "complete": false,
      "percentComplete": 0.375,
    },
  },
  "id": "grade-progress-1",
  "owner": "student-alice-sub",
  "percentComplete": 0.4,
  "timerStarted": true,
  "unitID": "workbook-with-progress-id",
  "unitVersion": 1,
}
[90mstdout[2m | src/components/Editor3/Workbook.stories.jsx[2m > [22m[2mWorkbook With Progress
[22m[39m[StoryProgressPlugin] grade.data: {
  "custom-q-1": {
    "accuracy": 1,
    "answerType": "text",
    "complete": true,
    "submittedAt": "2026-09-26T08:49:03.425Z",
    "userAnswer": "Common Japanese greetings include こんにちは (hello), ありがとう (thank you), and さようなら (goodbye). These are essential phrases used in daily conversation.",
  },
  "custom-q-2": {
    "complete": false,
  },
  "meaning-association-1": {
    "complete": false,
    "learn": {
      "accuracy": 0.75,
      "attemptedAnswers": {
        "vocab-word-1": [
          "vocab-word-1",
        ],
        "vocab-word-2": [
          "vocab-word-1",
          "vocab-word-2",
        ],
        "vocab-word-3": [
          "vocab-word-3",
        ],
      },
      "attemptsCount": 4,
      "complete": false,
      "droppedPairs": {
        "vocab-word-1": "vocab-word-1",
        "vocab-word-2": "vocab-word-2",
        "vocab-word-3": "vocab-word-3",
      },
      "percentComplete": 0.6,
      "verifiedAnswers": [
        "vocab-word-1",
        "vocab-word-2",
        "vocab-word-3",
      ],
    },
    "tabIndex": 0,
  },
  "quiz-1": {
    "accuracy": 0.67,
    "answers": {
      "progress-quiz-q1": {
        "attempts": 1,
        "correct": true,
        "selected": "Hello",
      },
      "progress-quiz-q11": {
        "attempts": 1,
        "correct": true,
        "selected": "ありがとう",
      },
      "progress-quiz-q13": {
        "attempts": 1,
        "correct": true,
        "selected": "いぬ",
      },
      "progress-quiz-q2": {
        "attempts": 1,
        "correct": false,
        "selected": "Hello",
      },
      "progress-quiz-q3": {
        "attempts": 1,
        "correct": false,
        "selected": "Thank you",
      },
      "progress-quiz-q6": {
        "attempts": 1,
        "correct": true,
        "selected": "猫 (neko)",
      },
    },
    "complete": false,
    "percentComplete": 0.375,
  },
}
[90mstdout[2m | src/components/Editor3/Workbook.stories.jsx[2m > [22m[2mWorkbook With Progress
[22m[39m[StoryProgressPlugin] typeof grade.data: object
[90mstdout[2m | src/components/Editor3/Workbook.stories.jsx[2m > [22m[2mWorkbook With Progress
[22m[39m[StoryProgressPlugin] grade.data keys: [
  "meaning-association-1",
  "quiz-1",
  "custom-q-1",
  "custom-q-2",
]
[90mstdout[2m | src/components/Editor3/Workbook.stories.jsx[2m > [22m[2mWorkbook With Progress
[22m[39m[StoryProgressPlugin] hasExerciseData: false
[90mstdout[2m | src/components/Editor3/Workbook.stories.jsx[2m > [22m[2mWorkbook With Progress
[22m[39m[StoryProgressPlugin] Seeding grade with data: {
  "67": {
    "complete": false,
    "easy": {
      "accuracy": 0.75,
      "attemptedAnswers": {
        "vocab-word-1": [],
        "vocab-word-2": [
          "vocab-word-3",
        ],
        "vocab-word-3": [],
      },
      "attemptsCount": 4,
      "complete": false,
      "percentComplete": 0.6,
      "verifiedAnswers": [
        "vocab-word-1",
        "vocab-word-2",
        "vocab-word-3",
      ],
    },
    "hard": {
      "attemptedAnswers": {
        "vocab-word-1": [
          "vocab-word-1",
        ],
        "vocab-word-2": [
          "vocab-word-3",
          "vocab-word-2",
        ],
      },
      "complete": false,
      "percentComplete": 0.4,
      "verifiedAnswers": [
        "vocab-word-1",
        "vocab-word-2",
      ],
    },
    "learn": {
      "accuracy": 1,
      "attemptedAnswers": {
        "vocab-word-1": [
          "vocab-word-1",
        ],
      },
      "attemptsCount": 1,
      "complete": false,
      "droppedPairs": {
        "vocab-word-1": "vocab-word-1",
      },
      "percentComplete": 0.2,
      "verifiedAnswers": [
        "vocab-word-1",
      ],
    },
    "tabIndex": 0,
  },
  "74": {
    "accuracy": 0.5,
    "attemptedAnswers": {
      "0": "0",
      "1": "1",
    },
    "complete": false,
    "correctAnswers": {
      "0": "0",
    },
  },
  "79": {
    "accuracy": 1,
    "complete": true,
    "feedback": "Correct! "犬" (inu) means "dog" in Japanese.",
    "userResponse": "Dog",
  },
  "82": {
    "accuracy": 1,
    "complete": true,
    "feedback": "Great! "さようなら" (sayounara) is indeed a farewell greeting.",
    "userResponse": "A farewell greeting",
  },
}
[90mstdout[2m | src/components/Editor3/Workbook.stories.jsx[2m > [22m[2mWorkbook With Progress
[22m[39m[StoryProgressPlugin] Updating grade with data: {
  "67": {
    "complete": false,
    "easy": {
      "accuracy": 0.75,
      "attemptedAnswers": {
        "vocab-word-1": [],
        "vocab-word-2": [
          "vocab-word-3",
        ],
        "vocab-word-3": [],
      },
      "attemptsCount": 4,
      "complete": false,
      "percentComplete": 0.6,
      "verifiedAnswers": [
        "vocab-word-1",
        "vocab-word-2",
        "vocab-word-3",
      ],
    },
    "hard": {
      "attemptedAnswers": {
        "vocab-word-1": [
          "vocab-word-1",
        ],
        "vocab-word-2": [
          "vocab-word-3",
          "vocab-word-2",
        ],
      },
      "complete": false,
      "percentComplete": 0.4,
      "verifiedAnswers": [
        "vocab-word-1",
        "vocab-word-2",
      ],
    },
    "learn": {
      "accuracy": 1,
      "attemptedAnswers": {
        "vocab-word-1": [
          "vocab-word-1",
        ],
      },
      "attemptsCount": 1,
      "complete": false,
      "droppedPairs": {
        "vocab-word-1": "vocab-word-1",
      },
      "percentComplete": 0.2,
      "verifiedAnswers": [
        "vocab-word-1",
      ],
    },
    "tabIndex": 0,
  },
  "74": {
    "accuracy": 0.5,
    "attemptedAnswers": {
      "0": "0",
      "1": "1",
    },
    "complete": false,
    "correctAnswers": {
      "0": "0",
    },
  },
  "79": {
    "accuracy": 1,
    "complete": true,
    "feedback": "Correct! "犬" (inu) means "dog" in Japanese.",
    "userResponse": "Dog",
  },
  "82": {
    "accuracy": 1,
    "complete": true,
    "feedback": "Great! "さようなら" (sayounara) is indeed a farewell greeting.",
    "userResponse": "A farewell greeting",
  },
}
[90mstdout[2m | src/components/Editor3/Workbook.stories.jsx[2m > [22m[2mWorkbook With Progress
[22m[39m[Mock Data] Grade updated: grade-progress-1 - notified 1 subscribers
[90mstdout[2m | src/components/Editor3/Workbook.stories.jsx[2m > [22m[2mWorkbook With Progress
[22m[39mEasy.nodeKey 67 type: string
[90mstdout[2m | src/components/Editor3/Workbook.stories.jsx[2m > [22m[2mWorkbook With Progress
[22m[39mEasy.grade: {
  "_version": 2,
  "accuracy": 0.75,
  "complete": false,
  "data": {
    "67": {
      "complete": false,
      "easy": {
        "accuracy": 0.75,
        "attemptedAnswers": {
          "vocab-word-1": [],
          "vocab-word-2": [
            "vocab-word-3",
          ],
          "vocab-word-3": [],
        },
        "attemptsCount": 4,
        "complete": false,
        "percentComplete": 0.6,
        "verifiedAnswers": [
          "vocab-word-1",
          "vocab-word-2",
          "vocab-word-3",
        ],
      },
      "hard": {
        "attemptedAnswers": {
          "vocab-word-1": [
            "vocab-word-1",
          ],
          "vocab-word-2": [
            "vocab-word-3",
            "vocab-word-2",
          ],
        },
        "complete": false,
        "percentComplete": 0.4,
        "verifiedAnswers": [
          "vocab-word-1",
          "vocab-word-2",
        ],
      },
      "learn": {
        "accuracy": 1,
        "attemptedAnswers": {
          "vocab-word-1": [
            "vocab-word-1",
          ],
        },
        "attemptsCount": 1,
        "complete": false,
        "droppedPairs": {
          "vocab-word-1": "vocab-word-1",
        },
        "percentComplete": 0.2,
        "verifiedAnswers": [
          "vocab-word-1",
        ],
      },
      "tabIndex": 0,
    },
    "74": {
      "accuracy": 0.5,
      "attemptedAnswers": {
        "0": "0",
        "1": "1",
      },
      "complete": false,
      "correctAnswers": {
        "0": "0",
      },
    },
    "79": {
      "accuracy": 1,
      "complete": true,
      "feedback": "Correct! "犬" (inu) means "dog" in Japanese.",
      "userResponse": "Dog",
    },
    "82": {
      "accuracy": 1,
      "complete": true,
      "feedback": "Great! "さようなら" (sayounara) is indeed a farewell greeting.",
      "userResponse": "A farewell greeting",
    },
  },
  "id": "grade-progress-1",
  "owner": "student-alice-sub",
  "percentComplete": 0.65,
  "timerStarted": true,
  "unitID": "workbook-with-progress-id",
  "unitVersion": 1,
  "updatedAt": "2026-09-26T09:49:04.140Z",
}
[90mstdout[2m | src/components/Editor3/Workbook.stories.jsx[2m > [22m[2mWorkbook With Progress
[22m[39mEasy.grade.data: {
  "67": {
    "complete": false,
    "easy": {
      "accuracy": 0.75,
      "attemptedAnswers": {
        "vocab-word-1": [],
        "vocab-word-2": [
          "vocab-word-3",
        ],
        "vocab-word-3": [],
      },
      "attemptsCount": 4,
      "complete": false,
      "percentComplete": 0.6,
      "verifiedAnswers": [
        "vocab-word-1",
        "vocab-word-2",
        "vocab-word-3",
      ],
    },
    "hard": {
      "attemptedAnswers": {
        "vocab-word-1": [
          "vocab-word-1",
        ],
        "vocab-word-2": [
          "vocab-word-3",
          "vocab-word-2",
        ],
      },
      "complete": false,
      "percentComplete": 0.4,
      "verifiedAnswers": [
        "vocab-word-1",
        "vocab-word-2",
      ],
    },
    "learn": {
      "accuracy": 1,
      "attemptedAnswers": {
        "vocab-word-1": [
          "vocab-word-1",
        ],
      },
      "attemptsCount": 1,
      "complete": false,
      "droppedPairs": {
        "vocab-word-1": "vocab-word-1",
      },
      "percentComplete": 0.2,
      "verifiedAnswers": [
        "vocab-word-1",
      ],
    },
    "tabIndex": 0,
  },
  "74": {
    "accuracy": 0.5,
    "attemptedAnswers": {
      "0": "0",
      "1": "1",
    },
    "complete": false,
    "correctAnswers": {
      "0": "0",
    },
  },
  "79": {
    "accuracy": 1,
    "complete": true,
    "feedback": "Correct! "犬" (inu) means "dog" in Japanese.",
    "userResponse": "Dog",
  },
  "82": {
    "accuracy": 1,
    "complete": true,
    "feedback": "Great! "さようなら" (sayounara) is indeed a farewell greeting.",
    "userResponse": "A farewell greeting",
  },
}
[90mstdout[2m | src/components/Editor3/Workbook.stories.jsx[2m > [22m[2mWorkbook With Progress
[22m[39mEasy.grade.data === grade? false
[90mstdout[2m | src/components/Editor3/Workbook.stories.jsx[2m > [22m[2mWorkbook With Progress
[22m[39mEasy.grade.data keys: [
  "67",
  "74",
  "79",
  "82",
]
[90mstdout[2m | src/components/Editor3/Workbook.stories.jsx[2m > [22m[2mWorkbook With Progress
[22m[39mEasy.grade.data[nodeKey]: {
  "complete": false,
  "easy": {
    "accuracy": 0.75,
    "attemptedAnswers": {
      "vocab-word-1": [],
      "vocab-word-2": [
        "vocab-word-3",
      ],
      "vocab-word-3": [],
    },
    "attemptsCount": 4,
    "complete": false,
    "percentComplete": 0.6,
    "verifiedAnswers": [
      "vocab-word-1",
      "vocab-word-2",
      "vocab-word-3",
    ],
  },
  "hard": {
    "attemptedAnswers": {
      "vocab-word-1": [
        "vocab-word-1",
      ],
      "vocab-word-2": [
        "vocab-word-3",
        "vocab-word-2",
      ],
    },
    "complete": false,
    "percentComplete": 0.4,
    "verifiedAnswers": [
      "vocab-word-1",
      "vocab-word-2",
    ],
  },
  "learn": {
    "accuracy": 1,
    "attemptedAnswers": {
      "vocab-word-1": [
        "vocab-word-1",
      ],
    },
    "attemptsCount": 1,
    "complete": false,
    "droppedPairs": {
      "vocab-word-1": "vocab-word-1",
    },
    "percentComplete": 0.2,
    "verifiedAnswers": [
      "vocab-word-1",
    ],
  },
  "tabIndex": 0,
}
[90mstdout[2m | src/components/Editor3/Workbook.stories.jsx[2m > [22m[2mWorkbook With Progress
[22m[39mEasy.inProgress {
  "complete": false,
  "easy": {
    "accuracy": 0.75,
    "attemptedAnswers": {
      "vocab-word-1": [],
      "vocab-word-2": [
        "vocab-word-3",
      ],
      "vocab-word-3": [],
    },
    "attemptsCount": 4,
    "complete": false,
    "percentComplete": 0.6,
    "verifiedAnswers": [
      "vocab-word-1",
      "vocab-word-2",
      "vocab-word-3",
    ],
  },
  "hard": {
    "attemptedAnswers": {
      "vocab-word-1": [
        "vocab-word-1",
      ],
      "vocab-word-2": [
        "vocab-word-3",
        "vocab-word-2",
      ],
    },
    "complete": false,
    "percentComplete": 0.4,
    "verifiedAnswers": [
      "vocab-word-1",
      "vocab-word-2",
    ],
  },
  "learn": {
    "accuracy": 1,
    "attemptedAnswers": {
      "vocab-word-1": [
        "vocab-word-1",
      ],
    },
    "attemptsCount": 1,
    "complete": false,
    "droppedPairs": {
      "vocab-word-1": "vocab-word-1",
    },
    "percentComplete": 0.2,
    "verifiedAnswers": [
      "vocab-word-1",
    ],
  },
  "tabIndex": 0,
}
[90mstdout[2m | src/components/Editor3/Workbook.stories.jsx[2m > [22m[2mWorkbook With Progress
[22m[39mHard.attemptedAnswers {}
[90mstdout[2m | src/components/Editor3/Workbook.stories.jsx[2m > [22m[2mWorkbook With Progress
[22m[39mQuestionBlockRo.grade {
  "_version": 2,
  "accuracy": 0.75,
  "complete": false,
  "data": {
    "67": {
      "complete": false,
      "easy": {
        "accuracy": 0.75,
        "attemptedAnswers": {
          "vocab-word-1": [],
          "vocab-word-2": [
            "vocab-word-3",
          ],
          "vocab-word-3": [],
        },
        "attemptsCount": 4,
        "complete": false,
        "percentComplete": 0.6,
        "verifiedAnswers": [
          "vocab-word-1",
          "vocab-word-2",
          "vocab-word-3",
        ],
      },
      "hard": {
        "attemptedAnswers": {
          "vocab-word-1": [
            "vocab-word-1",
          ],
          "vocab-word-2": [
            "vocab-word-3",
            "vocab-word-2",
          ],
        },
        "complete": false,
        "percentComplete": 0.4,
        "verifiedAnswers": [
          "vocab-word-1",
          "vocab-word-2",
        ],
      },
      "learn": {
        "accuracy": 1,
        "attemptedAnswers": {
          "vocab-word-1": [
            "vocab-word-1",
          ],
        },
        "attemptsCount": 1,
        "complete": false,
        "droppedPairs": {
          "vocab-word-1": "vocab-word-1",
        },
        "percentComplete": 0.2,
        "verifiedAnswers": [
          "vocab-word-1",
        ],
      },
      "tabIndex": 0,
    },
    "74": {
      "accuracy": 0.5,
      "attemptedAnswers": {
        "0": "0",
        "1": "1",
      },
      "complete": false,
      "correctAnswers": {
        "0": "0",
      },
    },
    "79": {
      "accuracy": 1,
      "complete": true,
      "feedback": "Correct! "犬" (inu) means "dog" in Japanese.",
      "userResponse": "Dog",
    },
    "82": {
      "accuracy": 1,
      "complete": true,
      "feedback": "Great! "さようなら" (sayounara) is indeed a farewell greeting.",
      "userResponse": "A farewell greeting",
    },
  },
  "id": "grade-progress-1",
  "owner": "student-alice-sub",
  "percentComplete": 0.65,
  "timerStarted": true,
  "unitID": "workbook-with-progress-id",
  "unitVersion": 1,
  "updatedAt": "2026-09-26T09:49:04.140Z",
}
[90mstdout[2m | src/components/Editor3/Workbook.stories.jsx[2m > [22m[2mWorkbook With Progress
[22m[39m......!q {
  "answer": "Hello",
  "correct": true,
  "id": "progress-quiz-q1",
}
[90mstdout[2m | src/components/Editor3/Workbook.stories.jsx[2m > [22m[2mWorkbook With Progress
[22m[39m......!q {
  "answer": "Goodbye",
  "correct": false,
  "id": "progress-quiz-q2",
}
[90mstdout[2m | src/components/Editor3/Workbook.stories.jsx[2m > [22m[2mWorkbook With Progress
[22m[39m......!q {
  "answer": "Thank you",
  "correct": false,
  "id": "progress-quiz-q3",
}
[90mstdout[2m | src/components/Editor3/Workbook.stories.jsx[2m > [22m[2mWorkbook With Progress
[22m[39m......!q {
  "answer": "Please",
  "correct": false,
  "id": "progress-quiz-q4",
}
[90mstdout[2m | src/components/Editor3/Workbook.stories.jsx[2m > [22m[2mWorkbook With Progress
[22m[39m......!q {
  "answer": "犬 (inu)",
  "correct": false,
  "id": "progress-quiz-q5",
}
[90mstdout[2m | src/components/Editor3/Workbook.stories.jsx[2m > [22m[2mWorkbook With Progress
[22m[39m......!q {
  "answer": "猫 (neko)",
  "correct": true,
  "id": "progress-quiz-q6",
}
[90mstdout[2m | src/components/Editor3/Workbook.stories.jsx[2m > [22m[2mWorkbook With Progress
[22m[39m......!q {
  "answer": "本 (hon)",
  "correct": false,
  "id": "progress-quiz-q7",
}
[90mstdout[2m | src/components/Editor3/Workbook.stories.jsx[2m > [22m[2mWorkbook With Progress
[22m[39m......!q {
  "answer": "水 (mizu)",
  "correct": false,
  "id": "progress-quiz-q8",
}
[90mstdout[2m | src/components/Editor3/Workbook.stories.jsx[2m > [22m[2mWorkbook With Progress
[22m[39m......!q {
  "answer": "さようなら",
  "correct": false,
  "id": "progress-quiz-q9",
}
[90mstdout[2m | src/components/Editor3/Workbook.stories.jsx[2m > [22m[2mWorkbook With Progress
[22m[39m......!q {
  "answer": "こんにちは",
  "correct": false,
  "id": "progress-quiz-q10",
}
[90mstdout[2m | src/components/Editor3/Workbook.stories.jsx[2m > [22m[2mWorkbook With Progress
[22m[39m......!q {
  "answer": "ありがとう",
  "correct": true,
  "id": "progress-quiz-q11",
}
[90mstdout[2m | src/components/Editor3/Workbook.stories.jsx[2m > [22m[2mWorkbook With Progress
[22m[39m......!q {
  "answer": "すみません",
  "correct": false,
  "id": "progress-quiz-q12",
}
[90mstdout[2m | src/components/Editor3/Workbook.stories.jsx[2m > [22m[2mWorkbook With Progress
[22m[39m......!q {
  "answer": "いぬ",
  "correct": true,
  "id": "progress-quiz-q13",
}
[90mstdout[2m | src/components/Editor3/Workbook.stories.jsx[2m > [22m[2mWorkbook With Progress
[22m[39m......!q {
  "answer": "ねこ",
  "correct": false,
  "id": "progress-quiz-q14",
}
[90mstdout[2m | src/components/Editor3/Workbook.stories.jsx[2m > [22m[2mWorkbook With Progress
[22m[39m......!q {
  "answer": "ほん",
  "correct": false,
  "id": "progress-quiz-q15",
}
[90mstdout[2m | src/components/Editor3/Workbook.stories.jsx[2m > [22m[2mWorkbook With Progress
[22m[39m......!q {
  "answer": "みず",
  "correct": false,
  "id": "progress-quiz-q16",
}
[90mstdout[2m | src/components/Editor3/Workbook.stories.jsx[2m > [22m[2mWorkbook With Progress
[22m[39mQuestionBlock.nodeKey 74 type: string
[90mstdout[2m | src/components/Editor3/Workbook.stories.jsx[2m > [22m[2mWorkbook With Progress
[22m[39mQuestionBlock.questionContent [
  {
    "answer": "Hello",
    "correct": true,
    "id": "progress-quiz-q1",
  },
  {
    "answer": "Goodbye",
    "correct": false,
    "id": "progress-quiz-q2",
  },
  {
    "answer": "Thank you",
    "correct": false,
    "id": "progress-quiz-q3",
  },
  {
    "answer": "Please",
    "correct": false,
    "id": "progress-quiz-q4",
  },
  {
    "answer": "犬 (inu)",
    "correct": false,
    "id": "progress-quiz-q5",
  },
  {
    "answer": "猫 (neko)",
    "correct": true,
    "id": "progress-quiz-q6",
  },
  {
    "answer": "本 (hon)",
    "correct": false,
    "id": "progress-quiz-q7",
  },
  {
    "answer": "水 (mizu)",
    "correct": false,
    "id": "progress-quiz-q8",
  },
  {
    "answer": "さようなら",
    "correct": false,
    "id": "progress-quiz-q9",
  },
  {
    "answer": "こんにちは",
    "correct": false,
    "id": "progress-quiz-q10",
  },
  {
    "answer": "ありがとう",
    "correct": true,
    "id": "progress-quiz-q11",
  },
  {
    "answer": "すみません",
    "correct": false,
    "id": "progress-quiz-q12",
  },
  {
    "answer": "いぬ",
    "correct": true,
    "id": "progress-quiz-q13",
  },
  {
    "answer": "ねこ",
    "correct": false,
    "id": "progress-quiz-q14",
  },
  {
    "answer": "ほん",
    "correct": false,
    "id": "progress-quiz-q15",
  },
  {
    "answer": "みず",
    "correct": false,
    "id": "progress-quiz-q16",
  },
]
[90mstdout[2m | src/components/Editor3/Workbook.stories.jsx[2m > [22m[2mWorkbook With Progress
[22m[39mQuestionBlock.grade.data keys: [
  "67",
  "74",
  "79",
  "82",
]
[90mstdout[2m | src/components/Editor3/Workbook.stories.jsx[2m > [22m[2mWorkbook With Progress
[22m[39mQuestionBlock.grade.data[nodeKey]: {
  "accuracy": 0.5,
  "attemptedAnswers": {
    "0": "0",
    "1": "1",
  },
  "complete": false,
  "correctAnswers": {
    "0": "0",
  },
}
[90mstdout[2m | src/components/Editor3/Workbook.stories.jsx[2m > [22m[2mWorkbook With Progress
[22m[39mQuestionBlockRo.inProgress {
  "accuracy": 0.5,
  "attemptedAnswers": {
    "0": "0",
    "1": "1",
  },
  "complete": false,
  "correctAnswers": {
    "0": "0",
  },
}
[90mstdout[2m | src/components/Editor3/Workbook.stories.jsx[2m > [22m[2mWorkbook With Progress
[22m[39mCustomAnswerComponent.questionID question-1
[90mstdout[2m | src/components/Editor3/Workbook.stories.jsx[2m > [22m[2mWorkbook With Progress
[22m[39mCustomAnswerComponent.questionBank {}
[90mstdout[2m | src/components/Editor3/Workbook.stories.jsx[2m > [22m[2mWorkbook With Progress
[22m[39mCustomAnswerComponent.question {}
[90mstdout[2m | src/components/Editor3/Workbook.stories.jsx[2m > [22m[2mWorkbook With Progress
[22m[39mCustomAnswerComponent.question {}
[90mstdout[2m | src/components/Editor3/Workbook.stories.jsx[2m > [22m[2mWorkbook With Progress
[22m[39mCustomAnswerComponent.prompt undefined
[90mstdout[2m | src/components/Editor3/Workbook.stories.jsx[2m > [22m[2mWorkbook With Progress
[22m[39mCustomAnswerComponent.feedback[questionID] undefined
[90mstdout[2m | src/components/Editor3/Workbook.stories.jsx[2m > [22m[2mWorkbook With Progress
[22m[39mCustomAnswerComponent.isCompleted undefined
[90mstdout[2m | src/components/Editor3/Workbook.stories.jsx[2m > [22m[2mWorkbook With Progress
[22m[39mCustomAnswerComponent.currentPromptMethod text
[90mstdout[2m | src/components/Editor3/Workbook.stories.jsx[2m > [22m[2mWorkbook With Progress
[22m[39mCustomAnswerComponent.displayPrompt undefined
[90mstdout[2m | src/components/Editor3/Workbook.stories.jsx[2m > [22m[2mWorkbook With Progress
[22m[39mCustomAnswerComponent.questionID question-2
[90mstdout[2m | src/components/Editor3/Workbook.stories.jsx[2m > [22m[2mWorkbook With Progress
[22m[39mCustomAnswerComponent.questionBank {}
[90mstdout[2m | src/components/Editor3/Workbook.stories.jsx[2m > [22m[2mWorkbook With Progress
[22m[39mCustomAnswerComponent.question {}
[90mstdout[2m | src/components/Editor3/Workbook.stories.jsx[2m > [22m[2mWorkbook With Progress
[22m[39mCustomAnswerComponent.question {}
[90mstdout[2m | src/components/Editor3/Workbook.stories.jsx[2m > [22m[2mWorkbook With Progress
[22m[39mCustomAnswerComponent.prompt undefined
[90mstdout[2m | src/components/Editor3/Workbook.stories.jsx[2m > [22m[2mWorkbook With Progress
[22m[39mCustomAnswerComponent.feedback[questionID] undefined
[90mstdout[2m | src/components/Editor3/Workbook.stories.jsx[2m > [22m[2mWorkbook With Progress
[22m[39mCustomAnswerComponent.isCompleted undefined
[90mstdout[2m | src/components/Editor3/Workbook.stories.jsx[2m > [22m[2mWorkbook With Progress
[22m[39mCustomAnswerComponent.currentPromptMethod text
[90mstdout[2m | src/components/Editor3/Workbook.stories.jsx[2m > [22m[2mWorkbook With Progress
[22m[39mCustomAnswerComponent.displayPrompt undefined
[90mstdout[2m | src/components/Editor3/Workbook.stories.jsx[2m > [22m[2mWorkbook With Progress
[22m[39mEasy.nodeKey 67 type: string
[90mstdout[2m | src/components/Editor3/Workbook.stories.jsx[2m > [22m[2mWorkbook With Progress
[22m[39mEasy.grade: {
  "_version": 2,
  "accuracy": 0.75,
  "complete": false,
  "data": {
    "67": {
      "complete": false,
      "easy": {
        "accuracy": 0.75,
        "attemptedAnswers": {
          "vocab-word-1": [],
          "vocab-word-2": [
            "vocab-word-3",
          ],
          "vocab-word-3": [],
        },
        "attemptsCount": 4,
        "complete": false,
        "percentComplete": 0.6,
        "verifiedAnswers": [
          "vocab-word-1",
          "vocab-word-2",
          "vocab-word-3",
        ],
      },
      "hard": {
        "attemptedAnswers": {
          "vocab-word-1": [
            "vocab-word-1",
          ],
          "vocab-word-2": [
            "vocab-word-3",
            "vocab-word-2",
          ],
        },
        "complete": false,
        "percentComplete": 0.4,
        "verifiedAnswers": [
          "vocab-word-1",
          "vocab-word-2",
        ],
      },
      "learn": {
        "accuracy": 1,
        "attemptedAnswers": {
          "vocab-word-1": [
            "vocab-word-1",
          ],
        },
        "attemptsCount": 1,
        "complete": false,
        "droppedPairs": {
          "vocab-word-1": "vocab-word-1",
        },
        "percentComplete": 0.2,
        "verifiedAnswers": [
          "vocab-word-1",
        ],
      },
      "tabIndex": 0,
    },
    "74": {
      "accuracy": 0.5,
      "attemptedAnswers": {
        "0": "0",
        "1": "1",
      },
      "complete": false,
      "correctAnswers": {
        "0": "0",
      },
    },
    "79": {
      "accuracy": 1,
      "complete": true,
      "feedback": "Correct! "犬" (inu) means "dog" in Japanese.",
      "userResponse": "Dog",
    },
    "82": {
      "accuracy": 1,
      "complete": true,
      "feedback": "Great! "さようなら" (sayounara) is indeed a farewell greeting.",
      "userResponse": "A farewell greeting",
    },
  },
  "id": "grade-progress-1",
  "owner": "student-alice-sub",
  "percentComplete": 0.65,
  "timerStarted": true,
  "unitID": "workbook-with-progress-id",
  "unitVersion": 1,
  "updatedAt": "2026-09-26T09:49:04.140Z",
}
[90mstdout[2m | src/components/Editor3/Workbook.stories.jsx[2m > [22m[2mWorkbook With Progress
[22m[39mEasy.grade.data: {
  "67": {
    "complete": false,
    "easy": {
      "accuracy": 0.75,
      "attemptedAnswers": {
        "vocab-word-1": [],
        "vocab-word-2": [
          "vocab-word-3",
        ],
        "vocab-word-3": [],
      },
      "attemptsCount": 4,
      "complete": false,
      "percentComplete": 0.6,
      "verifiedAnswers": [
        "vocab-word-1",
        "vocab-word-2",
        "vocab-word-3",
      ],
    },
    "hard": {
      "attemptedAnswers": {
        "vocab-word-1": [
          "vocab-word-1",
        ],
        "vocab-word-2": [
          "vocab-word-3",
          "vocab-word-2",
        ],
      },
      "complete": false,
      "percentComplete": 0.4,
      "verifiedAnswers": [
        "vocab-word-1",
        "vocab-word-2",
      ],
    },
    "learn": {
      "accuracy": 1,
      "attemptedAnswers": {
        "vocab-word-1": [
          "vocab-word-1",
        ],
      },
      "attemptsCount": 1,
      "complete": false,
      "droppedPairs": {
        "vocab-word-1": "vocab-word-1",
      },
      "percentComplete": 0.2,
      "verifiedAnswers": [
        "vocab-word-1",
      ],
    },
    "tabIndex": 0,
  },
  "74": {
    "accuracy": 0.5,
    "attemptedAnswers": {
      "0": "0",
      "1": "1",
    },
    "complete": false,
    "correctAnswers": {
      "0": "0",
    },
  },
  "79": {
    "accuracy": 1,
    "complete": true,
    "feedback": "Correct! "犬" (inu) means "dog" in Japanese.",
    "userResponse": "Dog",
  },
  "82": {
    "accuracy": 1,
    "complete": true,
    "feedback": "Great! "さようなら" (sayounara) is indeed a farewell greeting.",
    "userResponse": "A farewell greeting",
  },
}
[90mstdout[2m | src/components/Editor3/Workbook.stories.jsx[2m > [22m[2mWorkbook With Progress
[22m[39mEasy.grade.data === grade? false
[90mstdout[2m | src/components/Editor3/Workbook.stories.jsx[2m > [22m[2mWorkbook With Progress
[22m[39mEasy.grade.data keys: [
  "67",
  "74",
  "79",
  "82",
]
[90mstdout[2m | src/components/Editor3/Workbook.stories.jsx[2m > [22m[2mWorkbook With Progress
[22m[39mEasy.grade.data[nodeKey]: {
  "complete": false,
  "easy": {
    "accuracy": 0.75,
    "attemptedAnswers": {
      "vocab-word-1": [],
      "vocab-word-2": [
        "vocab-word-3",
      ],
      "vocab-word-3": [],
    },
    "attemptsCount": 4,
    "complete": false,
    "percentComplete": 0.6,
    "verifiedAnswers": [
      "vocab-word-1",
      "vocab-word-2",
      "vocab-word-3",
    ],
  },
  "hard": {
    "attemptedAnswers": {
      "vocab-word-1": [
        "vocab-word-1",
      ],
      "vocab-word-2": [
        "vocab-word-3",
        "vocab-word-2",
      ],
    },
    "complete": false,
    "percentComplete": 0.4,
    "verifiedAnswers": [
      "vocab-word-1",
      "vocab-word-2",
    ],
  },
  "learn": {
    "accuracy": 1,
    "attemptedAnswers": {
      "vocab-word-1": [
        "vocab-word-1",
      ],
    },
    "attemptsCount": 1,
    "complete": false,
    "droppedPairs": {
      "vocab-word-1": "vocab-word-1",
    },
    "percentComplete": 0.2,
    "verifiedAnswers": [
      "vocab-word-1",
    ],
  },
  "tabIndex": 0,
}
[90mstdout[2m | src/components/Editor3/Workbook.stories.jsx[2m > [22m[2mWorkbook With Progress
[22m[39mEasy.inProgress {
  "complete": false,
  "easy": {
    "accuracy": 0.75,
    "attemptedAnswers": {
      "vocab-word-1": [],
      "vocab-word-2": [
        "vocab-word-3",
      ],
      "vocab-word-3": [],
    },
    "attemptsCount": 4,
    "complete": false,
    "percentComplete": 0.6,
    "verifiedAnswers": [
      "vocab-word-1",
      "vocab-word-2",
      "vocab-word-3",
    ],
  },
  "hard": {
    "attemptedAnswers": {
      "vocab-word-1": [
        "vocab-word-1",
      ],
      "vocab-word-2": [
        "vocab-word-3",
        "vocab-word-2",
      ],
    },
    "complete": false,
    "percentComplete": 0.4,
    "verifiedAnswers": [
      "vocab-word-1",
      "vocab-word-2",
    ],
  },
  "learn": {
    "accuracy": 1,
    "attemptedAnswers": {
      "vocab-word-1": [
        "vocab-word-1",
      ],
    },
    "attemptsCount": 1,
    "complete": false,
    "droppedPairs": {
      "vocab-word-1": "vocab-word-1",
    },
    "percentComplete": 0.2,
    "verifiedAnswers": [
      "vocab-word-1",
    ],
  },
  "tabIndex": 0,
}
[90mstdout[2m | src/components/Editor3/Workbook.stories.jsx[2m > [22m[2mWorkbook With Progress
[22m[39mHard.attemptedAnswers {
  "vocab-word-1": [
    "vocab-word-1",
  ],
  "vocab-word-2": [
    "vocab-word-3",
    "vocab-word-2",
  ],
}
[90mstdout[2m | src/components/Editor3/Workbook.stories.jsx[2m > [22m[2mWorkbook With Progress
[22m[39mCustomAnswerComponent.questionID question-1
[90mstdout[2m | src/components/Editor3/Workbook.stories.jsx[2m > [22m[2mWorkbook With Progress
[22m[39mCustomAnswerComponent.questionBank {}
[90mstdout[2m | src/components/Editor3/Workbook.stories.jsx[2m > [22m[2mWorkbook With Progress
[22m[39mCustomAnswerComponent.question {}
[90mstdout[2m | src/components/Editor3/Workbook.stories.jsx[2m > [22m[2mWorkbook With Progress
[22m[39mfeedback[questionID] {
  "answer": true,
  "reason": "Correct! "犬" (inu) means "dog" in Japanese.",
  "userResponse": "Dog",
}
[90mstdout[2m | src/components/Editor3/Workbook.stories.jsx[2m > [22m[2mWorkbook With Progress
[22m[39mCustomAnswerComponent.question {}
[90mstdout[2m | src/components/Editor3/Workbook.stories.jsx[2m > [22m[2mWorkbook With Progress
[22m[39mCustomAnswerComponent.prompt undefined
[90mstdout[2m | src/components/Editor3/Workbook.stories.jsx[2m > [22m[2mWorkbook With Progress
[22m[39mCustomAnswerComponent.feedback[questionID] {
  "answer": true,
  "reason": "Correct! "犬" (inu) means "dog" in Japanese.",
  "userResponse": "Dog",
}
[90mstdout[2m | src/components/Editor3/Workbook.stories.jsx[2m > [22m[2mWorkbook With Progress
[22m[39mCustomAnswerComponent.isCompleted true
[90mstdout[2m | src/components/Editor3/Workbook.stories.jsx[2m > [22m[2mWorkbook With Progress
[22m[39mCustomAnswerComponent.currentPromptMethod text
[90mstdout[2m | src/components/Editor3/Workbook.stories.jsx[2m > [22m[2mWorkbook With Progress
[22m[39mCustomAnswerComponent.displayPrompt null
[90mstdout[2m | src/components/Editor3/Workbook.stories.jsx[2m > [22m[2mWorkbook With Progress
[22m[39mCustomAnswerComponent.questionID question-2
[90mstdout[2m | src/components/Editor3/Workbook.stories.jsx[2m > [22m[2mWorkbook With Progress
[22m[39mCustomAnswerComponent.questionBank {}
[90mstdout[2m | src/components/Editor3/Workbook.stories.jsx[2m > [22m[2mWorkbook With Progress
[22m[39mCustomAnswerComponent.question {}
[90mstdout[2m | src/components/Editor3/Workbook.stories.jsx[2m > [22m[2mWorkbook With Progress
[22m[39mfeedback[questionID] {
  "answer": true,
  "reason": "Great! "さようなら" (sayounara) is indeed a farewell greeting.",
  "userResponse": "A farewell greeting",
}
[90mstdout[2m | src/components/Editor3/Workbook.stories.jsx[2m > [22m[2mWorkbook With Progress
[22m[39mCustomAnswerComponent.question {}
[90mstdout[2m | src/components/Editor3/Workbook.stories.jsx[2m > [22m[2mWorkbook With Progress
[22m[39mCustomAnswerComponent.prompt undefined
[90mstdout[2m | src/components/Editor3/Workbook.stories.jsx[2m > [22m[2mWorkbook With Progress
[22m[39mCustomAnswerComponent.feedback[questionID] {
  "answer": true,
  "reason": "Great! "さようなら" (sayounara) is indeed a farewell greeting.",
  "userResponse": "A farewell greeting",
}
[90mstdout[2m | src/components/Editor3/Workbook.stories.jsx[2m > [22m[2mWorkbook With Progress
[22m[39mCustomAnswerComponent.isCompleted true
[90mstdout[2m | src/components/Editor3/Workbook.stories.jsx[2m > [22m[2mWorkbook With Progress
[22m[39mCustomAnswerComponent.currentPromptMethod text
[90mstdout[2m | src/components/Editor3/Workbook.stories.jsx[2m > [22m[2mWorkbook With Progress
[22m[39mCustomAnswerComponent.displayPrompt null
[90mstdout[2m | src/components/Editor3/Workbook.stories.jsx[2m > [22m[2mWorkbook With Progress
[22m[39m[StoryProgressPlugin] Exercise node keys: {
  "custom-answer": [
    "79",
    "82",
  ],
  "meaning-association": [
    "67",
  ],
  "quiz": [
    "74",
  ],
}
[90mstdout[2m | src/components/Editor3/Workbook.stories.jsx[2m > [22m[2mWorkbook With Progress
[22m[39m[StoryProgressPlugin] grade: {
  "_version": 2,
  "accuracy": 0.75,
  "complete": false,
  "data": {
    "67": {
      "complete": false,
      "easy": {
        "accuracy": 0.75,
        "attemptedAnswers": {
          "vocab-word-1": [],
          "vocab-word-2": [
            "vocab-word-3",
          ],
          "vocab-word-3": [],
        },
        "attemptsCount": 4,
        "complete": false,
        "percentComplete": 0.6,
        "verifiedAnswers": [
          "vocab-word-1",
          "vocab-word-2",
          "vocab-word-3",
        ],
      },
      "hard": {
        "attemptedAnswers": {
          "vocab-word-1": [
            "vocab-word-1",
          ],
          "vocab-word-2": [
            "vocab-word-3",
            "vocab-word-2",
          ],
        },
        "complete": false,
        "percentComplete": 0.4,
        "verifiedAnswers": [
          "vocab-word-1",
          "vocab-word-2",
        ],
      },
      "learn": {
        "accuracy": 1,
        "attemptedAnswers": {
          "vocab-word-1": [
            "vocab-word-1",
          ],
        },
        "attemptsCount": 1,
        "complete": false,
        "droppedPairs": {
          "vocab-word-1": "vocab-word-1",
        },
        "percentComplete": 0.2,
        "verifiedAnswers": [
          "vocab-word-1",
        ],
      },
      "tabIndex": 0,
    },
    "74": {
      "accuracy": 0.5,
      "attemptedAnswers": {
        "0": "0",
        "1": "1",
      },
      "complete": false,
      "correctAnswers": {
        "0": "0",
      },
    },
    "79": {
      "accuracy": 1,
      "complete": true,
      "feedback": "Correct! "犬" (inu) means "dog" in Japanese.",
      "userResponse": "Dog",
    },
    "82": {
      "accuracy": 1,
      "complete": true,
      "feedback": "Great! "さようなら" (sayounara) is indeed a farewell greeting.",
      "userResponse": "A farewell greeting",
    },
  },
  "id": "grade-progress-1",
  "owner": "student-alice-sub",
  "percentComplete": 0.65,
  "timerStarted": true,
  "unitID": "workbook-with-progress-id",
  "unitVersion": 1,
  "updatedAt": "2026-09-26T09:49:04.140Z",
}
[90mstdout[2m | src/components/Editor3/Workbook.stories.jsx[2m > [22m[2mWorkbook With Progress
[22m[39m[StoryProgressPlugin] grade.data: {
  "67": {
    "complete": false,
    "easy": {
      "accuracy": 0.75,
      "attemptedAnswers": {
        "vocab-word-1": [],
        "vocab-word-2": [
          "vocab-word-3",
        ],
        "vocab-word-3": [],
      },
      "attemptsCount": 4,
      "complete": false,
      "percentComplete": 0.6,
      "verifiedAnswers": [
        "vocab-word-1",
        "vocab-word-2",
        "vocab-word-3",
      ],
    },
    "hard": {
      "attemptedAnswers": {
        "vocab-word-1": [
          "vocab-word-1",
        ],
        "vocab-word-2": [
          "vocab-word-3",
          "vocab-word-2",
        ],
      },
      "complete": false,
      "percentComplete": 0.4,
      "verifiedAnswers": [
        "vocab-word-1",
        "vocab-word-2",
      ],
    },
    "learn": {
      "accuracy": 1,
      "attemptedAnswers": {
        "vocab-word-1": [
          "vocab-word-1",
        ],
      },
      "attemptsCount": 1,
      "complete": false,
      "droppedPairs": {
        "vocab-word-1": "vocab-word-1",
      },
      "percentComplete": 0.2,
      "verifiedAnswers": [
        "vocab-word-1",
      ],
    },
    "tabIndex": 0,
  },
  "74": {
    "accuracy": 0.5,
    "attemptedAnswers": {
      "0": "0",
      "1": "1",
    },
    "complete": false,
    "correctAnswers": {
      "0": "0",
    },
  },
  "79": {
    "accuracy": 1,
    "complete": true,
    "feedback": "Correct! "犬" (inu) means "dog" in Japanese.",
    "userResponse": "Dog",
  },
  "82": {
    "accuracy": 1,
    "complete": true,
    "feedback": "Great! "さようなら" (sayounara) is indeed a farewell greeting.",
    "userResponse": "A farewell greeting",
  },
}
[90mstdout[2m | src/components/Editor3/Workbook.stories.jsx[2m > [22m[2mWorkbook With Progress
[22m[39m[StoryProgressPlugin] typeof grade.data: object
[90mstdout[2m | src/components/Editor3/Workbook.stories.jsx[2m > [22m[2mWorkbook With Progress
[22m[39m[StoryProgressPlugin] grade.data keys: [
  "67",
  "74",
  "79",
  "82",
]
[90mstdout[2m | src/components/Editor3/Workbook.stories.jsx[2m > [22m[2mWorkbook With Progress
[22m[39m[StoryProgressPlugin] hasExerciseData: true
[90mstdout[2m | src/components/Editor3/Workbook.stories.jsx[2m > [22m[2mKitchen Sink
[22m[39m[ChatContext] Cleaning up subscriptions
[90mstdout[2m | src/components/Editor3/Workbook.stories.jsx[2m > [22m[2mKitchen Sink
[22m[39m[Mock Data] Unit.onUpdate() subscription removed. Remaining: 0
[90mstdout[2m | src/components/Editor3/Workbook.stories.jsx[2m > [22m[2mKitchen Sink
[22m[39m[Preview] Skipped initializing default mock data (initializeMockData=false)
[90mstdout[2m | src/components/Editor3/Workbook.stories.jsx[2m > [22m[2mKitchen Sink
[22m[39m[Mock Data] seedMockUnit: Adding unit kitchen-sink-workbook-id
[90mstdout[2m | src/components/Editor3/Workbook.stories.jsx[2m > [22m[2mKitchen Sink
[22m[39m[Mock Data] Seeded grade: grade-kitchen-sink-1 for unit: kitchen-sink-workbook-id
[90mstdout[2m | src/components/Editor3/Workbook.stories.jsx[2m > [22m[2mKitchen Sink
[22m[39m[Mock Data] Grade has data: true
[90mstdout[2m | src/components/Editor3/Workbook.stories.jsx[2m > [22m[2mKitchen Sink
[22m[39m[Mock Data] Total grades in store: 1
[90mstdout[2m | src/components/Editor3/Workbook.stories.jsx[2m > [22m[2mKitchen Sink
[22m[39m[Mock Data] Seeded grade: grade-kitchen-sink-2 for unit: kitchen-sink-workbook-id
[90mstdout[2m | src/components/Editor3/Workbook.stories.jsx[2m > [22m[2mKitchen Sink
[22m[39m[Mock Data] Grade has data: true
[90mstdout[2m | src/components/Editor3/Workbook.stories.jsx[2m > [22m[2mKitchen Sink
[22m[39m[Mock Data] Total grades in store: 2
[90mstdout[2m | src/components/Editor3/Workbook.stories.jsx[2m > [22m[2mKitchen Sink
[22m[39m[Mock Data] Seeded grade: grade-kitchen-sink-3 for unit: kitchen-sink-workbook-id
[90mstdout[2m | src/components/Editor3/Workbook.stories.jsx[2m > [22m[2mKitchen Sink
[22m[39m[Mock Data] Grade has data: true
[90mstdout[2m | src/components/Editor3/Workbook.stories.jsx[2m > [22m[2mKitchen Sink
[22m[39m[Mock Data] Total grades in store: 3
[90mstdout[2m | src/components/Editor3/Workbook.stories.jsx[2m > [22m[2mKitchen Sink
[22m[39m[Mock Data] seedMockWords: Adding 5 words
[90mstdout[2m | src/components/Editor3/Workbook.stories.jsx[2m > [22m[2mKitchen Sink
[22m[39m[MOCK CourseVectorStore] Initialized with mock data
[90mstdout[2m | src/components/Editor3/Workbook.stories.jsx[2m > [22m[2mKitchen Sink
[22m[39m[TranslationModeController] Setting mode to: off
[90mstdout[2m | src/components/Editor3/Workbook.stories.jsx[2m > [22m[2mKitchen Sink
[22m[39m[UnitContext] useEffect triggered {
  "authLoading": false,
  "hasUser": true,
  "id": "kitchen-sink-workbook-id",
  "userSub": "mock-user-sub",
}
[90mstdout[2m | src/components/Editor3/Workbook.stories.jsx[2m > [22m[2mKitchen Sink
[22m[39m[UnitContext] Fetching unit data for id: kitchen-sink-workbook-id
[90mstdout[2m | src/components/Editor3/Workbook.stories.jsx[2m > [22m[2mKitchen Sink
[22m[39m[FilesContext] Initializing vector store from IndexedDB
[90mstdout[2m | src/components/Editor3/Workbook.stories.jsx[2m > [22m[2mKitchen Sink
[22m[39m[FilesContext] fetchFiles called
[90mstdout[2m | src/components/Editor3/Workbook.stories.jsx[2m > [22m[2mKitchen Sink
[22m[39m[FilesContext] User authenticated: mock-user-sub
[90mstdout[2m | src/components/Editor3/Workbook.stories.jsx[2m > [22m[2mKitchen Sink
[22m[39m[FilesContext] Identity ID: us-east-1:mock-identity-123
[90mstdout[2m | src/components/Editor3/Workbook.stories.jsx[2m > [22m[2mKitchen Sink
[22m[39m[FilesContext] About to set up File observeQuery
[90mstdout[2m | src/components/Editor3/Workbook.stories.jsx[2m > [22m[2mKitchen Sink
[22m[39m[ChatContext] Setting up AssistantChat observeQuery
[90mstdout[2m | src/components/Editor3/Workbook.stories.jsx[2m > [22m[2mKitchen Sink
[22m[39m[ChatContext] Waiting for subscription to initialize
[90mstdout[2m | src/components/Editor3/Workbook.stories.jsx[2m > [22m[2mKitchen Sink
[22m[39m[SettingsContext] Setting up Settings subscription for user: mock-user-sub
[90mstdout[2m | src/components/Editor3/Workbook.stories.jsx[2m > [22m[2mKitchen Sink
[22m[39m[Mock Data] Settings created: mock-settings-1790416144686 - notified 0 subscribers
[90mstdout[2m | src/components/Editor3/Workbook.stories.jsx[2m > [22m[2mKitchen Sink
[22m[39m[Mock Data] Unit.onUpdate() subscription added. Total: 1
[90mstdout[2m | src/components/Editor3/Workbook.stories.jsx[2m > [22m[2mKitchen Sink
[22m[39m[WorkbookStatePlugin] Loading unit content into read-only workbook: kitchen-sink-workbook-id
[90mstdout[2m | src/components/Editor3/Workbook.stories.jsx[2m > [22m[2mKitchen Sink
[22m[39mCustomAnswerComponent.questionID question-1
[90mstdout[2m | src/components/Editor3/Workbook.stories.jsx[2m > [22m[2mKitchen Sink
[22m[39mCustomAnswerComponent.questionBank []
[90mstdout[2m | src/components/Editor3/Workbook.stories.jsx[2m > [22m[2mKitchen Sink
[22m[39mCustomAnswerComponent.question {}
[90mstdout[2m | src/components/Editor3/Workbook.stories.jsx[2m > [22m[2mKitchen Sink
[22m[39mCustomAnswerComponent.question {}
[90mstdout[2m | src/components/Editor3/Workbook.stories.jsx[2m > [22m[2mKitchen Sink
[22m[39mCustomAnswerComponent.prompt undefined
[90mstdout[2m | src/components/Editor3/Workbook.stories.jsx[2m > [22m[2mKitchen Sink
[22m[39mCustomAnswerComponent.feedback[questionID] undefined
[90mstdout[2m | src/components/Editor3/Workbook.stories.jsx[2m > [22m[2mKitchen Sink
[22m[39mCustomAnswerComponent.isCompleted undefined
[90mstdout[2m | src/components/Editor3/Workbook.stories.jsx[2m > [22m[2mKitchen Sink
[22m[39mCustomAnswerComponent.currentPromptMethod text
[90mstdout[2m | src/components/Editor3/Workbook.stories.jsx[2m > [22m[2mKitchen Sink
[22m[39mCustomAnswerComponent.displayPrompt undefined
[90mstdout[2m | src/components/Editor3/Workbook.stories.jsx[2m > [22m[2mKitchen Sink
[22m[39mCustomAnswerComponent.questionID question-2
[90mstdout[2m | src/components/Editor3/Workbook.stories.jsx[2m > [22m[2mKitchen Sink
[22m[39mCustomAnswerComponent.questionBank []
[90mstdout[2m | src/components/Editor3/Workbook.stories.jsx[2m > [22m[2mKitchen Sink
[22m[39mCustomAnswerComponent.question {}
[90mstdout[2m | src/components/Editor3/Workbook.stories.jsx[2m > [22m[2mKitchen Sink
[22m[39mCustomAnswerComponent.question {}
[90mstdout[2m | src/components/Editor3/Workbook.stories.jsx[2m > [22m[2mKitchen Sink
[22m[39mCustomAnswerComponent.prompt undefined
[90mstdout[2m | src/components/Editor3/Workbook.stories.jsx[2m > [22m[2mKitchen Sink
[22m[39mCustomAnswerComponent.feedback[questionID] undefined
[90mstdout[2m | src/components/Editor3/Workbook.stories.jsx[2m > [22m[2mKitchen Sink
[22m[39mCustomAnswerComponent.isCompleted undefined
[90mstdout[2m | src/components/Editor3/Workbook.stories.jsx[2m > [22m[2mKitchen Sink
[22m[39mCustomAnswerComponent.currentPromptMethod text
[90mstdout[2m | src/components/Editor3/Workbook.stories.jsx[2m > [22m[2mKitchen Sink
[22m[39mCustomAnswerComponent.displayPrompt undefined
[90mstdout[2m | src/components/Editor3/Workbook.stories.jsx[2m > [22m[2mKitchen Sink
[22m[39mEasy.nodeKey 149 type: string
[90mstdout[2m | src/components/Editor3/Workbook.stories.jsx[2m > [22m[2mKitchen Sink
[22m[39mEasy.grade: {}
[90mstdout[2m | src/components/Editor3/Workbook.stories.jsx[2m > [22m[2mKitchen Sink
[22m[39mEasy.grade.data: undefined
[90mstdout[2m | src/components/Editor3/Workbook.stories.jsx[2m > [22m[2mKitchen Sink
[22m[39mEasy.grade.data === grade? false
[90mstdout[2m | src/components/Editor3/Workbook.stories.jsx[2m > [22m[2mKitchen Sink
[22m[39mEasy.grade.data keys: no data
[90mstdout[2m | src/components/Editor3/Workbook.stories.jsx[2m > [22m[2mKitchen Sink
[22m[39mEasy.grade.data[nodeKey]: undefined
[90mstdout[2m | src/components/Editor3/Workbook.stories.jsx[2m > [22m[2mKitchen Sink
[22m[39mEasy.inProgress {}
[90mstdout[2m | src/components/Editor3/Workbook.stories.jsx[2m > [22m[2mKitchen Sink
[22m[39mHard.attemptedAnswers {}
[90mstdout[2m | src/components/Editor3/Workbook.stories.jsx[2m > [22m[2mKitchen Sink
[22m[39mQuestionBlockRo.grade {}
[90mstdout[2m | src/components/Editor3/Workbook.stories.jsx[2m > [22m[2mKitchen Sink
[22m[39m......!q {
  "answer": "Hello",
  "correct": true,
  "id": "quiz-q1",
}
[90mstdout[2m | src/components/Editor3/Workbook.stories.jsx[2m > [22m[2mKitchen Sink
[22m[39m......!q {
  "answer": "Goodbye",
  "correct": false,
  "id": "quiz-q2",
}
[90mstdout[2m | src/components/Editor3/Workbook.stories.jsx[2m > [22m[2mKitchen Sink
[22m[39m......!q {
  "answer": "Thank you",
  "correct": false,
  "id": "quiz-q3",
}
[90mstdout[2m | src/components/Editor3/Workbook.stories.jsx[2m > [22m[2mKitchen Sink
[22m[39m......!q {
  "answer": "Please",
  "correct": false,
  "id": "quiz-q4",
}
[90mstdout[2m | src/components/Editor3/Workbook.stories.jsx[2m > [22m[2mKitchen Sink
[22m[39m......!q {
  "answer": "犬 (inu)",
  "correct": false,
  "id": "quiz-q5",
}
[90mstdout[2m | src/components/Editor3/Workbook.stories.jsx[2m > [22m[2mKitchen Sink
[22m[39m......!q {
  "answer": "猫 (neko)",
  "correct": true,
  "id": "quiz-q6",
}
[90mstdout[2m | src/components/Editor3/Workbook.stories.jsx[2m > [22m[2mKitchen Sink
[22m[39m......!q {
  "answer": "本 (hon)",
  "correct": false,
  "id": "quiz-q7",
}
[90mstdout[2m | src/components/Editor3/Workbook.stories.jsx[2m > [22m[2mKitchen Sink
[22m[39m......!q {
  "answer": "水 (mizu)",
  "correct": false,
  "id": "quiz-q8",
}
[90mstdout[2m | src/components/Editor3/Workbook.stories.jsx[2m > [22m[2mKitchen Sink
[22m[39m......!q {
  "answer": "さようなら",
  "correct": false,
  "id": "quiz-q9",
}
[90mstdout[2m | src/components/Editor3/Workbook.stories.jsx[2m > [22m[2mKitchen Sink
[22m[39m......!q {
  "answer": "こんにちは",
  "correct": false,
  "id": "quiz-q10",
}
[90mstdout[2m | src/components/Editor3/Workbook.stories.jsx[2m > [22m[2mKitchen Sink
[22m[39m......!q {
  "answer": "ありがとう",
  "correct": true,
  "id": "quiz-q11",
}
[90mstdout[2m | src/components/Editor3/Workbook.stories.jsx[2m > [22m[2mKitchen Sink
[22m[39m......!q {
  "answer": "すみません",
  "correct": false,
  "id": "quiz-q12",
}
[90mstdout[2m | src/components/Editor3/Workbook.stories.jsx[2m > [22m[2mKitchen Sink
[22m[39m......!q {
  "answer": "いぬ",
  "correct": true,
  "id": "quiz-q13",
}
[90mstdout[2m | src/components/Editor3/Workbook.stories.jsx[2m > [22m[2mKitchen Sink
[22m[39m......!q {
  "answer": "ねこ",
  "correct": false,
  "id": "quiz-q14",
}
[90mstdout[2m | src/components/Editor3/Workbook.stories.jsx[2m > [22m[2mKitchen Sink
[22m[39m......!q {
  "answer": "ほん",
  "correct": false,
  "id": "quiz-q15",
}
[90mstdout[2m | src/components/Editor3/Workbook.stories.jsx[2m > [22m[2mKitchen Sink
[22m[39m......!q {
  "answer": "みず",
  "correct": false,
  "id": "quiz-q16",
}
[90mstdout[2m | src/components/Editor3/Workbook.stories.jsx[2m > [22m[2mKitchen Sink
[22m[39mQuestionBlock.nodeKey 154 type: string
[90mstdout[2m | src/components/Editor3/Workbook.stories.jsx[2m > [22m[2mKitchen Sink
[22m[39mQuestionBlock.questionContent [
  {
    "answer": "Hello",
    "correct": true,
    "id": "quiz-q1",
  },
  {
    "answer": "Goodbye",
    "correct": false,
    "id": "quiz-q2",
  },
  {
    "answer": "Thank you",
    "correct": false,
    "id": "quiz-q3",
  },
  {
    "answer": "Please",
    "correct": false,
    "id": "quiz-q4",
  },
  {
    "answer": "犬 (inu)",
    "correct": false,
    "id": "quiz-q5",
  },
  {
    "answer": "猫 (neko)",
    "correct": true,
    "id": "quiz-q6",
  },
  {
    "answer": "本 (hon)",
    "correct": false,
    "id": "quiz-q7",
  },
  {
    "answer": "水 (mizu)",
    "correct": false,
    "id": "quiz-q8",
  },
  {
    "answer": "さようなら",
    "correct": false,
    "id": "quiz-q9",
  },
  {
    "answer": "こんにちは",
    "correct": false,
    "id": "quiz-q10",
  },
  {
    "answer": "ありがとう",
    "correct": true,
    "id": "quiz-q11",
  },
  {
    "answer": "すみません",
    "correct": false,
    "id": "quiz-q12",
  },
  {
    "answer": "いぬ",
    "correct": true,
    "id": "quiz-q13",
  },
  {
    "answer": "ねこ",
    "correct": false,
    "id": "quiz-q14",
  },
  {
    "answer": "ほん",
    "correct": false,
    "id": "quiz-q15",
  },
  {
    "answer": "みず",
    "correct": false,
    "id": "quiz-q16",
  },
]
[90mstdout[2m | src/components/Editor3/Workbook.stories.jsx[2m > [22m[2mKitchen Sink
[22m[39mQuestionBlock.grade.data keys: []
[90mstdout[2m | src/components/Editor3/Workbook.stories.jsx[2m > [22m[2mKitchen Sink
[22m[39mQuestionBlock.grade.data[nodeKey]: undefined
[90mstdout[2m | src/components/Editor3/Workbook.stories.jsx[2m > [22m[2mKitchen Sink
[22m[39mQuestionBlockRo.inProgress {}
[90mstdout[2m | src/components/Editor3/Workbook.stories.jsx[2m > [22m[2mKitchen Sink
[22m[39mallowedInput [
  "text",
  "audio",
  "writing",
]
[90mstdout[2m | src/components/Editor3/Workbook.stories.jsx[2m > [22m[2mKitchen Sink
[22m[39mpromptMethod [
  "text",
  "audio",
]
[90mstdout[2m | src/components/Editor3/Workbook.stories.jsx[2m > [22m[2mKitchen Sink
[22m[39mAnswerComponent.currentPromptMethod text
[90mstdout[2m | src/components/Editor3/Workbook.stories.jsx[2m > [22m[2mKitchen Sink
[22m[39mAnswerComponent.promptMethod [
  "text",
  "audio",
]
[90mstdout[2m | src/components/Editor3/Workbook.stories.jsx[2m > [22m[2mKitchen Sink
[22m[39mallowedInput [
  "text",
  "audio",
  "writing",
]
[90mstdout[2m | src/components/Editor3/Workbook.stories.jsx[2m > [22m[2mKitchen Sink
[22m[39mpromptMethod [
  "text",
  "audio",
]
[90mstdout[2m | src/components/Editor3/Workbook.stories.jsx[2m > [22m[2mKitchen Sink
[22m[39mAnswerComponent.currentPromptMethod text
[90mstdout[2m | src/components/Editor3/Workbook.stories.jsx[2m > [22m[2mKitchen Sink
[22m[39mLearn._vocabulary []
[90mstdout[2m | src/components/Editor3/Workbook.stories.jsx[2m > [22m[2mKitchen Sink
[22m[39mMeaningAssociationExercise._vocabulary []
[90mstdout[2m | src/components/Editor3/Workbook.stories.jsx[2m > [22m[2mKitchen Sink
[22m[39mHard._vocabulary []
[90mstdout[2m | src/components/Editor3/Workbook.stories.jsx[2m > [22m[2mKitchen Sink
[22m[39mEasy.nodeKey 149 type: string
[90mstdout[2m | src/components/Editor3/Workbook.stories.jsx[2m > [22m[2mKitchen Sink
[22m[39mEasy.grade: {}
[90mstdout[2m | src/components/Editor3/Workbook.stories.jsx[2m > [22m[2mKitchen Sink
[22m[39mEasy.grade.data: undefined
[90mstdout[2m | src/components/Editor3/Workbook.stories.jsx[2m > [22m[2mKitchen Sink
[22m[39mEasy.grade.data === grade? false
[90mstdout[2m | src/components/Editor3/Workbook.stories.jsx[2m > [22m[2mKitchen Sink
[22m[39mEasy.grade.data keys: no data
[90mstdout[2m | src/components/Editor3/Workbook.stories.jsx[2m > [22m[2mKitchen Sink
[22m[39mEasy.grade.data[nodeKey]: undefined
[90mstdout[2m | src/components/Editor3/Workbook.stories.jsx[2m > [22m[2mKitchen Sink
[22m[39mEasy.inProgress {}
[90mstdout[2m | src/components/Editor3/Workbook.stories.jsx[2m > [22m[2mKitchen Sink
[22m[39mHard.attemptedAnswers {}
[90mstdout[2m | src/components/Editor3/Workbook.stories.jsx[2m > [22m[2mKitchen Sink
[22m[39m[SectionContext] Section observeQuery update: 0
[90mstdout[2m | src/components/Editor3/Workbook.stories.jsx[2m > [22m[2mKitchen Sink
[22m[39m[FilesContext] File observeQuery update: 3 files
[90mstdout[2m | src/components/Editor3/Workbook.stories.jsx[2m > [22m[2mKitchen Sink
[22m[39m[ChatContext] AssistantChat initialized with 0 chats
[90mstdout[2m | src/components/Editor3/Workbook.stories.jsx[2m > [22m[2mKitchen Sink
[22m[39m[MOCK CourseVectorStore] Initialized with mock data
[90mstdout[2m | src/components/Editor3/Workbook.stories.jsx[2m > [22m[2mKitchen Sink
[22m[39mCustomAnswerComponent.questionID question-1
[90mstdout[2m | src/components/Editor3/Workbook.stories.jsx[2m > [22m[2mKitchen Sink
[22m[39mCustomAnswerComponent.questionBank {}
[90mstdout[2m | src/components/Editor3/Workbook.stories.jsx[2m > [22m[2mKitchen Sink
[22m[39mCustomAnswerComponent.question {}
[90mstdout[2m | src/components/Editor3/Workbook.stories.jsx[2m > [22m[2mKitchen Sink
[22m[39mCustomAnswerComponent.question {}
[90mstdout[2m | src/components/Editor3/Workbook.stories.jsx[2m > [22m[2mKitchen Sink
[22m[39mCustomAnswerComponent.prompt undefined
[90mstdout[2m | src/components/Editor3/Workbook.stories.jsx[2m > [22m[2mKitchen Sink
[22m[39mCustomAnswerComponent.feedback[questionID] undefined
[90mstdout[2m | src/components/Editor3/Workbook.stories.jsx[2m > [22m[2mKitchen Sink
[22m[39mCustomAnswerComponent.isCompleted undefined
[90mstdout[2m | src/components/Editor3/Workbook.stories.jsx[2m > [22m[2mKitchen Sink
[22m[39mCustomAnswerComponent.currentPromptMethod text
[90mstdout[2m | src/components/Editor3/Workbook.stories.jsx[2m > [22m[2mKitchen Sink
[22m[39mCustomAnswerComponent.displayPrompt undefined
[90mstdout[2m | src/components/Editor3/Workbook.stories.jsx[2m > [22m[2mKitchen Sink
[22m[39mCustomAnswerComponent.questionID question-2
[90mstdout[2m | src/components/Editor3/Workbook.stories.jsx[2m > [22m[2mKitchen Sink
[22m[39mCustomAnswerComponent.questionBank {}
[90mstdout[2m | src/components/Editor3/Workbook.stories.jsx[2m > [22m[2mKitchen Sink
[22m[39mCustomAnswerComponent.question {}
[90mstdout[2m | src/components/Editor3/Workbook.stories.jsx[2m > [22m[2mKitchen Sink
[22m[39mCustomAnswerComponent.question {}
[90mstdout[2m | src/components/Editor3/Workbook.stories.jsx[2m > [22m[2mKitchen Sink
[22m[39mCustomAnswerComponent.prompt undefined
[90mstdout[2m | src/components/Editor3/Workbook.stories.jsx[2m > [22m[2mKitchen Sink
[22m[39mCustomAnswerComponent.feedback[questionID] undefined
[90mstdout[2m | src/components/Editor3/Workbook.stories.jsx[2m > [22m[2mKitchen Sink
[22m[39mCustomAnswerComponent.isCompleted undefined
[90mstdout[2m | src/components/Editor3/Workbook.stories.jsx[2m > [22m[2mKitchen Sink
[22m[39mCustomAnswerComponent.currentPromptMethod text
[90mstdout[2m | src/components/Editor3/Workbook.stories.jsx[2m > [22m[2mKitchen Sink
[22m[39mCustomAnswerComponent.displayPrompt undefined
[90mstdout[2m | src/components/Editor3/Workbook.stories.jsx[2m > [22m[2mKitchen Sink
[22m[39mEasy.nodeKey 149 type: string
[90mstdout[2m | src/components/Editor3/Workbook.stories.jsx[2m > [22m[2mKitchen Sink
[22m[39mEasy.grade: {
  "_version": 1,
  "accuracy": 0,
  "complete": false,
  "data": {},
  "id": "grade-kitchen-sink-1",
  "owner": "mock-user-sub",
  "percentComplete": 0,
  "timerStarted": true,
  "unitID": "kitchen-sink-workbook-id",
  "unitVersion": 1,
}
[90mstdout[2m | src/components/Editor3/Workbook.stories.jsx[2m > [22m[2mKitchen Sink
[22m[39mEasy.grade.data: {}
[90mstdout[2m | src/components/Editor3/Workbook.stories.jsx[2m > [22m[2mKitchen Sink
[22m[39mEasy.grade.data === grade? false
[90mstdout[2m | src/components/Editor3/Workbook.stories.jsx[2m > [22m[2mKitchen Sink
[22m[39mEasy.grade.data keys: []
[90mstdout[2m | src/components/Editor3/Workbook.stories.jsx[2m > [22m[2mKitchen Sink
[22m[39mEasy.grade.data[nodeKey]: undefined
[90mstdout[2m | src/components/Editor3/Workbook.stories.jsx[2m > [22m[2mKitchen Sink
[22m[39mEasy.inProgress {}
[90mstdout[2m | src/components/Editor3/Workbook.stories.jsx[2m > [22m[2mKitchen Sink
[22m[39mHard.attemptedAnswers {}
[90mstdout[2m | src/components/Editor3/Workbook.stories.jsx[2m > [22m[2mKitchen Sink
[22m[39mQuestionBlockRo.grade {
  "_version": 1,
  "accuracy": 0,
  "complete": false,
  "data": {},
  "id": "grade-kitchen-sink-1",
  "owner": "mock-user-sub",
  "percentComplete": 0,
  "timerStarted": true,
  "unitID": "kitchen-sink-workbook-id",
  "unitVersion": 1,
}
[90mstdout[2m | src/components/Editor3/Workbook.stories.jsx[2m > [22m[2mKitchen Sink
[22m[39m......!q {
  "answer": "Hello",
  "correct": true,
  "id": "quiz-q1",
}
[90mstdout[2m | src/components/Editor3/Workbook.stories.jsx[2m > [22m[2mKitchen Sink
[22m[39m......!q {
  "answer": "Goodbye",
  "correct": false,
  "id": "quiz-q2",
}
[90mstdout[2m | src/components/Editor3/Workbook.stories.jsx[2m > [22m[2mKitchen Sink
[22m[39m......!q {
  "answer": "Thank you",
  "correct": false,
  "id": "quiz-q3",
}
[90mstdout[2m | src/components/Editor3/Workbook.stories.jsx[2m > [22m[2mKitchen Sink
[22m[39m......!q {
  "answer": "Please",
  "correct": false,
  "id": "quiz-q4",
}
[90mstdout[2m | src/components/Editor3/Workbook.stories.jsx[2m > [22m[2mKitchen Sink
[22m[39m......!q {
  "answer": "犬 (inu)",
  "correct": false,
  "id": "quiz-q5",
}
[90mstdout[2m | src/components/Editor3/Workbook.stories.jsx[2m > [22m[2mKitchen Sink
[22m[39m......!q {
  "answer": "猫 (neko)",
  "correct": true,
  "id": "quiz-q6",
}
[90mstdout[2m | src/components/Editor3/Workbook.stories.jsx[2m > [22m[2mKitchen Sink
[22m[39m......!q {
  "answer": "本 (hon)",
  "correct": false,
  "id": "quiz-q7",
}
[90mstdout[2m | src/components/Editor3/Workbook.stories.jsx[2m > [22m[2mKitchen Sink
[22m[39m......!q {
  "answer": "水 (mizu)",
  "correct": false,
  "id": "quiz-q8",
}
[90mstdout[2m | src/components/Editor3/Workbook.stories.jsx[2m > [22m[2mKitchen Sink
[22m[39m......!q {
  "answer": "さようなら",
  "correct": false,
  "id": "quiz-q9",
}
[90mstdout[2m | src/components/Editor3/Workbook.stories.jsx[2m > [22m[2mKitchen Sink
[22m[39m......!q {
  "answer": "こんにちは",
  "correct": false,
  "id": "quiz-q10",
}
[90mstdout[2m | src/components/Editor3/Workbook.stories.jsx[2m > [22m[2mKitchen Sink
[22m[39m......!q {
  "answer": "ありがとう",
  "correct": true,
  "id": "quiz-q11",
}
[90mstdout[2m | src/components/Editor3/Workbook.stories.jsx[2m > [22m[2mKitchen Sink
[22m[39m......!q {
  "answer": "すみません",
  "correct": false,
  "id": "quiz-q12",
}
[90mstdout[2m | src/components/Editor3/Workbook.stories.jsx[2m > [22m[2mKitchen Sink
[22m[39m......!q {
  "answer": "いぬ",
  "correct": true,
  "id": "quiz-q13",
}
[90mstdout[2m | src/components/Editor3/Workbook.stories.jsx[2m > [22m[2mKitchen Sink
[22m[39m......!q {
  "answer": "ねこ",
  "correct": false,
  "id": "quiz-q14",
}
[90mstdout[2m | src/components/Editor3/Workbook.stories.jsx[2m > [22m[2mKitchen Sink
[22m[39m......!q {
  "answer": "ほん",
  "correct": false,
  "id": "quiz-q15",
}
[90mstdout[2m | src/components/Editor3/Workbook.stories.jsx[2m > [22m[2mKitchen Sink
[22m[39m......!q {
  "answer": "みず",
  "correct": false,
  "id": "quiz-q16",
}
[90mstdout[2m | src/components/Editor3/Workbook.stories.jsx[2m > [22m[2mKitchen Sink
[22m[39mQuestionBlock.nodeKey 154 type: string
[90mstdout[2m | src/components/Editor3/Workbook.stories.jsx[2m > [22m[2mKitchen Sink
[22m[39mQuestionBlock.questionContent [
  {
    "answer": "Hello",
    "correct": true,
    "id": "quiz-q1",
  },
  {
    "answer": "Goodbye",
    "correct": false,
    "id": "quiz-q2",
  },
  {
    "answer": "Thank you",
    "correct": false,
    "id": "quiz-q3",
  },
  {
    "answer": "Please",
    "correct": false,
    "id": "quiz-q4",
  },
  {
    "answer": "犬 (inu)",
    "correct": false,
    "id": "quiz-q5",
  },
  {
    "answer": "猫 (neko)",
    "correct": true,
    "id": "quiz-q6",
  },
  {
    "answer": "本 (hon)",
    "correct": false,
    "id": "quiz-q7",
  },
  {
    "answer": "水 (mizu)",
    "correct": false,
    "id": "quiz-q8",
  },
  {
    "answer": "さようなら",
    "correct": false,
    "id": "quiz-q9",
  },
  {
    "answer": "こんにちは",
    "correct": false,
    "id": "quiz-q10",
  },
  {
    "answer": "ありがとう",
    "correct": true,
    "id": "quiz-q11",
  },
  {
    "answer": "すみません",
    "correct": false,
    "id": "quiz-q12",
  },
  {
    "answer": "いぬ",
    "correct": true,
    "id": "quiz-q13",
  },
  {
    "answer": "ねこ",
    "correct": false,
    "id": "quiz-q14",
  },
  {
    "answer": "ほん",
    "correct": false,
    "id": "quiz-q15",
  },
  {
    "answer": "みず",
    "correct": false,
    "id": "quiz-q16",
  },
]
[90mstdout[2m | src/components/Editor3/Workbook.stories.jsx[2m > [22m[2mKitchen Sink
[22m[39mQuestionBlock.grade.data keys: []
[90mstdout[2m | src/components/Editor3/Workbook.stories.jsx[2m > [22m[2mKitchen Sink
[22m[39mQuestionBlock.grade.data[nodeKey]: undefined
[90mstdout[2m | src/components/Editor3/Workbook.stories.jsx[2m > [22m[2mKitchen Sink
[22m[39mQuestionBlockRo.inProgress {}
[90mstdout[2m | src/components/Editor3/Workbook.stories.jsx[2m > [22m[2mKitchen Sink
[22m[39mLearn._vocabulary [
  {
    "_version": 1,
    "definition": "Hello (Japanese)",
    "id": "vocab-word-1",
    "owner": "mock-user-sub",
    "phrase": "こんにちは",
    "pronunciation": "kon-ni-chi-wa",
  },
  {
    "_version": 1,
    "definition": "Cat (Japanese)",
    "id": "vocab-word-2",
    "owner": "mock-user-sub",
    "phrase": "猫",
    "pronunciation": "neko",
  },
  {
    "_version": 1,
    "definition": "Thank you (Japanese)",
    "id": "vocab-word-3",
    "owner": "mock-user-sub",
    "phrase": "ありがとう",
    "pronunciation": "a-ri-ga-tou",
  },
  {
    "_version": 1,
    "definition": "Dog (Japanese)",
    "id": "vocab-word-4",
    "owner": "mock-user-sub",
    "phrase": "犬",
    "pronunciation": "inu",
  },
  {
    "_version": 1,
    "definition": "Goodbye (Japanese)",
    "id": "vocab-word-5",
    "owner": "mock-user-sub",
    "phrase": "さようなら",
    "pronunciation": "sa-you-na-ra",
  },
]
[90mstdout[2m | src/components/Editor3/Workbook.stories.jsx[2m > [22m[2mKitchen Sink
[22m[39mMeaningAssociationExercise._vocabulary [
  {
    "_version": 1,
    "definition": "Hello (Japanese)",
    "id": "vocab-word-1",
    "owner": "mock-user-sub",
    "phrase": "こんにちは",
    "pronunciation": "kon-ni-chi-wa",
  },
  {
    "_version": 1,
    "definition": "Cat (Japanese)",
    "id": "vocab-word-2",
    "owner": "mock-user-sub",
    "phrase": "猫",
    "pronunciation": "neko",
  },
  {
    "_version": 1,
    "definition": "Thank you (Japanese)",
    "id": "vocab-word-3",
    "owner": "mock-user-sub",
    "phrase": "ありがとう",
    "pronunciation": "a-ri-ga-tou",
  },
  {
    "_version": 1,
    "definition": "Dog (Japanese)",
    "id": "vocab-word-4",
    "owner": "mock-user-sub",
    "phrase": "犬",
    "pronunciation": "inu",
  },
  {
    "_version": 1,
    "definition": "Goodbye (Japanese)",
    "id": "vocab-word-5",
    "owner": "mock-user-sub",
    "phrase": "さようなら",
    "pronunciation": "sa-you-na-ra",
  },
]
[90mstdout[2m | src/components/Editor3/Workbook.stories.jsx[2m > [22m[2mKitchen Sink
[22m[39mHard._vocabulary [
  {
    "_version": 1,
    "definition": "Hello (Japanese)",
    "id": "vocab-word-1",
    "owner": "mock-user-sub",
    "phrase": "こんにちは",
    "pronunciation": "kon-ni-chi-wa",
  },
  {
    "_version": 1,
    "definition": "Cat (Japanese)",
    "id": "vocab-word-2",
    "owner": "mock-user-sub",
    "phrase": "猫",
    "pronunciation": "neko",
  },
  {
    "_version": 1,
    "definition": "Thank you (Japanese)",
    "id": "vocab-word-3",
    "owner": "mock-user-sub",
    "phrase": "ありがとう",
    "pronunciation": "a-ri-ga-tou",
  },
  {
    "_version": 1,
    "definition": "Dog (Japanese)",
    "id": "vocab-word-4",
    "owner": "mock-user-sub",
    "phrase": "犬",
    "pronunciation": "inu",
  },
  {
    "_version": 1,
    "definition": "Goodbye (Japanese)",
    "id": "vocab-word-5",
    "owner": "mock-user-sub",
    "phrase": "さようなら",
    "pronunciation": "sa-you-na-ra",
  },
]
[90mstdout[2m | src/components/Editor3/Workbook.stories.jsx[2m > [22m[2mKitchen Sink
[22m[39m[useWorkbookCollaboration] Initializing for grade grade-kitchen-sink-1
[90mstdout[2m | src/components/Editor3/Workbook.stories.jsx[2m > [22m[2mKitchen Sink
[22m[39m[WorkbookCollaboration] Loaded 0 blocks from Grade.data
[90mstdout[2m | src/components/Editor3/Workbook.stories.jsx[2m > [22m[2mKitchen Sink
[22m[39m[FilesContext] Vector store population triggered {
  "currentVectorStoreSize": 3,
  "documentsCount": 0,
  "filesCount": 3,
  "isInitialLoad": true,
}
[90mstdout[2m | src/components/Editor3/Workbook.stories.jsx[2m > [22m[2mKitchen Sink
[22m[39m[FilesContext] Vector store population complete - 3 total embeddings
[90mstdout[2m | src/components/Editor3/Workbook.stories.jsx[2m > [22m[2mKitchen Sink
[22m[39m[ChatContext] No current chat available, will create one
[90mstdout[2m | src/components/Editor3/Workbook.stories.jsx[2m > [22m[2mKitchen Sink
[22m[39m[ChatContext] Creating AssistantChat with user: undefined
[90mstdout[2m | src/components/Editor3/Workbook.stories.jsx[2m > [22m[2mKitchen Sink
[22m[39m[Mock Data] AssistantChat created: mock-assistantchat-1790416145050 - notified 1 subscribers
[90mstdout[2m | src/components/Editor3/Workbook.stories.jsx[2m > [22m[2mKitchen Sink
[22m[39mCustomAnswerComponent.questionID question-1
[90mstdout[2m | src/components/Editor3/Workbook.stories.jsx[2m > [22m[2mKitchen Sink
[22m[39mCustomAnswerComponent.questionBank {}
[90mstdout[2m | src/components/Editor3/Workbook.stories.jsx[2m > [22m[2mKitchen Sink
[22m[39mCustomAnswerComponent.question {}
[90mstdout[2m | src/components/Editor3/Workbook.stories.jsx[2m > [22m[2mKitchen Sink
[22m[39mCustomAnswerComponent.question {}
[90mstdout[2m | src/components/Editor3/Workbook.stories.jsx[2m > [22m[2mKitchen Sink
[22m[39mCustomAnswerComponent.prompt undefined
[90mstdout[2m | src/components/Editor3/Workbook.stories.jsx[2m > [22m[2mKitchen Sink
[22m[39mCustomAnswerComponent.feedback[questionID] undefined
[90mstdout[2m | src/components/Editor3/Workbook.stories.jsx[2m > [22m[2mKitchen Sink
[22m[39mCustomAnswerComponent.isCompleted undefined
[90mstdout[2m | src/components/Editor3/Workbook.stories.jsx[2m > [22m[2mKitchen Sink
[22m[39mCustomAnswerComponent.currentPromptMethod text
[90mstdout[2m | src/components/Editor3/Workbook.stories.jsx[2m > [22m[2mKitchen Sink
[22m[39mCustomAnswerComponent.displayPrompt undefined
[90mstdout[2m | src/components/Editor3/Workbook.stories.jsx[2m > [22m[2mKitchen Sink
[22m[39mCustomAnswerComponent.questionID question-2
[90mstdout[2m | src/components/Editor3/Workbook.stories.jsx[2m > [22m[2mKitchen Sink
[22m[39mCustomAnswerComponent.questionBank {}
[90mstdout[2m | src/components/Editor3/Workbook.stories.jsx[2m > [22m[2mKitchen Sink
[22m[39mCustomAnswerComponent.question {}
[90mstdout[2m | src/components/Editor3/Workbook.stories.jsx[2m > [22m[2mKitchen Sink
[22m[39mCustomAnswerComponent.question {}
[90mstdout[2m | src/components/Editor3/Workbook.stories.jsx[2m > [22m[2mKitchen Sink
[22m[39mCustomAnswerComponent.prompt undefined
[90mstdout[2m | src/components/Editor3/Workbook.stories.jsx[2m > [22m[2mKitchen Sink
[22m[39mCustomAnswerComponent.feedback[questionID] undefined
[90mstdout[2m | src/components/Editor3/Workbook.stories.jsx[2m > [22m[2mKitchen Sink
[22m[39mCustomAnswerComponent.isCompleted undefined
[90mstdout[2m | src/components/Editor3/Workbook.stories.jsx[2m > [22m[2mKitchen Sink
[22m[39mCustomAnswerComponent.currentPromptMethod text
[90mstdout[2m | src/components/Editor3/Workbook.stories.jsx[2m > [22m[2mKitchen Sink
[22m[39mCustomAnswerComponent.displayPrompt undefined
[90mstdout[2m | src/components/Editor3/Workbook.stories.jsx[2m > [22m[2mKitchen Sink
[22m[39mEasy.nodeKey 149 type: string
[90mstdout[2m | src/components/Editor3/Workbook.stories.jsx[2m > [22m[2mKitchen Sink
[22m[39mEasy.grade: {
  "_version": 1,
  "accuracy": 0,
  "complete": false,
  "data": {},
  "id": "grade-kitchen-sink-1",
  "owner": "mock-user-sub",
  "percentComplete": 0,
  "timerStarted": true,
  "unitID": "kitchen-sink-workbook-id",
  "unitVersion": 1,
}
[90mstdout[2m | src/components/Editor3/Workbook.stories.jsx[2m > [22m[2mKitchen Sink
[22m[39mEasy.grade.data: {}
[90mstdout[2m | src/components/Editor3/Workbook.stories.jsx[2m > [22m[2mKitchen Sink
[22m[39mEasy.grade.data === grade? false
[90mstdout[2m | src/components/Editor3/Workbook.stories.jsx[2m > [22m[2mKitchen Sink
[22m[39mEasy.grade.data keys: []
[90mstdout[2m | src/components/Editor3/Workbook.stories.jsx[2m > [22m[2mKitchen Sink
[22m[39mEasy.grade.data[nodeKey]: undefined
[90mstdout[2m | src/components/Editor3/Workbook.stories.jsx[2m > [22m[2mKitchen Sink
[22m[39mEasy.inProgress {}
[90mstdout[2m | src/components/Editor3/Workbook.stories.jsx[2m > [22m[2mKitchen Sink
[22m[39mHard.attemptedAnswers {}
[90mstdout[2m | src/components/Editor3/Workbook.stories.jsx[2m > [22m[2mKitchen Sink
[22m[39mQuestionBlockRo.grade {
  "_version": 1,
  "accuracy": 0,
  "complete": false,
  "data": {},
  "id": "grade-kitchen-sink-1",
  "owner": "mock-user-sub",
  "percentComplete": 0,
  "timerStarted": true,
  "unitID": "kitchen-sink-workbook-id",
  "unitVersion": 1,
}
[90mstdout[2m | src/components/Editor3/Workbook.stories.jsx[2m > [22m[2mKitchen Sink
[22m[39m......!q {
  "answer": "Hello",
  "correct": true,
  "id": "quiz-q1",
}
[90mstdout[2m | src/components/Editor3/Workbook.stories.jsx[2m > [22m[2mKitchen Sink
[22m[39m......!q {
  "answer": "Goodbye",
  "correct": false,
  "id": "quiz-q2",
}
[90mstdout[2m | src/components/Editor3/Workbook.stories.jsx[2m > [22m[2mKitchen Sink
[22m[39m......!q {
  "answer": "Thank you",
  "correct": false,
  "id": "quiz-q3",
}
[90mstdout[2m | src/components/Editor3/Workbook.stories.jsx[2m > [22m[2mKitchen Sink
[22m[39m......!q {
  "answer": "Please",
  "correct": false,
  "id": "quiz-q4",
}
[90mstdout[2m | src/components/Editor3/Workbook.stories.jsx[2m > [22m[2mKitchen Sink
[22m[39m......!q {
  "answer": "犬 (inu)",
  "correct": false,
  "id": "quiz-q5",
}
[90mstdout[2m | src/components/Editor3/Workbook.stories.jsx[2m > [22m[2mKitchen Sink
[22m[39m......!q {
  "answer": "猫 (neko)",
  "correct": true,
  "id": "quiz-q6",
}
[90mstdout[2m | src/components/Editor3/Workbook.stories.jsx[2m > [22m[2mKitchen Sink
[22m[39m......!q {
  "answer": "本 (hon)",
  "correct": false,
  "id": "quiz-q7",
}
[90mstdout[2m | src/components/Editor3/Workbook.stories.jsx[2m > [22m[2mKitchen Sink
[22m[39m......!q {
  "answer": "水 (mizu)",
  "correct": false,
  "id": "quiz-q8",
}
[90mstdout[2m | src/components/Editor3/Workbook.stories.jsx[2m > [22m[2mKitchen Sink
[22m[39m......!q {
  "answer": "さようなら",
  "correct": false,
  "id": "quiz-q9",
}
[90mstdout[2m | src/components/Editor3/Workbook.stories.jsx[2m > [22m[2mKitchen Sink
[22m[39m......!q {
  "answer": "こんにちは",
  "correct": false,
  "id": "quiz-q10",
}
[90mstdout[2m | src/components/Editor3/Workbook.stories.jsx[2m > [22m[2mKitchen Sink
[22m[39m......!q {
  "answer": "ありがとう",
  "correct": true,
  "id": "quiz-q11",
}
[90mstdout[2m | src/components/Editor3/Workbook.stories.jsx[2m > [22m[2mKitchen Sink
[22m[39m......!q {
  "answer": "すみません",
  "correct": false,
  "id": "quiz-q12",
}
[90mstdout[2m | src/components/Editor3/Workbook.stories.jsx[2m > [22m[2mKitchen Sink
[22m[39m......!q {
  "answer": "いぬ",
  "correct": true,
  "id": "quiz-q13",
}
[90mstdout[2m | src/components/Editor3/Workbook.stories.jsx[2m > [22m[2mKitchen Sink
[22m[39m......!q {
  "answer": "ねこ",
  "correct": false,
  "id": "quiz-q14",
}
[90mstdout[2m | src/components/Editor3/Workbook.stories.jsx[2m > [22m[2mKitchen Sink
[22m[39m......!q {
  "answer": "ほん",
  "correct": false,
  "id": "quiz-q15",
}
[90mstdout[2m | src/components/Editor3/Workbook.stories.jsx[2m > [22m[2mKitchen Sink
[22m[39m......!q {
  "answer": "みず",
  "correct": false,
  "id": "quiz-q16",
}
[90mstdout[2m | src/components/Editor3/Workbook.stories.jsx[2m > [22m[2mKitchen Sink
[22m[39mQuestionBlock.nodeKey 154 type: string
[90mstdout[2m | src/components/Editor3/Workbook.stories.jsx[2m > [22m[2mKitchen Sink
[22m[39mQuestionBlock.questionContent [
  {
    "answer": "Hello",
    "correct": true,
    "id": "quiz-q1",
  },
  {
    "answer": "Goodbye",
    "correct": false,
    "id": "quiz-q2",
  },
  {
    "answer": "Thank you",
    "correct": false,
    "id": "quiz-q3",
  },
  {
    "answer": "Please",
    "correct": false,
    "id": "quiz-q4",
  },
  {
    "answer": "犬 (inu)",
    "correct": false,
    "id": "quiz-q5",
  },
  {
    "answer": "猫 (neko)",
    "correct": true,
    "id": "quiz-q6",
  },
  {
    "answer": "本 (hon)",
    "correct": false,
    "id": "quiz-q7",
  },
  {
    "answer": "水 (mizu)",
    "correct": false,
    "id": "quiz-q8",
  },
  {
    "answer": "さようなら",
    "correct": false,
    "id": "quiz-q9",
  },
  {
    "answer": "こんにちは",
    "correct": false,
    "id": "quiz-q10",
  },
  {
    "answer": "ありがとう",
    "correct": true,
    "id": "quiz-q11",
  },
  {
    "answer": "すみません",
    "correct": false,
    "id": "quiz-q12",
  },
  {
    "answer": "いぬ",
    "correct": true,
    "id": "quiz-q13",
  },
  {
    "answer": "ねこ",
    "correct": false,
    "id": "quiz-q14",
  },
  {
    "answer": "ほん",
    "correct": false,
    "id": "quiz-q15",
  },
  {
    "answer": "みず",
    "correct": false,
    "id": "quiz-q16",
  },
]
[90mstdout[2m | src/components/Editor3/Workbook.stories.jsx[2m > [22m[2mKitchen Sink
[22m[39mQuestionBlock.grade.data keys: []
[90mstdout[2m | src/components/Editor3/Workbook.stories.jsx[2m > [22m[2mKitchen Sink
[22m[39mQuestionBlock.grade.data[nodeKey]: undefined
[90mstdout[2m | src/components/Editor3/Workbook.stories.jsx[2m > [22m[2mKitchen Sink
[22m[39mQuestionBlockRo.inProgress {}
[90mstdout[2m | src/components/Editor3/Workbook.stories.jsx[2m > [22m[2mKitchen Sink
[22m[39m[ChatContext] Create result: {
  "data": {
    "_version": 1,
    "archived": false,
    "chatFiles": [Function anonymous],
    "createdAt": "2026-09-26T09:49:05.050Z",
    "id": "mock-assistantchat-1790416145050",
    "model": "gpt-4",
    "updatedAt": "2026-09-26T09:49:05.051Z",
  },
  "errors": [],
  "hasData": true,
  "hasErrors": true,
}
[90mstdout[2m | src/components/Editor3/Workbook.stories.jsx[2m > [22m[2mKitchen Sink
[22m[39m[ChatContext] Created AssistantChat: mock-assistantchat-1790416145050 at: 2026-09-26T09:49:05.050Z
[90mstdout[2m | src/components/Editor3/Workbook.stories.jsx[2m > [22m[2mKitchen Sink
[22m[39m[Mock Storage] downloadData called with: undefined
[90mstdout[2m | src/components/Editor3/Workbook.stories.jsx[2m > [22m[2mKitchen Sink
[22m[39m[YjsProvider] workbook-grade-kitchen-sink-1 connection status: connected
[90mstdout[2m | src/components/Editor3/Workbook.stories.jsx[2m > [22m[2mKitchen Sink
[22m[39m[YjsProvider] workbook-grade-kitchen-sink-1 synced with server
[90mstdout[2m | src/components/Editor3/Workbook.stories.jsx[2m > [22m[2mKitchen Sink
[22m[39m[ChatContext] Setting initial chat: mock-assistantchat-1790416145050
[90mstdout[2m | src/components/Editor3/Workbook.stories.jsx[2m > [22m[2mKitchen Sink
[22m[39mCustomAnswerComponent.questionID question-1
[90mstdout[2m | src/components/Editor3/Workbook.stories.jsx[2m > [22m[2mKitchen Sink
[22m[39mCustomAnswerComponent.questionBank {}
[90mstdout[2m | src/components/Editor3/Workbook.stories.jsx[2m > [22m[2mKitchen Sink
[22m[39mCustomAnswerComponent.question {}
[90mstdout[2m | src/components/Editor3/Workbook.stories.jsx[2m > [22m[2mKitchen Sink
[22m[39mCustomAnswerComponent.question {}
[90mstdout[2m | src/components/Editor3/Workbook.stories.jsx[2m > [22m[2mKitchen Sink
[22m[39mCustomAnswerComponent.prompt undefined
[90mstdout[2m | src/components/Editor3/Workbook.stories.jsx[2m > [22m[2mKitchen Sink
[22m[39mCustomAnswerComponent.feedback[questionID] undefined
[90mstdout[2m | src/components/Editor3/Workbook.stories.jsx[2m > [22m[2mKitchen Sink
[22m[39mCustomAnswerComponent.isCompleted undefined
[90mstdout[2m | src/components/Editor3/Workbook.stories.jsx[2m > [22m[2mKitchen Sink
[22m[39mCustomAnswerComponent.currentPromptMethod text
[90mstdout[2m | src/components/Editor3/Workbook.stories.jsx[2m > [22m[2mKitchen Sink
[22m[39mCustomAnswerComponent.displayPrompt undefined
[90mstdout[2m | src/components/Editor3/Workbook.stories.jsx[2m > [22m[2mKitchen Sink
[22m[39mCustomAnswerComponent.questionID question-2
[90mstdout[2m | src/components/Editor3/Workbook.stories.jsx[2m > [22m[2mKitchen Sink
[22m[39mCustomAnswerComponent.questionBank {}
[90mstdout[2m | src/components/Editor3/Workbook.stories.jsx[2m > [22m[2mKitchen Sink
[22m[39mCustomAnswerComponent.question {}
[90mstdout[2m | src/components/Editor3/Workbook.stories.jsx[2m > [22m[2mKitchen Sink
[22m[39mCustomAnswerComponent.question {}
[90mstdout[2m | src/components/Editor3/Workbook.stories.jsx[2m > [22m[2mKitchen Sink
[22m[39mCustomAnswerComponent.prompt undefined
[90mstdout[2m | src/components/Editor3/Workbook.stories.jsx[2m > [22m[2mKitchen Sink
[22m[39mCustomAnswerComponent.feedback[questionID] undefined
[90mstdout[2m | src/components/Editor3/Workbook.stories.jsx[2m > [22m[2mKitchen Sink
[22m[39mCustomAnswerComponent.isCompleted undefined
[90mstdout[2m | src/components/Editor3/Workbook.stories.jsx[2m > [22m[2mKitchen Sink
[22m[39mCustomAnswerComponent.currentPromptMethod text
[90mstdout[2m | src/components/Editor3/Workbook.stories.jsx[2m > [22m[2mKitchen Sink
[22m[39mCustomAnswerComponent.displayPrompt undefined
[90mstdout[2m | src/components/Editor3/Workbook.stories.jsx[2m > [22m[2mKitchen Sink
[22m[39mEasy.nodeKey 149 type: string
[90mstdout[2m | src/components/Editor3/Workbook.stories.jsx[2m > [22m[2mKitchen Sink
[22m[39mEasy.grade: {
  "_version": 1,
  "accuracy": 0,
  "complete": false,
  "data": {},
  "id": "grade-kitchen-sink-1",
  "owner": "mock-user-sub",
  "percentComplete": 0,
  "timerStarted": true,
  "unitID": "kitchen-sink-workbook-id",
  "unitVersion": 1,
}
[90mstdout[2m | src/components/Editor3/Workbook.stories.jsx[2m > [22m[2mKitchen Sink
[22m[39mEasy.grade.data: {}
[90mstdout[2m | src/components/Editor3/Workbook.stories.jsx[2m > [22m[2mKitchen Sink
[22m[39mEasy.grade.data === grade? false
[90mstdout[2m | src/components/Editor3/Workbook.stories.jsx[2m > [22m[2mKitchen Sink
[22m[39mEasy.grade.data keys: []
[90mstdout[2m | src/components/Editor3/Workbook.stories.jsx[2m > [22m[2mKitchen Sink
[22m[39mEasy.grade.data[nodeKey]: undefined
[90mstdout[2m | src/components/Editor3/Workbook.stories.jsx[2m > [22m[2mKitchen Sink
[22m[39mEasy.inProgress {}
[90mstdout[2m | src/components/Editor3/Workbook.stories.jsx[2m > [22m[2mKitchen Sink
[22m[39mHard.attemptedAnswers {}
[90mstdout[2m | src/components/Editor3/Workbook.stories.jsx[2m > [22m[2mKitchen Sink
[22m[39mQuestionBlockRo.grade {
  "_version": 1,
  "accuracy": 0,
  "complete": false,
  "data": {},
  "id": "grade-kitchen-sink-1",
  "owner": "mock-user-sub",
  "percentComplete": 0,
  "timerStarted": true,
  "unitID": "kitchen-sink-workbook-id",
  "unitVersion": 1,
}
[90mstdout[2m | src/components/Editor3/Workbook.stories.jsx[2m > [22m[2mKitchen Sink
[22m[39m......!q {
  "answer": "Hello",
  "correct": true,
  "id": "quiz-q1",
}
[90mstdout[2m | src/components/Editor3/Workbook.stories.jsx[2m > [22m[2mKitchen Sink
[22m[39m......!q {
  "answer": "Goodbye",
  "correct": false,
  "id": "quiz-q2",
}
[90mstdout[2m | src/components/Editor3/Workbook.stories.jsx[2m > [22m[2mKitchen Sink
[22m[39m......!q {
  "answer": "Thank you",
  "correct": false,
  "id": "quiz-q3",
}
[90mstdout[2m | src/components/Editor3/Workbook.stories.jsx[2m > [22m[2mKitchen Sink
[22m[39m......!q {
  "answer": "Please",
  "correct": false,
  "id": "quiz-q4",
}
[90mstdout[2m | src/components/Editor3/Workbook.stories.jsx[2m > [22m[2mKitchen Sink
[22m[39m......!q {
  "answer": "犬 (inu)",
  "correct": false,
  "id": "quiz-q5",
}
[90mstdout[2m | src/components/Editor3/Workbook.stories.jsx[2m > [22m[2mKitchen Sink
[22m[39m......!q {
  "answer": "猫 (neko)",
  "correct": true,
  "id": "quiz-q6",
}
[90mstdout[2m | src/components/Editor3/Workbook.stories.jsx[2m > [22m[2mKitchen Sink
[22m[39m......!q {
  "answer": "本 (hon)",
  "correct": false,
  "id": "quiz-q7",
}
[90mstdout[2m | src/components/Editor3/Workbook.stories.jsx[2m > [22m[2mKitchen Sink
[22m[39m......!q {
  "answer": "水 (mizu)",
  "correct": false,
  "id": "quiz-q8",
}
[90mstdout[2m | src/components/Editor3/Workbook.stories.jsx[2m > [22m[2mKitchen Sink
[22m[39m......!q {
  "answer": "さようなら",
  "correct": false,
  "id": "quiz-q9",
}
[90mstdout[2m | src/components/Editor3/Workbook.stories.jsx[2m > [22m[2mKitchen Sink
[22m[39m......!q {
  "answer": "こんにちは",
  "correct": false,
  "id": "quiz-q10",
}
[90mstdout[2m | src/components/Editor3/Workbook.stories.jsx[2m > [22m[2mKitchen Sink
[22m[39m......!q {
  "answer": "ありがとう",
  "correct": true,
  "id": "quiz-q11",
}
[90mstdout[2m | src/components/Editor3/Workbook.stories.jsx[2m > [22m[2mKitchen Sink
[22m[39m......!q {
  "answer": "すみません",
  "correct": false,
  "id": "quiz-q12",
}
[90mstdout[2m | src/components/Editor3/Workbook.stories.jsx[2m > [22m[2mKitchen Sink
[22m[39m......!q {
  "answer": "いぬ",
  "correct": true,
  "id": "quiz-q13",
}
[90mstdout[2m | src/components/Editor3/Workbook.stories.jsx[2m > [22m[2mKitchen Sink
[22m[39m......!q {
  "answer": "ねこ",
  "correct": false,
  "id": "quiz-q14",
}
[90mstdout[2m | src/components/Editor3/Workbook.stories.jsx[2m > [22m[2mKitchen Sink
[22m[39m......!q {
  "answer": "ほん",
  "correct": false,
  "id": "quiz-q15",
}
[90mstdout[2m | src/components/Editor3/Workbook.stories.jsx[2m > [22m[2mKitchen Sink
[22m[39m......!q {
  "answer": "みず",
  "correct": false,
  "id": "quiz-q16",
}
[90mstdout[2m | src/components/Editor3/Workbook.stories.jsx[2m > [22m[2mKitchen Sink
[22m[39mQuestionBlock.nodeKey 154 type: string
[90mstdout[2m | src/components/Editor3/Workbook.stories.jsx[2m > [22m[2mKitchen Sink
[22m[39mQuestionBlock.questionContent [
  {
    "answer": "Hello",
    "correct": true,
    "id": "quiz-q1",
  },
  {
    "answer": "Goodbye",
    "correct": false,
    "id": "quiz-q2",
  },
  {
    "answer": "Thank you",
    "correct": false,
    "id": "quiz-q3",
  },
  {
    "answer": "Please",
    "correct": false,
    "id": "quiz-q4",
  },
  {
    "answer": "犬 (inu)",
    "correct": false,
    "id": "quiz-q5",
  },
  {
    "answer": "猫 (neko)",
    "correct": true,
    "id": "quiz-q6",
  },
  {
    "answer": "本 (hon)",
    "correct": false,
    "id": "quiz-q7",
  },
  {
    "answer": "水 (mizu)",
    "correct": false,
    "id": "quiz-q8",
  },
  {
    "answer": "さようなら",
    "correct": false,
    "id": "quiz-q9",
  },
  {
    "answer": "こんにちは",
    "correct": false,
    "id": "quiz-q10",
  },
  {
    "answer": "ありがとう",
    "correct": true,
    "id": "quiz-q11",
  },
  {
    "answer": "すみません",
    "correct": false,
    "id": "quiz-q12",
  },
  {
    "answer": "いぬ",
    "correct": true,
    "id": "quiz-q13",
  },
  {
    "answer": "ねこ",
    "correct": false,
    "id": "quiz-q14",
  },
  {
    "answer": "ほん",
    "correct": false,
    "id": "quiz-q15",
  },
  {
    "answer": "みず",
    "correct": false,
    "id": "quiz-q16",
  },
]
[90mstdout[2m | src/components/Editor3/Workbook.stories.jsx[2m > [22m[2mKitchen Sink
[22m[39mQuestionBlock.grade.data keys: []
[90mstdout[2m | src/components/Editor3/Workbook.stories.jsx[2m > [22m[2mKitchen Sink
[22m[39mQuestionBlock.grade.data[nodeKey]: undefined
[90mstdout[2m | src/components/Editor3/Workbook.stories.jsx[2m > [22m[2mKitchen Sink
[22m[39mQuestionBlockRo.inProgress {}
[90mstdout[2m | src/components/Editor3/Workbook.stories.jsx[2m > [22m[2mKitchen Sink
[22m[39m[ChatContext] Chat exists and not archived, skipping creation
[90mstdout[2m | src/components/Editor3/Workbook.stories.jsx[2m > [22m[2mKitchen Sink
[22m[39mmeow: ?thisAnswer {
  "answer": "Hello",
  "correct": true,
  "id": "quiz-q1",
}
[90mstdout[2m | src/components/Editor3/Workbook.stories.jsx[2m > [22m[2mKitchen Sink
[22m[39mattemptedArr.length === correctArrLen 1 4
[90mstdout[2m | src/components/Editor3/Workbook.stories.jsx[2m > [22m[2mKitchen Sink
[22m[39mverifiedArr.length === correctArrLen 1 4
[90mstdout[2m | src/components/Editor3/Workbook.stories.jsx[2m > [22m[2mKitchen Sink
[22m[39mthisExerciseDone false
[90mstdout[2m | src/components/Editor3/Workbook.stories.jsx[2m > [22m[2mKitchen Sink
[22m[39msavedGradeCopy {
  "154": {
    "accuracy": 25,
    "attemptedAnswers": [
      "Hello",
    ],
    "complete": false,
    "correctAnswers": [
      "Hello",
    ],
    "percentComplete": 25,
  },
}
[90mstdout[2m | src/components/Editor3/Workbook.stories.jsx[2m > [22m[2mKitchen Sink
[22m[39mCustomAnswerComponent.questionID question-1
[90mstdout[2m | src/components/Editor3/Workbook.stories.jsx[2m > [22m[2mKitchen Sink
[22m[39mCustomAnswerComponent.questionBank {}
[90mstdout[2m | src/components/Editor3/Workbook.stories.jsx[2m > [22m[2mKitchen Sink
[22m[39mCustomAnswerComponent.question {}
[90mstdout[2m | src/components/Editor3/Workbook.stories.jsx[2m > [22m[2mKitchen Sink
[22m[39mCustomAnswerComponent.question {}
[90mstdout[2m | src/components/Editor3/Workbook.stories.jsx[2m > [22m[2mKitchen Sink
[22m[39mCustomAnswerComponent.prompt undefined
[90mstdout[2m | src/components/Editor3/Workbook.stories.jsx[2m > [22m[2mKitchen Sink
[22m[39mCustomAnswerComponent.feedback[questionID] undefined
[90mstdout[2m | src/components/Editor3/Workbook.stories.jsx[2m > [22m[2mKitchen Sink
[22m[39mCustomAnswerComponent.isCompleted undefined
[90mstdout[2m | src/components/Editor3/Workbook.stories.jsx[2m > [22m[2mKitchen Sink
[22m[39mCustomAnswerComponent.currentPromptMethod text
[90mstdout[2m | src/components/Editor3/Workbook.stories.jsx[2m > [22m[2mKitchen Sink
[22m[39mCustomAnswerComponent.displayPrompt undefined
[90mstdout[2m | src/components/Editor3/Workbook.stories.jsx[2m > [22m[2mKitchen Sink
[22m[39mCustomAnswerComponent.questionID question-2
[90mstdout[2m | src/components/Editor3/Workbook.stories.jsx[2m > [22m[2mKitchen Sink
[22m[39mCustomAnswerComponent.questionBank {}
[90mstdout[2m | src/components/Editor3/Workbook.stories.jsx[2m > [22m[2mKitchen Sink
[22m[39mCustomAnswerComponent.question {}
[90mstdout[2m | src/components/Editor3/Workbook.stories.jsx[2m > [22m[2mKitchen Sink
[22m[39mCustomAnswerComponent.question {}
[90mstdout[2m | src/components/Editor3/Workbook.stories.jsx[2m > [22m[2mKitchen Sink
[22m[39mCustomAnswerComponent.prompt undefined
[90mstdout[2m | src/components/Editor3/Workbook.stories.jsx[2m > [22m[2mKitchen Sink
[22m[39mCustomAnswerComponent.feedback[questionID] undefined
[90mstdout[2m | src/components/Editor3/Workbook.stories.jsx[2m > [22m[2mKitchen Sink
[22m[39mCustomAnswerComponent.isCompleted undefined
[90mstdout[2m | src/components/Editor3/Workbook.stories.jsx[2m > [22m[2mKitchen Sink
[22m[39mCustomAnswerComponent.currentPromptMethod text
[90mstdout[2m | src/components/Editor3/Workbook.stories.jsx[2m > [22m[2mKitchen Sink
[22m[39mCustomAnswerComponent.displayPrompt undefined
[90mstdout[2m | src/components/Editor3/Workbook.stories.jsx[2m > [22m[2mKitchen Sink
[22m[39mEasy.nodeKey 149 type: string
[90mstdout[2m | src/components/Editor3/Workbook.stories.jsx[2m > [22m[2mKitchen Sink
[22m[39mEasy.grade: {
  "_version": 1,
  "accuracy": null,
  "complete": false,
  "data": {
    "154": {
      "accuracy": 25,
      "attemptedAnswers": [
        "Hello",
      ],
      "complete": false,
      "correctAnswers": [
        "Hello",
      ],
      "percentComplete": 25,
    },
  },
  "id": "grade-kitchen-sink-1",
  "owner": "mock-user-sub",
  "percentComplete": 0,
  "timerStarted": true,
  "unitID": "kitchen-sink-workbook-id",
  "unitVersion": 1,
}
[90mstdout[2m | src/components/Editor3/Workbook.stories.jsx[2m > [22m[2mKitchen Sink
[22m[39mEasy.grade.data: {
  "154": {
    "accuracy": 25,
    "attemptedAnswers": [
      "Hello",
    ],
    "complete": false,
    "correctAnswers": [
      "Hello",
    ],
    "percentComplete": 25,
  },
}
[90mstdout[2m | src/components/Editor3/Workbook.stories.jsx[2m > [22m[2mKitchen Sink
[22m[39mEasy.grade.data === grade? false
[90mstdout[2m | src/components/Editor3/Workbook.stories.jsx[2m > [22m[2mKitchen Sink
[22m[39mEasy.grade.data keys: [
  "154",
]
[90mstdout[2m | src/components/Editor3/Workbook.stories.jsx[2m > [22m[2mKitchen Sink
[22m[39mEasy.grade.data[nodeKey]: undefined
[90mstdout[2m | src/components/Editor3/Workbook.stories.jsx[2m > [22m[2mKitchen Sink
[22m[39mEasy.inProgress {}
[90mstdout[2m | src/components/Editor3/Workbook.stories.jsx[2m > [22m[2mKitchen Sink
[22m[39mHard.attemptedAnswers {}
[90mstdout[2m | src/components/Editor3/Workbook.stories.jsx[2m > [22m[2mKitchen Sink
[22m[39mQuestionBlockRo.grade {
  "_version": 1,
  "accuracy": null,
  "complete": false,
  "data": {
    "154": {
      "accuracy": 25,
      "attemptedAnswers": [
        "Hello",
      ],
      "complete": false,
      "correctAnswers": [
        "Hello",
      ],
      "percentComplete": 25,
    },
  },
  "id": "grade-kitchen-sink-1",
  "owner": "mock-user-sub",
  "percentComplete": 0,
  "timerStarted": true,
  "unitID": "kitchen-sink-workbook-id",
  "unitVersion": 1,
}
[90mstdout[2m | src/components/Editor3/Workbook.stories.jsx[2m > [22m[2mKitchen Sink
[22m[39m......!q {
  "answer": "Hello",
  "correct": true,
  "id": "quiz-q1",
}
[90mstdout[2m | src/components/Editor3/Workbook.stories.jsx[2m > [22m[2mKitchen Sink
[22m[39m......!q {
  "answer": "Goodbye",
  "correct": false,
  "id": "quiz-q2",
}
[90mstdout[2m | src/components/Editor3/Workbook.stories.jsx[2m > [22m[2mKitchen Sink
[22m[39m......!q {
  "answer": "Thank you",
  "correct": false,
  "id": "quiz-q3",
}
[90mstdout[2m | src/components/Editor3/Workbook.stories.jsx[2m > [22m[2mKitchen Sink
[22m[39m......!q {
  "answer": "Please",
  "correct": false,
  "id": "quiz-q4",
}
[90mstdout[2m | src/components/Editor3/Workbook.stories.jsx[2m > [22m[2mKitchen Sink
[22m[39m......!q {
  "answer": "犬 (inu)",
  "correct": false,
  "id": "quiz-q5",
}
[90mstdout[2m | src/components/Editor3/Workbook.stories.jsx[2m > [22m[2mKitchen Sink
[22m[39m......!q {
  "answer": "猫 (neko)",
  "correct": true,
  "id": "quiz-q6",
}
[90mstdout[2m | src/components/Editor3/Workbook.stories.jsx[2m > [22m[2mKitchen Sink
[22m[39m......!q {
  "answer": "本 (hon)",
  "correct": false,
  "id": "quiz-q7",
}
[90mstdout[2m | src/components/Editor3/Workbook.stories.jsx[2m > [22m[2mKitchen Sink
[22m[39m......!q {
  "answer": "水 (mizu)",
  "correct": false,
  "id": "quiz-q8",
}
[90mstdout[2m | src/components/Editor3/Workbook.stories.jsx[2m > [22m[2mKitchen Sink
[22m[39m......!q {
  "answer": "さようなら",
  "correct": false,
  "id": "quiz-q9",
}
[90mstdout[2m | src/components/Editor3/Workbook.stories.jsx[2m > [22m[2mKitchen Sink
[22m[39m......!q {
  "answer": "こんにちは",
  "correct": false,
  "id": "quiz-q10",
}
[90mstdout[2m | src/components/Editor3/Workbook.stories.jsx[2m > [22m[2mKitchen Sink
[22m[39m......!q {
  "answer": "ありがとう",
  "correct": true,
  "id": "quiz-q11",
}
[90mstdout[2m | src/components/Editor3/Workbook.stories.jsx[2m > [22m[2mKitchen Sink
[22m[39m......!q {
  "answer": "すみません",
  "correct": false,
  "id": "quiz-q12",
}
[90mstdout[2m | src/components/Editor3/Workbook.stories.jsx[2m > [22m[2mKitchen Sink
[22m[39m......!q {
  "answer": "いぬ",
  "correct": true,
  "id": "quiz-q13",
}
[90mstdout[2m | src/components/Editor3/Workbook.stories.jsx[2m > [22m[2mKitchen Sink
[22m[39m......!q {
  "answer": "ねこ",
  "correct": false,
  "id": "quiz-q14",
}
[90mstdout[2m | src/components/Editor3/Workbook.stories.jsx[2m > [22m[2mKitchen Sink
[22m[39m......!q {
  "answer": "ほん",
  "correct": false,
  "id": "quiz-q15",
}
[90mstdout[2m | src/components/Editor3/Workbook.stories.jsx[2m > [22m[2mKitchen Sink
[22m[39m......!q {
  "answer": "みず",
  "correct": false,
  "id": "quiz-q16",
}
[90mstdout[2m | src/components/Editor3/Workbook.stories.jsx[2m > [22m[2mKitchen Sink
[22m[39mQuestionBlock.nodeKey 154 type: string
[90mstdout[2m | src/components/Editor3/Workbook.stories.jsx[2m > [22m[2mKitchen Sink
[22m[39mQuestionBlock.questionContent [
  {
    "answer": "Hello",
    "correct": true,
    "id": "quiz-q1",
  },
  {
    "answer": "Goodbye",
    "correct": false,
    "id": "quiz-q2",
  },
  {
    "answer": "Thank you",
    "correct": false,
    "id": "quiz-q3",
  },
  {
    "answer": "Please",
    "correct": false,
    "id": "quiz-q4",
  },
  {
    "answer": "犬 (inu)",
    "correct": false,
    "id": "quiz-q5",
  },
  {
    "answer": "猫 (neko)",
    "correct": true,
    "id": "quiz-q6",
  },
  {
    "answer": "本 (hon)",
    "correct": false,
    "id": "quiz-q7",
  },
  {
    "answer": "水 (mizu)",
    "correct": false,
    "id": "quiz-q8",
  },
  {
    "answer": "さようなら",
    "correct": false,
    "id": "quiz-q9",
  },
  {
    "answer": "こんにちは",
    "correct": false,
    "id": "quiz-q10",
  },
  {
    "answer": "ありがとう",
    "correct": true,
    "id": "quiz-q11",
  },
  {
    "answer": "すみません",
    "correct": false,
    "id": "quiz-q12",
  },
  {
    "answer": "いぬ",
    "correct": true,
    "id": "quiz-q13",
  },
  {
    "answer": "ねこ",
    "correct": false,
    "id": "quiz-q14",
  },
  {
    "answer": "ほん",
    "correct": false,
    "id": "quiz-q15",
  },
  {
    "answer": "みず",
    "correct": false,
    "id": "quiz-q16",
  },
]
[90mstdout[2m | src/components/Editor3/Workbook.stories.jsx[2m > [22m[2mKitchen Sink
[22m[39mQuestionBlock.grade.data keys: [
  "154",
]
[90mstdout[2m | src/components/Editor3/Workbook.stories.jsx[2m > [22m[2mKitchen Sink
[22m[39mQuestionBlock.grade.data[nodeKey]: {
  "accuracy": 25,
  "attemptedAnswers": [
    "Hello",
  ],
  "complete": false,
  "correctAnswers": [
    "Hello",
  ],
  "percentComplete": 25,
}
[90mstdout[2m | src/components/Editor3/Workbook.stories.jsx[2m > [22m[2mKitchen Sink
[22m[39mQuestionBlockRo.inProgress {
  "accuracy": 25,
  "attemptedAnswers": [
    "Hello",
  ],
  "complete": false,
  "correctAnswers": [
    "Hello",
  ],
  "percentComplete": 25,
}
[90mstdout[2m | src/components/Editor3/Workbook.stories.jsx[2m > [22m[2mKitchen Sink
[22m[39m[Mock Data] Grade updated: grade-kitchen-sink-1 - notified 1 subscribers
[90mstdout[2m | src/components/Editor3/Workbook.stories.jsx[2m > [22m[2mKitchen Sink
[22m[39mCustomAnswerComponent.questionID question-1
[90mstdout[2m | src/components/Editor3/Workbook.stories.jsx[2m > [22m[2mKitchen Sink
[22m[39mCustomAnswerComponent.questionBank {}
[90mstdout[2m | src/components/Editor3/Workbook.stories.jsx[2m > [22m[2mKitchen Sink
[22m[39mCustomAnswerComponent.question {}
[90mstdout[2m | src/components/Editor3/Workbook.stories.jsx[2m > [22m[2mKitchen Sink
[22m[39mCustomAnswerComponent.question {}
[90mstdout[2m | src/components/Editor3/Workbook.stories.jsx[2m > [22m[2mKitchen Sink
[22m[39mCustomAnswerComponent.prompt undefined
[90mstdout[2m | src/components/Editor3/Workbook.stories.jsx[2m > [22m[2mKitchen Sink
[22m[39mCustomAnswerComponent.feedback[questionID] undefined
[90mstdout[2m | src/components/Editor3/Workbook.stories.jsx[2m > [22m[2mKitchen Sink
[22m[39mCustomAnswerComponent.isCompleted undefined
[90mstdout[2m | src/components/Editor3/Workbook.stories.jsx[2m > [22m[2mKitchen Sink
[22m[39mCustomAnswerComponent.currentPromptMethod text
[90mstdout[2m | src/components/Editor3/Workbook.stories.jsx[2m > [22m[2mKitchen Sink
[22m[39mCustomAnswerComponent.displayPrompt undefined
[90mstdout[2m | src/components/Editor3/Workbook.stories.jsx[2m > [22m[2mKitchen Sink
[22m[39mCustomAnswerComponent.questionID question-2
[90mstdout[2m | src/components/Editor3/Workbook.stories.jsx[2m > [22m[2mKitchen Sink
[22m[39mCustomAnswerComponent.questionBank {}
[90mstdout[2m | src/components/Editor3/Workbook.stories.jsx[2m > [22m[2mKitchen Sink
[22m[39mCustomAnswerComponent.question {}
[90mstdout[2m | src/components/Editor3/Workbook.stories.jsx[2m > [22m[2mKitchen Sink
[22m[39mCustomAnswerComponent.question {}
[90mstdout[2m | src/components/Editor3/Workbook.stories.jsx[2m > [22m[2mKitchen Sink
[22m[39mCustomAnswerComponent.prompt undefined
[90mstdout[2m | src/components/Editor3/Workbook.stories.jsx[2m > [22m[2mKitchen Sink
[22m[39mCustomAnswerComponent.feedback[questionID] undefined
[90mstdout[2m | src/components/Editor3/Workbook.stories.jsx[2m > [22m[2mKitchen Sink
[22m[39mCustomAnswerComponent.isCompleted undefined
[90mstdout[2m | src/components/Editor3/Workbook.stories.jsx[2m > [22m[2mKitchen Sink
[22m[39mCustomAnswerComponent.currentPromptMethod text
[90mstdout[2m | src/components/Editor3/Workbook.stories.jsx[2m > [22m[2mKitchen Sink
[22m[39mCustomAnswerComponent.displayPrompt undefined
[90mstdout[2m | src/components/Editor3/Workbook.stories.jsx[2m > [22m[2mKitchen Sink
[22m[39mEasy.nodeKey 149 type: string
[90mstdout[2m | src/components/Editor3/Workbook.stories.jsx[2m > [22m[2mKitchen Sink
[22m[39mEasy.grade: {
  "_version": 2,
  "accuracy": null,
  "complete": false,
  "data": {
    "154": {
      "accuracy": 25,
      "attemptedAnswers": [
        "Hello",
      ],
      "complete": false,
      "correctAnswers": [
        "Hello",
      ],
      "percentComplete": 25,
    },
  },
  "id": "grade-kitchen-sink-1",
  "owner": "mock-user-sub",
  "percentComplete": 0,
  "timerStarted": true,
  "unitID": "kitchen-sink-workbook-id",
  "unitVersion": 1,
  "updatedAt": "2026-09-26T09:49:06.317Z",
}
[90mstdout[2m | src/components/Editor3/Workbook.stories.jsx[2m > [22m[2mKitchen Sink
[22m[39mEasy.grade.data: {
  "154": {
    "accuracy": 25,
    "attemptedAnswers": [
      "Hello",
    ],
    "complete": false,
    "correctAnswers": [
      "Hello",
    ],
    "percentComplete": 25,
  },
}
[90mstdout[2m | src/components/Editor3/Workbook.stories.jsx[2m > [22m[2mKitchen Sink
[22m[39mEasy.grade.data === grade? false
[90mstdout[2m | src/components/Editor3/Workbook.stories.jsx[2m > [22m[2mKitchen Sink
[22m[39mEasy.grade.data keys: [
  "154",
]
[90mstdout[2m | src/components/Editor3/Workbook.stories.jsx[2m > [22m[2mKitchen Sink
[22m[39mEasy.grade.data[nodeKey]: undefined
[90mstdout[2m | src/components/Editor3/Workbook.stories.jsx[2m > [22m[2mKitchen Sink
[22m[39mEasy.inProgress {}
[90mstdout[2m | src/components/Editor3/Workbook.stories.jsx[2m > [22m[2mKitchen Sink
[22m[39mHard.attemptedAnswers {}
[90mstdout[2m | src/components/Editor3/Workbook.stories.jsx[2m > [22m[2mKitchen Sink
[22m[39mQuestionBlockRo.grade {
  "_version": 2,
  "accuracy": null,
  "complete": false,
  "data": {
    "154": {
      "accuracy": 25,
      "attemptedAnswers": [
        "Hello",
      ],
      "complete": false,
      "correctAnswers": [
        "Hello",
      ],
      "percentComplete": 25,
    },
  },
  "id": "grade-kitchen-sink-1",
  "owner": "mock-user-sub",
  "percentComplete": 0,
  "timerStarted": true,
  "unitID": "kitchen-sink-workbook-id",
  "unitVersion": 1,
  "updatedAt": "2026-09-26T09:49:06.317Z",
}
[90mstdout[2m | src/components/Editor3/Workbook.stories.jsx[2m > [22m[2mKitchen Sink
[22m[39m......!q {
  "answer": "Hello",
  "correct": true,
  "id": "quiz-q1",
}
[90mstdout[2m | src/components/Editor3/Workbook.stories.jsx[2m > [22m[2mKitchen Sink
[22m[39m......!q {
  "answer": "Goodbye",
  "correct": false,
  "id": "quiz-q2",
}
[90mstdout[2m | src/components/Editor3/Workbook.stories.jsx[2m > [22m[2mKitchen Sink
[22m[39m......!q {
  "answer": "Thank you",
  "correct": false,
  "id": "quiz-q3",
}
[90mstdout[2m | src/components/Editor3/Workbook.stories.jsx[2m > [22m[2mKitchen Sink
[22m[39m......!q {
  "answer": "Please",
  "correct": false,
  "id": "quiz-q4",
}
[90mstdout[2m | src/components/Editor3/Workbook.stories.jsx[2m > [22m[2mKitchen Sink
[22m[39m......!q {
  "answer": "犬 (inu)",
  "correct": false,
  "id": "quiz-q5",
}
[90mstdout[2m | src/components/Editor3/Workbook.stories.jsx[2m > [22m[2mKitchen Sink
[22m[39m......!q {
  "answer": "猫 (neko)",
  "correct": true,
  "id": "quiz-q6",
}
[90mstdout[2m | src/components/Editor3/Workbook.stories.jsx[2m > [22m[2mKitchen Sink
[22m[39m......!q {
  "answer": "本 (hon)",
  "correct": false,
  "id": "quiz-q7",
}
[90mstdout[2m | src/components/Editor3/Workbook.stories.jsx[2m > [22m[2mKitchen Sink
[22m[39m......!q {
  "answer": "水 (mizu)",
  "correct": false,
  "id": "quiz-q8",
}
[90mstdout[2m | src/components/Editor3/Workbook.stories.jsx[2m > [22m[2mKitchen Sink
[22m[39m......!q {
  "answer": "さようなら",
  "correct": false,
  "id": "quiz-q9",
}
[90mstdout[2m | src/components/Editor3/Workbook.stories.jsx[2m > [22m[2mKitchen Sink
[22m[39m......!q {
  "answer": "こんにちは",
  "correct": false,
  "id": "quiz-q10",
}
[90mstdout[2m | src/components/Editor3/Workbook.stories.jsx[2m > [22m[2mKitchen Sink
[22m[39m......!q {
  "answer": "ありがとう",
  "correct": true,
  "id": "quiz-q11",
}
[90mstdout[2m | src/components/Editor3/Workbook.stories.jsx[2m > [22m[2mKitchen Sink
[22m[39m......!q {
  "answer": "すみません",
  "correct": false,
  "id": "quiz-q12",
}
[90mstdout[2m | src/components/Editor3/Workbook.stories.jsx[2m > [22m[2mKitchen Sink
[22m[39m......!q {
  "answer": "いぬ",
  "correct": true,
  "id": "quiz-q13",
}
[90mstdout[2m | src/components/Editor3/Workbook.stories.jsx[2m > [22m[2mKitchen Sink
[22m[39m......!q {
  "answer": "ねこ",
  "correct": false,
  "id": "quiz-q14",
}
[90mstdout[2m | src/components/Editor3/Workbook.stories.jsx[2m > [22m[2mKitchen Sink
[22m[39m......!q {
  "answer": "ほん",
  "correct": false,
  "id": "quiz-q15",
}
[90mstdout[2m | src/components/Editor3/Workbook.stories.jsx[2m > [22m[2mKitchen Sink
[22m[39m......!q {
  "answer": "みず",
  "correct": false,
  "id": "quiz-q16",
}
[90mstdout[2m | src/components/Editor3/Workbook.stories.jsx[2m > [22m[2mKitchen Sink
[22m[39mQuestionBlock.nodeKey 154 type: string
[90mstdout[2m | src/components/Editor3/Workbook.stories.jsx[2m > [22m[2mKitchen Sink
[22m[39mQuestionBlock.questionContent [
  {
    "answer": "Hello",
    "correct": true,
    "id": "quiz-q1",
  },
  {
    "answer": "Goodbye",
    "correct": false,
    "id": "quiz-q2",
  },
  {
    "answer": "Thank you",
    "correct": false,
    "id": "quiz-q3",
  },
  {
    "answer": "Please",
    "correct": false,
    "id": "quiz-q4",
  },
  {
    "answer": "犬 (inu)",
    "correct": false,
    "id": "quiz-q5",
  },
  {
    "answer": "猫 (neko)",
    "correct": true,
    "id": "quiz-q6",
  },
  {
    "answer": "本 (hon)",
    "correct": false,
    "id": "quiz-q7",
  },
  {
    "answer": "水 (mizu)",
    "correct": false,
    "id": "quiz-q8",
  },
  {
    "answer": "さようなら",
    "correct": false,
    "id": "quiz-q9",
  },
  {
    "answer": "こんにちは",
    "correct": false,
    "id": "quiz-q10",
  },
  {
    "answer": "ありがとう",
    "correct": true,
    "id": "quiz-q11",
  },
  {
    "answer": "すみません",
    "correct": false,
    "id": "quiz-q12",
  },
  {
    "answer": "いぬ",
    "correct": true,
    "id": "quiz-q13",
  },
  {
    "answer": "ねこ",
    "correct": false,
    "id": "quiz-q14",
  },
  {
    "answer": "ほん",
    "correct": false,
    "id": "quiz-q15",
  },
  {
    "answer": "みず",
    "correct": false,
    "id": "quiz-q16",
  },
]
[90mstdout[2m | src/components/Editor3/Workbook.stories.jsx[2m > [22m[2mKitchen Sink
[22m[39mQuestionBlock.grade.data keys: [
  "154",
]
[90mstdout[2m | src/components/Editor3/Workbook.stories.jsx[2m > [22m[2mKitchen Sink
[22m[39mQuestionBlock.grade.data[nodeKey]: {
  "accuracy": 25,
  "attemptedAnswers": [
    "Hello",
  ],
  "complete": false,
  "correctAnswers": [
    "Hello",
  ],
  "percentComplete": 25,
}
[90mstdout[2m | src/components/Editor3/Workbook.stories.jsx[2m > [22m[2mKitchen Sink
[22m[39mQuestionBlockRo.inProgress {
  "accuracy": 25,
  "attemptedAnswers": [
    "Hello",
  ],
  "complete": false,
  "correctAnswers": [
    "Hello",
  ],
  "percentComplete": 25,
}
[90mstdout[2m | src/components/Editor3/Workbook.stories.jsx[2m > [22m[2mKitchen Sink
[22m[39mmeow: ?thisAnswer {
  "answer": "Goodbye",
  "correct": false,
  "id": "quiz-q2",
}
[90mstdout[2m | src/components/Editor3/Workbook.stories.jsx[2m > [22m[2mKitchen Sink
[22m[39mattemptedArr.length === correctArrLen 2 4
[90mstdout[2m | src/components/Editor3/Workbook.stories.jsx[2m > [22m[2mKitchen Sink
[22m[39mverifiedArr.length === correctArrLen 1 4
[90mstdout[2m | src/components/Editor3/Workbook.stories.jsx[2m > [22m[2mKitchen Sink
[22m[39mthisExerciseDone false
[90mstdout[2m | src/components/Editor3/Workbook.stories.jsx[2m > [22m[2mKitchen Sink
[22m[39msavedGradeCopy {
  "154": {
    "accuracy": 25,
    "attemptedAnswers": [
      "Hello",
      "Goodbye",
    ],
    "complete": false,
    "correctAnswers": [
      "Hello",
    ],
    "percentComplete": 50,
  },
}
[90mstdout[2m | src/components/Editor3/Workbook.stories.jsx[2m > [22m[2mKitchen Sink
[22m[39mCustomAnswerComponent.questionID question-1
[90mstdout[2m | src/components/Editor3/Workbook.stories.jsx[2m > [22m[2mKitchen Sink
[22m[39mCustomAnswerComponent.questionBank {}
[90mstdout[2m | src/components/Editor3/Workbook.stories.jsx[2m > [22m[2mKitchen Sink
[22m[39mCustomAnswerComponent.question {}
[90mstdout[2m | src/components/Editor3/Workbook.stories.jsx[2m > [22m[2mKitchen Sink
[22m[39mCustomAnswerComponent.question {}
[90mstdout[2m | src/components/Editor3/Workbook.stories.jsx[2m > [22m[2mKitchen Sink
[22m[39mCustomAnswerComponent.prompt undefined
[90mstdout[2m | src/components/Editor3/Workbook.stories.jsx[2m > [22m[2mKitchen Sink
[22m[39mCustomAnswerComponent.feedback[questionID] undefined
[90mstdout[2m | src/components/Editor3/Workbook.stories.jsx[2m > [22m[2mKitchen Sink
[22m[39mCustomAnswerComponent.isCompleted undefined
[90mstdout[2m | src/components/Editor3/Workbook.stories.jsx[2m > [22m[2mKitchen Sink
[22m[39mCustomAnswerComponent.currentPromptMethod text
[90mstdout[2m | src/components/Editor3/Workbook.stories.jsx[2m > [22m[2mKitchen Sink
[22m[39mCustomAnswerComponent.displayPrompt undefined
[90mstdout[2m | src/components/Editor3/Workbook.stories.jsx[2m > [22m[2mKitchen Sink
[22m[39mCustomAnswerComponent.questionID question-2
[90mstdout[2m | src/components/Editor3/Workbook.stories.jsx[2m > [22m[2mKitchen Sink
[22m[39mCustomAnswerComponent.questionBank {}
[90mstdout[2m | src/components/Editor3/Workbook.stories.jsx[2m > [22m[2mKitchen Sink
[22m[39mCustomAnswerComponent.question {}
[90mstdout[2m | src/components/Editor3/Workbook.stories.jsx[2m > [22m[2mKitchen Sink
[22m[39mCustomAnswerComponent.question {}
[90mstdout[2m | src/components/Editor3/Workbook.stories.jsx[2m > [22m[2mKitchen Sink
[22m[39mCustomAnswerComponent.prompt undefined
[90mstdout[2m | src/components/Editor3/Workbook.stories.jsx[2m > [22m[2mKitchen Sink
[22m[39mCustomAnswerComponent.feedback[questionID] undefined
[90mstdout[2m | src/components/Editor3/Workbook.stories.jsx[2m > [22m[2mKitchen Sink
[22m[39mCustomAnswerComponent.isCompleted undefined
[90mstdout[2m | src/components/Editor3/Workbook.stories.jsx[2m > [22m[2mKitchen Sink
[22m[39mCustomAnswerComponent.currentPromptMethod text
[90mstdout[2m | src/components/Editor3/Workbook.stories.jsx[2m > [22m[2mKitchen Sink
[22m[39mCustomAnswerComponent.displayPrompt undefined
[90mstdout[2m | src/components/Editor3/Workbook.stories.jsx[2m > [22m[2mKitchen Sink
[22m[39mEasy.nodeKey 149 type: string
[90mstdout[2m | src/components/Editor3/Workbook.stories.jsx[2m > [22m[2mKitchen Sink
[22m[39mEasy.grade: {
  "_version": 2,
  "accuracy": null,
  "complete": false,
  "data": {
    "154": {
      "accuracy": 25,
      "attemptedAnswers": [
        "Hello",
        "Goodbye",
      ],
      "complete": false,
      "correctAnswers": [
        "Hello",
      ],
      "percentComplete": 50,
    },
  },
  "id": "grade-kitchen-sink-1",
  "owner": "mock-user-sub",
  "percentComplete": 0,
  "timerStarted": true,
  "unitID": "kitchen-sink-workbook-id",
  "unitVersion": 1,
  "updatedAt": "2026-09-26T09:49:06.317Z",
}
[90mstdout[2m | src/components/Editor3/Workbook.stories.jsx[2m > [22m[2mKitchen Sink
[22m[39mEasy.grade.data: {
  "154": {
    "accuracy": 25,
    "attemptedAnswers": [
      "Hello",
      "Goodbye",
    ],
    "complete": false,
    "correctAnswers": [
      "Hello",
    ],
    "percentComplete": 50,
  },
}
[90mstdout[2m | src/components/Editor3/Workbook.stories.jsx[2m > [22m[2mKitchen Sink
[22m[39mEasy.grade.data === grade? false
[90mstdout[2m | src/components/Editor3/Workbook.stories.jsx[2m > [22m[2mKitchen Sink
[22m[39mEasy.grade.data keys: [
  "154",
]
[90mstdout[2m | src/components/Editor3/Workbook.stories.jsx[2m > [22m[2mKitchen Sink
[22m[39mEasy.grade.data[nodeKey]: undefined
[90mstdout[2m | src/components/Editor3/Workbook.stories.jsx[2m > [22m[2mKitchen Sink
[22m[39mEasy.inProgress {}
[90mstdout[2m | src/components/Editor3/Workbook.stories.jsx[2m > [22m[2mKitchen Sink
[22m[39mHard.attemptedAnswers {}
[90mstdout[2m | src/components/Editor3/Workbook.stories.jsx[2m > [22m[2mKitchen Sink
[22m[39mQuestionBlockRo.grade {
  "_version": 2,
  "accuracy": null,
  "complete": false,
  "data": {
    "154": {
      "accuracy": 25,
      "attemptedAnswers": [
        "Hello",
        "Goodbye",
      ],
      "complete": false,
      "correctAnswers": [
        "Hello",
      ],
      "percentComplete": 50,
    },
  },
  "id": "grade-kitchen-sink-1",
  "owner": "mock-user-sub",
  "percentComplete": 0,
  "timerStarted": true,
  "unitID": "kitchen-sink-workbook-id",
  "unitVersion": 1,
  "updatedAt": "2026-09-26T09:49:06.317Z",
}
[90mstdout[2m | src/components/Editor3/Workbook.stories.jsx[2m > [22m[2mKitchen Sink
[22m[39m......!q {
  "answer": "Hello",
  "correct": true,
  "id": "quiz-q1",
}
[90mstdout[2m | src/components/Editor3/Workbook.stories.jsx[2m > [22m[2mKitchen Sink
[22m[39m......!q {
  "answer": "Goodbye",
  "correct": false,
  "id": "quiz-q2",
}
[90mstdout[2m | src/components/Editor3/Workbook.stories.jsx[2m > [22m[2mKitchen Sink
[22m[39m......!q {
  "answer": "Thank you",
  "correct": false,
  "id": "quiz-q3",
}
[90mstdout[2m | src/components/Editor3/Workbook.stories.jsx[2m > [22m[2mKitchen Sink
[22m[39m......!q {
  "answer": "Please",
  "correct": false,
  "id": "quiz-q4",
}
[90mstdout[2m | src/components/Editor3/Workbook.stories.jsx[2m > [22m[2mKitchen Sink
[22m[39m......!q {
  "answer": "犬 (inu)",
  "correct": false,
  "id": "quiz-q5",
}
[90mstdout[2m | src/components/Editor3/Workbook.stories.jsx[2m > [22m[2mKitchen Sink
[22m[39m......!q {
  "answer": "猫 (neko)",
  "correct": true,
  "id": "quiz-q6",
}
[90mstdout[2m | src/components/Editor3/Workbook.stories.jsx[2m > [22m[2mKitchen Sink
[22m[39m......!q {
  "answer": "本 (hon)",
  "correct": false,
  "id": "quiz-q7",
}
[90mstdout[2m | src/components/Editor3/Workbook.stories.jsx[2m > [22m[2mKitchen Sink
[22m[39m......!q {
  "answer": "水 (mizu)",
  "correct": false,
  "id": "quiz-q8",
}
[90mstdout[2m | src/components/Editor3/Workbook.stories.jsx[2m > [22m[2mKitchen Sink
[22m[39m......!q {
  "answer": "さようなら",
  "correct": false,
  "id": "quiz-q9",
}
[90mstdout[2m | src/components/Editor3/Workbook.stories.jsx[2m > [22m[2mKitchen Sink
[22m[39m......!q {
  "answer": "こんにちは",
  "correct": false,
  "id": "quiz-q10",
}
[90mstdout[2m | src/components/Editor3/Workbook.stories.jsx[2m > [22m[2mKitchen Sink
[22m[39m......!q {
  "answer": "ありがとう",
  "correct": true,
  "id": "quiz-q11",
}
[90mstdout[2m | src/components/Editor3/Workbook.stories.jsx[2m > [22m[2mKitchen Sink
[22m[39m......!q {
  "answer": "すみません",
  "correct": false,
  "id": "quiz-q12",
}
[90mstdout[2m | src/components/Editor3/Workbook.stories.jsx[2m > [22m[2mKitchen Sink
[22m[39m......!q {
  "answer": "いぬ",
  "correct": true,
  "id": "quiz-q13",
}
[90mstdout[2m | src/components/Editor3/Workbook.stories.jsx[2m > [22m[2mKitchen Sink
[22m[39m......!q {
  "answer": "ねこ",
  "correct": false,
  "id": "quiz-q14",
}
[90mstdout[2m | src/components/Editor3/Workbook.stories.jsx[2m > [22m[2mKitchen Sink
[22m[39m......!q {
  "answer": "ほん",
  "correct": false,
  "id": "quiz-q15",
}
[90mstdout[2m | src/components/Editor3/Workbook.stories.jsx[2m > [22m[2mKitchen Sink
[22m[39m......!q {
  "answer": "みず",
  "correct": false,
  "id": "quiz-q16",
}
[90mstdout[2m | src/components/Editor3/Workbook.stories.jsx[2m > [22m[2mKitchen Sink
[22m[39mQuestionBlock.nodeKey 154 type: string
[90mstdout[2m | src/components/Editor3/Workbook.stories.jsx[2m > [22m[2mKitchen Sink
[22m[39mQuestionBlock.questionContent [
  {
    "answer": "Hello",
    "correct": true,
    "id": "quiz-q1",
  },
  {
    "answer": "Goodbye",
    "correct": false,
    "id": "quiz-q2",
  },
  {
    "answer": "Thank you",
    "correct": false,
    "id": "quiz-q3",
  },
  {
    "answer": "Please",
    "correct": false,
    "id": "quiz-q4",
  },
  {
    "answer": "犬 (inu)",
    "correct": false,
    "id": "quiz-q5",
  },
  {
    "answer": "猫 (neko)",
    "correct": true,
    "id": "quiz-q6",
  },
  {
    "answer": "本 (hon)",
    "correct": false,
    "id": "quiz-q7",
  },
  {
    "answer": "水 (mizu)",
    "correct": false,
    "id": "quiz-q8",
  },
  {
    "answer": "さようなら",
    "correct": false,
    "id": "quiz-q9",
  },
  {
    "answer": "こんにちは",
    "correct": false,
    "id": "quiz-q10",
  },
  {
    "answer": "ありがとう",
    "correct": true,
    "id": "quiz-q11",
  },
  {
    "answer": "すみません",
    "correct": false,
    "id": "quiz-q12",
  },
  {
    "answer": "いぬ",
    "correct": true,
    "id": "quiz-q13",
  },
  {
    "answer": "ねこ",
    "correct": false,
    "id": "quiz-q14",
  },
  {
    "answer": "ほん",
    "correct": false,
    "id": "quiz-q15",
  },
  {
    "answer": "みず",
    "correct": false,
    "id": "quiz-q16",
  },
]
[90mstdout[2m | src/components/Editor3/Workbook.stories.jsx[2m > [22m[2mKitchen Sink
[22m[39mQuestionBlock.grade.data keys: [
  "154",
]
[90mstdout[2m | src/components/Editor3/Workbook.stories.jsx[2m > [22m[2mKitchen Sink
[22m[39mQuestionBlock.grade.data[nodeKey]: {
  "accuracy": 25,
  "attemptedAnswers": [
    "Hello",
    "Goodbye",
  ],
  "complete": false,
  "correctAnswers": [
    "Hello",
  ],
  "percentComplete": 50,
}
[90mstdout[2m | src/components/Editor3/Workbook.stories.jsx[2m > [22m[2mKitchen Sink
[22m[39mQuestionBlockRo.inProgress {
  "accuracy": 25,
  "attemptedAnswers": [
    "Hello",
    "Goodbye",
  ],
  "complete": false,
  "correctAnswers": [
    "Hello",
  ],
  "percentComplete": 50,
}
[90mstdout[2m | src/components/Editor3/Workbook.stories.jsx[2m > [22m[2mKitchen Sink
[22m[39m[Mock Data] Grade updated: grade-kitchen-sink-1 - notified 1 subscribers
[90mstdout[2m | src/components/Editor3/Workbook.stories.jsx[2m > [22m[2mKitchen Sink
[22m[39mCustomAnswerComponent.questionID question-1
[90mstdout[2m | src/components/Editor3/Workbook.stories.jsx[2m > [22m[2mKitchen Sink
[22m[39mCustomAnswerComponent.questionBank {}
[90mstdout[2m | src/components/Editor3/Workbook.stories.jsx[2m > [22m[2mKitchen Sink
[22m[39mCustomAnswerComponent.question {}
[90mstdout[2m | src/components/Editor3/Workbook.stories.jsx[2m > [22m[2mKitchen Sink
[22m[39mCustomAnswerComponent.question {}
[90mstdout[2m | src/components/Editor3/Workbook.stories.jsx[2m > [22m[2mKitchen Sink
[22m[39mCustomAnswerComponent.prompt undefined
[90mstdout[2m | src/components/Editor3/Workbook.stories.jsx[2m > [22m[2mKitchen Sink
[22m[39mCustomAnswerComponent.feedback[questionID] undefined
[90mstdout[2m | src/components/Editor3/Workbook.stories.jsx[2m > [22m[2mKitchen Sink
[22m[39mCustomAnswerComponent.isCompleted undefined
[90mstdout[2m | src/components/Editor3/Workbook.stories.jsx[2m > [22m[2mKitchen Sink
[22m[39mCustomAnswerComponent.currentPromptMethod text
[90mstdout[2m | src/components/Editor3/Workbook.stories.jsx[2m > [22m[2mKitchen Sink
[22m[39mCustomAnswerComponent.displayPrompt undefined
[90mstdout[2m | src/components/Editor3/Workbook.stories.jsx[2m > [22m[2mKitchen Sink
[22m[39mCustomAnswerComponent.questionID question-2
[90mstdout[2m | src/components/Editor3/Workbook.stories.jsx[2m > [22m[2mKitchen Sink
[22m[39mCustomAnswerComponent.questionBank {}
[90mstdout[2m | src/components/Editor3/Workbook.stories.jsx[2m > [22m[2mKitchen Sink
[22m[39mCustomAnswerComponent.question {}
[90mstdout[2m | src/components/Editor3/Workbook.stories.jsx[2m > [22m[2mKitchen Sink
[22m[39mCustomAnswerComponent.question {}
[90mstdout[2m | src/components/Editor3/Workbook.stories.jsx[2m > [22m[2mKitchen Sink
[22m[39mCustomAnswerComponent.prompt undefined
[90mstdout[2m | src/components/Editor3/Workbook.stories.jsx[2m > [22m[2mKitchen Sink
[22m[39mCustomAnswerComponent.feedback[questionID] undefined
[90mstdout[2m | src/components/Editor3/Workbook.stories.jsx[2m > [22m[2mKitchen Sink
[22m[39mCustomAnswerComponent.isCompleted undefined
[90mstdout[2m | src/components/Editor3/Workbook.stories.jsx[2m > [22m[2mKitchen Sink
[22m[39mCustomAnswerComponent.currentPromptMethod text
[90mstdout[2m | src/components/Editor3/Workbook.stories.jsx[2m > [22m[2mKitchen Sink
[22m[39mCustomAnswerComponent.displayPrompt undefined
[90mstdout[2m | src/components/Editor3/Workbook.stories.jsx[2m > [22m[2mKitchen Sink
[22m[39mEasy.nodeKey 149 type: string
[90mstdout[2m | src/components/Editor3/Workbook.stories.jsx[2m > [22m[2mKitchen Sink
[22m[39mEasy.grade: {
  "_version": 3,
  "accuracy": null,
  "complete": false,
  "data": {
    "154": {
      "accuracy": 25,
      "attemptedAnswers": [
        "Hello",
        "Goodbye",
      ],
      "complete": false,
      "correctAnswers": [
        "Hello",
      ],
      "percentComplete": 50,
    },
  },
  "id": "grade-kitchen-sink-1",
  "owner": "mock-user-sub",
  "percentComplete": 0,
  "timerStarted": true,
  "unitID": "kitchen-sink-workbook-id",
  "unitVersion": 1,
  "updatedAt": "2026-09-26T09:49:07.128Z",
}
[90mstdout[2m | src/components/Editor3/Workbook.stories.jsx[2m > [22m[2mKitchen Sink
[22m[39mEasy.grade.data: {
  "154": {
    "accuracy": 25,
    "attemptedAnswers": [
      "Hello",
      "Goodbye",
    ],
    "complete": false,
    "correctAnswers": [
      "Hello",
    ],
    "percentComplete": 50,
  },
}
[90mstdout[2m | src/components/Editor3/Workbook.stories.jsx[2m > [22m[2mKitchen Sink
[22m[39mEasy.grade.data === grade? false
[90mstdout[2m | src/components/Editor3/Workbook.stories.jsx[2m > [22m[2mKitchen Sink
[22m[39mEasy.grade.data keys: [
  "154",
]
[90mstdout[2m | src/components/Editor3/Workbook.stories.jsx[2m > [22m[2mKitchen Sink
[22m[39mEasy.grade.data[nodeKey]: undefined
[90mstdout[2m | src/components/Editor3/Workbook.stories.jsx[2m > [22m[2mKitchen Sink
[22m[39mEasy.inProgress {}
[90mstdout[2m | src/components/Editor3/Workbook.stories.jsx[2m > [22m[2mKitchen Sink
[22m[39mHard.attemptedAnswers {}
[90mstdout[2m | src/components/Editor3/Workbook.stories.jsx[2m > [22m[2mKitchen Sink
[22m[39mQuestionBlockRo.grade {
  "_version": 3,
  "accuracy": null,
  "complete": false,
  "data": {
    "154": {
      "accuracy": 25,
      "attemptedAnswers": [
        "Hello",
        "Goodbye",
      ],
      "complete": false,
      "correctAnswers": [
        "Hello",
      ],
      "percentComplete": 50,
    },
  },
  "id": "grade-kitchen-sink-1",
  "owner": "mock-user-sub",
  "percentComplete": 0,
  "timerStarted": true,
  "unitID": "kitchen-sink-workbook-id",
  "unitVersion": 1,
  "updatedAt": "2026-09-26T09:49:07.128Z",
}
[90mstdout[2m | src/components/Editor3/Workbook.stories.jsx[2m > [22m[2mKitchen Sink
[22m[39m......!q {
  "answer": "Hello",
  "correct": true,
  "id": "quiz-q1",
}
[90mstdout[2m | src/components/Editor3/Workbook.stories.jsx[2m > [22m[2mKitchen Sink
[22m[39m......!q {
  "answer": "Goodbye",
  "correct": false,
  "id": "quiz-q2",
}
[90mstdout[2m | src/components/Editor3/Workbook.stories.jsx[2m > [22m[2mKitchen Sink
[22m[39m......!q {
  "answer": "Thank you",
  "correct": false,
  "id": "quiz-q3",
}
[90mstdout[2m | src/components/Editor3/Workbook.stories.jsx[2m > [22m[2mKitchen Sink
[22m[39m......!q {
  "answer": "Please",
  "correct": false,
  "id": "quiz-q4",
}
[90mstdout[2m | src/components/Editor3/Workbook.stories.jsx[2m > [22m[2mKitchen Sink
[22m[39m......!q {
  "answer": "犬 (inu)",
  "correct": false,
  "id": "quiz-q5",
}
[90mstdout[2m | src/components/Editor3/Workbook.stories.jsx[2m > [22m[2mKitchen Sink
[22m[39m......!q {
  "answer": "猫 (neko)",
  "correct": true,
  "id": "quiz-q6",
}
[90mstdout[2m | src/components/Editor3/Workbook.stories.jsx[2m > [22m[2mKitchen Sink
[22m[39m......!q {
  "answer": "本 (hon)",
  "correct": false,
  "id": "quiz-q7",
}
[90mstdout[2m | src/components/Editor3/Workbook.stories.jsx[2m > [22m[2mKitchen Sink
[22m[39m......!q {
  "answer": "水 (mizu)",
  "correct": false,
  "id": "quiz-q8",
}
[90mstdout[2m | src/components/Editor3/Workbook.stories.jsx[2m > [22m[2mKitchen Sink
[22m[39m......!q {
  "answer": "さようなら",
  "correct": false,
  "id": "quiz-q9",
}
[90mstdout[2m | src/components/Editor3/Workbook.stories.jsx[2m > [22m[2mKitchen Sink
[22m[39m......!q {
  "answer": "こんにちは",
  "correct": false,
  "id": "quiz-q10",
}
[90mstdout[2m | src/components/Editor3/Workbook.stories.jsx[2m > [22m[2mKitchen Sink
[22m[39m......!q {
  "answer": "ありがとう",
  "correct": true,
  "id": "quiz-q11",
}
[90mstdout[2m | src/components/Editor3/Workbook.stories.jsx[2m > [22m[2mKitchen Sink
[22m[39m......!q {
  "answer": "すみません",
  "correct": false,
  "id": "quiz-q12",
}
[90mstdout[2m | src/components/Editor3/Workbook.stories.jsx[2m > [22m[2mKitchen Sink
[22m[39m......!q {
  "answer": "いぬ",
  "correct": true,
  "id": "quiz-q13",
}
[90mstdout[2m | src/components/Editor3/Workbook.stories.jsx[2m > [22m[2mKitchen Sink
[22m[39m......!q {
  "answer": "ねこ",
  "correct": false,
  "id": "quiz-q14",
}
[90mstdout[2m | src/components/Editor3/Workbook.stories.jsx[2m > [22m[2mKitchen Sink
[22m[39m......!q {
  "answer": "ほん",
  "correct": false,
  "id": "quiz-q15",
}
[90mstdout[2m | src/components/Editor3/Workbook.stories.jsx[2m > [22m[2mKitchen Sink
[22m[39m......!q {
  "answer": "みず",
  "correct": false,
  "id": "quiz-q16",
}
[90mstdout[2m | src/components/Editor3/Workbook.stories.jsx[2m > [22m[2mKitchen Sink
[22m[39mQuestionBlock.nodeKey 154 type: string
[90mstdout[2m | src/components/Editor3/Workbook.stories.jsx[2m > [22m[2mKitchen Sink
[22m[39mQuestionBlock.questionContent [
  {
    "answer": "Hello",
    "correct": true,
    "id": "quiz-q1",
  },
  {
    "answer": "Goodbye",
    "correct": false,
    "id": "quiz-q2",
  },
  {
    "answer": "Thank you",
    "correct": false,
    "id": "quiz-q3",
  },
  {
    "answer": "Please",
    "correct": false,
    "id": "quiz-q4",
  },
  {
    "answer": "犬 (inu)",
    "correct": false,
    "id": "quiz-q5",
  },
  {
    "answer": "猫 (neko)",
    "correct": true,
    "id": "quiz-q6",
  },
  {
    "answer": "本 (hon)",
    "correct": false,
    "id": "quiz-q7",
  },
  {
    "answer": "水 (mizu)",
    "correct": false,
    "id": "quiz-q8",
  },
  {
    "answer": "さようなら",
    "correct": false,
    "id": "quiz-q9",
  },
  {
    "answer": "こんにちは",
    "correct": false,
    "id": "quiz-q10",
  },
  {
    "answer": "ありがとう",
    "correct": true,
    "id": "quiz-q11",
  },
  {
    "answer": "すみません",
    "correct": false,
    "id": "quiz-q12",
  },
  {
    "answer": "いぬ",
    "correct": true,
    "id": "quiz-q13",
  },
  {
    "answer": "ねこ",
    "correct": false,
    "id": "quiz-q14",
  },
  {
    "answer": "ほん",
    "correct": false,
    "id": "quiz-q15",
  },
  {
    "answer": "みず",
    "correct": false,
    "id": "quiz-q16",
  },
]
[90mstdout[2m | src/components/Editor3/Workbook.stories.jsx[2m > [22m[2mKitchen Sink
[22m[39mQuestionBlock.grade.data keys: [
  "154",
]
[90mstdout[2m | src/components/Editor3/Workbook.stories.jsx[2m > [22m[2mKitchen Sink
[22m[39mQuestionBlock.grade.data[nodeKey]: {
  "accuracy": 25,
  "attemptedAnswers": [
    "Hello",
    "Goodbye",
  ],
  "complete": false,
  "correctAnswers": [
    "Hello",
  ],
  "percentComplete": 50,
}
[90mstdout[2m | src/components/Editor3/Workbook.stories.jsx[2m > [22m[2mKitchen Sink
[22m[39mQuestionBlockRo.inProgress {
  "accuracy": 25,
  "attemptedAnswers": [
    "Hello",
    "Goodbye",
  ],
  "complete": false,
  "correctAnswers": [
    "Hello",
  ],
  "percentComplete": 50,
}
[90mstdout[2m | src/components/Editor3/Workbook.stories.jsx[2m > [22m[2mData Plugin Demo
[22m[39m[ChatContext] Cleaning up subscriptions
[90mstdout[2m | src/components/Editor3/Workbook.stories.jsx[2m > [22m[2mData Plugin Demo
[22m[39m[Mock Data] Unit.onUpdate() subscription removed. Remaining: 0
[90mstdout[2m | src/components/Editor3/Workbook.stories.jsx[2m > [22m[2mData Plugin Demo
[22m[39m[Preview] Skipped initializing default mock data (initializeMockData=false)
[90mstdout[2m | src/components/Editor3/Workbook.stories.jsx[2m > [22m[2mData Plugin Demo
[22m[39m[Mock Data] seedMockUnit: Adding unit data-plugin-workbook-demo-id
[90mstdout[2m | src/components/Editor3/Workbook.stories.jsx[2m > [22m[2mData Plugin Demo
[22m[39m[MOCK CourseVectorStore] Initialized with mock data
[90mstdout[2m | src/components/Editor3/Workbook.stories.jsx[2m > [22m[2mData Plugin Demo
[22m[39m[TranslationModeController] Setting mode to: off
[90mstdout[2m | src/components/Editor3/Workbook.stories.jsx[2m > [22m[2mData Plugin Demo
[22m[39m[UnitContext] useEffect triggered {
  "authLoading": false,
  "hasUser": true,
  "id": "data-plugin-workbook-demo-id",
  "userSub": "mock-user-sub",
}
[90mstdout[2m | src/components/Editor3/Workbook.stories.jsx[2m > [22m[2mData Plugin Demo
[22m[39m[UnitContext] Fetching unit data for id: data-plugin-workbook-demo-id
[90mstdout[2m | src/components/Editor3/Workbook.stories.jsx[2m > [22m[2mData Plugin Demo
[22m[39m[FilesContext] Initializing vector store from IndexedDB
[90mstdout[2m | src/components/Editor3/Workbook.stories.jsx[2m > [22m[2mData Plugin Demo
[22m[39m[FilesContext] fetchFiles called
[90mstdout[2m | src/components/Editor3/Workbook.stories.jsx[2m > [22m[2mData Plugin Demo
[22m[39m[FilesContext] User authenticated: mock-user-sub
[90mstdout[2m | src/components/Editor3/Workbook.stories.jsx[2m > [22m[2mData Plugin Demo
[22m[39m[FilesContext] Identity ID: us-east-1:mock-identity-123
[90mstdout[2m | src/components/Editor3/Workbook.stories.jsx[2m > [22m[2mData Plugin Demo
[22m[39m[FilesContext] About to set up File observeQuery
[90mstdout[2m | src/components/Editor3/Workbook.stories.jsx[2m > [22m[2mData Plugin Demo
[22m[39m[ChatContext] Setting up AssistantChat observeQuery
[90mstdout[2m | src/components/Editor3/Workbook.stories.jsx[2m > [22m[2mData Plugin Demo
[22m[39m[ChatContext] Waiting for subscription to initialize
[90mstdout[2m | src/components/Editor3/Workbook.stories.jsx[2m > [22m[2mData Plugin Demo
[22m[39m[SettingsContext] Setting up Settings subscription for user: mock-user-sub
[90mstdout[2m | src/components/Editor3/Workbook.stories.jsx[2m > [22m[2mData Plugin Demo
[22m[39m[Mock Data] Settings created: mock-settings-1790416147674 - notified 0 subscribers
[90mstdout[2m | src/components/Editor3/Workbook.stories.jsx[2m > [22m[2mData Plugin Demo
[22m[39m[Mock Data] Unit.onUpdate() subscription added. Total: 1
[90mstdout[2m | src/components/Editor3/Workbook.stories.jsx[2m > [22m[2mData Plugin Demo
[22m[39m[WorkbookStatePlugin] Loading unit content into read-only workbook: data-plugin-workbook-demo-id
[90mstdout[2m | src/components/Editor3/Workbook.stories.jsx[2m > [22m[2mData Plugin Demo
[22m[39m[SectionContext] Section observeQuery update: 0
[90mstdout[2m | src/components/Editor3/Workbook.stories.jsx[2m > [22m[2mData Plugin Demo
[22m[39m[FilesContext] File observeQuery update: 0 files
[90mstdout[2m | src/components/Editor3/Workbook.stories.jsx[2m > [22m[2mData Plugin Demo
[22m[39m[ChatContext] AssistantChat initialized with 0 chats
[90mstdout[2m | src/components/Editor3/Workbook.stories.jsx[2m > [22m[2mData Plugin Demo
[22m[39m[MOCK CourseVectorStore] Initialized with mock data
[90mstdout[2m | src/components/Editor3/Workbook.stories.jsx[2m > [22m[2mData Plugin Demo
[22m[39m[ChatContext] No current chat available, will create one
[90mstdout[2m | src/components/Editor3/Workbook.stories.jsx[2m > [22m[2mData Plugin Demo
[22m[39m[ChatContext] Creating AssistantChat with user: undefined
[90mstdout[2m | src/components/Editor3/Workbook.stories.jsx[2m > [22m[2mData Plugin Demo
[22m[39m[Mock Data] AssistantChat created: mock-assistantchat-1790416147713 - notified 1 subscribers
[90mstdout[2m | src/components/Editor3/Workbook.stories.jsx[2m > [22m[2mData Plugin Demo
[22m[39m[ChatContext] Create result: {
  "data": {
    "_version": 1,
    "archived": false,
    "chatFiles": [Function anonymous],
    "createdAt": "2026-09-26T09:49:07.713Z",
    "id": "mock-assistantchat-1790416147713",
    "model": "gpt-4",
    "updatedAt": "2026-09-26T09:49:07.713Z",
  },
  "errors": [],
  "hasData": true,
  "hasErrors": true,
}
[90mstdout[2m | src/components/Editor3/Workbook.stories.jsx[2m > [22m[2mData Plugin Demo
[22m[39m[ChatContext] Created AssistantChat: mock-assistantchat-1790416147713 at: 2026-09-26T09:49:07.713Z
[90mstdout[2m | src/components/Editor3/Workbook.stories.jsx[2m > [22m[2mData Plugin Demo
[22m[39m[Mock Storage] downloadData called with: undefined
[90mstdout[2m | src/components/Editor3/Workbook.stories.jsx[2m > [22m[2mData Plugin Demo
[22m[39m[ChatContext] Setting initial chat: mock-assistantchat-1790416147713
[90mstdout[2m | src/components/Editor3/Workbook.stories.jsx[2m > [22m[2mData Plugin Demo
[22m[39m[ChatContext] Chat exists and not archived, skipping creation
 [32m✓[39m [30m[45m storybook (chromium) [49m[39m src/components/Editor3/Workbook.stories.jsx [2m([22m[2m5 tests[22m[2m)[22m[33m 5494[2mms[22m[39m
   [33m[2m✓[22m[39m Empty Workbook [33m 303[2mms[22m[39m
   [33m[2m✓[22m[39m Workbook With Content [33m 750[2mms[22m[39m
   [33m[2m✓[22m[39m Workbook With Progress [33m 1212[2mms[22m[39m
   [33m[2m✓[22m[39m Kitchen Sink [33m 2736[2mms[22m[39m
   [33m[2m✓[22m[39m Data Plugin Demo [33m 492[2mms[22m[39m
[90mstdout[2m | unknown test
[22m[39m[MOCK vectorStoreDB.js] Module loaded - mock IndexedDB operations
[90mstdout[2m | unknown test
[22m[39m[Task Completion] DOM action listeners initialized
[90mstdout[2m | unknown test
[22m[39m[Task Completion] Auto-completion detector initialized
[90mstdout[2m | unknown test
[22m[39m[Preview] Task completion detector initialized
[90mstdout[2m | .storybook/docs/QuickTour-Student.stories.tsx[2m > [22m[2m1. Student Dashboard
[22m[39m[Preview] Skipped clearing mock data (clearMockData=false)
[90mstdout[2m | .storybook/docs/QuickTour-Student.stories.tsx[2m > [22m[2m1. Student Dashboard
[22m[39m[Preview] Skipped initializing default mock data (initializeMockData=false)
[90mstdout[2m | .storybook/docs/QuickTour-Student.stories.tsx[2m > [22m[2m1. Student Dashboard
[22m[39m[Mock Auth] setMockUser: {
  "attributes": {
    "email": "alice@example.com",
    "name": "Alice Johnson",
    "sub": "student-alice-sub",
  },
  "groups": [
    "Learners",
    "section-jpn-101-learners",
    "section-jpn-102-learners",
  ],
  "username": "student-alice-sub",
}
[90mstdout[2m | .storybook/docs/QuickTour-Student.stories.tsx[2m > [22m[2m1. Student Dashboard
[22m[39m[Mock Data] seedMockUnit: Adding unit unit-japanese-1
[90mstdout[2m | .storybook/docs/QuickTour-Student.stories.tsx[2m > [22m[2m1. Student Dashboard
[22m[39m[Mock Data] seedMockUnit: Adding unit unit-japanese-2
[90mstdout[2m | .storybook/docs/QuickTour-Student.stories.tsx[2m > [22m[2m1. Student Dashboard
[22m[39m[Mock Data] seedMockUnit: Adding unit unit-japanese-3
[90mstdout[2m | .storybook/docs/QuickTour-Student.stories.tsx[2m > [22m[2m1. Student Dashboard
[22m[39m[Mock Data] seedMockUnit: Adding unit unit-kanji-basics
[90mstdout[2m | .storybook/docs/QuickTour-Student.stories.tsx[2m > [22m[2m1. Student Dashboard
[22m[39m[Mock Data] seedMockSections: Adding 2 sections
[90mstdout[2m | .storybook/docs/QuickTour-Student.stories.tsx[2m > [22m[2m1. Student Dashboard
[22m[39m[Mock Data] Seeding section: section-jpn-101 with owner: teacher-1
[90mstdout[2m | .storybook/docs/QuickTour-Student.stories.tsx[2m > [22m[2m1. Student Dashboard
[22m[39m[Mock Data] Seeding section: section-jpn-102 with owner: teacher-2
[90mstdout[2m | .storybook/docs/QuickTour-Student.stories.tsx[2m > [22m[2m1. Student Dashboard
[22m[39m[Mock Data] Total sections in store: 2
[90mstdout[2m | .storybook/docs/QuickTour-Student.stories.tsx[2m > [22m[2m1. Student Dashboard
[22m[39m[Mock Data] Sections in store: [
  {
    "id": "section-jpn-101",
    "name": "Japanese 101 - Spring 2024",
    "owner": "teacher-1",
  },
  {
    "id": "section-jpn-102",
    "name": "Japanese 102 - Advanced",
    "owner": "teacher-2",
  },
]
[90mstdout[2m | .storybook/docs/QuickTour-Student.stories.tsx[2m > [22m[2m1. Student Dashboard
[22m[39m[Mock Data] No active Section subscriptions to notify yet
[90mstdout[2m | .storybook/docs/QuickTour-Student.stories.tsx[2m > [22m[2m1. Student Dashboard
[22m[39m[Mock Data] seedMockAssignments: Adding 4 assignments
[90mstdout[2m | .storybook/docs/QuickTour-Student.stories.tsx[2m > [22m[2m1. Student Dashboard
[22m[39m[Mock Data] Total assignments in store: 4
[90mstdout[2m | .storybook/docs/QuickTour-Student.stories.tsx[2m > [22m[2m1. Student Dashboard
[22m[39m[Mock Data] Seeded grade: grade-alice-1 for unit: unit-japanese-1
[90mstdout[2m | .storybook/docs/QuickTour-Student.stories.tsx[2m > [22m[2m1. Student Dashboard
[22m[39m[Mock Data] Grade has data: true
[90mstdout[2m | .storybook/docs/QuickTour-Student.stories.tsx[2m > [22m[2m1. Student Dashboard
[22m[39m[Mock Data] Total grades in store: 1
[90mstdout[2m | .storybook/docs/QuickTour-Student.stories.tsx[2m > [22m[2m1. Student Dashboard
[22m[39m[Mock Data] Seeded grade: grade-alice-1-attempt2 for unit: unit-japanese-1
[90mstdout[2m | .storybook/docs/QuickTour-Student.stories.tsx[2m > [22m[2m1. Student Dashboard
[22m[39m[Mock Data] Grade has data: true
[90mstdout[2m | .storybook/docs/QuickTour-Student.stories.tsx[2m > [22m[2m1. Student Dashboard
[22m[39m[Mock Data] Total grades in store: 2
[90mstdout[2m | .storybook/docs/QuickTour-Student.stories.tsx[2m > [22m[2m1. Student Dashboard
[22m[39m[Mock Data] Seeded grade: grade-alice-2 for unit: unit-japanese-2
[90mstdout[2m | .storybook/docs/QuickTour-Student.stories.tsx[2m > [22m[2m1. Student Dashboard
[22m[39m[Mock Data] Grade has data: true
[90mstdout[2m | .storybook/docs/QuickTour-Student.stories.tsx[2m > [22m[2m1. Student Dashboard
[22m[39m[Mock Data] Total grades in store: 3
[90mstdout[2m | .storybook/docs/QuickTour-Student.stories.tsx[2m > [22m[2m1. Student Dashboard
[22m[39m[Mock Data] seedMockStudentProfiles: Adding 6 student profiles
[90mstdout[2m | .storybook/docs/QuickTour-Student.stories.tsx[2m > [22m[2m1. Student Dashboard
[22m[39m[Mock Data] seedMockHomeworkRooms: Adding 2 homework rooms
[90mstdout[2m | .storybook/docs/QuickTour-Student.stories.tsx[2m > [22m[2m1. Student Dashboard
[22m[39m[IndexPageData] Seeded student dashboard with {
  "assignments": 4,
  "grades": 3,
  "sections": 2,
  "units": 4,
}
[90mstdout[2m | .storybook/docs/QuickTour-Student.stories.tsx[2m > [22m[2m1. Student Dashboard
[22m[39m[MOCK CourseVectorStore] Initialized with mock data
[90mstdout[2m | .storybook/docs/QuickTour-Student.stories.tsx[2m > [22m[2m1. Student Dashboard
[22m[39m[MOCK CourseVectorStore] Initialized with mock data
[90mstdout[2m | .storybook/docs/QuickTour-Student.stories.tsx[2m > [22m[2m1. Student Dashboard
[22m[39m[MOCK CourseVectorStore] Initialized with mock data
[90mstdout[2m | .storybook/docs/QuickTour-Student.stories.tsx[2m > [22m[2m1. Student Dashboard
[22m[39m[useChatPageContext] Registering page context: {
  "dictionaryCount": 0,
  "filesCount": 0,
  "hasEditorRef": false,
  "hasUnit": false,
  "hasVectorStoreSearch": false,
  "questionsCount": 0,
  "sectionsCount": 0,
}
[90mstdout[2m | .storybook/docs/QuickTour-Student.stories.tsx[2m > [22m[2m1. Student Dashboard
[22m[39m[FilesContext] Initializing vector store from IndexedDB
[90mstdout[2m | .storybook/docs/QuickTour-Student.stories.tsx[2m > [22m[2m1. Student Dashboard
[22m[39m[FilesContext] fetchFiles called
[90mstdout[2m | .storybook/docs/QuickTour-Student.stories.tsx[2m > [22m[2m1. Student Dashboard
[22m[39m[FilesContext] User authenticated: student-alice-sub
[90mstdout[2m | .storybook/docs/QuickTour-Student.stories.tsx[2m > [22m[2m1. Student Dashboard
[22m[39m[FilesContext] Identity ID: identity-alice
[90mstdout[2m | .storybook/docs/QuickTour-Student.stories.tsx[2m > [22m[2m1. Student Dashboard
[22m[39m[FilesContext] About to set up File observeQuery
[90mstdout[2m | .storybook/docs/QuickTour-Student.stories.tsx[2m > [22m[2m1. Student Dashboard
[22m[39m[FilesContext] Initializing vector store from IndexedDB
[90mstdout[2m | .storybook/docs/QuickTour-Student.stories.tsx[2m > [22m[2m1. Student Dashboard
[22m[39m[FilesContext] fetchFiles called
[90mstdout[2m | .storybook/docs/QuickTour-Student.stories.tsx[2m > [22m[2m1. Student Dashboard
[22m[39m[FilesContext] User authenticated: student-alice-sub
[90mstdout[2m | .storybook/docs/QuickTour-Student.stories.tsx[2m > [22m[2m1. Student Dashboard
[22m[39m[FilesContext] Identity ID: identity-alice
[90mstdout[2m | .storybook/docs/QuickTour-Student.stories.tsx[2m > [22m[2m1. Student Dashboard
[22m[39m[FilesContext] About to set up File observeQuery
[90mstdout[2m | .storybook/docs/QuickTour-Student.stories.tsx[2m > [22m[2m1. Student Dashboard
[22m[39m[TranslationModeController] Setting mode to: off
[90mstdout[2m | .storybook/docs/QuickTour-Student.stories.tsx[2m > [22m[2m1. Student Dashboard
[22m[39m[FilesContext] Initializing vector store from IndexedDB
[90mstdout[2m | .storybook/docs/QuickTour-Student.stories.tsx[2m > [22m[2m1. Student Dashboard
[22m[39m[FilesContext] fetchFiles called
[90mstdout[2m | .storybook/docs/QuickTour-Student.stories.tsx[2m > [22m[2m1. Student Dashboard
[22m[39m[FilesContext] User authenticated: student-alice-sub
[90mstdout[2m | .storybook/docs/QuickTour-Student.stories.tsx[2m > [22m[2m1. Student Dashboard
[22m[39m[FilesContext] Identity ID: identity-alice
[90mstdout[2m | .storybook/docs/QuickTour-Student.stories.tsx[2m > [22m[2m1. Student Dashboard
[22m[39m[FilesContext] About to set up File observeQuery
[90mstdout[2m | .storybook/docs/QuickTour-Student.stories.tsx[2m > [22m[2m1. Student Dashboard
[22m[39m[ChatContext] Setting up AssistantChat observeQuery
[90mstdout[2m | .storybook/docs/QuickTour-Student.stories.tsx[2m > [22m[2m1. Student Dashboard
[22m[39m[ChatContext] Waiting for subscription to initialize
[90mstdout[2m | .storybook/docs/QuickTour-Student.stories.tsx[2m > [22m[2m1. Student Dashboard
[22m[39m[SettingsContext] Setting up Settings subscription for user: student-alice-sub
[90mstdout[2m | .storybook/docs/QuickTour-Student.stories.tsx[2m > [22m[2m1. Student Dashboard
[22m[39m[Mock Data] Settings created: mock-settings-1790416153162 - notified 0 subscribers
[90mstdout[2m | .storybook/docs/QuickTour-Student.stories.tsx[2m > [22m[2m1. Student Dashboard
[22m[39m[FilesContext] File observeQuery update: 0 files
[90mstdout[2m | .storybook/docs/QuickTour-Student.stories.tsx[2m > [22m[2m1. Student Dashboard
[22m[39m[FilesContext] File observeQuery update: 0 files
[90mstdout[2m | .storybook/docs/QuickTour-Student.stories.tsx[2m > [22m[2m1. Student Dashboard
[22m[39m[FilesContext] File observeQuery update: 0 files
[90mstdout[2m | .storybook/docs/QuickTour-Student.stories.tsx[2m > [22m[2m1. Student Dashboard
[22m[39m[ChatContext] AssistantChat initialized with 0 chats
[90mstdout[2m | .storybook/docs/QuickTour-Student.stories.tsx[2m > [22m[2m1. Student Dashboard
[22m[39m[MOCK CourseVectorStore] Initialized with mock data
[90mstdout[2m | .storybook/docs/QuickTour-Student.stories.tsx[2m > [22m[2m1. Student Dashboard
[22m[39m[MOCK CourseVectorStore] Initialized with mock data
[90mstdout[2m | .storybook/docs/QuickTour-Student.stories.tsx[2m > [22m[2m1. Student Dashboard
[22m[39m[MOCK CourseVectorStore] Initialized with mock data
[90mstdout[2m | .storybook/docs/QuickTour-Student.stories.tsx[2m > [22m[2m1. Student Dashboard
[22m[39m[ChatContext] No current chat available, will create one
[90mstdout[2m | .storybook/docs/QuickTour-Student.stories.tsx[2m > [22m[2m1. Student Dashboard
[22m[39m[ChatContext] Creating AssistantChat with user: undefined
[90mstdout[2m | .storybook/docs/QuickTour-Student.stories.tsx[2m > [22m[2m1. Student Dashboard
[22m[39m[Mock Data] AssistantChat created: mock-assistantchat-1790416153306 - notified 1 subscribers
[90mstdout[2m | .storybook/docs/QuickTour-Student.stories.tsx[2m > [22m[2m1. Student Dashboard
[22m[39m[ChatContext] Create result: {
  "data": {
    "_version": 1,
    "archived": false,
    "chatFiles": [Function anonymous],
    "createdAt": "2026-09-26T09:49:13.306Z",
    "id": "mock-assistantchat-1790416153306",
    "model": "gpt-4",
    "updatedAt": "2026-09-26T09:49:13.306Z",
  },
  "errors": [],
  "hasData": true,
  "hasErrors": true,
}
[90mstdout[2m | .storybook/docs/QuickTour-Student.stories.tsx[2m > [22m[2m1. Student Dashboard
[22m[39m[ChatContext] Created AssistantChat: mock-assistantchat-1790416153306 at: 2026-09-26T09:49:13.306Z
[90mstdout[2m | .storybook/docs/QuickTour-Student.stories.tsx[2m > [22m[2m1. Student Dashboard
[22m[39m[ChatContext] Setting initial chat: mock-assistantchat-1790416153306
[90mstdout[2m | .storybook/docs/QuickTour-Student.stories.tsx[2m > [22m[2m1. Student Dashboard
[22m[39m[ChatContext] Chat exists and not archived, skipping creation
[90mstdout[2m | .storybook/docs/QuickTour-Student.stories.tsx[2m > [22m[2m1. Student Dashboard
[22m[39mMock Cache.getItem called with: getCachedUrl_/story-mocks/animals-10008941_1280.jpg
[90mstdout[2m | .storybook/docs/QuickTour-Student.stories.tsx[2m > [22m[2m1. Student Dashboard
[22m[39mMock getUrl called with: /story-mocks/animals-10008941_1280.jpg
[90mstdout[2m | .storybook/docs/QuickTour-Student.stories.tsx[2m > [22m[2m1. Student Dashboard
[22m[39mMock Cache.setItem called with: getCachedUrl_/story-mocks/animals-10008941_1280.jpg /story-mocks/animals-10008941_1280.jpg
[90mstdout[2m | .storybook/docs/QuickTour-Student.stories.tsx[2m > [22m[2m2. Section & Assignments
[22m[39m[ChatContext] Cleaning up subscriptions
[90mstdout[2m | .storybook/docs/QuickTour-Student.stories.tsx[2m > [22m[2m2. Section & Assignments
[22m[39m[useChatPageContext] Cleaning up page context
[90mstdout[2m | .storybook/docs/QuickTour-Student.stories.tsx[2m > [22m[2m2. Section & Assignments
[22m[39m[Preview] Skipped clearing mock data (clearMockData=false)
[90mstdout[2m | .storybook/docs/QuickTour-Student.stories.tsx[2m > [22m[2m2. Section & Assignments
[22m[39m[Preview] Skipped initializing default mock data (initializeMockData=false)
[90mstdout[2m | .storybook/docs/QuickTour-Student.stories.tsx[2m > [22m[2m2. Section & Assignments
[22m[39m[Mock Auth] setMockUser: {
  "attributes": {
    "email": "alice@example.com",
    "name": "Alice Johnson",
    "sub": "student-alice-sub",
  },
  "groups": [
    "Learners",
    "section-jpn-101-learners",
    "section-jpn-102-learners",
  ],
  "username": "student-alice-sub",
}
[90mstdout[2m | .storybook/docs/QuickTour-Student.stories.tsx[2m > [22m[2m2. Section & Assignments
[22m[39m[Mock Data] seedMockUnit: Adding unit unit-japanese-1
[90mstdout[2m | .storybook/docs/QuickTour-Student.stories.tsx[2m > [22m[2m2. Section & Assignments
[22m[39m[Mock Data] seedMockUnit: Adding unit unit-japanese-2
[90mstdout[2m | .storybook/docs/QuickTour-Student.stories.tsx[2m > [22m[2m2. Section & Assignments
[22m[39m[Mock Data] seedMockUnit: Adding unit unit-japanese-3
[90mstdout[2m | .storybook/docs/QuickTour-Student.stories.tsx[2m > [22m[2m2. Section & Assignments
[22m[39m[Mock Data] seedMockUnit: Adding unit unit-kanji-basics
[90mstdout[2m | .storybook/docs/QuickTour-Student.stories.tsx[2m > [22m[2m2. Section & Assignments
[22m[39m[Mock Data] seedMockSections: Adding 2 sections
[90mstdout[2m | .storybook/docs/QuickTour-Student.stories.tsx[2m > [22m[2m2. Section & Assignments
[22m[39m[Mock Data] Seeding section: section-jpn-101 with owner: teacher-1
[90mstdout[2m | .storybook/docs/QuickTour-Student.stories.tsx[2m > [22m[2m2. Section & Assignments
[22m[39m[Mock Data] Seeding section: section-jpn-102 with owner: teacher-2
[90mstdout[2m | .storybook/docs/QuickTour-Student.stories.tsx[2m > [22m[2m2. Section & Assignments
[22m[39m[Mock Data] Total sections in store: 2
[90mstdout[2m | .storybook/docs/QuickTour-Student.stories.tsx[2m > [22m[2m2. Section & Assignments
[22m[39m[Mock Data] Sections in store: [
  {
    "id": "section-jpn-101",
    "name": "Japanese 101 - Spring 2024",
    "owner": "teacher-1",
  },
  {
    "id": "section-jpn-102",
    "name": "Japanese 102 - Advanced",
    "owner": "teacher-2",
  },
]
[90mstdout[2m | .storybook/docs/QuickTour-Student.stories.tsx[2m > [22m[2m2. Section & Assignments
[22m[39m[Mock Data] No active Section subscriptions to notify yet
[90mstdout[2m | .storybook/docs/QuickTour-Student.stories.tsx[2m > [22m[2m2. Section & Assignments
[22m[39m[Mock Data] seedMockAssignments: Adding 4 assignments
[90mstdout[2m | .storybook/docs/QuickTour-Student.stories.tsx[2m > [22m[2m2. Section & Assignments
[22m[39m[Mock Data] Total assignments in store: 4
[90mstdout[2m | .storybook/docs/QuickTour-Student.stories.tsx[2m > [22m[2m2. Section & Assignments
[22m[39m[Mock Data] Seeded grade: grade-alice-1 for unit: unit-japanese-1
[90mstdout[2m | .storybook/docs/QuickTour-Student.stories.tsx[2m > [22m[2m2. Section & Assignments
[22m[39m[Mock Data] Grade has data: true
[90mstdout[2m | .storybook/docs/QuickTour-Student.stories.tsx[2m > [22m[2m2. Section & Assignments
[22m[39m[Mock Data] Total grades in store: 1
[90mstdout[2m | .storybook/docs/QuickTour-Student.stories.tsx[2m > [22m[2m2. Section & Assignments
[22m[39m[Mock Data] Seeded grade: grade-alice-1-attempt2 for unit: unit-japanese-1
[90mstdout[2m | .storybook/docs/QuickTour-Student.stories.tsx[2m > [22m[2m2. Section & Assignments
[22m[39m[Mock Data] Grade has data: true
[90mstdout[2m | .storybook/docs/QuickTour-Student.stories.tsx[2m > [22m[2m2. Section & Assignments
[22m[39m[Mock Data] Total grades in store: 2
[90mstdout[2m | .storybook/docs/QuickTour-Student.stories.tsx[2m > [22m[2m2. Section & Assignments
[22m[39m[Mock Data] Seeded grade: grade-alice-2 for unit: unit-japanese-2
[90mstdout[2m | .storybook/docs/QuickTour-Student.stories.tsx[2m > [22m[2m2. Section & Assignments
[22m[39m[Mock Data] Grade has data: true
[90mstdout[2m | .storybook/docs/QuickTour-Student.stories.tsx[2m > [22m[2m2. Section & Assignments
[22m[39m[Mock Data] Total grades in store: 3
[90mstdout[2m | .storybook/docs/QuickTour-Student.stories.tsx[2m > [22m[2m2. Section & Assignments
[22m[39m[Mock Data] seedMockStudentProfiles: Adding 6 student profiles
[90mstdout[2m | .storybook/docs/QuickTour-Student.stories.tsx[2m > [22m[2m2. Section & Assignments
[22m[39m[Mock Data] seedMockHomeworkRooms: Adding 2 homework rooms
[90mstdout[2m | .storybook/docs/QuickTour-Student.stories.tsx[2m > [22m[2m2. Section & Assignments
[22m[39m[IndexPageData] Seeded student dashboard with {
  "assignments": 4,
  "grades": 3,
  "sections": 2,
  "units": 4,
}
[90mstdout[2m | .storybook/docs/QuickTour-Student.stories.tsx[2m > [22m[2m2. Section & Assignments
[22m[39m[MOCK CourseVectorStore] Initialized with mock data
[90mstdout[2m | .storybook/docs/QuickTour-Student.stories.tsx[2m > [22m[2m2. Section & Assignments
[22m[39m[MOCK CourseVectorStore] Initialized with mock data
[90mstdout[2m | .storybook/docs/QuickTour-Student.stories.tsx[2m > [22m[2m2. Section & Assignments
[22m[39m[useChatPageContext] Registering page context: {
  "dictionaryCount": 0,
  "filesCount": 0,
  "hasEditorRef": false,
  "hasUnit": false,
  "hasVectorStoreSearch": false,
  "questionsCount": 0,
  "sectionsCount": 0,
}
[90mstdout[2m | .storybook/docs/QuickTour-Student.stories.tsx[2m > [22m[2m2. Section & Assignments
[22m[39m[Mock Auth] getCurrentUser returning: {
  "attributes": {
    "email": "alice@example.com",
    "name": "Alice Johnson",
    "sub": "student-alice-sub",
  },
  "groups": [
    "Learners",
    "section-jpn-101-learners",
    "section-jpn-102-learners",
  ],
  "username": "student-alice-sub",
}
[90mstdout[2m | .storybook/docs/QuickTour-Student.stories.tsx[2m > [22m[2m2. Section & Assignments
[22m[39m[SectionDetail] Section query useEffect - id: section-jpn-101
[90mstdout[2m | .storybook/docs/QuickTour-Student.stories.tsx[2m > [22m[2m2. Section & Assignments
[22m[39m[FilesContext] Initializing vector store from IndexedDB
[90mstdout[2m | .storybook/docs/QuickTour-Student.stories.tsx[2m > [22m[2m2. Section & Assignments
[22m[39m[FilesContext] fetchFiles called
[90mstdout[2m | .storybook/docs/QuickTour-Student.stories.tsx[2m > [22m[2m2. Section & Assignments
[22m[39m[FilesContext] User authenticated: student-alice-sub
[90mstdout[2m | .storybook/docs/QuickTour-Student.stories.tsx[2m > [22m[2m2. Section & Assignments
[22m[39m[FilesContext] Identity ID: identity-alice
[90mstdout[2m | .storybook/docs/QuickTour-Student.stories.tsx[2m > [22m[2m2. Section & Assignments
[22m[39m[FilesContext] About to set up File observeQuery
[90mstdout[2m | .storybook/docs/QuickTour-Student.stories.tsx[2m > [22m[2m2. Section & Assignments
[22m[39m[TranslationModeController] Setting mode to: off
[90mstdout[2m | .storybook/docs/QuickTour-Student.stories.tsx[2m > [22m[2m2. Section & Assignments
[22m[39m[FilesContext] Initializing vector store from IndexedDB
[90mstdout[2m | .storybook/docs/QuickTour-Student.stories.tsx[2m > [22m[2m2. Section & Assignments
[22m[39m[FilesContext] fetchFiles called
[90mstdout[2m | .storybook/docs/QuickTour-Student.stories.tsx[2m > [22m[2m2. Section & Assignments
[22m[39m[FilesContext] User authenticated: student-alice-sub
[90mstdout[2m | .storybook/docs/QuickTour-Student.stories.tsx[2m > [22m[2m2. Section & Assignments
[22m[39m[FilesContext] Identity ID: identity-alice
[90mstdout[2m | .storybook/docs/QuickTour-Student.stories.tsx[2m > [22m[2m2. Section & Assignments
[22m[39m[FilesContext] About to set up File observeQuery
[90mstdout[2m | .storybook/docs/QuickTour-Student.stories.tsx[2m > [22m[2m2. Section & Assignments
[22m[39m[ChatContext] Setting up AssistantChat observeQuery
[90mstdout[2m | .storybook/docs/QuickTour-Student.stories.tsx[2m > [22m[2m2. Section & Assignments
[22m[39m[ChatContext] Waiting for subscription to initialize
[90mstdout[2m | .storybook/docs/QuickTour-Student.stories.tsx[2m > [22m[2m2. Section & Assignments
[22m[39m[SettingsContext] Setting up Settings subscription for user: student-alice-sub
[90mstdout[2m | .storybook/docs/QuickTour-Student.stories.tsx[2m > [22m[2m2. Section & Assignments
[22m[39m[Mock Data] Settings created: mock-settings-1790416155502 - notified 0 subscribers
[90mstdout[2m | .storybook/docs/QuickTour-Student.stories.tsx[2m > [22m[2m2. Section & Assignments
[22m[39munitUpdate {
  "items": [
    {
      "_deleted": false,
      "_lastChangedAt": 1704898800000,
      "_version": 3,
      "createdAt": "2024-01-01T10:00:00.000Z",
      "data": "{"root":{"type":"root","children":[{"type":"heading","tag":"h1","direction":"ltr","format":"","indent":0,"version":1,"children":[{"type":"text","text":"Japanese Greetings","format":0,"detail":0,"mode":"normal","style":"","version":1}]}],"direction":"ltr","format":"","indent":0,"version":1}}",
      "description": "Learn basic Japanese greetings and self-introduction phrases",
      "featuredImage": "/story-mocks/piano-10046998_1280.jpg",
      "id": "unit-japanese-1",
      "identityId": "us-east-1:teacher-identity-1",
      "name": "Introduction to Japanese Greetings",
      "owner": "teacher-1",
      "published": true,
      "status": "PUBLISHED",
      "unitFiles": [Function anonymous],
      "unitWords": [Function anonymous],
      "updatedAt": "2024-01-10T15:00:00.000Z",
    },
    {
      "_deleted": false,
      "_lastChangedAt": 1705071600000,
      "_version": 2,
      "createdAt": "2024-01-05T10:00:00.000Z",
      "data": "{"root":{"type":"root","children":[{"type":"heading","tag":"h1","direction":"ltr","format":"","indent":0,"version":1,"children":[{"type":"text","text":"Numbers and Counting","format":0,"detail":0,"mode":"normal","style":"","version":1}]}],"direction":"ltr","format":"","indent":0,"version":1}}",
      "description": "Master numbers 1-100 and counting objects in Japanese",
      "featuredImage": "/story-mocks/animals-10008941_1280.jpg",
      "id": "unit-japanese-2",
      "identityId": "us-east-1:teacher-identity-1",
      "name": "Japanese Numbers and Counting",
      "owner": "teacher-1",
      "published": true,
      "status": "PUBLISHED",
      "timeLimitSeconds": 120,
      "unitFiles": [Function anonymous],
      "unitWords": [Function anonymous],
      "updatedAt": "2024-01-12T15:00:00.000Z",
    },
    {
      "_deleted": false,
      "_lastChangedAt": 1705330800000,
      "_version": 1,
      "createdAt": "2024-01-10T10:00:00.000Z",
      "data": "{"root":{"type":"root","children":[{"type":"heading","tag":"h1","direction":"ltr","format":"","indent":0,"version":1,"children":[{"type":"text","text":"Daily Activities","format":0,"detail":0,"mode":"normal","style":"","version":1}]}],"direction":"ltr","format":"","indent":0,"version":1}}",
      "description": "Vocabulary for talking about your daily routine",
      "featuredImage": "/story-mocks/namibia-9992336_1280.jpg",
      "id": "unit-japanese-3",
      "identityId": "us-east-1:teacher-identity-1",
      "name": "Daily Activities Vocabulary",
      "owner": "teacher-1",
      "published": true,
      "status": "PUBLISHED",
      "unitFiles": [Function anonymous],
      "unitWords": [Function anonymous],
      "updatedAt": "2024-01-15T15:00:00.000Z",
    },
    {
      "_deleted": false,
      "_lastChangedAt": 1705590000000,
      "_version": 4,
      "createdAt": "2024-01-08T10:00:00.000Z",
      "data": "{"root":{"type":"root","children":[{"type":"heading","tag":"h1","direction":"ltr","format":"","indent":0,"version":1,"children":[{"type":"text","text":"Basic Kanji","format":0,"detail":0,"mode":"normal","style":"","version":1}]}],"direction":"ltr","format":"","indent":0,"version":1}}",
      "description": "Introduction to the first 50 essential kanji characters",
      "featuredImage": "/story-mocks/320px-Test_sign.jpg",
      "id": "unit-kanji-basics",
      "identityId": "us-east-1:teacher-identity-2",
      "name": "Kanji Basics - First 50 Characters",
      "owner": "teacher-2",
      "published": true,
      "status": "PUBLISHED",
      "unitFiles": [Function anonymous],
      "unitWords": [Function anonymous],
      "updatedAt": "2024-01-18T15:00:00.000Z",
    },
  ],
}
[90mstdout[2m | .storybook/docs/QuickTour-Student.stories.tsx[2m > [22m[2m2. Section & Assignments
[22m[39munitMap {
  "unit-japanese-1": {
    "_deleted": false,
    "_lastChangedAt": 1704898800000,
    "_version": 3,
    "createdAt": "2024-01-01T10:00:00.000Z",
    "data": "{"root":{"type":"root","children":[{"type":"heading","tag":"h1","direction":"ltr","format":"","indent":0,"version":1,"children":[{"type":"text","text":"Japanese Greetings","format":0,"detail":0,"mode":"normal","style":"","version":1}]}],"direction":"ltr","format":"","indent":0,"version":1}}",
    "description": "Learn basic Japanese greetings and self-introduction phrases",
    "featuredImage": "/story-mocks/piano-10046998_1280.jpg",
    "id": "unit-japanese-1",
    "identityId": "us-east-1:teacher-identity-1",
    "name": "Introduction to Japanese Greetings",
    "owner": "teacher-1",
    "published": true,
    "status": "PUBLISHED",
    "unitFiles": [Function anonymous],
    "unitWords": [Function anonymous],
    "updatedAt": "2024-01-10T15:00:00.000Z",
  },
  "unit-japanese-2": {
    "_deleted": false,
    "_lastChangedAt": 1705071600000,
    "_version": 2,
    "createdAt": "2024-01-05T10:00:00.000Z",
    "data": "{"root":{"type":"root","children":[{"type":"heading","tag":"h1","direction":"ltr","format":"","indent":0,"version":1,"children":[{"type":"text","text":"Numbers and Counting","format":0,"detail":0,"mode":"normal","style":"","version":1}]}],"direction":"ltr","format":"","indent":0,"version":1}}",
    "description": "Master numbers 1-100 and counting objects in Japanese",
    "featuredImage": "/story-mocks/animals-10008941_1280.jpg",
    "id": "unit-japanese-2",
    "identityId": "us-east-1:teacher-identity-1",
    "name": "Japanese Numbers and Counting",
    "owner": "teacher-1",
    "published": true,
    "status": "PUBLISHED",
    "timeLimitSeconds": 120,
    "unitFiles": [Function anonymous],
    "unitWords": [Function anonymous],
    "updatedAt": "2024-01-12T15:00:00.000Z",
  },
  "unit-japanese-3": {
    "_deleted": false,
    "_lastChangedAt": 1705330800000,
    "_version": 1,
    "createdAt": "2024-01-10T10:00:00.000Z",
    "data": "{"root":{"type":"root","children":[{"type":"heading","tag":"h1","direction":"ltr","format":"","indent":0,"version":1,"children":[{"type":"text","text":"Daily Activities","format":0,"detail":0,"mode":"normal","style":"","version":1}]}],"direction":"ltr","format":"","indent":0,"version":1}}",
    "description": "Vocabulary for talking about your daily routine",
    "featuredImage": "/story-mocks/namibia-9992336_1280.jpg",
    "id": "unit-japanese-3",
    "identityId": "us-east-1:teacher-identity-1",
    "name": "Daily Activities Vocabulary",
    "owner": "teacher-1",
    "published": true,
    "status": "PUBLISHED",
    "unitFiles": [Function anonymous],
    "unitWords": [Function anonymous],
    "updatedAt": "2024-01-15T15:00:00.000Z",
  },
  "unit-kanji-basics": {
    "_deleted": false,
    "_lastChangedAt": 1705590000000,
    "_version": 4,
    "createdAt": "2024-01-08T10:00:00.000Z",
    "data": "{"root":{"type":"root","children":[{"type":"heading","tag":"h1","direction":"ltr","format":"","indent":0,"version":1,"children":[{"type":"text","text":"Basic Kanji","format":0,"detail":0,"mode":"normal","style":"","version":1}]}],"direction":"ltr","format":"","indent":0,"version":1}}",
    "description": "Introduction to the first 50 essential kanji characters",
    "featuredImage": "/story-mocks/320px-Test_sign.jpg",
    "id": "unit-kanji-basics",
    "identityId": "us-east-1:teacher-identity-2",
    "name": "Kanji Basics - First 50 Characters",
    "owner": "teacher-2",
    "published": true,
    "status": "PUBLISHED",
    "unitFiles": [Function anonymous],
    "unitWords": [Function anonymous],
    "updatedAt": "2024-01-18T15:00:00.000Z",
  },
}
[90mstdout[2m | .storybook/docs/QuickTour-Student.stories.tsx[2m > [22m[2m2. Section & Assignments
[22m[39msectionData [
  {
    "_deleted": false,
    "_lastChangedAt": 1704096000000,
    "_version": 1,
    "code": "JPN101SPRING",
    "createdAt": "2024-01-01T08:00:00.000Z",
    "description": "Beginner Japanese language course",
    "featuredImage": "/story-mocks/sand-4753305_1280.jpg",
    "id": "section-jpn-101",
    "identityId": "us-east-1:teacher-identity-1",
    "learner": "section-jpn-101-learners",
    "name": "Japanese 101 - Spring 2024",
    "owner": "teacher-1",
    "status": "PUBLISHED",
    "updatedAt": "2024-01-01T08:00:00.000Z",
  },
]
[90mstdout[2m | .storybook/docs/QuickTour-Student.stories.tsx[2m > [22m[2m2. Section & Assignments
[22m[39m[FilesContext] File observeQuery update: 0 files
[90mstdout[2m | .storybook/docs/QuickTour-Student.stories.tsx[2m > [22m[2m2. Section & Assignments
[22m[39m[FilesContext] File observeQuery update: 0 files
[90mstdout[2m | .storybook/docs/QuickTour-Student.stories.tsx[2m > [22m[2m2. Section & Assignments
[22m[39m[ChatContext] AssistantChat initialized with 0 chats
[90mstdout[2m | .storybook/docs/QuickTour-Student.stories.tsx[2m > [22m[2m2. Section & Assignments
[22m[39m[MOCK CourseVectorStore] Initialized with mock data
[90mstdout[2m | .storybook/docs/QuickTour-Student.stories.tsx[2m > [22m[2m2. Section & Assignments
[22m[39m[MOCK CourseVectorStore] Initialized with mock data
[90mstdout[2m | .storybook/docs/QuickTour-Student.stories.tsx[2m > [22m[2m2. Section & Assignments
[22m[39m[useChatPageContext] Cleaning up page context
[90mstdout[2m | .storybook/docs/QuickTour-Student.stories.tsx[2m > [22m[2m2. Section & Assignments
[22m[39m[useChatPageContext] Registering page context: {
  "dictionaryCount": 0,
  "filesCount": 0,
  "hasEditorRef": false,
  "hasUnit": false,
  "hasVectorStoreSearch": false,
  "questionsCount": 0,
  "sectionsCount": 1,
}
[90mstdout[2m | .storybook/docs/QuickTour-Student.stories.tsx[2m > [22m[2m2. Section & Assignments
[22m[39mfetchSectionStudents - not owner student-alice-sub teacher-1
[90mstdout[2m | .storybook/docs/QuickTour-Student.stories.tsx[2m > [22m[2m2. Section & Assignments
[22m[39m[ChatContext] No current chat available, will create one
[90mstdout[2m | .storybook/docs/QuickTour-Student.stories.tsx[2m > [22m[2m2. Section & Assignments
[22m[39m[ChatContext] Creating AssistantChat with user: undefined
[90mstdout[2m | .storybook/docs/QuickTour-Student.stories.tsx[2m > [22m[2m2. Section & Assignments
[22m[39m[Mock Data] AssistantChat created: mock-assistantchat-1790416155632 - notified 1 subscribers
[90mstdout[2m | .storybook/docs/QuickTour-Student.stories.tsx[2m > [22m[2m2. Section & Assignments
[22m[39m[ChatContext] Create result: {
  "data": {
    "_version": 1,
    "archived": false,
    "chatFiles": [Function anonymous],
    "createdAt": "2026-09-26T09:49:15.632Z",
    "id": "mock-assistantchat-1790416155632",
    "model": "gpt-4",
    "updatedAt": "2026-09-26T09:49:15.632Z",
  },
  "errors": [],
  "hasData": true,
  "hasErrors": true,
}
[90mstdout[2m | .storybook/docs/QuickTour-Student.stories.tsx[2m > [22m[2m2. Section & Assignments
[22m[39m[ChatContext] Created AssistantChat: mock-assistantchat-1790416155632 at: 2026-09-26T09:49:15.632Z
[90mstdout[2m | .storybook/docs/QuickTour-Student.stories.tsx[2m > [22m[2m2. Section & Assignments
[22m[39m[ChatContext] Setting initial chat: mock-assistantchat-1790416155632
[90mstdout[2m | .storybook/docs/QuickTour-Student.stories.tsx[2m > [22m[2m2. Section & Assignments
[22m[39m[ChatContext] Chat exists and not archived, skipping creation
[90mstdout[2m | .storybook/docs/QuickTour-Student.stories.tsx[2m > [22m[2m2. Section & Assignments
[22m[39mMock Cache.getItem called with: getCachedUrl_/story-mocks/sand-4753305_1280.jpg
[90mstdout[2m | .storybook/docs/QuickTour-Student.stories.tsx[2m > [22m[2m2. Section & Assignments
[22m[39mMock getUrl called with: /story-mocks/sand-4753305_1280.jpg
[90mstdout[2m | .storybook/docs/QuickTour-Student.stories.tsx[2m > [22m[2m2. Section & Assignments
[22m[39mMock Cache.setItem called with: getCachedUrl_/story-mocks/sand-4753305_1280.jpg /story-mocks/sand-4753305_1280.jpg
[90mstdout[2m | .storybook/docs/QuickTour-Student.stories.tsx[2m > [22m[2m3. Workbook
[22m[39m[ChatContext] Cleaning up subscriptions
[90mstdout[2m | .storybook/docs/QuickTour-Student.stories.tsx[2m > [22m[2m3. Workbook
[22m[39m[useChatPageContext] Cleaning up page context
[90mstdout[2m | .storybook/docs/QuickTour-Student.stories.tsx[2m > [22m[2m3. Workbook
[22m[39m[Preview] Skipped clearing mock data (clearMockData=false)
[90mstdout[2m | .storybook/docs/QuickTour-Student.stories.tsx[2m > [22m[2m3. Workbook
[22m[39m[Preview] Skipped initializing default mock data (initializeMockData=false)
[90mstdout[2m | .storybook/docs/QuickTour-Student.stories.tsx[2m > [22m[2m3. Workbook
[22m[39m[Mock Auth] setMockUser: {
  "attributes": {
    "email": "alice@example.com",
    "name": "Alice Johnson",
    "sub": "student-alice-sub",
  },
  "groups": [
    "Learners",
    "section-jpn-101-learners",
    "section-jpn-102-learners",
  ],
  "username": "student-alice-sub",
}
[90mstdout[2m | .storybook/docs/QuickTour-Student.stories.tsx[2m > [22m[2m3. Workbook
[22m[39m[Mock Data] seedMockUnit: Adding unit unit-japanese-1
[90mstdout[2m | .storybook/docs/QuickTour-Student.stories.tsx[2m > [22m[2m3. Workbook
[22m[39m[Mock Data] seedMockUnit: Adding unit unit-japanese-2
[90mstdout[2m | .storybook/docs/QuickTour-Student.stories.tsx[2m > [22m[2m3. Workbook
[22m[39m[Mock Data] seedMockUnit: Adding unit unit-japanese-3
[90mstdout[2m | .storybook/docs/QuickTour-Student.stories.tsx[2m > [22m[2m3. Workbook
[22m[39m[Mock Data] seedMockUnit: Adding unit unit-kanji-basics
[90mstdout[2m | .storybook/docs/QuickTour-Student.stories.tsx[2m > [22m[2m3. Workbook
[22m[39m[Mock Data] seedMockSections: Adding 2 sections
[90mstdout[2m | .storybook/docs/QuickTour-Student.stories.tsx[2m > [22m[2m3. Workbook
[22m[39m[Mock Data] Seeding section: section-jpn-101 with owner: teacher-1
[90mstdout[2m | .storybook/docs/QuickTour-Student.stories.tsx[2m > [22m[2m3. Workbook
[22m[39m[Mock Data] Seeding section: section-jpn-102 with owner: teacher-2
[90mstdout[2m | .storybook/docs/QuickTour-Student.stories.tsx[2m > [22m[2m3. Workbook
[22m[39m[Mock Data] Total sections in store: 2
[90mstdout[2m | .storybook/docs/QuickTour-Student.stories.tsx[2m > [22m[2m3. Workbook
[22m[39m[Mock Data] Sections in store: [
  {
    "id": "section-jpn-101",
    "name": "Japanese 101 - Spring 2024",
    "owner": "teacher-1",
  },
  {
    "id": "section-jpn-102",
    "name": "Japanese 102 - Advanced",
    "owner": "teacher-2",
  },
]
[90mstdout[2m | .storybook/docs/QuickTour-Student.stories.tsx[2m > [22m[2m3. Workbook
[22m[39m[Mock Data] No active Section subscriptions to notify yet
[90mstdout[2m | .storybook/docs/QuickTour-Student.stories.tsx[2m > [22m[2m3. Workbook
[22m[39m[Mock Data] seedMockAssignments: Adding 4 assignments
[90mstdout[2m | .storybook/docs/QuickTour-Student.stories.tsx[2m > [22m[2m3. Workbook
[22m[39m[Mock Data] Total assignments in store: 4
[90mstdout[2m | .storybook/docs/QuickTour-Student.stories.tsx[2m > [22m[2m3. Workbook
[22m[39m[Mock Data] Seeded grade: grade-alice-1 for unit: unit-japanese-1
[90mstdout[2m | .storybook/docs/QuickTour-Student.stories.tsx[2m > [22m[2m3. Workbook
[22m[39m[Mock Data] Grade has data: true
[90mstdout[2m | .storybook/docs/QuickTour-Student.stories.tsx[2m > [22m[2m3. Workbook
[22m[39m[Mock Data] Total grades in store: 1
[90mstdout[2m | .storybook/docs/QuickTour-Student.stories.tsx[2m > [22m[2m3. Workbook
[22m[39m[Mock Data] Seeded grade: grade-alice-1-attempt2 for unit: unit-japanese-1
[90mstdout[2m | .storybook/docs/QuickTour-Student.stories.tsx[2m > [22m[2m3. Workbook
[22m[39m[Mock Data] Grade has data: true
[90mstdout[2m | .storybook/docs/QuickTour-Student.stories.tsx[2m > [22m[2m3. Workbook
[22m[39m[Mock Data] Total grades in store: 2
[90mstdout[2m | .storybook/docs/QuickTour-Student.stories.tsx[2m > [22m[2m3. Workbook
[22m[39m[Mock Data] Seeded grade: grade-alice-2 for unit: unit-japanese-2
[90mstdout[2m | .storybook/docs/QuickTour-Student.stories.tsx[2m > [22m[2m3. Workbook
[22m[39m[Mock Data] Grade has data: true
[90mstdout[2m | .storybook/docs/QuickTour-Student.stories.tsx[2m > [22m[2m3. Workbook
[22m[39m[Mock Data] Total grades in store: 3
[90mstdout[2m | .storybook/docs/QuickTour-Student.stories.tsx[2m > [22m[2m3. Workbook
[22m[39m[Mock Data] seedMockStudentProfiles: Adding 6 student profiles
[90mstdout[2m | .storybook/docs/QuickTour-Student.stories.tsx[2m > [22m[2m3. Workbook
[22m[39m[Mock Data] seedMockHomeworkRooms: Adding 2 homework rooms
[90mstdout[2m | .storybook/docs/QuickTour-Student.stories.tsx[2m > [22m[2m3. Workbook
[22m[39m[IndexPageData] Seeded student dashboard with {
  "assignments": 4,
  "grades": 3,
  "sections": 2,
  "units": 4,
}
[90mstdout[2m | .storybook/docs/QuickTour-Student.stories.tsx[2m > [22m[2m3. Workbook
[22m[39m[MOCK CourseVectorStore] Initialized with mock data
[90mstdout[2m | .storybook/docs/QuickTour-Student.stories.tsx[2m > [22m[2m3. Workbook
[22m[39m[MOCK CourseVectorStore] Initialized with mock data
[90mstdout[2m | .storybook/docs/QuickTour-Student.stories.tsx[2m > [22m[2m3. Workbook
[22m[39m[MOCK CourseVectorStore] Initialized with mock data
[90mstdout[2m | .storybook/docs/QuickTour-Student.stories.tsx[2m > [22m[2m3. Workbook
[22m[39m[useChatPageContext] Registering page context: {
  "dictionaryCount": 0,
  "filesCount": 0,
  "hasEditorRef": false,
  "hasUnit": true,
  "hasVectorStoreSearch": false,
  "questionsCount": 0,
  "sectionsCount": 0,
}
[90mstdout[2m | .storybook/docs/QuickTour-Student.stories.tsx[2m > [22m[2m3. Workbook
[22m[39m[UnitContext] useEffect triggered {
  "authLoading": false,
  "hasUser": true,
  "id": "unit-japanese-1",
  "userSub": "student-alice-sub",
}
[90mstdout[2m | .storybook/docs/QuickTour-Student.stories.tsx[2m > [22m[2m3. Workbook
[22m[39m[UnitContext] Fetching unit data for id: unit-japanese-1
[90mstdout[2m | .storybook/docs/QuickTour-Student.stories.tsx[2m > [22m[2m3. Workbook
[22m[39m[FilesContext] Initializing vector store from IndexedDB
[90mstdout[2m | .storybook/docs/QuickTour-Student.stories.tsx[2m > [22m[2m3. Workbook
[22m[39m[FilesContext] fetchFiles called
[90mstdout[2m | .storybook/docs/QuickTour-Student.stories.tsx[2m > [22m[2m3. Workbook
[22m[39m[FilesContext] User authenticated: student-alice-sub
[90mstdout[2m | .storybook/docs/QuickTour-Student.stories.tsx[2m > [22m[2m3. Workbook
[22m[39m[FilesContext] Identity ID: identity-alice
[90mstdout[2m | .storybook/docs/QuickTour-Student.stories.tsx[2m > [22m[2m3. Workbook
[22m[39m[FilesContext] About to set up File observeQuery
[90mstdout[2m | .storybook/docs/QuickTour-Student.stories.tsx[2m > [22m[2m3. Workbook
[22m[39m[FilesContext] Initializing vector store from IndexedDB
[90mstdout[2m | .storybook/docs/QuickTour-Student.stories.tsx[2m > [22m[2m3. Workbook
[22m[39m[FilesContext] fetchFiles called
[90mstdout[2m | .storybook/docs/QuickTour-Student.stories.tsx[2m > [22m[2m3. Workbook
[22m[39m[FilesContext] User authenticated: student-alice-sub
[90mstdout[2m | .storybook/docs/QuickTour-Student.stories.tsx[2m > [22m[2m3. Workbook
[22m[39m[FilesContext] Identity ID: identity-alice
[90mstdout[2m | .storybook/docs/QuickTour-Student.stories.tsx[2m > [22m[2m3. Workbook
[22m[39m[FilesContext] About to set up File observeQuery
[90mstdout[2m | .storybook/docs/QuickTour-Student.stories.tsx[2m > [22m[2m3. Workbook
[22m[39m[TranslationModeController] Setting mode to: off
[90mstdout[2m | .storybook/docs/QuickTour-Student.stories.tsx[2m > [22m[2m3. Workbook
[22m[39m[FilesContext] Initializing vector store from IndexedDB
[90mstdout[2m | .storybook/docs/QuickTour-Student.stories.tsx[2m > [22m[2m3. Workbook
[22m[39m[FilesContext] fetchFiles called
[90mstdout[2m | .storybook/docs/QuickTour-Student.stories.tsx[2m > [22m[2m3. Workbook
[22m[39m[FilesContext] User authenticated: student-alice-sub
[90mstdout[2m | .storybook/docs/QuickTour-Student.stories.tsx[2m > [22m[2m3. Workbook
[22m[39m[FilesContext] Identity ID: identity-alice
[90mstdout[2m | .storybook/docs/QuickTour-Student.stories.tsx[2m > [22m[2m3. Workbook
[22m[39m[FilesContext] About to set up File observeQuery
[90mstdout[2m | .storybook/docs/QuickTour-Student.stories.tsx[2m > [22m[2m3. Workbook
[22m[39m[ChatContext] Setting up AssistantChat observeQuery
[90mstdout[2m | .storybook/docs/QuickTour-Student.stories.tsx[2m > [22m[2m3. Workbook
[22m[39m[ChatContext] Waiting for subscription to initialize
[90mstdout[2m | .storybook/docs/QuickTour-Student.stories.tsx[2m > [22m[2m3. Workbook
[22m[39m[SettingsContext] Setting up Settings subscription for user: student-alice-sub
[90mstdout[2m | .storybook/docs/QuickTour-Student.stories.tsx[2m > [22m[2m3. Workbook
[22m[39m[Mock Data] Settings created: mock-settings-1790416157664 - notified 0 subscribers
[90mstdout[2m | .storybook/docs/QuickTour-Student.stories.tsx[2m > [22m[2m3. Workbook
[22m[39m[Mock Data] Unit.onUpdate() subscription added. Total: 1
[90mstdout[2m | .storybook/docs/QuickTour-Student.stories.tsx[2m > [22m[2m3. Workbook
[22m[39m[useChatPageContext] Cleaning up page context
[90mstdout[2m | .storybook/docs/QuickTour-Student.stories.tsx[2m > [22m[2m3. Workbook
[22m[39m[WorkbookStatePlugin] Loading unit content into read-only workbook: unit-japanese-1
[90mstdout[2m | .storybook/docs/QuickTour-Student.stories.tsx[2m > [22m[2m3. Workbook
[22m[39m[Mock Auth] fetchAuthSession called with options: undefined
[90mstdout[2m | .storybook/docs/QuickTour-Student.stories.tsx[2m > [22m[2m3. Workbook
[22m[39m[useChatPageContext] Registering page context: {
  "dictionaryCount": 0,
  "filesCount": 0,
  "hasEditorRef": false,
  "hasUnit": true,
  "hasVectorStoreSearch": false,
  "questionsCount": 0,
  "sectionsCount": 0,
}
[90mstdout[2m | .storybook/docs/QuickTour-Student.stories.tsx[2m > [22m[2m3. Workbook
[22m[39m[FilesContext] File observeQuery update: 0 files
[90mstdout[2m | .storybook/docs/QuickTour-Student.stories.tsx[2m > [22m[2m3. Workbook
[22m[39m[SectionContext] Section observeQuery update: 2
[90mstdout[2m | .storybook/docs/QuickTour-Student.stories.tsx[2m > [22m[2m3. Workbook
[22m[39m[FilesContext] File observeQuery update: 0 files
[90mstdout[2m | .storybook/docs/QuickTour-Student.stories.tsx[2m > [22m[2m3. Workbook
[22m[39m[FilesContext] File observeQuery update: 0 files
[90mstdout[2m | .storybook/docs/QuickTour-Student.stories.tsx[2m > [22m[2m3. Workbook
[22m[39m[ChatContext] AssistantChat initialized with 0 chats
[90mstdout[2m | .storybook/docs/QuickTour-Student.stories.tsx[2m > [22m[2m3. Workbook
[22m[39m[MOCK CourseVectorStore] Initialized with mock data
[90mstdout[2m | .storybook/docs/QuickTour-Student.stories.tsx[2m > [22m[2m3. Workbook
[22m[39m[MOCK CourseVectorStore] Initialized with mock data
[90mstdout[2m | .storybook/docs/QuickTour-Student.stories.tsx[2m > [22m[2m3. Workbook
[22m[39m[MOCK CourseVectorStore] Initialized with mock data
[90mstdout[2m | .storybook/docs/QuickTour-Student.stories.tsx[2m > [22m[2m3. Workbook
[22m[39m[ChatContext] No current chat available, will create one
[90mstdout[2m | .storybook/docs/QuickTour-Student.stories.tsx[2m > [22m[2m3. Workbook
[22m[39m[ChatContext] Creating AssistantChat with user: undefined
[90mstdout[2m | .storybook/docs/QuickTour-Student.stories.tsx[2m > [22m[2m3. Workbook
[22m[39m[Mock Data] AssistantChat created: mock-assistantchat-1790416157774 - notified 1 subscribers
[90mstdout[2m | .storybook/docs/QuickTour-Student.stories.tsx[2m > [22m[2m3. Workbook
[22m[39m[ChatContext] Create result: {
  "data": {
    "_version": 1,
    "archived": false,
    "chatFiles": [Function anonymous],
    "createdAt": "2026-09-26T09:49:17.774Z",
    "id": "mock-assistantchat-1790416157774",
    "model": "gpt-4",
    "updatedAt": "2026-09-26T09:49:17.774Z",
  },
  "errors": [],
  "hasData": true,
  "hasErrors": true,
}
[90mstdout[2m | .storybook/docs/QuickTour-Student.stories.tsx[2m > [22m[2m3. Workbook
[22m[39m[ChatContext] Created AssistantChat: mock-assistantchat-1790416157774 at: 2026-09-26T09:49:17.774Z
[90mstdout[2m | .storybook/docs/QuickTour-Student.stories.tsx[2m > [22m[2m3. Workbook
[22m[39m[YjsProvider] chat-section-section-jpn-101 connection status: connected
[90mstdout[2m | .storybook/docs/QuickTour-Student.stories.tsx[2m > [22m[2m3. Workbook
[22m[39m[YjsProvider] chat-section-section-jpn-101 synced with server
[90mstdout[2m | .storybook/docs/QuickTour-Student.stories.tsx[2m > [22m[2m3. Workbook
[22m[39m[ChatContext] Setting initial chat: mock-assistantchat-1790416157774
[90mstdout[2m | .storybook/docs/QuickTour-Student.stories.tsx[2m > [22m[2m3. Workbook
[22m[39m[ChatContext] Chat exists and not archived, skipping creation
 [32m✓[39m [30m[45m storybook (chromium) [49m[39m .storybook/docs/QuickTour-Student.stories.tsx [2m([22m[2m3 tests[22m[2m)[22m[33m 6955[2mms[22m[39m
   [33m[2m✓[22m[39m 1. Student Dashboard [33m 2356[2mms[22m[39m
   [33m[2m✓[22m[39m 2. Section & Assignments [33m 2182[2mms[22m[39m
   [33m[2m✓[22m[39m 3. Workbook [33m 2417[2mms[22m[39m
[90mstdout[2m | unknown test
[22m[39m[MOCK vectorStoreDB.js] Module loaded - mock IndexedDB operations
[90mstdout[2m | unknown test
[22m[39m[Task Completion] DOM action listeners initialized
[90mstdout[2m | unknown test
[22m[39m[Task Completion] Auto-completion detector initialized
[90mstdout[2m | unknown test
[22m[39m[Preview] Task completion detector initialized
[90mstdout[2m | .storybook/docs/QuickTour-Instructor.stories.tsx[2m > [22m[2m1. Units Library
[22m[39m[Preview] Skipped clearing mock data (clearMockData=false)
[90mstdout[2m | .storybook/docs/QuickTour-Instructor.stories.tsx[2m > [22m[2m1. Units Library
[22m[39m[Preview] Skipped initializing default mock data (initializeMockData=false)
[90mstdout[2m | .storybook/docs/QuickTour-Instructor.stories.tsx[2m > [22m[2m1. Units Library
[22m[39m[Mock Auth] setMockUser: {
  "attributes": {
    "email": "teacher@example.com",
    "sub": "teacher-1",
  },
  "groups": [
    "Instructors",
  ],
  "username": "teacher-1",
}
[90mstdout[2m | .storybook/docs/QuickTour-Instructor.stories.tsx[2m > [22m[2m1. Units Library
[22m[39m[Mock Data] seedMockUnit: Adding unit unit-japanese-1
[90mstdout[2m | .storybook/docs/QuickTour-Instructor.stories.tsx[2m > [22m[2m1. Units Library
[22m[39m[Mock Data] seedMockUnit: Adding unit unit-japanese-2
[90mstdout[2m | .storybook/docs/QuickTour-Instructor.stories.tsx[2m > [22m[2m1. Units Library
[22m[39m[Mock Data] seedMockUnit: Adding unit unit-japanese-3
[90mstdout[2m | .storybook/docs/QuickTour-Instructor.stories.tsx[2m > [22m[2m1. Units Library
[22m[39m[Mock Data] seedMockUnit: Adding unit unit-kanji-basics
[90mstdout[2m | .storybook/docs/QuickTour-Instructor.stories.tsx[2m > [22m[2m1. Units Library
[22m[39m[Mock Data] seedMockSections: Adding 1 sections
[90mstdout[2m | .storybook/docs/QuickTour-Instructor.stories.tsx[2m > [22m[2m1. Units Library
[22m[39m[Mock Data] Seeding section: section-jpn-101 with owner: teacher-1
[90mstdout[2m | .storybook/docs/QuickTour-Instructor.stories.tsx[2m > [22m[2m1. Units Library
[22m[39m[Mock Data] Total sections in store: 1
[90mstdout[2m | .storybook/docs/QuickTour-Instructor.stories.tsx[2m > [22m[2m1. Units Library
[22m[39m[Mock Data] Sections in store: [
  {
    "id": "section-jpn-101",
    "name": "Japanese 101 - Spring 2024",
    "owner": "teacher-1",
  },
]
[90mstdout[2m | .storybook/docs/QuickTour-Instructor.stories.tsx[2m > [22m[2m1. Units Library
[22m[39m[Mock Data] No active Section subscriptions to notify yet
[90mstdout[2m | .storybook/docs/QuickTour-Instructor.stories.tsx[2m > [22m[2m1. Units Library
[22m[39m[Mock Data] seedMockAssignments: Adding 5 assignments
[90mstdout[2m | .storybook/docs/QuickTour-Instructor.stories.tsx[2m > [22m[2m1. Units Library
[22m[39m[Mock Data] Total assignments in store: 5
[90mstdout[2m | .storybook/docs/QuickTour-Instructor.stories.tsx[2m > [22m[2m1. Units Library
[22m[39m[Mock Data] Seeded grade: grade-alice-1 for unit: unit-japanese-1
[90mstdout[2m | .storybook/docs/QuickTour-Instructor.stories.tsx[2m > [22m[2m1. Units Library
[22m[39m[Mock Data] Grade has data: true
[90mstdout[2m | .storybook/docs/QuickTour-Instructor.stories.tsx[2m > [22m[2m1. Units Library
[22m[39m[Mock Data] Total grades in store: 1
[90mstdout[2m | .storybook/docs/QuickTour-Instructor.stories.tsx[2m > [22m[2m1. Units Library
[22m[39m[Mock Data] Seeded grade: grade-alice-1-attempt2 for unit: unit-japanese-1
[90mstdout[2m | .storybook/docs/QuickTour-Instructor.stories.tsx[2m > [22m[2m1. Units Library
[22m[39m[Mock Data] Grade has data: true
[90mstdout[2m | .storybook/docs/QuickTour-Instructor.stories.tsx[2m > [22m[2m1. Units Library
[22m[39m[Mock Data] Total grades in store: 2
[90mstdout[2m | .storybook/docs/QuickTour-Instructor.stories.tsx[2m > [22m[2m1. Units Library
[22m[39m[Mock Data] Seeded grade: grade-alice-2 for unit: unit-japanese-2
[90mstdout[2m | .storybook/docs/QuickTour-Instructor.stories.tsx[2m > [22m[2m1. Units Library
[22m[39m[Mock Data] Grade has data: true
[90mstdout[2m | .storybook/docs/QuickTour-Instructor.stories.tsx[2m > [22m[2m1. Units Library
[22m[39m[Mock Data] Total grades in store: 3
[90mstdout[2m | .storybook/docs/QuickTour-Instructor.stories.tsx[2m > [22m[2m1. Units Library
[22m[39m[Mock Data] Seeded grade: grade-bob-1 for unit: unit-japanese-1
[90mstdout[2m | .storybook/docs/QuickTour-Instructor.stories.tsx[2m > [22m[2m1. Units Library
[22m[39m[Mock Data] Grade has data: true
[90mstdout[2m | .storybook/docs/QuickTour-Instructor.stories.tsx[2m > [22m[2m1. Units Library
[22m[39m[Mock Data] Total grades in store: 4
[90mstdout[2m | .storybook/docs/QuickTour-Instructor.stories.tsx[2m > [22m[2m1. Units Library
[22m[39m[Mock Data] Seeded grade: grade-bob-2 for unit: unit-japanese-2
[90mstdout[2m | .storybook/docs/QuickTour-Instructor.stories.tsx[2m > [22m[2m1. Units Library
[22m[39m[Mock Data] Grade has data: true
[90mstdout[2m | .storybook/docs/QuickTour-Instructor.stories.tsx[2m > [22m[2m1. Units Library
[22m[39m[Mock Data] Total grades in store: 5
[90mstdout[2m | .storybook/docs/QuickTour-Instructor.stories.tsx[2m > [22m[2m1. Units Library
[22m[39m[Mock Data] Seeded grade: grade-carol-1 for unit: unit-japanese-1
[90mstdout[2m | .storybook/docs/QuickTour-Instructor.stories.tsx[2m > [22m[2m1. Units Library
[22m[39m[Mock Data] Grade has data: true
[90mstdout[2m | .storybook/docs/QuickTour-Instructor.stories.tsx[2m > [22m[2m1. Units Library
[22m[39m[Mock Data] Total grades in store: 6
[90mstdout[2m | .storybook/docs/QuickTour-Instructor.stories.tsx[2m > [22m[2m1. Units Library
[22m[39m[Mock Data] Seeded grade: grade-carol-2 for unit: unit-japanese-2
[90mstdout[2m | .storybook/docs/QuickTour-Instructor.stories.tsx[2m > [22m[2m1. Units Library
[22m[39m[Mock Data] Grade has data: true
[90mstdout[2m | .storybook/docs/QuickTour-Instructor.stories.tsx[2m > [22m[2m1. Units Library
[22m[39m[Mock Data] Total grades in store: 7
[90mstdout[2m | .storybook/docs/QuickTour-Instructor.stories.tsx[2m > [22m[2m1. Units Library
[22m[39m[Mock Data] Seeded grade: grade-dave-1 for unit: unit-japanese-1
[90mstdout[2m | .storybook/docs/QuickTour-Instructor.stories.tsx[2m > [22m[2m1. Units Library
[22m[39m[Mock Data] Grade has data: true
[90mstdout[2m | .storybook/docs/QuickTour-Instructor.stories.tsx[2m > [22m[2m1. Units Library
[22m[39m[Mock Data] Total grades in store: 8
[90mstdout[2m | .storybook/docs/QuickTour-Instructor.stories.tsx[2m > [22m[2m1. Units Library
[22m[39m[Mock Data] Seeded grade: grade-dave-2 for unit: unit-japanese-2
[90mstdout[2m | .storybook/docs/QuickTour-Instructor.stories.tsx[2m > [22m[2m1. Units Library
[22m[39m[Mock Data] Grade has data: true
[90mstdout[2m | .storybook/docs/QuickTour-Instructor.stories.tsx[2m > [22m[2m1. Units Library
[22m[39m[Mock Data] Total grades in store: 9
[90mstdout[2m | .storybook/docs/QuickTour-Instructor.stories.tsx[2m > [22m[2m1. Units Library
[22m[39m[Mock Data] Seeded grade: grade-eve-1 for unit: unit-japanese-1
[90mstdout[2m | .storybook/docs/QuickTour-Instructor.stories.tsx[2m > [22m[2m1. Units Library
[22m[39m[Mock Data] Grade has data: true
[90mstdout[2m | .storybook/docs/QuickTour-Instructor.stories.tsx[2m > [22m[2m1. Units Library
[22m[39m[Mock Data] Total grades in store: 10
[90mstdout[2m | .storybook/docs/QuickTour-Instructor.stories.tsx[2m > [22m[2m1. Units Library
[22m[39m[Mock Data] Seeded grade: grade-eve-2 for unit: unit-japanese-2
[90mstdout[2m | .storybook/docs/QuickTour-Instructor.stories.tsx[2m > [22m[2m1. Units Library
[22m[39m[Mock Data] Grade has data: true
[90mstdout[2m | .storybook/docs/QuickTour-Instructor.stories.tsx[2m > [22m[2m1. Units Library
[22m[39m[Mock Data] Total grades in store: 11
[90mstdout[2m | .storybook/docs/QuickTour-Instructor.stories.tsx[2m > [22m[2m1. Units Library
[22m[39m[Mock Data] Seeded grade: grade-frank-1 for unit: unit-japanese-1
[90mstdout[2m | .storybook/docs/QuickTour-Instructor.stories.tsx[2m > [22m[2m1. Units Library
[22m[39m[Mock Data] Grade has data: true
[90mstdout[2m | .storybook/docs/QuickTour-Instructor.stories.tsx[2m > [22m[2m1. Units Library
[22m[39m[Mock Data] Total grades in store: 12
[90mstdout[2m | .storybook/docs/QuickTour-Instructor.stories.tsx[2m > [22m[2m1. Units Library
[22m[39m[Mock Data] Seeded grade: grade-frank-2 for unit: unit-japanese-3
[90mstdout[2m | .storybook/docs/QuickTour-Instructor.stories.tsx[2m > [22m[2m1. Units Library
[22m[39m[Mock Data] Grade has data: true
[90mstdout[2m | .storybook/docs/QuickTour-Instructor.stories.tsx[2m > [22m[2m1. Units Library
[22m[39m[Mock Data] Total grades in store: 13
[90mstdout[2m | .storybook/docs/QuickTour-Instructor.stories.tsx[2m > [22m[2m1. Units Library
[22m[39m[Mock Data] seedMockStudentProfiles: Adding 6 student profiles
[90mstdout[2m | .storybook/docs/QuickTour-Instructor.stories.tsx[2m > [22m[2m1. Units Library
[22m[39m[Mock Data] seedMockHomeworkRooms: Adding 2 homework rooms
[90mstdout[2m | .storybook/docs/QuickTour-Instructor.stories.tsx[2m > [22m[2m1. Units Library
[22m[39m[IndexPageData] Seeded instructor dashboard with {
  "assignments": 5,
  "grades": 13,
  "sections": 1,
  "units": 4,
}
[90mstdout[2m | .storybook/docs/QuickTour-Instructor.stories.tsx[2m > [22m[2m1. Units Library
[22m[39m[MOCK CourseVectorStore] Initialized with mock data
[90mstdout[2m | .storybook/docs/QuickTour-Instructor.stories.tsx[2m > [22m[2m1. Units Library
[22m[39m[MOCK CourseVectorStore] Initialized with mock data
[90mstdout[2m | .storybook/docs/QuickTour-Instructor.stories.tsx[2m > [22m[2m1. Units Library
[22m[39m[useChatPageContext] Registering page context: {
  "dictionaryCount": 0,
  "filesCount": 0,
  "hasEditorRef": false,
  "hasUnit": false,
  "hasVectorStoreSearch": false,
  "questionsCount": 0,
  "sectionsCount": 0,
}
[90mstdout[2m | .storybook/docs/QuickTour-Instructor.stories.tsx[2m > [22m[2m1. Units Library
[22m[39m[Units] Setting up Unit observeQuery for user: undefined
[90mstdout[2m | .storybook/docs/QuickTour-Instructor.stories.tsx[2m > [22m[2m1. Units Library
[22m[39m[FilesContext] Initializing vector store from IndexedDB
[90mstdout[2m | .storybook/docs/QuickTour-Instructor.stories.tsx[2m > [22m[2m1. Units Library
[22m[39m[FilesContext] fetchFiles called
[90mstdout[2m | .storybook/docs/QuickTour-Instructor.stories.tsx[2m > [22m[2m1. Units Library
[22m[39m[FilesContext] User authenticated: teacher-1
[90mstdout[2m | .storybook/docs/QuickTour-Instructor.stories.tsx[2m > [22m[2m1. Units Library
[22m[39m[FilesContext] Identity ID: identity-teacher-1
[90mstdout[2m | .storybook/docs/QuickTour-Instructor.stories.tsx[2m > [22m[2m1. Units Library
[22m[39m[FilesContext] About to set up File observeQuery
[90mstdout[2m | .storybook/docs/QuickTour-Instructor.stories.tsx[2m > [22m[2m1. Units Library
[22m[39m[TranslationModeController] Setting mode to: off
[90mstdout[2m | .storybook/docs/QuickTour-Instructor.stories.tsx[2m > [22m[2m1. Units Library
[22m[39m[FilesContext] Initializing vector store from IndexedDB
[90mstdout[2m | .storybook/docs/QuickTour-Instructor.stories.tsx[2m > [22m[2m1. Units Library
[22m[39m[FilesContext] fetchFiles called
[90mstdout[2m | .storybook/docs/QuickTour-Instructor.stories.tsx[2m > [22m[2m1. Units Library
[22m[39m[FilesContext] User authenticated: teacher-1
[90mstdout[2m | .storybook/docs/QuickTour-Instructor.stories.tsx[2m > [22m[2m1. Units Library
[22m[39m[FilesContext] Identity ID: identity-teacher-1
[90mstdout[2m | .storybook/docs/QuickTour-Instructor.stories.tsx[2m > [22m[2m1. Units Library
[22m[39m[FilesContext] About to set up File observeQuery
[90mstdout[2m | .storybook/docs/QuickTour-Instructor.stories.tsx[2m > [22m[2m1. Units Library
[22m[39m[ChatContext] Setting up AssistantChat observeQuery
[90mstdout[2m | .storybook/docs/QuickTour-Instructor.stories.tsx[2m > [22m[2m1. Units Library
[22m[39m[ChatContext] Waiting for subscription to initialize
[90mstdout[2m | .storybook/docs/QuickTour-Instructor.stories.tsx[2m > [22m[2m1. Units Library
[22m[39m[SettingsContext] Setting up Settings subscription for user: teacher-1
[90mstdout[2m | .storybook/docs/QuickTour-Instructor.stories.tsx[2m > [22m[2m1. Units Library
[22m[39m[Mock Data] Settings created: mock-settings-1790416165544 - notified 0 subscribers
[90mstdout[2m | .storybook/docs/QuickTour-Instructor.stories.tsx[2m > [22m[2m1. Units Library
[22m[39m[Units] Unit observeQuery update: 4 units
[90mstdout[2m | .storybook/docs/QuickTour-Instructor.stories.tsx[2m > [22m[2m1. Units Library
[22m[39m[FilesContext] File observeQuery update: 0 files
[90mstdout[2m | .storybook/docs/QuickTour-Instructor.stories.tsx[2m > [22m[2m1. Units Library
[22m[39m[FilesContext] File observeQuery update: 0 files
[90mstdout[2m | .storybook/docs/QuickTour-Instructor.stories.tsx[2m > [22m[2m1. Units Library
[22m[39m[ChatContext] AssistantChat initialized with 0 chats
[90mstdout[2m | .storybook/docs/QuickTour-Instructor.stories.tsx[2m > [22m[2m1. Units Library
[22m[39m[MOCK CourseVectorStore] Initialized with mock data
[90mstdout[2m | .storybook/docs/QuickTour-Instructor.stories.tsx[2m > [22m[2m1. Units Library
[22m[39m[MOCK CourseVectorStore] Initialized with mock data
[90mstdout[2m | .storybook/docs/QuickTour-Instructor.stories.tsx[2m > [22m[2m1. Units Library
[22m[39m[ChatContext] No current chat available, will create one
[90mstdout[2m | .storybook/docs/QuickTour-Instructor.stories.tsx[2m > [22m[2m1. Units Library
[22m[39m[ChatContext] Creating AssistantChat with user: undefined
[90mstdout[2m | .storybook/docs/QuickTour-Instructor.stories.tsx[2m > [22m[2m1. Units Library
[22m[39m[Mock Data] AssistantChat created: mock-assistantchat-1790416165601 - notified 1 subscribers
[90mstdout[2m | .storybook/docs/QuickTour-Instructor.stories.tsx[2m > [22m[2m1. Units Library
[22m[39m[ChatContext] Create result: {
  "data": {
    "_version": 1,
    "archived": false,
    "chatFiles": [Function anonymous],
    "createdAt": "2026-09-26T09:49:25.601Z",
    "id": "mock-assistantchat-1790416165601",
    "model": "gpt-4",
    "updatedAt": "2026-09-26T09:49:25.601Z",
  },
  "errors": [],
  "hasData": true,
  "hasErrors": true,
}
[90mstdout[2m | .storybook/docs/QuickTour-Instructor.stories.tsx[2m > [22m[2m1. Units Library
[22m[39m[ChatContext] Created AssistantChat: mock-assistantchat-1790416165601 at: 2026-09-26T09:49:25.601Z
[90mstdout[2m | .storybook/docs/QuickTour-Instructor.stories.tsx[2m > [22m[2m1. Units Library
[22m[39m[Mock Storage] downloadData called with: undefined
[90mstdout[2m | .storybook/docs/QuickTour-Instructor.stories.tsx[2m > [22m[2m1. Units Library
[22m[39m[ChatContext] Setting initial chat: mock-assistantchat-1790416165601
[90mstdout[2m | .storybook/docs/QuickTour-Instructor.stories.tsx[2m > [22m[2m1. Units Library
[22m[39m[ChatContext] Chat exists and not archived, skipping creation
[90mstdout[2m | .storybook/docs/QuickTour-Instructor.stories.tsx[2m > [22m[2m1. Units Library
[22m[39m[Mock Storage] downloadData called with: undefined
[90mstdout[2m | .storybook/docs/QuickTour-Instructor.stories.tsx[2m > [22m[2m1. Units Library
[22m[39mMock Cache.getItem called with: getCachedUrl_/story-mocks/piano-10046998_1280.jpg
[90mstdout[2m | .storybook/docs/QuickTour-Instructor.stories.tsx[2m > [22m[2m1. Units Library
[22m[39mMock Cache.getItem called with: getCachedUrl_/story-mocks/animals-10008941_1280.jpg
[90mstdout[2m | .storybook/docs/QuickTour-Instructor.stories.tsx[2m > [22m[2m1. Units Library
[22m[39mMock Cache.getItem called with: getCachedUrl_/story-mocks/namibia-9992336_1280.jpg
[90mstdout[2m | .storybook/docs/QuickTour-Instructor.stories.tsx[2m > [22m[2m1. Units Library
[22m[39mMock Cache.getItem called with: getCachedUrl_/story-mocks/320px-Test_sign.jpg
[90mstdout[2m | .storybook/docs/QuickTour-Instructor.stories.tsx[2m > [22m[2m1. Units Library
[22m[39mMock getUrl called with: /story-mocks/piano-10046998_1280.jpg
[90mstdout[2m | .storybook/docs/QuickTour-Instructor.stories.tsx[2m > [22m[2m1. Units Library
[22m[39mMock getUrl called with: /story-mocks/animals-10008941_1280.jpg
[90mstdout[2m | .storybook/docs/QuickTour-Instructor.stories.tsx[2m > [22m[2m1. Units Library
[22m[39mMock getUrl called with: /story-mocks/namibia-9992336_1280.jpg
[90mstdout[2m | .storybook/docs/QuickTour-Instructor.stories.tsx[2m > [22m[2m1. Units Library
[22m[39mMock getUrl called with: /story-mocks/320px-Test_sign.jpg
[90mstdout[2m | .storybook/docs/QuickTour-Instructor.stories.tsx[2m > [22m[2m1. Units Library
[22m[39mMock Cache.setItem called with: getCachedUrl_/story-mocks/piano-10046998_1280.jpg /story-mocks/piano-10046998_1280.jpg
[90mstdout[2m | .storybook/docs/QuickTour-Instructor.stories.tsx[2m > [22m[2m1. Units Library
[22m[39mMock Cache.setItem called with: getCachedUrl_/story-mocks/animals-10008941_1280.jpg /story-mocks/animals-10008941_1280.jpg
[90mstdout[2m | .storybook/docs/QuickTour-Instructor.stories.tsx[2m > [22m[2m1. Units Library
[22m[39mMock Cache.setItem called with: getCachedUrl_/story-mocks/namibia-9992336_1280.jpg /story-mocks/namibia-9992336_1280.jpg
[90mstdout[2m | .storybook/docs/QuickTour-Instructor.stories.tsx[2m > [22m[2m1. Units Library
[22m[39mMock Cache.setItem called with: getCachedUrl_/story-mocks/320px-Test_sign.jpg /story-mocks/320px-Test_sign.jpg
[90mstdout[2m | .storybook/docs/QuickTour-Instructor.stories.tsx[2m > [22m[2m2. Unit Editor
[22m[39m[ChatContext] Cleaning up subscriptions
[90mstdout[2m | .storybook/docs/QuickTour-Instructor.stories.tsx[2m > [22m[2m2. Unit Editor
[22m[39m[useChatPageContext] Cleaning up page context
[90mstdout[2m | .storybook/docs/QuickTour-Instructor.stories.tsx[2m > [22m[2m2. Unit Editor
[22m[39m[Preview] Skipped clearing mock data (clearMockData=false)
[90mstdout[2m | .storybook/docs/QuickTour-Instructor.stories.tsx[2m > [22m[2m2. Unit Editor
[22m[39m[Preview] Skipped initializing default mock data (initializeMockData=false)
[90mstdout[2m | .storybook/docs/QuickTour-Instructor.stories.tsx[2m > [22m[2m2. Unit Editor
[22m[39m[Mock Auth] setMockUser: {
  "attributes": {
    "email": "teacher@example.com",
    "sub": "teacher-1",
  },
  "groups": [
    "Instructors",
  ],
  "username": "teacher-1",
}
[90mstdout[2m | .storybook/docs/QuickTour-Instructor.stories.tsx[2m > [22m[2m2. Unit Editor
[22m[39m[Mock Data] seedMockUnit: Adding unit unit-japanese-1
[90mstdout[2m | .storybook/docs/QuickTour-Instructor.stories.tsx[2m > [22m[2m2. Unit Editor
[22m[39m[Mock Data] seedMockUnit: Adding unit unit-japanese-2
[90mstdout[2m | .storybook/docs/QuickTour-Instructor.stories.tsx[2m > [22m[2m2. Unit Editor
[22m[39m[Mock Data] seedMockUnit: Adding unit unit-japanese-3
[90mstdout[2m | .storybook/docs/QuickTour-Instructor.stories.tsx[2m > [22m[2m2. Unit Editor
[22m[39m[Mock Data] seedMockUnit: Adding unit unit-kanji-basics
[90mstdout[2m | .storybook/docs/QuickTour-Instructor.stories.tsx[2m > [22m[2m2. Unit Editor
[22m[39m[Mock Data] seedMockSections: Adding 1 sections
[90mstdout[2m | .storybook/docs/QuickTour-Instructor.stories.tsx[2m > [22m[2m2. Unit Editor
[22m[39m[Mock Data] Seeding section: section-jpn-101 with owner: teacher-1
[90mstdout[2m | .storybook/docs/QuickTour-Instructor.stories.tsx[2m > [22m[2m2. Unit Editor
[22m[39m[Mock Data] Total sections in store: 1
[90mstdout[2m | .storybook/docs/QuickTour-Instructor.stories.tsx[2m > [22m[2m2. Unit Editor
[22m[39m[Mock Data] Sections in store: [
  {
    "id": "section-jpn-101",
    "name": "Japanese 101 - Spring 2024",
    "owner": "teacher-1",
  },
]
[90mstdout[2m | .storybook/docs/QuickTour-Instructor.stories.tsx[2m > [22m[2m2. Unit Editor
[22m[39m[Mock Data] No active Section subscriptions to notify yet
[90mstdout[2m | .storybook/docs/QuickTour-Instructor.stories.tsx[2m > [22m[2m2. Unit Editor
[22m[39m[Mock Data] seedMockAssignments: Adding 5 assignments
[90mstdout[2m | .storybook/docs/QuickTour-Instructor.stories.tsx[2m > [22m[2m2. Unit Editor
[22m[39m[Mock Data] Total assignments in store: 5
[90mstdout[2m | .storybook/docs/QuickTour-Instructor.stories.tsx[2m > [22m[2m2. Unit Editor
[22m[39m[Mock Data] Seeded grade: grade-alice-1 for unit: unit-japanese-1
[90mstdout[2m | .storybook/docs/QuickTour-Instructor.stories.tsx[2m > [22m[2m2. Unit Editor
[22m[39m[Mock Data] Grade has data: true
[90mstdout[2m | .storybook/docs/QuickTour-Instructor.stories.tsx[2m > [22m[2m2. Unit Editor
[22m[39m[Mock Data] Total grades in store: 1
[90mstdout[2m | .storybook/docs/QuickTour-Instructor.stories.tsx[2m > [22m[2m2. Unit Editor
[22m[39m[Mock Data] Seeded grade: grade-alice-1-attempt2 for unit: unit-japanese-1
[90mstdout[2m | .storybook/docs/QuickTour-Instructor.stories.tsx[2m > [22m[2m2. Unit Editor
[22m[39m[Mock Data] Grade has data: true
[90mstdout[2m | .storybook/docs/QuickTour-Instructor.stories.tsx[2m > [22m[2m2. Unit Editor
[22m[39m[Mock Data] Total grades in store: 2
[90mstdout[2m | .storybook/docs/QuickTour-Instructor.stories.tsx[2m > [22m[2m2. Unit Editor
[22m[39m[Mock Data] Seeded grade: grade-alice-2 for unit: unit-japanese-2
[90mstdout[2m | .storybook/docs/QuickTour-Instructor.stories.tsx[2m > [22m[2m2. Unit Editor
[22m[39m[Mock Data] Grade has data: true
[90mstdout[2m | .storybook/docs/QuickTour-Instructor.stories.tsx[2m > [22m[2m2. Unit Editor
[22m[39m[Mock Data] Total grades in store: 3
[90mstdout[2m | .storybook/docs/QuickTour-Instructor.stories.tsx[2m > [22m[2m2. Unit Editor
[22m[39m[Mock Data] Seeded grade: grade-bob-1 for unit: unit-japanese-1
[90mstdout[2m | .storybook/docs/QuickTour-Instructor.stories.tsx[2m > [22m[2m2. Unit Editor
[22m[39m[Mock Data] Grade has data: true
[90mstdout[2m | .storybook/docs/QuickTour-Instructor.stories.tsx[2m > [22m[2m2. Unit Editor
[22m[39m[Mock Data] Total grades in store: 4
[90mstdout[2m | .storybook/docs/QuickTour-Instructor.stories.tsx[2m > [22m[2m2. Unit Editor
[22m[39m[Mock Data] Seeded grade: grade-bob-2 for unit: unit-japanese-2
[90mstdout[2m | .storybook/docs/QuickTour-Instructor.stories.tsx[2m > [22m[2m2. Unit Editor
[22m[39m[Mock Data] Grade has data: true
[90mstdout[2m | .storybook/docs/QuickTour-Instructor.stories.tsx[2m > [22m[2m2. Unit Editor
[22m[39m[Mock Data] Total grades in store: 5
[90mstdout[2m | .storybook/docs/QuickTour-Instructor.stories.tsx[2m > [22m[2m2. Unit Editor
[22m[39m[Mock Data] Seeded grade: grade-carol-1 for unit: unit-japanese-1
[90mstdout[2m | .storybook/docs/QuickTour-Instructor.stories.tsx[2m > [22m[2m2. Unit Editor
[22m[39m[Mock Data] Grade has data: true
[90mstdout[2m | .storybook/docs/QuickTour-Instructor.stories.tsx[2m > [22m[2m2. Unit Editor
[22m[39m[Mock Data] Total grades in store: 6
[90mstdout[2m | .storybook/docs/QuickTour-Instructor.stories.tsx[2m > [22m[2m2. Unit Editor
[22m[39m[Mock Data] Seeded grade: grade-carol-2 for unit: unit-japanese-2
[90mstdout[2m | .storybook/docs/QuickTour-Instructor.stories.tsx[2m > [22m[2m2. Unit Editor
[22m[39m[Mock Data] Grade has data: true
[90mstdout[2m | .storybook/docs/QuickTour-Instructor.stories.tsx[2m > [22m[2m2. Unit Editor
[22m[39m[Mock Data] Total grades in store: 7
[90mstdout[2m | .storybook/docs/QuickTour-Instructor.stories.tsx[2m > [22m[2m2. Unit Editor
[22m[39m[Mock Data] Seeded grade: grade-dave-1 for unit: unit-japanese-1
[90mstdout[2m | .storybook/docs/QuickTour-Instructor.stories.tsx[2m > [22m[2m2. Unit Editor
[22m[39m[Mock Data] Grade has data: true
[90mstdout[2m | .storybook/docs/QuickTour-Instructor.stories.tsx[2m > [22m[2m2. Unit Editor
[22m[39m[Mock Data] Total grades in store: 8
[90mstdout[2m | .storybook/docs/QuickTour-Instructor.stories.tsx[2m > [22m[2m2. Unit Editor
[22m[39m[Mock Data] Seeded grade: grade-dave-2 for unit: unit-japanese-2
[90mstdout[2m | .storybook/docs/QuickTour-Instructor.stories.tsx[2m > [22m[2m2. Unit Editor
[22m[39m[Mock Data] Grade has data: true
[90mstdout[2m | .storybook/docs/QuickTour-Instructor.stories.tsx[2m > [22m[2m2. Unit Editor
[22m[39m[Mock Data] Total grades in store: 9
[90mstdout[2m | .storybook/docs/QuickTour-Instructor.stories.tsx[2m > [22m[2m2. Unit Editor
[22m[39m[Mock Data] Seeded grade: grade-eve-1 for unit: unit-japanese-1
[90mstdout[2m | .storybook/docs/QuickTour-Instructor.stories.tsx[2m > [22m[2m2. Unit Editor
[22m[39m[Mock Data] Grade has data: true
[90mstdout[2m | .storybook/docs/QuickTour-Instructor.stories.tsx[2m > [22m[2m2. Unit Editor
[22m[39m[Mock Data] Total grades in store: 10
[90mstdout[2m | .storybook/docs/QuickTour-Instructor.stories.tsx[2m > [22m[2m2. Unit Editor
[22m[39m[Mock Data] Seeded grade: grade-eve-2 for unit: unit-japanese-2
[90mstdout[2m | .storybook/docs/QuickTour-Instructor.stories.tsx[2m > [22m[2m2. Unit Editor
[22m[39m[Mock Data] Grade has data: true
[90mstdout[2m | .storybook/docs/QuickTour-Instructor.stories.tsx[2m > [22m[2m2. Unit Editor
[22m[39m[Mock Data] Total grades in store: 11
[90mstdout[2m | .storybook/docs/QuickTour-Instructor.stories.tsx[2m > [22m[2m2. Unit Editor
[22m[39m[Mock Data] Seeded grade: grade-frank-1 for unit: unit-japanese-1
[90mstdout[2m | .storybook/docs/QuickTour-Instructor.stories.tsx[2m > [22m[2m2. Unit Editor
[22m[39m[Mock Data] Grade has data: true
[90mstdout[2m | .storybook/docs/QuickTour-Instructor.stories.tsx[2m > [22m[2m2. Unit Editor
[22m[39m[Mock Data] Total grades in store: 12
[90mstdout[2m | .storybook/docs/QuickTour-Instructor.stories.tsx[2m > [22m[2m2. Unit Editor
[22m[39m[Mock Data] Seeded grade: grade-frank-2 for unit: unit-japanese-3
[90mstdout[2m | .storybook/docs/QuickTour-Instructor.stories.tsx[2m > [22m[2m2. Unit Editor
[22m[39m[Mock Data] Grade has data: true
[90mstdout[2m | .storybook/docs/QuickTour-Instructor.stories.tsx[2m > [22m[2m2. Unit Editor
[22m[39m[Mock Data] Total grades in store: 13
[90mstdout[2m | .storybook/docs/QuickTour-Instructor.stories.tsx[2m > [22m[2m2. Unit Editor
[22m[39m[Mock Data] seedMockStudentProfiles: Adding 6 student profiles
[90mstdout[2m | .storybook/docs/QuickTour-Instructor.stories.tsx[2m > [22m[2m2. Unit Editor
[22m[39m[Mock Data] seedMockHomeworkRooms: Adding 2 homework rooms
[90mstdout[2m | .storybook/docs/QuickTour-Instructor.stories.tsx[2m > [22m[2m2. Unit Editor
[22m[39m[IndexPageData] Seeded instructor dashboard with {
  "assignments": 5,
  "grades": 13,
  "sections": 1,
  "units": 4,
}
[90mstdout[2m | .storybook/docs/QuickTour-Instructor.stories.tsx[2m > [22m[2m2. Unit Editor
[22m[39m[MOCK CourseVectorStore] Initialized with mock data
[90mstdout[2m | .storybook/docs/QuickTour-Instructor.stories.tsx[2m > [22m[2m2. Unit Editor
[22m[39m[MOCK CourseVectorStore] Initialized with mock data
[90mstdout[2m | .storybook/docs/QuickTour-Instructor.stories.tsx[2m > [22m[2m2. Unit Editor
[22m[39m[MOCK CourseVectorStore] Initialized with mock data
[90mstdout[2m | .storybook/docs/QuickTour-Instructor.stories.tsx[2m > [22m[2m2. Unit Editor
[22m[39m[UnitContext] useEffect triggered {
  "authLoading": false,
  "hasUser": true,
  "id": "unit-japanese-1",
  "userSub": "teacher-1",
}
[90mstdout[2m | .storybook/docs/QuickTour-Instructor.stories.tsx[2m > [22m[2m2. Unit Editor
[22m[39m[UnitContext] Fetching unit data for id: unit-japanese-1
[90mstdout[2m | .storybook/docs/QuickTour-Instructor.stories.tsx[2m > [22m[2m2. Unit Editor
[22m[39m[FilesContext] Initializing vector store from IndexedDB
[90mstdout[2m | .storybook/docs/QuickTour-Instructor.stories.tsx[2m > [22m[2m2. Unit Editor
[22m[39m[FilesContext] fetchFiles called
[90mstdout[2m | .storybook/docs/QuickTour-Instructor.stories.tsx[2m > [22m[2m2. Unit Editor
[22m[39m[FilesContext] User authenticated: teacher-1
[90mstdout[2m | .storybook/docs/QuickTour-Instructor.stories.tsx[2m > [22m[2m2. Unit Editor
[22m[39m[FilesContext] Identity ID: identity-teacher-1
[90mstdout[2m | .storybook/docs/QuickTour-Instructor.stories.tsx[2m > [22m[2m2. Unit Editor
[22m[39m[FilesContext] About to set up File observeQuery
[90mstdout[2m | .storybook/docs/QuickTour-Instructor.stories.tsx[2m > [22m[2m2. Unit Editor
[22m[39m[FilesContext] Initializing vector store from IndexedDB
[90mstdout[2m | .storybook/docs/QuickTour-Instructor.stories.tsx[2m > [22m[2m2. Unit Editor
[22m[39m[FilesContext] fetchFiles called
[90mstdout[2m | .storybook/docs/QuickTour-Instructor.stories.tsx[2m > [22m[2m2. Unit Editor
[22m[39m[FilesContext] User authenticated: teacher-1
[90mstdout[2m | .storybook/docs/QuickTour-Instructor.stories.tsx[2m > [22m[2m2. Unit Editor
[22m[39m[FilesContext] Identity ID: identity-teacher-1
[90mstdout[2m | .storybook/docs/QuickTour-Instructor.stories.tsx[2m > [22m[2m2. Unit Editor
[22m[39m[FilesContext] About to set up File observeQuery
[90mstdout[2m | .storybook/docs/QuickTour-Instructor.stories.tsx[2m > [22m[2m2. Unit Editor
[22m[39m[TranslationModeController] Setting mode to: off
[90mstdout[2m | .storybook/docs/QuickTour-Instructor.stories.tsx[2m > [22m[2m2. Unit Editor
[22m[39m[FilesContext] Initializing vector store from IndexedDB
[90mstdout[2m | .storybook/docs/QuickTour-Instructor.stories.tsx[2m > [22m[2m2. Unit Editor
[22m[39m[FilesContext] fetchFiles called
[90mstdout[2m | .storybook/docs/QuickTour-Instructor.stories.tsx[2m > [22m[2m2. Unit Editor
[22m[39m[FilesContext] User authenticated: teacher-1
[90mstdout[2m | .storybook/docs/QuickTour-Instructor.stories.tsx[2m > [22m[2m2. Unit Editor
[22m[39m[FilesContext] Identity ID: identity-teacher-1
[90mstdout[2m | .storybook/docs/QuickTour-Instructor.stories.tsx[2m > [22m[2m2. Unit Editor
[22m[39m[FilesContext] About to set up File observeQuery
[90mstdout[2m | .storybook/docs/QuickTour-Instructor.stories.tsx[2m > [22m[2m2. Unit Editor
[22m[39m[ChatContext] Setting up AssistantChat observeQuery
[90mstdout[2m | .storybook/docs/QuickTour-Instructor.stories.tsx[2m > [22m[2m2. Unit Editor
[22m[39m[ChatContext] Waiting for subscription to initialize
[90mstdout[2m | .storybook/docs/QuickTour-Instructor.stories.tsx[2m > [22m[2m2. Unit Editor
[22m[39m[SettingsContext] Setting up Settings subscription for user: teacher-1
[90mstdout[2m | .storybook/docs/QuickTour-Instructor.stories.tsx[2m > [22m[2m2. Unit Editor
[22m[39m[MOCK CourseVectorStore] Initialized with mock data
[90mstdout[2m | .storybook/docs/QuickTour-Instructor.stories.tsx[2m > [22m[2m2. Unit Editor
[22m[39m[Mock Data] Settings created: mock-settings-1790416167365 - notified 0 subscribers
[90mstdout[2m | .storybook/docs/QuickTour-Instructor.stories.tsx[2m > [22m[2m2. Unit Editor
[22m[39m[Mock Data] Unit.onUpdate() subscription added. Total: 1
[90mstdout[2m | .storybook/docs/QuickTour-Instructor.stories.tsx[2m > [22m[2m2. Unit Editor
[22m[39m[useTabState] Initialized with: {
  "leftOpen": false,
  "leftTab": 4,
  "leftWidth": 350,
  "rightOpen": false,
  "rightTab": 5,
  "rightWidth": 350,
} from URL: {} localStorage: null defaults: {
  "defaultLeftTab": 4,
  "defaultRightTab": 5,
}
[90mstdout[2m | .storybook/docs/QuickTour-Instructor.stories.tsx[2m > [22m[2m2. Unit Editor
[22m[39m[FileManager2] Files received from context: 0 []
[90mstdout[2m | .storybook/docs/QuickTour-Instructor.stories.tsx[2m > [22m[2m2. Unit Editor
[22m[39m[FileManager2] Upload useEffect triggered. filesToUpload: 0 uploadInProgress: false
[90mstdout[2m | .storybook/docs/QuickTour-Instructor.stories.tsx[2m > [22m[2m2. Unit Editor
[22m[39m[FileManager2] Skipping upload - no files or already in progress
[90mstdout[2m | .storybook/docs/QuickTour-Instructor.stories.tsx[2m > [22m[2m2. Unit Editor
[22m[39m[chatTools] Vector store search function registered: true
[90mstdout[2m | .storybook/docs/QuickTour-Instructor.stories.tsx[2m > [22m[2m2. Unit Editor
[22m[39m[ChatSidebar] Registered vector store search, isReady: false
[90mstdout[2m | .storybook/docs/QuickTour-Instructor.stories.tsx[2m > [22m[2m2. Unit Editor
[22m[39m[chatTools] Practice drill callback registered: true
[90mstdout[2m | .storybook/docs/QuickTour-Instructor.stories.tsx[2m > [22m[2m2. Unit Editor
[22m[39m[useChatPageContext] Registering page context: {
  "dictionaryCount": 0,
  "filesCount": 0,
  "hasEditorRef": true,
  "hasUnit": true,
  "hasVectorStoreSearch": true,
  "questionsCount": 0,
  "sectionsCount": 0,
}
[90mstdout[2m | .storybook/docs/QuickTour-Instructor.stories.tsx[2m > [22m[2m2. Unit Editor
[22m[39m[Mock] CollaborationPlugin rendered with props: {
  "color": "#10b981",
  "cursorsContainerRef": {
    "current": <div
      class="jsx-9364b876b91d91fe collaboration-cursors-container"
      style="position: relative;"
    >
      <div
        aria-label="Edit"
        autocapitalize="off"
        class="editor"
        contenteditable="true"
        data-lexical-editor="true"
        data-tour="editor"
        dir="ltr"
        role="textbox"
        spellcheck="true"
        style="max-width: 100%; outline: none; min-height: 100%; padding: 1rem 2rem 1rem 0.5rem; user-select: text; white-space: pre-wrap; word-break: break-word;"
      >
        <h1
          class="LanguageEditorTheme__h1"
          dir="ltr"
        >
          <span
            data-lexical-text="true"
          >
            Japanese Greetings
          </span>
        </h1>
      </div>
    </div>,
  },
  "provider": YjsDocProvider {
    "awareness": Awareness {
      "_checkInterval": 157,
      "_observers": Map {},
      "clientID": 2696045272,
      "doc": {
        "editorContent": "",
        "metadata": {},
      },
      "meta": Map {
        2696045272 => {
          "clock": 0,
          "lastUpdated": 1790416167475,
        },
      },
      "states": Map {
        2696045272 => {},
      },
    },
    "config": {
      "connect": true,
      "docName": "unit-unit-japanese-1",
      "maxBackoffTime": 30000,
      "persistence": true,
      "resyncInterval": 5000,
      "wsUrl": "wss://j5eyo7cpia.execute-api.us-east-1.amazonaws.com/live",
    },
    "defaultConfig": {
      "connect": true,
      "maxBackoffTime": 30000,
      "persistence": true,
      "resyncInterval": 5000,
      "wsUrl": "wss://j5eyo7cpia.execute-api.us-east-1.amazonaws.com/live",
    },
    "docName": "unit-unit-japanese-1",
    "hasLoggedConnectionError": false,
    "indexeddb": IndexeddbPersistence {
      "_db": Promise {},
      "_dbref": 0,
      "_dbsize": 0,
      "_destroyed": false,
      "_observers": Map {
        "synced" => Set {
          [Function anonymous],
        },
      },
      "_storeTimeout": 1000,
      "_storeTimeoutId": null,
      "_storeUpdate": [Function anonymous],
      "db": null,
      "destroy": [Function bound destroy],
      "doc": {
        "editorContent": "",
        "metadata": {},
      },
      "name": "unit-unit-japanese-1",
      "synced": false,
      "whenSynced": Promise {},
    },
    "lastStatusLog": "",
    "listeners": Map {
      "doc-reset" => Set {
        [Function handleDocReset],
      },
    },
    "resetCount": 0,
    "wsProvider": WebsocketProvider {
      "_listeners": {
        "connection-close": [
          [Function anonymous],
        ],
        "connection-error": [
          [Function anonymous],
        ],
        "status": [
          [Function anonymous],
          [Function handleStatus],
        ],
        "sync": [
          [Function anonymous],
          [Function handleSync],
        ],
      },
      "awareness": Awareness {
        "_checkInterval": 157,
        "_observers": Map {},
        "clientID": 2696045272,
        "doc": {
          "editorContent": "",
          "metadata": {},
        },
        "meta": Map {
          2696045272 => {
            "clock": 0,
            "lastUpdated": 1790416167475,
          },
        },
        "states": Map {
          2696045272 => {},
        },
      },
      "doc": {
        "editorContent": "",
        "metadata": {},
      },
      "roomname": "unit-unit-japanese-1",
      "synced": false,
      "wsconnected": false,
    },
    "ydoc": {
      "editorContent": "",
      "metadata": {},
    },
  },
  "username": "teacher-1",
}
[90mstdout[2m | .storybook/docs/QuickTour-Instructor.stories.tsx[2m > [22m[2m2. Unit Editor
[22m[39m[useChatPageContext] Cleaning up page context
[90mstdout[2m | .storybook/docs/QuickTour-Instructor.stories.tsx[2m > [22m[2m2. Unit Editor
[22m[39m[useChatPageContext] Registering page context: {
  "dictionaryCount": 0,
  "filesCount": 0,
  "hasEditorRef": true,
  "hasUnit": true,
  "hasVectorStoreSearch": true,
  "questionsCount": 0,
  "sectionsCount": 0,
}
[90mstdout[2m | .storybook/docs/QuickTour-Instructor.stories.tsx[2m > [22m[2m2. Unit Editor
[22m[39m[Mock] CollaborationPlugin rendered with props: {
  "color": "#10b981",
  "cursorsContainerRef": {
    "current": <div
      class="jsx-9364b876b91d91fe collaboration-cursors-container"
      style="position: relative;"
    >
      <div
        aria-label="Edit"
        autocapitalize="off"
        class="editor"
        contenteditable="true"
        data-lexical-editor="true"
        data-tour="editor"
        dir="ltr"
        role="textbox"
        spellcheck="true"
        style="max-width: 100%; outline: none; min-height: 100%; padding: 1rem 2rem 1rem 0.5rem; user-select: text; white-space: pre-wrap; word-break: break-word;"
      >
        <h1
          class="LanguageEditorTheme__h1"
          dir="ltr"
        >
          <span
            data-lexical-text="true"
          >
            Japanese Greetings
          </span>
        </h1>
      </div>
    </div>,
  },
  "provider": YjsDocProvider {
    "awareness": Awareness {
      "_checkInterval": 157,
      "_observers": Map {},
      "clientID": 2696045272,
      "doc": {
        "editorContent": "",
        "metadata": {},
      },
      "meta": Map {
        2696045272 => {
          "clock": 0,
          "lastUpdated": 1790416167475,
        },
      },
      "states": Map {
        2696045272 => {},
      },
    },
    "config": {
      "connect": true,
      "docName": "unit-unit-japanese-1",
      "maxBackoffTime": 30000,
      "persistence": true,
      "resyncInterval": 5000,
      "wsUrl": "wss://j5eyo7cpia.execute-api.us-east-1.amazonaws.com/live",
    },
    "defaultConfig": {
      "connect": true,
      "maxBackoffTime": 30000,
      "persistence": true,
      "resyncInterval": 5000,
      "wsUrl": "wss://j5eyo7cpia.execute-api.us-east-1.amazonaws.com/live",
    },
    "docName": "unit-unit-japanese-1",
    "hasLoggedConnectionError": false,
    "indexeddb": IndexeddbPersistence {
      "_db": Promise {},
      "_dbref": 0,
      "_dbsize": 0,
      "_destroyed": false,
      "_observers": Map {
        "synced" => Set {
          [Function anonymous],
        },
      },
      "_storeTimeout": 1000,
      "_storeTimeoutId": null,
      "_storeUpdate": [Function anonymous],
      "db": null,
      "destroy": [Function bound destroy],
      "doc": {
        "editorContent": "",
        "metadata": {},
      },
      "name": "unit-unit-japanese-1",
      "synced": false,
      "whenSynced": Promise {},
    },
    "lastStatusLog": "",
    "listeners": Map {
      "doc-reset" => Set {
        [Function handleDocReset],
      },
    },
    "resetCount": 0,
    "wsProvider": WebsocketProvider {
      "_listeners": {
        "connection-close": [
          [Function anonymous],
        ],
        "connection-error": [
          [Function anonymous],
        ],
        "status": [
          [Function anonymous],
          [Function handleStatus],
        ],
        "sync": [
          [Function anonymous],
          [Function handleSync],
        ],
      },
      "awareness": Awareness {
        "_checkInterval": 157,
        "_observers": Map {},
        "clientID": 2696045272,
        "doc": {
          "editorContent": "",
          "metadata": {},
        },
        "meta": Map {
          2696045272 => {
            "clock": 0,
            "lastUpdated": 1790416167475,
          },
        },
        "states": Map {
          2696045272 => {},
        },
      },
      "doc": {
        "editorContent": "",
        "metadata": {},
      },
      "roomname": "unit-unit-japanese-1",
      "synced": false,
      "wsconnected": false,
    },
    "ydoc": {
      "editorContent": "",
      "metadata": {},
    },
  },
  "username": "teacher-1",
}
[90mstdout[2m | .storybook/docs/QuickTour-Instructor.stories.tsx[2m > [22m[2m2. Unit Editor
[22m[39m[Editor onChange] State changed, saving
[90mstdout[2m | .storybook/docs/QuickTour-Instructor.stories.tsx[2m > [22m[2m2. Unit Editor
[22m[39m[SectionContext] Section observeQuery update: 1
[90mstdout[2m | .storybook/docs/QuickTour-Instructor.stories.tsx[2m > [22m[2m2. Unit Editor
[22m[39m[FilesContext] File observeQuery update: 0 files
[90mstdout[2m | .storybook/docs/QuickTour-Instructor.stories.tsx[2m > [22m[2m2. Unit Editor
[22m[39m[FilesContext] File observeQuery update: 0 files
[90mstdout[2m | .storybook/docs/QuickTour-Instructor.stories.tsx[2m > [22m[2m2. Unit Editor
[22m[39m[YjsProvider] unit-unit-japanese-1 connection status: connected
[90mstdout[2m | .storybook/docs/QuickTour-Instructor.stories.tsx[2m > [22m[2m2. Unit Editor
[22m[39m[YjsProvider] unit-unit-japanese-1 synced with server
[90mstdout[2m | .storybook/docs/QuickTour-Instructor.stories.tsx[2m > [22m[2m2. Unit Editor
[22m[39m[MOCK CourseVectorStore] Initialized with mock data
[90mstdout[2m | .storybook/docs/QuickTour-Instructor.stories.tsx[2m > [22m[2m2. Unit Editor
[22m[39m[MOCK CourseVectorStore] Initialized with mock data
[90mstdout[2m | .storybook/docs/QuickTour-Instructor.stories.tsx[2m > [22m[2m2. Unit Editor
[22m[39m[Mock] CollaborationPlugin rendered with props: {
  "color": "#10b981",
  "cursorsContainerRef": {
    "current": <div
      class="jsx-9364b876b91d91fe collaboration-cursors-container"
      style="position: relative;"
    >
      <div
        aria-label="Edit"
        class="editor"
        contenteditable="true"
        data-lexical-editor="true"
        data-tour="editor"
        dir="ltr"
        role="textbox"
        spellcheck="true"
        style="max-width: 100%; outline: none; min-height: 100%; padding: 1rem 2rem 1rem 0.5rem; user-select: text; white-space: pre-wrap; word-break: break-word;"
      >
        <h1
          class="LanguageEditorTheme__h1"
          dir="ltr"
        >
          <span
            data-lexical-text="true"
          >
            Japanese Greetings
          </span>
        </h1>
      </div>
    </div>,
  },
  "provider": YjsDocProvider {
    "awareness": Awareness {
      "_checkInterval": 157,
      "_observers": Map {},
      "clientID": 2696045272,
      "doc": {
        "editorContent": "",
        "metadata": {},
      },
      "meta": Map {
        2696045272 => {
          "clock": 0,
          "lastUpdated": 1790416167475,
        },
      },
      "states": Map {
        2696045272 => {},
      },
    },
    "config": {
      "connect": true,
      "docName": "unit-unit-japanese-1",
      "maxBackoffTime": 30000,
      "persistence": true,
      "resyncInterval": 5000,
      "wsUrl": "wss://j5eyo7cpia.execute-api.us-east-1.amazonaws.com/live",
    },
    "defaultConfig": {
      "connect": true,
      "maxBackoffTime": 30000,
      "persistence": true,
      "resyncInterval": 5000,
      "wsUrl": "wss://j5eyo7cpia.execute-api.us-east-1.amazonaws.com/live",
    },
    "docName": "unit-unit-japanese-1",
    "hasLoggedConnectionError": false,
    "indexeddb": IndexeddbPersistence {
      "_db": Promise {},
      "_dbref": 0,
      "_dbsize": 0,
      "_destroyed": false,
      "_observers": Map {
        "synced" => Set {
          [Function anonymous],
        },
      },
      "_storeTimeout": 1000,
      "_storeTimeoutId": null,
      "_storeUpdate": [Function anonymous],
      "db": null,
      "destroy": [Function bound destroy],
      "doc": {
        "editorContent": "",
        "metadata": {},
      },
      "name": "unit-unit-japanese-1",
      "synced": false,
      "whenSynced": Promise {},
    },
    "lastStatusLog": "connected",
    "listeners": Map {
      "doc-reset" => Set {
        [Function handleDocReset],
      },
    },
    "resetCount": 0,
    "wsProvider": WebsocketProvider {
      "_listeners": {
        "connection-close": [
          [Function anonymous],
        ],
        "connection-error": [
          [Function anonymous],
        ],
        "status": [
          [Function anonymous],
          [Function handleStatus],
        ],
        "sync": [
          [Function anonymous],
          [Function handleSync],
        ],
      },
      "awareness": Awareness {
        "_checkInterval": 157,
        "_observers": Map {},
        "clientID": 2696045272,
        "doc": {
          "editorContent": "",
          "metadata": {},
        },
        "meta": Map {
          2696045272 => {
            "clock": 0,
            "lastUpdated": 1790416167475,
          },
        },
        "states": Map {
          2696045272 => {},
        },
      },
      "doc": {
        "editorContent": "",
        "metadata": {},
      },
      "roomname": "unit-unit-japanese-1",
      "synced": true,
      "wsconnected": true,
    },
    "ydoc": {
      "editorContent": "",
      "metadata": {},
    },
  },
  "username": "teacher-1",
}
[90mstdout[2m | .storybook/docs/QuickTour-Instructor.stories.tsx[2m > [22m[2m2. Unit Editor
[22m[39m[useChatPageContext] Cleaning up page context
[90mstdout[2m | .storybook/docs/QuickTour-Instructor.stories.tsx[2m > [22m[2m2. Unit Editor
[22m[39m[FileManager2] Files received from context: 0 []
[90mstdout[2m | .storybook/docs/QuickTour-Instructor.stories.tsx[2m > [22m[2m2. Unit Editor
[22m[39m[useChatPageContext] Registering page context: {
  "dictionaryCount": 0,
  "filesCount": 0,
  "hasEditorRef": true,
  "hasUnit": true,
  "hasVectorStoreSearch": true,
  "questionsCount": 0,
  "sectionsCount": 1,
}
[90mstdout[2m | .storybook/docs/QuickTour-Instructor.stories.tsx[2m > [22m[2m2. Unit Editor
[22m[39m[Mock] CollaborationPlugin rendered with props: {
  "color": "#10b981",
  "cursorsContainerRef": {
    "current": <div
      class="jsx-9364b876b91d91fe collaboration-cursors-container"
      style="position: relative;"
    >
      <div
        aria-label="Edit"
        class="editor"
        contenteditable="true"
        data-lexical-editor="true"
        data-tour="editor"
        dir="ltr"
        role="textbox"
        spellcheck="true"
        style="max-width: 100%; outline: none; min-height: 100%; padding: 1rem 2rem 1rem 0.5rem; user-select: text; white-space: pre-wrap; word-break: break-word;"
      >
        <h1
          class="LanguageEditorTheme__h1"
          dir="ltr"
        >
          <span
            data-lexical-text="true"
          >
            Japanese Greetings
          </span>
        </h1>
      </div>
    </div>,
  },
  "provider": YjsDocProvider {
    "awareness": Awareness {
      "_checkInterval": 157,
      "_observers": Map {},
      "clientID": 2696045272,
      "doc": {
        "editorContent": "",
        "metadata": {},
      },
      "meta": Map {
        2696045272 => {
          "clock": 0,
          "lastUpdated": 1790416167475,
        },
      },
      "states": Map {
        2696045272 => {},
      },
    },
    "config": {
      "connect": true,
      "docName": "unit-unit-japanese-1",
      "maxBackoffTime": 30000,
      "persistence": true,
      "resyncInterval": 5000,
      "wsUrl": "wss://j5eyo7cpia.execute-api.us-east-1.amazonaws.com/live",
    },
    "defaultConfig": {
      "connect": true,
      "maxBackoffTime": 30000,
      "persistence": true,
      "resyncInterval": 5000,
      "wsUrl": "wss://j5eyo7cpia.execute-api.us-east-1.amazonaws.com/live",
    },
    "docName": "unit-unit-japanese-1",
    "hasLoggedConnectionError": false,
    "indexeddb": IndexeddbPersistence {
      "_db": Promise {},
      "_dbref": 0,
      "_dbsize": 0,
      "_destroyed": false,
      "_observers": Map {
        "synced" => Set {
          [Function anonymous],
        },
      },
      "_storeTimeout": 1000,
      "_storeTimeoutId": null,
      "_storeUpdate": [Function anonymous],
      "db": null,
      "destroy": [Function bound destroy],
      "doc": {
        "editorContent": "",
        "metadata": {},
      },
      "name": "unit-unit-japanese-1",
      "synced": false,
      "whenSynced": Promise {},
    },
    "lastStatusLog": "connected",
    "listeners": Map {
      "doc-reset" => Set {
        [Function handleDocReset],
      },
    },
    "resetCount": 0,
    "wsProvider": WebsocketProvider {
      "_listeners": {
        "connection-close": [
          [Function anonymous],
        ],
        "connection-error": [
          [Function anonymous],
        ],
        "status": [
          [Function anonymous],
          [Function handleStatus],
        ],
        "sync": [
          [Function anonymous],
          [Function handleSync],
        ],
      },
      "awareness": Awareness {
        "_checkInterval": 157,
        "_observers": Map {},
        "clientID": 2696045272,
        "doc": {
          "editorContent": "",
          "metadata": {},
        },
        "meta": Map {
          2696045272 => {
            "clock": 0,
            "lastUpdated": 1790416167475,
          },
        },
        "states": Map {
          2696045272 => {},
        },
      },
      "doc": {
        "editorContent": "",
        "metadata": {},
      },
      "roomname": "unit-unit-japanese-1",
      "synced": true,
      "wsconnected": true,
    },
    "ydoc": {
      "editorContent": "",
      "metadata": {},
    },
  },
  "username": "teacher-1",
}
[90mstdout[2m | .storybook/docs/QuickTour-Instructor.stories.tsx[2m > [22m[2m2. Unit Editor
[22m[39m[FilesContext] File observeQuery update: 0 files
[90mstdout[2m | .storybook/docs/QuickTour-Instructor.stories.tsx[2m > [22m[2m2. Unit Editor
[22m[39m[ChatContext] AssistantChat initialized with 0 chats
[90mstdout[2m | .storybook/docs/QuickTour-Instructor.stories.tsx[2m > [22m[2m2. Unit Editor
[22m[39m[Mock Storage] downloadData called with: undefined
[90mstdout[2m | .storybook/docs/QuickTour-Instructor.stories.tsx[2m > [22m[2m2. Unit Editor
[22m[39m[MOCK CourseVectorStore] Initialized with mock data
[90mstdout[2m | .storybook/docs/QuickTour-Instructor.stories.tsx[2m > [22m[2m2. Unit Editor
[22m[39m[Mock] CollaborationPlugin rendered with props: {
  "color": "#10b981",
  "cursorsContainerRef": {
    "current": <div
      class="jsx-9364b876b91d91fe collaboration-cursors-container"
      style="position: relative;"
    >
      <div
        aria-label="Edit"
        class="editor"
        contenteditable="true"
        data-lexical-editor="true"
        data-tour="editor"
        dir="ltr"
        role="textbox"
        spellcheck="true"
        style="max-width: 100%; outline: none; min-height: 100%; padding: 1rem 2rem 1rem 0.5rem; user-select: text; white-space: pre-wrap; word-break: break-word;"
      >
        <h1
          class="LanguageEditorTheme__h1"
          dir="ltr"
        >
          <span
            data-lexical-text="true"
          >
            Japanese Greetings
          </span>
        </h1>
      </div>
    </div>,
  },
  "provider": YjsDocProvider {
    "awareness": Awareness {
      "_checkInterval": 157,
      "_observers": Map {},
      "clientID": 2696045272,
      "doc": {
        "editorContent": "",
        "metadata": {},
      },
      "meta": Map {
        2696045272 => {
          "clock": 0,
          "lastUpdated": 1790416167475,
        },
      },
      "states": Map {
        2696045272 => {},
      },
    },
    "config": {
      "connect": true,
      "docName": "unit-unit-japanese-1",
      "maxBackoffTime": 30000,
      "persistence": true,
      "resyncInterval": 5000,
      "wsUrl": "wss://j5eyo7cpia.execute-api.us-east-1.amazonaws.com/live",
    },
    "defaultConfig": {
      "connect": true,
      "maxBackoffTime": 30000,
      "persistence": true,
      "resyncInterval": 5000,
      "wsUrl": "wss://j5eyo7cpia.execute-api.us-east-1.amazonaws.com/live",
    },
    "docName": "unit-unit-japanese-1",
    "hasLoggedConnectionError": false,
    "indexeddb": IndexeddbPersistence {
      "_db": Promise {},
      "_dbref": 0,
      "_dbsize": 0,
      "_destroyed": false,
      "_observers": Map {
        "synced" => Set {
          [Function anonymous],
        },
      },
      "_storeTimeout": 1000,
      "_storeTimeoutId": null,
      "_storeUpdate": [Function anonymous],
      "db": null,
      "destroy": [Function bound destroy],
      "doc": {
        "editorContent": "",
        "metadata": {},
      },
      "name": "unit-unit-japanese-1",
      "synced": false,
      "whenSynced": Promise {},
    },
    "lastStatusLog": "connected",
    "listeners": Map {
      "doc-reset" => Set {
        [Function handleDocReset],
      },
    },
    "resetCount": 0,
    "wsProvider": WebsocketProvider {
      "_listeners": {
        "connection-close": [
          [Function anonymous],
        ],
        "connection-error": [
          [Function anonymous],
        ],
        "status": [
          [Function anonymous],
          [Function handleStatus],
        ],
        "sync": [
          [Function anonymous],
          [Function handleSync],
        ],
      },
      "awareness": Awareness {
        "_checkInterval": 157,
        "_observers": Map {},
        "clientID": 2696045272,
        "doc": {
          "editorContent": "",
          "metadata": {},
        },
        "meta": Map {
          2696045272 => {
            "clock": 0,
            "lastUpdated": 1790416167475,
          },
        },
        "states": Map {
          2696045272 => {},
        },
      },
      "doc": {
        "editorContent": "",
        "metadata": {},
      },
      "roomname": "unit-unit-japanese-1",
      "synced": true,
      "wsconnected": true,
    },
    "ydoc": {
      "editorContent": "",
      "metadata": {},
    },
  },
  "username": "teacher-1",
}
[90mstdout[2m | .storybook/docs/QuickTour-Instructor.stories.tsx[2m > [22m[2m2. Unit Editor
[22m[39m[ChatContext] No current chat available, will create one
[90mstdout[2m | .storybook/docs/QuickTour-Instructor.stories.tsx[2m > [22m[2m2. Unit Editor
[22m[39m[ChatContext] Creating AssistantChat with user: undefined
[90mstdout[2m | .storybook/docs/QuickTour-Instructor.stories.tsx[2m > [22m[2m2. Unit Editor
[22m[39m[Mock Data] AssistantChat created: mock-assistantchat-1790416167885 - notified 1 subscribers
[90mstdout[2m | .storybook/docs/QuickTour-Instructor.stories.tsx[2m > [22m[2m2. Unit Editor
[22m[39m[Mock] CollaborationPlugin rendered with props: {
  "color": "#10b981",
  "cursorsContainerRef": {
    "current": <div
      class="jsx-9364b876b91d91fe collaboration-cursors-container"
      style="position: relative;"
    >
      <div
        aria-label="Edit"
        class="editor"
        contenteditable="true"
        data-lexical-editor="true"
        data-tour="editor"
        dir="ltr"
        role="textbox"
        spellcheck="true"
        style="max-width: 100%; outline: none; min-height: 100%; padding: 1rem 2rem 1rem 0.5rem; user-select: text; white-space: pre-wrap; word-break: break-word;"
      >
        <h1
          class="LanguageEditorTheme__h1"
          dir="ltr"
        >
          <span
            data-lexical-text="true"
          >
            Japanese Greetings
          </span>
        </h1>
      </div>
    </div>,
  },
  "provider": YjsDocProvider {
    "awareness": Awareness {
      "_checkInterval": 157,
      "_observers": Map {},
      "clientID": 2696045272,
      "doc": {
        "editorContent": "",
        "metadata": {},
      },
      "meta": Map {
        2696045272 => {
          "clock": 0,
          "lastUpdated": 1790416167475,
        },
      },
      "states": Map {
        2696045272 => {},
      },
    },
    "config": {
      "connect": true,
      "docName": "unit-unit-japanese-1",
      "maxBackoffTime": 30000,
      "persistence": true,
      "resyncInterval": 5000,
      "wsUrl": "wss://j5eyo7cpia.execute-api.us-east-1.amazonaws.com/live",
    },
    "defaultConfig": {
      "connect": true,
      "maxBackoffTime": 30000,
      "persistence": true,
      "resyncInterval": 5000,
      "wsUrl": "wss://j5eyo7cpia.execute-api.us-east-1.amazonaws.com/live",
    },
    "docName": "unit-unit-japanese-1",
    "hasLoggedConnectionError": false,
    "indexeddb": IndexeddbPersistence {
      "_db": Promise {},
      "_dbref": 0,
      "_dbsize": 0,
      "_destroyed": false,
      "_observers": Map {
        "synced" => Set {
          [Function anonymous],
        },
      },
      "_storeTimeout": 1000,
      "_storeTimeoutId": null,
      "_storeUpdate": [Function anonymous],
      "db": null,
      "destroy": [Function bound destroy],
      "doc": {
        "editorContent": "",
        "metadata": {},
      },
      "name": "unit-unit-japanese-1",
      "synced": false,
      "whenSynced": Promise {},
    },
    "lastStatusLog": "connected",
    "listeners": Map {
      "doc-reset" => Set {
        [Function handleDocReset],
      },
    },
    "resetCount": 0,
    "wsProvider": WebsocketProvider {
      "_listeners": {
        "connection-close": [
          [Function anonymous],
        ],
        "connection-error": [
          [Function anonymous],
        ],
        "status": [
          [Function anonymous],
          [Function handleStatus],
        ],
        "sync": [
          [Function anonymous],
          [Function handleSync],
        ],
      },
      "awareness": Awareness {
        "_checkInterval": 157,
        "_observers": Map {},
        "clientID": 2696045272,
        "doc": {
          "editorContent": "",
          "metadata": {},
        },
        "meta": Map {
          2696045272 => {
            "clock": 0,
            "lastUpdated": 1790416167475,
          },
        },
        "states": Map {
          2696045272 => {},
        },
      },
      "doc": {
        "editorContent": "",
        "metadata": {},
      },
      "roomname": "unit-unit-japanese-1",
      "synced": true,
      "wsconnected": true,
    },
    "ydoc": {
      "editorContent": "",
      "metadata": {},
    },
  },
  "username": "teacher-1",
}
[90mstdout[2m | .storybook/docs/QuickTour-Instructor.stories.tsx[2m > [22m[2m2. Unit Editor
[22m[39m[ChatContext] Create result: {
  "data": {
    "_version": 1,
    "archived": false,
    "chatFiles": [Function anonymous],
    "createdAt": "2026-09-26T09:49:27.885Z",
    "id": "mock-assistantchat-1790416167885",
    "model": "gpt-4",
    "updatedAt": "2026-09-26T09:49:27.885Z",
  },
  "errors": [],
  "hasData": true,
  "hasErrors": true,
}
[90mstdout[2m | .storybook/docs/QuickTour-Instructor.stories.tsx[2m > [22m[2m2. Unit Editor
[22m[39m[ChatContext] Created AssistantChat: mock-assistantchat-1790416167885 at: 2026-09-26T09:49:27.885Z
[90mstdout[2m | .storybook/docs/QuickTour-Instructor.stories.tsx[2m > [22m[2m2. Unit Editor
[22m[39m[Mock Storage] downloadData called with: undefined
[90mstdout[2m | .storybook/docs/QuickTour-Instructor.stories.tsx[2m > [22m[2m2. Unit Editor
[22m[39m[Mock Storage] downloadData called with: undefined
[90mstdout[2m | .storybook/docs/QuickTour-Instructor.stories.tsx[2m > [22m[2m2. Unit Editor
[22m[39m[ChatContext] Setting initial chat: mock-assistantchat-1790416167885
[90mstdout[2m | .storybook/docs/QuickTour-Instructor.stories.tsx[2m > [22m[2m2. Unit Editor
[22m[39m[Mock] CollaborationPlugin rendered with props: {
  "color": "#10b981",
  "cursorsContainerRef": {
    "current": <div
      class="jsx-9364b876b91d91fe collaboration-cursors-container"
      style="position: relative;"
    >
      <div
        aria-label="Edit"
        class="editor"
        contenteditable="true"
        data-lexical-editor="true"
        data-tour="editor"
        dir="ltr"
        role="textbox"
        spellcheck="true"
        style="max-width: 100%; outline: none; min-height: 100%; padding: 1rem 2rem 1rem 0.5rem; user-select: text; white-space: pre-wrap; word-break: break-word;"
      >
        <h1
          class="LanguageEditorTheme__h1"
          dir="ltr"
        >
          <span
            data-lexical-text="true"
          >
            Japanese Greetings
          </span>
        </h1>
      </div>
    </div>,
  },
  "provider": YjsDocProvider {
    "awareness": Awareness {
      "_checkInterval": 157,
      "_observers": Map {},
      "clientID": 2696045272,
      "doc": {
        "editorContent": "",
        "metadata": {},
      },
      "meta": Map {
        2696045272 => {
          "clock": 0,
          "lastUpdated": 1790416167475,
        },
      },
      "states": Map {
        2696045272 => {},
      },
    },
    "config": {
      "connect": true,
      "docName": "unit-unit-japanese-1",
      "maxBackoffTime": 30000,
      "persistence": true,
      "resyncInterval": 5000,
      "wsUrl": "wss://j5eyo7cpia.execute-api.us-east-1.amazonaws.com/live",
    },
    "defaultConfig": {
      "connect": true,
      "maxBackoffTime": 30000,
      "persistence": true,
      "resyncInterval": 5000,
      "wsUrl": "wss://j5eyo7cpia.execute-api.us-east-1.amazonaws.com/live",
    },
    "docName": "unit-unit-japanese-1",
    "hasLoggedConnectionError": false,
    "indexeddb": IndexeddbPersistence {
      "_db": Promise {},
      "_dbref": 0,
      "_dbsize": 0,
      "_destroyed": false,
      "_observers": Map {
        "synced" => Set {
          [Function anonymous],
        },
      },
      "_storeTimeout": 1000,
      "_storeTimeoutId": null,
      "_storeUpdate": [Function anonymous],
      "db": IDBDatabase {},
      "destroy": [Function bound destroy],
      "doc": {
        "editorContent": "",
        "metadata": {},
      },
      "name": "unit-unit-japanese-1",
      "synced": false,
      "whenSynced": Promise {},
    },
    "lastStatusLog": "connected",
    "listeners": Map {
      "doc-reset" => Set {
        [Function handleDocReset],
      },
    },
    "resetCount": 0,
    "wsProvider": WebsocketProvider {
      "_listeners": {
        "connection-close": [
          [Function anonymous],
        ],
        "connection-error": [
          [Function anonymous],
        ],
        "status": [
          [Function anonymous],
          [Function handleStatus],
        ],
        "sync": [
          [Function anonymous],
          [Function handleSync],
        ],
      },
      "awareness": Awareness {
        "_checkInterval": 157,
        "_observers": Map {},
        "clientID": 2696045272,
        "doc": {
          "editorContent": "",
          "metadata": {},
        },
        "meta": Map {
          2696045272 => {
            "clock": 0,
            "lastUpdated": 1790416167475,
          },
        },
        "states": Map {
          2696045272 => {},
        },
      },
      "doc": {
        "editorContent": "",
        "metadata": {},
      },
      "roomname": "unit-unit-japanese-1",
      "synced": true,
      "wsconnected": true,
    },
    "ydoc": {
      "editorContent": "",
      "metadata": {},
    },
  },
  "username": "teacher-1",
}
[90mstdout[2m | .storybook/docs/QuickTour-Instructor.stories.tsx[2m > [22m[2m2. Unit Editor
[22m[39m[ChatSidebar] Loading messages for chat: mock-assistantchat-1790416167885 count: 0
[90mstdout[2m | .storybook/docs/QuickTour-Instructor.stories.tsx[2m > [22m[2m2. Unit Editor
[22m[39m[ChatSidebar] deepCloneMessages: returning empty array
[90mstdout[2m | .storybook/docs/QuickTour-Instructor.stories.tsx[2m > [22m[2m2. Unit Editor
[22m[39m[ChatContext] Chat exists and not archived, skipping creation
[90mstdout[2m | .storybook/docs/QuickTour-Instructor.stories.tsx[2m > [22m[2m3. Section & Grades
[22m[39m[Mock Storage] uploadData called with: {
  "key": undefined,
  "options": {
    "contentType": "application/json",
  },
  "path": "protected/us-east-1:teacher-identity-1/units/unit-japanese-1/draft.json",
}
[90mstdout[2m | .storybook/docs/QuickTour-Instructor.stories.tsx[2m > [22m[2m3. Section & Grades
[22m[39m[Mock Data] Unit.onUpdate() notified 1 subscribers
[90mstdout[2m | .storybook/docs/QuickTour-Instructor.stories.tsx[2m > [22m[2m3. Section & Grades
[22m[39m[Mock Data] Unit updated: unit-japanese-1 - notified 0 subscribers
[90mstdout[2m | .storybook/docs/QuickTour-Instructor.stories.tsx[2m > [22m[2m3. Section & Grades
[22m[39m[Mock] CollaborationPlugin rendered with props: {
  "color": "#10b981",
  "cursorsContainerRef": {
    "current": <div
      class="jsx-9364b876b91d91fe collaboration-cursors-container"
      style="position: relative;"
    >
      <div
        aria-label="Edit"
        class="editor"
        contenteditable="true"
        data-lexical-editor="true"
        data-tour="editor"
        dir="ltr"
        role="textbox"
        spellcheck="true"
        style="max-width: 100%; outline: none; min-height: 100%; padding: 1rem 2rem 1rem 0.5rem; user-select: text; white-space: pre-wrap; word-break: break-word;"
      >
        <h1
          class="LanguageEditorTheme__h1"
          dir="ltr"
        >
          <span
            data-lexical-text="true"
          >
            Japanese Greetings
          </span>
        </h1>
      </div>
    </div>,
  },
  "provider": YjsDocProvider {
    "awareness": Awareness {
      "_checkInterval": 157,
      "_observers": Map {},
      "clientID": 2696045272,
      "doc": {
        "editorContent": "",
        "metadata": {},
      },
      "meta": Map {
        2696045272 => {
          "clock": 0,
          "lastUpdated": 1790416167475,
        },
      },
      "states": Map {
        2696045272 => {},
      },
    },
    "config": {
      "connect": true,
      "docName": "unit-unit-japanese-1",
      "maxBackoffTime": 30000,
      "persistence": true,
      "resyncInterval": 5000,
      "wsUrl": "wss://j5eyo7cpia.execute-api.us-east-1.amazonaws.com/live",
    },
    "defaultConfig": {
      "connect": true,
      "maxBackoffTime": 30000,
      "persistence": true,
      "resyncInterval": 5000,
      "wsUrl": "wss://j5eyo7cpia.execute-api.us-east-1.amazonaws.com/live",
    },
    "docName": "unit-unit-japanese-1",
    "hasLoggedConnectionError": false,
    "indexeddb": IndexeddbPersistence {
      "_db": Promise {},
      "_dbref": 2,
      "_dbsize": 1,
      "_destroyed": false,
      "_observers": Map {
        "synced" => Set {
          [Function anonymous],
        },
      },
      "_storeTimeout": 1000,
      "_storeTimeoutId": null,
      "_storeUpdate": [Function anonymous],
      "db": IDBDatabase {},
      "destroy": [Function bound destroy],
      "doc": {
        "editorContent": "",
        "metadata": {},
      },
      "name": "unit-unit-japanese-1",
      "synced": true,
      "whenSynced": Promise {},
    },
    "lastStatusLog": "connected",
    "listeners": Map {
      "doc-reset" => Set {
        [Function handleDocReset],
      },
    },
    "resetCount": 0,
    "wsProvider": WebsocketProvider {
      "_listeners": {
        "connection-close": [
          [Function anonymous],
        ],
        "connection-error": [
          [Function anonymous],
        ],
        "status": [
          [Function anonymous],
          [Function handleStatus],
        ],
        "sync": [
          [Function anonymous],
          [Function handleSync],
        ],
      },
      "awareness": Awareness {
        "_checkInterval": 157,
        "_observers": Map {},
        "clientID": 2696045272,
        "doc": {
          "editorContent": "",
          "metadata": {},
        },
        "meta": Map {
          2696045272 => {
            "clock": 0,
            "lastUpdated": 1790416167475,
          },
        },
        "states": Map {
          2696045272 => {},
        },
      },
      "doc": {
        "editorContent": "",
        "metadata": {},
      },
      "roomname": "unit-unit-japanese-1",
      "synced": true,
      "wsconnected": true,
    },
    "ydoc": {
      "editorContent": "",
      "metadata": {},
    },
  },
  "username": "teacher-1",
}
[90mstdout[2m | .storybook/docs/QuickTour-Instructor.stories.tsx[2m > [22m[2m3. Section & Grades
[22m[39m[UnitContext] Unit updated via subscription, _version: 4
[90mstdout[2m | .storybook/docs/QuickTour-Instructor.stories.tsx[2m > [22m[2m3. Section & Grades
[22m[39m[Mock] CollaborationPlugin rendered with props: {
  "color": "#10b981",
  "cursorsContainerRef": {
    "current": <div
      class="jsx-9364b876b91d91fe collaboration-cursors-container"
      style="position: relative;"
    >
      <div
        aria-label="Edit"
        class="editor"
        contenteditable="true"
        data-lexical-editor="true"
        data-tour="editor"
        dir="ltr"
        role="textbox"
        spellcheck="true"
        style="max-width: 100%; outline: none; min-height: 100%; padding: 1rem 2rem 1rem 0.5rem; user-select: text; white-space: pre-wrap; word-break: break-word;"
      >
        <h1
          class="LanguageEditorTheme__h1"
          dir="ltr"
        >
          <span
            data-lexical-text="true"
          >
            Japanese Greetings
          </span>
        </h1>
      </div>
    </div>,
  },
  "provider": YjsDocProvider {
    "awareness": Awareness {
      "_checkInterval": 157,
      "_observers": Map {},
      "clientID": 2696045272,
      "doc": {
        "editorContent": "",
        "metadata": {},
      },
      "meta": Map {
        2696045272 => {
          "clock": 0,
          "lastUpdated": 1790416167475,
        },
      },
      "states": Map {
        2696045272 => {},
      },
    },
    "config": {
      "connect": true,
      "docName": "unit-unit-japanese-1",
      "maxBackoffTime": 30000,
      "persistence": true,
      "resyncInterval": 5000,
      "wsUrl": "wss://j5eyo7cpia.execute-api.us-east-1.amazonaws.com/live",
    },
    "defaultConfig": {
      "connect": true,
      "maxBackoffTime": 30000,
      "persistence": true,
      "resyncInterval": 5000,
      "wsUrl": "wss://j5eyo7cpia.execute-api.us-east-1.amazonaws.com/live",
    },
    "docName": "unit-unit-japanese-1",
    "hasLoggedConnectionError": false,
    "indexeddb": IndexeddbPersistence {
      "_db": Promise {},
      "_dbref": 2,
      "_dbsize": 1,
      "_destroyed": false,
      "_observers": Map {
        "synced" => Set {
          [Function anonymous],
        },
      },
      "_storeTimeout": 1000,
      "_storeTimeoutId": null,
      "_storeUpdate": [Function anonymous],
      "db": IDBDatabase {},
      "destroy": [Function bound destroy],
      "doc": {
        "editorContent": "",
        "metadata": {},
      },
      "name": "unit-unit-japanese-1",
      "synced": true,
      "whenSynced": Promise {},
    },
    "lastStatusLog": "connected",
    "listeners": Map {
      "doc-reset" => Set {
        [Function handleDocReset],
      },
    },
    "resetCount": 0,
    "wsProvider": WebsocketProvider {
      "_listeners": {
        "connection-close": [
          [Function anonymous],
        ],
        "connection-error": [
          [Function anonymous],
        ],
        "status": [
          [Function anonymous],
          [Function handleStatus],
        ],
        "sync": [
          [Function anonymous],
          [Function handleSync],
        ],
      },
      "awareness": Awareness {
        "_checkInterval": 157,
        "_observers": Map {},
        "clientID": 2696045272,
        "doc": {
          "editorContent": "",
          "metadata": {},
        },
        "meta": Map {
          2696045272 => {
            "clock": 0,
            "lastUpdated": 1790416167475,
          },
        },
        "states": Map {
          2696045272 => {},
        },
      },
      "doc": {
        "editorContent": "",
        "metadata": {},
      },
      "roomname": "unit-unit-japanese-1",
      "synced": true,
      "wsconnected": true,
    },
    "ydoc": {
      "editorContent": "",
      "metadata": {},
    },
  },
  "username": "teacher-1",
}
[90mstdout[2m | .storybook/docs/QuickTour-Instructor.stories.tsx[2m > [22m[2m3. Section & Grades
[22m[39m[Editor onChange] Skipping save due to tags: [
  "history-merge",
]
[90mstdout[2m | .storybook/docs/QuickTour-Instructor.stories.tsx[2m > [22m[2m3. Section & Grades
[22m[39m[ChatContext] Cleaning up subscriptions
[90mstdout[2m | .storybook/docs/QuickTour-Instructor.stories.tsx[2m > [22m[2m3. Section & Grades
[22m[39m[Mock Data] Unit.onUpdate() subscription removed. Remaining: 0
[90mstdout[2m | .storybook/docs/QuickTour-Instructor.stories.tsx[2m > [22m[2m3. Section & Grades
[22m[39m[useChatPageContext] Cleaning up page context
[90mstdout[2m | .storybook/docs/QuickTour-Instructor.stories.tsx[2m > [22m[2m3. Section & Grades
[22m[39m[chatTools] Vector store search function registered: false
[90mstdout[2m | .storybook/docs/QuickTour-Instructor.stories.tsx[2m > [22m[2m3. Section & Grades
[22m[39m[chatTools] Practice drill callback registered: false
[90mstdout[2m | .storybook/docs/QuickTour-Instructor.stories.tsx[2m > [22m[2m3. Section & Grades
[22m[39m[Preview] Skipped clearing mock data (clearMockData=false)
[90mstdout[2m | .storybook/docs/QuickTour-Instructor.stories.tsx[2m > [22m[2m3. Section & Grades
[22m[39m[Preview] Skipped initializing default mock data (initializeMockData=false)
[90mstdout[2m | .storybook/docs/QuickTour-Instructor.stories.tsx[2m > [22m[2m3. Section & Grades
[22m[39m[Mock Auth] setMockUser: {
  "attributes": {
    "email": "teacher@example.com",
    "sub": "teacher-1",
  },
  "groups": [
    "Instructors",
  ],
  "username": "teacher-1",
}
[90mstdout[2m | .storybook/docs/QuickTour-Instructor.stories.tsx[2m > [22m[2m3. Section & Grades
[22m[39m[Mock Data] seedMockUnit: Adding unit unit-japanese-1
[90mstdout[2m | .storybook/docs/QuickTour-Instructor.stories.tsx[2m > [22m[2m3. Section & Grades
[22m[39m[Mock Data] seedMockUnit: Adding unit unit-japanese-2
[90mstdout[2m | .storybook/docs/QuickTour-Instructor.stories.tsx[2m > [22m[2m3. Section & Grades
[22m[39m[Mock Data] seedMockUnit: Adding unit unit-japanese-3
[90mstdout[2m | .storybook/docs/QuickTour-Instructor.stories.tsx[2m > [22m[2m3. Section & Grades
[22m[39m[Mock Data] seedMockUnit: Adding unit unit-kanji-basics
[90mstdout[2m | .storybook/docs/QuickTour-Instructor.stories.tsx[2m > [22m[2m3. Section & Grades
[22m[39m[Mock Data] seedMockSections: Adding 1 sections
[90mstdout[2m | .storybook/docs/QuickTour-Instructor.stories.tsx[2m > [22m[2m3. Section & Grades
[22m[39m[Mock Data] Seeding section: section-jpn-101 with owner: teacher-1
[90mstdout[2m | .storybook/docs/QuickTour-Instructor.stories.tsx[2m > [22m[2m3. Section & Grades
[22m[39m[Mock Data] Total sections in store: 1
[90mstdout[2m | .storybook/docs/QuickTour-Instructor.stories.tsx[2m > [22m[2m3. Section & Grades
[22m[39m[Mock Data] Sections in store: [
  {
    "id": "section-jpn-101",
    "name": "Japanese 101 - Spring 2024",
    "owner": "teacher-1",
  },
]
[90mstdout[2m | .storybook/docs/QuickTour-Instructor.stories.tsx[2m > [22m[2m3. Section & Grades
[22m[39m[Mock Data] No active Section subscriptions to notify yet
[90mstdout[2m | .storybook/docs/QuickTour-Instructor.stories.tsx[2m > [22m[2m3. Section & Grades
[22m[39m[Mock Data] seedMockAssignments: Adding 5 assignments
[90mstdout[2m | .storybook/docs/QuickTour-Instructor.stories.tsx[2m > [22m[2m3. Section & Grades
[22m[39m[Mock Data] Total assignments in store: 5
[90mstdout[2m | .storybook/docs/QuickTour-Instructor.stories.tsx[2m > [22m[2m3. Section & Grades
[22m[39m[Mock Data] Seeded grade: grade-alice-1 for unit: unit-japanese-1
[90mstdout[2m | .storybook/docs/QuickTour-Instructor.stories.tsx[2m > [22m[2m3. Section & Grades
[22m[39m[Mock Data] Grade has data: true
[90mstdout[2m | .storybook/docs/QuickTour-Instructor.stories.tsx[2m > [22m[2m3. Section & Grades
[22m[39m[Mock Data] Total grades in store: 1
[90mstdout[2m | .storybook/docs/QuickTour-Instructor.stories.tsx[2m > [22m[2m3. Section & Grades
[22m[39m[Mock Data] Seeded grade: grade-alice-1-attempt2 for unit: unit-japanese-1
[90mstdout[2m | .storybook/docs/QuickTour-Instructor.stories.tsx[2m > [22m[2m3. Section & Grades
[22m[39m[Mock Data] Grade has data: true
[90mstdout[2m | .storybook/docs/QuickTour-Instructor.stories.tsx[2m > [22m[2m3. Section & Grades
[22m[39m[Mock Data] Total grades in store: 2
[90mstdout[2m | .storybook/docs/QuickTour-Instructor.stories.tsx[2m > [22m[2m3. Section & Grades
[22m[39m[Mock Data] Seeded grade: grade-alice-2 for unit: unit-japanese-2
[90mstdout[2m | .storybook/docs/QuickTour-Instructor.stories.tsx[2m > [22m[2m3. Section & Grades
[22m[39m[Mock Data] Grade has data: true
[90mstdout[2m | .storybook/docs/QuickTour-Instructor.stories.tsx[2m > [22m[2m3. Section & Grades
[22m[39m[Mock Data] Total grades in store: 3
[90mstdout[2m | .storybook/docs/QuickTour-Instructor.stories.tsx[2m > [22m[2m3. Section & Grades
[22m[39m[Mock Data] Seeded grade: grade-bob-1 for unit: unit-japanese-1
[90mstdout[2m | .storybook/docs/QuickTour-Instructor.stories.tsx[2m > [22m[2m3. Section & Grades
[22m[39m[Mock Data] Grade has data: true
[90mstdout[2m | .storybook/docs/QuickTour-Instructor.stories.tsx[2m > [22m[2m3. Section & Grades
[22m[39m[Mock Data] Total grades in store: 4
[90mstdout[2m | .storybook/docs/QuickTour-Instructor.stories.tsx[2m > [22m[2m3. Section & Grades
[22m[39m[Mock Data] Seeded grade: grade-bob-2 for unit: unit-japanese-2
[90mstdout[2m | .storybook/docs/QuickTour-Instructor.stories.tsx[2m > [22m[2m3. Section & Grades
[22m[39m[Mock Data] Grade has data: true
[90mstdout[2m | .storybook/docs/QuickTour-Instructor.stories.tsx[2m > [22m[2m3. Section & Grades
[22m[39m[Mock Data] Total grades in store: 5
[90mstdout[2m | .storybook/docs/QuickTour-Instructor.stories.tsx[2m > [22m[2m3. Section & Grades
[22m[39m[Mock Data] Seeded grade: grade-carol-1 for unit: unit-japanese-1
[90mstdout[2m | .storybook/docs/QuickTour-Instructor.stories.tsx[2m > [22m[2m3. Section & Grades
[22m[39m[Mock Data] Grade has data: true
[90mstdout[2m | .storybook/docs/QuickTour-Instructor.stories.tsx[2m > [22m[2m3. Section & Grades
[22m[39m[Mock Data] Total grades in store: 6
[90mstdout[2m | .storybook/docs/QuickTour-Instructor.stories.tsx[2m > [22m[2m3. Section & Grades
[22m[39m[Mock Data] Seeded grade: grade-carol-2 for unit: unit-japanese-2
[90mstdout[2m | .storybook/docs/QuickTour-Instructor.stories.tsx[2m > [22m[2m3. Section & Grades
[22m[39m[Mock Data] Grade has data: true
[90mstdout[2m | .storybook/docs/QuickTour-Instructor.stories.tsx[2m > [22m[2m3. Section & Grades
[22m[39m[Mock Data] Total grades in store: 7
[90mstdout[2m | .storybook/docs/QuickTour-Instructor.stories.tsx[2m > [22m[2m3. Section & Grades
[22m[39m[Mock Data] Seeded grade: grade-dave-1 for unit: unit-japanese-1
[90mstdout[2m | .storybook/docs/QuickTour-Instructor.stories.tsx[2m > [22m[2m3. Section & Grades
[22m[39m[Mock Data] Grade has data: true
[90mstdout[2m | .storybook/docs/QuickTour-Instructor.stories.tsx[2m > [22m[2m3. Section & Grades
[22m[39m[Mock Data] Total grades in store: 8
[90mstdout[2m | .storybook/docs/QuickTour-Instructor.stories.tsx[2m > [22m[2m3. Section & Grades
[22m[39m[Mock Data] Seeded grade: grade-dave-2 for unit: unit-japanese-2
[90mstdout[2m | .storybook/docs/QuickTour-Instructor.stories.tsx[2m > [22m[2m3. Section & Grades
[22m[39m[Mock Data] Grade has data: true
[90mstdout[2m | .storybook/docs/QuickTour-Instructor.stories.tsx[2m > [22m[2m3. Section & Grades
[22m[39m[Mock Data] Total grades in store: 9
[90mstdout[2m | .storybook/docs/QuickTour-Instructor.stories.tsx[2m > [22m[2m3. Section & Grades
[22m[39m[Mock Data] Seeded grade: grade-eve-1 for unit: unit-japanese-1
[90mstdout[2m | .storybook/docs/QuickTour-Instructor.stories.tsx[2m > [22m[2m3. Section & Grades
[22m[39m[Mock Data] Grade has data: true
[90mstdout[2m | .storybook/docs/QuickTour-Instructor.stories.tsx[2m > [22m[2m3. Section & Grades
[22m[39m[Mock Data] Total grades in store: 10
[90mstdout[2m | .storybook/docs/QuickTour-Instructor.stories.tsx[2m > [22m[2m3. Section & Grades
[22m[39m[Mock Data] Seeded grade: grade-eve-2 for unit: unit-japanese-2
[90mstdout[2m | .storybook/docs/QuickTour-Instructor.stories.tsx[2m > [22m[2m3. Section & Grades
[22m[39m[Mock Data] Grade has data: true
[90mstdout[2m | .storybook/docs/QuickTour-Instructor.stories.tsx[2m > [22m[2m3. Section & Grades
[22m[39m[Mock Data] Total grades in store: 11
[90mstdout[2m | .storybook/docs/QuickTour-Instructor.stories.tsx[2m > [22m[2m3. Section & Grades
[22m[39m[Mock Data] Seeded grade: grade-frank-1 for unit: unit-japanese-1
[90mstdout[2m | .storybook/docs/QuickTour-Instructor.stories.tsx[2m > [22m[2m3. Section & Grades
[22m[39m[Mock Data] Grade has data: true
[90mstdout[2m | .storybook/docs/QuickTour-Instructor.stories.tsx[2m > [22m[2m3. Section & Grades
[22m[39m[Mock Data] Total grades in store: 12
[90mstdout[2m | .storybook/docs/QuickTour-Instructor.stories.tsx[2m > [22m[2m3. Section & Grades
[22m[39m[Mock Data] Seeded grade: grade-frank-2 for unit: unit-japanese-3
[90mstdout[2m | .storybook/docs/QuickTour-Instructor.stories.tsx[2m > [22m[2m3. Section & Grades
[22m[39m[Mock Data] Grade has data: true
[90mstdout[2m | .storybook/docs/QuickTour-Instructor.stories.tsx[2m > [22m[2m3. Section & Grades
[22m[39m[Mock Data] Total grades in store: 13
[90mstdout[2m | .storybook/docs/QuickTour-Instructor.stories.tsx[2m > [22m[2m3. Section & Grades
[22m[39m[Mock Data] seedMockStudentProfiles: Adding 6 student profiles
[90mstdout[2m | .storybook/docs/QuickTour-Instructor.stories.tsx[2m > [22m[2m3. Section & Grades
[22m[39m[Mock Data] seedMockHomeworkRooms: Adding 2 homework rooms
[90mstdout[2m | .storybook/docs/QuickTour-Instructor.stories.tsx[2m > [22m[2m3. Section & Grades
[22m[39m[IndexPageData] Seeded instructor dashboard with {
  "assignments": 5,
  "grades": 13,
  "sections": 1,
  "units": 4,
}
[90mstdout[2m | .storybook/docs/QuickTour-Instructor.stories.tsx[2m > [22m[2m3. Section & Grades
[22m[39m[MOCK CourseVectorStore] Initialized with mock data
[90mstdout[2m | .storybook/docs/QuickTour-Instructor.stories.tsx[2m > [22m[2m3. Section & Grades
[22m[39m[MOCK CourseVectorStore] Initialized with mock data
[90mstdout[2m | .storybook/docs/QuickTour-Instructor.stories.tsx[2m > [22m[2m3. Section & Grades
[22m[39m[useChatPageContext] Registering page context: {
  "dictionaryCount": 0,
  "filesCount": 0,
  "hasEditorRef": false,
  "hasUnit": false,
  "hasVectorStoreSearch": false,
  "questionsCount": 0,
  "sectionsCount": 0,
}
[90mstdout[2m | .storybook/docs/QuickTour-Instructor.stories.tsx[2m > [22m[2m3. Section & Grades
[22m[39m[Mock Auth] getCurrentUser returning: {
  "attributes": {
    "email": "teacher@example.com",
    "sub": "teacher-1",
  },
  "groups": [
    "Instructors",
  ],
  "username": "teacher-1",
}
[90mstdout[2m | .storybook/docs/QuickTour-Instructor.stories.tsx[2m > [22m[2m3. Section & Grades
[22m[39m[SectionDetail] Section query useEffect - id: section-jpn-101
[90mstdout[2m | .storybook/docs/QuickTour-Instructor.stories.tsx[2m > [22m[2m3. Section & Grades
[22m[39m[FilesContext] Initializing vector store from IndexedDB
[90mstdout[2m | .storybook/docs/QuickTour-Instructor.stories.tsx[2m > [22m[2m3. Section & Grades
[22m[39m[FilesContext] fetchFiles called
[90mstdout[2m | .storybook/docs/QuickTour-Instructor.stories.tsx[2m > [22m[2m3. Section & Grades
[22m[39m[FilesContext] User authenticated: teacher-1
[90mstdout[2m | .storybook/docs/QuickTour-Instructor.stories.tsx[2m > [22m[2m3. Section & Grades
[22m[39m[FilesContext] Identity ID: identity-teacher-1
[90mstdout[2m | .storybook/docs/QuickTour-Instructor.stories.tsx[2m > [22m[2m3. Section & Grades
[22m[39m[FilesContext] About to set up File observeQuery
[90mstdout[2m | .storybook/docs/QuickTour-Instructor.stories.tsx[2m > [22m[2m3. Section & Grades
[22m[39m[TranslationModeController] Setting mode to: off
[90mstdout[2m | .storybook/docs/QuickTour-Instructor.stories.tsx[2m > [22m[2m3. Section & Grades
[22m[39m[FilesContext] Initializing vector store from IndexedDB
[90mstdout[2m | .storybook/docs/QuickTour-Instructor.stories.tsx[2m > [22m[2m3. Section & Grades
[22m[39m[FilesContext] fetchFiles called
[90mstdout[2m | .storybook/docs/QuickTour-Instructor.stories.tsx[2m > [22m[2m3. Section & Grades
[22m[39m[FilesContext] User authenticated: teacher-1
[90mstdout[2m | .storybook/docs/QuickTour-Instructor.stories.tsx[2m > [22m[2m3. Section & Grades
[22m[39m[FilesContext] Identity ID: identity-teacher-1
[90mstdout[2m | .storybook/docs/QuickTour-Instructor.stories.tsx[2m > [22m[2m3. Section & Grades
[22m[39m[FilesContext] About to set up File observeQuery
[90mstdout[2m | .storybook/docs/QuickTour-Instructor.stories.tsx[2m > [22m[2m3. Section & Grades
[22m[39m[ChatContext] Setting up AssistantChat observeQuery
[90mstdout[2m | .storybook/docs/QuickTour-Instructor.stories.tsx[2m > [22m[2m3. Section & Grades
[22m[39m[ChatContext] Waiting for subscription to initialize
[90mstdout[2m | .storybook/docs/QuickTour-Instructor.stories.tsx[2m > [22m[2m3. Section & Grades
[22m[39m[SettingsContext] Setting up Settings subscription for user: teacher-1
[90mstdout[2m | .storybook/docs/QuickTour-Instructor.stories.tsx[2m > [22m[2m3. Section & Grades
[22m[39m[Mock Data] Settings created: mock-settings-1790416169801 - notified 0 subscribers
[90mstdout[2m | .storybook/docs/QuickTour-Instructor.stories.tsx[2m > [22m[2m3. Section & Grades
[22m[39munitUpdate {
  "items": [
    {
      "_deleted": false,
      "_lastChangedAt": 1704898800000,
      "_version": 3,
      "createdAt": "2024-01-01T10:00:00.000Z",
      "data": "{"root":{"type":"root","children":[{"type":"heading","tag":"h1","direction":"ltr","format":"","indent":0,"version":1,"children":[{"type":"text","text":"Japanese Greetings","format":0,"detail":0,"mode":"normal","style":"","version":1}]}],"direction":"ltr","format":"","indent":0,"version":1}}",
      "description": "Learn basic Japanese greetings and self-introduction phrases",
      "featuredImage": "/story-mocks/piano-10046998_1280.jpg",
      "id": "unit-japanese-1",
      "identityId": "us-east-1:teacher-identity-1",
      "name": "Introduction to Japanese Greetings",
      "owner": "teacher-1",
      "published": true,
      "status": "PUBLISHED",
      "unitFiles": [Function anonymous],
      "unitWords": [Function anonymous],
      "updatedAt": "2024-01-10T15:00:00.000Z",
    },
    {
      "_deleted": false,
      "_lastChangedAt": 1705071600000,
      "_version": 2,
      "createdAt": "2024-01-05T10:00:00.000Z",
      "data": "{"root":{"type":"root","children":[{"type":"heading","tag":"h1","direction":"ltr","format":"","indent":0,"version":1,"children":[{"type":"text","text":"Numbers and Counting","format":0,"detail":0,"mode":"normal","style":"","version":1}]}],"direction":"ltr","format":"","indent":0,"version":1}}",
      "description": "Master numbers 1-100 and counting objects in Japanese",
      "featuredImage": "/story-mocks/animals-10008941_1280.jpg",
      "id": "unit-japanese-2",
      "identityId": "us-east-1:teacher-identity-1",
      "name": "Japanese Numbers and Counting",
      "owner": "teacher-1",
      "published": true,
      "status": "PUBLISHED",
      "timeLimitSeconds": 120,
      "unitFiles": [Function anonymous],
      "unitWords": [Function anonymous],
      "updatedAt": "2024-01-12T15:00:00.000Z",
    },
    {
      "_deleted": false,
      "_lastChangedAt": 1705330800000,
      "_version": 1,
      "createdAt": "2024-01-10T10:00:00.000Z",
      "data": "{"root":{"type":"root","children":[{"type":"heading","tag":"h1","direction":"ltr","format":"","indent":0,"version":1,"children":[{"type":"text","text":"Daily Activities","format":0,"detail":0,"mode":"normal","style":"","version":1}]}],"direction":"ltr","format":"","indent":0,"version":1}}",
      "description": "Vocabulary for talking about your daily routine",
      "featuredImage": "/story-mocks/namibia-9992336_1280.jpg",
      "id": "unit-japanese-3",
      "identityId": "us-east-1:teacher-identity-1",
      "name": "Daily Activities Vocabulary",
      "owner": "teacher-1",
      "published": true,
      "status": "PUBLISHED",
      "unitFiles": [Function anonymous],
      "unitWords": [Function anonymous],
      "updatedAt": "2024-01-15T15:00:00.000Z",
    },
    {
      "_deleted": false,
      "_lastChangedAt": 1705590000000,
      "_version": 4,
      "createdAt": "2024-01-08T10:00:00.000Z",
      "data": "{"root":{"type":"root","children":[{"type":"heading","tag":"h1","direction":"ltr","format":"","indent":0,"version":1,"children":[{"type":"text","text":"Basic Kanji","format":0,"detail":0,"mode":"normal","style":"","version":1}]}],"direction":"ltr","format":"","indent":0,"version":1}}",
      "description": "Introduction to the first 50 essential kanji characters",
      "featuredImage": "/story-mocks/320px-Test_sign.jpg",
      "id": "unit-kanji-basics",
      "identityId": "us-east-1:teacher-identity-2",
      "name": "Kanji Basics - First 50 Characters",
      "owner": "teacher-2",
      "published": true,
      "status": "PUBLISHED",
      "unitFiles": [Function anonymous],
      "unitWords": [Function anonymous],
      "updatedAt": "2024-01-18T15:00:00.000Z",
    },
  ],
}
[90mstdout[2m | .storybook/docs/QuickTour-Instructor.stories.tsx[2m > [22m[2m3. Section & Grades
[22m[39munitMap {
  "unit-japanese-1": {
    "_deleted": false,
    "_lastChangedAt": 1704898800000,
    "_version": 3,
    "createdAt": "2024-01-01T10:00:00.000Z",
    "data": "{"root":{"type":"root","children":[{"type":"heading","tag":"h1","direction":"ltr","format":"","indent":0,"version":1,"children":[{"type":"text","text":"Japanese Greetings","format":0,"detail":0,"mode":"normal","style":"","version":1}]}],"direction":"ltr","format":"","indent":0,"version":1}}",
    "description": "Learn basic Japanese greetings and self-introduction phrases",
    "featuredImage": "/story-mocks/piano-10046998_1280.jpg",
    "id": "unit-japanese-1",
    "identityId": "us-east-1:teacher-identity-1",
    "name": "Introduction to Japanese Greetings",
    "owner": "teacher-1",
    "published": true,
    "status": "PUBLISHED",
    "unitFiles": [Function anonymous],
    "unitWords": [Function anonymous],
    "updatedAt": "2024-01-10T15:00:00.000Z",
  },
  "unit-japanese-2": {
    "_deleted": false,
    "_lastChangedAt": 1705071600000,
    "_version": 2,
    "createdAt": "2024-01-05T10:00:00.000Z",
    "data": "{"root":{"type":"root","children":[{"type":"heading","tag":"h1","direction":"ltr","format":"","indent":0,"version":1,"children":[{"type":"text","text":"Numbers and Counting","format":0,"detail":0,"mode":"normal","style":"","version":1}]}],"direction":"ltr","format":"","indent":0,"version":1}}",
    "description": "Master numbers 1-100 and counting objects in Japanese",
    "featuredImage": "/story-mocks/animals-10008941_1280.jpg",
    "id": "unit-japanese-2",
    "identityId": "us-east-1:teacher-identity-1",
    "name": "Japanese Numbers and Counting",
    "owner": "teacher-1",
    "published": true,
    "status": "PUBLISHED",
    "timeLimitSeconds": 120,
    "unitFiles": [Function anonymous],
    "unitWords": [Function anonymous],
    "updatedAt": "2024-01-12T15:00:00.000Z",
  },
  "unit-japanese-3": {
    "_deleted": false,
    "_lastChangedAt": 1705330800000,
    "_version": 1,
    "createdAt": "2024-01-10T10:00:00.000Z",
    "data": "{"root":{"type":"root","children":[{"type":"heading","tag":"h1","direction":"ltr","format":"","indent":0,"version":1,"children":[{"type":"text","text":"Daily Activities","format":0,"detail":0,"mode":"normal","style":"","version":1}]}],"direction":"ltr","format":"","indent":0,"version":1}}",
    "description": "Vocabulary for talking about your daily routine",
    "featuredImage": "/story-mocks/namibia-9992336_1280.jpg",
    "id": "unit-japanese-3",
    "identityId": "us-east-1:teacher-identity-1",
    "name": "Daily Activities Vocabulary",
    "owner": "teacher-1",
    "published": true,
    "status": "PUBLISHED",
    "unitFiles": [Function anonymous],
    "unitWords": [Function anonymous],
    "updatedAt": "2024-01-15T15:00:00.000Z",
  },
  "unit-kanji-basics": {
    "_deleted": false,
    "_lastChangedAt": 1705590000000,
    "_version": 4,
    "createdAt": "2024-01-08T10:00:00.000Z",
    "data": "{"root":{"type":"root","children":[{"type":"heading","tag":"h1","direction":"ltr","format":"","indent":0,"version":1,"children":[{"type":"text","text":"Basic Kanji","format":0,"detail":0,"mode":"normal","style":"","version":1}]}],"direction":"ltr","format":"","indent":0,"version":1}}",
    "description": "Introduction to the first 50 essential kanji characters",
    "featuredImage": "/story-mocks/320px-Test_sign.jpg",
    "id": "unit-kanji-basics",
    "identityId": "us-east-1:teacher-identity-2",
    "name": "Kanji Basics - First 50 Characters",
    "owner": "teacher-2",
    "published": true,
    "status": "PUBLISHED",
    "unitFiles": [Function anonymous],
    "unitWords": [Function anonymous],
    "updatedAt": "2024-01-18T15:00:00.000Z",
  },
}
[90mstdout[2m | .storybook/docs/QuickTour-Instructor.stories.tsx[2m > [22m[2m3. Section & Grades
[22m[39msectionData [
  {
    "_deleted": false,
    "_lastChangedAt": 1704096000000,
    "_version": 1,
    "code": "JPN101SPRING",
    "createdAt": "2024-01-01T08:00:00.000Z",
    "description": "Beginner Japanese language course",
    "featuredImage": "/story-mocks/sand-4753305_1280.jpg",
    "id": "section-jpn-101",
    "identityId": "us-east-1:teacher-identity-1",
    "learner": "section-jpn-101-learners",
    "name": "Japanese 101 - Spring 2024",
    "owner": "teacher-1",
    "status": "PUBLISHED",
    "updatedAt": "2024-01-01T08:00:00.000Z",
  },
]
[90mstdout[2m | .storybook/docs/QuickTour-Instructor.stories.tsx[2m > [22m[2m3. Section & Grades
[22m[39m[FilesContext] File observeQuery update: 0 files
[90mstdout[2m | .storybook/docs/QuickTour-Instructor.stories.tsx[2m > [22m[2m3. Section & Grades
[22m[39m[FilesContext] File observeQuery update: 0 files
[90mstdout[2m | .storybook/docs/QuickTour-Instructor.stories.tsx[2m > [22m[2m3. Section & Grades
[22m[39m[ChatContext] AssistantChat initialized with 0 chats
[90mstdout[2m | .storybook/docs/QuickTour-Instructor.stories.tsx[2m > [22m[2m3. Section & Grades
[22m[39m[MOCK CourseVectorStore] Initialized with mock data
[90mstdout[2m | .storybook/docs/QuickTour-Instructor.stories.tsx[2m > [22m[2m3. Section & Grades
[22m[39m[MOCK CourseVectorStore] Initialized with mock data
[90mstdout[2m | .storybook/docs/QuickTour-Instructor.stories.tsx[2m > [22m[2m3. Section & Grades
[22m[39m[useChatPageContext] Cleaning up page context
[90mstdout[2m | .storybook/docs/QuickTour-Instructor.stories.tsx[2m > [22m[2m3. Section & Grades
[22m[39m[useChatPageContext] Registering page context: {
  "dictionaryCount": 0,
  "filesCount": 0,
  "hasEditorRef": false,
  "hasUnit": false,
  "hasVectorStoreSearch": false,
  "questionsCount": 0,
  "sectionsCount": 1,
}
[90mstdout[2m | .storybook/docs/QuickTour-Instructor.stories.tsx[2m > [22m[2m3. Section & Grades
[22m[39m[ChatContext] No current chat available, will create one
[90mstdout[2m | .storybook/docs/QuickTour-Instructor.stories.tsx[2m > [22m[2m3. Section & Grades
[22m[39m[ChatContext] Creating AssistantChat with user: undefined
[90mstdout[2m | .storybook/docs/QuickTour-Instructor.stories.tsx[2m > [22m[2m3. Section & Grades
[22m[39m[Mock Data] AssistantChat created: mock-assistantchat-1790416169907 - notified 1 subscribers
[90mstdout[2m | .storybook/docs/QuickTour-Instructor.stories.tsx[2m > [22m[2m3. Section & Grades
[22m[39m_sectionStudents {
  "students": [
    {
      "email": "alice@example.com",
      "id": "student-alice-sub",
      "name": "Alice Johnson",
    },
    {
      "email": "bob@example.com",
      "id": "student-bob-sub",
      "name": "Bob Smith",
    },
    {
      "email": "carol@example.com",
      "id": "student-carol-sub",
      "name": "Carol Davis",
    },
    {
      "email": "dave@example.com",
      "id": "student-dave-sub",
      "name": "Dave Wilson",
    },
    {
      "email": "eve@example.com",
      "id": "student-eve-sub",
      "name": "Eve Martinez",
    },
    {
      "email": "frank@example.com",
      "id": "student-frank-sub",
      "name": "Frank Nguyen",
    },
  ],
  "success": true,
}
[90mstdout[2m | .storybook/docs/QuickTour-Instructor.stories.tsx[2m > [22m[2m3. Section & Grades
[22m[39m_sectionStudents [
  {
    "email": "alice@example.com",
    "id": "student-alice-sub",
    "name": "Alice Johnson",
  },
  {
    "email": "bob@example.com",
    "id": "student-bob-sub",
    "name": "Bob Smith",
  },
  {
    "email": "carol@example.com",
    "id": "student-carol-sub",
    "name": "Carol Davis",
  },
  {
    "email": "dave@example.com",
    "id": "student-dave-sub",
    "name": "Dave Wilson",
  },
  {
    "email": "eve@example.com",
    "id": "student-eve-sub",
    "name": "Eve Martinez",
  },
  {
    "email": "frank@example.com",
    "id": "student-frank-sub",
    "name": "Frank Nguyen",
  },
]
[90mstdout[2m | .storybook/docs/QuickTour-Instructor.stories.tsx[2m > [22m[2m3. Section & Grades
[22m[39mfetchSectionStudents {
  "student-alice-sub": {
    "email": "alice@example.com",
    "id": "student-alice-sub",
    "name": "Alice Johnson",
  },
  "student-bob-sub": {
    "email": "bob@example.com",
    "id": "student-bob-sub",
    "name": "Bob Smith",
  },
  "student-carol-sub": {
    "email": "carol@example.com",
    "id": "student-carol-sub",
    "name": "Carol Davis",
  },
  "student-dave-sub": {
    "email": "dave@example.com",
    "id": "student-dave-sub",
    "name": "Dave Wilson",
  },
  "student-eve-sub": {
    "email": "eve@example.com",
    "id": "student-eve-sub",
    "name": "Eve Martinez",
  },
  "student-frank-sub": {
    "email": "frank@example.com",
    "id": "student-frank-sub",
    "name": "Frank Nguyen",
  },
}
[90mstdout[2m | .storybook/docs/QuickTour-Instructor.stories.tsx[2m > [22m[2m3. Section & Grades
[22m[39m[ChatContext] Create result: {
  "data": {
    "_version": 1,
    "archived": false,
    "chatFiles": [Function anonymous],
    "createdAt": "2026-09-26T09:49:29.907Z",
    "id": "mock-assistantchat-1790416169907",
    "model": "gpt-4",
    "updatedAt": "2026-09-26T09:49:29.907Z",
  },
  "errors": [],
  "hasData": true,
  "hasErrors": true,
}
[90mstdout[2m | .storybook/docs/QuickTour-Instructor.stories.tsx[2m > [22m[2m3. Section & Grades
[22m[39m[ChatContext] Created AssistantChat: mock-assistantchat-1790416169907 at: 2026-09-26T09:49:29.907Z
[90mstdout[2m | .storybook/docs/QuickTour-Instructor.stories.tsx[2m > [22m[2m3. Section & Grades
[22m[39m[Mock Storage] downloadData called with: undefined
[90mstdout[2m | .storybook/docs/QuickTour-Instructor.stories.tsx[2m > [22m[2m3. Section & Grades
[22m[39m[ChatContext] Setting initial chat: mock-assistantchat-1790416169907
[90mstdout[2m | .storybook/docs/QuickTour-Instructor.stories.tsx[2m > [22m[2m3. Section & Grades
[22m[39mstudent.id student-alice-sub
[90mstdout[2m | .storybook/docs/QuickTour-Instructor.stories.tsx[2m > [22m[2m3. Section & Grades
[22m[39massignment.unitID unit-japanese-1
[90mstdout[2m | .storybook/docs/QuickTour-Instructor.stories.tsx[2m > [22m[2m3. Section & Grades
[22m[39mgradeMap[student.id]?.[assignment.unitID] undefined
[90mstdout[2m | .storybook/docs/QuickTour-Instructor.stories.tsx[2m > [22m[2m3. Section & Grades
[22m[39mstudent.id student-alice-sub
[90mstdout[2m | .storybook/docs/QuickTour-Instructor.stories.tsx[2m > [22m[2m3. Section & Grades
[22m[39massignment.unitID unit-japanese-2
[90mstdout[2m | .storybook/docs/QuickTour-Instructor.stories.tsx[2m > [22m[2m3. Section & Grades
[22m[39mgradeMap[student.id]?.[assignment.unitID] undefined
[90mstdout[2m | .storybook/docs/QuickTour-Instructor.stories.tsx[2m > [22m[2m3. Section & Grades
[22m[39mstudent.id student-alice-sub
[90mstdout[2m | .storybook/docs/QuickTour-Instructor.stories.tsx[2m > [22m[2m3. Section & Grades
[22m[39massignment.unitID unit-japanese-3
[90mstdout[2m | .storybook/docs/QuickTour-Instructor.stories.tsx[2m > [22m[2m3. Section & Grades
[22m[39mgradeMap[student.id]?.[assignment.unitID] undefined
[90mstdout[2m | .storybook/docs/QuickTour-Instructor.stories.tsx[2m > [22m[2m3. Section & Grades
[22m[39mstudent.id student-bob-sub
[90mstdout[2m | .storybook/docs/QuickTour-Instructor.stories.tsx[2m > [22m[2m3. Section & Grades
[22m[39massignment.unitID unit-japanese-1
[90mstdout[2m | .storybook/docs/QuickTour-Instructor.stories.tsx[2m > [22m[2m3. Section & Grades
[22m[39mgradeMap[student.id]?.[assignment.unitID] undefined
[90mstdout[2m | .storybook/docs/QuickTour-Instructor.stories.tsx[2m > [22m[2m3. Section & Grades
[22m[39mstudent.id student-bob-sub
[90mstdout[2m | .storybook/docs/QuickTour-Instructor.stories.tsx[2m > [22m[2m3. Section & Grades
[22m[39massignment.unitID unit-japanese-2
[90mstdout[2m | .storybook/docs/QuickTour-Instructor.stories.tsx[2m > [22m[2m3. Section & Grades
[22m[39mgradeMap[student.id]?.[assignment.unitID] undefined
[90mstdout[2m | .storybook/docs/QuickTour-Instructor.stories.tsx[2m > [22m[2m3. Section & Grades
[22m[39mstudent.id student-bob-sub
[90mstdout[2m | .storybook/docs/QuickTour-Instructor.stories.tsx[2m > [22m[2m3. Section & Grades
[22m[39massignment.unitID unit-japanese-3
[90mstdout[2m | .storybook/docs/QuickTour-Instructor.stories.tsx[2m > [22m[2m3. Section & Grades
[22m[39mgradeMap[student.id]?.[assignment.unitID] undefined
[90mstdout[2m | .storybook/docs/QuickTour-Instructor.stories.tsx[2m > [22m[2m3. Section & Grades
[22m[39mstudent.id student-carol-sub
[90mstdout[2m | .storybook/docs/QuickTour-Instructor.stories.tsx[2m > [22m[2m3. Section & Grades
[22m[39massignment.unitID unit-japanese-1
[90mstdout[2m | .storybook/docs/QuickTour-Instructor.stories.tsx[2m > [22m[2m3. Section & Grades
[22m[39mgradeMap[student.id]?.[assignment.unitID] undefined
[90mstdout[2m | .storybook/docs/QuickTour-Instructor.stories.tsx[2m > [22m[2m3. Section & Grades
[22m[39mstudent.id student-carol-sub
[90mstdout[2m | .storybook/docs/QuickTour-Instructor.stories.tsx[2m > [22m[2m3. Section & Grades
[22m[39massignment.unitID unit-japanese-2
[90mstdout[2m | .storybook/docs/QuickTour-Instructor.stories.tsx[2m > [22m[2m3. Section & Grades
[22m[39mgradeMap[student.id]?.[assignment.unitID] undefined
[90mstdout[2m | .storybook/docs/QuickTour-Instructor.stories.tsx[2m > [22m[2m3. Section & Grades
[22m[39mstudent.id student-carol-sub
[90mstdout[2m | .storybook/docs/QuickTour-Instructor.stories.tsx[2m > [22m[2m3. Section & Grades
[22m[39massignment.unitID unit-japanese-3
[90mstdout[2m | .storybook/docs/QuickTour-Instructor.stories.tsx[2m > [22m[2m3. Section & Grades
[22m[39mgradeMap[student.id]?.[assignment.unitID] undefined
[90mstdout[2m | .storybook/docs/QuickTour-Instructor.stories.tsx[2m > [22m[2m3. Section & Grades
[22m[39mstudent.id student-dave-sub
[90mstdout[2m | .storybook/docs/QuickTour-Instructor.stories.tsx[2m > [22m[2m3. Section & Grades
[22m[39massignment.unitID unit-japanese-1
[90mstdout[2m | .storybook/docs/QuickTour-Instructor.stories.tsx[2m > [22m[2m3. Section & Grades
[22m[39mgradeMap[student.id]?.[assignment.unitID] undefined
[90mstdout[2m | .storybook/docs/QuickTour-Instructor.stories.tsx[2m > [22m[2m3. Section & Grades
[22m[39mstudent.id student-dave-sub
[90mstdout[2m | .storybook/docs/QuickTour-Instructor.stories.tsx[2m > [22m[2m3. Section & Grades
[22m[39massignment.unitID unit-japanese-2
[90mstdout[2m | .storybook/docs/QuickTour-Instructor.stories.tsx[2m > [22m[2m3. Section & Grades
[22m[39mgradeMap[student.id]?.[assignment.unitID] undefined
[90mstdout[2m | .storybook/docs/QuickTour-Instructor.stories.tsx[2m > [22m[2m3. Section & Grades
[22m[39mstudent.id student-dave-sub
[90mstdout[2m | .storybook/docs/QuickTour-Instructor.stories.tsx[2m > [22m[2m3. Section & Grades
[22m[39massignment.unitID unit-japanese-3
[90mstdout[2m | .storybook/docs/QuickTour-Instructor.stories.tsx[2m > [22m[2m3. Section & Grades
[22m[39mgradeMap[student.id]?.[assignment.unitID] undefined
[90mstdout[2m | .storybook/docs/QuickTour-Instructor.stories.tsx[2m > [22m[2m3. Section & Grades
[22m[39mstudent.id student-eve-sub
[90mstdout[2m | .storybook/docs/QuickTour-Instructor.stories.tsx[2m > [22m[2m3. Section & Grades
[22m[39massignment.unitID unit-japanese-1
[90mstdout[2m | .storybook/docs/QuickTour-Instructor.stories.tsx[2m > [22m[2m3. Section & Grades
[22m[39mgradeMap[student.id]?.[assignment.unitID] undefined
[90mstdout[2m | .storybook/docs/QuickTour-Instructor.stories.tsx[2m > [22m[2m3. Section & Grades
[22m[39mstudent.id student-eve-sub
[90mstdout[2m | .storybook/docs/QuickTour-Instructor.stories.tsx[2m > [22m[2m3. Section & Grades
[22m[39massignment.unitID unit-japanese-2
[90mstdout[2m | .storybook/docs/QuickTour-Instructor.stories.tsx[2m > [22m[2m3. Section & Grades
[22m[39mgradeMap[student.id]?.[assignment.unitID] undefined
[90mstdout[2m | .storybook/docs/QuickTour-Instructor.stories.tsx[2m > [22m[2m3. Section & Grades
[22m[39mstudent.id student-eve-sub
[90mstdout[2m | .storybook/docs/QuickTour-Instructor.stories.tsx[2m > [22m[2m3. Section & Grades
[22m[39massignment.unitID unit-japanese-3
[90mstdout[2m | .storybook/docs/QuickTour-Instructor.stories.tsx[2m > [22m[2m3. Section & Grades
[22m[39mgradeMap[student.id]?.[assignment.unitID] undefined
[90mstdout[2m | .storybook/docs/QuickTour-Instructor.stories.tsx[2m > [22m[2m3. Section & Grades
[22m[39mstudent.id student-frank-sub
[90mstdout[2m | .storybook/docs/QuickTour-Instructor.stories.tsx[2m > [22m[2m3. Section & Grades
[22m[39massignment.unitID unit-japanese-1
[90mstdout[2m | .storybook/docs/QuickTour-Instructor.stories.tsx[2m > [22m[2m3. Section & Grades
[22m[39mgradeMap[student.id]?.[assignment.unitID] undefined
[90mstdout[2m | .storybook/docs/QuickTour-Instructor.stories.tsx[2m > [22m[2m3. Section & Grades
[22m[39mstudent.id student-frank-sub
[90mstdout[2m | .storybook/docs/QuickTour-Instructor.stories.tsx[2m > [22m[2m3. Section & Grades
[22m[39massignment.unitID unit-japanese-2
[90mstdout[2m | .storybook/docs/QuickTour-Instructor.stories.tsx[2m > [22m[2m3. Section & Grades
[22m[39mgradeMap[student.id]?.[assignment.unitID] undefined
[90mstdout[2m | .storybook/docs/QuickTour-Instructor.stories.tsx[2m > [22m[2m3. Section & Grades
[22m[39mstudent.id student-frank-sub
[90mstdout[2m | .storybook/docs/QuickTour-Instructor.stories.tsx[2m > [22m[2m3. Section & Grades
[22m[39massignment.unitID unit-japanese-3
[90mstdout[2m | .storybook/docs/QuickTour-Instructor.stories.tsx[2m > [22m[2m3. Section & Grades
[22m[39mgradeMap[student.id]?.[assignment.unitID] undefined
[90mstdout[2m | .storybook/docs/QuickTour-Instructor.stories.tsx[2m > [22m[2m3. Section & Grades
[22m[39m[ChatContext] Chat exists and not archived, skipping creation
[90mstdout[2m | .storybook/docs/QuickTour-Instructor.stories.tsx[2m > [22m[2m3. Section & Grades
[22m[39m[Mock Storage] downloadData called with: undefined
[90mstdout[2m | .storybook/docs/QuickTour-Instructor.stories.tsx[2m > [22m[2m3. Section & Grades
[22m[39mstudent.id student-alice-sub
[90mstdout[2m | .storybook/docs/QuickTour-Instructor.stories.tsx[2m > [22m[2m3. Section & Grades
[22m[39massignment.unitID unit-japanese-1
[90mstdout[2m | .storybook/docs/QuickTour-Instructor.stories.tsx[2m > [22m[2m3. Section & Grades
[22m[39mgradeMap[student.id]?.[assignment.unitID] {
  "average": 95.5,
  "count": 2,
  "highest": {
    "_deleted": false,
    "_lastChangedAt": 1790243361778,
    "_version": 5,
    "accuracy": 97,
    "complete": true,
    "createdAt": "2024-01-22T10:00:00.000Z",
    "data": "{"quiz-block-1":{"complete":true,"accuracy":100},"meaning-assoc-1":{"complete":true,"accuracy":100},"custom-q-1":{"complete":true,"accuracy":92}}",
    "feedback": "{"overall":"Even better! Perfect score on vocabulary."}",
    "files": [],
    "id": "grade-alice-1-attempt2",
    "identityId": "identity-alice",
    "instructor": "teacher-1",
    "moderationCheckedAt": "2024-01-22T14:00:00.000Z",
    "moderationFlags": null,
    "moderationStatus": "approved",
    "owner": "student-alice-sub",
    "percentComplete": 100,
    "sectionID": "section-jpn-101",
    "timerStarted": true,
    "unitID": "unit-japanese-1",
    "unitVersion": 1,
    "updatedAt": "2026-09-24T09:49:21.778Z",
  },
  "sum": 191,
}
[90mstdout[2m | .storybook/docs/QuickTour-Instructor.stories.tsx[2m > [22m[2m3. Section & Grades
[22m[39mstudent.id student-alice-sub
[90mstdout[2m | .storybook/docs/QuickTour-Instructor.stories.tsx[2m > [22m[2m3. Section & Grades
[22m[39massignment.unitID unit-japanese-2
[90mstdout[2m | .storybook/docs/QuickTour-Instructor.stories.tsx[2m > [22m[2m3. Section & Grades
[22m[39mgradeMap[student.id]?.[assignment.unitID] undefined
[90mstdout[2m | .storybook/docs/QuickTour-Instructor.stories.tsx[2m > [22m[2m3. Section & Grades
[22m[39mstudent.id student-alice-sub
[90mstdout[2m | .storybook/docs/QuickTour-Instructor.stories.tsx[2m > [22m[2m3. Section & Grades
[22m[39massignment.unitID unit-japanese-3
[90mstdout[2m | .storybook/docs/QuickTour-Instructor.stories.tsx[2m > [22m[2m3. Section & Grades
[22m[39mgradeMap[student.id]?.[assignment.unitID] undefined
[90mstdout[2m | .storybook/docs/QuickTour-Instructor.stories.tsx[2m > [22m[2m3. Section & Grades
[22m[39mstudent.id student-bob-sub
[90mstdout[2m | .storybook/docs/QuickTour-Instructor.stories.tsx[2m > [22m[2m3. Section & Grades
[22m[39massignment.unitID unit-japanese-1
[90mstdout[2m | .storybook/docs/QuickTour-Instructor.stories.tsx[2m > [22m[2m3. Section & Grades
[22m[39mgradeMap[student.id]?.[assignment.unitID] {
  "average": 87,
  "count": 1,
  "highest": {
    "_deleted": false,
    "_lastChangedAt": 1705831200000,
    "_version": 4,
    "accuracy": 87,
    "complete": true,
    "createdAt": "2024-01-17T11:00:00.000Z",
    "data": "{"quiz-block-1":{"complete":true,"accuracy":90},"meaning-assoc-1":{"complete":true,"accuracy":85},"custom-q-1":{"complete":true,"accuracy":86}}",
    "files": [],
    "id": "grade-bob-1",
    "identityId": "identity-bob",
    "instructor": "teacher-1",
    "owner": "student-bob-sub",
    "percentComplete": 100,
    "sectionID": "section-jpn-101",
    "timerStarted": true,
    "unitID": "unit-japanese-1",
    "unitVersion": 1,
    "updatedAt": "2024-01-21T10:00:00.000Z",
  },
  "sum": 87,
}
[90mstdout[2m | .storybook/docs/QuickTour-Instructor.stories.tsx[2m > [22m[2m3. Section & Grades
[22m[39mstudent.id student-bob-sub
[90mstdout[2m | .storybook/docs/QuickTour-Instructor.stories.tsx[2m > [22m[2m3. Section & Grades
[22m[39massignment.unitID unit-japanese-2
[90mstdout[2m | .storybook/docs/QuickTour-Instructor.stories.tsx[2m > [22m[2m3. Section & Grades
[22m[39mgradeMap[student.id]?.[assignment.unitID] {
  "average": 82,
  "count": 1,
  "highest": {
    "_deleted": false,
    "_lastChangedAt": 1790070561778,
    "_version": 3,
    "accuracy": 82,
    "complete": true,
    "createdAt": "2024-01-18T14:00:00.000Z",
    "data": "{"quiz-block-1":{"complete":true,"accuracy":80},"meaning-assoc-1":{"complete":true,"accuracy":85},"custom-q-1":{"complete":true,"accuracy":81}}",
    "files": [],
    "id": "grade-bob-2",
    "identityId": "identity-bob",
    "instructor": "teacher-1",
    "owner": "student-bob-sub",
    "percentComplete": 100,
    "sectionID": "section-jpn-101",
    "timerStarted": true,
    "unitID": "unit-japanese-2",
    "unitVersion": 1,
    "updatedAt": "2026-09-22T09:49:21.778Z",
  },
  "sum": 82,
}
[90mstdout[2m | .storybook/docs/QuickTour-Instructor.stories.tsx[2m > [22m[2m3. Section & Grades
[22m[39mstudent.id student-bob-sub
[90mstdout[2m | .storybook/docs/QuickTour-Instructor.stories.tsx[2m > [22m[2m3. Section & Grades
[22m[39massignment.unitID unit-japanese-3
[90mstdout[2m | .storybook/docs/QuickTour-Instructor.stories.tsx[2m > [22m[2m3. Section & Grades
[22m[39mgradeMap[student.id]?.[assignment.unitID] undefined
[90mstdout[2m | .storybook/docs/QuickTour-Instructor.stories.tsx[2m > [22m[2m3. Section & Grades
[22m[39mstudent.id student-carol-sub
[90mstdout[2m | .storybook/docs/QuickTour-Instructor.stories.tsx[2m > [22m[2m3. Section & Grades
[22m[39massignment.unitID unit-japanese-1
[90mstdout[2m | .storybook/docs/QuickTour-Instructor.stories.tsx[2m > [22m[2m3. Section & Grades
[22m[39mgradeMap[student.id]?.[assignment.unitID] {
  "average": 91,
  "count": 1,
  "highest": {
    "_deleted": false,
    "_lastChangedAt": 1705760100000,
    "_version": 5,
    "accuracy": 91,
    "complete": true,
    "createdAt": "2024-01-16T15:00:00.000Z",
    "data": "{"quiz-block-1":{"complete":true,"accuracy":95},"meaning-assoc-1":{"complete":true,"accuracy":90},"custom-q-1":{"complete":true,"accuracy":88}}",
    "files": [],
    "id": "grade-carol-1",
    "identityId": "identity-carol",
    "instructor": "teacher-1",
    "owner": "student-carol-sub",
    "percentComplete": 100,
    "sectionID": "section-jpn-101",
    "timerStarted": true,
    "unitID": "unit-japanese-1",
    "unitVersion": 1,
    "updatedAt": "2024-01-20T14:15:00.000Z",
  },
  "sum": 91,
}
[90mstdout[2m | .storybook/docs/QuickTour-Instructor.stories.tsx[2m > [22m[2m3. Section & Grades
[22m[39mstudent.id student-carol-sub
[90mstdout[2m | .storybook/docs/QuickTour-Instructor.stories.tsx[2m > [22m[2m3. Section & Grades
[22m[39massignment.unitID unit-japanese-2
[90mstdout[2m | .storybook/docs/QuickTour-Instructor.stories.tsx[2m > [22m[2m3. Section & Grades
[22m[39mgradeMap[student.id]?.[assignment.unitID] undefined
[90mstdout[2m | .storybook/docs/QuickTour-Instructor.stories.tsx[2m > [22m[2m3. Section & Grades
[22m[39mstudent.id student-carol-sub
[90mstdout[2m | .storybook/docs/QuickTour-Instructor.stories.tsx[2m > [22m[2m3. Section & Grades
[22m[39massignment.unitID unit-japanese-3
[90mstdout[2m | .storybook/docs/QuickTour-Instructor.stories.tsx[2m > [22m[2m3. Section & Grades
[22m[39mgradeMap[student.id]?.[assignment.unitID] undefined
[90mstdout[2m | .storybook/docs/QuickTour-Instructor.stories.tsx[2m > [22m[2m3. Section & Grades
[22m[39mstudent.id student-dave-sub
[90mstdout[2m | .storybook/docs/QuickTour-Instructor.stories.tsx[2m > [22m[2m3. Section & Grades
[22m[39massignment.unitID unit-japanese-1
[90mstdout[2m | .storybook/docs/QuickTour-Instructor.stories.tsx[2m > [22m[2m3. Section & Grades
[22m[39mgradeMap[student.id]?.[assignment.unitID] {
  "average": 78,
  "count": 1,
  "highest": {
    "_deleted": false,
    "_lastChangedAt": 1705996800000,
    "_version": 6,
    "accuracy": 78,
    "complete": true,
    "createdAt": "2024-01-18T09:00:00.000Z",
    "data": "{"quiz-block-1":{"complete":true,"accuracy":75},"meaning-assoc-1":{"complete":true,"accuracy":80},"custom-q-1":{"complete":true,"accuracy":79}}",
    "files": [],
    "id": "grade-dave-1",
    "identityId": "identity-dave",
    "instructor": "teacher-1",
    "owner": "student-dave-sub",
    "percentComplete": 100,
    "sectionID": "section-jpn-101",
    "timerStarted": true,
    "unitID": "unit-japanese-1",
    "unitVersion": 1,
    "updatedAt": "2024-01-23T08:00:00.000Z",
  },
  "sum": 78,
}
[90mstdout[2m | .storybook/docs/QuickTour-Instructor.stories.tsx[2m > [22m[2m3. Section & Grades
[22m[39mstudent.id student-dave-sub
[90mstdout[2m | .storybook/docs/QuickTour-Instructor.stories.tsx[2m > [22m[2m3. Section & Grades
[22m[39massignment.unitID unit-japanese-2
[90mstdout[2m | .storybook/docs/QuickTour-Instructor.stories.tsx[2m > [22m[2m3. Section & Grades
[22m[39mgradeMap[student.id]?.[assignment.unitID] {
  "average": 84,
  "count": 1,
  "highest": {
    "_deleted": false,
    "_lastChangedAt": 1790243361778,
    "_version": 3,
    "accuracy": 84,
    "complete": true,
    "createdAt": "2024-01-22T13:00:00.000Z",
    "data": "{"quiz-block-1":{"complete":true,"accuracy":85},"meaning-assoc-1":{"complete":true,"accuracy":83},"custom-q-1":{"complete":true,"accuracy":84}}",
    "files": [],
    "id": "grade-dave-2",
    "identityId": "identity-dave",
    "instructor": "teacher-1",
    "owner": "student-dave-sub",
    "percentComplete": 100,
    "sectionID": "section-jpn-101",
    "timerStarted": true,
    "unitID": "unit-japanese-2",
    "unitVersion": 1,
    "updatedAt": "2026-09-24T09:49:21.778Z",
  },
  "sum": 84,
}
[90mstdout[2m | .storybook/docs/QuickTour-Instructor.stories.tsx[2m > [22m[2m3. Section & Grades
[22m[39mstudent.id student-dave-sub
[90mstdout[2m | .storybook/docs/QuickTour-Instructor.stories.tsx[2m > [22m[2m3. Section & Grades
[22m[39massignment.unitID unit-japanese-3
[90mstdout[2m | .storybook/docs/QuickTour-Instructor.stories.tsx[2m > [22m[2m3. Section & Grades
[22m[39mgradeMap[student.id]?.[assignment.unitID] undefined
[90mstdout[2m | .storybook/docs/QuickTour-Instructor.stories.tsx[2m > [22m[2m3. Section & Grades
[22m[39mstudent.id student-eve-sub
[90mstdout[2m | .storybook/docs/QuickTour-Instructor.stories.tsx[2m > [22m[2m3. Section & Grades
[22m[39massignment.unitID unit-japanese-1
[90mstdout[2m | .storybook/docs/QuickTour-Instructor.stories.tsx[2m > [22m[2m3. Section & Grades
[22m[39mgradeMap[student.id]?.[assignment.unitID] {
  "average": 42,
  "count": 1,
  "highest": {
    "_deleted": false,
    "_lastChangedAt": 1705680000000,
    "_version": 2,
    "accuracy": 42,
    "complete": true,
    "createdAt": "2024-01-17T09:00:00.000Z",
    "data": "{"quiz-block-1":{"complete":true,"accuracy":45},"meaning-assoc-1":{"complete":true,"accuracy":40},"custom-q-1":{"complete":true,"accuracy":41}}",
    "files": [],
    "id": "grade-eve-1",
    "identityId": "identity-eve",
    "instructor": "teacher-1",
    "owner": "student-eve-sub",
    "percentComplete": 100,
    "sectionID": "section-jpn-101",
    "timerStarted": true,
    "unitID": "unit-japanese-1",
    "unitVersion": 1,
    "updatedAt": "2024-01-19T16:00:00.000Z",
  },
  "sum": 42,
}
[90mstdout[2m | .storybook/docs/QuickTour-Instructor.stories.tsx[2m > [22m[2m3. Section & Grades
[22m[39mstudent.id student-eve-sub
[90mstdout[2m | .storybook/docs/QuickTour-Instructor.stories.tsx[2m > [22m[2m3. Section & Grades
[22m[39massignment.unitID unit-japanese-2
[90mstdout[2m | .storybook/docs/QuickTour-Instructor.stories.tsx[2m > [22m[2m3. Section & Grades
[22m[39mgradeMap[student.id]?.[assignment.unitID] {
  "average": 55,
  "count": 1,
  "highest": {
    "_deleted": false,
    "_lastChangedAt": 1705834800000,
    "_version": 2,
    "accuracy": 55,
    "complete": true,
    "createdAt": "2024-01-20T09:00:00.000Z",
    "data": "{"quiz-block-1":{"complete":true,"accuracy":58},"meaning-assoc-1":{"complete":true,"accuracy":52},"custom-q-1":{"complete":true,"accuracy":55}}",
    "files": [],
    "id": "grade-eve-2",
    "identityId": "identity-eve",
    "instructor": "teacher-1",
    "owner": "student-eve-sub",
    "percentComplete": 100,
    "sectionID": "section-jpn-101",
    "timerStarted": true,
    "unitID": "unit-japanese-2",
    "unitVersion": 1,
    "updatedAt": "2024-01-21T11:00:00.000Z",
  },
  "sum": 55,
}
[90mstdout[2m | .storybook/docs/QuickTour-Instructor.stories.tsx[2m > [22m[2m3. Section & Grades
[22m[39mstudent.id student-eve-sub
[90mstdout[2m | .storybook/docs/QuickTour-Instructor.stories.tsx[2m > [22m[2m3. Section & Grades
[22m[39massignment.unitID unit-japanese-3
[90mstdout[2m | .storybook/docs/QuickTour-Instructor.stories.tsx[2m > [22m[2m3. Section & Grades
[22m[39mgradeMap[student.id]?.[assignment.unitID] undefined
[90mstdout[2m | .storybook/docs/QuickTour-Instructor.stories.tsx[2m > [22m[2m3. Section & Grades
[22m[39mstudent.id student-frank-sub
[90mstdout[2m | .storybook/docs/QuickTour-Instructor.stories.tsx[2m > [22m[2m3. Section & Grades
[22m[39massignment.unitID unit-japanese-1
[90mstdout[2m | .storybook/docs/QuickTour-Instructor.stories.tsx[2m > [22m[2m3. Section & Grades
[22m[39mgradeMap[student.id]?.[assignment.unitID] {
  "average": 68,
  "count": 1,
  "highest": {
    "_deleted": false,
    "_lastChangedAt": 1789897761778,
    "_version": 2,
    "accuracy": 68,
    "complete": true,
    "createdAt": "2024-01-19T09:00:00.000Z",
    "data": "{"quiz-block-1":{"complete":true,"accuracy":70},"meaning-assoc-1":{"complete":true,"accuracy":65},"custom-q-1":{"complete":true,"accuracy":69}}",
    "files": [],
    "id": "grade-frank-1",
    "identityId": "identity-frank",
    "instructor": "teacher-1",
    "owner": "student-frank-sub",
    "percentComplete": 100,
    "sectionID": "section-jpn-101",
    "timerStarted": true,
    "unitID": "unit-japanese-1",
    "unitVersion": 1,
    "updatedAt": "2026-09-20T09:49:21.778Z",
  },
  "sum": 68,
}
[90mstdout[2m | .storybook/docs/QuickTour-Instructor.stories.tsx[2m > [22m[2m3. Section & Grades
[22m[39mstudent.id student-frank-sub
[90mstdout[2m | .storybook/docs/QuickTour-Instructor.stories.tsx[2m > [22m[2m3. Section & Grades
[22m[39massignment.unitID unit-japanese-2
[90mstdout[2m | .storybook/docs/QuickTour-Instructor.stories.tsx[2m > [22m[2m3. Section & Grades
[22m[39mgradeMap[student.id]?.[assignment.unitID] undefined
[90mstdout[2m | .storybook/docs/QuickTour-Instructor.stories.tsx[2m > [22m[2m3. Section & Grades
[22m[39mstudent.id student-frank-sub
[90mstdout[2m | .storybook/docs/QuickTour-Instructor.stories.tsx[2m > [22m[2m3. Section & Grades
[22m[39massignment.unitID unit-japanese-3
[90mstdout[2m | .storybook/docs/QuickTour-Instructor.stories.tsx[2m > [22m[2m3. Section & Grades
[22m[39mgradeMap[student.id]?.[assignment.unitID] {
  "average": 72,
  "count": 1,
  "highest": {
    "_deleted": false,
    "_lastChangedAt": 1789984161778,
    "_version": 2,
    "accuracy": 72,
    "complete": true,
    "createdAt": "2024-01-21T09:00:00.000Z",
    "data": "{"quiz-block-1":{"complete":true,"accuracy":74},"meaning-assoc-1":{"complete":true,"accuracy":70},"custom-q-1":{"complete":true,"accuracy":72}}",
    "files": [],
    "id": "grade-frank-2",
    "identityId": "identity-frank",
    "instructor": "teacher-1",
    "owner": "student-frank-sub",
    "percentComplete": 100,
    "sectionID": "section-jpn-101",
    "timerStarted": true,
    "unitID": "unit-japanese-3",
    "unitVersion": 1,
    "updatedAt": "2026-09-21T09:49:21.778Z",
  },
  "sum": 72,
}
[90mstdout[2m | .storybook/docs/QuickTour-Instructor.stories.tsx[2m > [22m[2m3. Section & Grades
[22m[39mMock Cache.getItem called with: getCachedUrl_/story-mocks/sand-4753305_1280.jpg
[90mstdout[2m | .storybook/docs/QuickTour-Instructor.stories.tsx[2m > [22m[2m3. Section & Grades
[22m[39mMock getUrl called with: /story-mocks/sand-4753305_1280.jpg
[90mstdout[2m | .storybook/docs/QuickTour-Instructor.stories.tsx[2m > [22m[2m3. Section & Grades
[22m[39mMock Cache.setItem called with: getCachedUrl_/story-mocks/sand-4753305_1280.jpg /story-mocks/sand-4753305_1280.jpg
[90mstdout[2m | .storybook/docs/QuickTour-Instructor.stories.tsx[2m > [22m[2m3. Section & Grades
[22m[39m[Mock Data] Section updated: section-jpn-101 - notified 1 subscribers
[90mstdout[2m | .storybook/docs/QuickTour-Instructor.stories.tsx[2m > [22m[2m3. Section & Grades
[22m[39msectionData [
  {
    "_deleted": false,
    "_lastChangedAt": 1704096000000,
    "_version": 2,
    "code": "JPN101SPRING",
    "createdAt": "2024-01-01T08:00:00.000Z",
    "curveSettings": [],
    "description": "Beginner Japanese language course",
    "featuredImage": "/story-mocks/sand-4753305_1280.jpg",
    "id": "section-jpn-101",
    "identityId": "us-east-1:teacher-identity-1",
    "learner": "section-jpn-101-learners",
    "name": "Japanese 101 - Spring 2024",
    "owner": "teacher-1",
    "status": "PUBLISHED",
    "updatedAt": "2026-09-26T09:49:30.703Z",
  },
]
[90mstdout[2m | .storybook/docs/QuickTour-Instructor.stories.tsx[2m > [22m[2m3. Section & Grades
[22m[39mstudent.id student-alice-sub
[90mstdout[2m | .storybook/docs/QuickTour-Instructor.stories.tsx[2m > [22m[2m3. Section & Grades
[22m[39massignment.unitID unit-japanese-1
[90mstdout[2m | .storybook/docs/QuickTour-Instructor.stories.tsx[2m > [22m[2m3. Section & Grades
[22m[39mgradeMap[student.id]?.[assignment.unitID] {
  "average": 95.5,
  "count": 2,
  "highest": {
    "_deleted": false,
    "_lastChangedAt": 1790243361778,
    "_version": 5,
    "accuracy": 97,
    "complete": true,
    "createdAt": "2024-01-22T10:00:00.000Z",
    "data": "{"quiz-block-1":{"complete":true,"accuracy":100},"meaning-assoc-1":{"complete":true,"accuracy":100},"custom-q-1":{"complete":true,"accuracy":92}}",
    "feedback": "{"overall":"Even better! Perfect score on vocabulary."}",
    "files": [],
    "id": "grade-alice-1-attempt2",
    "identityId": "identity-alice",
    "instructor": "teacher-1",
    "moderationCheckedAt": "2024-01-22T14:00:00.000Z",
    "moderationFlags": null,
    "moderationStatus": "approved",
    "owner": "student-alice-sub",
    "percentComplete": 100,
    "sectionID": "section-jpn-101",
    "timerStarted": true,
    "unitID": "unit-japanese-1",
    "unitVersion": 1,
    "updatedAt": "2026-09-24T09:49:21.778Z",
  },
  "sum": 191,
}
[90mstdout[2m | .storybook/docs/QuickTour-Instructor.stories.tsx[2m > [22m[2m3. Section & Grades
[22m[39mstudent.id student-alice-sub
[90mstdout[2m | .storybook/docs/QuickTour-Instructor.stories.tsx[2m > [22m[2m3. Section & Grades
[22m[39massignment.unitID unit-japanese-2
[90mstdout[2m | .storybook/docs/QuickTour-Instructor.stories.tsx[2m > [22m[2m3. Section & Grades
[22m[39mgradeMap[student.id]?.[assignment.unitID] undefined
[90mstdout[2m | .storybook/docs/QuickTour-Instructor.stories.tsx[2m > [22m[2m3. Section & Grades
[22m[39mstudent.id student-alice-sub
[90mstdout[2m | .storybook/docs/QuickTour-Instructor.stories.tsx[2m > [22m[2m3. Section & Grades
[22m[39massignment.unitID unit-japanese-3
[90mstdout[2m | .storybook/docs/QuickTour-Instructor.stories.tsx[2m > [22m[2m3. Section & Grades
[22m[39mgradeMap[student.id]?.[assignment.unitID] undefined
[90mstdout[2m | .storybook/docs/QuickTour-Instructor.stories.tsx[2m > [22m[2m3. Section & Grades
[22m[39mstudent.id student-bob-sub
[90mstdout[2m | .storybook/docs/QuickTour-Instructor.stories.tsx[2m > [22m[2m3. Section & Grades
[22m[39massignment.unitID unit-japanese-1
[90mstdout[2m | .storybook/docs/QuickTour-Instructor.stories.tsx[2m > [22m[2m3. Section & Grades
[22m[39mgradeMap[student.id]?.[assignment.unitID] {
  "average": 87,
  "count": 1,
  "highest": {
    "_deleted": false,
    "_lastChangedAt": 1705831200000,
    "_version": 4,
    "accuracy": 87,
    "complete": true,
    "createdAt": "2024-01-17T11:00:00.000Z",
    "data": "{"quiz-block-1":{"complete":true,"accuracy":90},"meaning-assoc-1":{"complete":true,"accuracy":85},"custom-q-1":{"complete":true,"accuracy":86}}",
    "files": [],
    "id": "grade-bob-1",
    "identityId": "identity-bob",
    "instructor": "teacher-1",
    "owner": "student-bob-sub",
    "percentComplete": 100,
    "sectionID": "section-jpn-101",
    "timerStarted": true,
    "unitID": "unit-japanese-1",
    "unitVersion": 1,
    "updatedAt": "2024-01-21T10:00:00.000Z",
  },
  "sum": 87,
}
[90mstdout[2m | .storybook/docs/QuickTour-Instructor.stories.tsx[2m > [22m[2m3. Section & Grades
[22m[39mstudent.id student-bob-sub
[90mstdout[2m | .storybook/docs/QuickTour-Instructor.stories.tsx[2m > [22m[2m3. Section & Grades
[22m[39massignment.unitID unit-japanese-2
[90mstdout[2m | .storybook/docs/QuickTour-Instructor.stories.tsx[2m > [22m[2m3. Section & Grades
[22m[39mgradeMap[student.id]?.[assignment.unitID] {
  "average": 82,
  "count": 1,
  "highest": {
    "_deleted": false,
    "_lastChangedAt": 1790070561778,
    "_version": 3,
    "accuracy": 82,
    "complete": true,
    "createdAt": "2024-01-18T14:00:00.000Z",
    "data": "{"quiz-block-1":{"complete":true,"accuracy":80},"meaning-assoc-1":{"complete":true,"accuracy":85},"custom-q-1":{"complete":true,"accuracy":81}}",
    "files": [],
    "id": "grade-bob-2",
    "identityId": "identity-bob",
    "instructor": "teacher-1",
    "owner": "student-bob-sub",
    "percentComplete": 100,
    "sectionID": "section-jpn-101",
    "timerStarted": true,
    "unitID": "unit-japanese-2",
    "unitVersion": 1,
    "updatedAt": "2026-09-22T09:49:21.778Z",
  },
  "sum": 82,
}
[90mstdout[2m | .storybook/docs/QuickTour-Instructor.stories.tsx[2m > [22m[2m3. Section & Grades
[22m[39mstudent.id student-bob-sub
[90mstdout[2m | .storybook/docs/QuickTour-Instructor.stories.tsx[2m > [22m[2m3. Section & Grades
[22m[39massignment.unitID unit-japanese-3
[90mstdout[2m | .storybook/docs/QuickTour-Instructor.stories.tsx[2m > [22m[2m3. Section & Grades
[22m[39mgradeMap[student.id]?.[assignment.unitID] undefined
[90mstdout[2m | .storybook/docs/QuickTour-Instructor.stories.tsx[2m > [22m[2m3. Section & Grades
[22m[39mstudent.id student-carol-sub
[90mstdout[2m | .storybook/docs/QuickTour-Instructor.stories.tsx[2m > [22m[2m3. Section & Grades
[22m[39massignment.unitID unit-japanese-1
[90mstdout[2m | .storybook/docs/QuickTour-Instructor.stories.tsx[2m > [22m[2m3. Section & Grades
[22m[39mgradeMap[student.id]?.[assignment.unitID] {
  "average": 91,
  "count": 1,
  "highest": {
    "_deleted": false,
    "_lastChangedAt": 1705760100000,
    "_version": 5,
    "accuracy": 91,
    "complete": true,
    "createdAt": "2024-01-16T15:00:00.000Z",
    "data": "{"quiz-block-1":{"complete":true,"accuracy":95},"meaning-assoc-1":{"complete":true,"accuracy":90},"custom-q-1":{"complete":true,"accuracy":88}}",
    "files": [],
    "id": "grade-carol-1",
    "identityId": "identity-carol",
    "instructor": "teacher-1",
    "owner": "student-carol-sub",
    "percentComplete": 100,
    "sectionID": "section-jpn-101",
    "timerStarted": true,
    "unitID": "unit-japanese-1",
    "unitVersion": 1,
    "updatedAt": "2024-01-20T14:15:00.000Z",
  },
  "sum": 91,
}
[90mstdout[2m | .storybook/docs/QuickTour-Instructor.stories.tsx[2m > [22m[2m3. Section & Grades
[22m[39mstudent.id student-carol-sub
[90mstdout[2m | .storybook/docs/QuickTour-Instructor.stories.tsx[2m > [22m[2m3. Section & Grades
[22m[39massignment.unitID unit-japanese-2
[90mstdout[2m | .storybook/docs/QuickTour-Instructor.stories.tsx[2m > [22m[2m3. Section & Grades
[22m[39mgradeMap[student.id]?.[assignment.unitID] undefined
[90mstdout[2m | .storybook/docs/QuickTour-Instructor.stories.tsx[2m > [22m[2m3. Section & Grades
[22m[39mstudent.id student-carol-sub
[90mstdout[2m | .storybook/docs/QuickTour-Instructor.stories.tsx[2m > [22m[2m3. Section & Grades
[22m[39massignment.unitID unit-japanese-3
[90mstdout[2m | .storybook/docs/QuickTour-Instructor.stories.tsx[2m > [22m[2m3. Section & Grades
[22m[39mgradeMap[student.id]?.[assignment.unitID] undefined
[90mstdout[2m | .storybook/docs/QuickTour-Instructor.stories.tsx[2m > [22m[2m3. Section & Grades
[22m[39mstudent.id student-dave-sub
[90mstdout[2m | .storybook/docs/QuickTour-Instructor.stories.tsx[2m > [22m[2m3. Section & Grades
[22m[39massignment.unitID unit-japanese-1
[90mstdout[2m | .storybook/docs/QuickTour-Instructor.stories.tsx[2m > [22m[2m3. Section & Grades
[22m[39mgradeMap[student.id]?.[assignment.unitID] {
  "average": 78,
  "count": 1,
  "highest": {
    "_deleted": false,
    "_lastChangedAt": 1705996800000,
    "_version": 6,
    "accuracy": 78,
    "complete": true,
    "createdAt": "2024-01-18T09:00:00.000Z",
    "data": "{"quiz-block-1":{"complete":true,"accuracy":75},"meaning-assoc-1":{"complete":true,"accuracy":80},"custom-q-1":{"complete":true,"accuracy":79}}",
    "files": [],
    "id": "grade-dave-1",
    "identityId": "identity-dave",
    "instructor": "teacher-1",
    "owner": "student-dave-sub",
    "percentComplete": 100,
    "sectionID": "section-jpn-101",
    "timerStarted": true,
    "unitID": "unit-japanese-1",
    "unitVersion": 1,
    "updatedAt": "2024-01-23T08:00:00.000Z",
  },
  "sum": 78,
}
[90mstdout[2m | .storybook/docs/QuickTour-Instructor.stories.tsx[2m > [22m[2m3. Section & Grades
[22m[39mstudent.id student-dave-sub
[90mstdout[2m | .storybook/docs/QuickTour-Instructor.stories.tsx[2m > [22m[2m3. Section & Grades
[22m[39massignment.unitID unit-japanese-2
[90mstdout[2m | .storybook/docs/QuickTour-Instructor.stories.tsx[2m > [22m[2m3. Section & Grades
[22m[39mgradeMap[student.id]?.[assignment.unitID] {
  "average": 84,
  "count": 1,
  "highest": {
    "_deleted": false,
    "_lastChangedAt": 1790243361778,
    "_version": 3,
    "accuracy": 84,
    "complete": true,
    "createdAt": "2024-01-22T13:00:00.000Z",
    "data": "{"quiz-block-1":{"complete":true,"accuracy":85},"meaning-assoc-1":{"complete":true,"accuracy":83},"custom-q-1":{"complete":true,"accuracy":84}}",
    "files": [],
    "id": "grade-dave-2",
    "identityId": "identity-dave",
    "instructor": "teacher-1",
    "owner": "student-dave-sub",
    "percentComplete": 100,
    "sectionID": "section-jpn-101",
    "timerStarted": true,
    "unitID": "unit-japanese-2",
    "unitVersion": 1,
    "updatedAt": "2026-09-24T09:49:21.778Z",
  },
  "sum": 84,
}
[90mstdout[2m | .storybook/docs/QuickTour-Instructor.stories.tsx[2m > [22m[2m3. Section & Grades
[22m[39mstudent.id student-dave-sub
[90mstdout[2m | .storybook/docs/QuickTour-Instructor.stories.tsx[2m > [22m[2m3. Section & Grades
[22m[39massignment.unitID unit-japanese-3
[90mstdout[2m | .storybook/docs/QuickTour-Instructor.stories.tsx[2m > [22m[2m3. Section & Grades
[22m[39mgradeMap[student.id]?.[assignment.unitID] undefined
[90mstdout[2m | .storybook/docs/QuickTour-Instructor.stories.tsx[2m > [22m[2m3. Section & Grades
[22m[39mstudent.id student-eve-sub
[90mstdout[2m | .storybook/docs/QuickTour-Instructor.stories.tsx[2m > [22m[2m3. Section & Grades
[22m[39massignment.unitID unit-japanese-1
[90mstdout[2m | .storybook/docs/QuickTour-Instructor.stories.tsx[2m > [22m[2m3. Section & Grades
[22m[39mgradeMap[student.id]?.[assignment.unitID] {
  "average": 42,
  "count": 1,
  "highest": {
    "_deleted": false,
    "_lastChangedAt": 1705680000000,
    "_version": 2,
    "accuracy": 42,
    "complete": true,
    "createdAt": "2024-01-17T09:00:00.000Z",
    "data": "{"quiz-block-1":{"complete":true,"accuracy":45},"meaning-assoc-1":{"complete":true,"accuracy":40},"custom-q-1":{"complete":true,"accuracy":41}}",
    "files": [],
    "id": "grade-eve-1",
    "identityId": "identity-eve",
    "instructor": "teacher-1",
    "owner": "student-eve-sub",
    "percentComplete": 100,
    "sectionID": "section-jpn-101",
    "timerStarted": true,
    "unitID": "unit-japanese-1",
    "unitVersion": 1,
    "updatedAt": "2024-01-19T16:00:00.000Z",
  },
  "sum": 42,
}
[90mstdout[2m | .storybook/docs/QuickTour-Instructor.stories.tsx[2m > [22m[2m3. Section & Grades
[22m[39mstudent.id student-eve-sub
[90mstdout[2m | .storybook/docs/QuickTour-Instructor.stories.tsx[2m > [22m[2m3. Section & Grades
[22m[39massignment.unitID unit-japanese-2
[90mstdout[2m | .storybook/docs/QuickTour-Instructor.stories.tsx[2m > [22m[2m3. Section & Grades
[22m[39mgradeMap[student.id]?.[assignment.unitID] {
  "average": 55,
  "count": 1,
  "highest": {
    "_deleted": false,
    "_lastChangedAt": 1705834800000,
    "_version": 2,
    "accuracy": 55,
    "complete": true,
    "createdAt": "2024-01-20T09:00:00.000Z",
    "data": "{"quiz-block-1":{"complete":true,"accuracy":58},"meaning-assoc-1":{"complete":true,"accuracy":52},"custom-q-1":{"complete":true,"accuracy":55}}",
    "files": [],
    "id": "grade-eve-2",
    "identityId": "identity-eve",
    "instructor": "teacher-1",
    "owner": "student-eve-sub",
    "percentComplete": 100,
    "sectionID": "section-jpn-101",
    "timerStarted": true,
    "unitID": "unit-japanese-2",
    "unitVersion": 1,
    "updatedAt": "2024-01-21T11:00:00.000Z",
  },
  "sum": 55,
}
[90mstdout[2m | .storybook/docs/QuickTour-Instructor.stories.tsx[2m > [22m[2m3. Section & Grades
[22m[39mstudent.id student-eve-sub
[90mstdout[2m | .storybook/docs/QuickTour-Instructor.stories.tsx[2m > [22m[2m3. Section & Grades
[22m[39massignment.unitID unit-japanese-3
[90mstdout[2m | .storybook/docs/QuickTour-Instructor.stories.tsx[2m > [22m[2m3. Section & Grades
[22m[39mgradeMap[student.id]?.[assignment.unitID] undefined
[90mstdout[2m | .storybook/docs/QuickTour-Instructor.stories.tsx[2m > [22m[2m3. Section & Grades
[22m[39mstudent.id student-frank-sub
[90mstdout[2m | .storybook/docs/QuickTour-Instructor.stories.tsx[2m > [22m[2m3. Section & Grades
[22m[39massignment.unitID unit-japanese-1
[90mstdout[2m | .storybook/docs/QuickTour-Instructor.stories.tsx[2m > [22m[2m3. Section & Grades
[22m[39mgradeMap[student.id]?.[assignment.unitID] {
  "average": 68,
  "count": 1,
  "highest": {
    "_deleted": false,
    "_lastChangedAt": 1789897761778,
    "_version": 2,
    "accuracy": 68,
    "complete": true,
    "createdAt": "2024-01-19T09:00:00.000Z",
    "data": "{"quiz-block-1":{"complete":true,"accuracy":70},"meaning-assoc-1":{"complete":true,"accuracy":65},"custom-q-1":{"complete":true,"accuracy":69}}",
    "files": [],
    "id": "grade-frank-1",
    "identityId": "identity-frank",
    "instructor": "teacher-1",
    "owner": "student-frank-sub",
    "percentComplete": 100,
    "sectionID": "section-jpn-101",
    "timerStarted": true,
    "unitID": "unit-japanese-1",
    "unitVersion": 1,
    "updatedAt": "2026-09-20T09:49:21.778Z",
  },
  "sum": 68,
}
[90mstdout[2m | .storybook/docs/QuickTour-Instructor.stories.tsx[2m > [22m[2m3. Section & Grades
[22m[39mstudent.id student-frank-sub
[90mstdout[2m | .storybook/docs/QuickTour-Instructor.stories.tsx[2m > [22m[2m3. Section & Grades
[22m[39massignment.unitID unit-japanese-2
[90mstdout[2m | .storybook/docs/QuickTour-Instructor.stories.tsx[2m > [22m[2m3. Section & Grades
[22m[39mgradeMap[student.id]?.[assignment.unitID] undefined
[90mstdout[2m | .storybook/docs/QuickTour-Instructor.stories.tsx[2m > [22m[2m3. Section & Grades
[22m[39mstudent.id student-frank-sub
[90mstdout[2m | .storybook/docs/QuickTour-Instructor.stories.tsx[2m > [22m[2m3. Section & Grades
[22m[39massignment.unitID unit-japanese-3
[90mstdout[2m | .storybook/docs/QuickTour-Instructor.stories.tsx[2m > [22m[2m3. Section & Grades
[22m[39mgradeMap[student.id]?.[assignment.unitID] {
  "average": 72,
  "count": 1,
  "highest": {
    "_deleted": false,
    "_lastChangedAt": 1789984161778,
    "_version": 2,
    "accuracy": 72,
    "complete": true,
    "createdAt": "2024-01-21T09:00:00.000Z",
    "data": "{"quiz-block-1":{"complete":true,"accuracy":74},"meaning-assoc-1":{"complete":true,"accuracy":70},"custom-q-1":{"complete":true,"accuracy":72}}",
    "files": [],
    "id": "grade-frank-2",
    "identityId": "identity-frank",
    "instructor": "teacher-1",
    "owner": "student-frank-sub",
    "percentComplete": 100,
    "sectionID": "section-jpn-101",
    "timerStarted": true,
    "unitID": "unit-japanese-3",
    "unitVersion": 1,
    "updatedAt": "2026-09-21T09:49:21.778Z",
  },
  "sum": 72,
}
 [32m✓[39m [30m[45m storybook (chromium) [49m[39m .storybook/docs/QuickTour-Instructor.stories.tsx [2m([22m[2m3 tests[22m[2m)[22m[33m 7409[2mms[22m[39m
   [33m[2m✓[22m[39m 1. Units Library [33m 1889[2mms[22m[39m
   [33m[2m✓[22m[39m 2. Unit Editor [33m 2297[2mms[22m[39m
   [33m[2m✓[22m[39m 3. Section & Grades [33m 3222[2mms[22m[39m
[90mstdout[2m | unknown test
[22m[39m[MOCK vectorStoreDB.js] Module loaded - mock IndexedDB operations
[90mstdout[2m | unknown test
[22m[39m[Task Completion] DOM action listeners initialized
[90mstdout[2m | unknown test
[22m[39m[Task Completion] Auto-completion detector initialized
[90mstdout[2m | unknown test
[22m[39m[Preview] Task completion detector initialized
[90mstdout[2m | src/components/RecordingStudio3.stories.jsx[2m > [22m[2mCoffee Shop Dialogue
[22m[39m[MOCK CourseVectorStore] Initialized with mock data
[90mstdout[2m | src/components/RecordingStudio3.stories.jsx[2m > [22m[2mCoffee Shop Dialogue
[22m[39m[TranslationModeController] Setting mode to: off
[90mstdout[2m | src/components/RecordingStudio3.stories.jsx[2m > [22m[2mCoffee Shop Dialogue
[22m[39m[UnitContext] useEffect triggered {
  "authLoading": false,
  "hasUser": true,
  "id": "mock-unit-id",
  "userSub": "mock-user-sub",
}
[90mstdout[2m | src/components/RecordingStudio3.stories.jsx[2m > [22m[2mCoffee Shop Dialogue
[22m[39m[UnitContext] Fetching unit data for id: mock-unit-id
[90mstdout[2m | src/components/RecordingStudio3.stories.jsx[2m > [22m[2mCoffee Shop Dialogue
[22m[39m[FilesContext] Initializing vector store from IndexedDB
[90mstdout[2m | src/components/RecordingStudio3.stories.jsx[2m > [22m[2mCoffee Shop Dialogue
[22m[39m[FilesContext] fetchFiles called
[90mstdout[2m | src/components/RecordingStudio3.stories.jsx[2m > [22m[2mCoffee Shop Dialogue
[22m[39m[FilesContext] User authenticated: mock-user-sub
[90mstdout[2m | src/components/RecordingStudio3.stories.jsx[2m > [22m[2mCoffee Shop Dialogue
[22m[39m[FilesContext] Identity ID: us-east-1:mock-identity-123
[90mstdout[2m | src/components/RecordingStudio3.stories.jsx[2m > [22m[2mCoffee Shop Dialogue
[22m[39m[FilesContext] About to set up File observeQuery
[90mstdout[2m | src/components/RecordingStudio3.stories.jsx[2m > [22m[2mCoffee Shop Dialogue
[22m[39m[ChatContext] Setting up AssistantChat observeQuery
[90mstdout[2m | src/components/RecordingStudio3.stories.jsx[2m > [22m[2mCoffee Shop Dialogue
[22m[39m[ChatContext] Waiting for subscription to initialize
[90mstdout[2m | src/components/RecordingStudio3.stories.jsx[2m > [22m[2mCoffee Shop Dialogue
[22m[39m[SettingsContext] Setting up Settings subscription for user: mock-user-sub
[90mstdout[2m | src/components/RecordingStudio3.stories.jsx[2m > [22m[2mCoffee Shop Dialogue
[22m[39m[Mock Data] Settings created: mock-settings-1790416176886 - notified 0 subscribers
[90mstdout[2m | src/components/RecordingStudio3.stories.jsx[2m > [22m[2mCoffee Shop Dialogue
[22m[39m[Mock Data] Unit.onUpdate() subscription added. Total: 1
[90mstdout[2m | src/components/RecordingStudio3.stories.jsx[2m > [22m[2mCoffee Shop Dialogue
[22m[39m[SectionContext] Section observeQuery update: 0
[90mstdout[2m | src/components/RecordingStudio3.stories.jsx[2m > [22m[2mCoffee Shop Dialogue
[22m[39m[FilesContext] File observeQuery update: 6 files
[90mstdout[2m | src/components/RecordingStudio3.stories.jsx[2m > [22m[2mCoffee Shop Dialogue
[22m[39m[ChatContext] AssistantChat initialized with 1 chats
[90mstdout[2m | src/components/RecordingStudio3.stories.jsx[2m > [22m[2mCoffee Shop Dialogue
[22m[39m[ChatContext] Setting initial chat: mock-assistant-chat-1
[90mstdout[2m | src/components/RecordingStudio3.stories.jsx[2m > [22m[2mCoffee Shop Dialogue
[22m[39m[MOCK CourseVectorStore] Initialized with mock data
[90mstdout[2m | src/components/RecordingStudio3.stories.jsx[2m > [22m[2mCoffee Shop Dialogue
[22m[39m[FilesContext] Vector store population triggered {
  "currentVectorStoreSize": 3,
  "documentsCount": 0,
  "filesCount": 6,
  "isInitialLoad": true,
}
[90mstdout[2m | src/components/RecordingStudio3.stories.jsx[2m > [22m[2mCoffee Shop Dialogue
[22m[39m[FilesContext] Vector store population complete - 3 total embeddings
[90mstdout[2m | src/components/RecordingStudio3.stories.jsx[2m > [22m[2mCoffee Shop Dialogue
[22m[39m[ChatContext] Chat exists and not archived, skipping creation
[90mstdout[2m | src/components/RecordingStudio3.stories.jsx[2m > [22m[2mCoffee Shop Dialogue
[22m[39m[Mock Storage] downloadData called with: undefined
[90mstdout[2m | src/components/RecordingStudio3.stories.jsx[2m > [22m[2mJapanese Vocabulary Word
[22m[39m[ChatContext] Cleaning up subscriptions
[90mstdout[2m | src/components/RecordingStudio3.stories.jsx[2m > [22m[2mJapanese Vocabulary Word
[22m[39m[Mock Data] Unit.onUpdate() subscription removed. Remaining: 0
[90mstdout[2m | src/components/RecordingStudio3.stories.jsx[2m > [22m[2mJapanese Vocabulary Word
[22m[39m[MOCK CourseVectorStore] Initialized with mock data
[90mstdout[2m | src/components/RecordingStudio3.stories.jsx[2m > [22m[2mJapanese Vocabulary Word
[22m[39m[TranslationModeController] Setting mode to: off
[90mstdout[2m | src/components/RecordingStudio3.stories.jsx[2m > [22m[2mJapanese Vocabulary Word
[22m[39m[UnitContext] useEffect triggered {
  "authLoading": false,
  "hasUser": true,
  "id": "mock-unit-id",
  "userSub": "mock-user-sub",
}
[90mstdout[2m | src/components/RecordingStudio3.stories.jsx[2m > [22m[2mJapanese Vocabulary Word
[22m[39m[UnitContext] Fetching unit data for id: mock-unit-id
[90mstdout[2m | src/components/RecordingStudio3.stories.jsx[2m > [22m[2mJapanese Vocabulary Word
[22m[39m[FilesContext] Initializing vector store from IndexedDB
[90mstdout[2m | src/components/RecordingStudio3.stories.jsx[2m > [22m[2mJapanese Vocabulary Word
[22m[39m[FilesContext] fetchFiles called
[90mstdout[2m | src/components/RecordingStudio3.stories.jsx[2m > [22m[2mJapanese Vocabulary Word
[22m[39m[FilesContext] User authenticated: mock-user-sub
[90mstdout[2m | src/components/RecordingStudio3.stories.jsx[2m > [22m[2mJapanese Vocabulary Word
[22m[39m[FilesContext] Identity ID: us-east-1:mock-identity-123
[90mstdout[2m | src/components/RecordingStudio3.stories.jsx[2m > [22m[2mJapanese Vocabulary Word
[22m[39m[FilesContext] About to set up File observeQuery
[90mstdout[2m | src/components/RecordingStudio3.stories.jsx[2m > [22m[2mJapanese Vocabulary Word
[22m[39m[ChatContext] Setting up AssistantChat observeQuery
[90mstdout[2m | src/components/RecordingStudio3.stories.jsx[2m > [22m[2mJapanese Vocabulary Word
[22m[39m[ChatContext] Waiting for subscription to initialize
[90mstdout[2m | src/components/RecordingStudio3.stories.jsx[2m > [22m[2mJapanese Vocabulary Word
[22m[39m[SettingsContext] Setting up Settings subscription for user: mock-user-sub
[90mstdout[2m | src/components/RecordingStudio3.stories.jsx[2m > [22m[2mJapanese Vocabulary Word
[22m[39m[Mock Data] Settings created: mock-settings-1790416177585 - notified 0 subscribers
[90mstdout[2m | src/components/RecordingStudio3.stories.jsx[2m > [22m[2mJapanese Vocabulary Word
[22m[39m[Mock Data] Unit.onUpdate() subscription added. Total: 1
[90mstdout[2m | src/components/RecordingStudio3.stories.jsx[2m > [22m[2mJapanese Vocabulary Word
[22m[39m[SectionContext] Section observeQuery update: 0
[90mstdout[2m | src/components/RecordingStudio3.stories.jsx[2m > [22m[2mJapanese Vocabulary Word
[22m[39m[FilesContext] File observeQuery update: 6 files
[90mstdout[2m | src/components/RecordingStudio3.stories.jsx[2m > [22m[2mJapanese Vocabulary Word
[22m[39m[ChatContext] AssistantChat initialized with 1 chats
[90mstdout[2m | src/components/RecordingStudio3.stories.jsx[2m > [22m[2mJapanese Vocabulary Word
[22m[39m[ChatContext] Setting initial chat: mock-assistant-chat-1
[90mstdout[2m | src/components/RecordingStudio3.stories.jsx[2m > [22m[2mJapanese Vocabulary Word
[22m[39m[MOCK CourseVectorStore] Initialized with mock data
[90mstdout[2m | src/components/RecordingStudio3.stories.jsx[2m > [22m[2mJapanese Vocabulary Word
[22m[39m[FilesContext] Vector store population triggered {
  "currentVectorStoreSize": 3,
  "documentsCount": 0,
  "filesCount": 6,
  "isInitialLoad": true,
}
[90mstdout[2m | src/components/RecordingStudio3.stories.jsx[2m > [22m[2mJapanese Vocabulary Word
[22m[39m[FilesContext] Vector store population complete - 3 total embeddings
[90mstdout[2m | src/components/RecordingStudio3.stories.jsx[2m > [22m[2mJapanese Vocabulary Word
[22m[39m[ChatContext] Chat exists and not archived, skipping creation
[90mstdout[2m | src/components/RecordingStudio3.stories.jsx[2m > [22m[2mJapanese Vocabulary Word
[22m[39m[Mock Storage] downloadData called with: undefined
[90mstdout[2m | src/components/RecordingStudio3.stories.jsx[2m > [22m[2mQuiz Question Audio
[22m[39mScript changed: {
  "dialogue": [
    {
      "activeTakeIndex": null,
      "direction": "clear pronunciation",
      "emotion": "neutral",
      "id": 1,
      "speaker": "phrase",
      "takes": [],
      "text": "こんにちは",
      "timing": {
        "end": 1,
        "start": 0,
      },
    },
    {
      "activeTakeIndex": null,
      "direction": "clear enunciation",
      "emotion": "neutral",
      "id": 2,
      "speaker": "definition",
      "takes": [],
      "text": "Hello. Good afternoon.",
      "timing": {
        "end": 2.7,
        "start": 1.5,
      },
    },
  ],
  "metadata": {
    "date": "2026-01-04",
    "scene": "",
    "title": "Japanese Greetings - こんにちは",
    "version": "1.0",
  },
  "speakers": {
    "definition": {
      "description": "neutral",
      "name": "DEFINITION",
      "voice": "alloy",
    },
    "phrase": {
      "description": "neutral",
      "name": "PHRASE (こんにちは)",
      "voice": "alloy",
    },
  },
}
[90mstdout[2m | src/components/RecordingStudio3.stories.jsx[2m > [22m[2mQuiz Question Audio
[22m[39m[ChatContext] Cleaning up subscriptions
[90mstdout[2m | src/components/RecordingStudio3.stories.jsx[2m > [22m[2mQuiz Question Audio
[22m[39m[Mock Data] Unit.onUpdate() subscription removed. Remaining: 0
[90mstdout[2m | src/components/RecordingStudio3.stories.jsx[2m > [22m[2mQuiz Question Audio
[22m[39m[MOCK CourseVectorStore] Initialized with mock data
[90mstdout[2m | src/components/RecordingStudio3.stories.jsx[2m > [22m[2mQuiz Question Audio
[22m[39m[TranslationModeController] Setting mode to: off
[90mstdout[2m | src/components/RecordingStudio3.stories.jsx[2m > [22m[2mQuiz Question Audio
[22m[39m[UnitContext] useEffect triggered {
  "authLoading": false,
  "hasUser": true,
  "id": "mock-unit-id",
  "userSub": "mock-user-sub",
}
[90mstdout[2m | src/components/RecordingStudio3.stories.jsx[2m > [22m[2mQuiz Question Audio
[22m[39m[UnitContext] Fetching unit data for id: mock-unit-id
[90mstdout[2m | src/components/RecordingStudio3.stories.jsx[2m > [22m[2mQuiz Question Audio
[22m[39m[FilesContext] Initializing vector store from IndexedDB
[90mstdout[2m | src/components/RecordingStudio3.stories.jsx[2m > [22m[2mQuiz Question Audio
[22m[39m[FilesContext] fetchFiles called
[90mstdout[2m | src/components/RecordingStudio3.stories.jsx[2m > [22m[2mQuiz Question Audio
[22m[39m[FilesContext] User authenticated: mock-user-sub
[90mstdout[2m | src/components/RecordingStudio3.stories.jsx[2m > [22m[2mQuiz Question Audio
[22m[39m[FilesContext] Identity ID: us-east-1:mock-identity-123
[90mstdout[2m | src/components/RecordingStudio3.stories.jsx[2m > [22m[2mQuiz Question Audio
[22m[39m[FilesContext] About to set up File observeQuery
[90mstdout[2m | src/components/RecordingStudio3.stories.jsx[2m > [22m[2mQuiz Question Audio
[22m[39m[ChatContext] Setting up AssistantChat observeQuery
[90mstdout[2m | src/components/RecordingStudio3.stories.jsx[2m > [22m[2mQuiz Question Audio
[22m[39m[ChatContext] Waiting for subscription to initialize
[90mstdout[2m | src/components/RecordingStudio3.stories.jsx[2m > [22m[2mQuiz Question Audio
[22m[39m[SettingsContext] Setting up Settings subscription for user: mock-user-sub
[90mstdout[2m | src/components/RecordingStudio3.stories.jsx[2m > [22m[2mQuiz Question Audio
[22m[39m[Mock Data] Settings created: mock-settings-1790416178416 - notified 0 subscribers
[90mstdout[2m | src/components/RecordingStudio3.stories.jsx[2m > [22m[2mQuiz Question Audio
[22m[39m[Mock Data] Unit.onUpdate() subscription added. Total: 1
[90mstdout[2m | src/components/RecordingStudio3.stories.jsx[2m > [22m[2mQuiz Question Audio
[22m[39m[SectionContext] Section observeQuery update: 0
[90mstdout[2m | src/components/RecordingStudio3.stories.jsx[2m > [22m[2mQuiz Question Audio
[22m[39m[FilesContext] File observeQuery update: 6 files
[90mstdout[2m | src/components/RecordingStudio3.stories.jsx[2m > [22m[2mQuiz Question Audio
[22m[39m[ChatContext] AssistantChat initialized with 1 chats
[90mstdout[2m | src/components/RecordingStudio3.stories.jsx[2m > [22m[2mQuiz Question Audio
[22m[39m[ChatContext] Setting initial chat: mock-assistant-chat-1
[90mstdout[2m | src/components/RecordingStudio3.stories.jsx[2m > [22m[2mQuiz Question Audio
[22m[39m[MOCK CourseVectorStore] Initialized with mock data
[90mstdout[2m | src/components/RecordingStudio3.stories.jsx[2m > [22m[2mQuiz Question Audio
[22m[39m[FilesContext] Vector store population triggered {
  "currentVectorStoreSize": 3,
  "documentsCount": 0,
  "filesCount": 6,
  "isInitialLoad": true,
}
[90mstdout[2m | src/components/RecordingStudio3.stories.jsx[2m > [22m[2mQuiz Question Audio
[22m[39m[FilesContext] Vector store population complete - 3 total embeddings
[90mstdout[2m | src/components/RecordingStudio3.stories.jsx[2m > [22m[2mQuiz Question Audio
[22m[39m[ChatContext] Chat exists and not archived, skipping creation
[90mstdout[2m | src/components/RecordingStudio3.stories.jsx[2m > [22m[2mQuiz Question Audio
[22m[39m[Mock Storage] downloadData called with: undefined
[90mstdout[2m | src/components/RecordingStudio3.stories.jsx[2m > [22m[2mComparing Multiple Takes
[22m[39m[ChatContext] Cleaning up subscriptions
[90mstdout[2m | src/components/RecordingStudio3.stories.jsx[2m > [22m[2mComparing Multiple Takes
[22m[39m[Mock Data] Unit.onUpdate() subscription removed. Remaining: 0
[90mstdout[2m | src/components/RecordingStudio3.stories.jsx[2m > [22m[2mComparing Multiple Takes
[22m[39m[MOCK CourseVectorStore] Initialized with mock data
[90mstdout[2m | src/components/RecordingStudio3.stories.jsx[2m > [22m[2mComparing Multiple Takes
[22m[39m[TranslationModeController] Setting mode to: off
[90mstdout[2m | src/components/RecordingStudio3.stories.jsx[2m > [22m[2mComparing Multiple Takes
[22m[39m[UnitContext] useEffect triggered {
  "authLoading": false,
  "hasUser": true,
  "id": "mock-unit-id",
  "userSub": "mock-user-sub",
}
[90mstdout[2m | src/components/RecordingStudio3.stories.jsx[2m > [22m[2mComparing Multiple Takes
[22m[39m[UnitContext] Fetching unit data for id: mock-unit-id
[90mstdout[2m | src/components/RecordingStudio3.stories.jsx[2m > [22m[2mComparing Multiple Takes
[22m[39m[FilesContext] Initializing vector store from IndexedDB
[90mstdout[2m | src/components/RecordingStudio3.stories.jsx[2m > [22m[2mComparing Multiple Takes
[22m[39m[FilesContext] fetchFiles called
[90mstdout[2m | src/components/RecordingStudio3.stories.jsx[2m > [22m[2mComparing Multiple Takes
[22m[39m[FilesContext] User authenticated: mock-user-sub
[90mstdout[2m | src/components/RecordingStudio3.stories.jsx[2m > [22m[2mComparing Multiple Takes
[22m[39m[FilesContext] Identity ID: us-east-1:mock-identity-123
[90mstdout[2m | src/components/RecordingStudio3.stories.jsx[2m > [22m[2mComparing Multiple Takes
[22m[39m[FilesContext] About to set up File observeQuery
[90mstdout[2m | src/components/RecordingStudio3.stories.jsx[2m > [22m[2mComparing Multiple Takes
[22m[39m[ChatContext] Setting up AssistantChat observeQuery
[90mstdout[2m | src/components/RecordingStudio3.stories.jsx[2m > [22m[2mComparing Multiple Takes
[22m[39m[ChatContext] Waiting for subscription to initialize
[90mstdout[2m | src/components/RecordingStudio3.stories.jsx[2m > [22m[2mComparing Multiple Takes
[22m[39m[SettingsContext] Setting up Settings subscription for user: mock-user-sub
[90mstdout[2m | src/components/RecordingStudio3.stories.jsx[2m > [22m[2mComparing Multiple Takes
[22m[39m[Mock Data] Settings created: mock-settings-1790416178899 - notified 0 subscribers
[90mstdout[2m | src/components/RecordingStudio3.stories.jsx[2m > [22m[2mComparing Multiple Takes
[22m[39m[Mock Data] Unit.onUpdate() subscription added. Total: 1
[90mstdout[2m | src/components/RecordingStudio3.stories.jsx[2m > [22m[2mComparing Multiple Takes
[22m[39m[SectionContext] Section observeQuery update: 0
[90mstdout[2m | src/components/RecordingStudio3.stories.jsx[2m > [22m[2mComparing Multiple Takes
[22m[39m[FilesContext] File observeQuery update: 6 files
[90mstdout[2m | src/components/RecordingStudio3.stories.jsx[2m > [22m[2mComparing Multiple Takes
[22m[39m[ChatContext] AssistantChat initialized with 1 chats
[90mstdout[2m | src/components/RecordingStudio3.stories.jsx[2m > [22m[2mComparing Multiple Takes
[22m[39m[ChatContext] Setting initial chat: mock-assistant-chat-1
[90mstdout[2m | src/components/RecordingStudio3.stories.jsx[2m > [22m[2mComparing Multiple Takes
[22m[39m[MOCK CourseVectorStore] Initialized with mock data
[90mstdout[2m | src/components/RecordingStudio3.stories.jsx[2m > [22m[2mComparing Multiple Takes
[22m[39m[FilesContext] Vector store population triggered {
  "currentVectorStoreSize": 3,
  "documentsCount": 0,
  "filesCount": 6,
  "isInitialLoad": true,
}
[90mstdout[2m | src/components/RecordingStudio3.stories.jsx[2m > [22m[2mComparing Multiple Takes
[22m[39m[FilesContext] Vector store population complete - 3 total embeddings
[90mstdout[2m | src/components/RecordingStudio3.stories.jsx[2m > [22m[2mComparing Multiple Takes
[22m[39m[ChatContext] Chat exists and not archived, skipping creation
[90mstdout[2m | src/components/RecordingStudio3.stories.jsx[2m > [22m[2mComparing Multiple Takes
[22m[39m[Mock Storage] downloadData called with: undefined
[90mstdout[2m | src/components/RecordingStudio3.stories.jsx[2m > [22m[2mComparing Multiple Takes
[22m[39mMock Cache.getItem called with: getCachedUrl_/story-mocks/cinematic-designed-sci-fi-whoosh-transition-nexawave-228295.mp3
[90mstdout[2m | src/components/RecordingStudio3.stories.jsx[2m > [22m[2mComparing Multiple Takes
[22m[39mMock Cache.getItem called with: getCachedUrl_/story-mocks/descent-whoosh-long-cinematic-sound-effect-405921.mp3
[90mstdout[2m | src/components/RecordingStudio3.stories.jsx[2m > [22m[2mComparing Multiple Takes
[22m[39mMock getUrl called with: /story-mocks/cinematic-designed-sci-fi-whoosh-transition-nexawave-228295.mp3
[90mstdout[2m | src/components/RecordingStudio3.stories.jsx[2m > [22m[2mComparing Multiple Takes
[22m[39mMock getUrl called with: /story-mocks/descent-whoosh-long-cinematic-sound-effect-405921.mp3
[90mstdout[2m | src/components/RecordingStudio3.stories.jsx[2m > [22m[2mComparing Multiple Takes
[22m[39mMock Cache.setItem called with: getCachedUrl_/story-mocks/cinematic-designed-sci-fi-whoosh-transition-nexawave-228295.mp3 /story-mocks/cinematic-designed-sci-fi-whoosh-transition-nexawave-228295.mp3
[90mstdout[2m | src/components/RecordingStudio3.stories.jsx[2m > [22m[2mComparing Multiple Takes
[22m[39mMock Cache.setItem called with: getCachedUrl_/story-mocks/descent-whoosh-long-cinematic-sound-effect-405921.mp3 /story-mocks/descent-whoosh-long-cinematic-sound-effect-405921.mp3
[90mstdout[2m | src/components/RecordingStudio3.stories.jsx[2m > [22m[2mComparing Multiple Takes
[22m[39mScript changed: {
  "dialogue": [
    {
      "activeTakeIndex": 1,
      "direction": "dramatic pause",
      "emotion": "mysterious",
      "id": 1,
      "speaker": "narrator",
      "takes": [
        {
          "audioBlob": null,
          "audioPath": "/story-mocks/cinematic-designed-sci-fi-whoosh-transition-nexawave-228295.mp3",
          "cinematicMetadata": [Object],
          "createdAt": "2026-09-26T09:49:31.661Z",
          "duration": 3,
          "file": [Object],
          "id": 1790416171661,
          "type": "tts",
          "waveformData": [Array],
        },
        {
          "audioBlob": null,
          "audioPath": "/story-mocks/descent-whoosh-long-cinematic-sound-effect-405921.mp3",
          "cinematicMetadata": [Object],
          "createdAt": "2026-09-26T09:49:33.661Z",
          "duration": 2.8,
          "file": [Object],
          "id": 1790416173661,
          "type": "human",
          "waveformData": [Array],
        },
      ],
      "text": "It was a dark and stormy night.",
      "timing": {
        "end": 2.8,
        "start": 0,
      },
    },
    {
      "activeTakeIndex": 0,
      "direction": "looking out window",
      "emotion": "concerned",
      "id": 2,
      "speaker": "character",
      "takes": [
        {
          "audioBlob": null,
          "audioPath": "/story-mocks/sound-design-elements-sfx-ps-022-302865.mp3",
          "cinematicMetadata": [Object],
          "createdAt": "2026-09-26T09:49:34.661Z",
          "duration": 2.5,
          "file": [Object],
          "id": 1790416174661,
          "type": "tts",
          "waveformData": [Array],
        },
      ],
      "text": "Did someone say something about a storm?",
      "timing": {
        "end": 6.1,
        "start": 3.3,
      },
    },
    {
      "activeTakeIndex": null,
      "direction": "",
      "emotion": "ominous",
      "id": 3,
      "speaker": "narrator",
      "takes": [],
      "text": "The rain pounded against the windows.",
      "timing": {
        "end": 9,
        "start": 6.6,
      },
    },
  ],
  "metadata": {
    "date": "2026-01-04",
    "scene": "INT. RECORDING BOOTH - DAY",
    "title": "Recording Practice Session",
    "version": "1.0",
  },
  "speakers": {
    "character": {
      "description": "concerned",
      "name": "CHARACTER",
      "voice": "nova",
    },
    "narrator": {
      "description": "mysterious",
      "name": "NARRATOR",
      "voice": "fable",
    },
  },
}
[90mstdout[2m | src/components/RecordingStudio3.stories.jsx[2m > [22m[2mPreview Mode
[22m[39m[ChatContext] Cleaning up subscriptions
[90mstdout[2m | src/components/RecordingStudio3.stories.jsx[2m > [22m[2mPreview Mode
[22m[39m[Mock Data] Unit.onUpdate() subscription removed. Remaining: 0
[90mstdout[2m | src/components/RecordingStudio3.stories.jsx[2m > [22m[2mPreview Mode
[22m[39m[MOCK CourseVectorStore] Initialized with mock data
[90mstdout[2m | src/components/RecordingStudio3.stories.jsx[2m > [22m[2mPreview Mode
[22m[39m[TranslationModeController] Setting mode to: off
[90mstdout[2m | src/components/RecordingStudio3.stories.jsx[2m > [22m[2mPreview Mode
[22m[39m[UnitContext] useEffect triggered {
  "authLoading": false,
  "hasUser": true,
  "id": "mock-unit-id",
  "userSub": "mock-user-sub",
}
[90mstdout[2m | src/components/RecordingStudio3.stories.jsx[2m > [22m[2mPreview Mode
[22m[39m[UnitContext] Fetching unit data for id: mock-unit-id
[90mstdout[2m | src/components/RecordingStudio3.stories.jsx[2m > [22m[2mPreview Mode
[22m[39m[FilesContext] Initializing vector store from IndexedDB
[90mstdout[2m | src/components/RecordingStudio3.stories.jsx[2m > [22m[2mPreview Mode
[22m[39m[FilesContext] fetchFiles called
[90mstdout[2m | src/components/RecordingStudio3.stories.jsx[2m > [22m[2mPreview Mode
[22m[39m[FilesContext] User authenticated: mock-user-sub
[90mstdout[2m | src/components/RecordingStudio3.stories.jsx[2m > [22m[2mPreview Mode
[22m[39m[FilesContext] Identity ID: us-east-1:mock-identity-123
[90mstdout[2m | src/components/RecordingStudio3.stories.jsx[2m > [22m[2mPreview Mode
[22m[39m[FilesContext] About to set up File observeQuery
[90mstdout[2m | src/components/RecordingStudio3.stories.jsx[2m > [22m[2mPreview Mode
[22m[39m[ChatContext] Setting up AssistantChat observeQuery
[90mstdout[2m | src/components/RecordingStudio3.stories.jsx[2m > [22m[2mPreview Mode
[22m[39m[ChatContext] Waiting for subscription to initialize
[90mstdout[2m | src/components/RecordingStudio3.stories.jsx[2m > [22m[2mPreview Mode
[22m[39m[SettingsContext] Setting up Settings subscription for user: mock-user-sub
[90mstdout[2m | src/components/RecordingStudio3.stories.jsx[2m > [22m[2mPreview Mode
[22m[39m[Mock Data] Settings created: mock-settings-1790416180324 - notified 0 subscribers
[90mstdout[2m | src/components/RecordingStudio3.stories.jsx[2m > [22m[2mPreview Mode
[22m[39m[Mock Data] Unit.onUpdate() subscription added. Total: 1
[90mstdout[2m | src/components/RecordingStudio3.stories.jsx[2m > [22m[2mPreview Mode
[22m[39m[SectionContext] Section observeQuery update: 0
[90mstdout[2m | src/components/RecordingStudio3.stories.jsx[2m > [22m[2mPreview Mode
[22m[39m[FilesContext] File observeQuery update: 6 files
[90mstdout[2m | src/components/RecordingStudio3.stories.jsx[2m > [22m[2mPreview Mode
[22m[39m[ChatContext] AssistantChat initialized with 1 chats
[90mstdout[2m | src/components/RecordingStudio3.stories.jsx[2m > [22m[2mPreview Mode
[22m[39m[ChatContext] Setting initial chat: mock-assistant-chat-1
[90mstdout[2m | src/components/RecordingStudio3.stories.jsx[2m > [22m[2mPreview Mode
[22m[39m[MOCK CourseVectorStore] Initialized with mock data
[90mstdout[2m | src/components/RecordingStudio3.stories.jsx[2m > [22m[2mPreview Mode
[22m[39m[FilesContext] Vector store population triggered {
  "currentVectorStoreSize": 3,
  "documentsCount": 0,
  "filesCount": 6,
  "isInitialLoad": true,
}
[90mstdout[2m | src/components/RecordingStudio3.stories.jsx[2m > [22m[2mPreview Mode
[22m[39m[FilesContext] Vector store population complete - 3 total embeddings
[90mstdout[2m | src/components/RecordingStudio3.stories.jsx[2m > [22m[2mPreview Mode
[22m[39m[ChatContext] Chat exists and not archived, skipping creation
[90mstdout[2m | src/components/RecordingStudio3.stories.jsx[2m > [22m[2mPreview Mode
[22m[39m[Mock Storage] downloadData called with: undefined
[90mstdout[2m | src/components/RecordingStudio3.stories.jsx[2m > [22m[2mStart From Scratch
[22m[39m[ChatContext] Cleaning up subscriptions
[90mstdout[2m | src/components/RecordingStudio3.stories.jsx[2m > [22m[2mStart From Scratch
[22m[39m[Mock Data] Unit.onUpdate() subscription removed. Remaining: 0
[90mstdout[2m | src/components/RecordingStudio3.stories.jsx[2m > [22m[2mStart From Scratch
[22m[39m[MOCK CourseVectorStore] Initialized with mock data
[90mstdout[2m | src/components/RecordingStudio3.stories.jsx[2m > [22m[2mStart From Scratch
[22m[39m[TranslationModeController] Setting mode to: off
[90mstdout[2m | src/components/RecordingStudio3.stories.jsx[2m > [22m[2mStart From Scratch
[22m[39m[UnitContext] useEffect triggered {
  "authLoading": false,
  "hasUser": true,
  "id": "mock-unit-id",
  "userSub": "mock-user-sub",
}
[90mstdout[2m | src/components/RecordingStudio3.stories.jsx[2m > [22m[2mStart From Scratch
[22m[39m[UnitContext] Fetching unit data for id: mock-unit-id
[90mstdout[2m | src/components/RecordingStudio3.stories.jsx[2m > [22m[2mStart From Scratch
[22m[39m[FilesContext] Initializing vector store from IndexedDB
[90mstdout[2m | src/components/RecordingStudio3.stories.jsx[2m > [22m[2mStart From Scratch
[22m[39m[FilesContext] fetchFiles called
[90mstdout[2m | src/components/RecordingStudio3.stories.jsx[2m > [22m[2mStart From Scratch
[22m[39m[FilesContext] User authenticated: mock-user-sub
[90mstdout[2m | src/components/RecordingStudio3.stories.jsx[2m > [22m[2mStart From Scratch
[22m[39m[FilesContext] Identity ID: us-east-1:mock-identity-123
[90mstdout[2m | src/components/RecordingStudio3.stories.jsx[2m > [22m[2mStart From Scratch
[22m[39m[FilesContext] About to set up File observeQuery
[90mstdout[2m | src/components/RecordingStudio3.stories.jsx[2m > [22m[2mStart From Scratch
[22m[39m[ChatContext] Setting up AssistantChat observeQuery
[90mstdout[2m | src/components/RecordingStudio3.stories.jsx[2m > [22m[2mStart From Scratch
[22m[39m[ChatContext] Waiting for subscription to initialize
[90mstdout[2m | src/components/RecordingStudio3.stories.jsx[2m > [22m[2mStart From Scratch
[22m[39m[SettingsContext] Setting up Settings subscription for user: mock-user-sub
[90mstdout[2m | src/components/RecordingStudio3.stories.jsx[2m > [22m[2mStart From Scratch
[22m[39m[Mock Data] Settings created: mock-settings-1790416180846 - notified 0 subscribers
[90mstdout[2m | src/components/RecordingStudio3.stories.jsx[2m > [22m[2mStart From Scratch
[22m[39m[Mock Data] Unit.onUpdate() subscription added. Total: 1
[90mstdout[2m | src/components/RecordingStudio3.stories.jsx[2m > [22m[2mStart From Scratch
[22m[39m[SectionContext] Section observeQuery update: 0
[90mstdout[2m | src/components/RecordingStudio3.stories.jsx[2m > [22m[2mStart From Scratch
[22m[39m[FilesContext] File observeQuery update: 6 files
[90mstdout[2m | src/components/RecordingStudio3.stories.jsx[2m > [22m[2mStart From Scratch
[22m[39m[ChatContext] AssistantChat initialized with 1 chats
[90mstdout[2m | src/components/RecordingStudio3.stories.jsx[2m > [22m[2mStart From Scratch
[22m[39m[ChatContext] Setting initial chat: mock-assistant-chat-1
[90mstdout[2m | src/components/RecordingStudio3.stories.jsx[2m > [22m[2mStart From Scratch
[22m[39m[MOCK CourseVectorStore] Initialized with mock data
[90mstdout[2m | src/components/RecordingStudio3.stories.jsx[2m > [22m[2mStart From Scratch
[22m[39m[FilesContext] Vector store population triggered {
  "currentVectorStoreSize": 3,
  "documentsCount": 0,
  "filesCount": 6,
  "isInitialLoad": true,
}
[90mstdout[2m | src/components/RecordingStudio3.stories.jsx[2m > [22m[2mStart From Scratch
[22m[39m[FilesContext] Vector store population complete - 3 total embeddings
[90mstdout[2m | src/components/RecordingStudio3.stories.jsx[2m > [22m[2mStart From Scratch
[22m[39m[ChatContext] Chat exists and not archived, skipping creation
[90mstdout[2m | src/components/RecordingStudio3.stories.jsx[2m > [22m[2mStart From Scratch
[22m[39m[Mock Storage] downloadData called with: undefined
[90mstdout[2m | src/components/RecordingStudio3.stories.jsx[2m > [22m[2mStart From Scratch
[22m[39mfilterWords {
  "filter": "",
  "wordsCount": 0,
}
[90mstdout[2m | src/components/RecordingStudio3.stories.jsx[2m > [22m[2mInteractive
[22m[39m[ChatContext] Cleaning up subscriptions
[90mstdout[2m | src/components/RecordingStudio3.stories.jsx[2m > [22m[2mInteractive
[22m[39m[Mock Data] Unit.onUpdate() subscription removed. Remaining: 0
[90mstdout[2m | src/components/RecordingStudio3.stories.jsx[2m > [22m[2mInteractive
[22m[39m[MOCK CourseVectorStore] Initialized with mock data
[90mstdout[2m | src/components/RecordingStudio3.stories.jsx[2m > [22m[2mInteractive
[22m[39m[TranslationModeController] Setting mode to: off
[90mstdout[2m | src/components/RecordingStudio3.stories.jsx[2m > [22m[2mInteractive
[22m[39m[UnitContext] useEffect triggered {
  "authLoading": false,
  "hasUser": true,
  "id": "mock-unit-id",
  "userSub": "mock-user-sub",
}
[90mstdout[2m | src/components/RecordingStudio3.stories.jsx[2m > [22m[2mInteractive
[22m[39m[UnitContext] Fetching unit data for id: mock-unit-id
[90mstdout[2m | src/components/RecordingStudio3.stories.jsx[2m > [22m[2mInteractive
[22m[39m[FilesContext] Initializing vector store from IndexedDB
[90mstdout[2m | src/components/RecordingStudio3.stories.jsx[2m > [22m[2mInteractive
[22m[39m[FilesContext] fetchFiles called
[90mstdout[2m | src/components/RecordingStudio3.stories.jsx[2m > [22m[2mInteractive
[22m[39m[FilesContext] User authenticated: mock-user-sub
[90mstdout[2m | src/components/RecordingStudio3.stories.jsx[2m > [22m[2mInteractive
[22m[39m[FilesContext] Identity ID: us-east-1:mock-identity-123
[90mstdout[2m | src/components/RecordingStudio3.stories.jsx[2m > [22m[2mInteractive
[22m[39m[FilesContext] About to set up File observeQuery
[90mstdout[2m | src/components/RecordingStudio3.stories.jsx[2m > [22m[2mInteractive
[22m[39m[ChatContext] Setting up AssistantChat observeQuery
[90mstdout[2m | src/components/RecordingStudio3.stories.jsx[2m > [22m[2mInteractive
[22m[39m[ChatContext] Waiting for subscription to initialize
[90mstdout[2m | src/components/RecordingStudio3.stories.jsx[2m > [22m[2mInteractive
[22m[39m[SettingsContext] Setting up Settings subscription for user: mock-user-sub
[90mstdout[2m | src/components/RecordingStudio3.stories.jsx[2m > [22m[2mInteractive
[22m[39m[Mock Data] Settings created: mock-settings-1790416181415 - notified 0 subscribers
[90mstdout[2m | src/components/RecordingStudio3.stories.jsx[2m > [22m[2mInteractive
[22m[39m[Mock Data] Unit.onUpdate() subscription added. Total: 1
[90mstdout[2m | src/components/RecordingStudio3.stories.jsx[2m > [22m[2mInteractive
[22m[39mScript changed: {
  "dialogue": [],
  "metadata": {
    "date": "2026-01-04",
    "scene": "",
    "title": "New Recording",
    "version": "1.0",
  },
  "speakers": {},
}
[90mstdout[2m | src/components/RecordingStudio3.stories.jsx[2m > [22m[2mInteractive
[22m[39m[SectionContext] Section observeQuery update: 0
[90mstdout[2m | src/components/RecordingStudio3.stories.jsx[2m > [22m[2mInteractive
[22m[39m[FilesContext] File observeQuery update: 6 files
[90mstdout[2m | src/components/RecordingStudio3.stories.jsx[2m > [22m[2mInteractive
[22m[39m[ChatContext] AssistantChat initialized with 1 chats
[90mstdout[2m | src/components/RecordingStudio3.stories.jsx[2m > [22m[2mInteractive
[22m[39m[ChatContext] Setting initial chat: mock-assistant-chat-1
[90mstdout[2m | src/components/RecordingStudio3.stories.jsx[2m > [22m[2mInteractive
[22m[39m[MOCK CourseVectorStore] Initialized with mock data
[90mstdout[2m | src/components/RecordingStudio3.stories.jsx[2m > [22m[2mInteractive
[22m[39m[FilesContext] Vector store population triggered {
  "currentVectorStoreSize": 3,
  "documentsCount": 0,
  "filesCount": 6,
  "isInitialLoad": true,
}
[90mstdout[2m | src/components/RecordingStudio3.stories.jsx[2m > [22m[2mInteractive
[22m[39m[FilesContext] Vector store population complete - 3 total embeddings
[90mstdout[2m | src/components/RecordingStudio3.stories.jsx[2m > [22m[2mInteractive
[22m[39m[ChatContext] Chat exists and not archived, skipping creation
[90mstdout[2m | src/components/RecordingStudio3.stories.jsx[2m > [22m[2mInteractive
[22m[39m[Mock Storage] downloadData called with: undefined
[90mstdout[2m | src/components/RecordingStudio3.stories.jsx[2m > [22m[2mWord Preset
[22m[39m[ChatContext] Cleaning up subscriptions
[90mstdout[2m | src/components/RecordingStudio3.stories.jsx[2m > [22m[2mWord Preset
[22m[39m[Mock Data] Unit.onUpdate() subscription removed. Remaining: 0
[90mstdout[2m | src/components/RecordingStudio3.stories.jsx[2m > [22m[2mWord Preset
[22m[39m[MOCK CourseVectorStore] Initialized with mock data
[90mstdout[2m | src/components/RecordingStudio3.stories.jsx[2m > [22m[2mWord Preset
[22m[39m[TranslationModeController] Setting mode to: off
[90mstdout[2m | src/components/RecordingStudio3.stories.jsx[2m > [22m[2mWord Preset
[22m[39m[UnitContext] useEffect triggered {
  "authLoading": false,
  "hasUser": true,
  "id": "mock-unit-id",
  "userSub": "mock-user-sub",
}
[90mstdout[2m | src/components/RecordingStudio3.stories.jsx[2m > [22m[2mWord Preset
[22m[39m[UnitContext] Fetching unit data for id: mock-unit-id
[90mstdout[2m | src/components/RecordingStudio3.stories.jsx[2m > [22m[2mWord Preset
[22m[39m[FilesContext] Initializing vector store from IndexedDB
[90mstdout[2m | src/components/RecordingStudio3.stories.jsx[2m > [22m[2mWord Preset
[22m[39m[FilesContext] fetchFiles called
[90mstdout[2m | src/components/RecordingStudio3.stories.jsx[2m > [22m[2mWord Preset
[22m[39m[FilesContext] User authenticated: mock-user-sub
[90mstdout[2m | src/components/RecordingStudio3.stories.jsx[2m > [22m[2mWord Preset
[22m[39m[FilesContext] Identity ID: us-east-1:mock-identity-123
[90mstdout[2m | src/components/RecordingStudio3.stories.jsx[2m > [22m[2mWord Preset
[22m[39m[FilesContext] About to set up File observeQuery
[90mstdout[2m | src/components/RecordingStudio3.stories.jsx[2m > [22m[2mWord Preset
[22m[39m[ChatContext] Setting up AssistantChat observeQuery
[90mstdout[2m | src/components/RecordingStudio3.stories.jsx[2m > [22m[2mWord Preset
[22m[39m[ChatContext] Waiting for subscription to initialize
[90mstdout[2m | src/components/RecordingStudio3.stories.jsx[2m > [22m[2mWord Preset
[22m[39m[SettingsContext] Setting up Settings subscription for user: mock-user-sub
[90mstdout[2m | src/components/RecordingStudio3.stories.jsx[2m > [22m[2mWord Preset
[22m[39m[Mock Data] Settings created: mock-settings-1790416182042 - notified 0 subscribers
[90mstdout[2m | src/components/RecordingStudio3.stories.jsx[2m > [22m[2mWord Preset
[22m[39m[Mock Data] Unit.onUpdate() subscription added. Total: 1
[90mstdout[2m | src/components/RecordingStudio3.stories.jsx[2m > [22m[2mWord Preset
[22m[39m[SectionContext] Section observeQuery update: 0
[90mstdout[2m | src/components/RecordingStudio3.stories.jsx[2m > [22m[2mWord Preset
[22m[39m[FilesContext] File observeQuery update: 6 files
[90mstdout[2m | src/components/RecordingStudio3.stories.jsx[2m > [22m[2mWord Preset
[22m[39m[ChatContext] AssistantChat initialized with 1 chats
[90mstdout[2m | src/components/RecordingStudio3.stories.jsx[2m > [22m[2mWord Preset
[22m[39m[ChatContext] Setting initial chat: mock-assistant-chat-1
[90mstdout[2m | src/components/RecordingStudio3.stories.jsx[2m > [22m[2mWord Preset
[22m[39m[MOCK CourseVectorStore] Initialized with mock data
[90mstdout[2m | src/components/RecordingStudio3.stories.jsx[2m > [22m[2mWord Preset
[22m[39m[FilesContext] Vector store population triggered {
  "currentVectorStoreSize": 3,
  "documentsCount": 0,
  "filesCount": 6,
  "isInitialLoad": true,
}
[90mstdout[2m | src/components/RecordingStudio3.stories.jsx[2m > [22m[2mWord Preset
[22m[39m[FilesContext] Vector store population complete - 3 total embeddings
[90mstdout[2m | src/components/RecordingStudio3.stories.jsx[2m > [22m[2mWord Preset
[22m[39m[ChatContext] Chat exists and not archived, skipping creation
[90mstdout[2m | src/components/RecordingStudio3.stories.jsx[2m > [22m[2mWord Preset
[22m[39m[Mock Storage] downloadData called with: undefined
[90mstdout[2m | src/components/RecordingStudio3.stories.jsx[2m > [22m[2mConversation Preset
[22m[39m[ChatContext] Cleaning up subscriptions
[90mstdout[2m | src/components/RecordingStudio3.stories.jsx[2m > [22m[2mConversation Preset
[22m[39m[Mock Data] Unit.onUpdate() subscription removed. Remaining: 0
[90mstdout[2m | src/components/RecordingStudio3.stories.jsx[2m > [22m[2mConversation Preset
[22m[39m[MOCK CourseVectorStore] Initialized with mock data
[90mstdout[2m | src/components/RecordingStudio3.stories.jsx[2m > [22m[2mConversation Preset
[22m[39m[TranslationModeController] Setting mode to: off
[90mstdout[2m | src/components/RecordingStudio3.stories.jsx[2m > [22m[2mConversation Preset
[22m[39m[UnitContext] useEffect triggered {
  "authLoading": false,
  "hasUser": true,
  "id": "mock-unit-id",
  "userSub": "mock-user-sub",
}
[90mstdout[2m | src/components/RecordingStudio3.stories.jsx[2m > [22m[2mConversation Preset
[22m[39m[UnitContext] Fetching unit data for id: mock-unit-id
[90mstdout[2m | src/components/RecordingStudio3.stories.jsx[2m > [22m[2mConversation Preset
[22m[39m[FilesContext] Initializing vector store from IndexedDB
[90mstdout[2m | src/components/RecordingStudio3.stories.jsx[2m > [22m[2mConversation Preset
[22m[39m[FilesContext] fetchFiles called
[90mstdout[2m | src/components/RecordingStudio3.stories.jsx[2m > [22m[2mConversation Preset
[22m[39m[FilesContext] User authenticated: mock-user-sub
[90mstdout[2m | src/components/RecordingStudio3.stories.jsx[2m > [22m[2mConversation Preset
[22m[39m[FilesContext] Identity ID: us-east-1:mock-identity-123
[90mstdout[2m | src/components/RecordingStudio3.stories.jsx[2m > [22m[2mConversation Preset
[22m[39m[FilesContext] About to set up File observeQuery
[90mstdout[2m | src/components/RecordingStudio3.stories.jsx[2m > [22m[2mConversation Preset
[22m[39m[ChatContext] Setting up AssistantChat observeQuery
[90mstdout[2m | src/components/RecordingStudio3.stories.jsx[2m > [22m[2mConversation Preset
[22m[39m[ChatContext] Waiting for subscription to initialize
[90mstdout[2m | src/components/RecordingStudio3.stories.jsx[2m > [22m[2mConversation Preset
[22m[39m[SettingsContext] Setting up Settings subscription for user: mock-user-sub
[90mstdout[2m | src/components/RecordingStudio3.stories.jsx[2m > [22m[2mConversation Preset
[22m[39m[Mock Data] Settings created: mock-settings-1790416182433 - notified 0 subscribers
[90mstdout[2m | src/components/RecordingStudio3.stories.jsx[2m > [22m[2mConversation Preset
[22m[39m[Mock Data] Unit.onUpdate() subscription added. Total: 1
[90mstdout[2m | src/components/RecordingStudio3.stories.jsx[2m > [22m[2mConversation Preset
[22m[39m[SectionContext] Section observeQuery update: 0
[90mstdout[2m | src/components/RecordingStudio3.stories.jsx[2m > [22m[2mConversation Preset
[22m[39m[FilesContext] File observeQuery update: 6 files
[90mstdout[2m | src/components/RecordingStudio3.stories.jsx[2m > [22m[2mConversation Preset
[22m[39m[ChatContext] AssistantChat initialized with 1 chats
[90mstdout[2m | src/components/RecordingStudio3.stories.jsx[2m > [22m[2mConversation Preset
[22m[39m[ChatContext] Setting initial chat: mock-assistant-chat-1
[90mstdout[2m | src/components/RecordingStudio3.stories.jsx[2m > [22m[2mConversation Preset
[22m[39m[MOCK CourseVectorStore] Initialized with mock data
[90mstdout[2m | src/components/RecordingStudio3.stories.jsx[2m > [22m[2mConversation Preset
[22m[39m[FilesContext] Vector store population triggered {
  "currentVectorStoreSize": 3,
  "documentsCount": 0,
  "filesCount": 6,
  "isInitialLoad": true,
}
[90mstdout[2m | src/components/RecordingStudio3.stories.jsx[2m > [22m[2mConversation Preset
[22m[39m[FilesContext] Vector store population complete - 3 total embeddings
[90mstdout[2m | src/components/RecordingStudio3.stories.jsx[2m > [22m[2mConversation Preset
[22m[39m[ChatContext] Chat exists and not archived, skipping creation
[90mstdout[2m | src/components/RecordingStudio3.stories.jsx[2m > [22m[2mConversation Preset
[22m[39m[Mock Storage] downloadData called with: undefined
[90mstdout[2m | src/components/RecordingStudio3.stories.jsx[2m > [22m[2mQuestion Preset
[22m[39m[ChatContext] Cleaning up subscriptions
[90mstdout[2m | src/components/RecordingStudio3.stories.jsx[2m > [22m[2mQuestion Preset
[22m[39m[Mock Data] Unit.onUpdate() subscription removed. Remaining: 0
[90mstdout[2m | src/components/RecordingStudio3.stories.jsx[2m > [22m[2mQuestion Preset
[22m[39m[MOCK CourseVectorStore] Initialized with mock data
[90mstdout[2m | src/components/RecordingStudio3.stories.jsx[2m > [22m[2mQuestion Preset
[22m[39m[TranslationModeController] Setting mode to: off
[90mstdout[2m | src/components/RecordingStudio3.stories.jsx[2m > [22m[2mQuestion Preset
[22m[39m[UnitContext] useEffect triggered {
  "authLoading": false,
  "hasUser": true,
  "id": "mock-unit-id",
  "userSub": "mock-user-sub",
}
[90mstdout[2m | src/components/RecordingStudio3.stories.jsx[2m > [22m[2mQuestion Preset
[22m[39m[UnitContext] Fetching unit data for id: mock-unit-id
[90mstdout[2m | src/components/RecordingStudio3.stories.jsx[2m > [22m[2mQuestion Preset
[22m[39m[FilesContext] Initializing vector store from IndexedDB
[90mstdout[2m | src/components/RecordingStudio3.stories.jsx[2m > [22m[2mQuestion Preset
[22m[39m[FilesContext] fetchFiles called
[90mstdout[2m | src/components/RecordingStudio3.stories.jsx[2m > [22m[2mQuestion Preset
[22m[39m[FilesContext] User authenticated: mock-user-sub
[90mstdout[2m | src/components/RecordingStudio3.stories.jsx[2m > [22m[2mQuestion Preset
[22m[39m[FilesContext] Identity ID: us-east-1:mock-identity-123
[90mstdout[2m | src/components/RecordingStudio3.stories.jsx[2m > [22m[2mQuestion Preset
[22m[39m[FilesContext] About to set up File observeQuery
[90mstdout[2m | src/components/RecordingStudio3.stories.jsx[2m > [22m[2mQuestion Preset
[22m[39m[ChatContext] Setting up AssistantChat observeQuery
[90mstdout[2m | src/components/RecordingStudio3.stories.jsx[2m > [22m[2mQuestion Preset
[22m[39m[ChatContext] Waiting for subscription to initialize
[90mstdout[2m | src/components/RecordingStudio3.stories.jsx[2m > [22m[2mQuestion Preset
[22m[39m[SettingsContext] Setting up Settings subscription for user: mock-user-sub
[90mstdout[2m | src/components/RecordingStudio3.stories.jsx[2m > [22m[2mQuestion Preset
[22m[39m[Mock Data] Settings created: mock-settings-1790416182749 - notified 0 subscribers
[90mstdout[2m | src/components/RecordingStudio3.stories.jsx[2m > [22m[2mQuestion Preset
[22m[39m[Mock Data] Unit.onUpdate() subscription added. Total: 1
[90mstdout[2m | src/components/RecordingStudio3.stories.jsx[2m > [22m[2mQuestion Preset
[22m[39m[SectionContext] Section observeQuery update: 0
[90mstdout[2m | src/components/RecordingStudio3.stories.jsx[2m > [22m[2mQuestion Preset
[22m[39m[FilesContext] File observeQuery update: 6 files
[90mstdout[2m | src/components/RecordingStudio3.stories.jsx[2m > [22m[2mQuestion Preset
[22m[39m[ChatContext] AssistantChat initialized with 1 chats
[90mstdout[2m | src/components/RecordingStudio3.stories.jsx[2m > [22m[2mQuestion Preset
[22m[39m[ChatContext] Setting initial chat: mock-assistant-chat-1
[90mstdout[2m | src/components/RecordingStudio3.stories.jsx[2m > [22m[2mQuestion Preset
[22m[39m[MOCK CourseVectorStore] Initialized with mock data
[90mstdout[2m | src/components/RecordingStudio3.stories.jsx[2m > [22m[2mQuestion Preset
[22m[39m[FilesContext] Vector store population triggered {
  "currentVectorStoreSize": 3,
  "documentsCount": 0,
  "filesCount": 6,
  "isInitialLoad": true,
}
[90mstdout[2m | src/components/RecordingStudio3.stories.jsx[2m > [22m[2mQuestion Preset
[22m[39m[FilesContext] Vector store population complete - 3 total embeddings
[90mstdout[2m | src/components/RecordingStudio3.stories.jsx[2m > [22m[2mQuestion Preset
[22m[39m[ChatContext] Chat exists and not archived, skipping creation
[90mstdout[2m | src/components/RecordingStudio3.stories.jsx[2m > [22m[2mQuestion Preset
[22m[39m[Mock Storage] downloadData called with: undefined
[90mstdout[2m | src/components/RecordingStudio3.stories.jsx[2m > [22m[2mQuestion Preset
[22m[39mScript changed: {
  "dialogue": [],
  "metadata": {
    "date": "2026-09-26",
    "scene": "",
    "title": "Coffee Shop",
    "version": "1.0",
  },
  "speakers": {},
}
 [32m✓[39m [30m[45m storybook (chromium) [49m[39m src/components/RecordingStudio3.stories.jsx [2m([22m[2m10 tests[22m[2m)[22m[33m 6344[2mms[22m[39m
   [33m[2m✓[22m[39m Coffee Shop Dialogue [33m 588[2mms[22m[39m
   [33m[2m✓[22m[39m Japanese Vocabulary Word [33m 862[2mms[22m[39m
   [33m[2m✓[22m[39m Quiz Question Audio [33m 571[2mms[22m[39m
   [33m[2m✓[22m[39m Comparing Multiple Takes [33m 1458[2mms[22m[39m
   [33m[2m✓[22m[39m Preview Mode [33m 512[2mms[22m[39m
   [33m[2m✓[22m[39m Start From Scratch [33m 552[2mms[22m[39m
   [33m[2m✓[22m[39m Interactive [33m 630[2mms[22m[39m
   [33m[2m✓[22m[39m Word Preset [33m 474[2mms[22m[39m
   [33m[2m✓[22m[39m Question Preset [33m 414[2mms[22m[39m
[90mstdout[2m | unknown test
[22m[39m[MOCK vectorStoreDB.js] Module loaded - mock IndexedDB operations
[90mstdout[2m | unknown test
[22m[39m[Task Completion] DOM action listeners initialized
[90mstdout[2m | unknown test
[22m[39m[Task Completion] Auto-completion detector initialized
[90mstdout[2m | unknown test
[22m[39m[Preview] Task completion detector initialized
[90mstdout[2m | src/components/AIAgentConfig.stories.tsx[2m > [22m[2mPlatform Mode
[22m[39m[MOCK CourseVectorStore] Initialized with mock data
[90mstdout[2m | src/components/AIAgentConfig.stories.tsx[2m > [22m[2mPlatform Mode
[22m[39m[TranslationModeController] Setting mode to: off
[90mstdout[2m | src/components/AIAgentConfig.stories.tsx[2m > [22m[2mPlatform Mode
[22m[39m[UnitContext] useEffect triggered {
  "authLoading": false,
  "hasUser": true,
  "id": "mock-unit-id",
  "userSub": "mock-user-sub",
}
[90mstdout[2m | src/components/AIAgentConfig.stories.tsx[2m > [22m[2mPlatform Mode
[22m[39m[UnitContext] Fetching unit data for id: mock-unit-id
[90mstdout[2m | src/components/AIAgentConfig.stories.tsx[2m > [22m[2mPlatform Mode
[22m[39m[FilesContext] Initializing vector store from IndexedDB
[90mstdout[2m | src/components/AIAgentConfig.stories.tsx[2m > [22m[2mPlatform Mode
[22m[39m[FilesContext] fetchFiles called
[90mstdout[2m | src/components/AIAgentConfig.stories.tsx[2m > [22m[2mPlatform Mode
[22m[39m[FilesContext] User authenticated: mock-user-sub
[90mstdout[2m | src/components/AIAgentConfig.stories.tsx[2m > [22m[2mPlatform Mode
[22m[39m[FilesContext] Identity ID: us-east-1:mock-identity-123
[90mstdout[2m | src/components/AIAgentConfig.stories.tsx[2m > [22m[2mPlatform Mode
[22m[39m[FilesContext] About to set up File observeQuery
[90mstdout[2m | src/components/AIAgentConfig.stories.tsx[2m > [22m[2mPlatform Mode
[22m[39m[ChatContext] Setting up AssistantChat observeQuery
[90mstdout[2m | src/components/AIAgentConfig.stories.tsx[2m > [22m[2mPlatform Mode
[22m[39m[ChatContext] Waiting for subscription to initialize
[90mstdout[2m | src/components/AIAgentConfig.stories.tsx[2m > [22m[2mPlatform Mode
[22m[39m[SettingsContext] Setting up Settings subscription for user: mock-user-sub
[90mstdout[2m | src/components/AIAgentConfig.stories.tsx[2m > [22m[2mPlatform Mode
[22m[39m[Mock Data] Settings created: mock-settings-1790416184023 - notified 0 subscribers
[90mstdout[2m | src/components/AIAgentConfig.stories.tsx[2m > [22m[2mPlatform Mode
[22m[39m[Mock Data] Unit.onUpdate() subscription added. Total: 1
[90mstdout[2m | src/components/AIAgentConfig.stories.tsx[2m > [22m[2mPlatform Mode
[22m[39m[SectionContext] Section observeQuery update: 0
[90mstdout[2m | src/components/AIAgentConfig.stories.tsx[2m > [22m[2mPlatform Mode
[22m[39m[FilesContext] File observeQuery update: 6 files
[90mstdout[2m | src/components/AIAgentConfig.stories.tsx[2m > [22m[2mPlatform Mode
[22m[39m[ChatContext] AssistantChat initialized with 1 chats
[90mstdout[2m | src/components/AIAgentConfig.stories.tsx[2m > [22m[2mPlatform Mode
[22m[39m[ChatContext] Setting initial chat: mock-assistant-chat-1
[90mstdout[2m | src/components/AIAgentConfig.stories.tsx[2m > [22m[2mPlatform Mode
[22m[39m[MOCK CourseVectorStore] Initialized with mock data
[90mstdout[2m | src/components/AIAgentConfig.stories.tsx[2m > [22m[2mPlatform Mode
[22m[39m[FilesContext] Vector store population triggered {
  "currentVectorStoreSize": 3,
  "documentsCount": 0,
  "filesCount": 6,
  "isInitialLoad": true,
}
[90mstdout[2m | src/components/AIAgentConfig.stories.tsx[2m > [22m[2mPlatform Mode
[22m[39m[FilesContext] Vector store population complete - 3 total embeddings
[90mstdout[2m | src/components/AIAgentConfig.stories.tsx[2m > [22m[2mPlatform Mode
[22m[39m[ChatContext] Chat exists and not archived, skipping creation
[90mstdout[2m | src/components/AIAgentConfig.stories.tsx[2m > [22m[2mPlatform Mode
[22m[39m[Mock Storage] downloadData called with: undefined
[90mstdout[2m | src/components/AIAgentConfig.stories.tsx[2m > [22m[2mPlatform — Budget Enforcement Disabled
[22m[39m[ChatContext] Cleaning up subscriptions
[90mstdout[2m | src/components/AIAgentConfig.stories.tsx[2m > [22m[2mPlatform — Budget Enforcement Disabled
[22m[39m[Mock Data] Unit.onUpdate() subscription removed. Remaining: 0
[90mstdout[2m | src/components/AIAgentConfig.stories.tsx[2m > [22m[2mPlatform — Budget Enforcement Disabled
[22m[39m[MOCK CourseVectorStore] Initialized with mock data
[90mstdout[2m | src/components/AIAgentConfig.stories.tsx[2m > [22m[2mPlatform — Budget Enforcement Disabled
[22m[39m[TranslationModeController] Setting mode to: off
[90mstdout[2m | src/components/AIAgentConfig.stories.tsx[2m > [22m[2mPlatform — Budget Enforcement Disabled
[22m[39m[UnitContext] useEffect triggered {
  "authLoading": false,
  "hasUser": true,
  "id": "mock-unit-id",
  "userSub": "mock-user-sub",
}
[90mstdout[2m | src/components/AIAgentConfig.stories.tsx[2m > [22m[2mPlatform — Budget Enforcement Disabled
[22m[39m[UnitContext] Fetching unit data for id: mock-unit-id
[90mstdout[2m | src/components/AIAgentConfig.stories.tsx[2m > [22m[2mPlatform — Budget Enforcement Disabled
[22m[39m[FilesContext] Initializing vector store from IndexedDB
[90mstdout[2m | src/components/AIAgentConfig.stories.tsx[2m > [22m[2mPlatform — Budget Enforcement Disabled
[22m[39m[FilesContext] fetchFiles called
[90mstdout[2m | src/components/AIAgentConfig.stories.tsx[2m > [22m[2mPlatform — Budget Enforcement Disabled
[22m[39m[FilesContext] User authenticated: mock-user-sub
[90mstdout[2m | src/components/AIAgentConfig.stories.tsx[2m > [22m[2mPlatform — Budget Enforcement Disabled
[22m[39m[FilesContext] Identity ID: us-east-1:mock-identity-123
[90mstdout[2m | src/components/AIAgentConfig.stories.tsx[2m > [22m[2mPlatform — Budget Enforcement Disabled
[22m[39m[FilesContext] About to set up File observeQuery
[90mstdout[2m | src/components/AIAgentConfig.stories.tsx[2m > [22m[2mPlatform — Budget Enforcement Disabled
[22m[39m[ChatContext] Setting up AssistantChat observeQuery
[90mstdout[2m | src/components/AIAgentConfig.stories.tsx[2m > [22m[2mPlatform — Budget Enforcement Disabled
[22m[39m[ChatContext] Waiting for subscription to initialize
[90mstdout[2m | src/components/AIAgentConfig.stories.tsx[2m > [22m[2mPlatform — Budget Enforcement Disabled
[22m[39m[SettingsContext] Setting up Settings subscription for user: mock-user-sub
[90mstdout[2m | src/components/AIAgentConfig.stories.tsx[2m > [22m[2mPlatform — Budget Enforcement Disabled
[22m[39m[Mock Data] Settings created: mock-settings-1790416184491 - notified 0 subscribers
[90mstdout[2m | src/components/AIAgentConfig.stories.tsx[2m > [22m[2mPlatform — Budget Enforcement Disabled
[22m[39m[Mock Data] Unit.onUpdate() subscription added. Total: 1
[90mstdout[2m | src/components/AIAgentConfig.stories.tsx[2m > [22m[2mPlatform — Budget Enforcement Disabled
[22m[39m[SectionContext] Section observeQuery update: 0
[90mstdout[2m | src/components/AIAgentConfig.stories.tsx[2m > [22m[2mPlatform — Budget Enforcement Disabled
[22m[39m[FilesContext] File observeQuery update: 6 files
[90mstdout[2m | src/components/AIAgentConfig.stories.tsx[2m > [22m[2mPlatform — Budget Enforcement Disabled
[22m[39m[ChatContext] AssistantChat initialized with 1 chats
[90mstdout[2m | src/components/AIAgentConfig.stories.tsx[2m > [22m[2mPlatform — Budget Enforcement Disabled
[22m[39m[ChatContext] Setting initial chat: mock-assistant-chat-1
[90mstdout[2m | src/components/AIAgentConfig.stories.tsx[2m > [22m[2mPlatform — Budget Enforcement Disabled
[22m[39m[MOCK CourseVectorStore] Initialized with mock data
[90mstdout[2m | src/components/AIAgentConfig.stories.tsx[2m > [22m[2mPlatform — Budget Enforcement Disabled
[22m[39m[FilesContext] Vector store population triggered {
  "currentVectorStoreSize": 3,
  "documentsCount": 0,
  "filesCount": 6,
  "isInitialLoad": true,
}
[90mstdout[2m | src/components/AIAgentConfig.stories.tsx[2m > [22m[2mPlatform — Budget Enforcement Disabled
[22m[39m[FilesContext] Vector store population complete - 3 total embeddings
[90mstdout[2m | src/components/AIAgentConfig.stories.tsx[2m > [22m[2mPlatform — Budget Enforcement Disabled
[22m[39m[ChatContext] Chat exists and not archived, skipping creation
[90mstdout[2m | src/components/AIAgentConfig.stories.tsx[2m > [22m[2mPlatform — Budget Enforcement Disabled
[22m[39m[Mock Storage] downloadData called with: undefined
[90mstdout[2m | src/components/AIAgentConfig.stories.tsx[2m > [22m[2mPlatform — Custom Model Selection
[22m[39m[ChatContext] Cleaning up subscriptions
[90mstdout[2m | src/components/AIAgentConfig.stories.tsx[2m > [22m[2mPlatform — Custom Model Selection
[22m[39m[Mock Data] Unit.onUpdate() subscription removed. Remaining: 0
[90mstdout[2m | src/components/AIAgentConfig.stories.tsx[2m > [22m[2mPlatform — Custom Model Selection
[22m[39m[MOCK CourseVectorStore] Initialized with mock data
[90mstdout[2m | src/components/AIAgentConfig.stories.tsx[2m > [22m[2mPlatform — Custom Model Selection
[22m[39m[TranslationModeController] Setting mode to: off
[90mstdout[2m | src/components/AIAgentConfig.stories.tsx[2m > [22m[2mPlatform — Custom Model Selection
[22m[39m[UnitContext] useEffect triggered {
  "authLoading": false,
  "hasUser": true,
  "id": "mock-unit-id",
  "userSub": "mock-user-sub",
}
[90mstdout[2m | src/components/AIAgentConfig.stories.tsx[2m > [22m[2mPlatform — Custom Model Selection
[22m[39m[UnitContext] Fetching unit data for id: mock-unit-id
[90mstdout[2m | src/components/AIAgentConfig.stories.tsx[2m > [22m[2mPlatform — Custom Model Selection
[22m[39m[FilesContext] Initializing vector store from IndexedDB
[90mstdout[2m | src/components/AIAgentConfig.stories.tsx[2m > [22m[2mPlatform — Custom Model Selection
[22m[39m[FilesContext] fetchFiles called
[90mstdout[2m | src/components/AIAgentConfig.stories.tsx[2m > [22m[2mPlatform — Custom Model Selection
[22m[39m[FilesContext] User authenticated: mock-user-sub
[90mstdout[2m | src/components/AIAgentConfig.stories.tsx[2m > [22m[2mPlatform — Custom Model Selection
[22m[39m[FilesContext] Identity ID: us-east-1:mock-identity-123
[90mstdout[2m | src/components/AIAgentConfig.stories.tsx[2m > [22m[2mPlatform — Custom Model Selection
[22m[39m[FilesContext] About to set up File observeQuery
[90mstdout[2m | src/components/AIAgentConfig.stories.tsx[2m > [22m[2mPlatform — Custom Model Selection
[22m[39m[ChatContext] Setting up AssistantChat observeQuery
[90mstdout[2m | src/components/AIAgentConfig.stories.tsx[2m > [22m[2mPlatform — Custom Model Selection
[22m[39m[ChatContext] Waiting for subscription to initialize
[90mstdout[2m | src/components/AIAgentConfig.stories.tsx[2m > [22m[2mPlatform — Custom Model Selection
[22m[39m[SettingsContext] Setting up Settings subscription for user: mock-user-sub
[90mstdout[2m | src/components/AIAgentConfig.stories.tsx[2m > [22m[2mPlatform — Custom Model Selection
[22m[39m[Mock Data] Settings created: mock-settings-1790416184889 - notified 0 subscribers
[90mstdout[2m | src/components/AIAgentConfig.stories.tsx[2m > [22m[2mPlatform — Custom Model Selection
[22m[39m[Mock Data] Unit.onUpdate() subscription added. Total: 1
[90mstdout[2m | src/components/AIAgentConfig.stories.tsx[2m > [22m[2mPlatform — Custom Model Selection
[22m[39m[SectionContext] Section observeQuery update: 0
[90mstdout[2m | src/components/AIAgentConfig.stories.tsx[2m > [22m[2mPlatform — Custom Model Selection
[22m[39m[FilesContext] File observeQuery update: 6 files
[90mstdout[2m | src/components/AIAgentConfig.stories.tsx[2m > [22m[2mPlatform — Custom Model Selection
[22m[39m[ChatContext] AssistantChat initialized with 1 chats
[90mstdout[2m | src/components/AIAgentConfig.stories.tsx[2m > [22m[2mPlatform — Custom Model Selection
[22m[39m[ChatContext] Setting initial chat: mock-assistant-chat-1
[90mstdout[2m | src/components/AIAgentConfig.stories.tsx[2m > [22m[2mPlatform — Custom Model Selection
[22m[39m[MOCK CourseVectorStore] Initialized with mock data
[90mstdout[2m | src/components/AIAgentConfig.stories.tsx[2m > [22m[2mPlatform — Custom Model Selection
[22m[39m[FilesContext] Vector store population triggered {
  "currentVectorStoreSize": 3,
  "documentsCount": 0,
  "filesCount": 6,
  "isInitialLoad": true,
}
[90mstdout[2m | src/components/AIAgentConfig.stories.tsx[2m > [22m[2mPlatform — Custom Model Selection
[22m[39m[FilesContext] Vector store population complete - 3 total embeddings
[90mstdout[2m | src/components/AIAgentConfig.stories.tsx[2m > [22m[2mPlatform — Custom Model Selection
[22m[39m[ChatContext] Chat exists and not archived, skipping creation
[90mstdout[2m | src/components/AIAgentConfig.stories.tsx[2m > [22m[2mPlatform — Custom Model Selection
[22m[39m[Mock Storage] downloadData called with: undefined
[90mstdout[2m | src/components/AIAgentConfig.stories.tsx[2m > [22m[2mPlatform — Saving State
[22m[39m[ChatContext] Cleaning up subscriptions
[90mstdout[2m | src/components/AIAgentConfig.stories.tsx[2m > [22m[2mPlatform — Saving State
[22m[39m[Mock Data] Unit.onUpdate() subscription removed. Remaining: 0
[90mstdout[2m | src/components/AIAgentConfig.stories.tsx[2m > [22m[2mPlatform — Saving State
[22m[39m[MOCK CourseVectorStore] Initialized with mock data
[90mstdout[2m | src/components/AIAgentConfig.stories.tsx[2m > [22m[2mPlatform — Saving State
[22m[39m[TranslationModeController] Setting mode to: off
[90mstdout[2m | src/components/AIAgentConfig.stories.tsx[2m > [22m[2mPlatform — Saving State
[22m[39m[UnitContext] useEffect triggered {
  "authLoading": false,
  "hasUser": true,
  "id": "mock-unit-id",
  "userSub": "mock-user-sub",
}
[90mstdout[2m | src/components/AIAgentConfig.stories.tsx[2m > [22m[2mPlatform — Saving State
[22m[39m[UnitContext] Fetching unit data for id: mock-unit-id
[90mstdout[2m | src/components/AIAgentConfig.stories.tsx[2m > [22m[2mPlatform — Saving State
[22m[39m[FilesContext] Initializing vector store from IndexedDB
[90mstdout[2m | src/components/AIAgentConfig.stories.tsx[2m > [22m[2mPlatform — Saving State
[22m[39m[FilesContext] fetchFiles called
[90mstdout[2m | src/components/AIAgentConfig.stories.tsx[2m > [22m[2mPlatform — Saving State
[22m[39m[FilesContext] User authenticated: mock-user-sub
[90mstdout[2m | src/components/AIAgentConfig.stories.tsx[2m > [22m[2mPlatform — Saving State
[22m[39m[FilesContext] Identity ID: us-east-1:mock-identity-123
[90mstdout[2m | src/components/AIAgentConfig.stories.tsx[2m > [22m[2mPlatform — Saving State
[22m[39m[FilesContext] About to set up File observeQuery
[90mstdout[2m | src/components/AIAgentConfig.stories.tsx[2m > [22m[2mPlatform — Saving State
[22m[39m[ChatContext] Setting up AssistantChat observeQuery
[90mstdout[2m | src/components/AIAgentConfig.stories.tsx[2m > [22m[2mPlatform — Saving State
[22m[39m[ChatContext] Waiting for subscription to initialize
[90mstdout[2m | src/components/AIAgentConfig.stories.tsx[2m > [22m[2mPlatform — Saving State
[22m[39m[SettingsContext] Setting up Settings subscription for user: mock-user-sub
[90mstdout[2m | src/components/AIAgentConfig.stories.tsx[2m > [22m[2mPlatform — Saving State
[22m[39m[Mock Data] Settings created: mock-settings-1790416185202 - notified 0 subscribers
[90mstdout[2m | src/components/AIAgentConfig.stories.tsx[2m > [22m[2mPlatform — Saving State
[22m[39m[Mock Data] Unit.onUpdate() subscription added. Total: 1
[90mstdout[2m | src/components/AIAgentConfig.stories.tsx[2m > [22m[2mPlatform — Saving State
[22m[39m[SectionContext] Section observeQuery update: 0
[90mstdout[2m | src/components/AIAgentConfig.stories.tsx[2m > [22m[2mPlatform — Saving State
[22m[39m[FilesContext] File observeQuery update: 6 files
[90mstdout[2m | src/components/AIAgentConfig.stories.tsx[2m > [22m[2mPlatform — Saving State
[22m[39m[ChatContext] AssistantChat initialized with 1 chats
[90mstdout[2m | src/components/AIAgentConfig.stories.tsx[2m > [22m[2mPlatform — Saving State
[22m[39m[ChatContext] Setting initial chat: mock-assistant-chat-1
[90mstdout[2m | src/components/AIAgentConfig.stories.tsx[2m > [22m[2mPlatform — Saving State
[22m[39m[MOCK CourseVectorStore] Initialized with mock data
[90mstdout[2m | src/components/AIAgentConfig.stories.tsx[2m > [22m[2mPlatform — Saving State
[22m[39m[FilesContext] Vector store population triggered {
  "currentVectorStoreSize": 3,
  "documentsCount": 0,
  "filesCount": 6,
  "isInitialLoad": true,
}
[90mstdout[2m | src/components/AIAgentConfig.stories.tsx[2m > [22m[2mPlatform — Saving State
[22m[39m[FilesContext] Vector store population complete - 3 total embeddings
[90mstdout[2m | src/components/AIAgentConfig.stories.tsx[2m > [22m[2mPlatform — Saving State
[22m[39m[ChatContext] Chat exists and not archived, skipping creation
[90mstdout[2m | src/components/AIAgentConfig.stories.tsx[2m > [22m[2mPlatform — Saving State
[22m[39m[Mock Storage] downloadData called with: undefined
[90mstdout[2m | src/components/AIAgentConfig.stories.tsx[2m > [22m[2mSection Mode
[22m[39m[ChatContext] Cleaning up subscriptions
[90mstdout[2m | src/components/AIAgentConfig.stories.tsx[2m > [22m[2mSection Mode
[22m[39m[Mock Data] Unit.onUpdate() subscription removed. Remaining: 0
[90mstdout[2m | src/components/AIAgentConfig.stories.tsx[2m > [22m[2mSection Mode
[22m[39m[MOCK CourseVectorStore] Initialized with mock data
[90mstdout[2m | src/components/AIAgentConfig.stories.tsx[2m > [22m[2mSection Mode
[22m[39m[TranslationModeController] Setting mode to: off
[90mstdout[2m | src/components/AIAgentConfig.stories.tsx[2m > [22m[2mSection Mode
[22m[39m[UnitContext] useEffect triggered {
  "authLoading": false,
  "hasUser": true,
  "id": "mock-unit-id",
  "userSub": "mock-user-sub",
}
[90mstdout[2m | src/components/AIAgentConfig.stories.tsx[2m > [22m[2mSection Mode
[22m[39m[UnitContext] Fetching unit data for id: mock-unit-id
[90mstdout[2m | src/components/AIAgentConfig.stories.tsx[2m > [22m[2mSection Mode
[22m[39m[FilesContext] Initializing vector store from IndexedDB
[90mstdout[2m | src/components/AIAgentConfig.stories.tsx[2m > [22m[2mSection Mode
[22m[39m[FilesContext] fetchFiles called
[90mstdout[2m | src/components/AIAgentConfig.stories.tsx[2m > [22m[2mSection Mode
[22m[39m[FilesContext] User authenticated: mock-user-sub
[90mstdout[2m | src/components/AIAgentConfig.stories.tsx[2m > [22m[2mSection Mode
[22m[39m[FilesContext] Identity ID: us-east-1:mock-identity-123
[90mstdout[2m | src/components/AIAgentConfig.stories.tsx[2m > [22m[2mSection Mode
[22m[39m[FilesContext] About to set up File observeQuery
[90mstdout[2m | src/components/AIAgentConfig.stories.tsx[2m > [22m[2mSection Mode
[22m[39m[ChatContext] Setting up AssistantChat observeQuery
[90mstdout[2m | src/components/AIAgentConfig.stories.tsx[2m > [22m[2mSection Mode
[22m[39m[ChatContext] Waiting for subscription to initialize
[90mstdout[2m | src/components/AIAgentConfig.stories.tsx[2m > [22m[2mSection Mode
[22m[39m[SettingsContext] Setting up Settings subscription for user: mock-user-sub
[90mstdout[2m | src/components/AIAgentConfig.stories.tsx[2m > [22m[2mSection Mode
[22m[39m[Mock Data] Settings created: mock-settings-1790416185558 - notified 0 subscribers
[90mstdout[2m | src/components/AIAgentConfig.stories.tsx[2m > [22m[2mSection Mode
[22m[39m[Mock Data] Unit.onUpdate() subscription added. Total: 1
[90mstdout[2m | src/components/AIAgentConfig.stories.tsx[2m > [22m[2mSection Mode
[22m[39m[SectionContext] Section observeQuery update: 0
[90mstdout[2m | src/components/AIAgentConfig.stories.tsx[2m > [22m[2mSection Mode
[22m[39m[FilesContext] File observeQuery update: 6 files
[90mstdout[2m | src/components/AIAgentConfig.stories.tsx[2m > [22m[2mSection Mode
[22m[39m[ChatContext] AssistantChat initialized with 1 chats
[90mstdout[2m | src/components/AIAgentConfig.stories.tsx[2m > [22m[2mSection Mode
[22m[39m[ChatContext] Setting initial chat: mock-assistant-chat-1
[90mstdout[2m | src/components/AIAgentConfig.stories.tsx[2m > [22m[2mSection Mode
[22m[39m[MOCK CourseVectorStore] Initialized with mock data
[90mstdout[2m | src/components/AIAgentConfig.stories.tsx[2m > [22m[2mSection Mode
[22m[39m[FilesContext] Vector store population triggered {
  "currentVectorStoreSize": 3,
  "documentsCount": 0,
  "filesCount": 6,
  "isInitialLoad": true,
}
[90mstdout[2m | src/components/AIAgentConfig.stories.tsx[2m > [22m[2mSection Mode
[22m[39m[FilesContext] Vector store population complete - 3 total embeddings
[90mstdout[2m | src/components/AIAgentConfig.stories.tsx[2m > [22m[2mSection Mode
[22m[39m[ChatContext] Chat exists and not archived, skipping creation
[90mstdout[2m | src/components/AIAgentConfig.stories.tsx[2m > [22m[2mSection Mode
[22m[39m[Mock Storage] downloadData called with: undefined
[90mstdout[2m | src/components/AIAgentConfig.stories.tsx[2m > [22m[2mSection — With Overrides Applied
[22m[39m[ChatContext] Cleaning up subscriptions
[90mstdout[2m | src/components/AIAgentConfig.stories.tsx[2m > [22m[2mSection — With Overrides Applied
[22m[39m[Mock Data] Unit.onUpdate() subscription removed. Remaining: 0
[90mstdout[2m | src/components/AIAgentConfig.stories.tsx[2m > [22m[2mSection — With Overrides Applied
[22m[39m[MOCK CourseVectorStore] Initialized with mock data
[90mstdout[2m | src/components/AIAgentConfig.stories.tsx[2m > [22m[2mSection — With Overrides Applied
[22m[39m[TranslationModeController] Setting mode to: off
[90mstdout[2m | src/components/AIAgentConfig.stories.tsx[2m > [22m[2mSection — With Overrides Applied
[22m[39m[UnitContext] useEffect triggered {
  "authLoading": false,
  "hasUser": true,
  "id": "mock-unit-id",
  "userSub": "mock-user-sub",
}
[90mstdout[2m | src/components/AIAgentConfig.stories.tsx[2m > [22m[2mSection — With Overrides Applied
[22m[39m[UnitContext] Fetching unit data for id: mock-unit-id
[90mstdout[2m | src/components/AIAgentConfig.stories.tsx[2m > [22m[2mSection — With Overrides Applied
[22m[39m[FilesContext] Initializing vector store from IndexedDB
[90mstdout[2m | src/components/AIAgentConfig.stories.tsx[2m > [22m[2mSection — With Overrides Applied
[22m[39m[FilesContext] fetchFiles called
[90mstdout[2m | src/components/AIAgentConfig.stories.tsx[2m > [22m[2mSection — With Overrides Applied
[22m[39m[FilesContext] User authenticated: mock-user-sub
[90mstdout[2m | src/components/AIAgentConfig.stories.tsx[2m > [22m[2mSection — With Overrides Applied
[22m[39m[FilesContext] Identity ID: us-east-1:mock-identity-123
[90mstdout[2m | src/components/AIAgentConfig.stories.tsx[2m > [22m[2mSection — With Overrides Applied
[22m[39m[FilesContext] About to set up File observeQuery
[90mstdout[2m | src/components/AIAgentConfig.stories.tsx[2m > [22m[2mSection — With Overrides Applied
[22m[39m[ChatContext] Setting up AssistantChat observeQuery
[90mstdout[2m | src/components/AIAgentConfig.stories.tsx[2m > [22m[2mSection — With Overrides Applied
[22m[39m[ChatContext] Waiting for subscription to initialize
[90mstdout[2m | src/components/AIAgentConfig.stories.tsx[2m > [22m[2mSection — With Overrides Applied
[22m[39m[SettingsContext] Setting up Settings subscription for user: mock-user-sub
[90mstdout[2m | src/components/AIAgentConfig.stories.tsx[2m > [22m[2mSection — With Overrides Applied
[22m[39m[Mock Data] Settings created: mock-settings-1790416185860 - notified 0 subscribers
[90mstdout[2m | src/components/AIAgentConfig.stories.tsx[2m > [22m[2mSection — With Overrides Applied
[22m[39m[Mock Data] Unit.onUpdate() subscription added. Total: 1
[90mstdout[2m | src/components/AIAgentConfig.stories.tsx[2m > [22m[2mSection — With Overrides Applied
[22m[39m[SectionContext] Section observeQuery update: 0
[90mstdout[2m | src/components/AIAgentConfig.stories.tsx[2m > [22m[2mSection — With Overrides Applied
[22m[39m[FilesContext] File observeQuery update: 6 files
[90mstdout[2m | src/components/AIAgentConfig.stories.tsx[2m > [22m[2mSection — With Overrides Applied
[22m[39m[ChatContext] AssistantChat initialized with 1 chats
[90mstdout[2m | src/components/AIAgentConfig.stories.tsx[2m > [22m[2mSection — With Overrides Applied
[22m[39m[ChatContext] Setting initial chat: mock-assistant-chat-1
[90mstdout[2m | src/components/AIAgentConfig.stories.tsx[2m > [22m[2mSection — With Overrides Applied
[22m[39m[MOCK CourseVectorStore] Initialized with mock data
[90mstdout[2m | src/components/AIAgentConfig.stories.tsx[2m > [22m[2mSection — With Overrides Applied
[22m[39m[FilesContext] Vector store population triggered {
  "currentVectorStoreSize": 3,
  "documentsCount": 0,
  "filesCount": 6,
  "isInitialLoad": true,
}
[90mstdout[2m | src/components/AIAgentConfig.stories.tsx[2m > [22m[2mSection — With Overrides Applied
[22m[39m[FilesContext] Vector store population complete - 3 total embeddings
[90mstdout[2m | src/components/AIAgentConfig.stories.tsx[2m > [22m[2mSection — With Overrides Applied
[22m[39m[ChatContext] Chat exists and not archived, skipping creation
[90mstdout[2m | src/components/AIAgentConfig.stories.tsx[2m > [22m[2mSection — With Overrides Applied
[22m[39m[Mock Storage] downloadData called with: undefined
[90mstdout[2m | src/components/AIAgentConfig.stories.tsx[2m > [22m[2mPlatform — Empty/Default Values
[22m[39m[ChatContext] Cleaning up subscriptions
[90mstdout[2m | src/components/AIAgentConfig.stories.tsx[2m > [22m[2mPlatform — Empty/Default Values
[22m[39m[Mock Data] Unit.onUpdate() subscription removed. Remaining: 0
[90mstdout[2m | src/components/AIAgentConfig.stories.tsx[2m > [22m[2mPlatform — Empty/Default Values
[22m[39m[MOCK CourseVectorStore] Initialized with mock data
[90mstdout[2m | src/components/AIAgentConfig.stories.tsx[2m > [22m[2mPlatform — Empty/Default Values
[22m[39m[TranslationModeController] Setting mode to: off
[90mstdout[2m | src/components/AIAgentConfig.stories.tsx[2m > [22m[2mPlatform — Empty/Default Values
[22m[39m[UnitContext] useEffect triggered {
  "authLoading": false,
  "hasUser": true,
  "id": "mock-unit-id",
  "userSub": "mock-user-sub",
}
[90mstdout[2m | src/components/AIAgentConfig.stories.tsx[2m > [22m[2mPlatform — Empty/Default Values
[22m[39m[UnitContext] Fetching unit data for id: mock-unit-id
[90mstdout[2m | src/components/AIAgentConfig.stories.tsx[2m > [22m[2mPlatform — Empty/Default Values
[22m[39m[FilesContext] Initializing vector store from IndexedDB
[90mstdout[2m | src/components/AIAgentConfig.stories.tsx[2m > [22m[2mPlatform — Empty/Default Values
[22m[39m[FilesContext] fetchFiles called
[90mstdout[2m | src/components/AIAgentConfig.stories.tsx[2m > [22m[2mPlatform — Empty/Default Values
[22m[39m[FilesContext] User authenticated: mock-user-sub
[90mstdout[2m | src/components/AIAgentConfig.stories.tsx[2m > [22m[2mPlatform — Empty/Default Values
[22m[39m[FilesContext] Identity ID: us-east-1:mock-identity-123
[90mstdout[2m | src/components/AIAgentConfig.stories.tsx[2m > [22m[2mPlatform — Empty/Default Values
[22m[39m[FilesContext] About to set up File observeQuery
[90mstdout[2m | src/components/AIAgentConfig.stories.tsx[2m > [22m[2mPlatform — Empty/Default Values
[22m[39m[ChatContext] Setting up AssistantChat observeQuery
[90mstdout[2m | src/components/AIAgentConfig.stories.tsx[2m > [22m[2mPlatform — Empty/Default Values
[22m[39m[ChatContext] Waiting for subscription to initialize
[90mstdout[2m | src/components/AIAgentConfig.stories.tsx[2m > [22m[2mPlatform — Empty/Default Values
[22m[39m[SettingsContext] Setting up Settings subscription for user: mock-user-sub
[90mstdout[2m | src/components/AIAgentConfig.stories.tsx[2m > [22m[2mPlatform — Empty/Default Values
[22m[39m[Mock Data] Settings created: mock-settings-1790416186200 - notified 0 subscribers
[90mstdout[2m | src/components/AIAgentConfig.stories.tsx[2m > [22m[2mPlatform — Empty/Default Values
[22m[39m[Mock Data] Unit.onUpdate() subscription added. Total: 1
[90mstdout[2m | src/components/AIAgentConfig.stories.tsx[2m > [22m[2mPlatform — Empty/Default Values
[22m[39m[SectionContext] Section observeQuery update: 0
[90mstdout[2m | src/components/AIAgentConfig.stories.tsx[2m > [22m[2mPlatform — Empty/Default Values
[22m[39m[FilesContext] File observeQuery update: 6 files
[90mstdout[2m | src/components/AIAgentConfig.stories.tsx[2m > [22m[2mPlatform — Empty/Default Values
[22m[39m[ChatContext] AssistantChat initialized with 1 chats
[90mstdout[2m | src/components/AIAgentConfig.stories.tsx[2m > [22m[2mPlatform — Empty/Default Values
[22m[39m[ChatContext] Setting initial chat: mock-assistant-chat-1
[90mstdout[2m | src/components/AIAgentConfig.stories.tsx[2m > [22m[2mPlatform — Empty/Default Values
[22m[39m[MOCK CourseVectorStore] Initialized with mock data
[90mstdout[2m | src/components/AIAgentConfig.stories.tsx[2m > [22m[2mPlatform — Empty/Default Values
[22m[39m[FilesContext] Vector store population triggered {
  "currentVectorStoreSize": 3,
  "documentsCount": 0,
  "filesCount": 6,
  "isInitialLoad": true,
}
[90mstdout[2m | src/components/AIAgentConfig.stories.tsx[2m > [22m[2mPlatform — Empty/Default Values
[22m[39m[FilesContext] Vector store population complete - 3 total embeddings
[90mstdout[2m | src/components/AIAgentConfig.stories.tsx[2m > [22m[2mPlatform — Empty/Default Values
[22m[39m[ChatContext] Chat exists and not archived, skipping creation
[90mstdout[2m | src/components/AIAgentConfig.stories.tsx[2m > [22m[2mPlatform — Empty/Default Values
[22m[39m[Mock Storage] downloadData called with: undefined
 [32m✓[39m [30m[45m storybook (chromium) [49m[39m src/components/AIAgentConfig.stories.tsx [2m([22m[2m7 tests[22m[2m)[22m[33m 2629[2mms[22m[39m
   [33m[2m✓[22m[39m Platform Mode [33m 545[2mms[22m[39m
   [33m[2m✓[22m[39m Platform — Budget Enforcement Disabled [33m 398[2mms[22m[39m
   [33m[2m✓[22m[39m Platform — Custom Model Selection [33m 387[2mms[22m[39m
   [33m[2m✓[22m[39m Platform — Saving State [33m 319[2mms[22m[39m
   [33m[2m✓[22m[39m Section Mode [33m 354[2mms[22m[39m
   [33m[2m✓[22m[39m Platform — Empty/Default Values [33m 352[2mms[22m[39m
[90mstdout[2m | unknown test
[22m[39m[MOCK vectorStoreDB.js] Module loaded - mock IndexedDB operations
[90mstdout[2m | unknown test
[22m[39m[Task Completion] DOM action listeners initialized
[90mstdout[2m | unknown test
[22m[39m[Task Completion] Auto-completion detector initialized
[90mstdout[2m | unknown test
[22m[39m[Preview] Task completion detector initialized
[90mstdout[2m | src/components/Gamification/XPTunerDialog.stories.tsx[2m > [22m[2mDefault
[22m[39m[TranslationModeController] Setting mode to: off
[90mstdout[2m | src/components/Gamification/XPTunerDialog.stories.tsx[2m > [22m[2mWith Custom Multipliers
[22m[39m[TranslationModeController] Setting mode to: off
[90mstdout[2m | src/components/Gamification/XPTunerDialog.stories.tsx[2m > [22m[2mWith Caps
[22m[39m[TranslationModeController] Setting mode to: off
[90mstdout[2m | src/components/Gamification/XPTunerDialog.stories.tsx[2m > [22m[2mXP Disabled
[22m[39m[TranslationModeController] Setting mode to: off
[90mstdout[2m | src/components/Gamification/XPTunerDialog.stories.tsx[2m > [22m[2mDouble XP
[22m[39m[TranslationModeController] Setting mode to: off
[90mstdout[2m | src/components/Gamification/XPTunerDialog.stories.tsx[2m > [22m[2mNo Section Name
[22m[39m[TranslationModeController] Setting mode to: off
[90mstdout[2m | src/components/Gamification/XPTunerDialog.stories.tsx[2m > [22m[2mCustom Leveling
[22m[39m[TranslationModeController] Setting mode to: off
[90mstdout[2m | src/components/Gamification/XPTunerDialog.stories.tsx[2m > [22m[2mMax Levels
[22m[39m[TranslationModeController] Setting mode to: off
 [32m✓[39m [30m[45m storybook (chromium) [49m[39m src/components/Gamification/XPTunerDialog.stories.tsx [2m([22m[2m8 tests[22m[2m)[22m[33m 4621[2mms[22m[39m
   [33m[2m✓[22m[39m Default [33m 1045[2mms[22m[39m
   [33m[2m✓[22m[39m With Custom Multipliers [33m 447[2mms[22m[39m
   [33m[2m✓[22m[39m With Caps [33m 761[2mms[22m[39m
   [33m[2m✓[22m[39m XP Disabled [33m 392[2mms[22m[39m
   [33m[2m✓[22m[39m Double XP [33m 513[2mms[22m[39m
   [33m[2m✓[22m[39m No Section Name [33m 519[2mms[22m[39m
   [33m[2m✓[22m[39m Custom Leveling [33m 479[2mms[22m[39m
   [33m[2m✓[22m[39m Max Levels [33m 464[2mms[22m[39m
[90mstdout[2m | unknown test
[22m[39m[MOCK vectorStoreDB.js] Module loaded - mock IndexedDB operations
[90mstdout[2m | unknown test
[22m[39m[Task Completion] DOM action listeners initialized
[90mstdout[2m | unknown test
[22m[39m[Task Completion] Auto-completion detector initialized
[90mstdout[2m | unknown test
[22m[39m[Preview] Task completion detector initialized
[90mstdout[2m | src/components/Gamification/BossBattleForm.stories.tsx[2m > [22m[2mDefault
[22m[39m[TranslationModeController] Setting mode to: off
[90mstdout[2m | src/components/Gamification/BossBattleForm.stories.tsx[2m > [22m[2mSubmitting
[22m[39m[TranslationModeController] Setting mode to: off
[90mstdout[2m | src/components/Gamification/BossBattleForm.stories.tsx[2m > [22m[2mFill And Submit
[22m[39m[TranslationModeController] Setting mode to: off
[90mstdout[2m | src/components/Gamification/BossBattleForm.stories.tsx[2m > [22m[2mValidation Error
[22m[39m[TranslationModeController] Setting mode to: off
 [32m✓[39m [30m[45m storybook (chromium) [49m[39m src/components/Gamification/BossBattleForm.stories.tsx [2m([22m[2m4 tests[22m[2m)[22m[33m 4179[2mms[22m[39m
   [33m[2m✓[22m[39m Default [33m 319[2mms[22m[39m
   [33m[2m✓[22m[39m Fill And Submit [33m 2926[2mms[22m[39m
   [33m[2m✓[22m[39m Validation Error [33m 711[2mms[22m[39m
[90mstdout[2m | unknown test
[22m[39m[MOCK vectorStoreDB.js] Module loaded - mock IndexedDB operations
[90mstdout[2m | unknown test
[22m[39m[Task Completion] DOM action listeners initialized
[90mstdout[2m | unknown test
[22m[39m[Task Completion] Auto-completion detector initialized
[90mstdout[2m | unknown test
[22m[39m[Preview] Task completion detector initialized
[90mstdout[2m | src/components/Editor3/plugins/CustomAnswerPlugin.audio-drawing.stories.jsx[2m > [22m[2mAudio Only Question
[22m[39m[Preview] Skipped initializing default mock data (initializeMockData=false)
[90mstdout[2m | src/components/Editor3/plugins/CustomAnswerPlugin.audio-drawing.stories.jsx[2m > [22m[2mAudio Only Question
[22m[39m[MOCK CourseVectorStore] Initialized with mock data
[90mstdout[2m | src/components/Editor3/plugins/CustomAnswerPlugin.audio-drawing.stories.jsx[2m > [22m[2mAudio Only Question
[22m[39m[Mock Data] seedMockUnit: Adding unit mock-unit-id
[90mstdout[2m | src/components/Editor3/plugins/CustomAnswerPlugin.audio-drawing.stories.jsx[2m > [22m[2mAudio Only Question
[22m[39m[Mock Data] seedMockQuestions: Adding 2 questions
[90mstdout[2m | src/components/Editor3/plugins/CustomAnswerPlugin.audio-drawing.stories.jsx[2m > [22m[2mAudio Only Question
[22m[39m[TranslationModeController] Setting mode to: off
[90mstdout[2m | src/components/Editor3/plugins/CustomAnswerPlugin.audio-drawing.stories.jsx[2m > [22m[2mAudio Only Question
[22m[39m[UnitContext] useEffect triggered {
  "authLoading": false,
  "hasUser": true,
  "id": "mock-unit-id",
  "userSub": "mock-user-sub",
}
[90mstdout[2m | src/components/Editor3/plugins/CustomAnswerPlugin.audio-drawing.stories.jsx[2m > [22m[2mAudio Only Question
[22m[39m[UnitContext] Fetching unit data for id: mock-unit-id
[90mstdout[2m | src/components/Editor3/plugins/CustomAnswerPlugin.audio-drawing.stories.jsx[2m > [22m[2mAudio Only Question
[22m[39m[FilesContext] Initializing vector store from IndexedDB
[90mstdout[2m | src/components/Editor3/plugins/CustomAnswerPlugin.audio-drawing.stories.jsx[2m > [22m[2mAudio Only Question
[22m[39m[FilesContext] fetchFiles called
[90mstdout[2m | src/components/Editor3/plugins/CustomAnswerPlugin.audio-drawing.stories.jsx[2m > [22m[2mAudio Only Question
[22m[39m[FilesContext] User authenticated: mock-user-sub
[90mstdout[2m | src/components/Editor3/plugins/CustomAnswerPlugin.audio-drawing.stories.jsx[2m > [22m[2mAudio Only Question
[22m[39m[FilesContext] Identity ID: us-east-1:mock-identity-123
[90mstdout[2m | src/components/Editor3/plugins/CustomAnswerPlugin.audio-drawing.stories.jsx[2m > [22m[2mAudio Only Question
[22m[39m[FilesContext] About to set up File observeQuery
[90mstdout[2m | src/components/Editor3/plugins/CustomAnswerPlugin.audio-drawing.stories.jsx[2m > [22m[2mAudio Only Question
[22m[39m[ChatContext] Setting up AssistantChat observeQuery
[90mstdout[2m | src/components/Editor3/plugins/CustomAnswerPlugin.audio-drawing.stories.jsx[2m > [22m[2mAudio Only Question
[22m[39m[ChatContext] Waiting for subscription to initialize
[90mstdout[2m | src/components/Editor3/plugins/CustomAnswerPlugin.audio-drawing.stories.jsx[2m > [22m[2mAudio Only Question
[22m[39m[SettingsContext] Setting up Settings subscription for user: mock-user-sub
[90mstdout[2m | src/components/Editor3/plugins/CustomAnswerPlugin.audio-drawing.stories.jsx[2m > [22m[2mAudio Only Question
[22m[39mCustomAnswerComponent.questionID audio-q1
[90mstdout[2m | src/components/Editor3/plugins/CustomAnswerPlugin.audio-drawing.stories.jsx[2m > [22m[2mAudio Only Question
[22m[39mCustomAnswerComponent.questionBank []
[90mstdout[2m | src/components/Editor3/plugins/CustomAnswerPlugin.audio-drawing.stories.jsx[2m > [22m[2mAudio Only Question
[22m[39mCustomAnswerComponent.question {}
[90mstdout[2m | src/components/Editor3/plugins/CustomAnswerPlugin.audio-drawing.stories.jsx[2m > [22m[2mAudio Only Question
[22m[39mCustomAnswerComponent.question {}
[90mstdout[2m | src/components/Editor3/plugins/CustomAnswerPlugin.audio-drawing.stories.jsx[2m > [22m[2mAudio Only Question
[22m[39mCustomAnswerComponent.prompt undefined
[90mstdout[2m | src/components/Editor3/plugins/CustomAnswerPlugin.audio-drawing.stories.jsx[2m > [22m[2mAudio Only Question
[22m[39mCustomAnswerComponent.feedback[questionID] undefined
[90mstdout[2m | src/components/Editor3/plugins/CustomAnswerPlugin.audio-drawing.stories.jsx[2m > [22m[2mAudio Only Question
[22m[39mCustomAnswerComponent.isCompleted undefined
[90mstdout[2m | src/components/Editor3/plugins/CustomAnswerPlugin.audio-drawing.stories.jsx[2m > [22m[2mAudio Only Question
[22m[39mCustomAnswerComponent.currentPromptMethod text
[90mstdout[2m | src/components/Editor3/plugins/CustomAnswerPlugin.audio-drawing.stories.jsx[2m > [22m[2mAudio Only Question
[22m[39mCustomAnswerComponent.displayPrompt undefined
[90mstdout[2m | src/components/Editor3/plugins/CustomAnswerPlugin.audio-drawing.stories.jsx[2m > [22m[2mAudio Only Question
[22m[39mCustomAnswerComponent.questionID audio-q2
[90mstdout[2m | src/components/Editor3/plugins/CustomAnswerPlugin.audio-drawing.stories.jsx[2m > [22m[2mAudio Only Question
[22m[39mCustomAnswerComponent.questionBank []
[90mstdout[2m | src/components/Editor3/plugins/CustomAnswerPlugin.audio-drawing.stories.jsx[2m > [22m[2mAudio Only Question
[22m[39mCustomAnswerComponent.question {}
[90mstdout[2m | src/components/Editor3/plugins/CustomAnswerPlugin.audio-drawing.stories.jsx[2m > [22m[2mAudio Only Question
[22m[39mCustomAnswerComponent.question {}
[90mstdout[2m | src/components/Editor3/plugins/CustomAnswerPlugin.audio-drawing.stories.jsx[2m > [22m[2mAudio Only Question
[22m[39mCustomAnswerComponent.prompt undefined
[90mstdout[2m | src/components/Editor3/plugins/CustomAnswerPlugin.audio-drawing.stories.jsx[2m > [22m[2mAudio Only Question
[22m[39mCustomAnswerComponent.feedback[questionID] undefined
[90mstdout[2m | src/components/Editor3/plugins/CustomAnswerPlugin.audio-drawing.stories.jsx[2m > [22m[2mAudio Only Question
[22m[39mCustomAnswerComponent.isCompleted undefined
[90mstdout[2m | src/components/Editor3/plugins/CustomAnswerPlugin.audio-drawing.stories.jsx[2m > [22m[2mAudio Only Question
[22m[39mCustomAnswerComponent.currentPromptMethod text
[90mstdout[2m | src/components/Editor3/plugins/CustomAnswerPlugin.audio-drawing.stories.jsx[2m > [22m[2mAudio Only Question
[22m[39mCustomAnswerComponent.displayPrompt undefined
[90mstdout[2m | src/components/Editor3/plugins/CustomAnswerPlugin.audio-drawing.stories.jsx[2m > [22m[2mAudio Only Question
[22m[39mallowedInput [
  "audio",
]
[90mstdout[2m | src/components/Editor3/plugins/CustomAnswerPlugin.audio-drawing.stories.jsx[2m > [22m[2mAudio Only Question
[22m[39mpromptMethod [
  "text",
]
[90mstdout[2m | src/components/Editor3/plugins/CustomAnswerPlugin.audio-drawing.stories.jsx[2m > [22m[2mAudio Only Question
[22m[39mAnswerComponent.currentPromptMethod text
[90mstdout[2m | src/components/Editor3/plugins/CustomAnswerPlugin.audio-drawing.stories.jsx[2m > [22m[2mAudio Only Question
[22m[39mAnswerComponent.promptMethod [
  "text",
]
[90mstdout[2m | src/components/Editor3/plugins/CustomAnswerPlugin.audio-drawing.stories.jsx[2m > [22m[2mAudio Only Question
[22m[39mallowedInput [
  "audio",
]
[90mstdout[2m | src/components/Editor3/plugins/CustomAnswerPlugin.audio-drawing.stories.jsx[2m > [22m[2mAudio Only Question
[22m[39mpromptMethod [
  "text",
]
[90mstdout[2m | src/components/Editor3/plugins/CustomAnswerPlugin.audio-drawing.stories.jsx[2m > [22m[2mAudio Only Question
[22m[39mAnswerComponent.currentPromptMethod text
[90mstdout[2m | src/components/Editor3/plugins/CustomAnswerPlugin.audio-drawing.stories.jsx[2m > [22m[2mAudio Only Question
[22m[39m[Mock Data] Settings created: mock-settings-1790416200613 - notified 0 subscribers
[90mstdout[2m | src/components/Editor3/plugins/CustomAnswerPlugin.audio-drawing.stories.jsx[2m > [22m[2mAudio Only Question
[22m[39m[Mock Data] Unit.onUpdate() subscription added. Total: 1
[90mstdout[2m | src/components/Editor3/plugins/CustomAnswerPlugin.audio-drawing.stories.jsx[2m > [22m[2mAudio Only Question
[22m[39mCustomAnswerComponent.questionID audio-q1
[90mstdout[2m | src/components/Editor3/plugins/CustomAnswerPlugin.audio-drawing.stories.jsx[2m > [22m[2mAudio Only Question
[22m[39mCustomAnswerComponent.questionBank []
[90mstdout[2m | src/components/Editor3/plugins/CustomAnswerPlugin.audio-drawing.stories.jsx[2m > [22m[2mAudio Only Question
[22m[39mCustomAnswerComponent.question {}
[90mstdout[2m | src/components/Editor3/plugins/CustomAnswerPlugin.audio-drawing.stories.jsx[2m > [22m[2mAudio Only Question
[22m[39mCustomAnswerComponent.question {}
[90mstdout[2m | src/components/Editor3/plugins/CustomAnswerPlugin.audio-drawing.stories.jsx[2m > [22m[2mAudio Only Question
[22m[39mCustomAnswerComponent.prompt undefined
[90mstdout[2m | src/components/Editor3/plugins/CustomAnswerPlugin.audio-drawing.stories.jsx[2m > [22m[2mAudio Only Question
[22m[39mCustomAnswerComponent.feedback[questionID] undefined
[90mstdout[2m | src/components/Editor3/plugins/CustomAnswerPlugin.audio-drawing.stories.jsx[2m > [22m[2mAudio Only Question
[22m[39mCustomAnswerComponent.isCompleted undefined
[90mstdout[2m | src/components/Editor3/plugins/CustomAnswerPlugin.audio-drawing.stories.jsx[2m > [22m[2mAudio Only Question
[22m[39mCustomAnswerComponent.currentPromptMethod text
[90mstdout[2m | src/components/Editor3/plugins/CustomAnswerPlugin.audio-drawing.stories.jsx[2m > [22m[2mAudio Only Question
[22m[39mCustomAnswerComponent.displayPrompt undefined
[90mstdout[2m | src/components/Editor3/plugins/CustomAnswerPlugin.audio-drawing.stories.jsx[2m > [22m[2mAudio Only Question
[22m[39mCustomAnswerComponent.questionID audio-q2
[90mstdout[2m | src/components/Editor3/plugins/CustomAnswerPlugin.audio-drawing.stories.jsx[2m > [22m[2mAudio Only Question
[22m[39mCustomAnswerComponent.questionBank []
[90mstdout[2m | src/components/Editor3/plugins/CustomAnswerPlugin.audio-drawing.stories.jsx[2m > [22m[2mAudio Only Question
[22m[39mCustomAnswerComponent.question {}
[90mstdout[2m | src/components/Editor3/plugins/CustomAnswerPlugin.audio-drawing.stories.jsx[2m > [22m[2mAudio Only Question
[22m[39mCustomAnswerComponent.question {}
[90mstdout[2m | src/components/Editor3/plugins/CustomAnswerPlugin.audio-drawing.stories.jsx[2m > [22m[2mAudio Only Question
[22m[39mCustomAnswerComponent.prompt undefined
[90mstdout[2m | src/components/Editor3/plugins/CustomAnswerPlugin.audio-drawing.stories.jsx[2m > [22m[2mAudio Only Question
[22m[39mCustomAnswerComponent.feedback[questionID] undefined
[90mstdout[2m | src/components/Editor3/plugins/CustomAnswerPlugin.audio-drawing.stories.jsx[2m > [22m[2mAudio Only Question
[22m[39mCustomAnswerComponent.isCompleted undefined
[90mstdout[2m | src/components/Editor3/plugins/CustomAnswerPlugin.audio-drawing.stories.jsx[2m > [22m[2mAudio Only Question
[22m[39mCustomAnswerComponent.currentPromptMethod text
[90mstdout[2m | src/components/Editor3/plugins/CustomAnswerPlugin.audio-drawing.stories.jsx[2m > [22m[2mAudio Only Question
[22m[39mCustomAnswerComponent.displayPrompt undefined
[90mstdout[2m | src/components/Editor3/plugins/CustomAnswerPlugin.audio-drawing.stories.jsx[2m > [22m[2mAudio Only Question
[22m[39m[SectionContext] Section observeQuery update: 0
[90mstdout[2m | src/components/Editor3/plugins/CustomAnswerPlugin.audio-drawing.stories.jsx[2m > [22m[2mAudio Only Question
[22m[39m[FilesContext] File observeQuery update: 0 files
[90mstdout[2m | src/components/Editor3/plugins/CustomAnswerPlugin.audio-drawing.stories.jsx[2m > [22m[2mAudio Only Question
[22m[39m[ChatContext] AssistantChat initialized with 0 chats
[90mstdout[2m | src/components/Editor3/plugins/CustomAnswerPlugin.audio-drawing.stories.jsx[2m > [22m[2mAudio Only Question
[22m[39m[MOCK CourseVectorStore] Initialized with mock data
[90mstdout[2m | src/components/Editor3/plugins/CustomAnswerPlugin.audio-drawing.stories.jsx[2m > [22m[2mAudio Only Question
[22m[39mCustomAnswerComponent.questionID audio-q1
[90mstdout[2m | src/components/Editor3/plugins/CustomAnswerPlugin.audio-drawing.stories.jsx[2m > [22m[2mAudio Only Question
[22m[39mCustomAnswerComponent.questionBank {
  "audio-q1": {
    "answer": "bonjour",
    "id": "audio-q1",
    "prompt": "Say "Bonjour"",
    "type": "audio",
  },
  "audio-q2": {
    "answer": "merci",
    "id": "audio-q2",
    "prompt": "Say "Merci"",
    "type": "audio",
  },
}
[90mstdout[2m | src/components/Editor3/plugins/CustomAnswerPlugin.audio-drawing.stories.jsx[2m > [22m[2mAudio Only Question
[22m[39mCustomAnswerComponent.question {
  "answer": "bonjour",
  "id": "audio-q1",
  "prompt": "Say "Bonjour"",
  "type": "audio",
}
[90mstdout[2m | src/components/Editor3/plugins/CustomAnswerPlugin.audio-drawing.stories.jsx[2m > [22m[2mAudio Only Question
[22m[39mCustomAnswerComponent.question {
  "answer": "bonjour",
  "id": "audio-q1",
  "prompt": "Say "Bonjour"",
  "type": "audio",
}
[90mstdout[2m | src/components/Editor3/plugins/CustomAnswerPlugin.audio-drawing.stories.jsx[2m > [22m[2mAudio Only Question
[22m[39mCustomAnswerComponent.prompt Say "Bonjour"
[90mstdout[2m | src/components/Editor3/plugins/CustomAnswerPlugin.audio-drawing.stories.jsx[2m > [22m[2mAudio Only Question
[22m[39mCustomAnswerComponent.feedback[questionID] undefined
[90mstdout[2m | src/components/Editor3/plugins/CustomAnswerPlugin.audio-drawing.stories.jsx[2m > [22m[2mAudio Only Question
[22m[39mCustomAnswerComponent.isCompleted undefined
[90mstdout[2m | src/components/Editor3/plugins/CustomAnswerPlugin.audio-drawing.stories.jsx[2m > [22m[2mAudio Only Question
[22m[39mCustomAnswerComponent.currentPromptMethod text
[90mstdout[2m | src/components/Editor3/plugins/CustomAnswerPlugin.audio-drawing.stories.jsx[2m > [22m[2mAudio Only Question
[22m[39mCustomAnswerComponent.displayPrompt Say "Bonjour"
[90mstdout[2m | src/components/Editor3/plugins/CustomAnswerPlugin.audio-drawing.stories.jsx[2m > [22m[2mAudio Only Question
[22m[39mCustomAnswerComponent.questionID audio-q2
[90mstdout[2m | src/components/Editor3/plugins/CustomAnswerPlugin.audio-drawing.stories.jsx[2m > [22m[2mAudio Only Question
[22m[39mCustomAnswerComponent.questionBank {
  "audio-q1": {
    "answer": "bonjour",
    "id": "audio-q1",
    "prompt": "Say "Bonjour"",
    "type": "audio",
  },
  "audio-q2": {
    "answer": "merci",
    "id": "audio-q2",
    "prompt": "Say "Merci"",
    "type": "audio",
  },
}
[90mstdout[2m | src/components/Editor3/plugins/CustomAnswerPlugin.audio-drawing.stories.jsx[2m > [22m[2mAudio Only Question
[22m[39mCustomAnswerComponent.question {
  "answer": "merci",
  "id": "audio-q2",
  "prompt": "Say "Merci"",
  "type": "audio",
}
[90mstdout[2m | src/components/Editor3/plugins/CustomAnswerPlugin.audio-drawing.stories.jsx[2m > [22m[2mAudio Only Question
[22m[39mCustomAnswerComponent.question {
  "answer": "merci",
  "id": "audio-q2",
  "prompt": "Say "Merci"",
  "type": "audio",
}
[90mstdout[2m | src/components/Editor3/plugins/CustomAnswerPlugin.audio-drawing.stories.jsx[2m > [22m[2mAudio Only Question
[22m[39mCustomAnswerComponent.prompt Say "Merci"
[90mstdout[2m | src/components/Editor3/plugins/CustomAnswerPlugin.audio-drawing.stories.jsx[2m > [22m[2mAudio Only Question
[22m[39mCustomAnswerComponent.feedback[questionID] undefined
[90mstdout[2m | src/components/Editor3/plugins/CustomAnswerPlugin.audio-drawing.stories.jsx[2m > [22m[2mAudio Only Question
[22m[39mCustomAnswerComponent.isCompleted undefined
[90mstdout[2m | src/components/Editor3/plugins/CustomAnswerPlugin.audio-drawing.stories.jsx[2m > [22m[2mAudio Only Question
[22m[39mCustomAnswerComponent.currentPromptMethod text
[90mstdout[2m | src/components/Editor3/plugins/CustomAnswerPlugin.audio-drawing.stories.jsx[2m > [22m[2mAudio Only Question
[22m[39mCustomAnswerComponent.displayPrompt Say "Merci"
[90mstdout[2m | src/components/Editor3/plugins/CustomAnswerPlugin.audio-drawing.stories.jsx[2m > [22m[2mAudio Only Question
[22m[39m[ChatContext] No current chat available, will create one
[90mstdout[2m | src/components/Editor3/plugins/CustomAnswerPlugin.audio-drawing.stories.jsx[2m > [22m[2mAudio Only Question
[22m[39m[ChatContext] Creating AssistantChat with user: undefined
[90mstdout[2m | src/components/Editor3/plugins/CustomAnswerPlugin.audio-drawing.stories.jsx[2m > [22m[2mAudio Only Question
[22m[39m[Mock Data] AssistantChat created: mock-assistantchat-1790416200701 - notified 1 subscribers
[90mstdout[2m | src/components/Editor3/plugins/CustomAnswerPlugin.audio-drawing.stories.jsx[2m > [22m[2mAudio Only Question
[22m[39m[ChatContext] Create result: {
  "data": {
    "_version": 1,
    "archived": false,
    "chatFiles": [Function anonymous],
    "createdAt": "2026-09-26T09:50:00.701Z",
    "id": "mock-assistantchat-1790416200701",
    "model": "gpt-4",
    "updatedAt": "2026-09-26T09:50:00.701Z",
  },
  "errors": [],
  "hasData": true,
  "hasErrors": true,
}
[90mstdout[2m | src/components/Editor3/plugins/CustomAnswerPlugin.audio-drawing.stories.jsx[2m > [22m[2mAudio Only Question
[22m[39m[ChatContext] Created AssistantChat: mock-assistantchat-1790416200701 at: 2026-09-26T09:50:00.701Z
[90mstdout[2m | src/components/Editor3/plugins/CustomAnswerPlugin.audio-drawing.stories.jsx[2m > [22m[2mAudio Only Question
[22m[39m[Mock Storage] downloadData called with: undefined
[90mstdout[2m | src/components/Editor3/plugins/CustomAnswerPlugin.audio-drawing.stories.jsx[2m > [22m[2mAudio Only Question
[22m[39m[ChatContext] Setting initial chat: mock-assistantchat-1790416200701
[90mstdout[2m | src/components/Editor3/plugins/CustomAnswerPlugin.audio-drawing.stories.jsx[2m > [22m[2mAudio Only Question
[22m[39m[ChatContext] Chat exists and not archived, skipping creation
[90mstdout[2m | src/components/Editor3/plugins/CustomAnswerPlugin.audio-drawing.stories.jsx[2m > [22m[2mDrawing Only Question
[22m[39m[ChatContext] Cleaning up subscriptions
[90mstdout[2m | src/components/Editor3/plugins/CustomAnswerPlugin.audio-drawing.stories.jsx[2m > [22m[2mDrawing Only Question
[22m[39m[Mock Data] Unit.onUpdate() subscription removed. Remaining: 0
[90mstdout[2m | src/components/Editor3/plugins/CustomAnswerPlugin.audio-drawing.stories.jsx[2m > [22m[2mDrawing Only Question
[22m[39m[Preview] Skipped initializing default mock data (initializeMockData=false)
[90mstdout[2m | src/components/Editor3/plugins/CustomAnswerPlugin.audio-drawing.stories.jsx[2m > [22m[2mDrawing Only Question
[22m[39m[MOCK CourseVectorStore] Initialized with mock data
[90mstdout[2m | src/components/Editor3/plugins/CustomAnswerPlugin.audio-drawing.stories.jsx[2m > [22m[2mDrawing Only Question
[22m[39m[Mock Data] seedMockUnit: Adding unit mock-unit-id
[90mstdout[2m | src/components/Editor3/plugins/CustomAnswerPlugin.audio-drawing.stories.jsx[2m > [22m[2mDrawing Only Question
[22m[39m[Mock Data] seedMockQuestions: Adding 2 questions
[90mstdout[2m | src/components/Editor3/plugins/CustomAnswerPlugin.audio-drawing.stories.jsx[2m > [22m[2mDrawing Only Question
[22m[39m[TranslationModeController] Setting mode to: off
[90mstdout[2m | src/components/Editor3/plugins/CustomAnswerPlugin.audio-drawing.stories.jsx[2m > [22m[2mDrawing Only Question
[22m[39m[UnitContext] useEffect triggered {
  "authLoading": false,
  "hasUser": true,
  "id": "mock-unit-id",
  "userSub": "mock-user-sub",
}
[90mstdout[2m | src/components/Editor3/plugins/CustomAnswerPlugin.audio-drawing.stories.jsx[2m > [22m[2mDrawing Only Question
[22m[39m[UnitContext] Fetching unit data for id: mock-unit-id
[90mstdout[2m | src/components/Editor3/plugins/CustomAnswerPlugin.audio-drawing.stories.jsx[2m > [22m[2mDrawing Only Question
[22m[39m[FilesContext] Initializing vector store from IndexedDB
[90mstdout[2m | src/components/Editor3/plugins/CustomAnswerPlugin.audio-drawing.stories.jsx[2m > [22m[2mDrawing Only Question
[22m[39m[FilesContext] fetchFiles called
[90mstdout[2m | src/components/Editor3/plugins/CustomAnswerPlugin.audio-drawing.stories.jsx[2m > [22m[2mDrawing Only Question
[22m[39m[FilesContext] User authenticated: mock-user-sub
[90mstdout[2m | src/components/Editor3/plugins/CustomAnswerPlugin.audio-drawing.stories.jsx[2m > [22m[2mDrawing Only Question
[22m[39m[FilesContext] Identity ID: us-east-1:mock-identity-123
[90mstdout[2m | src/components/Editor3/plugins/CustomAnswerPlugin.audio-drawing.stories.jsx[2m > [22m[2mDrawing Only Question
[22m[39m[FilesContext] About to set up File observeQuery
[90mstdout[2m | src/components/Editor3/plugins/CustomAnswerPlugin.audio-drawing.stories.jsx[2m > [22m[2mDrawing Only Question
[22m[39m[ChatContext] Setting up AssistantChat observeQuery
[90mstdout[2m | src/components/Editor3/plugins/CustomAnswerPlugin.audio-drawing.stories.jsx[2m > [22m[2mDrawing Only Question
[22m[39m[ChatContext] Waiting for subscription to initialize
[90mstdout[2m | src/components/Editor3/plugins/CustomAnswerPlugin.audio-drawing.stories.jsx[2m > [22m[2mDrawing Only Question
[22m[39m[SettingsContext] Setting up Settings subscription for user: mock-user-sub
[90mstdout[2m | src/components/Editor3/plugins/CustomAnswerPlugin.audio-drawing.stories.jsx[2m > [22m[2mDrawing Only Question
[22m[39mCustomAnswerComponent.questionID drawing-q1
[90mstdout[2m | src/components/Editor3/plugins/CustomAnswerPlugin.audio-drawing.stories.jsx[2m > [22m[2mDrawing Only Question
[22m[39mCustomAnswerComponent.questionBank []
[90mstdout[2m | src/components/Editor3/plugins/CustomAnswerPlugin.audio-drawing.stories.jsx[2m > [22m[2mDrawing Only Question
[22m[39mCustomAnswerComponent.question {}
[90mstdout[2m | src/components/Editor3/plugins/CustomAnswerPlugin.audio-drawing.stories.jsx[2m > [22m[2mDrawing Only Question
[22m[39mCustomAnswerComponent.question {}
[90mstdout[2m | src/components/Editor3/plugins/CustomAnswerPlugin.audio-drawing.stories.jsx[2m > [22m[2mDrawing Only Question
[22m[39mCustomAnswerComponent.prompt undefined
[90mstdout[2m | src/components/Editor3/plugins/CustomAnswerPlugin.audio-drawing.stories.jsx[2m > [22m[2mDrawing Only Question
[22m[39mCustomAnswerComponent.feedback[questionID] undefined
[90mstdout[2m | src/components/Editor3/plugins/CustomAnswerPlugin.audio-drawing.stories.jsx[2m > [22m[2mDrawing Only Question
[22m[39mCustomAnswerComponent.isCompleted undefined
[90mstdout[2m | src/components/Editor3/plugins/CustomAnswerPlugin.audio-drawing.stories.jsx[2m > [22m[2mDrawing Only Question
[22m[39mCustomAnswerComponent.currentPromptMethod text
[90mstdout[2m | src/components/Editor3/plugins/CustomAnswerPlugin.audio-drawing.stories.jsx[2m > [22m[2mDrawing Only Question
[22m[39mCustomAnswerComponent.displayPrompt undefined
[90mstdout[2m | src/components/Editor3/plugins/CustomAnswerPlugin.audio-drawing.stories.jsx[2m > [22m[2mDrawing Only Question
[22m[39mCustomAnswerComponent.questionID drawing-q2
[90mstdout[2m | src/components/Editor3/plugins/CustomAnswerPlugin.audio-drawing.stories.jsx[2m > [22m[2mDrawing Only Question
[22m[39mCustomAnswerComponent.questionBank []
[90mstdout[2m | src/components/Editor3/plugins/CustomAnswerPlugin.audio-drawing.stories.jsx[2m > [22m[2mDrawing Only Question
[22m[39mCustomAnswerComponent.question {}
[90mstdout[2m | src/components/Editor3/plugins/CustomAnswerPlugin.audio-drawing.stories.jsx[2m > [22m[2mDrawing Only Question
[22m[39mCustomAnswerComponent.question {}
[90mstdout[2m | src/components/Editor3/plugins/CustomAnswerPlugin.audio-drawing.stories.jsx[2m > [22m[2mDrawing Only Question
[22m[39mCustomAnswerComponent.prompt undefined
[90mstdout[2m | src/components/Editor3/plugins/CustomAnswerPlugin.audio-drawing.stories.jsx[2m > [22m[2mDrawing Only Question
[22m[39mCustomAnswerComponent.feedback[questionID] undefined
[90mstdout[2m | src/components/Editor3/plugins/CustomAnswerPlugin.audio-drawing.stories.jsx[2m > [22m[2mDrawing Only Question
[22m[39mCustomAnswerComponent.isCompleted undefined
[90mstdout[2m | src/components/Editor3/plugins/CustomAnswerPlugin.audio-drawing.stories.jsx[2m > [22m[2mDrawing Only Question
[22m[39mCustomAnswerComponent.currentPromptMethod text
[90mstdout[2m | src/components/Editor3/plugins/CustomAnswerPlugin.audio-drawing.stories.jsx[2m > [22m[2mDrawing Only Question
[22m[39mCustomAnswerComponent.displayPrompt undefined
[90mstdout[2m | src/components/Editor3/plugins/CustomAnswerPlugin.audio-drawing.stories.jsx[2m > [22m[2mDrawing Only Question
[22m[39mallowedInput [
  "writing",
]
[90mstdout[2m | src/components/Editor3/plugins/CustomAnswerPlugin.audio-drawing.stories.jsx[2m > [22m[2mDrawing Only Question
[22m[39mpromptMethod [
  "text",
]
[90mstdout[2m | src/components/Editor3/plugins/CustomAnswerPlugin.audio-drawing.stories.jsx[2m > [22m[2mDrawing Only Question
[22m[39mAnswerComponent.currentPromptMethod text
[90mstdout[2m | src/components/Editor3/plugins/CustomAnswerPlugin.audio-drawing.stories.jsx[2m > [22m[2mDrawing Only Question
[22m[39mAnswerComponent.promptMethod [
  "text",
]
[90mstdout[2m | src/components/Editor3/plugins/CustomAnswerPlugin.audio-drawing.stories.jsx[2m > [22m[2mDrawing Only Question
[22m[39mallowedInput [
  "writing",
]
[90mstdout[2m | src/components/Editor3/plugins/CustomAnswerPlugin.audio-drawing.stories.jsx[2m > [22m[2mDrawing Only Question
[22m[39mpromptMethod [
  "text",
]
[90mstdout[2m | src/components/Editor3/plugins/CustomAnswerPlugin.audio-drawing.stories.jsx[2m > [22m[2mDrawing Only Question
[22m[39mAnswerComponent.currentPromptMethod text
[90mstdout[2m | src/components/Editor3/plugins/CustomAnswerPlugin.audio-drawing.stories.jsx[2m > [22m[2mDrawing Only Question
[22m[39m[Mock Data] Settings created: mock-settings-1790416200911 - notified 0 subscribers
[90mstdout[2m | src/components/Editor3/plugins/CustomAnswerPlugin.audio-drawing.stories.jsx[2m > [22m[2mDrawing Only Question
[22m[39m[Mock Data] Unit.onUpdate() subscription added. Total: 1
[90mstdout[2m | src/components/Editor3/plugins/CustomAnswerPlugin.audio-drawing.stories.jsx[2m > [22m[2mDrawing Only Question
[22m[39mCustomAnswerComponent.questionID drawing-q1
[90mstdout[2m | src/components/Editor3/plugins/CustomAnswerPlugin.audio-drawing.stories.jsx[2m > [22m[2mDrawing Only Question
[22m[39mCustomAnswerComponent.questionBank []
[90mstdout[2m | src/components/Editor3/plugins/CustomAnswerPlugin.audio-drawing.stories.jsx[2m > [22m[2mDrawing Only Question
[22m[39mCustomAnswerComponent.question {}
[90mstdout[2m | src/components/Editor3/plugins/CustomAnswerPlugin.audio-drawing.stories.jsx[2m > [22m[2mDrawing Only Question
[22m[39mCustomAnswerComponent.question {}
[90mstdout[2m | src/components/Editor3/plugins/CustomAnswerPlugin.audio-drawing.stories.jsx[2m > [22m[2mDrawing Only Question
[22m[39mCustomAnswerComponent.prompt undefined
[90mstdout[2m | src/components/Editor3/plugins/CustomAnswerPlugin.audio-drawing.stories.jsx[2m > [22m[2mDrawing Only Question
[22m[39mCustomAnswerComponent.feedback[questionID] undefined
[90mstdout[2m | src/components/Editor3/plugins/CustomAnswerPlugin.audio-drawing.stories.jsx[2m > [22m[2mDrawing Only Question
[22m[39mCustomAnswerComponent.isCompleted undefined
[90mstdout[2m | src/components/Editor3/plugins/CustomAnswerPlugin.audio-drawing.stories.jsx[2m > [22m[2mDrawing Only Question
[22m[39mCustomAnswerComponent.currentPromptMethod text
[90mstdout[2m | src/components/Editor3/plugins/CustomAnswerPlugin.audio-drawing.stories.jsx[2m > [22m[2mDrawing Only Question
[22m[39mCustomAnswerComponent.displayPrompt undefined
[90mstdout[2m | src/components/Editor3/plugins/CustomAnswerPlugin.audio-drawing.stories.jsx[2m > [22m[2mDrawing Only Question
[22m[39mCustomAnswerComponent.questionID drawing-q2
[90mstdout[2m | src/components/Editor3/plugins/CustomAnswerPlugin.audio-drawing.stories.jsx[2m > [22m[2mDrawing Only Question
[22m[39mCustomAnswerComponent.questionBank []
[90mstdout[2m | src/components/Editor3/plugins/CustomAnswerPlugin.audio-drawing.stories.jsx[2m > [22m[2mDrawing Only Question
[22m[39mCustomAnswerComponent.question {}
[90mstdout[2m | src/components/Editor3/plugins/CustomAnswerPlugin.audio-drawing.stories.jsx[2m > [22m[2mDrawing Only Question
[22m[39mCustomAnswerComponent.question {}
[90mstdout[2m | src/components/Editor3/plugins/CustomAnswerPlugin.audio-drawing.stories.jsx[2m > [22m[2mDrawing Only Question
[22m[39mCustomAnswerComponent.prompt undefined
[90mstdout[2m | src/components/Editor3/plugins/CustomAnswerPlugin.audio-drawing.stories.jsx[2m > [22m[2mDrawing Only Question
[22m[39mCustomAnswerComponent.feedback[questionID] undefined
[90mstdout[2m | src/components/Editor3/plugins/CustomAnswerPlugin.audio-drawing.stories.jsx[2m > [22m[2mDrawing Only Question
[22m[39mCustomAnswerComponent.isCompleted undefined
[90mstdout[2m | src/components/Editor3/plugins/CustomAnswerPlugin.audio-drawing.stories.jsx[2m > [22m[2mDrawing Only Question
[22m[39mCustomAnswerComponent.currentPromptMethod text
[90mstdout[2m | src/components/Editor3/plugins/CustomAnswerPlugin.audio-drawing.stories.jsx[2m > [22m[2mDrawing Only Question
[22m[39mCustomAnswerComponent.displayPrompt undefined
[90mstdout[2m | src/components/Editor3/plugins/CustomAnswerPlugin.audio-drawing.stories.jsx[2m > [22m[2mDrawing Only Question
[22m[39m[SectionContext] Section observeQuery update: 0
[90mstdout[2m | src/components/Editor3/plugins/CustomAnswerPlugin.audio-drawing.stories.jsx[2m > [22m[2mDrawing Only Question
[22m[39m[FilesContext] File observeQuery update: 0 files
[90mstdout[2m | src/components/Editor3/plugins/CustomAnswerPlugin.audio-drawing.stories.jsx[2m > [22m[2mDrawing Only Question
[22m[39m[ChatContext] AssistantChat initialized with 0 chats
[90mstdout[2m | src/components/Editor3/plugins/CustomAnswerPlugin.audio-drawing.stories.jsx[2m > [22m[2mDrawing Only Question
[22m[39m[MOCK CourseVectorStore] Initialized with mock data
[90mstdout[2m | src/components/Editor3/plugins/CustomAnswerPlugin.audio-drawing.stories.jsx[2m > [22m[2mDrawing Only Question
[22m[39mCustomAnswerComponent.questionID drawing-q1
[90mstdout[2m | src/components/Editor3/plugins/CustomAnswerPlugin.audio-drawing.stories.jsx[2m > [22m[2mDrawing Only Question
[22m[39mCustomAnswerComponent.questionBank {
  "drawing-q1": {
    "answer": "A house with roof, walls, door, and windows",
    "id": "drawing-q1",
    "prompt": "Draw a house",
    "type": "drawing",
  },
  "drawing-q2": {
    "answer": "A tree with trunk and branches",
    "id": "drawing-q2",
    "prompt": "Draw a tree",
    "type": "drawing",
  },
}
[90mstdout[2m | src/components/Editor3/plugins/CustomAnswerPlugin.audio-drawing.stories.jsx[2m > [22m[2mDrawing Only Question
[22m[39mCustomAnswerComponent.question {
  "answer": "A house with roof, walls, door, and windows",
  "id": "drawing-q1",
  "prompt": "Draw a house",
  "type": "drawing",
}
[90mstdout[2m | src/components/Editor3/plugins/CustomAnswerPlugin.audio-drawing.stories.jsx[2m > [22m[2mDrawing Only Question
[22m[39mCustomAnswerComponent.question {
  "answer": "A house with roof, walls, door, and windows",
  "id": "drawing-q1",
  "prompt": "Draw a house",
  "type": "drawing",
}
[90mstdout[2m | src/components/Editor3/plugins/CustomAnswerPlugin.audio-drawing.stories.jsx[2m > [22m[2mDrawing Only Question
[22m[39mCustomAnswerComponent.prompt Draw a house
[90mstdout[2m | src/components/Editor3/plugins/CustomAnswerPlugin.audio-drawing.stories.jsx[2m > [22m[2mDrawing Only Question
[22m[39mCustomAnswerComponent.feedback[questionID] undefined
[90mstdout[2m | src/components/Editor3/plugins/CustomAnswerPlugin.audio-drawing.stories.jsx[2m > [22m[2mDrawing Only Question
[22m[39mCustomAnswerComponent.isCompleted undefined
[90mstdout[2m | src/components/Editor3/plugins/CustomAnswerPlugin.audio-drawing.stories.jsx[2m > [22m[2mDrawing Only Question
[22m[39mCustomAnswerComponent.currentPromptMethod text
[90mstdout[2m | src/components/Editor3/plugins/CustomAnswerPlugin.audio-drawing.stories.jsx[2m > [22m[2mDrawing Only Question
[22m[39mCustomAnswerComponent.displayPrompt Draw a house
[90mstdout[2m | src/components/Editor3/plugins/CustomAnswerPlugin.audio-drawing.stories.jsx[2m > [22m[2mDrawing Only Question
[22m[39mCustomAnswerComponent.questionID drawing-q2
[90mstdout[2m | src/components/Editor3/plugins/CustomAnswerPlugin.audio-drawing.stories.jsx[2m > [22m[2mDrawing Only Question
[22m[39mCustomAnswerComponent.questionBank {
  "drawing-q1": {
    "answer": "A house with roof, walls, door, and windows",
    "id": "drawing-q1",
    "prompt": "Draw a house",
    "type": "drawing",
  },
  "drawing-q2": {
    "answer": "A tree with trunk and branches",
    "id": "drawing-q2",
    "prompt": "Draw a tree",
    "type": "drawing",
  },
}
[90mstdout[2m | src/components/Editor3/plugins/CustomAnswerPlugin.audio-drawing.stories.jsx[2m > [22m[2mDrawing Only Question
[22m[39mCustomAnswerComponent.question {
  "answer": "A tree with trunk and branches",
  "id": "drawing-q2",
  "prompt": "Draw a tree",
  "type": "drawing",
}
[90mstdout[2m | src/components/Editor3/plugins/CustomAnswerPlugin.audio-drawing.stories.jsx[2m > [22m[2mDrawing Only Question
[22m[39mCustomAnswerComponent.question {
  "answer": "A tree with trunk and branches",
  "id": "drawing-q2",
  "prompt": "Draw a tree",
  "type": "drawing",
}
[90mstdout[2m | src/components/Editor3/plugins/CustomAnswerPlugin.audio-drawing.stories.jsx[2m > [22m[2mDrawing Only Question
[22m[39mCustomAnswerComponent.prompt Draw a tree
[90mstdout[2m | src/components/Editor3/plugins/CustomAnswerPlugin.audio-drawing.stories.jsx[2m > [22m[2mDrawing Only Question
[22m[39mCustomAnswerComponent.feedback[questionID] undefined
[90mstdout[2m | src/components/Editor3/plugins/CustomAnswerPlugin.audio-drawing.stories.jsx[2m > [22m[2mDrawing Only Question
[22m[39mCustomAnswerComponent.isCompleted undefined
[90mstdout[2m | src/components/Editor3/plugins/CustomAnswerPlugin.audio-drawing.stories.jsx[2m > [22m[2mDrawing Only Question
[22m[39mCustomAnswerComponent.currentPromptMethod text
[90mstdout[2m | src/components/Editor3/plugins/CustomAnswerPlugin.audio-drawing.stories.jsx[2m > [22m[2mDrawing Only Question
[22m[39mCustomAnswerComponent.displayPrompt Draw a tree
[90mstdout[2m | src/components/Editor3/plugins/CustomAnswerPlugin.audio-drawing.stories.jsx[2m > [22m[2mDrawing Only Question
[22m[39m[ChatContext] No current chat available, will create one
[90mstdout[2m | src/components/Editor3/plugins/CustomAnswerPlugin.audio-drawing.stories.jsx[2m > [22m[2mDrawing Only Question
[22m[39m[ChatContext] Creating AssistantChat with user: undefined
[90mstdout[2m | src/components/Editor3/plugins/CustomAnswerPlugin.audio-drawing.stories.jsx[2m > [22m[2mDrawing Only Question
[22m[39m[Mock Data] AssistantChat created: mock-assistantchat-1790416200946 - notified 1 subscribers
[90mstdout[2m | src/components/Editor3/plugins/CustomAnswerPlugin.audio-drawing.stories.jsx[2m > [22m[2mDrawing Only Question
[22m[39m[ChatContext] Create result: {
  "data": {
    "_version": 1,
    "archived": false,
    "chatFiles": [Function anonymous],
    "createdAt": "2026-09-26T09:50:00.946Z",
    "id": "mock-assistantchat-1790416200946",
    "model": "gpt-4",
    "updatedAt": "2026-09-26T09:50:00.946Z",
  },
  "errors": [],
  "hasData": true,
  "hasErrors": true,
}
[90mstdout[2m | src/components/Editor3/plugins/CustomAnswerPlugin.audio-drawing.stories.jsx[2m > [22m[2mDrawing Only Question
[22m[39m[ChatContext] Created AssistantChat: mock-assistantchat-1790416200946 at: 2026-09-26T09:50:00.946Z
[90mstdout[2m | src/components/Editor3/plugins/CustomAnswerPlugin.audio-drawing.stories.jsx[2m > [22m[2mDrawing Only Question
[22m[39m[Mock Storage] downloadData called with: undefined
[90mstdout[2m | src/components/Editor3/plugins/CustomAnswerPlugin.audio-drawing.stories.jsx[2m > [22m[2mDrawing Only Question
[22m[39m[ChatContext] Setting initial chat: mock-assistantchat-1790416200946
[90mstdout[2m | src/components/Editor3/plugins/CustomAnswerPlugin.audio-drawing.stories.jsx[2m > [22m[2mDrawing Only Question
[22m[39m[ChatContext] Chat exists and not archived, skipping creation
[90mstdout[2m | src/components/Editor3/plugins/CustomAnswerPlugin.audio-drawing.stories.jsx[2m > [22m[2mMulti Modal Question
[22m[39m[ChatContext] Cleaning up subscriptions
[90mstdout[2m | src/components/Editor3/plugins/CustomAnswerPlugin.audio-drawing.stories.jsx[2m > [22m[2mMulti Modal Question
[22m[39m[Mock Data] Unit.onUpdate() subscription removed. Remaining: 0
[90mstdout[2m | src/components/Editor3/plugins/CustomAnswerPlugin.audio-drawing.stories.jsx[2m > [22m[2mMulti Modal Question
[22m[39m[Preview] Skipped initializing default mock data (initializeMockData=false)
[90mstdout[2m | src/components/Editor3/plugins/CustomAnswerPlugin.audio-drawing.stories.jsx[2m > [22m[2mMulti Modal Question
[22m[39m[MOCK CourseVectorStore] Initialized with mock data
[90mstdout[2m | src/components/Editor3/plugins/CustomAnswerPlugin.audio-drawing.stories.jsx[2m > [22m[2mMulti Modal Question
[22m[39m[Mock Data] seedMockUnit: Adding unit mock-unit-id
[90mstdout[2m | src/components/Editor3/plugins/CustomAnswerPlugin.audio-drawing.stories.jsx[2m > [22m[2mMulti Modal Question
[22m[39m[Mock Data] seedMockQuestions: Adding 1 questions
[90mstdout[2m | src/components/Editor3/plugins/CustomAnswerPlugin.audio-drawing.stories.jsx[2m > [22m[2mMulti Modal Question
[22m[39m[TranslationModeController] Setting mode to: off
[90mstdout[2m | src/components/Editor3/plugins/CustomAnswerPlugin.audio-drawing.stories.jsx[2m > [22m[2mMulti Modal Question
[22m[39m[UnitContext] useEffect triggered {
  "authLoading": false,
  "hasUser": true,
  "id": "mock-unit-id",
  "userSub": "mock-user-sub",
}
[90mstdout[2m | src/components/Editor3/plugins/CustomAnswerPlugin.audio-drawing.stories.jsx[2m > [22m[2mMulti Modal Question
[22m[39m[UnitContext] Fetching unit data for id: mock-unit-id
[90mstdout[2m | src/components/Editor3/plugins/CustomAnswerPlugin.audio-drawing.stories.jsx[2m > [22m[2mMulti Modal Question
[22m[39m[FilesContext] Initializing vector store from IndexedDB
[90mstdout[2m | src/components/Editor3/plugins/CustomAnswerPlugin.audio-drawing.stories.jsx[2m > [22m[2mMulti Modal Question
[22m[39m[FilesContext] fetchFiles called
[90mstdout[2m | src/components/Editor3/plugins/CustomAnswerPlugin.audio-drawing.stories.jsx[2m > [22m[2mMulti Modal Question
[22m[39m[FilesContext] User authenticated: mock-user-sub
[90mstdout[2m | src/components/Editor3/plugins/CustomAnswerPlugin.audio-drawing.stories.jsx[2m > [22m[2mMulti Modal Question
[22m[39m[FilesContext] Identity ID: us-east-1:mock-identity-123
[90mstdout[2m | src/components/Editor3/plugins/CustomAnswerPlugin.audio-drawing.stories.jsx[2m > [22m[2mMulti Modal Question
[22m[39m[FilesContext] About to set up File observeQuery
[90mstdout[2m | src/components/Editor3/plugins/CustomAnswerPlugin.audio-drawing.stories.jsx[2m > [22m[2mMulti Modal Question
[22m[39m[ChatContext] Setting up AssistantChat observeQuery
[90mstdout[2m | src/components/Editor3/plugins/CustomAnswerPlugin.audio-drawing.stories.jsx[2m > [22m[2mMulti Modal Question
[22m[39m[ChatContext] Waiting for subscription to initialize
[90mstdout[2m | src/components/Editor3/plugins/CustomAnswerPlugin.audio-drawing.stories.jsx[2m > [22m[2mMulti Modal Question
[22m[39m[SettingsContext] Setting up Settings subscription for user: mock-user-sub
[90mstdout[2m | src/components/Editor3/plugins/CustomAnswerPlugin.audio-drawing.stories.jsx[2m > [22m[2mMulti Modal Question
[22m[39mCustomAnswerComponent.questionID multi-q1
[90mstdout[2m | src/components/Editor3/plugins/CustomAnswerPlugin.audio-drawing.stories.jsx[2m > [22m[2mMulti Modal Question
[22m[39mCustomAnswerComponent.questionBank []
[90mstdout[2m | src/components/Editor3/plugins/CustomAnswerPlugin.audio-drawing.stories.jsx[2m > [22m[2mMulti Modal Question
[22m[39mCustomAnswerComponent.question {}
[90mstdout[2m | src/components/Editor3/plugins/CustomAnswerPlugin.audio-drawing.stories.jsx[2m > [22m[2mMulti Modal Question
[22m[39mCustomAnswerComponent.question {}
[90mstdout[2m | src/components/Editor3/plugins/CustomAnswerPlugin.audio-drawing.stories.jsx[2m > [22m[2mMulti Modal Question
[22m[39mCustomAnswerComponent.prompt undefined
[90mstdout[2m | src/components/Editor3/plugins/CustomAnswerPlugin.audio-drawing.stories.jsx[2m > [22m[2mMulti Modal Question
[22m[39mCustomAnswerComponent.feedback[questionID] undefined
[90mstdout[2m | src/components/Editor3/plugins/CustomAnswerPlugin.audio-drawing.stories.jsx[2m > [22m[2mMulti Modal Question
[22m[39mCustomAnswerComponent.isCompleted undefined
[90mstdout[2m | src/components/Editor3/plugins/CustomAnswerPlugin.audio-drawing.stories.jsx[2m > [22m[2mMulti Modal Question
[22m[39mCustomAnswerComponent.currentPromptMethod text
[90mstdout[2m | src/components/Editor3/plugins/CustomAnswerPlugin.audio-drawing.stories.jsx[2m > [22m[2mMulti Modal Question
[22m[39mCustomAnswerComponent.displayPrompt undefined
[90mstdout[2m | src/components/Editor3/plugins/CustomAnswerPlugin.audio-drawing.stories.jsx[2m > [22m[2mMulti Modal Question
[22m[39mallowedInput [
  "text",
  "audio",
  "writing",
]
[90mstdout[2m | src/components/Editor3/plugins/CustomAnswerPlugin.audio-drawing.stories.jsx[2m > [22m[2mMulti Modal Question
[22m[39mpromptMethod [
  "text",
]
[90mstdout[2m | src/components/Editor3/plugins/CustomAnswerPlugin.audio-drawing.stories.jsx[2m > [22m[2mMulti Modal Question
[22m[39mAnswerComponent.currentPromptMethod text
[90mstdout[2m | src/components/Editor3/plugins/CustomAnswerPlugin.audio-drawing.stories.jsx[2m > [22m[2mMulti Modal Question
[22m[39mAnswerComponent.promptMethod [
  "text",
]
[90mstdout[2m | src/components/Editor3/plugins/CustomAnswerPlugin.audio-drawing.stories.jsx[2m > [22m[2mMulti Modal Question
[22m[39mallowedInput [
  "text",
  "audio",
  "writing",
]
[90mstdout[2m | src/components/Editor3/plugins/CustomAnswerPlugin.audio-drawing.stories.jsx[2m > [22m[2mMulti Modal Question
[22m[39mpromptMethod [
  "text",
]
[90mstdout[2m | src/components/Editor3/plugins/CustomAnswerPlugin.audio-drawing.stories.jsx[2m > [22m[2mMulti Modal Question
[22m[39mAnswerComponent.currentPromptMethod text
[90mstdout[2m | src/components/Editor3/plugins/CustomAnswerPlugin.audio-drawing.stories.jsx[2m > [22m[2mMulti Modal Question
[22m[39m[Mock Data] Settings created: mock-settings-1790416201219 - notified 0 subscribers
[90mstdout[2m | src/components/Editor3/plugins/CustomAnswerPlugin.audio-drawing.stories.jsx[2m > [22m[2mMulti Modal Question
[22m[39m[Mock Data] Unit.onUpdate() subscription added. Total: 1
[90mstdout[2m | src/components/Editor3/plugins/CustomAnswerPlugin.audio-drawing.stories.jsx[2m > [22m[2mMulti Modal Question
[22m[39mCustomAnswerComponent.questionID multi-q1
[90mstdout[2m | src/components/Editor3/plugins/CustomAnswerPlugin.audio-drawing.stories.jsx[2m > [22m[2mMulti Modal Question
[22m[39mCustomAnswerComponent.questionBank []
[90mstdout[2m | src/components/Editor3/plugins/CustomAnswerPlugin.audio-drawing.stories.jsx[2m > [22m[2mMulti Modal Question
[22m[39mCustomAnswerComponent.question {}
[90mstdout[2m | src/components/Editor3/plugins/CustomAnswerPlugin.audio-drawing.stories.jsx[2m > [22m[2mMulti Modal Question
[22m[39mCustomAnswerComponent.question {}
[90mstdout[2m | src/components/Editor3/plugins/CustomAnswerPlugin.audio-drawing.stories.jsx[2m > [22m[2mMulti Modal Question
[22m[39mCustomAnswerComponent.prompt undefined
[90mstdout[2m | src/components/Editor3/plugins/CustomAnswerPlugin.audio-drawing.stories.jsx[2m > [22m[2mMulti Modal Question
[22m[39mCustomAnswerComponent.feedback[questionID] undefined
[90mstdout[2m | src/components/Editor3/plugins/CustomAnswerPlugin.audio-drawing.stories.jsx[2m > [22m[2mMulti Modal Question
[22m[39mCustomAnswerComponent.isCompleted undefined
[90mstdout[2m | src/components/Editor3/plugins/CustomAnswerPlugin.audio-drawing.stories.jsx[2m > [22m[2mMulti Modal Question
[22m[39mCustomAnswerComponent.currentPromptMethod text
[90mstdout[2m | src/components/Editor3/plugins/CustomAnswerPlugin.audio-drawing.stories.jsx[2m > [22m[2mMulti Modal Question
[22m[39mCustomAnswerComponent.displayPrompt undefined
[90mstdout[2m | src/components/Editor3/plugins/CustomAnswerPlugin.audio-drawing.stories.jsx[2m > [22m[2mMulti Modal Question
[22m[39m[SectionContext] Section observeQuery update: 0
[90mstdout[2m | src/components/Editor3/plugins/CustomAnswerPlugin.audio-drawing.stories.jsx[2m > [22m[2mMulti Modal Question
[22m[39m[FilesContext] File observeQuery update: 0 files
[90mstdout[2m | src/components/Editor3/plugins/CustomAnswerPlugin.audio-drawing.stories.jsx[2m > [22m[2mMulti Modal Question
[22m[39m[ChatContext] AssistantChat initialized with 0 chats
[90mstdout[2m | src/components/Editor3/plugins/CustomAnswerPlugin.audio-drawing.stories.jsx[2m > [22m[2mMulti Modal Question
[22m[39m[MOCK CourseVectorStore] Initialized with mock data
[90mstdout[2m | src/components/Editor3/plugins/CustomAnswerPlugin.audio-drawing.stories.jsx[2m > [22m[2mMulti Modal Question
[22m[39mCustomAnswerComponent.questionID multi-q1
[90mstdout[2m | src/components/Editor3/plugins/CustomAnswerPlugin.audio-drawing.stories.jsx[2m > [22m[2mMulti Modal Question
[22m[39mCustomAnswerComponent.questionBank {
  "multi-q1": {
    "answer": "The process by which plants convert light energy into chemical energy",
    "id": "multi-q1",
    "prompt": "Explain photosynthesis",
    "type": "multi",
  },
}
[90mstdout[2m | src/components/Editor3/plugins/CustomAnswerPlugin.audio-drawing.stories.jsx[2m > [22m[2mMulti Modal Question
[22m[39mCustomAnswerComponent.question {
  "answer": "The process by which plants convert light energy into chemical energy",
  "id": "multi-q1",
  "prompt": "Explain photosynthesis",
  "type": "multi",
}
[90mstdout[2m | src/components/Editor3/plugins/CustomAnswerPlugin.audio-drawing.stories.jsx[2m > [22m[2mMulti Modal Question
[22m[39mCustomAnswerComponent.question {
  "answer": "The process by which plants convert light energy into chemical energy",
  "id": "multi-q1",
  "prompt": "Explain photosynthesis",
  "type": "multi",
}
[90mstdout[2m | src/components/Editor3/plugins/CustomAnswerPlugin.audio-drawing.stories.jsx[2m > [22m[2mMulti Modal Question
[22m[39mCustomAnswerComponent.prompt Explain photosynthesis
[90mstdout[2m | src/components/Editor3/plugins/CustomAnswerPlugin.audio-drawing.stories.jsx[2m > [22m[2mMulti Modal Question
[22m[39mCustomAnswerComponent.feedback[questionID] undefined
[90mstdout[2m | src/components/Editor3/plugins/CustomAnswerPlugin.audio-drawing.stories.jsx[2m > [22m[2mMulti Modal Question
[22m[39mCustomAnswerComponent.isCompleted undefined
[90mstdout[2m | src/components/Editor3/plugins/CustomAnswerPlugin.audio-drawing.stories.jsx[2m > [22m[2mMulti Modal Question
[22m[39mCustomAnswerComponent.currentPromptMethod text
[90mstdout[2m | src/components/Editor3/plugins/CustomAnswerPlugin.audio-drawing.stories.jsx[2m > [22m[2mMulti Modal Question
[22m[39mCustomAnswerComponent.displayPrompt Explain photosynthesis
[90mstdout[2m | src/components/Editor3/plugins/CustomAnswerPlugin.audio-drawing.stories.jsx[2m > [22m[2mMulti Modal Question
[22m[39m[ChatContext] No current chat available, will create one
[90mstdout[2m | src/components/Editor3/plugins/CustomAnswerPlugin.audio-drawing.stories.jsx[2m > [22m[2mMulti Modal Question
[22m[39m[ChatContext] Creating AssistantChat with user: undefined
[90mstdout[2m | src/components/Editor3/plugins/CustomAnswerPlugin.audio-drawing.stories.jsx[2m > [22m[2mMulti Modal Question
[22m[39m[Mock Data] AssistantChat created: mock-assistantchat-1790416201240 - notified 1 subscribers
[90mstdout[2m | src/components/Editor3/plugins/CustomAnswerPlugin.audio-drawing.stories.jsx[2m > [22m[2mMulti Modal Question
[22m[39m[ChatContext] Create result: {
  "data": {
    "_version": 1,
    "archived": false,
    "chatFiles": [Function anonymous],
    "createdAt": "2026-09-26T09:50:01.240Z",
    "id": "mock-assistantchat-1790416201240",
    "model": "gpt-4",
    "updatedAt": "2026-09-26T09:50:01.240Z",
  },
  "errors": [],
  "hasData": true,
  "hasErrors": true,
}
[90mstdout[2m | src/components/Editor3/plugins/CustomAnswerPlugin.audio-drawing.stories.jsx[2m > [22m[2mMulti Modal Question
[22m[39m[ChatContext] Created AssistantChat: mock-assistantchat-1790416201240 at: 2026-09-26T09:50:01.240Z
[90mstdout[2m | src/components/Editor3/plugins/CustomAnswerPlugin.audio-drawing.stories.jsx[2m > [22m[2mMulti Modal Question
[22m[39m[Mock Storage] downloadData called with: undefined
[90mstdout[2m | src/components/Editor3/plugins/CustomAnswerPlugin.audio-drawing.stories.jsx[2m > [22m[2mMulti Modal Question
[22m[39m[ChatContext] Setting initial chat: mock-assistantchat-1790416201240
[90mstdout[2m | src/components/Editor3/plugins/CustomAnswerPlugin.audio-drawing.stories.jsx[2m > [22m[2mMulti Modal Question
[22m[39m[ChatContext] Chat exists and not archived, skipping creation
[90mstdout[2m | src/components/Editor3/plugins/CustomAnswerPlugin.audio-drawing.stories.jsx[2m > [22m[2mLanguage Pronunciation
[22m[39m[ChatContext] Cleaning up subscriptions
[90mstdout[2m | src/components/Editor3/plugins/CustomAnswerPlugin.audio-drawing.stories.jsx[2m > [22m[2mLanguage Pronunciation
[22m[39m[Mock Data] Unit.onUpdate() subscription removed. Remaining: 0
[90mstdout[2m | src/components/Editor3/plugins/CustomAnswerPlugin.audio-drawing.stories.jsx[2m > [22m[2mLanguage Pronunciation
[22m[39m[Preview] Skipped initializing default mock data (initializeMockData=false)
[90mstdout[2m | src/components/Editor3/plugins/CustomAnswerPlugin.audio-drawing.stories.jsx[2m > [22m[2mLanguage Pronunciation
[22m[39m[MOCK CourseVectorStore] Initialized with mock data
[90mstdout[2m | src/components/Editor3/plugins/CustomAnswerPlugin.audio-drawing.stories.jsx[2m > [22m[2mLanguage Pronunciation
[22m[39m[Mock Data] seedMockUnit: Adding unit mock-unit-id
[90mstdout[2m | src/components/Editor3/plugins/CustomAnswerPlugin.audio-drawing.stories.jsx[2m > [22m[2mLanguage Pronunciation
[22m[39m[Mock Data] seedMockQuestions: Adding 2 questions
[90mstdout[2m | src/components/Editor3/plugins/CustomAnswerPlugin.audio-drawing.stories.jsx[2m > [22m[2mLanguage Pronunciation
[22m[39m[TranslationModeController] Setting mode to: off
[90mstdout[2m | src/components/Editor3/plugins/CustomAnswerPlugin.audio-drawing.stories.jsx[2m > [22m[2mLanguage Pronunciation
[22m[39m[UnitContext] useEffect triggered {
  "authLoading": false,
  "hasUser": true,
  "id": "mock-unit-id",
  "userSub": "mock-user-sub",
}
[90mstdout[2m | src/components/Editor3/plugins/CustomAnswerPlugin.audio-drawing.stories.jsx[2m > [22m[2mLanguage Pronunciation
[22m[39m[UnitContext] Fetching unit data for id: mock-unit-id
[90mstdout[2m | src/components/Editor3/plugins/CustomAnswerPlugin.audio-drawing.stories.jsx[2m > [22m[2mLanguage Pronunciation
[22m[39m[FilesContext] Initializing vector store from IndexedDB
[90mstdout[2m | src/components/Editor3/plugins/CustomAnswerPlugin.audio-drawing.stories.jsx[2m > [22m[2mLanguage Pronunciation
[22m[39m[FilesContext] fetchFiles called
[90mstdout[2m | src/components/Editor3/plugins/CustomAnswerPlugin.audio-drawing.stories.jsx[2m > [22m[2mLanguage Pronunciation
[22m[39m[FilesContext] User authenticated: mock-user-sub
[90mstdout[2m | src/components/Editor3/plugins/CustomAnswerPlugin.audio-drawing.stories.jsx[2m > [22m[2mLanguage Pronunciation
[22m[39m[FilesContext] Identity ID: us-east-1:mock-identity-123
[90mstdout[2m | src/components/Editor3/plugins/CustomAnswerPlugin.audio-drawing.stories.jsx[2m > [22m[2mLanguage Pronunciation
[22m[39m[FilesContext] About to set up File observeQuery
[90mstdout[2m | src/components/Editor3/plugins/CustomAnswerPlugin.audio-drawing.stories.jsx[2m > [22m[2mLanguage Pronunciation
[22m[39m[ChatContext] Setting up AssistantChat observeQuery
[90mstdout[2m | src/components/Editor3/plugins/CustomAnswerPlugin.audio-drawing.stories.jsx[2m > [22m[2mLanguage Pronunciation
[22m[39m[ChatContext] Waiting for subscription to initialize
[90mstdout[2m | src/components/Editor3/plugins/CustomAnswerPlugin.audio-drawing.stories.jsx[2m > [22m[2mLanguage Pronunciation
[22m[39m[SettingsContext] Setting up Settings subscription for user: mock-user-sub
[90mstdout[2m | src/components/Editor3/plugins/CustomAnswerPlugin.audio-drawing.stories.jsx[2m > [22m[2mLanguage Pronunciation
[22m[39mCustomAnswerComponent.questionID lang-audio-q1
[90mstdout[2m | src/components/Editor3/plugins/CustomAnswerPlugin.audio-drawing.stories.jsx[2m > [22m[2mLanguage Pronunciation
[22m[39mCustomAnswerComponent.questionBank []
[90mstdout[2m | src/components/Editor3/plugins/CustomAnswerPlugin.audio-drawing.stories.jsx[2m > [22m[2mLanguage Pronunciation
[22m[39mCustomAnswerComponent.question {}
[90mstdout[2m | src/components/Editor3/plugins/CustomAnswerPlugin.audio-drawing.stories.jsx[2m > [22m[2mLanguage Pronunciation
[22m[39mCustomAnswerComponent.question {}
[90mstdout[2m | src/components/Editor3/plugins/CustomAnswerPlugin.audio-drawing.stories.jsx[2m > [22m[2mLanguage Pronunciation
[22m[39mCustomAnswerComponent.prompt undefined
[90mstdout[2m | src/components/Editor3/plugins/CustomAnswerPlugin.audio-drawing.stories.jsx[2m > [22m[2mLanguage Pronunciation
[22m[39mCustomAnswerComponent.feedback[questionID] undefined
[90mstdout[2m | src/components/Editor3/plugins/CustomAnswerPlugin.audio-drawing.stories.jsx[2m > [22m[2mLanguage Pronunciation
[22m[39mCustomAnswerComponent.isCompleted undefined
[90mstdout[2m | src/components/Editor3/plugins/CustomAnswerPlugin.audio-drawing.stories.jsx[2m > [22m[2mLanguage Pronunciation
[22m[39mCustomAnswerComponent.currentPromptMethod audio
[90mstdout[2m | src/components/Editor3/plugins/CustomAnswerPlugin.audio-drawing.stories.jsx[2m > [22m[2mLanguage Pronunciation
[22m[39mCustomAnswerComponent.displayPrompt undefined
[90mstdout[2m | src/components/Editor3/plugins/CustomAnswerPlugin.audio-drawing.stories.jsx[2m > [22m[2mLanguage Pronunciation
[22m[39mCustomAnswerComponent.questionID lang-audio-q2
[90mstdout[2m | src/components/Editor3/plugins/CustomAnswerPlugin.audio-drawing.stories.jsx[2m > [22m[2mLanguage Pronunciation
[22m[39mCustomAnswerComponent.questionBank []
[90mstdout[2m | src/components/Editor3/plugins/CustomAnswerPlugin.audio-drawing.stories.jsx[2m > [22m[2mLanguage Pronunciation
[22m[39mCustomAnswerComponent.question {}
[90mstdout[2m | src/components/Editor3/plugins/CustomAnswerPlugin.audio-drawing.stories.jsx[2m > [22m[2mLanguage Pronunciation
[22m[39mCustomAnswerComponent.question {}
[90mstdout[2m | src/components/Editor3/plugins/CustomAnswerPlugin.audio-drawing.stories.jsx[2m > [22m[2mLanguage Pronunciation
[22m[39mCustomAnswerComponent.prompt undefined
[90mstdout[2m | src/components/Editor3/plugins/CustomAnswerPlugin.audio-drawing.stories.jsx[2m > [22m[2mLanguage Pronunciation
[22m[39mCustomAnswerComponent.feedback[questionID] undefined
[90mstdout[2m | src/components/Editor3/plugins/CustomAnswerPlugin.audio-drawing.stories.jsx[2m > [22m[2mLanguage Pronunciation
[22m[39mCustomAnswerComponent.isCompleted undefined
[90mstdout[2m | src/components/Editor3/plugins/CustomAnswerPlugin.audio-drawing.stories.jsx[2m > [22m[2mLanguage Pronunciation
[22m[39mCustomAnswerComponent.currentPromptMethod audio
[90mstdout[2m | src/components/Editor3/plugins/CustomAnswerPlugin.audio-drawing.stories.jsx[2m > [22m[2mLanguage Pronunciation
[22m[39mCustomAnswerComponent.displayPrompt undefined
[90mstdout[2m | src/components/Editor3/plugins/CustomAnswerPlugin.audio-drawing.stories.jsx[2m > [22m[2mLanguage Pronunciation
[22m[39mallowedInput [
  "audio",
]
[90mstdout[2m | src/components/Editor3/plugins/CustomAnswerPlugin.audio-drawing.stories.jsx[2m > [22m[2mLanguage Pronunciation
[22m[39mpromptMethod [
  "audio",
]
[90mstdout[2m | src/components/Editor3/plugins/CustomAnswerPlugin.audio-drawing.stories.jsx[2m > [22m[2mLanguage Pronunciation
[22m[39mAnswerComponent.currentPromptMethod audio
[90mstdout[2m | src/components/Editor3/plugins/CustomAnswerPlugin.audio-drawing.stories.jsx[2m > [22m[2mLanguage Pronunciation
[22m[39mAnswerComponent.promptMethod [
  "audio",
]
[90mstdout[2m | src/components/Editor3/plugins/CustomAnswerPlugin.audio-drawing.stories.jsx[2m > [22m[2mLanguage Pronunciation
[22m[39mallowedInput [
  "audio",
]
[90mstdout[2m | src/components/Editor3/plugins/CustomAnswerPlugin.audio-drawing.stories.jsx[2m > [22m[2mLanguage Pronunciation
[22m[39mpromptMethod [
  "audio",
]
[90mstdout[2m | src/components/Editor3/plugins/CustomAnswerPlugin.audio-drawing.stories.jsx[2m > [22m[2mLanguage Pronunciation
[22m[39mAnswerComponent.currentPromptMethod audio
[90mstdout[2m | src/components/Editor3/plugins/CustomAnswerPlugin.audio-drawing.stories.jsx[2m > [22m[2mLanguage Pronunciation
[22m[39m[Mock Data] Settings created: mock-settings-1790416201356 - notified 0 subscribers
[90mstdout[2m | src/components/Editor3/plugins/CustomAnswerPlugin.audio-drawing.stories.jsx[2m > [22m[2mLanguage Pronunciation
[22m[39m[Mock Data] Unit.onUpdate() subscription added. Total: 1
[90mstdout[2m | src/components/Editor3/plugins/CustomAnswerPlugin.audio-drawing.stories.jsx[2m > [22m[2mLanguage Pronunciation
[22m[39mCustomAnswerComponent.questionID lang-audio-q1
[90mstdout[2m | src/components/Editor3/plugins/CustomAnswerPlugin.audio-drawing.stories.jsx[2m > [22m[2mLanguage Pronunciation
[22m[39mCustomAnswerComponent.questionBank []
[90mstdout[2m | src/components/Editor3/plugins/CustomAnswerPlugin.audio-drawing.stories.jsx[2m > [22m[2mLanguage Pronunciation
[22m[39mCustomAnswerComponent.question {}
[90mstdout[2m | src/components/Editor3/plugins/CustomAnswerPlugin.audio-drawing.stories.jsx[2m > [22m[2mLanguage Pronunciation
[22m[39mCustomAnswerComponent.question {}
[90mstdout[2m | src/components/Editor3/plugins/CustomAnswerPlugin.audio-drawing.stories.jsx[2m > [22m[2mLanguage Pronunciation
[22m[39mCustomAnswerComponent.prompt undefined
[90mstdout[2m | src/components/Editor3/plugins/CustomAnswerPlugin.audio-drawing.stories.jsx[2m > [22m[2mLanguage Pronunciation
[22m[39mCustomAnswerComponent.feedback[questionID] undefined
[90mstdout[2m | src/components/Editor3/plugins/CustomAnswerPlugin.audio-drawing.stories.jsx[2m > [22m[2mLanguage Pronunciation
[22m[39mCustomAnswerComponent.isCompleted undefined
[90mstdout[2m | src/components/Editor3/plugins/CustomAnswerPlugin.audio-drawing.stories.jsx[2m > [22m[2mLanguage Pronunciation
[22m[39mCustomAnswerComponent.currentPromptMethod audio
[90mstdout[2m | src/components/Editor3/plugins/CustomAnswerPlugin.audio-drawing.stories.jsx[2m > [22m[2mLanguage Pronunciation
[22m[39mCustomAnswerComponent.displayPrompt undefined
[90mstdout[2m | src/components/Editor3/plugins/CustomAnswerPlugin.audio-drawing.stories.jsx[2m > [22m[2mLanguage Pronunciation
[22m[39mCustomAnswerComponent.questionID lang-audio-q2
[90mstdout[2m | src/components/Editor3/plugins/CustomAnswerPlugin.audio-drawing.stories.jsx[2m > [22m[2mLanguage Pronunciation
[22m[39mCustomAnswerComponent.questionBank []
[90mstdout[2m | src/components/Editor3/plugins/CustomAnswerPlugin.audio-drawing.stories.jsx[2m > [22m[2mLanguage Pronunciation
[22m[39mCustomAnswerComponent.question {}
[90mstdout[2m | src/components/Editor3/plugins/CustomAnswerPlugin.audio-drawing.stories.jsx[2m > [22m[2mLanguage Pronunciation
[22m[39mCustomAnswerComponent.question {}
[90mstdout[2m | src/components/Editor3/plugins/CustomAnswerPlugin.audio-drawing.stories.jsx[2m > [22m[2mLanguage Pronunciation
[22m[39mCustomAnswerComponent.prompt undefined
[90mstdout[2m | src/components/Editor3/plugins/CustomAnswerPlugin.audio-drawing.stories.jsx[2m > [22m[2mLanguage Pronunciation
[22m[39mCustomAnswerComponent.feedback[questionID] undefined
[90mstdout[2m | src/components/Editor3/plugins/CustomAnswerPlugin.audio-drawing.stories.jsx[2m > [22m[2mLanguage Pronunciation
[22m[39mCustomAnswerComponent.isCompleted undefined
[90mstdout[2m | src/components/Editor3/plugins/CustomAnswerPlugin.audio-drawing.stories.jsx[2m > [22m[2mLanguage Pronunciation
[22m[39mCustomAnswerComponent.currentPromptMethod audio
[90mstdout[2m | src/components/Editor3/plugins/CustomAnswerPlugin.audio-drawing.stories.jsx[2m > [22m[2mLanguage Pronunciation
[22m[39mCustomAnswerComponent.displayPrompt undefined
[90mstdout[2m | src/components/Editor3/plugins/CustomAnswerPlugin.audio-drawing.stories.jsx[2m > [22m[2mLanguage Pronunciation
[22m[39m[SectionContext] Section observeQuery update: 0
[90mstdout[2m | src/components/Editor3/plugins/CustomAnswerPlugin.audio-drawing.stories.jsx[2m > [22m[2mLanguage Pronunciation
[22m[39m[FilesContext] File observeQuery update: 0 files
[90mstdout[2m | src/components/Editor3/plugins/CustomAnswerPlugin.audio-drawing.stories.jsx[2m > [22m[2mLanguage Pronunciation
[22m[39m[ChatContext] AssistantChat initialized with 0 chats
[90mstdout[2m | src/components/Editor3/plugins/CustomAnswerPlugin.audio-drawing.stories.jsx[2m > [22m[2mLanguage Pronunciation
[22m[39m[MOCK CourseVectorStore] Initialized with mock data
[90mstdout[2m | src/components/Editor3/plugins/CustomAnswerPlugin.audio-drawing.stories.jsx[2m > [22m[2mLanguage Pronunciation
[22m[39mCustomAnswerComponent.questionID lang-audio-q1
[90mstdout[2m | src/components/Editor3/plugins/CustomAnswerPlugin.audio-drawing.stories.jsx[2m > [22m[2mLanguage Pronunciation
[22m[39mCustomAnswerComponent.questionBank {
  "lang-audio-q1": {
    "answer": "konnichiwa",
    "id": "lang-audio-q1",
    "prompt": "こんにちは",
    "type": "audio",
  },
  "lang-audio-q2": {
    "answer": "arigatou",
    "id": "lang-audio-q2",
    "prompt": "ありがとう",
    "type": "audio",
  },
}
[90mstdout[2m | src/components/Editor3/plugins/CustomAnswerPlugin.audio-drawing.stories.jsx[2m > [22m[2mLanguage Pronunciation
[22m[39mCustomAnswerComponent.question {
  "answer": "konnichiwa",
  "id": "lang-audio-q1",
  "prompt": "こんにちは",
  "type": "audio",
}
[90mstdout[2m | src/components/Editor3/plugins/CustomAnswerPlugin.audio-drawing.stories.jsx[2m > [22m[2mLanguage Pronunciation
[22m[39mCustomAnswerComponent.question {
  "answer": "konnichiwa",
  "id": "lang-audio-q1",
  "prompt": "こんにちは",
  "type": "audio",
}
[90mstdout[2m | src/components/Editor3/plugins/CustomAnswerPlugin.audio-drawing.stories.jsx[2m > [22m[2mLanguage Pronunciation
[22m[39mCustomAnswerComponent.prompt こんにちは
[90mstdout[2m | src/components/Editor3/plugins/CustomAnswerPlugin.audio-drawing.stories.jsx[2m > [22m[2mLanguage Pronunciation
[22m[39mCustomAnswerComponent.feedback[questionID] undefined
[90mstdout[2m | src/components/Editor3/plugins/CustomAnswerPlugin.audio-drawing.stories.jsx[2m > [22m[2mLanguage Pronunciation
[22m[39mCustomAnswerComponent.isCompleted undefined
[90mstdout[2m | src/components/Editor3/plugins/CustomAnswerPlugin.audio-drawing.stories.jsx[2m > [22m[2mLanguage Pronunciation
[22m[39mCustomAnswerComponent.currentPromptMethod audio
[90mstdout[2m | src/components/Editor3/plugins/CustomAnswerPlugin.audio-drawing.stories.jsx[2m > [22m[2mLanguage Pronunciation
[22m[39mCustomAnswerComponent.displayPrompt こんにちは
[90mstdout[2m | src/components/Editor3/plugins/CustomAnswerPlugin.audio-drawing.stories.jsx[2m > [22m[2mLanguage Pronunciation
[22m[39mCustomAnswerComponent.questionID lang-audio-q2
[90mstdout[2m | src/components/Editor3/plugins/CustomAnswerPlugin.audio-drawing.stories.jsx[2m > [22m[2mLanguage Pronunciation
[22m[39mCustomAnswerComponent.questionBank {
  "lang-audio-q1": {
    "answer": "konnichiwa",
    "id": "lang-audio-q1",
    "prompt": "こんにちは",
    "type": "audio",
  },
  "lang-audio-q2": {
    "answer": "arigatou",
    "id": "lang-audio-q2",
    "prompt": "ありがとう",
    "type": "audio",
  },
}
[90mstdout[2m | src/components/Editor3/plugins/CustomAnswerPlugin.audio-drawing.stories.jsx[2m > [22m[2mLanguage Pronunciation
[22m[39mCustomAnswerComponent.question {
  "answer": "arigatou",
  "id": "lang-audio-q2",
  "prompt": "ありがとう",
  "type": "audio",
}
[90mstdout[2m | src/components/Editor3/plugins/CustomAnswerPlugin.audio-drawing.stories.jsx[2m > [22m[2mLanguage Pronunciation
[22m[39mCustomAnswerComponent.question {
  "answer": "arigatou",
  "id": "lang-audio-q2",
  "prompt": "ありがとう",
  "type": "audio",
}
[90mstdout[2m | src/components/Editor3/plugins/CustomAnswerPlugin.audio-drawing.stories.jsx[2m > [22m[2mLanguage Pronunciation
[22m[39mCustomAnswerComponent.prompt ありがとう
[90mstdout[2m | src/components/Editor3/plugins/CustomAnswerPlugin.audio-drawing.stories.jsx[2m > [22m[2mLanguage Pronunciation
[22m[39mCustomAnswerComponent.feedback[questionID] undefined
[90mstdout[2m | src/components/Editor3/plugins/CustomAnswerPlugin.audio-drawing.stories.jsx[2m > [22m[2mLanguage Pronunciation
[22m[39mCustomAnswerComponent.isCompleted undefined
[90mstdout[2m | src/components/Editor3/plugins/CustomAnswerPlugin.audio-drawing.stories.jsx[2m > [22m[2mLanguage Pronunciation
[22m[39mCustomAnswerComponent.currentPromptMethod audio
[90mstdout[2m | src/components/Editor3/plugins/CustomAnswerPlugin.audio-drawing.stories.jsx[2m > [22m[2mLanguage Pronunciation
[22m[39mCustomAnswerComponent.displayPrompt ありがとう
[90mstdout[2m | src/components/Editor3/plugins/CustomAnswerPlugin.audio-drawing.stories.jsx[2m > [22m[2mLanguage Pronunciation
[22m[39m[ChatContext] No current chat available, will create one
[90mstdout[2m | src/components/Editor3/plugins/CustomAnswerPlugin.audio-drawing.stories.jsx[2m > [22m[2mLanguage Pronunciation
[22m[39m[ChatContext] Creating AssistantChat with user: undefined
[90mstdout[2m | src/components/Editor3/plugins/CustomAnswerPlugin.audio-drawing.stories.jsx[2m > [22m[2mLanguage Pronunciation
[22m[39m[Mock Data] AssistantChat created: mock-assistantchat-1790416201395 - notified 1 subscribers
[90mstdout[2m | src/components/Editor3/plugins/CustomAnswerPlugin.audio-drawing.stories.jsx[2m > [22m[2mLanguage Pronunciation
[22m[39m[ChatContext] Create result: {
  "data": {
    "_version": 1,
    "archived": false,
    "chatFiles": [Function anonymous],
    "createdAt": "2026-09-26T09:50:01.395Z",
    "id": "mock-assistantchat-1790416201395",
    "model": "gpt-4",
    "updatedAt": "2026-09-26T09:50:01.395Z",
  },
  "errors": [],
  "hasData": true,
  "hasErrors": true,
}
[90mstdout[2m | src/components/Editor3/plugins/CustomAnswerPlugin.audio-drawing.stories.jsx[2m > [22m[2mLanguage Pronunciation
[22m[39m[ChatContext] Created AssistantChat: mock-assistantchat-1790416201395 at: 2026-09-26T09:50:01.395Z
[90mstdout[2m | src/components/Editor3/plugins/CustomAnswerPlugin.audio-drawing.stories.jsx[2m > [22m[2mLanguage Pronunciation
[22m[39m[Mock Storage] downloadData called with: undefined
[90mstdout[2m | src/components/Editor3/plugins/CustomAnswerPlugin.audio-drawing.stories.jsx[2m > [22m[2mLanguage Pronunciation
[22m[39m[ChatContext] Setting initial chat: mock-assistantchat-1790416201395
[90mstdout[2m | src/components/Editor3/plugins/CustomAnswerPlugin.audio-drawing.stories.jsx[2m > [22m[2mLanguage Pronunciation
[22m[39m[ChatContext] Chat exists and not archived, skipping creation
[90mstdout[2m | src/components/Editor3/plugins/CustomAnswerPlugin.audio-drawing.stories.jsx[2m > [22m[2mFeature Documentation
[22m[39m[ChatContext] Cleaning up subscriptions
[90mstdout[2m | src/components/Editor3/plugins/CustomAnswerPlugin.audio-drawing.stories.jsx[2m > [22m[2mFeature Documentation
[22m[39m[Mock Data] Unit.onUpdate() subscription removed. Remaining: 0
[90mstdout[2m | src/components/Editor3/plugins/CustomAnswerPlugin.audio-drawing.stories.jsx[2m > [22m[2mFeature Documentation
[22m[39m[Preview] Skipped initializing default mock data (initializeMockData=false)
[90mstdout[2m | src/components/Editor3/plugins/CustomAnswerPlugin.audio-drawing.stories.jsx[2m > [22m[2mFeature Documentation
[22m[39m[MOCK CourseVectorStore] Initialized with mock data
[90mstdout[2m | src/components/Editor3/plugins/CustomAnswerPlugin.audio-drawing.stories.jsx[2m > [22m[2mFeature Documentation
[22m[39m[TranslationModeController] Setting mode to: off
[90mstdout[2m | src/components/Editor3/plugins/CustomAnswerPlugin.audio-drawing.stories.jsx[2m > [22m[2mFeature Documentation
[22m[39m[UnitContext] useEffect triggered {
  "authLoading": false,
  "hasUser": true,
  "id": "mock-unit-id",
  "userSub": "mock-user-sub",
}
[90mstdout[2m | src/components/Editor3/plugins/CustomAnswerPlugin.audio-drawing.stories.jsx[2m > [22m[2mFeature Documentation
[22m[39m[UnitContext] Fetching unit data for id: mock-unit-id
[90mstdout[2m | src/components/Editor3/plugins/CustomAnswerPlugin.audio-drawing.stories.jsx[2m > [22m[2mFeature Documentation
[22m[39m[FilesContext] Initializing vector store from IndexedDB
[90mstdout[2m | src/components/Editor3/plugins/CustomAnswerPlugin.audio-drawing.stories.jsx[2m > [22m[2mFeature Documentation
[22m[39m[FilesContext] fetchFiles called
[90mstdout[2m | src/components/Editor3/plugins/CustomAnswerPlugin.audio-drawing.stories.jsx[2m > [22m[2mFeature Documentation
[22m[39m[FilesContext] User authenticated: mock-user-sub
[90mstdout[2m | src/components/Editor3/plugins/CustomAnswerPlugin.audio-drawing.stories.jsx[2m > [22m[2mFeature Documentation
[22m[39m[FilesContext] Identity ID: us-east-1:mock-identity-123
[90mstdout[2m | src/components/Editor3/plugins/CustomAnswerPlugin.audio-drawing.stories.jsx[2m > [22m[2mFeature Documentation
[22m[39m[FilesContext] About to set up File observeQuery
[90mstdout[2m | src/components/Editor3/plugins/CustomAnswerPlugin.audio-drawing.stories.jsx[2m > [22m[2mFeature Documentation
[22m[39m[ChatContext] Setting up AssistantChat observeQuery
[90mstdout[2m | src/components/Editor3/plugins/CustomAnswerPlugin.audio-drawing.stories.jsx[2m > [22m[2mFeature Documentation
[22m[39m[ChatContext] Waiting for subscription to initialize
[90mstdout[2m | src/components/Editor3/plugins/CustomAnswerPlugin.audio-drawing.stories.jsx[2m > [22m[2mFeature Documentation
[22m[39m[SettingsContext] Setting up Settings subscription for user: mock-user-sub
[90mstdout[2m | src/components/Editor3/plugins/CustomAnswerPlugin.audio-drawing.stories.jsx[2m > [22m[2mFeature Documentation
[22m[39m[Mock Data] Settings created: mock-settings-1790416201503 - notified 0 subscribers
[90mstdout[2m | src/components/Editor3/plugins/CustomAnswerPlugin.audio-drawing.stories.jsx[2m > [22m[2mFeature Documentation
[22m[39m[Mock Data] Unit.onUpdate() subscription added. Total: 1
[90mstdout[2m | src/components/Editor3/plugins/CustomAnswerPlugin.audio-drawing.stories.jsx[2m > [22m[2mFeature Documentation
[22m[39m[SectionContext] Section observeQuery update: 0
[90mstdout[2m | src/components/Editor3/plugins/CustomAnswerPlugin.audio-drawing.stories.jsx[2m > [22m[2mFeature Documentation
[22m[39m[FilesContext] File observeQuery update: 0 files
[90mstdout[2m | src/components/Editor3/plugins/CustomAnswerPlugin.audio-drawing.stories.jsx[2m > [22m[2mFeature Documentation
[22m[39m[ChatContext] AssistantChat initialized with 0 chats
[90mstdout[2m | src/components/Editor3/plugins/CustomAnswerPlugin.audio-drawing.stories.jsx[2m > [22m[2mFeature Documentation
[22m[39m[MOCK CourseVectorStore] Initialized with mock data
[90mstdout[2m | src/components/Editor3/plugins/CustomAnswerPlugin.audio-drawing.stories.jsx[2m > [22m[2mFeature Documentation
[22m[39m[ChatContext] No current chat available, will create one
[90mstdout[2m | src/components/Editor3/plugins/CustomAnswerPlugin.audio-drawing.stories.jsx[2m > [22m[2mFeature Documentation
[22m[39m[ChatContext] Creating AssistantChat with user: undefined
[90mstdout[2m | src/components/Editor3/plugins/CustomAnswerPlugin.audio-drawing.stories.jsx[2m > [22m[2mFeature Documentation
[22m[39m[Mock Data] AssistantChat created: mock-assistantchat-1790416201523 - notified 1 subscribers
[90mstdout[2m | src/components/Editor3/plugins/CustomAnswerPlugin.audio-drawing.stories.jsx[2m > [22m[2mFeature Documentation
[22m[39m[ChatContext] Create result: {
  "data": {
    "_version": 1,
    "archived": false,
    "chatFiles": [Function anonymous],
    "createdAt": "2026-09-26T09:50:01.523Z",
    "id": "mock-assistantchat-1790416201523",
    "model": "gpt-4",
    "updatedAt": "2026-09-26T09:50:01.523Z",
  },
  "errors": [],
  "hasData": true,
  "hasErrors": true,
}
[90mstdout[2m | src/components/Editor3/plugins/CustomAnswerPlugin.audio-drawing.stories.jsx[2m > [22m[2mFeature Documentation
[22m[39m[ChatContext] Created AssistantChat: mock-assistantchat-1790416201523 at: 2026-09-26T09:50:01.523Z
[90mstdout[2m | src/components/Editor3/plugins/CustomAnswerPlugin.audio-drawing.stories.jsx[2m > [22m[2mFeature Documentation
[22m[39m[Mock Storage] downloadData called with: undefined
[90mstdout[2m | src/components/Editor3/plugins/CustomAnswerPlugin.audio-drawing.stories.jsx[2m > [22m[2mFeature Documentation
[22m[39m[ChatContext] Setting initial chat: mock-assistantchat-1790416201523
[90mstdout[2m | src/components/Editor3/plugins/CustomAnswerPlugin.audio-drawing.stories.jsx[2m > [22m[2mFeature Documentation
[22m[39m[ChatContext] Chat exists and not archived, skipping creation
[90mstdout[2m | src/components/Editor3/plugins/CustomAnswerPlugin.audio-drawing.stories.jsx[2m > [22m[2mAnswered Audio Question
[22m[39m[ChatContext] Cleaning up subscriptions
[90mstdout[2m | src/components/Editor3/plugins/CustomAnswerPlugin.audio-drawing.stories.jsx[2m > [22m[2mAnswered Audio Question
[22m[39m[Mock Data] Unit.onUpdate() subscription removed. Remaining: 0
[90mstdout[2m | src/components/Editor3/plugins/CustomAnswerPlugin.audio-drawing.stories.jsx[2m > [22m[2mAnswered Audio Question
[22m[39m[Preview] Skipped initializing default mock data (initializeMockData=false)
[90mstdout[2m | src/components/Editor3/plugins/CustomAnswerPlugin.audio-drawing.stories.jsx[2m > [22m[2mAnswered Audio Question
[22m[39m[MOCK CourseVectorStore] Initialized with mock data
[90mstdout[2m | src/components/Editor3/plugins/CustomAnswerPlugin.audio-drawing.stories.jsx[2m > [22m[2mAnswered Audio Question
[22m[39m[Mock Data] seedMockUnit: Adding unit mock-unit-id
[90mstdout[2m | src/components/Editor3/plugins/CustomAnswerPlugin.audio-drawing.stories.jsx[2m > [22m[2mAnswered Audio Question
[22m[39m[Mock Data] seedMockQuestions: Adding 1 questions
[90mstdout[2m | src/components/Editor3/plugins/CustomAnswerPlugin.audio-drawing.stories.jsx[2m > [22m[2mAnswered Audio Question
[22m[39m[TranslationModeController] Setting mode to: off
[90mstdout[2m | src/components/Editor3/plugins/CustomAnswerPlugin.audio-drawing.stories.jsx[2m > [22m[2mAnswered Audio Question
[22m[39m[UnitContext] useEffect triggered {
  "authLoading": false,
  "hasUser": true,
  "id": "mock-unit-id",
  "userSub": "mock-user-sub",
}
[90mstdout[2m | src/components/Editor3/plugins/CustomAnswerPlugin.audio-drawing.stories.jsx[2m > [22m[2mAnswered Audio Question
[22m[39m[UnitContext] Fetching unit data for id: mock-unit-id
[90mstdout[2m | src/components/Editor3/plugins/CustomAnswerPlugin.audio-drawing.stories.jsx[2m > [22m[2mAnswered Audio Question
[22m[39m[FilesContext] Initializing vector store from IndexedDB
[90mstdout[2m | src/components/Editor3/plugins/CustomAnswerPlugin.audio-drawing.stories.jsx[2m > [22m[2mAnswered Audio Question
[22m[39m[FilesContext] fetchFiles called
[90mstdout[2m | src/components/Editor3/plugins/CustomAnswerPlugin.audio-drawing.stories.jsx[2m > [22m[2mAnswered Audio Question
[22m[39m[FilesContext] User authenticated: mock-user-sub
[90mstdout[2m | src/components/Editor3/plugins/CustomAnswerPlugin.audio-drawing.stories.jsx[2m > [22m[2mAnswered Audio Question
[22m[39m[FilesContext] Identity ID: us-east-1:mock-identity-123
[90mstdout[2m | src/components/Editor3/plugins/CustomAnswerPlugin.audio-drawing.stories.jsx[2m > [22m[2mAnswered Audio Question
[22m[39m[FilesContext] About to set up File observeQuery
[90mstdout[2m | src/components/Editor3/plugins/CustomAnswerPlugin.audio-drawing.stories.jsx[2m > [22m[2mAnswered Audio Question
[22m[39m[ChatContext] Setting up AssistantChat observeQuery
[90mstdout[2m | src/components/Editor3/plugins/CustomAnswerPlugin.audio-drawing.stories.jsx[2m > [22m[2mAnswered Audio Question
[22m[39m[ChatContext] Waiting for subscription to initialize
[90mstdout[2m | src/components/Editor3/plugins/CustomAnswerPlugin.audio-drawing.stories.jsx[2m > [22m[2mAnswered Audio Question
[22m[39m[SettingsContext] Setting up Settings subscription for user: mock-user-sub
[90mstdout[2m | src/components/Editor3/plugins/CustomAnswerPlugin.audio-drawing.stories.jsx[2m > [22m[2mAnswered Audio Question
[22m[39mCustomAnswerComponent.questionID audio-q1
[90mstdout[2m | src/components/Editor3/plugins/CustomAnswerPlugin.audio-drawing.stories.jsx[2m > [22m[2mAnswered Audio Question
[22m[39mCustomAnswerComponent.questionBank []
[90mstdout[2m | src/components/Editor3/plugins/CustomAnswerPlugin.audio-drawing.stories.jsx[2m > [22m[2mAnswered Audio Question
[22m[39mCustomAnswerComponent.question {}
[90mstdout[2m | src/components/Editor3/plugins/CustomAnswerPlugin.audio-drawing.stories.jsx[2m > [22m[2mAnswered Audio Question
[22m[39mCustomAnswerComponent.question {}
[90mstdout[2m | src/components/Editor3/plugins/CustomAnswerPlugin.audio-drawing.stories.jsx[2m > [22m[2mAnswered Audio Question
[22m[39mCustomAnswerComponent.prompt undefined
[90mstdout[2m | src/components/Editor3/plugins/CustomAnswerPlugin.audio-drawing.stories.jsx[2m > [22m[2mAnswered Audio Question
[22m[39mCustomAnswerComponent.feedback[questionID] undefined
[90mstdout[2m | src/components/Editor3/plugins/CustomAnswerPlugin.audio-drawing.stories.jsx[2m > [22m[2mAnswered Audio Question
[22m[39mCustomAnswerComponent.isCompleted undefined
[90mstdout[2m | src/components/Editor3/plugins/CustomAnswerPlugin.audio-drawing.stories.jsx[2m > [22m[2mAnswered Audio Question
[22m[39mCustomAnswerComponent.currentPromptMethod prompt-text
[90mstdout[2m | src/components/Editor3/plugins/CustomAnswerPlugin.audio-drawing.stories.jsx[2m > [22m[2mAnswered Audio Question
[22m[39mCustomAnswerComponent.displayPrompt undefined
[90mstdout[2m | src/components/Editor3/plugins/CustomAnswerPlugin.audio-drawing.stories.jsx[2m > [22m[2mAnswered Audio Question
[22m[39mallowedInput [
  "audio",
]
[90mstdout[2m | src/components/Editor3/plugins/CustomAnswerPlugin.audio-drawing.stories.jsx[2m > [22m[2mAnswered Audio Question
[22m[39mpromptMethod [
  "prompt-text",
]
[90mstdout[2m | src/components/Editor3/plugins/CustomAnswerPlugin.audio-drawing.stories.jsx[2m > [22m[2mAnswered Audio Question
[22m[39mAnswerComponent.currentPromptMethod prompt-text
[90mstdout[2m | src/components/Editor3/plugins/CustomAnswerPlugin.audio-drawing.stories.jsx[2m > [22m[2mAnswered Audio Question
[22m[39mAnswerComponent.promptMethod [
  "prompt-text",
]
[90mstdout[2m | src/components/Editor3/plugins/CustomAnswerPlugin.audio-drawing.stories.jsx[2m > [22m[2mAnswered Audio Question
[22m[39mallowedInput [
  "audio",
]
[90mstdout[2m | src/components/Editor3/plugins/CustomAnswerPlugin.audio-drawing.stories.jsx[2m > [22m[2mAnswered Audio Question
[22m[39mpromptMethod [
  "prompt-text",
]
[90mstdout[2m | src/components/Editor3/plugins/CustomAnswerPlugin.audio-drawing.stories.jsx[2m > [22m[2mAnswered Audio Question
[22m[39mAnswerComponent.currentPromptMethod prompt-text
[90mstdout[2m | src/components/Editor3/plugins/CustomAnswerPlugin.audio-drawing.stories.jsx[2m > [22m[2mAnswered Audio Question
[22m[39m[Mock Data] Settings created: mock-settings-1790416201686 - notified 0 subscribers
[90mstdout[2m | src/components/Editor3/plugins/CustomAnswerPlugin.audio-drawing.stories.jsx[2m > [22m[2mAnswered Audio Question
[22m[39m[Mock Data] Unit.onUpdate() subscription added. Total: 1
[90mstdout[2m | src/components/Editor3/plugins/CustomAnswerPlugin.audio-drawing.stories.jsx[2m > [22m[2mAnswered Audio Question
[22m[39mCustomAnswerComponent.questionID audio-q1
[90mstdout[2m | src/components/Editor3/plugins/CustomAnswerPlugin.audio-drawing.stories.jsx[2m > [22m[2mAnswered Audio Question
[22m[39mCustomAnswerComponent.questionBank []
[90mstdout[2m | src/components/Editor3/plugins/CustomAnswerPlugin.audio-drawing.stories.jsx[2m > [22m[2mAnswered Audio Question
[22m[39mCustomAnswerComponent.question {}
[90mstdout[2m | src/components/Editor3/plugins/CustomAnswerPlugin.audio-drawing.stories.jsx[2m > [22m[2mAnswered Audio Question
[22m[39mCustomAnswerComponent.question {}
[90mstdout[2m | src/components/Editor3/plugins/CustomAnswerPlugin.audio-drawing.stories.jsx[2m > [22m[2mAnswered Audio Question
[22m[39mCustomAnswerComponent.prompt undefined
[90mstdout[2m | src/components/Editor3/plugins/CustomAnswerPlugin.audio-drawing.stories.jsx[2m > [22m[2mAnswered Audio Question
[22m[39mCustomAnswerComponent.feedback[questionID] undefined
[90mstdout[2m | src/components/Editor3/plugins/CustomAnswerPlugin.audio-drawing.stories.jsx[2m > [22m[2mAnswered Audio Question
[22m[39mCustomAnswerComponent.isCompleted undefined
[90mstdout[2m | src/components/Editor3/plugins/CustomAnswerPlugin.audio-drawing.stories.jsx[2m > [22m[2mAnswered Audio Question
[22m[39mCustomAnswerComponent.currentPromptMethod prompt-text
[90mstdout[2m | src/components/Editor3/plugins/CustomAnswerPlugin.audio-drawing.stories.jsx[2m > [22m[2mAnswered Audio Question
[22m[39mCustomAnswerComponent.displayPrompt undefined
[90mstdout[2m | src/components/Editor3/plugins/CustomAnswerPlugin.audio-drawing.stories.jsx[2m > [22m[2mAnswered Audio Question
[22m[39m[SectionContext] Section observeQuery update: 0
[90mstdout[2m | src/components/Editor3/plugins/CustomAnswerPlugin.audio-drawing.stories.jsx[2m > [22m[2mAnswered Audio Question
[22m[39m[FilesContext] File observeQuery update: 0 files
[90mstdout[2m | src/components/Editor3/plugins/CustomAnswerPlugin.audio-drawing.stories.jsx[2m > [22m[2mAnswered Audio Question
[22m[39m[ChatContext] AssistantChat initialized with 0 chats
[90mstdout[2m | src/components/Editor3/plugins/CustomAnswerPlugin.audio-drawing.stories.jsx[2m > [22m[2mAnswered Audio Question
[22m[39m[MOCK CourseVectorStore] Initialized with mock data
[90mstdout[2m | src/components/Editor3/plugins/CustomAnswerPlugin.audio-drawing.stories.jsx[2m > [22m[2mAnswered Audio Question
[22m[39mCustomAnswerComponent.questionID audio-q1
[90mstdout[2m | src/components/Editor3/plugins/CustomAnswerPlugin.audio-drawing.stories.jsx[2m > [22m[2mAnswered Audio Question
[22m[39mCustomAnswerComponent.questionBank {
  "audio-q1": {
    "answer": "bonjour",
    "id": "audio-q1",
    "prompt": "Say "Bonjour"",
    "type": "audio",
  },
}
[90mstdout[2m | src/components/Editor3/plugins/CustomAnswerPlugin.audio-drawing.stories.jsx[2m > [22m[2mAnswered Audio Question
[22m[39mCustomAnswerComponent.question {
  "answer": "bonjour",
  "id": "audio-q1",
  "prompt": "Say "Bonjour"",
  "type": "audio",
}
[90mstdout[2m | src/components/Editor3/plugins/CustomAnswerPlugin.audio-drawing.stories.jsx[2m > [22m[2mAnswered Audio Question
[22m[39mCustomAnswerComponent.question {
  "answer": "bonjour",
  "id": "audio-q1",
  "prompt": "Say "Bonjour"",
  "type": "audio",
}
[90mstdout[2m | src/components/Editor3/plugins/CustomAnswerPlugin.audio-drawing.stories.jsx[2m > [22m[2mAnswered Audio Question
[22m[39mCustomAnswerComponent.prompt Say "Bonjour"
[90mstdout[2m | src/components/Editor3/plugins/CustomAnswerPlugin.audio-drawing.stories.jsx[2m > [22m[2mAnswered Audio Question
[22m[39mCustomAnswerComponent.feedback[questionID] undefined
[90mstdout[2m | src/components/Editor3/plugins/CustomAnswerPlugin.audio-drawing.stories.jsx[2m > [22m[2mAnswered Audio Question
[22m[39mCustomAnswerComponent.isCompleted undefined
[90mstdout[2m | src/components/Editor3/plugins/CustomAnswerPlugin.audio-drawing.stories.jsx[2m > [22m[2mAnswered Audio Question
[22m[39mCustomAnswerComponent.currentPromptMethod prompt-text
[90mstdout[2m | src/components/Editor3/plugins/CustomAnswerPlugin.audio-drawing.stories.jsx[2m > [22m[2mAnswered Audio Question
[22m[39mCustomAnswerComponent.displayPrompt Say "Bonjour"
[90mstdout[2m | src/components/Editor3/plugins/CustomAnswerPlugin.audio-drawing.stories.jsx[2m > [22m[2mAnswered Audio Question
[22m[39m[ChatContext] No current chat available, will create one
[90mstdout[2m | src/components/Editor3/plugins/CustomAnswerPlugin.audio-drawing.stories.jsx[2m > [22m[2mAnswered Audio Question
[22m[39m[ChatContext] Creating AssistantChat with user: undefined
[90mstdout[2m | src/components/Editor3/plugins/CustomAnswerPlugin.audio-drawing.stories.jsx[2m > [22m[2mAnswered Audio Question
[22m[39m[Mock Data] AssistantChat created: mock-assistantchat-1790416201728 - notified 1 subscribers
[90mstdout[2m | src/components/Editor3/plugins/CustomAnswerPlugin.audio-drawing.stories.jsx[2m > [22m[2mAnswered Audio Question
[22m[39m[ChatContext] Create result: {
  "data": {
    "_version": 1,
    "archived": false,
    "chatFiles": [Function anonymous],
    "createdAt": "2026-09-26T09:50:01.728Z",
    "id": "mock-assistantchat-1790416201728",
    "model": "gpt-4",
    "updatedAt": "2026-09-26T09:50:01.728Z",
  },
  "errors": [],
  "hasData": true,
  "hasErrors": true,
}
[90mstdout[2m | src/components/Editor3/plugins/CustomAnswerPlugin.audio-drawing.stories.jsx[2m > [22m[2mAnswered Audio Question
[22m[39m[ChatContext] Created AssistantChat: mock-assistantchat-1790416201728 at: 2026-09-26T09:50:01.728Z
[90mstdout[2m | src/components/Editor3/plugins/CustomAnswerPlugin.audio-drawing.stories.jsx[2m > [22m[2mAnswered Audio Question
[22m[39m[Mock Storage] downloadData called with: undefined
[90mstdout[2m | src/components/Editor3/plugins/CustomAnswerPlugin.audio-drawing.stories.jsx[2m > [22m[2mAnswered Audio Question
[22m[39m[ChatContext] Setting initial chat: mock-assistantchat-1790416201728
[90mstdout[2m | src/components/Editor3/plugins/CustomAnswerPlugin.audio-drawing.stories.jsx[2m > [22m[2mAnswered Audio Question
[22m[39m[ChatContext] Chat exists and not archived, skipping creation
[90mstdout[2m | src/components/Editor3/plugins/CustomAnswerPlugin.audio-drawing.stories.jsx[2m > [22m[2mAnswered Drawing Question
[22m[39m[ChatContext] Cleaning up subscriptions
[90mstdout[2m | src/components/Editor3/plugins/CustomAnswerPlugin.audio-drawing.stories.jsx[2m > [22m[2mAnswered Drawing Question
[22m[39m[Mock Data] Unit.onUpdate() subscription removed. Remaining: 0
[90mstdout[2m | src/components/Editor3/plugins/CustomAnswerPlugin.audio-drawing.stories.jsx[2m > [22m[2mAnswered Drawing Question
[22m[39m[Preview] Skipped initializing default mock data (initializeMockData=false)
[90mstdout[2m | src/components/Editor3/plugins/CustomAnswerPlugin.audio-drawing.stories.jsx[2m > [22m[2mAnswered Drawing Question
[22m[39m[MOCK CourseVectorStore] Initialized with mock data
[90mstdout[2m | src/components/Editor3/plugins/CustomAnswerPlugin.audio-drawing.stories.jsx[2m > [22m[2mAnswered Drawing Question
[22m[39m[Mock Data] seedMockUnit: Adding unit mock-unit-id
[90mstdout[2m | src/components/Editor3/plugins/CustomAnswerPlugin.audio-drawing.stories.jsx[2m > [22m[2mAnswered Drawing Question
[22m[39m[Mock Data] seedMockQuestions: Adding 1 questions
[90mstdout[2m | src/components/Editor3/plugins/CustomAnswerPlugin.audio-drawing.stories.jsx[2m > [22m[2mAnswered Drawing Question
[22m[39m[TranslationModeController] Setting mode to: off
[90mstdout[2m | src/components/Editor3/plugins/CustomAnswerPlugin.audio-drawing.stories.jsx[2m > [22m[2mAnswered Drawing Question
[22m[39m[UnitContext] useEffect triggered {
  "authLoading": false,
  "hasUser": true,
  "id": "mock-unit-id",
  "userSub": "mock-user-sub",
}
[90mstdout[2m | src/components/Editor3/plugins/CustomAnswerPlugin.audio-drawing.stories.jsx[2m > [22m[2mAnswered Drawing Question
[22m[39m[UnitContext] Fetching unit data for id: mock-unit-id
[90mstdout[2m | src/components/Editor3/plugins/CustomAnswerPlugin.audio-drawing.stories.jsx[2m > [22m[2mAnswered Drawing Question
[22m[39m[FilesContext] Initializing vector store from IndexedDB
[90mstdout[2m | src/components/Editor3/plugins/CustomAnswerPlugin.audio-drawing.stories.jsx[2m > [22m[2mAnswered Drawing Question
[22m[39m[FilesContext] fetchFiles called
[90mstdout[2m | src/components/Editor3/plugins/CustomAnswerPlugin.audio-drawing.stories.jsx[2m > [22m[2mAnswered Drawing Question
[22m[39m[FilesContext] User authenticated: mock-user-sub
[90mstdout[2m | src/components/Editor3/plugins/CustomAnswerPlugin.audio-drawing.stories.jsx[2m > [22m[2mAnswered Drawing Question
[22m[39m[FilesContext] Identity ID: us-east-1:mock-identity-123
[90mstdout[2m | src/components/Editor3/plugins/CustomAnswerPlugin.audio-drawing.stories.jsx[2m > [22m[2mAnswered Drawing Question
[22m[39m[FilesContext] About to set up File observeQuery
[90mstdout[2m | src/components/Editor3/plugins/CustomAnswerPlugin.audio-drawing.stories.jsx[2m > [22m[2mAnswered Drawing Question
[22m[39m[ChatContext] Setting up AssistantChat observeQuery
[90mstdout[2m | src/components/Editor3/plugins/CustomAnswerPlugin.audio-drawing.stories.jsx[2m > [22m[2mAnswered Drawing Question
[22m[39m[ChatContext] Waiting for subscription to initialize
[90mstdout[2m | src/components/Editor3/plugins/CustomAnswerPlugin.audio-drawing.stories.jsx[2m > [22m[2mAnswered Drawing Question
[22m[39m[SettingsContext] Setting up Settings subscription for user: mock-user-sub
[90mstdout[2m | src/components/Editor3/plugins/CustomAnswerPlugin.audio-drawing.stories.jsx[2m > [22m[2mAnswered Drawing Question
[22m[39mCustomAnswerComponent.questionID drawing-q1
[90mstdout[2m | src/components/Editor3/plugins/CustomAnswerPlugin.audio-drawing.stories.jsx[2m > [22m[2mAnswered Drawing Question
[22m[39mCustomAnswerComponent.questionBank []
[90mstdout[2m | src/components/Editor3/plugins/CustomAnswerPlugin.audio-drawing.stories.jsx[2m > [22m[2mAnswered Drawing Question
[22m[39mCustomAnswerComponent.question {}
[90mstdout[2m | src/components/Editor3/plugins/CustomAnswerPlugin.audio-drawing.stories.jsx[2m > [22m[2mAnswered Drawing Question
[22m[39mCustomAnswerComponent.question {}
[90mstdout[2m | src/components/Editor3/plugins/CustomAnswerPlugin.audio-drawing.stories.jsx[2m > [22m[2mAnswered Drawing Question
[22m[39mCustomAnswerComponent.prompt undefined
[90mstdout[2m | src/components/Editor3/plugins/CustomAnswerPlugin.audio-drawing.stories.jsx[2m > [22m[2mAnswered Drawing Question
[22m[39mCustomAnswerComponent.feedback[questionID] undefined
[90mstdout[2m | src/components/Editor3/plugins/CustomAnswerPlugin.audio-drawing.stories.jsx[2m > [22m[2mAnswered Drawing Question
[22m[39mCustomAnswerComponent.isCompleted undefined
[90mstdout[2m | src/components/Editor3/plugins/CustomAnswerPlugin.audio-drawing.stories.jsx[2m > [22m[2mAnswered Drawing Question
[22m[39mCustomAnswerComponent.currentPromptMethod prompt-text
[90mstdout[2m | src/components/Editor3/plugins/CustomAnswerPlugin.audio-drawing.stories.jsx[2m > [22m[2mAnswered Drawing Question
[22m[39mCustomAnswerComponent.displayPrompt undefined
[90mstdout[2m | src/components/Editor3/plugins/CustomAnswerPlugin.audio-drawing.stories.jsx[2m > [22m[2mAnswered Drawing Question
[22m[39mallowedInput [
  "writing",
]
[90mstdout[2m | src/components/Editor3/plugins/CustomAnswerPlugin.audio-drawing.stories.jsx[2m > [22m[2mAnswered Drawing Question
[22m[39mpromptMethod [
  "prompt-text",
]
[90mstdout[2m | src/components/Editor3/plugins/CustomAnswerPlugin.audio-drawing.stories.jsx[2m > [22m[2mAnswered Drawing Question
[22m[39mAnswerComponent.currentPromptMethod prompt-text
[90mstdout[2m | src/components/Editor3/plugins/CustomAnswerPlugin.audio-drawing.stories.jsx[2m > [22m[2mAnswered Drawing Question
[22m[39mAnswerComponent.promptMethod [
  "prompt-text",
]
[90mstdout[2m | src/components/Editor3/plugins/CustomAnswerPlugin.audio-drawing.stories.jsx[2m > [22m[2mAnswered Drawing Question
[22m[39mallowedInput [
  "writing",
]
[90mstdout[2m | src/components/Editor3/plugins/CustomAnswerPlugin.audio-drawing.stories.jsx[2m > [22m[2mAnswered Drawing Question
[22m[39mpromptMethod [
  "prompt-text",
]
[90mstdout[2m | src/components/Editor3/plugins/CustomAnswerPlugin.audio-drawing.stories.jsx[2m > [22m[2mAnswered Drawing Question
[22m[39mAnswerComponent.currentPromptMethod prompt-text
[90mstdout[2m | src/components/Editor3/plugins/CustomAnswerPlugin.audio-drawing.stories.jsx[2m > [22m[2mAnswered Drawing Question
[22m[39m[Mock Data] Settings created: mock-settings-1790416201860 - notified 0 subscribers
[90mstdout[2m | src/components/Editor3/plugins/CustomAnswerPlugin.audio-drawing.stories.jsx[2m > [22m[2mAnswered Drawing Question
[22m[39m[Mock Data] Unit.onUpdate() subscription added. Total: 1
[90mstdout[2m | src/components/Editor3/plugins/CustomAnswerPlugin.audio-drawing.stories.jsx[2m > [22m[2mAnswered Drawing Question
[22m[39mCustomAnswerComponent.questionID drawing-q1
[90mstdout[2m | src/components/Editor3/plugins/CustomAnswerPlugin.audio-drawing.stories.jsx[2m > [22m[2mAnswered Drawing Question
[22m[39mCustomAnswerComponent.questionBank []
[90mstdout[2m | src/components/Editor3/plugins/CustomAnswerPlugin.audio-drawing.stories.jsx[2m > [22m[2mAnswered Drawing Question
[22m[39mCustomAnswerComponent.question {}
[90mstdout[2m | src/components/Editor3/plugins/CustomAnswerPlugin.audio-drawing.stories.jsx[2m > [22m[2mAnswered Drawing Question
[22m[39mCustomAnswerComponent.question {}
[90mstdout[2m | src/components/Editor3/plugins/CustomAnswerPlugin.audio-drawing.stories.jsx[2m > [22m[2mAnswered Drawing Question
[22m[39mCustomAnswerComponent.prompt undefined
[90mstdout[2m | src/components/Editor3/plugins/CustomAnswerPlugin.audio-drawing.stories.jsx[2m > [22m[2mAnswered Drawing Question
[22m[39mCustomAnswerComponent.feedback[questionID] undefined
[90mstdout[2m | src/components/Editor3/plugins/CustomAnswerPlugin.audio-drawing.stories.jsx[2m > [22m[2mAnswered Drawing Question
[22m[39mCustomAnswerComponent.isCompleted undefined
[90mstdout[2m | src/components/Editor3/plugins/CustomAnswerPlugin.audio-drawing.stories.jsx[2m > [22m[2mAnswered Drawing Question
[22m[39mCustomAnswerComponent.currentPromptMethod prompt-text
[90mstdout[2m | src/components/Editor3/plugins/CustomAnswerPlugin.audio-drawing.stories.jsx[2m > [22m[2mAnswered Drawing Question
[22m[39mCustomAnswerComponent.displayPrompt undefined
[90mstdout[2m | src/components/Editor3/plugins/CustomAnswerPlugin.audio-drawing.stories.jsx[2m > [22m[2mAnswered Drawing Question
[22m[39m[SectionContext] Section observeQuery update: 0
[90mstdout[2m | src/components/Editor3/plugins/CustomAnswerPlugin.audio-drawing.stories.jsx[2m > [22m[2mAnswered Drawing Question
[22m[39m[FilesContext] File observeQuery update: 0 files
[90mstdout[2m | src/components/Editor3/plugins/CustomAnswerPlugin.audio-drawing.stories.jsx[2m > [22m[2mAnswered Drawing Question
[22m[39m[ChatContext] AssistantChat initialized with 0 chats
[90mstdout[2m | src/components/Editor3/plugins/CustomAnswerPlugin.audio-drawing.stories.jsx[2m > [22m[2mAnswered Drawing Question
[22m[39m[MOCK CourseVectorStore] Initialized with mock data
[90mstdout[2m | src/components/Editor3/plugins/CustomAnswerPlugin.audio-drawing.stories.jsx[2m > [22m[2mAnswered Drawing Question
[22m[39mCustomAnswerComponent.questionID drawing-q1
[90mstdout[2m | src/components/Editor3/plugins/CustomAnswerPlugin.audio-drawing.stories.jsx[2m > [22m[2mAnswered Drawing Question
[22m[39mCustomAnswerComponent.questionBank {
  "drawing-q1": {
    "answer": "A house with roof, walls, door, and windows",
    "id": "drawing-q1",
    "prompt": "Draw a house",
    "type": "drawing",
  },
}
[90mstdout[2m | src/components/Editor3/plugins/CustomAnswerPlugin.audio-drawing.stories.jsx[2m > [22m[2mAnswered Drawing Question
[22m[39mCustomAnswerComponent.question {
  "answer": "A house with roof, walls, door, and windows",
  "id": "drawing-q1",
  "prompt": "Draw a house",
  "type": "drawing",
}
[90mstdout[2m | src/components/Editor3/plugins/CustomAnswerPlugin.audio-drawing.stories.jsx[2m > [22m[2mAnswered Drawing Question
[22m[39mCustomAnswerComponent.question {
  "answer": "A house with roof, walls, door, and windows",
  "id": "drawing-q1",
  "prompt": "Draw a house",
  "type": "drawing",
}
[90mstdout[2m | src/components/Editor3/plugins/CustomAnswerPlugin.audio-drawing.stories.jsx[2m > [22m[2mAnswered Drawing Question
[22m[39mCustomAnswerComponent.prompt Draw a house
[90mstdout[2m | src/components/Editor3/plugins/CustomAnswerPlugin.audio-drawing.stories.jsx[2m > [22m[2mAnswered Drawing Question
[22m[39mCustomAnswerComponent.feedback[questionID] undefined
[90mstdout[2m | src/components/Editor3/plugins/CustomAnswerPlugin.audio-drawing.stories.jsx[2m > [22m[2mAnswered Drawing Question
[22m[39mCustomAnswerComponent.isCompleted undefined
[90mstdout[2m | src/components/Editor3/plugins/CustomAnswerPlugin.audio-drawing.stories.jsx[2m > [22m[2mAnswered Drawing Question
[22m[39mCustomAnswerComponent.currentPromptMethod prompt-text
[90mstdout[2m | src/components/Editor3/plugins/CustomAnswerPlugin.audio-drawing.stories.jsx[2m > [22m[2mAnswered Drawing Question
[22m[39mCustomAnswerComponent.displayPrompt Draw a house
[90mstdout[2m | src/components/Editor3/plugins/CustomAnswerPlugin.audio-drawing.stories.jsx[2m > [22m[2mAnswered Drawing Question
[22m[39m[ChatContext] No current chat available, will create one
[90mstdout[2m | src/components/Editor3/plugins/CustomAnswerPlugin.audio-drawing.stories.jsx[2m > [22m[2mAnswered Drawing Question
[22m[39m[ChatContext] Creating AssistantChat with user: undefined
[90mstdout[2m | src/components/Editor3/plugins/CustomAnswerPlugin.audio-drawing.stories.jsx[2m > [22m[2mAnswered Drawing Question
[22m[39m[Mock Data] AssistantChat created: mock-assistantchat-1790416201890 - notified 1 subscribers
[90mstdout[2m | src/components/Editor3/plugins/CustomAnswerPlugin.audio-drawing.stories.jsx[2m > [22m[2mAnswered Drawing Question
[22m[39m[ChatContext] Create result: {
  "data": {
    "_version": 1,
    "archived": false,
    "chatFiles": [Function anonymous],
    "createdAt": "2026-09-26T09:50:01.890Z",
    "id": "mock-assistantchat-1790416201890",
    "model": "gpt-4",
    "updatedAt": "2026-09-26T09:50:01.890Z",
  },
  "errors": [],
  "hasData": true,
  "hasErrors": true,
}
[90mstdout[2m | src/components/Editor3/plugins/CustomAnswerPlugin.audio-drawing.stories.jsx[2m > [22m[2mAnswered Drawing Question
[22m[39m[ChatContext] Created AssistantChat: mock-assistantchat-1790416201890 at: 2026-09-26T09:50:01.890Z
[90mstdout[2m | src/components/Editor3/plugins/CustomAnswerPlugin.audio-drawing.stories.jsx[2m > [22m[2mAnswered Drawing Question
[22m[39m[Mock Storage] downloadData called with: undefined
[90mstdout[2m | src/components/Editor3/plugins/CustomAnswerPlugin.audio-drawing.stories.jsx[2m > [22m[2mAnswered Drawing Question
[22m[39m[ChatContext] Setting initial chat: mock-assistantchat-1790416201890
[90mstdout[2m | src/components/Editor3/plugins/CustomAnswerPlugin.audio-drawing.stories.jsx[2m > [22m[2mAnswered Drawing Question
[22m[39m[ChatContext] Chat exists and not archived, skipping creation
 [32m✓[39m [30m[45m storybook (chromium) [49m[39m src/components/Editor3/plugins/CustomAnswerPlugin.audio-drawing.stories.jsx [2m([22m[2m7 tests[22m[2m)[22m[33m 1466[2mms[22m[39m
   [33m[2m✓[22m[39m Audio Only Question [33m 341[2mms[22m[39m
   [33m[2m✓[22m[39m Drawing Only Question [33m 313[2mms[22m[39m
[90mstdout[2m | unknown test
[22m[39m[MOCK vectorStoreDB.js] Module loaded - mock IndexedDB operations
[90mstdout[2m | unknown test
[22m[39m[Task Completion] DOM action listeners initialized
[90mstdout[2m | unknown test
[22m[39m[Task Completion] Auto-completion detector initialized
[90mstdout[2m | unknown test
[22m[39m[Preview] Task completion detector initialized
[90mstdout[2m | src/components/Editor3/components/EditorComponents.stories.jsx[2m > [22m[2mVisualization Rings
[22m[39m[Preview] Skipped initializing default mock data (initializeMockData=false)
[90mstdout[2m | src/components/Editor3/components/EditorComponents.stories.jsx[2m > [22m[2mVisualization Rings
[22m[39m[MOCK CourseVectorStore] Initialized with mock data
[90mstdout[2m | src/components/Editor3/components/EditorComponents.stories.jsx[2m > [22m[2mVisualization Rings
[22m[39m[TranslationModeController] Setting mode to: off
[90mstdout[2m | src/components/Editor3/components/EditorComponents.stories.jsx[2m > [22m[2mVisualization Rings
[22m[39m[FilesContext] Initializing vector store from IndexedDB
[90mstdout[2m | src/components/Editor3/components/EditorComponents.stories.jsx[2m > [22m[2mVisualization Rings
[22m[39m[FilesContext] fetchFiles called
[90mstdout[2m | src/components/Editor3/components/EditorComponents.stories.jsx[2m > [22m[2mVisualization Rings
[22m[39m[FilesContext] User authenticated: mock-user-sub
[90mstdout[2m | src/components/Editor3/components/EditorComponents.stories.jsx[2m > [22m[2mVisualization Rings
[22m[39m[FilesContext] Identity ID: us-east-1:mock-identity-123
[90mstdout[2m | src/components/Editor3/components/EditorComponents.stories.jsx[2m > [22m[2mVisualization Rings
[22m[39m[FilesContext] About to set up File observeQuery
[90mstdout[2m | src/components/Editor3/components/EditorComponents.stories.jsx[2m > [22m[2mVisualization Rings
[22m[39m[ChatContext] Setting up AssistantChat observeQuery
[90mstdout[2m | src/components/Editor3/components/EditorComponents.stories.jsx[2m > [22m[2mVisualization Rings
[22m[39m[ChatContext] Waiting for subscription to initialize
[90mstdout[2m | src/components/Editor3/components/EditorComponents.stories.jsx[2m > [22m[2mVisualization Rings
[22m[39m[SettingsContext] Setting up Settings subscription for user: mock-user-sub
[90mstdout[2m | src/components/Editor3/components/EditorComponents.stories.jsx[2m > [22m[2mVisualization Rings
[22m[39m[Mock Data] Settings created: mock-settings-1790416203853 - notified 0 subscribers
[90mstdout[2m | src/components/Editor3/components/EditorComponents.stories.jsx[2m > [22m[2mVisualization Rings
[22m[39m[SectionContext] Section observeQuery update: 0
[90mstdout[2m | src/components/Editor3/components/EditorComponents.stories.jsx[2m > [22m[2mVisualization Rings
[22m[39m[FilesContext] File observeQuery update: 0 files
[90mstdout[2m | src/components/Editor3/components/EditorComponents.stories.jsx[2m > [22m[2mVisualization Rings
[22m[39m[ChatContext] AssistantChat initialized with 0 chats
[90mstdout[2m | src/components/Editor3/components/EditorComponents.stories.jsx[2m > [22m[2mVisualization Rings
[22m[39m[MOCK CourseVectorStore] Initialized with mock data
[90mstdout[2m | src/components/Editor3/components/EditorComponents.stories.jsx[2m > [22m[2mVisualization Rings
[22m[39m[ChatContext] No current chat available, will create one
[90mstdout[2m | src/components/Editor3/components/EditorComponents.stories.jsx[2m > [22m[2mVisualization Rings
[22m[39m[ChatContext] Creating AssistantChat with user: undefined
[90mstdout[2m | src/components/Editor3/components/EditorComponents.stories.jsx[2m > [22m[2mVisualization Rings
[22m[39m[Mock Data] AssistantChat created: mock-assistantchat-1790416203870 - notified 1 subscribers
[90mstdout[2m | src/components/Editor3/components/EditorComponents.stories.jsx[2m > [22m[2mVisualization Rings
[22m[39m[ChatContext] Create result: {
  "data": {
    "_version": 1,
    "archived": false,
    "chatFiles": [Function anonymous],
    "createdAt": "2026-09-26T09:50:03.870Z",
    "id": "mock-assistantchat-1790416203870",
    "model": "gpt-4",
    "updatedAt": "2026-09-26T09:50:03.870Z",
  },
  "errors": [],
  "hasData": true,
  "hasErrors": true,
}
[90mstdout[2m | src/components/Editor3/components/EditorComponents.stories.jsx[2m > [22m[2mVisualization Rings
[22m[39m[ChatContext] Created AssistantChat: mock-assistantchat-1790416203870 at: 2026-09-26T09:50:03.870Z
[90mstdout[2m | src/components/Editor3/components/EditorComponents.stories.jsx[2m > [22m[2mVisualization Rings
[22m[39m[Mock Storage] downloadData called with: undefined
[90mstdout[2m | src/components/Editor3/components/EditorComponents.stories.jsx[2m > [22m[2mVisualization Rings
[22m[39m[ChatContext] Setting initial chat: mock-assistantchat-1790416203870
[90mstdout[2m | src/components/Editor3/components/EditorComponents.stories.jsx[2m > [22m[2mVisualization Rings
[22m[39m[ChatContext] Chat exists and not archived, skipping creation
[90mstdout[2m | src/components/Editor3/components/EditorComponents.stories.jsx[2m > [22m[2mVisualization Spikes
[22m[39m[ChatContext] Cleaning up subscriptions
[90mstdout[2m | src/components/Editor3/components/EditorComponents.stories.jsx[2m > [22m[2mVisualization Spikes
[22m[39m[Preview] Skipped initializing default mock data (initializeMockData=false)
[90mstdout[2m | src/components/Editor3/components/EditorComponents.stories.jsx[2m > [22m[2mVisualization Spikes
[22m[39m[MOCK CourseVectorStore] Initialized with mock data
[90mstdout[2m | src/components/Editor3/components/EditorComponents.stories.jsx[2m > [22m[2mVisualization Spikes
[22m[39m[TranslationModeController] Setting mode to: off
[90mstdout[2m | src/components/Editor3/components/EditorComponents.stories.jsx[2m > [22m[2mVisualization Spikes
[22m[39m[FilesContext] Initializing vector store from IndexedDB
[90mstdout[2m | src/components/Editor3/components/EditorComponents.stories.jsx[2m > [22m[2mVisualization Spikes
[22m[39m[FilesContext] fetchFiles called
[90mstdout[2m | src/components/Editor3/components/EditorComponents.stories.jsx[2m > [22m[2mVisualization Spikes
[22m[39m[FilesContext] User authenticated: mock-user-sub
[90mstdout[2m | src/components/Editor3/components/EditorComponents.stories.jsx[2m > [22m[2mVisualization Spikes
[22m[39m[FilesContext] Identity ID: us-east-1:mock-identity-123
[90mstdout[2m | src/components/Editor3/components/EditorComponents.stories.jsx[2m > [22m[2mVisualization Spikes
[22m[39m[FilesContext] About to set up File observeQuery
[90mstdout[2m | src/components/Editor3/components/EditorComponents.stories.jsx[2m > [22m[2mVisualization Spikes
[22m[39m[ChatContext] Setting up AssistantChat observeQuery
[90mstdout[2m | src/components/Editor3/components/EditorComponents.stories.jsx[2m > [22m[2mVisualization Spikes
[22m[39m[ChatContext] Waiting for subscription to initialize
[90mstdout[2m | src/components/Editor3/components/EditorComponents.stories.jsx[2m > [22m[2mVisualization Spikes
[22m[39m[SettingsContext] Setting up Settings subscription for user: mock-user-sub
[90mstdout[2m | src/components/Editor3/components/EditorComponents.stories.jsx[2m > [22m[2mVisualization Spikes
[22m[39m[Mock Data] Settings created: mock-settings-1790416203993 - notified 0 subscribers
[90mstdout[2m | src/components/Editor3/components/EditorComponents.stories.jsx[2m > [22m[2mVisualization Spikes
[22m[39m[SectionContext] Section observeQuery update: 0
[90mstdout[2m | src/components/Editor3/components/EditorComponents.stories.jsx[2m > [22m[2mVisualization Spikes
[22m[39m[FilesContext] File observeQuery update: 0 files
[90mstdout[2m | src/components/Editor3/components/EditorComponents.stories.jsx[2m > [22m[2mVisualization Spikes
[22m[39m[ChatContext] AssistantChat initialized with 0 chats
[90mstdout[2m | src/components/Editor3/components/EditorComponents.stories.jsx[2m > [22m[2mVisualization Spikes
[22m[39m[MOCK CourseVectorStore] Initialized with mock data
[90mstdout[2m | src/components/Editor3/components/EditorComponents.stories.jsx[2m > [22m[2mVisualization Spikes
[22m[39m[ChatContext] No current chat available, will create one
[90mstdout[2m | src/components/Editor3/components/EditorComponents.stories.jsx[2m > [22m[2mVisualization Spikes
[22m[39m[ChatContext] Creating AssistantChat with user: undefined
[90mstdout[2m | src/components/Editor3/components/EditorComponents.stories.jsx[2m > [22m[2mVisualization Spikes
[22m[39m[Mock Data] AssistantChat created: mock-assistantchat-1790416204011 - notified 1 subscribers
[90mstdout[2m | src/components/Editor3/components/EditorComponents.stories.jsx[2m > [22m[2mVisualization Spikes
[22m[39m[ChatContext] Create result: {
  "data": {
    "_version": 1,
    "archived": false,
    "chatFiles": [Function anonymous],
    "createdAt": "2026-09-26T09:50:04.012Z",
    "id": "mock-assistantchat-1790416204011",
    "model": "gpt-4",
    "updatedAt": "2026-09-26T09:50:04.012Z",
  },
  "errors": [],
  "hasData": true,
  "hasErrors": true,
}
[90mstdout[2m | src/components/Editor3/components/EditorComponents.stories.jsx[2m > [22m[2mVisualization Spikes
[22m[39m[ChatContext] Created AssistantChat: mock-assistantchat-1790416204011 at: 2026-09-26T09:50:04.012Z
[90mstdout[2m | src/components/Editor3/components/EditorComponents.stories.jsx[2m > [22m[2mVisualization Spikes
[22m[39m[Mock Storage] downloadData called with: undefined
[90mstdout[2m | src/components/Editor3/components/EditorComponents.stories.jsx[2m > [22m[2mVisualization Spikes
[22m[39m[ChatContext] Setting initial chat: mock-assistantchat-1790416204011
[90mstdout[2m | src/components/Editor3/components/EditorComponents.stories.jsx[2m > [22m[2mVisualization Spikes
[22m[39m[ChatContext] Chat exists and not archived, skipping creation
[90mstdout[2m | src/components/Editor3/components/EditorComponents.stories.jsx[2m > [22m[2mVisualization Center Top
[22m[39m[ChatContext] Cleaning up subscriptions
[90mstdout[2m | src/components/Editor3/components/EditorComponents.stories.jsx[2m > [22m[2mVisualization Center Top
[22m[39m[Preview] Skipped initializing default mock data (initializeMockData=false)
[90mstdout[2m | src/components/Editor3/components/EditorComponents.stories.jsx[2m > [22m[2mVisualization Center Top
[22m[39m[MOCK CourseVectorStore] Initialized with mock data
[90mstdout[2m | src/components/Editor3/components/EditorComponents.stories.jsx[2m > [22m[2mVisualization Center Top
[22m[39m[TranslationModeController] Setting mode to: off
[90mstdout[2m | src/components/Editor3/components/EditorComponents.stories.jsx[2m > [22m[2mVisualization Center Top
[22m[39m[FilesContext] Initializing vector store from IndexedDB
[90mstdout[2m | src/components/Editor3/components/EditorComponents.stories.jsx[2m > [22m[2mVisualization Center Top
[22m[39m[FilesContext] fetchFiles called
[90mstdout[2m | src/components/Editor3/components/EditorComponents.stories.jsx[2m > [22m[2mVisualization Center Top
[22m[39m[FilesContext] User authenticated: mock-user-sub
[90mstdout[2m | src/components/Editor3/components/EditorComponents.stories.jsx[2m > [22m[2mVisualization Center Top
[22m[39m[FilesContext] Identity ID: us-east-1:mock-identity-123
[90mstdout[2m | src/components/Editor3/components/EditorComponents.stories.jsx[2m > [22m[2mVisualization Center Top
[22m[39m[FilesContext] About to set up File observeQuery
[90mstdout[2m | src/components/Editor3/components/EditorComponents.stories.jsx[2m > [22m[2mVisualization Center Top
[22m[39m[ChatContext] Setting up AssistantChat observeQuery
[90mstdout[2m | src/components/Editor3/components/EditorComponents.stories.jsx[2m > [22m[2mVisualization Center Top
[22m[39m[ChatContext] Waiting for subscription to initialize
[90mstdout[2m | src/components/Editor3/components/EditorComponents.stories.jsx[2m > [22m[2mVisualization Center Top
[22m[39m[SettingsContext] Setting up Settings subscription for user: mock-user-sub
[90mstdout[2m | src/components/Editor3/components/EditorComponents.stories.jsx[2m > [22m[2mVisualization Center Top
[22m[39m[Mock Data] Settings created: mock-settings-1790416204128 - notified 0 subscribers
[90mstdout[2m | src/components/Editor3/components/EditorComponents.stories.jsx[2m > [22m[2mVisualization Center Top
[22m[39m[SectionContext] Section observeQuery update: 0
[90mstdout[2m | src/components/Editor3/components/EditorComponents.stories.jsx[2m > [22m[2mVisualization Center Top
[22m[39m[FilesContext] File observeQuery update: 0 files
[90mstdout[2m | src/components/Editor3/components/EditorComponents.stories.jsx[2m > [22m[2mVisualization Center Top
[22m[39m[ChatContext] AssistantChat initialized with 0 chats
[90mstdout[2m | src/components/Editor3/components/EditorComponents.stories.jsx[2m > [22m[2mVisualization Center Top
[22m[39m[MOCK CourseVectorStore] Initialized with mock data
[90mstdout[2m | src/components/Editor3/components/EditorComponents.stories.jsx[2m > [22m[2mVisualization Center Top
[22m[39m[ChatContext] No current chat available, will create one
[90mstdout[2m | src/components/Editor3/components/EditorComponents.stories.jsx[2m > [22m[2mVisualization Center Top
[22m[39m[ChatContext] Creating AssistantChat with user: undefined
[90mstdout[2m | src/components/Editor3/components/EditorComponents.stories.jsx[2m > [22m[2mVisualization Center Top
[22m[39m[Mock Data] AssistantChat created: mock-assistantchat-1790416204145 - notified 1 subscribers
[90mstdout[2m | src/components/Editor3/components/EditorComponents.stories.jsx[2m > [22m[2mVisualization Center Top
[22m[39m[ChatContext] Create result: {
  "data": {
    "_version": 1,
    "archived": false,
    "chatFiles": [Function anonymous],
    "createdAt": "2026-09-26T09:50:04.145Z",
    "id": "mock-assistantchat-1790416204145",
    "model": "gpt-4",
    "updatedAt": "2026-09-26T09:50:04.145Z",
  },
  "errors": [],
  "hasData": true,
  "hasErrors": true,
}
[90mstdout[2m | src/components/Editor3/components/EditorComponents.stories.jsx[2m > [22m[2mVisualization Center Top
[22m[39m[ChatContext] Created AssistantChat: mock-assistantchat-1790416204145 at: 2026-09-26T09:50:04.145Z
[90mstdout[2m | src/components/Editor3/components/EditorComponents.stories.jsx[2m > [22m[2mVisualization Center Top
[22m[39m[Mock Storage] downloadData called with: undefined
[90mstdout[2m | src/components/Editor3/components/EditorComponents.stories.jsx[2m > [22m[2mVisualization Center Top
[22m[39m[ChatContext] Setting initial chat: mock-assistantchat-1790416204145
[90mstdout[2m | src/components/Editor3/components/EditorComponents.stories.jsx[2m > [22m[2mVisualization Center Top
[22m[39m[ChatContext] Chat exists and not archived, skipping creation
[90mstdout[2m | src/components/Editor3/components/EditorComponents.stories.jsx[2m > [22m[2mAudio Level Indicators
[22m[39m[ChatContext] Cleaning up subscriptions
[90mstdout[2m | src/components/Editor3/components/EditorComponents.stories.jsx[2m > [22m[2mAudio Level Indicators
[22m[39m[Preview] Skipped initializing default mock data (initializeMockData=false)
[90mstdout[2m | src/components/Editor3/components/EditorComponents.stories.jsx[2m > [22m[2mAudio Level Indicators
[22m[39m[MOCK CourseVectorStore] Initialized with mock data
[90mstdout[2m | src/components/Editor3/components/EditorComponents.stories.jsx[2m > [22m[2mAudio Level Indicators
[22m[39m[TranslationModeController] Setting mode to: off
[90mstdout[2m | src/components/Editor3/components/EditorComponents.stories.jsx[2m > [22m[2mAudio Level Indicators
[22m[39m[FilesContext] Initializing vector store from IndexedDB
[90mstdout[2m | src/components/Editor3/components/EditorComponents.stories.jsx[2m > [22m[2mAudio Level Indicators
[22m[39m[FilesContext] fetchFiles called
[90mstdout[2m | src/components/Editor3/components/EditorComponents.stories.jsx[2m > [22m[2mAudio Level Indicators
[22m[39m[FilesContext] User authenticated: mock-user-sub
[90mstdout[2m | src/components/Editor3/components/EditorComponents.stories.jsx[2m > [22m[2mAudio Level Indicators
[22m[39m[FilesContext] Identity ID: us-east-1:mock-identity-123
[90mstdout[2m | src/components/Editor3/components/EditorComponents.stories.jsx[2m > [22m[2mAudio Level Indicators
[22m[39m[FilesContext] About to set up File observeQuery
[90mstdout[2m | src/components/Editor3/components/EditorComponents.stories.jsx[2m > [22m[2mAudio Level Indicators
[22m[39m[ChatContext] Setting up AssistantChat observeQuery
[90mstdout[2m | src/components/Editor3/components/EditorComponents.stories.jsx[2m > [22m[2mAudio Level Indicators
[22m[39m[ChatContext] Waiting for subscription to initialize
[90mstdout[2m | src/components/Editor3/components/EditorComponents.stories.jsx[2m > [22m[2mAudio Level Indicators
[22m[39m[SettingsContext] Setting up Settings subscription for user: mock-user-sub
[90mstdout[2m | src/components/Editor3/components/EditorComponents.stories.jsx[2m > [22m[2mAudio Level Indicators
[22m[39m[Mock Data] Settings created: mock-settings-1790416204242 - notified 0 subscribers
[90mstdout[2m | src/components/Editor3/components/EditorComponents.stories.jsx[2m > [22m[2mAudio Level Indicators
[22m[39m[SectionContext] Section observeQuery update: 0
[90mstdout[2m | src/components/Editor3/components/EditorComponents.stories.jsx[2m > [22m[2mAudio Level Indicators
[22m[39m[Mock Storage] downloadData called with: undefined
[90mstdout[2m | src/components/Editor3/components/EditorComponents.stories.jsx[2m > [22m[2mAudio Level Indicators
[22m[39m[FilesContext] File observeQuery update: 0 files
[90mstdout[2m | src/components/Editor3/components/EditorComponents.stories.jsx[2m > [22m[2mAudio Level Indicators
[22m[39m[ChatContext] AssistantChat initialized with 0 chats
[90mstdout[2m | src/components/Editor3/components/EditorComponents.stories.jsx[2m > [22m[2mAudio Level Indicators
[22m[39m[MOCK CourseVectorStore] Initialized with mock data
[90mstdout[2m | src/components/Editor3/components/EditorComponents.stories.jsx[2m > [22m[2mAudio Level Indicators
[22m[39m[ChatContext] No current chat available, will create one
[90mstdout[2m | src/components/Editor3/components/EditorComponents.stories.jsx[2m > [22m[2mAudio Level Indicators
[22m[39m[ChatContext] Creating AssistantChat with user: undefined
[90mstdout[2m | src/components/Editor3/components/EditorComponents.stories.jsx[2m > [22m[2mAudio Level Indicators
[22m[39m[Mock Data] AssistantChat created: mock-assistantchat-1790416204285 - notified 1 subscribers
[90mstdout[2m | src/components/Editor3/components/EditorComponents.stories.jsx[2m > [22m[2mAudio Level Indicators
[22m[39m[ChatContext] Create result: {
  "data": {
    "_version": 1,
    "archived": false,
    "chatFiles": [Function anonymous],
    "createdAt": "2026-09-26T09:50:04.285Z",
    "id": "mock-assistantchat-1790416204285",
    "model": "gpt-4",
    "updatedAt": "2026-09-26T09:50:04.285Z",
  },
  "errors": [],
  "hasData": true,
  "hasErrors": true,
}
[90mstdout[2m | src/components/Editor3/components/EditorComponents.stories.jsx[2m > [22m[2mAudio Level Indicators
[22m[39m[ChatContext] Created AssistantChat: mock-assistantchat-1790416204285 at: 2026-09-26T09:50:04.285Z
[90mstdout[2m | src/components/Editor3/components/EditorComponents.stories.jsx[2m > [22m[2mAudio Level Indicators
[22m[39m[ChatContext] Setting initial chat: mock-assistantchat-1790416204285
[90mstdout[2m | src/components/Editor3/components/EditorComponents.stories.jsx[2m > [22m[2mQuiz Default
[22m[39m[ChatContext] Chat exists and not archived, skipping creation
[90mstdout[2m | src/components/Editor3/components/EditorComponents.stories.jsx[2m > [22m[2mQuiz Default
[22m[39m[ChatContext] Cleaning up subscriptions
[90mstdout[2m | src/components/Editor3/components/EditorComponents.stories.jsx[2m > [22m[2mQuiz Default
[22m[39m[Preview] Skipped initializing default mock data (initializeMockData=false)
[90mstdout[2m | src/components/Editor3/components/EditorComponents.stories.jsx[2m > [22m[2mQuiz Default
[22m[39m[Mock Data] seedMockUnit: Adding unit quiz-default-story-unit
[90mstdout[2m | src/components/Editor3/components/EditorComponents.stories.jsx[2m > [22m[2mQuiz Default
[22m[39m[MOCK CourseVectorStore] Initialized with mock data
[90mstdout[2m | src/components/Editor3/components/EditorComponents.stories.jsx[2m > [22m[2mQuiz Default
[22m[39mQuestionBlockRo.grade {}
[90mstdout[2m | src/components/Editor3/components/EditorComponents.stories.jsx[2m > [22m[2mQuiz Default
[22m[39m......!q {
  "answer": "3",
  "correct": false,
}
[90mstdout[2m | src/components/Editor3/components/EditorComponents.stories.jsx[2m > [22m[2mQuiz Default
[22m[39m......!q {
  "answer": "4",
  "correct": true,
}
[90mstdout[2m | src/components/Editor3/components/EditorComponents.stories.jsx[2m > [22m[2mQuiz Default
[22m[39m......!q {
  "answer": "5",
  "correct": false,
}
[90mstdout[2m | src/components/Editor3/components/EditorComponents.stories.jsx[2m > [22m[2mQuiz Default
[22m[39m......!q {
  "answer": "6",
  "correct": false,
}
[90mstdout[2m | src/components/Editor3/components/EditorComponents.stories.jsx[2m > [22m[2mQuiz Default
[22m[39mQuestionBlock.nodeKey quiz-1 type: string
[90mstdout[2m | src/components/Editor3/components/EditorComponents.stories.jsx[2m > [22m[2mQuiz Default
[22m[39mQuestionBlock.questionContent [
  {
    "answer": "3",
    "correct": false,
  },
  {
    "answer": "4",
    "correct": true,
  },
  {
    "answer": "5",
    "correct": false,
  },
  {
    "answer": "6",
    "correct": false,
  },
]
[90mstdout[2m | src/components/Editor3/components/EditorComponents.stories.jsx[2m > [22m[2mQuiz Default
[22m[39mQuestionBlock.grade.data keys: []
[90mstdout[2m | src/components/Editor3/components/EditorComponents.stories.jsx[2m > [22m[2mQuiz Default
[22m[39mQuestionBlock.grade.data[nodeKey]: undefined
[90mstdout[2m | src/components/Editor3/components/EditorComponents.stories.jsx[2m > [22m[2mQuiz Default
[22m[39mQuestionBlockRo.inProgress {}
[90mstdout[2m | src/components/Editor3/components/EditorComponents.stories.jsx[2m > [22m[2mQuiz Default
[22m[39m[TranslationModeController] Setting mode to: off
[90mstdout[2m | src/components/Editor3/components/EditorComponents.stories.jsx[2m > [22m[2mQuiz Default
[22m[39m[UnitContext] useEffect triggered {
  "authLoading": false,
  "hasUser": true,
  "id": "quiz-default-story-unit",
  "userSub": "mock-user-sub",
}
[90mstdout[2m | src/components/Editor3/components/EditorComponents.stories.jsx[2m > [22m[2mQuiz Default
[22m[39m[UnitContext] Fetching unit data for id: quiz-default-story-unit
[90mstdout[2m | src/components/Editor3/components/EditorComponents.stories.jsx[2m > [22m[2mQuiz Default
[22m[39m[FilesContext] Initializing vector store from IndexedDB
[90mstdout[2m | src/components/Editor3/components/EditorComponents.stories.jsx[2m > [22m[2mQuiz Default
[22m[39m[FilesContext] fetchFiles called
[90mstdout[2m | src/components/Editor3/components/EditorComponents.stories.jsx[2m > [22m[2mQuiz Default
[22m[39m[FilesContext] User authenticated: mock-user-sub
[90mstdout[2m | src/components/Editor3/components/EditorComponents.stories.jsx[2m > [22m[2mQuiz Default
[22m[39m[FilesContext] Identity ID: us-east-1:mock-identity-123
[90mstdout[2m | src/components/Editor3/components/EditorComponents.stories.jsx[2m > [22m[2mQuiz Default
[22m[39m[FilesContext] About to set up File observeQuery
[90mstdout[2m | src/components/Editor3/components/EditorComponents.stories.jsx[2m > [22m[2mQuiz Default
[22m[39m[ChatContext] Setting up AssistantChat observeQuery
[90mstdout[2m | src/components/Editor3/components/EditorComponents.stories.jsx[2m > [22m[2mQuiz Default
[22m[39m[ChatContext] Waiting for subscription to initialize
[90mstdout[2m | src/components/Editor3/components/EditorComponents.stories.jsx[2m > [22m[2mQuiz Default
[22m[39m[SettingsContext] Setting up Settings subscription for user: mock-user-sub
[90mstdout[2m | src/components/Editor3/components/EditorComponents.stories.jsx[2m > [22m[2mQuiz Default
[22m[39mQuestionBlockRo.grade {}
[90mstdout[2m | src/components/Editor3/components/EditorComponents.stories.jsx[2m > [22m[2mQuiz Default
[22m[39m......!q {
  "answer": "3",
  "correct": false,
}
[90mstdout[2m | src/components/Editor3/components/EditorComponents.stories.jsx[2m > [22m[2mQuiz Default
[22m[39m......!q {
  "answer": "4",
  "correct": true,
}
[90mstdout[2m | src/components/Editor3/components/EditorComponents.stories.jsx[2m > [22m[2mQuiz Default
[22m[39m......!q {
  "answer": "5",
  "correct": false,
}
[90mstdout[2m | src/components/Editor3/components/EditorComponents.stories.jsx[2m > [22m[2mQuiz Default
[22m[39m......!q {
  "answer": "6",
  "correct": false,
}
[90mstdout[2m | src/components/Editor3/components/EditorComponents.stories.jsx[2m > [22m[2mQuiz Default
[22m[39mQuestionBlock.nodeKey quiz-1 type: string
[90mstdout[2m | src/components/Editor3/components/EditorComponents.stories.jsx[2m > [22m[2mQuiz Default
[22m[39mQuestionBlock.questionContent [
  {
    "answer": "3",
    "correct": false,
  },
  {
    "answer": "4",
    "correct": true,
  },
  {
    "answer": "5",
    "correct": false,
  },
  {
    "answer": "6",
    "correct": false,
  },
]
[90mstdout[2m | src/components/Editor3/components/EditorComponents.stories.jsx[2m > [22m[2mQuiz Default
[22m[39mQuestionBlock.grade.data keys: []
[90mstdout[2m | src/components/Editor3/components/EditorComponents.stories.jsx[2m > [22m[2mQuiz Default
[22m[39mQuestionBlock.grade.data[nodeKey]: undefined
[90mstdout[2m | src/components/Editor3/components/EditorComponents.stories.jsx[2m > [22m[2mQuiz Default
[22m[39mQuestionBlockRo.inProgress {}
[90mstdout[2m | src/components/Editor3/components/EditorComponents.stories.jsx[2m > [22m[2mQuiz Default
[22m[39m[Mock Data] Settings created: mock-settings-1790416204391 - notified 0 subscribers
[90mstdout[2m | src/components/Editor3/components/EditorComponents.stories.jsx[2m > [22m[2mQuiz Default
[22m[39m[Mock Data] Unit.onUpdate() subscription added. Total: 1
[90mstdout[2m | src/components/Editor3/components/EditorComponents.stories.jsx[2m > [22m[2mQuiz Default
[22m[39mQuestionBlockRo.grade {}
[90mstdout[2m | src/components/Editor3/components/EditorComponents.stories.jsx[2m > [22m[2mQuiz Default
[22m[39m......!q {
  "answer": "3",
  "correct": false,
}
[90mstdout[2m | src/components/Editor3/components/EditorComponents.stories.jsx[2m > [22m[2mQuiz Default
[22m[39m......!q {
  "answer": "4",
  "correct": true,
}
[90mstdout[2m | src/components/Editor3/components/EditorComponents.stories.jsx[2m > [22m[2mQuiz Default
[22m[39m......!q {
  "answer": "5",
  "correct": false,
}
[90mstdout[2m | src/components/Editor3/components/EditorComponents.stories.jsx[2m > [22m[2mQuiz Default
[22m[39m......!q {
  "answer": "6",
  "correct": false,
}
[90mstdout[2m | src/components/Editor3/components/EditorComponents.stories.jsx[2m > [22m[2mQuiz Default
[22m[39mQuestionBlock.nodeKey quiz-1 type: string
[90mstdout[2m | src/components/Editor3/components/EditorComponents.stories.jsx[2m > [22m[2mQuiz Default
[22m[39mQuestionBlock.questionContent [
  {
    "answer": "3",
    "correct": false,
  },
  {
    "answer": "4",
    "correct": true,
  },
  {
    "answer": "5",
    "correct": false,
  },
  {
    "answer": "6",
    "correct": false,
  },
]
[90mstdout[2m | src/components/Editor3/components/EditorComponents.stories.jsx[2m > [22m[2mQuiz Default
[22m[39mQuestionBlock.grade.data keys: []
[90mstdout[2m | src/components/Editor3/components/EditorComponents.stories.jsx[2m > [22m[2mQuiz Default
[22m[39mQuestionBlock.grade.data[nodeKey]: undefined
[90mstdout[2m | src/components/Editor3/components/EditorComponents.stories.jsx[2m > [22m[2mQuiz Default
[22m[39mQuestionBlockRo.inProgress {}
[90mstdout[2m | src/components/Editor3/components/EditorComponents.stories.jsx[2m > [22m[2mQuiz Default
[22m[39m[SectionContext] Section observeQuery update: 0
[90mstdout[2m | src/components/Editor3/components/EditorComponents.stories.jsx[2m > [22m[2mQuiz Default
[22m[39m[FilesContext] File observeQuery update: 0 files
[90mstdout[2m | src/components/Editor3/components/EditorComponents.stories.jsx[2m > [22m[2mQuiz Default
[22m[39m[ChatContext] AssistantChat initialized with 0 chats
[90mstdout[2m | src/components/Editor3/components/EditorComponents.stories.jsx[2m > [22m[2mQuiz Default
[22m[39m[MOCK CourseVectorStore] Initialized with mock data
[90mstdout[2m | src/components/Editor3/components/EditorComponents.stories.jsx[2m > [22m[2mQuiz Default
[22m[39mQuestionBlockRo.grade undefined
[90mstdout[2m | src/components/Editor3/components/EditorComponents.stories.jsx[2m > [22m[2mQuiz Default
[22m[39m......!q {
  "answer": "3",
  "correct": false,
}
[90mstdout[2m | src/components/Editor3/components/EditorComponents.stories.jsx[2m > [22m[2mQuiz Default
[22m[39m......!q {
  "answer": "4",
  "correct": true,
}
[90mstdout[2m | src/components/Editor3/components/EditorComponents.stories.jsx[2m > [22m[2mQuiz Default
[22m[39m......!q {
  "answer": "5",
  "correct": false,
}
[90mstdout[2m | src/components/Editor3/components/EditorComponents.stories.jsx[2m > [22m[2mQuiz Default
[22m[39m......!q {
  "answer": "6",
  "correct": false,
}
[90mstdout[2m | src/components/Editor3/components/EditorComponents.stories.jsx[2m > [22m[2mQuiz Default
[22m[39mQuestionBlock.nodeKey quiz-1 type: string
[90mstdout[2m | src/components/Editor3/components/EditorComponents.stories.jsx[2m > [22m[2mQuiz Default
[22m[39mQuestionBlock.questionContent [
  {
    "answer": "3",
    "correct": false,
  },
  {
    "answer": "4",
    "correct": true,
  },
  {
    "answer": "5",
    "correct": false,
  },
  {
    "answer": "6",
    "correct": false,
  },
]
[90mstdout[2m | src/components/Editor3/components/EditorComponents.stories.jsx[2m > [22m[2mQuiz Default
[22m[39mQuestionBlock.grade.data keys: []
[90mstdout[2m | src/components/Editor3/components/EditorComponents.stories.jsx[2m > [22m[2mQuiz Default
[22m[39mQuestionBlock.grade.data[nodeKey]: undefined
[90mstdout[2m | src/components/Editor3/components/EditorComponents.stories.jsx[2m > [22m[2mQuiz Default
[22m[39mQuestionBlockRo.inProgress {}
[90mstdout[2m | src/components/Editor3/components/EditorComponents.stories.jsx[2m > [22m[2mQuiz Default
[22m[39m[ChatContext] No current chat available, will create one
[90mstdout[2m | src/components/Editor3/components/EditorComponents.stories.jsx[2m > [22m[2mQuiz Default
[22m[39m[ChatContext] Creating AssistantChat with user: undefined
[90mstdout[2m | src/components/Editor3/components/EditorComponents.stories.jsx[2m > [22m[2mQuiz Default
[22m[39m[Mock Data] AssistantChat created: mock-assistantchat-1790416204472 - notified 1 subscribers
[90mstdout[2m | src/components/Editor3/components/EditorComponents.stories.jsx[2m > [22m[2mQuiz Default
[22m[39m[ChatContext] Create result: {
  "data": {
    "_version": 1,
    "archived": false,
    "chatFiles": [Function anonymous],
    "createdAt": "2026-09-26T09:50:04.472Z",
    "id": "mock-assistantchat-1790416204472",
    "model": "gpt-4",
    "updatedAt": "2026-09-26T09:50:04.472Z",
  },
  "errors": [],
  "hasData": true,
  "hasErrors": true,
}
[90mstdout[2m | src/components/Editor3/components/EditorComponents.stories.jsx[2m > [22m[2mQuiz Default
[22m[39m[ChatContext] Created AssistantChat: mock-assistantchat-1790416204472 at: 2026-09-26T09:50:04.472Z
[90mstdout[2m | src/components/Editor3/components/EditorComponents.stories.jsx[2m > [22m[2mQuiz Default
[22m[39m[Mock Storage] downloadData called with: undefined
[90mstdout[2m | src/components/Editor3/components/EditorComponents.stories.jsx[2m > [22m[2mQuiz Default
[22m[39m[ChatContext] Setting initial chat: mock-assistantchat-1790416204472
[90mstdout[2m | src/components/Editor3/components/EditorComponents.stories.jsx[2m > [22m[2mQuiz Default
[22m[39m[ChatContext] Chat exists and not archived, skipping creation
[90mstdout[2m | src/components/Editor3/components/EditorComponents.stories.jsx[2m > [22m[2mQuiz Multiple Choice
[22m[39m[ChatContext] Cleaning up subscriptions
[90mstdout[2m | src/components/Editor3/components/EditorComponents.stories.jsx[2m > [22m[2mQuiz Multiple Choice
[22m[39m[Mock Data] Unit.onUpdate() subscription removed. Remaining: 0
[90mstdout[2m | src/components/Editor3/components/EditorComponents.stories.jsx[2m > [22m[2mQuiz Multiple Choice
[22m[39m[Preview] Skipped initializing default mock data (initializeMockData=false)
[90mstdout[2m | src/components/Editor3/components/EditorComponents.stories.jsx[2m > [22m[2mQuiz Multiple Choice
[22m[39m[Mock Data] seedMockUnit: Adding unit quiz-multiple-choice-story-unit
[90mstdout[2m | src/components/Editor3/components/EditorComponents.stories.jsx[2m > [22m[2mQuiz Multiple Choice
[22m[39m[MOCK CourseVectorStore] Initialized with mock data
[90mstdout[2m | src/components/Editor3/components/EditorComponents.stories.jsx[2m > [22m[2mQuiz Multiple Choice
[22m[39mQuestionBlockRo.grade {}
[90mstdout[2m | src/components/Editor3/components/EditorComponents.stories.jsx[2m > [22m[2mQuiz Multiple Choice
[22m[39m......!q {
  "answer": "Mercury",
  "correct": true,
}
[90mstdout[2m | src/components/Editor3/components/EditorComponents.stories.jsx[2m > [22m[2mQuiz Multiple Choice
[22m[39m......!q {
  "answer": "Venus",
  "correct": false,
}
[90mstdout[2m | src/components/Editor3/components/EditorComponents.stories.jsx[2m > [22m[2mQuiz Multiple Choice
[22m[39m......!q {
  "answer": "Earth",
  "correct": false,
}
[90mstdout[2m | src/components/Editor3/components/EditorComponents.stories.jsx[2m > [22m[2mQuiz Multiple Choice
[22m[39m......!q {
  "answer": "Mars",
  "correct": false,
}
[90mstdout[2m | src/components/Editor3/components/EditorComponents.stories.jsx[2m > [22m[2mQuiz Multiple Choice
[22m[39mQuestionBlock.nodeKey quiz-2 type: string
[90mstdout[2m | src/components/Editor3/components/EditorComponents.stories.jsx[2m > [22m[2mQuiz Multiple Choice
[22m[39mQuestionBlock.questionContent [
  {
    "answer": "Mercury",
    "correct": true,
  },
  {
    "answer": "Venus",
    "correct": false,
  },
  {
    "answer": "Earth",
    "correct": false,
  },
  {
    "answer": "Mars",
    "correct": false,
  },
]
[90mstdout[2m | src/components/Editor3/components/EditorComponents.stories.jsx[2m > [22m[2mQuiz Multiple Choice
[22m[39mQuestionBlock.grade.data keys: []
[90mstdout[2m | src/components/Editor3/components/EditorComponents.stories.jsx[2m > [22m[2mQuiz Multiple Choice
[22m[39mQuestionBlock.grade.data[nodeKey]: undefined
[90mstdout[2m | src/components/Editor3/components/EditorComponents.stories.jsx[2m > [22m[2mQuiz Multiple Choice
[22m[39mQuestionBlockRo.inProgress {}
[90mstdout[2m | src/components/Editor3/components/EditorComponents.stories.jsx[2m > [22m[2mQuiz Multiple Choice
[22m[39m[TranslationModeController] Setting mode to: off
[90mstdout[2m | src/components/Editor3/components/EditorComponents.stories.jsx[2m > [22m[2mQuiz Multiple Choice
[22m[39m[UnitContext] useEffect triggered {
  "authLoading": false,
  "hasUser": true,
  "id": "quiz-multiple-choice-story-unit",
  "userSub": "mock-user-sub",
}
[90mstdout[2m | src/components/Editor3/components/EditorComponents.stories.jsx[2m > [22m[2mQuiz Multiple Choice
[22m[39m[UnitContext] Fetching unit data for id: quiz-multiple-choice-story-unit
[90mstdout[2m | src/components/Editor3/components/EditorComponents.stories.jsx[2m > [22m[2mQuiz Multiple Choice
[22m[39m[FilesContext] Initializing vector store from IndexedDB
[90mstdout[2m | src/components/Editor3/components/EditorComponents.stories.jsx[2m > [22m[2mQuiz Multiple Choice
[22m[39m[FilesContext] fetchFiles called
[90mstdout[2m | src/components/Editor3/components/EditorComponents.stories.jsx[2m > [22m[2mQuiz Multiple Choice
[22m[39m[FilesContext] User authenticated: mock-user-sub
[90mstdout[2m | src/components/Editor3/components/EditorComponents.stories.jsx[2m > [22m[2mQuiz Multiple Choice
[22m[39m[FilesContext] Identity ID: us-east-1:mock-identity-123
[90mstdout[2m | src/components/Editor3/components/EditorComponents.stories.jsx[2m > [22m[2mQuiz Multiple Choice
[22m[39m[FilesContext] About to set up File observeQuery
[90mstdout[2m | src/components/Editor3/components/EditorComponents.stories.jsx[2m > [22m[2mQuiz Multiple Choice
[22m[39m[ChatContext] Setting up AssistantChat observeQuery
[90mstdout[2m | src/components/Editor3/components/EditorComponents.stories.jsx[2m > [22m[2mQuiz Multiple Choice
[22m[39m[ChatContext] Waiting for subscription to initialize
[90mstdout[2m | src/components/Editor3/components/EditorComponents.stories.jsx[2m > [22m[2mQuiz Multiple Choice
[22m[39m[SettingsContext] Setting up Settings subscription for user: mock-user-sub
[90mstdout[2m | src/components/Editor3/components/EditorComponents.stories.jsx[2m > [22m[2mQuiz Multiple Choice
[22m[39mQuestionBlockRo.grade {}
[90mstdout[2m | src/components/Editor3/components/EditorComponents.stories.jsx[2m > [22m[2mQuiz Multiple Choice
[22m[39m......!q {
  "answer": "Mercury",
  "correct": true,
}
[90mstdout[2m | src/components/Editor3/components/EditorComponents.stories.jsx[2m > [22m[2mQuiz Multiple Choice
[22m[39m......!q {
  "answer": "Venus",
  "correct": false,
}
[90mstdout[2m | src/components/Editor3/components/EditorComponents.stories.jsx[2m > [22m[2mQuiz Multiple Choice
[22m[39m......!q {
  "answer": "Earth",
  "correct": false,
}
[90mstdout[2m | src/components/Editor3/components/EditorComponents.stories.jsx[2m > [22m[2mQuiz Multiple Choice
[22m[39m......!q {
  "answer": "Mars",
  "correct": false,
}
[90mstdout[2m | src/components/Editor3/components/EditorComponents.stories.jsx[2m > [22m[2mQuiz Multiple Choice
[22m[39mQuestionBlock.nodeKey quiz-2 type: string
[90mstdout[2m | src/components/Editor3/components/EditorComponents.stories.jsx[2m > [22m[2mQuiz Multiple Choice
[22m[39mQuestionBlock.questionContent [
  {
    "answer": "Mercury",
    "correct": true,
  },
  {
    "answer": "Venus",
    "correct": false,
  },
  {
    "answer": "Earth",
    "correct": false,
  },
  {
    "answer": "Mars",
    "correct": false,
  },
]
[90mstdout[2m | src/components/Editor3/components/EditorComponents.stories.jsx[2m > [22m[2mQuiz Multiple Choice
[22m[39mQuestionBlock.grade.data keys: []
[90mstdout[2m | src/components/Editor3/components/EditorComponents.stories.jsx[2m > [22m[2mQuiz Multiple Choice
[22m[39mQuestionBlock.grade.data[nodeKey]: undefined
[90mstdout[2m | src/components/Editor3/components/EditorComponents.stories.jsx[2m > [22m[2mQuiz Multiple Choice
[22m[39mQuestionBlockRo.inProgress {}
[90mstdout[2m | src/components/Editor3/components/EditorComponents.stories.jsx[2m > [22m[2mQuiz Multiple Choice
[22m[39m[Mock Data] Settings created: mock-settings-1790416204605 - notified 0 subscribers
[90mstdout[2m | src/components/Editor3/components/EditorComponents.stories.jsx[2m > [22m[2mQuiz Multiple Choice
[22m[39m[Mock Data] Unit.onUpdate() subscription added. Total: 1
[90mstdout[2m | src/components/Editor3/components/EditorComponents.stories.jsx[2m > [22m[2mQuiz Multiple Choice
[22m[39mQuestionBlockRo.grade {}
[90mstdout[2m | src/components/Editor3/components/EditorComponents.stories.jsx[2m > [22m[2mQuiz Multiple Choice
[22m[39m......!q {
  "answer": "Mercury",
  "correct": true,
}
[90mstdout[2m | src/components/Editor3/components/EditorComponents.stories.jsx[2m > [22m[2mQuiz Multiple Choice
[22m[39m......!q {
  "answer": "Venus",
  "correct": false,
}
[90mstdout[2m | src/components/Editor3/components/EditorComponents.stories.jsx[2m > [22m[2mQuiz Multiple Choice
[22m[39m......!q {
  "answer": "Earth",
  "correct": false,
}
[90mstdout[2m | src/components/Editor3/components/EditorComponents.stories.jsx[2m > [22m[2mQuiz Multiple Choice
[22m[39m......!q {
  "answer": "Mars",
  "correct": false,
}
[90mstdout[2m | src/components/Editor3/components/EditorComponents.stories.jsx[2m > [22m[2mQuiz Multiple Choice
[22m[39mQuestionBlock.nodeKey quiz-2 type: string
[90mstdout[2m | src/components/Editor3/components/EditorComponents.stories.jsx[2m > [22m[2mQuiz Multiple Choice
[22m[39mQuestionBlock.questionContent [
  {
    "answer": "Mercury",
    "correct": true,
  },
  {
    "answer": "Venus",
    "correct": false,
  },
  {
    "answer": "Earth",
    "correct": false,
  },
  {
    "answer": "Mars",
    "correct": false,
  },
]
[90mstdout[2m | src/components/Editor3/components/EditorComponents.stories.jsx[2m > [22m[2mQuiz Multiple Choice
[22m[39mQuestionBlock.grade.data keys: []
[90mstdout[2m | src/components/Editor3/components/EditorComponents.stories.jsx[2m > [22m[2mQuiz Multiple Choice
[22m[39mQuestionBlock.grade.data[nodeKey]: undefined
[90mstdout[2m | src/components/Editor3/components/EditorComponents.stories.jsx[2m > [22m[2mQuiz Multiple Choice
[22m[39mQuestionBlockRo.inProgress {}
[90mstdout[2m | src/components/Editor3/components/EditorComponents.stories.jsx[2m > [22m[2mQuiz Multiple Choice
[22m[39m[SectionContext] Section observeQuery update: 0
[90mstdout[2m | src/components/Editor3/components/EditorComponents.stories.jsx[2m > [22m[2mQuiz Multiple Choice
[22m[39m[FilesContext] File observeQuery update: 0 files
[90mstdout[2m | src/components/Editor3/components/EditorComponents.stories.jsx[2m > [22m[2mQuiz Multiple Choice
[22m[39m[ChatContext] AssistantChat initialized with 0 chats
[90mstdout[2m | src/components/Editor3/components/EditorComponents.stories.jsx[2m > [22m[2mQuiz Multiple Choice
[22m[39m[MOCK CourseVectorStore] Initialized with mock data
[90mstdout[2m | src/components/Editor3/components/EditorComponents.stories.jsx[2m > [22m[2mQuiz Multiple Choice
[22m[39mQuestionBlockRo.grade undefined
[90mstdout[2m | src/components/Editor3/components/EditorComponents.stories.jsx[2m > [22m[2mQuiz Multiple Choice
[22m[39m......!q {
  "answer": "Mercury",
  "correct": true,
}
[90mstdout[2m | src/components/Editor3/components/EditorComponents.stories.jsx[2m > [22m[2mQuiz Multiple Choice
[22m[39m......!q {
  "answer": "Venus",
  "correct": false,
}
[90mstdout[2m | src/components/Editor3/components/EditorComponents.stories.jsx[2m > [22m[2mQuiz Multiple Choice
[22m[39m......!q {
  "answer": "Earth",
  "correct": false,
}
[90mstdout[2m | src/components/Editor3/components/EditorComponents.stories.jsx[2m > [22m[2mQuiz Multiple Choice
[22m[39m......!q {
  "answer": "Mars",
  "correct": false,
}
[90mstdout[2m | src/components/Editor3/components/EditorComponents.stories.jsx[2m > [22m[2mQuiz Multiple Choice
[22m[39mQuestionBlock.nodeKey quiz-2 type: string
[90mstdout[2m | src/components/Editor3/components/EditorComponents.stories.jsx[2m > [22m[2mQuiz Multiple Choice
[22m[39mQuestionBlock.questionContent [
  {
    "answer": "Mercury",
    "correct": true,
  },
  {
    "answer": "Venus",
    "correct": false,
  },
  {
    "answer": "Earth",
    "correct": false,
  },
  {
    "answer": "Mars",
    "correct": false,
  },
]
[90mstdout[2m | src/components/Editor3/components/EditorComponents.stories.jsx[2m > [22m[2mQuiz Multiple Choice
[22m[39mQuestionBlock.grade.data keys: []
[90mstdout[2m | src/components/Editor3/components/EditorComponents.stories.jsx[2m > [22m[2mQuiz Multiple Choice
[22m[39mQuestionBlock.grade.data[nodeKey]: undefined
[90mstdout[2m | src/components/Editor3/components/EditorComponents.stories.jsx[2m > [22m[2mQuiz Multiple Choice
[22m[39mQuestionBlockRo.inProgress {}
[90mstdout[2m | src/components/Editor3/components/EditorComponents.stories.jsx[2m > [22m[2mQuiz Multiple Choice
[22m[39m[ChatContext] No current chat available, will create one
[90mstdout[2m | src/components/Editor3/components/EditorComponents.stories.jsx[2m > [22m[2mQuiz Multiple Choice
[22m[39m[ChatContext] Creating AssistantChat with user: undefined
[90mstdout[2m | src/components/Editor3/components/EditorComponents.stories.jsx[2m > [22m[2mQuiz Multiple Choice
[22m[39m[Mock Data] AssistantChat created: mock-assistantchat-1790416204650 - notified 1 subscribers
[90mstdout[2m | src/components/Editor3/components/EditorComponents.stories.jsx[2m > [22m[2mQuiz Multiple Choice
[22m[39m[ChatContext] Create result: {
  "data": {
    "_version": 1,
    "archived": false,
    "chatFiles": [Function anonymous],
    "createdAt": "2026-09-26T09:50:04.650Z",
    "id": "mock-assistantchat-1790416204650",
    "model": "gpt-4",
    "updatedAt": "2026-09-26T09:50:04.650Z",
  },
  "errors": [],
  "hasData": true,
  "hasErrors": true,
}
[90mstdout[2m | src/components/Editor3/components/EditorComponents.stories.jsx[2m > [22m[2mQuiz Multiple Choice
[22m[39m[ChatContext] Created AssistantChat: mock-assistantchat-1790416204650 at: 2026-09-26T09:50:04.650Z
[90mstdout[2m | src/components/Editor3/components/EditorComponents.stories.jsx[2m > [22m[2mQuiz Multiple Choice
[22m[39m[Mock Storage] downloadData called with: undefined
[90mstdout[2m | src/components/Editor3/components/EditorComponents.stories.jsx[2m > [22m[2mQuiz Multiple Choice
[22m[39m[ChatContext] Setting initial chat: mock-assistantchat-1790416204650
[90mstdout[2m | src/components/Editor3/components/EditorComponents.stories.jsx[2m > [22m[2mQuiz Multiple Choice
[22m[39m[ChatContext] Chat exists and not archived, skipping creation
[90mstdout[2m | src/components/Editor3/components/EditorComponents.stories.jsx[2m > [22m[2mAnswer Input
[22m[39m[ChatContext] Cleaning up subscriptions
[90mstdout[2m | src/components/Editor3/components/EditorComponents.stories.jsx[2m > [22m[2mAnswer Input
[22m[39m[Mock Data] Unit.onUpdate() subscription removed. Remaining: 0
[90mstdout[2m | src/components/Editor3/components/EditorComponents.stories.jsx[2m > [22m[2mAnswer Input
[22m[39m[Preview] Skipped initializing default mock data (initializeMockData=false)
[90mstdout[2m | src/components/Editor3/components/EditorComponents.stories.jsx[2m > [22m[2mAnswer Input
[22m[39m[Mock Data] seedMockWords: Adding 2 words
[90mstdout[2m | src/components/Editor3/components/EditorComponents.stories.jsx[2m > [22m[2mAnswer Input
[22m[39m[Mock Data] seedMockUnit: Adding unit answer-input-story-unit
[90mstdout[2m | src/components/Editor3/components/EditorComponents.stories.jsx[2m > [22m[2mAnswer Input
[22m[39m[MOCK CourseVectorStore] Initialized with mock data
[90mstdout[2m | src/components/Editor3/components/EditorComponents.stories.jsx[2m > [22m[2mAnswer Input
[22m[39m[TranslationModeController] Setting mode to: off
[90mstdout[2m | src/components/Editor3/components/EditorComponents.stories.jsx[2m > [22m[2mAnswer Input
[22m[39m[UnitContext] useEffect triggered {
  "authLoading": false,
  "hasUser": true,
  "id": "answer-input-story-unit",
  "userSub": "mock-user-sub",
}
[90mstdout[2m | src/components/Editor3/components/EditorComponents.stories.jsx[2m > [22m[2mAnswer Input
[22m[39m[UnitContext] Fetching unit data for id: answer-input-story-unit
[90mstdout[2m | src/components/Editor3/components/EditorComponents.stories.jsx[2m > [22m[2mAnswer Input
[22m[39m[FilesContext] Initializing vector store from IndexedDB
[90mstdout[2m | src/components/Editor3/components/EditorComponents.stories.jsx[2m > [22m[2mAnswer Input
[22m[39m[FilesContext] fetchFiles called
[90mstdout[2m | src/components/Editor3/components/EditorComponents.stories.jsx[2m > [22m[2mAnswer Input
[22m[39m[FilesContext] User authenticated: mock-user-sub
[90mstdout[2m | src/components/Editor3/components/EditorComponents.stories.jsx[2m > [22m[2mAnswer Input
[22m[39m[FilesContext] Identity ID: us-east-1:mock-identity-123
[90mstdout[2m | src/components/Editor3/components/EditorComponents.stories.jsx[2m > [22m[2mAnswer Input
[22m[39m[FilesContext] About to set up File observeQuery
[90mstdout[2m | src/components/Editor3/components/EditorComponents.stories.jsx[2m > [22m[2mAnswer Input
[22m[39m[ChatContext] Setting up AssistantChat observeQuery
[90mstdout[2m | src/components/Editor3/components/EditorComponents.stories.jsx[2m > [22m[2mAnswer Input
[22m[39m[ChatContext] Waiting for subscription to initialize
[90mstdout[2m | src/components/Editor3/components/EditorComponents.stories.jsx[2m > [22m[2mAnswer Input
[22m[39m[SettingsContext] Setting up Settings subscription for user: mock-user-sub
[90mstdout[2m | src/components/Editor3/components/EditorComponents.stories.jsx[2m > [22m[2mAnswer Input
[22m[39m[Mock Data] Settings created: mock-settings-1790416204779 - notified 0 subscribers
[90mstdout[2m | src/components/Editor3/components/EditorComponents.stories.jsx[2m > [22m[2mAnswer Input
[22m[39m[Mock Data] Unit.onUpdate() subscription added. Total: 1
[90mstdout[2m | src/components/Editor3/components/EditorComponents.stories.jsx[2m > [22m[2mAnswer Input
[22m[39m[SectionContext] Section observeQuery update: 0
[90mstdout[2m | src/components/Editor3/components/EditorComponents.stories.jsx[2m > [22m[2mAnswer Input
[22m[39m[FilesContext] File observeQuery update: 0 files
[90mstdout[2m | src/components/Editor3/components/EditorComponents.stories.jsx[2m > [22m[2mAnswer Input
[22m[39m[ChatContext] AssistantChat initialized with 0 chats
[90mstdout[2m | src/components/Editor3/components/EditorComponents.stories.jsx[2m > [22m[2mAnswer Input
[22m[39m[MOCK CourseVectorStore] Initialized with mock data
[90mstdout[2m | src/components/Editor3/components/EditorComponents.stories.jsx[2m > [22m[2mAnswer Input
[22m[39m[ChatContext] No current chat available, will create one
[90mstdout[2m | src/components/Editor3/components/EditorComponents.stories.jsx[2m > [22m[2mAnswer Input
[22m[39m[ChatContext] Creating AssistantChat with user: undefined
[90mstdout[2m | src/components/Editor3/components/EditorComponents.stories.jsx[2m > [22m[2mAnswer Input
[22m[39m[Mock Data] AssistantChat created: mock-assistantchat-1790416204844 - notified 1 subscribers
[90mstdout[2m | src/components/Editor3/components/EditorComponents.stories.jsx[2m > [22m[2mAnswer Input
[22m[39m[ChatContext] Create result: {
  "data": {
    "_version": 1,
    "archived": false,
    "chatFiles": [Function anonymous],
    "createdAt": "2026-09-26T09:50:04.844Z",
    "id": "mock-assistantchat-1790416204844",
    "model": "gpt-4",
    "updatedAt": "2026-09-26T09:50:04.844Z",
  },
  "errors": [],
  "hasData": true,
  "hasErrors": true,
}
[90mstdout[2m | src/components/Editor3/components/EditorComponents.stories.jsx[2m > [22m[2mAnswer Input
[22m[39m[ChatContext] Created AssistantChat: mock-assistantchat-1790416204844 at: 2026-09-26T09:50:04.844Z
[90mstdout[2m | src/components/Editor3/components/EditorComponents.stories.jsx[2m > [22m[2mAnswer Input
[22m[39m[Mock Storage] downloadData called with: undefined
[90mstdout[2m | src/components/Editor3/components/EditorComponents.stories.jsx[2m > [22m[2mAnswer Input
[22m[39m[ChatContext] Setting initial chat: mock-assistantchat-1790416204844
[90mstdout[2m | src/components/Editor3/components/EditorComponents.stories.jsx[2m > [22m[2mAnswer Input
[22m[39m[ChatContext] Chat exists and not archived, skipping creation
[90mstdout[2m | src/components/Editor3/components/EditorComponents.stories.jsx[2m > [22m[2mAnswer With Value
[22m[39m[ChatContext] Cleaning up subscriptions
[90mstdout[2m | src/components/Editor3/components/EditorComponents.stories.jsx[2m > [22m[2mAnswer With Value
[22m[39m[Mock Data] Unit.onUpdate() subscription removed. Remaining: 0
[90mstdout[2m | src/components/Editor3/components/EditorComponents.stories.jsx[2m > [22m[2mAnswer With Value
[22m[39m[Preview] Skipped initializing default mock data (initializeMockData=false)
[90mstdout[2m | src/components/Editor3/components/EditorComponents.stories.jsx[2m > [22m[2mAnswer With Value
[22m[39m[Mock Data] seedMockWords: Adding 2 words
[90mstdout[2m | src/components/Editor3/components/EditorComponents.stories.jsx[2m > [22m[2mAnswer With Value
[22m[39m[Mock Data] seedMockUnit: Adding unit answer-with-value-story-unit
[90mstdout[2m | src/components/Editor3/components/EditorComponents.stories.jsx[2m > [22m[2mAnswer With Value
[22m[39m[MOCK CourseVectorStore] Initialized with mock data
[90mstdout[2m | src/components/Editor3/components/EditorComponents.stories.jsx[2m > [22m[2mAnswer With Value
[22m[39m[TranslationModeController] Setting mode to: off
[90mstdout[2m | src/components/Editor3/components/EditorComponents.stories.jsx[2m > [22m[2mAnswer With Value
[22m[39m[UnitContext] useEffect triggered {
  "authLoading": false,
  "hasUser": true,
  "id": "answer-with-value-story-unit",
  "userSub": "mock-user-sub",
}
[90mstdout[2m | src/components/Editor3/components/EditorComponents.stories.jsx[2m > [22m[2mAnswer With Value
[22m[39m[UnitContext] Fetching unit data for id: answer-with-value-story-unit
[90mstdout[2m | src/components/Editor3/components/EditorComponents.stories.jsx[2m > [22m[2mAnswer With Value
[22m[39m[FilesContext] Initializing vector store from IndexedDB
[90mstdout[2m | src/components/Editor3/components/EditorComponents.stories.jsx[2m > [22m[2mAnswer With Value
[22m[39m[FilesContext] fetchFiles called
[90mstdout[2m | src/components/Editor3/components/EditorComponents.stories.jsx[2m > [22m[2mAnswer With Value
[22m[39m[FilesContext] User authenticated: mock-user-sub
[90mstdout[2m | src/components/Editor3/components/EditorComponents.stories.jsx[2m > [22m[2mAnswer With Value
[22m[39m[FilesContext] Identity ID: us-east-1:mock-identity-123
[90mstdout[2m | src/components/Editor3/components/EditorComponents.stories.jsx[2m > [22m[2mAnswer With Value
[22m[39m[FilesContext] About to set up File observeQuery
[90mstdout[2m | src/components/Editor3/components/EditorComponents.stories.jsx[2m > [22m[2mAnswer With Value
[22m[39m[ChatContext] Setting up AssistantChat observeQuery
[90mstdout[2m | src/components/Editor3/components/EditorComponents.stories.jsx[2m > [22m[2mAnswer With Value
[22m[39m[ChatContext] Waiting for subscription to initialize
[90mstdout[2m | src/components/Editor3/components/EditorComponents.stories.jsx[2m > [22m[2mAnswer With Value
[22m[39m[SettingsContext] Setting up Settings subscription for user: mock-user-sub
[90mstdout[2m | src/components/Editor3/components/EditorComponents.stories.jsx[2m > [22m[2mAnswer With Value
[22m[39m[Mock Data] Settings created: mock-settings-1790416204997 - notified 0 subscribers
[90mstdout[2m | src/components/Editor3/components/EditorComponents.stories.jsx[2m > [22m[2mAnswer With Value
[22m[39m[Mock Data] Unit.onUpdate() subscription added. Total: 1
[90mstdout[2m | src/components/Editor3/components/EditorComponents.stories.jsx[2m > [22m[2mAnswer With Value
[22m[39m[SectionContext] Section observeQuery update: 0
[90mstdout[2m | src/components/Editor3/components/EditorComponents.stories.jsx[2m > [22m[2mAnswer With Value
[22m[39m[FilesContext] File observeQuery update: 0 files
[90mstdout[2m | src/components/Editor3/components/EditorComponents.stories.jsx[2m > [22m[2mAnswer With Value
[22m[39m[ChatContext] AssistantChat initialized with 0 chats
[90mstdout[2m | src/components/Editor3/components/EditorComponents.stories.jsx[2m > [22m[2mAnswer With Value
[22m[39m[MOCK CourseVectorStore] Initialized with mock data
[90mstdout[2m | src/components/Editor3/components/EditorComponents.stories.jsx[2m > [22m[2mAnswer With Value
[22m[39m[ChatContext] No current chat available, will create one
[90mstdout[2m | src/components/Editor3/components/EditorComponents.stories.jsx[2m > [22m[2mAnswer With Value
[22m[39m[ChatContext] Creating AssistantChat with user: undefined
[90mstdout[2m | src/components/Editor3/components/EditorComponents.stories.jsx[2m > [22m[2mAnswer With Value
[22m[39m[Mock Data] AssistantChat created: mock-assistantchat-1790416205044 - notified 1 subscribers
[90mstdout[2m | src/components/Editor3/components/EditorComponents.stories.jsx[2m > [22m[2mAnswer With Value
[22m[39m[ChatContext] Create result: {
  "data": {
    "_version": 1,
    "archived": false,
    "chatFiles": [Function anonymous],
    "createdAt": "2026-09-26T09:50:05.044Z",
    "id": "mock-assistantchat-1790416205044",
    "model": "gpt-4",
    "updatedAt": "2026-09-26T09:50:05.044Z",
  },
  "errors": [],
  "hasData": true,
  "hasErrors": true,
}
[90mstdout[2m | src/components/Editor3/components/EditorComponents.stories.jsx[2m > [22m[2mAnswer With Value
[22m[39m[ChatContext] Created AssistantChat: mock-assistantchat-1790416205044 at: 2026-09-26T09:50:05.044Z
[90mstdout[2m | src/components/Editor3/components/EditorComponents.stories.jsx[2m > [22m[2mAnswer With Value
[22m[39m[Mock Storage] downloadData called with: undefined
[90mstdout[2m | src/components/Editor3/components/EditorComponents.stories.jsx[2m > [22m[2mAnswer With Value
[22m[39m[ChatContext] Setting initial chat: mock-assistantchat-1790416205044
[90mstdout[2m | src/components/Editor3/components/EditorComponents.stories.jsx[2m > [22m[2mAnswer With Value
[22m[39m[ChatContext] Chat exists and not archived, skipping creation
[90mstdout[2m | src/components/Editor3/components/EditorComponents.stories.jsx[2m > [22m[2mImage Default
[22m[39m[ChatContext] Cleaning up subscriptions
[90mstdout[2m | src/components/Editor3/components/EditorComponents.stories.jsx[2m > [22m[2mImage Default
[22m[39m[Mock Data] Unit.onUpdate() subscription removed. Remaining: 0
[90mstdout[2m | src/components/Editor3/components/EditorComponents.stories.jsx[2m > [22m[2mImage Default
[22m[39m[Preview] Skipped initializing default mock data (initializeMockData=false)
[90mstdout[2m | src/components/Editor3/components/EditorComponents.stories.jsx[2m > [22m[2mImage Default
[22m[39m[Mock Data] seedMockUnit: Adding unit image-default-story-unit
[90mstdout[2m | src/components/Editor3/components/EditorComponents.stories.jsx[2m > [22m[2mImage Default
[22m[39m[MOCK CourseVectorStore] Initialized with mock data
[90mstdout[2m | src/components/Editor3/components/EditorComponents.stories.jsx[2m > [22m[2mImage Default
[22m[39mMock Cache.getItem called with: getCachedUrl_protected/us-east-1:mock-identity/image-animals/small.webp
[90mstdout[2m | src/components/Editor3/components/EditorComponents.stories.jsx[2m > [22m[2mImage Default
[22m[39mMock Cache.getItem called with: getCachedUrl_protected/us-east-1:mock-identity/image-animals/medium.webp
[90mstdout[2m | src/components/Editor3/components/EditorComponents.stories.jsx[2m > [22m[2mImage Default
[22m[39mMock Cache.getItem called with: getCachedUrl_protected/us-east-1:mock-identity/image-animals/large.webp
[90mstdout[2m | src/components/Editor3/components/EditorComponents.stories.jsx[2m > [22m[2mImage Default
[22m[39m[TranslationModeController] Setting mode to: off
[90mstdout[2m | src/components/Editor3/components/EditorComponents.stories.jsx[2m > [22m[2mImage Default
[22m[39m[UnitContext] useEffect triggered {
  "authLoading": false,
  "hasUser": true,
  "id": "image-default-story-unit",
  "userSub": "mock-user-sub",
}
[90mstdout[2m | src/components/Editor3/components/EditorComponents.stories.jsx[2m > [22m[2mImage Default
[22m[39m[UnitContext] Fetching unit data for id: image-default-story-unit
[90mstdout[2m | src/components/Editor3/components/EditorComponents.stories.jsx[2m > [22m[2mImage Default
[22m[39m[FilesContext] Initializing vector store from IndexedDB
[90mstdout[2m | src/components/Editor3/components/EditorComponents.stories.jsx[2m > [22m[2mImage Default
[22m[39m[FilesContext] fetchFiles called
[90mstdout[2m | src/components/Editor3/components/EditorComponents.stories.jsx[2m > [22m[2mImage Default
[22m[39m[FilesContext] User authenticated: mock-user-sub
[90mstdout[2m | src/components/Editor3/components/EditorComponents.stories.jsx[2m > [22m[2mImage Default
[22m[39m[FilesContext] Identity ID: us-east-1:mock-identity-123
[90mstdout[2m | src/components/Editor3/components/EditorComponents.stories.jsx[2m > [22m[2mImage Default
[22m[39m[FilesContext] About to set up File observeQuery
[90mstdout[2m | src/components/Editor3/components/EditorComponents.stories.jsx[2m > [22m[2mImage Default
[22m[39m[ChatContext] Setting up AssistantChat observeQuery
[90mstdout[2m | src/components/Editor3/components/EditorComponents.stories.jsx[2m > [22m[2mImage Default
[22m[39m[ChatContext] Waiting for subscription to initialize
[90mstdout[2m | src/components/Editor3/components/EditorComponents.stories.jsx[2m > [22m[2mImage Default
[22m[39m[SettingsContext] Setting up Settings subscription for user: mock-user-sub
[90mstdout[2m | src/components/Editor3/components/EditorComponents.stories.jsx[2m > [22m[2mImage Default
[22m[39mMock getUrl called with: protected/us-east-1:mock-identity/image-animals/small.webp
[90mstdout[2m | src/components/Editor3/components/EditorComponents.stories.jsx[2m > [22m[2mImage Default
[22m[39mMock getUrl called with: protected/us-east-1:mock-identity/image-animals/medium.webp
[90mstdout[2m | src/components/Editor3/components/EditorComponents.stories.jsx[2m > [22m[2mImage Default
[22m[39mMock getUrl called with: protected/us-east-1:mock-identity/image-animals/large.webp
[90mstdout[2m | src/components/Editor3/components/EditorComponents.stories.jsx[2m > [22m[2mImage Default
[22m[39m[Mock Data] Settings created: mock-settings-1790416205158 - notified 0 subscribers
[90mstdout[2m | src/components/Editor3/components/EditorComponents.stories.jsx[2m > [22m[2mImage Default
[22m[39mMock Cache.setItem called with: getCachedUrl_protected/us-east-1:mock-identity/image-animals/small.webp protected/us-east-1:mock-identity/image-animals/small.webp
[90mstdout[2m | src/components/Editor3/components/EditorComponents.stories.jsx[2m > [22m[2mImage Default
[22m[39mMock Cache.setItem called with: getCachedUrl_protected/us-east-1:mock-identity/image-animals/medium.webp protected/us-east-1:mock-identity/image-animals/medium.webp
[90mstdout[2m | src/components/Editor3/components/EditorComponents.stories.jsx[2m > [22m[2mImage Default
[22m[39mMock Cache.setItem called with: getCachedUrl_protected/us-east-1:mock-identity/image-animals/large.webp protected/us-east-1:mock-identity/image-animals/large.webp
[90mstdout[2m | src/components/Editor3/components/EditorComponents.stories.jsx[2m > [22m[2mImage Default
[22m[39m[Mock Data] Unit.onUpdate() subscription added. Total: 1
[90mstdout[2m | src/components/Editor3/components/EditorComponents.stories.jsx[2m > [22m[2mImage Default
[22m[39m[SectionContext] Section observeQuery update: 0
[90mstdout[2m | src/components/Editor3/components/EditorComponents.stories.jsx[2m > [22m[2mImage Default
[22m[39m[FilesContext] File observeQuery update: 1 files
[90mstdout[2m | src/components/Editor3/components/EditorComponents.stories.jsx[2m > [22m[2mImage Default
[22m[39m[ChatContext] AssistantChat initialized with 0 chats
[90mstdout[2m | src/components/Editor3/components/EditorComponents.stories.jsx[2m > [22m[2mImage Default
[22m[39m[MOCK CourseVectorStore] Initialized with mock data
[90mstdout[2m | src/components/Editor3/components/EditorComponents.stories.jsx[2m > [22m[2mImage Default
[22m[39m[FilesContext] Vector store population triggered {
  "currentVectorStoreSize": 3,
  "documentsCount": 0,
  "filesCount": 1,
  "isInitialLoad": true,
}
[90mstdout[2m | src/components/Editor3/components/EditorComponents.stories.jsx[2m > [22m[2mImage Default
[22m[39m[FilesContext] Vector store population complete - 3 total embeddings
[90mstdout[2m | src/components/Editor3/components/EditorComponents.stories.jsx[2m > [22m[2mImage Default
[22m[39m[ChatContext] No current chat available, will create one
[90mstdout[2m | src/components/Editor3/components/EditorComponents.stories.jsx[2m > [22m[2mImage Default
[22m[39m[ChatContext] Creating AssistantChat with user: undefined
[90mstdout[2m | src/components/Editor3/components/EditorComponents.stories.jsx[2m > [22m[2mImage Default
[22m[39m[Mock Data] AssistantChat created: mock-assistantchat-1790416205173 - notified 1 subscribers
[90mstdout[2m | src/components/Editor3/components/EditorComponents.stories.jsx[2m > [22m[2mImage Default
[22m[39m[ChatContext] Create result: {
  "data": {
    "_version": 1,
    "archived": false,
    "chatFiles": [Function anonymous],
    "createdAt": "2026-09-26T09:50:05.173Z",
    "id": "mock-assistantchat-1790416205173",
    "model": "gpt-4",
    "updatedAt": "2026-09-26T09:50:05.173Z",
  },
  "errors": [],
  "hasData": true,
  "hasErrors": true,
}
[90mstdout[2m | src/components/Editor3/components/EditorComponents.stories.jsx[2m > [22m[2mImage Default
[22m[39m[ChatContext] Created AssistantChat: mock-assistantchat-1790416205173 at: 2026-09-26T09:50:05.173Z
[90mstdout[2m | src/components/Editor3/components/EditorComponents.stories.jsx[2m > [22m[2mImage Default
[22m[39m[Mock Storage] downloadData called with: undefined
[90mstdout[2m | src/components/Editor3/components/EditorComponents.stories.jsx[2m > [22m[2mImage Default
[22m[39m[ChatContext] Setting initial chat: mock-assistantchat-1790416205173
[90mstdout[2m | src/components/Editor3/components/EditorComponents.stories.jsx[2m > [22m[2mImage Default
[22m[39m[ChatContext] Chat exists and not archived, skipping creation
[90mstdout[2m | src/components/Editor3/components/EditorComponents.stories.jsx[2m > [22m[2mImage With Caption
[22m[39m[ChatContext] Cleaning up subscriptions
[90mstdout[2m | src/components/Editor3/components/EditorComponents.stories.jsx[2m > [22m[2mImage With Caption
[22m[39m[Mock Data] Unit.onUpdate() subscription removed. Remaining: 0
[90mstdout[2m | src/components/Editor3/components/EditorComponents.stories.jsx[2m > [22m[2mImage With Caption
[22m[39m[Preview] Skipped initializing default mock data (initializeMockData=false)
[90mstdout[2m | src/components/Editor3/components/EditorComponents.stories.jsx[2m > [22m[2mImage With Caption
[22m[39m[Mock Data] seedMockUnit: Adding unit image-with-caption-story-unit
[90mstdout[2m | src/components/Editor3/components/EditorComponents.stories.jsx[2m > [22m[2mImage With Caption
[22m[39m[MOCK CourseVectorStore] Initialized with mock data
[90mstdout[2m | src/components/Editor3/components/EditorComponents.stories.jsx[2m > [22m[2mImage With Caption
[22m[39mMock Cache.getItem called with: getCachedUrl_protected/us-east-1:mock-identity/image-piano/small.webp
[90mstdout[2m | src/components/Editor3/components/EditorComponents.stories.jsx[2m > [22m[2mImage With Caption
[22m[39mMock Cache.getItem called with: getCachedUrl_protected/us-east-1:mock-identity/image-piano/medium.webp
[90mstdout[2m | src/components/Editor3/components/EditorComponents.stories.jsx[2m > [22m[2mImage With Caption
[22m[39mMock Cache.getItem called with: getCachedUrl_protected/us-east-1:mock-identity/image-piano/large.webp
[90mstdout[2m | src/components/Editor3/components/EditorComponents.stories.jsx[2m > [22m[2mImage With Caption
[22m[39m[TranslationModeController] Setting mode to: off
[90mstdout[2m | src/components/Editor3/components/EditorComponents.stories.jsx[2m > [22m[2mImage With Caption
[22m[39m[UnitContext] useEffect triggered {
  "authLoading": false,
  "hasUser": true,
  "id": "image-with-caption-story-unit",
  "userSub": "mock-user-sub",
}
[90mstdout[2m | src/components/Editor3/components/EditorComponents.stories.jsx[2m > [22m[2mImage With Caption
[22m[39m[UnitContext] Fetching unit data for id: image-with-caption-story-unit
[90mstdout[2m | src/components/Editor3/components/EditorComponents.stories.jsx[2m > [22m[2mImage With Caption
[22m[39m[FilesContext] Initializing vector store from IndexedDB
[90mstdout[2m | src/components/Editor3/components/EditorComponents.stories.jsx[2m > [22m[2mImage With Caption
[22m[39m[FilesContext] fetchFiles called
[90mstdout[2m | src/components/Editor3/components/EditorComponents.stories.jsx[2m > [22m[2mImage With Caption
[22m[39m[FilesContext] User authenticated: mock-user-sub
[90mstdout[2m | src/components/Editor3/components/EditorComponents.stories.jsx[2m > [22m[2mImage With Caption
[22m[39m[FilesContext] Identity ID: us-east-1:mock-identity-123
[90mstdout[2m | src/components/Editor3/components/EditorComponents.stories.jsx[2m > [22m[2mImage With Caption
[22m[39m[FilesContext] About to set up File observeQuery
[90mstdout[2m | src/components/Editor3/components/EditorComponents.stories.jsx[2m > [22m[2mImage With Caption
[22m[39m[ChatContext] Setting up AssistantChat observeQuery
[90mstdout[2m | src/components/Editor3/components/EditorComponents.stories.jsx[2m > [22m[2mImage With Caption
[22m[39m[ChatContext] Waiting for subscription to initialize
[90mstdout[2m | src/components/Editor3/components/EditorComponents.stories.jsx[2m > [22m[2mImage With Caption
[22m[39m[SettingsContext] Setting up Settings subscription for user: mock-user-sub
[90mstdout[2m | src/components/Editor3/components/EditorComponents.stories.jsx[2m > [22m[2mImage With Caption
[22m[39mMock getUrl called with: protected/us-east-1:mock-identity/image-piano/small.webp
[90mstdout[2m | src/components/Editor3/components/EditorComponents.stories.jsx[2m > [22m[2mImage With Caption
[22m[39mMock getUrl called with: protected/us-east-1:mock-identity/image-piano/medium.webp
[90mstdout[2m | src/components/Editor3/components/EditorComponents.stories.jsx[2m > [22m[2mImage With Caption
[22m[39mMock getUrl called with: protected/us-east-1:mock-identity/image-piano/large.webp
[90mstdout[2m | src/components/Editor3/components/EditorComponents.stories.jsx[2m > [22m[2mImage With Caption
[22m[39m[Mock Data] Settings created: mock-settings-1790416205260 - notified 0 subscribers
[90mstdout[2m | src/components/Editor3/components/EditorComponents.stories.jsx[2m > [22m[2mImage With Caption
[22m[39mMock Cache.setItem called with: getCachedUrl_protected/us-east-1:mock-identity/image-piano/small.webp protected/us-east-1:mock-identity/image-piano/small.webp
[90mstdout[2m | src/components/Editor3/components/EditorComponents.stories.jsx[2m > [22m[2mImage With Caption
[22m[39mMock Cache.setItem called with: getCachedUrl_protected/us-east-1:mock-identity/image-piano/medium.webp protected/us-east-1:mock-identity/image-piano/medium.webp
[90mstdout[2m | src/components/Editor3/components/EditorComponents.stories.jsx[2m > [22m[2mImage With Caption
[22m[39mMock Cache.setItem called with: getCachedUrl_protected/us-east-1:mock-identity/image-piano/large.webp protected/us-east-1:mock-identity/image-piano/large.webp
[90mstdout[2m | src/components/Editor3/components/EditorComponents.stories.jsx[2m > [22m[2mImage With Caption
[22m[39m[Mock Data] Unit.onUpdate() subscription added. Total: 1
[90mstdout[2m | src/components/Editor3/components/EditorComponents.stories.jsx[2m > [22m[2mImage With Caption
[22m[39m[SectionContext] Section observeQuery update: 0
[90mstdout[2m | src/components/Editor3/components/EditorComponents.stories.jsx[2m > [22m[2mImage With Caption
[22m[39m[FilesContext] File observeQuery update: 1 files
[90mstdout[2m | src/components/Editor3/components/EditorComponents.stories.jsx[2m > [22m[2mImage With Caption
[22m[39m[ChatContext] AssistantChat initialized with 0 chats
[90mstdout[2m | src/components/Editor3/components/EditorComponents.stories.jsx[2m > [22m[2mImage With Caption
[22m[39m[Mock Storage] downloadData called with: undefined
[90mstdout[2m | src/components/Editor3/components/EditorComponents.stories.jsx[2m > [22m[2mImage With Caption
[22m[39m[MOCK CourseVectorStore] Initialized with mock data
[90mstdout[2m | src/components/Editor3/components/EditorComponents.stories.jsx[2m > [22m[2mImage With Caption
[22m[39m[FilesContext] Vector store population triggered {
  "currentVectorStoreSize": 3,
  "documentsCount": 0,
  "filesCount": 1,
  "isInitialLoad": true,
}
[90mstdout[2m | src/components/Editor3/components/EditorComponents.stories.jsx[2m > [22m[2mImage With Caption
[22m[39m[FilesContext] Vector store population complete - 3 total embeddings
[90mstdout[2m | src/components/Editor3/components/EditorComponents.stories.jsx[2m > [22m[2mImage With Caption
[22m[39m[ChatContext] No current chat available, will create one
[90mstdout[2m | src/components/Editor3/components/EditorComponents.stories.jsx[2m > [22m[2mImage With Caption
[22m[39m[ChatContext] Creating AssistantChat with user: undefined
[90mstdout[2m | src/components/Editor3/components/EditorComponents.stories.jsx[2m > [22m[2mImage With Caption
[22m[39m[Mock Data] AssistantChat created: mock-assistantchat-1790416205275 - notified 1 subscribers
[90mstdout[2m | src/components/Editor3/components/EditorComponents.stories.jsx[2m > [22m[2mImage With Caption
[22m[39m[ChatContext] Create result: {
  "data": {
    "_version": 1,
    "archived": false,
    "chatFiles": [Function anonymous],
    "createdAt": "2026-09-26T09:50:05.275Z",
    "id": "mock-assistantchat-1790416205275",
    "model": "gpt-4",
    "updatedAt": "2026-09-26T09:50:05.275Z",
  },
  "errors": [],
  "hasData": true,
  "hasErrors": true,
}
[90mstdout[2m | src/components/Editor3/components/EditorComponents.stories.jsx[2m > [22m[2mImage With Caption
[22m[39m[ChatContext] Created AssistantChat: mock-assistantchat-1790416205275 at: 2026-09-26T09:50:05.275Z
[90mstdout[2m | src/components/Editor3/components/EditorComponents.stories.jsx[2m > [22m[2mImage With Caption
[22m[39m[ChatContext] Setting initial chat: mock-assistantchat-1790416205275
[90mstdout[2m | src/components/Editor3/components/EditorComponents.stories.jsx[2m > [22m[2mImage With Caption
[22m[39m[ChatContext] Chat exists and not archived, skipping creation
[90mstdout[2m | src/components/Editor3/components/EditorComponents.stories.jsx[2m > [22m[2mImage Small
[22m[39m[ChatContext] Cleaning up subscriptions
[90mstdout[2m | src/components/Editor3/components/EditorComponents.stories.jsx[2m > [22m[2mImage Small
[22m[39m[Mock Data] Unit.onUpdate() subscription removed. Remaining: 0
[90mstdout[2m | src/components/Editor3/components/EditorComponents.stories.jsx[2m > [22m[2mImage Small
[22m[39m[Preview] Skipped initializing default mock data (initializeMockData=false)
[90mstdout[2m | src/components/Editor3/components/EditorComponents.stories.jsx[2m > [22m[2mImage Small
[22m[39m[Mock Data] seedMockUnit: Adding unit image-small-story-unit
[90mstdout[2m | src/components/Editor3/components/EditorComponents.stories.jsx[2m > [22m[2mImage Small
[22m[39m[MOCK CourseVectorStore] Initialized with mock data
[90mstdout[2m | src/components/Editor3/components/EditorComponents.stories.jsx[2m > [22m[2mImage Small
[22m[39mMock Cache.getItem called with: getCachedUrl_protected/us-east-1:mock-identity/image-meerkat/small.webp
[90mstdout[2m | src/components/Editor3/components/EditorComponents.stories.jsx[2m > [22m[2mImage Small
[22m[39mMock Cache.getItem called with: getCachedUrl_protected/us-east-1:mock-identity/image-meerkat/medium.webp
[90mstdout[2m | src/components/Editor3/components/EditorComponents.stories.jsx[2m > [22m[2mImage Small
[22m[39mMock Cache.getItem called with: getCachedUrl_protected/us-east-1:mock-identity/image-meerkat/large.webp
[90mstdout[2m | src/components/Editor3/components/EditorComponents.stories.jsx[2m > [22m[2mImage Small
[22m[39m[TranslationModeController] Setting mode to: off
[90mstdout[2m | src/components/Editor3/components/EditorComponents.stories.jsx[2m > [22m[2mImage Small
[22m[39m[UnitContext] useEffect triggered {
  "authLoading": false,
  "hasUser": true,
  "id": "image-small-story-unit",
  "userSub": "mock-user-sub",
}
[90mstdout[2m | src/components/Editor3/components/EditorComponents.stories.jsx[2m > [22m[2mImage Small
[22m[39m[UnitContext] Fetching unit data for id: image-small-story-unit
[90mstdout[2m | src/components/Editor3/components/EditorComponents.stories.jsx[2m > [22m[2mImage Small
[22m[39m[FilesContext] Initializing vector store from IndexedDB
[90mstdout[2m | src/components/Editor3/components/EditorComponents.stories.jsx[2m > [22m[2mImage Small
[22m[39m[FilesContext] fetchFiles called
[90mstdout[2m | src/components/Editor3/components/EditorComponents.stories.jsx[2m > [22m[2mImage Small
[22m[39m[FilesContext] User authenticated: mock-user-sub
[90mstdout[2m | src/components/Editor3/components/EditorComponents.stories.jsx[2m > [22m[2mImage Small
[22m[39m[FilesContext] Identity ID: us-east-1:mock-identity-123
[90mstdout[2m | src/components/Editor3/components/EditorComponents.stories.jsx[2m > [22m[2mImage Small
[22m[39m[FilesContext] About to set up File observeQuery
[90mstdout[2m | src/components/Editor3/components/EditorComponents.stories.jsx[2m > [22m[2mImage Small
[22m[39m[ChatContext] Setting up AssistantChat observeQuery
[90mstdout[2m | src/components/Editor3/components/EditorComponents.stories.jsx[2m > [22m[2mImage Small
[22m[39m[ChatContext] Waiting for subscription to initialize
[90mstdout[2m | src/components/Editor3/components/EditorComponents.stories.jsx[2m > [22m[2mImage Small
[22m[39m[SettingsContext] Setting up Settings subscription for user: mock-user-sub
[90mstdout[2m | src/components/Editor3/components/EditorComponents.stories.jsx[2m > [22m[2mImage Small
[22m[39mMock getUrl called with: protected/us-east-1:mock-identity/image-meerkat/small.webp
[90mstdout[2m | src/components/Editor3/components/EditorComponents.stories.jsx[2m > [22m[2mImage Small
[22m[39mMock getUrl called with: protected/us-east-1:mock-identity/image-meerkat/medium.webp
[90mstdout[2m | src/components/Editor3/components/EditorComponents.stories.jsx[2m > [22m[2mImage Small
[22m[39mMock getUrl called with: protected/us-east-1:mock-identity/image-meerkat/large.webp
[90mstdout[2m | src/components/Editor3/components/EditorComponents.stories.jsx[2m > [22m[2mImage Small
[22m[39m[Mock Data] Settings created: mock-settings-1790416205355 - notified 0 subscribers
[90mstdout[2m | src/components/Editor3/components/EditorComponents.stories.jsx[2m > [22m[2mImage Small
[22m[39mMock Cache.setItem called with: getCachedUrl_protected/us-east-1:mock-identity/image-meerkat/small.webp protected/us-east-1:mock-identity/image-meerkat/small.webp
[90mstdout[2m | src/components/Editor3/components/EditorComponents.stories.jsx[2m > [22m[2mImage Small
[22m[39mMock Cache.setItem called with: getCachedUrl_protected/us-east-1:mock-identity/image-meerkat/medium.webp protected/us-east-1:mock-identity/image-meerkat/medium.webp
[90mstdout[2m | src/components/Editor3/components/EditorComponents.stories.jsx[2m > [22m[2mImage Small
[22m[39mMock Cache.setItem called with: getCachedUrl_protected/us-east-1:mock-identity/image-meerkat/large.webp protected/us-east-1:mock-identity/image-meerkat/large.webp
[90mstdout[2m | src/components/Editor3/components/EditorComponents.stories.jsx[2m > [22m[2mImage Small
[22m[39m[Mock Data] Unit.onUpdate() subscription added. Total: 1
[90mstdout[2m | src/components/Editor3/components/EditorComponents.stories.jsx[2m > [22m[2mImage Small
[22m[39m[SectionContext] Section observeQuery update: 0
[90mstdout[2m | src/components/Editor3/components/EditorComponents.stories.jsx[2m > [22m[2mImage Small
[22m[39m[FilesContext] File observeQuery update: 1 files
[90mstdout[2m | src/components/Editor3/components/EditorComponents.stories.jsx[2m > [22m[2mImage Small
[22m[39m[ChatContext] AssistantChat initialized with 0 chats
[90mstdout[2m | src/components/Editor3/components/EditorComponents.stories.jsx[2m > [22m[2mImage Small
[22m[39m[Mock Storage] downloadData called with: undefined
[90mstdout[2m | src/components/Editor3/components/EditorComponents.stories.jsx[2m > [22m[2mImage Small
[22m[39m[MOCK CourseVectorStore] Initialized with mock data
[90mstdout[2m | src/components/Editor3/components/EditorComponents.stories.jsx[2m > [22m[2mImage Small
[22m[39m[FilesContext] Vector store population triggered {
  "currentVectorStoreSize": 3,
  "documentsCount": 0,
  "filesCount": 1,
  "isInitialLoad": true,
}
[90mstdout[2m | src/components/Editor3/components/EditorComponents.stories.jsx[2m > [22m[2mImage Small
[22m[39m[FilesContext] Vector store population complete - 3 total embeddings
[90mstdout[2m | src/components/Editor3/components/EditorComponents.stories.jsx[2m > [22m[2mImage Small
[22m[39m[ChatContext] No current chat available, will create one
[90mstdout[2m | src/components/Editor3/components/EditorComponents.stories.jsx[2m > [22m[2mImage Small
[22m[39m[ChatContext] Creating AssistantChat with user: undefined
[90mstdout[2m | src/components/Editor3/components/EditorComponents.stories.jsx[2m > [22m[2mImage Small
[22m[39m[Mock Data] AssistantChat created: mock-assistantchat-1790416205369 - notified 1 subscribers
[90mstdout[2m | src/components/Editor3/components/EditorComponents.stories.jsx[2m > [22m[2mImage Small
[22m[39m[ChatContext] Create result: {
  "data": {
    "_version": 1,
    "archived": false,
    "chatFiles": [Function anonymous],
    "createdAt": "2026-09-26T09:50:05.369Z",
    "id": "mock-assistantchat-1790416205369",
    "model": "gpt-4",
    "updatedAt": "2026-09-26T09:50:05.369Z",
  },
  "errors": [],
  "hasData": true,
  "hasErrors": true,
}
[90mstdout[2m | src/components/Editor3/components/EditorComponents.stories.jsx[2m > [22m[2mImage Small
[22m[39m[ChatContext] Created AssistantChat: mock-assistantchat-1790416205369 at: 2026-09-26T09:50:05.369Z
[90mstdout[2m | src/components/Editor3/components/EditorComponents.stories.jsx[2m > [22m[2mImage Small
[22m[39m[ChatContext] Setting initial chat: mock-assistantchat-1790416205369
[90mstdout[2m | src/components/Editor3/components/EditorComponents.stories.jsx[2m > [22m[2mImage Small
[22m[39m[ChatContext] Chat exists and not archived, skipping creation
[90mstdout[2m | src/components/Editor3/components/EditorComponents.stories.jsx[2m > [22m[2mAudio Player
[22m[39m[ChatContext] Cleaning up subscriptions
[90mstdout[2m | src/components/Editor3/components/EditorComponents.stories.jsx[2m > [22m[2mAudio Player
[22m[39m[Mock Data] Unit.onUpdate() subscription removed. Remaining: 0
[90mstdout[2m | src/components/Editor3/components/EditorComponents.stories.jsx[2m > [22m[2mAudio Player
[22m[39m[Preview] Skipped initializing default mock data (initializeMockData=false)
[90mstdout[2m | src/components/Editor3/components/EditorComponents.stories.jsx[2m > [22m[2mAudio Player
[22m[39m[Mock Data] seedMockUnit: Adding unit audio-player-story-unit
[90mstdout[2m | src/components/Editor3/components/EditorComponents.stories.jsx[2m > [22m[2mAudio Player
[22m[39m[Mock Data] Adding 1 items to UnitFile
[90mstdout[2m | src/components/Editor3/components/EditorComponents.stories.jsx[2m > [22m[2mAudio Player
[22m[39m[MOCK CourseVectorStore] Initialized with mock data
[90mstdout[2m | src/components/Editor3/components/EditorComponents.stories.jsx[2m > [22m[2mAudio Player
[22m[39m[TranslationModeController] Setting mode to: off
[90mstdout[2m | src/components/Editor3/components/EditorComponents.stories.jsx[2m > [22m[2mAudio Player
[22m[39m[UnitContext] useEffect triggered {
  "authLoading": false,
  "hasUser": true,
  "id": "audio-player-story-unit",
  "userSub": "mock-user-sub",
}
[90mstdout[2m | src/components/Editor3/components/EditorComponents.stories.jsx[2m > [22m[2mAudio Player
[22m[39m[UnitContext] Fetching unit data for id: audio-player-story-unit
[90mstdout[2m | src/components/Editor3/components/EditorComponents.stories.jsx[2m > [22m[2mAudio Player
[22m[39m[FilesContext] Initializing vector store from IndexedDB
[90mstdout[2m | src/components/Editor3/components/EditorComponents.stories.jsx[2m > [22m[2mAudio Player
[22m[39m[FilesContext] fetchFiles called
[90mstdout[2m | src/components/Editor3/components/EditorComponents.stories.jsx[2m > [22m[2mAudio Player
[22m[39m[FilesContext] User authenticated: mock-user-sub
[90mstdout[2m | src/components/Editor3/components/EditorComponents.stories.jsx[2m > [22m[2mAudio Player
[22m[39m[FilesContext] Identity ID: us-east-1:mock-identity-123
[90mstdout[2m | src/components/Editor3/components/EditorComponents.stories.jsx[2m > [22m[2mAudio Player
[22m[39m[FilesContext] About to set up File observeQuery
[90mstdout[2m | src/components/Editor3/components/EditorComponents.stories.jsx[2m > [22m[2mAudio Player
[22m[39m[ChatContext] Setting up AssistantChat observeQuery
[90mstdout[2m | src/components/Editor3/components/EditorComponents.stories.jsx[2m > [22m[2mAudio Player
[22m[39m[ChatContext] Waiting for subscription to initialize
[90mstdout[2m | src/components/Editor3/components/EditorComponents.stories.jsx[2m > [22m[2mAudio Player
[22m[39m[SettingsContext] Setting up Settings subscription for user: mock-user-sub
[90mstdout[2m | src/components/Editor3/components/EditorComponents.stories.jsx[2m > [22m[2mAudio Player
[22m[39m[Mock Data] Settings created: mock-settings-1790416205498 - notified 0 subscribers
[90mstdout[2m | src/components/Editor3/components/EditorComponents.stories.jsx[2m > [22m[2mAudio Player
[22m[39m[Mock Data] Unit.onUpdate() subscription added. Total: 1
[90mstdout[2m | src/components/Editor3/components/EditorComponents.stories.jsx[2m > [22m[2mAudio Player
[22m[39mMock Cache.getItem called with: getCachedUrl_/story-mocks/cinematic-designed-sci-fi-whoosh-transition-nexawave-228295.mp3
[90mstdout[2m | src/components/Editor3/components/EditorComponents.stories.jsx[2m > [22m[2mAudio Player
[22m[39mMock getUrl called with: /story-mocks/cinematic-designed-sci-fi-whoosh-transition-nexawave-228295.mp3
[90mstdout[2m | src/components/Editor3/components/EditorComponents.stories.jsx[2m > [22m[2mAudio Player
[22m[39mMock Cache.setItem called with: getCachedUrl_/story-mocks/cinematic-designed-sci-fi-whoosh-transition-nexawave-228295.mp3 /story-mocks/cinematic-designed-sci-fi-whoosh-transition-nexawave-228295.mp3
[90mstdout[2m | src/components/Editor3/components/EditorComponents.stories.jsx[2m > [22m[2mAudio Player
[22m[39m[SectionContext] Section observeQuery update: 0
[90mstdout[2m | src/components/Editor3/components/EditorComponents.stories.jsx[2m > [22m[2mAudio Player
[22m[39m[FilesContext] File observeQuery update: 1 files
[90mstdout[2m | src/components/Editor3/components/EditorComponents.stories.jsx[2m > [22m[2mAudio Player
[22m[39m[ChatContext] AssistantChat initialized with 0 chats
[90mstdout[2m | src/components/Editor3/components/EditorComponents.stories.jsx[2m > [22m[2mAudio Player
[22m[39m[MOCK CourseVectorStore] Initialized with mock data
[90mstdout[2m | src/components/Editor3/components/EditorComponents.stories.jsx[2m > [22m[2mAudio Player
[22m[39m[FilesContext] Vector store population triggered {
  "currentVectorStoreSize": 3,
  "documentsCount": 0,
  "filesCount": 1,
  "isInitialLoad": true,
}
[90mstdout[2m | src/components/Editor3/components/EditorComponents.stories.jsx[2m > [22m[2mAudio Player
[22m[39m[FilesContext] Vector store population complete - 3 total embeddings
[90mstdout[2m | src/components/Editor3/components/EditorComponents.stories.jsx[2m > [22m[2mAudio Player
[22m[39m[ChatContext] No current chat available, will create one
[90mstdout[2m | src/components/Editor3/components/EditorComponents.stories.jsx[2m > [22m[2mAudio Player
[22m[39m[ChatContext] Creating AssistantChat with user: undefined
[90mstdout[2m | src/components/Editor3/components/EditorComponents.stories.jsx[2m > [22m[2mAudio Player
[22m[39m[Mock Data] AssistantChat created: mock-assistantchat-1790416205594 - notified 1 subscribers
[90mstdout[2m | src/components/Editor3/components/EditorComponents.stories.jsx[2m > [22m[2mAudio Player
[22m[39m[ChatContext] Create result: {
  "data": {
    "_version": 1,
    "archived": false,
    "chatFiles": [Function anonymous],
    "createdAt": "2026-09-26T09:50:05.594Z",
    "id": "mock-assistantchat-1790416205594",
    "model": "gpt-4",
    "updatedAt": "2026-09-26T09:50:05.594Z",
  },
  "errors": [],
  "hasData": true,
  "hasErrors": true,
}
[90mstdout[2m | src/components/Editor3/components/EditorComponents.stories.jsx[2m > [22m[2mAudio Player
[22m[39m[ChatContext] Created AssistantChat: mock-assistantchat-1790416205594 at: 2026-09-26T09:50:05.594Z
[90mstdout[2m | src/components/Editor3/components/EditorComponents.stories.jsx[2m > [22m[2mAudio Player
[22m[39m[Mock Storage] downloadData called with: undefined
[90mstdout[2m | src/components/Editor3/components/EditorComponents.stories.jsx[2m > [22m[2mAudio Player
[22m[39m[ChatContext] Setting initial chat: mock-assistantchat-1790416205594
[90mstdout[2m | src/components/Editor3/components/EditorComponents.stories.jsx[2m > [22m[2mAudio Player
[22m[39m[ChatContext] Chat exists and not archived, skipping creation
[90mstdout[2m | src/components/Editor3/components/EditorComponents.stories.jsx[2m > [22m[2mAudio Player Long Whoosh
[22m[39m[ChatContext] Cleaning up subscriptions
[90mstdout[2m | src/components/Editor3/components/EditorComponents.stories.jsx[2m > [22m[2mAudio Player Long Whoosh
[22m[39m[Mock Data] Unit.onUpdate() subscription removed. Remaining: 0
[90mstdout[2m | src/components/Editor3/components/EditorComponents.stories.jsx[2m > [22m[2mAudio Player Long Whoosh
[22m[39m[Preview] Skipped initializing default mock data (initializeMockData=false)
[90mstdout[2m | src/components/Editor3/components/EditorComponents.stories.jsx[2m > [22m[2mAudio Player Long Whoosh
[22m[39m[Mock Data] seedMockUnit: Adding unit audio-long-whoosh-story-unit
[90mstdout[2m | src/components/Editor3/components/EditorComponents.stories.jsx[2m > [22m[2mAudio Player Long Whoosh
[22m[39m[Mock Data] Adding 1 items to UnitFile
[90mstdout[2m | src/components/Editor3/components/EditorComponents.stories.jsx[2m > [22m[2mAudio Player Long Whoosh
[22m[39m[MOCK CourseVectorStore] Initialized with mock data
[90mstdout[2m | src/components/Editor3/components/EditorComponents.stories.jsx[2m > [22m[2mAudio Player Long Whoosh
[22m[39m[TranslationModeController] Setting mode to: off
[90mstdout[2m | src/components/Editor3/components/EditorComponents.stories.jsx[2m > [22m[2mAudio Player Long Whoosh
[22m[39m[UnitContext] useEffect triggered {
  "authLoading": false,
  "hasUser": true,
  "id": "audio-long-whoosh-story-unit",
  "userSub": "mock-user-sub",
}
[90mstdout[2m | src/components/Editor3/components/EditorComponents.stories.jsx[2m > [22m[2mAudio Player Long Whoosh
[22m[39m[UnitContext] Fetching unit data for id: audio-long-whoosh-story-unit
[90mstdout[2m | src/components/Editor3/components/EditorComponents.stories.jsx[2m > [22m[2mAudio Player Long Whoosh
[22m[39m[FilesContext] Initializing vector store from IndexedDB
[90mstdout[2m | src/components/Editor3/components/EditorComponents.stories.jsx[2m > [22m[2mAudio Player Long Whoosh
[22m[39m[FilesContext] fetchFiles called
[90mstdout[2m | src/components/Editor3/components/EditorComponents.stories.jsx[2m > [22m[2mAudio Player Long Whoosh
[22m[39m[FilesContext] User authenticated: mock-user-sub
[90mstdout[2m | src/components/Editor3/components/EditorComponents.stories.jsx[2m > [22m[2mAudio Player Long Whoosh
[22m[39m[FilesContext] Identity ID: us-east-1:mock-identity-123
[90mstdout[2m | src/components/Editor3/components/EditorComponents.stories.jsx[2m > [22m[2mAudio Player Long Whoosh
[22m[39m[FilesContext] About to set up File observeQuery
[90mstdout[2m | src/components/Editor3/components/EditorComponents.stories.jsx[2m > [22m[2mAudio Player Long Whoosh
[22m[39m[ChatContext] Setting up AssistantChat observeQuery
[90mstdout[2m | src/components/Editor3/components/EditorComponents.stories.jsx[2m > [22m[2mAudio Player Long Whoosh
[22m[39m[ChatContext] Waiting for subscription to initialize
[90mstdout[2m | src/components/Editor3/components/EditorComponents.stories.jsx[2m > [22m[2mAudio Player Long Whoosh
[22m[39m[SettingsContext] Setting up Settings subscription for user: mock-user-sub
[90mstdout[2m | src/components/Editor3/components/EditorComponents.stories.jsx[2m > [22m[2mAudio Player Long Whoosh
[22m[39m[Mock Data] Settings created: mock-settings-1790416205937 - notified 0 subscribers
[90mstdout[2m | src/components/Editor3/components/EditorComponents.stories.jsx[2m > [22m[2mAudio Player Long Whoosh
[22m[39m[Mock Data] Unit.onUpdate() subscription added. Total: 1
[90mstdout[2m | src/components/Editor3/components/EditorComponents.stories.jsx[2m > [22m[2mAudio Player Long Whoosh
[22m[39mMock Cache.getItem called with: getCachedUrl_/story-mocks/descent-whoosh-long-cinematic-sound-effect-405921.mp3
[90mstdout[2m | src/components/Editor3/components/EditorComponents.stories.jsx[2m > [22m[2mAudio Player Long Whoosh
[22m[39mMock getUrl called with: /story-mocks/descent-whoosh-long-cinematic-sound-effect-405921.mp3
[90mstdout[2m | src/components/Editor3/components/EditorComponents.stories.jsx[2m > [22m[2mAudio Player Long Whoosh
[22m[39mMock Cache.setItem called with: getCachedUrl_/story-mocks/descent-whoosh-long-cinematic-sound-effect-405921.mp3 /story-mocks/descent-whoosh-long-cinematic-sound-effect-405921.mp3
[90mstdout[2m | src/components/Editor3/components/EditorComponents.stories.jsx[2m > [22m[2mAudio Player Long Whoosh
[22m[39m[SectionContext] Section observeQuery update: 0
[90mstdout[2m | src/components/Editor3/components/EditorComponents.stories.jsx[2m > [22m[2mAudio Player Long Whoosh
[22m[39m[FilesContext] File observeQuery update: 1 files
[90mstdout[2m | src/components/Editor3/components/EditorComponents.stories.jsx[2m > [22m[2mAudio Player Long Whoosh
[22m[39m[ChatContext] AssistantChat initialized with 0 chats
[90mstdout[2m | src/components/Editor3/components/EditorComponents.stories.jsx[2m > [22m[2mAudio Player Long Whoosh
[22m[39m[MOCK CourseVectorStore] Initialized with mock data
[90mstdout[2m | src/components/Editor3/components/EditorComponents.stories.jsx[2m > [22m[2mAudio Player Long Whoosh
[22m[39m[FilesContext] Vector store population triggered {
  "currentVectorStoreSize": 3,
  "documentsCount": 0,
  "filesCount": 1,
  "isInitialLoad": true,
}
[90mstdout[2m | src/components/Editor3/components/EditorComponents.stories.jsx[2m > [22m[2mAudio Player Long Whoosh
[22m[39m[FilesContext] Vector store population complete - 3 total embeddings
[90mstdout[2m | src/components/Editor3/components/EditorComponents.stories.jsx[2m > [22m[2mAudio Player Long Whoosh
[22m[39m[ChatContext] No current chat available, will create one
[90mstdout[2m | src/components/Editor3/components/EditorComponents.stories.jsx[2m > [22m[2mAudio Player Long Whoosh
[22m[39m[ChatContext] Creating AssistantChat with user: undefined
[90mstdout[2m | src/components/Editor3/components/EditorComponents.stories.jsx[2m > [22m[2mAudio Player Long Whoosh
[22m[39m[Mock Data] AssistantChat created: mock-assistantchat-1790416206006 - notified 1 subscribers
[90mstdout[2m | src/components/Editor3/components/EditorComponents.stories.jsx[2m > [22m[2mAudio Player Long Whoosh
[22m[39m[ChatContext] Create result: {
  "data": {
    "_version": 1,
    "archived": false,
    "chatFiles": [Function anonymous],
    "createdAt": "2026-09-26T09:50:06.006Z",
    "id": "mock-assistantchat-1790416206006",
    "model": "gpt-4",
    "updatedAt": "2026-09-26T09:50:06.006Z",
  },
  "errors": [],
  "hasData": true,
  "hasErrors": true,
}
[90mstdout[2m | src/components/Editor3/components/EditorComponents.stories.jsx[2m > [22m[2mAudio Player Long Whoosh
[22m[39m[ChatContext] Created AssistantChat: mock-assistantchat-1790416206006 at: 2026-09-26T09:50:06.006Z
[90mstdout[2m | src/components/Editor3/components/EditorComponents.stories.jsx[2m > [22m[2mAudio Player Long Whoosh
[22m[39m[Mock Storage] downloadData called with: undefined
[90mstdout[2m | src/components/Editor3/components/EditorComponents.stories.jsx[2m > [22m[2mAudio Player Long Whoosh
[22m[39m[ChatContext] Setting initial chat: mock-assistantchat-1790416206006
[90mstdout[2m | src/components/Editor3/components/EditorComponents.stories.jsx[2m > [22m[2mAudio Player Long Whoosh
[22m[39m[ChatContext] Chat exists and not archived, skipping creation
[90mstdout[2m | src/components/Editor3/components/EditorComponents.stories.jsx[2m > [22m[2mAudio Compact Recorder
[22m[39m[ChatContext] Cleaning up subscriptions
[90mstdout[2m | src/components/Editor3/components/EditorComponents.stories.jsx[2m > [22m[2mAudio Compact Recorder
[22m[39m[Mock Data] Unit.onUpdate() subscription removed. Remaining: 0
[90mstdout[2m | src/components/Editor3/components/EditorComponents.stories.jsx[2m > [22m[2mAudio Compact Recorder
[22m[39m[Preview] Skipped initializing default mock data (initializeMockData=false)
[90mstdout[2m | src/components/Editor3/components/EditorComponents.stories.jsx[2m > [22m[2mAudio Compact Recorder
[22m[39m[Mock Data] seedMockUnit: Adding unit audio-long-whoosh-story-unit
[90mstdout[2m | src/components/Editor3/components/EditorComponents.stories.jsx[2m > [22m[2mAudio Compact Recorder
[22m[39m[Mock Data] Adding 1 items to UnitFile
[90mstdout[2m | src/components/Editor3/components/EditorComponents.stories.jsx[2m > [22m[2mAudio Compact Recorder
[22m[39m[MOCK CourseVectorStore] Initialized with mock data
[90mstdout[2m | src/components/Editor3/components/EditorComponents.stories.jsx[2m > [22m[2mAudio Compact Recorder
[22m[39m[TranslationModeController] Setting mode to: off
[90mstdout[2m | src/components/Editor3/components/EditorComponents.stories.jsx[2m > [22m[2mAudio Compact Recorder
[22m[39m[UnitContext] useEffect triggered {
  "authLoading": false,
  "hasUser": true,
  "id": "audio-long-whoosh-story-unit",
  "userSub": "mock-user-sub",
}
[90mstdout[2m | src/components/Editor3/components/EditorComponents.stories.jsx[2m > [22m[2mAudio Compact Recorder
[22m[39m[UnitContext] Fetching unit data for id: audio-long-whoosh-story-unit
[90mstdout[2m | src/components/Editor3/components/EditorComponents.stories.jsx[2m > [22m[2mAudio Compact Recorder
[22m[39m[FilesContext] Initializing vector store from IndexedDB
[90mstdout[2m | src/components/Editor3/components/EditorComponents.stories.jsx[2m > [22m[2mAudio Compact Recorder
[22m[39m[FilesContext] fetchFiles called
[90mstdout[2m | src/components/Editor3/components/EditorComponents.stories.jsx[2m > [22m[2mAudio Compact Recorder
[22m[39m[FilesContext] User authenticated: mock-user-sub
[90mstdout[2m | src/components/Editor3/components/EditorComponents.stories.jsx[2m > [22m[2mAudio Compact Recorder
[22m[39m[FilesContext] Identity ID: us-east-1:mock-identity-123
[90mstdout[2m | src/components/Editor3/components/EditorComponents.stories.jsx[2m > [22m[2mAudio Compact Recorder
[22m[39m[FilesContext] About to set up File observeQuery
[90mstdout[2m | src/components/Editor3/components/EditorComponents.stories.jsx[2m > [22m[2mAudio Compact Recorder
[22m[39m[ChatContext] Setting up AssistantChat observeQuery
[90mstdout[2m | src/components/Editor3/components/EditorComponents.stories.jsx[2m > [22m[2mAudio Compact Recorder
[22m[39m[ChatContext] Waiting for subscription to initialize
[90mstdout[2m | src/components/Editor3/components/EditorComponents.stories.jsx[2m > [22m[2mAudio Compact Recorder
[22m[39m[SettingsContext] Setting up Settings subscription for user: mock-user-sub
[90mstdout[2m | src/components/Editor3/components/EditorComponents.stories.jsx[2m > [22m[2mAudio Compact Recorder
[22m[39m[Mock Data] Settings created: mock-settings-1790416206293 - notified 0 subscribers
[90mstdout[2m | src/components/Editor3/components/EditorComponents.stories.jsx[2m > [22m[2mAudio Compact Recorder
[22m[39m[Mock Data] Unit.onUpdate() subscription added. Total: 1
[90mstdout[2m | src/components/Editor3/components/EditorComponents.stories.jsx[2m > [22m[2mAudio Compact Recorder
[22m[39mMock Cache.getItem called with: getCachedUrl_/story-mocks/descent-whoosh-long-cinematic-sound-effect-405921.mp3
[90mstdout[2m | src/components/Editor3/components/EditorComponents.stories.jsx[2m > [22m[2mAudio Compact Recorder
[22m[39mMock getUrl called with: /story-mocks/descent-whoosh-long-cinematic-sound-effect-405921.mp3
[90mstdout[2m | src/components/Editor3/components/EditorComponents.stories.jsx[2m > [22m[2mAudio Compact Recorder
[22m[39mMock Cache.setItem called with: getCachedUrl_/story-mocks/descent-whoosh-long-cinematic-sound-effect-405921.mp3 /story-mocks/descent-whoosh-long-cinematic-sound-effect-405921.mp3
[90mstdout[2m | src/components/Editor3/components/EditorComponents.stories.jsx[2m > [22m[2mAudio Compact Recorder
[22m[39m[SectionContext] Section observeQuery update: 0
[90mstdout[2m | src/components/Editor3/components/EditorComponents.stories.jsx[2m > [22m[2mAudio Compact Recorder
[22m[39m[FilesContext] File observeQuery update: 1 files
[90mstdout[2m | src/components/Editor3/components/EditorComponents.stories.jsx[2m > [22m[2mAudio Compact Recorder
[22m[39m[ChatContext] AssistantChat initialized with 0 chats
[90mstdout[2m | src/components/Editor3/components/EditorComponents.stories.jsx[2m > [22m[2mAudio Compact Recorder
[22m[39m[MOCK CourseVectorStore] Initialized with mock data
[90mstdout[2m | src/components/Editor3/components/EditorComponents.stories.jsx[2m > [22m[2mAudio Compact Recorder
[22m[39m[AudioPlayerContext] Loading new source: /story-mocks/descent-whoosh-long-cinematic-sound-e...
[90mstdout[2m | src/components/Editor3/components/EditorComponents.stories.jsx[2m > [22m[2mAudio Compact Recorder
[22m[39m[FilesContext] Vector store population triggered {
  "currentVectorStoreSize": 3,
  "documentsCount": 0,
  "filesCount": 1,
  "isInitialLoad": true,
}
[90mstdout[2m | src/components/Editor3/components/EditorComponents.stories.jsx[2m > [22m[2mAudio Compact Recorder
[22m[39m[FilesContext] Vector store population complete - 3 total embeddings
[90mstdout[2m | src/components/Editor3/components/EditorComponents.stories.jsx[2m > [22m[2mAudio Compact Recorder
[22m[39m[ChatContext] No current chat available, will create one
[90mstdout[2m | src/components/Editor3/components/EditorComponents.stories.jsx[2m > [22m[2mAudio Compact Recorder
[22m[39m[ChatContext] Creating AssistantChat with user: undefined
[90mstdout[2m | src/components/Editor3/components/EditorComponents.stories.jsx[2m > [22m[2mAudio Compact Recorder
[22m[39m[Mock Data] AssistantChat created: mock-assistantchat-1790416206345 - notified 1 subscribers
[90mstdout[2m | src/components/Editor3/components/EditorComponents.stories.jsx[2m > [22m[2mAudio Compact Recorder
[22m[39m[ChatContext] Create result: {
  "data": {
    "_version": 1,
    "archived": false,
    "chatFiles": [Function anonymous],
    "createdAt": "2026-09-26T09:50:06.345Z",
    "id": "mock-assistantchat-1790416206345",
    "model": "gpt-4",
    "updatedAt": "2026-09-26T09:50:06.345Z",
  },
  "errors": [],
  "hasData": true,
  "hasErrors": true,
}
[90mstdout[2m | src/components/Editor3/components/EditorComponents.stories.jsx[2m > [22m[2mAudio Compact Recorder
[22m[39m[ChatContext] Created AssistantChat: mock-assistantchat-1790416206345 at: 2026-09-26T09:50:06.345Z
[90mstdout[2m | src/components/Editor3/components/EditorComponents.stories.jsx[2m > [22m[2mAudio Compact Recorder
[22m[39m[Mock Storage] downloadData called with: undefined
[90mstdout[2m | src/components/Editor3/components/EditorComponents.stories.jsx[2m > [22m[2mAudio Compact Recorder
[22m[39m[ChatContext] Setting initial chat: mock-assistantchat-1790416206345
[90mstdout[2m | src/components/Editor3/components/EditorComponents.stories.jsx[2m > [22m[2mAudio Compact Recorder
[22m[39m[ChatContext] Chat exists and not archived, skipping creation
[90mstdout[2m | src/components/Editor3/components/EditorComponents.stories.jsx[2m > [22m[2mAudio Player SFX
[22m[39m[ChatContext] Cleaning up subscriptions
[90mstdout[2m | src/components/Editor3/components/EditorComponents.stories.jsx[2m > [22m[2mAudio Player SFX
[22m[39m[Mock Data] Unit.onUpdate() subscription removed. Remaining: 0
[90mstdout[2m | src/components/Editor3/components/EditorComponents.stories.jsx[2m > [22m[2mAudio Player SFX
[22m[39m[Preview] Skipped initializing default mock data (initializeMockData=false)
[90mstdout[2m | src/components/Editor3/components/EditorComponents.stories.jsx[2m > [22m[2mAudio Player SFX
[22m[39m[Mock Data] seedMockUnit: Adding unit audio-sfx-story-unit
[90mstdout[2m | src/components/Editor3/components/EditorComponents.stories.jsx[2m > [22m[2mAudio Player SFX
[22m[39m[Mock Data] Adding 1 items to UnitFile
[90mstdout[2m | src/components/Editor3/components/EditorComponents.stories.jsx[2m > [22m[2mAudio Player SFX
[22m[39m[MOCK CourseVectorStore] Initialized with mock data
[90mstdout[2m | src/components/Editor3/components/EditorComponents.stories.jsx[2m > [22m[2mAudio Player SFX
[22m[39m[TranslationModeController] Setting mode to: off
[90mstdout[2m | src/components/Editor3/components/EditorComponents.stories.jsx[2m > [22m[2mAudio Player SFX
[22m[39m[UnitContext] useEffect triggered {
  "authLoading": false,
  "hasUser": true,
  "id": "audio-sfx-story-unit",
  "userSub": "mock-user-sub",
}
[90mstdout[2m | src/components/Editor3/components/EditorComponents.stories.jsx[2m > [22m[2mAudio Player SFX
[22m[39m[UnitContext] Fetching unit data for id: audio-sfx-story-unit
[90mstdout[2m | src/components/Editor3/components/EditorComponents.stories.jsx[2m > [22m[2mAudio Player SFX
[22m[39m[FilesContext] Initializing vector store from IndexedDB
[90mstdout[2m | src/components/Editor3/components/EditorComponents.stories.jsx[2m > [22m[2mAudio Player SFX
[22m[39m[FilesContext] fetchFiles called
[90mstdout[2m | src/components/Editor3/components/EditorComponents.stories.jsx[2m > [22m[2mAudio Player SFX
[22m[39m[FilesContext] User authenticated: mock-user-sub
[90mstdout[2m | src/components/Editor3/components/EditorComponents.stories.jsx[2m > [22m[2mAudio Player SFX
[22m[39m[FilesContext] Identity ID: us-east-1:mock-identity-123
[90mstdout[2m | src/components/Editor3/components/EditorComponents.stories.jsx[2m > [22m[2mAudio Player SFX
[22m[39m[FilesContext] About to set up File observeQuery
[90mstdout[2m | src/components/Editor3/components/EditorComponents.stories.jsx[2m > [22m[2mAudio Player SFX
[22m[39m[ChatContext] Setting up AssistantChat observeQuery
[90mstdout[2m | src/components/Editor3/components/EditorComponents.stories.jsx[2m > [22m[2mAudio Player SFX
[22m[39m[ChatContext] Waiting for subscription to initialize
[90mstdout[2m | src/components/Editor3/components/EditorComponents.stories.jsx[2m > [22m[2mAudio Player SFX
[22m[39m[SettingsContext] Setting up Settings subscription for user: mock-user-sub
[90mstdout[2m | src/components/Editor3/components/EditorComponents.stories.jsx[2m > [22m[2mAudio Player SFX
[22m[39m[Mock Data] Settings created: mock-settings-1790416206524 - notified 0 subscribers
[90mstdout[2m | src/components/Editor3/components/EditorComponents.stories.jsx[2m > [22m[2mAudio Player SFX
[22m[39m[Mock Data] Unit.onUpdate() subscription added. Total: 1
[90mstdout[2m | src/components/Editor3/components/EditorComponents.stories.jsx[2m > [22m[2mAudio Player SFX
[22m[39mMock Cache.getItem called with: getCachedUrl_/story-mocks/sound-design-elements-sfx-ps-022-302865.mp3
[90mstdout[2m | src/components/Editor3/components/EditorComponents.stories.jsx[2m > [22m[2mAudio Player SFX
[22m[39mMock getUrl called with: /story-mocks/sound-design-elements-sfx-ps-022-302865.mp3
[90mstdout[2m | src/components/Editor3/components/EditorComponents.stories.jsx[2m > [22m[2mAudio Player SFX
[22m[39mMock Cache.setItem called with: getCachedUrl_/story-mocks/sound-design-elements-sfx-ps-022-302865.mp3 /story-mocks/sound-design-elements-sfx-ps-022-302865.mp3
[90mstdout[2m | src/components/Editor3/components/EditorComponents.stories.jsx[2m > [22m[2mAudio Player SFX
[22m[39m[SectionContext] Section observeQuery update: 0
[90mstdout[2m | src/components/Editor3/components/EditorComponents.stories.jsx[2m > [22m[2mAudio Player SFX
[22m[39m[FilesContext] File observeQuery update: 1 files
[90mstdout[2m | src/components/Editor3/components/EditorComponents.stories.jsx[2m > [22m[2mAudio Player SFX
[22m[39m[ChatContext] AssistantChat initialized with 0 chats
[90mstdout[2m | src/components/Editor3/components/EditorComponents.stories.jsx[2m > [22m[2mAudio Player SFX
[22m[39m[MOCK CourseVectorStore] Initialized with mock data
[90mstdout[2m | src/components/Editor3/components/EditorComponents.stories.jsx[2m > [22m[2mAudio Player SFX
[22m[39m[FilesContext] Vector store population triggered {
  "currentVectorStoreSize": 3,
  "documentsCount": 0,
  "filesCount": 1,
  "isInitialLoad": true,
}
[90mstdout[2m | src/components/Editor3/components/EditorComponents.stories.jsx[2m > [22m[2mAudio Player SFX
[22m[39m[FilesContext] Vector store population complete - 3 total embeddings
[90mstdout[2m | src/components/Editor3/components/EditorComponents.stories.jsx[2m > [22m[2mAudio Player SFX
[22m[39m[ChatContext] No current chat available, will create one
[90mstdout[2m | src/components/Editor3/components/EditorComponents.stories.jsx[2m > [22m[2mAudio Player SFX
[22m[39m[ChatContext] Creating AssistantChat with user: undefined
[90mstdout[2m | src/components/Editor3/components/EditorComponents.stories.jsx[2m > [22m[2mAudio Player SFX
[22m[39m[Mock Data] AssistantChat created: mock-assistantchat-1790416206579 - notified 1 subscribers
[90mstdout[2m | src/components/Editor3/components/EditorComponents.stories.jsx[2m > [22m[2mAudio Player SFX
[22m[39m[ChatContext] Create result: {
  "data": {
    "_version": 1,
    "archived": false,
    "chatFiles": [Function anonymous],
    "createdAt": "2026-09-26T09:50:06.579Z",
    "id": "mock-assistantchat-1790416206579",
    "model": "gpt-4",
    "updatedAt": "2026-09-26T09:50:06.579Z",
  },
  "errors": [],
  "hasData": true,
  "hasErrors": true,
}
[90mstdout[2m | src/components/Editor3/components/EditorComponents.stories.jsx[2m > [22m[2mAudio Player SFX
[22m[39m[ChatContext] Created AssistantChat: mock-assistantchat-1790416206579 at: 2026-09-26T09:50:06.579Z
[90mstdout[2m | src/components/Editor3/components/EditorComponents.stories.jsx[2m > [22m[2mAudio Player SFX
[22m[39m[Mock Storage] downloadData called with: undefined
[90mstdout[2m | src/components/Editor3/components/EditorComponents.stories.jsx[2m > [22m[2mAudio Player SFX
[22m[39m[ChatContext] Setting initial chat: mock-assistantchat-1790416206579
[90mstdout[2m | src/components/Editor3/components/EditorComponents.stories.jsx[2m > [22m[2mAudio Player SFX
[22m[39m[ChatContext] Chat exists and not archived, skipping creation
[90mstdout[2m | src/components/Editor3/components/EditorComponents.stories.jsx[2m > [22m[2mVideo Player Component
[22m[39m[ChatContext] Cleaning up subscriptions
[90mstdout[2m | src/components/Editor3/components/EditorComponents.stories.jsx[2m > [22m[2mVideo Player Component
[22m[39m[Mock Data] Unit.onUpdate() subscription removed. Remaining: 0
[90mstdout[2m | src/components/Editor3/components/EditorComponents.stories.jsx[2m > [22m[2mVideo Player Component
[22m[39m[Preview] Skipped initializing default mock data (initializeMockData=false)
[90mstdout[2m | src/components/Editor3/components/EditorComponents.stories.jsx[2m > [22m[2mVideo Player Component
[22m[39m[Mock Data] seedMockUnit: Adding unit video-player-story-unit
[90mstdout[2m | src/components/Editor3/components/EditorComponents.stories.jsx[2m > [22m[2mVideo Player Component
[22m[39m[Mock Data] Adding 1 items to UnitFile
[90mstdout[2m | src/components/Editor3/components/EditorComponents.stories.jsx[2m > [22m[2mVideo Player Component
[22m[39m[MOCK CourseVectorStore] Initialized with mock data
[90mstdout[2m | src/components/Editor3/components/EditorComponents.stories.jsx[2m > [22m[2mVideo Player Component
[22m[39m[TranslationModeController] Setting mode to: off
[90mstdout[2m | src/components/Editor3/components/EditorComponents.stories.jsx[2m > [22m[2mVideo Player Component
[22m[39m[UnitContext] useEffect triggered {
  "authLoading": false,
  "hasUser": true,
  "id": "video-player-story-unit",
  "userSub": "mock-user-sub",
}
[90mstdout[2m | src/components/Editor3/components/EditorComponents.stories.jsx[2m > [22m[2mVideo Player Component
[22m[39m[UnitContext] Fetching unit data for id: video-player-story-unit
[90mstdout[2m | src/components/Editor3/components/EditorComponents.stories.jsx[2m > [22m[2mVideo Player Component
[22m[39m[FilesContext] Initializing vector store from IndexedDB
[90mstdout[2m | src/components/Editor3/components/EditorComponents.stories.jsx[2m > [22m[2mVideo Player Component
[22m[39m[FilesContext] fetchFiles called
[90mstdout[2m | src/components/Editor3/components/EditorComponents.stories.jsx[2m > [22m[2mVideo Player Component
[22m[39m[FilesContext] User authenticated: mock-user-sub
[90mstdout[2m | src/components/Editor3/components/EditorComponents.stories.jsx[2m > [22m[2mVideo Player Component
[22m[39m[FilesContext] Identity ID: us-east-1:mock-identity-123
[90mstdout[2m | src/components/Editor3/components/EditorComponents.stories.jsx[2m > [22m[2mVideo Player Component
[22m[39m[FilesContext] About to set up File observeQuery
[90mstdout[2m | src/components/Editor3/components/EditorComponents.stories.jsx[2m > [22m[2mVideo Player Component
[22m[39m[ChatContext] Setting up AssistantChat observeQuery
[90mstdout[2m | src/components/Editor3/components/EditorComponents.stories.jsx[2m > [22m[2mVideo Player Component
[22m[39m[ChatContext] Waiting for subscription to initialize
[90mstdout[2m | src/components/Editor3/components/EditorComponents.stories.jsx[2m > [22m[2mVideo Player Component
[22m[39m[SettingsContext] Setting up Settings subscription for user: mock-user-sub
[90mstdout[2m | src/components/Editor3/components/EditorComponents.stories.jsx[2m > [22m[2mVideo Player Component
[22m[39m[Mock Data] Settings created: mock-settings-1790416206875 - notified 0 subscribers
[90mstdout[2m | src/components/Editor3/components/EditorComponents.stories.jsx[2m > [22m[2mVideo Player Component
[22m[39m[Mock Data] Unit.onUpdate() subscription added. Total: 1
[90mstdout[2m | src/components/Editor3/components/EditorComponents.stories.jsx[2m > [22m[2mVideo Player Component
[22m[39mMock Cache.getItem called with: getCachedUrl_/story-mocks/326739_medium.mp4
[90mstdout[2m | src/components/Editor3/components/EditorComponents.stories.jsx[2m > [22m[2mVideo Player Component
[22m[39mMock getUrl called with: /story-mocks/326739_medium.mp4
[90mstdout[2m | src/components/Editor3/components/EditorComponents.stories.jsx[2m > [22m[2mVideo Player Component
[22m[39mMock Cache.setItem called with: getCachedUrl_/story-mocks/326739_medium.mp4 /story-mocks/326739_medium.mp4
[90mstdout[2m | src/components/Editor3/components/EditorComponents.stories.jsx[2m > [22m[2mVideo Player Component
[22m[39m[SectionContext] Section observeQuery update: 0
[90mstdout[2m | src/components/Editor3/components/EditorComponents.stories.jsx[2m > [22m[2mVideo Player Component
[22m[39m[FilesContext] File observeQuery update: 1 files
[90mstdout[2m | src/components/Editor3/components/EditorComponents.stories.jsx[2m > [22m[2mVideo Player Component
[22m[39m[ChatContext] AssistantChat initialized with 0 chats
[90mstdout[2m | src/components/Editor3/components/EditorComponents.stories.jsx[2m > [22m[2mVideo Player Component
[22m[39m[MOCK CourseVectorStore] Initialized with mock data
[90mstdout[2m | src/components/Editor3/components/EditorComponents.stories.jsx[2m > [22m[2mVideo Player Component
[22m[39m[FilesContext] Vector store population triggered {
  "currentVectorStoreSize": 3,
  "documentsCount": 0,
  "filesCount": 1,
  "isInitialLoad": true,
}
[90mstdout[2m | src/components/Editor3/components/EditorComponents.stories.jsx[2m > [22m[2mVideo Player Component
[22m[39m[FilesContext] Vector store population complete - 3 total embeddings
[90mstdout[2m | src/components/Editor3/components/EditorComponents.stories.jsx[2m > [22m[2mVideo Player Component
[22m[39m[ChatContext] No current chat available, will create one
[90mstdout[2m | src/components/Editor3/components/EditorComponents.stories.jsx[2m > [22m[2mVideo Player Component
[22m[39m[ChatContext] Creating AssistantChat with user: undefined
[90mstdout[2m | src/components/Editor3/components/EditorComponents.stories.jsx[2m > [22m[2mVideo Player Component
[22m[39m[Mock Data] AssistantChat created: mock-assistantchat-1790416206937 - notified 1 subscribers
[90mstdout[2m | src/components/Editor3/components/EditorComponents.stories.jsx[2m > [22m[2mVideo Player Component
[22m[39m[ChatContext] Create result: {
  "data": {
    "_version": 1,
    "archived": false,
    "chatFiles": [Function anonymous],
    "createdAt": "2026-09-26T09:50:06.937Z",
    "id": "mock-assistantchat-1790416206937",
    "model": "gpt-4",
    "updatedAt": "2026-09-26T09:50:06.937Z",
  },
  "errors": [],
  "hasData": true,
  "hasErrors": true,
}
[90mstdout[2m | src/components/Editor3/components/EditorComponents.stories.jsx[2m > [22m[2mVideo Player Component
[22m[39m[ChatContext] Created AssistantChat: mock-assistantchat-1790416206937 at: 2026-09-26T09:50:06.937Z
[90mstdout[2m | src/components/Editor3/components/EditorComponents.stories.jsx[2m > [22m[2mVideo Player Component
[22m[39m[Mock Storage] downloadData called with: undefined
[90mstdout[2m | src/components/Editor3/components/EditorComponents.stories.jsx[2m > [22m[2mVideo Player Component
[22m[39m[ChatContext] Setting initial chat: mock-assistantchat-1790416206937
[90mstdout[2m | src/components/Editor3/components/EditorComponents.stories.jsx[2m > [22m[2mVideo Player Component
[22m[39m[ChatContext] Chat exists and not archived, skipping creation
[90mstdout[2m | src/components/Editor3/components/EditorComponents.stories.jsx[2m > [22m[2mVideo With Audio Recording
[22m[39m[ChatContext] Cleaning up subscriptions
[90mstdout[2m | src/components/Editor3/components/EditorComponents.stories.jsx[2m > [22m[2mVideo With Audio Recording
[22m[39m[Mock Data] Unit.onUpdate() subscription removed. Remaining: 0
[90mstdout[2m | src/components/Editor3/components/EditorComponents.stories.jsx[2m > [22m[2mVideo With Audio Recording
[22m[39m[Preview] Skipped initializing default mock data (initializeMockData=false)
[90mstdout[2m | src/components/Editor3/components/EditorComponents.stories.jsx[2m > [22m[2mVideo With Audio Recording
[22m[39m[Mock Data] seedMockUnit: Adding unit video-recording-story-unit
[90mstdout[2m | src/components/Editor3/components/EditorComponents.stories.jsx[2m > [22m[2mVideo With Audio Recording
[22m[39m[Mock Data] Adding 1 items to UnitFile
[90mstdout[2m | src/components/Editor3/components/EditorComponents.stories.jsx[2m > [22m[2mVideo With Audio Recording
[22m[39m[MOCK CourseVectorStore] Initialized with mock data
[90mstdout[2m | src/components/Editor3/components/EditorComponents.stories.jsx[2m > [22m[2mVideo With Audio Recording
[22m[39m[TranslationModeController] Setting mode to: off
[90mstdout[2m | src/components/Editor3/components/EditorComponents.stories.jsx[2m > [22m[2mVideo With Audio Recording
[22m[39m[UnitContext] useEffect triggered {
  "authLoading": false,
  "hasUser": true,
  "id": "video-recording-story-unit",
  "userSub": "mock-user-sub",
}
[90mstdout[2m | src/components/Editor3/components/EditorComponents.stories.jsx[2m > [22m[2mVideo With Audio Recording
[22m[39m[UnitContext] Fetching unit data for id: video-recording-story-unit
[90mstdout[2m | src/components/Editor3/components/EditorComponents.stories.jsx[2m > [22m[2mVideo With Audio Recording
[22m[39m[FilesContext] Initializing vector store from IndexedDB
[90mstdout[2m | src/components/Editor3/components/EditorComponents.stories.jsx[2m > [22m[2mVideo With Audio Recording
[22m[39m[FilesContext] fetchFiles called
[90mstdout[2m | src/components/Editor3/components/EditorComponents.stories.jsx[2m > [22m[2mVideo With Audio Recording
[22m[39m[FilesContext] User authenticated: mock-user-sub
[90mstdout[2m | src/components/Editor3/components/EditorComponents.stories.jsx[2m > [22m[2mVideo With Audio Recording
[22m[39m[FilesContext] Identity ID: us-east-1:mock-identity-123
[90mstdout[2m | src/components/Editor3/components/EditorComponents.stories.jsx[2m > [22m[2mVideo With Audio Recording
[22m[39m[FilesContext] About to set up File observeQuery
[90mstdout[2m | src/components/Editor3/components/EditorComponents.stories.jsx[2m > [22m[2mVideo With Audio Recording
[22m[39m[ChatContext] Setting up AssistantChat observeQuery
[90mstdout[2m | src/components/Editor3/components/EditorComponents.stories.jsx[2m > [22m[2mVideo With Audio Recording
[22m[39m[ChatContext] Waiting for subscription to initialize
[90mstdout[2m | src/components/Editor3/components/EditorComponents.stories.jsx[2m > [22m[2mVideo With Audio Recording
[22m[39m[SettingsContext] Setting up Settings subscription for user: mock-user-sub
[90mstdout[2m | src/components/Editor3/components/EditorComponents.stories.jsx[2m > [22m[2mVideo With Audio Recording
[22m[39m[Mock Data] Settings created: mock-settings-1790416207200 - notified 0 subscribers
[90mstdout[2m | src/components/Editor3/components/EditorComponents.stories.jsx[2m > [22m[2mVideo With Audio Recording
[22m[39m[Mock Data] Unit.onUpdate() subscription added. Total: 1
[90mstdout[2m | src/components/Editor3/components/EditorComponents.stories.jsx[2m > [22m[2mVideo With Audio Recording
[22m[39mMock Cache.getItem called with: getCachedUrl_/story-mocks/326739_medium.mp4
[90mstdout[2m | src/components/Editor3/components/EditorComponents.stories.jsx[2m > [22m[2mVideo With Audio Recording
[22m[39mMock getUrl called with: /story-mocks/326739_medium.mp4
[90mstdout[2m | src/components/Editor3/components/EditorComponents.stories.jsx[2m > [22m[2mVideo With Audio Recording
[22m[39mMock Cache.setItem called with: getCachedUrl_/story-mocks/326739_medium.mp4 /story-mocks/326739_medium.mp4
[90mstdout[2m | src/components/Editor3/components/EditorComponents.stories.jsx[2m > [22m[2mVideo With Audio Recording
[22m[39m[SectionContext] Section observeQuery update: 0
[90mstdout[2m | src/components/Editor3/components/EditorComponents.stories.jsx[2m > [22m[2mVideo With Audio Recording
[22m[39m[FilesContext] File observeQuery update: 1 files
[90mstdout[2m | src/components/Editor3/components/EditorComponents.stories.jsx[2m > [22m[2mVideo With Audio Recording
[22m[39m[ChatContext] AssistantChat initialized with 0 chats
[90mstdout[2m | src/components/Editor3/components/EditorComponents.stories.jsx[2m > [22m[2mVideo With Audio Recording
[22m[39m[MOCK CourseVectorStore] Initialized with mock data
[90mstdout[2m | src/components/Editor3/components/EditorComponents.stories.jsx[2m > [22m[2mVideo With Audio Recording
[22m[39m[FilesContext] Vector store population triggered {
  "currentVectorStoreSize": 3,
  "documentsCount": 0,
  "filesCount": 1,
  "isInitialLoad": true,
}
[90mstdout[2m | src/components/Editor3/components/EditorComponents.stories.jsx[2m > [22m[2mVideo With Audio Recording
[22m[39m[FilesContext] Vector store population complete - 3 total embeddings
[90mstdout[2m | src/components/Editor3/components/EditorComponents.stories.jsx[2m > [22m[2mVideo With Audio Recording
[22m[39m[ChatContext] No current chat available, will create one
[90mstdout[2m | src/components/Editor3/components/EditorComponents.stories.jsx[2m > [22m[2mVideo With Audio Recording
[22m[39m[ChatContext] Creating AssistantChat with user: undefined
[90mstdout[2m | src/components/Editor3/components/EditorComponents.stories.jsx[2m > [22m[2mVideo With Audio Recording
[22m[39m[Mock Data] AssistantChat created: mock-assistantchat-1790416207277 - notified 1 subscribers
[90mstdout[2m | src/components/Editor3/components/EditorComponents.stories.jsx[2m > [22m[2mVideo With Audio Recording
[22m[39m[ChatContext] Create result: {
  "data": {
    "_version": 1,
    "archived": false,
    "chatFiles": [Function anonymous],
    "createdAt": "2026-09-26T09:50:07.277Z",
    "id": "mock-assistantchat-1790416207277",
    "model": "gpt-4",
    "updatedAt": "2026-09-26T09:50:07.277Z",
  },
  "errors": [],
  "hasData": true,
  "hasErrors": true,
}
[90mstdout[2m | src/components/Editor3/components/EditorComponents.stories.jsx[2m > [22m[2mVideo With Audio Recording
[22m[39m[ChatContext] Created AssistantChat: mock-assistantchat-1790416207277 at: 2026-09-26T09:50:07.277Z
[90mstdout[2m | src/components/Editor3/components/EditorComponents.stories.jsx[2m > [22m[2mVideo With Audio Recording
[22m[39m[Mock Storage] downloadData called with: undefined
[90mstdout[2m | src/components/Editor3/components/EditorComponents.stories.jsx[2m > [22m[2mVideo With Audio Recording
[22m[39m[ChatContext] Setting initial chat: mock-assistantchat-1790416207277
[90mstdout[2m | src/components/Editor3/components/EditorComponents.stories.jsx[2m > [22m[2mVideo With Audio Recording
[22m[39m[ChatContext] Chat exists and not archived, skipping creation
[90mstdout[2m | src/components/Editor3/components/EditorComponents.stories.jsx[2m > [22m[2mAudio Multiple Tracks
[22m[39m[ChatContext] Cleaning up subscriptions
[90mstdout[2m | src/components/Editor3/components/EditorComponents.stories.jsx[2m > [22m[2mAudio Multiple Tracks
[22m[39m[Mock Data] Unit.onUpdate() subscription removed. Remaining: 0
[90mstdout[2m | src/components/Editor3/components/EditorComponents.stories.jsx[2m > [22m[2mAudio Multiple Tracks
[22m[39m[Preview] Skipped initializing default mock data (initializeMockData=false)
[90mstdout[2m | src/components/Editor3/components/EditorComponents.stories.jsx[2m > [22m[2mAudio Multiple Tracks
[22m[39m[Mock Data] seedMockUnit: Adding unit audio-multi-story-unit
[90mstdout[2m | src/components/Editor3/components/EditorComponents.stories.jsx[2m > [22m[2mAudio Multiple Tracks
[22m[39m[Mock Data] Adding 3 items to UnitFile
[90mstdout[2m | src/components/Editor3/components/EditorComponents.stories.jsx[2m > [22m[2mAudio Multiple Tracks
[22m[39m[MOCK CourseVectorStore] Initialized with mock data
[90mstdout[2m | src/components/Editor3/components/EditorComponents.stories.jsx[2m > [22m[2mAudio Multiple Tracks
[22m[39m[TranslationModeController] Setting mode to: off
[90mstdout[2m | src/components/Editor3/components/EditorComponents.stories.jsx[2m > [22m[2mAudio Multiple Tracks
[22m[39m[UnitContext] useEffect triggered {
  "authLoading": false,
  "hasUser": true,
  "id": "audio-multi-story-unit",
  "userSub": "mock-user-sub",
}
[90mstdout[2m | src/components/Editor3/components/EditorComponents.stories.jsx[2m > [22m[2mAudio Multiple Tracks
[22m[39m[UnitContext] Fetching unit data for id: audio-multi-story-unit
[90mstdout[2m | src/components/Editor3/components/EditorComponents.stories.jsx[2m > [22m[2mAudio Multiple Tracks
[22m[39m[FilesContext] Initializing vector store from IndexedDB
[90mstdout[2m | src/components/Editor3/components/EditorComponents.stories.jsx[2m > [22m[2mAudio Multiple Tracks
[22m[39m[FilesContext] fetchFiles called
[90mstdout[2m | src/components/Editor3/components/EditorComponents.stories.jsx[2m > [22m[2mAudio Multiple Tracks
[22m[39m[FilesContext] User authenticated: mock-user-sub
[90mstdout[2m | src/components/Editor3/components/EditorComponents.stories.jsx[2m > [22m[2mAudio Multiple Tracks
[22m[39m[FilesContext] Identity ID: us-east-1:mock-identity-123
[90mstdout[2m | src/components/Editor3/components/EditorComponents.stories.jsx[2m > [22m[2mAudio Multiple Tracks
[22m[39m[FilesContext] About to set up File observeQuery
[90mstdout[2m | src/components/Editor3/components/EditorComponents.stories.jsx[2m > [22m[2mAudio Multiple Tracks
[22m[39m[ChatContext] Setting up AssistantChat observeQuery
[90mstdout[2m | src/components/Editor3/components/EditorComponents.stories.jsx[2m > [22m[2mAudio Multiple Tracks
[22m[39m[ChatContext] Waiting for subscription to initialize
[90mstdout[2m | src/components/Editor3/components/EditorComponents.stories.jsx[2m > [22m[2mAudio Multiple Tracks
[22m[39m[SettingsContext] Setting up Settings subscription for user: mock-user-sub
[90mstdout[2m | src/components/Editor3/components/EditorComponents.stories.jsx[2m > [22m[2mAudio Multiple Tracks
[22m[39m[Mock Data] Settings created: mock-settings-1790416207515 - notified 0 subscribers
[90mstdout[2m | src/components/Editor3/components/EditorComponents.stories.jsx[2m > [22m[2mAudio Multiple Tracks
[22m[39m[Mock Data] Unit.onUpdate() subscription added. Total: 1
[90mstdout[2m | src/components/Editor3/components/EditorComponents.stories.jsx[2m > [22m[2mAudio Multiple Tracks
[22m[39mMock Cache.getItem called with: getCachedUrl_/story-mocks/cinematic-designed-sci-fi-whoosh-transition-nexawave-228295.mp3
[90mstdout[2m | src/components/Editor3/components/EditorComponents.stories.jsx[2m > [22m[2mAudio Multiple Tracks
[22m[39mMock Cache.getItem called with: getCachedUrl_/story-mocks/descent-whoosh-long-cinematic-sound-effect-405921.mp3
[90mstdout[2m | src/components/Editor3/components/EditorComponents.stories.jsx[2m > [22m[2mAudio Multiple Tracks
[22m[39mMock Cache.getItem called with: getCachedUrl_/story-mocks/sound-design-elements-sfx-ps-022-302865.mp3
[90mstdout[2m | src/components/Editor3/components/EditorComponents.stories.jsx[2m > [22m[2mAudio Multiple Tracks
[22m[39mMock getUrl called with: /story-mocks/cinematic-designed-sci-fi-whoosh-transition-nexawave-228295.mp3
[90mstdout[2m | src/components/Editor3/components/EditorComponents.stories.jsx[2m > [22m[2mAudio Multiple Tracks
[22m[39mMock getUrl called with: /story-mocks/descent-whoosh-long-cinematic-sound-effect-405921.mp3
[90mstdout[2m | src/components/Editor3/components/EditorComponents.stories.jsx[2m > [22m[2mAudio Multiple Tracks
[22m[39mMock getUrl called with: /story-mocks/sound-design-elements-sfx-ps-022-302865.mp3
[90mstdout[2m | src/components/Editor3/components/EditorComponents.stories.jsx[2m > [22m[2mAudio Multiple Tracks
[22m[39mMock Cache.setItem called with: getCachedUrl_/story-mocks/cinematic-designed-sci-fi-whoosh-transition-nexawave-228295.mp3 /story-mocks/cinematic-designed-sci-fi-whoosh-transition-nexawave-228295.mp3
[90mstdout[2m | src/components/Editor3/components/EditorComponents.stories.jsx[2m > [22m[2mAudio Multiple Tracks
[22m[39mMock Cache.setItem called with: getCachedUrl_/story-mocks/descent-whoosh-long-cinematic-sound-effect-405921.mp3 /story-mocks/descent-whoosh-long-cinematic-sound-effect-405921.mp3
[90mstdout[2m | src/components/Editor3/components/EditorComponents.stories.jsx[2m > [22m[2mAudio Multiple Tracks
[22m[39mMock Cache.setItem called with: getCachedUrl_/story-mocks/sound-design-elements-sfx-ps-022-302865.mp3 /story-mocks/sound-design-elements-sfx-ps-022-302865.mp3
[90mstdout[2m | src/components/Editor3/components/EditorComponents.stories.jsx[2m > [22m[2mAudio Multiple Tracks
[22m[39m[SectionContext] Section observeQuery update: 0
[90mstdout[2m | src/components/Editor3/components/EditorComponents.stories.jsx[2m > [22m[2mAudio Multiple Tracks
[22m[39m[FilesContext] File observeQuery update: 3 files
[90mstdout[2m | src/components/Editor3/components/EditorComponents.stories.jsx[2m > [22m[2mAudio Multiple Tracks
[22m[39m[ChatContext] AssistantChat initialized with 0 chats
[90mstdout[2m | src/components/Editor3/components/EditorComponents.stories.jsx[2m > [22m[2mAudio Multiple Tracks
[22m[39m[MOCK CourseVectorStore] Initialized with mock data
[90mstdout[2m | src/components/Editor3/components/EditorComponents.stories.jsx[2m > [22m[2mAudio Multiple Tracks
[22m[39m[FilesContext] Vector store population triggered {
  "currentVectorStoreSize": 3,
  "documentsCount": 0,
  "filesCount": 3,
  "isInitialLoad": true,
}
[90mstdout[2m | src/components/Editor3/components/EditorComponents.stories.jsx[2m > [22m[2mAudio Multiple Tracks
[22m[39m[FilesContext] Vector store population complete - 3 total embeddings
[90mstdout[2m | src/components/Editor3/components/EditorComponents.stories.jsx[2m > [22m[2mAudio Multiple Tracks
[22m[39m[ChatContext] No current chat available, will create one
[90mstdout[2m | src/components/Editor3/components/EditorComponents.stories.jsx[2m > [22m[2mAudio Multiple Tracks
[22m[39m[ChatContext] Creating AssistantChat with user: undefined
[90mstdout[2m | src/components/Editor3/components/EditorComponents.stories.jsx[2m > [22m[2mAudio Multiple Tracks
[22m[39m[Mock Data] AssistantChat created: mock-assistantchat-1790416207579 - notified 1 subscribers
[90mstdout[2m | src/components/Editor3/components/EditorComponents.stories.jsx[2m > [22m[2mAudio Multiple Tracks
[22m[39m[ChatContext] Create result: {
  "data": {
    "_version": 1,
    "archived": false,
    "chatFiles": [Function anonymous],
    "createdAt": "2026-09-26T09:50:07.579Z",
    "id": "mock-assistantchat-1790416207579",
    "model": "gpt-4",
    "updatedAt": "2026-09-26T09:50:07.579Z",
  },
  "errors": [],
  "hasData": true,
  "hasErrors": true,
}
[90mstdout[2m | src/components/Editor3/components/EditorComponents.stories.jsx[2m > [22m[2mAudio Multiple Tracks
[22m[39m[ChatContext] Created AssistantChat: mock-assistantchat-1790416207579 at: 2026-09-26T09:50:07.579Z
[90mstdout[2m | src/components/Editor3/components/EditorComponents.stories.jsx[2m > [22m[2mAudio Multiple Tracks
[22m[39m[Mock Storage] downloadData called with: undefined
[90mstdout[2m | src/components/Editor3/components/EditorComponents.stories.jsx[2m > [22m[2mAudio Multiple Tracks
[22m[39m[ChatContext] Setting initial chat: mock-assistantchat-1790416207579
[90mstdout[2m | src/components/Editor3/components/EditorComponents.stories.jsx[2m > [22m[2mAudio Multiple Tracks
[22m[39m[ChatContext] Chat exists and not archived, skipping creation
 [32m✓[39m [30m[45m storybook (chromium) [49m[39m src/components/Editor3/components/EditorComponents.stories.jsx [2m([22m[2m18 tests[22m[2m)[22m[33m 3984[2mms[22m[39m
   [33m[2m✓[22m[39m Audio Player [33m 406[2mms[22m[39m
   [33m[2m✓[22m[39m Audio Player Long Whoosh [33m 376[2mms[22m[39m
   [33m[2m✓[22m[39m Audio Player SFX [33m 322[2mms[22m[39m
   [33m[2m✓[22m[39m Video Player Component [33m 330[2mms[22m[39m
   [33m[2m✓[22m[39m Video With Audio Recording [33m 345[2mms[22m[39m
   [33m[2m✓[22m[39m Audio Multiple Tracks [33m 347[2mms[22m[39m
[90mstdout[2m | unknown test
[22m[39m[MOCK vectorStoreDB.js] Module loaded - mock IndexedDB operations
[90mstdout[2m | unknown test
[22m[39m[Task Completion] DOM action listeners initialized
[90mstdout[2m | unknown test
[22m[39m[Task Completion] Auto-completion detector initialized
[90mstdout[2m | unknown test
[22m[39m[Preview] Task completion detector initialized
[90mstdout[2m | src/components/DebugPanel/ComponentTreeView.stories.tsx[2m > [22m[2mDefault
[22m[39m[MOCK CourseVectorStore] Initialized with mock data
[90mstdout[2m | src/components/DebugPanel/ComponentTreeView.stories.tsx[2m > [22m[2mDefault
[22m[39m[TranslationModeController] Setting mode to: off
[90mstdout[2m | src/components/DebugPanel/ComponentTreeView.stories.tsx[2m > [22m[2mDefault
[22m[39m[UnitContext] useEffect triggered {
  "authLoading": false,
  "hasUser": true,
  "id": "mock-unit-id",
  "userSub": "mock-user-sub",
}
[90mstdout[2m | src/components/DebugPanel/ComponentTreeView.stories.tsx[2m > [22m[2mDefault
[22m[39m[UnitContext] Fetching unit data for id: mock-unit-id
[90mstdout[2m | src/components/DebugPanel/ComponentTreeView.stories.tsx[2m > [22m[2mDefault
[22m[39m[FilesContext] Initializing vector store from IndexedDB
[90mstdout[2m | src/components/DebugPanel/ComponentTreeView.stories.tsx[2m > [22m[2mDefault
[22m[39m[FilesContext] fetchFiles called
[90mstdout[2m | src/components/DebugPanel/ComponentTreeView.stories.tsx[2m > [22m[2mDefault
[22m[39m[FilesContext] User authenticated: mock-user-sub
[90mstdout[2m | src/components/DebugPanel/ComponentTreeView.stories.tsx[2m > [22m[2mDefault
[22m[39m[FilesContext] Identity ID: us-east-1:mock-identity-123
[90mstdout[2m | src/components/DebugPanel/ComponentTreeView.stories.tsx[2m > [22m[2mDefault
[22m[39m[FilesContext] About to set up File observeQuery
[90mstdout[2m | src/components/DebugPanel/ComponentTreeView.stories.tsx[2m > [22m[2mDefault
[22m[39m[ChatContext] Setting up AssistantChat observeQuery
[90mstdout[2m | src/components/DebugPanel/ComponentTreeView.stories.tsx[2m > [22m[2mDefault
[22m[39m[ChatContext] Waiting for subscription to initialize
[90mstdout[2m | src/components/DebugPanel/ComponentTreeView.stories.tsx[2m > [22m[2mDefault
[22m[39m[SettingsContext] Setting up Settings subscription for user: mock-user-sub
[90mstdout[2m | src/components/DebugPanel/ComponentTreeView.stories.tsx[2m > [22m[2mDefault
[22m[39m[Mock Data] Settings created: mock-settings-1790416208442 - notified 0 subscribers
[90mstdout[2m | src/components/DebugPanel/ComponentTreeView.stories.tsx[2m > [22m[2mDefault
[22m[39m[Mock Data] Unit.onUpdate() subscription added. Total: 1
[90mstdout[2m | src/components/DebugPanel/ComponentTreeView.stories.tsx[2m > [22m[2mDefault
[22m[39m[SectionContext] Section observeQuery update: 0
[90mstdout[2m | src/components/DebugPanel/ComponentTreeView.stories.tsx[2m > [22m[2mDefault
[22m[39m[FilesContext] File observeQuery update: 6 files
[90mstdout[2m | src/components/DebugPanel/ComponentTreeView.stories.tsx[2m > [22m[2mDefault
[22m[39m[ChatContext] AssistantChat initialized with 1 chats
[90mstdout[2m | src/components/DebugPanel/ComponentTreeView.stories.tsx[2m > [22m[2mDefault
[22m[39m[ChatContext] Setting initial chat: mock-assistant-chat-1
[90mstdout[2m | src/components/DebugPanel/ComponentTreeView.stories.tsx[2m > [22m[2mDefault
[22m[39m[MOCK CourseVectorStore] Initialized with mock data
[90mstdout[2m | src/components/DebugPanel/ComponentTreeView.stories.tsx[2m > [22m[2mDefault
[22m[39m[FilesContext] Vector store population triggered {
  "currentVectorStoreSize": 3,
  "documentsCount": 0,
  "filesCount": 6,
  "isInitialLoad": true,
}
[90mstdout[2m | src/components/DebugPanel/ComponentTreeView.stories.tsx[2m > [22m[2mDefault
[22m[39m[FilesContext] Vector store population complete - 3 total embeddings
[90mstdout[2m | src/components/DebugPanel/ComponentTreeView.stories.tsx[2m > [22m[2mDefault
[22m[39m[ChatContext] Chat exists and not archived, skipping creation
[90mstdout[2m | src/components/DebugPanel/ComponentTreeView.stories.tsx[2m > [22m[2mDefault
[22m[39m[Mock Storage] downloadData called with: undefined
[90mstdout[2m | src/components/DebugPanel/ComponentTreeView.stories.tsx[2m > [22m[2mEmpty Tree
[22m[39m[ChatContext] Cleaning up subscriptions
[90mstdout[2m | src/components/DebugPanel/ComponentTreeView.stories.tsx[2m > [22m[2mEmpty Tree
[22m[39m[Mock Data] Unit.onUpdate() subscription removed. Remaining: 0
[90mstdout[2m | src/components/DebugPanel/ComponentTreeView.stories.tsx[2m > [22m[2mEmpty Tree
[22m[39m[MOCK CourseVectorStore] Initialized with mock data
[90mstdout[2m | src/components/DebugPanel/ComponentTreeView.stories.tsx[2m > [22m[2mEmpty Tree
[22m[39m[TranslationModeController] Setting mode to: off
[90mstdout[2m | src/components/DebugPanel/ComponentTreeView.stories.tsx[2m > [22m[2mEmpty Tree
[22m[39m[UnitContext] useEffect triggered {
  "authLoading": false,
  "hasUser": true,
  "id": "mock-unit-id",
  "userSub": "mock-user-sub",
}
[90mstdout[2m | src/components/DebugPanel/ComponentTreeView.stories.tsx[2m > [22m[2mEmpty Tree
[22m[39m[UnitContext] Fetching unit data for id: mock-unit-id
[90mstdout[2m | src/components/DebugPanel/ComponentTreeView.stories.tsx[2m > [22m[2mEmpty Tree
[22m[39m[FilesContext] Initializing vector store from IndexedDB
[90mstdout[2m | src/components/DebugPanel/ComponentTreeView.stories.tsx[2m > [22m[2mEmpty Tree
[22m[39m[FilesContext] fetchFiles called
[90mstdout[2m | src/components/DebugPanel/ComponentTreeView.stories.tsx[2m > [22m[2mEmpty Tree
[22m[39m[FilesContext] User authenticated: mock-user-sub
[90mstdout[2m | src/components/DebugPanel/ComponentTreeView.stories.tsx[2m > [22m[2mEmpty Tree
[22m[39m[FilesContext] Identity ID: us-east-1:mock-identity-123
[90mstdout[2m | src/components/DebugPanel/ComponentTreeView.stories.tsx[2m > [22m[2mEmpty Tree
[22m[39m[FilesContext] About to set up File observeQuery
[90mstdout[2m | src/components/DebugPanel/ComponentTreeView.stories.tsx[2m > [22m[2mEmpty Tree
[22m[39m[ChatContext] Setting up AssistantChat observeQuery
[90mstdout[2m | src/components/DebugPanel/ComponentTreeView.stories.tsx[2m > [22m[2mEmpty Tree
[22m[39m[ChatContext] Waiting for subscription to initialize
[90mstdout[2m | src/components/DebugPanel/ComponentTreeView.stories.tsx[2m > [22m[2mEmpty Tree
[22m[39m[SettingsContext] Setting up Settings subscription for user: mock-user-sub
[90mstdout[2m | src/components/DebugPanel/ComponentTreeView.stories.tsx[2m > [22m[2mEmpty Tree
[22m[39m[Mock Data] Settings created: mock-settings-1790416208621 - notified 0 subscribers
[90mstdout[2m | src/components/DebugPanel/ComponentTreeView.stories.tsx[2m > [22m[2mEmpty Tree
[22m[39m[Mock Data] Unit.onUpdate() subscription added. Total: 1
[90mstdout[2m | src/components/DebugPanel/ComponentTreeView.stories.tsx[2m > [22m[2mEmpty Tree
[22m[39m[SectionContext] Section observeQuery update: 0
[90mstdout[2m | src/components/DebugPanel/ComponentTreeView.stories.tsx[2m > [22m[2mEmpty Tree
[22m[39m[FilesContext] File observeQuery update: 6 files
[90mstdout[2m | src/components/DebugPanel/ComponentTreeView.stories.tsx[2m > [22m[2mEmpty Tree
[22m[39m[Mock Storage] downloadData called with: undefined
[90mstdout[2m | src/components/DebugPanel/ComponentTreeView.stories.tsx[2m > [22m[2mEmpty Tree
[22m[39m[MOCK CourseVectorStore] Initialized with mock data
[90mstdout[2m | src/components/DebugPanel/ComponentTreeView.stories.tsx[2m > [22m[2mEmpty Tree
[22m[39m[FilesContext] Vector store population triggered {
  "currentVectorStoreSize": 3,
  "documentsCount": 0,
  "filesCount": 6,
  "isInitialLoad": true,
}
[90mstdout[2m | src/components/DebugPanel/ComponentTreeView.stories.tsx[2m > [22m[2mEmpty Tree
[22m[39m[FilesContext] Vector store population complete - 3 total embeddings
[90mstdout[2m | src/components/DebugPanel/ComponentTreeView.stories.tsx[2m > [22m[2mEmpty Tree
[22m[39m[ChatContext] AssistantChat initialized with 1 chats
[90mstdout[2m | src/components/DebugPanel/ComponentTreeView.stories.tsx[2m > [22m[2mEmpty Tree
[22m[39m[ChatContext] Setting initial chat: mock-assistant-chat-1
[90mstdout[2m | src/components/DebugPanel/ComponentTreeView.stories.tsx[2m > [22m[2mEmpty Tree
[22m[39m[ChatContext] Chat exists and not archived, skipping creation
[90mstdout[2m | src/components/DebugPanel/ComponentTreeView.stories.tsx[2m > [22m[2mSingle Component
[22m[39m[ChatContext] Cleaning up subscriptions
[90mstdout[2m | src/components/DebugPanel/ComponentTreeView.stories.tsx[2m > [22m[2mSingle Component
[22m[39m[Mock Data] Unit.onUpdate() subscription removed. Remaining: 0
[90mstdout[2m | src/components/DebugPanel/ComponentTreeView.stories.tsx[2m > [22m[2mSingle Component
[22m[39m[MOCK CourseVectorStore] Initialized with mock data
[90mstdout[2m | src/components/DebugPanel/ComponentTreeView.stories.tsx[2m > [22m[2mSingle Component
[22m[39m[TranslationModeController] Setting mode to: off
[90mstdout[2m | src/components/DebugPanel/ComponentTreeView.stories.tsx[2m > [22m[2mSingle Component
[22m[39m[UnitContext] useEffect triggered {
  "authLoading": false,
  "hasUser": true,
  "id": "mock-unit-id",
  "userSub": "mock-user-sub",
}
[90mstdout[2m | src/components/DebugPanel/ComponentTreeView.stories.tsx[2m > [22m[2mSingle Component
[22m[39m[UnitContext] Fetching unit data for id: mock-unit-id
[90mstdout[2m | src/components/DebugPanel/ComponentTreeView.stories.tsx[2m > [22m[2mSingle Component
[22m[39m[FilesContext] Initializing vector store from IndexedDB
[90mstdout[2m | src/components/DebugPanel/ComponentTreeView.stories.tsx[2m > [22m[2mSingle Component
[22m[39m[FilesContext] fetchFiles called
[90mstdout[2m | src/components/DebugPanel/ComponentTreeView.stories.tsx[2m > [22m[2mSingle Component
[22m[39m[FilesContext] User authenticated: mock-user-sub
[90mstdout[2m | src/components/DebugPanel/ComponentTreeView.stories.tsx[2m > [22m[2mSingle Component
[22m[39m[FilesContext] Identity ID: us-east-1:mock-identity-123
[90mstdout[2m | src/components/DebugPanel/ComponentTreeView.stories.tsx[2m > [22m[2mSingle Component
[22m[39m[FilesContext] About to set up File observeQuery
[90mstdout[2m | src/components/DebugPanel/ComponentTreeView.stories.tsx[2m > [22m[2mSingle Component
[22m[39m[ChatContext] Setting up AssistantChat observeQuery
[90mstdout[2m | src/components/DebugPanel/ComponentTreeView.stories.tsx[2m > [22m[2mSingle Component
[22m[39m[ChatContext] Waiting for subscription to initialize
[90mstdout[2m | src/components/DebugPanel/ComponentTreeView.stories.tsx[2m > [22m[2mSingle Component
[22m[39m[SettingsContext] Setting up Settings subscription for user: mock-user-sub
[90mstdout[2m | src/components/DebugPanel/ComponentTreeView.stories.tsx[2m > [22m[2mSingle Component
[22m[39m[Mock Data] Settings created: mock-settings-1790416208707 - notified 0 subscribers
[90mstdout[2m | src/components/DebugPanel/ComponentTreeView.stories.tsx[2m > [22m[2mSingle Component
[22m[39m[Mock Data] Unit.onUpdate() subscription added. Total: 1
[90mstdout[2m | src/components/DebugPanel/ComponentTreeView.stories.tsx[2m > [22m[2mSingle Component
[22m[39m[SectionContext] Section observeQuery update: 0
[90mstdout[2m | src/components/DebugPanel/ComponentTreeView.stories.tsx[2m > [22m[2mSingle Component
[22m[39m[FilesContext] File observeQuery update: 6 files
[90mstdout[2m | src/components/DebugPanel/ComponentTreeView.stories.tsx[2m > [22m[2mSingle Component
[22m[39m[ChatContext] AssistantChat initialized with 1 chats
[90mstdout[2m | src/components/DebugPanel/ComponentTreeView.stories.tsx[2m > [22m[2mSingle Component
[22m[39m[ChatContext] Setting initial chat: mock-assistant-chat-1
[90mstdout[2m | src/components/DebugPanel/ComponentTreeView.stories.tsx[2m > [22m[2mSingle Component
[22m[39m[Mock Storage] downloadData called with: undefined
[90mstdout[2m | src/components/DebugPanel/ComponentTreeView.stories.tsx[2m > [22m[2mSingle Component
[22m[39m[MOCK CourseVectorStore] Initialized with mock data
[90mstdout[2m | src/components/DebugPanel/ComponentTreeView.stories.tsx[2m > [22m[2mSingle Component
[22m[39m[FilesContext] Vector store population triggered {
  "currentVectorStoreSize": 3,
  "documentsCount": 0,
  "filesCount": 6,
  "isInitialLoad": true,
}
[90mstdout[2m | src/components/DebugPanel/ComponentTreeView.stories.tsx[2m > [22m[2mSingle Component
[22m[39m[FilesContext] Vector store population complete - 3 total embeddings
[90mstdout[2m | src/components/DebugPanel/ComponentTreeView.stories.tsx[2m > [22m[2mSingle Component
[22m[39m[ChatContext] Chat exists and not archived, skipping creation
[90mstdout[2m | src/components/DebugPanel/ComponentTreeView.stories.tsx[2m > [22m[2mWith Selection
[22m[39m[ChatContext] Cleaning up subscriptions
[90mstdout[2m | src/components/DebugPanel/ComponentTreeView.stories.tsx[2m > [22m[2mWith Selection
[22m[39m[Mock Data] Unit.onUpdate() subscription removed. Remaining: 0
[90mstdout[2m | src/components/DebugPanel/ComponentTreeView.stories.tsx[2m > [22m[2mWith Selection
[22m[39m[MOCK CourseVectorStore] Initialized with mock data
[90mstdout[2m | src/components/DebugPanel/ComponentTreeView.stories.tsx[2m > [22m[2mWith Selection
[22m[39m[TranslationModeController] Setting mode to: off
[90mstdout[2m | src/components/DebugPanel/ComponentTreeView.stories.tsx[2m > [22m[2mWith Selection
[22m[39m[UnitContext] useEffect triggered {
  "authLoading": false,
  "hasUser": true,
  "id": "mock-unit-id",
  "userSub": "mock-user-sub",
}
[90mstdout[2m | src/components/DebugPanel/ComponentTreeView.stories.tsx[2m > [22m[2mWith Selection
[22m[39m[UnitContext] Fetching unit data for id: mock-unit-id
[90mstdout[2m | src/components/DebugPanel/ComponentTreeView.stories.tsx[2m > [22m[2mWith Selection
[22m[39m[FilesContext] Initializing vector store from IndexedDB
[90mstdout[2m | src/components/DebugPanel/ComponentTreeView.stories.tsx[2m > [22m[2mWith Selection
[22m[39m[FilesContext] fetchFiles called
[90mstdout[2m | src/components/DebugPanel/ComponentTreeView.stories.tsx[2m > [22m[2mWith Selection
[22m[39m[FilesContext] User authenticated: mock-user-sub
[90mstdout[2m | src/components/DebugPanel/ComponentTreeView.stories.tsx[2m > [22m[2mWith Selection
[22m[39m[FilesContext] Identity ID: us-east-1:mock-identity-123
[90mstdout[2m | src/components/DebugPanel/ComponentTreeView.stories.tsx[2m > [22m[2mWith Selection
[22m[39m[FilesContext] About to set up File observeQuery
[90mstdout[2m | src/components/DebugPanel/ComponentTreeView.stories.tsx[2m > [22m[2mWith Selection
[22m[39m[ChatContext] Setting up AssistantChat observeQuery
[90mstdout[2m | src/components/DebugPanel/ComponentTreeView.stories.tsx[2m > [22m[2mWith Selection
[22m[39m[ChatContext] Waiting for subscription to initialize
[90mstdout[2m | src/components/DebugPanel/ComponentTreeView.stories.tsx[2m > [22m[2mWith Selection
[22m[39m[SettingsContext] Setting up Settings subscription for user: mock-user-sub
[90mstdout[2m | src/components/DebugPanel/ComponentTreeView.stories.tsx[2m > [22m[2mWith Selection
[22m[39m[Mock Data] Settings created: mock-settings-1790416208828 - notified 0 subscribers
[90mstdout[2m | src/components/DebugPanel/ComponentTreeView.stories.tsx[2m > [22m[2mWith Selection
[22m[39m[Mock Data] Unit.onUpdate() subscription added. Total: 1
[90mstdout[2m | src/components/DebugPanel/ComponentTreeView.stories.tsx[2m > [22m[2mWith Selection
[22m[39m[SectionContext] Section observeQuery update: 0
[90mstdout[2m | src/components/DebugPanel/ComponentTreeView.stories.tsx[2m > [22m[2mWith Selection
[22m[39m[FilesContext] File observeQuery update: 6 files
[90mstdout[2m | src/components/DebugPanel/ComponentTreeView.stories.tsx[2m > [22m[2mWith Selection
[22m[39m[ChatContext] AssistantChat initialized with 1 chats
[90mstdout[2m | src/components/DebugPanel/ComponentTreeView.stories.tsx[2m > [22m[2mWith Selection
[22m[39m[ChatContext] Setting initial chat: mock-assistant-chat-1
[90mstdout[2m | src/components/DebugPanel/ComponentTreeView.stories.tsx[2m > [22m[2mWith Selection
[22m[39m[Mock Storage] downloadData called with: undefined
[90mstdout[2m | src/components/DebugPanel/ComponentTreeView.stories.tsx[2m > [22m[2mWith Selection
[22m[39m[MOCK CourseVectorStore] Initialized with mock data
[90mstdout[2m | src/components/DebugPanel/ComponentTreeView.stories.tsx[2m > [22m[2mWith Selection
[22m[39m[FilesContext] Vector store population triggered {
  "currentVectorStoreSize": 3,
  "documentsCount": 0,
  "filesCount": 6,
  "isInitialLoad": true,
}
[90mstdout[2m | src/components/DebugPanel/ComponentTreeView.stories.tsx[2m > [22m[2mWith Selection
[22m[39m[FilesContext] Vector store population complete - 3 total embeddings
[90mstdout[2m | src/components/DebugPanel/ComponentTreeView.stories.tsx[2m > [22m[2mWith Selection
[22m[39m[ChatContext] Chat exists and not archived, skipping creation
[90mstdout[2m | src/components/DebugPanel/ComponentTreeView.stories.tsx[2m > [22m[2mMany Instances
[22m[39m[ChatContext] Cleaning up subscriptions
[90mstdout[2m | src/components/DebugPanel/ComponentTreeView.stories.tsx[2m > [22m[2mMany Instances
[22m[39m[Mock Data] Unit.onUpdate() subscription removed. Remaining: 0
[90mstdout[2m | src/components/DebugPanel/ComponentTreeView.stories.tsx[2m > [22m[2mMany Instances
[22m[39m[MOCK CourseVectorStore] Initialized with mock data
[90mstdout[2m | src/components/DebugPanel/ComponentTreeView.stories.tsx[2m > [22m[2mMany Instances
[22m[39m[TranslationModeController] Setting mode to: off
[90mstdout[2m | src/components/DebugPanel/ComponentTreeView.stories.tsx[2m > [22m[2mMany Instances
[22m[39m[UnitContext] useEffect triggered {
  "authLoading": false,
  "hasUser": true,
  "id": "mock-unit-id",
  "userSub": "mock-user-sub",
}
[90mstdout[2m | src/components/DebugPanel/ComponentTreeView.stories.tsx[2m > [22m[2mMany Instances
[22m[39m[UnitContext] Fetching unit data for id: mock-unit-id
[90mstdout[2m | src/components/DebugPanel/ComponentTreeView.stories.tsx[2m > [22m[2mMany Instances
[22m[39m[FilesContext] Initializing vector store from IndexedDB
[90mstdout[2m | src/components/DebugPanel/ComponentTreeView.stories.tsx[2m > [22m[2mMany Instances
[22m[39m[FilesContext] fetchFiles called
[90mstdout[2m | src/components/DebugPanel/ComponentTreeView.stories.tsx[2m > [22m[2mMany Instances
[22m[39m[FilesContext] User authenticated: mock-user-sub
[90mstdout[2m | src/components/DebugPanel/ComponentTreeView.stories.tsx[2m > [22m[2mMany Instances
[22m[39m[FilesContext] Identity ID: us-east-1:mock-identity-123
[90mstdout[2m | src/components/DebugPanel/ComponentTreeView.stories.tsx[2m > [22m[2mMany Instances
[22m[39m[FilesContext] About to set up File observeQuery
[90mstdout[2m | src/components/DebugPanel/ComponentTreeView.stories.tsx[2m > [22m[2mMany Instances
[22m[39m[ChatContext] Setting up AssistantChat observeQuery
[90mstdout[2m | src/components/DebugPanel/ComponentTreeView.stories.tsx[2m > [22m[2mMany Instances
[22m[39m[ChatContext] Waiting for subscription to initialize
[90mstdout[2m | src/components/DebugPanel/ComponentTreeView.stories.tsx[2m > [22m[2mMany Instances
[22m[39m[SettingsContext] Setting up Settings subscription for user: mock-user-sub
[90mstdout[2m | src/components/DebugPanel/ComponentTreeView.stories.tsx[2m > [22m[2mMany Instances
[22m[39m[Mock Data] Settings created: mock-settings-1790416209016 - notified 0 subscribers
[90mstdout[2m | src/components/DebugPanel/ComponentTreeView.stories.tsx[2m > [22m[2mMany Instances
[22m[39m[Mock Data] Unit.onUpdate() subscription added. Total: 1
[90mstdout[2m | src/components/DebugPanel/ComponentTreeView.stories.tsx[2m > [22m[2mMany Instances
[22m[39m[SectionContext] Section observeQuery update: 0
[90mstdout[2m | src/components/DebugPanel/ComponentTreeView.stories.tsx[2m > [22m[2mMany Instances
[22m[39m[FilesContext] File observeQuery update: 6 files
[90mstdout[2m | src/components/DebugPanel/ComponentTreeView.stories.tsx[2m > [22m[2mMany Instances
[22m[39m[ChatContext] AssistantChat initialized with 1 chats
[90mstdout[2m | src/components/DebugPanel/ComponentTreeView.stories.tsx[2m > [22m[2mMany Instances
[22m[39m[ChatContext] Setting initial chat: mock-assistant-chat-1
[90mstdout[2m | src/components/DebugPanel/ComponentTreeView.stories.tsx[2m > [22m[2mMany Instances
[22m[39m[Mock Storage] downloadData called with: undefined
[90mstdout[2m | src/components/DebugPanel/ComponentTreeView.stories.tsx[2m > [22m[2mMany Instances
[22m[39m[MOCK CourseVectorStore] Initialized with mock data
[90mstdout[2m | src/components/DebugPanel/ComponentTreeView.stories.tsx[2m > [22m[2mMany Instances
[22m[39m[FilesContext] Vector store population triggered {
  "currentVectorStoreSize": 3,
  "documentsCount": 0,
  "filesCount": 6,
  "isInitialLoad": true,
}
[90mstdout[2m | src/components/DebugPanel/ComponentTreeView.stories.tsx[2m > [22m[2mMany Instances
[22m[39m[FilesContext] Vector store population complete - 3 total embeddings
[90mstdout[2m | src/components/DebugPanel/ComponentTreeView.stories.tsx[2m > [22m[2mMany Instances
[22m[39m[ChatContext] Chat exists and not archived, skipping creation
[90mstdout[2m | src/components/DebugPanel/ComponentTreeView.stories.tsx[2m > [22m[2mHigh Render Count
[22m[39m[ChatContext] Cleaning up subscriptions
[90mstdout[2m | src/components/DebugPanel/ComponentTreeView.stories.tsx[2m > [22m[2mHigh Render Count
[22m[39m[Mock Data] Unit.onUpdate() subscription removed. Remaining: 0
[90mstdout[2m | src/components/DebugPanel/ComponentTreeView.stories.tsx[2m > [22m[2mHigh Render Count
[22m[39m[MOCK CourseVectorStore] Initialized with mock data
[90mstdout[2m | src/components/DebugPanel/ComponentTreeView.stories.tsx[2m > [22m[2mHigh Render Count
[22m[39m[TranslationModeController] Setting mode to: off
[90mstdout[2m | src/components/DebugPanel/ComponentTreeView.stories.tsx[2m > [22m[2mHigh Render Count
[22m[39m[UnitContext] useEffect triggered {
  "authLoading": false,
  "hasUser": true,
  "id": "mock-unit-id",
  "userSub": "mock-user-sub",
}
[90mstdout[2m | src/components/DebugPanel/ComponentTreeView.stories.tsx[2m > [22m[2mHigh Render Count
[22m[39m[UnitContext] Fetching unit data for id: mock-unit-id
[90mstdout[2m | src/components/DebugPanel/ComponentTreeView.stories.tsx[2m > [22m[2mHigh Render Count
[22m[39m[FilesContext] Initializing vector store from IndexedDB
[90mstdout[2m | src/components/DebugPanel/ComponentTreeView.stories.tsx[2m > [22m[2mHigh Render Count
[22m[39m[FilesContext] fetchFiles called
[90mstdout[2m | src/components/DebugPanel/ComponentTreeView.stories.tsx[2m > [22m[2mHigh Render Count
[22m[39m[FilesContext] User authenticated: mock-user-sub
[90mstdout[2m | src/components/DebugPanel/ComponentTreeView.stories.tsx[2m > [22m[2mHigh Render Count
[22m[39m[FilesContext] Identity ID: us-east-1:mock-identity-123
[90mstdout[2m | src/components/DebugPanel/ComponentTreeView.stories.tsx[2m > [22m[2mHigh Render Count
[22m[39m[FilesContext] About to set up File observeQuery
[90mstdout[2m | src/components/DebugPanel/ComponentTreeView.stories.tsx[2m > [22m[2mHigh Render Count
[22m[39m[ChatContext] Setting up AssistantChat observeQuery
[90mstdout[2m | src/components/DebugPanel/ComponentTreeView.stories.tsx[2m > [22m[2mHigh Render Count
[22m[39m[ChatContext] Waiting for subscription to initialize
[90mstdout[2m | src/components/DebugPanel/ComponentTreeView.stories.tsx[2m > [22m[2mHigh Render Count
[22m[39m[SettingsContext] Setting up Settings subscription for user: mock-user-sub
[90mstdout[2m | src/components/DebugPanel/ComponentTreeView.stories.tsx[2m > [22m[2mHigh Render Count
[22m[39m[Mock Data] Settings created: mock-settings-1790416209206 - notified 0 subscribers
[90mstdout[2m | src/components/DebugPanel/ComponentTreeView.stories.tsx[2m > [22m[2mHigh Render Count
[22m[39m[Mock Data] Unit.onUpdate() subscription added. Total: 1
[90mstdout[2m | src/components/DebugPanel/ComponentTreeView.stories.tsx[2m > [22m[2mHigh Render Count
[22m[39m[SectionContext] Section observeQuery update: 0
[90mstdout[2m | src/components/DebugPanel/ComponentTreeView.stories.tsx[2m > [22m[2mHigh Render Count
[22m[39m[FilesContext] File observeQuery update: 6 files
[90mstdout[2m | src/components/DebugPanel/ComponentTreeView.stories.tsx[2m > [22m[2mHigh Render Count
[22m[39m[ChatContext] AssistantChat initialized with 1 chats
[90mstdout[2m | src/components/DebugPanel/ComponentTreeView.stories.tsx[2m > [22m[2mHigh Render Count
[22m[39m[ChatContext] Setting initial chat: mock-assistant-chat-1
[90mstdout[2m | src/components/DebugPanel/ComponentTreeView.stories.tsx[2m > [22m[2mHigh Render Count
[22m[39m[Mock Storage] downloadData called with: undefined
[90mstdout[2m | src/components/DebugPanel/ComponentTreeView.stories.tsx[2m > [22m[2mHigh Render Count
[22m[39m[MOCK CourseVectorStore] Initialized with mock data
[90mstdout[2m | src/components/DebugPanel/ComponentTreeView.stories.tsx[2m > [22m[2mHigh Render Count
[22m[39m[FilesContext] Vector store population triggered {
  "currentVectorStoreSize": 3,
  "documentsCount": 0,
  "filesCount": 6,
  "isInitialLoad": true,
}
[90mstdout[2m | src/components/DebugPanel/ComponentTreeView.stories.tsx[2m > [22m[2mHigh Render Count
[22m[39m[FilesContext] Vector store population complete - 3 total embeddings
[90mstdout[2m | src/components/DebugPanel/ComponentTreeView.stories.tsx[2m > [22m[2mHigh Render Count
[22m[39m[ChatContext] Chat exists and not archived, skipping creation
[90mstdout[2m | src/components/DebugPanel/ComponentTreeView.stories.tsx[2m > [22m[2mComplex Props
[22m[39m[ChatContext] Cleaning up subscriptions
[90mstdout[2m | src/components/DebugPanel/ComponentTreeView.stories.tsx[2m > [22m[2mComplex Props
[22m[39m[Mock Data] Unit.onUpdate() subscription removed. Remaining: 0
[90mstdout[2m | src/components/DebugPanel/ComponentTreeView.stories.tsx[2m > [22m[2mComplex Props
[22m[39m[MOCK CourseVectorStore] Initialized with mock data
[90mstdout[2m | src/components/DebugPanel/ComponentTreeView.stories.tsx[2m > [22m[2mComplex Props
[22m[39m[TranslationModeController] Setting mode to: off
[90mstdout[2m | src/components/DebugPanel/ComponentTreeView.stories.tsx[2m > [22m[2mComplex Props
[22m[39m[UnitContext] useEffect triggered {
  "authLoading": false,
  "hasUser": true,
  "id": "mock-unit-id",
  "userSub": "mock-user-sub",
}
[90mstdout[2m | src/components/DebugPanel/ComponentTreeView.stories.tsx[2m > [22m[2mComplex Props
[22m[39m[UnitContext] Fetching unit data for id: mock-unit-id
[90mstdout[2m | src/components/DebugPanel/ComponentTreeView.stories.tsx[2m > [22m[2mComplex Props
[22m[39m[FilesContext] Initializing vector store from IndexedDB
[90mstdout[2m | src/components/DebugPanel/ComponentTreeView.stories.tsx[2m > [22m[2mComplex Props
[22m[39m[FilesContext] fetchFiles called
[90mstdout[2m | src/components/DebugPanel/ComponentTreeView.stories.tsx[2m > [22m[2mComplex Props
[22m[39m[FilesContext] User authenticated: mock-user-sub
[90mstdout[2m | src/components/DebugPanel/ComponentTreeView.stories.tsx[2m > [22m[2mComplex Props
[22m[39m[FilesContext] Identity ID: us-east-1:mock-identity-123
[90mstdout[2m | src/components/DebugPanel/ComponentTreeView.stories.tsx[2m > [22m[2mComplex Props
[22m[39m[FilesContext] About to set up File observeQuery
[90mstdout[2m | src/components/DebugPanel/ComponentTreeView.stories.tsx[2m > [22m[2mComplex Props
[22m[39m[ChatContext] Setting up AssistantChat observeQuery
[90mstdout[2m | src/components/DebugPanel/ComponentTreeView.stories.tsx[2m > [22m[2mComplex Props
[22m[39m[ChatContext] Waiting for subscription to initialize
[90mstdout[2m | src/components/DebugPanel/ComponentTreeView.stories.tsx[2m > [22m[2mComplex Props
[22m[39m[SettingsContext] Setting up Settings subscription for user: mock-user-sub
[90mstdout[2m | src/components/DebugPanel/ComponentTreeView.stories.tsx[2m > [22m[2mComplex Props
[22m[39m[Mock Data] Settings created: mock-settings-1790416209356 - notified 0 subscribers
[90mstdout[2m | src/components/DebugPanel/ComponentTreeView.stories.tsx[2m > [22m[2mComplex Props
[22m[39m[Mock Data] Unit.onUpdate() subscription added. Total: 1
[90mstdout[2m | src/components/DebugPanel/ComponentTreeView.stories.tsx[2m > [22m[2mComplex Props
[22m[39m[SectionContext] Section observeQuery update: 0
[90mstdout[2m | src/components/DebugPanel/ComponentTreeView.stories.tsx[2m > [22m[2mComplex Props
[22m[39m[FilesContext] File observeQuery update: 6 files
[90mstdout[2m | src/components/DebugPanel/ComponentTreeView.stories.tsx[2m > [22m[2mComplex Props
[22m[39m[ChatContext] AssistantChat initialized with 1 chats
[90mstdout[2m | src/components/DebugPanel/ComponentTreeView.stories.tsx[2m > [22m[2mComplex Props
[22m[39m[ChatContext] Setting initial chat: mock-assistant-chat-1
[90mstdout[2m | src/components/DebugPanel/ComponentTreeView.stories.tsx[2m > [22m[2mComplex Props
[22m[39m[MOCK CourseVectorStore] Initialized with mock data
[90mstdout[2m | src/components/DebugPanel/ComponentTreeView.stories.tsx[2m > [22m[2mComplex Props
[22m[39m[Mock Storage] downloadData called with: undefined
[90mstdout[2m | src/components/DebugPanel/ComponentTreeView.stories.tsx[2m > [22m[2mComplex Props
[22m[39m[FilesContext] Vector store population triggered {
  "currentVectorStoreSize": 3,
  "documentsCount": 0,
  "filesCount": 6,
  "isInitialLoad": true,
}
[90mstdout[2m | src/components/DebugPanel/ComponentTreeView.stories.tsx[2m > [22m[2mComplex Props
[22m[39m[FilesContext] Vector store population complete - 3 total embeddings
[90mstdout[2m | src/components/DebugPanel/ComponentTreeView.stories.tsx[2m > [22m[2mComplex Props
[22m[39m[ChatContext] Chat exists and not archived, skipping creation
 [32m✓[39m [30m[45m storybook (chromium) [49m[39m src/components/DebugPanel/ComponentTreeView.stories.tsx [2m([22m[2m7 tests[22m[2m)[22m[33m 1081[2mms[22m[39m
[90mstdout[2m | unknown test
[22m[39m[MOCK vectorStoreDB.js] Module loaded - mock IndexedDB operations
[90mstdout[2m | unknown test
[22m[39m[Task Completion] DOM action listeners initialized
[90mstdout[2m | unknown test
[22m[39m[Task Completion] Auto-completion detector initialized
[90mstdout[2m | unknown test
[22m[39m[Preview] Task completion detector initialized
[90mstdout[2m | src/components/RecordingStudio3Modal.stories.jsx[2m > [22m[2mWord Preset
[22m[39m[MOCK CourseVectorStore] Initialized with mock data
[90mstdout[2m | src/components/RecordingStudio3Modal.stories.jsx[2m > [22m[2mWord Preset
[22m[39m[TranslationModeController] Setting mode to: off
[90mstdout[2m | src/components/RecordingStudio3Modal.stories.jsx[2m > [22m[2mWord Preset
[22m[39m[UnitContext] useEffect triggered {
  "authLoading": false,
  "hasUser": true,
  "id": "mock-unit-id",
  "userSub": "mock-user-sub",
}
[90mstdout[2m | src/components/RecordingStudio3Modal.stories.jsx[2m > [22m[2mWord Preset
[22m[39m[UnitContext] Fetching unit data for id: mock-unit-id
[90mstdout[2m | src/components/RecordingStudio3Modal.stories.jsx[2m > [22m[2mWord Preset
[22m[39m[FilesContext] Initializing vector store from IndexedDB
[90mstdout[2m | src/components/RecordingStudio3Modal.stories.jsx[2m > [22m[2mWord Preset
[22m[39m[FilesContext] fetchFiles called
[90mstdout[2m | src/components/RecordingStudio3Modal.stories.jsx[2m > [22m[2mWord Preset
[22m[39m[FilesContext] User authenticated: mock-user-sub
[90mstdout[2m | src/components/RecordingStudio3Modal.stories.jsx[2m > [22m[2mWord Preset
[22m[39m[FilesContext] Identity ID: us-east-1:mock-identity-123
[90mstdout[2m | src/components/RecordingStudio3Modal.stories.jsx[2m > [22m[2mWord Preset
[22m[39m[FilesContext] About to set up File observeQuery
[90mstdout[2m | src/components/RecordingStudio3Modal.stories.jsx[2m > [22m[2mWord Preset
[22m[39m[ChatContext] Setting up AssistantChat observeQuery
[90mstdout[2m | src/components/RecordingStudio3Modal.stories.jsx[2m > [22m[2mWord Preset
[22m[39m[ChatContext] Waiting for subscription to initialize
[90mstdout[2m | src/components/RecordingStudio3Modal.stories.jsx[2m > [22m[2mWord Preset
[22m[39m[SettingsContext] Setting up Settings subscription for user: mock-user-sub
[90mstdout[2m | src/components/RecordingStudio3Modal.stories.jsx[2m > [22m[2mWord Preset
[22m[39m[Mock Data] Settings created: mock-settings-1790416213888 - notified 0 subscribers
[90mstdout[2m | src/components/RecordingStudio3Modal.stories.jsx[2m > [22m[2mWord Preset
[22m[39m[Mock Data] Unit.onUpdate() subscription added. Total: 1
[90mstdout[2m | src/components/RecordingStudio3Modal.stories.jsx[2m > [22m[2mWord Preset
[22m[39m[SectionContext] Section observeQuery update: 0
[90mstdout[2m | src/components/RecordingStudio3Modal.stories.jsx[2m > [22m[2mWord Preset
[22m[39m[FilesContext] File observeQuery update: 6 files
[90mstdout[2m | src/components/RecordingStudio3Modal.stories.jsx[2m > [22m[2mWord Preset
[22m[39m[ChatContext] AssistantChat initialized with 1 chats
[90mstdout[2m | src/components/RecordingStudio3Modal.stories.jsx[2m > [22m[2mWord Preset
[22m[39m[ChatContext] Setting initial chat: mock-assistant-chat-1
[90mstdout[2m | src/components/RecordingStudio3Modal.stories.jsx[2m > [22m[2mWord Preset
[22m[39m[MOCK CourseVectorStore] Initialized with mock data
[90mstdout[2m | src/components/RecordingStudio3Modal.stories.jsx[2m > [22m[2mWord Preset
[22m[39m[FilesContext] Vector store population triggered {
  "currentVectorStoreSize": 3,
  "documentsCount": 0,
  "filesCount": 6,
  "isInitialLoad": true,
}
[90mstdout[2m | src/components/RecordingStudio3Modal.stories.jsx[2m > [22m[2mWord Preset
[22m[39m[FilesContext] Vector store population complete - 3 total embeddings
[90mstdout[2m | src/components/RecordingStudio3Modal.stories.jsx[2m > [22m[2mWord Preset
[22m[39m[ChatContext] Chat exists and not archived, skipping creation
[90mstdout[2m | src/components/RecordingStudio3Modal.stories.jsx[2m > [22m[2mWord Preset
[22m[39m[Mock Storage] downloadData called with: undefined
[90mstdout[2m | src/components/RecordingStudio3Modal.stories.jsx[2m > [22m[2mConversation Preset
[22m[39m[ChatContext] Cleaning up subscriptions
[90mstdout[2m | src/components/RecordingStudio3Modal.stories.jsx[2m > [22m[2mConversation Preset
[22m[39m[Mock Data] Unit.onUpdate() subscription removed. Remaining: 0
[90mstdout[2m | src/components/RecordingStudio3Modal.stories.jsx[2m > [22m[2mConversation Preset
[22m[39m[MOCK CourseVectorStore] Initialized with mock data
[90mstdout[2m | src/components/RecordingStudio3Modal.stories.jsx[2m > [22m[2mConversation Preset
[22m[39m[TranslationModeController] Setting mode to: off
[90mstdout[2m | src/components/RecordingStudio3Modal.stories.jsx[2m > [22m[2mConversation Preset
[22m[39m[UnitContext] useEffect triggered {
  "authLoading": false,
  "hasUser": true,
  "id": "mock-unit-id",
  "userSub": "mock-user-sub",
}
[90mstdout[2m | src/components/RecordingStudio3Modal.stories.jsx[2m > [22m[2mConversation Preset
[22m[39m[UnitContext] Fetching unit data for id: mock-unit-id
[90mstdout[2m | src/components/RecordingStudio3Modal.stories.jsx[2m > [22m[2mConversation Preset
[22m[39m[FilesContext] Initializing vector store from IndexedDB
[90mstdout[2m | src/components/RecordingStudio3Modal.stories.jsx[2m > [22m[2mConversation Preset
[22m[39m[FilesContext] fetchFiles called
[90mstdout[2m | src/components/RecordingStudio3Modal.stories.jsx[2m > [22m[2mConversation Preset
[22m[39m[FilesContext] User authenticated: mock-user-sub
[90mstdout[2m | src/components/RecordingStudio3Modal.stories.jsx[2m > [22m[2mConversation Preset
[22m[39m[FilesContext] Identity ID: us-east-1:mock-identity-123
[90mstdout[2m | src/components/RecordingStudio3Modal.stories.jsx[2m > [22m[2mConversation Preset
[22m[39m[FilesContext] About to set up File observeQuery
[90mstdout[2m | src/components/RecordingStudio3Modal.stories.jsx[2m > [22m[2mConversation Preset
[22m[39m[ChatContext] Setting up AssistantChat observeQuery
[90mstdout[2m | src/components/RecordingStudio3Modal.stories.jsx[2m > [22m[2mConversation Preset
[22m[39m[ChatContext] Waiting for subscription to initialize
[90mstdout[2m | src/components/RecordingStudio3Modal.stories.jsx[2m > [22m[2mConversation Preset
[22m[39m[SettingsContext] Setting up Settings subscription for user: mock-user-sub
[90mstdout[2m | src/components/RecordingStudio3Modal.stories.jsx[2m > [22m[2mConversation Preset
[22m[39m[Mock Data] Settings created: mock-settings-1790416214434 - notified 0 subscribers
[90mstdout[2m | src/components/RecordingStudio3Modal.stories.jsx[2m > [22m[2mConversation Preset
[22m[39m[Mock Data] Unit.onUpdate() subscription added. Total: 1
[90mstdout[2m | src/components/RecordingStudio3Modal.stories.jsx[2m > [22m[2mConversation Preset
[22m[39m[SectionContext] Section observeQuery update: 0
[90mstdout[2m | src/components/RecordingStudio3Modal.stories.jsx[2m > [22m[2mConversation Preset
[22m[39m[FilesContext] File observeQuery update: 6 files
[90mstdout[2m | src/components/RecordingStudio3Modal.stories.jsx[2m > [22m[2mConversation Preset
[22m[39m[ChatContext] AssistantChat initialized with 1 chats
[90mstdout[2m | src/components/RecordingStudio3Modal.stories.jsx[2m > [22m[2mConversation Preset
[22m[39m[ChatContext] Setting initial chat: mock-assistant-chat-1
[90mstdout[2m | src/components/RecordingStudio3Modal.stories.jsx[2m > [22m[2mConversation Preset
[22m[39m[MOCK CourseVectorStore] Initialized with mock data
[90mstdout[2m | src/components/RecordingStudio3Modal.stories.jsx[2m > [22m[2mConversation Preset
[22m[39m[FilesContext] Vector store population triggered {
  "currentVectorStoreSize": 3,
  "documentsCount": 0,
  "filesCount": 6,
  "isInitialLoad": true,
}
[90mstdout[2m | src/components/RecordingStudio3Modal.stories.jsx[2m > [22m[2mConversation Preset
[22m[39m[FilesContext] Vector store population complete - 3 total embeddings
[90mstdout[2m | src/components/RecordingStudio3Modal.stories.jsx[2m > [22m[2mConversation Preset
[22m[39m[ChatContext] Chat exists and not archived, skipping creation
[90mstdout[2m | src/components/RecordingStudio3Modal.stories.jsx[2m > [22m[2mConversation Preset
[22m[39m[Mock Storage] downloadData called with: undefined
[90mstdout[2m | src/components/RecordingStudio3Modal.stories.jsx[2m > [22m[2mQuestion Preset
[22m[39m[ChatContext] Cleaning up subscriptions
[90mstdout[2m | src/components/RecordingStudio3Modal.stories.jsx[2m > [22m[2mQuestion Preset
[22m[39m[Mock Data] Unit.onUpdate() subscription removed. Remaining: 0
[90mstdout[2m | src/components/RecordingStudio3Modal.stories.jsx[2m > [22m[2mQuestion Preset
[22m[39m[MOCK CourseVectorStore] Initialized with mock data
[90mstdout[2m | src/components/RecordingStudio3Modal.stories.jsx[2m > [22m[2mQuestion Preset
[22m[39m[TranslationModeController] Setting mode to: off
[90mstdout[2m | src/components/RecordingStudio3Modal.stories.jsx[2m > [22m[2mQuestion Preset
[22m[39m[UnitContext] useEffect triggered {
  "authLoading": false,
  "hasUser": true,
  "id": "mock-unit-id",
  "userSub": "mock-user-sub",
}
[90mstdout[2m | src/components/RecordingStudio3Modal.stories.jsx[2m > [22m[2mQuestion Preset
[22m[39m[UnitContext] Fetching unit data for id: mock-unit-id
[90mstdout[2m | src/components/RecordingStudio3Modal.stories.jsx[2m > [22m[2mQuestion Preset
[22m[39m[FilesContext] Initializing vector store from IndexedDB
[90mstdout[2m | src/components/RecordingStudio3Modal.stories.jsx[2m > [22m[2mQuestion Preset
[22m[39m[FilesContext] fetchFiles called
[90mstdout[2m | src/components/RecordingStudio3Modal.stories.jsx[2m > [22m[2mQuestion Preset
[22m[39m[FilesContext] User authenticated: mock-user-sub
[90mstdout[2m | src/components/RecordingStudio3Modal.stories.jsx[2m > [22m[2mQuestion Preset
[22m[39m[FilesContext] Identity ID: us-east-1:mock-identity-123
[90mstdout[2m | src/components/RecordingStudio3Modal.stories.jsx[2m > [22m[2mQuestion Preset
[22m[39m[FilesContext] About to set up File observeQuery
[90mstdout[2m | src/components/RecordingStudio3Modal.stories.jsx[2m > [22m[2mQuestion Preset
[22m[39m[ChatContext] Setting up AssistantChat observeQuery
[90mstdout[2m | src/components/RecordingStudio3Modal.stories.jsx[2m > [22m[2mQuestion Preset
[22m[39m[ChatContext] Waiting for subscription to initialize
[90mstdout[2m | src/components/RecordingStudio3Modal.stories.jsx[2m > [22m[2mQuestion Preset
[22m[39m[SettingsContext] Setting up Settings subscription for user: mock-user-sub
[90mstdout[2m | src/components/RecordingStudio3Modal.stories.jsx[2m > [22m[2mQuestion Preset
[22m[39m[Mock Data] Settings created: mock-settings-1790416214881 - notified 0 subscribers
[90mstdout[2m | src/components/RecordingStudio3Modal.stories.jsx[2m > [22m[2mQuestion Preset
[22m[39m[Mock Data] Unit.onUpdate() subscription added. Total: 1
[90mstdout[2m | src/components/RecordingStudio3Modal.stories.jsx[2m > [22m[2mQuestion Preset
[22m[39m[SectionContext] Section observeQuery update: 0
[90mstdout[2m | src/components/RecordingStudio3Modal.stories.jsx[2m > [22m[2mQuestion Preset
[22m[39m[FilesContext] File observeQuery update: 6 files
[90mstdout[2m | src/components/RecordingStudio3Modal.stories.jsx[2m > [22m[2mQuestion Preset
[22m[39m[ChatContext] AssistantChat initialized with 1 chats
[90mstdout[2m | src/components/RecordingStudio3Modal.stories.jsx[2m > [22m[2mQuestion Preset
[22m[39m[ChatContext] Setting initial chat: mock-assistant-chat-1
[90mstdout[2m | src/components/RecordingStudio3Modal.stories.jsx[2m > [22m[2mQuestion Preset
[22m[39m[MOCK CourseVectorStore] Initialized with mock data
[90mstdout[2m | src/components/RecordingStudio3Modal.stories.jsx[2m > [22m[2mQuestion Preset
[22m[39m[FilesContext] Vector store population triggered {
  "currentVectorStoreSize": 3,
  "documentsCount": 0,
  "filesCount": 6,
  "isInitialLoad": true,
}
[90mstdout[2m | src/components/RecordingStudio3Modal.stories.jsx[2m > [22m[2mQuestion Preset
[22m[39m[FilesContext] Vector store population complete - 3 total embeddings
[90mstdout[2m | src/components/RecordingStudio3Modal.stories.jsx[2m > [22m[2mQuestion Preset
[22m[39m[ChatContext] Chat exists and not archived, skipping creation
[90mstdout[2m | src/components/RecordingStudio3Modal.stories.jsx[2m > [22m[2mQuestion Preset
[22m[39m[Mock Storage] downloadData called with: undefined
[90mstdout[2m | src/components/RecordingStudio3Modal.stories.jsx[2m > [22m[2mConfirmation Preview
[22m[39m[ChatContext] Cleaning up subscriptions
[90mstdout[2m | src/components/RecordingStudio3Modal.stories.jsx[2m > [22m[2mConfirmation Preview
[22m[39m[Mock Data] Unit.onUpdate() subscription removed. Remaining: 0
[90mstdout[2m | src/components/RecordingStudio3Modal.stories.jsx[2m > [22m[2mConfirmation Preview
[22m[39m[MOCK CourseVectorStore] Initialized with mock data
[90mstdout[2m | src/components/RecordingStudio3Modal.stories.jsx[2m > [22m[2mConfirmation Preview
[22m[39m[TranslationModeController] Setting mode to: off
[90mstdout[2m | src/components/RecordingStudio3Modal.stories.jsx[2m > [22m[2mConfirmation Preview
[22m[39m[UnitContext] useEffect triggered {
  "authLoading": false,
  "hasUser": true,
  "id": "mock-unit-id",
  "userSub": "mock-user-sub",
}
[90mstdout[2m | src/components/RecordingStudio3Modal.stories.jsx[2m > [22m[2mConfirmation Preview
[22m[39m[UnitContext] Fetching unit data for id: mock-unit-id
[90mstdout[2m | src/components/RecordingStudio3Modal.stories.jsx[2m > [22m[2mConfirmation Preview
[22m[39m[FilesContext] Initializing vector store from IndexedDB
[90mstdout[2m | src/components/RecordingStudio3Modal.stories.jsx[2m > [22m[2mConfirmation Preview
[22m[39m[FilesContext] fetchFiles called
[90mstdout[2m | src/components/RecordingStudio3Modal.stories.jsx[2m > [22m[2mConfirmation Preview
[22m[39m[FilesContext] User authenticated: mock-user-sub
[90mstdout[2m | src/components/RecordingStudio3Modal.stories.jsx[2m > [22m[2mConfirmation Preview
[22m[39m[FilesContext] Identity ID: us-east-1:mock-identity-123
[90mstdout[2m | src/components/RecordingStudio3Modal.stories.jsx[2m > [22m[2mConfirmation Preview
[22m[39m[FilesContext] About to set up File observeQuery
[90mstdout[2m | src/components/RecordingStudio3Modal.stories.jsx[2m > [22m[2mConfirmation Preview
[22m[39m[ChatContext] Setting up AssistantChat observeQuery
[90mstdout[2m | src/components/RecordingStudio3Modal.stories.jsx[2m > [22m[2mConfirmation Preview
[22m[39m[ChatContext] Waiting for subscription to initialize
[90mstdout[2m | src/components/RecordingStudio3Modal.stories.jsx[2m > [22m[2mConfirmation Preview
[22m[39m[SettingsContext] Setting up Settings subscription for user: mock-user-sub
[90mstdout[2m | src/components/RecordingStudio3Modal.stories.jsx[2m > [22m[2mConfirmation Preview
[22m[39m[Mock Data] Settings created: mock-settings-1790416215392 - notified 0 subscribers
[90mstdout[2m | src/components/RecordingStudio3Modal.stories.jsx[2m > [22m[2mConfirmation Preview
[22m[39m[Mock Data] Unit.onUpdate() subscription added. Total: 1
[90mstdout[2m | src/components/RecordingStudio3Modal.stories.jsx[2m > [22m[2mConfirmation Preview
[22m[39m[SectionContext] Section observeQuery update: 0
[90mstdout[2m | src/components/RecordingStudio3Modal.stories.jsx[2m > [22m[2mConfirmation Preview
[22m[39m[FilesContext] File observeQuery update: 6 files
[90mstdout[2m | src/components/RecordingStudio3Modal.stories.jsx[2m > [22m[2mConfirmation Preview
[22m[39m[ChatContext] AssistantChat initialized with 1 chats
[90mstdout[2m | src/components/RecordingStudio3Modal.stories.jsx[2m > [22m[2mConfirmation Preview
[22m[39m[ChatContext] Setting initial chat: mock-assistant-chat-1
[90mstdout[2m | src/components/RecordingStudio3Modal.stories.jsx[2m > [22m[2mConfirmation Preview
[22m[39m[MOCK CourseVectorStore] Initialized with mock data
[90mstdout[2m | src/components/RecordingStudio3Modal.stories.jsx[2m > [22m[2mConfirmation Preview
[22m[39m[FilesContext] Vector store population triggered {
  "currentVectorStoreSize": 3,
  "documentsCount": 0,
  "filesCount": 6,
  "isInitialLoad": true,
}
[90mstdout[2m | src/components/RecordingStudio3Modal.stories.jsx[2m > [22m[2mConfirmation Preview
[22m[39m[FilesContext] Vector store population complete - 3 total embeddings
[90mstdout[2m | src/components/RecordingStudio3Modal.stories.jsx[2m > [22m[2mConfirmation Preview
[22m[39m[ChatContext] Chat exists and not archived, skipping creation
[90mstdout[2m | src/components/RecordingStudio3Modal.stories.jsx[2m > [22m[2mConfirmation Preview
[22m[39m[Mock Storage] downloadData called with: undefined
[90mstdout[2m | src/components/RecordingStudio3Modal.stories.jsx[2m > [22m[2mConfirmation Preview
[22m[39mfilterWords {
  "filter": "",
  "wordsCount": 0,
}
[90mstdout[2m | src/components/RecordingStudio3Modal.stories.jsx[2m > [22m[2mRead Only
[22m[39m[ChatContext] Cleaning up subscriptions
[90mstdout[2m | src/components/RecordingStudio3Modal.stories.jsx[2m > [22m[2mRead Only
[22m[39m[Mock Data] Unit.onUpdate() subscription removed. Remaining: 0
[90mstdout[2m | src/components/RecordingStudio3Modal.stories.jsx[2m > [22m[2mRead Only
[22m[39m[MOCK CourseVectorStore] Initialized with mock data
[90mstdout[2m | src/components/RecordingStudio3Modal.stories.jsx[2m > [22m[2mRead Only
[22m[39m[TranslationModeController] Setting mode to: off
[90mstdout[2m | src/components/RecordingStudio3Modal.stories.jsx[2m > [22m[2mRead Only
[22m[39m[UnitContext] useEffect triggered {
  "authLoading": false,
  "hasUser": true,
  "id": "mock-unit-id",
  "userSub": "mock-user-sub",
}
[90mstdout[2m | src/components/RecordingStudio3Modal.stories.jsx[2m > [22m[2mRead Only
[22m[39m[UnitContext] Fetching unit data for id: mock-unit-id
[90mstdout[2m | src/components/RecordingStudio3Modal.stories.jsx[2m > [22m[2mRead Only
[22m[39m[FilesContext] Initializing vector store from IndexedDB
[90mstdout[2m | src/components/RecordingStudio3Modal.stories.jsx[2m > [22m[2mRead Only
[22m[39m[FilesContext] fetchFiles called
[90mstdout[2m | src/components/RecordingStudio3Modal.stories.jsx[2m > [22m[2mRead Only
[22m[39m[FilesContext] User authenticated: mock-user-sub
[90mstdout[2m | src/components/RecordingStudio3Modal.stories.jsx[2m > [22m[2mRead Only
[22m[39m[FilesContext] Identity ID: us-east-1:mock-identity-123
[90mstdout[2m | src/components/RecordingStudio3Modal.stories.jsx[2m > [22m[2mRead Only
[22m[39m[FilesContext] About to set up File observeQuery
[90mstdout[2m | src/components/RecordingStudio3Modal.stories.jsx[2m > [22m[2mRead Only
[22m[39m[ChatContext] Setting up AssistantChat observeQuery
[90mstdout[2m | src/components/RecordingStudio3Modal.stories.jsx[2m > [22m[2mRead Only
[22m[39m[ChatContext] Waiting for subscription to initialize
[90mstdout[2m | src/components/RecordingStudio3Modal.stories.jsx[2m > [22m[2mRead Only
[22m[39m[SettingsContext] Setting up Settings subscription for user: mock-user-sub
[90mstdout[2m | src/components/RecordingStudio3Modal.stories.jsx[2m > [22m[2mRead Only
[22m[39m[Mock Data] Settings created: mock-settings-1790416216232 - notified 0 subscribers
[90mstdout[2m | src/components/RecordingStudio3Modal.stories.jsx[2m > [22m[2mRead Only
[22m[39m[Mock Data] Unit.onUpdate() subscription added. Total: 1
[90mstdout[2m | src/components/RecordingStudio3Modal.stories.jsx[2m > [22m[2mRead Only
[22m[39m[SectionContext] Section observeQuery update: 0
[90mstdout[2m | src/components/RecordingStudio3Modal.stories.jsx[2m > [22m[2mRead Only
[22m[39m[FilesContext] File observeQuery update: 6 files
[90mstdout[2m | src/components/RecordingStudio3Modal.stories.jsx[2m > [22m[2mRead Only
[22m[39m[ChatContext] AssistantChat initialized with 1 chats
[90mstdout[2m | src/components/RecordingStudio3Modal.stories.jsx[2m > [22m[2mRead Only
[22m[39m[ChatContext] Setting initial chat: mock-assistant-chat-1
[90mstdout[2m | src/components/RecordingStudio3Modal.stories.jsx[2m > [22m[2mRead Only
[22m[39m[MOCK CourseVectorStore] Initialized with mock data
[90mstdout[2m | src/components/RecordingStudio3Modal.stories.jsx[2m > [22m[2mRead Only
[22m[39m[FilesContext] Vector store population triggered {
  "currentVectorStoreSize": 3,
  "documentsCount": 0,
  "filesCount": 6,
  "isInitialLoad": true,
}
[90mstdout[2m | src/components/RecordingStudio3Modal.stories.jsx[2m > [22m[2mRead Only
[22m[39m[FilesContext] Vector store population complete - 3 total embeddings
[90mstdout[2m | src/components/RecordingStudio3Modal.stories.jsx[2m > [22m[2mRead Only
[22m[39m[ChatContext] Chat exists and not archived, skipping creation
[90mstdout[2m | src/components/RecordingStudio3Modal.stories.jsx[2m > [22m[2mRead Only
[22m[39m[Mock Storage] downloadData called with: undefined
[90mstdout[2m | src/components/RecordingStudio3Modal.stories.jsx[2m > [22m[2mConversation With Recorded Takes
[22m[39m[ChatContext] Cleaning up subscriptions
[90mstdout[2m | src/components/RecordingStudio3Modal.stories.jsx[2m > [22m[2mConversation With Recorded Takes
[22m[39m[Mock Data] Unit.onUpdate() subscription removed. Remaining: 0
[90mstdout[2m | src/components/RecordingStudio3Modal.stories.jsx[2m > [22m[2mConversation With Recorded Takes
[22m[39m[MOCK CourseVectorStore] Initialized with mock data
[90mstdout[2m | src/components/RecordingStudio3Modal.stories.jsx[2m > [22m[2mConversation With Recorded Takes
[22m[39m[TranslationModeController] Setting mode to: off
[90mstdout[2m | src/components/RecordingStudio3Modal.stories.jsx[2m > [22m[2mConversation With Recorded Takes
[22m[39m[UnitContext] useEffect triggered {
  "authLoading": false,
  "hasUser": true,
  "id": "mock-unit-id",
  "userSub": "mock-user-sub",
}
[90mstdout[2m | src/components/RecordingStudio3Modal.stories.jsx[2m > [22m[2mConversation With Recorded Takes
[22m[39m[UnitContext] Fetching unit data for id: mock-unit-id
[90mstdout[2m | src/components/RecordingStudio3Modal.stories.jsx[2m > [22m[2mConversation With Recorded Takes
[22m[39m[FilesContext] Initializing vector store from IndexedDB
[90mstdout[2m | src/components/RecordingStudio3Modal.stories.jsx[2m > [22m[2mConversation With Recorded Takes
[22m[39m[FilesContext] fetchFiles called
[90mstdout[2m | src/components/RecordingStudio3Modal.stories.jsx[2m > [22m[2mConversation With Recorded Takes
[22m[39m[FilesContext] User authenticated: mock-user-sub
[90mstdout[2m | src/components/RecordingStudio3Modal.stories.jsx[2m > [22m[2mConversation With Recorded Takes
[22m[39m[FilesContext] Identity ID: us-east-1:mock-identity-123
[90mstdout[2m | src/components/RecordingStudio3Modal.stories.jsx[2m > [22m[2mConversation With Recorded Takes
[22m[39m[FilesContext] About to set up File observeQuery
[90mstdout[2m | src/components/RecordingStudio3Modal.stories.jsx[2m > [22m[2mConversation With Recorded Takes
[22m[39m[ChatContext] Setting up AssistantChat observeQuery
[90mstdout[2m | src/components/RecordingStudio3Modal.stories.jsx[2m > [22m[2mConversation With Recorded Takes
[22m[39m[ChatContext] Waiting for subscription to initialize
[90mstdout[2m | src/components/RecordingStudio3Modal.stories.jsx[2m > [22m[2mConversation With Recorded Takes
[22m[39m[SettingsContext] Setting up Settings subscription for user: mock-user-sub
[90mstdout[2m | src/components/RecordingStudio3Modal.stories.jsx[2m > [22m[2mConversation With Recorded Takes
[22m[39m[Mock Data] Settings created: mock-settings-1790416216767 - notified 0 subscribers
[90mstdout[2m | src/components/RecordingStudio3Modal.stories.jsx[2m > [22m[2mConversation With Recorded Takes
[22m[39m[Mock Data] Unit.onUpdate() subscription added. Total: 1
[90mstdout[2m | src/components/RecordingStudio3Modal.stories.jsx[2m > [22m[2mConversation With Recorded Takes
[22m[39m[SectionContext] Section observeQuery update: 0
[90mstdout[2m | src/components/RecordingStudio3Modal.stories.jsx[2m > [22m[2mConversation With Recorded Takes
[22m[39m[FilesContext] File observeQuery update: 6 files
[90mstdout[2m | src/components/RecordingStudio3Modal.stories.jsx[2m > [22m[2mConversation With Recorded Takes
[22m[39m[ChatContext] AssistantChat initialized with 1 chats
[90mstdout[2m | src/components/RecordingStudio3Modal.stories.jsx[2m > [22m[2mConversation With Recorded Takes
[22m[39m[ChatContext] Setting initial chat: mock-assistant-chat-1
[90mstdout[2m | src/components/RecordingStudio3Modal.stories.jsx[2m > [22m[2mConversation With Recorded Takes
[22m[39m[MOCK CourseVectorStore] Initialized with mock data
[90mstdout[2m | src/components/RecordingStudio3Modal.stories.jsx[2m > [22m[2mConversation With Recorded Takes
[22m[39m[FilesContext] Vector store population triggered {
  "currentVectorStoreSize": 3,
  "documentsCount": 0,
  "filesCount": 6,
  "isInitialLoad": true,
}
[90mstdout[2m | src/components/RecordingStudio3Modal.stories.jsx[2m > [22m[2mConversation With Recorded Takes
[22m[39m[FilesContext] Vector store population complete - 3 total embeddings
[90mstdout[2m | src/components/RecordingStudio3Modal.stories.jsx[2m > [22m[2mConversation With Recorded Takes
[22m[39m[ChatContext] Chat exists and not archived, skipping creation
[90mstdout[2m | src/components/RecordingStudio3Modal.stories.jsx[2m > [22m[2mConversation With Recorded Takes
[22m[39m[Mock Storage] downloadData called with: undefined
[90mstdout[2m | src/components/RecordingStudio3Modal.stories.jsx[2m > [22m[2mClosed
[22m[39m[ChatContext] Cleaning up subscriptions
[90mstdout[2m | src/components/RecordingStudio3Modal.stories.jsx[2m > [22m[2mClosed
[22m[39m[Mock Data] Unit.onUpdate() subscription removed. Remaining: 0
[90mstdout[2m | src/components/RecordingStudio3Modal.stories.jsx[2m > [22m[2mClosed
[22m[39m[MOCK CourseVectorStore] Initialized with mock data
[90mstdout[2m | src/components/RecordingStudio3Modal.stories.jsx[2m > [22m[2mClosed
[22m[39m[TranslationModeController] Setting mode to: off
[90mstdout[2m | src/components/RecordingStudio3Modal.stories.jsx[2m > [22m[2mClosed
[22m[39m[UnitContext] useEffect triggered {
  "authLoading": false,
  "hasUser": true,
  "id": "mock-unit-id",
  "userSub": "mock-user-sub",
}
[90mstdout[2m | src/components/RecordingStudio3Modal.stories.jsx[2m > [22m[2mClosed
[22m[39m[UnitContext] Fetching unit data for id: mock-unit-id
[90mstdout[2m | src/components/RecordingStudio3Modal.stories.jsx[2m > [22m[2mClosed
[22m[39m[FilesContext] Initializing vector store from IndexedDB
[90mstdout[2m | src/components/RecordingStudio3Modal.stories.jsx[2m > [22m[2mClosed
[22m[39m[FilesContext] fetchFiles called
[90mstdout[2m | src/components/RecordingStudio3Modal.stories.jsx[2m > [22m[2mClosed
[22m[39m[FilesContext] User authenticated: mock-user-sub
[90mstdout[2m | src/components/RecordingStudio3Modal.stories.jsx[2m > [22m[2mClosed
[22m[39m[FilesContext] Identity ID: us-east-1:mock-identity-123
[90mstdout[2m | src/components/RecordingStudio3Modal.stories.jsx[2m > [22m[2mClosed
[22m[39m[FilesContext] About to set up File observeQuery
[90mstdout[2m | src/components/RecordingStudio3Modal.stories.jsx[2m > [22m[2mClosed
[22m[39m[ChatContext] Setting up AssistantChat observeQuery
[90mstdout[2m | src/components/RecordingStudio3Modal.stories.jsx[2m > [22m[2mClosed
[22m[39m[ChatContext] Waiting for subscription to initialize
[90mstdout[2m | src/components/RecordingStudio3Modal.stories.jsx[2m > [22m[2mClosed
[22m[39m[SettingsContext] Setting up Settings subscription for user: mock-user-sub
[90mstdout[2m | src/components/RecordingStudio3Modal.stories.jsx[2m > [22m[2mClosed
[22m[39m[Mock Data] Settings created: mock-settings-1790416217044 - notified 0 subscribers
[90mstdout[2m | src/components/RecordingStudio3Modal.stories.jsx[2m > [22m[2mClosed
[22m[39m[Mock Data] Unit.onUpdate() subscription added. Total: 1
[90mstdout[2m | src/components/RecordingStudio3Modal.stories.jsx[2m > [22m[2mClosed
[22m[39m[SectionContext] Section observeQuery update: 0
[90mstdout[2m | src/components/RecordingStudio3Modal.stories.jsx[2m > [22m[2mClosed
[22m[39m[FilesContext] File observeQuery update: 6 files
[90mstdout[2m | src/components/RecordingStudio3Modal.stories.jsx[2m > [22m[2mClosed
[22m[39m[MOCK CourseVectorStore] Initialized with mock data
[90mstdout[2m | src/components/RecordingStudio3Modal.stories.jsx[2m > [22m[2mClosed
[22m[39m[FilesContext] Vector store population triggered {
  "currentVectorStoreSize": 3,
  "documentsCount": 0,
  "filesCount": 6,
  "isInitialLoad": true,
}
[90mstdout[2m | src/components/RecordingStudio3Modal.stories.jsx[2m > [22m[2mClosed
[22m[39m[FilesContext] Vector store population complete - 3 total embeddings
[90mstdout[2m | src/components/RecordingStudio3Modal.stories.jsx[2m > [22m[2mClosed
[22m[39m[ChatContext] AssistantChat initialized with 1 chats
[90mstdout[2m | src/components/RecordingStudio3Modal.stories.jsx[2m > [22m[2mClosed
[22m[39m[ChatContext] Setting initial chat: mock-assistant-chat-1
[90mstdout[2m | src/components/RecordingStudio3Modal.stories.jsx[2m > [22m[2mClosed
[22m[39m[Mock Storage] downloadData called with: undefined
[90mstdout[2m | src/components/RecordingStudio3Modal.stories.jsx[2m > [22m[2mClosed
[22m[39m[ChatContext] Chat exists and not archived, skipping creation
[90mstdout[2m | src/components/RecordingStudio3Modal.stories.jsx[2m > [22m[2mInteractive
[22m[39m[ChatContext] Cleaning up subscriptions
[90mstdout[2m | src/components/RecordingStudio3Modal.stories.jsx[2m > [22m[2mInteractive
[22m[39m[Mock Data] Unit.onUpdate() subscription removed. Remaining: 0
[90mstdout[2m | src/components/RecordingStudio3Modal.stories.jsx[2m > [22m[2mInteractive
[22m[39m[MOCK CourseVectorStore] Initialized with mock data
[90mstdout[2m | src/components/RecordingStudio3Modal.stories.jsx[2m > [22m[2mInteractive
[22m[39m[TranslationModeController] Setting mode to: off
[90mstdout[2m | src/components/RecordingStudio3Modal.stories.jsx[2m > [22m[2mInteractive
[22m[39m[UnitContext] useEffect triggered {
  "authLoading": false,
  "hasUser": true,
  "id": "mock-unit-id",
  "userSub": "mock-user-sub",
}
[90mstdout[2m | src/components/RecordingStudio3Modal.stories.jsx[2m > [22m[2mInteractive
[22m[39m[UnitContext] Fetching unit data for id: mock-unit-id
[90mstdout[2m | src/components/RecordingStudio3Modal.stories.jsx[2m > [22m[2mInteractive
[22m[39m[FilesContext] Initializing vector store from IndexedDB
[90mstdout[2m | src/components/RecordingStudio3Modal.stories.jsx[2m > [22m[2mInteractive
[22m[39m[FilesContext] fetchFiles called
[90mstdout[2m | src/components/RecordingStudio3Modal.stories.jsx[2m > [22m[2mInteractive
[22m[39m[FilesContext] User authenticated: mock-user-sub
[90mstdout[2m | src/components/RecordingStudio3Modal.stories.jsx[2m > [22m[2mInteractive
[22m[39m[FilesContext] Identity ID: us-east-1:mock-identity-123
[90mstdout[2m | src/components/RecordingStudio3Modal.stories.jsx[2m > [22m[2mInteractive
[22m[39m[FilesContext] About to set up File observeQuery
[90mstdout[2m | src/components/RecordingStudio3Modal.stories.jsx[2m > [22m[2mInteractive
[22m[39m[ChatContext] Setting up AssistantChat observeQuery
[90mstdout[2m | src/components/RecordingStudio3Modal.stories.jsx[2m > [22m[2mInteractive
[22m[39m[ChatContext] Waiting for subscription to initialize
[90mstdout[2m | src/components/RecordingStudio3Modal.stories.jsx[2m > [22m[2mInteractive
[22m[39m[SettingsContext] Setting up Settings subscription for user: mock-user-sub
[90mstdout[2m | src/components/RecordingStudio3Modal.stories.jsx[2m > [22m[2mInteractive
[22m[39m[Mock Data] Settings created: mock-settings-1790416217127 - notified 0 subscribers
[90mstdout[2m | src/components/RecordingStudio3Modal.stories.jsx[2m > [22m[2mInteractive
[22m[39m[Mock Data] Unit.onUpdate() subscription added. Total: 1
[90mstdout[2m | src/components/RecordingStudio3Modal.stories.jsx[2m > [22m[2mInteractive
[22m[39m[SectionContext] Section observeQuery update: 0
[90mstdout[2m | src/components/RecordingStudio3Modal.stories.jsx[2m > [22m[2mInteractive
[22m[39m[FilesContext] File observeQuery update: 6 files
[90mstdout[2m | src/components/RecordingStudio3Modal.stories.jsx[2m > [22m[2mInteractive
[22m[39m[ChatContext] AssistantChat initialized with 1 chats
[90mstdout[2m | src/components/RecordingStudio3Modal.stories.jsx[2m > [22m[2mInteractive
[22m[39m[ChatContext] Setting initial chat: mock-assistant-chat-1
[90mstdout[2m | src/components/RecordingStudio3Modal.stories.jsx[2m > [22m[2mInteractive
[22m[39m[Mock Storage] downloadData called with: undefined
[90mstdout[2m | src/components/RecordingStudio3Modal.stories.jsx[2m > [22m[2mInteractive
[22m[39m[MOCK CourseVectorStore] Initialized with mock data
[90mstdout[2m | src/components/RecordingStudio3Modal.stories.jsx[2m > [22m[2mInteractive
[22m[39m[FilesContext] Vector store population triggered {
  "currentVectorStoreSize": 3,
  "documentsCount": 0,
  "filesCount": 6,
  "isInitialLoad": true,
}
[90mstdout[2m | src/components/RecordingStudio3Modal.stories.jsx[2m > [22m[2mInteractive
[22m[39m[FilesContext] Vector store population complete - 3 total embeddings
[90mstdout[2m | src/components/RecordingStudio3Modal.stories.jsx[2m > [22m[2mInteractive
[22m[39m[ChatContext] Chat exists and not archived, skipping creation
[90mstdout[2m | src/components/RecordingStudio3Modal.stories.jsx
[22m[39m
════════════════════════════════════════════════════════════
[90mstdout[2m | src/components/RecordingStudio3Modal.stories.jsx
[22m[39m  STORYBOOK AUDIT — 1 issue(s) in 8 stories
[90mstdout[2m | src/components/RecordingStudio3Modal.stories.jsx
[22m[39m════════════════════════════════════════════════════════════
[90mstdout[2m | src/components/RecordingStudio3Modal.stories.jsx
[22m[39m  CONSOLE ERRORS (1 total across 1 unique):
[90mstdout[2m | src/components/RecordingStudio3Modal.stories.jsx
[22m[39m    [1x] Cannot update a component (`%s`) while rendering a different component (`%s`). To locate the bad set
[90mstdout[2m | src/components/RecordingStudio3Modal.stories.jsx
[22m[39m
[90mstdout[2m | src/components/RecordingStudio3Modal.stories.jsx
[22m[39m  STORIES WITH ISSUES:
[90mstdout[2m | src/components/RecordingStudio3Modal.stories.jsx
[22m[39m    • Confirmation Preview (1 console)
[90mstdout[2m | src/components/RecordingStudio3Modal.stories.jsx
[22m[39m
[90mstdout[2m | src/components/RecordingStudio3Modal.stories.jsx
[22m[39m  VERDICT: ISSUES FOUND
[90mstdout[2m | src/components/RecordingStudio3Modal.stories.jsx
[22m[39m════════════════════════════════════════════════════════════

 [32m✓[39m [30m[45m storybook (chromium) [49m[39m src/components/RecordingStudio3Modal.stories.jsx [2m([22m[2m8 tests[22m[2m)[22m[33m 3566[2mms[22m[39m
   [33m[2m✓[22m[39m Word Preset [33m 699[2mms[22m[39m
   [33m[2m✓[22m[39m Conversation Preset [33m 371[2mms[22m[39m
   [33m[2m✓[22m[39m Question Preset [33m 505[2mms[22m[39m
   [33m[2m✓[22m[39m Confirmation Preview [33m 866[2mms[22m[39m
   [33m[2m✓[22m[39m Read Only [33m 479[2mms[22m[39m
   [33m[2m✓[22m[39m Conversation With Recorded Takes [33m 462[2mms[22m[39m
[90mstdout[2m | unknown test
[22m[39m[MOCK vectorStoreDB.js] Module loaded - mock IndexedDB operations
[90mstdout[2m | unknown test
[22m[39m[Task Completion] DOM action listeners initialized
[90mstdout[2m | unknown test
[22m[39m[Task Completion] Auto-completion detector initialized
[90mstdout[2m | unknown test
[22m[39m[Preview] Task completion detector initialized
[90mstdout[2m | src/components/PdfThumbnail.stories.tsx[2m > [22m[2mDefault
[22m[39m[TranslationModeController] Setting mode to: off
[90mstdout[2m | src/components/PdfThumbnail.stories.tsx[2m > [22m[2mWith Page Number
[22m[39m[TranslationModeController] Setting mode to: off
[90mstdout[2m | src/components/PdfThumbnail.stories.tsx[2m > [22m[2mLarge Thumbnail
[22m[39m[TranslationModeController] Setting mode to: off
[90mstdout[2m | src/components/PdfThumbnail.stories.tsx[2m > [22m[2mSmall Thumbnail
[22m[39m[TranslationModeController] Setting mode to: off
[90mstdout[2m | src/components/PdfThumbnail.stories.tsx[2m > [22m[2mClickable
[22m[39m[TranslationModeController] Setting mode to: off
[90mstdout[2m | src/components/PdfThumbnail.stories.tsx[2m > [22m[2mFile List Example
[22m[39m[TranslationModeController] Setting mode to: off
[90mstdout[2m | src/components/PdfThumbnail.stories.tsx[2m > [22m[2mThumbnail Grid
[22m[39m[TranslationModeController] Setting mode to: off
[90mstdout[2m | src/components/PdfThumbnail.stories.tsx[2m > [22m[2mLoading State
[22m[39m[TranslationModeController] Setting mode to: off
[90mstdout[2m | src/components/PdfThumbnail.stories.tsx[2m > [22m[2mError State
[22m[39m[TranslationModeController] Setting mode to: off
[90mstdout[2m | src/components/PdfThumbnail.stories.tsx[2m > [22m[2mNo Border
[22m[39m[TranslationModeController] Setting mode to: off
[90mstdout[2m | src/components/PdfThumbnail.stories.tsx[2m > [22m[2mDocument Reference Badge
[22m[39m[TranslationModeController] Setting mode to: off
[90mstdout[2m | src/components/PdfThumbnail.stories.tsx
[22m[39m
════════════════════════════════════════════════════════════
[90mstdout[2m | src/components/PdfThumbnail.stories.tsx
[22m[39m  STORYBOOK AUDIT — 1 issue(s) in 11 stories
[90mstdout[2m | src/components/PdfThumbnail.stories.tsx
[22m[39m════════════════════════════════════════════════════════════
[90mstdout[2m | src/components/PdfThumbnail.stories.tsx
[22m[39m  NETWORK FAILURES / 404s (1 total):
[90mstdout[2m | src/components/PdfThumbnail.stories.tsx
[22m[39m    [1x] https://example.com/invalid.pdf: Failed to fetch
[90mstdout[2m | src/components/PdfThumbnail.stories.tsx
[22m[39m
[90mstdout[2m | src/components/PdfThumbnail.stories.tsx
[22m[39m  STORIES WITH ISSUES:
[90mstdout[2m | src/components/PdfThumbnail.stories.tsx
[22m[39m    • Document Reference Badge (1 network)
[90mstdout[2m | src/components/PdfThumbnail.stories.tsx
[22m[39m
[90mstdout[2m | src/components/PdfThumbnail.stories.tsx
[22m[39m  VERDICT: ISSUES FOUND
[90mstdout[2m | src/components/PdfThumbnail.stories.tsx
[22m[39m════════════════════════════════════════════════════════════

 [32m✓[39m [30m[45m storybook (chromium) [49m[39m src/components/PdfThumbnail.stories.tsx [2m([22m[2m11 tests[22m[2m)[22m[33m 1084[2mms[22m[39m
[90mstdout[2m | unknown test
[22m[39m[MOCK vectorStoreDB.js] Module loaded - mock IndexedDB operations
[90mstdout[2m | unknown test
[22m[39m[Task Completion] DOM action listeners initialized
[90mstdout[2m | unknown test
[22m[39m[Task Completion] Auto-completion detector initialized
[90mstdout[2m | unknown test
[22m[39m[Preview] Task completion detector initialized
[90mstdout[2m | src/components/Gamification/ArmorEditor.stories.tsx[2m > [22m[2mDefault
[22m[39m[TranslationModeController] Setting mode to: off
[90mstdout[2m | src/components/Gamification/ArmorEditor.stories.tsx[2m > [22m[2mWith Initial Config
[22m[39m[TranslationModeController] Setting mode to: off
[90mstdout[2m | src/components/Gamification/ArmorEditor.stories.tsx[2m > [22m[2mQuartered Shield
[22m[39m[TranslationModeController] Setting mode to: off
[90mstdout[2m | src/components/Gamification/ArmorEditor.stories.tsx[2m > [22m[2mChevron Band
[22m[39m[TranslationModeController] Setting mode to: off
[90mstdout[2m | src/components/Gamification/ArmorEditor.stories.tsx[2m > [22m[2mSaltire Cross
[22m[39m[TranslationModeController] Setting mode to: off
[90mstdout[2m | src/components/Gamification/ArmorEditor.stories.tsx[2m > [22m[2mBend With Border
[22m[39m[TranslationModeController] Setting mode to: off
[90mstdout[2m | src/components/Gamification/ArmorEditor.stories.tsx[2m > [22m[2mChief Band
[22m[39m[TranslationModeController] Setting mode to: off
[90mstdout[2m | src/components/Gamification/ArmorEditor.stories.tsx[2m > [22m[2mLarge Charge
[22m[39m[TranslationModeController] Setting mode to: off
[90mstdout[2m | src/components/Gamification/ArmorEditor.stories.tsx[2m > [22m[2mMultiple Charges
[22m[39m[TranslationModeController] Setting mode to: off
 [32m✓[39m [30m[45m storybook (chromium) [49m[39m src/components/Gamification/ArmorEditor.stories.tsx [2m([22m[2m9 tests[22m[2m)[22m[33m 3275[2mms[22m[39m
   [33m[2m✓[22m[39m Default [33m 372[2mms[22m[39m
   [33m[2m✓[22m[39m With Initial Config [33m 423[2mms[22m[39m
   [33m[2m✓[22m[39m Quartered Shield [33m 388[2mms[22m[39m
   [33m[2m✓[22m[39m Chevron Band [33m 382[2mms[22m[39m
   [33m[2m✓[22m[39m Saltire Cross [33m 332[2mms[22m[39m
   [33m[2m✓[22m[39m Bend With Border [33m 355[2mms[22m[39m
   [33m[2m✓[22m[39m Large Charge [33m 313[2mms[22m[39m
   [33m[2m✓[22m[39m Multiple Charges [33m 421[2mms[22m[39m
[90mstdout[2m | unknown test
[22m[39m[MOCK vectorStoreDB.js] Module loaded - mock IndexedDB operations
[90mstdout[2m | unknown test
[22m[39m[Task Completion] DOM action listeners initialized
[90mstdout[2m | unknown test
[22m[39m[Task Completion] Auto-completion detector initialized
[90mstdout[2m | unknown test
[22m[39m[Preview] Task completion detector initialized
[90mstdout[2m | src/components/Dashboard/SectionPanel.stories.tsx[2m > [22m[2mMixed Progress
[22m[39m[TranslationModeController] Setting mode to: off
[90mstdout[2m | src/components/Dashboard/SectionPanel.stories.tsx[2m > [22m[2mAll Completed
[22m[39m[TranslationModeController] Setting mode to: off
[90mstdout[2m | src/components/Dashboard/SectionPanel.stories.tsx[2m > [22m[2mAll Pending
[22m[39m[TranslationModeController] Setting mode to: off
[90mstdout[2m | src/components/Dashboard/SectionPanel.stories.tsx[2m > [22m[2mWith Locked Assignments
[22m[39m[TranslationModeController] Setting mode to: off
[90mstdout[2m | src/components/Dashboard/SectionPanel.stories.tsx[2m > [22m[2mWith Campaign Context
[22m[39m[TranslationModeController] Setting mode to: off
[90mstdout[2m | src/components/Dashboard/SectionPanel.stories.tsx[2m > [22m[2mCollapsed
[22m[39m[TranslationModeController] Setting mode to: off
[90mstdout[2m | src/components/Dashboard/SectionPanel.stories.tsx[2m > [22m[2mSingle Assignment
[22m[39m[TranslationModeController] Setting mode to: off
[90mstdout[2m | src/components/Dashboard/SectionPanel.stories.tsx[2m > [22m[2mMobile Viewport
[22m[39m[TranslationModeController] Setting mode to: off
[90mstdout[2m | src/components/Dashboard/SectionPanel.stories.tsx[2m > [22m[2mTablet Viewport
[22m[39m[TranslationModeController] Setting mode to: off
[90mstdout[2m | src/components/Dashboard/SectionPanel.stories.tsx[2m > [22m[2mDesktop Viewport
[22m[39m[TranslationModeController] Setting mode to: off
 [32m✓[39m [30m[45m storybook (chromium) [49m[39m src/components/Dashboard/SectionPanel.stories.tsx [2m([22m[2m10 tests[22m[2m)[22m[33m 4524[2mms[22m[39m
   [33m[2m✓[22m[39m Mixed Progress [33m 630[2mms[22m[39m
   [33m[2m✓[22m[39m All Completed [33m 559[2mms[22m[39m
   [33m[2m✓[22m[39m All Pending [33m 388[2mms[22m[39m
   [33m[2m✓[22m[39m With Locked Assignments [33m 423[2mms[22m[39m
   [33m[2m✓[22m[39m With Campaign Context [33m 456[2mms[22m[39m
   [33m[2m✓[22m[39m Collapsed [33m 557[2mms[22m[39m
   [33m[2m✓[22m[39m Mobile Viewport [33m 310[2mms[22m[39m
   [33m[2m✓[22m[39m Tablet Viewport [33m 399[2mms[22m[39m
   [33m[2m✓[22m[39m Desktop Viewport [33m 573[2mms[22m[39m
[90mstdout[2m | unknown test
[22m[39m[MOCK vectorStoreDB.js] Module loaded - mock IndexedDB operations
[90mstdout[2m | unknown test
[22m[39m[Task Completion] DOM action listeners initialized
[90mstdout[2m | unknown test
[22m[39m[Task Completion] Auto-completion detector initialized
[90mstdout[2m | unknown test
[22m[39m[Preview] Task completion detector initialized
[90mstdout[2m | src/components/ChatSidebar/SearchResults.stories.jsx[2m > [22m[2mAll Result Types
[22m[39m[MOCK CourseVectorStore] Initialized with mock data
[90mstdout[2m | src/components/ChatSidebar/SearchResults.stories.jsx[2m > [22m[2mAll Result Types
[22m[39m[TranslationModeController] Setting mode to: off
[90mstdout[2m | src/components/ChatSidebar/SearchResults.stories.jsx[2m > [22m[2mAll Result Types
[22m[39m[UnitContext] useEffect triggered {
  "authLoading": false,
  "hasUser": true,
  "id": "unit-123",
  "userSub": "mock-user-sub",
}
[90mstdout[2m | src/components/ChatSidebar/SearchResults.stories.jsx[2m > [22m[2mAll Result Types
[22m[39m[UnitContext] Fetching unit data for id: unit-123
[90mstdout[2m | src/components/ChatSidebar/SearchResults.stories.jsx[2m > [22m[2mAll Result Types
[22m[39m[FilesContext] Initializing vector store from IndexedDB
[90mstdout[2m | src/components/ChatSidebar/SearchResults.stories.jsx[2m > [22m[2mAll Result Types
[22m[39m[FilesContext] fetchFiles called
[90mstdout[2m | src/components/ChatSidebar/SearchResults.stories.jsx[2m > [22m[2mAll Result Types
[22m[39m[FilesContext] User authenticated: mock-user-sub
[90mstdout[2m | src/components/ChatSidebar/SearchResults.stories.jsx[2m > [22m[2mAll Result Types
[22m[39m[FilesContext] Identity ID: us-east-1:mock-identity-123
[90mstdout[2m | src/components/ChatSidebar/SearchResults.stories.jsx[2m > [22m[2mAll Result Types
[22m[39m[FilesContext] About to set up File observeQuery
[90mstdout[2m | src/components/ChatSidebar/SearchResults.stories.jsx[2m > [22m[2mAll Result Types
[22m[39m[ChatContext] Setting up AssistantChat observeQuery
[90mstdout[2m | src/components/ChatSidebar/SearchResults.stories.jsx[2m > [22m[2mAll Result Types
[22m[39m[ChatContext] Waiting for subscription to initialize
[90mstdout[2m | src/components/ChatSidebar/SearchResults.stories.jsx[2m > [22m[2mAll Result Types
[22m[39m[SettingsContext] Setting up Settings subscription for user: mock-user-sub
[90mstdout[2m | src/components/ChatSidebar/SearchResults.stories.jsx[2m > [22m[2mAll Result Types
[22m[39m[Mock Data] Settings created: mock-settings-1790416240470 - notified 0 subscribers
[90mstdout[2m | src/components/ChatSidebar/SearchResults.stories.jsx[2m > [22m[2mAll Result Types
[22m[39m[Mock Data] Unit.onUpdate() subscription added. Total: 1
[90mstdout[2m | src/components/ChatSidebar/SearchResults.stories.jsx[2m > [22m[2mAll Result Types
[22m[39m[SectionContext] Section observeQuery update: 0
[90mstdout[2m | src/components/ChatSidebar/SearchResults.stories.jsx[2m > [22m[2mAll Result Types
[22m[39m[FilesContext] File observeQuery update: 6 files
[90mstdout[2m | src/components/ChatSidebar/SearchResults.stories.jsx[2m > [22m[2mAll Result Types
[22m[39m[ChatContext] AssistantChat initialized with 1 chats
[90mstdout[2m | src/components/ChatSidebar/SearchResults.stories.jsx[2m > [22m[2mAll Result Types
[22m[39m[ChatContext] Setting initial chat: mock-assistant-chat-1
[90mstdout[2m | src/components/ChatSidebar/SearchResults.stories.jsx[2m > [22m[2mAll Result Types
[22m[39m[MOCK CourseVectorStore] Initialized with mock data
[90mstdout[2m | src/components/ChatSidebar/SearchResults.stories.jsx[2m > [22m[2mAll Result Types
[22m[39m[FilesContext] Vector store population triggered {
  "currentVectorStoreSize": 3,
  "documentsCount": 0,
  "filesCount": 6,
  "isInitialLoad": true,
}
[90mstdout[2m | src/components/ChatSidebar/SearchResults.stories.jsx[2m > [22m[2mAll Result Types
[22m[39m[FilesContext] Vector store population complete - 3 total embeddings
[90mstdout[2m | src/components/ChatSidebar/SearchResults.stories.jsx[2m > [22m[2mAll Result Types
[22m[39m[ChatContext] Chat exists and not archived, skipping creation
[90mstdout[2m | src/components/ChatSidebar/SearchResults.stories.jsx[2m > [22m[2mAll Result Types
[22m[39m[Mock Storage] downloadData called with: undefined
[90mstdout[2m | src/components/ChatSidebar/SearchResults.stories.jsx[2m > [22m[2mFiles Only
[22m[39m[ChatContext] Cleaning up subscriptions
[90mstdout[2m | src/components/ChatSidebar/SearchResults.stories.jsx[2m > [22m[2mFiles Only
[22m[39m[Mock Data] Unit.onUpdate() subscription removed. Remaining: 0
[90mstdout[2m | src/components/ChatSidebar/SearchResults.stories.jsx[2m > [22m[2mFiles Only
[22m[39m[MOCK CourseVectorStore] Initialized with mock data
[90mstdout[2m | src/components/ChatSidebar/SearchResults.stories.jsx[2m > [22m[2mFiles Only
[22m[39m[TranslationModeController] Setting mode to: off
[90mstdout[2m | src/components/ChatSidebar/SearchResults.stories.jsx[2m > [22m[2mFiles Only
[22m[39m[UnitContext] useEffect triggered {
  "authLoading": false,
  "hasUser": true,
  "id": "unit-123",
  "userSub": "mock-user-sub",
}
[90mstdout[2m | src/components/ChatSidebar/SearchResults.stories.jsx[2m > [22m[2mFiles Only
[22m[39m[UnitContext] Fetching unit data for id: unit-123
[90mstdout[2m | src/components/ChatSidebar/SearchResults.stories.jsx[2m > [22m[2mFiles Only
[22m[39m[FilesContext] Initializing vector store from IndexedDB
[90mstdout[2m | src/components/ChatSidebar/SearchResults.stories.jsx[2m > [22m[2mFiles Only
[22m[39m[FilesContext] fetchFiles called
[90mstdout[2m | src/components/ChatSidebar/SearchResults.stories.jsx[2m > [22m[2mFiles Only
[22m[39m[FilesContext] User authenticated: mock-user-sub
[90mstdout[2m | src/components/ChatSidebar/SearchResults.stories.jsx[2m > [22m[2mFiles Only
[22m[39m[FilesContext] Identity ID: us-east-1:mock-identity-123
[90mstdout[2m | src/components/ChatSidebar/SearchResults.stories.jsx[2m > [22m[2mFiles Only
[22m[39m[FilesContext] About to set up File observeQuery
[90mstdout[2m | src/components/ChatSidebar/SearchResults.stories.jsx[2m > [22m[2mFiles Only
[22m[39m[ChatContext] Setting up AssistantChat observeQuery
[90mstdout[2m | src/components/ChatSidebar/SearchResults.stories.jsx[2m > [22m[2mFiles Only
[22m[39m[ChatContext] Waiting for subscription to initialize
[90mstdout[2m | src/components/ChatSidebar/SearchResults.stories.jsx[2m > [22m[2mFiles Only
[22m[39m[SettingsContext] Setting up Settings subscription for user: mock-user-sub
[90mstdout[2m | src/components/ChatSidebar/SearchResults.stories.jsx[2m > [22m[2mFiles Only
[22m[39m[Mock Data] Settings created: mock-settings-1790416241384 - notified 0 subscribers
[90mstdout[2m | src/components/ChatSidebar/SearchResults.stories.jsx[2m > [22m[2mFiles Only
[22m[39m[Mock Data] Unit.onUpdate() subscription added. Total: 1
[90mstdout[2m | src/components/ChatSidebar/SearchResults.stories.jsx[2m > [22m[2mFiles Only
[22m[39m[SectionContext] Section observeQuery update: 0
[90mstdout[2m | src/components/ChatSidebar/SearchResults.stories.jsx[2m > [22m[2mFiles Only
[22m[39m[FilesContext] File observeQuery update: 6 files
[90mstdout[2m | src/components/ChatSidebar/SearchResults.stories.jsx[2m > [22m[2mFiles Only
[22m[39m[ChatContext] AssistantChat initialized with 1 chats
[90mstdout[2m | src/components/ChatSidebar/SearchResults.stories.jsx[2m > [22m[2mFiles Only
[22m[39m[ChatContext] Setting initial chat: mock-assistant-chat-1
[90mstdout[2m | src/components/ChatSidebar/SearchResults.stories.jsx[2m > [22m[2mFiles Only
[22m[39m[MOCK CourseVectorStore] Initialized with mock data
[90mstdout[2m | src/components/ChatSidebar/SearchResults.stories.jsx[2m > [22m[2mFiles Only
[22m[39m[FilesContext] Vector store population triggered {
  "currentVectorStoreSize": 3,
  "documentsCount": 0,
  "filesCount": 6,
  "isInitialLoad": true,
}
[90mstdout[2m | src/components/ChatSidebar/SearchResults.stories.jsx[2m > [22m[2mFiles Only
[22m[39m[FilesContext] Vector store population complete - 3 total embeddings
[90mstdout[2m | src/components/ChatSidebar/SearchResults.stories.jsx[2m > [22m[2mFiles Only
[22m[39m[ChatContext] Chat exists and not archived, skipping creation
[90mstdout[2m | src/components/ChatSidebar/SearchResults.stories.jsx[2m > [22m[2mFiles Only
[22m[39m[Mock Storage] downloadData called with: undefined
[90mstdout[2m | src/components/ChatSidebar/SearchResults.stories.jsx[2m > [22m[2mVocabulary Only
[22m[39m[ChatContext] Cleaning up subscriptions
[90mstdout[2m | src/components/ChatSidebar/SearchResults.stories.jsx[2m > [22m[2mVocabulary Only
[22m[39m[Mock Data] Unit.onUpdate() subscription removed. Remaining: 0
[90mstdout[2m | src/components/ChatSidebar/SearchResults.stories.jsx[2m > [22m[2mVocabulary Only
[22m[39m[MOCK CourseVectorStore] Initialized with mock data
[90mstdout[2m | src/components/ChatSidebar/SearchResults.stories.jsx[2m > [22m[2mVocabulary Only
[22m[39m[TranslationModeController] Setting mode to: off
[90mstdout[2m | src/components/ChatSidebar/SearchResults.stories.jsx[2m > [22m[2mVocabulary Only
[22m[39m[UnitContext] useEffect triggered {
  "authLoading": false,
  "hasUser": true,
  "id": "unit-123",
  "userSub": "mock-user-sub",
}
[90mstdout[2m | src/components/ChatSidebar/SearchResults.stories.jsx[2m > [22m[2mVocabulary Only
[22m[39m[UnitContext] Fetching unit data for id: unit-123
[90mstdout[2m | src/components/ChatSidebar/SearchResults.stories.jsx[2m > [22m[2mVocabulary Only
[22m[39m[FilesContext] Initializing vector store from IndexedDB
[90mstdout[2m | src/components/ChatSidebar/SearchResults.stories.jsx[2m > [22m[2mVocabulary Only
[22m[39m[FilesContext] fetchFiles called
[90mstdout[2m | src/components/ChatSidebar/SearchResults.stories.jsx[2m > [22m[2mVocabulary Only
[22m[39m[FilesContext] User authenticated: mock-user-sub
[90mstdout[2m | src/components/ChatSidebar/SearchResults.stories.jsx[2m > [22m[2mVocabulary Only
[22m[39m[FilesContext] Identity ID: us-east-1:mock-identity-123
[90mstdout[2m | src/components/ChatSidebar/SearchResults.stories.jsx[2m > [22m[2mVocabulary Only
[22m[39m[FilesContext] About to set up File observeQuery
[90mstdout[2m | src/components/ChatSidebar/SearchResults.stories.jsx[2m > [22m[2mVocabulary Only
[22m[39m[ChatContext] Setting up AssistantChat observeQuery
[90mstdout[2m | src/components/ChatSidebar/SearchResults.stories.jsx[2m > [22m[2mVocabulary Only
[22m[39m[ChatContext] Waiting for subscription to initialize
[90mstdout[2m | src/components/ChatSidebar/SearchResults.stories.jsx[2m > [22m[2mVocabulary Only
[22m[39m[SettingsContext] Setting up Settings subscription for user: mock-user-sub
[90mstdout[2m | src/components/ChatSidebar/SearchResults.stories.jsx[2m > [22m[2mVocabulary Only
[22m[39m[Mock Data] Settings created: mock-settings-1790416241783 - notified 0 subscribers
[90mstdout[2m | src/components/ChatSidebar/SearchResults.stories.jsx[2m > [22m[2mVocabulary Only
[22m[39m[Mock Data] Unit.onUpdate() subscription added. Total: 1
[90mstdout[2m | src/components/ChatSidebar/SearchResults.stories.jsx[2m > [22m[2mVocabulary Only
[22m[39m[SectionContext] Section observeQuery update: 0
[90mstdout[2m | src/components/ChatSidebar/SearchResults.stories.jsx[2m > [22m[2mVocabulary Only
[22m[39m[FilesContext] File observeQuery update: 6 files
[90mstdout[2m | src/components/ChatSidebar/SearchResults.stories.jsx[2m > [22m[2mVocabulary Only
[22m[39m[ChatContext] AssistantChat initialized with 1 chats
[90mstdout[2m | src/components/ChatSidebar/SearchResults.stories.jsx[2m > [22m[2mVocabulary Only
[22m[39m[ChatContext] Setting initial chat: mock-assistant-chat-1
[90mstdout[2m | src/components/ChatSidebar/SearchResults.stories.jsx[2m > [22m[2mVocabulary Only
[22m[39m[MOCK CourseVectorStore] Initialized with mock data
[90mstdout[2m | src/components/ChatSidebar/SearchResults.stories.jsx[2m > [22m[2mVocabulary Only
[22m[39m[FilesContext] Vector store population triggered {
  "currentVectorStoreSize": 3,
  "documentsCount": 0,
  "filesCount": 6,
  "isInitialLoad": true,
}
[90mstdout[2m | src/components/ChatSidebar/SearchResults.stories.jsx[2m > [22m[2mVocabulary Only
[22m[39m[FilesContext] Vector store population complete - 3 total embeddings
[90mstdout[2m | src/components/ChatSidebar/SearchResults.stories.jsx[2m > [22m[2mVocabulary Only
[22m[39m[ChatContext] Chat exists and not archived, skipping creation
[90mstdout[2m | src/components/ChatSidebar/SearchResults.stories.jsx[2m > [22m[2mVocabulary Only
[22m[39m[Mock Storage] downloadData called with: undefined
[90mstdout[2m | src/components/ChatSidebar/SearchResults.stories.jsx[2m > [22m[2mQuestions Only
[22m[39m[ChatContext] Cleaning up subscriptions
[90mstdout[2m | src/components/ChatSidebar/SearchResults.stories.jsx[2m > [22m[2mQuestions Only
[22m[39m[Mock Data] Unit.onUpdate() subscription removed. Remaining: 0
[90mstdout[2m | src/components/ChatSidebar/SearchResults.stories.jsx[2m > [22m[2mQuestions Only
[22m[39m[MOCK CourseVectorStore] Initialized with mock data
[90mstdout[2m | src/components/ChatSidebar/SearchResults.stories.jsx[2m > [22m[2mQuestions Only
[22m[39m[TranslationModeController] Setting mode to: off
[90mstdout[2m | src/components/ChatSidebar/SearchResults.stories.jsx[2m > [22m[2mQuestions Only
[22m[39m[UnitContext] useEffect triggered {
  "authLoading": false,
  "hasUser": true,
  "id": "unit-123",
  "userSub": "mock-user-sub",
}
[90mstdout[2m | src/components/ChatSidebar/SearchResults.stories.jsx[2m > [22m[2mQuestions Only
[22m[39m[UnitContext] Fetching unit data for id: unit-123
[90mstdout[2m | src/components/ChatSidebar/SearchResults.stories.jsx[2m > [22m[2mQuestions Only
[22m[39m[FilesContext] Initializing vector store from IndexedDB
[90mstdout[2m | src/components/ChatSidebar/SearchResults.stories.jsx[2m > [22m[2mQuestions Only
[22m[39m[FilesContext] fetchFiles called
[90mstdout[2m | src/components/ChatSidebar/SearchResults.stories.jsx[2m > [22m[2mQuestions Only
[22m[39m[FilesContext] User authenticated: mock-user-sub
[90mstdout[2m | src/components/ChatSidebar/SearchResults.stories.jsx[2m > [22m[2mQuestions Only
[22m[39m[FilesContext] Identity ID: us-east-1:mock-identity-123
[90mstdout[2m | src/components/ChatSidebar/SearchResults.stories.jsx[2m > [22m[2mQuestions Only
[22m[39m[FilesContext] About to set up File observeQuery
[90mstdout[2m | src/components/ChatSidebar/SearchResults.stories.jsx[2m > [22m[2mQuestions Only
[22m[39m[ChatContext] Setting up AssistantChat observeQuery
[90mstdout[2m | src/components/ChatSidebar/SearchResults.stories.jsx[2m > [22m[2mQuestions Only
[22m[39m[ChatContext] Waiting for subscription to initialize
[90mstdout[2m | src/components/ChatSidebar/SearchResults.stories.jsx[2m > [22m[2mQuestions Only
[22m[39m[SettingsContext] Setting up Settings subscription for user: mock-user-sub
[90mstdout[2m | src/components/ChatSidebar/SearchResults.stories.jsx[2m > [22m[2mQuestions Only
[22m[39m[Mock Data] Settings created: mock-settings-1790416242119 - notified 0 subscribers
[90mstdout[2m | src/components/ChatSidebar/SearchResults.stories.jsx[2m > [22m[2mQuestions Only
[22m[39m[Mock Data] Unit.onUpdate() subscription added. Total: 1
[90mstdout[2m | src/components/ChatSidebar/SearchResults.stories.jsx[2m > [22m[2mQuestions Only
[22m[39m[SectionContext] Section observeQuery update: 0
[90mstdout[2m | src/components/ChatSidebar/SearchResults.stories.jsx[2m > [22m[2mQuestions Only
[22m[39m[FilesContext] File observeQuery update: 6 files
[90mstdout[2m | src/components/ChatSidebar/SearchResults.stories.jsx[2m > [22m[2mQuestions Only
[22m[39m[ChatContext] AssistantChat initialized with 1 chats
[90mstdout[2m | src/components/ChatSidebar/SearchResults.stories.jsx[2m > [22m[2mQuestions Only
[22m[39m[ChatContext] Setting initial chat: mock-assistant-chat-1
[90mstdout[2m | src/components/ChatSidebar/SearchResults.stories.jsx[2m > [22m[2mQuestions Only
[22m[39m[MOCK CourseVectorStore] Initialized with mock data
[90mstdout[2m | src/components/ChatSidebar/SearchResults.stories.jsx[2m > [22m[2mQuestions Only
[22m[39m[FilesContext] Vector store population triggered {
  "currentVectorStoreSize": 3,
  "documentsCount": 0,
  "filesCount": 6,
  "isInitialLoad": true,
}
[90mstdout[2m | src/components/ChatSidebar/SearchResults.stories.jsx[2m > [22m[2mQuestions Only
[22m[39m[FilesContext] Vector store population complete - 3 total embeddings
[90mstdout[2m | src/components/ChatSidebar/SearchResults.stories.jsx[2m > [22m[2mQuestions Only
[22m[39m[ChatContext] Chat exists and not archived, skipping creation
[90mstdout[2m | src/components/ChatSidebar/SearchResults.stories.jsx[2m > [22m[2mQuestions Only
[22m[39m[Mock Storage] downloadData called with: undefined
[90mstdout[2m | src/components/ChatSidebar/SearchResults.stories.jsx[2m > [22m[2mSections Only
[22m[39m[ChatContext] Cleaning up subscriptions
[90mstdout[2m | src/components/ChatSidebar/SearchResults.stories.jsx[2m > [22m[2mSections Only
[22m[39m[Mock Data] Unit.onUpdate() subscription removed. Remaining: 0
[90mstdout[2m | src/components/ChatSidebar/SearchResults.stories.jsx[2m > [22m[2mSections Only
[22m[39m[MOCK CourseVectorStore] Initialized with mock data
[90mstdout[2m | src/components/ChatSidebar/SearchResults.stories.jsx[2m > [22m[2mSections Only
[22m[39m[TranslationModeController] Setting mode to: off
[90mstdout[2m | src/components/ChatSidebar/SearchResults.stories.jsx[2m > [22m[2mSections Only
[22m[39m[UnitContext] useEffect triggered {
  "authLoading": false,
  "hasUser": true,
  "id": "mock-unit-id",
  "userSub": "mock-user-sub",
}
[90mstdout[2m | src/components/ChatSidebar/SearchResults.stories.jsx[2m > [22m[2mSections Only
[22m[39m[UnitContext] Fetching unit data for id: mock-unit-id
[90mstdout[2m | src/components/ChatSidebar/SearchResults.stories.jsx[2m > [22m[2mSections Only
[22m[39m[FilesContext] Initializing vector store from IndexedDB
[90mstdout[2m | src/components/ChatSidebar/SearchResults.stories.jsx[2m > [22m[2mSections Only
[22m[39m[FilesContext] fetchFiles called
[90mstdout[2m | src/components/ChatSidebar/SearchResults.stories.jsx[2m > [22m[2mSections Only
[22m[39m[FilesContext] User authenticated: mock-user-sub
[90mstdout[2m | src/components/ChatSidebar/SearchResults.stories.jsx[2m > [22m[2mSections Only
[22m[39m[FilesContext] Identity ID: us-east-1:mock-identity-123
[90mstdout[2m | src/components/ChatSidebar/SearchResults.stories.jsx[2m > [22m[2mSections Only
[22m[39m[FilesContext] About to set up File observeQuery
[90mstdout[2m | src/components/ChatSidebar/SearchResults.stories.jsx[2m > [22m[2mSections Only
[22m[39m[ChatContext] Setting up AssistantChat observeQuery
[90mstdout[2m | src/components/ChatSidebar/SearchResults.stories.jsx[2m > [22m[2mSections Only
[22m[39m[ChatContext] Waiting for subscription to initialize
[90mstdout[2m | src/components/ChatSidebar/SearchResults.stories.jsx[2m > [22m[2mSections Only
[22m[39m[SettingsContext] Setting up Settings subscription for user: mock-user-sub
[90mstdout[2m | src/components/ChatSidebar/SearchResults.stories.jsx[2m > [22m[2mSections Only
[22m[39m[Mock Data] Settings created: mock-settings-1790416242459 - notified 0 subscribers
[90mstdout[2m | src/components/ChatSidebar/SearchResults.stories.jsx[2m > [22m[2mSections Only
[22m[39m[Mock Data] Unit.onUpdate() subscription added. Total: 1
[90mstdout[2m | src/components/ChatSidebar/SearchResults.stories.jsx[2m > [22m[2mSections Only
[22m[39m[SectionContext] Section observeQuery update: 0
[90mstdout[2m | src/components/ChatSidebar/SearchResults.stories.jsx[2m > [22m[2mSections Only
[22m[39m[FilesContext] File observeQuery update: 6 files
[90mstdout[2m | src/components/ChatSidebar/SearchResults.stories.jsx[2m > [22m[2mSections Only
[22m[39m[ChatContext] AssistantChat initialized with 1 chats
[90mstdout[2m | src/components/ChatSidebar/SearchResults.stories.jsx[2m > [22m[2mSections Only
[22m[39m[ChatContext] Setting initial chat: mock-assistant-chat-1
[90mstdout[2m | src/components/ChatSidebar/SearchResults.stories.jsx[2m > [22m[2mSections Only
[22m[39m[MOCK CourseVectorStore] Initialized with mock data
[90mstdout[2m | src/components/ChatSidebar/SearchResults.stories.jsx[2m > [22m[2mSections Only
[22m[39m[FilesContext] Vector store population triggered {
  "currentVectorStoreSize": 3,
  "documentsCount": 0,
  "filesCount": 6,
  "isInitialLoad": true,
}
[90mstdout[2m | src/components/ChatSidebar/SearchResults.stories.jsx[2m > [22m[2mSections Only
[22m[39m[FilesContext] Vector store population complete - 3 total embeddings
[90mstdout[2m | src/components/ChatSidebar/SearchResults.stories.jsx[2m > [22m[2mSections Only
[22m[39m[ChatContext] Chat exists and not archived, skipping creation
[90mstdout[2m | src/components/ChatSidebar/SearchResults.stories.jsx[2m > [22m[2mSections Only
[22m[39m[Mock Storage] downloadData called with: undefined
[90mstdout[2m | src/components/ChatSidebar/SearchResults.stories.jsx[2m > [22m[2mUnits Only
[22m[39m[ChatContext] Cleaning up subscriptions
[90mstdout[2m | src/components/ChatSidebar/SearchResults.stories.jsx[2m > [22m[2mUnits Only
[22m[39m[Mock Data] Unit.onUpdate() subscription removed. Remaining: 0
[90mstdout[2m | src/components/ChatSidebar/SearchResults.stories.jsx[2m > [22m[2mUnits Only
[22m[39m[MOCK CourseVectorStore] Initialized with mock data
[90mstdout[2m | src/components/ChatSidebar/SearchResults.stories.jsx[2m > [22m[2mUnits Only
[22m[39m[TranslationModeController] Setting mode to: off
[90mstdout[2m | src/components/ChatSidebar/SearchResults.stories.jsx[2m > [22m[2mUnits Only
[22m[39m[UnitContext] useEffect triggered {
  "authLoading": false,
  "hasUser": true,
  "id": "mock-unit-id",
  "userSub": "mock-user-sub",
}
[90mstdout[2m | src/components/ChatSidebar/SearchResults.stories.jsx[2m > [22m[2mUnits Only
[22m[39m[UnitContext] Fetching unit data for id: mock-unit-id
[90mstdout[2m | src/components/ChatSidebar/SearchResults.stories.jsx[2m > [22m[2mUnits Only
[22m[39m[FilesContext] Initializing vector store from IndexedDB
[90mstdout[2m | src/components/ChatSidebar/SearchResults.stories.jsx[2m > [22m[2mUnits Only
[22m[39m[FilesContext] fetchFiles called
[90mstdout[2m | src/components/ChatSidebar/SearchResults.stories.jsx[2m > [22m[2mUnits Only
[22m[39m[FilesContext] User authenticated: mock-user-sub
[90mstdout[2m | src/components/ChatSidebar/SearchResults.stories.jsx[2m > [22m[2mUnits Only
[22m[39m[FilesContext] Identity ID: us-east-1:mock-identity-123
[90mstdout[2m | src/components/ChatSidebar/SearchResults.stories.jsx[2m > [22m[2mUnits Only
[22m[39m[FilesContext] About to set up File observeQuery
[90mstdout[2m | src/components/ChatSidebar/SearchResults.stories.jsx[2m > [22m[2mUnits Only
[22m[39m[ChatContext] Setting up AssistantChat observeQuery
[90mstdout[2m | src/components/ChatSidebar/SearchResults.stories.jsx[2m > [22m[2mUnits Only
[22m[39m[ChatContext] Waiting for subscription to initialize
[90mstdout[2m | src/components/ChatSidebar/SearchResults.stories.jsx[2m > [22m[2mUnits Only
[22m[39m[SettingsContext] Setting up Settings subscription for user: mock-user-sub
[90mstdout[2m | src/components/ChatSidebar/SearchResults.stories.jsx[2m > [22m[2mUnits Only
[22m[39m[Mock Data] Settings created: mock-settings-1790416242815 - notified 0 subscribers
[90mstdout[2m | src/components/ChatSidebar/SearchResults.stories.jsx[2m > [22m[2mUnits Only
[22m[39m[Mock Data] Unit.onUpdate() subscription added. Total: 1
[90mstdout[2m | src/components/ChatSidebar/SearchResults.stories.jsx[2m > [22m[2mUnits Only
[22m[39m[SectionContext] Section observeQuery update: 0
[90mstdout[2m | src/components/ChatSidebar/SearchResults.stories.jsx[2m > [22m[2mUnits Only
[22m[39m[FilesContext] File observeQuery update: 6 files
[90mstdout[2m | src/components/ChatSidebar/SearchResults.stories.jsx[2m > [22m[2mUnits Only
[22m[39m[ChatContext] AssistantChat initialized with 1 chats
[90mstdout[2m | src/components/ChatSidebar/SearchResults.stories.jsx[2m > [22m[2mUnits Only
[22m[39m[ChatContext] Setting initial chat: mock-assistant-chat-1
[90mstdout[2m | src/components/ChatSidebar/SearchResults.stories.jsx[2m > [22m[2mUnits Only
[22m[39m[MOCK CourseVectorStore] Initialized with mock data
[90mstdout[2m | src/components/ChatSidebar/SearchResults.stories.jsx[2m > [22m[2mUnits Only
[22m[39m[FilesContext] Vector store population triggered {
  "currentVectorStoreSize": 3,
  "documentsCount": 0,
  "filesCount": 6,
  "isInitialLoad": true,
}
[90mstdout[2m | src/components/ChatSidebar/SearchResults.stories.jsx[2m > [22m[2mUnits Only
[22m[39m[FilesContext] Vector store population complete - 3 total embeddings
[90mstdout[2m | src/components/ChatSidebar/SearchResults.stories.jsx[2m > [22m[2mUnits Only
[22m[39m[ChatContext] Chat exists and not archived, skipping creation
[90mstdout[2m | src/components/ChatSidebar/SearchResults.stories.jsx[2m > [22m[2mUnits Only
[22m[39m[Mock Storage] downloadData called with: undefined
[90mstdout[2m | src/components/ChatSidebar/SearchResults.stories.jsx[2m > [22m[2mLoading State
[22m[39m[ChatContext] Cleaning up subscriptions
[90mstdout[2m | src/components/ChatSidebar/SearchResults.stories.jsx[2m > [22m[2mLoading State
[22m[39m[Mock Data] Unit.onUpdate() subscription removed. Remaining: 0
[90mstdout[2m | src/components/ChatSidebar/SearchResults.stories.jsx[2m > [22m[2mLoading State
[22m[39m[MOCK CourseVectorStore] Initialized with mock data
[90mstdout[2m | src/components/ChatSidebar/SearchResults.stories.jsx[2m > [22m[2mLoading State
[22m[39m[TranslationModeController] Setting mode to: off
[90mstdout[2m | src/components/ChatSidebar/SearchResults.stories.jsx[2m > [22m[2mLoading State
[22m[39m[UnitContext] useEffect triggered {
  "authLoading": false,
  "hasUser": true,
  "id": "mock-unit-id",
  "userSub": "mock-user-sub",
}
[90mstdout[2m | src/components/ChatSidebar/SearchResults.stories.jsx[2m > [22m[2mLoading State
[22m[39m[UnitContext] Fetching unit data for id: mock-unit-id
[90mstdout[2m | src/components/ChatSidebar/SearchResults.stories.jsx[2m > [22m[2mLoading State
[22m[39m[FilesContext] Initializing vector store from IndexedDB
[90mstdout[2m | src/components/ChatSidebar/SearchResults.stories.jsx[2m > [22m[2mLoading State
[22m[39m[FilesContext] fetchFiles called
[90mstdout[2m | src/components/ChatSidebar/SearchResults.stories.jsx[2m > [22m[2mLoading State
[22m[39m[FilesContext] User authenticated: mock-user-sub
[90mstdout[2m | src/components/ChatSidebar/SearchResults.stories.jsx[2m > [22m[2mLoading State
[22m[39m[FilesContext] Identity ID: us-east-1:mock-identity-123
[90mstdout[2m | src/components/ChatSidebar/SearchResults.stories.jsx[2m > [22m[2mLoading State
[22m[39m[FilesContext] About to set up File observeQuery
[90mstdout[2m | src/components/ChatSidebar/SearchResults.stories.jsx[2m > [22m[2mLoading State
[22m[39m[ChatContext] Setting up AssistantChat observeQuery
[90mstdout[2m | src/components/ChatSidebar/SearchResults.stories.jsx[2m > [22m[2mLoading State
[22m[39m[ChatContext] Waiting for subscription to initialize
[90mstdout[2m | src/components/ChatSidebar/SearchResults.stories.jsx[2m > [22m[2mLoading State
[22m[39m[SettingsContext] Setting up Settings subscription for user: mock-user-sub
[90mstdout[2m | src/components/ChatSidebar/SearchResults.stories.jsx[2m > [22m[2mLoading State
[22m[39m[Mock Data] Settings created: mock-settings-1790416243112 - notified 0 subscribers
[90mstdout[2m | src/components/ChatSidebar/SearchResults.stories.jsx[2m > [22m[2mLoading State
[22m[39m[Mock Data] Unit.onUpdate() subscription added. Total: 1
[90mstdout[2m | src/components/ChatSidebar/SearchResults.stories.jsx[2m > [22m[2mLoading State
[22m[39m[SectionContext] Section observeQuery update: 0
[90mstdout[2m | src/components/ChatSidebar/SearchResults.stories.jsx[2m > [22m[2mLoading State
[22m[39m[FilesContext] File observeQuery update: 6 files
[90mstdout[2m | src/components/ChatSidebar/SearchResults.stories.jsx[2m > [22m[2mLoading State
[22m[39m[ChatContext] AssistantChat initialized with 1 chats
[90mstdout[2m | src/components/ChatSidebar/SearchResults.stories.jsx[2m > [22m[2mLoading State
[22m[39m[ChatContext] Setting initial chat: mock-assistant-chat-1
[90mstdout[2m | src/components/ChatSidebar/SearchResults.stories.jsx[2m > [22m[2mLoading State
[22m[39m[MOCK CourseVectorStore] Initialized with mock data
[90mstdout[2m | src/components/ChatSidebar/SearchResults.stories.jsx[2m > [22m[2mLoading State
[22m[39m[FilesContext] Vector store population triggered {
  "currentVectorStoreSize": 3,
  "documentsCount": 0,
  "filesCount": 6,
  "isInitialLoad": true,
}
[90mstdout[2m | src/components/ChatSidebar/SearchResults.stories.jsx[2m > [22m[2mLoading State
[22m[39m[FilesContext] Vector store population complete - 3 total embeddings
[90mstdout[2m | src/components/ChatSidebar/SearchResults.stories.jsx[2m > [22m[2mLoading State
[22m[39m[ChatContext] Chat exists and not archived, skipping creation
[90mstdout[2m | src/components/ChatSidebar/SearchResults.stories.jsx[2m > [22m[2mLoading State
[22m[39m[Mock Storage] downloadData called with: undefined
[90mstdout[2m | src/components/ChatSidebar/SearchResults.stories.jsx[2m > [22m[2mEmpty State
[22m[39m[ChatContext] Cleaning up subscriptions
[90mstdout[2m | src/components/ChatSidebar/SearchResults.stories.jsx[2m > [22m[2mEmpty State
[22m[39m[Mock Data] Unit.onUpdate() subscription removed. Remaining: 0
[90mstdout[2m | src/components/ChatSidebar/SearchResults.stories.jsx[2m > [22m[2mEmpty State
[22m[39m[MOCK CourseVectorStore] Initialized with mock data
[90mstdout[2m | src/components/ChatSidebar/SearchResults.stories.jsx[2m > [22m[2mEmpty State
[22m[39m[TranslationModeController] Setting mode to: off
[90mstdout[2m | src/components/ChatSidebar/SearchResults.stories.jsx[2m > [22m[2mEmpty State
[22m[39m[UnitContext] useEffect triggered {
  "authLoading": false,
  "hasUser": true,
  "id": "mock-unit-id",
  "userSub": "mock-user-sub",
}
[90mstdout[2m | src/components/ChatSidebar/SearchResults.stories.jsx[2m > [22m[2mEmpty State
[22m[39m[UnitContext] Fetching unit data for id: mock-unit-id
[90mstdout[2m | src/components/ChatSidebar/SearchResults.stories.jsx[2m > [22m[2mEmpty State
[22m[39m[FilesContext] Initializing vector store from IndexedDB
[90mstdout[2m | src/components/ChatSidebar/SearchResults.stories.jsx[2m > [22m[2mEmpty State
[22m[39m[FilesContext] fetchFiles called
[90mstdout[2m | src/components/ChatSidebar/SearchResults.stories.jsx[2m > [22m[2mEmpty State
[22m[39m[FilesContext] User authenticated: mock-user-sub
[90mstdout[2m | src/components/ChatSidebar/SearchResults.stories.jsx[2m > [22m[2mEmpty State
[22m[39m[FilesContext] Identity ID: us-east-1:mock-identity-123
[90mstdout[2m | src/components/ChatSidebar/SearchResults.stories.jsx[2m > [22m[2mEmpty State
[22m[39m[FilesContext] About to set up File observeQuery
[90mstdout[2m | src/components/ChatSidebar/SearchResults.stories.jsx[2m > [22m[2mEmpty State
[22m[39m[ChatContext] Setting up AssistantChat observeQuery
[90mstdout[2m | src/components/ChatSidebar/SearchResults.stories.jsx[2m > [22m[2mEmpty State
[22m[39m[ChatContext] Waiting for subscription to initialize
[90mstdout[2m | src/components/ChatSidebar/SearchResults.stories.jsx[2m > [22m[2mEmpty State
[22m[39m[SettingsContext] Setting up Settings subscription for user: mock-user-sub
[90mstdout[2m | src/components/ChatSidebar/SearchResults.stories.jsx[2m > [22m[2mEmpty State
[22m[39m[Mock Data] Settings created: mock-settings-1790416243257 - notified 0 subscribers
[90mstdout[2m | src/components/ChatSidebar/SearchResults.stories.jsx[2m > [22m[2mEmpty State
[22m[39m[Mock Data] Unit.onUpdate() subscription added. Total: 1
[90mstdout[2m | src/components/ChatSidebar/SearchResults.stories.jsx[2m > [22m[2mEmpty State
[22m[39m[SectionContext] Section observeQuery update: 0
[90mstdout[2m | src/components/ChatSidebar/SearchResults.stories.jsx[2m > [22m[2mEmpty State
[22m[39m[FilesContext] File observeQuery update: 6 files
[90mstdout[2m | src/components/ChatSidebar/SearchResults.stories.jsx[2m > [22m[2mEmpty State
[22m[39m[ChatContext] AssistantChat initialized with 1 chats
[90mstdout[2m | src/components/ChatSidebar/SearchResults.stories.jsx[2m > [22m[2mEmpty State
[22m[39m[ChatContext] Setting initial chat: mock-assistant-chat-1
[90mstdout[2m | src/components/ChatSidebar/SearchResults.stories.jsx[2m > [22m[2mEmpty State
[22m[39m[MOCK CourseVectorStore] Initialized with mock data
[90mstdout[2m | src/components/ChatSidebar/SearchResults.stories.jsx[2m > [22m[2mEmpty State
[22m[39m[FilesContext] Vector store population triggered {
  "currentVectorStoreSize": 3,
  "documentsCount": 0,
  "filesCount": 6,
  "isInitialLoad": true,
}
[90mstdout[2m | src/components/ChatSidebar/SearchResults.stories.jsx[2m > [22m[2mEmpty State
[22m[39m[FilesContext] Vector store population complete - 3 total embeddings
[90mstdout[2m | src/components/ChatSidebar/SearchResults.stories.jsx[2m > [22m[2mEmpty State
[22m[39m[ChatContext] Chat exists and not archived, skipping creation
[90mstdout[2m | src/components/ChatSidebar/SearchResults.stories.jsx[2m > [22m[2mEmpty State
[22m[39m[Mock Storage] downloadData called with: undefined
[90mstdout[2m | src/components/ChatSidebar/SearchResults.stories.jsx[2m > [22m[2mHigh Relevance Scores
[22m[39m[ChatContext] Cleaning up subscriptions
[90mstdout[2m | src/components/ChatSidebar/SearchResults.stories.jsx[2m > [22m[2mHigh Relevance Scores
[22m[39m[Mock Data] Unit.onUpdate() subscription removed. Remaining: 0
[90mstdout[2m | src/components/ChatSidebar/SearchResults.stories.jsx[2m > [22m[2mHigh Relevance Scores
[22m[39m[MOCK CourseVectorStore] Initialized with mock data
[90mstdout[2m | src/components/ChatSidebar/SearchResults.stories.jsx[2m > [22m[2mHigh Relevance Scores
[22m[39m[TranslationModeController] Setting mode to: off
[90mstdout[2m | src/components/ChatSidebar/SearchResults.stories.jsx[2m > [22m[2mHigh Relevance Scores
[22m[39m[UnitContext] useEffect triggered {
  "authLoading": false,
  "hasUser": true,
  "id": "unit-123",
  "userSub": "mock-user-sub",
}
[90mstdout[2m | src/components/ChatSidebar/SearchResults.stories.jsx[2m > [22m[2mHigh Relevance Scores
[22m[39m[UnitContext] Fetching unit data for id: unit-123
[90mstdout[2m | src/components/ChatSidebar/SearchResults.stories.jsx[2m > [22m[2mHigh Relevance Scores
[22m[39m[FilesContext] Initializing vector store from IndexedDB
[90mstdout[2m | src/components/ChatSidebar/SearchResults.stories.jsx[2m > [22m[2mHigh Relevance Scores
[22m[39m[FilesContext] fetchFiles called
[90mstdout[2m | src/components/ChatSidebar/SearchResults.stories.jsx[2m > [22m[2mHigh Relevance Scores
[22m[39m[FilesContext] User authenticated: mock-user-sub
[90mstdout[2m | src/components/ChatSidebar/SearchResults.stories.jsx[2m > [22m[2mHigh Relevance Scores
[22m[39m[FilesContext] Identity ID: us-east-1:mock-identity-123
[90mstdout[2m | src/components/ChatSidebar/SearchResults.stories.jsx[2m > [22m[2mHigh Relevance Scores
[22m[39m[FilesContext] About to set up File observeQuery
[90mstdout[2m | src/components/ChatSidebar/SearchResults.stories.jsx[2m > [22m[2mHigh Relevance Scores
[22m[39m[ChatContext] Setting up AssistantChat observeQuery
[90mstdout[2m | src/components/ChatSidebar/SearchResults.stories.jsx[2m > [22m[2mHigh Relevance Scores
[22m[39m[ChatContext] Waiting for subscription to initialize
[90mstdout[2m | src/components/ChatSidebar/SearchResults.stories.jsx[2m > [22m[2mHigh Relevance Scores
[22m[39m[SettingsContext] Setting up Settings subscription for user: mock-user-sub
[90mstdout[2m | src/components/ChatSidebar/SearchResults.stories.jsx[2m > [22m[2mHigh Relevance Scores
[22m[39m[Mock Data] Settings created: mock-settings-1790416243606 - notified 0 subscribers
[90mstdout[2m | src/components/ChatSidebar/SearchResults.stories.jsx[2m > [22m[2mHigh Relevance Scores
[22m[39m[Mock Data] Unit.onUpdate() subscription added. Total: 1
[90mstdout[2m | src/components/ChatSidebar/SearchResults.stories.jsx[2m > [22m[2mHigh Relevance Scores
[22m[39m[SectionContext] Section observeQuery update: 0
[90mstdout[2m | src/components/ChatSidebar/SearchResults.stories.jsx[2m > [22m[2mHigh Relevance Scores
[22m[39m[FilesContext] File observeQuery update: 6 files
[90mstdout[2m | src/components/ChatSidebar/SearchResults.stories.jsx[2m > [22m[2mHigh Relevance Scores
[22m[39m[ChatContext] AssistantChat initialized with 1 chats
[90mstdout[2m | src/components/ChatSidebar/SearchResults.stories.jsx[2m > [22m[2mHigh Relevance Scores
[22m[39m[ChatContext] Setting initial chat: mock-assistant-chat-1
[90mstdout[2m | src/components/ChatSidebar/SearchResults.stories.jsx[2m > [22m[2mHigh Relevance Scores
[22m[39m[MOCK CourseVectorStore] Initialized with mock data
[90mstdout[2m | src/components/ChatSidebar/SearchResults.stories.jsx[2m > [22m[2mHigh Relevance Scores
[22m[39m[FilesContext] Vector store population triggered {
  "currentVectorStoreSize": 3,
  "documentsCount": 0,
  "filesCount": 6,
  "isInitialLoad": true,
}
[90mstdout[2m | src/components/ChatSidebar/SearchResults.stories.jsx[2m > [22m[2mHigh Relevance Scores
[22m[39m[FilesContext] Vector store population complete - 3 total embeddings
[90mstdout[2m | src/components/ChatSidebar/SearchResults.stories.jsx[2m > [22m[2mHigh Relevance Scores
[22m[39m[ChatContext] Chat exists and not archived, skipping creation
[90mstdout[2m | src/components/ChatSidebar/SearchResults.stories.jsx[2m > [22m[2mHigh Relevance Scores
[22m[39m[Mock Storage] downloadData called with: undefined
[90mstdout[2m | src/components/ChatSidebar/SearchResults.stories.jsx[2m > [22m[2mLow Relevance Scores
[22m[39m[ChatContext] Cleaning up subscriptions
[90mstdout[2m | src/components/ChatSidebar/SearchResults.stories.jsx[2m > [22m[2mLow Relevance Scores
[22m[39m[Mock Data] Unit.onUpdate() subscription removed. Remaining: 0
[90mstdout[2m | src/components/ChatSidebar/SearchResults.stories.jsx[2m > [22m[2mLow Relevance Scores
[22m[39m[MOCK CourseVectorStore] Initialized with mock data
[90mstdout[2m | src/components/ChatSidebar/SearchResults.stories.jsx[2m > [22m[2mLow Relevance Scores
[22m[39m[TranslationModeController] Setting mode to: off
[90mstdout[2m | src/components/ChatSidebar/SearchResults.stories.jsx[2m > [22m[2mLow Relevance Scores
[22m[39m[UnitContext] useEffect triggered {
  "authLoading": false,
  "hasUser": true,
  "id": "unit-123",
  "userSub": "mock-user-sub",
}
[90mstdout[2m | src/components/ChatSidebar/SearchResults.stories.jsx[2m > [22m[2mLow Relevance Scores
[22m[39m[UnitContext] Fetching unit data for id: unit-123
[90mstdout[2m | src/components/ChatSidebar/SearchResults.stories.jsx[2m > [22m[2mLow Relevance Scores
[22m[39m[FilesContext] Initializing vector store from IndexedDB
[90mstdout[2m | src/components/ChatSidebar/SearchResults.stories.jsx[2m > [22m[2mLow Relevance Scores
[22m[39m[FilesContext] fetchFiles called
[90mstdout[2m | src/components/ChatSidebar/SearchResults.stories.jsx[2m > [22m[2mLow Relevance Scores
[22m[39m[FilesContext] User authenticated: mock-user-sub
[90mstdout[2m | src/components/ChatSidebar/SearchResults.stories.jsx[2m > [22m[2mLow Relevance Scores
[22m[39m[FilesContext] Identity ID: us-east-1:mock-identity-123
[90mstdout[2m | src/components/ChatSidebar/SearchResults.stories.jsx[2m > [22m[2mLow Relevance Scores
[22m[39m[FilesContext] About to set up File observeQuery
[90mstdout[2m | src/components/ChatSidebar/SearchResults.stories.jsx[2m > [22m[2mLow Relevance Scores
[22m[39m[ChatContext] Setting up AssistantChat observeQuery
[90mstdout[2m | src/components/ChatSidebar/SearchResults.stories.jsx[2m > [22m[2mLow Relevance Scores
[22m[39m[ChatContext] Waiting for subscription to initialize
[90mstdout[2m | src/components/ChatSidebar/SearchResults.stories.jsx[2m > [22m[2mLow Relevance Scores
[22m[39m[SettingsContext] Setting up Settings subscription for user: mock-user-sub
[90mstdout[2m | src/components/ChatSidebar/SearchResults.stories.jsx[2m > [22m[2mLow Relevance Scores
[22m[39m[Mock Data] Settings created: mock-settings-1790416244117 - notified 0 subscribers
[90mstdout[2m | src/components/ChatSidebar/SearchResults.stories.jsx[2m > [22m[2mLow Relevance Scores
[22m[39m[Mock Data] Unit.onUpdate() subscription added. Total: 1
[90mstdout[2m | src/components/ChatSidebar/SearchResults.stories.jsx[2m > [22m[2mLow Relevance Scores
[22m[39m[SectionContext] Section observeQuery update: 0
[90mstdout[2m | src/components/ChatSidebar/SearchResults.stories.jsx[2m > [22m[2mLow Relevance Scores
[22m[39m[FilesContext] File observeQuery update: 6 files
[90mstdout[2m | src/components/ChatSidebar/SearchResults.stories.jsx[2m > [22m[2mLow Relevance Scores
[22m[39m[ChatContext] AssistantChat initialized with 1 chats
[90mstdout[2m | src/components/ChatSidebar/SearchResults.stories.jsx[2m > [22m[2mLow Relevance Scores
[22m[39m[ChatContext] Setting initial chat: mock-assistant-chat-1
[90mstdout[2m | src/components/ChatSidebar/SearchResults.stories.jsx[2m > [22m[2mLow Relevance Scores
[22m[39m[MOCK CourseVectorStore] Initialized with mock data
[90mstdout[2m | src/components/ChatSidebar/SearchResults.stories.jsx[2m > [22m[2mLow Relevance Scores
[22m[39m[FilesContext] Vector store population triggered {
  "currentVectorStoreSize": 3,
  "documentsCount": 0,
  "filesCount": 6,
  "isInitialLoad": true,
}
[90mstdout[2m | src/components/ChatSidebar/SearchResults.stories.jsx[2m > [22m[2mLow Relevance Scores
[22m[39m[FilesContext] Vector store population complete - 3 total embeddings
[90mstdout[2m | src/components/ChatSidebar/SearchResults.stories.jsx[2m > [22m[2mLow Relevance Scores
[22m[39m[ChatContext] Chat exists and not archived, skipping creation
[90mstdout[2m | src/components/ChatSidebar/SearchResults.stories.jsx[2m > [22m[2mLow Relevance Scores
[22m[39m[Mock Storage] downloadData called with: undefined
[90mstdout[2m | src/components/ChatSidebar/SearchResults.stories.jsx[2m > [22m[2mLarge Result Set
[22m[39m[ChatContext] Cleaning up subscriptions
[90mstdout[2m | src/components/ChatSidebar/SearchResults.stories.jsx[2m > [22m[2mLarge Result Set
[22m[39m[Mock Data] Unit.onUpdate() subscription removed. Remaining: 0
[90mstdout[2m | src/components/ChatSidebar/SearchResults.stories.jsx[2m > [22m[2mLarge Result Set
[22m[39m[MOCK CourseVectorStore] Initialized with mock data
[90mstdout[2m | src/components/ChatSidebar/SearchResults.stories.jsx[2m > [22m[2mLarge Result Set
[22m[39m[TranslationModeController] Setting mode to: off
[90mstdout[2m | src/components/ChatSidebar/SearchResults.stories.jsx[2m > [22m[2mLarge Result Set
[22m[39m[UnitContext] useEffect triggered {
  "authLoading": false,
  "hasUser": true,
  "id": "unit-123",
  "userSub": "mock-user-sub",
}
[90mstdout[2m | src/components/ChatSidebar/SearchResults.stories.jsx[2m > [22m[2mLarge Result Set
[22m[39m[UnitContext] Fetching unit data for id: unit-123
[90mstdout[2m | src/components/ChatSidebar/SearchResults.stories.jsx[2m > [22m[2mLarge Result Set
[22m[39m[FilesContext] Initializing vector store from IndexedDB
[90mstdout[2m | src/components/ChatSidebar/SearchResults.stories.jsx[2m > [22m[2mLarge Result Set
[22m[39m[FilesContext] fetchFiles called
[90mstdout[2m | src/components/ChatSidebar/SearchResults.stories.jsx[2m > [22m[2mLarge Result Set
[22m[39m[FilesContext] User authenticated: mock-user-sub
[90mstdout[2m | src/components/ChatSidebar/SearchResults.stories.jsx[2m > [22m[2mLarge Result Set
[22m[39m[FilesContext] Identity ID: us-east-1:mock-identity-123
[90mstdout[2m | src/components/ChatSidebar/SearchResults.stories.jsx[2m > [22m[2mLarge Result Set
[22m[39m[FilesContext] About to set up File observeQuery
[90mstdout[2m | src/components/ChatSidebar/SearchResults.stories.jsx[2m > [22m[2mLarge Result Set
[22m[39m[ChatContext] Setting up AssistantChat observeQuery
[90mstdout[2m | src/components/ChatSidebar/SearchResults.stories.jsx[2m > [22m[2mLarge Result Set
[22m[39m[ChatContext] Waiting for subscription to initialize
[90mstdout[2m | src/components/ChatSidebar/SearchResults.stories.jsx[2m > [22m[2mLarge Result Set
[22m[39m[SettingsContext] Setting up Settings subscription for user: mock-user-sub
[90mstdout[2m | src/components/ChatSidebar/SearchResults.stories.jsx[2m > [22m[2mLarge Result Set
[22m[39m[Mock Data] Settings created: mock-settings-1790416244838 - notified 0 subscribers
[90mstdout[2m | src/components/ChatSidebar/SearchResults.stories.jsx[2m > [22m[2mLarge Result Set
[22m[39m[Mock Data] Unit.onUpdate() subscription added. Total: 1
[90mstdout[2m | src/components/ChatSidebar/SearchResults.stories.jsx[2m > [22m[2mLarge Result Set
[22m[39m[SectionContext] Section observeQuery update: 0
[90mstdout[2m | src/components/ChatSidebar/SearchResults.stories.jsx[2m > [22m[2mLarge Result Set
[22m[39m[FilesContext] File observeQuery update: 6 files
[90mstdout[2m | src/components/ChatSidebar/SearchResults.stories.jsx[2m > [22m[2mLarge Result Set
[22m[39m[ChatContext] AssistantChat initialized with 1 chats
[90mstdout[2m | src/components/ChatSidebar/SearchResults.stories.jsx[2m > [22m[2mLarge Result Set
[22m[39m[ChatContext] Setting initial chat: mock-assistant-chat-1
[90mstdout[2m | src/components/ChatSidebar/SearchResults.stories.jsx[2m > [22m[2mLarge Result Set
[22m[39m[MOCK CourseVectorStore] Initialized with mock data
[90mstdout[2m | src/components/ChatSidebar/SearchResults.stories.jsx[2m > [22m[2mLarge Result Set
[22m[39m[FilesContext] Vector store population triggered {
  "currentVectorStoreSize": 3,
  "documentsCount": 0,
  "filesCount": 6,
  "isInitialLoad": true,
}
[90mstdout[2m | src/components/ChatSidebar/SearchResults.stories.jsx[2m > [22m[2mLarge Result Set
[22m[39m[FilesContext] Vector store population complete - 3 total embeddings
[90mstdout[2m | src/components/ChatSidebar/SearchResults.stories.jsx[2m > [22m[2mLarge Result Set
[22m[39m[ChatContext] Chat exists and not archived, skipping creation
[90mstdout[2m | src/components/ChatSidebar/SearchResults.stories.jsx[2m > [22m[2mLarge Result Set
[22m[39m[Mock Storage] downloadData called with: undefined
[90mstdout[2m | src/components/ChatSidebar/SearchResults.stories.jsx[2m > [22m[2mWithout Unit Id
[22m[39m[ChatContext] Cleaning up subscriptions
[90mstdout[2m | src/components/ChatSidebar/SearchResults.stories.jsx[2m > [22m[2mWithout Unit Id
[22m[39m[Mock Data] Unit.onUpdate() subscription removed. Remaining: 0
[90mstdout[2m | src/components/ChatSidebar/SearchResults.stories.jsx[2m > [22m[2mWithout Unit Id
[22m[39m[MOCK CourseVectorStore] Initialized with mock data
[90mstdout[2m | src/components/ChatSidebar/SearchResults.stories.jsx[2m > [22m[2mWithout Unit Id
[22m[39m[TranslationModeController] Setting mode to: off
[90mstdout[2m | src/components/ChatSidebar/SearchResults.stories.jsx[2m > [22m[2mWithout Unit Id
[22m[39m[UnitContext] useEffect triggered {
  "authLoading": false,
  "hasUser": true,
  "id": "mock-unit-id",
  "userSub": "mock-user-sub",
}
[90mstdout[2m | src/components/ChatSidebar/SearchResults.stories.jsx[2m > [22m[2mWithout Unit Id
[22m[39m[UnitContext] Fetching unit data for id: mock-unit-id
[90mstdout[2m | src/components/ChatSidebar/SearchResults.stories.jsx[2m > [22m[2mWithout Unit Id
[22m[39m[FilesContext] Initializing vector store from IndexedDB
[90mstdout[2m | src/components/ChatSidebar/SearchResults.stories.jsx[2m > [22m[2mWithout Unit Id
[22m[39m[FilesContext] fetchFiles called
[90mstdout[2m | src/components/ChatSidebar/SearchResults.stories.jsx[2m > [22m[2mWithout Unit Id
[22m[39m[FilesContext] User authenticated: mock-user-sub
[90mstdout[2m | src/components/ChatSidebar/SearchResults.stories.jsx[2m > [22m[2mWithout Unit Id
[22m[39m[FilesContext] Identity ID: us-east-1:mock-identity-123
[90mstdout[2m | src/components/ChatSidebar/SearchResults.stories.jsx[2m > [22m[2mWithout Unit Id
[22m[39m[FilesContext] About to set up File observeQuery
[90mstdout[2m | src/components/ChatSidebar/SearchResults.stories.jsx[2m > [22m[2mWithout Unit Id
[22m[39m[ChatContext] Setting up AssistantChat observeQuery
[90mstdout[2m | src/components/ChatSidebar/SearchResults.stories.jsx[2m > [22m[2mWithout Unit Id
[22m[39m[ChatContext] Waiting for subscription to initialize
[90mstdout[2m | src/components/ChatSidebar/SearchResults.stories.jsx[2m > [22m[2mWithout Unit Id
[22m[39m[SettingsContext] Setting up Settings subscription for user: mock-user-sub
[90mstdout[2m | src/components/ChatSidebar/SearchResults.stories.jsx[2m > [22m[2mWithout Unit Id
[22m[39m[Mock Data] Settings created: mock-settings-1790416245829 - notified 0 subscribers
[90mstdout[2m | src/components/ChatSidebar/SearchResults.stories.jsx[2m > [22m[2mWithout Unit Id
[22m[39m[Mock Data] Unit.onUpdate() subscription added. Total: 1
[90mstdout[2m | src/components/ChatSidebar/SearchResults.stories.jsx[2m > [22m[2mWithout Unit Id
[22m[39m[SectionContext] Section observeQuery update: 0
[90mstdout[2m | src/components/ChatSidebar/SearchResults.stories.jsx[2m > [22m[2mWithout Unit Id
[22m[39m[FilesContext] File observeQuery update: 6 files
[90mstdout[2m | src/components/ChatSidebar/SearchResults.stories.jsx[2m > [22m[2mWithout Unit Id
[22m[39m[ChatContext] AssistantChat initialized with 1 chats
[90mstdout[2m | src/components/ChatSidebar/SearchResults.stories.jsx[2m > [22m[2mWithout Unit Id
[22m[39m[ChatContext] Setting initial chat: mock-assistant-chat-1
[90mstdout[2m | src/components/ChatSidebar/SearchResults.stories.jsx[2m > [22m[2mWithout Unit Id
[22m[39m[MOCK CourseVectorStore] Initialized with mock data
[90mstdout[2m | src/components/ChatSidebar/SearchResults.stories.jsx[2m > [22m[2mWithout Unit Id
[22m[39m[FilesContext] Vector store population triggered {
  "currentVectorStoreSize": 3,
  "documentsCount": 0,
  "filesCount": 6,
  "isInitialLoad": true,
}
[90mstdout[2m | src/components/ChatSidebar/SearchResults.stories.jsx[2m > [22m[2mWithout Unit Id
[22m[39m[FilesContext] Vector store population complete - 3 total embeddings
[90mstdout[2m | src/components/ChatSidebar/SearchResults.stories.jsx[2m > [22m[2mWithout Unit Id
[22m[39m[ChatContext] Chat exists and not archived, skipping creation
[90mstdout[2m | src/components/ChatSidebar/SearchResults.stories.jsx[2m > [22m[2mWithout Unit Id
[22m[39m[Mock Storage] downloadData called with: undefined
[90mstdout[2m | src/components/ChatSidebar/SearchResults.stories.jsx[2m > [22m[2mMinimal Callbacks
[22m[39m[ChatContext] Cleaning up subscriptions
[90mstdout[2m | src/components/ChatSidebar/SearchResults.stories.jsx[2m > [22m[2mMinimal Callbacks
[22m[39m[Mock Data] Unit.onUpdate() subscription removed. Remaining: 0
[90mstdout[2m | src/components/ChatSidebar/SearchResults.stories.jsx[2m > [22m[2mMinimal Callbacks
[22m[39m[MOCK CourseVectorStore] Initialized with mock data
[90mstdout[2m | src/components/ChatSidebar/SearchResults.stories.jsx[2m > [22m[2mMinimal Callbacks
[22m[39m[TranslationModeController] Setting mode to: off
[90mstdout[2m | src/components/ChatSidebar/SearchResults.stories.jsx[2m > [22m[2mMinimal Callbacks
[22m[39m[UnitContext] useEffect triggered {
  "authLoading": false,
  "hasUser": true,
  "id": "mock-unit-id",
  "userSub": "mock-user-sub",
}
[90mstdout[2m | src/components/ChatSidebar/SearchResults.stories.jsx[2m > [22m[2mMinimal Callbacks
[22m[39m[UnitContext] Fetching unit data for id: mock-unit-id
[90mstdout[2m | src/components/ChatSidebar/SearchResults.stories.jsx[2m > [22m[2mMinimal Callbacks
[22m[39m[FilesContext] Initializing vector store from IndexedDB
[90mstdout[2m | src/components/ChatSidebar/SearchResults.stories.jsx[2m > [22m[2mMinimal Callbacks
[22m[39m[FilesContext] fetchFiles called
[90mstdout[2m | src/components/ChatSidebar/SearchResults.stories.jsx[2m > [22m[2mMinimal Callbacks
[22m[39m[FilesContext] User authenticated: mock-user-sub
[90mstdout[2m | src/components/ChatSidebar/SearchResults.stories.jsx[2m > [22m[2mMinimal Callbacks
[22m[39m[FilesContext] Identity ID: us-east-1:mock-identity-123
[90mstdout[2m | src/components/ChatSidebar/SearchResults.stories.jsx[2m > [22m[2mMinimal Callbacks
[22m[39m[FilesContext] About to set up File observeQuery
[90mstdout[2m | src/components/ChatSidebar/SearchResults.stories.jsx[2m > [22m[2mMinimal Callbacks
[22m[39m[ChatContext] Setting up AssistantChat observeQuery
[90mstdout[2m | src/components/ChatSidebar/SearchResults.stories.jsx[2m > [22m[2mMinimal Callbacks
[22m[39m[ChatContext] Waiting for subscription to initialize
[90mstdout[2m | src/components/ChatSidebar/SearchResults.stories.jsx[2m > [22m[2mMinimal Callbacks
[22m[39m[SettingsContext] Setting up Settings subscription for user: mock-user-sub
[90mstdout[2m | src/components/ChatSidebar/SearchResults.stories.jsx[2m > [22m[2mMinimal Callbacks
[22m[39m[Mock Data] Settings created: mock-settings-1790416246300 - notified 0 subscribers
[90mstdout[2m | src/components/ChatSidebar/SearchResults.stories.jsx[2m > [22m[2mMinimal Callbacks
[22m[39m[Mock Data] Unit.onUpdate() subscription added. Total: 1
[90mstdout[2m | src/components/ChatSidebar/SearchResults.stories.jsx[2m > [22m[2mMinimal Callbacks
[22m[39m[SectionContext] Section observeQuery update: 0
[90mstdout[2m | src/components/ChatSidebar/SearchResults.stories.jsx[2m > [22m[2mMinimal Callbacks
[22m[39m[FilesContext] File observeQuery update: 6 files
[90mstdout[2m | src/components/ChatSidebar/SearchResults.stories.jsx[2m > [22m[2mMinimal Callbacks
[22m[39m[ChatContext] AssistantChat initialized with 1 chats
[90mstdout[2m | src/components/ChatSidebar/SearchResults.stories.jsx[2m > [22m[2mMinimal Callbacks
[22m[39m[ChatContext] Setting initial chat: mock-assistant-chat-1
[90mstdout[2m | src/components/ChatSidebar/SearchResults.stories.jsx[2m > [22m[2mMinimal Callbacks
[22m[39m[MOCK CourseVectorStore] Initialized with mock data
[90mstdout[2m | src/components/ChatSidebar/SearchResults.stories.jsx[2m > [22m[2mMinimal Callbacks
[22m[39m[FilesContext] Vector store population triggered {
  "currentVectorStoreSize": 3,
  "documentsCount": 0,
  "filesCount": 6,
  "isInitialLoad": true,
}
[90mstdout[2m | src/components/ChatSidebar/SearchResults.stories.jsx[2m > [22m[2mMinimal Callbacks
[22m[39m[FilesContext] Vector store population complete - 3 total embeddings
[90mstdout[2m | src/components/ChatSidebar/SearchResults.stories.jsx[2m > [22m[2mMinimal Callbacks
[22m[39m[ChatContext] Chat exists and not archived, skipping creation
[90mstdout[2m | src/components/ChatSidebar/SearchResults.stories.jsx[2m > [22m[2mMinimal Callbacks
[22m[39m[Mock Storage] downloadData called with: undefined
[90mstdout[2m | src/components/ChatSidebar/SearchResults.stories.jsx[2m > [22m[2mMinimal Callbacks
[22m[39mfilterWords {
  "filter": "",
  "wordsCount": 0,
}
[90mstdout[2m | src/components/ChatSidebar/SearchResults.stories.jsx[2m > [22m[2mIn Constrained Container
[22m[39m[ChatContext] Cleaning up subscriptions
[90mstdout[2m | src/components/ChatSidebar/SearchResults.stories.jsx[2m > [22m[2mIn Constrained Container
[22m[39m[Mock Data] Unit.onUpdate() subscription removed. Remaining: 0
[90mstdout[2m | src/components/ChatSidebar/SearchResults.stories.jsx[2m > [22m[2mIn Constrained Container
[22m[39m[MOCK CourseVectorStore] Initialized with mock data
[90mstdout[2m | src/components/ChatSidebar/SearchResults.stories.jsx[2m > [22m[2mIn Constrained Container
[22m[39m[TranslationModeController] Setting mode to: off
[90mstdout[2m | src/components/ChatSidebar/SearchResults.stories.jsx[2m > [22m[2mIn Constrained Container
[22m[39m[UnitContext] useEffect triggered {
  "authLoading": false,
  "hasUser": true,
  "id": "unit-123",
  "userSub": "mock-user-sub",
}
[90mstdout[2m | src/components/ChatSidebar/SearchResults.stories.jsx[2m > [22m[2mIn Constrained Container
[22m[39m[UnitContext] Fetching unit data for id: unit-123
[90mstdout[2m | src/components/ChatSidebar/SearchResults.stories.jsx[2m > [22m[2mIn Constrained Container
[22m[39m[FilesContext] Initializing vector store from IndexedDB
[90mstdout[2m | src/components/ChatSidebar/SearchResults.stories.jsx[2m > [22m[2mIn Constrained Container
[22m[39m[FilesContext] fetchFiles called
[90mstdout[2m | src/components/ChatSidebar/SearchResults.stories.jsx[2m > [22m[2mIn Constrained Container
[22m[39m[FilesContext] User authenticated: mock-user-sub
[90mstdout[2m | src/components/ChatSidebar/SearchResults.stories.jsx[2m > [22m[2mIn Constrained Container
[22m[39m[FilesContext] Identity ID: us-east-1:mock-identity-123
[90mstdout[2m | src/components/ChatSidebar/SearchResults.stories.jsx[2m > [22m[2mIn Constrained Container
[22m[39m[FilesContext] About to set up File observeQuery
[90mstdout[2m | src/components/ChatSidebar/SearchResults.stories.jsx[2m > [22m[2mIn Constrained Container
[22m[39m[ChatContext] Setting up AssistantChat observeQuery
[90mstdout[2m | src/components/ChatSidebar/SearchResults.stories.jsx[2m > [22m[2mIn Constrained Container
[22m[39m[ChatContext] Waiting for subscription to initialize
[90mstdout[2m | src/components/ChatSidebar/SearchResults.stories.jsx[2m > [22m[2mIn Constrained Container
[22m[39m[SettingsContext] Setting up Settings subscription for user: mock-user-sub
[90mstdout[2m | src/components/ChatSidebar/SearchResults.stories.jsx[2m > [22m[2mIn Constrained Container
[22m[39m[Mock Data] Settings created: mock-settings-1790416247274 - notified 0 subscribers
[90mstdout[2m | src/components/ChatSidebar/SearchResults.stories.jsx[2m > [22m[2mIn Constrained Container
[22m[39m[Mock Data] Unit.onUpdate() subscription added. Total: 1
[90mstdout[2m | src/components/ChatSidebar/SearchResults.stories.jsx[2m > [22m[2mIn Constrained Container
[22m[39m[SectionContext] Section observeQuery update: 0
[90mstdout[2m | src/components/ChatSidebar/SearchResults.stories.jsx[2m > [22m[2mIn Constrained Container
[22m[39m[FilesContext] File observeQuery update: 6 files
[90mstdout[2m | src/components/ChatSidebar/SearchResults.stories.jsx[2m > [22m[2mIn Constrained Container
[22m[39m[ChatContext] AssistantChat initialized with 1 chats
[90mstdout[2m | src/components/ChatSidebar/SearchResults.stories.jsx[2m > [22m[2mIn Constrained Container
[22m[39m[ChatContext] Setting initial chat: mock-assistant-chat-1
[90mstdout[2m | src/components/ChatSidebar/SearchResults.stories.jsx[2m > [22m[2mIn Constrained Container
[22m[39m[MOCK CourseVectorStore] Initialized with mock data
[90mstdout[2m | src/components/ChatSidebar/SearchResults.stories.jsx[2m > [22m[2mIn Constrained Container
[22m[39m[FilesContext] Vector store population triggered {
  "currentVectorStoreSize": 3,
  "documentsCount": 0,
  "filesCount": 6,
  "isInitialLoad": true,
}
[90mstdout[2m | src/components/ChatSidebar/SearchResults.stories.jsx[2m > [22m[2mIn Constrained Container
[22m[39m[FilesContext] Vector store population complete - 3 total embeddings
[90mstdout[2m | src/components/ChatSidebar/SearchResults.stories.jsx[2m > [22m[2mIn Constrained Container
[22m[39m[ChatContext] Chat exists and not archived, skipping creation
[90mstdout[2m | src/components/ChatSidebar/SearchResults.stories.jsx[2m > [22m[2mIn Constrained Container
[22m[39m[Mock Storage] downloadData called with: undefined
 [32m✓[39m [30m[45m storybook (chromium) [49m[39m src/components/ChatSidebar/SearchResults.stories.jsx [2m([22m[2m14 tests[22m[2m)[22m[33m 7725[2mms[22m[39m
   [33m[2m✓[22m[39m All Result Types [33m 1282[2mms[22m[39m
   [33m[2m✓[22m[39m Files Only [33m 385[2mms[22m[39m
   [33m[2m✓[22m[39m Vocabulary Only [33m 379[2mms[22m[39m
   [33m[2m✓[22m[39m Questions Only [33m 361[2mms[22m[39m
   [33m[2m✓[22m[39m Sections Only [33m 360[2mms[22m[39m
   [33m[2m✓[22m[39m Units Only [33m 334[2mms[22m[39m
   [33m[2m✓[22m[39m High Relevance Scores [33m 623[2mms[22m[39m
   [33m[2m✓[22m[39m Low Relevance Scores [33m 347[2mms[22m[39m
   [33m[2m✓[22m[39m Large Result Set [33m 1335[2mms[22m[39m
   [33m[2m✓[22m[39m Without Unit Id [33m 493[2mms[22m[39m
   [33m[2m✓[22m[39m Minimal Callbacks [33m 423[2mms[22m[39m
   [33m[2m✓[22m[39m In Constrained Container [33m 1083[2mms[22m[39m
[90mstdout[2m | unknown test
[22m[39m[MOCK vectorStoreDB.js] Module loaded - mock IndexedDB operations
[90mstdout[2m | unknown test
[22m[39m[Task Completion] DOM action listeners initialized
[90mstdout[2m | unknown test
[22m[39m[Task Completion] Auto-completion detector initialized
[90mstdout[2m | unknown test
[22m[39m[Preview] Task completion detector initialized
[90mstdout[2m | src/components/Gamification/SkillForm.stories.tsx[2m > [22m[2mDefault
[22m[39m[TranslationModeController] Setting mode to: off
[90mstdout[2m | src/components/Gamification/SkillForm.stories.tsx[2m > [22m[2mWithout Generate
[22m[39m[TranslationModeController] Setting mode to: off
[90mstdout[2m | src/components/Gamification/SkillForm.stories.tsx[2m > [22m[2mEmpty Section
[22m[39m[TranslationModeController] Setting mode to: off
[90mstdout[2m | src/components/Gamification/SkillForm.stories.tsx[2m > [22m[2mSubmitting
[22m[39m[TranslationModeController] Setting mode to: off
[90mstdout[2m | src/components/Gamification/SkillForm.stories.tsx[2m > [22m[2mCreate Skill With Units
[22m[39m[TranslationModeController] Setting mode to: off
 [32m✓[39m [30m[45m storybook (chromium) [49m[39m src/components/Gamification/SkillForm.stories.tsx [2m([22m[2m5 tests[22m[2m)[22m[33m 4859[2mms[22m[39m
   [33m[2m✓[22m[39m Default [33m 373[2mms[22m[39m
   [33m[2m✓[22m[39m Create Skill With Units [33m 3829[2mms[22m[39m
[90mstdout[2m | unknown test
[22m[39m[MOCK vectorStoreDB.js] Module loaded - mock IndexedDB operations
[90mstdout[2m | unknown test
[22m[39m[Task Completion] DOM action listeners initialized
[90mstdout[2m | unknown test
[22m[39m[Task Completion] Auto-completion detector initialized
[90mstdout[2m | unknown test
[22m[39m[Preview] Task completion detector initialized
[90mstdout[2m | src/components/RecordingStudioEnhanced.stories.tsx[2m > [22m[2mDefault
[22m[39m[MOCK CourseVectorStore] Initialized with mock data
[90mstdout[2m | src/components/RecordingStudioEnhanced.stories.tsx[2m > [22m[2mDefault
[22m[39m[TranslationModeController] Setting mode to: off
[90mstdout[2m | src/components/RecordingStudioEnhanced.stories.tsx[2m > [22m[2mDefault
[22m[39m[UnitContext] useEffect triggered {
  "authLoading": false,
  "hasUser": true,
  "id": "mock-unit-id",
  "userSub": "mock-user-sub",
}
[90mstdout[2m | src/components/RecordingStudioEnhanced.stories.tsx[2m > [22m[2mDefault
[22m[39m[UnitContext] Fetching unit data for id: mock-unit-id
[90mstdout[2m | src/components/RecordingStudioEnhanced.stories.tsx[2m > [22m[2mDefault
[22m[39m[FilesContext] Initializing vector store from IndexedDB
[90mstdout[2m | src/components/RecordingStudioEnhanced.stories.tsx[2m > [22m[2mDefault
[22m[39m[FilesContext] fetchFiles called
[90mstdout[2m | src/components/RecordingStudioEnhanced.stories.tsx[2m > [22m[2mDefault
[22m[39m[FilesContext] User authenticated: mock-user-sub
[90mstdout[2m | src/components/RecordingStudioEnhanced.stories.tsx[2m > [22m[2mDefault
[22m[39m[FilesContext] Identity ID: us-east-1:mock-identity-123
[90mstdout[2m | src/components/RecordingStudioEnhanced.stories.tsx[2m > [22m[2mDefault
[22m[39m[FilesContext] About to set up File observeQuery
[90mstdout[2m | src/components/RecordingStudioEnhanced.stories.tsx[2m > [22m[2mDefault
[22m[39m[ChatContext] Setting up AssistantChat observeQuery
[90mstdout[2m | src/components/RecordingStudioEnhanced.stories.tsx[2m > [22m[2mDefault
[22m[39m[ChatContext] Waiting for subscription to initialize
[90mstdout[2m | src/components/RecordingStudioEnhanced.stories.tsx[2m > [22m[2mDefault
[22m[39m[SettingsContext] Setting up Settings subscription for user: mock-user-sub
[90mstdout[2m | src/components/RecordingStudioEnhanced.stories.tsx[2m > [22m[2mDefault
[22m[39m[Mock Data] Settings created: mock-settings-1790416256953 - notified 0 subscribers
[90mstdout[2m | src/components/RecordingStudioEnhanced.stories.tsx[2m > [22m[2mDefault
[22m[39m[Mock Data] Unit.onUpdate() subscription added. Total: 1
[90mstdout[2m | src/components/RecordingStudioEnhanced.stories.tsx[2m > [22m[2mDefault
[22m[39m[SectionContext] Section observeQuery update: 0
[90mstdout[2m | src/components/RecordingStudioEnhanced.stories.tsx[2m > [22m[2mDefault
[22m[39m[FilesContext] File observeQuery update: 6 files
[90mstdout[2m | src/components/RecordingStudioEnhanced.stories.tsx[2m > [22m[2mDefault
[22m[39m[ChatContext] AssistantChat initialized with 1 chats
[90mstdout[2m | src/components/RecordingStudioEnhanced.stories.tsx[2m > [22m[2mDefault
[22m[39m[ChatContext] Setting initial chat: mock-assistant-chat-1
[90mstdout[2m | src/components/RecordingStudioEnhanced.stories.tsx[2m > [22m[2mDefault
[22m[39m[MOCK CourseVectorStore] Initialized with mock data
[90mstdout[2m | src/components/RecordingStudioEnhanced.stories.tsx[2m > [22m[2mDefault
[22m[39m[FilesContext] Vector store population triggered {
  "currentVectorStoreSize": 3,
  "documentsCount": 0,
  "filesCount": 6,
  "isInitialLoad": true,
}
[90mstdout[2m | src/components/RecordingStudioEnhanced.stories.tsx[2m > [22m[2mDefault
[22m[39m[FilesContext] Vector store population complete - 3 total embeddings
[90mstdout[2m | src/components/RecordingStudioEnhanced.stories.tsx[2m > [22m[2mDefault
[22m[39m[ChatContext] Chat exists and not archived, skipping creation
[90mstdout[2m | src/components/RecordingStudioEnhanced.stories.tsx[2m > [22m[2mDefault
[22m[39m[Mock Storage] downloadData called with: undefined
[90mstdout[2m | src/components/RecordingStudioEnhanced.stories.tsx[2m > [22m[2mWith Metadata
[22m[39m[ChatContext] Cleaning up subscriptions
[90mstdout[2m | src/components/RecordingStudioEnhanced.stories.tsx[2m > [22m[2mWith Metadata
[22m[39m[Mock Data] Unit.onUpdate() subscription removed. Remaining: 0
[90mstdout[2m | src/components/RecordingStudioEnhanced.stories.tsx[2m > [22m[2mWith Metadata
[22m[39m[MOCK CourseVectorStore] Initialized with mock data
[90mstdout[2m | src/components/RecordingStudioEnhanced.stories.tsx[2m > [22m[2mWith Metadata
[22m[39m[TranslationModeController] Setting mode to: off
[90mstdout[2m | src/components/RecordingStudioEnhanced.stories.tsx[2m > [22m[2mWith Metadata
[22m[39m[UnitContext] useEffect triggered {
  "authLoading": false,
  "hasUser": true,
  "id": "mock-unit-id",
  "userSub": "mock-user-sub",
}
[90mstdout[2m | src/components/RecordingStudioEnhanced.stories.tsx[2m > [22m[2mWith Metadata
[22m[39m[UnitContext] Fetching unit data for id: mock-unit-id
[90mstdout[2m | src/components/RecordingStudioEnhanced.stories.tsx[2m > [22m[2mWith Metadata
[22m[39m[FilesContext] Initializing vector store from IndexedDB
[90mstdout[2m | src/components/RecordingStudioEnhanced.stories.tsx[2m > [22m[2mWith Metadata
[22m[39m[FilesContext] fetchFiles called
[90mstdout[2m | src/components/RecordingStudioEnhanced.stories.tsx[2m > [22m[2mWith Metadata
[22m[39m[FilesContext] User authenticated: mock-user-sub
[90mstdout[2m | src/components/RecordingStudioEnhanced.stories.tsx[2m > [22m[2mWith Metadata
[22m[39m[FilesContext] Identity ID: us-east-1:mock-identity-123
[90mstdout[2m | src/components/RecordingStudioEnhanced.stories.tsx[2m > [22m[2mWith Metadata
[22m[39m[FilesContext] About to set up File observeQuery
[90mstdout[2m | src/components/RecordingStudioEnhanced.stories.tsx[2m > [22m[2mWith Metadata
[22m[39m[ChatContext] Setting up AssistantChat observeQuery
[90mstdout[2m | src/components/RecordingStudioEnhanced.stories.tsx[2m > [22m[2mWith Metadata
[22m[39m[ChatContext] Waiting for subscription to initialize
[90mstdout[2m | src/components/RecordingStudioEnhanced.stories.tsx[2m > [22m[2mWith Metadata
[22m[39m[SettingsContext] Setting up Settings subscription for user: mock-user-sub
[90mstdout[2m | src/components/RecordingStudioEnhanced.stories.tsx[2m > [22m[2mWith Metadata
[22m[39m[Mock Data] Settings created: mock-settings-1790416257380 - notified 0 subscribers
[90mstdout[2m | src/components/RecordingStudioEnhanced.stories.tsx[2m > [22m[2mWith Metadata
[22m[39m[Mock Data] Unit.onUpdate() subscription added. Total: 1
[90mstdout[2m | src/components/RecordingStudioEnhanced.stories.tsx[2m > [22m[2mWith Metadata
[22m[39m[SectionContext] Section observeQuery update: 0
[90mstdout[2m | src/components/RecordingStudioEnhanced.stories.tsx[2m > [22m[2mWith Metadata
[22m[39m[FilesContext] File observeQuery update: 6 files
[90mstdout[2m | src/components/RecordingStudioEnhanced.stories.tsx[2m > [22m[2mWith Metadata
[22m[39m[ChatContext] AssistantChat initialized with 1 chats
[90mstdout[2m | src/components/RecordingStudioEnhanced.stories.tsx[2m > [22m[2mWith Metadata
[22m[39m[ChatContext] Setting initial chat: mock-assistant-chat-1
[90mstdout[2m | src/components/RecordingStudioEnhanced.stories.tsx[2m > [22m[2mWith Metadata
[22m[39m[MOCK CourseVectorStore] Initialized with mock data
[90mstdout[2m | src/components/RecordingStudioEnhanced.stories.tsx[2m > [22m[2mWith Metadata
[22m[39m[FilesContext] Vector store population triggered {
  "currentVectorStoreSize": 3,
  "documentsCount": 0,
  "filesCount": 6,
  "isInitialLoad": true,
}
[90mstdout[2m | src/components/RecordingStudioEnhanced.stories.tsx[2m > [22m[2mWith Metadata
[22m[39m[FilesContext] Vector store population complete - 3 total embeddings
[90mstdout[2m | src/components/RecordingStudioEnhanced.stories.tsx[2m > [22m[2mWith Metadata
[22m[39m[ChatContext] Chat exists and not archived, skipping creation
[90mstdout[2m | src/components/RecordingStudioEnhanced.stories.tsx[2m > [22m[2mWith Metadata
[22m[39m[Mock Storage] downloadData called with: undefined
[90mstdout[2m | src/components/RecordingStudioEnhanced.stories.tsx[2m > [22m[2mMinimal Props
[22m[39m[ChatContext] Cleaning up subscriptions
[90mstdout[2m | src/components/RecordingStudioEnhanced.stories.tsx[2m > [22m[2mMinimal Props
[22m[39m[Mock Data] Unit.onUpdate() subscription removed. Remaining: 0
[90mstdout[2m | src/components/RecordingStudioEnhanced.stories.tsx[2m > [22m[2mMinimal Props
[22m[39m[MOCK CourseVectorStore] Initialized with mock data
[90mstdout[2m | src/components/RecordingStudioEnhanced.stories.tsx[2m > [22m[2mMinimal Props
[22m[39m[TranslationModeController] Setting mode to: off
[90mstdout[2m | src/components/RecordingStudioEnhanced.stories.tsx[2m > [22m[2mMinimal Props
[22m[39m[UnitContext] useEffect triggered {
  "authLoading": false,
  "hasUser": true,
  "id": "mock-unit-id",
  "userSub": "mock-user-sub",
}
[90mstdout[2m | src/components/RecordingStudioEnhanced.stories.tsx[2m > [22m[2mMinimal Props
[22m[39m[UnitContext] Fetching unit data for id: mock-unit-id
[90mstdout[2m | src/components/RecordingStudioEnhanced.stories.tsx[2m > [22m[2mMinimal Props
[22m[39m[FilesContext] Initializing vector store from IndexedDB
[90mstdout[2m | src/components/RecordingStudioEnhanced.stories.tsx[2m > [22m[2mMinimal Props
[22m[39m[FilesContext] fetchFiles called
[90mstdout[2m | src/components/RecordingStudioEnhanced.stories.tsx[2m > [22m[2mMinimal Props
[22m[39m[FilesContext] User authenticated: mock-user-sub
[90mstdout[2m | src/components/RecordingStudioEnhanced.stories.tsx[2m > [22m[2mMinimal Props
[22m[39m[FilesContext] Identity ID: us-east-1:mock-identity-123
[90mstdout[2m | src/components/RecordingStudioEnhanced.stories.tsx[2m > [22m[2mMinimal Props
[22m[39m[FilesContext] About to set up File observeQuery
[90mstdout[2m | src/components/RecordingStudioEnhanced.stories.tsx[2m > [22m[2mMinimal Props
[22m[39m[ChatContext] Setting up AssistantChat observeQuery
[90mstdout[2m | src/components/RecordingStudioEnhanced.stories.tsx[2m > [22m[2mMinimal Props
[22m[39m[ChatContext] Waiting for subscription to initialize
[90mstdout[2m | src/components/RecordingStudioEnhanced.stories.tsx[2m > [22m[2mMinimal Props
[22m[39m[SettingsContext] Setting up Settings subscription for user: mock-user-sub
[90mstdout[2m | src/components/RecordingStudioEnhanced.stories.tsx[2m > [22m[2mMinimal Props
[22m[39m[Mock Data] Settings created: mock-settings-1790416257624 - notified 0 subscribers
[90mstdout[2m | src/components/RecordingStudioEnhanced.stories.tsx[2m > [22m[2mMinimal Props
[22m[39m[Mock Data] Unit.onUpdate() subscription added. Total: 1
[90mstdout[2m | src/components/RecordingStudioEnhanced.stories.tsx[2m > [22m[2mMinimal Props
[22m[39m[SectionContext] Section observeQuery update: 0
[90mstdout[2m | src/components/RecordingStudioEnhanced.stories.tsx[2m > [22m[2mMinimal Props
[22m[39m[FilesContext] File observeQuery update: 6 files
[90mstdout[2m | src/components/RecordingStudioEnhanced.stories.tsx[2m > [22m[2mMinimal Props
[22m[39m[ChatContext] AssistantChat initialized with 1 chats
[90mstdout[2m | src/components/RecordingStudioEnhanced.stories.tsx[2m > [22m[2mMinimal Props
[22m[39m[ChatContext] Setting initial chat: mock-assistant-chat-1
[90mstdout[2m | src/components/RecordingStudioEnhanced.stories.tsx[2m > [22m[2mMinimal Props
[22m[39m[MOCK CourseVectorStore] Initialized with mock data
[90mstdout[2m | src/components/RecordingStudioEnhanced.stories.tsx[2m > [22m[2mMinimal Props
[22m[39m[FilesContext] Vector store population triggered {
  "currentVectorStoreSize": 3,
  "documentsCount": 0,
  "filesCount": 6,
  "isInitialLoad": true,
}
[90mstdout[2m | src/components/RecordingStudioEnhanced.stories.tsx[2m > [22m[2mMinimal Props
[22m[39m[FilesContext] Vector store population complete - 3 total embeddings
[90mstdout[2m | src/components/RecordingStudioEnhanced.stories.tsx[2m > [22m[2mMinimal Props
[22m[39m[ChatContext] Chat exists and not archived, skipping creation
[90mstdout[2m | src/components/RecordingStudioEnhanced.stories.tsx[2m > [22m[2mMinimal Props
[22m[39m[Mock Storage] downloadData called with: undefined
 [32m✓[39m [30m[45m storybook (chromium) [49m[39m src/components/RecordingStudioEnhanced.stories.tsx [2m([22m[2m3 tests[22m[2m)[22m[33m 961[2mms[22m[39m
   [33m[2m✓[22m[39m Default [33m 429[2mms[22m[39m
   [33m[2m✓[22m[39m With Metadata [33m 303[2mms[22m[39m
[90mstdout[2m | unknown test
[22m[39m[MOCK vectorStoreDB.js] Module loaded - mock IndexedDB operations
[90mstdout[2m | unknown test
[22m[39m[Task Completion] DOM action listeners initialized
[90mstdout[2m | unknown test
[22m[39m[Task Completion] Auto-completion detector initialized
[90mstdout[2m | unknown test
[22m[39m[Preview] Task completion detector initialized
[90mstdout[2m | src/components/QuestionsReview2.stories.tsx[2m > [22m[2mDefault
[22m[39m[Preview] Skipped initializing default mock data (initializeMockData=false)
[90mstdout[2m | src/components/QuestionsReview2.stories.tsx[2m > [22m[2mDefault
[22m[39m[Mock Data] seedMockDocuments: Adding 1 documents
[90mstdout[2m | src/components/QuestionsReview2.stories.tsx[2m > [22m[2mDefault
[22m[39m[Mock Data] seedMockParsedContent: Adding 1 parsed content records
[90mstdout[2m | src/components/QuestionsReview2.stories.tsx[2m > [22m[2mDefault
[22m[39m[MOCK CourseVectorStore] Initialized with mock data
[90mstdout[2m | src/components/QuestionsReview2.stories.tsx[2m > [22m[2mDefault
[22m[39m[TranslationModeController] Setting mode to: off
[90mstdout[2m | src/components/QuestionsReview2.stories.tsx[2m > [22m[2mDefault
[22m[39m[UnitContext] useEffect triggered {
  "authLoading": false,
  "hasUser": true,
  "id": "mock-unit-1",
  "userSub": "mock-user-sub",
}
[90mstdout[2m | src/components/QuestionsReview2.stories.tsx[2m > [22m[2mDefault
[22m[39m[UnitContext] Fetching unit data for id: mock-unit-1
[90mstdout[2m | src/components/QuestionsReview2.stories.tsx[2m > [22m[2mDefault
[22m[39m[FilesContext] Initializing vector store from IndexedDB
[90mstdout[2m | src/components/QuestionsReview2.stories.tsx[2m > [22m[2mDefault
[22m[39m[FilesContext] fetchFiles called
[90mstdout[2m | src/components/QuestionsReview2.stories.tsx[2m > [22m[2mDefault
[22m[39m[FilesContext] User authenticated: mock-user-sub
[90mstdout[2m | src/components/QuestionsReview2.stories.tsx[2m > [22m[2mDefault
[22m[39m[FilesContext] Identity ID: us-east-1:mock-identity-123
[90mstdout[2m | src/components/QuestionsReview2.stories.tsx[2m > [22m[2mDefault
[22m[39m[FilesContext] About to set up File observeQuery
[90mstdout[2m | src/components/QuestionsReview2.stories.tsx[2m > [22m[2mDefault
[22m[39m[ChatContext] Setting up AssistantChat observeQuery
[90mstdout[2m | src/components/QuestionsReview2.stories.tsx[2m > [22m[2mDefault
[22m[39m[ChatContext] Waiting for subscription to initialize
[90mstdout[2m | src/components/QuestionsReview2.stories.tsx[2m > [22m[2mDefault
[22m[39m[SettingsContext] Setting up Settings subscription for user: mock-user-sub
[90mstdout[2m | src/components/QuestionsReview2.stories.tsx[2m > [22m[2mDefault
[22m[39m[Mock Data] Settings created: mock-settings-1790416262070 - notified 0 subscribers
[90mstdout[2m | src/components/QuestionsReview2.stories.tsx[2m > [22m[2mDefault
[22m[39m[Mock Data] Unit.onUpdate() subscription added. Total: 1
[90mstdout[2m | src/components/QuestionsReview2.stories.tsx[2m > [22m[2mDefault
[22m[39m[SectionContext] Section observeQuery update: 0
[90mstdout[2m | src/components/QuestionsReview2.stories.tsx[2m > [22m[2mDefault
[22m[39m[FilesContext] File observeQuery update: 0 files
[90mstdout[2m | src/components/QuestionsReview2.stories.tsx[2m > [22m[2mDefault
[22m[39m[ChatContext] AssistantChat initialized with 0 chats
[90mstdout[2m | src/components/QuestionsReview2.stories.tsx[2m > [22m[2mDefault
[22m[39m[MOCK CourseVectorStore] Initialized with mock data
[90mstdout[2m | src/components/QuestionsReview2.stories.tsx[2m > [22m[2mDefault
[22m[39m[ChatContext] No current chat available, will create one
[90mstdout[2m | src/components/QuestionsReview2.stories.tsx[2m > [22m[2mDefault
[22m[39m[ChatContext] Creating AssistantChat with user: undefined
[90mstdout[2m | src/components/QuestionsReview2.stories.tsx[2m > [22m[2mDefault
[22m[39m[Mock Data] AssistantChat created: mock-assistantchat-1790416262267 - notified 1 subscribers
[90mstdout[2m | src/components/QuestionsReview2.stories.tsx[2m > [22m[2mDefault
[22m[39m[ChatContext] Create result: {
  "data": {
    "_version": 1,
    "archived": false,
    "chatFiles": [Function anonymous],
    "createdAt": "2026-09-26T09:51:02.267Z",
    "id": "mock-assistantchat-1790416262267",
    "model": "gpt-4",
    "updatedAt": "2026-09-26T09:51:02.267Z",
  },
  "errors": [],
  "hasData": true,
  "hasErrors": true,
}
[90mstdout[2m | src/components/QuestionsReview2.stories.tsx[2m > [22m[2mDefault
[22m[39m[ChatContext] Created AssistantChat: mock-assistantchat-1790416262267 at: 2026-09-26T09:51:02.267Z
[90mstdout[2m | src/components/QuestionsReview2.stories.tsx[2m > [22m[2mDefault
[22m[39m[Mock Storage] downloadData called with: undefined
[90mstdout[2m | src/components/QuestionsReview2.stories.tsx[2m > [22m[2mDefault
[22m[39m[ChatContext] Setting initial chat: mock-assistantchat-1790416262267
[90mstdout[2m | src/components/QuestionsReview2.stories.tsx[2m > [22m[2mDefault
[22m[39m[ChatContext] Chat exists and not archived, skipping creation
[90mstdout[2m | src/components/QuestionsReview2.stories.tsx[2m > [22m[2mWith Search Highlight
[22m[39m[ChatContext] Cleaning up subscriptions
[90mstdout[2m | src/components/QuestionsReview2.stories.tsx[2m > [22m[2mWith Search Highlight
[22m[39m[Mock Data] Unit.onUpdate() subscription removed. Remaining: 0
[90mstdout[2m | src/components/QuestionsReview2.stories.tsx[2m > [22m[2mWith Search Highlight
[22m[39m[Preview] Skipped initializing default mock data (initializeMockData=false)
[90mstdout[2m | src/components/QuestionsReview2.stories.tsx[2m > [22m[2mWith Search Highlight
[22m[39m[Mock Data] seedMockDocuments: Adding 1 documents
[90mstdout[2m | src/components/QuestionsReview2.stories.tsx[2m > [22m[2mWith Search Highlight
[22m[39m[Mock Data] seedMockParsedContent: Adding 1 parsed content records
[90mstdout[2m | src/components/QuestionsReview2.stories.tsx[2m > [22m[2mWith Search Highlight
[22m[39m[MOCK CourseVectorStore] Initialized with mock data
[90mstdout[2m | src/components/QuestionsReview2.stories.tsx[2m > [22m[2mWith Search Highlight
[22m[39m[TranslationModeController] Setting mode to: off
[90mstdout[2m | src/components/QuestionsReview2.stories.tsx[2m > [22m[2mWith Search Highlight
[22m[39m[UnitContext] useEffect triggered {
  "authLoading": false,
  "hasUser": true,
  "id": "mock-unit-1",
  "userSub": "mock-user-sub",
}
[90mstdout[2m | src/components/QuestionsReview2.stories.tsx[2m > [22m[2mWith Search Highlight
[22m[39m[UnitContext] Fetching unit data for id: mock-unit-1
[90mstdout[2m | src/components/QuestionsReview2.stories.tsx[2m > [22m[2mWith Search Highlight
[22m[39m[FilesContext] Initializing vector store from IndexedDB
[90mstdout[2m | src/components/QuestionsReview2.stories.tsx[2m > [22m[2mWith Search Highlight
[22m[39m[FilesContext] fetchFiles called
[90mstdout[2m | src/components/QuestionsReview2.stories.tsx[2m > [22m[2mWith Search Highlight
[22m[39m[FilesContext] User authenticated: mock-user-sub
[90mstdout[2m | src/components/QuestionsReview2.stories.tsx[2m > [22m[2mWith Search Highlight
[22m[39m[FilesContext] Identity ID: us-east-1:mock-identity-123
[90mstdout[2m | src/components/QuestionsReview2.stories.tsx[2m > [22m[2mWith Search Highlight
[22m[39m[FilesContext] About to set up File observeQuery
[90mstdout[2m | src/components/QuestionsReview2.stories.tsx[2m > [22m[2mWith Search Highlight
[22m[39m[ChatContext] Setting up AssistantChat observeQuery
[90mstdout[2m | src/components/QuestionsReview2.stories.tsx[2m > [22m[2mWith Search Highlight
[22m[39m[ChatContext] Waiting for subscription to initialize
[90mstdout[2m | src/components/QuestionsReview2.stories.tsx[2m > [22m[2mWith Search Highlight
[22m[39m[SettingsContext] Setting up Settings subscription for user: mock-user-sub
[90mstdout[2m | src/components/QuestionsReview2.stories.tsx[2m > [22m[2mWith Search Highlight
[22m[39m[Mock Data] Settings created: mock-settings-1790416262544 - notified 0 subscribers
[90mstdout[2m | src/components/QuestionsReview2.stories.tsx[2m > [22m[2mWith Search Highlight
[22m[39m[Mock Data] Unit.onUpdate() subscription added. Total: 1
[90mstdout[2m | src/components/QuestionsReview2.stories.tsx[2m > [22m[2mWith Search Highlight
[22m[39m[SectionContext] Section observeQuery update: 0
[90mstdout[2m | src/components/QuestionsReview2.stories.tsx[2m > [22m[2mWith Search Highlight
[22m[39m[FilesContext] File observeQuery update: 0 files
[90mstdout[2m | src/components/QuestionsReview2.stories.tsx[2m > [22m[2mWith Search Highlight
[22m[39m[ChatContext] AssistantChat initialized with 0 chats
[90mstdout[2m | src/components/QuestionsReview2.stories.tsx[2m > [22m[2mWith Search Highlight
[22m[39m[Mock Storage] downloadData called with: undefined
[90mstdout[2m | src/components/QuestionsReview2.stories.tsx[2m > [22m[2mWith Search Highlight
[22m[39m[MOCK CourseVectorStore] Initialized with mock data
[90mstdout[2m | src/components/QuestionsReview2.stories.tsx[2m > [22m[2mWith Search Highlight
[22m[39m[ChatContext] No current chat available, will create one
[90mstdout[2m | src/components/QuestionsReview2.stories.tsx[2m > [22m[2mWith Search Highlight
[22m[39m[ChatContext] Creating AssistantChat with user: undefined
[90mstdout[2m | src/components/QuestionsReview2.stories.tsx[2m > [22m[2mWith Search Highlight
[22m[39m[Mock Data] AssistantChat created: mock-assistantchat-1790416262667 - notified 1 subscribers
[90mstdout[2m | src/components/QuestionsReview2.stories.tsx[2m > [22m[2mWith Search Highlight
[22m[39m[ChatContext] Create result: {
  "data": {
    "_version": 1,
    "archived": false,
    "chatFiles": [Function anonymous],
    "createdAt": "2026-09-26T09:51:02.667Z",
    "id": "mock-assistantchat-1790416262667",
    "model": "gpt-4",
    "updatedAt": "2026-09-26T09:51:02.667Z",
  },
  "errors": [],
  "hasData": true,
  "hasErrors": true,
}
[90mstdout[2m | src/components/QuestionsReview2.stories.tsx[2m > [22m[2mWith Search Highlight
[22m[39m[ChatContext] Created AssistantChat: mock-assistantchat-1790416262667 at: 2026-09-26T09:51:02.667Z
[90mstdout[2m | src/components/QuestionsReview2.stories.tsx[2m > [22m[2mWith Search Highlight
[22m[39m[ChatContext] Setting initial chat: mock-assistantchat-1790416262667
[90mstdout[2m | src/components/QuestionsReview2.stories.tsx[2m > [22m[2mWith Search Highlight
[22m[39m[ChatContext] Chat exists and not archived, skipping creation
[90mstdout[2m | src/components/QuestionsReview2.stories.tsx[2m > [22m[2mLarge List
[22m[39m[ChatContext] Cleaning up subscriptions
[90mstdout[2m | src/components/QuestionsReview2.stories.tsx[2m > [22m[2mLarge List
[22m[39m[Mock Data] Unit.onUpdate() subscription removed. Remaining: 0
[90mstdout[2m | src/components/QuestionsReview2.stories.tsx[2m > [22m[2mLarge List
[22m[39m[Preview] Skipped initializing default mock data (initializeMockData=false)
[90mstdout[2m | src/components/QuestionsReview2.stories.tsx[2m > [22m[2mLarge List
[22m[39m[Mock Data] seedMockDocuments: Adding 1 documents
[90mstdout[2m | src/components/QuestionsReview2.stories.tsx[2m > [22m[2mLarge List
[22m[39m[Mock Data] seedMockParsedContent: Adding 1 parsed content records
[90mstdout[2m | src/components/QuestionsReview2.stories.tsx[2m > [22m[2mLarge List
[22m[39m[MOCK CourseVectorStore] Initialized with mock data
[90mstdout[2m | src/components/QuestionsReview2.stories.tsx[2m > [22m[2mLarge List
[22m[39m[TranslationModeController] Setting mode to: off
[90mstdout[2m | src/components/QuestionsReview2.stories.tsx[2m > [22m[2mLarge List
[22m[39m[UnitContext] useEffect triggered {
  "authLoading": false,
  "hasUser": true,
  "id": "mock-unit-1",
  "userSub": "mock-user-sub",
}
[90mstdout[2m | src/components/QuestionsReview2.stories.tsx[2m > [22m[2mLarge List
[22m[39m[UnitContext] Fetching unit data for id: mock-unit-1
[90mstdout[2m | src/components/QuestionsReview2.stories.tsx[2m > [22m[2mLarge List
[22m[39m[FilesContext] Initializing vector store from IndexedDB
[90mstdout[2m | src/components/QuestionsReview2.stories.tsx[2m > [22m[2mLarge List
[22m[39m[FilesContext] fetchFiles called
[90mstdout[2m | src/components/QuestionsReview2.stories.tsx[2m > [22m[2mLarge List
[22m[39m[FilesContext] User authenticated: mock-user-sub
[90mstdout[2m | src/components/QuestionsReview2.stories.tsx[2m > [22m[2mLarge List
[22m[39m[FilesContext] Identity ID: us-east-1:mock-identity-123
[90mstdout[2m | src/components/QuestionsReview2.stories.tsx[2m > [22m[2mLarge List
[22m[39m[FilesContext] About to set up File observeQuery
[90mstdout[2m | src/components/QuestionsReview2.stories.tsx[2m > [22m[2mLarge List
[22m[39m[ChatContext] Setting up AssistantChat observeQuery
[90mstdout[2m | src/components/QuestionsReview2.stories.tsx[2m > [22m[2mLarge List
[22m[39m[ChatContext] Waiting for subscription to initialize
[90mstdout[2m | src/components/QuestionsReview2.stories.tsx[2m > [22m[2mLarge List
[22m[39m[SettingsContext] Setting up Settings subscription for user: mock-user-sub
[90mstdout[2m | src/components/QuestionsReview2.stories.tsx[2m > [22m[2mLarge List
[22m[39m[Mock Data] Settings created: mock-settings-1790416262795 - notified 0 subscribers
[90mstdout[2m | src/components/QuestionsReview2.stories.tsx[2m > [22m[2mLarge List
[22m[39m[Mock Data] Unit.onUpdate() subscription added. Total: 1
[90mstdout[2m | src/components/QuestionsReview2.stories.tsx[2m > [22m[2mLarge List
[22m[39m[SectionContext] Section observeQuery update: 0
[90mstdout[2m | src/components/QuestionsReview2.stories.tsx[2m > [22m[2mLarge List
[22m[39m[FilesContext] File observeQuery update: 0 files
[90mstdout[2m | src/components/QuestionsReview2.stories.tsx[2m > [22m[2mLarge List
[22m[39m[ChatContext] AssistantChat initialized with 0 chats
[90mstdout[2m | src/components/QuestionsReview2.stories.tsx[2m > [22m[2mLarge List
[22m[39m[Mock Storage] downloadData called with: undefined
[90mstdout[2m | src/components/QuestionsReview2.stories.tsx[2m > [22m[2mLarge List
[22m[39m[MOCK CourseVectorStore] Initialized with mock data
[90mstdout[2m | src/components/QuestionsReview2.stories.tsx[2m > [22m[2mLarge List
[22m[39m[ChatContext] No current chat available, will create one
[90mstdout[2m | src/components/QuestionsReview2.stories.tsx[2m > [22m[2mLarge List
[22m[39m[ChatContext] Creating AssistantChat with user: undefined
[90mstdout[2m | src/components/QuestionsReview2.stories.tsx[2m > [22m[2mLarge List
[22m[39m[Mock Data] AssistantChat created: mock-assistantchat-1790416263047 - notified 1 subscribers
[90mstdout[2m | src/components/QuestionsReview2.stories.tsx[2m > [22m[2mLarge List
[22m[39m[ChatContext] Create result: {
  "data": {
    "_version": 1,
    "archived": false,
    "chatFiles": [Function anonymous],
    "createdAt": "2026-09-26T09:51:03.047Z",
    "id": "mock-assistantchat-1790416263047",
    "model": "gpt-4",
    "updatedAt": "2026-09-26T09:51:03.047Z",
  },
  "errors": [],
  "hasData": true,
  "hasErrors": true,
}
[90mstdout[2m | src/components/QuestionsReview2.stories.tsx[2m > [22m[2mLarge List
[22m[39m[ChatContext] Created AssistantChat: mock-assistantchat-1790416263047 at: 2026-09-26T09:51:03.047Z
[90mstdout[2m | src/components/QuestionsReview2.stories.tsx[2m > [22m[2mLarge List
[22m[39m[ChatContext] Setting initial chat: mock-assistantchat-1790416263047
[90mstdout[2m | src/components/QuestionsReview2.stories.tsx[2m > [22m[2mLarge List
[22m[39m[ChatContext] Chat exists and not archived, skipping creation
[90mstdout[2m | src/components/QuestionsReview2.stories.tsx[2m > [22m[2mEssay Questions
[22m[39m[ChatContext] Cleaning up subscriptions
[90mstdout[2m | src/components/QuestionsReview2.stories.tsx[2m > [22m[2mEssay Questions
[22m[39m[Mock Data] Unit.onUpdate() subscription removed. Remaining: 0
[90mstdout[2m | src/components/QuestionsReview2.stories.tsx[2m > [22m[2mEssay Questions
[22m[39m[Preview] Skipped initializing default mock data (initializeMockData=false)
[90mstdout[2m | src/components/QuestionsReview2.stories.tsx[2m > [22m[2mEssay Questions
[22m[39m[Mock Data] seedMockDocuments: Adding 1 documents
[90mstdout[2m | src/components/QuestionsReview2.stories.tsx[2m > [22m[2mEssay Questions
[22m[39m[Mock Data] seedMockParsedContent: Adding 1 parsed content records
[90mstdout[2m | src/components/QuestionsReview2.stories.tsx[2m > [22m[2mEssay Questions
[22m[39m[MOCK CourseVectorStore] Initialized with mock data
[90mstdout[2m | src/components/QuestionsReview2.stories.tsx[2m > [22m[2mEssay Questions
[22m[39m[TranslationModeController] Setting mode to: off
[90mstdout[2m | src/components/QuestionsReview2.stories.tsx[2m > [22m[2mEssay Questions
[22m[39m[UnitContext] useEffect triggered {
  "authLoading": false,
  "hasUser": true,
  "id": "mock-unit-1",
  "userSub": "mock-user-sub",
}
[90mstdout[2m | src/components/QuestionsReview2.stories.tsx[2m > [22m[2mEssay Questions
[22m[39m[UnitContext] Fetching unit data for id: mock-unit-1
[90mstdout[2m | src/components/QuestionsReview2.stories.tsx[2m > [22m[2mEssay Questions
[22m[39m[FilesContext] Initializing vector store from IndexedDB
[90mstdout[2m | src/components/QuestionsReview2.stories.tsx[2m > [22m[2mEssay Questions
[22m[39m[FilesContext] fetchFiles called
[90mstdout[2m | src/components/QuestionsReview2.stories.tsx[2m > [22m[2mEssay Questions
[22m[39m[FilesContext] User authenticated: mock-user-sub
[90mstdout[2m | src/components/QuestionsReview2.stories.tsx[2m > [22m[2mEssay Questions
[22m[39m[FilesContext] Identity ID: us-east-1:mock-identity-123
[90mstdout[2m | src/components/QuestionsReview2.stories.tsx[2m > [22m[2mEssay Questions
[22m[39m[FilesContext] About to set up File observeQuery
[90mstdout[2m | src/components/QuestionsReview2.stories.tsx[2m > [22m[2mEssay Questions
[22m[39m[ChatContext] Setting up AssistantChat observeQuery
[90mstdout[2m | src/components/QuestionsReview2.stories.tsx[2m > [22m[2mEssay Questions
[22m[39m[ChatContext] Waiting for subscription to initialize
[90mstdout[2m | src/components/QuestionsReview2.stories.tsx[2m > [22m[2mEssay Questions
[22m[39m[SettingsContext] Setting up Settings subscription for user: mock-user-sub
[90mstdout[2m | src/components/QuestionsReview2.stories.tsx[2m > [22m[2mEssay Questions
[22m[39m[Mock Data] Settings created: mock-settings-1790416263241 - notified 0 subscribers
[90mstdout[2m | src/components/QuestionsReview2.stories.tsx[2m > [22m[2mEssay Questions
[22m[39m[Mock Data] Unit.onUpdate() subscription added. Total: 1
[90mstdout[2m | src/components/QuestionsReview2.stories.tsx[2m > [22m[2mEssay Questions
[22m[39m[SectionContext] Section observeQuery update: 0
[90mstdout[2m | src/components/QuestionsReview2.stories.tsx[2m > [22m[2mEssay Questions
[22m[39m[FilesContext] File observeQuery update: 0 files
[90mstdout[2m | src/components/QuestionsReview2.stories.tsx[2m > [22m[2mEssay Questions
[22m[39m[Mock Storage] downloadData called with: undefined
[90mstdout[2m | src/components/QuestionsReview2.stories.tsx[2m > [22m[2mEssay Questions
[22m[39m[ChatContext] AssistantChat initialized with 0 chats
[90mstdout[2m | src/components/QuestionsReview2.stories.tsx[2m > [22m[2mEssay Questions
[22m[39m[MOCK CourseVectorStore] Initialized with mock data
[90mstdout[2m | src/components/QuestionsReview2.stories.tsx[2m > [22m[2mEssay Questions
[22m[39m[ChatContext] No current chat available, will create one
[90mstdout[2m | src/components/QuestionsReview2.stories.tsx[2m > [22m[2mEssay Questions
[22m[39m[ChatContext] Creating AssistantChat with user: undefined
[90mstdout[2m | src/components/QuestionsReview2.stories.tsx[2m > [22m[2mEssay Questions
[22m[39m[Mock Data] AssistantChat created: mock-assistantchat-1790416263349 - notified 1 subscribers
[90mstdout[2m | src/components/QuestionsReview2.stories.tsx[2m > [22m[2mEssay Questions
[22m[39m[ChatContext] Create result: {
  "data": {
    "_version": 1,
    "archived": false,
    "chatFiles": [Function anonymous],
    "createdAt": "2026-09-26T09:51:03.349Z",
    "id": "mock-assistantchat-1790416263349",
    "model": "gpt-4",
    "updatedAt": "2026-09-26T09:51:03.349Z",
  },
  "errors": [],
  "hasData": true,
  "hasErrors": true,
}
[90mstdout[2m | src/components/QuestionsReview2.stories.tsx[2m > [22m[2mEssay Questions
[22m[39m[ChatContext] Created AssistantChat: mock-assistantchat-1790416263349 at: 2026-09-26T09:51:03.349Z
[90mstdout[2m | src/components/QuestionsReview2.stories.tsx[2m > [22m[2mEssay Questions
[22m[39m[ChatContext] Setting initial chat: mock-assistantchat-1790416263349
[90mstdout[2m | src/components/QuestionsReview2.stories.tsx[2m > [22m[2mEssay Questions
[22m[39m[ChatContext] Chat exists and not archived, skipping creation
[90mstdout[2m | src/components/QuestionsReview2.stories.tsx[2m > [22m[2mComprehension Questions
[22m[39m[ChatContext] Cleaning up subscriptions
[90mstdout[2m | src/components/QuestionsReview2.stories.tsx[2m > [22m[2mComprehension Questions
[22m[39m[Mock Data] Unit.onUpdate() subscription removed. Remaining: 0
[90mstdout[2m | src/components/QuestionsReview2.stories.tsx[2m > [22m[2mComprehension Questions
[22m[39m[Preview] Skipped initializing default mock data (initializeMockData=false)
[90mstdout[2m | src/components/QuestionsReview2.stories.tsx[2m > [22m[2mComprehension Questions
[22m[39m[Mock Data] seedMockDocuments: Adding 1 documents
[90mstdout[2m | src/components/QuestionsReview2.stories.tsx[2m > [22m[2mComprehension Questions
[22m[39m[Mock Data] seedMockParsedContent: Adding 1 parsed content records
[90mstdout[2m | src/components/QuestionsReview2.stories.tsx[2m > [22m[2mComprehension Questions
[22m[39m[MOCK CourseVectorStore] Initialized with mock data
[90mstdout[2m | src/components/QuestionsReview2.stories.tsx[2m > [22m[2mComprehension Questions
[22m[39m[TranslationModeController] Setting mode to: off
[90mstdout[2m | src/components/QuestionsReview2.stories.tsx[2m > [22m[2mComprehension Questions
[22m[39m[UnitContext] useEffect triggered {
  "authLoading": false,
  "hasUser": true,
  "id": "mock-unit-1",
  "userSub": "mock-user-sub",
}
[90mstdout[2m | src/components/QuestionsReview2.stories.tsx[2m > [22m[2mComprehension Questions
[22m[39m[UnitContext] Fetching unit data for id: mock-unit-1
[90mstdout[2m | src/components/QuestionsReview2.stories.tsx[2m > [22m[2mComprehension Questions
[22m[39m[FilesContext] Initializing vector store from IndexedDB
[90mstdout[2m | src/components/QuestionsReview2.stories.tsx[2m > [22m[2mComprehension Questions
[22m[39m[FilesContext] fetchFiles called
[90mstdout[2m | src/components/QuestionsReview2.stories.tsx[2m > [22m[2mComprehension Questions
[22m[39m[FilesContext] User authenticated: mock-user-sub
[90mstdout[2m | src/components/QuestionsReview2.stories.tsx[2m > [22m[2mComprehension Questions
[22m[39m[FilesContext] Identity ID: us-east-1:mock-identity-123
[90mstdout[2m | src/components/QuestionsReview2.stories.tsx[2m > [22m[2mComprehension Questions
[22m[39m[FilesContext] About to set up File observeQuery
[90mstdout[2m | src/components/QuestionsReview2.stories.tsx[2m > [22m[2mComprehension Questions
[22m[39m[ChatContext] Setting up AssistantChat observeQuery
[90mstdout[2m | src/components/QuestionsReview2.stories.tsx[2m > [22m[2mComprehension Questions
[22m[39m[ChatContext] Waiting for subscription to initialize
[90mstdout[2m | src/components/QuestionsReview2.stories.tsx[2m > [22m[2mComprehension Questions
[22m[39m[SettingsContext] Setting up Settings subscription for user: mock-user-sub
[90mstdout[2m | src/components/QuestionsReview2.stories.tsx[2m > [22m[2mComprehension Questions
[22m[39m[Mock Data] Settings created: mock-settings-1790416263451 - notified 0 subscribers
[90mstdout[2m | src/components/QuestionsReview2.stories.tsx[2m > [22m[2mComprehension Questions
[22m[39m[Mock Data] Unit.onUpdate() subscription added. Total: 1
[90mstdout[2m | src/components/QuestionsReview2.stories.tsx[2m > [22m[2mComprehension Questions
[22m[39m[SectionContext] Section observeQuery update: 0
[90mstdout[2m | src/components/QuestionsReview2.stories.tsx[2m > [22m[2mComprehension Questions
[22m[39m[Mock Storage] downloadData called with: undefined
[90mstdout[2m | src/components/QuestionsReview2.stories.tsx[2m > [22m[2mComprehension Questions
[22m[39m[FilesContext] File observeQuery update: 0 files
[90mstdout[2m | src/components/QuestionsReview2.stories.tsx[2m > [22m[2mComprehension Questions
[22m[39m[ChatContext] AssistantChat initialized with 0 chats
[90mstdout[2m | src/components/QuestionsReview2.stories.tsx[2m > [22m[2mComprehension Questions
[22m[39m[MOCK CourseVectorStore] Initialized with mock data
[90mstdout[2m | src/components/QuestionsReview2.stories.tsx[2m > [22m[2mComprehension Questions
[22m[39m[ChatContext] No current chat available, will create one
[90mstdout[2m | src/components/QuestionsReview2.stories.tsx[2m > [22m[2mComprehension Questions
[22m[39m[ChatContext] Creating AssistantChat with user: undefined
[90mstdout[2m | src/components/QuestionsReview2.stories.tsx[2m > [22m[2mComprehension Questions
[22m[39m[Mock Data] AssistantChat created: mock-assistantchat-1790416263568 - notified 1 subscribers
[90mstdout[2m | src/components/QuestionsReview2.stories.tsx[2m > [22m[2mComprehension Questions
[22m[39m[ChatContext] Create result: {
  "data": {
    "_version": 1,
    "archived": false,
    "chatFiles": [Function anonymous],
    "createdAt": "2026-09-26T09:51:03.568Z",
    "id": "mock-assistantchat-1790416263568",
    "model": "gpt-4",
    "updatedAt": "2026-09-26T09:51:03.568Z",
  },
  "errors": [],
  "hasData": true,
  "hasErrors": true,
}
[90mstdout[2m | src/components/QuestionsReview2.stories.tsx[2m > [22m[2mComprehension Questions
[22m[39m[ChatContext] Created AssistantChat: mock-assistantchat-1790416263568 at: 2026-09-26T09:51:03.568Z
[90mstdout[2m | src/components/QuestionsReview2.stories.tsx[2m > [22m[2mComprehension Questions
[22m[39m[ChatContext] Setting initial chat: mock-assistantchat-1790416263568
[90mstdout[2m | src/components/QuestionsReview2.stories.tsx[2m > [22m[2mComprehension Questions
[22m[39m[ChatContext] Chat exists and not archived, skipping creation
[90mstdout[2m | src/components/QuestionsReview2.stories.tsx[2m > [22m[2mMixed Difficulty
[22m[39m[ChatContext] Cleaning up subscriptions
[90mstdout[2m | src/components/QuestionsReview2.stories.tsx[2m > [22m[2mMixed Difficulty
[22m[39m[Mock Data] Unit.onUpdate() subscription removed. Remaining: 0
[90mstdout[2m | src/components/QuestionsReview2.stories.tsx[2m > [22m[2mMixed Difficulty
[22m[39m[Preview] Skipped initializing default mock data (initializeMockData=false)
[90mstdout[2m | src/components/QuestionsReview2.stories.tsx[2m > [22m[2mMixed Difficulty
[22m[39m[Mock Data] seedMockDocuments: Adding 1 documents
[90mstdout[2m | src/components/QuestionsReview2.stories.tsx[2m > [22m[2mMixed Difficulty
[22m[39m[Mock Data] seedMockParsedContent: Adding 1 parsed content records
[90mstdout[2m | src/components/QuestionsReview2.stories.tsx[2m > [22m[2mMixed Difficulty
[22m[39m[MOCK CourseVectorStore] Initialized with mock data
[90mstdout[2m | src/components/QuestionsReview2.stories.tsx[2m > [22m[2mMixed Difficulty
[22m[39m[TranslationModeController] Setting mode to: off
[90mstdout[2m | src/components/QuestionsReview2.stories.tsx[2m > [22m[2mMixed Difficulty
[22m[39m[UnitContext] useEffect triggered {
  "authLoading": false,
  "hasUser": true,
  "id": "mock-unit-1",
  "userSub": "mock-user-sub",
}
[90mstdout[2m | src/components/QuestionsReview2.stories.tsx[2m > [22m[2mMixed Difficulty
[22m[39m[UnitContext] Fetching unit data for id: mock-unit-1
[90mstdout[2m | src/components/QuestionsReview2.stories.tsx[2m > [22m[2mMixed Difficulty
[22m[39m[FilesContext] Initializing vector store from IndexedDB
[90mstdout[2m | src/components/QuestionsReview2.stories.tsx[2m > [22m[2mMixed Difficulty
[22m[39m[FilesContext] fetchFiles called
[90mstdout[2m | src/components/QuestionsReview2.stories.tsx[2m > [22m[2mMixed Difficulty
[22m[39m[FilesContext] User authenticated: mock-user-sub
[90mstdout[2m | src/components/QuestionsReview2.stories.tsx[2m > [22m[2mMixed Difficulty
[22m[39m[FilesContext] Identity ID: us-east-1:mock-identity-123
[90mstdout[2m | src/components/QuestionsReview2.stories.tsx[2m > [22m[2mMixed Difficulty
[22m[39m[FilesContext] About to set up File observeQuery
[90mstdout[2m | src/components/QuestionsReview2.stories.tsx[2m > [22m[2mMixed Difficulty
[22m[39m[ChatContext] Setting up AssistantChat observeQuery
[90mstdout[2m | src/components/QuestionsReview2.stories.tsx[2m > [22m[2mMixed Difficulty
[22m[39m[ChatContext] Waiting for subscription to initialize
[90mstdout[2m | src/components/QuestionsReview2.stories.tsx[2m > [22m[2mMixed Difficulty
[22m[39m[SettingsContext] Setting up Settings subscription for user: mock-user-sub
[90mstdout[2m | src/components/QuestionsReview2.stories.tsx[2m > [22m[2mMixed Difficulty
[22m[39m[Mock Data] Settings created: mock-settings-1790416263702 - notified 0 subscribers
[90mstdout[2m | src/components/QuestionsReview2.stories.tsx[2m > [22m[2mMixed Difficulty
[22m[39m[Mock Data] Unit.onUpdate() subscription added. Total: 1
[90mstdout[2m | src/components/QuestionsReview2.stories.tsx[2m > [22m[2mMixed Difficulty
[22m[39m[SectionContext] Section observeQuery update: 0
[90mstdout[2m | src/components/QuestionsReview2.stories.tsx[2m > [22m[2mMixed Difficulty
[22m[39m[FilesContext] File observeQuery update: 0 files
[90mstdout[2m | src/components/QuestionsReview2.stories.tsx[2m > [22m[2mMixed Difficulty
[22m[39m[ChatContext] AssistantChat initialized with 0 chats
[90mstdout[2m | src/components/QuestionsReview2.stories.tsx[2m > [22m[2mMixed Difficulty
[22m[39m[Mock Storage] downloadData called with: undefined
[90mstdout[2m | src/components/QuestionsReview2.stories.tsx[2m > [22m[2mMixed Difficulty
[22m[39m[MOCK CourseVectorStore] Initialized with mock data
[90mstdout[2m | src/components/QuestionsReview2.stories.tsx[2m > [22m[2mMixed Difficulty
[22m[39m[ChatContext] No current chat available, will create one
[90mstdout[2m | src/components/QuestionsReview2.stories.tsx[2m > [22m[2mMixed Difficulty
[22m[39m[ChatContext] Creating AssistantChat with user: undefined
[90mstdout[2m | src/components/QuestionsReview2.stories.tsx[2m > [22m[2mMixed Difficulty
[22m[39m[Mock Data] AssistantChat created: mock-assistantchat-1790416263801 - notified 1 subscribers
[90mstdout[2m | src/components/QuestionsReview2.stories.tsx[2m > [22m[2mMixed Difficulty
[22m[39m[ChatContext] Create result: {
  "data": {
    "_version": 1,
    "archived": false,
    "chatFiles": [Function anonymous],
    "createdAt": "2026-09-26T09:51:03.801Z",
    "id": "mock-assistantchat-1790416263801",
    "model": "gpt-4",
    "updatedAt": "2026-09-26T09:51:03.801Z",
  },
  "errors": [],
  "hasData": true,
  "hasErrors": true,
}
[90mstdout[2m | src/components/QuestionsReview2.stories.tsx[2m > [22m[2mMixed Difficulty
[22m[39m[ChatContext] Created AssistantChat: mock-assistantchat-1790416263801 at: 2026-09-26T09:51:03.801Z
[90mstdout[2m | src/components/QuestionsReview2.stories.tsx[2m > [22m[2mMixed Difficulty
[22m[39m[ChatContext] Setting initial chat: mock-assistantchat-1790416263801
[90mstdout[2m | src/components/QuestionsReview2.stories.tsx[2m > [22m[2mMixed Difficulty
[22m[39m[ChatContext] Chat exists and not archived, skipping creation
[90mstdout[2m | src/components/QuestionsReview2.stories.tsx[2m > [22m[2mWith Media Attachments
[22m[39m[ChatContext] Cleaning up subscriptions
[90mstdout[2m | src/components/QuestionsReview2.stories.tsx[2m > [22m[2mWith Media Attachments
[22m[39m[Mock Data] Unit.onUpdate() subscription removed. Remaining: 0
[90mstdout[2m | src/components/QuestionsReview2.stories.tsx[2m > [22m[2mWith Media Attachments
[22m[39m[Preview] Skipped initializing default mock data (initializeMockData=false)
[90mstdout[2m | src/components/QuestionsReview2.stories.tsx[2m > [22m[2mWith Media Attachments
[22m[39m[Mock Data] seedMockDocuments: Adding 1 documents
[90mstdout[2m | src/components/QuestionsReview2.stories.tsx[2m > [22m[2mWith Media Attachments
[22m[39m[Mock Data] seedMockParsedContent: Adding 1 parsed content records
[90mstdout[2m | src/components/QuestionsReview2.stories.tsx[2m > [22m[2mWith Media Attachments
[22m[39m[MOCK CourseVectorStore] Initialized with mock data
[90mstdout[2m | src/components/QuestionsReview2.stories.tsx[2m > [22m[2mWith Media Attachments
[22m[39m[TranslationModeController] Setting mode to: off
[90mstdout[2m | src/components/QuestionsReview2.stories.tsx[2m > [22m[2mWith Media Attachments
[22m[39m[UnitContext] useEffect triggered {
  "authLoading": false,
  "hasUser": true,
  "id": "mock-unit-1",
  "userSub": "mock-user-sub",
}
[90mstdout[2m | src/components/QuestionsReview2.stories.tsx[2m > [22m[2mWith Media Attachments
[22m[39m[UnitContext] Fetching unit data for id: mock-unit-1
[90mstdout[2m | src/components/QuestionsReview2.stories.tsx[2m > [22m[2mWith Media Attachments
[22m[39m[FilesContext] Initializing vector store from IndexedDB
[90mstdout[2m | src/components/QuestionsReview2.stories.tsx[2m > [22m[2mWith Media Attachments
[22m[39m[FilesContext] fetchFiles called
[90mstdout[2m | src/components/QuestionsReview2.stories.tsx[2m > [22m[2mWith Media Attachments
[22m[39m[FilesContext] User authenticated: mock-user-sub
[90mstdout[2m | src/components/QuestionsReview2.stories.tsx[2m > [22m[2mWith Media Attachments
[22m[39m[FilesContext] Identity ID: us-east-1:mock-identity-123
[90mstdout[2m | src/components/QuestionsReview2.stories.tsx[2m > [22m[2mWith Media Attachments
[22m[39m[FilesContext] About to set up File observeQuery
[90mstdout[2m | src/components/QuestionsReview2.stories.tsx[2m > [22m[2mWith Media Attachments
[22m[39m[ChatContext] Setting up AssistantChat observeQuery
[90mstdout[2m | src/components/QuestionsReview2.stories.tsx[2m > [22m[2mWith Media Attachments
[22m[39m[ChatContext] Waiting for subscription to initialize
[90mstdout[2m | src/components/QuestionsReview2.stories.tsx[2m > [22m[2mWith Media Attachments
[22m[39m[SettingsContext] Setting up Settings subscription for user: mock-user-sub
[90mstdout[2m | src/components/QuestionsReview2.stories.tsx[2m > [22m[2mWith Media Attachments
[22m[39m[Mock Data] Settings created: mock-settings-1790416263918 - notified 0 subscribers
[90mstdout[2m | src/components/QuestionsReview2.stories.tsx[2m > [22m[2mWith Media Attachments
[22m[39m[Mock Data] Unit.onUpdate() subscription added. Total: 1
[90mstdout[2m | src/components/QuestionsReview2.stories.tsx[2m > [22m[2mWith Media Attachments
[22m[39m[SectionContext] Section observeQuery update: 0
[90mstdout[2m | src/components/QuestionsReview2.stories.tsx[2m > [22m[2mWith Media Attachments
[22m[39m[FilesContext] File observeQuery update: 0 files
[90mstdout[2m | src/components/QuestionsReview2.stories.tsx[2m > [22m[2mWith Media Attachments
[22m[39m[ChatContext] AssistantChat initialized with 0 chats
[90mstdout[2m | src/components/QuestionsReview2.stories.tsx[2m > [22m[2mWith Media Attachments
[22m[39m[Mock Storage] downloadData called with: undefined
[90mstdout[2m | src/components/QuestionsReview2.stories.tsx[2m > [22m[2mWith Media Attachments
[22m[39m[MOCK CourseVectorStore] Initialized with mock data
[90mstdout[2m | src/components/QuestionsReview2.stories.tsx[2m > [22m[2mWith Media Attachments
[22m[39m[ChatContext] No current chat available, will create one
[90mstdout[2m | src/components/QuestionsReview2.stories.tsx[2m > [22m[2mWith Media Attachments
[22m[39m[ChatContext] Creating AssistantChat with user: undefined
[90mstdout[2m | src/components/QuestionsReview2.stories.tsx[2m > [22m[2mWith Media Attachments
[22m[39m[Mock Data] AssistantChat created: mock-assistantchat-1790416264039 - notified 1 subscribers
[90mstdout[2m | src/components/QuestionsReview2.stories.tsx[2m > [22m[2mWith Media Attachments
[22m[39m[ChatContext] Create result: {
  "data": {
    "_version": 1,
    "archived": false,
    "chatFiles": [Function anonymous],
    "createdAt": "2026-09-26T09:51:04.039Z",
    "id": "mock-assistantchat-1790416264039",
    "model": "gpt-4",
    "updatedAt": "2026-09-26T09:51:04.039Z",
  },
  "errors": [],
  "hasData": true,
  "hasErrors": true,
}
[90mstdout[2m | src/components/QuestionsReview2.stories.tsx[2m > [22m[2mWith Media Attachments
[22m[39m[ChatContext] Created AssistantChat: mock-assistantchat-1790416264039 at: 2026-09-26T09:51:04.039Z
[90mstdout[2m | src/components/QuestionsReview2.stories.tsx[2m > [22m[2mWith Media Attachments
[22m[39m[ChatContext] Setting initial chat: mock-assistantchat-1790416264039
[90mstdout[2m | src/components/QuestionsReview2.stories.tsx[2m > [22m[2mWith Media Attachments
[22m[39m[ChatContext] Chat exists and not archived, skipping creation
[90mstdout[2m | src/components/QuestionsReview2.stories.tsx[2m > [22m[2mAlready Imported
[22m[39m[ChatContext] Cleaning up subscriptions
[90mstdout[2m | src/components/QuestionsReview2.stories.tsx[2m > [22m[2mAlready Imported
[22m[39m[Mock Data] Unit.onUpdate() subscription removed. Remaining: 0
[90mstdout[2m | src/components/QuestionsReview2.stories.tsx[2m > [22m[2mAlready Imported
[22m[39m[Preview] Skipped initializing default mock data (initializeMockData=false)
[90mstdout[2m | src/components/QuestionsReview2.stories.tsx[2m > [22m[2mAlready Imported
[22m[39m[Mock Data] seedMockDocuments: Adding 1 documents
[90mstdout[2m | src/components/QuestionsReview2.stories.tsx[2m > [22m[2mAlready Imported
[22m[39m[Mock Data] seedMockParsedContent: Adding 1 parsed content records
[90mstdout[2m | src/components/QuestionsReview2.stories.tsx[2m > [22m[2mAlready Imported
[22m[39m[MOCK CourseVectorStore] Initialized with mock data
[90mstdout[2m | src/components/QuestionsReview2.stories.tsx[2m > [22m[2mAlready Imported
[22m[39m[TranslationModeController] Setting mode to: off
[90mstdout[2m | src/components/QuestionsReview2.stories.tsx[2m > [22m[2mAlready Imported
[22m[39m[UnitContext] useEffect triggered {
  "authLoading": false,
  "hasUser": true,
  "id": "mock-unit-1",
  "userSub": "mock-user-sub",
}
[90mstdout[2m | src/components/QuestionsReview2.stories.tsx[2m > [22m[2mAlready Imported
[22m[39m[UnitContext] Fetching unit data for id: mock-unit-1
[90mstdout[2m | src/components/QuestionsReview2.stories.tsx[2m > [22m[2mAlready Imported
[22m[39m[FilesContext] Initializing vector store from IndexedDB
[90mstdout[2m | src/components/QuestionsReview2.stories.tsx[2m > [22m[2mAlready Imported
[22m[39m[FilesContext] fetchFiles called
[90mstdout[2m | src/components/QuestionsReview2.stories.tsx[2m > [22m[2mAlready Imported
[22m[39m[FilesContext] User authenticated: mock-user-sub
[90mstdout[2m | src/components/QuestionsReview2.stories.tsx[2m > [22m[2mAlready Imported
[22m[39m[FilesContext] Identity ID: us-east-1:mock-identity-123
[90mstdout[2m | src/components/QuestionsReview2.stories.tsx[2m > [22m[2mAlready Imported
[22m[39m[FilesContext] About to set up File observeQuery
[90mstdout[2m | src/components/QuestionsReview2.stories.tsx[2m > [22m[2mAlready Imported
[22m[39m[ChatContext] Setting up AssistantChat observeQuery
[90mstdout[2m | src/components/QuestionsReview2.stories.tsx[2m > [22m[2mAlready Imported
[22m[39m[ChatContext] Waiting for subscription to initialize
[90mstdout[2m | src/components/QuestionsReview2.stories.tsx[2m > [22m[2mAlready Imported
[22m[39m[SettingsContext] Setting up Settings subscription for user: mock-user-sub
[90mstdout[2m | src/components/QuestionsReview2.stories.tsx[2m > [22m[2mAlready Imported
[22m[39m[Mock Data] Settings created: mock-settings-1790416264165 - notified 0 subscribers
[90mstdout[2m | src/components/QuestionsReview2.stories.tsx[2m > [22m[2mAlready Imported
[22m[39m[Mock Data] Unit.onUpdate() subscription added. Total: 1
[90mstdout[2m | src/components/QuestionsReview2.stories.tsx[2m > [22m[2mAlready Imported
[22m[39m[SectionContext] Section observeQuery update: 0
[90mstdout[2m | src/components/QuestionsReview2.stories.tsx[2m > [22m[2mAlready Imported
[22m[39m[FilesContext] File observeQuery update: 0 files
[90mstdout[2m | src/components/QuestionsReview2.stories.tsx[2m > [22m[2mAlready Imported
[22m[39m[ChatContext] AssistantChat initialized with 0 chats
[90mstdout[2m | src/components/QuestionsReview2.stories.tsx[2m > [22m[2mAlready Imported
[22m[39m[Mock Storage] downloadData called with: undefined
[90mstdout[2m | src/components/QuestionsReview2.stories.tsx[2m > [22m[2mAlready Imported
[22m[39m[MOCK CourseVectorStore] Initialized with mock data
[90mstdout[2m | src/components/QuestionsReview2.stories.tsx[2m > [22m[2mAlready Imported
[22m[39m[ChatContext] No current chat available, will create one
[90mstdout[2m | src/components/QuestionsReview2.stories.tsx[2m > [22m[2mAlready Imported
[22m[39m[ChatContext] Creating AssistantChat with user: undefined
[90mstdout[2m | src/components/QuestionsReview2.stories.tsx[2m > [22m[2mAlready Imported
[22m[39m[Mock Data] AssistantChat created: mock-assistantchat-1790416264212 - notified 1 subscribers
[90mstdout[2m | src/components/QuestionsReview2.stories.tsx[2m > [22m[2mAlready Imported
[22m[39m[ChatContext] Create result: {
  "data": {
    "_version": 1,
    "archived": false,
    "chatFiles": [Function anonymous],
    "createdAt": "2026-09-26T09:51:04.212Z",
    "id": "mock-assistantchat-1790416264212",
    "model": "gpt-4",
    "updatedAt": "2026-09-26T09:51:04.212Z",
  },
  "errors": [],
  "hasData": true,
  "hasErrors": true,
}
[90mstdout[2m | src/components/QuestionsReview2.stories.tsx[2m > [22m[2mAlready Imported
[22m[39m[ChatContext] Created AssistantChat: mock-assistantchat-1790416264212 at: 2026-09-26T09:51:04.212Z
[90mstdout[2m | src/components/QuestionsReview2.stories.tsx[2m > [22m[2mAlready Imported
[22m[39m[ChatContext] Setting initial chat: mock-assistantchat-1790416264212
[90mstdout[2m | src/components/QuestionsReview2.stories.tsx[2m > [22m[2mAlready Imported
[22m[39m[ChatContext] Chat exists and not archived, skipping creation
[90mstdout[2m | src/components/QuestionsReview2.stories.tsx[2m > [22m[2mMinimal Data
[22m[39m[ChatContext] Cleaning up subscriptions
[90mstdout[2m | src/components/QuestionsReview2.stories.tsx[2m > [22m[2mMinimal Data
[22m[39m[Mock Data] Unit.onUpdate() subscription removed. Remaining: 0
[90mstdout[2m | src/components/QuestionsReview2.stories.tsx[2m > [22m[2mMinimal Data
[22m[39m[Preview] Skipped initializing default mock data (initializeMockData=false)
[90mstdout[2m | src/components/QuestionsReview2.stories.tsx[2m > [22m[2mMinimal Data
[22m[39m[Mock Data] seedMockDocuments: Adding 1 documents
[90mstdout[2m | src/components/QuestionsReview2.stories.tsx[2m > [22m[2mMinimal Data
[22m[39m[Mock Data] seedMockParsedContent: Adding 1 parsed content records
[90mstdout[2m | src/components/QuestionsReview2.stories.tsx[2m > [22m[2mMinimal Data
[22m[39m[MOCK CourseVectorStore] Initialized with mock data
[90mstdout[2m | src/components/QuestionsReview2.stories.tsx[2m > [22m[2mMinimal Data
[22m[39m[TranslationModeController] Setting mode to: off
[90mstdout[2m | src/components/QuestionsReview2.stories.tsx[2m > [22m[2mMinimal Data
[22m[39m[UnitContext] useEffect triggered {
  "authLoading": false,
  "hasUser": true,
  "id": "mock-unit-1",
  "userSub": "mock-user-sub",
}
[90mstdout[2m | src/components/QuestionsReview2.stories.tsx[2m > [22m[2mMinimal Data
[22m[39m[UnitContext] Fetching unit data for id: mock-unit-1
[90mstdout[2m | src/components/QuestionsReview2.stories.tsx[2m > [22m[2mMinimal Data
[22m[39m[FilesContext] Initializing vector store from IndexedDB
[90mstdout[2m | src/components/QuestionsReview2.stories.tsx[2m > [22m[2mMinimal Data
[22m[39m[FilesContext] fetchFiles called
[90mstdout[2m | src/components/QuestionsReview2.stories.tsx[2m > [22m[2mMinimal Data
[22m[39m[FilesContext] User authenticated: mock-user-sub
[90mstdout[2m | src/components/QuestionsReview2.stories.tsx[2m > [22m[2mMinimal Data
[22m[39m[FilesContext] Identity ID: us-east-1:mock-identity-123
[90mstdout[2m | src/components/QuestionsReview2.stories.tsx[2m > [22m[2mMinimal Data
[22m[39m[FilesContext] About to set up File observeQuery
[90mstdout[2m | src/components/QuestionsReview2.stories.tsx[2m > [22m[2mMinimal Data
[22m[39m[ChatContext] Setting up AssistantChat observeQuery
[90mstdout[2m | src/components/QuestionsReview2.stories.tsx[2m > [22m[2mMinimal Data
[22m[39m[ChatContext] Waiting for subscription to initialize
[90mstdout[2m | src/components/QuestionsReview2.stories.tsx[2m > [22m[2mMinimal Data
[22m[39m[SettingsContext] Setting up Settings subscription for user: mock-user-sub
[90mstdout[2m | src/components/QuestionsReview2.stories.tsx[2m > [22m[2mMinimal Data
[22m[39m[Mock Data] Settings created: mock-settings-1790416264303 - notified 0 subscribers
[90mstdout[2m | src/components/QuestionsReview2.stories.tsx[2m > [22m[2mMinimal Data
[22m[39m[Mock Data] Unit.onUpdate() subscription added. Total: 1
[90mstdout[2m | src/components/QuestionsReview2.stories.tsx[2m > [22m[2mMinimal Data
[22m[39m[SectionContext] Section observeQuery update: 0
[90mstdout[2m | src/components/QuestionsReview2.stories.tsx[2m > [22m[2mMinimal Data
[22m[39m[FilesContext] File observeQuery update: 0 files
[90mstdout[2m | src/components/QuestionsReview2.stories.tsx[2m > [22m[2mMinimal Data
[22m[39m[ChatContext] AssistantChat initialized with 0 chats
[90mstdout[2m | src/components/QuestionsReview2.stories.tsx[2m > [22m[2mMinimal Data
[22m[39m[Mock Storage] downloadData called with: undefined
[90mstdout[2m | src/components/QuestionsReview2.stories.tsx[2m > [22m[2mMinimal Data
[22m[39m[MOCK CourseVectorStore] Initialized with mock data
[90mstdout[2m | src/components/QuestionsReview2.stories.tsx[2m > [22m[2mMinimal Data
[22m[39m[ChatContext] No current chat available, will create one
[90mstdout[2m | src/components/QuestionsReview2.stories.tsx[2m > [22m[2mMinimal Data
[22m[39m[ChatContext] Creating AssistantChat with user: undefined
[90mstdout[2m | src/components/QuestionsReview2.stories.tsx[2m > [22m[2mMinimal Data
[22m[39m[Mock Data] AssistantChat created: mock-assistantchat-1790416264388 - notified 1 subscribers
[90mstdout[2m | src/components/QuestionsReview2.stories.tsx[2m > [22m[2mMinimal Data
[22m[39m[ChatContext] Create result: {
  "data": {
    "_version": 1,
    "archived": false,
    "chatFiles": [Function anonymous],
    "createdAt": "2026-09-26T09:51:04.388Z",
    "id": "mock-assistantchat-1790416264388",
    "model": "gpt-4",
    "updatedAt": "2026-09-26T09:51:04.388Z",
  },
  "errors": [],
  "hasData": true,
  "hasErrors": true,
}
[90mstdout[2m | src/components/QuestionsReview2.stories.tsx[2m > [22m[2mMinimal Data
[22m[39m[ChatContext] Created AssistantChat: mock-assistantchat-1790416264388 at: 2026-09-26T09:51:04.388Z
[90mstdout[2m | src/components/QuestionsReview2.stories.tsx[2m > [22m[2mMinimal Data
[22m[39m[ChatContext] Setting initial chat: mock-assistantchat-1790416264388
[90mstdout[2m | src/components/QuestionsReview2.stories.tsx[2m > [22m[2mMinimal Data
[22m[39m[ChatContext] Chat exists and not archived, skipping creation
[90mstdout[2m | src/components/QuestionsReview2.stories.tsx[2m > [22m[2mNo Questions
[22m[39m[ChatContext] Cleaning up subscriptions
[90mstdout[2m | src/components/QuestionsReview2.stories.tsx[2m > [22m[2mNo Questions
[22m[39m[Mock Data] Unit.onUpdate() subscription removed. Remaining: 0
[90mstdout[2m | src/components/QuestionsReview2.stories.tsx[2m > [22m[2mNo Questions
[22m[39m[Preview] Skipped initializing default mock data (initializeMockData=false)
[90mstdout[2m | src/components/QuestionsReview2.stories.tsx[2m > [22m[2mNo Questions
[22m[39m[MOCK CourseVectorStore] Initialized with mock data
[90mstdout[2m | src/components/QuestionsReview2.stories.tsx[2m > [22m[2mNo Questions
[22m[39m[TranslationModeController] Setting mode to: off
[90mstdout[2m | src/components/QuestionsReview2.stories.tsx[2m > [22m[2mNo Questions
[22m[39m[UnitContext] useEffect triggered {
  "authLoading": false,
  "hasUser": true,
  "id": "mock-unit-1",
  "userSub": "mock-user-sub",
}
[90mstdout[2m | src/components/QuestionsReview2.stories.tsx[2m > [22m[2mNo Questions
[22m[39m[UnitContext] Fetching unit data for id: mock-unit-1
[90mstdout[2m | src/components/QuestionsReview2.stories.tsx[2m > [22m[2mNo Questions
[22m[39m[FilesContext] Initializing vector store from IndexedDB
[90mstdout[2m | src/components/QuestionsReview2.stories.tsx[2m > [22m[2mNo Questions
[22m[39m[FilesContext] fetchFiles called
[90mstdout[2m | src/components/QuestionsReview2.stories.tsx[2m > [22m[2mNo Questions
[22m[39m[FilesContext] User authenticated: mock-user-sub
[90mstdout[2m | src/components/QuestionsReview2.stories.tsx[2m > [22m[2mNo Questions
[22m[39m[FilesContext] Identity ID: us-east-1:mock-identity-123
[90mstdout[2m | src/components/QuestionsReview2.stories.tsx[2m > [22m[2mNo Questions
[22m[39m[FilesContext] About to set up File observeQuery
[90mstdout[2m | src/components/QuestionsReview2.stories.tsx[2m > [22m[2mNo Questions
[22m[39m[ChatContext] Setting up AssistantChat observeQuery
[90mstdout[2m | src/components/QuestionsReview2.stories.tsx[2m > [22m[2mNo Questions
[22m[39m[ChatContext] Waiting for subscription to initialize
[90mstdout[2m | src/components/QuestionsReview2.stories.tsx[2m > [22m[2mNo Questions
[22m[39m[SettingsContext] Setting up Settings subscription for user: mock-user-sub
[90mstdout[2m | src/components/QuestionsReview2.stories.tsx[2m > [22m[2mNo Questions
[22m[39m[Mock Data] Settings created: mock-settings-1790416264533 - notified 0 subscribers
[90mstdout[2m | src/components/QuestionsReview2.stories.tsx[2m > [22m[2mNo Questions
[22m[39m[Mock Data] Unit.onUpdate() subscription added. Total: 1
[90mstdout[2m | src/components/QuestionsReview2.stories.tsx[2m > [22m[2mNo Questions
[22m[39m[SectionContext] Section observeQuery update: 0
[90mstdout[2m | src/components/QuestionsReview2.stories.tsx[2m > [22m[2mNo Questions
[22m[39m[FilesContext] File observeQuery update: 0 files
[90mstdout[2m | src/components/QuestionsReview2.stories.tsx[2m > [22m[2mNo Questions
[22m[39m[ChatContext] AssistantChat initialized with 0 chats
[90mstdout[2m | src/components/QuestionsReview2.stories.tsx[2m > [22m[2mNo Questions
[22m[39m[Mock Storage] downloadData called with: undefined
[90mstdout[2m | src/components/QuestionsReview2.stories.tsx[2m > [22m[2mNo Questions
[22m[39m[MOCK CourseVectorStore] Initialized with mock data
[90mstdout[2m | src/components/QuestionsReview2.stories.tsx[2m > [22m[2mNo Questions
[22m[39m[ChatContext] No current chat available, will create one
[90mstdout[2m | src/components/QuestionsReview2.stories.tsx[2m > [22m[2mNo Questions
[22m[39m[ChatContext] Creating AssistantChat with user: undefined
[90mstdout[2m | src/components/QuestionsReview2.stories.tsx[2m > [22m[2mNo Questions
[22m[39m[Mock Data] AssistantChat created: mock-assistantchat-1790416264545 - notified 1 subscribers
[90mstdout[2m | src/components/QuestionsReview2.stories.tsx[2m > [22m[2mNo Questions
[22m[39m[ChatContext] Create result: {
  "data": {
    "_version": 1,
    "archived": false,
    "chatFiles": [Function anonymous],
    "createdAt": "2026-09-26T09:51:04.545Z",
    "id": "mock-assistantchat-1790416264545",
    "model": "gpt-4",
    "updatedAt": "2026-09-26T09:51:04.545Z",
  },
  "errors": [],
  "hasData": true,
  "hasErrors": true,
}
[90mstdout[2m | src/components/QuestionsReview2.stories.tsx[2m > [22m[2mNo Questions
[22m[39m[ChatContext] Created AssistantChat: mock-assistantchat-1790416264545 at: 2026-09-26T09:51:04.545Z
[90mstdout[2m | src/components/QuestionsReview2.stories.tsx[2m > [22m[2mNo Questions
[22m[39m[ChatContext] Setting initial chat: mock-assistantchat-1790416264545
[90mstdout[2m | src/components/QuestionsReview2.stories.tsx[2m > [22m[2mNo Questions
[22m[39m[ChatContext] Chat exists and not archived, skipping creation
[90mstdout[2m | src/components/QuestionsReview2.stories.tsx[2m > [22m[2mWith Summaries Expanded
[22m[39m[ChatContext] Cleaning up subscriptions
[90mstdout[2m | src/components/QuestionsReview2.stories.tsx[2m > [22m[2mWith Summaries Expanded
[22m[39m[Mock Data] Unit.onUpdate() subscription removed. Remaining: 0
[90mstdout[2m | src/components/QuestionsReview2.stories.tsx[2m > [22m[2mWith Summaries Expanded
[22m[39m[Preview] Skipped initializing default mock data (initializeMockData=false)
[90mstdout[2m | src/components/QuestionsReview2.stories.tsx[2m > [22m[2mWith Summaries Expanded
[22m[39m[MOCK CourseVectorStore] Initialized with mock data
[90mstdout[2m | src/components/QuestionsReview2.stories.tsx[2m > [22m[2mWith Summaries Expanded
[22m[39m[TranslationModeController] Setting mode to: off
[90mstdout[2m | src/components/QuestionsReview2.stories.tsx[2m > [22m[2mWith Summaries Expanded
[22m[39m[UnitContext] useEffect triggered {
  "authLoading": false,
  "hasUser": true,
  "id": "mock-unit-1",
  "userSub": "mock-user-sub",
}
[90mstdout[2m | src/components/QuestionsReview2.stories.tsx[2m > [22m[2mWith Summaries Expanded
[22m[39m[UnitContext] Fetching unit data for id: mock-unit-1
[90mstdout[2m | src/components/QuestionsReview2.stories.tsx[2m > [22m[2mWith Summaries Expanded
[22m[39m[FilesContext] Initializing vector store from IndexedDB
[90mstdout[2m | src/components/QuestionsReview2.stories.tsx[2m > [22m[2mWith Summaries Expanded
[22m[39m[FilesContext] fetchFiles called
[90mstdout[2m | src/components/QuestionsReview2.stories.tsx[2m > [22m[2mWith Summaries Expanded
[22m[39m[FilesContext] User authenticated: mock-user-sub
[90mstdout[2m | src/components/QuestionsReview2.stories.tsx[2m > [22m[2mWith Summaries Expanded
[22m[39m[FilesContext] Identity ID: us-east-1:mock-identity-123
[90mstdout[2m | src/components/QuestionsReview2.stories.tsx[2m > [22m[2mWith Summaries Expanded
[22m[39m[FilesContext] About to set up File observeQuery
[90mstdout[2m | src/components/QuestionsReview2.stories.tsx[2m > [22m[2mWith Summaries Expanded
[22m[39m[ChatContext] Setting up AssistantChat observeQuery
[90mstdout[2m | src/components/QuestionsReview2.stories.tsx[2m > [22m[2mWith Summaries Expanded
[22m[39m[ChatContext] Waiting for subscription to initialize
[90mstdout[2m | src/components/QuestionsReview2.stories.tsx[2m > [22m[2mWith Summaries Expanded
[22m[39m[SettingsContext] Setting up Settings subscription for user: mock-user-sub
[90mstdout[2m | src/components/QuestionsReview2.stories.tsx[2m > [22m[2mWith Summaries Expanded
[22m[39m[Mock Data] Settings created: mock-settings-1790416264616 - notified 0 subscribers
[90mstdout[2m | src/components/QuestionsReview2.stories.tsx[2m > [22m[2mWith Summaries Expanded
[22m[39m[Mock Data] Unit.onUpdate() subscription added. Total: 1
[90mstdout[2m | src/components/QuestionsReview2.stories.tsx[2m > [22m[2mWith Summaries Expanded
[22m[39m[SectionContext] Section observeQuery update: 0
[90mstdout[2m | src/components/QuestionsReview2.stories.tsx[2m > [22m[2mWith Summaries Expanded
[22m[39m[FilesContext] File observeQuery update: 0 files
[90mstdout[2m | src/components/QuestionsReview2.stories.tsx[2m > [22m[2mWith Summaries Expanded
[22m[39m[ChatContext] AssistantChat initialized with 0 chats
[90mstdout[2m | src/components/QuestionsReview2.stories.tsx[2m > [22m[2mWith Summaries Expanded
[22m[39m[Mock Storage] downloadData called with: undefined
[90mstdout[2m | src/components/QuestionsReview2.stories.tsx[2m > [22m[2mWith Summaries Expanded
[22m[39m[MOCK CourseVectorStore] Initialized with mock data
[90mstdout[2m | src/components/QuestionsReview2.stories.tsx[2m > [22m[2mWith Summaries Expanded
[22m[39m[ChatContext] No current chat available, will create one
[90mstdout[2m | src/components/QuestionsReview2.stories.tsx[2m > [22m[2mWith Summaries Expanded
[22m[39m[ChatContext] Creating AssistantChat with user: undefined
[90mstdout[2m | src/components/QuestionsReview2.stories.tsx[2m > [22m[2mWith Summaries Expanded
[22m[39m[Mock Data] AssistantChat created: mock-assistantchat-1790416264637 - notified 1 subscribers
[90mstdout[2m | src/components/QuestionsReview2.stories.tsx[2m > [22m[2mWith Summaries Expanded
[22m[39m[ChatContext] Create result: {
  "data": {
    "_version": 1,
    "archived": false,
    "chatFiles": [Function anonymous],
    "createdAt": "2026-09-26T09:51:04.637Z",
    "id": "mock-assistantchat-1790416264637",
    "model": "gpt-4",
    "updatedAt": "2026-09-26T09:51:04.637Z",
  },
  "errors": [],
  "hasData": true,
  "hasErrors": true,
}
[90mstdout[2m | src/components/QuestionsReview2.stories.tsx[2m > [22m[2mWith Summaries Expanded
[22m[39m[ChatContext] Created AssistantChat: mock-assistantchat-1790416264637 at: 2026-09-26T09:51:04.637Z
[90mstdout[2m | src/components/QuestionsReview2.stories.tsx[2m > [22m[2mWith Summaries Expanded
[22m[39m[ChatContext] Setting initial chat: mock-assistantchat-1790416264637
[90mstdout[2m | src/components/QuestionsReview2.stories.tsx[2m > [22m[2mWith Summaries Expanded
[22m[39m[ChatContext] Chat exists and not archived, skipping creation
[90mstdout[2m | src/components/QuestionsReview2.stories.tsx[2m > [22m[2mPlayground
[22m[39m[ChatContext] Cleaning up subscriptions
[90mstdout[2m | src/components/QuestionsReview2.stories.tsx[2m > [22m[2mPlayground
[22m[39m[Mock Data] Unit.onUpdate() subscription removed. Remaining: 0
[90mstdout[2m | src/components/QuestionsReview2.stories.tsx[2m > [22m[2mPlayground
[22m[39m[Preview] Skipped initializing default mock data (initializeMockData=false)
[90mstdout[2m | src/components/QuestionsReview2.stories.tsx[2m > [22m[2mPlayground
[22m[39m[MOCK CourseVectorStore] Initialized with mock data
[90mstdout[2m | src/components/QuestionsReview2.stories.tsx[2m > [22m[2mPlayground
[22m[39m[TranslationModeController] Setting mode to: off
[90mstdout[2m | src/components/QuestionsReview2.stories.tsx[2m > [22m[2mPlayground
[22m[39m[UnitContext] useEffect triggered {
  "authLoading": false,
  "hasUser": true,
  "id": "mock-unit-1",
  "userSub": "mock-user-sub",
}
[90mstdout[2m | src/components/QuestionsReview2.stories.tsx[2m > [22m[2mPlayground
[22m[39m[UnitContext] Fetching unit data for id: mock-unit-1
[90mstdout[2m | src/components/QuestionsReview2.stories.tsx[2m > [22m[2mPlayground
[22m[39m[FilesContext] Initializing vector store from IndexedDB
[90mstdout[2m | src/components/QuestionsReview2.stories.tsx[2m > [22m[2mPlayground
[22m[39m[FilesContext] fetchFiles called
[90mstdout[2m | src/components/QuestionsReview2.stories.tsx[2m > [22m[2mPlayground
[22m[39m[FilesContext] User authenticated: mock-user-sub
[90mstdout[2m | src/components/QuestionsReview2.stories.tsx[2m > [22m[2mPlayground
[22m[39m[FilesContext] Identity ID: us-east-1:mock-identity-123
[90mstdout[2m | src/components/QuestionsReview2.stories.tsx[2m > [22m[2mPlayground
[22m[39m[FilesContext] About to set up File observeQuery
[90mstdout[2m | src/components/QuestionsReview2.stories.tsx[2m > [22m[2mPlayground
[22m[39m[ChatContext] Setting up AssistantChat observeQuery
[90mstdout[2m | src/components/QuestionsReview2.stories.tsx[2m > [22m[2mPlayground
[22m[39m[ChatContext] Waiting for subscription to initialize
[90mstdout[2m | src/components/QuestionsReview2.stories.tsx[2m > [22m[2mPlayground
[22m[39m[SettingsContext] Setting up Settings subscription for user: mock-user-sub
[90mstdout[2m | src/components/QuestionsReview2.stories.tsx[2m > [22m[2mPlayground
[22m[39m[Mock Data] Settings created: mock-settings-1790416264703 - notified 0 subscribers
[90mstdout[2m | src/components/QuestionsReview2.stories.tsx[2m > [22m[2mPlayground
[22m[39m[Mock Data] Unit.onUpdate() subscription added. Total: 1
[90mstdout[2m | src/components/QuestionsReview2.stories.tsx[2m > [22m[2mPlayground
[22m[39m[SectionContext] Section observeQuery update: 0
[90mstdout[2m | src/components/QuestionsReview2.stories.tsx[2m > [22m[2mPlayground
[22m[39m[FilesContext] File observeQuery update: 0 files
[90mstdout[2m | src/components/QuestionsReview2.stories.tsx[2m > [22m[2mPlayground
[22m[39m[ChatContext] AssistantChat initialized with 0 chats
[90mstdout[2m | src/components/QuestionsReview2.stories.tsx[2m > [22m[2mPlayground
[22m[39m[Mock Storage] downloadData called with: undefined
[90mstdout[2m | src/components/QuestionsReview2.stories.tsx[2m > [22m[2mPlayground
[22m[39m[MOCK CourseVectorStore] Initialized with mock data
[90mstdout[2m | src/components/QuestionsReview2.stories.tsx[2m > [22m[2mPlayground
[22m[39m[ChatContext] No current chat available, will create one
[90mstdout[2m | src/components/QuestionsReview2.stories.tsx[2m > [22m[2mPlayground
[22m[39m[ChatContext] Creating AssistantChat with user: undefined
[90mstdout[2m | src/components/QuestionsReview2.stories.tsx[2m > [22m[2mPlayground
[22m[39m[Mock Data] AssistantChat created: mock-assistantchat-1790416264717 - notified 1 subscribers
[90mstdout[2m | src/components/QuestionsReview2.stories.tsx[2m > [22m[2mPlayground
[22m[39m[ChatContext] Create result: {
  "data": {
    "_version": 1,
    "archived": false,
    "chatFiles": [Function anonymous],
    "createdAt": "2026-09-26T09:51:04.717Z",
    "id": "mock-assistantchat-1790416264717",
    "model": "gpt-4",
    "updatedAt": "2026-09-26T09:51:04.717Z",
  },
  "errors": [],
  "hasData": true,
  "hasErrors": true,
}
[90mstdout[2m | src/components/QuestionsReview2.stories.tsx[2m > [22m[2mPlayground
[22m[39m[ChatContext] Created AssistantChat: mock-assistantchat-1790416264717 at: 2026-09-26T09:51:04.717Z
[90mstdout[2m | src/components/QuestionsReview2.stories.tsx[2m > [22m[2mPlayground
[22m[39m[ChatContext] Setting initial chat: mock-assistantchat-1790416264717
[90mstdout[2m | src/components/QuestionsReview2.stories.tsx[2m > [22m[2mPlayground
[22m[39m[ChatContext] Chat exists and not archived, skipping creation
[90mstdout[2m | src/components/QuestionsReview2.stories.tsx[2m > [22m[2mBadge Showcase
[22m[39m[ChatContext] Cleaning up subscriptions
[90mstdout[2m | src/components/QuestionsReview2.stories.tsx[2m > [22m[2mBadge Showcase
[22m[39m[Mock Data] Unit.onUpdate() subscription removed. Remaining: 0
[90mstdout[2m | src/components/QuestionsReview2.stories.tsx[2m > [22m[2mBadge Showcase
[22m[39m[Preview] Skipped initializing default mock data (initializeMockData=false)
[90mstdout[2m | src/components/QuestionsReview2.stories.tsx[2m > [22m[2mBadge Showcase
[22m[39m[MOCK CourseVectorStore] Initialized with mock data
[90mstdout[2m | src/components/QuestionsReview2.stories.tsx[2m > [22m[2mBadge Showcase
[22m[39m[TranslationModeController] Setting mode to: off
[90mstdout[2m | src/components/QuestionsReview2.stories.tsx[2m > [22m[2mBadge Showcase
[22m[39m[UnitContext] useEffect triggered {
  "authLoading": false,
  "hasUser": true,
  "id": "mock-unit-id",
  "userSub": "mock-user-sub",
}
[90mstdout[2m | src/components/QuestionsReview2.stories.tsx[2m > [22m[2mBadge Showcase
[22m[39m[UnitContext] Fetching unit data for id: mock-unit-id
[90mstdout[2m | src/components/QuestionsReview2.stories.tsx[2m > [22m[2mBadge Showcase
[22m[39m[FilesContext] Initializing vector store from IndexedDB
[90mstdout[2m | src/components/QuestionsReview2.stories.tsx[2m > [22m[2mBadge Showcase
[22m[39m[FilesContext] fetchFiles called
[90mstdout[2m | src/components/QuestionsReview2.stories.tsx[2m > [22m[2mBadge Showcase
[22m[39m[FilesContext] User authenticated: mock-user-sub
[90mstdout[2m | src/components/QuestionsReview2.stories.tsx[2m > [22m[2mBadge Showcase
[22m[39m[FilesContext] Identity ID: us-east-1:mock-identity-123
[90mstdout[2m | src/components/QuestionsReview2.stories.tsx[2m > [22m[2mBadge Showcase
[22m[39m[FilesContext] About to set up File observeQuery
[90mstdout[2m | src/components/QuestionsReview2.stories.tsx[2m > [22m[2mBadge Showcase
[22m[39m[ChatContext] Setting up AssistantChat observeQuery
[90mstdout[2m | src/components/QuestionsReview2.stories.tsx[2m > [22m[2mBadge Showcase
[22m[39m[ChatContext] Waiting for subscription to initialize
[90mstdout[2m | src/components/QuestionsReview2.stories.tsx[2m > [22m[2mBadge Showcase
[22m[39m[SettingsContext] Setting up Settings subscription for user: mock-user-sub
[90mstdout[2m | src/components/QuestionsReview2.stories.tsx[2m > [22m[2mBadge Showcase
[22m[39m[Mock Data] Settings created: mock-settings-1790416264785 - notified 0 subscribers
[90mstdout[2m | src/components/QuestionsReview2.stories.tsx[2m > [22m[2mBadge Showcase
[22m[39m[Mock Data] Unit.onUpdate() subscription added. Total: 1
[90mstdout[2m | src/components/QuestionsReview2.stories.tsx[2m > [22m[2mBadge Showcase
[22m[39m[SectionContext] Section observeQuery update: 0
[90mstdout[2m | src/components/QuestionsReview2.stories.tsx[2m > [22m[2mBadge Showcase
[22m[39m[FilesContext] File observeQuery update: 0 files
[90mstdout[2m | src/components/QuestionsReview2.stories.tsx[2m > [22m[2mBadge Showcase
[22m[39m[ChatContext] AssistantChat initialized with 0 chats
[90mstdout[2m | src/components/QuestionsReview2.stories.tsx[2m > [22m[2mBadge Showcase
[22m[39m[Mock Storage] downloadData called with: undefined
[90mstdout[2m | src/components/QuestionsReview2.stories.tsx[2m > [22m[2mBadge Showcase
[22m[39m[MOCK CourseVectorStore] Initialized with mock data
[90mstdout[2m | src/components/QuestionsReview2.stories.tsx[2m > [22m[2mBadge Showcase
[22m[39m[ChatContext] No current chat available, will create one
[90mstdout[2m | src/components/QuestionsReview2.stories.tsx[2m > [22m[2mBadge Showcase
[22m[39m[ChatContext] Creating AssistantChat with user: undefined
[90mstdout[2m | src/components/QuestionsReview2.stories.tsx[2m > [22m[2mBadge Showcase
[22m[39m[Mock Data] AssistantChat created: mock-assistantchat-1790416264799 - notified 1 subscribers
[90mstdout[2m | src/components/QuestionsReview2.stories.tsx[2m > [22m[2mBadge Showcase
[22m[39m[ChatContext] Create result: {
  "data": {
    "_version": 1,
    "archived": false,
    "chatFiles": [Function anonymous],
    "createdAt": "2026-09-26T09:51:04.799Z",
    "id": "mock-assistantchat-1790416264799",
    "model": "gpt-4",
    "updatedAt": "2026-09-26T09:51:04.799Z",
  },
  "errors": [],
  "hasData": true,
  "hasErrors": true,
}
[90mstdout[2m | src/components/QuestionsReview2.stories.tsx[2m > [22m[2mBadge Showcase
[22m[39m[ChatContext] Created AssistantChat: mock-assistantchat-1790416264799 at: 2026-09-26T09:51:04.799Z
[90mstdout[2m | src/components/QuestionsReview2.stories.tsx[2m > [22m[2mBadge Showcase
[22m[39m[ChatContext] Setting initial chat: mock-assistantchat-1790416264799
[90mstdout[2m | src/components/QuestionsReview2.stories.tsx[2m > [22m[2mBadge Showcase
[22m[39m[ChatContext] Chat exists and not archived, skipping creation
 [32m✓[39m [30m[45m storybook (chromium) [49m[39m src/components/QuestionsReview2.stories.tsx [2m([22m[2m13 tests[22m[2m)[22m[33m 2823[2mms[22m[39m
   [33m[2m✓[22m[39m Default [33m 471[2mms[22m[39m
   [33m[2m✓[22m[39m Large List [33m 449[2mms[22m[39m
[90mstdout[2m | unknown test
[22m[39m[MOCK vectorStoreDB.js] Module loaded - mock IndexedDB operations
[90mstdout[2m | unknown test
[22m[39m[Task Completion] DOM action listeners initialized
[90mstdout[2m | unknown test
[22m[39m[Task Completion] Auto-completion detector initialized
[90mstdout[2m | unknown test
[22m[39m[Preview] Task completion detector initialized
[90mstdout[2m | src/components/DebugPanel/LogViewer.stories.tsx[2m > [22m[2mDefault
[22m[39m[MOCK CourseVectorStore] Initialized with mock data
[90mstdout[2m | src/components/DebugPanel/LogViewer.stories.tsx[2m > [22m[2mDefault
[22m[39m[TranslationModeController] Setting mode to: off
[90mstdout[2m | src/components/DebugPanel/LogViewer.stories.tsx[2m > [22m[2mDefault
[22m[39m[UnitContext] useEffect triggered {
  "authLoading": false,
  "hasUser": true,
  "id": "mock-unit-id",
  "userSub": "mock-user-sub",
}
[90mstdout[2m | src/components/DebugPanel/LogViewer.stories.tsx[2m > [22m[2mDefault
[22m[39m[UnitContext] Fetching unit data for id: mock-unit-id
[90mstdout[2m | src/components/DebugPanel/LogViewer.stories.tsx[2m > [22m[2mDefault
[22m[39m[FilesContext] Initializing vector store from IndexedDB
[90mstdout[2m | src/components/DebugPanel/LogViewer.stories.tsx[2m > [22m[2mDefault
[22m[39m[FilesContext] fetchFiles called
[90mstdout[2m | src/components/DebugPanel/LogViewer.stories.tsx[2m > [22m[2mDefault
[22m[39m[FilesContext] User authenticated: mock-user-sub
[90mstdout[2m | src/components/DebugPanel/LogViewer.stories.tsx[2m > [22m[2mDefault
[22m[39m[FilesContext] Identity ID: us-east-1:mock-identity-123
[90mstdout[2m | src/components/DebugPanel/LogViewer.stories.tsx[2m > [22m[2mDefault
[22m[39m[FilesContext] About to set up File observeQuery
[90mstdout[2m | src/components/DebugPanel/LogViewer.stories.tsx[2m > [22m[2mDefault
[22m[39m[ChatContext] Setting up AssistantChat observeQuery
[90mstdout[2m | src/components/DebugPanel/LogViewer.stories.tsx[2m > [22m[2mDefault
[22m[39m[ChatContext] Waiting for subscription to initialize
[90mstdout[2m | src/components/DebugPanel/LogViewer.stories.tsx[2m > [22m[2mDefault
[22m[39m[SettingsContext] Setting up Settings subscription for user: mock-user-sub
[90mstdout[2m | src/components/DebugPanel/LogViewer.stories.tsx[2m > [22m[2mDefault
[22m[39m[Mock Data] Settings created: mock-settings-1790416265401 - notified 0 subscribers
[90mstdout[2m | src/components/DebugPanel/LogViewer.stories.tsx[2m > [22m[2mDefault
[22m[39m[Mock Data] Unit.onUpdate() subscription added. Total: 1
[90mstdout[2m | src/components/DebugPanel/LogViewer.stories.tsx[2m > [22m[2mDefault
[22m[39m[SectionContext] Section observeQuery update: 0
[90mstdout[2m | src/components/DebugPanel/LogViewer.stories.tsx[2m > [22m[2mDefault
[22m[39m[FilesContext] File observeQuery update: 6 files
[90mstdout[2m | src/components/DebugPanel/LogViewer.stories.tsx[2m > [22m[2mDefault
[22m[39m[ChatContext] AssistantChat initialized with 1 chats
[90mstdout[2m | src/components/DebugPanel/LogViewer.stories.tsx[2m > [22m[2mDefault
[22m[39m[ChatContext] Setting initial chat: mock-assistant-chat-1
[90mstdout[2m | src/components/DebugPanel/LogViewer.stories.tsx[2m > [22m[2mDefault
[22m[39m[MOCK CourseVectorStore] Initialized with mock data
[90mstdout[2m | src/components/DebugPanel/LogViewer.stories.tsx[2m > [22m[2mDefault
[22m[39m[FilesContext] Vector store population triggered {
  "currentVectorStoreSize": 3,
  "documentsCount": 0,
  "filesCount": 6,
  "isInitialLoad": true,
}
[90mstdout[2m | src/components/DebugPanel/LogViewer.stories.tsx[2m > [22m[2mDefault
[22m[39m[FilesContext] Vector store population complete - 3 total embeddings
[90mstdout[2m | src/components/DebugPanel/LogViewer.stories.tsx[2m > [22m[2mDefault
[22m[39m[ChatContext] Chat exists and not archived, skipping creation
[90mstdout[2m | src/components/DebugPanel/LogViewer.stories.tsx[2m > [22m[2mDefault
[22m[39m[Mock Storage] downloadData called with: undefined
[90mstdout[2m | src/components/DebugPanel/LogViewer.stories.tsx[2m > [22m[2mEmpty
[22m[39m[ChatContext] Cleaning up subscriptions
[90mstdout[2m | src/components/DebugPanel/LogViewer.stories.tsx[2m > [22m[2mEmpty
[22m[39m[Mock Data] Unit.onUpdate() subscription removed. Remaining: 0
[90mstdout[2m | src/components/DebugPanel/LogViewer.stories.tsx[2m > [22m[2mEmpty
[22m[39m[MOCK CourseVectorStore] Initialized with mock data
[90mstdout[2m | src/components/DebugPanel/LogViewer.stories.tsx[2m > [22m[2mEmpty
[22m[39m[TranslationModeController] Setting mode to: off
[90mstdout[2m | src/components/DebugPanel/LogViewer.stories.tsx[2m > [22m[2mEmpty
[22m[39m[UnitContext] useEffect triggered {
  "authLoading": false,
  "hasUser": true,
  "id": "mock-unit-id",
  "userSub": "mock-user-sub",
}
[90mstdout[2m | src/components/DebugPanel/LogViewer.stories.tsx[2m > [22m[2mEmpty
[22m[39m[UnitContext] Fetching unit data for id: mock-unit-id
[90mstdout[2m | src/components/DebugPanel/LogViewer.stories.tsx[2m > [22m[2mEmpty
[22m[39m[FilesContext] Initializing vector store from IndexedDB
[90mstdout[2m | src/components/DebugPanel/LogViewer.stories.tsx[2m > [22m[2mEmpty
[22m[39m[FilesContext] fetchFiles called
[90mstdout[2m | src/components/DebugPanel/LogViewer.stories.tsx[2m > [22m[2mEmpty
[22m[39m[FilesContext] User authenticated: mock-user-sub
[90mstdout[2m | src/components/DebugPanel/LogViewer.stories.tsx[2m > [22m[2mEmpty
[22m[39m[FilesContext] Identity ID: us-east-1:mock-identity-123
[90mstdout[2m | src/components/DebugPanel/LogViewer.stories.tsx[2m > [22m[2mEmpty
[22m[39m[FilesContext] About to set up File observeQuery
[90mstdout[2m | src/components/DebugPanel/LogViewer.stories.tsx[2m > [22m[2mEmpty
[22m[39m[ChatContext] Setting up AssistantChat observeQuery
[90mstdout[2m | src/components/DebugPanel/LogViewer.stories.tsx[2m > [22m[2mEmpty
[22m[39m[ChatContext] Waiting for subscription to initialize
[90mstdout[2m | src/components/DebugPanel/LogViewer.stories.tsx[2m > [22m[2mEmpty
[22m[39m[SettingsContext] Setting up Settings subscription for user: mock-user-sub
[90mstdout[2m | src/components/DebugPanel/LogViewer.stories.tsx[2m > [22m[2mEmpty
[22m[39m[Mock Data] Settings created: mock-settings-1790416265872 - notified 0 subscribers
[90mstdout[2m | src/components/DebugPanel/LogViewer.stories.tsx[2m > [22m[2mEmpty
[22m[39m[Mock Data] Unit.onUpdate() subscription added. Total: 1
[90mstdout[2m | src/components/DebugPanel/LogViewer.stories.tsx[2m > [22m[2mEmpty
[22m[39m[SectionContext] Section observeQuery update: 0
[90mstdout[2m | src/components/DebugPanel/LogViewer.stories.tsx[2m > [22m[2mEmpty
[22m[39m[FilesContext] File observeQuery update: 6 files
[90mstdout[2m | src/components/DebugPanel/LogViewer.stories.tsx[2m > [22m[2mEmpty
[22m[39m[ChatContext] AssistantChat initialized with 1 chats
[90mstdout[2m | src/components/DebugPanel/LogViewer.stories.tsx[2m > [22m[2mEmpty
[22m[39m[ChatContext] Setting initial chat: mock-assistant-chat-1
[90mstdout[2m | src/components/DebugPanel/LogViewer.stories.tsx[2m > [22m[2mEmpty
[22m[39m[MOCK CourseVectorStore] Initialized with mock data
[90mstdout[2m | src/components/DebugPanel/LogViewer.stories.tsx[2m > [22m[2mEmpty
[22m[39m[FilesContext] Vector store population triggered {
  "currentVectorStoreSize": 3,
  "documentsCount": 0,
  "filesCount": 6,
  "isInitialLoad": true,
}
[90mstdout[2m | src/components/DebugPanel/LogViewer.stories.tsx[2m > [22m[2mEmpty
[22m[39m[FilesContext] Vector store population complete - 3 total embeddings
[90mstdout[2m | src/components/DebugPanel/LogViewer.stories.tsx[2m > [22m[2mEmpty
[22m[39m[ChatContext] Chat exists and not archived, skipping creation
[90mstdout[2m | src/components/DebugPanel/LogViewer.stories.tsx[2m > [22m[2mEmpty
[22m[39m[Mock Storage] downloadData called with: undefined
[90mstdout[2m | src/components/DebugPanel/LogViewer.stories.tsx[2m > [22m[2mErrors Only
[22m[39m[ChatContext] Cleaning up subscriptions
[90mstdout[2m | src/components/DebugPanel/LogViewer.stories.tsx[2m > [22m[2mErrors Only
[22m[39m[Mock Data] Unit.onUpdate() subscription removed. Remaining: 0
[90mstdout[2m | src/components/DebugPanel/LogViewer.stories.tsx[2m > [22m[2mErrors Only
[22m[39m[MOCK CourseVectorStore] Initialized with mock data
[90mstdout[2m | src/components/DebugPanel/LogViewer.stories.tsx[2m > [22m[2mErrors Only
[22m[39m[TranslationModeController] Setting mode to: off
[90mstdout[2m | src/components/DebugPanel/LogViewer.stories.tsx[2m > [22m[2mErrors Only
[22m[39m[UnitContext] useEffect triggered {
  "authLoading": false,
  "hasUser": true,
  "id": "mock-unit-id",
  "userSub": "mock-user-sub",
}
[90mstdout[2m | src/components/DebugPanel/LogViewer.stories.tsx[2m > [22m[2mErrors Only
[22m[39m[UnitContext] Fetching unit data for id: mock-unit-id
[90mstdout[2m | src/components/DebugPanel/LogViewer.stories.tsx[2m > [22m[2mErrors Only
[22m[39m[FilesContext] Initializing vector store from IndexedDB
[90mstdout[2m | src/components/DebugPanel/LogViewer.stories.tsx[2m > [22m[2mErrors Only
[22m[39m[FilesContext] fetchFiles called
[90mstdout[2m | src/components/DebugPanel/LogViewer.stories.tsx[2m > [22m[2mErrors Only
[22m[39m[FilesContext] User authenticated: mock-user-sub
[90mstdout[2m | src/components/DebugPanel/LogViewer.stories.tsx[2m > [22m[2mErrors Only
[22m[39m[FilesContext] Identity ID: us-east-1:mock-identity-123
[90mstdout[2m | src/components/DebugPanel/LogViewer.stories.tsx[2m > [22m[2mErrors Only
[22m[39m[FilesContext] About to set up File observeQuery
[90mstdout[2m | src/components/DebugPanel/LogViewer.stories.tsx[2m > [22m[2mErrors Only
[22m[39m[ChatContext] Setting up AssistantChat observeQuery
[90mstdout[2m | src/components/DebugPanel/LogViewer.stories.tsx[2m > [22m[2mErrors Only
[22m[39m[ChatContext] Waiting for subscription to initialize
[90mstdout[2m | src/components/DebugPanel/LogViewer.stories.tsx[2m > [22m[2mErrors Only
[22m[39m[SettingsContext] Setting up Settings subscription for user: mock-user-sub
[90mstdout[2m | src/components/DebugPanel/LogViewer.stories.tsx[2m > [22m[2mErrors Only
[22m[39m[Mock Data] Settings created: mock-settings-1790416266010 - notified 0 subscribers
[90mstdout[2m | src/components/DebugPanel/LogViewer.stories.tsx[2m > [22m[2mErrors Only
[22m[39m[Mock Data] Unit.onUpdate() subscription added. Total: 1
[90mstdout[2m | src/components/DebugPanel/LogViewer.stories.tsx[2m > [22m[2mErrors Only
[22m[39m[SectionContext] Section observeQuery update: 0
[90mstdout[2m | src/components/DebugPanel/LogViewer.stories.tsx[2m > [22m[2mErrors Only
[22m[39m[FilesContext] File observeQuery update: 6 files
[90mstdout[2m | src/components/DebugPanel/LogViewer.stories.tsx[2m > [22m[2mErrors Only
[22m[39m[ChatContext] AssistantChat initialized with 1 chats
[90mstdout[2m | src/components/DebugPanel/LogViewer.stories.tsx[2m > [22m[2mErrors Only
[22m[39m[ChatContext] Setting initial chat: mock-assistant-chat-1
[90mstdout[2m | src/components/DebugPanel/LogViewer.stories.tsx[2m > [22m[2mErrors Only
[22m[39m[MOCK CourseVectorStore] Initialized with mock data
[90mstdout[2m | src/components/DebugPanel/LogViewer.stories.tsx[2m > [22m[2mErrors Only
[22m[39m[FilesContext] Vector store population triggered {
  "currentVectorStoreSize": 3,
  "documentsCount": 0,
  "filesCount": 6,
  "isInitialLoad": true,
}
[90mstdout[2m | src/components/DebugPanel/LogViewer.stories.tsx[2m > [22m[2mErrors Only
[22m[39m[FilesContext] Vector store population complete - 3 total embeddings
[90mstdout[2m | src/components/DebugPanel/LogViewer.stories.tsx[2m > [22m[2mErrors Only
[22m[39m[ChatContext] Chat exists and not archived, skipping creation
[90mstdout[2m | src/components/DebugPanel/LogViewer.stories.tsx[2m > [22m[2mErrors Only
[22m[39m[Mock Storage] downloadData called with: undefined
[90mstdout[2m | src/components/DebugPanel/LogViewer.stories.tsx[2m > [22m[2mMany Logs
[22m[39m[ChatContext] Cleaning up subscriptions
[90mstdout[2m | src/components/DebugPanel/LogViewer.stories.tsx[2m > [22m[2mMany Logs
[22m[39m[Mock Data] Unit.onUpdate() subscription removed. Remaining: 0
[90mstdout[2m | src/components/DebugPanel/LogViewer.stories.tsx[2m > [22m[2mMany Logs
[22m[39m[MOCK CourseVectorStore] Initialized with mock data
[90mstdout[2m | src/components/DebugPanel/LogViewer.stories.tsx[2m > [22m[2mMany Logs
[22m[39m[TranslationModeController] Setting mode to: off
[90mstdout[2m | src/components/DebugPanel/LogViewer.stories.tsx[2m > [22m[2mMany Logs
[22m[39m[UnitContext] useEffect triggered {
  "authLoading": false,
  "hasUser": true,
  "id": "mock-unit-id",
  "userSub": "mock-user-sub",
}
[90mstdout[2m | src/components/DebugPanel/LogViewer.stories.tsx[2m > [22m[2mMany Logs
[22m[39m[UnitContext] Fetching unit data for id: mock-unit-id
[90mstdout[2m | src/components/DebugPanel/LogViewer.stories.tsx[2m > [22m[2mMany Logs
[22m[39m[FilesContext] Initializing vector store from IndexedDB
[90mstdout[2m | src/components/DebugPanel/LogViewer.stories.tsx[2m > [22m[2mMany Logs
[22m[39m[FilesContext] fetchFiles called
[90mstdout[2m | src/components/DebugPanel/LogViewer.stories.tsx[2m > [22m[2mMany Logs
[22m[39m[FilesContext] User authenticated: mock-user-sub
[90mstdout[2m | src/components/DebugPanel/LogViewer.stories.tsx[2m > [22m[2mMany Logs
[22m[39m[FilesContext] Identity ID: us-east-1:mock-identity-123
[90mstdout[2m | src/components/DebugPanel/LogViewer.stories.tsx[2m > [22m[2mMany Logs
[22m[39m[FilesContext] About to set up File observeQuery
[90mstdout[2m | src/components/DebugPanel/LogViewer.stories.tsx[2m > [22m[2mMany Logs
[22m[39m[ChatContext] Setting up AssistantChat observeQuery
[90mstdout[2m | src/components/DebugPanel/LogViewer.stories.tsx[2m > [22m[2mMany Logs
[22m[39m[ChatContext] Waiting for subscription to initialize
[90mstdout[2m | src/components/DebugPanel/LogViewer.stories.tsx[2m > [22m[2mMany Logs
[22m[39m[SettingsContext] Setting up Settings subscription for user: mock-user-sub
[90mstdout[2m | src/components/DebugPanel/LogViewer.stories.tsx[2m > [22m[2mMany Logs
[22m[39m[Mock Data] Settings created: mock-settings-1790416266426 - notified 0 subscribers
[90mstdout[2m | src/components/DebugPanel/LogViewer.stories.tsx[2m > [22m[2mMany Logs
[22m[39m[Mock Data] Unit.onUpdate() subscription added. Total: 1
[90mstdout[2m | src/components/DebugPanel/LogViewer.stories.tsx[2m > [22m[2mMany Logs
[22m[39m[SectionContext] Section observeQuery update: 0
[90mstdout[2m | src/components/DebugPanel/LogViewer.stories.tsx[2m > [22m[2mMany Logs
[22m[39m[FilesContext] File observeQuery update: 6 files
[90mstdout[2m | src/components/DebugPanel/LogViewer.stories.tsx[2m > [22m[2mMany Logs
[22m[39m[ChatContext] AssistantChat initialized with 1 chats
[90mstdout[2m | src/components/DebugPanel/LogViewer.stories.tsx[2m > [22m[2mMany Logs
[22m[39m[ChatContext] Setting initial chat: mock-assistant-chat-1
[90mstdout[2m | src/components/DebugPanel/LogViewer.stories.tsx[2m > [22m[2mMany Logs
[22m[39m[MOCK CourseVectorStore] Initialized with mock data
[90mstdout[2m | src/components/DebugPanel/LogViewer.stories.tsx[2m > [22m[2mMany Logs
[22m[39m[FilesContext] Vector store population triggered {
  "currentVectorStoreSize": 3,
  "documentsCount": 0,
  "filesCount": 6,
  "isInitialLoad": true,
}
[90mstdout[2m | src/components/DebugPanel/LogViewer.stories.tsx[2m > [22m[2mMany Logs
[22m[39m[FilesContext] Vector store population complete - 3 total embeddings
[90mstdout[2m | src/components/DebugPanel/LogViewer.stories.tsx[2m > [22m[2mMany Logs
[22m[39m[ChatContext] Chat exists and not archived, skipping creation
[90mstdout[2m | src/components/DebugPanel/LogViewer.stories.tsx[2m > [22m[2mMany Logs
[22m[39m[Mock Storage] downloadData called with: undefined
[90mstdout[2m | src/components/DebugPanel/LogViewer.stories.tsx[2m > [22m[2mMany Logs
[22m[39mfilterWords {
  "filter": "",
  "wordsCount": 0,
}
[90mstdout[2m | src/components/DebugPanel/LogViewer.stories.tsx[2m > [22m[2mNo Auto Scroll
[22m[39m[ChatContext] Cleaning up subscriptions
[90mstdout[2m | src/components/DebugPanel/LogViewer.stories.tsx[2m > [22m[2mNo Auto Scroll
[22m[39m[Mock Data] Unit.onUpdate() subscription removed. Remaining: 0
[90mstdout[2m | src/components/DebugPanel/LogViewer.stories.tsx[2m > [22m[2mNo Auto Scroll
[22m[39m[MOCK CourseVectorStore] Initialized with mock data
[90mstdout[2m | src/components/DebugPanel/LogViewer.stories.tsx[2m > [22m[2mNo Auto Scroll
[22m[39m[TranslationModeController] Setting mode to: off
[90mstdout[2m | src/components/DebugPanel/LogViewer.stories.tsx[2m > [22m[2mNo Auto Scroll
[22m[39m[UnitContext] useEffect triggered {
  "authLoading": false,
  "hasUser": true,
  "id": "mock-unit-id",
  "userSub": "mock-user-sub",
}
[90mstdout[2m | src/components/DebugPanel/LogViewer.stories.tsx[2m > [22m[2mNo Auto Scroll
[22m[39m[UnitContext] Fetching unit data for id: mock-unit-id
[90mstdout[2m | src/components/DebugPanel/LogViewer.stories.tsx[2m > [22m[2mNo Auto Scroll
[22m[39m[FilesContext] Initializing vector store from IndexedDB
[90mstdout[2m | src/components/DebugPanel/LogViewer.stories.tsx[2m > [22m[2mNo Auto Scroll
[22m[39m[FilesContext] fetchFiles called
[90mstdout[2m | src/components/DebugPanel/LogViewer.stories.tsx[2m > [22m[2mNo Auto Scroll
[22m[39m[FilesContext] User authenticated: mock-user-sub
[90mstdout[2m | src/components/DebugPanel/LogViewer.stories.tsx[2m > [22m[2mNo Auto Scroll
[22m[39m[FilesContext] Identity ID: us-east-1:mock-identity-123
[90mstdout[2m | src/components/DebugPanel/LogViewer.stories.tsx[2m > [22m[2mNo Auto Scroll
[22m[39m[FilesContext] About to set up File observeQuery
[90mstdout[2m | src/components/DebugPanel/LogViewer.stories.tsx[2m > [22m[2mNo Auto Scroll
[22m[39m[ChatContext] Setting up AssistantChat observeQuery
[90mstdout[2m | src/components/DebugPanel/LogViewer.stories.tsx[2m > [22m[2mNo Auto Scroll
[22m[39m[ChatContext] Waiting for subscription to initialize
[90mstdout[2m | src/components/DebugPanel/LogViewer.stories.tsx[2m > [22m[2mNo Auto Scroll
[22m[39m[SettingsContext] Setting up Settings subscription for user: mock-user-sub
[90mstdout[2m | src/components/DebugPanel/LogViewer.stories.tsx[2m > [22m[2mNo Auto Scroll
[22m[39m[Mock Data] Settings created: mock-settings-1790416267178 - notified 0 subscribers
[90mstdout[2m | src/components/DebugPanel/LogViewer.stories.tsx[2m > [22m[2mNo Auto Scroll
[22m[39m[Mock Data] Unit.onUpdate() subscription added. Total: 1
[90mstdout[2m | src/components/DebugPanel/LogViewer.stories.tsx[2m > [22m[2mNo Auto Scroll
[22m[39m[SectionContext] Section observeQuery update: 0
[90mstdout[2m | src/components/DebugPanel/LogViewer.stories.tsx[2m > [22m[2mNo Auto Scroll
[22m[39m[FilesContext] File observeQuery update: 6 files
[90mstdout[2m | src/components/DebugPanel/LogViewer.stories.tsx[2m > [22m[2mNo Auto Scroll
[22m[39m[ChatContext] AssistantChat initialized with 1 chats
[90mstdout[2m | src/components/DebugPanel/LogViewer.stories.tsx[2m > [22m[2mNo Auto Scroll
[22m[39m[ChatContext] Setting initial chat: mock-assistant-chat-1
[90mstdout[2m | src/components/DebugPanel/LogViewer.stories.tsx[2m > [22m[2mNo Auto Scroll
[22m[39m[MOCK CourseVectorStore] Initialized with mock data
[90mstdout[2m | src/components/DebugPanel/LogViewer.stories.tsx[2m > [22m[2mNo Auto Scroll
[22m[39m[FilesContext] Vector store population triggered {
  "currentVectorStoreSize": 3,
  "documentsCount": 0,
  "filesCount": 6,
  "isInitialLoad": true,
}
[90mstdout[2m | src/components/DebugPanel/LogViewer.stories.tsx[2m > [22m[2mNo Auto Scroll
[22m[39m[FilesContext] Vector store population complete - 3 total embeddings
[90mstdout[2m | src/components/DebugPanel/LogViewer.stories.tsx[2m > [22m[2mNo Auto Scroll
[22m[39m[ChatContext] Chat exists and not archived, skipping creation
[90mstdout[2m | src/components/DebugPanel/LogViewer.stories.tsx[2m > [22m[2mNo Auto Scroll
[22m[39m[Mock Storage] downloadData called with: undefined
[90mstdout[2m | src/components/DebugPanel/LogViewer.stories.tsx[2m > [22m[2mWith Stack Traces
[22m[39m[ChatContext] Cleaning up subscriptions
[90mstdout[2m | src/components/DebugPanel/LogViewer.stories.tsx[2m > [22m[2mWith Stack Traces
[22m[39m[Mock Data] Unit.onUpdate() subscription removed. Remaining: 0
[90mstdout[2m | src/components/DebugPanel/LogViewer.stories.tsx[2m > [22m[2mWith Stack Traces
[22m[39m[MOCK CourseVectorStore] Initialized with mock data
[90mstdout[2m | src/components/DebugPanel/LogViewer.stories.tsx[2m > [22m[2mWith Stack Traces
[22m[39m[TranslationModeController] Setting mode to: off
[90mstdout[2m | src/components/DebugPanel/LogViewer.stories.tsx[2m > [22m[2mWith Stack Traces
[22m[39m[UnitContext] useEffect triggered {
  "authLoading": false,
  "hasUser": true,
  "id": "mock-unit-id",
  "userSub": "mock-user-sub",
}
[90mstdout[2m | src/components/DebugPanel/LogViewer.stories.tsx[2m > [22m[2mWith Stack Traces
[22m[39m[UnitContext] Fetching unit data for id: mock-unit-id
[90mstdout[2m | src/components/DebugPanel/LogViewer.stories.tsx[2m > [22m[2mWith Stack Traces
[22m[39m[FilesContext] Initializing vector store from IndexedDB
[90mstdout[2m | src/components/DebugPanel/LogViewer.stories.tsx[2m > [22m[2mWith Stack Traces
[22m[39m[FilesContext] fetchFiles called
[90mstdout[2m | src/components/DebugPanel/LogViewer.stories.tsx[2m > [22m[2mWith Stack Traces
[22m[39m[FilesContext] User authenticated: mock-user-sub
[90mstdout[2m | src/components/DebugPanel/LogViewer.stories.tsx[2m > [22m[2mWith Stack Traces
[22m[39m[FilesContext] Identity ID: us-east-1:mock-identity-123
[90mstdout[2m | src/components/DebugPanel/LogViewer.stories.tsx[2m > [22m[2mWith Stack Traces
[22m[39m[FilesContext] About to set up File observeQuery
[90mstdout[2m | src/components/DebugPanel/LogViewer.stories.tsx[2m > [22m[2mWith Stack Traces
[22m[39m[ChatContext] Setting up AssistantChat observeQuery
[90mstdout[2m | src/components/DebugPanel/LogViewer.stories.tsx[2m > [22m[2mWith Stack Traces
[22m[39m[ChatContext] Waiting for subscription to initialize
[90mstdout[2m | src/components/DebugPanel/LogViewer.stories.tsx[2m > [22m[2mWith Stack Traces
[22m[39m[SettingsContext] Setting up Settings subscription for user: mock-user-sub
[90mstdout[2m | src/components/DebugPanel/LogViewer.stories.tsx[2m > [22m[2mWith Stack Traces
[22m[39m[Mock Data] Settings created: mock-settings-1790416267350 - notified 0 subscribers
[90mstdout[2m | src/components/DebugPanel/LogViewer.stories.tsx[2m > [22m[2mWith Stack Traces
[22m[39m[Mock Data] Unit.onUpdate() subscription added. Total: 1
[90mstdout[2m | src/components/DebugPanel/LogViewer.stories.tsx[2m > [22m[2mWith Stack Traces
[22m[39m[SectionContext] Section observeQuery update: 0
[90mstdout[2m | src/components/DebugPanel/LogViewer.stories.tsx[2m > [22m[2mWith Stack Traces
[22m[39m[FilesContext] File observeQuery update: 6 files
[90mstdout[2m | src/components/DebugPanel/LogViewer.stories.tsx[2m > [22m[2mWith Stack Traces
[22m[39m[ChatContext] AssistantChat initialized with 1 chats
[90mstdout[2m | src/components/DebugPanel/LogViewer.stories.tsx[2m > [22m[2mWith Stack Traces
[22m[39m[ChatContext] Setting initial chat: mock-assistant-chat-1
[90mstdout[2m | src/components/DebugPanel/LogViewer.stories.tsx[2m > [22m[2mWith Stack Traces
[22m[39m[Mock Storage] downloadData called with: undefined
[90mstdout[2m | src/components/DebugPanel/LogViewer.stories.tsx[2m > [22m[2mWith Stack Traces
[22m[39m[MOCK CourseVectorStore] Initialized with mock data
[90mstdout[2m | src/components/DebugPanel/LogViewer.stories.tsx[2m > [22m[2mWith Stack Traces
[22m[39m[FilesContext] Vector store population triggered {
  "currentVectorStoreSize": 3,
  "documentsCount": 0,
  "filesCount": 6,
  "isInitialLoad": true,
}
[90mstdout[2m | src/components/DebugPanel/LogViewer.stories.tsx[2m > [22m[2mWith Stack Traces
[22m[39m[FilesContext] Vector store population complete - 3 total embeddings
[90mstdout[2m | src/components/DebugPanel/LogViewer.stories.tsx[2m > [22m[2mWith Stack Traces
[22m[39m[ChatContext] Chat exists and not archived, skipping creation
[90mstdout[2m | src/components/DebugPanel/LogViewer.stories.tsx[2m > [22m[2mMixed Levels
[22m[39m[ChatContext] Cleaning up subscriptions
[90mstdout[2m | src/components/DebugPanel/LogViewer.stories.tsx[2m > [22m[2mMixed Levels
[22m[39m[Mock Data] Unit.onUpdate() subscription removed. Remaining: 0
[90mstdout[2m | src/components/DebugPanel/LogViewer.stories.tsx[2m > [22m[2mMixed Levels
[22m[39m[MOCK CourseVectorStore] Initialized with mock data
[90mstdout[2m | src/components/DebugPanel/LogViewer.stories.tsx[2m > [22m[2mMixed Levels
[22m[39m[TranslationModeController] Setting mode to: off
[90mstdout[2m | src/components/DebugPanel/LogViewer.stories.tsx[2m > [22m[2mMixed Levels
[22m[39m[UnitContext] useEffect triggered {
  "authLoading": false,
  "hasUser": true,
  "id": "mock-unit-id",
  "userSub": "mock-user-sub",
}
[90mstdout[2m | src/components/DebugPanel/LogViewer.stories.tsx[2m > [22m[2mMixed Levels
[22m[39m[UnitContext] Fetching unit data for id: mock-unit-id
[90mstdout[2m | src/components/DebugPanel/LogViewer.stories.tsx[2m > [22m[2mMixed Levels
[22m[39m[FilesContext] Initializing vector store from IndexedDB
[90mstdout[2m | src/components/DebugPanel/LogViewer.stories.tsx[2m > [22m[2mMixed Levels
[22m[39m[FilesContext] fetchFiles called
[90mstdout[2m | src/components/DebugPanel/LogViewer.stories.tsx[2m > [22m[2mMixed Levels
[22m[39m[FilesContext] User authenticated: mock-user-sub
[90mstdout[2m | src/components/DebugPanel/LogViewer.stories.tsx[2m > [22m[2mMixed Levels
[22m[39m[FilesContext] Identity ID: us-east-1:mock-identity-123
[90mstdout[2m | src/components/DebugPanel/LogViewer.stories.tsx[2m > [22m[2mMixed Levels
[22m[39m[FilesContext] About to set up File observeQuery
[90mstdout[2m | src/components/DebugPanel/LogViewer.stories.tsx[2m > [22m[2mMixed Levels
[22m[39m[ChatContext] Setting up AssistantChat observeQuery
[90mstdout[2m | src/components/DebugPanel/LogViewer.stories.tsx[2m > [22m[2mMixed Levels
[22m[39m[ChatContext] Waiting for subscription to initialize
[90mstdout[2m | src/components/DebugPanel/LogViewer.stories.tsx[2m > [22m[2mMixed Levels
[22m[39m[SettingsContext] Setting up Settings subscription for user: mock-user-sub
[90mstdout[2m | src/components/DebugPanel/LogViewer.stories.tsx[2m > [22m[2mMixed Levels
[22m[39m[Mock Data] Settings created: mock-settings-1790416267503 - notified 0 subscribers
[90mstdout[2m | src/components/DebugPanel/LogViewer.stories.tsx[2m > [22m[2mMixed Levels
[22m[39m[Mock Data] Unit.onUpdate() subscription added. Total: 1
[90mstdout[2m | src/components/DebugPanel/LogViewer.stories.tsx[2m > [22m[2mMixed Levels
[22m[39m[SectionContext] Section observeQuery update: 0
[90mstdout[2m | src/components/DebugPanel/LogViewer.stories.tsx[2m > [22m[2mMixed Levels
[22m[39m[FilesContext] File observeQuery update: 6 files
[90mstdout[2m | src/components/DebugPanel/LogViewer.stories.tsx[2m > [22m[2mMixed Levels
[22m[39m[ChatContext] AssistantChat initialized with 1 chats
[90mstdout[2m | src/components/DebugPanel/LogViewer.stories.tsx[2m > [22m[2mMixed Levels
[22m[39m[ChatContext] Setting initial chat: mock-assistant-chat-1
[90mstdout[2m | src/components/DebugPanel/LogViewer.stories.tsx[2m > [22m[2mMixed Levels
[22m[39m[Mock Storage] downloadData called with: undefined
[90mstdout[2m | src/components/DebugPanel/LogViewer.stories.tsx[2m > [22m[2mMixed Levels
[22m[39m[MOCK CourseVectorStore] Initialized with mock data
[90mstdout[2m | src/components/DebugPanel/LogViewer.stories.tsx[2m > [22m[2mMixed Levels
[22m[39m[FilesContext] Vector store population triggered {
  "currentVectorStoreSize": 3,
  "documentsCount": 0,
  "filesCount": 6,
  "isInitialLoad": true,
}
[90mstdout[2m | src/components/DebugPanel/LogViewer.stories.tsx[2m > [22m[2mMixed Levels
[22m[39m[FilesContext] Vector store population complete - 3 total embeddings
[90mstdout[2m | src/components/DebugPanel/LogViewer.stories.tsx[2m > [22m[2mMixed Levels
[22m[39m[ChatContext] Chat exists and not archived, skipping creation
 [32m✓[39m [30m[45m storybook (chromium) [49m[39m src/components/DebugPanel/LogViewer.stories.tsx [2m([22m[2m7 tests[22m[2m)[22m[33m 2295[2mms[22m[39m
   [33m[2m✓[22m[39m Default [33m 494[2mms[22m[39m
   [33m[2m✓[22m[39m Many Logs [33m 1022[2mms[22m[39m
[90mstdout[2m | unknown test
[22m[39m[MOCK vectorStoreDB.js] Module loaded - mock IndexedDB operations
[90mstdout[2m | unknown test
[22m[39m[Task Completion] DOM action listeners initialized
[90mstdout[2m | unknown test
[22m[39m[Task Completion] Auto-completion detector initialized
[90mstdout[2m | unknown test
[22m[39m[Preview] Task completion detector initialized
[90mstdout[2m | src/components/Gamification/PixelSpriteMascot.stories.tsx[2m > [22m[2mDefault
[22m[39m[TranslationModeController] Setting mode to: off
[90mstdout[2m | src/components/Gamification/PixelSpriteMascot.stories.tsx[2m > [22m[2mAll Stages
[22m[39m[TranslationModeController] Setting mode to: off
[90mstdout[2m | src/components/Gamification/PixelSpriteMascot.stories.tsx[2m > [22m[2mDifferent Seeds
[22m[39m[TranslationModeController] Setting mode to: off
[90mstdout[2m | src/components/Gamification/PixelSpriteMascot.stories.tsx[2m > [22m[2mSleeping
[22m[39m[TranslationModeController] Setting mode to: off
[90mstdout[2m | src/components/Gamification/PixelSpriteMascot.stories.tsx[2m > [22m[2mSquad Pet
[22m[39m[TranslationModeController] Setting mode to: off
[90mstdout[2m | src/components/Gamification/PixelSpriteMascot.stories.tsx[2m > [22m[2mBoss Monster
[22m[39m[TranslationModeController] Setting mode to: off
[90mstdout[2m | src/components/Gamification/PixelSpriteMascot.stories.tsx[2m > [22m[2mBorrowed Accessories
[22m[39m[TranslationModeController] Setting mode to: off
[90mstdout[2m | src/components/Gamification/PixelSpriteMascot.stories.tsx[2m > [22m[2mBorrowed Hats
[22m[39m[TranslationModeController] Setting mode to: off
[90mstdout[2m | src/components/Gamification/PixelSpriteMascot.stories.tsx[2m > [22m[2mBorrowed Across Stages
[22m[39m[TranslationModeController] Setting mode to: off
 [32m✓[39m [30m[45m storybook (chromium) [49m[39m src/components/Gamification/PixelSpriteMascot.stories.tsx [2m([22m[2m9 tests[22m[2m)[22m[33m 2878[2mms[22m[39m
   [33m[2m✓[22m[39m All Stages [33m 419[2mms[22m[39m
   [33m[2m✓[22m[39m Different Seeds [33m 514[2mms[22m[39m
   [33m[2m✓[22m[39m Borrowed Accessories [33m 455[2mms[22m[39m
   [33m[2m✓[22m[39m Borrowed Hats [33m 539[2mms[22m[39m
   [33m[2m✓[22m[39m Borrowed Across Stages [33m 411[2mms[22m[39m
[90mstdout[2m | unknown test
[22m[39m[MOCK vectorStoreDB.js] Module loaded - mock IndexedDB operations
[90mstdout[2m | unknown test
[22m[39m[Task Completion] DOM action listeners initialized
[90mstdout[2m | unknown test
[22m[39m[Task Completion] Auto-completion detector initialized
[90mstdout[2m | unknown test
[22m[39m[Preview] Task completion detector initialized
[90mstdout[2m | src/components/CollaborativeChat/TopicList.stories.tsx[2m > [22m[2mSection Scope
[22m[39m[TranslationModeController] Setting mode to: off
[90mstdout[2m | src/components/CollaborativeChat/TopicList.stories.tsx[2m > [22m[2mUnit Scope
[22m[39m[TranslationModeController] Setting mode to: off
[90mstdout[2m | src/components/CollaborativeChat/TopicList.stories.tsx[2m > [22m[2mEmpty Topics
[22m[39m[TranslationModeController] Setting mode to: off
[90mstdout[2m | src/components/CollaborativeChat/TopicList.stories.tsx[2m > [22m[2mNo Selection
[22m[39m[TranslationModeController] Setting mode to: off
 [32m✓[39m [30m[45m storybook (chromium) [49m[39m src/components/CollaborativeChat/TopicList.stories.tsx [2m([22m[2m4 tests[22m[2m)[22m[33m 1283[2mms[22m[39m
   [33m[2m✓[22m[39m Section Scope [33m 660[2mms[22m[39m
   [33m[2m✓[22m[39m Empty Topics [33m 407[2mms[22m[39m
[90mstdout[2m | unknown test
[22m[39m[MOCK vectorStoreDB.js] Module loaded - mock IndexedDB operations
[90mstdout[2m | unknown test
[22m[39m[Task Completion] DOM action listeners initialized
[90mstdout[2m | unknown test
[22m[39m[Task Completion] Auto-completion detector initialized
[90mstdout[2m | unknown test
[22m[39m[Preview] Task completion detector initialized
[90mstdout[2m | src/components/Gamification/AntiBadges.stories.tsx[2m > [22m[2mGallery
[22m[39m[TranslationModeController] Setting mode to: off
[90mstdout[2m | src/components/Gamification/AntiBadges.stories.tsx[2m > [22m[2mIcon Shelf
[22m[39m[TranslationModeController] Setting mode to: off
[90mstdout[2m | src/components/Gamification/AntiBadges.stories.tsx[2m > [22m[2mLocked State
[22m[39m[TranslationModeController] Setting mode to: off
[90mstdout[2m | src/components/Gamification/AntiBadges.stories.tsx[2m > [22m[2mMeta Badges
[22m[39m[TranslationModeController] Setting mode to: off
 [32m✓[39m [30m[45m storybook (chromium) [49m[39m src/components/Gamification/AntiBadges.stories.tsx [2m([22m[2m4 tests[22m[2m)[22m[33m 2110[2mms[22m[39m
   [33m[2m✓[22m[39m Gallery [33m 944[2mms[22m[39m
   [33m[2m✓[22m[39m Icon Shelf [33m 577[2mms[22m[39m
   [33m[2m✓[22m[39m Locked State [33m 331[2mms[22m[39m
[90mstdout[2m | unknown test
[22m[39m[MOCK vectorStoreDB.js] Module loaded - mock IndexedDB operations
[90mstdout[2m | unknown test
[22m[39m[Task Completion] DOM action listeners initialized
[90mstdout[2m | unknown test
[22m[39m[Task Completion] Auto-completion detector initialized
[90mstdout[2m | unknown test
[22m[39m[Preview] Task completion detector initialized
[90mstdout[2m | src/components/Editor3/components/AudioAnswerMedia.stories.tsx[2m > [22m[2mBy Word
[22m[39m[MOCK CourseVectorStore] Initialized with mock data
[90mstdout[2m | src/components/Editor3/components/AudioAnswerMedia.stories.tsx[2m > [22m[2mBy Word
[22m[39mMock Cache.getItem called with: getCachedUrl_/story-mocks/cinematic-designed-sci-fi-whoosh-transition-nexawave-228295.mp3
[90mstdout[2m | src/components/Editor3/components/AudioAnswerMedia.stories.tsx[2m > [22m[2mBy Word
[22m[39m[TranslationModeController] Setting mode to: off
[90mstdout[2m | src/components/Editor3/components/AudioAnswerMedia.stories.tsx[2m > [22m[2mBy Word
[22m[39m[UnitContext] useEffect triggered {
  "authLoading": false,
  "hasUser": true,
  "id": "mock-unit-id",
  "userSub": "mock-user-sub",
}
[90mstdout[2m | src/components/Editor3/components/AudioAnswerMedia.stories.tsx[2m > [22m[2mBy Word
[22m[39m[UnitContext] Fetching unit data for id: mock-unit-id
[90mstdout[2m | src/components/Editor3/components/AudioAnswerMedia.stories.tsx[2m > [22m[2mBy Word
[22m[39m[FilesContext] Initializing vector store from IndexedDB
[90mstdout[2m | src/components/Editor3/components/AudioAnswerMedia.stories.tsx[2m > [22m[2mBy Word
[22m[39m[FilesContext] fetchFiles called
[90mstdout[2m | src/components/Editor3/components/AudioAnswerMedia.stories.tsx[2m > [22m[2mBy Word
[22m[39m[FilesContext] User authenticated: mock-user-sub
[90mstdout[2m | src/components/Editor3/components/AudioAnswerMedia.stories.tsx[2m > [22m[2mBy Word
[22m[39m[FilesContext] Identity ID: us-east-1:mock-identity-123
[90mstdout[2m | src/components/Editor3/components/AudioAnswerMedia.stories.tsx[2m > [22m[2mBy Word
[22m[39m[FilesContext] About to set up File observeQuery
[90mstdout[2m | src/components/Editor3/components/AudioAnswerMedia.stories.tsx[2m > [22m[2mBy Word
[22m[39m[ChatContext] Setting up AssistantChat observeQuery
[90mstdout[2m | src/components/Editor3/components/AudioAnswerMedia.stories.tsx[2m > [22m[2mBy Word
[22m[39m[ChatContext] Waiting for subscription to initialize
[90mstdout[2m | src/components/Editor3/components/AudioAnswerMedia.stories.tsx[2m > [22m[2mBy Word
[22m[39m[SettingsContext] Setting up Settings subscription for user: mock-user-sub
[90mstdout[2m | src/components/Editor3/components/AudioAnswerMedia.stories.tsx[2m > [22m[2mBy Word
[22m[39mMock getUrl called with: /story-mocks/cinematic-designed-sci-fi-whoosh-transition-nexawave-228295.mp3
[90mstdout[2m | src/components/Editor3/components/AudioAnswerMedia.stories.tsx[2m > [22m[2mBy Word
[22m[39m[Mock Data] Settings created: mock-settings-1790416276746 - notified 0 subscribers
[90mstdout[2m | src/components/Editor3/components/AudioAnswerMedia.stories.tsx[2m > [22m[2mBy Word
[22m[39mMock Cache.setItem called with: getCachedUrl_/story-mocks/cinematic-designed-sci-fi-whoosh-transition-nexawave-228295.mp3 /story-mocks/cinematic-designed-sci-fi-whoosh-transition-nexawave-228295.mp3
[90mstdout[2m | src/components/Editor3/components/AudioAnswerMedia.stories.tsx[2m > [22m[2mBy Word
[22m[39m[Mock Data] Unit.onUpdate() subscription added. Total: 1
[90mstdout[2m | src/components/Editor3/components/AudioAnswerMedia.stories.tsx[2m > [22m[2mBy Word
[22m[39m[SectionContext] Section observeQuery update: 0
[90mstdout[2m | src/components/Editor3/components/AudioAnswerMedia.stories.tsx[2m > [22m[2mBy Word
[22m[39m[FilesContext] File observeQuery update: 6 files
[90mstdout[2m | src/components/Editor3/components/AudioAnswerMedia.stories.tsx[2m > [22m[2mBy Word
[22m[39m[ChatContext] AssistantChat initialized with 1 chats
[90mstdout[2m | src/components/Editor3/components/AudioAnswerMedia.stories.tsx[2m > [22m[2mBy Word
[22m[39m[ChatContext] Setting initial chat: mock-assistant-chat-1
[90mstdout[2m | src/components/Editor3/components/AudioAnswerMedia.stories.tsx[2m > [22m[2mBy Word
[22m[39m[MOCK CourseVectorStore] Initialized with mock data
[90mstdout[2m | src/components/Editor3/components/AudioAnswerMedia.stories.tsx[2m > [22m[2mBy Word
[22m[39m[FilesContext] Vector store population triggered {
  "currentVectorStoreSize": 3,
  "documentsCount": 0,
  "filesCount": 6,
  "isInitialLoad": true,
}
[90mstdout[2m | src/components/Editor3/components/AudioAnswerMedia.stories.tsx[2m > [22m[2mBy Word
[22m[39m[FilesContext] Vector store population complete - 3 total embeddings
[90mstdout[2m | src/components/Editor3/components/AudioAnswerMedia.stories.tsx[2m > [22m[2mBy Word
[22m[39m[ChatContext] Chat exists and not archived, skipping creation
[90mstdout[2m | src/components/Editor3/components/AudioAnswerMedia.stories.tsx[2m > [22m[2mBy Word
[22m[39m[Mock Storage] downloadData called with: undefined
[90mstdout[2m | src/components/Editor3/components/AudioAnswerMedia.stories.tsx[2m > [22m[2mBy Definition
[22m[39m[ChatContext] Cleaning up subscriptions
[90mstdout[2m | src/components/Editor3/components/AudioAnswerMedia.stories.tsx[2m > [22m[2mBy Definition
[22m[39m[Mock Data] Unit.onUpdate() subscription removed. Remaining: 0
[90mstdout[2m | src/components/Editor3/components/AudioAnswerMedia.stories.tsx[2m > [22m[2mBy Definition
[22m[39m[MOCK CourseVectorStore] Initialized with mock data
[90mstdout[2m | src/components/Editor3/components/AudioAnswerMedia.stories.tsx[2m > [22m[2mBy Definition
[22m[39mMock Cache.getItem called with: getCachedUrl_/story-mocks/cinematic-designed-sci-fi-whoosh-transition-nexawave-228295.mp3
[90mstdout[2m | src/components/Editor3/components/AudioAnswerMedia.stories.tsx[2m > [22m[2mBy Definition
[22m[39m[TranslationModeController] Setting mode to: off
[90mstdout[2m | src/components/Editor3/components/AudioAnswerMedia.stories.tsx[2m > [22m[2mBy Definition
[22m[39m[UnitContext] useEffect triggered {
  "authLoading": false,
  "hasUser": true,
  "id": "mock-unit-id",
  "userSub": "mock-user-sub",
}
[90mstdout[2m | src/components/Editor3/components/AudioAnswerMedia.stories.tsx[2m > [22m[2mBy Definition
[22m[39m[UnitContext] Fetching unit data for id: mock-unit-id
[90mstdout[2m | src/components/Editor3/components/AudioAnswerMedia.stories.tsx[2m > [22m[2mBy Definition
[22m[39m[FilesContext] Initializing vector store from IndexedDB
[90mstdout[2m | src/components/Editor3/components/AudioAnswerMedia.stories.tsx[2m > [22m[2mBy Definition
[22m[39m[FilesContext] fetchFiles called
[90mstdout[2m | src/components/Editor3/components/AudioAnswerMedia.stories.tsx[2m > [22m[2mBy Definition
[22m[39m[FilesContext] User authenticated: mock-user-sub
[90mstdout[2m | src/components/Editor3/components/AudioAnswerMedia.stories.tsx[2m > [22m[2mBy Definition
[22m[39m[FilesContext] Identity ID: us-east-1:mock-identity-123
[90mstdout[2m | src/components/Editor3/components/AudioAnswerMedia.stories.tsx[2m > [22m[2mBy Definition
[22m[39m[FilesContext] About to set up File observeQuery
[90mstdout[2m | src/components/Editor3/components/AudioAnswerMedia.stories.tsx[2m > [22m[2mBy Definition
[22m[39m[ChatContext] Setting up AssistantChat observeQuery
[90mstdout[2m | src/components/Editor3/components/AudioAnswerMedia.stories.tsx[2m > [22m[2mBy Definition
[22m[39m[ChatContext] Waiting for subscription to initialize
[90mstdout[2m | src/components/Editor3/components/AudioAnswerMedia.stories.tsx[2m > [22m[2mBy Definition
[22m[39m[SettingsContext] Setting up Settings subscription for user: mock-user-sub
[90mstdout[2m | src/components/Editor3/components/AudioAnswerMedia.stories.tsx[2m > [22m[2mBy Definition
[22m[39mMock getUrl called with: /story-mocks/cinematic-designed-sci-fi-whoosh-transition-nexawave-228295.mp3
[90mstdout[2m | src/components/Editor3/components/AudioAnswerMedia.stories.tsx[2m > [22m[2mBy Definition
[22m[39m[Mock Data] Settings created: mock-settings-1790416277366 - notified 0 subscribers
[90mstdout[2m | src/components/Editor3/components/AudioAnswerMedia.stories.tsx[2m > [22m[2mBy Definition
[22m[39mMock Cache.setItem called with: getCachedUrl_/story-mocks/cinematic-designed-sci-fi-whoosh-transition-nexawave-228295.mp3 /story-mocks/cinematic-designed-sci-fi-whoosh-transition-nexawave-228295.mp3
[90mstdout[2m | src/components/Editor3/components/AudioAnswerMedia.stories.tsx[2m > [22m[2mBy Definition
[22m[39m[Mock Data] Unit.onUpdate() subscription added. Total: 1
[90mstdout[2m | src/components/Editor3/components/AudioAnswerMedia.stories.tsx[2m > [22m[2mBy Definition
[22m[39m[SectionContext] Section observeQuery update: 0
[90mstdout[2m | src/components/Editor3/components/AudioAnswerMedia.stories.tsx[2m > [22m[2mBy Definition
[22m[39m[FilesContext] File observeQuery update: 6 files
[90mstdout[2m | src/components/Editor3/components/AudioAnswerMedia.stories.tsx[2m > [22m[2mBy Definition
[22m[39m[ChatContext] AssistantChat initialized with 1 chats
[90mstdout[2m | src/components/Editor3/components/AudioAnswerMedia.stories.tsx[2m > [22m[2mBy Definition
[22m[39m[ChatContext] Setting initial chat: mock-assistant-chat-1
[90mstdout[2m | src/components/Editor3/components/AudioAnswerMedia.stories.tsx[2m > [22m[2mBy Definition
[22m[39m[MOCK CourseVectorStore] Initialized with mock data
[90mstdout[2m | src/components/Editor3/components/AudioAnswerMedia.stories.tsx[2m > [22m[2mBy Definition
[22m[39m[FilesContext] Vector store population triggered {
  "currentVectorStoreSize": 3,
  "documentsCount": 0,
  "filesCount": 6,
  "isInitialLoad": true,
}
[90mstdout[2m | src/components/Editor3/components/AudioAnswerMedia.stories.tsx[2m > [22m[2mBy Definition
[22m[39m[FilesContext] Vector store population complete - 3 total embeddings
[90mstdout[2m | src/components/Editor3/components/AudioAnswerMedia.stories.tsx[2m > [22m[2mBy Definition
[22m[39m[ChatContext] Chat exists and not archived, skipping creation
[90mstdout[2m | src/components/Editor3/components/AudioAnswerMedia.stories.tsx[2m > [22m[2mBy Definition
[22m[39m[Mock Storage] downloadData called with: undefined
[90mstdout[2m | src/components/Editor3/components/AudioAnswerMedia.stories.tsx[2m > [22m[2mBy Question
[22m[39m[ChatContext] Cleaning up subscriptions
[90mstdout[2m | src/components/Editor3/components/AudioAnswerMedia.stories.tsx[2m > [22m[2mBy Question
[22m[39m[Mock Data] Unit.onUpdate() subscription removed. Remaining: 0
[90mstdout[2m | src/components/Editor3/components/AudioAnswerMedia.stories.tsx[2m > [22m[2mBy Question
[22m[39m[MOCK CourseVectorStore] Initialized with mock data
[90mstdout[2m | src/components/Editor3/components/AudioAnswerMedia.stories.tsx[2m > [22m[2mBy Question
[22m[39mMock Cache.getItem called with: getCachedUrl_/story-mocks/cinematic-designed-sci-fi-whoosh-transition-nexawave-228295.mp3
[90mstdout[2m | src/components/Editor3/components/AudioAnswerMedia.stories.tsx[2m > [22m[2mBy Question
[22m[39m[TranslationModeController] Setting mode to: off
[90mstdout[2m | src/components/Editor3/components/AudioAnswerMedia.stories.tsx[2m > [22m[2mBy Question
[22m[39m[UnitContext] useEffect triggered {
  "authLoading": false,
  "hasUser": true,
  "id": "mock-unit-id",
  "userSub": "mock-user-sub",
}
[90mstdout[2m | src/components/Editor3/components/AudioAnswerMedia.stories.tsx[2m > [22m[2mBy Question
[22m[39m[UnitContext] Fetching unit data for id: mock-unit-id
[90mstdout[2m | src/components/Editor3/components/AudioAnswerMedia.stories.tsx[2m > [22m[2mBy Question
[22m[39m[FilesContext] Initializing vector store from IndexedDB
[90mstdout[2m | src/components/Editor3/components/AudioAnswerMedia.stories.tsx[2m > [22m[2mBy Question
[22m[39m[FilesContext] fetchFiles called
[90mstdout[2m | src/components/Editor3/components/AudioAnswerMedia.stories.tsx[2m > [22m[2mBy Question
[22m[39m[FilesContext] User authenticated: mock-user-sub
[90mstdout[2m | src/components/Editor3/components/AudioAnswerMedia.stories.tsx[2m > [22m[2mBy Question
[22m[39m[FilesContext] Identity ID: us-east-1:mock-identity-123
[90mstdout[2m | src/components/Editor3/components/AudioAnswerMedia.stories.tsx[2m > [22m[2mBy Question
[22m[39m[FilesContext] About to set up File observeQuery
[90mstdout[2m | src/components/Editor3/components/AudioAnswerMedia.stories.tsx[2m > [22m[2mBy Question
[22m[39m[ChatContext] Setting up AssistantChat observeQuery
[90mstdout[2m | src/components/Editor3/components/AudioAnswerMedia.stories.tsx[2m > [22m[2mBy Question
[22m[39m[ChatContext] Waiting for subscription to initialize
[90mstdout[2m | src/components/Editor3/components/AudioAnswerMedia.stories.tsx[2m > [22m[2mBy Question
[22m[39m[SettingsContext] Setting up Settings subscription for user: mock-user-sub
[90mstdout[2m | src/components/Editor3/components/AudioAnswerMedia.stories.tsx[2m > [22m[2mBy Question
[22m[39mMock getUrl called with: /story-mocks/cinematic-designed-sci-fi-whoosh-transition-nexawave-228295.mp3
[90mstdout[2m | src/components/Editor3/components/AudioAnswerMedia.stories.tsx[2m > [22m[2mBy Question
[22m[39m[Mock Data] Settings created: mock-settings-1790416277883 - notified 0 subscribers
[90mstdout[2m | src/components/Editor3/components/AudioAnswerMedia.stories.tsx[2m > [22m[2mBy Question
[22m[39mMock Cache.setItem called with: getCachedUrl_/story-mocks/cinematic-designed-sci-fi-whoosh-transition-nexawave-228295.mp3 /story-mocks/cinematic-designed-sci-fi-whoosh-transition-nexawave-228295.mp3
[90mstdout[2m | src/components/Editor3/components/AudioAnswerMedia.stories.tsx[2m > [22m[2mBy Question
[22m[39m[Mock Data] Unit.onUpdate() subscription added. Total: 1
[90mstdout[2m | src/components/Editor3/components/AudioAnswerMedia.stories.tsx[2m > [22m[2mBy Question
[22m[39m[SectionContext] Section observeQuery update: 0
[90mstdout[2m | src/components/Editor3/components/AudioAnswerMedia.stories.tsx[2m > [22m[2mBy Question
[22m[39m[FilesContext] File observeQuery update: 6 files
[90mstdout[2m | src/components/Editor3/components/AudioAnswerMedia.stories.tsx[2m > [22m[2mBy Question
[22m[39m[ChatContext] AssistantChat initialized with 1 chats
[90mstdout[2m | src/components/Editor3/components/AudioAnswerMedia.stories.tsx[2m > [22m[2mBy Question
[22m[39m[ChatContext] Setting initial chat: mock-assistant-chat-1
[90mstdout[2m | src/components/Editor3/components/AudioAnswerMedia.stories.tsx[2m > [22m[2mBy Question
[22m[39m[MOCK CourseVectorStore] Initialized with mock data
[90mstdout[2m | src/components/Editor3/components/AudioAnswerMedia.stories.tsx[2m > [22m[2mBy Question
[22m[39m[FilesContext] Vector store population triggered {
  "currentVectorStoreSize": 3,
  "documentsCount": 0,
  "filesCount": 6,
  "isInitialLoad": true,
}
[90mstdout[2m | src/components/Editor3/components/AudioAnswerMedia.stories.tsx[2m > [22m[2mBy Question
[22m[39m[FilesContext] Vector store population complete - 3 total embeddings
[90mstdout[2m | src/components/Editor3/components/AudioAnswerMedia.stories.tsx[2m > [22m[2mBy Question
[22m[39m[ChatContext] Chat exists and not archived, skipping creation
[90mstdout[2m | src/components/Editor3/components/AudioAnswerMedia.stories.tsx[2m > [22m[2mBy Question
[22m[39m[Mock Storage] downloadData called with: undefined
[90mstdout[2m | src/components/Editor3/components/AudioAnswerMedia.stories.tsx[2m > [22m[2mBy Answer Graded
[22m[39m[ChatContext] Cleaning up subscriptions
[90mstdout[2m | src/components/Editor3/components/AudioAnswerMedia.stories.tsx[2m > [22m[2mBy Answer Graded
[22m[39m[Mock Data] Unit.onUpdate() subscription removed. Remaining: 0
[90mstdout[2m | src/components/Editor3/components/AudioAnswerMedia.stories.tsx[2m > [22m[2mBy Answer Graded
[22m[39m[MOCK CourseVectorStore] Initialized with mock data
[90mstdout[2m | src/components/Editor3/components/AudioAnswerMedia.stories.tsx[2m > [22m[2mBy Answer Graded
[22m[39mMock Cache.getItem called with: getCachedUrl_/story-mocks/cinematic-designed-sci-fi-whoosh-transition-nexawave-228295.mp3
[90mstdout[2m | src/components/Editor3/components/AudioAnswerMedia.stories.tsx[2m > [22m[2mBy Answer Graded
[22m[39m[TranslationModeController] Setting mode to: off
[90mstdout[2m | src/components/Editor3/components/AudioAnswerMedia.stories.tsx[2m > [22m[2mBy Answer Graded
[22m[39m[UnitContext] useEffect triggered {
  "authLoading": false,
  "hasUser": true,
  "id": "mock-unit-id",
  "userSub": "mock-user-sub",
}
[90mstdout[2m | src/components/Editor3/components/AudioAnswerMedia.stories.tsx[2m > [22m[2mBy Answer Graded
[22m[39m[UnitContext] Fetching unit data for id: mock-unit-id
[90mstdout[2m | src/components/Editor3/components/AudioAnswerMedia.stories.tsx[2m > [22m[2mBy Answer Graded
[22m[39m[FilesContext] Initializing vector store from IndexedDB
[90mstdout[2m | src/components/Editor3/components/AudioAnswerMedia.stories.tsx[2m > [22m[2mBy Answer Graded
[22m[39m[FilesContext] fetchFiles called
[90mstdout[2m | src/components/Editor3/components/AudioAnswerMedia.stories.tsx[2m > [22m[2mBy Answer Graded
[22m[39m[FilesContext] User authenticated: mock-user-sub
[90mstdout[2m | src/components/Editor3/components/AudioAnswerMedia.stories.tsx[2m > [22m[2mBy Answer Graded
[22m[39m[FilesContext] Identity ID: us-east-1:mock-identity-123
[90mstdout[2m | src/components/Editor3/components/AudioAnswerMedia.stories.tsx[2m > [22m[2mBy Answer Graded
[22m[39m[FilesContext] About to set up File observeQuery
[90mstdout[2m | src/components/Editor3/components/AudioAnswerMedia.stories.tsx[2m > [22m[2mBy Answer Graded
[22m[39m[ChatContext] Setting up AssistantChat observeQuery
[90mstdout[2m | src/components/Editor3/components/AudioAnswerMedia.stories.tsx[2m > [22m[2mBy Answer Graded
[22m[39m[ChatContext] Waiting for subscription to initialize
[90mstdout[2m | src/components/Editor3/components/AudioAnswerMedia.stories.tsx[2m > [22m[2mBy Answer Graded
[22m[39m[SettingsContext] Setting up Settings subscription for user: mock-user-sub
[90mstdout[2m | src/components/Editor3/components/AudioAnswerMedia.stories.tsx[2m > [22m[2mBy Answer Graded
[22m[39mMock getUrl called with: /story-mocks/cinematic-designed-sci-fi-whoosh-transition-nexawave-228295.mp3
[90mstdout[2m | src/components/Editor3/components/AudioAnswerMedia.stories.tsx[2m > [22m[2mBy Answer Graded
[22m[39m[Mock Data] Settings created: mock-settings-1790416278326 - notified 0 subscribers
[90mstdout[2m | src/components/Editor3/components/AudioAnswerMedia.stories.tsx[2m > [22m[2mBy Answer Graded
[22m[39mMock Cache.setItem called with: getCachedUrl_/story-mocks/cinematic-designed-sci-fi-whoosh-transition-nexawave-228295.mp3 /story-mocks/cinematic-designed-sci-fi-whoosh-transition-nexawave-228295.mp3
[90mstdout[2m | src/components/Editor3/components/AudioAnswerMedia.stories.tsx[2m > [22m[2mBy Answer Graded
[22m[39m[Mock Data] Unit.onUpdate() subscription added. Total: 1
[90mstdout[2m | src/components/Editor3/components/AudioAnswerMedia.stories.tsx[2m > [22m[2mBy Answer Graded
[22m[39m[SectionContext] Section observeQuery update: 0
[90mstdout[2m | src/components/Editor3/components/AudioAnswerMedia.stories.tsx[2m > [22m[2mBy Answer Graded
[22m[39m[FilesContext] File observeQuery update: 6 files
[90mstdout[2m | src/components/Editor3/components/AudioAnswerMedia.stories.tsx[2m > [22m[2mBy Answer Graded
[22m[39m[ChatContext] AssistantChat initialized with 1 chats
[90mstdout[2m | src/components/Editor3/components/AudioAnswerMedia.stories.tsx[2m > [22m[2mBy Answer Graded
[22m[39m[ChatContext] Setting initial chat: mock-assistant-chat-1
[90mstdout[2m | src/components/Editor3/components/AudioAnswerMedia.stories.tsx[2m > [22m[2mBy Answer Graded
[22m[39m[MOCK CourseVectorStore] Initialized with mock data
[90mstdout[2m | src/components/Editor3/components/AudioAnswerMedia.stories.tsx[2m > [22m[2mBy Answer Graded
[22m[39m[FilesContext] Vector store population triggered {
  "currentVectorStoreSize": 3,
  "documentsCount": 0,
  "filesCount": 6,
  "isInitialLoad": true,
}
[90mstdout[2m | src/components/Editor3/components/AudioAnswerMedia.stories.tsx[2m > [22m[2mBy Answer Graded
[22m[39m[FilesContext] Vector store population complete - 3 total embeddings
[90mstdout[2m | src/components/Editor3/components/AudioAnswerMedia.stories.tsx[2m > [22m[2mBy Answer Graded
[22m[39m[ChatContext] Chat exists and not archived, skipping creation
[90mstdout[2m | src/components/Editor3/components/AudioAnswerMedia.stories.tsx[2m > [22m[2mBy Answer Graded
[22m[39m[Mock Storage] downloadData called with: undefined
[90mstdout[2m | src/components/Editor3/components/AudioAnswerMedia.stories.tsx[2m > [22m[2mImage Output Audio
[22m[39m[ChatContext] Cleaning up subscriptions
[90mstdout[2m | src/components/Editor3/components/AudioAnswerMedia.stories.tsx[2m > [22m[2mImage Output Audio
[22m[39m[Mock Data] Unit.onUpdate() subscription removed. Remaining: 0
[90mstdout[2m | src/components/Editor3/components/AudioAnswerMedia.stories.tsx[2m > [22m[2mImage Output Audio
[22m[39m[MOCK CourseVectorStore] Initialized with mock data
[90mstdout[2m | src/components/Editor3/components/AudioAnswerMedia.stories.tsx[2m > [22m[2mImage Output Audio
[22m[39mMock Cache.getItem called with: getCachedUrl_/story-mocks/animals-10008941_1280.jpg
[90mstdout[2m | src/components/Editor3/components/AudioAnswerMedia.stories.tsx[2m > [22m[2mImage Output Audio
[22m[39m[TranslationModeController] Setting mode to: off
[90mstdout[2m | src/components/Editor3/components/AudioAnswerMedia.stories.tsx[2m > [22m[2mImage Output Audio
[22m[39m[UnitContext] useEffect triggered {
  "authLoading": false,
  "hasUser": true,
  "id": "mock-unit-id",
  "userSub": "mock-user-sub",
}
[90mstdout[2m | src/components/Editor3/components/AudioAnswerMedia.stories.tsx[2m > [22m[2mImage Output Audio
[22m[39m[UnitContext] Fetching unit data for id: mock-unit-id
[90mstdout[2m | src/components/Editor3/components/AudioAnswerMedia.stories.tsx[2m > [22m[2mImage Output Audio
[22m[39m[FilesContext] Initializing vector store from IndexedDB
[90mstdout[2m | src/components/Editor3/components/AudioAnswerMedia.stories.tsx[2m > [22m[2mImage Output Audio
[22m[39m[FilesContext] fetchFiles called
[90mstdout[2m | src/components/Editor3/components/AudioAnswerMedia.stories.tsx[2m > [22m[2mImage Output Audio
[22m[39m[FilesContext] User authenticated: mock-user-sub
[90mstdout[2m | src/components/Editor3/components/AudioAnswerMedia.stories.tsx[2m > [22m[2mImage Output Audio
[22m[39m[FilesContext] Identity ID: us-east-1:mock-identity-123
[90mstdout[2m | src/components/Editor3/components/AudioAnswerMedia.stories.tsx[2m > [22m[2mImage Output Audio
[22m[39m[FilesContext] About to set up File observeQuery
[90mstdout[2m | src/components/Editor3/components/AudioAnswerMedia.stories.tsx[2m > [22m[2mImage Output Audio
[22m[39m[ChatContext] Setting up AssistantChat observeQuery
[90mstdout[2m | src/components/Editor3/components/AudioAnswerMedia.stories.tsx[2m > [22m[2mImage Output Audio
[22m[39m[ChatContext] Waiting for subscription to initialize
[90mstdout[2m | src/components/Editor3/components/AudioAnswerMedia.stories.tsx[2m > [22m[2mImage Output Audio
[22m[39m[SettingsContext] Setting up Settings subscription for user: mock-user-sub
[90mstdout[2m | src/components/Editor3/components/AudioAnswerMedia.stories.tsx[2m > [22m[2mImage Output Audio
[22m[39mMock getUrl called with: /story-mocks/animals-10008941_1280.jpg
[90mstdout[2m | src/components/Editor3/components/AudioAnswerMedia.stories.tsx[2m > [22m[2mImage Output Audio
[22m[39m[Mock Data] Settings created: mock-settings-1790416278759 - notified 0 subscribers
[90mstdout[2m | src/components/Editor3/components/AudioAnswerMedia.stories.tsx[2m > [22m[2mImage Output Audio
[22m[39mMock Cache.setItem called with: getCachedUrl_/story-mocks/animals-10008941_1280.jpg /story-mocks/animals-10008941_1280.jpg
[90mstdout[2m | src/components/Editor3/components/AudioAnswerMedia.stories.tsx[2m > [22m[2mImage Output Audio
[22m[39m[Mock Data] Unit.onUpdate() subscription added. Total: 1
[90mstdout[2m | src/components/Editor3/components/AudioAnswerMedia.stories.tsx[2m > [22m[2mImage Output Audio
[22m[39m[SectionContext] Section observeQuery update: 0
[90mstdout[2m | src/components/Editor3/components/AudioAnswerMedia.stories.tsx[2m > [22m[2mImage Output Audio
[22m[39m[FilesContext] File observeQuery update: 6 files
[90mstdout[2m | src/components/Editor3/components/AudioAnswerMedia.stories.tsx[2m > [22m[2mImage Output Audio
[22m[39m[ChatContext] AssistantChat initialized with 1 chats
[90mstdout[2m | src/components/Editor3/components/AudioAnswerMedia.stories.tsx[2m > [22m[2mImage Output Audio
[22m[39m[ChatContext] Setting initial chat: mock-assistant-chat-1
[90mstdout[2m | src/components/Editor3/components/AudioAnswerMedia.stories.tsx[2m > [22m[2mImage Output Audio
[22m[39m[MOCK CourseVectorStore] Initialized with mock data
[90mstdout[2m | src/components/Editor3/components/AudioAnswerMedia.stories.tsx[2m > [22m[2mImage Output Audio
[22m[39m[FilesContext] Vector store population triggered {
  "currentVectorStoreSize": 3,
  "documentsCount": 0,
  "filesCount": 6,
  "isInitialLoad": true,
}
[90mstdout[2m | src/components/Editor3/components/AudioAnswerMedia.stories.tsx[2m > [22m[2mImage Output Audio
[22m[39m[FilesContext] Vector store population complete - 3 total embeddings
[90mstdout[2m | src/components/Editor3/components/AudioAnswerMedia.stories.tsx[2m > [22m[2mImage Output Audio
[22m[39m[ChatContext] Chat exists and not archived, skipping creation
[90mstdout[2m | src/components/Editor3/components/AudioAnswerMedia.stories.tsx[2m > [22m[2mImage Output Audio
[22m[39m[Mock Storage] downloadData called with: undefined
[90mstdout[2m | src/components/Editor3/components/AudioAnswerMedia.stories.tsx[2m > [22m[2mImage Input Drawing
[22m[39m[ChatContext] Cleaning up subscriptions
[90mstdout[2m | src/components/Editor3/components/AudioAnswerMedia.stories.tsx[2m > [22m[2mImage Input Drawing
[22m[39m[Mock Data] Unit.onUpdate() subscription removed. Remaining: 0
[90mstdout[2m | src/components/Editor3/components/AudioAnswerMedia.stories.tsx[2m > [22m[2mImage Input Drawing
[22m[39m[MOCK CourseVectorStore] Initialized with mock data
[90mstdout[2m | src/components/Editor3/components/AudioAnswerMedia.stories.tsx[2m > [22m[2mImage Input Drawing
[22m[39mMock Cache.getItem called with: getCachedUrl_/story-mocks/animals-10008941_1280.jpg
[90mstdout[2m | src/components/Editor3/components/AudioAnswerMedia.stories.tsx[2m > [22m[2mImage Input Drawing
[22m[39m[TranslationModeController] Setting mode to: off
[90mstdout[2m | src/components/Editor3/components/AudioAnswerMedia.stories.tsx[2m > [22m[2mImage Input Drawing
[22m[39m[UnitContext] useEffect triggered {
  "authLoading": false,
  "hasUser": true,
  "id": "mock-unit-id",
  "userSub": "mock-user-sub",
}
[90mstdout[2m | src/components/Editor3/components/AudioAnswerMedia.stories.tsx[2m > [22m[2mImage Input Drawing
[22m[39m[UnitContext] Fetching unit data for id: mock-unit-id
[90mstdout[2m | src/components/Editor3/components/AudioAnswerMedia.stories.tsx[2m > [22m[2mImage Input Drawing
[22m[39m[FilesContext] Initializing vector store from IndexedDB
[90mstdout[2m | src/components/Editor3/components/AudioAnswerMedia.stories.tsx[2m > [22m[2mImage Input Drawing
[22m[39m[FilesContext] fetchFiles called
[90mstdout[2m | src/components/Editor3/components/AudioAnswerMedia.stories.tsx[2m > [22m[2mImage Input Drawing
[22m[39m[FilesContext] User authenticated: mock-user-sub
[90mstdout[2m | src/components/Editor3/components/AudioAnswerMedia.stories.tsx[2m > [22m[2mImage Input Drawing
[22m[39m[FilesContext] Identity ID: us-east-1:mock-identity-123
[90mstdout[2m | src/components/Editor3/components/AudioAnswerMedia.stories.tsx[2m > [22m[2mImage Input Drawing
[22m[39m[FilesContext] About to set up File observeQuery
[90mstdout[2m | src/components/Editor3/components/AudioAnswerMedia.stories.tsx[2m > [22m[2mImage Input Drawing
[22m[39m[ChatContext] Setting up AssistantChat observeQuery
[90mstdout[2m | src/components/Editor3/components/AudioAnswerMedia.stories.tsx[2m > [22m[2mImage Input Drawing
[22m[39m[ChatContext] Waiting for subscription to initialize
[90mstdout[2m | src/components/Editor3/components/AudioAnswerMedia.stories.tsx[2m > [22m[2mImage Input Drawing
[22m[39m[SettingsContext] Setting up Settings subscription for user: mock-user-sub
[90mstdout[2m | src/components/Editor3/components/AudioAnswerMedia.stories.tsx[2m > [22m[2mImage Input Drawing
[22m[39mMock getUrl called with: /story-mocks/animals-10008941_1280.jpg
[90mstdout[2m | src/components/Editor3/components/AudioAnswerMedia.stories.tsx[2m > [22m[2mImage Input Drawing
[22m[39m[Mock Data] Settings created: mock-settings-1790416278952 - notified 0 subscribers
[90mstdout[2m | src/components/Editor3/components/AudioAnswerMedia.stories.tsx[2m > [22m[2mImage Input Drawing
[22m[39mMock Cache.setItem called with: getCachedUrl_/story-mocks/animals-10008941_1280.jpg /story-mocks/animals-10008941_1280.jpg
[90mstdout[2m | src/components/Editor3/components/AudioAnswerMedia.stories.tsx[2m > [22m[2mImage Input Drawing
[22m[39m[Mock Data] Unit.onUpdate() subscription added. Total: 1
[90mstdout[2m | src/components/Editor3/components/AudioAnswerMedia.stories.tsx[2m > [22m[2mImage Input Drawing
[22m[39m[SectionContext] Section observeQuery update: 0
[90mstdout[2m | src/components/Editor3/components/AudioAnswerMedia.stories.tsx[2m > [22m[2mImage Input Drawing
[22m[39m[FilesContext] File observeQuery update: 6 files
[90mstdout[2m | src/components/Editor3/components/AudioAnswerMedia.stories.tsx[2m > [22m[2mImage Input Drawing
[22m[39m[ChatContext] AssistantChat initialized with 1 chats
[90mstdout[2m | src/components/Editor3/components/AudioAnswerMedia.stories.tsx[2m > [22m[2mImage Input Drawing
[22m[39m[ChatContext] Setting initial chat: mock-assistant-chat-1
[90mstdout[2m | src/components/Editor3/components/AudioAnswerMedia.stories.tsx[2m > [22m[2mImage Input Drawing
[22m[39m[MOCK CourseVectorStore] Initialized with mock data
[90mstdout[2m | src/components/Editor3/components/AudioAnswerMedia.stories.tsx[2m > [22m[2mImage Input Drawing
[22m[39m[FilesContext] Vector store population triggered {
  "currentVectorStoreSize": 3,
  "documentsCount": 0,
  "filesCount": 6,
  "isInitialLoad": true,
}
[90mstdout[2m | src/components/Editor3/components/AudioAnswerMedia.stories.tsx[2m > [22m[2mImage Input Drawing
[22m[39m[FilesContext] Vector store population complete - 3 total embeddings
[90mstdout[2m | src/components/Editor3/components/AudioAnswerMedia.stories.tsx[2m > [22m[2mImage Input Drawing
[22m[39m[ChatContext] Chat exists and not archived, skipping creation
[90mstdout[2m | src/components/Editor3/components/AudioAnswerMedia.stories.tsx[2m > [22m[2mImage Input Drawing
[22m[39m[Mock Storage] downloadData called with: undefined
[90mstdout[2m | src/components/Editor3/components/AudioAnswerMedia.stories.tsx[2m > [22m[2mImage Input Text
[22m[39m[ChatContext] Cleaning up subscriptions
[90mstdout[2m | src/components/Editor3/components/AudioAnswerMedia.stories.tsx[2m > [22m[2mImage Input Text
[22m[39m[Mock Data] Unit.onUpdate() subscription removed. Remaining: 0
[90mstdout[2m | src/components/Editor3/components/AudioAnswerMedia.stories.tsx[2m > [22m[2mImage Input Text
[22m[39m[MOCK CourseVectorStore] Initialized with mock data
[90mstdout[2m | src/components/Editor3/components/AudioAnswerMedia.stories.tsx[2m > [22m[2mImage Input Text
[22m[39mMock Cache.getItem called with: getCachedUrl_/story-mocks/animals-10008941_1280.jpg
[90mstdout[2m | src/components/Editor3/components/AudioAnswerMedia.stories.tsx[2m > [22m[2mImage Input Text
[22m[39m[TranslationModeController] Setting mode to: off
[90mstdout[2m | src/components/Editor3/components/AudioAnswerMedia.stories.tsx[2m > [22m[2mImage Input Text
[22m[39m[UnitContext] useEffect triggered {
  "authLoading": false,
  "hasUser": true,
  "id": "mock-unit-id",
  "userSub": "mock-user-sub",
}
[90mstdout[2m | src/components/Editor3/components/AudioAnswerMedia.stories.tsx[2m > [22m[2mImage Input Text
[22m[39m[UnitContext] Fetching unit data for id: mock-unit-id
[90mstdout[2m | src/components/Editor3/components/AudioAnswerMedia.stories.tsx[2m > [22m[2mImage Input Text
[22m[39m[FilesContext] Initializing vector store from IndexedDB
[90mstdout[2m | src/components/Editor3/components/AudioAnswerMedia.stories.tsx[2m > [22m[2mImage Input Text
[22m[39m[FilesContext] fetchFiles called
[90mstdout[2m | src/components/Editor3/components/AudioAnswerMedia.stories.tsx[2m > [22m[2mImage Input Text
[22m[39m[FilesContext] User authenticated: mock-user-sub
[90mstdout[2m | src/components/Editor3/components/AudioAnswerMedia.stories.tsx[2m > [22m[2mImage Input Text
[22m[39m[FilesContext] Identity ID: us-east-1:mock-identity-123
[90mstdout[2m | src/components/Editor3/components/AudioAnswerMedia.stories.tsx[2m > [22m[2mImage Input Text
[22m[39m[FilesContext] About to set up File observeQuery
[90mstdout[2m | src/components/Editor3/components/AudioAnswerMedia.stories.tsx[2m > [22m[2mImage Input Text
[22m[39m[ChatContext] Setting up AssistantChat observeQuery
[90mstdout[2m | src/components/Editor3/components/AudioAnswerMedia.stories.tsx[2m > [22m[2mImage Input Text
[22m[39m[ChatContext] Waiting for subscription to initialize
[90mstdout[2m | src/components/Editor3/components/AudioAnswerMedia.stories.tsx[2m > [22m[2mImage Input Text
[22m[39m[SettingsContext] Setting up Settings subscription for user: mock-user-sub
[90mstdout[2m | src/components/Editor3/components/AudioAnswerMedia.stories.tsx[2m > [22m[2mImage Input Text
[22m[39mMock getUrl called with: /story-mocks/animals-10008941_1280.jpg
[90mstdout[2m | src/components/Editor3/components/AudioAnswerMedia.stories.tsx[2m > [22m[2mImage Input Text
[22m[39m[Mock Data] Settings created: mock-settings-1790416279078 - notified 0 subscribers
[90mstdout[2m | src/components/Editor3/components/AudioAnswerMedia.stories.tsx[2m > [22m[2mImage Input Text
[22m[39mMock Cache.setItem called with: getCachedUrl_/story-mocks/animals-10008941_1280.jpg /story-mocks/animals-10008941_1280.jpg
[90mstdout[2m | src/components/Editor3/components/AudioAnswerMedia.stories.tsx[2m > [22m[2mImage Input Text
[22m[39m[Mock Data] Unit.onUpdate() subscription added. Total: 1
[90mstdout[2m | src/components/Editor3/components/AudioAnswerMedia.stories.tsx[2m > [22m[2mImage Input Text
[22m[39m[SectionContext] Section observeQuery update: 0
[90mstdout[2m | src/components/Editor3/components/AudioAnswerMedia.stories.tsx[2m > [22m[2mImage Input Text
[22m[39m[FilesContext] File observeQuery update: 6 files
[90mstdout[2m | src/components/Editor3/components/AudioAnswerMedia.stories.tsx[2m > [22m[2mImage Input Text
[22m[39m[ChatContext] AssistantChat initialized with 1 chats
[90mstdout[2m | src/components/Editor3/components/AudioAnswerMedia.stories.tsx[2m > [22m[2mImage Input Text
[22m[39m[ChatContext] Setting initial chat: mock-assistant-chat-1
[90mstdout[2m | src/components/Editor3/components/AudioAnswerMedia.stories.tsx[2m > [22m[2mImage Input Text
[22m[39m[MOCK CourseVectorStore] Initialized with mock data
[90mstdout[2m | src/components/Editor3/components/AudioAnswerMedia.stories.tsx[2m > [22m[2mImage Input Text
[22m[39m[FilesContext] Vector store population triggered {
  "currentVectorStoreSize": 3,
  "documentsCount": 0,
  "filesCount": 6,
  "isInitialLoad": true,
}
[90mstdout[2m | src/components/Editor3/components/AudioAnswerMedia.stories.tsx[2m > [22m[2mImage Input Text
[22m[39m[FilesContext] Vector store population complete - 3 total embeddings
[90mstdout[2m | src/components/Editor3/components/AudioAnswerMedia.stories.tsx[2m > [22m[2mImage Input Text
[22m[39m[ChatContext] Chat exists and not archived, skipping creation
[90mstdout[2m | src/components/Editor3/components/AudioAnswerMedia.stories.tsx[2m > [22m[2mImage Input Text
[22m[39m[Mock Storage] downloadData called with: undefined
 [32m✓[39m [30m[45m storybook (chromium) [49m[39m src/components/Editor3/components/AudioAnswerMedia.stories.tsx [2m([22m[2m7 tests[22m[2m)[22m[33m 2589[2mms[22m[39m
   [33m[2m✓[22m[39m By Word [33m 659[2mms[22m[39m
   [33m[2m✓[22m[39m By Definition [33m 505[2mms[22m[39m
   [33m[2m✓[22m[39m By Question [33m 466[2mms[22m[39m
   [33m[2m✓[22m[39m By Answer Graded [33m 435[2mms[22m[39m
[90mstdout[2m | unknown test
[22m[39m[MOCK vectorStoreDB.js] Module loaded - mock IndexedDB operations
[90mstdout[2m | unknown test
[22m[39m[Task Completion] DOM action listeners initialized
[90mstdout[2m | unknown test
[22m[39m[Task Completion] Auto-completion detector initialized
[90mstdout[2m | unknown test
[22m[39m[Preview] Task completion detector initialized
[90mstdout[2m | src/components/Gamification/AvatarCustomizer.stories.tsx[2m > [22m[2mLevel 2 Colors
[22m[39m[TranslationModeController] Setting mode to: off
[90mstdout[2m | src/components/Gamification/AvatarCustomizer.stories.tsx[2m > [22m[2mLevel 4 Accessories
[22m[39m[TranslationModeController] Setting mode to: off
[90mstdout[2m | src/components/Gamification/AvatarCustomizer.stories.tsx[2m > [22m[2mLevel 5 Full
[22m[39m[TranslationModeController] Setting mode to: off
[90mstdout[2m | src/components/Gamification/AvatarCustomizer.stories.tsx[2m > [22m[2mLevel 1 All Locked
[22m[39m[TranslationModeController] Setting mode to: off
[90mstdout[2m | src/components/Gamification/AvatarCustomizer.stories.tsx[2m > [22m[2mWith Existing Overrides
[22m[39m[TranslationModeController] Setting mode to: off
 [32m✓[39m [30m[45m storybook (chromium) [49m[39m src/components/Gamification/AvatarCustomizer.stories.tsx [2m([22m[2m5 tests[22m[2m)[22m[33m 1302[2mms[22m[39m
   [33m[2m✓[22m[39m Level 2 Colors [33m 324[2mms[22m[39m
[90mstdout[2m | unknown test
[22m[39m[MOCK vectorStoreDB.js] Module loaded - mock IndexedDB operations
[90mstdout[2m | unknown test
[22m[39m[Task Completion] DOM action listeners initialized
[90mstdout[2m | unknown test
[22m[39m[Task Completion] Auto-completion detector initialized
[90mstdout[2m | unknown test
[22m[39m[Preview] Task completion detector initialized
[90mstdout[2m | src/components/NotificationInvitations.stories.tsx[2m > [22m[2mPeer Review Invitations
[22m[39m[MOCK CourseVectorStore] Initialized with mock data
[90mstdout[2m | src/components/NotificationInvitations.stories.tsx[2m > [22m[2mPeer Review Invitations
[22m[39m[TranslationModeController] Setting mode to: off
[90mstdout[2m | src/components/NotificationInvitations.stories.tsx[2m > [22m[2mPeer Review Invitations
[22m[39m[UnitContext] useEffect triggered {
  "authLoading": false,
  "hasUser": true,
  "id": "mock-unit-id",
  "userSub": "mock-user-sub",
}
[90mstdout[2m | src/components/NotificationInvitations.stories.tsx[2m > [22m[2mPeer Review Invitations
[22m[39m[UnitContext] Fetching unit data for id: mock-unit-id
[90mstdout[2m | src/components/NotificationInvitations.stories.tsx[2m > [22m[2mPeer Review Invitations
[22m[39m[FilesContext] Initializing vector store from IndexedDB
[90mstdout[2m | src/components/NotificationInvitations.stories.tsx[2m > [22m[2mPeer Review Invitations
[22m[39m[FilesContext] fetchFiles called
[90mstdout[2m | src/components/NotificationInvitations.stories.tsx[2m > [22m[2mPeer Review Invitations
[22m[39m[FilesContext] User authenticated: mock-user-sub
[90mstdout[2m | src/components/NotificationInvitations.stories.tsx[2m > [22m[2mPeer Review Invitations
[22m[39m[FilesContext] Identity ID: us-east-1:mock-identity-123
[90mstdout[2m | src/components/NotificationInvitations.stories.tsx[2m > [22m[2mPeer Review Invitations
[22m[39m[FilesContext] About to set up File observeQuery
[90mstdout[2m | src/components/NotificationInvitations.stories.tsx[2m > [22m[2mPeer Review Invitations
[22m[39m[ChatContext] Setting up AssistantChat observeQuery
[90mstdout[2m | src/components/NotificationInvitations.stories.tsx[2m > [22m[2mPeer Review Invitations
[22m[39m[ChatContext] Waiting for subscription to initialize
[90mstdout[2m | src/components/NotificationInvitations.stories.tsx[2m > [22m[2mPeer Review Invitations
[22m[39m[SettingsContext] Setting up Settings subscription for user: mock-user-sub
[90mstdout[2m | src/components/NotificationInvitations.stories.tsx[2m > [22m[2mPeer Review Invitations
[22m[39m[Mock Data] Settings created: mock-settings-1790416281818 - notified 0 subscribers
[90mstdout[2m | src/components/NotificationInvitations.stories.tsx[2m > [22m[2mPeer Review Invitations
[22m[39m[Mock Data] Unit.onUpdate() subscription added. Total: 1
[90mstdout[2m | src/components/NotificationInvitations.stories.tsx[2m > [22m[2mPeer Review Invitations
[22m[39m[SectionContext] Section observeQuery update: 0
[90mstdout[2m | src/components/NotificationInvitations.stories.tsx[2m > [22m[2mPeer Review Invitations
[22m[39m[FilesContext] File observeQuery update: 6 files
[90mstdout[2m | src/components/NotificationInvitations.stories.tsx[2m > [22m[2mPeer Review Invitations
[22m[39m[ChatContext] AssistantChat initialized with 1 chats
[90mstdout[2m | src/components/NotificationInvitations.stories.tsx[2m > [22m[2mPeer Review Invitations
[22m[39m[ChatContext] Setting initial chat: mock-assistant-chat-1
[90mstdout[2m | src/components/NotificationInvitations.stories.tsx[2m > [22m[2mPeer Review Invitations
[22m[39m[MOCK CourseVectorStore] Initialized with mock data
[90mstdout[2m | src/components/NotificationInvitations.stories.tsx[2m > [22m[2mPeer Review Invitations
[22m[39m[FilesContext] Vector store population triggered {
  "currentVectorStoreSize": 3,
  "documentsCount": 0,
  "filesCount": 6,
  "isInitialLoad": true,
}
[90mstdout[2m | src/components/NotificationInvitations.stories.tsx[2m > [22m[2mPeer Review Invitations
[22m[39m[FilesContext] Vector store population complete - 3 total embeddings
[90mstdout[2m | src/components/NotificationInvitations.stories.tsx[2m > [22m[2mPeer Review Invitations
[22m[39m[ChatContext] Chat exists and not archived, skipping creation
[90mstdout[2m | src/components/NotificationInvitations.stories.tsx[2m > [22m[2mPeer Review Invitations
[22m[39m[Mock Storage] downloadData called with: undefined
[90mstdout[2m | src/components/NotificationInvitations.stories.tsx[2m > [22m[2mPractice Session Invitations
[22m[39m[ChatContext] Cleaning up subscriptions
[90mstdout[2m | src/components/NotificationInvitations.stories.tsx[2m > [22m[2mPractice Session Invitations
[22m[39m[Mock Data] Unit.onUpdate() subscription removed. Remaining: 0
[90mstdout[2m | src/components/NotificationInvitations.stories.tsx[2m > [22m[2mPractice Session Invitations
[22m[39m[MOCK CourseVectorStore] Initialized with mock data
[90mstdout[2m | src/components/NotificationInvitations.stories.tsx[2m > [22m[2mPractice Session Invitations
[22m[39m[TranslationModeController] Setting mode to: off
[90mstdout[2m | src/components/NotificationInvitations.stories.tsx[2m > [22m[2mPractice Session Invitations
[22m[39m[UnitContext] useEffect triggered {
  "authLoading": false,
  "hasUser": true,
  "id": "mock-unit-id",
  "userSub": "mock-user-sub",
}
[90mstdout[2m | src/components/NotificationInvitations.stories.tsx[2m > [22m[2mPractice Session Invitations
[22m[39m[UnitContext] Fetching unit data for id: mock-unit-id
[90mstdout[2m | src/components/NotificationInvitations.stories.tsx[2m > [22m[2mPractice Session Invitations
[22m[39m[FilesContext] Initializing vector store from IndexedDB
[90mstdout[2m | src/components/NotificationInvitations.stories.tsx[2m > [22m[2mPractice Session Invitations
[22m[39m[FilesContext] fetchFiles called
[90mstdout[2m | src/components/NotificationInvitations.stories.tsx[2m > [22m[2mPractice Session Invitations
[22m[39m[FilesContext] User authenticated: mock-user-sub
[90mstdout[2m | src/components/NotificationInvitations.stories.tsx[2m > [22m[2mPractice Session Invitations
[22m[39m[FilesContext] Identity ID: us-east-1:mock-identity-123
[90mstdout[2m | src/components/NotificationInvitations.stories.tsx[2m > [22m[2mPractice Session Invitations
[22m[39m[FilesContext] About to set up File observeQuery
[90mstdout[2m | src/components/NotificationInvitations.stories.tsx[2m > [22m[2mPractice Session Invitations
[22m[39m[ChatContext] Setting up AssistantChat observeQuery
[90mstdout[2m | src/components/NotificationInvitations.stories.tsx[2m > [22m[2mPractice Session Invitations
[22m[39m[ChatContext] Waiting for subscription to initialize
[90mstdout[2m | src/components/NotificationInvitations.stories.tsx[2m > [22m[2mPractice Session Invitations
[22m[39m[SettingsContext] Setting up Settings subscription for user: mock-user-sub
[90mstdout[2m | src/components/NotificationInvitations.stories.tsx[2m > [22m[2mPractice Session Invitations
[22m[39m[Mock Data] Settings created: mock-settings-1790416281979 - notified 0 subscribers
[90mstdout[2m | src/components/NotificationInvitations.stories.tsx[2m > [22m[2mPractice Session Invitations
[22m[39m[Mock Data] Unit.onUpdate() subscription added. Total: 1
[90mstdout[2m | src/components/NotificationInvitations.stories.tsx[2m > [22m[2mPractice Session Invitations
[22m[39m[SectionContext] Section observeQuery update: 0
[90mstdout[2m | src/components/NotificationInvitations.stories.tsx[2m > [22m[2mPractice Session Invitations
[22m[39m[FilesContext] File observeQuery update: 6 files
[90mstdout[2m | src/components/NotificationInvitations.stories.tsx[2m > [22m[2mPractice Session Invitations
[22m[39m[ChatContext] AssistantChat initialized with 1 chats
[90mstdout[2m | src/components/NotificationInvitations.stories.tsx[2m > [22m[2mPractice Session Invitations
[22m[39m[ChatContext] Setting initial chat: mock-assistant-chat-1
[90mstdout[2m | src/components/NotificationInvitations.stories.tsx[2m > [22m[2mPractice Session Invitations
[22m[39m[Mock Storage] downloadData called with: undefined
[90mstdout[2m | src/components/NotificationInvitations.stories.tsx[2m > [22m[2mPractice Session Invitations
[22m[39m[MOCK CourseVectorStore] Initialized with mock data
[90mstdout[2m | src/components/NotificationInvitations.stories.tsx[2m > [22m[2mPractice Session Invitations
[22m[39m[FilesContext] Vector store population triggered {
  "currentVectorStoreSize": 3,
  "documentsCount": 0,
  "filesCount": 6,
  "isInitialLoad": true,
}
[90mstdout[2m | src/components/NotificationInvitations.stories.tsx[2m > [22m[2mPractice Session Invitations
[22m[39m[FilesContext] Vector store population complete - 3 total embeddings
[90mstdout[2m | src/components/NotificationInvitations.stories.tsx[2m > [22m[2mPractice Session Invitations
[22m[39m[ChatContext] Chat exists and not archived, skipping creation
[90mstdout[2m | src/components/NotificationInvitations.stories.tsx[2m > [22m[2mWorkbook Invitations
[22m[39m[ChatContext] Cleaning up subscriptions
[90mstdout[2m | src/components/NotificationInvitations.stories.tsx[2m > [22m[2mWorkbook Invitations
[22m[39m[Mock Data] Unit.onUpdate() subscription removed. Remaining: 0
[90mstdout[2m | src/components/NotificationInvitations.stories.tsx[2m > [22m[2mWorkbook Invitations
[22m[39m[MOCK CourseVectorStore] Initialized with mock data
[90mstdout[2m | src/components/NotificationInvitations.stories.tsx[2m > [22m[2mWorkbook Invitations
[22m[39m[TranslationModeController] Setting mode to: off
[90mstdout[2m | src/components/NotificationInvitations.stories.tsx[2m > [22m[2mWorkbook Invitations
[22m[39m[UnitContext] useEffect triggered {
  "authLoading": false,
  "hasUser": true,
  "id": "mock-unit-id",
  "userSub": "mock-user-sub",
}
[90mstdout[2m | src/components/NotificationInvitations.stories.tsx[2m > [22m[2mWorkbook Invitations
[22m[39m[UnitContext] Fetching unit data for id: mock-unit-id
[90mstdout[2m | src/components/NotificationInvitations.stories.tsx[2m > [22m[2mWorkbook Invitations
[22m[39m[FilesContext] Initializing vector store from IndexedDB
[90mstdout[2m | src/components/NotificationInvitations.stories.tsx[2m > [22m[2mWorkbook Invitations
[22m[39m[FilesContext] fetchFiles called
[90mstdout[2m | src/components/NotificationInvitations.stories.tsx[2m > [22m[2mWorkbook Invitations
[22m[39m[FilesContext] User authenticated: mock-user-sub
[90mstdout[2m | src/components/NotificationInvitations.stories.tsx[2m > [22m[2mWorkbook Invitations
[22m[39m[FilesContext] Identity ID: us-east-1:mock-identity-123
[90mstdout[2m | src/components/NotificationInvitations.stories.tsx[2m > [22m[2mWorkbook Invitations
[22m[39m[FilesContext] About to set up File observeQuery
[90mstdout[2m | src/components/NotificationInvitations.stories.tsx[2m > [22m[2mWorkbook Invitations
[22m[39m[ChatContext] Setting up AssistantChat observeQuery
[90mstdout[2m | src/components/NotificationInvitations.stories.tsx[2m > [22m[2mWorkbook Invitations
[22m[39m[ChatContext] Waiting for subscription to initialize
[90mstdout[2m | src/components/NotificationInvitations.stories.tsx[2m > [22m[2mWorkbook Invitations
[22m[39m[SettingsContext] Setting up Settings subscription for user: mock-user-sub
[90mstdout[2m | src/components/NotificationInvitations.stories.tsx[2m > [22m[2mWorkbook Invitations
[22m[39m[Mock Data] Settings created: mock-settings-1790416282090 - notified 0 subscribers
[90mstdout[2m | src/components/NotificationInvitations.stories.tsx[2m > [22m[2mWorkbook Invitations
[22m[39m[Mock Data] Unit.onUpdate() subscription added. Total: 1
[90mstdout[2m | src/components/NotificationInvitations.stories.tsx[2m > [22m[2mWorkbook Invitations
[22m[39m[SectionContext] Section observeQuery update: 0
[90mstdout[2m | src/components/NotificationInvitations.stories.tsx[2m > [22m[2mWorkbook Invitations
[22m[39m[FilesContext] File observeQuery update: 6 files
[90mstdout[2m | src/components/NotificationInvitations.stories.tsx[2m > [22m[2mWorkbook Invitations
[22m[39m[ChatContext] AssistantChat initialized with 1 chats
[90mstdout[2m | src/components/NotificationInvitations.stories.tsx[2m > [22m[2mWorkbook Invitations
[22m[39m[ChatContext] Setting initial chat: mock-assistant-chat-1
[90mstdout[2m | src/components/NotificationInvitations.stories.tsx[2m > [22m[2mWorkbook Invitations
[22m[39m[MOCK CourseVectorStore] Initialized with mock data
[90mstdout[2m | src/components/NotificationInvitations.stories.tsx[2m > [22m[2mWorkbook Invitations
[22m[39m[FilesContext] Vector store population triggered {
  "currentVectorStoreSize": 3,
  "documentsCount": 0,
  "filesCount": 6,
  "isInitialLoad": true,
}
[90mstdout[2m | src/components/NotificationInvitations.stories.tsx[2m > [22m[2mWorkbook Invitations
[22m[39m[FilesContext] Vector store population complete - 3 total embeddings
[90mstdout[2m | src/components/NotificationInvitations.stories.tsx[2m > [22m[2mWorkbook Invitations
[22m[39m[ChatContext] Chat exists and not archived, skipping creation
[90mstdout[2m | src/components/NotificationInvitations.stories.tsx[2m > [22m[2mWorkbook Invitations
[22m[39m[Mock Storage] downloadData called with: undefined
[90mstdout[2m | src/components/NotificationInvitations.stories.tsx[2m > [22m[2mAll Collaboration Types
[22m[39m[ChatContext] Cleaning up subscriptions
[90mstdout[2m | src/components/NotificationInvitations.stories.tsx[2m > [22m[2mAll Collaboration Types
[22m[39m[Mock Data] Unit.onUpdate() subscription removed. Remaining: 0
[90mstdout[2m | src/components/NotificationInvitations.stories.tsx[2m > [22m[2mAll Collaboration Types
[22m[39m[MOCK CourseVectorStore] Initialized with mock data
[90mstdout[2m | src/components/NotificationInvitations.stories.tsx[2m > [22m[2mAll Collaboration Types
[22m[39m[TranslationModeController] Setting mode to: off
[90mstdout[2m | src/components/NotificationInvitations.stories.tsx[2m > [22m[2mAll Collaboration Types
[22m[39m[UnitContext] useEffect triggered {
  "authLoading": false,
  "hasUser": true,
  "id": "mock-unit-id",
  "userSub": "mock-user-sub",
}
[90mstdout[2m | src/components/NotificationInvitations.stories.tsx[2m > [22m[2mAll Collaboration Types
[22m[39m[UnitContext] Fetching unit data for id: mock-unit-id
[90mstdout[2m | src/components/NotificationInvitations.stories.tsx[2m > [22m[2mAll Collaboration Types
[22m[39m[FilesContext] Initializing vector store from IndexedDB
[90mstdout[2m | src/components/NotificationInvitations.stories.tsx[2m > [22m[2mAll Collaboration Types
[22m[39m[FilesContext] fetchFiles called
[90mstdout[2m | src/components/NotificationInvitations.stories.tsx[2m > [22m[2mAll Collaboration Types
[22m[39m[FilesContext] User authenticated: mock-user-sub
[90mstdout[2m | src/components/NotificationInvitations.stories.tsx[2m > [22m[2mAll Collaboration Types
[22m[39m[FilesContext] Identity ID: us-east-1:mock-identity-123
[90mstdout[2m | src/components/NotificationInvitations.stories.tsx[2m > [22m[2mAll Collaboration Types
[22m[39m[FilesContext] About to set up File observeQuery
[90mstdout[2m | src/components/NotificationInvitations.stories.tsx[2m > [22m[2mAll Collaboration Types
[22m[39m[ChatContext] Setting up AssistantChat observeQuery
[90mstdout[2m | src/components/NotificationInvitations.stories.tsx[2m > [22m[2mAll Collaboration Types
[22m[39m[ChatContext] Waiting for subscription to initialize
[90mstdout[2m | src/components/NotificationInvitations.stories.tsx[2m > [22m[2mAll Collaboration Types
[22m[39m[SettingsContext] Setting up Settings subscription for user: mock-user-sub
[90mstdout[2m | src/components/NotificationInvitations.stories.tsx[2m > [22m[2mAll Collaboration Types
[22m[39m[Mock Data] Settings created: mock-settings-1790416282174 - notified 0 subscribers
[90mstdout[2m | src/components/NotificationInvitations.stories.tsx[2m > [22m[2mAll Collaboration Types
[22m[39m[Mock Data] Unit.onUpdate() subscription added. Total: 1
[90mstdout[2m | src/components/NotificationInvitations.stories.tsx[2m > [22m[2mAll Collaboration Types
[22m[39m[SectionContext] Section observeQuery update: 0
[90mstdout[2m | src/components/NotificationInvitations.stories.tsx[2m > [22m[2mAll Collaboration Types
[22m[39m[FilesContext] File observeQuery update: 6 files
[90mstdout[2m | src/components/NotificationInvitations.stories.tsx[2m > [22m[2mAll Collaboration Types
[22m[39m[ChatContext] AssistantChat initialized with 1 chats
[90mstdout[2m | src/components/NotificationInvitations.stories.tsx[2m > [22m[2mAll Collaboration Types
[22m[39m[ChatContext] Setting initial chat: mock-assistant-chat-1
[90mstdout[2m | src/components/NotificationInvitations.stories.tsx[2m > [22m[2mAll Collaboration Types
[22m[39m[MOCK CourseVectorStore] Initialized with mock data
[90mstdout[2m | src/components/NotificationInvitations.stories.tsx[2m > [22m[2mAll Collaboration Types
[22m[39m[FilesContext] Vector store population triggered {
  "currentVectorStoreSize": 3,
  "documentsCount": 0,
  "filesCount": 6,
  "isInitialLoad": true,
}
[90mstdout[2m | src/components/NotificationInvitations.stories.tsx[2m > [22m[2mAll Collaboration Types
[22m[39m[FilesContext] Vector store population complete - 3 total embeddings
[90mstdout[2m | src/components/NotificationInvitations.stories.tsx[2m > [22m[2mAll Collaboration Types
[22m[39m[ChatContext] Chat exists and not archived, skipping creation
[90mstdout[2m | src/components/NotificationInvitations.stories.tsx[2m > [22m[2mAll Collaboration Types
[22m[39m[Mock Storage] downloadData called with: undefined
[90mstdout[2m | src/components/NotificationInvitations.stories.tsx[2m > [22m[2mNo Invitations
[22m[39m[ChatContext] Cleaning up subscriptions
[90mstdout[2m | src/components/NotificationInvitations.stories.tsx[2m > [22m[2mNo Invitations
[22m[39m[Mock Data] Unit.onUpdate() subscription removed. Remaining: 0
[90mstdout[2m | src/components/NotificationInvitations.stories.tsx[2m > [22m[2mNo Invitations
[22m[39m[MOCK CourseVectorStore] Initialized with mock data
[90mstdout[2m | src/components/NotificationInvitations.stories.tsx[2m > [22m[2mNo Invitations
[22m[39m[TranslationModeController] Setting mode to: off
[90mstdout[2m | src/components/NotificationInvitations.stories.tsx[2m > [22m[2mNo Invitations
[22m[39m[UnitContext] useEffect triggered {
  "authLoading": false,
  "hasUser": true,
  "id": "mock-unit-id",
  "userSub": "mock-user-sub",
}
[90mstdout[2m | src/components/NotificationInvitations.stories.tsx[2m > [22m[2mNo Invitations
[22m[39m[UnitContext] Fetching unit data for id: mock-unit-id
[90mstdout[2m | src/components/NotificationInvitations.stories.tsx[2m > [22m[2mNo Invitations
[22m[39m[FilesContext] Initializing vector store from IndexedDB
[90mstdout[2m | src/components/NotificationInvitations.stories.tsx[2m > [22m[2mNo Invitations
[22m[39m[FilesContext] fetchFiles called
[90mstdout[2m | src/components/NotificationInvitations.stories.tsx[2m > [22m[2mNo Invitations
[22m[39m[FilesContext] User authenticated: mock-user-sub
[90mstdout[2m | src/components/NotificationInvitations.stories.tsx[2m > [22m[2mNo Invitations
[22m[39m[FilesContext] Identity ID: us-east-1:mock-identity-123
[90mstdout[2m | src/components/NotificationInvitations.stories.tsx[2m > [22m[2mNo Invitations
[22m[39m[FilesContext] About to set up File observeQuery
[90mstdout[2m | src/components/NotificationInvitations.stories.tsx[2m > [22m[2mNo Invitations
[22m[39m[ChatContext] Setting up AssistantChat observeQuery
[90mstdout[2m | src/components/NotificationInvitations.stories.tsx[2m > [22m[2mNo Invitations
[22m[39m[ChatContext] Waiting for subscription to initialize
[90mstdout[2m | src/components/NotificationInvitations.stories.tsx[2m > [22m[2mNo Invitations
[22m[39m[SettingsContext] Setting up Settings subscription for user: mock-user-sub
[90mstdout[2m | src/components/NotificationInvitations.stories.tsx[2m > [22m[2mNo Invitations
[22m[39m[Mock Data] Settings created: mock-settings-1790416282325 - notified 0 subscribers
[90mstdout[2m | src/components/NotificationInvitations.stories.tsx[2m > [22m[2mNo Invitations
[22m[39m[Mock Data] Unit.onUpdate() subscription added. Total: 1
[90mstdout[2m | src/components/NotificationInvitations.stories.tsx[2m > [22m[2mNo Invitations
[22m[39m[SectionContext] Section observeQuery update: 0
[90mstdout[2m | src/components/NotificationInvitations.stories.tsx[2m > [22m[2mNo Invitations
[22m[39m[Mock Storage] downloadData called with: undefined
[90mstdout[2m | src/components/NotificationInvitations.stories.tsx[2m > [22m[2mNo Invitations
[22m[39m[FilesContext] File observeQuery update: 6 files
[90mstdout[2m | src/components/NotificationInvitations.stories.tsx[2m > [22m[2mNo Invitations
[22m[39m[ChatContext] AssistantChat initialized with 1 chats
[90mstdout[2m | src/components/NotificationInvitations.stories.tsx[2m > [22m[2mNo Invitations
[22m[39m[ChatContext] Setting initial chat: mock-assistant-chat-1
[90mstdout[2m | src/components/NotificationInvitations.stories.tsx[2m > [22m[2mNo Invitations
[22m[39m[MOCK CourseVectorStore] Initialized with mock data
[90mstdout[2m | src/components/NotificationInvitations.stories.tsx[2m > [22m[2mNo Invitations
[22m[39m[FilesContext] Vector store population triggered {
  "currentVectorStoreSize": 3,
  "documentsCount": 0,
  "filesCount": 6,
  "isInitialLoad": true,
}
[90mstdout[2m | src/components/NotificationInvitations.stories.tsx[2m > [22m[2mNo Invitations
[22m[39m[FilesContext] Vector store population complete - 3 total embeddings
[90mstdout[2m | src/components/NotificationInvitations.stories.tsx[2m > [22m[2mNo Invitations
[22m[39m[ChatContext] Chat exists and not archived, skipping creation
[90mstdout[2m | src/components/NotificationInvitations.stories.tsx[2m > [22m[2mLoading
[22m[39m[ChatContext] Cleaning up subscriptions
[90mstdout[2m | src/components/NotificationInvitations.stories.tsx[2m > [22m[2mLoading
[22m[39m[Mock Data] Unit.onUpdate() subscription removed. Remaining: 0
[90mstdout[2m | src/components/NotificationInvitations.stories.tsx[2m > [22m[2mLoading
[22m[39m[MOCK CourseVectorStore] Initialized with mock data
[90mstdout[2m | src/components/NotificationInvitations.stories.tsx[2m > [22m[2mLoading
[22m[39m[TranslationModeController] Setting mode to: off
[90mstdout[2m | src/components/NotificationInvitations.stories.tsx[2m > [22m[2mLoading
[22m[39m[UnitContext] useEffect triggered {
  "authLoading": false,
  "hasUser": true,
  "id": "mock-unit-id",
  "userSub": "mock-user-sub",
}
[90mstdout[2m | src/components/NotificationInvitations.stories.tsx[2m > [22m[2mLoading
[22m[39m[UnitContext] Fetching unit data for id: mock-unit-id
[90mstdout[2m | src/components/NotificationInvitations.stories.tsx[2m > [22m[2mLoading
[22m[39m[FilesContext] Initializing vector store from IndexedDB
[90mstdout[2m | src/components/NotificationInvitations.stories.tsx[2m > [22m[2mLoading
[22m[39m[FilesContext] fetchFiles called
[90mstdout[2m | src/components/NotificationInvitations.stories.tsx[2m > [22m[2mLoading
[22m[39m[FilesContext] User authenticated: mock-user-sub
[90mstdout[2m | src/components/NotificationInvitations.stories.tsx[2m > [22m[2mLoading
[22m[39m[FilesContext] Identity ID: us-east-1:mock-identity-123
[90mstdout[2m | src/components/NotificationInvitations.stories.tsx[2m > [22m[2mLoading
[22m[39m[FilesContext] About to set up File observeQuery
[90mstdout[2m | src/components/NotificationInvitations.stories.tsx[2m > [22m[2mLoading
[22m[39m[ChatContext] Setting up AssistantChat observeQuery
[90mstdout[2m | src/components/NotificationInvitations.stories.tsx[2m > [22m[2mLoading
[22m[39m[ChatContext] Waiting for subscription to initialize
[90mstdout[2m | src/components/NotificationInvitations.stories.tsx[2m > [22m[2mLoading
[22m[39m[SettingsContext] Setting up Settings subscription for user: mock-user-sub
[90mstdout[2m | src/components/NotificationInvitations.stories.tsx[2m > [22m[2mLoading
[22m[39m[Mock Data] Settings created: mock-settings-1790416282426 - notified 0 subscribers
[90mstdout[2m | src/components/NotificationInvitations.stories.tsx[2m > [22m[2mLoading
[22m[39m[Mock Data] Unit.onUpdate() subscription added. Total: 1
[90mstdout[2m | src/components/NotificationInvitations.stories.tsx[2m > [22m[2mLoading
[22m[39m[SectionContext] Section observeQuery update: 0
[90mstdout[2m | src/components/NotificationInvitations.stories.tsx[2m > [22m[2mLoading
[22m[39m[FilesContext] File observeQuery update: 6 files
[90mstdout[2m | src/components/NotificationInvitations.stories.tsx[2m > [22m[2mLoading
[22m[39m[ChatContext] AssistantChat initialized with 1 chats
[90mstdout[2m | src/components/NotificationInvitations.stories.tsx[2m > [22m[2mLoading
[22m[39m[ChatContext] Setting initial chat: mock-assistant-chat-1
[90mstdout[2m | src/components/NotificationInvitations.stories.tsx[2m > [22m[2mLoading
[22m[39m[Mock Storage] downloadData called with: undefined
[90mstdout[2m | src/components/NotificationInvitations.stories.tsx[2m > [22m[2mLoading
[22m[39m[MOCK CourseVectorStore] Initialized with mock data
[90mstdout[2m | src/components/NotificationInvitations.stories.tsx[2m > [22m[2mLoading
[22m[39m[FilesContext] Vector store population triggered {
  "currentVectorStoreSize": 3,
  "documentsCount": 0,
  "filesCount": 6,
  "isInitialLoad": true,
}
[90mstdout[2m | src/components/NotificationInvitations.stories.tsx[2m > [22m[2mLoading
[22m[39m[FilesContext] Vector store population complete - 3 total embeddings
[90mstdout[2m | src/components/NotificationInvitations.stories.tsx[2m > [22m[2mLoading
[22m[39m[ChatContext] Chat exists and not archived, skipping creation
 [32m✓[39m [30m[45m storybook (chromium) [49m[39m src/components/NotificationInvitations.stories.tsx [2m([22m[2m6 tests[22m[2m)[22m[33m 714[2mms[22m[39m
[90mstdout[2m | unknown test
[22m[39m[MOCK vectorStoreDB.js] Module loaded - mock IndexedDB operations
[90mstdout[2m | unknown test
[22m[39m[Task Completion] DOM action listeners initialized
[90mstdout[2m | unknown test
[22m[39m[Task Completion] Auto-completion detector initialized
[90mstdout[2m | unknown test
[22m[39m[Preview] Task completion detector initialized
[90mstdout[2m | src/components/Dashboard/AssignmentCard.stories.tsx[2m > [22m[2mPending
[22m[39m[TranslationModeController] Setting mode to: off
[90mstdout[2m | src/components/Dashboard/AssignmentCard.stories.tsx[2m > [22m[2mOverdue
[22m[39m[TranslationModeController] Setting mode to: off
[90mstdout[2m | src/components/Dashboard/AssignmentCard.stories.tsx[2m > [22m[2mDue Soon
[22m[39m[TranslationModeController] Setting mode to: off
[90mstdout[2m | src/components/Dashboard/AssignmentCard.stories.tsx[2m > [22m[2mNo Due Date
[22m[39m[TranslationModeController] Setting mode to: off
[90mstdout[2m | src/components/Dashboard/AssignmentCard.stories.tsx[2m > [22m[2mExtended Accommodation
[22m[39m[TranslationModeController] Setting mode to: off
[90mstdout[2m | src/components/Dashboard/AssignmentCard.stories.tsx[2m > [22m[2mCompleted
[22m[39m[TranslationModeController] Setting mode to: off
[90mstdout[2m | src/components/Dashboard/AssignmentCard.stories.tsx[2m > [22m[2mCompleted Low Score
[22m[39m[TranslationModeController] Setting mode to: off
[90mstdout[2m | src/components/Dashboard/AssignmentCard.stories.tsx[2m > [22m[2mJust Completed (check pop)
[22m[39m[TranslationModeController] Setting mode to: off
[90mstdout[2m | src/components/Dashboard/AssignmentCard.stories.tsx[2m > [22m[2mLocked
[22m[39m[TranslationModeController] Setting mode to: off
[90mstdout[2m | src/components/Dashboard/AssignmentCard.stories.tsx[2m > [22m[2mLocked With Date
[22m[39m[TranslationModeController] Setting mode to: off
[90mstdout[2m | src/components/Dashboard/AssignmentCard.stories.tsx[2m > [22m[2mUp Next
[22m[39m[TranslationModeController] Setting mode to: off
[90mstdout[2m | src/components/Dashboard/AssignmentCard.stories.tsx[2m > [22m[2mEasy Difficulty
[22m[39m[TranslationModeController] Setting mode to: off
[90mstdout[2m | src/components/Dashboard/AssignmentCard.stories.tsx[2m > [22m[2mHard Difficulty
[22m[39m[TranslationModeController] Setting mode to: off
[90mstdout[2m | src/components/Dashboard/AssignmentCard.stories.tsx[2m > [22m[2mMobile Viewport
[22m[39m[TranslationModeController] Setting mode to: off
[90mstdout[2m | src/components/Dashboard/AssignmentCard.stories.tsx[2m > [22m[2mTablet Viewport
[22m[39m[TranslationModeController] Setting mode to: off
[90mstdout[2m | src/components/Dashboard/AssignmentCard.stories.tsx[2m > [22m[2mDesktop Viewport
[22m[39m[TranslationModeController] Setting mode to: off
 [32m✓[39m [30m[45m storybook (chromium) [49m[39m src/components/Dashboard/AssignmentCard.stories.tsx [2m([22m[2m16 tests[22m[2m)[22m[33m 2697[2mms[22m[39m
   [33m[2m✓[22m[39m Just Completed (check pop) [33m 545[2mms[22m[39m
[90mstdout[2m | unknown test
[22m[39m[MOCK vectorStoreDB.js] Module loaded - mock IndexedDB operations
[90mstdout[2m | unknown test
[22m[39m[Task Completion] DOM action listeners initialized
[90mstdout[2m | unknown test
[22m[39m[Task Completion] Auto-completion detector initialized
[90mstdout[2m | unknown test
[22m[39m[Preview] Task completion detector initialized
[90mstdout[2m | src/components/Gamification/SquadEditor.stories.tsx[2m > [22m[2mNew Squad
[22m[39m[TranslationModeController] Setting mode to: off
[90mstdout[2m | src/components/Gamification/SquadEditor.stories.tsx[2m > [22m[2mExisting Squad
[22m[39m[TranslationModeController] Setting mode to: off
[90mstdout[2m | src/components/Gamification/SquadEditor.stories.tsx[2m > [22m[2mManual Save Only
[22m[39m[TranslationModeController] Setting mode to: off
 [32m✓[39m [30m[45m storybook (chromium) [49m[39m src/components/Gamification/SquadEditor.stories.tsx [2m([22m[2m3 tests[22m[2m)[22m[33m 711[2mms[22m[39m
[90mstdout[2m | unknown test
[22m[39m[MOCK vectorStoreDB.js] Module loaded - mock IndexedDB operations
[90mstdout[2m | unknown test
[22m[39m[Task Completion] DOM action listeners initialized
[90mstdout[2m | unknown test
[22m[39m[Task Completion] Auto-completion detector initialized
[90mstdout[2m | unknown test
[22m[39m[Preview] Task completion detector initialized
[90mstdout[2m | src/components/Gamification/BadgeEditor.stories.tsx[2m > [22m[2mDefault
[22m[39m[TranslationModeController] Setting mode to: off
[90mstdout[2m | src/components/Gamification/BadgeEditor.stories.tsx[2m > [22m[2mWith Custom Badges
[22m[39m[TranslationModeController] Setting mode to: off
 [32m✓[39m [30m[45m storybook (chromium) [49m[39m src/components/Gamification/BadgeEditor.stories.tsx [2m([22m[2m2 tests[22m[2m)[22m[33m 4754[2mms[22m[39m
   [33m[2m✓[22m[39m Default [33m 2735[2mms[22m[39m
   [33m[2m✓[22m[39m With Custom Badges [33m 2018[2mms[22m[39m
[90mstdout[2m | unknown test
[22m[39m[MOCK vectorStoreDB.js] Module loaded - mock IndexedDB operations
[90mstdout[2m | unknown test
[22m[39m[Task Completion] DOM action listeners initialized
[90mstdout[2m | unknown test
[22m[39m[Task Completion] Auto-completion detector initialized
[90mstdout[2m | unknown test
[22m[39m[Preview] Task completion detector initialized
[90mstdout[2m | src/components/InlineGradeCell.stories.tsx[2m > [22m[2mDefault
[22m[39m[TranslationModeController] Setting mode to: off
[90mstdout[2m | src/components/InlineGradeCell.stories.tsx[2m > [22m[2mWith Override
[22m[39m[TranslationModeController] Setting mode to: off
[90mstdout[2m | src/components/InlineGradeCell.stories.tsx[2m > [22m[2mNo Grade
[22m[39m[TranslationModeController] Setting mode to: off
[90mstdout[2m | src/components/InlineGradeCell.stories.tsx[2m > [22m[2mStudent View
[22m[39m[TranslationModeController] Setting mode to: off
[90mstdout[2m | src/components/InlineGradeCell.stories.tsx[2m > [22m[2mGradebook Table
[22m[39m[TranslationModeController] Setting mode to: off
 [32m✓[39m [30m[45m storybook (chromium) [49m[39m src/components/InlineGradeCell.stories.tsx [2m([22m[2m5 tests[22m[2m)[22m[33m 3535[2mms[22m[39m
   [33m[2m✓[22m[39m With Override [33m 1013[2mms[22m[39m
   [33m[2m✓[22m[39m No Grade [33m 1340[2mms[22m[39m
   [33m[2m✓[22m[39m Student View [33m 707[2mms[22m[39m
[90mstdout[2m | unknown test
[22m[39m[MOCK vectorStoreDB.js] Module loaded - mock IndexedDB operations
[90mstdout[2m | unknown test
[22m[39m[Task Completion] DOM action listeners initialized
[90mstdout[2m | unknown test
[22m[39m[Task Completion] Auto-completion detector initialized
[90mstdout[2m | unknown test
[22m[39m[Preview] Task completion detector initialized
[90mstdout[2m | src/components/ChatSidebar/EditableBlockPreview.stories.jsx[2m > [22m[2mQuiz Block
[22m[39m[MOCK CourseVectorStore] Initialized with mock data
[90mstdout[2m | src/components/ChatSidebar/EditableBlockPreview.stories.jsx[2m > [22m[2mQuiz Block
[22m[39m[TranslationModeController] Setting mode to: off
[90mstdout[2m | src/components/ChatSidebar/EditableBlockPreview.stories.jsx[2m > [22m[2mQuiz Block
[22m[39m[UnitContext] useEffect triggered {
  "authLoading": false,
  "hasUser": true,
  "id": "mock-unit-id",
  "userSub": "mock-user-sub",
}
[90mstdout[2m | src/components/ChatSidebar/EditableBlockPreview.stories.jsx[2m > [22m[2mQuiz Block
[22m[39m[UnitContext] Fetching unit data for id: mock-unit-id
[90mstdout[2m | src/components/ChatSidebar/EditableBlockPreview.stories.jsx[2m > [22m[2mQuiz Block
[22m[39m[FilesContext] Initializing vector store from IndexedDB
[90mstdout[2m | src/components/ChatSidebar/EditableBlockPreview.stories.jsx[2m > [22m[2mQuiz Block
[22m[39m[FilesContext] fetchFiles called
[90mstdout[2m | src/components/ChatSidebar/EditableBlockPreview.stories.jsx[2m > [22m[2mQuiz Block
[22m[39m[FilesContext] User authenticated: mock-user-sub
[90mstdout[2m | src/components/ChatSidebar/EditableBlockPreview.stories.jsx[2m > [22m[2mQuiz Block
[22m[39m[FilesContext] Identity ID: us-east-1:mock-identity-123
[90mstdout[2m | src/components/ChatSidebar/EditableBlockPreview.stories.jsx[2m > [22m[2mQuiz Block
[22m[39m[FilesContext] About to set up File observeQuery
[90mstdout[2m | src/components/ChatSidebar/EditableBlockPreview.stories.jsx[2m > [22m[2mQuiz Block
[22m[39m[ChatContext] Setting up AssistantChat observeQuery
[90mstdout[2m | src/components/ChatSidebar/EditableBlockPreview.stories.jsx[2m > [22m[2mQuiz Block
[22m[39m[ChatContext] Waiting for subscription to initialize
[90mstdout[2m | src/components/ChatSidebar/EditableBlockPreview.stories.jsx[2m > [22m[2mQuiz Block
[22m[39m[SettingsContext] Setting up Settings subscription for user: mock-user-sub
[90mstdout[2m | src/components/ChatSidebar/EditableBlockPreview.stories.jsx[2m > [22m[2mQuiz Block
[22m[39m[Mock Data] Settings created: mock-settings-1790416312334 - notified 0 subscribers
[90mstdout[2m | src/components/ChatSidebar/EditableBlockPreview.stories.jsx[2m > [22m[2mQuiz Block
[22m[39m[Mock Data] Unit.onUpdate() subscription added. Total: 1
[90mstdout[2m | src/components/ChatSidebar/EditableBlockPreview.stories.jsx[2m > [22m[2mQuiz Block
[22m[39m[SectionContext] Section observeQuery update: 0
[90mstdout[2m | src/components/ChatSidebar/EditableBlockPreview.stories.jsx[2m > [22m[2mQuiz Block
[22m[39m[FilesContext] File observeQuery update: 6 files
[90mstdout[2m | src/components/ChatSidebar/EditableBlockPreview.stories.jsx[2m > [22m[2mQuiz Block
[22m[39m[ChatContext] AssistantChat initialized with 1 chats
[90mstdout[2m | src/components/ChatSidebar/EditableBlockPreview.stories.jsx[2m > [22m[2mQuiz Block
[22m[39m[ChatContext] Setting initial chat: mock-assistant-chat-1
[90mstdout[2m | src/components/ChatSidebar/EditableBlockPreview.stories.jsx[2m > [22m[2mQuiz Block
[22m[39m[MOCK CourseVectorStore] Initialized with mock data
[90mstdout[2m | src/components/ChatSidebar/EditableBlockPreview.stories.jsx[2m > [22m[2mQuiz Block
[22m[39m[FilesContext] Vector store population triggered {
  "currentVectorStoreSize": 3,
  "documentsCount": 0,
  "filesCount": 6,
  "isInitialLoad": true,
}
[90mstdout[2m | src/components/ChatSidebar/EditableBlockPreview.stories.jsx[2m > [22m[2mQuiz Block
[22m[39m[FilesContext] Vector store population complete - 3 total embeddings
[90mstdout[2m | src/components/ChatSidebar/EditableBlockPreview.stories.jsx[2m > [22m[2mQuiz Block
[22m[39m[ChatContext] Chat exists and not archived, skipping creation
[90mstdout[2m | src/components/ChatSidebar/EditableBlockPreview.stories.jsx[2m > [22m[2mQuiz Block
[22m[39m[Mock Storage] downloadData called with: undefined
[90mstdout[2m | src/components/ChatSidebar/EditableBlockPreview.stories.jsx[2m > [22m[2mQuiz Block
[22m[39mfilterWords {
  "filter": "",
  "wordsCount": 0,
}
[90mstdout[2m | src/components/ChatSidebar/EditableBlockPreview.stories.jsx[2m > [22m[2mAnswer Block
[22m[39m[ChatContext] Cleaning up subscriptions
[90mstdout[2m | src/components/ChatSidebar/EditableBlockPreview.stories.jsx[2m > [22m[2mAnswer Block
[22m[39m[Mock Data] Unit.onUpdate() subscription removed. Remaining: 0
[90mstdout[2m | src/components/ChatSidebar/EditableBlockPreview.stories.jsx[2m > [22m[2mAnswer Block
[22m[39m[MOCK CourseVectorStore] Initialized with mock data
[90mstdout[2m | src/components/ChatSidebar/EditableBlockPreview.stories.jsx[2m > [22m[2mAnswer Block
[22m[39m[Mock Data] seedMockWords: Adding 2 words
[90mstdout[2m | src/components/ChatSidebar/EditableBlockPreview.stories.jsx[2m > [22m[2mAnswer Block
[22m[39m[TranslationModeController] Setting mode to: off
[90mstdout[2m | src/components/ChatSidebar/EditableBlockPreview.stories.jsx[2m > [22m[2mAnswer Block
[22m[39m[UnitContext] useEffect triggered {
  "authLoading": false,
  "hasUser": true,
  "id": "mock-unit-id",
  "userSub": "mock-user-sub",
}
[90mstdout[2m | src/components/ChatSidebar/EditableBlockPreview.stories.jsx[2m > [22m[2mAnswer Block
[22m[39m[UnitContext] Fetching unit data for id: mock-unit-id
[90mstdout[2m | src/components/ChatSidebar/EditableBlockPreview.stories.jsx[2m > [22m[2mAnswer Block
[22m[39m[FilesContext] Initializing vector store from IndexedDB
[90mstdout[2m | src/components/ChatSidebar/EditableBlockPreview.stories.jsx[2m > [22m[2mAnswer Block
[22m[39m[FilesContext] fetchFiles called
[90mstdout[2m | src/components/ChatSidebar/EditableBlockPreview.stories.jsx[2m > [22m[2mAnswer Block
[22m[39m[FilesContext] User authenticated: mock-user-sub
[90mstdout[2m | src/components/ChatSidebar/EditableBlockPreview.stories.jsx[2m > [22m[2mAnswer Block
[22m[39m[FilesContext] Identity ID: us-east-1:mock-identity-123
[90mstdout[2m | src/components/ChatSidebar/EditableBlockPreview.stories.jsx[2m > [22m[2mAnswer Block
[22m[39m[FilesContext] About to set up File observeQuery
[90mstdout[2m | src/components/ChatSidebar/EditableBlockPreview.stories.jsx[2m > [22m[2mAnswer Block
[22m[39m[ChatContext] Setting up AssistantChat observeQuery
[90mstdout[2m | src/components/ChatSidebar/EditableBlockPreview.stories.jsx[2m > [22m[2mAnswer Block
[22m[39m[ChatContext] Waiting for subscription to initialize
[90mstdout[2m | src/components/ChatSidebar/EditableBlockPreview.stories.jsx[2m > [22m[2mAnswer Block
[22m[39m[SettingsContext] Setting up Settings subscription for user: mock-user-sub
[90mstdout[2m | src/components/ChatSidebar/EditableBlockPreview.stories.jsx[2m > [22m[2mAnswer Block
[22m[39m[Mock Data] Settings created: mock-settings-1790416312734 - notified 0 subscribers
[90mstdout[2m | src/components/ChatSidebar/EditableBlockPreview.stories.jsx[2m > [22m[2mAnswer Block
[22m[39m[Mock Data] Unit.onUpdate() subscription added. Total: 1
[90mstdout[2m | src/components/ChatSidebar/EditableBlockPreview.stories.jsx[2m > [22m[2mAnswer Block
[22m[39m[SectionContext] Section observeQuery update: 0
[90mstdout[2m | src/components/ChatSidebar/EditableBlockPreview.stories.jsx[2m > [22m[2mAnswer Block
[22m[39m[FilesContext] File observeQuery update: 6 files
[90mstdout[2m | src/components/ChatSidebar/EditableBlockPreview.stories.jsx[2m > [22m[2mAnswer Block
[22m[39m[ChatContext] AssistantChat initialized with 1 chats
[90mstdout[2m | src/components/ChatSidebar/EditableBlockPreview.stories.jsx[2m > [22m[2mAnswer Block
[22m[39m[ChatContext] Setting initial chat: mock-assistant-chat-1
[90mstdout[2m | src/components/ChatSidebar/EditableBlockPreview.stories.jsx[2m > [22m[2mAnswer Block
[22m[39m[MOCK CourseVectorStore] Initialized with mock data
[90mstdout[2m | src/components/ChatSidebar/EditableBlockPreview.stories.jsx[2m > [22m[2mAnswer Block
[22m[39m[FilesContext] Vector store population triggered {
  "currentVectorStoreSize": 3,
  "documentsCount": 0,
  "filesCount": 6,
  "isInitialLoad": true,
}
[90mstdout[2m | src/components/ChatSidebar/EditableBlockPreview.stories.jsx[2m > [22m[2mAnswer Block
[22m[39m[FilesContext] Vector store population complete - 3 total embeddings
[90mstdout[2m | src/components/ChatSidebar/EditableBlockPreview.stories.jsx[2m > [22m[2mAnswer Block
[22m[39m[ChatContext] Chat exists and not archived, skipping creation
[90mstdout[2m | src/components/ChatSidebar/EditableBlockPreview.stories.jsx[2m > [22m[2mAnswer Block
[22m[39m[Mock Storage] downloadData called with: undefined
[90mstdout[2m | src/components/ChatSidebar/EditableBlockPreview.stories.jsx[2m > [22m[2mMeaning Association Block
[22m[39m[ChatContext] Cleaning up subscriptions
[90mstdout[2m | src/components/ChatSidebar/EditableBlockPreview.stories.jsx[2m > [22m[2mMeaning Association Block
[22m[39m[Mock Data] Unit.onUpdate() subscription removed. Remaining: 0
[90mstdout[2m | src/components/ChatSidebar/EditableBlockPreview.stories.jsx[2m > [22m[2mMeaning Association Block
[22m[39m[MOCK CourseVectorStore] Initialized with mock data
[90mstdout[2m | src/components/ChatSidebar/EditableBlockPreview.stories.jsx[2m > [22m[2mMeaning Association Block
[22m[39m[Mock Data] seedMockWords: Adding 2 words
[90mstdout[2m | src/components/ChatSidebar/EditableBlockPreview.stories.jsx[2m > [22m[2mMeaning Association Block
[22m[39m[TranslationModeController] Setting mode to: off
[90mstdout[2m | src/components/ChatSidebar/EditableBlockPreview.stories.jsx[2m > [22m[2mMeaning Association Block
[22m[39m[UnitContext] useEffect triggered {
  "authLoading": false,
  "hasUser": true,
  "id": "mock-unit-id",
  "userSub": "mock-user-sub",
}
[90mstdout[2m | src/components/ChatSidebar/EditableBlockPreview.stories.jsx[2m > [22m[2mMeaning Association Block
[22m[39m[UnitContext] Fetching unit data for id: mock-unit-id
[90mstdout[2m | src/components/ChatSidebar/EditableBlockPreview.stories.jsx[2m > [22m[2mMeaning Association Block
[22m[39m[FilesContext] Initializing vector store from IndexedDB
[90mstdout[2m | src/components/ChatSidebar/EditableBlockPreview.stories.jsx[2m > [22m[2mMeaning Association Block
[22m[39m[FilesContext] fetchFiles called
[90mstdout[2m | src/components/ChatSidebar/EditableBlockPreview.stories.jsx[2m > [22m[2mMeaning Association Block
[22m[39m[FilesContext] User authenticated: mock-user-sub
[90mstdout[2m | src/components/ChatSidebar/EditableBlockPreview.stories.jsx[2m > [22m[2mMeaning Association Block
[22m[39m[FilesContext] Identity ID: us-east-1:mock-identity-123
[90mstdout[2m | src/components/ChatSidebar/EditableBlockPreview.stories.jsx[2m > [22m[2mMeaning Association Block
[22m[39m[FilesContext] About to set up File observeQuery
[90mstdout[2m | src/components/ChatSidebar/EditableBlockPreview.stories.jsx[2m > [22m[2mMeaning Association Block
[22m[39m[ChatContext] Setting up AssistantChat observeQuery
[90mstdout[2m | src/components/ChatSidebar/EditableBlockPreview.stories.jsx[2m > [22m[2mMeaning Association Block
[22m[39m[ChatContext] Waiting for subscription to initialize
[90mstdout[2m | src/components/ChatSidebar/EditableBlockPreview.stories.jsx[2m > [22m[2mMeaning Association Block
[22m[39m[SettingsContext] Setting up Settings subscription for user: mock-user-sub
[90mstdout[2m | src/components/ChatSidebar/EditableBlockPreview.stories.jsx[2m > [22m[2mMeaning Association Block
[22m[39m[Mock Data] Settings created: mock-settings-1790416313557 - notified 0 subscribers
[90mstdout[2m | src/components/ChatSidebar/EditableBlockPreview.stories.jsx[2m > [22m[2mMeaning Association Block
[22m[39m[Mock Data] Unit.onUpdate() subscription added. Total: 1
[90mstdout[2m | src/components/ChatSidebar/EditableBlockPreview.stories.jsx[2m > [22m[2mMeaning Association Block
[22m[39m[SectionContext] Section observeQuery update: 0
[90mstdout[2m | src/components/ChatSidebar/EditableBlockPreview.stories.jsx[2m > [22m[2mMeaning Association Block
[22m[39m[FilesContext] File observeQuery update: 6 files
[90mstdout[2m | src/components/ChatSidebar/EditableBlockPreview.stories.jsx[2m > [22m[2mMeaning Association Block
[22m[39m[ChatContext] AssistantChat initialized with 1 chats
[90mstdout[2m | src/components/ChatSidebar/EditableBlockPreview.stories.jsx[2m > [22m[2mMeaning Association Block
[22m[39m[ChatContext] Setting initial chat: mock-assistant-chat-1
[90mstdout[2m | src/components/ChatSidebar/EditableBlockPreview.stories.jsx[2m > [22m[2mMeaning Association Block
[22m[39m[MOCK CourseVectorStore] Initialized with mock data
[90mstdout[2m | src/components/ChatSidebar/EditableBlockPreview.stories.jsx[2m > [22m[2mMeaning Association Block
[22m[39m[FilesContext] Vector store population triggered {
  "currentVectorStoreSize": 3,
  "documentsCount": 0,
  "filesCount": 6,
  "isInitialLoad": true,
}
[90mstdout[2m | src/components/ChatSidebar/EditableBlockPreview.stories.jsx[2m > [22m[2mMeaning Association Block
[22m[39m[FilesContext] Vector store population complete - 3 total embeddings
[90mstdout[2m | src/components/ChatSidebar/EditableBlockPreview.stories.jsx[2m > [22m[2mMeaning Association Block
[22m[39m[ChatContext] Chat exists and not archived, skipping creation
[90mstdout[2m | src/components/ChatSidebar/EditableBlockPreview.stories.jsx[2m > [22m[2mMeaning Association Block
[22m[39m[Mock Storage] downloadData called with: undefined
[90mstdout[2m | src/components/ChatSidebar/EditableBlockPreview.stories.jsx[2m > [22m[2mMeaning Association Block
[22m[39mfilterWords {
  "filter": "",
  "wordsCount": 2,
}
[90mstdout[2m | src/components/ChatSidebar/EditableBlockPreview.stories.jsx[2m > [22m[2mCustom Answer Block
[22m[39m[ChatContext] Cleaning up subscriptions
[90mstdout[2m | src/components/ChatSidebar/EditableBlockPreview.stories.jsx[2m > [22m[2mCustom Answer Block
[22m[39m[Mock Data] Unit.onUpdate() subscription removed. Remaining: 0
[90mstdout[2m | src/components/ChatSidebar/EditableBlockPreview.stories.jsx[2m > [22m[2mCustom Answer Block
[22m[39m[MOCK CourseVectorStore] Initialized with mock data
[90mstdout[2m | src/components/ChatSidebar/EditableBlockPreview.stories.jsx[2m > [22m[2mCustom Answer Block
[22m[39m[Mock Data] seedMockQuestions: Adding 1 questions
[90mstdout[2m | src/components/ChatSidebar/EditableBlockPreview.stories.jsx[2m > [22m[2mCustom Answer Block
[22m[39m[TranslationModeController] Setting mode to: off
[90mstdout[2m | src/components/ChatSidebar/EditableBlockPreview.stories.jsx[2m > [22m[2mCustom Answer Block
[22m[39m[UnitContext] useEffect triggered {
  "authLoading": false,
  "hasUser": true,
  "id": "mock-unit-id",
  "userSub": "mock-user-sub",
}
[90mstdout[2m | src/components/ChatSidebar/EditableBlockPreview.stories.jsx[2m > [22m[2mCustom Answer Block
[22m[39m[UnitContext] Fetching unit data for id: mock-unit-id
[90mstdout[2m | src/components/ChatSidebar/EditableBlockPreview.stories.jsx[2m > [22m[2mCustom Answer Block
[22m[39m[FilesContext] Initializing vector store from IndexedDB
[90mstdout[2m | src/components/ChatSidebar/EditableBlockPreview.stories.jsx[2m > [22m[2mCustom Answer Block
[22m[39m[FilesContext] fetchFiles called
[90mstdout[2m | src/components/ChatSidebar/EditableBlockPreview.stories.jsx[2m > [22m[2mCustom Answer Block
[22m[39m[FilesContext] User authenticated: mock-user-sub
[90mstdout[2m | src/components/ChatSidebar/EditableBlockPreview.stories.jsx[2m > [22m[2mCustom Answer Block
[22m[39m[FilesContext] Identity ID: us-east-1:mock-identity-123
[90mstdout[2m | src/components/ChatSidebar/EditableBlockPreview.stories.jsx[2m > [22m[2mCustom Answer Block
[22m[39m[FilesContext] About to set up File observeQuery
[90mstdout[2m | src/components/ChatSidebar/EditableBlockPreview.stories.jsx[2m > [22m[2mCustom Answer Block
[22m[39m[ChatContext] Setting up AssistantChat observeQuery
[90mstdout[2m | src/components/ChatSidebar/EditableBlockPreview.stories.jsx[2m > [22m[2mCustom Answer Block
[22m[39m[ChatContext] Waiting for subscription to initialize
[90mstdout[2m | src/components/ChatSidebar/EditableBlockPreview.stories.jsx[2m > [22m[2mCustom Answer Block
[22m[39m[SettingsContext] Setting up Settings subscription for user: mock-user-sub
[90mstdout[2m | src/components/ChatSidebar/EditableBlockPreview.stories.jsx[2m > [22m[2mCustom Answer Block
[22m[39m[Mock Data] Settings created: mock-settings-1790416314295 - notified 0 subscribers
[90mstdout[2m | src/components/ChatSidebar/EditableBlockPreview.stories.jsx[2m > [22m[2mCustom Answer Block
[22m[39m[Mock Data] Unit.onUpdate() subscription added. Total: 1
[90mstdout[2m | src/components/ChatSidebar/EditableBlockPreview.stories.jsx[2m > [22m[2mCustom Answer Block
[22m[39m[SectionContext] Section observeQuery update: 0
[90mstdout[2m | src/components/ChatSidebar/EditableBlockPreview.stories.jsx[2m > [22m[2mCustom Answer Block
[22m[39m[FilesContext] File observeQuery update: 6 files
[90mstdout[2m | src/components/ChatSidebar/EditableBlockPreview.stories.jsx[2m > [22m[2mCustom Answer Block
[22m[39m[ChatContext] AssistantChat initialized with 1 chats
[90mstdout[2m | src/components/ChatSidebar/EditableBlockPreview.stories.jsx[2m > [22m[2mCustom Answer Block
[22m[39m[ChatContext] Setting initial chat: mock-assistant-chat-1
[90mstdout[2m | src/components/ChatSidebar/EditableBlockPreview.stories.jsx[2m > [22m[2mCustom Answer Block
[22m[39m[MOCK CourseVectorStore] Initialized with mock data
[90mstdout[2m | src/components/ChatSidebar/EditableBlockPreview.stories.jsx[2m > [22m[2mCustom Answer Block
[22m[39m[FilesContext] Vector store population triggered {
  "currentVectorStoreSize": 3,
  "documentsCount": 0,
  "filesCount": 6,
  "isInitialLoad": true,
}
[90mstdout[2m | src/components/ChatSidebar/EditableBlockPreview.stories.jsx[2m > [22m[2mCustom Answer Block
[22m[39m[FilesContext] Vector store population complete - 3 total embeddings
[90mstdout[2m | src/components/ChatSidebar/EditableBlockPreview.stories.jsx[2m > [22m[2mCustom Answer Block
[22m[39m[ChatContext] Chat exists and not archived, skipping creation
[90mstdout[2m | src/components/ChatSidebar/EditableBlockPreview.stories.jsx[2m > [22m[2mCustom Answer Block
[22m[39m[Mock Storage] downloadData called with: undefined
[90mstdout[2m | src/components/ChatSidebar/EditableBlockPreview.stories.jsx[2m > [22m[2mWith Regenerate
[22m[39m[ChatContext] Cleaning up subscriptions
[90mstdout[2m | src/components/ChatSidebar/EditableBlockPreview.stories.jsx[2m > [22m[2mWith Regenerate
[22m[39m[Mock Data] Unit.onUpdate() subscription removed. Remaining: 0
[90mstdout[2m | src/components/ChatSidebar/EditableBlockPreview.stories.jsx[2m > [22m[2mWith Regenerate
[22m[39m[MOCK CourseVectorStore] Initialized with mock data
[90mstdout[2m | src/components/ChatSidebar/EditableBlockPreview.stories.jsx[2m > [22m[2mWith Regenerate
[22m[39m[TranslationModeController] Setting mode to: off
[90mstdout[2m | src/components/ChatSidebar/EditableBlockPreview.stories.jsx[2m > [22m[2mWith Regenerate
[22m[39m[UnitContext] useEffect triggered {
  "authLoading": false,
  "hasUser": true,
  "id": "mock-unit-id",
  "userSub": "mock-user-sub",
}
[90mstdout[2m | src/components/ChatSidebar/EditableBlockPreview.stories.jsx[2m > [22m[2mWith Regenerate
[22m[39m[UnitContext] Fetching unit data for id: mock-unit-id
[90mstdout[2m | src/components/ChatSidebar/EditableBlockPreview.stories.jsx[2m > [22m[2mWith Regenerate
[22m[39m[FilesContext] Initializing vector store from IndexedDB
[90mstdout[2m | src/components/ChatSidebar/EditableBlockPreview.stories.jsx[2m > [22m[2mWith Regenerate
[22m[39m[FilesContext] fetchFiles called
[90mstdout[2m | src/components/ChatSidebar/EditableBlockPreview.stories.jsx[2m > [22m[2mWith Regenerate
[22m[39m[FilesContext] User authenticated: mock-user-sub
[90mstdout[2m | src/components/ChatSidebar/EditableBlockPreview.stories.jsx[2m > [22m[2mWith Regenerate
[22m[39m[FilesContext] Identity ID: us-east-1:mock-identity-123
[90mstdout[2m | src/components/ChatSidebar/EditableBlockPreview.stories.jsx[2m > [22m[2mWith Regenerate
[22m[39m[FilesContext] About to set up File observeQuery
[90mstdout[2m | src/components/ChatSidebar/EditableBlockPreview.stories.jsx[2m > [22m[2mWith Regenerate
[22m[39m[ChatContext] Setting up AssistantChat observeQuery
[90mstdout[2m | src/components/ChatSidebar/EditableBlockPreview.stories.jsx[2m > [22m[2mWith Regenerate
[22m[39m[ChatContext] Waiting for subscription to initialize
[90mstdout[2m | src/components/ChatSidebar/EditableBlockPreview.stories.jsx[2m > [22m[2mWith Regenerate
[22m[39m[SettingsContext] Setting up Settings subscription for user: mock-user-sub
[90mstdout[2m | src/components/ChatSidebar/EditableBlockPreview.stories.jsx[2m > [22m[2mWith Regenerate
[22m[39m[Mock Data] Settings created: mock-settings-1790416314868 - notified 0 subscribers
[90mstdout[2m | src/components/ChatSidebar/EditableBlockPreview.stories.jsx[2m > [22m[2mWith Regenerate
[22m[39m[Mock Data] Unit.onUpdate() subscription added. Total: 1
[90mstdout[2m | src/components/ChatSidebar/EditableBlockPreview.stories.jsx[2m > [22m[2mWith Regenerate
[22m[39m[SectionContext] Section observeQuery update: 0
[90mstdout[2m | src/components/ChatSidebar/EditableBlockPreview.stories.jsx[2m > [22m[2mWith Regenerate
[22m[39m[FilesContext] File observeQuery update: 6 files
[90mstdout[2m | src/components/ChatSidebar/EditableBlockPreview.stories.jsx[2m > [22m[2mWith Regenerate
[22m[39m[ChatContext] AssistantChat initialized with 1 chats
[90mstdout[2m | src/components/ChatSidebar/EditableBlockPreview.stories.jsx[2m > [22m[2mWith Regenerate
[22m[39m[ChatContext] Setting initial chat: mock-assistant-chat-1
[90mstdout[2m | src/components/ChatSidebar/EditableBlockPreview.stories.jsx[2m > [22m[2mWith Regenerate
[22m[39m[MOCK CourseVectorStore] Initialized with mock data
[90mstdout[2m | src/components/ChatSidebar/EditableBlockPreview.stories.jsx[2m > [22m[2mWith Regenerate
[22m[39m[FilesContext] Vector store population triggered {
  "currentVectorStoreSize": 3,
  "documentsCount": 0,
  "filesCount": 6,
  "isInitialLoad": true,
}
[90mstdout[2m | src/components/ChatSidebar/EditableBlockPreview.stories.jsx[2m > [22m[2mWith Regenerate
[22m[39m[FilesContext] Vector store population complete - 3 total embeddings
[90mstdout[2m | src/components/ChatSidebar/EditableBlockPreview.stories.jsx[2m > [22m[2mWith Regenerate
[22m[39m[ChatContext] Chat exists and not archived, skipping creation
[90mstdout[2m | src/components/ChatSidebar/EditableBlockPreview.stories.jsx[2m > [22m[2mWith Regenerate
[22m[39m[Mock Storage] downloadData called with: undefined
 [32m✓[39m [30m[45m storybook (chromium) [49m[39m src/components/ChatSidebar/EditableBlockPreview.stories.jsx [2m([22m[2m5 tests[22m[2m)[22m[33m 2975[2mms[22m[39m
   [33m[2m✓[22m[39m Quiz Block [33m 418[2mms[22m[39m
   [33m[2m✓[22m[39m Answer Block [33m 459[2mms[22m[39m
   [33m[2m✓[22m[39m Meaning Association Block [33m 1073[2mms[22m[39m
   [33m[2m✓[22m[39m Custom Answer Block [33m 598[2mms[22m[39m
   [33m[2m✓[22m[39m With Regenerate [33m 426[2mms[22m[39m
[90mstdout[2m | unknown test
[22m[39m[MOCK vectorStoreDB.js] Module loaded - mock IndexedDB operations
[90mstdout[2m | unknown test
[22m[39m[Task Completion] DOM action listeners initialized
[90mstdout[2m | unknown test
[22m[39m[Task Completion] Auto-completion detector initialized
[90mstdout[2m | unknown test
[22m[39m[Preview] Task completion detector initialized
[90mstdout[2m | src/components/ChatSidebar/VirtualizedMessageList.stories.jsx[2m > [22m[2mEmpty
[22m[39m[MOCK CourseVectorStore] Initialized with mock data
[90mstdout[2m | src/components/ChatSidebar/VirtualizedMessageList.stories.jsx[2m > [22m[2mEmpty
[22m[39m[TranslationModeController] Setting mode to: off
[90mstdout[2m | src/components/ChatSidebar/VirtualizedMessageList.stories.jsx[2m > [22m[2mEmpty
[22m[39m[UnitContext] useEffect triggered {
  "authLoading": false,
  "hasUser": true,
  "id": "mock-unit-id",
  "userSub": "mock-user-sub",
}
[90mstdout[2m | src/components/ChatSidebar/VirtualizedMessageList.stories.jsx[2m > [22m[2mEmpty
[22m[39m[UnitContext] Fetching unit data for id: mock-unit-id
[90mstdout[2m | src/components/ChatSidebar/VirtualizedMessageList.stories.jsx[2m > [22m[2mEmpty
[22m[39m[FilesContext] Initializing vector store from IndexedDB
[90mstdout[2m | src/components/ChatSidebar/VirtualizedMessageList.stories.jsx[2m > [22m[2mEmpty
[22m[39m[FilesContext] fetchFiles called
[90mstdout[2m | src/components/ChatSidebar/VirtualizedMessageList.stories.jsx[2m > [22m[2mEmpty
[22m[39m[FilesContext] User authenticated: mock-user-sub
[90mstdout[2m | src/components/ChatSidebar/VirtualizedMessageList.stories.jsx[2m > [22m[2mEmpty
[22m[39m[FilesContext] Identity ID: us-east-1:mock-identity-123
[90mstdout[2m | src/components/ChatSidebar/VirtualizedMessageList.stories.jsx[2m > [22m[2mEmpty
[22m[39m[FilesContext] About to set up File observeQuery
[90mstdout[2m | src/components/ChatSidebar/VirtualizedMessageList.stories.jsx[2m > [22m[2mEmpty
[22m[39m[ChatContext] Setting up AssistantChat observeQuery
[90mstdout[2m | src/components/ChatSidebar/VirtualizedMessageList.stories.jsx[2m > [22m[2mEmpty
[22m[39m[ChatContext] Waiting for subscription to initialize
[90mstdout[2m | src/components/ChatSidebar/VirtualizedMessageList.stories.jsx[2m > [22m[2mEmpty
[22m[39m[SettingsContext] Setting up Settings subscription for user: mock-user-sub
[90mstdout[2m | src/components/ChatSidebar/VirtualizedMessageList.stories.jsx[2m > [22m[2mEmpty
[22m[39m[Mock Data] Settings created: mock-settings-1790416320978 - notified 0 subscribers
[90mstdout[2m | src/components/ChatSidebar/VirtualizedMessageList.stories.jsx[2m > [22m[2mEmpty
[22m[39m[Mock Data] Unit.onUpdate() subscription added. Total: 1
[90mstdout[2m | src/components/ChatSidebar/VirtualizedMessageList.stories.jsx[2m > [22m[2mEmpty
[22m[39m[SectionContext] Section observeQuery update: 0
[90mstdout[2m | src/components/ChatSidebar/VirtualizedMessageList.stories.jsx[2m > [22m[2mEmpty
[22m[39m[FilesContext] File observeQuery update: 6 files
[90mstdout[2m | src/components/ChatSidebar/VirtualizedMessageList.stories.jsx[2m > [22m[2mEmpty
[22m[39m[ChatContext] AssistantChat initialized with 1 chats
[90mstdout[2m | src/components/ChatSidebar/VirtualizedMessageList.stories.jsx[2m > [22m[2mEmpty
[22m[39m[ChatContext] Setting initial chat: mock-assistant-chat-1
[90mstdout[2m | src/components/ChatSidebar/VirtualizedMessageList.stories.jsx[2m > [22m[2mEmpty
[22m[39m[MOCK CourseVectorStore] Initialized with mock data
[90mstdout[2m | src/components/ChatSidebar/VirtualizedMessageList.stories.jsx[2m > [22m[2mEmpty
[22m[39m[FilesContext] Vector store population triggered {
  "currentVectorStoreSize": 3,
  "documentsCount": 0,
  "filesCount": 6,
  "isInitialLoad": true,
}
[90mstdout[2m | src/components/ChatSidebar/VirtualizedMessageList.stories.jsx[2m > [22m[2mEmpty
[22m[39m[FilesContext] Vector store population complete - 3 total embeddings
[90mstdout[2m | src/components/ChatSidebar/VirtualizedMessageList.stories.jsx[2m > [22m[2mEmpty
[22m[39m[ChatContext] Chat exists and not archived, skipping creation
[90mstdout[2m | src/components/ChatSidebar/VirtualizedMessageList.stories.jsx[2m > [22m[2mEmpty
[22m[39m[Mock Storage] downloadData called with: undefined
[90mstdout[2m | src/components/ChatSidebar/VirtualizedMessageList.stories.jsx[2m > [22m[2mFew Messages
[22m[39m[ChatContext] Cleaning up subscriptions
[90mstdout[2m | src/components/ChatSidebar/VirtualizedMessageList.stories.jsx[2m > [22m[2mFew Messages
[22m[39m[Mock Data] Unit.onUpdate() subscription removed. Remaining: 0
[90mstdout[2m | src/components/ChatSidebar/VirtualizedMessageList.stories.jsx[2m > [22m[2mFew Messages
[22m[39m[MOCK CourseVectorStore] Initialized with mock data
[90mstdout[2m | src/components/ChatSidebar/VirtualizedMessageList.stories.jsx[2m > [22m[2mFew Messages
[22m[39m[TranslationModeController] Setting mode to: off
[90mstdout[2m | src/components/ChatSidebar/VirtualizedMessageList.stories.jsx[2m > [22m[2mFew Messages
[22m[39m[UnitContext] useEffect triggered {
  "authLoading": false,
  "hasUser": true,
  "id": "mock-unit-id",
  "userSub": "mock-user-sub",
}
[90mstdout[2m | src/components/ChatSidebar/VirtualizedMessageList.stories.jsx[2m > [22m[2mFew Messages
[22m[39m[UnitContext] Fetching unit data for id: mock-unit-id
[90mstdout[2m | src/components/ChatSidebar/VirtualizedMessageList.stories.jsx[2m > [22m[2mFew Messages
[22m[39m[FilesContext] Initializing vector store from IndexedDB
[90mstdout[2m | src/components/ChatSidebar/VirtualizedMessageList.stories.jsx[2m > [22m[2mFew Messages
[22m[39m[FilesContext] fetchFiles called
[90mstdout[2m | src/components/ChatSidebar/VirtualizedMessageList.stories.jsx[2m > [22m[2mFew Messages
[22m[39m[FilesContext] User authenticated: mock-user-sub
[90mstdout[2m | src/components/ChatSidebar/VirtualizedMessageList.stories.jsx[2m > [22m[2mFew Messages
[22m[39m[FilesContext] Identity ID: us-east-1:mock-identity-123
[90mstdout[2m | src/components/ChatSidebar/VirtualizedMessageList.stories.jsx[2m > [22m[2mFew Messages
[22m[39m[FilesContext] About to set up File observeQuery
[90mstdout[2m | src/components/ChatSidebar/VirtualizedMessageList.stories.jsx[2m > [22m[2mFew Messages
[22m[39m[ChatContext] Setting up AssistantChat observeQuery
[90mstdout[2m | src/components/ChatSidebar/VirtualizedMessageList.stories.jsx[2m > [22m[2mFew Messages
[22m[39m[ChatContext] Waiting for subscription to initialize
[90mstdout[2m | src/components/ChatSidebar/VirtualizedMessageList.stories.jsx[2m > [22m[2mFew Messages
[22m[39m[SettingsContext] Setting up Settings subscription for user: mock-user-sub
[90mstdout[2m | src/components/ChatSidebar/VirtualizedMessageList.stories.jsx[2m > [22m[2mFew Messages
[22m[39m[Mock Data] Settings created: mock-settings-1790416321285 - notified 0 subscribers
[90mstdout[2m | src/components/ChatSidebar/VirtualizedMessageList.stories.jsx[2m > [22m[2mFew Messages
[22m[39m[Mock Data] Unit.onUpdate() subscription added. Total: 1
[90mstdout[2m | src/components/ChatSidebar/VirtualizedMessageList.stories.jsx[2m > [22m[2mFew Messages
[22m[39m[SectionContext] Section observeQuery update: 0
[90mstdout[2m | src/components/ChatSidebar/VirtualizedMessageList.stories.jsx[2m > [22m[2mFew Messages
[22m[39m[FilesContext] File observeQuery update: 6 files
[90mstdout[2m | src/components/ChatSidebar/VirtualizedMessageList.stories.jsx[2m > [22m[2mFew Messages
[22m[39m[ChatContext] AssistantChat initialized with 1 chats
[90mstdout[2m | src/components/ChatSidebar/VirtualizedMessageList.stories.jsx[2m > [22m[2mFew Messages
[22m[39m[ChatContext] Setting initial chat: mock-assistant-chat-1
[90mstdout[2m | src/components/ChatSidebar/VirtualizedMessageList.stories.jsx[2m > [22m[2mFew Messages
[22m[39m[MOCK CourseVectorStore] Initialized with mock data
[90mstdout[2m | src/components/ChatSidebar/VirtualizedMessageList.stories.jsx[2m > [22m[2mFew Messages
[22m[39m[FilesContext] Vector store population triggered {
  "currentVectorStoreSize": 3,
  "documentsCount": 0,
  "filesCount": 6,
  "isInitialLoad": true,
}
[90mstdout[2m | src/components/ChatSidebar/VirtualizedMessageList.stories.jsx[2m > [22m[2mFew Messages
[22m[39m[FilesContext] Vector store population complete - 3 total embeddings
[90mstdout[2m | src/components/ChatSidebar/VirtualizedMessageList.stories.jsx[2m > [22m[2mFew Messages
[22m[39m[ChatContext] Chat exists and not archived, skipping creation
[90mstdout[2m | src/components/ChatSidebar/VirtualizedMessageList.stories.jsx[2m > [22m[2mFew Messages
[22m[39m[Mock Storage] downloadData called with: undefined
[90mstdout[2m | src/components/ChatSidebar/VirtualizedMessageList.stories.jsx[2m > [22m[2mMany Messages
[22m[39mfilterWords {
  "filter": "",
  "wordsCount": 0,
}
[90mstdout[2m | src/components/ChatSidebar/VirtualizedMessageList.stories.jsx[2m > [22m[2mMany Messages
[22m[39m[ChatContext] Cleaning up subscriptions
[90mstdout[2m | src/components/ChatSidebar/VirtualizedMessageList.stories.jsx[2m > [22m[2mMany Messages
[22m[39m[Mock Data] Unit.onUpdate() subscription removed. Remaining: 0
[90mstdout[2m | src/components/ChatSidebar/VirtualizedMessageList.stories.jsx[2m > [22m[2mMany Messages
[22m[39m[MOCK CourseVectorStore] Initialized with mock data
[90mstdout[2m | src/components/ChatSidebar/VirtualizedMessageList.stories.jsx[2m > [22m[2mMany Messages
[22m[39m[TranslationModeController] Setting mode to: off
[90mstdout[2m | src/components/ChatSidebar/VirtualizedMessageList.stories.jsx[2m > [22m[2mMany Messages
[22m[39m[UnitContext] useEffect triggered {
  "authLoading": false,
  "hasUser": true,
  "id": "mock-unit-id",
  "userSub": "mock-user-sub",
}
[90mstdout[2m | src/components/ChatSidebar/VirtualizedMessageList.stories.jsx[2m > [22m[2mMany Messages
[22m[39m[UnitContext] Fetching unit data for id: mock-unit-id
[90mstdout[2m | src/components/ChatSidebar/VirtualizedMessageList.stories.jsx[2m > [22m[2mMany Messages
[22m[39m[FilesContext] Initializing vector store from IndexedDB
[90mstdout[2m | src/components/ChatSidebar/VirtualizedMessageList.stories.jsx[2m > [22m[2mMany Messages
[22m[39m[FilesContext] fetchFiles called
[90mstdout[2m | src/components/ChatSidebar/VirtualizedMessageList.stories.jsx[2m > [22m[2mMany Messages
[22m[39m[FilesContext] User authenticated: mock-user-sub
[90mstdout[2m | src/components/ChatSidebar/VirtualizedMessageList.stories.jsx[2m > [22m[2mMany Messages
[22m[39m[FilesContext] Identity ID: us-east-1:mock-identity-123
[90mstdout[2m | src/components/ChatSidebar/VirtualizedMessageList.stories.jsx[2m > [22m[2mMany Messages
[22m[39m[FilesContext] About to set up File observeQuery
[90mstdout[2m | src/components/ChatSidebar/VirtualizedMessageList.stories.jsx[2m > [22m[2mMany Messages
[22m[39m[ChatContext] Setting up AssistantChat observeQuery
[90mstdout[2m | src/components/ChatSidebar/VirtualizedMessageList.stories.jsx[2m > [22m[2mMany Messages
[22m[39m[ChatContext] Waiting for subscription to initialize
[90mstdout[2m | src/components/ChatSidebar/VirtualizedMessageList.stories.jsx[2m > [22m[2mMany Messages
[22m[39m[SettingsContext] Setting up Settings subscription for user: mock-user-sub
[90mstdout[2m | src/components/ChatSidebar/VirtualizedMessageList.stories.jsx[2m > [22m[2mMany Messages
[22m[39m[Mock Data] Settings created: mock-settings-1790416321501 - notified 0 subscribers
[90mstdout[2m | src/components/ChatSidebar/VirtualizedMessageList.stories.jsx[2m > [22m[2mMany Messages
[22m[39m[Mock Data] Unit.onUpdate() subscription added. Total: 1
[90mstdout[2m | src/components/ChatSidebar/VirtualizedMessageList.stories.jsx[2m > [22m[2mMany Messages
[22m[39m[SectionContext] Section observeQuery update: 0
[90mstdout[2m | src/components/ChatSidebar/VirtualizedMessageList.stories.jsx[2m > [22m[2mMany Messages
[22m[39m[FilesContext] File observeQuery update: 6 files
[90mstdout[2m | src/components/ChatSidebar/VirtualizedMessageList.stories.jsx[2m > [22m[2mMany Messages
[22m[39m[ChatContext] AssistantChat initialized with 1 chats
[90mstdout[2m | src/components/ChatSidebar/VirtualizedMessageList.stories.jsx[2m > [22m[2mMany Messages
[22m[39m[ChatContext] Setting initial chat: mock-assistant-chat-1
[90mstdout[2m | src/components/ChatSidebar/VirtualizedMessageList.stories.jsx[2m > [22m[2mMany Messages
[22m[39m[MOCK CourseVectorStore] Initialized with mock data
[90mstdout[2m | src/components/ChatSidebar/VirtualizedMessageList.stories.jsx[2m > [22m[2mMany Messages
[22m[39m[FilesContext] Vector store population triggered {
  "currentVectorStoreSize": 3,
  "documentsCount": 0,
  "filesCount": 6,
  "isInitialLoad": true,
}
[90mstdout[2m | src/components/ChatSidebar/VirtualizedMessageList.stories.jsx[2m > [22m[2mMany Messages
[22m[39m[FilesContext] Vector store population complete - 3 total embeddings
[90mstdout[2m | src/components/ChatSidebar/VirtualizedMessageList.stories.jsx[2m > [22m[2mMany Messages
[22m[39m[ChatContext] Chat exists and not archived, skipping creation
[90mstdout[2m | src/components/ChatSidebar/VirtualizedMessageList.stories.jsx[2m > [22m[2mMany Messages
[22m[39m[Mock Storage] downloadData called with: undefined
[90mstdout[2m | src/components/ChatSidebar/VirtualizedMessageList.stories.jsx[2m > [22m[2mLarge Conversation
[22m[39m[ChatContext] Cleaning up subscriptions
[90mstdout[2m | src/components/ChatSidebar/VirtualizedMessageList.stories.jsx[2m > [22m[2mLarge Conversation
[22m[39m[Mock Data] Unit.onUpdate() subscription removed. Remaining: 0
[90mstdout[2m | src/components/ChatSidebar/VirtualizedMessageList.stories.jsx[2m > [22m[2mLarge Conversation
[22m[39m[MOCK CourseVectorStore] Initialized with mock data
[90mstdout[2m | src/components/ChatSidebar/VirtualizedMessageList.stories.jsx[2m > [22m[2mLarge Conversation
[22m[39m[TranslationModeController] Setting mode to: off
[90mstdout[2m | src/components/ChatSidebar/VirtualizedMessageList.stories.jsx[2m > [22m[2mLarge Conversation
[22m[39m[UnitContext] useEffect triggered {
  "authLoading": false,
  "hasUser": true,
  "id": "mock-unit-id",
  "userSub": "mock-user-sub",
}
[90mstdout[2m | src/components/ChatSidebar/VirtualizedMessageList.stories.jsx[2m > [22m[2mLarge Conversation
[22m[39m[UnitContext] Fetching unit data for id: mock-unit-id
[90mstdout[2m | src/components/ChatSidebar/VirtualizedMessageList.stories.jsx[2m > [22m[2mLarge Conversation
[22m[39m[FilesContext] Initializing vector store from IndexedDB
[90mstdout[2m | src/components/ChatSidebar/VirtualizedMessageList.stories.jsx[2m > [22m[2mLarge Conversation
[22m[39m[FilesContext] fetchFiles called
[90mstdout[2m | src/components/ChatSidebar/VirtualizedMessageList.stories.jsx[2m > [22m[2mLarge Conversation
[22m[39m[FilesContext] User authenticated: mock-user-sub
[90mstdout[2m | src/components/ChatSidebar/VirtualizedMessageList.stories.jsx[2m > [22m[2mLarge Conversation
[22m[39m[FilesContext] Identity ID: us-east-1:mock-identity-123
[90mstdout[2m | src/components/ChatSidebar/VirtualizedMessageList.stories.jsx[2m > [22m[2mLarge Conversation
[22m[39m[FilesContext] About to set up File observeQuery
[90mstdout[2m | src/components/ChatSidebar/VirtualizedMessageList.stories.jsx[2m > [22m[2mLarge Conversation
[22m[39m[ChatContext] Setting up AssistantChat observeQuery
[90mstdout[2m | src/components/ChatSidebar/VirtualizedMessageList.stories.jsx[2m > [22m[2mLarge Conversation
[22m[39m[ChatContext] Waiting for subscription to initialize
[90mstdout[2m | src/components/ChatSidebar/VirtualizedMessageList.stories.jsx[2m > [22m[2mLarge Conversation
[22m[39m[SettingsContext] Setting up Settings subscription for user: mock-user-sub
[90mstdout[2m | src/components/ChatSidebar/VirtualizedMessageList.stories.jsx[2m > [22m[2mLarge Conversation
[22m[39m[Mock Data] Settings created: mock-settings-1790416321938 - notified 0 subscribers
[90mstdout[2m | src/components/ChatSidebar/VirtualizedMessageList.stories.jsx[2m > [22m[2mLarge Conversation
[22m[39m[Mock Data] Unit.onUpdate() subscription added. Total: 1
[90mstdout[2m | src/components/ChatSidebar/VirtualizedMessageList.stories.jsx[2m > [22m[2mLarge Conversation
[22m[39m[SectionContext] Section observeQuery update: 0
[90mstdout[2m | src/components/ChatSidebar/VirtualizedMessageList.stories.jsx[2m > [22m[2mLarge Conversation
[22m[39m[FilesContext] File observeQuery update: 6 files
[90mstdout[2m | src/components/ChatSidebar/VirtualizedMessageList.stories.jsx[2m > [22m[2mLarge Conversation
[22m[39m[ChatContext] AssistantChat initialized with 1 chats
[90mstdout[2m | src/components/ChatSidebar/VirtualizedMessageList.stories.jsx[2m > [22m[2mLarge Conversation
[22m[39m[ChatContext] Setting initial chat: mock-assistant-chat-1
[90mstdout[2m | src/components/ChatSidebar/VirtualizedMessageList.stories.jsx[2m > [22m[2mLarge Conversation
[22m[39m[MOCK CourseVectorStore] Initialized with mock data
[90mstdout[2m | src/components/ChatSidebar/VirtualizedMessageList.stories.jsx[2m > [22m[2mLarge Conversation
[22m[39m[FilesContext] Vector store population triggered {
  "currentVectorStoreSize": 3,
  "documentsCount": 0,
  "filesCount": 6,
  "isInitialLoad": true,
}
[90mstdout[2m | src/components/ChatSidebar/VirtualizedMessageList.stories.jsx[2m > [22m[2mLarge Conversation
[22m[39m[FilesContext] Vector store population complete - 3 total embeddings
[90mstdout[2m | src/components/ChatSidebar/VirtualizedMessageList.stories.jsx[2m > [22m[2mLarge Conversation
[22m[39m[ChatContext] Chat exists and not archived, skipping creation
[90mstdout[2m | src/components/ChatSidebar/VirtualizedMessageList.stories.jsx[2m > [22m[2mLarge Conversation
[22m[39m[Mock Storage] downloadData called with: undefined
[90mstdout[2m | src/components/ChatSidebar/VirtualizedMessageList.stories.jsx[2m > [22m[2mWith Tool Calls
[22m[39m[ChatContext] Cleaning up subscriptions
[90mstdout[2m | src/components/ChatSidebar/VirtualizedMessageList.stories.jsx[2m > [22m[2mWith Tool Calls
[22m[39m[Mock Data] Unit.onUpdate() subscription removed. Remaining: 0
[90mstdout[2m | src/components/ChatSidebar/VirtualizedMessageList.stories.jsx[2m > [22m[2mWith Tool Calls
[22m[39m[MOCK CourseVectorStore] Initialized with mock data
[90mstdout[2m | src/components/ChatSidebar/VirtualizedMessageList.stories.jsx[2m > [22m[2mWith Tool Calls
[22m[39m[TranslationModeController] Setting mode to: off
[90mstdout[2m | src/components/ChatSidebar/VirtualizedMessageList.stories.jsx[2m > [22m[2mWith Tool Calls
[22m[39m[UnitContext] useEffect triggered {
  "authLoading": false,
  "hasUser": true,
  "id": "mock-unit-id",
  "userSub": "mock-user-sub",
}
[90mstdout[2m | src/components/ChatSidebar/VirtualizedMessageList.stories.jsx[2m > [22m[2mWith Tool Calls
[22m[39m[UnitContext] Fetching unit data for id: mock-unit-id
[90mstdout[2m | src/components/ChatSidebar/VirtualizedMessageList.stories.jsx[2m > [22m[2mWith Tool Calls
[22m[39m[FilesContext] Initializing vector store from IndexedDB
[90mstdout[2m | src/components/ChatSidebar/VirtualizedMessageList.stories.jsx[2m > [22m[2mWith Tool Calls
[22m[39m[FilesContext] fetchFiles called
[90mstdout[2m | src/components/ChatSidebar/VirtualizedMessageList.stories.jsx[2m > [22m[2mWith Tool Calls
[22m[39m[FilesContext] User authenticated: mock-user-sub
[90mstdout[2m | src/components/ChatSidebar/VirtualizedMessageList.stories.jsx[2m > [22m[2mWith Tool Calls
[22m[39m[FilesContext] Identity ID: us-east-1:mock-identity-123
[90mstdout[2m | src/components/ChatSidebar/VirtualizedMessageList.stories.jsx[2m > [22m[2mWith Tool Calls
[22m[39m[FilesContext] About to set up File observeQuery
[90mstdout[2m | src/components/ChatSidebar/VirtualizedMessageList.stories.jsx[2m > [22m[2mWith Tool Calls
[22m[39m[ChatContext] Setting up AssistantChat observeQuery
[90mstdout[2m | src/components/ChatSidebar/VirtualizedMessageList.stories.jsx[2m > [22m[2mWith Tool Calls
[22m[39m[ChatContext] Waiting for subscription to initialize
[90mstdout[2m | src/components/ChatSidebar/VirtualizedMessageList.stories.jsx[2m > [22m[2mWith Tool Calls
[22m[39m[SettingsContext] Setting up Settings subscription for user: mock-user-sub
[90mstdout[2m | src/components/ChatSidebar/VirtualizedMessageList.stories.jsx[2m > [22m[2mWith Tool Calls
[22m[39m[Mock Data] Settings created: mock-settings-1790416322331 - notified 0 subscribers
[90mstdout[2m | src/components/ChatSidebar/VirtualizedMessageList.stories.jsx[2m > [22m[2mWith Tool Calls
[22m[39m[Mock Data] Unit.onUpdate() subscription added. Total: 1
[90mstdout[2m | src/components/ChatSidebar/VirtualizedMessageList.stories.jsx[2m > [22m[2mWith Tool Calls
[22m[39m[SectionContext] Section observeQuery update: 0
[90mstdout[2m | src/components/ChatSidebar/VirtualizedMessageList.stories.jsx[2m > [22m[2mWith Tool Calls
[22m[39m[FilesContext] File observeQuery update: 6 files
[90mstdout[2m | src/components/ChatSidebar/VirtualizedMessageList.stories.jsx[2m > [22m[2mWith Tool Calls
[22m[39m[ChatContext] AssistantChat initialized with 1 chats
[90mstdout[2m | src/components/ChatSidebar/VirtualizedMessageList.stories.jsx[2m > [22m[2mWith Tool Calls
[22m[39m[ChatContext] Setting initial chat: mock-assistant-chat-1
[90mstdout[2m | src/components/ChatSidebar/VirtualizedMessageList.stories.jsx[2m > [22m[2mWith Tool Calls
[22m[39m[MOCK CourseVectorStore] Initialized with mock data
[90mstdout[2m | src/components/ChatSidebar/VirtualizedMessageList.stories.jsx[2m > [22m[2mWith Tool Calls
[22m[39m[FilesContext] Vector store population triggered {
  "currentVectorStoreSize": 3,
  "documentsCount": 0,
  "filesCount": 6,
  "isInitialLoad": true,
}
[90mstdout[2m | src/components/ChatSidebar/VirtualizedMessageList.stories.jsx[2m > [22m[2mWith Tool Calls
[22m[39m[FilesContext] Vector store population complete - 3 total embeddings
[90mstdout[2m | src/components/ChatSidebar/VirtualizedMessageList.stories.jsx[2m > [22m[2mWith Tool Calls
[22m[39m[ChatContext] Chat exists and not archived, skipping creation
[90mstdout[2m | src/components/ChatSidebar/VirtualizedMessageList.stories.jsx[2m > [22m[2mWith Tool Calls
[22m[39m[Mock Storage] downloadData called with: undefined
[90mstdout[2m | src/components/ChatSidebar/VirtualizedMessageList.stories.jsx[2m > [22m[2mStreaming Message
[22m[39m[ChatContext] Cleaning up subscriptions
[90mstdout[2m | src/components/ChatSidebar/VirtualizedMessageList.stories.jsx[2m > [22m[2mStreaming Message
[22m[39m[Mock Data] Unit.onUpdate() subscription removed. Remaining: 0
[90mstdout[2m | src/components/ChatSidebar/VirtualizedMessageList.stories.jsx[2m > [22m[2mStreaming Message
[22m[39m[MOCK CourseVectorStore] Initialized with mock data
[90mstdout[2m | src/components/ChatSidebar/VirtualizedMessageList.stories.jsx[2m > [22m[2mStreaming Message
[22m[39m[TranslationModeController] Setting mode to: off
[90mstdout[2m | src/components/ChatSidebar/VirtualizedMessageList.stories.jsx[2m > [22m[2mStreaming Message
[22m[39m[UnitContext] useEffect triggered {
  "authLoading": false,
  "hasUser": true,
  "id": "mock-unit-id",
  "userSub": "mock-user-sub",
}
[90mstdout[2m | src/components/ChatSidebar/VirtualizedMessageList.stories.jsx[2m > [22m[2mStreaming Message
[22m[39m[UnitContext] Fetching unit data for id: mock-unit-id
[90mstdout[2m | src/components/ChatSidebar/VirtualizedMessageList.stories.jsx[2m > [22m[2mStreaming Message
[22m[39m[FilesContext] Initializing vector store from IndexedDB
[90mstdout[2m | src/components/ChatSidebar/VirtualizedMessageList.stories.jsx[2m > [22m[2mStreaming Message
[22m[39m[FilesContext] fetchFiles called
[90mstdout[2m | src/components/ChatSidebar/VirtualizedMessageList.stories.jsx[2m > [22m[2mStreaming Message
[22m[39m[FilesContext] User authenticated: mock-user-sub
[90mstdout[2m | src/components/ChatSidebar/VirtualizedMessageList.stories.jsx[2m > [22m[2mStreaming Message
[22m[39m[FilesContext] Identity ID: us-east-1:mock-identity-123
[90mstdout[2m | src/components/ChatSidebar/VirtualizedMessageList.stories.jsx[2m > [22m[2mStreaming Message
[22m[39m[FilesContext] About to set up File observeQuery
[90mstdout[2m | src/components/ChatSidebar/VirtualizedMessageList.stories.jsx[2m > [22m[2mStreaming Message
[22m[39m[ChatContext] Setting up AssistantChat observeQuery
[90mstdout[2m | src/components/ChatSidebar/VirtualizedMessageList.stories.jsx[2m > [22m[2mStreaming Message
[22m[39m[ChatContext] Waiting for subscription to initialize
[90mstdout[2m | src/components/ChatSidebar/VirtualizedMessageList.stories.jsx[2m > [22m[2mStreaming Message
[22m[39m[SettingsContext] Setting up Settings subscription for user: mock-user-sub
[90mstdout[2m | src/components/ChatSidebar/VirtualizedMessageList.stories.jsx[2m > [22m[2mStreaming Message
[22m[39m[Mock Data] Settings created: mock-settings-1790416322735 - notified 0 subscribers
[90mstdout[2m | src/components/ChatSidebar/VirtualizedMessageList.stories.jsx[2m > [22m[2mStreaming Message
[22m[39m[Mock Data] Unit.onUpdate() subscription added. Total: 1
[90mstdout[2m | src/components/ChatSidebar/VirtualizedMessageList.stories.jsx[2m > [22m[2mStreaming Message
[22m[39m[SectionContext] Section observeQuery update: 0
[90mstdout[2m | src/components/ChatSidebar/VirtualizedMessageList.stories.jsx[2m > [22m[2mStreaming Message
[22m[39m[FilesContext] File observeQuery update: 6 files
[90mstdout[2m | src/components/ChatSidebar/VirtualizedMessageList.stories.jsx[2m > [22m[2mStreaming Message
[22m[39m[ChatContext] AssistantChat initialized with 1 chats
[90mstdout[2m | src/components/ChatSidebar/VirtualizedMessageList.stories.jsx[2m > [22m[2mStreaming Message
[22m[39m[ChatContext] Setting initial chat: mock-assistant-chat-1
[90mstdout[2m | src/components/ChatSidebar/VirtualizedMessageList.stories.jsx[2m > [22m[2mStreaming Message
[22m[39m[MOCK CourseVectorStore] Initialized with mock data
[90mstdout[2m | src/components/ChatSidebar/VirtualizedMessageList.stories.jsx[2m > [22m[2mStreaming Message
[22m[39m[FilesContext] Vector store population triggered {
  "currentVectorStoreSize": 3,
  "documentsCount": 0,
  "filesCount": 6,
  "isInitialLoad": true,
}
[90mstdout[2m | src/components/ChatSidebar/VirtualizedMessageList.stories.jsx[2m > [22m[2mStreaming Message
[22m[39m[FilesContext] Vector store population complete - 3 total embeddings
[90mstdout[2m | src/components/ChatSidebar/VirtualizedMessageList.stories.jsx[2m > [22m[2mStreaming Message
[22m[39m[ChatContext] Chat exists and not archived, skipping creation
[90mstdout[2m | src/components/ChatSidebar/VirtualizedMessageList.stories.jsx[2m > [22m[2mStreaming Message
[22m[39m[Mock Storage] downloadData called with: undefined
[90mstdout[2m | src/components/ChatSidebar/VirtualizedMessageList.stories.jsx[2m > [22m[2mCustom Rendering
[22m[39m[ChatContext] Cleaning up subscriptions
[90mstdout[2m | src/components/ChatSidebar/VirtualizedMessageList.stories.jsx[2m > [22m[2mCustom Rendering
[22m[39m[Mock Data] Unit.onUpdate() subscription removed. Remaining: 0
[90mstdout[2m | src/components/ChatSidebar/VirtualizedMessageList.stories.jsx[2m > [22m[2mCustom Rendering
[22m[39m[MOCK CourseVectorStore] Initialized with mock data
[90mstdout[2m | src/components/ChatSidebar/VirtualizedMessageList.stories.jsx[2m > [22m[2mCustom Rendering
[22m[39m[TranslationModeController] Setting mode to: off
[90mstdout[2m | src/components/ChatSidebar/VirtualizedMessageList.stories.jsx[2m > [22m[2mCustom Rendering
[22m[39m[UnitContext] useEffect triggered {
  "authLoading": false,
  "hasUser": true,
  "id": "mock-unit-id",
  "userSub": "mock-user-sub",
}
[90mstdout[2m | src/components/ChatSidebar/VirtualizedMessageList.stories.jsx[2m > [22m[2mCustom Rendering
[22m[39m[UnitContext] Fetching unit data for id: mock-unit-id
[90mstdout[2m | src/components/ChatSidebar/VirtualizedMessageList.stories.jsx[2m > [22m[2mCustom Rendering
[22m[39m[FilesContext] Initializing vector store from IndexedDB
[90mstdout[2m | src/components/ChatSidebar/VirtualizedMessageList.stories.jsx[2m > [22m[2mCustom Rendering
[22m[39m[FilesContext] fetchFiles called
[90mstdout[2m | src/components/ChatSidebar/VirtualizedMessageList.stories.jsx[2m > [22m[2mCustom Rendering
[22m[39m[FilesContext] User authenticated: mock-user-sub
[90mstdout[2m | src/components/ChatSidebar/VirtualizedMessageList.stories.jsx[2m > [22m[2mCustom Rendering
[22m[39m[FilesContext] Identity ID: us-east-1:mock-identity-123
[90mstdout[2m | src/components/ChatSidebar/VirtualizedMessageList.stories.jsx[2m > [22m[2mCustom Rendering
[22m[39m[FilesContext] About to set up File observeQuery
[90mstdout[2m | src/components/ChatSidebar/VirtualizedMessageList.stories.jsx[2m > [22m[2mCustom Rendering
[22m[39m[ChatContext] Setting up AssistantChat observeQuery
[90mstdout[2m | src/components/ChatSidebar/VirtualizedMessageList.stories.jsx[2m > [22m[2mCustom Rendering
[22m[39m[ChatContext] Waiting for subscription to initialize
[90mstdout[2m | src/components/ChatSidebar/VirtualizedMessageList.stories.jsx[2m > [22m[2mCustom Rendering
[22m[39m[SettingsContext] Setting up Settings subscription for user: mock-user-sub
[90mstdout[2m | src/components/ChatSidebar/VirtualizedMessageList.stories.jsx[2m > [22m[2mCustom Rendering
[22m[39m[Mock Data] Settings created: mock-settings-1790416322901 - notified 0 subscribers
[90mstdout[2m | src/components/ChatSidebar/VirtualizedMessageList.stories.jsx[2m > [22m[2mCustom Rendering
[22m[39m[Mock Data] Unit.onUpdate() subscription added. Total: 1
[90mstdout[2m | src/components/ChatSidebar/VirtualizedMessageList.stories.jsx[2m > [22m[2mCustom Rendering
[22m[39m[SectionContext] Section observeQuery update: 0
[90mstdout[2m | src/components/ChatSidebar/VirtualizedMessageList.stories.jsx[2m > [22m[2mCustom Rendering
[22m[39m[FilesContext] File observeQuery update: 6 files
[90mstdout[2m | src/components/ChatSidebar/VirtualizedMessageList.stories.jsx[2m > [22m[2mCustom Rendering
[22m[39m[ChatContext] AssistantChat initialized with 1 chats
[90mstdout[2m | src/components/ChatSidebar/VirtualizedMessageList.stories.jsx[2m > [22m[2mCustom Rendering
[22m[39m[ChatContext] Setting initial chat: mock-assistant-chat-1
[90mstdout[2m | src/components/ChatSidebar/VirtualizedMessageList.stories.jsx[2m > [22m[2mCustom Rendering
[22m[39m[MOCK CourseVectorStore] Initialized with mock data
[90mstdout[2m | src/components/ChatSidebar/VirtualizedMessageList.stories.jsx[2m > [22m[2mCustom Rendering
[22m[39m[FilesContext] Vector store population triggered {
  "currentVectorStoreSize": 3,
  "documentsCount": 0,
  "filesCount": 6,
  "isInitialLoad": true,
}
[90mstdout[2m | src/components/ChatSidebar/VirtualizedMessageList.stories.jsx[2m > [22m[2mCustom Rendering
[22m[39m[FilesContext] Vector store population complete - 3 total embeddings
[90mstdout[2m | src/components/ChatSidebar/VirtualizedMessageList.stories.jsx[2m > [22m[2mCustom Rendering
[22m[39m[ChatContext] Chat exists and not archived, skipping creation
[90mstdout[2m | src/components/ChatSidebar/VirtualizedMessageList.stories.jsx[2m > [22m[2mCustom Rendering
[22m[39m[Mock Storage] downloadData called with: undefined
[90mstdout[2m | src/components/ChatSidebar/VirtualizedMessageList.stories.jsx[2m > [22m[2mNo Scroll Button
[22m[39m[ChatContext] Cleaning up subscriptions
[90mstdout[2m | src/components/ChatSidebar/VirtualizedMessageList.stories.jsx[2m > [22m[2mNo Scroll Button
[22m[39m[Mock Data] Unit.onUpdate() subscription removed. Remaining: 0
[90mstdout[2m | src/components/ChatSidebar/VirtualizedMessageList.stories.jsx[2m > [22m[2mNo Scroll Button
[22m[39m[MOCK CourseVectorStore] Initialized with mock data
[90mstdout[2m | src/components/ChatSidebar/VirtualizedMessageList.stories.jsx[2m > [22m[2mNo Scroll Button
[22m[39m[TranslationModeController] Setting mode to: off
[90mstdout[2m | src/components/ChatSidebar/VirtualizedMessageList.stories.jsx[2m > [22m[2mNo Scroll Button
[22m[39m[UnitContext] useEffect triggered {
  "authLoading": false,
  "hasUser": true,
  "id": "mock-unit-id",
  "userSub": "mock-user-sub",
}
[90mstdout[2m | src/components/ChatSidebar/VirtualizedMessageList.stories.jsx[2m > [22m[2mNo Scroll Button
[22m[39m[UnitContext] Fetching unit data for id: mock-unit-id
[90mstdout[2m | src/components/ChatSidebar/VirtualizedMessageList.stories.jsx[2m > [22m[2mNo Scroll Button
[22m[39m[FilesContext] Initializing vector store from IndexedDB
[90mstdout[2m | src/components/ChatSidebar/VirtualizedMessageList.stories.jsx[2m > [22m[2mNo Scroll Button
[22m[39m[FilesContext] fetchFiles called
[90mstdout[2m | src/components/ChatSidebar/VirtualizedMessageList.stories.jsx[2m > [22m[2mNo Scroll Button
[22m[39m[FilesContext] User authenticated: mock-user-sub
[90mstdout[2m | src/components/ChatSidebar/VirtualizedMessageList.stories.jsx[2m > [22m[2mNo Scroll Button
[22m[39m[FilesContext] Identity ID: us-east-1:mock-identity-123
[90mstdout[2m | src/components/ChatSidebar/VirtualizedMessageList.stories.jsx[2m > [22m[2mNo Scroll Button
[22m[39m[FilesContext] About to set up File observeQuery
[90mstdout[2m | src/components/ChatSidebar/VirtualizedMessageList.stories.jsx[2m > [22m[2mNo Scroll Button
[22m[39m[ChatContext] Setting up AssistantChat observeQuery
[90mstdout[2m | src/components/ChatSidebar/VirtualizedMessageList.stories.jsx[2m > [22m[2mNo Scroll Button
[22m[39m[ChatContext] Waiting for subscription to initialize
[90mstdout[2m | src/components/ChatSidebar/VirtualizedMessageList.stories.jsx[2m > [22m[2mNo Scroll Button
[22m[39m[SettingsContext] Setting up Settings subscription for user: mock-user-sub
[90mstdout[2m | src/components/ChatSidebar/VirtualizedMessageList.stories.jsx[2m > [22m[2mNo Scroll Button
[22m[39m[Mock Data] Settings created: mock-settings-1790416323107 - notified 0 subscribers
[90mstdout[2m | src/components/ChatSidebar/VirtualizedMessageList.stories.jsx[2m > [22m[2mNo Scroll Button
[22m[39m[Mock Data] Unit.onUpdate() subscription added. Total: 1
[90mstdout[2m | src/components/ChatSidebar/VirtualizedMessageList.stories.jsx[2m > [22m[2mNo Scroll Button
[22m[39m[SectionContext] Section observeQuery update: 0
[90mstdout[2m | src/components/ChatSidebar/VirtualizedMessageList.stories.jsx[2m > [22m[2mNo Scroll Button
[22m[39m[FilesContext] File observeQuery update: 6 files
[90mstdout[2m | src/components/ChatSidebar/VirtualizedMessageList.stories.jsx[2m > [22m[2mNo Scroll Button
[22m[39m[ChatContext] AssistantChat initialized with 1 chats
[90mstdout[2m | src/components/ChatSidebar/VirtualizedMessageList.stories.jsx[2m > [22m[2mNo Scroll Button
[22m[39m[ChatContext] Setting initial chat: mock-assistant-chat-1
[90mstdout[2m | src/components/ChatSidebar/VirtualizedMessageList.stories.jsx[2m > [22m[2mNo Scroll Button
[22m[39m[MOCK CourseVectorStore] Initialized with mock data
[90mstdout[2m | src/components/ChatSidebar/VirtualizedMessageList.stories.jsx[2m > [22m[2mNo Scroll Button
[22m[39m[FilesContext] Vector store population triggered {
  "currentVectorStoreSize": 3,
  "documentsCount": 0,
  "filesCount": 6,
  "isInitialLoad": true,
}
[90mstdout[2m | src/components/ChatSidebar/VirtualizedMessageList.stories.jsx[2m > [22m[2mNo Scroll Button
[22m[39m[FilesContext] Vector store population complete - 3 total embeddings
[90mstdout[2m | src/components/ChatSidebar/VirtualizedMessageList.stories.jsx[2m > [22m[2mNo Scroll Button
[22m[39m[ChatContext] Chat exists and not archived, skipping creation
[90mstdout[2m | src/components/ChatSidebar/VirtualizedMessageList.stories.jsx[2m > [22m[2mNo Scroll Button
[22m[39m[Mock Storage] downloadData called with: undefined
[90mstdout[2m | src/components/ChatSidebar/VirtualizedMessageList.stories.jsx[2m > [22m[2mLarg Messages
[22m[39mfilterWords {
  "filter": "",
  "wordsCount": 0,
}
[90mstdout[2m | src/components/ChatSidebar/VirtualizedMessageList.stories.jsx[2m > [22m[2mLarg Messages
[22m[39m[ChatContext] Cleaning up subscriptions
[90mstdout[2m | src/components/ChatSidebar/VirtualizedMessageList.stories.jsx[2m > [22m[2mLarg Messages
[22m[39m[Mock Data] Unit.onUpdate() subscription removed. Remaining: 0
[90mstdout[2m | src/components/ChatSidebar/VirtualizedMessageList.stories.jsx[2m > [22m[2mLarg Messages
[22m[39m[MOCK CourseVectorStore] Initialized with mock data
[90mstdout[2m | src/components/ChatSidebar/VirtualizedMessageList.stories.jsx[2m > [22m[2mLarg Messages
[22m[39m[TranslationModeController] Setting mode to: off
[90mstdout[2m | src/components/ChatSidebar/VirtualizedMessageList.stories.jsx[2m > [22m[2mLarg Messages
[22m[39m[UnitContext] useEffect triggered {
  "authLoading": false,
  "hasUser": true,
  "id": "mock-unit-id",
  "userSub": "mock-user-sub",
}
[90mstdout[2m | src/components/ChatSidebar/VirtualizedMessageList.stories.jsx[2m > [22m[2mLarg Messages
[22m[39m[UnitContext] Fetching unit data for id: mock-unit-id
[90mstdout[2m | src/components/ChatSidebar/VirtualizedMessageList.stories.jsx[2m > [22m[2mLarg Messages
[22m[39m[FilesContext] Initializing vector store from IndexedDB
[90mstdout[2m | src/components/ChatSidebar/VirtualizedMessageList.stories.jsx[2m > [22m[2mLarg Messages
[22m[39m[FilesContext] fetchFiles called
[90mstdout[2m | src/components/ChatSidebar/VirtualizedMessageList.stories.jsx[2m > [22m[2mLarg Messages
[22m[39m[FilesContext] User authenticated: mock-user-sub
[90mstdout[2m | src/components/ChatSidebar/VirtualizedMessageList.stories.jsx[2m > [22m[2mLarg Messages
[22m[39m[FilesContext] Identity ID: us-east-1:mock-identity-123
[90mstdout[2m | src/components/ChatSidebar/VirtualizedMessageList.stories.jsx[2m > [22m[2mLarg Messages
[22m[39m[FilesContext] About to set up File observeQuery
[90mstdout[2m | src/components/ChatSidebar/VirtualizedMessageList.stories.jsx[2m > [22m[2mLarg Messages
[22m[39m[ChatContext] Setting up AssistantChat observeQuery
[90mstdout[2m | src/components/ChatSidebar/VirtualizedMessageList.stories.jsx[2m > [22m[2mLarg Messages
[22m[39m[ChatContext] Waiting for subscription to initialize
[90mstdout[2m | src/components/ChatSidebar/VirtualizedMessageList.stories.jsx[2m > [22m[2mLarg Messages
[22m[39m[SettingsContext] Setting up Settings subscription for user: mock-user-sub
[90mstdout[2m | src/components/ChatSidebar/VirtualizedMessageList.stories.jsx[2m > [22m[2mLarg Messages
[22m[39m[Mock Data] Settings created: mock-settings-1790416323303 - notified 0 subscribers
[90mstdout[2m | src/components/ChatSidebar/VirtualizedMessageList.stories.jsx[2m > [22m[2mLarg Messages
[22m[39m[Mock Data] Unit.onUpdate() subscription added. Total: 1
[90mstdout[2m | src/components/ChatSidebar/VirtualizedMessageList.stories.jsx[2m > [22m[2mLarg Messages
[22m[39m[SectionContext] Section observeQuery update: 0
[90mstdout[2m | src/components/ChatSidebar/VirtualizedMessageList.stories.jsx[2m > [22m[2mLarg Messages
[22m[39m[FilesContext] File observeQuery update: 6 files
[90mstdout[2m | src/components/ChatSidebar/VirtualizedMessageList.stories.jsx[2m > [22m[2mLarg Messages
[22m[39m[ChatContext] AssistantChat initialized with 1 chats
[90mstdout[2m | src/components/ChatSidebar/VirtualizedMessageList.stories.jsx[2m > [22m[2mLarg Messages
[22m[39m[ChatContext] Setting initial chat: mock-assistant-chat-1
[90mstdout[2m | src/components/ChatSidebar/VirtualizedMessageList.stories.jsx[2m > [22m[2mLarg Messages
[22m[39m[MOCK CourseVectorStore] Initialized with mock data
[90mstdout[2m | src/components/ChatSidebar/VirtualizedMessageList.stories.jsx[2m > [22m[2mLarg Messages
[22m[39m[FilesContext] Vector store population triggered {
  "currentVectorStoreSize": 3,
  "documentsCount": 0,
  "filesCount": 6,
  "isInitialLoad": true,
}
[90mstdout[2m | src/components/ChatSidebar/VirtualizedMessageList.stories.jsx[2m > [22m[2mLarg Messages
[22m[39m[FilesContext] Vector store population complete - 3 total embeddings
[90mstdout[2m | src/components/ChatSidebar/VirtualizedMessageList.stories.jsx[2m > [22m[2mLarg Messages
[22m[39m[ChatContext] Chat exists and not archived, skipping creation
[90mstdout[2m | src/components/ChatSidebar/VirtualizedMessageList.stories.jsx[2m > [22m[2mLarg Messages
[22m[39m[Mock Storage] downloadData called with: undefined
 [32m✓[39m [30m[45m storybook (chromium) [49m[39m src/components/ChatSidebar/VirtualizedMessageList.stories.jsx [2m([22m[2m9 tests[22m[2m)[22m[33m 2656[2mms[22m[39m
   [33m[2m✓[22m[39m Many Messages [33m 302[2mms[22m[39m
   [33m[2m✓[22m[39m Large Conversation [33m 406[2mms[22m[39m
   [33m[2m✓[22m[39m With Tool Calls [33m 417[2mms[22m[39m
   [33m[2m✓[22m[39m Streaming Message [33m 319[2mms[22m[39m
   [33m[2m✓[22m[39m Larg Messages [33m 317[2mms[22m[39m
[90mstdout[2m | unknown test
[22m[39m[MOCK vectorStoreDB.js] Module loaded - mock IndexedDB operations
[90mstdout[2m | unknown test
[22m[39m[Task Completion] DOM action listeners initialized
[90mstdout[2m | unknown test
[22m[39m[Task Completion] Auto-completion detector initialized
[90mstdout[2m | unknown test
[22m[39m[Preview] Task completion detector initialized
[90mstdout[2m | src/stories/root-components-with-providers.stories.tsx[2m > [22m[2mAppShell / Default
[22m[39m[MOCK CourseVectorStore] Initialized with mock data
[90mstdout[2m | src/stories/root-components-with-providers.stories.tsx[2m > [22m[2mAppShell / Default
[22m[39m[Mock Auth] setMockUser: {
  "attributes": {
    "email": "alice@example.com",
    "sub": "student-alice-sub",
  },
  "groups": [
    "section-jpn-101-learners",
    "section-jpn-102-learners",
  ],
  "userId": "student-alice-sub",
  "username": "student-alice-sub",
}
[90mstdout[2m | src/stories/root-components-with-providers.stories.tsx[2m > [22m[2mAppShell / Default
[22m[39m[Mock Data] seedMockUnit: Adding unit unit-japanese-1
[90mstdout[2m | src/stories/root-components-with-providers.stories.tsx[2m > [22m[2mAppShell / Default
[22m[39m[Mock Data] seedMockUnit: Adding unit unit-japanese-2
[90mstdout[2m | src/stories/root-components-with-providers.stories.tsx[2m > [22m[2mAppShell / Default
[22m[39m[Mock Data] seedMockUnit: Adding unit unit-japanese-3
[90mstdout[2m | src/stories/root-components-with-providers.stories.tsx[2m > [22m[2mAppShell / Default
[22m[39m[Mock Data] seedMockUnit: Adding unit unit-kanji-basics
[90mstdout[2m | src/stories/root-components-with-providers.stories.tsx[2m > [22m[2mAppShell / Default
[22m[39m[Mock Data] seedMockSections: Adding 2 sections
[90mstdout[2m | src/stories/root-components-with-providers.stories.tsx[2m > [22m[2mAppShell / Default
[22m[39m[Mock Data] Seeding section: section-jpn-101 with owner: teacher-1
[90mstdout[2m | src/stories/root-components-with-providers.stories.tsx[2m > [22m[2mAppShell / Default
[22m[39m[Mock Data] Seeding section: section-jpn-102 with owner: teacher-2
[90mstdout[2m | src/stories/root-components-with-providers.stories.tsx[2m > [22m[2mAppShell / Default
[22m[39m[Mock Data] Total sections in store: 2
[90mstdout[2m | src/stories/root-components-with-providers.stories.tsx[2m > [22m[2mAppShell / Default
[22m[39m[Mock Data] Sections in store: [
  {
    "id": "section-jpn-101",
    "name": "Japanese 101 - Spring 2024",
    "owner": "teacher-1",
  },
  {
    "id": "section-jpn-102",
    "name": "Japanese 102 - Advanced",
    "owner": "teacher-2",
  },
]
[90mstdout[2m | src/stories/root-components-with-providers.stories.tsx[2m > [22m[2mAppShell / Default
[22m[39m[Mock Data] No active Section subscriptions to notify yet
[90mstdout[2m | src/stories/root-components-with-providers.stories.tsx[2m > [22m[2mAppShell / Default
[22m[39m[Mock Data] seedMockAssignments: Adding 4 assignments
[90mstdout[2m | src/stories/root-components-with-providers.stories.tsx[2m > [22m[2mAppShell / Default
[22m[39m[Mock Data] Total assignments in store: 4
[90mstdout[2m | src/stories/root-components-with-providers.stories.tsx[2m > [22m[2mAppShell / Default
[22m[39m[Mock Data] Seeded grade: grade-alice-1 for unit: unit-japanese-1
[90mstdout[2m | src/stories/root-components-with-providers.stories.tsx[2m > [22m[2mAppShell / Default
[22m[39m[Mock Data] Grade has data: true
[90mstdout[2m | src/stories/root-components-with-providers.stories.tsx[2m > [22m[2mAppShell / Default
[22m[39m[Mock Data] Total grades in store: 1
[90mstdout[2m | src/stories/root-components-with-providers.stories.tsx[2m > [22m[2mAppShell / Default
[22m[39m[Mock Data] Seeded grade: grade-alice-1-attempt2 for unit: unit-japanese-1
[90mstdout[2m | src/stories/root-components-with-providers.stories.tsx[2m > [22m[2mAppShell / Default
[22m[39m[Mock Data] Grade has data: true
[90mstdout[2m | src/stories/root-components-with-providers.stories.tsx[2m > [22m[2mAppShell / Default
[22m[39m[Mock Data] Total grades in store: 2
[90mstdout[2m | src/stories/root-components-with-providers.stories.tsx[2m > [22m[2mAppShell / Default
[22m[39m[Mock Data] Seeded grade: grade-alice-2 for unit: unit-japanese-2
[90mstdout[2m | src/stories/root-components-with-providers.stories.tsx[2m > [22m[2mAppShell / Default
[22m[39m[Mock Data] Grade has data: true
[90mstdout[2m | src/stories/root-components-with-providers.stories.tsx[2m > [22m[2mAppShell / Default
[22m[39m[Mock Data] Total grades in store: 3
[90mstdout[2m | src/stories/root-components-with-providers.stories.tsx[2m > [22m[2mAppShell / Default
[22m[39m[Mock Data] seedMockStudentProfiles: Adding 6 student profiles
[90mstdout[2m | src/stories/root-components-with-providers.stories.tsx[2m > [22m[2mAppShell / Default
[22m[39m[Mock Data] seedMockHomeworkRooms: Adding 2 homework rooms
[90mstdout[2m | src/stories/root-components-with-providers.stories.tsx[2m > [22m[2mAppShell / Default
[22m[39m[IndexPageData] Seeded student dashboard with {
  "assignments": 4,
  "grades": 3,
  "sections": 2,
  "units": 4,
}
[90mstdout[2m | src/stories/root-components-with-providers.stories.tsx[2m > [22m[2mAppShell / Default
[22m[39m[MOCK CourseVectorStore] Initialized with mock data
[90mstdout[2m | src/stories/root-components-with-providers.stories.tsx[2m > [22m[2mAppShell / Default
[22m[39m[MOCK CourseVectorStore] Initialized with mock data
[90mstdout[2m | src/stories/root-components-with-providers.stories.tsx[2m > [22m[2mAppShell / Default
[22m[39m[useChatPageContext] Registering page context: {
  "dictionaryCount": 0,
  "filesCount": 0,
  "hasEditorRef": false,
  "hasUnit": false,
  "hasVectorStoreSearch": false,
  "questionsCount": 0,
  "sectionsCount": 0,
}
[90mstdout[2m | src/stories/root-components-with-providers.stories.tsx[2m > [22m[2mAppShell / Default
[22m[39m[FilesContext] Initializing vector store from IndexedDB
[90mstdout[2m | src/stories/root-components-with-providers.stories.tsx[2m > [22m[2mAppShell / Default
[22m[39m[FilesContext] fetchFiles called
[90mstdout[2m | src/stories/root-components-with-providers.stories.tsx[2m > [22m[2mAppShell / Default
[22m[39m[FilesContext] User authenticated: student-alice-sub
[90mstdout[2m | src/stories/root-components-with-providers.stories.tsx[2m > [22m[2mAppShell / Default
[22m[39m[FilesContext] Identity ID: identity-alice
[90mstdout[2m | src/stories/root-components-with-providers.stories.tsx[2m > [22m[2mAppShell / Default
[22m[39m[FilesContext] About to set up File observeQuery
[90mstdout[2m | src/stories/root-components-with-providers.stories.tsx[2m > [22m[2mAppShell / Default
[22m[39m[FilesContext] Initializing vector store from IndexedDB
[90mstdout[2m | src/stories/root-components-with-providers.stories.tsx[2m > [22m[2mAppShell / Default
[22m[39m[FilesContext] fetchFiles called
[90mstdout[2m | src/stories/root-components-with-providers.stories.tsx[2m > [22m[2mAppShell / Default
[22m[39m[FilesContext] User authenticated: student-alice-sub
[90mstdout[2m | src/stories/root-components-with-providers.stories.tsx[2m > [22m[2mAppShell / Default
[22m[39m[FilesContext] Identity ID: identity-alice
[90mstdout[2m | src/stories/root-components-with-providers.stories.tsx[2m > [22m[2mAppShell / Default
[22m[39m[FilesContext] About to set up File observeQuery
[90mstdout[2m | src/stories/root-components-with-providers.stories.tsx[2m > [22m[2mAppShell / Default
[22m[39m[TranslationModeController] Setting mode to: off
[90mstdout[2m | src/stories/root-components-with-providers.stories.tsx[2m > [22m[2mAppShell / Default
[22m[39m[UnitContext] useEffect triggered {
  "authLoading": false,
  "hasUser": true,
  "id": "mock-unit-id",
  "userSub": "student-alice-sub",
}
[90mstdout[2m | src/stories/root-components-with-providers.stories.tsx[2m > [22m[2mAppShell / Default
[22m[39m[UnitContext] Fetching unit data for id: mock-unit-id
[90mstdout[2m | src/stories/root-components-with-providers.stories.tsx[2m > [22m[2mAppShell / Default
[22m[39m[FilesContext] Initializing vector store from IndexedDB
[90mstdout[2m | src/stories/root-components-with-providers.stories.tsx[2m > [22m[2mAppShell / Default
[22m[39m[FilesContext] fetchFiles called
[90mstdout[2m | src/stories/root-components-with-providers.stories.tsx[2m > [22m[2mAppShell / Default
[22m[39m[FilesContext] User authenticated: student-alice-sub
[90mstdout[2m | src/stories/root-components-with-providers.stories.tsx[2m > [22m[2mAppShell / Default
[22m[39m[FilesContext] Identity ID: identity-alice
[90mstdout[2m | src/stories/root-components-with-providers.stories.tsx[2m > [22m[2mAppShell / Default
[22m[39m[FilesContext] About to set up File observeQuery
[90mstdout[2m | src/stories/root-components-with-providers.stories.tsx[2m > [22m[2mAppShell / Default
[22m[39m[ChatContext] Setting up AssistantChat observeQuery
[90mstdout[2m | src/stories/root-components-with-providers.stories.tsx[2m > [22m[2mAppShell / Default
[22m[39m[ChatContext] Waiting for subscription to initialize
[90mstdout[2m | src/stories/root-components-with-providers.stories.tsx[2m > [22m[2mAppShell / Default
[22m[39m[SettingsContext] Setting up Settings subscription for user: student-alice-sub
[90mstdout[2m | src/stories/root-components-with-providers.stories.tsx[2m > [22m[2mAppShell / Default
[22m[39m[Mock Data] Settings created: mock-settings-1790416328596 - notified 0 subscribers
[90mstdout[2m | src/stories/root-components-with-providers.stories.tsx[2m > [22m[2mAppShell / Default
[22m[39m[Mock Data] Unit.onUpdate() subscription added. Total: 1
[90mstdout[2m | src/stories/root-components-with-providers.stories.tsx[2m > [22m[2mAppShell / Default
[22m[39m[FilesContext] File observeQuery update: 6 files
[90mstdout[2m | src/stories/root-components-with-providers.stories.tsx[2m > [22m[2mAppShell / Default
[22m[39m[FilesContext] File observeQuery update: 6 files
[90mstdout[2m | src/stories/root-components-with-providers.stories.tsx[2m > [22m[2mAppShell / Default
[22m[39m[SectionContext] Section observeQuery update: 2
[90mstdout[2m | src/stories/root-components-with-providers.stories.tsx[2m > [22m[2mAppShell / Default
[22m[39m[FilesContext] File observeQuery update: 6 files
[90mstdout[2m | src/stories/root-components-with-providers.stories.tsx[2m > [22m[2mAppShell / Default
[22m[39m[ChatContext] AssistantChat initialized with 1 chats
[90mstdout[2m | src/stories/root-components-with-providers.stories.tsx[2m > [22m[2mAppShell / Default
[22m[39m[ChatContext] Setting initial chat: mock-assistant-chat-1
[90mstdout[2m | src/stories/root-components-with-providers.stories.tsx[2m > [22m[2mAppShell / Default
[22m[39m[MOCK CourseVectorStore] Initialized with mock data
[90mstdout[2m | src/stories/root-components-with-providers.stories.tsx[2m > [22m[2mAppShell / Default
[22m[39m[MOCK CourseVectorStore] Initialized with mock data
[90mstdout[2m | src/stories/root-components-with-providers.stories.tsx[2m > [22m[2mAppShell / Default
[22m[39m[MOCK CourseVectorStore] Initialized with mock data
[90mstdout[2m | src/stories/root-components-with-providers.stories.tsx[2m > [22m[2mAppShell / Default
[22m[39m[FilesContext] Vector store population triggered {
  "currentVectorStoreSize": 3,
  "documentsCount": 0,
  "filesCount": 6,
  "isInitialLoad": true,
}
[90mstdout[2m | src/stories/root-components-with-providers.stories.tsx[2m > [22m[2mAppShell / Default
[22m[39m[FilesContext] Vector store population complete - 3 total embeddings
[90mstdout[2m | src/stories/root-components-with-providers.stories.tsx[2m > [22m[2mAppShell / Default
[22m[39m[FilesContext] Vector store population triggered {
  "currentVectorStoreSize": 3,
  "documentsCount": 0,
  "filesCount": 6,
  "isInitialLoad": true,
}
[90mstdout[2m | src/stories/root-components-with-providers.stories.tsx[2m > [22m[2mAppShell / Default
[22m[39m[FilesContext] Vector store population complete - 3 total embeddings
[90mstdout[2m | src/stories/root-components-with-providers.stories.tsx[2m > [22m[2mAppShell / Default
[22m[39m[FilesContext] Vector store population triggered {
  "currentVectorStoreSize": 3,
  "documentsCount": 0,
  "filesCount": 6,
  "isInitialLoad": true,
}
[90mstdout[2m | src/stories/root-components-with-providers.stories.tsx[2m > [22m[2mAppShell / Default
[22m[39m[FilesContext] Vector store population complete - 3 total embeddings
[90mstdout[2m | src/stories/root-components-with-providers.stories.tsx[2m > [22m[2mAppShell / Default
[22m[39m[ChatContext] Chat exists and not archived, skipping creation
[90mstdout[2m | src/stories/root-components-with-providers.stories.tsx[2m > [22m[2mAppShell / Default
[22m[39m[YjsProvider] chat-section-section-jpn-101 connection status: connected
[90mstdout[2m | src/stories/root-components-with-providers.stories.tsx[2m > [22m[2mAppShell / Default
[22m[39m[YjsProvider] chat-section-section-jpn-101 synced with server
[90mstdout[2m | src/stories/root-components-with-providers.stories.tsx[2m > [22m[2mAppShell / Default
[22m[39mMock Cache.getItem called with: getCachedUrl_/story-mocks/animals-10008941_1280.jpg
[90mstdout[2m | src/stories/root-components-with-providers.stories.tsx[2m > [22m[2mAppShell / Default
[22m[39mMock getUrl called with: /story-mocks/animals-10008941_1280.jpg
[90mstdout[2m | src/stories/root-components-with-providers.stories.tsx[2m > [22m[2mAppShell / Default
[22m[39mMock Cache.setItem called with: getCachedUrl_/story-mocks/animals-10008941_1280.jpg /story-mocks/animals-10008941_1280.jpg
[90mstdout[2m | src/stories/root-components-with-providers.stories.tsx[2m > [22m[2mGradeReviewDrawer / Open
[22m[39m[ChatContext] Cleaning up subscriptions
[90mstdout[2m | src/stories/root-components-with-providers.stories.tsx[2m > [22m[2mGradeReviewDrawer / Open
[22m[39m[Mock Data] Unit.onUpdate() subscription removed. Remaining: 0
[90mstdout[2m | src/stories/root-components-with-providers.stories.tsx[2m > [22m[2mGradeReviewDrawer / Open
[22m[39m[useChatPageContext] Cleaning up page context
[90mstdout[2m | src/stories/root-components-with-providers.stories.tsx[2m > [22m[2mGradeReviewDrawer / Open
[22m[39m[YjsProvider] chat-section-section-jpn-101 connection status: disconnected
[90mstdout[2m | src/stories/root-components-with-providers.stories.tsx[2m > [22m[2mGradeReviewDrawer / Open
[22m[39m[MOCK CourseVectorStore] Initialized with mock data
[90mstdout[2m | src/stories/root-components-with-providers.stories.tsx[2m > [22m[2mGradeReviewDrawer / Open
[22m[39m[Mock Auth] setMockUser: {
  "attributes": {
    "email": "teacher@example.com",
    "sub": "teacher-1",
  },
  "groups": [
    "Instructors",
  ],
  "userId": "teacher-1",
  "username": "teacher-1",
}
[90mstdout[2m | src/stories/root-components-with-providers.stories.tsx[2m > [22m[2mGradeReviewDrawer / Open
[22m[39m[Mock Data] seedMockUnit: Adding unit unit-japanese-1
[90mstdout[2m | src/stories/root-components-with-providers.stories.tsx[2m > [22m[2mGradeReviewDrawer / Open
[22m[39m[Mock Data] seedMockUnit: Adding unit unit-japanese-2
[90mstdout[2m | src/stories/root-components-with-providers.stories.tsx[2m > [22m[2mGradeReviewDrawer / Open
[22m[39m[Mock Data] seedMockUnit: Adding unit unit-japanese-3
[90mstdout[2m | src/stories/root-components-with-providers.stories.tsx[2m > [22m[2mGradeReviewDrawer / Open
[22m[39m[Mock Data] seedMockUnit: Adding unit unit-kanji-basics
[90mstdout[2m | src/stories/root-components-with-providers.stories.tsx[2m > [22m[2mGradeReviewDrawer / Open
[22m[39m[Mock Data] seedMockSections: Adding 1 sections
[90mstdout[2m | src/stories/root-components-with-providers.stories.tsx[2m > [22m[2mGradeReviewDrawer / Open
[22m[39m[Mock Data] Seeding section: section-jpn-101 with owner: teacher-1
[90mstdout[2m | src/stories/root-components-with-providers.stories.tsx[2m > [22m[2mGradeReviewDrawer / Open
[22m[39m[Mock Data] Total sections in store: 1
[90mstdout[2m | src/stories/root-components-with-providers.stories.tsx[2m > [22m[2mGradeReviewDrawer / Open
[22m[39m[Mock Data] Sections in store: [
  {
    "id": "section-jpn-101",
    "name": "Japanese 101 - Spring 2024",
    "owner": "teacher-1",
  },
]
[90mstdout[2m | src/stories/root-components-with-providers.stories.tsx[2m > [22m[2mGradeReviewDrawer / Open
[22m[39m[Mock Data] No active Section subscriptions to notify yet
[90mstdout[2m | src/stories/root-components-with-providers.stories.tsx[2m > [22m[2mGradeReviewDrawer / Open
[22m[39m[Mock Data] seedMockAssignments: Adding 5 assignments
[90mstdout[2m | src/stories/root-components-with-providers.stories.tsx[2m > [22m[2mGradeReviewDrawer / Open
[22m[39m[Mock Data] Total assignments in store: 5
[90mstdout[2m | src/stories/root-components-with-providers.stories.tsx[2m > [22m[2mGradeReviewDrawer / Open
[22m[39m[Mock Data] Seeded grade: grade-alice-1 for unit: unit-japanese-1
[90mstdout[2m | src/stories/root-components-with-providers.stories.tsx[2m > [22m[2mGradeReviewDrawer / Open
[22m[39m[Mock Data] Grade has data: true
[90mstdout[2m | src/stories/root-components-with-providers.stories.tsx[2m > [22m[2mGradeReviewDrawer / Open
[22m[39m[Mock Data] Total grades in store: 1
[90mstdout[2m | src/stories/root-components-with-providers.stories.tsx[2m > [22m[2mGradeReviewDrawer / Open
[22m[39m[Mock Data] Seeded grade: grade-alice-1-attempt2 for unit: unit-japanese-1
[90mstdout[2m | src/stories/root-components-with-providers.stories.tsx[2m > [22m[2mGradeReviewDrawer / Open
[22m[39m[Mock Data] Grade has data: true
[90mstdout[2m | src/stories/root-components-with-providers.stories.tsx[2m > [22m[2mGradeReviewDrawer / Open
[22m[39m[Mock Data] Total grades in store: 2
[90mstdout[2m | src/stories/root-components-with-providers.stories.tsx[2m > [22m[2mGradeReviewDrawer / Open
[22m[39m[Mock Data] Seeded grade: grade-alice-2 for unit: unit-japanese-2
[90mstdout[2m | src/stories/root-components-with-providers.stories.tsx[2m > [22m[2mGradeReviewDrawer / Open
[22m[39m[Mock Data] Grade has data: true
[90mstdout[2m | src/stories/root-components-with-providers.stories.tsx[2m > [22m[2mGradeReviewDrawer / Open
[22m[39m[Mock Data] Total grades in store: 3
[90mstdout[2m | src/stories/root-components-with-providers.stories.tsx[2m > [22m[2mGradeReviewDrawer / Open
[22m[39m[Mock Data] Seeded grade: grade-bob-1 for unit: unit-japanese-1
[90mstdout[2m | src/stories/root-components-with-providers.stories.tsx[2m > [22m[2mGradeReviewDrawer / Open
[22m[39m[Mock Data] Grade has data: true
[90mstdout[2m | src/stories/root-components-with-providers.stories.tsx[2m > [22m[2mGradeReviewDrawer / Open
[22m[39m[Mock Data] Total grades in store: 4
[90mstdout[2m | src/stories/root-components-with-providers.stories.tsx[2m > [22m[2mGradeReviewDrawer / Open
[22m[39m[Mock Data] Seeded grade: grade-bob-2 for unit: unit-japanese-2
[90mstdout[2m | src/stories/root-components-with-providers.stories.tsx[2m > [22m[2mGradeReviewDrawer / Open
[22m[39m[Mock Data] Grade has data: true
[90mstdout[2m | src/stories/root-components-with-providers.stories.tsx[2m > [22m[2mGradeReviewDrawer / Open
[22m[39m[Mock Data] Total grades in store: 5
[90mstdout[2m | src/stories/root-components-with-providers.stories.tsx[2m > [22m[2mGradeReviewDrawer / Open
[22m[39m[Mock Data] Seeded grade: grade-carol-1 for unit: unit-japanese-1
[90mstdout[2m | src/stories/root-components-with-providers.stories.tsx[2m > [22m[2mGradeReviewDrawer / Open
[22m[39m[Mock Data] Grade has data: true
[90mstdout[2m | src/stories/root-components-with-providers.stories.tsx[2m > [22m[2mGradeReviewDrawer / Open
[22m[39m[Mock Data] Total grades in store: 6
[90mstdout[2m | src/stories/root-components-with-providers.stories.tsx[2m > [22m[2mGradeReviewDrawer / Open
[22m[39m[Mock Data] Seeded grade: grade-carol-2 for unit: unit-japanese-2
[90mstdout[2m | src/stories/root-components-with-providers.stories.tsx[2m > [22m[2mGradeReviewDrawer / Open
[22m[39m[Mock Data] Grade has data: true
[90mstdout[2m | src/stories/root-components-with-providers.stories.tsx[2m > [22m[2mGradeReviewDrawer / Open
[22m[39m[Mock Data] Total grades in store: 7
[90mstdout[2m | src/stories/root-components-with-providers.stories.tsx[2m > [22m[2mGradeReviewDrawer / Open
[22m[39m[Mock Data] Seeded grade: grade-dave-1 for unit: unit-japanese-1
[90mstdout[2m | src/stories/root-components-with-providers.stories.tsx[2m > [22m[2mGradeReviewDrawer / Open
[22m[39m[Mock Data] Grade has data: true
[90mstdout[2m | src/stories/root-components-with-providers.stories.tsx[2m > [22m[2mGradeReviewDrawer / Open
[22m[39m[Mock Data] Total grades in store: 8
[90mstdout[2m | src/stories/root-components-with-providers.stories.tsx[2m > [22m[2mGradeReviewDrawer / Open
[22m[39m[Mock Data] Seeded grade: grade-dave-2 for unit: unit-japanese-2
[90mstdout[2m | src/stories/root-components-with-providers.stories.tsx[2m > [22m[2mGradeReviewDrawer / Open
[22m[39m[Mock Data] Grade has data: true
[90mstdout[2m | src/stories/root-components-with-providers.stories.tsx[2m > [22m[2mGradeReviewDrawer / Open
[22m[39m[Mock Data] Total grades in store: 9
[90mstdout[2m | src/stories/root-components-with-providers.stories.tsx[2m > [22m[2mGradeReviewDrawer / Open
[22m[39m[Mock Data] Seeded grade: grade-eve-1 for unit: unit-japanese-1
[90mstdout[2m | src/stories/root-components-with-providers.stories.tsx[2m > [22m[2mGradeReviewDrawer / Open
[22m[39m[Mock Data] Grade has data: true
[90mstdout[2m | src/stories/root-components-with-providers.stories.tsx[2m > [22m[2mGradeReviewDrawer / Open
[22m[39m[Mock Data] Total grades in store: 10
[90mstdout[2m | src/stories/root-components-with-providers.stories.tsx[2m > [22m[2mGradeReviewDrawer / Open
[22m[39m[Mock Data] Seeded grade: grade-eve-2 for unit: unit-japanese-2
[90mstdout[2m | src/stories/root-components-with-providers.stories.tsx[2m > [22m[2mGradeReviewDrawer / Open
[22m[39m[Mock Data] Grade has data: true
[90mstdout[2m | src/stories/root-components-with-providers.stories.tsx[2m > [22m[2mGradeReviewDrawer / Open
[22m[39m[Mock Data] Total grades in store: 11
[90mstdout[2m | src/stories/root-components-with-providers.stories.tsx[2m > [22m[2mGradeReviewDrawer / Open
[22m[39m[Mock Data] Seeded grade: grade-frank-1 for unit: unit-japanese-1
[90mstdout[2m | src/stories/root-components-with-providers.stories.tsx[2m > [22m[2mGradeReviewDrawer / Open
[22m[39m[Mock Data] Grade has data: true
[90mstdout[2m | src/stories/root-components-with-providers.stories.tsx[2m > [22m[2mGradeReviewDrawer / Open
[22m[39m[Mock Data] Total grades in store: 12
[90mstdout[2m | src/stories/root-components-with-providers.stories.tsx[2m > [22m[2mGradeReviewDrawer / Open
[22m[39m[Mock Data] Seeded grade: grade-frank-2 for unit: unit-japanese-3
[90mstdout[2m | src/stories/root-components-with-providers.stories.tsx[2m > [22m[2mGradeReviewDrawer / Open
[22m[39m[Mock Data] Grade has data: true
[90mstdout[2m | src/stories/root-components-with-providers.stories.tsx[2m > [22m[2mGradeReviewDrawer / Open
[22m[39m[Mock Data] Total grades in store: 13
[90mstdout[2m | src/stories/root-components-with-providers.stories.tsx[2m > [22m[2mGradeReviewDrawer / Open
[22m[39m[Mock Data] seedMockStudentProfiles: Adding 6 student profiles
[90mstdout[2m | src/stories/root-components-with-providers.stories.tsx[2m > [22m[2mGradeReviewDrawer / Open
[22m[39m[Mock Data] seedMockHomeworkRooms: Adding 2 homework rooms
[90mstdout[2m | src/stories/root-components-with-providers.stories.tsx[2m > [22m[2mGradeReviewDrawer / Open
[22m[39m[IndexPageData] Seeded instructor dashboard with {
  "assignments": 5,
  "grades": 13,
  "sections": 1,
  "units": 4,
}
[90mstdout[2m | src/stories/root-components-with-providers.stories.tsx[2m > [22m[2mGradeReviewDrawer / Open
[22m[39m[MOCK CourseVectorStore] Initialized with mock data
[90mstdout[2m | src/stories/root-components-with-providers.stories.tsx[2m > [22m[2mGradeReviewDrawer / Open
[22m[39m[FilesContext] Initializing vector store from IndexedDB
[90mstdout[2m | src/stories/root-components-with-providers.stories.tsx[2m > [22m[2mGradeReviewDrawer / Open
[22m[39m[FilesContext] fetchFiles called
[90mstdout[2m | src/stories/root-components-with-providers.stories.tsx[2m > [22m[2mGradeReviewDrawer / Open
[22m[39m[FilesContext] User authenticated: teacher-1
[90mstdout[2m | src/stories/root-components-with-providers.stories.tsx[2m > [22m[2mGradeReviewDrawer / Open
[22m[39m[FilesContext] Identity ID: identity-teacher-1
[90mstdout[2m | src/stories/root-components-with-providers.stories.tsx[2m > [22m[2mGradeReviewDrawer / Open
[22m[39m[FilesContext] About to set up File observeQuery
[90mstdout[2m | src/stories/root-components-with-providers.stories.tsx[2m > [22m[2mGradeReviewDrawer / Open
[22m[39m[TranslationModeController] Setting mode to: off
[90mstdout[2m | src/stories/root-components-with-providers.stories.tsx[2m > [22m[2mGradeReviewDrawer / Open
[22m[39m[UnitContext] useEffect triggered {
  "authLoading": false,
  "hasUser": true,
  "id": "mock-unit-id",
  "userSub": "teacher-1",
}
[90mstdout[2m | src/stories/root-components-with-providers.stories.tsx[2m > [22m[2mGradeReviewDrawer / Open
[22m[39m[UnitContext] Fetching unit data for id: mock-unit-id
[90mstdout[2m | src/stories/root-components-with-providers.stories.tsx[2m > [22m[2mGradeReviewDrawer / Open
[22m[39m[FilesContext] Initializing vector store from IndexedDB
[90mstdout[2m | src/stories/root-components-with-providers.stories.tsx[2m > [22m[2mGradeReviewDrawer / Open
[22m[39m[FilesContext] fetchFiles called
[90mstdout[2m | src/stories/root-components-with-providers.stories.tsx[2m > [22m[2mGradeReviewDrawer / Open
[22m[39m[FilesContext] User authenticated: teacher-1
[90mstdout[2m | src/stories/root-components-with-providers.stories.tsx[2m > [22m[2mGradeReviewDrawer / Open
[22m[39m[FilesContext] Identity ID: identity-teacher-1
[90mstdout[2m | src/stories/root-components-with-providers.stories.tsx[2m > [22m[2mGradeReviewDrawer / Open
[22m[39m[FilesContext] About to set up File observeQuery
[90mstdout[2m | src/stories/root-components-with-providers.stories.tsx[2m > [22m[2mGradeReviewDrawer / Open
[22m[39m[ChatContext] Setting up AssistantChat observeQuery
[90mstdout[2m | src/stories/root-components-with-providers.stories.tsx[2m > [22m[2mGradeReviewDrawer / Open
[22m[39m[ChatContext] Waiting for subscription to initialize
[90mstdout[2m | src/stories/root-components-with-providers.stories.tsx[2m > [22m[2mGradeReviewDrawer / Open
[22m[39m[SettingsContext] Setting up Settings subscription for user: teacher-1
[90mstdout[2m | src/stories/root-components-with-providers.stories.tsx[2m > [22m[2mGradeReviewDrawer / Open
[22m[39m[Mock Data] Settings created: mock-settings-1790416329471 - notified 0 subscribers
[90mstdout[2m | src/stories/root-components-with-providers.stories.tsx[2m > [22m[2mGradeReviewDrawer / Open
[22m[39m[Mock Data] Unit.onUpdate() subscription added. Total: 1
[90mstdout[2m | src/stories/root-components-with-providers.stories.tsx[2m > [22m[2mGradeReviewDrawer / Open
[22m[39m[FilesContext] File observeQuery update: 6 files
[90mstdout[2m | src/stories/root-components-with-providers.stories.tsx[2m > [22m[2mGradeReviewDrawer / Open
[22m[39m[SectionContext] Section observeQuery update: 1
[90mstdout[2m | src/stories/root-components-with-providers.stories.tsx[2m > [22m[2mGradeReviewDrawer / Open
[22m[39m[FilesContext] File observeQuery update: 6 files
[90mstdout[2m | src/stories/root-components-with-providers.stories.tsx[2m > [22m[2mGradeReviewDrawer / Open
[22m[39m[ChatContext] AssistantChat initialized with 1 chats
[90mstdout[2m | src/stories/root-components-with-providers.stories.tsx[2m > [22m[2mGradeReviewDrawer / Open
[22m[39m[ChatContext] Setting initial chat: mock-assistant-chat-1
[90mstdout[2m | src/stories/root-components-with-providers.stories.tsx[2m > [22m[2mGradeReviewDrawer / Open
[22m[39m[MOCK CourseVectorStore] Initialized with mock data
[90mstdout[2m | src/stories/root-components-with-providers.stories.tsx[2m > [22m[2mGradeReviewDrawer / Open
[22m[39m[MOCK CourseVectorStore] Initialized with mock data
[90mstdout[2m | src/stories/root-components-with-providers.stories.tsx[2m > [22m[2mGradeReviewDrawer / Open
[22m[39m[FilesContext] Vector store population triggered {
  "currentVectorStoreSize": 3,
  "documentsCount": 0,
  "filesCount": 6,
  "isInitialLoad": true,
}
[90mstdout[2m | src/stories/root-components-with-providers.stories.tsx[2m > [22m[2mGradeReviewDrawer / Open
[22m[39m[FilesContext] Vector store population complete - 3 total embeddings
[90mstdout[2m | src/stories/root-components-with-providers.stories.tsx[2m > [22m[2mGradeReviewDrawer / Open
[22m[39m[FilesContext] Vector store population triggered {
  "currentVectorStoreSize": 3,
  "documentsCount": 0,
  "filesCount": 6,
  "isInitialLoad": true,
}
[90mstdout[2m | src/stories/root-components-with-providers.stories.tsx[2m > [22m[2mGradeReviewDrawer / Open
[22m[39m[FilesContext] Vector store population complete - 3 total embeddings
[90mstdout[2m | src/stories/root-components-with-providers.stories.tsx[2m > [22m[2mGradeReviewDrawer / Open
[22m[39m[ChatContext] Chat exists and not archived, skipping creation
[90mstdout[2m | src/stories/root-components-with-providers.stories.tsx[2m > [22m[2mGradeReviewDrawer / Open
[22m[39m[Mock Storage] downloadData called with: undefined
[90mstdout[2m | src/stories/root-components-with-providers.stories.tsx[2m > [22m[2mGradeReviewDrawer / Open
[22m[39m[Mock Storage] downloadData called with: undefined
[90mstdout[2m | src/stories/root-components-with-providers.stories.tsx[2m > [22m[2mGradeReviewDrawer / Closed
[22m[39m[ChatContext] Cleaning up subscriptions
[90mstdout[2m | src/stories/root-components-with-providers.stories.tsx[2m > [22m[2mGradeReviewDrawer / Closed
[22m[39m[Mock Data] Unit.onUpdate() subscription removed. Remaining: 0
[90mstdout[2m | src/stories/root-components-with-providers.stories.tsx[2m > [22m[2mGradeReviewDrawer / Closed
[22m[39m[MOCK CourseVectorStore] Initialized with mock data
[90mstdout[2m | src/stories/root-components-with-providers.stories.tsx[2m > [22m[2mGradeReviewDrawer / Closed
[22m[39m[TranslationModeController] Setting mode to: off
[90mstdout[2m | src/stories/root-components-with-providers.stories.tsx[2m > [22m[2mGradeReviewDrawer / Closed
[22m[39m[UnitContext] useEffect triggered {
  "authLoading": false,
  "hasUser": true,
  "id": "mock-unit-id",
  "userSub": "mock-user-sub",
}
[90mstdout[2m | src/stories/root-components-with-providers.stories.tsx[2m > [22m[2mGradeReviewDrawer / Closed
[22m[39m[UnitContext] Fetching unit data for id: mock-unit-id
[90mstdout[2m | src/stories/root-components-with-providers.stories.tsx[2m > [22m[2mGradeReviewDrawer / Closed
[22m[39m[FilesContext] Initializing vector store from IndexedDB
[90mstdout[2m | src/stories/root-components-with-providers.stories.tsx[2m > [22m[2mGradeReviewDrawer / Closed
[22m[39m[FilesContext] fetchFiles called
[90mstdout[2m | src/stories/root-components-with-providers.stories.tsx[2m > [22m[2mGradeReviewDrawer / Closed
[22m[39m[FilesContext] User authenticated: mock-user-sub
[90mstdout[2m | src/stories/root-components-with-providers.stories.tsx[2m > [22m[2mGradeReviewDrawer / Closed
[22m[39m[FilesContext] Identity ID: us-east-1:mock-identity-123
[90mstdout[2m | src/stories/root-components-with-providers.stories.tsx[2m > [22m[2mGradeReviewDrawer / Closed
[22m[39m[FilesContext] About to set up File observeQuery
[90mstdout[2m | src/stories/root-components-with-providers.stories.tsx[2m > [22m[2mGradeReviewDrawer / Closed
[22m[39m[ChatContext] Setting up AssistantChat observeQuery
[90mstdout[2m | src/stories/root-components-with-providers.stories.tsx[2m > [22m[2mGradeReviewDrawer / Closed
[22m[39m[ChatContext] Waiting for subscription to initialize
[90mstdout[2m | src/stories/root-components-with-providers.stories.tsx[2m > [22m[2mGradeReviewDrawer / Closed
[22m[39m[SettingsContext] Setting up Settings subscription for user: mock-user-sub
[90mstdout[2m | src/stories/root-components-with-providers.stories.tsx[2m > [22m[2mGradeReviewDrawer / Closed
[22m[39m[Mock Data] Settings created: mock-settings-1790416329624 - notified 0 subscribers
[90mstdout[2m | src/stories/root-components-with-providers.stories.tsx[2m > [22m[2mGradeReviewDrawer / Closed
[22m[39m[Mock Data] Unit.onUpdate() subscription added. Total: 1
[90mstdout[2m | src/stories/root-components-with-providers.stories.tsx[2m > [22m[2mGradeReviewDrawer / Closed
[22m[39m[SectionContext] Section observeQuery update: 0
[90mstdout[2m | src/stories/root-components-with-providers.stories.tsx[2m > [22m[2mGradeReviewDrawer / Closed
[22m[39m[FilesContext] File observeQuery update: 6 files
[90mstdout[2m | src/stories/root-components-with-providers.stories.tsx[2m > [22m[2mGradeReviewDrawer / Closed
[22m[39m[ChatContext] AssistantChat initialized with 1 chats
[90mstdout[2m | src/stories/root-components-with-providers.stories.tsx[2m > [22m[2mGradeReviewDrawer / Closed
[22m[39m[ChatContext] Setting initial chat: mock-assistant-chat-1
[90mstdout[2m | src/stories/root-components-with-providers.stories.tsx[2m > [22m[2mGradeReviewDrawer / Closed
[22m[39m[Mock Storage] downloadData called with: undefined
[90mstdout[2m | src/stories/root-components-with-providers.stories.tsx[2m > [22m[2mGradeReviewDrawer / Closed
[22m[39m[MOCK CourseVectorStore] Initialized with mock data
[90mstdout[2m | src/stories/root-components-with-providers.stories.tsx[2m > [22m[2mGradeReviewDrawer / Closed
[22m[39m[FilesContext] Vector store population triggered {
  "currentVectorStoreSize": 3,
  "documentsCount": 0,
  "filesCount": 6,
  "isInitialLoad": true,
}
[90mstdout[2m | src/stories/root-components-with-providers.stories.tsx[2m > [22m[2mGradeReviewDrawer / Closed
[22m[39m[FilesContext] Vector store population complete - 3 total embeddings
[90mstdout[2m | src/stories/root-components-with-providers.stories.tsx[2m > [22m[2mGradeReviewDrawer / Closed
[22m[39m[ChatContext] Chat exists and not archived, skipping creation
[90mstdout[2m | src/stories/root-components-with-providers.stories.tsx[2m > [22m[2mCollaboratorManager / Owner View
[22m[39m[ChatContext] Cleaning up subscriptions
[90mstdout[2m | src/stories/root-components-with-providers.stories.tsx[2m > [22m[2mCollaboratorManager / Owner View
[22m[39m[Mock Data] Unit.onUpdate() subscription removed. Remaining: 0
[90mstdout[2m | src/stories/root-components-with-providers.stories.tsx[2m > [22m[2mCollaboratorManager / Owner View
[22m[39m[MOCK CourseVectorStore] Initialized with mock data
[90mstdout[2m | src/stories/root-components-with-providers.stories.tsx[2m > [22m[2mCollaboratorManager / Owner View
[22m[39m[Mock Auth] setMockUser: {
  "attributes": {
    "email": "teacher@example.com",
    "sub": "teacher-1",
  },
  "groups": [
    "Instructors",
  ],
  "userId": "teacher-1",
  "username": "teacher-1",
}
[90mstdout[2m | src/stories/root-components-with-providers.stories.tsx[2m > [22m[2mCollaboratorManager / Owner View
[22m[39m[TranslationModeController] Setting mode to: off
[90mstdout[2m | src/stories/root-components-with-providers.stories.tsx[2m > [22m[2mCollaboratorManager / Owner View
[22m[39m[UnitContext] useEffect triggered {
  "authLoading": false,
  "hasUser": true,
  "id": "mock-unit-id",
  "userSub": "teacher-1",
}
[90mstdout[2m | src/stories/root-components-with-providers.stories.tsx[2m > [22m[2mCollaboratorManager / Owner View
[22m[39m[UnitContext] Fetching unit data for id: mock-unit-id
[90mstdout[2m | src/stories/root-components-with-providers.stories.tsx[2m > [22m[2mCollaboratorManager / Owner View
[22m[39m[FilesContext] Initializing vector store from IndexedDB
[90mstdout[2m | src/stories/root-components-with-providers.stories.tsx[2m > [22m[2mCollaboratorManager / Owner View
[22m[39m[FilesContext] fetchFiles called
[90mstdout[2m | src/stories/root-components-with-providers.stories.tsx[2m > [22m[2mCollaboratorManager / Owner View
[22m[39m[FilesContext] User authenticated: teacher-1
[90mstdout[2m | src/stories/root-components-with-providers.stories.tsx[2m > [22m[2mCollaboratorManager / Owner View
[22m[39m[FilesContext] Identity ID: identity-teacher-1
[90mstdout[2m | src/stories/root-components-with-providers.stories.tsx[2m > [22m[2mCollaboratorManager / Owner View
[22m[39m[FilesContext] About to set up File observeQuery
[90mstdout[2m | src/stories/root-components-with-providers.stories.tsx[2m > [22m[2mCollaboratorManager / Owner View
[22m[39m[ChatContext] Setting up AssistantChat observeQuery
[90mstdout[2m | src/stories/root-components-with-providers.stories.tsx[2m > [22m[2mCollaboratorManager / Owner View
[22m[39m[ChatContext] Waiting for subscription to initialize
[90mstdout[2m | src/stories/root-components-with-providers.stories.tsx[2m > [22m[2mCollaboratorManager / Owner View
[22m[39m[SettingsContext] Setting up Settings subscription for user: teacher-1
[90mstdout[2m | src/stories/root-components-with-providers.stories.tsx[2m > [22m[2mCollaboratorManager / Owner View
[22m[39m[Mock Data] Settings created: mock-settings-1790416329718 - notified 0 subscribers
[90mstdout[2m | src/stories/root-components-with-providers.stories.tsx[2m > [22m[2mCollaboratorManager / Owner View
[22m[39m[Mock Data] Unit.onUpdate() subscription added. Total: 1
[90mstdout[2m | src/stories/root-components-with-providers.stories.tsx[2m > [22m[2mCollaboratorManager / Owner View
[22m[39m[SectionContext] Section observeQuery update: 0
[90mstdout[2m | src/stories/root-components-with-providers.stories.tsx[2m > [22m[2mCollaboratorManager / Owner View
[22m[39m[FilesContext] File observeQuery update: 6 files
[90mstdout[2m | src/stories/root-components-with-providers.stories.tsx[2m > [22m[2mCollaboratorManager / Owner View
[22m[39m[ChatContext] AssistantChat initialized with 1 chats
[90mstdout[2m | src/stories/root-components-with-providers.stories.tsx[2m > [22m[2mCollaboratorManager / Owner View
[22m[39m[ChatContext] Setting initial chat: mock-assistant-chat-1
[90mstdout[2m | src/stories/root-components-with-providers.stories.tsx[2m > [22m[2mCollaboratorManager / Owner View
[22m[39m[Mock Storage] downloadData called with: undefined
[90mstdout[2m | src/stories/root-components-with-providers.stories.tsx[2m > [22m[2mCollaboratorManager / Owner View
[22m[39m[MOCK CourseVectorStore] Initialized with mock data
[90mstdout[2m | src/stories/root-components-with-providers.stories.tsx[2m > [22m[2mCollaboratorManager / Owner View
[22m[39m[FilesContext] Vector store population triggered {
  "currentVectorStoreSize": 3,
  "documentsCount": 0,
  "filesCount": 6,
  "isInitialLoad": true,
}
[90mstdout[2m | src/stories/root-components-with-providers.stories.tsx[2m > [22m[2mCollaboratorManager / Owner View
[22m[39m[FilesContext] Vector store population complete - 3 total embeddings
[90mstdout[2m | src/stories/root-components-with-providers.stories.tsx[2m > [22m[2mCollaboratorManager / Owner View
[22m[39m[ChatContext] Chat exists and not archived, skipping creation
[90mstdout[2m | src/stories/root-components-with-providers.stories.tsx[2m > [22m[2mCollaboratorManager / Read-Only (non-owner)
[22m[39m[ChatContext] Cleaning up subscriptions
[90mstdout[2m | src/stories/root-components-with-providers.stories.tsx[2m > [22m[2mCollaboratorManager / Read-Only (non-owner)
[22m[39m[Mock Data] Unit.onUpdate() subscription removed. Remaining: 0
[90mstdout[2m | src/stories/root-components-with-providers.stories.tsx[2m > [22m[2mCollaboratorManager / Read-Only (non-owner)
[22m[39m[MOCK CourseVectorStore] Initialized with mock data
[90mstdout[2m | src/stories/root-components-with-providers.stories.tsx[2m > [22m[2mCollaboratorManager / Read-Only (non-owner)
[22m[39m[Mock Auth] setMockUser: {
  "attributes": {
    "email": "teacher2@example.com",
    "sub": "teacher-2",
  },
  "groups": [
    "Instructors",
  ],
  "userId": "teacher-2",
  "username": "teacher-2",
}
[90mstdout[2m | src/stories/root-components-with-providers.stories.tsx[2m > [22m[2mCollaboratorManager / Read-Only (non-owner)
[22m[39m[TranslationModeController] Setting mode to: off
[90mstdout[2m | src/stories/root-components-with-providers.stories.tsx[2m > [22m[2mCollaboratorManager / Read-Only (non-owner)
[22m[39m[UnitContext] useEffect triggered {
  "authLoading": false,
  "hasUser": true,
  "id": "mock-unit-id",
  "userSub": "teacher-2",
}
[90mstdout[2m | src/stories/root-components-with-providers.stories.tsx[2m > [22m[2mCollaboratorManager / Read-Only (non-owner)
[22m[39m[UnitContext] Fetching unit data for id: mock-unit-id
[90mstdout[2m | src/stories/root-components-with-providers.stories.tsx[2m > [22m[2mCollaboratorManager / Read-Only (non-owner)
[22m[39m[FilesContext] Initializing vector store from IndexedDB
[90mstdout[2m | src/stories/root-components-with-providers.stories.tsx[2m > [22m[2mCollaboratorManager / Read-Only (non-owner)
[22m[39m[FilesContext] fetchFiles called
[90mstdout[2m | src/stories/root-components-with-providers.stories.tsx[2m > [22m[2mCollaboratorManager / Read-Only (non-owner)
[22m[39m[FilesContext] User authenticated: teacher-2
[90mstdout[2m | src/stories/root-components-with-providers.stories.tsx[2m > [22m[2mCollaboratorManager / Read-Only (non-owner)
[22m[39m[FilesContext] Identity ID: us-east-1:mock-identity-123
[90mstdout[2m | src/stories/root-components-with-providers.stories.tsx[2m > [22m[2mCollaboratorManager / Read-Only (non-owner)
[22m[39m[FilesContext] About to set up File observeQuery
[90mstdout[2m | src/stories/root-components-with-providers.stories.tsx[2m > [22m[2mCollaboratorManager / Read-Only (non-owner)
[22m[39m[ChatContext] Setting up AssistantChat observeQuery
[90mstdout[2m | src/stories/root-components-with-providers.stories.tsx[2m > [22m[2mCollaboratorManager / Read-Only (non-owner)
[22m[39m[ChatContext] Waiting for subscription to initialize
[90mstdout[2m | src/stories/root-components-with-providers.stories.tsx[2m > [22m[2mCollaboratorManager / Read-Only (non-owner)
[22m[39m[SettingsContext] Setting up Settings subscription for user: teacher-2
[90mstdout[2m | src/stories/root-components-with-providers.stories.tsx[2m > [22m[2mCollaboratorManager / Read-Only (non-owner)
[22m[39m[Mock Data] Settings created: mock-settings-1790416329838 - notified 0 subscribers
[90mstdout[2m | src/stories/root-components-with-providers.stories.tsx[2m > [22m[2mCollaboratorManager / Read-Only (non-owner)
[22m[39m[Mock Data] Unit.onUpdate() subscription added. Total: 1
[90mstdout[2m | src/stories/root-components-with-providers.stories.tsx[2m > [22m[2mCollaboratorManager / Read-Only (non-owner)
[22m[39m[SectionContext] Section observeQuery update: 0
[90mstdout[2m | src/stories/root-components-with-providers.stories.tsx[2m > [22m[2mCollaboratorManager / Read-Only (non-owner)
[22m[39m[FilesContext] File observeQuery update: 6 files
[90mstdout[2m | src/stories/root-components-with-providers.stories.tsx[2m > [22m[2mCollaboratorManager / Read-Only (non-owner)
[22m[39m[ChatContext] AssistantChat initialized with 1 chats
[90mstdout[2m | src/stories/root-components-with-providers.stories.tsx[2m > [22m[2mCollaboratorManager / Read-Only (non-owner)
[22m[39m[ChatContext] Setting initial chat: mock-assistant-chat-1
[90mstdout[2m | src/stories/root-components-with-providers.stories.tsx[2m > [22m[2mCollaboratorManager / Read-Only (non-owner)
[22m[39m[Mock Storage] downloadData called with: undefined
[90mstdout[2m | src/stories/root-components-with-providers.stories.tsx[2m > [22m[2mCollaboratorManager / Read-Only (non-owner)
[22m[39m[MOCK CourseVectorStore] Initialized with mock data
[90mstdout[2m | src/stories/root-components-with-providers.stories.tsx[2m > [22m[2mCollaboratorManager / Read-Only (non-owner)
[22m[39m[FilesContext] Vector store population triggered {
  "currentVectorStoreSize": 3,
  "documentsCount": 0,
  "filesCount": 6,
  "isInitialLoad": true,
}
[90mstdout[2m | src/stories/root-components-with-providers.stories.tsx[2m > [22m[2mCollaboratorManager / Read-Only (non-owner)
[22m[39m[FilesContext] Vector store population complete - 3 total embeddings
[90mstdout[2m | src/stories/root-components-with-providers.stories.tsx[2m > [22m[2mCollaboratorManager / Read-Only (non-owner)
[22m[39m[ChatContext] Chat exists and not archived, skipping creation
[90mstdout[2m | src/stories/root-components-with-providers.stories.tsx[2m > [22m[2mRecordingStudioEnhancedModal / Open
[22m[39m[ChatContext] Cleaning up subscriptions
[90mstdout[2m | src/stories/root-components-with-providers.stories.tsx[2m > [22m[2mRecordingStudioEnhancedModal / Open
[22m[39m[Mock Data] Unit.onUpdate() subscription removed. Remaining: 0
[90mstdout[2m | src/stories/root-components-with-providers.stories.tsx[2m > [22m[2mRecordingStudioEnhancedModal / Open
[22m[39m[MOCK CourseVectorStore] Initialized with mock data
[90mstdout[2m | src/stories/root-components-with-providers.stories.tsx[2m > [22m[2mRecordingStudioEnhancedModal / Open
[22m[39m[Mock Auth] setMockUser: {
  "attributes": {
    "email": "alice@example.com",
    "sub": "student-alice-sub",
  },
  "groups": [
    "section-jpn-101-learners",
  ],
  "userId": "student-alice-sub",
  "username": "student-alice-sub",
}
[90mstdout[2m | src/stories/root-components-with-providers.stories.tsx[2m > [22m[2mRecordingStudioEnhancedModal / Open
[22m[39m[MOCK CourseVectorStore] Initialized with mock data
[90mstdout[2m | src/stories/root-components-with-providers.stories.tsx[2m > [22m[2mRecordingStudioEnhancedModal / Open
[22m[39m[FilesContext] Initializing vector store from IndexedDB
[90mstdout[2m | src/stories/root-components-with-providers.stories.tsx[2m > [22m[2mRecordingStudioEnhancedModal / Open
[22m[39m[FilesContext] fetchFiles called
[90mstdout[2m | src/stories/root-components-with-providers.stories.tsx[2m > [22m[2mRecordingStudioEnhancedModal / Open
[22m[39m[FilesContext] User authenticated: student-alice-sub
[90mstdout[2m | src/stories/root-components-with-providers.stories.tsx[2m > [22m[2mRecordingStudioEnhancedModal / Open
[22m[39m[FilesContext] Identity ID: identity-alice
[90mstdout[2m | src/stories/root-components-with-providers.stories.tsx[2m > [22m[2mRecordingStudioEnhancedModal / Open
[22m[39m[FilesContext] About to set up File observeQuery
[90mstdout[2m | src/stories/root-components-with-providers.stories.tsx[2m > [22m[2mRecordingStudioEnhancedModal / Open
[22m[39m[TranslationModeController] Setting mode to: off
[90mstdout[2m | src/stories/root-components-with-providers.stories.tsx[2m > [22m[2mRecordingStudioEnhancedModal / Open
[22m[39m[UnitContext] useEffect triggered {
  "authLoading": false,
  "hasUser": true,
  "id": "mock-unit-id",
  "userSub": "student-alice-sub",
}
[90mstdout[2m | src/stories/root-components-with-providers.stories.tsx[2m > [22m[2mRecordingStudioEnhancedModal / Open
[22m[39m[UnitContext] Fetching unit data for id: mock-unit-id
[90mstdout[2m | src/stories/root-components-with-providers.stories.tsx[2m > [22m[2mRecordingStudioEnhancedModal / Open
[22m[39m[FilesContext] Initializing vector store from IndexedDB
[90mstdout[2m | src/stories/root-components-with-providers.stories.tsx[2m > [22m[2mRecordingStudioEnhancedModal / Open
[22m[39m[FilesContext] fetchFiles called
[90mstdout[2m | src/stories/root-components-with-providers.stories.tsx[2m > [22m[2mRecordingStudioEnhancedModal / Open
[22m[39m[FilesContext] User authenticated: student-alice-sub
[90mstdout[2m | src/stories/root-components-with-providers.stories.tsx[2m > [22m[2mRecordingStudioEnhancedModal / Open
[22m[39m[FilesContext] Identity ID: identity-alice
[90mstdout[2m | src/stories/root-components-with-providers.stories.tsx[2m > [22m[2mRecordingStudioEnhancedModal / Open
[22m[39m[FilesContext] About to set up File observeQuery
[90mstdout[2m | src/stories/root-components-with-providers.stories.tsx[2m > [22m[2mRecordingStudioEnhancedModal / Open
[22m[39m[ChatContext] Setting up AssistantChat observeQuery
[90mstdout[2m | src/stories/root-components-with-providers.stories.tsx[2m > [22m[2mRecordingStudioEnhancedModal / Open
[22m[39m[ChatContext] Waiting for subscription to initialize
[90mstdout[2m | src/stories/root-components-with-providers.stories.tsx[2m > [22m[2mRecordingStudioEnhancedModal / Open
[22m[39m[SettingsContext] Setting up Settings subscription for user: student-alice-sub
[90mstdout[2m | src/stories/root-components-with-providers.stories.tsx[2m > [22m[2mRecordingStudioEnhancedModal / Open
[22m[39m[Mock Data] Settings created: mock-settings-1790416330039 - notified 0 subscribers
[90mstdout[2m | src/stories/root-components-with-providers.stories.tsx[2m > [22m[2mRecordingStudioEnhancedModal / Open
[22m[39m[Mock Data] Unit.onUpdate() subscription added. Total: 1
[90mstdout[2m | src/stories/root-components-with-providers.stories.tsx[2m > [22m[2mRecordingStudioEnhancedModal / Open
[22m[39m[FilesContext] File observeQuery update: 6 files
[90mstdout[2m | src/stories/root-components-with-providers.stories.tsx[2m > [22m[2mRecordingStudioEnhancedModal / Open
[22m[39m[SectionContext] Section observeQuery update: 0
[90mstdout[2m | src/stories/root-components-with-providers.stories.tsx[2m > [22m[2mRecordingStudioEnhancedModal / Open
[22m[39m[FilesContext] File observeQuery update: 6 files
[90mstdout[2m | src/stories/root-components-with-providers.stories.tsx[2m > [22m[2mRecordingStudioEnhancedModal / Open
[22m[39m[ChatContext] AssistantChat initialized with 1 chats
[90mstdout[2m | src/stories/root-components-with-providers.stories.tsx[2m > [22m[2mRecordingStudioEnhancedModal / Open
[22m[39m[ChatContext] Setting initial chat: mock-assistant-chat-1
[90mstdout[2m | src/stories/root-components-with-providers.stories.tsx[2m > [22m[2mRecordingStudioEnhancedModal / Open
[22m[39m[MOCK CourseVectorStore] Initialized with mock data
[90mstdout[2m | src/stories/root-components-with-providers.stories.tsx[2m > [22m[2mRecordingStudioEnhancedModal / Open
[22m[39m[MOCK CourseVectorStore] Initialized with mock data
[90mstdout[2m | src/stories/root-components-with-providers.stories.tsx[2m > [22m[2mRecordingStudioEnhancedModal / Open
[22m[39m[FilesContext] Vector store population triggered {
  "currentVectorStoreSize": 3,
  "documentsCount": 0,
  "filesCount": 6,
  "isInitialLoad": true,
}
[90mstdout[2m | src/stories/root-components-with-providers.stories.tsx[2m > [22m[2mRecordingStudioEnhancedModal / Open
[22m[39m[FilesContext] Vector store population complete - 3 total embeddings
[90mstdout[2m | src/stories/root-components-with-providers.stories.tsx[2m > [22m[2mRecordingStudioEnhancedModal / Open
[22m[39m[FilesContext] Vector store population triggered {
  "currentVectorStoreSize": 3,
  "documentsCount": 0,
  "filesCount": 6,
  "isInitialLoad": true,
}
[90mstdout[2m | src/stories/root-components-with-providers.stories.tsx[2m > [22m[2mRecordingStudioEnhancedModal / Open
[22m[39m[FilesContext] Vector store population complete - 3 total embeddings
[90mstdout[2m | src/stories/root-components-with-providers.stories.tsx[2m > [22m[2mRecordingStudioEnhancedModal / Open
[22m[39m[ChatContext] Chat exists and not archived, skipping creation
[90mstdout[2m | src/stories/root-components-with-providers.stories.tsx[2m > [22m[2mRecordingStudioEnhancedModal / Closed
[22m[39m[ChatContext] Cleaning up subscriptions
[90mstdout[2m | src/stories/root-components-with-providers.stories.tsx[2m > [22m[2mRecordingStudioEnhancedModal / Closed
[22m[39m[Mock Data] Unit.onUpdate() subscription removed. Remaining: 0
[90mstdout[2m | src/stories/root-components-with-providers.stories.tsx[2m > [22m[2mRecordingStudioEnhancedModal / Closed
[22m[39m[MOCK CourseVectorStore] Initialized with mock data
[90mstdout[2m | src/stories/root-components-with-providers.stories.tsx[2m > [22m[2mRecordingStudioEnhancedModal / Closed
[22m[39m[TranslationModeController] Setting mode to: off
[90mstdout[2m | src/stories/root-components-with-providers.stories.tsx[2m > [22m[2mRecordingStudioEnhancedModal / Closed
[22m[39m[UnitContext] useEffect triggered {
  "authLoading": false,
  "hasUser": true,
  "id": "mock-unit-id",
  "userSub": "mock-user-sub",
}
[90mstdout[2m | src/stories/root-components-with-providers.stories.tsx[2m > [22m[2mRecordingStudioEnhancedModal / Closed
[22m[39m[UnitContext] Fetching unit data for id: mock-unit-id
[90mstdout[2m | src/stories/root-components-with-providers.stories.tsx[2m > [22m[2mRecordingStudioEnhancedModal / Closed
[22m[39m[FilesContext] Initializing vector store from IndexedDB
[90mstdout[2m | src/stories/root-components-with-providers.stories.tsx[2m > [22m[2mRecordingStudioEnhancedModal / Closed
[22m[39m[FilesContext] fetchFiles called
[90mstdout[2m | src/stories/root-components-with-providers.stories.tsx[2m > [22m[2mRecordingStudioEnhancedModal / Closed
[22m[39m[FilesContext] User authenticated: mock-user-sub
[90mstdout[2m | src/stories/root-components-with-providers.stories.tsx[2m > [22m[2mRecordingStudioEnhancedModal / Closed
[22m[39m[FilesContext] Identity ID: us-east-1:mock-identity-123
[90mstdout[2m | src/stories/root-components-with-providers.stories.tsx[2m > [22m[2mRecordingStudioEnhancedModal / Closed
[22m[39m[FilesContext] About to set up File observeQuery
[90mstdout[2m | src/stories/root-components-with-providers.stories.tsx[2m > [22m[2mRecordingStudioEnhancedModal / Closed
[22m[39m[ChatContext] Setting up AssistantChat observeQuery
[90mstdout[2m | src/stories/root-components-with-providers.stories.tsx[2m > [22m[2mRecordingStudioEnhancedModal / Closed
[22m[39m[ChatContext] Waiting for subscription to initialize
[90mstdout[2m | src/stories/root-components-with-providers.stories.tsx[2m > [22m[2mRecordingStudioEnhancedModal / Closed
[22m[39m[SettingsContext] Setting up Settings subscription for user: mock-user-sub
[90mstdout[2m | src/stories/root-components-with-providers.stories.tsx[2m > [22m[2mRecordingStudioEnhancedModal / Closed
[22m[39m[Mock Data] Settings created: mock-settings-1790416330210 - notified 0 subscribers
[90mstdout[2m | src/stories/root-components-with-providers.stories.tsx[2m > [22m[2mRecordingStudioEnhancedModal / Closed
[22m[39m[Mock Data] Unit.onUpdate() subscription added. Total: 1
[90mstdout[2m | src/stories/root-components-with-providers.stories.tsx[2m > [22m[2mRecordingStudioEnhancedModal / Closed
[22m[39m[SectionContext] Section observeQuery update: 0
[90mstdout[2m | src/stories/root-components-with-providers.stories.tsx[2m > [22m[2mRecordingStudioEnhancedModal / Closed
[22m[39m[FilesContext] File observeQuery update: 6 files
[90mstdout[2m | src/stories/root-components-with-providers.stories.tsx[2m > [22m[2mRecordingStudioEnhancedModal / Closed
[22m[39m[ChatContext] AssistantChat initialized with 1 chats
[90mstdout[2m | src/stories/root-components-with-providers.stories.tsx[2m > [22m[2mRecordingStudioEnhancedModal / Closed
[22m[39m[ChatContext] Setting initial chat: mock-assistant-chat-1
[90mstdout[2m | src/stories/root-components-with-providers.stories.tsx[2m > [22m[2mRecordingStudioEnhancedModal / Closed
[22m[39m[Mock Storage] downloadData called with: undefined
[90mstdout[2m | src/stories/root-components-with-providers.stories.tsx[2m > [22m[2mRecordingStudioEnhancedModal / Closed
[22m[39m[MOCK CourseVectorStore] Initialized with mock data
[90mstdout[2m | src/stories/root-components-with-providers.stories.tsx[2m > [22m[2mRecordingStudioEnhancedModal / Closed
[22m[39m[FilesContext] Vector store population triggered {
  "currentVectorStoreSize": 3,
  "documentsCount": 0,
  "filesCount": 6,
  "isInitialLoad": true,
}
[90mstdout[2m | src/stories/root-components-with-providers.stories.tsx[2m > [22m[2mRecordingStudioEnhancedModal / Closed
[22m[39m[FilesContext] Vector store population complete - 3 total embeddings
[90mstdout[2m | src/stories/root-components-with-providers.stories.tsx[2m > [22m[2mRecordingStudioEnhancedModal / Closed
[22m[39m[ChatContext] Chat exists and not archived, skipping creation
 [32m✓[39m [30m[45m storybook (chromium) [49m[39m src/stories/root-components-with-providers.stories.tsx [2m([22m[2m7 tests[22m[2m)[22m[33m 2065[2mms[22m[39m
   [33m[2m✓[22m[39m AppShell / Default [33m 1170[2mms[22m[39m
[90mstdout[2m | unknown test
[22m[39m[MOCK vectorStoreDB.js] Module loaded - mock IndexedDB operations
[90mstdout[2m | unknown test
[22m[39m[Task Completion] DOM action listeners initialized
[90mstdout[2m | unknown test
[22m[39m[Task Completion] Auto-completion detector initialized
[90mstdout[2m | unknown test
[22m[39m[Preview] Task completion detector initialized
[90mstdout[2m | src/components/PracticeDrill/PracticeDrillDialog.stories.tsx[2m > [22m[2mDefault
[22m[39m[Preview] Skipped initializing default mock data (initializeMockData=false)
[90mstdout[2m | src/components/PracticeDrill/PracticeDrillDialog.stories.tsx[2m > [22m[2mDefault
[22m[39m[Mock Data] seedMockWords: Adding 1 words
[90mstdout[2m | src/components/PracticeDrill/PracticeDrillDialog.stories.tsx[2m > [22m[2mDefault
[22m[39m[Mock Data] seedMockUnit: Adding unit unit-abc-123
[90mstdout[2m | src/components/PracticeDrill/PracticeDrillDialog.stories.tsx[2m > [22m[2mDefault
[22m[39m[MOCK CourseVectorStore] Initialized with mock data
[90mstdout[2m | src/components/PracticeDrill/PracticeDrillDialog.stories.tsx[2m > [22m[2mDefault
[22m[39m[TranslationModeController] Setting mode to: off
[90mstdout[2m | src/components/PracticeDrill/PracticeDrillDialog.stories.tsx[2m > [22m[2mDefault
[22m[39m[UnitContext] useEffect triggered {
  "authLoading": false,
  "hasUser": true,
  "id": "unit-abc-123",
  "userSub": "mock-user-sub",
}
[90mstdout[2m | src/components/PracticeDrill/PracticeDrillDialog.stories.tsx[2m > [22m[2mDefault
[22m[39m[UnitContext] Fetching unit data for id: unit-abc-123
[90mstdout[2m | src/components/PracticeDrill/PracticeDrillDialog.stories.tsx[2m > [22m[2mDefault
[22m[39m[FilesContext] Initializing vector store from IndexedDB
[90mstdout[2m | src/components/PracticeDrill/PracticeDrillDialog.stories.tsx[2m > [22m[2mDefault
[22m[39m[FilesContext] fetchFiles called
[90mstdout[2m | src/components/PracticeDrill/PracticeDrillDialog.stories.tsx[2m > [22m[2mDefault
[22m[39m[FilesContext] User authenticated: mock-user-sub
[90mstdout[2m | src/components/PracticeDrill/PracticeDrillDialog.stories.tsx[2m > [22m[2mDefault
[22m[39m[FilesContext] Identity ID: us-east-1:mock-identity-123
[90mstdout[2m | src/components/PracticeDrill/PracticeDrillDialog.stories.tsx[2m > [22m[2mDefault
[22m[39m[FilesContext] About to set up File observeQuery
[90mstdout[2m | src/components/PracticeDrill/PracticeDrillDialog.stories.tsx[2m > [22m[2mDefault
[22m[39m[ChatContext] Setting up AssistantChat observeQuery
[90mstdout[2m | src/components/PracticeDrill/PracticeDrillDialog.stories.tsx[2m > [22m[2mDefault
[22m[39m[ChatContext] Waiting for subscription to initialize
[90mstdout[2m | src/components/PracticeDrill/PracticeDrillDialog.stories.tsx[2m > [22m[2mDefault
[22m[39m[SettingsContext] Setting up Settings subscription for user: mock-user-sub
[90mstdout[2m | src/components/PracticeDrill/PracticeDrillDialog.stories.tsx[2m > [22m[2mDefault
[22m[39m[Mock Data] PracticeSession created: mock-practicesession-1790416334157 - notified 1 subscribers
[90mstdout[2m | src/components/PracticeDrill/PracticeDrillDialog.stories.tsx[2m > [22m[2mDefault
[22m[39m[Mock Data] Settings created: mock-settings-1790416334158 - notified 0 subscribers
[90mstdout[2m | src/components/PracticeDrill/PracticeDrillDialog.stories.tsx[2m > [22m[2mDefault
[22m[39m[Mock Data] Unit.onUpdate() subscription added. Total: 1
[90mstdout[2m | src/components/PracticeDrill/PracticeDrillDialog.stories.tsx[2m > [22m[2mDefault
[22m[39m[MOCK CourseVectorStore] Initialized with mock data
[90mstdout[2m | src/components/PracticeDrill/PracticeDrillDialog.stories.tsx[2m > [22m[2mDefault
[22m[39m[WorkbookStatePlugin] Loading unit content into read-only workbook: drill-mock-practicesession-1790416334157
[90mstdout[2m | src/components/PracticeDrill/PracticeDrillDialog.stories.tsx[2m > [22m[2mDefault
[22m[39m[FilesContext] Initializing vector store from IndexedDB
[90mstdout[2m | src/components/PracticeDrill/PracticeDrillDialog.stories.tsx[2m > [22m[2mDefault
[22m[39m[FilesContext] fetchFiles called
[90mstdout[2m | src/components/PracticeDrill/PracticeDrillDialog.stories.tsx[2m > [22m[2mDefault
[22m[39m[FilesContext] User authenticated: mock-user-sub
[90mstdout[2m | src/components/PracticeDrill/PracticeDrillDialog.stories.tsx[2m > [22m[2mDefault
[22m[39m[FilesContext] Identity ID: us-east-1:mock-identity-123
[90mstdout[2m | src/components/PracticeDrill/PracticeDrillDialog.stories.tsx[2m > [22m[2mDefault
[22m[39m[FilesContext] About to set up File observeQuery
[90mstdout[2m | src/components/PracticeDrill/PracticeDrillDialog.stories.tsx[2m > [22m[2mDefault
[22m[39mQuestionBlockRo.grade {
  "_version": 1,
  "accuracy": null,
  "complete": false,
  "data": {},
  "id": "drill-grade-mock-practicesession-1790416334157",
}
[90mstdout[2m | src/components/PracticeDrill/PracticeDrillDialog.stories.tsx[2m > [22m[2mDefault
[22m[39m......!q {
  "answer": "Mitochondria",
  "correct": true,
}
[90mstdout[2m | src/components/PracticeDrill/PracticeDrillDialog.stories.tsx[2m > [22m[2mDefault
[22m[39m......!q {
  "answer": "Nucleus",
  "correct": false,
}
[90mstdout[2m | src/components/PracticeDrill/PracticeDrillDialog.stories.tsx[2m > [22m[2mDefault
[22m[39m......!q {
  "answer": "Ribosome",
  "correct": false,
}
[90mstdout[2m | src/components/PracticeDrill/PracticeDrillDialog.stories.tsx[2m > [22m[2mDefault
[22m[39mQuestionBlock.nodeKey 3 type: string
[90mstdout[2m | src/components/PracticeDrill/PracticeDrillDialog.stories.tsx[2m > [22m[2mDefault
[22m[39mQuestionBlock.questionContent [
  {
    "answer": "Mitochondria",
    "correct": true,
  },
  {
    "answer": "Nucleus",
    "correct": false,
  },
  {
    "answer": "Ribosome",
    "correct": false,
  },
]
[90mstdout[2m | src/components/PracticeDrill/PracticeDrillDialog.stories.tsx[2m > [22m[2mDefault
[22m[39mQuestionBlock.grade.data keys: []
[90mstdout[2m | src/components/PracticeDrill/PracticeDrillDialog.stories.tsx[2m > [22m[2mDefault
[22m[39mQuestionBlock.grade.data[nodeKey]: undefined
[90mstdout[2m | src/components/PracticeDrill/PracticeDrillDialog.stories.tsx[2m > [22m[2mDefault
[22m[39mQuestionBlockRo.inProgress {}
[90mstdout[2m | src/components/PracticeDrill/PracticeDrillDialog.stories.tsx[2m > [22m[2mDefault
[22m[39m[SectionContext] Section observeQuery update: 0
[90mstdout[2m | src/components/PracticeDrill/PracticeDrillDialog.stories.tsx[2m > [22m[2mDefault
[22m[39m[FilesContext] File observeQuery update: 0 files
[90mstdout[2m | src/components/PracticeDrill/PracticeDrillDialog.stories.tsx[2m > [22m[2mDefault
[22m[39m[ChatContext] AssistantChat initialized with 0 chats
[90mstdout[2m | src/components/PracticeDrill/PracticeDrillDialog.stories.tsx[2m > [22m[2mDefault
[22m[39m[MOCK CourseVectorStore] Initialized with mock data
[90mstdout[2m | src/components/PracticeDrill/PracticeDrillDialog.stories.tsx[2m > [22m[2mDefault
[22m[39mQuestionBlockRo.grade {
  "_version": 1,
  "accuracy": null,
  "complete": false,
  "data": {},
  "id": "drill-grade-mock-practicesession-1790416334157",
}
[90mstdout[2m | src/components/PracticeDrill/PracticeDrillDialog.stories.tsx[2m > [22m[2mDefault
[22m[39m......!q {
  "answer": "Mitochondria",
  "correct": true,
}
[90mstdout[2m | src/components/PracticeDrill/PracticeDrillDialog.stories.tsx[2m > [22m[2mDefault
[22m[39m......!q {
  "answer": "Nucleus",
  "correct": false,
}
[90mstdout[2m | src/components/PracticeDrill/PracticeDrillDialog.stories.tsx[2m > [22m[2mDefault
[22m[39m......!q {
  "answer": "Ribosome",
  "correct": false,
}
[90mstdout[2m | src/components/PracticeDrill/PracticeDrillDialog.stories.tsx[2m > [22m[2mDefault
[22m[39mQuestionBlock.nodeKey 3 type: string
[90mstdout[2m | src/components/PracticeDrill/PracticeDrillDialog.stories.tsx[2m > [22m[2mDefault
[22m[39mQuestionBlock.questionContent [
  {
    "answer": "Mitochondria",
    "correct": true,
  },
  {
    "answer": "Nucleus",
    "correct": false,
  },
  {
    "answer": "Ribosome",
    "correct": false,
  },
]
[90mstdout[2m | src/components/PracticeDrill/PracticeDrillDialog.stories.tsx[2m > [22m[2mDefault
[22m[39mQuestionBlock.grade.data keys: []
[90mstdout[2m | src/components/PracticeDrill/PracticeDrillDialog.stories.tsx[2m > [22m[2mDefault
[22m[39mQuestionBlock.grade.data[nodeKey]: undefined
[90mstdout[2m | src/components/PracticeDrill/PracticeDrillDialog.stories.tsx[2m > [22m[2mDefault
[22m[39mQuestionBlockRo.inProgress {}
[90mstdout[2m | src/components/PracticeDrill/PracticeDrillDialog.stories.tsx[2m > [22m[2mDefault
[22m[39m[ChatContext] No current chat available, will create one
[90mstdout[2m | src/components/PracticeDrill/PracticeDrillDialog.stories.tsx[2m > [22m[2mDefault
[22m[39m[ChatContext] Creating AssistantChat with user: undefined
[90mstdout[2m | src/components/PracticeDrill/PracticeDrillDialog.stories.tsx[2m > [22m[2mDefault
[22m[39m[Mock Data] AssistantChat created: mock-assistantchat-1790416334379 - notified 1 subscribers
[90mstdout[2m | src/components/PracticeDrill/PracticeDrillDialog.stories.tsx[2m > [22m[2mDefault
[22m[39m[ChatContext] Create result: {
  "data": {
    "_version": 1,
    "archived": false,
    "chatFiles": [Function anonymous],
    "createdAt": "2026-09-26T09:52:14.379Z",
    "id": "mock-assistantchat-1790416334379",
    "model": "gpt-4",
    "updatedAt": "2026-09-26T09:52:14.379Z",
  },
  "errors": [],
  "hasData": true,
  "hasErrors": true,
}
[90mstdout[2m | src/components/PracticeDrill/PracticeDrillDialog.stories.tsx[2m > [22m[2mDefault
[22m[39m[ChatContext] Created AssistantChat: mock-assistantchat-1790416334379 at: 2026-09-26T09:52:14.379Z
[90mstdout[2m | src/components/PracticeDrill/PracticeDrillDialog.stories.tsx[2m > [22m[2mDefault
[22m[39m[FilesContext] File observeQuery update: 0 files
[90mstdout[2m | src/components/PracticeDrill/PracticeDrillDialog.stories.tsx[2m > [22m[2mDefault
[22m[39m[Mock Storage] downloadData called with: undefined
[90mstdout[2m | src/components/PracticeDrill/PracticeDrillDialog.stories.tsx[2m > [22m[2mDefault
[22m[39m[ChatContext] Setting initial chat: mock-assistantchat-1790416334379
[90mstdout[2m | src/components/PracticeDrill/PracticeDrillDialog.stories.tsx[2m > [22m[2mDefault
[22m[39m[MOCK CourseVectorStore] Initialized with mock data
[90mstdout[2m | src/components/PracticeDrill/PracticeDrillDialog.stories.tsx[2m > [22m[2mDefault
[22m[39m[ChatContext] Chat exists and not archived, skipping creation
[90mstdout[2m | src/components/PracticeDrill/PracticeDrillDialog.stories.tsx[2m > [22m[2mDefault
[22m[39m[Mock Storage] downloadData called with: undefined
[90mstdout[2m | src/components/PracticeDrill/PracticeDrillDialog.stories.tsx[2m > [22m[2mVocabulary Only
[22m[39m[ChatContext] Cleaning up subscriptions
[90mstdout[2m | src/components/PracticeDrill/PracticeDrillDialog.stories.tsx[2m > [22m[2mVocabulary Only
[22m[39m[Mock Data] Unit.onUpdate() subscription removed. Remaining: 0
[90mstdout[2m | src/components/PracticeDrill/PracticeDrillDialog.stories.tsx[2m > [22m[2mVocabulary Only
[22m[39m[Preview] Skipped initializing default mock data (initializeMockData=false)
[90mstdout[2m | src/components/PracticeDrill/PracticeDrillDialog.stories.tsx[2m > [22m[2mVocabulary Only
[22m[39m[Mock Data] seedMockWords: Adding 1 words
[90mstdout[2m | src/components/PracticeDrill/PracticeDrillDialog.stories.tsx[2m > [22m[2mVocabulary Only
[22m[39m[Mock Data] seedMockUnit: Adding unit unit-abc-123
[90mstdout[2m | src/components/PracticeDrill/PracticeDrillDialog.stories.tsx[2m > [22m[2mVocabulary Only
[22m[39m[MOCK CourseVectorStore] Initialized with mock data
[90mstdout[2m | src/components/PracticeDrill/PracticeDrillDialog.stories.tsx[2m > [22m[2mVocabulary Only
[22m[39m[TranslationModeController] Setting mode to: off
[90mstdout[2m | src/components/PracticeDrill/PracticeDrillDialog.stories.tsx[2m > [22m[2mVocabulary Only
[22m[39m[UnitContext] useEffect triggered {
  "authLoading": false,
  "hasUser": true,
  "id": "unit-abc-123",
  "userSub": "mock-user-sub",
}
[90mstdout[2m | src/components/PracticeDrill/PracticeDrillDialog.stories.tsx[2m > [22m[2mVocabulary Only
[22m[39m[UnitContext] Fetching unit data for id: unit-abc-123
[90mstdout[2m | src/components/PracticeDrill/PracticeDrillDialog.stories.tsx[2m > [22m[2mVocabulary Only
[22m[39m[FilesContext] Initializing vector store from IndexedDB
[90mstdout[2m | src/components/PracticeDrill/PracticeDrillDialog.stories.tsx[2m > [22m[2mVocabulary Only
[22m[39m[FilesContext] fetchFiles called
[90mstdout[2m | src/components/PracticeDrill/PracticeDrillDialog.stories.tsx[2m > [22m[2mVocabulary Only
[22m[39m[FilesContext] User authenticated: mock-user-sub
[90mstdout[2m | src/components/PracticeDrill/PracticeDrillDialog.stories.tsx[2m > [22m[2mVocabulary Only
[22m[39m[FilesContext] Identity ID: us-east-1:mock-identity-123
[90mstdout[2m | src/components/PracticeDrill/PracticeDrillDialog.stories.tsx[2m > [22m[2mVocabulary Only
[22m[39m[FilesContext] About to set up File observeQuery
[90mstdout[2m | src/components/PracticeDrill/PracticeDrillDialog.stories.tsx[2m > [22m[2mVocabulary Only
[22m[39m[ChatContext] Setting up AssistantChat observeQuery
[90mstdout[2m | src/components/PracticeDrill/PracticeDrillDialog.stories.tsx[2m > [22m[2mVocabulary Only
[22m[39m[ChatContext] Waiting for subscription to initialize
[90mstdout[2m | src/components/PracticeDrill/PracticeDrillDialog.stories.tsx[2m > [22m[2mVocabulary Only
[22m[39m[SettingsContext] Setting up Settings subscription for user: mock-user-sub
[90mstdout[2m | src/components/PracticeDrill/PracticeDrillDialog.stories.tsx[2m > [22m[2mVocabulary Only
[22m[39m[Mock Data] PracticeSession created: mock-practicesession-1790416334601 - notified 1 subscribers
[90mstdout[2m | src/components/PracticeDrill/PracticeDrillDialog.stories.tsx[2m > [22m[2mVocabulary Only
[22m[39m[Mock Data] Settings created: mock-settings-1790416334601 - notified 0 subscribers
[90mstdout[2m | src/components/PracticeDrill/PracticeDrillDialog.stories.tsx[2m > [22m[2mVocabulary Only
[22m[39m[Mock Data] Unit.onUpdate() subscription added. Total: 1
[90mstdout[2m | src/components/PracticeDrill/PracticeDrillDialog.stories.tsx[2m > [22m[2mVocabulary Only
[22m[39m[MOCK CourseVectorStore] Initialized with mock data
[90mstdout[2m | src/components/PracticeDrill/PracticeDrillDialog.stories.tsx[2m > [22m[2mVocabulary Only
[22m[39m[WorkbookStatePlugin] Loading unit content into read-only workbook: drill-mock-practicesession-1790416334601
[90mstdout[2m | src/components/PracticeDrill/PracticeDrillDialog.stories.tsx[2m > [22m[2mVocabulary Only
[22m[39m[FilesContext] Initializing vector store from IndexedDB
[90mstdout[2m | src/components/PracticeDrill/PracticeDrillDialog.stories.tsx[2m > [22m[2mVocabulary Only
[22m[39m[FilesContext] fetchFiles called
[90mstdout[2m | src/components/PracticeDrill/PracticeDrillDialog.stories.tsx[2m > [22m[2mVocabulary Only
[22m[39m[FilesContext] User authenticated: mock-user-sub
[90mstdout[2m | src/components/PracticeDrill/PracticeDrillDialog.stories.tsx[2m > [22m[2mVocabulary Only
[22m[39m[FilesContext] Identity ID: us-east-1:mock-identity-123
[90mstdout[2m | src/components/PracticeDrill/PracticeDrillDialog.stories.tsx[2m > [22m[2mVocabulary Only
[22m[39m[FilesContext] About to set up File observeQuery
[90mstdout[2m | src/components/PracticeDrill/PracticeDrillDialog.stories.tsx[2m > [22m[2mVocabulary Only
[22m[39mQuestionBlockRo.grade {
  "_version": 1,
  "accuracy": null,
  "complete": false,
  "data": {},
  "id": "drill-grade-mock-practicesession-1790416334601",
}
[90mstdout[2m | src/components/PracticeDrill/PracticeDrillDialog.stories.tsx[2m > [22m[2mVocabulary Only
[22m[39m......!q {
  "answer": "Mitochondria",
  "correct": true,
}
[90mstdout[2m | src/components/PracticeDrill/PracticeDrillDialog.stories.tsx[2m > [22m[2mVocabulary Only
[22m[39m......!q {
  "answer": "Nucleus",
  "correct": false,
}
[90mstdout[2m | src/components/PracticeDrill/PracticeDrillDialog.stories.tsx[2m > [22m[2mVocabulary Only
[22m[39m......!q {
  "answer": "Ribosome",
  "correct": false,
}
[90mstdout[2m | src/components/PracticeDrill/PracticeDrillDialog.stories.tsx[2m > [22m[2mVocabulary Only
[22m[39mQuestionBlock.nodeKey 10 type: string
[90mstdout[2m | src/components/PracticeDrill/PracticeDrillDialog.stories.tsx[2m > [22m[2mVocabulary Only
[22m[39mQuestionBlock.questionContent [
  {
    "answer": "Mitochondria",
    "correct": true,
  },
  {
    "answer": "Nucleus",
    "correct": false,
  },
  {
    "answer": "Ribosome",
    "correct": false,
  },
]
[90mstdout[2m | src/components/PracticeDrill/PracticeDrillDialog.stories.tsx[2m > [22m[2mVocabulary Only
[22m[39mQuestionBlock.grade.data keys: []
[90mstdout[2m | src/components/PracticeDrill/PracticeDrillDialog.stories.tsx[2m > [22m[2mVocabulary Only
[22m[39mQuestionBlock.grade.data[nodeKey]: undefined
[90mstdout[2m | src/components/PracticeDrill/PracticeDrillDialog.stories.tsx[2m > [22m[2mVocabulary Only
[22m[39mQuestionBlockRo.inProgress {}
[90mstdout[2m | src/components/PracticeDrill/PracticeDrillDialog.stories.tsx[2m > [22m[2mVocabulary Only
[22m[39m[SectionContext] Section observeQuery update: 0
[90mstdout[2m | src/components/PracticeDrill/PracticeDrillDialog.stories.tsx[2m > [22m[2mVocabulary Only
[22m[39m[FilesContext] File observeQuery update: 0 files
[90mstdout[2m | src/components/PracticeDrill/PracticeDrillDialog.stories.tsx[2m > [22m[2mVocabulary Only
[22m[39m[ChatContext] AssistantChat initialized with 0 chats
[90mstdout[2m | src/components/PracticeDrill/PracticeDrillDialog.stories.tsx[2m > [22m[2mVocabulary Only
[22m[39m[MOCK CourseVectorStore] Initialized with mock data
[90mstdout[2m | src/components/PracticeDrill/PracticeDrillDialog.stories.tsx[2m > [22m[2mVocabulary Only
[22m[39mQuestionBlockRo.grade {
  "_version": 1,
  "accuracy": null,
  "complete": false,
  "data": {},
  "id": "drill-grade-mock-practicesession-1790416334601",
}
[90mstdout[2m | src/components/PracticeDrill/PracticeDrillDialog.stories.tsx[2m > [22m[2mVocabulary Only
[22m[39m......!q {
  "answer": "Mitochondria",
  "correct": true,
}
[90mstdout[2m | src/components/PracticeDrill/PracticeDrillDialog.stories.tsx[2m > [22m[2mVocabulary Only
[22m[39m......!q {
  "answer": "Nucleus",
  "correct": false,
}
[90mstdout[2m | src/components/PracticeDrill/PracticeDrillDialog.stories.tsx[2m > [22m[2mVocabulary Only
[22m[39m......!q {
  "answer": "Ribosome",
  "correct": false,
}
[90mstdout[2m | src/components/PracticeDrill/PracticeDrillDialog.stories.tsx[2m > [22m[2mVocabulary Only
[22m[39mQuestionBlock.nodeKey 10 type: string
[90mstdout[2m | src/components/PracticeDrill/PracticeDrillDialog.stories.tsx[2m > [22m[2mVocabulary Only
[22m[39mQuestionBlock.questionContent [
  {
    "answer": "Mitochondria",
    "correct": true,
  },
  {
    "answer": "Nucleus",
    "correct": false,
  },
  {
    "answer": "Ribosome",
    "correct": false,
  },
]
[90mstdout[2m | src/components/PracticeDrill/PracticeDrillDialog.stories.tsx[2m > [22m[2mVocabulary Only
[22m[39mQuestionBlock.grade.data keys: []
[90mstdout[2m | src/components/PracticeDrill/PracticeDrillDialog.stories.tsx[2m > [22m[2mVocabulary Only
[22m[39mQuestionBlock.grade.data[nodeKey]: undefined
[90mstdout[2m | src/components/PracticeDrill/PracticeDrillDialog.stories.tsx[2m > [22m[2mVocabulary Only
[22m[39mQuestionBlockRo.inProgress {}
[90mstdout[2m | src/components/PracticeDrill/PracticeDrillDialog.stories.tsx[2m > [22m[2mVocabulary Only
[22m[39m[ChatContext] No current chat available, will create one
[90mstdout[2m | src/components/PracticeDrill/PracticeDrillDialog.stories.tsx[2m > [22m[2mVocabulary Only
[22m[39m[ChatContext] Creating AssistantChat with user: undefined
[90mstdout[2m | src/components/PracticeDrill/PracticeDrillDialog.stories.tsx[2m > [22m[2mVocabulary Only
[22m[39m[Mock Data] AssistantChat created: mock-assistantchat-1790416334744 - notified 1 subscribers
[90mstdout[2m | src/components/PracticeDrill/PracticeDrillDialog.stories.tsx[2m > [22m[2mVocabulary Only
[22m[39m[ChatContext] Create result: {
  "data": {
    "_version": 1,
    "archived": false,
    "chatFiles": [Function anonymous],
    "createdAt": "2026-09-26T09:52:14.744Z",
    "id": "mock-assistantchat-1790416334744",
    "model": "gpt-4",
    "updatedAt": "2026-09-26T09:52:14.744Z",
  },
  "errors": [],
  "hasData": true,
  "hasErrors": true,
}
[90mstdout[2m | src/components/PracticeDrill/PracticeDrillDialog.stories.tsx[2m > [22m[2mVocabulary Only
[22m[39m[ChatContext] Created AssistantChat: mock-assistantchat-1790416334744 at: 2026-09-26T09:52:14.744Z
[90mstdout[2m | src/components/PracticeDrill/PracticeDrillDialog.stories.tsx[2m > [22m[2mVocabulary Only
[22m[39m[FilesContext] File observeQuery update: 0 files
[90mstdout[2m | src/components/PracticeDrill/PracticeDrillDialog.stories.tsx[2m > [22m[2mVocabulary Only
[22m[39m[Mock Storage] downloadData called with: undefined
[90mstdout[2m | src/components/PracticeDrill/PracticeDrillDialog.stories.tsx[2m > [22m[2mVocabulary Only
[22m[39m[ChatContext] Setting initial chat: mock-assistantchat-1790416334744
[90mstdout[2m | src/components/PracticeDrill/PracticeDrillDialog.stories.tsx[2m > [22m[2mVocabulary Only
[22m[39m[MOCK CourseVectorStore] Initialized with mock data
[90mstdout[2m | src/components/PracticeDrill/PracticeDrillDialog.stories.tsx[2m > [22m[2mVocabulary Only
[22m[39m[ChatContext] Chat exists and not archived, skipping creation
[90mstdout[2m | src/components/PracticeDrill/PracticeDrillDialog.stories.tsx[2m > [22m[2mVocabulary Only
[22m[39m[Mock Storage] downloadData called with: undefined
[90mstdout[2m | src/components/PracticeDrill/PracticeDrillDialog.stories.tsx[2m > [22m[2mDiminished XP
[22m[39m[ChatContext] Cleaning up subscriptions
[90mstdout[2m | src/components/PracticeDrill/PracticeDrillDialog.stories.tsx[2m > [22m[2mDiminished XP
[22m[39m[Mock Data] Unit.onUpdate() subscription removed. Remaining: 0
[90mstdout[2m | src/components/PracticeDrill/PracticeDrillDialog.stories.tsx[2m > [22m[2mDiminished XP
[22m[39m[Preview] Skipped initializing default mock data (initializeMockData=false)
[90mstdout[2m | src/components/PracticeDrill/PracticeDrillDialog.stories.tsx[2m > [22m[2mDiminished XP
[22m[39m[Mock Data] seedMockWords: Adding 1 words
[90mstdout[2m | src/components/PracticeDrill/PracticeDrillDialog.stories.tsx[2m > [22m[2mDiminished XP
[22m[39m[Mock Data] seedMockUnit: Adding unit unit-abc-123
[90mstdout[2m | src/components/PracticeDrill/PracticeDrillDialog.stories.tsx[2m > [22m[2mDiminished XP
[22m[39m[MOCK CourseVectorStore] Initialized with mock data
[90mstdout[2m | src/components/PracticeDrill/PracticeDrillDialog.stories.tsx[2m > [22m[2mDiminished XP
[22m[39m[TranslationModeController] Setting mode to: off
[90mstdout[2m | src/components/PracticeDrill/PracticeDrillDialog.stories.tsx[2m > [22m[2mDiminished XP
[22m[39m[UnitContext] useEffect triggered {
  "authLoading": false,
  "hasUser": true,
  "id": "unit-abc-123",
  "userSub": "mock-user-sub",
}
[90mstdout[2m | src/components/PracticeDrill/PracticeDrillDialog.stories.tsx[2m > [22m[2mDiminished XP
[22m[39m[UnitContext] Fetching unit data for id: unit-abc-123
[90mstdout[2m | src/components/PracticeDrill/PracticeDrillDialog.stories.tsx[2m > [22m[2mDiminished XP
[22m[39m[FilesContext] Initializing vector store from IndexedDB
[90mstdout[2m | src/components/PracticeDrill/PracticeDrillDialog.stories.tsx[2m > [22m[2mDiminished XP
[22m[39m[FilesContext] fetchFiles called
[90mstdout[2m | src/components/PracticeDrill/PracticeDrillDialog.stories.tsx[2m > [22m[2mDiminished XP
[22m[39m[FilesContext] User authenticated: mock-user-sub
[90mstdout[2m | src/components/PracticeDrill/PracticeDrillDialog.stories.tsx[2m > [22m[2mDiminished XP
[22m[39m[FilesContext] Identity ID: us-east-1:mock-identity-123
[90mstdout[2m | src/components/PracticeDrill/PracticeDrillDialog.stories.tsx[2m > [22m[2mDiminished XP
[22m[39m[FilesContext] About to set up File observeQuery
[90mstdout[2m | src/components/PracticeDrill/PracticeDrillDialog.stories.tsx[2m > [22m[2mDiminished XP
[22m[39m[ChatContext] Setting up AssistantChat observeQuery
[90mstdout[2m | src/components/PracticeDrill/PracticeDrillDialog.stories.tsx[2m > [22m[2mDiminished XP
[22m[39m[ChatContext] Waiting for subscription to initialize
[90mstdout[2m | src/components/PracticeDrill/PracticeDrillDialog.stories.tsx[2m > [22m[2mDiminished XP
[22m[39m[SettingsContext] Setting up Settings subscription for user: mock-user-sub
[90mstdout[2m | src/components/PracticeDrill/PracticeDrillDialog.stories.tsx[2m > [22m[2mDiminished XP
[22m[39m[Mock Data] PracticeSession created: mock-practicesession-1790416334931 - notified 1 subscribers
[90mstdout[2m | src/components/PracticeDrill/PracticeDrillDialog.stories.tsx[2m > [22m[2mDiminished XP
[22m[39m[Mock Data] Settings created: mock-settings-1790416334931 - notified 0 subscribers
[90mstdout[2m | src/components/PracticeDrill/PracticeDrillDialog.stories.tsx[2m > [22m[2mDiminished XP
[22m[39m[Mock Data] Unit.onUpdate() subscription added. Total: 1
[90mstdout[2m | src/components/PracticeDrill/PracticeDrillDialog.stories.tsx[2m > [22m[2mDiminished XP
[22m[39m[MOCK CourseVectorStore] Initialized with mock data
[90mstdout[2m | src/components/PracticeDrill/PracticeDrillDialog.stories.tsx[2m > [22m[2mDiminished XP
[22m[39m[WorkbookStatePlugin] Loading unit content into read-only workbook: drill-mock-practicesession-1790416334931
[90mstdout[2m | src/components/PracticeDrill/PracticeDrillDialog.stories.tsx[2m > [22m[2mDiminished XP
[22m[39m[FilesContext] Initializing vector store from IndexedDB
[90mstdout[2m | src/components/PracticeDrill/PracticeDrillDialog.stories.tsx[2m > [22m[2mDiminished XP
[22m[39m[FilesContext] fetchFiles called
[90mstdout[2m | src/components/PracticeDrill/PracticeDrillDialog.stories.tsx[2m > [22m[2mDiminished XP
[22m[39m[FilesContext] User authenticated: mock-user-sub
[90mstdout[2m | src/components/PracticeDrill/PracticeDrillDialog.stories.tsx[2m > [22m[2mDiminished XP
[22m[39m[FilesContext] Identity ID: us-east-1:mock-identity-123
[90mstdout[2m | src/components/PracticeDrill/PracticeDrillDialog.stories.tsx[2m > [22m[2mDiminished XP
[22m[39m[FilesContext] About to set up File observeQuery
[90mstdout[2m | src/components/PracticeDrill/PracticeDrillDialog.stories.tsx[2m > [22m[2mDiminished XP
[22m[39mQuestionBlockRo.grade {
  "_version": 1,
  "accuracy": null,
  "complete": false,
  "data": {},
  "id": "drill-grade-mock-practicesession-1790416334931",
}
[90mstdout[2m | src/components/PracticeDrill/PracticeDrillDialog.stories.tsx[2m > [22m[2mDiminished XP
[22m[39m......!q {
  "answer": "Mitochondria",
  "correct": true,
}
[90mstdout[2m | src/components/PracticeDrill/PracticeDrillDialog.stories.tsx[2m > [22m[2mDiminished XP
[22m[39m......!q {
  "answer": "Nucleus",
  "correct": false,
}
[90mstdout[2m | src/components/PracticeDrill/PracticeDrillDialog.stories.tsx[2m > [22m[2mDiminished XP
[22m[39m......!q {
  "answer": "Ribosome",
  "correct": false,
}
[90mstdout[2m | src/components/PracticeDrill/PracticeDrillDialog.stories.tsx[2m > [22m[2mDiminished XP
[22m[39mQuestionBlock.nodeKey 17 type: string
[90mstdout[2m | src/components/PracticeDrill/PracticeDrillDialog.stories.tsx[2m > [22m[2mDiminished XP
[22m[39mQuestionBlock.questionContent [
  {
    "answer": "Mitochondria",
    "correct": true,
  },
  {
    "answer": "Nucleus",
    "correct": false,
  },
  {
    "answer": "Ribosome",
    "correct": false,
  },
]
[90mstdout[2m | src/components/PracticeDrill/PracticeDrillDialog.stories.tsx[2m > [22m[2mDiminished XP
[22m[39mQuestionBlock.grade.data keys: []
[90mstdout[2m | src/components/PracticeDrill/PracticeDrillDialog.stories.tsx[2m > [22m[2mDiminished XP
[22m[39mQuestionBlock.grade.data[nodeKey]: undefined
[90mstdout[2m | src/components/PracticeDrill/PracticeDrillDialog.stories.tsx[2m > [22m[2mDiminished XP
[22m[39mQuestionBlockRo.inProgress {}
[90mstdout[2m | src/components/PracticeDrill/PracticeDrillDialog.stories.tsx[2m > [22m[2mDiminished XP
[22m[39m[SectionContext] Section observeQuery update: 0
[90mstdout[2m | src/components/PracticeDrill/PracticeDrillDialog.stories.tsx[2m > [22m[2mDiminished XP
[22m[39m[FilesContext] File observeQuery update: 0 files
[90mstdout[2m | src/components/PracticeDrill/PracticeDrillDialog.stories.tsx[2m > [22m[2mDiminished XP
[22m[39m[ChatContext] AssistantChat initialized with 0 chats
[90mstdout[2m | src/components/PracticeDrill/PracticeDrillDialog.stories.tsx[2m > [22m[2mDiminished XP
[22m[39m[MOCK CourseVectorStore] Initialized with mock data
[90mstdout[2m | src/components/PracticeDrill/PracticeDrillDialog.stories.tsx[2m > [22m[2mDiminished XP
[22m[39mQuestionBlockRo.grade {
  "_version": 1,
  "accuracy": null,
  "complete": false,
  "data": {},
  "id": "drill-grade-mock-practicesession-1790416334931",
}
[90mstdout[2m | src/components/PracticeDrill/PracticeDrillDialog.stories.tsx[2m > [22m[2mDiminished XP
[22m[39m......!q {
  "answer": "Mitochondria",
  "correct": true,
}
[90mstdout[2m | src/components/PracticeDrill/PracticeDrillDialog.stories.tsx[2m > [22m[2mDiminished XP
[22m[39m......!q {
  "answer": "Nucleus",
  "correct": false,
}
[90mstdout[2m | src/components/PracticeDrill/PracticeDrillDialog.stories.tsx[2m > [22m[2mDiminished XP
[22m[39m......!q {
  "answer": "Ribosome",
  "correct": false,
}
[90mstdout[2m | src/components/PracticeDrill/PracticeDrillDialog.stories.tsx[2m > [22m[2mDiminished XP
[22m[39mQuestionBlock.nodeKey 17 type: string
[90mstdout[2m | src/components/PracticeDrill/PracticeDrillDialog.stories.tsx[2m > [22m[2mDiminished XP
[22m[39mQuestionBlock.questionContent [
  {
    "answer": "Mitochondria",
    "correct": true,
  },
  {
    "answer": "Nucleus",
    "correct": false,
  },
  {
    "answer": "Ribosome",
    "correct": false,
  },
]
[90mstdout[2m | src/components/PracticeDrill/PracticeDrillDialog.stories.tsx[2m > [22m[2mDiminished XP
[22m[39mQuestionBlock.grade.data keys: []
[90mstdout[2m | src/components/PracticeDrill/PracticeDrillDialog.stories.tsx[2m > [22m[2mDiminished XP
[22m[39mQuestionBlock.grade.data[nodeKey]: undefined
[90mstdout[2m | src/components/PracticeDrill/PracticeDrillDialog.stories.tsx[2m > [22m[2mDiminished XP
[22m[39mQuestionBlockRo.inProgress {}
[90mstdout[2m | src/components/PracticeDrill/PracticeDrillDialog.stories.tsx[2m > [22m[2mDiminished XP
[22m[39m[ChatContext] No current chat available, will create one
[90mstdout[2m | src/components/PracticeDrill/PracticeDrillDialog.stories.tsx[2m > [22m[2mDiminished XP
[22m[39m[ChatContext] Creating AssistantChat with user: undefined
[90mstdout[2m | src/components/PracticeDrill/PracticeDrillDialog.stories.tsx[2m > [22m[2mDiminished XP
[22m[39m[Mock Data] AssistantChat created: mock-assistantchat-1790416335050 - notified 1 subscribers
[90mstdout[2m | src/components/PracticeDrill/PracticeDrillDialog.stories.tsx[2m > [22m[2mDiminished XP
[22m[39m[ChatContext] Create result: {
  "data": {
    "_version": 1,
    "archived": false,
    "chatFiles": [Function anonymous],
    "createdAt": "2026-09-26T09:52:15.050Z",
    "id": "mock-assistantchat-1790416335050",
    "model": "gpt-4",
    "updatedAt": "2026-09-26T09:52:15.050Z",
  },
  "errors": [],
  "hasData": true,
  "hasErrors": true,
}
[90mstdout[2m | src/components/PracticeDrill/PracticeDrillDialog.stories.tsx[2m > [22m[2mDiminished XP
[22m[39m[ChatContext] Created AssistantChat: mock-assistantchat-1790416335050 at: 2026-09-26T09:52:15.050Z
[90mstdout[2m | src/components/PracticeDrill/PracticeDrillDialog.stories.tsx[2m > [22m[2mDiminished XP
[22m[39m[FilesContext] File observeQuery update: 0 files
[90mstdout[2m | src/components/PracticeDrill/PracticeDrillDialog.stories.tsx[2m > [22m[2mDiminished XP
[22m[39m[Mock Storage] downloadData called with: undefined
[90mstdout[2m | src/components/PracticeDrill/PracticeDrillDialog.stories.tsx[2m > [22m[2mDiminished XP
[22m[39m[ChatContext] Setting initial chat: mock-assistantchat-1790416335050
[90mstdout[2m | src/components/PracticeDrill/PracticeDrillDialog.stories.tsx[2m > [22m[2mDiminished XP
[22m[39m[MOCK CourseVectorStore] Initialized with mock data
[90mstdout[2m | src/components/PracticeDrill/PracticeDrillDialog.stories.tsx[2m > [22m[2mDiminished XP
[22m[39m[ChatContext] Chat exists and not archived, skipping creation
[90mstdout[2m | src/components/PracticeDrill/PracticeDrillDialog.stories.tsx[2m > [22m[2mDiminished XP
[22m[39m[Mock Storage] downloadData called with: undefined
[90mstdout[2m | src/components/PracticeDrill/PracticeDrillDialog.stories.tsx[2m > [22m[2mDiminished XP
[22m[39mfilterWords {
  "filter": "",
  "wordsCount": 1,
}
[90mstdout[2m | src/components/PracticeDrill/PracticeDrillDialog.stories.tsx[2m > [22m[2mReview Drill
[22m[39m[ChatContext] Cleaning up subscriptions
[90mstdout[2m | src/components/PracticeDrill/PracticeDrillDialog.stories.tsx[2m > [22m[2mReview Drill
[22m[39m[Mock Data] Unit.onUpdate() subscription removed. Remaining: 0
[90mstdout[2m | src/components/PracticeDrill/PracticeDrillDialog.stories.tsx[2m > [22m[2mReview Drill
[22m[39m[Preview] Skipped initializing default mock data (initializeMockData=false)
[90mstdout[2m | src/components/PracticeDrill/PracticeDrillDialog.stories.tsx[2m > [22m[2mReview Drill
[22m[39m[Mock Data] seedMockWords: Adding 1 words
[90mstdout[2m | src/components/PracticeDrill/PracticeDrillDialog.stories.tsx[2m > [22m[2mReview Drill
[22m[39m[Mock Data] seedMockUnit: Adding unit unit-abc-123
[90mstdout[2m | src/components/PracticeDrill/PracticeDrillDialog.stories.tsx[2m > [22m[2mReview Drill
[22m[39m[MOCK CourseVectorStore] Initialized with mock data
[90mstdout[2m | src/components/PracticeDrill/PracticeDrillDialog.stories.tsx[2m > [22m[2mReview Drill
[22m[39m[TranslationModeController] Setting mode to: off
[90mstdout[2m | src/components/PracticeDrill/PracticeDrillDialog.stories.tsx[2m > [22m[2mReview Drill
[22m[39m[UnitContext] useEffect triggered {
  "authLoading": false,
  "hasUser": true,
  "id": "unit-abc-123",
  "userSub": "mock-user-sub",
}
[90mstdout[2m | src/components/PracticeDrill/PracticeDrillDialog.stories.tsx[2m > [22m[2mReview Drill
[22m[39m[UnitContext] Fetching unit data for id: unit-abc-123
[90mstdout[2m | src/components/PracticeDrill/PracticeDrillDialog.stories.tsx[2m > [22m[2mReview Drill
[22m[39m[FilesContext] Initializing vector store from IndexedDB
[90mstdout[2m | src/components/PracticeDrill/PracticeDrillDialog.stories.tsx[2m > [22m[2mReview Drill
[22m[39m[FilesContext] fetchFiles called
[90mstdout[2m | src/components/PracticeDrill/PracticeDrillDialog.stories.tsx[2m > [22m[2mReview Drill
[22m[39m[FilesContext] User authenticated: mock-user-sub
[90mstdout[2m | src/components/PracticeDrill/PracticeDrillDialog.stories.tsx[2m > [22m[2mReview Drill
[22m[39m[FilesContext] Identity ID: us-east-1:mock-identity-123
[90mstdout[2m | src/components/PracticeDrill/PracticeDrillDialog.stories.tsx[2m > [22m[2mReview Drill
[22m[39m[FilesContext] About to set up File observeQuery
[90mstdout[2m | src/components/PracticeDrill/PracticeDrillDialog.stories.tsx[2m > [22m[2mReview Drill
[22m[39m[ChatContext] Setting up AssistantChat observeQuery
[90mstdout[2m | src/components/PracticeDrill/PracticeDrillDialog.stories.tsx[2m > [22m[2mReview Drill
[22m[39m[ChatContext] Waiting for subscription to initialize
[90mstdout[2m | src/components/PracticeDrill/PracticeDrillDialog.stories.tsx[2m > [22m[2mReview Drill
[22m[39m[SettingsContext] Setting up Settings subscription for user: mock-user-sub
[90mstdout[2m | src/components/PracticeDrill/PracticeDrillDialog.stories.tsx[2m > [22m[2mReview Drill
[22m[39m[Mock Data] PracticeSession created: mock-practicesession-1790416335236 - notified 1 subscribers
[90mstdout[2m | src/components/PracticeDrill/PracticeDrillDialog.stories.tsx[2m > [22m[2mReview Drill
[22m[39m[Mock Data] Settings created: mock-settings-1790416335236 - notified 0 subscribers
[90mstdout[2m | src/components/PracticeDrill/PracticeDrillDialog.stories.tsx[2m > [22m[2mReview Drill
[22m[39m[Mock Data] Unit.onUpdate() subscription added. Total: 1
[90mstdout[2m | src/components/PracticeDrill/PracticeDrillDialog.stories.tsx[2m > [22m[2mReview Drill
[22m[39m[MOCK CourseVectorStore] Initialized with mock data
[90mstdout[2m | src/components/PracticeDrill/PracticeDrillDialog.stories.tsx[2m > [22m[2mReview Drill
[22m[39m[WorkbookStatePlugin] Loading unit content into read-only workbook: drill-mock-practicesession-1790416335236
[90mstdout[2m | src/components/PracticeDrill/PracticeDrillDialog.stories.tsx[2m > [22m[2mReview Drill
[22m[39m[FilesContext] Initializing vector store from IndexedDB
[90mstdout[2m | src/components/PracticeDrill/PracticeDrillDialog.stories.tsx[2m > [22m[2mReview Drill
[22m[39m[FilesContext] fetchFiles called
[90mstdout[2m | src/components/PracticeDrill/PracticeDrillDialog.stories.tsx[2m > [22m[2mReview Drill
[22m[39m[FilesContext] User authenticated: mock-user-sub
[90mstdout[2m | src/components/PracticeDrill/PracticeDrillDialog.stories.tsx[2m > [22m[2mReview Drill
[22m[39m[FilesContext] Identity ID: us-east-1:mock-identity-123
[90mstdout[2m | src/components/PracticeDrill/PracticeDrillDialog.stories.tsx[2m > [22m[2mReview Drill
[22m[39m[FilesContext] About to set up File observeQuery
[90mstdout[2m | src/components/PracticeDrill/PracticeDrillDialog.stories.tsx[2m > [22m[2mReview Drill
[22m[39mQuestionBlockRo.grade {
  "_version": 1,
  "accuracy": null,
  "complete": false,
  "data": {},
  "id": "drill-grade-mock-practicesession-1790416335236",
}
[90mstdout[2m | src/components/PracticeDrill/PracticeDrillDialog.stories.tsx[2m > [22m[2mReview Drill
[22m[39m......!q {
  "answer": "Mitochondria",
  "correct": true,
}
[90mstdout[2m | src/components/PracticeDrill/PracticeDrillDialog.stories.tsx[2m > [22m[2mReview Drill
[22m[39m......!q {
  "answer": "Nucleus",
  "correct": false,
}
[90mstdout[2m | src/components/PracticeDrill/PracticeDrillDialog.stories.tsx[2m > [22m[2mReview Drill
[22m[39m......!q {
  "answer": "Ribosome",
  "correct": false,
}
[90mstdout[2m | src/components/PracticeDrill/PracticeDrillDialog.stories.tsx[2m > [22m[2mReview Drill
[22m[39mQuestionBlock.nodeKey 24 type: string
[90mstdout[2m | src/components/PracticeDrill/PracticeDrillDialog.stories.tsx[2m > [22m[2mReview Drill
[22m[39mQuestionBlock.questionContent [
  {
    "answer": "Mitochondria",
    "correct": true,
  },
  {
    "answer": "Nucleus",
    "correct": false,
  },
  {
    "answer": "Ribosome",
    "correct": false,
  },
]
[90mstdout[2m | src/components/PracticeDrill/PracticeDrillDialog.stories.tsx[2m > [22m[2mReview Drill
[22m[39mQuestionBlock.grade.data keys: []
[90mstdout[2m | src/components/PracticeDrill/PracticeDrillDialog.stories.tsx[2m > [22m[2mReview Drill
[22m[39mQuestionBlock.grade.data[nodeKey]: undefined
[90mstdout[2m | src/components/PracticeDrill/PracticeDrillDialog.stories.tsx[2m > [22m[2mReview Drill
[22m[39mQuestionBlockRo.inProgress {}
[90mstdout[2m | src/components/PracticeDrill/PracticeDrillDialog.stories.tsx[2m > [22m[2mReview Drill
[22m[39m[SectionContext] Section observeQuery update: 0
[90mstdout[2m | src/components/PracticeDrill/PracticeDrillDialog.stories.tsx[2m > [22m[2mReview Drill
[22m[39m[FilesContext] File observeQuery update: 0 files
[90mstdout[2m | src/components/PracticeDrill/PracticeDrillDialog.stories.tsx[2m > [22m[2mReview Drill
[22m[39m[ChatContext] AssistantChat initialized with 0 chats
[90mstdout[2m | src/components/PracticeDrill/PracticeDrillDialog.stories.tsx[2m > [22m[2mReview Drill
[22m[39m[MOCK CourseVectorStore] Initialized with mock data
[90mstdout[2m | src/components/PracticeDrill/PracticeDrillDialog.stories.tsx[2m > [22m[2mReview Drill
[22m[39mQuestionBlockRo.grade {
  "_version": 1,
  "accuracy": null,
  "complete": false,
  "data": {},
  "id": "drill-grade-mock-practicesession-1790416335236",
}
[90mstdout[2m | src/components/PracticeDrill/PracticeDrillDialog.stories.tsx[2m > [22m[2mReview Drill
[22m[39m......!q {
  "answer": "Mitochondria",
  "correct": true,
}
[90mstdout[2m | src/components/PracticeDrill/PracticeDrillDialog.stories.tsx[2m > [22m[2mReview Drill
[22m[39m......!q {
  "answer": "Nucleus",
  "correct": false,
}
[90mstdout[2m | src/components/PracticeDrill/PracticeDrillDialog.stories.tsx[2m > [22m[2mReview Drill
[22m[39m......!q {
  "answer": "Ribosome",
  "correct": false,
}
[90mstdout[2m | src/components/PracticeDrill/PracticeDrillDialog.stories.tsx[2m > [22m[2mReview Drill
[22m[39mQuestionBlock.nodeKey 24 type: string
[90mstdout[2m | src/components/PracticeDrill/PracticeDrillDialog.stories.tsx[2m > [22m[2mReview Drill
[22m[39mQuestionBlock.questionContent [
  {
    "answer": "Mitochondria",
    "correct": true,
  },
  {
    "answer": "Nucleus",
    "correct": false,
  },
  {
    "answer": "Ribosome",
    "correct": false,
  },
]
[90mstdout[2m | src/components/PracticeDrill/PracticeDrillDialog.stories.tsx[2m > [22m[2mReview Drill
[22m[39mQuestionBlock.grade.data keys: []
[90mstdout[2m | src/components/PracticeDrill/PracticeDrillDialog.stories.tsx[2m > [22m[2mReview Drill
[22m[39mQuestionBlock.grade.data[nodeKey]: undefined
[90mstdout[2m | src/components/PracticeDrill/PracticeDrillDialog.stories.tsx[2m > [22m[2mReview Drill
[22m[39mQuestionBlockRo.inProgress {}
[90mstdout[2m | src/components/PracticeDrill/PracticeDrillDialog.stories.tsx[2m > [22m[2mReview Drill
[22m[39m[ChatContext] No current chat available, will create one
[90mstdout[2m | src/components/PracticeDrill/PracticeDrillDialog.stories.tsx[2m > [22m[2mReview Drill
[22m[39m[ChatContext] Creating AssistantChat with user: undefined
[90mstdout[2m | src/components/PracticeDrill/PracticeDrillDialog.stories.tsx[2m > [22m[2mReview Drill
[22m[39m[Mock Data] AssistantChat created: mock-assistantchat-1790416335364 - notified 1 subscribers
[90mstdout[2m | src/components/PracticeDrill/PracticeDrillDialog.stories.tsx[2m > [22m[2mReview Drill
[22m[39m[ChatContext] Create result: {
  "data": {
    "_version": 1,
    "archived": false,
    "chatFiles": [Function anonymous],
    "createdAt": "2026-09-26T09:52:15.364Z",
    "id": "mock-assistantchat-1790416335364",
    "model": "gpt-4",
    "updatedAt": "2026-09-26T09:52:15.364Z",
  },
  "errors": [],
  "hasData": true,
  "hasErrors": true,
}
[90mstdout[2m | src/components/PracticeDrill/PracticeDrillDialog.stories.tsx[2m > [22m[2mReview Drill
[22m[39m[ChatContext] Created AssistantChat: mock-assistantchat-1790416335364 at: 2026-09-26T09:52:15.364Z
[90mstdout[2m | src/components/PracticeDrill/PracticeDrillDialog.stories.tsx[2m > [22m[2mReview Drill
[22m[39m[FilesContext] File observeQuery update: 0 files
[90mstdout[2m | src/components/PracticeDrill/PracticeDrillDialog.stories.tsx[2m > [22m[2mReview Drill
[22m[39m[Mock Storage] downloadData called with: undefined
[90mstdout[2m | src/components/PracticeDrill/PracticeDrillDialog.stories.tsx[2m > [22m[2mReview Drill
[22m[39m[ChatContext] Setting initial chat: mock-assistantchat-1790416335364
[90mstdout[2m | src/components/PracticeDrill/PracticeDrillDialog.stories.tsx[2m > [22m[2mReview Drill
[22m[39m[MOCK CourseVectorStore] Initialized with mock data
[90mstdout[2m | src/components/PracticeDrill/PracticeDrillDialog.stories.tsx[2m > [22m[2mReview Drill
[22m[39m[ChatContext] Chat exists and not archived, skipping creation
[90mstdout[2m | src/components/PracticeDrill/PracticeDrillDialog.stories.tsx[2m > [22m[2mReview Drill
[22m[39m[Mock Storage] downloadData called with: undefined
[90mstdout[2m | src/components/PracticeDrill/PracticeDrillDialog.stories.tsx[2m > [22m[2mClosed
[22m[39m[ChatContext] Cleaning up subscriptions
[90mstdout[2m | src/components/PracticeDrill/PracticeDrillDialog.stories.tsx[2m > [22m[2mClosed
[22m[39m[Mock Data] Unit.onUpdate() subscription removed. Remaining: 0
[90mstdout[2m | src/components/PracticeDrill/PracticeDrillDialog.stories.tsx[2m > [22m[2mClosed
[22m[39m[Preview] Skipped initializing default mock data (initializeMockData=false)
[90mstdout[2m | src/components/PracticeDrill/PracticeDrillDialog.stories.tsx[2m > [22m[2mClosed
[22m[39m[Mock Data] seedMockWords: Adding 1 words
[90mstdout[2m | src/components/PracticeDrill/PracticeDrillDialog.stories.tsx[2m > [22m[2mClosed
[22m[39m[Mock Data] seedMockUnit: Adding unit unit-abc-123
[90mstdout[2m | src/components/PracticeDrill/PracticeDrillDialog.stories.tsx[2m > [22m[2mClosed
[22m[39m[MOCK CourseVectorStore] Initialized with mock data
[90mstdout[2m | src/components/PracticeDrill/PracticeDrillDialog.stories.tsx[2m > [22m[2mClosed
[22m[39m[TranslationModeController] Setting mode to: off
[90mstdout[2m | src/components/PracticeDrill/PracticeDrillDialog.stories.tsx[2m > [22m[2mClosed
[22m[39m[UnitContext] useEffect triggered {
  "authLoading": false,
  "hasUser": true,
  "id": "unit-abc-123",
  "userSub": "mock-user-sub",
}
[90mstdout[2m | src/components/PracticeDrill/PracticeDrillDialog.stories.tsx[2m > [22m[2mClosed
[22m[39m[UnitContext] Fetching unit data for id: unit-abc-123
[90mstdout[2m | src/components/PracticeDrill/PracticeDrillDialog.stories.tsx[2m > [22m[2mClosed
[22m[39m[FilesContext] Initializing vector store from IndexedDB
[90mstdout[2m | src/components/PracticeDrill/PracticeDrillDialog.stories.tsx[2m > [22m[2mClosed
[22m[39m[FilesContext] fetchFiles called
[90mstdout[2m | src/components/PracticeDrill/PracticeDrillDialog.stories.tsx[2m > [22m[2mClosed
[22m[39m[FilesContext] User authenticated: mock-user-sub
[90mstdout[2m | src/components/PracticeDrill/PracticeDrillDialog.stories.tsx[2m > [22m[2mClosed
[22m[39m[FilesContext] Identity ID: us-east-1:mock-identity-123
[90mstdout[2m | src/components/PracticeDrill/PracticeDrillDialog.stories.tsx[2m > [22m[2mClosed
[22m[39m[FilesContext] About to set up File observeQuery
[90mstdout[2m | src/components/PracticeDrill/PracticeDrillDialog.stories.tsx[2m > [22m[2mClosed
[22m[39m[ChatContext] Setting up AssistantChat observeQuery
[90mstdout[2m | src/components/PracticeDrill/PracticeDrillDialog.stories.tsx[2m > [22m[2mClosed
[22m[39m[ChatContext] Waiting for subscription to initialize
[90mstdout[2m | src/components/PracticeDrill/PracticeDrillDialog.stories.tsx[2m > [22m[2mClosed
[22m[39m[SettingsContext] Setting up Settings subscription for user: mock-user-sub
[90mstdout[2m | src/components/PracticeDrill/PracticeDrillDialog.stories.tsx[2m > [22m[2mClosed
[22m[39m[Mock Data] Settings created: mock-settings-1790416335569 - notified 0 subscribers
[90mstdout[2m | src/components/PracticeDrill/PracticeDrillDialog.stories.tsx[2m > [22m[2mClosed
[22m[39m[Mock Data] Unit.onUpdate() subscription added. Total: 1
[90mstdout[2m | src/components/PracticeDrill/PracticeDrillDialog.stories.tsx[2m > [22m[2mClosed
[22m[39m[SectionContext] Section observeQuery update: 0
[90mstdout[2m | src/components/PracticeDrill/PracticeDrillDialog.stories.tsx[2m > [22m[2mClosed
[22m[39m[FilesContext] File observeQuery update: 0 files
[90mstdout[2m | src/components/PracticeDrill/PracticeDrillDialog.stories.tsx[2m > [22m[2mClosed
[22m[39m[ChatContext] AssistantChat initialized with 0 chats
[90mstdout[2m | src/components/PracticeDrill/PracticeDrillDialog.stories.tsx[2m > [22m[2mClosed
[22m[39m[Mock Storage] downloadData called with: undefined
[90mstdout[2m | src/components/PracticeDrill/PracticeDrillDialog.stories.tsx[2m > [22m[2mClosed
[22m[39m[MOCK CourseVectorStore] Initialized with mock data
[90mstdout[2m | src/components/PracticeDrill/PracticeDrillDialog.stories.tsx[2m > [22m[2mClosed
[22m[39m[ChatContext] No current chat available, will create one
[90mstdout[2m | src/components/PracticeDrill/PracticeDrillDialog.stories.tsx[2m > [22m[2mClosed
[22m[39m[ChatContext] Creating AssistantChat with user: undefined
[90mstdout[2m | src/components/PracticeDrill/PracticeDrillDialog.stories.tsx[2m > [22m[2mClosed
[22m[39m[Mock Data] AssistantChat created: mock-assistantchat-1790416335583 - notified 1 subscribers
[90mstdout[2m | src/components/PracticeDrill/PracticeDrillDialog.stories.tsx[2m > [22m[2mClosed
[22m[39m[ChatContext] Create result: {
  "data": {
    "_version": 1,
    "archived": false,
    "chatFiles": [Function anonymous],
    "createdAt": "2026-09-26T09:52:15.583Z",
    "id": "mock-assistantchat-1790416335583",
    "model": "gpt-4",
    "updatedAt": "2026-09-26T09:52:15.583Z",
  },
  "errors": [],
  "hasData": true,
  "hasErrors": true,
}
[90mstdout[2m | src/components/PracticeDrill/PracticeDrillDialog.stories.tsx[2m > [22m[2mClosed
[22m[39m[ChatContext] Created AssistantChat: mock-assistantchat-1790416335583 at: 2026-09-26T09:52:15.583Z
[90mstdout[2m | src/components/PracticeDrill/PracticeDrillDialog.stories.tsx[2m > [22m[2mClosed
[22m[39m[ChatContext] Setting initial chat: mock-assistantchat-1790416335583
[90mstdout[2m | src/components/PracticeDrill/PracticeDrillDialog.stories.tsx[2m > [22m[2mClosed
[22m[39m[ChatContext] Chat exists and not archived, skipping creation
[90mstdout[2m | src/components/PracticeDrill/PracticeDrillDialog.stories.tsx[2m > [22m[2mError State
[22m[39m[ChatContext] Cleaning up subscriptions
[90mstdout[2m | src/components/PracticeDrill/PracticeDrillDialog.stories.tsx[2m > [22m[2mError State
[22m[39m[Mock Data] Unit.onUpdate() subscription removed. Remaining: 0
[90mstdout[2m | src/components/PracticeDrill/PracticeDrillDialog.stories.tsx[2m > [22m[2mError State
[22m[39m[Preview] Skipped initializing default mock data (initializeMockData=false)
[90mstdout[2m | src/components/PracticeDrill/PracticeDrillDialog.stories.tsx[2m > [22m[2mError State
[22m[39m[Mock Data] seedMockWords: Adding 1 words
[90mstdout[2m | src/components/PracticeDrill/PracticeDrillDialog.stories.tsx[2m > [22m[2mError State
[22m[39m[Mock Data] seedMockUnit: Adding unit unit-abc-123
[90mstdout[2m | src/components/PracticeDrill/PracticeDrillDialog.stories.tsx[2m > [22m[2mError State
[22m[39m[MOCK CourseVectorStore] Initialized with mock data
[90mstdout[2m | src/components/PracticeDrill/PracticeDrillDialog.stories.tsx[2m > [22m[2mError State
[22m[39m[TranslationModeController] Setting mode to: off
[90mstdout[2m | src/components/PracticeDrill/PracticeDrillDialog.stories.tsx[2m > [22m[2mError State
[22m[39m[UnitContext] useEffect triggered {
  "authLoading": false,
  "hasUser": true,
  "id": "nonexistent-unit",
  "userSub": "mock-user-sub",
}
[90mstdout[2m | src/components/PracticeDrill/PracticeDrillDialog.stories.tsx[2m > [22m[2mError State
[22m[39m[UnitContext] Fetching unit data for id: nonexistent-unit
[90mstdout[2m | src/components/PracticeDrill/PracticeDrillDialog.stories.tsx[2m > [22m[2mError State
[22m[39m[FilesContext] Initializing vector store from IndexedDB
[90mstdout[2m | src/components/PracticeDrill/PracticeDrillDialog.stories.tsx[2m > [22m[2mError State
[22m[39m[FilesContext] fetchFiles called
[90mstdout[2m | src/components/PracticeDrill/PracticeDrillDialog.stories.tsx[2m > [22m[2mError State
[22m[39m[FilesContext] User authenticated: mock-user-sub
[90mstdout[2m | src/components/PracticeDrill/PracticeDrillDialog.stories.tsx[2m > [22m[2mError State
[22m[39m[FilesContext] Identity ID: us-east-1:mock-identity-123
[90mstdout[2m | src/components/PracticeDrill/PracticeDrillDialog.stories.tsx[2m > [22m[2mError State
[22m[39m[FilesContext] About to set up File observeQuery
[90mstdout[2m | src/components/PracticeDrill/PracticeDrillDialog.stories.tsx[2m > [22m[2mError State
[22m[39m[ChatContext] Setting up AssistantChat observeQuery
[90mstdout[2m | src/components/PracticeDrill/PracticeDrillDialog.stories.tsx[2m > [22m[2mError State
[22m[39m[ChatContext] Waiting for subscription to initialize
[90mstdout[2m | src/components/PracticeDrill/PracticeDrillDialog.stories.tsx[2m > [22m[2mError State
[22m[39m[SettingsContext] Setting up Settings subscription for user: mock-user-sub
[90mstdout[2m | src/components/PracticeDrill/PracticeDrillDialog.stories.tsx[2m > [22m[2mError State
[22m[39m[Mock Data] PracticeSession created: mock-practicesession-1790416335663 - notified 1 subscribers
[90mstdout[2m | src/components/PracticeDrill/PracticeDrillDialog.stories.tsx[2m > [22m[2mError State
[22m[39m[Mock Data] Settings created: mock-settings-1790416335663 - notified 0 subscribers
[90mstdout[2m | src/components/PracticeDrill/PracticeDrillDialog.stories.tsx[2m > [22m[2mError State
[22m[39m[Mock Data] Unit.onUpdate() subscription added. Total: 1
[90mstdout[2m | src/components/PracticeDrill/PracticeDrillDialog.stories.tsx[2m > [22m[2mError State
[22m[39m[MOCK CourseVectorStore] Initialized with mock data
[90mstdout[2m | src/components/PracticeDrill/PracticeDrillDialog.stories.tsx[2m > [22m[2mError State
[22m[39m[WorkbookStatePlugin] Loading unit content into read-only workbook: drill-mock-practicesession-1790416335663
[90mstdout[2m | src/components/PracticeDrill/PracticeDrillDialog.stories.tsx[2m > [22m[2mError State
[22m[39m[FilesContext] Initializing vector store from IndexedDB
[90mstdout[2m | src/components/PracticeDrill/PracticeDrillDialog.stories.tsx[2m > [22m[2mError State
[22m[39m[FilesContext] fetchFiles called
[90mstdout[2m | src/components/PracticeDrill/PracticeDrillDialog.stories.tsx[2m > [22m[2mError State
[22m[39m[FilesContext] User authenticated: mock-user-sub
[90mstdout[2m | src/components/PracticeDrill/PracticeDrillDialog.stories.tsx[2m > [22m[2mError State
[22m[39m[FilesContext] Identity ID: us-east-1:mock-identity-123
[90mstdout[2m | src/components/PracticeDrill/PracticeDrillDialog.stories.tsx[2m > [22m[2mError State
[22m[39m[FilesContext] About to set up File observeQuery
[90mstdout[2m | src/components/PracticeDrill/PracticeDrillDialog.stories.tsx[2m > [22m[2mError State
[22m[39mQuestionBlockRo.grade {
  "_version": 1,
  "accuracy": null,
  "complete": false,
  "data": {},
  "id": "drill-grade-mock-practicesession-1790416335663",
}
[90mstdout[2m | src/components/PracticeDrill/PracticeDrillDialog.stories.tsx[2m > [22m[2mError State
[22m[39m......!q {
  "answer": "Mitochondria",
  "correct": true,
}
[90mstdout[2m | src/components/PracticeDrill/PracticeDrillDialog.stories.tsx[2m > [22m[2mError State
[22m[39m......!q {
  "answer": "Nucleus",
  "correct": false,
}
[90mstdout[2m | src/components/PracticeDrill/PracticeDrillDialog.stories.tsx[2m > [22m[2mError State
[22m[39m......!q {
  "answer": "Ribosome",
  "correct": false,
}
[90mstdout[2m | src/components/PracticeDrill/PracticeDrillDialog.stories.tsx[2m > [22m[2mError State
[22m[39mQuestionBlock.nodeKey 31 type: string
[90mstdout[2m | src/components/PracticeDrill/PracticeDrillDialog.stories.tsx[2m > [22m[2mError State
[22m[39mQuestionBlock.questionContent [
  {
    "answer": "Mitochondria",
    "correct": true,
  },
  {
    "answer": "Nucleus",
    "correct": false,
  },
  {
    "answer": "Ribosome",
    "correct": false,
  },
]
[90mstdout[2m | src/components/PracticeDrill/PracticeDrillDialog.stories.tsx[2m > [22m[2mError State
[22m[39mQuestionBlock.grade.data keys: []
[90mstdout[2m | src/components/PracticeDrill/PracticeDrillDialog.stories.tsx[2m > [22m[2mError State
[22m[39mQuestionBlock.grade.data[nodeKey]: undefined
[90mstdout[2m | src/components/PracticeDrill/PracticeDrillDialog.stories.tsx[2m > [22m[2mError State
[22m[39mQuestionBlockRo.inProgress {}
[90mstdout[2m | src/components/PracticeDrill/PracticeDrillDialog.stories.tsx[2m > [22m[2mError State
[22m[39m[SectionContext] Section observeQuery update: 0
[90mstdout[2m | src/components/PracticeDrill/PracticeDrillDialog.stories.tsx[2m > [22m[2mError State
[22m[39m[FilesContext] File observeQuery update: 0 files
[90mstdout[2m | src/components/PracticeDrill/PracticeDrillDialog.stories.tsx[2m > [22m[2mError State
[22m[39m[ChatContext] AssistantChat initialized with 0 chats
[90mstdout[2m | src/components/PracticeDrill/PracticeDrillDialog.stories.tsx[2m > [22m[2mError State
[22m[39m[MOCK CourseVectorStore] Initialized with mock data
[90mstdout[2m | src/components/PracticeDrill/PracticeDrillDialog.stories.tsx[2m > [22m[2mError State
[22m[39mQuestionBlockRo.grade {
  "_version": 1,
  "accuracy": null,
  "complete": false,
  "data": {},
  "id": "drill-grade-mock-practicesession-1790416335663",
}
[90mstdout[2m | src/components/PracticeDrill/PracticeDrillDialog.stories.tsx[2m > [22m[2mError State
[22m[39m......!q {
  "answer": "Mitochondria",
  "correct": true,
}
[90mstdout[2m | src/components/PracticeDrill/PracticeDrillDialog.stories.tsx[2m > [22m[2mError State
[22m[39m......!q {
  "answer": "Nucleus",
  "correct": false,
}
[90mstdout[2m | src/components/PracticeDrill/PracticeDrillDialog.stories.tsx[2m > [22m[2mError State
[22m[39m......!q {
  "answer": "Ribosome",
  "correct": false,
}
[90mstdout[2m | src/components/PracticeDrill/PracticeDrillDialog.stories.tsx[2m > [22m[2mError State
[22m[39mQuestionBlock.nodeKey 31 type: string
[90mstdout[2m | src/components/PracticeDrill/PracticeDrillDialog.stories.tsx[2m > [22m[2mError State
[22m[39mQuestionBlock.questionContent [
  {
    "answer": "Mitochondria",
    "correct": true,
  },
  {
    "answer": "Nucleus",
    "correct": false,
  },
  {
    "answer": "Ribosome",
    "correct": false,
  },
]
[90mstdout[2m | src/components/PracticeDrill/PracticeDrillDialog.stories.tsx[2m > [22m[2mError State
[22m[39mQuestionBlock.grade.data keys: []
[90mstdout[2m | src/components/PracticeDrill/PracticeDrillDialog.stories.tsx[2m > [22m[2mError State
[22m[39mQuestionBlock.grade.data[nodeKey]: undefined
[90mstdout[2m | src/components/PracticeDrill/PracticeDrillDialog.stories.tsx[2m > [22m[2mError State
[22m[39mQuestionBlockRo.inProgress {}
[90mstdout[2m | src/components/PracticeDrill/PracticeDrillDialog.stories.tsx[2m > [22m[2mError State
[22m[39m[ChatContext] No current chat available, will create one
[90mstdout[2m | src/components/PracticeDrill/PracticeDrillDialog.stories.tsx[2m > [22m[2mError State
[22m[39m[ChatContext] Creating AssistantChat with user: undefined
[90mstdout[2m | src/components/PracticeDrill/PracticeDrillDialog.stories.tsx[2m > [22m[2mError State
[22m[39m[Mock Data] AssistantChat created: mock-assistantchat-1790416335797 - notified 1 subscribers
[90mstdout[2m | src/components/PracticeDrill/PracticeDrillDialog.stories.tsx[2m > [22m[2mError State
[22m[39m[ChatContext] Create result: {
  "data": {
    "_version": 1,
    "archived": false,
    "chatFiles": [Function anonymous],
    "createdAt": "2026-09-26T09:52:15.797Z",
    "id": "mock-assistantchat-1790416335797",
    "model": "gpt-4",
    "updatedAt": "2026-09-26T09:52:15.797Z",
  },
  "errors": [],
  "hasData": true,
  "hasErrors": true,
}
[90mstdout[2m | src/components/PracticeDrill/PracticeDrillDialog.stories.tsx[2m > [22m[2mError State
[22m[39m[ChatContext] Created AssistantChat: mock-assistantchat-1790416335797 at: 2026-09-26T09:52:15.797Z
[90mstdout[2m | src/components/PracticeDrill/PracticeDrillDialog.stories.tsx[2m > [22m[2mError State
[22m[39m[FilesContext] File observeQuery update: 0 files
[90mstdout[2m | src/components/PracticeDrill/PracticeDrillDialog.stories.tsx[2m > [22m[2mError State
[22m[39m[Mock Storage] downloadData called with: undefined
[90mstdout[2m | src/components/PracticeDrill/PracticeDrillDialog.stories.tsx[2m > [22m[2mError State
[22m[39m[ChatContext] Setting initial chat: mock-assistantchat-1790416335797
[90mstdout[2m | src/components/PracticeDrill/PracticeDrillDialog.stories.tsx[2m > [22m[2mError State
[22m[39m[MOCK CourseVectorStore] Initialized with mock data
[90mstdout[2m | src/components/PracticeDrill/PracticeDrillDialog.stories.tsx[2m > [22m[2mError State
[22m[39m[ChatContext] Chat exists and not archived, skipping creation
[90mstdout[2m | src/components/PracticeDrill/PracticeDrillDialog.stories.tsx[2m > [22m[2mError State
[22m[39m[Mock Storage] downloadData called with: undefined
 [32m✓[39m [30m[45m storybook (chromium) [49m[39m src/components/PracticeDrill/PracticeDrillDialog.stories.tsx [2m([22m[2m6 tests[22m[2m)[22m[33m 1899[2mms[22m[39m
   [33m[2m✓[22m[39m Default [33m 489[2mms[22m[39m
   [33m[2m✓[22m[39m Vocabulary Only [33m 332[2mms[22m[39m
   [33m[2m✓[22m[39m Review Drill [33m 339[2mms[22m[39m
   [33m[2m✓[22m[39m Error State [33m 342[2mms[22m[39m
[90mstdout[2m | unknown test
[22m[39m[MOCK vectorStoreDB.js] Module loaded - mock IndexedDB operations
[90mstdout[2m | unknown test
[22m[39m[Task Completion] DOM action listeners initialized
[90mstdout[2m | unknown test
[22m[39m[Task Completion] Auto-completion detector initialized
[90mstdout[2m | unknown test
[22m[39m[Preview] Task completion detector initialized
[90mstdout[2m | src/components/Gamification/ThemeMixer.stories.tsx[2m > [22m[2mDefault
[22m[39m[TranslationModeController] Setting mode to: off
[90mstdout[2m | src/components/Gamification/ThemeMixer.stories.tsx[2m > [22m[2mWith Custom Palette
[22m[39m[TranslationModeController] Setting mode to: off
[90mstdout[2m | src/components/Gamification/ThemeMixer.stories.tsx[2m > [22m[2mWarm Palette
[22m[39m[TranslationModeController] Setting mode to: off
[90mstdout[2m | src/components/Gamification/ThemeMixer.stories.tsx[2m > [22m[2mInteraction
[22m[39m[TranslationModeController] Setting mode to: off
 [32m✓[39m [30m[45m storybook (chromium) [49m[39m src/components/Gamification/ThemeMixer.stories.tsx [2m([22m[2m4 tests[22m[2m)[22m[33m 1962[2mms[22m[39m
   [33m[2m✓[22m[39m Default [33m 495[2mms[22m[39m
   [33m[2m✓[22m[39m With Custom Palette [33m 503[2mms[22m[39m
   [33m[2m✓[22m[39m Warm Palette [33m 437[2mms[22m[39m
   [33m[2m✓[22m[39m Interaction [33m 526[2mms[22m[39m
[90mstdout[2m | unknown test
[22m[39m[MOCK vectorStoreDB.js] Module loaded - mock IndexedDB operations
[90mstdout[2m | unknown test
[22m[39m[Task Completion] DOM action listeners initialized
[90mstdout[2m | unknown test
[22m[39m[Task Completion] Auto-completion detector initialized
[90mstdout[2m | unknown test
[22m[39m[Preview] Task completion detector initialized
[90mstdout[2m | src/components/Editor3/components/AudioWaveformPlayer.stories.jsx[2m > [22m[2mWith Waveform Data
[22m[39m[MOCK CourseVectorStore] Initialized with mock data
[90mstdout[2m | src/components/Editor3/components/AudioWaveformPlayer.stories.jsx[2m > [22m[2mWith Waveform Data
[22m[39m[AudioPlayerContext] Loading new source: /story-mocks/cinematic-designed-sci-fi-whoosh-tran...
[90mstdout[2m | src/components/Editor3/components/AudioWaveformPlayer.stories.jsx[2m > [22m[2mWith Waveform Data
[22m[39m[TranslationModeController] Setting mode to: off
[90mstdout[2m | src/components/Editor3/components/AudioWaveformPlayer.stories.jsx[2m > [22m[2mWith Waveform Data
[22m[39m[FilesContext] Initializing vector store from IndexedDB
[90mstdout[2m | src/components/Editor3/components/AudioWaveformPlayer.stories.jsx[2m > [22m[2mWith Waveform Data
[22m[39m[FilesContext] fetchFiles called
[90mstdout[2m | src/components/Editor3/components/AudioWaveformPlayer.stories.jsx[2m > [22m[2mWith Waveform Data
[22m[39m[FilesContext] User authenticated: mock-user-sub
[90mstdout[2m | src/components/Editor3/components/AudioWaveformPlayer.stories.jsx[2m > [22m[2mWith Waveform Data
[22m[39m[FilesContext] Identity ID: us-east-1:mock-identity-123
[90mstdout[2m | src/components/Editor3/components/AudioWaveformPlayer.stories.jsx[2m > [22m[2mWith Waveform Data
[22m[39m[FilesContext] About to set up File observeQuery
[90mstdout[2m | src/components/Editor3/components/AudioWaveformPlayer.stories.jsx[2m > [22m[2mWith Waveform Data
[22m[39m[ChatContext] Setting up AssistantChat observeQuery
[90mstdout[2m | src/components/Editor3/components/AudioWaveformPlayer.stories.jsx[2m > [22m[2mWith Waveform Data
[22m[39m[ChatContext] Waiting for subscription to initialize
[90mstdout[2m | src/components/Editor3/components/AudioWaveformPlayer.stories.jsx[2m > [22m[2mWith Waveform Data
[22m[39m[SettingsContext] Setting up Settings subscription for user: mock-user-sub
[90mstdout[2m | src/components/Editor3/components/AudioWaveformPlayer.stories.jsx[2m > [22m[2mWith Waveform Data
[22m[39m[Mock Data] Settings created: mock-settings-1790416339144 - notified 0 subscribers
[90mstdout[2m | src/components/Editor3/components/AudioWaveformPlayer.stories.jsx[2m > [22m[2mWith Waveform Data
[22m[39m[FilesContext] File observeQuery update: 6 files
[90mstdout[2m | src/components/Editor3/components/AudioWaveformPlayer.stories.jsx[2m > [22m[2mWith Waveform Data
[22m[39m[ChatContext] AssistantChat initialized with 1 chats
[90mstdout[2m | src/components/Editor3/components/AudioWaveformPlayer.stories.jsx[2m > [22m[2mWith Waveform Data
[22m[39m[ChatContext] Setting initial chat: mock-assistant-chat-1
[90mstdout[2m | src/components/Editor3/components/AudioWaveformPlayer.stories.jsx[2m > [22m[2mWith Waveform Data
[22m[39m[MOCK CourseVectorStore] Initialized with mock data
[90mstdout[2m | src/components/Editor3/components/AudioWaveformPlayer.stories.jsx[2m > [22m[2mWith Waveform Data
[22m[39m[FilesContext] Vector store population triggered {
  "currentVectorStoreSize": 3,
  "documentsCount": 0,
  "filesCount": 6,
  "isInitialLoad": true,
}
[90mstdout[2m | src/components/Editor3/components/AudioWaveformPlayer.stories.jsx[2m > [22m[2mWith Waveform Data
[22m[39m[FilesContext] Vector store population complete - 3 total embeddings
[90mstdout[2m | src/components/Editor3/components/AudioWaveformPlayer.stories.jsx[2m > [22m[2mWith Waveform Data
[22m[39m[ChatContext] Chat exists and not archived, skipping creation
[90mstdout[2m | src/components/Editor3/components/AudioWaveformPlayer.stories.jsx[2m > [22m[2mWith Waveform Data
[22m[39m[Mock Storage] downloadData called with: undefined
[90mstdout[2m | src/components/Editor3/components/AudioWaveformPlayer.stories.jsx[2m > [22m[2mCompact Player
[22m[39m[ChatContext] Cleaning up subscriptions
[90mstdout[2m | src/components/Editor3/components/AudioWaveformPlayer.stories.jsx[2m > [22m[2mCompact Player
[22m[39m[MOCK CourseVectorStore] Initialized with mock data
[90mstdout[2m | src/components/Editor3/components/AudioWaveformPlayer.stories.jsx[2m > [22m[2mCompact Player
[22m[39m[AudioPlayerContext] Loading new source: /story-mocks/cinematic-designed-sci-fi-whoosh-tran...
[90mstdout[2m | src/components/Editor3/components/AudioWaveformPlayer.stories.jsx[2m > [22m[2mCompact Player
[22m[39m[TranslationModeController] Setting mode to: off
[90mstdout[2m | src/components/Editor3/components/AudioWaveformPlayer.stories.jsx[2m > [22m[2mCompact Player
[22m[39m[FilesContext] Initializing vector store from IndexedDB
[90mstdout[2m | src/components/Editor3/components/AudioWaveformPlayer.stories.jsx[2m > [22m[2mCompact Player
[22m[39m[FilesContext] fetchFiles called
[90mstdout[2m | src/components/Editor3/components/AudioWaveformPlayer.stories.jsx[2m > [22m[2mCompact Player
[22m[39m[FilesContext] User authenticated: mock-user-sub
[90mstdout[2m | src/components/Editor3/components/AudioWaveformPlayer.stories.jsx[2m > [22m[2mCompact Player
[22m[39m[FilesContext] Identity ID: us-east-1:mock-identity-123
[90mstdout[2m | src/components/Editor3/components/AudioWaveformPlayer.stories.jsx[2m > [22m[2mCompact Player
[22m[39m[FilesContext] About to set up File observeQuery
[90mstdout[2m | src/components/Editor3/components/AudioWaveformPlayer.stories.jsx[2m > [22m[2mCompact Player
[22m[39m[ChatContext] Setting up AssistantChat observeQuery
[90mstdout[2m | src/components/Editor3/components/AudioWaveformPlayer.stories.jsx[2m > [22m[2mCompact Player
[22m[39m[ChatContext] Waiting for subscription to initialize
[90mstdout[2m | src/components/Editor3/components/AudioWaveformPlayer.stories.jsx[2m > [22m[2mCompact Player
[22m[39m[SettingsContext] Setting up Settings subscription for user: mock-user-sub
[90mstdout[2m | src/components/Editor3/components/AudioWaveformPlayer.stories.jsx[2m > [22m[2mCompact Player
[22m[39m[Mock Data] Settings created: mock-settings-1790416339318 - notified 0 subscribers
[90mstdout[2m | src/components/Editor3/components/AudioWaveformPlayer.stories.jsx[2m > [22m[2mCompact Player
[22m[39m[FilesContext] File observeQuery update: 6 files
[90mstdout[2m | src/components/Editor3/components/AudioWaveformPlayer.stories.jsx[2m > [22m[2mCompact Player
[22m[39m[ChatContext] AssistantChat initialized with 1 chats
[90mstdout[2m | src/components/Editor3/components/AudioWaveformPlayer.stories.jsx[2m > [22m[2mCompact Player
[22m[39m[ChatContext] Setting initial chat: mock-assistant-chat-1
[90mstdout[2m | src/components/Editor3/components/AudioWaveformPlayer.stories.jsx[2m > [22m[2mCompact Player
[22m[39m[MOCK CourseVectorStore] Initialized with mock data
[90mstdout[2m | src/components/Editor3/components/AudioWaveformPlayer.stories.jsx[2m > [22m[2mCompact Player
[22m[39m[FilesContext] Vector store population triggered {
  "currentVectorStoreSize": 3,
  "documentsCount": 0,
  "filesCount": 6,
  "isInitialLoad": true,
}
[90mstdout[2m | src/components/Editor3/components/AudioWaveformPlayer.stories.jsx[2m > [22m[2mCompact Player
[22m[39m[FilesContext] Vector store population complete - 3 total embeddings
[90mstdout[2m | src/components/Editor3/components/AudioWaveformPlayer.stories.jsx[2m > [22m[2mCompact Player
[22m[39m[ChatContext] Chat exists and not archived, skipping creation
[90mstdout[2m | src/components/Editor3/components/AudioWaveformPlayer.stories.jsx[2m > [22m[2mCompact Player
[22m[39m[Mock Storage] downloadData called with: undefined
[90mstdout[2m | src/components/Editor3/components/AudioWaveformPlayer.stories.jsx[2m > [22m[2mWith Prompt
[22m[39m[ChatContext] Cleaning up subscriptions
[90mstdout[2m | src/components/Editor3/components/AudioWaveformPlayer.stories.jsx[2m > [22m[2mWith Prompt
[22m[39m[MOCK CourseVectorStore] Initialized with mock data
[90mstdout[2m | src/components/Editor3/components/AudioWaveformPlayer.stories.jsx[2m > [22m[2mWith Prompt
[22m[39m[AudioPlayerContext] Loading new source: /story-mocks/cinematic-designed-sci-fi-whoosh-tran...
[90mstdout[2m | src/components/Editor3/components/AudioWaveformPlayer.stories.jsx[2m > [22m[2mWith Prompt
[22m[39m[TranslationModeController] Setting mode to: off
[90mstdout[2m | src/components/Editor3/components/AudioWaveformPlayer.stories.jsx[2m > [22m[2mWith Prompt
[22m[39m[FilesContext] Initializing vector store from IndexedDB
[90mstdout[2m | src/components/Editor3/components/AudioWaveformPlayer.stories.jsx[2m > [22m[2mWith Prompt
[22m[39m[FilesContext] fetchFiles called
[90mstdout[2m | src/components/Editor3/components/AudioWaveformPlayer.stories.jsx[2m > [22m[2mWith Prompt
[22m[39m[FilesContext] User authenticated: mock-user-sub
[90mstdout[2m | src/components/Editor3/components/AudioWaveformPlayer.stories.jsx[2m > [22m[2mWith Prompt
[22m[39m[FilesContext] Identity ID: us-east-1:mock-identity-123
[90mstdout[2m | src/components/Editor3/components/AudioWaveformPlayer.stories.jsx[2m > [22m[2mWith Prompt
[22m[39m[FilesContext] About to set up File observeQuery
[90mstdout[2m | src/components/Editor3/components/AudioWaveformPlayer.stories.jsx[2m > [22m[2mWith Prompt
[22m[39m[ChatContext] Setting up AssistantChat observeQuery
[90mstdout[2m | src/components/Editor3/components/AudioWaveformPlayer.stories.jsx[2m > [22m[2mWith Prompt
[22m[39m[ChatContext] Waiting for subscription to initialize
[90mstdout[2m | src/components/Editor3/components/AudioWaveformPlayer.stories.jsx[2m > [22m[2mWith Prompt
[22m[39m[SettingsContext] Setting up Settings subscription for user: mock-user-sub
[90mstdout[2m | src/components/Editor3/components/AudioWaveformPlayer.stories.jsx[2m > [22m[2mWith Prompt
[22m[39m[Mock Data] Settings created: mock-settings-1790416339469 - notified 0 subscribers
[90mstdout[2m | src/components/Editor3/components/AudioWaveformPlayer.stories.jsx[2m > [22m[2mWith Prompt
[22m[39m[FilesContext] File observeQuery update: 6 files
[90mstdout[2m | src/components/Editor3/components/AudioWaveformPlayer.stories.jsx[2m > [22m[2mWith Prompt
[22m[39m[ChatContext] AssistantChat initialized with 1 chats
[90mstdout[2m | src/components/Editor3/components/AudioWaveformPlayer.stories.jsx[2m > [22m[2mWith Prompt
[22m[39m[ChatContext] Setting initial chat: mock-assistant-chat-1
[90mstdout[2m | src/components/Editor3/components/AudioWaveformPlayer.stories.jsx[2m > [22m[2mWith Prompt
[22m[39m[MOCK CourseVectorStore] Initialized with mock data
[90mstdout[2m | src/components/Editor3/components/AudioWaveformPlayer.stories.jsx[2m > [22m[2mWith Prompt
[22m[39m[FilesContext] Vector store population triggered {
  "currentVectorStoreSize": 3,
  "documentsCount": 0,
  "filesCount": 6,
  "isInitialLoad": true,
}
[90mstdout[2m | src/components/Editor3/components/AudioWaveformPlayer.stories.jsx[2m > [22m[2mWith Prompt
[22m[39m[FilesContext] Vector store population complete - 3 total embeddings
[90mstdout[2m | src/components/Editor3/components/AudioWaveformPlayer.stories.jsx[2m > [22m[2mWith Prompt
[22m[39m[ChatContext] Chat exists and not archived, skipping creation
[90mstdout[2m | src/components/Editor3/components/AudioWaveformPlayer.stories.jsx[2m > [22m[2mWith Prompt
[22m[39m[Mock Storage] downloadData called with: undefined
[90mstdout[2m | src/components/Editor3/components/AudioWaveformPlayer.stories.jsx[2m > [22m[2mWith Audio Prompt
[22m[39m[ChatContext] Cleaning up subscriptions
[90mstdout[2m | src/components/Editor3/components/AudioWaveformPlayer.stories.jsx[2m > [22m[2mWith Audio Prompt
[22m[39m[MOCK CourseVectorStore] Initialized with mock data
[90mstdout[2m | src/components/Editor3/components/AudioWaveformPlayer.stories.jsx[2m > [22m[2mWith Audio Prompt
[22m[39mMock Cache.getItem called with: getCachedUrl_/story-mocks/cinematic-designed-sci-fi-whoosh-transition-nexawave-228295.mp3
[90mstdout[2m | src/components/Editor3/components/AudioWaveformPlayer.stories.jsx[2m > [22m[2mWith Audio Prompt
[22m[39mMock Cache.getItem called with: getCachedUrl_/story-mocks/cinematic-designed-sci-fi-whoosh-transition-nexawave-228295.mp3
[90mstdout[2m | src/components/Editor3/components/AudioWaveformPlayer.stories.jsx[2m > [22m[2mWith Audio Prompt
[22m[39m[TranslationModeController] Setting mode to: off
[90mstdout[2m | src/components/Editor3/components/AudioWaveformPlayer.stories.jsx[2m > [22m[2mWith Audio Prompt
[22m[39m[FilesContext] Initializing vector store from IndexedDB
[90mstdout[2m | src/components/Editor3/components/AudioWaveformPlayer.stories.jsx[2m > [22m[2mWith Audio Prompt
[22m[39m[FilesContext] fetchFiles called
[90mstdout[2m | src/components/Editor3/components/AudioWaveformPlayer.stories.jsx[2m > [22m[2mWith Audio Prompt
[22m[39m[FilesContext] User authenticated: mock-user-sub
[90mstdout[2m | src/components/Editor3/components/AudioWaveformPlayer.stories.jsx[2m > [22m[2mWith Audio Prompt
[22m[39m[FilesContext] Identity ID: us-east-1:mock-identity-123
[90mstdout[2m | src/components/Editor3/components/AudioWaveformPlayer.stories.jsx[2m > [22m[2mWith Audio Prompt
[22m[39m[FilesContext] About to set up File observeQuery
[90mstdout[2m | src/components/Editor3/components/AudioWaveformPlayer.stories.jsx[2m > [22m[2mWith Audio Prompt
[22m[39m[ChatContext] Setting up AssistantChat observeQuery
[90mstdout[2m | src/components/Editor3/components/AudioWaveformPlayer.stories.jsx[2m > [22m[2mWith Audio Prompt
[22m[39m[ChatContext] Waiting for subscription to initialize
[90mstdout[2m | src/components/Editor3/components/AudioWaveformPlayer.stories.jsx[2m > [22m[2mWith Audio Prompt
[22m[39m[SettingsContext] Setting up Settings subscription for user: mock-user-sub
[90mstdout[2m | src/components/Editor3/components/AudioWaveformPlayer.stories.jsx[2m > [22m[2mWith Audio Prompt
[22m[39mMock Cache.getItem called with: getCachedUrl_/story-mocks/cinematic-designed-sci-fi-whoosh-transition-nexawave-228295.mp3
[90mstdout[2m | src/components/Editor3/components/AudioWaveformPlayer.stories.jsx[2m > [22m[2mWith Audio Prompt
[22m[39mMock getUrl called with: /story-mocks/cinematic-designed-sci-fi-whoosh-transition-nexawave-228295.mp3
[90mstdout[2m | src/components/Editor3/components/AudioWaveformPlayer.stories.jsx[2m > [22m[2mWith Audio Prompt
[22m[39mMock getUrl called with: /story-mocks/cinematic-designed-sci-fi-whoosh-transition-nexawave-228295.mp3
[90mstdout[2m | src/components/Editor3/components/AudioWaveformPlayer.stories.jsx[2m > [22m[2mWith Audio Prompt
[22m[39m[Mock Data] Settings created: mock-settings-1790416339606 - notified 0 subscribers
[90mstdout[2m | src/components/Editor3/components/AudioWaveformPlayer.stories.jsx[2m > [22m[2mWith Audio Prompt
[22m[39mMock getUrl called with: /story-mocks/cinematic-designed-sci-fi-whoosh-transition-nexawave-228295.mp3
[90mstdout[2m | src/components/Editor3/components/AudioWaveformPlayer.stories.jsx[2m > [22m[2mWith Audio Prompt
[22m[39mMock Cache.setItem called with: getCachedUrl_/story-mocks/cinematic-designed-sci-fi-whoosh-transition-nexawave-228295.mp3 /story-mocks/cinematic-designed-sci-fi-whoosh-transition-nexawave-228295.mp3
[90mstdout[2m | src/components/Editor3/components/AudioWaveformPlayer.stories.jsx[2m > [22m[2mWith Audio Prompt
[22m[39mMock Cache.setItem called with: getCachedUrl_/story-mocks/cinematic-designed-sci-fi-whoosh-transition-nexawave-228295.mp3 /story-mocks/cinematic-designed-sci-fi-whoosh-transition-nexawave-228295.mp3
[90mstdout[2m | src/components/Editor3/components/AudioWaveformPlayer.stories.jsx[2m > [22m[2mWith Audio Prompt
[22m[39mMock Cache.setItem called with: getCachedUrl_/story-mocks/cinematic-designed-sci-fi-whoosh-transition-nexawave-228295.mp3 /story-mocks/cinematic-designed-sci-fi-whoosh-transition-nexawave-228295.mp3
[90mstdout[2m | src/components/Editor3/components/AudioWaveformPlayer.stories.jsx[2m > [22m[2mWith Audio Prompt
[22m[39mMock Cache.getItem called with: getCachedUrl_/story-mocks/cinematic-designed-sci-fi-whoosh-transition-nexawave-228295.mp3
[90mstdout[2m | src/components/Editor3/components/AudioWaveformPlayer.stories.jsx[2m > [22m[2mWith Audio Prompt
[22m[39mMock getUrl called with: /story-mocks/cinematic-designed-sci-fi-whoosh-transition-nexawave-228295.mp3
[90mstdout[2m | src/components/Editor3/components/AudioWaveformPlayer.stories.jsx[2m > [22m[2mWith Audio Prompt
[22m[39mMock Cache.setItem called with: getCachedUrl_/story-mocks/cinematic-designed-sci-fi-whoosh-transition-nexawave-228295.mp3 /story-mocks/cinematic-designed-sci-fi-whoosh-transition-nexawave-228295.mp3
[90mstdout[2m | src/components/Editor3/components/AudioWaveformPlayer.stories.jsx[2m > [22m[2mWith Audio Prompt
[22m[39m[FilesContext] File observeQuery update: 6 files
[90mstdout[2m | src/components/Editor3/components/AudioWaveformPlayer.stories.jsx[2m > [22m[2mWith Audio Prompt
[22m[39m[ChatContext] AssistantChat initialized with 1 chats
[90mstdout[2m | src/components/Editor3/components/AudioWaveformPlayer.stories.jsx[2m > [22m[2mWith Audio Prompt
[22m[39m[ChatContext] Setting initial chat: mock-assistant-chat-1
[90mstdout[2m | src/components/Editor3/components/AudioWaveformPlayer.stories.jsx[2m > [22m[2mWith Audio Prompt
[22m[39m[MOCK CourseVectorStore] Initialized with mock data
[90mstdout[2m | src/components/Editor3/components/AudioWaveformPlayer.stories.jsx[2m > [22m[2mWith Audio Prompt
[22m[39mMock Cache.getItem called with: getCachedUrl_/story-mocks/cinematic-designed-sci-fi-whoosh-transition-nexawave-228295.mp3
[90mstdout[2m | src/components/Editor3/components/AudioWaveformPlayer.stories.jsx[2m > [22m[2mWith Audio Prompt
[22m[39m[FilesContext] Vector store population triggered {
  "currentVectorStoreSize": 3,
  "documentsCount": 0,
  "filesCount": 6,
  "isInitialLoad": true,
}
[90mstdout[2m | src/components/Editor3/components/AudioWaveformPlayer.stories.jsx[2m > [22m[2mWith Audio Prompt
[22m[39m[FilesContext] Vector store population complete - 3 total embeddings
[90mstdout[2m | src/components/Editor3/components/AudioWaveformPlayer.stories.jsx[2m > [22m[2mWith Audio Prompt
[22m[39m[ChatContext] Chat exists and not archived, skipping creation
[90mstdout[2m | src/components/Editor3/components/AudioWaveformPlayer.stories.jsx[2m > [22m[2mWith Audio Prompt
[22m[39mMock getUrl called with: /story-mocks/cinematic-designed-sci-fi-whoosh-transition-nexawave-228295.mp3
[90mstdout[2m | src/components/Editor3/components/AudioWaveformPlayer.stories.jsx[2m > [22m[2mWith Audio Prompt
[22m[39mMock Cache.setItem called with: getCachedUrl_/story-mocks/cinematic-designed-sci-fi-whoosh-transition-nexawave-228295.mp3 /story-mocks/cinematic-designed-sci-fi-whoosh-transition-nexawave-228295.mp3
[90mstdout[2m | src/components/Editor3/components/AudioWaveformPlayer.stories.jsx[2m > [22m[2mWith Audio Prompt
[22m[39m[Mock Storage] downloadData called with: undefined
[90mstdout[2m | src/components/Editor3/components/AudioWaveformPlayer.stories.jsx[2m > [22m[2mNo Duration
[22m[39m[ChatContext] Cleaning up subscriptions
[90mstdout[2m | src/components/Editor3/components/AudioWaveformPlayer.stories.jsx[2m > [22m[2mNo Duration
[22m[39m[MOCK CourseVectorStore] Initialized with mock data
[90mstdout[2m | src/components/Editor3/components/AudioWaveformPlayer.stories.jsx[2m > [22m[2mNo Duration
[22m[39m[AudioPlayerContext] Loading new source: /story-mocks/cinematic-designed-sci-fi-whoosh-tran...
[90mstdout[2m | src/components/Editor3/components/AudioWaveformPlayer.stories.jsx[2m > [22m[2mNo Duration
[22m[39m[TranslationModeController] Setting mode to: off
[90mstdout[2m | src/components/Editor3/components/AudioWaveformPlayer.stories.jsx[2m > [22m[2mNo Duration
[22m[39m[FilesContext] Initializing vector store from IndexedDB
[90mstdout[2m | src/components/Editor3/components/AudioWaveformPlayer.stories.jsx[2m > [22m[2mNo Duration
[22m[39m[FilesContext] fetchFiles called
[90mstdout[2m | src/components/Editor3/components/AudioWaveformPlayer.stories.jsx[2m > [22m[2mNo Duration
[22m[39m[FilesContext] User authenticated: mock-user-sub
[90mstdout[2m | src/components/Editor3/components/AudioWaveformPlayer.stories.jsx[2m > [22m[2mNo Duration
[22m[39m[FilesContext] Identity ID: us-east-1:mock-identity-123
[90mstdout[2m | src/components/Editor3/components/AudioWaveformPlayer.stories.jsx[2m > [22m[2mNo Duration
[22m[39m[FilesContext] About to set up File observeQuery
[90mstdout[2m | src/components/Editor3/components/AudioWaveformPlayer.stories.jsx[2m > [22m[2mNo Duration
[22m[39m[ChatContext] Setting up AssistantChat observeQuery
[90mstdout[2m | src/components/Editor3/components/AudioWaveformPlayer.stories.jsx[2m > [22m[2mNo Duration
[22m[39m[ChatContext] Waiting for subscription to initialize
[90mstdout[2m | src/components/Editor3/components/AudioWaveformPlayer.stories.jsx[2m > [22m[2mNo Duration
[22m[39m[SettingsContext] Setting up Settings subscription for user: mock-user-sub
[90mstdout[2m | src/components/Editor3/components/AudioWaveformPlayer.stories.jsx[2m > [22m[2mNo Duration
[22m[39m[Mock Data] Settings created: mock-settings-1790416339781 - notified 0 subscribers
[90mstdout[2m | src/components/Editor3/components/AudioWaveformPlayer.stories.jsx[2m > [22m[2mNo Duration
[22m[39m[FilesContext] File observeQuery update: 6 files
[90mstdout[2m | src/components/Editor3/components/AudioWaveformPlayer.stories.jsx[2m > [22m[2mNo Duration
[22m[39m[ChatContext] AssistantChat initialized with 1 chats
[90mstdout[2m | src/components/Editor3/components/AudioWaveformPlayer.stories.jsx[2m > [22m[2mNo Duration
[22m[39m[ChatContext] Setting initial chat: mock-assistant-chat-1
[90mstdout[2m | src/components/Editor3/components/AudioWaveformPlayer.stories.jsx[2m > [22m[2mNo Duration
[22m[39m[MOCK CourseVectorStore] Initialized with mock data
[90mstdout[2m | src/components/Editor3/components/AudioWaveformPlayer.stories.jsx[2m > [22m[2mNo Duration
[22m[39m[FilesContext] Vector store population triggered {
  "currentVectorStoreSize": 3,
  "documentsCount": 0,
  "filesCount": 6,
  "isInitialLoad": true,
}
[90mstdout[2m | src/components/Editor3/components/AudioWaveformPlayer.stories.jsx[2m > [22m[2mNo Duration
[22m[39m[FilesContext] Vector store population complete - 3 total embeddings
[90mstdout[2m | src/components/Editor3/components/AudioWaveformPlayer.stories.jsx[2m > [22m[2mNo Duration
[22m[39m[ChatContext] Chat exists and not archived, skipping creation
[90mstdout[2m | src/components/Editor3/components/AudioWaveformPlayer.stories.jsx[2m > [22m[2mNo Duration
[22m[39m[Mock Storage] downloadData called with: undefined
[90mstdout[2m | src/components/Editor3/components/AudioWaveformPlayer.stories.jsx[2m > [22m[2mVarious Sizes
[22m[39m[ChatContext] Cleaning up subscriptions
[90mstdout[2m | src/components/Editor3/components/AudioWaveformPlayer.stories.jsx[2m > [22m[2mVarious Sizes
[22m[39m[MOCK CourseVectorStore] Initialized with mock data
[90mstdout[2m | src/components/Editor3/components/AudioWaveformPlayer.stories.jsx[2m > [22m[2mVarious Sizes
[22m[39m[AudioPlayerContext] Loading new source: /story-mocks/cinematic-designed-sci-fi-whoosh-tran...
[90mstdout[2m | src/components/Editor3/components/AudioWaveformPlayer.stories.jsx[2m > [22m[2mVarious Sizes
[22m[39m[AudioPlayerContext] Loading new source: /story-mocks/cinematic-designed-sci-fi-whoosh-tran...
[90mstdout[2m | src/components/Editor3/components/AudioWaveformPlayer.stories.jsx[2m > [22m[2mVarious Sizes
[22m[39m[AudioPlayerContext] Loading new source: /story-mocks/cinematic-designed-sci-fi-whoosh-tran...
[90mstdout[2m | src/components/Editor3/components/AudioWaveformPlayer.stories.jsx[2m > [22m[2mVarious Sizes
[22m[39m[TranslationModeController] Setting mode to: off
[90mstdout[2m | src/components/Editor3/components/AudioWaveformPlayer.stories.jsx[2m > [22m[2mVarious Sizes
[22m[39m[FilesContext] Initializing vector store from IndexedDB
[90mstdout[2m | src/components/Editor3/components/AudioWaveformPlayer.stories.jsx[2m > [22m[2mVarious Sizes
[22m[39m[FilesContext] fetchFiles called
[90mstdout[2m | src/components/Editor3/components/AudioWaveformPlayer.stories.jsx[2m > [22m[2mVarious Sizes
[22m[39m[FilesContext] User authenticated: mock-user-sub
[90mstdout[2m | src/components/Editor3/components/AudioWaveformPlayer.stories.jsx[2m > [22m[2mVarious Sizes
[22m[39m[FilesContext] Identity ID: us-east-1:mock-identity-123
[90mstdout[2m | src/components/Editor3/components/AudioWaveformPlayer.stories.jsx[2m > [22m[2mVarious Sizes
[22m[39m[FilesContext] About to set up File observeQuery
[90mstdout[2m | src/components/Editor3/components/AudioWaveformPlayer.stories.jsx[2m > [22m[2mVarious Sizes
[22m[39m[ChatContext] Setting up AssistantChat observeQuery
[90mstdout[2m | src/components/Editor3/components/AudioWaveformPlayer.stories.jsx[2m > [22m[2mVarious Sizes
[22m[39m[ChatContext] Waiting for subscription to initialize
[90mstdout[2m | src/components/Editor3/components/AudioWaveformPlayer.stories.jsx[2m > [22m[2mVarious Sizes
[22m[39m[SettingsContext] Setting up Settings subscription for user: mock-user-sub
[90mstdout[2m | src/components/Editor3/components/AudioWaveformPlayer.stories.jsx[2m > [22m[2mVarious Sizes
[22m[39m[Mock Data] Settings created: mock-settings-1790416339917 - notified 0 subscribers
[90mstdout[2m | src/components/Editor3/components/AudioWaveformPlayer.stories.jsx[2m > [22m[2mVarious Sizes
[22m[39m[FilesContext] File observeQuery update: 6 files
[90mstdout[2m | src/components/Editor3/components/AudioWaveformPlayer.stories.jsx[2m > [22m[2mVarious Sizes
[22m[39m[ChatContext] AssistantChat initialized with 1 chats
[90mstdout[2m | src/components/Editor3/components/AudioWaveformPlayer.stories.jsx[2m > [22m[2mVarious Sizes
[22m[39m[ChatContext] Setting initial chat: mock-assistant-chat-1
[90mstdout[2m | src/components/Editor3/components/AudioWaveformPlayer.stories.jsx[2m > [22m[2mVarious Sizes
[22m[39m[MOCK CourseVectorStore] Initialized with mock data
[90mstdout[2m | src/components/Editor3/components/AudioWaveformPlayer.stories.jsx[2m > [22m[2mVarious Sizes
[22m[39m[FilesContext] Vector store population triggered {
  "currentVectorStoreSize": 3,
  "documentsCount": 0,
  "filesCount": 6,
  "isInitialLoad": true,
}
[90mstdout[2m | src/components/Editor3/components/AudioWaveformPlayer.stories.jsx[2m > [22m[2mVarious Sizes
[22m[39m[FilesContext] Vector store population complete - 3 total embeddings
[90mstdout[2m | src/components/Editor3/components/AudioWaveformPlayer.stories.jsx[2m > [22m[2mVarious Sizes
[22m[39m[ChatContext] Chat exists and not archived, skipping creation
[90mstdout[2m | src/components/Editor3/components/AudioWaveformPlayer.stories.jsx[2m > [22m[2mVarious Sizes
[22m[39m[Mock Storage] downloadData called with: undefined
[90mstdout[2m | src/components/Editor3/components/AudioWaveformPlayer.stories.jsx[2m > [22m[2mMultiple Players In List
[22m[39m[ChatContext] Cleaning up subscriptions
[90mstdout[2m | src/components/Editor3/components/AudioWaveformPlayer.stories.jsx[2m > [22m[2mMultiple Players In List
[22m[39m[MOCK CourseVectorStore] Initialized with mock data
[90mstdout[2m | src/components/Editor3/components/AudioWaveformPlayer.stories.jsx[2m > [22m[2mMultiple Players In List
[22m[39m[AudioPlayerContext] Loading new source: /story-mocks/cinematic-designed-sci-fi-whoosh-tran...
[90mstdout[2m | src/components/Editor3/components/AudioWaveformPlayer.stories.jsx[2m > [22m[2mMultiple Players In List
[22m[39m[AudioPlayerContext] Loading new source: /story-mocks/cinematic-designed-sci-fi-whoosh-tran...
[90mstdout[2m | src/components/Editor3/components/AudioWaveformPlayer.stories.jsx[2m > [22m[2mMultiple Players In List
[22m[39m[AudioPlayerContext] Loading new source: /story-mocks/cinematic-designed-sci-fi-whoosh-tran...
[90mstdout[2m | src/components/Editor3/components/AudioWaveformPlayer.stories.jsx[2m > [22m[2mMultiple Players In List
[22m[39m[TranslationModeController] Setting mode to: off
[90mstdout[2m | src/components/Editor3/components/AudioWaveformPlayer.stories.jsx[2m > [22m[2mMultiple Players In List
[22m[39m[FilesContext] Initializing vector store from IndexedDB
[90mstdout[2m | src/components/Editor3/components/AudioWaveformPlayer.stories.jsx[2m > [22m[2mMultiple Players In List
[22m[39m[FilesContext] fetchFiles called
[90mstdout[2m | src/components/Editor3/components/AudioWaveformPlayer.stories.jsx[2m > [22m[2mMultiple Players In List
[22m[39m[FilesContext] User authenticated: mock-user-sub
[90mstdout[2m | src/components/Editor3/components/AudioWaveformPlayer.stories.jsx[2m > [22m[2mMultiple Players In List
[22m[39m[FilesContext] Identity ID: us-east-1:mock-identity-123
[90mstdout[2m | src/components/Editor3/components/AudioWaveformPlayer.stories.jsx[2m > [22m[2mMultiple Players In List
[22m[39m[FilesContext] About to set up File observeQuery
[90mstdout[2m | src/components/Editor3/components/AudioWaveformPlayer.stories.jsx[2m > [22m[2mMultiple Players In List
[22m[39m[ChatContext] Setting up AssistantChat observeQuery
[90mstdout[2m | src/components/Editor3/components/AudioWaveformPlayer.stories.jsx[2m > [22m[2mMultiple Players In List
[22m[39m[ChatContext] Waiting for subscription to initialize
[90mstdout[2m | src/components/Editor3/components/AudioWaveformPlayer.stories.jsx[2m > [22m[2mMultiple Players In List
[22m[39m[SettingsContext] Setting up Settings subscription for user: mock-user-sub
[90mstdout[2m | src/components/Editor3/components/AudioWaveformPlayer.stories.jsx[2m > [22m[2mMultiple Players In List
[22m[39m[Mock Data] Settings created: mock-settings-1790416340160 - notified 0 subscribers
[90mstdout[2m | src/components/Editor3/components/AudioWaveformPlayer.stories.jsx[2m > [22m[2mMultiple Players In List
[22m[39m[FilesContext] File observeQuery update: 6 files
[90mstdout[2m | src/components/Editor3/components/AudioWaveformPlayer.stories.jsx[2m > [22m[2mMultiple Players In List
[22m[39m[ChatContext] AssistantChat initialized with 1 chats
[90mstdout[2m | src/components/Editor3/components/AudioWaveformPlayer.stories.jsx[2m > [22m[2mMultiple Players In List
[22m[39m[ChatContext] Setting initial chat: mock-assistant-chat-1
[90mstdout[2m | src/components/Editor3/components/AudioWaveformPlayer.stories.jsx[2m > [22m[2mMultiple Players In List
[22m[39m[MOCK CourseVectorStore] Initialized with mock data
[90mstdout[2m | src/components/Editor3/components/AudioWaveformPlayer.stories.jsx[2m > [22m[2mMultiple Players In List
[22m[39m[FilesContext] Vector store population triggered {
  "currentVectorStoreSize": 3,
  "documentsCount": 0,
  "filesCount": 6,
  "isInitialLoad": true,
}
[90mstdout[2m | src/components/Editor3/components/AudioWaveformPlayer.stories.jsx[2m > [22m[2mMultiple Players In List
[22m[39m[FilesContext] Vector store population complete - 3 total embeddings
[90mstdout[2m | src/components/Editor3/components/AudioWaveformPlayer.stories.jsx[2m > [22m[2mMultiple Players In List
[22m[39m[ChatContext] Chat exists and not archived, skipping creation
[90mstdout[2m | src/components/Editor3/components/AudioWaveformPlayer.stories.jsx[2m > [22m[2mMultiple Players In List
[22m[39m[Mock Storage] downloadData called with: undefined
[90mstdout[2m | src/components/Editor3/components/AudioWaveformPlayer.stories.jsx[2m > [22m[2mNo Audio Source
[22m[39m[ChatContext] Cleaning up subscriptions
[90mstdout[2m | src/components/Editor3/components/AudioWaveformPlayer.stories.jsx[2m > [22m[2mNo Audio Source
[22m[39m[MOCK CourseVectorStore] Initialized with mock data
[90mstdout[2m | src/components/Editor3/components/AudioWaveformPlayer.stories.jsx[2m > [22m[2mNo Audio Source
[22m[39m[TranslationModeController] Setting mode to: off
[90mstdout[2m | src/components/Editor3/components/AudioWaveformPlayer.stories.jsx[2m > [22m[2mNo Audio Source
[22m[39m[FilesContext] Initializing vector store from IndexedDB
[90mstdout[2m | src/components/Editor3/components/AudioWaveformPlayer.stories.jsx[2m > [22m[2mNo Audio Source
[22m[39m[FilesContext] fetchFiles called
[90mstdout[2m | src/components/Editor3/components/AudioWaveformPlayer.stories.jsx[2m > [22m[2mNo Audio Source
[22m[39m[FilesContext] User authenticated: mock-user-sub
[90mstdout[2m | src/components/Editor3/components/AudioWaveformPlayer.stories.jsx[2m > [22m[2mNo Audio Source
[22m[39m[FilesContext] Identity ID: us-east-1:mock-identity-123
[90mstdout[2m | src/components/Editor3/components/AudioWaveformPlayer.stories.jsx[2m > [22m[2mNo Audio Source
[22m[39m[FilesContext] About to set up File observeQuery
[90mstdout[2m | src/components/Editor3/components/AudioWaveformPlayer.stories.jsx[2m > [22m[2mNo Audio Source
[22m[39m[ChatContext] Setting up AssistantChat observeQuery
[90mstdout[2m | src/components/Editor3/components/AudioWaveformPlayer.stories.jsx[2m > [22m[2mNo Audio Source
[22m[39m[ChatContext] Waiting for subscription to initialize
[90mstdout[2m | src/components/Editor3/components/AudioWaveformPlayer.stories.jsx[2m > [22m[2mNo Audio Source
[22m[39m[SettingsContext] Setting up Settings subscription for user: mock-user-sub
[90mstdout[2m | src/components/Editor3/components/AudioWaveformPlayer.stories.jsx[2m > [22m[2mNo Audio Source
[22m[39m[Mock Data] Settings created: mock-settings-1790416340321 - notified 0 subscribers
[90mstdout[2m | src/components/Editor3/components/AudioWaveformPlayer.stories.jsx[2m > [22m[2mNo Audio Source
[22m[39m[FilesContext] File observeQuery update: 6 files
[90mstdout[2m | src/components/Editor3/components/AudioWaveformPlayer.stories.jsx[2m > [22m[2mNo Audio Source
[22m[39m[ChatContext] AssistantChat initialized with 1 chats
[90mstdout[2m | src/components/Editor3/components/AudioWaveformPlayer.stories.jsx[2m > [22m[2mNo Audio Source
[22m[39m[ChatContext] Setting initial chat: mock-assistant-chat-1
[90mstdout[2m | src/components/Editor3/components/AudioWaveformPlayer.stories.jsx[2m > [22m[2mNo Audio Source
[22m[39m[MOCK CourseVectorStore] Initialized with mock data
[90mstdout[2m | src/components/Editor3/components/AudioWaveformPlayer.stories.jsx[2m > [22m[2mNo Audio Source
[22m[39m[FilesContext] Vector store population triggered {
  "currentVectorStoreSize": 3,
  "documentsCount": 0,
  "filesCount": 6,
  "isInitialLoad": true,
}
[90mstdout[2m | src/components/Editor3/components/AudioWaveformPlayer.stories.jsx[2m > [22m[2mNo Audio Source
[22m[39m[FilesContext] Vector store population complete - 3 total embeddings
[90mstdout[2m | src/components/Editor3/components/AudioWaveformPlayer.stories.jsx[2m > [22m[2mNo Audio Source
[22m[39m[ChatContext] Chat exists and not archived, skipping creation
[90mstdout[2m | src/components/Editor3/components/AudioWaveformPlayer.stories.jsx[2m > [22m[2mNo Audio Source
[22m[39m[Mock Storage] downloadData called with: undefined
[90mstdout[2m | src/components/Editor3/components/AudioWaveformPlayer.stories.jsx[2m > [22m[2mWith Recording
[22m[39m[ChatContext] Cleaning up subscriptions
[90mstdout[2m | src/components/Editor3/components/AudioWaveformPlayer.stories.jsx[2m > [22m[2mWith Recording
[22m[39m[MOCK CourseVectorStore] Initialized with mock data
[90mstdout[2m | src/components/Editor3/components/AudioWaveformPlayer.stories.jsx[2m > [22m[2mWith Recording
[22m[39m[TranslationModeController] Setting mode to: off
[90mstdout[2m | src/components/Editor3/components/AudioWaveformPlayer.stories.jsx[2m > [22m[2mWith Recording
[22m[39m[FilesContext] Initializing vector store from IndexedDB
[90mstdout[2m | src/components/Editor3/components/AudioWaveformPlayer.stories.jsx[2m > [22m[2mWith Recording
[22m[39m[FilesContext] fetchFiles called
[90mstdout[2m | src/components/Editor3/components/AudioWaveformPlayer.stories.jsx[2m > [22m[2mWith Recording
[22m[39m[FilesContext] User authenticated: mock-user-sub
[90mstdout[2m | src/components/Editor3/components/AudioWaveformPlayer.stories.jsx[2m > [22m[2mWith Recording
[22m[39m[FilesContext] Identity ID: us-east-1:mock-identity-123
[90mstdout[2m | src/components/Editor3/components/AudioWaveformPlayer.stories.jsx[2m > [22m[2mWith Recording
[22m[39m[FilesContext] About to set up File observeQuery
[90mstdout[2m | src/components/Editor3/components/AudioWaveformPlayer.stories.jsx[2m > [22m[2mWith Recording
[22m[39m[ChatContext] Setting up AssistantChat observeQuery
[90mstdout[2m | src/components/Editor3/components/AudioWaveformPlayer.stories.jsx[2m > [22m[2mWith Recording
[22m[39m[ChatContext] Waiting for subscription to initialize
[90mstdout[2m | src/components/Editor3/components/AudioWaveformPlayer.stories.jsx[2m > [22m[2mWith Recording
[22m[39m[SettingsContext] Setting up Settings subscription for user: mock-user-sub
[90mstdout[2m | src/components/Editor3/components/AudioWaveformPlayer.stories.jsx[2m > [22m[2mWith Recording
[22m[39m[Mock Data] Settings created: mock-settings-1790416340448 - notified 0 subscribers
[90mstdout[2m | src/components/Editor3/components/AudioWaveformPlayer.stories.jsx[2m > [22m[2mWith Recording
[22m[39m[FilesContext] File observeQuery update: 6 files
[90mstdout[2m | src/components/Editor3/components/AudioWaveformPlayer.stories.jsx[2m > [22m[2mWith Recording
[22m[39m[ChatContext] AssistantChat initialized with 1 chats
[90mstdout[2m | src/components/Editor3/components/AudioWaveformPlayer.stories.jsx[2m > [22m[2mWith Recording
[22m[39m[ChatContext] Setting initial chat: mock-assistant-chat-1
[90mstdout[2m | src/components/Editor3/components/AudioWaveformPlayer.stories.jsx[2m > [22m[2mWith Recording
[22m[39m[MOCK CourseVectorStore] Initialized with mock data
[90mstdout[2m | src/components/Editor3/components/AudioWaveformPlayer.stories.jsx[2m > [22m[2mWith Recording
[22m[39m[FilesContext] Vector store population triggered {
  "currentVectorStoreSize": 3,
  "documentsCount": 0,
  "filesCount": 6,
  "isInitialLoad": true,
}
[90mstdout[2m | src/components/Editor3/components/AudioWaveformPlayer.stories.jsx[2m > [22m[2mWith Recording
[22m[39m[FilesContext] Vector store population complete - 3 total embeddings
[90mstdout[2m | src/components/Editor3/components/AudioWaveformPlayer.stories.jsx[2m > [22m[2mWith Recording
[22m[39m[ChatContext] Chat exists and not archived, skipping creation
[90mstdout[2m | src/components/Editor3/components/AudioWaveformPlayer.stories.jsx[2m > [22m[2mWith Recording
[22m[39m[Mock Storage] downloadData called with: undefined
[90mstdout[2m | src/components/Editor3/components/AudioWaveformPlayer.stories.jsx[2m > [22m[2mRecording With Callback
[22m[39m[ChatContext] Cleaning up subscriptions
[90mstdout[2m | src/components/Editor3/components/AudioWaveformPlayer.stories.jsx[2m > [22m[2mRecording With Callback
[22m[39m[MOCK CourseVectorStore] Initialized with mock data
[90mstdout[2m | src/components/Editor3/components/AudioWaveformPlayer.stories.jsx[2m > [22m[2mRecording With Callback
[22m[39m[TranslationModeController] Setting mode to: off
[90mstdout[2m | src/components/Editor3/components/AudioWaveformPlayer.stories.jsx[2m > [22m[2mRecording With Callback
[22m[39m[FilesContext] Initializing vector store from IndexedDB
[90mstdout[2m | src/components/Editor3/components/AudioWaveformPlayer.stories.jsx[2m > [22m[2mRecording With Callback
[22m[39m[FilesContext] fetchFiles called
[90mstdout[2m | src/components/Editor3/components/AudioWaveformPlayer.stories.jsx[2m > [22m[2mRecording With Callback
[22m[39m[FilesContext] User authenticated: mock-user-sub
[90mstdout[2m | src/components/Editor3/components/AudioWaveformPlayer.stories.jsx[2m > [22m[2mRecording With Callback
[22m[39m[FilesContext] Identity ID: us-east-1:mock-identity-123
[90mstdout[2m | src/components/Editor3/components/AudioWaveformPlayer.stories.jsx[2m > [22m[2mRecording With Callback
[22m[39m[FilesContext] About to set up File observeQuery
[90mstdout[2m | src/components/Editor3/components/AudioWaveformPlayer.stories.jsx[2m > [22m[2mRecording With Callback
[22m[39m[ChatContext] Setting up AssistantChat observeQuery
[90mstdout[2m | src/components/Editor3/components/AudioWaveformPlayer.stories.jsx[2m > [22m[2mRecording With Callback
[22m[39m[ChatContext] Waiting for subscription to initialize
[90mstdout[2m | src/components/Editor3/components/AudioWaveformPlayer.stories.jsx[2m > [22m[2mRecording With Callback
[22m[39m[SettingsContext] Setting up Settings subscription for user: mock-user-sub
[90mstdout[2m | src/components/Editor3/components/AudioWaveformPlayer.stories.jsx[2m > [22m[2mRecording With Callback
[22m[39m[Mock Data] Settings created: mock-settings-1790416340598 - notified 0 subscribers
[90mstdout[2m | src/components/Editor3/components/AudioWaveformPlayer.stories.jsx[2m > [22m[2mRecording With Callback
[22m[39m[FilesContext] File observeQuery update: 6 files
[90mstdout[2m | src/components/Editor3/components/AudioWaveformPlayer.stories.jsx[2m > [22m[2mRecording With Callback
[22m[39m[ChatContext] AssistantChat initialized with 1 chats
[90mstdout[2m | src/components/Editor3/components/AudioWaveformPlayer.stories.jsx[2m > [22m[2mRecording With Callback
[22m[39m[ChatContext] Setting initial chat: mock-assistant-chat-1
[90mstdout[2m | src/components/Editor3/components/AudioWaveformPlayer.stories.jsx[2m > [22m[2mRecording With Callback
[22m[39m[MOCK CourseVectorStore] Initialized with mock data
[90mstdout[2m | src/components/Editor3/components/AudioWaveformPlayer.stories.jsx[2m > [22m[2mRecording With Callback
[22m[39m[FilesContext] Vector store population triggered {
  "currentVectorStoreSize": 3,
  "documentsCount": 0,
  "filesCount": 6,
  "isInitialLoad": true,
}
[90mstdout[2m | src/components/Editor3/components/AudioWaveformPlayer.stories.jsx[2m > [22m[2mRecording With Callback
[22m[39m[FilesContext] Vector store population complete - 3 total embeddings
[90mstdout[2m | src/components/Editor3/components/AudioWaveformPlayer.stories.jsx[2m > [22m[2mRecording With Callback
[22m[39m[ChatContext] Chat exists and not archived, skipping creation
[90mstdout[2m | src/components/Editor3/components/AudioWaveformPlayer.stories.jsx[2m > [22m[2mRecording With Callback
[22m[39m[Mock Storage] downloadData called with: undefined
[90mstdout[2m | src/components/Editor3/components/AudioWaveformPlayer.stories.jsx[2m > [22m[2mRecording With Callback
[22m[39m[AudioWaveformPlayer] Starting real-time waveform visualization
[90mstdout[2m | src/components/Editor3/components/AudioWaveformPlayer.stories.jsx[2m > [22m[2mRecording With Callback
[22m[39m[Mock Auth] getCurrentUser returning: {
  "attributes": {
    "email": "alice@example.com",
    "sub": "student-alice-sub",
  },
  "userId": "student-alice-sub",
  "username": "student-alice-sub",
}
[90mstdout[2m | src/components/Editor3/components/AudioWaveformPlayer.stories.jsx[2m > [22m[2mRecording With Callback
[22m[39m[UserSubmission] Uploading to: private/student-alice-sub/user-submissions/test-grade-123/pronunciation-practice/test-grade-123_pronunciation-practice_1790416340805.mp3
[90mstdout[2m | src/components/Editor3/components/AudioWaveformPlayer.stories.jsx[2m > [22m[2mRecording With Callback
[22m[39m[Mock Storage] uploadData called with: {
  "key": undefined,
  "options": {
    "contentType": "audio/webm;codecs=opus",
  },
  "path": "private/student-alice-sub/user-submissions/test-grade-123/pronunciation-practice/test-grade-123_pronunciation-practice_1790416340805.mp3",
}
[90mstdout[2m | src/components/Editor3/components/AudioWaveformPlayer.stories.jsx[2m > [22m[2mRecording With Callback
[22m[39m[Mock Storage] Stored blob as data URL for path: private/student-alice-sub/user-submissions/test-grade-123/pronunciation-practice/test-grade-123_pronunciation-practice_1790416340805.mp3 (110 bytes, audio/webm;codecs=opus)
[90mstdout[2m | src/components/Editor3/components/AudioWaveformPlayer.stories.jsx[2m > [22m[2mRecording With Callback
[22m[39m[UserSubmission] Upload successful: private/student-alice-sub/user-submissions/test-grade-123/pronunciation-practice/test-grade-123_pronunciation-practice_1790416340805.mp3
[90mstdout[2m | src/components/Editor3/components/AudioWaveformPlayer.stories.jsx[2m > [22m[2mRecording With Callback
[22m[39m[Mock Auth] getCurrentUser returning: {
  "attributes": {
    "email": "alice@example.com",
    "sub": "student-alice-sub",
  },
  "userId": "student-alice-sub",
  "username": "student-alice-sub",
}
[90mstdout[2m | src/components/Editor3/components/AudioWaveformPlayer.stories.jsx[2m > [22m[2mRecording With Callback
[22m[39m[Mock Data] File created: mock-file-1790416340832 - notified 1 subscribers
[90mstdout[2m | src/components/Editor3/components/AudioWaveformPlayer.stories.jsx[2m > [22m[2mRecording With Callback
[22m[39mRecording complete: {
  "_version": 1,
  "createdAt": "2026-09-26T09:52:20.832Z",
  "id": "mock-file-1790416340832",
  "identityId": "us-east-1:mock-identity-123",
  "level": "PRIVATE",
  "mimeType": "audio/webm;codecs=opus",
  "name": "test-grade-123_pronunciation-practice_1790416340805.mp3",
  "owner": "student-alice-sub",
  "parsedContent": [Function anonymous],
  "path": "private/student-alice-sub/user-submissions/test-grade-123/pronunciation-practice/test-grade-123_pronunciation-practice_1790416340805.mp3",
  "size": 110,
  "updatedAt": "2026-09-26T09:52:20.832Z",
} {
  "filename": "test-grade-123_pronunciation-practice_1790416340805.mp3",
  "gradeId": "test-grade-123",
  "metadata": {
    "definition": "Hello (Japanese)",
    "phrase": "こんにちは",
    "uploadedAt": "2026-09-26T09:52:20.808Z",
    "uploadedBy": "student-alice-sub",
    "userId": "student-alice-sub",
    "username": "student-alice-sub",
  },
  "nodeKey": "pronunciation-practice",
  "path": "private/student-alice-sub/user-submissions/test-grade-123/pronunciation-practice/test-grade-123_pronunciation-practice_1790416340805.mp3",
  "uploadedAt": 1790416340805,
}
[90mstdout[2m | src/components/Editor3/components/AudioWaveformPlayer.stories.jsx[2m > [22m[2mRecording With Callback
[22m[39m[FilesContext] File observeQuery update: 7 files
[90mstdout[2m | src/components/Editor3/components/AudioWaveformPlayer.stories.jsx[2m > [22m[2mRecording With Callback
[22m[39m[MOCK CourseVectorStore] Initialized with mock data
[90mstdout[2m | src/components/Editor3/components/AudioWaveformPlayer.stories.jsx[2m > [22m[2mRecording With Callback
[22m[39m[FilesContext] Vector store population triggered {
  "currentVectorStoreSize": 3,
  "documentsCount": 0,
  "filesCount": 7,
  "isInitialLoad": false,
}
[90mstdout[2m | src/components/Editor3/components/AudioWaveformPlayer.stories.jsx[2m > [22m[2mRecording With Callback
[22m[39m[FilesContext] Vector store population complete - 3 total embeddings
[90mstdout[2m | src/components/Editor3/components/AudioWaveformPlayer.stories.jsx[2m > [22m[2mRecording Only
[22m[39m[ChatContext] Cleaning up subscriptions
[90mstdout[2m | src/components/Editor3/components/AudioWaveformPlayer.stories.jsx[2m > [22m[2mRecording Only
[22m[39m[MOCK CourseVectorStore] Initialized with mock data
[90mstdout[2m | src/components/Editor3/components/AudioWaveformPlayer.stories.jsx[2m > [22m[2mRecording Only
[22m[39m[TranslationModeController] Setting mode to: off
[90mstdout[2m | src/components/Editor3/components/AudioWaveformPlayer.stories.jsx[2m > [22m[2mRecording Only
[22m[39m[FilesContext] Initializing vector store from IndexedDB
[90mstdout[2m | src/components/Editor3/components/AudioWaveformPlayer.stories.jsx[2m > [22m[2mRecording Only
[22m[39m[FilesContext] fetchFiles called
[90mstdout[2m | src/components/Editor3/components/AudioWaveformPlayer.stories.jsx[2m > [22m[2mRecording Only
[22m[39m[FilesContext] User authenticated: mock-user-sub
[90mstdout[2m | src/components/Editor3/components/AudioWaveformPlayer.stories.jsx[2m > [22m[2mRecording Only
[22m[39m[FilesContext] Identity ID: us-east-1:mock-identity-123
[90mstdout[2m | src/components/Editor3/components/AudioWaveformPlayer.stories.jsx[2m > [22m[2mRecording Only
[22m[39m[FilesContext] About to set up File observeQuery
[90mstdout[2m | src/components/Editor3/components/AudioWaveformPlayer.stories.jsx[2m > [22m[2mRecording Only
[22m[39m[ChatContext] Setting up AssistantChat observeQuery
[90mstdout[2m | src/components/Editor3/components/AudioWaveformPlayer.stories.jsx[2m > [22m[2mRecording Only
[22m[39m[ChatContext] Waiting for subscription to initialize
[90mstdout[2m | src/components/Editor3/components/AudioWaveformPlayer.stories.jsx[2m > [22m[2mRecording Only
[22m[39m[SettingsContext] Setting up Settings subscription for user: mock-user-sub
[90mstdout[2m | src/components/Editor3/components/AudioWaveformPlayer.stories.jsx[2m > [22m[2mRecording Only
[22m[39m[Mock Data] Settings created: mock-settings-1790416340976 - notified 0 subscribers
[90mstdout[2m | src/components/Editor3/components/AudioWaveformPlayer.stories.jsx[2m > [22m[2mRecording Only
[22m[39m[FilesContext] File observeQuery update: 6 files
[90mstdout[2m | src/components/Editor3/components/AudioWaveformPlayer.stories.jsx[2m > [22m[2mRecording Only
[22m[39m[ChatContext] AssistantChat initialized with 1 chats
[90mstdout[2m | src/components/Editor3/components/AudioWaveformPlayer.stories.jsx[2m > [22m[2mRecording Only
[22m[39m[ChatContext] Setting initial chat: mock-assistant-chat-1
[90mstdout[2m | src/components/Editor3/components/AudioWaveformPlayer.stories.jsx[2m > [22m[2mRecording Only
[22m[39m[MOCK CourseVectorStore] Initialized with mock data
[90mstdout[2m | src/components/Editor3/components/AudioWaveformPlayer.stories.jsx[2m > [22m[2mRecording Only
[22m[39m[FilesContext] Vector store population triggered {
  "currentVectorStoreSize": 3,
  "documentsCount": 0,
  "filesCount": 6,
  "isInitialLoad": true,
}
[90mstdout[2m | src/components/Editor3/components/AudioWaveformPlayer.stories.jsx[2m > [22m[2mRecording Only
[22m[39m[FilesContext] Vector store population complete - 3 total embeddings
[90mstdout[2m | src/components/Editor3/components/AudioWaveformPlayer.stories.jsx[2m > [22m[2mRecording Only
[22m[39m[ChatContext] Chat exists and not archived, skipping creation
[90mstdout[2m | src/components/Editor3/components/AudioWaveformPlayer.stories.jsx[2m > [22m[2mRecording Only
[22m[39m[Mock Storage] downloadData called with: undefined
[90mstdout[2m | src/components/Editor3/components/AudioWaveformPlayer.stories.jsx[2m > [22m[2mDocumentation
[22m[39m[ChatContext] Cleaning up subscriptions
[90mstdout[2m | src/components/Editor3/components/AudioWaveformPlayer.stories.jsx[2m > [22m[2mDocumentation
[22m[39m[MOCK CourseVectorStore] Initialized with mock data
[90mstdout[2m | src/components/Editor3/components/AudioWaveformPlayer.stories.jsx[2m > [22m[2mDocumentation
[22m[39m[TranslationModeController] Setting mode to: off
[90mstdout[2m | src/components/Editor3/components/AudioWaveformPlayer.stories.jsx[2m > [22m[2mDocumentation
[22m[39m[FilesContext] Initializing vector store from IndexedDB
[90mstdout[2m | src/components/Editor3/components/AudioWaveformPlayer.stories.jsx[2m > [22m[2mDocumentation
[22m[39m[FilesContext] fetchFiles called
[90mstdout[2m | src/components/Editor3/components/AudioWaveformPlayer.stories.jsx[2m > [22m[2mDocumentation
[22m[39m[FilesContext] User authenticated: mock-user-sub
[90mstdout[2m | src/components/Editor3/components/AudioWaveformPlayer.stories.jsx[2m > [22m[2mDocumentation
[22m[39m[FilesContext] Identity ID: us-east-1:mock-identity-123
[90mstdout[2m | src/components/Editor3/components/AudioWaveformPlayer.stories.jsx[2m > [22m[2mDocumentation
[22m[39m[FilesContext] About to set up File observeQuery
[90mstdout[2m | src/components/Editor3/components/AudioWaveformPlayer.stories.jsx[2m > [22m[2mDocumentation
[22m[39m[ChatContext] Setting up AssistantChat observeQuery
[90mstdout[2m | src/components/Editor3/components/AudioWaveformPlayer.stories.jsx[2m > [22m[2mDocumentation
[22m[39m[ChatContext] Waiting for subscription to initialize
[90mstdout[2m | src/components/Editor3/components/AudioWaveformPlayer.stories.jsx[2m > [22m[2mDocumentation
[22m[39m[SettingsContext] Setting up Settings subscription for user: mock-user-sub
[90mstdout[2m | src/components/Editor3/components/AudioWaveformPlayer.stories.jsx[2m > [22m[2mDocumentation
[22m[39m[Mock Data] Settings created: mock-settings-1790416341080 - notified 0 subscribers
[90mstdout[2m | src/components/Editor3/components/AudioWaveformPlayer.stories.jsx[2m > [22m[2mDocumentation
[22m[39m[FilesContext] File observeQuery update: 6 files
[90mstdout[2m | src/components/Editor3/components/AudioWaveformPlayer.stories.jsx[2m > [22m[2mDocumentation
[22m[39m[ChatContext] AssistantChat initialized with 1 chats
[90mstdout[2m | src/components/Editor3/components/AudioWaveformPlayer.stories.jsx[2m > [22m[2mDocumentation
[22m[39m[ChatContext] Setting initial chat: mock-assistant-chat-1
[90mstdout[2m | src/components/Editor3/components/AudioWaveformPlayer.stories.jsx[2m > [22m[2mDocumentation
[22m[39m[Mock Storage] downloadData called with: undefined
[90mstdout[2m | src/components/Editor3/components/AudioWaveformPlayer.stories.jsx[2m > [22m[2mDocumentation
[22m[39m[MOCK CourseVectorStore] Initialized with mock data
[90mstdout[2m | src/components/Editor3/components/AudioWaveformPlayer.stories.jsx[2m > [22m[2mDocumentation
[22m[39m[FilesContext] Vector store population triggered {
  "currentVectorStoreSize": 3,
  "documentsCount": 0,
  "filesCount": 6,
  "isInitialLoad": true,
}
[90mstdout[2m | src/components/Editor3/components/AudioWaveformPlayer.stories.jsx[2m > [22m[2mDocumentation
[22m[39m[FilesContext] Vector store population complete - 3 total embeddings
[90mstdout[2m | src/components/Editor3/components/AudioWaveformPlayer.stories.jsx[2m > [22m[2mDocumentation
[22m[39m[ChatContext] Chat exists and not archived, skipping creation
[90mstdout[2m | src/components/Editor3/components/AudioWaveformPlayer.stories.jsx
[22m[39m
════════════════════════════════════════════════════════════
[90mstdout[2m | src/components/Editor3/components/AudioWaveformPlayer.stories.jsx
[22m[39m  STORYBOOK AUDIT — 1 issue(s) in 12 stories
[90mstdout[2m | src/components/Editor3/components/AudioWaveformPlayer.stories.jsx
[22m[39m════════════════════════════════════════════════════════════
[90mstdout[2m | src/components/Editor3/components/AudioWaveformPlayer.stories.jsx
[22m[39m  CONSOLE ERRORS (1 total across 1 unique):
[90mstdout[2m | src/components/Editor3/components/AudioWaveformPlayer.stories.jsx
[22m[39m    [1x] Error calculating waveform data: Unable to decode audio data
[90mstdout[2m | src/components/Editor3/components/AudioWaveformPlayer.stories.jsx
[22m[39m
[90mstdout[2m | src/components/Editor3/components/AudioWaveformPlayer.stories.jsx
[22m[39m  STORIES WITH ISSUES:
[90mstdout[2m | src/components/Editor3/components/AudioWaveformPlayer.stories.jsx
[22m[39m    • Recording With Callback (1 console)
[90mstdout[2m | src/components/Editor3/components/AudioWaveformPlayer.stories.jsx
[22m[39m
[90mstdout[2m | src/components/Editor3/components/AudioWaveformPlayer.stories.jsx
[22m[39m  VERDICT: ISSUES FOUND
[90mstdout[2m | src/components/Editor3/components/AudioWaveformPlayer.stories.jsx
[22m[39m════════════════════════════════════════════════════════════

 [32m✓[39m [30m[45m storybook (chromium) [49m[39m src/components/Editor3/components/AudioWaveformPlayer.stories.jsx [2m([22m[2m12 tests[22m[2m)[22m[33m 2089[2mms[22m[39m
   [33m[2m✓[22m[39m Recording With Callback [33m 394[2mms[22m[39m
[90mstdout[2m | unknown test
[22m[39m[MOCK vectorStoreDB.js] Module loaded - mock IndexedDB operations
[90mstdout[2m | unknown test
[22m[39m[Task Completion] DOM action listeners initialized
[90mstdout[2m | unknown test
[22m[39m[Task Completion] Auto-completion detector initialized
[90mstdout[2m | unknown test
[22m[39m[Preview] Task completion detector initialized
[90mstdout[2m | src/components/Editor3/components/FileManager2.stories.jsx[2m > [22m[2mDefault
[22m[39m[Preview] Skipped initializing default mock data (initializeMockData=false)
[90mstdout[2m | src/components/Editor3/components/FileManager2.stories.jsx[2m > [22m[2mDefault
[22m[39m[FileManager2.stories] Starting to seed mock data...
[90mstdout[2m | src/components/Editor3/components/FileManager2.stories.jsx[2m > [22m[2mDefault
[22m[39m[FileManager2.stories] Mock imports complete
[90mstdout[2m | src/components/Editor3/components/FileManager2.stories.jsx[2m > [22m[2mDefault
[22m[39m[FileManager2.stories] Seeding files...
[90mstdout[2m | src/components/Editor3/components/FileManager2.stories.jsx[2m > [22m[2mDefault
[22m[39m[FileManager2.stories] Files seeded
[90mstdout[2m | src/components/Editor3/components/FileManager2.stories.jsx[2m > [22m[2mDefault
[22m[39m[FileManager2.stories] Seeding documents...
[90mstdout[2m | src/components/Editor3/components/FileManager2.stories.jsx[2m > [22m[2mDefault
[22m[39m[Mock Data] seedMockDocuments: Adding 2 documents
[90mstdout[2m | src/components/Editor3/components/FileManager2.stories.jsx[2m > [22m[2mDefault
[22m[39m[FileManager2.stories] Documents seeded
[90mstdout[2m | src/components/Editor3/components/FileManager2.stories.jsx[2m > [22m[2mDefault
[22m[39m[FileManager2.stories] Seeding parsed content...
[90mstdout[2m | src/components/Editor3/components/FileManager2.stories.jsx[2m > [22m[2mDefault
[22m[39m[Mock Data] seedMockParsedContent: Adding 2 parsed content records
[90mstdout[2m | src/components/Editor3/components/FileManager2.stories.jsx[2m > [22m[2mDefault
[22m[39m[FileManager2.stories] ParsedContent seeded
[90mstdout[2m | src/components/Editor3/components/FileManager2.stories.jsx[2m > [22m[2mDefault
[22m[39m[FileManager2.stories] All mock data seeded successfully!
[90mstdout[2m | src/components/Editor3/components/FileManager2.stories.jsx[2m > [22m[2mDefault
[22m[39m[MOCK CourseVectorStore] Initialized with mock data
[90mstdout[2m | src/components/Editor3/components/FileManager2.stories.jsx[2m > [22m[2mDefault
[22m[39m[FilesDebug] Files in context: 0 []
[90mstdout[2m | src/components/Editor3/components/FileManager2.stories.jsx[2m > [22m[2mDefault
[22m[39m[FilesDebug] FilesContext: {
  "audioFiles": {},
  "bumpDocumentVersion": [Function anonymous],
  "bumpFileVersion": [Function anonymous],
  "deletedDocuments": [],
  "deletedFiles": [],
  "documents": {},
  "files": [],
  "filesVersion": 0,
  "myFiles": [],
  "myPdfs": {},
  "myPlaylistFiles": {},
  "myPlaylistUrls": {},
  "refreshAudioFiles": [Function refreshAudioFiles],
  "session": {
    "groups": [Array],
    "idToken": [Object],
    "identityId": "us-east-1:mock-identity-123",
    "username": "mock-user-sub",
  },
  "setShowDeleted": [Function bound dispatchSetState],
  "showDeleted": false,
  "vectorStore": CourseVectorStore {
    "items": [Array],
    "loadPromise": null,
    "loaded": true,
  },
  "vectorStoreReady": false,
}
[90mstdout[2m | src/components/Editor3/components/FileManager2.stories.jsx[2m > [22m[2mDefault
[22m[39m[FilesDebug] UnitContext: {
  "session": {
    "identityId": "us-east-1:mock-identity-123",
    "username": "mock-user-sub",
  },
  "unit": {
    "data": null,
    "id": "mock-unit-id",
    "name": "Mock Unit",
  },
}
[90mstdout[2m | src/components/Editor3/components/FileManager2.stories.jsx[2m > [22m[2mDefault
[22m[39m[FileManager2] Files received from context: 0 []
[90mstdout[2m | src/components/Editor3/components/FileManager2.stories.jsx[2m > [22m[2mDefault
[22m[39m[FileManager2] Upload useEffect triggered. filesToUpload: 0 uploadInProgress: false
[90mstdout[2m | src/components/Editor3/components/FileManager2.stories.jsx[2m > [22m[2mDefault
[22m[39m[FileManager2] Skipping upload - no files or already in progress
[90mstdout[2m | src/components/Editor3/components/FileManager2.stories.jsx[2m > [22m[2mDefault
[22m[39m[TranslationModeController] Setting mode to: off
[90mstdout[2m | src/components/Editor3/components/FileManager2.stories.jsx[2m > [22m[2mDefault
[22m[39m[UnitContext] useEffect triggered {
  "authLoading": false,
  "hasUser": true,
  "id": "mock-unit-id",
  "userSub": "mock-user-sub",
}
[90mstdout[2m | src/components/Editor3/components/FileManager2.stories.jsx[2m > [22m[2mDefault
[22m[39m[UnitContext] Fetching unit data for id: mock-unit-id
[90mstdout[2m | src/components/Editor3/components/FileManager2.stories.jsx[2m > [22m[2mDefault
[22m[39m[FilesContext] Initializing vector store from IndexedDB
[90mstdout[2m | src/components/Editor3/components/FileManager2.stories.jsx[2m > [22m[2mDefault
[22m[39m[FilesContext] fetchFiles called
[90mstdout[2m | src/components/Editor3/components/FileManager2.stories.jsx[2m > [22m[2mDefault
[22m[39m[FilesContext] User authenticated: mock-user-sub
[90mstdout[2m | src/components/Editor3/components/FileManager2.stories.jsx[2m > [22m[2mDefault
[22m[39m[FilesContext] Identity ID: us-east-1:mock-identity-123
[90mstdout[2m | src/components/Editor3/components/FileManager2.stories.jsx[2m > [22m[2mDefault
[22m[39m[FilesContext] About to set up File observeQuery
[90mstdout[2m | src/components/Editor3/components/FileManager2.stories.jsx[2m > [22m[2mDefault
[22m[39m[ChatContext] Setting up AssistantChat observeQuery
[90mstdout[2m | src/components/Editor3/components/FileManager2.stories.jsx[2m > [22m[2mDefault
[22m[39m[ChatContext] Waiting for subscription to initialize
[90mstdout[2m | src/components/Editor3/components/FileManager2.stories.jsx[2m > [22m[2mDefault
[22m[39m[SettingsContext] Setting up Settings subscription for user: mock-user-sub
[90mstdout[2m | src/components/Editor3/components/FileManager2.stories.jsx[2m > [22m[2mDefault
[22m[39m[Mock Data] Settings created: mock-settings-1790416345308 - notified 0 subscribers
[90mstdout[2m | src/components/Editor3/components/FileManager2.stories.jsx[2m > [22m[2mDefault
[22m[39m[Mock Data] Unit.onUpdate() subscription added. Total: 1
[90mstdout[2m | src/components/Editor3/components/FileManager2.stories.jsx[2m > [22m[2mDefault
[22m[39m[SectionContext] Section observeQuery update: 0
[90mstdout[2m | src/components/Editor3/components/FileManager2.stories.jsx[2m > [22m[2mDefault
[22m[39m[FilesContext] File observeQuery update: 6 files
[90mstdout[2m | src/components/Editor3/components/FileManager2.stories.jsx[2m > [22m[2mDefault
[22m[39m[ChatContext] AssistantChat initialized with 0 chats
[90mstdout[2m | src/components/Editor3/components/FileManager2.stories.jsx[2m > [22m[2mDefault
[22m[39m[MOCK CourseVectorStore] Initialized with mock data
[90mstdout[2m | src/components/Editor3/components/FileManager2.stories.jsx[2m > [22m[2mDefault
[22m[39m[FilesDebug] Files in context: 6 [
  {
    "createdAt": "2026-09-26T07:52:25.161Z",
    "document": Promise {},
    "documentID": "mock-doc-japanese-photosynthesis",
    "id": "mock-file-pdf-1",
    "identityId": "us-east-1:mock-identity-123",
    "level": "PROTECTED",
    "mimeType": "application/pdf",
    "name": "japanese-lesson-photosynthesis.pdf",
    "owner": "mock-user-sub",
    "parsedContent": [Function anonymous],
    "path": "/story-mocks/cinematic-designed-sci-fi-whoosh-transition-nexawave-228295.mp3",
    "size": 1234567,
    "updatedAt": "2026-09-26T07:52:25.161Z",
  },
  {
    "createdAt": "2026-09-26T08:52:25.161Z",
    "document": Promise {},
    "documentID": "mock-doc-french-seasons",
    "id": "mock-file-pdf-2",
    "identityId": "us-east-1:mock-identity-123",
    "level": "PROTECTED",
    "mimeType": "application/pdf",
    "name": "french-seasons-vocabulary.pdf",
    "owner": "mock-user-sub",
    "parsedContent": [Function anonymous],
    "path": "/story-mocks/descent-whoosh-long-cinematic-sound-effect-405921.mp3",
    "size": 456789,
    "updatedAt": "2026-09-26T08:52:25.161Z",
  },
  {
    "createdAt": "2026-09-26T08:22:25.161Z",
    "id": "mock-file-image-1",
    "identityId": "us-east-1:mock-identity-123",
    "level": "PUBLIC",
    "metadata": "{"analysis":{"description":"A detailed biological diagram showing the internal structure of a plant cell, including organelles such as the nucleus, chloroplasts, mitochondria, and cell wall."}}",
    "mimeType": "image/jpeg",
    "name": "cell-diagram.jpg",
    "owner": "mock-user-sub",
    "parsedContent": [Function anonymous],
    "path": "/story-mocks/piano-10046998_1280.jpg",
    "size": 234567,
    "updatedAt": "2026-09-26T08:22:25.161Z",
  },
  {
    "createdAt": "2026-09-26T09:22:25.161Z",
    "id": "mock-file-image-2",
    "identityId": "us-east-1:mock-identity-123",
    "level": "PUBLIC",
    "metadata": "{"analysis":{"description":"An illustration depicting the four seasons with representative landscapes and weather patterns for spring, summer, autumn, and winter."}}",
    "mimeType": "image/png",
    "name": "seasons-illustration.png",
    "owner": "mock-user-sub",
    "parsedContent": [Function anonymous],
    "path": "/story-mocks/animals-10008941_1280.jpg",
    "size": 345678,
    "updatedAt": "2026-09-26T09:22:25.161Z",
  },
  {
    "createdAt": "2026-09-26T07:22:25.161Z",
    "duration": 12,
    "id": "mock-file-audio-1",
    "identityId": "us-east-1:mock-identity-123",
    "level": "PROTECTED",
    "metadata": "{"analysis":{"transcription":"Kougousei wa shokubutsu ga hikari enerugi wo riyou shite nisan katanso to mizu kara tou wo tsukuru purosesu desu.","description":"Audio pronunciation of Japanese photosynthesis vocabulary terms."}}",
    "mimeType": "audio/mpeg",
    "name": "photosynthesis-pronunciation.mp3",
    "owner": "mock-user-sub",
    "parsedContent": [Function anonymous],
    "path": "/story-mocks/cinematic-designed-sci-fi-whoosh-transition-nexawave-228295.mp3",
    "size": 123456,
    "updatedAt": "2026-09-26T07:22:25.161Z",
  },
  {
    "createdAt": "2026-09-26T09:07:25.161Z",
    "duration": 8,
    "id": "mock-file-audio-2",
    "identityId": "us-east-1:mock-identity-123",
    "level": "PROTECTED",
    "metadata": "{"analysis":{"transcription":"Le printemps, l'été, l'automne, l'hiver. Les quatre saisons de l'année.","description":"Audio pronunciation of French seasonal vocabulary."}}",
    "mimeType": "audio/mpeg",
    "name": "seasons-audio.mp3",
    "owner": "mock-user-sub",
    "parsedContent": [Function anonymous],
    "path": "/story-mocks/descent-whoosh-long-cinematic-sound-effect-405921.mp3",
    "size": 98765,
    "updatedAt": "2026-09-26T09:07:25.161Z",
  },
]
[90mstdout[2m | src/components/Editor3/components/FileManager2.stories.jsx[2m > [22m[2mDefault
[22m[39m[FilesDebug] FilesContext: {
  "audioFiles": {},
  "bumpDocumentVersion": [Function anonymous],
  "bumpFileVersion": [Function anonymous],
  "deletedDocuments": [],
  "deletedFiles": [],
  "documents": {
    "mock-doc-french-seasons": [Object],
    "mock-doc-japanese-photosynthesis": [Object],
  },
  "files": [
    [Object],
    [Object],
    [Object],
    [Object],
    [Object],
    [Object],
  ],
  "filesVersion": 1,
  "myFiles": [
    [Object],
    [Object],
    [Object],
    [Object],
    [Object],
    [Object],
  ],
  "myPdfs": {
    "mock-file-pdf-1": [Object],
    "mock-file-pdf-2": [Object],
  },
  "myPlaylistFiles": {
    "mock-file-audio-1": [Object],
    "mock-file-audio-2": [Object],
  },
  "myPlaylistUrls": {},
  "refreshAudioFiles": [Function refreshAudioFiles],
  "session": {
    "groups": [Array],
    "idToken": [Object],
    "identityId": "us-east-1:mock-identity-123",
    "username": "mock-user-sub",
  },
  "setShowDeleted": [Function bound dispatchSetState],
  "showDeleted": false,
  "vectorStore": CourseVectorStore {
    "items": [Array],
    "loadPromise": null,
    "loaded": true,
  },
  "vectorStoreReady": false,
}
[90mstdout[2m | src/components/Editor3/components/FileManager2.stories.jsx[2m > [22m[2mDefault
[22m[39m[FilesDebug] UnitContext: {
  "session": {
    "identityId": "us-east-1:mock-identity-123",
    "username": "mock-user-sub",
  },
  "unit": {
    "data": null,
    "id": "mock-unit-id",
    "name": "Mock Unit",
  },
}
[90mstdout[2m | src/components/Editor3/components/FileManager2.stories.jsx[2m > [22m[2mDefault
[22m[39m[FileManager2] Files received from context: 6 [
  {
    "createdAt": "2026-09-26T07:52:25.161Z",
    "document": Promise {},
    "documentID": "mock-doc-japanese-photosynthesis",
    "id": "mock-file-pdf-1",
    "identityId": "us-east-1:mock-identity-123",
    "level": "PROTECTED",
    "mimeType": "application/pdf",
    "name": "japanese-lesson-photosynthesis.pdf",
    "owner": "mock-user-sub",
    "parsedContent": [Function anonymous],
    "path": "/story-mocks/cinematic-designed-sci-fi-whoosh-transition-nexawave-228295.mp3",
    "size": 1234567,
    "updatedAt": "2026-09-26T07:52:25.161Z",
  },
  {
    "createdAt": "2026-09-26T08:52:25.161Z",
    "document": Promise {},
    "documentID": "mock-doc-french-seasons",
    "id": "mock-file-pdf-2",
    "identityId": "us-east-1:mock-identity-123",
    "level": "PROTECTED",
    "mimeType": "application/pdf",
    "name": "french-seasons-vocabulary.pdf",
    "owner": "mock-user-sub",
    "parsedContent": [Function anonymous],
    "path": "/story-mocks/descent-whoosh-long-cinematic-sound-effect-405921.mp3",
    "size": 456789,
    "updatedAt": "2026-09-26T08:52:25.161Z",
  },
  {
    "createdAt": "2026-09-26T08:22:25.161Z",
    "id": "mock-file-image-1",
    "identityId": "us-east-1:mock-identity-123",
    "level": "PUBLIC",
    "metadata": "{"analysis":{"description":"A detailed biological diagram showing the internal structure of a plant cell, including organelles such as the nucleus, chloroplasts, mitochondria, and cell wall."}}",
    "mimeType": "image/jpeg",
    "name": "cell-diagram.jpg",
    "owner": "mock-user-sub",
    "parsedContent": [Function anonymous],
    "path": "/story-mocks/piano-10046998_1280.jpg",
    "size": 234567,
    "updatedAt": "2026-09-26T08:22:25.161Z",
  },
  {
    "createdAt": "2026-09-26T09:22:25.161Z",
    "id": "mock-file-image-2",
    "identityId": "us-east-1:mock-identity-123",
    "level": "PUBLIC",
    "metadata": "{"analysis":{"description":"An illustration depicting the four seasons with representative landscapes and weather patterns for spring, summer, autumn, and winter."}}",
    "mimeType": "image/png",
    "name": "seasons-illustration.png",
    "owner": "mock-user-sub",
    "parsedContent": [Function anonymous],
    "path": "/story-mocks/animals-10008941_1280.jpg",
    "size": 345678,
    "updatedAt": "2026-09-26T09:22:25.161Z",
  },
  {
    "createdAt": "2026-09-26T07:22:25.161Z",
    "duration": 12,
    "id": "mock-file-audio-1",
    "identityId": "us-east-1:mock-identity-123",
    "level": "PROTECTED",
    "metadata": "{"analysis":{"transcription":"Kougousei wa shokubutsu ga hikari enerugi wo riyou shite nisan katanso to mizu kara tou wo tsukuru purosesu desu.","description":"Audio pronunciation of Japanese photosynthesis vocabulary terms."}}",
    "mimeType": "audio/mpeg",
    "name": "photosynthesis-pronunciation.mp3",
    "owner": "mock-user-sub",
    "parsedContent": [Function anonymous],
    "path": "/story-mocks/cinematic-designed-sci-fi-whoosh-transition-nexawave-228295.mp3",
    "size": 123456,
    "updatedAt": "2026-09-26T07:22:25.161Z",
  },
  {
    "createdAt": "2026-09-26T09:07:25.161Z",
    "duration": 8,
    "id": "mock-file-audio-2",
    "identityId": "us-east-1:mock-identity-123",
    "level": "PROTECTED",
    "metadata": "{"analysis":{"transcription":"Le printemps, l'été, l'automne, l'hiver. Les quatre saisons de l'année.","description":"Audio pronunciation of French seasonal vocabulary."}}",
    "mimeType": "audio/mpeg",
    "name": "seasons-audio.mp3",
    "owner": "mock-user-sub",
    "parsedContent": [Function anonymous],
    "path": "/story-mocks/descent-whoosh-long-cinematic-sound-effect-405921.mp3",
    "size": 98765,
    "updatedAt": "2026-09-26T09:07:25.161Z",
  },
]
[90mstdout[2m | src/components/Editor3/components/FileManager2.stories.jsx[2m > [22m[2mDefault
[22m[39m[FilesContext] Vector store population triggered {
  "currentVectorStoreSize": 3,
  "documentsCount": 2,
  "filesCount": 6,
  "isInitialLoad": true,
}
[90mstdout[2m | src/components/Editor3/components/FileManager2.stories.jsx[2m > [22m[2mDefault
[22m[39m[FilesContext] Vector store population complete - 3 total embeddings
[90mstdout[2m | src/components/Editor3/components/FileManager2.stories.jsx[2m > [22m[2mDefault
[22m[39m[ChatContext] No current chat available, will create one
[90mstdout[2m | src/components/Editor3/components/FileManager2.stories.jsx[2m > [22m[2mDefault
[22m[39m[ChatContext] Creating AssistantChat with user: undefined
[90mstdout[2m | src/components/Editor3/components/FileManager2.stories.jsx[2m > [22m[2mDefault
[22m[39m[Mock Data] AssistantChat created: mock-assistantchat-1790416345361 - notified 1 subscribers
[90mstdout[2m | src/components/Editor3/components/FileManager2.stories.jsx[2m > [22m[2mDefault
[22m[39m[ChatContext] Create result: {
  "data": {
    "_version": 1,
    "archived": false,
    "chatFiles": [Function anonymous],
    "createdAt": "2026-09-26T09:52:25.361Z",
    "id": "mock-assistantchat-1790416345361",
    "model": "gpt-4",
    "updatedAt": "2026-09-26T09:52:25.361Z",
  },
  "errors": [],
  "hasData": true,
  "hasErrors": true,
}
[90mstdout[2m | src/components/Editor3/components/FileManager2.stories.jsx[2m > [22m[2mDefault
[22m[39m[ChatContext] Created AssistantChat: mock-assistantchat-1790416345361 at: 2026-09-26T09:52:25.361Z
[90mstdout[2m | src/components/Editor3/components/FileManager2.stories.jsx[2m > [22m[2mDefault
[22m[39m[Mock Storage] downloadData called with: undefined
[90mstdout[2m | src/components/Editor3/components/FileManager2.stories.jsx[2m > [22m[2mDefault
[22m[39m[ChatContext] Setting initial chat: mock-assistantchat-1790416345361
[90mstdout[2m | src/components/Editor3/components/FileManager2.stories.jsx[2m > [22m[2mDefault
[22m[39m[ChatContext] Chat exists and not archived, skipping creation
[90mstdout[2m | src/components/Editor3/components/FileManager2.stories.jsx[2m > [22m[2mWith Expanded Content
[22m[39m[ChatContext] Cleaning up subscriptions
[90mstdout[2m | src/components/Editor3/components/FileManager2.stories.jsx[2m > [22m[2mWith Expanded Content
[22m[39m[Mock Data] Unit.onUpdate() subscription removed. Remaining: 0
[90mstdout[2m | src/components/Editor3/components/FileManager2.stories.jsx[2m > [22m[2mWith Expanded Content
[22m[39m[Preview] Skipped initializing default mock data (initializeMockData=false)
[90mstdout[2m | src/components/Editor3/components/FileManager2.stories.jsx[2m > [22m[2mWith Expanded Content
[22m[39m[FileManager2.stories] Starting to seed mock data...
[90mstdout[2m | src/components/Editor3/components/FileManager2.stories.jsx[2m > [22m[2mWith Expanded Content
[22m[39m[FileManager2.stories] Mock imports complete
[90mstdout[2m | src/components/Editor3/components/FileManager2.stories.jsx[2m > [22m[2mWith Expanded Content
[22m[39m[FileManager2.stories] Seeding files...
[90mstdout[2m | src/components/Editor3/components/FileManager2.stories.jsx[2m > [22m[2mWith Expanded Content
[22m[39m[FileManager2.stories] Files seeded
[90mstdout[2m | src/components/Editor3/components/FileManager2.stories.jsx[2m > [22m[2mWith Expanded Content
[22m[39m[FileManager2.stories] Seeding documents...
[90mstdout[2m | src/components/Editor3/components/FileManager2.stories.jsx[2m > [22m[2mWith Expanded Content
[22m[39m[Mock Data] seedMockDocuments: Adding 2 documents
[90mstdout[2m | src/components/Editor3/components/FileManager2.stories.jsx[2m > [22m[2mWith Expanded Content
[22m[39m[FileManager2.stories] Documents seeded
[90mstdout[2m | src/components/Editor3/components/FileManager2.stories.jsx[2m > [22m[2mWith Expanded Content
[22m[39m[FileManager2.stories] Seeding parsed content...
[90mstdout[2m | src/components/Editor3/components/FileManager2.stories.jsx[2m > [22m[2mWith Expanded Content
[22m[39m[Mock Data] seedMockParsedContent: Adding 2 parsed content records
[90mstdout[2m | src/components/Editor3/components/FileManager2.stories.jsx[2m > [22m[2mWith Expanded Content
[22m[39m[FileManager2.stories] ParsedContent seeded
[90mstdout[2m | src/components/Editor3/components/FileManager2.stories.jsx[2m > [22m[2mWith Expanded Content
[22m[39m[FileManager2.stories] All mock data seeded successfully!
[90mstdout[2m | src/components/Editor3/components/FileManager2.stories.jsx[2m > [22m[2mWith Expanded Content
[22m[39m[MOCK CourseVectorStore] Initialized with mock data
[90mstdout[2m | src/components/Editor3/components/FileManager2.stories.jsx[2m > [22m[2mWith Expanded Content
[22m[39m[FileManager2] Files received from context: 0 []
[90mstdout[2m | src/components/Editor3/components/FileManager2.stories.jsx[2m > [22m[2mWith Expanded Content
[22m[39m[FileManager2] Upload useEffect triggered. filesToUpload: 0 uploadInProgress: false
[90mstdout[2m | src/components/Editor3/components/FileManager2.stories.jsx[2m > [22m[2mWith Expanded Content
[22m[39m[FileManager2] Skipping upload - no files or already in progress
[90mstdout[2m | src/components/Editor3/components/FileManager2.stories.jsx[2m > [22m[2mWith Expanded Content
[22m[39m[TranslationModeController] Setting mode to: off
[90mstdout[2m | src/components/Editor3/components/FileManager2.stories.jsx[2m > [22m[2mWith Expanded Content
[22m[39m[UnitContext] useEffect triggered {
  "authLoading": false,
  "hasUser": true,
  "id": "mock-unit-id",
  "userSub": "mock-user-sub",
}
[90mstdout[2m | src/components/Editor3/components/FileManager2.stories.jsx[2m > [22m[2mWith Expanded Content
[22m[39m[UnitContext] Fetching unit data for id: mock-unit-id
[90mstdout[2m | src/components/Editor3/components/FileManager2.stories.jsx[2m > [22m[2mWith Expanded Content
[22m[39m[FilesContext] Initializing vector store from IndexedDB
[90mstdout[2m | src/components/Editor3/components/FileManager2.stories.jsx[2m > [22m[2mWith Expanded Content
[22m[39m[FilesContext] fetchFiles called
[90mstdout[2m | src/components/Editor3/components/FileManager2.stories.jsx[2m > [22m[2mWith Expanded Content
[22m[39m[FilesContext] User authenticated: mock-user-sub
[90mstdout[2m | src/components/Editor3/components/FileManager2.stories.jsx[2m > [22m[2mWith Expanded Content
[22m[39m[FilesContext] Identity ID: us-east-1:mock-identity-123
[90mstdout[2m | src/components/Editor3/components/FileManager2.stories.jsx[2m > [22m[2mWith Expanded Content
[22m[39m[FilesContext] About to set up File observeQuery
[90mstdout[2m | src/components/Editor3/components/FileManager2.stories.jsx[2m > [22m[2mWith Expanded Content
[22m[39m[ChatContext] Setting up AssistantChat observeQuery
[90mstdout[2m | src/components/Editor3/components/FileManager2.stories.jsx[2m > [22m[2mWith Expanded Content
[22m[39m[ChatContext] Waiting for subscription to initialize
[90mstdout[2m | src/components/Editor3/components/FileManager2.stories.jsx[2m > [22m[2mWith Expanded Content
[22m[39m[SettingsContext] Setting up Settings subscription for user: mock-user-sub
[90mstdout[2m | src/components/Editor3/components/FileManager2.stories.jsx[2m > [22m[2mWith Expanded Content
[22m[39m[Mock Data] Settings created: mock-settings-1790416345849 - notified 0 subscribers
[90mstdout[2m | src/components/Editor3/components/FileManager2.stories.jsx[2m > [22m[2mWith Expanded Content
[22m[39m[Mock Data] Unit.onUpdate() subscription added. Total: 1
[90mstdout[2m | src/components/Editor3/components/FileManager2.stories.jsx[2m > [22m[2mWith Expanded Content
[22m[39m[SectionContext] Section observeQuery update: 0
[90mstdout[2m | src/components/Editor3/components/FileManager2.stories.jsx[2m > [22m[2mWith Expanded Content
[22m[39m[FilesContext] File observeQuery update: 6 files
[90mstdout[2m | src/components/Editor3/components/FileManager2.stories.jsx[2m > [22m[2mWith Expanded Content
[22m[39m[ChatContext] AssistantChat initialized with 0 chats
[90mstdout[2m | src/components/Editor3/components/FileManager2.stories.jsx[2m > [22m[2mWith Expanded Content
[22m[39m[MOCK CourseVectorStore] Initialized with mock data
[90mstdout[2m | src/components/Editor3/components/FileManager2.stories.jsx[2m > [22m[2mWith Expanded Content
[22m[39m[FileManager2] Files received from context: 6 [
  {
    "createdAt": "2026-09-26T07:52:25.781Z",
    "document": Promise {},
    "documentID": "mock-doc-japanese-photosynthesis",
    "id": "mock-file-pdf-1",
    "identityId": "us-east-1:mock-identity-123",
    "level": "PROTECTED",
    "mimeType": "application/pdf",
    "name": "japanese-lesson-photosynthesis.pdf",
    "owner": "mock-user-sub",
    "parsedContent": [Function anonymous],
    "path": "/story-mocks/cinematic-designed-sci-fi-whoosh-transition-nexawave-228295.mp3",
    "size": 1234567,
    "updatedAt": "2026-09-26T07:52:25.781Z",
  },
  {
    "createdAt": "2026-09-26T08:52:25.781Z",
    "document": Promise {},
    "documentID": "mock-doc-french-seasons",
    "id": "mock-file-pdf-2",
    "identityId": "us-east-1:mock-identity-123",
    "level": "PROTECTED",
    "mimeType": "application/pdf",
    "name": "french-seasons-vocabulary.pdf",
    "owner": "mock-user-sub",
    "parsedContent": [Function anonymous],
    "path": "/story-mocks/descent-whoosh-long-cinematic-sound-effect-405921.mp3",
    "size": 456789,
    "updatedAt": "2026-09-26T08:52:25.781Z",
  },
  {
    "createdAt": "2026-09-26T08:22:25.781Z",
    "id": "mock-file-image-1",
    "identityId": "us-east-1:mock-identity-123",
    "level": "PUBLIC",
    "metadata": "{"analysis":{"description":"A detailed biological diagram showing the internal structure of a plant cell, including organelles such as the nucleus, chloroplasts, mitochondria, and cell wall."}}",
    "mimeType": "image/jpeg",
    "name": "cell-diagram.jpg",
    "owner": "mock-user-sub",
    "parsedContent": [Function anonymous],
    "path": "/story-mocks/piano-10046998_1280.jpg",
    "size": 234567,
    "updatedAt": "2026-09-26T08:22:25.781Z",
  },
  {
    "createdAt": "2026-09-26T09:22:25.781Z",
    "id": "mock-file-image-2",
    "identityId": "us-east-1:mock-identity-123",
    "level": "PUBLIC",
    "metadata": "{"analysis":{"description":"An illustration depicting the four seasons with representative landscapes and weather patterns for spring, summer, autumn, and winter."}}",
    "mimeType": "image/png",
    "name": "seasons-illustration.png",
    "owner": "mock-user-sub",
    "parsedContent": [Function anonymous],
    "path": "/story-mocks/animals-10008941_1280.jpg",
    "size": 345678,
    "updatedAt": "2026-09-26T09:22:25.781Z",
  },
  {
    "createdAt": "2026-09-26T07:22:25.781Z",
    "duration": 12,
    "id": "mock-file-audio-1",
    "identityId": "us-east-1:mock-identity-123",
    "level": "PROTECTED",
    "metadata": "{"analysis":{"transcription":"Kougousei wa shokubutsu ga hikari enerugi wo riyou shite nisan katanso to mizu kara tou wo tsukuru purosesu desu.","description":"Audio pronunciation of Japanese photosynthesis vocabulary terms."}}",
    "mimeType": "audio/mpeg",
    "name": "photosynthesis-pronunciation.mp3",
    "owner": "mock-user-sub",
    "parsedContent": [Function anonymous],
    "path": "/story-mocks/cinematic-designed-sci-fi-whoosh-transition-nexawave-228295.mp3",
    "size": 123456,
    "updatedAt": "2026-09-26T07:22:25.781Z",
  },
  {
    "createdAt": "2026-09-26T09:07:25.781Z",
    "duration": 8,
    "id": "mock-file-audio-2",
    "identityId": "us-east-1:mock-identity-123",
    "level": "PROTECTED",
    "metadata": "{"analysis":{"transcription":"Le printemps, l'été, l'automne, l'hiver. Les quatre saisons de l'année.","description":"Audio pronunciation of French seasonal vocabulary."}}",
    "mimeType": "audio/mpeg",
    "name": "seasons-audio.mp3",
    "owner": "mock-user-sub",
    "parsedContent": [Function anonymous],
    "path": "/story-mocks/descent-whoosh-long-cinematic-sound-effect-405921.mp3",
    "size": 98765,
    "updatedAt": "2026-09-26T09:07:25.781Z",
  },
]
[90mstdout[2m | src/components/Editor3/components/FileManager2.stories.jsx[2m > [22m[2mWith Expanded Content
[22m[39m[FilesContext] Vector store population triggered {
  "currentVectorStoreSize": 3,
  "documentsCount": 2,
  "filesCount": 6,
  "isInitialLoad": true,
}
[90mstdout[2m | src/components/Editor3/components/FileManager2.stories.jsx[2m > [22m[2mWith Expanded Content
[22m[39m[FilesContext] Vector store population complete - 3 total embeddings
[90mstdout[2m | src/components/Editor3/components/FileManager2.stories.jsx[2m > [22m[2mWith Expanded Content
[22m[39m[ChatContext] No current chat available, will create one
[90mstdout[2m | src/components/Editor3/components/FileManager2.stories.jsx[2m > [22m[2mWith Expanded Content
[22m[39m[ChatContext] Creating AssistantChat with user: undefined
[90mstdout[2m | src/components/Editor3/components/FileManager2.stories.jsx[2m > [22m[2mWith Expanded Content
[22m[39m[Mock Data] AssistantChat created: mock-assistantchat-1790416345884 - notified 1 subscribers
[90mstdout[2m | src/components/Editor3/components/FileManager2.stories.jsx[2m > [22m[2mWith Expanded Content
[22m[39m[ChatContext] Create result: {
  "data": {
    "_version": 1,
    "archived": false,
    "chatFiles": [Function anonymous],
    "createdAt": "2026-09-26T09:52:25.884Z",
    "id": "mock-assistantchat-1790416345884",
    "model": "gpt-4",
    "updatedAt": "2026-09-26T09:52:25.884Z",
  },
  "errors": [],
  "hasData": true,
  "hasErrors": true,
}
[90mstdout[2m | src/components/Editor3/components/FileManager2.stories.jsx[2m > [22m[2mWith Expanded Content
[22m[39m[ChatContext] Created AssistantChat: mock-assistantchat-1790416345884 at: 2026-09-26T09:52:25.884Z
[90mstdout[2m | src/components/Editor3/components/FileManager2.stories.jsx[2m > [22m[2mWith Expanded Content
[22m[39m[Mock Storage] downloadData called with: undefined
[90mstdout[2m | src/components/Editor3/components/FileManager2.stories.jsx[2m > [22m[2mWith Expanded Content
[22m[39m[ChatContext] Setting initial chat: mock-assistantchat-1790416345884
[90mstdout[2m | src/components/Editor3/components/FileManager2.stories.jsx[2m > [22m[2mWith Expanded Content
[22m[39m[ChatContext] Chat exists and not archived, skipping creation
[90mstdout[2m | src/components/Editor3/components/FileManager2.stories.jsx[2m > [22m[2mEmpty State
[22m[39m[ChatContext] Cleaning up subscriptions
[90mstdout[2m | src/components/Editor3/components/FileManager2.stories.jsx[2m > [22m[2mEmpty State
[22m[39m[Mock Data] Unit.onUpdate() subscription removed. Remaining: 0
[90mstdout[2m | src/components/Editor3/components/FileManager2.stories.jsx[2m > [22m[2mEmpty State
[22m[39m[MOCK CourseVectorStore] Initialized with mock data
[90mstdout[2m | src/components/Editor3/components/FileManager2.stories.jsx[2m > [22m[2mEmpty State
[22m[39m[FileManager2] Files received from context: 0 []
[90mstdout[2m | src/components/Editor3/components/FileManager2.stories.jsx[2m > [22m[2mEmpty State
[22m[39m[FileManager2] Upload useEffect triggered. filesToUpload: 0 uploadInProgress: false
[90mstdout[2m | src/components/Editor3/components/FileManager2.stories.jsx[2m > [22m[2mEmpty State
[22m[39m[FileManager2] Skipping upload - no files or already in progress
[90mstdout[2m | src/components/Editor3/components/FileManager2.stories.jsx[2m > [22m[2mEmpty State
[22m[39m[TranslationModeController] Setting mode to: off
[90mstdout[2m | src/components/Editor3/components/FileManager2.stories.jsx[2m > [22m[2mEmpty State
[22m[39m[UnitContext] useEffect triggered {
  "authLoading": false,
  "hasUser": true,
  "id": "mock-unit-id",
  "userSub": "mock-user-sub",
}
[90mstdout[2m | src/components/Editor3/components/FileManager2.stories.jsx[2m > [22m[2mEmpty State
[22m[39m[UnitContext] Fetching unit data for id: mock-unit-id
[90mstdout[2m | src/components/Editor3/components/FileManager2.stories.jsx[2m > [22m[2mEmpty State
[22m[39m[FilesContext] Initializing vector store from IndexedDB
[90mstdout[2m | src/components/Editor3/components/FileManager2.stories.jsx[2m > [22m[2mEmpty State
[22m[39m[FilesContext] fetchFiles called
[90mstdout[2m | src/components/Editor3/components/FileManager2.stories.jsx[2m > [22m[2mEmpty State
[22m[39m[FilesContext] User authenticated: mock-user-sub
[90mstdout[2m | src/components/Editor3/components/FileManager2.stories.jsx[2m > [22m[2mEmpty State
[22m[39m[FilesContext] Identity ID: us-east-1:mock-identity-123
[90mstdout[2m | src/components/Editor3/components/FileManager2.stories.jsx[2m > [22m[2mEmpty State
[22m[39m[FilesContext] About to set up File observeQuery
[90mstdout[2m | src/components/Editor3/components/FileManager2.stories.jsx[2m > [22m[2mEmpty State
[22m[39m[ChatContext] Setting up AssistantChat observeQuery
[90mstdout[2m | src/components/Editor3/components/FileManager2.stories.jsx[2m > [22m[2mEmpty State
[22m[39m[ChatContext] Waiting for subscription to initialize
[90mstdout[2m | src/components/Editor3/components/FileManager2.stories.jsx[2m > [22m[2mEmpty State
[22m[39m[SettingsContext] Setting up Settings subscription for user: mock-user-sub
[90mstdout[2m | src/components/Editor3/components/FileManager2.stories.jsx[2m > [22m[2mEmpty State
[22m[39m[Mock Data] Settings created: mock-settings-1790416346195 - notified 0 subscribers
[90mstdout[2m | src/components/Editor3/components/FileManager2.stories.jsx[2m > [22m[2mEmpty State
[22m[39m[Mock Data] Unit.onUpdate() subscription added. Total: 1
[90mstdout[2m | src/components/Editor3/components/FileManager2.stories.jsx[2m > [22m[2mEmpty State
[22m[39m[SectionContext] Section observeQuery update: 0
[90mstdout[2m | src/components/Editor3/components/FileManager2.stories.jsx[2m > [22m[2mEmpty State
[22m[39m[FilesContext] File observeQuery update: 6 files
[90mstdout[2m | src/components/Editor3/components/FileManager2.stories.jsx[2m > [22m[2mEmpty State
[22m[39m[ChatContext] AssistantChat initialized with 1 chats
[90mstdout[2m | src/components/Editor3/components/FileManager2.stories.jsx[2m > [22m[2mEmpty State
[22m[39m[ChatContext] Setting initial chat: mock-assistant-chat-1
[90mstdout[2m | src/components/Editor3/components/FileManager2.stories.jsx[2m > [22m[2mEmpty State
[22m[39m[MOCK CourseVectorStore] Initialized with mock data
[90mstdout[2m | src/components/Editor3/components/FileManager2.stories.jsx[2m > [22m[2mEmpty State
[22m[39m[FileManager2] Files received from context: 6 [
  {
    "_deleted": null,
    "_lastChangedAt": 1767711773285,
    "_version": 1,
    "byHex": null,
    "createdAt": "2026-01-06T15:02:53.253Z",
    "description": "Japanese language textbook - Chapter 1",
    "document": Promise {},
    "documentID": "e01017e1-fe7a-4521-b71c-09ec31b18639",
    "duration": null,
    "embedding": null,
    "generated": null,
    "hex": null,
    "id": "a57d7833-5fa7-4cb7-8b7a-ce7c6e10e551",
    "identityId": "us-east-1:b0eadde9-f02c-c71b-17a6-22ffd37d89c8",
    "key": "files/Japanese Wind 1.pdf",
    "level": "protected",
    "mimeType": "application/pdf",
    "model": null,
    "name": "Japanese Wind 1.pdf",
    "owner": "64d81418-7021-701d-9fed-a4c2e0735711",
    "parsedContent": [Function anonymous],
    "parsedContentID": null,
    "path": "files/Japanese Wind 1.pdf",
    "prompt": null,
    "size": 4706654,
    "thumbnail": null,
    "type": "pdf",
    "updatedAt": "2026-01-06T15:02:53.253Z",
    "variant": null,
  },
  {
    "_version": 2,
    "createdAt": "2026-01-15T10:00:00.000Z",
    "description": "Sample report with vocabulary",
    "document": Promise {},
    "documentID": "cd824b5b-2c66-41f8-8571-aa6794ff590c",
    "generated": false,
    "id": "mock-pdf-file-2",
    "identityId": "us-east-1:mock-identity",
    "key": "files/report.pdf",
    "level": "protected",
    "mimeType": "application/pdf",
    "name": "report.pdf",
    "owner": "mock-user-id",
    "parsedContent": [Function anonymous],
    "path": "files/report.pdf",
    "size": 123456,
    "type": "pdf",
    "updatedAt": "2026-01-15T10:30:00.000Z",
  },
  {
    "_version": 3,
    "createdAt": "2026-01-14T08:00:00.000Z",
    "description": "Vocabulary lesson PDF with extracted content",
    "document": Promise {},
    "documentID": "mock-document-3",
    "generated": false,
    "id": "mock-pdf-file-3",
    "identityId": "us-east-1:mock-identity",
    "key": "files/vocabulary-lesson.pdf",
    "level": "public",
    "mimeType": "application/pdf",
    "name": "vocabulary-lesson.pdf",
    "owner": "mock-user-id",
    "parsedContent": [Function anonymous],
    "path": "files/vocabulary-lesson.pdf",
    "size": 567890,
    "type": "pdf",
    "updatedAt": "2026-01-14T08:45:00.000Z",
  },
  {
    "_version": 1,
    "createdAt": "2026-01-20T10:00:00.000Z",
    "description": "Sample pronunciation audio",
    "documentID": null,
    "duration": 3.5,
    "generated": true,
    "id": "mock-audio-file-1",
    "identityId": "us-east-1:mock-identity",
    "key": "audio/pronunciation-demo.mp3",
    "level": "public",
    "mimeType": "audio/mpeg",
    "name": "pronunciation-demo.mp3",
    "owner": "mock-user-id",
    "parsedContent": [Function anonymous],
    "path": "/story-mocks/cinematic-designed-sci-fi-whoosh-transition-nexawave-228295.mp3",
    "size": 56789,
    "type": "audio",
    "updatedAt": "2026-01-20T10:00:00.000Z",
  },
  {
    "_version": 1,
    "createdAt": "2026-01-19T14:30:00.000Z",
    "description": "Lesson introduction audio",
    "documentID": null,
    "duration": 5.2,
    "generated": false,
    "id": "mock-audio-file-2",
    "identityId": "us-east-1:mock-identity",
    "key": "audio/lesson-intro.mp3",
    "level": "public",
    "mimeType": "audio/mpeg",
    "name": "lesson-intro.mp3",
    "owner": "mock-user-id",
    "parsedContent": [Function anonymous],
    "path": "/story-mocks/descent-whoosh-long-cinematic-sound-effect-405921.mp3",
    "size": 87654,
    "type": "audio",
    "updatedAt": "2026-01-19T14:30:00.000Z",
  },
  {
    "_version": 1,
    "createdAt": "2026-01-18T09:15:00.000Z",
    "description": "Hiragana character chart",
    "documentID": null,
    "generated": false,
    "id": "mock-image-file-1",
    "identityId": "us-east-1:mock-identity",
    "key": "images/hiragana-chart.png",
    "level": "public",
    "mimeType": "image/png",
    "name": "hiragana-chart.png",
    "owner": "mock-user-id",
    "parsedContent": [Function anonymous],
    "path": "images/hiragana-chart.png",
    "size": 234567,
    "thumbnail": "thumbnails/hiragana-chart-thumb.png",
    "type": "image",
    "updatedAt": "2026-01-18T09:15:00.000Z",
  },
]
[90mstdout[2m | src/components/Editor3/components/FileManager2.stories.jsx[2m > [22m[2mEmpty State
[22m[39m[FilesContext] Vector store population triggered {
  "currentVectorStoreSize": 3,
  "documentsCount": 0,
  "filesCount": 6,
  "isInitialLoad": true,
}
[90mstdout[2m | src/components/Editor3/components/FileManager2.stories.jsx[2m > [22m[2mEmpty State
[22m[39m[FilesContext] Vector store population complete - 3 total embeddings
[90mstdout[2m | src/components/Editor3/components/FileManager2.stories.jsx[2m > [22m[2mEmpty State
[22m[39m[ChatContext] Chat exists and not archived, skipping creation
[90mstdout[2m | src/components/Editor3/components/FileManager2.stories.jsx[2m > [22m[2mEmpty State
[22m[39mMock Cache.getItem called with: getCachedUrl_thumbnails/hiragana-chart-thumb.png
[90mstdout[2m | src/components/Editor3/components/FileManager2.stories.jsx[2m > [22m[2mEmpty State
[22m[39mMock getUrl called with: thumbnails/hiragana-chart-thumb.png
[90mstdout[2m | src/components/Editor3/components/FileManager2.stories.jsx[2m > [22m[2mEmpty State
[22m[39mMock Cache.setItem called with: getCachedUrl_thumbnails/hiragana-chart-thumb.png thumbnails/hiragana-chart-thumb.png
[90mstdout[2m | src/components/Editor3/components/FileManager2.stories.jsx[2m > [22m[2mEmpty State
[22m[39m[Mock Storage] downloadData called with: undefined
[90mstdout[2m | src/components/Editor3/components/FileManager2.stories.jsx[2m > [22m[2mExpanded PDF Content
[22m[39m[ChatContext] Cleaning up subscriptions
[90mstdout[2m | src/components/Editor3/components/FileManager2.stories.jsx[2m > [22m[2mExpanded PDF Content
[22m[39m[Mock Data] Unit.onUpdate() subscription removed. Remaining: 0
[90mstdout[2m | src/components/Editor3/components/FileManager2.stories.jsx[2m > [22m[2mExpanded PDF Content
[22m[39m[Preview] Skipped initializing default mock data (initializeMockData=false)
[90mstdout[2m | src/components/Editor3/components/FileManager2.stories.jsx[2m > [22m[2mExpanded PDF Content
[22m[39m[FileManager2.stories] Starting to seed mock data...
[90mstdout[2m | src/components/Editor3/components/FileManager2.stories.jsx[2m > [22m[2mExpanded PDF Content
[22m[39m[FileManager2.stories] Mock imports complete
[90mstdout[2m | src/components/Editor3/components/FileManager2.stories.jsx[2m > [22m[2mExpanded PDF Content
[22m[39m[FileManager2.stories] Seeding files...
[90mstdout[2m | src/components/Editor3/components/FileManager2.stories.jsx[2m > [22m[2mExpanded PDF Content
[22m[39m[FileManager2.stories] Files seeded
[90mstdout[2m | src/components/Editor3/components/FileManager2.stories.jsx[2m > [22m[2mExpanded PDF Content
[22m[39m[FileManager2.stories] Seeding documents...
[90mstdout[2m | src/components/Editor3/components/FileManager2.stories.jsx[2m > [22m[2mExpanded PDF Content
[22m[39m[Mock Data] seedMockDocuments: Adding 2 documents
[90mstdout[2m | src/components/Editor3/components/FileManager2.stories.jsx[2m > [22m[2mExpanded PDF Content
[22m[39m[FileManager2.stories] Documents seeded
[90mstdout[2m | src/components/Editor3/components/FileManager2.stories.jsx[2m > [22m[2mExpanded PDF Content
[22m[39m[FileManager2.stories] Seeding parsed content...
[90mstdout[2m | src/components/Editor3/components/FileManager2.stories.jsx[2m > [22m[2mExpanded PDF Content
[22m[39m[Mock Data] seedMockParsedContent: Adding 2 parsed content records
[90mstdout[2m | src/components/Editor3/components/FileManager2.stories.jsx[2m > [22m[2mExpanded PDF Content
[22m[39m[FileManager2.stories] ParsedContent seeded
[90mstdout[2m | src/components/Editor3/components/FileManager2.stories.jsx[2m > [22m[2mExpanded PDF Content
[22m[39m[FileManager2.stories] All mock data seeded successfully!
[90mstdout[2m | src/components/Editor3/components/FileManager2.stories.jsx[2m > [22m[2mExpanded PDF Content
[22m[39m[MOCK CourseVectorStore] Initialized with mock data
[90mstdout[2m | src/components/Editor3/components/FileManager2.stories.jsx[2m > [22m[2mExpanded PDF Content
[22m[39m[FileManager2] Files received from context: 0 []
[90mstdout[2m | src/components/Editor3/components/FileManager2.stories.jsx[2m > [22m[2mExpanded PDF Content
[22m[39m[FileManager2] Upload useEffect triggered. filesToUpload: 0 uploadInProgress: false
[90mstdout[2m | src/components/Editor3/components/FileManager2.stories.jsx[2m > [22m[2mExpanded PDF Content
[22m[39m[FileManager2] Skipping upload - no files or already in progress
[90mstdout[2m | src/components/Editor3/components/FileManager2.stories.jsx[2m > [22m[2mExpanded PDF Content
[22m[39m[TranslationModeController] Setting mode to: off
[90mstdout[2m | src/components/Editor3/components/FileManager2.stories.jsx[2m > [22m[2mExpanded PDF Content
[22m[39m[UnitContext] useEffect triggered {
  "authLoading": false,
  "hasUser": true,
  "id": "mock-unit-id",
  "userSub": "mock-user-sub",
}
[90mstdout[2m | src/components/Editor3/components/FileManager2.stories.jsx[2m > [22m[2mExpanded PDF Content
[22m[39m[UnitContext] Fetching unit data for id: mock-unit-id
[90mstdout[2m | src/components/Editor3/components/FileManager2.stories.jsx[2m > [22m[2mExpanded PDF Content
[22m[39m[FilesContext] Initializing vector store from IndexedDB
[90mstdout[2m | src/components/Editor3/components/FileManager2.stories.jsx[2m > [22m[2mExpanded PDF Content
[22m[39m[FilesContext] fetchFiles called
[90mstdout[2m | src/components/Editor3/components/FileManager2.stories.jsx[2m > [22m[2mExpanded PDF Content
[22m[39m[FilesContext] User authenticated: mock-user-sub
[90mstdout[2m | src/components/Editor3/components/FileManager2.stories.jsx[2m > [22m[2mExpanded PDF Content
[22m[39m[FilesContext] Identity ID: us-east-1:mock-identity-123
[90mstdout[2m | src/components/Editor3/components/FileManager2.stories.jsx[2m > [22m[2mExpanded PDF Content
[22m[39m[FilesContext] About to set up File observeQuery
[90mstdout[2m | src/components/Editor3/components/FileManager2.stories.jsx[2m > [22m[2mExpanded PDF Content
[22m[39m[ChatContext] Setting up AssistantChat observeQuery
[90mstdout[2m | src/components/Editor3/components/FileManager2.stories.jsx[2m > [22m[2mExpanded PDF Content
[22m[39m[ChatContext] Waiting for subscription to initialize
[90mstdout[2m | src/components/Editor3/components/FileManager2.stories.jsx[2m > [22m[2mExpanded PDF Content
[22m[39m[SettingsContext] Setting up Settings subscription for user: mock-user-sub
[90mstdout[2m | src/components/Editor3/components/FileManager2.stories.jsx[2m > [22m[2mExpanded PDF Content
[22m[39m[Mock Data] Settings created: mock-settings-1790416346535 - notified 0 subscribers
[90mstdout[2m | src/components/Editor3/components/FileManager2.stories.jsx[2m > [22m[2mExpanded PDF Content
[22m[39m[Mock Data] Unit.onUpdate() subscription added. Total: 1
[90mstdout[2m | src/components/Editor3/components/FileManager2.stories.jsx[2m > [22m[2mExpanded PDF Content
[22m[39m[SectionContext] Section observeQuery update: 0
[90mstdout[2m | src/components/Editor3/components/FileManager2.stories.jsx[2m > [22m[2mExpanded PDF Content
[22m[39m[FilesContext] File observeQuery update: 6 files
[90mstdout[2m | src/components/Editor3/components/FileManager2.stories.jsx[2m > [22m[2mExpanded PDF Content
[22m[39m[ChatContext] AssistantChat initialized with 0 chats
[90mstdout[2m | src/components/Editor3/components/FileManager2.stories.jsx[2m > [22m[2mExpanded PDF Content
[22m[39m[MOCK CourseVectorStore] Initialized with mock data
[90mstdout[2m | src/components/Editor3/components/FileManager2.stories.jsx[2m > [22m[2mExpanded PDF Content
[22m[39m[FileManager2] Files received from context: 6 [
  {
    "createdAt": "2026-09-26T07:52:26.479Z",
    "document": Promise {},
    "documentID": "mock-doc-japanese-photosynthesis",
    "id": "mock-file-pdf-1",
    "identityId": "us-east-1:mock-identity-123",
    "level": "PROTECTED",
    "mimeType": "application/pdf",
    "name": "japanese-lesson-photosynthesis.pdf",
    "owner": "mock-user-sub",
    "parsedContent": [Function anonymous],
    "path": "/story-mocks/cinematic-designed-sci-fi-whoosh-transition-nexawave-228295.mp3",
    "size": 1234567,
    "updatedAt": "2026-09-26T07:52:26.479Z",
  },
  {
    "createdAt": "2026-09-26T08:52:26.479Z",
    "document": Promise {},
    "documentID": "mock-doc-french-seasons",
    "id": "mock-file-pdf-2",
    "identityId": "us-east-1:mock-identity-123",
    "level": "PROTECTED",
    "mimeType": "application/pdf",
    "name": "french-seasons-vocabulary.pdf",
    "owner": "mock-user-sub",
    "parsedContent": [Function anonymous],
    "path": "/story-mocks/descent-whoosh-long-cinematic-sound-effect-405921.mp3",
    "size": 456789,
    "updatedAt": "2026-09-26T08:52:26.479Z",
  },
  {
    "createdAt": "2026-09-26T08:22:26.479Z",
    "id": "mock-file-image-1",
    "identityId": "us-east-1:mock-identity-123",
    "level": "PUBLIC",
    "metadata": "{"analysis":{"description":"A detailed biological diagram showing the internal structure of a plant cell, including organelles such as the nucleus, chloroplasts, mitochondria, and cell wall."}}",
    "mimeType": "image/jpeg",
    "name": "cell-diagram.jpg",
    "owner": "mock-user-sub",
    "parsedContent": [Function anonymous],
    "path": "/story-mocks/piano-10046998_1280.jpg",
    "size": 234567,
    "updatedAt": "2026-09-26T08:22:26.479Z",
  },
  {
    "createdAt": "2026-09-26T09:22:26.479Z",
    "id": "mock-file-image-2",
    "identityId": "us-east-1:mock-identity-123",
    "level": "PUBLIC",
    "metadata": "{"analysis":{"description":"An illustration depicting the four seasons with representative landscapes and weather patterns for spring, summer, autumn, and winter."}}",
    "mimeType": "image/png",
    "name": "seasons-illustration.png",
    "owner": "mock-user-sub",
    "parsedContent": [Function anonymous],
    "path": "/story-mocks/animals-10008941_1280.jpg",
    "size": 345678,
    "updatedAt": "2026-09-26T09:22:26.479Z",
  },
  {
    "createdAt": "2026-09-26T07:22:26.479Z",
    "duration": 12,
    "id": "mock-file-audio-1",
    "identityId": "us-east-1:mock-identity-123",
    "level": "PROTECTED",
    "metadata": "{"analysis":{"transcription":"Kougousei wa shokubutsu ga hikari enerugi wo riyou shite nisan katanso to mizu kara tou wo tsukuru purosesu desu.","description":"Audio pronunciation of Japanese photosynthesis vocabulary terms."}}",
    "mimeType": "audio/mpeg",
    "name": "photosynthesis-pronunciation.mp3",
    "owner": "mock-user-sub",
    "parsedContent": [Function anonymous],
    "path": "/story-mocks/cinematic-designed-sci-fi-whoosh-transition-nexawave-228295.mp3",
    "size": 123456,
    "updatedAt": "2026-09-26T07:22:26.479Z",
  },
  {
    "createdAt": "2026-09-26T09:07:26.479Z",
    "duration": 8,
    "id": "mock-file-audio-2",
    "identityId": "us-east-1:mock-identity-123",
    "level": "PROTECTED",
    "metadata": "{"analysis":{"transcription":"Le printemps, l'été, l'automne, l'hiver. Les quatre saisons de l'année.","description":"Audio pronunciation of French seasonal vocabulary."}}",
    "mimeType": "audio/mpeg",
    "name": "seasons-audio.mp3",
    "owner": "mock-user-sub",
    "parsedContent": [Function anonymous],
    "path": "/story-mocks/descent-whoosh-long-cinematic-sound-effect-405921.mp3",
    "size": 98765,
    "updatedAt": "2026-09-26T09:07:26.479Z",
  },
]
[90mstdout[2m | src/components/Editor3/components/FileManager2.stories.jsx[2m > [22m[2mExpanded PDF Content
[22m[39m[FilesContext] Vector store population triggered {
  "currentVectorStoreSize": 3,
  "documentsCount": 2,
  "filesCount": 6,
  "isInitialLoad": true,
}
[90mstdout[2m | src/components/Editor3/components/FileManager2.stories.jsx[2m > [22m[2mExpanded PDF Content
[22m[39m[FilesContext] Vector store population complete - 3 total embeddings
[90mstdout[2m | src/components/Editor3/components/FileManager2.stories.jsx[2m > [22m[2mExpanded PDF Content
[22m[39m[ChatContext] No current chat available, will create one
[90mstdout[2m | src/components/Editor3/components/FileManager2.stories.jsx[2m > [22m[2mExpanded PDF Content
[22m[39m[ChatContext] Creating AssistantChat with user: undefined
[90mstdout[2m | src/components/Editor3/components/FileManager2.stories.jsx[2m > [22m[2mExpanded PDF Content
[22m[39m[Mock Data] AssistantChat created: mock-assistantchat-1790416346567 - notified 1 subscribers
[90mstdout[2m | src/components/Editor3/components/FileManager2.stories.jsx[2m > [22m[2mExpanded PDF Content
[22m[39m[ChatContext] Create result: {
  "data": {
    "_version": 1,
    "archived": false,
    "chatFiles": [Function anonymous],
    "createdAt": "2026-09-26T09:52:26.567Z",
    "id": "mock-assistantchat-1790416346567",
    "model": "gpt-4",
    "updatedAt": "2026-09-26T09:52:26.567Z",
  },
  "errors": [],
  "hasData": true,
  "hasErrors": true,
}
[90mstdout[2m | src/components/Editor3/components/FileManager2.stories.jsx[2m > [22m[2mExpanded PDF Content
[22m[39m[ChatContext] Created AssistantChat: mock-assistantchat-1790416346567 at: 2026-09-26T09:52:26.567Z
[90mstdout[2m | src/components/Editor3/components/FileManager2.stories.jsx[2m > [22m[2mExpanded PDF Content
[22m[39m[Mock Storage] downloadData called with: undefined
[90mstdout[2m | src/components/Editor3/components/FileManager2.stories.jsx[2m > [22m[2mExpanded PDF Content
[22m[39m[ChatContext] Setting initial chat: mock-assistantchat-1790416346567
[90mstdout[2m | src/components/Editor3/components/FileManager2.stories.jsx[2m > [22m[2mExpanded PDF Content
[22m[39m[ChatContext] Chat exists and not archived, skipping creation
 [32m✓[39m [30m[45m storybook (chromium) [49m[39m src/components/Editor3/components/FileManager2.stories.jsx [2m([22m[2m4 tests[22m[2m)[22m[33m 1636[2mms[22m[39m
   [33m[2m✓[22m[39m Default [33m 608[2mms[22m[39m
   [33m[2m✓[22m[39m With Expanded Content [33m 355[2mms[22m[39m
   [33m[2m✓[22m[39m Empty State [33m 348[2mms[22m[39m
   [33m[2m✓[22m[39m Expanded PDF Content [33m 323[2mms[22m[39m
[90mstdout[2m | unknown test
[22m[39m[MOCK vectorStoreDB.js] Module loaded - mock IndexedDB operations
[90mstdout[2m | unknown test
[22m[39m[Task Completion] DOM action listeners initialized
[90mstdout[2m | unknown test
[22m[39m[Task Completion] Auto-completion detector initialized
[90mstdout[2m | unknown test
[22m[39m[Preview] Task completion detector initialized
[90mstdout[2m | src/stories/root-components.stories.tsx[2m > [22m[2mAuthFormSkeleton
[22m[39m[MOCK CourseVectorStore] Initialized with mock data
[90mstdout[2m | src/stories/root-components.stories.tsx[2m > [22m[2mAuthFormSkeleton
[22m[39m[TranslationModeController] Setting mode to: off
[90mstdout[2m | src/stories/root-components.stories.tsx[2m > [22m[2mAuthFormSkeleton
[22m[39m[UnitContext] useEffect triggered {
  "authLoading": false,
  "hasUser": true,
  "id": "mock-unit-id",
  "userSub": "mock-user-sub",
}
[90mstdout[2m | src/stories/root-components.stories.tsx[2m > [22m[2mAuthFormSkeleton
[22m[39m[UnitContext] Fetching unit data for id: mock-unit-id
[90mstdout[2m | src/stories/root-components.stories.tsx[2m > [22m[2mAuthFormSkeleton
[22m[39m[FilesContext] Initializing vector store from IndexedDB
[90mstdout[2m | src/stories/root-components.stories.tsx[2m > [22m[2mAuthFormSkeleton
[22m[39m[FilesContext] fetchFiles called
[90mstdout[2m | src/stories/root-components.stories.tsx[2m > [22m[2mAuthFormSkeleton
[22m[39m[FilesContext] User authenticated: mock-user-sub
[90mstdout[2m | src/stories/root-components.stories.tsx[2m > [22m[2mAuthFormSkeleton
[22m[39m[FilesContext] Identity ID: us-east-1:mock-identity-123
[90mstdout[2m | src/stories/root-components.stories.tsx[2m > [22m[2mAuthFormSkeleton
[22m[39m[FilesContext] About to set up File observeQuery
[90mstdout[2m | src/stories/root-components.stories.tsx[2m > [22m[2mAuthFormSkeleton
[22m[39m[ChatContext] Setting up AssistantChat observeQuery
[90mstdout[2m | src/stories/root-components.stories.tsx[2m > [22m[2mAuthFormSkeleton
[22m[39m[ChatContext] Waiting for subscription to initialize
[90mstdout[2m | src/stories/root-components.stories.tsx[2m > [22m[2mAuthFormSkeleton
[22m[39m[SettingsContext] Setting up Settings subscription for user: mock-user-sub
[90mstdout[2m | src/stories/root-components.stories.tsx[2m > [22m[2mAuthFormSkeleton
[22m[39m[Mock Data] Settings created: mock-settings-1790416347355 - notified 0 subscribers
[90mstdout[2m | src/stories/root-components.stories.tsx[2m > [22m[2mAuthFormSkeleton
[22m[39m[Mock Data] Unit.onUpdate() subscription added. Total: 1
[90mstdout[2m | src/stories/root-components.stories.tsx[2m > [22m[2mAuthFormSkeleton
[22m[39m[SectionContext] Section observeQuery update: 0
[90mstdout[2m | src/stories/root-components.stories.tsx[2m > [22m[2mAuthFormSkeleton
[22m[39m[FilesContext] File observeQuery update: 6 files
[90mstdout[2m | src/stories/root-components.stories.tsx[2m > [22m[2mAuthFormSkeleton
[22m[39m[ChatContext] AssistantChat initialized with 1 chats
[90mstdout[2m | src/stories/root-components.stories.tsx[2m > [22m[2mAuthFormSkeleton
[22m[39m[ChatContext] Setting initial chat: mock-assistant-chat-1
[90mstdout[2m | src/stories/root-components.stories.tsx[2m > [22m[2mAuthFormSkeleton
[22m[39m[Mock Storage] downloadData called with: undefined
[90mstdout[2m | src/stories/root-components.stories.tsx[2m > [22m[2mAuthFormSkeleton
[22m[39m[MOCK CourseVectorStore] Initialized with mock data
[90mstdout[2m | src/stories/root-components.stories.tsx[2m > [22m[2mAuthFormSkeleton
[22m[39m[FilesContext] Vector store population triggered {
  "currentVectorStoreSize": 3,
  "documentsCount": 0,
  "filesCount": 6,
  "isInitialLoad": true,
}
[90mstdout[2m | src/stories/root-components.stories.tsx[2m > [22m[2mAuthFormSkeleton
[22m[39m[FilesContext] Vector store population complete - 3 total embeddings
[90mstdout[2m | src/stories/root-components.stories.tsx[2m > [22m[2mAuthFormSkeleton
[22m[39m[ChatContext] Chat exists and not archived, skipping creation
[90mstdout[2m | src/stories/root-components.stories.tsx[2m > [22m[2mAppSkeleton
[22m[39m[ChatContext] Cleaning up subscriptions
[90mstdout[2m | src/stories/root-components.stories.tsx[2m > [22m[2mAppSkeleton
[22m[39m[Mock Data] Unit.onUpdate() subscription removed. Remaining: 0
[90mstdout[2m | src/stories/root-components.stories.tsx[2m > [22m[2mAppSkeleton
[22m[39m[MOCK CourseVectorStore] Initialized with mock data
[90mstdout[2m | src/stories/root-components.stories.tsx[2m > [22m[2mAppSkeleton
[22m[39m[TranslationModeController] Setting mode to: off
[90mstdout[2m | src/stories/root-components.stories.tsx[2m > [22m[2mAppSkeleton
[22m[39m[UnitContext] useEffect triggered {
  "authLoading": false,
  "hasUser": true,
  "id": "mock-unit-id",
  "userSub": "mock-user-sub",
}
[90mstdout[2m | src/stories/root-components.stories.tsx[2m > [22m[2mAppSkeleton
[22m[39m[UnitContext] Fetching unit data for id: mock-unit-id
[90mstdout[2m | src/stories/root-components.stories.tsx[2m > [22m[2mAppSkeleton
[22m[39m[FilesContext] Initializing vector store from IndexedDB
[90mstdout[2m | src/stories/root-components.stories.tsx[2m > [22m[2mAppSkeleton
[22m[39m[FilesContext] fetchFiles called
[90mstdout[2m | src/stories/root-components.stories.tsx[2m > [22m[2mAppSkeleton
[22m[39m[FilesContext] User authenticated: mock-user-sub
[90mstdout[2m | src/stories/root-components.stories.tsx[2m > [22m[2mAppSkeleton
[22m[39m[FilesContext] Identity ID: us-east-1:mock-identity-123
[90mstdout[2m | src/stories/root-components.stories.tsx[2m > [22m[2mAppSkeleton
[22m[39m[FilesContext] About to set up File observeQuery
[90mstdout[2m | src/stories/root-components.stories.tsx[2m > [22m[2mAppSkeleton
[22m[39m[ChatContext] Setting up AssistantChat observeQuery
[90mstdout[2m | src/stories/root-components.stories.tsx[2m > [22m[2mAppSkeleton
[22m[39m[ChatContext] Waiting for subscription to initialize
[90mstdout[2m | src/stories/root-components.stories.tsx[2m > [22m[2mAppSkeleton
[22m[39m[SettingsContext] Setting up Settings subscription for user: mock-user-sub
[90mstdout[2m | src/stories/root-components.stories.tsx[2m > [22m[2mAppSkeleton
[22m[39m[Mock Data] Settings created: mock-settings-1790416347473 - notified 0 subscribers
[90mstdout[2m | src/stories/root-components.stories.tsx[2m > [22m[2mAppSkeleton
[22m[39m[Mock Data] Unit.onUpdate() subscription added. Total: 1
[90mstdout[2m | src/stories/root-components.stories.tsx[2m > [22m[2mAppSkeleton
[22m[39m[SectionContext] Section observeQuery update: 0
[90mstdout[2m | src/stories/root-components.stories.tsx[2m > [22m[2mAppSkeleton
[22m[39m[FilesContext] File observeQuery update: 6 files
[90mstdout[2m | src/stories/root-components.stories.tsx[2m > [22m[2mAppSkeleton
[22m[39m[ChatContext] AssistantChat initialized with 1 chats
[90mstdout[2m | src/stories/root-components.stories.tsx[2m > [22m[2mAppSkeleton
[22m[39m[ChatContext] Setting initial chat: mock-assistant-chat-1
[90mstdout[2m | src/stories/root-components.stories.tsx[2m > [22m[2mAppSkeleton
[22m[39m[Mock Storage] downloadData called with: undefined
[90mstdout[2m | src/stories/root-components.stories.tsx[2m > [22m[2mAppSkeleton
[22m[39m[MOCK CourseVectorStore] Initialized with mock data
[90mstdout[2m | src/stories/root-components.stories.tsx[2m > [22m[2mAppSkeleton
[22m[39m[FilesContext] Vector store population triggered {
  "currentVectorStoreSize": 3,
  "documentsCount": 0,
  "filesCount": 6,
  "isInitialLoad": true,
}
[90mstdout[2m | src/stories/root-components.stories.tsx[2m > [22m[2mAppSkeleton
[22m[39m[FilesContext] Vector store population complete - 3 total embeddings
[90mstdout[2m | src/stories/root-components.stories.tsx[2m > [22m[2mAppSkeleton
[22m[39m[ChatContext] Chat exists and not archived, skipping creation
[90mstdout[2m | src/stories/root-components.stories.tsx[2m > [22m[2mBotAvatar / Default
[22m[39m[ChatContext] Cleaning up subscriptions
[90mstdout[2m | src/stories/root-components.stories.tsx[2m > [22m[2mBotAvatar / Default
[22m[39m[Mock Data] Unit.onUpdate() subscription removed. Remaining: 0
[90mstdout[2m | src/stories/root-components.stories.tsx[2m > [22m[2mBotAvatar / Default
[22m[39m[MOCK CourseVectorStore] Initialized with mock data
[90mstdout[2m | src/stories/root-components.stories.tsx[2m > [22m[2mBotAvatar / Default
[22m[39m[TranslationModeController] Setting mode to: off
[90mstdout[2m | src/stories/root-components.stories.tsx[2m > [22m[2mBotAvatar / Default
[22m[39m[UnitContext] useEffect triggered {
  "authLoading": false,
  "hasUser": true,
  "id": "mock-unit-id",
  "userSub": "mock-user-sub",
}
[90mstdout[2m | src/stories/root-components.stories.tsx[2m > [22m[2mBotAvatar / Default
[22m[39m[UnitContext] Fetching unit data for id: mock-unit-id
[90mstdout[2m | src/stories/root-components.stories.tsx[2m > [22m[2mBotAvatar / Default
[22m[39m[FilesContext] Initializing vector store from IndexedDB
[90mstdout[2m | src/stories/root-components.stories.tsx[2m > [22m[2mBotAvatar / Default
[22m[39m[FilesContext] fetchFiles called
[90mstdout[2m | src/stories/root-components.stories.tsx[2m > [22m[2mBotAvatar / Default
[22m[39m[FilesContext] User authenticated: mock-user-sub
[90mstdout[2m | src/stories/root-components.stories.tsx[2m > [22m[2mBotAvatar / Default
[22m[39m[FilesContext] Identity ID: us-east-1:mock-identity-123
[90mstdout[2m | src/stories/root-components.stories.tsx[2m > [22m[2mBotAvatar / Default
[22m[39m[FilesContext] About to set up File observeQuery
[90mstdout[2m | src/stories/root-components.stories.tsx[2m > [22m[2mBotAvatar / Default
[22m[39m[ChatContext] Setting up AssistantChat observeQuery
[90mstdout[2m | src/stories/root-components.stories.tsx[2m > [22m[2mBotAvatar / Default
[22m[39m[ChatContext] Waiting for subscription to initialize
[90mstdout[2m | src/stories/root-components.stories.tsx[2m > [22m[2mBotAvatar / Default
[22m[39m[SettingsContext] Setting up Settings subscription for user: mock-user-sub
[90mstdout[2m | src/stories/root-components.stories.tsx[2m > [22m[2mBotAvatar / Default
[22m[39m[Mock Data] Settings created: mock-settings-1790416347556 - notified 0 subscribers
[90mstdout[2m | src/stories/root-components.stories.tsx[2m > [22m[2mBotAvatar / Default
[22m[39m[Mock Data] Unit.onUpdate() subscription added. Total: 1
[90mstdout[2m | src/stories/root-components.stories.tsx[2m > [22m[2mBotAvatar / Default
[22m[39m[SectionContext] Section observeQuery update: 0
[90mstdout[2m | src/stories/root-components.stories.tsx[2m > [22m[2mBotAvatar / Default
[22m[39m[FilesContext] File observeQuery update: 6 files
[90mstdout[2m | src/stories/root-components.stories.tsx[2m > [22m[2mBotAvatar / Default
[22m[39m[ChatContext] AssistantChat initialized with 1 chats
[90mstdout[2m | src/stories/root-components.stories.tsx[2m > [22m[2mBotAvatar / Default
[22m[39m[ChatContext] Setting initial chat: mock-assistant-chat-1
[90mstdout[2m | src/stories/root-components.stories.tsx[2m > [22m[2mBotAvatar / Default
[22m[39m[Mock Storage] downloadData called with: undefined
[90mstdout[2m | src/stories/root-components.stories.tsx[2m > [22m[2mBotAvatar / Default
[22m[39m[MOCK CourseVectorStore] Initialized with mock data
[90mstdout[2m | src/stories/root-components.stories.tsx[2m > [22m[2mBotAvatar / Default
[22m[39m[FilesContext] Vector store population triggered {
  "currentVectorStoreSize": 3,
  "documentsCount": 0,
  "filesCount": 6,
  "isInitialLoad": true,
}
[90mstdout[2m | src/stories/root-components.stories.tsx[2m > [22m[2mBotAvatar / Default
[22m[39m[FilesContext] Vector store population complete - 3 total embeddings
[90mstdout[2m | src/stories/root-components.stories.tsx[2m > [22m[2mBotAvatar / Default
[22m[39m[ChatContext] Chat exists and not archived, skipping creation
[90mstdout[2m | src/stories/root-components.stories.tsx[2m > [22m[2mBotAvatar / Large
[22m[39m[ChatContext] Cleaning up subscriptions
[90mstdout[2m | src/stories/root-components.stories.tsx[2m > [22m[2mBotAvatar / Large
[22m[39m[Mock Data] Unit.onUpdate() subscription removed. Remaining: 0
[90mstdout[2m | src/stories/root-components.stories.tsx[2m > [22m[2mBotAvatar / Large
[22m[39m[MOCK CourseVectorStore] Initialized with mock data
[90mstdout[2m | src/stories/root-components.stories.tsx[2m > [22m[2mBotAvatar / Large
[22m[39m[TranslationModeController] Setting mode to: off
[90mstdout[2m | src/stories/root-components.stories.tsx[2m > [22m[2mBotAvatar / Large
[22m[39m[UnitContext] useEffect triggered {
  "authLoading": false,
  "hasUser": true,
  "id": "mock-unit-id",
  "userSub": "mock-user-sub",
}
[90mstdout[2m | src/stories/root-components.stories.tsx[2m > [22m[2mBotAvatar / Large
[22m[39m[UnitContext] Fetching unit data for id: mock-unit-id
[90mstdout[2m | src/stories/root-components.stories.tsx[2m > [22m[2mBotAvatar / Large
[22m[39m[FilesContext] Initializing vector store from IndexedDB
[90mstdout[2m | src/stories/root-components.stories.tsx[2m > [22m[2mBotAvatar / Large
[22m[39m[FilesContext] fetchFiles called
[90mstdout[2m | src/stories/root-components.stories.tsx[2m > [22m[2mBotAvatar / Large
[22m[39m[FilesContext] User authenticated: mock-user-sub
[90mstdout[2m | src/stories/root-components.stories.tsx[2m > [22m[2mBotAvatar / Large
[22m[39m[FilesContext] Identity ID: us-east-1:mock-identity-123
[90mstdout[2m | src/stories/root-components.stories.tsx[2m > [22m[2mBotAvatar / Large
[22m[39m[FilesContext] About to set up File observeQuery
[90mstdout[2m | src/stories/root-components.stories.tsx[2m > [22m[2mBotAvatar / Large
[22m[39m[ChatContext] Setting up AssistantChat observeQuery
[90mstdout[2m | src/stories/root-components.stories.tsx[2m > [22m[2mBotAvatar / Large
[22m[39m[ChatContext] Waiting for subscription to initialize
[90mstdout[2m | src/stories/root-components.stories.tsx[2m > [22m[2mBotAvatar / Large
[22m[39m[SettingsContext] Setting up Settings subscription for user: mock-user-sub
[90mstdout[2m | src/stories/root-components.stories.tsx[2m > [22m[2mBotAvatar / Large
[22m[39m[Mock Data] Settings created: mock-settings-1790416347655 - notified 0 subscribers
[90mstdout[2m | src/stories/root-components.stories.tsx[2m > [22m[2mBotAvatar / Large
[22m[39m[Mock Data] Unit.onUpdate() subscription added. Total: 1
[90mstdout[2m | src/stories/root-components.stories.tsx[2m > [22m[2mBotAvatar / Large
[22m[39m[SectionContext] Section observeQuery update: 0
[90mstdout[2m | src/stories/root-components.stories.tsx[2m > [22m[2mBotAvatar / Large
[22m[39m[FilesContext] File observeQuery update: 6 files
[90mstdout[2m | src/stories/root-components.stories.tsx[2m > [22m[2mBotAvatar / Large
[22m[39m[ChatContext] AssistantChat initialized with 1 chats
[90mstdout[2m | src/stories/root-components.stories.tsx[2m > [22m[2mBotAvatar / Large
[22m[39m[ChatContext] Setting initial chat: mock-assistant-chat-1
[90mstdout[2m | src/stories/root-components.stories.tsx[2m > [22m[2mBotAvatar / Large
[22m[39m[MOCK CourseVectorStore] Initialized with mock data
[90mstdout[2m | src/stories/root-components.stories.tsx[2m > [22m[2mBotAvatar / Large
[22m[39m[FilesContext] Vector store population triggered {
  "currentVectorStoreSize": 3,
  "documentsCount": 0,
  "filesCount": 6,
  "isInitialLoad": true,
}
[90mstdout[2m | src/stories/root-components.stories.tsx[2m > [22m[2mBotAvatar / Large
[22m[39m[FilesContext] Vector store population complete - 3 total embeddings
[90mstdout[2m | src/stories/root-components.stories.tsx[2m > [22m[2mBotAvatar / Large
[22m[39m[ChatContext] Chat exists and not archived, skipping creation
[90mstdout[2m | src/stories/root-components.stories.tsx[2m > [22m[2mBotAvatar / Large
[22m[39m[Mock Storage] downloadData called with: undefined
[90mstdout[2m | src/stories/root-components.stories.tsx[2m > [22m[2mBotCustomizer / Locked (Tier 0)
[22m[39m[ChatContext] Cleaning up subscriptions
[90mstdout[2m | src/stories/root-components.stories.tsx[2m > [22m[2mBotCustomizer / Locked (Tier 0)
[22m[39m[Mock Data] Unit.onUpdate() subscription removed. Remaining: 0
[90mstdout[2m | src/stories/root-components.stories.tsx[2m > [22m[2mBotCustomizer / Locked (Tier 0)
[22m[39m[MOCK CourseVectorStore] Initialized with mock data
[90mstdout[2m | src/stories/root-components.stories.tsx[2m > [22m[2mBotCustomizer / Locked (Tier 0)
[22m[39m[TranslationModeController] Setting mode to: off
[90mstdout[2m | src/stories/root-components.stories.tsx[2m > [22m[2mBotCustomizer / Locked (Tier 0)
[22m[39m[UnitContext] useEffect triggered {
  "authLoading": false,
  "hasUser": true,
  "id": "mock-unit-id",
  "userSub": "mock-user-sub",
}
[90mstdout[2m | src/stories/root-components.stories.tsx[2m > [22m[2mBotCustomizer / Locked (Tier 0)
[22m[39m[UnitContext] Fetching unit data for id: mock-unit-id
[90mstdout[2m | src/stories/root-components.stories.tsx[2m > [22m[2mBotCustomizer / Locked (Tier 0)
[22m[39m[FilesContext] Initializing vector store from IndexedDB
[90mstdout[2m | src/stories/root-components.stories.tsx[2m > [22m[2mBotCustomizer / Locked (Tier 0)
[22m[39m[FilesContext] fetchFiles called
[90mstdout[2m | src/stories/root-components.stories.tsx[2m > [22m[2mBotCustomizer / Locked (Tier 0)
[22m[39m[FilesContext] User authenticated: mock-user-sub
[90mstdout[2m | src/stories/root-components.stories.tsx[2m > [22m[2mBotCustomizer / Locked (Tier 0)
[22m[39m[FilesContext] Identity ID: us-east-1:mock-identity-123
[90mstdout[2m | src/stories/root-components.stories.tsx[2m > [22m[2mBotCustomizer / Locked (Tier 0)
[22m[39m[FilesContext] About to set up File observeQuery
[90mstdout[2m | src/stories/root-components.stories.tsx[2m > [22m[2mBotCustomizer / Locked (Tier 0)
[22m[39m[ChatContext] Setting up AssistantChat observeQuery
[90mstdout[2m | src/stories/root-components.stories.tsx[2m > [22m[2mBotCustomizer / Locked (Tier 0)
[22m[39m[ChatContext] Waiting for subscription to initialize
[90mstdout[2m | src/stories/root-components.stories.tsx[2m > [22m[2mBotCustomizer / Locked (Tier 0)
[22m[39m[SettingsContext] Setting up Settings subscription for user: mock-user-sub
[90mstdout[2m | src/stories/root-components.stories.tsx[2m > [22m[2mBotCustomizer / Locked (Tier 0)
[22m[39m[Mock Data] Settings created: mock-settings-1790416347752 - notified 0 subscribers
[90mstdout[2m | src/stories/root-components.stories.tsx[2m > [22m[2mBotCustomizer / Locked (Tier 0)
[22m[39m[Mock Data] Unit.onUpdate() subscription added. Total: 1
[90mstdout[2m | src/stories/root-components.stories.tsx[2m > [22m[2mBotCustomizer / Locked (Tier 0)
[22m[39m[SectionContext] Section observeQuery update: 0
[90mstdout[2m | src/stories/root-components.stories.tsx[2m > [22m[2mBotCustomizer / Locked (Tier 0)
[22m[39m[FilesContext] File observeQuery update: 6 files
[90mstdout[2m | src/stories/root-components.stories.tsx[2m > [22m[2mBotCustomizer / Locked (Tier 0)
[22m[39m[Mock Storage] downloadData called with: undefined
[90mstdout[2m | src/stories/root-components.stories.tsx[2m > [22m[2mBotCustomizer / Locked (Tier 0)
[22m[39m[ChatContext] AssistantChat initialized with 1 chats
[90mstdout[2m | src/stories/root-components.stories.tsx[2m > [22m[2mBotCustomizer / Locked (Tier 0)
[22m[39m[ChatContext] Setting initial chat: mock-assistant-chat-1
[90mstdout[2m | src/stories/root-components.stories.tsx[2m > [22m[2mBotCustomizer / Locked (Tier 0)
[22m[39m[MOCK CourseVectorStore] Initialized with mock data
[90mstdout[2m | src/stories/root-components.stories.tsx[2m > [22m[2mBotCustomizer / Locked (Tier 0)
[22m[39m[FilesContext] Vector store population triggered {
  "currentVectorStoreSize": 3,
  "documentsCount": 0,
  "filesCount": 6,
  "isInitialLoad": true,
}
[90mstdout[2m | src/stories/root-components.stories.tsx[2m > [22m[2mBotCustomizer / Locked (Tier 0)
[22m[39m[FilesContext] Vector store population complete - 3 total embeddings
[90mstdout[2m | src/stories/root-components.stories.tsx[2m > [22m[2mBotCustomizer / Locked (Tier 0)
[22m[39m[ChatContext] Chat exists and not archived, skipping creation
[90mstdout[2m | src/stories/root-components.stories.tsx[2m > [22m[2mBotCustomizer / Tier 2
[22m[39m[ChatContext] Cleaning up subscriptions
[90mstdout[2m | src/stories/root-components.stories.tsx[2m > [22m[2mBotCustomizer / Tier 2
[22m[39m[Mock Data] Unit.onUpdate() subscription removed. Remaining: 0
[90mstdout[2m | src/stories/root-components.stories.tsx[2m > [22m[2mBotCustomizer / Tier 2
[22m[39m[MOCK CourseVectorStore] Initialized with mock data
[90mstdout[2m | src/stories/root-components.stories.tsx[2m > [22m[2mBotCustomizer / Tier 2
[22m[39m[TranslationModeController] Setting mode to: off
[90mstdout[2m | src/stories/root-components.stories.tsx[2m > [22m[2mBotCustomizer / Tier 2
[22m[39m[UnitContext] useEffect triggered {
  "authLoading": false,
  "hasUser": true,
  "id": "mock-unit-id",
  "userSub": "mock-user-sub",
}
[90mstdout[2m | src/stories/root-components.stories.tsx[2m > [22m[2mBotCustomizer / Tier 2
[22m[39m[UnitContext] Fetching unit data for id: mock-unit-id
[90mstdout[2m | src/stories/root-components.stories.tsx[2m > [22m[2mBotCustomizer / Tier 2
[22m[39m[FilesContext] Initializing vector store from IndexedDB
[90mstdout[2m | src/stories/root-components.stories.tsx[2m > [22m[2mBotCustomizer / Tier 2
[22m[39m[FilesContext] fetchFiles called
[90mstdout[2m | src/stories/root-components.stories.tsx[2m > [22m[2mBotCustomizer / Tier 2
[22m[39m[FilesContext] User authenticated: mock-user-sub
[90mstdout[2m | src/stories/root-components.stories.tsx[2m > [22m[2mBotCustomizer / Tier 2
[22m[39m[FilesContext] Identity ID: us-east-1:mock-identity-123
[90mstdout[2m | src/stories/root-components.stories.tsx[2m > [22m[2mBotCustomizer / Tier 2
[22m[39m[FilesContext] About to set up File observeQuery
[90mstdout[2m | src/stories/root-components.stories.tsx[2m > [22m[2mBotCustomizer / Tier 2
[22m[39m[ChatContext] Setting up AssistantChat observeQuery
[90mstdout[2m | src/stories/root-components.stories.tsx[2m > [22m[2mBotCustomizer / Tier 2
[22m[39m[ChatContext] Waiting for subscription to initialize
[90mstdout[2m | src/stories/root-components.stories.tsx[2m > [22m[2mBotCustomizer / Tier 2
[22m[39m[SettingsContext] Setting up Settings subscription for user: mock-user-sub
[90mstdout[2m | src/stories/root-components.stories.tsx[2m > [22m[2mBotCustomizer / Tier 2
[22m[39m[Mock Data] Settings created: mock-settings-1790416347856 - notified 0 subscribers
[90mstdout[2m | src/stories/root-components.stories.tsx[2m > [22m[2mBotCustomizer / Tier 2
[22m[39m[Mock Data] Unit.onUpdate() subscription added. Total: 1
[90mstdout[2m | src/stories/root-components.stories.tsx[2m > [22m[2mBotCustomizer / Tier 2
[22m[39m[SectionContext] Section observeQuery update: 0
[90mstdout[2m | src/stories/root-components.stories.tsx[2m > [22m[2mBotCustomizer / Tier 2
[22m[39m[FilesContext] File observeQuery update: 6 files
[90mstdout[2m | src/stories/root-components.stories.tsx[2m > [22m[2mBotCustomizer / Tier 2
[22m[39m[ChatContext] AssistantChat initialized with 1 chats
[90mstdout[2m | src/stories/root-components.stories.tsx[2m > [22m[2mBotCustomizer / Tier 2
[22m[39m[ChatContext] Setting initial chat: mock-assistant-chat-1
[90mstdout[2m | src/stories/root-components.stories.tsx[2m > [22m[2mBotCustomizer / Tier 2
[22m[39m[MOCK CourseVectorStore] Initialized with mock data
[90mstdout[2m | src/stories/root-components.stories.tsx[2m > [22m[2mBotCustomizer / Tier 2
[22m[39m[FilesContext] Vector store population triggered {
  "currentVectorStoreSize": 3,
  "documentsCount": 0,
  "filesCount": 6,
  "isInitialLoad": true,
}
[90mstdout[2m | src/stories/root-components.stories.tsx[2m > [22m[2mBotCustomizer / Tier 2
[22m[39m[FilesContext] Vector store population complete - 3 total embeddings
[90mstdout[2m | src/stories/root-components.stories.tsx[2m > [22m[2mBotCustomizer / Tier 2
[22m[39m[ChatContext] Chat exists and not archived, skipping creation
[90mstdout[2m | src/stories/root-components.stories.tsx[2m > [22m[2mBotCustomizer / Tier 2
[22m[39m[Mock Storage] downloadData called with: undefined
[90mstdout[2m | src/stories/root-components.stories.tsx[2m > [22m[2mBotCustomizer / Full Unlock
[22m[39m[ChatContext] Cleaning up subscriptions
[90mstdout[2m | src/stories/root-components.stories.tsx[2m > [22m[2mBotCustomizer / Full Unlock
[22m[39m[Mock Data] Unit.onUpdate() subscription removed. Remaining: 0
[90mstdout[2m | src/stories/root-components.stories.tsx[2m > [22m[2mBotCustomizer / Full Unlock
[22m[39m[MOCK CourseVectorStore] Initialized with mock data
[90mstdout[2m | src/stories/root-components.stories.tsx[2m > [22m[2mBotCustomizer / Full Unlock
[22m[39m[TranslationModeController] Setting mode to: off
[90mstdout[2m | src/stories/root-components.stories.tsx[2m > [22m[2mBotCustomizer / Full Unlock
[22m[39m[UnitContext] useEffect triggered {
  "authLoading": false,
  "hasUser": true,
  "id": "mock-unit-id",
  "userSub": "mock-user-sub",
}
[90mstdout[2m | src/stories/root-components.stories.tsx[2m > [22m[2mBotCustomizer / Full Unlock
[22m[39m[UnitContext] Fetching unit data for id: mock-unit-id
[90mstdout[2m | src/stories/root-components.stories.tsx[2m > [22m[2mBotCustomizer / Full Unlock
[22m[39m[FilesContext] Initializing vector store from IndexedDB
[90mstdout[2m | src/stories/root-components.stories.tsx[2m > [22m[2mBotCustomizer / Full Unlock
[22m[39m[FilesContext] fetchFiles called
[90mstdout[2m | src/stories/root-components.stories.tsx[2m > [22m[2mBotCustomizer / Full Unlock
[22m[39m[FilesContext] User authenticated: mock-user-sub
[90mstdout[2m | src/stories/root-components.stories.tsx[2m > [22m[2mBotCustomizer / Full Unlock
[22m[39m[FilesContext] Identity ID: us-east-1:mock-identity-123
[90mstdout[2m | src/stories/root-components.stories.tsx[2m > [22m[2mBotCustomizer / Full Unlock
[22m[39m[FilesContext] About to set up File observeQuery
[90mstdout[2m | src/stories/root-components.stories.tsx[2m > [22m[2mBotCustomizer / Full Unlock
[22m[39m[ChatContext] Setting up AssistantChat observeQuery
[90mstdout[2m | src/stories/root-components.stories.tsx[2m > [22m[2mBotCustomizer / Full Unlock
[22m[39m[ChatContext] Waiting for subscription to initialize
[90mstdout[2m | src/stories/root-components.stories.tsx[2m > [22m[2mBotCustomizer / Full Unlock
[22m[39m[SettingsContext] Setting up Settings subscription for user: mock-user-sub
[90mstdout[2m | src/stories/root-components.stories.tsx[2m > [22m[2mBotCustomizer / Full Unlock
[22m[39m[Mock Data] Settings created: mock-settings-1790416347978 - notified 0 subscribers
[90mstdout[2m | src/stories/root-components.stories.tsx[2m > [22m[2mBotCustomizer / Full Unlock
[22m[39m[Mock Data] Unit.onUpdate() subscription added. Total: 1
[90mstdout[2m | src/stories/root-components.stories.tsx[2m > [22m[2mBotCustomizer / Full Unlock
[22m[39m[SectionContext] Section observeQuery update: 0
[90mstdout[2m | src/stories/root-components.stories.tsx[2m > [22m[2mBotCustomizer / Full Unlock
[22m[39m[FilesContext] File observeQuery update: 6 files
[90mstdout[2m | src/stories/root-components.stories.tsx[2m > [22m[2mBotCustomizer / Full Unlock
[22m[39m[ChatContext] AssistantChat initialized with 1 chats
[90mstdout[2m | src/stories/root-components.stories.tsx[2m > [22m[2mBotCustomizer / Full Unlock
[22m[39m[ChatContext] Setting initial chat: mock-assistant-chat-1
[90mstdout[2m | src/stories/root-components.stories.tsx[2m > [22m[2mBotCustomizer / Full Unlock
[22m[39m[MOCK CourseVectorStore] Initialized with mock data
[90mstdout[2m | src/stories/root-components.stories.tsx[2m > [22m[2mBotCustomizer / Full Unlock
[22m[39m[FilesContext] Vector store population triggered {
  "currentVectorStoreSize": 3,
  "documentsCount": 0,
  "filesCount": 6,
  "isInitialLoad": true,
}
[90mstdout[2m | src/stories/root-components.stories.tsx[2m > [22m[2mBotCustomizer / Full Unlock
[22m[39m[FilesContext] Vector store population complete - 3 total embeddings
[90mstdout[2m | src/stories/root-components.stories.tsx[2m > [22m[2mBotCustomizer / Full Unlock
[22m[39m[ChatContext] Chat exists and not archived, skipping creation
[90mstdout[2m | src/stories/root-components.stories.tsx[2m > [22m[2mBotCustomizer / Full Unlock
[22m[39m[Mock Storage] downloadData called with: undefined
[90mstdout[2m | src/stories/root-components.stories.tsx[2m > [22m[2mCommunityUnitCard
[22m[39m[ChatContext] Cleaning up subscriptions
[90mstdout[2m | src/stories/root-components.stories.tsx[2m > [22m[2mCommunityUnitCard
[22m[39m[Mock Data] Unit.onUpdate() subscription removed. Remaining: 0
[90mstdout[2m | src/stories/root-components.stories.tsx[2m > [22m[2mCommunityUnitCard
[22m[39m[MOCK CourseVectorStore] Initialized with mock data
[90mstdout[2m | src/stories/root-components.stories.tsx[2m > [22m[2mCommunityUnitCard
[22m[39m[TranslationModeController] Setting mode to: off
[90mstdout[2m | src/stories/root-components.stories.tsx[2m > [22m[2mCommunityUnitCard
[22m[39m[UnitContext] useEffect triggered {
  "authLoading": false,
  "hasUser": true,
  "id": "mock-unit-id",
  "userSub": "mock-user-sub",
}
[90mstdout[2m | src/stories/root-components.stories.tsx[2m > [22m[2mCommunityUnitCard
[22m[39m[UnitContext] Fetching unit data for id: mock-unit-id
[90mstdout[2m | src/stories/root-components.stories.tsx[2m > [22m[2mCommunityUnitCard
[22m[39m[FilesContext] Initializing vector store from IndexedDB
[90mstdout[2m | src/stories/root-components.stories.tsx[2m > [22m[2mCommunityUnitCard
[22m[39m[FilesContext] fetchFiles called
[90mstdout[2m | src/stories/root-components.stories.tsx[2m > [22m[2mCommunityUnitCard
[22m[39m[FilesContext] User authenticated: mock-user-sub
[90mstdout[2m | src/stories/root-components.stories.tsx[2m > [22m[2mCommunityUnitCard
[22m[39m[FilesContext] Identity ID: us-east-1:mock-identity-123
[90mstdout[2m | src/stories/root-components.stories.tsx[2m > [22m[2mCommunityUnitCard
[22m[39m[FilesContext] About to set up File observeQuery
[90mstdout[2m | src/stories/root-components.stories.tsx[2m > [22m[2mCommunityUnitCard
[22m[39m[ChatContext] Setting up AssistantChat observeQuery
[90mstdout[2m | src/stories/root-components.stories.tsx[2m > [22m[2mCommunityUnitCard
[22m[39m[ChatContext] Waiting for subscription to initialize
[90mstdout[2m | src/stories/root-components.stories.tsx[2m > [22m[2mCommunityUnitCard
[22m[39m[SettingsContext] Setting up Settings subscription for user: mock-user-sub
[90mstdout[2m | src/stories/root-components.stories.tsx[2m > [22m[2mCommunityUnitCard
[22m[39m[Mock Data] Settings created: mock-settings-1790416348091 - notified 0 subscribers
[90mstdout[2m | src/stories/root-components.stories.tsx[2m > [22m[2mCommunityUnitCard
[22m[39m[Mock Data] Unit.onUpdate() subscription added. Total: 1
[90mstdout[2m | src/stories/root-components.stories.tsx[2m > [22m[2mCommunityUnitCard
[22m[39m[SectionContext] Section observeQuery update: 0
[90mstdout[2m | src/stories/root-components.stories.tsx[2m > [22m[2mCommunityUnitCard
[22m[39m[FilesContext] File observeQuery update: 6 files
[90mstdout[2m | src/stories/root-components.stories.tsx[2m > [22m[2mCommunityUnitCard
[22m[39m[ChatContext] AssistantChat initialized with 1 chats
[90mstdout[2m | src/stories/root-components.stories.tsx[2m > [22m[2mCommunityUnitCard
[22m[39m[ChatContext] Setting initial chat: mock-assistant-chat-1
[90mstdout[2m | src/stories/root-components.stories.tsx[2m > [22m[2mCommunityUnitCard
[22m[39m[MOCK CourseVectorStore] Initialized with mock data
[90mstdout[2m | src/stories/root-components.stories.tsx[2m > [22m[2mCommunityUnitCard
[22m[39m[FilesContext] Vector store population triggered {
  "currentVectorStoreSize": 3,
  "documentsCount": 0,
  "filesCount": 6,
  "isInitialLoad": true,
}
[90mstdout[2m | src/stories/root-components.stories.tsx[2m > [22m[2mCommunityUnitCard
[22m[39m[FilesContext] Vector store population complete - 3 total embeddings
[90mstdout[2m | src/stories/root-components.stories.tsx[2m > [22m[2mCommunityUnitCard
[22m[39m[ChatContext] Chat exists and not archived, skipping creation
[90mstdout[2m | src/stories/root-components.stories.tsx[2m > [22m[2mCommunityUnitCard
[22m[39m[Mock Storage] downloadData called with: undefined
[90mstdout[2m | src/stories/root-components.stories.tsx[2m > [22m[2mCommunityUnitCard / Forking
[22m[39m[ChatContext] Cleaning up subscriptions
[90mstdout[2m | src/stories/root-components.stories.tsx[2m > [22m[2mCommunityUnitCard / Forking
[22m[39m[Mock Data] Unit.onUpdate() subscription removed. Remaining: 0
[90mstdout[2m | src/stories/root-components.stories.tsx[2m > [22m[2mCommunityUnitCard / Forking
[22m[39m[MOCK CourseVectorStore] Initialized with mock data
[90mstdout[2m | src/stories/root-components.stories.tsx[2m > [22m[2mCommunityUnitCard / Forking
[22m[39m[TranslationModeController] Setting mode to: off
[90mstdout[2m | src/stories/root-components.stories.tsx[2m > [22m[2mCommunityUnitCard / Forking
[22m[39m[UnitContext] useEffect triggered {
  "authLoading": false,
  "hasUser": true,
  "id": "mock-unit-id",
  "userSub": "mock-user-sub",
}
[90mstdout[2m | src/stories/root-components.stories.tsx[2m > [22m[2mCommunityUnitCard / Forking
[22m[39m[UnitContext] Fetching unit data for id: mock-unit-id
[90mstdout[2m | src/stories/root-components.stories.tsx[2m > [22m[2mCommunityUnitCard / Forking
[22m[39m[FilesContext] Initializing vector store from IndexedDB
[90mstdout[2m | src/stories/root-components.stories.tsx[2m > [22m[2mCommunityUnitCard / Forking
[22m[39m[FilesContext] fetchFiles called
[90mstdout[2m | src/stories/root-components.stories.tsx[2m > [22m[2mCommunityUnitCard / Forking
[22m[39m[FilesContext] User authenticated: mock-user-sub
[90mstdout[2m | src/stories/root-components.stories.tsx[2m > [22m[2mCommunityUnitCard / Forking
[22m[39m[FilesContext] Identity ID: us-east-1:mock-identity-123
[90mstdout[2m | src/stories/root-components.stories.tsx[2m > [22m[2mCommunityUnitCard / Forking
[22m[39m[FilesContext] About to set up File observeQuery
[90mstdout[2m | src/stories/root-components.stories.tsx[2m > [22m[2mCommunityUnitCard / Forking
[22m[39m[ChatContext] Setting up AssistantChat observeQuery
[90mstdout[2m | src/stories/root-components.stories.tsx[2m > [22m[2mCommunityUnitCard / Forking
[22m[39m[ChatContext] Waiting for subscription to initialize
[90mstdout[2m | src/stories/root-components.stories.tsx[2m > [22m[2mCommunityUnitCard / Forking
[22m[39m[SettingsContext] Setting up Settings subscription for user: mock-user-sub
[90mstdout[2m | src/stories/root-components.stories.tsx[2m > [22m[2mCommunityUnitCard / Forking
[22m[39m[Mock Data] Settings created: mock-settings-1790416348188 - notified 0 subscribers
[90mstdout[2m | src/stories/root-components.stories.tsx[2m > [22m[2mCommunityUnitCard / Forking
[22m[39m[Mock Data] Unit.onUpdate() subscription added. Total: 1
[90mstdout[2m | src/stories/root-components.stories.tsx[2m > [22m[2mCommunityUnitCard / Forking
[22m[39m[SectionContext] Section observeQuery update: 0
[90mstdout[2m | src/stories/root-components.stories.tsx[2m > [22m[2mCommunityUnitCard / Forking
[22m[39m[FilesContext] File observeQuery update: 6 files
[90mstdout[2m | src/stories/root-components.stories.tsx[2m > [22m[2mCommunityUnitCard / Forking
[22m[39m[ChatContext] AssistantChat initialized with 1 chats
[90mstdout[2m | src/stories/root-components.stories.tsx[2m > [22m[2mCommunityUnitCard / Forking
[22m[39m[ChatContext] Setting initial chat: mock-assistant-chat-1
[90mstdout[2m | src/stories/root-components.stories.tsx[2m > [22m[2mCommunityUnitCard / Forking
[22m[39m[Mock Storage] downloadData called with: undefined
[90mstdout[2m | src/stories/root-components.stories.tsx[2m > [22m[2mCommunityUnitCard / Forking
[22m[39m[MOCK CourseVectorStore] Initialized with mock data
[90mstdout[2m | src/stories/root-components.stories.tsx[2m > [22m[2mCommunityUnitCard / Forking
[22m[39m[FilesContext] Vector store population triggered {
  "currentVectorStoreSize": 3,
  "documentsCount": 0,
  "filesCount": 6,
  "isInitialLoad": true,
}
[90mstdout[2m | src/stories/root-components.stories.tsx[2m > [22m[2mCommunityUnitCard / Forking
[22m[39m[FilesContext] Vector store population complete - 3 total embeddings
[90mstdout[2m | src/stories/root-components.stories.tsx[2m > [22m[2mCommunityUnitCard / Forking
[22m[39m[ChatContext] Chat exists and not archived, skipping creation
[90mstdout[2m | src/stories/root-components.stories.tsx[2m > [22m[2mLazyCardMedia
[22m[39m[ChatContext] Cleaning up subscriptions
[90mstdout[2m | src/stories/root-components.stories.tsx[2m > [22m[2mLazyCardMedia
[22m[39m[Mock Data] Unit.onUpdate() subscription removed. Remaining: 0
[90mstdout[2m | src/stories/root-components.stories.tsx[2m > [22m[2mLazyCardMedia
[22m[39m[MOCK CourseVectorStore] Initialized with mock data
[90mstdout[2m | src/stories/root-components.stories.tsx[2m > [22m[2mLazyCardMedia
[22m[39m[TranslationModeController] Setting mode to: off
[90mstdout[2m | src/stories/root-components.stories.tsx[2m > [22m[2mLazyCardMedia
[22m[39m[UnitContext] useEffect triggered {
  "authLoading": false,
  "hasUser": true,
  "id": "mock-unit-id",
  "userSub": "mock-user-sub",
}
[90mstdout[2m | src/stories/root-components.stories.tsx[2m > [22m[2mLazyCardMedia
[22m[39m[UnitContext] Fetching unit data for id: mock-unit-id
[90mstdout[2m | src/stories/root-components.stories.tsx[2m > [22m[2mLazyCardMedia
[22m[39m[FilesContext] Initializing vector store from IndexedDB
[90mstdout[2m | src/stories/root-components.stories.tsx[2m > [22m[2mLazyCardMedia
[22m[39m[FilesContext] fetchFiles called
[90mstdout[2m | src/stories/root-components.stories.tsx[2m > [22m[2mLazyCardMedia
[22m[39m[FilesContext] User authenticated: mock-user-sub
[90mstdout[2m | src/stories/root-components.stories.tsx[2m > [22m[2mLazyCardMedia
[22m[39m[FilesContext] Identity ID: us-east-1:mock-identity-123
[90mstdout[2m | src/stories/root-components.stories.tsx[2m > [22m[2mLazyCardMedia
[22m[39m[FilesContext] About to set up File observeQuery
[90mstdout[2m | src/stories/root-components.stories.tsx[2m > [22m[2mLazyCardMedia
[22m[39m[ChatContext] Setting up AssistantChat observeQuery
[90mstdout[2m | src/stories/root-components.stories.tsx[2m > [22m[2mLazyCardMedia
[22m[39m[ChatContext] Waiting for subscription to initialize
[90mstdout[2m | src/stories/root-components.stories.tsx[2m > [22m[2mLazyCardMedia
[22m[39m[SettingsContext] Setting up Settings subscription for user: mock-user-sub
[90mstdout[2m | src/stories/root-components.stories.tsx[2m > [22m[2mLazyCardMedia
[22m[39m[Mock Data] Settings created: mock-settings-1790416348273 - notified 0 subscribers
[90mstdout[2m | src/stories/root-components.stories.tsx[2m > [22m[2mLazyCardMedia
[22m[39m[Mock Data] Unit.onUpdate() subscription added. Total: 1
[90mstdout[2m | src/stories/root-components.stories.tsx[2m > [22m[2mLazyCardMedia
[22m[39mMock Cache.getItem called with: getCachedUrl_public/images/sample-thumbnail.jpg
[90mstdout[2m | src/stories/root-components.stories.tsx[2m > [22m[2mLazyCardMedia
[22m[39mMock Cache.getItem called with: getCachedUrl_protected/us-east-1:identity-teacher-1/file-sample-1/small.webp
[90mstdout[2m | src/stories/root-components.stories.tsx[2m > [22m[2mLazyCardMedia
[22m[39mMock Cache.getItem called with: getCachedUrl_protected/us-east-1:identity-teacher-1/file-sample-1/medium.webp
[90mstdout[2m | src/stories/root-components.stories.tsx[2m > [22m[2mLazyCardMedia
[22m[39mMock Cache.getItem called with: getCachedUrl_protected/us-east-1:identity-teacher-1/file-sample-1/large.webp
[90mstdout[2m | src/stories/root-components.stories.tsx[2m > [22m[2mLazyCardMedia
[22m[39mMock getUrl called with: public/images/sample-thumbnail.jpg
[90mstdout[2m | src/stories/root-components.stories.tsx[2m > [22m[2mLazyCardMedia
[22m[39mMock getUrl called with: protected/us-east-1:identity-teacher-1/file-sample-1/small.webp
[90mstdout[2m | src/stories/root-components.stories.tsx[2m > [22m[2mLazyCardMedia
[22m[39mMock getUrl called with: protected/us-east-1:identity-teacher-1/file-sample-1/medium.webp
[90mstdout[2m | src/stories/root-components.stories.tsx[2m > [22m[2mLazyCardMedia
[22m[39mMock getUrl called with: protected/us-east-1:identity-teacher-1/file-sample-1/large.webp
[90mstdout[2m | src/stories/root-components.stories.tsx[2m > [22m[2mLazyCardMedia
[22m[39mMock Cache.setItem called with: getCachedUrl_public/images/sample-thumbnail.jpg public/images/sample-thumbnail.jpg
[90mstdout[2m | src/stories/root-components.stories.tsx[2m > [22m[2mLazyCardMedia
[22m[39mMock Cache.setItem called with: getCachedUrl_protected/us-east-1:identity-teacher-1/file-sample-1/small.webp protected/us-east-1:identity-teacher-1/file-sample-1/small.webp
[90mstdout[2m | src/stories/root-components.stories.tsx[2m > [22m[2mLazyCardMedia
[22m[39mMock Cache.setItem called with: getCachedUrl_protected/us-east-1:identity-teacher-1/file-sample-1/medium.webp protected/us-east-1:identity-teacher-1/file-sample-1/medium.webp
[90mstdout[2m | src/stories/root-components.stories.tsx[2m > [22m[2mLazyCardMedia
[22m[39mMock Cache.setItem called with: getCachedUrl_protected/us-east-1:identity-teacher-1/file-sample-1/large.webp protected/us-east-1:identity-teacher-1/file-sample-1/large.webp
[90mstdout[2m | src/stories/root-components.stories.tsx[2m > [22m[2mLazyCardMedia
[22m[39m[SectionContext] Section observeQuery update: 0
[90mstdout[2m | src/stories/root-components.stories.tsx[2m > [22m[2mLazyCardMedia
[22m[39m[Mock Storage] downloadData called with: undefined
[90mstdout[2m | src/stories/root-components.stories.tsx[2m > [22m[2mLazyCardMedia
[22m[39m[FilesContext] File observeQuery update: 6 files
[90mstdout[2m | src/stories/root-components.stories.tsx[2m > [22m[2mLazyCardMedia
[22m[39m[ChatContext] AssistantChat initialized with 1 chats
[90mstdout[2m | src/stories/root-components.stories.tsx[2m > [22m[2mLazyCardMedia
[22m[39m[ChatContext] Setting initial chat: mock-assistant-chat-1
[90mstdout[2m | src/stories/root-components.stories.tsx[2m > [22m[2mLazyCardMedia
[22m[39m[MOCK CourseVectorStore] Initialized with mock data
[90mstdout[2m | src/stories/root-components.stories.tsx[2m > [22m[2mLazyCardMedia
[22m[39m[FilesContext] Vector store population triggered {
  "currentVectorStoreSize": 3,
  "documentsCount": 0,
  "filesCount": 6,
  "isInitialLoad": true,
}
[90mstdout[2m | src/stories/root-components.stories.tsx[2m > [22m[2mLazyCardMedia
[22m[39m[FilesContext] Vector store population complete - 3 total embeddings
[90mstdout[2m | src/stories/root-components.stories.tsx[2m > [22m[2mLazyCardMedia
[22m[39m[ChatContext] Chat exists and not archived, skipping creation
[90mstdout[2m | src/stories/root-components.stories.tsx[2m > [22m[2mPrefetchButton
[22m[39m[ChatContext] Cleaning up subscriptions
[90mstdout[2m | src/stories/root-components.stories.tsx[2m > [22m[2mPrefetchButton
[22m[39m[Mock Data] Unit.onUpdate() subscription removed. Remaining: 0
[90mstdout[2m | src/stories/root-components.stories.tsx[2m > [22m[2mPrefetchButton
[22m[39m[MOCK CourseVectorStore] Initialized with mock data
[90mstdout[2m | src/stories/root-components.stories.tsx[2m > [22m[2mPrefetchButton
[22m[39m[TranslationModeController] Setting mode to: off
[90mstdout[2m | src/stories/root-components.stories.tsx[2m > [22m[2mPrefetchButton
[22m[39m[UnitContext] useEffect triggered {
  "authLoading": false,
  "hasUser": true,
  "id": "mock-unit-id",
  "userSub": "mock-user-sub",
}
[90mstdout[2m | src/stories/root-components.stories.tsx[2m > [22m[2mPrefetchButton
[22m[39m[UnitContext] Fetching unit data for id: mock-unit-id
[90mstdout[2m | src/stories/root-components.stories.tsx[2m > [22m[2mPrefetchButton
[22m[39m[FilesContext] Initializing vector store from IndexedDB
[90mstdout[2m | src/stories/root-components.stories.tsx[2m > [22m[2mPrefetchButton
[22m[39m[FilesContext] fetchFiles called
[90mstdout[2m | src/stories/root-components.stories.tsx[2m > [22m[2mPrefetchButton
[22m[39m[FilesContext] User authenticated: mock-user-sub
[90mstdout[2m | src/stories/root-components.stories.tsx[2m > [22m[2mPrefetchButton
[22m[39m[FilesContext] Identity ID: us-east-1:mock-identity-123
[90mstdout[2m | src/stories/root-components.stories.tsx[2m > [22m[2mPrefetchButton
[22m[39m[FilesContext] About to set up File observeQuery
[90mstdout[2m | src/stories/root-components.stories.tsx[2m > [22m[2mPrefetchButton
[22m[39m[ChatContext] Setting up AssistantChat observeQuery
[90mstdout[2m | src/stories/root-components.stories.tsx[2m > [22m[2mPrefetchButton
[22m[39m[ChatContext] Waiting for subscription to initialize
[90mstdout[2m | src/stories/root-components.stories.tsx[2m > [22m[2mPrefetchButton
[22m[39m[SettingsContext] Setting up Settings subscription for user: mock-user-sub
[90mstdout[2m | src/stories/root-components.stories.tsx[2m > [22m[2mPrefetchButton
[22m[39m[Mock Data] Settings created: mock-settings-1790416348349 - notified 0 subscribers
[90mstdout[2m | src/stories/root-components.stories.tsx[2m > [22m[2mPrefetchButton
[22m[39m[Mock Data] Unit.onUpdate() subscription added. Total: 1
[90mstdout[2m | src/stories/root-components.stories.tsx[2m > [22m[2mPrefetchButton
[22m[39m[SectionContext] Section observeQuery update: 0
[90mstdout[2m | src/stories/root-components.stories.tsx[2m > [22m[2mPrefetchButton
[22m[39m[Mock Storage] downloadData called with: undefined
[90mstdout[2m | src/stories/root-components.stories.tsx[2m > [22m[2mPrefetchButton
[22m[39m[FilesContext] File observeQuery update: 6 files
[90mstdout[2m | src/stories/root-components.stories.tsx[2m > [22m[2mPrefetchButton
[22m[39m[ChatContext] AssistantChat initialized with 1 chats
[90mstdout[2m | src/stories/root-components.stories.tsx[2m > [22m[2mPrefetchButton
[22m[39m[ChatContext] Setting initial chat: mock-assistant-chat-1
[90mstdout[2m | src/stories/root-components.stories.tsx[2m > [22m[2mPrefetchButton
[22m[39m[MOCK CourseVectorStore] Initialized with mock data
[90mstdout[2m | src/stories/root-components.stories.tsx[2m > [22m[2mPrefetchButton
[22m[39m[FilesContext] Vector store population triggered {
  "currentVectorStoreSize": 3,
  "documentsCount": 0,
  "filesCount": 6,
  "isInitialLoad": true,
}
[90mstdout[2m | src/stories/root-components.stories.tsx[2m > [22m[2mPrefetchButton
[22m[39m[FilesContext] Vector store population complete - 3 total embeddings
[90mstdout[2m | src/stories/root-components.stories.tsx[2m > [22m[2mPrefetchButton
[22m[39m[ChatContext] Chat exists and not archived, skipping creation
[90mstdout[2m | src/stories/root-components.stories.tsx[2m > [22m[2mPrefetchButton / Outlined
[22m[39m[ChatContext] Cleaning up subscriptions
[90mstdout[2m | src/stories/root-components.stories.tsx[2m > [22m[2mPrefetchButton / Outlined
[22m[39m[Mock Data] Unit.onUpdate() subscription removed. Remaining: 0
[90mstdout[2m | src/stories/root-components.stories.tsx[2m > [22m[2mPrefetchButton / Outlined
[22m[39m[MOCK CourseVectorStore] Initialized with mock data
[90mstdout[2m | src/stories/root-components.stories.tsx[2m > [22m[2mPrefetchButton / Outlined
[22m[39m[TranslationModeController] Setting mode to: off
[90mstdout[2m | src/stories/root-components.stories.tsx[2m > [22m[2mPrefetchButton / Outlined
[22m[39m[UnitContext] useEffect triggered {
  "authLoading": false,
  "hasUser": true,
  "id": "mock-unit-id",
  "userSub": "mock-user-sub",
}
[90mstdout[2m | src/stories/root-components.stories.tsx[2m > [22m[2mPrefetchButton / Outlined
[22m[39m[UnitContext] Fetching unit data for id: mock-unit-id
[90mstdout[2m | src/stories/root-components.stories.tsx[2m > [22m[2mPrefetchButton / Outlined
[22m[39m[FilesContext] Initializing vector store from IndexedDB
[90mstdout[2m | src/stories/root-components.stories.tsx[2m > [22m[2mPrefetchButton / Outlined
[22m[39m[FilesContext] fetchFiles called
[90mstdout[2m | src/stories/root-components.stories.tsx[2m > [22m[2mPrefetchButton / Outlined
[22m[39m[FilesContext] User authenticated: mock-user-sub
[90mstdout[2m | src/stories/root-components.stories.tsx[2m > [22m[2mPrefetchButton / Outlined
[22m[39m[FilesContext] Identity ID: us-east-1:mock-identity-123
[90mstdout[2m | src/stories/root-components.stories.tsx[2m > [22m[2mPrefetchButton / Outlined
[22m[39m[FilesContext] About to set up File observeQuery
[90mstdout[2m | src/stories/root-components.stories.tsx[2m > [22m[2mPrefetchButton / Outlined
[22m[39m[ChatContext] Setting up AssistantChat observeQuery
[90mstdout[2m | src/stories/root-components.stories.tsx[2m > [22m[2mPrefetchButton / Outlined
[22m[39m[ChatContext] Waiting for subscription to initialize
[90mstdout[2m | src/stories/root-components.stories.tsx[2m > [22m[2mPrefetchButton / Outlined
[22m[39m[SettingsContext] Setting up Settings subscription for user: mock-user-sub
[90mstdout[2m | src/stories/root-components.stories.tsx[2m > [22m[2mPrefetchButton / Outlined
[22m[39m[Mock Data] Settings created: mock-settings-1790416348432 - notified 0 subscribers
[90mstdout[2m | src/stories/root-components.stories.tsx[2m > [22m[2mPrefetchButton / Outlined
[22m[39m[Mock Data] Unit.onUpdate() subscription added. Total: 1
[90mstdout[2m | src/stories/root-components.stories.tsx[2m > [22m[2mPrefetchButton / Outlined
[22m[39m[SectionContext] Section observeQuery update: 0
[90mstdout[2m | src/stories/root-components.stories.tsx[2m > [22m[2mPrefetchButton / Outlined
[22m[39m[Mock Storage] downloadData called with: undefined
[90mstdout[2m | src/stories/root-components.stories.tsx[2m > [22m[2mPrefetchButton / Outlined
[22m[39m[FilesContext] File observeQuery update: 6 files
[90mstdout[2m | src/stories/root-components.stories.tsx[2m > [22m[2mPrefetchButton / Outlined
[22m[39m[MOCK CourseVectorStore] Initialized with mock data
[90mstdout[2m | src/stories/root-components.stories.tsx[2m > [22m[2mPrefetchButton / Outlined
[22m[39m[ChatContext] AssistantChat initialized with 1 chats
[90mstdout[2m | src/stories/root-components.stories.tsx[2m > [22m[2mPrefetchButton / Outlined
[22m[39m[ChatContext] Setting initial chat: mock-assistant-chat-1
[90mstdout[2m | src/stories/root-components.stories.tsx[2m > [22m[2mPrefetchButton / Outlined
[22m[39m[FilesContext] Vector store population triggered {
  "currentVectorStoreSize": 3,
  "documentsCount": 0,
  "filesCount": 6,
  "isInitialLoad": true,
}
[90mstdout[2m | src/stories/root-components.stories.tsx[2m > [22m[2mPrefetchButton / Outlined
[22m[39m[FilesContext] Vector store population complete - 3 total embeddings
[90mstdout[2m | src/stories/root-components.stories.tsx[2m > [22m[2mPrefetchButton / Outlined
[22m[39m[ChatContext] Chat exists and not archived, skipping creation
[90mstdout[2m | src/stories/root-components.stories.tsx[2m > [22m[2mSharedUnitCard / Edit Permission
[22m[39m[ChatContext] Cleaning up subscriptions
[90mstdout[2m | src/stories/root-components.stories.tsx[2m > [22m[2mSharedUnitCard / Edit Permission
[22m[39m[Mock Data] Unit.onUpdate() subscription removed. Remaining: 0
[90mstdout[2m | src/stories/root-components.stories.tsx[2m > [22m[2mSharedUnitCard / Edit Permission
[22m[39m[MOCK CourseVectorStore] Initialized with mock data
[90mstdout[2m | src/stories/root-components.stories.tsx[2m > [22m[2mSharedUnitCard / Edit Permission
[22m[39m[TranslationModeController] Setting mode to: off
[90mstdout[2m | src/stories/root-components.stories.tsx[2m > [22m[2mSharedUnitCard / Edit Permission
[22m[39m[UnitContext] useEffect triggered {
  "authLoading": false,
  "hasUser": true,
  "id": "mock-unit-id",
  "userSub": "mock-user-sub",
}
[90mstdout[2m | src/stories/root-components.stories.tsx[2m > [22m[2mSharedUnitCard / Edit Permission
[22m[39m[UnitContext] Fetching unit data for id: mock-unit-id
[90mstdout[2m | src/stories/root-components.stories.tsx[2m > [22m[2mSharedUnitCard / Edit Permission
[22m[39m[FilesContext] Initializing vector store from IndexedDB
[90mstdout[2m | src/stories/root-components.stories.tsx[2m > [22m[2mSharedUnitCard / Edit Permission
[22m[39m[FilesContext] fetchFiles called
[90mstdout[2m | src/stories/root-components.stories.tsx[2m > [22m[2mSharedUnitCard / Edit Permission
[22m[39m[FilesContext] User authenticated: mock-user-sub
[90mstdout[2m | src/stories/root-components.stories.tsx[2m > [22m[2mSharedUnitCard / Edit Permission
[22m[39m[FilesContext] Identity ID: us-east-1:mock-identity-123
[90mstdout[2m | src/stories/root-components.stories.tsx[2m > [22m[2mSharedUnitCard / Edit Permission
[22m[39m[FilesContext] About to set up File observeQuery
[90mstdout[2m | src/stories/root-components.stories.tsx[2m > [22m[2mSharedUnitCard / Edit Permission
[22m[39m[ChatContext] Setting up AssistantChat observeQuery
[90mstdout[2m | src/stories/root-components.stories.tsx[2m > [22m[2mSharedUnitCard / Edit Permission
[22m[39m[ChatContext] Waiting for subscription to initialize
[90mstdout[2m | src/stories/root-components.stories.tsx[2m > [22m[2mSharedUnitCard / Edit Permission
[22m[39m[SettingsContext] Setting up Settings subscription for user: mock-user-sub
[90mstdout[2m | src/stories/root-components.stories.tsx[2m > [22m[2mSharedUnitCard / Edit Permission
[22m[39m[Mock Data] Settings created: mock-settings-1790416348526 - notified 0 subscribers
[90mstdout[2m | src/stories/root-components.stories.tsx[2m > [22m[2mSharedUnitCard / Edit Permission
[22m[39m[Mock Data] Unit.onUpdate() subscription added. Total: 1
[90mstdout[2m | src/stories/root-components.stories.tsx[2m > [22m[2mSharedUnitCard / Edit Permission
[22m[39m[SectionContext] Section observeQuery update: 0
[90mstdout[2m | src/stories/root-components.stories.tsx[2m > [22m[2mSharedUnitCard / Edit Permission
[22m[39m[FilesContext] File observeQuery update: 6 files
[90mstdout[2m | src/stories/root-components.stories.tsx[2m > [22m[2mSharedUnitCard / Edit Permission
[22m[39m[MOCK CourseVectorStore] Initialized with mock data
[90mstdout[2m | src/stories/root-components.stories.tsx[2m > [22m[2mSharedUnitCard / Edit Permission
[22m[39m[FilesContext] Vector store population triggered {
  "currentVectorStoreSize": 3,
  "documentsCount": 0,
  "filesCount": 6,
  "isInitialLoad": true,
}
[90mstdout[2m | src/stories/root-components.stories.tsx[2m > [22m[2mSharedUnitCard / Edit Permission
[22m[39m[FilesContext] Vector store population complete - 3 total embeddings
[90mstdout[2m | src/stories/root-components.stories.tsx[2m > [22m[2mSharedUnitCard / Edit Permission
[22m[39m[ChatContext] AssistantChat initialized with 1 chats
[90mstdout[2m | src/stories/root-components.stories.tsx[2m > [22m[2mSharedUnitCard / Edit Permission
[22m[39m[ChatContext] Setting initial chat: mock-assistant-chat-1
[90mstdout[2m | src/stories/root-components.stories.tsx[2m > [22m[2mSharedUnitCard / Edit Permission
[22m[39m[Mock Storage] downloadData called with: undefined
[90mstdout[2m | src/stories/root-components.stories.tsx[2m > [22m[2mSharedUnitCard / Edit Permission
[22m[39m[ChatContext] Chat exists and not archived, skipping creation
[90mstdout[2m | src/stories/root-components.stories.tsx[2m > [22m[2mSharedUnitCard / Read-Only
[22m[39m[ChatContext] Cleaning up subscriptions
[90mstdout[2m | src/stories/root-components.stories.tsx[2m > [22m[2mSharedUnitCard / Read-Only
[22m[39m[Mock Data] Unit.onUpdate() subscription removed. Remaining: 0
[90mstdout[2m | src/stories/root-components.stories.tsx[2m > [22m[2mSharedUnitCard / Read-Only
[22m[39m[MOCK CourseVectorStore] Initialized with mock data
[90mstdout[2m | src/stories/root-components.stories.tsx[2m > [22m[2mSharedUnitCard / Read-Only
[22m[39m[TranslationModeController] Setting mode to: off
[90mstdout[2m | src/stories/root-components.stories.tsx[2m > [22m[2mSharedUnitCard / Read-Only
[22m[39m[UnitContext] useEffect triggered {
  "authLoading": false,
  "hasUser": true,
  "id": "mock-unit-id",
  "userSub": "mock-user-sub",
}
[90mstdout[2m | src/stories/root-components.stories.tsx[2m > [22m[2mSharedUnitCard / Read-Only
[22m[39m[UnitContext] Fetching unit data for id: mock-unit-id
[90mstdout[2m | src/stories/root-components.stories.tsx[2m > [22m[2mSharedUnitCard / Read-Only
[22m[39m[FilesContext] Initializing vector store from IndexedDB
[90mstdout[2m | src/stories/root-components.stories.tsx[2m > [22m[2mSharedUnitCard / Read-Only
[22m[39m[FilesContext] fetchFiles called
[90mstdout[2m | src/stories/root-components.stories.tsx[2m > [22m[2mSharedUnitCard / Read-Only
[22m[39m[FilesContext] User authenticated: mock-user-sub
[90mstdout[2m | src/stories/root-components.stories.tsx[2m > [22m[2mSharedUnitCard / Read-Only
[22m[39m[FilesContext] Identity ID: us-east-1:mock-identity-123
[90mstdout[2m | src/stories/root-components.stories.tsx[2m > [22m[2mSharedUnitCard / Read-Only
[22m[39m[FilesContext] About to set up File observeQuery
[90mstdout[2m | src/stories/root-components.stories.tsx[2m > [22m[2mSharedUnitCard / Read-Only
[22m[39m[ChatContext] Setting up AssistantChat observeQuery
[90mstdout[2m | src/stories/root-components.stories.tsx[2m > [22m[2mSharedUnitCard / Read-Only
[22m[39m[ChatContext] Waiting for subscription to initialize
[90mstdout[2m | src/stories/root-components.stories.tsx[2m > [22m[2mSharedUnitCard / Read-Only
[22m[39m[SettingsContext] Setting up Settings subscription for user: mock-user-sub
[90mstdout[2m | src/stories/root-components.stories.tsx[2m > [22m[2mSharedUnitCard / Read-Only
[22m[39m[Mock Data] Settings created: mock-settings-1790416348620 - notified 0 subscribers
[90mstdout[2m | src/stories/root-components.stories.tsx[2m > [22m[2mSharedUnitCard / Read-Only
[22m[39m[Mock Data] Unit.onUpdate() subscription added. Total: 1
[90mstdout[2m | src/stories/root-components.stories.tsx[2m > [22m[2mSharedUnitCard / Read-Only
[22m[39m[SectionContext] Section observeQuery update: 0
[90mstdout[2m | src/stories/root-components.stories.tsx[2m > [22m[2mSharedUnitCard / Read-Only
[22m[39m[FilesContext] File observeQuery update: 6 files
[90mstdout[2m | src/stories/root-components.stories.tsx[2m > [22m[2mSharedUnitCard / Read-Only
[22m[39m[ChatContext] AssistantChat initialized with 1 chats
[90mstdout[2m | src/stories/root-components.stories.tsx[2m > [22m[2mSharedUnitCard / Read-Only
[22m[39m[ChatContext] Setting initial chat: mock-assistant-chat-1
[90mstdout[2m | src/stories/root-components.stories.tsx[2m > [22m[2mSharedUnitCard / Read-Only
[22m[39m[MOCK CourseVectorStore] Initialized with mock data
[90mstdout[2m | src/stories/root-components.stories.tsx[2m > [22m[2mSharedUnitCard / Read-Only
[22m[39m[FilesContext] Vector store population triggered {
  "currentVectorStoreSize": 3,
  "documentsCount": 0,
  "filesCount": 6,
  "isInitialLoad": true,
}
[90mstdout[2m | src/stories/root-components.stories.tsx[2m > [22m[2mSharedUnitCard / Read-Only
[22m[39m[FilesContext] Vector store population complete - 3 total embeddings
[90mstdout[2m | src/stories/root-components.stories.tsx[2m > [22m[2mSharedUnitCard / Read-Only
[22m[39m[ChatContext] Chat exists and not archived, skipping creation
[90mstdout[2m | src/stories/root-components.stories.tsx[2m > [22m[2mSharedUnitCard / Read-Only
[22m[39m[Mock Storage] downloadData called with: undefined
[90mstdout[2m | src/stories/root-components.stories.tsx[2m > [22m[2mShowDeletedToggle / Off
[22m[39m[ChatContext] Cleaning up subscriptions
[90mstdout[2m | src/stories/root-components.stories.tsx[2m > [22m[2mShowDeletedToggle / Off
[22m[39m[Mock Data] Unit.onUpdate() subscription removed. Remaining: 0
[90mstdout[2m | src/stories/root-components.stories.tsx[2m > [22m[2mShowDeletedToggle / Off
[22m[39m[MOCK CourseVectorStore] Initialized with mock data
[90mstdout[2m | src/stories/root-components.stories.tsx[2m > [22m[2mShowDeletedToggle / Off
[22m[39m[TranslationModeController] Setting mode to: off
[90mstdout[2m | src/stories/root-components.stories.tsx[2m > [22m[2mShowDeletedToggle / Off
[22m[39m[UnitContext] useEffect triggered {
  "authLoading": false,
  "hasUser": true,
  "id": "mock-unit-id",
  "userSub": "mock-user-sub",
}
[90mstdout[2m | src/stories/root-components.stories.tsx[2m > [22m[2mShowDeletedToggle / Off
[22m[39m[UnitContext] Fetching unit data for id: mock-unit-id
[90mstdout[2m | src/stories/root-components.stories.tsx[2m > [22m[2mShowDeletedToggle / Off
[22m[39m[FilesContext] Initializing vector store from IndexedDB
[90mstdout[2m | src/stories/root-components.stories.tsx[2m > [22m[2mShowDeletedToggle / Off
[22m[39m[FilesContext] fetchFiles called
[90mstdout[2m | src/stories/root-components.stories.tsx[2m > [22m[2mShowDeletedToggle / Off
[22m[39m[FilesContext] User authenticated: mock-user-sub
[90mstdout[2m | src/stories/root-components.stories.tsx[2m > [22m[2mShowDeletedToggle / Off
[22m[39m[FilesContext] Identity ID: us-east-1:mock-identity-123
[90mstdout[2m | src/stories/root-components.stories.tsx[2m > [22m[2mShowDeletedToggle / Off
[22m[39m[FilesContext] About to set up File observeQuery
[90mstdout[2m | src/stories/root-components.stories.tsx[2m > [22m[2mShowDeletedToggle / Off
[22m[39m[ChatContext] Setting up AssistantChat observeQuery
[90mstdout[2m | src/stories/root-components.stories.tsx[2m > [22m[2mShowDeletedToggle / Off
[22m[39m[ChatContext] Waiting for subscription to initialize
[90mstdout[2m | src/stories/root-components.stories.tsx[2m > [22m[2mShowDeletedToggle / Off
[22m[39m[SettingsContext] Setting up Settings subscription for user: mock-user-sub
[90mstdout[2m | src/stories/root-components.stories.tsx[2m > [22m[2mShowDeletedToggle / Off
[22m[39m[Mock Data] Settings created: mock-settings-1790416348706 - notified 0 subscribers
[90mstdout[2m | src/stories/root-components.stories.tsx[2m > [22m[2mShowDeletedToggle / Off
[22m[39m[Mock Data] Unit.onUpdate() subscription added. Total: 1
[90mstdout[2m | src/stories/root-components.stories.tsx[2m > [22m[2mShowDeletedToggle / Off
[22m[39m[SectionContext] Section observeQuery update: 0
[90mstdout[2m | src/stories/root-components.stories.tsx[2m > [22m[2mShowDeletedToggle / Off
[22m[39m[FilesContext] File observeQuery update: 6 files
[90mstdout[2m | src/stories/root-components.stories.tsx[2m > [22m[2mShowDeletedToggle / Off
[22m[39m[ChatContext] AssistantChat initialized with 1 chats
[90mstdout[2m | src/stories/root-components.stories.tsx[2m > [22m[2mShowDeletedToggle / Off
[22m[39m[ChatContext] Setting initial chat: mock-assistant-chat-1
[90mstdout[2m | src/stories/root-components.stories.tsx[2m > [22m[2mShowDeletedToggle / Off
[22m[39m[MOCK CourseVectorStore] Initialized with mock data
[90mstdout[2m | src/stories/root-components.stories.tsx[2m > [22m[2mShowDeletedToggle / Off
[22m[39m[FilesContext] Vector store population triggered {
  "currentVectorStoreSize": 3,
  "documentsCount": 0,
  "filesCount": 6,
  "isInitialLoad": true,
}
[90mstdout[2m | src/stories/root-components.stories.tsx[2m > [22m[2mShowDeletedToggle / Off
[22m[39m[FilesContext] Vector store population complete - 3 total embeddings
[90mstdout[2m | src/stories/root-components.stories.tsx[2m > [22m[2mShowDeletedToggle / Off
[22m[39m[ChatContext] Chat exists and not archived, skipping creation
[90mstdout[2m | src/stories/root-components.stories.tsx[2m > [22m[2mShowDeletedToggle / Off
[22m[39m[Mock Storage] downloadData called with: undefined
[90mstdout[2m | src/stories/root-components.stories.tsx[2m > [22m[2mShowDeletedToggle / On
[22m[39m[ChatContext] Cleaning up subscriptions
[90mstdout[2m | src/stories/root-components.stories.tsx[2m > [22m[2mShowDeletedToggle / On
[22m[39m[Mock Data] Unit.onUpdate() subscription removed. Remaining: 0
[90mstdout[2m | src/stories/root-components.stories.tsx[2m > [22m[2mShowDeletedToggle / On
[22m[39m[MOCK CourseVectorStore] Initialized with mock data
[90mstdout[2m | src/stories/root-components.stories.tsx[2m > [22m[2mShowDeletedToggle / On
[22m[39m[TranslationModeController] Setting mode to: off
[90mstdout[2m | src/stories/root-components.stories.tsx[2m > [22m[2mShowDeletedToggle / On
[22m[39m[UnitContext] useEffect triggered {
  "authLoading": false,
  "hasUser": true,
  "id": "mock-unit-id",
  "userSub": "mock-user-sub",
}
[90mstdout[2m | src/stories/root-components.stories.tsx[2m > [22m[2mShowDeletedToggle / On
[22m[39m[UnitContext] Fetching unit data for id: mock-unit-id
[90mstdout[2m | src/stories/root-components.stories.tsx[2m > [22m[2mShowDeletedToggle / On
[22m[39m[FilesContext] Initializing vector store from IndexedDB
[90mstdout[2m | src/stories/root-components.stories.tsx[2m > [22m[2mShowDeletedToggle / On
[22m[39m[FilesContext] fetchFiles called
[90mstdout[2m | src/stories/root-components.stories.tsx[2m > [22m[2mShowDeletedToggle / On
[22m[39m[FilesContext] User authenticated: mock-user-sub
[90mstdout[2m | src/stories/root-components.stories.tsx[2m > [22m[2mShowDeletedToggle / On
[22m[39m[FilesContext] Identity ID: us-east-1:mock-identity-123
[90mstdout[2m | src/stories/root-components.stories.tsx[2m > [22m[2mShowDeletedToggle / On
[22m[39m[FilesContext] About to set up File observeQuery
[90mstdout[2m | src/stories/root-components.stories.tsx[2m > [22m[2mShowDeletedToggle / On
[22m[39m[ChatContext] Setting up AssistantChat observeQuery
[90mstdout[2m | src/stories/root-components.stories.tsx[2m > [22m[2mShowDeletedToggle / On
[22m[39m[ChatContext] Waiting for subscription to initialize
[90mstdout[2m | src/stories/root-components.stories.tsx[2m > [22m[2mShowDeletedToggle / On
[22m[39m[SettingsContext] Setting up Settings subscription for user: mock-user-sub
[90mstdout[2m | src/stories/root-components.stories.tsx[2m > [22m[2mShowDeletedToggle / On
[22m[39m[Mock Data] Settings created: mock-settings-1790416348782 - notified 0 subscribers
[90mstdout[2m | src/stories/root-components.stories.tsx[2m > [22m[2mShowDeletedToggle / On
[22m[39m[Mock Data] Unit.onUpdate() subscription added. Total: 1
[90mstdout[2m | src/stories/root-components.stories.tsx[2m > [22m[2mShowDeletedToggle / On
[22m[39m[SectionContext] Section observeQuery update: 0
[90mstdout[2m | src/stories/root-components.stories.tsx[2m > [22m[2mShowDeletedToggle / On
[22m[39m[FilesContext] File observeQuery update: 6 files
[90mstdout[2m | src/stories/root-components.stories.tsx[2m > [22m[2mShowDeletedToggle / On
[22m[39m[ChatContext] AssistantChat initialized with 1 chats
[90mstdout[2m | src/stories/root-components.stories.tsx[2m > [22m[2mShowDeletedToggle / On
[22m[39m[ChatContext] Setting initial chat: mock-assistant-chat-1
[90mstdout[2m | src/stories/root-components.stories.tsx[2m > [22m[2mShowDeletedToggle / On
[22m[39m[Mock Storage] downloadData called with: undefined
[90mstdout[2m | src/stories/root-components.stories.tsx[2m > [22m[2mShowDeletedToggle / On
[22m[39m[MOCK CourseVectorStore] Initialized with mock data
[90mstdout[2m | src/stories/root-components.stories.tsx[2m > [22m[2mShowDeletedToggle / On
[22m[39m[FilesContext] Vector store population triggered {
  "currentVectorStoreSize": 3,
  "documentsCount": 0,
  "filesCount": 6,
  "isInitialLoad": true,
}
[90mstdout[2m | src/stories/root-components.stories.tsx[2m > [22m[2mShowDeletedToggle / On
[22m[39m[FilesContext] Vector store population complete - 3 total embeddings
[90mstdout[2m | src/stories/root-components.stories.tsx[2m > [22m[2mShowDeletedToggle / On
[22m[39m[ChatContext] Chat exists and not archived, skipping creation
[90mstdout[2m | src/stories/root-components.stories.tsx[2m > [22m[2mToolbarScrollButton / Left
[22m[39m[ChatContext] Cleaning up subscriptions
[90mstdout[2m | src/stories/root-components.stories.tsx[2m > [22m[2mToolbarScrollButton / Left
[22m[39m[Mock Data] Unit.onUpdate() subscription removed. Remaining: 0
[90mstdout[2m | src/stories/root-components.stories.tsx[2m > [22m[2mToolbarScrollButton / Left
[22m[39m[MOCK CourseVectorStore] Initialized with mock data
[90mstdout[2m | src/stories/root-components.stories.tsx[2m > [22m[2mToolbarScrollButton / Left
[22m[39m[TranslationModeController] Setting mode to: off
[90mstdout[2m | src/stories/root-components.stories.tsx[2m > [22m[2mToolbarScrollButton / Left
[22m[39m[UnitContext] useEffect triggered {
  "authLoading": false,
  "hasUser": true,
  "id": "mock-unit-id",
  "userSub": "mock-user-sub",
}
[90mstdout[2m | src/stories/root-components.stories.tsx[2m > [22m[2mToolbarScrollButton / Left
[22m[39m[UnitContext] Fetching unit data for id: mock-unit-id
[90mstdout[2m | src/stories/root-components.stories.tsx[2m > [22m[2mToolbarScrollButton / Left
[22m[39m[FilesContext] Initializing vector store from IndexedDB
[90mstdout[2m | src/stories/root-components.stories.tsx[2m > [22m[2mToolbarScrollButton / Left
[22m[39m[FilesContext] fetchFiles called
[90mstdout[2m | src/stories/root-components.stories.tsx[2m > [22m[2mToolbarScrollButton / Left
[22m[39m[FilesContext] User authenticated: mock-user-sub
[90mstdout[2m | src/stories/root-components.stories.tsx[2m > [22m[2mToolbarScrollButton / Left
[22m[39m[FilesContext] Identity ID: us-east-1:mock-identity-123
[90mstdout[2m | src/stories/root-components.stories.tsx[2m > [22m[2mToolbarScrollButton / Left
[22m[39m[FilesContext] About to set up File observeQuery
[90mstdout[2m | src/stories/root-components.stories.tsx[2m > [22m[2mToolbarScrollButton / Left
[22m[39m[ChatContext] Setting up AssistantChat observeQuery
[90mstdout[2m | src/stories/root-components.stories.tsx[2m > [22m[2mToolbarScrollButton / Left
[22m[39m[ChatContext] Waiting for subscription to initialize
[90mstdout[2m | src/stories/root-components.stories.tsx[2m > [22m[2mToolbarScrollButton / Left
[22m[39m[SettingsContext] Setting up Settings subscription for user: mock-user-sub
[90mstdout[2m | src/stories/root-components.stories.tsx[2m > [22m[2mToolbarScrollButton / Left
[22m[39m[Mock Data] Settings created: mock-settings-1790416348864 - notified 0 subscribers
[90mstdout[2m | src/stories/root-components.stories.tsx[2m > [22m[2mToolbarScrollButton / Left
[22m[39m[Mock Data] Unit.onUpdate() subscription added. Total: 1
[90mstdout[2m | src/stories/root-components.stories.tsx[2m > [22m[2mToolbarScrollButton / Left
[22m[39m[SectionContext] Section observeQuery update: 0
[90mstdout[2m | src/stories/root-components.stories.tsx[2m > [22m[2mToolbarScrollButton / Left
[22m[39m[Mock Storage] downloadData called with: undefined
[90mstdout[2m | src/stories/root-components.stories.tsx[2m > [22m[2mToolbarScrollButton / Left
[22m[39m[FilesContext] File observeQuery update: 6 files
[90mstdout[2m | src/stories/root-components.stories.tsx[2m > [22m[2mToolbarScrollButton / Left
[22m[39m[ChatContext] AssistantChat initialized with 1 chats
[90mstdout[2m | src/stories/root-components.stories.tsx[2m > [22m[2mToolbarScrollButton / Left
[22m[39m[ChatContext] Setting initial chat: mock-assistant-chat-1
[90mstdout[2m | src/stories/root-components.stories.tsx[2m > [22m[2mToolbarScrollButton / Left
[22m[39m[MOCK CourseVectorStore] Initialized with mock data
[90mstdout[2m | src/stories/root-components.stories.tsx[2m > [22m[2mToolbarScrollButton / Left
[22m[39m[FilesContext] Vector store population triggered {
  "currentVectorStoreSize": 3,
  "documentsCount": 0,
  "filesCount": 6,
  "isInitialLoad": true,
}
[90mstdout[2m | src/stories/root-components.stories.tsx[2m > [22m[2mToolbarScrollButton / Left
[22m[39m[FilesContext] Vector store population complete - 3 total embeddings
[90mstdout[2m | src/stories/root-components.stories.tsx[2m > [22m[2mToolbarScrollButton / Left
[22m[39m[ChatContext] Chat exists and not archived, skipping creation
[90mstdout[2m | src/stories/root-components.stories.tsx[2m > [22m[2mToolbarScrollButton / Right
[22m[39m[ChatContext] Cleaning up subscriptions
[90mstdout[2m | src/stories/root-components.stories.tsx[2m > [22m[2mToolbarScrollButton / Right
[22m[39m[Mock Data] Unit.onUpdate() subscription removed. Remaining: 0
[90mstdout[2m | src/stories/root-components.stories.tsx[2m > [22m[2mToolbarScrollButton / Right
[22m[39m[MOCK CourseVectorStore] Initialized with mock data
[90mstdout[2m | src/stories/root-components.stories.tsx[2m > [22m[2mToolbarScrollButton / Right
[22m[39m[TranslationModeController] Setting mode to: off
[90mstdout[2m | src/stories/root-components.stories.tsx[2m > [22m[2mToolbarScrollButton / Right
[22m[39m[UnitContext] useEffect triggered {
  "authLoading": false,
  "hasUser": true,
  "id": "mock-unit-id",
  "userSub": "mock-user-sub",
}
[90mstdout[2m | src/stories/root-components.stories.tsx[2m > [22m[2mToolbarScrollButton / Right
[22m[39m[UnitContext] Fetching unit data for id: mock-unit-id
[90mstdout[2m | src/stories/root-components.stories.tsx[2m > [22m[2mToolbarScrollButton / Right
[22m[39m[FilesContext] Initializing vector store from IndexedDB
[90mstdout[2m | src/stories/root-components.stories.tsx[2m > [22m[2mToolbarScrollButton / Right
[22m[39m[FilesContext] fetchFiles called
[90mstdout[2m | src/stories/root-components.stories.tsx[2m > [22m[2mToolbarScrollButton / Right
[22m[39m[FilesContext] User authenticated: mock-user-sub
[90mstdout[2m | src/stories/root-components.stories.tsx[2m > [22m[2mToolbarScrollButton / Right
[22m[39m[FilesContext] Identity ID: us-east-1:mock-identity-123
[90mstdout[2m | src/stories/root-components.stories.tsx[2m > [22m[2mToolbarScrollButton / Right
[22m[39m[FilesContext] About to set up File observeQuery
[90mstdout[2m | src/stories/root-components.stories.tsx[2m > [22m[2mToolbarScrollButton / Right
[22m[39m[ChatContext] Setting up AssistantChat observeQuery
[90mstdout[2m | src/stories/root-components.stories.tsx[2m > [22m[2mToolbarScrollButton / Right
[22m[39m[ChatContext] Waiting for subscription to initialize
[90mstdout[2m | src/stories/root-components.stories.tsx[2m > [22m[2mToolbarScrollButton / Right
[22m[39m[SettingsContext] Setting up Settings subscription for user: mock-user-sub
[90mstdout[2m | src/stories/root-components.stories.tsx[2m > [22m[2mToolbarScrollButton / Right
[22m[39m[Mock Data] Settings created: mock-settings-1790416348947 - notified 0 subscribers
[90mstdout[2m | src/stories/root-components.stories.tsx[2m > [22m[2mToolbarScrollButton / Right
[22m[39m[Mock Data] Unit.onUpdate() subscription added. Total: 1
[90mstdout[2m | src/stories/root-components.stories.tsx[2m > [22m[2mToolbarScrollButton / Right
[22m[39m[SectionContext] Section observeQuery update: 0
[90mstdout[2m | src/stories/root-components.stories.tsx[2m > [22m[2mToolbarScrollButton / Right
[22m[39m[Mock Storage] downloadData called with: undefined
[90mstdout[2m | src/stories/root-components.stories.tsx[2m > [22m[2mToolbarScrollButton / Right
[22m[39m[FilesContext] File observeQuery update: 6 files
[90mstdout[2m | src/stories/root-components.stories.tsx[2m > [22m[2mToolbarScrollButton / Right
[22m[39m[ChatContext] AssistantChat initialized with 1 chats
[90mstdout[2m | src/stories/root-components.stories.tsx[2m > [22m[2mToolbarScrollButton / Right
[22m[39m[ChatContext] Setting initial chat: mock-assistant-chat-1
[90mstdout[2m | src/stories/root-components.stories.tsx[2m > [22m[2mToolbarScrollButton / Right
[22m[39m[MOCK CourseVectorStore] Initialized with mock data
[90mstdout[2m | src/stories/root-components.stories.tsx[2m > [22m[2mToolbarScrollButton / Right
[22m[39m[FilesContext] Vector store population triggered {
  "currentVectorStoreSize": 3,
  "documentsCount": 0,
  "filesCount": 6,
  "isInitialLoad": true,
}
[90mstdout[2m | src/stories/root-components.stories.tsx[2m > [22m[2mToolbarScrollButton / Right
[22m[39m[FilesContext] Vector store population complete - 3 total embeddings
[90mstdout[2m | src/stories/root-components.stories.tsx[2m > [22m[2mToolbarScrollButton / Right
[22m[39m[ChatContext] Chat exists and not archived, skipping creation
[90mstdout[2m | src/stories/root-components.stories.tsx[2m > [22m[2mToolbarScrollButton / Disabled
[22m[39m[ChatContext] Cleaning up subscriptions
[90mstdout[2m | src/stories/root-components.stories.tsx[2m > [22m[2mToolbarScrollButton / Disabled
[22m[39m[Mock Data] Unit.onUpdate() subscription removed. Remaining: 0
[90mstdout[2m | src/stories/root-components.stories.tsx[2m > [22m[2mToolbarScrollButton / Disabled
[22m[39m[MOCK CourseVectorStore] Initialized with mock data
[90mstdout[2m | src/stories/root-components.stories.tsx[2m > [22m[2mToolbarScrollButton / Disabled
[22m[39m[TranslationModeController] Setting mode to: off
[90mstdout[2m | src/stories/root-components.stories.tsx[2m > [22m[2mToolbarScrollButton / Disabled
[22m[39m[UnitContext] useEffect triggered {
  "authLoading": false,
  "hasUser": true,
  "id": "mock-unit-id",
  "userSub": "mock-user-sub",
}
[90mstdout[2m | src/stories/root-components.stories.tsx[2m > [22m[2mToolbarScrollButton / Disabled
[22m[39m[UnitContext] Fetching unit data for id: mock-unit-id
[90mstdout[2m | src/stories/root-components.stories.tsx[2m > [22m[2mToolbarScrollButton / Disabled
[22m[39m[FilesContext] Initializing vector store from IndexedDB
[90mstdout[2m | src/stories/root-components.stories.tsx[2m > [22m[2mToolbarScrollButton / Disabled
[22m[39m[FilesContext] fetchFiles called
[90mstdout[2m | src/stories/root-components.stories.tsx[2m > [22m[2mToolbarScrollButton / Disabled
[22m[39m[FilesContext] User authenticated: mock-user-sub
[90mstdout[2m | src/stories/root-components.stories.tsx[2m > [22m[2mToolbarScrollButton / Disabled
[22m[39m[FilesContext] Identity ID: us-east-1:mock-identity-123
[90mstdout[2m | src/stories/root-components.stories.tsx[2m > [22m[2mToolbarScrollButton / Disabled
[22m[39m[FilesContext] About to set up File observeQuery
[90mstdout[2m | src/stories/root-components.stories.tsx[2m > [22m[2mToolbarScrollButton / Disabled
[22m[39m[ChatContext] Setting up AssistantChat observeQuery
[90mstdout[2m | src/stories/root-components.stories.tsx[2m > [22m[2mToolbarScrollButton / Disabled
[22m[39m[ChatContext] Waiting for subscription to initialize
[90mstdout[2m | src/stories/root-components.stories.tsx[2m > [22m[2mToolbarScrollButton / Disabled
[22m[39m[SettingsContext] Setting up Settings subscription for user: mock-user-sub
[90mstdout[2m | src/stories/root-components.stories.tsx[2m > [22m[2mToolbarScrollButton / Disabled
[22m[39m[Mock Data] Settings created: mock-settings-1790416349016 - notified 0 subscribers
[90mstdout[2m | src/stories/root-components.stories.tsx[2m > [22m[2mToolbarScrollButton / Disabled
[22m[39m[Mock Data] Unit.onUpdate() subscription added. Total: 1
[90mstdout[2m | src/stories/root-components.stories.tsx[2m > [22m[2mToolbarScrollButton / Disabled
[22m[39m[SectionContext] Section observeQuery update: 0
[90mstdout[2m | src/stories/root-components.stories.tsx[2m > [22m[2mToolbarScrollButton / Disabled
[22m[39m[FilesContext] File observeQuery update: 6 files
[90mstdout[2m | src/stories/root-components.stories.tsx[2m > [22m[2mToolbarScrollButton / Disabled
[22m[39m[ChatContext] AssistantChat initialized with 1 chats
[90mstdout[2m | src/stories/root-components.stories.tsx[2m > [22m[2mToolbarScrollButton / Disabled
[22m[39m[ChatContext] Setting initial chat: mock-assistant-chat-1
[90mstdout[2m | src/stories/root-components.stories.tsx[2m > [22m[2mToolbarScrollButton / Disabled
[22m[39m[Mock Storage] downloadData called with: undefined
[90mstdout[2m | src/stories/root-components.stories.tsx[2m > [22m[2mToolbarScrollButton / Disabled
[22m[39m[MOCK CourseVectorStore] Initialized with mock data
[90mstdout[2m | src/stories/root-components.stories.tsx[2m > [22m[2mToolbarScrollButton / Disabled
[22m[39m[FilesContext] Vector store population triggered {
  "currentVectorStoreSize": 3,
  "documentsCount": 0,
  "filesCount": 6,
  "isInitialLoad": true,
}
[90mstdout[2m | src/stories/root-components.stories.tsx[2m > [22m[2mToolbarScrollButton / Disabled
[22m[39m[FilesContext] Vector store population complete - 3 total embeddings
[90mstdout[2m | src/stories/root-components.stories.tsx[2m > [22m[2mToolbarScrollButton / Disabled
[22m[39m[ChatContext] Chat exists and not archived, skipping creation
[90mstdout[2m | src/stories/root-components.stories.tsx
[22m[39m
════════════════════════════════════════════════════════════
[90mstdout[2m | src/stories/root-components.stories.tsx
[22m[39m  STORYBOOK AUDIT — 1 issue(s) in 19 stories
[90mstdout[2m | src/stories/root-components.stories.tsx
[22m[39m════════════════════════════════════════════════════════════
[90mstdout[2m | src/stories/root-components.stories.tsx
[22m[39m  NETWORK FAILURES / 404s (1 total):
[90mstdout[2m | src/stories/root-components.stories.tsx
[22m[39m    [1x] http://localhost:63315/public/images/sample-thumbnail.jpg: Resource load failed: img
[90mstdout[2m | src/stories/root-components.stories.tsx
[22m[39m
[90mstdout[2m | src/stories/root-components.stories.tsx
[22m[39m  STORIES WITH ISSUES:
[90mstdout[2m | src/stories/root-components.stories.tsx
[22m[39m    • LazyCardMedia (1 network)
[90mstdout[2m | src/stories/root-components.stories.tsx
[22m[39m
[90mstdout[2m | src/stories/root-components.stories.tsx
[22m[39m  VERDICT: ISSUES FOUND
[90mstdout[2m | src/stories/root-components.stories.tsx
[22m[39m════════════════════════════════════════════════════════════

 [32m✓[39m [30m[45m storybook (chromium) [49m[39m src/stories/root-components.stories.tsx [2m([22m[2m19 tests[22m[2m)[22m[33m 1751[2mms[22m[39m
[90mstdout[2m | unknown test
[22m[39m[MOCK vectorStoreDB.js] Module loaded - mock IndexedDB operations
[90mstdout[2m | unknown test
[22m[39m[Task Completion] DOM action listeners initialized
[90mstdout[2m | unknown test
[22m[39m[Task Completion] Auto-completion detector initialized
[90mstdout[2m | unknown test
[22m[39m[Preview] Task completion detector initialized
[90mstdout[2m | src/components/Editor3/plugins/YouTubePlugin.stories.jsx[2m > [22m[2mEditable Empty
[22m[39m[Preview] Skipped initializing default mock data (initializeMockData=false)
[90mstdout[2m | src/components/Editor3/plugins/YouTubePlugin.stories.jsx[2m > [22m[2mEditable Empty
[22m[39m[Mock Data] seedMockUnit: Adding unit youtube-plugin-story-unit
[90mstdout[2m | src/components/Editor3/plugins/YouTubePlugin.stories.jsx[2m > [22m[2mEditable Empty
[22m[39m[MOCK CourseVectorStore] Initialized with mock data
[90mstdout[2m | src/components/Editor3/plugins/YouTubePlugin.stories.jsx[2m > [22m[2mEditable Empty
[22m[39m[TranslationModeController] Setting mode to: off
[90mstdout[2m | src/components/Editor3/plugins/YouTubePlugin.stories.jsx[2m > [22m[2mEditable Empty
[22m[39m[UnitContext] useEffect triggered {
  "authLoading": false,
  "hasUser": true,
  "id": "youtube-plugin-story-unit",
  "userSub": "mock-user-sub",
}
[90mstdout[2m | src/components/Editor3/plugins/YouTubePlugin.stories.jsx[2m > [22m[2mEditable Empty
[22m[39m[UnitContext] Fetching unit data for id: youtube-plugin-story-unit
[90mstdout[2m | src/components/Editor3/plugins/YouTubePlugin.stories.jsx[2m > [22m[2mEditable Empty
[22m[39m[FilesContext] Initializing vector store from IndexedDB
[90mstdout[2m | src/components/Editor3/plugins/YouTubePlugin.stories.jsx[2m > [22m[2mEditable Empty
[22m[39m[FilesContext] fetchFiles called
[90mstdout[2m | src/components/Editor3/plugins/YouTubePlugin.stories.jsx[2m > [22m[2mEditable Empty
[22m[39m[FilesContext] User authenticated: mock-user-sub
[90mstdout[2m | src/components/Editor3/plugins/YouTubePlugin.stories.jsx[2m > [22m[2mEditable Empty
[22m[39m[FilesContext] Identity ID: us-east-1:mock-identity-123
[90mstdout[2m | src/components/Editor3/plugins/YouTubePlugin.stories.jsx[2m > [22m[2mEditable Empty
[22m[39m[FilesContext] About to set up File observeQuery
[90mstdout[2m | src/components/Editor3/plugins/YouTubePlugin.stories.jsx[2m > [22m[2mEditable Empty
[22m[39m[ChatContext] Setting up AssistantChat observeQuery
[90mstdout[2m | src/components/Editor3/plugins/YouTubePlugin.stories.jsx[2m > [22m[2mEditable Empty
[22m[39m[ChatContext] Waiting for subscription to initialize
[90mstdout[2m | src/components/Editor3/plugins/YouTubePlugin.stories.jsx[2m > [22m[2mEditable Empty
[22m[39m[SettingsContext] Setting up Settings subscription for user: mock-user-sub
[90mstdout[2m | src/components/Editor3/plugins/YouTubePlugin.stories.jsx[2m > [22m[2mEditable Empty
[22m[39m[Mock Data] Settings created: mock-settings-1790416349970 - notified 0 subscribers
[90mstdout[2m | src/components/Editor3/plugins/YouTubePlugin.stories.jsx[2m > [22m[2mEditable Empty
[22m[39m[Mock Data] Unit.onUpdate() subscription added. Total: 1
[90mstdout[2m | src/components/Editor3/plugins/YouTubePlugin.stories.jsx[2m > [22m[2mEditable Empty
[22m[39m[SectionContext] Section observeQuery update: 0
[90mstdout[2m | src/components/Editor3/plugins/YouTubePlugin.stories.jsx[2m > [22m[2mEditable Empty
[22m[39m[FilesContext] File observeQuery update: 0 files
[90mstdout[2m | src/components/Editor3/plugins/YouTubePlugin.stories.jsx[2m > [22m[2mEditable Empty
[22m[39m[ChatContext] AssistantChat initialized with 0 chats
[90mstdout[2m | src/components/Editor3/plugins/YouTubePlugin.stories.jsx[2m > [22m[2mEditable Empty
[22m[39m[Mock Storage] downloadData called with: undefined
[90mstdout[2m | src/components/Editor3/plugins/YouTubePlugin.stories.jsx[2m > [22m[2mEditable Empty
[22m[39m[MOCK CourseVectorStore] Initialized with mock data
[90mstdout[2m | src/components/Editor3/plugins/YouTubePlugin.stories.jsx[2m > [22m[2mEditable Empty
[22m[39m[ChatContext] No current chat available, will create one
[90mstdout[2m | src/components/Editor3/plugins/YouTubePlugin.stories.jsx[2m > [22m[2mEditable Empty
[22m[39m[ChatContext] Creating AssistantChat with user: undefined
[90mstdout[2m | src/components/Editor3/plugins/YouTubePlugin.stories.jsx[2m > [22m[2mEditable Empty
[22m[39m[Mock Data] AssistantChat created: mock-assistantchat-1790416349983 - notified 1 subscribers
[90mstdout[2m | src/components/Editor3/plugins/YouTubePlugin.stories.jsx[2m > [22m[2mEditable Empty
[22m[39m[ChatContext] Create result: {
  "data": {
    "_version": 1,
    "archived": false,
    "chatFiles": [Function anonymous],
    "createdAt": "2026-09-26T09:52:29.983Z",
    "id": "mock-assistantchat-1790416349983",
    "model": "gpt-4",
    "updatedAt": "2026-09-26T09:52:29.983Z",
  },
  "errors": [],
  "hasData": true,
  "hasErrors": true,
}
[90mstdout[2m | src/components/Editor3/plugins/YouTubePlugin.stories.jsx[2m > [22m[2mEditable Empty
[22m[39m[ChatContext] Created AssistantChat: mock-assistantchat-1790416349983 at: 2026-09-26T09:52:29.983Z
[90mstdout[2m | src/components/Editor3/plugins/YouTubePlugin.stories.jsx[2m > [22m[2mEditable Empty
[22m[39m[ChatContext] Setting initial chat: mock-assistantchat-1790416349983
[90mstdout[2m | src/components/Editor3/plugins/YouTubePlugin.stories.jsx[2m > [22m[2mEditable Empty
[22m[39m[ChatContext] Chat exists and not archived, skipping creation
[90mstdout[2m | src/components/Editor3/plugins/YouTubePlugin.stories.jsx[2m > [22m[2mEditable With Video
[22m[39m[ChatContext] Cleaning up subscriptions
[90mstdout[2m | src/components/Editor3/plugins/YouTubePlugin.stories.jsx[2m > [22m[2mEditable With Video
[22m[39m[Mock Data] Unit.onUpdate() subscription removed. Remaining: 0
[90mstdout[2m | src/components/Editor3/plugins/YouTubePlugin.stories.jsx[2m > [22m[2mEditable With Video
[22m[39m[Preview] Skipped initializing default mock data (initializeMockData=false)
[90mstdout[2m | src/components/Editor3/plugins/YouTubePlugin.stories.jsx[2m > [22m[2mEditable With Video
[22m[39m[Mock Data] seedMockUnit: Adding unit youtube-plugin-story-unit
[90mstdout[2m | src/components/Editor3/plugins/YouTubePlugin.stories.jsx[2m > [22m[2mEditable With Video
[22m[39m[MOCK CourseVectorStore] Initialized with mock data
[90mstdout[2m | src/components/Editor3/plugins/YouTubePlugin.stories.jsx[2m > [22m[2mEditable With Video
[22m[39m[TranslationModeController] Setting mode to: off
[90mstdout[2m | src/components/Editor3/plugins/YouTubePlugin.stories.jsx[2m > [22m[2mEditable With Video
[22m[39m[UnitContext] useEffect triggered {
  "authLoading": false,
  "hasUser": true,
  "id": "youtube-plugin-story-unit",
  "userSub": "mock-user-sub",
}
[90mstdout[2m | src/components/Editor3/plugins/YouTubePlugin.stories.jsx[2m > [22m[2mEditable With Video
[22m[39m[UnitContext] Fetching unit data for id: youtube-plugin-story-unit
[90mstdout[2m | src/components/Editor3/plugins/YouTubePlugin.stories.jsx[2m > [22m[2mEditable With Video
[22m[39m[FilesContext] Initializing vector store from IndexedDB
[90mstdout[2m | src/components/Editor3/plugins/YouTubePlugin.stories.jsx[2m > [22m[2mEditable With Video
[22m[39m[FilesContext] fetchFiles called
[90mstdout[2m | src/components/Editor3/plugins/YouTubePlugin.stories.jsx[2m > [22m[2mEditable With Video
[22m[39m[FilesContext] User authenticated: mock-user-sub
[90mstdout[2m | src/components/Editor3/plugins/YouTubePlugin.stories.jsx[2m > [22m[2mEditable With Video
[22m[39m[FilesContext] Identity ID: us-east-1:mock-identity-123
[90mstdout[2m | src/components/Editor3/plugins/YouTubePlugin.stories.jsx[2m > [22m[2mEditable With Video
[22m[39m[FilesContext] About to set up File observeQuery
[90mstdout[2m | src/components/Editor3/plugins/YouTubePlugin.stories.jsx[2m > [22m[2mEditable With Video
[22m[39m[ChatContext] Setting up AssistantChat observeQuery
[90mstdout[2m | src/components/Editor3/plugins/YouTubePlugin.stories.jsx[2m > [22m[2mEditable With Video
[22m[39m[ChatContext] Waiting for subscription to initialize
[90mstdout[2m | src/components/Editor3/plugins/YouTubePlugin.stories.jsx[2m > [22m[2mEditable With Video
[22m[39m[SettingsContext] Setting up Settings subscription for user: mock-user-sub
[90mstdout[2m | src/components/Editor3/plugins/YouTubePlugin.stories.jsx[2m > [22m[2mEditable With Video
[22m[39m[Mock Data] Settings created: mock-settings-1790416350153 - notified 0 subscribers
[90mstdout[2m | src/components/Editor3/plugins/YouTubePlugin.stories.jsx[2m > [22m[2mEditable With Video
[22m[39m[Mock Data] Unit.onUpdate() subscription added. Total: 1
[90mstdout[2m | src/components/Editor3/plugins/YouTubePlugin.stories.jsx[2m > [22m[2mEditable With Video
[22m[39m[SectionContext] Section observeQuery update: 0
[90mstdout[2m | src/components/Editor3/plugins/YouTubePlugin.stories.jsx[2m > [22m[2mEditable With Video
[22m[39m[FilesContext] File observeQuery update: 0 files
[90mstdout[2m | src/components/Editor3/plugins/YouTubePlugin.stories.jsx[2m > [22m[2mEditable With Video
[22m[39m[ChatContext] AssistantChat initialized with 0 chats
[90mstdout[2m | src/components/Editor3/plugins/YouTubePlugin.stories.jsx[2m > [22m[2mEditable With Video
[22m[39m[MOCK CourseVectorStore] Initialized with mock data
[90mstdout[2m | src/components/Editor3/plugins/YouTubePlugin.stories.jsx[2m > [22m[2mEditable With Video
[22m[39m[ChatContext] No current chat available, will create one
[90mstdout[2m | src/components/Editor3/plugins/YouTubePlugin.stories.jsx[2m > [22m[2mEditable With Video
[22m[39m[ChatContext] Creating AssistantChat with user: undefined
[90mstdout[2m | src/components/Editor3/plugins/YouTubePlugin.stories.jsx[2m > [22m[2mEditable With Video
[22m[39m[Mock Data] AssistantChat created: mock-assistantchat-1790416350168 - notified 1 subscribers
[90mstdout[2m | src/components/Editor3/plugins/YouTubePlugin.stories.jsx[2m > [22m[2mEditable With Video
[22m[39m[ChatContext] Create result: {
  "data": {
    "_version": 1,
    "archived": false,
    "chatFiles": [Function anonymous],
    "createdAt": "2026-09-26T09:52:30.168Z",
    "id": "mock-assistantchat-1790416350168",
    "model": "gpt-4",
    "updatedAt": "2026-09-26T09:52:30.168Z",
  },
  "errors": [],
  "hasData": true,
  "hasErrors": true,
}
[90mstdout[2m | src/components/Editor3/plugins/YouTubePlugin.stories.jsx[2m > [22m[2mEditable With Video
[22m[39m[ChatContext] Created AssistantChat: mock-assistantchat-1790416350168 at: 2026-09-26T09:52:30.168Z
[90mstdout[2m | src/components/Editor3/plugins/YouTubePlugin.stories.jsx[2m > [22m[2mEditable With Video
[22m[39m[Mock Storage] downloadData called with: undefined
[90mstdout[2m | src/components/Editor3/plugins/YouTubePlugin.stories.jsx[2m > [22m[2mEditable With Video
[22m[39m[ChatContext] Setting initial chat: mock-assistantchat-1790416350168
[90mstdout[2m | src/components/Editor3/plugins/YouTubePlugin.stories.jsx[2m > [22m[2mEditable With Video
[22m[39m[ChatContext] Chat exists and not archived, skipping creation
[90mstdout[2m | src/components/Editor3/plugins/YouTubePlugin.stories.jsx[2m > [22m[2mRead Only With Video
[22m[39m[ChatContext] Cleaning up subscriptions
[90mstdout[2m | src/components/Editor3/plugins/YouTubePlugin.stories.jsx[2m > [22m[2mRead Only With Video
[22m[39m[Mock Data] Unit.onUpdate() subscription removed. Remaining: 0
[90mstdout[2m | src/components/Editor3/plugins/YouTubePlugin.stories.jsx[2m > [22m[2mRead Only With Video
[22m[39m[Preview] Skipped initializing default mock data (initializeMockData=false)
[90mstdout[2m | src/components/Editor3/plugins/YouTubePlugin.stories.jsx[2m > [22m[2mRead Only With Video
[22m[39m[Mock Data] seedMockUnit: Adding unit youtube-plugin-story-unit
[90mstdout[2m | src/components/Editor3/plugins/YouTubePlugin.stories.jsx[2m > [22m[2mRead Only With Video
[22m[39m[MOCK CourseVectorStore] Initialized with mock data
[90mstdout[2m | src/components/Editor3/plugins/YouTubePlugin.stories.jsx[2m > [22m[2mRead Only With Video
[22m[39m[TranslationModeController] Setting mode to: off
[90mstdout[2m | src/components/Editor3/plugins/YouTubePlugin.stories.jsx[2m > [22m[2mRead Only With Video
[22m[39m[UnitContext] useEffect triggered {
  "authLoading": false,
  "hasUser": true,
  "id": "youtube-plugin-story-unit",
  "userSub": "mock-user-sub",
}
[90mstdout[2m | src/components/Editor3/plugins/YouTubePlugin.stories.jsx[2m > [22m[2mRead Only With Video
[22m[39m[UnitContext] Fetching unit data for id: youtube-plugin-story-unit
[90mstdout[2m | src/components/Editor3/plugins/YouTubePlugin.stories.jsx[2m > [22m[2mRead Only With Video
[22m[39m[FilesContext] Initializing vector store from IndexedDB
[90mstdout[2m | src/components/Editor3/plugins/YouTubePlugin.stories.jsx[2m > [22m[2mRead Only With Video
[22m[39m[FilesContext] fetchFiles called
[90mstdout[2m | src/components/Editor3/plugins/YouTubePlugin.stories.jsx[2m > [22m[2mRead Only With Video
[22m[39m[FilesContext] User authenticated: mock-user-sub
[90mstdout[2m | src/components/Editor3/plugins/YouTubePlugin.stories.jsx[2m > [22m[2mRead Only With Video
[22m[39m[FilesContext] Identity ID: us-east-1:mock-identity-123
[90mstdout[2m | src/components/Editor3/plugins/YouTubePlugin.stories.jsx[2m > [22m[2mRead Only With Video
[22m[39m[FilesContext] About to set up File observeQuery
[90mstdout[2m | src/components/Editor3/plugins/YouTubePlugin.stories.jsx[2m > [22m[2mRead Only With Video
[22m[39m[ChatContext] Setting up AssistantChat observeQuery
[90mstdout[2m | src/components/Editor3/plugins/YouTubePlugin.stories.jsx[2m > [22m[2mRead Only With Video
[22m[39m[ChatContext] Waiting for subscription to initialize
[90mstdout[2m | src/components/Editor3/plugins/YouTubePlugin.stories.jsx[2m > [22m[2mRead Only With Video
[22m[39m[SettingsContext] Setting up Settings subscription for user: mock-user-sub
[90mstdout[2m | src/components/Editor3/plugins/YouTubePlugin.stories.jsx[2m > [22m[2mRead Only With Video
[22m[39m[Mock Data] Settings created: mock-settings-1790416350776 - notified 0 subscribers
[90mstdout[2m | src/components/Editor3/plugins/YouTubePlugin.stories.jsx[2m > [22m[2mRead Only With Video
[22m[39m[Mock Data] Unit.onUpdate() subscription added. Total: 1
[90mstdout[2m | src/components/Editor3/plugins/YouTubePlugin.stories.jsx[2m > [22m[2mRead Only With Video
[22m[39m[SectionContext] Section observeQuery update: 0
[90mstdout[2m | src/components/Editor3/plugins/YouTubePlugin.stories.jsx[2m > [22m[2mRead Only With Video
[22m[39m[FilesContext] File observeQuery update: 0 files
[90mstdout[2m | src/components/Editor3/plugins/YouTubePlugin.stories.jsx[2m > [22m[2mRead Only With Video
[22m[39m[ChatContext] AssistantChat initialized with 0 chats
[90mstdout[2m | src/components/Editor3/plugins/YouTubePlugin.stories.jsx[2m > [22m[2mRead Only With Video
[22m[39m[MOCK CourseVectorStore] Initialized with mock data
[90mstdout[2m | src/components/Editor3/plugins/YouTubePlugin.stories.jsx[2m > [22m[2mRead Only With Video
[22m[39m[ChatContext] No current chat available, will create one
[90mstdout[2m | src/components/Editor3/plugins/YouTubePlugin.stories.jsx[2m > [22m[2mRead Only With Video
[22m[39m[ChatContext] Creating AssistantChat with user: undefined
[90mstdout[2m | src/components/Editor3/plugins/YouTubePlugin.stories.jsx[2m > [22m[2mRead Only With Video
[22m[39m[Mock Data] AssistantChat created: mock-assistantchat-1790416350787 - notified 1 subscribers
[90mstdout[2m | src/components/Editor3/plugins/YouTubePlugin.stories.jsx[2m > [22m[2mRead Only With Video
[22m[39m[ChatContext] Create result: {
  "data": {
    "_version": 1,
    "archived": false,
    "chatFiles": [Function anonymous],
    "createdAt": "2026-09-26T09:52:30.787Z",
    "id": "mock-assistantchat-1790416350787",
    "model": "gpt-4",
    "updatedAt": "2026-09-26T09:52:30.787Z",
  },
  "errors": [],
  "hasData": true,
  "hasErrors": true,
}
[90mstdout[2m | src/components/Editor3/plugins/YouTubePlugin.stories.jsx[2m > [22m[2mRead Only With Video
[22m[39m[ChatContext] Created AssistantChat: mock-assistantchat-1790416350787 at: 2026-09-26T09:52:30.787Z
[90mstdout[2m | src/components/Editor3/plugins/YouTubePlugin.stories.jsx[2m > [22m[2mRead Only With Video
[22m[39m[Mock Storage] downloadData called with: undefined
[90mstdout[2m | src/components/Editor3/plugins/YouTubePlugin.stories.jsx[2m > [22m[2mRead Only With Video
[22m[39m[ChatContext] Setting initial chat: mock-assistantchat-1790416350787
[90mstdout[2m | src/components/Editor3/plugins/YouTubePlugin.stories.jsx[2m > [22m[2mRead Only With Video
[22m[39m[ChatContext] Chat exists and not archived, skipping creation
 [32m✓[39m [30m[45m storybook (chromium) [49m[39m src/components/Editor3/plugins/YouTubePlugin.stories.jsx [2m([22m[2m3 tests[22m[2m)[22m[33m 1398[2mms[22m[39m
   [33m[2m✓[22m[39m Editable With Video [33m 606[2mms[22m[39m
   [33m[2m✓[22m[39m Read Only With Video [33m 613[2mms[22m[39m
[90mstdout[2m | unknown test
[22m[39m[MOCK vectorStoreDB.js] Module loaded - mock IndexedDB operations
[90mstdout[2m | unknown test
[22m[39m[Task Completion] DOM action listeners initialized
[90mstdout[2m | unknown test
[22m[39m[Task Completion] Auto-completion detector initialized
[90mstdout[2m | unknown test
[22m[39m[Preview] Task completion detector initialized
[90mstdout[2m | src/components/Editor3/components/MetadataEditor.stories.tsx[2m > [22m[2mDefault
[22m[39m[MOCK CourseVectorStore] Initialized with mock data
[90mstdout[2m | src/components/Editor3/components/MetadataEditor.stories.tsx[2m > [22m[2mDefault
[22m[39m[TranslationModeController] Setting mode to: off
[90mstdout[2m | src/components/Editor3/components/MetadataEditor.stories.tsx[2m > [22m[2mDefault
[22m[39m[UnitContext] useEffect triggered {
  "authLoading": false,
  "hasUser": true,
  "id": "mock-unit-id",
  "userSub": "mock-user-sub",
}
[90mstdout[2m | src/components/Editor3/components/MetadataEditor.stories.tsx[2m > [22m[2mDefault
[22m[39m[UnitContext] Fetching unit data for id: mock-unit-id
[90mstdout[2m | src/components/Editor3/components/MetadataEditor.stories.tsx[2m > [22m[2mDefault
[22m[39m[FilesContext] Initializing vector store from IndexedDB
[90mstdout[2m | src/components/Editor3/components/MetadataEditor.stories.tsx[2m > [22m[2mDefault
[22m[39m[FilesContext] fetchFiles called
[90mstdout[2m | src/components/Editor3/components/MetadataEditor.stories.tsx[2m > [22m[2mDefault
[22m[39m[FilesContext] User authenticated: mock-user-sub
[90mstdout[2m | src/components/Editor3/components/MetadataEditor.stories.tsx[2m > [22m[2mDefault
[22m[39m[FilesContext] Identity ID: us-east-1:mock-identity-123
[90mstdout[2m | src/components/Editor3/components/MetadataEditor.stories.tsx[2m > [22m[2mDefault
[22m[39m[FilesContext] About to set up File observeQuery
[90mstdout[2m | src/components/Editor3/components/MetadataEditor.stories.tsx[2m > [22m[2mDefault
[22m[39m[ChatContext] Setting up AssistantChat observeQuery
[90mstdout[2m | src/components/Editor3/components/MetadataEditor.stories.tsx[2m > [22m[2mDefault
[22m[39m[ChatContext] Waiting for subscription to initialize
[90mstdout[2m | src/components/Editor3/components/MetadataEditor.stories.tsx[2m > [22m[2mDefault
[22m[39m[SettingsContext] Setting up Settings subscription for user: mock-user-sub
[90mstdout[2m | src/components/Editor3/components/MetadataEditor.stories.tsx[2m > [22m[2mDefault
[22m[39m[Mock Data] Settings created: mock-settings-1790416355278 - notified 0 subscribers
[90mstdout[2m | src/components/Editor3/components/MetadataEditor.stories.tsx[2m > [22m[2mDefault
[22m[39m[Mock Data] Unit.onUpdate() subscription added. Total: 1
[90mstdout[2m | src/components/Editor3/components/MetadataEditor.stories.tsx[2m > [22m[2mDefault
[22m[39m[SectionContext] Section observeQuery update: 0
[90mstdout[2m | src/components/Editor3/components/MetadataEditor.stories.tsx[2m > [22m[2mDefault
[22m[39m[FilesContext] File observeQuery update: 6 files
[90mstdout[2m | src/components/Editor3/components/MetadataEditor.stories.tsx[2m > [22m[2mDefault
[22m[39m[ChatContext] AssistantChat initialized with 1 chats
[90mstdout[2m | src/components/Editor3/components/MetadataEditor.stories.tsx[2m > [22m[2mDefault
[22m[39m[ChatContext] Setting initial chat: mock-assistant-chat-1
[90mstdout[2m | src/components/Editor3/components/MetadataEditor.stories.tsx[2m > [22m[2mDefault
[22m[39m[MOCK CourseVectorStore] Initialized with mock data
[90mstdout[2m | src/components/Editor3/components/MetadataEditor.stories.tsx[2m > [22m[2mDefault
[22m[39m[FilesContext] Vector store population triggered {
  "currentVectorStoreSize": 3,
  "documentsCount": 0,
  "filesCount": 6,
  "isInitialLoad": true,
}
[90mstdout[2m | src/components/Editor3/components/MetadataEditor.stories.tsx[2m > [22m[2mDefault
[22m[39m[FilesContext] Vector store population complete - 3 total embeddings
[90mstdout[2m | src/components/Editor3/components/MetadataEditor.stories.tsx[2m > [22m[2mDefault
[22m[39m[ChatContext] Chat exists and not archived, skipping creation
[90mstdout[2m | src/components/Editor3/components/MetadataEditor.stories.tsx[2m > [22m[2mDefault
[22m[39m[Mock Storage] downloadData called with: undefined
[90mstdout[2m | src/components/Editor3/components/MetadataEditor.stories.tsx[2m > [22m[2mQuick Auto Save
[22m[39m[ChatContext] Cleaning up subscriptions
[90mstdout[2m | src/components/Editor3/components/MetadataEditor.stories.tsx[2m > [22m[2mQuick Auto Save
[22m[39m[Mock Data] Unit.onUpdate() subscription removed. Remaining: 0
[90mstdout[2m | src/components/Editor3/components/MetadataEditor.stories.tsx[2m > [22m[2mQuick Auto Save
[22m[39m[MOCK CourseVectorStore] Initialized with mock data
[90mstdout[2m | src/components/Editor3/components/MetadataEditor.stories.tsx[2m > [22m[2mQuick Auto Save
[22m[39m[TranslationModeController] Setting mode to: off
[90mstdout[2m | src/components/Editor3/components/MetadataEditor.stories.tsx[2m > [22m[2mQuick Auto Save
[22m[39m[UnitContext] useEffect triggered {
  "authLoading": false,
  "hasUser": true,
  "id": "mock-unit-id",
  "userSub": "mock-user-sub",
}
[90mstdout[2m | src/components/Editor3/components/MetadataEditor.stories.tsx[2m > [22m[2mQuick Auto Save
[22m[39m[UnitContext] Fetching unit data for id: mock-unit-id
[90mstdout[2m | src/components/Editor3/components/MetadataEditor.stories.tsx[2m > [22m[2mQuick Auto Save
[22m[39m[FilesContext] Initializing vector store from IndexedDB
[90mstdout[2m | src/components/Editor3/components/MetadataEditor.stories.tsx[2m > [22m[2mQuick Auto Save
[22m[39m[FilesContext] fetchFiles called
[90mstdout[2m | src/components/Editor3/components/MetadataEditor.stories.tsx[2m > [22m[2mQuick Auto Save
[22m[39m[FilesContext] User authenticated: mock-user-sub
[90mstdout[2m | src/components/Editor3/components/MetadataEditor.stories.tsx[2m > [22m[2mQuick Auto Save
[22m[39m[FilesContext] Identity ID: us-east-1:mock-identity-123
[90mstdout[2m | src/components/Editor3/components/MetadataEditor.stories.tsx[2m > [22m[2mQuick Auto Save
[22m[39m[FilesContext] About to set up File observeQuery
[90mstdout[2m | src/components/Editor3/components/MetadataEditor.stories.tsx[2m > [22m[2mQuick Auto Save
[22m[39m[ChatContext] Setting up AssistantChat observeQuery
[90mstdout[2m | src/components/Editor3/components/MetadataEditor.stories.tsx[2m > [22m[2mQuick Auto Save
[22m[39m[ChatContext] Waiting for subscription to initialize
[90mstdout[2m | src/components/Editor3/components/MetadataEditor.stories.tsx[2m > [22m[2mQuick Auto Save
[22m[39m[SettingsContext] Setting up Settings subscription for user: mock-user-sub
[90mstdout[2m | src/components/Editor3/components/MetadataEditor.stories.tsx[2m > [22m[2mQuick Auto Save
[22m[39m[Mock Data] Settings created: mock-settings-1790416355509 - notified 0 subscribers
[90mstdout[2m | src/components/Editor3/components/MetadataEditor.stories.tsx[2m > [22m[2mQuick Auto Save
[22m[39m[Mock Data] Unit.onUpdate() subscription added. Total: 1
[90mstdout[2m | src/components/Editor3/components/MetadataEditor.stories.tsx[2m > [22m[2mQuick Auto Save
[22m[39m[SectionContext] Section observeQuery update: 0
[90mstdout[2m | src/components/Editor3/components/MetadataEditor.stories.tsx[2m > [22m[2mQuick Auto Save
[22m[39m[FilesContext] File observeQuery update: 6 files
[90mstdout[2m | src/components/Editor3/components/MetadataEditor.stories.tsx[2m > [22m[2mQuick Auto Save
[22m[39m[ChatContext] AssistantChat initialized with 1 chats
[90mstdout[2m | src/components/Editor3/components/MetadataEditor.stories.tsx[2m > [22m[2mQuick Auto Save
[22m[39m[ChatContext] Setting initial chat: mock-assistant-chat-1
[90mstdout[2m | src/components/Editor3/components/MetadataEditor.stories.tsx[2m > [22m[2mQuick Auto Save
[22m[39m[MOCK CourseVectorStore] Initialized with mock data
[90mstdout[2m | src/components/Editor3/components/MetadataEditor.stories.tsx[2m > [22m[2mQuick Auto Save
[22m[39m[FilesContext] Vector store population triggered {
  "currentVectorStoreSize": 3,
  "documentsCount": 0,
  "filesCount": 6,
  "isInitialLoad": true,
}
[90mstdout[2m | src/components/Editor3/components/MetadataEditor.stories.tsx[2m > [22m[2mQuick Auto Save
[22m[39m[FilesContext] Vector store population complete - 3 total embeddings
[90mstdout[2m | src/components/Editor3/components/MetadataEditor.stories.tsx[2m > [22m[2mQuick Auto Save
[22m[39m[ChatContext] Chat exists and not archived, skipping creation
[90mstdout[2m | src/components/Editor3/components/MetadataEditor.stories.tsx[2m > [22m[2mQuick Auto Save
[22m[39m[Mock Storage] downloadData called with: undefined
[90mstdout[2m | src/components/Editor3/components/MetadataEditor.stories.tsx[2m > [22m[2mMinimal File
[22m[39m[ChatContext] Cleaning up subscriptions
[90mstdout[2m | src/components/Editor3/components/MetadataEditor.stories.tsx[2m > [22m[2mMinimal File
[22m[39m[Mock Data] Unit.onUpdate() subscription removed. Remaining: 0
[90mstdout[2m | src/components/Editor3/components/MetadataEditor.stories.tsx[2m > [22m[2mMinimal File
[22m[39m[MOCK CourseVectorStore] Initialized with mock data
[90mstdout[2m | src/components/Editor3/components/MetadataEditor.stories.tsx[2m > [22m[2mMinimal File
[22m[39m[TranslationModeController] Setting mode to: off
[90mstdout[2m | src/components/Editor3/components/MetadataEditor.stories.tsx[2m > [22m[2mMinimal File
[22m[39m[UnitContext] useEffect triggered {
  "authLoading": false,
  "hasUser": true,
  "id": "mock-unit-id",
  "userSub": "mock-user-sub",
}
[90mstdout[2m | src/components/Editor3/components/MetadataEditor.stories.tsx[2m > [22m[2mMinimal File
[22m[39m[UnitContext] Fetching unit data for id: mock-unit-id
[90mstdout[2m | src/components/Editor3/components/MetadataEditor.stories.tsx[2m > [22m[2mMinimal File
[22m[39m[FilesContext] Initializing vector store from IndexedDB
[90mstdout[2m | src/components/Editor3/components/MetadataEditor.stories.tsx[2m > [22m[2mMinimal File
[22m[39m[FilesContext] fetchFiles called
[90mstdout[2m | src/components/Editor3/components/MetadataEditor.stories.tsx[2m > [22m[2mMinimal File
[22m[39m[FilesContext] User authenticated: mock-user-sub
[90mstdout[2m | src/components/Editor3/components/MetadataEditor.stories.tsx[2m > [22m[2mMinimal File
[22m[39m[FilesContext] Identity ID: us-east-1:mock-identity-123
[90mstdout[2m | src/components/Editor3/components/MetadataEditor.stories.tsx[2m > [22m[2mMinimal File
[22m[39m[FilesContext] About to set up File observeQuery
[90mstdout[2m | src/components/Editor3/components/MetadataEditor.stories.tsx[2m > [22m[2mMinimal File
[22m[39m[ChatContext] Setting up AssistantChat observeQuery
[90mstdout[2m | src/components/Editor3/components/MetadataEditor.stories.tsx[2m > [22m[2mMinimal File
[22m[39m[ChatContext] Waiting for subscription to initialize
[90mstdout[2m | src/components/Editor3/components/MetadataEditor.stories.tsx[2m > [22m[2mMinimal File
[22m[39m[SettingsContext] Setting up Settings subscription for user: mock-user-sub
[90mstdout[2m | src/components/Editor3/components/MetadataEditor.stories.tsx[2m > [22m[2mMinimal File
[22m[39m[Mock Data] Settings created: mock-settings-1790416355679 - notified 0 subscribers
[90mstdout[2m | src/components/Editor3/components/MetadataEditor.stories.tsx[2m > [22m[2mMinimal File
[22m[39m[Mock Data] Unit.onUpdate() subscription added. Total: 1
[90mstdout[2m | src/components/Editor3/components/MetadataEditor.stories.tsx[2m > [22m[2mMinimal File
[22m[39m[SectionContext] Section observeQuery update: 0
[90mstdout[2m | src/components/Editor3/components/MetadataEditor.stories.tsx[2m > [22m[2mMinimal File
[22m[39m[FilesContext] File observeQuery update: 6 files
[90mstdout[2m | src/components/Editor3/components/MetadataEditor.stories.tsx[2m > [22m[2mMinimal File
[22m[39m[ChatContext] AssistantChat initialized with 1 chats
[90mstdout[2m | src/components/Editor3/components/MetadataEditor.stories.tsx[2m > [22m[2mMinimal File
[22m[39m[ChatContext] Setting initial chat: mock-assistant-chat-1
[90mstdout[2m | src/components/Editor3/components/MetadataEditor.stories.tsx[2m > [22m[2mMinimal File
[22m[39m[MOCK CourseVectorStore] Initialized with mock data
[90mstdout[2m | src/components/Editor3/components/MetadataEditor.stories.tsx[2m > [22m[2mMinimal File
[22m[39m[FilesContext] Vector store population triggered {
  "currentVectorStoreSize": 3,
  "documentsCount": 0,
  "filesCount": 6,
  "isInitialLoad": true,
}
[90mstdout[2m | src/components/Editor3/components/MetadataEditor.stories.tsx[2m > [22m[2mMinimal File
[22m[39m[FilesContext] Vector store population complete - 3 total embeddings
[90mstdout[2m | src/components/Editor3/components/MetadataEditor.stories.tsx[2m > [22m[2mMinimal File
[22m[39m[ChatContext] Chat exists and not archived, skipping creation
[90mstdout[2m | src/components/Editor3/components/MetadataEditor.stories.tsx[2m > [22m[2mMinimal File
[22m[39m[Mock Storage] downloadData called with: undefined
[90mstdout[2m | src/components/Editor3/components/MetadataEditor.stories.tsx[2m > [22m[2mLarge Metadata
[22m[39m[ChatContext] Cleaning up subscriptions
[90mstdout[2m | src/components/Editor3/components/MetadataEditor.stories.tsx[2m > [22m[2mLarge Metadata
[22m[39m[Mock Data] Unit.onUpdate() subscription removed. Remaining: 0
[90mstdout[2m | src/components/Editor3/components/MetadataEditor.stories.tsx[2m > [22m[2mLarge Metadata
[22m[39m[MOCK CourseVectorStore] Initialized with mock data
[90mstdout[2m | src/components/Editor3/components/MetadataEditor.stories.tsx[2m > [22m[2mLarge Metadata
[22m[39m[TranslationModeController] Setting mode to: off
[90mstdout[2m | src/components/Editor3/components/MetadataEditor.stories.tsx[2m > [22m[2mLarge Metadata
[22m[39m[UnitContext] useEffect triggered {
  "authLoading": false,
  "hasUser": true,
  "id": "mock-unit-id",
  "userSub": "mock-user-sub",
}
[90mstdout[2m | src/components/Editor3/components/MetadataEditor.stories.tsx[2m > [22m[2mLarge Metadata
[22m[39m[UnitContext] Fetching unit data for id: mock-unit-id
[90mstdout[2m | src/components/Editor3/components/MetadataEditor.stories.tsx[2m > [22m[2mLarge Metadata
[22m[39m[FilesContext] Initializing vector store from IndexedDB
[90mstdout[2m | src/components/Editor3/components/MetadataEditor.stories.tsx[2m > [22m[2mLarge Metadata
[22m[39m[FilesContext] fetchFiles called
[90mstdout[2m | src/components/Editor3/components/MetadataEditor.stories.tsx[2m > [22m[2mLarge Metadata
[22m[39m[FilesContext] User authenticated: mock-user-sub
[90mstdout[2m | src/components/Editor3/components/MetadataEditor.stories.tsx[2m > [22m[2mLarge Metadata
[22m[39m[FilesContext] Identity ID: us-east-1:mock-identity-123
[90mstdout[2m | src/components/Editor3/components/MetadataEditor.stories.tsx[2m > [22m[2mLarge Metadata
[22m[39m[FilesContext] About to set up File observeQuery
[90mstdout[2m | src/components/Editor3/components/MetadataEditor.stories.tsx[2m > [22m[2mLarge Metadata
[22m[39m[ChatContext] Setting up AssistantChat observeQuery
[90mstdout[2m | src/components/Editor3/components/MetadataEditor.stories.tsx[2m > [22m[2mLarge Metadata
[22m[39m[ChatContext] Waiting for subscription to initialize
[90mstdout[2m | src/components/Editor3/components/MetadataEditor.stories.tsx[2m > [22m[2mLarge Metadata
[22m[39m[SettingsContext] Setting up Settings subscription for user: mock-user-sub
[90mstdout[2m | src/components/Editor3/components/MetadataEditor.stories.tsx[2m > [22m[2mLarge Metadata
[22m[39m[Mock Data] Settings created: mock-settings-1790416355834 - notified 0 subscribers
[90mstdout[2m | src/components/Editor3/components/MetadataEditor.stories.tsx[2m > [22m[2mLarge Metadata
[22m[39m[Mock Data] Unit.onUpdate() subscription added. Total: 1
[90mstdout[2m | src/components/Editor3/components/MetadataEditor.stories.tsx[2m > [22m[2mLarge Metadata
[22m[39m[SectionContext] Section observeQuery update: 0
[90mstdout[2m | src/components/Editor3/components/MetadataEditor.stories.tsx[2m > [22m[2mLarge Metadata
[22m[39m[FilesContext] File observeQuery update: 6 files
[90mstdout[2m | src/components/Editor3/components/MetadataEditor.stories.tsx[2m > [22m[2mLarge Metadata
[22m[39m[ChatContext] AssistantChat initialized with 1 chats
[90mstdout[2m | src/components/Editor3/components/MetadataEditor.stories.tsx[2m > [22m[2mLarge Metadata
[22m[39m[ChatContext] Setting initial chat: mock-assistant-chat-1
[90mstdout[2m | src/components/Editor3/components/MetadataEditor.stories.tsx[2m > [22m[2mLarge Metadata
[22m[39m[MOCK CourseVectorStore] Initialized with mock data
[90mstdout[2m | src/components/Editor3/components/MetadataEditor.stories.tsx[2m > [22m[2mLarge Metadata
[22m[39m[FilesContext] Vector store population triggered {
  "currentVectorStoreSize": 3,
  "documentsCount": 0,
  "filesCount": 6,
  "isInitialLoad": true,
}
[90mstdout[2m | src/components/Editor3/components/MetadataEditor.stories.tsx[2m > [22m[2mLarge Metadata
[22m[39m[FilesContext] Vector store population complete - 3 total embeddings
[90mstdout[2m | src/components/Editor3/components/MetadataEditor.stories.tsx[2m > [22m[2mLarge Metadata
[22m[39m[ChatContext] Chat exists and not archived, skipping creation
[90mstdout[2m | src/components/Editor3/components/MetadataEditor.stories.tsx[2m > [22m[2mLarge Metadata
[22m[39m[Mock Storage] downloadData called with: undefined
[90mstdout[2m | src/components/Editor3/components/MetadataEditor.stories.tsx[2m > [22m[2mAI Generated Image
[22m[39m[ChatContext] Cleaning up subscriptions
[90mstdout[2m | src/components/Editor3/components/MetadataEditor.stories.tsx[2m > [22m[2mAI Generated Image
[22m[39m[Mock Data] Unit.onUpdate() subscription removed. Remaining: 0
[90mstdout[2m | src/components/Editor3/components/MetadataEditor.stories.tsx[2m > [22m[2mAI Generated Image
[22m[39m[MOCK CourseVectorStore] Initialized with mock data
[90mstdout[2m | src/components/Editor3/components/MetadataEditor.stories.tsx[2m > [22m[2mAI Generated Image
[22m[39m[TranslationModeController] Setting mode to: off
[90mstdout[2m | src/components/Editor3/components/MetadataEditor.stories.tsx[2m > [22m[2mAI Generated Image
[22m[39m[UnitContext] useEffect triggered {
  "authLoading": false,
  "hasUser": true,
  "id": "mock-unit-id",
  "userSub": "mock-user-sub",
}
[90mstdout[2m | src/components/Editor3/components/MetadataEditor.stories.tsx[2m > [22m[2mAI Generated Image
[22m[39m[UnitContext] Fetching unit data for id: mock-unit-id
[90mstdout[2m | src/components/Editor3/components/MetadataEditor.stories.tsx[2m > [22m[2mAI Generated Image
[22m[39m[FilesContext] Initializing vector store from IndexedDB
[90mstdout[2m | src/components/Editor3/components/MetadataEditor.stories.tsx[2m > [22m[2mAI Generated Image
[22m[39m[FilesContext] fetchFiles called
[90mstdout[2m | src/components/Editor3/components/MetadataEditor.stories.tsx[2m > [22m[2mAI Generated Image
[22m[39m[FilesContext] User authenticated: mock-user-sub
[90mstdout[2m | src/components/Editor3/components/MetadataEditor.stories.tsx[2m > [22m[2mAI Generated Image
[22m[39m[FilesContext] Identity ID: us-east-1:mock-identity-123
[90mstdout[2m | src/components/Editor3/components/MetadataEditor.stories.tsx[2m > [22m[2mAI Generated Image
[22m[39m[FilesContext] About to set up File observeQuery
[90mstdout[2m | src/components/Editor3/components/MetadataEditor.stories.tsx[2m > [22m[2mAI Generated Image
[22m[39m[ChatContext] Setting up AssistantChat observeQuery
[90mstdout[2m | src/components/Editor3/components/MetadataEditor.stories.tsx[2m > [22m[2mAI Generated Image
[22m[39m[ChatContext] Waiting for subscription to initialize
[90mstdout[2m | src/components/Editor3/components/MetadataEditor.stories.tsx[2m > [22m[2mAI Generated Image
[22m[39m[SettingsContext] Setting up Settings subscription for user: mock-user-sub
[90mstdout[2m | src/components/Editor3/components/MetadataEditor.stories.tsx[2m > [22m[2mAI Generated Image
[22m[39m[Mock Data] Settings created: mock-settings-1790416355993 - notified 0 subscribers
[90mstdout[2m | src/components/Editor3/components/MetadataEditor.stories.tsx[2m > [22m[2mAI Generated Image
[22m[39m[Mock Data] Unit.onUpdate() subscription added. Total: 1
[90mstdout[2m | src/components/Editor3/components/MetadataEditor.stories.tsx[2m > [22m[2mAI Generated Image
[22m[39m[SectionContext] Section observeQuery update: 0
[90mstdout[2m | src/components/Editor3/components/MetadataEditor.stories.tsx[2m > [22m[2mAI Generated Image
[22m[39m[FilesContext] File observeQuery update: 6 files
[90mstdout[2m | src/components/Editor3/components/MetadataEditor.stories.tsx[2m > [22m[2mAI Generated Image
[22m[39m[ChatContext] AssistantChat initialized with 1 chats
[90mstdout[2m | src/components/Editor3/components/MetadataEditor.stories.tsx[2m > [22m[2mAI Generated Image
[22m[39m[ChatContext] Setting initial chat: mock-assistant-chat-1
[90mstdout[2m | src/components/Editor3/components/MetadataEditor.stories.tsx[2m > [22m[2mAI Generated Image
[22m[39m[MOCK CourseVectorStore] Initialized with mock data
[90mstdout[2m | src/components/Editor3/components/MetadataEditor.stories.tsx[2m > [22m[2mAI Generated Image
[22m[39m[FilesContext] Vector store population triggered {
  "currentVectorStoreSize": 3,
  "documentsCount": 0,
  "filesCount": 6,
  "isInitialLoad": true,
}
[90mstdout[2m | src/components/Editor3/components/MetadataEditor.stories.tsx[2m > [22m[2mAI Generated Image
[22m[39m[FilesContext] Vector store population complete - 3 total embeddings
[90mstdout[2m | src/components/Editor3/components/MetadataEditor.stories.tsx[2m > [22m[2mAI Generated Image
[22m[39m[ChatContext] Chat exists and not archived, skipping creation
[90mstdout[2m | src/components/Editor3/components/MetadataEditor.stories.tsx[2m > [22m[2mAI Generated Image
[22m[39m[Mock Storage] downloadData called with: undefined
[90mstdout[2m | src/components/Editor3/components/MetadataEditor.stories.tsx[2m > [22m[2mTTS Audio File
[22m[39m[ChatContext] Cleaning up subscriptions
[90mstdout[2m | src/components/Editor3/components/MetadataEditor.stories.tsx[2m > [22m[2mTTS Audio File
[22m[39m[Mock Data] Unit.onUpdate() subscription removed. Remaining: 0
[90mstdout[2m | src/components/Editor3/components/MetadataEditor.stories.tsx[2m > [22m[2mTTS Audio File
[22m[39m[MOCK CourseVectorStore] Initialized with mock data
[90mstdout[2m | src/components/Editor3/components/MetadataEditor.stories.tsx[2m > [22m[2mTTS Audio File
[22m[39m[TranslationModeController] Setting mode to: off
[90mstdout[2m | src/components/Editor3/components/MetadataEditor.stories.tsx[2m > [22m[2mTTS Audio File
[22m[39m[UnitContext] useEffect triggered {
  "authLoading": false,
  "hasUser": true,
  "id": "mock-unit-id",
  "userSub": "mock-user-sub",
}
[90mstdout[2m | src/components/Editor3/components/MetadataEditor.stories.tsx[2m > [22m[2mTTS Audio File
[22m[39m[UnitContext] Fetching unit data for id: mock-unit-id
[90mstdout[2m | src/components/Editor3/components/MetadataEditor.stories.tsx[2m > [22m[2mTTS Audio File
[22m[39m[FilesContext] Initializing vector store from IndexedDB
[90mstdout[2m | src/components/Editor3/components/MetadataEditor.stories.tsx[2m > [22m[2mTTS Audio File
[22m[39m[FilesContext] fetchFiles called
[90mstdout[2m | src/components/Editor3/components/MetadataEditor.stories.tsx[2m > [22m[2mTTS Audio File
[22m[39m[FilesContext] User authenticated: mock-user-sub
[90mstdout[2m | src/components/Editor3/components/MetadataEditor.stories.tsx[2m > [22m[2mTTS Audio File
[22m[39m[FilesContext] Identity ID: us-east-1:mock-identity-123
[90mstdout[2m | src/components/Editor3/components/MetadataEditor.stories.tsx[2m > [22m[2mTTS Audio File
[22m[39m[FilesContext] About to set up File observeQuery
[90mstdout[2m | src/components/Editor3/components/MetadataEditor.stories.tsx[2m > [22m[2mTTS Audio File
[22m[39m[ChatContext] Setting up AssistantChat observeQuery
[90mstdout[2m | src/components/Editor3/components/MetadataEditor.stories.tsx[2m > [22m[2mTTS Audio File
[22m[39m[ChatContext] Waiting for subscription to initialize
[90mstdout[2m | src/components/Editor3/components/MetadataEditor.stories.tsx[2m > [22m[2mTTS Audio File
[22m[39m[SettingsContext] Setting up Settings subscription for user: mock-user-sub
[90mstdout[2m | src/components/Editor3/components/MetadataEditor.stories.tsx[2m > [22m[2mTTS Audio File
[22m[39m[Mock Data] Settings created: mock-settings-1790416356141 - notified 0 subscribers
[90mstdout[2m | src/components/Editor3/components/MetadataEditor.stories.tsx[2m > [22m[2mTTS Audio File
[22m[39m[Mock Data] Unit.onUpdate() subscription added. Total: 1
[90mstdout[2m | src/components/Editor3/components/MetadataEditor.stories.tsx[2m > [22m[2mTTS Audio File
[22m[39m[SectionContext] Section observeQuery update: 0
[90mstdout[2m | src/components/Editor3/components/MetadataEditor.stories.tsx[2m > [22m[2mTTS Audio File
[22m[39m[FilesContext] File observeQuery update: 6 files
[90mstdout[2m | src/components/Editor3/components/MetadataEditor.stories.tsx[2m > [22m[2mTTS Audio File
[22m[39m[ChatContext] AssistantChat initialized with 1 chats
[90mstdout[2m | src/components/Editor3/components/MetadataEditor.stories.tsx[2m > [22m[2mTTS Audio File
[22m[39m[ChatContext] Setting initial chat: mock-assistant-chat-1
[90mstdout[2m | src/components/Editor3/components/MetadataEditor.stories.tsx[2m > [22m[2mTTS Audio File
[22m[39m[MOCK CourseVectorStore] Initialized with mock data
[90mstdout[2m | src/components/Editor3/components/MetadataEditor.stories.tsx[2m > [22m[2mTTS Audio File
[22m[39m[FilesContext] Vector store population triggered {
  "currentVectorStoreSize": 3,
  "documentsCount": 0,
  "filesCount": 6,
  "isInitialLoad": true,
}
[90mstdout[2m | src/components/Editor3/components/MetadataEditor.stories.tsx[2m > [22m[2mTTS Audio File
[22m[39m[FilesContext] Vector store population complete - 3 total embeddings
[90mstdout[2m | src/components/Editor3/components/MetadataEditor.stories.tsx[2m > [22m[2mTTS Audio File
[22m[39m[ChatContext] Chat exists and not archived, skipping creation
[90mstdout[2m | src/components/Editor3/components/MetadataEditor.stories.tsx[2m > [22m[2mTTS Audio File
[22m[39m[Mock Storage] downloadData called with: undefined
[90mstdout[2m | src/components/Editor3/components/MetadataEditor.stories.tsx[2m > [22m[2mAll File Types
[22m[39m[ChatContext] Cleaning up subscriptions
[90mstdout[2m | src/components/Editor3/components/MetadataEditor.stories.tsx[2m > [22m[2mAll File Types
[22m[39m[Mock Data] Unit.onUpdate() subscription removed. Remaining: 0
[90mstdout[2m | src/components/Editor3/components/MetadataEditor.stories.tsx[2m > [22m[2mAll File Types
[22m[39m[MOCK CourseVectorStore] Initialized with mock data
[90mstdout[2m | src/components/Editor3/components/MetadataEditor.stories.tsx[2m > [22m[2mAll File Types
[22m[39m[TranslationModeController] Setting mode to: off
[90mstdout[2m | src/components/Editor3/components/MetadataEditor.stories.tsx[2m > [22m[2mAll File Types
[22m[39m[UnitContext] useEffect triggered {
  "authLoading": false,
  "hasUser": true,
  "id": "mock-unit-id",
  "userSub": "mock-user-sub",
}
[90mstdout[2m | src/components/Editor3/components/MetadataEditor.stories.tsx[2m > [22m[2mAll File Types
[22m[39m[UnitContext] Fetching unit data for id: mock-unit-id
[90mstdout[2m | src/components/Editor3/components/MetadataEditor.stories.tsx[2m > [22m[2mAll File Types
[22m[39m[FilesContext] Initializing vector store from IndexedDB
[90mstdout[2m | src/components/Editor3/components/MetadataEditor.stories.tsx[2m > [22m[2mAll File Types
[22m[39m[FilesContext] fetchFiles called
[90mstdout[2m | src/components/Editor3/components/MetadataEditor.stories.tsx[2m > [22m[2mAll File Types
[22m[39m[FilesContext] User authenticated: mock-user-sub
[90mstdout[2m | src/components/Editor3/components/MetadataEditor.stories.tsx[2m > [22m[2mAll File Types
[22m[39m[FilesContext] Identity ID: us-east-1:mock-identity-123
[90mstdout[2m | src/components/Editor3/components/MetadataEditor.stories.tsx[2m > [22m[2mAll File Types
[22m[39m[FilesContext] About to set up File observeQuery
[90mstdout[2m | src/components/Editor3/components/MetadataEditor.stories.tsx[2m > [22m[2mAll File Types
[22m[39m[ChatContext] Setting up AssistantChat observeQuery
[90mstdout[2m | src/components/Editor3/components/MetadataEditor.stories.tsx[2m > [22m[2mAll File Types
[22m[39m[ChatContext] Waiting for subscription to initialize
[90mstdout[2m | src/components/Editor3/components/MetadataEditor.stories.tsx[2m > [22m[2mAll File Types
[22m[39m[SettingsContext] Setting up Settings subscription for user: mock-user-sub
[90mstdout[2m | src/components/Editor3/components/MetadataEditor.stories.tsx[2m > [22m[2mAll File Types
[22m[39m[Mock Data] Settings created: mock-settings-1790416356337 - notified 0 subscribers
[90mstdout[2m | src/components/Editor3/components/MetadataEditor.stories.tsx[2m > [22m[2mAll File Types
[22m[39m[Mock Data] Unit.onUpdate() subscription added. Total: 1
[90mstdout[2m | src/components/Editor3/components/MetadataEditor.stories.tsx[2m > [22m[2mAll File Types
[22m[39m[SectionContext] Section observeQuery update: 0
[90mstdout[2m | src/components/Editor3/components/MetadataEditor.stories.tsx[2m > [22m[2mAll File Types
[22m[39m[FilesContext] File observeQuery update: 6 files
[90mstdout[2m | src/components/Editor3/components/MetadataEditor.stories.tsx[2m > [22m[2mAll File Types
[22m[39m[ChatContext] AssistantChat initialized with 1 chats
[90mstdout[2m | src/components/Editor3/components/MetadataEditor.stories.tsx[2m > [22m[2mAll File Types
[22m[39m[ChatContext] Setting initial chat: mock-assistant-chat-1
[90mstdout[2m | src/components/Editor3/components/MetadataEditor.stories.tsx[2m > [22m[2mAll File Types
[22m[39m[MOCK CourseVectorStore] Initialized with mock data
[90mstdout[2m | src/components/Editor3/components/MetadataEditor.stories.tsx[2m > [22m[2mAll File Types
[22m[39m[FilesContext] Vector store population triggered {
  "currentVectorStoreSize": 3,
  "documentsCount": 0,
  "filesCount": 6,
  "isInitialLoad": true,
}
[90mstdout[2m | src/components/Editor3/components/MetadataEditor.stories.tsx[2m > [22m[2mAll File Types
[22m[39m[FilesContext] Vector store population complete - 3 total embeddings
[90mstdout[2m | src/components/Editor3/components/MetadataEditor.stories.tsx[2m > [22m[2mAll File Types
[22m[39m[ChatContext] Chat exists and not archived, skipping creation
[90mstdout[2m | src/components/Editor3/components/MetadataEditor.stories.tsx[2m > [22m[2mAll File Types
[22m[39m[Mock Storage] downloadData called with: undefined
[90mstdout[2m | src/components/Editor3/components/MetadataEditor.stories.tsx[2m > [22m[2mPlayground
[22m[39m[ChatContext] Cleaning up subscriptions
[90mstdout[2m | src/components/Editor3/components/MetadataEditor.stories.tsx[2m > [22m[2mPlayground
[22m[39m[Mock Data] Unit.onUpdate() subscription removed. Remaining: 0
[90mstdout[2m | src/components/Editor3/components/MetadataEditor.stories.tsx[2m > [22m[2mPlayground
[22m[39m[MOCK CourseVectorStore] Initialized with mock data
[90mstdout[2m | src/components/Editor3/components/MetadataEditor.stories.tsx[2m > [22m[2mPlayground
[22m[39m[TranslationModeController] Setting mode to: off
[90mstdout[2m | src/components/Editor3/components/MetadataEditor.stories.tsx[2m > [22m[2mPlayground
[22m[39m[UnitContext] useEffect triggered {
  "authLoading": false,
  "hasUser": true,
  "id": "mock-unit-id",
  "userSub": "mock-user-sub",
}
[90mstdout[2m | src/components/Editor3/components/MetadataEditor.stories.tsx[2m > [22m[2mPlayground
[22m[39m[UnitContext] Fetching unit data for id: mock-unit-id
[90mstdout[2m | src/components/Editor3/components/MetadataEditor.stories.tsx[2m > [22m[2mPlayground
[22m[39m[FilesContext] Initializing vector store from IndexedDB
[90mstdout[2m | src/components/Editor3/components/MetadataEditor.stories.tsx[2m > [22m[2mPlayground
[22m[39m[FilesContext] fetchFiles called
[90mstdout[2m | src/components/Editor3/components/MetadataEditor.stories.tsx[2m > [22m[2mPlayground
[22m[39m[FilesContext] User authenticated: mock-user-sub
[90mstdout[2m | src/components/Editor3/components/MetadataEditor.stories.tsx[2m > [22m[2mPlayground
[22m[39m[FilesContext] Identity ID: us-east-1:mock-identity-123
[90mstdout[2m | src/components/Editor3/components/MetadataEditor.stories.tsx[2m > [22m[2mPlayground
[22m[39m[FilesContext] About to set up File observeQuery
[90mstdout[2m | src/components/Editor3/components/MetadataEditor.stories.tsx[2m > [22m[2mPlayground
[22m[39m[ChatContext] Setting up AssistantChat observeQuery
[90mstdout[2m | src/components/Editor3/components/MetadataEditor.stories.tsx[2m > [22m[2mPlayground
[22m[39m[ChatContext] Waiting for subscription to initialize
[90mstdout[2m | src/components/Editor3/components/MetadataEditor.stories.tsx[2m > [22m[2mPlayground
[22m[39m[SettingsContext] Setting up Settings subscription for user: mock-user-sub
[90mstdout[2m | src/components/Editor3/components/MetadataEditor.stories.tsx[2m > [22m[2mPlayground
[22m[39m[Mock Data] Settings created: mock-settings-1790416356575 - notified 0 subscribers
[90mstdout[2m | src/components/Editor3/components/MetadataEditor.stories.tsx[2m > [22m[2mPlayground
[22m[39m[Mock Data] Unit.onUpdate() subscription added. Total: 1
[90mstdout[2m | src/components/Editor3/components/MetadataEditor.stories.tsx[2m > [22m[2mPlayground
[22m[39m[SectionContext] Section observeQuery update: 0
[90mstdout[2m | src/components/Editor3/components/MetadataEditor.stories.tsx[2m > [22m[2mPlayground
[22m[39m[FilesContext] File observeQuery update: 6 files
[90mstdout[2m | src/components/Editor3/components/MetadataEditor.stories.tsx[2m > [22m[2mPlayground
[22m[39m[ChatContext] AssistantChat initialized with 1 chats
[90mstdout[2m | src/components/Editor3/components/MetadataEditor.stories.tsx[2m > [22m[2mPlayground
[22m[39m[ChatContext] Setting initial chat: mock-assistant-chat-1
[90mstdout[2m | src/components/Editor3/components/MetadataEditor.stories.tsx[2m > [22m[2mPlayground
[22m[39m[MOCK CourseVectorStore] Initialized with mock data
[90mstdout[2m | src/components/Editor3/components/MetadataEditor.stories.tsx[2m > [22m[2mPlayground
[22m[39m[FilesContext] Vector store population triggered {
  "currentVectorStoreSize": 3,
  "documentsCount": 0,
  "filesCount": 6,
  "isInitialLoad": true,
}
[90mstdout[2m | src/components/Editor3/components/MetadataEditor.stories.tsx[2m > [22m[2mPlayground
[22m[39m[FilesContext] Vector store population complete - 3 total embeddings
[90mstdout[2m | src/components/Editor3/components/MetadataEditor.stories.tsx[2m > [22m[2mPlayground
[22m[39m[ChatContext] Chat exists and not archived, skipping creation
[90mstdout[2m | src/components/Editor3/components/MetadataEditor.stories.tsx[2m > [22m[2mPlayground
[22m[39m[Mock Storage] downloadData called with: undefined
[90mstdout[2m | src/components/Editor3/components/MetadataEditor.stories.tsx[2m > [22m[2mNear Character Limits
[22m[39m[ChatContext] Cleaning up subscriptions
[90mstdout[2m | src/components/Editor3/components/MetadataEditor.stories.tsx[2m > [22m[2mNear Character Limits
[22m[39m[Mock Data] Unit.onUpdate() subscription removed. Remaining: 0
[90mstdout[2m | src/components/Editor3/components/MetadataEditor.stories.tsx[2m > [22m[2mNear Character Limits
[22m[39m[MOCK CourseVectorStore] Initialized with mock data
[90mstdout[2m | src/components/Editor3/components/MetadataEditor.stories.tsx[2m > [22m[2mNear Character Limits
[22m[39m[TranslationModeController] Setting mode to: off
[90mstdout[2m | src/components/Editor3/components/MetadataEditor.stories.tsx[2m > [22m[2mNear Character Limits
[22m[39m[UnitContext] useEffect triggered {
  "authLoading": false,
  "hasUser": true,
  "id": "mock-unit-id",
  "userSub": "mock-user-sub",
}
[90mstdout[2m | src/components/Editor3/components/MetadataEditor.stories.tsx[2m > [22m[2mNear Character Limits
[22m[39m[UnitContext] Fetching unit data for id: mock-unit-id
[90mstdout[2m | src/components/Editor3/components/MetadataEditor.stories.tsx[2m > [22m[2mNear Character Limits
[22m[39m[FilesContext] Initializing vector store from IndexedDB
[90mstdout[2m | src/components/Editor3/components/MetadataEditor.stories.tsx[2m > [22m[2mNear Character Limits
[22m[39m[FilesContext] fetchFiles called
[90mstdout[2m | src/components/Editor3/components/MetadataEditor.stories.tsx[2m > [22m[2mNear Character Limits
[22m[39m[FilesContext] User authenticated: mock-user-sub
[90mstdout[2m | src/components/Editor3/components/MetadataEditor.stories.tsx[2m > [22m[2mNear Character Limits
[22m[39m[FilesContext] Identity ID: us-east-1:mock-identity-123
[90mstdout[2m | src/components/Editor3/components/MetadataEditor.stories.tsx[2m > [22m[2mNear Character Limits
[22m[39m[FilesContext] About to set up File observeQuery
[90mstdout[2m | src/components/Editor3/components/MetadataEditor.stories.tsx[2m > [22m[2mNear Character Limits
[22m[39m[ChatContext] Setting up AssistantChat observeQuery
[90mstdout[2m | src/components/Editor3/components/MetadataEditor.stories.tsx[2m > [22m[2mNear Character Limits
[22m[39m[ChatContext] Waiting for subscription to initialize
[90mstdout[2m | src/components/Editor3/components/MetadataEditor.stories.tsx[2m > [22m[2mNear Character Limits
[22m[39m[SettingsContext] Setting up Settings subscription for user: mock-user-sub
[90mstdout[2m | src/components/Editor3/components/MetadataEditor.stories.tsx[2m > [22m[2mNear Character Limits
[22m[39m[Mock Data] Settings created: mock-settings-1790416356740 - notified 0 subscribers
[90mstdout[2m | src/components/Editor3/components/MetadataEditor.stories.tsx[2m > [22m[2mNear Character Limits
[22m[39m[Mock Data] Unit.onUpdate() subscription added. Total: 1
[90mstdout[2m | src/components/Editor3/components/MetadataEditor.stories.tsx[2m > [22m[2mNear Character Limits
[22m[39m[SectionContext] Section observeQuery update: 0
[90mstdout[2m | src/components/Editor3/components/MetadataEditor.stories.tsx[2m > [22m[2mNear Character Limits
[22m[39m[FilesContext] File observeQuery update: 6 files
[90mstdout[2m | src/components/Editor3/components/MetadataEditor.stories.tsx[2m > [22m[2mNear Character Limits
[22m[39m[ChatContext] AssistantChat initialized with 1 chats
[90mstdout[2m | src/components/Editor3/components/MetadataEditor.stories.tsx[2m > [22m[2mNear Character Limits
[22m[39m[ChatContext] Setting initial chat: mock-assistant-chat-1
[90mstdout[2m | src/components/Editor3/components/MetadataEditor.stories.tsx[2m > [22m[2mNear Character Limits
[22m[39m[MOCK CourseVectorStore] Initialized with mock data
[90mstdout[2m | src/components/Editor3/components/MetadataEditor.stories.tsx[2m > [22m[2mNear Character Limits
[22m[39m[FilesContext] Vector store population triggered {
  "currentVectorStoreSize": 3,
  "documentsCount": 0,
  "filesCount": 6,
  "isInitialLoad": true,
}
[90mstdout[2m | src/components/Editor3/components/MetadataEditor.stories.tsx[2m > [22m[2mNear Character Limits
[22m[39m[FilesContext] Vector store population complete - 3 total embeddings
[90mstdout[2m | src/components/Editor3/components/MetadataEditor.stories.tsx[2m > [22m[2mNear Character Limits
[22m[39m[ChatContext] Chat exists and not archived, skipping creation
[90mstdout[2m | src/components/Editor3/components/MetadataEditor.stories.tsx[2m > [22m[2mNear Character Limits
[22m[39m[Mock Storage] downloadData called with: undefined
 [32m✓[39m [30m[45m storybook (chromium) [49m[39m src/components/Editor3/components/MetadataEditor.stories.tsx [2m([22m[2m9 tests[22m[2m)[22m[33m 1649[2mms[22m[39m
[90mstdout[2m | unknown test
[22m[39m[MOCK vectorStoreDB.js] Module loaded - mock IndexedDB operations
[90mstdout[2m | unknown test
[22m[39m[Task Completion] DOM action listeners initialized
[90mstdout[2m | unknown test
[22m[39m[Task Completion] Auto-completion detector initialized
[90mstdout[2m | unknown test
[22m[39m[Preview] Task completion detector initialized
[90mstdout[2m | src/components/ChatSidebar/ToolCallPreview.stories.tsx[2m > [22m[2mSearch Content Pending
[22m[39m[MOCK CourseVectorStore] Initialized with mock data
[90mstdout[2m | src/components/ChatSidebar/ToolCallPreview.stories.tsx[2m > [22m[2mSearch Content Pending
[22m[39m[TranslationModeController] Setting mode to: off
[90mstdout[2m | src/components/ChatSidebar/ToolCallPreview.stories.tsx[2m > [22m[2mSearch Content Pending
[22m[39m[UnitContext] useEffect triggered {
  "authLoading": false,
  "hasUser": true,
  "id": "mock-unit-id",
  "userSub": "mock-user-sub",
}
[90mstdout[2m | src/components/ChatSidebar/ToolCallPreview.stories.tsx[2m > [22m[2mSearch Content Pending
[22m[39m[UnitContext] Fetching unit data for id: mock-unit-id
[90mstdout[2m | src/components/ChatSidebar/ToolCallPreview.stories.tsx[2m > [22m[2mSearch Content Pending
[22m[39m[FilesContext] Initializing vector store from IndexedDB
[90mstdout[2m | src/components/ChatSidebar/ToolCallPreview.stories.tsx[2m > [22m[2mSearch Content Pending
[22m[39m[FilesContext] fetchFiles called
[90mstdout[2m | src/components/ChatSidebar/ToolCallPreview.stories.tsx[2m > [22m[2mSearch Content Pending
[22m[39m[FilesContext] User authenticated: mock-user-sub
[90mstdout[2m | src/components/ChatSidebar/ToolCallPreview.stories.tsx[2m > [22m[2mSearch Content Pending
[22m[39m[FilesContext] Identity ID: us-east-1:mock-identity-123
[90mstdout[2m | src/components/ChatSidebar/ToolCallPreview.stories.tsx[2m > [22m[2mSearch Content Pending
[22m[39m[FilesContext] About to set up File observeQuery
[90mstdout[2m | src/components/ChatSidebar/ToolCallPreview.stories.tsx[2m > [22m[2mSearch Content Pending
[22m[39m[ChatContext] Setting up AssistantChat observeQuery
[90mstdout[2m | src/components/ChatSidebar/ToolCallPreview.stories.tsx[2m > [22m[2mSearch Content Pending
[22m[39m[ChatContext] Waiting for subscription to initialize
[90mstdout[2m | src/components/ChatSidebar/ToolCallPreview.stories.tsx[2m > [22m[2mSearch Content Pending
[22m[39m[SettingsContext] Setting up Settings subscription for user: mock-user-sub
[90mstdout[2m | src/components/ChatSidebar/ToolCallPreview.stories.tsx[2m > [22m[2mSearch Content Pending
[22m[39m[Mock Data] Settings created: mock-settings-1790416357468 - notified 0 subscribers
[90mstdout[2m | src/components/ChatSidebar/ToolCallPreview.stories.tsx[2m > [22m[2mSearch Content Pending
[22m[39m[Mock Data] Unit.onUpdate() subscription added. Total: 1
[90mstdout[2m | src/components/ChatSidebar/ToolCallPreview.stories.tsx[2m > [22m[2mSearch Content Pending
[22m[39m[SectionContext] Section observeQuery update: 0
[90mstdout[2m | src/components/ChatSidebar/ToolCallPreview.stories.tsx[2m > [22m[2mSearch Content Pending
[22m[39m[FilesContext] File observeQuery update: 6 files
[90mstdout[2m | src/components/ChatSidebar/ToolCallPreview.stories.tsx[2m > [22m[2mSearch Content Pending
[22m[39m[ChatContext] AssistantChat initialized with 1 chats
[90mstdout[2m | src/components/ChatSidebar/ToolCallPreview.stories.tsx[2m > [22m[2mSearch Content Pending
[22m[39m[ChatContext] Setting initial chat: mock-assistant-chat-1
[90mstdout[2m | src/components/ChatSidebar/ToolCallPreview.stories.tsx[2m > [22m[2mSearch Content Pending
[22m[39m[MOCK CourseVectorStore] Initialized with mock data
[90mstdout[2m | src/components/ChatSidebar/ToolCallPreview.stories.tsx[2m > [22m[2mSearch Content Pending
[22m[39m[FilesContext] Vector store population triggered {
  "currentVectorStoreSize": 3,
  "documentsCount": 0,
  "filesCount": 6,
  "isInitialLoad": true,
}
[90mstdout[2m | src/components/ChatSidebar/ToolCallPreview.stories.tsx[2m > [22m[2mSearch Content Pending
[22m[39m[FilesContext] Vector store population complete - 3 total embeddings
[90mstdout[2m | src/components/ChatSidebar/ToolCallPreview.stories.tsx[2m > [22m[2mSearch Content Pending
[22m[39m[ChatContext] Chat exists and not archived, skipping creation
[90mstdout[2m | src/components/ChatSidebar/ToolCallPreview.stories.tsx[2m > [22m[2mSearch Content Pending
[22m[39m[Mock Storage] downloadData called with: undefined
[90mstdout[2m | src/components/ChatSidebar/ToolCallPreview.stories.tsx[2m > [22m[2mCreate Section Pending
[22m[39m[ChatContext] Cleaning up subscriptions
[90mstdout[2m | src/components/ChatSidebar/ToolCallPreview.stories.tsx[2m > [22m[2mCreate Section Pending
[22m[39m[Mock Data] Unit.onUpdate() subscription removed. Remaining: 0
[90mstdout[2m | src/components/ChatSidebar/ToolCallPreview.stories.tsx[2m > [22m[2mCreate Section Pending
[22m[39m[MOCK CourseVectorStore] Initialized with mock data
[90mstdout[2m | src/components/ChatSidebar/ToolCallPreview.stories.tsx[2m > [22m[2mCreate Section Pending
[22m[39m[TranslationModeController] Setting mode to: off
[90mstdout[2m | src/components/ChatSidebar/ToolCallPreview.stories.tsx[2m > [22m[2mCreate Section Pending
[22m[39m[UnitContext] useEffect triggered {
  "authLoading": false,
  "hasUser": true,
  "id": "mock-unit-id",
  "userSub": "mock-user-sub",
}
[90mstdout[2m | src/components/ChatSidebar/ToolCallPreview.stories.tsx[2m > [22m[2mCreate Section Pending
[22m[39m[UnitContext] Fetching unit data for id: mock-unit-id
[90mstdout[2m | src/components/ChatSidebar/ToolCallPreview.stories.tsx[2m > [22m[2mCreate Section Pending
[22m[39m[FilesContext] Initializing vector store from IndexedDB
[90mstdout[2m | src/components/ChatSidebar/ToolCallPreview.stories.tsx[2m > [22m[2mCreate Section Pending
[22m[39m[FilesContext] fetchFiles called
[90mstdout[2m | src/components/ChatSidebar/ToolCallPreview.stories.tsx[2m > [22m[2mCreate Section Pending
[22m[39m[FilesContext] User authenticated: mock-user-sub
[90mstdout[2m | src/components/ChatSidebar/ToolCallPreview.stories.tsx[2m > [22m[2mCreate Section Pending
[22m[39m[FilesContext] Identity ID: us-east-1:mock-identity-123
[90mstdout[2m | src/components/ChatSidebar/ToolCallPreview.stories.tsx[2m > [22m[2mCreate Section Pending
[22m[39m[FilesContext] About to set up File observeQuery
[90mstdout[2m | src/components/ChatSidebar/ToolCallPreview.stories.tsx[2m > [22m[2mCreate Section Pending
[22m[39m[ChatContext] Setting up AssistantChat observeQuery
[90mstdout[2m | src/components/ChatSidebar/ToolCallPreview.stories.tsx[2m > [22m[2mCreate Section Pending
[22m[39m[ChatContext] Waiting for subscription to initialize
[90mstdout[2m | src/components/ChatSidebar/ToolCallPreview.stories.tsx[2m > [22m[2mCreate Section Pending
[22m[39m[SettingsContext] Setting up Settings subscription for user: mock-user-sub
[90mstdout[2m | src/components/ChatSidebar/ToolCallPreview.stories.tsx[2m > [22m[2mCreate Section Pending
[22m[39m[Mock Data] Settings created: mock-settings-1790416357703 - notified 0 subscribers
[90mstdout[2m | src/components/ChatSidebar/ToolCallPreview.stories.tsx[2m > [22m[2mCreate Section Pending
[22m[39m[Mock Data] Unit.onUpdate() subscription added. Total: 1
[90mstdout[2m | src/components/ChatSidebar/ToolCallPreview.stories.tsx[2m > [22m[2mCreate Section Pending
[22m[39m[SectionContext] Section observeQuery update: 0
[90mstdout[2m | src/components/ChatSidebar/ToolCallPreview.stories.tsx[2m > [22m[2mCreate Section Pending
[22m[39m[FilesContext] File observeQuery update: 6 files
[90mstdout[2m | src/components/ChatSidebar/ToolCallPreview.stories.tsx[2m > [22m[2mCreate Section Pending
[22m[39m[ChatContext] AssistantChat initialized with 1 chats
[90mstdout[2m | src/components/ChatSidebar/ToolCallPreview.stories.tsx[2m > [22m[2mCreate Section Pending
[22m[39m[ChatContext] Setting initial chat: mock-assistant-chat-1
[90mstdout[2m | src/components/ChatSidebar/ToolCallPreview.stories.tsx[2m > [22m[2mCreate Section Pending
[22m[39m[MOCK CourseVectorStore] Initialized with mock data
[90mstdout[2m | src/components/ChatSidebar/ToolCallPreview.stories.tsx[2m > [22m[2mCreate Section Pending
[22m[39m[FilesContext] Vector store population triggered {
  "currentVectorStoreSize": 3,
  "documentsCount": 0,
  "filesCount": 6,
  "isInitialLoad": true,
}
[90mstdout[2m | src/components/ChatSidebar/ToolCallPreview.stories.tsx[2m > [22m[2mCreate Section Pending
[22m[39m[FilesContext] Vector store population complete - 3 total embeddings
[90mstdout[2m | src/components/ChatSidebar/ToolCallPreview.stories.tsx[2m > [22m[2mCreate Section Pending
[22m[39m[ChatContext] Chat exists and not archived, skipping creation
[90mstdout[2m | src/components/ChatSidebar/ToolCallPreview.stories.tsx[2m > [22m[2mCreate Section Pending
[22m[39m[Mock Storage] downloadData called with: undefined
[90mstdout[2m | src/components/ChatSidebar/ToolCallPreview.stories.tsx[2m > [22m[2mGenerate Content Pending
[22m[39m[ChatContext] Cleaning up subscriptions
[90mstdout[2m | src/components/ChatSidebar/ToolCallPreview.stories.tsx[2m > [22m[2mGenerate Content Pending
[22m[39m[Mock Data] Unit.onUpdate() subscription removed. Remaining: 0
[90mstdout[2m | src/components/ChatSidebar/ToolCallPreview.stories.tsx[2m > [22m[2mGenerate Content Pending
[22m[39m[MOCK CourseVectorStore] Initialized with mock data
[90mstdout[2m | src/components/ChatSidebar/ToolCallPreview.stories.tsx[2m > [22m[2mGenerate Content Pending
[22m[39m[TranslationModeController] Setting mode to: off
[90mstdout[2m | src/components/ChatSidebar/ToolCallPreview.stories.tsx[2m > [22m[2mGenerate Content Pending
[22m[39m[UnitContext] useEffect triggered {
  "authLoading": false,
  "hasUser": true,
  "id": "mock-unit-id",
  "userSub": "mock-user-sub",
}
[90mstdout[2m | src/components/ChatSidebar/ToolCallPreview.stories.tsx[2m > [22m[2mGenerate Content Pending
[22m[39m[UnitContext] Fetching unit data for id: mock-unit-id
[90mstdout[2m | src/components/ChatSidebar/ToolCallPreview.stories.tsx[2m > [22m[2mGenerate Content Pending
[22m[39m[FilesContext] Initializing vector store from IndexedDB
[90mstdout[2m | src/components/ChatSidebar/ToolCallPreview.stories.tsx[2m > [22m[2mGenerate Content Pending
[22m[39m[FilesContext] fetchFiles called
[90mstdout[2m | src/components/ChatSidebar/ToolCallPreview.stories.tsx[2m > [22m[2mGenerate Content Pending
[22m[39m[FilesContext] User authenticated: mock-user-sub
[90mstdout[2m | src/components/ChatSidebar/ToolCallPreview.stories.tsx[2m > [22m[2mGenerate Content Pending
[22m[39m[FilesContext] Identity ID: us-east-1:mock-identity-123
[90mstdout[2m | src/components/ChatSidebar/ToolCallPreview.stories.tsx[2m > [22m[2mGenerate Content Pending
[22m[39m[FilesContext] About to set up File observeQuery
[90mstdout[2m | src/components/ChatSidebar/ToolCallPreview.stories.tsx[2m > [22m[2mGenerate Content Pending
[22m[39m[ChatContext] Setting up AssistantChat observeQuery
[90mstdout[2m | src/components/ChatSidebar/ToolCallPreview.stories.tsx[2m > [22m[2mGenerate Content Pending
[22m[39m[ChatContext] Waiting for subscription to initialize
[90mstdout[2m | src/components/ChatSidebar/ToolCallPreview.stories.tsx[2m > [22m[2mGenerate Content Pending
[22m[39m[SettingsContext] Setting up Settings subscription for user: mock-user-sub
[90mstdout[2m | src/components/ChatSidebar/ToolCallPreview.stories.tsx[2m > [22m[2mGenerate Content Pending
[22m[39m[Mock Data] Settings created: mock-settings-1790416357880 - notified 0 subscribers
[90mstdout[2m | src/components/ChatSidebar/ToolCallPreview.stories.tsx[2m > [22m[2mGenerate Content Pending
[22m[39m[Mock Data] Unit.onUpdate() subscription added. Total: 1
[90mstdout[2m | src/components/ChatSidebar/ToolCallPreview.stories.tsx[2m > [22m[2mGenerate Content Pending
[22m[39m[SectionContext] Section observeQuery update: 0
[90mstdout[2m | src/components/ChatSidebar/ToolCallPreview.stories.tsx[2m > [22m[2mGenerate Content Pending
[22m[39m[FilesContext] File observeQuery update: 6 files
[90mstdout[2m | src/components/ChatSidebar/ToolCallPreview.stories.tsx[2m > [22m[2mGenerate Content Pending
[22m[39m[ChatContext] AssistantChat initialized with 1 chats
[90mstdout[2m | src/components/ChatSidebar/ToolCallPreview.stories.tsx[2m > [22m[2mGenerate Content Pending
[22m[39m[ChatContext] Setting initial chat: mock-assistant-chat-1
[90mstdout[2m | src/components/ChatSidebar/ToolCallPreview.stories.tsx[2m > [22m[2mGenerate Content Pending
[22m[39m[MOCK CourseVectorStore] Initialized with mock data
[90mstdout[2m | src/components/ChatSidebar/ToolCallPreview.stories.tsx[2m > [22m[2mGenerate Content Pending
[22m[39m[FilesContext] Vector store population triggered {
  "currentVectorStoreSize": 3,
  "documentsCount": 0,
  "filesCount": 6,
  "isInitialLoad": true,
}
[90mstdout[2m | src/components/ChatSidebar/ToolCallPreview.stories.tsx[2m > [22m[2mGenerate Content Pending
[22m[39m[FilesContext] Vector store population complete - 3 total embeddings
[90mstdout[2m | src/components/ChatSidebar/ToolCallPreview.stories.tsx[2m > [22m[2mGenerate Content Pending
[22m[39m[ChatContext] Chat exists and not archived, skipping creation
[90mstdout[2m | src/components/ChatSidebar/ToolCallPreview.stories.tsx[2m > [22m[2mGenerate Content Pending
[22m[39m[Mock Storage] downloadData called with: undefined
[90mstdout[2m | src/components/ChatSidebar/ToolCallPreview.stories.tsx[2m > [22m[2mTool Executing
[22m[39m[ChatContext] Cleaning up subscriptions
[90mstdout[2m | src/components/ChatSidebar/ToolCallPreview.stories.tsx[2m > [22m[2mTool Executing
[22m[39m[Mock Data] Unit.onUpdate() subscription removed. Remaining: 0
[90mstdout[2m | src/components/ChatSidebar/ToolCallPreview.stories.tsx[2m > [22m[2mTool Executing
[22m[39m[MOCK CourseVectorStore] Initialized with mock data
[90mstdout[2m | src/components/ChatSidebar/ToolCallPreview.stories.tsx[2m > [22m[2mTool Executing
[22m[39m[TranslationModeController] Setting mode to: off
[90mstdout[2m | src/components/ChatSidebar/ToolCallPreview.stories.tsx[2m > [22m[2mTool Executing
[22m[39m[UnitContext] useEffect triggered {
  "authLoading": false,
  "hasUser": true,
  "id": "mock-unit-id",
  "userSub": "mock-user-sub",
}
[90mstdout[2m | src/components/ChatSidebar/ToolCallPreview.stories.tsx[2m > [22m[2mTool Executing
[22m[39m[UnitContext] Fetching unit data for id: mock-unit-id
[90mstdout[2m | src/components/ChatSidebar/ToolCallPreview.stories.tsx[2m > [22m[2mTool Executing
[22m[39m[FilesContext] Initializing vector store from IndexedDB
[90mstdout[2m | src/components/ChatSidebar/ToolCallPreview.stories.tsx[2m > [22m[2mTool Executing
[22m[39m[FilesContext] fetchFiles called
[90mstdout[2m | src/components/ChatSidebar/ToolCallPreview.stories.tsx[2m > [22m[2mTool Executing
[22m[39m[FilesContext] User authenticated: mock-user-sub
[90mstdout[2m | src/components/ChatSidebar/ToolCallPreview.stories.tsx[2m > [22m[2mTool Executing
[22m[39m[FilesContext] Identity ID: us-east-1:mock-identity-123
[90mstdout[2m | src/components/ChatSidebar/ToolCallPreview.stories.tsx[2m > [22m[2mTool Executing
[22m[39m[FilesContext] About to set up File observeQuery
[90mstdout[2m | src/components/ChatSidebar/ToolCallPreview.stories.tsx[2m > [22m[2mTool Executing
[22m[39m[ChatContext] Setting up AssistantChat observeQuery
[90mstdout[2m | src/components/ChatSidebar/ToolCallPreview.stories.tsx[2m > [22m[2mTool Executing
[22m[39m[ChatContext] Waiting for subscription to initialize
[90mstdout[2m | src/components/ChatSidebar/ToolCallPreview.stories.tsx[2m > [22m[2mTool Executing
[22m[39m[SettingsContext] Setting up Settings subscription for user: mock-user-sub
[90mstdout[2m | src/components/ChatSidebar/ToolCallPreview.stories.tsx[2m > [22m[2mTool Executing
[22m[39m[Mock Data] Settings created: mock-settings-1790416358100 - notified 0 subscribers
[90mstdout[2m | src/components/ChatSidebar/ToolCallPreview.stories.tsx[2m > [22m[2mTool Executing
[22m[39m[Mock Data] Unit.onUpdate() subscription added. Total: 1
[90mstdout[2m | src/components/ChatSidebar/ToolCallPreview.stories.tsx[2m > [22m[2mTool Executing
[22m[39m[SectionContext] Section observeQuery update: 0
[90mstdout[2m | src/components/ChatSidebar/ToolCallPreview.stories.tsx[2m > [22m[2mTool Executing
[22m[39m[FilesContext] File observeQuery update: 6 files
[90mstdout[2m | src/components/ChatSidebar/ToolCallPreview.stories.tsx[2m > [22m[2mTool Executing
[22m[39m[ChatContext] AssistantChat initialized with 1 chats
[90mstdout[2m | src/components/ChatSidebar/ToolCallPreview.stories.tsx[2m > [22m[2mTool Executing
[22m[39m[ChatContext] Setting initial chat: mock-assistant-chat-1
[90mstdout[2m | src/components/ChatSidebar/ToolCallPreview.stories.tsx[2m > [22m[2mTool Executing
[22m[39m[MOCK CourseVectorStore] Initialized with mock data
[90mstdout[2m | src/components/ChatSidebar/ToolCallPreview.stories.tsx[2m > [22m[2mTool Executing
[22m[39m[FilesContext] Vector store population triggered {
  "currentVectorStoreSize": 3,
  "documentsCount": 0,
  "filesCount": 6,
  "isInitialLoad": true,
}
[90mstdout[2m | src/components/ChatSidebar/ToolCallPreview.stories.tsx[2m > [22m[2mTool Executing
[22m[39m[FilesContext] Vector store population complete - 3 total embeddings
[90mstdout[2m | src/components/ChatSidebar/ToolCallPreview.stories.tsx[2m > [22m[2mTool Executing
[22m[39m[ChatContext] Chat exists and not archived, skipping creation
[90mstdout[2m | src/components/ChatSidebar/ToolCallPreview.stories.tsx[2m > [22m[2mTool Executing
[22m[39m[Mock Storage] downloadData called with: undefined
[90mstdout[2m | src/components/ChatSidebar/ToolCallPreview.stories.tsx[2m > [22m[2mTool Executed
[22m[39m[ChatContext] Cleaning up subscriptions
[90mstdout[2m | src/components/ChatSidebar/ToolCallPreview.stories.tsx[2m > [22m[2mTool Executed
[22m[39m[Mock Data] Unit.onUpdate() subscription removed. Remaining: 0
[90mstdout[2m | src/components/ChatSidebar/ToolCallPreview.stories.tsx[2m > [22m[2mTool Executed
[22m[39m[MOCK CourseVectorStore] Initialized with mock data
[90mstdout[2m | src/components/ChatSidebar/ToolCallPreview.stories.tsx[2m > [22m[2mTool Executed
[22m[39m[TranslationModeController] Setting mode to: off
[90mstdout[2m | src/components/ChatSidebar/ToolCallPreview.stories.tsx[2m > [22m[2mTool Executed
[22m[39m[UnitContext] useEffect triggered {
  "authLoading": false,
  "hasUser": true,
  "id": "mock-unit-id",
  "userSub": "mock-user-sub",
}
[90mstdout[2m | src/components/ChatSidebar/ToolCallPreview.stories.tsx[2m > [22m[2mTool Executed
[22m[39m[UnitContext] Fetching unit data for id: mock-unit-id
[90mstdout[2m | src/components/ChatSidebar/ToolCallPreview.stories.tsx[2m > [22m[2mTool Executed
[22m[39m[FilesContext] Initializing vector store from IndexedDB
[90mstdout[2m | src/components/ChatSidebar/ToolCallPreview.stories.tsx[2m > [22m[2mTool Executed
[22m[39m[FilesContext] fetchFiles called
[90mstdout[2m | src/components/ChatSidebar/ToolCallPreview.stories.tsx[2m > [22m[2mTool Executed
[22m[39m[FilesContext] User authenticated: mock-user-sub
[90mstdout[2m | src/components/ChatSidebar/ToolCallPreview.stories.tsx[2m > [22m[2mTool Executed
[22m[39m[FilesContext] Identity ID: us-east-1:mock-identity-123
[90mstdout[2m | src/components/ChatSidebar/ToolCallPreview.stories.tsx[2m > [22m[2mTool Executed
[22m[39m[FilesContext] About to set up File observeQuery
[90mstdout[2m | src/components/ChatSidebar/ToolCallPreview.stories.tsx[2m > [22m[2mTool Executed
[22m[39m[ChatContext] Setting up AssistantChat observeQuery
[90mstdout[2m | src/components/ChatSidebar/ToolCallPreview.stories.tsx[2m > [22m[2mTool Executed
[22m[39m[ChatContext] Waiting for subscription to initialize
[90mstdout[2m | src/components/ChatSidebar/ToolCallPreview.stories.tsx[2m > [22m[2mTool Executed
[22m[39m[SettingsContext] Setting up Settings subscription for user: mock-user-sub
[90mstdout[2m | src/components/ChatSidebar/ToolCallPreview.stories.tsx[2m > [22m[2mTool Executed
[22m[39m[Mock Data] Settings created: mock-settings-1790416358245 - notified 0 subscribers
[90mstdout[2m | src/components/ChatSidebar/ToolCallPreview.stories.tsx[2m > [22m[2mTool Executed
[22m[39m[Mock Data] Unit.onUpdate() subscription added. Total: 1
[90mstdout[2m | src/components/ChatSidebar/ToolCallPreview.stories.tsx[2m > [22m[2mTool Executed
[22m[39m[SectionContext] Section observeQuery update: 0
[90mstdout[2m | src/components/ChatSidebar/ToolCallPreview.stories.tsx[2m > [22m[2mTool Executed
[22m[39m[FilesContext] File observeQuery update: 6 files
[90mstdout[2m | src/components/ChatSidebar/ToolCallPreview.stories.tsx[2m > [22m[2mTool Executed
[22m[39m[ChatContext] AssistantChat initialized with 1 chats
[90mstdout[2m | src/components/ChatSidebar/ToolCallPreview.stories.tsx[2m > [22m[2mTool Executed
[22m[39m[ChatContext] Setting initial chat: mock-assistant-chat-1
[90mstdout[2m | src/components/ChatSidebar/ToolCallPreview.stories.tsx[2m > [22m[2mTool Executed
[22m[39m[MOCK CourseVectorStore] Initialized with mock data
[90mstdout[2m | src/components/ChatSidebar/ToolCallPreview.stories.tsx[2m > [22m[2mTool Executed
[22m[39m[FilesContext] Vector store population triggered {
  "currentVectorStoreSize": 3,
  "documentsCount": 0,
  "filesCount": 6,
  "isInitialLoad": true,
}
[90mstdout[2m | src/components/ChatSidebar/ToolCallPreview.stories.tsx[2m > [22m[2mTool Executed
[22m[39m[FilesContext] Vector store population complete - 3 total embeddings
[90mstdout[2m | src/components/ChatSidebar/ToolCallPreview.stories.tsx[2m > [22m[2mTool Executed
[22m[39m[ChatContext] Chat exists and not archived, skipping creation
[90mstdout[2m | src/components/ChatSidebar/ToolCallPreview.stories.tsx[2m > [22m[2mTool Executed
[22m[39m[Mock Storage] downloadData called with: undefined
[90mstdout[2m | src/components/ChatSidebar/ToolCallPreview.stories.tsx[2m > [22m[2mTool Error
[22m[39m[ChatContext] Cleaning up subscriptions
[90mstdout[2m | src/components/ChatSidebar/ToolCallPreview.stories.tsx[2m > [22m[2mTool Error
[22m[39m[Mock Data] Unit.onUpdate() subscription removed. Remaining: 0
[90mstdout[2m | src/components/ChatSidebar/ToolCallPreview.stories.tsx[2m > [22m[2mTool Error
[22m[39m[MOCK CourseVectorStore] Initialized with mock data
[90mstdout[2m | src/components/ChatSidebar/ToolCallPreview.stories.tsx[2m > [22m[2mTool Error
[22m[39m[TranslationModeController] Setting mode to: off
[90mstdout[2m | src/components/ChatSidebar/ToolCallPreview.stories.tsx[2m > [22m[2mTool Error
[22m[39m[UnitContext] useEffect triggered {
  "authLoading": false,
  "hasUser": true,
  "id": "mock-unit-id",
  "userSub": "mock-user-sub",
}
[90mstdout[2m | src/components/ChatSidebar/ToolCallPreview.stories.tsx[2m > [22m[2mTool Error
[22m[39m[UnitContext] Fetching unit data for id: mock-unit-id
[90mstdout[2m | src/components/ChatSidebar/ToolCallPreview.stories.tsx[2m > [22m[2mTool Error
[22m[39m[FilesContext] Initializing vector store from IndexedDB
[90mstdout[2m | src/components/ChatSidebar/ToolCallPreview.stories.tsx[2m > [22m[2mTool Error
[22m[39m[FilesContext] fetchFiles called
[90mstdout[2m | src/components/ChatSidebar/ToolCallPreview.stories.tsx[2m > [22m[2mTool Error
[22m[39m[FilesContext] User authenticated: mock-user-sub
[90mstdout[2m | src/components/ChatSidebar/ToolCallPreview.stories.tsx[2m > [22m[2mTool Error
[22m[39m[FilesContext] Identity ID: us-east-1:mock-identity-123
[90mstdout[2m | src/components/ChatSidebar/ToolCallPreview.stories.tsx[2m > [22m[2mTool Error
[22m[39m[FilesContext] About to set up File observeQuery
[90mstdout[2m | src/components/ChatSidebar/ToolCallPreview.stories.tsx[2m > [22m[2mTool Error
[22m[39m[ChatContext] Setting up AssistantChat observeQuery
[90mstdout[2m | src/components/ChatSidebar/ToolCallPreview.stories.tsx[2m > [22m[2mTool Error
[22m[39m[ChatContext] Waiting for subscription to initialize
[90mstdout[2m | src/components/ChatSidebar/ToolCallPreview.stories.tsx[2m > [22m[2mTool Error
[22m[39m[SettingsContext] Setting up Settings subscription for user: mock-user-sub
[90mstdout[2m | src/components/ChatSidebar/ToolCallPreview.stories.tsx[2m > [22m[2mTool Error
[22m[39m[Mock Data] Settings created: mock-settings-1790416358363 - notified 0 subscribers
[90mstdout[2m | src/components/ChatSidebar/ToolCallPreview.stories.tsx[2m > [22m[2mTool Error
[22m[39m[Mock Data] Unit.onUpdate() subscription added. Total: 1
[90mstdout[2m | src/components/ChatSidebar/ToolCallPreview.stories.tsx[2m > [22m[2mTool Error
[22m[39m[SectionContext] Section observeQuery update: 0
[90mstdout[2m | src/components/ChatSidebar/ToolCallPreview.stories.tsx[2m > [22m[2mTool Error
[22m[39m[FilesContext] File observeQuery update: 6 files
[90mstdout[2m | src/components/ChatSidebar/ToolCallPreview.stories.tsx[2m > [22m[2mTool Error
[22m[39m[ChatContext] AssistantChat initialized with 1 chats
[90mstdout[2m | src/components/ChatSidebar/ToolCallPreview.stories.tsx[2m > [22m[2mTool Error
[22m[39m[ChatContext] Setting initial chat: mock-assistant-chat-1
[90mstdout[2m | src/components/ChatSidebar/ToolCallPreview.stories.tsx[2m > [22m[2mTool Error
[22m[39m[MOCK CourseVectorStore] Initialized with mock data
[90mstdout[2m | src/components/ChatSidebar/ToolCallPreview.stories.tsx[2m > [22m[2mTool Error
[22m[39m[FilesContext] Vector store population triggered {
  "currentVectorStoreSize": 3,
  "documentsCount": 0,
  "filesCount": 6,
  "isInitialLoad": true,
}
[90mstdout[2m | src/components/ChatSidebar/ToolCallPreview.stories.tsx[2m > [22m[2mTool Error
[22m[39m[FilesContext] Vector store population complete - 3 total embeddings
[90mstdout[2m | src/components/ChatSidebar/ToolCallPreview.stories.tsx[2m > [22m[2mTool Error
[22m[39m[ChatContext] Chat exists and not archived, skipping creation
[90mstdout[2m | src/components/ChatSidebar/ToolCallPreview.stories.tsx[2m > [22m[2mTool Error
[22m[39m[Mock Storage] downloadData called with: undefined
[90mstdout[2m | src/components/ChatSidebar/ToolCallPreview.stories.tsx[2m > [22m[2mCompact View
[22m[39m[ChatContext] Cleaning up subscriptions
[90mstdout[2m | src/components/ChatSidebar/ToolCallPreview.stories.tsx[2m > [22m[2mCompact View
[22m[39m[Mock Data] Unit.onUpdate() subscription removed. Remaining: 0
[90mstdout[2m | src/components/ChatSidebar/ToolCallPreview.stories.tsx[2m > [22m[2mCompact View
[22m[39m[MOCK CourseVectorStore] Initialized with mock data
[90mstdout[2m | src/components/ChatSidebar/ToolCallPreview.stories.tsx[2m > [22m[2mCompact View
[22m[39m[TranslationModeController] Setting mode to: off
[90mstdout[2m | src/components/ChatSidebar/ToolCallPreview.stories.tsx[2m > [22m[2mCompact View
[22m[39m[UnitContext] useEffect triggered {
  "authLoading": false,
  "hasUser": true,
  "id": "mock-unit-id",
  "userSub": "mock-user-sub",
}
[90mstdout[2m | src/components/ChatSidebar/ToolCallPreview.stories.tsx[2m > [22m[2mCompact View
[22m[39m[UnitContext] Fetching unit data for id: mock-unit-id
[90mstdout[2m | src/components/ChatSidebar/ToolCallPreview.stories.tsx[2m > [22m[2mCompact View
[22m[39m[FilesContext] Initializing vector store from IndexedDB
[90mstdout[2m | src/components/ChatSidebar/ToolCallPreview.stories.tsx[2m > [22m[2mCompact View
[22m[39m[FilesContext] fetchFiles called
[90mstdout[2m | src/components/ChatSidebar/ToolCallPreview.stories.tsx[2m > [22m[2mCompact View
[22m[39m[FilesContext] User authenticated: mock-user-sub
[90mstdout[2m | src/components/ChatSidebar/ToolCallPreview.stories.tsx[2m > [22m[2mCompact View
[22m[39m[FilesContext] Identity ID: us-east-1:mock-identity-123
[90mstdout[2m | src/components/ChatSidebar/ToolCallPreview.stories.tsx[2m > [22m[2mCompact View
[22m[39m[FilesContext] About to set up File observeQuery
[90mstdout[2m | src/components/ChatSidebar/ToolCallPreview.stories.tsx[2m > [22m[2mCompact View
[22m[39m[ChatContext] Setting up AssistantChat observeQuery
[90mstdout[2m | src/components/ChatSidebar/ToolCallPreview.stories.tsx[2m > [22m[2mCompact View
[22m[39m[ChatContext] Waiting for subscription to initialize
[90mstdout[2m | src/components/ChatSidebar/ToolCallPreview.stories.tsx[2m > [22m[2mCompact View
[22m[39m[SettingsContext] Setting up Settings subscription for user: mock-user-sub
[90mstdout[2m | src/components/ChatSidebar/ToolCallPreview.stories.tsx[2m > [22m[2mCompact View
[22m[39m[Mock Data] Settings created: mock-settings-1790416358501 - notified 0 subscribers
[90mstdout[2m | src/components/ChatSidebar/ToolCallPreview.stories.tsx[2m > [22m[2mCompact View
[22m[39m[Mock Data] Unit.onUpdate() subscription added. Total: 1
[90mstdout[2m | src/components/ChatSidebar/ToolCallPreview.stories.tsx[2m > [22m[2mCompact View
[22m[39m[SectionContext] Section observeQuery update: 0
[90mstdout[2m | src/components/ChatSidebar/ToolCallPreview.stories.tsx[2m > [22m[2mCompact View
[22m[39m[FilesContext] File observeQuery update: 6 files
[90mstdout[2m | src/components/ChatSidebar/ToolCallPreview.stories.tsx[2m > [22m[2mCompact View
[22m[39m[ChatContext] AssistantChat initialized with 1 chats
[90mstdout[2m | src/components/ChatSidebar/ToolCallPreview.stories.tsx[2m > [22m[2mCompact View
[22m[39m[ChatContext] Setting initial chat: mock-assistant-chat-1
[90mstdout[2m | src/components/ChatSidebar/ToolCallPreview.stories.tsx[2m > [22m[2mCompact View
[22m[39m[MOCK CourseVectorStore] Initialized with mock data
[90mstdout[2m | src/components/ChatSidebar/ToolCallPreview.stories.tsx[2m > [22m[2mCompact View
[22m[39m[FilesContext] Vector store population triggered {
  "currentVectorStoreSize": 3,
  "documentsCount": 0,
  "filesCount": 6,
  "isInitialLoad": true,
}
[90mstdout[2m | src/components/ChatSidebar/ToolCallPreview.stories.tsx[2m > [22m[2mCompact View
[22m[39m[FilesContext] Vector store population complete - 3 total embeddings
[90mstdout[2m | src/components/ChatSidebar/ToolCallPreview.stories.tsx[2m > [22m[2mCompact View
[22m[39m[ChatContext] Chat exists and not archived, skipping creation
[90mstdout[2m | src/components/ChatSidebar/ToolCallPreview.stories.tsx[2m > [22m[2mCompact View
[22m[39m[Mock Storage] downloadData called with: undefined
[90mstdout[2m | src/components/ChatSidebar/ToolCallPreview.stories.tsx[2m > [22m[2mAll Tool Types
[22m[39m[ChatContext] Cleaning up subscriptions
[90mstdout[2m | src/components/ChatSidebar/ToolCallPreview.stories.tsx[2m > [22m[2mAll Tool Types
[22m[39m[Mock Data] Unit.onUpdate() subscription removed. Remaining: 0
[90mstdout[2m | src/components/ChatSidebar/ToolCallPreview.stories.tsx[2m > [22m[2mAll Tool Types
[22m[39m[MOCK CourseVectorStore] Initialized with mock data
[90mstdout[2m | src/components/ChatSidebar/ToolCallPreview.stories.tsx[2m > [22m[2mAll Tool Types
[22m[39m[TranslationModeController] Setting mode to: off
[90mstdout[2m | src/components/ChatSidebar/ToolCallPreview.stories.tsx[2m > [22m[2mAll Tool Types
[22m[39m[UnitContext] useEffect triggered {
  "authLoading": false,
  "hasUser": true,
  "id": "mock-unit-id",
  "userSub": "mock-user-sub",
}
[90mstdout[2m | src/components/ChatSidebar/ToolCallPreview.stories.tsx[2m > [22m[2mAll Tool Types
[22m[39m[UnitContext] Fetching unit data for id: mock-unit-id
[90mstdout[2m | src/components/ChatSidebar/ToolCallPreview.stories.tsx[2m > [22m[2mAll Tool Types
[22m[39m[FilesContext] Initializing vector store from IndexedDB
[90mstdout[2m | src/components/ChatSidebar/ToolCallPreview.stories.tsx[2m > [22m[2mAll Tool Types
[22m[39m[FilesContext] fetchFiles called
[90mstdout[2m | src/components/ChatSidebar/ToolCallPreview.stories.tsx[2m > [22m[2mAll Tool Types
[22m[39m[FilesContext] User authenticated: mock-user-sub
[90mstdout[2m | src/components/ChatSidebar/ToolCallPreview.stories.tsx[2m > [22m[2mAll Tool Types
[22m[39m[FilesContext] Identity ID: us-east-1:mock-identity-123
[90mstdout[2m | src/components/ChatSidebar/ToolCallPreview.stories.tsx[2m > [22m[2mAll Tool Types
[22m[39m[FilesContext] About to set up File observeQuery
[90mstdout[2m | src/components/ChatSidebar/ToolCallPreview.stories.tsx[2m > [22m[2mAll Tool Types
[22m[39m[ChatContext] Setting up AssistantChat observeQuery
[90mstdout[2m | src/components/ChatSidebar/ToolCallPreview.stories.tsx[2m > [22m[2mAll Tool Types
[22m[39m[ChatContext] Waiting for subscription to initialize
[90mstdout[2m | src/components/ChatSidebar/ToolCallPreview.stories.tsx[2m > [22m[2mAll Tool Types
[22m[39m[SettingsContext] Setting up Settings subscription for user: mock-user-sub
[90mstdout[2m | src/components/ChatSidebar/ToolCallPreview.stories.tsx[2m > [22m[2mAll Tool Types
[22m[39m[Mock Data] Settings created: mock-settings-1790416358688 - notified 0 subscribers
[90mstdout[2m | src/components/ChatSidebar/ToolCallPreview.stories.tsx[2m > [22m[2mAll Tool Types
[22m[39m[Mock Data] Unit.onUpdate() subscription added. Total: 1
[90mstdout[2m | src/components/ChatSidebar/ToolCallPreview.stories.tsx[2m > [22m[2mAll Tool Types
[22m[39m[SectionContext] Section observeQuery update: 0
[90mstdout[2m | src/components/ChatSidebar/ToolCallPreview.stories.tsx[2m > [22m[2mAll Tool Types
[22m[39m[FilesContext] File observeQuery update: 6 files
[90mstdout[2m | src/components/ChatSidebar/ToolCallPreview.stories.tsx[2m > [22m[2mAll Tool Types
[22m[39m[ChatContext] AssistantChat initialized with 1 chats
[90mstdout[2m | src/components/ChatSidebar/ToolCallPreview.stories.tsx[2m > [22m[2mAll Tool Types
[22m[39m[ChatContext] Setting initial chat: mock-assistant-chat-1
[90mstdout[2m | src/components/ChatSidebar/ToolCallPreview.stories.tsx[2m > [22m[2mAll Tool Types
[22m[39m[MOCK CourseVectorStore] Initialized with mock data
[90mstdout[2m | src/components/ChatSidebar/ToolCallPreview.stories.tsx[2m > [22m[2mAll Tool Types
[22m[39m[FilesContext] Vector store population triggered {
  "currentVectorStoreSize": 3,
  "documentsCount": 0,
  "filesCount": 6,
  "isInitialLoad": true,
}
[90mstdout[2m | src/components/ChatSidebar/ToolCallPreview.stories.tsx[2m > [22m[2mAll Tool Types
[22m[39m[FilesContext] Vector store population complete - 3 total embeddings
[90mstdout[2m | src/components/ChatSidebar/ToolCallPreview.stories.tsx[2m > [22m[2mAll Tool Types
[22m[39m[ChatContext] Chat exists and not archived, skipping creation
[90mstdout[2m | src/components/ChatSidebar/ToolCallPreview.stories.tsx[2m > [22m[2mAll Tool Types
[22m[39m[Mock Storage] downloadData called with: undefined
 [32m✓[39m [30m[45m storybook (chromium) [49m[39m src/components/ChatSidebar/ToolCallPreview.stories.tsx [2m([22m[2m8 tests[22m[2m)[22m[33m 1507[2mms[22m[39m
[90mstdout[2m | unknown test
[22m[39m[MOCK vectorStoreDB.js] Module loaded - mock IndexedDB operations
[90mstdout[2m | unknown test
[22m[39m[Task Completion] DOM action listeners initialized
[90mstdout[2m | unknown test
[22m[39m[Task Completion] Auto-completion detector initialized
[90mstdout[2m | unknown test
[22m[39m[Preview] Task completion detector initialized
[90mstdout[2m | src/components/MainToolbar.stories.jsx[2m > [22m[2mFull Toolbar
[22m[39m[MOCK CourseVectorStore] Initialized with mock data
[90mstdout[2m | src/components/MainToolbar.stories.jsx[2m > [22m[2mFull Toolbar
[22m[39m[TranslationModeController] Setting mode to: off
[90mstdout[2m | src/components/MainToolbar.stories.jsx[2m > [22m[2mFull Toolbar
[22m[39m[UnitContext] useEffect triggered {
  "authLoading": false,
  "hasUser": true,
  "id": "mock-unit-id",
  "userSub": "mock-user-sub",
}
[90mstdout[2m | src/components/MainToolbar.stories.jsx[2m > [22m[2mFull Toolbar
[22m[39m[UnitContext] Fetching unit data for id: mock-unit-id
[90mstdout[2m | src/components/MainToolbar.stories.jsx[2m > [22m[2mFull Toolbar
[22m[39m[FilesContext] Initializing vector store from IndexedDB
[90mstdout[2m | src/components/MainToolbar.stories.jsx[2m > [22m[2mFull Toolbar
[22m[39m[FilesContext] fetchFiles called
[90mstdout[2m | src/components/MainToolbar.stories.jsx[2m > [22m[2mFull Toolbar
[22m[39m[FilesContext] User authenticated: mock-user-sub
[90mstdout[2m | src/components/MainToolbar.stories.jsx[2m > [22m[2mFull Toolbar
[22m[39m[FilesContext] Identity ID: us-east-1:mock-identity-123
[90mstdout[2m | src/components/MainToolbar.stories.jsx[2m > [22m[2mFull Toolbar
[22m[39m[FilesContext] About to set up File observeQuery
[90mstdout[2m | src/components/MainToolbar.stories.jsx[2m > [22m[2mFull Toolbar
[22m[39m[ChatContext] Setting up AssistantChat observeQuery
[90mstdout[2m | src/components/MainToolbar.stories.jsx[2m > [22m[2mFull Toolbar
[22m[39m[ChatContext] Waiting for subscription to initialize
[90mstdout[2m | src/components/MainToolbar.stories.jsx[2m > [22m[2mFull Toolbar
[22m[39m[SettingsContext] Setting up Settings subscription for user: mock-user-sub
[90mstdout[2m | src/components/MainToolbar.stories.jsx[2m > [22m[2mFull Toolbar
[22m[39m[Mock Data] Settings created: mock-settings-1790416362839 - notified 0 subscribers
[90mstdout[2m | src/components/MainToolbar.stories.jsx[2m > [22m[2mFull Toolbar
[22m[39m[Mock Data] Unit.onUpdate() subscription added. Total: 1
[90mstdout[2m | src/components/MainToolbar.stories.jsx[2m > [22m[2mFull Toolbar
[22m[39m[SectionContext] Section observeQuery update: 0
[90mstdout[2m | src/components/MainToolbar.stories.jsx[2m > [22m[2mFull Toolbar
[22m[39m[FilesContext] File observeQuery update: 6 files
[90mstdout[2m | src/components/MainToolbar.stories.jsx[2m > [22m[2mFull Toolbar
[22m[39m[ChatContext] AssistantChat initialized with 1 chats
[90mstdout[2m | src/components/MainToolbar.stories.jsx[2m > [22m[2mFull Toolbar
[22m[39m[ChatContext] Setting initial chat: mock-assistant-chat-1
[90mstdout[2m | src/components/MainToolbar.stories.jsx[2m > [22m[2mFull Toolbar
[22m[39m[MOCK CourseVectorStore] Initialized with mock data
[90mstdout[2m | src/components/MainToolbar.stories.jsx[2m > [22m[2mFull Toolbar
[22m[39m[FilesContext] Vector store population triggered {
  "currentVectorStoreSize": 3,
  "documentsCount": 0,
  "filesCount": 6,
  "isInitialLoad": true,
}
[90mstdout[2m | src/components/MainToolbar.stories.jsx[2m > [22m[2mFull Toolbar
[22m[39m[FilesContext] Vector store population complete - 3 total embeddings
[90mstdout[2m | src/components/MainToolbar.stories.jsx[2m > [22m[2mFull Toolbar
[22m[39m[ChatContext] Chat exists and not archived, skipping creation
[90mstdout[2m | src/components/MainToolbar.stories.jsx[2m > [22m[2mFull Toolbar
[22m[39m[Mock Storage] downloadData called with: undefined
[90mstdout[2m | src/components/MainToolbar.stories.jsx[2m > [22m[2mSettings Menu Only
[22m[39m[ChatContext] Cleaning up subscriptions
[90mstdout[2m | src/components/MainToolbar.stories.jsx[2m > [22m[2mSettings Menu Only
[22m[39m[Mock Data] Unit.onUpdate() subscription removed. Remaining: 0
[90mstdout[2m | src/components/MainToolbar.stories.jsx[2m > [22m[2mSettings Menu Only
[22m[39m[MOCK CourseVectorStore] Initialized with mock data
[90mstdout[2m | src/components/MainToolbar.stories.jsx[2m > [22m[2mSettings Menu Only
[22m[39m[TranslationModeController] Setting mode to: off
[90mstdout[2m | src/components/MainToolbar.stories.jsx[2m > [22m[2mSettings Menu Only
[22m[39m[UnitContext] useEffect triggered {
  "authLoading": false,
  "hasUser": true,
  "id": "mock-unit-id",
  "userSub": "mock-user-sub",
}
[90mstdout[2m | src/components/MainToolbar.stories.jsx[2m > [22m[2mSettings Menu Only
[22m[39m[UnitContext] Fetching unit data for id: mock-unit-id
[90mstdout[2m | src/components/MainToolbar.stories.jsx[2m > [22m[2mSettings Menu Only
[22m[39m[FilesContext] Initializing vector store from IndexedDB
[90mstdout[2m | src/components/MainToolbar.stories.jsx[2m > [22m[2mSettings Menu Only
[22m[39m[FilesContext] fetchFiles called
[90mstdout[2m | src/components/MainToolbar.stories.jsx[2m > [22m[2mSettings Menu Only
[22m[39m[FilesContext] User authenticated: mock-user-sub
[90mstdout[2m | src/components/MainToolbar.stories.jsx[2m > [22m[2mSettings Menu Only
[22m[39m[FilesContext] Identity ID: us-east-1:mock-identity-123
[90mstdout[2m | src/components/MainToolbar.stories.jsx[2m > [22m[2mSettings Menu Only
[22m[39m[FilesContext] About to set up File observeQuery
[90mstdout[2m | src/components/MainToolbar.stories.jsx[2m > [22m[2mSettings Menu Only
[22m[39m[ChatContext] Setting up AssistantChat observeQuery
[90mstdout[2m | src/components/MainToolbar.stories.jsx[2m > [22m[2mSettings Menu Only
[22m[39m[ChatContext] Waiting for subscription to initialize
[90mstdout[2m | src/components/MainToolbar.stories.jsx[2m > [22m[2mSettings Menu Only
[22m[39m[SettingsContext] Setting up Settings subscription for user: mock-user-sub
[90mstdout[2m | src/components/MainToolbar.stories.jsx[2m > [22m[2mSettings Menu Only
[22m[39m[Mock Data] Settings created: mock-settings-1790416363057 - notified 0 subscribers
[90mstdout[2m | src/components/MainToolbar.stories.jsx[2m > [22m[2mSettings Menu Only
[22m[39m[Mock Data] Unit.onUpdate() subscription added. Total: 1
[90mstdout[2m | src/components/MainToolbar.stories.jsx[2m > [22m[2mSettings Menu Only
[22m[39m[SectionContext] Section observeQuery update: 0
[90mstdout[2m | src/components/MainToolbar.stories.jsx[2m > [22m[2mSettings Menu Only
[22m[39m[FilesContext] File observeQuery update: 6 files
[90mstdout[2m | src/components/MainToolbar.stories.jsx[2m > [22m[2mSettings Menu Only
[22m[39m[ChatContext] AssistantChat initialized with 1 chats
[90mstdout[2m | src/components/MainToolbar.stories.jsx[2m > [22m[2mSettings Menu Only
[22m[39m[ChatContext] Setting initial chat: mock-assistant-chat-1
[90mstdout[2m | src/components/MainToolbar.stories.jsx[2m > [22m[2mSettings Menu Only
[22m[39m[MOCK CourseVectorStore] Initialized with mock data
[90mstdout[2m | src/components/MainToolbar.stories.jsx[2m > [22m[2mSettings Menu Only
[22m[39m[FilesContext] Vector store population triggered {
  "currentVectorStoreSize": 3,
  "documentsCount": 0,
  "filesCount": 6,
  "isInitialLoad": true,
}
[90mstdout[2m | src/components/MainToolbar.stories.jsx[2m > [22m[2mSettings Menu Only
[22m[39m[FilesContext] Vector store population complete - 3 total embeddings
[90mstdout[2m | src/components/MainToolbar.stories.jsx[2m > [22m[2mSettings Menu Only
[22m[39m[ChatContext] Chat exists and not archived, skipping creation
[90mstdout[2m | src/components/MainToolbar.stories.jsx[2m > [22m[2mSettings Menu Only
[22m[39m[Mock Storage] downloadData called with: undefined
[90mstdout[2m | src/components/MainToolbar.stories.jsx[2m > [22m[2mHelp Menu Only
[22m[39m[ChatContext] Cleaning up subscriptions
[90mstdout[2m | src/components/MainToolbar.stories.jsx[2m > [22m[2mHelp Menu Only
[22m[39m[Mock Data] Unit.onUpdate() subscription removed. Remaining: 0
[90mstdout[2m | src/components/MainToolbar.stories.jsx[2m > [22m[2mHelp Menu Only
[22m[39m[MOCK CourseVectorStore] Initialized with mock data
[90mstdout[2m | src/components/MainToolbar.stories.jsx[2m > [22m[2mHelp Menu Only
[22m[39m[TranslationModeController] Setting mode to: off
[90mstdout[2m | src/components/MainToolbar.stories.jsx[2m > [22m[2mHelp Menu Only
[22m[39m[UnitContext] useEffect triggered {
  "authLoading": false,
  "hasUser": true,
  "id": "mock-unit-id",
  "userSub": "mock-user-sub",
}
[90mstdout[2m | src/components/MainToolbar.stories.jsx[2m > [22m[2mHelp Menu Only
[22m[39m[UnitContext] Fetching unit data for id: mock-unit-id
[90mstdout[2m | src/components/MainToolbar.stories.jsx[2m > [22m[2mHelp Menu Only
[22m[39m[FilesContext] Initializing vector store from IndexedDB
[90mstdout[2m | src/components/MainToolbar.stories.jsx[2m > [22m[2mHelp Menu Only
[22m[39m[FilesContext] fetchFiles called
[90mstdout[2m | src/components/MainToolbar.stories.jsx[2m > [22m[2mHelp Menu Only
[22m[39m[FilesContext] User authenticated: mock-user-sub
[90mstdout[2m | src/components/MainToolbar.stories.jsx[2m > [22m[2mHelp Menu Only
[22m[39m[FilesContext] Identity ID: us-east-1:mock-identity-123
[90mstdout[2m | src/components/MainToolbar.stories.jsx[2m > [22m[2mHelp Menu Only
[22m[39m[FilesContext] About to set up File observeQuery
[90mstdout[2m | src/components/MainToolbar.stories.jsx[2m > [22m[2mHelp Menu Only
[22m[39m[ChatContext] Setting up AssistantChat observeQuery
[90mstdout[2m | src/components/MainToolbar.stories.jsx[2m > [22m[2mHelp Menu Only
[22m[39m[ChatContext] Waiting for subscription to initialize
[90mstdout[2m | src/components/MainToolbar.stories.jsx[2m > [22m[2mHelp Menu Only
[22m[39m[SettingsContext] Setting up Settings subscription for user: mock-user-sub
[90mstdout[2m | src/components/MainToolbar.stories.jsx[2m > [22m[2mHelp Menu Only
[22m[39m[Mock Data] Settings created: mock-settings-1790416363239 - notified 0 subscribers
[90mstdout[2m | src/components/MainToolbar.stories.jsx[2m > [22m[2mHelp Menu Only
[22m[39m[Mock Data] Unit.onUpdate() subscription added. Total: 1
[90mstdout[2m | src/components/MainToolbar.stories.jsx[2m > [22m[2mHelp Menu Only
[22m[39m[SectionContext] Section observeQuery update: 0
[90mstdout[2m | src/components/MainToolbar.stories.jsx[2m > [22m[2mHelp Menu Only
[22m[39m[FilesContext] File observeQuery update: 6 files
[90mstdout[2m | src/components/MainToolbar.stories.jsx[2m > [22m[2mHelp Menu Only
[22m[39m[ChatContext] AssistantChat initialized with 1 chats
[90mstdout[2m | src/components/MainToolbar.stories.jsx[2m > [22m[2mHelp Menu Only
[22m[39m[ChatContext] Setting initial chat: mock-assistant-chat-1
[90mstdout[2m | src/components/MainToolbar.stories.jsx[2m > [22m[2mHelp Menu Only
[22m[39m[Mock Storage] downloadData called with: undefined
[90mstdout[2m | src/components/MainToolbar.stories.jsx[2m > [22m[2mHelp Menu Only
[22m[39m[MOCK CourseVectorStore] Initialized with mock data
[90mstdout[2m | src/components/MainToolbar.stories.jsx[2m > [22m[2mHelp Menu Only
[22m[39m[FilesContext] Vector store population triggered {
  "currentVectorStoreSize": 3,
  "documentsCount": 0,
  "filesCount": 6,
  "isInitialLoad": true,
}
[90mstdout[2m | src/components/MainToolbar.stories.jsx[2m > [22m[2mHelp Menu Only
[22m[39m[FilesContext] Vector store population complete - 3 total embeddings
[90mstdout[2m | src/components/MainToolbar.stories.jsx[2m > [22m[2mHelp Menu Only
[22m[39m[ChatContext] Chat exists and not archived, skipping creation
[90mstdout[2m | src/components/MainToolbar.stories.jsx[2m > [22m[2mUser Menu Only
[22m[39m[ChatContext] Cleaning up subscriptions
[90mstdout[2m | src/components/MainToolbar.stories.jsx[2m > [22m[2mUser Menu Only
[22m[39m[Mock Data] Unit.onUpdate() subscription removed. Remaining: 0
[90mstdout[2m | src/components/MainToolbar.stories.jsx[2m > [22m[2mUser Menu Only
[22m[39m[MOCK CourseVectorStore] Initialized with mock data
[90mstdout[2m | src/components/MainToolbar.stories.jsx[2m > [22m[2mUser Menu Only
[22m[39m[TranslationModeController] Setting mode to: off
[90mstdout[2m | src/components/MainToolbar.stories.jsx[2m > [22m[2mUser Menu Only
[22m[39m[UnitContext] useEffect triggered {
  "authLoading": false,
  "hasUser": true,
  "id": "mock-unit-id",
  "userSub": "mock-user-sub",
}
[90mstdout[2m | src/components/MainToolbar.stories.jsx[2m > [22m[2mUser Menu Only
[22m[39m[UnitContext] Fetching unit data for id: mock-unit-id
[90mstdout[2m | src/components/MainToolbar.stories.jsx[2m > [22m[2mUser Menu Only
[22m[39m[FilesContext] Initializing vector store from IndexedDB
[90mstdout[2m | src/components/MainToolbar.stories.jsx[2m > [22m[2mUser Menu Only
[22m[39m[FilesContext] fetchFiles called
[90mstdout[2m | src/components/MainToolbar.stories.jsx[2m > [22m[2mUser Menu Only
[22m[39m[FilesContext] User authenticated: mock-user-sub
[90mstdout[2m | src/components/MainToolbar.stories.jsx[2m > [22m[2mUser Menu Only
[22m[39m[FilesContext] Identity ID: us-east-1:mock-identity-123
[90mstdout[2m | src/components/MainToolbar.stories.jsx[2m > [22m[2mUser Menu Only
[22m[39m[FilesContext] About to set up File observeQuery
[90mstdout[2m | src/components/MainToolbar.stories.jsx[2m > [22m[2mUser Menu Only
[22m[39m[ChatContext] Setting up AssistantChat observeQuery
[90mstdout[2m | src/components/MainToolbar.stories.jsx[2m > [22m[2mUser Menu Only
[22m[39m[ChatContext] Waiting for subscription to initialize
[90mstdout[2m | src/components/MainToolbar.stories.jsx[2m > [22m[2mUser Menu Only
[22m[39m[SettingsContext] Setting up Settings subscription for user: mock-user-sub
[90mstdout[2m | src/components/MainToolbar.stories.jsx[2m > [22m[2mUser Menu Only
[22m[39m[Mock Data] Settings created: mock-settings-1790416363353 - notified 0 subscribers
[90mstdout[2m | src/components/MainToolbar.stories.jsx[2m > [22m[2mUser Menu Only
[22m[39m[Mock Data] Unit.onUpdate() subscription added. Total: 1
[90mstdout[2m | src/components/MainToolbar.stories.jsx[2m > [22m[2mUser Menu Only
[22m[39m[SectionContext] Section observeQuery update: 0
[90mstdout[2m | src/components/MainToolbar.stories.jsx[2m > [22m[2mUser Menu Only
[22m[39m[FilesContext] File observeQuery update: 6 files
[90mstdout[2m | src/components/MainToolbar.stories.jsx[2m > [22m[2mUser Menu Only
[22m[39m[Mock Storage] downloadData called with: undefined
[90mstdout[2m | src/components/MainToolbar.stories.jsx[2m > [22m[2mUser Menu Only
[22m[39m[ChatContext] AssistantChat initialized with 1 chats
[90mstdout[2m | src/components/MainToolbar.stories.jsx[2m > [22m[2mUser Menu Only
[22m[39m[ChatContext] Setting initial chat: mock-assistant-chat-1
[90mstdout[2m | src/components/MainToolbar.stories.jsx[2m > [22m[2mUser Menu Only
[22m[39m[MOCK CourseVectorStore] Initialized with mock data
[90mstdout[2m | src/components/MainToolbar.stories.jsx[2m > [22m[2mUser Menu Only
[22m[39m[FilesContext] Vector store population triggered {
  "currentVectorStoreSize": 3,
  "documentsCount": 0,
  "filesCount": 6,
  "isInitialLoad": true,
}
[90mstdout[2m | src/components/MainToolbar.stories.jsx[2m > [22m[2mUser Menu Only
[22m[39m[FilesContext] Vector store population complete - 3 total embeddings
[90mstdout[2m | src/components/MainToolbar.stories.jsx[2m > [22m[2mUser Menu Only
[22m[39m[ChatContext] Chat exists and not archived, skipping creation
[90mstdout[2m | src/components/MainToolbar.stories.jsx[2m > [22m[2mJoin Section Demo
[22m[39m[ChatContext] Cleaning up subscriptions
[90mstdout[2m | src/components/MainToolbar.stories.jsx[2m > [22m[2mJoin Section Demo
[22m[39m[Mock Data] Unit.onUpdate() subscription removed. Remaining: 0
[90mstdout[2m | src/components/MainToolbar.stories.jsx[2m > [22m[2mJoin Section Demo
[22m[39m[MOCK CourseVectorStore] Initialized with mock data
[90mstdout[2m | src/components/MainToolbar.stories.jsx[2m > [22m[2mJoin Section Demo
[22m[39m[TranslationModeController] Setting mode to: off
[90mstdout[2m | src/components/MainToolbar.stories.jsx[2m > [22m[2mJoin Section Demo
[22m[39m[UnitContext] useEffect triggered {
  "authLoading": false,
  "hasUser": true,
  "id": "mock-unit-id",
  "userSub": "mock-user-sub",
}
[90mstdout[2m | src/components/MainToolbar.stories.jsx[2m > [22m[2mJoin Section Demo
[22m[39m[UnitContext] Fetching unit data for id: mock-unit-id
[90mstdout[2m | src/components/MainToolbar.stories.jsx[2m > [22m[2mJoin Section Demo
[22m[39m[FilesContext] Initializing vector store from IndexedDB
[90mstdout[2m | src/components/MainToolbar.stories.jsx[2m > [22m[2mJoin Section Demo
[22m[39m[FilesContext] fetchFiles called
[90mstdout[2m | src/components/MainToolbar.stories.jsx[2m > [22m[2mJoin Section Demo
[22m[39m[FilesContext] User authenticated: mock-user-sub
[90mstdout[2m | src/components/MainToolbar.stories.jsx[2m > [22m[2mJoin Section Demo
[22m[39m[FilesContext] Identity ID: us-east-1:mock-identity-123
[90mstdout[2m | src/components/MainToolbar.stories.jsx[2m > [22m[2mJoin Section Demo
[22m[39m[FilesContext] About to set up File observeQuery
[90mstdout[2m | src/components/MainToolbar.stories.jsx[2m > [22m[2mJoin Section Demo
[22m[39m[ChatContext] Setting up AssistantChat observeQuery
[90mstdout[2m | src/components/MainToolbar.stories.jsx[2m > [22m[2mJoin Section Demo
[22m[39m[ChatContext] Waiting for subscription to initialize
[90mstdout[2m | src/components/MainToolbar.stories.jsx[2m > [22m[2mJoin Section Demo
[22m[39m[SettingsContext] Setting up Settings subscription for user: mock-user-sub
[90mstdout[2m | src/components/MainToolbar.stories.jsx[2m > [22m[2mJoin Section Demo
[22m[39m[Mock Data] Settings created: mock-settings-1790416363598 - notified 0 subscribers
[90mstdout[2m | src/components/MainToolbar.stories.jsx[2m > [22m[2mJoin Section Demo
[22m[39m[Mock Data] Unit.onUpdate() subscription added. Total: 1
[90mstdout[2m | src/components/MainToolbar.stories.jsx[2m > [22m[2mJoin Section Demo
[22m[39m[SectionContext] Section observeQuery update: 0
[90mstdout[2m | src/components/MainToolbar.stories.jsx[2m > [22m[2mJoin Section Demo
[22m[39m[FilesContext] File observeQuery update: 6 files
[90mstdout[2m | src/components/MainToolbar.stories.jsx[2m > [22m[2mJoin Section Demo
[22m[39m[ChatContext] AssistantChat initialized with 1 chats
[90mstdout[2m | src/components/MainToolbar.stories.jsx[2m > [22m[2mJoin Section Demo
[22m[39m[ChatContext] Setting initial chat: mock-assistant-chat-1
[90mstdout[2m | src/components/MainToolbar.stories.jsx[2m > [22m[2mJoin Section Demo
[22m[39m[MOCK CourseVectorStore] Initialized with mock data
[90mstdout[2m | src/components/MainToolbar.stories.jsx[2m > [22m[2mJoin Section Demo
[22m[39m[FilesContext] Vector store population triggered {
  "currentVectorStoreSize": 3,
  "documentsCount": 0,
  "filesCount": 6,
  "isInitialLoad": true,
}
[90mstdout[2m | src/components/MainToolbar.stories.jsx[2m > [22m[2mJoin Section Demo
[22m[39m[FilesContext] Vector store population complete - 3 total embeddings
[90mstdout[2m | src/components/MainToolbar.stories.jsx[2m > [22m[2mJoin Section Demo
[22m[39m[ChatContext] Chat exists and not archived, skipping creation
[90mstdout[2m | src/components/MainToolbar.stories.jsx[2m > [22m[2mJoin Section Demo
[22m[39m[Mock Storage] downloadData called with: undefined
 [32m✓[39m [30m[45m storybook (chromium) [49m[39m src/components/MainToolbar.stories.jsx [2m([22m[2m5 tests[22m[2m)[22m[33m 1325[2mms[22m[39m
   [33m[2m✓[22m[39m Full Toolbar [33m 359[2mms[22m[39m
   [33m[2m✓[22m[39m Join Section Demo [33m 518[2mms[22m[39m
[90mstdout[2m | unknown test
[22m[39m[MOCK vectorStoreDB.js] Module loaded - mock IndexedDB operations
[90mstdout[2m | unknown test
[22m[39m[Task Completion] DOM action listeners initialized
[90mstdout[2m | unknown test
[22m[39m[Task Completion] Auto-completion detector initialized
[90mstdout[2m | unknown test
[22m[39m[Preview] Task completion detector initialized
[90mstdout[2m | src/components/Chat/Chat.stories.tsx[2m > [22m[2mDefault
[22m[39m[MOCK CourseVectorStore] Initialized with mock data
[90mstdout[2m | src/components/Chat/Chat.stories.tsx[2m > [22m[2mDefault
[22m[39m[TranslationModeController] Setting mode to: off
[90mstdout[2m | src/components/Chat/Chat.stories.tsx[2m > [22m[2mDefault
[22m[39m[UnitContext] useEffect triggered {
  "authLoading": false,
  "hasUser": true,
  "id": "mock-unit-id",
  "userSub": "mock-user-sub",
}
[90mstdout[2m | src/components/Chat/Chat.stories.tsx[2m > [22m[2mDefault
[22m[39m[UnitContext] Fetching unit data for id: mock-unit-id
[90mstdout[2m | src/components/Chat/Chat.stories.tsx[2m > [22m[2mDefault
[22m[39m[FilesContext] Initializing vector store from IndexedDB
[90mstdout[2m | src/components/Chat/Chat.stories.tsx[2m > [22m[2mDefault
[22m[39m[FilesContext] fetchFiles called
[90mstdout[2m | src/components/Chat/Chat.stories.tsx[2m > [22m[2mDefault
[22m[39m[FilesContext] User authenticated: mock-user-sub
[90mstdout[2m | src/components/Chat/Chat.stories.tsx[2m > [22m[2mDefault
[22m[39m[FilesContext] Identity ID: us-east-1:mock-identity-123
[90mstdout[2m | src/components/Chat/Chat.stories.tsx[2m > [22m[2mDefault
[22m[39m[FilesContext] About to set up File observeQuery
[90mstdout[2m | src/components/Chat/Chat.stories.tsx[2m > [22m[2mDefault
[22m[39m[ChatContext] Setting up AssistantChat observeQuery
[90mstdout[2m | src/components/Chat/Chat.stories.tsx[2m > [22m[2mDefault
[22m[39m[ChatContext] Waiting for subscription to initialize
[90mstdout[2m | src/components/Chat/Chat.stories.tsx[2m > [22m[2mDefault
[22m[39m[SettingsContext] Setting up Settings subscription for user: mock-user-sub
[90mstdout[2m | src/components/Chat/Chat.stories.tsx[2m > [22m[2mDefault
[22m[39m[Mock Data] Settings created: mock-settings-1790416364675 - notified 0 subscribers
[90mstdout[2m | src/components/Chat/Chat.stories.tsx[2m > [22m[2mDefault
[22m[39m[Mock Data] Unit.onUpdate() subscription added. Total: 1
[90mstdout[2m | src/components/Chat/Chat.stories.tsx[2m > [22m[2mDefault
[22m[39m[YjsProvider] chat-section-section-123 connection status: connected
[90mstdout[2m | src/components/Chat/Chat.stories.tsx[2m > [22m[2mDefault
[22m[39m[YjsProvider] chat-section-section-123 synced with server
[90mstdout[2m | src/components/Chat/Chat.stories.tsx[2m > [22m[2mDefault
[22m[39m[SectionContext] Section observeQuery update: 0
[90mstdout[2m | src/components/Chat/Chat.stories.tsx[2m > [22m[2mDefault
[22m[39m[FilesContext] File observeQuery update: 6 files
[90mstdout[2m | src/components/Chat/Chat.stories.tsx[2m > [22m[2mDefault
[22m[39m[ChatContext] AssistantChat initialized with 1 chats
[90mstdout[2m | src/components/Chat/Chat.stories.tsx[2m > [22m[2mDefault
[22m[39m[ChatContext] Setting initial chat: mock-assistant-chat-1
[90mstdout[2m | src/components/Chat/Chat.stories.tsx[2m > [22m[2mDefault
[22m[39m[MOCK CourseVectorStore] Initialized with mock data
[90mstdout[2m | src/components/Chat/Chat.stories.tsx[2m > [22m[2mDefault
[22m[39m[FilesContext] Vector store population triggered {
  "currentVectorStoreSize": 3,
  "documentsCount": 0,
  "filesCount": 6,
  "isInitialLoad": true,
}
[90mstdout[2m | src/components/Chat/Chat.stories.tsx[2m > [22m[2mDefault
[22m[39m[FilesContext] Vector store population complete - 3 total embeddings
[90mstdout[2m | src/components/Chat/Chat.stories.tsx[2m > [22m[2mDefault
[22m[39m[ChatContext] Chat exists and not archived, skipping creation
[90mstdout[2m | src/components/Chat/Chat.stories.tsx[2m > [22m[2mDefault
[22m[39m[Mock Storage] downloadData called with: undefined
[90mstdout[2m | src/components/Chat/Chat.stories.tsx[2m > [22m[2mTopic List Default
[22m[39m[ChatContext] Cleaning up subscriptions
[90mstdout[2m | src/components/Chat/Chat.stories.tsx[2m > [22m[2mTopic List Default
[22m[39m[Mock Data] Unit.onUpdate() subscription removed. Remaining: 0
[90mstdout[2m | src/components/Chat/Chat.stories.tsx[2m > [22m[2mTopic List Default
[22m[39m[YjsProvider] chat-section-section-123 connection status: disconnected
[90mstdout[2m | src/components/Chat/Chat.stories.tsx[2m > [22m[2mTopic List Default
[22m[39m[MOCK CourseVectorStore] Initialized with mock data
[90mstdout[2m | src/components/Chat/Chat.stories.tsx[2m > [22m[2mTopic List Default
[22m[39m[TranslationModeController] Setting mode to: off
[90mstdout[2m | src/components/Chat/Chat.stories.tsx[2m > [22m[2mTopic List Default
[22m[39m[UnitContext] useEffect triggered {
  "authLoading": false,
  "hasUser": true,
  "id": "mock-unit-id",
  "userSub": "mock-user-sub",
}
[90mstdout[2m | src/components/Chat/Chat.stories.tsx[2m > [22m[2mTopic List Default
[22m[39m[UnitContext] Fetching unit data for id: mock-unit-id
[90mstdout[2m | src/components/Chat/Chat.stories.tsx[2m > [22m[2mTopic List Default
[22m[39m[FilesContext] Initializing vector store from IndexedDB
[90mstdout[2m | src/components/Chat/Chat.stories.tsx[2m > [22m[2mTopic List Default
[22m[39m[FilesContext] fetchFiles called
[90mstdout[2m | src/components/Chat/Chat.stories.tsx[2m > [22m[2mTopic List Default
[22m[39m[FilesContext] User authenticated: mock-user-sub
[90mstdout[2m | src/components/Chat/Chat.stories.tsx[2m > [22m[2mTopic List Default
[22m[39m[FilesContext] Identity ID: us-east-1:mock-identity-123
[90mstdout[2m | src/components/Chat/Chat.stories.tsx[2m > [22m[2mTopic List Default
[22m[39m[FilesContext] About to set up File observeQuery
[90mstdout[2m | src/components/Chat/Chat.stories.tsx[2m > [22m[2mTopic List Default
[22m[39m[ChatContext] Setting up AssistantChat observeQuery
[90mstdout[2m | src/components/Chat/Chat.stories.tsx[2m > [22m[2mTopic List Default
[22m[39m[ChatContext] Waiting for subscription to initialize
[90mstdout[2m | src/components/Chat/Chat.stories.tsx[2m > [22m[2mTopic List Default
[22m[39m[SettingsContext] Setting up Settings subscription for user: mock-user-sub
[90mstdout[2m | src/components/Chat/Chat.stories.tsx[2m > [22m[2mTopic List Default
[22m[39m[Mock Data] Settings created: mock-settings-1790416364812 - notified 0 subscribers
[90mstdout[2m | src/components/Chat/Chat.stories.tsx[2m > [22m[2mTopic List Default
[22m[39m[Mock Data] Unit.onUpdate() subscription added. Total: 1
[90mstdout[2m | src/components/Chat/Chat.stories.tsx[2m > [22m[2mTopic List Default
[22m[39m[SectionContext] Section observeQuery update: 0
[90mstdout[2m | src/components/Chat/Chat.stories.tsx[2m > [22m[2mTopic List Default
[22m[39m[FilesContext] File observeQuery update: 6 files
[90mstdout[2m | src/components/Chat/Chat.stories.tsx[2m > [22m[2mTopic List Default
[22m[39m[ChatContext] AssistantChat initialized with 1 chats
[90mstdout[2m | src/components/Chat/Chat.stories.tsx[2m > [22m[2mTopic List Default
[22m[39m[ChatContext] Setting initial chat: mock-assistant-chat-1
[90mstdout[2m | src/components/Chat/Chat.stories.tsx[2m > [22m[2mTopic List Default
[22m[39m[MOCK CourseVectorStore] Initialized with mock data
[90mstdout[2m | src/components/Chat/Chat.stories.tsx[2m > [22m[2mTopic List Default
[22m[39m[FilesContext] Vector store population triggered {
  "currentVectorStoreSize": 3,
  "documentsCount": 0,
  "filesCount": 6,
  "isInitialLoad": true,
}
[90mstdout[2m | src/components/Chat/Chat.stories.tsx[2m > [22m[2mTopic List Default
[22m[39m[FilesContext] Vector store population complete - 3 total embeddings
[90mstdout[2m | src/components/Chat/Chat.stories.tsx[2m > [22m[2mTopic List Default
[22m[39m[ChatContext] Chat exists and not archived, skipping creation
[90mstdout[2m | src/components/Chat/Chat.stories.tsx[2m > [22m[2mTopic List Default
[22m[39m[Mock Storage] downloadData called with: undefined
[90mstdout[2m | src/components/Chat/Chat.stories.tsx[2m > [22m[2mTopic List With Active
[22m[39m[ChatContext] Cleaning up subscriptions
[90mstdout[2m | src/components/Chat/Chat.stories.tsx[2m > [22m[2mTopic List With Active
[22m[39m[Mock Data] Unit.onUpdate() subscription removed. Remaining: 0
[90mstdout[2m | src/components/Chat/Chat.stories.tsx[2m > [22m[2mTopic List With Active
[22m[39m[MOCK CourseVectorStore] Initialized with mock data
[90mstdout[2m | src/components/Chat/Chat.stories.tsx[2m > [22m[2mTopic List With Active
[22m[39m[TranslationModeController] Setting mode to: off
[90mstdout[2m | src/components/Chat/Chat.stories.tsx[2m > [22m[2mTopic List With Active
[22m[39m[UnitContext] useEffect triggered {
  "authLoading": false,
  "hasUser": true,
  "id": "mock-unit-id",
  "userSub": "mock-user-sub",
}
[90mstdout[2m | src/components/Chat/Chat.stories.tsx[2m > [22m[2mTopic List With Active
[22m[39m[UnitContext] Fetching unit data for id: mock-unit-id
[90mstdout[2m | src/components/Chat/Chat.stories.tsx[2m > [22m[2mTopic List With Active
[22m[39m[FilesContext] Initializing vector store from IndexedDB
[90mstdout[2m | src/components/Chat/Chat.stories.tsx[2m > [22m[2mTopic List With Active
[22m[39m[FilesContext] fetchFiles called
[90mstdout[2m | src/components/Chat/Chat.stories.tsx[2m > [22m[2mTopic List With Active
[22m[39m[FilesContext] User authenticated: mock-user-sub
[90mstdout[2m | src/components/Chat/Chat.stories.tsx[2m > [22m[2mTopic List With Active
[22m[39m[FilesContext] Identity ID: us-east-1:mock-identity-123
[90mstdout[2m | src/components/Chat/Chat.stories.tsx[2m > [22m[2mTopic List With Active
[22m[39m[FilesContext] About to set up File observeQuery
[90mstdout[2m | src/components/Chat/Chat.stories.tsx[2m > [22m[2mTopic List With Active
[22m[39m[ChatContext] Setting up AssistantChat observeQuery
[90mstdout[2m | src/components/Chat/Chat.stories.tsx[2m > [22m[2mTopic List With Active
[22m[39m[ChatContext] Waiting for subscription to initialize
[90mstdout[2m | src/components/Chat/Chat.stories.tsx[2m > [22m[2mTopic List With Active
[22m[39m[SettingsContext] Setting up Settings subscription for user: mock-user-sub
[90mstdout[2m | src/components/Chat/Chat.stories.tsx[2m > [22m[2mTopic List With Active
[22m[39m[Mock Data] Settings created: mock-settings-1790416365125 - notified 0 subscribers
[90mstdout[2m | src/components/Chat/Chat.stories.tsx[2m > [22m[2mTopic List With Active
[22m[39m[Mock Data] Unit.onUpdate() subscription added. Total: 1
[90mstdout[2m | src/components/Chat/Chat.stories.tsx[2m > [22m[2mTopic List With Active
[22m[39m[SectionContext] Section observeQuery update: 0
[90mstdout[2m | src/components/Chat/Chat.stories.tsx[2m > [22m[2mTopic List With Active
[22m[39m[FilesContext] File observeQuery update: 6 files
[90mstdout[2m | src/components/Chat/Chat.stories.tsx[2m > [22m[2mTopic List With Active
[22m[39m[ChatContext] AssistantChat initialized with 1 chats
[90mstdout[2m | src/components/Chat/Chat.stories.tsx[2m > [22m[2mTopic List With Active
[22m[39m[ChatContext] Setting initial chat: mock-assistant-chat-1
[90mstdout[2m | src/components/Chat/Chat.stories.tsx[2m > [22m[2mTopic List With Active
[22m[39m[MOCK CourseVectorStore] Initialized with mock data
[90mstdout[2m | src/components/Chat/Chat.stories.tsx[2m > [22m[2mTopic List With Active
[22m[39m[FilesContext] Vector store population triggered {
  "currentVectorStoreSize": 3,
  "documentsCount": 0,
  "filesCount": 6,
  "isInitialLoad": true,
}
[90mstdout[2m | src/components/Chat/Chat.stories.tsx[2m > [22m[2mTopic List With Active
[22m[39m[FilesContext] Vector store population complete - 3 total embeddings
[90mstdout[2m | src/components/Chat/Chat.stories.tsx[2m > [22m[2mTopic List With Active
[22m[39m[ChatContext] Chat exists and not archived, skipping creation
[90mstdout[2m | src/components/Chat/Chat.stories.tsx[2m > [22m[2mTopic List With Active
[22m[39m[Mock Storage] downloadData called with: undefined
[90mstdout[2m | src/components/Chat/Chat.stories.tsx[2m > [22m[2mTopic List Empty
[22m[39m[ChatContext] Cleaning up subscriptions
[90mstdout[2m | src/components/Chat/Chat.stories.tsx[2m > [22m[2mTopic List Empty
[22m[39m[Mock Data] Unit.onUpdate() subscription removed. Remaining: 0
[90mstdout[2m | src/components/Chat/Chat.stories.tsx[2m > [22m[2mTopic List Empty
[22m[39m[MOCK CourseVectorStore] Initialized with mock data
[90mstdout[2m | src/components/Chat/Chat.stories.tsx[2m > [22m[2mTopic List Empty
[22m[39m[TranslationModeController] Setting mode to: off
[90mstdout[2m | src/components/Chat/Chat.stories.tsx[2m > [22m[2mTopic List Empty
[22m[39m[UnitContext] useEffect triggered {
  "authLoading": false,
  "hasUser": true,
  "id": "mock-unit-id",
  "userSub": "mock-user-sub",
}
[90mstdout[2m | src/components/Chat/Chat.stories.tsx[2m > [22m[2mTopic List Empty
[22m[39m[UnitContext] Fetching unit data for id: mock-unit-id
[90mstdout[2m | src/components/Chat/Chat.stories.tsx[2m > [22m[2mTopic List Empty
[22m[39m[FilesContext] Initializing vector store from IndexedDB
[90mstdout[2m | src/components/Chat/Chat.stories.tsx[2m > [22m[2mTopic List Empty
[22m[39m[FilesContext] fetchFiles called
[90mstdout[2m | src/components/Chat/Chat.stories.tsx[2m > [22m[2mTopic List Empty
[22m[39m[FilesContext] User authenticated: mock-user-sub
[90mstdout[2m | src/components/Chat/Chat.stories.tsx[2m > [22m[2mTopic List Empty
[22m[39m[FilesContext] Identity ID: us-east-1:mock-identity-123
[90mstdout[2m | src/components/Chat/Chat.stories.tsx[2m > [22m[2mTopic List Empty
[22m[39m[FilesContext] About to set up File observeQuery
[90mstdout[2m | src/components/Chat/Chat.stories.tsx[2m > [22m[2mTopic List Empty
[22m[39m[ChatContext] Setting up AssistantChat observeQuery
[90mstdout[2m | src/components/Chat/Chat.stories.tsx[2m > [22m[2mTopic List Empty
[22m[39m[ChatContext] Waiting for subscription to initialize
[90mstdout[2m | src/components/Chat/Chat.stories.tsx[2m > [22m[2mTopic List Empty
[22m[39m[SettingsContext] Setting up Settings subscription for user: mock-user-sub
[90mstdout[2m | src/components/Chat/Chat.stories.tsx[2m > [22m[2mTopic List Empty
[22m[39m[Mock Data] Settings created: mock-settings-1790416365242 - notified 0 subscribers
[90mstdout[2m | src/components/Chat/Chat.stories.tsx[2m > [22m[2mTopic List Empty
[22m[39m[Mock Data] Unit.onUpdate() subscription added. Total: 1
[90mstdout[2m | src/components/Chat/Chat.stories.tsx[2m > [22m[2mTopic List Empty
[22m[39m[SectionContext] Section observeQuery update: 0
[90mstdout[2m | src/components/Chat/Chat.stories.tsx[2m > [22m[2mTopic List Empty
[22m[39m[FilesContext] File observeQuery update: 6 files
[90mstdout[2m | src/components/Chat/Chat.stories.tsx[2m > [22m[2mTopic List Empty
[22m[39m[ChatContext] AssistantChat initialized with 1 chats
[90mstdout[2m | src/components/Chat/Chat.stories.tsx[2m > [22m[2mTopic List Empty
[22m[39m[ChatContext] Setting initial chat: mock-assistant-chat-1
[90mstdout[2m | src/components/Chat/Chat.stories.tsx[2m > [22m[2mTopic List Empty
[22m[39m[MOCK CourseVectorStore] Initialized with mock data
[90mstdout[2m | src/components/Chat/Chat.stories.tsx[2m > [22m[2mTopic List Empty
[22m[39m[FilesContext] Vector store population triggered {
  "currentVectorStoreSize": 3,
  "documentsCount": 0,
  "filesCount": 6,
  "isInitialLoad": true,
}
[90mstdout[2m | src/components/Chat/Chat.stories.tsx[2m > [22m[2mTopic List Empty
[22m[39m[FilesContext] Vector store population complete - 3 total embeddings
[90mstdout[2m | src/components/Chat/Chat.stories.tsx[2m > [22m[2mTopic List Empty
[22m[39m[ChatContext] Chat exists and not archived, skipping creation
[90mstdout[2m | src/components/Chat/Chat.stories.tsx[2m > [22m[2mTopic List Empty
[22m[39m[Mock Storage] downloadData called with: undefined
[90mstdout[2m | src/components/Chat/Chat.stories.tsx[2m > [22m[2mThread View With Messages
[22m[39m[ChatContext] Cleaning up subscriptions
[90mstdout[2m | src/components/Chat/Chat.stories.tsx[2m > [22m[2mThread View With Messages
[22m[39m[Mock Data] Unit.onUpdate() subscription removed. Remaining: 0
[90mstdout[2m | src/components/Chat/Chat.stories.tsx[2m > [22m[2mThread View With Messages
[22m[39m[MOCK CourseVectorStore] Initialized with mock data
[90mstdout[2m | src/components/Chat/Chat.stories.tsx[2m > [22m[2mThread View With Messages
[22m[39m[TranslationModeController] Setting mode to: off
[90mstdout[2m | src/components/Chat/Chat.stories.tsx[2m > [22m[2mThread View With Messages
[22m[39m[UnitContext] useEffect triggered {
  "authLoading": false,
  "hasUser": true,
  "id": "mock-unit-id",
  "userSub": "mock-user-sub",
}
[90mstdout[2m | src/components/Chat/Chat.stories.tsx[2m > [22m[2mThread View With Messages
[22m[39m[UnitContext] Fetching unit data for id: mock-unit-id
[90mstdout[2m | src/components/Chat/Chat.stories.tsx[2m > [22m[2mThread View With Messages
[22m[39m[FilesContext] Initializing vector store from IndexedDB
[90mstdout[2m | src/components/Chat/Chat.stories.tsx[2m > [22m[2mThread View With Messages
[22m[39m[FilesContext] fetchFiles called
[90mstdout[2m | src/components/Chat/Chat.stories.tsx[2m > [22m[2mThread View With Messages
[22m[39m[FilesContext] User authenticated: mock-user-sub
[90mstdout[2m | src/components/Chat/Chat.stories.tsx[2m > [22m[2mThread View With Messages
[22m[39m[FilesContext] Identity ID: us-east-1:mock-identity-123
[90mstdout[2m | src/components/Chat/Chat.stories.tsx[2m > [22m[2mThread View With Messages
[22m[39m[FilesContext] About to set up File observeQuery
[90mstdout[2m | src/components/Chat/Chat.stories.tsx[2m > [22m[2mThread View With Messages
[22m[39m[ChatContext] Setting up AssistantChat observeQuery
[90mstdout[2m | src/components/Chat/Chat.stories.tsx[2m > [22m[2mThread View With Messages
[22m[39m[ChatContext] Waiting for subscription to initialize
[90mstdout[2m | src/components/Chat/Chat.stories.tsx[2m > [22m[2mThread View With Messages
[22m[39m[SettingsContext] Setting up Settings subscription for user: mock-user-sub
[90mstdout[2m | src/components/Chat/Chat.stories.tsx[2m > [22m[2mThread View With Messages
[22m[39m[Mock Data] Settings created: mock-settings-1790416365367 - notified 0 subscribers
[90mstdout[2m | src/components/Chat/Chat.stories.tsx[2m > [22m[2mThread View With Messages
[22m[39m[Mock Data] Unit.onUpdate() subscription added. Total: 1
[90mstdout[2m | src/components/Chat/Chat.stories.tsx[2m > [22m[2mThread View With Messages
[22m[39m[SectionContext] Section observeQuery update: 0
[90mstdout[2m | src/components/Chat/Chat.stories.tsx[2m > [22m[2mThread View With Messages
[22m[39m[FilesContext] File observeQuery update: 6 files
[90mstdout[2m | src/components/Chat/Chat.stories.tsx[2m > [22m[2mThread View With Messages
[22m[39m[ChatContext] AssistantChat initialized with 1 chats
[90mstdout[2m | src/components/Chat/Chat.stories.tsx[2m > [22m[2mThread View With Messages
[22m[39m[ChatContext] Setting initial chat: mock-assistant-chat-1
[90mstdout[2m | src/components/Chat/Chat.stories.tsx[2m > [22m[2mThread View With Messages
[22m[39m[MOCK CourseVectorStore] Initialized with mock data
[90mstdout[2m | src/components/Chat/Chat.stories.tsx[2m > [22m[2mThread View With Messages
[22m[39m[FilesContext] Vector store population triggered {
  "currentVectorStoreSize": 3,
  "documentsCount": 0,
  "filesCount": 6,
  "isInitialLoad": true,
}
[90mstdout[2m | src/components/Chat/Chat.stories.tsx[2m > [22m[2mThread View With Messages
[22m[39m[FilesContext] Vector store population complete - 3 total embeddings
[90mstdout[2m | src/components/Chat/Chat.stories.tsx[2m > [22m[2mThread View With Messages
[22m[39m[ChatContext] Chat exists and not archived, skipping creation
[90mstdout[2m | src/components/Chat/Chat.stories.tsx[2m > [22m[2mThread View With Messages
[22m[39m[Mock Storage] downloadData called with: undefined
[90mstdout[2m | src/components/Chat/Chat.stories.tsx[2m > [22m[2mThread View With Typing
[22m[39m[ChatContext] Cleaning up subscriptions
[90mstdout[2m | src/components/Chat/Chat.stories.tsx[2m > [22m[2mThread View With Typing
[22m[39m[Mock Data] Unit.onUpdate() subscription removed. Remaining: 0
[90mstdout[2m | src/components/Chat/Chat.stories.tsx[2m > [22m[2mThread View With Typing
[22m[39m[MOCK CourseVectorStore] Initialized with mock data
[90mstdout[2m | src/components/Chat/Chat.stories.tsx[2m > [22m[2mThread View With Typing
[22m[39m[TranslationModeController] Setting mode to: off
[90mstdout[2m | src/components/Chat/Chat.stories.tsx[2m > [22m[2mThread View With Typing
[22m[39m[UnitContext] useEffect triggered {
  "authLoading": false,
  "hasUser": true,
  "id": "mock-unit-id",
  "userSub": "mock-user-sub",
}
[90mstdout[2m | src/components/Chat/Chat.stories.tsx[2m > [22m[2mThread View With Typing
[22m[39m[UnitContext] Fetching unit data for id: mock-unit-id
[90mstdout[2m | src/components/Chat/Chat.stories.tsx[2m > [22m[2mThread View With Typing
[22m[39m[FilesContext] Initializing vector store from IndexedDB
[90mstdout[2m | src/components/Chat/Chat.stories.tsx[2m > [22m[2mThread View With Typing
[22m[39m[FilesContext] fetchFiles called
[90mstdout[2m | src/components/Chat/Chat.stories.tsx[2m > [22m[2mThread View With Typing
[22m[39m[FilesContext] User authenticated: mock-user-sub
[90mstdout[2m | src/components/Chat/Chat.stories.tsx[2m > [22m[2mThread View With Typing
[22m[39m[FilesContext] Identity ID: us-east-1:mock-identity-123
[90mstdout[2m | src/components/Chat/Chat.stories.tsx[2m > [22m[2mThread View With Typing
[22m[39m[FilesContext] About to set up File observeQuery
[90mstdout[2m | src/components/Chat/Chat.stories.tsx[2m > [22m[2mThread View With Typing
[22m[39m[ChatContext] Setting up AssistantChat observeQuery
[90mstdout[2m | src/components/Chat/Chat.stories.tsx[2m > [22m[2mThread View With Typing
[22m[39m[ChatContext] Waiting for subscription to initialize
[90mstdout[2m | src/components/Chat/Chat.stories.tsx[2m > [22m[2mThread View With Typing
[22m[39m[SettingsContext] Setting up Settings subscription for user: mock-user-sub
[90mstdout[2m | src/components/Chat/Chat.stories.tsx[2m > [22m[2mThread View With Typing
[22m[39m[Mock Data] Settings created: mock-settings-1790416365519 - notified 0 subscribers
[90mstdout[2m | src/components/Chat/Chat.stories.tsx[2m > [22m[2mThread View With Typing
[22m[39m[Mock Data] Unit.onUpdate() subscription added. Total: 1
[90mstdout[2m | src/components/Chat/Chat.stories.tsx[2m > [22m[2mThread View With Typing
[22m[39m[SectionContext] Section observeQuery update: 0
[90mstdout[2m | src/components/Chat/Chat.stories.tsx[2m > [22m[2mThread View With Typing
[22m[39m[FilesContext] File observeQuery update: 6 files
[90mstdout[2m | src/components/Chat/Chat.stories.tsx[2m > [22m[2mThread View With Typing
[22m[39m[ChatContext] AssistantChat initialized with 1 chats
[90mstdout[2m | src/components/Chat/Chat.stories.tsx[2m > [22m[2mThread View With Typing
[22m[39m[ChatContext] Setting initial chat: mock-assistant-chat-1
[90mstdout[2m | src/components/Chat/Chat.stories.tsx[2m > [22m[2mThread View With Typing
[22m[39m[MOCK CourseVectorStore] Initialized with mock data
[90mstdout[2m | src/components/Chat/Chat.stories.tsx[2m > [22m[2mThread View With Typing
[22m[39m[FilesContext] Vector store population triggered {
  "currentVectorStoreSize": 3,
  "documentsCount": 0,
  "filesCount": 6,
  "isInitialLoad": true,
}
[90mstdout[2m | src/components/Chat/Chat.stories.tsx[2m > [22m[2mThread View With Typing
[22m[39m[FilesContext] Vector store population complete - 3 total embeddings
[90mstdout[2m | src/components/Chat/Chat.stories.tsx[2m > [22m[2mThread View With Typing
[22m[39m[ChatContext] Chat exists and not archived, skipping creation
[90mstdout[2m | src/components/Chat/Chat.stories.tsx[2m > [22m[2mThread View With Typing
[22m[39m[Mock Storage] downloadData called with: undefined
[90mstdout[2m | src/components/Chat/Chat.stories.tsx[2m > [22m[2mThread View Empty
[22m[39m[ChatContext] Cleaning up subscriptions
[90mstdout[2m | src/components/Chat/Chat.stories.tsx[2m > [22m[2mThread View Empty
[22m[39m[Mock Data] Unit.onUpdate() subscription removed. Remaining: 0
[90mstdout[2m | src/components/Chat/Chat.stories.tsx[2m > [22m[2mThread View Empty
[22m[39m[MOCK CourseVectorStore] Initialized with mock data
[90mstdout[2m | src/components/Chat/Chat.stories.tsx[2m > [22m[2mThread View Empty
[22m[39m[TranslationModeController] Setting mode to: off
[90mstdout[2m | src/components/Chat/Chat.stories.tsx[2m > [22m[2mThread View Empty
[22m[39m[UnitContext] useEffect triggered {
  "authLoading": false,
  "hasUser": true,
  "id": "mock-unit-id",
  "userSub": "mock-user-sub",
}
[90mstdout[2m | src/components/Chat/Chat.stories.tsx[2m > [22m[2mThread View Empty
[22m[39m[UnitContext] Fetching unit data for id: mock-unit-id
[90mstdout[2m | src/components/Chat/Chat.stories.tsx[2m > [22m[2mThread View Empty
[22m[39m[FilesContext] Initializing vector store from IndexedDB
[90mstdout[2m | src/components/Chat/Chat.stories.tsx[2m > [22m[2mThread View Empty
[22m[39m[FilesContext] fetchFiles called
[90mstdout[2m | src/components/Chat/Chat.stories.tsx[2m > [22m[2mThread View Empty
[22m[39m[FilesContext] User authenticated: mock-user-sub
[90mstdout[2m | src/components/Chat/Chat.stories.tsx[2m > [22m[2mThread View Empty
[22m[39m[FilesContext] Identity ID: us-east-1:mock-identity-123
[90mstdout[2m | src/components/Chat/Chat.stories.tsx[2m > [22m[2mThread View Empty
[22m[39m[FilesContext] About to set up File observeQuery
[90mstdout[2m | src/components/Chat/Chat.stories.tsx[2m > [22m[2mThread View Empty
[22m[39m[ChatContext] Setting up AssistantChat observeQuery
[90mstdout[2m | src/components/Chat/Chat.stories.tsx[2m > [22m[2mThread View Empty
[22m[39m[ChatContext] Waiting for subscription to initialize
[90mstdout[2m | src/components/Chat/Chat.stories.tsx[2m > [22m[2mThread View Empty
[22m[39m[SettingsContext] Setting up Settings subscription for user: mock-user-sub
[90mstdout[2m | src/components/Chat/Chat.stories.tsx[2m > [22m[2mThread View Empty
[22m[39m[Mock Data] Settings created: mock-settings-1790416365657 - notified 0 subscribers
[90mstdout[2m | src/components/Chat/Chat.stories.tsx[2m > [22m[2mThread View Empty
[22m[39m[Mock Data] Unit.onUpdate() subscription added. Total: 1
[90mstdout[2m | src/components/Chat/Chat.stories.tsx[2m > [22m[2mThread View Empty
[22m[39m[SectionContext] Section observeQuery update: 0
[90mstdout[2m | src/components/Chat/Chat.stories.tsx[2m > [22m[2mThread View Empty
[22m[39m[Mock Storage] downloadData called with: undefined
[90mstdout[2m | src/components/Chat/Chat.stories.tsx[2m > [22m[2mThread View Empty
[22m[39m[FilesContext] File observeQuery update: 6 files
[90mstdout[2m | src/components/Chat/Chat.stories.tsx[2m > [22m[2mThread View Empty
[22m[39m[MOCK CourseVectorStore] Initialized with mock data
[90mstdout[2m | src/components/Chat/Chat.stories.tsx[2m > [22m[2mThread View Empty
[22m[39m[FilesContext] Vector store population triggered {
  "currentVectorStoreSize": 3,
  "documentsCount": 0,
  "filesCount": 6,
  "isInitialLoad": true,
}
[90mstdout[2m | src/components/Chat/Chat.stories.tsx[2m > [22m[2mThread View Empty
[22m[39m[FilesContext] Vector store population complete - 3 total embeddings
[90mstdout[2m | src/components/Chat/Chat.stories.tsx[2m > [22m[2mThread View Empty
[22m[39m[ChatContext] AssistantChat initialized with 1 chats
[90mstdout[2m | src/components/Chat/Chat.stories.tsx[2m > [22m[2mThread View Empty
[22m[39m[ChatContext] Setting initial chat: mock-assistant-chat-1
[90mstdout[2m | src/components/Chat/Chat.stories.tsx[2m > [22m[2mThread View Empty
[22m[39m[ChatContext] Chat exists and not archived, skipping creation
[90mstdout[2m | src/components/Chat/Chat.stories.tsx[2m > [22m[2mComposer Default
[22m[39m[ChatContext] Cleaning up subscriptions
[90mstdout[2m | src/components/Chat/Chat.stories.tsx[2m > [22m[2mComposer Default
[22m[39m[Mock Data] Unit.onUpdate() subscription removed. Remaining: 0
[90mstdout[2m | src/components/Chat/Chat.stories.tsx[2m > [22m[2mComposer Default
[22m[39m[MOCK CourseVectorStore] Initialized with mock data
[90mstdout[2m | src/components/Chat/Chat.stories.tsx[2m > [22m[2mComposer Default
[22m[39m[TranslationModeController] Setting mode to: off
[90mstdout[2m | src/components/Chat/Chat.stories.tsx[2m > [22m[2mComposer Default
[22m[39m[UnitContext] useEffect triggered {
  "authLoading": false,
  "hasUser": true,
  "id": "mock-unit-id",
  "userSub": "mock-user-sub",
}
[90mstdout[2m | src/components/Chat/Chat.stories.tsx[2m > [22m[2mComposer Default
[22m[39m[UnitContext] Fetching unit data for id: mock-unit-id
[90mstdout[2m | src/components/Chat/Chat.stories.tsx[2m > [22m[2mComposer Default
[22m[39m[FilesContext] Initializing vector store from IndexedDB
[90mstdout[2m | src/components/Chat/Chat.stories.tsx[2m > [22m[2mComposer Default
[22m[39m[FilesContext] fetchFiles called
[90mstdout[2m | src/components/Chat/Chat.stories.tsx[2m > [22m[2mComposer Default
[22m[39m[FilesContext] User authenticated: mock-user-sub
[90mstdout[2m | src/components/Chat/Chat.stories.tsx[2m > [22m[2mComposer Default
[22m[39m[FilesContext] Identity ID: us-east-1:mock-identity-123
[90mstdout[2m | src/components/Chat/Chat.stories.tsx[2m > [22m[2mComposer Default
[22m[39m[FilesContext] About to set up File observeQuery
[90mstdout[2m | src/components/Chat/Chat.stories.tsx[2m > [22m[2mComposer Default
[22m[39m[ChatContext] Setting up AssistantChat observeQuery
[90mstdout[2m | src/components/Chat/Chat.stories.tsx[2m > [22m[2mComposer Default
[22m[39m[ChatContext] Waiting for subscription to initialize
[90mstdout[2m | src/components/Chat/Chat.stories.tsx[2m > [22m[2mComposer Default
[22m[39m[SettingsContext] Setting up Settings subscription for user: mock-user-sub
[90mstdout[2m | src/components/Chat/Chat.stories.tsx[2m > [22m[2mComposer Default
[22m[39m[Mock Data] Settings created: mock-settings-1790416365770 - notified 0 subscribers
[90mstdout[2m | src/components/Chat/Chat.stories.tsx[2m > [22m[2mComposer Default
[22m[39m[Mock Data] Unit.onUpdate() subscription added. Total: 1
[90mstdout[2m | src/components/Chat/Chat.stories.tsx[2m > [22m[2mComposer Default
[22m[39m[SectionContext] Section observeQuery update: 0
[90mstdout[2m | src/components/Chat/Chat.stories.tsx[2m > [22m[2mComposer Default
[22m[39m[FilesContext] File observeQuery update: 6 files
[90mstdout[2m | src/components/Chat/Chat.stories.tsx[2m > [22m[2mComposer Default
[22m[39m[ChatContext] AssistantChat initialized with 1 chats
[90mstdout[2m | src/components/Chat/Chat.stories.tsx[2m > [22m[2mComposer Default
[22m[39m[ChatContext] Setting initial chat: mock-assistant-chat-1
[90mstdout[2m | src/components/Chat/Chat.stories.tsx[2m > [22m[2mComposer Default
[22m[39m[MOCK CourseVectorStore] Initialized with mock data
[90mstdout[2m | src/components/Chat/Chat.stories.tsx[2m > [22m[2mComposer Default
[22m[39m[FilesContext] Vector store population triggered {
  "currentVectorStoreSize": 3,
  "documentsCount": 0,
  "filesCount": 6,
  "isInitialLoad": true,
}
[90mstdout[2m | src/components/Chat/Chat.stories.tsx[2m > [22m[2mComposer Default
[22m[39m[FilesContext] Vector store population complete - 3 total embeddings
[90mstdout[2m | src/components/Chat/Chat.stories.tsx[2m > [22m[2mComposer Default
[22m[39m[ChatContext] Chat exists and not archived, skipping creation
[90mstdout[2m | src/components/Chat/Chat.stories.tsx[2m > [22m[2mComposer Default
[22m[39m[Mock Storage] downloadData called with: undefined
[90mstdout[2m | src/components/Chat/Chat.stories.tsx[2m > [22m[2mComposer With Reply
[22m[39m[ChatContext] Cleaning up subscriptions
[90mstdout[2m | src/components/Chat/Chat.stories.tsx[2m > [22m[2mComposer With Reply
[22m[39m[Mock Data] Unit.onUpdate() subscription removed. Remaining: 0
[90mstdout[2m | src/components/Chat/Chat.stories.tsx[2m > [22m[2mComposer With Reply
[22m[39m[MOCK CourseVectorStore] Initialized with mock data
[90mstdout[2m | src/components/Chat/Chat.stories.tsx[2m > [22m[2mComposer With Reply
[22m[39m[TranslationModeController] Setting mode to: off
[90mstdout[2m | src/components/Chat/Chat.stories.tsx[2m > [22m[2mComposer With Reply
[22m[39m[UnitContext] useEffect triggered {
  "authLoading": false,
  "hasUser": true,
  "id": "mock-unit-id",
  "userSub": "mock-user-sub",
}
[90mstdout[2m | src/components/Chat/Chat.stories.tsx[2m > [22m[2mComposer With Reply
[22m[39m[UnitContext] Fetching unit data for id: mock-unit-id
[90mstdout[2m | src/components/Chat/Chat.stories.tsx[2m > [22m[2mComposer With Reply
[22m[39m[FilesContext] Initializing vector store from IndexedDB
[90mstdout[2m | src/components/Chat/Chat.stories.tsx[2m > [22m[2mComposer With Reply
[22m[39m[FilesContext] fetchFiles called
[90mstdout[2m | src/components/Chat/Chat.stories.tsx[2m > [22m[2mComposer With Reply
[22m[39m[FilesContext] User authenticated: mock-user-sub
[90mstdout[2m | src/components/Chat/Chat.stories.tsx[2m > [22m[2mComposer With Reply
[22m[39m[FilesContext] Identity ID: us-east-1:mock-identity-123
[90mstdout[2m | src/components/Chat/Chat.stories.tsx[2m > [22m[2mComposer With Reply
[22m[39m[FilesContext] About to set up File observeQuery
[90mstdout[2m | src/components/Chat/Chat.stories.tsx[2m > [22m[2mComposer With Reply
[22m[39m[ChatContext] Setting up AssistantChat observeQuery
[90mstdout[2m | src/components/Chat/Chat.stories.tsx[2m > [22m[2mComposer With Reply
[22m[39m[ChatContext] Waiting for subscription to initialize
[90mstdout[2m | src/components/Chat/Chat.stories.tsx[2m > [22m[2mComposer With Reply
[22m[39m[SettingsContext] Setting up Settings subscription for user: mock-user-sub
[90mstdout[2m | src/components/Chat/Chat.stories.tsx[2m > [22m[2mComposer With Reply
[22m[39m[Mock Data] Settings created: mock-settings-1790416366017 - notified 0 subscribers
[90mstdout[2m | src/components/Chat/Chat.stories.tsx[2m > [22m[2mComposer With Reply
[22m[39m[Mock Data] Unit.onUpdate() subscription added. Total: 1
[90mstdout[2m | src/components/Chat/Chat.stories.tsx[2m > [22m[2mComposer With Reply
[22m[39m[SectionContext] Section observeQuery update: 0
[90mstdout[2m | src/components/Chat/Chat.stories.tsx[2m > [22m[2mComposer With Reply
[22m[39m[FilesContext] File observeQuery update: 6 files
[90mstdout[2m | src/components/Chat/Chat.stories.tsx[2m > [22m[2mComposer With Reply
[22m[39m[ChatContext] AssistantChat initialized with 1 chats
[90mstdout[2m | src/components/Chat/Chat.stories.tsx[2m > [22m[2mComposer With Reply
[22m[39m[ChatContext] Setting initial chat: mock-assistant-chat-1
[90mstdout[2m | src/components/Chat/Chat.stories.tsx[2m > [22m[2mComposer With Reply
[22m[39m[MOCK CourseVectorStore] Initialized with mock data
[90mstdout[2m | src/components/Chat/Chat.stories.tsx[2m > [22m[2mComposer With Reply
[22m[39m[FilesContext] Vector store population triggered {
  "currentVectorStoreSize": 3,
  "documentsCount": 0,
  "filesCount": 6,
  "isInitialLoad": true,
}
[90mstdout[2m | src/components/Chat/Chat.stories.tsx[2m > [22m[2mComposer With Reply
[22m[39m[FilesContext] Vector store population complete - 3 total embeddings
[90mstdout[2m | src/components/Chat/Chat.stories.tsx[2m > [22m[2mComposer With Reply
[22m[39m[ChatContext] Chat exists and not archived, skipping creation
[90mstdout[2m | src/components/Chat/Chat.stories.tsx[2m > [22m[2mComposer With Reply
[22m[39m[Mock Storage] downloadData called with: undefined
[90mstdout[2m | src/components/Chat/Chat.stories.tsx[2m > [22m[2mMention Chip Bot
[22m[39m[ChatContext] Cleaning up subscriptions
[90mstdout[2m | src/components/Chat/Chat.stories.tsx[2m > [22m[2mMention Chip Bot
[22m[39m[Mock Data] Unit.onUpdate() subscription removed. Remaining: 0
[90mstdout[2m | src/components/Chat/Chat.stories.tsx[2m > [22m[2mMention Chip Bot
[22m[39m[MOCK CourseVectorStore] Initialized with mock data
[90mstdout[2m | src/components/Chat/Chat.stories.tsx[2m > [22m[2mMention Chip Bot
[22m[39m[TranslationModeController] Setting mode to: off
[90mstdout[2m | src/components/Chat/Chat.stories.tsx[2m > [22m[2mMention Chip Bot
[22m[39m[UnitContext] useEffect triggered {
  "authLoading": false,
  "hasUser": true,
  "id": "mock-unit-id",
  "userSub": "mock-user-sub",
}
[90mstdout[2m | src/components/Chat/Chat.stories.tsx[2m > [22m[2mMention Chip Bot
[22m[39m[UnitContext] Fetching unit data for id: mock-unit-id
[90mstdout[2m | src/components/Chat/Chat.stories.tsx[2m > [22m[2mMention Chip Bot
[22m[39m[FilesContext] Initializing vector store from IndexedDB
[90mstdout[2m | src/components/Chat/Chat.stories.tsx[2m > [22m[2mMention Chip Bot
[22m[39m[FilesContext] fetchFiles called
[90mstdout[2m | src/components/Chat/Chat.stories.tsx[2m > [22m[2mMention Chip Bot
[22m[39m[FilesContext] User authenticated: mock-user-sub
[90mstdout[2m | src/components/Chat/Chat.stories.tsx[2m > [22m[2mMention Chip Bot
[22m[39m[FilesContext] Identity ID: us-east-1:mock-identity-123
[90mstdout[2m | src/components/Chat/Chat.stories.tsx[2m > [22m[2mMention Chip Bot
[22m[39m[FilesContext] About to set up File observeQuery
[90mstdout[2m | src/components/Chat/Chat.stories.tsx[2m > [22m[2mMention Chip Bot
[22m[39m[ChatContext] Setting up AssistantChat observeQuery
[90mstdout[2m | src/components/Chat/Chat.stories.tsx[2m > [22m[2mMention Chip Bot
[22m[39m[ChatContext] Waiting for subscription to initialize
[90mstdout[2m | src/components/Chat/Chat.stories.tsx[2m > [22m[2mMention Chip Bot
[22m[39m[SettingsContext] Setting up Settings subscription for user: mock-user-sub
[90mstdout[2m | src/components/Chat/Chat.stories.tsx[2m > [22m[2mMention Chip Bot
[22m[39m[Mock Data] Settings created: mock-settings-1790416366104 - notified 0 subscribers
[90mstdout[2m | src/components/Chat/Chat.stories.tsx[2m > [22m[2mMention Chip Bot
[22m[39m[Mock Data] Unit.onUpdate() subscription added. Total: 1
[90mstdout[2m | src/components/Chat/Chat.stories.tsx[2m > [22m[2mMention Chip Bot
[22m[39m[SectionContext] Section observeQuery update: 0
[90mstdout[2m | src/components/Chat/Chat.stories.tsx[2m > [22m[2mMention Chip Bot
[22m[39m[Mock Storage] downloadData called with: undefined
[90mstdout[2m | src/components/Chat/Chat.stories.tsx[2m > [22m[2mMention Chip Bot
[22m[39m[FilesContext] File observeQuery update: 6 files
[90mstdout[2m | src/components/Chat/Chat.stories.tsx[2m > [22m[2mMention Chip Bot
[22m[39m[ChatContext] AssistantChat initialized with 1 chats
[90mstdout[2m | src/components/Chat/Chat.stories.tsx[2m > [22m[2mMention Chip Bot
[22m[39m[ChatContext] Setting initial chat: mock-assistant-chat-1
[90mstdout[2m | src/components/Chat/Chat.stories.tsx[2m > [22m[2mMention Chip Bot
[22m[39m[MOCK CourseVectorStore] Initialized with mock data
[90mstdout[2m | src/components/Chat/Chat.stories.tsx[2m > [22m[2mMention Chip Bot
[22m[39m[FilesContext] Vector store population triggered {
  "currentVectorStoreSize": 3,
  "documentsCount": 0,
  "filesCount": 6,
  "isInitialLoad": true,
}
[90mstdout[2m | src/components/Chat/Chat.stories.tsx[2m > [22m[2mMention Chip Bot
[22m[39m[FilesContext] Vector store population complete - 3 total embeddings
[90mstdout[2m | src/components/Chat/Chat.stories.tsx[2m > [22m[2mMention Chip Bot
[22m[39m[ChatContext] Chat exists and not archived, skipping creation
 [32m✓[39m [30m[45m storybook (chromium) [49m[39m src/components/Chat/Chat.stories.tsx [2m([22m[2m10 tests[22m[2m)[22m[33m 1553[2mms[22m[39m
   [33m[2m✓[22m[39m Topic List Default [33m 304[2mms[22m[39m
[90mstdout[2m | unknown test
[22m[39m[MOCK vectorStoreDB.js] Module loaded - mock IndexedDB operations
[90mstdout[2m | unknown test
[22m[39m[Task Completion] DOM action listeners initialized
[90mstdout[2m | unknown test
[22m[39m[Task Completion] Auto-completion detector initialized
[90mstdout[2m | unknown test
[22m[39m[Preview] Task completion detector initialized
[90mstdout[2m | src/components/Gamification/SquadPostEditor.stories.tsx[2m > [22m[2mDefault
[22m[39m[TranslationModeController] Setting mode to: off
[90mstdout[2m | src/components/Gamification/SquadPostEditor.stories.tsx[2m > [22m[2mWith Initial Content
[22m[39m[TranslationModeController] Setting mode to: off
[90mstdout[2m | src/components/Gamification/SquadPostEditor.stories.tsx[2m > [22m[2mDisabled
[22m[39m[TranslationModeController] Setting mode to: off
 [32m✓[39m [30m[45m storybook (chromium) [49m[39m src/components/Gamification/SquadPostEditor.stories.tsx [2m([22m[2m3 tests[22m[2m)[22m[33m 1032[2mms[22m[39m
   [33m[2m✓[22m[39m Default [33m 518[2mms[22m[39m
   [33m[2m✓[22m[39m With Initial Content [33m 433[2mms[22m[39m
[90mstdout[2m | unknown test
[22m[39m[MOCK vectorStoreDB.js] Module loaded - mock IndexedDB operations
[90mstdout[2m | unknown test
[22m[39m[Task Completion] DOM action listeners initialized
[90mstdout[2m | unknown test
[22m[39m[Task Completion] Auto-completion detector initialized
[90mstdout[2m | unknown test
[22m[39m[Preview] Task completion detector initialized
[90mstdout[2m | src/components/Gamification/AvatarUnlockEditor.stories.tsx[2m > [22m[2mDefault
[22m[39m[MOCK CourseVectorStore] Initialized with mock data
[90mstdout[2m | src/components/Gamification/AvatarUnlockEditor.stories.tsx[2m > [22m[2mDefault
[22m[39m[TranslationModeController] Setting mode to: off
[90mstdout[2m | src/components/Gamification/AvatarUnlockEditor.stories.tsx[2m > [22m[2mDefault
[22m[39m[UnitContext] useEffect triggered {
  "authLoading": false,
  "hasUser": true,
  "id": "mock-unit-id",
  "userSub": "mock-user-sub",
}
[90mstdout[2m | src/components/Gamification/AvatarUnlockEditor.stories.tsx[2m > [22m[2mDefault
[22m[39m[UnitContext] Fetching unit data for id: mock-unit-id
[90mstdout[2m | src/components/Gamification/AvatarUnlockEditor.stories.tsx[2m > [22m[2mDefault
[22m[39m[FilesContext] Initializing vector store from IndexedDB
[90mstdout[2m | src/components/Gamification/AvatarUnlockEditor.stories.tsx[2m > [22m[2mDefault
[22m[39m[FilesContext] fetchFiles called
[90mstdout[2m | src/components/Gamification/AvatarUnlockEditor.stories.tsx[2m > [22m[2mDefault
[22m[39m[FilesContext] User authenticated: mock-user-sub
[90mstdout[2m | src/components/Gamification/AvatarUnlockEditor.stories.tsx[2m > [22m[2mDefault
[22m[39m[FilesContext] Identity ID: us-east-1:mock-identity-123
[90mstdout[2m | src/components/Gamification/AvatarUnlockEditor.stories.tsx[2m > [22m[2mDefault
[22m[39m[FilesContext] About to set up File observeQuery
[90mstdout[2m | src/components/Gamification/AvatarUnlockEditor.stories.tsx[2m > [22m[2mDefault
[22m[39m[ChatContext] Setting up AssistantChat observeQuery
[90mstdout[2m | src/components/Gamification/AvatarUnlockEditor.stories.tsx[2m > [22m[2mDefault
[22m[39m[ChatContext] Waiting for subscription to initialize
[90mstdout[2m | src/components/Gamification/AvatarUnlockEditor.stories.tsx[2m > [22m[2mDefault
[22m[39m[SettingsContext] Setting up Settings subscription for user: mock-user-sub
[90mstdout[2m | src/components/Gamification/AvatarUnlockEditor.stories.tsx[2m > [22m[2mDefault
[22m[39m[Mock Data] Settings created: mock-settings-1790416371587 - notified 0 subscribers
[90mstdout[2m | src/components/Gamification/AvatarUnlockEditor.stories.tsx[2m > [22m[2mDefault
[22m[39m[Mock Data] Unit.onUpdate() subscription added. Total: 1
[90mstdout[2m | src/components/Gamification/AvatarUnlockEditor.stories.tsx[2m > [22m[2mDefault
[22m[39m[SectionContext] Section observeQuery update: 0
[90mstdout[2m | src/components/Gamification/AvatarUnlockEditor.stories.tsx[2m > [22m[2mDefault
[22m[39m[FilesContext] File observeQuery update: 6 files
[90mstdout[2m | src/components/Gamification/AvatarUnlockEditor.stories.tsx[2m > [22m[2mDefault
[22m[39m[ChatContext] AssistantChat initialized with 1 chats
[90mstdout[2m | src/components/Gamification/AvatarUnlockEditor.stories.tsx[2m > [22m[2mDefault
[22m[39m[ChatContext] Setting initial chat: mock-assistant-chat-1
[90mstdout[2m | src/components/Gamification/AvatarUnlockEditor.stories.tsx[2m > [22m[2mDefault
[22m[39m[MOCK CourseVectorStore] Initialized with mock data
[90mstdout[2m | src/components/Gamification/AvatarUnlockEditor.stories.tsx[2m > [22m[2mDefault
[22m[39m[FilesContext] Vector store population triggered {
  "currentVectorStoreSize": 3,
  "documentsCount": 0,
  "filesCount": 6,
  "isInitialLoad": true,
}
[90mstdout[2m | src/components/Gamification/AvatarUnlockEditor.stories.tsx[2m > [22m[2mDefault
[22m[39m[FilesContext] Vector store population complete - 3 total embeddings
[90mstdout[2m | src/components/Gamification/AvatarUnlockEditor.stories.tsx[2m > [22m[2mDefault
[22m[39m[ChatContext] Chat exists and not archived, skipping creation
[90mstdout[2m | src/components/Gamification/AvatarUnlockEditor.stories.tsx[2m > [22m[2mDefault
[22m[39m[Mock Storage] downloadData called with: undefined
[90mstdout[2m | src/components/Gamification/AvatarUnlockEditor.stories.tsx[2m > [22m[2mCustom Config
[22m[39m[ChatContext] Cleaning up subscriptions
[90mstdout[2m | src/components/Gamification/AvatarUnlockEditor.stories.tsx[2m > [22m[2mCustom Config
[22m[39m[Mock Data] Unit.onUpdate() subscription removed. Remaining: 0
[90mstdout[2m | src/components/Gamification/AvatarUnlockEditor.stories.tsx[2m > [22m[2mCustom Config
[22m[39m[MOCK CourseVectorStore] Initialized with mock data
[90mstdout[2m | src/components/Gamification/AvatarUnlockEditor.stories.tsx[2m > [22m[2mCustom Config
[22m[39m[TranslationModeController] Setting mode to: off
[90mstdout[2m | src/components/Gamification/AvatarUnlockEditor.stories.tsx[2m > [22m[2mCustom Config
[22m[39m[UnitContext] useEffect triggered {
  "authLoading": false,
  "hasUser": true,
  "id": "mock-unit-id",
  "userSub": "mock-user-sub",
}
[90mstdout[2m | src/components/Gamification/AvatarUnlockEditor.stories.tsx[2m > [22m[2mCustom Config
[22m[39m[UnitContext] Fetching unit data for id: mock-unit-id
[90mstdout[2m | src/components/Gamification/AvatarUnlockEditor.stories.tsx[2m > [22m[2mCustom Config
[22m[39m[FilesContext] Initializing vector store from IndexedDB
[90mstdout[2m | src/components/Gamification/AvatarUnlockEditor.stories.tsx[2m > [22m[2mCustom Config
[22m[39m[FilesContext] fetchFiles called
[90mstdout[2m | src/components/Gamification/AvatarUnlockEditor.stories.tsx[2m > [22m[2mCustom Config
[22m[39m[FilesContext] User authenticated: mock-user-sub
[90mstdout[2m | src/components/Gamification/AvatarUnlockEditor.stories.tsx[2m > [22m[2mCustom Config
[22m[39m[FilesContext] Identity ID: us-east-1:mock-identity-123
[90mstdout[2m | src/components/Gamification/AvatarUnlockEditor.stories.tsx[2m > [22m[2mCustom Config
[22m[39m[FilesContext] About to set up File observeQuery
[90mstdout[2m | src/components/Gamification/AvatarUnlockEditor.stories.tsx[2m > [22m[2mCustom Config
[22m[39m[ChatContext] Setting up AssistantChat observeQuery
[90mstdout[2m | src/components/Gamification/AvatarUnlockEditor.stories.tsx[2m > [22m[2mCustom Config
[22m[39m[ChatContext] Waiting for subscription to initialize
[90mstdout[2m | src/components/Gamification/AvatarUnlockEditor.stories.tsx[2m > [22m[2mCustom Config
[22m[39m[SettingsContext] Setting up Settings subscription for user: mock-user-sub
[90mstdout[2m | src/components/Gamification/AvatarUnlockEditor.stories.tsx[2m > [22m[2mCustom Config
[22m[39m[Mock Data] Settings created: mock-settings-1790416371933 - notified 0 subscribers
[90mstdout[2m | src/components/Gamification/AvatarUnlockEditor.stories.tsx[2m > [22m[2mCustom Config
[22m[39m[Mock Data] Unit.onUpdate() subscription added. Total: 1
[90mstdout[2m | src/components/Gamification/AvatarUnlockEditor.stories.tsx[2m > [22m[2mCustom Config
[22m[39m[SectionContext] Section observeQuery update: 0
[90mstdout[2m | src/components/Gamification/AvatarUnlockEditor.stories.tsx[2m > [22m[2mCustom Config
[22m[39m[FilesContext] File observeQuery update: 6 files
[90mstdout[2m | src/components/Gamification/AvatarUnlockEditor.stories.tsx[2m > [22m[2mCustom Config
[22m[39m[ChatContext] AssistantChat initialized with 1 chats
[90mstdout[2m | src/components/Gamification/AvatarUnlockEditor.stories.tsx[2m > [22m[2mCustom Config
[22m[39m[ChatContext] Setting initial chat: mock-assistant-chat-1
[90mstdout[2m | src/components/Gamification/AvatarUnlockEditor.stories.tsx[2m > [22m[2mCustom Config
[22m[39m[MOCK CourseVectorStore] Initialized with mock data
[90mstdout[2m | src/components/Gamification/AvatarUnlockEditor.stories.tsx[2m > [22m[2mCustom Config
[22m[39m[FilesContext] Vector store population triggered {
  "currentVectorStoreSize": 3,
  "documentsCount": 0,
  "filesCount": 6,
  "isInitialLoad": true,
}
[90mstdout[2m | src/components/Gamification/AvatarUnlockEditor.stories.tsx[2m > [22m[2mCustom Config
[22m[39m[FilesContext] Vector store population complete - 3 total embeddings
[90mstdout[2m | src/components/Gamification/AvatarUnlockEditor.stories.tsx[2m > [22m[2mCustom Config
[22m[39m[ChatContext] Chat exists and not archived, skipping creation
[90mstdout[2m | src/components/Gamification/AvatarUnlockEditor.stories.tsx[2m > [22m[2mCustom Config
[22m[39m[Mock Storage] downloadData called with: undefined
[90mstdout[2m | src/components/Gamification/AvatarUnlockEditor.stories.tsx[2m > [22m[2mAll Styles Assigned
[22m[39m[ChatContext] Cleaning up subscriptions
[90mstdout[2m | src/components/Gamification/AvatarUnlockEditor.stories.tsx[2m > [22m[2mAll Styles Assigned
[22m[39m[Mock Data] Unit.onUpdate() subscription removed. Remaining: 0
[90mstdout[2m | src/components/Gamification/AvatarUnlockEditor.stories.tsx[2m > [22m[2mAll Styles Assigned
[22m[39m[MOCK CourseVectorStore] Initialized with mock data
[90mstdout[2m | src/components/Gamification/AvatarUnlockEditor.stories.tsx[2m > [22m[2mAll Styles Assigned
[22m[39m[TranslationModeController] Setting mode to: off
[90mstdout[2m | src/components/Gamification/AvatarUnlockEditor.stories.tsx[2m > [22m[2mAll Styles Assigned
[22m[39m[UnitContext] useEffect triggered {
  "authLoading": false,
  "hasUser": true,
  "id": "mock-unit-id",
  "userSub": "mock-user-sub",
}
[90mstdout[2m | src/components/Gamification/AvatarUnlockEditor.stories.tsx[2m > [22m[2mAll Styles Assigned
[22m[39m[UnitContext] Fetching unit data for id: mock-unit-id
[90mstdout[2m | src/components/Gamification/AvatarUnlockEditor.stories.tsx[2m > [22m[2mAll Styles Assigned
[22m[39m[FilesContext] Initializing vector store from IndexedDB
[90mstdout[2m | src/components/Gamification/AvatarUnlockEditor.stories.tsx[2m > [22m[2mAll Styles Assigned
[22m[39m[FilesContext] fetchFiles called
[90mstdout[2m | src/components/Gamification/AvatarUnlockEditor.stories.tsx[2m > [22m[2mAll Styles Assigned
[22m[39m[FilesContext] User authenticated: mock-user-sub
[90mstdout[2m | src/components/Gamification/AvatarUnlockEditor.stories.tsx[2m > [22m[2mAll Styles Assigned
[22m[39m[FilesContext] Identity ID: us-east-1:mock-identity-123
[90mstdout[2m | src/components/Gamification/AvatarUnlockEditor.stories.tsx[2m > [22m[2mAll Styles Assigned
[22m[39m[FilesContext] About to set up File observeQuery
[90mstdout[2m | src/components/Gamification/AvatarUnlockEditor.stories.tsx[2m > [22m[2mAll Styles Assigned
[22m[39m[ChatContext] Setting up AssistantChat observeQuery
[90mstdout[2m | src/components/Gamification/AvatarUnlockEditor.stories.tsx[2m > [22m[2mAll Styles Assigned
[22m[39m[ChatContext] Waiting for subscription to initialize
[90mstdout[2m | src/components/Gamification/AvatarUnlockEditor.stories.tsx[2m > [22m[2mAll Styles Assigned
[22m[39m[SettingsContext] Setting up Settings subscription for user: mock-user-sub
[90mstdout[2m | src/components/Gamification/AvatarUnlockEditor.stories.tsx[2m > [22m[2mAll Styles Assigned
[22m[39m[Mock Data] Settings created: mock-settings-1790416372312 - notified 0 subscribers
[90mstdout[2m | src/components/Gamification/AvatarUnlockEditor.stories.tsx[2m > [22m[2mAll Styles Assigned
[22m[39m[Mock Data] Unit.onUpdate() subscription added. Total: 1
[90mstdout[2m | src/components/Gamification/AvatarUnlockEditor.stories.tsx[2m > [22m[2mAll Styles Assigned
[22m[39m[SectionContext] Section observeQuery update: 0
[90mstdout[2m | src/components/Gamification/AvatarUnlockEditor.stories.tsx[2m > [22m[2mAll Styles Assigned
[22m[39m[FilesContext] File observeQuery update: 6 files
[90mstdout[2m | src/components/Gamification/AvatarUnlockEditor.stories.tsx[2m > [22m[2mAll Styles Assigned
[22m[39m[ChatContext] AssistantChat initialized with 1 chats
[90mstdout[2m | src/components/Gamification/AvatarUnlockEditor.stories.tsx[2m > [22m[2mAll Styles Assigned
[22m[39m[ChatContext] Setting initial chat: mock-assistant-chat-1
[90mstdout[2m | src/components/Gamification/AvatarUnlockEditor.stories.tsx[2m > [22m[2mAll Styles Assigned
[22m[39m[MOCK CourseVectorStore] Initialized with mock data
[90mstdout[2m | src/components/Gamification/AvatarUnlockEditor.stories.tsx[2m > [22m[2mAll Styles Assigned
[22m[39m[FilesContext] Vector store population triggered {
  "currentVectorStoreSize": 3,
  "documentsCount": 0,
  "filesCount": 6,
  "isInitialLoad": true,
}
[90mstdout[2m | src/components/Gamification/AvatarUnlockEditor.stories.tsx[2m > [22m[2mAll Styles Assigned
[22m[39m[FilesContext] Vector store population complete - 3 total embeddings
[90mstdout[2m | src/components/Gamification/AvatarUnlockEditor.stories.tsx[2m > [22m[2mAll Styles Assigned
[22m[39m[ChatContext] Chat exists and not archived, skipping creation
[90mstdout[2m | src/components/Gamification/AvatarUnlockEditor.stories.tsx[2m > [22m[2mAll Styles Assigned
[22m[39m[Mock Storage] downloadData called with: undefined
[90mstdout[2m | src/components/Gamification/AvatarUnlockEditor.stories.tsx[2m > [22m[2mGlow Ring Disabled
[22m[39m[ChatContext] Cleaning up subscriptions
[90mstdout[2m | src/components/Gamification/AvatarUnlockEditor.stories.tsx[2m > [22m[2mGlow Ring Disabled
[22m[39m[Mock Data] Unit.onUpdate() subscription removed. Remaining: 0
[90mstdout[2m | src/components/Gamification/AvatarUnlockEditor.stories.tsx[2m > [22m[2mGlow Ring Disabled
[22m[39m[MOCK CourseVectorStore] Initialized with mock data
[90mstdout[2m | src/components/Gamification/AvatarUnlockEditor.stories.tsx[2m > [22m[2mGlow Ring Disabled
[22m[39m[TranslationModeController] Setting mode to: off
[90mstdout[2m | src/components/Gamification/AvatarUnlockEditor.stories.tsx[2m > [22m[2mGlow Ring Disabled
[22m[39m[UnitContext] useEffect triggered {
  "authLoading": false,
  "hasUser": true,
  "id": "mock-unit-id",
  "userSub": "mock-user-sub",
}
[90mstdout[2m | src/components/Gamification/AvatarUnlockEditor.stories.tsx[2m > [22m[2mGlow Ring Disabled
[22m[39m[UnitContext] Fetching unit data for id: mock-unit-id
[90mstdout[2m | src/components/Gamification/AvatarUnlockEditor.stories.tsx[2m > [22m[2mGlow Ring Disabled
[22m[39m[FilesContext] Initializing vector store from IndexedDB
[90mstdout[2m | src/components/Gamification/AvatarUnlockEditor.stories.tsx[2m > [22m[2mGlow Ring Disabled
[22m[39m[FilesContext] fetchFiles called
[90mstdout[2m | src/components/Gamification/AvatarUnlockEditor.stories.tsx[2m > [22m[2mGlow Ring Disabled
[22m[39m[FilesContext] User authenticated: mock-user-sub
[90mstdout[2m | src/components/Gamification/AvatarUnlockEditor.stories.tsx[2m > [22m[2mGlow Ring Disabled
[22m[39m[FilesContext] Identity ID: us-east-1:mock-identity-123
[90mstdout[2m | src/components/Gamification/AvatarUnlockEditor.stories.tsx[2m > [22m[2mGlow Ring Disabled
[22m[39m[FilesContext] About to set up File observeQuery
[90mstdout[2m | src/components/Gamification/AvatarUnlockEditor.stories.tsx[2m > [22m[2mGlow Ring Disabled
[22m[39m[ChatContext] Setting up AssistantChat observeQuery
[90mstdout[2m | src/components/Gamification/AvatarUnlockEditor.stories.tsx[2m > [22m[2mGlow Ring Disabled
[22m[39m[ChatContext] Waiting for subscription to initialize
[90mstdout[2m | src/components/Gamification/AvatarUnlockEditor.stories.tsx[2m > [22m[2mGlow Ring Disabled
[22m[39m[SettingsContext] Setting up Settings subscription for user: mock-user-sub
[90mstdout[2m | src/components/Gamification/AvatarUnlockEditor.stories.tsx[2m > [22m[2mGlow Ring Disabled
[22m[39m[Mock Data] Settings created: mock-settings-1790416372876 - notified 0 subscribers
[90mstdout[2m | src/components/Gamification/AvatarUnlockEditor.stories.tsx[2m > [22m[2mGlow Ring Disabled
[22m[39m[Mock Data] Unit.onUpdate() subscription added. Total: 1
[90mstdout[2m | src/components/Gamification/AvatarUnlockEditor.stories.tsx[2m > [22m[2mGlow Ring Disabled
[22m[39m[SectionContext] Section observeQuery update: 0
[90mstdout[2m | src/components/Gamification/AvatarUnlockEditor.stories.tsx[2m > [22m[2mGlow Ring Disabled
[22m[39m[FilesContext] File observeQuery update: 6 files
[90mstdout[2m | src/components/Gamification/AvatarUnlockEditor.stories.tsx[2m > [22m[2mGlow Ring Disabled
[22m[39m[ChatContext] AssistantChat initialized with 1 chats
[90mstdout[2m | src/components/Gamification/AvatarUnlockEditor.stories.tsx[2m > [22m[2mGlow Ring Disabled
[22m[39m[ChatContext] Setting initial chat: mock-assistant-chat-1
[90mstdout[2m | src/components/Gamification/AvatarUnlockEditor.stories.tsx[2m > [22m[2mGlow Ring Disabled
[22m[39m[MOCK CourseVectorStore] Initialized with mock data
[90mstdout[2m | src/components/Gamification/AvatarUnlockEditor.stories.tsx[2m > [22m[2mGlow Ring Disabled
[22m[39m[FilesContext] Vector store population triggered {
  "currentVectorStoreSize": 3,
  "documentsCount": 0,
  "filesCount": 6,
  "isInitialLoad": true,
}
[90mstdout[2m | src/components/Gamification/AvatarUnlockEditor.stories.tsx[2m > [22m[2mGlow Ring Disabled
[22m[39m[FilesContext] Vector store population complete - 3 total embeddings
[90mstdout[2m | src/components/Gamification/AvatarUnlockEditor.stories.tsx[2m > [22m[2mGlow Ring Disabled
[22m[39m[ChatContext] Chat exists and not archived, skipping creation
[90mstdout[2m | src/components/Gamification/AvatarUnlockEditor.stories.tsx[2m > [22m[2mGlow Ring Disabled
[22m[39m[Mock Storage] downloadData called with: undefined
 [32m✓[39m [30m[45m storybook (chromium) [49m[39m src/components/Gamification/AvatarUnlockEditor.stories.tsx [2m([22m[2m4 tests[22m[2m)[22m[33m 1629[2mms[22m[39m
   [33m[2m✓[22m[39m Default [33m 367[2mms[22m[39m
   [33m[2m✓[22m[39m Custom Config [33m 323[2mms[22m[39m
   [33m[2m✓[22m[39m All Styles Assigned [33m 524[2mms[22m[39m
   [33m[2m✓[22m[39m Glow Ring Disabled [33m 414[2mms[22m[39m
[90mstdout[2m | unknown test
[22m[39m[MOCK vectorStoreDB.js] Module loaded - mock IndexedDB operations
[90mstdout[2m | unknown test
[22m[39m[Task Completion] DOM action listeners initialized
[90mstdout[2m | unknown test
[22m[39m[Task Completion] Auto-completion detector initialized
[90mstdout[2m | unknown test
[22m[39m[Preview] Task completion detector initialized
[90mstdout[2m | src/components/ChatSidebar/BlockInsertPreview.stories.jsx[2m > [22m[2mQuiz Block
[22m[39m[MOCK CourseVectorStore] Initialized with mock data
[90mstdout[2m | src/components/ChatSidebar/BlockInsertPreview.stories.jsx[2m > [22m[2mQuiz Block
[22m[39mQuestionBlockRo.grade {}
[90mstdout[2m | src/components/ChatSidebar/BlockInsertPreview.stories.jsx[2m > [22m[2mQuiz Block
[22m[39m......!q {
  "answer": "き (ki)",
  "correct": false,
  "id": "q1-a",
  "question": "Which hiragana character represents the sound "ka"?",
}
[90mstdout[2m | src/components/ChatSidebar/BlockInsertPreview.stories.jsx[2m > [22m[2mQuiz Block
[22m[39m......!q {
  "answer": "か (ka)",
  "correct": true,
  "id": "q1-b",
  "question": "Which hiragana character represents the sound "ka"?",
}
[90mstdout[2m | src/components/ChatSidebar/BlockInsertPreview.stories.jsx[2m > [22m[2mQuiz Block
[22m[39m......!q {
  "answer": "く (ku)",
  "correct": false,
  "id": "q1-c",
  "question": "Which hiragana character represents the sound "ka"?",
}
[90mstdout[2m | src/components/ChatSidebar/BlockInsertPreview.stories.jsx[2m > [22m[2mQuiz Block
[22m[39m......!q {
  "answer": "け (ke)",
  "correct": false,
  "id": "q1-d",
  "question": "Which hiragana character represents the sound "ka"?",
}
[90mstdout[2m | src/components/ChatSidebar/BlockInsertPreview.stories.jsx[2m > [22m[2mQuiz Block
[22m[39mQuestionBlock.nodeKey preview-quiz-0 type: string
[90mstdout[2m | src/components/ChatSidebar/BlockInsertPreview.stories.jsx[2m > [22m[2mQuiz Block
[22m[39mQuestionBlock.questionContent [
  {
    "answer": "き (ki)",
    "correct": false,
    "id": "q1-a",
    "question": "Which hiragana character represents the sound "ka"?",
  },
  {
    "answer": "か (ka)",
    "correct": true,
    "id": "q1-b",
    "question": "Which hiragana character represents the sound "ka"?",
  },
  {
    "answer": "く (ku)",
    "correct": false,
    "id": "q1-c",
    "question": "Which hiragana character represents the sound "ka"?",
  },
  {
    "answer": "け (ke)",
    "correct": false,
    "id": "q1-d",
    "question": "Which hiragana character represents the sound "ka"?",
  },
]
[90mstdout[2m | src/components/ChatSidebar/BlockInsertPreview.stories.jsx[2m > [22m[2mQuiz Block
[22m[39mQuestionBlock.grade.data keys: []
[90mstdout[2m | src/components/ChatSidebar/BlockInsertPreview.stories.jsx[2m > [22m[2mQuiz Block
[22m[39mQuestionBlock.grade.data[nodeKey]: undefined
[90mstdout[2m | src/components/ChatSidebar/BlockInsertPreview.stories.jsx[2m > [22m[2mQuiz Block
[22m[39mQuestionBlockRo.inProgress {}
[90mstdout[2m | src/components/ChatSidebar/BlockInsertPreview.stories.jsx[2m > [22m[2mQuiz Block
[22m[39mQuestionBlockRo.grade {}
[90mstdout[2m | src/components/ChatSidebar/BlockInsertPreview.stories.jsx[2m > [22m[2mQuiz Block
[22m[39m......!q {
  "answer": "shi",
  "correct": false,
  "id": "q2-a",
  "question": "What sound does the hiragana "す" make?",
}
[90mstdout[2m | src/components/ChatSidebar/BlockInsertPreview.stories.jsx[2m > [22m[2mQuiz Block
[22m[39m......!q {
  "answer": "su",
  "correct": true,
  "id": "q2-b",
  "question": "What sound does the hiragana "す" make?",
}
[90mstdout[2m | src/components/ChatSidebar/BlockInsertPreview.stories.jsx[2m > [22m[2mQuiz Block
[22m[39m......!q {
  "answer": "sa",
  "correct": false,
  "id": "q2-c",
  "question": "What sound does the hiragana "す" make?",
}
[90mstdout[2m | src/components/ChatSidebar/BlockInsertPreview.stories.jsx[2m > [22m[2mQuiz Block
[22m[39m......!q {
  "answer": "se",
  "correct": false,
  "id": "q2-d",
  "question": "What sound does the hiragana "す" make?",
}
[90mstdout[2m | src/components/ChatSidebar/BlockInsertPreview.stories.jsx[2m > [22m[2mQuiz Block
[22m[39mQuestionBlock.nodeKey preview-quiz-1 type: string
[90mstdout[2m | src/components/ChatSidebar/BlockInsertPreview.stories.jsx[2m > [22m[2mQuiz Block
[22m[39mQuestionBlock.questionContent [
  {
    "answer": "shi",
    "correct": false,
    "id": "q2-a",
    "question": "What sound does the hiragana "す" make?",
  },
  {
    "answer": "su",
    "correct": true,
    "id": "q2-b",
    "question": "What sound does the hiragana "す" make?",
  },
  {
    "answer": "sa",
    "correct": false,
    "id": "q2-c",
    "question": "What sound does the hiragana "す" make?",
  },
  {
    "answer": "se",
    "correct": false,
    "id": "q2-d",
    "question": "What sound does the hiragana "す" make?",
  },
]
[90mstdout[2m | src/components/ChatSidebar/BlockInsertPreview.stories.jsx[2m > [22m[2mQuiz Block
[22m[39mQuestionBlock.grade.data keys: []
[90mstdout[2m | src/components/ChatSidebar/BlockInsertPreview.stories.jsx[2m > [22m[2mQuiz Block
[22m[39mQuestionBlock.grade.data[nodeKey]: undefined
[90mstdout[2m | src/components/ChatSidebar/BlockInsertPreview.stories.jsx[2m > [22m[2mQuiz Block
[22m[39mQuestionBlockRo.inProgress {}
[90mstdout[2m | src/components/ChatSidebar/BlockInsertPreview.stories.jsx[2m > [22m[2mQuiz Block
[22m[39mQuestionBlockRo.grade {}
[90mstdout[2m | src/components/ChatSidebar/BlockInsertPreview.stories.jsx[2m > [22m[2mQuiz Block
[22m[39m......!q {
  "answer": "ん",
  "correct": true,
  "id": "q3-a",
  "question": "Which of these is the correct hiragana for "n"?",
}
[90mstdout[2m | src/components/ChatSidebar/BlockInsertPreview.stories.jsx[2m > [22m[2mQuiz Block
[22m[39m......!q {
  "answer": "を",
  "correct": false,
  "id": "q3-b",
  "question": "Which of these is the correct hiragana for "n"?",
}
[90mstdout[2m | src/components/ChatSidebar/BlockInsertPreview.stories.jsx[2m > [22m[2mQuiz Block
[22m[39m......!q {
  "answer": "ね",
  "correct": false,
  "id": "q3-c",
  "question": "Which of these is the correct hiragana for "n"?",
}
[90mstdout[2m | src/components/ChatSidebar/BlockInsertPreview.stories.jsx[2m > [22m[2mQuiz Block
[22m[39m......!q {
  "answer": "に",
  "correct": false,
  "id": "q3-d",
  "question": "Which of these is the correct hiragana for "n"?",
}
[90mstdout[2m | src/components/ChatSidebar/BlockInsertPreview.stories.jsx[2m > [22m[2mQuiz Block
[22m[39mQuestionBlock.nodeKey preview-quiz-2 type: string
[90mstdout[2m | src/components/ChatSidebar/BlockInsertPreview.stories.jsx[2m > [22m[2mQuiz Block
[22m[39mQuestionBlock.questionContent [
  {
    "answer": "ん",
    "correct": true,
    "id": "q3-a",
    "question": "Which of these is the correct hiragana for "n"?",
  },
  {
    "answer": "を",
    "correct": false,
    "id": "q3-b",
    "question": "Which of these is the correct hiragana for "n"?",
  },
  {
    "answer": "ね",
    "correct": false,
    "id": "q3-c",
    "question": "Which of these is the correct hiragana for "n"?",
  },
  {
    "answer": "に",
    "correct": false,
    "id": "q3-d",
    "question": "Which of these is the correct hiragana for "n"?",
  },
]
[90mstdout[2m | src/components/ChatSidebar/BlockInsertPreview.stories.jsx[2m > [22m[2mQuiz Block
[22m[39mQuestionBlock.grade.data keys: []
[90mstdout[2m | src/components/ChatSidebar/BlockInsertPreview.stories.jsx[2m > [22m[2mQuiz Block
[22m[39mQuestionBlock.grade.data[nodeKey]: undefined
[90mstdout[2m | src/components/ChatSidebar/BlockInsertPreview.stories.jsx[2m > [22m[2mQuiz Block
[22m[39mQuestionBlockRo.inProgress {}
[90mstdout[2m | src/components/ChatSidebar/BlockInsertPreview.stories.jsx[2m > [22m[2mQuiz Block
[22m[39m[TranslationModeController] Setting mode to: off
[90mstdout[2m | src/components/ChatSidebar/BlockInsertPreview.stories.jsx[2m > [22m[2mQuiz Block
[22m[39m[UnitContext] useEffect triggered {
  "authLoading": false,
  "hasUser": true,
  "id": "mock-unit-id",
  "userSub": "mock-user-sub",
}
[90mstdout[2m | src/components/ChatSidebar/BlockInsertPreview.stories.jsx[2m > [22m[2mQuiz Block
[22m[39m[UnitContext] Fetching unit data for id: mock-unit-id
[90mstdout[2m | src/components/ChatSidebar/BlockInsertPreview.stories.jsx[2m > [22m[2mQuiz Block
[22m[39m[FilesContext] Initializing vector store from IndexedDB
[90mstdout[2m | src/components/ChatSidebar/BlockInsertPreview.stories.jsx[2m > [22m[2mQuiz Block
[22m[39m[FilesContext] fetchFiles called
[90mstdout[2m | src/components/ChatSidebar/BlockInsertPreview.stories.jsx[2m > [22m[2mQuiz Block
[22m[39m[FilesContext] User authenticated: mock-user-sub
[90mstdout[2m | src/components/ChatSidebar/BlockInsertPreview.stories.jsx[2m > [22m[2mQuiz Block
[22m[39m[FilesContext] Identity ID: us-east-1:mock-identity-123
[90mstdout[2m | src/components/ChatSidebar/BlockInsertPreview.stories.jsx[2m > [22m[2mQuiz Block
[22m[39m[FilesContext] About to set up File observeQuery
[90mstdout[2m | src/components/ChatSidebar/BlockInsertPreview.stories.jsx[2m > [22m[2mQuiz Block
[22m[39m[ChatContext] Setting up AssistantChat observeQuery
[90mstdout[2m | src/components/ChatSidebar/BlockInsertPreview.stories.jsx[2m > [22m[2mQuiz Block
[22m[39m[ChatContext] Waiting for subscription to initialize
[90mstdout[2m | src/components/ChatSidebar/BlockInsertPreview.stories.jsx[2m > [22m[2mQuiz Block
[22m[39m[SettingsContext] Setting up Settings subscription for user: mock-user-sub
[90mstdout[2m | src/components/ChatSidebar/BlockInsertPreview.stories.jsx[2m > [22m[2mQuiz Block
[22m[39mQuestionBlockRo.grade {}
[90mstdout[2m | src/components/ChatSidebar/BlockInsertPreview.stories.jsx[2m > [22m[2mQuiz Block
[22m[39m......!q {
  "answer": "き (ki)",
  "correct": false,
  "id": "q1-a",
  "question": "Which hiragana character represents the sound "ka"?",
}
[90mstdout[2m | src/components/ChatSidebar/BlockInsertPreview.stories.jsx[2m > [22m[2mQuiz Block
[22m[39m......!q {
  "answer": "か (ka)",
  "correct": true,
  "id": "q1-b",
  "question": "Which hiragana character represents the sound "ka"?",
}
[90mstdout[2m | src/components/ChatSidebar/BlockInsertPreview.stories.jsx[2m > [22m[2mQuiz Block
[22m[39m......!q {
  "answer": "く (ku)",
  "correct": false,
  "id": "q1-c",
  "question": "Which hiragana character represents the sound "ka"?",
}
[90mstdout[2m | src/components/ChatSidebar/BlockInsertPreview.stories.jsx[2m > [22m[2mQuiz Block
[22m[39m......!q {
  "answer": "け (ke)",
  "correct": false,
  "id": "q1-d",
  "question": "Which hiragana character represents the sound "ka"?",
}
[90mstdout[2m | src/components/ChatSidebar/BlockInsertPreview.stories.jsx[2m > [22m[2mQuiz Block
[22m[39mQuestionBlock.nodeKey preview-quiz-0 type: string
[90mstdout[2m | src/components/ChatSidebar/BlockInsertPreview.stories.jsx[2m > [22m[2mQuiz Block
[22m[39mQuestionBlock.questionContent [
  {
    "answer": "き (ki)",
    "correct": false,
    "id": "q1-a",
    "question": "Which hiragana character represents the sound "ka"?",
  },
  {
    "answer": "か (ka)",
    "correct": true,
    "id": "q1-b",
    "question": "Which hiragana character represents the sound "ka"?",
  },
  {
    "answer": "く (ku)",
    "correct": false,
    "id": "q1-c",
    "question": "Which hiragana character represents the sound "ka"?",
  },
  {
    "answer": "け (ke)",
    "correct": false,
    "id": "q1-d",
    "question": "Which hiragana character represents the sound "ka"?",
  },
]
[90mstdout[2m | src/components/ChatSidebar/BlockInsertPreview.stories.jsx[2m > [22m[2mQuiz Block
[22m[39mQuestionBlock.grade.data keys: []
[90mstdout[2m | src/components/ChatSidebar/BlockInsertPreview.stories.jsx[2m > [22m[2mQuiz Block
[22m[39mQuestionBlock.grade.data[nodeKey]: undefined
[90mstdout[2m | src/components/ChatSidebar/BlockInsertPreview.stories.jsx[2m > [22m[2mQuiz Block
[22m[39mQuestionBlockRo.inProgress {}
[90mstdout[2m | src/components/ChatSidebar/BlockInsertPreview.stories.jsx[2m > [22m[2mQuiz Block
[22m[39mQuestionBlockRo.grade {}
[90mstdout[2m | src/components/ChatSidebar/BlockInsertPreview.stories.jsx[2m > [22m[2mQuiz Block
[22m[39m......!q {
  "answer": "shi",
  "correct": false,
  "id": "q2-a",
  "question": "What sound does the hiragana "す" make?",
}
[90mstdout[2m | src/components/ChatSidebar/BlockInsertPreview.stories.jsx[2m > [22m[2mQuiz Block
[22m[39m......!q {
  "answer": "su",
  "correct": true,
  "id": "q2-b",
  "question": "What sound does the hiragana "す" make?",
}
[90mstdout[2m | src/components/ChatSidebar/BlockInsertPreview.stories.jsx[2m > [22m[2mQuiz Block
[22m[39m......!q {
  "answer": "sa",
  "correct": false,
  "id": "q2-c",
  "question": "What sound does the hiragana "す" make?",
}
[90mstdout[2m | src/components/ChatSidebar/BlockInsertPreview.stories.jsx[2m > [22m[2mQuiz Block
[22m[39m......!q {
  "answer": "se",
  "correct": false,
  "id": "q2-d",
  "question": "What sound does the hiragana "す" make?",
}
[90mstdout[2m | src/components/ChatSidebar/BlockInsertPreview.stories.jsx[2m > [22m[2mQuiz Block
[22m[39mQuestionBlock.nodeKey preview-quiz-1 type: string
[90mstdout[2m | src/components/ChatSidebar/BlockInsertPreview.stories.jsx[2m > [22m[2mQuiz Block
[22m[39mQuestionBlock.questionContent [
  {
    "answer": "shi",
    "correct": false,
    "id": "q2-a",
    "question": "What sound does the hiragana "す" make?",
  },
  {
    "answer": "su",
    "correct": true,
    "id": "q2-b",
    "question": "What sound does the hiragana "す" make?",
  },
  {
    "answer": "sa",
    "correct": false,
    "id": "q2-c",
    "question": "What sound does the hiragana "す" make?",
  },
  {
    "answer": "se",
    "correct": false,
    "id": "q2-d",
    "question": "What sound does the hiragana "す" make?",
  },
]
[90mstdout[2m | src/components/ChatSidebar/BlockInsertPreview.stories.jsx[2m > [22m[2mQuiz Block
[22m[39mQuestionBlock.grade.data keys: []
[90mstdout[2m | src/components/ChatSidebar/BlockInsertPreview.stories.jsx[2m > [22m[2mQuiz Block
[22m[39mQuestionBlock.grade.data[nodeKey]: undefined
[90mstdout[2m | src/components/ChatSidebar/BlockInsertPreview.stories.jsx[2m > [22m[2mQuiz Block
[22m[39mQuestionBlockRo.inProgress {}
[90mstdout[2m | src/components/ChatSidebar/BlockInsertPreview.stories.jsx[2m > [22m[2mQuiz Block
[22m[39mQuestionBlockRo.grade {}
[90mstdout[2m | src/components/ChatSidebar/BlockInsertPreview.stories.jsx[2m > [22m[2mQuiz Block
[22m[39m......!q {
  "answer": "ん",
  "correct": true,
  "id": "q3-a",
  "question": "Which of these is the correct hiragana for "n"?",
}
[90mstdout[2m | src/components/ChatSidebar/BlockInsertPreview.stories.jsx[2m > [22m[2mQuiz Block
[22m[39m......!q {
  "answer": "を",
  "correct": false,
  "id": "q3-b",
  "question": "Which of these is the correct hiragana for "n"?",
}
[90mstdout[2m | src/components/ChatSidebar/BlockInsertPreview.stories.jsx[2m > [22m[2mQuiz Block
[22m[39m......!q {
  "answer": "ね",
  "correct": false,
  "id": "q3-c",
  "question": "Which of these is the correct hiragana for "n"?",
}
[90mstdout[2m | src/components/ChatSidebar/BlockInsertPreview.stories.jsx[2m > [22m[2mQuiz Block
[22m[39m......!q {
  "answer": "に",
  "correct": false,
  "id": "q3-d",
  "question": "Which of these is the correct hiragana for "n"?",
}
[90mstdout[2m | src/components/ChatSidebar/BlockInsertPreview.stories.jsx[2m > [22m[2mQuiz Block
[22m[39mQuestionBlock.nodeKey preview-quiz-2 type: string
[90mstdout[2m | src/components/ChatSidebar/BlockInsertPreview.stories.jsx[2m > [22m[2mQuiz Block
[22m[39mQuestionBlock.questionContent [
  {
    "answer": "ん",
    "correct": true,
    "id": "q3-a",
    "question": "Which of these is the correct hiragana for "n"?",
  },
  {
    "answer": "を",
    "correct": false,
    "id": "q3-b",
    "question": "Which of these is the correct hiragana for "n"?",
  },
  {
    "answer": "ね",
    "correct": false,
    "id": "q3-c",
    "question": "Which of these is the correct hiragana for "n"?",
  },
  {
    "answer": "に",
    "correct": false,
    "id": "q3-d",
    "question": "Which of these is the correct hiragana for "n"?",
  },
]
[90mstdout[2m | src/components/ChatSidebar/BlockInsertPreview.stories.jsx[2m > [22m[2mQuiz Block
[22m[39mQuestionBlock.grade.data keys: []
[90mstdout[2m | src/components/ChatSidebar/BlockInsertPreview.stories.jsx[2m > [22m[2mQuiz Block
[22m[39mQuestionBlock.grade.data[nodeKey]: undefined
[90mstdout[2m | src/components/ChatSidebar/BlockInsertPreview.stories.jsx[2m > [22m[2mQuiz Block
[22m[39mQuestionBlockRo.inProgress {}
[90mstdout[2m | src/components/ChatSidebar/BlockInsertPreview.stories.jsx[2m > [22m[2mQuiz Block
[22m[39m[Mock Data] Settings created: mock-settings-1790416374400 - notified 0 subscribers
[90mstdout[2m | src/components/ChatSidebar/BlockInsertPreview.stories.jsx[2m > [22m[2mQuiz Block
[22m[39m[Mock Data] Unit.onUpdate() subscription added. Total: 1
[90mstdout[2m | src/components/ChatSidebar/BlockInsertPreview.stories.jsx[2m > [22m[2mQuiz Block
[22m[39mQuestionBlockRo.grade {}
[90mstdout[2m | src/components/ChatSidebar/BlockInsertPreview.stories.jsx[2m > [22m[2mQuiz Block
[22m[39m......!q {
  "answer": "き (ki)",
  "correct": false,
  "id": "q1-a",
  "question": "Which hiragana character represents the sound "ka"?",
}
[90mstdout[2m | src/components/ChatSidebar/BlockInsertPreview.stories.jsx[2m > [22m[2mQuiz Block
[22m[39m......!q {
  "answer": "か (ka)",
  "correct": true,
  "id": "q1-b",
  "question": "Which hiragana character represents the sound "ka"?",
}
[90mstdout[2m | src/components/ChatSidebar/BlockInsertPreview.stories.jsx[2m > [22m[2mQuiz Block
[22m[39m......!q {
  "answer": "く (ku)",
  "correct": false,
  "id": "q1-c",
  "question": "Which hiragana character represents the sound "ka"?",
}
[90mstdout[2m | src/components/ChatSidebar/BlockInsertPreview.stories.jsx[2m > [22m[2mQuiz Block
[22m[39m......!q {
  "answer": "け (ke)",
  "correct": false,
  "id": "q1-d",
  "question": "Which hiragana character represents the sound "ka"?",
}
[90mstdout[2m | src/components/ChatSidebar/BlockInsertPreview.stories.jsx[2m > [22m[2mQuiz Block
[22m[39mQuestionBlock.nodeKey preview-quiz-0 type: string
[90mstdout[2m | src/components/ChatSidebar/BlockInsertPreview.stories.jsx[2m > [22m[2mQuiz Block
[22m[39mQuestionBlock.questionContent [
  {
    "answer": "き (ki)",
    "correct": false,
    "id": "q1-a",
    "question": "Which hiragana character represents the sound "ka"?",
  },
  {
    "answer": "か (ka)",
    "correct": true,
    "id": "q1-b",
    "question": "Which hiragana character represents the sound "ka"?",
  },
  {
    "answer": "く (ku)",
    "correct": false,
    "id": "q1-c",
    "question": "Which hiragana character represents the sound "ka"?",
  },
  {
    "answer": "け (ke)",
    "correct": false,
    "id": "q1-d",
    "question": "Which hiragana character represents the sound "ka"?",
  },
]
[90mstdout[2m | src/components/ChatSidebar/BlockInsertPreview.stories.jsx[2m > [22m[2mQuiz Block
[22m[39mQuestionBlock.grade.data keys: []
[90mstdout[2m | src/components/ChatSidebar/BlockInsertPreview.stories.jsx[2m > [22m[2mQuiz Block
[22m[39mQuestionBlock.grade.data[nodeKey]: undefined
[90mstdout[2m | src/components/ChatSidebar/BlockInsertPreview.stories.jsx[2m > [22m[2mQuiz Block
[22m[39mQuestionBlockRo.inProgress {}
[90mstdout[2m | src/components/ChatSidebar/BlockInsertPreview.stories.jsx[2m > [22m[2mQuiz Block
[22m[39mQuestionBlockRo.grade {}
[90mstdout[2m | src/components/ChatSidebar/BlockInsertPreview.stories.jsx[2m > [22m[2mQuiz Block
[22m[39m......!q {
  "answer": "shi",
  "correct": false,
  "id": "q2-a",
  "question": "What sound does the hiragana "す" make?",
}
[90mstdout[2m | src/components/ChatSidebar/BlockInsertPreview.stories.jsx[2m > [22m[2mQuiz Block
[22m[39m......!q {
  "answer": "su",
  "correct": true,
  "id": "q2-b",
  "question": "What sound does the hiragana "す" make?",
}
[90mstdout[2m | src/components/ChatSidebar/BlockInsertPreview.stories.jsx[2m > [22m[2mQuiz Block
[22m[39m......!q {
  "answer": "sa",
  "correct": false,
  "id": "q2-c",
  "question": "What sound does the hiragana "す" make?",
}
[90mstdout[2m | src/components/ChatSidebar/BlockInsertPreview.stories.jsx[2m > [22m[2mQuiz Block
[22m[39m......!q {
  "answer": "se",
  "correct": false,
  "id": "q2-d",
  "question": "What sound does the hiragana "す" make?",
}
[90mstdout[2m | src/components/ChatSidebar/BlockInsertPreview.stories.jsx[2m > [22m[2mQuiz Block
[22m[39mQuestionBlock.nodeKey preview-quiz-1 type: string
[90mstdout[2m | src/components/ChatSidebar/BlockInsertPreview.stories.jsx[2m > [22m[2mQuiz Block
[22m[39mQuestionBlock.questionContent [
  {
    "answer": "shi",
    "correct": false,
    "id": "q2-a",
    "question": "What sound does the hiragana "す" make?",
  },
  {
    "answer": "su",
    "correct": true,
    "id": "q2-b",
    "question": "What sound does the hiragana "す" make?",
  },
  {
    "answer": "sa",
    "correct": false,
    "id": "q2-c",
    "question": "What sound does the hiragana "す" make?",
  },
  {
    "answer": "se",
    "correct": false,
    "id": "q2-d",
    "question": "What sound does the hiragana "す" make?",
  },
]
[90mstdout[2m | src/components/ChatSidebar/BlockInsertPreview.stories.jsx[2m > [22m[2mQuiz Block
[22m[39mQuestionBlock.grade.data keys: []
[90mstdout[2m | src/components/ChatSidebar/BlockInsertPreview.stories.jsx[2m > [22m[2mQuiz Block
[22m[39mQuestionBlock.grade.data[nodeKey]: undefined
[90mstdout[2m | src/components/ChatSidebar/BlockInsertPreview.stories.jsx[2m > [22m[2mQuiz Block
[22m[39mQuestionBlockRo.inProgress {}
[90mstdout[2m | src/components/ChatSidebar/BlockInsertPreview.stories.jsx[2m > [22m[2mQuiz Block
[22m[39mQuestionBlockRo.grade {}
[90mstdout[2m | src/components/ChatSidebar/BlockInsertPreview.stories.jsx[2m > [22m[2mQuiz Block
[22m[39m......!q {
  "answer": "ん",
  "correct": true,
  "id": "q3-a",
  "question": "Which of these is the correct hiragana for "n"?",
}
[90mstdout[2m | src/components/ChatSidebar/BlockInsertPreview.stories.jsx[2m > [22m[2mQuiz Block
[22m[39m......!q {
  "answer": "を",
  "correct": false,
  "id": "q3-b",
  "question": "Which of these is the correct hiragana for "n"?",
}
[90mstdout[2m | src/components/ChatSidebar/BlockInsertPreview.stories.jsx[2m > [22m[2mQuiz Block
[22m[39m......!q {
  "answer": "ね",
  "correct": false,
  "id": "q3-c",
  "question": "Which of these is the correct hiragana for "n"?",
}
[90mstdout[2m | src/components/ChatSidebar/BlockInsertPreview.stories.jsx[2m > [22m[2mQuiz Block
[22m[39m......!q {
  "answer": "に",
  "correct": false,
  "id": "q3-d",
  "question": "Which of these is the correct hiragana for "n"?",
}
[90mstdout[2m | src/components/ChatSidebar/BlockInsertPreview.stories.jsx[2m > [22m[2mQuiz Block
[22m[39mQuestionBlock.nodeKey preview-quiz-2 type: string
[90mstdout[2m | src/components/ChatSidebar/BlockInsertPreview.stories.jsx[2m > [22m[2mQuiz Block
[22m[39mQuestionBlock.questionContent [
  {
    "answer": "ん",
    "correct": true,
    "id": "q3-a",
    "question": "Which of these is the correct hiragana for "n"?",
  },
  {
    "answer": "を",
    "correct": false,
    "id": "q3-b",
    "question": "Which of these is the correct hiragana for "n"?",
  },
  {
    "answer": "ね",
    "correct": false,
    "id": "q3-c",
    "question": "Which of these is the correct hiragana for "n"?",
  },
  {
    "answer": "に",
    "correct": false,
    "id": "q3-d",
    "question": "Which of these is the correct hiragana for "n"?",
  },
]
[90mstdout[2m | src/components/ChatSidebar/BlockInsertPreview.stories.jsx[2m > [22m[2mQuiz Block
[22m[39mQuestionBlock.grade.data keys: []
[90mstdout[2m | src/components/ChatSidebar/BlockInsertPreview.stories.jsx[2m > [22m[2mQuiz Block
[22m[39mQuestionBlock.grade.data[nodeKey]: undefined
[90mstdout[2m | src/components/ChatSidebar/BlockInsertPreview.stories.jsx[2m > [22m[2mQuiz Block
[22m[39mQuestionBlockRo.inProgress {}
[90mstdout[2m | src/components/ChatSidebar/BlockInsertPreview.stories.jsx[2m > [22m[2mQuiz Block
[22m[39m[SectionContext] Section observeQuery update: 0
[90mstdout[2m | src/components/ChatSidebar/BlockInsertPreview.stories.jsx[2m > [22m[2mQuiz Block
[22m[39m[FilesContext] File observeQuery update: 6 files
[90mstdout[2m | src/components/ChatSidebar/BlockInsertPreview.stories.jsx[2m > [22m[2mQuiz Block
[22m[39m[ChatContext] AssistantChat initialized with 1 chats
[90mstdout[2m | src/components/ChatSidebar/BlockInsertPreview.stories.jsx[2m > [22m[2mQuiz Block
[22m[39m[ChatContext] Setting initial chat: mock-assistant-chat-1
[90mstdout[2m | src/components/ChatSidebar/BlockInsertPreview.stories.jsx[2m > [22m[2mQuiz Block
[22m[39m[MOCK CourseVectorStore] Initialized with mock data
[90mstdout[2m | src/components/ChatSidebar/BlockInsertPreview.stories.jsx[2m > [22m[2mQuiz Block
[22m[39mQuestionBlockRo.grade undefined
[90mstdout[2m | src/components/ChatSidebar/BlockInsertPreview.stories.jsx[2m > [22m[2mQuiz Block
[22m[39m......!q {
  "answer": "き (ki)",
  "correct": false,
  "id": "q1-a",
  "question": "Which hiragana character represents the sound "ka"?",
}
[90mstdout[2m | src/components/ChatSidebar/BlockInsertPreview.stories.jsx[2m > [22m[2mQuiz Block
[22m[39m......!q {
  "answer": "か (ka)",
  "correct": true,
  "id": "q1-b",
  "question": "Which hiragana character represents the sound "ka"?",
}
[90mstdout[2m | src/components/ChatSidebar/BlockInsertPreview.stories.jsx[2m > [22m[2mQuiz Block
[22m[39m......!q {
  "answer": "く (ku)",
  "correct": false,
  "id": "q1-c",
  "question": "Which hiragana character represents the sound "ka"?",
}
[90mstdout[2m | src/components/ChatSidebar/BlockInsertPreview.stories.jsx[2m > [22m[2mQuiz Block
[22m[39m......!q {
  "answer": "け (ke)",
  "correct": false,
  "id": "q1-d",
  "question": "Which hiragana character represents the sound "ka"?",
}
[90mstdout[2m | src/components/ChatSidebar/BlockInsertPreview.stories.jsx[2m > [22m[2mQuiz Block
[22m[39mQuestionBlock.nodeKey preview-quiz-0 type: string
[90mstdout[2m | src/components/ChatSidebar/BlockInsertPreview.stories.jsx[2m > [22m[2mQuiz Block
[22m[39mQuestionBlock.questionContent [
  {
    "answer": "き (ki)",
    "correct": false,
    "id": "q1-a",
    "question": "Which hiragana character represents the sound "ka"?",
  },
  {
    "answer": "か (ka)",
    "correct": true,
    "id": "q1-b",
    "question": "Which hiragana character represents the sound "ka"?",
  },
  {
    "answer": "く (ku)",
    "correct": false,
    "id": "q1-c",
    "question": "Which hiragana character represents the sound "ka"?",
  },
  {
    "answer": "け (ke)",
    "correct": false,
    "id": "q1-d",
    "question": "Which hiragana character represents the sound "ka"?",
  },
]
[90mstdout[2m | src/components/ChatSidebar/BlockInsertPreview.stories.jsx[2m > [22m[2mQuiz Block
[22m[39mQuestionBlock.grade.data keys: []
[90mstdout[2m | src/components/ChatSidebar/BlockInsertPreview.stories.jsx[2m > [22m[2mQuiz Block
[22m[39mQuestionBlock.grade.data[nodeKey]: undefined
[90mstdout[2m | src/components/ChatSidebar/BlockInsertPreview.stories.jsx[2m > [22m[2mQuiz Block
[22m[39mQuestionBlockRo.inProgress {}
[90mstdout[2m | src/components/ChatSidebar/BlockInsertPreview.stories.jsx[2m > [22m[2mQuiz Block
[22m[39mQuestionBlockRo.grade undefined
[90mstdout[2m | src/components/ChatSidebar/BlockInsertPreview.stories.jsx[2m > [22m[2mQuiz Block
[22m[39m......!q {
  "answer": "shi",
  "correct": false,
  "id": "q2-a",
  "question": "What sound does the hiragana "す" make?",
}
[90mstdout[2m | src/components/ChatSidebar/BlockInsertPreview.stories.jsx[2m > [22m[2mQuiz Block
[22m[39m......!q {
  "answer": "su",
  "correct": true,
  "id": "q2-b",
  "question": "What sound does the hiragana "す" make?",
}
[90mstdout[2m | src/components/ChatSidebar/BlockInsertPreview.stories.jsx[2m > [22m[2mQuiz Block
[22m[39m......!q {
  "answer": "sa",
  "correct": false,
  "id": "q2-c",
  "question": "What sound does the hiragana "す" make?",
}
[90mstdout[2m | src/components/ChatSidebar/BlockInsertPreview.stories.jsx[2m > [22m[2mQuiz Block
[22m[39m......!q {
  "answer": "se",
  "correct": false,
  "id": "q2-d",
  "question": "What sound does the hiragana "す" make?",
}
[90mstdout[2m | src/components/ChatSidebar/BlockInsertPreview.stories.jsx[2m > [22m[2mQuiz Block
[22m[39mQuestionBlock.nodeKey preview-quiz-1 type: string
[90mstdout[2m | src/components/ChatSidebar/BlockInsertPreview.stories.jsx[2m > [22m[2mQuiz Block
[22m[39mQuestionBlock.questionContent [
  {
    "answer": "shi",
    "correct": false,
    "id": "q2-a",
    "question": "What sound does the hiragana "す" make?",
  },
  {
    "answer": "su",
    "correct": true,
    "id": "q2-b",
    "question": "What sound does the hiragana "す" make?",
  },
  {
    "answer": "sa",
    "correct": false,
    "id": "q2-c",
    "question": "What sound does the hiragana "す" make?",
  },
  {
    "answer": "se",
    "correct": false,
    "id": "q2-d",
    "question": "What sound does the hiragana "す" make?",
  },
]
[90mstdout[2m | src/components/ChatSidebar/BlockInsertPreview.stories.jsx[2m > [22m[2mQuiz Block
[22m[39mQuestionBlock.grade.data keys: []
[90mstdout[2m | src/components/ChatSidebar/BlockInsertPreview.stories.jsx[2m > [22m[2mQuiz Block
[22m[39mQuestionBlock.grade.data[nodeKey]: undefined
[90mstdout[2m | src/components/ChatSidebar/BlockInsertPreview.stories.jsx[2m > [22m[2mQuiz Block
[22m[39mQuestionBlockRo.inProgress {}
[90mstdout[2m | src/components/ChatSidebar/BlockInsertPreview.stories.jsx[2m > [22m[2mQuiz Block
[22m[39mQuestionBlockRo.grade undefined
[90mstdout[2m | src/components/ChatSidebar/BlockInsertPreview.stories.jsx[2m > [22m[2mQuiz Block
[22m[39m......!q {
  "answer": "ん",
  "correct": true,
  "id": "q3-a",
  "question": "Which of these is the correct hiragana for "n"?",
}
[90mstdout[2m | src/components/ChatSidebar/BlockInsertPreview.stories.jsx[2m > [22m[2mQuiz Block
[22m[39m......!q {
  "answer": "を",
  "correct": false,
  "id": "q3-b",
  "question": "Which of these is the correct hiragana for "n"?",
}
[90mstdout[2m | src/components/ChatSidebar/BlockInsertPreview.stories.jsx[2m > [22m[2mQuiz Block
[22m[39m......!q {
  "answer": "ね",
  "correct": false,
  "id": "q3-c",
  "question": "Which of these is the correct hiragana for "n"?",
}
[90mstdout[2m | src/components/ChatSidebar/BlockInsertPreview.stories.jsx[2m > [22m[2mQuiz Block
[22m[39m......!q {
  "answer": "に",
  "correct": false,
  "id": "q3-d",
  "question": "Which of these is the correct hiragana for "n"?",
}
[90mstdout[2m | src/components/ChatSidebar/BlockInsertPreview.stories.jsx[2m > [22m[2mQuiz Block
[22m[39mQuestionBlock.nodeKey preview-quiz-2 type: string
[90mstdout[2m | src/components/ChatSidebar/BlockInsertPreview.stories.jsx[2m > [22m[2mQuiz Block
[22m[39mQuestionBlock.questionContent [
  {
    "answer": "ん",
    "correct": true,
    "id": "q3-a",
    "question": "Which of these is the correct hiragana for "n"?",
  },
  {
    "answer": "を",
    "correct": false,
    "id": "q3-b",
    "question": "Which of these is the correct hiragana for "n"?",
  },
  {
    "answer": "ね",
    "correct": false,
    "id": "q3-c",
    "question": "Which of these is the correct hiragana for "n"?",
  },
  {
    "answer": "に",
    "correct": false,
    "id": "q3-d",
    "question": "Which of these is the correct hiragana for "n"?",
  },
]
[90mstdout[2m | src/components/ChatSidebar/BlockInsertPreview.stories.jsx[2m > [22m[2mQuiz Block
[22m[39mQuestionBlock.grade.data keys: []
[90mstdout[2m | src/components/ChatSidebar/BlockInsertPreview.stories.jsx[2m > [22m[2mQuiz Block
[22m[39mQuestionBlock.grade.data[nodeKey]: undefined
[90mstdout[2m | src/components/ChatSidebar/BlockInsertPreview.stories.jsx[2m > [22m[2mQuiz Block
[22m[39mQuestionBlockRo.inProgress {}
[90mstdout[2m | src/components/ChatSidebar/BlockInsertPreview.stories.jsx[2m > [22m[2mQuiz Block
[22m[39m[FilesContext] Vector store population triggered {
  "currentVectorStoreSize": 3,
  "documentsCount": 0,
  "filesCount": 6,
  "isInitialLoad": true,
}
[90mstdout[2m | src/components/ChatSidebar/BlockInsertPreview.stories.jsx[2m > [22m[2mQuiz Block
[22m[39m[FilesContext] Vector store population complete - 3 total embeddings
[90mstdout[2m | src/components/ChatSidebar/BlockInsertPreview.stories.jsx[2m > [22m[2mQuiz Block
[22m[39m[ChatContext] Chat exists and not archived, skipping creation
[90mstdout[2m | src/components/ChatSidebar/BlockInsertPreview.stories.jsx[2m > [22m[2mQuiz Block
[22m[39m[Mock Storage] downloadData called with: undefined
[90mstdout[2m | src/components/ChatSidebar/BlockInsertPreview.stories.jsx[2m > [22m[2mAnswer Block
[22m[39m[ChatContext] Cleaning up subscriptions
[90mstdout[2m | src/components/ChatSidebar/BlockInsertPreview.stories.jsx[2m > [22m[2mAnswer Block
[22m[39m[Mock Data] Unit.onUpdate() subscription removed. Remaining: 0
[90mstdout[2m | src/components/ChatSidebar/BlockInsertPreview.stories.jsx[2m > [22m[2mAnswer Block
[22m[39m[MOCK CourseVectorStore] Initialized with mock data
[90mstdout[2m | src/components/ChatSidebar/BlockInsertPreview.stories.jsx[2m > [22m[2mAnswer Block
[22m[39m[Mock Data] seedMockWords: Adding 3 words
[90mstdout[2m | src/components/ChatSidebar/BlockInsertPreview.stories.jsx[2m > [22m[2mAnswer Block
[22m[39m[TranslationModeController] Setting mode to: off
[90mstdout[2m | src/components/ChatSidebar/BlockInsertPreview.stories.jsx[2m > [22m[2mAnswer Block
[22m[39m[UnitContext] useEffect triggered {
  "authLoading": false,
  "hasUser": true,
  "id": "mock-unit-id",
  "userSub": "mock-user-sub",
}
[90mstdout[2m | src/components/ChatSidebar/BlockInsertPreview.stories.jsx[2m > [22m[2mAnswer Block
[22m[39m[UnitContext] Fetching unit data for id: mock-unit-id
[90mstdout[2m | src/components/ChatSidebar/BlockInsertPreview.stories.jsx[2m > [22m[2mAnswer Block
[22m[39m[FilesContext] Initializing vector store from IndexedDB
[90mstdout[2m | src/components/ChatSidebar/BlockInsertPreview.stories.jsx[2m > [22m[2mAnswer Block
[22m[39m[FilesContext] fetchFiles called
[90mstdout[2m | src/components/ChatSidebar/BlockInsertPreview.stories.jsx[2m > [22m[2mAnswer Block
[22m[39m[FilesContext] User authenticated: mock-user-sub
[90mstdout[2m | src/components/ChatSidebar/BlockInsertPreview.stories.jsx[2m > [22m[2mAnswer Block
[22m[39m[FilesContext] Identity ID: us-east-1:mock-identity-123
[90mstdout[2m | src/components/ChatSidebar/BlockInsertPreview.stories.jsx[2m > [22m[2mAnswer Block
[22m[39m[FilesContext] About to set up File observeQuery
[90mstdout[2m | src/components/ChatSidebar/BlockInsertPreview.stories.jsx[2m > [22m[2mAnswer Block
[22m[39m[ChatContext] Setting up AssistantChat observeQuery
[90mstdout[2m | src/components/ChatSidebar/BlockInsertPreview.stories.jsx[2m > [22m[2mAnswer Block
[22m[39m[ChatContext] Waiting for subscription to initialize
[90mstdout[2m | src/components/ChatSidebar/BlockInsertPreview.stories.jsx[2m > [22m[2mAnswer Block
[22m[39m[SettingsContext] Setting up Settings subscription for user: mock-user-sub
[90mstdout[2m | src/components/ChatSidebar/BlockInsertPreview.stories.jsx[2m > [22m[2mAnswer Block
[22m[39m[Mock Data] Settings created: mock-settings-1790416374860 - notified 0 subscribers
[90mstdout[2m | src/components/ChatSidebar/BlockInsertPreview.stories.jsx[2m > [22m[2mAnswer Block
[22m[39m[Mock Data] Unit.onUpdate() subscription added. Total: 1
[90mstdout[2m | src/components/ChatSidebar/BlockInsertPreview.stories.jsx[2m > [22m[2mAnswer Block
[22m[39m[SectionContext] Section observeQuery update: 0
[90mstdout[2m | src/components/ChatSidebar/BlockInsertPreview.stories.jsx[2m > [22m[2mAnswer Block
[22m[39m[FilesContext] File observeQuery update: 6 files
[90mstdout[2m | src/components/ChatSidebar/BlockInsertPreview.stories.jsx[2m > [22m[2mAnswer Block
[22m[39m[ChatContext] AssistantChat initialized with 1 chats
[90mstdout[2m | src/components/ChatSidebar/BlockInsertPreview.stories.jsx[2m > [22m[2mAnswer Block
[22m[39m[ChatContext] Setting initial chat: mock-assistant-chat-1
[90mstdout[2m | src/components/ChatSidebar/BlockInsertPreview.stories.jsx[2m > [22m[2mAnswer Block
[22m[39m[MOCK CourseVectorStore] Initialized with mock data
[90mstdout[2m | src/components/ChatSidebar/BlockInsertPreview.stories.jsx[2m > [22m[2mAnswer Block
[22m[39m[FilesContext] Vector store population triggered {
  "currentVectorStoreSize": 3,
  "documentsCount": 0,
  "filesCount": 6,
  "isInitialLoad": true,
}
[90mstdout[2m | src/components/ChatSidebar/BlockInsertPreview.stories.jsx[2m > [22m[2mAnswer Block
[22m[39m[FilesContext] Vector store population complete - 3 total embeddings
[90mstdout[2m | src/components/ChatSidebar/BlockInsertPreview.stories.jsx[2m > [22m[2mAnswer Block
[22m[39m[ChatContext] Chat exists and not archived, skipping creation
[90mstdout[2m | src/components/ChatSidebar/BlockInsertPreview.stories.jsx[2m > [22m[2mAnswer Block
[22m[39m[Mock Storage] downloadData called with: undefined
[90mstdout[2m | src/components/ChatSidebar/BlockInsertPreview.stories.jsx[2m > [22m[2mMeaning Association Block
[22m[39m[ChatContext] Cleaning up subscriptions
[90mstdout[2m | src/components/ChatSidebar/BlockInsertPreview.stories.jsx[2m > [22m[2mMeaning Association Block
[22m[39m[Mock Data] Unit.onUpdate() subscription removed. Remaining: 0
[90mstdout[2m | src/components/ChatSidebar/BlockInsertPreview.stories.jsx[2m > [22m[2mMeaning Association Block
[22m[39m[MOCK CourseVectorStore] Initialized with mock data
[90mstdout[2m | src/components/ChatSidebar/BlockInsertPreview.stories.jsx[2m > [22m[2mMeaning Association Block
[22m[39m[Mock Data] seedMockWords: Adding 4 words
[90mstdout[2m | src/components/ChatSidebar/BlockInsertPreview.stories.jsx[2m > [22m[2mMeaning Association Block
[22m[39mEasy.nodeKey preview-meaning-association type: string
[90mstdout[2m | src/components/ChatSidebar/BlockInsertPreview.stories.jsx[2m > [22m[2mMeaning Association Block
[22m[39mEasy.grade: {}
[90mstdout[2m | src/components/ChatSidebar/BlockInsertPreview.stories.jsx[2m > [22m[2mMeaning Association Block
[22m[39mEasy.grade.data: undefined
[90mstdout[2m | src/components/ChatSidebar/BlockInsertPreview.stories.jsx[2m > [22m[2mMeaning Association Block
[22m[39mEasy.grade.data === grade? false
[90mstdout[2m | src/components/ChatSidebar/BlockInsertPreview.stories.jsx[2m > [22m[2mMeaning Association Block
[22m[39mEasy.grade.data keys: no data
[90mstdout[2m | src/components/ChatSidebar/BlockInsertPreview.stories.jsx[2m > [22m[2mMeaning Association Block
[22m[39mEasy.grade.data[nodeKey]: undefined
[90mstdout[2m | src/components/ChatSidebar/BlockInsertPreview.stories.jsx[2m > [22m[2mMeaning Association Block
[22m[39mEasy.inProgress {}
[90mstdout[2m | src/components/ChatSidebar/BlockInsertPreview.stories.jsx[2m > [22m[2mMeaning Association Block
[22m[39mHard.attemptedAnswers {}
[90mstdout[2m | src/components/ChatSidebar/BlockInsertPreview.stories.jsx[2m > [22m[2mMeaning Association Block
[22m[39mLearn._vocabulary []
[90mstdout[2m | src/components/ChatSidebar/BlockInsertPreview.stories.jsx[2m > [22m[2mMeaning Association Block
[22m[39mMeaningAssociationExercise._vocabulary []
[90mstdout[2m | src/components/ChatSidebar/BlockInsertPreview.stories.jsx[2m > [22m[2mMeaning Association Block
[22m[39mHard._vocabulary []
[90mstdout[2m | src/components/ChatSidebar/BlockInsertPreview.stories.jsx[2m > [22m[2mMeaning Association Block
[22m[39m[TranslationModeController] Setting mode to: off
[90mstdout[2m | src/components/ChatSidebar/BlockInsertPreview.stories.jsx[2m > [22m[2mMeaning Association Block
[22m[39m[UnitContext] useEffect triggered {
  "authLoading": false,
  "hasUser": true,
  "id": "mock-unit-id",
  "userSub": "mock-user-sub",
}
[90mstdout[2m | src/components/ChatSidebar/BlockInsertPreview.stories.jsx[2m > [22m[2mMeaning Association Block
[22m[39m[UnitContext] Fetching unit data for id: mock-unit-id
[90mstdout[2m | src/components/ChatSidebar/BlockInsertPreview.stories.jsx[2m > [22m[2mMeaning Association Block
[22m[39m[FilesContext] Initializing vector store from IndexedDB
[90mstdout[2m | src/components/ChatSidebar/BlockInsertPreview.stories.jsx[2m > [22m[2mMeaning Association Block
[22m[39m[FilesContext] fetchFiles called
[90mstdout[2m | src/components/ChatSidebar/BlockInsertPreview.stories.jsx[2m > [22m[2mMeaning Association Block
[22m[39m[FilesContext] User authenticated: mock-user-sub
[90mstdout[2m | src/components/ChatSidebar/BlockInsertPreview.stories.jsx[2m > [22m[2mMeaning Association Block
[22m[39m[FilesContext] Identity ID: us-east-1:mock-identity-123
[90mstdout[2m | src/components/ChatSidebar/BlockInsertPreview.stories.jsx[2m > [22m[2mMeaning Association Block
[22m[39m[FilesContext] About to set up File observeQuery
[90mstdout[2m | src/components/ChatSidebar/BlockInsertPreview.stories.jsx[2m > [22m[2mMeaning Association Block
[22m[39m[ChatContext] Setting up AssistantChat observeQuery
[90mstdout[2m | src/components/ChatSidebar/BlockInsertPreview.stories.jsx[2m > [22m[2mMeaning Association Block
[22m[39m[ChatContext] Waiting for subscription to initialize
[90mstdout[2m | src/components/ChatSidebar/BlockInsertPreview.stories.jsx[2m > [22m[2mMeaning Association Block
[22m[39m[SettingsContext] Setting up Settings subscription for user: mock-user-sub
[90mstdout[2m | src/components/ChatSidebar/BlockInsertPreview.stories.jsx[2m > [22m[2mMeaning Association Block
[22m[39mEasy.nodeKey preview-meaning-association type: string
[90mstdout[2m | src/components/ChatSidebar/BlockInsertPreview.stories.jsx[2m > [22m[2mMeaning Association Block
[22m[39mEasy.grade: {}
[90mstdout[2m | src/components/ChatSidebar/BlockInsertPreview.stories.jsx[2m > [22m[2mMeaning Association Block
[22m[39mEasy.grade.data: undefined
[90mstdout[2m | src/components/ChatSidebar/BlockInsertPreview.stories.jsx[2m > [22m[2mMeaning Association Block
[22m[39mEasy.grade.data === grade? false
[90mstdout[2m | src/components/ChatSidebar/BlockInsertPreview.stories.jsx[2m > [22m[2mMeaning Association Block
[22m[39mEasy.grade.data keys: no data
[90mstdout[2m | src/components/ChatSidebar/BlockInsertPreview.stories.jsx[2m > [22m[2mMeaning Association Block
[22m[39mEasy.grade.data[nodeKey]: undefined
[90mstdout[2m | src/components/ChatSidebar/BlockInsertPreview.stories.jsx[2m > [22m[2mMeaning Association Block
[22m[39mEasy.inProgress {}
[90mstdout[2m | src/components/ChatSidebar/BlockInsertPreview.stories.jsx[2m > [22m[2mMeaning Association Block
[22m[39mHard.attemptedAnswers {}
[90mstdout[2m | src/components/ChatSidebar/BlockInsertPreview.stories.jsx[2m > [22m[2mMeaning Association Block
[22m[39m[Mock Data] Settings created: mock-settings-1790416375109 - notified 0 subscribers
[90mstdout[2m | src/components/ChatSidebar/BlockInsertPreview.stories.jsx[2m > [22m[2mMeaning Association Block
[22m[39m[Mock Data] Unit.onUpdate() subscription added. Total: 1
[90mstdout[2m | src/components/ChatSidebar/BlockInsertPreview.stories.jsx[2m > [22m[2mMeaning Association Block
[22m[39mEasy.nodeKey preview-meaning-association type: string
[90mstdout[2m | src/components/ChatSidebar/BlockInsertPreview.stories.jsx[2m > [22m[2mMeaning Association Block
[22m[39mEasy.grade: {}
[90mstdout[2m | src/components/ChatSidebar/BlockInsertPreview.stories.jsx[2m > [22m[2mMeaning Association Block
[22m[39mEasy.grade.data: undefined
[90mstdout[2m | src/components/ChatSidebar/BlockInsertPreview.stories.jsx[2m > [22m[2mMeaning Association Block
[22m[39mEasy.grade.data === grade? false
[90mstdout[2m | src/components/ChatSidebar/BlockInsertPreview.stories.jsx[2m > [22m[2mMeaning Association Block
[22m[39mEasy.grade.data keys: no data
[90mstdout[2m | src/components/ChatSidebar/BlockInsertPreview.stories.jsx[2m > [22m[2mMeaning Association Block
[22m[39mEasy.grade.data[nodeKey]: undefined
[90mstdout[2m | src/components/ChatSidebar/BlockInsertPreview.stories.jsx[2m > [22m[2mMeaning Association Block
[22m[39mEasy.inProgress {}
[90mstdout[2m | src/components/ChatSidebar/BlockInsertPreview.stories.jsx[2m > [22m[2mMeaning Association Block
[22m[39mHard.attemptedAnswers {}
[90mstdout[2m | src/components/ChatSidebar/BlockInsertPreview.stories.jsx[2m > [22m[2mMeaning Association Block
[22m[39m[SectionContext] Section observeQuery update: 0
[90mstdout[2m | src/components/ChatSidebar/BlockInsertPreview.stories.jsx[2m > [22m[2mMeaning Association Block
[22m[39m[FilesContext] File observeQuery update: 6 files
[90mstdout[2m | src/components/ChatSidebar/BlockInsertPreview.stories.jsx[2m > [22m[2mMeaning Association Block
[22m[39m[ChatContext] AssistantChat initialized with 1 chats
[90mstdout[2m | src/components/ChatSidebar/BlockInsertPreview.stories.jsx[2m > [22m[2mMeaning Association Block
[22m[39m[ChatContext] Setting initial chat: mock-assistant-chat-1
[90mstdout[2m | src/components/ChatSidebar/BlockInsertPreview.stories.jsx[2m > [22m[2mMeaning Association Block
[22m[39m[MOCK CourseVectorStore] Initialized with mock data
[90mstdout[2m | src/components/ChatSidebar/BlockInsertPreview.stories.jsx[2m > [22m[2mMeaning Association Block
[22m[39mEasy.nodeKey preview-meaning-association type: string
[90mstdout[2m | src/components/ChatSidebar/BlockInsertPreview.stories.jsx[2m > [22m[2mMeaning Association Block
[22m[39mEasy.grade: undefined
[90mstdout[2m | src/components/ChatSidebar/BlockInsertPreview.stories.jsx[2m > [22m[2mMeaning Association Block
[22m[39mEasy.grade.data: undefined
[90mstdout[2m | src/components/ChatSidebar/BlockInsertPreview.stories.jsx[2m > [22m[2mMeaning Association Block
[22m[39mEasy.grade.data === grade? true
[90mstdout[2m | src/components/ChatSidebar/BlockInsertPreview.stories.jsx[2m > [22m[2mMeaning Association Block
[22m[39mEasy.grade.data keys: no data
[90mstdout[2m | src/components/ChatSidebar/BlockInsertPreview.stories.jsx[2m > [22m[2mMeaning Association Block
[22m[39mEasy.grade.data[nodeKey]: undefined
[90mstdout[2m | src/components/ChatSidebar/BlockInsertPreview.stories.jsx[2m > [22m[2mMeaning Association Block
[22m[39mEasy.inProgress {}
[90mstdout[2m | src/components/ChatSidebar/BlockInsertPreview.stories.jsx[2m > [22m[2mMeaning Association Block
[22m[39mHard.attemptedAnswers {}
[90mstdout[2m | src/components/ChatSidebar/BlockInsertPreview.stories.jsx[2m > [22m[2mMeaning Association Block
[22m[39mLearn._vocabulary [
  {
    "definition": "red",
    "id": "word-aka",
    "owner": "mock-user",
    "phonetic": "aka",
    "phrase": "赤",
  },
  {
    "definition": "blue",
    "id": "word-ao",
    "owner": "mock-user",
    "phonetic": "ao",
    "phrase": "青",
  },
  {
    "definition": "green",
    "id": "word-midori",
    "owner": "mock-user",
    "phonetic": "midori",
    "phrase": "緑",
  },
  {
    "definition": "yellow",
    "id": "word-kiiro",
    "owner": "mock-user",
    "phonetic": "kiiro",
    "phrase": "黄色",
  },
]
[90mstdout[2m | src/components/ChatSidebar/BlockInsertPreview.stories.jsx[2m > [22m[2mMeaning Association Block
[22m[39mMeaningAssociationExercise._vocabulary [
  {
    "definition": "red",
    "id": "word-aka",
    "owner": "mock-user",
    "phonetic": "aka",
    "phrase": "赤",
  },
  {
    "definition": "blue",
    "id": "word-ao",
    "owner": "mock-user",
    "phonetic": "ao",
    "phrase": "青",
  },
  {
    "definition": "green",
    "id": "word-midori",
    "owner": "mock-user",
    "phonetic": "midori",
    "phrase": "緑",
  },
  {
    "definition": "yellow",
    "id": "word-kiiro",
    "owner": "mock-user",
    "phonetic": "kiiro",
    "phrase": "黄色",
  },
]
[90mstdout[2m | src/components/ChatSidebar/BlockInsertPreview.stories.jsx[2m > [22m[2mMeaning Association Block
[22m[39mHard._vocabulary [
  {
    "definition": "red",
    "id": "word-aka",
    "owner": "mock-user",
    "phonetic": "aka",
    "phrase": "赤",
  },
  {
    "definition": "blue",
    "id": "word-ao",
    "owner": "mock-user",
    "phonetic": "ao",
    "phrase": "青",
  },
  {
    "definition": "green",
    "id": "word-midori",
    "owner": "mock-user",
    "phonetic": "midori",
    "phrase": "緑",
  },
  {
    "definition": "yellow",
    "id": "word-kiiro",
    "owner": "mock-user",
    "phonetic": "kiiro",
    "phrase": "黄色",
  },
]
[90mstdout[2m | src/components/ChatSidebar/BlockInsertPreview.stories.jsx[2m > [22m[2mMeaning Association Block
[22m[39m[FilesContext] Vector store population triggered {
  "currentVectorStoreSize": 3,
  "documentsCount": 0,
  "filesCount": 6,
  "isInitialLoad": true,
}
[90mstdout[2m | src/components/ChatSidebar/BlockInsertPreview.stories.jsx[2m > [22m[2mMeaning Association Block
[22m[39m[FilesContext] Vector store population complete - 3 total embeddings
[90mstdout[2m | src/components/ChatSidebar/BlockInsertPreview.stories.jsx[2m > [22m[2mMeaning Association Block
[22m[39m[ChatContext] Chat exists and not archived, skipping creation
[90mstdout[2m | src/components/ChatSidebar/BlockInsertPreview.stories.jsx[2m > [22m[2mMeaning Association Block
[22m[39mEasy.nodeKey preview-meaning-association type: string
[90mstdout[2m | src/components/ChatSidebar/BlockInsertPreview.stories.jsx[2m > [22m[2mMeaning Association Block
[22m[39mEasy.grade: undefined
[90mstdout[2m | src/components/ChatSidebar/BlockInsertPreview.stories.jsx[2m > [22m[2mMeaning Association Block
[22m[39mEasy.grade.data: undefined
[90mstdout[2m | src/components/ChatSidebar/BlockInsertPreview.stories.jsx[2m > [22m[2mMeaning Association Block
[22m[39mEasy.grade.data === grade? true
[90mstdout[2m | src/components/ChatSidebar/BlockInsertPreview.stories.jsx[2m > [22m[2mMeaning Association Block
[22m[39mEasy.grade.data keys: no data
[90mstdout[2m | src/components/ChatSidebar/BlockInsertPreview.stories.jsx[2m > [22m[2mMeaning Association Block
[22m[39mEasy.grade.data[nodeKey]: undefined
[90mstdout[2m | src/components/ChatSidebar/BlockInsertPreview.stories.jsx[2m > [22m[2mMeaning Association Block
[22m[39mEasy.inProgress {}
[90mstdout[2m | src/components/ChatSidebar/BlockInsertPreview.stories.jsx[2m > [22m[2mMeaning Association Block
[22m[39mHard.attemptedAnswers {}
[90mstdout[2m | src/components/ChatSidebar/BlockInsertPreview.stories.jsx[2m > [22m[2mMeaning Association Block
[22m[39m[Mock Storage] downloadData called with: undefined
[90mstdout[2m | src/components/ChatSidebar/BlockInsertPreview.stories.jsx[2m > [22m[2mCustom Answer Block
[22m[39m[ChatContext] Cleaning up subscriptions
[90mstdout[2m | src/components/ChatSidebar/BlockInsertPreview.stories.jsx[2m > [22m[2mCustom Answer Block
[22m[39m[Mock Data] Unit.onUpdate() subscription removed. Remaining: 0
[90mstdout[2m | src/components/ChatSidebar/BlockInsertPreview.stories.jsx[2m > [22m[2mCustom Answer Block
[22m[39m[MOCK CourseVectorStore] Initialized with mock data
[90mstdout[2m | src/components/ChatSidebar/BlockInsertPreview.stories.jsx[2m > [22m[2mCustom Answer Block
[22m[39m[Mock Data] seedMockQuestions: Adding 2 questions
[90mstdout[2m | src/components/ChatSidebar/BlockInsertPreview.stories.jsx[2m > [22m[2mCustom Answer Block
[22m[39mCustomAnswerComponent.questionID q-1
[90mstdout[2m | src/components/ChatSidebar/BlockInsertPreview.stories.jsx[2m > [22m[2mCustom Answer Block
[22m[39mCustomAnswerComponent.questionBank []
[90mstdout[2m | src/components/ChatSidebar/BlockInsertPreview.stories.jsx[2m > [22m[2mCustom Answer Block
[22m[39mCustomAnswerComponent.question {}
[90mstdout[2m | src/components/ChatSidebar/BlockInsertPreview.stories.jsx[2m > [22m[2mCustom Answer Block
[22m[39mCustomAnswerComponent.question {}
[90mstdout[2m | src/components/ChatSidebar/BlockInsertPreview.stories.jsx[2m > [22m[2mCustom Answer Block
[22m[39mCustomAnswerComponent.prompt undefined
[90mstdout[2m | src/components/ChatSidebar/BlockInsertPreview.stories.jsx[2m > [22m[2mCustom Answer Block
[22m[39mCustomAnswerComponent.feedback[questionID] undefined
[90mstdout[2m | src/components/ChatSidebar/BlockInsertPreview.stories.jsx[2m > [22m[2mCustom Answer Block
[22m[39mCustomAnswerComponent.isCompleted undefined
[90mstdout[2m | src/components/ChatSidebar/BlockInsertPreview.stories.jsx[2m > [22m[2mCustom Answer Block
[22m[39mCustomAnswerComponent.currentPromptMethod text
[90mstdout[2m | src/components/ChatSidebar/BlockInsertPreview.stories.jsx[2m > [22m[2mCustom Answer Block
[22m[39mCustomAnswerComponent.displayPrompt undefined
[90mstdout[2m | src/components/ChatSidebar/BlockInsertPreview.stories.jsx[2m > [22m[2mCustom Answer Block
[22m[39mCustomAnswerComponent.questionID q-2
[90mstdout[2m | src/components/ChatSidebar/BlockInsertPreview.stories.jsx[2m > [22m[2mCustom Answer Block
[22m[39mCustomAnswerComponent.questionBank []
[90mstdout[2m | src/components/ChatSidebar/BlockInsertPreview.stories.jsx[2m > [22m[2mCustom Answer Block
[22m[39mCustomAnswerComponent.question {}
[90mstdout[2m | src/components/ChatSidebar/BlockInsertPreview.stories.jsx[2m > [22m[2mCustom Answer Block
[22m[39mCustomAnswerComponent.question {}
[90mstdout[2m | src/components/ChatSidebar/BlockInsertPreview.stories.jsx[2m > [22m[2mCustom Answer Block
[22m[39mCustomAnswerComponent.prompt undefined
[90mstdout[2m | src/components/ChatSidebar/BlockInsertPreview.stories.jsx[2m > [22m[2mCustom Answer Block
[22m[39mCustomAnswerComponent.feedback[questionID] undefined
[90mstdout[2m | src/components/ChatSidebar/BlockInsertPreview.stories.jsx[2m > [22m[2mCustom Answer Block
[22m[39mCustomAnswerComponent.isCompleted undefined
[90mstdout[2m | src/components/ChatSidebar/BlockInsertPreview.stories.jsx[2m > [22m[2mCustom Answer Block
[22m[39mCustomAnswerComponent.currentPromptMethod text
[90mstdout[2m | src/components/ChatSidebar/BlockInsertPreview.stories.jsx[2m > [22m[2mCustom Answer Block
[22m[39mCustomAnswerComponent.displayPrompt undefined
[90mstdout[2m | src/components/ChatSidebar/BlockInsertPreview.stories.jsx[2m > [22m[2mCustom Answer Block
[22m[39mallowedInput [
  "text",
]
[90mstdout[2m | src/components/ChatSidebar/BlockInsertPreview.stories.jsx[2m > [22m[2mCustom Answer Block
[22m[39mpromptMethod [
  "text",
]
[90mstdout[2m | src/components/ChatSidebar/BlockInsertPreview.stories.jsx[2m > [22m[2mCustom Answer Block
[22m[39mAnswerComponent.currentPromptMethod text
[90mstdout[2m | src/components/ChatSidebar/BlockInsertPreview.stories.jsx[2m > [22m[2mCustom Answer Block
[22m[39mAnswerComponent.promptMethod [
  "text",
]
[90mstdout[2m | src/components/ChatSidebar/BlockInsertPreview.stories.jsx[2m > [22m[2mCustom Answer Block
[22m[39mallowedInput [
  "text",
]
[90mstdout[2m | src/components/ChatSidebar/BlockInsertPreview.stories.jsx[2m > [22m[2mCustom Answer Block
[22m[39mpromptMethod [
  "text",
]
[90mstdout[2m | src/components/ChatSidebar/BlockInsertPreview.stories.jsx[2m > [22m[2mCustom Answer Block
[22m[39mAnswerComponent.currentPromptMethod text
[90mstdout[2m | src/components/ChatSidebar/BlockInsertPreview.stories.jsx[2m > [22m[2mCustom Answer Block
[22m[39m[TranslationModeController] Setting mode to: off
[90mstdout[2m | src/components/ChatSidebar/BlockInsertPreview.stories.jsx[2m > [22m[2mCustom Answer Block
[22m[39m[UnitContext] useEffect triggered {
  "authLoading": false,
  "hasUser": true,
  "id": "mock-unit-id",
  "userSub": "mock-user-sub",
}
[90mstdout[2m | src/components/ChatSidebar/BlockInsertPreview.stories.jsx[2m > [22m[2mCustom Answer Block
[22m[39m[UnitContext] Fetching unit data for id: mock-unit-id
[90mstdout[2m | src/components/ChatSidebar/BlockInsertPreview.stories.jsx[2m > [22m[2mCustom Answer Block
[22m[39m[FilesContext] Initializing vector store from IndexedDB
[90mstdout[2m | src/components/ChatSidebar/BlockInsertPreview.stories.jsx[2m > [22m[2mCustom Answer Block
[22m[39m[FilesContext] fetchFiles called
[90mstdout[2m | src/components/ChatSidebar/BlockInsertPreview.stories.jsx[2m > [22m[2mCustom Answer Block
[22m[39m[FilesContext] User authenticated: mock-user-sub
[90mstdout[2m | src/components/ChatSidebar/BlockInsertPreview.stories.jsx[2m > [22m[2mCustom Answer Block
[22m[39m[FilesContext] Identity ID: us-east-1:mock-identity-123
[90mstdout[2m | src/components/ChatSidebar/BlockInsertPreview.stories.jsx[2m > [22m[2mCustom Answer Block
[22m[39m[FilesContext] About to set up File observeQuery
[90mstdout[2m | src/components/ChatSidebar/BlockInsertPreview.stories.jsx[2m > [22m[2mCustom Answer Block
[22m[39m[ChatContext] Setting up AssistantChat observeQuery
[90mstdout[2m | src/components/ChatSidebar/BlockInsertPreview.stories.jsx[2m > [22m[2mCustom Answer Block
[22m[39m[ChatContext] Waiting for subscription to initialize
[90mstdout[2m | src/components/ChatSidebar/BlockInsertPreview.stories.jsx[2m > [22m[2mCustom Answer Block
[22m[39m[SettingsContext] Setting up Settings subscription for user: mock-user-sub
[90mstdout[2m | src/components/ChatSidebar/BlockInsertPreview.stories.jsx[2m > [22m[2mCustom Answer Block
[22m[39mCustomAnswerComponent.questionID q-1
[90mstdout[2m | src/components/ChatSidebar/BlockInsertPreview.stories.jsx[2m > [22m[2mCustom Answer Block
[22m[39mCustomAnswerComponent.questionBank []
[90mstdout[2m | src/components/ChatSidebar/BlockInsertPreview.stories.jsx[2m > [22m[2mCustom Answer Block
[22m[39mCustomAnswerComponent.question {}
[90mstdout[2m | src/components/ChatSidebar/BlockInsertPreview.stories.jsx[2m > [22m[2mCustom Answer Block
[22m[39mCustomAnswerComponent.question {}
[90mstdout[2m | src/components/ChatSidebar/BlockInsertPreview.stories.jsx[2m > [22m[2mCustom Answer Block
[22m[39mCustomAnswerComponent.prompt undefined
[90mstdout[2m | src/components/ChatSidebar/BlockInsertPreview.stories.jsx[2m > [22m[2mCustom Answer Block
[22m[39mCustomAnswerComponent.feedback[questionID] undefined
[90mstdout[2m | src/components/ChatSidebar/BlockInsertPreview.stories.jsx[2m > [22m[2mCustom Answer Block
[22m[39mCustomAnswerComponent.isCompleted undefined
[90mstdout[2m | src/components/ChatSidebar/BlockInsertPreview.stories.jsx[2m > [22m[2mCustom Answer Block
[22m[39mCustomAnswerComponent.currentPromptMethod text
[90mstdout[2m | src/components/ChatSidebar/BlockInsertPreview.stories.jsx[2m > [22m[2mCustom Answer Block
[22m[39mCustomAnswerComponent.displayPrompt undefined
[90mstdout[2m | src/components/ChatSidebar/BlockInsertPreview.stories.jsx[2m > [22m[2mCustom Answer Block
[22m[39mCustomAnswerComponent.questionID q-2
[90mstdout[2m | src/components/ChatSidebar/BlockInsertPreview.stories.jsx[2m > [22m[2mCustom Answer Block
[22m[39mCustomAnswerComponent.questionBank []
[90mstdout[2m | src/components/ChatSidebar/BlockInsertPreview.stories.jsx[2m > [22m[2mCustom Answer Block
[22m[39mCustomAnswerComponent.question {}
[90mstdout[2m | src/components/ChatSidebar/BlockInsertPreview.stories.jsx[2m > [22m[2mCustom Answer Block
[22m[39mCustomAnswerComponent.question {}
[90mstdout[2m | src/components/ChatSidebar/BlockInsertPreview.stories.jsx[2m > [22m[2mCustom Answer Block
[22m[39mCustomAnswerComponent.prompt undefined
[90mstdout[2m | src/components/ChatSidebar/BlockInsertPreview.stories.jsx[2m > [22m[2mCustom Answer Block
[22m[39mCustomAnswerComponent.feedback[questionID] undefined
[90mstdout[2m | src/components/ChatSidebar/BlockInsertPreview.stories.jsx[2m > [22m[2mCustom Answer Block
[22m[39mCustomAnswerComponent.isCompleted undefined
[90mstdout[2m | src/components/ChatSidebar/BlockInsertPreview.stories.jsx[2m > [22m[2mCustom Answer Block
[22m[39mCustomAnswerComponent.currentPromptMethod text
[90mstdout[2m | src/components/ChatSidebar/BlockInsertPreview.stories.jsx[2m > [22m[2mCustom Answer Block
[22m[39mCustomAnswerComponent.displayPrompt undefined
[90mstdout[2m | src/components/ChatSidebar/BlockInsertPreview.stories.jsx[2m > [22m[2mCustom Answer Block
[22m[39m[Mock Data] Settings created: mock-settings-1790416375447 - notified 0 subscribers
[90mstdout[2m | src/components/ChatSidebar/BlockInsertPreview.stories.jsx[2m > [22m[2mCustom Answer Block
[22m[39m[Mock Data] Unit.onUpdate() subscription added. Total: 1
[90mstdout[2m | src/components/ChatSidebar/BlockInsertPreview.stories.jsx[2m > [22m[2mCustom Answer Block
[22m[39mCustomAnswerComponent.questionID q-1
[90mstdout[2m | src/components/ChatSidebar/BlockInsertPreview.stories.jsx[2m > [22m[2mCustom Answer Block
[22m[39mCustomAnswerComponent.questionBank []
[90mstdout[2m | src/components/ChatSidebar/BlockInsertPreview.stories.jsx[2m > [22m[2mCustom Answer Block
[22m[39mCustomAnswerComponent.question {}
[90mstdout[2m | src/components/ChatSidebar/BlockInsertPreview.stories.jsx[2m > [22m[2mCustom Answer Block
[22m[39mCustomAnswerComponent.question {}
[90mstdout[2m | src/components/ChatSidebar/BlockInsertPreview.stories.jsx[2m > [22m[2mCustom Answer Block
[22m[39mCustomAnswerComponent.prompt undefined
[90mstdout[2m | src/components/ChatSidebar/BlockInsertPreview.stories.jsx[2m > [22m[2mCustom Answer Block
[22m[39mCustomAnswerComponent.feedback[questionID] undefined
[90mstdout[2m | src/components/ChatSidebar/BlockInsertPreview.stories.jsx[2m > [22m[2mCustom Answer Block
[22m[39mCustomAnswerComponent.isCompleted undefined
[90mstdout[2m | src/components/ChatSidebar/BlockInsertPreview.stories.jsx[2m > [22m[2mCustom Answer Block
[22m[39mCustomAnswerComponent.currentPromptMethod text
[90mstdout[2m | src/components/ChatSidebar/BlockInsertPreview.stories.jsx[2m > [22m[2mCustom Answer Block
[22m[39mCustomAnswerComponent.displayPrompt undefined
[90mstdout[2m | src/components/ChatSidebar/BlockInsertPreview.stories.jsx[2m > [22m[2mCustom Answer Block
[22m[39mCustomAnswerComponent.questionID q-2
[90mstdout[2m | src/components/ChatSidebar/BlockInsertPreview.stories.jsx[2m > [22m[2mCustom Answer Block
[22m[39mCustomAnswerComponent.questionBank []
[90mstdout[2m | src/components/ChatSidebar/BlockInsertPreview.stories.jsx[2m > [22m[2mCustom Answer Block
[22m[39mCustomAnswerComponent.question {}
[90mstdout[2m | src/components/ChatSidebar/BlockInsertPreview.stories.jsx[2m > [22m[2mCustom Answer Block
[22m[39mCustomAnswerComponent.question {}
[90mstdout[2m | src/components/ChatSidebar/BlockInsertPreview.stories.jsx[2m > [22m[2mCustom Answer Block
[22m[39mCustomAnswerComponent.prompt undefined
[90mstdout[2m | src/components/ChatSidebar/BlockInsertPreview.stories.jsx[2m > [22m[2mCustom Answer Block
[22m[39mCustomAnswerComponent.feedback[questionID] undefined
[90mstdout[2m | src/components/ChatSidebar/BlockInsertPreview.stories.jsx[2m > [22m[2mCustom Answer Block
[22m[39mCustomAnswerComponent.isCompleted undefined
[90mstdout[2m | src/components/ChatSidebar/BlockInsertPreview.stories.jsx[2m > [22m[2mCustom Answer Block
[22m[39mCustomAnswerComponent.currentPromptMethod text
[90mstdout[2m | src/components/ChatSidebar/BlockInsertPreview.stories.jsx[2m > [22m[2mCustom Answer Block
[22m[39mCustomAnswerComponent.displayPrompt undefined
[90mstdout[2m | src/components/ChatSidebar/BlockInsertPreview.stories.jsx[2m > [22m[2mCustom Answer Block
[22m[39m[SectionContext] Section observeQuery update: 0
[90mstdout[2m | src/components/ChatSidebar/BlockInsertPreview.stories.jsx[2m > [22m[2mCustom Answer Block
[22m[39m[FilesContext] File observeQuery update: 6 files
[90mstdout[2m | src/components/ChatSidebar/BlockInsertPreview.stories.jsx[2m > [22m[2mCustom Answer Block
[22m[39m[ChatContext] AssistantChat initialized with 1 chats
[90mstdout[2m | src/components/ChatSidebar/BlockInsertPreview.stories.jsx[2m > [22m[2mCustom Answer Block
[22m[39m[ChatContext] Setting initial chat: mock-assistant-chat-1
[90mstdout[2m | src/components/ChatSidebar/BlockInsertPreview.stories.jsx[2m > [22m[2mCustom Answer Block
[22m[39m[MOCK CourseVectorStore] Initialized with mock data
[90mstdout[2m | src/components/ChatSidebar/BlockInsertPreview.stories.jsx[2m > [22m[2mCustom Answer Block
[22m[39mCustomAnswerComponent.questionID q-1
[90mstdout[2m | src/components/ChatSidebar/BlockInsertPreview.stories.jsx[2m > [22m[2mCustom Answer Block
[22m[39mCustomAnswerComponent.questionBank {
  "q-1": {
    "answer": "おはよう",
    "id": "q-1",
    "owner": "mock-user",
    "phonetic": "ohayou",
    "prompt": "Listen and type what you hear",
  },
  "q-2": {
    "answer": "おやすみ",
    "id": "q-2",
    "owner": "mock-user",
    "phonetic": "oyasumi",
    "prompt": "Listen and type what you hear",
  },
}
[90mstdout[2m | src/components/ChatSidebar/BlockInsertPreview.stories.jsx[2m > [22m[2mCustom Answer Block
[22m[39mCustomAnswerComponent.question {
  "answer": "おはよう",
  "id": "q-1",
  "owner": "mock-user",
  "phonetic": "ohayou",
  "prompt": "Listen and type what you hear",
}
[90mstdout[2m | src/components/ChatSidebar/BlockInsertPreview.stories.jsx[2m > [22m[2mCustom Answer Block
[22m[39mCustomAnswerComponent.question {
  "answer": "おはよう",
  "id": "q-1",
  "owner": "mock-user",
  "phonetic": "ohayou",
  "prompt": "Listen and type what you hear",
}
[90mstdout[2m | src/components/ChatSidebar/BlockInsertPreview.stories.jsx[2m > [22m[2mCustom Answer Block
[22m[39mCustomAnswerComponent.prompt Listen and type what you hear
[90mstdout[2m | src/components/ChatSidebar/BlockInsertPreview.stories.jsx[2m > [22m[2mCustom Answer Block
[22m[39mCustomAnswerComponent.feedback[questionID] undefined
[90mstdout[2m | src/components/ChatSidebar/BlockInsertPreview.stories.jsx[2m > [22m[2mCustom Answer Block
[22m[39mCustomAnswerComponent.isCompleted undefined
[90mstdout[2m | src/components/ChatSidebar/BlockInsertPreview.stories.jsx[2m > [22m[2mCustom Answer Block
[22m[39mCustomAnswerComponent.currentPromptMethod text
[90mstdout[2m | src/components/ChatSidebar/BlockInsertPreview.stories.jsx[2m > [22m[2mCustom Answer Block
[22m[39mCustomAnswerComponent.displayPrompt Listen and type what you hear
[90mstdout[2m | src/components/ChatSidebar/BlockInsertPreview.stories.jsx[2m > [22m[2mCustom Answer Block
[22m[39mCustomAnswerComponent.questionID q-2
[90mstdout[2m | src/components/ChatSidebar/BlockInsertPreview.stories.jsx[2m > [22m[2mCustom Answer Block
[22m[39mCustomAnswerComponent.questionBank {
  "q-1": {
    "answer": "おはよう",
    "id": "q-1",
    "owner": "mock-user",
    "phonetic": "ohayou",
    "prompt": "Listen and type what you hear",
  },
  "q-2": {
    "answer": "おやすみ",
    "id": "q-2",
    "owner": "mock-user",
    "phonetic": "oyasumi",
    "prompt": "Listen and type what you hear",
  },
}
[90mstdout[2m | src/components/ChatSidebar/BlockInsertPreview.stories.jsx[2m > [22m[2mCustom Answer Block
[22m[39mCustomAnswerComponent.question {
  "answer": "おやすみ",
  "id": "q-2",
  "owner": "mock-user",
  "phonetic": "oyasumi",
  "prompt": "Listen and type what you hear",
}
[90mstdout[2m | src/components/ChatSidebar/BlockInsertPreview.stories.jsx[2m > [22m[2mCustom Answer Block
[22m[39mCustomAnswerComponent.question {
  "answer": "おやすみ",
  "id": "q-2",
  "owner": "mock-user",
  "phonetic": "oyasumi",
  "prompt": "Listen and type what you hear",
}
[90mstdout[2m | src/components/ChatSidebar/BlockInsertPreview.stories.jsx[2m > [22m[2mCustom Answer Block
[22m[39mCustomAnswerComponent.prompt Listen and type what you hear
[90mstdout[2m | src/components/ChatSidebar/BlockInsertPreview.stories.jsx[2m > [22m[2mCustom Answer Block
[22m[39mCustomAnswerComponent.feedback[questionID] undefined
[90mstdout[2m | src/components/ChatSidebar/BlockInsertPreview.stories.jsx[2m > [22m[2mCustom Answer Block
[22m[39mCustomAnswerComponent.isCompleted undefined
[90mstdout[2m | src/components/ChatSidebar/BlockInsertPreview.stories.jsx[2m > [22m[2mCustom Answer Block
[22m[39mCustomAnswerComponent.currentPromptMethod text
[90mstdout[2m | src/components/ChatSidebar/BlockInsertPreview.stories.jsx[2m > [22m[2mCustom Answer Block
[22m[39mCustomAnswerComponent.displayPrompt Listen and type what you hear
[90mstdout[2m | src/components/ChatSidebar/BlockInsertPreview.stories.jsx[2m > [22m[2mCustom Answer Block
[22m[39m[FilesContext] Vector store population triggered {
  "currentVectorStoreSize": 3,
  "documentsCount": 0,
  "filesCount": 6,
  "isInitialLoad": true,
}
[90mstdout[2m | src/components/ChatSidebar/BlockInsertPreview.stories.jsx[2m > [22m[2mCustom Answer Block
[22m[39m[FilesContext] Vector store population complete - 3 total embeddings
[90mstdout[2m | src/components/ChatSidebar/BlockInsertPreview.stories.jsx[2m > [22m[2mCustom Answer Block
[22m[39m[ChatContext] Chat exists and not archived, skipping creation
[90mstdout[2m | src/components/ChatSidebar/BlockInsertPreview.stories.jsx[2m > [22m[2mCustom Answer Block
[22m[39m[Mock Storage] downloadData called with: undefined
[90mstdout[2m | src/components/ChatSidebar/BlockInsertPreview.stories.jsx[2m > [22m[2mContent Block
[22m[39mfilterWords {
  "filter": "",
  "wordsCount": 0,
}
[90mstdout[2m | src/components/ChatSidebar/BlockInsertPreview.stories.jsx[2m > [22m[2mContent Block
[22m[39m[ChatContext] Cleaning up subscriptions
[90mstdout[2m | src/components/ChatSidebar/BlockInsertPreview.stories.jsx[2m > [22m[2mContent Block
[22m[39m[Mock Data] Unit.onUpdate() subscription removed. Remaining: 0
[90mstdout[2m | src/components/ChatSidebar/BlockInsertPreview.stories.jsx[2m > [22m[2mContent Block
[22m[39m[MOCK CourseVectorStore] Initialized with mock data
[90mstdout[2m | src/components/ChatSidebar/BlockInsertPreview.stories.jsx[2m > [22m[2mContent Block
[22m[39m[TranslationModeController] Setting mode to: off
[90mstdout[2m | src/components/ChatSidebar/BlockInsertPreview.stories.jsx[2m > [22m[2mContent Block
[22m[39m[UnitContext] useEffect triggered {
  "authLoading": false,
  "hasUser": true,
  "id": "mock-unit-id",
  "userSub": "mock-user-sub",
}
[90mstdout[2m | src/components/ChatSidebar/BlockInsertPreview.stories.jsx[2m > [22m[2mContent Block
[22m[39m[UnitContext] Fetching unit data for id: mock-unit-id
[90mstdout[2m | src/components/ChatSidebar/BlockInsertPreview.stories.jsx[2m > [22m[2mContent Block
[22m[39m[FilesContext] Initializing vector store from IndexedDB
[90mstdout[2m | src/components/ChatSidebar/BlockInsertPreview.stories.jsx[2m > [22m[2mContent Block
[22m[39m[FilesContext] fetchFiles called
[90mstdout[2m | src/components/ChatSidebar/BlockInsertPreview.stories.jsx[2m > [22m[2mContent Block
[22m[39m[FilesContext] User authenticated: mock-user-sub
[90mstdout[2m | src/components/ChatSidebar/BlockInsertPreview.stories.jsx[2m > [22m[2mContent Block
[22m[39m[FilesContext] Identity ID: us-east-1:mock-identity-123
[90mstdout[2m | src/components/ChatSidebar/BlockInsertPreview.stories.jsx[2m > [22m[2mContent Block
[22m[39m[FilesContext] About to set up File observeQuery
[90mstdout[2m | src/components/ChatSidebar/BlockInsertPreview.stories.jsx[2m > [22m[2mContent Block
[22m[39m[ChatContext] Setting up AssistantChat observeQuery
[90mstdout[2m | src/components/ChatSidebar/BlockInsertPreview.stories.jsx[2m > [22m[2mContent Block
[22m[39m[ChatContext] Waiting for subscription to initialize
[90mstdout[2m | src/components/ChatSidebar/BlockInsertPreview.stories.jsx[2m > [22m[2mContent Block
[22m[39m[SettingsContext] Setting up Settings subscription for user: mock-user-sub
[90mstdout[2m | src/components/ChatSidebar/BlockInsertPreview.stories.jsx[2m > [22m[2mContent Block
[22m[39m[Mock Data] Settings created: mock-settings-1790416375632 - notified 0 subscribers
[90mstdout[2m | src/components/ChatSidebar/BlockInsertPreview.stories.jsx[2m > [22m[2mContent Block
[22m[39m[Mock Data] Unit.onUpdate() subscription added. Total: 1
[90mstdout[2m | src/components/ChatSidebar/BlockInsertPreview.stories.jsx[2m > [22m[2mContent Block
[22m[39m[SectionContext] Section observeQuery update: 0
[90mstdout[2m | src/components/ChatSidebar/BlockInsertPreview.stories.jsx[2m > [22m[2mContent Block
[22m[39m[Mock Storage] downloadData called with: undefined
[90mstdout[2m | src/components/ChatSidebar/BlockInsertPreview.stories.jsx[2m > [22m[2mContent Block
[22m[39m[FilesContext] File observeQuery update: 6 files
[90mstdout[2m | src/components/ChatSidebar/BlockInsertPreview.stories.jsx[2m > [22m[2mContent Block
[22m[39m[ChatContext] AssistantChat initialized with 1 chats
[90mstdout[2m | src/components/ChatSidebar/BlockInsertPreview.stories.jsx[2m > [22m[2mContent Block
[22m[39m[ChatContext] Setting initial chat: mock-assistant-chat-1
[90mstdout[2m | src/components/ChatSidebar/BlockInsertPreview.stories.jsx[2m > [22m[2mContent Block
[22m[39m[MOCK CourseVectorStore] Initialized with mock data
[90mstdout[2m | src/components/ChatSidebar/BlockInsertPreview.stories.jsx[2m > [22m[2mContent Block
[22m[39m[FilesContext] Vector store population triggered {
  "currentVectorStoreSize": 3,
  "documentsCount": 0,
  "filesCount": 6,
  "isInitialLoad": true,
}
[90mstdout[2m | src/components/ChatSidebar/BlockInsertPreview.stories.jsx[2m > [22m[2mContent Block
[22m[39m[FilesContext] Vector store population complete - 3 total embeddings
[90mstdout[2m | src/components/ChatSidebar/BlockInsertPreview.stories.jsx[2m > [22m[2mContent Block
[22m[39m[ChatContext] Chat exists and not archived, skipping creation
[90mstdout[2m | src/components/ChatSidebar/BlockInsertPreview.stories.jsx[2m > [22m[2mAll Block Types
[22m[39m[ChatContext] Cleaning up subscriptions
[90mstdout[2m | src/components/ChatSidebar/BlockInsertPreview.stories.jsx[2m > [22m[2mAll Block Types
[22m[39m[Mock Data] Unit.onUpdate() subscription removed. Remaining: 0
[90mstdout[2m | src/components/ChatSidebar/BlockInsertPreview.stories.jsx[2m > [22m[2mAll Block Types
[22m[39m[MOCK CourseVectorStore] Initialized with mock data
[90mstdout[2m | src/components/ChatSidebar/BlockInsertPreview.stories.jsx[2m > [22m[2mAll Block Types
[22m[39m[Mock Data] seedMockWords: Adding 3 words
[90mstdout[2m | src/components/ChatSidebar/BlockInsertPreview.stories.jsx[2m > [22m[2mAll Block Types
[22m[39mQuestionBlockRo.grade {}
[90mstdout[2m | src/components/ChatSidebar/BlockInsertPreview.stories.jsx[2m > [22m[2mAll Block Types
[22m[39m......!q {
  "answer": "か (ka)",
  "correct": true,
  "id": "q1-a",
  "question": "Which character is "ka"?",
}
[90mstdout[2m | src/components/ChatSidebar/BlockInsertPreview.stories.jsx[2m > [22m[2mAll Block Types
[22m[39m......!q {
  "answer": "き (ki)",
  "correct": false,
  "id": "q1-b",
  "question": "Which character is "ka"?",
}
[90mstdout[2m | src/components/ChatSidebar/BlockInsertPreview.stories.jsx[2m > [22m[2mAll Block Types
[22m[39m......!q {
  "answer": "く (ku)",
  "correct": false,
  "id": "q1-c",
  "question": "Which character is "ka"?",
}
[90mstdout[2m | src/components/ChatSidebar/BlockInsertPreview.stories.jsx[2m > [22m[2mAll Block Types
[22m[39mQuestionBlock.nodeKey preview-quiz-0 type: string
[90mstdout[2m | src/components/ChatSidebar/BlockInsertPreview.stories.jsx[2m > [22m[2mAll Block Types
[22m[39mQuestionBlock.questionContent [
  {
    "answer": "か (ka)",
    "correct": true,
    "id": "q1-a",
    "question": "Which character is "ka"?",
  },
  {
    "answer": "き (ki)",
    "correct": false,
    "id": "q1-b",
    "question": "Which character is "ka"?",
  },
  {
    "answer": "く (ku)",
    "correct": false,
    "id": "q1-c",
    "question": "Which character is "ka"?",
  },
]
[90mstdout[2m | src/components/ChatSidebar/BlockInsertPreview.stories.jsx[2m > [22m[2mAll Block Types
[22m[39mQuestionBlock.grade.data keys: []
[90mstdout[2m | src/components/ChatSidebar/BlockInsertPreview.stories.jsx[2m > [22m[2mAll Block Types
[22m[39mQuestionBlock.grade.data[nodeKey]: undefined
[90mstdout[2m | src/components/ChatSidebar/BlockInsertPreview.stories.jsx[2m > [22m[2mAll Block Types
[22m[39mQuestionBlockRo.inProgress {}
[90mstdout[2m | src/components/ChatSidebar/BlockInsertPreview.stories.jsx[2m > [22m[2mAll Block Types
[22m[39mEasy.nodeKey preview-meaning-association type: string
[90mstdout[2m | src/components/ChatSidebar/BlockInsertPreview.stories.jsx[2m > [22m[2mAll Block Types
[22m[39mEasy.grade: {}
[90mstdout[2m | src/components/ChatSidebar/BlockInsertPreview.stories.jsx[2m > [22m[2mAll Block Types
[22m[39mEasy.grade.data: undefined
[90mstdout[2m | src/components/ChatSidebar/BlockInsertPreview.stories.jsx[2m > [22m[2mAll Block Types
[22m[39mEasy.grade.data === grade? false
[90mstdout[2m | src/components/ChatSidebar/BlockInsertPreview.stories.jsx[2m > [22m[2mAll Block Types
[22m[39mEasy.grade.data keys: no data
[90mstdout[2m | src/components/ChatSidebar/BlockInsertPreview.stories.jsx[2m > [22m[2mAll Block Types
[22m[39mEasy.grade.data[nodeKey]: undefined
[90mstdout[2m | src/components/ChatSidebar/BlockInsertPreview.stories.jsx[2m > [22m[2mAll Block Types
[22m[39mEasy.inProgress {}
[90mstdout[2m | src/components/ChatSidebar/BlockInsertPreview.stories.jsx[2m > [22m[2mAll Block Types
[22m[39mLearn._vocabulary []
[90mstdout[2m | src/components/ChatSidebar/BlockInsertPreview.stories.jsx[2m > [22m[2mAll Block Types
[22m[39mMeaningAssociationExercise._vocabulary []
[90mstdout[2m | src/components/ChatSidebar/BlockInsertPreview.stories.jsx[2m > [22m[2mAll Block Types
[22m[39m[TranslationModeController] Setting mode to: off
[90mstdout[2m | src/components/ChatSidebar/BlockInsertPreview.stories.jsx[2m > [22m[2mAll Block Types
[22m[39m[UnitContext] useEffect triggered {
  "authLoading": false,
  "hasUser": true,
  "id": "mock-unit-id",
  "userSub": "mock-user-sub",
}
[90mstdout[2m | src/components/ChatSidebar/BlockInsertPreview.stories.jsx[2m > [22m[2mAll Block Types
[22m[39m[UnitContext] Fetching unit data for id: mock-unit-id
[90mstdout[2m | src/components/ChatSidebar/BlockInsertPreview.stories.jsx[2m > [22m[2mAll Block Types
[22m[39m[FilesContext] Initializing vector store from IndexedDB
[90mstdout[2m | src/components/ChatSidebar/BlockInsertPreview.stories.jsx[2m > [22m[2mAll Block Types
[22m[39m[FilesContext] fetchFiles called
[90mstdout[2m | src/components/ChatSidebar/BlockInsertPreview.stories.jsx[2m > [22m[2mAll Block Types
[22m[39m[FilesContext] User authenticated: mock-user-sub
[90mstdout[2m | src/components/ChatSidebar/BlockInsertPreview.stories.jsx[2m > [22m[2mAll Block Types
[22m[39m[FilesContext] Identity ID: us-east-1:mock-identity-123
[90mstdout[2m | src/components/ChatSidebar/BlockInsertPreview.stories.jsx[2m > [22m[2mAll Block Types
[22m[39m[FilesContext] About to set up File observeQuery
[90mstdout[2m | src/components/ChatSidebar/BlockInsertPreview.stories.jsx[2m > [22m[2mAll Block Types
[22m[39m[ChatContext] Setting up AssistantChat observeQuery
[90mstdout[2m | src/components/ChatSidebar/BlockInsertPreview.stories.jsx[2m > [22m[2mAll Block Types
[22m[39m[ChatContext] Waiting for subscription to initialize
[90mstdout[2m | src/components/ChatSidebar/BlockInsertPreview.stories.jsx[2m > [22m[2mAll Block Types
[22m[39m[SettingsContext] Setting up Settings subscription for user: mock-user-sub
[90mstdout[2m | src/components/ChatSidebar/BlockInsertPreview.stories.jsx[2m > [22m[2mAll Block Types
[22m[39mQuestionBlockRo.grade {}
[90mstdout[2m | src/components/ChatSidebar/BlockInsertPreview.stories.jsx[2m > [22m[2mAll Block Types
[22m[39m......!q {
  "answer": "か (ka)",
  "correct": true,
  "id": "q1-a",
  "question": "Which character is "ka"?",
}
[90mstdout[2m | src/components/ChatSidebar/BlockInsertPreview.stories.jsx[2m > [22m[2mAll Block Types
[22m[39m......!q {
  "answer": "き (ki)",
  "correct": false,
  "id": "q1-b",
  "question": "Which character is "ka"?",
}
[90mstdout[2m | src/components/ChatSidebar/BlockInsertPreview.stories.jsx[2m > [22m[2mAll Block Types
[22m[39m......!q {
  "answer": "く (ku)",
  "correct": false,
  "id": "q1-c",
  "question": "Which character is "ka"?",
}
[90mstdout[2m | src/components/ChatSidebar/BlockInsertPreview.stories.jsx[2m > [22m[2mAll Block Types
[22m[39mQuestionBlock.nodeKey preview-quiz-0 type: string
[90mstdout[2m | src/components/ChatSidebar/BlockInsertPreview.stories.jsx[2m > [22m[2mAll Block Types
[22m[39mQuestionBlock.questionContent [
  {
    "answer": "か (ka)",
    "correct": true,
    "id": "q1-a",
    "question": "Which character is "ka"?",
  },
  {
    "answer": "き (ki)",
    "correct": false,
    "id": "q1-b",
    "question": "Which character is "ka"?",
  },
  {
    "answer": "く (ku)",
    "correct": false,
    "id": "q1-c",
    "question": "Which character is "ka"?",
  },
]
[90mstdout[2m | src/components/ChatSidebar/BlockInsertPreview.stories.jsx[2m > [22m[2mAll Block Types
[22m[39mQuestionBlock.grade.data keys: []
[90mstdout[2m | src/components/ChatSidebar/BlockInsertPreview.stories.jsx[2m > [22m[2mAll Block Types
[22m[39mQuestionBlock.grade.data[nodeKey]: undefined
[90mstdout[2m | src/components/ChatSidebar/BlockInsertPreview.stories.jsx[2m > [22m[2mAll Block Types
[22m[39mQuestionBlockRo.inProgress {}
[90mstdout[2m | src/components/ChatSidebar/BlockInsertPreview.stories.jsx[2m > [22m[2mAll Block Types
[22m[39mEasy.nodeKey preview-meaning-association type: string
[90mstdout[2m | src/components/ChatSidebar/BlockInsertPreview.stories.jsx[2m > [22m[2mAll Block Types
[22m[39mEasy.grade: {}
[90mstdout[2m | src/components/ChatSidebar/BlockInsertPreview.stories.jsx[2m > [22m[2mAll Block Types
[22m[39mEasy.grade.data: undefined
[90mstdout[2m | src/components/ChatSidebar/BlockInsertPreview.stories.jsx[2m > [22m[2mAll Block Types
[22m[39mEasy.grade.data === grade? false
[90mstdout[2m | src/components/ChatSidebar/BlockInsertPreview.stories.jsx[2m > [22m[2mAll Block Types
[22m[39mEasy.grade.data keys: no data
[90mstdout[2m | src/components/ChatSidebar/BlockInsertPreview.stories.jsx[2m > [22m[2mAll Block Types
[22m[39mEasy.grade.data[nodeKey]: undefined
[90mstdout[2m | src/components/ChatSidebar/BlockInsertPreview.stories.jsx[2m > [22m[2mAll Block Types
[22m[39mEasy.inProgress {}
[90mstdout[2m | src/components/ChatSidebar/BlockInsertPreview.stories.jsx[2m > [22m[2mAll Block Types
[22m[39m[Mock Data] Settings created: mock-settings-1790416375868 - notified 0 subscribers
[90mstdout[2m | src/components/ChatSidebar/BlockInsertPreview.stories.jsx[2m > [22m[2mAll Block Types
[22m[39m[Mock Data] Unit.onUpdate() subscription added. Total: 1
[90mstdout[2m | src/components/ChatSidebar/BlockInsertPreview.stories.jsx[2m > [22m[2mAll Block Types
[22m[39mQuestionBlockRo.grade {}
[90mstdout[2m | src/components/ChatSidebar/BlockInsertPreview.stories.jsx[2m > [22m[2mAll Block Types
[22m[39m......!q {
  "answer": "か (ka)",
  "correct": true,
  "id": "q1-a",
  "question": "Which character is "ka"?",
}
[90mstdout[2m | src/components/ChatSidebar/BlockInsertPreview.stories.jsx[2m > [22m[2mAll Block Types
[22m[39m......!q {
  "answer": "き (ki)",
  "correct": false,
  "id": "q1-b",
  "question": "Which character is "ka"?",
}
[90mstdout[2m | src/components/ChatSidebar/BlockInsertPreview.stories.jsx[2m > [22m[2mAll Block Types
[22m[39m......!q {
  "answer": "く (ku)",
  "correct": false,
  "id": "q1-c",
  "question": "Which character is "ka"?",
}
[90mstdout[2m | src/components/ChatSidebar/BlockInsertPreview.stories.jsx[2m > [22m[2mAll Block Types
[22m[39mQuestionBlock.nodeKey preview-quiz-0 type: string
[90mstdout[2m | src/components/ChatSidebar/BlockInsertPreview.stories.jsx[2m > [22m[2mAll Block Types
[22m[39mQuestionBlock.questionContent [
  {
    "answer": "か (ka)",
    "correct": true,
    "id": "q1-a",
    "question": "Which character is "ka"?",
  },
  {
    "answer": "き (ki)",
    "correct": false,
    "id": "q1-b",
    "question": "Which character is "ka"?",
  },
  {
    "answer": "く (ku)",
    "correct": false,
    "id": "q1-c",
    "question": "Which character is "ka"?",
  },
]
[90mstdout[2m | src/components/ChatSidebar/BlockInsertPreview.stories.jsx[2m > [22m[2mAll Block Types
[22m[39mQuestionBlock.grade.data keys: []
[90mstdout[2m | src/components/ChatSidebar/BlockInsertPreview.stories.jsx[2m > [22m[2mAll Block Types
[22m[39mQuestionBlock.grade.data[nodeKey]: undefined
[90mstdout[2m | src/components/ChatSidebar/BlockInsertPreview.stories.jsx[2m > [22m[2mAll Block Types
[22m[39mQuestionBlockRo.inProgress {}
[90mstdout[2m | src/components/ChatSidebar/BlockInsertPreview.stories.jsx[2m > [22m[2mAll Block Types
[22m[39mEasy.nodeKey preview-meaning-association type: string
[90mstdout[2m | src/components/ChatSidebar/BlockInsertPreview.stories.jsx[2m > [22m[2mAll Block Types
[22m[39mEasy.grade: {}
[90mstdout[2m | src/components/ChatSidebar/BlockInsertPreview.stories.jsx[2m > [22m[2mAll Block Types
[22m[39mEasy.grade.data: undefined
[90mstdout[2m | src/components/ChatSidebar/BlockInsertPreview.stories.jsx[2m > [22m[2mAll Block Types
[22m[39mEasy.grade.data === grade? false
[90mstdout[2m | src/components/ChatSidebar/BlockInsertPreview.stories.jsx[2m > [22m[2mAll Block Types
[22m[39mEasy.grade.data keys: no data
[90mstdout[2m | src/components/ChatSidebar/BlockInsertPreview.stories.jsx[2m > [22m[2mAll Block Types
[22m[39mEasy.grade.data[nodeKey]: undefined
[90mstdout[2m | src/components/ChatSidebar/BlockInsertPreview.stories.jsx[2m > [22m[2mAll Block Types
[22m[39mEasy.inProgress {}
[90mstdout[2m | src/components/ChatSidebar/BlockInsertPreview.stories.jsx[2m > [22m[2mAll Block Types
[22m[39m[SectionContext] Section observeQuery update: 0
[90mstdout[2m | src/components/ChatSidebar/BlockInsertPreview.stories.jsx[2m > [22m[2mAll Block Types
[22m[39m[FilesContext] File observeQuery update: 6 files
[90mstdout[2m | src/components/ChatSidebar/BlockInsertPreview.stories.jsx[2m > [22m[2mAll Block Types
[22m[39m[ChatContext] AssistantChat initialized with 1 chats
[90mstdout[2m | src/components/ChatSidebar/BlockInsertPreview.stories.jsx[2m > [22m[2mAll Block Types
[22m[39m[ChatContext] Setting initial chat: mock-assistant-chat-1
[90mstdout[2m | src/components/ChatSidebar/BlockInsertPreview.stories.jsx[2m > [22m[2mAll Block Types
[22m[39m[MOCK CourseVectorStore] Initialized with mock data
[90mstdout[2m | src/components/ChatSidebar/BlockInsertPreview.stories.jsx[2m > [22m[2mAll Block Types
[22m[39mQuestionBlockRo.grade undefined
[90mstdout[2m | src/components/ChatSidebar/BlockInsertPreview.stories.jsx[2m > [22m[2mAll Block Types
[22m[39m......!q {
  "answer": "か (ka)",
  "correct": true,
  "id": "q1-a",
  "question": "Which character is "ka"?",
}
[90mstdout[2m | src/components/ChatSidebar/BlockInsertPreview.stories.jsx[2m > [22m[2mAll Block Types
[22m[39m......!q {
  "answer": "き (ki)",
  "correct": false,
  "id": "q1-b",
  "question": "Which character is "ka"?",
}
[90mstdout[2m | src/components/ChatSidebar/BlockInsertPreview.stories.jsx[2m > [22m[2mAll Block Types
[22m[39m......!q {
  "answer": "く (ku)",
  "correct": false,
  "id": "q1-c",
  "question": "Which character is "ka"?",
}
[90mstdout[2m | src/components/ChatSidebar/BlockInsertPreview.stories.jsx[2m > [22m[2mAll Block Types
[22m[39mQuestionBlock.nodeKey preview-quiz-0 type: string
[90mstdout[2m | src/components/ChatSidebar/BlockInsertPreview.stories.jsx[2m > [22m[2mAll Block Types
[22m[39mQuestionBlock.questionContent [
  {
    "answer": "か (ka)",
    "correct": true,
    "id": "q1-a",
    "question": "Which character is "ka"?",
  },
  {
    "answer": "き (ki)",
    "correct": false,
    "id": "q1-b",
    "question": "Which character is "ka"?",
  },
  {
    "answer": "く (ku)",
    "correct": false,
    "id": "q1-c",
    "question": "Which character is "ka"?",
  },
]
[90mstdout[2m | src/components/ChatSidebar/BlockInsertPreview.stories.jsx[2m > [22m[2mAll Block Types
[22m[39mQuestionBlock.grade.data keys: []
[90mstdout[2m | src/components/ChatSidebar/BlockInsertPreview.stories.jsx[2m > [22m[2mAll Block Types
[22m[39mQuestionBlock.grade.data[nodeKey]: undefined
[90mstdout[2m | src/components/ChatSidebar/BlockInsertPreview.stories.jsx[2m > [22m[2mAll Block Types
[22m[39mQuestionBlockRo.inProgress {}
[90mstdout[2m | src/components/ChatSidebar/BlockInsertPreview.stories.jsx[2m > [22m[2mAll Block Types
[22m[39mEasy.nodeKey preview-meaning-association type: string
[90mstdout[2m | src/components/ChatSidebar/BlockInsertPreview.stories.jsx[2m > [22m[2mAll Block Types
[22m[39mEasy.grade: undefined
[90mstdout[2m | src/components/ChatSidebar/BlockInsertPreview.stories.jsx[2m > [22m[2mAll Block Types
[22m[39mEasy.grade.data: undefined
[90mstdout[2m | src/components/ChatSidebar/BlockInsertPreview.stories.jsx[2m > [22m[2mAll Block Types
[22m[39mEasy.grade.data === grade? true
[90mstdout[2m | src/components/ChatSidebar/BlockInsertPreview.stories.jsx[2m > [22m[2mAll Block Types
[22m[39mEasy.grade.data keys: no data
[90mstdout[2m | src/components/ChatSidebar/BlockInsertPreview.stories.jsx[2m > [22m[2mAll Block Types
[22m[39mEasy.grade.data[nodeKey]: undefined
[90mstdout[2m | src/components/ChatSidebar/BlockInsertPreview.stories.jsx[2m > [22m[2mAll Block Types
[22m[39mEasy.inProgress {}
[90mstdout[2m | src/components/ChatSidebar/BlockInsertPreview.stories.jsx[2m > [22m[2mAll Block Types
[22m[39mLearn._vocabulary [
  {
    "definition": "red",
    "id": "word-aka",
    "owner": "mock-user",
    "phonetic": "aka",
    "phrase": "赤",
  },
  {
    "definition": "blue",
    "id": "word-ao",
    "owner": "mock-user",
    "phonetic": "ao",
    "phrase": "青",
  },
  {
    "definition": "green",
    "id": "word-midori",
    "owner": "mock-user",
    "phonetic": "midori",
    "phrase": "緑",
  },
]
[90mstdout[2m | src/components/ChatSidebar/BlockInsertPreview.stories.jsx[2m > [22m[2mAll Block Types
[22m[39mMeaningAssociationExercise._vocabulary [
  {
    "definition": "red",
    "id": "word-aka",
    "owner": "mock-user",
    "phonetic": "aka",
    "phrase": "赤",
  },
  {
    "definition": "blue",
    "id": "word-ao",
    "owner": "mock-user",
    "phonetic": "ao",
    "phrase": "青",
  },
  {
    "definition": "green",
    "id": "word-midori",
    "owner": "mock-user",
    "phonetic": "midori",
    "phrase": "緑",
  },
]
[90mstdout[2m | src/components/ChatSidebar/BlockInsertPreview.stories.jsx[2m > [22m[2mAll Block Types
[22m[39m[FilesContext] Vector store population triggered {
  "currentVectorStoreSize": 3,
  "documentsCount": 0,
  "filesCount": 6,
  "isInitialLoad": true,
}
[90mstdout[2m | src/components/ChatSidebar/BlockInsertPreview.stories.jsx[2m > [22m[2mAll Block Types
[22m[39m[FilesContext] Vector store population complete - 3 total embeddings
[90mstdout[2m | src/components/ChatSidebar/BlockInsertPreview.stories.jsx[2m > [22m[2mAll Block Types
[22m[39m[ChatContext] Chat exists and not archived, skipping creation
[90mstdout[2m | src/components/ChatSidebar/BlockInsertPreview.stories.jsx[2m > [22m[2mAll Block Types
[22m[39mEasy.nodeKey preview-meaning-association type: string
[90mstdout[2m | src/components/ChatSidebar/BlockInsertPreview.stories.jsx[2m > [22m[2mAll Block Types
[22m[39mEasy.grade: undefined
[90mstdout[2m | src/components/ChatSidebar/BlockInsertPreview.stories.jsx[2m > [22m[2mAll Block Types
[22m[39mEasy.grade.data: undefined
[90mstdout[2m | src/components/ChatSidebar/BlockInsertPreview.stories.jsx[2m > [22m[2mAll Block Types
[22m[39mEasy.grade.data === grade? true
[90mstdout[2m | src/components/ChatSidebar/BlockInsertPreview.stories.jsx[2m > [22m[2mAll Block Types
[22m[39mEasy.grade.data keys: no data
[90mstdout[2m | src/components/ChatSidebar/BlockInsertPreview.stories.jsx[2m > [22m[2mAll Block Types
[22m[39mEasy.grade.data[nodeKey]: undefined
[90mstdout[2m | src/components/ChatSidebar/BlockInsertPreview.stories.jsx[2m > [22m[2mAll Block Types
[22m[39mEasy.inProgress {}
[90mstdout[2m | src/components/ChatSidebar/BlockInsertPreview.stories.jsx[2m > [22m[2mAll Block Types
[22m[39m[Mock Storage] downloadData called with: undefined
 [32m✓[39m [30m[45m storybook (chromium) [49m[39m src/components/ChatSidebar/BlockInsertPreview.stories.jsx [2m([22m[2m6 tests[22m[2m)[22m[33m 1954[2mms[22m[39m
   [33m[2m✓[22m[39m Quiz Block [33m 593[2mms[22m[39m
   [33m[2m✓[22m[39m Meaning Association Block [33m 380[2mms[22m[39m
   [33m[2m✓[22m[39m All Block Types [33m 420[2mms[22m[39m
[90mstdout[2m | unknown test
[22m[39m[MOCK vectorStoreDB.js] Module loaded - mock IndexedDB operations
[90mstdout[2m | unknown test
[22m[39m[Task Completion] DOM action listeners initialized
[90mstdout[2m | unknown test
[22m[39m[Task Completion] Auto-completion detector initialized
[90mstdout[2m | unknown test
[22m[39m[Preview] Task completion detector initialized
[90mstdout[2m | src/components/Gamification/BadgeIcon.stories.tsx[2m > [22m[2mDefault
[22m[39m[TranslationModeController] Setting mode to: off
[90mstdout[2m | src/components/Gamification/BadgeIcon.stories.tsx[2m > [22m[2mLocked
[22m[39m[TranslationModeController] Setting mode to: off
[90mstdout[2m | src/components/Gamification/BadgeIcon.stories.tsx[2m > [22m[2mLarge Epic
[22m[39m[TranslationModeController] Setting mode to: off
[90mstdout[2m | src/components/Gamification/BadgeIcon.stories.tsx[2m > [22m[2mLegendary Bot Whisperer
[22m[39m[TranslationModeController] Setting mode to: off
[90mstdout[2m | src/components/Gamification/BadgeIcon.stories.tsx[2m > [22m[2mAll Badges
[22m[39m[TranslationModeController] Setting mode to: off
[90mstdout[2m | src/components/Gamification/BadgeIcon.stories.tsx[2m > [22m[2mEarned Vs Locked
[22m[39m[TranslationModeController] Setting mode to: off
[90mstdout[2m | src/components/Gamification/BadgeIcon.stories.tsx[2m > [22m[2mSizes
[22m[39m[TranslationModeController] Setting mode to: off
[90mstdout[2m | src/components/Gamification/BadgeIcon.stories.tsx[2m > [22m[2mShapes
[22m[39m[TranslationModeController] Setting mode to: off
[90mstdout[2m | src/components/Gamification/BadgeIcon.stories.tsx[2m > [22m[2mStaggered Grid
[22m[39m[TranslationModeController] Setting mode to: off
[90mstdout[2m | src/components/Gamification/BadgeIcon.stories.tsx[2m > [22m[2mBot Whisperer Progression
[22m[39m[TranslationModeController] Setting mode to: off
 [32m✓[39m [30m[45m storybook (chromium) [49m[39m src/components/Gamification/BadgeIcon.stories.tsx [2m([22m[2m10 tests[22m[2m)[22m[33m 1404[2mms[22m[39m
   [33m[2m✓[22m[39m All Badges [33m 488[2mms[22m[39m
[90mstdout[2m | unknown test
[22m[39m[MOCK vectorStoreDB.js] Module loaded - mock IndexedDB operations
[90mstdout[2m | unknown test
[22m[39m[Task Completion] DOM action listeners initialized
[90mstdout[2m | unknown test
[22m[39m[Task Completion] Auto-completion detector initialized
[90mstdout[2m | unknown test
[22m[39m[Preview] Task completion detector initialized
[90mstdout[2m | src/components/PracticeDrill/PracticeDrillConfigPopup.stories.tsx[2m > [22m[2mDefault
[22m[39m[MOCK CourseVectorStore] Initialized with mock data
[90mstdout[2m | src/components/PracticeDrill/PracticeDrillConfigPopup.stories.tsx[2m > [22m[2mDefault
[22m[39m[TranslationModeController] Setting mode to: off
[90mstdout[2m | src/components/PracticeDrill/PracticeDrillConfigPopup.stories.tsx[2m > [22m[2mDefault
[22m[39m[UnitContext] useEffect triggered {
  "authLoading": false,
  "hasUser": true,
  "id": "mock-unit-id",
  "userSub": "mock-user-sub",
}
[90mstdout[2m | src/components/PracticeDrill/PracticeDrillConfigPopup.stories.tsx[2m > [22m[2mDefault
[22m[39m[UnitContext] Fetching unit data for id: mock-unit-id
[90mstdout[2m | src/components/PracticeDrill/PracticeDrillConfigPopup.stories.tsx[2m > [22m[2mDefault
[22m[39m[FilesContext] Initializing vector store from IndexedDB
[90mstdout[2m | src/components/PracticeDrill/PracticeDrillConfigPopup.stories.tsx[2m > [22m[2mDefault
[22m[39m[FilesContext] fetchFiles called
[90mstdout[2m | src/components/PracticeDrill/PracticeDrillConfigPopup.stories.tsx[2m > [22m[2mDefault
[22m[39m[FilesContext] User authenticated: mock-user-sub
[90mstdout[2m | src/components/PracticeDrill/PracticeDrillConfigPopup.stories.tsx[2m > [22m[2mDefault
[22m[39m[FilesContext] Identity ID: us-east-1:mock-identity-123
[90mstdout[2m | src/components/PracticeDrill/PracticeDrillConfigPopup.stories.tsx[2m > [22m[2mDefault
[22m[39m[FilesContext] About to set up File observeQuery
[90mstdout[2m | src/components/PracticeDrill/PracticeDrillConfigPopup.stories.tsx[2m > [22m[2mDefault
[22m[39m[ChatContext] Setting up AssistantChat observeQuery
[90mstdout[2m | src/components/PracticeDrill/PracticeDrillConfigPopup.stories.tsx[2m > [22m[2mDefault
[22m[39m[ChatContext] Waiting for subscription to initialize
[90mstdout[2m | src/components/PracticeDrill/PracticeDrillConfigPopup.stories.tsx[2m > [22m[2mDefault
[22m[39m[SettingsContext] Setting up Settings subscription for user: mock-user-sub
[90mstdout[2m | src/components/PracticeDrill/PracticeDrillConfigPopup.stories.tsx[2m > [22m[2mDefault
[22m[39m[Mock Data] Settings created: mock-settings-1790416379020 - notified 0 subscribers
[90mstdout[2m | src/components/PracticeDrill/PracticeDrillConfigPopup.stories.tsx[2m > [22m[2mDefault
[22m[39m[Mock Data] Unit.onUpdate() subscription added. Total: 1
[90mstdout[2m | src/components/PracticeDrill/PracticeDrillConfigPopup.stories.tsx[2m > [22m[2mDefault
[22m[39m[SectionContext] Section observeQuery update: 0
[90mstdout[2m | src/components/PracticeDrill/PracticeDrillConfigPopup.stories.tsx[2m > [22m[2mDefault
[22m[39m[FilesContext] File observeQuery update: 6 files
[90mstdout[2m | src/components/PracticeDrill/PracticeDrillConfigPopup.stories.tsx[2m > [22m[2mDefault
[22m[39m[ChatContext] AssistantChat initialized with 1 chats
[90mstdout[2m | src/components/PracticeDrill/PracticeDrillConfigPopup.stories.tsx[2m > [22m[2mDefault
[22m[39m[ChatContext] Setting initial chat: mock-assistant-chat-1
[90mstdout[2m | src/components/PracticeDrill/PracticeDrillConfigPopup.stories.tsx[2m > [22m[2mDefault
[22m[39m[MOCK CourseVectorStore] Initialized with mock data
[90mstdout[2m | src/components/PracticeDrill/PracticeDrillConfigPopup.stories.tsx[2m > [22m[2mDefault
[22m[39m[FilesContext] Vector store population triggered {
  "currentVectorStoreSize": 3,
  "documentsCount": 0,
  "filesCount": 6,
  "isInitialLoad": true,
}
[90mstdout[2m | src/components/PracticeDrill/PracticeDrillConfigPopup.stories.tsx[2m > [22m[2mDefault
[22m[39m[FilesContext] Vector store population complete - 3 total embeddings
[90mstdout[2m | src/components/PracticeDrill/PracticeDrillConfigPopup.stories.tsx[2m > [22m[2mDefault
[22m[39m[ChatContext] Chat exists and not archived, skipping creation
[90mstdout[2m | src/components/PracticeDrill/PracticeDrillConfigPopup.stories.tsx[2m > [22m[2mDefault
[22m[39m[Mock Storage] downloadData called with: undefined
[90mstdout[2m | src/components/PracticeDrill/PracticeDrillConfigPopup.stories.tsx[2m > [22m[2mWith Coverage
[22m[39m[ChatContext] Cleaning up subscriptions
[90mstdout[2m | src/components/PracticeDrill/PracticeDrillConfigPopup.stories.tsx[2m > [22m[2mWith Coverage
[22m[39m[Mock Data] Unit.onUpdate() subscription removed. Remaining: 0
[90mstdout[2m | src/components/PracticeDrill/PracticeDrillConfigPopup.stories.tsx[2m > [22m[2mWith Coverage
[22m[39m[MOCK CourseVectorStore] Initialized with mock data
[90mstdout[2m | src/components/PracticeDrill/PracticeDrillConfigPopup.stories.tsx[2m > [22m[2mWith Coverage
[22m[39m[TranslationModeController] Setting mode to: off
[90mstdout[2m | src/components/PracticeDrill/PracticeDrillConfigPopup.stories.tsx[2m > [22m[2mWith Coverage
[22m[39m[UnitContext] useEffect triggered {
  "authLoading": false,
  "hasUser": true,
  "id": "mock-unit-id",
  "userSub": "mock-user-sub",
}
[90mstdout[2m | src/components/PracticeDrill/PracticeDrillConfigPopup.stories.tsx[2m > [22m[2mWith Coverage
[22m[39m[UnitContext] Fetching unit data for id: mock-unit-id
[90mstdout[2m | src/components/PracticeDrill/PracticeDrillConfigPopup.stories.tsx[2m > [22m[2mWith Coverage
[22m[39m[FilesContext] Initializing vector store from IndexedDB
[90mstdout[2m | src/components/PracticeDrill/PracticeDrillConfigPopup.stories.tsx[2m > [22m[2mWith Coverage
[22m[39m[FilesContext] fetchFiles called
[90mstdout[2m | src/components/PracticeDrill/PracticeDrillConfigPopup.stories.tsx[2m > [22m[2mWith Coverage
[22m[39m[FilesContext] User authenticated: mock-user-sub
[90mstdout[2m | src/components/PracticeDrill/PracticeDrillConfigPopup.stories.tsx[2m > [22m[2mWith Coverage
[22m[39m[FilesContext] Identity ID: us-east-1:mock-identity-123
[90mstdout[2m | src/components/PracticeDrill/PracticeDrillConfigPopup.stories.tsx[2m > [22m[2mWith Coverage
[22m[39m[FilesContext] About to set up File observeQuery
[90mstdout[2m | src/components/PracticeDrill/PracticeDrillConfigPopup.stories.tsx[2m > [22m[2mWith Coverage
[22m[39m[ChatContext] Setting up AssistantChat observeQuery
[90mstdout[2m | src/components/PracticeDrill/PracticeDrillConfigPopup.stories.tsx[2m > [22m[2mWith Coverage
[22m[39m[ChatContext] Waiting for subscription to initialize
[90mstdout[2m | src/components/PracticeDrill/PracticeDrillConfigPopup.stories.tsx[2m > [22m[2mWith Coverage
[22m[39m[SettingsContext] Setting up Settings subscription for user: mock-user-sub
[90mstdout[2m | src/components/PracticeDrill/PracticeDrillConfigPopup.stories.tsx[2m > [22m[2mWith Coverage
[22m[39m[Mock Data] Settings created: mock-settings-1790416379400 - notified 0 subscribers
[90mstdout[2m | src/components/PracticeDrill/PracticeDrillConfigPopup.stories.tsx[2m > [22m[2mWith Coverage
[22m[39m[Mock Data] Unit.onUpdate() subscription added. Total: 1
[90mstdout[2m | src/components/PracticeDrill/PracticeDrillConfigPopup.stories.tsx[2m > [22m[2mWith Coverage
[22m[39m[SectionContext] Section observeQuery update: 0
[90mstdout[2m | src/components/PracticeDrill/PracticeDrillConfigPopup.stories.tsx[2m > [22m[2mWith Coverage
[22m[39m[FilesContext] File observeQuery update: 6 files
[90mstdout[2m | src/components/PracticeDrill/PracticeDrillConfigPopup.stories.tsx[2m > [22m[2mWith Coverage
[22m[39m[ChatContext] AssistantChat initialized with 1 chats
[90mstdout[2m | src/components/PracticeDrill/PracticeDrillConfigPopup.stories.tsx[2m > [22m[2mWith Coverage
[22m[39m[ChatContext] Setting initial chat: mock-assistant-chat-1
[90mstdout[2m | src/components/PracticeDrill/PracticeDrillConfigPopup.stories.tsx[2m > [22m[2mWith Coverage
[22m[39m[MOCK CourseVectorStore] Initialized with mock data
[90mstdout[2m | src/components/PracticeDrill/PracticeDrillConfigPopup.stories.tsx[2m > [22m[2mWith Coverage
[22m[39m[FilesContext] Vector store population triggered {
  "currentVectorStoreSize": 3,
  "documentsCount": 0,
  "filesCount": 6,
  "isInitialLoad": true,
}
[90mstdout[2m | src/components/PracticeDrill/PracticeDrillConfigPopup.stories.tsx[2m > [22m[2mWith Coverage
[22m[39m[FilesContext] Vector store population complete - 3 total embeddings
[90mstdout[2m | src/components/PracticeDrill/PracticeDrillConfigPopup.stories.tsx[2m > [22m[2mWith Coverage
[22m[39m[ChatContext] Chat exists and not archived, skipping creation
[90mstdout[2m | src/components/PracticeDrill/PracticeDrillConfigPopup.stories.tsx[2m > [22m[2mWith Coverage
[22m[39m[Mock Storage] downloadData called with: undefined
[90mstdout[2m | src/components/PracticeDrill/PracticeDrillConfigPopup.stories.tsx[2m > [22m[2mFull Coverage
[22m[39m[ChatContext] Cleaning up subscriptions
[90mstdout[2m | src/components/PracticeDrill/PracticeDrillConfigPopup.stories.tsx[2m > [22m[2mFull Coverage
[22m[39m[Mock Data] Unit.onUpdate() subscription removed. Remaining: 0
[90mstdout[2m | src/components/PracticeDrill/PracticeDrillConfigPopup.stories.tsx[2m > [22m[2mFull Coverage
[22m[39m[MOCK CourseVectorStore] Initialized with mock data
[90mstdout[2m | src/components/PracticeDrill/PracticeDrillConfigPopup.stories.tsx[2m > [22m[2mFull Coverage
[22m[39m[TranslationModeController] Setting mode to: off
[90mstdout[2m | src/components/PracticeDrill/PracticeDrillConfigPopup.stories.tsx[2m > [22m[2mFull Coverage
[22m[39m[UnitContext] useEffect triggered {
  "authLoading": false,
  "hasUser": true,
  "id": "mock-unit-id",
  "userSub": "mock-user-sub",
}
[90mstdout[2m | src/components/PracticeDrill/PracticeDrillConfigPopup.stories.tsx[2m > [22m[2mFull Coverage
[22m[39m[UnitContext] Fetching unit data for id: mock-unit-id
[90mstdout[2m | src/components/PracticeDrill/PracticeDrillConfigPopup.stories.tsx[2m > [22m[2mFull Coverage
[22m[39m[FilesContext] Initializing vector store from IndexedDB
[90mstdout[2m | src/components/PracticeDrill/PracticeDrillConfigPopup.stories.tsx[2m > [22m[2mFull Coverage
[22m[39m[FilesContext] fetchFiles called
[90mstdout[2m | src/components/PracticeDrill/PracticeDrillConfigPopup.stories.tsx[2m > [22m[2mFull Coverage
[22m[39m[FilesContext] User authenticated: mock-user-sub
[90mstdout[2m | src/components/PracticeDrill/PracticeDrillConfigPopup.stories.tsx[2m > [22m[2mFull Coverage
[22m[39m[FilesContext] Identity ID: us-east-1:mock-identity-123
[90mstdout[2m | src/components/PracticeDrill/PracticeDrillConfigPopup.stories.tsx[2m > [22m[2mFull Coverage
[22m[39m[FilesContext] About to set up File observeQuery
[90mstdout[2m | src/components/PracticeDrill/PracticeDrillConfigPopup.stories.tsx[2m > [22m[2mFull Coverage
[22m[39m[ChatContext] Setting up AssistantChat observeQuery
[90mstdout[2m | src/components/PracticeDrill/PracticeDrillConfigPopup.stories.tsx[2m > [22m[2mFull Coverage
[22m[39m[ChatContext] Waiting for subscription to initialize
[90mstdout[2m | src/components/PracticeDrill/PracticeDrillConfigPopup.stories.tsx[2m > [22m[2mFull Coverage
[22m[39m[SettingsContext] Setting up Settings subscription for user: mock-user-sub
[90mstdout[2m | src/components/PracticeDrill/PracticeDrillConfigPopup.stories.tsx[2m > [22m[2mFull Coverage
[22m[39m[Mock Data] Settings created: mock-settings-1790416379773 - notified 0 subscribers
[90mstdout[2m | src/components/PracticeDrill/PracticeDrillConfigPopup.stories.tsx[2m > [22m[2mFull Coverage
[22m[39m[Mock Data] Unit.onUpdate() subscription added. Total: 1
[90mstdout[2m | src/components/PracticeDrill/PracticeDrillConfigPopup.stories.tsx[2m > [22m[2mFull Coverage
[22m[39m[SectionContext] Section observeQuery update: 0
[90mstdout[2m | src/components/PracticeDrill/PracticeDrillConfigPopup.stories.tsx[2m > [22m[2mFull Coverage
[22m[39m[FilesContext] File observeQuery update: 6 files
[90mstdout[2m | src/components/PracticeDrill/PracticeDrillConfigPopup.stories.tsx[2m > [22m[2mFull Coverage
[22m[39m[ChatContext] AssistantChat initialized with 1 chats
[90mstdout[2m | src/components/PracticeDrill/PracticeDrillConfigPopup.stories.tsx[2m > [22m[2mFull Coverage
[22m[39m[ChatContext] Setting initial chat: mock-assistant-chat-1
[90mstdout[2m | src/components/PracticeDrill/PracticeDrillConfigPopup.stories.tsx[2m > [22m[2mFull Coverage
[22m[39m[MOCK CourseVectorStore] Initialized with mock data
[90mstdout[2m | src/components/PracticeDrill/PracticeDrillConfigPopup.stories.tsx[2m > [22m[2mFull Coverage
[22m[39m[FilesContext] Vector store population triggered {
  "currentVectorStoreSize": 3,
  "documentsCount": 0,
  "filesCount": 6,
  "isInitialLoad": true,
}
[90mstdout[2m | src/components/PracticeDrill/PracticeDrillConfigPopup.stories.tsx[2m > [22m[2mFull Coverage
[22m[39m[FilesContext] Vector store population complete - 3 total embeddings
[90mstdout[2m | src/components/PracticeDrill/PracticeDrillConfigPopup.stories.tsx[2m > [22m[2mFull Coverage
[22m[39m[ChatContext] Chat exists and not archived, skipping creation
[90mstdout[2m | src/components/PracticeDrill/PracticeDrillConfigPopup.stories.tsx[2m > [22m[2mFull Coverage
[22m[39m[Mock Storage] downloadData called with: undefined
[90mstdout[2m | src/components/PracticeDrill/PracticeDrillConfigPopup.stories.tsx[2m > [22m[2mVocabulary Only
[22m[39m[ChatContext] Cleaning up subscriptions
[90mstdout[2m | src/components/PracticeDrill/PracticeDrillConfigPopup.stories.tsx[2m > [22m[2mVocabulary Only
[22m[39m[Mock Data] Unit.onUpdate() subscription removed. Remaining: 0
[90mstdout[2m | src/components/PracticeDrill/PracticeDrillConfigPopup.stories.tsx[2m > [22m[2mVocabulary Only
[22m[39m[MOCK CourseVectorStore] Initialized with mock data
[90mstdout[2m | src/components/PracticeDrill/PracticeDrillConfigPopup.stories.tsx[2m > [22m[2mVocabulary Only
[22m[39m[TranslationModeController] Setting mode to: off
[90mstdout[2m | src/components/PracticeDrill/PracticeDrillConfigPopup.stories.tsx[2m > [22m[2mVocabulary Only
[22m[39m[UnitContext] useEffect triggered {
  "authLoading": false,
  "hasUser": true,
  "id": "mock-unit-id",
  "userSub": "mock-user-sub",
}
[90mstdout[2m | src/components/PracticeDrill/PracticeDrillConfigPopup.stories.tsx[2m > [22m[2mVocabulary Only
[22m[39m[UnitContext] Fetching unit data for id: mock-unit-id
[90mstdout[2m | src/components/PracticeDrill/PracticeDrillConfigPopup.stories.tsx[2m > [22m[2mVocabulary Only
[22m[39m[FilesContext] Initializing vector store from IndexedDB
[90mstdout[2m | src/components/PracticeDrill/PracticeDrillConfigPopup.stories.tsx[2m > [22m[2mVocabulary Only
[22m[39m[FilesContext] fetchFiles called
[90mstdout[2m | src/components/PracticeDrill/PracticeDrillConfigPopup.stories.tsx[2m > [22m[2mVocabulary Only
[22m[39m[FilesContext] User authenticated: mock-user-sub
[90mstdout[2m | src/components/PracticeDrill/PracticeDrillConfigPopup.stories.tsx[2m > [22m[2mVocabulary Only
[22m[39m[FilesContext] Identity ID: us-east-1:mock-identity-123
[90mstdout[2m | src/components/PracticeDrill/PracticeDrillConfigPopup.stories.tsx[2m > [22m[2mVocabulary Only
[22m[39m[FilesContext] About to set up File observeQuery
[90mstdout[2m | src/components/PracticeDrill/PracticeDrillConfigPopup.stories.tsx[2m > [22m[2mVocabulary Only
[22m[39m[ChatContext] Setting up AssistantChat observeQuery
[90mstdout[2m | src/components/PracticeDrill/PracticeDrillConfigPopup.stories.tsx[2m > [22m[2mVocabulary Only
[22m[39m[ChatContext] Waiting for subscription to initialize
[90mstdout[2m | src/components/PracticeDrill/PracticeDrillConfigPopup.stories.tsx[2m > [22m[2mVocabulary Only
[22m[39m[SettingsContext] Setting up Settings subscription for user: mock-user-sub
[90mstdout[2m | src/components/PracticeDrill/PracticeDrillConfigPopup.stories.tsx[2m > [22m[2mVocabulary Only
[22m[39m[Mock Data] Settings created: mock-settings-1790416380365 - notified 0 subscribers
[90mstdout[2m | src/components/PracticeDrill/PracticeDrillConfigPopup.stories.tsx[2m > [22m[2mVocabulary Only
[22m[39m[Mock Data] Unit.onUpdate() subscription added. Total: 1
[90mstdout[2m | src/components/PracticeDrill/PracticeDrillConfigPopup.stories.tsx[2m > [22m[2mVocabulary Only
[22m[39m[SectionContext] Section observeQuery update: 0
[90mstdout[2m | src/components/PracticeDrill/PracticeDrillConfigPopup.stories.tsx[2m > [22m[2mVocabulary Only
[22m[39m[FilesContext] File observeQuery update: 6 files
[90mstdout[2m | src/components/PracticeDrill/PracticeDrillConfigPopup.stories.tsx[2m > [22m[2mVocabulary Only
[22m[39m[ChatContext] AssistantChat initialized with 1 chats
[90mstdout[2m | src/components/PracticeDrill/PracticeDrillConfigPopup.stories.tsx[2m > [22m[2mVocabulary Only
[22m[39m[ChatContext] Setting initial chat: mock-assistant-chat-1
[90mstdout[2m | src/components/PracticeDrill/PracticeDrillConfigPopup.stories.tsx[2m > [22m[2mVocabulary Only
[22m[39m[MOCK CourseVectorStore] Initialized with mock data
[90mstdout[2m | src/components/PracticeDrill/PracticeDrillConfigPopup.stories.tsx[2m > [22m[2mVocabulary Only
[22m[39m[FilesContext] Vector store population triggered {
  "currentVectorStoreSize": 3,
  "documentsCount": 0,
  "filesCount": 6,
  "isInitialLoad": true,
}
[90mstdout[2m | src/components/PracticeDrill/PracticeDrillConfigPopup.stories.tsx[2m > [22m[2mVocabulary Only
[22m[39m[FilesContext] Vector store population complete - 3 total embeddings
[90mstdout[2m | src/components/PracticeDrill/PracticeDrillConfigPopup.stories.tsx[2m > [22m[2mVocabulary Only
[22m[39m[ChatContext] Chat exists and not archived, skipping creation
[90mstdout[2m | src/components/PracticeDrill/PracticeDrillConfigPopup.stories.tsx[2m > [22m[2mVocabulary Only
[22m[39m[Mock Storage] downloadData called with: undefined
[90mstdout[2m | src/components/PracticeDrill/PracticeDrillConfigPopup.stories.tsx[2m > [22m[2mNo Content
[22m[39m[ChatContext] Cleaning up subscriptions
[90mstdout[2m | src/components/PracticeDrill/PracticeDrillConfigPopup.stories.tsx[2m > [22m[2mNo Content
[22m[39m[Mock Data] Unit.onUpdate() subscription removed. Remaining: 0
[90mstdout[2m | src/components/PracticeDrill/PracticeDrillConfigPopup.stories.tsx[2m > [22m[2mNo Content
[22m[39m[MOCK CourseVectorStore] Initialized with mock data
[90mstdout[2m | src/components/PracticeDrill/PracticeDrillConfigPopup.stories.tsx[2m > [22m[2mNo Content
[22m[39m[TranslationModeController] Setting mode to: off
[90mstdout[2m | src/components/PracticeDrill/PracticeDrillConfigPopup.stories.tsx[2m > [22m[2mNo Content
[22m[39m[UnitContext] useEffect triggered {
  "authLoading": false,
  "hasUser": true,
  "id": "mock-unit-id",
  "userSub": "mock-user-sub",
}
[90mstdout[2m | src/components/PracticeDrill/PracticeDrillConfigPopup.stories.tsx[2m > [22m[2mNo Content
[22m[39m[UnitContext] Fetching unit data for id: mock-unit-id
[90mstdout[2m | src/components/PracticeDrill/PracticeDrillConfigPopup.stories.tsx[2m > [22m[2mNo Content
[22m[39m[FilesContext] Initializing vector store from IndexedDB
[90mstdout[2m | src/components/PracticeDrill/PracticeDrillConfigPopup.stories.tsx[2m > [22m[2mNo Content
[22m[39m[FilesContext] fetchFiles called
[90mstdout[2m | src/components/PracticeDrill/PracticeDrillConfigPopup.stories.tsx[2m > [22m[2mNo Content
[22m[39m[FilesContext] User authenticated: mock-user-sub
[90mstdout[2m | src/components/PracticeDrill/PracticeDrillConfigPopup.stories.tsx[2m > [22m[2mNo Content
[22m[39m[FilesContext] Identity ID: us-east-1:mock-identity-123
[90mstdout[2m | src/components/PracticeDrill/PracticeDrillConfigPopup.stories.tsx[2m > [22m[2mNo Content
[22m[39m[FilesContext] About to set up File observeQuery
[90mstdout[2m | src/components/PracticeDrill/PracticeDrillConfigPopup.stories.tsx[2m > [22m[2mNo Content
[22m[39m[ChatContext] Setting up AssistantChat observeQuery
[90mstdout[2m | src/components/PracticeDrill/PracticeDrillConfigPopup.stories.tsx[2m > [22m[2mNo Content
[22m[39m[ChatContext] Waiting for subscription to initialize
[90mstdout[2m | src/components/PracticeDrill/PracticeDrillConfigPopup.stories.tsx[2m > [22m[2mNo Content
[22m[39m[SettingsContext] Setting up Settings subscription for user: mock-user-sub
[90mstdout[2m | src/components/PracticeDrill/PracticeDrillConfigPopup.stories.tsx[2m > [22m[2mNo Content
[22m[39m[Mock Data] Settings created: mock-settings-1790416381035 - notified 0 subscribers
[90mstdout[2m | src/components/PracticeDrill/PracticeDrillConfigPopup.stories.tsx[2m > [22m[2mNo Content
[22m[39m[Mock Data] Unit.onUpdate() subscription added. Total: 1
[90mstdout[2m | src/components/PracticeDrill/PracticeDrillConfigPopup.stories.tsx[2m > [22m[2mNo Content
[22m[39m[SectionContext] Section observeQuery update: 0
[90mstdout[2m | src/components/PracticeDrill/PracticeDrillConfigPopup.stories.tsx[2m > [22m[2mNo Content
[22m[39m[FilesContext] File observeQuery update: 6 files
[90mstdout[2m | src/components/PracticeDrill/PracticeDrillConfigPopup.stories.tsx[2m > [22m[2mNo Content
[22m[39m[ChatContext] AssistantChat initialized with 1 chats
[90mstdout[2m | src/components/PracticeDrill/PracticeDrillConfigPopup.stories.tsx[2m > [22m[2mNo Content
[22m[39m[ChatContext] Setting initial chat: mock-assistant-chat-1
[90mstdout[2m | src/components/PracticeDrill/PracticeDrillConfigPopup.stories.tsx[2m > [22m[2mNo Content
[22m[39m[MOCK CourseVectorStore] Initialized with mock data
[90mstdout[2m | src/components/PracticeDrill/PracticeDrillConfigPopup.stories.tsx[2m > [22m[2mNo Content
[22m[39m[FilesContext] Vector store population triggered {
  "currentVectorStoreSize": 3,
  "documentsCount": 0,
  "filesCount": 6,
  "isInitialLoad": true,
}
[90mstdout[2m | src/components/PracticeDrill/PracticeDrillConfigPopup.stories.tsx[2m > [22m[2mNo Content
[22m[39m[FilesContext] Vector store population complete - 3 total embeddings
[90mstdout[2m | src/components/PracticeDrill/PracticeDrillConfigPopup.stories.tsx[2m > [22m[2mNo Content
[22m[39m[ChatContext] Chat exists and not archived, skipping creation
[90mstdout[2m | src/components/PracticeDrill/PracticeDrillConfigPopup.stories.tsx[2m > [22m[2mNo Content
[22m[39m[Mock Storage] downloadData called with: undefined
[90mstdout[2m | src/components/PracticeDrill/PracticeDrillConfigPopup.stories.tsx[2m > [22m[2mLoading
[22m[39m[ChatContext] Cleaning up subscriptions
[90mstdout[2m | src/components/PracticeDrill/PracticeDrillConfigPopup.stories.tsx[2m > [22m[2mLoading
[22m[39m[Mock Data] Unit.onUpdate() subscription removed. Remaining: 0
[90mstdout[2m | src/components/PracticeDrill/PracticeDrillConfigPopup.stories.tsx[2m > [22m[2mLoading
[22m[39m[MOCK CourseVectorStore] Initialized with mock data
[90mstdout[2m | src/components/PracticeDrill/PracticeDrillConfigPopup.stories.tsx[2m > [22m[2mLoading
[22m[39m[TranslationModeController] Setting mode to: off
[90mstdout[2m | src/components/PracticeDrill/PracticeDrillConfigPopup.stories.tsx[2m > [22m[2mLoading
[22m[39m[UnitContext] useEffect triggered {
  "authLoading": false,
  "hasUser": true,
  "id": "mock-unit-id",
  "userSub": "mock-user-sub",
}
[90mstdout[2m | src/components/PracticeDrill/PracticeDrillConfigPopup.stories.tsx[2m > [22m[2mLoading
[22m[39m[UnitContext] Fetching unit data for id: mock-unit-id
[90mstdout[2m | src/components/PracticeDrill/PracticeDrillConfigPopup.stories.tsx[2m > [22m[2mLoading
[22m[39m[FilesContext] Initializing vector store from IndexedDB
[90mstdout[2m | src/components/PracticeDrill/PracticeDrillConfigPopup.stories.tsx[2m > [22m[2mLoading
[22m[39m[FilesContext] fetchFiles called
[90mstdout[2m | src/components/PracticeDrill/PracticeDrillConfigPopup.stories.tsx[2m > [22m[2mLoading
[22m[39m[FilesContext] User authenticated: mock-user-sub
[90mstdout[2m | src/components/PracticeDrill/PracticeDrillConfigPopup.stories.tsx[2m > [22m[2mLoading
[22m[39m[FilesContext] Identity ID: us-east-1:mock-identity-123
[90mstdout[2m | src/components/PracticeDrill/PracticeDrillConfigPopup.stories.tsx[2m > [22m[2mLoading
[22m[39m[FilesContext] About to set up File observeQuery
[90mstdout[2m | src/components/PracticeDrill/PracticeDrillConfigPopup.stories.tsx[2m > [22m[2mLoading
[22m[39m[ChatContext] Setting up AssistantChat observeQuery
[90mstdout[2m | src/components/PracticeDrill/PracticeDrillConfigPopup.stories.tsx[2m > [22m[2mLoading
[22m[39m[ChatContext] Waiting for subscription to initialize
[90mstdout[2m | src/components/PracticeDrill/PracticeDrillConfigPopup.stories.tsx[2m > [22m[2mLoading
[22m[39m[SettingsContext] Setting up Settings subscription for user: mock-user-sub
[90mstdout[2m | src/components/PracticeDrill/PracticeDrillConfigPopup.stories.tsx[2m > [22m[2mLoading
[22m[39m[Mock Data] Settings created: mock-settings-1790416381277 - notified 0 subscribers
[90mstdout[2m | src/components/PracticeDrill/PracticeDrillConfigPopup.stories.tsx[2m > [22m[2mLoading
[22m[39m[Mock Data] Unit.onUpdate() subscription added. Total: 1
[90mstdout[2m | src/components/PracticeDrill/PracticeDrillConfigPopup.stories.tsx[2m > [22m[2mLoading
[22m[39m[SectionContext] Section observeQuery update: 0
[90mstdout[2m | src/components/PracticeDrill/PracticeDrillConfigPopup.stories.tsx[2m > [22m[2mLoading
[22m[39m[FilesContext] File observeQuery update: 6 files
[90mstdout[2m | src/components/PracticeDrill/PracticeDrillConfigPopup.stories.tsx[2m > [22m[2mLoading
[22m[39m[ChatContext] AssistantChat initialized with 1 chats
[90mstdout[2m | src/components/PracticeDrill/PracticeDrillConfigPopup.stories.tsx[2m > [22m[2mLoading
[22m[39m[ChatContext] Setting initial chat: mock-assistant-chat-1
[90mstdout[2m | src/components/PracticeDrill/PracticeDrillConfigPopup.stories.tsx[2m > [22m[2mLoading
[22m[39m[MOCK CourseVectorStore] Initialized with mock data
[90mstdout[2m | src/components/PracticeDrill/PracticeDrillConfigPopup.stories.tsx[2m > [22m[2mLoading
[22m[39m[FilesContext] Vector store population triggered {
  "currentVectorStoreSize": 3,
  "documentsCount": 0,
  "filesCount": 6,
  "isInitialLoad": true,
}
[90mstdout[2m | src/components/PracticeDrill/PracticeDrillConfigPopup.stories.tsx[2m > [22m[2mLoading
[22m[39m[FilesContext] Vector store population complete - 3 total embeddings
[90mstdout[2m | src/components/PracticeDrill/PracticeDrillConfigPopup.stories.tsx[2m > [22m[2mLoading
[22m[39m[ChatContext] Chat exists and not archived, skipping creation
[90mstdout[2m | src/components/PracticeDrill/PracticeDrillConfigPopup.stories.tsx[2m > [22m[2mLoading
[22m[39m[Mock Storage] downloadData called with: undefined
[90mstdout[2m | src/components/PracticeDrill/PracticeDrillConfigPopup.stories.tsx[2m > [22m[2mPre Configured From Chat
[22m[39m[ChatContext] Cleaning up subscriptions
[90mstdout[2m | src/components/PracticeDrill/PracticeDrillConfigPopup.stories.tsx[2m > [22m[2mPre Configured From Chat
[22m[39m[Mock Data] Unit.onUpdate() subscription removed. Remaining: 0
[90mstdout[2m | src/components/PracticeDrill/PracticeDrillConfigPopup.stories.tsx[2m > [22m[2mPre Configured From Chat
[22m[39m[MOCK CourseVectorStore] Initialized with mock data
[90mstdout[2m | src/components/PracticeDrill/PracticeDrillConfigPopup.stories.tsx[2m > [22m[2mPre Configured From Chat
[22m[39m[TranslationModeController] Setting mode to: off
[90mstdout[2m | src/components/PracticeDrill/PracticeDrillConfigPopup.stories.tsx[2m > [22m[2mPre Configured From Chat
[22m[39m[UnitContext] useEffect triggered {
  "authLoading": false,
  "hasUser": true,
  "id": "mock-unit-id",
  "userSub": "mock-user-sub",
}
[90mstdout[2m | src/components/PracticeDrill/PracticeDrillConfigPopup.stories.tsx[2m > [22m[2mPre Configured From Chat
[22m[39m[UnitContext] Fetching unit data for id: mock-unit-id
[90mstdout[2m | src/components/PracticeDrill/PracticeDrillConfigPopup.stories.tsx[2m > [22m[2mPre Configured From Chat
[22m[39m[FilesContext] Initializing vector store from IndexedDB
[90mstdout[2m | src/components/PracticeDrill/PracticeDrillConfigPopup.stories.tsx[2m > [22m[2mPre Configured From Chat
[22m[39m[FilesContext] fetchFiles called
[90mstdout[2m | src/components/PracticeDrill/PracticeDrillConfigPopup.stories.tsx[2m > [22m[2mPre Configured From Chat
[22m[39m[FilesContext] User authenticated: mock-user-sub
[90mstdout[2m | src/components/PracticeDrill/PracticeDrillConfigPopup.stories.tsx[2m > [22m[2mPre Configured From Chat
[22m[39m[FilesContext] Identity ID: us-east-1:mock-identity-123
[90mstdout[2m | src/components/PracticeDrill/PracticeDrillConfigPopup.stories.tsx[2m > [22m[2mPre Configured From Chat
[22m[39m[FilesContext] About to set up File observeQuery
[90mstdout[2m | src/components/PracticeDrill/PracticeDrillConfigPopup.stories.tsx[2m > [22m[2mPre Configured From Chat
[22m[39m[ChatContext] Setting up AssistantChat observeQuery
[90mstdout[2m | src/components/PracticeDrill/PracticeDrillConfigPopup.stories.tsx[2m > [22m[2mPre Configured From Chat
[22m[39m[ChatContext] Waiting for subscription to initialize
[90mstdout[2m | src/components/PracticeDrill/PracticeDrillConfigPopup.stories.tsx[2m > [22m[2mPre Configured From Chat
[22m[39m[SettingsContext] Setting up Settings subscription for user: mock-user-sub
[90mstdout[2m | src/components/PracticeDrill/PracticeDrillConfigPopup.stories.tsx[2m > [22m[2mPre Configured From Chat
[22m[39m[Mock Data] Settings created: mock-settings-1790416381502 - notified 0 subscribers
[90mstdout[2m | src/components/PracticeDrill/PracticeDrillConfigPopup.stories.tsx[2m > [22m[2mPre Configured From Chat
[22m[39m[Mock Data] Unit.onUpdate() subscription added. Total: 1
[90mstdout[2m | src/components/PracticeDrill/PracticeDrillConfigPopup.stories.tsx[2m > [22m[2mPre Configured From Chat
[22m[39m[SectionContext] Section observeQuery update: 0
[90mstdout[2m | src/components/PracticeDrill/PracticeDrillConfigPopup.stories.tsx[2m > [22m[2mPre Configured From Chat
[22m[39m[FilesContext] File observeQuery update: 6 files
[90mstdout[2m | src/components/PracticeDrill/PracticeDrillConfigPopup.stories.tsx[2m > [22m[2mPre Configured From Chat
[22m[39m[ChatContext] AssistantChat initialized with 1 chats
[90mstdout[2m | src/components/PracticeDrill/PracticeDrillConfigPopup.stories.tsx[2m > [22m[2mPre Configured From Chat
[22m[39m[ChatContext] Setting initial chat: mock-assistant-chat-1
[90mstdout[2m | src/components/PracticeDrill/PracticeDrillConfigPopup.stories.tsx[2m > [22m[2mPre Configured From Chat
[22m[39m[MOCK CourseVectorStore] Initialized with mock data
[90mstdout[2m | src/components/PracticeDrill/PracticeDrillConfigPopup.stories.tsx[2m > [22m[2mPre Configured From Chat
[22m[39m[FilesContext] Vector store population triggered {
  "currentVectorStoreSize": 3,
  "documentsCount": 0,
  "filesCount": 6,
  "isInitialLoad": true,
}
[90mstdout[2m | src/components/PracticeDrill/PracticeDrillConfigPopup.stories.tsx[2m > [22m[2mPre Configured From Chat
[22m[39m[FilesContext] Vector store population complete - 3 total embeddings
[90mstdout[2m | src/components/PracticeDrill/PracticeDrillConfigPopup.stories.tsx[2m > [22m[2mPre Configured From Chat
[22m[39m[ChatContext] Chat exists and not archived, skipping creation
[90mstdout[2m | src/components/PracticeDrill/PracticeDrillConfigPopup.stories.tsx[2m > [22m[2mPre Configured From Chat
[22m[39m[Mock Storage] downloadData called with: undefined
 [32m✓[39m [30m[45m storybook (chromium) [49m[39m src/components/PracticeDrill/PracticeDrillConfigPopup.stories.tsx [2m([22m[2m7 tests[22m[2m)[22m[33m 2758[2mms[22m[39m
   [33m[2m✓[22m[39m Default [33m 360[2mms[22m[39m
   [33m[2m✓[22m[39m With Coverage [33m 423[2mms[22m[39m
   [33m[2m✓[22m[39m Full Coverage [33m 494[2mms[22m[39m
   [33m[2m✓[22m[39m Vocabulary Only [33m 662[2mms[22m[39m
   [33m[2m✓[22m[39m No Content [33m 373[2mms[22m[39m
[90mstdout[2m | unknown test
[22m[39m[MOCK vectorStoreDB.js] Module loaded - mock IndexedDB operations
[90mstdout[2m | unknown test
[22m[39m[Task Completion] DOM action listeners initialized
[90mstdout[2m | unknown test
[22m[39m[Task Completion] Auto-completion detector initialized
[90mstdout[2m | unknown test
[22m[39m[Preview] Task completion detector initialized
[90mstdout[2m | src/components/GradedWorkbookViewer/GradedWorkbookViewer.stories.tsx[2m > [22m[2mMultiple Attempts
[22m[39m[MOCK CourseVectorStore] Initialized with mock data
[90mstdout[2m | src/components/GradedWorkbookViewer/GradedWorkbookViewer.stories.tsx[2m > [22m[2mMultiple Attempts
[22m[39m[TranslationModeController] Setting mode to: off
[90mstdout[2m | src/components/GradedWorkbookViewer/GradedWorkbookViewer.stories.tsx[2m > [22m[2mMultiple Attempts
[22m[39m[UnitContext] useEffect triggered {
  "authLoading": false,
  "hasUser": true,
  "id": "mock-unit-id",
  "userSub": "mock-user-sub",
}
[90mstdout[2m | src/components/GradedWorkbookViewer/GradedWorkbookViewer.stories.tsx[2m > [22m[2mMultiple Attempts
[22m[39m[UnitContext] Fetching unit data for id: mock-unit-id
[90mstdout[2m | src/components/GradedWorkbookViewer/GradedWorkbookViewer.stories.tsx[2m > [22m[2mMultiple Attempts
[22m[39m[FilesContext] Initializing vector store from IndexedDB
[90mstdout[2m | src/components/GradedWorkbookViewer/GradedWorkbookViewer.stories.tsx[2m > [22m[2mMultiple Attempts
[22m[39m[FilesContext] fetchFiles called
[90mstdout[2m | src/components/GradedWorkbookViewer/GradedWorkbookViewer.stories.tsx[2m > [22m[2mMultiple Attempts
[22m[39m[FilesContext] User authenticated: mock-user-sub
[90mstdout[2m | src/components/GradedWorkbookViewer/GradedWorkbookViewer.stories.tsx[2m > [22m[2mMultiple Attempts
[22m[39m[FilesContext] Identity ID: us-east-1:mock-identity-123
[90mstdout[2m | src/components/GradedWorkbookViewer/GradedWorkbookViewer.stories.tsx[2m > [22m[2mMultiple Attempts
[22m[39m[FilesContext] About to set up File observeQuery
[90mstdout[2m | src/components/GradedWorkbookViewer/GradedWorkbookViewer.stories.tsx[2m > [22m[2mMultiple Attempts
[22m[39m[ChatContext] Setting up AssistantChat observeQuery
[90mstdout[2m | src/components/GradedWorkbookViewer/GradedWorkbookViewer.stories.tsx[2m > [22m[2mMultiple Attempts
[22m[39m[ChatContext] Waiting for subscription to initialize
[90mstdout[2m | src/components/GradedWorkbookViewer/GradedWorkbookViewer.stories.tsx[2m > [22m[2mMultiple Attempts
[22m[39m[SettingsContext] Setting up Settings subscription for user: mock-user-sub
[90mstdout[2m | src/components/GradedWorkbookViewer/GradedWorkbookViewer.stories.tsx[2m > [22m[2mMultiple Attempts
[22m[39m[Mock Data] Settings created: mock-settings-1790416385721 - notified 0 subscribers
[90mstdout[2m | src/components/GradedWorkbookViewer/GradedWorkbookViewer.stories.tsx[2m > [22m[2mMultiple Attempts
[22m[39m[Mock Data] Unit.onUpdate() subscription added. Total: 1
[90mstdout[2m | src/components/GradedWorkbookViewer/GradedWorkbookViewer.stories.tsx[2m > [22m[2mMultiple Attempts
[22m[39m[SectionContext] Section observeQuery update: 0
[90mstdout[2m | src/components/GradedWorkbookViewer/GradedWorkbookViewer.stories.tsx[2m > [22m[2mMultiple Attempts
[22m[39m[FilesContext] File observeQuery update: 6 files
[90mstdout[2m | src/components/GradedWorkbookViewer/GradedWorkbookViewer.stories.tsx[2m > [22m[2mMultiple Attempts
[22m[39m[ChatContext] AssistantChat initialized with 1 chats
[90mstdout[2m | src/components/GradedWorkbookViewer/GradedWorkbookViewer.stories.tsx[2m > [22m[2mMultiple Attempts
[22m[39m[ChatContext] Setting initial chat: mock-assistant-chat-1
[90mstdout[2m | src/components/GradedWorkbookViewer/GradedWorkbookViewer.stories.tsx[2m > [22m[2mMultiple Attempts
[22m[39m[MOCK CourseVectorStore] Initialized with mock data
[90mstdout[2m | src/components/GradedWorkbookViewer/GradedWorkbookViewer.stories.tsx[2m > [22m[2mMultiple Attempts
[22m[39m[FilesContext] Vector store population triggered {
  "currentVectorStoreSize": 3,
  "documentsCount": 0,
  "filesCount": 6,
  "isInitialLoad": true,
}
[90mstdout[2m | src/components/GradedWorkbookViewer/GradedWorkbookViewer.stories.tsx[2m > [22m[2mMultiple Attempts
[22m[39m[FilesContext] Vector store population complete - 3 total embeddings
[90mstdout[2m | src/components/GradedWorkbookViewer/GradedWorkbookViewer.stories.tsx[2m > [22m[2mMultiple Attempts
[22m[39m[ChatContext] Chat exists and not archived, skipping creation
[90mstdout[2m | src/components/GradedWorkbookViewer/GradedWorkbookViewer.stories.tsx[2m > [22m[2mMultiple Attempts
[22m[39m[Mock Storage] downloadData called with: undefined
[90mstdout[2m | src/components/GradedWorkbookViewer/GradedWorkbookViewer.stories.tsx[2m > [22m[2mFlagged Content
[22m[39m[ChatContext] Cleaning up subscriptions
[90mstdout[2m | src/components/GradedWorkbookViewer/GradedWorkbookViewer.stories.tsx[2m > [22m[2mFlagged Content
[22m[39m[Mock Data] Unit.onUpdate() subscription removed. Remaining: 0
[90mstdout[2m | src/components/GradedWorkbookViewer/GradedWorkbookViewer.stories.tsx[2m > [22m[2mFlagged Content
[22m[39m[MOCK CourseVectorStore] Initialized with mock data
[90mstdout[2m | src/components/GradedWorkbookViewer/GradedWorkbookViewer.stories.tsx[2m > [22m[2mFlagged Content
[22m[39m[TranslationModeController] Setting mode to: off
[90mstdout[2m | src/components/GradedWorkbookViewer/GradedWorkbookViewer.stories.tsx[2m > [22m[2mFlagged Content
[22m[39m[UnitContext] useEffect triggered {
  "authLoading": false,
  "hasUser": true,
  "id": "mock-unit-id",
  "userSub": "mock-user-sub",
}
[90mstdout[2m | src/components/GradedWorkbookViewer/GradedWorkbookViewer.stories.tsx[2m > [22m[2mFlagged Content
[22m[39m[UnitContext] Fetching unit data for id: mock-unit-id
[90mstdout[2m | src/components/GradedWorkbookViewer/GradedWorkbookViewer.stories.tsx[2m > [22m[2mFlagged Content
[22m[39m[FilesContext] Initializing vector store from IndexedDB
[90mstdout[2m | src/components/GradedWorkbookViewer/GradedWorkbookViewer.stories.tsx[2m > [22m[2mFlagged Content
[22m[39m[FilesContext] fetchFiles called
[90mstdout[2m | src/components/GradedWorkbookViewer/GradedWorkbookViewer.stories.tsx[2m > [22m[2mFlagged Content
[22m[39m[FilesContext] User authenticated: mock-user-sub
[90mstdout[2m | src/components/GradedWorkbookViewer/GradedWorkbookViewer.stories.tsx[2m > [22m[2mFlagged Content
[22m[39m[FilesContext] Identity ID: us-east-1:mock-identity-123
[90mstdout[2m | src/components/GradedWorkbookViewer/GradedWorkbookViewer.stories.tsx[2m > [22m[2mFlagged Content
[22m[39m[FilesContext] About to set up File observeQuery
[90mstdout[2m | src/components/GradedWorkbookViewer/GradedWorkbookViewer.stories.tsx[2m > [22m[2mFlagged Content
[22m[39m[ChatContext] Setting up AssistantChat observeQuery
[90mstdout[2m | src/components/GradedWorkbookViewer/GradedWorkbookViewer.stories.tsx[2m > [22m[2mFlagged Content
[22m[39m[ChatContext] Waiting for subscription to initialize
[90mstdout[2m | src/components/GradedWorkbookViewer/GradedWorkbookViewer.stories.tsx[2m > [22m[2mFlagged Content
[22m[39m[SettingsContext] Setting up Settings subscription for user: mock-user-sub
[90mstdout[2m | src/components/GradedWorkbookViewer/GradedWorkbookViewer.stories.tsx[2m > [22m[2mFlagged Content
[22m[39m[Mock Data] Settings created: mock-settings-1790416386168 - notified 0 subscribers
[90mstdout[2m | src/components/GradedWorkbookViewer/GradedWorkbookViewer.stories.tsx[2m > [22m[2mFlagged Content
[22m[39m[Mock Data] Unit.onUpdate() subscription added. Total: 1
[90mstdout[2m | src/components/GradedWorkbookViewer/GradedWorkbookViewer.stories.tsx[2m > [22m[2mFlagged Content
[22m[39m[SectionContext] Section observeQuery update: 0
[90mstdout[2m | src/components/GradedWorkbookViewer/GradedWorkbookViewer.stories.tsx[2m > [22m[2mFlagged Content
[22m[39m[FilesContext] File observeQuery update: 6 files
[90mstdout[2m | src/components/GradedWorkbookViewer/GradedWorkbookViewer.stories.tsx[2m > [22m[2mFlagged Content
[22m[39m[ChatContext] AssistantChat initialized with 1 chats
[90mstdout[2m | src/components/GradedWorkbookViewer/GradedWorkbookViewer.stories.tsx[2m > [22m[2mFlagged Content
[22m[39m[ChatContext] Setting initial chat: mock-assistant-chat-1
[90mstdout[2m | src/components/GradedWorkbookViewer/GradedWorkbookViewer.stories.tsx[2m > [22m[2mFlagged Content
[22m[39m[MOCK CourseVectorStore] Initialized with mock data
[90mstdout[2m | src/components/GradedWorkbookViewer/GradedWorkbookViewer.stories.tsx[2m > [22m[2mFlagged Content
[22m[39m[FilesContext] Vector store population triggered {
  "currentVectorStoreSize": 3,
  "documentsCount": 0,
  "filesCount": 6,
  "isInitialLoad": true,
}
[90mstdout[2m | src/components/GradedWorkbookViewer/GradedWorkbookViewer.stories.tsx[2m > [22m[2mFlagged Content
[22m[39m[FilesContext] Vector store population complete - 3 total embeddings
[90mstdout[2m | src/components/GradedWorkbookViewer/GradedWorkbookViewer.stories.tsx[2m > [22m[2mFlagged Content
[22m[39m[ChatContext] Chat exists and not archived, skipping creation
[90mstdout[2m | src/components/GradedWorkbookViewer/GradedWorkbookViewer.stories.tsx[2m > [22m[2mFlagged Content
[22m[39m[Mock Storage] downloadData called with: undefined
[90mstdout[2m | src/components/GradedWorkbookViewer/GradedWorkbookViewer.stories.tsx[2m > [22m[2mPending Moderation
[22m[39m[ChatContext] Cleaning up subscriptions
[90mstdout[2m | src/components/GradedWorkbookViewer/GradedWorkbookViewer.stories.tsx[2m > [22m[2mPending Moderation
[22m[39m[Mock Data] Unit.onUpdate() subscription removed. Remaining: 0
[90mstdout[2m | src/components/GradedWorkbookViewer/GradedWorkbookViewer.stories.tsx[2m > [22m[2mPending Moderation
[22m[39m[MOCK CourseVectorStore] Initialized with mock data
[90mstdout[2m | src/components/GradedWorkbookViewer/GradedWorkbookViewer.stories.tsx[2m > [22m[2mPending Moderation
[22m[39m[TranslationModeController] Setting mode to: off
[90mstdout[2m | src/components/GradedWorkbookViewer/GradedWorkbookViewer.stories.tsx[2m > [22m[2mPending Moderation
[22m[39m[UnitContext] useEffect triggered {
  "authLoading": false,
  "hasUser": true,
  "id": "mock-unit-id",
  "userSub": "mock-user-sub",
}
[90mstdout[2m | src/components/GradedWorkbookViewer/GradedWorkbookViewer.stories.tsx[2m > [22m[2mPending Moderation
[22m[39m[UnitContext] Fetching unit data for id: mock-unit-id
[90mstdout[2m | src/components/GradedWorkbookViewer/GradedWorkbookViewer.stories.tsx[2m > [22m[2mPending Moderation
[22m[39m[FilesContext] Initializing vector store from IndexedDB
[90mstdout[2m | src/components/GradedWorkbookViewer/GradedWorkbookViewer.stories.tsx[2m > [22m[2mPending Moderation
[22m[39m[FilesContext] fetchFiles called
[90mstdout[2m | src/components/GradedWorkbookViewer/GradedWorkbookViewer.stories.tsx[2m > [22m[2mPending Moderation
[22m[39m[FilesContext] User authenticated: mock-user-sub
[90mstdout[2m | src/components/GradedWorkbookViewer/GradedWorkbookViewer.stories.tsx[2m > [22m[2mPending Moderation
[22m[39m[FilesContext] Identity ID: us-east-1:mock-identity-123
[90mstdout[2m | src/components/GradedWorkbookViewer/GradedWorkbookViewer.stories.tsx[2m > [22m[2mPending Moderation
[22m[39m[FilesContext] About to set up File observeQuery
[90mstdout[2m | src/components/GradedWorkbookViewer/GradedWorkbookViewer.stories.tsx[2m > [22m[2mPending Moderation
[22m[39m[ChatContext] Setting up AssistantChat observeQuery
[90mstdout[2m | src/components/GradedWorkbookViewer/GradedWorkbookViewer.stories.tsx[2m > [22m[2mPending Moderation
[22m[39m[ChatContext] Waiting for subscription to initialize
[90mstdout[2m | src/components/GradedWorkbookViewer/GradedWorkbookViewer.stories.tsx[2m > [22m[2mPending Moderation
[22m[39m[SettingsContext] Setting up Settings subscription for user: mock-user-sub
[90mstdout[2m | src/components/GradedWorkbookViewer/GradedWorkbookViewer.stories.tsx[2m > [22m[2mPending Moderation
[22m[39m[Mock Data] Settings created: mock-settings-1790416386544 - notified 0 subscribers
[90mstdout[2m | src/components/GradedWorkbookViewer/GradedWorkbookViewer.stories.tsx[2m > [22m[2mPending Moderation
[22m[39m[Mock Data] Unit.onUpdate() subscription added. Total: 1
[90mstdout[2m | src/components/GradedWorkbookViewer/GradedWorkbookViewer.stories.tsx[2m > [22m[2mPending Moderation
[22m[39m[SectionContext] Section observeQuery update: 0
[90mstdout[2m | src/components/GradedWorkbookViewer/GradedWorkbookViewer.stories.tsx[2m > [22m[2mPending Moderation
[22m[39m[FilesContext] File observeQuery update: 6 files
[90mstdout[2m | src/components/GradedWorkbookViewer/GradedWorkbookViewer.stories.tsx[2m > [22m[2mPending Moderation
[22m[39m[ChatContext] AssistantChat initialized with 1 chats
[90mstdout[2m | src/components/GradedWorkbookViewer/GradedWorkbookViewer.stories.tsx[2m > [22m[2mPending Moderation
[22m[39m[ChatContext] Setting initial chat: mock-assistant-chat-1
[90mstdout[2m | src/components/GradedWorkbookViewer/GradedWorkbookViewer.stories.tsx[2m > [22m[2mPending Moderation
[22m[39m[MOCK CourseVectorStore] Initialized with mock data
[90mstdout[2m | src/components/GradedWorkbookViewer/GradedWorkbookViewer.stories.tsx[2m > [22m[2mPending Moderation
[22m[39m[FilesContext] Vector store population triggered {
  "currentVectorStoreSize": 3,
  "documentsCount": 0,
  "filesCount": 6,
  "isInitialLoad": true,
}
[90mstdout[2m | src/components/GradedWorkbookViewer/GradedWorkbookViewer.stories.tsx[2m > [22m[2mPending Moderation
[22m[39m[FilesContext] Vector store population complete - 3 total embeddings
[90mstdout[2m | src/components/GradedWorkbookViewer/GradedWorkbookViewer.stories.tsx[2m > [22m[2mPending Moderation
[22m[39m[ChatContext] Chat exists and not archived, skipping creation
[90mstdout[2m | src/components/GradedWorkbookViewer/GradedWorkbookViewer.stories.tsx[2m > [22m[2mPending Moderation
[22m[39m[Mock Storage] downloadData called with: undefined
[90mstdout[2m | src/components/GradedWorkbookViewer/GradedWorkbookViewer.stories.tsx[2m > [22m[2mSingle Attempt High Score
[22m[39m[ChatContext] Cleaning up subscriptions
[90mstdout[2m | src/components/GradedWorkbookViewer/GradedWorkbookViewer.stories.tsx[2m > [22m[2mSingle Attempt High Score
[22m[39m[Mock Data] Unit.onUpdate() subscription removed. Remaining: 0
[90mstdout[2m | src/components/GradedWorkbookViewer/GradedWorkbookViewer.stories.tsx[2m > [22m[2mSingle Attempt High Score
[22m[39m[MOCK CourseVectorStore] Initialized with mock data
[90mstdout[2m | src/components/GradedWorkbookViewer/GradedWorkbookViewer.stories.tsx[2m > [22m[2mSingle Attempt High Score
[22m[39m[TranslationModeController] Setting mode to: off
[90mstdout[2m | src/components/GradedWorkbookViewer/GradedWorkbookViewer.stories.tsx[2m > [22m[2mSingle Attempt High Score
[22m[39m[UnitContext] useEffect triggered {
  "authLoading": false,
  "hasUser": true,
  "id": "mock-unit-id",
  "userSub": "mock-user-sub",
}
[90mstdout[2m | src/components/GradedWorkbookViewer/GradedWorkbookViewer.stories.tsx[2m > [22m[2mSingle Attempt High Score
[22m[39m[UnitContext] Fetching unit data for id: mock-unit-id
[90mstdout[2m | src/components/GradedWorkbookViewer/GradedWorkbookViewer.stories.tsx[2m > [22m[2mSingle Attempt High Score
[22m[39m[FilesContext] Initializing vector store from IndexedDB
[90mstdout[2m | src/components/GradedWorkbookViewer/GradedWorkbookViewer.stories.tsx[2m > [22m[2mSingle Attempt High Score
[22m[39m[FilesContext] fetchFiles called
[90mstdout[2m | src/components/GradedWorkbookViewer/GradedWorkbookViewer.stories.tsx[2m > [22m[2mSingle Attempt High Score
[22m[39m[FilesContext] User authenticated: mock-user-sub
[90mstdout[2m | src/components/GradedWorkbookViewer/GradedWorkbookViewer.stories.tsx[2m > [22m[2mSingle Attempt High Score
[22m[39m[FilesContext] Identity ID: us-east-1:mock-identity-123
[90mstdout[2m | src/components/GradedWorkbookViewer/GradedWorkbookViewer.stories.tsx[2m > [22m[2mSingle Attempt High Score
[22m[39m[FilesContext] About to set up File observeQuery
[90mstdout[2m | src/components/GradedWorkbookViewer/GradedWorkbookViewer.stories.tsx[2m > [22m[2mSingle Attempt High Score
[22m[39m[ChatContext] Setting up AssistantChat observeQuery
[90mstdout[2m | src/components/GradedWorkbookViewer/GradedWorkbookViewer.stories.tsx[2m > [22m[2mSingle Attempt High Score
[22m[39m[ChatContext] Waiting for subscription to initialize
[90mstdout[2m | src/components/GradedWorkbookViewer/GradedWorkbookViewer.stories.tsx[2m > [22m[2mSingle Attempt High Score
[22m[39m[SettingsContext] Setting up Settings subscription for user: mock-user-sub
[90mstdout[2m | src/components/GradedWorkbookViewer/GradedWorkbookViewer.stories.tsx[2m > [22m[2mSingle Attempt High Score
[22m[39m[Mock Data] Settings created: mock-settings-1790416386942 - notified 0 subscribers
[90mstdout[2m | src/components/GradedWorkbookViewer/GradedWorkbookViewer.stories.tsx[2m > [22m[2mSingle Attempt High Score
[22m[39m[Mock Data] Unit.onUpdate() subscription added. Total: 1
[90mstdout[2m | src/components/GradedWorkbookViewer/GradedWorkbookViewer.stories.tsx[2m > [22m[2mSingle Attempt High Score
[22m[39m[SectionContext] Section observeQuery update: 0
[90mstdout[2m | src/components/GradedWorkbookViewer/GradedWorkbookViewer.stories.tsx[2m > [22m[2mSingle Attempt High Score
[22m[39m[FilesContext] File observeQuery update: 6 files
[90mstdout[2m | src/components/GradedWorkbookViewer/GradedWorkbookViewer.stories.tsx[2m > [22m[2mSingle Attempt High Score
[22m[39m[ChatContext] AssistantChat initialized with 1 chats
[90mstdout[2m | src/components/GradedWorkbookViewer/GradedWorkbookViewer.stories.tsx[2m > [22m[2mSingle Attempt High Score
[22m[39m[ChatContext] Setting initial chat: mock-assistant-chat-1
[90mstdout[2m | src/components/GradedWorkbookViewer/GradedWorkbookViewer.stories.tsx[2m > [22m[2mSingle Attempt High Score
[22m[39m[MOCK CourseVectorStore] Initialized with mock data
[90mstdout[2m | src/components/GradedWorkbookViewer/GradedWorkbookViewer.stories.tsx[2m > [22m[2mSingle Attempt High Score
[22m[39m[FilesContext] Vector store population triggered {
  "currentVectorStoreSize": 3,
  "documentsCount": 0,
  "filesCount": 6,
  "isInitialLoad": true,
}
[90mstdout[2m | src/components/GradedWorkbookViewer/GradedWorkbookViewer.stories.tsx[2m > [22m[2mSingle Attempt High Score
[22m[39m[FilesContext] Vector store population complete - 3 total embeddings
[90mstdout[2m | src/components/GradedWorkbookViewer/GradedWorkbookViewer.stories.tsx[2m > [22m[2mSingle Attempt High Score
[22m[39m[ChatContext] Chat exists and not archived, skipping creation
[90mstdout[2m | src/components/GradedWorkbookViewer/GradedWorkbookViewer.stories.tsx[2m > [22m[2mSingle Attempt High Score
[22m[39m[Mock Storage] downloadData called with: undefined
[90mstdout[2m | src/components/GradedWorkbookViewer/GradedWorkbookViewer.stories.tsx[2m > [22m[2mSingle Attempt Low Score
[22m[39m[ChatContext] Cleaning up subscriptions
[90mstdout[2m | src/components/GradedWorkbookViewer/GradedWorkbookViewer.stories.tsx[2m > [22m[2mSingle Attempt Low Score
[22m[39m[Mock Data] Unit.onUpdate() subscription removed. Remaining: 0
[90mstdout[2m | src/components/GradedWorkbookViewer/GradedWorkbookViewer.stories.tsx[2m > [22m[2mSingle Attempt Low Score
[22m[39m[MOCK CourseVectorStore] Initialized with mock data
[90mstdout[2m | src/components/GradedWorkbookViewer/GradedWorkbookViewer.stories.tsx[2m > [22m[2mSingle Attempt Low Score
[22m[39m[TranslationModeController] Setting mode to: off
[90mstdout[2m | src/components/GradedWorkbookViewer/GradedWorkbookViewer.stories.tsx[2m > [22m[2mSingle Attempt Low Score
[22m[39m[UnitContext] useEffect triggered {
  "authLoading": false,
  "hasUser": true,
  "id": "mock-unit-id",
  "userSub": "mock-user-sub",
}
[90mstdout[2m | src/components/GradedWorkbookViewer/GradedWorkbookViewer.stories.tsx[2m > [22m[2mSingle Attempt Low Score
[22m[39m[UnitContext] Fetching unit data for id: mock-unit-id
[90mstdout[2m | src/components/GradedWorkbookViewer/GradedWorkbookViewer.stories.tsx[2m > [22m[2mSingle Attempt Low Score
[22m[39m[FilesContext] Initializing vector store from IndexedDB
[90mstdout[2m | src/components/GradedWorkbookViewer/GradedWorkbookViewer.stories.tsx[2m > [22m[2mSingle Attempt Low Score
[22m[39m[FilesContext] fetchFiles called
[90mstdout[2m | src/components/GradedWorkbookViewer/GradedWorkbookViewer.stories.tsx[2m > [22m[2mSingle Attempt Low Score
[22m[39m[FilesContext] User authenticated: mock-user-sub
[90mstdout[2m | src/components/GradedWorkbookViewer/GradedWorkbookViewer.stories.tsx[2m > [22m[2mSingle Attempt Low Score
[22m[39m[FilesContext] Identity ID: us-east-1:mock-identity-123
[90mstdout[2m | src/components/GradedWorkbookViewer/GradedWorkbookViewer.stories.tsx[2m > [22m[2mSingle Attempt Low Score
[22m[39m[FilesContext] About to set up File observeQuery
[90mstdout[2m | src/components/GradedWorkbookViewer/GradedWorkbookViewer.stories.tsx[2m > [22m[2mSingle Attempt Low Score
[22m[39m[ChatContext] Setting up AssistantChat observeQuery
[90mstdout[2m | src/components/GradedWorkbookViewer/GradedWorkbookViewer.stories.tsx[2m > [22m[2mSingle Attempt Low Score
[22m[39m[ChatContext] Waiting for subscription to initialize
[90mstdout[2m | src/components/GradedWorkbookViewer/GradedWorkbookViewer.stories.tsx[2m > [22m[2mSingle Attempt Low Score
[22m[39m[SettingsContext] Setting up Settings subscription for user: mock-user-sub
[90mstdout[2m | src/components/GradedWorkbookViewer/GradedWorkbookViewer.stories.tsx[2m > [22m[2mSingle Attempt Low Score
[22m[39m[Mock Data] Settings created: mock-settings-1790416387156 - notified 0 subscribers
[90mstdout[2m | src/components/GradedWorkbookViewer/GradedWorkbookViewer.stories.tsx[2m > [22m[2mSingle Attempt Low Score
[22m[39m[Mock Data] Unit.onUpdate() subscription added. Total: 1
[90mstdout[2m | src/components/GradedWorkbookViewer/GradedWorkbookViewer.stories.tsx[2m > [22m[2mSingle Attempt Low Score
[22m[39m[SectionContext] Section observeQuery update: 0
[90mstdout[2m | src/components/GradedWorkbookViewer/GradedWorkbookViewer.stories.tsx[2m > [22m[2mSingle Attempt Low Score
[22m[39m[FilesContext] File observeQuery update: 6 files
[90mstdout[2m | src/components/GradedWorkbookViewer/GradedWorkbookViewer.stories.tsx[2m > [22m[2mSingle Attempt Low Score
[22m[39m[ChatContext] AssistantChat initialized with 1 chats
[90mstdout[2m | src/components/GradedWorkbookViewer/GradedWorkbookViewer.stories.tsx[2m > [22m[2mSingle Attempt Low Score
[22m[39m[ChatContext] Setting initial chat: mock-assistant-chat-1
[90mstdout[2m | src/components/GradedWorkbookViewer/GradedWorkbookViewer.stories.tsx[2m > [22m[2mSingle Attempt Low Score
[22m[39m[Mock Storage] downloadData called with: undefined
[90mstdout[2m | src/components/GradedWorkbookViewer/GradedWorkbookViewer.stories.tsx[2m > [22m[2mSingle Attempt Low Score
[22m[39m[MOCK CourseVectorStore] Initialized with mock data
[90mstdout[2m | src/components/GradedWorkbookViewer/GradedWorkbookViewer.stories.tsx[2m > [22m[2mSingle Attempt Low Score
[22m[39m[FilesContext] Vector store population triggered {
  "currentVectorStoreSize": 3,
  "documentsCount": 0,
  "filesCount": 6,
  "isInitialLoad": true,
}
[90mstdout[2m | src/components/GradedWorkbookViewer/GradedWorkbookViewer.stories.tsx[2m > [22m[2mSingle Attempt Low Score
[22m[39m[FilesContext] Vector store population complete - 3 total embeddings
[90mstdout[2m | src/components/GradedWorkbookViewer/GradedWorkbookViewer.stories.tsx[2m > [22m[2mSingle Attempt Low Score
[22m[39m[ChatContext] Chat exists and not archived, skipping creation
[90mstdout[2m | src/components/GradedWorkbookViewer/GradedWorkbookViewer.stories.tsx[2m > [22m[2mNo Moderation
[22m[39m[ChatContext] Cleaning up subscriptions
[90mstdout[2m | src/components/GradedWorkbookViewer/GradedWorkbookViewer.stories.tsx[2m > [22m[2mNo Moderation
[22m[39m[Mock Data] Unit.onUpdate() subscription removed. Remaining: 0
[90mstdout[2m | src/components/GradedWorkbookViewer/GradedWorkbookViewer.stories.tsx[2m > [22m[2mNo Moderation
[22m[39m[MOCK CourseVectorStore] Initialized with mock data
[90mstdout[2m | src/components/GradedWorkbookViewer/GradedWorkbookViewer.stories.tsx[2m > [22m[2mNo Moderation
[22m[39m[TranslationModeController] Setting mode to: off
[90mstdout[2m | src/components/GradedWorkbookViewer/GradedWorkbookViewer.stories.tsx[2m > [22m[2mNo Moderation
[22m[39m[UnitContext] useEffect triggered {
  "authLoading": false,
  "hasUser": true,
  "id": "mock-unit-id",
  "userSub": "mock-user-sub",
}
[90mstdout[2m | src/components/GradedWorkbookViewer/GradedWorkbookViewer.stories.tsx[2m > [22m[2mNo Moderation
[22m[39m[UnitContext] Fetching unit data for id: mock-unit-id
[90mstdout[2m | src/components/GradedWorkbookViewer/GradedWorkbookViewer.stories.tsx[2m > [22m[2mNo Moderation
[22m[39m[FilesContext] Initializing vector store from IndexedDB
[90mstdout[2m | src/components/GradedWorkbookViewer/GradedWorkbookViewer.stories.tsx[2m > [22m[2mNo Moderation
[22m[39m[FilesContext] fetchFiles called
[90mstdout[2m | src/components/GradedWorkbookViewer/GradedWorkbookViewer.stories.tsx[2m > [22m[2mNo Moderation
[22m[39m[FilesContext] User authenticated: mock-user-sub
[90mstdout[2m | src/components/GradedWorkbookViewer/GradedWorkbookViewer.stories.tsx[2m > [22m[2mNo Moderation
[22m[39m[FilesContext] Identity ID: us-east-1:mock-identity-123
[90mstdout[2m | src/components/GradedWorkbookViewer/GradedWorkbookViewer.stories.tsx[2m > [22m[2mNo Moderation
[22m[39m[FilesContext] About to set up File observeQuery
[90mstdout[2m | src/components/GradedWorkbookViewer/GradedWorkbookViewer.stories.tsx[2m > [22m[2mNo Moderation
[22m[39m[ChatContext] Setting up AssistantChat observeQuery
[90mstdout[2m | src/components/GradedWorkbookViewer/GradedWorkbookViewer.stories.tsx[2m > [22m[2mNo Moderation
[22m[39m[ChatContext] Waiting for subscription to initialize
[90mstdout[2m | src/components/GradedWorkbookViewer/GradedWorkbookViewer.stories.tsx[2m > [22m[2mNo Moderation
[22m[39m[SettingsContext] Setting up Settings subscription for user: mock-user-sub
[90mstdout[2m | src/components/GradedWorkbookViewer/GradedWorkbookViewer.stories.tsx[2m > [22m[2mNo Moderation
[22m[39m[Mock Data] Settings created: mock-settings-1790416387572 - notified 0 subscribers
[90mstdout[2m | src/components/GradedWorkbookViewer/GradedWorkbookViewer.stories.tsx[2m > [22m[2mNo Moderation
[22m[39m[Mock Data] Unit.onUpdate() subscription added. Total: 1
[90mstdout[2m | src/components/GradedWorkbookViewer/GradedWorkbookViewer.stories.tsx[2m > [22m[2mNo Moderation
[22m[39m[SectionContext] Section observeQuery update: 0
[90mstdout[2m | src/components/GradedWorkbookViewer/GradedWorkbookViewer.stories.tsx[2m > [22m[2mNo Moderation
[22m[39m[FilesContext] File observeQuery update: 6 files
[90mstdout[2m | src/components/GradedWorkbookViewer/GradedWorkbookViewer.stories.tsx[2m > [22m[2mNo Moderation
[22m[39m[ChatContext] AssistantChat initialized with 1 chats
[90mstdout[2m | src/components/GradedWorkbookViewer/GradedWorkbookViewer.stories.tsx[2m > [22m[2mNo Moderation
[22m[39m[ChatContext] Setting initial chat: mock-assistant-chat-1
[90mstdout[2m | src/components/GradedWorkbookViewer/GradedWorkbookViewer.stories.tsx[2m > [22m[2mNo Moderation
[22m[39m[MOCK CourseVectorStore] Initialized with mock data
[90mstdout[2m | src/components/GradedWorkbookViewer/GradedWorkbookViewer.stories.tsx[2m > [22m[2mNo Moderation
[22m[39m[FilesContext] Vector store population triggered {
  "currentVectorStoreSize": 3,
  "documentsCount": 0,
  "filesCount": 6,
  "isInitialLoad": true,
}
[90mstdout[2m | src/components/GradedWorkbookViewer/GradedWorkbookViewer.stories.tsx[2m > [22m[2mNo Moderation
[22m[39m[FilesContext] Vector store population complete - 3 total embeddings
[90mstdout[2m | src/components/GradedWorkbookViewer/GradedWorkbookViewer.stories.tsx[2m > [22m[2mNo Moderation
[22m[39m[ChatContext] Chat exists and not archived, skipping creation
[90mstdout[2m | src/components/GradedWorkbookViewer/GradedWorkbookViewer.stories.tsx[2m > [22m[2mNo Moderation
[22m[39m[Mock Storage] downloadData called with: undefined
 [32m✓[39m [30m[45m storybook (chromium) [49m[39m src/components/GradedWorkbookViewer/GradedWorkbookViewer.stories.tsx [2m([22m[2m6 tests[22m[2m)[22m[33m 2235[2mms[22m[39m
   [33m[2m✓[22m[39m Multiple Attempts [33m 488[2mms[22m[39m
   [33m[2m✓[22m[39m Flagged Content [33m 408[2mms[22m[39m
   [33m[2m✓[22m[39m Pending Moderation [33m 428[2mms[22m[39m
   [33m[2m✓[22m[39m Single Attempt Low Score [33m 305[2mms[22m[39m
   [33m[2m✓[22m[39m No Moderation [33m 376[2mms[22m[39m
[90mstdout[2m | unknown test
[22m[39m[MOCK vectorStoreDB.js] Module loaded - mock IndexedDB operations
[90mstdout[2m | unknown test
[22m[39m[Task Completion] DOM action listeners initialized
[90mstdout[2m | unknown test
[22m[39m[Task Completion] Auto-completion detector initialized
[90mstdout[2m | unknown test
[22m[39m[Preview] Task completion detector initialized
[90mstdout[2m | src/components/Gamification/BadgeVisualPicker.stories.tsx[2m > [22m[2mDefault
[22m[39m[TranslationModeController] Setting mode to: off
[90mstdout[2m | src/components/Gamification/BadgeVisualPicker.stories.tsx[2m > [22m[2mFire Shield
[22m[39m[TranslationModeController] Setting mode to: off
[90mstdout[2m | src/components/Gamification/BadgeVisualPicker.stories.tsx[2m > [22m[2mCosmic Diamond
[22m[39m[TranslationModeController] Setting mode to: off
 [32m✓[39m [30m[45m storybook (chromium) [49m[39m src/components/Gamification/BadgeVisualPicker.stories.tsx [2m([22m[2m3 tests[22m[2m)[22m[33m 1356[2mms[22m[39m
   [33m[2m✓[22m[39m Default [33m 623[2mms[22m[39m
   [33m[2m✓[22m[39m Fire Shield [33m 419[2mms[22m[39m
   [33m[2m✓[22m[39m Cosmic Diamond [33m 313[2mms[22m[39m
[90mstdout[2m | unknown test
[22m[39m[MOCK vectorStoreDB.js] Module loaded - mock IndexedDB operations
[90mstdout[2m | unknown test
[22m[39m[Task Completion] DOM action listeners initialized
[90mstdout[2m | unknown test
[22m[39m[Task Completion] Auto-completion detector initialized
[90mstdout[2m | unknown test
[22m[39m[Preview] Task completion detector initialized
[90mstdout[2m | src/components/Editor3/plugins/AnswerPlugin.audio-drawing.stories.jsx[2m > [22m[2mAudio Pronunciation
[22m[39m[Preview] Skipped initializing default mock data (initializeMockData=false)
[90mstdout[2m | src/components/Editor3/plugins/AnswerPlugin.audio-drawing.stories.jsx[2m > [22m[2mAudio Pronunciation
[22m[39m[Mock Data] seedMockWords: Adding 5 words
[90mstdout[2m | src/components/Editor3/plugins/AnswerPlugin.audio-drawing.stories.jsx[2m > [22m[2mAudio Pronunciation
[22m[39m[Mock Data] seedMockUnit: Adding unit mock-unit-id
[90mstdout[2m | src/components/Editor3/plugins/AnswerPlugin.audio-drawing.stories.jsx[2m > [22m[2mAudio Pronunciation
[22m[39m[MOCK CourseVectorStore] Initialized with mock data
[90mstdout[2m | src/components/Editor3/plugins/AnswerPlugin.audio-drawing.stories.jsx[2m > [22m[2mAudio Pronunciation
[22m[39m[TranslationModeController] Setting mode to: off
[90mstdout[2m | src/components/Editor3/plugins/AnswerPlugin.audio-drawing.stories.jsx[2m > [22m[2mAudio Pronunciation
[22m[39m[UnitContext] useEffect triggered {
  "authLoading": false,
  "hasUser": true,
  "id": "mock-unit-id",
  "userSub": "mock-user-sub",
}
[90mstdout[2m | src/components/Editor3/plugins/AnswerPlugin.audio-drawing.stories.jsx[2m > [22m[2mAudio Pronunciation
[22m[39m[UnitContext] Fetching unit data for id: mock-unit-id
[90mstdout[2m | src/components/Editor3/plugins/AnswerPlugin.audio-drawing.stories.jsx[2m > [22m[2mAudio Pronunciation
[22m[39m[FilesContext] Initializing vector store from IndexedDB
[90mstdout[2m | src/components/Editor3/plugins/AnswerPlugin.audio-drawing.stories.jsx[2m > [22m[2mAudio Pronunciation
[22m[39m[FilesContext] fetchFiles called
[90mstdout[2m | src/components/Editor3/plugins/AnswerPlugin.audio-drawing.stories.jsx[2m > [22m[2mAudio Pronunciation
[22m[39m[FilesContext] User authenticated: mock-user-sub
[90mstdout[2m | src/components/Editor3/plugins/AnswerPlugin.audio-drawing.stories.jsx[2m > [22m[2mAudio Pronunciation
[22m[39m[FilesContext] Identity ID: us-east-1:mock-identity-123
[90mstdout[2m | src/components/Editor3/plugins/AnswerPlugin.audio-drawing.stories.jsx[2m > [22m[2mAudio Pronunciation
[22m[39m[FilesContext] About to set up File observeQuery
[90mstdout[2m | src/components/Editor3/plugins/AnswerPlugin.audio-drawing.stories.jsx[2m > [22m[2mAudio Pronunciation
[22m[39m[ChatContext] Setting up AssistantChat observeQuery
[90mstdout[2m | src/components/Editor3/plugins/AnswerPlugin.audio-drawing.stories.jsx[2m > [22m[2mAudio Pronunciation
[22m[39m[ChatContext] Waiting for subscription to initialize
[90mstdout[2m | src/components/Editor3/plugins/AnswerPlugin.audio-drawing.stories.jsx[2m > [22m[2mAudio Pronunciation
[22m[39m[SettingsContext] Setting up Settings subscription for user: mock-user-sub
[90mstdout[2m | src/components/Editor3/plugins/AnswerPlugin.audio-drawing.stories.jsx[2m > [22m[2mAudio Pronunciation
[22m[39m[Mock Data] Settings created: mock-settings-1790416394067 - notified 0 subscribers
[90mstdout[2m | src/components/Editor3/plugins/AnswerPlugin.audio-drawing.stories.jsx[2m > [22m[2mAudio Pronunciation
[22m[39m[Mock Data] Unit.onUpdate() subscription added. Total: 1
[90mstdout[2m | src/components/Editor3/plugins/AnswerPlugin.audio-drawing.stories.jsx[2m > [22m[2mAudio Pronunciation
[22m[39m[SectionContext] Section observeQuery update: 0
[90mstdout[2m | src/components/Editor3/plugins/AnswerPlugin.audio-drawing.stories.jsx[2m > [22m[2mAudio Pronunciation
[22m[39m[FilesContext] File observeQuery update: 0 files
[90mstdout[2m | src/components/Editor3/plugins/AnswerPlugin.audio-drawing.stories.jsx[2m > [22m[2mAudio Pronunciation
[22m[39m[ChatContext] AssistantChat initialized with 0 chats
[90mstdout[2m | src/components/Editor3/plugins/AnswerPlugin.audio-drawing.stories.jsx[2m > [22m[2mAudio Pronunciation
[22m[39m[MOCK CourseVectorStore] Initialized with mock data
[90mstdout[2m | src/components/Editor3/plugins/AnswerPlugin.audio-drawing.stories.jsx[2m > [22m[2mAudio Pronunciation
[22m[39m[ChatContext] No current chat available, will create one
[90mstdout[2m | src/components/Editor3/plugins/AnswerPlugin.audio-drawing.stories.jsx[2m > [22m[2mAudio Pronunciation
[22m[39m[ChatContext] Creating AssistantChat with user: undefined
[90mstdout[2m | src/components/Editor3/plugins/AnswerPlugin.audio-drawing.stories.jsx[2m > [22m[2mAudio Pronunciation
[22m[39m[Mock Data] AssistantChat created: mock-assistantchat-1790416394215 - notified 1 subscribers
[90mstdout[2m | src/components/Editor3/plugins/AnswerPlugin.audio-drawing.stories.jsx[2m > [22m[2mAudio Pronunciation
[22m[39m[ChatContext] Create result: {
  "data": {
    "_version": 1,
    "archived": false,
    "chatFiles": [Function anonymous],
    "createdAt": "2026-09-26T09:53:14.215Z",
    "id": "mock-assistantchat-1790416394215",
    "model": "gpt-4",
    "updatedAt": "2026-09-26T09:53:14.215Z",
  },
  "errors": [],
  "hasData": true,
  "hasErrors": true,
}
[90mstdout[2m | src/components/Editor3/plugins/AnswerPlugin.audio-drawing.stories.jsx[2m > [22m[2mAudio Pronunciation
[22m[39m[ChatContext] Created AssistantChat: mock-assistantchat-1790416394215 at: 2026-09-26T09:53:14.215Z
[90mstdout[2m | src/components/Editor3/plugins/AnswerPlugin.audio-drawing.stories.jsx[2m > [22m[2mAudio Pronunciation
[22m[39m[Mock Storage] downloadData called with: undefined
[90mstdout[2m | src/components/Editor3/plugins/AnswerPlugin.audio-drawing.stories.jsx[2m > [22m[2mAudio Pronunciation
[22m[39m[ChatContext] Setting initial chat: mock-assistantchat-1790416394215
[90mstdout[2m | src/components/Editor3/plugins/AnswerPlugin.audio-drawing.stories.jsx[2m > [22m[2mAudio Pronunciation
[22m[39m[ChatContext] Chat exists and not archived, skipping creation
[90mstdout[2m | src/components/Editor3/plugins/AnswerPlugin.audio-drawing.stories.jsx[2m > [22m[2mDrawing Vocabulary
[22m[39m[ChatContext] Cleaning up subscriptions
[90mstdout[2m | src/components/Editor3/plugins/AnswerPlugin.audio-drawing.stories.jsx[2m > [22m[2mDrawing Vocabulary
[22m[39m[Mock Data] Unit.onUpdate() subscription removed. Remaining: 0
[90mstdout[2m | src/components/Editor3/plugins/AnswerPlugin.audio-drawing.stories.jsx[2m > [22m[2mDrawing Vocabulary
[22m[39m[Preview] Skipped initializing default mock data (initializeMockData=false)
[90mstdout[2m | src/components/Editor3/plugins/AnswerPlugin.audio-drawing.stories.jsx[2m > [22m[2mDrawing Vocabulary
[22m[39m[Mock Data] seedMockWords: Adding 5 words
[90mstdout[2m | src/components/Editor3/plugins/AnswerPlugin.audio-drawing.stories.jsx[2m > [22m[2mDrawing Vocabulary
[22m[39m[Mock Data] seedMockUnit: Adding unit mock-unit-id
[90mstdout[2m | src/components/Editor3/plugins/AnswerPlugin.audio-drawing.stories.jsx[2m > [22m[2mDrawing Vocabulary
[22m[39m[MOCK CourseVectorStore] Initialized with mock data
[90mstdout[2m | src/components/Editor3/plugins/AnswerPlugin.audio-drawing.stories.jsx[2m > [22m[2mDrawing Vocabulary
[22m[39m[TranslationModeController] Setting mode to: off
[90mstdout[2m | src/components/Editor3/plugins/AnswerPlugin.audio-drawing.stories.jsx[2m > [22m[2mDrawing Vocabulary
[22m[39m[UnitContext] useEffect triggered {
  "authLoading": false,
  "hasUser": true,
  "id": "mock-unit-id",
  "userSub": "mock-user-sub",
}
[90mstdout[2m | src/components/Editor3/plugins/AnswerPlugin.audio-drawing.stories.jsx[2m > [22m[2mDrawing Vocabulary
[22m[39m[UnitContext] Fetching unit data for id: mock-unit-id
[90mstdout[2m | src/components/Editor3/plugins/AnswerPlugin.audio-drawing.stories.jsx[2m > [22m[2mDrawing Vocabulary
[22m[39m[FilesContext] Initializing vector store from IndexedDB
[90mstdout[2m | src/components/Editor3/plugins/AnswerPlugin.audio-drawing.stories.jsx[2m > [22m[2mDrawing Vocabulary
[22m[39m[FilesContext] fetchFiles called
[90mstdout[2m | src/components/Editor3/plugins/AnswerPlugin.audio-drawing.stories.jsx[2m > [22m[2mDrawing Vocabulary
[22m[39m[FilesContext] User authenticated: mock-user-sub
[90mstdout[2m | src/components/Editor3/plugins/AnswerPlugin.audio-drawing.stories.jsx[2m > [22m[2mDrawing Vocabulary
[22m[39m[FilesContext] Identity ID: us-east-1:mock-identity-123
[90mstdout[2m | src/components/Editor3/plugins/AnswerPlugin.audio-drawing.stories.jsx[2m > [22m[2mDrawing Vocabulary
[22m[39m[FilesContext] About to set up File observeQuery
[90mstdout[2m | src/components/Editor3/plugins/AnswerPlugin.audio-drawing.stories.jsx[2m > [22m[2mDrawing Vocabulary
[22m[39m[ChatContext] Setting up AssistantChat observeQuery
[90mstdout[2m | src/components/Editor3/plugins/AnswerPlugin.audio-drawing.stories.jsx[2m > [22m[2mDrawing Vocabulary
[22m[39m[ChatContext] Waiting for subscription to initialize
[90mstdout[2m | src/components/Editor3/plugins/AnswerPlugin.audio-drawing.stories.jsx[2m > [22m[2mDrawing Vocabulary
[22m[39m[SettingsContext] Setting up Settings subscription for user: mock-user-sub
[90mstdout[2m | src/components/Editor3/plugins/AnswerPlugin.audio-drawing.stories.jsx[2m > [22m[2mDrawing Vocabulary
[22m[39m[Mock Data] Settings created: mock-settings-1790416394454 - notified 0 subscribers
[90mstdout[2m | src/components/Editor3/plugins/AnswerPlugin.audio-drawing.stories.jsx[2m > [22m[2mDrawing Vocabulary
[22m[39m[Mock Data] Unit.onUpdate() subscription added. Total: 1
[90mstdout[2m | src/components/Editor3/plugins/AnswerPlugin.audio-drawing.stories.jsx[2m > [22m[2mDrawing Vocabulary
[22m[39m[SectionContext] Section observeQuery update: 0
[90mstdout[2m | src/components/Editor3/plugins/AnswerPlugin.audio-drawing.stories.jsx[2m > [22m[2mDrawing Vocabulary
[22m[39m[FilesContext] File observeQuery update: 0 files
[90mstdout[2m | src/components/Editor3/plugins/AnswerPlugin.audio-drawing.stories.jsx[2m > [22m[2mDrawing Vocabulary
[22m[39m[ChatContext] AssistantChat initialized with 0 chats
[90mstdout[2m | src/components/Editor3/plugins/AnswerPlugin.audio-drawing.stories.jsx[2m > [22m[2mDrawing Vocabulary
[22m[39m[MOCK CourseVectorStore] Initialized with mock data
[90mstdout[2m | src/components/Editor3/plugins/AnswerPlugin.audio-drawing.stories.jsx[2m > [22m[2mDrawing Vocabulary
[22m[39m[ChatContext] No current chat available, will create one
[90mstdout[2m | src/components/Editor3/plugins/AnswerPlugin.audio-drawing.stories.jsx[2m > [22m[2mDrawing Vocabulary
[22m[39m[ChatContext] Creating AssistantChat with user: undefined
[90mstdout[2m | src/components/Editor3/plugins/AnswerPlugin.audio-drawing.stories.jsx[2m > [22m[2mDrawing Vocabulary
[22m[39m[Mock Data] AssistantChat created: mock-assistantchat-1790416394487 - notified 1 subscribers
[90mstdout[2m | src/components/Editor3/plugins/AnswerPlugin.audio-drawing.stories.jsx[2m > [22m[2mDrawing Vocabulary
[22m[39m[ChatContext] Create result: {
  "data": {
    "_version": 1,
    "archived": false,
    "chatFiles": [Function anonymous],
    "createdAt": "2026-09-26T09:53:14.487Z",
    "id": "mock-assistantchat-1790416394487",
    "model": "gpt-4",
    "updatedAt": "2026-09-26T09:53:14.487Z",
  },
  "errors": [],
  "hasData": true,
  "hasErrors": true,
}
[90mstdout[2m | src/components/Editor3/plugins/AnswerPlugin.audio-drawing.stories.jsx[2m > [22m[2mDrawing Vocabulary
[22m[39m[ChatContext] Created AssistantChat: mock-assistantchat-1790416394487 at: 2026-09-26T09:53:14.487Z
[90mstdout[2m | src/components/Editor3/plugins/AnswerPlugin.audio-drawing.stories.jsx[2m > [22m[2mDrawing Vocabulary
[22m[39m[Mock Storage] downloadData called with: undefined
[90mstdout[2m | src/components/Editor3/plugins/AnswerPlugin.audio-drawing.stories.jsx[2m > [22m[2mDrawing Vocabulary
[22m[39m[ChatContext] Setting initial chat: mock-assistantchat-1790416394487
[90mstdout[2m | src/components/Editor3/plugins/AnswerPlugin.audio-drawing.stories.jsx[2m > [22m[2mDrawing Vocabulary
[22m[39m[ChatContext] Chat exists and not archived, skipping creation
[90mstdout[2m | src/components/Editor3/plugins/AnswerPlugin.audio-drawing.stories.jsx[2m > [22m[2mMulti Modal Vocabulary
[22m[39m[ChatContext] Cleaning up subscriptions
[90mstdout[2m | src/components/Editor3/plugins/AnswerPlugin.audio-drawing.stories.jsx[2m > [22m[2mMulti Modal Vocabulary
[22m[39m[Mock Data] Unit.onUpdate() subscription removed. Remaining: 0
[90mstdout[2m | src/components/Editor3/plugins/AnswerPlugin.audio-drawing.stories.jsx[2m > [22m[2mMulti Modal Vocabulary
[22m[39m[Preview] Skipped initializing default mock data (initializeMockData=false)
[90mstdout[2m | src/components/Editor3/plugins/AnswerPlugin.audio-drawing.stories.jsx[2m > [22m[2mMulti Modal Vocabulary
[22m[39m[Mock Data] seedMockWords: Adding 5 words
[90mstdout[2m | src/components/Editor3/plugins/AnswerPlugin.audio-drawing.stories.jsx[2m > [22m[2mMulti Modal Vocabulary
[22m[39m[Mock Data] seedMockUnit: Adding unit mock-unit-id
[90mstdout[2m | src/components/Editor3/plugins/AnswerPlugin.audio-drawing.stories.jsx[2m > [22m[2mMulti Modal Vocabulary
[22m[39m[MOCK CourseVectorStore] Initialized with mock data
[90mstdout[2m | src/components/Editor3/plugins/AnswerPlugin.audio-drawing.stories.jsx[2m > [22m[2mMulti Modal Vocabulary
[22m[39m[TranslationModeController] Setting mode to: off
[90mstdout[2m | src/components/Editor3/plugins/AnswerPlugin.audio-drawing.stories.jsx[2m > [22m[2mMulti Modal Vocabulary
[22m[39m[UnitContext] useEffect triggered {
  "authLoading": false,
  "hasUser": true,
  "id": "mock-unit-id",
  "userSub": "mock-user-sub",
}
[90mstdout[2m | src/components/Editor3/plugins/AnswerPlugin.audio-drawing.stories.jsx[2m > [22m[2mMulti Modal Vocabulary
[22m[39m[UnitContext] Fetching unit data for id: mock-unit-id
[90mstdout[2m | src/components/Editor3/plugins/AnswerPlugin.audio-drawing.stories.jsx[2m > [22m[2mMulti Modal Vocabulary
[22m[39m[FilesContext] Initializing vector store from IndexedDB
[90mstdout[2m | src/components/Editor3/plugins/AnswerPlugin.audio-drawing.stories.jsx[2m > [22m[2mMulti Modal Vocabulary
[22m[39m[FilesContext] fetchFiles called
[90mstdout[2m | src/components/Editor3/plugins/AnswerPlugin.audio-drawing.stories.jsx[2m > [22m[2mMulti Modal Vocabulary
[22m[39m[FilesContext] User authenticated: mock-user-sub
[90mstdout[2m | src/components/Editor3/plugins/AnswerPlugin.audio-drawing.stories.jsx[2m > [22m[2mMulti Modal Vocabulary
[22m[39m[FilesContext] Identity ID: us-east-1:mock-identity-123
[90mstdout[2m | src/components/Editor3/plugins/AnswerPlugin.audio-drawing.stories.jsx[2m > [22m[2mMulti Modal Vocabulary
[22m[39m[FilesContext] About to set up File observeQuery
[90mstdout[2m | src/components/Editor3/plugins/AnswerPlugin.audio-drawing.stories.jsx[2m > [22m[2mMulti Modal Vocabulary
[22m[39m[ChatContext] Setting up AssistantChat observeQuery
[90mstdout[2m | src/components/Editor3/plugins/AnswerPlugin.audio-drawing.stories.jsx[2m > [22m[2mMulti Modal Vocabulary
[22m[39m[ChatContext] Waiting for subscription to initialize
[90mstdout[2m | src/components/Editor3/plugins/AnswerPlugin.audio-drawing.stories.jsx[2m > [22m[2mMulti Modal Vocabulary
[22m[39m[SettingsContext] Setting up Settings subscription for user: mock-user-sub
[90mstdout[2m | src/components/Editor3/plugins/AnswerPlugin.audio-drawing.stories.jsx[2m > [22m[2mMulti Modal Vocabulary
[22m[39m[Mock Data] Settings created: mock-settings-1790416394636 - notified 0 subscribers
[90mstdout[2m | src/components/Editor3/plugins/AnswerPlugin.audio-drawing.stories.jsx[2m > [22m[2mMulti Modal Vocabulary
[22m[39m[Mock Data] Unit.onUpdate() subscription added. Total: 1
[90mstdout[2m | src/components/Editor3/plugins/AnswerPlugin.audio-drawing.stories.jsx[2m > [22m[2mMulti Modal Vocabulary
[22m[39m[SectionContext] Section observeQuery update: 0
[90mstdout[2m | src/components/Editor3/plugins/AnswerPlugin.audio-drawing.stories.jsx[2m > [22m[2mMulti Modal Vocabulary
[22m[39m[FilesContext] File observeQuery update: 0 files
[90mstdout[2m | src/components/Editor3/plugins/AnswerPlugin.audio-drawing.stories.jsx[2m > [22m[2mMulti Modal Vocabulary
[22m[39m[ChatContext] AssistantChat initialized with 0 chats
[90mstdout[2m | src/components/Editor3/plugins/AnswerPlugin.audio-drawing.stories.jsx[2m > [22m[2mMulti Modal Vocabulary
[22m[39m[MOCK CourseVectorStore] Initialized with mock data
[90mstdout[2m | src/components/Editor3/plugins/AnswerPlugin.audio-drawing.stories.jsx[2m > [22m[2mMulti Modal Vocabulary
[22m[39m[ChatContext] No current chat available, will create one
[90mstdout[2m | src/components/Editor3/plugins/AnswerPlugin.audio-drawing.stories.jsx[2m > [22m[2mMulti Modal Vocabulary
[22m[39m[ChatContext] Creating AssistantChat with user: undefined
[90mstdout[2m | src/components/Editor3/plugins/AnswerPlugin.audio-drawing.stories.jsx[2m > [22m[2mMulti Modal Vocabulary
[22m[39m[Mock Data] AssistantChat created: mock-assistantchat-1790416394685 - notified 1 subscribers
[90mstdout[2m | src/components/Editor3/plugins/AnswerPlugin.audio-drawing.stories.jsx[2m > [22m[2mMulti Modal Vocabulary
[22m[39m[ChatContext] Create result: {
  "data": {
    "_version": 1,
    "archived": false,
    "chatFiles": [Function anonymous],
    "createdAt": "2026-09-26T09:53:14.685Z",
    "id": "mock-assistantchat-1790416394685",
    "model": "gpt-4",
    "updatedAt": "2026-09-26T09:53:14.685Z",
  },
  "errors": [],
  "hasData": true,
  "hasErrors": true,
}
[90mstdout[2m | src/components/Editor3/plugins/AnswerPlugin.audio-drawing.stories.jsx[2m > [22m[2mMulti Modal Vocabulary
[22m[39m[ChatContext] Created AssistantChat: mock-assistantchat-1790416394685 at: 2026-09-26T09:53:14.685Z
[90mstdout[2m | src/components/Editor3/plugins/AnswerPlugin.audio-drawing.stories.jsx[2m > [22m[2mMulti Modal Vocabulary
[22m[39m[Mock Storage] downloadData called with: undefined
[90mstdout[2m | src/components/Editor3/plugins/AnswerPlugin.audio-drawing.stories.jsx[2m > [22m[2mMulti Modal Vocabulary
[22m[39m[ChatContext] Setting initial chat: mock-assistantchat-1790416394685
[90mstdout[2m | src/components/Editor3/plugins/AnswerPlugin.audio-drawing.stories.jsx[2m > [22m[2mMulti Modal Vocabulary
[22m[39m[ChatContext] Chat exists and not archived, skipping creation
[90mstdout[2m | src/components/Editor3/plugins/AnswerPlugin.audio-drawing.stories.jsx[2m > [22m[2mListening Comprehension
[22m[39m[ChatContext] Cleaning up subscriptions
[90mstdout[2m | src/components/Editor3/plugins/AnswerPlugin.audio-drawing.stories.jsx[2m > [22m[2mListening Comprehension
[22m[39m[Mock Data] Unit.onUpdate() subscription removed. Remaining: 0
[90mstdout[2m | src/components/Editor3/plugins/AnswerPlugin.audio-drawing.stories.jsx[2m > [22m[2mListening Comprehension
[22m[39m[Preview] Skipped initializing default mock data (initializeMockData=false)
[90mstdout[2m | src/components/Editor3/plugins/AnswerPlugin.audio-drawing.stories.jsx[2m > [22m[2mListening Comprehension
[22m[39m[Mock Data] seedMockWords: Adding 5 words
[90mstdout[2m | src/components/Editor3/plugins/AnswerPlugin.audio-drawing.stories.jsx[2m > [22m[2mListening Comprehension
[22m[39m[Mock Data] seedMockUnit: Adding unit mock-unit-id
[90mstdout[2m | src/components/Editor3/plugins/AnswerPlugin.audio-drawing.stories.jsx[2m > [22m[2mListening Comprehension
[22m[39m[MOCK CourseVectorStore] Initialized with mock data
[90mstdout[2m | src/components/Editor3/plugins/AnswerPlugin.audio-drawing.stories.jsx[2m > [22m[2mListening Comprehension
[22m[39m[TranslationModeController] Setting mode to: off
[90mstdout[2m | src/components/Editor3/plugins/AnswerPlugin.audio-drawing.stories.jsx[2m > [22m[2mListening Comprehension
[22m[39m[UnitContext] useEffect triggered {
  "authLoading": false,
  "hasUser": true,
  "id": "mock-unit-id",
  "userSub": "mock-user-sub",
}
[90mstdout[2m | src/components/Editor3/plugins/AnswerPlugin.audio-drawing.stories.jsx[2m > [22m[2mListening Comprehension
[22m[39m[UnitContext] Fetching unit data for id: mock-unit-id
[90mstdout[2m | src/components/Editor3/plugins/AnswerPlugin.audio-drawing.stories.jsx[2m > [22m[2mListening Comprehension
[22m[39m[FilesContext] Initializing vector store from IndexedDB
[90mstdout[2m | src/components/Editor3/plugins/AnswerPlugin.audio-drawing.stories.jsx[2m > [22m[2mListening Comprehension
[22m[39m[FilesContext] fetchFiles called
[90mstdout[2m | src/components/Editor3/plugins/AnswerPlugin.audio-drawing.stories.jsx[2m > [22m[2mListening Comprehension
[22m[39m[FilesContext] User authenticated: mock-user-sub
[90mstdout[2m | src/components/Editor3/plugins/AnswerPlugin.audio-drawing.stories.jsx[2m > [22m[2mListening Comprehension
[22m[39m[FilesContext] Identity ID: us-east-1:mock-identity-123
[90mstdout[2m | src/components/Editor3/plugins/AnswerPlugin.audio-drawing.stories.jsx[2m > [22m[2mListening Comprehension
[22m[39m[FilesContext] About to set up File observeQuery
[90mstdout[2m | src/components/Editor3/plugins/AnswerPlugin.audio-drawing.stories.jsx[2m > [22m[2mListening Comprehension
[22m[39m[ChatContext] Setting up AssistantChat observeQuery
[90mstdout[2m | src/components/Editor3/plugins/AnswerPlugin.audio-drawing.stories.jsx[2m > [22m[2mListening Comprehension
[22m[39m[ChatContext] Waiting for subscription to initialize
[90mstdout[2m | src/components/Editor3/plugins/AnswerPlugin.audio-drawing.stories.jsx[2m > [22m[2mListening Comprehension
[22m[39m[SettingsContext] Setting up Settings subscription for user: mock-user-sub
[90mstdout[2m | src/components/Editor3/plugins/AnswerPlugin.audio-drawing.stories.jsx[2m > [22m[2mListening Comprehension
[22m[39m[Mock Data] Settings created: mock-settings-1790416394825 - notified 0 subscribers
[90mstdout[2m | src/components/Editor3/plugins/AnswerPlugin.audio-drawing.stories.jsx[2m > [22m[2mListening Comprehension
[22m[39m[Mock Data] Unit.onUpdate() subscription added. Total: 1
[90mstdout[2m | src/components/Editor3/plugins/AnswerPlugin.audio-drawing.stories.jsx[2m > [22m[2mListening Comprehension
[22m[39mMock Cache.getItem called with: getCachedUrl_/story-mocks/sound-design-elements-sfx-ps-022-302865.mp3
[90mstdout[2m | src/components/Editor3/plugins/AnswerPlugin.audio-drawing.stories.jsx[2m > [22m[2mListening Comprehension
[22m[39mMock Cache.getItem called with: getCachedUrl_/story-mocks/descent-whoosh-long-cinematic-sound-effect-405921.mp3
[90mstdout[2m | src/components/Editor3/plugins/AnswerPlugin.audio-drawing.stories.jsx[2m > [22m[2mListening Comprehension
[22m[39mMock Cache.getItem called with: getCachedUrl_/story-mocks/cinematic-designed-sci-fi-whoosh-transition-nexawave-228295.mp3
[90mstdout[2m | src/components/Editor3/plugins/AnswerPlugin.audio-drawing.stories.jsx[2m > [22m[2mListening Comprehension
[22m[39mMock getUrl called with: /story-mocks/sound-design-elements-sfx-ps-022-302865.mp3
[90mstdout[2m | src/components/Editor3/plugins/AnswerPlugin.audio-drawing.stories.jsx[2m > [22m[2mListening Comprehension
[22m[39mMock getUrl called with: /story-mocks/descent-whoosh-long-cinematic-sound-effect-405921.mp3
[90mstdout[2m | src/components/Editor3/plugins/AnswerPlugin.audio-drawing.stories.jsx[2m > [22m[2mListening Comprehension
[22m[39mMock getUrl called with: /story-mocks/cinematic-designed-sci-fi-whoosh-transition-nexawave-228295.mp3
[90mstdout[2m | src/components/Editor3/plugins/AnswerPlugin.audio-drawing.stories.jsx[2m > [22m[2mListening Comprehension
[22m[39mMock Cache.setItem called with: getCachedUrl_/story-mocks/sound-design-elements-sfx-ps-022-302865.mp3 /story-mocks/sound-design-elements-sfx-ps-022-302865.mp3
[90mstdout[2m | src/components/Editor3/plugins/AnswerPlugin.audio-drawing.stories.jsx[2m > [22m[2mListening Comprehension
[22m[39mMock Cache.setItem called with: getCachedUrl_/story-mocks/descent-whoosh-long-cinematic-sound-effect-405921.mp3 /story-mocks/descent-whoosh-long-cinematic-sound-effect-405921.mp3
[90mstdout[2m | src/components/Editor3/plugins/AnswerPlugin.audio-drawing.stories.jsx[2m > [22m[2mListening Comprehension
[22m[39mMock Cache.setItem called with: getCachedUrl_/story-mocks/cinematic-designed-sci-fi-whoosh-transition-nexawave-228295.mp3 /story-mocks/cinematic-designed-sci-fi-whoosh-transition-nexawave-228295.mp3
[90mstdout[2m | src/components/Editor3/plugins/AnswerPlugin.audio-drawing.stories.jsx[2m > [22m[2mListening Comprehension
[22m[39m[SectionContext] Section observeQuery update: 0
[90mstdout[2m | src/components/Editor3/plugins/AnswerPlugin.audio-drawing.stories.jsx[2m > [22m[2mListening Comprehension
[22m[39m[FilesContext] File observeQuery update: 0 files
[90mstdout[2m | src/components/Editor3/plugins/AnswerPlugin.audio-drawing.stories.jsx[2m > [22m[2mListening Comprehension
[22m[39m[ChatContext] AssistantChat initialized with 0 chats
[90mstdout[2m | src/components/Editor3/plugins/AnswerPlugin.audio-drawing.stories.jsx[2m > [22m[2mListening Comprehension
[22m[39m[MOCK CourseVectorStore] Initialized with mock data
[90mstdout[2m | src/components/Editor3/plugins/AnswerPlugin.audio-drawing.stories.jsx[2m > [22m[2mListening Comprehension
[22m[39m[AudioPlayerContext] Loading new source: /story-mocks/sound-design-elements-sfx-ps-022-3028...
[90mstdout[2m | src/components/Editor3/plugins/AnswerPlugin.audio-drawing.stories.jsx[2m > [22m[2mListening Comprehension
[22m[39m[AudioPlayerContext] Loading new source: /story-mocks/descent-whoosh-long-cinematic-sound-e...
[90mstdout[2m | src/components/Editor3/plugins/AnswerPlugin.audio-drawing.stories.jsx[2m > [22m[2mListening Comprehension
[22m[39m[AudioPlayerContext] Loading new source: /story-mocks/cinematic-designed-sci-fi-whoosh-tran...
[90mstdout[2m | src/components/Editor3/plugins/AnswerPlugin.audio-drawing.stories.jsx[2m > [22m[2mListening Comprehension
[22m[39m[ChatContext] No current chat available, will create one
[90mstdout[2m | src/components/Editor3/plugins/AnswerPlugin.audio-drawing.stories.jsx[2m > [22m[2mListening Comprehension
[22m[39m[ChatContext] Creating AssistantChat with user: undefined
[90mstdout[2m | src/components/Editor3/plugins/AnswerPlugin.audio-drawing.stories.jsx[2m > [22m[2mListening Comprehension
[22m[39m[Mock Data] AssistantChat created: mock-assistantchat-1790416394945 - notified 1 subscribers
[90mstdout[2m | src/components/Editor3/plugins/AnswerPlugin.audio-drawing.stories.jsx[2m > [22m[2mListening Comprehension
[22m[39m[ChatContext] Create result: {
  "data": {
    "_version": 1,
    "archived": false,
    "chatFiles": [Function anonymous],
    "createdAt": "2026-09-26T09:53:14.945Z",
    "id": "mock-assistantchat-1790416394945",
    "model": "gpt-4",
    "updatedAt": "2026-09-26T09:53:14.945Z",
  },
  "errors": [],
  "hasData": true,
  "hasErrors": true,
}
[90mstdout[2m | src/components/Editor3/plugins/AnswerPlugin.audio-drawing.stories.jsx[2m > [22m[2mListening Comprehension
[22m[39m[ChatContext] Created AssistantChat: mock-assistantchat-1790416394945 at: 2026-09-26T09:53:14.945Z
[90mstdout[2m | src/components/Editor3/plugins/AnswerPlugin.audio-drawing.stories.jsx[2m > [22m[2mListening Comprehension
[22m[39m[Mock Storage] downloadData called with: undefined
[90mstdout[2m | src/components/Editor3/plugins/AnswerPlugin.audio-drawing.stories.jsx[2m > [22m[2mListening Comprehension
[22m[39m[ChatContext] Setting initial chat: mock-assistantchat-1790416394945
[90mstdout[2m | src/components/Editor3/plugins/AnswerPlugin.audio-drawing.stories.jsx[2m > [22m[2mListening Comprehension
[22m[39m[ChatContext] Chat exists and not archived, skipping creation
[90mstdout[2m | src/components/Editor3/plugins/AnswerPlugin.audio-drawing.stories.jsx[2m > [22m[2mDefinition To Drawing
[22m[39m[ChatContext] Cleaning up subscriptions
[90mstdout[2m | src/components/Editor3/plugins/AnswerPlugin.audio-drawing.stories.jsx[2m > [22m[2mDefinition To Drawing
[22m[39m[Mock Data] Unit.onUpdate() subscription removed. Remaining: 0
[90mstdout[2m | src/components/Editor3/plugins/AnswerPlugin.audio-drawing.stories.jsx[2m > [22m[2mDefinition To Drawing
[22m[39m[Preview] Skipped initializing default mock data (initializeMockData=false)
[90mstdout[2m | src/components/Editor3/plugins/AnswerPlugin.audio-drawing.stories.jsx[2m > [22m[2mDefinition To Drawing
[22m[39m[Mock Data] seedMockWords: Adding 5 words
[90mstdout[2m | src/components/Editor3/plugins/AnswerPlugin.audio-drawing.stories.jsx[2m > [22m[2mDefinition To Drawing
[22m[39m[Mock Data] seedMockUnit: Adding unit mock-unit-id
[90mstdout[2m | src/components/Editor3/plugins/AnswerPlugin.audio-drawing.stories.jsx[2m > [22m[2mDefinition To Drawing
[22m[39m[MOCK CourseVectorStore] Initialized with mock data
[90mstdout[2m | src/components/Editor3/plugins/AnswerPlugin.audio-drawing.stories.jsx[2m > [22m[2mDefinition To Drawing
[22m[39m[TranslationModeController] Setting mode to: off
[90mstdout[2m | src/components/Editor3/plugins/AnswerPlugin.audio-drawing.stories.jsx[2m > [22m[2mDefinition To Drawing
[22m[39m[UnitContext] useEffect triggered {
  "authLoading": false,
  "hasUser": true,
  "id": "mock-unit-id",
  "userSub": "mock-user-sub",
}
[90mstdout[2m | src/components/Editor3/plugins/AnswerPlugin.audio-drawing.stories.jsx[2m > [22m[2mDefinition To Drawing
[22m[39m[UnitContext] Fetching unit data for id: mock-unit-id
[90mstdout[2m | src/components/Editor3/plugins/AnswerPlugin.audio-drawing.stories.jsx[2m > [22m[2mDefinition To Drawing
[22m[39m[FilesContext] Initializing vector store from IndexedDB
[90mstdout[2m | src/components/Editor3/plugins/AnswerPlugin.audio-drawing.stories.jsx[2m > [22m[2mDefinition To Drawing
[22m[39m[FilesContext] fetchFiles called
[90mstdout[2m | src/components/Editor3/plugins/AnswerPlugin.audio-drawing.stories.jsx[2m > [22m[2mDefinition To Drawing
[22m[39m[FilesContext] User authenticated: mock-user-sub
[90mstdout[2m | src/components/Editor3/plugins/AnswerPlugin.audio-drawing.stories.jsx[2m > [22m[2mDefinition To Drawing
[22m[39m[FilesContext] Identity ID: us-east-1:mock-identity-123
[90mstdout[2m | src/components/Editor3/plugins/AnswerPlugin.audio-drawing.stories.jsx[2m > [22m[2mDefinition To Drawing
[22m[39m[FilesContext] About to set up File observeQuery
[90mstdout[2m | src/components/Editor3/plugins/AnswerPlugin.audio-drawing.stories.jsx[2m > [22m[2mDefinition To Drawing
[22m[39m[ChatContext] Setting up AssistantChat observeQuery
[90mstdout[2m | src/components/Editor3/plugins/AnswerPlugin.audio-drawing.stories.jsx[2m > [22m[2mDefinition To Drawing
[22m[39m[ChatContext] Waiting for subscription to initialize
[90mstdout[2m | src/components/Editor3/plugins/AnswerPlugin.audio-drawing.stories.jsx[2m > [22m[2mDefinition To Drawing
[22m[39m[SettingsContext] Setting up Settings subscription for user: mock-user-sub
[90mstdout[2m | src/components/Editor3/plugins/AnswerPlugin.audio-drawing.stories.jsx[2m > [22m[2mDefinition To Drawing
[22m[39m[Mock Data] Settings created: mock-settings-1790416395343 - notified 0 subscribers
[90mstdout[2m | src/components/Editor3/plugins/AnswerPlugin.audio-drawing.stories.jsx[2m > [22m[2mDefinition To Drawing
[22m[39m[Mock Data] Unit.onUpdate() subscription added. Total: 1
[90mstdout[2m | src/components/Editor3/plugins/AnswerPlugin.audio-drawing.stories.jsx[2m > [22m[2mDefinition To Drawing
[22m[39m[SectionContext] Section observeQuery update: 0
[90mstdout[2m | src/components/Editor3/plugins/AnswerPlugin.audio-drawing.stories.jsx[2m > [22m[2mDefinition To Drawing
[22m[39m[FilesContext] File observeQuery update: 0 files
[90mstdout[2m | src/components/Editor3/plugins/AnswerPlugin.audio-drawing.stories.jsx[2m > [22m[2mDefinition To Drawing
[22m[39m[ChatContext] AssistantChat initialized with 0 chats
[90mstdout[2m | src/components/Editor3/plugins/AnswerPlugin.audio-drawing.stories.jsx[2m > [22m[2mDefinition To Drawing
[22m[39m[MOCK CourseVectorStore] Initialized with mock data
[90mstdout[2m | src/components/Editor3/plugins/AnswerPlugin.audio-drawing.stories.jsx[2m > [22m[2mDefinition To Drawing
[22m[39m[ChatContext] No current chat available, will create one
[90mstdout[2m | src/components/Editor3/plugins/AnswerPlugin.audio-drawing.stories.jsx[2m > [22m[2mDefinition To Drawing
[22m[39m[ChatContext] Creating AssistantChat with user: undefined
[90mstdout[2m | src/components/Editor3/plugins/AnswerPlugin.audio-drawing.stories.jsx[2m > [22m[2mDefinition To Drawing
[22m[39m[Mock Data] AssistantChat created: mock-assistantchat-1790416395403 - notified 1 subscribers
[90mstdout[2m | src/components/Editor3/plugins/AnswerPlugin.audio-drawing.stories.jsx[2m > [22m[2mDefinition To Drawing
[22m[39m[ChatContext] Create result: {
  "data": {
    "_version": 1,
    "archived": false,
    "chatFiles": [Function anonymous],
    "createdAt": "2026-09-26T09:53:15.403Z",
    "id": "mock-assistantchat-1790416395403",
    "model": "gpt-4",
    "updatedAt": "2026-09-26T09:53:15.403Z",
  },
  "errors": [],
  "hasData": true,
  "hasErrors": true,
}
[90mstdout[2m | src/components/Editor3/plugins/AnswerPlugin.audio-drawing.stories.jsx[2m > [22m[2mDefinition To Drawing
[22m[39m[ChatContext] Created AssistantChat: mock-assistantchat-1790416395403 at: 2026-09-26T09:53:15.403Z
[90mstdout[2m | src/components/Editor3/plugins/AnswerPlugin.audio-drawing.stories.jsx[2m > [22m[2mDefinition To Drawing
[22m[39m[Mock Storage] downloadData called with: undefined
[90mstdout[2m | src/components/Editor3/plugins/AnswerPlugin.audio-drawing.stories.jsx[2m > [22m[2mDefinition To Drawing
[22m[39m[ChatContext] Setting initial chat: mock-assistantchat-1790416395403
[90mstdout[2m | src/components/Editor3/plugins/AnswerPlugin.audio-drawing.stories.jsx[2m > [22m[2mDefinition To Drawing
[22m[39m[ChatContext] Chat exists and not archived, skipping creation
 [32m✓[39m [30m[45m storybook (chromium) [49m[39m src/components/Editor3/plugins/AnswerPlugin.audio-drawing.stories.jsx [2m([22m[2m5 tests[22m[2m)[22m[33m 1498[2mms[22m[39m
   [33m[2m✓[22m[39m Audio Pronunciation [33m 413[2mms[22m[39m
   [33m[2m✓[22m[39m Listening Comprehension [33m 450[2mms[22m[39m
[90mstdout[2m | unknown test
[22m[39m[MOCK vectorStoreDB.js] Module loaded - mock IndexedDB operations
[90mstdout[2m | unknown test
[22m[39m[Task Completion] DOM action listeners initialized
[90mstdout[2m | unknown test
[22m[39m[Task Completion] Auto-completion detector initialized
[90mstdout[2m | unknown test
[22m[39m[Preview] Task completion detector initialized
[90mstdout[2m | src/components/Workbook/WorkbookInviteShare.stories.tsx[2m > [22m[2mConnected
[22m[39m[MOCK CourseVectorStore] Initialized with mock data
[90mstdout[2m | src/components/Workbook/WorkbookInviteShare.stories.tsx[2m > [22m[2mConnected
[22m[39m[TranslationModeController] Setting mode to: off
[90mstdout[2m | src/components/Workbook/WorkbookInviteShare.stories.tsx[2m > [22m[2mConnected
[22m[39m[UnitContext] useEffect triggered {
  "authLoading": false,
  "hasUser": true,
  "id": "mock-unit-id",
  "userSub": "mock-user-sub",
}
[90mstdout[2m | src/components/Workbook/WorkbookInviteShare.stories.tsx[2m > [22m[2mConnected
[22m[39m[UnitContext] Fetching unit data for id: mock-unit-id
[90mstdout[2m | src/components/Workbook/WorkbookInviteShare.stories.tsx[2m > [22m[2mConnected
[22m[39m[FilesContext] Initializing vector store from IndexedDB
[90mstdout[2m | src/components/Workbook/WorkbookInviteShare.stories.tsx[2m > [22m[2mConnected
[22m[39m[FilesContext] fetchFiles called
[90mstdout[2m | src/components/Workbook/WorkbookInviteShare.stories.tsx[2m > [22m[2mConnected
[22m[39m[FilesContext] User authenticated: mock-user-sub
[90mstdout[2m | src/components/Workbook/WorkbookInviteShare.stories.tsx[2m > [22m[2mConnected
[22m[39m[FilesContext] Identity ID: us-east-1:mock-identity-123
[90mstdout[2m | src/components/Workbook/WorkbookInviteShare.stories.tsx[2m > [22m[2mConnected
[22m[39m[FilesContext] About to set up File observeQuery
[90mstdout[2m | src/components/Workbook/WorkbookInviteShare.stories.tsx[2m > [22m[2mConnected
[22m[39m[ChatContext] Setting up AssistantChat observeQuery
[90mstdout[2m | src/components/Workbook/WorkbookInviteShare.stories.tsx[2m > [22m[2mConnected
[22m[39m[ChatContext] Waiting for subscription to initialize
[90mstdout[2m | src/components/Workbook/WorkbookInviteShare.stories.tsx[2m > [22m[2mConnected
[22m[39m[SettingsContext] Setting up Settings subscription for user: mock-user-sub
[90mstdout[2m | src/components/Workbook/WorkbookInviteShare.stories.tsx[2m > [22m[2mConnected
[22m[39m[Mock Data] Settings created: mock-settings-1790416396221 - notified 0 subscribers
[90mstdout[2m | src/components/Workbook/WorkbookInviteShare.stories.tsx[2m > [22m[2mConnected
[22m[39m[Mock Data] Unit.onUpdate() subscription added. Total: 1
[90mstdout[2m | src/components/Workbook/WorkbookInviteShare.stories.tsx[2m > [22m[2mConnected
[22m[39m[SectionContext] Section observeQuery update: 0
[90mstdout[2m | src/components/Workbook/WorkbookInviteShare.stories.tsx[2m > [22m[2mConnected
[22m[39m[FilesContext] File observeQuery update: 6 files
[90mstdout[2m | src/components/Workbook/WorkbookInviteShare.stories.tsx[2m > [22m[2mConnected
[22m[39m[ChatContext] AssistantChat initialized with 1 chats
[90mstdout[2m | src/components/Workbook/WorkbookInviteShare.stories.tsx[2m > [22m[2mConnected
[22m[39m[ChatContext] Setting initial chat: mock-assistant-chat-1
[90mstdout[2m | src/components/Workbook/WorkbookInviteShare.stories.tsx[2m > [22m[2mConnected
[22m[39m[MOCK CourseVectorStore] Initialized with mock data
[90mstdout[2m | src/components/Workbook/WorkbookInviteShare.stories.tsx[2m > [22m[2mConnected
[22m[39m[FilesContext] Vector store population triggered {
  "currentVectorStoreSize": 3,
  "documentsCount": 0,
  "filesCount": 6,
  "isInitialLoad": true,
}
[90mstdout[2m | src/components/Workbook/WorkbookInviteShare.stories.tsx[2m > [22m[2mConnected
[22m[39m[FilesContext] Vector store population complete - 3 total embeddings
[90mstdout[2m | src/components/Workbook/WorkbookInviteShare.stories.tsx[2m > [22m[2mConnected
[22m[39m[ChatContext] Chat exists and not archived, skipping creation
[90mstdout[2m | src/components/Workbook/WorkbookInviteShare.stories.tsx[2m > [22m[2mConnected
[22m[39m[Mock Storage] downloadData called with: undefined
[90mstdout[2m | src/components/Workbook/WorkbookInviteShare.stories.tsx[2m > [22m[2mDisconnected
[22m[39m[ChatContext] Cleaning up subscriptions
[90mstdout[2m | src/components/Workbook/WorkbookInviteShare.stories.tsx[2m > [22m[2mDisconnected
[22m[39m[Mock Data] Unit.onUpdate() subscription removed. Remaining: 0
[90mstdout[2m | src/components/Workbook/WorkbookInviteShare.stories.tsx[2m > [22m[2mDisconnected
[22m[39m[MOCK CourseVectorStore] Initialized with mock data
[90mstdout[2m | src/components/Workbook/WorkbookInviteShare.stories.tsx[2m > [22m[2mDisconnected
[22m[39m[TranslationModeController] Setting mode to: off
[90mstdout[2m | src/components/Workbook/WorkbookInviteShare.stories.tsx[2m > [22m[2mDisconnected
[22m[39m[UnitContext] useEffect triggered {
  "authLoading": false,
  "hasUser": true,
  "id": "mock-unit-id",
  "userSub": "mock-user-sub",
}
[90mstdout[2m | src/components/Workbook/WorkbookInviteShare.stories.tsx[2m > [22m[2mDisconnected
[22m[39m[UnitContext] Fetching unit data for id: mock-unit-id
[90mstdout[2m | src/components/Workbook/WorkbookInviteShare.stories.tsx[2m > [22m[2mDisconnected
[22m[39m[FilesContext] Initializing vector store from IndexedDB
[90mstdout[2m | src/components/Workbook/WorkbookInviteShare.stories.tsx[2m > [22m[2mDisconnected
[22m[39m[FilesContext] fetchFiles called
[90mstdout[2m | src/components/Workbook/WorkbookInviteShare.stories.tsx[2m > [22m[2mDisconnected
[22m[39m[FilesContext] User authenticated: mock-user-sub
[90mstdout[2m | src/components/Workbook/WorkbookInviteShare.stories.tsx[2m > [22m[2mDisconnected
[22m[39m[FilesContext] Identity ID: us-east-1:mock-identity-123
[90mstdout[2m | src/components/Workbook/WorkbookInviteShare.stories.tsx[2m > [22m[2mDisconnected
[22m[39m[FilesContext] About to set up File observeQuery
[90mstdout[2m | src/components/Workbook/WorkbookInviteShare.stories.tsx[2m > [22m[2mDisconnected
[22m[39m[ChatContext] Setting up AssistantChat observeQuery
[90mstdout[2m | src/components/Workbook/WorkbookInviteShare.stories.tsx[2m > [22m[2mDisconnected
[22m[39m[ChatContext] Waiting for subscription to initialize
[90mstdout[2m | src/components/Workbook/WorkbookInviteShare.stories.tsx[2m > [22m[2mDisconnected
[22m[39m[SettingsContext] Setting up Settings subscription for user: mock-user-sub
[90mstdout[2m | src/components/Workbook/WorkbookInviteShare.stories.tsx[2m > [22m[2mDisconnected
[22m[39m[Mock Data] Settings created: mock-settings-1790416396350 - notified 0 subscribers
[90mstdout[2m | src/components/Workbook/WorkbookInviteShare.stories.tsx[2m > [22m[2mDisconnected
[22m[39m[Mock Data] Unit.onUpdate() subscription added. Total: 1
[90mstdout[2m | src/components/Workbook/WorkbookInviteShare.stories.tsx[2m > [22m[2mDisconnected
[22m[39m[SectionContext] Section observeQuery update: 0
[90mstdout[2m | src/components/Workbook/WorkbookInviteShare.stories.tsx[2m > [22m[2mDisconnected
[22m[39m[FilesContext] File observeQuery update: 6 files
[90mstdout[2m | src/components/Workbook/WorkbookInviteShare.stories.tsx[2m > [22m[2mDisconnected
[22m[39m[ChatContext] AssistantChat initialized with 1 chats
[90mstdout[2m | src/components/Workbook/WorkbookInviteShare.stories.tsx[2m > [22m[2mDisconnected
[22m[39m[ChatContext] Setting initial chat: mock-assistant-chat-1
[90mstdout[2m | src/components/Workbook/WorkbookInviteShare.stories.tsx[2m > [22m[2mDisconnected
[22m[39m[MOCK CourseVectorStore] Initialized with mock data
[90mstdout[2m | src/components/Workbook/WorkbookInviteShare.stories.tsx[2m > [22m[2mDisconnected
[22m[39m[FilesContext] Vector store population triggered {
  "currentVectorStoreSize": 3,
  "documentsCount": 0,
  "filesCount": 6,
  "isInitialLoad": true,
}
[90mstdout[2m | src/components/Workbook/WorkbookInviteShare.stories.tsx[2m > [22m[2mDisconnected
[22m[39m[FilesContext] Vector store population complete - 3 total embeddings
[90mstdout[2m | src/components/Workbook/WorkbookInviteShare.stories.tsx[2m > [22m[2mDisconnected
[22m[39m[ChatContext] Chat exists and not archived, skipping creation
[90mstdout[2m | src/components/Workbook/WorkbookInviteShare.stories.tsx[2m > [22m[2mDisconnected
[22m[39m[Mock Storage] downloadData called with: undefined
[90mstdout[2m | src/components/Workbook/WorkbookInviteShare.stories.tsx[2m > [22m[2mNo Participants
[22m[39m[ChatContext] Cleaning up subscriptions
[90mstdout[2m | src/components/Workbook/WorkbookInviteShare.stories.tsx[2m > [22m[2mNo Participants
[22m[39m[Mock Data] Unit.onUpdate() subscription removed. Remaining: 0
[90mstdout[2m | src/components/Workbook/WorkbookInviteShare.stories.tsx[2m > [22m[2mNo Participants
[22m[39m[MOCK CourseVectorStore] Initialized with mock data
[90mstdout[2m | src/components/Workbook/WorkbookInviteShare.stories.tsx[2m > [22m[2mNo Participants
[22m[39m[TranslationModeController] Setting mode to: off
[90mstdout[2m | src/components/Workbook/WorkbookInviteShare.stories.tsx[2m > [22m[2mNo Participants
[22m[39m[UnitContext] useEffect triggered {
  "authLoading": false,
  "hasUser": true,
  "id": "mock-unit-id",
  "userSub": "mock-user-sub",
}
[90mstdout[2m | src/components/Workbook/WorkbookInviteShare.stories.tsx[2m > [22m[2mNo Participants
[22m[39m[UnitContext] Fetching unit data for id: mock-unit-id
[90mstdout[2m | src/components/Workbook/WorkbookInviteShare.stories.tsx[2m > [22m[2mNo Participants
[22m[39m[FilesContext] Initializing vector store from IndexedDB
[90mstdout[2m | src/components/Workbook/WorkbookInviteShare.stories.tsx[2m > [22m[2mNo Participants
[22m[39m[FilesContext] fetchFiles called
[90mstdout[2m | src/components/Workbook/WorkbookInviteShare.stories.tsx[2m > [22m[2mNo Participants
[22m[39m[FilesContext] User authenticated: mock-user-sub
[90mstdout[2m | src/components/Workbook/WorkbookInviteShare.stories.tsx[2m > [22m[2mNo Participants
[22m[39m[FilesContext] Identity ID: us-east-1:mock-identity-123
[90mstdout[2m | src/components/Workbook/WorkbookInviteShare.stories.tsx[2m > [22m[2mNo Participants
[22m[39m[FilesContext] About to set up File observeQuery
[90mstdout[2m | src/components/Workbook/WorkbookInviteShare.stories.tsx[2m > [22m[2mNo Participants
[22m[39m[ChatContext] Setting up AssistantChat observeQuery
[90mstdout[2m | src/components/Workbook/WorkbookInviteShare.stories.tsx[2m > [22m[2mNo Participants
[22m[39m[ChatContext] Waiting for subscription to initialize
[90mstdout[2m | src/components/Workbook/WorkbookInviteShare.stories.tsx[2m > [22m[2mNo Participants
[22m[39m[SettingsContext] Setting up Settings subscription for user: mock-user-sub
[90mstdout[2m | src/components/Workbook/WorkbookInviteShare.stories.tsx[2m > [22m[2mNo Participants
[22m[39m[Mock Data] Settings created: mock-settings-1790416396430 - notified 0 subscribers
[90mstdout[2m | src/components/Workbook/WorkbookInviteShare.stories.tsx[2m > [22m[2mNo Participants
[22m[39m[Mock Data] Unit.onUpdate() subscription added. Total: 1
[90mstdout[2m | src/components/Workbook/WorkbookInviteShare.stories.tsx[2m > [22m[2mNo Participants
[22m[39m[SectionContext] Section observeQuery update: 0
[90mstdout[2m | src/components/Workbook/WorkbookInviteShare.stories.tsx[2m > [22m[2mNo Participants
[22m[39m[FilesContext] File observeQuery update: 6 files
[90mstdout[2m | src/components/Workbook/WorkbookInviteShare.stories.tsx[2m > [22m[2mNo Participants
[22m[39m[ChatContext] AssistantChat initialized with 1 chats
[90mstdout[2m | src/components/Workbook/WorkbookInviteShare.stories.tsx[2m > [22m[2mNo Participants
[22m[39m[ChatContext] Setting initial chat: mock-assistant-chat-1
[90mstdout[2m | src/components/Workbook/WorkbookInviteShare.stories.tsx[2m > [22m[2mNo Participants
[22m[39m[MOCK CourseVectorStore] Initialized with mock data
[90mstdout[2m | src/components/Workbook/WorkbookInviteShare.stories.tsx[2m > [22m[2mNo Participants
[22m[39m[FilesContext] Vector store population triggered {
  "currentVectorStoreSize": 3,
  "documentsCount": 0,
  "filesCount": 6,
  "isInitialLoad": true,
}
[90mstdout[2m | src/components/Workbook/WorkbookInviteShare.stories.tsx[2m > [22m[2mNo Participants
[22m[39m[FilesContext] Vector store population complete - 3 total embeddings
[90mstdout[2m | src/components/Workbook/WorkbookInviteShare.stories.tsx[2m > [22m[2mNo Participants
[22m[39m[ChatContext] Chat exists and not archived, skipping creation
[90mstdout[2m | src/components/Workbook/WorkbookInviteShare.stories.tsx[2m > [22m[2mNo Participants
[22m[39m[Mock Storage] downloadData called with: undefined
[90mstdout[2m | src/components/Workbook/WorkbookInviteShare.stories.tsx[2m > [22m[2mMany Participants
[22m[39m[ChatContext] Cleaning up subscriptions
[90mstdout[2m | src/components/Workbook/WorkbookInviteShare.stories.tsx[2m > [22m[2mMany Participants
[22m[39m[Mock Data] Unit.onUpdate() subscription removed. Remaining: 0
[90mstdout[2m | src/components/Workbook/WorkbookInviteShare.stories.tsx[2m > [22m[2mMany Participants
[22m[39m[MOCK CourseVectorStore] Initialized with mock data
[90mstdout[2m | src/components/Workbook/WorkbookInviteShare.stories.tsx[2m > [22m[2mMany Participants
[22m[39m[TranslationModeController] Setting mode to: off
[90mstdout[2m | src/components/Workbook/WorkbookInviteShare.stories.tsx[2m > [22m[2mMany Participants
[22m[39m[UnitContext] useEffect triggered {
  "authLoading": false,
  "hasUser": true,
  "id": "mock-unit-id",
  "userSub": "mock-user-sub",
}
[90mstdout[2m | src/components/Workbook/WorkbookInviteShare.stories.tsx[2m > [22m[2mMany Participants
[22m[39m[UnitContext] Fetching unit data for id: mock-unit-id
[90mstdout[2m | src/components/Workbook/WorkbookInviteShare.stories.tsx[2m > [22m[2mMany Participants
[22m[39m[FilesContext] Initializing vector store from IndexedDB
[90mstdout[2m | src/components/Workbook/WorkbookInviteShare.stories.tsx[2m > [22m[2mMany Participants
[22m[39m[FilesContext] fetchFiles called
[90mstdout[2m | src/components/Workbook/WorkbookInviteShare.stories.tsx[2m > [22m[2mMany Participants
[22m[39m[FilesContext] User authenticated: mock-user-sub
[90mstdout[2m | src/components/Workbook/WorkbookInviteShare.stories.tsx[2m > [22m[2mMany Participants
[22m[39m[FilesContext] Identity ID: us-east-1:mock-identity-123
[90mstdout[2m | src/components/Workbook/WorkbookInviteShare.stories.tsx[2m > [22m[2mMany Participants
[22m[39m[FilesContext] About to set up File observeQuery
[90mstdout[2m | src/components/Workbook/WorkbookInviteShare.stories.tsx[2m > [22m[2mMany Participants
[22m[39m[ChatContext] Setting up AssistantChat observeQuery
[90mstdout[2m | src/components/Workbook/WorkbookInviteShare.stories.tsx[2m > [22m[2mMany Participants
[22m[39m[ChatContext] Waiting for subscription to initialize
[90mstdout[2m | src/components/Workbook/WorkbookInviteShare.stories.tsx[2m > [22m[2mMany Participants
[22m[39m[SettingsContext] Setting up Settings subscription for user: mock-user-sub
[90mstdout[2m | src/components/Workbook/WorkbookInviteShare.stories.tsx[2m > [22m[2mMany Participants
[22m[39m[Mock Data] Settings created: mock-settings-1790416396514 - notified 0 subscribers
[90mstdout[2m | src/components/Workbook/WorkbookInviteShare.stories.tsx[2m > [22m[2mMany Participants
[22m[39m[Mock Data] Unit.onUpdate() subscription added. Total: 1
[90mstdout[2m | src/components/Workbook/WorkbookInviteShare.stories.tsx[2m > [22m[2mMany Participants
[22m[39m[SectionContext] Section observeQuery update: 0
[90mstdout[2m | src/components/Workbook/WorkbookInviteShare.stories.tsx[2m > [22m[2mMany Participants
[22m[39m[FilesContext] File observeQuery update: 6 files
[90mstdout[2m | src/components/Workbook/WorkbookInviteShare.stories.tsx[2m > [22m[2mMany Participants
[22m[39m[ChatContext] AssistantChat initialized with 1 chats
[90mstdout[2m | src/components/Workbook/WorkbookInviteShare.stories.tsx[2m > [22m[2mMany Participants
[22m[39m[ChatContext] Setting initial chat: mock-assistant-chat-1
[90mstdout[2m | src/components/Workbook/WorkbookInviteShare.stories.tsx[2m > [22m[2mMany Participants
[22m[39m[MOCK CourseVectorStore] Initialized with mock data
[90mstdout[2m | src/components/Workbook/WorkbookInviteShare.stories.tsx[2m > [22m[2mMany Participants
[22m[39m[FilesContext] Vector store population triggered {
  "currentVectorStoreSize": 3,
  "documentsCount": 0,
  "filesCount": 6,
  "isInitialLoad": true,
}
[90mstdout[2m | src/components/Workbook/WorkbookInviteShare.stories.tsx[2m > [22m[2mMany Participants
[22m[39m[FilesContext] Vector store population complete - 3 total embeddings
[90mstdout[2m | src/components/Workbook/WorkbookInviteShare.stories.tsx[2m > [22m[2mMany Participants
[22m[39m[ChatContext] Chat exists and not archived, skipping creation
[90mstdout[2m | src/components/Workbook/WorkbookInviteShare.stories.tsx[2m > [22m[2mMany Participants
[22m[39m[Mock Storage] downloadData called with: undefined
[90mstdout[2m | src/components/Workbook/WorkbookInviteShare.stories.tsx[2m > [22m[2mCopy Error
[22m[39m[ChatContext] Cleaning up subscriptions
[90mstdout[2m | src/components/Workbook/WorkbookInviteShare.stories.tsx[2m > [22m[2mCopy Error
[22m[39m[Mock Data] Unit.onUpdate() subscription removed. Remaining: 0
[90mstdout[2m | src/components/Workbook/WorkbookInviteShare.stories.tsx[2m > [22m[2mCopy Error
[22m[39m[MOCK CourseVectorStore] Initialized with mock data
[90mstdout[2m | src/components/Workbook/WorkbookInviteShare.stories.tsx[2m > [22m[2mCopy Error
[22m[39m[TranslationModeController] Setting mode to: off
[90mstdout[2m | src/components/Workbook/WorkbookInviteShare.stories.tsx[2m > [22m[2mCopy Error
[22m[39m[UnitContext] useEffect triggered {
  "authLoading": false,
  "hasUser": true,
  "id": "mock-unit-id",
  "userSub": "mock-user-sub",
}
[90mstdout[2m | src/components/Workbook/WorkbookInviteShare.stories.tsx[2m > [22m[2mCopy Error
[22m[39m[UnitContext] Fetching unit data for id: mock-unit-id
[90mstdout[2m | src/components/Workbook/WorkbookInviteShare.stories.tsx[2m > [22m[2mCopy Error
[22m[39m[FilesContext] Initializing vector store from IndexedDB
[90mstdout[2m | src/components/Workbook/WorkbookInviteShare.stories.tsx[2m > [22m[2mCopy Error
[22m[39m[FilesContext] fetchFiles called
[90mstdout[2m | src/components/Workbook/WorkbookInviteShare.stories.tsx[2m > [22m[2mCopy Error
[22m[39m[FilesContext] User authenticated: mock-user-sub
[90mstdout[2m | src/components/Workbook/WorkbookInviteShare.stories.tsx[2m > [22m[2mCopy Error
[22m[39m[FilesContext] Identity ID: us-east-1:mock-identity-123
[90mstdout[2m | src/components/Workbook/WorkbookInviteShare.stories.tsx[2m > [22m[2mCopy Error
[22m[39m[FilesContext] About to set up File observeQuery
[90mstdout[2m | src/components/Workbook/WorkbookInviteShare.stories.tsx[2m > [22m[2mCopy Error
[22m[39m[ChatContext] Setting up AssistantChat observeQuery
[90mstdout[2m | src/components/Workbook/WorkbookInviteShare.stories.tsx[2m > [22m[2mCopy Error
[22m[39m[ChatContext] Waiting for subscription to initialize
[90mstdout[2m | src/components/Workbook/WorkbookInviteShare.stories.tsx[2m > [22m[2mCopy Error
[22m[39m[SettingsContext] Setting up Settings subscription for user: mock-user-sub
[90mstdout[2m | src/components/Workbook/WorkbookInviteShare.stories.tsx[2m > [22m[2mCopy Error
[22m[39m[Mock Data] Settings created: mock-settings-1790416396595 - notified 0 subscribers
[90mstdout[2m | src/components/Workbook/WorkbookInviteShare.stories.tsx[2m > [22m[2mCopy Error
[22m[39m[Mock Data] Unit.onUpdate() subscription added. Total: 1
[90mstdout[2m | src/components/Workbook/WorkbookInviteShare.stories.tsx[2m > [22m[2mCopy Error
[22m[39m[SectionContext] Section observeQuery update: 0
[90mstdout[2m | src/components/Workbook/WorkbookInviteShare.stories.tsx[2m > [22m[2mCopy Error
[22m[39m[FilesContext] File observeQuery update: 6 files
[90mstdout[2m | src/components/Workbook/WorkbookInviteShare.stories.tsx[2m > [22m[2mCopy Error
[22m[39m[ChatContext] AssistantChat initialized with 1 chats
[90mstdout[2m | src/components/Workbook/WorkbookInviteShare.stories.tsx[2m > [22m[2mCopy Error
[22m[39m[ChatContext] Setting initial chat: mock-assistant-chat-1
[90mstdout[2m | src/components/Workbook/WorkbookInviteShare.stories.tsx[2m > [22m[2mCopy Error
[22m[39m[MOCK CourseVectorStore] Initialized with mock data
[90mstdout[2m | src/components/Workbook/WorkbookInviteShare.stories.tsx[2m > [22m[2mCopy Error
[22m[39m[FilesContext] Vector store population triggered {
  "currentVectorStoreSize": 3,
  "documentsCount": 0,
  "filesCount": 6,
  "isInitialLoad": true,
}
[90mstdout[2m | src/components/Workbook/WorkbookInviteShare.stories.tsx[2m > [22m[2mCopy Error
[22m[39m[FilesContext] Vector store population complete - 3 total embeddings
[90mstdout[2m | src/components/Workbook/WorkbookInviteShare.stories.tsx[2m > [22m[2mCopy Error
[22m[39m[ChatContext] Chat exists and not archived, skipping creation
[90mstdout[2m | src/components/Workbook/WorkbookInviteShare.stories.tsx[2m > [22m[2mCopy Error
[22m[39m[Mock Storage] downloadData called with: undefined
 [32m✓[39m [30m[45m storybook (chromium) [49m[39m src/components/Workbook/WorkbookInviteShare.stories.tsx [2m([22m[2m5 tests[22m[2m)[22m[33m 471[2mms[22m[39m
[90mstdout[2m | unknown test
[22m[39m[MOCK vectorStoreDB.js] Module loaded - mock IndexedDB operations
[90mstdout[2m | unknown test
[22m[39m[Task Completion] DOM action listeners initialized
[90mstdout[2m | unknown test
[22m[39m[Task Completion] Auto-completion detector initialized
[90mstdout[2m | unknown test
[22m[39m[Preview] Task completion detector initialized
[90mstdout[2m | src/components/NotificationCard.stories.tsx[2m > [22m[2mUnseen
[22m[39m[TranslationModeController] Setting mode to: off
[90mstdout[2m | src/components/NotificationCard.stories.tsx[2m > [22m[2mSeen
[22m[39m[TranslationModeController] Setting mode to: off
[90mstdout[2m | src/components/NotificationCard.stories.tsx[2m > [22m[2mInteracted
[22m[39m[TranslationModeController] Setting mode to: off
[90mstdout[2m | src/components/NotificationCard.stories.tsx[2m > [22m[2mAssignment Category
[22m[39m[TranslationModeController] Setting mode to: off
[90mstdout[2m | src/components/NotificationCard.stories.tsx[2m > [22m[2mCollaboration Category
[22m[39m[TranslationModeController] Setting mode to: off
[90mstdout[2m | src/components/NotificationCard.stories.tsx[2m > [22m[2mSquad Category
[22m[39m[TranslationModeController] Setting mode to: off
[90mstdout[2m | src/components/NotificationCard.stories.tsx[2m > [22m[2mSystem Category
[22m[39m[TranslationModeController] Setting mode to: off
[90mstdout[2m | src/components/NotificationCard.stories.tsx[2m > [22m[2mTitle Only (no body)
[22m[39m[TranslationModeController] Setting mode to: off
[90mstdout[2m | src/components/NotificationCard.stories.tsx[2m > [22m[2mAll Categories (stacked)
[22m[39m[TranslationModeController] Setting mode to: off
 [32m✓[39m [30m[45m storybook (chromium) [49m[39m src/components/NotificationCard.stories.tsx [2m([22m[2m9 tests[22m[2m)[22m[33m 1300[2mms[22m[39m
[90mstdout[2m | unknown test
[22m[39m[MOCK vectorStoreDB.js] Module loaded - mock IndexedDB operations
[90mstdout[2m | unknown test
[22m[39m[Task Completion] DOM action listeners initialized
[90mstdout[2m | unknown test
[22m[39m[Task Completion] Auto-completion detector initialized
[90mstdout[2m | unknown test
[22m[39m[Preview] Task completion detector initialized
[90mstdout[2m | src/components/SortableAnswers.stories.jsx[2m > [22m[2mDefault
[22m[39m[MOCK CourseVectorStore] Initialized with mock data
[90mstdout[2m | src/components/SortableAnswers.stories.jsx[2m > [22m[2mDefault
[22m[39manswers [
  {
    "answer": "Paris",
    "correct": true,
  },
  {
    "answer": "London",
    "correct": false,
  },
  {
    "answer": "Berlin",
    "correct": false,
  },
  {
    "answer": "Madrid",
    "correct": false,
  },
]
[90mstdout[2m | src/components/SortableAnswers.stories.jsx[2m > [22m[2mDefault
[22m[39mAnswer {
  "answer": "Paris",
  "correct": true,
}
[90mstdout[2m | src/components/SortableAnswers.stories.jsx[2m > [22m[2mDefault
[22m[39mAnswer {
  "answer": "London",
  "correct": false,
}
[90mstdout[2m | src/components/SortableAnswers.stories.jsx[2m > [22m[2mDefault
[22m[39mAnswer {
  "answer": "Berlin",
  "correct": false,
}
[90mstdout[2m | src/components/SortableAnswers.stories.jsx[2m > [22m[2mDefault
[22m[39mAnswer {
  "answer": "Madrid",
  "correct": false,
}
[90mstdout[2m | src/components/SortableAnswers.stories.jsx[2m > [22m[2mDefault
[22m[39m[TranslationModeController] Setting mode to: off
[90mstdout[2m | src/components/SortableAnswers.stories.jsx[2m > [22m[2mDefault
[22m[39m[UnitContext] useEffect triggered {
  "authLoading": false,
  "hasUser": true,
  "id": "mock-unit-id",
  "userSub": "mock-user-sub",
}
[90mstdout[2m | src/components/SortableAnswers.stories.jsx[2m > [22m[2mDefault
[22m[39m[UnitContext] Fetching unit data for id: mock-unit-id
[90mstdout[2m | src/components/SortableAnswers.stories.jsx[2m > [22m[2mDefault
[22m[39m[FilesContext] Initializing vector store from IndexedDB
[90mstdout[2m | src/components/SortableAnswers.stories.jsx[2m > [22m[2mDefault
[22m[39m[FilesContext] fetchFiles called
[90mstdout[2m | src/components/SortableAnswers.stories.jsx[2m > [22m[2mDefault
[22m[39m[FilesContext] User authenticated: mock-user-sub
[90mstdout[2m | src/components/SortableAnswers.stories.jsx[2m > [22m[2mDefault
[22m[39m[FilesContext] Identity ID: us-east-1:mock-identity-123
[90mstdout[2m | src/components/SortableAnswers.stories.jsx[2m > [22m[2mDefault
[22m[39m[FilesContext] About to set up File observeQuery
[90mstdout[2m | src/components/SortableAnswers.stories.jsx[2m > [22m[2mDefault
[22m[39m[ChatContext] Setting up AssistantChat observeQuery
[90mstdout[2m | src/components/SortableAnswers.stories.jsx[2m > [22m[2mDefault
[22m[39m[ChatContext] Waiting for subscription to initialize
[90mstdout[2m | src/components/SortableAnswers.stories.jsx[2m > [22m[2mDefault
[22m[39m[SettingsContext] Setting up Settings subscription for user: mock-user-sub
[90mstdout[2m | src/components/SortableAnswers.stories.jsx[2m > [22m[2mDefault
[22m[39mAnswer {
  "answer": "Paris",
  "correct": true,
}
[90mstdout[2m | src/components/SortableAnswers.stories.jsx[2m > [22m[2mDefault
[22m[39mAnswer {
  "answer": "London",
  "correct": false,
}
[90mstdout[2m | src/components/SortableAnswers.stories.jsx[2m > [22m[2mDefault
[22m[39mAnswer {
  "answer": "Berlin",
  "correct": false,
}
[90mstdout[2m | src/components/SortableAnswers.stories.jsx[2m > [22m[2mDefault
[22m[39mAnswer {
  "answer": "Madrid",
  "correct": false,
}
[90mstdout[2m | src/components/SortableAnswers.stories.jsx[2m > [22m[2mDefault
[22m[39m[Mock Data] Settings created: mock-settings-1790416399396 - notified 0 subscribers
[90mstdout[2m | src/components/SortableAnswers.stories.jsx[2m > [22m[2mDefault
[22m[39m[Mock Data] Unit.onUpdate() subscription added. Total: 1
[90mstdout[2m | src/components/SortableAnswers.stories.jsx[2m > [22m[2mDefault
[22m[39m[SectionContext] Section observeQuery update: 0
[90mstdout[2m | src/components/SortableAnswers.stories.jsx[2m > [22m[2mDefault
[22m[39m[FilesContext] File observeQuery update: 6 files
[90mstdout[2m | src/components/SortableAnswers.stories.jsx[2m > [22m[2mDefault
[22m[39m[ChatContext] AssistantChat initialized with 1 chats
[90mstdout[2m | src/components/SortableAnswers.stories.jsx[2m > [22m[2mDefault
[22m[39m[ChatContext] Setting initial chat: mock-assistant-chat-1
[90mstdout[2m | src/components/SortableAnswers.stories.jsx[2m > [22m[2mDefault
[22m[39m[MOCK CourseVectorStore] Initialized with mock data
[90mstdout[2m | src/components/SortableAnswers.stories.jsx[2m > [22m[2mDefault
[22m[39m[FilesContext] Vector store population triggered {
  "currentVectorStoreSize": 3,
  "documentsCount": 0,
  "filesCount": 6,
  "isInitialLoad": true,
}
[90mstdout[2m | src/components/SortableAnswers.stories.jsx[2m > [22m[2mDefault
[22m[39m[FilesContext] Vector store population complete - 3 total embeddings
[90mstdout[2m | src/components/SortableAnswers.stories.jsx[2m > [22m[2mDefault
[22m[39m[ChatContext] Chat exists and not archived, skipping creation
[90mstdout[2m | src/components/SortableAnswers.stories.jsx[2m > [22m[2mDefault
[22m[39m[Mock Storage] downloadData called with: undefined
[90mstdout[2m | src/components/SortableAnswers.stories.jsx[2m > [22m[2mSingle Answer
[22m[39m[ChatContext] Cleaning up subscriptions
[90mstdout[2m | src/components/SortableAnswers.stories.jsx[2m > [22m[2mSingle Answer
[22m[39m[Mock Data] Unit.onUpdate() subscription removed. Remaining: 0
[90mstdout[2m | src/components/SortableAnswers.stories.jsx[2m > [22m[2mSingle Answer
[22m[39m[MOCK CourseVectorStore] Initialized with mock data
[90mstdout[2m | src/components/SortableAnswers.stories.jsx[2m > [22m[2mSingle Answer
[22m[39manswers [
  {
    "answer": "Single answer",
    "correct": true,
  },
]
[90mstdout[2m | src/components/SortableAnswers.stories.jsx[2m > [22m[2mSingle Answer
[22m[39mAnswer {
  "answer": "Single answer",
  "correct": true,
}
[90mstdout[2m | src/components/SortableAnswers.stories.jsx[2m > [22m[2mSingle Answer
[22m[39m[TranslationModeController] Setting mode to: off
[90mstdout[2m | src/components/SortableAnswers.stories.jsx[2m > [22m[2mSingle Answer
[22m[39m[UnitContext] useEffect triggered {
  "authLoading": false,
  "hasUser": true,
  "id": "mock-unit-id",
  "userSub": "mock-user-sub",
}
[90mstdout[2m | src/components/SortableAnswers.stories.jsx[2m > [22m[2mSingle Answer
[22m[39m[UnitContext] Fetching unit data for id: mock-unit-id
[90mstdout[2m | src/components/SortableAnswers.stories.jsx[2m > [22m[2mSingle Answer
[22m[39m[FilesContext] Initializing vector store from IndexedDB
[90mstdout[2m | src/components/SortableAnswers.stories.jsx[2m > [22m[2mSingle Answer
[22m[39m[FilesContext] fetchFiles called
[90mstdout[2m | src/components/SortableAnswers.stories.jsx[2m > [22m[2mSingle Answer
[22m[39m[FilesContext] User authenticated: mock-user-sub
[90mstdout[2m | src/components/SortableAnswers.stories.jsx[2m > [22m[2mSingle Answer
[22m[39m[FilesContext] Identity ID: us-east-1:mock-identity-123
[90mstdout[2m | src/components/SortableAnswers.stories.jsx[2m > [22m[2mSingle Answer
[22m[39m[FilesContext] About to set up File observeQuery
[90mstdout[2m | src/components/SortableAnswers.stories.jsx[2m > [22m[2mSingle Answer
[22m[39m[ChatContext] Setting up AssistantChat observeQuery
[90mstdout[2m | src/components/SortableAnswers.stories.jsx[2m > [22m[2mSingle Answer
[22m[39m[ChatContext] Waiting for subscription to initialize
[90mstdout[2m | src/components/SortableAnswers.stories.jsx[2m > [22m[2mSingle Answer
[22m[39m[SettingsContext] Setting up Settings subscription for user: mock-user-sub
[90mstdout[2m | src/components/SortableAnswers.stories.jsx[2m > [22m[2mSingle Answer
[22m[39mAnswer {
  "answer": "Single answer",
  "correct": true,
}
[90mstdout[2m | src/components/SortableAnswers.stories.jsx[2m > [22m[2mSingle Answer
[22m[39m[Mock Data] Settings created: mock-settings-1790416399749 - notified 0 subscribers
[90mstdout[2m | src/components/SortableAnswers.stories.jsx[2m > [22m[2mSingle Answer
[22m[39m[Mock Data] Unit.onUpdate() subscription added. Total: 1
[90mstdout[2m | src/components/SortableAnswers.stories.jsx[2m > [22m[2mSingle Answer
[22m[39m[SectionContext] Section observeQuery update: 0
[90mstdout[2m | src/components/SortableAnswers.stories.jsx[2m > [22m[2mSingle Answer
[22m[39m[FilesContext] File observeQuery update: 6 files
[90mstdout[2m | src/components/SortableAnswers.stories.jsx[2m > [22m[2mSingle Answer
[22m[39m[ChatContext] AssistantChat initialized with 1 chats
[90mstdout[2m | src/components/SortableAnswers.stories.jsx[2m > [22m[2mSingle Answer
[22m[39m[ChatContext] Setting initial chat: mock-assistant-chat-1
[90mstdout[2m | src/components/SortableAnswers.stories.jsx[2m > [22m[2mSingle Answer
[22m[39m[MOCK CourseVectorStore] Initialized with mock data
[90mstdout[2m | src/components/SortableAnswers.stories.jsx[2m > [22m[2mSingle Answer
[22m[39m[FilesContext] Vector store population triggered {
  "currentVectorStoreSize": 3,
  "documentsCount": 0,
  "filesCount": 6,
  "isInitialLoad": true,
}
[90mstdout[2m | src/components/SortableAnswers.stories.jsx[2m > [22m[2mSingle Answer
[22m[39m[FilesContext] Vector store population complete - 3 total embeddings
[90mstdout[2m | src/components/SortableAnswers.stories.jsx[2m > [22m[2mSingle Answer
[22m[39m[ChatContext] Chat exists and not archived, skipping creation
[90mstdout[2m | src/components/SortableAnswers.stories.jsx[2m > [22m[2mSingle Answer
[22m[39m[Mock Storage] downloadData called with: undefined
[90mstdout[2m | src/components/SortableAnswers.stories.jsx[2m > [22m[2mMany Answers
[22m[39m[ChatContext] Cleaning up subscriptions
[90mstdout[2m | src/components/SortableAnswers.stories.jsx[2m > [22m[2mMany Answers
[22m[39m[Mock Data] Unit.onUpdate() subscription removed. Remaining: 0
[90mstdout[2m | src/components/SortableAnswers.stories.jsx[2m > [22m[2mMany Answers
[22m[39m[MOCK CourseVectorStore] Initialized with mock data
[90mstdout[2m | src/components/SortableAnswers.stories.jsx[2m > [22m[2mMany Answers
[22m[39manswers [
  {
    "answer": "Answer 1",
    "correct": false,
  },
  {
    "answer": "Answer 2",
    "correct": true,
  },
  {
    "answer": "Answer 3",
    "correct": false,
  },
  {
    "answer": "Answer 4",
    "correct": false,
  },
  {
    "answer": "Answer 5",
    "correct": false,
  },
  {
    "answer": "Answer 6",
    "correct": false,
  },
]
[90mstdout[2m | src/components/SortableAnswers.stories.jsx[2m > [22m[2mMany Answers
[22m[39mAnswer {
  "answer": "Answer 1",
  "correct": false,
}
[90mstdout[2m | src/components/SortableAnswers.stories.jsx[2m > [22m[2mMany Answers
[22m[39mAnswer {
  "answer": "Answer 2",
  "correct": true,
}
[90mstdout[2m | src/components/SortableAnswers.stories.jsx[2m > [22m[2mMany Answers
[22m[39mAnswer {
  "answer": "Answer 3",
  "correct": false,
}
[90mstdout[2m | src/components/SortableAnswers.stories.jsx[2m > [22m[2mMany Answers
[22m[39mAnswer {
  "answer": "Answer 4",
  "correct": false,
}
[90mstdout[2m | src/components/SortableAnswers.stories.jsx[2m > [22m[2mMany Answers
[22m[39mAnswer {
  "answer": "Answer 5",
  "correct": false,
}
[90mstdout[2m | src/components/SortableAnswers.stories.jsx[2m > [22m[2mMany Answers
[22m[39mAnswer {
  "answer": "Answer 6",
  "correct": false,
}
[90mstdout[2m | src/components/SortableAnswers.stories.jsx[2m > [22m[2mMany Answers
[22m[39m[TranslationModeController] Setting mode to: off
[90mstdout[2m | src/components/SortableAnswers.stories.jsx[2m > [22m[2mMany Answers
[22m[39m[UnitContext] useEffect triggered {
  "authLoading": false,
  "hasUser": true,
  "id": "mock-unit-id",
  "userSub": "mock-user-sub",
}
[90mstdout[2m | src/components/SortableAnswers.stories.jsx[2m > [22m[2mMany Answers
[22m[39m[UnitContext] Fetching unit data for id: mock-unit-id
[90mstdout[2m | src/components/SortableAnswers.stories.jsx[2m > [22m[2mMany Answers
[22m[39m[FilesContext] Initializing vector store from IndexedDB
[90mstdout[2m | src/components/SortableAnswers.stories.jsx[2m > [22m[2mMany Answers
[22m[39m[FilesContext] fetchFiles called
[90mstdout[2m | src/components/SortableAnswers.stories.jsx[2m > [22m[2mMany Answers
[22m[39m[FilesContext] User authenticated: mock-user-sub
[90mstdout[2m | src/components/SortableAnswers.stories.jsx[2m > [22m[2mMany Answers
[22m[39m[FilesContext] Identity ID: us-east-1:mock-identity-123
[90mstdout[2m | src/components/SortableAnswers.stories.jsx[2m > [22m[2mMany Answers
[22m[39m[FilesContext] About to set up File observeQuery
[90mstdout[2m | src/components/SortableAnswers.stories.jsx[2m > [22m[2mMany Answers
[22m[39m[ChatContext] Setting up AssistantChat observeQuery
[90mstdout[2m | src/components/SortableAnswers.stories.jsx[2m > [22m[2mMany Answers
[22m[39m[ChatContext] Waiting for subscription to initialize
[90mstdout[2m | src/components/SortableAnswers.stories.jsx[2m > [22m[2mMany Answers
[22m[39m[SettingsContext] Setting up Settings subscription for user: mock-user-sub
[90mstdout[2m | src/components/SortableAnswers.stories.jsx[2m > [22m[2mMany Answers
[22m[39mAnswer {
  "answer": "Answer 1",
  "correct": false,
}
[90mstdout[2m | src/components/SortableAnswers.stories.jsx[2m > [22m[2mMany Answers
[22m[39mAnswer {
  "answer": "Answer 2",
  "correct": true,
}
[90mstdout[2m | src/components/SortableAnswers.stories.jsx[2m > [22m[2mMany Answers
[22m[39mAnswer {
  "answer": "Answer 3",
  "correct": false,
}
[90mstdout[2m | src/components/SortableAnswers.stories.jsx[2m > [22m[2mMany Answers
[22m[39mAnswer {
  "answer": "Answer 4",
  "correct": false,
}
[90mstdout[2m | src/components/SortableAnswers.stories.jsx[2m > [22m[2mMany Answers
[22m[39mAnswer {
  "answer": "Answer 5",
  "correct": false,
}
[90mstdout[2m | src/components/SortableAnswers.stories.jsx[2m > [22m[2mMany Answers
[22m[39mAnswer {
  "answer": "Answer 6",
  "correct": false,
}
[90mstdout[2m | src/components/SortableAnswers.stories.jsx[2m > [22m[2mMany Answers
[22m[39m[Mock Data] Settings created: mock-settings-1790416399932 - notified 0 subscribers
[90mstdout[2m | src/components/SortableAnswers.stories.jsx[2m > [22m[2mMany Answers
[22m[39m[Mock Data] Unit.onUpdate() subscription added. Total: 1
[90mstdout[2m | src/components/SortableAnswers.stories.jsx[2m > [22m[2mMany Answers
[22m[39m[SectionContext] Section observeQuery update: 0
[90mstdout[2m | src/components/SortableAnswers.stories.jsx[2m > [22m[2mMany Answers
[22m[39m[FilesContext] File observeQuery update: 6 files
[90mstdout[2m | src/components/SortableAnswers.stories.jsx[2m > [22m[2mMany Answers
[22m[39m[ChatContext] AssistantChat initialized with 1 chats
[90mstdout[2m | src/components/SortableAnswers.stories.jsx[2m > [22m[2mMany Answers
[22m[39m[ChatContext] Setting initial chat: mock-assistant-chat-1
[90mstdout[2m | src/components/SortableAnswers.stories.jsx[2m > [22m[2mMany Answers
[22m[39m[MOCK CourseVectorStore] Initialized with mock data
[90mstdout[2m | src/components/SortableAnswers.stories.jsx[2m > [22m[2mMany Answers
[22m[39m[FilesContext] Vector store population triggered {
  "currentVectorStoreSize": 3,
  "documentsCount": 0,
  "filesCount": 6,
  "isInitialLoad": true,
}
[90mstdout[2m | src/components/SortableAnswers.stories.jsx[2m > [22m[2mMany Answers
[22m[39m[FilesContext] Vector store population complete - 3 total embeddings
[90mstdout[2m | src/components/SortableAnswers.stories.jsx[2m > [22m[2mMany Answers
[22m[39m[ChatContext] Chat exists and not archived, skipping creation
[90mstdout[2m | src/components/SortableAnswers.stories.jsx[2m > [22m[2mMany Answers
[22m[39m[Mock Storage] downloadData called with: undefined
 [32m✓[39m [30m[45m storybook (chromium) [49m[39m src/components/SortableAnswers.stories.jsx [2m([22m[2m3 tests[22m[2m)[22m[33m 806[2mms[22m[39m
   [33m[2m✓[22m[39m Default [33m 444[2mms[22m[39m
[90mstdout[2m | unknown test
[22m[39m[MOCK vectorStoreDB.js] Module loaded - mock IndexedDB operations
[90mstdout[2m | unknown test
[22m[39m[Task Completion] DOM action listeners initialized
[90mstdout[2m | unknown test
[22m[39m[Task Completion] Auto-completion detector initialized
[90mstdout[2m | unknown test
[22m[39m[Preview] Task completion detector initialized
[90mstdout[2m | src/components/GlobalSearchBar.stories.tsx[2m > [22m[2mDefault
[22m[39m[MOCK CourseVectorStore] Initialized with mock data
[90mstdout[2m | src/components/GlobalSearchBar.stories.tsx[2m > [22m[2mDefault
[22m[39m[TranslationModeController] Setting mode to: off
[90mstdout[2m | src/components/GlobalSearchBar.stories.tsx[2m > [22m[2mDefault
[22m[39m[UnitContext] useEffect triggered {
  "authLoading": false,
  "hasUser": true,
  "id": "mock-unit-id",
  "userSub": "mock-user-sub",
}
[90mstdout[2m | src/components/GlobalSearchBar.stories.tsx[2m > [22m[2mDefault
[22m[39m[UnitContext] Fetching unit data for id: mock-unit-id
[90mstdout[2m | src/components/GlobalSearchBar.stories.tsx[2m > [22m[2mDefault
[22m[39m[FilesContext] Initializing vector store from IndexedDB
[90mstdout[2m | src/components/GlobalSearchBar.stories.tsx[2m > [22m[2mDefault
[22m[39m[FilesContext] fetchFiles called
[90mstdout[2m | src/components/GlobalSearchBar.stories.tsx[2m > [22m[2mDefault
[22m[39m[FilesContext] User authenticated: mock-user-sub
[90mstdout[2m | src/components/GlobalSearchBar.stories.tsx[2m > [22m[2mDefault
[22m[39m[FilesContext] Identity ID: us-east-1:mock-identity-123
[90mstdout[2m | src/components/GlobalSearchBar.stories.tsx[2m > [22m[2mDefault
[22m[39m[FilesContext] About to set up File observeQuery
[90mstdout[2m | src/components/GlobalSearchBar.stories.tsx[2m > [22m[2mDefault
[22m[39m[ChatContext] Setting up AssistantChat observeQuery
[90mstdout[2m | src/components/GlobalSearchBar.stories.tsx[2m > [22m[2mDefault
[22m[39m[ChatContext] Waiting for subscription to initialize
[90mstdout[2m | src/components/GlobalSearchBar.stories.tsx[2m > [22m[2mDefault
[22m[39m[SettingsContext] Setting up Settings subscription for user: mock-user-sub
[90mstdout[2m | src/components/GlobalSearchBar.stories.tsx[2m > [22m[2mDefault
[22m[39m[Mock Data] Settings created: mock-settings-1790416400507 - notified 0 subscribers
[90mstdout[2m | src/components/GlobalSearchBar.stories.tsx[2m > [22m[2mDefault
[22m[39m[Mock Data] Unit.onUpdate() subscription added. Total: 1
[90mstdout[2m | src/components/GlobalSearchBar.stories.tsx[2m > [22m[2mDefault
[22m[39m[SectionContext] Section observeQuery update: 0
[90mstdout[2m | src/components/GlobalSearchBar.stories.tsx[2m > [22m[2mDefault
[22m[39m[FilesContext] File observeQuery update: 6 files
[90mstdout[2m | src/components/GlobalSearchBar.stories.tsx[2m > [22m[2mDefault
[22m[39m[ChatContext] AssistantChat initialized with 1 chats
[90mstdout[2m | src/components/GlobalSearchBar.stories.tsx[2m > [22m[2mDefault
[22m[39m[ChatContext] Setting initial chat: mock-assistant-chat-1
[90mstdout[2m | src/components/GlobalSearchBar.stories.tsx[2m > [22m[2mDefault
[22m[39m[MOCK CourseVectorStore] Initialized with mock data
[90mstdout[2m | src/components/GlobalSearchBar.stories.tsx[2m > [22m[2mDefault
[22m[39m[FilesContext] Vector store population triggered {
  "currentVectorStoreSize": 3,
  "documentsCount": 0,
  "filesCount": 6,
  "isInitialLoad": true,
}
[90mstdout[2m | src/components/GlobalSearchBar.stories.tsx[2m > [22m[2mDefault
[22m[39m[FilesContext] Vector store population complete - 3 total embeddings
[90mstdout[2m | src/components/GlobalSearchBar.stories.tsx[2m > [22m[2mDefault
[22m[39m[ChatContext] Chat exists and not archived, skipping creation
[90mstdout[2m | src/components/GlobalSearchBar.stories.tsx[2m > [22m[2mDefault
[22m[39m[Mock Storage] downloadData called with: undefined
[90mstdout[2m | src/components/GlobalSearchBar.stories.tsx[2m > [22m[2mWith Results
[22m[39m[ChatContext] Cleaning up subscriptions
[90mstdout[2m | src/components/GlobalSearchBar.stories.tsx[2m > [22m[2mWith Results
[22m[39m[Mock Data] Unit.onUpdate() subscription removed. Remaining: 0
[90mstdout[2m | src/components/GlobalSearchBar.stories.tsx[2m > [22m[2mWith Results
[22m[39m[MOCK CourseVectorStore] Initialized with mock data
[90mstdout[2m | src/components/GlobalSearchBar.stories.tsx[2m > [22m[2mWith Results
[22m[39m[TranslationModeController] Setting mode to: off
[90mstdout[2m | src/components/GlobalSearchBar.stories.tsx[2m > [22m[2mWith Results
[22m[39m[UnitContext] useEffect triggered {
  "authLoading": false,
  "hasUser": true,
  "id": "mock-unit-id",
  "userSub": "mock-user-sub",
}
[90mstdout[2m | src/components/GlobalSearchBar.stories.tsx[2m > [22m[2mWith Results
[22m[39m[UnitContext] Fetching unit data for id: mock-unit-id
[90mstdout[2m | src/components/GlobalSearchBar.stories.tsx[2m > [22m[2mWith Results
[22m[39m[FilesContext] Initializing vector store from IndexedDB
[90mstdout[2m | src/components/GlobalSearchBar.stories.tsx[2m > [22m[2mWith Results
[22m[39m[FilesContext] fetchFiles called
[90mstdout[2m | src/components/GlobalSearchBar.stories.tsx[2m > [22m[2mWith Results
[22m[39m[FilesContext] User authenticated: mock-user-sub
[90mstdout[2m | src/components/GlobalSearchBar.stories.tsx[2m > [22m[2mWith Results
[22m[39m[FilesContext] Identity ID: us-east-1:mock-identity-123
[90mstdout[2m | src/components/GlobalSearchBar.stories.tsx[2m > [22m[2mWith Results
[22m[39m[FilesContext] About to set up File observeQuery
[90mstdout[2m | src/components/GlobalSearchBar.stories.tsx[2m > [22m[2mWith Results
[22m[39m[ChatContext] Setting up AssistantChat observeQuery
[90mstdout[2m | src/components/GlobalSearchBar.stories.tsx[2m > [22m[2mWith Results
[22m[39m[ChatContext] Waiting for subscription to initialize
[90mstdout[2m | src/components/GlobalSearchBar.stories.tsx[2m > [22m[2mWith Results
[22m[39m[SettingsContext] Setting up Settings subscription for user: mock-user-sub
[90mstdout[2m | src/components/GlobalSearchBar.stories.tsx[2m > [22m[2mWith Results
[22m[39m[Mock Data] Settings created: mock-settings-1790416400898 - notified 0 subscribers
[90mstdout[2m | src/components/GlobalSearchBar.stories.tsx[2m > [22m[2mWith Results
[22m[39m[Mock Data] Unit.onUpdate() subscription added. Total: 1
[90mstdout[2m | src/components/GlobalSearchBar.stories.tsx[2m > [22m[2mWith Results
[22m[39m[SectionContext] Section observeQuery update: 0
[90mstdout[2m | src/components/GlobalSearchBar.stories.tsx[2m > [22m[2mWith Results
[22m[39m[Mock Storage] downloadData called with: undefined
[90mstdout[2m | src/components/GlobalSearchBar.stories.tsx[2m > [22m[2mWith Results
[22m[39m[FilesContext] File observeQuery update: 6 files
[90mstdout[2m | src/components/GlobalSearchBar.stories.tsx[2m > [22m[2mWith Results
[22m[39m[ChatContext] AssistantChat initialized with 1 chats
[90mstdout[2m | src/components/GlobalSearchBar.stories.tsx[2m > [22m[2mWith Results
[22m[39m[ChatContext] Setting initial chat: mock-assistant-chat-1
[90mstdout[2m | src/components/GlobalSearchBar.stories.tsx[2m > [22m[2mWith Results
[22m[39m[MOCK CourseVectorStore] Initialized with mock data
[90mstdout[2m | src/components/GlobalSearchBar.stories.tsx[2m > [22m[2mWith Results
[22m[39m[FilesContext] Vector store population triggered {
  "currentVectorStoreSize": 3,
  "documentsCount": 0,
  "filesCount": 6,
  "isInitialLoad": true,
}
[90mstdout[2m | src/components/GlobalSearchBar.stories.tsx[2m > [22m[2mWith Results
[22m[39m[FilesContext] Vector store population complete - 3 total embeddings
[90mstdout[2m | src/components/GlobalSearchBar.stories.tsx[2m > [22m[2mWith Results
[22m[39m[ChatContext] Chat exists and not archived, skipping creation
[90mstdout[2m | src/components/GlobalSearchBar.stories.tsx[2m > [22m[2mIn Toolbar
[22m[39m[ChatContext] Cleaning up subscriptions
[90mstdout[2m | src/components/GlobalSearchBar.stories.tsx[2m > [22m[2mIn Toolbar
[22m[39m[Mock Data] Unit.onUpdate() subscription removed. Remaining: 0
[90mstdout[2m | src/components/GlobalSearchBar.stories.tsx[2m > [22m[2mIn Toolbar
[22m[39m[MOCK CourseVectorStore] Initialized with mock data
[90mstdout[2m | src/components/GlobalSearchBar.stories.tsx[2m > [22m[2mIn Toolbar
[22m[39m[TranslationModeController] Setting mode to: off
[90mstdout[2m | src/components/GlobalSearchBar.stories.tsx[2m > [22m[2mIn Toolbar
[22m[39m[UnitContext] useEffect triggered {
  "authLoading": false,
  "hasUser": true,
  "id": "mock-unit-id",
  "userSub": "mock-user-sub",
}
[90mstdout[2m | src/components/GlobalSearchBar.stories.tsx[2m > [22m[2mIn Toolbar
[22m[39m[UnitContext] Fetching unit data for id: mock-unit-id
[90mstdout[2m | src/components/GlobalSearchBar.stories.tsx[2m > [22m[2mIn Toolbar
[22m[39m[FilesContext] Initializing vector store from IndexedDB
[90mstdout[2m | src/components/GlobalSearchBar.stories.tsx[2m > [22m[2mIn Toolbar
[22m[39m[FilesContext] fetchFiles called
[90mstdout[2m | src/components/GlobalSearchBar.stories.tsx[2m > [22m[2mIn Toolbar
[22m[39m[FilesContext] User authenticated: mock-user-sub
[90mstdout[2m | src/components/GlobalSearchBar.stories.tsx[2m > [22m[2mIn Toolbar
[22m[39m[FilesContext] Identity ID: us-east-1:mock-identity-123
[90mstdout[2m | src/components/GlobalSearchBar.stories.tsx[2m > [22m[2mIn Toolbar
[22m[39m[FilesContext] About to set up File observeQuery
[90mstdout[2m | src/components/GlobalSearchBar.stories.tsx[2m > [22m[2mIn Toolbar
[22m[39m[ChatContext] Setting up AssistantChat observeQuery
[90mstdout[2m | src/components/GlobalSearchBar.stories.tsx[2m > [22m[2mIn Toolbar
[22m[39m[ChatContext] Waiting for subscription to initialize
[90mstdout[2m | src/components/GlobalSearchBar.stories.tsx[2m > [22m[2mIn Toolbar
[22m[39m[SettingsContext] Setting up Settings subscription for user: mock-user-sub
[90mstdout[2m | src/components/GlobalSearchBar.stories.tsx[2m > [22m[2mIn Toolbar
[22m[39m[Mock Data] Settings created: mock-settings-1790416401319 - notified 0 subscribers
[90mstdout[2m | src/components/GlobalSearchBar.stories.tsx[2m > [22m[2mIn Toolbar
[22m[39m[Mock Data] Unit.onUpdate() subscription added. Total: 1
[90mstdout[2m | src/components/GlobalSearchBar.stories.tsx[2m > [22m[2mIn Toolbar
[22m[39m[SectionContext] Section observeQuery update: 0
[90mstdout[2m | src/components/GlobalSearchBar.stories.tsx[2m > [22m[2mIn Toolbar
[22m[39m[FilesContext] File observeQuery update: 6 files
[90mstdout[2m | src/components/GlobalSearchBar.stories.tsx[2m > [22m[2mIn Toolbar
[22m[39m[ChatContext] AssistantChat initialized with 1 chats
[90mstdout[2m | src/components/GlobalSearchBar.stories.tsx[2m > [22m[2mIn Toolbar
[22m[39m[ChatContext] Setting initial chat: mock-assistant-chat-1
[90mstdout[2m | src/components/GlobalSearchBar.stories.tsx[2m > [22m[2mIn Toolbar
[22m[39m[MOCK CourseVectorStore] Initialized with mock data
[90mstdout[2m | src/components/GlobalSearchBar.stories.tsx[2m > [22m[2mIn Toolbar
[22m[39m[FilesContext] Vector store population triggered {
  "currentVectorStoreSize": 3,
  "documentsCount": 0,
  "filesCount": 6,
  "isInitialLoad": true,
}
[90mstdout[2m | src/components/GlobalSearchBar.stories.tsx[2m > [22m[2mIn Toolbar
[22m[39m[FilesContext] Vector store population complete - 3 total embeddings
[90mstdout[2m | src/components/GlobalSearchBar.stories.tsx[2m > [22m[2mIn Toolbar
[22m[39m[ChatContext] Chat exists and not archived, skipping creation
[90mstdout[2m | src/components/GlobalSearchBar.stories.tsx[2m > [22m[2mIn Toolbar
[22m[39m[Mock Storage] downloadData called with: undefined
[90mstdout[2m | src/components/GlobalSearchBar.stories.tsx[2m > [22m[2mLoading
[22m[39m[ChatContext] Cleaning up subscriptions
[90mstdout[2m | src/components/GlobalSearchBar.stories.tsx[2m > [22m[2mLoading
[22m[39m[Mock Data] Unit.onUpdate() subscription removed. Remaining: 0
[90mstdout[2m | src/components/GlobalSearchBar.stories.tsx[2m > [22m[2mLoading
[22m[39m[MOCK CourseVectorStore] Initialized with mock data
[90mstdout[2m | src/components/GlobalSearchBar.stories.tsx[2m > [22m[2mLoading
[22m[39m[TranslationModeController] Setting mode to: off
[90mstdout[2m | src/components/GlobalSearchBar.stories.tsx[2m > [22m[2mLoading
[22m[39m[UnitContext] useEffect triggered {
  "authLoading": false,
  "hasUser": true,
  "id": "mock-unit-id",
  "userSub": "mock-user-sub",
}
[90mstdout[2m | src/components/GlobalSearchBar.stories.tsx[2m > [22m[2mLoading
[22m[39m[UnitContext] Fetching unit data for id: mock-unit-id
[90mstdout[2m | src/components/GlobalSearchBar.stories.tsx[2m > [22m[2mLoading
[22m[39m[FilesContext] Initializing vector store from IndexedDB
[90mstdout[2m | src/components/GlobalSearchBar.stories.tsx[2m > [22m[2mLoading
[22m[39m[FilesContext] fetchFiles called
[90mstdout[2m | src/components/GlobalSearchBar.stories.tsx[2m > [22m[2mLoading
[22m[39m[FilesContext] User authenticated: mock-user-sub
[90mstdout[2m | src/components/GlobalSearchBar.stories.tsx[2m > [22m[2mLoading
[22m[39m[FilesContext] Identity ID: us-east-1:mock-identity-123
[90mstdout[2m | src/components/GlobalSearchBar.stories.tsx[2m > [22m[2mLoading
[22m[39m[FilesContext] About to set up File observeQuery
[90mstdout[2m | src/components/GlobalSearchBar.stories.tsx[2m > [22m[2mLoading
[22m[39m[ChatContext] Setting up AssistantChat observeQuery
[90mstdout[2m | src/components/GlobalSearchBar.stories.tsx[2m > [22m[2mLoading
[22m[39m[ChatContext] Waiting for subscription to initialize
[90mstdout[2m | src/components/GlobalSearchBar.stories.tsx[2m > [22m[2mLoading
[22m[39m[SettingsContext] Setting up Settings subscription for user: mock-user-sub
[90mstdout[2m | src/components/GlobalSearchBar.stories.tsx[2m > [22m[2mLoading
[22m[39m[Mock Data] Settings created: mock-settings-1790416401661 - notified 0 subscribers
[90mstdout[2m | src/components/GlobalSearchBar.stories.tsx[2m > [22m[2mLoading
[22m[39m[Mock Data] Unit.onUpdate() subscription added. Total: 1
[90mstdout[2m | src/components/GlobalSearchBar.stories.tsx[2m > [22m[2mLoading
[22m[39m[SectionContext] Section observeQuery update: 0
[90mstdout[2m | src/components/GlobalSearchBar.stories.tsx[2m > [22m[2mLoading
[22m[39m[Mock Storage] downloadData called with: undefined
[90mstdout[2m | src/components/GlobalSearchBar.stories.tsx[2m > [22m[2mLoading
[22m[39m[FilesContext] File observeQuery update: 6 files
[90mstdout[2m | src/components/GlobalSearchBar.stories.tsx[2m > [22m[2mLoading
[22m[39m[ChatContext] AssistantChat initialized with 1 chats
[90mstdout[2m | src/components/GlobalSearchBar.stories.tsx[2m > [22m[2mLoading
[22m[39m[ChatContext] Setting initial chat: mock-assistant-chat-1
[90mstdout[2m | src/components/GlobalSearchBar.stories.tsx[2m > [22m[2mLoading
[22m[39m[MOCK CourseVectorStore] Initialized with mock data
[90mstdout[2m | src/components/GlobalSearchBar.stories.tsx[2m > [22m[2mLoading
[22m[39m[FilesContext] Vector store population triggered {
  "currentVectorStoreSize": 3,
  "documentsCount": 0,
  "filesCount": 6,
  "isInitialLoad": true,
}
[90mstdout[2m | src/components/GlobalSearchBar.stories.tsx[2m > [22m[2mLoading
[22m[39m[FilesContext] Vector store population complete - 3 total embeddings
[90mstdout[2m | src/components/GlobalSearchBar.stories.tsx[2m > [22m[2mLoading
[22m[39m[ChatContext] Chat exists and not archived, skipping creation
[90mstdout[2m | src/components/GlobalSearchBar.stories.tsx[2m > [22m[2mError
[22m[39m[ChatContext] Cleaning up subscriptions
[90mstdout[2m | src/components/GlobalSearchBar.stories.tsx[2m > [22m[2mError
[22m[39m[Mock Data] Unit.onUpdate() subscription removed. Remaining: 0
[90mstdout[2m | src/components/GlobalSearchBar.stories.tsx[2m > [22m[2mError
[22m[39m[MOCK CourseVectorStore] Initialized with mock data
[90mstdout[2m | src/components/GlobalSearchBar.stories.tsx[2m > [22m[2mError
[22m[39m[TranslationModeController] Setting mode to: off
[90mstdout[2m | src/components/GlobalSearchBar.stories.tsx[2m > [22m[2mError
[22m[39m[UnitContext] useEffect triggered {
  "authLoading": false,
  "hasUser": true,
  "id": "mock-unit-id",
  "userSub": "mock-user-sub",
}
[90mstdout[2m | src/components/GlobalSearchBar.stories.tsx[2m > [22m[2mError
[22m[39m[UnitContext] Fetching unit data for id: mock-unit-id
[90mstdout[2m | src/components/GlobalSearchBar.stories.tsx[2m > [22m[2mError
[22m[39m[FilesContext] Initializing vector store from IndexedDB
[90mstdout[2m | src/components/GlobalSearchBar.stories.tsx[2m > [22m[2mError
[22m[39m[FilesContext] fetchFiles called
[90mstdout[2m | src/components/GlobalSearchBar.stories.tsx[2m > [22m[2mError
[22m[39m[FilesContext] User authenticated: mock-user-sub
[90mstdout[2m | src/components/GlobalSearchBar.stories.tsx[2m > [22m[2mError
[22m[39m[FilesContext] Identity ID: us-east-1:mock-identity-123
[90mstdout[2m | src/components/GlobalSearchBar.stories.tsx[2m > [22m[2mError
[22m[39m[FilesContext] About to set up File observeQuery
[90mstdout[2m | src/components/GlobalSearchBar.stories.tsx[2m > [22m[2mError
[22m[39m[ChatContext] Setting up AssistantChat observeQuery
[90mstdout[2m | src/components/GlobalSearchBar.stories.tsx[2m > [22m[2mError
[22m[39m[ChatContext] Waiting for subscription to initialize
[90mstdout[2m | src/components/GlobalSearchBar.stories.tsx[2m > [22m[2mError
[22m[39m[SettingsContext] Setting up Settings subscription for user: mock-user-sub
[90mstdout[2m | src/components/GlobalSearchBar.stories.tsx[2m > [22m[2mError
[22m[39m[Mock Data] Settings created: mock-settings-1790416401760 - notified 0 subscribers
[90mstdout[2m | src/components/GlobalSearchBar.stories.tsx[2m > [22m[2mError
[22m[39m[Mock Data] Unit.onUpdate() subscription added. Total: 1
[90mstdout[2m | src/components/GlobalSearchBar.stories.tsx[2m > [22m[2mError
[22m[39m[SectionContext] Section observeQuery update: 0
[90mstdout[2m | src/components/GlobalSearchBar.stories.tsx[2m > [22m[2mError
[22m[39m[Mock Storage] downloadData called with: undefined
[90mstdout[2m | src/components/GlobalSearchBar.stories.tsx[2m > [22m[2mError
[22m[39m[FilesContext] File observeQuery update: 6 files
[90mstdout[2m | src/components/GlobalSearchBar.stories.tsx[2m > [22m[2mError
[22m[39m[ChatContext] AssistantChat initialized with 1 chats
[90mstdout[2m | src/components/GlobalSearchBar.stories.tsx[2m > [22m[2mError
[22m[39m[ChatContext] Setting initial chat: mock-assistant-chat-1
[90mstdout[2m | src/components/GlobalSearchBar.stories.tsx[2m > [22m[2mError
[22m[39m[MOCK CourseVectorStore] Initialized with mock data
[90mstdout[2m | src/components/GlobalSearchBar.stories.tsx[2m > [22m[2mError
[22m[39m[FilesContext] Vector store population triggered {
  "currentVectorStoreSize": 3,
  "documentsCount": 0,
  "filesCount": 6,
  "isInitialLoad": true,
}
[90mstdout[2m | src/components/GlobalSearchBar.stories.tsx[2m > [22m[2mError
[22m[39m[FilesContext] Vector store population complete - 3 total embeddings
[90mstdout[2m | src/components/GlobalSearchBar.stories.tsx[2m > [22m[2mError
[22m[39m[ChatContext] Chat exists and not archived, skipping creation
 [32m✓[39m [30m[45m storybook (chromium) [49m[39m src/components/GlobalSearchBar.stories.tsx [2m([22m[2m5 tests[22m[2m)[22m[33m 1634[2mms[22m[39m
   [33m[2m✓[22m[39m Default [33m 388[2mms[22m[39m
   [33m[2m✓[22m[39m With Results [33m 419[2mms[22m[39m
   [33m[2m✓[22m[39m In Toolbar [33m 353[2mms[22m[39m
   [33m[2m✓[22m[39m Error [33m 372[2mms[22m[39m
[90mstdout[2m | unknown test
[22m[39m[MOCK vectorStoreDB.js] Module loaded - mock IndexedDB operations
[90mstdout[2m | unknown test
[22m[39m[Task Completion] DOM action listeners initialized
[90mstdout[2m | unknown test
[22m[39m[Task Completion] Auto-completion detector initialized
[90mstdout[2m | unknown test
[22m[39m[Preview] Task completion detector initialized
[90mstdout[2m | src/components/Dashboard/UpNextCard.stories.tsx[2m > [22m[2mDefault
[22m[39m[TranslationModeController] Setting mode to: off
[90mstdout[2m | src/components/Dashboard/UpNextCard.stories.tsx[2m > [22m[2mWith Chapter Context
[22m[39m[TranslationModeController] Setting mode to: off
[90mstdout[2m | src/components/Dashboard/UpNextCard.stories.tsx[2m > [22m[2mWith Nailed It
[22m[39m[TranslationModeController] Setting mode to: off
[90mstdout[2m | src/components/Dashboard/UpNextCard.stories.tsx[2m > [22m[2mNo Due Date
[22m[39m[TranslationModeController] Setting mode to: off
[90mstdout[2m | src/components/Dashboard/UpNextCard.stories.tsx[2m > [22m[2mMobile Viewport
[22m[39m[TranslationModeController] Setting mode to: off
[90mstdout[2m | src/components/Dashboard/UpNextCard.stories.tsx[2m > [22m[2mTablet Viewport
[22m[39m[TranslationModeController] Setting mode to: off
[90mstdout[2m | src/components/Dashboard/UpNextCard.stories.tsx[2m > [22m[2mDesktop Viewport
[22m[39m[TranslationModeController] Setting mode to: off
 [32m✓[39m [30m[45m storybook (chromium) [49m[39m src/components/Dashboard/UpNextCard.stories.tsx [2m([22m[2m7 tests[22m[2m)[22m[33m 1199[2mms[22m[39m
   [33m[2m✓[22m[39m Default [33m 305[2mms[22m[39m
[90mstdout[2m | unknown test
[22m[39m[MOCK vectorStoreDB.js] Module loaded - mock IndexedDB operations
[90mstdout[2m | unknown test
[22m[39m[Task Completion] DOM action listeners initialized
[90mstdout[2m | unknown test
[22m[39m[Task Completion] Auto-completion detector initialized
[90mstdout[2m | unknown test
[22m[39m[Preview] Task completion detector initialized
[90mstdout[2m | src/stories/chat-components.stories.tsx[2m > [22m[2mMentionChip / User
[22m[39m[MOCK CourseVectorStore] Initialized with mock data
[90mstdout[2m | src/stories/chat-components.stories.tsx[2m > [22m[2mMentionChip / User
[22m[39m[TranslationModeController] Setting mode to: off
[90mstdout[2m | src/stories/chat-components.stories.tsx[2m > [22m[2mMentionChip / User
[22m[39m[UnitContext] useEffect triggered {
  "authLoading": false,
  "hasUser": true,
  "id": "mock-unit-id",
  "userSub": "mock-user-sub",
}
[90mstdout[2m | src/stories/chat-components.stories.tsx[2m > [22m[2mMentionChip / User
[22m[39m[UnitContext] Fetching unit data for id: mock-unit-id
[90mstdout[2m | src/stories/chat-components.stories.tsx[2m > [22m[2mMentionChip / User
[22m[39m[FilesContext] Initializing vector store from IndexedDB
[90mstdout[2m | src/stories/chat-components.stories.tsx[2m > [22m[2mMentionChip / User
[22m[39m[FilesContext] fetchFiles called
[90mstdout[2m | src/stories/chat-components.stories.tsx[2m > [22m[2mMentionChip / User
[22m[39m[FilesContext] User authenticated: mock-user-sub
[90mstdout[2m | src/stories/chat-components.stories.tsx[2m > [22m[2mMentionChip / User
[22m[39m[FilesContext] Identity ID: us-east-1:mock-identity-123
[90mstdout[2m | src/stories/chat-components.stories.tsx[2m > [22m[2mMentionChip / User
[22m[39m[FilesContext] About to set up File observeQuery
[90mstdout[2m | src/stories/chat-components.stories.tsx[2m > [22m[2mMentionChip / User
[22m[39m[ChatContext] Setting up AssistantChat observeQuery
[90mstdout[2m | src/stories/chat-components.stories.tsx[2m > [22m[2mMentionChip / User
[22m[39m[ChatContext] Waiting for subscription to initialize
[90mstdout[2m | src/stories/chat-components.stories.tsx[2m > [22m[2mMentionChip / User
[22m[39m[SettingsContext] Setting up Settings subscription for user: mock-user-sub
[90mstdout[2m | src/stories/chat-components.stories.tsx[2m > [22m[2mMentionChip / User
[22m[39m[Mock Data] Settings created: mock-settings-1790416411802 - notified 0 subscribers
[90mstdout[2m | src/stories/chat-components.stories.tsx[2m > [22m[2mMentionChip / User
[22m[39m[Mock Data] Unit.onUpdate() subscription added. Total: 1
[90mstdout[2m | src/stories/chat-components.stories.tsx[2m > [22m[2mMentionChip / User
[22m[39m[SectionContext] Section observeQuery update: 0
[90mstdout[2m | src/stories/chat-components.stories.tsx[2m > [22m[2mMentionChip / User
[22m[39m[FilesContext] File observeQuery update: 6 files
[90mstdout[2m | src/stories/chat-components.stories.tsx[2m > [22m[2mMentionChip / User
[22m[39m[ChatContext] AssistantChat initialized with 1 chats
[90mstdout[2m | src/stories/chat-components.stories.tsx[2m > [22m[2mMentionChip / User
[22m[39m[ChatContext] Setting initial chat: mock-assistant-chat-1
[90mstdout[2m | src/stories/chat-components.stories.tsx[2m > [22m[2mMentionChip / User
[22m[39m[MOCK CourseVectorStore] Initialized with mock data
[90mstdout[2m | src/stories/chat-components.stories.tsx[2m > [22m[2mMentionChip / User
[22m[39m[FilesContext] Vector store population triggered {
  "currentVectorStoreSize": 3,
  "documentsCount": 0,
  "filesCount": 6,
  "isInitialLoad": true,
}
[90mstdout[2m | src/stories/chat-components.stories.tsx[2m > [22m[2mMentionChip / User
[22m[39m[FilesContext] Vector store population complete - 3 total embeddings
[90mstdout[2m | src/stories/chat-components.stories.tsx[2m > [22m[2mMentionChip / User
[22m[39m[ChatContext] Chat exists and not archived, skipping creation
[90mstdout[2m | src/stories/chat-components.stories.tsx[2m > [22m[2mMentionChip / User
[22m[39m[Mock Storage] downloadData called with: undefined
[90mstdout[2m | src/stories/chat-components.stories.tsx[2m > [22m[2mMentionChip / Bot (Kai)
[22m[39m[ChatContext] Cleaning up subscriptions
[90mstdout[2m | src/stories/chat-components.stories.tsx[2m > [22m[2mMentionChip / Bot (Kai)
[22m[39m[Mock Data] Unit.onUpdate() subscription removed. Remaining: 0
[90mstdout[2m | src/stories/chat-components.stories.tsx[2m > [22m[2mMentionChip / Bot (Kai)
[22m[39m[MOCK CourseVectorStore] Initialized with mock data
[90mstdout[2m | src/stories/chat-components.stories.tsx[2m > [22m[2mMentionChip / Bot (Kai)
[22m[39m[TranslationModeController] Setting mode to: off
[90mstdout[2m | src/stories/chat-components.stories.tsx[2m > [22m[2mMentionChip / Bot (Kai)
[22m[39m[UnitContext] useEffect triggered {
  "authLoading": false,
  "hasUser": true,
  "id": "mock-unit-id",
  "userSub": "mock-user-sub",
}
[90mstdout[2m | src/stories/chat-components.stories.tsx[2m > [22m[2mMentionChip / Bot (Kai)
[22m[39m[UnitContext] Fetching unit data for id: mock-unit-id
[90mstdout[2m | src/stories/chat-components.stories.tsx[2m > [22m[2mMentionChip / Bot (Kai)
[22m[39m[FilesContext] Initializing vector store from IndexedDB
[90mstdout[2m | src/stories/chat-components.stories.tsx[2m > [22m[2mMentionChip / Bot (Kai)
[22m[39m[FilesContext] fetchFiles called
[90mstdout[2m | src/stories/chat-components.stories.tsx[2m > [22m[2mMentionChip / Bot (Kai)
[22m[39m[FilesContext] User authenticated: mock-user-sub
[90mstdout[2m | src/stories/chat-components.stories.tsx[2m > [22m[2mMentionChip / Bot (Kai)
[22m[39m[FilesContext] Identity ID: us-east-1:mock-identity-123
[90mstdout[2m | src/stories/chat-components.stories.tsx[2m > [22m[2mMentionChip / Bot (Kai)
[22m[39m[FilesContext] About to set up File observeQuery
[90mstdout[2m | src/stories/chat-components.stories.tsx[2m > [22m[2mMentionChip / Bot (Kai)
[22m[39m[ChatContext] Setting up AssistantChat observeQuery
[90mstdout[2m | src/stories/chat-components.stories.tsx[2m > [22m[2mMentionChip / Bot (Kai)
[22m[39m[ChatContext] Waiting for subscription to initialize
[90mstdout[2m | src/stories/chat-components.stories.tsx[2m > [22m[2mMentionChip / Bot (Kai)
[22m[39m[SettingsContext] Setting up Settings subscription for user: mock-user-sub
[90mstdout[2m | src/stories/chat-components.stories.tsx[2m > [22m[2mMentionChip / Bot (Kai)
[22m[39m[Mock Data] Settings created: mock-settings-1790416411959 - notified 0 subscribers
[90mstdout[2m | src/stories/chat-components.stories.tsx[2m > [22m[2mMentionChip / Bot (Kai)
[22m[39m[Mock Data] Unit.onUpdate() subscription added. Total: 1
[90mstdout[2m | src/stories/chat-components.stories.tsx[2m > [22m[2mMentionChip / Bot (Kai)
[22m[39m[SectionContext] Section observeQuery update: 0
[90mstdout[2m | src/stories/chat-components.stories.tsx[2m > [22m[2mMentionChip / Bot (Kai)
[22m[39m[FilesContext] File observeQuery update: 6 files
[90mstdout[2m | src/stories/chat-components.stories.tsx[2m > [22m[2mMentionChip / Bot (Kai)
[22m[39m[ChatContext] AssistantChat initialized with 1 chats
[90mstdout[2m | src/stories/chat-components.stories.tsx[2m > [22m[2mMentionChip / Bot (Kai)
[22m[39m[ChatContext] Setting initial chat: mock-assistant-chat-1
[90mstdout[2m | src/stories/chat-components.stories.tsx[2m > [22m[2mMentionChip / Bot (Kai)
[22m[39m[Mock Storage] downloadData called with: undefined
[90mstdout[2m | src/stories/chat-components.stories.tsx[2m > [22m[2mMentionChip / Bot (Kai)
[22m[39m[MOCK CourseVectorStore] Initialized with mock data
[90mstdout[2m | src/stories/chat-components.stories.tsx[2m > [22m[2mMentionChip / Bot (Kai)
[22m[39m[FilesContext] Vector store population triggered {
  "currentVectorStoreSize": 3,
  "documentsCount": 0,
  "filesCount": 6,
  "isInitialLoad": true,
}
[90mstdout[2m | src/stories/chat-components.stories.tsx[2m > [22m[2mMentionChip / Bot (Kai)
[22m[39m[FilesContext] Vector store population complete - 3 total embeddings
[90mstdout[2m | src/stories/chat-components.stories.tsx[2m > [22m[2mMentionChip / Bot (Kai)
[22m[39m[ChatContext] Chat exists and not archived, skipping creation
[90mstdout[2m | src/stories/chat-components.stories.tsx[2m > [22m[2mMentionChip / Non-clickable
[22m[39m[ChatContext] Cleaning up subscriptions
[90mstdout[2m | src/stories/chat-components.stories.tsx[2m > [22m[2mMentionChip / Non-clickable
[22m[39m[Mock Data] Unit.onUpdate() subscription removed. Remaining: 0
[90mstdout[2m | src/stories/chat-components.stories.tsx[2m > [22m[2mMentionChip / Non-clickable
[22m[39m[MOCK CourseVectorStore] Initialized with mock data
[90mstdout[2m | src/stories/chat-components.stories.tsx[2m > [22m[2mMentionChip / Non-clickable
[22m[39m[TranslationModeController] Setting mode to: off
[90mstdout[2m | src/stories/chat-components.stories.tsx[2m > [22m[2mMentionChip / Non-clickable
[22m[39m[UnitContext] useEffect triggered {
  "authLoading": false,
  "hasUser": true,
  "id": "mock-unit-id",
  "userSub": "mock-user-sub",
}
[90mstdout[2m | src/stories/chat-components.stories.tsx[2m > [22m[2mMentionChip / Non-clickable
[22m[39m[UnitContext] Fetching unit data for id: mock-unit-id
[90mstdout[2m | src/stories/chat-components.stories.tsx[2m > [22m[2mMentionChip / Non-clickable
[22m[39m[FilesContext] Initializing vector store from IndexedDB
[90mstdout[2m | src/stories/chat-components.stories.tsx[2m > [22m[2mMentionChip / Non-clickable
[22m[39m[FilesContext] fetchFiles called
[90mstdout[2m | src/stories/chat-components.stories.tsx[2m > [22m[2mMentionChip / Non-clickable
[22m[39m[FilesContext] User authenticated: mock-user-sub
[90mstdout[2m | src/stories/chat-components.stories.tsx[2m > [22m[2mMentionChip / Non-clickable
[22m[39m[FilesContext] Identity ID: us-east-1:mock-identity-123
[90mstdout[2m | src/stories/chat-components.stories.tsx[2m > [22m[2mMentionChip / Non-clickable
[22m[39m[FilesContext] About to set up File observeQuery
[90mstdout[2m | src/stories/chat-components.stories.tsx[2m > [22m[2mMentionChip / Non-clickable
[22m[39m[ChatContext] Setting up AssistantChat observeQuery
[90mstdout[2m | src/stories/chat-components.stories.tsx[2m > [22m[2mMentionChip / Non-clickable
[22m[39m[ChatContext] Waiting for subscription to initialize
[90mstdout[2m | src/stories/chat-components.stories.tsx[2m > [22m[2mMentionChip / Non-clickable
[22m[39m[SettingsContext] Setting up Settings subscription for user: mock-user-sub
[90mstdout[2m | src/stories/chat-components.stories.tsx[2m > [22m[2mMentionChip / Non-clickable
[22m[39m[Mock Data] Settings created: mock-settings-1790416412097 - notified 0 subscribers
[90mstdout[2m | src/stories/chat-components.stories.tsx[2m > [22m[2mMentionChip / Non-clickable
[22m[39m[Mock Data] Unit.onUpdate() subscription added. Total: 1
[90mstdout[2m | src/stories/chat-components.stories.tsx[2m > [22m[2mMentionChip / Non-clickable
[22m[39m[SectionContext] Section observeQuery update: 0
[90mstdout[2m | src/stories/chat-components.stories.tsx[2m > [22m[2mMentionChip / Non-clickable
[22m[39m[FilesContext] File observeQuery update: 6 files
[90mstdout[2m | src/stories/chat-components.stories.tsx[2m > [22m[2mMentionChip / Non-clickable
[22m[39m[ChatContext] AssistantChat initialized with 1 chats
[90mstdout[2m | src/stories/chat-components.stories.tsx[2m > [22m[2mMentionChip / Non-clickable
[22m[39m[ChatContext] Setting initial chat: mock-assistant-chat-1
[90mstdout[2m | src/stories/chat-components.stories.tsx[2m > [22m[2mMentionChip / Non-clickable
[22m[39m[MOCK CourseVectorStore] Initialized with mock data
[90mstdout[2m | src/stories/chat-components.stories.tsx[2m > [22m[2mMentionChip / Non-clickable
[22m[39m[FilesContext] Vector store population triggered {
  "currentVectorStoreSize": 3,
  "documentsCount": 0,
  "filesCount": 6,
  "isInitialLoad": true,
}
[90mstdout[2m | src/stories/chat-components.stories.tsx[2m > [22m[2mMentionChip / Non-clickable
[22m[39m[FilesContext] Vector store population complete - 3 total embeddings
[90mstdout[2m | src/stories/chat-components.stories.tsx[2m > [22m[2mMentionChip / Non-clickable
[22m[39m[ChatContext] Chat exists and not archived, skipping creation
[90mstdout[2m | src/stories/chat-components.stories.tsx[2m > [22m[2mMentionChip / Non-clickable
[22m[39m[Mock Storage] downloadData called with: undefined
[90mstdout[2m | src/stories/chat-components.stories.tsx[2m > [22m[2mMessageComposer / Default
[22m[39m[ChatContext] Cleaning up subscriptions
[90mstdout[2m | src/stories/chat-components.stories.tsx[2m > [22m[2mMessageComposer / Default
[22m[39m[Mock Data] Unit.onUpdate() subscription removed. Remaining: 0
[90mstdout[2m | src/stories/chat-components.stories.tsx[2m > [22m[2mMessageComposer / Default
[22m[39m[MOCK CourseVectorStore] Initialized with mock data
[90mstdout[2m | src/stories/chat-components.stories.tsx[2m > [22m[2mMessageComposer / Default
[22m[39m[TranslationModeController] Setting mode to: off
[90mstdout[2m | src/stories/chat-components.stories.tsx[2m > [22m[2mMessageComposer / Default
[22m[39m[UnitContext] useEffect triggered {
  "authLoading": false,
  "hasUser": true,
  "id": "mock-unit-id",
  "userSub": "mock-user-sub",
}
[90mstdout[2m | src/stories/chat-components.stories.tsx[2m > [22m[2mMessageComposer / Default
[22m[39m[UnitContext] Fetching unit data for id: mock-unit-id
[90mstdout[2m | src/stories/chat-components.stories.tsx[2m > [22m[2mMessageComposer / Default
[22m[39m[FilesContext] Initializing vector store from IndexedDB
[90mstdout[2m | src/stories/chat-components.stories.tsx[2m > [22m[2mMessageComposer / Default
[22m[39m[FilesContext] fetchFiles called
[90mstdout[2m | src/stories/chat-components.stories.tsx[2m > [22m[2mMessageComposer / Default
[22m[39m[FilesContext] User authenticated: mock-user-sub
[90mstdout[2m | src/stories/chat-components.stories.tsx[2m > [22m[2mMessageComposer / Default
[22m[39m[FilesContext] Identity ID: us-east-1:mock-identity-123
[90mstdout[2m | src/stories/chat-components.stories.tsx[2m > [22m[2mMessageComposer / Default
[22m[39m[FilesContext] About to set up File observeQuery
[90mstdout[2m | src/stories/chat-components.stories.tsx[2m > [22m[2mMessageComposer / Default
[22m[39m[ChatContext] Setting up AssistantChat observeQuery
[90mstdout[2m | src/stories/chat-components.stories.tsx[2m > [22m[2mMessageComposer / Default
[22m[39m[ChatContext] Waiting for subscription to initialize
[90mstdout[2m | src/stories/chat-components.stories.tsx[2m > [22m[2mMessageComposer / Default
[22m[39m[SettingsContext] Setting up Settings subscription for user: mock-user-sub
[90mstdout[2m | src/stories/chat-components.stories.tsx[2m > [22m[2mMessageComposer / Default
[22m[39m[Mock Data] Settings created: mock-settings-1790416412197 - notified 0 subscribers
[90mstdout[2m | src/stories/chat-components.stories.tsx[2m > [22m[2mMessageComposer / Default
[22m[39m[Mock Data] Unit.onUpdate() subscription added. Total: 1
[90mstdout[2m | src/stories/chat-components.stories.tsx[2m > [22m[2mMessageComposer / Default
[22m[39m[SectionContext] Section observeQuery update: 0
[90mstdout[2m | src/stories/chat-components.stories.tsx[2m > [22m[2mMessageComposer / Default
[22m[39m[FilesContext] File observeQuery update: 6 files
[90mstdout[2m | src/stories/chat-components.stories.tsx[2m > [22m[2mMessageComposer / Default
[22m[39m[ChatContext] AssistantChat initialized with 1 chats
[90mstdout[2m | src/stories/chat-components.stories.tsx[2m > [22m[2mMessageComposer / Default
[22m[39m[ChatContext] Setting initial chat: mock-assistant-chat-1
[90mstdout[2m | src/stories/chat-components.stories.tsx[2m > [22m[2mMessageComposer / Default
[22m[39m[MOCK CourseVectorStore] Initialized with mock data
[90mstdout[2m | src/stories/chat-components.stories.tsx[2m > [22m[2mMessageComposer / Default
[22m[39m[FilesContext] Vector store population triggered {
  "currentVectorStoreSize": 3,
  "documentsCount": 0,
  "filesCount": 6,
  "isInitialLoad": true,
}
[90mstdout[2m | src/stories/chat-components.stories.tsx[2m > [22m[2mMessageComposer / Default
[22m[39m[FilesContext] Vector store population complete - 3 total embeddings
[90mstdout[2m | src/stories/chat-components.stories.tsx[2m > [22m[2mMessageComposer / Default
[22m[39m[ChatContext] Chat exists and not archived, skipping creation
[90mstdout[2m | src/stories/chat-components.stories.tsx[2m > [22m[2mMessageComposer / Default
[22m[39m[Mock Storage] downloadData called with: undefined
[90mstdout[2m | src/stories/chat-components.stories.tsx[2m > [22m[2mMessageComposer / With Reply
[22m[39m[ChatContext] Cleaning up subscriptions
[90mstdout[2m | src/stories/chat-components.stories.tsx[2m > [22m[2mMessageComposer / With Reply
[22m[39m[Mock Data] Unit.onUpdate() subscription removed. Remaining: 0
[90mstdout[2m | src/stories/chat-components.stories.tsx[2m > [22m[2mMessageComposer / With Reply
[22m[39m[MOCK CourseVectorStore] Initialized with mock data
[90mstdout[2m | src/stories/chat-components.stories.tsx[2m > [22m[2mMessageComposer / With Reply
[22m[39m[TranslationModeController] Setting mode to: off
[90mstdout[2m | src/stories/chat-components.stories.tsx[2m > [22m[2mMessageComposer / With Reply
[22m[39m[UnitContext] useEffect triggered {
  "authLoading": false,
  "hasUser": true,
  "id": "mock-unit-id",
  "userSub": "mock-user-sub",
}
[90mstdout[2m | src/stories/chat-components.stories.tsx[2m > [22m[2mMessageComposer / With Reply
[22m[39m[UnitContext] Fetching unit data for id: mock-unit-id
[90mstdout[2m | src/stories/chat-components.stories.tsx[2m > [22m[2mMessageComposer / With Reply
[22m[39m[FilesContext] Initializing vector store from IndexedDB
[90mstdout[2m | src/stories/chat-components.stories.tsx[2m > [22m[2mMessageComposer / With Reply
[22m[39m[FilesContext] fetchFiles called
[90mstdout[2m | src/stories/chat-components.stories.tsx[2m > [22m[2mMessageComposer / With Reply
[22m[39m[FilesContext] User authenticated: mock-user-sub
[90mstdout[2m | src/stories/chat-components.stories.tsx[2m > [22m[2mMessageComposer / With Reply
[22m[39m[FilesContext] Identity ID: us-east-1:mock-identity-123
[90mstdout[2m | src/stories/chat-components.stories.tsx[2m > [22m[2mMessageComposer / With Reply
[22m[39m[FilesContext] About to set up File observeQuery
[90mstdout[2m | src/stories/chat-components.stories.tsx[2m > [22m[2mMessageComposer / With Reply
[22m[39m[ChatContext] Setting up AssistantChat observeQuery
[90mstdout[2m | src/stories/chat-components.stories.tsx[2m > [22m[2mMessageComposer / With Reply
[22m[39m[ChatContext] Waiting for subscription to initialize
[90mstdout[2m | src/stories/chat-components.stories.tsx[2m > [22m[2mMessageComposer / With Reply
[22m[39m[SettingsContext] Setting up Settings subscription for user: mock-user-sub
[90mstdout[2m | src/stories/chat-components.stories.tsx[2m > [22m[2mMessageComposer / With Reply
[22m[39m[Mock Data] Settings created: mock-settings-1790416412311 - notified 0 subscribers
[90mstdout[2m | src/stories/chat-components.stories.tsx[2m > [22m[2mMessageComposer / With Reply
[22m[39m[Mock Data] Unit.onUpdate() subscription added. Total: 1
[90mstdout[2m | src/stories/chat-components.stories.tsx[2m > [22m[2mMessageComposer / With Reply
[22m[39m[SectionContext] Section observeQuery update: 0
[90mstdout[2m | src/stories/chat-components.stories.tsx[2m > [22m[2mMessageComposer / With Reply
[22m[39m[FilesContext] File observeQuery update: 6 files
[90mstdout[2m | src/stories/chat-components.stories.tsx[2m > [22m[2mMessageComposer / With Reply
[22m[39m[ChatContext] AssistantChat initialized with 1 chats
[90mstdout[2m | src/stories/chat-components.stories.tsx[2m > [22m[2mMessageComposer / With Reply
[22m[39m[ChatContext] Setting initial chat: mock-assistant-chat-1
[90mstdout[2m | src/stories/chat-components.stories.tsx[2m > [22m[2mMessageComposer / With Reply
[22m[39m[MOCK CourseVectorStore] Initialized with mock data
[90mstdout[2m | src/stories/chat-components.stories.tsx[2m > [22m[2mMessageComposer / With Reply
[22m[39m[FilesContext] Vector store population triggered {
  "currentVectorStoreSize": 3,
  "documentsCount": 0,
  "filesCount": 6,
  "isInitialLoad": true,
}
[90mstdout[2m | src/stories/chat-components.stories.tsx[2m > [22m[2mMessageComposer / With Reply
[22m[39m[FilesContext] Vector store population complete - 3 total embeddings
[90mstdout[2m | src/stories/chat-components.stories.tsx[2m > [22m[2mMessageComposer / With Reply
[22m[39m[ChatContext] Chat exists and not archived, skipping creation
[90mstdout[2m | src/stories/chat-components.stories.tsx[2m > [22m[2mMessageComposer / With Reply
[22m[39m[Mock Storage] downloadData called with: undefined
[90mstdout[2m | src/stories/chat-components.stories.tsx[2m > [22m[2mLexicalMessageRenderer / Markdown
[22m[39m[ChatContext] Cleaning up subscriptions
[90mstdout[2m | src/stories/chat-components.stories.tsx[2m > [22m[2mLexicalMessageRenderer / Markdown
[22m[39m[Mock Data] Unit.onUpdate() subscription removed. Remaining: 0
[90mstdout[2m | src/stories/chat-components.stories.tsx[2m > [22m[2mLexicalMessageRenderer / Markdown
[22m[39m[MOCK CourseVectorStore] Initialized with mock data
[90mstdout[2m | src/stories/chat-components.stories.tsx[2m > [22m[2mLexicalMessageRenderer / Markdown
[22m[39m[TranslationModeController] Setting mode to: off
[90mstdout[2m | src/stories/chat-components.stories.tsx[2m > [22m[2mLexicalMessageRenderer / Markdown
[22m[39m[UnitContext] useEffect triggered {
  "authLoading": false,
  "hasUser": true,
  "id": "mock-unit-id",
  "userSub": "mock-user-sub",
}
[90mstdout[2m | src/stories/chat-components.stories.tsx[2m > [22m[2mLexicalMessageRenderer / Markdown
[22m[39m[UnitContext] Fetching unit data for id: mock-unit-id
[90mstdout[2m | src/stories/chat-components.stories.tsx[2m > [22m[2mLexicalMessageRenderer / Markdown
[22m[39m[FilesContext] Initializing vector store from IndexedDB
[90mstdout[2m | src/stories/chat-components.stories.tsx[2m > [22m[2mLexicalMessageRenderer / Markdown
[22m[39m[FilesContext] fetchFiles called
[90mstdout[2m | src/stories/chat-components.stories.tsx[2m > [22m[2mLexicalMessageRenderer / Markdown
[22m[39m[FilesContext] User authenticated: mock-user-sub
[90mstdout[2m | src/stories/chat-components.stories.tsx[2m > [22m[2mLexicalMessageRenderer / Markdown
[22m[39m[FilesContext] Identity ID: us-east-1:mock-identity-123
[90mstdout[2m | src/stories/chat-components.stories.tsx[2m > [22m[2mLexicalMessageRenderer / Markdown
[22m[39m[FilesContext] About to set up File observeQuery
[90mstdout[2m | src/stories/chat-components.stories.tsx[2m > [22m[2mLexicalMessageRenderer / Markdown
[22m[39m[ChatContext] Setting up AssistantChat observeQuery
[90mstdout[2m | src/stories/chat-components.stories.tsx[2m > [22m[2mLexicalMessageRenderer / Markdown
[22m[39m[ChatContext] Waiting for subscription to initialize
[90mstdout[2m | src/stories/chat-components.stories.tsx[2m > [22m[2mLexicalMessageRenderer / Markdown
[22m[39m[SettingsContext] Setting up Settings subscription for user: mock-user-sub
[90mstdout[2m | src/stories/chat-components.stories.tsx[2m > [22m[2mLexicalMessageRenderer / Markdown
[22m[39m[Mock Data] Settings created: mock-settings-1790416412405 - notified 0 subscribers
[90mstdout[2m | src/stories/chat-components.stories.tsx[2m > [22m[2mLexicalMessageRenderer / Markdown
[22m[39m[Mock Data] Unit.onUpdate() subscription added. Total: 1
[90mstdout[2m | src/stories/chat-components.stories.tsx[2m > [22m[2mLexicalMessageRenderer / Markdown
[22m[39m[SectionContext] Section observeQuery update: 0
[90mstdout[2m | src/stories/chat-components.stories.tsx[2m > [22m[2mLexicalMessageRenderer / Markdown
[22m[39m[FilesContext] File observeQuery update: 6 files
[90mstdout[2m | src/stories/chat-components.stories.tsx[2m > [22m[2mLexicalMessageRenderer / Markdown
[22m[39m[ChatContext] AssistantChat initialized with 1 chats
[90mstdout[2m | src/stories/chat-components.stories.tsx[2m > [22m[2mLexicalMessageRenderer / Markdown
[22m[39m[ChatContext] Setting initial chat: mock-assistant-chat-1
[90mstdout[2m | src/stories/chat-components.stories.tsx[2m > [22m[2mLexicalMessageRenderer / Markdown
[22m[39m[Mock Storage] downloadData called with: undefined
[90mstdout[2m | src/stories/chat-components.stories.tsx[2m > [22m[2mLexicalMessageRenderer / Markdown
[22m[39m[MOCK CourseVectorStore] Initialized with mock data
[90mstdout[2m | src/stories/chat-components.stories.tsx[2m > [22m[2mLexicalMessageRenderer / Markdown
[22m[39m[FilesContext] Vector store population triggered {
  "currentVectorStoreSize": 3,
  "documentsCount": 0,
  "filesCount": 6,
  "isInitialLoad": true,
}
[90mstdout[2m | src/stories/chat-components.stories.tsx[2m > [22m[2mLexicalMessageRenderer / Markdown
[22m[39m[FilesContext] Vector store population complete - 3 total embeddings
[90mstdout[2m | src/stories/chat-components.stories.tsx[2m > [22m[2mLexicalMessageRenderer / Markdown
[22m[39m[ChatContext] Chat exists and not archived, skipping creation
[90mstdout[2m | src/stories/chat-components.stories.tsx[2m > [22m[2mLexicalMessageRenderer / Plain Text
[22m[39m[ChatContext] Cleaning up subscriptions
[90mstdout[2m | src/stories/chat-components.stories.tsx[2m > [22m[2mLexicalMessageRenderer / Plain Text
[22m[39m[Mock Data] Unit.onUpdate() subscription removed. Remaining: 0
[90mstdout[2m | src/stories/chat-components.stories.tsx[2m > [22m[2mLexicalMessageRenderer / Plain Text
[22m[39m[MOCK CourseVectorStore] Initialized with mock data
[90mstdout[2m | src/stories/chat-components.stories.tsx[2m > [22m[2mLexicalMessageRenderer / Plain Text
[22m[39m[TranslationModeController] Setting mode to: off
[90mstdout[2m | src/stories/chat-components.stories.tsx[2m > [22m[2mLexicalMessageRenderer / Plain Text
[22m[39m[UnitContext] useEffect triggered {
  "authLoading": false,
  "hasUser": true,
  "id": "mock-unit-id",
  "userSub": "mock-user-sub",
}
[90mstdout[2m | src/stories/chat-components.stories.tsx[2m > [22m[2mLexicalMessageRenderer / Plain Text
[22m[39m[UnitContext] Fetching unit data for id: mock-unit-id
[90mstdout[2m | src/stories/chat-components.stories.tsx[2m > [22m[2mLexicalMessageRenderer / Plain Text
[22m[39m[FilesContext] Initializing vector store from IndexedDB
[90mstdout[2m | src/stories/chat-components.stories.tsx[2m > [22m[2mLexicalMessageRenderer / Plain Text
[22m[39m[FilesContext] fetchFiles called
[90mstdout[2m | src/stories/chat-components.stories.tsx[2m > [22m[2mLexicalMessageRenderer / Plain Text
[22m[39m[FilesContext] User authenticated: mock-user-sub
[90mstdout[2m | src/stories/chat-components.stories.tsx[2m > [22m[2mLexicalMessageRenderer / Plain Text
[22m[39m[FilesContext] Identity ID: us-east-1:mock-identity-123
[90mstdout[2m | src/stories/chat-components.stories.tsx[2m > [22m[2mLexicalMessageRenderer / Plain Text
[22m[39m[FilesContext] About to set up File observeQuery
[90mstdout[2m | src/stories/chat-components.stories.tsx[2m > [22m[2mLexicalMessageRenderer / Plain Text
[22m[39m[ChatContext] Setting up AssistantChat observeQuery
[90mstdout[2m | src/stories/chat-components.stories.tsx[2m > [22m[2mLexicalMessageRenderer / Plain Text
[22m[39m[ChatContext] Waiting for subscription to initialize
[90mstdout[2m | src/stories/chat-components.stories.tsx[2m > [22m[2mLexicalMessageRenderer / Plain Text
[22m[39m[SettingsContext] Setting up Settings subscription for user: mock-user-sub
[90mstdout[2m | src/stories/chat-components.stories.tsx[2m > [22m[2mLexicalMessageRenderer / Plain Text
[22m[39m[Mock Data] Settings created: mock-settings-1790416412503 - notified 0 subscribers
[90mstdout[2m | src/stories/chat-components.stories.tsx[2m > [22m[2mLexicalMessageRenderer / Plain Text
[22m[39m[Mock Data] Unit.onUpdate() subscription added. Total: 1
[90mstdout[2m | src/stories/chat-components.stories.tsx[2m > [22m[2mLexicalMessageRenderer / Plain Text
[22m[39m[SectionContext] Section observeQuery update: 0
[90mstdout[2m | src/stories/chat-components.stories.tsx[2m > [22m[2mLexicalMessageRenderer / Plain Text
[22m[39m[FilesContext] File observeQuery update: 6 files
[90mstdout[2m | src/stories/chat-components.stories.tsx[2m > [22m[2mLexicalMessageRenderer / Plain Text
[22m[39m[ChatContext] AssistantChat initialized with 1 chats
[90mstdout[2m | src/stories/chat-components.stories.tsx[2m > [22m[2mLexicalMessageRenderer / Plain Text
[22m[39m[ChatContext] Setting initial chat: mock-assistant-chat-1
[90mstdout[2m | src/stories/chat-components.stories.tsx[2m > [22m[2mLexicalMessageRenderer / Plain Text
[22m[39m[Mock Storage] downloadData called with: undefined
[90mstdout[2m | src/stories/chat-components.stories.tsx[2m > [22m[2mLexicalMessageRenderer / Plain Text
[22m[39m[MOCK CourseVectorStore] Initialized with mock data
[90mstdout[2m | src/stories/chat-components.stories.tsx[2m > [22m[2mLexicalMessageRenderer / Plain Text
[22m[39m[FilesContext] Vector store population triggered {
  "currentVectorStoreSize": 3,
  "documentsCount": 0,
  "filesCount": 6,
  "isInitialLoad": true,
}
[90mstdout[2m | src/stories/chat-components.stories.tsx[2m > [22m[2mLexicalMessageRenderer / Plain Text
[22m[39m[FilesContext] Vector store population complete - 3 total embeddings
[90mstdout[2m | src/stories/chat-components.stories.tsx[2m > [22m[2mLexicalMessageRenderer / Plain Text
[22m[39m[ChatContext] Chat exists and not archived, skipping creation
[90mstdout[2m | src/stories/chat-components.stories.tsx[2m > [22m[2mNavigationPrompt / Editor Context
[22m[39m[ChatContext] Cleaning up subscriptions
[90mstdout[2m | src/stories/chat-components.stories.tsx[2m > [22m[2mNavigationPrompt / Editor Context
[22m[39m[Mock Data] Unit.onUpdate() subscription removed. Remaining: 0
[90mstdout[2m | src/stories/chat-components.stories.tsx[2m > [22m[2mNavigationPrompt / Editor Context
[22m[39m[MOCK CourseVectorStore] Initialized with mock data
[90mstdout[2m | src/stories/chat-components.stories.tsx[2m > [22m[2mNavigationPrompt / Editor Context
[22m[39m[TranslationModeController] Setting mode to: off
[90mstdout[2m | src/stories/chat-components.stories.tsx[2m > [22m[2mNavigationPrompt / Editor Context
[22m[39m[UnitContext] useEffect triggered {
  "authLoading": false,
  "hasUser": true,
  "id": "mock-unit-id",
  "userSub": "mock-user-sub",
}
[90mstdout[2m | src/stories/chat-components.stories.tsx[2m > [22m[2mNavigationPrompt / Editor Context
[22m[39m[UnitContext] Fetching unit data for id: mock-unit-id
[90mstdout[2m | src/stories/chat-components.stories.tsx[2m > [22m[2mNavigationPrompt / Editor Context
[22m[39m[FilesContext] Initializing vector store from IndexedDB
[90mstdout[2m | src/stories/chat-components.stories.tsx[2m > [22m[2mNavigationPrompt / Editor Context
[22m[39m[FilesContext] fetchFiles called
[90mstdout[2m | src/stories/chat-components.stories.tsx[2m > [22m[2mNavigationPrompt / Editor Context
[22m[39m[FilesContext] User authenticated: mock-user-sub
[90mstdout[2m | src/stories/chat-components.stories.tsx[2m > [22m[2mNavigationPrompt / Editor Context
[22m[39m[FilesContext] Identity ID: us-east-1:mock-identity-123
[90mstdout[2m | src/stories/chat-components.stories.tsx[2m > [22m[2mNavigationPrompt / Editor Context
[22m[39m[FilesContext] About to set up File observeQuery
[90mstdout[2m | src/stories/chat-components.stories.tsx[2m > [22m[2mNavigationPrompt / Editor Context
[22m[39m[ChatContext] Setting up AssistantChat observeQuery
[90mstdout[2m | src/stories/chat-components.stories.tsx[2m > [22m[2mNavigationPrompt / Editor Context
[22m[39m[ChatContext] Waiting for subscription to initialize
[90mstdout[2m | src/stories/chat-components.stories.tsx[2m > [22m[2mNavigationPrompt / Editor Context
[22m[39m[SettingsContext] Setting up Settings subscription for user: mock-user-sub
[90mstdout[2m | src/stories/chat-components.stories.tsx[2m > [22m[2mNavigationPrompt / Editor Context
[22m[39m[Mock Data] Settings created: mock-settings-1790416412608 - notified 0 subscribers
[90mstdout[2m | src/stories/chat-components.stories.tsx[2m > [22m[2mNavigationPrompt / Editor Context
[22m[39m[Mock Data] Unit.onUpdate() subscription added. Total: 1
[90mstdout[2m | src/stories/chat-components.stories.tsx[2m > [22m[2mNavigationPrompt / Editor Context
[22m[39m[SectionContext] Section observeQuery update: 0
[90mstdout[2m | src/stories/chat-components.stories.tsx[2m > [22m[2mNavigationPrompt / Editor Context
[22m[39m[FilesContext] File observeQuery update: 6 files
[90mstdout[2m | src/stories/chat-components.stories.tsx[2m > [22m[2mNavigationPrompt / Editor Context
[22m[39m[ChatContext] AssistantChat initialized with 1 chats
[90mstdout[2m | src/stories/chat-components.stories.tsx[2m > [22m[2mNavigationPrompt / Editor Context
[22m[39m[ChatContext] Setting initial chat: mock-assistant-chat-1
[90mstdout[2m | src/stories/chat-components.stories.tsx[2m > [22m[2mNavigationPrompt / Editor Context
[22m[39m[MOCK CourseVectorStore] Initialized with mock data
[90mstdout[2m | src/stories/chat-components.stories.tsx[2m > [22m[2mNavigationPrompt / Editor Context
[22m[39m[FilesContext] Vector store population triggered {
  "currentVectorStoreSize": 3,
  "documentsCount": 0,
  "filesCount": 6,
  "isInitialLoad": true,
}
[90mstdout[2m | src/stories/chat-components.stories.tsx[2m > [22m[2mNavigationPrompt / Editor Context
[22m[39m[FilesContext] Vector store population complete - 3 total embeddings
[90mstdout[2m | src/stories/chat-components.stories.tsx[2m > [22m[2mNavigationPrompt / Editor Context
[22m[39m[ChatContext] Chat exists and not archived, skipping creation
[90mstdout[2m | src/stories/chat-components.stories.tsx[2m > [22m[2mNavigationPrompt / Editor Context
[22m[39m[Mock Storage] downloadData called with: undefined
[90mstdout[2m | src/stories/chat-components.stories.tsx[2m > [22m[2mNavigationPrompt / Sections Context
[22m[39m[ChatContext] Cleaning up subscriptions
[90mstdout[2m | src/stories/chat-components.stories.tsx[2m > [22m[2mNavigationPrompt / Sections Context
[22m[39m[Mock Data] Unit.onUpdate() subscription removed. Remaining: 0
[90mstdout[2m | src/stories/chat-components.stories.tsx[2m > [22m[2mNavigationPrompt / Sections Context
[22m[39m[MOCK CourseVectorStore] Initialized with mock data
[90mstdout[2m | src/stories/chat-components.stories.tsx[2m > [22m[2mNavigationPrompt / Sections Context
[22m[39m[TranslationModeController] Setting mode to: off
[90mstdout[2m | src/stories/chat-components.stories.tsx[2m > [22m[2mNavigationPrompt / Sections Context
[22m[39m[UnitContext] useEffect triggered {
  "authLoading": false,
  "hasUser": true,
  "id": "mock-unit-id",
  "userSub": "mock-user-sub",
}
[90mstdout[2m | src/stories/chat-components.stories.tsx[2m > [22m[2mNavigationPrompt / Sections Context
[22m[39m[UnitContext] Fetching unit data for id: mock-unit-id
[90mstdout[2m | src/stories/chat-components.stories.tsx[2m > [22m[2mNavigationPrompt / Sections Context
[22m[39m[FilesContext] Initializing vector store from IndexedDB
[90mstdout[2m | src/stories/chat-components.stories.tsx[2m > [22m[2mNavigationPrompt / Sections Context
[22m[39m[FilesContext] fetchFiles called
[90mstdout[2m | src/stories/chat-components.stories.tsx[2m > [22m[2mNavigationPrompt / Sections Context
[22m[39m[FilesContext] User authenticated: mock-user-sub
[90mstdout[2m | src/stories/chat-components.stories.tsx[2m > [22m[2mNavigationPrompt / Sections Context
[22m[39m[FilesContext] Identity ID: us-east-1:mock-identity-123
[90mstdout[2m | src/stories/chat-components.stories.tsx[2m > [22m[2mNavigationPrompt / Sections Context
[22m[39m[FilesContext] About to set up File observeQuery
[90mstdout[2m | src/stories/chat-components.stories.tsx[2m > [22m[2mNavigationPrompt / Sections Context
[22m[39m[ChatContext] Setting up AssistantChat observeQuery
[90mstdout[2m | src/stories/chat-components.stories.tsx[2m > [22m[2mNavigationPrompt / Sections Context
[22m[39m[ChatContext] Waiting for subscription to initialize
[90mstdout[2m | src/stories/chat-components.stories.tsx[2m > [22m[2mNavigationPrompt / Sections Context
[22m[39m[SettingsContext] Setting up Settings subscription for user: mock-user-sub
[90mstdout[2m | src/stories/chat-components.stories.tsx[2m > [22m[2mNavigationPrompt / Sections Context
[22m[39m[Mock Data] Settings created: mock-settings-1790416412718 - notified 0 subscribers
[90mstdout[2m | src/stories/chat-components.stories.tsx[2m > [22m[2mNavigationPrompt / Sections Context
[22m[39m[Mock Data] Unit.onUpdate() subscription added. Total: 1
[90mstdout[2m | src/stories/chat-components.stories.tsx[2m > [22m[2mNavigationPrompt / Sections Context
[22m[39m[SectionContext] Section observeQuery update: 0
[90mstdout[2m | src/stories/chat-components.stories.tsx[2m > [22m[2mNavigationPrompt / Sections Context
[22m[39m[FilesContext] File observeQuery update: 6 files
[90mstdout[2m | src/stories/chat-components.stories.tsx[2m > [22m[2mNavigationPrompt / Sections Context
[22m[39m[ChatContext] AssistantChat initialized with 1 chats
[90mstdout[2m | src/stories/chat-components.stories.tsx[2m > [22m[2mNavigationPrompt / Sections Context
[22m[39m[ChatContext] Setting initial chat: mock-assistant-chat-1
[90mstdout[2m | src/stories/chat-components.stories.tsx[2m > [22m[2mNavigationPrompt / Sections Context
[22m[39m[MOCK CourseVectorStore] Initialized with mock data
[90mstdout[2m | src/stories/chat-components.stories.tsx[2m > [22m[2mNavigationPrompt / Sections Context
[22m[39m[FilesContext] Vector store population triggered {
  "currentVectorStoreSize": 3,
  "documentsCount": 0,
  "filesCount": 6,
  "isInitialLoad": true,
}
[90mstdout[2m | src/stories/chat-components.stories.tsx[2m > [22m[2mNavigationPrompt / Sections Context
[22m[39m[FilesContext] Vector store population complete - 3 total embeddings
[90mstdout[2m | src/stories/chat-components.stories.tsx[2m > [22m[2mNavigationPrompt / Sections Context
[22m[39m[ChatContext] Chat exists and not archived, skipping creation
[90mstdout[2m | src/stories/chat-components.stories.tsx[2m > [22m[2mNavigationPrompt / Sections Context
[22m[39m[Mock Storage] downloadData called with: undefined
[90mstdout[2m | src/stories/chat-components.stories.tsx[2m > [22m[2mRecordingScriptPreview / Word Preset
[22m[39m[ChatContext] Cleaning up subscriptions
[90mstdout[2m | src/stories/chat-components.stories.tsx[2m > [22m[2mRecordingScriptPreview / Word Preset
[22m[39m[Mock Data] Unit.onUpdate() subscription removed. Remaining: 0
[90mstdout[2m | src/stories/chat-components.stories.tsx[2m > [22m[2mRecordingScriptPreview / Word Preset
[22m[39m[MOCK CourseVectorStore] Initialized with mock data
[90mstdout[2m | src/stories/chat-components.stories.tsx[2m > [22m[2mRecordingScriptPreview / Word Preset
[22m[39m[TranslationModeController] Setting mode to: off
[90mstdout[2m | src/stories/chat-components.stories.tsx[2m > [22m[2mRecordingScriptPreview / Word Preset
[22m[39m[UnitContext] useEffect triggered {
  "authLoading": false,
  "hasUser": true,
  "id": "mock-unit-id",
  "userSub": "mock-user-sub",
}
[90mstdout[2m | src/stories/chat-components.stories.tsx[2m > [22m[2mRecordingScriptPreview / Word Preset
[22m[39m[UnitContext] Fetching unit data for id: mock-unit-id
[90mstdout[2m | src/stories/chat-components.stories.tsx[2m > [22m[2mRecordingScriptPreview / Word Preset
[22m[39m[FilesContext] Initializing vector store from IndexedDB
[90mstdout[2m | src/stories/chat-components.stories.tsx[2m > [22m[2mRecordingScriptPreview / Word Preset
[22m[39m[FilesContext] fetchFiles called
[90mstdout[2m | src/stories/chat-components.stories.tsx[2m > [22m[2mRecordingScriptPreview / Word Preset
[22m[39m[FilesContext] User authenticated: mock-user-sub
[90mstdout[2m | src/stories/chat-components.stories.tsx[2m > [22m[2mRecordingScriptPreview / Word Preset
[22m[39m[FilesContext] Identity ID: us-east-1:mock-identity-123
[90mstdout[2m | src/stories/chat-components.stories.tsx[2m > [22m[2mRecordingScriptPreview / Word Preset
[22m[39m[FilesContext] About to set up File observeQuery
[90mstdout[2m | src/stories/chat-components.stories.tsx[2m > [22m[2mRecordingScriptPreview / Word Preset
[22m[39m[ChatContext] Setting up AssistantChat observeQuery
[90mstdout[2m | src/stories/chat-components.stories.tsx[2m > [22m[2mRecordingScriptPreview / Word Preset
[22m[39m[ChatContext] Waiting for subscription to initialize
[90mstdout[2m | src/stories/chat-components.stories.tsx[2m > [22m[2mRecordingScriptPreview / Word Preset
[22m[39m[SettingsContext] Setting up Settings subscription for user: mock-user-sub
[90mstdout[2m | src/stories/chat-components.stories.tsx[2m > [22m[2mRecordingScriptPreview / Word Preset
[22m[39m[Mock Data] Settings created: mock-settings-1790416412843 - notified 0 subscribers
[90mstdout[2m | src/stories/chat-components.stories.tsx[2m > [22m[2mRecordingScriptPreview / Word Preset
[22m[39m[Mock Data] Unit.onUpdate() subscription added. Total: 1
[90mstdout[2m | src/stories/chat-components.stories.tsx[2m > [22m[2mRecordingScriptPreview / Word Preset
[22m[39m[SectionContext] Section observeQuery update: 0
[90mstdout[2m | src/stories/chat-components.stories.tsx[2m > [22m[2mRecordingScriptPreview / Word Preset
[22m[39m[FilesContext] File observeQuery update: 6 files
[90mstdout[2m | src/stories/chat-components.stories.tsx[2m > [22m[2mRecordingScriptPreview / Word Preset
[22m[39m[ChatContext] AssistantChat initialized with 1 chats
[90mstdout[2m | src/stories/chat-components.stories.tsx[2m > [22m[2mRecordingScriptPreview / Word Preset
[22m[39m[ChatContext] Setting initial chat: mock-assistant-chat-1
[90mstdout[2m | src/stories/chat-components.stories.tsx[2m > [22m[2mRecordingScriptPreview / Word Preset
[22m[39m[MOCK CourseVectorStore] Initialized with mock data
[90mstdout[2m | src/stories/chat-components.stories.tsx[2m > [22m[2mRecordingScriptPreview / Word Preset
[22m[39m[FilesContext] Vector store population triggered {
  "currentVectorStoreSize": 3,
  "documentsCount": 0,
  "filesCount": 6,
  "isInitialLoad": true,
}
[90mstdout[2m | src/stories/chat-components.stories.tsx[2m > [22m[2mRecordingScriptPreview / Word Preset
[22m[39m[FilesContext] Vector store population complete - 3 total embeddings
[90mstdout[2m | src/stories/chat-components.stories.tsx[2m > [22m[2mRecordingScriptPreview / Word Preset
[22m[39m[ChatContext] Chat exists and not archived, skipping creation
[90mstdout[2m | src/stories/chat-components.stories.tsx[2m > [22m[2mRecordingScriptPreview / Word Preset
[22m[39m[Mock Storage] downloadData called with: undefined
[90mstdout[2m | src/stories/chat-components.stories.tsx[2m > [22m[2mRecordingScriptPreview / Conversation Preset
[22m[39m[ChatContext] Cleaning up subscriptions
[90mstdout[2m | src/stories/chat-components.stories.tsx[2m > [22m[2mRecordingScriptPreview / Conversation Preset
[22m[39m[Mock Data] Unit.onUpdate() subscription removed. Remaining: 0
[90mstdout[2m | src/stories/chat-components.stories.tsx[2m > [22m[2mRecordingScriptPreview / Conversation Preset
[22m[39m[MOCK CourseVectorStore] Initialized with mock data
[90mstdout[2m | src/stories/chat-components.stories.tsx[2m > [22m[2mRecordingScriptPreview / Conversation Preset
[22m[39m[TranslationModeController] Setting mode to: off
[90mstdout[2m | src/stories/chat-components.stories.tsx[2m > [22m[2mRecordingScriptPreview / Conversation Preset
[22m[39m[UnitContext] useEffect triggered {
  "authLoading": false,
  "hasUser": true,
  "id": "mock-unit-id",
  "userSub": "mock-user-sub",
}
[90mstdout[2m | src/stories/chat-components.stories.tsx[2m > [22m[2mRecordingScriptPreview / Conversation Preset
[22m[39m[UnitContext] Fetching unit data for id: mock-unit-id
[90mstdout[2m | src/stories/chat-components.stories.tsx[2m > [22m[2mRecordingScriptPreview / Conversation Preset
[22m[39m[FilesContext] Initializing vector store from IndexedDB
[90mstdout[2m | src/stories/chat-components.stories.tsx[2m > [22m[2mRecordingScriptPreview / Conversation Preset
[22m[39m[FilesContext] fetchFiles called
[90mstdout[2m | src/stories/chat-components.stories.tsx[2m > [22m[2mRecordingScriptPreview / Conversation Preset
[22m[39m[FilesContext] User authenticated: mock-user-sub
[90mstdout[2m | src/stories/chat-components.stories.tsx[2m > [22m[2mRecordingScriptPreview / Conversation Preset
[22m[39m[FilesContext] Identity ID: us-east-1:mock-identity-123
[90mstdout[2m | src/stories/chat-components.stories.tsx[2m > [22m[2mRecordingScriptPreview / Conversation Preset
[22m[39m[FilesContext] About to set up File observeQuery
[90mstdout[2m | src/stories/chat-components.stories.tsx[2m > [22m[2mRecordingScriptPreview / Conversation Preset
[22m[39m[ChatContext] Setting up AssistantChat observeQuery
[90mstdout[2m | src/stories/chat-components.stories.tsx[2m > [22m[2mRecordingScriptPreview / Conversation Preset
[22m[39m[ChatContext] Waiting for subscription to initialize
[90mstdout[2m | src/stories/chat-components.stories.tsx[2m > [22m[2mRecordingScriptPreview / Conversation Preset
[22m[39m[SettingsContext] Setting up Settings subscription for user: mock-user-sub
[90mstdout[2m | src/stories/chat-components.stories.tsx[2m > [22m[2mRecordingScriptPreview / Conversation Preset
[22m[39m[Mock Data] Settings created: mock-settings-1790416412997 - notified 0 subscribers
[90mstdout[2m | src/stories/chat-components.stories.tsx[2m > [22m[2mRecordingScriptPreview / Conversation Preset
[22m[39m[Mock Data] Unit.onUpdate() subscription added. Total: 1
[90mstdout[2m | src/stories/chat-components.stories.tsx[2m > [22m[2mRecordingScriptPreview / Conversation Preset
[22m[39m[SectionContext] Section observeQuery update: 0
[90mstdout[2m | src/stories/chat-components.stories.tsx[2m > [22m[2mRecordingScriptPreview / Conversation Preset
[22m[39m[FilesContext] File observeQuery update: 6 files
[90mstdout[2m | src/stories/chat-components.stories.tsx[2m > [22m[2mRecordingScriptPreview / Conversation Preset
[22m[39m[ChatContext] AssistantChat initialized with 1 chats
[90mstdout[2m | src/stories/chat-components.stories.tsx[2m > [22m[2mRecordingScriptPreview / Conversation Preset
[22m[39m[ChatContext] Setting initial chat: mock-assistant-chat-1
[90mstdout[2m | src/stories/chat-components.stories.tsx[2m > [22m[2mRecordingScriptPreview / Conversation Preset
[22m[39m[MOCK CourseVectorStore] Initialized with mock data
[90mstdout[2m | src/stories/chat-components.stories.tsx[2m > [22m[2mRecordingScriptPreview / Conversation Preset
[22m[39m[FilesContext] Vector store population triggered {
  "currentVectorStoreSize": 3,
  "documentsCount": 0,
  "filesCount": 6,
  "isInitialLoad": true,
}
[90mstdout[2m | src/stories/chat-components.stories.tsx[2m > [22m[2mRecordingScriptPreview / Conversation Preset
[22m[39m[FilesContext] Vector store population complete - 3 total embeddings
[90mstdout[2m | src/stories/chat-components.stories.tsx[2m > [22m[2mRecordingScriptPreview / Conversation Preset
[22m[39m[ChatContext] Chat exists and not archived, skipping creation
[90mstdout[2m | src/stories/chat-components.stories.tsx[2m > [22m[2mRecordingScriptPreview / Conversation Preset
[22m[39m[Mock Storage] downloadData called with: undefined
 [32m✓[39m [30m[45m storybook (chromium) [49m[39m src/stories/chat-components.stories.tsx [2m([22m[2m11 tests[22m[2m)[22m[33m 1365[2mms[22m[39m
[90mstdout[2m | unknown test
[22m[39m[MOCK vectorStoreDB.js] Module loaded - mock IndexedDB operations
[90mstdout[2m | unknown test
[22m[39m[Task Completion] DOM action listeners initialized
[90mstdout[2m | unknown test
[22m[39m[Task Completion] Auto-completion detector initialized
[90mstdout[2m | unknown test
[22m[39m[Preview] Task completion detector initialized
[90mstdout[2m | src/components/Gamification/GroupChallengeCard.stories.tsx[2m > [22m[2mActive
[22m[39m[TranslationModeController] Setting mode to: off
[90mstdout[2m | src/components/Gamification/GroupChallengeCard.stories.tsx[2m > [22m[2mCompleted
[22m[39m[TranslationModeController] Setting mode to: off
[90mstdout[2m | src/components/Gamification/GroupChallengeCard.stories.tsx[2m > [22m[2mWith Deadline
[22m[39m[TranslationModeController] Setting mode to: off
[90mstdout[2m | src/components/Gamification/GroupChallengeCard.stories.tsx[2m > [22m[2mJust Started
[22m[39m[TranslationModeController] Setting mode to: off
 [32m✓[39m [30m[45m storybook (chromium) [49m[39m src/components/Gamification/GroupChallengeCard.stories.tsx [2m([22m[2m4 tests[22m[2m)[22m[33m 389[2mms[22m[39m
[90mstdout[2m | unknown test
[22m[39m[MOCK vectorStoreDB.js] Module loaded - mock IndexedDB operations
[90mstdout[2m | unknown test
[22m[39m[Task Completion] DOM action listeners initialized
[90mstdout[2m | unknown test
[22m[39m[Task Completion] Auto-completion detector initialized
[90mstdout[2m | unknown test
[22m[39m[Preview] Task completion detector initialized
[90mstdout[2m | src/components/ConflictResolutionDialog.stories.tsx[2m > [22m[2mDefault
[22m[39m[TranslationModeController] Setting mode to: off
[90mstdout[2m | src/components/ConflictResolutionDialog.stories.tsx[2m > [22m[2mMinor Conflict
[22m[39m[TranslationModeController] Setting mode to: off
 [32m✓[39m [30m[45m storybook (chromium) [49m[39m src/components/ConflictResolutionDialog.stories.tsx [2m([22m[2m2 tests[22m[2m)[22m[33m 527[2mms[22m[39m
[90mstdout[2m | unknown test
[22m[39m[MOCK vectorStoreDB.js] Module loaded - mock IndexedDB operations
[90mstdout[2m | unknown test
[22m[39m[Task Completion] DOM action listeners initialized
[90mstdout[2m | unknown test
[22m[39m[Task Completion] Auto-completion detector initialized
[90mstdout[2m | unknown test
[22m[39m[Preview] Task completion detector initialized
[90mstdout[2m | src/components/GroupChallengeEditor.stories.tsx[2m > [22m[2mDefault
[22m[39m[MOCK CourseVectorStore] Initialized with mock data
[90mstdout[2m | src/components/GroupChallengeEditor.stories.tsx[2m > [22m[2mDefault
[22m[39m[TranslationModeController] Setting mode to: off
[90mstdout[2m | src/components/GroupChallengeEditor.stories.tsx[2m > [22m[2mDefault
[22m[39m[UnitContext] useEffect triggered {
  "authLoading": false,
  "hasUser": true,
  "id": "mock-unit-id",
  "userSub": "mock-user-sub",
}
[90mstdout[2m | src/components/GroupChallengeEditor.stories.tsx[2m > [22m[2mDefault
[22m[39m[UnitContext] Fetching unit data for id: mock-unit-id
[90mstdout[2m | src/components/GroupChallengeEditor.stories.tsx[2m > [22m[2mDefault
[22m[39m[FilesContext] Initializing vector store from IndexedDB
[90mstdout[2m | src/components/GroupChallengeEditor.stories.tsx[2m > [22m[2mDefault
[22m[39m[FilesContext] fetchFiles called
[90mstdout[2m | src/components/GroupChallengeEditor.stories.tsx[2m > [22m[2mDefault
[22m[39m[FilesContext] User authenticated: mock-user-sub
[90mstdout[2m | src/components/GroupChallengeEditor.stories.tsx[2m > [22m[2mDefault
[22m[39m[FilesContext] Identity ID: us-east-1:mock-identity-123
[90mstdout[2m | src/components/GroupChallengeEditor.stories.tsx[2m > [22m[2mDefault
[22m[39m[FilesContext] About to set up File observeQuery
[90mstdout[2m | src/components/GroupChallengeEditor.stories.tsx[2m > [22m[2mDefault
[22m[39m[ChatContext] Setting up AssistantChat observeQuery
[90mstdout[2m | src/components/GroupChallengeEditor.stories.tsx[2m > [22m[2mDefault
[22m[39m[ChatContext] Waiting for subscription to initialize
[90mstdout[2m | src/components/GroupChallengeEditor.stories.tsx[2m > [22m[2mDefault
[22m[39m[SettingsContext] Setting up Settings subscription for user: mock-user-sub
[90mstdout[2m | src/components/GroupChallengeEditor.stories.tsx[2m > [22m[2mDefault
[22m[39m[Mock Data] Settings created: mock-settings-1790416419262 - notified 0 subscribers
[90mstdout[2m | src/components/GroupChallengeEditor.stories.tsx[2m > [22m[2mDefault
[22m[39m[Mock Data] Unit.onUpdate() subscription added. Total: 1
[90mstdout[2m | src/components/GroupChallengeEditor.stories.tsx[2m > [22m[2mDefault
[22m[39m[SectionContext] Section observeQuery update: 0
[90mstdout[2m | src/components/GroupChallengeEditor.stories.tsx[2m > [22m[2mDefault
[22m[39m[FilesContext] File observeQuery update: 6 files
[90mstdout[2m | src/components/GroupChallengeEditor.stories.tsx[2m > [22m[2mDefault
[22m[39m[ChatContext] AssistantChat initialized with 1 chats
[90mstdout[2m | src/components/GroupChallengeEditor.stories.tsx[2m > [22m[2mDefault
[22m[39m[ChatContext] Setting initial chat: mock-assistant-chat-1
[90mstdout[2m | src/components/GroupChallengeEditor.stories.tsx[2m > [22m[2mDefault
[22m[39m[MOCK CourseVectorStore] Initialized with mock data
[90mstdout[2m | src/components/GroupChallengeEditor.stories.tsx[2m > [22m[2mDefault
[22m[39m[FilesContext] Vector store population triggered {
  "currentVectorStoreSize": 3,
  "documentsCount": 0,
  "filesCount": 6,
  "isInitialLoad": true,
}
[90mstdout[2m | src/components/GroupChallengeEditor.stories.tsx[2m > [22m[2mDefault
[22m[39m[FilesContext] Vector store population complete - 3 total embeddings
[90mstdout[2m | src/components/GroupChallengeEditor.stories.tsx[2m > [22m[2mDefault
[22m[39m[ChatContext] Chat exists and not archived, skipping creation
[90mstdout[2m | src/components/GroupChallengeEditor.stories.tsx[2m > [22m[2mDefault
[22m[39m[Mock Storage] downloadData called with: undefined
[90mstdout[2m | src/components/GroupChallengeEditor.stories.tsx[2m > [22m[2mEdit With Progress
[22m[39m[ChatContext] Cleaning up subscriptions
[90mstdout[2m | src/components/GroupChallengeEditor.stories.tsx[2m > [22m[2mEdit With Progress
[22m[39m[Mock Data] Unit.onUpdate() subscription removed. Remaining: 0
[90mstdout[2m | src/components/GroupChallengeEditor.stories.tsx[2m > [22m[2mEdit With Progress
[22m[39m[MOCK CourseVectorStore] Initialized with mock data
[90mstdout[2m | src/components/GroupChallengeEditor.stories.tsx[2m > [22m[2mEdit With Progress
[22m[39m[TranslationModeController] Setting mode to: off
[90mstdout[2m | src/components/GroupChallengeEditor.stories.tsx[2m > [22m[2mEdit With Progress
[22m[39m[UnitContext] useEffect triggered {
  "authLoading": false,
  "hasUser": true,
  "id": "mock-unit-id",
  "userSub": "mock-user-sub",
}
[90mstdout[2m | src/components/GroupChallengeEditor.stories.tsx[2m > [22m[2mEdit With Progress
[22m[39m[UnitContext] Fetching unit data for id: mock-unit-id
[90mstdout[2m | src/components/GroupChallengeEditor.stories.tsx[2m > [22m[2mEdit With Progress
[22m[39m[FilesContext] Initializing vector store from IndexedDB
[90mstdout[2m | src/components/GroupChallengeEditor.stories.tsx[2m > [22m[2mEdit With Progress
[22m[39m[FilesContext] fetchFiles called
[90mstdout[2m | src/components/GroupChallengeEditor.stories.tsx[2m > [22m[2mEdit With Progress
[22m[39m[FilesContext] User authenticated: mock-user-sub
[90mstdout[2m | src/components/GroupChallengeEditor.stories.tsx[2m > [22m[2mEdit With Progress
[22m[39m[FilesContext] Identity ID: us-east-1:mock-identity-123
[90mstdout[2m | src/components/GroupChallengeEditor.stories.tsx[2m > [22m[2mEdit With Progress
[22m[39m[FilesContext] About to set up File observeQuery
[90mstdout[2m | src/components/GroupChallengeEditor.stories.tsx[2m > [22m[2mEdit With Progress
[22m[39m[ChatContext] Setting up AssistantChat observeQuery
[90mstdout[2m | src/components/GroupChallengeEditor.stories.tsx[2m > [22m[2mEdit With Progress
[22m[39m[ChatContext] Waiting for subscription to initialize
[90mstdout[2m | src/components/GroupChallengeEditor.stories.tsx[2m > [22m[2mEdit With Progress
[22m[39m[SettingsContext] Setting up Settings subscription for user: mock-user-sub
[90mstdout[2m | src/components/GroupChallengeEditor.stories.tsx[2m > [22m[2mEdit With Progress
[22m[39m[Mock Data] Settings created: mock-settings-1790416419864 - notified 0 subscribers
[90mstdout[2m | src/components/GroupChallengeEditor.stories.tsx[2m > [22m[2mEdit With Progress
[22m[39m[Mock Data] Unit.onUpdate() subscription added. Total: 1
[90mstdout[2m | src/components/GroupChallengeEditor.stories.tsx[2m > [22m[2mEdit With Progress
[22m[39m[SectionContext] Section observeQuery update: 0
[90mstdout[2m | src/components/GroupChallengeEditor.stories.tsx[2m > [22m[2mEdit With Progress
[22m[39m[FilesContext] File observeQuery update: 6 files
[90mstdout[2m | src/components/GroupChallengeEditor.stories.tsx[2m > [22m[2mEdit With Progress
[22m[39m[ChatContext] AssistantChat initialized with 1 chats
[90mstdout[2m | src/components/GroupChallengeEditor.stories.tsx[2m > [22m[2mEdit With Progress
[22m[39m[ChatContext] Setting initial chat: mock-assistant-chat-1
[90mstdout[2m | src/components/GroupChallengeEditor.stories.tsx[2m > [22m[2mEdit With Progress
[22m[39m[MOCK CourseVectorStore] Initialized with mock data
[90mstdout[2m | src/components/GroupChallengeEditor.stories.tsx[2m > [22m[2mEdit With Progress
[22m[39m[FilesContext] Vector store population triggered {
  "currentVectorStoreSize": 3,
  "documentsCount": 0,
  "filesCount": 6,
  "isInitialLoad": true,
}
[90mstdout[2m | src/components/GroupChallengeEditor.stories.tsx[2m > [22m[2mEdit With Progress
[22m[39m[FilesContext] Vector store population complete - 3 total embeddings
[90mstdout[2m | src/components/GroupChallengeEditor.stories.tsx[2m > [22m[2mEdit With Progress
[22m[39m[ChatContext] Chat exists and not archived, skipping creation
[90mstdout[2m | src/components/GroupChallengeEditor.stories.tsx[2m > [22m[2mEdit With Progress
[22m[39m[Mock Storage] downloadData called with: undefined
[90mstdout[2m | src/components/GroupChallengeEditor.stories.tsx[2m > [22m[2mExpired Deadline
[22m[39m[ChatContext] Cleaning up subscriptions
[90mstdout[2m | src/components/GroupChallengeEditor.stories.tsx[2m > [22m[2mExpired Deadline
[22m[39m[Mock Data] Unit.onUpdate() subscription removed. Remaining: 0
[90mstdout[2m | src/components/GroupChallengeEditor.stories.tsx[2m > [22m[2mExpired Deadline
[22m[39m[MOCK CourseVectorStore] Initialized with mock data
[90mstdout[2m | src/components/GroupChallengeEditor.stories.tsx[2m > [22m[2mExpired Deadline
[22m[39m[TranslationModeController] Setting mode to: off
[90mstdout[2m | src/components/GroupChallengeEditor.stories.tsx[2m > [22m[2mExpired Deadline
[22m[39m[UnitContext] useEffect triggered {
  "authLoading": false,
  "hasUser": true,
  "id": "mock-unit-id",
  "userSub": "mock-user-sub",
}
[90mstdout[2m | src/components/GroupChallengeEditor.stories.tsx[2m > [22m[2mExpired Deadline
[22m[39m[UnitContext] Fetching unit data for id: mock-unit-id
[90mstdout[2m | src/components/GroupChallengeEditor.stories.tsx[2m > [22m[2mExpired Deadline
[22m[39m[FilesContext] Initializing vector store from IndexedDB
[90mstdout[2m | src/components/GroupChallengeEditor.stories.tsx[2m > [22m[2mExpired Deadline
[22m[39m[FilesContext] fetchFiles called
[90mstdout[2m | src/components/GroupChallengeEditor.stories.tsx[2m > [22m[2mExpired Deadline
[22m[39m[FilesContext] User authenticated: mock-user-sub
[90mstdout[2m | src/components/GroupChallengeEditor.stories.tsx[2m > [22m[2mExpired Deadline
[22m[39m[FilesContext] Identity ID: us-east-1:mock-identity-123
[90mstdout[2m | src/components/GroupChallengeEditor.stories.tsx[2m > [22m[2mExpired Deadline
[22m[39m[FilesContext] About to set up File observeQuery
[90mstdout[2m | src/components/GroupChallengeEditor.stories.tsx[2m > [22m[2mExpired Deadline
[22m[39m[ChatContext] Setting up AssistantChat observeQuery
[90mstdout[2m | src/components/GroupChallengeEditor.stories.tsx[2m > [22m[2mExpired Deadline
[22m[39m[ChatContext] Waiting for subscription to initialize
[90mstdout[2m | src/components/GroupChallengeEditor.stories.tsx[2m > [22m[2mExpired Deadline
[22m[39m[SettingsContext] Setting up Settings subscription for user: mock-user-sub
[90mstdout[2m | src/components/GroupChallengeEditor.stories.tsx[2m > [22m[2mExpired Deadline
[22m[39m[Mock Data] Settings created: mock-settings-1790416420317 - notified 0 subscribers
[90mstdout[2m | src/components/GroupChallengeEditor.stories.tsx[2m > [22m[2mExpired Deadline
[22m[39m[Mock Data] Unit.onUpdate() subscription added. Total: 1
[90mstdout[2m | src/components/GroupChallengeEditor.stories.tsx[2m > [22m[2mExpired Deadline
[22m[39m[SectionContext] Section observeQuery update: 0
[90mstdout[2m | src/components/GroupChallengeEditor.stories.tsx[2m > [22m[2mExpired Deadline
[22m[39m[FilesContext] File observeQuery update: 6 files
[90mstdout[2m | src/components/GroupChallengeEditor.stories.tsx[2m > [22m[2mExpired Deadline
[22m[39m[ChatContext] AssistantChat initialized with 1 chats
[90mstdout[2m | src/components/GroupChallengeEditor.stories.tsx[2m > [22m[2mExpired Deadline
[22m[39m[ChatContext] Setting initial chat: mock-assistant-chat-1
[90mstdout[2m | src/components/GroupChallengeEditor.stories.tsx[2m > [22m[2mExpired Deadline
[22m[39m[MOCK CourseVectorStore] Initialized with mock data
[90mstdout[2m | src/components/GroupChallengeEditor.stories.tsx[2m > [22m[2mExpired Deadline
[22m[39m[FilesContext] Vector store population triggered {
  "currentVectorStoreSize": 3,
  "documentsCount": 0,
  "filesCount": 6,
  "isInitialLoad": true,
}
[90mstdout[2m | src/components/GroupChallengeEditor.stories.tsx[2m > [22m[2mExpired Deadline
[22m[39m[FilesContext] Vector store population complete - 3 total embeddings
[90mstdout[2m | src/components/GroupChallengeEditor.stories.tsx[2m > [22m[2mExpired Deadline
[22m[39m[ChatContext] Chat exists and not archived, skipping creation
[90mstdout[2m | src/components/GroupChallengeEditor.stories.tsx[2m > [22m[2mExpired Deadline
[22m[39m[Mock Storage] downloadData called with: undefined
[90mstdout[2m | src/components/GroupChallengeEditor.stories.tsx[2m > [22m[2mCompleted Challenge
[22m[39m[ChatContext] Cleaning up subscriptions
[90mstdout[2m | src/components/GroupChallengeEditor.stories.tsx[2m > [22m[2mCompleted Challenge
[22m[39m[Mock Data] Unit.onUpdate() subscription removed. Remaining: 0
[90mstdout[2m | src/components/GroupChallengeEditor.stories.tsx[2m > [22m[2mCompleted Challenge
[22m[39m[MOCK CourseVectorStore] Initialized with mock data
[90mstdout[2m | src/components/GroupChallengeEditor.stories.tsx[2m > [22m[2mCompleted Challenge
[22m[39m[TranslationModeController] Setting mode to: off
[90mstdout[2m | src/components/GroupChallengeEditor.stories.tsx[2m > [22m[2mCompleted Challenge
[22m[39m[UnitContext] useEffect triggered {
  "authLoading": false,
  "hasUser": true,
  "id": "mock-unit-id",
  "userSub": "mock-user-sub",
}
[90mstdout[2m | src/components/GroupChallengeEditor.stories.tsx[2m > [22m[2mCompleted Challenge
[22m[39m[UnitContext] Fetching unit data for id: mock-unit-id
[90mstdout[2m | src/components/GroupChallengeEditor.stories.tsx[2m > [22m[2mCompleted Challenge
[22m[39m[FilesContext] Initializing vector store from IndexedDB
[90mstdout[2m | src/components/GroupChallengeEditor.stories.tsx[2m > [22m[2mCompleted Challenge
[22m[39m[FilesContext] fetchFiles called
[90mstdout[2m | src/components/GroupChallengeEditor.stories.tsx[2m > [22m[2mCompleted Challenge
[22m[39m[FilesContext] User authenticated: mock-user-sub
[90mstdout[2m | src/components/GroupChallengeEditor.stories.tsx[2m > [22m[2mCompleted Challenge
[22m[39m[FilesContext] Identity ID: us-east-1:mock-identity-123
[90mstdout[2m | src/components/GroupChallengeEditor.stories.tsx[2m > [22m[2mCompleted Challenge
[22m[39m[FilesContext] About to set up File observeQuery
[90mstdout[2m | src/components/GroupChallengeEditor.stories.tsx[2m > [22m[2mCompleted Challenge
[22m[39m[ChatContext] Setting up AssistantChat observeQuery
[90mstdout[2m | src/components/GroupChallengeEditor.stories.tsx[2m > [22m[2mCompleted Challenge
[22m[39m[ChatContext] Waiting for subscription to initialize
[90mstdout[2m | src/components/GroupChallengeEditor.stories.tsx[2m > [22m[2mCompleted Challenge
[22m[39m[SettingsContext] Setting up Settings subscription for user: mock-user-sub
[90mstdout[2m | src/components/GroupChallengeEditor.stories.tsx[2m > [22m[2mCompleted Challenge
[22m[39m[Mock Data] Settings created: mock-settings-1790416420684 - notified 0 subscribers
[90mstdout[2m | src/components/GroupChallengeEditor.stories.tsx[2m > [22m[2mCompleted Challenge
[22m[39m[Mock Data] Unit.onUpdate() subscription added. Total: 1
[90mstdout[2m | src/components/GroupChallengeEditor.stories.tsx[2m > [22m[2mCompleted Challenge
[22m[39m[SectionContext] Section observeQuery update: 0
[90mstdout[2m | src/components/GroupChallengeEditor.stories.tsx[2m > [22m[2mCompleted Challenge
[22m[39m[FilesContext] File observeQuery update: 6 files
[90mstdout[2m | src/components/GroupChallengeEditor.stories.tsx[2m > [22m[2mCompleted Challenge
[22m[39m[ChatContext] AssistantChat initialized with 1 chats
[90mstdout[2m | src/components/GroupChallengeEditor.stories.tsx[2m > [22m[2mCompleted Challenge
[22m[39m[ChatContext] Setting initial chat: mock-assistant-chat-1
[90mstdout[2m | src/components/GroupChallengeEditor.stories.tsx[2m > [22m[2mCompleted Challenge
[22m[39m[MOCK CourseVectorStore] Initialized with mock data
[90mstdout[2m | src/components/GroupChallengeEditor.stories.tsx[2m > [22m[2mCompleted Challenge
[22m[39m[FilesContext] Vector store population triggered {
  "currentVectorStoreSize": 3,
  "documentsCount": 0,
  "filesCount": 6,
  "isInitialLoad": true,
}
[90mstdout[2m | src/components/GroupChallengeEditor.stories.tsx[2m > [22m[2mCompleted Challenge
[22m[39m[FilesContext] Vector store population complete - 3 total embeddings
[90mstdout[2m | src/components/GroupChallengeEditor.stories.tsx[2m > [22m[2mCompleted Challenge
[22m[39m[ChatContext] Chat exists and not archived, skipping creation
[90mstdout[2m | src/components/GroupChallengeEditor.stories.tsx[2m > [22m[2mCompleted Challenge
[22m[39m[Mock Storage] downloadData called with: undefined
[90mstdout[2m | src/components/GroupChallengeEditor.stories.tsx[2m > [22m[2mSubmitting
[22m[39m[ChatContext] Cleaning up subscriptions
[90mstdout[2m | src/components/GroupChallengeEditor.stories.tsx[2m > [22m[2mSubmitting
[22m[39m[Mock Data] Unit.onUpdate() subscription removed. Remaining: 0
[90mstdout[2m | src/components/GroupChallengeEditor.stories.tsx[2m > [22m[2mSubmitting
[22m[39m[MOCK CourseVectorStore] Initialized with mock data
[90mstdout[2m | src/components/GroupChallengeEditor.stories.tsx[2m > [22m[2mSubmitting
[22m[39m[TranslationModeController] Setting mode to: off
[90mstdout[2m | src/components/GroupChallengeEditor.stories.tsx[2m > [22m[2mSubmitting
[22m[39m[UnitContext] useEffect triggered {
  "authLoading": false,
  "hasUser": true,
  "id": "mock-unit-id",
  "userSub": "mock-user-sub",
}
[90mstdout[2m | src/components/GroupChallengeEditor.stories.tsx[2m > [22m[2mSubmitting
[22m[39m[UnitContext] Fetching unit data for id: mock-unit-id
[90mstdout[2m | src/components/GroupChallengeEditor.stories.tsx[2m > [22m[2mSubmitting
[22m[39m[FilesContext] Initializing vector store from IndexedDB
[90mstdout[2m | src/components/GroupChallengeEditor.stories.tsx[2m > [22m[2mSubmitting
[22m[39m[FilesContext] fetchFiles called
[90mstdout[2m | src/components/GroupChallengeEditor.stories.tsx[2m > [22m[2mSubmitting
[22m[39m[FilesContext] User authenticated: mock-user-sub
[90mstdout[2m | src/components/GroupChallengeEditor.stories.tsx[2m > [22m[2mSubmitting
[22m[39m[FilesContext] Identity ID: us-east-1:mock-identity-123
[90mstdout[2m | src/components/GroupChallengeEditor.stories.tsx[2m > [22m[2mSubmitting
[22m[39m[FilesContext] About to set up File observeQuery
[90mstdout[2m | src/components/GroupChallengeEditor.stories.tsx[2m > [22m[2mSubmitting
[22m[39m[ChatContext] Setting up AssistantChat observeQuery
[90mstdout[2m | src/components/GroupChallengeEditor.stories.tsx[2m > [22m[2mSubmitting
[22m[39m[ChatContext] Waiting for subscription to initialize
[90mstdout[2m | src/components/GroupChallengeEditor.stories.tsx[2m > [22m[2mSubmitting
[22m[39m[SettingsContext] Setting up Settings subscription for user: mock-user-sub
[90mstdout[2m | src/components/GroupChallengeEditor.stories.tsx[2m > [22m[2mSubmitting
[22m[39m[Mock Data] Settings created: mock-settings-1790416421035 - notified 0 subscribers
[90mstdout[2m | src/components/GroupChallengeEditor.stories.tsx[2m > [22m[2mSubmitting
[22m[39m[Mock Data] Unit.onUpdate() subscription added. Total: 1
[90mstdout[2m | src/components/GroupChallengeEditor.stories.tsx[2m > [22m[2mSubmitting
[22m[39m[SectionContext] Section observeQuery update: 0
[90mstdout[2m | src/components/GroupChallengeEditor.stories.tsx[2m > [22m[2mSubmitting
[22m[39m[FilesContext] File observeQuery update: 6 files
[90mstdout[2m | src/components/GroupChallengeEditor.stories.tsx[2m > [22m[2mSubmitting
[22m[39m[ChatContext] AssistantChat initialized with 1 chats
[90mstdout[2m | src/components/GroupChallengeEditor.stories.tsx[2m > [22m[2mSubmitting
[22m[39m[ChatContext] Setting initial chat: mock-assistant-chat-1
[90mstdout[2m | src/components/GroupChallengeEditor.stories.tsx[2m > [22m[2mSubmitting
[22m[39m[MOCK CourseVectorStore] Initialized with mock data
[90mstdout[2m | src/components/GroupChallengeEditor.stories.tsx[2m > [22m[2mSubmitting
[22m[39m[FilesContext] Vector store population triggered {
  "currentVectorStoreSize": 3,
  "documentsCount": 0,
  "filesCount": 6,
  "isInitialLoad": true,
}
[90mstdout[2m | src/components/GroupChallengeEditor.stories.tsx[2m > [22m[2mSubmitting
[22m[39m[FilesContext] Vector store population complete - 3 total embeddings
[90mstdout[2m | src/components/GroupChallengeEditor.stories.tsx[2m > [22m[2mSubmitting
[22m[39m[ChatContext] Chat exists and not archived, skipping creation
[90mstdout[2m | src/components/GroupChallengeEditor.stories.tsx[2m > [22m[2mSubmitting
[22m[39m[Mock Storage] downloadData called with: undefined
 [32m✓[39m [30m[45m storybook (chromium) [49m[39m src/components/GroupChallengeEditor.stories.tsx [2m([22m[2m5 tests[22m[2m)[22m[33m 2187[2mms[22m[39m
   [33m[2m✓[22m[39m Default [33m 494[2mms[22m[39m
   [33m[2m✓[22m[39m Edit With Progress [33m 583[2mms[22m[39m
   [33m[2m✓[22m[39m Expired Deadline [33m 389[2mms[22m[39m
   [33m[2m✓[22m[39m Completed Challenge [33m 364[2mms[22m[39m
   [33m[2m✓[22m[39m Submitting [33m 357[2mms[22m[39m
[90mstdout[2m | unknown test
[22m[39m[MOCK vectorStoreDB.js] Module loaded - mock IndexedDB operations
[90mstdout[2m | unknown test
[22m[39m[Task Completion] DOM action listeners initialized
[90mstdout[2m | unknown test
[22m[39m[Task Completion] Auto-completion detector initialized
[90mstdout[2m | unknown test
[22m[39m[Preview] Task completion detector initialized
[90mstdout[2m | src/components/Editor3/components/AssignmentConfiguration.stories.jsx[2m > [22m[2mWith Existing Assignment
[22m[39m[MOCK CourseVectorStore] Initialized with mock data
[90mstdout[2m | src/components/Editor3/components/AssignmentConfiguration.stories.jsx[2m > [22m[2mWith Existing Assignment
[22m[39m[TranslationModeController] Setting mode to: off
[90mstdout[2m | src/components/Editor3/components/AssignmentConfiguration.stories.jsx[2m > [22m[2mWith Existing Assignment
[22m[39m[FilesContext] Initializing vector store from IndexedDB
[90mstdout[2m | src/components/Editor3/components/AssignmentConfiguration.stories.jsx[2m > [22m[2mWith Existing Assignment
[22m[39m[FilesContext] fetchFiles called
[90mstdout[2m | src/components/Editor3/components/AssignmentConfiguration.stories.jsx[2m > [22m[2mWith Existing Assignment
[22m[39m[FilesContext] User authenticated: mock-user-sub
[90mstdout[2m | src/components/Editor3/components/AssignmentConfiguration.stories.jsx[2m > [22m[2mWith Existing Assignment
[22m[39m[FilesContext] Identity ID: us-east-1:mock-identity-123
[90mstdout[2m | src/components/Editor3/components/AssignmentConfiguration.stories.jsx[2m > [22m[2mWith Existing Assignment
[22m[39m[FilesContext] About to set up File observeQuery
[90mstdout[2m | src/components/Editor3/components/AssignmentConfiguration.stories.jsx[2m > [22m[2mWith Existing Assignment
[22m[39m[ChatContext] Setting up AssistantChat observeQuery
[90mstdout[2m | src/components/Editor3/components/AssignmentConfiguration.stories.jsx[2m > [22m[2mWith Existing Assignment
[22m[39m[ChatContext] Waiting for subscription to initialize
[90mstdout[2m | src/components/Editor3/components/AssignmentConfiguration.stories.jsx[2m > [22m[2mWith Existing Assignment
[22m[39m[SettingsContext] Setting up Settings subscription for user: mock-user-sub
[90mstdout[2m | src/components/Editor3/components/AssignmentConfiguration.stories.jsx[2m > [22m[2mWith Existing Assignment
[22m[39m[Mock Data] Settings created: mock-settings-1790416426515 - notified 0 subscribers
[90mstdout[2m | src/components/Editor3/components/AssignmentConfiguration.stories.jsx[2m > [22m[2mWith Existing Assignment
[22m[39m[FilesContext] File observeQuery update: 6 files
[90mstdout[2m | src/components/Editor3/components/AssignmentConfiguration.stories.jsx[2m > [22m[2mWith Existing Assignment
[22m[39m[ChatContext] AssistantChat initialized with 1 chats
[90mstdout[2m | src/components/Editor3/components/AssignmentConfiguration.stories.jsx[2m > [22m[2mWith Existing Assignment
[22m[39m[ChatContext] Setting initial chat: mock-assistant-chat-1
[90mstdout[2m | src/components/Editor3/components/AssignmentConfiguration.stories.jsx[2m > [22m[2mWith Existing Assignment
[22m[39m[MOCK CourseVectorStore] Initialized with mock data
[90mstdout[2m | src/components/Editor3/components/AssignmentConfiguration.stories.jsx[2m > [22m[2mWith Existing Assignment
[22m[39m[FilesContext] Vector store population triggered {
  "currentVectorStoreSize": 3,
  "documentsCount": 0,
  "filesCount": 6,
  "isInitialLoad": true,
}
[90mstdout[2m | src/components/Editor3/components/AssignmentConfiguration.stories.jsx[2m > [22m[2mWith Existing Assignment
[22m[39m[FilesContext] Vector store population complete - 3 total embeddings
[90mstdout[2m | src/components/Editor3/components/AssignmentConfiguration.stories.jsx[2m > [22m[2mWith Existing Assignment
[22m[39m[ChatContext] Chat exists and not archived, skipping creation
[90mstdout[2m | src/components/Editor3/components/AssignmentConfiguration.stories.jsx[2m > [22m[2mWith Existing Assignment
[22m[39m[Mock Storage] downloadData called with: undefined
[90mstdout[2m | src/components/Editor3/components/AssignmentConfiguration.stories.jsx[2m > [22m[2mNo Assignments
[22m[39m[ChatContext] Cleaning up subscriptions
[90mstdout[2m | src/components/Editor3/components/AssignmentConfiguration.stories.jsx[2m > [22m[2mNo Assignments
[22m[39m[MOCK CourseVectorStore] Initialized with mock data
[90mstdout[2m | src/components/Editor3/components/AssignmentConfiguration.stories.jsx[2m > [22m[2mNo Assignments
[22m[39m[TranslationModeController] Setting mode to: off
[90mstdout[2m | src/components/Editor3/components/AssignmentConfiguration.stories.jsx[2m > [22m[2mNo Assignments
[22m[39m[FilesContext] Initializing vector store from IndexedDB
[90mstdout[2m | src/components/Editor3/components/AssignmentConfiguration.stories.jsx[2m > [22m[2mNo Assignments
[22m[39m[FilesContext] fetchFiles called
[90mstdout[2m | src/components/Editor3/components/AssignmentConfiguration.stories.jsx[2m > [22m[2mNo Assignments
[22m[39m[FilesContext] User authenticated: mock-user-sub
[90mstdout[2m | src/components/Editor3/components/AssignmentConfiguration.stories.jsx[2m > [22m[2mNo Assignments
[22m[39m[FilesContext] Identity ID: us-east-1:mock-identity-123
[90mstdout[2m | src/components/Editor3/components/AssignmentConfiguration.stories.jsx[2m > [22m[2mNo Assignments
[22m[39m[FilesContext] About to set up File observeQuery
[90mstdout[2m | src/components/Editor3/components/AssignmentConfiguration.stories.jsx[2m > [22m[2mNo Assignments
[22m[39m[ChatContext] Setting up AssistantChat observeQuery
[90mstdout[2m | src/components/Editor3/components/AssignmentConfiguration.stories.jsx[2m > [22m[2mNo Assignments
[22m[39m[ChatContext] Waiting for subscription to initialize
[90mstdout[2m | src/components/Editor3/components/AssignmentConfiguration.stories.jsx[2m > [22m[2mNo Assignments
[22m[39m[SettingsContext] Setting up Settings subscription for user: mock-user-sub
[90mstdout[2m | src/components/Editor3/components/AssignmentConfiguration.stories.jsx[2m > [22m[2mNo Assignments
[22m[39m[Mock Data] Settings created: mock-settings-1790416426937 - notified 0 subscribers
[90mstdout[2m | src/components/Editor3/components/AssignmentConfiguration.stories.jsx[2m > [22m[2mNo Assignments
[22m[39m[FilesContext] File observeQuery update: 6 files
[90mstdout[2m | src/components/Editor3/components/AssignmentConfiguration.stories.jsx[2m > [22m[2mNo Assignments
[22m[39m[ChatContext] AssistantChat initialized with 1 chats
[90mstdout[2m | src/components/Editor3/components/AssignmentConfiguration.stories.jsx[2m > [22m[2mNo Assignments
[22m[39m[ChatContext] Setting initial chat: mock-assistant-chat-1
[90mstdout[2m | src/components/Editor3/components/AssignmentConfiguration.stories.jsx[2m > [22m[2mNo Assignments
[22m[39m[MOCK CourseVectorStore] Initialized with mock data
[90mstdout[2m | src/components/Editor3/components/AssignmentConfiguration.stories.jsx[2m > [22m[2mNo Assignments
[22m[39m[FilesContext] Vector store population triggered {
  "currentVectorStoreSize": 3,
  "documentsCount": 0,
  "filesCount": 6,
  "isInitialLoad": true,
}
[90mstdout[2m | src/components/Editor3/components/AssignmentConfiguration.stories.jsx[2m > [22m[2mNo Assignments
[22m[39m[FilesContext] Vector store population complete - 3 total embeddings
[90mstdout[2m | src/components/Editor3/components/AssignmentConfiguration.stories.jsx[2m > [22m[2mNo Assignments
[22m[39m[ChatContext] Chat exists and not archived, skipping creation
[90mstdout[2m | src/components/Editor3/components/AssignmentConfiguration.stories.jsx[2m > [22m[2mNo Assignments
[22m[39m[Mock Storage] downloadData called with: undefined
[90mstdout[2m | src/components/Editor3/components/AssignmentConfiguration.stories.jsx[2m > [22m[2mNo Sections
[22m[39m[ChatContext] Cleaning up subscriptions
[90mstdout[2m | src/components/Editor3/components/AssignmentConfiguration.stories.jsx[2m > [22m[2mNo Sections
[22m[39m[MOCK CourseVectorStore] Initialized with mock data
[90mstdout[2m | src/components/Editor3/components/AssignmentConfiguration.stories.jsx[2m > [22m[2mNo Sections
[22m[39m[TranslationModeController] Setting mode to: off
[90mstdout[2m | src/components/Editor3/components/AssignmentConfiguration.stories.jsx[2m > [22m[2mNo Sections
[22m[39m[FilesContext] Initializing vector store from IndexedDB
[90mstdout[2m | src/components/Editor3/components/AssignmentConfiguration.stories.jsx[2m > [22m[2mNo Sections
[22m[39m[FilesContext] fetchFiles called
[90mstdout[2m | src/components/Editor3/components/AssignmentConfiguration.stories.jsx[2m > [22m[2mNo Sections
[22m[39m[FilesContext] User authenticated: mock-user-sub
[90mstdout[2m | src/components/Editor3/components/AssignmentConfiguration.stories.jsx[2m > [22m[2mNo Sections
[22m[39m[FilesContext] Identity ID: us-east-1:mock-identity-123
[90mstdout[2m | src/components/Editor3/components/AssignmentConfiguration.stories.jsx[2m > [22m[2mNo Sections
[22m[39m[FilesContext] About to set up File observeQuery
[90mstdout[2m | src/components/Editor3/components/AssignmentConfiguration.stories.jsx[2m > [22m[2mNo Sections
[22m[39m[ChatContext] Setting up AssistantChat observeQuery
[90mstdout[2m | src/components/Editor3/components/AssignmentConfiguration.stories.jsx[2m > [22m[2mNo Sections
[22m[39m[ChatContext] Waiting for subscription to initialize
[90mstdout[2m | src/components/Editor3/components/AssignmentConfiguration.stories.jsx[2m > [22m[2mNo Sections
[22m[39m[SettingsContext] Setting up Settings subscription for user: mock-user-sub
[90mstdout[2m | src/components/Editor3/components/AssignmentConfiguration.stories.jsx[2m > [22m[2mNo Sections
[22m[39m[Mock Data] Settings created: mock-settings-1790416427381 - notified 0 subscribers
[90mstdout[2m | src/components/Editor3/components/AssignmentConfiguration.stories.jsx[2m > [22m[2mNo Sections
[22m[39m[FilesContext] File observeQuery update: 6 files
[90mstdout[2m | src/components/Editor3/components/AssignmentConfiguration.stories.jsx[2m > [22m[2mNo Sections
[22m[39m[ChatContext] AssistantChat initialized with 1 chats
[90mstdout[2m | src/components/Editor3/components/AssignmentConfiguration.stories.jsx[2m > [22m[2mNo Sections
[22m[39m[ChatContext] Setting initial chat: mock-assistant-chat-1
[90mstdout[2m | src/components/Editor3/components/AssignmentConfiguration.stories.jsx[2m > [22m[2mNo Sections
[22m[39m[MOCK CourseVectorStore] Initialized with mock data
[90mstdout[2m | src/components/Editor3/components/AssignmentConfiguration.stories.jsx[2m > [22m[2mNo Sections
[22m[39m[FilesContext] Vector store population triggered {
  "currentVectorStoreSize": 3,
  "documentsCount": 0,
  "filesCount": 6,
  "isInitialLoad": true,
}
[90mstdout[2m | src/components/Editor3/components/AssignmentConfiguration.stories.jsx[2m > [22m[2mNo Sections
[22m[39m[FilesContext] Vector store population complete - 3 total embeddings
[90mstdout[2m | src/components/Editor3/components/AssignmentConfiguration.stories.jsx[2m > [22m[2mNo Sections
[22m[39m[ChatContext] Chat exists and not archived, skipping creation
[90mstdout[2m | src/components/Editor3/components/AssignmentConfiguration.stories.jsx[2m > [22m[2mNo Sections
[22m[39m[Mock Storage] downloadData called with: undefined
 [32m✓[39m [30m[45m storybook (chromium) [49m[39m src/components/Editor3/components/AssignmentConfiguration.stories.jsx [2m([22m[2m3 tests[22m[2m)[22m[33m 1322[2mms[22m[39m
   [33m[2m✓[22m[39m With Existing Assignment [33m 508[2mms[22m[39m
   [33m[2m✓[22m[39m No Assignments [33m 456[2mms[22m[39m
   [33m[2m✓[22m[39m No Sections [33m 357[2mms[22m[39m
[90mstdout[2m | unknown test
[22m[39m[MOCK vectorStoreDB.js] Module loaded - mock IndexedDB operations
[90mstdout[2m | unknown test
[22m[39m[Task Completion] DOM action listeners initialized
[90mstdout[2m | unknown test
[22m[39m[Task Completion] Auto-completion detector initialized
[90mstdout[2m | unknown test
[22m[39m[Preview] Task completion detector initialized
[90mstdout[2m | src/components/DebugPanel/StateInspector.stories.tsx[2m > [22m[2mDefault
[22m[39m[MOCK CourseVectorStore] Initialized with mock data
[90mstdout[2m | src/components/DebugPanel/StateInspector.stories.tsx[2m > [22m[2mDefault
[22m[39m[TranslationModeController] Setting mode to: off
[90mstdout[2m | src/components/DebugPanel/StateInspector.stories.tsx[2m > [22m[2mDefault
[22m[39m[UnitContext] useEffect triggered {
  "authLoading": false,
  "hasUser": true,
  "id": "mock-unit-id",
  "userSub": "mock-user-sub",
}
[90mstdout[2m | src/components/DebugPanel/StateInspector.stories.tsx[2m > [22m[2mDefault
[22m[39m[UnitContext] Fetching unit data for id: mock-unit-id
[90mstdout[2m | src/components/DebugPanel/StateInspector.stories.tsx[2m > [22m[2mDefault
[22m[39m[FilesContext] Initializing vector store from IndexedDB
[90mstdout[2m | src/components/DebugPanel/StateInspector.stories.tsx[2m > [22m[2mDefault
[22m[39m[FilesContext] fetchFiles called
[90mstdout[2m | src/components/DebugPanel/StateInspector.stories.tsx[2m > [22m[2mDefault
[22m[39m[FilesContext] User authenticated: mock-user-sub
[90mstdout[2m | src/components/DebugPanel/StateInspector.stories.tsx[2m > [22m[2mDefault
[22m[39m[FilesContext] Identity ID: us-east-1:mock-identity-123
[90mstdout[2m | src/components/DebugPanel/StateInspector.stories.tsx[2m > [22m[2mDefault
[22m[39m[FilesContext] About to set up File observeQuery
[90mstdout[2m | src/components/DebugPanel/StateInspector.stories.tsx[2m > [22m[2mDefault
[22m[39m[ChatContext] Setting up AssistantChat observeQuery
[90mstdout[2m | src/components/DebugPanel/StateInspector.stories.tsx[2m > [22m[2mDefault
[22m[39m[ChatContext] Waiting for subscription to initialize
[90mstdout[2m | src/components/DebugPanel/StateInspector.stories.tsx[2m > [22m[2mDefault
[22m[39m[SettingsContext] Setting up Settings subscription for user: mock-user-sub
[90mstdout[2m | src/components/DebugPanel/StateInspector.stories.tsx[2m > [22m[2mDefault
[22m[39m[Mock Data] Settings created: mock-settings-1790416428246 - notified 0 subscribers
[90mstdout[2m | src/components/DebugPanel/StateInspector.stories.tsx[2m > [22m[2mDefault
[22m[39m[Mock Data] Unit.onUpdate() subscription added. Total: 1
[90mstdout[2m | src/components/DebugPanel/StateInspector.stories.tsx[2m > [22m[2mDefault
[22m[39m[SectionContext] Section observeQuery update: 0
[90mstdout[2m | src/components/DebugPanel/StateInspector.stories.tsx[2m > [22m[2mDefault
[22m[39m[FilesContext] File observeQuery update: 6 files
[90mstdout[2m | src/components/DebugPanel/StateInspector.stories.tsx[2m > [22m[2mDefault
[22m[39m[ChatContext] AssistantChat initialized with 1 chats
[90mstdout[2m | src/components/DebugPanel/StateInspector.stories.tsx[2m > [22m[2mDefault
[22m[39m[ChatContext] Setting initial chat: mock-assistant-chat-1
[90mstdout[2m | src/components/DebugPanel/StateInspector.stories.tsx[2m > [22m[2mDefault
[22m[39m[MOCK CourseVectorStore] Initialized with mock data
[90mstdout[2m | src/components/DebugPanel/StateInspector.stories.tsx[2m > [22m[2mDefault
[22m[39m[FilesContext] Vector store population triggered {
  "currentVectorStoreSize": 3,
  "documentsCount": 0,
  "filesCount": 6,
  "isInitialLoad": true,
}
[90mstdout[2m | src/components/DebugPanel/StateInspector.stories.tsx[2m > [22m[2mDefault
[22m[39m[FilesContext] Vector store population complete - 3 total embeddings
[90mstdout[2m | src/components/DebugPanel/StateInspector.stories.tsx[2m > [22m[2mDefault
[22m[39m[ChatContext] Chat exists and not archived, skipping creation
[90mstdout[2m | src/components/DebugPanel/StateInspector.stories.tsx[2m > [22m[2mDefault
[22m[39m[Mock Storage] downloadData called with: undefined
[90mstdout[2m | src/components/DebugPanel/StateInspector.stories.tsx[2m > [22m[2mEmpty State
[22m[39m[ChatContext] Cleaning up subscriptions
[90mstdout[2m | src/components/DebugPanel/StateInspector.stories.tsx[2m > [22m[2mEmpty State
[22m[39m[Mock Data] Unit.onUpdate() subscription removed. Remaining: 0
[90mstdout[2m | src/components/DebugPanel/StateInspector.stories.tsx[2m > [22m[2mEmpty State
[22m[39m[MOCK CourseVectorStore] Initialized with mock data
[90mstdout[2m | src/components/DebugPanel/StateInspector.stories.tsx[2m > [22m[2mEmpty State
[22m[39m[TranslationModeController] Setting mode to: off
[90mstdout[2m | src/components/DebugPanel/StateInspector.stories.tsx[2m > [22m[2mEmpty State
[22m[39m[UnitContext] useEffect triggered {
  "authLoading": false,
  "hasUser": true,
  "id": "mock-unit-id",
  "userSub": "mock-user-sub",
}
[90mstdout[2m | src/components/DebugPanel/StateInspector.stories.tsx[2m > [22m[2mEmpty State
[22m[39m[UnitContext] Fetching unit data for id: mock-unit-id
[90mstdout[2m | src/components/DebugPanel/StateInspector.stories.tsx[2m > [22m[2mEmpty State
[22m[39m[FilesContext] Initializing vector store from IndexedDB
[90mstdout[2m | src/components/DebugPanel/StateInspector.stories.tsx[2m > [22m[2mEmpty State
[22m[39m[FilesContext] fetchFiles called
[90mstdout[2m | src/components/DebugPanel/StateInspector.stories.tsx[2m > [22m[2mEmpty State
[22m[39m[FilesContext] User authenticated: mock-user-sub
[90mstdout[2m | src/components/DebugPanel/StateInspector.stories.tsx[2m > [22m[2mEmpty State
[22m[39m[FilesContext] Identity ID: us-east-1:mock-identity-123
[90mstdout[2m | src/components/DebugPanel/StateInspector.stories.tsx[2m > [22m[2mEmpty State
[22m[39m[FilesContext] About to set up File observeQuery
[90mstdout[2m | src/components/DebugPanel/StateInspector.stories.tsx[2m > [22m[2mEmpty State
[22m[39m[ChatContext] Setting up AssistantChat observeQuery
[90mstdout[2m | src/components/DebugPanel/StateInspector.stories.tsx[2m > [22m[2mEmpty State
[22m[39m[ChatContext] Waiting for subscription to initialize
[90mstdout[2m | src/components/DebugPanel/StateInspector.stories.tsx[2m > [22m[2mEmpty State
[22m[39m[SettingsContext] Setting up Settings subscription for user: mock-user-sub
[90mstdout[2m | src/components/DebugPanel/StateInspector.stories.tsx[2m > [22m[2mEmpty State
[22m[39m[Mock Data] Settings created: mock-settings-1790416428512 - notified 0 subscribers
[90mstdout[2m | src/components/DebugPanel/StateInspector.stories.tsx[2m > [22m[2mEmpty State
[22m[39m[Mock Data] Unit.onUpdate() subscription added. Total: 1
[90mstdout[2m | src/components/DebugPanel/StateInspector.stories.tsx[2m > [22m[2mEmpty State
[22m[39m[SectionContext] Section observeQuery update: 0
[90mstdout[2m | src/components/DebugPanel/StateInspector.stories.tsx[2m > [22m[2mEmpty State
[22m[39m[FilesContext] File observeQuery update: 6 files
[90mstdout[2m | src/components/DebugPanel/StateInspector.stories.tsx[2m > [22m[2mEmpty State
[22m[39m[ChatContext] AssistantChat initialized with 1 chats
[90mstdout[2m | src/components/DebugPanel/StateInspector.stories.tsx[2m > [22m[2mEmpty State
[22m[39m[ChatContext] Setting initial chat: mock-assistant-chat-1
[90mstdout[2m | src/components/DebugPanel/StateInspector.stories.tsx[2m > [22m[2mEmpty State
[22m[39m[MOCK CourseVectorStore] Initialized with mock data
[90mstdout[2m | src/components/DebugPanel/StateInspector.stories.tsx[2m > [22m[2mEmpty State
[22m[39m[FilesContext] Vector store population triggered {
  "currentVectorStoreSize": 3,
  "documentsCount": 0,
  "filesCount": 6,
  "isInitialLoad": true,
}
[90mstdout[2m | src/components/DebugPanel/StateInspector.stories.tsx[2m > [22m[2mEmpty State
[22m[39m[FilesContext] Vector store population complete - 3 total embeddings
[90mstdout[2m | src/components/DebugPanel/StateInspector.stories.tsx[2m > [22m[2mEmpty State
[22m[39m[ChatContext] Chat exists and not archived, skipping creation
[90mstdout[2m | src/components/DebugPanel/StateInspector.stories.tsx[2m > [22m[2mEmpty State
[22m[39m[Mock Storage] downloadData called with: undefined
[90mstdout[2m | src/components/DebugPanel/StateInspector.stories.tsx[2m > [22m[2mWith Errors
[22m[39m[ChatContext] Cleaning up subscriptions
[90mstdout[2m | src/components/DebugPanel/StateInspector.stories.tsx[2m > [22m[2mWith Errors
[22m[39m[Mock Data] Unit.onUpdate() subscription removed. Remaining: 0
[90mstdout[2m | src/components/DebugPanel/StateInspector.stories.tsx[2m > [22m[2mWith Errors
[22m[39m[MOCK CourseVectorStore] Initialized with mock data
[90mstdout[2m | src/components/DebugPanel/StateInspector.stories.tsx[2m > [22m[2mWith Errors
[22m[39m[TranslationModeController] Setting mode to: off
[90mstdout[2m | src/components/DebugPanel/StateInspector.stories.tsx[2m > [22m[2mWith Errors
[22m[39m[UnitContext] useEffect triggered {
  "authLoading": false,
  "hasUser": true,
  "id": "mock-unit-id",
  "userSub": "mock-user-sub",
}
[90mstdout[2m | src/components/DebugPanel/StateInspector.stories.tsx[2m > [22m[2mWith Errors
[22m[39m[UnitContext] Fetching unit data for id: mock-unit-id
[90mstdout[2m | src/components/DebugPanel/StateInspector.stories.tsx[2m > [22m[2mWith Errors
[22m[39m[FilesContext] Initializing vector store from IndexedDB
[90mstdout[2m | src/components/DebugPanel/StateInspector.stories.tsx[2m > [22m[2mWith Errors
[22m[39m[FilesContext] fetchFiles called
[90mstdout[2m | src/components/DebugPanel/StateInspector.stories.tsx[2m > [22m[2mWith Errors
[22m[39m[FilesContext] User authenticated: mock-user-sub
[90mstdout[2m | src/components/DebugPanel/StateInspector.stories.tsx[2m > [22m[2mWith Errors
[22m[39m[FilesContext] Identity ID: us-east-1:mock-identity-123
[90mstdout[2m | src/components/DebugPanel/StateInspector.stories.tsx[2m > [22m[2mWith Errors
[22m[39m[FilesContext] About to set up File observeQuery
[90mstdout[2m | src/components/DebugPanel/StateInspector.stories.tsx[2m > [22m[2mWith Errors
[22m[39m[ChatContext] Setting up AssistantChat observeQuery
[90mstdout[2m | src/components/DebugPanel/StateInspector.stories.tsx[2m > [22m[2mWith Errors
[22m[39m[ChatContext] Waiting for subscription to initialize
[90mstdout[2m | src/components/DebugPanel/StateInspector.stories.tsx[2m > [22m[2mWith Errors
[22m[39m[SettingsContext] Setting up Settings subscription for user: mock-user-sub
[90mstdout[2m | src/components/DebugPanel/StateInspector.stories.tsx[2m > [22m[2mWith Errors
[22m[39m[Mock Data] Settings created: mock-settings-1790416428721 - notified 0 subscribers
[90mstdout[2m | src/components/DebugPanel/StateInspector.stories.tsx[2m > [22m[2mWith Errors
[22m[39m[Mock Data] Unit.onUpdate() subscription added. Total: 1
[90mstdout[2m | src/components/DebugPanel/StateInspector.stories.tsx[2m > [22m[2mWith Errors
[22m[39m[SectionContext] Section observeQuery update: 0
[90mstdout[2m | src/components/DebugPanel/StateInspector.stories.tsx[2m > [22m[2mWith Errors
[22m[39m[FilesContext] File observeQuery update: 6 files
[90mstdout[2m | src/components/DebugPanel/StateInspector.stories.tsx[2m > [22m[2mWith Errors
[22m[39m[ChatContext] AssistantChat initialized with 1 chats
[90mstdout[2m | src/components/DebugPanel/StateInspector.stories.tsx[2m > [22m[2mWith Errors
[22m[39m[ChatContext] Setting initial chat: mock-assistant-chat-1
[90mstdout[2m | src/components/DebugPanel/StateInspector.stories.tsx[2m > [22m[2mWith Errors
[22m[39m[MOCK CourseVectorStore] Initialized with mock data
[90mstdout[2m | src/components/DebugPanel/StateInspector.stories.tsx[2m > [22m[2mWith Errors
[22m[39m[FilesContext] Vector store population triggered {
  "currentVectorStoreSize": 3,
  "documentsCount": 0,
  "filesCount": 6,
  "isInitialLoad": true,
}
[90mstdout[2m | src/components/DebugPanel/StateInspector.stories.tsx[2m > [22m[2mWith Errors
[22m[39m[FilesContext] Vector store population complete - 3 total embeddings
[90mstdout[2m | src/components/DebugPanel/StateInspector.stories.tsx[2m > [22m[2mWith Errors
[22m[39m[ChatContext] Chat exists and not archived, skipping creation
[90mstdout[2m | src/components/DebugPanel/StateInspector.stories.tsx[2m > [22m[2mWith Errors
[22m[39m[Mock Storage] downloadData called with: undefined
[90mstdout[2m | src/components/DebugPanel/StateInspector.stories.tsx[2m > [22m[2mLarge Data Set
[22m[39m[ChatContext] Cleaning up subscriptions
[90mstdout[2m | src/components/DebugPanel/StateInspector.stories.tsx[2m > [22m[2mLarge Data Set
[22m[39m[Mock Data] Unit.onUpdate() subscription removed. Remaining: 0
[90mstdout[2m | src/components/DebugPanel/StateInspector.stories.tsx[2m > [22m[2mLarge Data Set
[22m[39m[MOCK CourseVectorStore] Initialized with mock data
[90mstdout[2m | src/components/DebugPanel/StateInspector.stories.tsx[2m > [22m[2mLarge Data Set
[22m[39m[TranslationModeController] Setting mode to: off
[90mstdout[2m | src/components/DebugPanel/StateInspector.stories.tsx[2m > [22m[2mLarge Data Set
[22m[39m[UnitContext] useEffect triggered {
  "authLoading": false,
  "hasUser": true,
  "id": "mock-unit-id",
  "userSub": "mock-user-sub",
}
[90mstdout[2m | src/components/DebugPanel/StateInspector.stories.tsx[2m > [22m[2mLarge Data Set
[22m[39m[UnitContext] Fetching unit data for id: mock-unit-id
[90mstdout[2m | src/components/DebugPanel/StateInspector.stories.tsx[2m > [22m[2mLarge Data Set
[22m[39m[FilesContext] Initializing vector store from IndexedDB
[90mstdout[2m | src/components/DebugPanel/StateInspector.stories.tsx[2m > [22m[2mLarge Data Set
[22m[39m[FilesContext] fetchFiles called
[90mstdout[2m | src/components/DebugPanel/StateInspector.stories.tsx[2m > [22m[2mLarge Data Set
[22m[39m[FilesContext] User authenticated: mock-user-sub
[90mstdout[2m | src/components/DebugPanel/StateInspector.stories.tsx[2m > [22m[2mLarge Data Set
[22m[39m[FilesContext] Identity ID: us-east-1:mock-identity-123
[90mstdout[2m | src/components/DebugPanel/StateInspector.stories.tsx[2m > [22m[2mLarge Data Set
[22m[39m[FilesContext] About to set up File observeQuery
[90mstdout[2m | src/components/DebugPanel/StateInspector.stories.tsx[2m > [22m[2mLarge Data Set
[22m[39m[ChatContext] Setting up AssistantChat observeQuery
[90mstdout[2m | src/components/DebugPanel/StateInspector.stories.tsx[2m > [22m[2mLarge Data Set
[22m[39m[ChatContext] Waiting for subscription to initialize
[90mstdout[2m | src/components/DebugPanel/StateInspector.stories.tsx[2m > [22m[2mLarge Data Set
[22m[39m[SettingsContext] Setting up Settings subscription for user: mock-user-sub
[90mstdout[2m | src/components/DebugPanel/StateInspector.stories.tsx[2m > [22m[2mLarge Data Set
[22m[39m[Mock Data] Settings created: mock-settings-1790416428916 - notified 0 subscribers
[90mstdout[2m | src/components/DebugPanel/StateInspector.stories.tsx[2m > [22m[2mLarge Data Set
[22m[39m[Mock Data] Unit.onUpdate() subscription added. Total: 1
[90mstdout[2m | src/components/DebugPanel/StateInspector.stories.tsx[2m > [22m[2mLarge Data Set
[22m[39m[SectionContext] Section observeQuery update: 0
[90mstdout[2m | src/components/DebugPanel/StateInspector.stories.tsx[2m > [22m[2mLarge Data Set
[22m[39m[FilesContext] File observeQuery update: 6 files
[90mstdout[2m | src/components/DebugPanel/StateInspector.stories.tsx[2m > [22m[2mLarge Data Set
[22m[39m[ChatContext] AssistantChat initialized with 1 chats
[90mstdout[2m | src/components/DebugPanel/StateInspector.stories.tsx[2m > [22m[2mLarge Data Set
[22m[39m[ChatContext] Setting initial chat: mock-assistant-chat-1
[90mstdout[2m | src/components/DebugPanel/StateInspector.stories.tsx[2m > [22m[2mLarge Data Set
[22m[39m[MOCK CourseVectorStore] Initialized with mock data
[90mstdout[2m | src/components/DebugPanel/StateInspector.stories.tsx[2m > [22m[2mLarge Data Set
[22m[39m[FilesContext] Vector store population triggered {
  "currentVectorStoreSize": 3,
  "documentsCount": 0,
  "filesCount": 6,
  "isInitialLoad": true,
}
[90mstdout[2m | src/components/DebugPanel/StateInspector.stories.tsx[2m > [22m[2mLarge Data Set
[22m[39m[FilesContext] Vector store population complete - 3 total embeddings
[90mstdout[2m | src/components/DebugPanel/StateInspector.stories.tsx[2m > [22m[2mLarge Data Set
[22m[39m[ChatContext] Chat exists and not archived, skipping creation
[90mstdout[2m | src/components/DebugPanel/StateInspector.stories.tsx[2m > [22m[2mLarge Data Set
[22m[39m[Mock Storage] downloadData called with: undefined
 [32m✓[39m [30m[45m storybook (chromium) [49m[39m src/components/DebugPanel/StateInspector.stories.tsx [2m([22m[2m4 tests[22m[2m)[22m[33m 902[2mms[22m[39m
[90mstdout[2m | unknown test
[22m[39m[MOCK vectorStoreDB.js] Module loaded - mock IndexedDB operations
[90mstdout[2m | unknown test
[22m[39m[Task Completion] DOM action listeners initialized
[90mstdout[2m | unknown test
[22m[39m[Task Completion] Auto-completion detector initialized
[90mstdout[2m | unknown test
[22m[39m[Preview] Task completion detector initialized
[90mstdout[2m | src/components/Gamification/ThemeUnlockEditor.stories.tsx[2m > [22m[2mDefault
[22m[39m[TranslationModeController] Setting mode to: off
[90mstdout[2m | src/components/Gamification/ThemeUnlockEditor.stories.tsx[2m > [22m[2mCustom Config
[22m[39m[TranslationModeController] Setting mode to: off
[90mstdout[2m | src/components/Gamification/ThemeUnlockEditor.stories.tsx[2m > [22m[2mInteraction
[22m[39m[TranslationModeController] Setting mode to: off
 [32m✓[39m [30m[45m storybook (chromium) [49m[39m src/components/Gamification/ThemeUnlockEditor.stories.tsx [2m([22m[2m3 tests[22m[2m)[22m[33m 566[2mms[22m[39m
[90mstdout[2m | unknown test
[22m[39m[MOCK vectorStoreDB.js] Module loaded - mock IndexedDB operations
[90mstdout[2m | unknown test
[22m[39m[Task Completion] DOM action listeners initialized
[90mstdout[2m | unknown test
[22m[39m[Task Completion] Auto-completion detector initialized
[90mstdout[2m | unknown test
[22m[39m[Preview] Task completion detector initialized
[90mstdout[2m | src/components/Gamification/SectionSelector.stories.tsx[2m > [22m[2mDefault
[22m[39m[TranslationModeController] Setting mode to: off
[90mstdout[2m | src/components/Gamification/SectionSelector.stories.tsx[2m > [22m[2mWith Selection
[22m[39m[TranslationModeController] Setting mode to: off
[90mstdout[2m | src/components/Gamification/SectionSelector.stories.tsx[2m > [22m[2mEmpty
[22m[39m[TranslationModeController] Setting mode to: off
[90mstdout[2m | src/components/Gamification/SectionSelector.stories.tsx[2m > [22m[2mSingle Section
[22m[39m[TranslationModeController] Setting mode to: off
[90mstdout[2m | src/components/Gamification/SectionSelector.stories.tsx[2m > [22m[2mMany Sections
[22m[39m[TranslationModeController] Setting mode to: off
[90mstdout[2m | src/components/Gamification/SectionSelector.stories.tsx[2m > [22m[2mLoading
[22m[39m[TranslationModeController] Setting mode to: off
[90mstdout[2m | src/components/Gamification/SectionSelector.stories.tsx[2m > [22m[2mDisabled
[22m[39m[TranslationModeController] Setting mode to: off
[90mstdout[2m | src/components/Gamification/SectionSelector.stories.tsx[2m > [22m[2mSelect Section
[22m[39m[TranslationModeController] Setting mode to: off
[90mstdout[2m | src/components/Gamification/SectionSelector.stories.tsx[2m > [22m[2mClear Selection
[22m[39m[TranslationModeController] Setting mode to: off
 [32m✓[39m [30m[45m storybook (chromium) [49m[39m src/components/Gamification/SectionSelector.stories.tsx [2m([22m[2m9 tests[22m[2m)[22m[33m 1238[2mms[22m[39m
   [33m[2m✓[22m[39m Select Section [33m 420[2mms[22m[39m
[90mstdout[2m | unknown test
[22m[39m[MOCK vectorStoreDB.js] Module loaded - mock IndexedDB operations
[90mstdout[2m | unknown test
[22m[39m[Task Completion] DOM action listeners initialized
[90mstdout[2m | unknown test
[22m[39m[Task Completion] Auto-completion detector initialized
[90mstdout[2m | unknown test
[22m[39m[Preview] Task completion detector initialized
[90mstdout[2m | src/components/MeaningAssociationExercise/MeaningAssociation.stories.jsx[2m > [22m[2mEasy Exercise
[22m[39m[MOCK CourseVectorStore] Initialized with mock data
[90mstdout[2m | src/components/MeaningAssociationExercise/MeaningAssociation.stories.jsx[2m > [22m[2mEasy Exercise
[22m[39mEasy.nodeKey easy-1 type: string
[90mstdout[2m | src/components/MeaningAssociationExercise/MeaningAssociation.stories.jsx[2m > [22m[2mEasy Exercise
[22m[39mEasy.grade: {
  "data": null,
}
[90mstdout[2m | src/components/MeaningAssociationExercise/MeaningAssociation.stories.jsx[2m > [22m[2mEasy Exercise
[22m[39mEasy.grade.data: null
[90mstdout[2m | src/components/MeaningAssociationExercise/MeaningAssociation.stories.jsx[2m > [22m[2mEasy Exercise
[22m[39mEasy.grade.data === grade? false
[90mstdout[2m | src/components/MeaningAssociationExercise/MeaningAssociation.stories.jsx[2m > [22m[2mEasy Exercise
[22m[39mEasy.grade.data keys: no data
[90mstdout[2m | src/components/MeaningAssociationExercise/MeaningAssociation.stories.jsx[2m > [22m[2mEasy Exercise
[22m[39mEasy.grade.data[nodeKey]: undefined
[90mstdout[2m | src/components/MeaningAssociationExercise/MeaningAssociation.stories.jsx[2m > [22m[2mEasy Exercise
[22m[39mEasy.inProgress {}
[90mstdout[2m | src/components/MeaningAssociationExercise/MeaningAssociation.stories.jsx[2m > [22m[2mEasy Exercise
[22m[39mMeaningAssociationExercise._vocabulary [
  {
    "definition": "A greeting",
    "id": "1",
    "phrase": "Hello",
  },
  {
    "definition": "A farewell",
    "id": "2",
    "phrase": "Goodbye",
  },
  {
    "definition": "Expression of gratitude",
    "id": "3",
    "phrase": "Thank you",
  },
  {
    "definition": "Polite request",
    "id": "4",
    "phrase": "Please",
  },
]
[90mstdout[2m | src/components/MeaningAssociationExercise/MeaningAssociation.stories.jsx[2m > [22m[2mEasy Exercise
[22m[39m[TranslationModeController] Setting mode to: off
[90mstdout[2m | src/components/MeaningAssociationExercise/MeaningAssociation.stories.jsx[2m > [22m[2mEasy Exercise
[22m[39m[UnitContext] useEffect triggered {
  "authLoading": false,
  "hasUser": true,
  "id": "mock-unit-id",
  "userSub": "mock-user-sub",
}
[90mstdout[2m | src/components/MeaningAssociationExercise/MeaningAssociation.stories.jsx[2m > [22m[2mEasy Exercise
[22m[39m[UnitContext] Fetching unit data for id: mock-unit-id
[90mstdout[2m | src/components/MeaningAssociationExercise/MeaningAssociation.stories.jsx[2m > [22m[2mEasy Exercise
[22m[39m[FilesContext] Initializing vector store from IndexedDB
[90mstdout[2m | src/components/MeaningAssociationExercise/MeaningAssociation.stories.jsx[2m > [22m[2mEasy Exercise
[22m[39m[FilesContext] fetchFiles called
[90mstdout[2m | src/components/MeaningAssociationExercise/MeaningAssociation.stories.jsx[2m > [22m[2mEasy Exercise
[22m[39m[FilesContext] User authenticated: mock-user-sub
[90mstdout[2m | src/components/MeaningAssociationExercise/MeaningAssociation.stories.jsx[2m > [22m[2mEasy Exercise
[22m[39m[FilesContext] Identity ID: us-east-1:mock-identity-123
[90mstdout[2m | src/components/MeaningAssociationExercise/MeaningAssociation.stories.jsx[2m > [22m[2mEasy Exercise
[22m[39m[FilesContext] About to set up File observeQuery
[90mstdout[2m | src/components/MeaningAssociationExercise/MeaningAssociation.stories.jsx[2m > [22m[2mEasy Exercise
[22m[39m[ChatContext] Setting up AssistantChat observeQuery
[90mstdout[2m | src/components/MeaningAssociationExercise/MeaningAssociation.stories.jsx[2m > [22m[2mEasy Exercise
[22m[39m[ChatContext] Waiting for subscription to initialize
[90mstdout[2m | src/components/MeaningAssociationExercise/MeaningAssociation.stories.jsx[2m > [22m[2mEasy Exercise
[22m[39m[SettingsContext] Setting up Settings subscription for user: mock-user-sub
[90mstdout[2m | src/components/MeaningAssociationExercise/MeaningAssociation.stories.jsx[2m > [22m[2mEasy Exercise
[22m[39mEasy.nodeKey easy-1 type: string
[90mstdout[2m | src/components/MeaningAssociationExercise/MeaningAssociation.stories.jsx[2m > [22m[2mEasy Exercise
[22m[39mEasy.grade: {
  "data": null,
}
[90mstdout[2m | src/components/MeaningAssociationExercise/MeaningAssociation.stories.jsx[2m > [22m[2mEasy Exercise
[22m[39mEasy.grade.data: null
[90mstdout[2m | src/components/MeaningAssociationExercise/MeaningAssociation.stories.jsx[2m > [22m[2mEasy Exercise
[22m[39mEasy.grade.data === grade? false
[90mstdout[2m | src/components/MeaningAssociationExercise/MeaningAssociation.stories.jsx[2m > [22m[2mEasy Exercise
[22m[39mEasy.grade.data keys: no data
[90mstdout[2m | src/components/MeaningAssociationExercise/MeaningAssociation.stories.jsx[2m > [22m[2mEasy Exercise
[22m[39mEasy.grade.data[nodeKey]: undefined
[90mstdout[2m | src/components/MeaningAssociationExercise/MeaningAssociation.stories.jsx[2m > [22m[2mEasy Exercise
[22m[39mEasy.inProgress {}
[90mstdout[2m | src/components/MeaningAssociationExercise/MeaningAssociation.stories.jsx[2m > [22m[2mEasy Exercise
[22m[39m[Mock Data] Settings created: mock-settings-1790416432570 - notified 0 subscribers
[90mstdout[2m | src/components/MeaningAssociationExercise/MeaningAssociation.stories.jsx[2m > [22m[2mEasy Exercise
[22m[39m[Mock Data] Unit.onUpdate() subscription added. Total: 1
[90mstdout[2m | src/components/MeaningAssociationExercise/MeaningAssociation.stories.jsx[2m > [22m[2mEasy Exercise
[22m[39mEasy.nodeKey easy-1 type: string
[90mstdout[2m | src/components/MeaningAssociationExercise/MeaningAssociation.stories.jsx[2m > [22m[2mEasy Exercise
[22m[39mEasy.grade: {
  "data": null,
}
[90mstdout[2m | src/components/MeaningAssociationExercise/MeaningAssociation.stories.jsx[2m > [22m[2mEasy Exercise
[22m[39mEasy.grade.data: null
[90mstdout[2m | src/components/MeaningAssociationExercise/MeaningAssociation.stories.jsx[2m > [22m[2mEasy Exercise
[22m[39mEasy.grade.data === grade? false
[90mstdout[2m | src/components/MeaningAssociationExercise/MeaningAssociation.stories.jsx[2m > [22m[2mEasy Exercise
[22m[39mEasy.grade.data keys: no data
[90mstdout[2m | src/components/MeaningAssociationExercise/MeaningAssociation.stories.jsx[2m > [22m[2mEasy Exercise
[22m[39mEasy.grade.data[nodeKey]: undefined
[90mstdout[2m | src/components/MeaningAssociationExercise/MeaningAssociation.stories.jsx[2m > [22m[2mEasy Exercise
[22m[39mEasy.inProgress {}
[90mstdout[2m | src/components/MeaningAssociationExercise/MeaningAssociation.stories.jsx[2m > [22m[2mEasy Exercise
[22m[39m[SectionContext] Section observeQuery update: 0
[90mstdout[2m | src/components/MeaningAssociationExercise/MeaningAssociation.stories.jsx[2m > [22m[2mEasy Exercise
[22m[39m[FilesContext] File observeQuery update: 6 files
[90mstdout[2m | src/components/MeaningAssociationExercise/MeaningAssociation.stories.jsx[2m > [22m[2mEasy Exercise
[22m[39m[ChatContext] AssistantChat initialized with 1 chats
[90mstdout[2m | src/components/MeaningAssociationExercise/MeaningAssociation.stories.jsx[2m > [22m[2mEasy Exercise
[22m[39m[ChatContext] Setting initial chat: mock-assistant-chat-1
[90mstdout[2m | src/components/MeaningAssociationExercise/MeaningAssociation.stories.jsx[2m > [22m[2mEasy Exercise
[22m[39m[MOCK CourseVectorStore] Initialized with mock data
[90mstdout[2m | src/components/MeaningAssociationExercise/MeaningAssociation.stories.jsx[2m > [22m[2mEasy Exercise
[22m[39mEasy.nodeKey easy-1 type: string
[90mstdout[2m | src/components/MeaningAssociationExercise/MeaningAssociation.stories.jsx[2m > [22m[2mEasy Exercise
[22m[39mEasy.grade: {
  "data": null,
}
[90mstdout[2m | src/components/MeaningAssociationExercise/MeaningAssociation.stories.jsx[2m > [22m[2mEasy Exercise
[22m[39mEasy.grade.data: null
[90mstdout[2m | src/components/MeaningAssociationExercise/MeaningAssociation.stories.jsx[2m > [22m[2mEasy Exercise
[22m[39mEasy.grade.data === grade? false
[90mstdout[2m | src/components/MeaningAssociationExercise/MeaningAssociation.stories.jsx[2m > [22m[2mEasy Exercise
[22m[39mEasy.grade.data keys: no data
[90mstdout[2m | src/components/MeaningAssociationExercise/MeaningAssociation.stories.jsx[2m > [22m[2mEasy Exercise
[22m[39mEasy.grade.data[nodeKey]: undefined
[90mstdout[2m | src/components/MeaningAssociationExercise/MeaningAssociation.stories.jsx[2m > [22m[2mEasy Exercise
[22m[39mEasy.inProgress {}
[90mstdout[2m | src/components/MeaningAssociationExercise/MeaningAssociation.stories.jsx[2m > [22m[2mEasy Exercise
[22m[39m[FilesContext] Vector store population triggered {
  "currentVectorStoreSize": 3,
  "documentsCount": 0,
  "filesCount": 6,
  "isInitialLoad": true,
}
[90mstdout[2m | src/components/MeaningAssociationExercise/MeaningAssociation.stories.jsx[2m > [22m[2mEasy Exercise
[22m[39m[FilesContext] Vector store population complete - 3 total embeddings
[90mstdout[2m | src/components/MeaningAssociationExercise/MeaningAssociation.stories.jsx[2m > [22m[2mEasy Exercise
[22m[39m[ChatContext] Chat exists and not archived, skipping creation
[90mstdout[2m | src/components/MeaningAssociationExercise/MeaningAssociation.stories.jsx[2m > [22m[2mEasy Exercise
[22m[39m[Mock Storage] downloadData called with: undefined
[90mstdout[2m | src/components/MeaningAssociationExercise/MeaningAssociation.stories.jsx[2m > [22m[2mEasy Exercise Completed
[22m[39m[ChatContext] Cleaning up subscriptions
[90mstdout[2m | src/components/MeaningAssociationExercise/MeaningAssociation.stories.jsx[2m > [22m[2mEasy Exercise Completed
[22m[39m[Mock Data] Unit.onUpdate() subscription removed. Remaining: 0
[90mstdout[2m | src/components/MeaningAssociationExercise/MeaningAssociation.stories.jsx[2m > [22m[2mEasy Exercise Completed
[22m[39m[MOCK CourseVectorStore] Initialized with mock data
[90mstdout[2m | src/components/MeaningAssociationExercise/MeaningAssociation.stories.jsx[2m > [22m[2mEasy Exercise Completed
[22m[39mEasy.nodeKey easy-2 type: string
[90mstdout[2m | src/components/MeaningAssociationExercise/MeaningAssociation.stories.jsx[2m > [22m[2mEasy Exercise Completed
[22m[39mEasy.grade: {
  "data": "{"easy-2":{"complete":true,"tabIndex":0,"easy":{"verifiedAnswers":["1","2","3","4"],"attemptedAnswers":{"1":["1"],"2":["2"],"3":["3"],"4":["4"]},"attemptsCount":4,"accuracy":1,"percentComplete":1,"complete":true},"hard":{"verifiedAnswers":["1","2","3","4"],"attemptedAnswers":{"1":["1"],"2":["2"],"3":["3"],"4":["4"]},"attemptsCount":4,"accuracy":1,"percentComplete":1,"complete":true},"learn":{"verifiedAnswers":["1","2","3","4"],"attemptedAnswers":{"1":["1"],"2":["2"],"3":["3"],"4":["4"]},"attemptsCount":4,"accuracy":1,"percentComplete":1,"complete":true,"droppedPairs":{"1":"1","2":"2","3":"3","4":"4"}}}}",
}
[90mstdout[2m | src/components/MeaningAssociationExercise/MeaningAssociation.stories.jsx[2m > [22m[2mEasy Exercise Completed
[22m[39mEasy.grade.data: {"easy-2":{"complete":true,"tabIndex":0,"easy":{"verifiedAnswers":["1","2","3","4"],"attemptedAnswers":{"1":["1"],"2":["2"],"3":["3"],"4":["4"]},"attemptsCount":4,"accuracy":1,"percentComplete":1,"complete":true},"hard":{"verifiedAnswers":["1","2","3","4"],"attemptedAnswers":{"1":["1"],"2":["2"],"3":["3"],"4":["4"]},"attemptsCount":4,"accuracy":1,"percentComplete":1,"complete":true},"learn":{"verifiedAnswers":["1","2","3","4"],"attemptedAnswers":{"1":["1"],"2":["2"],"3":["3"],"4":["4"]},"attemptsCount":4,"accuracy":1,"percentComplete":1,"complete":true,"droppedPairs":{"1":"1","2":"2","3":"3","4":"4"}}}}
[90mstdout[2m | src/components/MeaningAssociationExercise/MeaningAssociation.stories.jsx[2m > [22m[2mEasy Exercise Completed
[22m[39mEasy.grade.data === grade? false
[90mstdout[2m | src/components/MeaningAssociationExercise/MeaningAssociation.stories.jsx[2m > [22m[2mEasy Exercise Completed
[22m[39mEasy.grade.data keys: [
  "0",
  "1",
  "2",
  "3",
  "4",
  "5",
  "6",
  "7",
  "8",
  "9",
  "10",
  "11",
  "12",
  "13",
  "14",
  "15",
  "16",
  "17",
  "18",
  "19",
  "20",
  "21",
  "22",
  "23",
  "24",
  "25",
  "26",
  "27",
  "28",
  "29",
  "30",
  "31",
  "32",
  "33",
  "34",
  "35",
  "36",
  "37",
  "38",
  "39",
  "40",
  "41",
  "42",
  "43",
  "44",
  "45",
  "46",
  "47",
  "48",
  "49",
  "50",
  "51",
  "52",
  "53",
  "54",
  "55",
  "56",
  "57",
  "58",
  "59",
  "60",
  "61",
  "62",
  "63",
  "64",
  "65",
  "66",
  "67",
  "68",
  "69",
  "70",
  "71",
  "72",
  "73",
  "74",
  "75",
  "76",
  "77",
  "78",
  "79",
  "80",
  "81",
  "82",
  "83",
  "84",
  "85",
  "86",
  "87",
  "88",
  "89",
  "90",
  "91",
  "92",
  "93",
  "94",
  "95",
  "96",
  "97",
  "98",
  "99",
  "100",
  "101",
  "102",
  "103",
  "104",
  "105",
  "106",
  "107",
  "108",
  "109",
  "110",
  "111",
  "112",
  "113",
  "114",
  "115",
  "116",
  "117",
  "118",
  "119",
  "120",
  "121",
  "122",
  "123",
  "124",
  "125",
  "126",
  "127",
  "128",
  "129",
  "130",
  "131",
  "132",
  "133",
  "134",
  "135",
  "136",
  "137",
  "138",
  "139",
  "140",
  "141",
  "142",
  "143",
  "144",
  "145",
  "146",
  "147",
  "148",
  "149",
  "150",
  "151",
  "152",
  "153",
  "154",
  "155",
  "156",
  "157",
  "158",
  "159",
  "160",
  "161",
  "162",
  "163",
  "164",
  "165",
  "166",
  "167",
  "168",
  "169",
  "170",
  "171",
  "172",
  "173",
  "174",
  "175",
  "176",
  "177",
  "178",
  "179",
  "180",
  "181",
  "182",
  "183",
  "184",
  "185",
  "186",
  "187",
  "188",
  "189",
  "190",
  "191",
  "192",
  "193",
  "194",
  "195",
  "196",
  "197",
  "198",
  "199",
  "200",
  "201",
  "202",
  "203",
  "204",
  "205",
  "206",
  "207",
  "208",
  "209",
  "210",
  "211",
  "212",
  "213",
  "214",
  "215",
  "216",
  "217",
  "218",
  "219",
  "220",
  "221",
  "222",
  "223",
  "224",
  "225",
  "226",
  "227",
  "228",
  "229",
  "230",
  "231",
  "232",
  "233",
  "234",
  "235",
  "236",
  "237",
  "238",
  "239",
  "240",
  "241",
  "242",
  "243",
  "244",
  "245",
  "246",
  "247",
  "248",
  "249",
  "250",
  "251",
  "252",
  "253",
  "254",
  "255",
  "256",
  "257",
  "258",
  "259",
  "260",
  "261",
  "262",
  "263",
  "264",
  "265",
  "266",
  "267",
  "268",
  "269",
  "270",
  "271",
  "272",
  "273",
  "274",
  "275",
  "276",
  "277",
  "278",
  "279",
  "280",
  "281",
  "282",
  "283",
  "284",
  "285",
  "286",
  "287",
  "288",
  "289",
  "290",
  "291",
  "292",
  "293",
  "294",
  "295",
  "296",
  "297",
  "298",
  "299",
  "300",
  "301",
  "302",
  "303",
  "304",
  "305",
  "306",
  "307",
  "308",
  "309",
  "310",
  "311",
  "312",
  "313",
  "314",
  "315",
  "316",
  "317",
  "318",
  "319",
  "320",
  "321",
  "322",
  "323",
  "324",
  "325",
  "326",
  "327",
  "328",
  "329",
  "330",
  "331",
  "332",
  "333",
  "334",
  "335",
  "336",
  "337",
  "338",
  "339",
  "340",
  "341",
  "342",
  "343",
  "344",
  "345",
  "346",
  "347",
  "348",
  "349",
  "350",
  "351",
  "352",
  "353",
  "354",
  "355",
  "356",
  "357",
  "358",
  "359",
  "360",
  "361",
  "362",
  "363",
  "364",
  "365",
  "366",
  "367",
  "368",
  "369",
  "370",
  "371",
  "372",
  "373",
  "374",
  "375",
  "376",
  "377",
  "378",
  "379",
  "380",
  "381",
  "382",
  "383",
  "384",
  "385",
  "386",
  "387",
  "388",
  "389",
  "390",
  "391",
  "392",
  "393",
  "394",
  "395",
  "396",
  "397",
  "398",
  "399",
  "400",
  "401",
  "402",
  "403",
  "404",
  "405",
  "406",
  "407",
  "408",
  "409",
  "410",
  "411",
  "412",
  "413",
  "414",
  "415",
  "416",
  "417",
  "418",
  "419",
  "420",
  "421",
  "422",
  "423",
  "424",
  "425",
  "426",
  "427",
  "428",
  "429",
  "430",
  "431",
  "432",
  "433",
  "434",
  "435",
  "436",
  "437",
  "438",
  "439",
  "440",
  "441",
  "442",
  "443",
  "444",
  "445",
  "446",
  "447",
  "448",
  "449",
  "450",
  "451",
  "452",
  "453",
  "454",
  "455",
  "456",
  "457",
  "458",
  "459",
  "460",
  "461",
  "462",
  "463",
  "464",
  "465",
  "466",
  "467",
  "468",
  "469",
  "470",
  "471",
  "472",
  "473",
  "474",
  "475",
  "476",
  "477",
  "478",
  "479",
  "480",
  "481",
  "482",
  "483",
  "484",
  "485",
  "486",
  "487",
  "488",
  "489",
  "490",
  "491",
  "492",
  "493",
  "494",
  "495",
  "496",
  "497",
  "498",
  "499",
  "500",
  "501",
  "502",
  "503",
  "504",
  "505",
  "506",
  "507",
  "508",
  "509",
  "510",
  "511",
  "512",
  "513",
  "514",
  "515",
  "516",
  "517",
  "518",
  "519",
  "520",
  "521",
  "522",
  "523",
  "524",
  "525",
  "526",
  "527",
  "528",
  "529",
  "530",
  "531",
  "532",
  "533",
  "534",
  "535",
  "536",
  "537",
  "538",
  "539",
  "540",
  "541",
  "542",
  "543",
  "544",
  "545",
  "546",
  "547",
  "548",
  "549",
  "550",
  "551",
  "552",
  "553",
  "554",
  "555",
  "556",
  "557",
  "558",
  "559",
  "560",
  "561",
  "562",
  "563",
  "564",
  "565",
  "566",
  "567",
  "568",
  "569",
  "570",
  "571",
  "572",
  "573",
  "574",
  "575",
  "576",
  "577",
  "578",
  "579",
  "580",
  "581",
  "582",
  "583",
  "584",
  "585",
  "586",
  "587",
  "588",
  "589",
  "590",
  "591",
  "592",
  "593",
  "594",
  "595",
  "596",
  "597",
  "598",
  "599",
  "600",
  "601",
  "602",
  "603",
  "604",
  "605",
  "606",
  "607",
  "608",
  "609",
]
[90mstdout[2m | src/components/MeaningAssociationExercise/MeaningAssociation.stories.jsx[2m > [22m[2mEasy Exercise Completed
[22m[39mEasy.grade.data[nodeKey]: undefined
[90mstdout[2m | src/components/MeaningAssociationExercise/MeaningAssociation.stories.jsx[2m > [22m[2mEasy Exercise Completed
[22m[39mEasy.inProgress {
  "complete": true,
  "easy": {
    "accuracy": 1,
    "attemptedAnswers": {
      "1": [
        "1",
      ],
      "2": [
        "2",
      ],
      "3": [
        "3",
      ],
      "4": [
        "4",
      ],
    },
    "attemptsCount": 4,
    "complete": true,
    "percentComplete": 1,
    "verifiedAnswers": [
      "1",
      "2",
      "3",
      "4",
    ],
  },
  "hard": {
    "accuracy": 1,
    "attemptedAnswers": {
      "1": [
        "1",
      ],
      "2": [
        "2",
      ],
      "3": [
        "3",
      ],
      "4": [
        "4",
      ],
    },
    "attemptsCount": 4,
    "complete": true,
    "percentComplete": 1,
    "verifiedAnswers": [
      "1",
      "2",
      "3",
      "4",
    ],
  },
  "learn": {
    "accuracy": 1,
    "attemptedAnswers": {
      "1": [
        "1",
      ],
      "2": [
        "2",
      ],
      "3": [
        "3",
      ],
      "4": [
        "4",
      ],
    },
    "attemptsCount": 4,
    "complete": true,
    "droppedPairs": {
      "1": "1",
      "2": "2",
      "3": "3",
      "4": "4",
    },
    "percentComplete": 1,
    "verifiedAnswers": [
      "1",
      "2",
      "3",
      "4",
    ],
  },
  "tabIndex": 0,
}
[90mstdout[2m | src/components/MeaningAssociationExercise/MeaningAssociation.stories.jsx[2m > [22m[2mEasy Exercise Completed
[22m[39mMeaningAssociationExercise._vocabulary [
  {
    "definition": "A greeting",
    "id": "1",
    "phrase": "Hello",
  },
  {
    "definition": "A farewell",
    "id": "2",
    "phrase": "Goodbye",
  },
  {
    "definition": "Expression of gratitude",
    "id": "3",
    "phrase": "Thank you",
  },
  {
    "definition": "Polite request",
    "id": "4",
    "phrase": "Please",
  },
]
[90mstdout[2m | src/components/MeaningAssociationExercise/MeaningAssociation.stories.jsx[2m > [22m[2mEasy Exercise Completed
[22m[39m[TranslationModeController] Setting mode to: off
[90mstdout[2m | src/components/MeaningAssociationExercise/MeaningAssociation.stories.jsx[2m > [22m[2mEasy Exercise Completed
[22m[39m[UnitContext] useEffect triggered {
  "authLoading": false,
  "hasUser": true,
  "id": "mock-unit-id",
  "userSub": "mock-user-sub",
}
[90mstdout[2m | src/components/MeaningAssociationExercise/MeaningAssociation.stories.jsx[2m > [22m[2mEasy Exercise Completed
[22m[39m[UnitContext] Fetching unit data for id: mock-unit-id
[90mstdout[2m | src/components/MeaningAssociationExercise/MeaningAssociation.stories.jsx[2m > [22m[2mEasy Exercise Completed
[22m[39m[FilesContext] Initializing vector store from IndexedDB
[90mstdout[2m | src/components/MeaningAssociationExercise/MeaningAssociation.stories.jsx[2m > [22m[2mEasy Exercise Completed
[22m[39m[FilesContext] fetchFiles called
[90mstdout[2m | src/components/MeaningAssociationExercise/MeaningAssociation.stories.jsx[2m > [22m[2mEasy Exercise Completed
[22m[39m[FilesContext] User authenticated: mock-user-sub
[90mstdout[2m | src/components/MeaningAssociationExercise/MeaningAssociation.stories.jsx[2m > [22m[2mEasy Exercise Completed
[22m[39m[FilesContext] Identity ID: us-east-1:mock-identity-123
[90mstdout[2m | src/components/MeaningAssociationExercise/MeaningAssociation.stories.jsx[2m > [22m[2mEasy Exercise Completed
[22m[39m[FilesContext] About to set up File observeQuery
[90mstdout[2m | src/components/MeaningAssociationExercise/MeaningAssociation.stories.jsx[2m > [22m[2mEasy Exercise Completed
[22m[39m[ChatContext] Setting up AssistantChat observeQuery
[90mstdout[2m | src/components/MeaningAssociationExercise/MeaningAssociation.stories.jsx[2m > [22m[2mEasy Exercise Completed
[22m[39m[ChatContext] Waiting for subscription to initialize
[90mstdout[2m | src/components/MeaningAssociationExercise/MeaningAssociation.stories.jsx[2m > [22m[2mEasy Exercise Completed
[22m[39m[SettingsContext] Setting up Settings subscription for user: mock-user-sub
[90mstdout[2m | src/components/MeaningAssociationExercise/MeaningAssociation.stories.jsx[2m > [22m[2mEasy Exercise Completed
[22m[39mEasy.nodeKey easy-2 type: string
[90mstdout[2m | src/components/MeaningAssociationExercise/MeaningAssociation.stories.jsx[2m > [22m[2mEasy Exercise Completed
[22m[39mEasy.grade: {
  "data": "{"easy-2":{"complete":true,"tabIndex":0,"easy":{"verifiedAnswers":["1","2","3","4"],"attemptedAnswers":{"1":["1"],"2":["2"],"3":["3"],"4":["4"]},"attemptsCount":4,"accuracy":1,"percentComplete":1,"complete":true},"hard":{"verifiedAnswers":["1","2","3","4"],"attemptedAnswers":{"1":["1"],"2":["2"],"3":["3"],"4":["4"]},"attemptsCount":4,"accuracy":1,"percentComplete":1,"complete":true},"learn":{"verifiedAnswers":["1","2","3","4"],"attemptedAnswers":{"1":["1"],"2":["2"],"3":["3"],"4":["4"]},"attemptsCount":4,"accuracy":1,"percentComplete":1,"complete":true,"droppedPairs":{"1":"1","2":"2","3":"3","4":"4"}}}}",
}
[90mstdout[2m | src/components/MeaningAssociationExercise/MeaningAssociation.stories.jsx[2m > [22m[2mEasy Exercise Completed
[22m[39mEasy.grade.data: {"easy-2":{"complete":true,"tabIndex":0,"easy":{"verifiedAnswers":["1","2","3","4"],"attemptedAnswers":{"1":["1"],"2":["2"],"3":["3"],"4":["4"]},"attemptsCount":4,"accuracy":1,"percentComplete":1,"complete":true},"hard":{"verifiedAnswers":["1","2","3","4"],"attemptedAnswers":{"1":["1"],"2":["2"],"3":["3"],"4":["4"]},"attemptsCount":4,"accuracy":1,"percentComplete":1,"complete":true},"learn":{"verifiedAnswers":["1","2","3","4"],"attemptedAnswers":{"1":["1"],"2":["2"],"3":["3"],"4":["4"]},"attemptsCount":4,"accuracy":1,"percentComplete":1,"complete":true,"droppedPairs":{"1":"1","2":"2","3":"3","4":"4"}}}}
[90mstdout[2m | src/components/MeaningAssociationExercise/MeaningAssociation.stories.jsx[2m > [22m[2mEasy Exercise Completed
[22m[39mEasy.grade.data === grade? false
[90mstdout[2m | src/components/MeaningAssociationExercise/MeaningAssociation.stories.jsx[2m > [22m[2mEasy Exercise Completed
[22m[39mEasy.grade.data keys: [
  "0",
  "1",
  "2",
  "3",
  "4",
  "5",
  "6",
  "7",
  "8",
  "9",
  "10",
  "11",
  "12",
  "13",
  "14",
  "15",
  "16",
  "17",
  "18",
  "19",
  "20",
  "21",
  "22",
  "23",
  "24",
  "25",
  "26",
  "27",
  "28",
  "29",
  "30",
  "31",
  "32",
  "33",
  "34",
  "35",
  "36",
  "37",
  "38",
  "39",
  "40",
  "41",
  "42",
  "43",
  "44",
  "45",
  "46",
  "47",
  "48",
  "49",
  "50",
  "51",
  "52",
  "53",
  "54",
  "55",
  "56",
  "57",
  "58",
  "59",
  "60",
  "61",
  "62",
  "63",
  "64",
  "65",
  "66",
  "67",
  "68",
  "69",
  "70",
  "71",
  "72",
  "73",
  "74",
  "75",
  "76",
  "77",
  "78",
  "79",
  "80",
  "81",
  "82",
  "83",
  "84",
  "85",
  "86",
  "87",
  "88",
  "89",
  "90",
  "91",
  "92",
  "93",
  "94",
  "95",
  "96",
  "97",
  "98",
  "99",
  "100",
  "101",
  "102",
  "103",
  "104",
  "105",
  "106",
  "107",
  "108",
  "109",
  "110",
  "111",
  "112",
  "113",
  "114",
  "115",
  "116",
  "117",
  "118",
  "119",
  "120",
  "121",
  "122",
  "123",
  "124",
  "125",
  "126",
  "127",
  "128",
  "129",
  "130",
  "131",
  "132",
  "133",
  "134",
  "135",
  "136",
  "137",
  "138",
  "139",
  "140",
  "141",
  "142",
  "143",
  "144",
  "145",
  "146",
  "147",
  "148",
  "149",
  "150",
  "151",
  "152",
  "153",
  "154",
  "155",
  "156",
  "157",
  "158",
  "159",
  "160",
  "161",
  "162",
  "163",
  "164",
  "165",
  "166",
  "167",
  "168",
  "169",
  "170",
  "171",
  "172",
  "173",
  "174",
  "175",
  "176",
  "177",
  "178",
  "179",
  "180",
  "181",
  "182",
  "183",
  "184",
  "185",
  "186",
  "187",
  "188",
  "189",
  "190",
  "191",
  "192",
  "193",
  "194",
  "195",
  "196",
  "197",
  "198",
  "199",
  "200",
  "201",
  "202",
  "203",
  "204",
  "205",
  "206",
  "207",
  "208",
  "209",
  "210",
  "211",
  "212",
  "213",
  "214",
  "215",
  "216",
  "217",
  "218",
  "219",
  "220",
  "221",
  "222",
  "223",
  "224",
  "225",
  "226",
  "227",
  "228",
  "229",
  "230",
  "231",
  "232",
  "233",
  "234",
  "235",
  "236",
  "237",
  "238",
  "239",
  "240",
  "241",
  "242",
  "243",
  "244",
  "245",
  "246",
  "247",
  "248",
  "249",
  "250",
  "251",
  "252",
  "253",
  "254",
  "255",
  "256",
  "257",
  "258",
  "259",
  "260",
  "261",
  "262",
  "263",
  "264",
  "265",
  "266",
  "267",
  "268",
  "269",
  "270",
  "271",
  "272",
  "273",
  "274",
  "275",
  "276",
  "277",
  "278",
  "279",
  "280",
  "281",
  "282",
  "283",
  "284",
  "285",
  "286",
  "287",
  "288",
  "289",
  "290",
  "291",
  "292",
  "293",
  "294",
  "295",
  "296",
  "297",
  "298",
  "299",
  "300",
  "301",
  "302",
  "303",
  "304",
  "305",
  "306",
  "307",
  "308",
  "309",
  "310",
  "311",
  "312",
  "313",
  "314",
  "315",
  "316",
  "317",
  "318",
  "319",
  "320",
  "321",
  "322",
  "323",
  "324",
  "325",
  "326",
  "327",
  "328",
  "329",
  "330",
  "331",
  "332",
  "333",
  "334",
  "335",
  "336",
  "337",
  "338",
  "339",
  "340",
  "341",
  "342",
  "343",
  "344",
  "345",
  "346",
  "347",
  "348",
  "349",
  "350",
  "351",
  "352",
  "353",
  "354",
  "355",
  "356",
  "357",
  "358",
  "359",
  "360",
  "361",
  "362",
  "363",
  "364",
  "365",
  "366",
  "367",
  "368",
  "369",
  "370",
  "371",
  "372",
  "373",
  "374",
  "375",
  "376",
  "377",
  "378",
  "379",
  "380",
  "381",
  "382",
  "383",
  "384",
  "385",
  "386",
  "387",
  "388",
  "389",
  "390",
  "391",
  "392",
  "393",
  "394",
  "395",
  "396",
  "397",
  "398",
  "399",
  "400",
  "401",
  "402",
  "403",
  "404",
  "405",
  "406",
  "407",
  "408",
  "409",
  "410",
  "411",
  "412",
  "413",
  "414",
  "415",
  "416",
  "417",
  "418",
  "419",
  "420",
  "421",
  "422",
  "423",
  "424",
  "425",
  "426",
  "427",
  "428",
  "429",
  "430",
  "431",
  "432",
  "433",
  "434",
  "435",
  "436",
  "437",
  "438",
  "439",
  "440",
  "441",
  "442",
  "443",
  "444",
  "445",
  "446",
  "447",
  "448",
  "449",
  "450",
  "451",
  "452",
  "453",
  "454",
  "455",
  "456",
  "457",
  "458",
  "459",
  "460",
  "461",
  "462",
  "463",
  "464",
  "465",
  "466",
  "467",
  "468",
  "469",
  "470",
  "471",
  "472",
  "473",
  "474",
  "475",
  "476",
  "477",
  "478",
  "479",
  "480",
  "481",
  "482",
  "483",
  "484",
  "485",
  "486",
  "487",
  "488",
  "489",
  "490",
  "491",
  "492",
  "493",
  "494",
  "495",
  "496",
  "497",
  "498",
  "499",
  "500",
  "501",
  "502",
  "503",
  "504",
  "505",
  "506",
  "507",
  "508",
  "509",
  "510",
  "511",
  "512",
  "513",
  "514",
  "515",
  "516",
  "517",
  "518",
  "519",
  "520",
  "521",
  "522",
  "523",
  "524",
  "525",
  "526",
  "527",
  "528",
  "529",
  "530",
  "531",
  "532",
  "533",
  "534",
  "535",
  "536",
  "537",
  "538",
  "539",
  "540",
  "541",
  "542",
  "543",
  "544",
  "545",
  "546",
  "547",
  "548",
  "549",
  "550",
  "551",
  "552",
  "553",
  "554",
  "555",
  "556",
  "557",
  "558",
  "559",
  "560",
  "561",
  "562",
  "563",
  "564",
  "565",
  "566",
  "567",
  "568",
  "569",
  "570",
  "571",
  "572",
  "573",
  "574",
  "575",
  "576",
  "577",
  "578",
  "579",
  "580",
  "581",
  "582",
  "583",
  "584",
  "585",
  "586",
  "587",
  "588",
  "589",
  "590",
  "591",
  "592",
  "593",
  "594",
  "595",
  "596",
  "597",
  "598",
  "599",
  "600",
  "601",
  "602",
  "603",
  "604",
  "605",
  "606",
  "607",
  "608",
  "609",
]
[90mstdout[2m | src/components/MeaningAssociationExercise/MeaningAssociation.stories.jsx[2m > [22m[2mEasy Exercise Completed
[22m[39mEasy.grade.data[nodeKey]: undefined
[90mstdout[2m | src/components/MeaningAssociationExercise/MeaningAssociation.stories.jsx[2m > [22m[2mEasy Exercise Completed
[22m[39mEasy.inProgress {
  "complete": true,
  "easy": {
    "accuracy": 1,
    "attemptedAnswers": {
      "1": [
        "1",
      ],
      "2": [
        "2",
      ],
      "3": [
        "3",
      ],
      "4": [
        "4",
      ],
    },
    "attemptsCount": 4,
    "complete": true,
    "percentComplete": 1,
    "verifiedAnswers": [
      "1",
      "2",
      "3",
      "4",
    ],
  },
  "hard": {
    "accuracy": 1,
    "attemptedAnswers": {
      "1": [
        "1",
      ],
      "2": [
        "2",
      ],
      "3": [
        "3",
      ],
      "4": [
        "4",
      ],
    },
    "attemptsCount": 4,
    "complete": true,
    "percentComplete": 1,
    "verifiedAnswers": [
      "1",
      "2",
      "3",
      "4",
    ],
  },
  "learn": {
    "accuracy": 1,
    "attemptedAnswers": {
      "1": [
        "1",
      ],
      "2": [
        "2",
      ],
      "3": [
        "3",
      ],
      "4": [
        "4",
      ],
    },
    "attemptsCount": 4,
    "complete": true,
    "droppedPairs": {
      "1": "1",
      "2": "2",
      "3": "3",
      "4": "4",
    },
    "percentComplete": 1,
    "verifiedAnswers": [
      "1",
      "2",
      "3",
      "4",
    ],
  },
  "tabIndex": 0,
}
[90mstdout[2m | src/components/MeaningAssociationExercise/MeaningAssociation.stories.jsx[2m > [22m[2mEasy Exercise Completed
[22m[39m[Mock Data] Settings created: mock-settings-1790416432846 - notified 0 subscribers
[90mstdout[2m | src/components/MeaningAssociationExercise/MeaningAssociation.stories.jsx[2m > [22m[2mEasy Exercise Completed
[22m[39m[Mock Data] Unit.onUpdate() subscription added. Total: 1
[90mstdout[2m | src/components/MeaningAssociationExercise/MeaningAssociation.stories.jsx[2m > [22m[2mEasy Exercise Completed
[22m[39mEasy.nodeKey easy-2 type: string
[90mstdout[2m | src/components/MeaningAssociationExercise/MeaningAssociation.stories.jsx[2m > [22m[2mEasy Exercise Completed
[22m[39mEasy.grade: {
  "data": "{"easy-2":{"complete":true,"tabIndex":0,"easy":{"verifiedAnswers":["1","2","3","4"],"attemptedAnswers":{"1":["1"],"2":["2"],"3":["3"],"4":["4"]},"attemptsCount":4,"accuracy":1,"percentComplete":1,"complete":true},"hard":{"verifiedAnswers":["1","2","3","4"],"attemptedAnswers":{"1":["1"],"2":["2"],"3":["3"],"4":["4"]},"attemptsCount":4,"accuracy":1,"percentComplete":1,"complete":true},"learn":{"verifiedAnswers":["1","2","3","4"],"attemptedAnswers":{"1":["1"],"2":["2"],"3":["3"],"4":["4"]},"attemptsCount":4,"accuracy":1,"percentComplete":1,"complete":true,"droppedPairs":{"1":"1","2":"2","3":"3","4":"4"}}}}",
}
[90mstdout[2m | src/components/MeaningAssociationExercise/MeaningAssociation.stories.jsx[2m > [22m[2mEasy Exercise Completed
[22m[39mEasy.grade.data: {"easy-2":{"complete":true,"tabIndex":0,"easy":{"verifiedAnswers":["1","2","3","4"],"attemptedAnswers":{"1":["1"],"2":["2"],"3":["3"],"4":["4"]},"attemptsCount":4,"accuracy":1,"percentComplete":1,"complete":true},"hard":{"verifiedAnswers":["1","2","3","4"],"attemptedAnswers":{"1":["1"],"2":["2"],"3":["3"],"4":["4"]},"attemptsCount":4,"accuracy":1,"percentComplete":1,"complete":true},"learn":{"verifiedAnswers":["1","2","3","4"],"attemptedAnswers":{"1":["1"],"2":["2"],"3":["3"],"4":["4"]},"attemptsCount":4,"accuracy":1,"percentComplete":1,"complete":true,"droppedPairs":{"1":"1","2":"2","3":"3","4":"4"}}}}
[90mstdout[2m | src/components/MeaningAssociationExercise/MeaningAssociation.stories.jsx[2m > [22m[2mEasy Exercise Completed
[22m[39mEasy.grade.data === grade? false
[90mstdout[2m | src/components/MeaningAssociationExercise/MeaningAssociation.stories.jsx[2m > [22m[2mEasy Exercise Completed
[22m[39mEasy.grade.data keys: [
  "0",
  "1",
  "2",
  "3",
  "4",
  "5",
  "6",
  "7",
  "8",
  "9",
  "10",
  "11",
  "12",
  "13",
  "14",
  "15",
  "16",
  "17",
  "18",
  "19",
  "20",
  "21",
  "22",
  "23",
  "24",
  "25",
  "26",
  "27",
  "28",
  "29",
  "30",
  "31",
  "32",
  "33",
  "34",
  "35",
  "36",
  "37",
  "38",
  "39",
  "40",
  "41",
  "42",
  "43",
  "44",
  "45",
  "46",
  "47",
  "48",
  "49",
  "50",
  "51",
  "52",
  "53",
  "54",
  "55",
  "56",
  "57",
  "58",
  "59",
  "60",
  "61",
  "62",
  "63",
  "64",
  "65",
  "66",
  "67",
  "68",
  "69",
  "70",
  "71",
  "72",
  "73",
  "74",
  "75",
  "76",
  "77",
  "78",
  "79",
  "80",
  "81",
  "82",
  "83",
  "84",
  "85",
  "86",
  "87",
  "88",
  "89",
  "90",
  "91",
  "92",
  "93",
  "94",
  "95",
  "96",
  "97",
  "98",
  "99",
  "100",
  "101",
  "102",
  "103",
  "104",
  "105",
  "106",
  "107",
  "108",
  "109",
  "110",
  "111",
  "112",
  "113",
  "114",
  "115",
  "116",
  "117",
  "118",
  "119",
  "120",
  "121",
  "122",
  "123",
  "124",
  "125",
  "126",
  "127",
  "128",
  "129",
  "130",
  "131",
  "132",
  "133",
  "134",
  "135",
  "136",
  "137",
  "138",
  "139",
  "140",
  "141",
  "142",
  "143",
  "144",
  "145",
  "146",
  "147",
  "148",
  "149",
  "150",
  "151",
  "152",
  "153",
  "154",
  "155",
  "156",
  "157",
  "158",
  "159",
  "160",
  "161",
  "162",
  "163",
  "164",
  "165",
  "166",
  "167",
  "168",
  "169",
  "170",
  "171",
  "172",
  "173",
  "174",
  "175",
  "176",
  "177",
  "178",
  "179",
  "180",
  "181",
  "182",
  "183",
  "184",
  "185",
  "186",
  "187",
  "188",
  "189",
  "190",
  "191",
  "192",
  "193",
  "194",
  "195",
  "196",
  "197",
  "198",
  "199",
  "200",
  "201",
  "202",
  "203",
  "204",
  "205",
  "206",
  "207",
  "208",
  "209",
  "210",
  "211",
  "212",
  "213",
  "214",
  "215",
  "216",
  "217",
  "218",
  "219",
  "220",
  "221",
  "222",
  "223",
  "224",
  "225",
  "226",
  "227",
  "228",
  "229",
  "230",
  "231",
  "232",
  "233",
  "234",
  "235",
  "236",
  "237",
  "238",
  "239",
  "240",
  "241",
  "242",
  "243",
  "244",
  "245",
  "246",
  "247",
  "248",
  "249",
  "250",
  "251",
  "252",
  "253",
  "254",
  "255",
  "256",
  "257",
  "258",
  "259",
  "260",
  "261",
  "262",
  "263",
  "264",
  "265",
  "266",
  "267",
  "268",
  "269",
  "270",
  "271",
  "272",
  "273",
  "274",
  "275",
  "276",
  "277",
  "278",
  "279",
  "280",
  "281",
  "282",
  "283",
  "284",
  "285",
  "286",
  "287",
  "288",
  "289",
  "290",
  "291",
  "292",
  "293",
  "294",
  "295",
  "296",
  "297",
  "298",
  "299",
  "300",
  "301",
  "302",
  "303",
  "304",
  "305",
  "306",
  "307",
  "308",
  "309",
  "310",
  "311",
  "312",
  "313",
  "314",
  "315",
  "316",
  "317",
  "318",
  "319",
  "320",
  "321",
  "322",
  "323",
  "324",
  "325",
  "326",
  "327",
  "328",
  "329",
  "330",
  "331",
  "332",
  "333",
  "334",
  "335",
  "336",
  "337",
  "338",
  "339",
  "340",
  "341",
  "342",
  "343",
  "344",
  "345",
  "346",
  "347",
  "348",
  "349",
  "350",
  "351",
  "352",
  "353",
  "354",
  "355",
  "356",
  "357",
  "358",
  "359",
  "360",
  "361",
  "362",
  "363",
  "364",
  "365",
  "366",
  "367",
  "368",
  "369",
  "370",
  "371",
  "372",
  "373",
  "374",
  "375",
  "376",
  "377",
  "378",
  "379",
  "380",
  "381",
  "382",
  "383",
  "384",
  "385",
  "386",
  "387",
  "388",
  "389",
  "390",
  "391",
  "392",
  "393",
  "394",
  "395",
  "396",
  "397",
  "398",
  "399",
  "400",
  "401",
  "402",
  "403",
  "404",
  "405",
  "406",
  "407",
  "408",
  "409",
  "410",
  "411",
  "412",
  "413",
  "414",
  "415",
  "416",
  "417",
  "418",
  "419",
  "420",
  "421",
  "422",
  "423",
  "424",
  "425",
  "426",
  "427",
  "428",
  "429",
  "430",
  "431",
  "432",
  "433",
  "434",
  "435",
  "436",
  "437",
  "438",
  "439",
  "440",
  "441",
  "442",
  "443",
  "444",
  "445",
  "446",
  "447",
  "448",
  "449",
  "450",
  "451",
  "452",
  "453",
  "454",
  "455",
  "456",
  "457",
  "458",
  "459",
  "460",
  "461",
  "462",
  "463",
  "464",
  "465",
  "466",
  "467",
  "468",
  "469",
  "470",
  "471",
  "472",
  "473",
  "474",
  "475",
  "476",
  "477",
  "478",
  "479",
  "480",
  "481",
  "482",
  "483",
  "484",
  "485",
  "486",
  "487",
  "488",
  "489",
  "490",
  "491",
  "492",
  "493",
  "494",
  "495",
  "496",
  "497",
  "498",
  "499",
  "500",
  "501",
  "502",
  "503",
  "504",
  "505",
  "506",
  "507",
  "508",
  "509",
  "510",
  "511",
  "512",
  "513",
  "514",
  "515",
  "516",
  "517",
  "518",
  "519",
  "520",
  "521",
  "522",
  "523",
  "524",
  "525",
  "526",
  "527",
  "528",
  "529",
  "530",
  "531",
  "532",
  "533",
  "534",
  "535",
  "536",
  "537",
  "538",
  "539",
  "540",
  "541",
  "542",
  "543",
  "544",
  "545",
  "546",
  "547",
  "548",
  "549",
  "550",
  "551",
  "552",
  "553",
  "554",
  "555",
  "556",
  "557",
  "558",
  "559",
  "560",
  "561",
  "562",
  "563",
  "564",
  "565",
  "566",
  "567",
  "568",
  "569",
  "570",
  "571",
  "572",
  "573",
  "574",
  "575",
  "576",
  "577",
  "578",
  "579",
  "580",
  "581",
  "582",
  "583",
  "584",
  "585",
  "586",
  "587",
  "588",
  "589",
  "590",
  "591",
  "592",
  "593",
  "594",
  "595",
  "596",
  "597",
  "598",
  "599",
  "600",
  "601",
  "602",
  "603",
  "604",
  "605",
  "606",
  "607",
  "608",
  "609",
]
[90mstdout[2m | src/components/MeaningAssociationExercise/MeaningAssociation.stories.jsx[2m > [22m[2mEasy Exercise Completed
[22m[39mEasy.grade.data[nodeKey]: undefined
[90mstdout[2m | src/components/MeaningAssociationExercise/MeaningAssociation.stories.jsx[2m > [22m[2mEasy Exercise Completed
[22m[39mEasy.inProgress {
  "complete": true,
  "easy": {
    "accuracy": 1,
    "attemptedAnswers": {
      "1": [
        "1",
      ],
      "2": [
        "2",
      ],
      "3": [
        "3",
      ],
      "4": [
        "4",
      ],
    },
    "attemptsCount": 4,
    "complete": true,
    "percentComplete": 1,
    "verifiedAnswers": [
      "1",
      "2",
      "3",
      "4",
    ],
  },
  "hard": {
    "accuracy": 1,
    "attemptedAnswers": {
      "1": [
        "1",
      ],
      "2": [
        "2",
      ],
      "3": [
        "3",
      ],
      "4": [
        "4",
      ],
    },
    "attemptsCount": 4,
    "complete": true,
    "percentComplete": 1,
    "verifiedAnswers": [
      "1",
      "2",
      "3",
      "4",
    ],
  },
  "learn": {
    "accuracy": 1,
    "attemptedAnswers": {
      "1": [
        "1",
      ],
      "2": [
        "2",
      ],
      "3": [
        "3",
      ],
      "4": [
        "4",
      ],
    },
    "attemptsCount": 4,
    "complete": true,
    "droppedPairs": {
      "1": "1",
      "2": "2",
      "3": "3",
      "4": "4",
    },
    "percentComplete": 1,
    "verifiedAnswers": [
      "1",
      "2",
      "3",
      "4",
    ],
  },
  "tabIndex": 0,
}
[90mstdout[2m | src/components/MeaningAssociationExercise/MeaningAssociation.stories.jsx[2m > [22m[2mEasy Exercise Completed
[22m[39m[SectionContext] Section observeQuery update: 0
[90mstdout[2m | src/components/MeaningAssociationExercise/MeaningAssociation.stories.jsx[2m > [22m[2mEasy Exercise Completed
[22m[39m[FilesContext] File observeQuery update: 6 files
[90mstdout[2m | src/components/MeaningAssociationExercise/MeaningAssociation.stories.jsx[2m > [22m[2mEasy Exercise Completed
[22m[39m[ChatContext] AssistantChat initialized with 1 chats
[90mstdout[2m | src/components/MeaningAssociationExercise/MeaningAssociation.stories.jsx[2m > [22m[2mEasy Exercise Completed
[22m[39m[ChatContext] Setting initial chat: mock-assistant-chat-1
[90mstdout[2m | src/components/MeaningAssociationExercise/MeaningAssociation.stories.jsx[2m > [22m[2mEasy Exercise Completed
[22m[39m[MOCK CourseVectorStore] Initialized with mock data
[90mstdout[2m | src/components/MeaningAssociationExercise/MeaningAssociation.stories.jsx[2m > [22m[2mEasy Exercise Completed
[22m[39mEasy.nodeKey easy-2 type: string
[90mstdout[2m | src/components/MeaningAssociationExercise/MeaningAssociation.stories.jsx[2m > [22m[2mEasy Exercise Completed
[22m[39mEasy.grade: {
  "data": "{"easy-2":{"complete":true,"tabIndex":0,"easy":{"verifiedAnswers":["1","2","3","4"],"attemptedAnswers":{"1":["1"],"2":["2"],"3":["3"],"4":["4"]},"attemptsCount":4,"accuracy":1,"percentComplete":1,"complete":true},"hard":{"verifiedAnswers":["1","2","3","4"],"attemptedAnswers":{"1":["1"],"2":["2"],"3":["3"],"4":["4"]},"attemptsCount":4,"accuracy":1,"percentComplete":1,"complete":true},"learn":{"verifiedAnswers":["1","2","3","4"],"attemptedAnswers":{"1":["1"],"2":["2"],"3":["3"],"4":["4"]},"attemptsCount":4,"accuracy":1,"percentComplete":1,"complete":true,"droppedPairs":{"1":"1","2":"2","3":"3","4":"4"}}}}",
}
[90mstdout[2m | src/components/MeaningAssociationExercise/MeaningAssociation.stories.jsx[2m > [22m[2mEasy Exercise Completed
[22m[39mEasy.grade.data: {"easy-2":{"complete":true,"tabIndex":0,"easy":{"verifiedAnswers":["1","2","3","4"],"attemptedAnswers":{"1":["1"],"2":["2"],"3":["3"],"4":["4"]},"attemptsCount":4,"accuracy":1,"percentComplete":1,"complete":true},"hard":{"verifiedAnswers":["1","2","3","4"],"attemptedAnswers":{"1":["1"],"2":["2"],"3":["3"],"4":["4"]},"attemptsCount":4,"accuracy":1,"percentComplete":1,"complete":true},"learn":{"verifiedAnswers":["1","2","3","4"],"attemptedAnswers":{"1":["1"],"2":["2"],"3":["3"],"4":["4"]},"attemptsCount":4,"accuracy":1,"percentComplete":1,"complete":true,"droppedPairs":{"1":"1","2":"2","3":"3","4":"4"}}}}
[90mstdout[2m | src/components/MeaningAssociationExercise/MeaningAssociation.stories.jsx[2m > [22m[2mEasy Exercise Completed
[22m[39mEasy.grade.data === grade? false
[90mstdout[2m | src/components/MeaningAssociationExercise/MeaningAssociation.stories.jsx[2m > [22m[2mEasy Exercise Completed
[22m[39mEasy.grade.data keys: [
  "0",
  "1",
  "2",
  "3",
  "4",
  "5",
  "6",
  "7",
  "8",
  "9",
  "10",
  "11",
  "12",
  "13",
  "14",
  "15",
  "16",
  "17",
  "18",
  "19",
  "20",
  "21",
  "22",
  "23",
  "24",
  "25",
  "26",
  "27",
  "28",
  "29",
  "30",
  "31",
  "32",
  "33",
  "34",
  "35",
  "36",
  "37",
  "38",
  "39",
  "40",
  "41",
  "42",
  "43",
  "44",
  "45",
  "46",
  "47",
  "48",
  "49",
  "50",
  "51",
  "52",
  "53",
  "54",
  "55",
  "56",
  "57",
  "58",
  "59",
  "60",
  "61",
  "62",
  "63",
  "64",
  "65",
  "66",
  "67",
  "68",
  "69",
  "70",
  "71",
  "72",
  "73",
  "74",
  "75",
  "76",
  "77",
  "78",
  "79",
  "80",
  "81",
  "82",
  "83",
  "84",
  "85",
  "86",
  "87",
  "88",
  "89",
  "90",
  "91",
  "92",
  "93",
  "94",
  "95",
  "96",
  "97",
  "98",
  "99",
  "100",
  "101",
  "102",
  "103",
  "104",
  "105",
  "106",
  "107",
  "108",
  "109",
  "110",
  "111",
  "112",
  "113",
  "114",
  "115",
  "116",
  "117",
  "118",
  "119",
  "120",
  "121",
  "122",
  "123",
  "124",
  "125",
  "126",
  "127",
  "128",
  "129",
  "130",
  "131",
  "132",
  "133",
  "134",
  "135",
  "136",
  "137",
  "138",
  "139",
  "140",
  "141",
  "142",
  "143",
  "144",
  "145",
  "146",
  "147",
  "148",
  "149",
  "150",
  "151",
  "152",
  "153",
  "154",
  "155",
  "156",
  "157",
  "158",
  "159",
  "160",
  "161",
  "162",
  "163",
  "164",
  "165",
  "166",
  "167",
  "168",
  "169",
  "170",
  "171",
  "172",
  "173",
  "174",
  "175",
  "176",
  "177",
  "178",
  "179",
  "180",
  "181",
  "182",
  "183",
  "184",
  "185",
  "186",
  "187",
  "188",
  "189",
  "190",
  "191",
  "192",
  "193",
  "194",
  "195",
  "196",
  "197",
  "198",
  "199",
  "200",
  "201",
  "202",
  "203",
  "204",
  "205",
  "206",
  "207",
  "208",
  "209",
  "210",
  "211",
  "212",
  "213",
  "214",
  "215",
  "216",
  "217",
  "218",
  "219",
  "220",
  "221",
  "222",
  "223",
  "224",
  "225",
  "226",
  "227",
  "228",
  "229",
  "230",
  "231",
  "232",
  "233",
  "234",
  "235",
  "236",
  "237",
  "238",
  "239",
  "240",
  "241",
  "242",
  "243",
  "244",
  "245",
  "246",
  "247",
  "248",
  "249",
  "250",
  "251",
  "252",
  "253",
  "254",
  "255",
  "256",
  "257",
  "258",
  "259",
  "260",
  "261",
  "262",
  "263",
  "264",
  "265",
  "266",
  "267",
  "268",
  "269",
  "270",
  "271",
  "272",
  "273",
  "274",
  "275",
  "276",
  "277",
  "278",
  "279",
  "280",
  "281",
  "282",
  "283",
  "284",
  "285",
  "286",
  "287",
  "288",
  "289",
  "290",
  "291",
  "292",
  "293",
  "294",
  "295",
  "296",
  "297",
  "298",
  "299",
  "300",
  "301",
  "302",
  "303",
  "304",
  "305",
  "306",
  "307",
  "308",
  "309",
  "310",
  "311",
  "312",
  "313",
  "314",
  "315",
  "316",
  "317",
  "318",
  "319",
  "320",
  "321",
  "322",
  "323",
  "324",
  "325",
  "326",
  "327",
  "328",
  "329",
  "330",
  "331",
  "332",
  "333",
  "334",
  "335",
  "336",
  "337",
  "338",
  "339",
  "340",
  "341",
  "342",
  "343",
  "344",
  "345",
  "346",
  "347",
  "348",
  "349",
  "350",
  "351",
  "352",
  "353",
  "354",
  "355",
  "356",
  "357",
  "358",
  "359",
  "360",
  "361",
  "362",
  "363",
  "364",
  "365",
  "366",
  "367",
  "368",
  "369",
  "370",
  "371",
  "372",
  "373",
  "374",
  "375",
  "376",
  "377",
  "378",
  "379",
  "380",
  "381",
  "382",
  "383",
  "384",
  "385",
  "386",
  "387",
  "388",
  "389",
  "390",
  "391",
  "392",
  "393",
  "394",
  "395",
  "396",
  "397",
  "398",
  "399",
  "400",
  "401",
  "402",
  "403",
  "404",
  "405",
  "406",
  "407",
  "408",
  "409",
  "410",
  "411",
  "412",
  "413",
  "414",
  "415",
  "416",
  "417",
  "418",
  "419",
  "420",
  "421",
  "422",
  "423",
  "424",
  "425",
  "426",
  "427",
  "428",
  "429",
  "430",
  "431",
  "432",
  "433",
  "434",
  "435",
  "436",
  "437",
  "438",
  "439",
  "440",
  "441",
  "442",
  "443",
  "444",
  "445",
  "446",
  "447",
  "448",
  "449",
  "450",
  "451",
  "452",
  "453",
  "454",
  "455",
  "456",
  "457",
  "458",
  "459",
  "460",
  "461",
  "462",
  "463",
  "464",
  "465",
  "466",
  "467",
  "468",
  "469",
  "470",
  "471",
  "472",
  "473",
  "474",
  "475",
  "476",
  "477",
  "478",
  "479",
  "480",
  "481",
  "482",
  "483",
  "484",
  "485",
  "486",
  "487",
  "488",
  "489",
  "490",
  "491",
  "492",
  "493",
  "494",
  "495",
  "496",
  "497",
  "498",
  "499",
  "500",
  "501",
  "502",
  "503",
  "504",
  "505",
  "506",
  "507",
  "508",
  "509",
  "510",
  "511",
  "512",
  "513",
  "514",
  "515",
  "516",
  "517",
  "518",
  "519",
  "520",
  "521",
  "522",
  "523",
  "524",
  "525",
  "526",
  "527",
  "528",
  "529",
  "530",
  "531",
  "532",
  "533",
  "534",
  "535",
  "536",
  "537",
  "538",
  "539",
  "540",
  "541",
  "542",
  "543",
  "544",
  "545",
  "546",
  "547",
  "548",
  "549",
  "550",
  "551",
  "552",
  "553",
  "554",
  "555",
  "556",
  "557",
  "558",
  "559",
  "560",
  "561",
  "562",
  "563",
  "564",
  "565",
  "566",
  "567",
  "568",
  "569",
  "570",
  "571",
  "572",
  "573",
  "574",
  "575",
  "576",
  "577",
  "578",
  "579",
  "580",
  "581",
  "582",
  "583",
  "584",
  "585",
  "586",
  "587",
  "588",
  "589",
  "590",
  "591",
  "592",
  "593",
  "594",
  "595",
  "596",
  "597",
  "598",
  "599",
  "600",
  "601",
  "602",
  "603",
  "604",
  "605",
  "606",
  "607",
  "608",
  "609",
]
[90mstdout[2m | src/components/MeaningAssociationExercise/MeaningAssociation.stories.jsx[2m > [22m[2mEasy Exercise Completed
[22m[39mEasy.grade.data[nodeKey]: undefined
[90mstdout[2m | src/components/MeaningAssociationExercise/MeaningAssociation.stories.jsx[2m > [22m[2mEasy Exercise Completed
[22m[39mEasy.inProgress {
  "complete": true,
  "easy": {
    "accuracy": 1,
    "attemptedAnswers": {
      "1": [
        "1",
      ],
      "2": [
        "2",
      ],
      "3": [
        "3",
      ],
      "4": [
        "4",
      ],
    },
    "attemptsCount": 4,
    "complete": true,
    "percentComplete": 1,
    "verifiedAnswers": [
      "1",
      "2",
      "3",
      "4",
    ],
  },
  "hard": {
    "accuracy": 1,
    "attemptedAnswers": {
      "1": [
        "1",
      ],
      "2": [
        "2",
      ],
      "3": [
        "3",
      ],
      "4": [
        "4",
      ],
    },
    "attemptsCount": 4,
    "complete": true,
    "percentComplete": 1,
    "verifiedAnswers": [
      "1",
      "2",
      "3",
      "4",
    ],
  },
  "learn": {
    "accuracy": 1,
    "attemptedAnswers": {
      "1": [
        "1",
      ],
      "2": [
        "2",
      ],
      "3": [
        "3",
      ],
      "4": [
        "4",
      ],
    },
    "attemptsCount": 4,
    "complete": true,
    "droppedPairs": {
      "1": "1",
      "2": "2",
      "3": "3",
      "4": "4",
    },
    "percentComplete": 1,
    "verifiedAnswers": [
      "1",
      "2",
      "3",
      "4",
    ],
  },
  "tabIndex": 0,
}
[90mstdout[2m | src/components/MeaningAssociationExercise/MeaningAssociation.stories.jsx[2m > [22m[2mEasy Exercise Completed
[22m[39m[FilesContext] Vector store population triggered {
  "currentVectorStoreSize": 3,
  "documentsCount": 0,
  "filesCount": 6,
  "isInitialLoad": true,
}
[90mstdout[2m | src/components/MeaningAssociationExercise/MeaningAssociation.stories.jsx[2m > [22m[2mEasy Exercise Completed
[22m[39m[FilesContext] Vector store population complete - 3 total embeddings
[90mstdout[2m | src/components/MeaningAssociationExercise/MeaningAssociation.stories.jsx[2m > [22m[2mEasy Exercise Completed
[22m[39m[ChatContext] Chat exists and not archived, skipping creation
[90mstdout[2m | src/components/MeaningAssociationExercise/MeaningAssociation.stories.jsx[2m > [22m[2mEasy Exercise Completed
[22m[39m[Mock Storage] downloadData called with: undefined
[90mstdout[2m | src/components/MeaningAssociationExercise/MeaningAssociation.stories.jsx[2m > [22m[2mHard Exercise
[22m[39m[ChatContext] Cleaning up subscriptions
[90mstdout[2m | src/components/MeaningAssociationExercise/MeaningAssociation.stories.jsx[2m > [22m[2mHard Exercise
[22m[39m[Mock Data] Unit.onUpdate() subscription removed. Remaining: 0
[90mstdout[2m | src/components/MeaningAssociationExercise/MeaningAssociation.stories.jsx[2m > [22m[2mHard Exercise
[22m[39m[MOCK CourseVectorStore] Initialized with mock data
[90mstdout[2m | src/components/MeaningAssociationExercise/MeaningAssociation.stories.jsx[2m > [22m[2mHard Exercise
[22m[39mHard.attemptedAnswers {}
[90mstdout[2m | src/components/MeaningAssociationExercise/MeaningAssociation.stories.jsx[2m > [22m[2mHard Exercise
[22m[39mHard._vocabulary [
  {
    "definition": "A greeting",
    "id": "1",
    "phrase": "Hello",
  },
  {
    "definition": "A farewell",
    "id": "2",
    "phrase": "Goodbye",
  },
  {
    "definition": "Expression of gratitude",
    "id": "3",
    "phrase": "Thank you",
  },
  {
    "definition": "Polite request",
    "id": "4",
    "phrase": "Please",
  },
]
[90mstdout[2m | src/components/MeaningAssociationExercise/MeaningAssociation.stories.jsx[2m > [22m[2mHard Exercise
[22m[39m[TranslationModeController] Setting mode to: off
[90mstdout[2m | src/components/MeaningAssociationExercise/MeaningAssociation.stories.jsx[2m > [22m[2mHard Exercise
[22m[39m[UnitContext] useEffect triggered {
  "authLoading": false,
  "hasUser": true,
  "id": "mock-unit-id",
  "userSub": "mock-user-sub",
}
[90mstdout[2m | src/components/MeaningAssociationExercise/MeaningAssociation.stories.jsx[2m > [22m[2mHard Exercise
[22m[39m[UnitContext] Fetching unit data for id: mock-unit-id
[90mstdout[2m | src/components/MeaningAssociationExercise/MeaningAssociation.stories.jsx[2m > [22m[2mHard Exercise
[22m[39m[FilesContext] Initializing vector store from IndexedDB
[90mstdout[2m | src/components/MeaningAssociationExercise/MeaningAssociation.stories.jsx[2m > [22m[2mHard Exercise
[22m[39m[FilesContext] fetchFiles called
[90mstdout[2m | src/components/MeaningAssociationExercise/MeaningAssociation.stories.jsx[2m > [22m[2mHard Exercise
[22m[39m[FilesContext] User authenticated: mock-user-sub
[90mstdout[2m | src/components/MeaningAssociationExercise/MeaningAssociation.stories.jsx[2m > [22m[2mHard Exercise
[22m[39m[FilesContext] Identity ID: us-east-1:mock-identity-123
[90mstdout[2m | src/components/MeaningAssociationExercise/MeaningAssociation.stories.jsx[2m > [22m[2mHard Exercise
[22m[39m[FilesContext] About to set up File observeQuery
[90mstdout[2m | src/components/MeaningAssociationExercise/MeaningAssociation.stories.jsx[2m > [22m[2mHard Exercise
[22m[39m[ChatContext] Setting up AssistantChat observeQuery
[90mstdout[2m | src/components/MeaningAssociationExercise/MeaningAssociation.stories.jsx[2m > [22m[2mHard Exercise
[22m[39m[ChatContext] Waiting for subscription to initialize
[90mstdout[2m | src/components/MeaningAssociationExercise/MeaningAssociation.stories.jsx[2m > [22m[2mHard Exercise
[22m[39m[SettingsContext] Setting up Settings subscription for user: mock-user-sub
[90mstdout[2m | src/components/MeaningAssociationExercise/MeaningAssociation.stories.jsx[2m > [22m[2mHard Exercise
[22m[39mHard.attemptedAnswers {}
[90mstdout[2m | src/components/MeaningAssociationExercise/MeaningAssociation.stories.jsx[2m > [22m[2mHard Exercise
[22m[39m[Mock Data] Settings created: mock-settings-1790416433035 - notified 0 subscribers
[90mstdout[2m | src/components/MeaningAssociationExercise/MeaningAssociation.stories.jsx[2m > [22m[2mHard Exercise
[22m[39m[Mock Data] Unit.onUpdate() subscription added. Total: 1
[90mstdout[2m | src/components/MeaningAssociationExercise/MeaningAssociation.stories.jsx[2m > [22m[2mHard Exercise
[22m[39mHard.attemptedAnswers {}
[90mstdout[2m | src/components/MeaningAssociationExercise/MeaningAssociation.stories.jsx[2m > [22m[2mHard Exercise
[22m[39m[SectionContext] Section observeQuery update: 0
[90mstdout[2m | src/components/MeaningAssociationExercise/MeaningAssociation.stories.jsx[2m > [22m[2mHard Exercise
[22m[39m[FilesContext] File observeQuery update: 6 files
[90mstdout[2m | src/components/MeaningAssociationExercise/MeaningAssociation.stories.jsx[2m > [22m[2mHard Exercise
[22m[39m[ChatContext] AssistantChat initialized with 1 chats
[90mstdout[2m | src/components/MeaningAssociationExercise/MeaningAssociation.stories.jsx[2m > [22m[2mHard Exercise
[22m[39m[ChatContext] Setting initial chat: mock-assistant-chat-1
[90mstdout[2m | src/components/MeaningAssociationExercise/MeaningAssociation.stories.jsx[2m > [22m[2mHard Exercise
[22m[39m[MOCK CourseVectorStore] Initialized with mock data
[90mstdout[2m | src/components/MeaningAssociationExercise/MeaningAssociation.stories.jsx[2m > [22m[2mHard Exercise
[22m[39mHard.attemptedAnswers {}
[90mstdout[2m | src/components/MeaningAssociationExercise/MeaningAssociation.stories.jsx[2m > [22m[2mHard Exercise
[22m[39m[FilesContext] Vector store population triggered {
  "currentVectorStoreSize": 3,
  "documentsCount": 0,
  "filesCount": 6,
  "isInitialLoad": true,
}
[90mstdout[2m | src/components/MeaningAssociationExercise/MeaningAssociation.stories.jsx[2m > [22m[2mHard Exercise
[22m[39m[FilesContext] Vector store population complete - 3 total embeddings
[90mstdout[2m | src/components/MeaningAssociationExercise/MeaningAssociation.stories.jsx[2m > [22m[2mHard Exercise
[22m[39m[ChatContext] Chat exists and not archived, skipping creation
[90mstdout[2m | src/components/MeaningAssociationExercise/MeaningAssociation.stories.jsx[2m > [22m[2mHard Exercise
[22m[39m[Mock Storage] downloadData called with: undefined
[90mstdout[2m | src/components/MeaningAssociationExercise/MeaningAssociation.stories.jsx[2m > [22m[2mHard Exercise Completed
[22m[39m[ChatContext] Cleaning up subscriptions
[90mstdout[2m | src/components/MeaningAssociationExercise/MeaningAssociation.stories.jsx[2m > [22m[2mHard Exercise Completed
[22m[39m[Mock Data] Unit.onUpdate() subscription removed. Remaining: 0
[90mstdout[2m | src/components/MeaningAssociationExercise/MeaningAssociation.stories.jsx[2m > [22m[2mHard Exercise Completed
[22m[39m[MOCK CourseVectorStore] Initialized with mock data
[90mstdout[2m | src/components/MeaningAssociationExercise/MeaningAssociation.stories.jsx[2m > [22m[2mHard Exercise Completed
[22m[39mHard.attemptedAnswers {}
[90mstdout[2m | src/components/MeaningAssociationExercise/MeaningAssociation.stories.jsx[2m > [22m[2mHard Exercise Completed
[22m[39mHard._vocabulary [
  {
    "definition": "A greeting",
    "id": "1",
    "phrase": "Hello",
  },
  {
    "definition": "A farewell",
    "id": "2",
    "phrase": "Goodbye",
  },
  {
    "definition": "Expression of gratitude",
    "id": "3",
    "phrase": "Thank you",
  },
  {
    "definition": "Polite request",
    "id": "4",
    "phrase": "Please",
  },
]
[90mstdout[2m | src/components/MeaningAssociationExercise/MeaningAssociation.stories.jsx[2m > [22m[2mHard Exercise Completed
[22m[39m[TranslationModeController] Setting mode to: off
[90mstdout[2m | src/components/MeaningAssociationExercise/MeaningAssociation.stories.jsx[2m > [22m[2mHard Exercise Completed
[22m[39m[UnitContext] useEffect triggered {
  "authLoading": false,
  "hasUser": true,
  "id": "mock-unit-id",
  "userSub": "mock-user-sub",
}
[90mstdout[2m | src/components/MeaningAssociationExercise/MeaningAssociation.stories.jsx[2m > [22m[2mHard Exercise Completed
[22m[39m[UnitContext] Fetching unit data for id: mock-unit-id
[90mstdout[2m | src/components/MeaningAssociationExercise/MeaningAssociation.stories.jsx[2m > [22m[2mHard Exercise Completed
[22m[39m[FilesContext] Initializing vector store from IndexedDB
[90mstdout[2m | src/components/MeaningAssociationExercise/MeaningAssociation.stories.jsx[2m > [22m[2mHard Exercise Completed
[22m[39m[FilesContext] fetchFiles called
[90mstdout[2m | src/components/MeaningAssociationExercise/MeaningAssociation.stories.jsx[2m > [22m[2mHard Exercise Completed
[22m[39m[FilesContext] User authenticated: mock-user-sub
[90mstdout[2m | src/components/MeaningAssociationExercise/MeaningAssociation.stories.jsx[2m > [22m[2mHard Exercise Completed
[22m[39m[FilesContext] Identity ID: us-east-1:mock-identity-123
[90mstdout[2m | src/components/MeaningAssociationExercise/MeaningAssociation.stories.jsx[2m > [22m[2mHard Exercise Completed
[22m[39m[FilesContext] About to set up File observeQuery
[90mstdout[2m | src/components/MeaningAssociationExercise/MeaningAssociation.stories.jsx[2m > [22m[2mHard Exercise Completed
[22m[39m[ChatContext] Setting up AssistantChat observeQuery
[90mstdout[2m | src/components/MeaningAssociationExercise/MeaningAssociation.stories.jsx[2m > [22m[2mHard Exercise Completed
[22m[39m[ChatContext] Waiting for subscription to initialize
[90mstdout[2m | src/components/MeaningAssociationExercise/MeaningAssociation.stories.jsx[2m > [22m[2mHard Exercise Completed
[22m[39m[SettingsContext] Setting up Settings subscription for user: mock-user-sub
[90mstdout[2m | src/components/MeaningAssociationExercise/MeaningAssociation.stories.jsx[2m > [22m[2mHard Exercise Completed
[22m[39mHard.attemptedAnswers {
  "1": [
    "1",
  ],
  "2": [
    "2",
  ],
  "3": [
    "3",
  ],
  "4": [
    "4",
  ],
}
[90mstdout[2m | src/components/MeaningAssociationExercise/MeaningAssociation.stories.jsx[2m > [22m[2mHard Exercise Completed
[22m[39m[Mock Data] Settings created: mock-settings-1790416433176 - notified 0 subscribers
[90mstdout[2m | src/components/MeaningAssociationExercise/MeaningAssociation.stories.jsx[2m > [22m[2mHard Exercise Completed
[22m[39m[Mock Data] Unit.onUpdate() subscription added. Total: 1
[90mstdout[2m | src/components/MeaningAssociationExercise/MeaningAssociation.stories.jsx[2m > [22m[2mHard Exercise Completed
[22m[39mHard.attemptedAnswers {
  "1": [
    "1",
  ],
  "2": [
    "2",
  ],
  "3": [
    "3",
  ],
  "4": [
    "4",
  ],
}
[90mstdout[2m | src/components/MeaningAssociationExercise/MeaningAssociation.stories.jsx[2m > [22m[2mHard Exercise Completed
[22m[39m[SectionContext] Section observeQuery update: 0
[90mstdout[2m | src/components/MeaningAssociationExercise/MeaningAssociation.stories.jsx[2m > [22m[2mHard Exercise Completed
[22m[39m[FilesContext] File observeQuery update: 6 files
[90mstdout[2m | src/components/MeaningAssociationExercise/MeaningAssociation.stories.jsx[2m > [22m[2mHard Exercise Completed
[22m[39m[ChatContext] AssistantChat initialized with 1 chats
[90mstdout[2m | src/components/MeaningAssociationExercise/MeaningAssociation.stories.jsx[2m > [22m[2mHard Exercise Completed
[22m[39m[ChatContext] Setting initial chat: mock-assistant-chat-1
[90mstdout[2m | src/components/MeaningAssociationExercise/MeaningAssociation.stories.jsx[2m > [22m[2mHard Exercise Completed
[22m[39m[MOCK CourseVectorStore] Initialized with mock data
[90mstdout[2m | src/components/MeaningAssociationExercise/MeaningAssociation.stories.jsx[2m > [22m[2mHard Exercise Completed
[22m[39mHard.attemptedAnswers {
  "1": [
    "1",
  ],
  "2": [
    "2",
  ],
  "3": [
    "3",
  ],
  "4": [
    "4",
  ],
}
[90mstdout[2m | src/components/MeaningAssociationExercise/MeaningAssociation.stories.jsx[2m > [22m[2mHard Exercise Completed
[22m[39m[FilesContext] Vector store population triggered {
  "currentVectorStoreSize": 3,
  "documentsCount": 0,
  "filesCount": 6,
  "isInitialLoad": true,
}
[90mstdout[2m | src/components/MeaningAssociationExercise/MeaningAssociation.stories.jsx[2m > [22m[2mHard Exercise Completed
[22m[39m[FilesContext] Vector store population complete - 3 total embeddings
[90mstdout[2m | src/components/MeaningAssociationExercise/MeaningAssociation.stories.jsx[2m > [22m[2mHard Exercise Completed
[22m[39m[ChatContext] Chat exists and not archived, skipping creation
[90mstdout[2m | src/components/MeaningAssociationExercise/MeaningAssociation.stories.jsx[2m > [22m[2mHard Exercise Completed
[22m[39m[Mock Storage] downloadData called with: undefined
[90mstdout[2m | src/components/MeaningAssociationExercise/MeaningAssociation.stories.jsx[2m > [22m[2mLearn Exercise
[22m[39m[ChatContext] Cleaning up subscriptions
[90mstdout[2m | src/components/MeaningAssociationExercise/MeaningAssociation.stories.jsx[2m > [22m[2mLearn Exercise
[22m[39m[Mock Data] Unit.onUpdate() subscription removed. Remaining: 0
[90mstdout[2m | src/components/MeaningAssociationExercise/MeaningAssociation.stories.jsx[2m > [22m[2mLearn Exercise
[22m[39m[MOCK CourseVectorStore] Initialized with mock data
[90mstdout[2m | src/components/MeaningAssociationExercise/MeaningAssociation.stories.jsx[2m > [22m[2mLearn Exercise
[22m[39mLearn._vocabulary [
  {
    "definition": "A greeting",
    "id": "1",
    "phrase": "Hello",
  },
  {
    "definition": "A farewell",
    "id": "2",
    "phrase": "Goodbye",
  },
  {
    "definition": "Expression of gratitude",
    "id": "3",
    "phrase": "Thank you",
  },
  {
    "definition": "Polite request",
    "id": "4",
    "phrase": "Please",
  },
]
[90mstdout[2m | src/components/MeaningAssociationExercise/MeaningAssociation.stories.jsx[2m > [22m[2mLearn Exercise
[22m[39m[TranslationModeController] Setting mode to: off
[90mstdout[2m | src/components/MeaningAssociationExercise/MeaningAssociation.stories.jsx[2m > [22m[2mLearn Exercise
[22m[39m[UnitContext] useEffect triggered {
  "authLoading": false,
  "hasUser": true,
  "id": "mock-unit-id",
  "userSub": "mock-user-sub",
}
[90mstdout[2m | src/components/MeaningAssociationExercise/MeaningAssociation.stories.jsx[2m > [22m[2mLearn Exercise
[22m[39m[UnitContext] Fetching unit data for id: mock-unit-id
[90mstdout[2m | src/components/MeaningAssociationExercise/MeaningAssociation.stories.jsx[2m > [22m[2mLearn Exercise
[22m[39m[FilesContext] Initializing vector store from IndexedDB
[90mstdout[2m | src/components/MeaningAssociationExercise/MeaningAssociation.stories.jsx[2m > [22m[2mLearn Exercise
[22m[39m[FilesContext] fetchFiles called
[90mstdout[2m | src/components/MeaningAssociationExercise/MeaningAssociation.stories.jsx[2m > [22m[2mLearn Exercise
[22m[39m[FilesContext] User authenticated: mock-user-sub
[90mstdout[2m | src/components/MeaningAssociationExercise/MeaningAssociation.stories.jsx[2m > [22m[2mLearn Exercise
[22m[39m[FilesContext] Identity ID: us-east-1:mock-identity-123
[90mstdout[2m | src/components/MeaningAssociationExercise/MeaningAssociation.stories.jsx[2m > [22m[2mLearn Exercise
[22m[39m[FilesContext] About to set up File observeQuery
[90mstdout[2m | src/components/MeaningAssociationExercise/MeaningAssociation.stories.jsx[2m > [22m[2mLearn Exercise
[22m[39m[ChatContext] Setting up AssistantChat observeQuery
[90mstdout[2m | src/components/MeaningAssociationExercise/MeaningAssociation.stories.jsx[2m > [22m[2mLearn Exercise
[22m[39m[ChatContext] Waiting for subscription to initialize
[90mstdout[2m | src/components/MeaningAssociationExercise/MeaningAssociation.stories.jsx[2m > [22m[2mLearn Exercise
[22m[39m[SettingsContext] Setting up Settings subscription for user: mock-user-sub
[90mstdout[2m | src/components/MeaningAssociationExercise/MeaningAssociation.stories.jsx[2m > [22m[2mLearn Exercise
[22m[39m[Mock Data] Settings created: mock-settings-1790416433326 - notified 0 subscribers
[90mstdout[2m | src/components/MeaningAssociationExercise/MeaningAssociation.stories.jsx[2m > [22m[2mLearn Exercise
[22m[39m[Mock Data] Unit.onUpdate() subscription added. Total: 1
[90mstdout[2m | src/components/MeaningAssociationExercise/MeaningAssociation.stories.jsx[2m > [22m[2mLearn Exercise
[22m[39m[SectionContext] Section observeQuery update: 0
[90mstdout[2m | src/components/MeaningAssociationExercise/MeaningAssociation.stories.jsx[2m > [22m[2mLearn Exercise
[22m[39m[FilesContext] File observeQuery update: 6 files
[90mstdout[2m | src/components/MeaningAssociationExercise/MeaningAssociation.stories.jsx[2m > [22m[2mLearn Exercise
[22m[39m[ChatContext] AssistantChat initialized with 1 chats
[90mstdout[2m | src/components/MeaningAssociationExercise/MeaningAssociation.stories.jsx[2m > [22m[2mLearn Exercise
[22m[39m[ChatContext] Setting initial chat: mock-assistant-chat-1
[90mstdout[2m | src/components/MeaningAssociationExercise/MeaningAssociation.stories.jsx[2m > [22m[2mLearn Exercise
[22m[39m[MOCK CourseVectorStore] Initialized with mock data
[90mstdout[2m | src/components/MeaningAssociationExercise/MeaningAssociation.stories.jsx[2m > [22m[2mLearn Exercise
[22m[39m[FilesContext] Vector store population triggered {
  "currentVectorStoreSize": 3,
  "documentsCount": 0,
  "filesCount": 6,
  "isInitialLoad": true,
}
[90mstdout[2m | src/components/MeaningAssociationExercise/MeaningAssociation.stories.jsx[2m > [22m[2mLearn Exercise
[22m[39m[FilesContext] Vector store population complete - 3 total embeddings
[90mstdout[2m | src/components/MeaningAssociationExercise/MeaningAssociation.stories.jsx[2m > [22m[2mLearn Exercise
[22m[39m[ChatContext] Chat exists and not archived, skipping creation
[90mstdout[2m | src/components/MeaningAssociationExercise/MeaningAssociation.stories.jsx[2m > [22m[2mLearn Exercise
[22m[39m[Mock Storage] downloadData called with: undefined
[90mstdout[2m | src/components/MeaningAssociationExercise/MeaningAssociation.stories.jsx[2m > [22m[2mLearn Exercise Completed
[22m[39m[ChatContext] Cleaning up subscriptions
[90mstdout[2m | src/components/MeaningAssociationExercise/MeaningAssociation.stories.jsx[2m > [22m[2mLearn Exercise Completed
[22m[39m[Mock Data] Unit.onUpdate() subscription removed. Remaining: 0
[90mstdout[2m | src/components/MeaningAssociationExercise/MeaningAssociation.stories.jsx[2m > [22m[2mLearn Exercise Completed
[22m[39m[MOCK CourseVectorStore] Initialized with mock data
[90mstdout[2m | src/components/MeaningAssociationExercise/MeaningAssociation.stories.jsx[2m > [22m[2mLearn Exercise Completed
[22m[39mLearn._vocabulary [
  {
    "definition": "A greeting",
    "id": "1",
    "phrase": "Hello",
  },
  {
    "definition": "A farewell",
    "id": "2",
    "phrase": "Goodbye",
  },
  {
    "definition": "Expression of gratitude",
    "id": "3",
    "phrase": "Thank you",
  },
  {
    "definition": "Polite request",
    "id": "4",
    "phrase": "Please",
  },
]
[90mstdout[2m | src/components/MeaningAssociationExercise/MeaningAssociation.stories.jsx[2m > [22m[2mLearn Exercise Completed
[22m[39m[TranslationModeController] Setting mode to: off
[90mstdout[2m | src/components/MeaningAssociationExercise/MeaningAssociation.stories.jsx[2m > [22m[2mLearn Exercise Completed
[22m[39m[UnitContext] useEffect triggered {
  "authLoading": false,
  "hasUser": true,
  "id": "mock-unit-id",
  "userSub": "mock-user-sub",
}
[90mstdout[2m | src/components/MeaningAssociationExercise/MeaningAssociation.stories.jsx[2m > [22m[2mLearn Exercise Completed
[22m[39m[UnitContext] Fetching unit data for id: mock-unit-id
[90mstdout[2m | src/components/MeaningAssociationExercise/MeaningAssociation.stories.jsx[2m > [22m[2mLearn Exercise Completed
[22m[39m[FilesContext] Initializing vector store from IndexedDB
[90mstdout[2m | src/components/MeaningAssociationExercise/MeaningAssociation.stories.jsx[2m > [22m[2mLearn Exercise Completed
[22m[39m[FilesContext] fetchFiles called
[90mstdout[2m | src/components/MeaningAssociationExercise/MeaningAssociation.stories.jsx[2m > [22m[2mLearn Exercise Completed
[22m[39m[FilesContext] User authenticated: mock-user-sub
[90mstdout[2m | src/components/MeaningAssociationExercise/MeaningAssociation.stories.jsx[2m > [22m[2mLearn Exercise Completed
[22m[39m[FilesContext] Identity ID: us-east-1:mock-identity-123
[90mstdout[2m | src/components/MeaningAssociationExercise/MeaningAssociation.stories.jsx[2m > [22m[2mLearn Exercise Completed
[22m[39m[FilesContext] About to set up File observeQuery
[90mstdout[2m | src/components/MeaningAssociationExercise/MeaningAssociation.stories.jsx[2m > [22m[2mLearn Exercise Completed
[22m[39m[ChatContext] Setting up AssistantChat observeQuery
[90mstdout[2m | src/components/MeaningAssociationExercise/MeaningAssociation.stories.jsx[2m > [22m[2mLearn Exercise Completed
[22m[39m[ChatContext] Waiting for subscription to initialize
[90mstdout[2m | src/components/MeaningAssociationExercise/MeaningAssociation.stories.jsx[2m > [22m[2mLearn Exercise Completed
[22m[39m[SettingsContext] Setting up Settings subscription for user: mock-user-sub
[90mstdout[2m | src/components/MeaningAssociationExercise/MeaningAssociation.stories.jsx[2m > [22m[2mLearn Exercise Completed
[22m[39m[Mock Data] Settings created: mock-settings-1790416433494 - notified 0 subscribers
[90mstdout[2m | src/components/MeaningAssociationExercise/MeaningAssociation.stories.jsx[2m > [22m[2mLearn Exercise Completed
[22m[39m[Mock Data] Unit.onUpdate() subscription added. Total: 1
[90mstdout[2m | src/components/MeaningAssociationExercise/MeaningAssociation.stories.jsx[2m > [22m[2mLearn Exercise Completed
[22m[39m[SectionContext] Section observeQuery update: 0
[90mstdout[2m | src/components/MeaningAssociationExercise/MeaningAssociation.stories.jsx[2m > [22m[2mLearn Exercise Completed
[22m[39m[FilesContext] File observeQuery update: 6 files
[90mstdout[2m | src/components/MeaningAssociationExercise/MeaningAssociation.stories.jsx[2m > [22m[2mLearn Exercise Completed
[22m[39m[ChatContext] AssistantChat initialized with 1 chats
[90mstdout[2m | src/components/MeaningAssociationExercise/MeaningAssociation.stories.jsx[2m > [22m[2mLearn Exercise Completed
[22m[39m[ChatContext] Setting initial chat: mock-assistant-chat-1
[90mstdout[2m | src/components/MeaningAssociationExercise/MeaningAssociation.stories.jsx[2m > [22m[2mLearn Exercise Completed
[22m[39m[MOCK CourseVectorStore] Initialized with mock data
[90mstdout[2m | src/components/MeaningAssociationExercise/MeaningAssociation.stories.jsx[2m > [22m[2mLearn Exercise Completed
[22m[39m[FilesContext] Vector store population triggered {
  "currentVectorStoreSize": 3,
  "documentsCount": 0,
  "filesCount": 6,
  "isInitialLoad": true,
}
[90mstdout[2m | src/components/MeaningAssociationExercise/MeaningAssociation.stories.jsx[2m > [22m[2mLearn Exercise Completed
[22m[39m[FilesContext] Vector store population complete - 3 total embeddings
[90mstdout[2m | src/components/MeaningAssociationExercise/MeaningAssociation.stories.jsx[2m > [22m[2mLearn Exercise Completed
[22m[39m[ChatContext] Chat exists and not archived, skipping creation
[90mstdout[2m | src/components/MeaningAssociationExercise/MeaningAssociation.stories.jsx[2m > [22m[2mLearn Exercise Completed
[22m[39m[Mock Storage] downloadData called with: undefined
[90mstdout[2m | src/components/MeaningAssociationExercise/MeaningAssociation.stories.jsx[2m > [22m[2mCompletion Screen Learn
[22m[39m[ChatContext] Cleaning up subscriptions
[90mstdout[2m | src/components/MeaningAssociationExercise/MeaningAssociation.stories.jsx[2m > [22m[2mCompletion Screen Learn
[22m[39m[Mock Data] Unit.onUpdate() subscription removed. Remaining: 0
[90mstdout[2m | src/components/MeaningAssociationExercise/MeaningAssociation.stories.jsx[2m > [22m[2mCompletion Screen Learn
[22m[39m[MOCK CourseVectorStore] Initialized with mock data
[90mstdout[2m | src/components/MeaningAssociationExercise/MeaningAssociation.stories.jsx[2m > [22m[2mCompletion Screen Learn
[22m[39m[TranslationModeController] Setting mode to: off
[90mstdout[2m | src/components/MeaningAssociationExercise/MeaningAssociation.stories.jsx[2m > [22m[2mCompletion Screen Learn
[22m[39m[UnitContext] useEffect triggered {
  "authLoading": false,
  "hasUser": true,
  "id": "mock-unit-id",
  "userSub": "mock-user-sub",
}
[90mstdout[2m | src/components/MeaningAssociationExercise/MeaningAssociation.stories.jsx[2m > [22m[2mCompletion Screen Learn
[22m[39m[UnitContext] Fetching unit data for id: mock-unit-id
[90mstdout[2m | src/components/MeaningAssociationExercise/MeaningAssociation.stories.jsx[2m > [22m[2mCompletion Screen Learn
[22m[39m[FilesContext] Initializing vector store from IndexedDB
[90mstdout[2m | src/components/MeaningAssociationExercise/MeaningAssociation.stories.jsx[2m > [22m[2mCompletion Screen Learn
[22m[39m[FilesContext] fetchFiles called
[90mstdout[2m | src/components/MeaningAssociationExercise/MeaningAssociation.stories.jsx[2m > [22m[2mCompletion Screen Learn
[22m[39m[FilesContext] User authenticated: mock-user-sub
[90mstdout[2m | src/components/MeaningAssociationExercise/MeaningAssociation.stories.jsx[2m > [22m[2mCompletion Screen Learn
[22m[39m[FilesContext] Identity ID: us-east-1:mock-identity-123
[90mstdout[2m | src/components/MeaningAssociationExercise/MeaningAssociation.stories.jsx[2m > [22m[2mCompletion Screen Learn
[22m[39m[FilesContext] About to set up File observeQuery
[90mstdout[2m | src/components/MeaningAssociationExercise/MeaningAssociation.stories.jsx[2m > [22m[2mCompletion Screen Learn
[22m[39m[ChatContext] Setting up AssistantChat observeQuery
[90mstdout[2m | src/components/MeaningAssociationExercise/MeaningAssociation.stories.jsx[2m > [22m[2mCompletion Screen Learn
[22m[39m[ChatContext] Waiting for subscription to initialize
[90mstdout[2m | src/components/MeaningAssociationExercise/MeaningAssociation.stories.jsx[2m > [22m[2mCompletion Screen Learn
[22m[39m[SettingsContext] Setting up Settings subscription for user: mock-user-sub
[90mstdout[2m | src/components/MeaningAssociationExercise/MeaningAssociation.stories.jsx[2m > [22m[2mCompletion Screen Learn
[22m[39m[Mock Data] Settings created: mock-settings-1790416433623 - notified 0 subscribers
[90mstdout[2m | src/components/MeaningAssociationExercise/MeaningAssociation.stories.jsx[2m > [22m[2mCompletion Screen Learn
[22m[39m[Mock Data] Unit.onUpdate() subscription added. Total: 1
[90mstdout[2m | src/components/MeaningAssociationExercise/MeaningAssociation.stories.jsx[2m > [22m[2mCompletion Screen Learn
[22m[39m[SectionContext] Section observeQuery update: 0
[90mstdout[2m | src/components/MeaningAssociationExercise/MeaningAssociation.stories.jsx[2m > [22m[2mCompletion Screen Learn
[22m[39m[FilesContext] File observeQuery update: 6 files
[90mstdout[2m | src/components/MeaningAssociationExercise/MeaningAssociation.stories.jsx[2m > [22m[2mCompletion Screen Learn
[22m[39m[ChatContext] AssistantChat initialized with 1 chats
[90mstdout[2m | src/components/MeaningAssociationExercise/MeaningAssociation.stories.jsx[2m > [22m[2mCompletion Screen Learn
[22m[39m[ChatContext] Setting initial chat: mock-assistant-chat-1
[90mstdout[2m | src/components/MeaningAssociationExercise/MeaningAssociation.stories.jsx[2m > [22m[2mCompletion Screen Learn
[22m[39m[MOCK CourseVectorStore] Initialized with mock data
[90mstdout[2m | src/components/MeaningAssociationExercise/MeaningAssociation.stories.jsx[2m > [22m[2mCompletion Screen Learn
[22m[39m[FilesContext] Vector store population triggered {
  "currentVectorStoreSize": 3,
  "documentsCount": 0,
  "filesCount": 6,
  "isInitialLoad": true,
}
[90mstdout[2m | src/components/MeaningAssociationExercise/MeaningAssociation.stories.jsx[2m > [22m[2mCompletion Screen Learn
[22m[39m[FilesContext] Vector store population complete - 3 total embeddings
[90mstdout[2m | src/components/MeaningAssociationExercise/MeaningAssociation.stories.jsx[2m > [22m[2mCompletion Screen Learn
[22m[39m[ChatContext] Chat exists and not archived, skipping creation
[90mstdout[2m | src/components/MeaningAssociationExercise/MeaningAssociation.stories.jsx[2m > [22m[2mCompletion Screen Learn
[22m[39m[Mock Storage] downloadData called with: undefined
[90mstdout[2m | src/components/MeaningAssociationExercise/MeaningAssociation.stories.jsx[2m > [22m[2mCompletion Screen Easy
[22m[39m[ChatContext] Cleaning up subscriptions
[90mstdout[2m | src/components/MeaningAssociationExercise/MeaningAssociation.stories.jsx[2m > [22m[2mCompletion Screen Easy
[22m[39m[Mock Data] Unit.onUpdate() subscription removed. Remaining: 0
[90mstdout[2m | src/components/MeaningAssociationExercise/MeaningAssociation.stories.jsx[2m > [22m[2mCompletion Screen Easy
[22m[39m[MOCK CourseVectorStore] Initialized with mock data
[90mstdout[2m | src/components/MeaningAssociationExercise/MeaningAssociation.stories.jsx[2m > [22m[2mCompletion Screen Easy
[22m[39m[TranslationModeController] Setting mode to: off
[90mstdout[2m | src/components/MeaningAssociationExercise/MeaningAssociation.stories.jsx[2m > [22m[2mCompletion Screen Easy
[22m[39m[UnitContext] useEffect triggered {
  "authLoading": false,
  "hasUser": true,
  "id": "mock-unit-id",
  "userSub": "mock-user-sub",
}
[90mstdout[2m | src/components/MeaningAssociationExercise/MeaningAssociation.stories.jsx[2m > [22m[2mCompletion Screen Easy
[22m[39m[UnitContext] Fetching unit data for id: mock-unit-id
[90mstdout[2m | src/components/MeaningAssociationExercise/MeaningAssociation.stories.jsx[2m > [22m[2mCompletion Screen Easy
[22m[39m[FilesContext] Initializing vector store from IndexedDB
[90mstdout[2m | src/components/MeaningAssociationExercise/MeaningAssociation.stories.jsx[2m > [22m[2mCompletion Screen Easy
[22m[39m[FilesContext] fetchFiles called
[90mstdout[2m | src/components/MeaningAssociationExercise/MeaningAssociation.stories.jsx[2m > [22m[2mCompletion Screen Easy
[22m[39m[FilesContext] User authenticated: mock-user-sub
[90mstdout[2m | src/components/MeaningAssociationExercise/MeaningAssociation.stories.jsx[2m > [22m[2mCompletion Screen Easy
[22m[39m[FilesContext] Identity ID: us-east-1:mock-identity-123
[90mstdout[2m | src/components/MeaningAssociationExercise/MeaningAssociation.stories.jsx[2m > [22m[2mCompletion Screen Easy
[22m[39m[FilesContext] About to set up File observeQuery
[90mstdout[2m | src/components/MeaningAssociationExercise/MeaningAssociation.stories.jsx[2m > [22m[2mCompletion Screen Easy
[22m[39m[ChatContext] Setting up AssistantChat observeQuery
[90mstdout[2m | src/components/MeaningAssociationExercise/MeaningAssociation.stories.jsx[2m > [22m[2mCompletion Screen Easy
[22m[39m[ChatContext] Waiting for subscription to initialize
[90mstdout[2m | src/components/MeaningAssociationExercise/MeaningAssociation.stories.jsx[2m > [22m[2mCompletion Screen Easy
[22m[39m[SettingsContext] Setting up Settings subscription for user: mock-user-sub
[90mstdout[2m | src/components/MeaningAssociationExercise/MeaningAssociation.stories.jsx[2m > [22m[2mCompletion Screen Easy
[22m[39m[Mock Data] Settings created: mock-settings-1790416433743 - notified 0 subscribers
[90mstdout[2m | src/components/MeaningAssociationExercise/MeaningAssociation.stories.jsx[2m > [22m[2mCompletion Screen Easy
[22m[39m[Mock Data] Unit.onUpdate() subscription added. Total: 1
[90mstdout[2m | src/components/MeaningAssociationExercise/MeaningAssociation.stories.jsx[2m > [22m[2mCompletion Screen Easy
[22m[39m[SectionContext] Section observeQuery update: 0
[90mstdout[2m | src/components/MeaningAssociationExercise/MeaningAssociation.stories.jsx[2m > [22m[2mCompletion Screen Easy
[22m[39m[FilesContext] File observeQuery update: 6 files
[90mstdout[2m | src/components/MeaningAssociationExercise/MeaningAssociation.stories.jsx[2m > [22m[2mCompletion Screen Easy
[22m[39m[ChatContext] AssistantChat initialized with 1 chats
[90mstdout[2m | src/components/MeaningAssociationExercise/MeaningAssociation.stories.jsx[2m > [22m[2mCompletion Screen Easy
[22m[39m[ChatContext] Setting initial chat: mock-assistant-chat-1
[90mstdout[2m | src/components/MeaningAssociationExercise/MeaningAssociation.stories.jsx[2m > [22m[2mCompletion Screen Easy
[22m[39m[Mock Storage] downloadData called with: undefined
[90mstdout[2m | src/components/MeaningAssociationExercise/MeaningAssociation.stories.jsx[2m > [22m[2mCompletion Screen Easy
[22m[39m[MOCK CourseVectorStore] Initialized with mock data
[90mstdout[2m | src/components/MeaningAssociationExercise/MeaningAssociation.stories.jsx[2m > [22m[2mCompletion Screen Easy
[22m[39m[FilesContext] Vector store population triggered {
  "currentVectorStoreSize": 3,
  "documentsCount": 0,
  "filesCount": 6,
  "isInitialLoad": true,
}
[90mstdout[2m | src/components/MeaningAssociationExercise/MeaningAssociation.stories.jsx[2m > [22m[2mCompletion Screen Easy
[22m[39m[FilesContext] Vector store population complete - 3 total embeddings
[90mstdout[2m | src/components/MeaningAssociationExercise/MeaningAssociation.stories.jsx[2m > [22m[2mCompletion Screen Easy
[22m[39m[ChatContext] Chat exists and not archived, skipping creation
[90mstdout[2m | src/components/MeaningAssociationExercise/MeaningAssociation.stories.jsx[2m > [22m[2mCompletion Screen Hard
[22m[39m[ChatContext] Cleaning up subscriptions
[90mstdout[2m | src/components/MeaningAssociationExercise/MeaningAssociation.stories.jsx[2m > [22m[2mCompletion Screen Hard
[22m[39m[Mock Data] Unit.onUpdate() subscription removed. Remaining: 0
[90mstdout[2m | src/components/MeaningAssociationExercise/MeaningAssociation.stories.jsx[2m > [22m[2mCompletion Screen Hard
[22m[39m[MOCK CourseVectorStore] Initialized with mock data
[90mstdout[2m | src/components/MeaningAssociationExercise/MeaningAssociation.stories.jsx[2m > [22m[2mCompletion Screen Hard
[22m[39m[TranslationModeController] Setting mode to: off
[90mstdout[2m | src/components/MeaningAssociationExercise/MeaningAssociation.stories.jsx[2m > [22m[2mCompletion Screen Hard
[22m[39m[UnitContext] useEffect triggered {
  "authLoading": false,
  "hasUser": true,
  "id": "mock-unit-id",
  "userSub": "mock-user-sub",
}
[90mstdout[2m | src/components/MeaningAssociationExercise/MeaningAssociation.stories.jsx[2m > [22m[2mCompletion Screen Hard
[22m[39m[UnitContext] Fetching unit data for id: mock-unit-id
[90mstdout[2m | src/components/MeaningAssociationExercise/MeaningAssociation.stories.jsx[2m > [22m[2mCompletion Screen Hard
[22m[39m[FilesContext] Initializing vector store from IndexedDB
[90mstdout[2m | src/components/MeaningAssociationExercise/MeaningAssociation.stories.jsx[2m > [22m[2mCompletion Screen Hard
[22m[39m[FilesContext] fetchFiles called
[90mstdout[2m | src/components/MeaningAssociationExercise/MeaningAssociation.stories.jsx[2m > [22m[2mCompletion Screen Hard
[22m[39m[FilesContext] User authenticated: mock-user-sub
[90mstdout[2m | src/components/MeaningAssociationExercise/MeaningAssociation.stories.jsx[2m > [22m[2mCompletion Screen Hard
[22m[39m[FilesContext] Identity ID: us-east-1:mock-identity-123
[90mstdout[2m | src/components/MeaningAssociationExercise/MeaningAssociation.stories.jsx[2m > [22m[2mCompletion Screen Hard
[22m[39m[FilesContext] About to set up File observeQuery
[90mstdout[2m | src/components/MeaningAssociationExercise/MeaningAssociation.stories.jsx[2m > [22m[2mCompletion Screen Hard
[22m[39m[ChatContext] Setting up AssistantChat observeQuery
[90mstdout[2m | src/components/MeaningAssociationExercise/MeaningAssociation.stories.jsx[2m > [22m[2mCompletion Screen Hard
[22m[39m[ChatContext] Waiting for subscription to initialize
[90mstdout[2m | src/components/MeaningAssociationExercise/MeaningAssociation.stories.jsx[2m > [22m[2mCompletion Screen Hard
[22m[39m[SettingsContext] Setting up Settings subscription for user: mock-user-sub
[90mstdout[2m | src/components/MeaningAssociationExercise/MeaningAssociation.stories.jsx[2m > [22m[2mCompletion Screen Hard
[22m[39m[Mock Data] Settings created: mock-settings-1790416433852 - notified 0 subscribers
[90mstdout[2m | src/components/MeaningAssociationExercise/MeaningAssociation.stories.jsx[2m > [22m[2mCompletion Screen Hard
[22m[39m[Mock Data] Unit.onUpdate() subscription added. Total: 1
[90mstdout[2m | src/components/MeaningAssociationExercise/MeaningAssociation.stories.jsx[2m > [22m[2mCompletion Screen Hard
[22m[39m[SectionContext] Section observeQuery update: 0
[90mstdout[2m | src/components/MeaningAssociationExercise/MeaningAssociation.stories.jsx[2m > [22m[2mCompletion Screen Hard
[22m[39m[FilesContext] File observeQuery update: 6 files
[90mstdout[2m | src/components/MeaningAssociationExercise/MeaningAssociation.stories.jsx[2m > [22m[2mCompletion Screen Hard
[22m[39m[Mock Storage] downloadData called with: undefined
[90mstdout[2m | src/components/MeaningAssociationExercise/MeaningAssociation.stories.jsx[2m > [22m[2mCompletion Screen Hard
[22m[39m[ChatContext] AssistantChat initialized with 1 chats
[90mstdout[2m | src/components/MeaningAssociationExercise/MeaningAssociation.stories.jsx[2m > [22m[2mCompletion Screen Hard
[22m[39m[ChatContext] Setting initial chat: mock-assistant-chat-1
[90mstdout[2m | src/components/MeaningAssociationExercise/MeaningAssociation.stories.jsx[2m > [22m[2mCompletion Screen Hard
[22m[39m[MOCK CourseVectorStore] Initialized with mock data
[90mstdout[2m | src/components/MeaningAssociationExercise/MeaningAssociation.stories.jsx[2m > [22m[2mCompletion Screen Hard
[22m[39m[FilesContext] Vector store population triggered {
  "currentVectorStoreSize": 3,
  "documentsCount": 0,
  "filesCount": 6,
  "isInitialLoad": true,
}
[90mstdout[2m | src/components/MeaningAssociationExercise/MeaningAssociation.stories.jsx[2m > [22m[2mCompletion Screen Hard
[22m[39m[FilesContext] Vector store population complete - 3 total embeddings
[90mstdout[2m | src/components/MeaningAssociationExercise/MeaningAssociation.stories.jsx[2m > [22m[2mCompletion Screen Hard
[22m[39m[ChatContext] Chat exists and not archived, skipping creation
 [32m✓[39m [30m[45m storybook (chromium) [49m[39m src/components/MeaningAssociationExercise/MeaningAssociation.stories.jsx [2m([22m[2m9 tests[22m[2m)[22m[33m 1424[2mms[22m[39m
[90mstdout[2m | unknown test
[22m[39m[MOCK vectorStoreDB.js] Module loaded - mock IndexedDB operations
[90mstdout[2m | unknown test
[22m[39m[Task Completion] DOM action listeners initialized
[90mstdout[2m | unknown test
[22m[39m[Task Completion] Auto-completion detector initialized
[90mstdout[2m | unknown test
[22m[39m[Preview] Task completion detector initialized
[90mstdout[2m | src/components/Gamification/EasterEggForm.stories.tsx[2m > [22m[2mDefault
[22m[39m[TranslationModeController] Setting mode to: off
[90mstdout[2m | src/components/Gamification/EasterEggForm.stories.tsx[2m > [22m[2mSubmitting
[22m[39m[TranslationModeController] Setting mode to: off
 [32m✓[39m [30m[45m storybook (chromium) [49m[39m src/components/Gamification/EasterEggForm.stories.tsx [2m([22m[2m2 tests[22m[2m)[22m[33m 1255[2mms[22m[39m
   [33m[2m✓[22m[39m Default [33m 1127[2mms[22m[39m
[90mstdout[2m | unknown test
[22m[39m[MOCK vectorStoreDB.js] Module loaded - mock IndexedDB operations
[90mstdout[2m | unknown test
[22m[39m[Task Completion] DOM action listeners initialized
[90mstdout[2m | unknown test
[22m[39m[Task Completion] Auto-completion detector initialized
[90mstdout[2m | unknown test
[22m[39m[Preview] Task completion detector initialized
[90mstdout[2m | src/components/NotificationList.stories.tsx[2m > [22m[2mWith Notifications
[22m[39m[TranslationModeController] Setting mode to: off
[90mstdout[2m | src/components/NotificationList.stories.tsx[2m > [22m[2mEmpty State
[22m[39m[TranslationModeController] Setting mode to: off
[90mstdout[2m | src/components/NotificationList.stories.tsx[2m > [22m[2mLoading
[22m[39m[TranslationModeController] Setting mode to: off
[90mstdout[2m | src/components/NotificationList.stories.tsx[2m > [22m[2mAll Read
[22m[39m[TranslationModeController] Setting mode to: off
[90mstdout[2m | src/components/NotificationList.stories.tsx[2m > [22m[2mOnly Gamification
[22m[39m[TranslationModeController] Setting mode to: off
 [32m✓[39m [30m[45m storybook (chromium) [49m[39m src/components/NotificationList.stories.tsx [2m([22m[2m5 tests[22m[2m)[22m[33m 1711[2mms[22m[39m
   [33m[2m✓[22m[39m With Notifications [33m 569[2mms[22m[39m
   [33m[2m✓[22m[39m All Read [33m 404[2mms[22m[39m
   [33m[2m✓[22m[39m Only Gamification [33m 474[2mms[22m[39m
[90mstdout[2m | unknown test
[22m[39m[MOCK vectorStoreDB.js] Module loaded - mock IndexedDB operations
[90mstdout[2m | unknown test
[22m[39m[Task Completion] DOM action listeners initialized
[90mstdout[2m | unknown test
[22m[39m[Task Completion] Auto-completion detector initialized
[90mstdout[2m | unknown test
[22m[39m[Preview] Task completion detector initialized
[90mstdout[2m | src/components/ModerationPanel.stories.jsx[2m > [22m[2mSingle Category Flagged
[22m[39m[MOCK CourseVectorStore] Initialized with mock data
[90mstdout[2m | src/components/ModerationPanel.stories.jsx[2m > [22m[2mSingle Category Flagged
[22m[39m[TranslationModeController] Setting mode to: off
[90mstdout[2m | src/components/ModerationPanel.stories.jsx[2m > [22m[2mSingle Category Flagged
[22m[39m[UnitContext] useEffect triggered {
  "authLoading": false,
  "hasUser": true,
  "id": "mock-unit-id",
  "userSub": "mock-user-sub",
}
[90mstdout[2m | src/components/ModerationPanel.stories.jsx[2m > [22m[2mSingle Category Flagged
[22m[39m[UnitContext] Fetching unit data for id: mock-unit-id
[90mstdout[2m | src/components/ModerationPanel.stories.jsx[2m > [22m[2mSingle Category Flagged
[22m[39m[FilesContext] Initializing vector store from IndexedDB
[90mstdout[2m | src/components/ModerationPanel.stories.jsx[2m > [22m[2mSingle Category Flagged
[22m[39m[FilesContext] fetchFiles called
[90mstdout[2m | src/components/ModerationPanel.stories.jsx[2m > [22m[2mSingle Category Flagged
[22m[39m[FilesContext] User authenticated: mock-user-sub
[90mstdout[2m | src/components/ModerationPanel.stories.jsx[2m > [22m[2mSingle Category Flagged
[22m[39m[FilesContext] Identity ID: us-east-1:mock-identity-123
[90mstdout[2m | src/components/ModerationPanel.stories.jsx[2m > [22m[2mSingle Category Flagged
[22m[39m[FilesContext] About to set up File observeQuery
[90mstdout[2m | src/components/ModerationPanel.stories.jsx[2m > [22m[2mSingle Category Flagged
[22m[39m[ChatContext] Setting up AssistantChat observeQuery
[90mstdout[2m | src/components/ModerationPanel.stories.jsx[2m > [22m[2mSingle Category Flagged
[22m[39m[ChatContext] Waiting for subscription to initialize
[90mstdout[2m | src/components/ModerationPanel.stories.jsx[2m > [22m[2mSingle Category Flagged
[22m[39m[SettingsContext] Setting up Settings subscription for user: mock-user-sub
[90mstdout[2m | src/components/ModerationPanel.stories.jsx[2m > [22m[2mSingle Category Flagged
[22m[39m[Mock Data] Settings created: mock-settings-1790416439194 - notified 0 subscribers
[90mstdout[2m | src/components/ModerationPanel.stories.jsx[2m > [22m[2mSingle Category Flagged
[22m[39m[Mock Data] Unit.onUpdate() subscription added. Total: 1
[90mstdout[2m | src/components/ModerationPanel.stories.jsx[2m > [22m[2mSingle Category Flagged
[22m[39m[SectionContext] Section observeQuery update: 0
[90mstdout[2m | src/components/ModerationPanel.stories.jsx[2m > [22m[2mSingle Category Flagged
[22m[39m[FilesContext] File observeQuery update: 6 files
[90mstdout[2m | src/components/ModerationPanel.stories.jsx[2m > [22m[2mSingle Category Flagged
[22m[39m[ChatContext] AssistantChat initialized with 1 chats
[90mstdout[2m | src/components/ModerationPanel.stories.jsx[2m > [22m[2mSingle Category Flagged
[22m[39m[ChatContext] Setting initial chat: mock-assistant-chat-1
[90mstdout[2m | src/components/ModerationPanel.stories.jsx[2m > [22m[2mSingle Category Flagged
[22m[39m[MOCK CourseVectorStore] Initialized with mock data
[90mstdout[2m | src/components/ModerationPanel.stories.jsx[2m > [22m[2mSingle Category Flagged
[22m[39m[FilesContext] Vector store population triggered {
  "currentVectorStoreSize": 3,
  "documentsCount": 0,
  "filesCount": 6,
  "isInitialLoad": true,
}
[90mstdout[2m | src/components/ModerationPanel.stories.jsx[2m > [22m[2mSingle Category Flagged
[22m[39m[FilesContext] Vector store population complete - 3 total embeddings
[90mstdout[2m | src/components/ModerationPanel.stories.jsx[2m > [22m[2mSingle Category Flagged
[22m[39m[ChatContext] Chat exists and not archived, skipping creation
[90mstdout[2m | src/components/ModerationPanel.stories.jsx[2m > [22m[2mSingle Category Flagged
[22m[39m[Mock Storage] downloadData called with: undefined
[90mstdout[2m | src/components/ModerationPanel.stories.jsx[2m > [22m[2mMultiple Categories Flagged
[22m[39m[ChatContext] Cleaning up subscriptions
[90mstdout[2m | src/components/ModerationPanel.stories.jsx[2m > [22m[2mMultiple Categories Flagged
[22m[39m[Mock Data] Unit.onUpdate() subscription removed. Remaining: 0
[90mstdout[2m | src/components/ModerationPanel.stories.jsx[2m > [22m[2mMultiple Categories Flagged
[22m[39m[MOCK CourseVectorStore] Initialized with mock data
[90mstdout[2m | src/components/ModerationPanel.stories.jsx[2m > [22m[2mMultiple Categories Flagged
[22m[39m[TranslationModeController] Setting mode to: off
[90mstdout[2m | src/components/ModerationPanel.stories.jsx[2m > [22m[2mMultiple Categories Flagged
[22m[39m[UnitContext] useEffect triggered {
  "authLoading": false,
  "hasUser": true,
  "id": "mock-unit-id",
  "userSub": "mock-user-sub",
}
[90mstdout[2m | src/components/ModerationPanel.stories.jsx[2m > [22m[2mMultiple Categories Flagged
[22m[39m[UnitContext] Fetching unit data for id: mock-unit-id
[90mstdout[2m | src/components/ModerationPanel.stories.jsx[2m > [22m[2mMultiple Categories Flagged
[22m[39m[FilesContext] Initializing vector store from IndexedDB
[90mstdout[2m | src/components/ModerationPanel.stories.jsx[2m > [22m[2mMultiple Categories Flagged
[22m[39m[FilesContext] fetchFiles called
[90mstdout[2m | src/components/ModerationPanel.stories.jsx[2m > [22m[2mMultiple Categories Flagged
[22m[39m[FilesContext] User authenticated: mock-user-sub
[90mstdout[2m | src/components/ModerationPanel.stories.jsx[2m > [22m[2mMultiple Categories Flagged
[22m[39m[FilesContext] Identity ID: us-east-1:mock-identity-123
[90mstdout[2m | src/components/ModerationPanel.stories.jsx[2m > [22m[2mMultiple Categories Flagged
[22m[39m[FilesContext] About to set up File observeQuery
[90mstdout[2m | src/components/ModerationPanel.stories.jsx[2m > [22m[2mMultiple Categories Flagged
[22m[39m[ChatContext] Setting up AssistantChat observeQuery
[90mstdout[2m | src/components/ModerationPanel.stories.jsx[2m > [22m[2mMultiple Categories Flagged
[22m[39m[ChatContext] Waiting for subscription to initialize
[90mstdout[2m | src/components/ModerationPanel.stories.jsx[2m > [22m[2mMultiple Categories Flagged
[22m[39m[SettingsContext] Setting up Settings subscription for user: mock-user-sub
[90mstdout[2m | src/components/ModerationPanel.stories.jsx[2m > [22m[2mMultiple Categories Flagged
[22m[39m[Mock Data] Settings created: mock-settings-1790416439413 - notified 0 subscribers
[90mstdout[2m | src/components/ModerationPanel.stories.jsx[2m > [22m[2mMultiple Categories Flagged
[22m[39m[Mock Data] Unit.onUpdate() subscription added. Total: 1
[90mstdout[2m | src/components/ModerationPanel.stories.jsx[2m > [22m[2mMultiple Categories Flagged
[22m[39m[SectionContext] Section observeQuery update: 0
[90mstdout[2m | src/components/ModerationPanel.stories.jsx[2m > [22m[2mMultiple Categories Flagged
[22m[39m[FilesContext] File observeQuery update: 6 files
[90mstdout[2m | src/components/ModerationPanel.stories.jsx[2m > [22m[2mMultiple Categories Flagged
[22m[39m[ChatContext] AssistantChat initialized with 1 chats
[90mstdout[2m | src/components/ModerationPanel.stories.jsx[2m > [22m[2mMultiple Categories Flagged
[22m[39m[ChatContext] Setting initial chat: mock-assistant-chat-1
[90mstdout[2m | src/components/ModerationPanel.stories.jsx[2m > [22m[2mMultiple Categories Flagged
[22m[39m[MOCK CourseVectorStore] Initialized with mock data
[90mstdout[2m | src/components/ModerationPanel.stories.jsx[2m > [22m[2mMultiple Categories Flagged
[22m[39m[FilesContext] Vector store population triggered {
  "currentVectorStoreSize": 3,
  "documentsCount": 0,
  "filesCount": 6,
  "isInitialLoad": true,
}
[90mstdout[2m | src/components/ModerationPanel.stories.jsx[2m > [22m[2mMultiple Categories Flagged
[22m[39m[FilesContext] Vector store population complete - 3 total embeddings
[90mstdout[2m | src/components/ModerationPanel.stories.jsx[2m > [22m[2mMultiple Categories Flagged
[22m[39m[ChatContext] Chat exists and not archived, skipping creation
[90mstdout[2m | src/components/ModerationPanel.stories.jsx[2m > [22m[2mMultiple Categories Flagged
[22m[39m[Mock Storage] downloadData called with: undefined
[90mstdout[2m | src/components/ModerationPanel.stories.jsx[2m > [22m[2mLow Confidence Flag
[22m[39m[ChatContext] Cleaning up subscriptions
[90mstdout[2m | src/components/ModerationPanel.stories.jsx[2m > [22m[2mLow Confidence Flag
[22m[39m[Mock Data] Unit.onUpdate() subscription removed. Remaining: 0
[90mstdout[2m | src/components/ModerationPanel.stories.jsx[2m > [22m[2mLow Confidence Flag
[22m[39m[MOCK CourseVectorStore] Initialized with mock data
[90mstdout[2m | src/components/ModerationPanel.stories.jsx[2m > [22m[2mLow Confidence Flag
[22m[39m[TranslationModeController] Setting mode to: off
[90mstdout[2m | src/components/ModerationPanel.stories.jsx[2m > [22m[2mLow Confidence Flag
[22m[39m[UnitContext] useEffect triggered {
  "authLoading": false,
  "hasUser": true,
  "id": "mock-unit-id",
  "userSub": "mock-user-sub",
}
[90mstdout[2m | src/components/ModerationPanel.stories.jsx[2m > [22m[2mLow Confidence Flag
[22m[39m[UnitContext] Fetching unit data for id: mock-unit-id
[90mstdout[2m | src/components/ModerationPanel.stories.jsx[2m > [22m[2mLow Confidence Flag
[22m[39m[FilesContext] Initializing vector store from IndexedDB
[90mstdout[2m | src/components/ModerationPanel.stories.jsx[2m > [22m[2mLow Confidence Flag
[22m[39m[FilesContext] fetchFiles called
[90mstdout[2m | src/components/ModerationPanel.stories.jsx[2m > [22m[2mLow Confidence Flag
[22m[39m[FilesContext] User authenticated: mock-user-sub
[90mstdout[2m | src/components/ModerationPanel.stories.jsx[2m > [22m[2mLow Confidence Flag
[22m[39m[FilesContext] Identity ID: us-east-1:mock-identity-123
[90mstdout[2m | src/components/ModerationPanel.stories.jsx[2m > [22m[2mLow Confidence Flag
[22m[39m[FilesContext] About to set up File observeQuery
[90mstdout[2m | src/components/ModerationPanel.stories.jsx[2m > [22m[2mLow Confidence Flag
[22m[39m[ChatContext] Setting up AssistantChat observeQuery
[90mstdout[2m | src/components/ModerationPanel.stories.jsx[2m > [22m[2mLow Confidence Flag
[22m[39m[ChatContext] Waiting for subscription to initialize
[90mstdout[2m | src/components/ModerationPanel.stories.jsx[2m > [22m[2mLow Confidence Flag
[22m[39m[SettingsContext] Setting up Settings subscription for user: mock-user-sub
[90mstdout[2m | src/components/ModerationPanel.stories.jsx[2m > [22m[2mLow Confidence Flag
[22m[39m[Mock Data] Settings created: mock-settings-1790416439560 - notified 0 subscribers
[90mstdout[2m | src/components/ModerationPanel.stories.jsx[2m > [22m[2mLow Confidence Flag
[22m[39m[Mock Data] Unit.onUpdate() subscription added. Total: 1
[90mstdout[2m | src/components/ModerationPanel.stories.jsx[2m > [22m[2mLow Confidence Flag
[22m[39m[SectionContext] Section observeQuery update: 0
[90mstdout[2m | src/components/ModerationPanel.stories.jsx[2m > [22m[2mLow Confidence Flag
[22m[39m[FilesContext] File observeQuery update: 6 files
[90mstdout[2m | src/components/ModerationPanel.stories.jsx[2m > [22m[2mLow Confidence Flag
[22m[39m[ChatContext] AssistantChat initialized with 1 chats
[90mstdout[2m | src/components/ModerationPanel.stories.jsx[2m > [22m[2mLow Confidence Flag
[22m[39m[ChatContext] Setting initial chat: mock-assistant-chat-1
[90mstdout[2m | src/components/ModerationPanel.stories.jsx[2m > [22m[2mLow Confidence Flag
[22m[39m[MOCK CourseVectorStore] Initialized with mock data
[90mstdout[2m | src/components/ModerationPanel.stories.jsx[2m > [22m[2mLow Confidence Flag
[22m[39m[FilesContext] Vector store population triggered {
  "currentVectorStoreSize": 3,
  "documentsCount": 0,
  "filesCount": 6,
  "isInitialLoad": true,
}
[90mstdout[2m | src/components/ModerationPanel.stories.jsx[2m > [22m[2mLow Confidence Flag
[22m[39m[FilesContext] Vector store population complete - 3 total embeddings
[90mstdout[2m | src/components/ModerationPanel.stories.jsx[2m > [22m[2mLow Confidence Flag
[22m[39m[ChatContext] Chat exists and not archived, skipping creation
[90mstdout[2m | src/components/ModerationPanel.stories.jsx[2m > [22m[2mLow Confidence Flag
[22m[39m[Mock Storage] downloadData called with: undefined
[90mstdout[2m | src/components/ModerationPanel.stories.jsx[2m > [22m[2mApproved Content
[22m[39m[ChatContext] Cleaning up subscriptions
[90mstdout[2m | src/components/ModerationPanel.stories.jsx[2m > [22m[2mApproved Content
[22m[39m[Mock Data] Unit.onUpdate() subscription removed. Remaining: 0
[90mstdout[2m | src/components/ModerationPanel.stories.jsx[2m > [22m[2mApproved Content
[22m[39m[MOCK CourseVectorStore] Initialized with mock data
[90mstdout[2m | src/components/ModerationPanel.stories.jsx[2m > [22m[2mApproved Content
[22m[39m[TranslationModeController] Setting mode to: off
[90mstdout[2m | src/components/ModerationPanel.stories.jsx[2m > [22m[2mApproved Content
[22m[39m[UnitContext] useEffect triggered {
  "authLoading": false,
  "hasUser": true,
  "id": "mock-unit-id",
  "userSub": "mock-user-sub",
}
[90mstdout[2m | src/components/ModerationPanel.stories.jsx[2m > [22m[2mApproved Content
[22m[39m[UnitContext] Fetching unit data for id: mock-unit-id
[90mstdout[2m | src/components/ModerationPanel.stories.jsx[2m > [22m[2mApproved Content
[22m[39m[FilesContext] Initializing vector store from IndexedDB
[90mstdout[2m | src/components/ModerationPanel.stories.jsx[2m > [22m[2mApproved Content
[22m[39m[FilesContext] fetchFiles called
[90mstdout[2m | src/components/ModerationPanel.stories.jsx[2m > [22m[2mApproved Content
[22m[39m[FilesContext] User authenticated: mock-user-sub
[90mstdout[2m | src/components/ModerationPanel.stories.jsx[2m > [22m[2mApproved Content
[22m[39m[FilesContext] Identity ID: us-east-1:mock-identity-123
[90mstdout[2m | src/components/ModerationPanel.stories.jsx[2m > [22m[2mApproved Content
[22m[39m[FilesContext] About to set up File observeQuery
[90mstdout[2m | src/components/ModerationPanel.stories.jsx[2m > [22m[2mApproved Content
[22m[39m[ChatContext] Setting up AssistantChat observeQuery
[90mstdout[2m | src/components/ModerationPanel.stories.jsx[2m > [22m[2mApproved Content
[22m[39m[ChatContext] Waiting for subscription to initialize
[90mstdout[2m | src/components/ModerationPanel.stories.jsx[2m > [22m[2mApproved Content
[22m[39m[SettingsContext] Setting up Settings subscription for user: mock-user-sub
[90mstdout[2m | src/components/ModerationPanel.stories.jsx[2m > [22m[2mApproved Content
[22m[39m[Mock Data] Settings created: mock-settings-1790416439678 - notified 0 subscribers
[90mstdout[2m | src/components/ModerationPanel.stories.jsx[2m > [22m[2mApproved Content
[22m[39m[Mock Data] Unit.onUpdate() subscription added. Total: 1
[90mstdout[2m | src/components/ModerationPanel.stories.jsx[2m > [22m[2mApproved Content
[22m[39m[SectionContext] Section observeQuery update: 0
[90mstdout[2m | src/components/ModerationPanel.stories.jsx[2m > [22m[2mApproved Content
[22m[39m[FilesContext] File observeQuery update: 6 files
[90mstdout[2m | src/components/ModerationPanel.stories.jsx[2m > [22m[2mApproved Content
[22m[39m[ChatContext] AssistantChat initialized with 1 chats
[90mstdout[2m | src/components/ModerationPanel.stories.jsx[2m > [22m[2mApproved Content
[22m[39m[ChatContext] Setting initial chat: mock-assistant-chat-1
[90mstdout[2m | src/components/ModerationPanel.stories.jsx[2m > [22m[2mApproved Content
[22m[39m[Mock Storage] downloadData called with: undefined
[90mstdout[2m | src/components/ModerationPanel.stories.jsx[2m > [22m[2mApproved Content
[22m[39m[MOCK CourseVectorStore] Initialized with mock data
[90mstdout[2m | src/components/ModerationPanel.stories.jsx[2m > [22m[2mApproved Content
[22m[39m[FilesContext] Vector store population triggered {
  "currentVectorStoreSize": 3,
  "documentsCount": 0,
  "filesCount": 6,
  "isInitialLoad": true,
}
[90mstdout[2m | src/components/ModerationPanel.stories.jsx[2m > [22m[2mApproved Content
[22m[39m[FilesContext] Vector store population complete - 3 total embeddings
[90mstdout[2m | src/components/ModerationPanel.stories.jsx[2m > [22m[2mApproved Content
[22m[39m[ChatContext] Chat exists and not archived, skipping creation
[90mstdout[2m | src/components/ModerationPanel.stories.jsx[2m > [22m[2mUnchecked Content
[22m[39m[ChatContext] Cleaning up subscriptions
[90mstdout[2m | src/components/ModerationPanel.stories.jsx[2m > [22m[2mUnchecked Content
[22m[39m[Mock Data] Unit.onUpdate() subscription removed. Remaining: 0
[90mstdout[2m | src/components/ModerationPanel.stories.jsx[2m > [22m[2mUnchecked Content
[22m[39m[MOCK CourseVectorStore] Initialized with mock data
[90mstdout[2m | src/components/ModerationPanel.stories.jsx[2m > [22m[2mUnchecked Content
[22m[39m[TranslationModeController] Setting mode to: off
[90mstdout[2m | src/components/ModerationPanel.stories.jsx[2m > [22m[2mUnchecked Content
[22m[39m[UnitContext] useEffect triggered {
  "authLoading": false,
  "hasUser": true,
  "id": "mock-unit-id",
  "userSub": "mock-user-sub",
}
[90mstdout[2m | src/components/ModerationPanel.stories.jsx[2m > [22m[2mUnchecked Content
[22m[39m[UnitContext] Fetching unit data for id: mock-unit-id
[90mstdout[2m | src/components/ModerationPanel.stories.jsx[2m > [22m[2mUnchecked Content
[22m[39m[FilesContext] Initializing vector store from IndexedDB
[90mstdout[2m | src/components/ModerationPanel.stories.jsx[2m > [22m[2mUnchecked Content
[22m[39m[FilesContext] fetchFiles called
[90mstdout[2m | src/components/ModerationPanel.stories.jsx[2m > [22m[2mUnchecked Content
[22m[39m[FilesContext] User authenticated: mock-user-sub
[90mstdout[2m | src/components/ModerationPanel.stories.jsx[2m > [22m[2mUnchecked Content
[22m[39m[FilesContext] Identity ID: us-east-1:mock-identity-123
[90mstdout[2m | src/components/ModerationPanel.stories.jsx[2m > [22m[2mUnchecked Content
[22m[39m[FilesContext] About to set up File observeQuery
[90mstdout[2m | src/components/ModerationPanel.stories.jsx[2m > [22m[2mUnchecked Content
[22m[39m[ChatContext] Setting up AssistantChat observeQuery
[90mstdout[2m | src/components/ModerationPanel.stories.jsx[2m > [22m[2mUnchecked Content
[22m[39m[ChatContext] Waiting for subscription to initialize
[90mstdout[2m | src/components/ModerationPanel.stories.jsx[2m > [22m[2mUnchecked Content
[22m[39m[SettingsContext] Setting up Settings subscription for user: mock-user-sub
[90mstdout[2m | src/components/ModerationPanel.stories.jsx[2m > [22m[2mUnchecked Content
[22m[39m[Mock Data] Settings created: mock-settings-1790416439773 - notified 0 subscribers
[90mstdout[2m | src/components/ModerationPanel.stories.jsx[2m > [22m[2mUnchecked Content
[22m[39m[Mock Data] Unit.onUpdate() subscription added. Total: 1
[90mstdout[2m | src/components/ModerationPanel.stories.jsx[2m > [22m[2mUnchecked Content
[22m[39m[SectionContext] Section observeQuery update: 0
[90mstdout[2m | src/components/ModerationPanel.stories.jsx[2m > [22m[2mUnchecked Content
[22m[39m[FilesContext] File observeQuery update: 6 files
[90mstdout[2m | src/components/ModerationPanel.stories.jsx[2m > [22m[2mUnchecked Content
[22m[39m[ChatContext] AssistantChat initialized with 1 chats
[90mstdout[2m | src/components/ModerationPanel.stories.jsx[2m > [22m[2mUnchecked Content
[22m[39m[ChatContext] Setting initial chat: mock-assistant-chat-1
[90mstdout[2m | src/components/ModerationPanel.stories.jsx[2m > [22m[2mUnchecked Content
[22m[39m[Mock Storage] downloadData called with: undefined
[90mstdout[2m | src/components/ModerationPanel.stories.jsx[2m > [22m[2mUnchecked Content
[22m[39m[MOCK CourseVectorStore] Initialized with mock data
[90mstdout[2m | src/components/ModerationPanel.stories.jsx[2m > [22m[2mUnchecked Content
[22m[39m[FilesContext] Vector store population triggered {
  "currentVectorStoreSize": 3,
  "documentsCount": 0,
  "filesCount": 6,
  "isInitialLoad": true,
}
[90mstdout[2m | src/components/ModerationPanel.stories.jsx[2m > [22m[2mUnchecked Content
[22m[39m[FilesContext] Vector store population complete - 3 total embeddings
[90mstdout[2m | src/components/ModerationPanel.stories.jsx[2m > [22m[2mUnchecked Content
[22m[39m[ChatContext] Chat exists and not archived, skipping creation
[90mstdout[2m | src/components/ModerationPanel.stories.jsx[2m > [22m[2mCustom Title
[22m[39m[ChatContext] Cleaning up subscriptions
[90mstdout[2m | src/components/ModerationPanel.stories.jsx[2m > [22m[2mCustom Title
[22m[39m[Mock Data] Unit.onUpdate() subscription removed. Remaining: 0
[90mstdout[2m | src/components/ModerationPanel.stories.jsx[2m > [22m[2mCustom Title
[22m[39m[MOCK CourseVectorStore] Initialized with mock data
[90mstdout[2m | src/components/ModerationPanel.stories.jsx[2m > [22m[2mCustom Title
[22m[39m[TranslationModeController] Setting mode to: off
[90mstdout[2m | src/components/ModerationPanel.stories.jsx[2m > [22m[2mCustom Title
[22m[39m[UnitContext] useEffect triggered {
  "authLoading": false,
  "hasUser": true,
  "id": "mock-unit-id",
  "userSub": "mock-user-sub",
}
[90mstdout[2m | src/components/ModerationPanel.stories.jsx[2m > [22m[2mCustom Title
[22m[39m[UnitContext] Fetching unit data for id: mock-unit-id
[90mstdout[2m | src/components/ModerationPanel.stories.jsx[2m > [22m[2mCustom Title
[22m[39m[FilesContext] Initializing vector store from IndexedDB
[90mstdout[2m | src/components/ModerationPanel.stories.jsx[2m > [22m[2mCustom Title
[22m[39m[FilesContext] fetchFiles called
[90mstdout[2m | src/components/ModerationPanel.stories.jsx[2m > [22m[2mCustom Title
[22m[39m[FilesContext] User authenticated: mock-user-sub
[90mstdout[2m | src/components/ModerationPanel.stories.jsx[2m > [22m[2mCustom Title
[22m[39m[FilesContext] Identity ID: us-east-1:mock-identity-123
[90mstdout[2m | src/components/ModerationPanel.stories.jsx[2m > [22m[2mCustom Title
[22m[39m[FilesContext] About to set up File observeQuery
[90mstdout[2m | src/components/ModerationPanel.stories.jsx[2m > [22m[2mCustom Title
[22m[39m[ChatContext] Setting up AssistantChat observeQuery
[90mstdout[2m | src/components/ModerationPanel.stories.jsx[2m > [22m[2mCustom Title
[22m[39m[ChatContext] Waiting for subscription to initialize
[90mstdout[2m | src/components/ModerationPanel.stories.jsx[2m > [22m[2mCustom Title
[22m[39m[SettingsContext] Setting up Settings subscription for user: mock-user-sub
[90mstdout[2m | src/components/ModerationPanel.stories.jsx[2m > [22m[2mCustom Title
[22m[39m[Mock Data] Settings created: mock-settings-1790416439879 - notified 0 subscribers
[90mstdout[2m | src/components/ModerationPanel.stories.jsx[2m > [22m[2mCustom Title
[22m[39m[Mock Data] Unit.onUpdate() subscription added. Total: 1
[90mstdout[2m | src/components/ModerationPanel.stories.jsx[2m > [22m[2mCustom Title
[22m[39m[SectionContext] Section observeQuery update: 0
[90mstdout[2m | src/components/ModerationPanel.stories.jsx[2m > [22m[2mCustom Title
[22m[39m[FilesContext] File observeQuery update: 6 files
[90mstdout[2m | src/components/ModerationPanel.stories.jsx[2m > [22m[2mCustom Title
[22m[39m[ChatContext] AssistantChat initialized with 1 chats
[90mstdout[2m | src/components/ModerationPanel.stories.jsx[2m > [22m[2mCustom Title
[22m[39m[ChatContext] Setting initial chat: mock-assistant-chat-1
[90mstdout[2m | src/components/ModerationPanel.stories.jsx[2m > [22m[2mCustom Title
[22m[39m[MOCK CourseVectorStore] Initialized with mock data
[90mstdout[2m | src/components/ModerationPanel.stories.jsx[2m > [22m[2mCustom Title
[22m[39m[FilesContext] Vector store population triggered {
  "currentVectorStoreSize": 3,
  "documentsCount": 0,
  "filesCount": 6,
  "isInitialLoad": true,
}
[90mstdout[2m | src/components/ModerationPanel.stories.jsx[2m > [22m[2mCustom Title
[22m[39m[FilesContext] Vector store population complete - 3 total embeddings
[90mstdout[2m | src/components/ModerationPanel.stories.jsx[2m > [22m[2mCustom Title
[22m[39m[ChatContext] Chat exists and not archived, skipping creation
[90mstdout[2m | src/components/ModerationPanel.stories.jsx[2m > [22m[2mCustom Title
[22m[39m[Mock Storage] downloadData called with: undefined
[90mstdout[2m | src/components/ModerationPanel.stories.jsx[2m > [22m[2mInstructor Review Workflow
[22m[39m[ChatContext] Cleaning up subscriptions
[90mstdout[2m | src/components/ModerationPanel.stories.jsx[2m > [22m[2mInstructor Review Workflow
[22m[39m[Mock Data] Unit.onUpdate() subscription removed. Remaining: 0
[90mstdout[2m | src/components/ModerationPanel.stories.jsx[2m > [22m[2mInstructor Review Workflow
[22m[39m[MOCK CourseVectorStore] Initialized with mock data
[90mstdout[2m | src/components/ModerationPanel.stories.jsx[2m > [22m[2mInstructor Review Workflow
[22m[39m[TranslationModeController] Setting mode to: off
[90mstdout[2m | src/components/ModerationPanel.stories.jsx[2m > [22m[2mInstructor Review Workflow
[22m[39m[UnitContext] useEffect triggered {
  "authLoading": false,
  "hasUser": true,
  "id": "mock-unit-id",
  "userSub": "mock-user-sub",
}
[90mstdout[2m | src/components/ModerationPanel.stories.jsx[2m > [22m[2mInstructor Review Workflow
[22m[39m[UnitContext] Fetching unit data for id: mock-unit-id
[90mstdout[2m | src/components/ModerationPanel.stories.jsx[2m > [22m[2mInstructor Review Workflow
[22m[39m[FilesContext] Initializing vector store from IndexedDB
[90mstdout[2m | src/components/ModerationPanel.stories.jsx[2m > [22m[2mInstructor Review Workflow
[22m[39m[FilesContext] fetchFiles called
[90mstdout[2m | src/components/ModerationPanel.stories.jsx[2m > [22m[2mInstructor Review Workflow
[22m[39m[FilesContext] User authenticated: mock-user-sub
[90mstdout[2m | src/components/ModerationPanel.stories.jsx[2m > [22m[2mInstructor Review Workflow
[22m[39m[FilesContext] Identity ID: us-east-1:mock-identity-123
[90mstdout[2m | src/components/ModerationPanel.stories.jsx[2m > [22m[2mInstructor Review Workflow
[22m[39m[FilesContext] About to set up File observeQuery
[90mstdout[2m | src/components/ModerationPanel.stories.jsx[2m > [22m[2mInstructor Review Workflow
[22m[39m[ChatContext] Setting up AssistantChat observeQuery
[90mstdout[2m | src/components/ModerationPanel.stories.jsx[2m > [22m[2mInstructor Review Workflow
[22m[39m[ChatContext] Waiting for subscription to initialize
[90mstdout[2m | src/components/ModerationPanel.stories.jsx[2m > [22m[2mInstructor Review Workflow
[22m[39m[SettingsContext] Setting up Settings subscription for user: mock-user-sub
[90mstdout[2m | src/components/ModerationPanel.stories.jsx[2m > [22m[2mInstructor Review Workflow
[22m[39m[Mock Data] Settings created: mock-settings-1790416440060 - notified 0 subscribers
[90mstdout[2m | src/components/ModerationPanel.stories.jsx[2m > [22m[2mInstructor Review Workflow
[22m[39m[Mock Data] Unit.onUpdate() subscription added. Total: 1
[90mstdout[2m | src/components/ModerationPanel.stories.jsx[2m > [22m[2mInstructor Review Workflow
[22m[39m[SectionContext] Section observeQuery update: 0
[90mstdout[2m | src/components/ModerationPanel.stories.jsx[2m > [22m[2mInstructor Review Workflow
[22m[39m[FilesContext] File observeQuery update: 6 files
[90mstdout[2m | src/components/ModerationPanel.stories.jsx[2m > [22m[2mInstructor Review Workflow
[22m[39m[ChatContext] AssistantChat initialized with 1 chats
[90mstdout[2m | src/components/ModerationPanel.stories.jsx[2m > [22m[2mInstructor Review Workflow
[22m[39m[ChatContext] Setting initial chat: mock-assistant-chat-1
[90mstdout[2m | src/components/ModerationPanel.stories.jsx[2m > [22m[2mInstructor Review Workflow
[22m[39m[MOCK CourseVectorStore] Initialized with mock data
[90mstdout[2m | src/components/ModerationPanel.stories.jsx[2m > [22m[2mInstructor Review Workflow
[22m[39m[FilesContext] Vector store population triggered {
  "currentVectorStoreSize": 3,
  "documentsCount": 0,
  "filesCount": 6,
  "isInitialLoad": true,
}
[90mstdout[2m | src/components/ModerationPanel.stories.jsx[2m > [22m[2mInstructor Review Workflow
[22m[39m[FilesContext] Vector store population complete - 3 total embeddings
[90mstdout[2m | src/components/ModerationPanel.stories.jsx[2m > [22m[2mInstructor Review Workflow
[22m[39m[ChatContext] Chat exists and not archived, skipping creation
[90mstdout[2m | src/components/ModerationPanel.stories.jsx[2m > [22m[2mInstructor Review Workflow
[22m[39m[Mock Storage] downloadData called with: undefined
[90mstdout[2m | src/components/ModerationPanel.stories.jsx[2m > [22m[2mMalformed Flags
[22m[39m[ChatContext] Cleaning up subscriptions
[90mstdout[2m | src/components/ModerationPanel.stories.jsx[2m > [22m[2mMalformed Flags
[22m[39m[Mock Data] Unit.onUpdate() subscription removed. Remaining: 0
[90mstdout[2m | src/components/ModerationPanel.stories.jsx[2m > [22m[2mMalformed Flags
[22m[39m[MOCK CourseVectorStore] Initialized with mock data
[90mstdout[2m | src/components/ModerationPanel.stories.jsx[2m > [22m[2mMalformed Flags
[22m[39m[TranslationModeController] Setting mode to: off
[90mstdout[2m | src/components/ModerationPanel.stories.jsx[2m > [22m[2mMalformed Flags
[22m[39m[UnitContext] useEffect triggered {
  "authLoading": false,
  "hasUser": true,
  "id": "mock-unit-id",
  "userSub": "mock-user-sub",
}
[90mstdout[2m | src/components/ModerationPanel.stories.jsx[2m > [22m[2mMalformed Flags
[22m[39m[UnitContext] Fetching unit data for id: mock-unit-id
[90mstdout[2m | src/components/ModerationPanel.stories.jsx[2m > [22m[2mMalformed Flags
[22m[39m[FilesContext] Initializing vector store from IndexedDB
[90mstdout[2m | src/components/ModerationPanel.stories.jsx[2m > [22m[2mMalformed Flags
[22m[39m[FilesContext] fetchFiles called
[90mstdout[2m | src/components/ModerationPanel.stories.jsx[2m > [22m[2mMalformed Flags
[22m[39m[FilesContext] User authenticated: mock-user-sub
[90mstdout[2m | src/components/ModerationPanel.stories.jsx[2m > [22m[2mMalformed Flags
[22m[39m[FilesContext] Identity ID: us-east-1:mock-identity-123
[90mstdout[2m | src/components/ModerationPanel.stories.jsx[2m > [22m[2mMalformed Flags
[22m[39m[FilesContext] About to set up File observeQuery
[90mstdout[2m | src/components/ModerationPanel.stories.jsx[2m > [22m[2mMalformed Flags
[22m[39m[ChatContext] Setting up AssistantChat observeQuery
[90mstdout[2m | src/components/ModerationPanel.stories.jsx[2m > [22m[2mMalformed Flags
[22m[39m[ChatContext] Waiting for subscription to initialize
[90mstdout[2m | src/components/ModerationPanel.stories.jsx[2m > [22m[2mMalformed Flags
[22m[39m[SettingsContext] Setting up Settings subscription for user: mock-user-sub
[90mstdout[2m | src/components/ModerationPanel.stories.jsx[2m > [22m[2mMalformed Flags
[22m[39m[Mock Data] Settings created: mock-settings-1790416440243 - notified 0 subscribers
[90mstdout[2m | src/components/ModerationPanel.stories.jsx[2m > [22m[2mMalformed Flags
[22m[39m[Mock Data] Unit.onUpdate() subscription added. Total: 1
[90mstdout[2m | src/components/ModerationPanel.stories.jsx[2m > [22m[2mMalformed Flags
[22m[39m[SectionContext] Section observeQuery update: 0
[90mstdout[2m | src/components/ModerationPanel.stories.jsx[2m > [22m[2mMalformed Flags
[22m[39m[FilesContext] File observeQuery update: 6 files
[90mstdout[2m | src/components/ModerationPanel.stories.jsx[2m > [22m[2mMalformed Flags
[22m[39m[ChatContext] AssistantChat initialized with 1 chats
[90mstdout[2m | src/components/ModerationPanel.stories.jsx[2m > [22m[2mMalformed Flags
[22m[39m[ChatContext] Setting initial chat: mock-assistant-chat-1
[90mstdout[2m | src/components/ModerationPanel.stories.jsx[2m > [22m[2mMalformed Flags
[22m[39m[Mock Storage] downloadData called with: undefined
[90mstdout[2m | src/components/ModerationPanel.stories.jsx[2m > [22m[2mMalformed Flags
[22m[39m[MOCK CourseVectorStore] Initialized with mock data
[90mstdout[2m | src/components/ModerationPanel.stories.jsx[2m > [22m[2mMalformed Flags
[22m[39m[FilesContext] Vector store population triggered {
  "currentVectorStoreSize": 3,
  "documentsCount": 0,
  "filesCount": 6,
  "isInitialLoad": true,
}
[90mstdout[2m | src/components/ModerationPanel.stories.jsx[2m > [22m[2mMalformed Flags
[22m[39m[FilesContext] Vector store population complete - 3 total embeddings
[90mstdout[2m | src/components/ModerationPanel.stories.jsx[2m > [22m[2mMalformed Flags
[22m[39m[ChatContext] Chat exists and not archived, skipping creation
 [32m✓[39m [30m[45m storybook (chromium) [49m[39m src/components/ModerationPanel.stories.jsx [2m([22m[2m8 tests[22m[2m)[22m[33m 1165[2mms[22m[39m
[90mstdout[2m | unknown test
[22m[39m[MOCK vectorStoreDB.js] Module loaded - mock IndexedDB operations
[90mstdout[2m | unknown test
[22m[39m[Task Completion] DOM action listeners initialized
[90mstdout[2m | unknown test
[22m[39m[Task Completion] Auto-completion detector initialized
[90mstdout[2m | unknown test
[22m[39m[Preview] Task completion detector initialized
[90mstdout[2m | src/components/ChatSidebar/RecordingScriptPreview.stories.jsx[2m > [22m[2mConversation
[22m[39m[MOCK CourseVectorStore] Initialized with mock data
[90mstdout[2m | src/components/ChatSidebar/RecordingScriptPreview.stories.jsx[2m > [22m[2mConversation
[22m[39m[TranslationModeController] Setting mode to: off
[90mstdout[2m | src/components/ChatSidebar/RecordingScriptPreview.stories.jsx[2m > [22m[2mConversation
[22m[39m[UnitContext] useEffect triggered {
  "authLoading": false,
  "hasUser": true,
  "id": "unit-demo",
  "userSub": "mock-user-sub",
}
[90mstdout[2m | src/components/ChatSidebar/RecordingScriptPreview.stories.jsx[2m > [22m[2mConversation
[22m[39m[UnitContext] Fetching unit data for id: unit-demo
[90mstdout[2m | src/components/ChatSidebar/RecordingScriptPreview.stories.jsx[2m > [22m[2mConversation
[22m[39m[FilesContext] Initializing vector store from IndexedDB
[90mstdout[2m | src/components/ChatSidebar/RecordingScriptPreview.stories.jsx[2m > [22m[2mConversation
[22m[39m[FilesContext] fetchFiles called
[90mstdout[2m | src/components/ChatSidebar/RecordingScriptPreview.stories.jsx[2m > [22m[2mConversation
[22m[39m[FilesContext] User authenticated: mock-user-sub
[90mstdout[2m | src/components/ChatSidebar/RecordingScriptPreview.stories.jsx[2m > [22m[2mConversation
[22m[39m[FilesContext] Identity ID: us-east-1:mock-identity-123
[90mstdout[2m | src/components/ChatSidebar/RecordingScriptPreview.stories.jsx[2m > [22m[2mConversation
[22m[39m[FilesContext] About to set up File observeQuery
[90mstdout[2m | src/components/ChatSidebar/RecordingScriptPreview.stories.jsx[2m > [22m[2mConversation
[22m[39m[ChatContext] Setting up AssistantChat observeQuery
[90mstdout[2m | src/components/ChatSidebar/RecordingScriptPreview.stories.jsx[2m > [22m[2mConversation
[22m[39m[ChatContext] Waiting for subscription to initialize
[90mstdout[2m | src/components/ChatSidebar/RecordingScriptPreview.stories.jsx[2m > [22m[2mConversation
[22m[39m[SettingsContext] Setting up Settings subscription for user: mock-user-sub
[90mstdout[2m | src/components/ChatSidebar/RecordingScriptPreview.stories.jsx[2m > [22m[2mConversation
[22m[39m[Mock Data] Settings created: mock-settings-1790416441272 - notified 0 subscribers
[90mstdout[2m | src/components/ChatSidebar/RecordingScriptPreview.stories.jsx[2m > [22m[2mConversation
[22m[39m[Mock Data] Unit.onUpdate() subscription added. Total: 1
[90mstdout[2m | src/components/ChatSidebar/RecordingScriptPreview.stories.jsx[2m > [22m[2mConversation
[22m[39m[SectionContext] Section observeQuery update: 0
[90mstdout[2m | src/components/ChatSidebar/RecordingScriptPreview.stories.jsx[2m > [22m[2mConversation
[22m[39m[FilesContext] File observeQuery update: 6 files
[90mstdout[2m | src/components/ChatSidebar/RecordingScriptPreview.stories.jsx[2m > [22m[2mConversation
[22m[39m[ChatContext] AssistantChat initialized with 1 chats
[90mstdout[2m | src/components/ChatSidebar/RecordingScriptPreview.stories.jsx[2m > [22m[2mConversation
[22m[39m[ChatContext] Setting initial chat: mock-assistant-chat-1
[90mstdout[2m | src/components/ChatSidebar/RecordingScriptPreview.stories.jsx[2m > [22m[2mConversation
[22m[39m[MOCK CourseVectorStore] Initialized with mock data
[90mstdout[2m | src/components/ChatSidebar/RecordingScriptPreview.stories.jsx[2m > [22m[2mConversation
[22m[39m[FilesContext] Vector store population triggered {
  "currentVectorStoreSize": 3,
  "documentsCount": 0,
  "filesCount": 6,
  "isInitialLoad": true,
}
[90mstdout[2m | src/components/ChatSidebar/RecordingScriptPreview.stories.jsx[2m > [22m[2mConversation
[22m[39m[FilesContext] Vector store population complete - 3 total embeddings
[90mstdout[2m | src/components/ChatSidebar/RecordingScriptPreview.stories.jsx[2m > [22m[2mConversation
[22m[39m[ChatContext] Chat exists and not archived, skipping creation
[90mstdout[2m | src/components/ChatSidebar/RecordingScriptPreview.stories.jsx[2m > [22m[2mConversation
[22m[39m[Mock Storage] downloadData called with: undefined
[90mstdout[2m | src/components/ChatSidebar/RecordingScriptPreview.stories.jsx[2m > [22m[2mVocabulary Word
[22m[39m[ChatContext] Cleaning up subscriptions
[90mstdout[2m | src/components/ChatSidebar/RecordingScriptPreview.stories.jsx[2m > [22m[2mVocabulary Word
[22m[39m[Mock Data] Unit.onUpdate() subscription removed. Remaining: 0
[90mstdout[2m | src/components/ChatSidebar/RecordingScriptPreview.stories.jsx[2m > [22m[2mVocabulary Word
[22m[39m[MOCK CourseVectorStore] Initialized with mock data
[90mstdout[2m | src/components/ChatSidebar/RecordingScriptPreview.stories.jsx[2m > [22m[2mVocabulary Word
[22m[39m[TranslationModeController] Setting mode to: off
[90mstdout[2m | src/components/ChatSidebar/RecordingScriptPreview.stories.jsx[2m > [22m[2mVocabulary Word
[22m[39m[UnitContext] useEffect triggered {
  "authLoading": false,
  "hasUser": true,
  "id": "unit-demo",
  "userSub": "mock-user-sub",
}
[90mstdout[2m | src/components/ChatSidebar/RecordingScriptPreview.stories.jsx[2m > [22m[2mVocabulary Word
[22m[39m[UnitContext] Fetching unit data for id: unit-demo
[90mstdout[2m | src/components/ChatSidebar/RecordingScriptPreview.stories.jsx[2m > [22m[2mVocabulary Word
[22m[39m[FilesContext] Initializing vector store from IndexedDB
[90mstdout[2m | src/components/ChatSidebar/RecordingScriptPreview.stories.jsx[2m > [22m[2mVocabulary Word
[22m[39m[FilesContext] fetchFiles called
[90mstdout[2m | src/components/ChatSidebar/RecordingScriptPreview.stories.jsx[2m > [22m[2mVocabulary Word
[22m[39m[FilesContext] User authenticated: mock-user-sub
[90mstdout[2m | src/components/ChatSidebar/RecordingScriptPreview.stories.jsx[2m > [22m[2mVocabulary Word
[22m[39m[FilesContext] Identity ID: us-east-1:mock-identity-123
[90mstdout[2m | src/components/ChatSidebar/RecordingScriptPreview.stories.jsx[2m > [22m[2mVocabulary Word
[22m[39m[FilesContext] About to set up File observeQuery
[90mstdout[2m | src/components/ChatSidebar/RecordingScriptPreview.stories.jsx[2m > [22m[2mVocabulary Word
[22m[39m[ChatContext] Setting up AssistantChat observeQuery
[90mstdout[2m | src/components/ChatSidebar/RecordingScriptPreview.stories.jsx[2m > [22m[2mVocabulary Word
[22m[39m[ChatContext] Waiting for subscription to initialize
[90mstdout[2m | src/components/ChatSidebar/RecordingScriptPreview.stories.jsx[2m > [22m[2mVocabulary Word
[22m[39m[SettingsContext] Setting up Settings subscription for user: mock-user-sub
[90mstdout[2m | src/components/ChatSidebar/RecordingScriptPreview.stories.jsx[2m > [22m[2mVocabulary Word
[22m[39m[Mock Data] Settings created: mock-settings-1790416441510 - notified 0 subscribers
[90mstdout[2m | src/components/ChatSidebar/RecordingScriptPreview.stories.jsx[2m > [22m[2mVocabulary Word
[22m[39m[Mock Data] Unit.onUpdate() subscription added. Total: 1
[90mstdout[2m | src/components/ChatSidebar/RecordingScriptPreview.stories.jsx[2m > [22m[2mVocabulary Word
[22m[39m[SectionContext] Section observeQuery update: 0
[90mstdout[2m | src/components/ChatSidebar/RecordingScriptPreview.stories.jsx[2m > [22m[2mVocabulary Word
[22m[39m[FilesContext] File observeQuery update: 6 files
[90mstdout[2m | src/components/ChatSidebar/RecordingScriptPreview.stories.jsx[2m > [22m[2mVocabulary Word
[22m[39m[ChatContext] AssistantChat initialized with 1 chats
[90mstdout[2m | src/components/ChatSidebar/RecordingScriptPreview.stories.jsx[2m > [22m[2mVocabulary Word
[22m[39m[ChatContext] Setting initial chat: mock-assistant-chat-1
[90mstdout[2m | src/components/ChatSidebar/RecordingScriptPreview.stories.jsx[2m > [22m[2mVocabulary Word
[22m[39m[MOCK CourseVectorStore] Initialized with mock data
[90mstdout[2m | src/components/ChatSidebar/RecordingScriptPreview.stories.jsx[2m > [22m[2mVocabulary Word
[22m[39m[FilesContext] Vector store population triggered {
  "currentVectorStoreSize": 3,
  "documentsCount": 0,
  "filesCount": 6,
  "isInitialLoad": true,
}
[90mstdout[2m | src/components/ChatSidebar/RecordingScriptPreview.stories.jsx[2m > [22m[2mVocabulary Word
[22m[39m[FilesContext] Vector store population complete - 3 total embeddings
[90mstdout[2m | src/components/ChatSidebar/RecordingScriptPreview.stories.jsx[2m > [22m[2mVocabulary Word
[22m[39m[ChatContext] Chat exists and not archived, skipping creation
[90mstdout[2m | src/components/ChatSidebar/RecordingScriptPreview.stories.jsx[2m > [22m[2mVocabulary Word
[22m[39m[Mock Storage] downloadData called with: undefined
[90mstdout[2m | src/components/ChatSidebar/RecordingScriptPreview.stories.jsx[2m > [22m[2mQA Recording
[22m[39m[ChatContext] Cleaning up subscriptions
[90mstdout[2m | src/components/ChatSidebar/RecordingScriptPreview.stories.jsx[2m > [22m[2mQA Recording
[22m[39m[Mock Data] Unit.onUpdate() subscription removed. Remaining: 0
[90mstdout[2m | src/components/ChatSidebar/RecordingScriptPreview.stories.jsx[2m > [22m[2mQA Recording
[22m[39m[MOCK CourseVectorStore] Initialized with mock data
[90mstdout[2m | src/components/ChatSidebar/RecordingScriptPreview.stories.jsx[2m > [22m[2mQA Recording
[22m[39m[TranslationModeController] Setting mode to: off
[90mstdout[2m | src/components/ChatSidebar/RecordingScriptPreview.stories.jsx[2m > [22m[2mQA Recording
[22m[39m[UnitContext] useEffect triggered {
  "authLoading": false,
  "hasUser": true,
  "id": "unit-demo",
  "userSub": "mock-user-sub",
}
[90mstdout[2m | src/components/ChatSidebar/RecordingScriptPreview.stories.jsx[2m > [22m[2mQA Recording
[22m[39m[UnitContext] Fetching unit data for id: unit-demo
[90mstdout[2m | src/components/ChatSidebar/RecordingScriptPreview.stories.jsx[2m > [22m[2mQA Recording
[22m[39m[FilesContext] Initializing vector store from IndexedDB
[90mstdout[2m | src/components/ChatSidebar/RecordingScriptPreview.stories.jsx[2m > [22m[2mQA Recording
[22m[39m[FilesContext] fetchFiles called
[90mstdout[2m | src/components/ChatSidebar/RecordingScriptPreview.stories.jsx[2m > [22m[2mQA Recording
[22m[39m[FilesContext] User authenticated: mock-user-sub
[90mstdout[2m | src/components/ChatSidebar/RecordingScriptPreview.stories.jsx[2m > [22m[2mQA Recording
[22m[39m[FilesContext] Identity ID: us-east-1:mock-identity-123
[90mstdout[2m | src/components/ChatSidebar/RecordingScriptPreview.stories.jsx[2m > [22m[2mQA Recording
[22m[39m[FilesContext] About to set up File observeQuery
[90mstdout[2m | src/components/ChatSidebar/RecordingScriptPreview.stories.jsx[2m > [22m[2mQA Recording
[22m[39m[ChatContext] Setting up AssistantChat observeQuery
[90mstdout[2m | src/components/ChatSidebar/RecordingScriptPreview.stories.jsx[2m > [22m[2mQA Recording
[22m[39m[ChatContext] Waiting for subscription to initialize
[90mstdout[2m | src/components/ChatSidebar/RecordingScriptPreview.stories.jsx[2m > [22m[2mQA Recording
[22m[39m[SettingsContext] Setting up Settings subscription for user: mock-user-sub
[90mstdout[2m | src/components/ChatSidebar/RecordingScriptPreview.stories.jsx[2m > [22m[2mQA Recording
[22m[39m[Mock Data] Settings created: mock-settings-1790416441649 - notified 0 subscribers
[90mstdout[2m | src/components/ChatSidebar/RecordingScriptPreview.stories.jsx[2m > [22m[2mQA Recording
[22m[39m[Mock Data] Unit.onUpdate() subscription added. Total: 1
[90mstdout[2m | src/components/ChatSidebar/RecordingScriptPreview.stories.jsx[2m > [22m[2mQA Recording
[22m[39m[SectionContext] Section observeQuery update: 0
[90mstdout[2m | src/components/ChatSidebar/RecordingScriptPreview.stories.jsx[2m > [22m[2mQA Recording
[22m[39m[FilesContext] File observeQuery update: 6 files
[90mstdout[2m | src/components/ChatSidebar/RecordingScriptPreview.stories.jsx[2m > [22m[2mQA Recording
[22m[39m[ChatContext] AssistantChat initialized with 1 chats
[90mstdout[2m | src/components/ChatSidebar/RecordingScriptPreview.stories.jsx[2m > [22m[2mQA Recording
[22m[39m[ChatContext] Setting initial chat: mock-assistant-chat-1
[90mstdout[2m | src/components/ChatSidebar/RecordingScriptPreview.stories.jsx[2m > [22m[2mQA Recording
[22m[39m[Mock Storage] downloadData called with: undefined
[90mstdout[2m | src/components/ChatSidebar/RecordingScriptPreview.stories.jsx[2m > [22m[2mQA Recording
[22m[39m[MOCK CourseVectorStore] Initialized with mock data
[90mstdout[2m | src/components/ChatSidebar/RecordingScriptPreview.stories.jsx[2m > [22m[2mQA Recording
[22m[39m[FilesContext] Vector store population triggered {
  "currentVectorStoreSize": 3,
  "documentsCount": 0,
  "filesCount": 6,
  "isInitialLoad": true,
}
[90mstdout[2m | src/components/ChatSidebar/RecordingScriptPreview.stories.jsx[2m > [22m[2mQA Recording
[22m[39m[FilesContext] Vector store population complete - 3 total embeddings
[90mstdout[2m | src/components/ChatSidebar/RecordingScriptPreview.stories.jsx[2m > [22m[2mQA Recording
[22m[39m[ChatContext] Chat exists and not archived, skipping creation
 [32m✓[39m [30m[45m storybook (chromium) [49m[39m src/components/ChatSidebar/RecordingScriptPreview.stories.jsx [2m([22m[2m3 tests[22m[2m)[22m[33m 541[2mms[22m[39m
[90mstdout[2m | unknown test
[22m[39m[MOCK vectorStoreDB.js] Module loaded - mock IndexedDB operations
[90mstdout[2m | unknown test
[22m[39m[Task Completion] DOM action listeners initialized
[90mstdout[2m | unknown test
[22m[39m[Task Completion] Auto-completion detector initialized
[90mstdout[2m | unknown test
[22m[39m[Preview] Task completion detector initialized
[90mstdout[2m | src/components/Gamification/StorybookPromoPanel.stories.tsx[2m > [22m[2mDefault
[22m[39m[TranslationModeController] Setting mode to: off
[90mstdout[2m | src/components/Gamification/StorybookPromoPanel.stories.tsx[2m > [22m[2mSome Badges Earned
[22m[39m[TranslationModeController] Setting mode to: off
[90mstdout[2m | src/components/Gamification/StorybookPromoPanel.stories.tsx[2m > [22m[2mAll Badges Earned
[22m[39m[TranslationModeController] Setting mode to: off
 [32m✓[39m [30m[45m storybook (chromium) [49m[39m src/components/Gamification/StorybookPromoPanel.stories.tsx [2m([22m[2m3 tests[22m[2m)[22m[33m 541[2mms[22m[39m
[90mstdout[2m | unknown test
[22m[39m[MOCK vectorStoreDB.js] Module loaded - mock IndexedDB operations
[90mstdout[2m | unknown test
[22m[39m[Task Completion] DOM action listeners initialized
[90mstdout[2m | unknown test
[22m[39m[Task Completion] Auto-completion detector initialized
[90mstdout[2m | unknown test
[22m[39m[Preview] Task completion detector initialized
[90mstdout[2m | src/components/QuestionEditor2.stories.jsx[2m > [22m[2mDefault
[22m[39m[MOCK CourseVectorStore] Initialized with mock data
[90mstdout[2m | src/components/QuestionEditor2.stories.jsx[2m > [22m[2mDefault
[22m[39m[Mock Data] seedMockUnit: Adding unit unit-1
[90mstdout[2m | src/components/QuestionEditor2.stories.jsx[2m > [22m[2mDefault
[22m[39m[Mock Data] seedMockQuestions: Adding 4 questions
[90mstdout[2m | src/components/QuestionEditor2.stories.jsx[2m > [22m[2mDefault
[22m[39m[TranslationModeController] Setting mode to: off
[90mstdout[2m | src/components/QuestionEditor2.stories.jsx[2m > [22m[2mDefault
[22m[39m[UnitContext] useEffect triggered {
  "authLoading": false,
  "hasUser": true,
  "id": "mock-unit-id",
  "userSub": "mock-user-sub",
}
[90mstdout[2m | src/components/QuestionEditor2.stories.jsx[2m > [22m[2mDefault
[22m[39m[UnitContext] Fetching unit data for id: mock-unit-id
[90mstdout[2m | src/components/QuestionEditor2.stories.jsx[2m > [22m[2mDefault
[22m[39m[FilesContext] Initializing vector store from IndexedDB
[90mstdout[2m | src/components/QuestionEditor2.stories.jsx[2m > [22m[2mDefault
[22m[39m[FilesContext] fetchFiles called
[90mstdout[2m | src/components/QuestionEditor2.stories.jsx[2m > [22m[2mDefault
[22m[39m[FilesContext] User authenticated: mock-user-sub
[90mstdout[2m | src/components/QuestionEditor2.stories.jsx[2m > [22m[2mDefault
[22m[39m[FilesContext] Identity ID: us-east-1:mock-identity-123
[90mstdout[2m | src/components/QuestionEditor2.stories.jsx[2m > [22m[2mDefault
[22m[39m[FilesContext] About to set up File observeQuery
[90mstdout[2m | src/components/QuestionEditor2.stories.jsx[2m > [22m[2mDefault
[22m[39m[ChatContext] Setting up AssistantChat observeQuery
[90mstdout[2m | src/components/QuestionEditor2.stories.jsx[2m > [22m[2mDefault
[22m[39m[ChatContext] Waiting for subscription to initialize
[90mstdout[2m | src/components/QuestionEditor2.stories.jsx[2m > [22m[2mDefault
[22m[39m[SettingsContext] Setting up Settings subscription for user: mock-user-sub
[90mstdout[2m | src/components/QuestionEditor2.stories.jsx[2m > [22m[2mDefault
[22m[39m[Mock Data] Settings created: mock-settings-1790416447346 - notified 0 subscribers
[90mstdout[2m | src/components/QuestionEditor2.stories.jsx[2m > [22m[2mDefault
[22m[39m[Mock Data] Unit.onUpdate() subscription added. Total: 1
[90mstdout[2m | src/components/QuestionEditor2.stories.jsx[2m > [22m[2mDefault
[22m[39m[SectionContext] Section observeQuery update: 0
[90mstdout[2m | src/components/QuestionEditor2.stories.jsx[2m > [22m[2mDefault
[22m[39m[FilesContext] File observeQuery update: 6 files
[90mstdout[2m | src/components/QuestionEditor2.stories.jsx[2m > [22m[2mDefault
[22m[39m[ChatContext] AssistantChat initialized with 1 chats
[90mstdout[2m | src/components/QuestionEditor2.stories.jsx[2m > [22m[2mDefault
[22m[39m[ChatContext] Setting initial chat: mock-assistant-chat-1
[90mstdout[2m | src/components/QuestionEditor2.stories.jsx[2m > [22m[2mDefault
[22m[39m[MOCK CourseVectorStore] Initialized with mock data
[90mstdout[2m | src/components/QuestionEditor2.stories.jsx[2m > [22m[2mDefault
[22m[39m[FilesContext] Vector store population triggered {
  "currentVectorStoreSize": 3,
  "documentsCount": 0,
  "filesCount": 6,
  "isInitialLoad": true,
}
[90mstdout[2m | src/components/QuestionEditor2.stories.jsx[2m > [22m[2mDefault
[22m[39m[FilesContext] Vector store population complete - 3 total embeddings
[90mstdout[2m | src/components/QuestionEditor2.stories.jsx[2m > [22m[2mDefault
[22m[39m[ChatContext] Chat exists and not archived, skipping creation
[90mstdout[2m | src/components/QuestionEditor2.stories.jsx[2m > [22m[2mDefault
[22m[39m[Mock Storage] downloadData called with: undefined
[90mstdout[2m | src/components/QuestionEditor2.stories.jsx[2m > [22m[2mEmpty
[22m[39m[ChatContext] Cleaning up subscriptions
[90mstdout[2m | src/components/QuestionEditor2.stories.jsx[2m > [22m[2mEmpty
[22m[39m[Mock Data] Unit.onUpdate() subscription removed. Remaining: 0
[90mstdout[2m | src/components/QuestionEditor2.stories.jsx[2m > [22m[2mEmpty
[22m[39m[Preview] Skipped initializing default mock data (initializeMockData=false)
[90mstdout[2m | src/components/QuestionEditor2.stories.jsx[2m > [22m[2mEmpty
[22m[39m[MOCK CourseVectorStore] Initialized with mock data
[90mstdout[2m | src/components/QuestionEditor2.stories.jsx[2m > [22m[2mEmpty
[22m[39m[Mock Data] seedMockUnit: Adding unit unit-1
[90mstdout[2m | src/components/QuestionEditor2.stories.jsx[2m > [22m[2mEmpty
[22m[39m[Mock Data] seedMockQuestions: Adding 4 questions
[90mstdout[2m | src/components/QuestionEditor2.stories.jsx[2m > [22m[2mEmpty
[22m[39m[TranslationModeController] Setting mode to: off
[90mstdout[2m | src/components/QuestionEditor2.stories.jsx[2m > [22m[2mEmpty
[22m[39m[UnitContext] useEffect triggered {
  "authLoading": false,
  "hasUser": true,
  "id": "mock-unit-id",
  "userSub": "mock-user-sub",
}
[90mstdout[2m | src/components/QuestionEditor2.stories.jsx[2m > [22m[2mEmpty
[22m[39m[UnitContext] Fetching unit data for id: mock-unit-id
[90mstdout[2m | src/components/QuestionEditor2.stories.jsx[2m > [22m[2mEmpty
[22m[39m[FilesContext] Initializing vector store from IndexedDB
[90mstdout[2m | src/components/QuestionEditor2.stories.jsx[2m > [22m[2mEmpty
[22m[39m[FilesContext] fetchFiles called
[90mstdout[2m | src/components/QuestionEditor2.stories.jsx[2m > [22m[2mEmpty
[22m[39m[FilesContext] User authenticated: mock-user-sub
[90mstdout[2m | src/components/QuestionEditor2.stories.jsx[2m > [22m[2mEmpty
[22m[39m[FilesContext] Identity ID: us-east-1:mock-identity-123
[90mstdout[2m | src/components/QuestionEditor2.stories.jsx[2m > [22m[2mEmpty
[22m[39m[FilesContext] About to set up File observeQuery
[90mstdout[2m | src/components/QuestionEditor2.stories.jsx[2m > [22m[2mEmpty
[22m[39m[ChatContext] Setting up AssistantChat observeQuery
[90mstdout[2m | src/components/QuestionEditor2.stories.jsx[2m > [22m[2mEmpty
[22m[39m[ChatContext] Waiting for subscription to initialize
[90mstdout[2m | src/components/QuestionEditor2.stories.jsx[2m > [22m[2mEmpty
[22m[39m[SettingsContext] Setting up Settings subscription for user: mock-user-sub
[90mstdout[2m | src/components/QuestionEditor2.stories.jsx[2m > [22m[2mEmpty
[22m[39m[Mock Data] Settings created: mock-settings-1790416447668 - notified 0 subscribers
[90mstdout[2m | src/components/QuestionEditor2.stories.jsx[2m > [22m[2mEmpty
[22m[39m[Mock Data] Unit.onUpdate() subscription added. Total: 1
[90mstdout[2m | src/components/QuestionEditor2.stories.jsx[2m > [22m[2mEmpty
[22m[39m[SectionContext] Section observeQuery update: 0
[90mstdout[2m | src/components/QuestionEditor2.stories.jsx[2m > [22m[2mEmpty
[22m[39m[FilesContext] File observeQuery update: 0 files
[90mstdout[2m | src/components/QuestionEditor2.stories.jsx[2m > [22m[2mEmpty
[22m[39m[ChatContext] AssistantChat initialized with 0 chats
[90mstdout[2m | src/components/QuestionEditor2.stories.jsx[2m > [22m[2mEmpty
[22m[39m[MOCK CourseVectorStore] Initialized with mock data
[90mstdout[2m | src/components/QuestionEditor2.stories.jsx[2m > [22m[2mEmpty
[22m[39m[ChatContext] No current chat available, will create one
[90mstdout[2m | src/components/QuestionEditor2.stories.jsx[2m > [22m[2mEmpty
[22m[39m[ChatContext] Creating AssistantChat with user: undefined
[90mstdout[2m | src/components/QuestionEditor2.stories.jsx[2m > [22m[2mEmpty
[22m[39m[Mock Data] AssistantChat created: mock-assistantchat-1790416447696 - notified 1 subscribers
[90mstdout[2m | src/components/QuestionEditor2.stories.jsx[2m > [22m[2mEmpty
[22m[39m[ChatContext] Create result: {
  "data": {
    "_version": 1,
    "archived": false,
    "chatFiles": [Function anonymous],
    "createdAt": "2026-09-26T09:54:07.696Z",
    "id": "mock-assistantchat-1790416447696",
    "model": "gpt-4",
    "updatedAt": "2026-09-26T09:54:07.696Z",
  },
  "errors": [],
  "hasData": true,
  "hasErrors": true,
}
[90mstdout[2m | src/components/QuestionEditor2.stories.jsx[2m > [22m[2mEmpty
[22m[39m[ChatContext] Created AssistantChat: mock-assistantchat-1790416447696 at: 2026-09-26T09:54:07.696Z
[90mstdout[2m | src/components/QuestionEditor2.stories.jsx[2m > [22m[2mEmpty
[22m[39m[Mock Storage] downloadData called with: undefined
[90mstdout[2m | src/components/QuestionEditor2.stories.jsx[2m > [22m[2mEmpty
[22m[39m[ChatContext] Setting initial chat: mock-assistantchat-1790416447696
[90mstdout[2m | src/components/QuestionEditor2.stories.jsx[2m > [22m[2mEmpty
[22m[39m[ChatContext] Chat exists and not archived, skipping creation
 [32m✓[39m [30m[45m storybook (chromium) [49m[39m src/components/QuestionEditor2.stories.jsx [2m([22m[2m2 tests[22m[2m)[22m[33m 658[2mms[22m[39m
   [33m[2m✓[22m[39m Default [33m 349[2mms[22m[39m
   [33m[2m✓[22m[39m Empty [33m 308[2mms[22m[39m
[90mstdout[2m | unknown test
[22m[39m[MOCK vectorStoreDB.js] Module loaded - mock IndexedDB operations
[90mstdout[2m | unknown test
[22m[39m[Task Completion] DOM action listeners initialized
[90mstdout[2m | unknown test
[22m[39m[Task Completion] Auto-completion detector initialized
[90mstdout[2m | unknown test
[22m[39m[Preview] Task completion detector initialized
[90mstdout[2m | src/components/Workbook/WorkbookProgress.stories.tsx[2m > [22m[2mDefault
[22m[39m[MOCK CourseVectorStore] Initialized with mock data
[90mstdout[2m | src/components/Workbook/WorkbookProgress.stories.tsx[2m > [22m[2mDefault
[22m[39m[TranslationModeController] Setting mode to: off
[90mstdout[2m | src/components/Workbook/WorkbookProgress.stories.tsx[2m > [22m[2mDefault
[22m[39m[FilesContext] Initializing vector store from IndexedDB
[90mstdout[2m | src/components/Workbook/WorkbookProgress.stories.tsx[2m > [22m[2mDefault
[22m[39m[FilesContext] fetchFiles called
[90mstdout[2m | src/components/Workbook/WorkbookProgress.stories.tsx[2m > [22m[2mDefault
[22m[39m[FilesContext] User authenticated: mock-user-sub
[90mstdout[2m | src/components/Workbook/WorkbookProgress.stories.tsx[2m > [22m[2mDefault
[22m[39m[FilesContext] Identity ID: us-east-1:mock-identity-123
[90mstdout[2m | src/components/Workbook/WorkbookProgress.stories.tsx[2m > [22m[2mDefault
[22m[39m[FilesContext] About to set up File observeQuery
[90mstdout[2m | src/components/Workbook/WorkbookProgress.stories.tsx[2m > [22m[2mDefault
[22m[39m[ChatContext] Setting up AssistantChat observeQuery
[90mstdout[2m | src/components/Workbook/WorkbookProgress.stories.tsx[2m > [22m[2mDefault
[22m[39m[ChatContext] Waiting for subscription to initialize
[90mstdout[2m | src/components/Workbook/WorkbookProgress.stories.tsx[2m > [22m[2mDefault
[22m[39m[SettingsContext] Setting up Settings subscription for user: mock-user-sub
[90mstdout[2m | src/components/Workbook/WorkbookProgress.stories.tsx[2m > [22m[2mDefault
[22m[39m[Mock Data] Settings created: mock-settings-1790416452456 - notified 0 subscribers
[90mstdout[2m | src/components/Workbook/WorkbookProgress.stories.tsx[2m > [22m[2mDefault
[22m[39m[FilesContext] File observeQuery update: 6 files
[90mstdout[2m | src/components/Workbook/WorkbookProgress.stories.tsx[2m > [22m[2mDefault
[22m[39m[ChatContext] AssistantChat initialized with 1 chats
[90mstdout[2m | src/components/Workbook/WorkbookProgress.stories.tsx[2m > [22m[2mDefault
[22m[39m[ChatContext] Setting initial chat: mock-assistant-chat-1
[90mstdout[2m | src/components/Workbook/WorkbookProgress.stories.tsx[2m > [22m[2mDefault
[22m[39m[MOCK CourseVectorStore] Initialized with mock data
[90mstdout[2m | src/components/Workbook/WorkbookProgress.stories.tsx[2m > [22m[2mDefault
[22m[39m[FilesContext] Vector store population triggered {
  "currentVectorStoreSize": 3,
  "documentsCount": 0,
  "filesCount": 6,
  "isInitialLoad": true,
}
[90mstdout[2m | src/components/Workbook/WorkbookProgress.stories.tsx[2m > [22m[2mDefault
[22m[39m[FilesContext] Vector store population complete - 3 total embeddings
[90mstdout[2m | src/components/Workbook/WorkbookProgress.stories.tsx[2m > [22m[2mDefault
[22m[39m[ChatContext] Chat exists and not archived, skipping creation
[90mstdout[2m | src/components/Workbook/WorkbookProgress.stories.tsx[2m > [22m[2mDefault
[22m[39m[Mock Storage] downloadData called with: undefined
[90mstdout[2m | src/components/Workbook/WorkbookProgress.stories.tsx[2m > [22m[2mCompact
[22m[39m[ChatContext] Cleaning up subscriptions
[90mstdout[2m | src/components/Workbook/WorkbookProgress.stories.tsx[2m > [22m[2mCompact
[22m[39m[MOCK CourseVectorStore] Initialized with mock data
[90mstdout[2m | src/components/Workbook/WorkbookProgress.stories.tsx[2m > [22m[2mCompact
[22m[39m[TranslationModeController] Setting mode to: off
[90mstdout[2m | src/components/Workbook/WorkbookProgress.stories.tsx[2m > [22m[2mCompact
[22m[39m[FilesContext] Initializing vector store from IndexedDB
[90mstdout[2m | src/components/Workbook/WorkbookProgress.stories.tsx[2m > [22m[2mCompact
[22m[39m[FilesContext] fetchFiles called
[90mstdout[2m | src/components/Workbook/WorkbookProgress.stories.tsx[2m > [22m[2mCompact
[22m[39m[FilesContext] User authenticated: mock-user-sub
[90mstdout[2m | src/components/Workbook/WorkbookProgress.stories.tsx[2m > [22m[2mCompact
[22m[39m[FilesContext] Identity ID: us-east-1:mock-identity-123
[90mstdout[2m | src/components/Workbook/WorkbookProgress.stories.tsx[2m > [22m[2mCompact
[22m[39m[FilesContext] About to set up File observeQuery
[90mstdout[2m | src/components/Workbook/WorkbookProgress.stories.tsx[2m > [22m[2mCompact
[22m[39m[ChatContext] Setting up AssistantChat observeQuery
[90mstdout[2m | src/components/Workbook/WorkbookProgress.stories.tsx[2m > [22m[2mCompact
[22m[39m[ChatContext] Waiting for subscription to initialize
[90mstdout[2m | src/components/Workbook/WorkbookProgress.stories.tsx[2m > [22m[2mCompact
[22m[39m[SettingsContext] Setting up Settings subscription for user: mock-user-sub
[90mstdout[2m | src/components/Workbook/WorkbookProgress.stories.tsx[2m > [22m[2mCompact
[22m[39m[Mock Data] Settings created: mock-settings-1790416452598 - notified 0 subscribers
[90mstdout[2m | src/components/Workbook/WorkbookProgress.stories.tsx[2m > [22m[2mCompact
[22m[39m[FilesContext] File observeQuery update: 6 files
[90mstdout[2m | src/components/Workbook/WorkbookProgress.stories.tsx[2m > [22m[2mCompact
[22m[39m[ChatContext] AssistantChat initialized with 1 chats
[90mstdout[2m | src/components/Workbook/WorkbookProgress.stories.tsx[2m > [22m[2mCompact
[22m[39m[ChatContext] Setting initial chat: mock-assistant-chat-1
[90mstdout[2m | src/components/Workbook/WorkbookProgress.stories.tsx[2m > [22m[2mCompact
[22m[39m[MOCK CourseVectorStore] Initialized with mock data
[90mstdout[2m | src/components/Workbook/WorkbookProgress.stories.tsx[2m > [22m[2mCompact
[22m[39m[FilesContext] Vector store population triggered {
  "currentVectorStoreSize": 3,
  "documentsCount": 0,
  "filesCount": 6,
  "isInitialLoad": true,
}
[90mstdout[2m | src/components/Workbook/WorkbookProgress.stories.tsx[2m > [22m[2mCompact
[22m[39m[FilesContext] Vector store population complete - 3 total embeddings
[90mstdout[2m | src/components/Workbook/WorkbookProgress.stories.tsx[2m > [22m[2mCompact
[22m[39m[ChatContext] Chat exists and not archived, skipping creation
[90mstdout[2m | src/components/Workbook/WorkbookProgress.stories.tsx[2m > [22m[2mCompact
[22m[39m[Mock Storage] downloadData called with: undefined
[90mstdout[2m | src/components/Workbook/WorkbookProgress.stories.tsx[2m > [22m[2mDetailed
[22m[39m[ChatContext] Cleaning up subscriptions
[90mstdout[2m | src/components/Workbook/WorkbookProgress.stories.tsx[2m > [22m[2mDetailed
[22m[39m[MOCK CourseVectorStore] Initialized with mock data
[90mstdout[2m | src/components/Workbook/WorkbookProgress.stories.tsx[2m > [22m[2mDetailed
[22m[39m[TranslationModeController] Setting mode to: off
[90mstdout[2m | src/components/Workbook/WorkbookProgress.stories.tsx[2m > [22m[2mDetailed
[22m[39m[FilesContext] Initializing vector store from IndexedDB
[90mstdout[2m | src/components/Workbook/WorkbookProgress.stories.tsx[2m > [22m[2mDetailed
[22m[39m[FilesContext] fetchFiles called
[90mstdout[2m | src/components/Workbook/WorkbookProgress.stories.tsx[2m > [22m[2mDetailed
[22m[39m[FilesContext] User authenticated: mock-user-sub
[90mstdout[2m | src/components/Workbook/WorkbookProgress.stories.tsx[2m > [22m[2mDetailed
[22m[39m[FilesContext] Identity ID: us-east-1:mock-identity-123
[90mstdout[2m | src/components/Workbook/WorkbookProgress.stories.tsx[2m > [22m[2mDetailed
[22m[39m[FilesContext] About to set up File observeQuery
[90mstdout[2m | src/components/Workbook/WorkbookProgress.stories.tsx[2m > [22m[2mDetailed
[22m[39m[ChatContext] Setting up AssistantChat observeQuery
[90mstdout[2m | src/components/Workbook/WorkbookProgress.stories.tsx[2m > [22m[2mDetailed
[22m[39m[ChatContext] Waiting for subscription to initialize
[90mstdout[2m | src/components/Workbook/WorkbookProgress.stories.tsx[2m > [22m[2mDetailed
[22m[39m[SettingsContext] Setting up Settings subscription for user: mock-user-sub
[90mstdout[2m | src/components/Workbook/WorkbookProgress.stories.tsx[2m > [22m[2mDetailed
[22m[39m[Mock Data] Settings created: mock-settings-1790416452723 - notified 0 subscribers
[90mstdout[2m | src/components/Workbook/WorkbookProgress.stories.tsx[2m > [22m[2mDetailed
[22m[39m[FilesContext] File observeQuery update: 6 files
[90mstdout[2m | src/components/Workbook/WorkbookProgress.stories.tsx[2m > [22m[2mDetailed
[22m[39m[ChatContext] AssistantChat initialized with 1 chats
[90mstdout[2m | src/components/Workbook/WorkbookProgress.stories.tsx[2m > [22m[2mDetailed
[22m[39m[ChatContext] Setting initial chat: mock-assistant-chat-1
[90mstdout[2m | src/components/Workbook/WorkbookProgress.stories.tsx[2m > [22m[2mDetailed
[22m[39m[Mock Storage] downloadData called with: undefined
[90mstdout[2m | src/components/Workbook/WorkbookProgress.stories.tsx[2m > [22m[2mDetailed
[22m[39m[MOCK CourseVectorStore] Initialized with mock data
[90mstdout[2m | src/components/Workbook/WorkbookProgress.stories.tsx[2m > [22m[2mDetailed
[22m[39m[FilesContext] Vector store population triggered {
  "currentVectorStoreSize": 3,
  "documentsCount": 0,
  "filesCount": 6,
  "isInitialLoad": true,
}
[90mstdout[2m | src/components/Workbook/WorkbookProgress.stories.tsx[2m > [22m[2mDetailed
[22m[39m[FilesContext] Vector store population complete - 3 total embeddings
[90mstdout[2m | src/components/Workbook/WorkbookProgress.stories.tsx[2m > [22m[2mDetailed
[22m[39m[ChatContext] Chat exists and not archived, skipping creation
[90mstdout[2m | src/components/Workbook/WorkbookProgress.stories.tsx[2m > [22m[2mComplete
[22m[39m[ChatContext] Cleaning up subscriptions
[90mstdout[2m | src/components/Workbook/WorkbookProgress.stories.tsx[2m > [22m[2mComplete
[22m[39m[MOCK CourseVectorStore] Initialized with mock data
[90mstdout[2m | src/components/Workbook/WorkbookProgress.stories.tsx[2m > [22m[2mComplete
[22m[39m[TranslationModeController] Setting mode to: off
[90mstdout[2m | src/components/Workbook/WorkbookProgress.stories.tsx[2m > [22m[2mComplete
[22m[39m[FilesContext] Initializing vector store from IndexedDB
[90mstdout[2m | src/components/Workbook/WorkbookProgress.stories.tsx[2m > [22m[2mComplete
[22m[39m[FilesContext] fetchFiles called
[90mstdout[2m | src/components/Workbook/WorkbookProgress.stories.tsx[2m > [22m[2mComplete
[22m[39m[FilesContext] User authenticated: mock-user-sub
[90mstdout[2m | src/components/Workbook/WorkbookProgress.stories.tsx[2m > [22m[2mComplete
[22m[39m[FilesContext] Identity ID: us-east-1:mock-identity-123
[90mstdout[2m | src/components/Workbook/WorkbookProgress.stories.tsx[2m > [22m[2mComplete
[22m[39m[FilesContext] About to set up File observeQuery
[90mstdout[2m | src/components/Workbook/WorkbookProgress.stories.tsx[2m > [22m[2mComplete
[22m[39m[ChatContext] Setting up AssistantChat observeQuery
[90mstdout[2m | src/components/Workbook/WorkbookProgress.stories.tsx[2m > [22m[2mComplete
[22m[39m[ChatContext] Waiting for subscription to initialize
[90mstdout[2m | src/components/Workbook/WorkbookProgress.stories.tsx[2m > [22m[2mComplete
[22m[39m[SettingsContext] Setting up Settings subscription for user: mock-user-sub
[90mstdout[2m | src/components/Workbook/WorkbookProgress.stories.tsx[2m > [22m[2mComplete
[22m[39m[Mock Data] Settings created: mock-settings-1790416452836 - notified 0 subscribers
[90mstdout[2m | src/components/Workbook/WorkbookProgress.stories.tsx[2m > [22m[2mComplete
[22m[39m[FilesContext] File observeQuery update: 6 files
[90mstdout[2m | src/components/Workbook/WorkbookProgress.stories.tsx[2m > [22m[2mComplete
[22m[39m[ChatContext] AssistantChat initialized with 1 chats
[90mstdout[2m | src/components/Workbook/WorkbookProgress.stories.tsx[2m > [22m[2mComplete
[22m[39m[ChatContext] Setting initial chat: mock-assistant-chat-1
[90mstdout[2m | src/components/Workbook/WorkbookProgress.stories.tsx[2m > [22m[2mComplete
[22m[39m[MOCK CourseVectorStore] Initialized with mock data
[90mstdout[2m | src/components/Workbook/WorkbookProgress.stories.tsx[2m > [22m[2mComplete
[22m[39m[FilesContext] Vector store population triggered {
  "currentVectorStoreSize": 3,
  "documentsCount": 0,
  "filesCount": 6,
  "isInitialLoad": true,
}
[90mstdout[2m | src/components/Workbook/WorkbookProgress.stories.tsx[2m > [22m[2mComplete
[22m[39m[FilesContext] Vector store population complete - 3 total embeddings
[90mstdout[2m | src/components/Workbook/WorkbookProgress.stories.tsx[2m > [22m[2mComplete
[22m[39m[ChatContext] Chat exists and not archived, skipping creation
[90mstdout[2m | src/components/Workbook/WorkbookProgress.stories.tsx[2m > [22m[2mComplete
[22m[39m[Mock Storage] downloadData called with: undefined
[90mstdout[2m | src/components/Workbook/WorkbookProgress.stories.tsx[2m > [22m[2mJust Started
[22m[39m[ChatContext] Cleaning up subscriptions
[90mstdout[2m | src/components/Workbook/WorkbookProgress.stories.tsx[2m > [22m[2mJust Started
[22m[39m[MOCK CourseVectorStore] Initialized with mock data
[90mstdout[2m | src/components/Workbook/WorkbookProgress.stories.tsx[2m > [22m[2mJust Started
[22m[39m[TranslationModeController] Setting mode to: off
[90mstdout[2m | src/components/Workbook/WorkbookProgress.stories.tsx[2m > [22m[2mJust Started
[22m[39m[FilesContext] Initializing vector store from IndexedDB
[90mstdout[2m | src/components/Workbook/WorkbookProgress.stories.tsx[2m > [22m[2mJust Started
[22m[39m[FilesContext] fetchFiles called
[90mstdout[2m | src/components/Workbook/WorkbookProgress.stories.tsx[2m > [22m[2mJust Started
[22m[39m[FilesContext] User authenticated: mock-user-sub
[90mstdout[2m | src/components/Workbook/WorkbookProgress.stories.tsx[2m > [22m[2mJust Started
[22m[39m[FilesContext] Identity ID: us-east-1:mock-identity-123
[90mstdout[2m | src/components/Workbook/WorkbookProgress.stories.tsx[2m > [22m[2mJust Started
[22m[39m[FilesContext] About to set up File observeQuery
[90mstdout[2m | src/components/Workbook/WorkbookProgress.stories.tsx[2m > [22m[2mJust Started
[22m[39m[ChatContext] Setting up AssistantChat observeQuery
[90mstdout[2m | src/components/Workbook/WorkbookProgress.stories.tsx[2m > [22m[2mJust Started
[22m[39m[ChatContext] Waiting for subscription to initialize
[90mstdout[2m | src/components/Workbook/WorkbookProgress.stories.tsx[2m > [22m[2mJust Started
[22m[39m[SettingsContext] Setting up Settings subscription for user: mock-user-sub
[90mstdout[2m | src/components/Workbook/WorkbookProgress.stories.tsx[2m > [22m[2mJust Started
[22m[39m[Mock Data] Settings created: mock-settings-1790416452954 - notified 0 subscribers
[90mstdout[2m | src/components/Workbook/WorkbookProgress.stories.tsx[2m > [22m[2mJust Started
[22m[39m[FilesContext] File observeQuery update: 6 files
[90mstdout[2m | src/components/Workbook/WorkbookProgress.stories.tsx[2m > [22m[2mJust Started
[22m[39m[ChatContext] AssistantChat initialized with 1 chats
[90mstdout[2m | src/components/Workbook/WorkbookProgress.stories.tsx[2m > [22m[2mJust Started
[22m[39m[ChatContext] Setting initial chat: mock-assistant-chat-1
[90mstdout[2m | src/components/Workbook/WorkbookProgress.stories.tsx[2m > [22m[2mJust Started
[22m[39m[Mock Storage] downloadData called with: undefined
[90mstdout[2m | src/components/Workbook/WorkbookProgress.stories.tsx[2m > [22m[2mJust Started
[22m[39m[MOCK CourseVectorStore] Initialized with mock data
[90mstdout[2m | src/components/Workbook/WorkbookProgress.stories.tsx[2m > [22m[2mJust Started
[22m[39m[FilesContext] Vector store population triggered {
  "currentVectorStoreSize": 3,
  "documentsCount": 0,
  "filesCount": 6,
  "isInitialLoad": true,
}
[90mstdout[2m | src/components/Workbook/WorkbookProgress.stories.tsx[2m > [22m[2mJust Started
[22m[39m[FilesContext] Vector store population complete - 3 total embeddings
[90mstdout[2m | src/components/Workbook/WorkbookProgress.stories.tsx[2m > [22m[2mJust Started
[22m[39m[ChatContext] Chat exists and not archived, skipping creation
[90mstdout[2m | src/components/Workbook/WorkbookProgress.stories.tsx[2m > [22m[2mDisabled
[22m[39m[ChatContext] Cleaning up subscriptions
[90mstdout[2m | src/components/Workbook/WorkbookProgress.stories.tsx[2m > [22m[2mDisabled
[22m[39m[MOCK CourseVectorStore] Initialized with mock data
[90mstdout[2m | src/components/Workbook/WorkbookProgress.stories.tsx[2m > [22m[2mDisabled
[22m[39m[TranslationModeController] Setting mode to: off
[90mstdout[2m | src/components/Workbook/WorkbookProgress.stories.tsx[2m > [22m[2mDisabled
[22m[39m[FilesContext] Initializing vector store from IndexedDB
[90mstdout[2m | src/components/Workbook/WorkbookProgress.stories.tsx[2m > [22m[2mDisabled
[22m[39m[FilesContext] fetchFiles called
[90mstdout[2m | src/components/Workbook/WorkbookProgress.stories.tsx[2m > [22m[2mDisabled
[22m[39m[FilesContext] User authenticated: mock-user-sub
[90mstdout[2m | src/components/Workbook/WorkbookProgress.stories.tsx[2m > [22m[2mDisabled
[22m[39m[FilesContext] Identity ID: us-east-1:mock-identity-123
[90mstdout[2m | src/components/Workbook/WorkbookProgress.stories.tsx[2m > [22m[2mDisabled
[22m[39m[FilesContext] About to set up File observeQuery
[90mstdout[2m | src/components/Workbook/WorkbookProgress.stories.tsx[2m > [22m[2mDisabled
[22m[39m[ChatContext] Setting up AssistantChat observeQuery
[90mstdout[2m | src/components/Workbook/WorkbookProgress.stories.tsx[2m > [22m[2mDisabled
[22m[39m[ChatContext] Waiting for subscription to initialize
[90mstdout[2m | src/components/Workbook/WorkbookProgress.stories.tsx[2m > [22m[2mDisabled
[22m[39m[SettingsContext] Setting up Settings subscription for user: mock-user-sub
[90mstdout[2m | src/components/Workbook/WorkbookProgress.stories.tsx[2m > [22m[2mDisabled
[22m[39m[Mock Data] Settings created: mock-settings-1790416453038 - notified 0 subscribers
[90mstdout[2m | src/components/Workbook/WorkbookProgress.stories.tsx[2m > [22m[2mDisabled
[22m[39m[Mock Storage] downloadData called with: undefined
[90mstdout[2m | src/components/Workbook/WorkbookProgress.stories.tsx[2m > [22m[2mDisabled
[22m[39m[FilesContext] File observeQuery update: 6 files
[90mstdout[2m | src/components/Workbook/WorkbookProgress.stories.tsx[2m > [22m[2mDisabled
[22m[39m[ChatContext] AssistantChat initialized with 1 chats
[90mstdout[2m | src/components/Workbook/WorkbookProgress.stories.tsx[2m > [22m[2mDisabled
[22m[39m[ChatContext] Setting initial chat: mock-assistant-chat-1
[90mstdout[2m | src/components/Workbook/WorkbookProgress.stories.tsx[2m > [22m[2mDisabled
[22m[39m[MOCK CourseVectorStore] Initialized with mock data
[90mstdout[2m | src/components/Workbook/WorkbookProgress.stories.tsx[2m > [22m[2mDisabled
[22m[39m[FilesContext] Vector store population triggered {
  "currentVectorStoreSize": 3,
  "documentsCount": 0,
  "filesCount": 6,
  "isInitialLoad": true,
}
[90mstdout[2m | src/components/Workbook/WorkbookProgress.stories.tsx[2m > [22m[2mDisabled
[22m[39m[FilesContext] Vector store population complete - 3 total embeddings
[90mstdout[2m | src/components/Workbook/WorkbookProgress.stories.tsx[2m > [22m[2mDisabled
[22m[39m[ChatContext] Chat exists and not archived, skipping creation
 [32m✓[39m [30m[45m storybook (chromium) [49m[39m src/components/Workbook/WorkbookProgress.stories.tsx [2m([22m[2m6 tests[22m[2m)[22m[33m 689[2mms[22m[39m
[90mstdout[2m | unknown test
[22m[39m[MOCK vectorStoreDB.js] Module loaded - mock IndexedDB operations
[90mstdout[2m | unknown test
[22m[39m[Task Completion] DOM action listeners initialized
[90mstdout[2m | unknown test
[22m[39m[Task Completion] Auto-completion detector initialized
[90mstdout[2m | unknown test
[22m[39m[Preview] Task completion detector initialized
[90mstdout[2m | src/components/StorageManagement.stories.tsx[2m > [22m[2mDefault
[22m[39m[TranslationModeController] Setting mode to: off
[90mstdout[2m | src/components/StorageManagement.stories.tsx[2m > [22m[2mEmpty State
[22m[39m[TranslationModeController] Setting mode to: off
 [32m✓[39m [30m[45m storybook (chromium) [49m[39m src/components/StorageManagement.stories.tsx [2m([22m[2m2 tests[22m[2m)[22m[33m 444[2mms[22m[39m
[90mstdout[2m | unknown test
[22m[39m[MOCK vectorStoreDB.js] Module loaded - mock IndexedDB operations
[90mstdout[2m | unknown test
[22m[39m[Task Completion] DOM action listeners initialized
[90mstdout[2m | unknown test
[22m[39m[Task Completion] Auto-completion detector initialized
[90mstdout[2m | unknown test
[22m[39m[Preview] Task completion detector initialized
[90mstdout[2m | src/components/Gamification/DiceBearAvatar.stories.tsx[2m > [22m[2mDefault
[22m[39m[TranslationModeController] Setting mode to: off
[90mstdout[2m | src/components/Gamification/DiceBearAvatar.stories.tsx[2m > [22m[2mAll Styles
[22m[39m[TranslationModeController] Setting mode to: off
[90mstdout[2m | src/components/Gamification/DiceBearAvatar.stories.tsx[2m > [22m[2mLocked Vs Unlocked
[22m[39m[TranslationModeController] Setting mode to: off
[90mstdout[2m | src/components/Gamification/DiceBearAvatar.stories.tsx[2m > [22m[2mTier Progression
[22m[39m[TranslationModeController] Setting mode to: off
[90mstdout[2m | src/components/Gamification/DiceBearAvatar.stories.tsx[2m > [22m[2mDifferent Seeds
[22m[39m[TranslationModeController] Setting mode to: off
 [32m✓[39m [30m[45m storybook (chromium) [49m[39m src/components/Gamification/DiceBearAvatar.stories.tsx [2m([22m[2m5 tests[22m[2m)[22m[33m 1356[2mms[22m[39m
   [33m[2m✓[22m[39m Default [33m 312[2mms[22m[39m
   [33m[2m✓[22m[39m Different Seeds [33m 362[2mms[22m[39m
[90mstdout[2m | unknown test
[22m[39m[MOCK vectorStoreDB.js] Module loaded - mock IndexedDB operations
[90mstdout[2m | unknown test
[22m[39m[Task Completion] DOM action listeners initialized
[90mstdout[2m | unknown test
[22m[39m[Task Completion] Auto-completion detector initialized
[90mstdout[2m | unknown test
[22m[39m[Preview] Task completion detector initialized
[90mstdout[2m | src/components/CollaborativeChat/MessageInput.stories.tsx[2m > [22m[2mDefault
[22m[39m[TranslationModeController] Setting mode to: off
[90mstdout[2m | src/components/CollaborativeChat/MessageInput.stories.tsx[2m > [22m[2mWith Reply
[22m[39m[TranslationModeController] Setting mode to: off
[90mstdout[2m | src/components/CollaborativeChat/MessageInput.stories.tsx[2m > [22m[2mDisabled
[22m[39m[TranslationModeController] Setting mode to: off
[90mstdout[2m | src/components/CollaborativeChat/MessageInput.stories.tsx[2m > [22m[2mNo Members
[22m[39m[TranslationModeController] Setting mode to: off
 [32m✓[39m [30m[45m storybook (chromium) [49m[39m src/components/CollaborativeChat/MessageInput.stories.tsx [2m([22m[2m4 tests[22m[2m)[22m[33m 1221[2mms[22m[39m
   [33m[2m✓[22m[39m Default [33m 519[2mms[22m[39m
   [33m[2m✓[22m[39m No Members [33m 454[2mms[22m[39m
[90mstdout[2m | unknown test
[22m[39m[MOCK vectorStoreDB.js] Module loaded - mock IndexedDB operations
[90mstdout[2m | unknown test
[22m[39m[Task Completion] DOM action listeners initialized
[90mstdout[2m | unknown test
[22m[39m[Task Completion] Auto-completion detector initialized
[90mstdout[2m | unknown test
[22m[39m[Preview] Task completion detector initialized
[90mstdout[2m | src/components/SkillTreeEditor.stories.tsx[2m > [22m[2mDefault
[22m[39m[TranslationModeController] Setting mode to: off
[90mstdout[2m | src/components/SkillTreeEditor.stories.tsx[2m > [22m[2mEdit Existing
[22m[39m[TranslationModeController] Setting mode to: off
[90mstdout[2m | src/components/SkillTreeEditor.stories.tsx[2m > [22m[2mEmpty Section
[22m[39m[TranslationModeController] Setting mode to: off
[90mstdout[2m | src/components/SkillTreeEditor.stories.tsx[2m > [22m[2mSubmitting
[22m[39m[TranslationModeController] Setting mode to: off
[90mstdout[2m | src/components/SkillTreeEditor.stories.tsx[2m > [22m[2mHigh Accuracy
[22m[39m[TranslationModeController] Setting mode to: off
 [32m✓[39m [30m[45m storybook (chromium) [49m[39m src/components/SkillTreeEditor.stories.tsx [2m([22m[2m5 tests[22m[2m)[22m[33m 1511[2mms[22m[39m
   [33m[2m✓[22m[39m Default [33m 334[2mms[22m[39m
   [33m[2m✓[22m[39m Edit Existing [33m 334[2mms[22m[39m
   [33m[2m✓[22m[39m High Accuracy [33m 348[2mms[22m[39m
[90mstdout[2m | unknown test
[22m[39m[MOCK vectorStoreDB.js] Module loaded - mock IndexedDB operations
[90mstdout[2m | unknown test
[22m[39m[Task Completion] DOM action listeners initialized
[90mstdout[2m | unknown test
[22m[39m[Task Completion] Auto-completion detector initialized
[90mstdout[2m | unknown test
[22m[39m[Preview] Task completion detector initialized
[90mstdout[2m | src/components/Editor3/plugins/FloatingLinkEditorPlugin.stories.jsx[2m > [22m[2mEditable Empty
[22m[39m[Preview] Skipped initializing default mock data (initializeMockData=false)
[90mstdout[2m | src/components/Editor3/plugins/FloatingLinkEditorPlugin.stories.jsx[2m > [22m[2mEditable Empty
[22m[39m[Mock Data] seedMockUnit: Adding unit floating-link-story-unit
[90mstdout[2m | src/components/Editor3/plugins/FloatingLinkEditorPlugin.stories.jsx[2m > [22m[2mEditable Empty
[22m[39m[MOCK CourseVectorStore] Initialized with mock data
[90mstdout[2m | src/components/Editor3/plugins/FloatingLinkEditorPlugin.stories.jsx[2m > [22m[2mEditable Empty
[22m[39m[TranslationModeController] Setting mode to: off
[90mstdout[2m | src/components/Editor3/plugins/FloatingLinkEditorPlugin.stories.jsx[2m > [22m[2mEditable Empty
[22m[39m[UnitContext] useEffect triggered {
  "authLoading": false,
  "hasUser": true,
  "id": "floating-link-story-unit",
  "userSub": "mock-user-sub",
}
[90mstdout[2m | src/components/Editor3/plugins/FloatingLinkEditorPlugin.stories.jsx[2m > [22m[2mEditable Empty
[22m[39m[UnitContext] Fetching unit data for id: floating-link-story-unit
[90mstdout[2m | src/components/Editor3/plugins/FloatingLinkEditorPlugin.stories.jsx[2m > [22m[2mEditable Empty
[22m[39m[FilesContext] Initializing vector store from IndexedDB
[90mstdout[2m | src/components/Editor3/plugins/FloatingLinkEditorPlugin.stories.jsx[2m > [22m[2mEditable Empty
[22m[39m[FilesContext] fetchFiles called
[90mstdout[2m | src/components/Editor3/plugins/FloatingLinkEditorPlugin.stories.jsx[2m > [22m[2mEditable Empty
[22m[39m[FilesContext] User authenticated: mock-user-sub
[90mstdout[2m | src/components/Editor3/plugins/FloatingLinkEditorPlugin.stories.jsx[2m > [22m[2mEditable Empty
[22m[39m[FilesContext] Identity ID: us-east-1:mock-identity-123
[90mstdout[2m | src/components/Editor3/plugins/FloatingLinkEditorPlugin.stories.jsx[2m > [22m[2mEditable Empty
[22m[39m[FilesContext] About to set up File observeQuery
[90mstdout[2m | src/components/Editor3/plugins/FloatingLinkEditorPlugin.stories.jsx[2m > [22m[2mEditable Empty
[22m[39m[ChatContext] Setting up AssistantChat observeQuery
[90mstdout[2m | src/components/Editor3/plugins/FloatingLinkEditorPlugin.stories.jsx[2m > [22m[2mEditable Empty
[22m[39m[ChatContext] Waiting for subscription to initialize
[90mstdout[2m | src/components/Editor3/plugins/FloatingLinkEditorPlugin.stories.jsx[2m > [22m[2mEditable Empty
[22m[39m[SettingsContext] Setting up Settings subscription for user: mock-user-sub
[90mstdout[2m | src/components/Editor3/plugins/FloatingLinkEditorPlugin.stories.jsx[2m > [22m[2mEditable Empty
[22m[39m[Mock Data] Settings created: mock-settings-1790416469798 - notified 0 subscribers
[90mstdout[2m | src/components/Editor3/plugins/FloatingLinkEditorPlugin.stories.jsx[2m > [22m[2mEditable Empty
[22m[39m[Mock Data] Unit.onUpdate() subscription added. Total: 1
[90mstdout[2m | src/components/Editor3/plugins/FloatingLinkEditorPlugin.stories.jsx[2m > [22m[2mEditable Empty
[22m[39m[SectionContext] Section observeQuery update: 0
[90mstdout[2m | src/components/Editor3/plugins/FloatingLinkEditorPlugin.stories.jsx[2m > [22m[2mEditable Empty
[22m[39m[FilesContext] File observeQuery update: 0 files
[90mstdout[2m | src/components/Editor3/plugins/FloatingLinkEditorPlugin.stories.jsx[2m > [22m[2mEditable Empty
[22m[39m[ChatContext] AssistantChat initialized with 0 chats
[90mstdout[2m | src/components/Editor3/plugins/FloatingLinkEditorPlugin.stories.jsx[2m > [22m[2mEditable Empty
[22m[39m[MOCK CourseVectorStore] Initialized with mock data
[90mstdout[2m | src/components/Editor3/plugins/FloatingLinkEditorPlugin.stories.jsx[2m > [22m[2mEditable Empty
[22m[39m[ChatContext] No current chat available, will create one
[90mstdout[2m | src/components/Editor3/plugins/FloatingLinkEditorPlugin.stories.jsx[2m > [22m[2mEditable Empty
[22m[39m[ChatContext] Creating AssistantChat with user: undefined
[90mstdout[2m | src/components/Editor3/plugins/FloatingLinkEditorPlugin.stories.jsx[2m > [22m[2mEditable Empty
[22m[39m[Mock Data] AssistantChat created: mock-assistantchat-1790416469839 - notified 1 subscribers
[90mstdout[2m | src/components/Editor3/plugins/FloatingLinkEditorPlugin.stories.jsx[2m > [22m[2mEditable Empty
[22m[39m[ChatContext] Create result: {
  "data": {
    "_version": 1,
    "archived": false,
    "chatFiles": [Function anonymous],
    "createdAt": "2026-09-26T09:54:29.839Z",
    "id": "mock-assistantchat-1790416469839",
    "model": "gpt-4",
    "updatedAt": "2026-09-26T09:54:29.839Z",
  },
  "errors": [],
  "hasData": true,
  "hasErrors": true,
}
[90mstdout[2m | src/components/Editor3/plugins/FloatingLinkEditorPlugin.stories.jsx[2m > [22m[2mEditable Empty
[22m[39m[ChatContext] Created AssistantChat: mock-assistantchat-1790416469839 at: 2026-09-26T09:54:29.839Z
[90mstdout[2m | src/components/Editor3/plugins/FloatingLinkEditorPlugin.stories.jsx[2m > [22m[2mEditable Empty
[22m[39m[Mock Storage] downloadData called with: undefined
[90mstdout[2m | src/components/Editor3/plugins/FloatingLinkEditorPlugin.stories.jsx[2m > [22m[2mEditable Empty
[22m[39m[ChatContext] Setting initial chat: mock-assistantchat-1790416469839
[90mstdout[2m | src/components/Editor3/plugins/FloatingLinkEditorPlugin.stories.jsx[2m > [22m[2mEditable Empty
[22m[39m[ChatContext] Chat exists and not archived, skipping creation
[90mstdout[2m | src/components/Editor3/plugins/FloatingLinkEditorPlugin.stories.jsx[2m > [22m[2mEditable With Links
[22m[39m[ChatContext] Cleaning up subscriptions
[90mstdout[2m | src/components/Editor3/plugins/FloatingLinkEditorPlugin.stories.jsx[2m > [22m[2mEditable With Links
[22m[39m[Mock Data] Unit.onUpdate() subscription removed. Remaining: 0
[90mstdout[2m | src/components/Editor3/plugins/FloatingLinkEditorPlugin.stories.jsx[2m > [22m[2mEditable With Links
[22m[39m[Preview] Skipped initializing default mock data (initializeMockData=false)
[90mstdout[2m | src/components/Editor3/plugins/FloatingLinkEditorPlugin.stories.jsx[2m > [22m[2mEditable With Links
[22m[39m[Mock Data] seedMockUnit: Adding unit floating-link-story-unit
[90mstdout[2m | src/components/Editor3/plugins/FloatingLinkEditorPlugin.stories.jsx[2m > [22m[2mEditable With Links
[22m[39m[MOCK CourseVectorStore] Initialized with mock data
[90mstdout[2m | src/components/Editor3/plugins/FloatingLinkEditorPlugin.stories.jsx[2m > [22m[2mEditable With Links
[22m[39m[TranslationModeController] Setting mode to: off
[90mstdout[2m | src/components/Editor3/plugins/FloatingLinkEditorPlugin.stories.jsx[2m > [22m[2mEditable With Links
[22m[39m[UnitContext] useEffect triggered {
  "authLoading": false,
  "hasUser": true,
  "id": "floating-link-story-unit",
  "userSub": "mock-user-sub",
}
[90mstdout[2m | src/components/Editor3/plugins/FloatingLinkEditorPlugin.stories.jsx[2m > [22m[2mEditable With Links
[22m[39m[UnitContext] Fetching unit data for id: floating-link-story-unit
[90mstdout[2m | src/components/Editor3/plugins/FloatingLinkEditorPlugin.stories.jsx[2m > [22m[2mEditable With Links
[22m[39m[FilesContext] Initializing vector store from IndexedDB
[90mstdout[2m | src/components/Editor3/plugins/FloatingLinkEditorPlugin.stories.jsx[2m > [22m[2mEditable With Links
[22m[39m[FilesContext] fetchFiles called
[90mstdout[2m | src/components/Editor3/plugins/FloatingLinkEditorPlugin.stories.jsx[2m > [22m[2mEditable With Links
[22m[39m[FilesContext] User authenticated: mock-user-sub
[90mstdout[2m | src/components/Editor3/plugins/FloatingLinkEditorPlugin.stories.jsx[2m > [22m[2mEditable With Links
[22m[39m[FilesContext] Identity ID: us-east-1:mock-identity-123
[90mstdout[2m | src/components/Editor3/plugins/FloatingLinkEditorPlugin.stories.jsx[2m > [22m[2mEditable With Links
[22m[39m[FilesContext] About to set up File observeQuery
[90mstdout[2m | src/components/Editor3/plugins/FloatingLinkEditorPlugin.stories.jsx[2m > [22m[2mEditable With Links
[22m[39m[ChatContext] Setting up AssistantChat observeQuery
[90mstdout[2m | src/components/Editor3/plugins/FloatingLinkEditorPlugin.stories.jsx[2m > [22m[2mEditable With Links
[22m[39m[ChatContext] Waiting for subscription to initialize
[90mstdout[2m | src/components/Editor3/plugins/FloatingLinkEditorPlugin.stories.jsx[2m > [22m[2mEditable With Links
[22m[39m[SettingsContext] Setting up Settings subscription for user: mock-user-sub
[90mstdout[2m | src/components/Editor3/plugins/FloatingLinkEditorPlugin.stories.jsx[2m > [22m[2mEditable With Links
[22m[39m[Mock Data] Settings created: mock-settings-1790416470256 - notified 0 subscribers
[90mstdout[2m | src/components/Editor3/plugins/FloatingLinkEditorPlugin.stories.jsx[2m > [22m[2mEditable With Links
[22m[39m[Mock Data] Unit.onUpdate() subscription added. Total: 1
[90mstdout[2m | src/components/Editor3/plugins/FloatingLinkEditorPlugin.stories.jsx[2m > [22m[2mEditable With Links
[22m[39m[SectionContext] Section observeQuery update: 0
[90mstdout[2m | src/components/Editor3/plugins/FloatingLinkEditorPlugin.stories.jsx[2m > [22m[2mEditable With Links
[22m[39m[FilesContext] File observeQuery update: 0 files
[90mstdout[2m | src/components/Editor3/plugins/FloatingLinkEditorPlugin.stories.jsx[2m > [22m[2mEditable With Links
[22m[39m[ChatContext] AssistantChat initialized with 0 chats
[90mstdout[2m | src/components/Editor3/plugins/FloatingLinkEditorPlugin.stories.jsx[2m > [22m[2mEditable With Links
[22m[39m[MOCK CourseVectorStore] Initialized with mock data
[90mstdout[2m | src/components/Editor3/plugins/FloatingLinkEditorPlugin.stories.jsx[2m > [22m[2mEditable With Links
[22m[39m[ChatContext] No current chat available, will create one
[90mstdout[2m | src/components/Editor3/plugins/FloatingLinkEditorPlugin.stories.jsx[2m > [22m[2mEditable With Links
[22m[39m[ChatContext] Creating AssistantChat with user: undefined
[90mstdout[2m | src/components/Editor3/plugins/FloatingLinkEditorPlugin.stories.jsx[2m > [22m[2mEditable With Links
[22m[39m[Mock Data] AssistantChat created: mock-assistantchat-1790416470269 - notified 1 subscribers
[90mstdout[2m | src/components/Editor3/plugins/FloatingLinkEditorPlugin.stories.jsx[2m > [22m[2mEditable With Links
[22m[39m[ChatContext] Create result: {
  "data": {
    "_version": 1,
    "archived": false,
    "chatFiles": [Function anonymous],
    "createdAt": "2026-09-26T09:54:30.269Z",
    "id": "mock-assistantchat-1790416470269",
    "model": "gpt-4",
    "updatedAt": "2026-09-26T09:54:30.269Z",
  },
  "errors": [],
  "hasData": true,
  "hasErrors": true,
}
[90mstdout[2m | src/components/Editor3/plugins/FloatingLinkEditorPlugin.stories.jsx[2m > [22m[2mEditable With Links
[22m[39m[ChatContext] Created AssistantChat: mock-assistantchat-1790416470269 at: 2026-09-26T09:54:30.269Z
[90mstdout[2m | src/components/Editor3/plugins/FloatingLinkEditorPlugin.stories.jsx[2m > [22m[2mEditable With Links
[22m[39m[Mock Storage] downloadData called with: undefined
[90mstdout[2m | src/components/Editor3/plugins/FloatingLinkEditorPlugin.stories.jsx[2m > [22m[2mEditable With Links
[22m[39m[ChatContext] Setting initial chat: mock-assistantchat-1790416470269
[90mstdout[2m | src/components/Editor3/plugins/FloatingLinkEditorPlugin.stories.jsx[2m > [22m[2mEditable With Links
[22m[39m[ChatContext] Chat exists and not archived, skipping creation
 [32m✓[39m [30m[45m storybook (chromium) [49m[39m src/components/Editor3/plugins/FloatingLinkEditorPlugin.stories.jsx [2m([22m[2m2 tests[22m[2m)[22m[33m 788[2mms[22m[39m
   [33m[2m✓[22m[39m Editable Empty [33m 568[2mms[22m[39m
[90mstdout[2m | unknown test
[22m[39m[MOCK vectorStoreDB.js] Module loaded - mock IndexedDB operations
[90mstdout[2m | unknown test
[22m[39m[Task Completion] DOM action listeners initialized
[90mstdout[2m | unknown test
[22m[39m[Task Completion] Auto-completion detector initialized
[90mstdout[2m | unknown test
[22m[39m[Preview] Task completion detector initialized
[90mstdout[2m | src/components/DictionaryEditor2.stories.jsx[2m > [22m[2mDefault
[22m[39m[Preview] Skipped initializing default mock data (initializeMockData=false)
[90mstdout[2m | src/components/DictionaryEditor2.stories.jsx[2m > [22m[2mDefault
[22m[39m[Mock Data] seedMockUnit: Adding unit unit-1
[90mstdout[2m | src/components/DictionaryEditor2.stories.jsx[2m > [22m[2mDefault
[22m[39m[Mock Data] seedMockWords: Adding 5 words
[90mstdout[2m | src/components/DictionaryEditor2.stories.jsx[2m > [22m[2mDefault
[22m[39m[MOCK CourseVectorStore] Initialized with mock data
[90mstdout[2m | src/components/DictionaryEditor2.stories.jsx[2m > [22m[2mDefault
[22m[39m[TranslationModeController] Setting mode to: off
[90mstdout[2m | src/components/DictionaryEditor2.stories.jsx[2m > [22m[2mDefault
[22m[39m[UnitContext] useEffect triggered {
  "authLoading": false,
  "hasUser": true,
  "id": "unit-1",
  "userSub": "mock-user-sub",
}
[90mstdout[2m | src/components/DictionaryEditor2.stories.jsx[2m > [22m[2mDefault
[22m[39m[UnitContext] Fetching unit data for id: unit-1
[90mstdout[2m | src/components/DictionaryEditor2.stories.jsx[2m > [22m[2mDefault
[22m[39m[FilesContext] Initializing vector store from IndexedDB
[90mstdout[2m | src/components/DictionaryEditor2.stories.jsx[2m > [22m[2mDefault
[22m[39m[FilesContext] fetchFiles called
[90mstdout[2m | src/components/DictionaryEditor2.stories.jsx[2m > [22m[2mDefault
[22m[39m[FilesContext] User authenticated: mock-user-sub
[90mstdout[2m | src/components/DictionaryEditor2.stories.jsx[2m > [22m[2mDefault
[22m[39m[FilesContext] Identity ID: us-east-1:mock-identity-123
[90mstdout[2m | src/components/DictionaryEditor2.stories.jsx[2m > [22m[2mDefault
[22m[39m[FilesContext] About to set up File observeQuery
[90mstdout[2m | src/components/DictionaryEditor2.stories.jsx[2m > [22m[2mDefault
[22m[39m[ChatContext] Setting up AssistantChat observeQuery
[90mstdout[2m | src/components/DictionaryEditor2.stories.jsx[2m > [22m[2mDefault
[22m[39m[ChatContext] Waiting for subscription to initialize
[90mstdout[2m | src/components/DictionaryEditor2.stories.jsx[2m > [22m[2mDefault
[22m[39m[SettingsContext] Setting up Settings subscription for user: mock-user-sub
[90mstdout[2m | src/components/DictionaryEditor2.stories.jsx[2m > [22m[2mDefault
[22m[39m[Mock Data] Settings created: mock-settings-1790416477212 - notified 0 subscribers
[90mstdout[2m | src/components/DictionaryEditor2.stories.jsx[2m > [22m[2mDefault
[22m[39m[Mock Data] Unit.onUpdate() subscription added. Total: 1
[90mstdout[2m | src/components/DictionaryEditor2.stories.jsx[2m > [22m[2mDefault
[22m[39m[SectionContext] Section observeQuery update: 0
[90mstdout[2m | src/components/DictionaryEditor2.stories.jsx[2m > [22m[2mDefault
[22m[39m[FilesContext] File observeQuery update: 0 files
[90mstdout[2m | src/components/DictionaryEditor2.stories.jsx[2m > [22m[2mDefault
[22m[39m[ChatContext] AssistantChat initialized with 0 chats
[90mstdout[2m | src/components/DictionaryEditor2.stories.jsx[2m > [22m[2mDefault
[22m[39m[MOCK CourseVectorStore] Initialized with mock data
[90mstdout[2m | src/components/DictionaryEditor2.stories.jsx[2m > [22m[2mDefault
[22m[39m[ChatContext] No current chat available, will create one
[90mstdout[2m | src/components/DictionaryEditor2.stories.jsx[2m > [22m[2mDefault
[22m[39m[ChatContext] Creating AssistantChat with user: undefined
[90mstdout[2m | src/components/DictionaryEditor2.stories.jsx[2m > [22m[2mDefault
[22m[39m[Mock Data] AssistantChat created: mock-assistantchat-1790416477338 - notified 1 subscribers
[90mstdout[2m | src/components/DictionaryEditor2.stories.jsx[2m > [22m[2mDefault
[22m[39m[ChatContext] Create result: {
  "data": {
    "_version": 1,
    "archived": false,
    "chatFiles": [Function anonymous],
    "createdAt": "2026-09-26T09:54:37.338Z",
    "id": "mock-assistantchat-1790416477338",
    "model": "gpt-4",
    "updatedAt": "2026-09-26T09:54:37.338Z",
  },
  "errors": [],
  "hasData": true,
  "hasErrors": true,
}
[90mstdout[2m | src/components/DictionaryEditor2.stories.jsx[2m > [22m[2mDefault
[22m[39m[ChatContext] Created AssistantChat: mock-assistantchat-1790416477338 at: 2026-09-26T09:54:37.338Z
[90mstdout[2m | src/components/DictionaryEditor2.stories.jsx[2m > [22m[2mDefault
[22m[39m[Mock Storage] downloadData called with: undefined
[90mstdout[2m | src/components/DictionaryEditor2.stories.jsx[2m > [22m[2mDefault
[22m[39m[ChatContext] Setting initial chat: mock-assistantchat-1790416477338
[90mstdout[2m | src/components/DictionaryEditor2.stories.jsx[2m > [22m[2mDefault
[22m[39m[ChatContext] Chat exists and not archived, skipping creation
[90mstdout[2m | src/components/DictionaryEditor2.stories.jsx[2m > [22m[2mEmpty
[22m[39m[ChatContext] Cleaning up subscriptions
[90mstdout[2m | src/components/DictionaryEditor2.stories.jsx[2m > [22m[2mEmpty
[22m[39m[Mock Data] Unit.onUpdate() subscription removed. Remaining: 0
[90mstdout[2m | src/components/DictionaryEditor2.stories.jsx[2m > [22m[2mEmpty
[22m[39m[Preview] Skipped initializing default mock data (initializeMockData=false)
[90mstdout[2m | src/components/DictionaryEditor2.stories.jsx[2m > [22m[2mEmpty
[22m[39m[Mock Data] seedMockUnit: Adding unit unit-1
[90mstdout[2m | src/components/DictionaryEditor2.stories.jsx[2m > [22m[2mEmpty
[22m[39m[Mock Data] seedMockWords: Adding 5 words
[90mstdout[2m | src/components/DictionaryEditor2.stories.jsx[2m > [22m[2mEmpty
[22m[39m[MOCK CourseVectorStore] Initialized with mock data
[90mstdout[2m | src/components/DictionaryEditor2.stories.jsx[2m > [22m[2mEmpty
[22m[39m[TranslationModeController] Setting mode to: off
[90mstdout[2m | src/components/DictionaryEditor2.stories.jsx[2m > [22m[2mEmpty
[22m[39m[UnitContext] useEffect triggered {
  "authLoading": false,
  "hasUser": true,
  "id": "unit-1",
  "userSub": "mock-user-sub",
}
[90mstdout[2m | src/components/DictionaryEditor2.stories.jsx[2m > [22m[2mEmpty
[22m[39m[UnitContext] Fetching unit data for id: unit-1
[90mstdout[2m | src/components/DictionaryEditor2.stories.jsx[2m > [22m[2mEmpty
[22m[39m[FilesContext] Initializing vector store from IndexedDB
[90mstdout[2m | src/components/DictionaryEditor2.stories.jsx[2m > [22m[2mEmpty
[22m[39m[FilesContext] fetchFiles called
[90mstdout[2m | src/components/DictionaryEditor2.stories.jsx[2m > [22m[2mEmpty
[22m[39m[FilesContext] User authenticated: mock-user-sub
[90mstdout[2m | src/components/DictionaryEditor2.stories.jsx[2m > [22m[2mEmpty
[22m[39m[FilesContext] Identity ID: us-east-1:mock-identity-123
[90mstdout[2m | src/components/DictionaryEditor2.stories.jsx[2m > [22m[2mEmpty
[22m[39m[FilesContext] About to set up File observeQuery
[90mstdout[2m | src/components/DictionaryEditor2.stories.jsx[2m > [22m[2mEmpty
[22m[39m[ChatContext] Setting up AssistantChat observeQuery
[90mstdout[2m | src/components/DictionaryEditor2.stories.jsx[2m > [22m[2mEmpty
[22m[39m[ChatContext] Waiting for subscription to initialize
[90mstdout[2m | src/components/DictionaryEditor2.stories.jsx[2m > [22m[2mEmpty
[22m[39m[SettingsContext] Setting up Settings subscription for user: mock-user-sub
[90mstdout[2m | src/components/DictionaryEditor2.stories.jsx[2m > [22m[2mEmpty
[22m[39m[Mock Data] Settings created: mock-settings-1790416478170 - notified 0 subscribers
[90mstdout[2m | src/components/DictionaryEditor2.stories.jsx[2m > [22m[2mEmpty
[22m[39m[Mock Data] Unit.onUpdate() subscription added. Total: 1
[90mstdout[2m | src/components/DictionaryEditor2.stories.jsx[2m > [22m[2mEmpty
[22m[39m[SectionContext] Section observeQuery update: 0
[90mstdout[2m | src/components/DictionaryEditor2.stories.jsx[2m > [22m[2mEmpty
[22m[39m[FilesContext] File observeQuery update: 0 files
[90mstdout[2m | src/components/DictionaryEditor2.stories.jsx[2m > [22m[2mEmpty
[22m[39m[ChatContext] AssistantChat initialized with 0 chats
[90mstdout[2m | src/components/DictionaryEditor2.stories.jsx[2m > [22m[2mEmpty
[22m[39m[MOCK CourseVectorStore] Initialized with mock data
[90mstdout[2m | src/components/DictionaryEditor2.stories.jsx[2m > [22m[2mEmpty
[22m[39m[ChatContext] No current chat available, will create one
[90mstdout[2m | src/components/DictionaryEditor2.stories.jsx[2m > [22m[2mEmpty
[22m[39m[ChatContext] Creating AssistantChat with user: undefined
[90mstdout[2m | src/components/DictionaryEditor2.stories.jsx[2m > [22m[2mEmpty
[22m[39m[Mock Data] AssistantChat created: mock-assistantchat-1790416478342 - notified 1 subscribers
[90mstdout[2m | src/components/DictionaryEditor2.stories.jsx[2m > [22m[2mEmpty
[22m[39m[ChatContext] Create result: {
  "data": {
    "_version": 1,
    "archived": false,
    "chatFiles": [Function anonymous],
    "createdAt": "2026-09-26T09:54:38.342Z",
    "id": "mock-assistantchat-1790416478342",
    "model": "gpt-4",
    "updatedAt": "2026-09-26T09:54:38.342Z",
  },
  "errors": [],
  "hasData": true,
  "hasErrors": true,
}
[90mstdout[2m | src/components/DictionaryEditor2.stories.jsx[2m > [22m[2mEmpty
[22m[39m[ChatContext] Created AssistantChat: mock-assistantchat-1790416478342 at: 2026-09-26T09:54:38.342Z
[90mstdout[2m | src/components/DictionaryEditor2.stories.jsx[2m > [22m[2mEmpty
[22m[39m[Mock Storage] downloadData called with: undefined
[90mstdout[2m | src/components/DictionaryEditor2.stories.jsx[2m > [22m[2mEmpty
[22m[39m[ChatContext] Setting initial chat: mock-assistantchat-1790416478342
[90mstdout[2m | src/components/DictionaryEditor2.stories.jsx[2m > [22m[2mEmpty
[22m[39m[ChatContext] Chat exists and not archived, skipping creation
[90mstdout[2m | src/components/DictionaryEditor2.stories.jsx[2m > [22m[2mBulk Imported
[22m[39m[ChatContext] Cleaning up subscriptions
[90mstdout[2m | src/components/DictionaryEditor2.stories.jsx[2m > [22m[2mBulk Imported
[22m[39m[Mock Data] Unit.onUpdate() subscription removed. Remaining: 0
[90mstdout[2m | src/components/DictionaryEditor2.stories.jsx[2m > [22m[2mBulk Imported
[22m[39m[Preview] Skipped initializing default mock data (initializeMockData=false)
[90mstdout[2m | src/components/DictionaryEditor2.stories.jsx[2m > [22m[2mBulk Imported
[22m[39m[Mock Data] seedMockUnit: Adding unit unit-1
[90mstdout[2m | src/components/DictionaryEditor2.stories.jsx[2m > [22m[2mBulk Imported
[22m[39m[Mock Data] seedMockWords: Adding 5 words
[90mstdout[2m | src/components/DictionaryEditor2.stories.jsx[2m > [22m[2mBulk Imported
[22m[39m[Mock Data] seedMockUnit: Adding unit unit-csv
[90mstdout[2m | src/components/DictionaryEditor2.stories.jsx[2m > [22m[2mBulk Imported
[22m[39m[Mock Data] seedMockWords: Adding 10 words
[90mstdout[2m | src/components/DictionaryEditor2.stories.jsx[2m > [22m[2mBulk Imported
[22m[39m[MOCK CourseVectorStore] Initialized with mock data
[90mstdout[2m | src/components/DictionaryEditor2.stories.jsx[2m > [22m[2mBulk Imported
[22m[39m[TranslationModeController] Setting mode to: off
[90mstdout[2m | src/components/DictionaryEditor2.stories.jsx[2m > [22m[2mBulk Imported
[22m[39m[UnitContext] useEffect triggered {
  "authLoading": false,
  "hasUser": true,
  "id": "unit-csv",
  "userSub": "mock-user-sub",
}
[90mstdout[2m | src/components/DictionaryEditor2.stories.jsx[2m > [22m[2mBulk Imported
[22m[39m[UnitContext] Fetching unit data for id: unit-csv
[90mstdout[2m | src/components/DictionaryEditor2.stories.jsx[2m > [22m[2mBulk Imported
[22m[39m[FilesContext] Initializing vector store from IndexedDB
[90mstdout[2m | src/components/DictionaryEditor2.stories.jsx[2m > [22m[2mBulk Imported
[22m[39m[FilesContext] fetchFiles called
[90mstdout[2m | src/components/DictionaryEditor2.stories.jsx[2m > [22m[2mBulk Imported
[22m[39m[FilesContext] User authenticated: mock-user-sub
[90mstdout[2m | src/components/DictionaryEditor2.stories.jsx[2m > [22m[2mBulk Imported
[22m[39m[FilesContext] Identity ID: us-east-1:mock-identity-123
[90mstdout[2m | src/components/DictionaryEditor2.stories.jsx[2m > [22m[2mBulk Imported
[22m[39m[FilesContext] About to set up File observeQuery
[90mstdout[2m | src/components/DictionaryEditor2.stories.jsx[2m > [22m[2mBulk Imported
[22m[39m[ChatContext] Setting up AssistantChat observeQuery
[90mstdout[2m | src/components/DictionaryEditor2.stories.jsx[2m > [22m[2mBulk Imported
[22m[39m[ChatContext] Waiting for subscription to initialize
[90mstdout[2m | src/components/DictionaryEditor2.stories.jsx[2m > [22m[2mBulk Imported
[22m[39m[SettingsContext] Setting up Settings subscription for user: mock-user-sub
[90mstdout[2m | src/components/DictionaryEditor2.stories.jsx[2m > [22m[2mBulk Imported
[22m[39m[Mock Data] Settings created: mock-settings-1790416478893 - notified 0 subscribers
[90mstdout[2m | src/components/DictionaryEditor2.stories.jsx[2m > [22m[2mBulk Imported
[22m[39m[Mock Data] Unit.onUpdate() subscription added. Total: 1
[90mstdout[2m | src/components/DictionaryEditor2.stories.jsx[2m > [22m[2mBulk Imported
[22m[39m[SectionContext] Section observeQuery update: 0
[90mstdout[2m | src/components/DictionaryEditor2.stories.jsx[2m > [22m[2mBulk Imported
[22m[39m[FilesContext] File observeQuery update: 0 files
[90mstdout[2m | src/components/DictionaryEditor2.stories.jsx[2m > [22m[2mBulk Imported
[22m[39m[ChatContext] AssistantChat initialized with 0 chats
[90mstdout[2m | src/components/DictionaryEditor2.stories.jsx[2m > [22m[2mBulk Imported
[22m[39m[MOCK CourseVectorStore] Initialized with mock data
[90mstdout[2m | src/components/DictionaryEditor2.stories.jsx[2m > [22m[2mBulk Imported
[22m[39m[ChatContext] No current chat available, will create one
[90mstdout[2m | src/components/DictionaryEditor2.stories.jsx[2m > [22m[2mBulk Imported
[22m[39m[ChatContext] Creating AssistantChat with user: undefined
[90mstdout[2m | src/components/DictionaryEditor2.stories.jsx[2m > [22m[2mBulk Imported
[22m[39m[Mock Data] AssistantChat created: mock-assistantchat-1790416478942 - notified 1 subscribers
[90mstdout[2m | src/components/DictionaryEditor2.stories.jsx[2m > [22m[2mBulk Imported
[22m[39m[ChatContext] Create result: {
  "data": {
    "_version": 1,
    "archived": false,
    "chatFiles": [Function anonymous],
    "createdAt": "2026-09-26T09:54:38.942Z",
    "id": "mock-assistantchat-1790416478942",
    "model": "gpt-4",
    "updatedAt": "2026-09-26T09:54:38.942Z",
  },
  "errors": [],
  "hasData": true,
  "hasErrors": true,
}
[90mstdout[2m | src/components/DictionaryEditor2.stories.jsx[2m > [22m[2mBulk Imported
[22m[39m[ChatContext] Created AssistantChat: mock-assistantchat-1790416478942 at: 2026-09-26T09:54:38.942Z
[90mstdout[2m | src/components/DictionaryEditor2.stories.jsx[2m > [22m[2mBulk Imported
[22m[39m[Mock Storage] downloadData called with: undefined
[90mstdout[2m | src/components/DictionaryEditor2.stories.jsx[2m > [22m[2mBulk Imported
[22m[39m[ChatContext] Setting initial chat: mock-assistantchat-1790416478942
[90mstdout[2m | src/components/DictionaryEditor2.stories.jsx[2m > [22m[2mBulk Imported
[22m[39m[ChatContext] Chat exists and not archived, skipping creation
 [32m✓[39m [30m[45m storybook (chromium) [49m[39m src/components/DictionaryEditor2.stories.jsx [2m([22m[2m3 tests[22m[2m)[22m[33m 2666[2mms[22m[39m
   [33m[2m✓[22m[39m Default [33m 1089[2mms[22m[39m
   [33m[2m✓[22m[39m Empty [33m 808[2mms[22m[39m
   [33m[2m✓[22m[39m Bulk Imported [33m 763[2mms[22m[39m
[90mstdout[2m | unknown test
[22m[39m[MOCK vectorStoreDB.js] Module loaded - mock IndexedDB operations
[90mstdout[2m | unknown test
[22m[39m[Task Completion] DOM action listeners initialized
[90mstdout[2m | unknown test
[22m[39m[Task Completion] Auto-completion detector initialized
[90mstdout[2m | unknown test
[22m[39m[Preview] Task completion detector initialized
[90mstdout[2m | src/components/PeerReview/PeerReviewInvitations.stories.tsx[2m > [22m[2mInvitations Story
[22m[39m[MOCK CourseVectorStore] Initialized with mock data
[90mstdout[2m | src/components/PeerReview/PeerReviewInvitations.stories.tsx[2m > [22m[2mInvitations Story
[22m[39m[TranslationModeController] Setting mode to: off
[90mstdout[2m | src/components/PeerReview/PeerReviewInvitations.stories.tsx[2m > [22m[2mInvitations Story
[22m[39m[UnitContext] useEffect triggered {
  "authLoading": false,
  "hasUser": true,
  "id": "mock-unit-id",
  "userSub": "mock-user-sub",
}
[90mstdout[2m | src/components/PeerReview/PeerReviewInvitations.stories.tsx[2m > [22m[2mInvitations Story
[22m[39m[UnitContext] Fetching unit data for id: mock-unit-id
[90mstdout[2m | src/components/PeerReview/PeerReviewInvitations.stories.tsx[2m > [22m[2mInvitations Story
[22m[39m[FilesContext] Initializing vector store from IndexedDB
[90mstdout[2m | src/components/PeerReview/PeerReviewInvitations.stories.tsx[2m > [22m[2mInvitations Story
[22m[39m[FilesContext] fetchFiles called
[90mstdout[2m | src/components/PeerReview/PeerReviewInvitations.stories.tsx[2m > [22m[2mInvitations Story
[22m[39m[FilesContext] User authenticated: mock-user-sub
[90mstdout[2m | src/components/PeerReview/PeerReviewInvitations.stories.tsx[2m > [22m[2mInvitations Story
[22m[39m[FilesContext] Identity ID: us-east-1:mock-identity-123
[90mstdout[2m | src/components/PeerReview/PeerReviewInvitations.stories.tsx[2m > [22m[2mInvitations Story
[22m[39m[FilesContext] About to set up File observeQuery
[90mstdout[2m | src/components/PeerReview/PeerReviewInvitations.stories.tsx[2m > [22m[2mInvitations Story
[22m[39m[ChatContext] Setting up AssistantChat observeQuery
[90mstdout[2m | src/components/PeerReview/PeerReviewInvitations.stories.tsx[2m > [22m[2mInvitations Story
[22m[39m[ChatContext] Waiting for subscription to initialize
[90mstdout[2m | src/components/PeerReview/PeerReviewInvitations.stories.tsx[2m > [22m[2mInvitations Story
[22m[39m[SettingsContext] Setting up Settings subscription for user: mock-user-sub
[90mstdout[2m | src/components/PeerReview/PeerReviewInvitations.stories.tsx[2m > [22m[2mInvitations Story
[22m[39m[Mock Data] Settings created: mock-settings-1790416482743 - notified 0 subscribers
[90mstdout[2m | src/components/PeerReview/PeerReviewInvitations.stories.tsx[2m > [22m[2mInvitations Story
[22m[39m[Mock Data] Unit.onUpdate() subscription added. Total: 1
[90mstdout[2m | src/components/PeerReview/PeerReviewInvitations.stories.tsx[2m > [22m[2mInvitations Story
[22m[39m[SectionContext] Section observeQuery update: 0
[90mstdout[2m | src/components/PeerReview/PeerReviewInvitations.stories.tsx[2m > [22m[2mInvitations Story
[22m[39m[FilesContext] File observeQuery update: 6 files
[90mstdout[2m | src/components/PeerReview/PeerReviewInvitations.stories.tsx[2m > [22m[2mInvitations Story
[22m[39m[ChatContext] AssistantChat initialized with 1 chats
[90mstdout[2m | src/components/PeerReview/PeerReviewInvitations.stories.tsx[2m > [22m[2mInvitations Story
[22m[39m[ChatContext] Setting initial chat: mock-assistant-chat-1
[90mstdout[2m | src/components/PeerReview/PeerReviewInvitations.stories.tsx[2m > [22m[2mInvitations Story
[22m[39m[MOCK CourseVectorStore] Initialized with mock data
[90mstdout[2m | src/components/PeerReview/PeerReviewInvitations.stories.tsx[2m > [22m[2mInvitations Story
[22m[39m[FilesContext] Vector store population triggered {
  "currentVectorStoreSize": 3,
  "documentsCount": 0,
  "filesCount": 6,
  "isInitialLoad": true,
}
[90mstdout[2m | src/components/PeerReview/PeerReviewInvitations.stories.tsx[2m > [22m[2mInvitations Story
[22m[39m[FilesContext] Vector store population complete - 3 total embeddings
[90mstdout[2m | src/components/PeerReview/PeerReviewInvitations.stories.tsx[2m > [22m[2mInvitations Story
[22m[39m[ChatContext] Chat exists and not archived, skipping creation
[90mstdout[2m | src/components/PeerReview/PeerReviewInvitations.stories.tsx[2m > [22m[2mInvitations Story
[22m[39m[Mock Storage] downloadData called with: undefined
[90mstdout[2m | src/components/PeerReview/PeerReviewInvitations.stories.tsx[2m > [22m[2mNo Invitations
[22m[39m[ChatContext] Cleaning up subscriptions
[90mstdout[2m | src/components/PeerReview/PeerReviewInvitations.stories.tsx[2m > [22m[2mNo Invitations
[22m[39m[Mock Data] Unit.onUpdate() subscription removed. Remaining: 0
[90mstdout[2m | src/components/PeerReview/PeerReviewInvitations.stories.tsx[2m > [22m[2mNo Invitations
[22m[39m[MOCK CourseVectorStore] Initialized with mock data
[90mstdout[2m | src/components/PeerReview/PeerReviewInvitations.stories.tsx[2m > [22m[2mNo Invitations
[22m[39m[TranslationModeController] Setting mode to: off
[90mstdout[2m | src/components/PeerReview/PeerReviewInvitations.stories.tsx[2m > [22m[2mNo Invitations
[22m[39m[UnitContext] useEffect triggered {
  "authLoading": false,
  "hasUser": true,
  "id": "mock-unit-id",
  "userSub": "mock-user-sub",
}
[90mstdout[2m | src/components/PeerReview/PeerReviewInvitations.stories.tsx[2m > [22m[2mNo Invitations
[22m[39m[UnitContext] Fetching unit data for id: mock-unit-id
[90mstdout[2m | src/components/PeerReview/PeerReviewInvitations.stories.tsx[2m > [22m[2mNo Invitations
[22m[39m[FilesContext] Initializing vector store from IndexedDB
[90mstdout[2m | src/components/PeerReview/PeerReviewInvitations.stories.tsx[2m > [22m[2mNo Invitations
[22m[39m[FilesContext] fetchFiles called
[90mstdout[2m | src/components/PeerReview/PeerReviewInvitations.stories.tsx[2m > [22m[2mNo Invitations
[22m[39m[FilesContext] User authenticated: mock-user-sub
[90mstdout[2m | src/components/PeerReview/PeerReviewInvitations.stories.tsx[2m > [22m[2mNo Invitations
[22m[39m[FilesContext] Identity ID: us-east-1:mock-identity-123
[90mstdout[2m | src/components/PeerReview/PeerReviewInvitations.stories.tsx[2m > [22m[2mNo Invitations
[22m[39m[FilesContext] About to set up File observeQuery
[90mstdout[2m | src/components/PeerReview/PeerReviewInvitations.stories.tsx[2m > [22m[2mNo Invitations
[22m[39m[ChatContext] Setting up AssistantChat observeQuery
[90mstdout[2m | src/components/PeerReview/PeerReviewInvitations.stories.tsx[2m > [22m[2mNo Invitations
[22m[39m[ChatContext] Waiting for subscription to initialize
[90mstdout[2m | src/components/PeerReview/PeerReviewInvitations.stories.tsx[2m > [22m[2mNo Invitations
[22m[39m[SettingsContext] Setting up Settings subscription for user: mock-user-sub
[90mstdout[2m | src/components/PeerReview/PeerReviewInvitations.stories.tsx[2m > [22m[2mNo Invitations
[22m[39m[Mock Data] Settings created: mock-settings-1790416483784 - notified 0 subscribers
[90mstdout[2m | src/components/PeerReview/PeerReviewInvitations.stories.tsx[2m > [22m[2mNo Invitations
[22m[39m[Mock Data] Unit.onUpdate() subscription added. Total: 1
[90mstdout[2m | src/components/PeerReview/PeerReviewInvitations.stories.tsx[2m > [22m[2mNo Invitations
[22m[39m[SectionContext] Section observeQuery update: 0
[90mstdout[2m | src/components/PeerReview/PeerReviewInvitations.stories.tsx[2m > [22m[2mNo Invitations
[22m[39m[FilesContext] File observeQuery update: 6 files
[90mstdout[2m | src/components/PeerReview/PeerReviewInvitations.stories.tsx[2m > [22m[2mNo Invitations
[22m[39m[ChatContext] AssistantChat initialized with 1 chats
[90mstdout[2m | src/components/PeerReview/PeerReviewInvitations.stories.tsx[2m > [22m[2mNo Invitations
[22m[39m[ChatContext] Setting initial chat: mock-assistant-chat-1
[90mstdout[2m | src/components/PeerReview/PeerReviewInvitations.stories.tsx[2m > [22m[2mNo Invitations
[22m[39m[MOCK CourseVectorStore] Initialized with mock data
[90mstdout[2m | src/components/PeerReview/PeerReviewInvitations.stories.tsx[2m > [22m[2mNo Invitations
[22m[39m[FilesContext] Vector store population triggered {
  "currentVectorStoreSize": 3,
  "documentsCount": 0,
  "filesCount": 6,
  "isInitialLoad": true,
}
[90mstdout[2m | src/components/PeerReview/PeerReviewInvitations.stories.tsx[2m > [22m[2mNo Invitations
[22m[39m[FilesContext] Vector store population complete - 3 total embeddings
[90mstdout[2m | src/components/PeerReview/PeerReviewInvitations.stories.tsx[2m > [22m[2mNo Invitations
[22m[39m[ChatContext] Chat exists and not archived, skipping creation
[90mstdout[2m | src/components/PeerReview/PeerReviewInvitations.stories.tsx[2m > [22m[2mNo Invitations
[22m[39m[Mock Storage] downloadData called with: undefined
 [32m✓[39m [30m[45m storybook (chromium) [49m[39m src/components/PeerReview/PeerReviewInvitations.stories.tsx [2m([22m[2m2 tests[22m[2m)[22m[33m 1454[2mms[22m[39m
   [33m[2m✓[22m[39m Invitations Story [33m 1073[2mms[22m[39m
   [33m[2m✓[22m[39m No Invitations [33m 378[2mms[22m[39m
[90mstdout[2m | unknown test
[22m[39m[MOCK vectorStoreDB.js] Module loaded - mock IndexedDB operations
[90mstdout[2m | unknown test
[22m[39m[Task Completion] DOM action listeners initialized
[90mstdout[2m | unknown test
[22m[39m[Task Completion] Auto-completion detector initialized
[90mstdout[2m | unknown test
[22m[39m[Preview] Task completion detector initialized
[90mstdout[2m | src/components/Editor3/plugins/CustomAnswerPlugin.stories.jsx[2m > [22m[2mEditable Empty
[22m[39m[Preview] Skipped initializing default mock data (initializeMockData=false)
[90mstdout[2m | src/components/Editor3/plugins/CustomAnswerPlugin.stories.jsx[2m > [22m[2mEditable Empty
[22m[39m[MOCK CourseVectorStore] Initialized with mock data
[90mstdout[2m | src/components/Editor3/plugins/CustomAnswerPlugin.stories.jsx[2m > [22m[2mEditable Empty
[22m[39m[Mock Data] seedMockUnit: Adding unit mock-unit-id
[90mstdout[2m | src/components/Editor3/plugins/CustomAnswerPlugin.stories.jsx[2m > [22m[2mEditable Empty
[22m[39m[TranslationModeController] Setting mode to: off
[90mstdout[2m | src/components/Editor3/plugins/CustomAnswerPlugin.stories.jsx[2m > [22m[2mEditable Empty
[22m[39m[UnitContext] useEffect triggered {
  "authLoading": false,
  "hasUser": true,
  "id": "mock-unit-id",
  "userSub": "mock-user-sub",
}
[90mstdout[2m | src/components/Editor3/plugins/CustomAnswerPlugin.stories.jsx[2m > [22m[2mEditable Empty
[22m[39m[UnitContext] Fetching unit data for id: mock-unit-id
[90mstdout[2m | src/components/Editor3/plugins/CustomAnswerPlugin.stories.jsx[2m > [22m[2mEditable Empty
[22m[39m[FilesContext] Initializing vector store from IndexedDB
[90mstdout[2m | src/components/Editor3/plugins/CustomAnswerPlugin.stories.jsx[2m > [22m[2mEditable Empty
[22m[39m[FilesContext] fetchFiles called
[90mstdout[2m | src/components/Editor3/plugins/CustomAnswerPlugin.stories.jsx[2m > [22m[2mEditable Empty
[22m[39m[FilesContext] User authenticated: mock-user-sub
[90mstdout[2m | src/components/Editor3/plugins/CustomAnswerPlugin.stories.jsx[2m > [22m[2mEditable Empty
[22m[39m[FilesContext] Identity ID: us-east-1:mock-identity-123
[90mstdout[2m | src/components/Editor3/plugins/CustomAnswerPlugin.stories.jsx[2m > [22m[2mEditable Empty
[22m[39m[FilesContext] About to set up File observeQuery
[90mstdout[2m | src/components/Editor3/plugins/CustomAnswerPlugin.stories.jsx[2m > [22m[2mEditable Empty
[22m[39m[ChatContext] Setting up AssistantChat observeQuery
[90mstdout[2m | src/components/Editor3/plugins/CustomAnswerPlugin.stories.jsx[2m > [22m[2mEditable Empty
[22m[39m[ChatContext] Waiting for subscription to initialize
[90mstdout[2m | src/components/Editor3/plugins/CustomAnswerPlugin.stories.jsx[2m > [22m[2mEditable Empty
[22m[39m[SettingsContext] Setting up Settings subscription for user: mock-user-sub
[90mstdout[2m | src/components/Editor3/plugins/CustomAnswerPlugin.stories.jsx[2m > [22m[2mEditable Empty
[22m[39m[Mock Data] Settings created: mock-settings-1790416490984 - notified 0 subscribers
[90mstdout[2m | src/components/Editor3/plugins/CustomAnswerPlugin.stories.jsx[2m > [22m[2mEditable Empty
[22m[39m[Mock Data] Unit.onUpdate() subscription added. Total: 1
[90mstdout[2m | src/components/Editor3/plugins/CustomAnswerPlugin.stories.jsx[2m > [22m[2mEditable Empty
[22m[39m[SectionContext] Section observeQuery update: 0
[90mstdout[2m | src/components/Editor3/plugins/CustomAnswerPlugin.stories.jsx[2m > [22m[2mEditable Empty
[22m[39m[FilesContext] File observeQuery update: 0 files
[90mstdout[2m | src/components/Editor3/plugins/CustomAnswerPlugin.stories.jsx[2m > [22m[2mEditable Empty
[22m[39m[ChatContext] AssistantChat initialized with 0 chats
[90mstdout[2m | src/components/Editor3/plugins/CustomAnswerPlugin.stories.jsx[2m > [22m[2mEditable Empty
[22m[39m[MOCK CourseVectorStore] Initialized with mock data
[90mstdout[2m | src/components/Editor3/plugins/CustomAnswerPlugin.stories.jsx[2m > [22m[2mEditable Empty
[22m[39m[ChatContext] No current chat available, will create one
[90mstdout[2m | src/components/Editor3/plugins/CustomAnswerPlugin.stories.jsx[2m > [22m[2mEditable Empty
[22m[39m[ChatContext] Creating AssistantChat with user: undefined
[90mstdout[2m | src/components/Editor3/plugins/CustomAnswerPlugin.stories.jsx[2m > [22m[2mEditable Empty
[22m[39m[Mock Data] AssistantChat created: mock-assistantchat-1790416490999 - notified 1 subscribers
[90mstdout[2m | src/components/Editor3/plugins/CustomAnswerPlugin.stories.jsx[2m > [22m[2mEditable Empty
[22m[39m[ChatContext] Create result: {
  "data": {
    "_version": 1,
    "archived": false,
    "chatFiles": [Function anonymous],
    "createdAt": "2026-09-26T09:54:50.999Z",
    "id": "mock-assistantchat-1790416490999",
    "model": "gpt-4",
    "updatedAt": "2026-09-26T09:54:50.999Z",
  },
  "errors": [],
  "hasData": true,
  "hasErrors": true,
}
[90mstdout[2m | src/components/Editor3/plugins/CustomAnswerPlugin.stories.jsx[2m > [22m[2mEditable Empty
[22m[39m[ChatContext] Created AssistantChat: mock-assistantchat-1790416490999 at: 2026-09-26T09:54:50.999Z
[90mstdout[2m | src/components/Editor3/plugins/CustomAnswerPlugin.stories.jsx[2m > [22m[2mEditable Empty
[22m[39m[Mock Storage] downloadData called with: undefined
[90mstdout[2m | src/components/Editor3/plugins/CustomAnswerPlugin.stories.jsx[2m > [22m[2mEditable Empty
[22m[39m[ChatContext] Setting initial chat: mock-assistantchat-1790416490999
[90mstdout[2m | src/components/Editor3/plugins/CustomAnswerPlugin.stories.jsx[2m > [22m[2mEditable Empty
[22m[39m[ChatContext] Chat exists and not archived, skipping creation
[90mstdout[2m | src/components/Editor3/plugins/CustomAnswerPlugin.stories.jsx[2m > [22m[2mEditable With Custom Answer
[22m[39m[ChatContext] Cleaning up subscriptions
[90mstdout[2m | src/components/Editor3/plugins/CustomAnswerPlugin.stories.jsx[2m > [22m[2mEditable With Custom Answer
[22m[39m[Mock Data] Unit.onUpdate() subscription removed. Remaining: 0
[90mstdout[2m | src/components/Editor3/plugins/CustomAnswerPlugin.stories.jsx[2m > [22m[2mEditable With Custom Answer
[22m[39m[Preview] Skipped initializing default mock data (initializeMockData=false)
[90mstdout[2m | src/components/Editor3/plugins/CustomAnswerPlugin.stories.jsx[2m > [22m[2mEditable With Custom Answer
[22m[39m[MOCK CourseVectorStore] Initialized with mock data
[90mstdout[2m | src/components/Editor3/plugins/CustomAnswerPlugin.stories.jsx[2m > [22m[2mEditable With Custom Answer
[22m[39m[Mock Data] seedMockUnit: Adding unit mock-unit-id
[90mstdout[2m | src/components/Editor3/plugins/CustomAnswerPlugin.stories.jsx[2m > [22m[2mEditable With Custom Answer
[22m[39m[TranslationModeController] Setting mode to: off
[90mstdout[2m | src/components/Editor3/plugins/CustomAnswerPlugin.stories.jsx[2m > [22m[2mEditable With Custom Answer
[22m[39m[UnitContext] useEffect triggered {
  "authLoading": false,
  "hasUser": true,
  "id": "mock-unit-id",
  "userSub": "mock-user-sub",
}
[90mstdout[2m | src/components/Editor3/plugins/CustomAnswerPlugin.stories.jsx[2m > [22m[2mEditable With Custom Answer
[22m[39m[UnitContext] Fetching unit data for id: mock-unit-id
[90mstdout[2m | src/components/Editor3/plugins/CustomAnswerPlugin.stories.jsx[2m > [22m[2mEditable With Custom Answer
[22m[39m[FilesContext] Initializing vector store from IndexedDB
[90mstdout[2m | src/components/Editor3/plugins/CustomAnswerPlugin.stories.jsx[2m > [22m[2mEditable With Custom Answer
[22m[39m[FilesContext] fetchFiles called
[90mstdout[2m | src/components/Editor3/plugins/CustomAnswerPlugin.stories.jsx[2m > [22m[2mEditable With Custom Answer
[22m[39m[FilesContext] User authenticated: mock-user-sub
[90mstdout[2m | src/components/Editor3/plugins/CustomAnswerPlugin.stories.jsx[2m > [22m[2mEditable With Custom Answer
[22m[39m[FilesContext] Identity ID: us-east-1:mock-identity-123
[90mstdout[2m | src/components/Editor3/plugins/CustomAnswerPlugin.stories.jsx[2m > [22m[2mEditable With Custom Answer
[22m[39m[FilesContext] About to set up File observeQuery
[90mstdout[2m | src/components/Editor3/plugins/CustomAnswerPlugin.stories.jsx[2m > [22m[2mEditable With Custom Answer
[22m[39m[ChatContext] Setting up AssistantChat observeQuery
[90mstdout[2m | src/components/Editor3/plugins/CustomAnswerPlugin.stories.jsx[2m > [22m[2mEditable With Custom Answer
[22m[39m[ChatContext] Waiting for subscription to initialize
[90mstdout[2m | src/components/Editor3/plugins/CustomAnswerPlugin.stories.jsx[2m > [22m[2mEditable With Custom Answer
[22m[39m[SettingsContext] Setting up Settings subscription for user: mock-user-sub
[90mstdout[2m | src/components/Editor3/plugins/CustomAnswerPlugin.stories.jsx[2m > [22m[2mEditable With Custom Answer
[22m[39m[Mock Data] Settings created: mock-settings-1790416491682 - notified 0 subscribers
[90mstdout[2m | src/components/Editor3/plugins/CustomAnswerPlugin.stories.jsx[2m > [22m[2mEditable With Custom Answer
[22m[39m[Mock Data] Unit.onUpdate() subscription added. Total: 1
[90mstdout[2m | src/components/Editor3/plugins/CustomAnswerPlugin.stories.jsx[2m > [22m[2mEditable With Custom Answer
[22m[39m[SectionContext] Section observeQuery update: 0
[90mstdout[2m | src/components/Editor3/plugins/CustomAnswerPlugin.stories.jsx[2m > [22m[2mEditable With Custom Answer
[22m[39m[FilesContext] File observeQuery update: 0 files
[90mstdout[2m | src/components/Editor3/plugins/CustomAnswerPlugin.stories.jsx[2m > [22m[2mEditable With Custom Answer
[22m[39m[ChatContext] AssistantChat initialized with 0 chats
[90mstdout[2m | src/components/Editor3/plugins/CustomAnswerPlugin.stories.jsx[2m > [22m[2mEditable With Custom Answer
[22m[39m[MOCK CourseVectorStore] Initialized with mock data
[90mstdout[2m | src/components/Editor3/plugins/CustomAnswerPlugin.stories.jsx[2m > [22m[2mEditable With Custom Answer
[22m[39m[ChatContext] No current chat available, will create one
[90mstdout[2m | src/components/Editor3/plugins/CustomAnswerPlugin.stories.jsx[2m > [22m[2mEditable With Custom Answer
[22m[39m[ChatContext] Creating AssistantChat with user: undefined
[90mstdout[2m | src/components/Editor3/plugins/CustomAnswerPlugin.stories.jsx[2m > [22m[2mEditable With Custom Answer
[22m[39m[Mock Data] AssistantChat created: mock-assistantchat-1790416491775 - notified 1 subscribers
[90mstdout[2m | src/components/Editor3/plugins/CustomAnswerPlugin.stories.jsx[2m > [22m[2mEditable With Custom Answer
[22m[39m[ChatContext] Create result: {
  "data": {
    "_version": 1,
    "archived": false,
    "chatFiles": [Function anonymous],
    "createdAt": "2026-09-26T09:54:51.776Z",
    "id": "mock-assistantchat-1790416491775",
    "model": "gpt-4",
    "updatedAt": "2026-09-26T09:54:51.776Z",
  },
  "errors": [],
  "hasData": true,
  "hasErrors": true,
}
[90mstdout[2m | src/components/Editor3/plugins/CustomAnswerPlugin.stories.jsx[2m > [22m[2mEditable With Custom Answer
[22m[39m[ChatContext] Created AssistantChat: mock-assistantchat-1790416491775 at: 2026-09-26T09:54:51.776Z
[90mstdout[2m | src/components/Editor3/plugins/CustomAnswerPlugin.stories.jsx[2m > [22m[2mEditable With Custom Answer
[22m[39m[Mock Storage] downloadData called with: undefined
[90mstdout[2m | src/components/Editor3/plugins/CustomAnswerPlugin.stories.jsx[2m > [22m[2mEditable With Custom Answer
[22m[39m[ChatContext] Setting initial chat: mock-assistantchat-1790416491775
[90mstdout[2m | src/components/Editor3/plugins/CustomAnswerPlugin.stories.jsx[2m > [22m[2mEditable With Custom Answer
[22m[39m[ChatContext] Chat exists and not archived, skipping creation
[90mstdout[2m | src/components/Editor3/plugins/CustomAnswerPlugin.stories.jsx[2m > [22m[2mRead Only With Custom Answer
[22m[39m[ChatContext] Cleaning up subscriptions
[90mstdout[2m | src/components/Editor3/plugins/CustomAnswerPlugin.stories.jsx[2m > [22m[2mRead Only With Custom Answer
[22m[39m[Mock Data] Unit.onUpdate() subscription removed. Remaining: 0
[90mstdout[2m | src/components/Editor3/plugins/CustomAnswerPlugin.stories.jsx[2m > [22m[2mRead Only With Custom Answer
[22m[39m[Preview] Skipped initializing default mock data (initializeMockData=false)
[90mstdout[2m | src/components/Editor3/plugins/CustomAnswerPlugin.stories.jsx[2m > [22m[2mRead Only With Custom Answer
[22m[39m[MOCK CourseVectorStore] Initialized with mock data
[90mstdout[2m | src/components/Editor3/plugins/CustomAnswerPlugin.stories.jsx[2m > [22m[2mRead Only With Custom Answer
[22m[39m[Mock Data] seedMockUnit: Adding unit mock-unit-id
[90mstdout[2m | src/components/Editor3/plugins/CustomAnswerPlugin.stories.jsx[2m > [22m[2mRead Only With Custom Answer
[22m[39m[TranslationModeController] Setting mode to: off
[90mstdout[2m | src/components/Editor3/plugins/CustomAnswerPlugin.stories.jsx[2m > [22m[2mRead Only With Custom Answer
[22m[39m[UnitContext] useEffect triggered {
  "authLoading": false,
  "hasUser": true,
  "id": "mock-unit-id",
  "userSub": "mock-user-sub",
}
[90mstdout[2m | src/components/Editor3/plugins/CustomAnswerPlugin.stories.jsx[2m > [22m[2mRead Only With Custom Answer
[22m[39m[UnitContext] Fetching unit data for id: mock-unit-id
[90mstdout[2m | src/components/Editor3/plugins/CustomAnswerPlugin.stories.jsx[2m > [22m[2mRead Only With Custom Answer
[22m[39m[FilesContext] Initializing vector store from IndexedDB
[90mstdout[2m | src/components/Editor3/plugins/CustomAnswerPlugin.stories.jsx[2m > [22m[2mRead Only With Custom Answer
[22m[39m[FilesContext] fetchFiles called
[90mstdout[2m | src/components/Editor3/plugins/CustomAnswerPlugin.stories.jsx[2m > [22m[2mRead Only With Custom Answer
[22m[39m[FilesContext] User authenticated: mock-user-sub
[90mstdout[2m | src/components/Editor3/plugins/CustomAnswerPlugin.stories.jsx[2m > [22m[2mRead Only With Custom Answer
[22m[39m[FilesContext] Identity ID: us-east-1:mock-identity-123
[90mstdout[2m | src/components/Editor3/plugins/CustomAnswerPlugin.stories.jsx[2m > [22m[2mRead Only With Custom Answer
[22m[39m[FilesContext] About to set up File observeQuery
[90mstdout[2m | src/components/Editor3/plugins/CustomAnswerPlugin.stories.jsx[2m > [22m[2mRead Only With Custom Answer
[22m[39m[ChatContext] Setting up AssistantChat observeQuery
[90mstdout[2m | src/components/Editor3/plugins/CustomAnswerPlugin.stories.jsx[2m > [22m[2mRead Only With Custom Answer
[22m[39m[ChatContext] Waiting for subscription to initialize
[90mstdout[2m | src/components/Editor3/plugins/CustomAnswerPlugin.stories.jsx[2m > [22m[2mRead Only With Custom Answer
[22m[39m[SettingsContext] Setting up Settings subscription for user: mock-user-sub
[90mstdout[2m | src/components/Editor3/plugins/CustomAnswerPlugin.stories.jsx[2m > [22m[2mRead Only With Custom Answer
[22m[39mCustomAnswerComponent.questionID question-1
[90mstdout[2m | src/components/Editor3/plugins/CustomAnswerPlugin.stories.jsx[2m > [22m[2mRead Only With Custom Answer
[22m[39mCustomAnswerComponent.questionBank []
[90mstdout[2m | src/components/Editor3/plugins/CustomAnswerPlugin.stories.jsx[2m > [22m[2mRead Only With Custom Answer
[22m[39mCustomAnswerComponent.question {}
[90mstdout[2m | src/components/Editor3/plugins/CustomAnswerPlugin.stories.jsx[2m > [22m[2mRead Only With Custom Answer
[22m[39mCustomAnswerComponent.question {}
[90mstdout[2m | src/components/Editor3/plugins/CustomAnswerPlugin.stories.jsx[2m > [22m[2mRead Only With Custom Answer
[22m[39mCustomAnswerComponent.prompt undefined
[90mstdout[2m | src/components/Editor3/plugins/CustomAnswerPlugin.stories.jsx[2m > [22m[2mRead Only With Custom Answer
[22m[39mCustomAnswerComponent.feedback[questionID] undefined
[90mstdout[2m | src/components/Editor3/plugins/CustomAnswerPlugin.stories.jsx[2m > [22m[2mRead Only With Custom Answer
[22m[39mCustomAnswerComponent.isCompleted undefined
[90mstdout[2m | src/components/Editor3/plugins/CustomAnswerPlugin.stories.jsx[2m > [22m[2mRead Only With Custom Answer
[22m[39mCustomAnswerComponent.currentPromptMethod text
[90mstdout[2m | src/components/Editor3/plugins/CustomAnswerPlugin.stories.jsx[2m > [22m[2mRead Only With Custom Answer
[22m[39mCustomAnswerComponent.displayPrompt undefined
[90mstdout[2m | src/components/Editor3/plugins/CustomAnswerPlugin.stories.jsx[2m > [22m[2mRead Only With Custom Answer
[22m[39mCustomAnswerComponent.questionID question-2
[90mstdout[2m | src/components/Editor3/plugins/CustomAnswerPlugin.stories.jsx[2m > [22m[2mRead Only With Custom Answer
[22m[39mCustomAnswerComponent.questionBank []
[90mstdout[2m | src/components/Editor3/plugins/CustomAnswerPlugin.stories.jsx[2m > [22m[2mRead Only With Custom Answer
[22m[39mCustomAnswerComponent.question {}
[90mstdout[2m | src/components/Editor3/plugins/CustomAnswerPlugin.stories.jsx[2m > [22m[2mRead Only With Custom Answer
[22m[39mCustomAnswerComponent.question {}
[90mstdout[2m | src/components/Editor3/plugins/CustomAnswerPlugin.stories.jsx[2m > [22m[2mRead Only With Custom Answer
[22m[39mCustomAnswerComponent.prompt undefined
[90mstdout[2m | src/components/Editor3/plugins/CustomAnswerPlugin.stories.jsx[2m > [22m[2mRead Only With Custom Answer
[22m[39mCustomAnswerComponent.feedback[questionID] undefined
[90mstdout[2m | src/components/Editor3/plugins/CustomAnswerPlugin.stories.jsx[2m > [22m[2mRead Only With Custom Answer
[22m[39mCustomAnswerComponent.isCompleted undefined
[90mstdout[2m | src/components/Editor3/plugins/CustomAnswerPlugin.stories.jsx[2m > [22m[2mRead Only With Custom Answer
[22m[39mCustomAnswerComponent.currentPromptMethod text
[90mstdout[2m | src/components/Editor3/plugins/CustomAnswerPlugin.stories.jsx[2m > [22m[2mRead Only With Custom Answer
[22m[39mCustomAnswerComponent.displayPrompt undefined
[90mstdout[2m | src/components/Editor3/plugins/CustomAnswerPlugin.stories.jsx[2m > [22m[2mRead Only With Custom Answer
[22m[39mallowedInput [
  "text",
  "audio",
]
[90mstdout[2m | src/components/Editor3/plugins/CustomAnswerPlugin.stories.jsx[2m > [22m[2mRead Only With Custom Answer
[22m[39mpromptMethod [
  "text",
]
[90mstdout[2m | src/components/Editor3/plugins/CustomAnswerPlugin.stories.jsx[2m > [22m[2mRead Only With Custom Answer
[22m[39mAnswerComponent.currentPromptMethod text
[90mstdout[2m | src/components/Editor3/plugins/CustomAnswerPlugin.stories.jsx[2m > [22m[2mRead Only With Custom Answer
[22m[39mAnswerComponent.promptMethod [
  "text",
]
[90mstdout[2m | src/components/Editor3/plugins/CustomAnswerPlugin.stories.jsx[2m > [22m[2mRead Only With Custom Answer
[22m[39mallowedInput [
  "text",
  "audio",
]
[90mstdout[2m | src/components/Editor3/plugins/CustomAnswerPlugin.stories.jsx[2m > [22m[2mRead Only With Custom Answer
[22m[39mpromptMethod [
  "text",
]
[90mstdout[2m | src/components/Editor3/plugins/CustomAnswerPlugin.stories.jsx[2m > [22m[2mRead Only With Custom Answer
[22m[39mAnswerComponent.currentPromptMethod text
[90mstdout[2m | src/components/Editor3/plugins/CustomAnswerPlugin.stories.jsx[2m > [22m[2mRead Only With Custom Answer
[22m[39m[Mock Data] Settings created: mock-settings-1790416492899 - notified 0 subscribers
[90mstdout[2m | src/components/Editor3/plugins/CustomAnswerPlugin.stories.jsx[2m > [22m[2mRead Only With Custom Answer
[22m[39m[Mock Data] Unit.onUpdate() subscription added. Total: 1
[90mstdout[2m | src/components/Editor3/plugins/CustomAnswerPlugin.stories.jsx[2m > [22m[2mRead Only With Custom Answer
[22m[39mCustomAnswerComponent.questionID question-1
[90mstdout[2m | src/components/Editor3/plugins/CustomAnswerPlugin.stories.jsx[2m > [22m[2mRead Only With Custom Answer
[22m[39mCustomAnswerComponent.questionBank []
[90mstdout[2m | src/components/Editor3/plugins/CustomAnswerPlugin.stories.jsx[2m > [22m[2mRead Only With Custom Answer
[22m[39mCustomAnswerComponent.question {}
[90mstdout[2m | src/components/Editor3/plugins/CustomAnswerPlugin.stories.jsx[2m > [22m[2mRead Only With Custom Answer
[22m[39mCustomAnswerComponent.question {}
[90mstdout[2m | src/components/Editor3/plugins/CustomAnswerPlugin.stories.jsx[2m > [22m[2mRead Only With Custom Answer
[22m[39mCustomAnswerComponent.prompt undefined
[90mstdout[2m | src/components/Editor3/plugins/CustomAnswerPlugin.stories.jsx[2m > [22m[2mRead Only With Custom Answer
[22m[39mCustomAnswerComponent.feedback[questionID] undefined
[90mstdout[2m | src/components/Editor3/plugins/CustomAnswerPlugin.stories.jsx[2m > [22m[2mRead Only With Custom Answer
[22m[39mCustomAnswerComponent.isCompleted undefined
[90mstdout[2m | src/components/Editor3/plugins/CustomAnswerPlugin.stories.jsx[2m > [22m[2mRead Only With Custom Answer
[22m[39mCustomAnswerComponent.currentPromptMethod text
[90mstdout[2m | src/components/Editor3/plugins/CustomAnswerPlugin.stories.jsx[2m > [22m[2mRead Only With Custom Answer
[22m[39mCustomAnswerComponent.displayPrompt undefined
[90mstdout[2m | src/components/Editor3/plugins/CustomAnswerPlugin.stories.jsx[2m > [22m[2mRead Only With Custom Answer
[22m[39mCustomAnswerComponent.questionID question-2
[90mstdout[2m | src/components/Editor3/plugins/CustomAnswerPlugin.stories.jsx[2m > [22m[2mRead Only With Custom Answer
[22m[39mCustomAnswerComponent.questionBank []
[90mstdout[2m | src/components/Editor3/plugins/CustomAnswerPlugin.stories.jsx[2m > [22m[2mRead Only With Custom Answer
[22m[39mCustomAnswerComponent.question {}
[90mstdout[2m | src/components/Editor3/plugins/CustomAnswerPlugin.stories.jsx[2m > [22m[2mRead Only With Custom Answer
[22m[39mCustomAnswerComponent.question {}
[90mstdout[2m | src/components/Editor3/plugins/CustomAnswerPlugin.stories.jsx[2m > [22m[2mRead Only With Custom Answer
[22m[39mCustomAnswerComponent.prompt undefined
[90mstdout[2m | src/components/Editor3/plugins/CustomAnswerPlugin.stories.jsx[2m > [22m[2mRead Only With Custom Answer
[22m[39mCustomAnswerComponent.feedback[questionID] undefined
[90mstdout[2m | src/components/Editor3/plugins/CustomAnswerPlugin.stories.jsx[2m > [22m[2mRead Only With Custom Answer
[22m[39mCustomAnswerComponent.isCompleted undefined
[90mstdout[2m | src/components/Editor3/plugins/CustomAnswerPlugin.stories.jsx[2m > [22m[2mRead Only With Custom Answer
[22m[39mCustomAnswerComponent.currentPromptMethod text
[90mstdout[2m | src/components/Editor3/plugins/CustomAnswerPlugin.stories.jsx[2m > [22m[2mRead Only With Custom Answer
[22m[39mCustomAnswerComponent.displayPrompt undefined
[90mstdout[2m | src/components/Editor3/plugins/CustomAnswerPlugin.stories.jsx[2m > [22m[2mRead Only With Custom Answer
[22m[39m[SectionContext] Section observeQuery update: 0
[90mstdout[2m | src/components/Editor3/plugins/CustomAnswerPlugin.stories.jsx[2m > [22m[2mRead Only With Custom Answer
[22m[39m[FilesContext] File observeQuery update: 0 files
[90mstdout[2m | src/components/Editor3/plugins/CustomAnswerPlugin.stories.jsx[2m > [22m[2mRead Only With Custom Answer
[22m[39m[ChatContext] AssistantChat initialized with 0 chats
[90mstdout[2m | src/components/Editor3/plugins/CustomAnswerPlugin.stories.jsx[2m > [22m[2mRead Only With Custom Answer
[22m[39m[MOCK CourseVectorStore] Initialized with mock data
[90mstdout[2m | src/components/Editor3/plugins/CustomAnswerPlugin.stories.jsx[2m > [22m[2mRead Only With Custom Answer
[22m[39mCustomAnswerComponent.questionID question-1
[90mstdout[2m | src/components/Editor3/plugins/CustomAnswerPlugin.stories.jsx[2m > [22m[2mRead Only With Custom Answer
[22m[39mCustomAnswerComponent.questionBank {}
[90mstdout[2m | src/components/Editor3/plugins/CustomAnswerPlugin.stories.jsx[2m > [22m[2mRead Only With Custom Answer
[22m[39mCustomAnswerComponent.question {}
[90mstdout[2m | src/components/Editor3/plugins/CustomAnswerPlugin.stories.jsx[2m > [22m[2mRead Only With Custom Answer
[22m[39mCustomAnswerComponent.question {}
[90mstdout[2m | src/components/Editor3/plugins/CustomAnswerPlugin.stories.jsx[2m > [22m[2mRead Only With Custom Answer
[22m[39mCustomAnswerComponent.prompt undefined
[90mstdout[2m | src/components/Editor3/plugins/CustomAnswerPlugin.stories.jsx[2m > [22m[2mRead Only With Custom Answer
[22m[39mCustomAnswerComponent.feedback[questionID] undefined
[90mstdout[2m | src/components/Editor3/plugins/CustomAnswerPlugin.stories.jsx[2m > [22m[2mRead Only With Custom Answer
[22m[39mCustomAnswerComponent.isCompleted undefined
[90mstdout[2m | src/components/Editor3/plugins/CustomAnswerPlugin.stories.jsx[2m > [22m[2mRead Only With Custom Answer
[22m[39mCustomAnswerComponent.currentPromptMethod text
[90mstdout[2m | src/components/Editor3/plugins/CustomAnswerPlugin.stories.jsx[2m > [22m[2mRead Only With Custom Answer
[22m[39mCustomAnswerComponent.displayPrompt undefined
[90mstdout[2m | src/components/Editor3/plugins/CustomAnswerPlugin.stories.jsx[2m > [22m[2mRead Only With Custom Answer
[22m[39mCustomAnswerComponent.questionID question-2
[90mstdout[2m | src/components/Editor3/plugins/CustomAnswerPlugin.stories.jsx[2m > [22m[2mRead Only With Custom Answer
[22m[39mCustomAnswerComponent.questionBank {}
[90mstdout[2m | src/components/Editor3/plugins/CustomAnswerPlugin.stories.jsx[2m > [22m[2mRead Only With Custom Answer
[22m[39mCustomAnswerComponent.question {}
[90mstdout[2m | src/components/Editor3/plugins/CustomAnswerPlugin.stories.jsx[2m > [22m[2mRead Only With Custom Answer
[22m[39mCustomAnswerComponent.question {}
[90mstdout[2m | src/components/Editor3/plugins/CustomAnswerPlugin.stories.jsx[2m > [22m[2mRead Only With Custom Answer
[22m[39mCustomAnswerComponent.prompt undefined
[90mstdout[2m | src/components/Editor3/plugins/CustomAnswerPlugin.stories.jsx[2m > [22m[2mRead Only With Custom Answer
[22m[39mCustomAnswerComponent.feedback[questionID] undefined
[90mstdout[2m | src/components/Editor3/plugins/CustomAnswerPlugin.stories.jsx[2m > [22m[2mRead Only With Custom Answer
[22m[39mCustomAnswerComponent.isCompleted undefined
[90mstdout[2m | src/components/Editor3/plugins/CustomAnswerPlugin.stories.jsx[2m > [22m[2mRead Only With Custom Answer
[22m[39mCustomAnswerComponent.currentPromptMethod text
[90mstdout[2m | src/components/Editor3/plugins/CustomAnswerPlugin.stories.jsx[2m > [22m[2mRead Only With Custom Answer
[22m[39mCustomAnswerComponent.displayPrompt undefined
[90mstdout[2m | src/components/Editor3/plugins/CustomAnswerPlugin.stories.jsx[2m > [22m[2mRead Only With Custom Answer
[22m[39m[ChatContext] No current chat available, will create one
[90mstdout[2m | src/components/Editor3/plugins/CustomAnswerPlugin.stories.jsx[2m > [22m[2mRead Only With Custom Answer
[22m[39m[ChatContext] Creating AssistantChat with user: undefined
[90mstdout[2m | src/components/Editor3/plugins/CustomAnswerPlugin.stories.jsx[2m > [22m[2mRead Only With Custom Answer
[22m[39m[Mock Data] AssistantChat created: mock-assistantchat-1790416492973 - notified 1 subscribers
[90mstdout[2m | src/components/Editor3/plugins/CustomAnswerPlugin.stories.jsx[2m > [22m[2mRead Only With Custom Answer
[22m[39m[ChatContext] Create result: {
  "data": {
    "_version": 1,
    "archived": false,
    "chatFiles": [Function anonymous],
    "createdAt": "2026-09-26T09:54:52.973Z",
    "id": "mock-assistantchat-1790416492973",
    "model": "gpt-4",
    "updatedAt": "2026-09-26T09:54:52.973Z",
  },
  "errors": [],
  "hasData": true,
  "hasErrors": true,
}
[90mstdout[2m | src/components/Editor3/plugins/CustomAnswerPlugin.stories.jsx[2m > [22m[2mRead Only With Custom Answer
[22m[39m[ChatContext] Created AssistantChat: mock-assistantchat-1790416492973 at: 2026-09-26T09:54:52.973Z
[90mstdout[2m | src/components/Editor3/plugins/CustomAnswerPlugin.stories.jsx[2m > [22m[2mRead Only With Custom Answer
[22m[39m[Mock Storage] downloadData called with: undefined
[90mstdout[2m | src/components/Editor3/plugins/CustomAnswerPlugin.stories.jsx[2m > [22m[2mRead Only With Custom Answer
[22m[39m[ChatContext] Setting initial chat: mock-assistantchat-1790416492973
[90mstdout[2m | src/components/Editor3/plugins/CustomAnswerPlugin.stories.jsx[2m > [22m[2mRead Only With Custom Answer
[22m[39m[ChatContext] Chat exists and not archived, skipping creation
 [32m✓[39m [30m[45m storybook (chromium) [49m[39m src/components/Editor3/plugins/CustomAnswerPlugin.stories.jsx [2m([22m[2m3 tests[22m[2m)[22m[33m 2343[2mms[22m[39m
   [33m[2m✓[22m[39m Editable Empty [33m 458[2mms[22m[39m
   [33m[2m✓[22m[39m Editable With Custom Answer [33m 877[2mms[22m[39m
   [33m[2m✓[22m[39m Read Only With Custom Answer [33m 1006[2mms[22m[39m
[90mstdout[2m | unknown test
[22m[39m[MOCK vectorStoreDB.js] Module loaded - mock IndexedDB operations
[90mstdout[2m | unknown test
[22m[39m[Task Completion] DOM action listeners initialized
[90mstdout[2m | unknown test
[22m[39m[Task Completion] Auto-completion detector initialized
[90mstdout[2m | unknown test
[22m[39m[Preview] Task completion detector initialized
[90mstdout[2m | src/components/PracticeDrill/PracticeDrillWorkbook.stories.tsx[2m > [22m[2mDefault
[22m[39m[Preview] Skipped initializing default mock data (initializeMockData=false)
[90mstdout[2m | src/components/PracticeDrill/PracticeDrillWorkbook.stories.tsx[2m > [22m[2mDefault
[22m[39m[Mock Data] seedMockWords: Adding 5 words
[90mstdout[2m | src/components/PracticeDrill/PracticeDrillWorkbook.stories.tsx[2m > [22m[2mDefault
[22m[39m[Mock Data] seedMockUnit: Adding unit drill-workbook-story-unit
[90mstdout[2m | src/components/PracticeDrill/PracticeDrillWorkbook.stories.tsx[2m > [22m[2mDefault
[22m[39m[MOCK CourseVectorStore] Initialized with mock data
[90mstdout[2m | src/components/PracticeDrill/PracticeDrillWorkbook.stories.tsx[2m > [22m[2mDefault
[22m[39m[TranslationModeController] Setting mode to: off
[90mstdout[2m | src/components/PracticeDrill/PracticeDrillWorkbook.stories.tsx[2m > [22m[2mDefault
[22m[39m[UnitContext] useEffect triggered {
  "authLoading": false,
  "hasUser": true,
  "id": "drill-workbook-story-unit",
  "userSub": "mock-user-sub",
}
[90mstdout[2m | src/components/PracticeDrill/PracticeDrillWorkbook.stories.tsx[2m > [22m[2mDefault
[22m[39m[UnitContext] Fetching unit data for id: drill-workbook-story-unit
[90mstdout[2m | src/components/PracticeDrill/PracticeDrillWorkbook.stories.tsx[2m > [22m[2mDefault
[22m[39m[FilesContext] Initializing vector store from IndexedDB
[90mstdout[2m | src/components/PracticeDrill/PracticeDrillWorkbook.stories.tsx[2m > [22m[2mDefault
[22m[39m[FilesContext] fetchFiles called
[90mstdout[2m | src/components/PracticeDrill/PracticeDrillWorkbook.stories.tsx[2m > [22m[2mDefault
[22m[39m[FilesContext] User authenticated: mock-user-sub
[90mstdout[2m | src/components/PracticeDrill/PracticeDrillWorkbook.stories.tsx[2m > [22m[2mDefault
[22m[39m[FilesContext] Identity ID: us-east-1:mock-identity-123
[90mstdout[2m | src/components/PracticeDrill/PracticeDrillWorkbook.stories.tsx[2m > [22m[2mDefault
[22m[39m[FilesContext] About to set up File observeQuery
[90mstdout[2m | src/components/PracticeDrill/PracticeDrillWorkbook.stories.tsx[2m > [22m[2mDefault
[22m[39m[ChatContext] Setting up AssistantChat observeQuery
[90mstdout[2m | src/components/PracticeDrill/PracticeDrillWorkbook.stories.tsx[2m > [22m[2mDefault
[22m[39m[ChatContext] Waiting for subscription to initialize
[90mstdout[2m | src/components/PracticeDrill/PracticeDrillWorkbook.stories.tsx[2m > [22m[2mDefault
[22m[39m[SettingsContext] Setting up Settings subscription for user: mock-user-sub
[90mstdout[2m | src/components/PracticeDrill/PracticeDrillWorkbook.stories.tsx[2m > [22m[2mDefault
[22m[39mQuestionBlockRo.grade {
  "_version": 1,
  "accuracy": null,
  "complete": false,
  "data": {},
  "id": "drill-grade-story-session-1",
}
[90mstdout[2m | src/components/PracticeDrill/PracticeDrillWorkbook.stories.tsx[2m > [22m[2mDefault
[22m[39m......!q {
  "answer": "Mitochondria",
  "correct": true,
}
[90mstdout[2m | src/components/PracticeDrill/PracticeDrillWorkbook.stories.tsx[2m > [22m[2mDefault
[22m[39m......!q {
  "answer": "Nucleus",
  "correct": false,
}
[90mstdout[2m | src/components/PracticeDrill/PracticeDrillWorkbook.stories.tsx[2m > [22m[2mDefault
[22m[39m......!q {
  "answer": "Ribosome",
  "correct": false,
}
[90mstdout[2m | src/components/PracticeDrill/PracticeDrillWorkbook.stories.tsx[2m > [22m[2mDefault
[22m[39m......!q {
  "answer": "Golgi apparatus",
  "correct": false,
}
[90mstdout[2m | src/components/PracticeDrill/PracticeDrillWorkbook.stories.tsx[2m > [22m[2mDefault
[22m[39mQuestionBlock.nodeKey 3 type: string
[90mstdout[2m | src/components/PracticeDrill/PracticeDrillWorkbook.stories.tsx[2m > [22m[2mDefault
[22m[39mQuestionBlock.questionContent [
  {
    "answer": "Mitochondria",
    "correct": true,
  },
  {
    "answer": "Nucleus",
    "correct": false,
  },
  {
    "answer": "Ribosome",
    "correct": false,
  },
  {
    "answer": "Golgi apparatus",
    "correct": false,
  },
]
[90mstdout[2m | src/components/PracticeDrill/PracticeDrillWorkbook.stories.tsx[2m > [22m[2mDefault
[22m[39mQuestionBlock.grade.data keys: []
[90mstdout[2m | src/components/PracticeDrill/PracticeDrillWorkbook.stories.tsx[2m > [22m[2mDefault
[22m[39mQuestionBlock.grade.data[nodeKey]: undefined
[90mstdout[2m | src/components/PracticeDrill/PracticeDrillWorkbook.stories.tsx[2m > [22m[2mDefault
[22m[39mQuestionBlockRo.inProgress {}
[90mstdout[2m | src/components/PracticeDrill/PracticeDrillWorkbook.stories.tsx[2m > [22m[2mDefault
[22m[39mEasy.nodeKey 11 type: string
[90mstdout[2m | src/components/PracticeDrill/PracticeDrillWorkbook.stories.tsx[2m > [22m[2mDefault
[22m[39mEasy.grade: {
  "_version": 1,
  "accuracy": null,
  "complete": false,
  "data": {},
  "id": "drill-grade-story-session-1",
}
[90mstdout[2m | src/components/PracticeDrill/PracticeDrillWorkbook.stories.tsx[2m > [22m[2mDefault
[22m[39mEasy.grade.data: {}
[90mstdout[2m | src/components/PracticeDrill/PracticeDrillWorkbook.stories.tsx[2m > [22m[2mDefault
[22m[39mEasy.grade.data === grade? false
[90mstdout[2m | src/components/PracticeDrill/PracticeDrillWorkbook.stories.tsx[2m > [22m[2mDefault
[22m[39mEasy.grade.data keys: []
[90mstdout[2m | src/components/PracticeDrill/PracticeDrillWorkbook.stories.tsx[2m > [22m[2mDefault
[22m[39mEasy.grade.data[nodeKey]: undefined
[90mstdout[2m | src/components/PracticeDrill/PracticeDrillWorkbook.stories.tsx[2m > [22m[2mDefault
[22m[39mEasy.inProgress {}
[90mstdout[2m | src/components/PracticeDrill/PracticeDrillWorkbook.stories.tsx[2m > [22m[2mDefault
[22m[39mHard.attemptedAnswers {}
[90mstdout[2m | src/components/PracticeDrill/PracticeDrillWorkbook.stories.tsx[2m > [22m[2mDefault
[22m[39mLearn._vocabulary []
[90mstdout[2m | src/components/PracticeDrill/PracticeDrillWorkbook.stories.tsx[2m > [22m[2mDefault
[22m[39mMeaningAssociationExercise._vocabulary []
[90mstdout[2m | src/components/PracticeDrill/PracticeDrillWorkbook.stories.tsx[2m > [22m[2mDefault
[22m[39mHard._vocabulary []
[90mstdout[2m | src/components/PracticeDrill/PracticeDrillWorkbook.stories.tsx[2m > [22m[2mDefault
[22m[39mEasy.nodeKey 11 type: string
[90mstdout[2m | src/components/PracticeDrill/PracticeDrillWorkbook.stories.tsx[2m > [22m[2mDefault
[22m[39mEasy.grade: {
  "_version": 1,
  "accuracy": null,
  "complete": false,
  "data": {},
  "id": "drill-grade-story-session-1",
}
[90mstdout[2m | src/components/PracticeDrill/PracticeDrillWorkbook.stories.tsx[2m > [22m[2mDefault
[22m[39mEasy.grade.data: {}
[90mstdout[2m | src/components/PracticeDrill/PracticeDrillWorkbook.stories.tsx[2m > [22m[2mDefault
[22m[39mEasy.grade.data === grade? false
[90mstdout[2m | src/components/PracticeDrill/PracticeDrillWorkbook.stories.tsx[2m > [22m[2mDefault
[22m[39mEasy.grade.data keys: []
[90mstdout[2m | src/components/PracticeDrill/PracticeDrillWorkbook.stories.tsx[2m > [22m[2mDefault
[22m[39mEasy.grade.data[nodeKey]: undefined
[90mstdout[2m | src/components/PracticeDrill/PracticeDrillWorkbook.stories.tsx[2m > [22m[2mDefault
[22m[39mEasy.inProgress {}
[90mstdout[2m | src/components/PracticeDrill/PracticeDrillWorkbook.stories.tsx[2m > [22m[2mDefault
[22m[39mHard.attemptedAnswers {}
[90mstdout[2m | src/components/PracticeDrill/PracticeDrillWorkbook.stories.tsx[2m > [22m[2mDefault
[22m[39m[Mock Data] Settings created: mock-settings-1790416501653 - notified 0 subscribers
[90mstdout[2m | src/components/PracticeDrill/PracticeDrillWorkbook.stories.tsx[2m > [22m[2mDefault
[22m[39m[Mock Data] Unit.onUpdate() subscription added. Total: 1
[90mstdout[2m | src/components/PracticeDrill/PracticeDrillWorkbook.stories.tsx[2m > [22m[2mDefault
[22m[39mQuestionBlockRo.grade {
  "_version": 1,
  "accuracy": null,
  "complete": false,
  "data": {},
  "id": "drill-grade-story-session-1",
}
[90mstdout[2m | src/components/PracticeDrill/PracticeDrillWorkbook.stories.tsx[2m > [22m[2mDefault
[22m[39m......!q {
  "answer": "Mitochondria",
  "correct": true,
}
[90mstdout[2m | src/components/PracticeDrill/PracticeDrillWorkbook.stories.tsx[2m > [22m[2mDefault
[22m[39m......!q {
  "answer": "Nucleus",
  "correct": false,
}
[90mstdout[2m | src/components/PracticeDrill/PracticeDrillWorkbook.stories.tsx[2m > [22m[2mDefault
[22m[39m......!q {
  "answer": "Ribosome",
  "correct": false,
}
[90mstdout[2m | src/components/PracticeDrill/PracticeDrillWorkbook.stories.tsx[2m > [22m[2mDefault
[22m[39m......!q {
  "answer": "Golgi apparatus",
  "correct": false,
}
[90mstdout[2m | src/components/PracticeDrill/PracticeDrillWorkbook.stories.tsx[2m > [22m[2mDefault
[22m[39mQuestionBlock.nodeKey 3 type: string
[90mstdout[2m | src/components/PracticeDrill/PracticeDrillWorkbook.stories.tsx[2m > [22m[2mDefault
[22m[39mQuestionBlock.questionContent [
  {
    "answer": "Mitochondria",
    "correct": true,
  },
  {
    "answer": "Nucleus",
    "correct": false,
  },
  {
    "answer": "Ribosome",
    "correct": false,
  },
  {
    "answer": "Golgi apparatus",
    "correct": false,
  },
]
[90mstdout[2m | src/components/PracticeDrill/PracticeDrillWorkbook.stories.tsx[2m > [22m[2mDefault
[22m[39mQuestionBlock.grade.data keys: []
[90mstdout[2m | src/components/PracticeDrill/PracticeDrillWorkbook.stories.tsx[2m > [22m[2mDefault
[22m[39mQuestionBlock.grade.data[nodeKey]: undefined
[90mstdout[2m | src/components/PracticeDrill/PracticeDrillWorkbook.stories.tsx[2m > [22m[2mDefault
[22m[39mQuestionBlockRo.inProgress {}
[90mstdout[2m | src/components/PracticeDrill/PracticeDrillWorkbook.stories.tsx[2m > [22m[2mDefault
[22m[39mEasy.nodeKey 11 type: string
[90mstdout[2m | src/components/PracticeDrill/PracticeDrillWorkbook.stories.tsx[2m > [22m[2mDefault
[22m[39mEasy.grade: {
  "_version": 1,
  "accuracy": null,
  "complete": false,
  "data": {},
  "id": "drill-grade-story-session-1",
}
[90mstdout[2m | src/components/PracticeDrill/PracticeDrillWorkbook.stories.tsx[2m > [22m[2mDefault
[22m[39mEasy.grade.data: {}
[90mstdout[2m | src/components/PracticeDrill/PracticeDrillWorkbook.stories.tsx[2m > [22m[2mDefault
[22m[39mEasy.grade.data === grade? false
[90mstdout[2m | src/components/PracticeDrill/PracticeDrillWorkbook.stories.tsx[2m > [22m[2mDefault
[22m[39mEasy.grade.data keys: []
[90mstdout[2m | src/components/PracticeDrill/PracticeDrillWorkbook.stories.tsx[2m > [22m[2mDefault
[22m[39mEasy.grade.data[nodeKey]: undefined
[90mstdout[2m | src/components/PracticeDrill/PracticeDrillWorkbook.stories.tsx[2m > [22m[2mDefault
[22m[39mEasy.inProgress {}
[90mstdout[2m | src/components/PracticeDrill/PracticeDrillWorkbook.stories.tsx[2m > [22m[2mDefault
[22m[39mHard.attemptedAnswers {}
[90mstdout[2m | src/components/PracticeDrill/PracticeDrillWorkbook.stories.tsx[2m > [22m[2mDefault
[22m[39m[SectionContext] Section observeQuery update: 0
[90mstdout[2m | src/components/PracticeDrill/PracticeDrillWorkbook.stories.tsx[2m > [22m[2mDefault
[22m[39m[FilesContext] File observeQuery update: 0 files
[90mstdout[2m | src/components/PracticeDrill/PracticeDrillWorkbook.stories.tsx[2m > [22m[2mDefault
[22m[39m[ChatContext] AssistantChat initialized with 0 chats
[90mstdout[2m | src/components/PracticeDrill/PracticeDrillWorkbook.stories.tsx[2m > [22m[2mDefault
[22m[39mfilterWords {
  "filter": "",
  "wordsCount": 0,
}
[90mstdout[2m | src/components/PracticeDrill/PracticeDrillWorkbook.stories.tsx[2m > [22m[2mDefault
[22m[39m[MOCK CourseVectorStore] Initialized with mock data
[90mstdout[2m | src/components/PracticeDrill/PracticeDrillWorkbook.stories.tsx[2m > [22m[2mDefault
[22m[39mQuestionBlockRo.grade {
  "_version": 1,
  "accuracy": null,
  "complete": false,
  "data": {},
  "id": "drill-grade-story-session-1",
}
[90mstdout[2m | src/components/PracticeDrill/PracticeDrillWorkbook.stories.tsx[2m > [22m[2mDefault
[22m[39m......!q {
  "answer": "Mitochondria",
  "correct": true,
}
[90mstdout[2m | src/components/PracticeDrill/PracticeDrillWorkbook.stories.tsx[2m > [22m[2mDefault
[22m[39m......!q {
  "answer": "Nucleus",
  "correct": false,
}
[90mstdout[2m | src/components/PracticeDrill/PracticeDrillWorkbook.stories.tsx[2m > [22m[2mDefault
[22m[39m......!q {
  "answer": "Ribosome",
  "correct": false,
}
[90mstdout[2m | src/components/PracticeDrill/PracticeDrillWorkbook.stories.tsx[2m > [22m[2mDefault
[22m[39m......!q {
  "answer": "Golgi apparatus",
  "correct": false,
}
[90mstdout[2m | src/components/PracticeDrill/PracticeDrillWorkbook.stories.tsx[2m > [22m[2mDefault
[22m[39mQuestionBlock.nodeKey 3 type: string
[90mstdout[2m | src/components/PracticeDrill/PracticeDrillWorkbook.stories.tsx[2m > [22m[2mDefault
[22m[39mQuestionBlock.questionContent [
  {
    "answer": "Mitochondria",
    "correct": true,
  },
  {
    "answer": "Nucleus",
    "correct": false,
  },
  {
    "answer": "Ribosome",
    "correct": false,
  },
  {
    "answer": "Golgi apparatus",
    "correct": false,
  },
]
[90mstdout[2m | src/components/PracticeDrill/PracticeDrillWorkbook.stories.tsx[2m > [22m[2mDefault
[22m[39mQuestionBlock.grade.data keys: []
[90mstdout[2m | src/components/PracticeDrill/PracticeDrillWorkbook.stories.tsx[2m > [22m[2mDefault
[22m[39mQuestionBlock.grade.data[nodeKey]: undefined
[90mstdout[2m | src/components/PracticeDrill/PracticeDrillWorkbook.stories.tsx[2m > [22m[2mDefault
[22m[39mQuestionBlockRo.inProgress {}
[90mstdout[2m | src/components/PracticeDrill/PracticeDrillWorkbook.stories.tsx[2m > [22m[2mDefault
[22m[39mEasy.nodeKey 11 type: string
[90mstdout[2m | src/components/PracticeDrill/PracticeDrillWorkbook.stories.tsx[2m > [22m[2mDefault
[22m[39mEasy.grade: {
  "_version": 1,
  "accuracy": null,
  "complete": false,
  "data": {},
  "id": "drill-grade-story-session-1",
}
[90mstdout[2m | src/components/PracticeDrill/PracticeDrillWorkbook.stories.tsx[2m > [22m[2mDefault
[22m[39mEasy.grade.data: {}
[90mstdout[2m | src/components/PracticeDrill/PracticeDrillWorkbook.stories.tsx[2m > [22m[2mDefault
[22m[39mEasy.grade.data === grade? false
[90mstdout[2m | src/components/PracticeDrill/PracticeDrillWorkbook.stories.tsx[2m > [22m[2mDefault
[22m[39mEasy.grade.data keys: []
[90mstdout[2m | src/components/PracticeDrill/PracticeDrillWorkbook.stories.tsx[2m > [22m[2mDefault
[22m[39mEasy.grade.data[nodeKey]: undefined
[90mstdout[2m | src/components/PracticeDrill/PracticeDrillWorkbook.stories.tsx[2m > [22m[2mDefault
[22m[39mEasy.inProgress {}
[90mstdout[2m | src/components/PracticeDrill/PracticeDrillWorkbook.stories.tsx[2m > [22m[2mDefault
[22m[39mHard.attemptedAnswers {}
[90mstdout[2m | src/components/PracticeDrill/PracticeDrillWorkbook.stories.tsx[2m > [22m[2mDefault
[22m[39mLearn._vocabulary []
[90mstdout[2m | src/components/PracticeDrill/PracticeDrillWorkbook.stories.tsx[2m > [22m[2mDefault
[22m[39mMeaningAssociationExercise._vocabulary []
[90mstdout[2m | src/components/PracticeDrill/PracticeDrillWorkbook.stories.tsx[2m > [22m[2mDefault
[22m[39mHard._vocabulary []
[90mstdout[2m | src/components/PracticeDrill/PracticeDrillWorkbook.stories.tsx[2m > [22m[2mDefault
[22m[39m[ChatContext] No current chat available, will create one
[90mstdout[2m | src/components/PracticeDrill/PracticeDrillWorkbook.stories.tsx[2m > [22m[2mDefault
[22m[39m[ChatContext] Creating AssistantChat with user: undefined
[90mstdout[2m | src/components/PracticeDrill/PracticeDrillWorkbook.stories.tsx[2m > [22m[2mDefault
[22m[39m[Mock Data] AssistantChat created: mock-assistantchat-1790416501838 - notified 1 subscribers
[90mstdout[2m | src/components/PracticeDrill/PracticeDrillWorkbook.stories.tsx[2m > [22m[2mDefault
[22m[39mEasy.nodeKey 11 type: string
[90mstdout[2m | src/components/PracticeDrill/PracticeDrillWorkbook.stories.tsx[2m > [22m[2mDefault
[22m[39mEasy.grade: {
  "_version": 1,
  "accuracy": null,
  "complete": false,
  "data": {},
  "id": "drill-grade-story-session-1",
}
[90mstdout[2m | src/components/PracticeDrill/PracticeDrillWorkbook.stories.tsx[2m > [22m[2mDefault
[22m[39mEasy.grade.data: {}
[90mstdout[2m | src/components/PracticeDrill/PracticeDrillWorkbook.stories.tsx[2m > [22m[2mDefault
[22m[39mEasy.grade.data === grade? false
[90mstdout[2m | src/components/PracticeDrill/PracticeDrillWorkbook.stories.tsx[2m > [22m[2mDefault
[22m[39mEasy.grade.data keys: []
[90mstdout[2m | src/components/PracticeDrill/PracticeDrillWorkbook.stories.tsx[2m > [22m[2mDefault
[22m[39mEasy.grade.data[nodeKey]: undefined
[90mstdout[2m | src/components/PracticeDrill/PracticeDrillWorkbook.stories.tsx[2m > [22m[2mDefault
[22m[39mEasy.inProgress {}
[90mstdout[2m | src/components/PracticeDrill/PracticeDrillWorkbook.stories.tsx[2m > [22m[2mDefault
[22m[39mHard.attemptedAnswers {}
[90mstdout[2m | src/components/PracticeDrill/PracticeDrillWorkbook.stories.tsx[2m > [22m[2mDefault
[22m[39mQuestionBlockRo.grade {
  "_version": 1,
  "accuracy": null,
  "complete": false,
  "data": {},
  "id": "drill-grade-story-session-1",
}
[90mstdout[2m | src/components/PracticeDrill/PracticeDrillWorkbook.stories.tsx[2m > [22m[2mDefault
[22m[39m......!q {
  "answer": "Mitochondria",
  "correct": true,
}
[90mstdout[2m | src/components/PracticeDrill/PracticeDrillWorkbook.stories.tsx[2m > [22m[2mDefault
[22m[39m......!q {
  "answer": "Nucleus",
  "correct": false,
}
[90mstdout[2m | src/components/PracticeDrill/PracticeDrillWorkbook.stories.tsx[2m > [22m[2mDefault
[22m[39m......!q {
  "answer": "Ribosome",
  "correct": false,
}
[90mstdout[2m | src/components/PracticeDrill/PracticeDrillWorkbook.stories.tsx[2m > [22m[2mDefault
[22m[39m......!q {
  "answer": "Golgi apparatus",
  "correct": false,
}
[90mstdout[2m | src/components/PracticeDrill/PracticeDrillWorkbook.stories.tsx[2m > [22m[2mDefault
[22m[39mQuestionBlock.nodeKey 14 type: string
[90mstdout[2m | src/components/PracticeDrill/PracticeDrillWorkbook.stories.tsx[2m > [22m[2mDefault
[22m[39mQuestionBlock.questionContent [
  {
    "answer": "Mitochondria",
    "correct": true,
  },
  {
    "answer": "Nucleus",
    "correct": false,
  },
  {
    "answer": "Ribosome",
    "correct": false,
  },
  {
    "answer": "Golgi apparatus",
    "correct": false,
  },
]
[90mstdout[2m | src/components/PracticeDrill/PracticeDrillWorkbook.stories.tsx[2m > [22m[2mDefault
[22m[39mQuestionBlock.grade.data keys: []
[90mstdout[2m | src/components/PracticeDrill/PracticeDrillWorkbook.stories.tsx[2m > [22m[2mDefault
[22m[39mQuestionBlock.grade.data[nodeKey]: undefined
[90mstdout[2m | src/components/PracticeDrill/PracticeDrillWorkbook.stories.tsx[2m > [22m[2mDefault
[22m[39mQuestionBlockRo.inProgress {}
[90mstdout[2m | src/components/PracticeDrill/PracticeDrillWorkbook.stories.tsx[2m > [22m[2mDefault
[22m[39mEasy.nodeKey 22 type: string
[90mstdout[2m | src/components/PracticeDrill/PracticeDrillWorkbook.stories.tsx[2m > [22m[2mDefault
[22m[39mEasy.grade: {
  "_version": 1,
  "accuracy": null,
  "complete": false,
  "data": {},
  "id": "drill-grade-story-session-1",
}
[90mstdout[2m | src/components/PracticeDrill/PracticeDrillWorkbook.stories.tsx[2m > [22m[2mDefault
[22m[39mEasy.grade.data: {}
[90mstdout[2m | src/components/PracticeDrill/PracticeDrillWorkbook.stories.tsx[2m > [22m[2mDefault
[22m[39mEasy.grade.data === grade? false
[90mstdout[2m | src/components/PracticeDrill/PracticeDrillWorkbook.stories.tsx[2m > [22m[2mDefault
[22m[39mEasy.grade.data keys: []
[90mstdout[2m | src/components/PracticeDrill/PracticeDrillWorkbook.stories.tsx[2m > [22m[2mDefault
[22m[39mEasy.grade.data[nodeKey]: undefined
[90mstdout[2m | src/components/PracticeDrill/PracticeDrillWorkbook.stories.tsx[2m > [22m[2mDefault
[22m[39mEasy.inProgress {}
[90mstdout[2m | src/components/PracticeDrill/PracticeDrillWorkbook.stories.tsx[2m > [22m[2mDefault
[22m[39mHard.attemptedAnswers {}
[90mstdout[2m | src/components/PracticeDrill/PracticeDrillWorkbook.stories.tsx[2m > [22m[2mDefault
[22m[39mLearn._vocabulary [
  {
    "_version": 1,
    "definition": "Process of converting light to energy",
    "id": "word-3",
    "owner": "mock-user-sub",
    "phrase": "Photosynthesis",
    "pronunciation": "foh-toh-SIN-thuh-sis",
  },
  {
    "_version": 1,
    "definition": "Process of converting glucose to ATP",
    "id": "word-4",
    "owner": "mock-user-sub",
    "phrase": "Respiration",
    "pronunciation": "res-puh-RAY-shun",
  },
  {
    "_version": 1,
    "definition": "Movement of water across a membrane",
    "id": "word-5",
    "owner": "mock-user-sub",
    "phrase": "Osmosis",
    "pronunciation": "oz-MOH-sis",
  },
]
[90mstdout[2m | src/components/PracticeDrill/PracticeDrillWorkbook.stories.tsx[2m > [22m[2mDefault
[22m[39mMeaningAssociationExercise._vocabulary [
  {
    "_version": 1,
    "definition": "Process of converting light to energy",
    "id": "word-3",
    "owner": "mock-user-sub",
    "phrase": "Photosynthesis",
    "pronunciation": "foh-toh-SIN-thuh-sis",
  },
  {
    "_version": 1,
    "definition": "Process of converting glucose to ATP",
    "id": "word-4",
    "owner": "mock-user-sub",
    "phrase": "Respiration",
    "pronunciation": "res-puh-RAY-shun",
  },
  {
    "_version": 1,
    "definition": "Movement of water across a membrane",
    "id": "word-5",
    "owner": "mock-user-sub",
    "phrase": "Osmosis",
    "pronunciation": "oz-MOH-sis",
  },
]
[90mstdout[2m | src/components/PracticeDrill/PracticeDrillWorkbook.stories.tsx[2m > [22m[2mDefault
[22m[39mHard._vocabulary [
  {
    "_version": 1,
    "definition": "Process of converting light to energy",
    "id": "word-3",
    "owner": "mock-user-sub",
    "phrase": "Photosynthesis",
    "pronunciation": "foh-toh-SIN-thuh-sis",
  },
  {
    "_version": 1,
    "definition": "Process of converting glucose to ATP",
    "id": "word-4",
    "owner": "mock-user-sub",
    "phrase": "Respiration",
    "pronunciation": "res-puh-RAY-shun",
  },
  {
    "_version": 1,
    "definition": "Movement of water across a membrane",
    "id": "word-5",
    "owner": "mock-user-sub",
    "phrase": "Osmosis",
    "pronunciation": "oz-MOH-sis",
  },
]
[90mstdout[2m | src/components/PracticeDrill/PracticeDrillWorkbook.stories.tsx[2m > [22m[2mDefault
[22m[39mEasy.nodeKey 22 type: string
[90mstdout[2m | src/components/PracticeDrill/PracticeDrillWorkbook.stories.tsx[2m > [22m[2mDefault
[22m[39mEasy.grade: {
  "_version": 1,
  "accuracy": null,
  "complete": false,
  "data": {},
  "id": "drill-grade-story-session-1",
}
[90mstdout[2m | src/components/PracticeDrill/PracticeDrillWorkbook.stories.tsx[2m > [22m[2mDefault
[22m[39mEasy.grade.data: {}
[90mstdout[2m | src/components/PracticeDrill/PracticeDrillWorkbook.stories.tsx[2m > [22m[2mDefault
[22m[39mEasy.grade.data === grade? false
[90mstdout[2m | src/components/PracticeDrill/PracticeDrillWorkbook.stories.tsx[2m > [22m[2mDefault
[22m[39mEasy.grade.data keys: []
[90mstdout[2m | src/components/PracticeDrill/PracticeDrillWorkbook.stories.tsx[2m > [22m[2mDefault
[22m[39mEasy.grade.data[nodeKey]: undefined
[90mstdout[2m | src/components/PracticeDrill/PracticeDrillWorkbook.stories.tsx[2m > [22m[2mDefault
[22m[39mEasy.inProgress {}
[90mstdout[2m | src/components/PracticeDrill/PracticeDrillWorkbook.stories.tsx[2m > [22m[2mDefault
[22m[39mHard.attemptedAnswers {}
[90mstdout[2m | src/components/PracticeDrill/PracticeDrillWorkbook.stories.tsx[2m > [22m[2mDefault
[22m[39m[ChatContext] Create result: {
  "data": {
    "_version": 1,
    "archived": false,
    "chatFiles": [Function anonymous],
    "createdAt": "2026-09-26T09:55:01.838Z",
    "id": "mock-assistantchat-1790416501838",
    "model": "gpt-4",
    "updatedAt": "2026-09-26T09:55:01.838Z",
  },
  "errors": [],
  "hasData": true,
  "hasErrors": true,
}
[90mstdout[2m | src/components/PracticeDrill/PracticeDrillWorkbook.stories.tsx[2m > [22m[2mDefault
[22m[39m[ChatContext] Created AssistantChat: mock-assistantchat-1790416501838 at: 2026-09-26T09:55:01.838Z
[90mstdout[2m | src/components/PracticeDrill/PracticeDrillWorkbook.stories.tsx[2m > [22m[2mDefault
[22m[39m[Mock Storage] downloadData called with: undefined
[90mstdout[2m | src/components/PracticeDrill/PracticeDrillWorkbook.stories.tsx[2m > [22m[2mDefault
[22m[39m[ChatContext] Setting initial chat: mock-assistantchat-1790416501838
[90mstdout[2m | src/components/PracticeDrill/PracticeDrillWorkbook.stories.tsx[2m > [22m[2mDefault
[22m[39m[ChatContext] Chat exists and not archived, skipping creation
[90mstdout[2m | src/components/PracticeDrill/PracticeDrillWorkbook.stories.tsx[2m > [22m[2mDefault
[22m[39mEasy.nodeKey 22 type: string
[90mstdout[2m | src/components/PracticeDrill/PracticeDrillWorkbook.stories.tsx[2m > [22m[2mDefault
[22m[39mEasy.grade: {
  "_version": 1,
  "accuracy": null,
  "complete": false,
  "data": {},
  "id": "drill-grade-story-session-1",
}
[90mstdout[2m | src/components/PracticeDrill/PracticeDrillWorkbook.stories.tsx[2m > [22m[2mDefault
[22m[39mEasy.grade.data: {}
[90mstdout[2m | src/components/PracticeDrill/PracticeDrillWorkbook.stories.tsx[2m > [22m[2mDefault
[22m[39mEasy.grade.data === grade? false
[90mstdout[2m | src/components/PracticeDrill/PracticeDrillWorkbook.stories.tsx[2m > [22m[2mDefault
[22m[39mEasy.grade.data keys: []
[90mstdout[2m | src/components/PracticeDrill/PracticeDrillWorkbook.stories.tsx[2m > [22m[2mDefault
[22m[39mEasy.grade.data[nodeKey]: undefined
[90mstdout[2m | src/components/PracticeDrill/PracticeDrillWorkbook.stories.tsx[2m > [22m[2mDefault
[22m[39mEasy.inProgress {}
[90mstdout[2m | src/components/PracticeDrill/PracticeDrillWorkbook.stories.tsx[2m > [22m[2mDefault
[22m[39mHard.attemptedAnswers {}
[90mstdout[2m | src/components/PracticeDrill/PracticeDrillWorkbook.stories.tsx[2m > [22m[2mEmpty
[22m[39m[ChatContext] Cleaning up subscriptions
[90mstdout[2m | src/components/PracticeDrill/PracticeDrillWorkbook.stories.tsx[2m > [22m[2mEmpty
[22m[39m[Mock Data] Unit.onUpdate() subscription removed. Remaining: 0
[90mstdout[2m | src/components/PracticeDrill/PracticeDrillWorkbook.stories.tsx[2m > [22m[2mEmpty
[22m[39m[Preview] Skipped initializing default mock data (initializeMockData=false)
[90mstdout[2m | src/components/PracticeDrill/PracticeDrillWorkbook.stories.tsx[2m > [22m[2mEmpty
[22m[39m[Mock Data] seedMockWords: Adding 5 words
[90mstdout[2m | src/components/PracticeDrill/PracticeDrillWorkbook.stories.tsx[2m > [22m[2mEmpty
[22m[39m[Mock Data] seedMockUnit: Adding unit drill-workbook-story-unit
[90mstdout[2m | src/components/PracticeDrill/PracticeDrillWorkbook.stories.tsx[2m > [22m[2mEmpty
[22m[39m[MOCK CourseVectorStore] Initialized with mock data
[90mstdout[2m | src/components/PracticeDrill/PracticeDrillWorkbook.stories.tsx[2m > [22m[2mEmpty
[22m[39m[TranslationModeController] Setting mode to: off
[90mstdout[2m | src/components/PracticeDrill/PracticeDrillWorkbook.stories.tsx[2m > [22m[2mEmpty
[22m[39m[UnitContext] useEffect triggered {
  "authLoading": false,
  "hasUser": true,
  "id": "drill-workbook-story-unit",
  "userSub": "mock-user-sub",
}
[90mstdout[2m | src/components/PracticeDrill/PracticeDrillWorkbook.stories.tsx[2m > [22m[2mEmpty
[22m[39m[UnitContext] Fetching unit data for id: drill-workbook-story-unit
[90mstdout[2m | src/components/PracticeDrill/PracticeDrillWorkbook.stories.tsx[2m > [22m[2mEmpty
[22m[39m[FilesContext] Initializing vector store from IndexedDB
[90mstdout[2m | src/components/PracticeDrill/PracticeDrillWorkbook.stories.tsx[2m > [22m[2mEmpty
[22m[39m[FilesContext] fetchFiles called
[90mstdout[2m | src/components/PracticeDrill/PracticeDrillWorkbook.stories.tsx[2m > [22m[2mEmpty
[22m[39m[FilesContext] User authenticated: mock-user-sub
[90mstdout[2m | src/components/PracticeDrill/PracticeDrillWorkbook.stories.tsx[2m > [22m[2mEmpty
[22m[39m[FilesContext] Identity ID: us-east-1:mock-identity-123
[90mstdout[2m | src/components/PracticeDrill/PracticeDrillWorkbook.stories.tsx[2m > [22m[2mEmpty
[22m[39m[FilesContext] About to set up File observeQuery
[90mstdout[2m | src/components/PracticeDrill/PracticeDrillWorkbook.stories.tsx[2m > [22m[2mEmpty
[22m[39m[ChatContext] Setting up AssistantChat observeQuery
[90mstdout[2m | src/components/PracticeDrill/PracticeDrillWorkbook.stories.tsx[2m > [22m[2mEmpty
[22m[39m[ChatContext] Waiting for subscription to initialize
[90mstdout[2m | src/components/PracticeDrill/PracticeDrillWorkbook.stories.tsx[2m > [22m[2mEmpty
[22m[39m[SettingsContext] Setting up Settings subscription for user: mock-user-sub
[90mstdout[2m | src/components/PracticeDrill/PracticeDrillWorkbook.stories.tsx[2m > [22m[2mEmpty
[22m[39m[Mock Data] Settings created: mock-settings-1790416502555 - notified 0 subscribers
[90mstdout[2m | src/components/PracticeDrill/PracticeDrillWorkbook.stories.tsx[2m > [22m[2mEmpty
[22m[39m[Mock Data] Unit.onUpdate() subscription added. Total: 1
[90mstdout[2m | src/components/PracticeDrill/PracticeDrillWorkbook.stories.tsx[2m > [22m[2mEmpty
[22m[39m[SectionContext] Section observeQuery update: 0
[90mstdout[2m | src/components/PracticeDrill/PracticeDrillWorkbook.stories.tsx[2m > [22m[2mEmpty
[22m[39m[Mock Storage] downloadData called with: undefined
[90mstdout[2m | src/components/PracticeDrill/PracticeDrillWorkbook.stories.tsx[2m > [22m[2mEmpty
[22m[39m[FilesContext] File observeQuery update: 0 files
[90mstdout[2m | src/components/PracticeDrill/PracticeDrillWorkbook.stories.tsx[2m > [22m[2mEmpty
[22m[39m[ChatContext] AssistantChat initialized with 0 chats
[90mstdout[2m | src/components/PracticeDrill/PracticeDrillWorkbook.stories.tsx[2m > [22m[2mEmpty
[22m[39m[MOCK CourseVectorStore] Initialized with mock data
[90mstdout[2m | src/components/PracticeDrill/PracticeDrillWorkbook.stories.tsx[2m > [22m[2mEmpty
[22m[39m[ChatContext] No current chat available, will create one
[90mstdout[2m | src/components/PracticeDrill/PracticeDrillWorkbook.stories.tsx[2m > [22m[2mEmpty
[22m[39m[ChatContext] Creating AssistantChat with user: undefined
[90mstdout[2m | src/components/PracticeDrill/PracticeDrillWorkbook.stories.tsx[2m > [22m[2mEmpty
[22m[39m[Mock Data] AssistantChat created: mock-assistantchat-1790416502566 - notified 1 subscribers
[90mstdout[2m | src/components/PracticeDrill/PracticeDrillWorkbook.stories.tsx[2m > [22m[2mEmpty
[22m[39m[ChatContext] Create result: {
  "data": {
    "_version": 1,
    "archived": false,
    "chatFiles": [Function anonymous],
    "createdAt": "2026-09-26T09:55:02.566Z",
    "id": "mock-assistantchat-1790416502566",
    "model": "gpt-4",
    "updatedAt": "2026-09-26T09:55:02.566Z",
  },
  "errors": [],
  "hasData": true,
  "hasErrors": true,
}
[90mstdout[2m | src/components/PracticeDrill/PracticeDrillWorkbook.stories.tsx[2m > [22m[2mEmpty
[22m[39m[ChatContext] Created AssistantChat: mock-assistantchat-1790416502566 at: 2026-09-26T09:55:02.566Z
[90mstdout[2m | src/components/PracticeDrill/PracticeDrillWorkbook.stories.tsx[2m > [22m[2mEmpty
[22m[39m[ChatContext] Setting initial chat: mock-assistantchat-1790416502566
[90mstdout[2m | src/components/PracticeDrill/PracticeDrillWorkbook.stories.tsx[2m > [22m[2mEmpty
[22m[39m[ChatContext] Chat exists and not archived, skipping creation
[90mstdout[2m | src/components/PracticeDrill/PracticeDrillWorkbook.stories.tsx[2m > [22m[2mWith Document Refs
[22m[39m[ChatContext] Cleaning up subscriptions
[90mstdout[2m | src/components/PracticeDrill/PracticeDrillWorkbook.stories.tsx[2m > [22m[2mWith Document Refs
[22m[39m[Mock Data] Unit.onUpdate() subscription removed. Remaining: 0
[90mstdout[2m | src/components/PracticeDrill/PracticeDrillWorkbook.stories.tsx[2m > [22m[2mWith Document Refs
[22m[39m[Preview] Skipped initializing default mock data (initializeMockData=false)
[90mstdout[2m | src/components/PracticeDrill/PracticeDrillWorkbook.stories.tsx[2m > [22m[2mWith Document Refs
[22m[39m[Mock Data] seedMockWords: Adding 5 words
[90mstdout[2m | src/components/PracticeDrill/PracticeDrillWorkbook.stories.tsx[2m > [22m[2mWith Document Refs
[22m[39m[Mock Data] seedMockUnit: Adding unit drill-workbook-story-unit
[90mstdout[2m | src/components/PracticeDrill/PracticeDrillWorkbook.stories.tsx[2m > [22m[2mWith Document Refs
[22m[39m[MOCK CourseVectorStore] Initialized with mock data
[90mstdout[2m | src/components/PracticeDrill/PracticeDrillWorkbook.stories.tsx[2m > [22m[2mWith Document Refs
[22m[39m[TranslationModeController] Setting mode to: off
[90mstdout[2m | src/components/PracticeDrill/PracticeDrillWorkbook.stories.tsx[2m > [22m[2mWith Document Refs
[22m[39m[UnitContext] useEffect triggered {
  "authLoading": false,
  "hasUser": true,
  "id": "drill-workbook-story-unit",
  "userSub": "mock-user-sub",
}
[90mstdout[2m | src/components/PracticeDrill/PracticeDrillWorkbook.stories.tsx[2m > [22m[2mWith Document Refs
[22m[39m[UnitContext] Fetching unit data for id: drill-workbook-story-unit
[90mstdout[2m | src/components/PracticeDrill/PracticeDrillWorkbook.stories.tsx[2m > [22m[2mWith Document Refs
[22m[39m[FilesContext] Initializing vector store from IndexedDB
[90mstdout[2m | src/components/PracticeDrill/PracticeDrillWorkbook.stories.tsx[2m > [22m[2mWith Document Refs
[22m[39m[FilesContext] fetchFiles called
[90mstdout[2m | src/components/PracticeDrill/PracticeDrillWorkbook.stories.tsx[2m > [22m[2mWith Document Refs
[22m[39m[FilesContext] User authenticated: mock-user-sub
[90mstdout[2m | src/components/PracticeDrill/PracticeDrillWorkbook.stories.tsx[2m > [22m[2mWith Document Refs
[22m[39m[FilesContext] Identity ID: us-east-1:mock-identity-123
[90mstdout[2m | src/components/PracticeDrill/PracticeDrillWorkbook.stories.tsx[2m > [22m[2mWith Document Refs
[22m[39m[FilesContext] About to set up File observeQuery
[90mstdout[2m | src/components/PracticeDrill/PracticeDrillWorkbook.stories.tsx[2m > [22m[2mWith Document Refs
[22m[39m[ChatContext] Setting up AssistantChat observeQuery
[90mstdout[2m | src/components/PracticeDrill/PracticeDrillWorkbook.stories.tsx[2m > [22m[2mWith Document Refs
[22m[39m[ChatContext] Waiting for subscription to initialize
[90mstdout[2m | src/components/PracticeDrill/PracticeDrillWorkbook.stories.tsx[2m > [22m[2mWith Document Refs
[22m[39m[SettingsContext] Setting up Settings subscription for user: mock-user-sub
[90mstdout[2m | src/components/PracticeDrill/PracticeDrillWorkbook.stories.tsx[2m > [22m[2mWith Document Refs
[22m[39mQuestionBlockRo.grade {
  "_version": 1,
  "accuracy": null,
  "complete": false,
  "data": {},
  "id": "drill-grade-story-session-5",
}
[90mstdout[2m | src/components/PracticeDrill/PracticeDrillWorkbook.stories.tsx[2m > [22m[2mWith Document Refs
[22m[39m......!q {
  "answer": "Mitochondria",
  "correct": true,
}
[90mstdout[2m | src/components/PracticeDrill/PracticeDrillWorkbook.stories.tsx[2m > [22m[2mWith Document Refs
[22m[39m......!q {
  "answer": "Nucleus",
  "correct": false,
}
[90mstdout[2m | src/components/PracticeDrill/PracticeDrillWorkbook.stories.tsx[2m > [22m[2mWith Document Refs
[22m[39m......!q {
  "answer": "Ribosome",
  "correct": false,
}
[90mstdout[2m | src/components/PracticeDrill/PracticeDrillWorkbook.stories.tsx[2m > [22m[2mWith Document Refs
[22m[39m......!q {
  "answer": "Golgi apparatus",
  "correct": false,
}
[90mstdout[2m | src/components/PracticeDrill/PracticeDrillWorkbook.stories.tsx[2m > [22m[2mWith Document Refs
[22m[39mQuestionBlock.nodeKey 27 type: string
[90mstdout[2m | src/components/PracticeDrill/PracticeDrillWorkbook.stories.tsx[2m > [22m[2mWith Document Refs
[22m[39mQuestionBlock.questionContent [
  {
    "answer": "Mitochondria",
    "correct": true,
  },
  {
    "answer": "Nucleus",
    "correct": false,
  },
  {
    "answer": "Ribosome",
    "correct": false,
  },
  {
    "answer": "Golgi apparatus",
    "correct": false,
  },
]
[90mstdout[2m | src/components/PracticeDrill/PracticeDrillWorkbook.stories.tsx[2m > [22m[2mWith Document Refs
[22m[39mQuestionBlock.grade.data keys: []
[90mstdout[2m | src/components/PracticeDrill/PracticeDrillWorkbook.stories.tsx[2m > [22m[2mWith Document Refs
[22m[39mQuestionBlock.grade.data[nodeKey]: undefined
[90mstdout[2m | src/components/PracticeDrill/PracticeDrillWorkbook.stories.tsx[2m > [22m[2mWith Document Refs
[22m[39mQuestionBlockRo.inProgress {}
[90mstdout[2m | src/components/PracticeDrill/PracticeDrillWorkbook.stories.tsx[2m > [22m[2mWith Document Refs
[22m[39m[Mock Data] Settings created: mock-settings-1790416502768 - notified 0 subscribers
[90mstdout[2m | src/components/PracticeDrill/PracticeDrillWorkbook.stories.tsx[2m > [22m[2mWith Document Refs
[22m[39m[Mock Data] Unit.onUpdate() subscription added. Total: 1
[90mstdout[2m | src/components/PracticeDrill/PracticeDrillWorkbook.stories.tsx[2m > [22m[2mWith Document Refs
[22m[39mQuestionBlockRo.grade {
  "_version": 1,
  "accuracy": null,
  "complete": false,
  "data": {},
  "id": "drill-grade-story-session-5",
}
[90mstdout[2m | src/components/PracticeDrill/PracticeDrillWorkbook.stories.tsx[2m > [22m[2mWith Document Refs
[22m[39m......!q {
  "answer": "Mitochondria",
  "correct": true,
}
[90mstdout[2m | src/components/PracticeDrill/PracticeDrillWorkbook.stories.tsx[2m > [22m[2mWith Document Refs
[22m[39m......!q {
  "answer": "Nucleus",
  "correct": false,
}
[90mstdout[2m | src/components/PracticeDrill/PracticeDrillWorkbook.stories.tsx[2m > [22m[2mWith Document Refs
[22m[39m......!q {
  "answer": "Ribosome",
  "correct": false,
}
[90mstdout[2m | src/components/PracticeDrill/PracticeDrillWorkbook.stories.tsx[2m > [22m[2mWith Document Refs
[22m[39m......!q {
  "answer": "Golgi apparatus",
  "correct": false,
}
[90mstdout[2m | src/components/PracticeDrill/PracticeDrillWorkbook.stories.tsx[2m > [22m[2mWith Document Refs
[22m[39mQuestionBlock.nodeKey 27 type: string
[90mstdout[2m | src/components/PracticeDrill/PracticeDrillWorkbook.stories.tsx[2m > [22m[2mWith Document Refs
[22m[39mQuestionBlock.questionContent [
  {
    "answer": "Mitochondria",
    "correct": true,
  },
  {
    "answer": "Nucleus",
    "correct": false,
  },
  {
    "answer": "Ribosome",
    "correct": false,
  },
  {
    "answer": "Golgi apparatus",
    "correct": false,
  },
]
[90mstdout[2m | src/components/PracticeDrill/PracticeDrillWorkbook.stories.tsx[2m > [22m[2mWith Document Refs
[22m[39mQuestionBlock.grade.data keys: []
[90mstdout[2m | src/components/PracticeDrill/PracticeDrillWorkbook.stories.tsx[2m > [22m[2mWith Document Refs
[22m[39mQuestionBlock.grade.data[nodeKey]: undefined
[90mstdout[2m | src/components/PracticeDrill/PracticeDrillWorkbook.stories.tsx[2m > [22m[2mWith Document Refs
[22m[39mQuestionBlockRo.inProgress {}
[90mstdout[2m | src/components/PracticeDrill/PracticeDrillWorkbook.stories.tsx[2m > [22m[2mWith Document Refs
[22m[39m[SectionContext] Section observeQuery update: 0
[90mstdout[2m | src/components/PracticeDrill/PracticeDrillWorkbook.stories.tsx[2m > [22m[2mWith Document Refs
[22m[39m[FilesContext] File observeQuery update: 0 files
[90mstdout[2m | src/components/PracticeDrill/PracticeDrillWorkbook.stories.tsx[2m > [22m[2mWith Document Refs
[22m[39m[ChatContext] AssistantChat initialized with 0 chats
[90mstdout[2m | src/components/PracticeDrill/PracticeDrillWorkbook.stories.tsx[2m > [22m[2mWith Document Refs
[22m[39m[MOCK CourseVectorStore] Initialized with mock data
[90mstdout[2m | src/components/PracticeDrill/PracticeDrillWorkbook.stories.tsx[2m > [22m[2mWith Document Refs
[22m[39mQuestionBlockRo.grade {
  "_version": 1,
  "accuracy": null,
  "complete": false,
  "data": {},
  "id": "drill-grade-story-session-5",
}
[90mstdout[2m | src/components/PracticeDrill/PracticeDrillWorkbook.stories.tsx[2m > [22m[2mWith Document Refs
[22m[39m......!q {
  "answer": "Mitochondria",
  "correct": true,
}
[90mstdout[2m | src/components/PracticeDrill/PracticeDrillWorkbook.stories.tsx[2m > [22m[2mWith Document Refs
[22m[39m......!q {
  "answer": "Nucleus",
  "correct": false,
}
[90mstdout[2m | src/components/PracticeDrill/PracticeDrillWorkbook.stories.tsx[2m > [22m[2mWith Document Refs
[22m[39m......!q {
  "answer": "Ribosome",
  "correct": false,
}
[90mstdout[2m | src/components/PracticeDrill/PracticeDrillWorkbook.stories.tsx[2m > [22m[2mWith Document Refs
[22m[39m......!q {
  "answer": "Golgi apparatus",
  "correct": false,
}
[90mstdout[2m | src/components/PracticeDrill/PracticeDrillWorkbook.stories.tsx[2m > [22m[2mWith Document Refs
[22m[39mQuestionBlock.nodeKey 27 type: string
[90mstdout[2m | src/components/PracticeDrill/PracticeDrillWorkbook.stories.tsx[2m > [22m[2mWith Document Refs
[22m[39mQuestionBlock.questionContent [
  {
    "answer": "Mitochondria",
    "correct": true,
  },
  {
    "answer": "Nucleus",
    "correct": false,
  },
  {
    "answer": "Ribosome",
    "correct": false,
  },
  {
    "answer": "Golgi apparatus",
    "correct": false,
  },
]
[90mstdout[2m | src/components/PracticeDrill/PracticeDrillWorkbook.stories.tsx[2m > [22m[2mWith Document Refs
[22m[39mQuestionBlock.grade.data keys: []
[90mstdout[2m | src/components/PracticeDrill/PracticeDrillWorkbook.stories.tsx[2m > [22m[2mWith Document Refs
[22m[39mQuestionBlock.grade.data[nodeKey]: undefined
[90mstdout[2m | src/components/PracticeDrill/PracticeDrillWorkbook.stories.tsx[2m > [22m[2mWith Document Refs
[22m[39mQuestionBlockRo.inProgress {}
[90mstdout[2m | src/components/PracticeDrill/PracticeDrillWorkbook.stories.tsx[2m > [22m[2mWith Document Refs
[22m[39m[ChatContext] No current chat available, will create one
[90mstdout[2m | src/components/PracticeDrill/PracticeDrillWorkbook.stories.tsx[2m > [22m[2mWith Document Refs
[22m[39m[ChatContext] Creating AssistantChat with user: undefined
[90mstdout[2m | src/components/PracticeDrill/PracticeDrillWorkbook.stories.tsx[2m > [22m[2mWith Document Refs
[22m[39m[Mock Data] AssistantChat created: mock-assistantchat-1790416502935 - notified 1 subscribers
[90mstdout[2m | src/components/PracticeDrill/PracticeDrillWorkbook.stories.tsx[2m > [22m[2mWith Document Refs
[22m[39mQuestionBlockRo.grade {
  "_version": 1,
  "accuracy": null,
  "complete": false,
  "data": {},
  "id": "drill-grade-story-session-5",
}
[90mstdout[2m | src/components/PracticeDrill/PracticeDrillWorkbook.stories.tsx[2m > [22m[2mWith Document Refs
[22m[39m......!q {
  "answer": "Mitochondria",
  "correct": true,
}
[90mstdout[2m | src/components/PracticeDrill/PracticeDrillWorkbook.stories.tsx[2m > [22m[2mWith Document Refs
[22m[39m......!q {
  "answer": "Nucleus",
  "correct": false,
}
[90mstdout[2m | src/components/PracticeDrill/PracticeDrillWorkbook.stories.tsx[2m > [22m[2mWith Document Refs
[22m[39m......!q {
  "answer": "Ribosome",
  "correct": false,
}
[90mstdout[2m | src/components/PracticeDrill/PracticeDrillWorkbook.stories.tsx[2m > [22m[2mWith Document Refs
[22m[39m......!q {
  "answer": "Golgi apparatus",
  "correct": false,
}
[90mstdout[2m | src/components/PracticeDrill/PracticeDrillWorkbook.stories.tsx[2m > [22m[2mWith Document Refs
[22m[39mQuestionBlock.nodeKey 38 type: string
[90mstdout[2m | src/components/PracticeDrill/PracticeDrillWorkbook.stories.tsx[2m > [22m[2mWith Document Refs
[22m[39mQuestionBlock.questionContent [
  {
    "answer": "Mitochondria",
    "correct": true,
  },
  {
    "answer": "Nucleus",
    "correct": false,
  },
  {
    "answer": "Ribosome",
    "correct": false,
  },
  {
    "answer": "Golgi apparatus",
    "correct": false,
  },
]
[90mstdout[2m | src/components/PracticeDrill/PracticeDrillWorkbook.stories.tsx[2m > [22m[2mWith Document Refs
[22m[39mQuestionBlock.grade.data keys: []
[90mstdout[2m | src/components/PracticeDrill/PracticeDrillWorkbook.stories.tsx[2m > [22m[2mWith Document Refs
[22m[39mQuestionBlock.grade.data[nodeKey]: undefined
[90mstdout[2m | src/components/PracticeDrill/PracticeDrillWorkbook.stories.tsx[2m > [22m[2mWith Document Refs
[22m[39mQuestionBlockRo.inProgress {}
[90mstdout[2m | src/components/PracticeDrill/PracticeDrillWorkbook.stories.tsx[2m > [22m[2mWith Document Refs
[22m[39m[ChatContext] Create result: {
  "data": {
    "_version": 1,
    "archived": false,
    "chatFiles": [Function anonymous],
    "createdAt": "2026-09-26T09:55:02.935Z",
    "id": "mock-assistantchat-1790416502935",
    "model": "gpt-4",
    "updatedAt": "2026-09-26T09:55:02.935Z",
  },
  "errors": [],
  "hasData": true,
  "hasErrors": true,
}
[90mstdout[2m | src/components/PracticeDrill/PracticeDrillWorkbook.stories.tsx[2m > [22m[2mWith Document Refs
[22m[39m[ChatContext] Created AssistantChat: mock-assistantchat-1790416502935 at: 2026-09-26T09:55:02.935Z
[90mstdout[2m | src/components/PracticeDrill/PracticeDrillWorkbook.stories.tsx[2m > [22m[2mWith Document Refs
[22m[39m[Mock Storage] downloadData called with: undefined
[90mstdout[2m | src/components/PracticeDrill/PracticeDrillWorkbook.stories.tsx[2m > [22m[2mWith Document Refs
[22m[39m[ChatContext] Setting initial chat: mock-assistantchat-1790416502935
[90mstdout[2m | src/components/PracticeDrill/PracticeDrillWorkbook.stories.tsx[2m > [22m[2mWith Document Refs
[22m[39m[ChatContext] Chat exists and not archived, skipping creation
[90mstdout[2m | src/components/PracticeDrill/PracticeDrillWorkbook.stories.tsx[2m > [22m[2mWith Document Refs
[22m[39mfilterWords {
  "filter": "",
  "wordsCount": 5,
}
 [32m✓[39m [30m[45m storybook (chromium) [49m[39m src/components/PracticeDrill/PracticeDrillWorkbook.stories.tsx [2m([22m[2m3 tests[22m[2m)[22m[33m 1776[2mms[22m[39m
   [33m[2m✓[22m[39m Default [33m 1128[2mms[22m[39m
   [33m[2m✓[22m[39m With Document Refs [33m 525[2mms[22m[39m
[90mstdout[2m | unknown test
[22m[39m[MOCK vectorStoreDB.js] Module loaded - mock IndexedDB operations
[90mstdout[2m | unknown test
[22m[39m[Task Completion] DOM action listeners initialized
[90mstdout[2m | unknown test
[22m[39m[Task Completion] Auto-completion detector initialized
[90mstdout[2m | unknown test
[22m[39m[Preview] Task completion detector initialized
[90mstdout[2m | src/components/JobsDashboard.stories.tsx[2m > [22m[2mDefault
[22m[39m[MOCK CourseVectorStore] Initialized with mock data
[90mstdout[2m | src/components/JobsDashboard.stories.tsx[2m > [22m[2mDefault
[22m[39m[TranslationModeController] Setting mode to: off
[90mstdout[2m | src/components/JobsDashboard.stories.tsx[2m > [22m[2mDefault
[22m[39m[UnitContext] useEffect triggered {
  "authLoading": false,
  "hasUser": true,
  "id": "mock-unit-id",
  "userSub": "mock-user-sub",
}
[90mstdout[2m | src/components/JobsDashboard.stories.tsx[2m > [22m[2mDefault
[22m[39m[UnitContext] Fetching unit data for id: mock-unit-id
[90mstdout[2m | src/components/JobsDashboard.stories.tsx[2m > [22m[2mDefault
[22m[39m[FilesContext] Initializing vector store from IndexedDB
[90mstdout[2m | src/components/JobsDashboard.stories.tsx[2m > [22m[2mDefault
[22m[39m[FilesContext] fetchFiles called
[90mstdout[2m | src/components/JobsDashboard.stories.tsx[2m > [22m[2mDefault
[22m[39m[FilesContext] User authenticated: mock-user-sub
[90mstdout[2m | src/components/JobsDashboard.stories.tsx[2m > [22m[2mDefault
[22m[39m[FilesContext] Identity ID: us-east-1:mock-identity-123
[90mstdout[2m | src/components/JobsDashboard.stories.tsx[2m > [22m[2mDefault
[22m[39m[FilesContext] About to set up File observeQuery
[90mstdout[2m | src/components/JobsDashboard.stories.tsx[2m > [22m[2mDefault
[22m[39m[ChatContext] Setting up AssistantChat observeQuery
[90mstdout[2m | src/components/JobsDashboard.stories.tsx[2m > [22m[2mDefault
[22m[39m[ChatContext] Waiting for subscription to initialize
[90mstdout[2m | src/components/JobsDashboard.stories.tsx[2m > [22m[2mDefault
[22m[39m[SettingsContext] Setting up Settings subscription for user: mock-user-sub
[90mstdout[2m | src/components/JobsDashboard.stories.tsx[2m > [22m[2mDefault
[22m[39m[Mock Data] Settings created: mock-settings-1790416504690 - notified 0 subscribers
[90mstdout[2m | src/components/JobsDashboard.stories.tsx[2m > [22m[2mDefault
[22m[39m[Mock Data] Unit.onUpdate() subscription added. Total: 1
[90mstdout[2m | src/components/JobsDashboard.stories.tsx[2m > [22m[2mDefault
[22m[39m[SectionContext] Section observeQuery update: 0
[90mstdout[2m | src/components/JobsDashboard.stories.tsx[2m > [22m[2mDefault
[22m[39m[FilesContext] File observeQuery update: 6 files
[90mstdout[2m | src/components/JobsDashboard.stories.tsx[2m > [22m[2mDefault
[22m[39m[ChatContext] AssistantChat initialized with 1 chats
[90mstdout[2m | src/components/JobsDashboard.stories.tsx[2m > [22m[2mDefault
[22m[39m[ChatContext] Setting initial chat: mock-assistant-chat-1
[90mstdout[2m | src/components/JobsDashboard.stories.tsx[2m > [22m[2mDefault
[22m[39m[MOCK CourseVectorStore] Initialized with mock data
[90mstdout[2m | src/components/JobsDashboard.stories.tsx[2m > [22m[2mDefault
[22m[39m[FilesContext] Vector store population triggered {
  "currentVectorStoreSize": 3,
  "documentsCount": 0,
  "filesCount": 6,
  "isInitialLoad": true,
}
[90mstdout[2m | src/components/JobsDashboard.stories.tsx[2m > [22m[2mDefault
[22m[39m[FilesContext] Vector store population complete - 3 total embeddings
[90mstdout[2m | src/components/JobsDashboard.stories.tsx[2m > [22m[2mDefault
[22m[39m[ChatContext] Chat exists and not archived, skipping creation
[90mstdout[2m | src/components/JobsDashboard.stories.tsx[2m > [22m[2mDefault
[22m[39m[Mock Storage] downloadData called with: undefined
[90mstdout[2m | src/components/JobsDashboard.stories.tsx[2m > [22m[2mCompact
[22m[39m[ChatContext] Cleaning up subscriptions
[90mstdout[2m | src/components/JobsDashboard.stories.tsx[2m > [22m[2mCompact
[22m[39m[Mock Data] Unit.onUpdate() subscription removed. Remaining: 0
[90mstdout[2m | src/components/JobsDashboard.stories.tsx[2m > [22m[2mCompact
[22m[39m[MOCK CourseVectorStore] Initialized with mock data
[90mstdout[2m | src/components/JobsDashboard.stories.tsx[2m > [22m[2mCompact
[22m[39m[TranslationModeController] Setting mode to: off
[90mstdout[2m | src/components/JobsDashboard.stories.tsx[2m > [22m[2mCompact
[22m[39m[UnitContext] useEffect triggered {
  "authLoading": false,
  "hasUser": true,
  "id": "mock-unit-id",
  "userSub": "mock-user-sub",
}
[90mstdout[2m | src/components/JobsDashboard.stories.tsx[2m > [22m[2mCompact
[22m[39m[UnitContext] Fetching unit data for id: mock-unit-id
[90mstdout[2m | src/components/JobsDashboard.stories.tsx[2m > [22m[2mCompact
[22m[39m[FilesContext] Initializing vector store from IndexedDB
[90mstdout[2m | src/components/JobsDashboard.stories.tsx[2m > [22m[2mCompact
[22m[39m[FilesContext] fetchFiles called
[90mstdout[2m | src/components/JobsDashboard.stories.tsx[2m > [22m[2mCompact
[22m[39m[FilesContext] User authenticated: mock-user-sub
[90mstdout[2m | src/components/JobsDashboard.stories.tsx[2m > [22m[2mCompact
[22m[39m[FilesContext] Identity ID: us-east-1:mock-identity-123
[90mstdout[2m | src/components/JobsDashboard.stories.tsx[2m > [22m[2mCompact
[22m[39m[FilesContext] About to set up File observeQuery
[90mstdout[2m | src/components/JobsDashboard.stories.tsx[2m > [22m[2mCompact
[22m[39m[ChatContext] Setting up AssistantChat observeQuery
[90mstdout[2m | src/components/JobsDashboard.stories.tsx[2m > [22m[2mCompact
[22m[39m[ChatContext] Waiting for subscription to initialize
[90mstdout[2m | src/components/JobsDashboard.stories.tsx[2m > [22m[2mCompact
[22m[39m[SettingsContext] Setting up Settings subscription for user: mock-user-sub
[90mstdout[2m | src/components/JobsDashboard.stories.tsx[2m > [22m[2mCompact
[22m[39m[Mock Data] Settings created: mock-settings-1790416505254 - notified 0 subscribers
[90mstdout[2m | src/components/JobsDashboard.stories.tsx[2m > [22m[2mCompact
[22m[39m[Mock Data] Unit.onUpdate() subscription added. Total: 1
[90mstdout[2m | src/components/JobsDashboard.stories.tsx[2m > [22m[2mCompact
[22m[39m[SectionContext] Section observeQuery update: 0
[90mstdout[2m | src/components/JobsDashboard.stories.tsx[2m > [22m[2mCompact
[22m[39m[FilesContext] File observeQuery update: 6 files
[90mstdout[2m | src/components/JobsDashboard.stories.tsx[2m > [22m[2mCompact
[22m[39m[ChatContext] AssistantChat initialized with 1 chats
[90mstdout[2m | src/components/JobsDashboard.stories.tsx[2m > [22m[2mCompact
[22m[39m[ChatContext] Setting initial chat: mock-assistant-chat-1
[90mstdout[2m | src/components/JobsDashboard.stories.tsx[2m > [22m[2mCompact
[22m[39m[MOCK CourseVectorStore] Initialized with mock data
[90mstdout[2m | src/components/JobsDashboard.stories.tsx[2m > [22m[2mCompact
[22m[39m[FilesContext] Vector store population triggered {
  "currentVectorStoreSize": 3,
  "documentsCount": 0,
  "filesCount": 6,
  "isInitialLoad": true,
}
[90mstdout[2m | src/components/JobsDashboard.stories.tsx[2m > [22m[2mCompact
[22m[39m[FilesContext] Vector store population complete - 3 total embeddings
[90mstdout[2m | src/components/JobsDashboard.stories.tsx[2m > [22m[2mCompact
[22m[39m[ChatContext] Chat exists and not archived, skipping creation
[90mstdout[2m | src/components/JobsDashboard.stories.tsx[2m > [22m[2mCompact
[22m[39m[Mock Storage] downloadData called with: undefined
[90mstdout[2m | src/components/JobsDashboard.stories.tsx[2m > [22m[2mWith Jobs
[22m[39m[ChatContext] Cleaning up subscriptions
[90mstdout[2m | src/components/JobsDashboard.stories.tsx[2m > [22m[2mWith Jobs
[22m[39m[Mock Data] Unit.onUpdate() subscription removed. Remaining: 0
[90mstdout[2m | src/components/JobsDashboard.stories.tsx[2m > [22m[2mWith Jobs
[22m[39m[MOCK CourseVectorStore] Initialized with mock data
[90mstdout[2m | src/components/JobsDashboard.stories.tsx[2m > [22m[2mWith Jobs
[22m[39m[TranslationModeController] Setting mode to: off
[90mstdout[2m | src/components/JobsDashboard.stories.tsx[2m > [22m[2mWith Jobs
[22m[39m[UnitContext] useEffect triggered {
  "authLoading": false,
  "hasUser": true,
  "id": "mock-unit-id",
  "userSub": "mock-user-sub",
}
[90mstdout[2m | src/components/JobsDashboard.stories.tsx[2m > [22m[2mWith Jobs
[22m[39m[UnitContext] Fetching unit data for id: mock-unit-id
[90mstdout[2m | src/components/JobsDashboard.stories.tsx[2m > [22m[2mWith Jobs
[22m[39m[FilesContext] Initializing vector store from IndexedDB
[90mstdout[2m | src/components/JobsDashboard.stories.tsx[2m > [22m[2mWith Jobs
[22m[39m[FilesContext] fetchFiles called
[90mstdout[2m | src/components/JobsDashboard.stories.tsx[2m > [22m[2mWith Jobs
[22m[39m[FilesContext] User authenticated: mock-user-sub
[90mstdout[2m | src/components/JobsDashboard.stories.tsx[2m > [22m[2mWith Jobs
[22m[39m[FilesContext] Identity ID: us-east-1:mock-identity-123
[90mstdout[2m | src/components/JobsDashboard.stories.tsx[2m > [22m[2mWith Jobs
[22m[39m[FilesContext] About to set up File observeQuery
[90mstdout[2m | src/components/JobsDashboard.stories.tsx[2m > [22m[2mWith Jobs
[22m[39m[ChatContext] Setting up AssistantChat observeQuery
[90mstdout[2m | src/components/JobsDashboard.stories.tsx[2m > [22m[2mWith Jobs
[22m[39m[ChatContext] Waiting for subscription to initialize
[90mstdout[2m | src/components/JobsDashboard.stories.tsx[2m > [22m[2mWith Jobs
[22m[39m[SettingsContext] Setting up Settings subscription for user: mock-user-sub
[90mstdout[2m | src/components/JobsDashboard.stories.tsx[2m > [22m[2mWith Jobs
[22m[39m[Mock Data] Settings created: mock-settings-1790416505616 - notified 0 subscribers
[90mstdout[2m | src/components/JobsDashboard.stories.tsx[2m > [22m[2mWith Jobs
[22m[39m[Mock Data] Unit.onUpdate() subscription added. Total: 1
[90mstdout[2m | src/components/JobsDashboard.stories.tsx[2m > [22m[2mWith Jobs
[22m[39m[SectionContext] Section observeQuery update: 0
[90mstdout[2m | src/components/JobsDashboard.stories.tsx[2m > [22m[2mWith Jobs
[22m[39m[FilesContext] File observeQuery update: 6 files
[90mstdout[2m | src/components/JobsDashboard.stories.tsx[2m > [22m[2mWith Jobs
[22m[39m[ChatContext] AssistantChat initialized with 1 chats
[90mstdout[2m | src/components/JobsDashboard.stories.tsx[2m > [22m[2mWith Jobs
[22m[39m[ChatContext] Setting initial chat: mock-assistant-chat-1
[90mstdout[2m | src/components/JobsDashboard.stories.tsx[2m > [22m[2mWith Jobs
[22m[39m[MOCK CourseVectorStore] Initialized with mock data
[90mstdout[2m | src/components/JobsDashboard.stories.tsx[2m > [22m[2mWith Jobs
[22m[39m[FilesContext] Vector store population triggered {
  "currentVectorStoreSize": 3,
  "documentsCount": 0,
  "filesCount": 6,
  "isInitialLoad": true,
}
[90mstdout[2m | src/components/JobsDashboard.stories.tsx[2m > [22m[2mWith Jobs
[22m[39m[FilesContext] Vector store population complete - 3 total embeddings
[90mstdout[2m | src/components/JobsDashboard.stories.tsx[2m > [22m[2mWith Jobs
[22m[39m[ChatContext] Chat exists and not archived, skipping creation
[90mstdout[2m | src/components/JobsDashboard.stories.tsx[2m > [22m[2mWith Jobs
[22m[39m[Mock Storage] downloadData called with: undefined
 [32m✓[39m [30m[45m storybook (chromium) [49m[39m src/components/JobsDashboard.stories.tsx [2m([22m[2m3 tests[22m[2m)[22m[33m 1599[2mms[22m[39m
   [33m[2m✓[22m[39m Default [33m 844[2mms[22m[39m
   [33m[2m✓[22m[39m Compact [33m 388[2mms[22m[39m
   [33m[2m✓[22m[39m With Jobs [33m 365[2mms[22m[39m
[90mstdout[2m | unknown test
[22m[39m[MOCK vectorStoreDB.js] Module loaded - mock IndexedDB operations
[90mstdout[2m | unknown test
[22m[39m[Task Completion] DOM action listeners initialized
[90mstdout[2m | unknown test
[22m[39m[Task Completion] Auto-completion detector initialized
[90mstdout[2m | unknown test
[22m[39m[Preview] Task completion detector initialized
[90mstdout[2m | src/stories/OnboardingExamples.stories.tsx[2m > [22m[2mAuto Detect Task Completion
[22m[39m[MOCK CourseVectorStore] Initialized with mock data
[90mstdout[2m | src/stories/OnboardingExamples.stories.tsx[2m > [22m[2mAuto Detect Task Completion
[22m[39m[TranslationModeController] Setting mode to: off
[90mstdout[2m | src/stories/OnboardingExamples.stories.tsx[2m > [22m[2mAuto Detect Task Completion
[22m[39m[UnitContext] useEffect triggered {
  "authLoading": false,
  "hasUser": true,
  "id": "mock-unit-id",
  "userSub": "mock-user-sub",
}
[90mstdout[2m | src/stories/OnboardingExamples.stories.tsx[2m > [22m[2mAuto Detect Task Completion
[22m[39m[UnitContext] Fetching unit data for id: mock-unit-id
[90mstdout[2m | src/stories/OnboardingExamples.stories.tsx[2m > [22m[2mAuto Detect Task Completion
[22m[39m[FilesContext] Initializing vector store from IndexedDB
[90mstdout[2m | src/stories/OnboardingExamples.stories.tsx[2m > [22m[2mAuto Detect Task Completion
[22m[39m[FilesContext] fetchFiles called
[90mstdout[2m | src/stories/OnboardingExamples.stories.tsx[2m > [22m[2mAuto Detect Task Completion
[22m[39m[FilesContext] User authenticated: mock-user-sub
[90mstdout[2m | src/stories/OnboardingExamples.stories.tsx[2m > [22m[2mAuto Detect Task Completion
[22m[39m[FilesContext] Identity ID: us-east-1:mock-identity-123
[90mstdout[2m | src/stories/OnboardingExamples.stories.tsx[2m > [22m[2mAuto Detect Task Completion
[22m[39m[FilesContext] About to set up File observeQuery
[90mstdout[2m | src/stories/OnboardingExamples.stories.tsx[2m > [22m[2mAuto Detect Task Completion
[22m[39m[ChatContext] Setting up AssistantChat observeQuery
[90mstdout[2m | src/stories/OnboardingExamples.stories.tsx[2m > [22m[2mAuto Detect Task Completion
[22m[39m[ChatContext] Waiting for subscription to initialize
[90mstdout[2m | src/stories/OnboardingExamples.stories.tsx[2m > [22m[2mAuto Detect Task Completion
[22m[39m[SettingsContext] Setting up Settings subscription for user: mock-user-sub
[90mstdout[2m | src/stories/OnboardingExamples.stories.tsx[2m > [22m[2mAuto Detect Task Completion
[22m[39m[Mock Data] Settings created: mock-settings-1790416506958 - notified 0 subscribers
[90mstdout[2m | src/stories/OnboardingExamples.stories.tsx[2m > [22m[2mAuto Detect Task Completion
[22m[39m[Mock Data] Unit.onUpdate() subscription added. Total: 1
[90mstdout[2m | src/stories/OnboardingExamples.stories.tsx[2m > [22m[2mAuto Detect Task Completion
[22m[39m[SectionContext] Section observeQuery update: 0
[90mstdout[2m | src/stories/OnboardingExamples.stories.tsx[2m > [22m[2mAuto Detect Task Completion
[22m[39m[FilesContext] File observeQuery update: 6 files
[90mstdout[2m | src/stories/OnboardingExamples.stories.tsx[2m > [22m[2mAuto Detect Task Completion
[22m[39m[ChatContext] AssistantChat initialized with 1 chats
[90mstdout[2m | src/stories/OnboardingExamples.stories.tsx[2m > [22m[2mAuto Detect Task Completion
[22m[39m[ChatContext] Setting initial chat: mock-assistant-chat-1
[90mstdout[2m | src/stories/OnboardingExamples.stories.tsx[2m > [22m[2mAuto Detect Task Completion
[22m[39m[MOCK CourseVectorStore] Initialized with mock data
[90mstdout[2m | src/stories/OnboardingExamples.stories.tsx[2m > [22m[2mAuto Detect Task Completion
[22m[39m[FilesContext] Vector store population triggered {
  "currentVectorStoreSize": 3,
  "documentsCount": 0,
  "filesCount": 6,
  "isInitialLoad": true,
}
[90mstdout[2m | src/stories/OnboardingExamples.stories.tsx[2m > [22m[2mAuto Detect Task Completion
[22m[39m[FilesContext] Vector store population complete - 3 total embeddings
[90mstdout[2m | src/stories/OnboardingExamples.stories.tsx[2m > [22m[2mAuto Detect Task Completion
[22m[39m[ChatContext] Chat exists and not archived, skipping creation
[90mstdout[2m | src/stories/OnboardingExamples.stories.tsx[2m > [22m[2mAuto Detect Task Completion
[22m[39m[Mock Storage] downloadData called with: undefined
[90mstdout[2m | src/stories/OnboardingExamples.stories.tsx[2m > [22m[2mManual Task Tracking
[22m[39m[ChatContext] Cleaning up subscriptions
[90mstdout[2m | src/stories/OnboardingExamples.stories.tsx[2m > [22m[2mManual Task Tracking
[22m[39m[Mock Data] Unit.onUpdate() subscription removed. Remaining: 0
[90mstdout[2m | src/stories/OnboardingExamples.stories.tsx[2m > [22m[2mManual Task Tracking
[22m[39m[MOCK CourseVectorStore] Initialized with mock data
[90mstdout[2m | src/stories/OnboardingExamples.stories.tsx[2m > [22m[2mManual Task Tracking
[22m[39m[TranslationModeController] Setting mode to: off
[90mstdout[2m | src/stories/OnboardingExamples.stories.tsx[2m > [22m[2mManual Task Tracking
[22m[39m[UnitContext] useEffect triggered {
  "authLoading": false,
  "hasUser": true,
  "id": "mock-unit-id",
  "userSub": "mock-user-sub",
}
[90mstdout[2m | src/stories/OnboardingExamples.stories.tsx[2m > [22m[2mManual Task Tracking
[22m[39m[UnitContext] Fetching unit data for id: mock-unit-id
[90mstdout[2m | src/stories/OnboardingExamples.stories.tsx[2m > [22m[2mManual Task Tracking
[22m[39m[FilesContext] Initializing vector store from IndexedDB
[90mstdout[2m | src/stories/OnboardingExamples.stories.tsx[2m > [22m[2mManual Task Tracking
[22m[39m[FilesContext] fetchFiles called
[90mstdout[2m | src/stories/OnboardingExamples.stories.tsx[2m > [22m[2mManual Task Tracking
[22m[39m[FilesContext] User authenticated: mock-user-sub
[90mstdout[2m | src/stories/OnboardingExamples.stories.tsx[2m > [22m[2mManual Task Tracking
[22m[39m[FilesContext] Identity ID: us-east-1:mock-identity-123
[90mstdout[2m | src/stories/OnboardingExamples.stories.tsx[2m > [22m[2mManual Task Tracking
[22m[39m[FilesContext] About to set up File observeQuery
[90mstdout[2m | src/stories/OnboardingExamples.stories.tsx[2m > [22m[2mManual Task Tracking
[22m[39m[ChatContext] Setting up AssistantChat observeQuery
[90mstdout[2m | src/stories/OnboardingExamples.stories.tsx[2m > [22m[2mManual Task Tracking
[22m[39m[ChatContext] Waiting for subscription to initialize
[90mstdout[2m | src/stories/OnboardingExamples.stories.tsx[2m > [22m[2mManual Task Tracking
[22m[39m[SettingsContext] Setting up Settings subscription for user: mock-user-sub
[90mstdout[2m | src/stories/OnboardingExamples.stories.tsx[2m > [22m[2mManual Task Tracking
[22m[39m[Mock Data] Settings created: mock-settings-1790416507108 - notified 0 subscribers
[90mstdout[2m | src/stories/OnboardingExamples.stories.tsx[2m > [22m[2mManual Task Tracking
[22m[39m[Mock Data] Unit.onUpdate() subscription added. Total: 1
[90mstdout[2m | src/stories/OnboardingExamples.stories.tsx[2m > [22m[2mManual Task Tracking
[22m[39m[SectionContext] Section observeQuery update: 0
[90mstdout[2m | src/stories/OnboardingExamples.stories.tsx[2m > [22m[2mManual Task Tracking
[22m[39m[FilesContext] File observeQuery update: 6 files
[90mstdout[2m | src/stories/OnboardingExamples.stories.tsx[2m > [22m[2mManual Task Tracking
[22m[39m[ChatContext] AssistantChat initialized with 1 chats
[90mstdout[2m | src/stories/OnboardingExamples.stories.tsx[2m > [22m[2mManual Task Tracking
[22m[39m[ChatContext] Setting initial chat: mock-assistant-chat-1
[90mstdout[2m | src/stories/OnboardingExamples.stories.tsx[2m > [22m[2mManual Task Tracking
[22m[39m[MOCK CourseVectorStore] Initialized with mock data
[90mstdout[2m | src/stories/OnboardingExamples.stories.tsx[2m > [22m[2mManual Task Tracking
[22m[39m[FilesContext] Vector store population triggered {
  "currentVectorStoreSize": 3,
  "documentsCount": 0,
  "filesCount": 6,
  "isInitialLoad": true,
}
[90mstdout[2m | src/stories/OnboardingExamples.stories.tsx[2m > [22m[2mManual Task Tracking
[22m[39m[FilesContext] Vector store population complete - 3 total embeddings
[90mstdout[2m | src/stories/OnboardingExamples.stories.tsx[2m > [22m[2mManual Task Tracking
[22m[39m[ChatContext] Chat exists and not archived, skipping creation
[90mstdout[2m | src/stories/OnboardingExamples.stories.tsx[2m > [22m[2mManual Task Tracking
[22m[39m[Mock Storage] downloadData called with: undefined
[90mstdout[2m | src/stories/OnboardingExamples.stories.tsx[2m > [22m[2mDisplay Onboarding Status
[22m[39m[ChatContext] Cleaning up subscriptions
[90mstdout[2m | src/stories/OnboardingExamples.stories.tsx[2m > [22m[2mDisplay Onboarding Status
[22m[39m[Mock Data] Unit.onUpdate() subscription removed. Remaining: 0
[90mstdout[2m | src/stories/OnboardingExamples.stories.tsx[2m > [22m[2mDisplay Onboarding Status
[22m[39m[MOCK CourseVectorStore] Initialized with mock data
[90mstdout[2m | src/stories/OnboardingExamples.stories.tsx[2m > [22m[2mDisplay Onboarding Status
[22m[39m[TranslationModeController] Setting mode to: off
[90mstdout[2m | src/stories/OnboardingExamples.stories.tsx[2m > [22m[2mDisplay Onboarding Status
[22m[39m[UnitContext] useEffect triggered {
  "authLoading": false,
  "hasUser": true,
  "id": "mock-unit-id",
  "userSub": "mock-user-sub",
}
[90mstdout[2m | src/stories/OnboardingExamples.stories.tsx[2m > [22m[2mDisplay Onboarding Status
[22m[39m[UnitContext] Fetching unit data for id: mock-unit-id
[90mstdout[2m | src/stories/OnboardingExamples.stories.tsx[2m > [22m[2mDisplay Onboarding Status
[22m[39m[FilesContext] Initializing vector store from IndexedDB
[90mstdout[2m | src/stories/OnboardingExamples.stories.tsx[2m > [22m[2mDisplay Onboarding Status
[22m[39m[FilesContext] fetchFiles called
[90mstdout[2m | src/stories/OnboardingExamples.stories.tsx[2m > [22m[2mDisplay Onboarding Status
[22m[39m[FilesContext] User authenticated: mock-user-sub
[90mstdout[2m | src/stories/OnboardingExamples.stories.tsx[2m > [22m[2mDisplay Onboarding Status
[22m[39m[FilesContext] Identity ID: us-east-1:mock-identity-123
[90mstdout[2m | src/stories/OnboardingExamples.stories.tsx[2m > [22m[2mDisplay Onboarding Status
[22m[39m[FilesContext] About to set up File observeQuery
[90mstdout[2m | src/stories/OnboardingExamples.stories.tsx[2m > [22m[2mDisplay Onboarding Status
[22m[39m[ChatContext] Setting up AssistantChat observeQuery
[90mstdout[2m | src/stories/OnboardingExamples.stories.tsx[2m > [22m[2mDisplay Onboarding Status
[22m[39m[ChatContext] Waiting for subscription to initialize
[90mstdout[2m | src/stories/OnboardingExamples.stories.tsx[2m > [22m[2mDisplay Onboarding Status
[22m[39m[SettingsContext] Setting up Settings subscription for user: mock-user-sub
[90mstdout[2m | src/stories/OnboardingExamples.stories.tsx[2m > [22m[2mDisplay Onboarding Status
[22m[39m[Mock Data] Settings created: mock-settings-1790416507226 - notified 0 subscribers
[90mstdout[2m | src/stories/OnboardingExamples.stories.tsx[2m > [22m[2mDisplay Onboarding Status
[22m[39m[Mock Data] Unit.onUpdate() subscription added. Total: 1
[90mstdout[2m | src/stories/OnboardingExamples.stories.tsx[2m > [22m[2mDisplay Onboarding Status
[22m[39m[SectionContext] Section observeQuery update: 0
[90mstdout[2m | src/stories/OnboardingExamples.stories.tsx[2m > [22m[2mDisplay Onboarding Status
[22m[39m[FilesContext] File observeQuery update: 6 files
[90mstdout[2m | src/stories/OnboardingExamples.stories.tsx[2m > [22m[2mDisplay Onboarding Status
[22m[39m[ChatContext] AssistantChat initialized with 1 chats
[90mstdout[2m | src/stories/OnboardingExamples.stories.tsx[2m > [22m[2mDisplay Onboarding Status
[22m[39m[ChatContext] Setting initial chat: mock-assistant-chat-1
[90mstdout[2m | src/stories/OnboardingExamples.stories.tsx[2m > [22m[2mDisplay Onboarding Status
[22m[39m[MOCK CourseVectorStore] Initialized with mock data
[90mstdout[2m | src/stories/OnboardingExamples.stories.tsx[2m > [22m[2mDisplay Onboarding Status
[22m[39m[FilesContext] Vector store population triggered {
  "currentVectorStoreSize": 3,
  "documentsCount": 0,
  "filesCount": 6,
  "isInitialLoad": true,
}
[90mstdout[2m | src/stories/OnboardingExamples.stories.tsx[2m > [22m[2mDisplay Onboarding Status
[22m[39m[FilesContext] Vector store population complete - 3 total embeddings
[90mstdout[2m | src/stories/OnboardingExamples.stories.tsx[2m > [22m[2mDisplay Onboarding Status
[22m[39m[ChatContext] Chat exists and not archived, skipping creation
[90mstdout[2m | src/stories/OnboardingExamples.stories.tsx[2m > [22m[2mDisplay Onboarding Status
[22m[39m[Mock Storage] downloadData called with: undefined
[90mstdout[2m | src/stories/OnboardingExamples.stories.tsx[2m > [22m[2mEvent Emission Example
[22m[39m[ChatContext] Cleaning up subscriptions
[90mstdout[2m | src/stories/OnboardingExamples.stories.tsx[2m > [22m[2mEvent Emission Example
[22m[39m[Mock Data] Unit.onUpdate() subscription removed. Remaining: 0
[90mstdout[2m | src/stories/OnboardingExamples.stories.tsx[2m > [22m[2mEvent Emission Example
[22m[39m[MOCK CourseVectorStore] Initialized with mock data
[90mstdout[2m | src/stories/OnboardingExamples.stories.tsx[2m > [22m[2mEvent Emission Example
[22m[39m[TranslationModeController] Setting mode to: off
[90mstdout[2m | src/stories/OnboardingExamples.stories.tsx[2m > [22m[2mEvent Emission Example
[22m[39m[UnitContext] useEffect triggered {
  "authLoading": false,
  "hasUser": true,
  "id": "mock-unit-id",
  "userSub": "mock-user-sub",
}
[90mstdout[2m | src/stories/OnboardingExamples.stories.tsx[2m > [22m[2mEvent Emission Example
[22m[39m[UnitContext] Fetching unit data for id: mock-unit-id
[90mstdout[2m | src/stories/OnboardingExamples.stories.tsx[2m > [22m[2mEvent Emission Example
[22m[39m[FilesContext] Initializing vector store from IndexedDB
[90mstdout[2m | src/stories/OnboardingExamples.stories.tsx[2m > [22m[2mEvent Emission Example
[22m[39m[FilesContext] fetchFiles called
[90mstdout[2m | src/stories/OnboardingExamples.stories.tsx[2m > [22m[2mEvent Emission Example
[22m[39m[FilesContext] User authenticated: mock-user-sub
[90mstdout[2m | src/stories/OnboardingExamples.stories.tsx[2m > [22m[2mEvent Emission Example
[22m[39m[FilesContext] Identity ID: us-east-1:mock-identity-123
[90mstdout[2m | src/stories/OnboardingExamples.stories.tsx[2m > [22m[2mEvent Emission Example
[22m[39m[FilesContext] About to set up File observeQuery
[90mstdout[2m | src/stories/OnboardingExamples.stories.tsx[2m > [22m[2mEvent Emission Example
[22m[39m[ChatContext] Setting up AssistantChat observeQuery
[90mstdout[2m | src/stories/OnboardingExamples.stories.tsx[2m > [22m[2mEvent Emission Example
[22m[39m[ChatContext] Waiting for subscription to initialize
[90mstdout[2m | src/stories/OnboardingExamples.stories.tsx[2m > [22m[2mEvent Emission Example
[22m[39m[SettingsContext] Setting up Settings subscription for user: mock-user-sub
[90mstdout[2m | src/stories/OnboardingExamples.stories.tsx[2m > [22m[2mEvent Emission Example
[22m[39m[Mock Data] Settings created: mock-settings-1790416507339 - notified 0 subscribers
[90mstdout[2m | src/stories/OnboardingExamples.stories.tsx[2m > [22m[2mEvent Emission Example
[22m[39m[Mock Data] Unit.onUpdate() subscription added. Total: 1
[90mstdout[2m | src/stories/OnboardingExamples.stories.tsx[2m > [22m[2mEvent Emission Example
[22m[39m[SectionContext] Section observeQuery update: 0
[90mstdout[2m | src/stories/OnboardingExamples.stories.tsx[2m > [22m[2mEvent Emission Example
[22m[39m[FilesContext] File observeQuery update: 6 files
[90mstdout[2m | src/stories/OnboardingExamples.stories.tsx[2m > [22m[2mEvent Emission Example
[22m[39m[ChatContext] AssistantChat initialized with 1 chats
[90mstdout[2m | src/stories/OnboardingExamples.stories.tsx[2m > [22m[2mEvent Emission Example
[22m[39m[ChatContext] Setting initial chat: mock-assistant-chat-1
[90mstdout[2m | src/stories/OnboardingExamples.stories.tsx[2m > [22m[2mEvent Emission Example
[22m[39m[Mock Storage] downloadData called with: undefined
[90mstdout[2m | src/stories/OnboardingExamples.stories.tsx[2m > [22m[2mEvent Emission Example
[22m[39m[MOCK CourseVectorStore] Initialized with mock data
[90mstdout[2m | src/stories/OnboardingExamples.stories.tsx[2m > [22m[2mEvent Emission Example
[22m[39m[FilesContext] Vector store population triggered {
  "currentVectorStoreSize": 3,
  "documentsCount": 0,
  "filesCount": 6,
  "isInitialLoad": true,
}
[90mstdout[2m | src/stories/OnboardingExamples.stories.tsx[2m > [22m[2mEvent Emission Example
[22m[39m[FilesContext] Vector store population complete - 3 total embeddings
[90mstdout[2m | src/stories/OnboardingExamples.stories.tsx[2m > [22m[2mEvent Emission Example
[22m[39m[ChatContext] Chat exists and not archived, skipping creation
[90mstdout[2m | src/stories/OnboardingExamples.stories.tsx[2m > [22m[2mSpotlight Integration
[22m[39m[ChatContext] Cleaning up subscriptions
[90mstdout[2m | src/stories/OnboardingExamples.stories.tsx[2m > [22m[2mSpotlight Integration
[22m[39m[Mock Data] Unit.onUpdate() subscription removed. Remaining: 0
[90mstdout[2m | src/stories/OnboardingExamples.stories.tsx[2m > [22m[2mSpotlight Integration
[22m[39m[MOCK CourseVectorStore] Initialized with mock data
[90mstdout[2m | src/stories/OnboardingExamples.stories.tsx[2m > [22m[2mSpotlight Integration
[22m[39m[TranslationModeController] Setting mode to: off
[90mstdout[2m | src/stories/OnboardingExamples.stories.tsx[2m > [22m[2mSpotlight Integration
[22m[39m[UnitContext] useEffect triggered {
  "authLoading": false,
  "hasUser": true,
  "id": "mock-unit-id",
  "userSub": "mock-user-sub",
}
[90mstdout[2m | src/stories/OnboardingExamples.stories.tsx[2m > [22m[2mSpotlight Integration
[22m[39m[UnitContext] Fetching unit data for id: mock-unit-id
[90mstdout[2m | src/stories/OnboardingExamples.stories.tsx[2m > [22m[2mSpotlight Integration
[22m[39m[FilesContext] Initializing vector store from IndexedDB
[90mstdout[2m | src/stories/OnboardingExamples.stories.tsx[2m > [22m[2mSpotlight Integration
[22m[39m[FilesContext] fetchFiles called
[90mstdout[2m | src/stories/OnboardingExamples.stories.tsx[2m > [22m[2mSpotlight Integration
[22m[39m[FilesContext] User authenticated: mock-user-sub
[90mstdout[2m | src/stories/OnboardingExamples.stories.tsx[2m > [22m[2mSpotlight Integration
[22m[39m[FilesContext] Identity ID: us-east-1:mock-identity-123
[90mstdout[2m | src/stories/OnboardingExamples.stories.tsx[2m > [22m[2mSpotlight Integration
[22m[39m[FilesContext] About to set up File observeQuery
[90mstdout[2m | src/stories/OnboardingExamples.stories.tsx[2m > [22m[2mSpotlight Integration
[22m[39m[ChatContext] Setting up AssistantChat observeQuery
[90mstdout[2m | src/stories/OnboardingExamples.stories.tsx[2m > [22m[2mSpotlight Integration
[22m[39m[ChatContext] Waiting for subscription to initialize
[90mstdout[2m | src/stories/OnboardingExamples.stories.tsx[2m > [22m[2mSpotlight Integration
[22m[39m[SettingsContext] Setting up Settings subscription for user: mock-user-sub
[90mstdout[2m | src/stories/OnboardingExamples.stories.tsx[2m > [22m[2mSpotlight Integration
[22m[39m[Mock Data] Settings created: mock-settings-1790416507450 - notified 0 subscribers
[90mstdout[2m | src/stories/OnboardingExamples.stories.tsx[2m > [22m[2mSpotlight Integration
[22m[39m[Mock Data] Unit.onUpdate() subscription added. Total: 1
[90mstdout[2m | src/stories/OnboardingExamples.stories.tsx[2m > [22m[2mSpotlight Integration
[22m[39m[SectionContext] Section observeQuery update: 0
[90mstdout[2m | src/stories/OnboardingExamples.stories.tsx[2m > [22m[2mSpotlight Integration
[22m[39m[FilesContext] File observeQuery update: 6 files
[90mstdout[2m | src/stories/OnboardingExamples.stories.tsx[2m > [22m[2mSpotlight Integration
[22m[39m[ChatContext] AssistantChat initialized with 1 chats
[90mstdout[2m | src/stories/OnboardingExamples.stories.tsx[2m > [22m[2mSpotlight Integration
[22m[39m[ChatContext] Setting initial chat: mock-assistant-chat-1
[90mstdout[2m | src/stories/OnboardingExamples.stories.tsx[2m > [22m[2mSpotlight Integration
[22m[39m[MOCK CourseVectorStore] Initialized with mock data
[90mstdout[2m | src/stories/OnboardingExamples.stories.tsx[2m > [22m[2mSpotlight Integration
[22m[39m[FilesContext] Vector store population triggered {
  "currentVectorStoreSize": 3,
  "documentsCount": 0,
  "filesCount": 6,
  "isInitialLoad": true,
}
[90mstdout[2m | src/stories/OnboardingExamples.stories.tsx[2m > [22m[2mSpotlight Integration
[22m[39m[FilesContext] Vector store population complete - 3 total embeddings
[90mstdout[2m | src/stories/OnboardingExamples.stories.tsx[2m > [22m[2mSpotlight Integration
[22m[39m[ChatContext] Chat exists and not archived, skipping creation
[90mstdout[2m | src/stories/OnboardingExamples.stories.tsx[2m > [22m[2mSpotlight Integration
[22m[39m[Mock Storage] downloadData called with: undefined
 [32m✓[39m [30m[45m storybook (chromium) [49m[39m src/stories/OnboardingExamples.stories.tsx [2m([22m[2m5 tests[22m[2m)[22m[33m 697[2mms[22m[39m
[90mstdout[2m | unknown test
[22m[39m[MOCK vectorStoreDB.js] Module loaded - mock IndexedDB operations
[90mstdout[2m | unknown test
[22m[39m[Task Completion] DOM action listeners initialized
[90mstdout[2m | unknown test
[22m[39m[Task Completion] Auto-completion detector initialized
[90mstdout[2m | unknown test
[22m[39m[Preview] Task completion detector initialized
[90mstdout[2m | src/components/Gamification/BadgeShelf.stories.tsx[2m > [22m[2mAll Earned
[22m[39m[TranslationModeController] Setting mode to: off
[90mstdout[2m | src/components/Gamification/BadgeShelf.stories.tsx[2m > [22m[2mPartially Earned
[22m[39m[TranslationModeController] Setting mode to: off
[90mstdout[2m | src/components/Gamification/BadgeShelf.stories.tsx[2m > [22m[2mEmpty
[22m[39m[TranslationModeController] Setting mode to: off
[90mstdout[2m | src/components/Gamification/BadgeShelf.stories.tsx[2m > [22m[2mTwo Columns
[22m[39m[TranslationModeController] Setting mode to: off
[90mstdout[2m | src/components/Gamification/BadgeShelf.stories.tsx[2m > [22m[2mEarned Only
[22m[39m[TranslationModeController] Setting mode to: off
[90mstdout[2m | src/components/Gamification/BadgeShelf.stories.tsx[2m > [22m[2mWith Multipliers
[22m[39m[TranslationModeController] Setting mode to: off
[90mstdout[2m | src/components/Gamification/BadgeShelf.stories.tsx[2m > [22m[2mEarned Only Empty
[22m[39m[TranslationModeController] Setting mode to: off
[90mstdout[2m | src/components/Gamification/BadgeShelf.stories.tsx[2m > [22m[2mAvatar Progression
[22m[39m[TranslationModeController] Setting mode to: off
 [32m✓[39m [30m[45m storybook (chromium) [49m[39m src/components/Gamification/BadgeShelf.stories.tsx [2m([22m[2m8 tests[22m[2m)[22m[33m 1658[2mms[22m[39m
   [33m[2m✓[22m[39m All Earned [33m 405[2mms[22m[39m
[90mstdout[2m | unknown test
[22m[39m[MOCK vectorStoreDB.js] Module loaded - mock IndexedDB operations
[90mstdout[2m | unknown test
[22m[39m[Task Completion] DOM action listeners initialized
[90mstdout[2m | unknown test
[22m[39m[Task Completion] Auto-completion detector initialized
[90mstdout[2m | unknown test
[22m[39m[Preview] Task completion detector initialized
[90mstdout[2m | src/components/Gamification/StreakCalendar.stories.tsx[2m > [22m[2mEmpty
[22m[39m[TranslationModeController] Setting mode to: off
[90mstdout[2m | src/components/Gamification/StreakCalendar.stories.tsx[2m > [22m[2mFew Active Days
[22m[39m[TranslationModeController] Setting mode to: off
[90mstdout[2m | src/components/Gamification/StreakCalendar.stories.tsx[2m > [22m[2mMost Days Active
[22m[39m[TranslationModeController] Setting mode to: off
[90mstdout[2m | src/components/Gamification/StreakCalendar.stories.tsx[2m > [22m[2mEvery Day
[22m[39m[TranslationModeController] Setting mode to: off
[90mstdout[2m | src/components/Gamification/StreakCalendar.stories.tsx[2m > [22m[2mSpecific Month
[22m[39m[TranslationModeController] Setting mode to: off
 [32m✓[39m [30m[45m storybook (chromium) [49m[39m src/components/Gamification/StreakCalendar.stories.tsx [2m([22m[2m5 tests[22m[2m)[22m[33m 1069[2mms[22m[39m
[90mstdout[2m | unknown test
[22m[39m[MOCK vectorStoreDB.js] Module loaded - mock IndexedDB operations
[90mstdout[2m | unknown test
[22m[39m[Task Completion] DOM action listeners initialized
[90mstdout[2m | unknown test
[22m[39m[Task Completion] Auto-completion detector initialized
[90mstdout[2m | unknown test
[22m[39m[Preview] Task completion detector initialized
[90mstdout[2m | src/components/Gamification/BossBattleProgress.stories.tsx[2m > [22m[2mHalf Progress
[22m[39m[TranslationModeController] Setting mode to: off
[90mstdout[2m | src/components/Gamification/BossBattleProgress.stories.tsx[2m > [22m[2mNearly Complete
[22m[39m[TranslationModeController] Setting mode to: off
[90mstdout[2m | src/components/Gamification/BossBattleProgress.stories.tsx[2m > [22m[2mCompleted
[22m[39m[TranslationModeController] Setting mode to: off
[90mstdout[2m | src/components/Gamification/BossBattleProgress.stories.tsx[2m > [22m[2mExpired
[22m[39m[TranslationModeController] Setting mode to: off
[90mstdout[2m | src/components/Gamification/BossBattleProgress.stories.tsx[2m > [22m[2mInactive
[22m[39m[TranslationModeController] Setting mode to: off
[90mstdout[2m | src/components/Gamification/BossBattleProgress.stories.tsx[2m > [22m[2mMinimal
[22m[39m[TranslationModeController] Setting mode to: off
[90mstdout[2m | src/components/Gamification/BossBattleProgress.stories.tsx[2m > [22m[2mToggle Active
[22m[39m[TranslationModeController] Setting mode to: off
[90mstdout[2m | src/components/Gamification/BossBattleProgress.stories.tsx[2m > [22m[2mDelete Battle
[22m[39m[TranslationModeController] Setting mode to: off
 [32m✓[39m [30m[45m storybook (chromium) [49m[39m src/components/Gamification/BossBattleProgress.stories.tsx [2m([22m[2m8 tests[22m[2m)[22m[33m 1003[2mms[22m[39m
[90mstdout[2m | unknown test
[22m[39m[MOCK vectorStoreDB.js] Module loaded - mock IndexedDB operations
[90mstdout[2m | unknown test
[22m[39m[Task Completion] DOM action listeners initialized
[90mstdout[2m | unknown test
[22m[39m[Task Completion] Auto-completion detector initialized
[90mstdout[2m | unknown test
[22m[39m[Preview] Task completion detector initialized
[90mstdout[2m | src/components/Workbook/JoinWorkbookDialog.stories.tsx[2m > [22m[2mOpen
[22m[39m[MOCK CourseVectorStore] Initialized with mock data
[90mstdout[2m | src/components/Workbook/JoinWorkbookDialog.stories.tsx[2m > [22m[2mOpen
[22m[39m[TranslationModeController] Setting mode to: off
[90mstdout[2m | src/components/Workbook/JoinWorkbookDialog.stories.tsx[2m > [22m[2mOpen
[22m[39m[UnitContext] useEffect triggered {
  "authLoading": false,
  "hasUser": true,
  "id": "mock-unit-id",
  "userSub": "mock-user-sub",
}
[90mstdout[2m | src/components/Workbook/JoinWorkbookDialog.stories.tsx[2m > [22m[2mOpen
[22m[39m[UnitContext] Fetching unit data for id: mock-unit-id
[90mstdout[2m | src/components/Workbook/JoinWorkbookDialog.stories.tsx[2m > [22m[2mOpen
[22m[39m[FilesContext] Initializing vector store from IndexedDB
[90mstdout[2m | src/components/Workbook/JoinWorkbookDialog.stories.tsx[2m > [22m[2mOpen
[22m[39m[FilesContext] fetchFiles called
[90mstdout[2m | src/components/Workbook/JoinWorkbookDialog.stories.tsx[2m > [22m[2mOpen
[22m[39m[FilesContext] User authenticated: mock-user-sub
[90mstdout[2m | src/components/Workbook/JoinWorkbookDialog.stories.tsx[2m > [22m[2mOpen
[22m[39m[FilesContext] Identity ID: us-east-1:mock-identity-123
[90mstdout[2m | src/components/Workbook/JoinWorkbookDialog.stories.tsx[2m > [22m[2mOpen
[22m[39m[FilesContext] About to set up File observeQuery
[90mstdout[2m | src/components/Workbook/JoinWorkbookDialog.stories.tsx[2m > [22m[2mOpen
[22m[39m[ChatContext] Setting up AssistantChat observeQuery
[90mstdout[2m | src/components/Workbook/JoinWorkbookDialog.stories.tsx[2m > [22m[2mOpen
[22m[39m[ChatContext] Waiting for subscription to initialize
[90mstdout[2m | src/components/Workbook/JoinWorkbookDialog.stories.tsx[2m > [22m[2mOpen
[22m[39m[SettingsContext] Setting up Settings subscription for user: mock-user-sub
[90mstdout[2m | src/components/Workbook/JoinWorkbookDialog.stories.tsx[2m > [22m[2mOpen
[22m[39m[Mock Data] Settings created: mock-settings-1790416514307 - notified 0 subscribers
[90mstdout[2m | src/components/Workbook/JoinWorkbookDialog.stories.tsx[2m > [22m[2mOpen
[22m[39m[Mock Data] Unit.onUpdate() subscription added. Total: 1
[90mstdout[2m | src/components/Workbook/JoinWorkbookDialog.stories.tsx[2m > [22m[2mOpen
[22m[39m[SectionContext] Section observeQuery update: 0
[90mstdout[2m | src/components/Workbook/JoinWorkbookDialog.stories.tsx[2m > [22m[2mOpen
[22m[39m[FilesContext] File observeQuery update: 6 files
[90mstdout[2m | src/components/Workbook/JoinWorkbookDialog.stories.tsx[2m > [22m[2mOpen
[22m[39m[ChatContext] AssistantChat initialized with 1 chats
[90mstdout[2m | src/components/Workbook/JoinWorkbookDialog.stories.tsx[2m > [22m[2mOpen
[22m[39m[ChatContext] Setting initial chat: mock-assistant-chat-1
[90mstdout[2m | src/components/Workbook/JoinWorkbookDialog.stories.tsx[2m > [22m[2mOpen
[22m[39m[MOCK CourseVectorStore] Initialized with mock data
[90mstdout[2m | src/components/Workbook/JoinWorkbookDialog.stories.tsx[2m > [22m[2mOpen
[22m[39m[FilesContext] Vector store population triggered {
  "currentVectorStoreSize": 3,
  "documentsCount": 0,
  "filesCount": 6,
  "isInitialLoad": true,
}
[90mstdout[2m | src/components/Workbook/JoinWorkbookDialog.stories.tsx[2m > [22m[2mOpen
[22m[39m[FilesContext] Vector store population complete - 3 total embeddings
[90mstdout[2m | src/components/Workbook/JoinWorkbookDialog.stories.tsx[2m > [22m[2mOpen
[22m[39m[ChatContext] Chat exists and not archived, skipping creation
[90mstdout[2m | src/components/Workbook/JoinWorkbookDialog.stories.tsx[2m > [22m[2mOpen
[22m[39m[Mock Storage] downloadData called with: undefined
[90mstdout[2m | src/components/Workbook/JoinWorkbookDialog.stories.tsx[2m > [22m[2mClosed
[22m[39m[ChatContext] Cleaning up subscriptions
[90mstdout[2m | src/components/Workbook/JoinWorkbookDialog.stories.tsx[2m > [22m[2mClosed
[22m[39m[Mock Data] Unit.onUpdate() subscription removed. Remaining: 0
[90mstdout[2m | src/components/Workbook/JoinWorkbookDialog.stories.tsx[2m > [22m[2mClosed
[22m[39m[MOCK CourseVectorStore] Initialized with mock data
[90mstdout[2m | src/components/Workbook/JoinWorkbookDialog.stories.tsx[2m > [22m[2mClosed
[22m[39m[TranslationModeController] Setting mode to: off
[90mstdout[2m | src/components/Workbook/JoinWorkbookDialog.stories.tsx[2m > [22m[2mClosed
[22m[39m[UnitContext] useEffect triggered {
  "authLoading": false,
  "hasUser": true,
  "id": "mock-unit-id",
  "userSub": "mock-user-sub",
}
[90mstdout[2m | src/components/Workbook/JoinWorkbookDialog.stories.tsx[2m > [22m[2mClosed
[22m[39m[UnitContext] Fetching unit data for id: mock-unit-id
[90mstdout[2m | src/components/Workbook/JoinWorkbookDialog.stories.tsx[2m > [22m[2mClosed
[22m[39m[FilesContext] Initializing vector store from IndexedDB
[90mstdout[2m | src/components/Workbook/JoinWorkbookDialog.stories.tsx[2m > [22m[2mClosed
[22m[39m[FilesContext] fetchFiles called
[90mstdout[2m | src/components/Workbook/JoinWorkbookDialog.stories.tsx[2m > [22m[2mClosed
[22m[39m[FilesContext] User authenticated: mock-user-sub
[90mstdout[2m | src/components/Workbook/JoinWorkbookDialog.stories.tsx[2m > [22m[2mClosed
[22m[39m[FilesContext] Identity ID: us-east-1:mock-identity-123
[90mstdout[2m | src/components/Workbook/JoinWorkbookDialog.stories.tsx[2m > [22m[2mClosed
[22m[39m[FilesContext] About to set up File observeQuery
[90mstdout[2m | src/components/Workbook/JoinWorkbookDialog.stories.tsx[2m > [22m[2mClosed
[22m[39m[ChatContext] Setting up AssistantChat observeQuery
[90mstdout[2m | src/components/Workbook/JoinWorkbookDialog.stories.tsx[2m > [22m[2mClosed
[22m[39m[ChatContext] Waiting for subscription to initialize
[90mstdout[2m | src/components/Workbook/JoinWorkbookDialog.stories.tsx[2m > [22m[2mClosed
[22m[39m[SettingsContext] Setting up Settings subscription for user: mock-user-sub
[90mstdout[2m | src/components/Workbook/JoinWorkbookDialog.stories.tsx[2m > [22m[2mClosed
[22m[39m[Mock Data] Settings created: mock-settings-1790416514722 - notified 0 subscribers
[90mstdout[2m | src/components/Workbook/JoinWorkbookDialog.stories.tsx[2m > [22m[2mClosed
[22m[39m[Mock Data] Unit.onUpdate() subscription added. Total: 1
[90mstdout[2m | src/components/Workbook/JoinWorkbookDialog.stories.tsx[2m > [22m[2mClosed
[22m[39m[SectionContext] Section observeQuery update: 0
[90mstdout[2m | src/components/Workbook/JoinWorkbookDialog.stories.tsx[2m > [22m[2mClosed
[22m[39m[FilesContext] File observeQuery update: 6 files
[90mstdout[2m | src/components/Workbook/JoinWorkbookDialog.stories.tsx[2m > [22m[2mClosed
[22m[39m[ChatContext] AssistantChat initialized with 1 chats
[90mstdout[2m | src/components/Workbook/JoinWorkbookDialog.stories.tsx[2m > [22m[2mClosed
[22m[39m[ChatContext] Setting initial chat: mock-assistant-chat-1
[90mstdout[2m | src/components/Workbook/JoinWorkbookDialog.stories.tsx[2m > [22m[2mClosed
[22m[39m[Mock Storage] downloadData called with: undefined
[90mstdout[2m | src/components/Workbook/JoinWorkbookDialog.stories.tsx[2m > [22m[2mClosed
[22m[39m[MOCK CourseVectorStore] Initialized with mock data
[90mstdout[2m | src/components/Workbook/JoinWorkbookDialog.stories.tsx[2m > [22m[2mClosed
[22m[39m[FilesContext] Vector store population triggered {
  "currentVectorStoreSize": 3,
  "documentsCount": 0,
  "filesCount": 6,
  "isInitialLoad": true,
}
[90mstdout[2m | src/components/Workbook/JoinWorkbookDialog.stories.tsx[2m > [22m[2mClosed
[22m[39m[FilesContext] Vector store population complete - 3 total embeddings
[90mstdout[2m | src/components/Workbook/JoinWorkbookDialog.stories.tsx[2m > [22m[2mClosed
[22m[39m[ChatContext] Chat exists and not archived, skipping creation
 [32m✓[39m [30m[45m storybook (chromium) [49m[39m src/components/Workbook/JoinWorkbookDialog.stories.tsx [2m([22m[2m2 tests[22m[2m)[22m[33m 553[2mms[22m[39m
   [33m[2m✓[22m[39m Open [33m 458[2mms[22m[39m
[90mstdout[2m | unknown test
[22m[39m[MOCK vectorStoreDB.js] Module loaded - mock IndexedDB operations
[90mstdout[2m | unknown test
[22m[39m[Task Completion] DOM action listeners initialized
[90mstdout[2m | unknown test
[22m[39m[Task Completion] Auto-completion detector initialized
[90mstdout[2m | unknown test
[22m[39m[Preview] Task completion detector initialized
[90mstdout[2m | src/components/RecordingStudio3/TimelineCard.stories.tsx[2m > [22m[2mDefault
[22m[39m[TranslationModeController] Setting mode to: off
[90mstdout[2m | src/components/RecordingStudio3/TimelineCard.stories.tsx[2m > [22m[2mSelected
[22m[39m[TranslationModeController] Setting mode to: off
[90mstdout[2m | src/components/RecordingStudio3/TimelineCard.stories.tsx[2m > [22m[2mLong Text
[22m[39m[TranslationModeController] Setting mode to: off
[90mstdout[2m | src/components/RecordingStudio3/TimelineCard.stories.tsx[2m > [22m[2mNarrow Card
[22m[39m[TranslationModeController] Setting mode to: off
 [32m✓[39m [30m[45m storybook (chromium) [49m[39m src/components/RecordingStudio3/TimelineCard.stories.tsx [2m([22m[2m4 tests[22m[2m)[22m[33m 354[2mms[22m[39m
[90mstdout[2m | unknown test
[22m[39m[MOCK vectorStoreDB.js] Module loaded - mock IndexedDB operations
[90mstdout[2m | unknown test
[22m[39m[Task Completion] DOM action listeners initialized
[90mstdout[2m | unknown test
[22m[39m[Task Completion] Auto-completion detector initialized
[90mstdout[2m | unknown test
[22m[39m[Preview] Task completion detector initialized
[90mstdout[2m | src/components/Editor3/components/EnhancedGeneration.stories.jsx[2m > [22m[2mUnified Image Generation
[22m[39m[MOCK CourseVectorStore] Initialized with mock data
[90mstdout[2m | src/components/Editor3/components/EnhancedGeneration.stories.jsx[2m > [22m[2mUnified Image Generation
[22m[39m[TranslationModeController] Setting mode to: off
[90mstdout[2m | src/components/Editor3/components/EnhancedGeneration.stories.jsx[2m > [22m[2mUnified Image Generation
[22m[39m[UnitContext] useEffect triggered {
  "authLoading": false,
  "hasUser": true,
  "id": "mock-unit-id",
  "userSub": "mock-user-sub",
}
[90mstdout[2m | src/components/Editor3/components/EnhancedGeneration.stories.jsx[2m > [22m[2mUnified Image Generation
[22m[39m[UnitContext] Fetching unit data for id: mock-unit-id
[90mstdout[2m | src/components/Editor3/components/EnhancedGeneration.stories.jsx[2m > [22m[2mUnified Image Generation
[22m[39m[FilesContext] Initializing vector store from IndexedDB
[90mstdout[2m | src/components/Editor3/components/EnhancedGeneration.stories.jsx[2m > [22m[2mUnified Image Generation
[22m[39m[FilesContext] fetchFiles called
[90mstdout[2m | src/components/Editor3/components/EnhancedGeneration.stories.jsx[2m > [22m[2mUnified Image Generation
[22m[39m[FilesContext] User authenticated: mock-user-sub
[90mstdout[2m | src/components/Editor3/components/EnhancedGeneration.stories.jsx[2m > [22m[2mUnified Image Generation
[22m[39m[FilesContext] Identity ID: us-east-1:mock-identity-123
[90mstdout[2m | src/components/Editor3/components/EnhancedGeneration.stories.jsx[2m > [22m[2mUnified Image Generation
[22m[39m[FilesContext] About to set up File observeQuery
[90mstdout[2m | src/components/Editor3/components/EnhancedGeneration.stories.jsx[2m > [22m[2mUnified Image Generation
[22m[39m[ChatContext] Setting up AssistantChat observeQuery
[90mstdout[2m | src/components/Editor3/components/EnhancedGeneration.stories.jsx[2m > [22m[2mUnified Image Generation
[22m[39m[ChatContext] Waiting for subscription to initialize
[90mstdout[2m | src/components/Editor3/components/EnhancedGeneration.stories.jsx[2m > [22m[2mUnified Image Generation
[22m[39m[SettingsContext] Setting up Settings subscription for user: mock-user-sub
[90mstdout[2m | src/components/Editor3/components/EnhancedGeneration.stories.jsx[2m > [22m[2mUnified Image Generation
[22m[39m[Mock Data] Settings created: mock-settings-1790416520325 - notified 0 subscribers
[90mstdout[2m | src/components/Editor3/components/EnhancedGeneration.stories.jsx[2m > [22m[2mUnified Image Generation
[22m[39m[Mock Data] Unit.onUpdate() subscription added. Total: 1
[90mstdout[2m | src/components/Editor3/components/EnhancedGeneration.stories.jsx[2m > [22m[2mUnified Image Generation
[22m[39m[SectionContext] Section observeQuery update: 0
[90mstdout[2m | src/components/Editor3/components/EnhancedGeneration.stories.jsx[2m > [22m[2mUnified Image Generation
[22m[39m[FilesContext] File observeQuery update: 6 files
[90mstdout[2m | src/components/Editor3/components/EnhancedGeneration.stories.jsx[2m > [22m[2mUnified Image Generation
[22m[39m[ChatContext] AssistantChat initialized with 1 chats
[90mstdout[2m | src/components/Editor3/components/EnhancedGeneration.stories.jsx[2m > [22m[2mUnified Image Generation
[22m[39m[ChatContext] Setting initial chat: mock-assistant-chat-1
[90mstdout[2m | src/components/Editor3/components/EnhancedGeneration.stories.jsx[2m > [22m[2mUnified Image Generation
[22m[39m[MOCK CourseVectorStore] Initialized with mock data
[90mstdout[2m | src/components/Editor3/components/EnhancedGeneration.stories.jsx[2m > [22m[2mUnified Image Generation
[22m[39m[FilesContext] Vector store population triggered {
  "currentVectorStoreSize": 3,
  "documentsCount": 0,
  "filesCount": 6,
  "isInitialLoad": true,
}
[90mstdout[2m | src/components/Editor3/components/EnhancedGeneration.stories.jsx[2m > [22m[2mUnified Image Generation
[22m[39m[FilesContext] Vector store population complete - 3 total embeddings
[90mstdout[2m | src/components/Editor3/components/EnhancedGeneration.stories.jsx[2m > [22m[2mUnified Image Generation
[22m[39m[ChatContext] Chat exists and not archived, skipping creation
[90mstdout[2m | src/components/Editor3/components/EnhancedGeneration.stories.jsx[2m > [22m[2mUnified Image Generation
[22m[39m[Mock Storage] downloadData called with: undefined
[90mstdout[2m | src/components/Editor3/components/EnhancedGeneration.stories.jsx[2m > [22m[2mUnified Audio Generation
[22m[39m[ChatContext] Cleaning up subscriptions
[90mstdout[2m | src/components/Editor3/components/EnhancedGeneration.stories.jsx[2m > [22m[2mUnified Audio Generation
[22m[39m[Mock Data] Unit.onUpdate() subscription removed. Remaining: 0
[90mstdout[2m | src/components/Editor3/components/EnhancedGeneration.stories.jsx[2m > [22m[2mUnified Audio Generation
[22m[39m[MOCK CourseVectorStore] Initialized with mock data
[90mstdout[2m | src/components/Editor3/components/EnhancedGeneration.stories.jsx[2m > [22m[2mUnified Audio Generation
[22m[39m[TranslationModeController] Setting mode to: off
[90mstdout[2m | src/components/Editor3/components/EnhancedGeneration.stories.jsx[2m > [22m[2mUnified Audio Generation
[22m[39m[UnitContext] useEffect triggered {
  "authLoading": false,
  "hasUser": true,
  "id": "mock-unit-id",
  "userSub": "mock-user-sub",
}
[90mstdout[2m | src/components/Editor3/components/EnhancedGeneration.stories.jsx[2m > [22m[2mUnified Audio Generation
[22m[39m[UnitContext] Fetching unit data for id: mock-unit-id
[90mstdout[2m | src/components/Editor3/components/EnhancedGeneration.stories.jsx[2m > [22m[2mUnified Audio Generation
[22m[39m[FilesContext] Initializing vector store from IndexedDB
[90mstdout[2m | src/components/Editor3/components/EnhancedGeneration.stories.jsx[2m > [22m[2mUnified Audio Generation
[22m[39m[FilesContext] fetchFiles called
[90mstdout[2m | src/components/Editor3/components/EnhancedGeneration.stories.jsx[2m > [22m[2mUnified Audio Generation
[22m[39m[FilesContext] User authenticated: mock-user-sub
[90mstdout[2m | src/components/Editor3/components/EnhancedGeneration.stories.jsx[2m > [22m[2mUnified Audio Generation
[22m[39m[FilesContext] Identity ID: us-east-1:mock-identity-123
[90mstdout[2m | src/components/Editor3/components/EnhancedGeneration.stories.jsx[2m > [22m[2mUnified Audio Generation
[22m[39m[FilesContext] About to set up File observeQuery
[90mstdout[2m | src/components/Editor3/components/EnhancedGeneration.stories.jsx[2m > [22m[2mUnified Audio Generation
[22m[39m[ChatContext] Setting up AssistantChat observeQuery
[90mstdout[2m | src/components/Editor3/components/EnhancedGeneration.stories.jsx[2m > [22m[2mUnified Audio Generation
[22m[39m[ChatContext] Waiting for subscription to initialize
[90mstdout[2m | src/components/Editor3/components/EnhancedGeneration.stories.jsx[2m > [22m[2mUnified Audio Generation
[22m[39m[SettingsContext] Setting up Settings subscription for user: mock-user-sub
[90mstdout[2m | src/components/Editor3/components/EnhancedGeneration.stories.jsx[2m > [22m[2mUnified Audio Generation
[22m[39m[Mock Data] Settings created: mock-settings-1790416520597 - notified 0 subscribers
[90mstdout[2m | src/components/Editor3/components/EnhancedGeneration.stories.jsx[2m > [22m[2mUnified Audio Generation
[22m[39m[Mock Data] Unit.onUpdate() subscription added. Total: 1
[90mstdout[2m | src/components/Editor3/components/EnhancedGeneration.stories.jsx[2m > [22m[2mUnified Audio Generation
[22m[39m[SectionContext] Section observeQuery update: 0
[90mstdout[2m | src/components/Editor3/components/EnhancedGeneration.stories.jsx[2m > [22m[2mUnified Audio Generation
[22m[39m[FilesContext] File observeQuery update: 6 files
[90mstdout[2m | src/components/Editor3/components/EnhancedGeneration.stories.jsx[2m > [22m[2mUnified Audio Generation
[22m[39m[ChatContext] AssistantChat initialized with 1 chats
[90mstdout[2m | src/components/Editor3/components/EnhancedGeneration.stories.jsx[2m > [22m[2mUnified Audio Generation
[22m[39m[ChatContext] Setting initial chat: mock-assistant-chat-1
[90mstdout[2m | src/components/Editor3/components/EnhancedGeneration.stories.jsx[2m > [22m[2mUnified Audio Generation
[22m[39m[MOCK CourseVectorStore] Initialized with mock data
[90mstdout[2m | src/components/Editor3/components/EnhancedGeneration.stories.jsx[2m > [22m[2mUnified Audio Generation
[22m[39m[FilesContext] Vector store population triggered {
  "currentVectorStoreSize": 3,
  "documentsCount": 0,
  "filesCount": 6,
  "isInitialLoad": true,
}
[90mstdout[2m | src/components/Editor3/components/EnhancedGeneration.stories.jsx[2m > [22m[2mUnified Audio Generation
[22m[39m[FilesContext] Vector store population complete - 3 total embeddings
[90mstdout[2m | src/components/Editor3/components/EnhancedGeneration.stories.jsx[2m > [22m[2mUnified Audio Generation
[22m[39m[ChatContext] Chat exists and not archived, skipping creation
[90mstdout[2m | src/components/Editor3/components/EnhancedGeneration.stories.jsx[2m > [22m[2mUnified Audio Generation
[22m[39m[Mock Storage] downloadData called with: undefined
[90mstdout[2m | src/components/Editor3/components/EnhancedGeneration.stories.jsx[2m > [22m[2mImage Mask Editor Demo
[22m[39m[ChatContext] Cleaning up subscriptions
[90mstdout[2m | src/components/Editor3/components/EnhancedGeneration.stories.jsx[2m > [22m[2mImage Mask Editor Demo
[22m[39m[Mock Data] Unit.onUpdate() subscription removed. Remaining: 0
[90mstdout[2m | src/components/Editor3/components/EnhancedGeneration.stories.jsx[2m > [22m[2mImage Mask Editor Demo
[22m[39m[MOCK CourseVectorStore] Initialized with mock data
[90mstdout[2m | src/components/Editor3/components/EnhancedGeneration.stories.jsx[2m > [22m[2mImage Mask Editor Demo
[22m[39m[TranslationModeController] Setting mode to: off
[90mstdout[2m | src/components/Editor3/components/EnhancedGeneration.stories.jsx[2m > [22m[2mImage Mask Editor Demo
[22m[39m[UnitContext] useEffect triggered {
  "authLoading": false,
  "hasUser": true,
  "id": "mock-unit-id",
  "userSub": "mock-user-sub",
}
[90mstdout[2m | src/components/Editor3/components/EnhancedGeneration.stories.jsx[2m > [22m[2mImage Mask Editor Demo
[22m[39m[UnitContext] Fetching unit data for id: mock-unit-id
[90mstdout[2m | src/components/Editor3/components/EnhancedGeneration.stories.jsx[2m > [22m[2mImage Mask Editor Demo
[22m[39m[FilesContext] Initializing vector store from IndexedDB
[90mstdout[2m | src/components/Editor3/components/EnhancedGeneration.stories.jsx[2m > [22m[2mImage Mask Editor Demo
[22m[39m[FilesContext] fetchFiles called
[90mstdout[2m | src/components/Editor3/components/EnhancedGeneration.stories.jsx[2m > [22m[2mImage Mask Editor Demo
[22m[39m[FilesContext] User authenticated: mock-user-sub
[90mstdout[2m | src/components/Editor3/components/EnhancedGeneration.stories.jsx[2m > [22m[2mImage Mask Editor Demo
[22m[39m[FilesContext] Identity ID: us-east-1:mock-identity-123
[90mstdout[2m | src/components/Editor3/components/EnhancedGeneration.stories.jsx[2m > [22m[2mImage Mask Editor Demo
[22m[39m[FilesContext] About to set up File observeQuery
[90mstdout[2m | src/components/Editor3/components/EnhancedGeneration.stories.jsx[2m > [22m[2mImage Mask Editor Demo
[22m[39m[ChatContext] Setting up AssistantChat observeQuery
[90mstdout[2m | src/components/Editor3/components/EnhancedGeneration.stories.jsx[2m > [22m[2mImage Mask Editor Demo
[22m[39m[ChatContext] Waiting for subscription to initialize
[90mstdout[2m | src/components/Editor3/components/EnhancedGeneration.stories.jsx[2m > [22m[2mImage Mask Editor Demo
[22m[39m[SettingsContext] Setting up Settings subscription for user: mock-user-sub
[90mstdout[2m | src/components/Editor3/components/EnhancedGeneration.stories.jsx[2m > [22m[2mImage Mask Editor Demo
[22m[39m[Mock Data] Settings created: mock-settings-1790416520796 - notified 0 subscribers
[90mstdout[2m | src/components/Editor3/components/EnhancedGeneration.stories.jsx[2m > [22m[2mImage Mask Editor Demo
[22m[39m[Mock Data] Unit.onUpdate() subscription added. Total: 1
[90mstdout[2m | src/components/Editor3/components/EnhancedGeneration.stories.jsx[2m > [22m[2mImage Mask Editor Demo
[22m[39m[SectionContext] Section observeQuery update: 0
[90mstdout[2m | src/components/Editor3/components/EnhancedGeneration.stories.jsx[2m > [22m[2mImage Mask Editor Demo
[22m[39m[FilesContext] File observeQuery update: 6 files
[90mstdout[2m | src/components/Editor3/components/EnhancedGeneration.stories.jsx[2m > [22m[2mImage Mask Editor Demo
[22m[39m[ChatContext] AssistantChat initialized with 1 chats
[90mstdout[2m | src/components/Editor3/components/EnhancedGeneration.stories.jsx[2m > [22m[2mImage Mask Editor Demo
[22m[39m[ChatContext] Setting initial chat: mock-assistant-chat-1
[90mstdout[2m | src/components/Editor3/components/EnhancedGeneration.stories.jsx[2m > [22m[2mImage Mask Editor Demo
[22m[39m[MOCK CourseVectorStore] Initialized with mock data
[90mstdout[2m | src/components/Editor3/components/EnhancedGeneration.stories.jsx[2m > [22m[2mImage Mask Editor Demo
[22m[39m[FilesContext] Vector store population triggered {
  "currentVectorStoreSize": 3,
  "documentsCount": 0,
  "filesCount": 6,
  "isInitialLoad": true,
}
[90mstdout[2m | src/components/Editor3/components/EnhancedGeneration.stories.jsx[2m > [22m[2mImage Mask Editor Demo
[22m[39m[FilesContext] Vector store population complete - 3 total embeddings
[90mstdout[2m | src/components/Editor3/components/EnhancedGeneration.stories.jsx[2m > [22m[2mImage Mask Editor Demo
[22m[39m[ChatContext] Chat exists and not archived, skipping creation
[90mstdout[2m | src/components/Editor3/components/EnhancedGeneration.stories.jsx[2m > [22m[2mImage Mask Editor Demo
[22m[39m[Mock Storage] downloadData called with: undefined
[90mstdout[2m | src/components/Editor3/components/EnhancedGeneration.stories.jsx[2m > [22m[2mImage Mask Editor Demo
[22m[39mfilterWords {
  "filter": "",
  "wordsCount": 0,
}
[90mstdout[2m | src/components/Editor3/components/EnhancedGeneration.stories.jsx[2m > [22m[2mComplete Workflow
[22m[39m[ChatContext] Cleaning up subscriptions
[90mstdout[2m | src/components/Editor3/components/EnhancedGeneration.stories.jsx[2m > [22m[2mComplete Workflow
[22m[39m[Mock Data] Unit.onUpdate() subscription removed. Remaining: 0
[90mstdout[2m | src/components/Editor3/components/EnhancedGeneration.stories.jsx[2m > [22m[2mComplete Workflow
[22m[39m[MOCK CourseVectorStore] Initialized with mock data
[90mstdout[2m | src/components/Editor3/components/EnhancedGeneration.stories.jsx[2m > [22m[2mComplete Workflow
[22m[39m[TranslationModeController] Setting mode to: off
[90mstdout[2m | src/components/Editor3/components/EnhancedGeneration.stories.jsx[2m > [22m[2mComplete Workflow
[22m[39m[UnitContext] useEffect triggered {
  "authLoading": false,
  "hasUser": true,
  "id": "mock-unit-id",
  "userSub": "mock-user-sub",
}
[90mstdout[2m | src/components/Editor3/components/EnhancedGeneration.stories.jsx[2m > [22m[2mComplete Workflow
[22m[39m[UnitContext] Fetching unit data for id: mock-unit-id
[90mstdout[2m | src/components/Editor3/components/EnhancedGeneration.stories.jsx[2m > [22m[2mComplete Workflow
[22m[39m[FilesContext] Initializing vector store from IndexedDB
[90mstdout[2m | src/components/Editor3/components/EnhancedGeneration.stories.jsx[2m > [22m[2mComplete Workflow
[22m[39m[FilesContext] fetchFiles called
[90mstdout[2m | src/components/Editor3/components/EnhancedGeneration.stories.jsx[2m > [22m[2mComplete Workflow
[22m[39m[FilesContext] User authenticated: mock-user-sub
[90mstdout[2m | src/components/Editor3/components/EnhancedGeneration.stories.jsx[2m > [22m[2mComplete Workflow
[22m[39m[FilesContext] Identity ID: us-east-1:mock-identity-123
[90mstdout[2m | src/components/Editor3/components/EnhancedGeneration.stories.jsx[2m > [22m[2mComplete Workflow
[22m[39m[FilesContext] About to set up File observeQuery
[90mstdout[2m | src/components/Editor3/components/EnhancedGeneration.stories.jsx[2m > [22m[2mComplete Workflow
[22m[39m[ChatContext] Setting up AssistantChat observeQuery
[90mstdout[2m | src/components/Editor3/components/EnhancedGeneration.stories.jsx[2m > [22m[2mComplete Workflow
[22m[39m[ChatContext] Waiting for subscription to initialize
[90mstdout[2m | src/components/Editor3/components/EnhancedGeneration.stories.jsx[2m > [22m[2mComplete Workflow
[22m[39m[SettingsContext] Setting up Settings subscription for user: mock-user-sub
[90mstdout[2m | src/components/Editor3/components/EnhancedGeneration.stories.jsx[2m > [22m[2mComplete Workflow
[22m[39m[Mock Data] Settings created: mock-settings-1790416521242 - notified 0 subscribers
[90mstdout[2m | src/components/Editor3/components/EnhancedGeneration.stories.jsx[2m > [22m[2mComplete Workflow
[22m[39m[Mock Data] Unit.onUpdate() subscription added. Total: 1
[90mstdout[2m | src/components/Editor3/components/EnhancedGeneration.stories.jsx[2m > [22m[2mComplete Workflow
[22m[39m[SectionContext] Section observeQuery update: 0
[90mstdout[2m | src/components/Editor3/components/EnhancedGeneration.stories.jsx[2m > [22m[2mComplete Workflow
[22m[39m[FilesContext] File observeQuery update: 6 files
[90mstdout[2m | src/components/Editor3/components/EnhancedGeneration.stories.jsx[2m > [22m[2mComplete Workflow
[22m[39m[ChatContext] AssistantChat initialized with 1 chats
[90mstdout[2m | src/components/Editor3/components/EnhancedGeneration.stories.jsx[2m > [22m[2mComplete Workflow
[22m[39m[ChatContext] Setting initial chat: mock-assistant-chat-1
[90mstdout[2m | src/components/Editor3/components/EnhancedGeneration.stories.jsx[2m > [22m[2mComplete Workflow
[22m[39m[MOCK CourseVectorStore] Initialized with mock data
[90mstdout[2m | src/components/Editor3/components/EnhancedGeneration.stories.jsx[2m > [22m[2mComplete Workflow
[22m[39m[FilesContext] Vector store population triggered {
  "currentVectorStoreSize": 3,
  "documentsCount": 0,
  "filesCount": 6,
  "isInitialLoad": true,
}
[90mstdout[2m | src/components/Editor3/components/EnhancedGeneration.stories.jsx[2m > [22m[2mComplete Workflow
[22m[39m[FilesContext] Vector store population complete - 3 total embeddings
[90mstdout[2m | src/components/Editor3/components/EnhancedGeneration.stories.jsx[2m > [22m[2mComplete Workflow
[22m[39m[ChatContext] Chat exists and not archived, skipping creation
[90mstdout[2m | src/components/Editor3/components/EnhancedGeneration.stories.jsx[2m > [22m[2mComplete Workflow
[22m[39m[Mock Storage] downloadData called with: undefined
[90mstdout[2m | src/components/Editor3/components/EnhancedGeneration.stories.jsx[2m > [22m[2mFeature Documentation
[22m[39m[ChatContext] Cleaning up subscriptions
[90mstdout[2m | src/components/Editor3/components/EnhancedGeneration.stories.jsx[2m > [22m[2mFeature Documentation
[22m[39m[Mock Data] Unit.onUpdate() subscription removed. Remaining: 0
[90mstdout[2m | src/components/Editor3/components/EnhancedGeneration.stories.jsx[2m > [22m[2mFeature Documentation
[22m[39m[MOCK CourseVectorStore] Initialized with mock data
[90mstdout[2m | src/components/Editor3/components/EnhancedGeneration.stories.jsx[2m > [22m[2mFeature Documentation
[22m[39m[TranslationModeController] Setting mode to: off
[90mstdout[2m | src/components/Editor3/components/EnhancedGeneration.stories.jsx[2m > [22m[2mFeature Documentation
[22m[39m[UnitContext] useEffect triggered {
  "authLoading": false,
  "hasUser": true,
  "id": "mock-unit-id",
  "userSub": "mock-user-sub",
}
[90mstdout[2m | src/components/Editor3/components/EnhancedGeneration.stories.jsx[2m > [22m[2mFeature Documentation
[22m[39m[UnitContext] Fetching unit data for id: mock-unit-id
[90mstdout[2m | src/components/Editor3/components/EnhancedGeneration.stories.jsx[2m > [22m[2mFeature Documentation
[22m[39m[FilesContext] Initializing vector store from IndexedDB
[90mstdout[2m | src/components/Editor3/components/EnhancedGeneration.stories.jsx[2m > [22m[2mFeature Documentation
[22m[39m[FilesContext] fetchFiles called
[90mstdout[2m | src/components/Editor3/components/EnhancedGeneration.stories.jsx[2m > [22m[2mFeature Documentation
[22m[39m[FilesContext] User authenticated: mock-user-sub
[90mstdout[2m | src/components/Editor3/components/EnhancedGeneration.stories.jsx[2m > [22m[2mFeature Documentation
[22m[39m[FilesContext] Identity ID: us-east-1:mock-identity-123
[90mstdout[2m | src/components/Editor3/components/EnhancedGeneration.stories.jsx[2m > [22m[2mFeature Documentation
[22m[39m[FilesContext] About to set up File observeQuery
[90mstdout[2m | src/components/Editor3/components/EnhancedGeneration.stories.jsx[2m > [22m[2mFeature Documentation
[22m[39m[ChatContext] Setting up AssistantChat observeQuery
[90mstdout[2m | src/components/Editor3/components/EnhancedGeneration.stories.jsx[2m > [22m[2mFeature Documentation
[22m[39m[ChatContext] Waiting for subscription to initialize
[90mstdout[2m | src/components/Editor3/components/EnhancedGeneration.stories.jsx[2m > [22m[2mFeature Documentation
[22m[39m[SettingsContext] Setting up Settings subscription for user: mock-user-sub
[90mstdout[2m | src/components/Editor3/components/EnhancedGeneration.stories.jsx[2m > [22m[2mFeature Documentation
[22m[39m[Mock Data] Settings created: mock-settings-1790416521376 - notified 0 subscribers
[90mstdout[2m | src/components/Editor3/components/EnhancedGeneration.stories.jsx[2m > [22m[2mFeature Documentation
[22m[39m[Mock Data] Unit.onUpdate() subscription added. Total: 1
[90mstdout[2m | src/components/Editor3/components/EnhancedGeneration.stories.jsx[2m > [22m[2mFeature Documentation
[22m[39m[SectionContext] Section observeQuery update: 0
[90mstdout[2m | src/components/Editor3/components/EnhancedGeneration.stories.jsx[2m > [22m[2mFeature Documentation
[22m[39m[FilesContext] File observeQuery update: 6 files
[90mstdout[2m | src/components/Editor3/components/EnhancedGeneration.stories.jsx[2m > [22m[2mFeature Documentation
[22m[39m[ChatContext] AssistantChat initialized with 1 chats
[90mstdout[2m | src/components/Editor3/components/EnhancedGeneration.stories.jsx[2m > [22m[2mFeature Documentation
[22m[39m[ChatContext] Setting initial chat: mock-assistant-chat-1
[90mstdout[2m | src/components/Editor3/components/EnhancedGeneration.stories.jsx[2m > [22m[2mFeature Documentation
[22m[39m[MOCK CourseVectorStore] Initialized with mock data
[90mstdout[2m | src/components/Editor3/components/EnhancedGeneration.stories.jsx[2m > [22m[2mFeature Documentation
[22m[39m[FilesContext] Vector store population triggered {
  "currentVectorStoreSize": 3,
  "documentsCount": 0,
  "filesCount": 6,
  "isInitialLoad": true,
}
[90mstdout[2m | src/components/Editor3/components/EnhancedGeneration.stories.jsx[2m > [22m[2mFeature Documentation
[22m[39m[FilesContext] Vector store population complete - 3 total embeddings
[90mstdout[2m | src/components/Editor3/components/EnhancedGeneration.stories.jsx[2m > [22m[2mFeature Documentation
[22m[39m[ChatContext] Chat exists and not archived, skipping creation
[90mstdout[2m | src/components/Editor3/components/EnhancedGeneration.stories.jsx[2m > [22m[2mFeature Documentation
[22m[39m[Mock Storage] downloadData called with: undefined
 [32m✓[39m [30m[45m storybook (chromium) [49m[39m src/components/Editor3/components/EnhancedGeneration.stories.jsx [2m([22m[2m5 tests[22m[2m)[22m[33m 1325[2mms[22m[39m
   [33m[2m✓[22m[39m Unified Image Generation [33m 307[2mms[22m[39m
   [33m[2m✓[22m[39m Image Mask Editor Demo [33m 433[2mms[22m[39m
[90mstdout[2m | unknown test
[22m[39m[MOCK vectorStoreDB.js] Module loaded - mock IndexedDB operations
[90mstdout[2m | unknown test
[22m[39m[Task Completion] DOM action listeners initialized
[90mstdout[2m | unknown test
[22m[39m[Task Completion] Auto-completion detector initialized
[90mstdout[2m | unknown test
[22m[39m[Preview] Task completion detector initialized
[90mstdout[2m | src/components/Gamification/LevelBadge.stories.tsx[2m > [22m[2mBeginner
[22m[39m[MOCK CourseVectorStore] Initialized with mock data
[90mstdout[2m | src/components/Gamification/LevelBadge.stories.tsx[2m > [22m[2mBeginner
[22m[39m[TranslationModeController] Setting mode to: off
[90mstdout[2m | src/components/Gamification/LevelBadge.stories.tsx[2m > [22m[2mBeginner
[22m[39m[UnitContext] useEffect triggered {
  "authLoading": false,
  "hasUser": true,
  "id": "mock-unit-id",
  "userSub": "mock-user-sub",
}
[90mstdout[2m | src/components/Gamification/LevelBadge.stories.tsx[2m > [22m[2mBeginner
[22m[39m[UnitContext] Fetching unit data for id: mock-unit-id
[90mstdout[2m | src/components/Gamification/LevelBadge.stories.tsx[2m > [22m[2mBeginner
[22m[39m[FilesContext] Initializing vector store from IndexedDB
[90mstdout[2m | src/components/Gamification/LevelBadge.stories.tsx[2m > [22m[2mBeginner
[22m[39m[FilesContext] fetchFiles called
[90mstdout[2m | src/components/Gamification/LevelBadge.stories.tsx[2m > [22m[2mBeginner
[22m[39m[FilesContext] User authenticated: mock-user-sub
[90mstdout[2m | src/components/Gamification/LevelBadge.stories.tsx[2m > [22m[2mBeginner
[22m[39m[FilesContext] Identity ID: us-east-1:mock-identity-123
[90mstdout[2m | src/components/Gamification/LevelBadge.stories.tsx[2m > [22m[2mBeginner
[22m[39m[FilesContext] About to set up File observeQuery
[90mstdout[2m | src/components/Gamification/LevelBadge.stories.tsx[2m > [22m[2mBeginner
[22m[39m[ChatContext] Setting up AssistantChat observeQuery
[90mstdout[2m | src/components/Gamification/LevelBadge.stories.tsx[2m > [22m[2mBeginner
[22m[39m[ChatContext] Waiting for subscription to initialize
[90mstdout[2m | src/components/Gamification/LevelBadge.stories.tsx[2m > [22m[2mBeginner
[22m[39m[SettingsContext] Setting up Settings subscription for user: mock-user-sub
[90mstdout[2m | src/components/Gamification/LevelBadge.stories.tsx[2m > [22m[2mBeginner
[22m[39m[Mock Data] Settings created: mock-settings-1790416522370 - notified 0 subscribers
[90mstdout[2m | src/components/Gamification/LevelBadge.stories.tsx[2m > [22m[2mBeginner
[22m[39m[Mock Data] Unit.onUpdate() subscription added. Total: 1
[90mstdout[2m | src/components/Gamification/LevelBadge.stories.tsx[2m > [22m[2mBeginner
[22m[39m[SectionContext] Section observeQuery update: 0
[90mstdout[2m | src/components/Gamification/LevelBadge.stories.tsx[2m > [22m[2mBeginner
[22m[39m[FilesContext] File observeQuery update: 6 files
[90mstdout[2m | src/components/Gamification/LevelBadge.stories.tsx[2m > [22m[2mBeginner
[22m[39m[ChatContext] AssistantChat initialized with 1 chats
[90mstdout[2m | src/components/Gamification/LevelBadge.stories.tsx[2m > [22m[2mBeginner
[22m[39m[ChatContext] Setting initial chat: mock-assistant-chat-1
[90mstdout[2m | src/components/Gamification/LevelBadge.stories.tsx[2m > [22m[2mBeginner
[22m[39m[MOCK CourseVectorStore] Initialized with mock data
[90mstdout[2m | src/components/Gamification/LevelBadge.stories.tsx[2m > [22m[2mBeginner
[22m[39m[FilesContext] Vector store population triggered {
  "currentVectorStoreSize": 3,
  "documentsCount": 0,
  "filesCount": 6,
  "isInitialLoad": true,
}
[90mstdout[2m | src/components/Gamification/LevelBadge.stories.tsx[2m > [22m[2mBeginner
[22m[39m[FilesContext] Vector store population complete - 3 total embeddings
[90mstdout[2m | src/components/Gamification/LevelBadge.stories.tsx[2m > [22m[2mBeginner
[22m[39m[ChatContext] Chat exists and not archived, skipping creation
[90mstdout[2m | src/components/Gamification/LevelBadge.stories.tsx[2m > [22m[2mBeginner
[22m[39m[Mock Storage] downloadData called with: undefined
[90mstdout[2m | src/components/Gamification/LevelBadge.stories.tsx[2m > [22m[2mExplorer
[22m[39m[ChatContext] Cleaning up subscriptions
[90mstdout[2m | src/components/Gamification/LevelBadge.stories.tsx[2m > [22m[2mExplorer
[22m[39m[Mock Data] Unit.onUpdate() subscription removed. Remaining: 0
[90mstdout[2m | src/components/Gamification/LevelBadge.stories.tsx[2m > [22m[2mExplorer
[22m[39m[MOCK CourseVectorStore] Initialized with mock data
[90mstdout[2m | src/components/Gamification/LevelBadge.stories.tsx[2m > [22m[2mExplorer
[22m[39m[TranslationModeController] Setting mode to: off
[90mstdout[2m | src/components/Gamification/LevelBadge.stories.tsx[2m > [22m[2mExplorer
[22m[39m[UnitContext] useEffect triggered {
  "authLoading": false,
  "hasUser": true,
  "id": "mock-unit-id",
  "userSub": "mock-user-sub",
}
[90mstdout[2m | src/components/Gamification/LevelBadge.stories.tsx[2m > [22m[2mExplorer
[22m[39m[UnitContext] Fetching unit data for id: mock-unit-id
[90mstdout[2m | src/components/Gamification/LevelBadge.stories.tsx[2m > [22m[2mExplorer
[22m[39m[FilesContext] Initializing vector store from IndexedDB
[90mstdout[2m | src/components/Gamification/LevelBadge.stories.tsx[2m > [22m[2mExplorer
[22m[39m[FilesContext] fetchFiles called
[90mstdout[2m | src/components/Gamification/LevelBadge.stories.tsx[2m > [22m[2mExplorer
[22m[39m[FilesContext] User authenticated: mock-user-sub
[90mstdout[2m | src/components/Gamification/LevelBadge.stories.tsx[2m > [22m[2mExplorer
[22m[39m[FilesContext] Identity ID: us-east-1:mock-identity-123
[90mstdout[2m | src/components/Gamification/LevelBadge.stories.tsx[2m > [22m[2mExplorer
[22m[39m[FilesContext] About to set up File observeQuery
[90mstdout[2m | src/components/Gamification/LevelBadge.stories.tsx[2m > [22m[2mExplorer
[22m[39m[ChatContext] Setting up AssistantChat observeQuery
[90mstdout[2m | src/components/Gamification/LevelBadge.stories.tsx[2m > [22m[2mExplorer
[22m[39m[ChatContext] Waiting for subscription to initialize
[90mstdout[2m | src/components/Gamification/LevelBadge.stories.tsx[2m > [22m[2mExplorer
[22m[39m[SettingsContext] Setting up Settings subscription for user: mock-user-sub
[90mstdout[2m | src/components/Gamification/LevelBadge.stories.tsx[2m > [22m[2mExplorer
[22m[39m[Mock Data] Settings created: mock-settings-1790416522542 - notified 0 subscribers
[90mstdout[2m | src/components/Gamification/LevelBadge.stories.tsx[2m > [22m[2mExplorer
[22m[39m[Mock Data] Unit.onUpdate() subscription added. Total: 1
[90mstdout[2m | src/components/Gamification/LevelBadge.stories.tsx[2m > [22m[2mExplorer
[22m[39m[SectionContext] Section observeQuery update: 0
[90mstdout[2m | src/components/Gamification/LevelBadge.stories.tsx[2m > [22m[2mExplorer
[22m[39m[FilesContext] File observeQuery update: 6 files
[90mstdout[2m | src/components/Gamification/LevelBadge.stories.tsx[2m > [22m[2mExplorer
[22m[39m[ChatContext] AssistantChat initialized with 1 chats
[90mstdout[2m | src/components/Gamification/LevelBadge.stories.tsx[2m > [22m[2mExplorer
[22m[39m[ChatContext] Setting initial chat: mock-assistant-chat-1
[90mstdout[2m | src/components/Gamification/LevelBadge.stories.tsx[2m > [22m[2mExplorer
[22m[39m[MOCK CourseVectorStore] Initialized with mock data
[90mstdout[2m | src/components/Gamification/LevelBadge.stories.tsx[2m > [22m[2mExplorer
[22m[39m[FilesContext] Vector store population triggered {
  "currentVectorStoreSize": 3,
  "documentsCount": 0,
  "filesCount": 6,
  "isInitialLoad": true,
}
[90mstdout[2m | src/components/Gamification/LevelBadge.stories.tsx[2m > [22m[2mExplorer
[22m[39m[FilesContext] Vector store population complete - 3 total embeddings
[90mstdout[2m | src/components/Gamification/LevelBadge.stories.tsx[2m > [22m[2mExplorer
[22m[39m[ChatContext] Chat exists and not archived, skipping creation
[90mstdout[2m | src/components/Gamification/LevelBadge.stories.tsx[2m > [22m[2mExplorer
[22m[39m[Mock Storage] downloadData called with: undefined
[90mstdout[2m | src/components/Gamification/LevelBadge.stories.tsx[2m > [22m[2mPractitioner
[22m[39m[ChatContext] Cleaning up subscriptions
[90mstdout[2m | src/components/Gamification/LevelBadge.stories.tsx[2m > [22m[2mPractitioner
[22m[39m[Mock Data] Unit.onUpdate() subscription removed. Remaining: 0
[90mstdout[2m | src/components/Gamification/LevelBadge.stories.tsx[2m > [22m[2mPractitioner
[22m[39m[MOCK CourseVectorStore] Initialized with mock data
[90mstdout[2m | src/components/Gamification/LevelBadge.stories.tsx[2m > [22m[2mPractitioner
[22m[39m[TranslationModeController] Setting mode to: off
[90mstdout[2m | src/components/Gamification/LevelBadge.stories.tsx[2m > [22m[2mPractitioner
[22m[39m[UnitContext] useEffect triggered {
  "authLoading": false,
  "hasUser": true,
  "id": "mock-unit-id",
  "userSub": "mock-user-sub",
}
[90mstdout[2m | src/components/Gamification/LevelBadge.stories.tsx[2m > [22m[2mPractitioner
[22m[39m[UnitContext] Fetching unit data for id: mock-unit-id
[90mstdout[2m | src/components/Gamification/LevelBadge.stories.tsx[2m > [22m[2mPractitioner
[22m[39m[FilesContext] Initializing vector store from IndexedDB
[90mstdout[2m | src/components/Gamification/LevelBadge.stories.tsx[2m > [22m[2mPractitioner
[22m[39m[FilesContext] fetchFiles called
[90mstdout[2m | src/components/Gamification/LevelBadge.stories.tsx[2m > [22m[2mPractitioner
[22m[39m[FilesContext] User authenticated: mock-user-sub
[90mstdout[2m | src/components/Gamification/LevelBadge.stories.tsx[2m > [22m[2mPractitioner
[22m[39m[FilesContext] Identity ID: us-east-1:mock-identity-123
[90mstdout[2m | src/components/Gamification/LevelBadge.stories.tsx[2m > [22m[2mPractitioner
[22m[39m[FilesContext] About to set up File observeQuery
[90mstdout[2m | src/components/Gamification/LevelBadge.stories.tsx[2m > [22m[2mPractitioner
[22m[39m[ChatContext] Setting up AssistantChat observeQuery
[90mstdout[2m | src/components/Gamification/LevelBadge.stories.tsx[2m > [22m[2mPractitioner
[22m[39m[ChatContext] Waiting for subscription to initialize
[90mstdout[2m | src/components/Gamification/LevelBadge.stories.tsx[2m > [22m[2mPractitioner
[22m[39m[SettingsContext] Setting up Settings subscription for user: mock-user-sub
[90mstdout[2m | src/components/Gamification/LevelBadge.stories.tsx[2m > [22m[2mPractitioner
[22m[39m[Mock Data] Settings created: mock-settings-1790416522657 - notified 0 subscribers
[90mstdout[2m | src/components/Gamification/LevelBadge.stories.tsx[2m > [22m[2mPractitioner
[22m[39m[Mock Data] Unit.onUpdate() subscription added. Total: 1
[90mstdout[2m | src/components/Gamification/LevelBadge.stories.tsx[2m > [22m[2mPractitioner
[22m[39m[SectionContext] Section observeQuery update: 0
[90mstdout[2m | src/components/Gamification/LevelBadge.stories.tsx[2m > [22m[2mPractitioner
[22m[39m[FilesContext] File observeQuery update: 6 files
[90mstdout[2m | src/components/Gamification/LevelBadge.stories.tsx[2m > [22m[2mPractitioner
[22m[39m[ChatContext] AssistantChat initialized with 1 chats
[90mstdout[2m | src/components/Gamification/LevelBadge.stories.tsx[2m > [22m[2mPractitioner
[22m[39m[ChatContext] Setting initial chat: mock-assistant-chat-1
[90mstdout[2m | src/components/Gamification/LevelBadge.stories.tsx[2m > [22m[2mPractitioner
[22m[39m[MOCK CourseVectorStore] Initialized with mock data
[90mstdout[2m | src/components/Gamification/LevelBadge.stories.tsx[2m > [22m[2mPractitioner
[22m[39m[FilesContext] Vector store population triggered {
  "currentVectorStoreSize": 3,
  "documentsCount": 0,
  "filesCount": 6,
  "isInitialLoad": true,
}
[90mstdout[2m | src/components/Gamification/LevelBadge.stories.tsx[2m > [22m[2mPractitioner
[22m[39m[FilesContext] Vector store population complete - 3 total embeddings
[90mstdout[2m | src/components/Gamification/LevelBadge.stories.tsx[2m > [22m[2mPractitioner
[22m[39m[ChatContext] Chat exists and not archived, skipping creation
[90mstdout[2m | src/components/Gamification/LevelBadge.stories.tsx[2m > [22m[2mPractitioner
[22m[39m[Mock Storage] downloadData called with: undefined
[90mstdout[2m | src/components/Gamification/LevelBadge.stories.tsx[2m > [22m[2mContributor
[22m[39m[ChatContext] Cleaning up subscriptions
[90mstdout[2m | src/components/Gamification/LevelBadge.stories.tsx[2m > [22m[2mContributor
[22m[39m[Mock Data] Unit.onUpdate() subscription removed. Remaining: 0
[90mstdout[2m | src/components/Gamification/LevelBadge.stories.tsx[2m > [22m[2mContributor
[22m[39m[MOCK CourseVectorStore] Initialized with mock data
[90mstdout[2m | src/components/Gamification/LevelBadge.stories.tsx[2m > [22m[2mContributor
[22m[39m[TranslationModeController] Setting mode to: off
[90mstdout[2m | src/components/Gamification/LevelBadge.stories.tsx[2m > [22m[2mContributor
[22m[39m[UnitContext] useEffect triggered {
  "authLoading": false,
  "hasUser": true,
  "id": "mock-unit-id",
  "userSub": "mock-user-sub",
}
[90mstdout[2m | src/components/Gamification/LevelBadge.stories.tsx[2m > [22m[2mContributor
[22m[39m[UnitContext] Fetching unit data for id: mock-unit-id
[90mstdout[2m | src/components/Gamification/LevelBadge.stories.tsx[2m > [22m[2mContributor
[22m[39m[FilesContext] Initializing vector store from IndexedDB
[90mstdout[2m | src/components/Gamification/LevelBadge.stories.tsx[2m > [22m[2mContributor
[22m[39m[FilesContext] fetchFiles called
[90mstdout[2m | src/components/Gamification/LevelBadge.stories.tsx[2m > [22m[2mContributor
[22m[39m[FilesContext] User authenticated: mock-user-sub
[90mstdout[2m | src/components/Gamification/LevelBadge.stories.tsx[2m > [22m[2mContributor
[22m[39m[FilesContext] Identity ID: us-east-1:mock-identity-123
[90mstdout[2m | src/components/Gamification/LevelBadge.stories.tsx[2m > [22m[2mContributor
[22m[39m[FilesContext] About to set up File observeQuery
[90mstdout[2m | src/components/Gamification/LevelBadge.stories.tsx[2m > [22m[2mContributor
[22m[39m[ChatContext] Setting up AssistantChat observeQuery
[90mstdout[2m | src/components/Gamification/LevelBadge.stories.tsx[2m > [22m[2mContributor
[22m[39m[ChatContext] Waiting for subscription to initialize
[90mstdout[2m | src/components/Gamification/LevelBadge.stories.tsx[2m > [22m[2mContributor
[22m[39m[SettingsContext] Setting up Settings subscription for user: mock-user-sub
[90mstdout[2m | src/components/Gamification/LevelBadge.stories.tsx[2m > [22m[2mContributor
[22m[39m[Mock Data] Settings created: mock-settings-1790416522772 - notified 0 subscribers
[90mstdout[2m | src/components/Gamification/LevelBadge.stories.tsx[2m > [22m[2mContributor
[22m[39m[Mock Data] Unit.onUpdate() subscription added. Total: 1
[90mstdout[2m | src/components/Gamification/LevelBadge.stories.tsx[2m > [22m[2mContributor
[22m[39m[SectionContext] Section observeQuery update: 0
[90mstdout[2m | src/components/Gamification/LevelBadge.stories.tsx[2m > [22m[2mContributor
[22m[39m[FilesContext] File observeQuery update: 6 files
[90mstdout[2m | src/components/Gamification/LevelBadge.stories.tsx[2m > [22m[2mContributor
[22m[39m[ChatContext] AssistantChat initialized with 1 chats
[90mstdout[2m | src/components/Gamification/LevelBadge.stories.tsx[2m > [22m[2mContributor
[22m[39m[ChatContext] Setting initial chat: mock-assistant-chat-1
[90mstdout[2m | src/components/Gamification/LevelBadge.stories.tsx[2m > [22m[2mContributor
[22m[39m[Mock Storage] downloadData called with: undefined
[90mstdout[2m | src/components/Gamification/LevelBadge.stories.tsx[2m > [22m[2mContributor
[22m[39m[MOCK CourseVectorStore] Initialized with mock data
[90mstdout[2m | src/components/Gamification/LevelBadge.stories.tsx[2m > [22m[2mContributor
[22m[39m[FilesContext] Vector store population triggered {
  "currentVectorStoreSize": 3,
  "documentsCount": 0,
  "filesCount": 6,
  "isInitialLoad": true,
}
[90mstdout[2m | src/components/Gamification/LevelBadge.stories.tsx[2m > [22m[2mContributor
[22m[39m[FilesContext] Vector store population complete - 3 total embeddings
[90mstdout[2m | src/components/Gamification/LevelBadge.stories.tsx[2m > [22m[2mContributor
[22m[39m[ChatContext] Chat exists and not archived, skipping creation
[90mstdout[2m | src/components/Gamification/LevelBadge.stories.tsx[2m > [22m[2mExpert
[22m[39m[ChatContext] Cleaning up subscriptions
[90mstdout[2m | src/components/Gamification/LevelBadge.stories.tsx[2m > [22m[2mExpert
[22m[39m[Mock Data] Unit.onUpdate() subscription removed. Remaining: 0
[90mstdout[2m | src/components/Gamification/LevelBadge.stories.tsx[2m > [22m[2mExpert
[22m[39m[MOCK CourseVectorStore] Initialized with mock data
[90mstdout[2m | src/components/Gamification/LevelBadge.stories.tsx[2m > [22m[2mExpert
[22m[39m[TranslationModeController] Setting mode to: off
[90mstdout[2m | src/components/Gamification/LevelBadge.stories.tsx[2m > [22m[2mExpert
[22m[39m[UnitContext] useEffect triggered {
  "authLoading": false,
  "hasUser": true,
  "id": "mock-unit-id",
  "userSub": "mock-user-sub",
}
[90mstdout[2m | src/components/Gamification/LevelBadge.stories.tsx[2m > [22m[2mExpert
[22m[39m[UnitContext] Fetching unit data for id: mock-unit-id
[90mstdout[2m | src/components/Gamification/LevelBadge.stories.tsx[2m > [22m[2mExpert
[22m[39m[FilesContext] Initializing vector store from IndexedDB
[90mstdout[2m | src/components/Gamification/LevelBadge.stories.tsx[2m > [22m[2mExpert
[22m[39m[FilesContext] fetchFiles called
[90mstdout[2m | src/components/Gamification/LevelBadge.stories.tsx[2m > [22m[2mExpert
[22m[39m[FilesContext] User authenticated: mock-user-sub
[90mstdout[2m | src/components/Gamification/LevelBadge.stories.tsx[2m > [22m[2mExpert
[22m[39m[FilesContext] Identity ID: us-east-1:mock-identity-123
[90mstdout[2m | src/components/Gamification/LevelBadge.stories.tsx[2m > [22m[2mExpert
[22m[39m[FilesContext] About to set up File observeQuery
[90mstdout[2m | src/components/Gamification/LevelBadge.stories.tsx[2m > [22m[2mExpert
[22m[39m[ChatContext] Setting up AssistantChat observeQuery
[90mstdout[2m | src/components/Gamification/LevelBadge.stories.tsx[2m > [22m[2mExpert
[22m[39m[ChatContext] Waiting for subscription to initialize
[90mstdout[2m | src/components/Gamification/LevelBadge.stories.tsx[2m > [22m[2mExpert
[22m[39m[SettingsContext] Setting up Settings subscription for user: mock-user-sub
[90mstdout[2m | src/components/Gamification/LevelBadge.stories.tsx[2m > [22m[2mExpert
[22m[39m[Mock Data] Settings created: mock-settings-1790416522873 - notified 0 subscribers
[90mstdout[2m | src/components/Gamification/LevelBadge.stories.tsx[2m > [22m[2mExpert
[22m[39m[Mock Data] Unit.onUpdate() subscription added. Total: 1
[90mstdout[2m | src/components/Gamification/LevelBadge.stories.tsx[2m > [22m[2mExpert
[22m[39m[SectionContext] Section observeQuery update: 0
[90mstdout[2m | src/components/Gamification/LevelBadge.stories.tsx[2m > [22m[2mExpert
[22m[39m[FilesContext] File observeQuery update: 6 files
[90mstdout[2m | src/components/Gamification/LevelBadge.stories.tsx[2m > [22m[2mExpert
[22m[39m[ChatContext] AssistantChat initialized with 1 chats
[90mstdout[2m | src/components/Gamification/LevelBadge.stories.tsx[2m > [22m[2mExpert
[22m[39m[ChatContext] Setting initial chat: mock-assistant-chat-1
[90mstdout[2m | src/components/Gamification/LevelBadge.stories.tsx[2m > [22m[2mExpert
[22m[39m[MOCK CourseVectorStore] Initialized with mock data
[90mstdout[2m | src/components/Gamification/LevelBadge.stories.tsx[2m > [22m[2mExpert
[22m[39m[FilesContext] Vector store population triggered {
  "currentVectorStoreSize": 3,
  "documentsCount": 0,
  "filesCount": 6,
  "isInitialLoad": true,
}
[90mstdout[2m | src/components/Gamification/LevelBadge.stories.tsx[2m > [22m[2mExpert
[22m[39m[FilesContext] Vector store population complete - 3 total embeddings
[90mstdout[2m | src/components/Gamification/LevelBadge.stories.tsx[2m > [22m[2mExpert
[22m[39m[ChatContext] Chat exists and not archived, skipping creation
[90mstdout[2m | src/components/Gamification/LevelBadge.stories.tsx[2m > [22m[2mExpert
[22m[39m[Mock Storage] downloadData called with: undefined
[90mstdout[2m | src/components/Gamification/LevelBadge.stories.tsx[2m > [22m[2mMaster
[22m[39m[ChatContext] Cleaning up subscriptions
[90mstdout[2m | src/components/Gamification/LevelBadge.stories.tsx[2m > [22m[2mMaster
[22m[39m[Mock Data] Unit.onUpdate() subscription removed. Remaining: 0
[90mstdout[2m | src/components/Gamification/LevelBadge.stories.tsx[2m > [22m[2mMaster
[22m[39m[MOCK CourseVectorStore] Initialized with mock data
[90mstdout[2m | src/components/Gamification/LevelBadge.stories.tsx[2m > [22m[2mMaster
[22m[39m[TranslationModeController] Setting mode to: off
[90mstdout[2m | src/components/Gamification/LevelBadge.stories.tsx[2m > [22m[2mMaster
[22m[39m[UnitContext] useEffect triggered {
  "authLoading": false,
  "hasUser": true,
  "id": "mock-unit-id",
  "userSub": "mock-user-sub",
}
[90mstdout[2m | src/components/Gamification/LevelBadge.stories.tsx[2m > [22m[2mMaster
[22m[39m[UnitContext] Fetching unit data for id: mock-unit-id
[90mstdout[2m | src/components/Gamification/LevelBadge.stories.tsx[2m > [22m[2mMaster
[22m[39m[FilesContext] Initializing vector store from IndexedDB
[90mstdout[2m | src/components/Gamification/LevelBadge.stories.tsx[2m > [22m[2mMaster
[22m[39m[FilesContext] fetchFiles called
[90mstdout[2m | src/components/Gamification/LevelBadge.stories.tsx[2m > [22m[2mMaster
[22m[39m[FilesContext] User authenticated: mock-user-sub
[90mstdout[2m | src/components/Gamification/LevelBadge.stories.tsx[2m > [22m[2mMaster
[22m[39m[FilesContext] Identity ID: us-east-1:mock-identity-123
[90mstdout[2m | src/components/Gamification/LevelBadge.stories.tsx[2m > [22m[2mMaster
[22m[39m[FilesContext] About to set up File observeQuery
[90mstdout[2m | src/components/Gamification/LevelBadge.stories.tsx[2m > [22m[2mMaster
[22m[39m[ChatContext] Setting up AssistantChat observeQuery
[90mstdout[2m | src/components/Gamification/LevelBadge.stories.tsx[2m > [22m[2mMaster
[22m[39m[ChatContext] Waiting for subscription to initialize
[90mstdout[2m | src/components/Gamification/LevelBadge.stories.tsx[2m > [22m[2mMaster
[22m[39m[SettingsContext] Setting up Settings subscription for user: mock-user-sub
[90mstdout[2m | src/components/Gamification/LevelBadge.stories.tsx[2m > [22m[2mMaster
[22m[39m[Mock Data] Settings created: mock-settings-1790416522992 - notified 0 subscribers
[90mstdout[2m | src/components/Gamification/LevelBadge.stories.tsx[2m > [22m[2mMaster
[22m[39m[Mock Data] Unit.onUpdate() subscription added. Total: 1
[90mstdout[2m | src/components/Gamification/LevelBadge.stories.tsx[2m > [22m[2mMaster
[22m[39m[SectionContext] Section observeQuery update: 0
[90mstdout[2m | src/components/Gamification/LevelBadge.stories.tsx[2m > [22m[2mMaster
[22m[39m[FilesContext] File observeQuery update: 6 files
[90mstdout[2m | src/components/Gamification/LevelBadge.stories.tsx[2m > [22m[2mMaster
[22m[39m[ChatContext] AssistantChat initialized with 1 chats
[90mstdout[2m | src/components/Gamification/LevelBadge.stories.tsx[2m > [22m[2mMaster
[22m[39m[ChatContext] Setting initial chat: mock-assistant-chat-1
[90mstdout[2m | src/components/Gamification/LevelBadge.stories.tsx[2m > [22m[2mMaster
[22m[39m[Mock Storage] downloadData called with: undefined
[90mstdout[2m | src/components/Gamification/LevelBadge.stories.tsx[2m > [22m[2mMaster
[22m[39m[MOCK CourseVectorStore] Initialized with mock data
[90mstdout[2m | src/components/Gamification/LevelBadge.stories.tsx[2m > [22m[2mMaster
[22m[39m[FilesContext] Vector store population triggered {
  "currentVectorStoreSize": 3,
  "documentsCount": 0,
  "filesCount": 6,
  "isInitialLoad": true,
}
[90mstdout[2m | src/components/Gamification/LevelBadge.stories.tsx[2m > [22m[2mMaster
[22m[39m[FilesContext] Vector store population complete - 3 total embeddings
[90mstdout[2m | src/components/Gamification/LevelBadge.stories.tsx[2m > [22m[2mMaster
[22m[39m[ChatContext] Chat exists and not archived, skipping creation
[90mstdout[2m | src/components/Gamification/LevelBadge.stories.tsx[2m > [22m[2mSmall
[22m[39m[ChatContext] Cleaning up subscriptions
[90mstdout[2m | src/components/Gamification/LevelBadge.stories.tsx[2m > [22m[2mSmall
[22m[39m[Mock Data] Unit.onUpdate() subscription removed. Remaining: 0
[90mstdout[2m | src/components/Gamification/LevelBadge.stories.tsx[2m > [22m[2mSmall
[22m[39m[MOCK CourseVectorStore] Initialized with mock data
[90mstdout[2m | src/components/Gamification/LevelBadge.stories.tsx[2m > [22m[2mSmall
[22m[39m[TranslationModeController] Setting mode to: off
[90mstdout[2m | src/components/Gamification/LevelBadge.stories.tsx[2m > [22m[2mSmall
[22m[39m[UnitContext] useEffect triggered {
  "authLoading": false,
  "hasUser": true,
  "id": "mock-unit-id",
  "userSub": "mock-user-sub",
}
[90mstdout[2m | src/components/Gamification/LevelBadge.stories.tsx[2m > [22m[2mSmall
[22m[39m[UnitContext] Fetching unit data for id: mock-unit-id
[90mstdout[2m | src/components/Gamification/LevelBadge.stories.tsx[2m > [22m[2mSmall
[22m[39m[FilesContext] Initializing vector store from IndexedDB
[90mstdout[2m | src/components/Gamification/LevelBadge.stories.tsx[2m > [22m[2mSmall
[22m[39m[FilesContext] fetchFiles called
[90mstdout[2m | src/components/Gamification/LevelBadge.stories.tsx[2m > [22m[2mSmall
[22m[39m[FilesContext] User authenticated: mock-user-sub
[90mstdout[2m | src/components/Gamification/LevelBadge.stories.tsx[2m > [22m[2mSmall
[22m[39m[FilesContext] Identity ID: us-east-1:mock-identity-123
[90mstdout[2m | src/components/Gamification/LevelBadge.stories.tsx[2m > [22m[2mSmall
[22m[39m[FilesContext] About to set up File observeQuery
[90mstdout[2m | src/components/Gamification/LevelBadge.stories.tsx[2m > [22m[2mSmall
[22m[39m[ChatContext] Setting up AssistantChat observeQuery
[90mstdout[2m | src/components/Gamification/LevelBadge.stories.tsx[2m > [22m[2mSmall
[22m[39m[ChatContext] Waiting for subscription to initialize
[90mstdout[2m | src/components/Gamification/LevelBadge.stories.tsx[2m > [22m[2mSmall
[22m[39m[SettingsContext] Setting up Settings subscription for user: mock-user-sub
[90mstdout[2m | src/components/Gamification/LevelBadge.stories.tsx[2m > [22m[2mSmall
[22m[39m[Mock Data] Settings created: mock-settings-1790416523091 - notified 0 subscribers
[90mstdout[2m | src/components/Gamification/LevelBadge.stories.tsx[2m > [22m[2mSmall
[22m[39m[Mock Data] Unit.onUpdate() subscription added. Total: 1
[90mstdout[2m | src/components/Gamification/LevelBadge.stories.tsx[2m > [22m[2mSmall
[22m[39m[SectionContext] Section observeQuery update: 0
[90mstdout[2m | src/components/Gamification/LevelBadge.stories.tsx[2m > [22m[2mSmall
[22m[39m[FilesContext] File observeQuery update: 6 files
[90mstdout[2m | src/components/Gamification/LevelBadge.stories.tsx[2m > [22m[2mSmall
[22m[39m[ChatContext] AssistantChat initialized with 1 chats
[90mstdout[2m | src/components/Gamification/LevelBadge.stories.tsx[2m > [22m[2mSmall
[22m[39m[ChatContext] Setting initial chat: mock-assistant-chat-1
[90mstdout[2m | src/components/Gamification/LevelBadge.stories.tsx[2m > [22m[2mSmall
[22m[39m[Mock Storage] downloadData called with: undefined
[90mstdout[2m | src/components/Gamification/LevelBadge.stories.tsx[2m > [22m[2mSmall
[22m[39m[MOCK CourseVectorStore] Initialized with mock data
[90mstdout[2m | src/components/Gamification/LevelBadge.stories.tsx[2m > [22m[2mSmall
[22m[39m[FilesContext] Vector store population triggered {
  "currentVectorStoreSize": 3,
  "documentsCount": 0,
  "filesCount": 6,
  "isInitialLoad": true,
}
[90mstdout[2m | src/components/Gamification/LevelBadge.stories.tsx[2m > [22m[2mSmall
[22m[39m[FilesContext] Vector store population complete - 3 total embeddings
[90mstdout[2m | src/components/Gamification/LevelBadge.stories.tsx[2m > [22m[2mSmall
[22m[39m[ChatContext] Chat exists and not archived, skipping creation
[90mstdout[2m | src/components/Gamification/LevelBadge.stories.tsx[2m > [22m[2mNo Progress
[22m[39m[ChatContext] Cleaning up subscriptions
[90mstdout[2m | src/components/Gamification/LevelBadge.stories.tsx[2m > [22m[2mNo Progress
[22m[39m[Mock Data] Unit.onUpdate() subscription removed. Remaining: 0
[90mstdout[2m | src/components/Gamification/LevelBadge.stories.tsx[2m > [22m[2mNo Progress
[22m[39m[MOCK CourseVectorStore] Initialized with mock data
[90mstdout[2m | src/components/Gamification/LevelBadge.stories.tsx[2m > [22m[2mNo Progress
[22m[39m[TranslationModeController] Setting mode to: off
[90mstdout[2m | src/components/Gamification/LevelBadge.stories.tsx[2m > [22m[2mNo Progress
[22m[39m[UnitContext] useEffect triggered {
  "authLoading": false,
  "hasUser": true,
  "id": "mock-unit-id",
  "userSub": "mock-user-sub",
}
[90mstdout[2m | src/components/Gamification/LevelBadge.stories.tsx[2m > [22m[2mNo Progress
[22m[39m[UnitContext] Fetching unit data for id: mock-unit-id
[90mstdout[2m | src/components/Gamification/LevelBadge.stories.tsx[2m > [22m[2mNo Progress
[22m[39m[FilesContext] Initializing vector store from IndexedDB
[90mstdout[2m | src/components/Gamification/LevelBadge.stories.tsx[2m > [22m[2mNo Progress
[22m[39m[FilesContext] fetchFiles called
[90mstdout[2m | src/components/Gamification/LevelBadge.stories.tsx[2m > [22m[2mNo Progress
[22m[39m[FilesContext] User authenticated: mock-user-sub
[90mstdout[2m | src/components/Gamification/LevelBadge.stories.tsx[2m > [22m[2mNo Progress
[22m[39m[FilesContext] Identity ID: us-east-1:mock-identity-123
[90mstdout[2m | src/components/Gamification/LevelBadge.stories.tsx[2m > [22m[2mNo Progress
[22m[39m[FilesContext] About to set up File observeQuery
[90mstdout[2m | src/components/Gamification/LevelBadge.stories.tsx[2m > [22m[2mNo Progress
[22m[39m[ChatContext] Setting up AssistantChat observeQuery
[90mstdout[2m | src/components/Gamification/LevelBadge.stories.tsx[2m > [22m[2mNo Progress
[22m[39m[ChatContext] Waiting for subscription to initialize
[90mstdout[2m | src/components/Gamification/LevelBadge.stories.tsx[2m > [22m[2mNo Progress
[22m[39m[SettingsContext] Setting up Settings subscription for user: mock-user-sub
[90mstdout[2m | src/components/Gamification/LevelBadge.stories.tsx[2m > [22m[2mNo Progress
[22m[39m[Mock Data] Settings created: mock-settings-1790416523194 - notified 0 subscribers
[90mstdout[2m | src/components/Gamification/LevelBadge.stories.tsx[2m > [22m[2mNo Progress
[22m[39m[Mock Data] Unit.onUpdate() subscription added. Total: 1
[90mstdout[2m | src/components/Gamification/LevelBadge.stories.tsx[2m > [22m[2mNo Progress
[22m[39m[SectionContext] Section observeQuery update: 0
[90mstdout[2m | src/components/Gamification/LevelBadge.stories.tsx[2m > [22m[2mNo Progress
[22m[39m[FilesContext] File observeQuery update: 6 files
[90mstdout[2m | src/components/Gamification/LevelBadge.stories.tsx[2m > [22m[2mNo Progress
[22m[39m[ChatContext] AssistantChat initialized with 1 chats
[90mstdout[2m | src/components/Gamification/LevelBadge.stories.tsx[2m > [22m[2mNo Progress
[22m[39m[ChatContext] Setting initial chat: mock-assistant-chat-1
[90mstdout[2m | src/components/Gamification/LevelBadge.stories.tsx[2m > [22m[2mNo Progress
[22m[39m[MOCK CourseVectorStore] Initialized with mock data
[90mstdout[2m | src/components/Gamification/LevelBadge.stories.tsx[2m > [22m[2mNo Progress
[22m[39m[FilesContext] Vector store population triggered {
  "currentVectorStoreSize": 3,
  "documentsCount": 0,
  "filesCount": 6,
  "isInitialLoad": true,
}
[90mstdout[2m | src/components/Gamification/LevelBadge.stories.tsx[2m > [22m[2mNo Progress
[22m[39m[FilesContext] Vector store population complete - 3 total embeddings
[90mstdout[2m | src/components/Gamification/LevelBadge.stories.tsx[2m > [22m[2mNo Progress
[22m[39m[ChatContext] Chat exists and not archived, skipping creation
[90mstdout[2m | src/components/Gamification/LevelBadge.stories.tsx[2m > [22m[2mNo Progress
[22m[39m[Mock Storage] downloadData called with: undefined
 [32m✓[39m [30m[45m storybook (chromium) [49m[39m src/components/Gamification/LevelBadge.stories.tsx [2m([22m[2m8 tests[22m[2m)[22m[33m 961[2mms[22m[39m
[90mstdout[2m | unknown test
[22m[39m[MOCK vectorStoreDB.js] Module loaded - mock IndexedDB operations
[90mstdout[2m | unknown test
[22m[39m[Task Completion] DOM action listeners initialized
[90mstdout[2m | unknown test
[22m[39m[Task Completion] Auto-completion detector initialized
[90mstdout[2m | unknown test
[22m[39m[Preview] Task completion detector initialized
[90mstdout[2m | src/stories/section-settings.stories.tsx[2m > [22m[2mAI Settings
[22m[39m[MOCK CourseVectorStore] Initialized with mock data
[90mstdout[2m | src/stories/section-settings.stories.tsx[2m > [22m[2mAI Settings
[22m[39m[TranslationModeController] Setting mode to: off
[90mstdout[2m | src/stories/section-settings.stories.tsx[2m > [22m[2mAI Settings
[22m[39m[UnitContext] useEffect triggered {
  "authLoading": false,
  "hasUser": true,
  "id": "mock-unit-id",
  "userSub": "mock-user-sub",
}
[90mstdout[2m | src/stories/section-settings.stories.tsx[2m > [22m[2mAI Settings
[22m[39m[UnitContext] Fetching unit data for id: mock-unit-id
[90mstdout[2m | src/stories/section-settings.stories.tsx[2m > [22m[2mAI Settings
[22m[39m[FilesContext] Initializing vector store from IndexedDB
[90mstdout[2m | src/stories/section-settings.stories.tsx[2m > [22m[2mAI Settings
[22m[39m[FilesContext] fetchFiles called
[90mstdout[2m | src/stories/section-settings.stories.tsx[2m > [22m[2mAI Settings
[22m[39m[FilesContext] User authenticated: mock-user-sub
[90mstdout[2m | src/stories/section-settings.stories.tsx[2m > [22m[2mAI Settings
[22m[39m[FilesContext] Identity ID: us-east-1:mock-identity-123
[90mstdout[2m | src/stories/section-settings.stories.tsx[2m > [22m[2mAI Settings
[22m[39m[FilesContext] About to set up File observeQuery
[90mstdout[2m | src/stories/section-settings.stories.tsx[2m > [22m[2mAI Settings
[22m[39m[ChatContext] Setting up AssistantChat observeQuery
[90mstdout[2m | src/stories/section-settings.stories.tsx[2m > [22m[2mAI Settings
[22m[39m[ChatContext] Waiting for subscription to initialize
[90mstdout[2m | src/stories/section-settings.stories.tsx[2m > [22m[2mAI Settings
[22m[39m[SettingsContext] Setting up Settings subscription for user: mock-user-sub
[90mstdout[2m | src/stories/section-settings.stories.tsx[2m > [22m[2mAI Settings
[22m[39m[Mock Data] Settings created: mock-settings-1790416524348 - notified 0 subscribers
[90mstdout[2m | src/stories/section-settings.stories.tsx[2m > [22m[2mAI Settings
[22m[39m[Mock Data] Unit.onUpdate() subscription added. Total: 1
[90mstdout[2m | src/stories/section-settings.stories.tsx[2m > [22m[2mAI Settings
[22m[39m[SectionContext] Section observeQuery update: 0
[90mstdout[2m | src/stories/section-settings.stories.tsx[2m > [22m[2mAI Settings
[22m[39m[FilesContext] File observeQuery update: 6 files
[90mstdout[2m | src/stories/section-settings.stories.tsx[2m > [22m[2mAI Settings
[22m[39m[ChatContext] AssistantChat initialized with 1 chats
[90mstdout[2m | src/stories/section-settings.stories.tsx[2m > [22m[2mAI Settings
[22m[39m[ChatContext] Setting initial chat: mock-assistant-chat-1
[90mstdout[2m | src/stories/section-settings.stories.tsx[2m > [22m[2mAI Settings
[22m[39m[MOCK CourseVectorStore] Initialized with mock data
[90mstdout[2m | src/stories/section-settings.stories.tsx[2m > [22m[2mAI Settings
[22m[39m[FilesContext] Vector store population triggered {
  "currentVectorStoreSize": 3,
  "documentsCount": 0,
  "filesCount": 6,
  "isInitialLoad": true,
}
[90mstdout[2m | src/stories/section-settings.stories.tsx[2m > [22m[2mAI Settings
[22m[39m[FilesContext] Vector store population complete - 3 total embeddings
[90mstdout[2m | src/stories/section-settings.stories.tsx[2m > [22m[2mAI Settings
[22m[39m[ChatContext] Chat exists and not archived, skipping creation
[90mstdout[2m | src/stories/section-settings.stories.tsx[2m > [22m[2mAI Settings
[22m[39m[Mock Storage] downloadData called with: undefined
[90mstdout[2m | src/stories/section-settings.stories.tsx[2m > [22m[2mGamification Settings
[22m[39m[ChatContext] Cleaning up subscriptions
[90mstdout[2m | src/stories/section-settings.stories.tsx[2m > [22m[2mGamification Settings
[22m[39m[Mock Data] Unit.onUpdate() subscription removed. Remaining: 0
[90mstdout[2m | src/stories/section-settings.stories.tsx[2m > [22m[2mGamification Settings
[22m[39m[MOCK CourseVectorStore] Initialized with mock data
[90mstdout[2m | src/stories/section-settings.stories.tsx[2m > [22m[2mGamification Settings
[22m[39m[TranslationModeController] Setting mode to: off
[90mstdout[2m | src/stories/section-settings.stories.tsx[2m > [22m[2mGamification Settings
[22m[39m[UnitContext] useEffect triggered {
  "authLoading": false,
  "hasUser": true,
  "id": "mock-unit-id",
  "userSub": "mock-user-sub",
}
[90mstdout[2m | src/stories/section-settings.stories.tsx[2m > [22m[2mGamification Settings
[22m[39m[UnitContext] Fetching unit data for id: mock-unit-id
[90mstdout[2m | src/stories/section-settings.stories.tsx[2m > [22m[2mGamification Settings
[22m[39m[FilesContext] Initializing vector store from IndexedDB
[90mstdout[2m | src/stories/section-settings.stories.tsx[2m > [22m[2mGamification Settings
[22m[39m[FilesContext] fetchFiles called
[90mstdout[2m | src/stories/section-settings.stories.tsx[2m > [22m[2mGamification Settings
[22m[39m[FilesContext] User authenticated: mock-user-sub
[90mstdout[2m | src/stories/section-settings.stories.tsx[2m > [22m[2mGamification Settings
[22m[39m[FilesContext] Identity ID: us-east-1:mock-identity-123
[90mstdout[2m | src/stories/section-settings.stories.tsx[2m > [22m[2mGamification Settings
[22m[39m[FilesContext] About to set up File observeQuery
[90mstdout[2m | src/stories/section-settings.stories.tsx[2m > [22m[2mGamification Settings
[22m[39m[ChatContext] Setting up AssistantChat observeQuery
[90mstdout[2m | src/stories/section-settings.stories.tsx[2m > [22m[2mGamification Settings
[22m[39m[ChatContext] Waiting for subscription to initialize
[90mstdout[2m | src/stories/section-settings.stories.tsx[2m > [22m[2mGamification Settings
[22m[39m[SettingsContext] Setting up Settings subscription for user: mock-user-sub
[90mstdout[2m | src/stories/section-settings.stories.tsx[2m > [22m[2mGamification Settings
[22m[39m[Mock Data] Settings created: mock-settings-1790416524796 - notified 0 subscribers
[90mstdout[2m | src/stories/section-settings.stories.tsx[2m > [22m[2mGamification Settings
[22m[39m[Mock Data] Unit.onUpdate() subscription added. Total: 1
[90mstdout[2m | src/stories/section-settings.stories.tsx[2m > [22m[2mGamification Settings
[22m[39m[SectionContext] Section observeQuery update: 0
[90mstdout[2m | src/stories/section-settings.stories.tsx[2m > [22m[2mGamification Settings
[22m[39m[FilesContext] File observeQuery update: 6 files
[90mstdout[2m | src/stories/section-settings.stories.tsx[2m > [22m[2mGamification Settings
[22m[39m[ChatContext] AssistantChat initialized with 1 chats
[90mstdout[2m | src/stories/section-settings.stories.tsx[2m > [22m[2mGamification Settings
[22m[39m[ChatContext] Setting initial chat: mock-assistant-chat-1
[90mstdout[2m | src/stories/section-settings.stories.tsx[2m > [22m[2mGamification Settings
[22m[39mfilterWords {
  "filter": "",
  "wordsCount": 0,
}
[90mstdout[2m | src/stories/section-settings.stories.tsx[2m > [22m[2mGamification Settings
[22m[39m[MOCK CourseVectorStore] Initialized with mock data
[90mstdout[2m | src/stories/section-settings.stories.tsx[2m > [22m[2mGamification Settings
[22m[39m[FilesContext] Vector store population triggered {
  "currentVectorStoreSize": 3,
  "documentsCount": 0,
  "filesCount": 6,
  "isInitialLoad": true,
}
[90mstdout[2m | src/stories/section-settings.stories.tsx[2m > [22m[2mGamification Settings
[22m[39m[FilesContext] Vector store population complete - 3 total embeddings
[90mstdout[2m | src/stories/section-settings.stories.tsx[2m > [22m[2mGamification Settings
[22m[39m[ChatContext] Chat exists and not archived, skipping creation
[90mstdout[2m | src/stories/section-settings.stories.tsx[2m > [22m[2mGamification Settings
[22m[39m[Mock Storage] downloadData called with: undefined
[90mstdout[2m | src/stories/section-settings.stories.tsx[2m > [22m[2mGamification Settings
[22m[39mfilterWords {
  "filter": "",
  "wordsCount": 0,
}
 [32m✓[39m [30m[45m storybook (chromium) [49m[39m src/stories/section-settings.stories.tsx [2m([22m[2m2 tests[22m[2m)[22m[33m 1233[2mms[22m[39m
   [33m[2m✓[22m[39m Gamification Settings [33m 1061[2mms[22m[39m
[90mstdout[2m | unknown test
[22m[39m[MOCK vectorStoreDB.js] Module loaded - mock IndexedDB operations
[90mstdout[2m | unknown test
[22m[39m[Task Completion] DOM action listeners initialized
[90mstdout[2m | unknown test
[22m[39m[Task Completion] Auto-completion detector initialized
[90mstdout[2m | unknown test
[22m[39m[Preview] Task completion detector initialized
[90mstdout[2m | src/components/Editor3/components/ImageComponent.stories.jsx[2m > [22m[2mWith File Id
[22m[39m[MOCK CourseVectorStore] Initialized with mock data
[90mstdout[2m | src/components/Editor3/components/ImageComponent.stories.jsx[2m > [22m[2mWith File Id
[22m[39mMock Cache.getItem called with: getCachedUrl_/story-mocks/animals-10008941_1280.jpg
[90mstdout[2m | src/components/Editor3/components/ImageComponent.stories.jsx[2m > [22m[2mWith File Id
[22m[39mMock Cache.getItem called with: getCachedUrl_protected/us-east-1:mock-identity-id-0001/abc123-def456/small.webp
[90mstdout[2m | src/components/Editor3/components/ImageComponent.stories.jsx[2m > [22m[2mWith File Id
[22m[39mMock Cache.getItem called with: getCachedUrl_protected/us-east-1:mock-identity-id-0001/abc123-def456/medium.webp
[90mstdout[2m | src/components/Editor3/components/ImageComponent.stories.jsx[2m > [22m[2mWith File Id
[22m[39mMock Cache.getItem called with: getCachedUrl_protected/us-east-1:mock-identity-id-0001/abc123-def456/large.webp
[90mstdout[2m | src/components/Editor3/components/ImageComponent.stories.jsx[2m > [22m[2mWith File Id
[22m[39m[TranslationModeController] Setting mode to: off
[90mstdout[2m | src/components/Editor3/components/ImageComponent.stories.jsx[2m > [22m[2mWith File Id
[22m[39m[FilesContext] Initializing vector store from IndexedDB
[90mstdout[2m | src/components/Editor3/components/ImageComponent.stories.jsx[2m > [22m[2mWith File Id
[22m[39m[FilesContext] fetchFiles called
[90mstdout[2m | src/components/Editor3/components/ImageComponent.stories.jsx[2m > [22m[2mWith File Id
[22m[39m[FilesContext] User authenticated: mock-user-sub
[90mstdout[2m | src/components/Editor3/components/ImageComponent.stories.jsx[2m > [22m[2mWith File Id
[22m[39m[FilesContext] Identity ID: us-east-1:mock-identity-123
[90mstdout[2m | src/components/Editor3/components/ImageComponent.stories.jsx[2m > [22m[2mWith File Id
[22m[39m[FilesContext] About to set up File observeQuery
[90mstdout[2m | src/components/Editor3/components/ImageComponent.stories.jsx[2m > [22m[2mWith File Id
[22m[39m[ChatContext] Setting up AssistantChat observeQuery
[90mstdout[2m | src/components/Editor3/components/ImageComponent.stories.jsx[2m > [22m[2mWith File Id
[22m[39m[ChatContext] Waiting for subscription to initialize
[90mstdout[2m | src/components/Editor3/components/ImageComponent.stories.jsx[2m > [22m[2mWith File Id
[22m[39m[SettingsContext] Setting up Settings subscription for user: mock-user-sub
[90mstdout[2m | src/components/Editor3/components/ImageComponent.stories.jsx[2m > [22m[2mWith File Id
[22m[39mMock getUrl called with: /story-mocks/animals-10008941_1280.jpg
[90mstdout[2m | src/components/Editor3/components/ImageComponent.stories.jsx[2m > [22m[2mWith File Id
[22m[39mMock getUrl called with: protected/us-east-1:mock-identity-id-0001/abc123-def456/small.webp
[90mstdout[2m | src/components/Editor3/components/ImageComponent.stories.jsx[2m > [22m[2mWith File Id
[22m[39mMock getUrl called with: protected/us-east-1:mock-identity-id-0001/abc123-def456/medium.webp
[90mstdout[2m | src/components/Editor3/components/ImageComponent.stories.jsx[2m > [22m[2mWith File Id
[22m[39mMock getUrl called with: protected/us-east-1:mock-identity-id-0001/abc123-def456/large.webp
[90mstdout[2m | src/components/Editor3/components/ImageComponent.stories.jsx[2m > [22m[2mWith File Id
[22m[39m[Mock Data] Settings created: mock-settings-1790416526950 - notified 0 subscribers
[90mstdout[2m | src/components/Editor3/components/ImageComponent.stories.jsx[2m > [22m[2mWith File Id
[22m[39mMock Cache.setItem called with: getCachedUrl_/story-mocks/animals-10008941_1280.jpg /story-mocks/animals-10008941_1280.jpg
[90mstdout[2m | src/components/Editor3/components/ImageComponent.stories.jsx[2m > [22m[2mWith File Id
[22m[39mMock Cache.setItem called with: getCachedUrl_protected/us-east-1:mock-identity-id-0001/abc123-def456/small.webp protected/us-east-1:mock-identity-id-0001/abc123-def456/small.webp
[90mstdout[2m | src/components/Editor3/components/ImageComponent.stories.jsx[2m > [22m[2mWith File Id
[22m[39mMock Cache.setItem called with: getCachedUrl_protected/us-east-1:mock-identity-id-0001/abc123-def456/medium.webp protected/us-east-1:mock-identity-id-0001/abc123-def456/medium.webp
[90mstdout[2m | src/components/Editor3/components/ImageComponent.stories.jsx[2m > [22m[2mWith File Id
[22m[39mMock Cache.setItem called with: getCachedUrl_protected/us-east-1:mock-identity-id-0001/abc123-def456/large.webp protected/us-east-1:mock-identity-id-0001/abc123-def456/large.webp
[90mstdout[2m | src/components/Editor3/components/ImageComponent.stories.jsx[2m > [22m[2mWith File Id
[22m[39m[FilesContext] File observeQuery update: 6 files
[90mstdout[2m | src/components/Editor3/components/ImageComponent.stories.jsx[2m > [22m[2mWith File Id
[22m[39m[ChatContext] AssistantChat initialized with 1 chats
[90mstdout[2m | src/components/Editor3/components/ImageComponent.stories.jsx[2m > [22m[2mWith File Id
[22m[39m[ChatContext] Setting initial chat: mock-assistant-chat-1
[90mstdout[2m | src/components/Editor3/components/ImageComponent.stories.jsx[2m > [22m[2mWith File Id
[22m[39m[MOCK CourseVectorStore] Initialized with mock data
[90mstdout[2m | src/components/Editor3/components/ImageComponent.stories.jsx[2m > [22m[2mWith File Id
[22m[39m[FilesContext] Vector store population triggered {
  "currentVectorStoreSize": 3,
  "documentsCount": 0,
  "filesCount": 6,
  "isInitialLoad": true,
}
[90mstdout[2m | src/components/Editor3/components/ImageComponent.stories.jsx[2m > [22m[2mWith File Id
[22m[39m[FilesContext] Vector store population complete - 3 total embeddings
[90mstdout[2m | src/components/Editor3/components/ImageComponent.stories.jsx[2m > [22m[2mWith File Id
[22m[39m[ChatContext] Chat exists and not archived, skipping creation
[90mstdout[2m | src/components/Editor3/components/ImageComponent.stories.jsx[2m > [22m[2mWith File Id
[22m[39m[Mock Storage] downloadData called with: undefined
[90mstdout[2m | src/components/Editor3/components/ImageComponent.stories.jsx[2m > [22m[2mWith Src Only
[22m[39m[ChatContext] Cleaning up subscriptions
[90mstdout[2m | src/components/Editor3/components/ImageComponent.stories.jsx[2m > [22m[2mWith Src Only
[22m[39m[MOCK CourseVectorStore] Initialized with mock data
[90mstdout[2m | src/components/Editor3/components/ImageComponent.stories.jsx[2m > [22m[2mWith Src Only
[22m[39m[TranslationModeController] Setting mode to: off
[90mstdout[2m | src/components/Editor3/components/ImageComponent.stories.jsx[2m > [22m[2mWith Src Only
[22m[39m[FilesContext] Initializing vector store from IndexedDB
[90mstdout[2m | src/components/Editor3/components/ImageComponent.stories.jsx[2m > [22m[2mWith Src Only
[22m[39m[FilesContext] fetchFiles called
[90mstdout[2m | src/components/Editor3/components/ImageComponent.stories.jsx[2m > [22m[2mWith Src Only
[22m[39m[FilesContext] User authenticated: mock-user-sub
[90mstdout[2m | src/components/Editor3/components/ImageComponent.stories.jsx[2m > [22m[2mWith Src Only
[22m[39m[FilesContext] Identity ID: us-east-1:mock-identity-123
[90mstdout[2m | src/components/Editor3/components/ImageComponent.stories.jsx[2m > [22m[2mWith Src Only
[22m[39m[FilesContext] About to set up File observeQuery
[90mstdout[2m | src/components/Editor3/components/ImageComponent.stories.jsx[2m > [22m[2mWith Src Only
[22m[39m[ChatContext] Setting up AssistantChat observeQuery
[90mstdout[2m | src/components/Editor3/components/ImageComponent.stories.jsx[2m > [22m[2mWith Src Only
[22m[39m[ChatContext] Waiting for subscription to initialize
[90mstdout[2m | src/components/Editor3/components/ImageComponent.stories.jsx[2m > [22m[2mWith Src Only
[22m[39m[SettingsContext] Setting up Settings subscription for user: mock-user-sub
[90mstdout[2m | src/components/Editor3/components/ImageComponent.stories.jsx[2m > [22m[2mWith Src Only
[22m[39m[Mock Data] Settings created: mock-settings-1790416527106 - notified 0 subscribers
[90mstdout[2m | src/components/Editor3/components/ImageComponent.stories.jsx[2m > [22m[2mWith Src Only
[22m[39m[FilesContext] File observeQuery update: 6 files
[90mstdout[2m | src/components/Editor3/components/ImageComponent.stories.jsx[2m > [22m[2mWith Src Only
[22m[39m[ChatContext] AssistantChat initialized with 1 chats
[90mstdout[2m | src/components/Editor3/components/ImageComponent.stories.jsx[2m > [22m[2mWith Src Only
[22m[39m[ChatContext] Setting initial chat: mock-assistant-chat-1
[90mstdout[2m | src/components/Editor3/components/ImageComponent.stories.jsx[2m > [22m[2mWith Src Only
[22m[39m[Mock Storage] downloadData called with: undefined
[90mstdout[2m | src/components/Editor3/components/ImageComponent.stories.jsx[2m > [22m[2mWith Src Only
[22m[39m[MOCK CourseVectorStore] Initialized with mock data
[90mstdout[2m | src/components/Editor3/components/ImageComponent.stories.jsx[2m > [22m[2mWith Src Only
[22m[39m[FilesContext] Vector store population triggered {
  "currentVectorStoreSize": 3,
  "documentsCount": 0,
  "filesCount": 6,
  "isInitialLoad": true,
}
[90mstdout[2m | src/components/Editor3/components/ImageComponent.stories.jsx[2m > [22m[2mWith Src Only
[22m[39m[FilesContext] Vector store population complete - 3 total embeddings
[90mstdout[2m | src/components/Editor3/components/ImageComponent.stories.jsx[2m > [22m[2mWith Src Only
[22m[39m[ChatContext] Chat exists and not archived, skipping creation
[90mstdout[2m | src/components/Editor3/components/ImageComponent.stories.jsx[2m > [22m[2mPublished Path
[22m[39m[ChatContext] Cleaning up subscriptions
[90mstdout[2m | src/components/Editor3/components/ImageComponent.stories.jsx[2m > [22m[2mPublished Path
[22m[39m[MOCK CourseVectorStore] Initialized with mock data
[90mstdout[2m | src/components/Editor3/components/ImageComponent.stories.jsx[2m > [22m[2mPublished Path
[22m[39mMock Cache.getItem called with: getCachedUrl_/story-mocks/piano-10046998_1280.jpg
[90mstdout[2m | src/components/Editor3/components/ImageComponent.stories.jsx[2m > [22m[2mPublished Path
[22m[39m[TranslationModeController] Setting mode to: off
[90mstdout[2m | src/components/Editor3/components/ImageComponent.stories.jsx[2m > [22m[2mPublished Path
[22m[39m[FilesContext] Initializing vector store from IndexedDB
[90mstdout[2m | src/components/Editor3/components/ImageComponent.stories.jsx[2m > [22m[2mPublished Path
[22m[39m[FilesContext] fetchFiles called
[90mstdout[2m | src/components/Editor3/components/ImageComponent.stories.jsx[2m > [22m[2mPublished Path
[22m[39m[FilesContext] User authenticated: mock-user-sub
[90mstdout[2m | src/components/Editor3/components/ImageComponent.stories.jsx[2m > [22m[2mPublished Path
[22m[39m[FilesContext] Identity ID: us-east-1:mock-identity-123
[90mstdout[2m | src/components/Editor3/components/ImageComponent.stories.jsx[2m > [22m[2mPublished Path
[22m[39m[FilesContext] About to set up File observeQuery
[90mstdout[2m | src/components/Editor3/components/ImageComponent.stories.jsx[2m > [22m[2mPublished Path
[22m[39m[ChatContext] Setting up AssistantChat observeQuery
[90mstdout[2m | src/components/Editor3/components/ImageComponent.stories.jsx[2m > [22m[2mPublished Path
[22m[39m[ChatContext] Waiting for subscription to initialize
[90mstdout[2m | src/components/Editor3/components/ImageComponent.stories.jsx[2m > [22m[2mPublished Path
[22m[39m[SettingsContext] Setting up Settings subscription for user: mock-user-sub
[90mstdout[2m | src/components/Editor3/components/ImageComponent.stories.jsx[2m > [22m[2mPublished Path
[22m[39mMock getUrl called with: /story-mocks/piano-10046998_1280.jpg
[90mstdout[2m | src/components/Editor3/components/ImageComponent.stories.jsx[2m > [22m[2mPublished Path
[22m[39m[Mock Data] Settings created: mock-settings-1790416527190 - notified 0 subscribers
[90mstdout[2m | src/components/Editor3/components/ImageComponent.stories.jsx[2m > [22m[2mPublished Path
[22m[39mMock Cache.setItem called with: getCachedUrl_/story-mocks/piano-10046998_1280.jpg /story-mocks/piano-10046998_1280.jpg
[90mstdout[2m | src/components/Editor3/components/ImageComponent.stories.jsx[2m > [22m[2mPublished Path
[22m[39m[FilesContext] File observeQuery update: 6 files
[90mstdout[2m | src/components/Editor3/components/ImageComponent.stories.jsx[2m > [22m[2mPublished Path
[22m[39m[ChatContext] AssistantChat initialized with 1 chats
[90mstdout[2m | src/components/Editor3/components/ImageComponent.stories.jsx[2m > [22m[2mPublished Path
[22m[39m[ChatContext] Setting initial chat: mock-assistant-chat-1
[90mstdout[2m | src/components/Editor3/components/ImageComponent.stories.jsx[2m > [22m[2mPublished Path
[22m[39m[Mock Storage] downloadData called with: undefined
[90mstdout[2m | src/components/Editor3/components/ImageComponent.stories.jsx[2m > [22m[2mPublished Path
[22m[39m[MOCK CourseVectorStore] Initialized with mock data
[90mstdout[2m | src/components/Editor3/components/ImageComponent.stories.jsx[2m > [22m[2mPublished Path
[22m[39m[FilesContext] Vector store population triggered {
  "currentVectorStoreSize": 3,
  "documentsCount": 0,
  "filesCount": 6,
  "isInitialLoad": true,
}
[90mstdout[2m | src/components/Editor3/components/ImageComponent.stories.jsx[2m > [22m[2mPublished Path
[22m[39m[FilesContext] Vector store population complete - 3 total embeddings
[90mstdout[2m | src/components/Editor3/components/ImageComponent.stories.jsx[2m > [22m[2mPublished Path
[22m[39m[ChatContext] Chat exists and not archived, skipping creation
 [32m✓[39m [30m[45m storybook (chromium) [49m[39m src/components/Editor3/components/ImageComponent.stories.jsx [2m([22m[2m3 tests[22m[2m)[22m[33m 342[2mms[22m[39m
[90mstdout[2m | unknown test
[22m[39m[MOCK vectorStoreDB.js] Module loaded - mock IndexedDB operations
[90mstdout[2m | unknown test
[22m[39m[Task Completion] DOM action listeners initialized
[90mstdout[2m | unknown test
[22m[39m[Task Completion] Auto-completion detector initialized
[90mstdout[2m | unknown test
[22m[39m[Preview] Task completion detector initialized
[90mstdout[2m | src/components/Gamification/SquadPostFeed.stories.tsx[2m > [22m[2mWith Posts
[22m[39m[TranslationModeController] Setting mode to: off
[90mstdout[2m | src/components/Gamification/SquadPostFeed.stories.tsx[2m > [22m[2mEmpty Feed
[22m[39m[TranslationModeController] Setting mode to: off
[90mstdout[2m | src/components/Gamification/SquadPostFeed.stories.tsx[2m > [22m[2mNon Member View
[22m[39m[TranslationModeController] Setting mode to: off
[90mstdout[2m | src/components/Gamification/SquadPostFeed.stories.tsx[2m > [22m[2mPublishing
[22m[39m[TranslationModeController] Setting mode to: off
 [32m✓[39m [30m[45m storybook (chromium) [49m[39m src/components/Gamification/SquadPostFeed.stories.tsx [2m([22m[2m4 tests[22m[2m)[22m[33m 564[2mms[22m[39m
[90mstdout[2m | unknown test
[22m[39m[MOCK vectorStoreDB.js] Module loaded - mock IndexedDB operations
[90mstdout[2m | unknown test
[22m[39m[Task Completion] DOM action listeners initialized
[90mstdout[2m | unknown test
[22m[39m[Task Completion] Auto-completion detector initialized
[90mstdout[2m | unknown test
[22m[39m[Preview] Task completion detector initialized
[90mstdout[2m | src/components/ErrorState.stories.tsx[2m > [22m[2mDefault
[22m[39m[MOCK CourseVectorStore] Initialized with mock data
[90mstdout[2m | src/components/ErrorState.stories.tsx[2m > [22m[2mDefault
[22m[39m[TranslationModeController] Setting mode to: off
[90mstdout[2m | src/components/ErrorState.stories.tsx[2m > [22m[2mDefault
[22m[39m[UnitContext] useEffect triggered {
  "authLoading": false,
  "hasUser": true,
  "id": "mock-unit-id",
  "userSub": "mock-user-sub",
}
[90mstdout[2m | src/components/ErrorState.stories.tsx[2m > [22m[2mDefault
[22m[39m[UnitContext] Fetching unit data for id: mock-unit-id
[90mstdout[2m | src/components/ErrorState.stories.tsx[2m > [22m[2mDefault
[22m[39m[FilesContext] Initializing vector store from IndexedDB
[90mstdout[2m | src/components/ErrorState.stories.tsx[2m > [22m[2mDefault
[22m[39m[FilesContext] fetchFiles called
[90mstdout[2m | src/components/ErrorState.stories.tsx[2m > [22m[2mDefault
[22m[39m[FilesContext] User authenticated: mock-user-sub
[90mstdout[2m | src/components/ErrorState.stories.tsx[2m > [22m[2mDefault
[22m[39m[FilesContext] Identity ID: us-east-1:mock-identity-123
[90mstdout[2m | src/components/ErrorState.stories.tsx[2m > [22m[2mDefault
[22m[39m[FilesContext] About to set up File observeQuery
[90mstdout[2m | src/components/ErrorState.stories.tsx[2m > [22m[2mDefault
[22m[39m[ChatContext] Setting up AssistantChat observeQuery
[90mstdout[2m | src/components/ErrorState.stories.tsx[2m > [22m[2mDefault
[22m[39m[ChatContext] Waiting for subscription to initialize
[90mstdout[2m | src/components/ErrorState.stories.tsx[2m > [22m[2mDefault
[22m[39m[SettingsContext] Setting up Settings subscription for user: mock-user-sub
[90mstdout[2m | src/components/ErrorState.stories.tsx[2m > [22m[2mDefault
[22m[39m[Mock Data] Settings created: mock-settings-1790416533799 - notified 0 subscribers
[90mstdout[2m | src/components/ErrorState.stories.tsx[2m > [22m[2mDefault
[22m[39m[Mock Data] Unit.onUpdate() subscription added. Total: 1
[90mstdout[2m | src/components/ErrorState.stories.tsx[2m > [22m[2mDefault
[22m[39m[SectionContext] Section observeQuery update: 0
[90mstdout[2m | src/components/ErrorState.stories.tsx[2m > [22m[2mDefault
[22m[39m[FilesContext] File observeQuery update: 6 files
[90mstdout[2m | src/components/ErrorState.stories.tsx[2m > [22m[2mDefault
[22m[39m[ChatContext] AssistantChat initialized with 1 chats
[90mstdout[2m | src/components/ErrorState.stories.tsx[2m > [22m[2mDefault
[22m[39m[ChatContext] Setting initial chat: mock-assistant-chat-1
[90mstdout[2m | src/components/ErrorState.stories.tsx[2m > [22m[2mDefault
[22m[39m[MOCK CourseVectorStore] Initialized with mock data
[90mstdout[2m | src/components/ErrorState.stories.tsx[2m > [22m[2mDefault
[22m[39m[FilesContext] Vector store population triggered {
  "currentVectorStoreSize": 3,
  "documentsCount": 0,
  "filesCount": 6,
  "isInitialLoad": true,
}
[90mstdout[2m | src/components/ErrorState.stories.tsx[2m > [22m[2mDefault
[22m[39m[FilesContext] Vector store population complete - 3 total embeddings
[90mstdout[2m | src/components/ErrorState.stories.tsx[2m > [22m[2mDefault
[22m[39m[ChatContext] Chat exists and not archived, skipping creation
[90mstdout[2m | src/components/ErrorState.stories.tsx[2m > [22m[2mDefault
[22m[39m[Mock Storage] downloadData called with: undefined
[90mstdout[2m | src/components/ErrorState.stories.tsx[2m > [22m[2mWithout Retry
[22m[39m[ChatContext] Cleaning up subscriptions
[90mstdout[2m | src/components/ErrorState.stories.tsx[2m > [22m[2mWithout Retry
[22m[39m[Mock Data] Unit.onUpdate() subscription removed. Remaining: 0
[90mstdout[2m | src/components/ErrorState.stories.tsx[2m > [22m[2mWithout Retry
[22m[39m[MOCK CourseVectorStore] Initialized with mock data
[90mstdout[2m | src/components/ErrorState.stories.tsx[2m > [22m[2mWithout Retry
[22m[39m[TranslationModeController] Setting mode to: off
[90mstdout[2m | src/components/ErrorState.stories.tsx[2m > [22m[2mWithout Retry
[22m[39m[UnitContext] useEffect triggered {
  "authLoading": false,
  "hasUser": true,
  "id": "mock-unit-id",
  "userSub": "mock-user-sub",
}
[90mstdout[2m | src/components/ErrorState.stories.tsx[2m > [22m[2mWithout Retry
[22m[39m[UnitContext] Fetching unit data for id: mock-unit-id
[90mstdout[2m | src/components/ErrorState.stories.tsx[2m > [22m[2mWithout Retry
[22m[39m[FilesContext] Initializing vector store from IndexedDB
[90mstdout[2m | src/components/ErrorState.stories.tsx[2m > [22m[2mWithout Retry
[22m[39m[FilesContext] fetchFiles called
[90mstdout[2m | src/components/ErrorState.stories.tsx[2m > [22m[2mWithout Retry
[22m[39m[FilesContext] User authenticated: mock-user-sub
[90mstdout[2m | src/components/ErrorState.stories.tsx[2m > [22m[2mWithout Retry
[22m[39m[FilesContext] Identity ID: us-east-1:mock-identity-123
[90mstdout[2m | src/components/ErrorState.stories.tsx[2m > [22m[2mWithout Retry
[22m[39m[FilesContext] About to set up File observeQuery
[90mstdout[2m | src/components/ErrorState.stories.tsx[2m > [22m[2mWithout Retry
[22m[39m[ChatContext] Setting up AssistantChat observeQuery
[90mstdout[2m | src/components/ErrorState.stories.tsx[2m > [22m[2mWithout Retry
[22m[39m[ChatContext] Waiting for subscription to initialize
[90mstdout[2m | src/components/ErrorState.stories.tsx[2m > [22m[2mWithout Retry
[22m[39m[SettingsContext] Setting up Settings subscription for user: mock-user-sub
[90mstdout[2m | src/components/ErrorState.stories.tsx[2m > [22m[2mWithout Retry
[22m[39m[Mock Data] Settings created: mock-settings-1790416533918 - notified 0 subscribers
[90mstdout[2m | src/components/ErrorState.stories.tsx[2m > [22m[2mWithout Retry
[22m[39m[Mock Data] Unit.onUpdate() subscription added. Total: 1
[90mstdout[2m | src/components/ErrorState.stories.tsx[2m > [22m[2mWithout Retry
[22m[39m[SectionContext] Section observeQuery update: 0
[90mstdout[2m | src/components/ErrorState.stories.tsx[2m > [22m[2mWithout Retry
[22m[39m[FilesContext] File observeQuery update: 6 files
[90mstdout[2m | src/components/ErrorState.stories.tsx[2m > [22m[2mWithout Retry
[22m[39m[Mock Storage] downloadData called with: undefined
[90mstdout[2m | src/components/ErrorState.stories.tsx[2m > [22m[2mWithout Retry
[22m[39m[ChatContext] AssistantChat initialized with 1 chats
[90mstdout[2m | src/components/ErrorState.stories.tsx[2m > [22m[2mWithout Retry
[22m[39m[ChatContext] Setting initial chat: mock-assistant-chat-1
[90mstdout[2m | src/components/ErrorState.stories.tsx[2m > [22m[2mWithout Retry
[22m[39m[MOCK CourseVectorStore] Initialized with mock data
[90mstdout[2m | src/components/ErrorState.stories.tsx[2m > [22m[2mWithout Retry
[22m[39m[FilesContext] Vector store population triggered {
  "currentVectorStoreSize": 3,
  "documentsCount": 0,
  "filesCount": 6,
  "isInitialLoad": true,
}
[90mstdout[2m | src/components/ErrorState.stories.tsx[2m > [22m[2mWithout Retry
[22m[39m[FilesContext] Vector store population complete - 3 total embeddings
[90mstdout[2m | src/components/ErrorState.stories.tsx[2m > [22m[2mWithout Retry
[22m[39m[ChatContext] Chat exists and not archived, skipping creation
[90mstdout[2m | src/components/ErrorState.stories.tsx[2m > [22m[2mCustom Actions
[22m[39m[ChatContext] Cleaning up subscriptions
[90mstdout[2m | src/components/ErrorState.stories.tsx[2m > [22m[2mCustom Actions
[22m[39m[Mock Data] Unit.onUpdate() subscription removed. Remaining: 0
[90mstdout[2m | src/components/ErrorState.stories.tsx[2m > [22m[2mCustom Actions
[22m[39m[MOCK CourseVectorStore] Initialized with mock data
[90mstdout[2m | src/components/ErrorState.stories.tsx[2m > [22m[2mCustom Actions
[22m[39m[TranslationModeController] Setting mode to: off
[90mstdout[2m | src/components/ErrorState.stories.tsx[2m > [22m[2mCustom Actions
[22m[39m[UnitContext] useEffect triggered {
  "authLoading": false,
  "hasUser": true,
  "id": "mock-unit-id",
  "userSub": "mock-user-sub",
}
[90mstdout[2m | src/components/ErrorState.stories.tsx[2m > [22m[2mCustom Actions
[22m[39m[UnitContext] Fetching unit data for id: mock-unit-id
[90mstdout[2m | src/components/ErrorState.stories.tsx[2m > [22m[2mCustom Actions
[22m[39m[FilesContext] Initializing vector store from IndexedDB
[90mstdout[2m | src/components/ErrorState.stories.tsx[2m > [22m[2mCustom Actions
[22m[39m[FilesContext] fetchFiles called
[90mstdout[2m | src/components/ErrorState.stories.tsx[2m > [22m[2mCustom Actions
[22m[39m[FilesContext] User authenticated: mock-user-sub
[90mstdout[2m | src/components/ErrorState.stories.tsx[2m > [22m[2mCustom Actions
[22m[39m[FilesContext] Identity ID: us-east-1:mock-identity-123
[90mstdout[2m | src/components/ErrorState.stories.tsx[2m > [22m[2mCustom Actions
[22m[39m[FilesContext] About to set up File observeQuery
[90mstdout[2m | src/components/ErrorState.stories.tsx[2m > [22m[2mCustom Actions
[22m[39m[ChatContext] Setting up AssistantChat observeQuery
[90mstdout[2m | src/components/ErrorState.stories.tsx[2m > [22m[2mCustom Actions
[22m[39m[ChatContext] Waiting for subscription to initialize
[90mstdout[2m | src/components/ErrorState.stories.tsx[2m > [22m[2mCustom Actions
[22m[39m[SettingsContext] Setting up Settings subscription for user: mock-user-sub
[90mstdout[2m | src/components/ErrorState.stories.tsx[2m > [22m[2mCustom Actions
[22m[39m[Mock Data] Settings created: mock-settings-1790416534009 - notified 0 subscribers
[90mstdout[2m | src/components/ErrorState.stories.tsx[2m > [22m[2mCustom Actions
[22m[39m[Mock Data] Unit.onUpdate() subscription added. Total: 1
[90mstdout[2m | src/components/ErrorState.stories.tsx[2m > [22m[2mCustom Actions
[22m[39m[SectionContext] Section observeQuery update: 0
[90mstdout[2m | src/components/ErrorState.stories.tsx[2m > [22m[2mCustom Actions
[22m[39m[FilesContext] File observeQuery update: 6 files
[90mstdout[2m | src/components/ErrorState.stories.tsx[2m > [22m[2mCustom Actions
[22m[39m[ChatContext] AssistantChat initialized with 1 chats
[90mstdout[2m | src/components/ErrorState.stories.tsx[2m > [22m[2mCustom Actions
[22m[39m[ChatContext] Setting initial chat: mock-assistant-chat-1
[90mstdout[2m | src/components/ErrorState.stories.tsx[2m > [22m[2mCustom Actions
[22m[39m[Mock Storage] downloadData called with: undefined
[90mstdout[2m | src/components/ErrorState.stories.tsx[2m > [22m[2mCustom Actions
[22m[39m[MOCK CourseVectorStore] Initialized with mock data
[90mstdout[2m | src/components/ErrorState.stories.tsx[2m > [22m[2mCustom Actions
[22m[39m[FilesContext] Vector store population triggered {
  "currentVectorStoreSize": 3,
  "documentsCount": 0,
  "filesCount": 6,
  "isInitialLoad": true,
}
[90mstdout[2m | src/components/ErrorState.stories.tsx[2m > [22m[2mCustom Actions
[22m[39m[FilesContext] Vector store population complete - 3 total embeddings
[90mstdout[2m | src/components/ErrorState.stories.tsx[2m > [22m[2mCustom Actions
[22m[39m[ChatContext] Chat exists and not archived, skipping creation
 [32m✓[39m [30m[45m storybook (chromium) [49m[39m src/components/ErrorState.stories.tsx [2m([22m[2m3 tests[22m[2m)[22m[33m 324[2mms[22m[39m
[90mstdout[2m | unknown test
[22m[39m[MOCK vectorStoreDB.js] Module loaded - mock IndexedDB operations
[90mstdout[2m | unknown test
[22m[39m[Task Completion] DOM action listeners initialized
[90mstdout[2m | unknown test
[22m[39m[Task Completion] Auto-completion detector initialized
[90mstdout[2m | unknown test
[22m[39m[Preview] Task completion detector initialized
[90mstdout[2m | src/components/EasterEggEditor.stories.tsx[2m > [22m[2mDefault
[22m[39m[MOCK CourseVectorStore] Initialized with mock data
[90mstdout[2m | src/components/EasterEggEditor.stories.tsx[2m > [22m[2mDefault
[22m[39m[TranslationModeController] Setting mode to: off
[90mstdout[2m | src/components/EasterEggEditor.stories.tsx[2m > [22m[2mDefault
[22m[39m[UnitContext] useEffect triggered {
  "authLoading": false,
  "hasUser": true,
  "id": "mock-unit-id",
  "userSub": "mock-user-sub",
}
[90mstdout[2m | src/components/EasterEggEditor.stories.tsx[2m > [22m[2mDefault
[22m[39m[UnitContext] Fetching unit data for id: mock-unit-id
[90mstdout[2m | src/components/EasterEggEditor.stories.tsx[2m > [22m[2mDefault
[22m[39m[FilesContext] Initializing vector store from IndexedDB
[90mstdout[2m | src/components/EasterEggEditor.stories.tsx[2m > [22m[2mDefault
[22m[39m[FilesContext] fetchFiles called
[90mstdout[2m | src/components/EasterEggEditor.stories.tsx[2m > [22m[2mDefault
[22m[39m[FilesContext] User authenticated: mock-user-sub
[90mstdout[2m | src/components/EasterEggEditor.stories.tsx[2m > [22m[2mDefault
[22m[39m[FilesContext] Identity ID: us-east-1:mock-identity-123
[90mstdout[2m | src/components/EasterEggEditor.stories.tsx[2m > [22m[2mDefault
[22m[39m[FilesContext] About to set up File observeQuery
[90mstdout[2m | src/components/EasterEggEditor.stories.tsx[2m > [22m[2mDefault
[22m[39m[ChatContext] Setting up AssistantChat observeQuery
[90mstdout[2m | src/components/EasterEggEditor.stories.tsx[2m > [22m[2mDefault
[22m[39m[ChatContext] Waiting for subscription to initialize
[90mstdout[2m | src/components/EasterEggEditor.stories.tsx[2m > [22m[2mDefault
[22m[39m[SettingsContext] Setting up Settings subscription for user: mock-user-sub
[90mstdout[2m | src/components/EasterEggEditor.stories.tsx[2m > [22m[2mDefault
[22m[39m[Mock Data] Settings created: mock-settings-1790416534803 - notified 0 subscribers
[90mstdout[2m | src/components/EasterEggEditor.stories.tsx[2m > [22m[2mDefault
[22m[39m[Mock Data] Unit.onUpdate() subscription added. Total: 1
[90mstdout[2m | src/components/EasterEggEditor.stories.tsx[2m > [22m[2mDefault
[22m[39m[SectionContext] Section observeQuery update: 0
[90mstdout[2m | src/components/EasterEggEditor.stories.tsx[2m > [22m[2mDefault
[22m[39m[FilesContext] File observeQuery update: 6 files
[90mstdout[2m | src/components/EasterEggEditor.stories.tsx[2m > [22m[2mDefault
[22m[39m[ChatContext] AssistantChat initialized with 1 chats
[90mstdout[2m | src/components/EasterEggEditor.stories.tsx[2m > [22m[2mDefault
[22m[39m[ChatContext] Setting initial chat: mock-assistant-chat-1
[90mstdout[2m | src/components/EasterEggEditor.stories.tsx[2m > [22m[2mDefault
[22m[39m[MOCK CourseVectorStore] Initialized with mock data
[90mstdout[2m | src/components/EasterEggEditor.stories.tsx[2m > [22m[2mDefault
[22m[39m[FilesContext] Vector store population triggered {
  "currentVectorStoreSize": 3,
  "documentsCount": 0,
  "filesCount": 6,
  "isInitialLoad": true,
}
[90mstdout[2m | src/components/EasterEggEditor.stories.tsx[2m > [22m[2mDefault
[22m[39m[FilesContext] Vector store population complete - 3 total embeddings
[90mstdout[2m | src/components/EasterEggEditor.stories.tsx[2m > [22m[2mDefault
[22m[39m[ChatContext] Chat exists and not archived, skipping creation
[90mstdout[2m | src/components/EasterEggEditor.stories.tsx[2m > [22m[2mDefault
[22m[39m[Mock Storage] downloadData called with: undefined
[90mstdout[2m | src/components/EasterEggEditor.stories.tsx[2m > [22m[2mEdit Keyword Egg
[22m[39m[ChatContext] Cleaning up subscriptions
[90mstdout[2m | src/components/EasterEggEditor.stories.tsx[2m > [22m[2mEdit Keyword Egg
[22m[39m[Mock Data] Unit.onUpdate() subscription removed. Remaining: 0
[90mstdout[2m | src/components/EasterEggEditor.stories.tsx[2m > [22m[2mEdit Keyword Egg
[22m[39m[MOCK CourseVectorStore] Initialized with mock data
[90mstdout[2m | src/components/EasterEggEditor.stories.tsx[2m > [22m[2mEdit Keyword Egg
[22m[39m[TranslationModeController] Setting mode to: off
[90mstdout[2m | src/components/EasterEggEditor.stories.tsx[2m > [22m[2mEdit Keyword Egg
[22m[39m[UnitContext] useEffect triggered {
  "authLoading": false,
  "hasUser": true,
  "id": "mock-unit-id",
  "userSub": "mock-user-sub",
}
[90mstdout[2m | src/components/EasterEggEditor.stories.tsx[2m > [22m[2mEdit Keyword Egg
[22m[39m[UnitContext] Fetching unit data for id: mock-unit-id
[90mstdout[2m | src/components/EasterEggEditor.stories.tsx[2m > [22m[2mEdit Keyword Egg
[22m[39m[FilesContext] Initializing vector store from IndexedDB
[90mstdout[2m | src/components/EasterEggEditor.stories.tsx[2m > [22m[2mEdit Keyword Egg
[22m[39m[FilesContext] fetchFiles called
[90mstdout[2m | src/components/EasterEggEditor.stories.tsx[2m > [22m[2mEdit Keyword Egg
[22m[39m[FilesContext] User authenticated: mock-user-sub
[90mstdout[2m | src/components/EasterEggEditor.stories.tsx[2m > [22m[2mEdit Keyword Egg
[22m[39m[FilesContext] Identity ID: us-east-1:mock-identity-123
[90mstdout[2m | src/components/EasterEggEditor.stories.tsx[2m > [22m[2mEdit Keyword Egg
[22m[39m[FilesContext] About to set up File observeQuery
[90mstdout[2m | src/components/EasterEggEditor.stories.tsx[2m > [22m[2mEdit Keyword Egg
[22m[39m[ChatContext] Setting up AssistantChat observeQuery
[90mstdout[2m | src/components/EasterEggEditor.stories.tsx[2m > [22m[2mEdit Keyword Egg
[22m[39m[ChatContext] Waiting for subscription to initialize
[90mstdout[2m | src/components/EasterEggEditor.stories.tsx[2m > [22m[2mEdit Keyword Egg
[22m[39m[SettingsContext] Setting up Settings subscription for user: mock-user-sub
[90mstdout[2m | src/components/EasterEggEditor.stories.tsx[2m > [22m[2mEdit Keyword Egg
[22m[39m[Mock Data] Settings created: mock-settings-1790416535049 - notified 0 subscribers
[90mstdout[2m | src/components/EasterEggEditor.stories.tsx[2m > [22m[2mEdit Keyword Egg
[22m[39m[Mock Data] Unit.onUpdate() subscription added. Total: 1
[90mstdout[2m | src/components/EasterEggEditor.stories.tsx[2m > [22m[2mEdit Keyword Egg
[22m[39m[SectionContext] Section observeQuery update: 0
[90mstdout[2m | src/components/EasterEggEditor.stories.tsx[2m > [22m[2mEdit Keyword Egg
[22m[39m[FilesContext] File observeQuery update: 6 files
[90mstdout[2m | src/components/EasterEggEditor.stories.tsx[2m > [22m[2mEdit Keyword Egg
[22m[39m[ChatContext] AssistantChat initialized with 1 chats
[90mstdout[2m | src/components/EasterEggEditor.stories.tsx[2m > [22m[2mEdit Keyword Egg
[22m[39m[ChatContext] Setting initial chat: mock-assistant-chat-1
[90mstdout[2m | src/components/EasterEggEditor.stories.tsx[2m > [22m[2mEdit Keyword Egg
[22m[39m[MOCK CourseVectorStore] Initialized with mock data
[90mstdout[2m | src/components/EasterEggEditor.stories.tsx[2m > [22m[2mEdit Keyword Egg
[22m[39m[FilesContext] Vector store population triggered {
  "currentVectorStoreSize": 3,
  "documentsCount": 0,
  "filesCount": 6,
  "isInitialLoad": true,
}
[90mstdout[2m | src/components/EasterEggEditor.stories.tsx[2m > [22m[2mEdit Keyword Egg
[22m[39m[FilesContext] Vector store population complete - 3 total embeddings
[90mstdout[2m | src/components/EasterEggEditor.stories.tsx[2m > [22m[2mEdit Keyword Egg
[22m[39m[ChatContext] Chat exists and not archived, skipping creation
[90mstdout[2m | src/components/EasterEggEditor.stories.tsx[2m > [22m[2mEdit Keyword Egg
[22m[39m[Mock Storage] downloadData called with: undefined
[90mstdout[2m | src/components/EasterEggEditor.stories.tsx[2m > [22m[2mSchedule Trigger
[22m[39m[ChatContext] Cleaning up subscriptions
[90mstdout[2m | src/components/EasterEggEditor.stories.tsx[2m > [22m[2mSchedule Trigger
[22m[39m[Mock Data] Unit.onUpdate() subscription removed. Remaining: 0
[90mstdout[2m | src/components/EasterEggEditor.stories.tsx[2m > [22m[2mSchedule Trigger
[22m[39m[MOCK CourseVectorStore] Initialized with mock data
[90mstdout[2m | src/components/EasterEggEditor.stories.tsx[2m > [22m[2mSchedule Trigger
[22m[39m[TranslationModeController] Setting mode to: off
[90mstdout[2m | src/components/EasterEggEditor.stories.tsx[2m > [22m[2mSchedule Trigger
[22m[39m[UnitContext] useEffect triggered {
  "authLoading": false,
  "hasUser": true,
  "id": "mock-unit-id",
  "userSub": "mock-user-sub",
}
[90mstdout[2m | src/components/EasterEggEditor.stories.tsx[2m > [22m[2mSchedule Trigger
[22m[39m[UnitContext] Fetching unit data for id: mock-unit-id
[90mstdout[2m | src/components/EasterEggEditor.stories.tsx[2m > [22m[2mSchedule Trigger
[22m[39m[FilesContext] Initializing vector store from IndexedDB
[90mstdout[2m | src/components/EasterEggEditor.stories.tsx[2m > [22m[2mSchedule Trigger
[22m[39m[FilesContext] fetchFiles called
[90mstdout[2m | src/components/EasterEggEditor.stories.tsx[2m > [22m[2mSchedule Trigger
[22m[39m[FilesContext] User authenticated: mock-user-sub
[90mstdout[2m | src/components/EasterEggEditor.stories.tsx[2m > [22m[2mSchedule Trigger
[22m[39m[FilesContext] Identity ID: us-east-1:mock-identity-123
[90mstdout[2m | src/components/EasterEggEditor.stories.tsx[2m > [22m[2mSchedule Trigger
[22m[39m[FilesContext] About to set up File observeQuery
[90mstdout[2m | src/components/EasterEggEditor.stories.tsx[2m > [22m[2mSchedule Trigger
[22m[39m[ChatContext] Setting up AssistantChat observeQuery
[90mstdout[2m | src/components/EasterEggEditor.stories.tsx[2m > [22m[2mSchedule Trigger
[22m[39m[ChatContext] Waiting for subscription to initialize
[90mstdout[2m | src/components/EasterEggEditor.stories.tsx[2m > [22m[2mSchedule Trigger
[22m[39m[SettingsContext] Setting up Settings subscription for user: mock-user-sub
[90mstdout[2m | src/components/EasterEggEditor.stories.tsx[2m > [22m[2mSchedule Trigger
[22m[39m[Mock Data] Settings created: mock-settings-1790416535233 - notified 0 subscribers
[90mstdout[2m | src/components/EasterEggEditor.stories.tsx[2m > [22m[2mSchedule Trigger
[22m[39m[Mock Data] Unit.onUpdate() subscription added. Total: 1
[90mstdout[2m | src/components/EasterEggEditor.stories.tsx[2m > [22m[2mSchedule Trigger
[22m[39m[SectionContext] Section observeQuery update: 0
[90mstdout[2m | src/components/EasterEggEditor.stories.tsx[2m > [22m[2mSchedule Trigger
[22m[39m[FilesContext] File observeQuery update: 6 files
[90mstdout[2m | src/components/EasterEggEditor.stories.tsx[2m > [22m[2mSchedule Trigger
[22m[39m[ChatContext] AssistantChat initialized with 1 chats
[90mstdout[2m | src/components/EasterEggEditor.stories.tsx[2m > [22m[2mSchedule Trigger
[22m[39m[ChatContext] Setting initial chat: mock-assistant-chat-1
[90mstdout[2m | src/components/EasterEggEditor.stories.tsx[2m > [22m[2mSchedule Trigger
[22m[39m[MOCK CourseVectorStore] Initialized with mock data
[90mstdout[2m | src/components/EasterEggEditor.stories.tsx[2m > [22m[2mSchedule Trigger
[22m[39m[FilesContext] Vector store population triggered {
  "currentVectorStoreSize": 3,
  "documentsCount": 0,
  "filesCount": 6,
  "isInitialLoad": true,
}
[90mstdout[2m | src/components/EasterEggEditor.stories.tsx[2m > [22m[2mSchedule Trigger
[22m[39m[FilesContext] Vector store population complete - 3 total embeddings
[90mstdout[2m | src/components/EasterEggEditor.stories.tsx[2m > [22m[2mSchedule Trigger
[22m[39m[ChatContext] Chat exists and not archived, skipping creation
[90mstdout[2m | src/components/EasterEggEditor.stories.tsx[2m > [22m[2mSchedule Trigger
[22m[39m[Mock Storage] downloadData called with: undefined
[90mstdout[2m | src/components/EasterEggEditor.stories.tsx[2m > [22m[2mAchievement Trigger
[22m[39m[ChatContext] Cleaning up subscriptions
[90mstdout[2m | src/components/EasterEggEditor.stories.tsx[2m > [22m[2mAchievement Trigger
[22m[39m[Mock Data] Unit.onUpdate() subscription removed. Remaining: 0
[90mstdout[2m | src/components/EasterEggEditor.stories.tsx[2m > [22m[2mAchievement Trigger
[22m[39m[MOCK CourseVectorStore] Initialized with mock data
[90mstdout[2m | src/components/EasterEggEditor.stories.tsx[2m > [22m[2mAchievement Trigger
[22m[39m[TranslationModeController] Setting mode to: off
[90mstdout[2m | src/components/EasterEggEditor.stories.tsx[2m > [22m[2mAchievement Trigger
[22m[39m[UnitContext] useEffect triggered {
  "authLoading": false,
  "hasUser": true,
  "id": "mock-unit-id",
  "userSub": "mock-user-sub",
}
[90mstdout[2m | src/components/EasterEggEditor.stories.tsx[2m > [22m[2mAchievement Trigger
[22m[39m[UnitContext] Fetching unit data for id: mock-unit-id
[90mstdout[2m | src/components/EasterEggEditor.stories.tsx[2m > [22m[2mAchievement Trigger
[22m[39m[FilesContext] Initializing vector store from IndexedDB
[90mstdout[2m | src/components/EasterEggEditor.stories.tsx[2m > [22m[2mAchievement Trigger
[22m[39m[FilesContext] fetchFiles called
[90mstdout[2m | src/components/EasterEggEditor.stories.tsx[2m > [22m[2mAchievement Trigger
[22m[39m[FilesContext] User authenticated: mock-user-sub
[90mstdout[2m | src/components/EasterEggEditor.stories.tsx[2m > [22m[2mAchievement Trigger
[22m[39m[FilesContext] Identity ID: us-east-1:mock-identity-123
[90mstdout[2m | src/components/EasterEggEditor.stories.tsx[2m > [22m[2mAchievement Trigger
[22m[39m[FilesContext] About to set up File observeQuery
[90mstdout[2m | src/components/EasterEggEditor.stories.tsx[2m > [22m[2mAchievement Trigger
[22m[39m[ChatContext] Setting up AssistantChat observeQuery
[90mstdout[2m | src/components/EasterEggEditor.stories.tsx[2m > [22m[2mAchievement Trigger
[22m[39m[ChatContext] Waiting for subscription to initialize
[90mstdout[2m | src/components/EasterEggEditor.stories.tsx[2m > [22m[2mAchievement Trigger
[22m[39m[SettingsContext] Setting up Settings subscription for user: mock-user-sub
[90mstdout[2m | src/components/EasterEggEditor.stories.tsx[2m > [22m[2mAchievement Trigger
[22m[39m[Mock Data] Settings created: mock-settings-1790416535440 - notified 0 subscribers
[90mstdout[2m | src/components/EasterEggEditor.stories.tsx[2m > [22m[2mAchievement Trigger
[22m[39m[Mock Data] Unit.onUpdate() subscription added. Total: 1
[90mstdout[2m | src/components/EasterEggEditor.stories.tsx[2m > [22m[2mAchievement Trigger
[22m[39m[SectionContext] Section observeQuery update: 0
[90mstdout[2m | src/components/EasterEggEditor.stories.tsx[2m > [22m[2mAchievement Trigger
[22m[39m[FilesContext] File observeQuery update: 6 files
[90mstdout[2m | src/components/EasterEggEditor.stories.tsx[2m > [22m[2mAchievement Trigger
[22m[39m[ChatContext] AssistantChat initialized with 1 chats
[90mstdout[2m | src/components/EasterEggEditor.stories.tsx[2m > [22m[2mAchievement Trigger
[22m[39m[ChatContext] Setting initial chat: mock-assistant-chat-1
[90mstdout[2m | src/components/EasterEggEditor.stories.tsx[2m > [22m[2mAchievement Trigger
[22m[39m[MOCK CourseVectorStore] Initialized with mock data
[90mstdout[2m | src/components/EasterEggEditor.stories.tsx[2m > [22m[2mAchievement Trigger
[22m[39m[FilesContext] Vector store population triggered {
  "currentVectorStoreSize": 3,
  "documentsCount": 0,
  "filesCount": 6,
  "isInitialLoad": true,
}
[90mstdout[2m | src/components/EasterEggEditor.stories.tsx[2m > [22m[2mAchievement Trigger
[22m[39m[FilesContext] Vector store population complete - 3 total embeddings
[90mstdout[2m | src/components/EasterEggEditor.stories.tsx[2m > [22m[2mAchievement Trigger
[22m[39m[ChatContext] Chat exists and not archived, skipping creation
[90mstdout[2m | src/components/EasterEggEditor.stories.tsx[2m > [22m[2mAchievement Trigger
[22m[39m[Mock Storage] downloadData called with: undefined
[90mstdout[2m | src/components/EasterEggEditor.stories.tsx[2m > [22m[2mInactive Egg
[22m[39m[ChatContext] Cleaning up subscriptions
[90mstdout[2m | src/components/EasterEggEditor.stories.tsx[2m > [22m[2mInactive Egg
[22m[39m[Mock Data] Unit.onUpdate() subscription removed. Remaining: 0
[90mstdout[2m | src/components/EasterEggEditor.stories.tsx[2m > [22m[2mInactive Egg
[22m[39m[MOCK CourseVectorStore] Initialized with mock data
[90mstdout[2m | src/components/EasterEggEditor.stories.tsx[2m > [22m[2mInactive Egg
[22m[39m[TranslationModeController] Setting mode to: off
[90mstdout[2m | src/components/EasterEggEditor.stories.tsx[2m > [22m[2mInactive Egg
[22m[39m[UnitContext] useEffect triggered {
  "authLoading": false,
  "hasUser": true,
  "id": "mock-unit-id",
  "userSub": "mock-user-sub",
}
[90mstdout[2m | src/components/EasterEggEditor.stories.tsx[2m > [22m[2mInactive Egg
[22m[39m[UnitContext] Fetching unit data for id: mock-unit-id
[90mstdout[2m | src/components/EasterEggEditor.stories.tsx[2m > [22m[2mInactive Egg
[22m[39m[FilesContext] Initializing vector store from IndexedDB
[90mstdout[2m | src/components/EasterEggEditor.stories.tsx[2m > [22m[2mInactive Egg
[22m[39m[FilesContext] fetchFiles called
[90mstdout[2m | src/components/EasterEggEditor.stories.tsx[2m > [22m[2mInactive Egg
[22m[39m[FilesContext] User authenticated: mock-user-sub
[90mstdout[2m | src/components/EasterEggEditor.stories.tsx[2m > [22m[2mInactive Egg
[22m[39m[FilesContext] Identity ID: us-east-1:mock-identity-123
[90mstdout[2m | src/components/EasterEggEditor.stories.tsx[2m > [22m[2mInactive Egg
[22m[39m[FilesContext] About to set up File observeQuery
[90mstdout[2m | src/components/EasterEggEditor.stories.tsx[2m > [22m[2mInactive Egg
[22m[39m[ChatContext] Setting up AssistantChat observeQuery
[90mstdout[2m | src/components/EasterEggEditor.stories.tsx[2m > [22m[2mInactive Egg
[22m[39m[ChatContext] Waiting for subscription to initialize
[90mstdout[2m | src/components/EasterEggEditor.stories.tsx[2m > [22m[2mInactive Egg
[22m[39m[SettingsContext] Setting up Settings subscription for user: mock-user-sub
[90mstdout[2m | src/components/EasterEggEditor.stories.tsx[2m > [22m[2mInactive Egg
[22m[39m[Mock Data] Settings created: mock-settings-1790416535637 - notified 0 subscribers
[90mstdout[2m | src/components/EasterEggEditor.stories.tsx[2m > [22m[2mInactive Egg
[22m[39m[Mock Data] Unit.onUpdate() subscription added. Total: 1
[90mstdout[2m | src/components/EasterEggEditor.stories.tsx[2m > [22m[2mInactive Egg
[22m[39m[SectionContext] Section observeQuery update: 0
[90mstdout[2m | src/components/EasterEggEditor.stories.tsx[2m > [22m[2mInactive Egg
[22m[39m[FilesContext] File observeQuery update: 6 files
[90mstdout[2m | src/components/EasterEggEditor.stories.tsx[2m > [22m[2mInactive Egg
[22m[39m[ChatContext] AssistantChat initialized with 1 chats
[90mstdout[2m | src/components/EasterEggEditor.stories.tsx[2m > [22m[2mInactive Egg
[22m[39m[ChatContext] Setting initial chat: mock-assistant-chat-1
[90mstdout[2m | src/components/EasterEggEditor.stories.tsx[2m > [22m[2mInactive Egg
[22m[39m[MOCK CourseVectorStore] Initialized with mock data
[90mstdout[2m | src/components/EasterEggEditor.stories.tsx[2m > [22m[2mInactive Egg
[22m[39m[FilesContext] Vector store population triggered {
  "currentVectorStoreSize": 3,
  "documentsCount": 0,
  "filesCount": 6,
  "isInitialLoad": true,
}
[90mstdout[2m | src/components/EasterEggEditor.stories.tsx[2m > [22m[2mInactive Egg
[22m[39m[FilesContext] Vector store population complete - 3 total embeddings
[90mstdout[2m | src/components/EasterEggEditor.stories.tsx[2m > [22m[2mInactive Egg
[22m[39m[ChatContext] Chat exists and not archived, skipping creation
[90mstdout[2m | src/components/EasterEggEditor.stories.tsx[2m > [22m[2mInactive Egg
[22m[39m[Mock Storage] downloadData called with: undefined
[90mstdout[2m | src/components/EasterEggEditor.stories.tsx[2m > [22m[2mSubmitting
[22m[39m[ChatContext] Cleaning up subscriptions
[90mstdout[2m | src/components/EasterEggEditor.stories.tsx[2m > [22m[2mSubmitting
[22m[39m[Mock Data] Unit.onUpdate() subscription removed. Remaining: 0
[90mstdout[2m | src/components/EasterEggEditor.stories.tsx[2m > [22m[2mSubmitting
[22m[39m[MOCK CourseVectorStore] Initialized with mock data
[90mstdout[2m | src/components/EasterEggEditor.stories.tsx[2m > [22m[2mSubmitting
[22m[39m[TranslationModeController] Setting mode to: off
[90mstdout[2m | src/components/EasterEggEditor.stories.tsx[2m > [22m[2mSubmitting
[22m[39m[UnitContext] useEffect triggered {
  "authLoading": false,
  "hasUser": true,
  "id": "mock-unit-id",
  "userSub": "mock-user-sub",
}
[90mstdout[2m | src/components/EasterEggEditor.stories.tsx[2m > [22m[2mSubmitting
[22m[39m[UnitContext] Fetching unit data for id: mock-unit-id
[90mstdout[2m | src/components/EasterEggEditor.stories.tsx[2m > [22m[2mSubmitting
[22m[39m[FilesContext] Initializing vector store from IndexedDB
[90mstdout[2m | src/components/EasterEggEditor.stories.tsx[2m > [22m[2mSubmitting
[22m[39m[FilesContext] fetchFiles called
[90mstdout[2m | src/components/EasterEggEditor.stories.tsx[2m > [22m[2mSubmitting
[22m[39m[FilesContext] User authenticated: mock-user-sub
[90mstdout[2m | src/components/EasterEggEditor.stories.tsx[2m > [22m[2mSubmitting
[22m[39m[FilesContext] Identity ID: us-east-1:mock-identity-123
[90mstdout[2m | src/components/EasterEggEditor.stories.tsx[2m > [22m[2mSubmitting
[22m[39m[FilesContext] About to set up File observeQuery
[90mstdout[2m | src/components/EasterEggEditor.stories.tsx[2m > [22m[2mSubmitting
[22m[39m[ChatContext] Setting up AssistantChat observeQuery
[90mstdout[2m | src/components/EasterEggEditor.stories.tsx[2m > [22m[2mSubmitting
[22m[39m[ChatContext] Waiting for subscription to initialize
[90mstdout[2m | src/components/EasterEggEditor.stories.tsx[2m > [22m[2mSubmitting
[22m[39m[SettingsContext] Setting up Settings subscription for user: mock-user-sub
[90mstdout[2m | src/components/EasterEggEditor.stories.tsx[2m > [22m[2mSubmitting
[22m[39m[Mock Data] Settings created: mock-settings-1790416535822 - notified 0 subscribers
[90mstdout[2m | src/components/EasterEggEditor.stories.tsx[2m > [22m[2mSubmitting
[22m[39m[Mock Data] Unit.onUpdate() subscription added. Total: 1
[90mstdout[2m | src/components/EasterEggEditor.stories.tsx[2m > [22m[2mSubmitting
[22m[39m[SectionContext] Section observeQuery update: 0
[90mstdout[2m | src/components/EasterEggEditor.stories.tsx[2m > [22m[2mSubmitting
[22m[39m[FilesContext] File observeQuery update: 6 files
[90mstdout[2m | src/components/EasterEggEditor.stories.tsx[2m > [22m[2mSubmitting
[22m[39m[ChatContext] AssistantChat initialized with 1 chats
[90mstdout[2m | src/components/EasterEggEditor.stories.tsx[2m > [22m[2mSubmitting
[22m[39m[ChatContext] Setting initial chat: mock-assistant-chat-1
[90mstdout[2m | src/components/EasterEggEditor.stories.tsx[2m > [22m[2mSubmitting
[22m[39m[MOCK CourseVectorStore] Initialized with mock data
[90mstdout[2m | src/components/EasterEggEditor.stories.tsx[2m > [22m[2mSubmitting
[22m[39m[FilesContext] Vector store population triggered {
  "currentVectorStoreSize": 3,
  "documentsCount": 0,
  "filesCount": 6,
  "isInitialLoad": true,
}
[90mstdout[2m | src/components/EasterEggEditor.stories.tsx[2m > [22m[2mSubmitting
[22m[39m[FilesContext] Vector store population complete - 3 total embeddings
[90mstdout[2m | src/components/EasterEggEditor.stories.tsx[2m > [22m[2mSubmitting
[22m[39m[ChatContext] Chat exists and not archived, skipping creation
[90mstdout[2m | src/components/EasterEggEditor.stories.tsx[2m > [22m[2mSubmitting
[22m[39m[Mock Storage] downloadData called with: undefined
 [32m✓[39m [30m[45m storybook (chromium) [49m[39m src/components/EasterEggEditor.stories.tsx [2m([22m[2m6 tests[22m[2m)[22m[33m 1242[2mms[22m[39m
[90mstdout[2m | unknown test
[22m[39m[MOCK vectorStoreDB.js] Module loaded - mock IndexedDB operations
[90mstdout[2m | unknown test
[22m[39m[Task Completion] DOM action listeners initialized
[90mstdout[2m | unknown test
[22m[39m[Task Completion] Auto-completion detector initialized
[90mstdout[2m | unknown test
[22m[39m[Preview] Task completion detector initialized
[90mstdout[2m | .storybook/docs/CoreConcepts.stories.tsx[2m > [22m[2mHow It Works
[22m[39m[MOCK CourseVectorStore] Initialized with mock data
[90mstdout[2m | .storybook/docs/CoreConcepts.stories.tsx[2m > [22m[2mHow It Works
[22m[39m[TranslationModeController] Setting mode to: off
[90mstdout[2m | .storybook/docs/CoreConcepts.stories.tsx[2m > [22m[2mHow It Works
[22m[39m[UnitContext] useEffect triggered {
  "authLoading": false,
  "hasUser": true,
  "id": "mock-unit-id",
  "userSub": "mock-user-sub",
}
[90mstdout[2m | .storybook/docs/CoreConcepts.stories.tsx[2m > [22m[2mHow It Works
[22m[39m[UnitContext] Fetching unit data for id: mock-unit-id
[90mstdout[2m | .storybook/docs/CoreConcepts.stories.tsx[2m > [22m[2mHow It Works
[22m[39m[FilesContext] Initializing vector store from IndexedDB
[90mstdout[2m | .storybook/docs/CoreConcepts.stories.tsx[2m > [22m[2mHow It Works
[22m[39m[FilesContext] fetchFiles called
[90mstdout[2m | .storybook/docs/CoreConcepts.stories.tsx[2m > [22m[2mHow It Works
[22m[39m[FilesContext] User authenticated: mock-user-sub
[90mstdout[2m | .storybook/docs/CoreConcepts.stories.tsx[2m > [22m[2mHow It Works
[22m[39m[FilesContext] Identity ID: us-east-1:mock-identity-123
[90mstdout[2m | .storybook/docs/CoreConcepts.stories.tsx[2m > [22m[2mHow It Works
[22m[39m[FilesContext] About to set up File observeQuery
[90mstdout[2m | .storybook/docs/CoreConcepts.stories.tsx[2m > [22m[2mHow It Works
[22m[39m[ChatContext] Setting up AssistantChat observeQuery
[90mstdout[2m | .storybook/docs/CoreConcepts.stories.tsx[2m > [22m[2mHow It Works
[22m[39m[ChatContext] Waiting for subscription to initialize
[90mstdout[2m | .storybook/docs/CoreConcepts.stories.tsx[2m > [22m[2mHow It Works
[22m[39m[SettingsContext] Setting up Settings subscription for user: mock-user-sub
[90mstdout[2m | .storybook/docs/CoreConcepts.stories.tsx[2m > [22m[2mHow It Works
[22m[39m[Mock Data] Settings created: mock-settings-1790416536889 - notified 0 subscribers
[90mstdout[2m | .storybook/docs/CoreConcepts.stories.tsx[2m > [22m[2mHow It Works
[22m[39m[Mock Data] Unit.onUpdate() subscription added. Total: 1
[90mstdout[2m | .storybook/docs/CoreConcepts.stories.tsx[2m > [22m[2mHow It Works
[22m[39m[SectionContext] Section observeQuery update: 0
[90mstdout[2m | .storybook/docs/CoreConcepts.stories.tsx[2m > [22m[2mHow It Works
[22m[39m[FilesContext] File observeQuery update: 6 files
[90mstdout[2m | .storybook/docs/CoreConcepts.stories.tsx[2m > [22m[2mHow It Works
[22m[39m[ChatContext] AssistantChat initialized with 1 chats
[90mstdout[2m | .storybook/docs/CoreConcepts.stories.tsx[2m > [22m[2mHow It Works
[22m[39m[ChatContext] Setting initial chat: mock-assistant-chat-1
[90mstdout[2m | .storybook/docs/CoreConcepts.stories.tsx[2m > [22m[2mHow It Works
[22m[39m[MOCK CourseVectorStore] Initialized with mock data
[90mstdout[2m | .storybook/docs/CoreConcepts.stories.tsx[2m > [22m[2mHow It Works
[22m[39m[FilesContext] Vector store population triggered {
  "currentVectorStoreSize": 3,
  "documentsCount": 0,
  "filesCount": 6,
  "isInitialLoad": true,
}
[90mstdout[2m | .storybook/docs/CoreConcepts.stories.tsx[2m > [22m[2mHow It Works
[22m[39m[FilesContext] Vector store population complete - 3 total embeddings
[90mstdout[2m | .storybook/docs/CoreConcepts.stories.tsx[2m > [22m[2mHow It Works
[22m[39m[ChatContext] Chat exists and not archived, skipping creation
[90mstdout[2m | .storybook/docs/CoreConcepts.stories.tsx[2m > [22m[2mHow It Works
[22m[39m[Mock Storage] downloadData called with: undefined
 [32m✓[39m [30m[45m storybook (chromium) [49m[39m .storybook/docs/CoreConcepts.stories.tsx [2m([22m[2m1 test[22m[2m)[22m[33m 353[2mms[22m[39m
   [33m[2m✓[22m[39m How It Works [33m 352[2mms[22m[39m
[90mstdout[2m | unknown test
[22m[39m[MOCK vectorStoreDB.js] Module loaded - mock IndexedDB operations
[90mstdout[2m | unknown test
[22m[39m[Task Completion] DOM action listeners initialized
[90mstdout[2m | unknown test
[22m[39m[Task Completion] Auto-completion detector initialized
[90mstdout[2m | unknown test
[22m[39m[Preview] Task completion detector initialized
[90mstdout[2m | src/components/Editor3/plugins/LayoutPlugin.stories.jsx[2m > [22m[2mEditable Empty
[22m[39m[Preview] Skipped initializing default mock data (initializeMockData=false)
[90mstdout[2m | src/components/Editor3/plugins/LayoutPlugin.stories.jsx[2m > [22m[2mEditable Empty
[22m[39m[Mock Data] seedMockUnit: Adding unit layout-plugin-story-unit
[90mstdout[2m | src/components/Editor3/plugins/LayoutPlugin.stories.jsx[2m > [22m[2mEditable Empty
[22m[39m[MOCK CourseVectorStore] Initialized with mock data
[90mstdout[2m | src/components/Editor3/plugins/LayoutPlugin.stories.jsx[2m > [22m[2mEditable Empty
[22m[39m[TranslationModeController] Setting mode to: off
[90mstdout[2m | src/components/Editor3/plugins/LayoutPlugin.stories.jsx[2m > [22m[2mEditable Empty
[22m[39m[UnitContext] useEffect triggered {
  "authLoading": false,
  "hasUser": true,
  "id": "layout-plugin-story-unit",
  "userSub": "mock-user-sub",
}
[90mstdout[2m | src/components/Editor3/plugins/LayoutPlugin.stories.jsx[2m > [22m[2mEditable Empty
[22m[39m[UnitContext] Fetching unit data for id: layout-plugin-story-unit
[90mstdout[2m | src/components/Editor3/plugins/LayoutPlugin.stories.jsx[2m > [22m[2mEditable Empty
[22m[39m[FilesContext] Initializing vector store from IndexedDB
[90mstdout[2m | src/components/Editor3/plugins/LayoutPlugin.stories.jsx[2m > [22m[2mEditable Empty
[22m[39m[FilesContext] fetchFiles called
[90mstdout[2m | src/components/Editor3/plugins/LayoutPlugin.stories.jsx[2m > [22m[2mEditable Empty
[22m[39m[FilesContext] User authenticated: mock-user-sub
[90mstdout[2m | src/components/Editor3/plugins/LayoutPlugin.stories.jsx[2m > [22m[2mEditable Empty
[22m[39m[FilesContext] Identity ID: us-east-1:mock-identity-123
[90mstdout[2m | src/components/Editor3/plugins/LayoutPlugin.stories.jsx[2m > [22m[2mEditable Empty
[22m[39m[FilesContext] About to set up File observeQuery
[90mstdout[2m | src/components/Editor3/plugins/LayoutPlugin.stories.jsx[2m > [22m[2mEditable Empty
[22m[39m[ChatContext] Setting up AssistantChat observeQuery
[90mstdout[2m | src/components/Editor3/plugins/LayoutPlugin.stories.jsx[2m > [22m[2mEditable Empty
[22m[39m[ChatContext] Waiting for subscription to initialize
[90mstdout[2m | src/components/Editor3/plugins/LayoutPlugin.stories.jsx[2m > [22m[2mEditable Empty
[22m[39m[SettingsContext] Setting up Settings subscription for user: mock-user-sub
[90mstdout[2m | src/components/Editor3/plugins/LayoutPlugin.stories.jsx[2m > [22m[2mEditable Empty
[22m[39m[Mock Data] Settings created: mock-settings-1790416538078 - notified 0 subscribers
[90mstdout[2m | src/components/Editor3/plugins/LayoutPlugin.stories.jsx[2m > [22m[2mEditable Empty
[22m[39m[Mock Data] Unit.onUpdate() subscription added. Total: 1
[90mstdout[2m | src/components/Editor3/plugins/LayoutPlugin.stories.jsx[2m > [22m[2mEditable Empty
[22m[39m[SectionContext] Section observeQuery update: 0
[90mstdout[2m | src/components/Editor3/plugins/LayoutPlugin.stories.jsx[2m > [22m[2mEditable Empty
[22m[39m[FilesContext] File observeQuery update: 0 files
[90mstdout[2m | src/components/Editor3/plugins/LayoutPlugin.stories.jsx[2m > [22m[2mEditable Empty
[22m[39m[ChatContext] AssistantChat initialized with 0 chats
[90mstdout[2m | src/components/Editor3/plugins/LayoutPlugin.stories.jsx[2m > [22m[2mEditable Empty
[22m[39m[MOCK CourseVectorStore] Initialized with mock data
[90mstdout[2m | src/components/Editor3/plugins/LayoutPlugin.stories.jsx[2m > [22m[2mEditable Empty
[22m[39m[ChatContext] No current chat available, will create one
[90mstdout[2m | src/components/Editor3/plugins/LayoutPlugin.stories.jsx[2m > [22m[2mEditable Empty
[22m[39m[ChatContext] Creating AssistantChat with user: undefined
[90mstdout[2m | src/components/Editor3/plugins/LayoutPlugin.stories.jsx[2m > [22m[2mEditable Empty
[22m[39m[Mock Data] AssistantChat created: mock-assistantchat-1790416538096 - notified 1 subscribers
[90mstdout[2m | src/components/Editor3/plugins/LayoutPlugin.stories.jsx[2m > [22m[2mEditable Empty
[22m[39m[ChatContext] Create result: {
  "data": {
    "_version": 1,
    "archived": false,
    "chatFiles": [Function anonymous],
    "createdAt": "2026-09-26T09:55:38.096Z",
    "id": "mock-assistantchat-1790416538096",
    "model": "gpt-4",
    "updatedAt": "2026-09-26T09:55:38.096Z",
  },
  "errors": [],
  "hasData": true,
  "hasErrors": true,
}
[90mstdout[2m | src/components/Editor3/plugins/LayoutPlugin.stories.jsx[2m > [22m[2mEditable Empty
[22m[39m[ChatContext] Created AssistantChat: mock-assistantchat-1790416538096 at: 2026-09-26T09:55:38.096Z
[90mstdout[2m | src/components/Editor3/plugins/LayoutPlugin.stories.jsx[2m > [22m[2mEditable Empty
[22m[39m[Mock Storage] downloadData called with: undefined
[90mstdout[2m | src/components/Editor3/plugins/LayoutPlugin.stories.jsx[2m > [22m[2mEditable Empty
[22m[39m[ChatContext] Setting initial chat: mock-assistantchat-1790416538096
[90mstdout[2m | src/components/Editor3/plugins/LayoutPlugin.stories.jsx[2m > [22m[2mEditable Empty
[22m[39m[ChatContext] Chat exists and not archived, skipping creation
[90mstdout[2m | src/components/Editor3/plugins/LayoutPlugin.stories.jsx[2m > [22m[2mEditable With Layout
[22m[39m[ChatContext] Cleaning up subscriptions
[90mstdout[2m | src/components/Editor3/plugins/LayoutPlugin.stories.jsx[2m > [22m[2mEditable With Layout
[22m[39m[Mock Data] Unit.onUpdate() subscription removed. Remaining: 0
[90mstdout[2m | src/components/Editor3/plugins/LayoutPlugin.stories.jsx[2m > [22m[2mEditable With Layout
[22m[39m[Preview] Skipped initializing default mock data (initializeMockData=false)
[90mstdout[2m | src/components/Editor3/plugins/LayoutPlugin.stories.jsx[2m > [22m[2mEditable With Layout
[22m[39m[Mock Data] seedMockUnit: Adding unit layout-plugin-story-unit
[90mstdout[2m | src/components/Editor3/plugins/LayoutPlugin.stories.jsx[2m > [22m[2mEditable With Layout
[22m[39m[MOCK CourseVectorStore] Initialized with mock data
[90mstdout[2m | src/components/Editor3/plugins/LayoutPlugin.stories.jsx[2m > [22m[2mEditable With Layout
[22m[39m[TranslationModeController] Setting mode to: off
[90mstdout[2m | src/components/Editor3/plugins/LayoutPlugin.stories.jsx[2m > [22m[2mEditable With Layout
[22m[39m[UnitContext] useEffect triggered {
  "authLoading": false,
  "hasUser": true,
  "id": "layout-plugin-story-unit",
  "userSub": "mock-user-sub",
}
[90mstdout[2m | src/components/Editor3/plugins/LayoutPlugin.stories.jsx[2m > [22m[2mEditable With Layout
[22m[39m[UnitContext] Fetching unit data for id: layout-plugin-story-unit
[90mstdout[2m | src/components/Editor3/plugins/LayoutPlugin.stories.jsx[2m > [22m[2mEditable With Layout
[22m[39m[FilesContext] Initializing vector store from IndexedDB
[90mstdout[2m | src/components/Editor3/plugins/LayoutPlugin.stories.jsx[2m > [22m[2mEditable With Layout
[22m[39m[FilesContext] fetchFiles called
[90mstdout[2m | src/components/Editor3/plugins/LayoutPlugin.stories.jsx[2m > [22m[2mEditable With Layout
[22m[39m[FilesContext] User authenticated: mock-user-sub
[90mstdout[2m | src/components/Editor3/plugins/LayoutPlugin.stories.jsx[2m > [22m[2mEditable With Layout
[22m[39m[FilesContext] Identity ID: us-east-1:mock-identity-123
[90mstdout[2m | src/components/Editor3/plugins/LayoutPlugin.stories.jsx[2m > [22m[2mEditable With Layout
[22m[39m[FilesContext] About to set up File observeQuery
[90mstdout[2m | src/components/Editor3/plugins/LayoutPlugin.stories.jsx[2m > [22m[2mEditable With Layout
[22m[39m[ChatContext] Setting up AssistantChat observeQuery
[90mstdout[2m | src/components/Editor3/plugins/LayoutPlugin.stories.jsx[2m > [22m[2mEditable With Layout
[22m[39m[ChatContext] Waiting for subscription to initialize
[90mstdout[2m | src/components/Editor3/plugins/LayoutPlugin.stories.jsx[2m > [22m[2mEditable With Layout
[22m[39m[SettingsContext] Setting up Settings subscription for user: mock-user-sub
[90mstdout[2m | src/components/Editor3/plugins/LayoutPlugin.stories.jsx[2m > [22m[2mEditable With Layout
[22m[39m[Mock Data] Settings created: mock-settings-1790416538244 - notified 0 subscribers
[90mstdout[2m | src/components/Editor3/plugins/LayoutPlugin.stories.jsx[2m > [22m[2mEditable With Layout
[22m[39m[Mock Data] Unit.onUpdate() subscription added. Total: 1
[90mstdout[2m | src/components/Editor3/plugins/LayoutPlugin.stories.jsx[2m > [22m[2mEditable With Layout
[22m[39m[SectionContext] Section observeQuery update: 0
[90mstdout[2m | src/components/Editor3/plugins/LayoutPlugin.stories.jsx[2m > [22m[2mEditable With Layout
[22m[39m[FilesContext] File observeQuery update: 0 files
[90mstdout[2m | src/components/Editor3/plugins/LayoutPlugin.stories.jsx[2m > [22m[2mEditable With Layout
[22m[39m[ChatContext] AssistantChat initialized with 0 chats
[90mstdout[2m | src/components/Editor3/plugins/LayoutPlugin.stories.jsx[2m > [22m[2mEditable With Layout
[22m[39m[Mock Storage] downloadData called with: undefined
[90mstdout[2m | src/components/Editor3/plugins/LayoutPlugin.stories.jsx[2m > [22m[2mEditable With Layout
[22m[39m[MOCK CourseVectorStore] Initialized with mock data
[90mstdout[2m | src/components/Editor3/plugins/LayoutPlugin.stories.jsx[2m > [22m[2mEditable With Layout
[22m[39m[ChatContext] No current chat available, will create one
[90mstdout[2m | src/components/Editor3/plugins/LayoutPlugin.stories.jsx[2m > [22m[2mEditable With Layout
[22m[39m[ChatContext] Creating AssistantChat with user: undefined
[90mstdout[2m | src/components/Editor3/plugins/LayoutPlugin.stories.jsx[2m > [22m[2mEditable With Layout
[22m[39m[Mock Data] AssistantChat created: mock-assistantchat-1790416538258 - notified 1 subscribers
[90mstdout[2m | src/components/Editor3/plugins/LayoutPlugin.stories.jsx[2m > [22m[2mEditable With Layout
[22m[39m[ChatContext] Create result: {
  "data": {
    "_version": 1,
    "archived": false,
    "chatFiles": [Function anonymous],
    "createdAt": "2026-09-26T09:55:38.258Z",
    "id": "mock-assistantchat-1790416538258",
    "model": "gpt-4",
    "updatedAt": "2026-09-26T09:55:38.258Z",
  },
  "errors": [],
  "hasData": true,
  "hasErrors": true,
}
[90mstdout[2m | src/components/Editor3/plugins/LayoutPlugin.stories.jsx[2m > [22m[2mEditable With Layout
[22m[39m[ChatContext] Created AssistantChat: mock-assistantchat-1790416538258 at: 2026-09-26T09:55:38.258Z
[90mstdout[2m | src/components/Editor3/plugins/LayoutPlugin.stories.jsx[2m > [22m[2mEditable With Layout
[22m[39m[ChatContext] Setting initial chat: mock-assistantchat-1790416538258
[90mstdout[2m | src/components/Editor3/plugins/LayoutPlugin.stories.jsx[2m > [22m[2mEditable With Layout
[22m[39m[ChatContext] Chat exists and not archived, skipping creation
[90mstdout[2m | src/components/Editor3/plugins/LayoutPlugin.stories.jsx[2m > [22m[2mRead Only With Layout
[22m[39m[ChatContext] Cleaning up subscriptions
[90mstdout[2m | src/components/Editor3/plugins/LayoutPlugin.stories.jsx[2m > [22m[2mRead Only With Layout
[22m[39m[Mock Data] Unit.onUpdate() subscription removed. Remaining: 0
[90mstdout[2m | src/components/Editor3/plugins/LayoutPlugin.stories.jsx[2m > [22m[2mRead Only With Layout
[22m[39m[Preview] Skipped initializing default mock data (initializeMockData=false)
[90mstdout[2m | src/components/Editor3/plugins/LayoutPlugin.stories.jsx[2m > [22m[2mRead Only With Layout
[22m[39m[Mock Data] seedMockUnit: Adding unit layout-plugin-story-unit
[90mstdout[2m | src/components/Editor3/plugins/LayoutPlugin.stories.jsx[2m > [22m[2mRead Only With Layout
[22m[39m[MOCK CourseVectorStore] Initialized with mock data
[90mstdout[2m | src/components/Editor3/plugins/LayoutPlugin.stories.jsx[2m > [22m[2mRead Only With Layout
[22m[39m[TranslationModeController] Setting mode to: off
[90mstdout[2m | src/components/Editor3/plugins/LayoutPlugin.stories.jsx[2m > [22m[2mRead Only With Layout
[22m[39m[UnitContext] useEffect triggered {
  "authLoading": false,
  "hasUser": true,
  "id": "layout-plugin-story-unit",
  "userSub": "mock-user-sub",
}
[90mstdout[2m | src/components/Editor3/plugins/LayoutPlugin.stories.jsx[2m > [22m[2mRead Only With Layout
[22m[39m[UnitContext] Fetching unit data for id: layout-plugin-story-unit
[90mstdout[2m | src/components/Editor3/plugins/LayoutPlugin.stories.jsx[2m > [22m[2mRead Only With Layout
[22m[39m[FilesContext] Initializing vector store from IndexedDB
[90mstdout[2m | src/components/Editor3/plugins/LayoutPlugin.stories.jsx[2m > [22m[2mRead Only With Layout
[22m[39m[FilesContext] fetchFiles called
[90mstdout[2m | src/components/Editor3/plugins/LayoutPlugin.stories.jsx[2m > [22m[2mRead Only With Layout
[22m[39m[FilesContext] User authenticated: mock-user-sub
[90mstdout[2m | src/components/Editor3/plugins/LayoutPlugin.stories.jsx[2m > [22m[2mRead Only With Layout
[22m[39m[FilesContext] Identity ID: us-east-1:mock-identity-123
[90mstdout[2m | src/components/Editor3/plugins/LayoutPlugin.stories.jsx[2m > [22m[2mRead Only With Layout
[22m[39m[FilesContext] About to set up File observeQuery
[90mstdout[2m | src/components/Editor3/plugins/LayoutPlugin.stories.jsx[2m > [22m[2mRead Only With Layout
[22m[39m[ChatContext] Setting up AssistantChat observeQuery
[90mstdout[2m | src/components/Editor3/plugins/LayoutPlugin.stories.jsx[2m > [22m[2mRead Only With Layout
[22m[39m[ChatContext] Waiting for subscription to initialize
[90mstdout[2m | src/components/Editor3/plugins/LayoutPlugin.stories.jsx[2m > [22m[2mRead Only With Layout
[22m[39m[SettingsContext] Setting up Settings subscription for user: mock-user-sub
[90mstdout[2m | src/components/Editor3/plugins/LayoutPlugin.stories.jsx[2m > [22m[2mRead Only With Layout
[22m[39m[Mock Data] Settings created: mock-settings-1790416538354 - notified 0 subscribers
[90mstdout[2m | src/components/Editor3/plugins/LayoutPlugin.stories.jsx[2m > [22m[2mRead Only With Layout
[22m[39m[Mock Data] Unit.onUpdate() subscription added. Total: 1
[90mstdout[2m | src/components/Editor3/plugins/LayoutPlugin.stories.jsx[2m > [22m[2mRead Only With Layout
[22m[39m[SectionContext] Section observeQuery update: 0
[90mstdout[2m | src/components/Editor3/plugins/LayoutPlugin.stories.jsx[2m > [22m[2mRead Only With Layout
[22m[39m[Mock Storage] downloadData called with: undefined
[90mstdout[2m | src/components/Editor3/plugins/LayoutPlugin.stories.jsx[2m > [22m[2mRead Only With Layout
[22m[39m[FilesContext] File observeQuery update: 0 files
[90mstdout[2m | src/components/Editor3/plugins/LayoutPlugin.stories.jsx[2m > [22m[2mRead Only With Layout
[22m[39m[ChatContext] AssistantChat initialized with 0 chats
[90mstdout[2m | src/components/Editor3/plugins/LayoutPlugin.stories.jsx[2m > [22m[2mRead Only With Layout
[22m[39m[MOCK CourseVectorStore] Initialized with mock data
[90mstdout[2m | src/components/Editor3/plugins/LayoutPlugin.stories.jsx[2m > [22m[2mRead Only With Layout
[22m[39m[ChatContext] No current chat available, will create one
[90mstdout[2m | src/components/Editor3/plugins/LayoutPlugin.stories.jsx[2m > [22m[2mRead Only With Layout
[22m[39m[ChatContext] Creating AssistantChat with user: undefined
[90mstdout[2m | src/components/Editor3/plugins/LayoutPlugin.stories.jsx[2m > [22m[2mRead Only With Layout
[22m[39m[Mock Data] AssistantChat created: mock-assistantchat-1790416538364 - notified 1 subscribers
[90mstdout[2m | src/components/Editor3/plugins/LayoutPlugin.stories.jsx[2m > [22m[2mRead Only With Layout
[22m[39m[ChatContext] Create result: {
  "data": {
    "_version": 1,
    "archived": false,
    "chatFiles": [Function anonymous],
    "createdAt": "2026-09-26T09:55:38.364Z",
    "id": "mock-assistantchat-1790416538364",
    "model": "gpt-4",
    "updatedAt": "2026-09-26T09:55:38.364Z",
  },
  "errors": [],
  "hasData": true,
  "hasErrors": true,
}
[90mstdout[2m | src/components/Editor3/plugins/LayoutPlugin.stories.jsx[2m > [22m[2mRead Only With Layout
[22m[39m[ChatContext] Created AssistantChat: mock-assistantchat-1790416538364 at: 2026-09-26T09:55:38.364Z
[90mstdout[2m | src/components/Editor3/plugins/LayoutPlugin.stories.jsx[2m > [22m[2mRead Only With Layout
[22m[39m[ChatContext] Setting initial chat: mock-assistantchat-1790416538364
[90mstdout[2m | src/components/Editor3/plugins/LayoutPlugin.stories.jsx[2m > [22m[2mRead Only With Layout
[22m[39m[ChatContext] Chat exists and not archived, skipping creation
 [32m✓[39m [30m[45m storybook (chromium) [49m[39m src/components/Editor3/plugins/LayoutPlugin.stories.jsx [2m([22m[2m3 tests[22m[2m)[22m[33m 423[2mms[22m[39m
[90mstdout[2m | unknown test
[22m[39m[MOCK vectorStoreDB.js] Module loaded - mock IndexedDB operations
[90mstdout[2m | unknown test
[22m[39m[Task Completion] DOM action listeners initialized
[90mstdout[2m | unknown test
[22m[39m[Task Completion] Auto-completion detector initialized
[90mstdout[2m | unknown test
[22m[39m[Preview] Task completion detector initialized
[90mstdout[2m | src/components/Gamification/AvatarGlowRing.stories.tsx[2m > [22m[2mDefault
[22m[39m[TranslationModeController] Setting mode to: off
[90mstdout[2m | src/components/Gamification/AvatarGlowRing.stories.tsx[2m > [22m[2mColor Presets
[22m[39m[TranslationModeController] Setting mode to: off
[90mstdout[2m | src/components/Gamification/AvatarGlowRing.stories.tsx[2m > [22m[2mFast Rotation
[22m[39m[TranslationModeController] Setting mode to: off
[90mstdout[2m | src/components/Gamification/AvatarGlowRing.stories.tsx[2m > [22m[2mThick Ring
[22m[39m[TranslationModeController] Setting mode to: off
[90mstdout[2m | src/components/Gamification/AvatarGlowRing.stories.tsx[2m > [22m[2mExpired (No Ring)
[22m[39m[TranslationModeController] Setting mode to: off
[90mstdout[2m | src/components/Gamification/AvatarGlowRing.stories.tsx[2m > [22m[2mInactive
[22m[39m[TranslationModeController] Setting mode to: off
[90mstdout[2m | src/components/Gamification/AvatarGlowRing.stories.tsx[2m > [22m[2mSmall (Toolbar Size)
[22m[39m[TranslationModeController] Setting mode to: off
[90mstdout[2m | src/components/Gamification/AvatarGlowRing.stories.tsx[2m > [22m[2mVia DiceBearAvatar glowRing prop
[22m[39m[TranslationModeController] Setting mode to: off
 [32m✓[39m [30m[45m storybook (chromium) [49m[39m src/components/Gamification/AvatarGlowRing.stories.tsx [2m([22m[2m8 tests[22m[2m)[22m[33m 683[2mms[22m[39m
[90mstdout[2m | unknown test
[22m[39m[MOCK vectorStoreDB.js] Module loaded - mock IndexedDB operations
[90mstdout[2m | unknown test
[22m[39m[Task Completion] DOM action listeners initialized
[90mstdout[2m | unknown test
[22m[39m[Task Completion] Auto-completion detector initialized
[90mstdout[2m | unknown test
[22m[39m[Preview] Task completion detector initialized
[90mstdout[2m | src/stories/LearningModes.stories.tsx[2m > [22m[2mTutorial Mode Example
[22m[39m[MOCK CourseVectorStore] Initialized with mock data
[90mstdout[2m | src/stories/LearningModes.stories.tsx[2m > [22m[2mTutorial Mode Example
[22m[39m[TranslationModeController] Setting mode to: off
[90mstdout[2m | src/stories/LearningModes.stories.tsx[2m > [22m[2mTutorial Mode Example
[22m[39m[UnitContext] useEffect triggered {
  "authLoading": false,
  "hasUser": true,
  "id": "mock-unit-id",
  "userSub": "mock-user-sub",
}
[90mstdout[2m | src/stories/LearningModes.stories.tsx[2m > [22m[2mTutorial Mode Example
[22m[39m[UnitContext] Fetching unit data for id: mock-unit-id
[90mstdout[2m | src/stories/LearningModes.stories.tsx[2m > [22m[2mTutorial Mode Example
[22m[39m[FilesContext] Initializing vector store from IndexedDB
[90mstdout[2m | src/stories/LearningModes.stories.tsx[2m > [22m[2mTutorial Mode Example
[22m[39m[FilesContext] fetchFiles called
[90mstdout[2m | src/stories/LearningModes.stories.tsx[2m > [22m[2mTutorial Mode Example
[22m[39m[FilesContext] User authenticated: mock-user-sub
[90mstdout[2m | src/stories/LearningModes.stories.tsx[2m > [22m[2mTutorial Mode Example
[22m[39m[FilesContext] Identity ID: us-east-1:mock-identity-123
[90mstdout[2m | src/stories/LearningModes.stories.tsx[2m > [22m[2mTutorial Mode Example
[22m[39m[FilesContext] About to set up File observeQuery
[90mstdout[2m | src/stories/LearningModes.stories.tsx[2m > [22m[2mTutorial Mode Example
[22m[39m[ChatContext] Setting up AssistantChat observeQuery
[90mstdout[2m | src/stories/LearningModes.stories.tsx[2m > [22m[2mTutorial Mode Example
[22m[39m[ChatContext] Waiting for subscription to initialize
[90mstdout[2m | src/stories/LearningModes.stories.tsx[2m > [22m[2mTutorial Mode Example
[22m[39m[SettingsContext] Setting up Settings subscription for user: mock-user-sub
[90mstdout[2m | src/stories/LearningModes.stories.tsx[2m > [22m[2mTutorial Mode Example
[22m[39m[Mock Data] Settings created: mock-settings-1790416540531 - notified 0 subscribers
[90mstdout[2m | src/stories/LearningModes.stories.tsx[2m > [22m[2mTutorial Mode Example
[22m[39m[Mock Data] Unit.onUpdate() subscription added. Total: 1
[90mstdout[2m | src/stories/LearningModes.stories.tsx[2m > [22m[2mTutorial Mode Example
[22m[39m[SectionContext] Section observeQuery update: 0
[90mstdout[2m | src/stories/LearningModes.stories.tsx[2m > [22m[2mTutorial Mode Example
[22m[39m[FilesContext] File observeQuery update: 6 files
[90mstdout[2m | src/stories/LearningModes.stories.tsx[2m > [22m[2mTutorial Mode Example
[22m[39m[ChatContext] AssistantChat initialized with 1 chats
[90mstdout[2m | src/stories/LearningModes.stories.tsx[2m > [22m[2mTutorial Mode Example
[22m[39m[ChatContext] Setting initial chat: mock-assistant-chat-1
[90mstdout[2m | src/stories/LearningModes.stories.tsx[2m > [22m[2mTutorial Mode Example
[22m[39m[MOCK CourseVectorStore] Initialized with mock data
[90mstdout[2m | src/stories/LearningModes.stories.tsx[2m > [22m[2mTutorial Mode Example
[22m[39m[FilesContext] Vector store population triggered {
  "currentVectorStoreSize": 3,
  "documentsCount": 0,
  "filesCount": 6,
  "isInitialLoad": true,
}
[90mstdout[2m | src/stories/LearningModes.stories.tsx[2m > [22m[2mTutorial Mode Example
[22m[39m[FilesContext] Vector store population complete - 3 total embeddings
[90mstdout[2m | src/stories/LearningModes.stories.tsx[2m > [22m[2mTutorial Mode Example
[22m[39m[ChatContext] Chat exists and not archived, skipping creation
[90mstdout[2m | src/stories/LearningModes.stories.tsx[2m > [22m[2mTutorial Mode Example
[22m[39m[Mock Storage] downloadData called with: undefined
[90mstdout[2m | src/stories/LearningModes.stories.tsx[2m > [22m[2mQuiz Mode Example
[22m[39m[ChatContext] Cleaning up subscriptions
[90mstdout[2m | src/stories/LearningModes.stories.tsx[2m > [22m[2mQuiz Mode Example
[22m[39m[Mock Data] Unit.onUpdate() subscription removed. Remaining: 0
[90mstdout[2m | src/stories/LearningModes.stories.tsx[2m > [22m[2mQuiz Mode Example
[22m[39m[MOCK CourseVectorStore] Initialized with mock data
[90mstdout[2m | src/stories/LearningModes.stories.tsx[2m > [22m[2mQuiz Mode Example
[22m[39m[TranslationModeController] Setting mode to: off
[90mstdout[2m | src/stories/LearningModes.stories.tsx[2m > [22m[2mQuiz Mode Example
[22m[39m[UnitContext] useEffect triggered {
  "authLoading": false,
  "hasUser": true,
  "id": "mock-unit-id",
  "userSub": "mock-user-sub",
}
[90mstdout[2m | src/stories/LearningModes.stories.tsx[2m > [22m[2mQuiz Mode Example
[22m[39m[UnitContext] Fetching unit data for id: mock-unit-id
[90mstdout[2m | src/stories/LearningModes.stories.tsx[2m > [22m[2mQuiz Mode Example
[22m[39m[FilesContext] Initializing vector store from IndexedDB
[90mstdout[2m | src/stories/LearningModes.stories.tsx[2m > [22m[2mQuiz Mode Example
[22m[39m[FilesContext] fetchFiles called
[90mstdout[2m | src/stories/LearningModes.stories.tsx[2m > [22m[2mQuiz Mode Example
[22m[39m[FilesContext] User authenticated: mock-user-sub
[90mstdout[2m | src/stories/LearningModes.stories.tsx[2m > [22m[2mQuiz Mode Example
[22m[39m[FilesContext] Identity ID: us-east-1:mock-identity-123
[90mstdout[2m | src/stories/LearningModes.stories.tsx[2m > [22m[2mQuiz Mode Example
[22m[39m[FilesContext] About to set up File observeQuery
[90mstdout[2m | src/stories/LearningModes.stories.tsx[2m > [22m[2mQuiz Mode Example
[22m[39m[ChatContext] Setting up AssistantChat observeQuery
[90mstdout[2m | src/stories/LearningModes.stories.tsx[2m > [22m[2mQuiz Mode Example
[22m[39m[ChatContext] Waiting for subscription to initialize
[90mstdout[2m | src/stories/LearningModes.stories.tsx[2m > [22m[2mQuiz Mode Example
[22m[39m[SettingsContext] Setting up Settings subscription for user: mock-user-sub
[90mstdout[2m | src/stories/LearningModes.stories.tsx[2m > [22m[2mQuiz Mode Example
[22m[39m[Mock Data] Settings created: mock-settings-1790416540699 - notified 0 subscribers
[90mstdout[2m | src/stories/LearningModes.stories.tsx[2m > [22m[2mQuiz Mode Example
[22m[39m[Mock Data] Unit.onUpdate() subscription added. Total: 1
[90mstdout[2m | src/stories/LearningModes.stories.tsx[2m > [22m[2mQuiz Mode Example
[22m[39m[SectionContext] Section observeQuery update: 0
[90mstdout[2m | src/stories/LearningModes.stories.tsx[2m > [22m[2mQuiz Mode Example
[22m[39m[FilesContext] File observeQuery update: 6 files
[90mstdout[2m | src/stories/LearningModes.stories.tsx[2m > [22m[2mQuiz Mode Example
[22m[39m[ChatContext] AssistantChat initialized with 1 chats
[90mstdout[2m | src/stories/LearningModes.stories.tsx[2m > [22m[2mQuiz Mode Example
[22m[39m[ChatContext] Setting initial chat: mock-assistant-chat-1
[90mstdout[2m | src/stories/LearningModes.stories.tsx[2m > [22m[2mQuiz Mode Example
[22m[39m[MOCK CourseVectorStore] Initialized with mock data
[90mstdout[2m | src/stories/LearningModes.stories.tsx[2m > [22m[2mQuiz Mode Example
[22m[39m[FilesContext] Vector store population triggered {
  "currentVectorStoreSize": 3,
  "documentsCount": 0,
  "filesCount": 6,
  "isInitialLoad": true,
}
[90mstdout[2m | src/stories/LearningModes.stories.tsx[2m > [22m[2mQuiz Mode Example
[22m[39m[FilesContext] Vector store population complete - 3 total embeddings
[90mstdout[2m | src/stories/LearningModes.stories.tsx[2m > [22m[2mQuiz Mode Example
[22m[39m[ChatContext] Chat exists and not archived, skipping creation
[90mstdout[2m | src/stories/LearningModes.stories.tsx[2m > [22m[2mQuiz Mode Example
[22m[39m[Mock Storage] downloadData called with: undefined
[90mstdout[2m | src/stories/LearningModes.stories.tsx[2m > [22m[2mMultiple Tutorial Steps
[22m[39m[ChatContext] Cleaning up subscriptions
[90mstdout[2m | src/stories/LearningModes.stories.tsx[2m > [22m[2mMultiple Tutorial Steps
[22m[39m[Mock Data] Unit.onUpdate() subscription removed. Remaining: 0
[90mstdout[2m | src/stories/LearningModes.stories.tsx[2m > [22m[2mMultiple Tutorial Steps
[22m[39m[MOCK CourseVectorStore] Initialized with mock data
[90mstdout[2m | src/stories/LearningModes.stories.tsx[2m > [22m[2mMultiple Tutorial Steps
[22m[39m[TranslationModeController] Setting mode to: off
[90mstdout[2m | src/stories/LearningModes.stories.tsx[2m > [22m[2mMultiple Tutorial Steps
[22m[39m[UnitContext] useEffect triggered {
  "authLoading": false,
  "hasUser": true,
  "id": "mock-unit-id",
  "userSub": "mock-user-sub",
}
[90mstdout[2m | src/stories/LearningModes.stories.tsx[2m > [22m[2mMultiple Tutorial Steps
[22m[39m[UnitContext] Fetching unit data for id: mock-unit-id
[90mstdout[2m | src/stories/LearningModes.stories.tsx[2m > [22m[2mMultiple Tutorial Steps
[22m[39m[FilesContext] Initializing vector store from IndexedDB
[90mstdout[2m | src/stories/LearningModes.stories.tsx[2m > [22m[2mMultiple Tutorial Steps
[22m[39m[FilesContext] fetchFiles called
[90mstdout[2m | src/stories/LearningModes.stories.tsx[2m > [22m[2mMultiple Tutorial Steps
[22m[39m[FilesContext] User authenticated: mock-user-sub
[90mstdout[2m | src/stories/LearningModes.stories.tsx[2m > [22m[2mMultiple Tutorial Steps
[22m[39m[FilesContext] Identity ID: us-east-1:mock-identity-123
[90mstdout[2m | src/stories/LearningModes.stories.tsx[2m > [22m[2mMultiple Tutorial Steps
[22m[39m[FilesContext] About to set up File observeQuery
[90mstdout[2m | src/stories/LearningModes.stories.tsx[2m > [22m[2mMultiple Tutorial Steps
[22m[39m[ChatContext] Setting up AssistantChat observeQuery
[90mstdout[2m | src/stories/LearningModes.stories.tsx[2m > [22m[2mMultiple Tutorial Steps
[22m[39m[ChatContext] Waiting for subscription to initialize
[90mstdout[2m | src/stories/LearningModes.stories.tsx[2m > [22m[2mMultiple Tutorial Steps
[22m[39m[SettingsContext] Setting up Settings subscription for user: mock-user-sub
[90mstdout[2m | src/stories/LearningModes.stories.tsx[2m > [22m[2mMultiple Tutorial Steps
[22m[39m[Mock Data] Settings created: mock-settings-1790416540817 - notified 0 subscribers
[90mstdout[2m | src/stories/LearningModes.stories.tsx[2m > [22m[2mMultiple Tutorial Steps
[22m[39m[Mock Data] Unit.onUpdate() subscription added. Total: 1
[90mstdout[2m | src/stories/LearningModes.stories.tsx[2m > [22m[2mMultiple Tutorial Steps
[22m[39m[SectionContext] Section observeQuery update: 0
[90mstdout[2m | src/stories/LearningModes.stories.tsx[2m > [22m[2mMultiple Tutorial Steps
[22m[39m[FilesContext] File observeQuery update: 6 files
[90mstdout[2m | src/stories/LearningModes.stories.tsx[2m > [22m[2mMultiple Tutorial Steps
[22m[39m[ChatContext] AssistantChat initialized with 1 chats
[90mstdout[2m | src/stories/LearningModes.stories.tsx[2m > [22m[2mMultiple Tutorial Steps
[22m[39m[ChatContext] Setting initial chat: mock-assistant-chat-1
[90mstdout[2m | src/stories/LearningModes.stories.tsx[2m > [22m[2mMultiple Tutorial Steps
[22m[39m[MOCK CourseVectorStore] Initialized with mock data
[90mstdout[2m | src/stories/LearningModes.stories.tsx[2m > [22m[2mMultiple Tutorial Steps
[22m[39m[FilesContext] Vector store population triggered {
  "currentVectorStoreSize": 3,
  "documentsCount": 0,
  "filesCount": 6,
  "isInitialLoad": true,
}
[90mstdout[2m | src/stories/LearningModes.stories.tsx[2m > [22m[2mMultiple Tutorial Steps
[22m[39m[FilesContext] Vector store population complete - 3 total embeddings
[90mstdout[2m | src/stories/LearningModes.stories.tsx[2m > [22m[2mMultiple Tutorial Steps
[22m[39m[ChatContext] Chat exists and not archived, skipping creation
[90mstdout[2m | src/stories/LearningModes.stories.tsx[2m > [22m[2mMultiple Tutorial Steps
[22m[39m[Mock Storage] downloadData called with: undefined
[90mstdout[2m | src/stories/LearningModes.stories.tsx[2m > [22m[2mAuto Complete Tutorial
[22m[39m[ChatContext] Cleaning up subscriptions
[90mstdout[2m | src/stories/LearningModes.stories.tsx[2m > [22m[2mAuto Complete Tutorial
[22m[39m[Mock Data] Unit.onUpdate() subscription removed. Remaining: 0
[90mstdout[2m | src/stories/LearningModes.stories.tsx[2m > [22m[2mAuto Complete Tutorial
[22m[39m[MOCK CourseVectorStore] Initialized with mock data
[90mstdout[2m | src/stories/LearningModes.stories.tsx[2m > [22m[2mAuto Complete Tutorial
[22m[39m[TranslationModeController] Setting mode to: off
[90mstdout[2m | src/stories/LearningModes.stories.tsx[2m > [22m[2mAuto Complete Tutorial
[22m[39m[UnitContext] useEffect triggered {
  "authLoading": false,
  "hasUser": true,
  "id": "mock-unit-id",
  "userSub": "mock-user-sub",
}
[90mstdout[2m | src/stories/LearningModes.stories.tsx[2m > [22m[2mAuto Complete Tutorial
[22m[39m[UnitContext] Fetching unit data for id: mock-unit-id
[90mstdout[2m | src/stories/LearningModes.stories.tsx[2m > [22m[2mAuto Complete Tutorial
[22m[39m[FilesContext] Initializing vector store from IndexedDB
[90mstdout[2m | src/stories/LearningModes.stories.tsx[2m > [22m[2mAuto Complete Tutorial
[22m[39m[FilesContext] fetchFiles called
[90mstdout[2m | src/stories/LearningModes.stories.tsx[2m > [22m[2mAuto Complete Tutorial
[22m[39m[FilesContext] User authenticated: mock-user-sub
[90mstdout[2m | src/stories/LearningModes.stories.tsx[2m > [22m[2mAuto Complete Tutorial
[22m[39m[FilesContext] Identity ID: us-east-1:mock-identity-123
[90mstdout[2m | src/stories/LearningModes.stories.tsx[2m > [22m[2mAuto Complete Tutorial
[22m[39m[FilesContext] About to set up File observeQuery
[90mstdout[2m | src/stories/LearningModes.stories.tsx[2m > [22m[2mAuto Complete Tutorial
[22m[39m[ChatContext] Setting up AssistantChat observeQuery
[90mstdout[2m | src/stories/LearningModes.stories.tsx[2m > [22m[2mAuto Complete Tutorial
[22m[39m[ChatContext] Waiting for subscription to initialize
[90mstdout[2m | src/stories/LearningModes.stories.tsx[2m > [22m[2mAuto Complete Tutorial
[22m[39m[SettingsContext] Setting up Settings subscription for user: mock-user-sub
[90mstdout[2m | src/stories/LearningModes.stories.tsx[2m > [22m[2mAuto Complete Tutorial
[22m[39m[Mock Data] Settings created: mock-settings-1790416540936 - notified 0 subscribers
[90mstdout[2m | src/stories/LearningModes.stories.tsx[2m > [22m[2mAuto Complete Tutorial
[22m[39m[Mock Data] Unit.onUpdate() subscription added. Total: 1
[90mstdout[2m | src/stories/LearningModes.stories.tsx[2m > [22m[2mAuto Complete Tutorial
[22m[39m[SectionContext] Section observeQuery update: 0
[90mstdout[2m | src/stories/LearningModes.stories.tsx[2m > [22m[2mAuto Complete Tutorial
[22m[39m[FilesContext] File observeQuery update: 6 files
[90mstdout[2m | src/stories/LearningModes.stories.tsx[2m > [22m[2mAuto Complete Tutorial
[22m[39m[ChatContext] AssistantChat initialized with 1 chats
[90mstdout[2m | src/stories/LearningModes.stories.tsx[2m > [22m[2mAuto Complete Tutorial
[22m[39m[ChatContext] Setting initial chat: mock-assistant-chat-1
[90mstdout[2m | src/stories/LearningModes.stories.tsx[2m > [22m[2mAuto Complete Tutorial
[22m[39m[Mock Storage] downloadData called with: undefined
[90mstdout[2m | src/stories/LearningModes.stories.tsx[2m > [22m[2mAuto Complete Tutorial
[22m[39m[MOCK CourseVectorStore] Initialized with mock data
[90mstdout[2m | src/stories/LearningModes.stories.tsx[2m > [22m[2mAuto Complete Tutorial
[22m[39m[FilesContext] Vector store population triggered {
  "currentVectorStoreSize": 3,
  "documentsCount": 0,
  "filesCount": 6,
  "isInitialLoad": true,
}
[90mstdout[2m | src/stories/LearningModes.stories.tsx[2m > [22m[2mAuto Complete Tutorial
[22m[39m[FilesContext] Vector store population complete - 3 total embeddings
[90mstdout[2m | src/stories/LearningModes.stories.tsx[2m > [22m[2mAuto Complete Tutorial
[22m[39m[ChatContext] Chat exists and not archived, skipping creation
 [32m✓[39m [30m[45m storybook (chromium) [49m[39m src/stories/LearningModes.stories.tsx [2m([22m[2m4 tests[22m[2m)[22m[33m 531[2mms[22m[39m
[90mstdout[2m | unknown test
[22m[39m[MOCK vectorStoreDB.js] Module loaded - mock IndexedDB operations
[90mstdout[2m | unknown test
[22m[39m[Task Completion] DOM action listeners initialized
[90mstdout[2m | unknown test
[22m[39m[Task Completion] Auto-completion detector initialized
[90mstdout[2m | unknown test
[22m[39m[Preview] Task completion detector initialized
[90mstdout[2m | src/components/Gamification/SectionXPGauge.stories.tsx[2m > [22m[2mFew Units
[22m[39m[TranslationModeController] Setting mode to: off
[90mstdout[2m | src/components/Gamification/SectionXPGauge.stories.tsx[2m > [22m[2mModerate Units
[22m[39m[TranslationModeController] Setting mode to: off
[90mstdout[2m | src/components/Gamification/SectionXPGauge.stories.tsx[2m > [22m[2mMany Units
[22m[39m[TranslationModeController] Setting mode to: off
[90mstdout[2m | src/components/Gamification/SectionXPGauge.stories.tsx[2m > [22m[2mCustom Level Config
[22m[39m[TranslationModeController] Setting mode to: off
[90mstdout[2m | src/components/Gamification/SectionXPGauge.stories.tsx[2m > [22m[2mWith Multipliers
[22m[39m[TranslationModeController] Setting mode to: off
[90mstdout[2m | src/components/Gamification/SectionXPGauge.stories.tsx[2m > [22m[2mAll Levels Reachable
[22m[39m[TranslationModeController] Setting mode to: off
[90mstdout[2m | src/components/Gamification/SectionXPGauge.stories.tsx[2m > [22m[2mNo Tuner
[22m[39m[TranslationModeController] Setting mode to: off
 [32m✓[39m [30m[45m storybook (chromium) [49m[39m src/components/Gamification/SectionXPGauge.stories.tsx [2m([22m[2m7 tests[22m[2m)[22m[33m 1166[2mms[22m[39m
[90mstdout[2m | unknown test
[22m[39m[MOCK vectorStoreDB.js] Module loaded - mock IndexedDB operations
[90mstdout[2m | unknown test
[22m[39m[Task Completion] DOM action listeners initialized
[90mstdout[2m | unknown test
[22m[39m[Task Completion] Auto-completion detector initialized
[90mstdout[2m | unknown test
[22m[39m[Preview] Task completion detector initialized
[90mstdout[2m | src/components/Workbook/CommentGutterIcon.stories.tsx[2m > [22m[2mNo Comments
[22m[39m[MOCK CourseVectorStore] Initialized with mock data
[90mstdout[2m | src/components/Workbook/CommentGutterIcon.stories.tsx[2m > [22m[2mNo Comments
[22m[39m[TranslationModeController] Setting mode to: off
[90mstdout[2m | src/components/Workbook/CommentGutterIcon.stories.tsx[2m > [22m[2mNo Comments
[22m[39m[UnitContext] useEffect triggered {
  "authLoading": false,
  "hasUser": true,
  "id": "mock-unit-id",
  "userSub": "mock-user-sub",
}
[90mstdout[2m | src/components/Workbook/CommentGutterIcon.stories.tsx[2m > [22m[2mNo Comments
[22m[39m[UnitContext] Fetching unit data for id: mock-unit-id
[90mstdout[2m | src/components/Workbook/CommentGutterIcon.stories.tsx[2m > [22m[2mNo Comments
[22m[39m[FilesContext] Initializing vector store from IndexedDB
[90mstdout[2m | src/components/Workbook/CommentGutterIcon.stories.tsx[2m > [22m[2mNo Comments
[22m[39m[FilesContext] fetchFiles called
[90mstdout[2m | src/components/Workbook/CommentGutterIcon.stories.tsx[2m > [22m[2mNo Comments
[22m[39m[FilesContext] User authenticated: mock-user-sub
[90mstdout[2m | src/components/Workbook/CommentGutterIcon.stories.tsx[2m > [22m[2mNo Comments
[22m[39m[FilesContext] Identity ID: us-east-1:mock-identity-123
[90mstdout[2m | src/components/Workbook/CommentGutterIcon.stories.tsx[2m > [22m[2mNo Comments
[22m[39m[FilesContext] About to set up File observeQuery
[90mstdout[2m | src/components/Workbook/CommentGutterIcon.stories.tsx[2m > [22m[2mNo Comments
[22m[39m[ChatContext] Setting up AssistantChat observeQuery
[90mstdout[2m | src/components/Workbook/CommentGutterIcon.stories.tsx[2m > [22m[2mNo Comments
[22m[39m[ChatContext] Waiting for subscription to initialize
[90mstdout[2m | src/components/Workbook/CommentGutterIcon.stories.tsx[2m > [22m[2mNo Comments
[22m[39m[SettingsContext] Setting up Settings subscription for user: mock-user-sub
[90mstdout[2m | src/components/Workbook/CommentGutterIcon.stories.tsx[2m > [22m[2mNo Comments
[22m[39m[Mock Data] Settings created: mock-settings-1790416543426 - notified 0 subscribers
[90mstdout[2m | src/components/Workbook/CommentGutterIcon.stories.tsx[2m > [22m[2mNo Comments
[22m[39m[Mock Data] Unit.onUpdate() subscription added. Total: 1
[90mstdout[2m | src/components/Workbook/CommentGutterIcon.stories.tsx[2m > [22m[2mNo Comments
[22m[39m[SectionContext] Section observeQuery update: 0
[90mstdout[2m | src/components/Workbook/CommentGutterIcon.stories.tsx[2m > [22m[2mNo Comments
[22m[39m[FilesContext] File observeQuery update: 6 files
[90mstdout[2m | src/components/Workbook/CommentGutterIcon.stories.tsx[2m > [22m[2mNo Comments
[22m[39m[ChatContext] AssistantChat initialized with 1 chats
[90mstdout[2m | src/components/Workbook/CommentGutterIcon.stories.tsx[2m > [22m[2mNo Comments
[22m[39m[ChatContext] Setting initial chat: mock-assistant-chat-1
[90mstdout[2m | src/components/Workbook/CommentGutterIcon.stories.tsx[2m > [22m[2mNo Comments
[22m[39m[Mock Storage] downloadData called with: undefined
[90mstdout[2m | src/components/Workbook/CommentGutterIcon.stories.tsx[2m > [22m[2mNo Comments
[22m[39m[MOCK CourseVectorStore] Initialized with mock data
[90mstdout[2m | src/components/Workbook/CommentGutterIcon.stories.tsx[2m > [22m[2mNo Comments
[22m[39m[FilesContext] Vector store population triggered {
  "currentVectorStoreSize": 3,
  "documentsCount": 0,
  "filesCount": 6,
  "isInitialLoad": true,
}
[90mstdout[2m | src/components/Workbook/CommentGutterIcon.stories.tsx[2m > [22m[2mNo Comments
[22m[39m[FilesContext] Vector store population complete - 3 total embeddings
[90mstdout[2m | src/components/Workbook/CommentGutterIcon.stories.tsx[2m > [22m[2mNo Comments
[22m[39m[ChatContext] Chat exists and not archived, skipping creation
[90mstdout[2m | src/components/Workbook/CommentGutterIcon.stories.tsx[2m > [22m[2mWith Comments
[22m[39m[ChatContext] Cleaning up subscriptions
[90mstdout[2m | src/components/Workbook/CommentGutterIcon.stories.tsx[2m > [22m[2mWith Comments
[22m[39m[Mock Data] Unit.onUpdate() subscription removed. Remaining: 0
[90mstdout[2m | src/components/Workbook/CommentGutterIcon.stories.tsx[2m > [22m[2mWith Comments
[22m[39m[MOCK CourseVectorStore] Initialized with mock data
[90mstdout[2m | src/components/Workbook/CommentGutterIcon.stories.tsx[2m > [22m[2mWith Comments
[22m[39m[TranslationModeController] Setting mode to: off
[90mstdout[2m | src/components/Workbook/CommentGutterIcon.stories.tsx[2m > [22m[2mWith Comments
[22m[39m[UnitContext] useEffect triggered {
  "authLoading": false,
  "hasUser": true,
  "id": "mock-unit-id",
  "userSub": "mock-user-sub",
}
[90mstdout[2m | src/components/Workbook/CommentGutterIcon.stories.tsx[2m > [22m[2mWith Comments
[22m[39m[UnitContext] Fetching unit data for id: mock-unit-id
[90mstdout[2m | src/components/Workbook/CommentGutterIcon.stories.tsx[2m > [22m[2mWith Comments
[22m[39m[FilesContext] Initializing vector store from IndexedDB
[90mstdout[2m | src/components/Workbook/CommentGutterIcon.stories.tsx[2m > [22m[2mWith Comments
[22m[39m[FilesContext] fetchFiles called
[90mstdout[2m | src/components/Workbook/CommentGutterIcon.stories.tsx[2m > [22m[2mWith Comments
[22m[39m[FilesContext] User authenticated: mock-user-sub
[90mstdout[2m | src/components/Workbook/CommentGutterIcon.stories.tsx[2m > [22m[2mWith Comments
[22m[39m[FilesContext] Identity ID: us-east-1:mock-identity-123
[90mstdout[2m | src/components/Workbook/CommentGutterIcon.stories.tsx[2m > [22m[2mWith Comments
[22m[39m[FilesContext] About to set up File observeQuery
[90mstdout[2m | src/components/Workbook/CommentGutterIcon.stories.tsx[2m > [22m[2mWith Comments
[22m[39m[ChatContext] Setting up AssistantChat observeQuery
[90mstdout[2m | src/components/Workbook/CommentGutterIcon.stories.tsx[2m > [22m[2mWith Comments
[22m[39m[ChatContext] Waiting for subscription to initialize
[90mstdout[2m | src/components/Workbook/CommentGutterIcon.stories.tsx[2m > [22m[2mWith Comments
[22m[39m[SettingsContext] Setting up Settings subscription for user: mock-user-sub
[90mstdout[2m | src/components/Workbook/CommentGutterIcon.stories.tsx[2m > [22m[2mWith Comments
[22m[39m[Mock Data] Settings created: mock-settings-1790416543537 - notified 0 subscribers
[90mstdout[2m | src/components/Workbook/CommentGutterIcon.stories.tsx[2m > [22m[2mWith Comments
[22m[39m[Mock Data] Unit.onUpdate() subscription added. Total: 1
[90mstdout[2m | src/components/Workbook/CommentGutterIcon.stories.tsx[2m > [22m[2mWith Comments
[22m[39m[SectionContext] Section observeQuery update: 0
[90mstdout[2m | src/components/Workbook/CommentGutterIcon.stories.tsx[2m > [22m[2mWith Comments
[22m[39m[FilesContext] File observeQuery update: 6 files
[90mstdout[2m | src/components/Workbook/CommentGutterIcon.stories.tsx[2m > [22m[2mWith Comments
[22m[39m[ChatContext] AssistantChat initialized with 1 chats
[90mstdout[2m | src/components/Workbook/CommentGutterIcon.stories.tsx[2m > [22m[2mWith Comments
[22m[39m[ChatContext] Setting initial chat: mock-assistant-chat-1
[90mstdout[2m | src/components/Workbook/CommentGutterIcon.stories.tsx[2m > [22m[2mWith Comments
[22m[39m[Mock Storage] downloadData called with: undefined
[90mstdout[2m | src/components/Workbook/CommentGutterIcon.stories.tsx[2m > [22m[2mWith Comments
[22m[39m[MOCK CourseVectorStore] Initialized with mock data
[90mstdout[2m | src/components/Workbook/CommentGutterIcon.stories.tsx[2m > [22m[2mWith Comments
[22m[39m[FilesContext] Vector store population triggered {
  "currentVectorStoreSize": 3,
  "documentsCount": 0,
  "filesCount": 6,
  "isInitialLoad": true,
}
[90mstdout[2m | src/components/Workbook/CommentGutterIcon.stories.tsx[2m > [22m[2mWith Comments
[22m[39m[FilesContext] Vector store population complete - 3 total embeddings
[90mstdout[2m | src/components/Workbook/CommentGutterIcon.stories.tsx[2m > [22m[2mWith Comments
[22m[39m[ChatContext] Chat exists and not archived, skipping creation
[90mstdout[2m | src/components/Workbook/CommentGutterIcon.stories.tsx[2m > [22m[2mAll Resolved
[22m[39m[ChatContext] Cleaning up subscriptions
[90mstdout[2m | src/components/Workbook/CommentGutterIcon.stories.tsx[2m > [22m[2mAll Resolved
[22m[39m[Mock Data] Unit.onUpdate() subscription removed. Remaining: 0
[90mstdout[2m | src/components/Workbook/CommentGutterIcon.stories.tsx[2m > [22m[2mAll Resolved
[22m[39m[MOCK CourseVectorStore] Initialized with mock data
[90mstdout[2m | src/components/Workbook/CommentGutterIcon.stories.tsx[2m > [22m[2mAll Resolved
[22m[39m[TranslationModeController] Setting mode to: off
[90mstdout[2m | src/components/Workbook/CommentGutterIcon.stories.tsx[2m > [22m[2mAll Resolved
[22m[39m[UnitContext] useEffect triggered {
  "authLoading": false,
  "hasUser": true,
  "id": "mock-unit-id",
  "userSub": "mock-user-sub",
}
[90mstdout[2m | src/components/Workbook/CommentGutterIcon.stories.tsx[2m > [22m[2mAll Resolved
[22m[39m[UnitContext] Fetching unit data for id: mock-unit-id
[90mstdout[2m | src/components/Workbook/CommentGutterIcon.stories.tsx[2m > [22m[2mAll Resolved
[22m[39m[FilesContext] Initializing vector store from IndexedDB
[90mstdout[2m | src/components/Workbook/CommentGutterIcon.stories.tsx[2m > [22m[2mAll Resolved
[22m[39m[FilesContext] fetchFiles called
[90mstdout[2m | src/components/Workbook/CommentGutterIcon.stories.tsx[2m > [22m[2mAll Resolved
[22m[39m[FilesContext] User authenticated: mock-user-sub
[90mstdout[2m | src/components/Workbook/CommentGutterIcon.stories.tsx[2m > [22m[2mAll Resolved
[22m[39m[FilesContext] Identity ID: us-east-1:mock-identity-123
[90mstdout[2m | src/components/Workbook/CommentGutterIcon.stories.tsx[2m > [22m[2mAll Resolved
[22m[39m[FilesContext] About to set up File observeQuery
[90mstdout[2m | src/components/Workbook/CommentGutterIcon.stories.tsx[2m > [22m[2mAll Resolved
[22m[39m[ChatContext] Setting up AssistantChat observeQuery
[90mstdout[2m | src/components/Workbook/CommentGutterIcon.stories.tsx[2m > [22m[2mAll Resolved
[22m[39m[ChatContext] Waiting for subscription to initialize
[90mstdout[2m | src/components/Workbook/CommentGutterIcon.stories.tsx[2m > [22m[2mAll Resolved
[22m[39m[SettingsContext] Setting up Settings subscription for user: mock-user-sub
[90mstdout[2m | src/components/Workbook/CommentGutterIcon.stories.tsx[2m > [22m[2mAll Resolved
[22m[39m[Mock Data] Settings created: mock-settings-1790416543649 - notified 0 subscribers
[90mstdout[2m | src/components/Workbook/CommentGutterIcon.stories.tsx[2m > [22m[2mAll Resolved
[22m[39m[Mock Data] Unit.onUpdate() subscription added. Total: 1
[90mstdout[2m | src/components/Workbook/CommentGutterIcon.stories.tsx[2m > [22m[2mAll Resolved
[22m[39m[SectionContext] Section observeQuery update: 0
[90mstdout[2m | src/components/Workbook/CommentGutterIcon.stories.tsx[2m > [22m[2mAll Resolved
[22m[39m[FilesContext] File observeQuery update: 6 files
[90mstdout[2m | src/components/Workbook/CommentGutterIcon.stories.tsx[2m > [22m[2mAll Resolved
[22m[39m[ChatContext] AssistantChat initialized with 1 chats
[90mstdout[2m | src/components/Workbook/CommentGutterIcon.stories.tsx[2m > [22m[2mAll Resolved
[22m[39m[ChatContext] Setting initial chat: mock-assistant-chat-1
[90mstdout[2m | src/components/Workbook/CommentGutterIcon.stories.tsx[2m > [22m[2mAll Resolved
[22m[39m[Mock Storage] downloadData called with: undefined
[90mstdout[2m | src/components/Workbook/CommentGutterIcon.stories.tsx[2m > [22m[2mAll Resolved
[22m[39m[MOCK CourseVectorStore] Initialized with mock data
[90mstdout[2m | src/components/Workbook/CommentGutterIcon.stories.tsx[2m > [22m[2mAll Resolved
[22m[39m[FilesContext] Vector store population triggered {
  "currentVectorStoreSize": 3,
  "documentsCount": 0,
  "filesCount": 6,
  "isInitialLoad": true,
}
[90mstdout[2m | src/components/Workbook/CommentGutterIcon.stories.tsx[2m > [22m[2mAll Resolved
[22m[39m[FilesContext] Vector store population complete - 3 total embeddings
[90mstdout[2m | src/components/Workbook/CommentGutterIcon.stories.tsx[2m > [22m[2mAll Resolved
[22m[39m[ChatContext] Chat exists and not archived, skipping creation
 [32m✓[39m [30m[45m storybook (chromium) [49m[39m src/components/Workbook/CommentGutterIcon.stories.tsx [2m([22m[2m3 tests[22m[2m)[22m[33m 313[2mms[22m[39m
[90mstdout[2m | unknown test
[22m[39m[MOCK vectorStoreDB.js] Module loaded - mock IndexedDB operations
[90mstdout[2m | unknown test
[22m[39m[Task Completion] DOM action listeners initialized
[90mstdout[2m | unknown test
[22m[39m[Task Completion] Auto-completion detector initialized
[90mstdout[2m | unknown test
[22m[39m[Preview] Task completion detector initialized
[90mstdout[2m | src/components/Gamification/EasterEggTrigger.stories.tsx[2m > [22m[2mDefault
[22m[39m[TranslationModeController] Setting mode to: off
[90mstdout[2m | src/components/Gamification/EasterEggTrigger.stories.tsx[2m > [22m[2mAlready Found
[22m[39m[TranslationModeController] Setting mode to: off
 [32m✓[39m [30m[45m storybook (chromium) [49m[39m src/components/Gamification/EasterEggTrigger.stories.tsx [2m([22m[2m2 tests[22m[2m)[22m[32m 155[2mms[22m[39m
[90mstdout[2m | unknown test
[22m[39m[MOCK vectorStoreDB.js] Module loaded - mock IndexedDB operations
[90mstdout[2m | unknown test
[22m[39m[Task Completion] DOM action listeners initialized
[90mstdout[2m | unknown test
[22m[39m[Task Completion] Auto-completion detector initialized
[90mstdout[2m | unknown test
[22m[39m[Preview] Task completion detector initialized
[90mstdout[2m | src/components/RecordingStudio3/HorizontalTimeline.stories.tsx[2m > [22m[2mTwo Speakers
[22m[39m[TranslationModeController] Setting mode to: off
[90mstdout[2m | src/components/RecordingStudio3/HorizontalTimeline.stories.tsx[2m > [22m[2mThree Speakers
[22m[39m[TranslationModeController] Setting mode to: off
[90mstdout[2m | src/components/RecordingStudio3/HorizontalTimeline.stories.tsx[2m > [22m[2mEmpty Timeline
[22m[39m[TranslationModeController] Setting mode to: off
[90mstdout[2m | src/components/RecordingStudio3/HorizontalTimeline.stories.tsx[2m > [22m[2mRecording State
[22m[39m[TranslationModeController] Setting mode to: off
 [32m✓[39m [30m[45m storybook (chromium) [49m[39m src/components/RecordingStudio3/HorizontalTimeline.stories.tsx [2m([22m[2m4 tests[22m[2m)[22m[33m 736[2mms[22m[39m
[90mstdout[2m | unknown test
[22m[39m[MOCK vectorStoreDB.js] Module loaded - mock IndexedDB operations
[90mstdout[2m | unknown test
[22m[39m[Task Completion] DOM action listeners initialized
[90mstdout[2m | unknown test
[22m[39m[Task Completion] Auto-completion detector initialized
[90mstdout[2m | unknown test
[22m[39m[Preview] Task completion detector initialized
[90mstdout[2m | src/components/DebugPanel/DebugPanel.stories.tsx[2m > [22m[2mDefault
[22m[39m[MOCK CourseVectorStore] Initialized with mock data
[90mstdout[2m | src/components/DebugPanel/DebugPanel.stories.tsx[2m > [22m[2mDefault
[22m[39m[TranslationModeController] Setting mode to: off
[90mstdout[2m | src/components/DebugPanel/DebugPanel.stories.tsx[2m > [22m[2mDefault
[22m[39m[UnitContext] useEffect triggered {
  "authLoading": false,
  "hasUser": true,
  "id": "mock-unit-id",
  "userSub": "mock-user-sub",
}
[90mstdout[2m | src/components/DebugPanel/DebugPanel.stories.tsx[2m > [22m[2mDefault
[22m[39m[UnitContext] Fetching unit data for id: mock-unit-id
[90mstdout[2m | src/components/DebugPanel/DebugPanel.stories.tsx[2m > [22m[2mDefault
[22m[39m[FilesContext] Initializing vector store from IndexedDB
[90mstdout[2m | src/components/DebugPanel/DebugPanel.stories.tsx[2m > [22m[2mDefault
[22m[39m[FilesContext] fetchFiles called
[90mstdout[2m | src/components/DebugPanel/DebugPanel.stories.tsx[2m > [22m[2mDefault
[22m[39m[FilesContext] User authenticated: mock-user-sub
[90mstdout[2m | src/components/DebugPanel/DebugPanel.stories.tsx[2m > [22m[2mDefault
[22m[39m[FilesContext] Identity ID: us-east-1:mock-identity-123
[90mstdout[2m | src/components/DebugPanel/DebugPanel.stories.tsx[2m > [22m[2mDefault
[22m[39m[FilesContext] About to set up File observeQuery
[90mstdout[2m | src/components/DebugPanel/DebugPanel.stories.tsx[2m > [22m[2mDefault
[22m[39m[ChatContext] Setting up AssistantChat observeQuery
[90mstdout[2m | src/components/DebugPanel/DebugPanel.stories.tsx[2m > [22m[2mDefault
[22m[39m[ChatContext] Waiting for subscription to initialize
[90mstdout[2m | src/components/DebugPanel/DebugPanel.stories.tsx[2m > [22m[2mDefault
[22m[39m[SettingsContext] Setting up Settings subscription for user: mock-user-sub
[90mstdout[2m | src/components/DebugPanel/DebugPanel.stories.tsx[2m > [22m[2mDefault
[22m[39m[Mock Data] Settings created: mock-settings-1790416550620 - notified 0 subscribers
[90mstdout[2m | src/components/DebugPanel/DebugPanel.stories.tsx[2m > [22m[2mDefault
[22m[39m[Mock Data] Unit.onUpdate() subscription added. Total: 1
[90mstdout[2m | src/components/DebugPanel/DebugPanel.stories.tsx[2m > [22m[2mDefault
[22m[39m[SectionContext] Section observeQuery update: 0
[90mstdout[2m | src/components/DebugPanel/DebugPanel.stories.tsx[2m > [22m[2mDefault
[22m[39m[FilesContext] File observeQuery update: 6 files
[90mstdout[2m | src/components/DebugPanel/DebugPanel.stories.tsx[2m > [22m[2mDefault
[22m[39m[ChatContext] AssistantChat initialized with 1 chats
[90mstdout[2m | src/components/DebugPanel/DebugPanel.stories.tsx[2m > [22m[2mDefault
[22m[39m[ChatContext] Setting initial chat: mock-assistant-chat-1
[90mstdout[2m | src/components/DebugPanel/DebugPanel.stories.tsx[2m > [22m[2mDefault
[22m[39m[MOCK CourseVectorStore] Initialized with mock data
[90mstdout[2m | src/components/DebugPanel/DebugPanel.stories.tsx[2m > [22m[2mDefault
[22m[39m[FilesContext] Vector store population triggered {
  "currentVectorStoreSize": 3,
  "documentsCount": 0,
  "filesCount": 6,
  "isInitialLoad": true,
}
[90mstdout[2m | src/components/DebugPanel/DebugPanel.stories.tsx[2m > [22m[2mDefault
[22m[39m[FilesContext] Vector store population complete - 3 total embeddings
[90mstdout[2m | src/components/DebugPanel/DebugPanel.stories.tsx[2m > [22m[2mDefault
[22m[39m[ChatContext] Chat exists and not archived, skipping creation
[90mstdout[2m | src/components/DebugPanel/DebugPanel.stories.tsx[2m > [22m[2mDefault
[22m[39m[Mock Storage] downloadData called with: undefined
[90mstdout[2m | src/components/DebugPanel/DebugPanel.stories.tsx[2m > [22m[2mLogs Tab
[22m[39m[ChatContext] Cleaning up subscriptions
[90mstdout[2m | src/components/DebugPanel/DebugPanel.stories.tsx[2m > [22m[2mLogs Tab
[22m[39m[Mock Data] Unit.onUpdate() subscription removed. Remaining: 0
[90mstdout[2m | src/components/DebugPanel/DebugPanel.stories.tsx[2m > [22m[2mLogs Tab
[22m[39m[MOCK CourseVectorStore] Initialized with mock data
[90mstdout[2m | src/components/DebugPanel/DebugPanel.stories.tsx[2m > [22m[2mLogs Tab
[22m[39m[TranslationModeController] Setting mode to: off
[90mstdout[2m | src/components/DebugPanel/DebugPanel.stories.tsx[2m > [22m[2mLogs Tab
[22m[39m[UnitContext] useEffect triggered {
  "authLoading": false,
  "hasUser": true,
  "id": "mock-unit-id",
  "userSub": "mock-user-sub",
}
[90mstdout[2m | src/components/DebugPanel/DebugPanel.stories.tsx[2m > [22m[2mLogs Tab
[22m[39m[UnitContext] Fetching unit data for id: mock-unit-id
[90mstdout[2m | src/components/DebugPanel/DebugPanel.stories.tsx[2m > [22m[2mLogs Tab
[22m[39m[FilesContext] Initializing vector store from IndexedDB
[90mstdout[2m | src/components/DebugPanel/DebugPanel.stories.tsx[2m > [22m[2mLogs Tab
[22m[39m[FilesContext] fetchFiles called
[90mstdout[2m | src/components/DebugPanel/DebugPanel.stories.tsx[2m > [22m[2mLogs Tab
[22m[39m[FilesContext] User authenticated: mock-user-sub
[90mstdout[2m | src/components/DebugPanel/DebugPanel.stories.tsx[2m > [22m[2mLogs Tab
[22m[39m[FilesContext] Identity ID: us-east-1:mock-identity-123
[90mstdout[2m | src/components/DebugPanel/DebugPanel.stories.tsx[2m > [22m[2mLogs Tab
[22m[39m[FilesContext] About to set up File observeQuery
[90mstdout[2m | src/components/DebugPanel/DebugPanel.stories.tsx[2m > [22m[2mLogs Tab
[22m[39m[ChatContext] Setting up AssistantChat observeQuery
[90mstdout[2m | src/components/DebugPanel/DebugPanel.stories.tsx[2m > [22m[2mLogs Tab
[22m[39m[ChatContext] Waiting for subscription to initialize
[90mstdout[2m | src/components/DebugPanel/DebugPanel.stories.tsx[2m > [22m[2mLogs Tab
[22m[39m[SettingsContext] Setting up Settings subscription for user: mock-user-sub
[90mstdout[2m | src/components/DebugPanel/DebugPanel.stories.tsx[2m > [22m[2mLogs Tab
[22m[39m[Mock Data] Settings created: mock-settings-1790416551009 - notified 0 subscribers
[90mstdout[2m | src/components/DebugPanel/DebugPanel.stories.tsx[2m > [22m[2mLogs Tab
[22m[39m[Mock Data] Unit.onUpdate() subscription added. Total: 1
[90mstdout[2m | src/components/DebugPanel/DebugPanel.stories.tsx[2m > [22m[2mLogs Tab
[22m[39m[SectionContext] Section observeQuery update: 0
[90mstdout[2m | src/components/DebugPanel/DebugPanel.stories.tsx[2m > [22m[2mLogs Tab
[22m[39m[FilesContext] File observeQuery update: 6 files
[90mstdout[2m | src/components/DebugPanel/DebugPanel.stories.tsx[2m > [22m[2mLogs Tab
[22m[39m[ChatContext] AssistantChat initialized with 1 chats
[90mstdout[2m | src/components/DebugPanel/DebugPanel.stories.tsx[2m > [22m[2mLogs Tab
[22m[39m[ChatContext] Setting initial chat: mock-assistant-chat-1
[90mstdout[2m | src/components/DebugPanel/DebugPanel.stories.tsx[2m > [22m[2mLogs Tab
[22m[39m[MOCK CourseVectorStore] Initialized with mock data
[90mstdout[2m | src/components/DebugPanel/DebugPanel.stories.tsx[2m > [22m[2mLogs Tab
[22m[39m[FilesContext] Vector store population triggered {
  "currentVectorStoreSize": 3,
  "documentsCount": 0,
  "filesCount": 6,
  "isInitialLoad": true,
}
[90mstdout[2m | src/components/DebugPanel/DebugPanel.stories.tsx[2m > [22m[2mLogs Tab
[22m[39m[FilesContext] Vector store population complete - 3 total embeddings
[90mstdout[2m | src/components/DebugPanel/DebugPanel.stories.tsx[2m > [22m[2mLogs Tab
[22m[39m[ChatContext] Chat exists and not archived, skipping creation
[90mstdout[2m | src/components/DebugPanel/DebugPanel.stories.tsx[2m > [22m[2mLogs Tab
[22m[39m[Mock Storage] downloadData called with: undefined
[90mstdout[2m | src/components/DebugPanel/DebugPanel.stories.tsx[2m > [22m[2mState Tab
[22m[39m[ChatContext] Cleaning up subscriptions
[90mstdout[2m | src/components/DebugPanel/DebugPanel.stories.tsx[2m > [22m[2mState Tab
[22m[39m[Mock Data] Unit.onUpdate() subscription removed. Remaining: 0
[90mstdout[2m | src/components/DebugPanel/DebugPanel.stories.tsx[2m > [22m[2mState Tab
[22m[39m[MOCK CourseVectorStore] Initialized with mock data
[90mstdout[2m | src/components/DebugPanel/DebugPanel.stories.tsx[2m > [22m[2mState Tab
[22m[39m[TranslationModeController] Setting mode to: off
[90mstdout[2m | src/components/DebugPanel/DebugPanel.stories.tsx[2m > [22m[2mState Tab
[22m[39m[UnitContext] useEffect triggered {
  "authLoading": false,
  "hasUser": true,
  "id": "mock-unit-id",
  "userSub": "mock-user-sub",
}
[90mstdout[2m | src/components/DebugPanel/DebugPanel.stories.tsx[2m > [22m[2mState Tab
[22m[39m[UnitContext] Fetching unit data for id: mock-unit-id
[90mstdout[2m | src/components/DebugPanel/DebugPanel.stories.tsx[2m > [22m[2mState Tab
[22m[39m[FilesContext] Initializing vector store from IndexedDB
[90mstdout[2m | src/components/DebugPanel/DebugPanel.stories.tsx[2m > [22m[2mState Tab
[22m[39m[FilesContext] fetchFiles called
[90mstdout[2m | src/components/DebugPanel/DebugPanel.stories.tsx[2m > [22m[2mState Tab
[22m[39m[FilesContext] User authenticated: mock-user-sub
[90mstdout[2m | src/components/DebugPanel/DebugPanel.stories.tsx[2m > [22m[2mState Tab
[22m[39m[FilesContext] Identity ID: us-east-1:mock-identity-123
[90mstdout[2m | src/components/DebugPanel/DebugPanel.stories.tsx[2m > [22m[2mState Tab
[22m[39m[FilesContext] About to set up File observeQuery
[90mstdout[2m | src/components/DebugPanel/DebugPanel.stories.tsx[2m > [22m[2mState Tab
[22m[39m[ChatContext] Setting up AssistantChat observeQuery
[90mstdout[2m | src/components/DebugPanel/DebugPanel.stories.tsx[2m > [22m[2mState Tab
[22m[39m[ChatContext] Waiting for subscription to initialize
[90mstdout[2m | src/components/DebugPanel/DebugPanel.stories.tsx[2m > [22m[2mState Tab
[22m[39m[SettingsContext] Setting up Settings subscription for user: mock-user-sub
[90mstdout[2m | src/components/DebugPanel/DebugPanel.stories.tsx[2m > [22m[2mState Tab
[22m[39m[Mock Data] Settings created: mock-settings-1790416551170 - notified 0 subscribers
[90mstdout[2m | src/components/DebugPanel/DebugPanel.stories.tsx[2m > [22m[2mState Tab
[22m[39m[Mock Data] Unit.onUpdate() subscription added. Total: 1
[90mstdout[2m | src/components/DebugPanel/DebugPanel.stories.tsx[2m > [22m[2mState Tab
[22m[39m[SectionContext] Section observeQuery update: 0
[90mstdout[2m | src/components/DebugPanel/DebugPanel.stories.tsx[2m > [22m[2mState Tab
[22m[39m[FilesContext] File observeQuery update: 6 files
[90mstdout[2m | src/components/DebugPanel/DebugPanel.stories.tsx[2m > [22m[2mState Tab
[22m[39m[ChatContext] AssistantChat initialized with 1 chats
[90mstdout[2m | src/components/DebugPanel/DebugPanel.stories.tsx[2m > [22m[2mState Tab
[22m[39m[ChatContext] Setting initial chat: mock-assistant-chat-1
[90mstdout[2m | src/components/DebugPanel/DebugPanel.stories.tsx[2m > [22m[2mState Tab
[22m[39m[MOCK CourseVectorStore] Initialized with mock data
[90mstdout[2m | src/components/DebugPanel/DebugPanel.stories.tsx[2m > [22m[2mState Tab
[22m[39m[FilesContext] Vector store population triggered {
  "currentVectorStoreSize": 3,
  "documentsCount": 0,
  "filesCount": 6,
  "isInitialLoad": true,
}
[90mstdout[2m | src/components/DebugPanel/DebugPanel.stories.tsx[2m > [22m[2mState Tab
[22m[39m[FilesContext] Vector store population complete - 3 total embeddings
[90mstdout[2m | src/components/DebugPanel/DebugPanel.stories.tsx[2m > [22m[2mState Tab
[22m[39m[ChatContext] Chat exists and not archived, skipping creation
[90mstdout[2m | src/components/DebugPanel/DebugPanel.stories.tsx[2m > [22m[2mState Tab
[22m[39m[Mock Storage] downloadData called with: undefined
[90mstdout[2m | src/components/DebugPanel/DebugPanel.stories.tsx[2m > [22m[2mBottom Position
[22m[39m[ChatContext] Cleaning up subscriptions
[90mstdout[2m | src/components/DebugPanel/DebugPanel.stories.tsx[2m > [22m[2mBottom Position
[22m[39m[Mock Data] Unit.onUpdate() subscription removed. Remaining: 0
[90mstdout[2m | src/components/DebugPanel/DebugPanel.stories.tsx[2m > [22m[2mBottom Position
[22m[39m[MOCK CourseVectorStore] Initialized with mock data
[90mstdout[2m | src/components/DebugPanel/DebugPanel.stories.tsx[2m > [22m[2mBottom Position
[22m[39m[TranslationModeController] Setting mode to: off
[90mstdout[2m | src/components/DebugPanel/DebugPanel.stories.tsx[2m > [22m[2mBottom Position
[22m[39m[UnitContext] useEffect triggered {
  "authLoading": false,
  "hasUser": true,
  "id": "mock-unit-id",
  "userSub": "mock-user-sub",
}
[90mstdout[2m | src/components/DebugPanel/DebugPanel.stories.tsx[2m > [22m[2mBottom Position
[22m[39m[UnitContext] Fetching unit data for id: mock-unit-id
[90mstdout[2m | src/components/DebugPanel/DebugPanel.stories.tsx[2m > [22m[2mBottom Position
[22m[39m[FilesContext] Initializing vector store from IndexedDB
[90mstdout[2m | src/components/DebugPanel/DebugPanel.stories.tsx[2m > [22m[2mBottom Position
[22m[39m[FilesContext] fetchFiles called
[90mstdout[2m | src/components/DebugPanel/DebugPanel.stories.tsx[2m > [22m[2mBottom Position
[22m[39m[FilesContext] User authenticated: mock-user-sub
[90mstdout[2m | src/components/DebugPanel/DebugPanel.stories.tsx[2m > [22m[2mBottom Position
[22m[39m[FilesContext] Identity ID: us-east-1:mock-identity-123
[90mstdout[2m | src/components/DebugPanel/DebugPanel.stories.tsx[2m > [22m[2mBottom Position
[22m[39m[FilesContext] About to set up File observeQuery
[90mstdout[2m | src/components/DebugPanel/DebugPanel.stories.tsx[2m > [22m[2mBottom Position
[22m[39m[ChatContext] Setting up AssistantChat observeQuery
[90mstdout[2m | src/components/DebugPanel/DebugPanel.stories.tsx[2m > [22m[2mBottom Position
[22m[39m[ChatContext] Waiting for subscription to initialize
[90mstdout[2m | src/components/DebugPanel/DebugPanel.stories.tsx[2m > [22m[2mBottom Position
[22m[39m[SettingsContext] Setting up Settings subscription for user: mock-user-sub
[90mstdout[2m | src/components/DebugPanel/DebugPanel.stories.tsx[2m > [22m[2mBottom Position
[22m[39m[Mock Data] Settings created: mock-settings-1790416551318 - notified 0 subscribers
[90mstdout[2m | src/components/DebugPanel/DebugPanel.stories.tsx[2m > [22m[2mBottom Position
[22m[39m[Mock Data] Unit.onUpdate() subscription added. Total: 1
[90mstdout[2m | src/components/DebugPanel/DebugPanel.stories.tsx[2m > [22m[2mBottom Position
[22m[39m[SectionContext] Section observeQuery update: 0
[90mstdout[2m | src/components/DebugPanel/DebugPanel.stories.tsx[2m > [22m[2mBottom Position
[22m[39m[FilesContext] File observeQuery update: 6 files
[90mstdout[2m | src/components/DebugPanel/DebugPanel.stories.tsx[2m > [22m[2mBottom Position
[22m[39m[ChatContext] AssistantChat initialized with 1 chats
[90mstdout[2m | src/components/DebugPanel/DebugPanel.stories.tsx[2m > [22m[2mBottom Position
[22m[39m[ChatContext] Setting initial chat: mock-assistant-chat-1
[90mstdout[2m | src/components/DebugPanel/DebugPanel.stories.tsx[2m > [22m[2mBottom Position
[22m[39m[MOCK CourseVectorStore] Initialized with mock data
[90mstdout[2m | src/components/DebugPanel/DebugPanel.stories.tsx[2m > [22m[2mBottom Position
[22m[39m[FilesContext] Vector store population triggered {
  "currentVectorStoreSize": 3,
  "documentsCount": 0,
  "filesCount": 6,
  "isInitialLoad": true,
}
[90mstdout[2m | src/components/DebugPanel/DebugPanel.stories.tsx[2m > [22m[2mBottom Position
[22m[39m[FilesContext] Vector store population complete - 3 total embeddings
[90mstdout[2m | src/components/DebugPanel/DebugPanel.stories.tsx[2m > [22m[2mBottom Position
[22m[39m[ChatContext] Chat exists and not archived, skipping creation
[90mstdout[2m | src/components/DebugPanel/DebugPanel.stories.tsx[2m > [22m[2mBottom Position
[22m[39m[Mock Storage] downloadData called with: undefined
[90mstdout[2m | src/components/DebugPanel/DebugPanel.stories.tsx[2m > [22m[2mInteractive
[22m[39m[ChatContext] Cleaning up subscriptions
[90mstdout[2m | src/components/DebugPanel/DebugPanel.stories.tsx[2m > [22m[2mInteractive
[22m[39m[Mock Data] Unit.onUpdate() subscription removed. Remaining: 0
[90mstdout[2m | src/components/DebugPanel/DebugPanel.stories.tsx[2m > [22m[2mInteractive
[22m[39m[MOCK CourseVectorStore] Initialized with mock data
[90mstdout[2m | src/components/DebugPanel/DebugPanel.stories.tsx[2m > [22m[2mInteractive
[22m[39m[TranslationModeController] Setting mode to: off
[90mstdout[2m | src/components/DebugPanel/DebugPanel.stories.tsx[2m > [22m[2mInteractive
[22m[39m[UnitContext] useEffect triggered {
  "authLoading": false,
  "hasUser": true,
  "id": "mock-unit-id",
  "userSub": "mock-user-sub",
}
[90mstdout[2m | src/components/DebugPanel/DebugPanel.stories.tsx[2m > [22m[2mInteractive
[22m[39m[UnitContext] Fetching unit data for id: mock-unit-id
[90mstdout[2m | src/components/DebugPanel/DebugPanel.stories.tsx[2m > [22m[2mInteractive
[22m[39m[FilesContext] Initializing vector store from IndexedDB
[90mstdout[2m | src/components/DebugPanel/DebugPanel.stories.tsx[2m > [22m[2mInteractive
[22m[39m[FilesContext] fetchFiles called
[90mstdout[2m | src/components/DebugPanel/DebugPanel.stories.tsx[2m > [22m[2mInteractive
[22m[39m[FilesContext] User authenticated: mock-user-sub
[90mstdout[2m | src/components/DebugPanel/DebugPanel.stories.tsx[2m > [22m[2mInteractive
[22m[39m[FilesContext] Identity ID: us-east-1:mock-identity-123
[90mstdout[2m | src/components/DebugPanel/DebugPanel.stories.tsx[2m > [22m[2mInteractive
[22m[39m[FilesContext] About to set up File observeQuery
[90mstdout[2m | src/components/DebugPanel/DebugPanel.stories.tsx[2m > [22m[2mInteractive
[22m[39m[ChatContext] Setting up AssistantChat observeQuery
[90mstdout[2m | src/components/DebugPanel/DebugPanel.stories.tsx[2m > [22m[2mInteractive
[22m[39m[ChatContext] Waiting for subscription to initialize
[90mstdout[2m | src/components/DebugPanel/DebugPanel.stories.tsx[2m > [22m[2mInteractive
[22m[39m[SettingsContext] Setting up Settings subscription for user: mock-user-sub
[90mstdout[2m | src/components/DebugPanel/DebugPanel.stories.tsx[2m > [22m[2mInteractive
[22m[39m[Mock Data] Settings created: mock-settings-1790416551473 - notified 0 subscribers
[90mstdout[2m | src/components/DebugPanel/DebugPanel.stories.tsx[2m > [22m[2mInteractive
[22m[39m[Mock Data] Unit.onUpdate() subscription added. Total: 1
[90mstdout[2m | src/components/DebugPanel/DebugPanel.stories.tsx[2m > [22m[2mInteractive
[22m[39m[SectionContext] Section observeQuery update: 0
[90mstdout[2m | src/components/DebugPanel/DebugPanel.stories.tsx[2m > [22m[2mInteractive
[22m[39m[FilesContext] File observeQuery update: 6 files
[90mstdout[2m | src/components/DebugPanel/DebugPanel.stories.tsx[2m > [22m[2mInteractive
[22m[39m[ChatContext] AssistantChat initialized with 1 chats
[90mstdout[2m | src/components/DebugPanel/DebugPanel.stories.tsx[2m > [22m[2mInteractive
[22m[39m[ChatContext] Setting initial chat: mock-assistant-chat-1
[90mstdout[2m | src/components/DebugPanel/DebugPanel.stories.tsx[2m > [22m[2mInteractive
[22m[39m[MOCK CourseVectorStore] Initialized with mock data
[90mstdout[2m | src/components/DebugPanel/DebugPanel.stories.tsx[2m > [22m[2mInteractive
[22m[39m[FilesContext] Vector store population triggered {
  "currentVectorStoreSize": 3,
  "documentsCount": 0,
  "filesCount": 6,
  "isInitialLoad": true,
}
[90mstdout[2m | src/components/DebugPanel/DebugPanel.stories.tsx[2m > [22m[2mInteractive
[22m[39m[FilesContext] Vector store population complete - 3 total embeddings
[90mstdout[2m | src/components/DebugPanel/DebugPanel.stories.tsx[2m > [22m[2mInteractive
[22m[39m[ChatContext] Chat exists and not archived, skipping creation
[90mstdout[2m | src/components/DebugPanel/DebugPanel.stories.tsx[2m > [22m[2mInteractive
[22m[39m[Mock Storage] downloadData called with: undefined
[90mstdout[2m | src/components/DebugPanel/DebugPanel.stories.tsx[2m > [22m[2mLeft Position
[22m[39m[ChatContext] Cleaning up subscriptions
[90mstdout[2m | src/components/DebugPanel/DebugPanel.stories.tsx[2m > [22m[2mLeft Position
[22m[39m[Mock Data] Unit.onUpdate() subscription removed. Remaining: 0
[90mstdout[2m | src/components/DebugPanel/DebugPanel.stories.tsx[2m > [22m[2mLeft Position
[22m[39m[MOCK CourseVectorStore] Initialized with mock data
[90mstdout[2m | src/components/DebugPanel/DebugPanel.stories.tsx[2m > [22m[2mLeft Position
[22m[39m[TranslationModeController] Setting mode to: off
[90mstdout[2m | src/components/DebugPanel/DebugPanel.stories.tsx[2m > [22m[2mLeft Position
[22m[39m[UnitContext] useEffect triggered {
  "authLoading": false,
  "hasUser": true,
  "id": "mock-unit-id",
  "userSub": "mock-user-sub",
}
[90mstdout[2m | src/components/DebugPanel/DebugPanel.stories.tsx[2m > [22m[2mLeft Position
[22m[39m[UnitContext] Fetching unit data for id: mock-unit-id
[90mstdout[2m | src/components/DebugPanel/DebugPanel.stories.tsx[2m > [22m[2mLeft Position
[22m[39m[FilesContext] Initializing vector store from IndexedDB
[90mstdout[2m | src/components/DebugPanel/DebugPanel.stories.tsx[2m > [22m[2mLeft Position
[22m[39m[FilesContext] fetchFiles called
[90mstdout[2m | src/components/DebugPanel/DebugPanel.stories.tsx[2m > [22m[2mLeft Position
[22m[39m[FilesContext] User authenticated: mock-user-sub
[90mstdout[2m | src/components/DebugPanel/DebugPanel.stories.tsx[2m > [22m[2mLeft Position
[22m[39m[FilesContext] Identity ID: us-east-1:mock-identity-123
[90mstdout[2m | src/components/DebugPanel/DebugPanel.stories.tsx[2m > [22m[2mLeft Position
[22m[39m[FilesContext] About to set up File observeQuery
[90mstdout[2m | src/components/DebugPanel/DebugPanel.stories.tsx[2m > [22m[2mLeft Position
[22m[39m[ChatContext] Setting up AssistantChat observeQuery
[90mstdout[2m | src/components/DebugPanel/DebugPanel.stories.tsx[2m > [22m[2mLeft Position
[22m[39m[ChatContext] Waiting for subscription to initialize
[90mstdout[2m | src/components/DebugPanel/DebugPanel.stories.tsx[2m > [22m[2mLeft Position
[22m[39m[SettingsContext] Setting up Settings subscription for user: mock-user-sub
[90mstdout[2m | src/components/DebugPanel/DebugPanel.stories.tsx[2m > [22m[2mLeft Position
[22m[39m[Mock Data] Settings created: mock-settings-1790416551778 - notified 0 subscribers
[90mstdout[2m | src/components/DebugPanel/DebugPanel.stories.tsx[2m > [22m[2mLeft Position
[22m[39m[Mock Data] Unit.onUpdate() subscription added. Total: 1
[90mstdout[2m | src/components/DebugPanel/DebugPanel.stories.tsx[2m > [22m[2mLeft Position
[22m[39m[SectionContext] Section observeQuery update: 0
[90mstdout[2m | src/components/DebugPanel/DebugPanel.stories.tsx[2m > [22m[2mLeft Position
[22m[39m[FilesContext] File observeQuery update: 6 files
[90mstdout[2m | src/components/DebugPanel/DebugPanel.stories.tsx[2m > [22m[2mLeft Position
[22m[39m[ChatContext] AssistantChat initialized with 1 chats
[90mstdout[2m | src/components/DebugPanel/DebugPanel.stories.tsx[2m > [22m[2mLeft Position
[22m[39m[ChatContext] Setting initial chat: mock-assistant-chat-1
[90mstdout[2m | src/components/DebugPanel/DebugPanel.stories.tsx[2m > [22m[2mLeft Position
[22m[39m[MOCK CourseVectorStore] Initialized with mock data
[90mstdout[2m | src/components/DebugPanel/DebugPanel.stories.tsx[2m > [22m[2mLeft Position
[22m[39m[FilesContext] Vector store population triggered {
  "currentVectorStoreSize": 3,
  "documentsCount": 0,
  "filesCount": 6,
  "isInitialLoad": true,
}
[90mstdout[2m | src/components/DebugPanel/DebugPanel.stories.tsx[2m > [22m[2mLeft Position
[22m[39m[FilesContext] Vector store population complete - 3 total embeddings
[90mstdout[2m | src/components/DebugPanel/DebugPanel.stories.tsx[2m > [22m[2mLeft Position
[22m[39m[ChatContext] Chat exists and not archived, skipping creation
[90mstdout[2m | src/components/DebugPanel/DebugPanel.stories.tsx[2m > [22m[2mLeft Position
[22m[39m[Mock Storage] downloadData called with: undefined
 [32m✓[39m [30m[45m storybook (chromium) [49m[39m src/components/DebugPanel/DebugPanel.stories.tsx [2m([22m[2m6 tests[22m[2m)[22m[33m 1352[2mms[22m[39m
   [33m[2m✓[22m[39m Default [33m 354[2mms[22m[39m
[90mstdout[2m | unknown test
[22m[39m[MOCK vectorStoreDB.js] Module loaded - mock IndexedDB operations
[90mstdout[2m | unknown test
[22m[39m[Task Completion] DOM action listeners initialized
[90mstdout[2m | unknown test
[22m[39m[Task Completion] Auto-completion detector initialized
[90mstdout[2m | unknown test
[22m[39m[Preview] Task completion detector initialized
[90mstdout[2m | src/components/Gamification/GamificationToastLayer.stories.tsx[2m > [22m[2mIdle
[22m[39m[MOCK CourseVectorStore] Initialized with mock data
[90mstdout[2m | src/components/Gamification/GamificationToastLayer.stories.tsx[2m > [22m[2mIdle
[22m[39m[TranslationModeController] Setting mode to: off
[90mstdout[2m | src/components/Gamification/GamificationToastLayer.stories.tsx[2m > [22m[2mIdle
[22m[39m[UnitContext] useEffect triggered {
  "authLoading": false,
  "hasUser": true,
  "id": "mock-unit-id",
  "userSub": "mock-user-sub",
}
[90mstdout[2m | src/components/Gamification/GamificationToastLayer.stories.tsx[2m > [22m[2mIdle
[22m[39m[UnitContext] Fetching unit data for id: mock-unit-id
[90mstdout[2m | src/components/Gamification/GamificationToastLayer.stories.tsx[2m > [22m[2mIdle
[22m[39m[FilesContext] Initializing vector store from IndexedDB
[90mstdout[2m | src/components/Gamification/GamificationToastLayer.stories.tsx[2m > [22m[2mIdle
[22m[39m[FilesContext] fetchFiles called
[90mstdout[2m | src/components/Gamification/GamificationToastLayer.stories.tsx[2m > [22m[2mIdle
[22m[39m[FilesContext] User authenticated: mock-user-sub
[90mstdout[2m | src/components/Gamification/GamificationToastLayer.stories.tsx[2m > [22m[2mIdle
[22m[39m[FilesContext] Identity ID: us-east-1:mock-identity-123
[90mstdout[2m | src/components/Gamification/GamificationToastLayer.stories.tsx[2m > [22m[2mIdle
[22m[39m[FilesContext] About to set up File observeQuery
[90mstdout[2m | src/components/Gamification/GamificationToastLayer.stories.tsx[2m > [22m[2mIdle
[22m[39m[ChatContext] Setting up AssistantChat observeQuery
[90mstdout[2m | src/components/Gamification/GamificationToastLayer.stories.tsx[2m > [22m[2mIdle
[22m[39m[ChatContext] Waiting for subscription to initialize
[90mstdout[2m | src/components/Gamification/GamificationToastLayer.stories.tsx[2m > [22m[2mIdle
[22m[39m[SettingsContext] Setting up Settings subscription for user: mock-user-sub
[90mstdout[2m | src/components/Gamification/GamificationToastLayer.stories.tsx[2m > [22m[2mIdle
[22m[39m[Mock Data] Settings created: mock-settings-1790416552727 - notified 0 subscribers
[90mstdout[2m | src/components/Gamification/GamificationToastLayer.stories.tsx[2m > [22m[2mIdle
[22m[39m[Mock Data] Unit.onUpdate() subscription added. Total: 1
[90mstdout[2m | src/components/Gamification/GamificationToastLayer.stories.tsx[2m > [22m[2mIdle
[22m[39m[SectionContext] Section observeQuery update: 0
[90mstdout[2m | src/components/Gamification/GamificationToastLayer.stories.tsx[2m > [22m[2mIdle
[22m[39m[FilesContext] File observeQuery update: 6 files
[90mstdout[2m | src/components/Gamification/GamificationToastLayer.stories.tsx[2m > [22m[2mIdle
[22m[39m[ChatContext] AssistantChat initialized with 1 chats
[90mstdout[2m | src/components/Gamification/GamificationToastLayer.stories.tsx[2m > [22m[2mIdle
[22m[39m[ChatContext] Setting initial chat: mock-assistant-chat-1
[90mstdout[2m | src/components/Gamification/GamificationToastLayer.stories.tsx[2m > [22m[2mIdle
[22m[39m[MOCK CourseVectorStore] Initialized with mock data
[90mstdout[2m | src/components/Gamification/GamificationToastLayer.stories.tsx[2m > [22m[2mIdle
[22m[39m[FilesContext] Vector store population triggered {
  "currentVectorStoreSize": 3,
  "documentsCount": 0,
  "filesCount": 6,
  "isInitialLoad": true,
}
[90mstdout[2m | src/components/Gamification/GamificationToastLayer.stories.tsx[2m > [22m[2mIdle
[22m[39m[FilesContext] Vector store population complete - 3 total embeddings
[90mstdout[2m | src/components/Gamification/GamificationToastLayer.stories.tsx[2m > [22m[2mIdle
[22m[39m[ChatContext] Chat exists and not archived, skipping creation
[90mstdout[2m | src/components/Gamification/GamificationToastLayer.stories.tsx[2m > [22m[2mIdle
[22m[39m[Mock Storage] downloadData called with: undefined
[90mstdout[2m | src/components/Gamification/GamificationToastLayer.stories.tsx[2m > [22m[2mBadge Awarded
[22m[39m[ChatContext] Cleaning up subscriptions
[90mstdout[2m | src/components/Gamification/GamificationToastLayer.stories.tsx[2m > [22m[2mBadge Awarded
[22m[39m[Mock Data] Unit.onUpdate() subscription removed. Remaining: 0
[90mstdout[2m | src/components/Gamification/GamificationToastLayer.stories.tsx[2m > [22m[2mBadge Awarded
[22m[39m[MOCK CourseVectorStore] Initialized with mock data
[90mstdout[2m | src/components/Gamification/GamificationToastLayer.stories.tsx[2m > [22m[2mBadge Awarded
[22m[39m[TranslationModeController] Setting mode to: off
[90mstdout[2m | src/components/Gamification/GamificationToastLayer.stories.tsx[2m > [22m[2mBadge Awarded
[22m[39m[UnitContext] useEffect triggered {
  "authLoading": false,
  "hasUser": true,
  "id": "mock-unit-id",
  "userSub": "mock-user-sub",
}
[90mstdout[2m | src/components/Gamification/GamificationToastLayer.stories.tsx[2m > [22m[2mBadge Awarded
[22m[39m[UnitContext] Fetching unit data for id: mock-unit-id
[90mstdout[2m | src/components/Gamification/GamificationToastLayer.stories.tsx[2m > [22m[2mBadge Awarded
[22m[39m[FilesContext] Initializing vector store from IndexedDB
[90mstdout[2m | src/components/Gamification/GamificationToastLayer.stories.tsx[2m > [22m[2mBadge Awarded
[22m[39m[FilesContext] fetchFiles called
[90mstdout[2m | src/components/Gamification/GamificationToastLayer.stories.tsx[2m > [22m[2mBadge Awarded
[22m[39m[FilesContext] User authenticated: mock-user-sub
[90mstdout[2m | src/components/Gamification/GamificationToastLayer.stories.tsx[2m > [22m[2mBadge Awarded
[22m[39m[FilesContext] Identity ID: us-east-1:mock-identity-123
[90mstdout[2m | src/components/Gamification/GamificationToastLayer.stories.tsx[2m > [22m[2mBadge Awarded
[22m[39m[FilesContext] About to set up File observeQuery
[90mstdout[2m | src/components/Gamification/GamificationToastLayer.stories.tsx[2m > [22m[2mBadge Awarded
[22m[39m[ChatContext] Setting up AssistantChat observeQuery
[90mstdout[2m | src/components/Gamification/GamificationToastLayer.stories.tsx[2m > [22m[2mBadge Awarded
[22m[39m[ChatContext] Waiting for subscription to initialize
[90mstdout[2m | src/components/Gamification/GamificationToastLayer.stories.tsx[2m > [22m[2mBadge Awarded
[22m[39m[SettingsContext] Setting up Settings subscription for user: mock-user-sub
[90mstdout[2m | src/components/Gamification/GamificationToastLayer.stories.tsx[2m > [22m[2mBadge Awarded
[22m[39m[Mock Data] Settings created: mock-settings-1790416552856 - notified 0 subscribers
[90mstdout[2m | src/components/Gamification/GamificationToastLayer.stories.tsx[2m > [22m[2mBadge Awarded
[22m[39m[Mock Data] Unit.onUpdate() subscription added. Total: 1
[90mstdout[2m | src/components/Gamification/GamificationToastLayer.stories.tsx[2m > [22m[2mBadge Awarded
[22m[39m[SectionContext] Section observeQuery update: 0
[90mstdout[2m | src/components/Gamification/GamificationToastLayer.stories.tsx[2m > [22m[2mBadge Awarded
[22m[39m[FilesContext] File observeQuery update: 6 files
[90mstdout[2m | src/components/Gamification/GamificationToastLayer.stories.tsx[2m > [22m[2mBadge Awarded
[22m[39m[ChatContext] AssistantChat initialized with 1 chats
[90mstdout[2m | src/components/Gamification/GamificationToastLayer.stories.tsx[2m > [22m[2mBadge Awarded
[22m[39m[ChatContext] Setting initial chat: mock-assistant-chat-1
[90mstdout[2m | src/components/Gamification/GamificationToastLayer.stories.tsx[2m > [22m[2mBadge Awarded
[22m[39m[Mock Storage] downloadData called with: undefined
[90mstdout[2m | src/components/Gamification/GamificationToastLayer.stories.tsx[2m > [22m[2mBadge Awarded
[22m[39m[MOCK CourseVectorStore] Initialized with mock data
[90mstdout[2m | src/components/Gamification/GamificationToastLayer.stories.tsx[2m > [22m[2mBadge Awarded
[22m[39m[FilesContext] Vector store population triggered {
  "currentVectorStoreSize": 3,
  "documentsCount": 0,
  "filesCount": 6,
  "isInitialLoad": true,
}
[90mstdout[2m | src/components/Gamification/GamificationToastLayer.stories.tsx[2m > [22m[2mBadge Awarded
[22m[39m[FilesContext] Vector store population complete - 3 total embeddings
[90mstdout[2m | src/components/Gamification/GamificationToastLayer.stories.tsx[2m > [22m[2mBadge Awarded
[22m[39m[ChatContext] Chat exists and not archived, skipping creation
[90mstdout[2m | src/components/Gamification/GamificationToastLayer.stories.tsx[2m > [22m[2mEaster Egg
[22m[39m[ChatContext] Cleaning up subscriptions
[90mstdout[2m | src/components/Gamification/GamificationToastLayer.stories.tsx[2m > [22m[2mEaster Egg
[22m[39m[Mock Data] Unit.onUpdate() subscription removed. Remaining: 0
[90mstdout[2m | src/components/Gamification/GamificationToastLayer.stories.tsx[2m > [22m[2mEaster Egg
[22m[39m[MOCK CourseVectorStore] Initialized with mock data
[90mstdout[2m | src/components/Gamification/GamificationToastLayer.stories.tsx[2m > [22m[2mEaster Egg
[22m[39m[TranslationModeController] Setting mode to: off
[90mstdout[2m | src/components/Gamification/GamificationToastLayer.stories.tsx[2m > [22m[2mEaster Egg
[22m[39m[UnitContext] useEffect triggered {
  "authLoading": false,
  "hasUser": true,
  "id": "mock-unit-id",
  "userSub": "mock-user-sub",
}
[90mstdout[2m | src/components/Gamification/GamificationToastLayer.stories.tsx[2m > [22m[2mEaster Egg
[22m[39m[UnitContext] Fetching unit data for id: mock-unit-id
[90mstdout[2m | src/components/Gamification/GamificationToastLayer.stories.tsx[2m > [22m[2mEaster Egg
[22m[39m[FilesContext] Initializing vector store from IndexedDB
[90mstdout[2m | src/components/Gamification/GamificationToastLayer.stories.tsx[2m > [22m[2mEaster Egg
[22m[39m[FilesContext] fetchFiles called
[90mstdout[2m | src/components/Gamification/GamificationToastLayer.stories.tsx[2m > [22m[2mEaster Egg
[22m[39m[FilesContext] User authenticated: mock-user-sub
[90mstdout[2m | src/components/Gamification/GamificationToastLayer.stories.tsx[2m > [22m[2mEaster Egg
[22m[39m[FilesContext] Identity ID: us-east-1:mock-identity-123
[90mstdout[2m | src/components/Gamification/GamificationToastLayer.stories.tsx[2m > [22m[2mEaster Egg
[22m[39m[FilesContext] About to set up File observeQuery
[90mstdout[2m | src/components/Gamification/GamificationToastLayer.stories.tsx[2m > [22m[2mEaster Egg
[22m[39m[ChatContext] Setting up AssistantChat observeQuery
[90mstdout[2m | src/components/Gamification/GamificationToastLayer.stories.tsx[2m > [22m[2mEaster Egg
[22m[39m[ChatContext] Waiting for subscription to initialize
[90mstdout[2m | src/components/Gamification/GamificationToastLayer.stories.tsx[2m > [22m[2mEaster Egg
[22m[39m[SettingsContext] Setting up Settings subscription for user: mock-user-sub
[90mstdout[2m | src/components/Gamification/GamificationToastLayer.stories.tsx[2m > [22m[2mEaster Egg
[22m[39m[Mock Data] Settings created: mock-settings-1790416552950 - notified 0 subscribers
[90mstdout[2m | src/components/Gamification/GamificationToastLayer.stories.tsx[2m > [22m[2mEaster Egg
[22m[39m[Mock Data] Unit.onUpdate() subscription added. Total: 1
[90mstdout[2m | src/components/Gamification/GamificationToastLayer.stories.tsx[2m > [22m[2mEaster Egg
[22m[39m[SectionContext] Section observeQuery update: 0
[90mstdout[2m | src/components/Gamification/GamificationToastLayer.stories.tsx[2m > [22m[2mEaster Egg
[22m[39m[FilesContext] File observeQuery update: 6 files
[90mstdout[2m | src/components/Gamification/GamificationToastLayer.stories.tsx[2m > [22m[2mEaster Egg
[22m[39m[ChatContext] AssistantChat initialized with 1 chats
[90mstdout[2m | src/components/Gamification/GamificationToastLayer.stories.tsx[2m > [22m[2mEaster Egg
[22m[39m[ChatContext] Setting initial chat: mock-assistant-chat-1
[90mstdout[2m | src/components/Gamification/GamificationToastLayer.stories.tsx[2m > [22m[2mEaster Egg
[22m[39m[Mock Storage] downloadData called with: undefined
[90mstdout[2m | src/components/Gamification/GamificationToastLayer.stories.tsx[2m > [22m[2mEaster Egg
[22m[39m[MOCK CourseVectorStore] Initialized with mock data
[90mstdout[2m | src/components/Gamification/GamificationToastLayer.stories.tsx[2m > [22m[2mEaster Egg
[22m[39m[FilesContext] Vector store population triggered {
  "currentVectorStoreSize": 3,
  "documentsCount": 0,
  "filesCount": 6,
  "isInitialLoad": true,
}
[90mstdout[2m | src/components/Gamification/GamificationToastLayer.stories.tsx[2m > [22m[2mEaster Egg
[22m[39m[FilesContext] Vector store population complete - 3 total embeddings
[90mstdout[2m | src/components/Gamification/GamificationToastLayer.stories.tsx[2m > [22m[2mEaster Egg
[22m[39m[ChatContext] Chat exists and not archived, skipping creation
[90mstdout[2m | src/components/Gamification/GamificationToastLayer.stories.tsx[2m > [22m[2mRank Change
[22m[39m[ChatContext] Cleaning up subscriptions
[90mstdout[2m | src/components/Gamification/GamificationToastLayer.stories.tsx[2m > [22m[2mRank Change
[22m[39m[Mock Data] Unit.onUpdate() subscription removed. Remaining: 0
[90mstdout[2m | src/components/Gamification/GamificationToastLayer.stories.tsx[2m > [22m[2mRank Change
[22m[39m[MOCK CourseVectorStore] Initialized with mock data
[90mstdout[2m | src/components/Gamification/GamificationToastLayer.stories.tsx[2m > [22m[2mRank Change
[22m[39m[TranslationModeController] Setting mode to: off
[90mstdout[2m | src/components/Gamification/GamificationToastLayer.stories.tsx[2m > [22m[2mRank Change
[22m[39m[UnitContext] useEffect triggered {
  "authLoading": false,
  "hasUser": true,
  "id": "mock-unit-id",
  "userSub": "mock-user-sub",
}
[90mstdout[2m | src/components/Gamification/GamificationToastLayer.stories.tsx[2m > [22m[2mRank Change
[22m[39m[UnitContext] Fetching unit data for id: mock-unit-id
[90mstdout[2m | src/components/Gamification/GamificationToastLayer.stories.tsx[2m > [22m[2mRank Change
[22m[39m[FilesContext] Initializing vector store from IndexedDB
[90mstdout[2m | src/components/Gamification/GamificationToastLayer.stories.tsx[2m > [22m[2mRank Change
[22m[39m[FilesContext] fetchFiles called
[90mstdout[2m | src/components/Gamification/GamificationToastLayer.stories.tsx[2m > [22m[2mRank Change
[22m[39m[FilesContext] User authenticated: mock-user-sub
[90mstdout[2m | src/components/Gamification/GamificationToastLayer.stories.tsx[2m > [22m[2mRank Change
[22m[39m[FilesContext] Identity ID: us-east-1:mock-identity-123
[90mstdout[2m | src/components/Gamification/GamificationToastLayer.stories.tsx[2m > [22m[2mRank Change
[22m[39m[FilesContext] About to set up File observeQuery
[90mstdout[2m | src/components/Gamification/GamificationToastLayer.stories.tsx[2m > [22m[2mRank Change
[22m[39m[ChatContext] Setting up AssistantChat observeQuery
[90mstdout[2m | src/components/Gamification/GamificationToastLayer.stories.tsx[2m > [22m[2mRank Change
[22m[39m[ChatContext] Waiting for subscription to initialize
[90mstdout[2m | src/components/Gamification/GamificationToastLayer.stories.tsx[2m > [22m[2mRank Change
[22m[39m[SettingsContext] Setting up Settings subscription for user: mock-user-sub
[90mstdout[2m | src/components/Gamification/GamificationToastLayer.stories.tsx[2m > [22m[2mRank Change
[22m[39m[Mock Data] Settings created: mock-settings-1790416553047 - notified 0 subscribers
[90mstdout[2m | src/components/Gamification/GamificationToastLayer.stories.tsx[2m > [22m[2mRank Change
[22m[39m[Mock Data] Unit.onUpdate() subscription added. Total: 1
[90mstdout[2m | src/components/Gamification/GamificationToastLayer.stories.tsx[2m > [22m[2mRank Change
[22m[39m[SectionContext] Section observeQuery update: 0
[90mstdout[2m | src/components/Gamification/GamificationToastLayer.stories.tsx[2m > [22m[2mRank Change
[22m[39m[FilesContext] File observeQuery update: 6 files
[90mstdout[2m | src/components/Gamification/GamificationToastLayer.stories.tsx[2m > [22m[2mRank Change
[22m[39m[ChatContext] AssistantChat initialized with 1 chats
[90mstdout[2m | src/components/Gamification/GamificationToastLayer.stories.tsx[2m > [22m[2mRank Change
[22m[39m[ChatContext] Setting initial chat: mock-assistant-chat-1
[90mstdout[2m | src/components/Gamification/GamificationToastLayer.stories.tsx[2m > [22m[2mRank Change
[22m[39m[Mock Storage] downloadData called with: undefined
[90mstdout[2m | src/components/Gamification/GamificationToastLayer.stories.tsx[2m > [22m[2mRank Change
[22m[39m[MOCK CourseVectorStore] Initialized with mock data
[90mstdout[2m | src/components/Gamification/GamificationToastLayer.stories.tsx[2m > [22m[2mRank Change
[22m[39m[FilesContext] Vector store population triggered {
  "currentVectorStoreSize": 3,
  "documentsCount": 0,
  "filesCount": 6,
  "isInitialLoad": true,
}
[90mstdout[2m | src/components/Gamification/GamificationToastLayer.stories.tsx[2m > [22m[2mRank Change
[22m[39m[FilesContext] Vector store population complete - 3 total embeddings
[90mstdout[2m | src/components/Gamification/GamificationToastLayer.stories.tsx[2m > [22m[2mRank Change
[22m[39m[ChatContext] Chat exists and not archived, skipping creation
 [32m✓[39m [30m[45m storybook (chromium) [49m[39m src/components/Gamification/GamificationToastLayer.stories.tsx [2m([22m[2m4 tests[22m[2m)[22m[33m 419[2mms[22m[39m
[90mstdout[2m | unknown test
[22m[39m[MOCK vectorStoreDB.js] Module loaded - mock IndexedDB operations
[90mstdout[2m | unknown test
[22m[39m[Task Completion] DOM action listeners initialized
[90mstdout[2m | unknown test
[22m[39m[Task Completion] Auto-completion detector initialized
[90mstdout[2m | unknown test
[22m[39m[Preview] Task completion detector initialized
[90mstdout[2m | src/components/Editor3/plugins/AIContentCompletionPlugin.stories.jsx[2m > [22m[2mEmpty Editor
[22m[39m[Preview] Skipped initializing default mock data (initializeMockData=false)
[90mstdout[2m | src/components/Editor3/plugins/AIContentCompletionPlugin.stories.jsx[2m > [22m[2mEmpty Editor
[22m[39m[Mock Data] seedMockUnit: Adding unit ai-completion-story-unit
[90mstdout[2m | src/components/Editor3/plugins/AIContentCompletionPlugin.stories.jsx[2m > [22m[2mEmpty Editor
[22m[39m[MOCK CourseVectorStore] Initialized with mock data
[90mstdout[2m | src/components/Editor3/plugins/AIContentCompletionPlugin.stories.jsx[2m > [22m[2mEmpty Editor
[22m[39m[TranslationModeController] Setting mode to: off
[90mstdout[2m | src/components/Editor3/plugins/AIContentCompletionPlugin.stories.jsx[2m > [22m[2mEmpty Editor
[22m[39m[UnitContext] useEffect triggered {
  "authLoading": false,
  "hasUser": true,
  "id": "ai-completion-story-unit",
  "userSub": "mock-user-sub",
}
[90mstdout[2m | src/components/Editor3/plugins/AIContentCompletionPlugin.stories.jsx[2m > [22m[2mEmpty Editor
[22m[39m[UnitContext] Fetching unit data for id: ai-completion-story-unit
[90mstdout[2m | src/components/Editor3/plugins/AIContentCompletionPlugin.stories.jsx[2m > [22m[2mEmpty Editor
[22m[39m[FilesContext] Initializing vector store from IndexedDB
[90mstdout[2m | src/components/Editor3/plugins/AIContentCompletionPlugin.stories.jsx[2m > [22m[2mEmpty Editor
[22m[39m[FilesContext] fetchFiles called
[90mstdout[2m | src/components/Editor3/plugins/AIContentCompletionPlugin.stories.jsx[2m > [22m[2mEmpty Editor
[22m[39m[FilesContext] User authenticated: mock-user-sub
[90mstdout[2m | src/components/Editor3/plugins/AIContentCompletionPlugin.stories.jsx[2m > [22m[2mEmpty Editor
[22m[39m[FilesContext] Identity ID: us-east-1:mock-identity-123
[90mstdout[2m | src/components/Editor3/plugins/AIContentCompletionPlugin.stories.jsx[2m > [22m[2mEmpty Editor
[22m[39m[FilesContext] About to set up File observeQuery
[90mstdout[2m | src/components/Editor3/plugins/AIContentCompletionPlugin.stories.jsx[2m > [22m[2mEmpty Editor
[22m[39m[ChatContext] Setting up AssistantChat observeQuery
[90mstdout[2m | src/components/Editor3/plugins/AIContentCompletionPlugin.stories.jsx[2m > [22m[2mEmpty Editor
[22m[39m[ChatContext] Waiting for subscription to initialize
[90mstdout[2m | src/components/Editor3/plugins/AIContentCompletionPlugin.stories.jsx[2m > [22m[2mEmpty Editor
[22m[39m[SettingsContext] Setting up Settings subscription for user: mock-user-sub
[90mstdout[2m | src/components/Editor3/plugins/AIContentCompletionPlugin.stories.jsx[2m > [22m[2mEmpty Editor
[22m[39m[Mock Data] Settings created: mock-settings-1790416553961 - notified 0 subscribers
[90mstdout[2m | src/components/Editor3/plugins/AIContentCompletionPlugin.stories.jsx[2m > [22m[2mEmpty Editor
[22m[39m[Mock Data] Unit.onUpdate() subscription added. Total: 1
[90mstdout[2m | src/components/Editor3/plugins/AIContentCompletionPlugin.stories.jsx[2m > [22m[2mEmpty Editor
[22m[39m[SectionContext] Section observeQuery update: 0
[90mstdout[2m | src/components/Editor3/plugins/AIContentCompletionPlugin.stories.jsx[2m > [22m[2mEmpty Editor
[22m[39m[FilesContext] File observeQuery update: 0 files
[90mstdout[2m | src/components/Editor3/plugins/AIContentCompletionPlugin.stories.jsx[2m > [22m[2mEmpty Editor
[22m[39m[ChatContext] AssistantChat initialized with 0 chats
[90mstdout[2m | src/components/Editor3/plugins/AIContentCompletionPlugin.stories.jsx[2m > [22m[2mEmpty Editor
[22m[39m[Mock Storage] downloadData called with: undefined
[90mstdout[2m | src/components/Editor3/plugins/AIContentCompletionPlugin.stories.jsx[2m > [22m[2mEmpty Editor
[22m[39m[MOCK CourseVectorStore] Initialized with mock data
[90mstdout[2m | src/components/Editor3/plugins/AIContentCompletionPlugin.stories.jsx[2m > [22m[2mEmpty Editor
[22m[39m[ChatContext] No current chat available, will create one
[90mstdout[2m | src/components/Editor3/plugins/AIContentCompletionPlugin.stories.jsx[2m > [22m[2mEmpty Editor
[22m[39m[ChatContext] Creating AssistantChat with user: undefined
[90mstdout[2m | src/components/Editor3/plugins/AIContentCompletionPlugin.stories.jsx[2m > [22m[2mEmpty Editor
[22m[39m[Mock Data] AssistantChat created: mock-assistantchat-1790416553976 - notified 1 subscribers
[90mstdout[2m | src/components/Editor3/plugins/AIContentCompletionPlugin.stories.jsx[2m > [22m[2mEmpty Editor
[22m[39m[ChatContext] Create result: {
  "data": {
    "_version": 1,
    "archived": false,
    "chatFiles": [Function anonymous],
    "createdAt": "2026-09-26T09:55:53.976Z",
    "id": "mock-assistantchat-1790416553976",
    "model": "gpt-4",
    "updatedAt": "2026-09-26T09:55:53.976Z",
  },
  "errors": [],
  "hasData": true,
  "hasErrors": true,
}
[90mstdout[2m | src/components/Editor3/plugins/AIContentCompletionPlugin.stories.jsx[2m > [22m[2mEmpty Editor
[22m[39m[ChatContext] Created AssistantChat: mock-assistantchat-1790416553976 at: 2026-09-26T09:55:53.976Z
[90mstdout[2m | src/components/Editor3/plugins/AIContentCompletionPlugin.stories.jsx[2m > [22m[2mEmpty Editor
[22m[39m[ChatContext] Setting initial chat: mock-assistantchat-1790416553976
[90mstdout[2m | src/components/Editor3/plugins/AIContentCompletionPlugin.stories.jsx[2m > [22m[2mEmpty Editor
[22m[39m[ChatContext] Chat exists and not archived, skipping creation
[90mstdout[2m | src/components/Editor3/plugins/AIContentCompletionPlugin.stories.jsx[2m > [22m[2mPartial Explanation
[22m[39m[ChatContext] Cleaning up subscriptions
[90mstdout[2m | src/components/Editor3/plugins/AIContentCompletionPlugin.stories.jsx[2m > [22m[2mPartial Explanation
[22m[39m[Mock Data] Unit.onUpdate() subscription removed. Remaining: 0
[90mstdout[2m | src/components/Editor3/plugins/AIContentCompletionPlugin.stories.jsx[2m > [22m[2mPartial Explanation
[22m[39m[Preview] Skipped initializing default mock data (initializeMockData=false)
[90mstdout[2m | src/components/Editor3/plugins/AIContentCompletionPlugin.stories.jsx[2m > [22m[2mPartial Explanation
[22m[39m[Mock Data] seedMockUnit: Adding unit ai-completion-story-unit
[90mstdout[2m | src/components/Editor3/plugins/AIContentCompletionPlugin.stories.jsx[2m > [22m[2mPartial Explanation
[22m[39m[MOCK CourseVectorStore] Initialized with mock data
[90mstdout[2m | src/components/Editor3/plugins/AIContentCompletionPlugin.stories.jsx[2m > [22m[2mPartial Explanation
[22m[39m[TranslationModeController] Setting mode to: off
[90mstdout[2m | src/components/Editor3/plugins/AIContentCompletionPlugin.stories.jsx[2m > [22m[2mPartial Explanation
[22m[39m[UnitContext] useEffect triggered {
  "authLoading": false,
  "hasUser": true,
  "id": "ai-completion-story-unit",
  "userSub": "mock-user-sub",
}
[90mstdout[2m | src/components/Editor3/plugins/AIContentCompletionPlugin.stories.jsx[2m > [22m[2mPartial Explanation
[22m[39m[UnitContext] Fetching unit data for id: ai-completion-story-unit
[90mstdout[2m | src/components/Editor3/plugins/AIContentCompletionPlugin.stories.jsx[2m > [22m[2mPartial Explanation
[22m[39m[FilesContext] Initializing vector store from IndexedDB
[90mstdout[2m | src/components/Editor3/plugins/AIContentCompletionPlugin.stories.jsx[2m > [22m[2mPartial Explanation
[22m[39m[FilesContext] fetchFiles called
[90mstdout[2m | src/components/Editor3/plugins/AIContentCompletionPlugin.stories.jsx[2m > [22m[2mPartial Explanation
[22m[39m[FilesContext] User authenticated: mock-user-sub
[90mstdout[2m | src/components/Editor3/plugins/AIContentCompletionPlugin.stories.jsx[2m > [22m[2mPartial Explanation
[22m[39m[FilesContext] Identity ID: us-east-1:mock-identity-123
[90mstdout[2m | src/components/Editor3/plugins/AIContentCompletionPlugin.stories.jsx[2m > [22m[2mPartial Explanation
[22m[39m[FilesContext] About to set up File observeQuery
[90mstdout[2m | src/components/Editor3/plugins/AIContentCompletionPlugin.stories.jsx[2m > [22m[2mPartial Explanation
[22m[39m[ChatContext] Setting up AssistantChat observeQuery
[90mstdout[2m | src/components/Editor3/plugins/AIContentCompletionPlugin.stories.jsx[2m > [22m[2mPartial Explanation
[22m[39m[ChatContext] Waiting for subscription to initialize
[90mstdout[2m | src/components/Editor3/plugins/AIContentCompletionPlugin.stories.jsx[2m > [22m[2mPartial Explanation
[22m[39m[SettingsContext] Setting up Settings subscription for user: mock-user-sub
[90mstdout[2m | src/components/Editor3/plugins/AIContentCompletionPlugin.stories.jsx[2m > [22m[2mPartial Explanation
[22m[39m[Mock Data] Settings created: mock-settings-1790416554131 - notified 0 subscribers
[90mstdout[2m | src/components/Editor3/plugins/AIContentCompletionPlugin.stories.jsx[2m > [22m[2mPartial Explanation
[22m[39m[Mock Data] Unit.onUpdate() subscription added. Total: 1
[90mstdout[2m | src/components/Editor3/plugins/AIContentCompletionPlugin.stories.jsx[2m > [22m[2mPartial Explanation
[22m[39m[SectionContext] Section observeQuery update: 0
[90mstdout[2m | src/components/Editor3/plugins/AIContentCompletionPlugin.stories.jsx[2m > [22m[2mPartial Explanation
[22m[39m[FilesContext] File observeQuery update: 0 files
[90mstdout[2m | src/components/Editor3/plugins/AIContentCompletionPlugin.stories.jsx[2m > [22m[2mPartial Explanation
[22m[39m[ChatContext] AssistantChat initialized with 0 chats
[90mstdout[2m | src/components/Editor3/plugins/AIContentCompletionPlugin.stories.jsx[2m > [22m[2mPartial Explanation
[22m[39m[Mock Storage] downloadData called with: undefined
[90mstdout[2m | src/components/Editor3/plugins/AIContentCompletionPlugin.stories.jsx[2m > [22m[2mPartial Explanation
[22m[39m[MOCK CourseVectorStore] Initialized with mock data
[90mstdout[2m | src/components/Editor3/plugins/AIContentCompletionPlugin.stories.jsx[2m > [22m[2mPartial Explanation
[22m[39m[ChatContext] No current chat available, will create one
[90mstdout[2m | src/components/Editor3/plugins/AIContentCompletionPlugin.stories.jsx[2m > [22m[2mPartial Explanation
[22m[39m[ChatContext] Creating AssistantChat with user: undefined
[90mstdout[2m | src/components/Editor3/plugins/AIContentCompletionPlugin.stories.jsx[2m > [22m[2mPartial Explanation
[22m[39m[Mock Data] AssistantChat created: mock-assistantchat-1790416554147 - notified 1 subscribers
[90mstdout[2m | src/components/Editor3/plugins/AIContentCompletionPlugin.stories.jsx[2m > [22m[2mPartial Explanation
[22m[39m[ChatContext] Create result: {
  "data": {
    "_version": 1,
    "archived": false,
    "chatFiles": [Function anonymous],
    "createdAt": "2026-09-26T09:55:54.147Z",
    "id": "mock-assistantchat-1790416554147",
    "model": "gpt-4",
    "updatedAt": "2026-09-26T09:55:54.147Z",
  },
  "errors": [],
  "hasData": true,
  "hasErrors": true,
}
[90mstdout[2m | src/components/Editor3/plugins/AIContentCompletionPlugin.stories.jsx[2m > [22m[2mPartial Explanation
[22m[39m[ChatContext] Created AssistantChat: mock-assistantchat-1790416554147 at: 2026-09-26T09:55:54.147Z
[90mstdout[2m | src/components/Editor3/plugins/AIContentCompletionPlugin.stories.jsx[2m > [22m[2mPartial Explanation
[22m[39m[ChatContext] Setting initial chat: mock-assistantchat-1790416554147
[90mstdout[2m | src/components/Editor3/plugins/AIContentCompletionPlugin.stories.jsx[2m > [22m[2mPartial Explanation
[22m[39m[ChatContext] Chat exists and not archived, skipping creation
[90mstdout[2m | src/components/Editor3/plugins/AIContentCompletionPlugin.stories.jsx[2m > [22m[2mMid Lesson
[22m[39m[ChatContext] Cleaning up subscriptions
[90mstdout[2m | src/components/Editor3/plugins/AIContentCompletionPlugin.stories.jsx[2m > [22m[2mMid Lesson
[22m[39m[Mock Data] Unit.onUpdate() subscription removed. Remaining: 0
[90mstdout[2m | src/components/Editor3/plugins/AIContentCompletionPlugin.stories.jsx[2m > [22m[2mMid Lesson
[22m[39m[Preview] Skipped initializing default mock data (initializeMockData=false)
[90mstdout[2m | src/components/Editor3/plugins/AIContentCompletionPlugin.stories.jsx[2m > [22m[2mMid Lesson
[22m[39m[Mock Data] seedMockUnit: Adding unit ai-completion-story-unit
[90mstdout[2m | src/components/Editor3/plugins/AIContentCompletionPlugin.stories.jsx[2m > [22m[2mMid Lesson
[22m[39m[MOCK CourseVectorStore] Initialized with mock data
[90mstdout[2m | src/components/Editor3/plugins/AIContentCompletionPlugin.stories.jsx[2m > [22m[2mMid Lesson
[22m[39m[TranslationModeController] Setting mode to: off
[90mstdout[2m | src/components/Editor3/plugins/AIContentCompletionPlugin.stories.jsx[2m > [22m[2mMid Lesson
[22m[39m[UnitContext] useEffect triggered {
  "authLoading": false,
  "hasUser": true,
  "id": "ai-completion-story-unit",
  "userSub": "mock-user-sub",
}
[90mstdout[2m | src/components/Editor3/plugins/AIContentCompletionPlugin.stories.jsx[2m > [22m[2mMid Lesson
[22m[39m[UnitContext] Fetching unit data for id: ai-completion-story-unit
[90mstdout[2m | src/components/Editor3/plugins/AIContentCompletionPlugin.stories.jsx[2m > [22m[2mMid Lesson
[22m[39m[FilesContext] Initializing vector store from IndexedDB
[90mstdout[2m | src/components/Editor3/plugins/AIContentCompletionPlugin.stories.jsx[2m > [22m[2mMid Lesson
[22m[39m[FilesContext] fetchFiles called
[90mstdout[2m | src/components/Editor3/plugins/AIContentCompletionPlugin.stories.jsx[2m > [22m[2mMid Lesson
[22m[39m[FilesContext] User authenticated: mock-user-sub
[90mstdout[2m | src/components/Editor3/plugins/AIContentCompletionPlugin.stories.jsx[2m > [22m[2mMid Lesson
[22m[39m[FilesContext] Identity ID: us-east-1:mock-identity-123
[90mstdout[2m | src/components/Editor3/plugins/AIContentCompletionPlugin.stories.jsx[2m > [22m[2mMid Lesson
[22m[39m[FilesContext] About to set up File observeQuery
[90mstdout[2m | src/components/Editor3/plugins/AIContentCompletionPlugin.stories.jsx[2m > [22m[2mMid Lesson
[22m[39m[ChatContext] Setting up AssistantChat observeQuery
[90mstdout[2m | src/components/Editor3/plugins/AIContentCompletionPlugin.stories.jsx[2m > [22m[2mMid Lesson
[22m[39m[ChatContext] Waiting for subscription to initialize
[90mstdout[2m | src/components/Editor3/plugins/AIContentCompletionPlugin.stories.jsx[2m > [22m[2mMid Lesson
[22m[39m[SettingsContext] Setting up Settings subscription for user: mock-user-sub
[90mstdout[2m | src/components/Editor3/plugins/AIContentCompletionPlugin.stories.jsx[2m > [22m[2mMid Lesson
[22m[39m[Mock Data] Settings created: mock-settings-1790416554297 - notified 0 subscribers
[90mstdout[2m | src/components/Editor3/plugins/AIContentCompletionPlugin.stories.jsx[2m > [22m[2mMid Lesson
[22m[39m[Mock Data] Unit.onUpdate() subscription added. Total: 1
[90mstdout[2m | src/components/Editor3/plugins/AIContentCompletionPlugin.stories.jsx[2m > [22m[2mMid Lesson
[22m[39m[SectionContext] Section observeQuery update: 0
[90mstdout[2m | src/components/Editor3/plugins/AIContentCompletionPlugin.stories.jsx[2m > [22m[2mMid Lesson
[22m[39m[FilesContext] File observeQuery update: 0 files
[90mstdout[2m | src/components/Editor3/plugins/AIContentCompletionPlugin.stories.jsx[2m > [22m[2mMid Lesson
[22m[39m[ChatContext] AssistantChat initialized with 0 chats
[90mstdout[2m | src/components/Editor3/plugins/AIContentCompletionPlugin.stories.jsx[2m > [22m[2mMid Lesson
[22m[39m[MOCK CourseVectorStore] Initialized with mock data
[90mstdout[2m | src/components/Editor3/plugins/AIContentCompletionPlugin.stories.jsx[2m > [22m[2mMid Lesson
[22m[39m[ChatContext] No current chat available, will create one
[90mstdout[2m | src/components/Editor3/plugins/AIContentCompletionPlugin.stories.jsx[2m > [22m[2mMid Lesson
[22m[39m[ChatContext] Creating AssistantChat with user: undefined
[90mstdout[2m | src/components/Editor3/plugins/AIContentCompletionPlugin.stories.jsx[2m > [22m[2mMid Lesson
[22m[39m[Mock Data] AssistantChat created: mock-assistantchat-1790416554316 - notified 1 subscribers
[90mstdout[2m | src/components/Editor3/plugins/AIContentCompletionPlugin.stories.jsx[2m > [22m[2mMid Lesson
[22m[39m[ChatContext] Create result: {
  "data": {
    "_version": 1,
    "archived": false,
    "chatFiles": [Function anonymous],
    "createdAt": "2026-09-26T09:55:54.316Z",
    "id": "mock-assistantchat-1790416554316",
    "model": "gpt-4",
    "updatedAt": "2026-09-26T09:55:54.316Z",
  },
  "errors": [],
  "hasData": true,
  "hasErrors": true,
}
[90mstdout[2m | src/components/Editor3/plugins/AIContentCompletionPlugin.stories.jsx[2m > [22m[2mMid Lesson
[22m[39m[ChatContext] Created AssistantChat: mock-assistantchat-1790416554316 at: 2026-09-26T09:55:54.316Z
[90mstdout[2m | src/components/Editor3/plugins/AIContentCompletionPlugin.stories.jsx[2m > [22m[2mMid Lesson
[22m[39m[Mock Storage] downloadData called with: undefined
[90mstdout[2m | src/components/Editor3/plugins/AIContentCompletionPlugin.stories.jsx[2m > [22m[2mMid Lesson
[22m[39m[ChatContext] Setting initial chat: mock-assistantchat-1790416554316
[90mstdout[2m | src/components/Editor3/plugins/AIContentCompletionPlugin.stories.jsx[2m > [22m[2mMid Lesson
[22m[39m[ChatContext] Chat exists and not archived, skipping creation
[90mstdout[2m | src/components/Editor3/plugins/AIContentCompletionPlugin.stories.jsx[2m > [22m[2mStreaming Demo
[22m[39m[ChatContext] Cleaning up subscriptions
[90mstdout[2m | src/components/Editor3/plugins/AIContentCompletionPlugin.stories.jsx[2m > [22m[2mStreaming Demo
[22m[39m[Mock Data] Unit.onUpdate() subscription removed. Remaining: 0
[90mstdout[2m | src/components/Editor3/plugins/AIContentCompletionPlugin.stories.jsx[2m > [22m[2mStreaming Demo
[22m[39m[Preview] Skipped initializing default mock data (initializeMockData=false)
[90mstdout[2m | src/components/Editor3/plugins/AIContentCompletionPlugin.stories.jsx[2m > [22m[2mStreaming Demo
[22m[39m[Mock Data] seedMockUnit: Adding unit ai-completion-story-unit
[90mstdout[2m | src/components/Editor3/plugins/AIContentCompletionPlugin.stories.jsx[2m > [22m[2mStreaming Demo
[22m[39m[MOCK CourseVectorStore] Initialized with mock data
[90mstdout[2m | src/components/Editor3/plugins/AIContentCompletionPlugin.stories.jsx[2m > [22m[2mStreaming Demo
[22m[39m[TranslationModeController] Setting mode to: off
[90mstdout[2m | src/components/Editor3/plugins/AIContentCompletionPlugin.stories.jsx[2m > [22m[2mStreaming Demo
[22m[39m[UnitContext] useEffect triggered {
  "authLoading": false,
  "hasUser": true,
  "id": "ai-completion-story-unit",
  "userSub": "mock-user-sub",
}
[90mstdout[2m | src/components/Editor3/plugins/AIContentCompletionPlugin.stories.jsx[2m > [22m[2mStreaming Demo
[22m[39m[UnitContext] Fetching unit data for id: ai-completion-story-unit
[90mstdout[2m | src/components/Editor3/plugins/AIContentCompletionPlugin.stories.jsx[2m > [22m[2mStreaming Demo
[22m[39m[FilesContext] Initializing vector store from IndexedDB
[90mstdout[2m | src/components/Editor3/plugins/AIContentCompletionPlugin.stories.jsx[2m > [22m[2mStreaming Demo
[22m[39m[FilesContext] fetchFiles called
[90mstdout[2m | src/components/Editor3/plugins/AIContentCompletionPlugin.stories.jsx[2m > [22m[2mStreaming Demo
[22m[39m[FilesContext] User authenticated: mock-user-sub
[90mstdout[2m | src/components/Editor3/plugins/AIContentCompletionPlugin.stories.jsx[2m > [22m[2mStreaming Demo
[22m[39m[FilesContext] Identity ID: us-east-1:mock-identity-123
[90mstdout[2m | src/components/Editor3/plugins/AIContentCompletionPlugin.stories.jsx[2m > [22m[2mStreaming Demo
[22m[39m[FilesContext] About to set up File observeQuery
[90mstdout[2m | src/components/Editor3/plugins/AIContentCompletionPlugin.stories.jsx[2m > [22m[2mStreaming Demo
[22m[39m[ChatContext] Setting up AssistantChat observeQuery
[90mstdout[2m | src/components/Editor3/plugins/AIContentCompletionPlugin.stories.jsx[2m > [22m[2mStreaming Demo
[22m[39m[ChatContext] Waiting for subscription to initialize
[90mstdout[2m | src/components/Editor3/plugins/AIContentCompletionPlugin.stories.jsx[2m > [22m[2mStreaming Demo
[22m[39m[SettingsContext] Setting up Settings subscription for user: mock-user-sub
[90mstdout[2m | src/components/Editor3/plugins/AIContentCompletionPlugin.stories.jsx[2m > [22m[2mStreaming Demo
[22m[39m[Mock Data] Settings created: mock-settings-1790416554500 - notified 0 subscribers
[90mstdout[2m | src/components/Editor3/plugins/AIContentCompletionPlugin.stories.jsx[2m > [22m[2mStreaming Demo
[22m[39m[Mock Data] Unit.onUpdate() subscription added. Total: 1
[90mstdout[2m | src/components/Editor3/plugins/AIContentCompletionPlugin.stories.jsx[2m > [22m[2mStreaming Demo
[22m[39m[SectionContext] Section observeQuery update: 0
[90mstdout[2m | src/components/Editor3/plugins/AIContentCompletionPlugin.stories.jsx[2m > [22m[2mStreaming Demo
[22m[39m[FilesContext] File observeQuery update: 0 files
[90mstdout[2m | src/components/Editor3/plugins/AIContentCompletionPlugin.stories.jsx[2m > [22m[2mStreaming Demo
[22m[39m[ChatContext] AssistantChat initialized with 0 chats
[90mstdout[2m | src/components/Editor3/plugins/AIContentCompletionPlugin.stories.jsx[2m > [22m[2mStreaming Demo
[22m[39m[MOCK CourseVectorStore] Initialized with mock data
[90mstdout[2m | src/components/Editor3/plugins/AIContentCompletionPlugin.stories.jsx[2m > [22m[2mStreaming Demo
[22m[39m[ChatContext] No current chat available, will create one
[90mstdout[2m | src/components/Editor3/plugins/AIContentCompletionPlugin.stories.jsx[2m > [22m[2mStreaming Demo
[22m[39m[ChatContext] Creating AssistantChat with user: undefined
[90mstdout[2m | src/components/Editor3/plugins/AIContentCompletionPlugin.stories.jsx[2m > [22m[2mStreaming Demo
[22m[39m[Mock Data] AssistantChat created: mock-assistantchat-1790416554512 - notified 1 subscribers
[90mstdout[2m | src/components/Editor3/plugins/AIContentCompletionPlugin.stories.jsx[2m > [22m[2mStreaming Demo
[22m[39m[ChatContext] Create result: {
  "data": {
    "_version": 1,
    "archived": false,
    "chatFiles": [Function anonymous],
    "createdAt": "2026-09-26T09:55:54.512Z",
    "id": "mock-assistantchat-1790416554512",
    "model": "gpt-4",
    "updatedAt": "2026-09-26T09:55:54.512Z",
  },
  "errors": [],
  "hasData": true,
  "hasErrors": true,
}
[90mstdout[2m | src/components/Editor3/plugins/AIContentCompletionPlugin.stories.jsx[2m > [22m[2mStreaming Demo
[22m[39m[ChatContext] Created AssistantChat: mock-assistantchat-1790416554512 at: 2026-09-26T09:55:54.512Z
[90mstdout[2m | src/components/Editor3/plugins/AIContentCompletionPlugin.stories.jsx[2m > [22m[2mStreaming Demo
[22m[39m[Mock Storage] downloadData called with: undefined
[90mstdout[2m | src/components/Editor3/plugins/AIContentCompletionPlugin.stories.jsx[2m > [22m[2mStreaming Demo
[22m[39m[ChatContext] Setting initial chat: mock-assistantchat-1790416554512
[90mstdout[2m | src/components/Editor3/plugins/AIContentCompletionPlugin.stories.jsx[2m > [22m[2mStreaming Demo
[22m[39m[ChatContext] Chat exists and not archived, skipping creation
[90mstdout[2m | src/components/Editor3/plugins/AIContentCompletionPlugin.stories.jsx[2m > [22m[2mAI Unavailable
[22m[39m[ChatContext] Cleaning up subscriptions
[90mstdout[2m | src/components/Editor3/plugins/AIContentCompletionPlugin.stories.jsx[2m > [22m[2mAI Unavailable
[22m[39m[Mock Data] Unit.onUpdate() subscription removed. Remaining: 0
[90mstdout[2m | src/components/Editor3/plugins/AIContentCompletionPlugin.stories.jsx[2m > [22m[2mAI Unavailable
[22m[39m[Preview] Skipped initializing default mock data (initializeMockData=false)
[90mstdout[2m | src/components/Editor3/plugins/AIContentCompletionPlugin.stories.jsx[2m > [22m[2mAI Unavailable
[22m[39m[Mock Data] seedMockUnit: Adding unit ai-completion-story-unit
[90mstdout[2m | src/components/Editor3/plugins/AIContentCompletionPlugin.stories.jsx[2m > [22m[2mAI Unavailable
[22m[39m[MOCK CourseVectorStore] Initialized with mock data
[90mstdout[2m | src/components/Editor3/plugins/AIContentCompletionPlugin.stories.jsx[2m > [22m[2mAI Unavailable
[22m[39m[TranslationModeController] Setting mode to: off
[90mstdout[2m | src/components/Editor3/plugins/AIContentCompletionPlugin.stories.jsx[2m > [22m[2mAI Unavailable
[22m[39m[UnitContext] useEffect triggered {
  "authLoading": false,
  "hasUser": true,
  "id": "ai-completion-story-unit",
  "userSub": "mock-user-sub",
}
[90mstdout[2m | src/components/Editor3/plugins/AIContentCompletionPlugin.stories.jsx[2m > [22m[2mAI Unavailable
[22m[39m[UnitContext] Fetching unit data for id: ai-completion-story-unit
[90mstdout[2m | src/components/Editor3/plugins/AIContentCompletionPlugin.stories.jsx[2m > [22m[2mAI Unavailable
[22m[39m[FilesContext] Initializing vector store from IndexedDB
[90mstdout[2m | src/components/Editor3/plugins/AIContentCompletionPlugin.stories.jsx[2m > [22m[2mAI Unavailable
[22m[39m[FilesContext] fetchFiles called
[90mstdout[2m | src/components/Editor3/plugins/AIContentCompletionPlugin.stories.jsx[2m > [22m[2mAI Unavailable
[22m[39m[FilesContext] User authenticated: mock-user-sub
[90mstdout[2m | src/components/Editor3/plugins/AIContentCompletionPlugin.stories.jsx[2m > [22m[2mAI Unavailable
[22m[39m[FilesContext] Identity ID: us-east-1:mock-identity-123
[90mstdout[2m | src/components/Editor3/plugins/AIContentCompletionPlugin.stories.jsx[2m > [22m[2mAI Unavailable
[22m[39m[FilesContext] About to set up File observeQuery
[90mstdout[2m | src/components/Editor3/plugins/AIContentCompletionPlugin.stories.jsx[2m > [22m[2mAI Unavailable
[22m[39m[ChatContext] Setting up AssistantChat observeQuery
[90mstdout[2m | src/components/Editor3/plugins/AIContentCompletionPlugin.stories.jsx[2m > [22m[2mAI Unavailable
[22m[39m[ChatContext] Waiting for subscription to initialize
[90mstdout[2m | src/components/Editor3/plugins/AIContentCompletionPlugin.stories.jsx[2m > [22m[2mAI Unavailable
[22m[39m[SettingsContext] Setting up Settings subscription for user: mock-user-sub
[90mstdout[2m | src/components/Editor3/plugins/AIContentCompletionPlugin.stories.jsx[2m > [22m[2mAI Unavailable
[22m[39m[Mock Data] Settings created: mock-settings-1790416554618 - notified 0 subscribers
[90mstdout[2m | src/components/Editor3/plugins/AIContentCompletionPlugin.stories.jsx[2m > [22m[2mAI Unavailable
[22m[39m[Mock Data] Unit.onUpdate() subscription added. Total: 1
[90mstdout[2m | src/components/Editor3/plugins/AIContentCompletionPlugin.stories.jsx[2m > [22m[2mAI Unavailable
[22m[39m[SectionContext] Section observeQuery update: 0
[90mstdout[2m | src/components/Editor3/plugins/AIContentCompletionPlugin.stories.jsx[2m > [22m[2mAI Unavailable
[22m[39m[FilesContext] File observeQuery update: 0 files
[90mstdout[2m | src/components/Editor3/plugins/AIContentCompletionPlugin.stories.jsx[2m > [22m[2mAI Unavailable
[22m[39m[ChatContext] AssistantChat initialized with 0 chats
[90mstdout[2m | src/components/Editor3/plugins/AIContentCompletionPlugin.stories.jsx[2m > [22m[2mAI Unavailable
[22m[39m[Mock Storage] downloadData called with: undefined
[90mstdout[2m | src/components/Editor3/plugins/AIContentCompletionPlugin.stories.jsx[2m > [22m[2mAI Unavailable
[22m[39m[MOCK CourseVectorStore] Initialized with mock data
[90mstdout[2m | src/components/Editor3/plugins/AIContentCompletionPlugin.stories.jsx[2m > [22m[2mAI Unavailable
[22m[39m[ChatContext] No current chat available, will create one
[90mstdout[2m | src/components/Editor3/plugins/AIContentCompletionPlugin.stories.jsx[2m > [22m[2mAI Unavailable
[22m[39m[ChatContext] Creating AssistantChat with user: undefined
[90mstdout[2m | src/components/Editor3/plugins/AIContentCompletionPlugin.stories.jsx[2m > [22m[2mAI Unavailable
[22m[39m[Mock Data] AssistantChat created: mock-assistantchat-1790416554627 - notified 1 subscribers
[90mstdout[2m | src/components/Editor3/plugins/AIContentCompletionPlugin.stories.jsx[2m > [22m[2mAI Unavailable
[22m[39m[ChatContext] Create result: {
  "data": {
    "_version": 1,
    "archived": false,
    "chatFiles": [Function anonymous],
    "createdAt": "2026-09-26T09:55:54.627Z",
    "id": "mock-assistantchat-1790416554627",
    "model": "gpt-4",
    "updatedAt": "2026-09-26T09:55:54.627Z",
  },
  "errors": [],
  "hasData": true,
  "hasErrors": true,
}
[90mstdout[2m | src/components/Editor3/plugins/AIContentCompletionPlugin.stories.jsx[2m > [22m[2mAI Unavailable
[22m[39m[ChatContext] Created AssistantChat: mock-assistantchat-1790416554627 at: 2026-09-26T09:55:54.627Z
[90mstdout[2m | src/components/Editor3/plugins/AIContentCompletionPlugin.stories.jsx[2m > [22m[2mAI Unavailable
[22m[39m[ChatContext] Setting initial chat: mock-assistantchat-1790416554627
[90mstdout[2m | src/components/Editor3/plugins/AIContentCompletionPlugin.stories.jsx[2m > [22m[2mAI Unavailable
[22m[39m[ChatContext] Chat exists and not archived, skipping creation
 [32m✓[39m [30m[45m storybook (chromium) [49m[39m src/components/Editor3/plugins/AIContentCompletionPlugin.stories.jsx [2m([22m[2m5 tests[22m[2m)[22m[33m 820[2mms[22m[39m
[90mstdout[2m | unknown test
[22m[39m[MOCK vectorStoreDB.js] Module loaded - mock IndexedDB operations
[90mstdout[2m | unknown test
[22m[39m[Task Completion] DOM action listeners initialized
[90mstdout[2m | unknown test
[22m[39m[Task Completion] Auto-completion detector initialized
[90mstdout[2m | unknown test
[22m[39m[Preview] Task completion detector initialized
[90mstdout[2m | src/components/Gamification/Medallion.stories.tsx[2m > [22m[2mDefault
[22m[39m[TranslationModeController] Setting mode to: off
[90mstdout[2m | src/components/Gamification/Medallion.stories.tsx[2m > [22m[2mShapes And Metals
[22m[39m[TranslationModeController] Setting mode to: off
[90mstdout[2m | src/components/Gamification/Medallion.stories.tsx[2m > [22m[2mSizes
[22m[39m[TranslationModeController] Setting mode to: off
 [32m✓[39m [30m[45m storybook (chromium) [49m[39m src/components/Gamification/Medallion.stories.tsx [2m([22m[2m3 tests[22m[2m)[22m[33m 455[2mms[22m[39m
[90mstdout[2m | unknown test
[22m[39m[MOCK vectorStoreDB.js] Module loaded - mock IndexedDB operations
[90mstdout[2m | unknown test
[22m[39m[Task Completion] DOM action listeners initialized
[90mstdout[2m | unknown test
[22m[39m[Task Completion] Auto-completion detector initialized
[90mstdout[2m | unknown test
[22m[39m[Preview] Task completion detector initialized
[90mstdout[2m | src/components/Gamification/RankChangeToast.stories.tsx[2m > [22m[2mRank Up
[22m[39m[MOCK CourseVectorStore] Initialized with mock data
[90mstdout[2m | src/components/Gamification/RankChangeToast.stories.tsx[2m > [22m[2mRank Up
[22m[39m[TranslationModeController] Setting mode to: off
[90mstdout[2m | src/components/Gamification/RankChangeToast.stories.tsx[2m > [22m[2mRank Up
[22m[39m[UnitContext] useEffect triggered {
  "authLoading": false,
  "hasUser": true,
  "id": "mock-unit-id",
  "userSub": "mock-user-sub",
}
[90mstdout[2m | src/components/Gamification/RankChangeToast.stories.tsx[2m > [22m[2mRank Up
[22m[39m[UnitContext] Fetching unit data for id: mock-unit-id
[90mstdout[2m | src/components/Gamification/RankChangeToast.stories.tsx[2m > [22m[2mRank Up
[22m[39m[FilesContext] Initializing vector store from IndexedDB
[90mstdout[2m | src/components/Gamification/RankChangeToast.stories.tsx[2m > [22m[2mRank Up
[22m[39m[FilesContext] fetchFiles called
[90mstdout[2m | src/components/Gamification/RankChangeToast.stories.tsx[2m > [22m[2mRank Up
[22m[39m[FilesContext] User authenticated: mock-user-sub
[90mstdout[2m | src/components/Gamification/RankChangeToast.stories.tsx[2m > [22m[2mRank Up
[22m[39m[FilesContext] Identity ID: us-east-1:mock-identity-123
[90mstdout[2m | src/components/Gamification/RankChangeToast.stories.tsx[2m > [22m[2mRank Up
[22m[39m[FilesContext] About to set up File observeQuery
[90mstdout[2m | src/components/Gamification/RankChangeToast.stories.tsx[2m > [22m[2mRank Up
[22m[39m[ChatContext] Setting up AssistantChat observeQuery
[90mstdout[2m | src/components/Gamification/RankChangeToast.stories.tsx[2m > [22m[2mRank Up
[22m[39m[ChatContext] Waiting for subscription to initialize
[90mstdout[2m | src/components/Gamification/RankChangeToast.stories.tsx[2m > [22m[2mRank Up
[22m[39m[SettingsContext] Setting up Settings subscription for user: mock-user-sub
[90mstdout[2m | src/components/Gamification/RankChangeToast.stories.tsx[2m > [22m[2mRank Up
[22m[39m[Mock Data] Settings created: mock-settings-1790416556703 - notified 0 subscribers
[90mstdout[2m | src/components/Gamification/RankChangeToast.stories.tsx[2m > [22m[2mRank Up
[22m[39m[Mock Data] Unit.onUpdate() subscription added. Total: 1
[90mstdout[2m | src/components/Gamification/RankChangeToast.stories.tsx[2m > [22m[2mRank Up
[22m[39m[SectionContext] Section observeQuery update: 0
[90mstdout[2m | src/components/Gamification/RankChangeToast.stories.tsx[2m > [22m[2mRank Up
[22m[39m[FilesContext] File observeQuery update: 6 files
[90mstdout[2m | src/components/Gamification/RankChangeToast.stories.tsx[2m > [22m[2mRank Up
[22m[39m[ChatContext] AssistantChat initialized with 1 chats
[90mstdout[2m | src/components/Gamification/RankChangeToast.stories.tsx[2m > [22m[2mRank Up
[22m[39m[ChatContext] Setting initial chat: mock-assistant-chat-1
[90mstdout[2m | src/components/Gamification/RankChangeToast.stories.tsx[2m > [22m[2mRank Up
[22m[39m[MOCK CourseVectorStore] Initialized with mock data
[90mstdout[2m | src/components/Gamification/RankChangeToast.stories.tsx[2m > [22m[2mRank Up
[22m[39m[FilesContext] Vector store population triggered {
  "currentVectorStoreSize": 3,
  "documentsCount": 0,
  "filesCount": 6,
  "isInitialLoad": true,
}
[90mstdout[2m | src/components/Gamification/RankChangeToast.stories.tsx[2m > [22m[2mRank Up
[22m[39m[FilesContext] Vector store population complete - 3 total embeddings
[90mstdout[2m | src/components/Gamification/RankChangeToast.stories.tsx[2m > [22m[2mRank Up
[22m[39m[ChatContext] Chat exists and not archived, skipping creation
[90mstdout[2m | src/components/Gamification/RankChangeToast.stories.tsx[2m > [22m[2mRank Up
[22m[39m[Mock Storage] downloadData called with: undefined
[90mstdout[2m | src/components/Gamification/RankChangeToast.stories.tsx[2m > [22m[2mRank Down
[22m[39m[ChatContext] Cleaning up subscriptions
[90mstdout[2m | src/components/Gamification/RankChangeToast.stories.tsx[2m > [22m[2mRank Down
[22m[39m[Mock Data] Unit.onUpdate() subscription removed. Remaining: 0
[90mstdout[2m | src/components/Gamification/RankChangeToast.stories.tsx[2m > [22m[2mRank Down
[22m[39m[MOCK CourseVectorStore] Initialized with mock data
[90mstdout[2m | src/components/Gamification/RankChangeToast.stories.tsx[2m > [22m[2mRank Down
[22m[39m[TranslationModeController] Setting mode to: off
[90mstdout[2m | src/components/Gamification/RankChangeToast.stories.tsx[2m > [22m[2mRank Down
[22m[39m[UnitContext] useEffect triggered {
  "authLoading": false,
  "hasUser": true,
  "id": "mock-unit-id",
  "userSub": "mock-user-sub",
}
[90mstdout[2m | src/components/Gamification/RankChangeToast.stories.tsx[2m > [22m[2mRank Down
[22m[39m[UnitContext] Fetching unit data for id: mock-unit-id
[90mstdout[2m | src/components/Gamification/RankChangeToast.stories.tsx[2m > [22m[2mRank Down
[22m[39m[FilesContext] Initializing vector store from IndexedDB
[90mstdout[2m | src/components/Gamification/RankChangeToast.stories.tsx[2m > [22m[2mRank Down
[22m[39m[FilesContext] fetchFiles called
[90mstdout[2m | src/components/Gamification/RankChangeToast.stories.tsx[2m > [22m[2mRank Down
[22m[39m[FilesContext] User authenticated: mock-user-sub
[90mstdout[2m | src/components/Gamification/RankChangeToast.stories.tsx[2m > [22m[2mRank Down
[22m[39m[FilesContext] Identity ID: us-east-1:mock-identity-123
[90mstdout[2m | src/components/Gamification/RankChangeToast.stories.tsx[2m > [22m[2mRank Down
[22m[39m[FilesContext] About to set up File observeQuery
[90mstdout[2m | src/components/Gamification/RankChangeToast.stories.tsx[2m > [22m[2mRank Down
[22m[39m[ChatContext] Setting up AssistantChat observeQuery
[90mstdout[2m | src/components/Gamification/RankChangeToast.stories.tsx[2m > [22m[2mRank Down
[22m[39m[ChatContext] Waiting for subscription to initialize
[90mstdout[2m | src/components/Gamification/RankChangeToast.stories.tsx[2m > [22m[2mRank Down
[22m[39m[SettingsContext] Setting up Settings subscription for user: mock-user-sub
[90mstdout[2m | src/components/Gamification/RankChangeToast.stories.tsx[2m > [22m[2mRank Down
[22m[39m[Mock Data] Settings created: mock-settings-1790416556841 - notified 0 subscribers
[90mstdout[2m | src/components/Gamification/RankChangeToast.stories.tsx[2m > [22m[2mRank Down
[22m[39m[Mock Data] Unit.onUpdate() subscription added. Total: 1
[90mstdout[2m | src/components/Gamification/RankChangeToast.stories.tsx[2m > [22m[2mRank Down
[22m[39m[SectionContext] Section observeQuery update: 0
[90mstdout[2m | src/components/Gamification/RankChangeToast.stories.tsx[2m > [22m[2mRank Down
[22m[39m[FilesContext] File observeQuery update: 6 files
[90mstdout[2m | src/components/Gamification/RankChangeToast.stories.tsx[2m > [22m[2mRank Down
[22m[39m[MOCK CourseVectorStore] Initialized with mock data
[90mstdout[2m | src/components/Gamification/RankChangeToast.stories.tsx[2m > [22m[2mRank Down
[22m[39m[FilesContext] Vector store population triggered {
  "currentVectorStoreSize": 3,
  "documentsCount": 0,
  "filesCount": 6,
  "isInitialLoad": true,
}
[90mstdout[2m | src/components/Gamification/RankChangeToast.stories.tsx[2m > [22m[2mRank Down
[22m[39m[FilesContext] Vector store population complete - 3 total embeddings
[90mstdout[2m | src/components/Gamification/RankChangeToast.stories.tsx[2m > [22m[2mRank Down
[22m[39m[ChatContext] AssistantChat initialized with 1 chats
[90mstdout[2m | src/components/Gamification/RankChangeToast.stories.tsx[2m > [22m[2mRank Down
[22m[39m[ChatContext] Setting initial chat: mock-assistant-chat-1
[90mstdout[2m | src/components/Gamification/RankChangeToast.stories.tsx[2m > [22m[2mRank Down
[22m[39m[Mock Storage] downloadData called with: undefined
[90mstdout[2m | src/components/Gamification/RankChangeToast.stories.tsx[2m > [22m[2mRank Down
[22m[39m[ChatContext] Chat exists and not archived, skipping creation
[90mstdout[2m | src/components/Gamification/RankChangeToast.stories.tsx[2m > [22m[2mTop Rank
[22m[39m[ChatContext] Cleaning up subscriptions
[90mstdout[2m | src/components/Gamification/RankChangeToast.stories.tsx[2m > [22m[2mTop Rank
[22m[39m[Mock Data] Unit.onUpdate() subscription removed. Remaining: 0
[90mstdout[2m | src/components/Gamification/RankChangeToast.stories.tsx[2m > [22m[2mTop Rank
[22m[39m[MOCK CourseVectorStore] Initialized with mock data
[90mstdout[2m | src/components/Gamification/RankChangeToast.stories.tsx[2m > [22m[2mTop Rank
[22m[39m[TranslationModeController] Setting mode to: off
[90mstdout[2m | src/components/Gamification/RankChangeToast.stories.tsx[2m > [22m[2mTop Rank
[22m[39m[UnitContext] useEffect triggered {
  "authLoading": false,
  "hasUser": true,
  "id": "mock-unit-id",
  "userSub": "mock-user-sub",
}
[90mstdout[2m | src/components/Gamification/RankChangeToast.stories.tsx[2m > [22m[2mTop Rank
[22m[39m[UnitContext] Fetching unit data for id: mock-unit-id
[90mstdout[2m | src/components/Gamification/RankChangeToast.stories.tsx[2m > [22m[2mTop Rank
[22m[39m[FilesContext] Initializing vector store from IndexedDB
[90mstdout[2m | src/components/Gamification/RankChangeToast.stories.tsx[2m > [22m[2mTop Rank
[22m[39m[FilesContext] fetchFiles called
[90mstdout[2m | src/components/Gamification/RankChangeToast.stories.tsx[2m > [22m[2mTop Rank
[22m[39m[FilesContext] User authenticated: mock-user-sub
[90mstdout[2m | src/components/Gamification/RankChangeToast.stories.tsx[2m > [22m[2mTop Rank
[22m[39m[FilesContext] Identity ID: us-east-1:mock-identity-123
[90mstdout[2m | src/components/Gamification/RankChangeToast.stories.tsx[2m > [22m[2mTop Rank
[22m[39m[FilesContext] About to set up File observeQuery
[90mstdout[2m | src/components/Gamification/RankChangeToast.stories.tsx[2m > [22m[2mTop Rank
[22m[39m[ChatContext] Setting up AssistantChat observeQuery
[90mstdout[2m | src/components/Gamification/RankChangeToast.stories.tsx[2m > [22m[2mTop Rank
[22m[39m[ChatContext] Waiting for subscription to initialize
[90mstdout[2m | src/components/Gamification/RankChangeToast.stories.tsx[2m > [22m[2mTop Rank
[22m[39m[SettingsContext] Setting up Settings subscription for user: mock-user-sub
[90mstdout[2m | src/components/Gamification/RankChangeToast.stories.tsx[2m > [22m[2mTop Rank
[22m[39m[Mock Data] Settings created: mock-settings-1790416556957 - notified 0 subscribers
[90mstdout[2m | src/components/Gamification/RankChangeToast.stories.tsx[2m > [22m[2mTop Rank
[22m[39m[Mock Data] Unit.onUpdate() subscription added. Total: 1
[90mstdout[2m | src/components/Gamification/RankChangeToast.stories.tsx[2m > [22m[2mTop Rank
[22m[39m[SectionContext] Section observeQuery update: 0
[90mstdout[2m | src/components/Gamification/RankChangeToast.stories.tsx[2m > [22m[2mTop Rank
[22m[39m[FilesContext] File observeQuery update: 6 files
[90mstdout[2m | src/components/Gamification/RankChangeToast.stories.tsx[2m > [22m[2mTop Rank
[22m[39m[MOCK CourseVectorStore] Initialized with mock data
[90mstdout[2m | src/components/Gamification/RankChangeToast.stories.tsx[2m > [22m[2mTop Rank
[22m[39m[FilesContext] Vector store population triggered {
  "currentVectorStoreSize": 3,
  "documentsCount": 0,
  "filesCount": 6,
  "isInitialLoad": true,
}
[90mstdout[2m | src/components/Gamification/RankChangeToast.stories.tsx[2m > [22m[2mTop Rank
[22m[39m[FilesContext] Vector store population complete - 3 total embeddings
[90mstdout[2m | src/components/Gamification/RankChangeToast.stories.tsx[2m > [22m[2mTop Rank
[22m[39m[ChatContext] AssistantChat initialized with 1 chats
[90mstdout[2m | src/components/Gamification/RankChangeToast.stories.tsx[2m > [22m[2mTop Rank
[22m[39m[ChatContext] Setting initial chat: mock-assistant-chat-1
[90mstdout[2m | src/components/Gamification/RankChangeToast.stories.tsx[2m > [22m[2mTop Rank
[22m[39m[Mock Storage] downloadData called with: undefined
[90mstdout[2m | src/components/Gamification/RankChangeToast.stories.tsx[2m > [22m[2mTop Rank
[22m[39m[ChatContext] Chat exists and not archived, skipping creation
 [32m✓[39m [30m[45m storybook (chromium) [49m[39m src/components/Gamification/RankChangeToast.stories.tsx [2m([22m[2m3 tests[22m[2m)[22m[33m 381[2mms[22m[39m
[90mstdout[2m | unknown test
[22m[39m[MOCK vectorStoreDB.js] Module loaded - mock IndexedDB operations
[90mstdout[2m | unknown test
[22m[39m[Task Completion] DOM action listeners initialized
[90mstdout[2m | unknown test
[22m[39m[Task Completion] Auto-completion detector initialized
[90mstdout[2m | unknown test
[22m[39m[Preview] Task completion detector initialized
[90mstdout[2m | src/components/Editor3/components/PdfViewerComponent.stories.jsx[2m > [22m[2mDefault
[22m[39m[MOCK CourseVectorStore] Initialized with mock data
[90mstdout[2m | src/components/Editor3/components/PdfViewerComponent.stories.jsx[2m > [22m[2mDefault
[22m[39mMock Cache.getItem called with: getCachedUrl_public/documents/sample.pdf
[90mstdout[2m | src/components/Editor3/components/PdfViewerComponent.stories.jsx[2m > [22m[2mDefault
[22m[39m[TranslationModeController] Setting mode to: off
[90mstdout[2m | src/components/Editor3/components/PdfViewerComponent.stories.jsx[2m > [22m[2mDefault
[22m[39m[FilesContext] Initializing vector store from IndexedDB
[90mstdout[2m | src/components/Editor3/components/PdfViewerComponent.stories.jsx[2m > [22m[2mDefault
[22m[39m[FilesContext] fetchFiles called
[90mstdout[2m | src/components/Editor3/components/PdfViewerComponent.stories.jsx[2m > [22m[2mDefault
[22m[39m[FilesContext] User authenticated: mock-user-sub
[90mstdout[2m | src/components/Editor3/components/PdfViewerComponent.stories.jsx[2m > [22m[2mDefault
[22m[39m[FilesContext] Identity ID: us-east-1:mock-identity-123
[90mstdout[2m | src/components/Editor3/components/PdfViewerComponent.stories.jsx[2m > [22m[2mDefault
[22m[39m[FilesContext] About to set up File observeQuery
[90mstdout[2m | src/components/Editor3/components/PdfViewerComponent.stories.jsx[2m > [22m[2mDefault
[22m[39m[ChatContext] Setting up AssistantChat observeQuery
[90mstdout[2m | src/components/Editor3/components/PdfViewerComponent.stories.jsx[2m > [22m[2mDefault
[22m[39m[ChatContext] Waiting for subscription to initialize
[90mstdout[2m | src/components/Editor3/components/PdfViewerComponent.stories.jsx[2m > [22m[2mDefault
[22m[39m[SettingsContext] Setting up Settings subscription for user: mock-user-sub
[90mstdout[2m | src/components/Editor3/components/PdfViewerComponent.stories.jsx[2m > [22m[2mDefault
[22m[39mMock getUrl called with: public/documents/sample.pdf
[90mstdout[2m | src/components/Editor3/components/PdfViewerComponent.stories.jsx[2m > [22m[2mDefault
[22m[39m[Mock Data] Settings created: mock-settings-1790416561863 - notified 0 subscribers
[90mstdout[2m | src/components/Editor3/components/PdfViewerComponent.stories.jsx[2m > [22m[2mDefault
[22m[39mMock Cache.setItem called with: getCachedUrl_public/documents/sample.pdf blob:http://localhost:63315/9d5ae96a-896c-4912-87de-dc83a9c75368
[90mstdout[2m | src/components/Editor3/components/PdfViewerComponent.stories.jsx[2m > [22m[2mDefault
[22m[39m[FilesContext] File observeQuery update: 6 files
[90mstdout[2m | src/components/Editor3/components/PdfViewerComponent.stories.jsx[2m > [22m[2mDefault
[22m[39m[ChatContext] AssistantChat initialized with 1 chats
[90mstdout[2m | src/components/Editor3/components/PdfViewerComponent.stories.jsx[2m > [22m[2mDefault
[22m[39m[ChatContext] Setting initial chat: mock-assistant-chat-1
[90mstdout[2m | src/components/Editor3/components/PdfViewerComponent.stories.jsx[2m > [22m[2mDefault
[22m[39m[MOCK CourseVectorStore] Initialized with mock data
[90mstdout[2m | src/components/Editor3/components/PdfViewerComponent.stories.jsx[2m > [22m[2mDefault
[22m[39m[FilesContext] Vector store population triggered {
  "currentVectorStoreSize": 3,
  "documentsCount": 0,
  "filesCount": 6,
  "isInitialLoad": true,
}
[90mstdout[2m | src/components/Editor3/components/PdfViewerComponent.stories.jsx[2m > [22m[2mDefault
[22m[39m[FilesContext] Vector store population complete - 3 total embeddings
[90mstdout[2m | src/components/Editor3/components/PdfViewerComponent.stories.jsx[2m > [22m[2mDefault
[22m[39m[ChatContext] Chat exists and not archived, skipping creation
[90mstdout[2m | src/components/Editor3/components/PdfViewerComponent.stories.jsx[2m > [22m[2mDefault
[22m[39m[Mock Storage] downloadData called with: undefined
[90mstdout[2m | src/components/Editor3/components/PdfViewerComponent.stories.jsx[2m > [22m[2mLong Filename
[22m[39m[ChatContext] Cleaning up subscriptions
[90mstdout[2m | src/components/Editor3/components/PdfViewerComponent.stories.jsx[2m > [22m[2mLong Filename
[22m[39m[MOCK CourseVectorStore] Initialized with mock data
[90mstdout[2m | src/components/Editor3/components/PdfViewerComponent.stories.jsx[2m > [22m[2mLong Filename
[22m[39mMock Cache.getItem called with: getCachedUrl_public/documents/very-long-filename-that-might-truncate.pdf
[90mstdout[2m | src/components/Editor3/components/PdfViewerComponent.stories.jsx[2m > [22m[2mLong Filename
[22m[39m[TranslationModeController] Setting mode to: off
[90mstdout[2m | src/components/Editor3/components/PdfViewerComponent.stories.jsx[2m > [22m[2mLong Filename
[22m[39m[FilesContext] Initializing vector store from IndexedDB
[90mstdout[2m | src/components/Editor3/components/PdfViewerComponent.stories.jsx[2m > [22m[2mLong Filename
[22m[39m[FilesContext] fetchFiles called
[90mstdout[2m | src/components/Editor3/components/PdfViewerComponent.stories.jsx[2m > [22m[2mLong Filename
[22m[39m[FilesContext] User authenticated: mock-user-sub
[90mstdout[2m | src/components/Editor3/components/PdfViewerComponent.stories.jsx[2m > [22m[2mLong Filename
[22m[39m[FilesContext] Identity ID: us-east-1:mock-identity-123
[90mstdout[2m | src/components/Editor3/components/PdfViewerComponent.stories.jsx[2m > [22m[2mLong Filename
[22m[39m[FilesContext] About to set up File observeQuery
[90mstdout[2m | src/components/Editor3/components/PdfViewerComponent.stories.jsx[2m > [22m[2mLong Filename
[22m[39m[ChatContext] Setting up AssistantChat observeQuery
[90mstdout[2m | src/components/Editor3/components/PdfViewerComponent.stories.jsx[2m > [22m[2mLong Filename
[22m[39m[ChatContext] Waiting for subscription to initialize
[90mstdout[2m | src/components/Editor3/components/PdfViewerComponent.stories.jsx[2m > [22m[2mLong Filename
[22m[39m[SettingsContext] Setting up Settings subscription for user: mock-user-sub
[90mstdout[2m | src/components/Editor3/components/PdfViewerComponent.stories.jsx[2m > [22m[2mLong Filename
[22m[39mMock getUrl called with: public/documents/very-long-filename-that-might-truncate.pdf
[90mstdout[2m | src/components/Editor3/components/PdfViewerComponent.stories.jsx[2m > [22m[2mLong Filename
[22m[39m[Mock Data] Settings created: mock-settings-1790416562436 - notified 0 subscribers
[90mstdout[2m | src/components/Editor3/components/PdfViewerComponent.stories.jsx[2m > [22m[2mLong Filename
[22m[39mMock Cache.setItem called with: getCachedUrl_public/documents/very-long-filename-that-might-truncate.pdf blob:http://localhost:63315/a2516f3b-1618-41b5-993c-cf058ead1cc9
[90mstdout[2m | src/components/Editor3/components/PdfViewerComponent.stories.jsx[2m > [22m[2mLong Filename
[22m[39m[FilesContext] File observeQuery update: 6 files
[90mstdout[2m | src/components/Editor3/components/PdfViewerComponent.stories.jsx[2m > [22m[2mLong Filename
[22m[39m[ChatContext] AssistantChat initialized with 1 chats
[90mstdout[2m | src/components/Editor3/components/PdfViewerComponent.stories.jsx[2m > [22m[2mLong Filename
[22m[39m[ChatContext] Setting initial chat: mock-assistant-chat-1
[90mstdout[2m | src/components/Editor3/components/PdfViewerComponent.stories.jsx[2m > [22m[2mLong Filename
[22m[39m[MOCK CourseVectorStore] Initialized with mock data
[90mstdout[2m | src/components/Editor3/components/PdfViewerComponent.stories.jsx[2m > [22m[2mLong Filename
[22m[39m[FilesContext] Vector store population triggered {
  "currentVectorStoreSize": 3,
  "documentsCount": 0,
  "filesCount": 6,
  "isInitialLoad": true,
}
[90mstdout[2m | src/components/Editor3/components/PdfViewerComponent.stories.jsx[2m > [22m[2mLong Filename
[22m[39m[FilesContext] Vector store population complete - 3 total embeddings
[90mstdout[2m | src/components/Editor3/components/PdfViewerComponent.stories.jsx[2m > [22m[2mLong Filename
[22m[39m[ChatContext] Chat exists and not archived, skipping creation
[90mstdout[2m | src/components/Editor3/components/PdfViewerComponent.stories.jsx[2m > [22m[2mLong Filename
[22m[39m[Mock Storage] downloadData called with: undefined
 [32m✓[39m [30m[45m storybook (chromium) [49m[39m src/components/Editor3/components/PdfViewerComponent.stories.jsx [2m([22m[2m2 tests[22m[2m)[22m[33m 878[2mms[22m[39m
   [33m[2m✓[22m[39m Default [33m 664[2mms[22m[39m
[90mstdout[2m | unknown test
[22m[39m[MOCK vectorStoreDB.js] Module loaded - mock IndexedDB operations
[90mstdout[2m | unknown test
[22m[39m[Task Completion] DOM action listeners initialized
[90mstdout[2m | unknown test
[22m[39m[Task Completion] Auto-completion detector initialized
[90mstdout[2m | unknown test
[22m[39m[Preview] Task completion detector initialized
[90mstdout[2m | src/components/Gamification/SkillTree.stories.tsx[2m > [22m[2mDefault
[22m[39m[TranslationModeController] Setting mode to: off
[90mstdout[2m | src/components/Gamification/SkillTree.stories.tsx[2m > [22m[2mAll Mastered
[22m[39m[TranslationModeController] Setting mode to: off
[90mstdout[2m | src/components/Gamification/SkillTree.stories.tsx[2m > [22m[2mAll Locked
[22m[39m[TranslationModeController] Setting mode to: off
[90mstdout[2m | src/components/Gamification/SkillTree.stories.tsx[2m > [22m[2mEmpty
[22m[39m[TranslationModeController] Setting mode to: off
[90mstdout[2m | src/components/Gamification/SkillTree.stories.tsx[2m > [22m[2mWith Generate
[22m[39m[TranslationModeController] Setting mode to: off
[90mstdout[2m | src/components/Gamification/SkillTree.stories.tsx[2m > [22m[2mDefault Interaction
[22m[39m[TranslationModeController] Setting mode to: off
[90mstdout[2m | src/components/Gamification/SkillTree.stories.tsx[2m > [22m[2mEmpty Interaction
[22m[39m[TranslationModeController] Setting mode to: off
 [32m✓[39m [30m[45m storybook (chromium) [49m[39m src/components/Gamification/SkillTree.stories.tsx [2m([22m[2m7 tests[22m[2m)[22m[33m 1098[2mms[22m[39m
   [33m[2m✓[22m[39m Default [33m 343[2mms[22m[39m
[90mstdout[2m | unknown test
[22m[39m[MOCK vectorStoreDB.js] Module loaded - mock IndexedDB operations
[90mstdout[2m | unknown test
[22m[39m[Task Completion] DOM action listeners initialized
[90mstdout[2m | unknown test
[22m[39m[Task Completion] Auto-completion detector initialized
[90mstdout[2m | unknown test
[22m[39m[Preview] Task completion detector initialized
[90mstdout[2m | src/components/Gamification/ContentUnlockAnimation.stories.tsx[2m > [22m[2mPlaying
[22m[39m[MOCK CourseVectorStore] Initialized with mock data
[90mstdout[2m | src/components/Gamification/ContentUnlockAnimation.stories.tsx[2m > [22m[2mPlaying
[22m[39m[TranslationModeController] Setting mode to: off
[90mstdout[2m | src/components/Gamification/ContentUnlockAnimation.stories.tsx[2m > [22m[2mPlaying
[22m[39m[UnitContext] useEffect triggered {
  "authLoading": false,
  "hasUser": true,
  "id": "mock-unit-id",
  "userSub": "mock-user-sub",
}
[90mstdout[2m | src/components/Gamification/ContentUnlockAnimation.stories.tsx[2m > [22m[2mPlaying
[22m[39m[UnitContext] Fetching unit data for id: mock-unit-id
[90mstdout[2m | src/components/Gamification/ContentUnlockAnimation.stories.tsx[2m > [22m[2mPlaying
[22m[39m[FilesContext] Initializing vector store from IndexedDB
[90mstdout[2m | src/components/Gamification/ContentUnlockAnimation.stories.tsx[2m > [22m[2mPlaying
[22m[39m[FilesContext] fetchFiles called
[90mstdout[2m | src/components/Gamification/ContentUnlockAnimation.stories.tsx[2m > [22m[2mPlaying
[22m[39m[FilesContext] User authenticated: mock-user-sub
[90mstdout[2m | src/components/Gamification/ContentUnlockAnimation.stories.tsx[2m > [22m[2mPlaying
[22m[39m[FilesContext] Identity ID: us-east-1:mock-identity-123
[90mstdout[2m | src/components/Gamification/ContentUnlockAnimation.stories.tsx[2m > [22m[2mPlaying
[22m[39m[FilesContext] About to set up File observeQuery
[90mstdout[2m | src/components/Gamification/ContentUnlockAnimation.stories.tsx[2m > [22m[2mPlaying
[22m[39m[ChatContext] Setting up AssistantChat observeQuery
[90mstdout[2m | src/components/Gamification/ContentUnlockAnimation.stories.tsx[2m > [22m[2mPlaying
[22m[39m[ChatContext] Waiting for subscription to initialize
[90mstdout[2m | src/components/Gamification/ContentUnlockAnimation.stories.tsx[2m > [22m[2mPlaying
[22m[39m[SettingsContext] Setting up Settings subscription for user: mock-user-sub
[90mstdout[2m | src/components/Gamification/ContentUnlockAnimation.stories.tsx[2m > [22m[2mPlaying
[22m[39m[Mock Data] Settings created: mock-settings-1790416565597 - notified 0 subscribers
[90mstdout[2m | src/components/Gamification/ContentUnlockAnimation.stories.tsx[2m > [22m[2mPlaying
[22m[39m[Mock Data] Unit.onUpdate() subscription added. Total: 1
[90mstdout[2m | src/components/Gamification/ContentUnlockAnimation.stories.tsx[2m > [22m[2mPlaying
[22m[39m[SectionContext] Section observeQuery update: 0
[90mstdout[2m | src/components/Gamification/ContentUnlockAnimation.stories.tsx[2m > [22m[2mPlaying
[22m[39m[FilesContext] File observeQuery update: 6 files
[90mstdout[2m | src/components/Gamification/ContentUnlockAnimation.stories.tsx[2m > [22m[2mPlaying
[22m[39m[ChatContext] AssistantChat initialized with 1 chats
[90mstdout[2m | src/components/Gamification/ContentUnlockAnimation.stories.tsx[2m > [22m[2mPlaying
[22m[39m[ChatContext] Setting initial chat: mock-assistant-chat-1
[90mstdout[2m | src/components/Gamification/ContentUnlockAnimation.stories.tsx[2m > [22m[2mPlaying
[22m[39m[MOCK CourseVectorStore] Initialized with mock data
[90mstdout[2m | src/components/Gamification/ContentUnlockAnimation.stories.tsx[2m > [22m[2mPlaying
[22m[39m[FilesContext] Vector store population triggered {
  "currentVectorStoreSize": 3,
  "documentsCount": 0,
  "filesCount": 6,
  "isInitialLoad": true,
}
[90mstdout[2m | src/components/Gamification/ContentUnlockAnimation.stories.tsx[2m > [22m[2mPlaying
[22m[39m[FilesContext] Vector store population complete - 3 total embeddings
[90mstdout[2m | src/components/Gamification/ContentUnlockAnimation.stories.tsx[2m > [22m[2mPlaying
[22m[39m[ChatContext] Chat exists and not archived, skipping creation
[90mstdout[2m | src/components/Gamification/ContentUnlockAnimation.stories.tsx[2m > [22m[2mPlaying
[22m[39m[Mock Storage] downloadData called with: undefined
[90mstdout[2m | src/components/Gamification/ContentUnlockAnimation.stories.tsx[2m > [22m[2mIdle
[22m[39m[ChatContext] Cleaning up subscriptions
[90mstdout[2m | src/components/Gamification/ContentUnlockAnimation.stories.tsx[2m > [22m[2mIdle
[22m[39m[Mock Data] Unit.onUpdate() subscription removed. Remaining: 0
[90mstdout[2m | src/components/Gamification/ContentUnlockAnimation.stories.tsx[2m > [22m[2mIdle
[22m[39m[MOCK CourseVectorStore] Initialized with mock data
[90mstdout[2m | src/components/Gamification/ContentUnlockAnimation.stories.tsx[2m > [22m[2mIdle
[22m[39m[TranslationModeController] Setting mode to: off
[90mstdout[2m | src/components/Gamification/ContentUnlockAnimation.stories.tsx[2m > [22m[2mIdle
[22m[39m[UnitContext] useEffect triggered {
  "authLoading": false,
  "hasUser": true,
  "id": "mock-unit-id",
  "userSub": "mock-user-sub",
}
[90mstdout[2m | src/components/Gamification/ContentUnlockAnimation.stories.tsx[2m > [22m[2mIdle
[22m[39m[UnitContext] Fetching unit data for id: mock-unit-id
[90mstdout[2m | src/components/Gamification/ContentUnlockAnimation.stories.tsx[2m > [22m[2mIdle
[22m[39m[FilesContext] Initializing vector store from IndexedDB
[90mstdout[2m | src/components/Gamification/ContentUnlockAnimation.stories.tsx[2m > [22m[2mIdle
[22m[39m[FilesContext] fetchFiles called
[90mstdout[2m | src/components/Gamification/ContentUnlockAnimation.stories.tsx[2m > [22m[2mIdle
[22m[39m[FilesContext] User authenticated: mock-user-sub
[90mstdout[2m | src/components/Gamification/ContentUnlockAnimation.stories.tsx[2m > [22m[2mIdle
[22m[39m[FilesContext] Identity ID: us-east-1:mock-identity-123
[90mstdout[2m | src/components/Gamification/ContentUnlockAnimation.stories.tsx[2m > [22m[2mIdle
[22m[39m[FilesContext] About to set up File observeQuery
[90mstdout[2m | src/components/Gamification/ContentUnlockAnimation.stories.tsx[2m > [22m[2mIdle
[22m[39m[ChatContext] Setting up AssistantChat observeQuery
[90mstdout[2m | src/components/Gamification/ContentUnlockAnimation.stories.tsx[2m > [22m[2mIdle
[22m[39m[ChatContext] Waiting for subscription to initialize
[90mstdout[2m | src/components/Gamification/ContentUnlockAnimation.stories.tsx[2m > [22m[2mIdle
[22m[39m[SettingsContext] Setting up Settings subscription for user: mock-user-sub
[90mstdout[2m | src/components/Gamification/ContentUnlockAnimation.stories.tsx[2m > [22m[2mIdle
[22m[39m[Mock Data] Settings created: mock-settings-1790416566315 - notified 0 subscribers
[90mstdout[2m | src/components/Gamification/ContentUnlockAnimation.stories.tsx[2m > [22m[2mIdle
[22m[39m[Mock Data] Unit.onUpdate() subscription added. Total: 1
[90mstdout[2m | src/components/Gamification/ContentUnlockAnimation.stories.tsx[2m > [22m[2mIdle
[22m[39m[SectionContext] Section observeQuery update: 0
[90mstdout[2m | src/components/Gamification/ContentUnlockAnimation.stories.tsx[2m > [22m[2mIdle
[22m[39m[Mock Storage] downloadData called with: undefined
[90mstdout[2m | src/components/Gamification/ContentUnlockAnimation.stories.tsx[2m > [22m[2mIdle
[22m[39m[FilesContext] File observeQuery update: 6 files
[90mstdout[2m | src/components/Gamification/ContentUnlockAnimation.stories.tsx[2m > [22m[2mIdle
[22m[39m[ChatContext] AssistantChat initialized with 1 chats
[90mstdout[2m | src/components/Gamification/ContentUnlockAnimation.stories.tsx[2m > [22m[2mIdle
[22m[39m[ChatContext] Setting initial chat: mock-assistant-chat-1
[90mstdout[2m | src/components/Gamification/ContentUnlockAnimation.stories.tsx[2m > [22m[2mIdle
[22m[39m[MOCK CourseVectorStore] Initialized with mock data
[90mstdout[2m | src/components/Gamification/ContentUnlockAnimation.stories.tsx[2m > [22m[2mIdle
[22m[39m[FilesContext] Vector store population triggered {
  "currentVectorStoreSize": 3,
  "documentsCount": 0,
  "filesCount": 6,
  "isInitialLoad": true,
}
[90mstdout[2m | src/components/Gamification/ContentUnlockAnimation.stories.tsx[2m > [22m[2mIdle
[22m[39m[FilesContext] Vector store population complete - 3 total embeddings
[90mstdout[2m | src/components/Gamification/ContentUnlockAnimation.stories.tsx[2m > [22m[2mIdle
[22m[39m[ChatContext] Chat exists and not archived, skipping creation
 [32m✓[39m [30m[45m storybook (chromium) [49m[39m src/components/Gamification/ContentUnlockAnimation.stories.tsx [2m([22m[2m2 tests[22m[2m)[22m[33m 822[2mms[22m[39m
   [33m[2m✓[22m[39m Playing [33m 700[2mms[22m[39m
[90mstdout[2m | unknown test
[22m[39m[MOCK vectorStoreDB.js] Module loaded - mock IndexedDB operations
[90mstdout[2m | unknown test
[22m[39m[Task Completion] DOM action listeners initialized
[90mstdout[2m | unknown test
[22m[39m[Task Completion] Auto-completion detector initialized
[90mstdout[2m | unknown test
[22m[39m[Preview] Task completion detector initialized
[90mstdout[2m | src/components/Gamification/NailedItCelebration.stories.tsx[2m > [22m[2mCelebration Open
[22m[39m[MOCK CourseVectorStore] Initialized with mock data
[90mstdout[2m | src/components/Gamification/NailedItCelebration.stories.tsx[2m > [22m[2mCelebration Open
[22m[39m[TranslationModeController] Setting mode to: off
[90mstdout[2m | src/components/Gamification/NailedItCelebration.stories.tsx[2m > [22m[2mCelebration Open
[22m[39m[UnitContext] useEffect triggered {
  "authLoading": false,
  "hasUser": true,
  "id": "mock-unit-id",
  "userSub": "mock-user-sub",
}
[90mstdout[2m | src/components/Gamification/NailedItCelebration.stories.tsx[2m > [22m[2mCelebration Open
[22m[39m[UnitContext] Fetching unit data for id: mock-unit-id
[90mstdout[2m | src/components/Gamification/NailedItCelebration.stories.tsx[2m > [22m[2mCelebration Open
[22m[39m[FilesContext] Initializing vector store from IndexedDB
[90mstdout[2m | src/components/Gamification/NailedItCelebration.stories.tsx[2m > [22m[2mCelebration Open
[22m[39m[FilesContext] fetchFiles called
[90mstdout[2m | src/components/Gamification/NailedItCelebration.stories.tsx[2m > [22m[2mCelebration Open
[22m[39m[FilesContext] User authenticated: mock-user-sub
[90mstdout[2m | src/components/Gamification/NailedItCelebration.stories.tsx[2m > [22m[2mCelebration Open
[22m[39m[FilesContext] Identity ID: us-east-1:mock-identity-123
[90mstdout[2m | src/components/Gamification/NailedItCelebration.stories.tsx[2m > [22m[2mCelebration Open
[22m[39m[FilesContext] About to set up File observeQuery
[90mstdout[2m | src/components/Gamification/NailedItCelebration.stories.tsx[2m > [22m[2mCelebration Open
[22m[39m[ChatContext] Setting up AssistantChat observeQuery
[90mstdout[2m | src/components/Gamification/NailedItCelebration.stories.tsx[2m > [22m[2mCelebration Open
[22m[39m[ChatContext] Waiting for subscription to initialize
[90mstdout[2m | src/components/Gamification/NailedItCelebration.stories.tsx[2m > [22m[2mCelebration Open
[22m[39m[SettingsContext] Setting up Settings subscription for user: mock-user-sub
[90mstdout[2m | src/components/Gamification/NailedItCelebration.stories.tsx[2m > [22m[2mCelebration Open
[22m[39m[Mock Data] Settings created: mock-settings-1790416566970 - notified 0 subscribers
[90mstdout[2m | src/components/Gamification/NailedItCelebration.stories.tsx[2m > [22m[2mCelebration Open
[22m[39m[Mock Data] Unit.onUpdate() subscription added. Total: 1
[90mstdout[2m | src/components/Gamification/NailedItCelebration.stories.tsx[2m > [22m[2mCelebration Open
[22m[39m[SectionContext] Section observeQuery update: 0
[90mstdout[2m | src/components/Gamification/NailedItCelebration.stories.tsx[2m > [22m[2mCelebration Open
[22m[39m[FilesContext] File observeQuery update: 6 files
[90mstdout[2m | src/components/Gamification/NailedItCelebration.stories.tsx[2m > [22m[2mCelebration Open
[22m[39m[ChatContext] AssistantChat initialized with 1 chats
[90mstdout[2m | src/components/Gamification/NailedItCelebration.stories.tsx[2m > [22m[2mCelebration Open
[22m[39m[ChatContext] Setting initial chat: mock-assistant-chat-1
[90mstdout[2m | src/components/Gamification/NailedItCelebration.stories.tsx[2m > [22m[2mCelebration Open
[22m[39m[MOCK CourseVectorStore] Initialized with mock data
[90mstdout[2m | src/components/Gamification/NailedItCelebration.stories.tsx[2m > [22m[2mCelebration Open
[22m[39m[FilesContext] Vector store population triggered {
  "currentVectorStoreSize": 3,
  "documentsCount": 0,
  "filesCount": 6,
  "isInitialLoad": true,
}
[90mstdout[2m | src/components/Gamification/NailedItCelebration.stories.tsx[2m > [22m[2mCelebration Open
[22m[39m[FilesContext] Vector store population complete - 3 total embeddings
[90mstdout[2m | src/components/Gamification/NailedItCelebration.stories.tsx[2m > [22m[2mCelebration Open
[22m[39m[ChatContext] Chat exists and not archived, skipping creation
[90mstdout[2m | src/components/Gamification/NailedItCelebration.stories.tsx[2m > [22m[2mCelebration Open
[22m[39m[Mock Storage] downloadData called with: undefined
 [32m✓[39m [30m[45m storybook (chromium) [49m[39m src/components/Gamification/NailedItCelebration.stories.tsx [2m([22m[2m1 test[22m[2m)[22m[32m 193[2mms[22m[39m
[90mstdout[2m | unknown test
[22m[39m[MOCK vectorStoreDB.js] Module loaded - mock IndexedDB operations
[90mstdout[2m | unknown test
[22m[39m[Task Completion] DOM action listeners initialized
[90mstdout[2m | unknown test
[22m[39m[Task Completion] Auto-completion detector initialized
[90mstdout[2m | unknown test
[22m[39m[Preview] Task completion detector initialized
[90mstdout[2m | src/components/Editor3/components/StaticReferenceVisualizer.stories.tsx[2m > [22m[2mTop Center
[22m[39m[TranslationModeController] Setting mode to: off
[90mstdout[2m | src/components/Editor3/components/StaticReferenceVisualizer.stories.tsx[2m > [22m[2mAnimated Top Center
[22m[39m[TranslationModeController] Setting mode to: off
[90mstdout[2m | src/components/Editor3/components/StaticReferenceVisualizer.stories.tsx[2m > [22m[2mAudio Reactive Top Center
[22m[39m[TranslationModeController] Setting mode to: off
[90mstdout[2m | src/components/Editor3/components/StaticReferenceVisualizer.stories.tsx[2m > [22m[2mAudio Reactive Middle Center
[22m[39m[TranslationModeController] Setting mode to: off
[90mstdout[2m | src/components/Editor3/components/StaticReferenceVisualizer.stories.tsx[2m > [22m[2mMiddle Center
[22m[39m[TranslationModeController] Setting mode to: off
 [32m✓[39m [30m[45m storybook (chromium) [49m[39m src/components/Editor3/components/StaticReferenceVisualizer.stories.tsx [2m([22m[2m5 tests[22m[2m)[22m[33m 581[2mms[22m[39m
[90mstdout[2m | unknown test
[22m[39m[MOCK vectorStoreDB.js] Module loaded - mock IndexedDB operations
[90mstdout[2m | unknown test
[22m[39m[Task Completion] DOM action listeners initialized
[90mstdout[2m | unknown test
[22m[39m[Task Completion] Auto-completion detector initialized
[90mstdout[2m | unknown test
[22m[39m[Preview] Task completion detector initialized
[90mstdout[2m | src/components/PeerReview/PeerReviewAssignmentDialog.stories.tsx[2m > [22m[2mDefault
[22m[39m[MOCK CourseVectorStore] Initialized with mock data
[90mstdout[2m | src/components/PeerReview/PeerReviewAssignmentDialog.stories.tsx[2m > [22m[2mDefault
[22m[39m[TranslationModeController] Setting mode to: off
[90mstdout[2m | src/components/PeerReview/PeerReviewAssignmentDialog.stories.tsx[2m > [22m[2mDefault
[22m[39m[UnitContext] useEffect triggered {
  "authLoading": false,
  "hasUser": true,
  "id": "mock-unit-id",
  "userSub": "mock-user-sub",
}
[90mstdout[2m | src/components/PeerReview/PeerReviewAssignmentDialog.stories.tsx[2m > [22m[2mDefault
[22m[39m[UnitContext] Fetching unit data for id: mock-unit-id
[90mstdout[2m | src/components/PeerReview/PeerReviewAssignmentDialog.stories.tsx[2m > [22m[2mDefault
[22m[39m[FilesContext] Initializing vector store from IndexedDB
[90mstdout[2m | src/components/PeerReview/PeerReviewAssignmentDialog.stories.tsx[2m > [22m[2mDefault
[22m[39m[FilesContext] fetchFiles called
[90mstdout[2m | src/components/PeerReview/PeerReviewAssignmentDialog.stories.tsx[2m > [22m[2mDefault
[22m[39m[FilesContext] User authenticated: mock-user-sub
[90mstdout[2m | src/components/PeerReview/PeerReviewAssignmentDialog.stories.tsx[2m > [22m[2mDefault
[22m[39m[FilesContext] Identity ID: us-east-1:mock-identity-123
[90mstdout[2m | src/components/PeerReview/PeerReviewAssignmentDialog.stories.tsx[2m > [22m[2mDefault
[22m[39m[FilesContext] About to set up File observeQuery
[90mstdout[2m | src/components/PeerReview/PeerReviewAssignmentDialog.stories.tsx[2m > [22m[2mDefault
[22m[39m[ChatContext] Setting up AssistantChat observeQuery
[90mstdout[2m | src/components/PeerReview/PeerReviewAssignmentDialog.stories.tsx[2m > [22m[2mDefault
[22m[39m[ChatContext] Waiting for subscription to initialize
[90mstdout[2m | src/components/PeerReview/PeerReviewAssignmentDialog.stories.tsx[2m > [22m[2mDefault
[22m[39m[SettingsContext] Setting up Settings subscription for user: mock-user-sub
[90mstdout[2m | src/components/PeerReview/PeerReviewAssignmentDialog.stories.tsx[2m > [22m[2mDefault
[22m[39m[Mock Data] Settings created: mock-settings-1790416569568 - notified 0 subscribers
[90mstdout[2m | src/components/PeerReview/PeerReviewAssignmentDialog.stories.tsx[2m > [22m[2mDefault
[22m[39m[Mock Data] Unit.onUpdate() subscription added. Total: 1
[90mstdout[2m | src/components/PeerReview/PeerReviewAssignmentDialog.stories.tsx[2m > [22m[2mDefault
[22m[39m[SectionContext] Section observeQuery update: 0
[90mstdout[2m | src/components/PeerReview/PeerReviewAssignmentDialog.stories.tsx[2m > [22m[2mDefault
[22m[39m[FilesContext] File observeQuery update: 6 files
[90mstdout[2m | src/components/PeerReview/PeerReviewAssignmentDialog.stories.tsx[2m > [22m[2mDefault
[22m[39m[ChatContext] AssistantChat initialized with 1 chats
[90mstdout[2m | src/components/PeerReview/PeerReviewAssignmentDialog.stories.tsx[2m > [22m[2mDefault
[22m[39m[ChatContext] Setting initial chat: mock-assistant-chat-1
[90mstdout[2m | src/components/PeerReview/PeerReviewAssignmentDialog.stories.tsx[2m > [22m[2mDefault
[22m[39m[MOCK CourseVectorStore] Initialized with mock data
[90mstdout[2m | src/components/PeerReview/PeerReviewAssignmentDialog.stories.tsx[2m > [22m[2mDefault
[22m[39m[FilesContext] Vector store population triggered {
  "currentVectorStoreSize": 3,
  "documentsCount": 0,
  "filesCount": 6,
  "isInitialLoad": true,
}
[90mstdout[2m | src/components/PeerReview/PeerReviewAssignmentDialog.stories.tsx[2m > [22m[2mDefault
[22m[39m[FilesContext] Vector store population complete - 3 total embeddings
[90mstdout[2m | src/components/PeerReview/PeerReviewAssignmentDialog.stories.tsx[2m > [22m[2mDefault
[22m[39m[ChatContext] Chat exists and not archived, skipping creation
[90mstdout[2m | src/components/PeerReview/PeerReviewAssignmentDialog.stories.tsx[2m > [22m[2mDefault
[22m[39m[Mock Storage] downloadData called with: undefined
[90mstdout[2m | src/components/PeerReview/PeerReviewAssignmentDialog.stories.tsx[2m > [22m[2mSingle Grade
[22m[39m[ChatContext] Cleaning up subscriptions
[90mstdout[2m | src/components/PeerReview/PeerReviewAssignmentDialog.stories.tsx[2m > [22m[2mSingle Grade
[22m[39m[Mock Data] Unit.onUpdate() subscription removed. Remaining: 0
[90mstdout[2m | src/components/PeerReview/PeerReviewAssignmentDialog.stories.tsx[2m > [22m[2mSingle Grade
[22m[39m[MOCK CourseVectorStore] Initialized with mock data
[90mstdout[2m | src/components/PeerReview/PeerReviewAssignmentDialog.stories.tsx[2m > [22m[2mSingle Grade
[22m[39m[TranslationModeController] Setting mode to: off
[90mstdout[2m | src/components/PeerReview/PeerReviewAssignmentDialog.stories.tsx[2m > [22m[2mSingle Grade
[22m[39m[UnitContext] useEffect triggered {
  "authLoading": false,
  "hasUser": true,
  "id": "mock-unit-id",
  "userSub": "mock-user-sub",
}
[90mstdout[2m | src/components/PeerReview/PeerReviewAssignmentDialog.stories.tsx[2m > [22m[2mSingle Grade
[22m[39m[UnitContext] Fetching unit data for id: mock-unit-id
[90mstdout[2m | src/components/PeerReview/PeerReviewAssignmentDialog.stories.tsx[2m > [22m[2mSingle Grade
[22m[39m[FilesContext] Initializing vector store from IndexedDB
[90mstdout[2m | src/components/PeerReview/PeerReviewAssignmentDialog.stories.tsx[2m > [22m[2mSingle Grade
[22m[39m[FilesContext] fetchFiles called
[90mstdout[2m | src/components/PeerReview/PeerReviewAssignmentDialog.stories.tsx[2m > [22m[2mSingle Grade
[22m[39m[FilesContext] User authenticated: mock-user-sub
[90mstdout[2m | src/components/PeerReview/PeerReviewAssignmentDialog.stories.tsx[2m > [22m[2mSingle Grade
[22m[39m[FilesContext] Identity ID: us-east-1:mock-identity-123
[90mstdout[2m | src/components/PeerReview/PeerReviewAssignmentDialog.stories.tsx[2m > [22m[2mSingle Grade
[22m[39m[FilesContext] About to set up File observeQuery
[90mstdout[2m | src/components/PeerReview/PeerReviewAssignmentDialog.stories.tsx[2m > [22m[2mSingle Grade
[22m[39m[ChatContext] Setting up AssistantChat observeQuery
[90mstdout[2m | src/components/PeerReview/PeerReviewAssignmentDialog.stories.tsx[2m > [22m[2mSingle Grade
[22m[39m[ChatContext] Waiting for subscription to initialize
[90mstdout[2m | src/components/PeerReview/PeerReviewAssignmentDialog.stories.tsx[2m > [22m[2mSingle Grade
[22m[39m[SettingsContext] Setting up Settings subscription for user: mock-user-sub
[90mstdout[2m | src/components/PeerReview/PeerReviewAssignmentDialog.stories.tsx[2m > [22m[2mSingle Grade
[22m[39m[Mock Data] Settings created: mock-settings-1790416569840 - notified 0 subscribers
[90mstdout[2m | src/components/PeerReview/PeerReviewAssignmentDialog.stories.tsx[2m > [22m[2mSingle Grade
[22m[39m[Mock Data] Unit.onUpdate() subscription added. Total: 1
[90mstdout[2m | src/components/PeerReview/PeerReviewAssignmentDialog.stories.tsx[2m > [22m[2mSingle Grade
[22m[39m[SectionContext] Section observeQuery update: 0
[90mstdout[2m | src/components/PeerReview/PeerReviewAssignmentDialog.stories.tsx[2m > [22m[2mSingle Grade
[22m[39m[FilesContext] File observeQuery update: 6 files
[90mstdout[2m | src/components/PeerReview/PeerReviewAssignmentDialog.stories.tsx[2m > [22m[2mSingle Grade
[22m[39m[ChatContext] AssistantChat initialized with 1 chats
[90mstdout[2m | src/components/PeerReview/PeerReviewAssignmentDialog.stories.tsx[2m > [22m[2mSingle Grade
[22m[39m[ChatContext] Setting initial chat: mock-assistant-chat-1
[90mstdout[2m | src/components/PeerReview/PeerReviewAssignmentDialog.stories.tsx[2m > [22m[2mSingle Grade
[22m[39m[MOCK CourseVectorStore] Initialized with mock data
[90mstdout[2m | src/components/PeerReview/PeerReviewAssignmentDialog.stories.tsx[2m > [22m[2mSingle Grade
[22m[39m[FilesContext] Vector store population triggered {
  "currentVectorStoreSize": 3,
  "documentsCount": 0,
  "filesCount": 6,
  "isInitialLoad": true,
}
[90mstdout[2m | src/components/PeerReview/PeerReviewAssignmentDialog.stories.tsx[2m > [22m[2mSingle Grade
[22m[39m[FilesContext] Vector store population complete - 3 total embeddings
[90mstdout[2m | src/components/PeerReview/PeerReviewAssignmentDialog.stories.tsx[2m > [22m[2mSingle Grade
[22m[39m[ChatContext] Chat exists and not archived, skipping creation
[90mstdout[2m | src/components/PeerReview/PeerReviewAssignmentDialog.stories.tsx[2m > [22m[2mSingle Grade
[22m[39m[Mock Storage] downloadData called with: undefined
[90mstdout[2m | src/components/PeerReview/PeerReviewAssignmentDialog.stories.tsx[2m > [22m[2mSingle Grade
[22m[39mfilterWords {
  "filter": "",
  "wordsCount": 0,
}
[90mstdout[2m | src/components/PeerReview/PeerReviewAssignmentDialog.stories.tsx[2m > [22m[2mMany Students
[22m[39m[ChatContext] Cleaning up subscriptions
[90mstdout[2m | src/components/PeerReview/PeerReviewAssignmentDialog.stories.tsx[2m > [22m[2mMany Students
[22m[39m[Mock Data] Unit.onUpdate() subscription removed. Remaining: 0
[90mstdout[2m | src/components/PeerReview/PeerReviewAssignmentDialog.stories.tsx[2m > [22m[2mMany Students
[22m[39m[MOCK CourseVectorStore] Initialized with mock data
[90mstdout[2m | src/components/PeerReview/PeerReviewAssignmentDialog.stories.tsx[2m > [22m[2mMany Students
[22m[39m[TranslationModeController] Setting mode to: off
[90mstdout[2m | src/components/PeerReview/PeerReviewAssignmentDialog.stories.tsx[2m > [22m[2mMany Students
[22m[39m[UnitContext] useEffect triggered {
  "authLoading": false,
  "hasUser": true,
  "id": "mock-unit-id",
  "userSub": "mock-user-sub",
}
[90mstdout[2m | src/components/PeerReview/PeerReviewAssignmentDialog.stories.tsx[2m > [22m[2mMany Students
[22m[39m[UnitContext] Fetching unit data for id: mock-unit-id
[90mstdout[2m | src/components/PeerReview/PeerReviewAssignmentDialog.stories.tsx[2m > [22m[2mMany Students
[22m[39m[FilesContext] Initializing vector store from IndexedDB
[90mstdout[2m | src/components/PeerReview/PeerReviewAssignmentDialog.stories.tsx[2m > [22m[2mMany Students
[22m[39m[FilesContext] fetchFiles called
[90mstdout[2m | src/components/PeerReview/PeerReviewAssignmentDialog.stories.tsx[2m > [22m[2mMany Students
[22m[39m[FilesContext] User authenticated: mock-user-sub
[90mstdout[2m | src/components/PeerReview/PeerReviewAssignmentDialog.stories.tsx[2m > [22m[2mMany Students
[22m[39m[FilesContext] Identity ID: us-east-1:mock-identity-123
[90mstdout[2m | src/components/PeerReview/PeerReviewAssignmentDialog.stories.tsx[2m > [22m[2mMany Students
[22m[39m[FilesContext] About to set up File observeQuery
[90mstdout[2m | src/components/PeerReview/PeerReviewAssignmentDialog.stories.tsx[2m > [22m[2mMany Students
[22m[39m[ChatContext] Setting up AssistantChat observeQuery
[90mstdout[2m | src/components/PeerReview/PeerReviewAssignmentDialog.stories.tsx[2m > [22m[2mMany Students
[22m[39m[ChatContext] Waiting for subscription to initialize
[90mstdout[2m | src/components/PeerReview/PeerReviewAssignmentDialog.stories.tsx[2m > [22m[2mMany Students
[22m[39m[SettingsContext] Setting up Settings subscription for user: mock-user-sub
[90mstdout[2m | src/components/PeerReview/PeerReviewAssignmentDialog.stories.tsx[2m > [22m[2mMany Students
[22m[39m[Mock Data] Settings created: mock-settings-1790416570147 - notified 0 subscribers
[90mstdout[2m | src/components/PeerReview/PeerReviewAssignmentDialog.stories.tsx[2m > [22m[2mMany Students
[22m[39m[Mock Data] Unit.onUpdate() subscription added. Total: 1
[90mstdout[2m | src/components/PeerReview/PeerReviewAssignmentDialog.stories.tsx[2m > [22m[2mMany Students
[22m[39m[SectionContext] Section observeQuery update: 0
[90mstdout[2m | src/components/PeerReview/PeerReviewAssignmentDialog.stories.tsx[2m > [22m[2mMany Students
[22m[39m[FilesContext] File observeQuery update: 6 files
[90mstdout[2m | src/components/PeerReview/PeerReviewAssignmentDialog.stories.tsx[2m > [22m[2mMany Students
[22m[39m[ChatContext] AssistantChat initialized with 1 chats
[90mstdout[2m | src/components/PeerReview/PeerReviewAssignmentDialog.stories.tsx[2m > [22m[2mMany Students
[22m[39m[ChatContext] Setting initial chat: mock-assistant-chat-1
[90mstdout[2m | src/components/PeerReview/PeerReviewAssignmentDialog.stories.tsx[2m > [22m[2mMany Students
[22m[39m[MOCK CourseVectorStore] Initialized with mock data
[90mstdout[2m | src/components/PeerReview/PeerReviewAssignmentDialog.stories.tsx[2m > [22m[2mMany Students
[22m[39m[FilesContext] Vector store population triggered {
  "currentVectorStoreSize": 3,
  "documentsCount": 0,
  "filesCount": 6,
  "isInitialLoad": true,
}
[90mstdout[2m | src/components/PeerReview/PeerReviewAssignmentDialog.stories.tsx[2m > [22m[2mMany Students
[22m[39m[FilesContext] Vector store population complete - 3 total embeddings
[90mstdout[2m | src/components/PeerReview/PeerReviewAssignmentDialog.stories.tsx[2m > [22m[2mMany Students
[22m[39m[ChatContext] Chat exists and not archived, skipping creation
[90mstdout[2m | src/components/PeerReview/PeerReviewAssignmentDialog.stories.tsx[2m > [22m[2mMany Students
[22m[39m[Mock Storage] downloadData called with: undefined
[90mstdout[2m | src/components/PeerReview/PeerReviewAssignmentDialog.stories.tsx[2m > [22m[2mClosed
[22m[39m[ChatContext] Cleaning up subscriptions
[90mstdout[2m | src/components/PeerReview/PeerReviewAssignmentDialog.stories.tsx[2m > [22m[2mClosed
[22m[39m[Mock Data] Unit.onUpdate() subscription removed. Remaining: 0
[90mstdout[2m | src/components/PeerReview/PeerReviewAssignmentDialog.stories.tsx[2m > [22m[2mClosed
[22m[39m[MOCK CourseVectorStore] Initialized with mock data
[90mstdout[2m | src/components/PeerReview/PeerReviewAssignmentDialog.stories.tsx[2m > [22m[2mClosed
[22m[39m[TranslationModeController] Setting mode to: off
[90mstdout[2m | src/components/PeerReview/PeerReviewAssignmentDialog.stories.tsx[2m > [22m[2mClosed
[22m[39m[UnitContext] useEffect triggered {
  "authLoading": false,
  "hasUser": true,
  "id": "mock-unit-id",
  "userSub": "mock-user-sub",
}
[90mstdout[2m | src/components/PeerReview/PeerReviewAssignmentDialog.stories.tsx[2m > [22m[2mClosed
[22m[39m[UnitContext] Fetching unit data for id: mock-unit-id
[90mstdout[2m | src/components/PeerReview/PeerReviewAssignmentDialog.stories.tsx[2m > [22m[2mClosed
[22m[39m[FilesContext] Initializing vector store from IndexedDB
[90mstdout[2m | src/components/PeerReview/PeerReviewAssignmentDialog.stories.tsx[2m > [22m[2mClosed
[22m[39m[FilesContext] fetchFiles called
[90mstdout[2m | src/components/PeerReview/PeerReviewAssignmentDialog.stories.tsx[2m > [22m[2mClosed
[22m[39m[FilesContext] User authenticated: mock-user-sub
[90mstdout[2m | src/components/PeerReview/PeerReviewAssignmentDialog.stories.tsx[2m > [22m[2mClosed
[22m[39m[FilesContext] Identity ID: us-east-1:mock-identity-123
[90mstdout[2m | src/components/PeerReview/PeerReviewAssignmentDialog.stories.tsx[2m > [22m[2mClosed
[22m[39m[FilesContext] About to set up File observeQuery
[90mstdout[2m | src/components/PeerReview/PeerReviewAssignmentDialog.stories.tsx[2m > [22m[2mClosed
[22m[39m[ChatContext] Setting up AssistantChat observeQuery
[90mstdout[2m | src/components/PeerReview/PeerReviewAssignmentDialog.stories.tsx[2m > [22m[2mClosed
[22m[39m[ChatContext] Waiting for subscription to initialize
[90mstdout[2m | src/components/PeerReview/PeerReviewAssignmentDialog.stories.tsx[2m > [22m[2mClosed
[22m[39m[SettingsContext] Setting up Settings subscription for user: mock-user-sub
[90mstdout[2m | src/components/PeerReview/PeerReviewAssignmentDialog.stories.tsx[2m > [22m[2mClosed
[22m[39m[Mock Data] Settings created: mock-settings-1790416570291 - notified 0 subscribers
[90mstdout[2m | src/components/PeerReview/PeerReviewAssignmentDialog.stories.tsx[2m > [22m[2mClosed
[22m[39m[Mock Data] Unit.onUpdate() subscription added. Total: 1
[90mstdout[2m | src/components/PeerReview/PeerReviewAssignmentDialog.stories.tsx[2m > [22m[2mClosed
[22m[39m[SectionContext] Section observeQuery update: 0
[90mstdout[2m | src/components/PeerReview/PeerReviewAssignmentDialog.stories.tsx[2m > [22m[2mClosed
[22m[39m[FilesContext] File observeQuery update: 6 files
[90mstdout[2m | src/components/PeerReview/PeerReviewAssignmentDialog.stories.tsx[2m > [22m[2mClosed
[22m[39m[ChatContext] AssistantChat initialized with 1 chats
[90mstdout[2m | src/components/PeerReview/PeerReviewAssignmentDialog.stories.tsx[2m > [22m[2mClosed
[22m[39m[ChatContext] Setting initial chat: mock-assistant-chat-1
[90mstdout[2m | src/components/PeerReview/PeerReviewAssignmentDialog.stories.tsx[2m > [22m[2mClosed
[22m[39m[Mock Storage] downloadData called with: undefined
[90mstdout[2m | src/components/PeerReview/PeerReviewAssignmentDialog.stories.tsx[2m > [22m[2mClosed
[22m[39m[MOCK CourseVectorStore] Initialized with mock data
[90mstdout[2m | src/components/PeerReview/PeerReviewAssignmentDialog.stories.tsx[2m > [22m[2mClosed
[22m[39m[FilesContext] Vector store population triggered {
  "currentVectorStoreSize": 3,
  "documentsCount": 0,
  "filesCount": 6,
  "isInitialLoad": true,
}
[90mstdout[2m | src/components/PeerReview/PeerReviewAssignmentDialog.stories.tsx[2m > [22m[2mClosed
[22m[39m[FilesContext] Vector store population complete - 3 total embeddings
[90mstdout[2m | src/components/PeerReview/PeerReviewAssignmentDialog.stories.tsx[2m > [22m[2mClosed
[22m[39m[ChatContext] Chat exists and not archived, skipping creation
 [32m✓[39m [30m[45m storybook (chromium) [49m[39m src/components/PeerReview/PeerReviewAssignmentDialog.stories.tsx [2m([22m[2m4 tests[22m[2m)[22m[33m 931[2mms[22m[39m
   [33m[2m✓[22m[39m Default [33m 339[2mms[22m[39m
[90mstdout[2m | unknown test
[22m[39m[MOCK vectorStoreDB.js] Module loaded - mock IndexedDB operations
[90mstdout[2m | unknown test
[22m[39m[Task Completion] DOM action listeners initialized
[90mstdout[2m | unknown test
[22m[39m[Task Completion] Auto-completion detector initialized
[90mstdout[2m | unknown test
[22m[39m[Preview] Task completion detector initialized
[90mstdout[2m | src/components/PeerReview/OpenCollaborationRooms.stories.tsx[2m > [22m[2mInstructor View
[22m[39m[MOCK CourseVectorStore] Initialized with mock data
[90mstdout[2m | src/components/PeerReview/OpenCollaborationRooms.stories.tsx[2m > [22m[2mInstructor View
[22m[39m[TranslationModeController] Setting mode to: off
[90mstdout[2m | src/components/PeerReview/OpenCollaborationRooms.stories.tsx[2m > [22m[2mInstructor View
[22m[39m[UnitContext] useEffect triggered {
  "authLoading": false,
  "hasUser": true,
  "id": "mock-unit-id",
  "userSub": "mock-user-sub",
}
[90mstdout[2m | src/components/PeerReview/OpenCollaborationRooms.stories.tsx[2m > [22m[2mInstructor View
[22m[39m[UnitContext] Fetching unit data for id: mock-unit-id
[90mstdout[2m | src/components/PeerReview/OpenCollaborationRooms.stories.tsx[2m > [22m[2mInstructor View
[22m[39m[FilesContext] Initializing vector store from IndexedDB
[90mstdout[2m | src/components/PeerReview/OpenCollaborationRooms.stories.tsx[2m > [22m[2mInstructor View
[22m[39m[FilesContext] fetchFiles called
[90mstdout[2m | src/components/PeerReview/OpenCollaborationRooms.stories.tsx[2m > [22m[2mInstructor View
[22m[39m[FilesContext] User authenticated: mock-user-sub
[90mstdout[2m | src/components/PeerReview/OpenCollaborationRooms.stories.tsx[2m > [22m[2mInstructor View
[22m[39m[FilesContext] Identity ID: us-east-1:mock-identity-123
[90mstdout[2m | src/components/PeerReview/OpenCollaborationRooms.stories.tsx[2m > [22m[2mInstructor View
[22m[39m[FilesContext] About to set up File observeQuery
[90mstdout[2m | src/components/PeerReview/OpenCollaborationRooms.stories.tsx[2m > [22m[2mInstructor View
[22m[39m[ChatContext] Setting up AssistantChat observeQuery
[90mstdout[2m | src/components/PeerReview/OpenCollaborationRooms.stories.tsx[2m > [22m[2mInstructor View
[22m[39m[ChatContext] Waiting for subscription to initialize
[90mstdout[2m | src/components/PeerReview/OpenCollaborationRooms.stories.tsx[2m > [22m[2mInstructor View
[22m[39m[SettingsContext] Setting up Settings subscription for user: mock-user-sub
[90mstdout[2m | src/components/PeerReview/OpenCollaborationRooms.stories.tsx[2m > [22m[2mInstructor View
[22m[39m[Mock Data] Settings created: mock-settings-1790416571210 - notified 0 subscribers
[90mstdout[2m | src/components/PeerReview/OpenCollaborationRooms.stories.tsx[2m > [22m[2mInstructor View
[22m[39m[Mock Data] Unit.onUpdate() subscription added. Total: 1
[90mstdout[2m | src/components/PeerReview/OpenCollaborationRooms.stories.tsx[2m > [22m[2mInstructor View
[22m[39m[SectionContext] Section observeQuery update: 0
[90mstdout[2m | src/components/PeerReview/OpenCollaborationRooms.stories.tsx[2m > [22m[2mInstructor View
[22m[39m[FilesContext] File observeQuery update: 6 files
[90mstdout[2m | src/components/PeerReview/OpenCollaborationRooms.stories.tsx[2m > [22m[2mInstructor View
[22m[39m[ChatContext] AssistantChat initialized with 1 chats
[90mstdout[2m | src/components/PeerReview/OpenCollaborationRooms.stories.tsx[2m > [22m[2mInstructor View
[22m[39m[ChatContext] Setting initial chat: mock-assistant-chat-1
[90mstdout[2m | src/components/PeerReview/OpenCollaborationRooms.stories.tsx[2m > [22m[2mInstructor View
[22m[39m[MOCK CourseVectorStore] Initialized with mock data
[90mstdout[2m | src/components/PeerReview/OpenCollaborationRooms.stories.tsx[2m > [22m[2mInstructor View
[22m[39m[FilesContext] Vector store population triggered {
  "currentVectorStoreSize": 3,
  "documentsCount": 0,
  "filesCount": 6,
  "isInitialLoad": true,
}
[90mstdout[2m | src/components/PeerReview/OpenCollaborationRooms.stories.tsx[2m > [22m[2mInstructor View
[22m[39m[FilesContext] Vector store population complete - 3 total embeddings
[90mstdout[2m | src/components/PeerReview/OpenCollaborationRooms.stories.tsx[2m > [22m[2mInstructor View
[22m[39m[ChatContext] Chat exists and not archived, skipping creation
[90mstdout[2m | src/components/PeerReview/OpenCollaborationRooms.stories.tsx[2m > [22m[2mInstructor View
[22m[39m[Mock Storage] downloadData called with: undefined
[90mstdout[2m | src/components/PeerReview/OpenCollaborationRooms.stories.tsx[2m > [22m[2mStudent View
[22m[39m[ChatContext] Cleaning up subscriptions
[90mstdout[2m | src/components/PeerReview/OpenCollaborationRooms.stories.tsx[2m > [22m[2mStudent View
[22m[39m[Mock Data] Unit.onUpdate() subscription removed. Remaining: 0
[90mstdout[2m | src/components/PeerReview/OpenCollaborationRooms.stories.tsx[2m > [22m[2mStudent View
[22m[39m[MOCK CourseVectorStore] Initialized with mock data
[90mstdout[2m | src/components/PeerReview/OpenCollaborationRooms.stories.tsx[2m > [22m[2mStudent View
[22m[39m[TranslationModeController] Setting mode to: off
[90mstdout[2m | src/components/PeerReview/OpenCollaborationRooms.stories.tsx[2m > [22m[2mStudent View
[22m[39m[UnitContext] useEffect triggered {
  "authLoading": false,
  "hasUser": true,
  "id": "mock-unit-id",
  "userSub": "mock-user-sub",
}
[90mstdout[2m | src/components/PeerReview/OpenCollaborationRooms.stories.tsx[2m > [22m[2mStudent View
[22m[39m[UnitContext] Fetching unit data for id: mock-unit-id
[90mstdout[2m | src/components/PeerReview/OpenCollaborationRooms.stories.tsx[2m > [22m[2mStudent View
[22m[39m[FilesContext] Initializing vector store from IndexedDB
[90mstdout[2m | src/components/PeerReview/OpenCollaborationRooms.stories.tsx[2m > [22m[2mStudent View
[22m[39m[FilesContext] fetchFiles called
[90mstdout[2m | src/components/PeerReview/OpenCollaborationRooms.stories.tsx[2m > [22m[2mStudent View
[22m[39m[FilesContext] User authenticated: mock-user-sub
[90mstdout[2m | src/components/PeerReview/OpenCollaborationRooms.stories.tsx[2m > [22m[2mStudent View
[22m[39m[FilesContext] Identity ID: us-east-1:mock-identity-123
[90mstdout[2m | src/components/PeerReview/OpenCollaborationRooms.stories.tsx[2m > [22m[2mStudent View
[22m[39m[FilesContext] About to set up File observeQuery
[90mstdout[2m | src/components/PeerReview/OpenCollaborationRooms.stories.tsx[2m > [22m[2mStudent View
[22m[39m[ChatContext] Setting up AssistantChat observeQuery
[90mstdout[2m | src/components/PeerReview/OpenCollaborationRooms.stories.tsx[2m > [22m[2mStudent View
[22m[39m[ChatContext] Waiting for subscription to initialize
[90mstdout[2m | src/components/PeerReview/OpenCollaborationRooms.stories.tsx[2m > [22m[2mStudent View
[22m[39m[SettingsContext] Setting up Settings subscription for user: mock-user-sub
[90mstdout[2m | src/components/PeerReview/OpenCollaborationRooms.stories.tsx[2m > [22m[2mStudent View
[22m[39m[Mock Data] Settings created: mock-settings-1790416571527 - notified 0 subscribers
[90mstdout[2m | src/components/PeerReview/OpenCollaborationRooms.stories.tsx[2m > [22m[2mStudent View
[22m[39m[Mock Data] Unit.onUpdate() subscription added. Total: 1
[90mstdout[2m | src/components/PeerReview/OpenCollaborationRooms.stories.tsx[2m > [22m[2mStudent View
[22m[39m[SectionContext] Section observeQuery update: 0
[90mstdout[2m | src/components/PeerReview/OpenCollaborationRooms.stories.tsx[2m > [22m[2mStudent View
[22m[39m[FilesContext] File observeQuery update: 6 files
[90mstdout[2m | src/components/PeerReview/OpenCollaborationRooms.stories.tsx[2m > [22m[2mStudent View
[22m[39m[ChatContext] AssistantChat initialized with 1 chats
[90mstdout[2m | src/components/PeerReview/OpenCollaborationRooms.stories.tsx[2m > [22m[2mStudent View
[22m[39m[ChatContext] Setting initial chat: mock-assistant-chat-1
[90mstdout[2m | src/components/PeerReview/OpenCollaborationRooms.stories.tsx[2m > [22m[2mStudent View
[22m[39m[MOCK CourseVectorStore] Initialized with mock data
[90mstdout[2m | src/components/PeerReview/OpenCollaborationRooms.stories.tsx[2m > [22m[2mStudent View
[22m[39m[FilesContext] Vector store population triggered {
  "currentVectorStoreSize": 3,
  "documentsCount": 0,
  "filesCount": 6,
  "isInitialLoad": true,
}
[90mstdout[2m | src/components/PeerReview/OpenCollaborationRooms.stories.tsx[2m > [22m[2mStudent View
[22m[39m[FilesContext] Vector store population complete - 3 total embeddings
[90mstdout[2m | src/components/PeerReview/OpenCollaborationRooms.stories.tsx[2m > [22m[2mStudent View
[22m[39m[ChatContext] Chat exists and not archived, skipping creation
[90mstdout[2m | src/components/PeerReview/OpenCollaborationRooms.stories.tsx[2m > [22m[2mStudent View
[22m[39m[Mock Storage] downloadData called with: undefined
[90mstdout[2m | src/components/PeerReview/OpenCollaborationRooms.stories.tsx[2m > [22m[2mOnly Tutoring Rooms
[22m[39m[ChatContext] Cleaning up subscriptions
[90mstdout[2m | src/components/PeerReview/OpenCollaborationRooms.stories.tsx[2m > [22m[2mOnly Tutoring Rooms
[22m[39m[Mock Data] Unit.onUpdate() subscription removed. Remaining: 0
[90mstdout[2m | src/components/PeerReview/OpenCollaborationRooms.stories.tsx[2m > [22m[2mOnly Tutoring Rooms
[22m[39m[MOCK CourseVectorStore] Initialized with mock data
[90mstdout[2m | src/components/PeerReview/OpenCollaborationRooms.stories.tsx[2m > [22m[2mOnly Tutoring Rooms
[22m[39m[TranslationModeController] Setting mode to: off
[90mstdout[2m | src/components/PeerReview/OpenCollaborationRooms.stories.tsx[2m > [22m[2mOnly Tutoring Rooms
[22m[39m[UnitContext] useEffect triggered {
  "authLoading": false,
  "hasUser": true,
  "id": "mock-unit-id",
  "userSub": "mock-user-sub",
}
[90mstdout[2m | src/components/PeerReview/OpenCollaborationRooms.stories.tsx[2m > [22m[2mOnly Tutoring Rooms
[22m[39m[UnitContext] Fetching unit data for id: mock-unit-id
[90mstdout[2m | src/components/PeerReview/OpenCollaborationRooms.stories.tsx[2m > [22m[2mOnly Tutoring Rooms
[22m[39m[FilesContext] Initializing vector store from IndexedDB
[90mstdout[2m | src/components/PeerReview/OpenCollaborationRooms.stories.tsx[2m > [22m[2mOnly Tutoring Rooms
[22m[39m[FilesContext] fetchFiles called
[90mstdout[2m | src/components/PeerReview/OpenCollaborationRooms.stories.tsx[2m > [22m[2mOnly Tutoring Rooms
[22m[39m[FilesContext] User authenticated: mock-user-sub
[90mstdout[2m | src/components/PeerReview/OpenCollaborationRooms.stories.tsx[2m > [22m[2mOnly Tutoring Rooms
[22m[39m[FilesContext] Identity ID: us-east-1:mock-identity-123
[90mstdout[2m | src/components/PeerReview/OpenCollaborationRooms.stories.tsx[2m > [22m[2mOnly Tutoring Rooms
[22m[39m[FilesContext] About to set up File observeQuery
[90mstdout[2m | src/components/PeerReview/OpenCollaborationRooms.stories.tsx[2m > [22m[2mOnly Tutoring Rooms
[22m[39m[ChatContext] Setting up AssistantChat observeQuery
[90mstdout[2m | src/components/PeerReview/OpenCollaborationRooms.stories.tsx[2m > [22m[2mOnly Tutoring Rooms
[22m[39m[ChatContext] Waiting for subscription to initialize
[90mstdout[2m | src/components/PeerReview/OpenCollaborationRooms.stories.tsx[2m > [22m[2mOnly Tutoring Rooms
[22m[39m[SettingsContext] Setting up Settings subscription for user: mock-user-sub
[90mstdout[2m | src/components/PeerReview/OpenCollaborationRooms.stories.tsx[2m > [22m[2mOnly Tutoring Rooms
[22m[39m[Mock Data] Settings created: mock-settings-1790416571756 - notified 0 subscribers
[90mstdout[2m | src/components/PeerReview/OpenCollaborationRooms.stories.tsx[2m > [22m[2mOnly Tutoring Rooms
[22m[39m[Mock Data] Unit.onUpdate() subscription added. Total: 1
[90mstdout[2m | src/components/PeerReview/OpenCollaborationRooms.stories.tsx[2m > [22m[2mOnly Tutoring Rooms
[22m[39m[SectionContext] Section observeQuery update: 0
[90mstdout[2m | src/components/PeerReview/OpenCollaborationRooms.stories.tsx[2m > [22m[2mOnly Tutoring Rooms
[22m[39m[FilesContext] File observeQuery update: 6 files
[90mstdout[2m | src/components/PeerReview/OpenCollaborationRooms.stories.tsx[2m > [22m[2mOnly Tutoring Rooms
[22m[39m[ChatContext] AssistantChat initialized with 1 chats
[90mstdout[2m | src/components/PeerReview/OpenCollaborationRooms.stories.tsx[2m > [22m[2mOnly Tutoring Rooms
[22m[39m[ChatContext] Setting initial chat: mock-assistant-chat-1
[90mstdout[2m | src/components/PeerReview/OpenCollaborationRooms.stories.tsx[2m > [22m[2mOnly Tutoring Rooms
[22m[39m[MOCK CourseVectorStore] Initialized with mock data
[90mstdout[2m | src/components/PeerReview/OpenCollaborationRooms.stories.tsx[2m > [22m[2mOnly Tutoring Rooms
[22m[39m[FilesContext] Vector store population triggered {
  "currentVectorStoreSize": 3,
  "documentsCount": 0,
  "filesCount": 6,
  "isInitialLoad": true,
}
[90mstdout[2m | src/components/PeerReview/OpenCollaborationRooms.stories.tsx[2m > [22m[2mOnly Tutoring Rooms
[22m[39m[FilesContext] Vector store population complete - 3 total embeddings
[90mstdout[2m | src/components/PeerReview/OpenCollaborationRooms.stories.tsx[2m > [22m[2mOnly Tutoring Rooms
[22m[39m[ChatContext] Chat exists and not archived, skipping creation
[90mstdout[2m | src/components/PeerReview/OpenCollaborationRooms.stories.tsx[2m > [22m[2mOnly Tutoring Rooms
[22m[39m[Mock Storage] downloadData called with: undefined
[90mstdout[2m | src/components/PeerReview/OpenCollaborationRooms.stories.tsx[2m > [22m[2mEmpty Rooms
[22m[39m[ChatContext] Cleaning up subscriptions
[90mstdout[2m | src/components/PeerReview/OpenCollaborationRooms.stories.tsx[2m > [22m[2mEmpty Rooms
[22m[39m[Mock Data] Unit.onUpdate() subscription removed. Remaining: 0
[90mstdout[2m | src/components/PeerReview/OpenCollaborationRooms.stories.tsx[2m > [22m[2mEmpty Rooms
[22m[39m[MOCK CourseVectorStore] Initialized with mock data
[90mstdout[2m | src/components/PeerReview/OpenCollaborationRooms.stories.tsx[2m > [22m[2mEmpty Rooms
[22m[39m[TranslationModeController] Setting mode to: off
[90mstdout[2m | src/components/PeerReview/OpenCollaborationRooms.stories.tsx[2m > [22m[2mEmpty Rooms
[22m[39m[UnitContext] useEffect triggered {
  "authLoading": false,
  "hasUser": true,
  "id": "mock-unit-id",
  "userSub": "mock-user-sub",
}
[90mstdout[2m | src/components/PeerReview/OpenCollaborationRooms.stories.tsx[2m > [22m[2mEmpty Rooms
[22m[39m[UnitContext] Fetching unit data for id: mock-unit-id
[90mstdout[2m | src/components/PeerReview/OpenCollaborationRooms.stories.tsx[2m > [22m[2mEmpty Rooms
[22m[39m[FilesContext] Initializing vector store from IndexedDB
[90mstdout[2m | src/components/PeerReview/OpenCollaborationRooms.stories.tsx[2m > [22m[2mEmpty Rooms
[22m[39m[FilesContext] fetchFiles called
[90mstdout[2m | src/components/PeerReview/OpenCollaborationRooms.stories.tsx[2m > [22m[2mEmpty Rooms
[22m[39m[FilesContext] User authenticated: mock-user-sub
[90mstdout[2m | src/components/PeerReview/OpenCollaborationRooms.stories.tsx[2m > [22m[2mEmpty Rooms
[22m[39m[FilesContext] Identity ID: us-east-1:mock-identity-123
[90mstdout[2m | src/components/PeerReview/OpenCollaborationRooms.stories.tsx[2m > [22m[2mEmpty Rooms
[22m[39m[FilesContext] About to set up File observeQuery
[90mstdout[2m | src/components/PeerReview/OpenCollaborationRooms.stories.tsx[2m > [22m[2mEmpty Rooms
[22m[39m[ChatContext] Setting up AssistantChat observeQuery
[90mstdout[2m | src/components/PeerReview/OpenCollaborationRooms.stories.tsx[2m > [22m[2mEmpty Rooms
[22m[39m[ChatContext] Waiting for subscription to initialize
[90mstdout[2m | src/components/PeerReview/OpenCollaborationRooms.stories.tsx[2m > [22m[2mEmpty Rooms
[22m[39m[SettingsContext] Setting up Settings subscription for user: mock-user-sub
[90mstdout[2m | src/components/PeerReview/OpenCollaborationRooms.stories.tsx[2m > [22m[2mEmpty Rooms
[22m[39m[Mock Data] Settings created: mock-settings-1790416571938 - notified 0 subscribers
[90mstdout[2m | src/components/PeerReview/OpenCollaborationRooms.stories.tsx[2m > [22m[2mEmpty Rooms
[22m[39m[Mock Data] Unit.onUpdate() subscription added. Total: 1
[90mstdout[2m | src/components/PeerReview/OpenCollaborationRooms.stories.tsx[2m > [22m[2mEmpty Rooms
[22m[39m[SectionContext] Section observeQuery update: 0
[90mstdout[2m | src/components/PeerReview/OpenCollaborationRooms.stories.tsx[2m > [22m[2mEmpty Rooms
[22m[39m[FilesContext] File observeQuery update: 6 files
[90mstdout[2m | src/components/PeerReview/OpenCollaborationRooms.stories.tsx[2m > [22m[2mEmpty Rooms
[22m[39m[ChatContext] AssistantChat initialized with 1 chats
[90mstdout[2m | src/components/PeerReview/OpenCollaborationRooms.stories.tsx[2m > [22m[2mEmpty Rooms
[22m[39m[ChatContext] Setting initial chat: mock-assistant-chat-1
[90mstdout[2m | src/components/PeerReview/OpenCollaborationRooms.stories.tsx[2m > [22m[2mEmpty Rooms
[22m[39m[MOCK CourseVectorStore] Initialized with mock data
[90mstdout[2m | src/components/PeerReview/OpenCollaborationRooms.stories.tsx[2m > [22m[2mEmpty Rooms
[22m[39m[FilesContext] Vector store population triggered {
  "currentVectorStoreSize": 3,
  "documentsCount": 0,
  "filesCount": 6,
  "isInitialLoad": true,
}
[90mstdout[2m | src/components/PeerReview/OpenCollaborationRooms.stories.tsx[2m > [22m[2mEmpty Rooms
[22m[39m[FilesContext] Vector store population complete - 3 total embeddings
[90mstdout[2m | src/components/PeerReview/OpenCollaborationRooms.stories.tsx[2m > [22m[2mEmpty Rooms
[22m[39m[ChatContext] Chat exists and not archived, skipping creation
[90mstdout[2m | src/components/PeerReview/OpenCollaborationRooms.stories.tsx[2m > [22m[2mEmpty Rooms
[22m[39m[Mock Storage] downloadData called with: undefined
 [32m✓[39m [30m[45m storybook (chromium) [49m[39m src/components/PeerReview/OpenCollaborationRooms.stories.tsx [2m([22m[2m4 tests[22m[2m)[22m[33m 928[2mms[22m[39m
   [33m[2m✓[22m[39m Instructor View [33m 359[2mms[22m[39m
[90mstdout[2m | unknown test
[22m[39m[MOCK vectorStoreDB.js] Module loaded - mock IndexedDB operations
[90mstdout[2m | unknown test
[22m[39m[Task Completion] DOM action listeners initialized
[90mstdout[2m | unknown test
[22m[39m[Task Completion] Auto-completion detector initialized
[90mstdout[2m | unknown test
[22m[39m[Preview] Task completion detector initialized
[90mstdout[2m | src/components/Editor3/plugins/TablePlugin.stories.jsx[2m > [22m[2mEditable Empty
[22m[39m[Preview] Skipped initializing default mock data (initializeMockData=false)
[90mstdout[2m | src/components/Editor3/plugins/TablePlugin.stories.jsx[2m > [22m[2mEditable Empty
[22m[39m[Mock Data] seedMockUnit: Adding unit table-plugin-story-unit
[90mstdout[2m | src/components/Editor3/plugins/TablePlugin.stories.jsx[2m > [22m[2mEditable Empty
[22m[39m[MOCK CourseVectorStore] Initialized with mock data
[90mstdout[2m | src/components/Editor3/plugins/TablePlugin.stories.jsx[2m > [22m[2mEditable Empty
[22m[39m[TranslationModeController] Setting mode to: off
[90mstdout[2m | src/components/Editor3/plugins/TablePlugin.stories.jsx[2m > [22m[2mEditable Empty
[22m[39m[UnitContext] useEffect triggered {
  "authLoading": false,
  "hasUser": true,
  "id": "table-plugin-story-unit",
  "userSub": "mock-user-sub",
}
[90mstdout[2m | src/components/Editor3/plugins/TablePlugin.stories.jsx[2m > [22m[2mEditable Empty
[22m[39m[UnitContext] Fetching unit data for id: table-plugin-story-unit
[90mstdout[2m | src/components/Editor3/plugins/TablePlugin.stories.jsx[2m > [22m[2mEditable Empty
[22m[39m[FilesContext] Initializing vector store from IndexedDB
[90mstdout[2m | src/components/Editor3/plugins/TablePlugin.stories.jsx[2m > [22m[2mEditable Empty
[22m[39m[FilesContext] fetchFiles called
[90mstdout[2m | src/components/Editor3/plugins/TablePlugin.stories.jsx[2m > [22m[2mEditable Empty
[22m[39m[FilesContext] User authenticated: mock-user-sub
[90mstdout[2m | src/components/Editor3/plugins/TablePlugin.stories.jsx[2m > [22m[2mEditable Empty
[22m[39m[FilesContext] Identity ID: us-east-1:mock-identity-123
[90mstdout[2m | src/components/Editor3/plugins/TablePlugin.stories.jsx[2m > [22m[2mEditable Empty
[22m[39m[FilesContext] About to set up File observeQuery
[90mstdout[2m | src/components/Editor3/plugins/TablePlugin.stories.jsx[2m > [22m[2mEditable Empty
[22m[39m[ChatContext] Setting up AssistantChat observeQuery
[90mstdout[2m | src/components/Editor3/plugins/TablePlugin.stories.jsx[2m > [22m[2mEditable Empty
[22m[39m[ChatContext] Waiting for subscription to initialize
[90mstdout[2m | src/components/Editor3/plugins/TablePlugin.stories.jsx[2m > [22m[2mEditable Empty
[22m[39m[SettingsContext] Setting up Settings subscription for user: mock-user-sub
[90mstdout[2m | src/components/Editor3/plugins/TablePlugin.stories.jsx[2m > [22m[2mEditable Empty
[22m[39m[Mock Data] Settings created: mock-settings-1790416572959 - notified 0 subscribers
[90mstdout[2m | src/components/Editor3/plugins/TablePlugin.stories.jsx[2m > [22m[2mEditable Empty
[22m[39m[Mock Data] Unit.onUpdate() subscription added. Total: 1
[90mstdout[2m | src/components/Editor3/plugins/TablePlugin.stories.jsx[2m > [22m[2mEditable Empty
[22m[39m[SectionContext] Section observeQuery update: 0
[90mstdout[2m | src/components/Editor3/plugins/TablePlugin.stories.jsx[2m > [22m[2mEditable Empty
[22m[39m[FilesContext] File observeQuery update: 0 files
[90mstdout[2m | src/components/Editor3/plugins/TablePlugin.stories.jsx[2m > [22m[2mEditable Empty
[22m[39m[ChatContext] AssistantChat initialized with 0 chats
[90mstdout[2m | src/components/Editor3/plugins/TablePlugin.stories.jsx[2m > [22m[2mEditable Empty
[22m[39m[MOCK CourseVectorStore] Initialized with mock data
[90mstdout[2m | src/components/Editor3/plugins/TablePlugin.stories.jsx[2m > [22m[2mEditable Empty
[22m[39m[ChatContext] No current chat available, will create one
[90mstdout[2m | src/components/Editor3/plugins/TablePlugin.stories.jsx[2m > [22m[2mEditable Empty
[22m[39m[ChatContext] Creating AssistantChat with user: undefined
[90mstdout[2m | src/components/Editor3/plugins/TablePlugin.stories.jsx[2m > [22m[2mEditable Empty
[22m[39m[Mock Data] AssistantChat created: mock-assistantchat-1790416572971 - notified 1 subscribers
[90mstdout[2m | src/components/Editor3/plugins/TablePlugin.stories.jsx[2m > [22m[2mEditable Empty
[22m[39m[ChatContext] Create result: {
  "data": {
    "_version": 1,
    "archived": false,
    "chatFiles": [Function anonymous],
    "createdAt": "2026-09-26T09:56:12.971Z",
    "id": "mock-assistantchat-1790416572971",
    "model": "gpt-4",
    "updatedAt": "2026-09-26T09:56:12.971Z",
  },
  "errors": [],
  "hasData": true,
  "hasErrors": true,
}
[90mstdout[2m | src/components/Editor3/plugins/TablePlugin.stories.jsx[2m > [22m[2mEditable Empty
[22m[39m[ChatContext] Created AssistantChat: mock-assistantchat-1790416572971 at: 2026-09-26T09:56:12.971Z
[90mstdout[2m | src/components/Editor3/plugins/TablePlugin.stories.jsx[2m > [22m[2mEditable Empty
[22m[39m[Mock Storage] downloadData called with: undefined
[90mstdout[2m | src/components/Editor3/plugins/TablePlugin.stories.jsx[2m > [22m[2mEditable Empty
[22m[39m[ChatContext] Setting initial chat: mock-assistantchat-1790416572971
[90mstdout[2m | src/components/Editor3/plugins/TablePlugin.stories.jsx[2m > [22m[2mEditable Empty
[22m[39m[ChatContext] Chat exists and not archived, skipping creation
[90mstdout[2m | src/components/Editor3/plugins/TablePlugin.stories.jsx[2m > [22m[2mEditable With Table
[22m[39m[ChatContext] Cleaning up subscriptions
[90mstdout[2m | src/components/Editor3/plugins/TablePlugin.stories.jsx[2m > [22m[2mEditable With Table
[22m[39m[Mock Data] Unit.onUpdate() subscription removed. Remaining: 0
[90mstdout[2m | src/components/Editor3/plugins/TablePlugin.stories.jsx[2m > [22m[2mEditable With Table
[22m[39m[Preview] Skipped initializing default mock data (initializeMockData=false)
[90mstdout[2m | src/components/Editor3/plugins/TablePlugin.stories.jsx[2m > [22m[2mEditable With Table
[22m[39m[Mock Data] seedMockUnit: Adding unit table-plugin-story-unit
[90mstdout[2m | src/components/Editor3/plugins/TablePlugin.stories.jsx[2m > [22m[2mEditable With Table
[22m[39m[MOCK CourseVectorStore] Initialized with mock data
[90mstdout[2m | src/components/Editor3/plugins/TablePlugin.stories.jsx[2m > [22m[2mEditable With Table
[22m[39m[TranslationModeController] Setting mode to: off
[90mstdout[2m | src/components/Editor3/plugins/TablePlugin.stories.jsx[2m > [22m[2mEditable With Table
[22m[39m[UnitContext] useEffect triggered {
  "authLoading": false,
  "hasUser": true,
  "id": "table-plugin-story-unit",
  "userSub": "mock-user-sub",
}
[90mstdout[2m | src/components/Editor3/plugins/TablePlugin.stories.jsx[2m > [22m[2mEditable With Table
[22m[39m[UnitContext] Fetching unit data for id: table-plugin-story-unit
[90mstdout[2m | src/components/Editor3/plugins/TablePlugin.stories.jsx[2m > [22m[2mEditable With Table
[22m[39m[FilesContext] Initializing vector store from IndexedDB
[90mstdout[2m | src/components/Editor3/plugins/TablePlugin.stories.jsx[2m > [22m[2mEditable With Table
[22m[39m[FilesContext] fetchFiles called
[90mstdout[2m | src/components/Editor3/plugins/TablePlugin.stories.jsx[2m > [22m[2mEditable With Table
[22m[39m[FilesContext] User authenticated: mock-user-sub
[90mstdout[2m | src/components/Editor3/plugins/TablePlugin.stories.jsx[2m > [22m[2mEditable With Table
[22m[39m[FilesContext] Identity ID: us-east-1:mock-identity-123
[90mstdout[2m | src/components/Editor3/plugins/TablePlugin.stories.jsx[2m > [22m[2mEditable With Table
[22m[39m[FilesContext] About to set up File observeQuery
[90mstdout[2m | src/components/Editor3/plugins/TablePlugin.stories.jsx[2m > [22m[2mEditable With Table
[22m[39m[ChatContext] Setting up AssistantChat observeQuery
[90mstdout[2m | src/components/Editor3/plugins/TablePlugin.stories.jsx[2m > [22m[2mEditable With Table
[22m[39m[ChatContext] Waiting for subscription to initialize
[90mstdout[2m | src/components/Editor3/plugins/TablePlugin.stories.jsx[2m > [22m[2mEditable With Table
[22m[39m[SettingsContext] Setting up Settings subscription for user: mock-user-sub
[90mstdout[2m | src/components/Editor3/plugins/TablePlugin.stories.jsx[2m > [22m[2mEditable With Table
[22m[39m[Mock Data] Settings created: mock-settings-1790416573132 - notified 0 subscribers
[90mstdout[2m | src/components/Editor3/plugins/TablePlugin.stories.jsx[2m > [22m[2mEditable With Table
[22m[39m[Mock Data] Unit.onUpdate() subscription added. Total: 1
[90mstdout[2m | src/components/Editor3/plugins/TablePlugin.stories.jsx[2m > [22m[2mEditable With Table
[22m[39m[SectionContext] Section observeQuery update: 0
[90mstdout[2m | src/components/Editor3/plugins/TablePlugin.stories.jsx[2m > [22m[2mEditable With Table
[22m[39m[FilesContext] File observeQuery update: 0 files
[90mstdout[2m | src/components/Editor3/plugins/TablePlugin.stories.jsx[2m > [22m[2mEditable With Table
[22m[39m[ChatContext] AssistantChat initialized with 0 chats
[90mstdout[2m | src/components/Editor3/plugins/TablePlugin.stories.jsx[2m > [22m[2mEditable With Table
[22m[39m[MOCK CourseVectorStore] Initialized with mock data
[90mstdout[2m | src/components/Editor3/plugins/TablePlugin.stories.jsx[2m > [22m[2mEditable With Table
[22m[39m[ChatContext] No current chat available, will create one
[90mstdout[2m | src/components/Editor3/plugins/TablePlugin.stories.jsx[2m > [22m[2mEditable With Table
[22m[39m[ChatContext] Creating AssistantChat with user: undefined
[90mstdout[2m | src/components/Editor3/plugins/TablePlugin.stories.jsx[2m > [22m[2mEditable With Table
[22m[39m[Mock Data] AssistantChat created: mock-assistantchat-1790416573141 - notified 1 subscribers
[90mstdout[2m | src/components/Editor3/plugins/TablePlugin.stories.jsx[2m > [22m[2mEditable With Table
[22m[39m[ChatContext] Create result: {
  "data": {
    "_version": 1,
    "archived": false,
    "chatFiles": [Function anonymous],
    "createdAt": "2026-09-26T09:56:13.141Z",
    "id": "mock-assistantchat-1790416573141",
    "model": "gpt-4",
    "updatedAt": "2026-09-26T09:56:13.141Z",
  },
  "errors": [],
  "hasData": true,
  "hasErrors": true,
}
[90mstdout[2m | src/components/Editor3/plugins/TablePlugin.stories.jsx[2m > [22m[2mEditable With Table
[22m[39m[ChatContext] Created AssistantChat: mock-assistantchat-1790416573141 at: 2026-09-26T09:56:13.141Z
[90mstdout[2m | src/components/Editor3/plugins/TablePlugin.stories.jsx[2m > [22m[2mEditable With Table
[22m[39m[Mock Storage] downloadData called with: undefined
[90mstdout[2m | src/components/Editor3/plugins/TablePlugin.stories.jsx[2m > [22m[2mEditable With Table
[22m[39m[ChatContext] Setting initial chat: mock-assistantchat-1790416573141
[90mstdout[2m | src/components/Editor3/plugins/TablePlugin.stories.jsx[2m > [22m[2mEditable With Table
[22m[39m[ChatContext] Chat exists and not archived, skipping creation
[90mstdout[2m | src/components/Editor3/plugins/TablePlugin.stories.jsx[2m > [22m[2mRead Only With Table
[22m[39m[ChatContext] Cleaning up subscriptions
[90mstdout[2m | src/components/Editor3/plugins/TablePlugin.stories.jsx[2m > [22m[2mRead Only With Table
[22m[39m[Mock Data] Unit.onUpdate() subscription removed. Remaining: 0
[90mstdout[2m | src/components/Editor3/plugins/TablePlugin.stories.jsx[2m > [22m[2mRead Only With Table
[22m[39m[Preview] Skipped initializing default mock data (initializeMockData=false)
[90mstdout[2m | src/components/Editor3/plugins/TablePlugin.stories.jsx[2m > [22m[2mRead Only With Table
[22m[39m[Mock Data] seedMockUnit: Adding unit table-plugin-story-unit
[90mstdout[2m | src/components/Editor3/plugins/TablePlugin.stories.jsx[2m > [22m[2mRead Only With Table
[22m[39m[MOCK CourseVectorStore] Initialized with mock data
[90mstdout[2m | src/components/Editor3/plugins/TablePlugin.stories.jsx[2m > [22m[2mRead Only With Table
[22m[39m[TranslationModeController] Setting mode to: off
[90mstdout[2m | src/components/Editor3/plugins/TablePlugin.stories.jsx[2m > [22m[2mRead Only With Table
[22m[39m[UnitContext] useEffect triggered {
  "authLoading": false,
  "hasUser": true,
  "id": "table-plugin-story-unit",
  "userSub": "mock-user-sub",
}
[90mstdout[2m | src/components/Editor3/plugins/TablePlugin.stories.jsx[2m > [22m[2mRead Only With Table
[22m[39m[UnitContext] Fetching unit data for id: table-plugin-story-unit
[90mstdout[2m | src/components/Editor3/plugins/TablePlugin.stories.jsx[2m > [22m[2mRead Only With Table
[22m[39m[FilesContext] Initializing vector store from IndexedDB
[90mstdout[2m | src/components/Editor3/plugins/TablePlugin.stories.jsx[2m > [22m[2mRead Only With Table
[22m[39m[FilesContext] fetchFiles called
[90mstdout[2m | src/components/Editor3/plugins/TablePlugin.stories.jsx[2m > [22m[2mRead Only With Table
[22m[39m[FilesContext] User authenticated: mock-user-sub
[90mstdout[2m | src/components/Editor3/plugins/TablePlugin.stories.jsx[2m > [22m[2mRead Only With Table
[22m[39m[FilesContext] Identity ID: us-east-1:mock-identity-123
[90mstdout[2m | src/components/Editor3/plugins/TablePlugin.stories.jsx[2m > [22m[2mRead Only With Table
[22m[39m[FilesContext] About to set up File observeQuery
[90mstdout[2m | src/components/Editor3/plugins/TablePlugin.stories.jsx[2m > [22m[2mRead Only With Table
[22m[39m[ChatContext] Setting up AssistantChat observeQuery
[90mstdout[2m | src/components/Editor3/plugins/TablePlugin.stories.jsx[2m > [22m[2mRead Only With Table
[22m[39m[ChatContext] Waiting for subscription to initialize
[90mstdout[2m | src/components/Editor3/plugins/TablePlugin.stories.jsx[2m > [22m[2mRead Only With Table
[22m[39m[SettingsContext] Setting up Settings subscription for user: mock-user-sub
[90mstdout[2m | src/components/Editor3/plugins/TablePlugin.stories.jsx[2m > [22m[2mRead Only With Table
[22m[39m[Mock Data] Settings created: mock-settings-1790416573236 - notified 0 subscribers
[90mstdout[2m | src/components/Editor3/plugins/TablePlugin.stories.jsx[2m > [22m[2mRead Only With Table
[22m[39m[Mock Data] Unit.onUpdate() subscription added. Total: 1
[90mstdout[2m | src/components/Editor3/plugins/TablePlugin.stories.jsx[2m > [22m[2mRead Only With Table
[22m[39m[SectionContext] Section observeQuery update: 0
[90mstdout[2m | src/components/Editor3/plugins/TablePlugin.stories.jsx[2m > [22m[2mRead Only With Table
[22m[39m[FilesContext] File observeQuery update: 0 files
[90mstdout[2m | src/components/Editor3/plugins/TablePlugin.stories.jsx[2m > [22m[2mRead Only With Table
[22m[39m[ChatContext] AssistantChat initialized with 0 chats
[90mstdout[2m | src/components/Editor3/plugins/TablePlugin.stories.jsx[2m > [22m[2mRead Only With Table
[22m[39m[Mock Storage] downloadData called with: undefined
[90mstdout[2m | src/components/Editor3/plugins/TablePlugin.stories.jsx[2m > [22m[2mRead Only With Table
[22m[39m[MOCK CourseVectorStore] Initialized with mock data
[90mstdout[2m | src/components/Editor3/plugins/TablePlugin.stories.jsx[2m > [22m[2mRead Only With Table
[22m[39m[ChatContext] No current chat available, will create one
[90mstdout[2m | src/components/Editor3/plugins/TablePlugin.stories.jsx[2m > [22m[2mRead Only With Table
[22m[39m[ChatContext] Creating AssistantChat with user: undefined
[90mstdout[2m | src/components/Editor3/plugins/TablePlugin.stories.jsx[2m > [22m[2mRead Only With Table
[22m[39m[Mock Data] AssistantChat created: mock-assistantchat-1790416573245 - notified 1 subscribers
[90mstdout[2m | src/components/Editor3/plugins/TablePlugin.stories.jsx[2m > [22m[2mRead Only With Table
[22m[39m[ChatContext] Create result: {
  "data": {
    "_version": 1,
    "archived": false,
    "chatFiles": [Function anonymous],
    "createdAt": "2026-09-26T09:56:13.245Z",
    "id": "mock-assistantchat-1790416573245",
    "model": "gpt-4",
    "updatedAt": "2026-09-26T09:56:13.245Z",
  },
  "errors": [],
  "hasData": true,
  "hasErrors": true,
}
[90mstdout[2m | src/components/Editor3/plugins/TablePlugin.stories.jsx[2m > [22m[2mRead Only With Table
[22m[39m[ChatContext] Created AssistantChat: mock-assistantchat-1790416573245 at: 2026-09-26T09:56:13.245Z
[90mstdout[2m | src/components/Editor3/plugins/TablePlugin.stories.jsx[2m > [22m[2mRead Only With Table
[22m[39m[ChatContext] Setting initial chat: mock-assistantchat-1790416573245
[90mstdout[2m | src/components/Editor3/plugins/TablePlugin.stories.jsx[2m > [22m[2mRead Only With Table
[22m[39m[ChatContext] Chat exists and not archived, skipping creation
 [32m✓[39m [30m[45m storybook (chromium) [49m[39m src/components/Editor3/plugins/TablePlugin.stories.jsx [2m([22m[2m3 tests[22m[2m)[22m[33m 409[2mms[22m[39m
[90mstdout[2m | unknown test
[22m[39m[MOCK vectorStoreDB.js] Module loaded - mock IndexedDB operations
[90mstdout[2m | unknown test
[22m[39m[Task Completion] DOM action listeners initialized
[90mstdout[2m | unknown test
[22m[39m[Task Completion] Auto-completion detector initialized
[90mstdout[2m | unknown test
[22m[39m[Preview] Task completion detector initialized
[90mstdout[2m | src/components/Editor3/components/ConfigurationManager.stories.jsx[2m > [22m[2mDefault
[22m[39m[MOCK CourseVectorStore] Initialized with mock data
[90mstdout[2m | src/components/Editor3/components/ConfigurationManager.stories.jsx[2m > [22m[2mDefault
[22m[39m[TranslationModeController] Setting mode to: off
[90mstdout[2m | src/components/Editor3/components/ConfigurationManager.stories.jsx[2m > [22m[2mDefault
[22m[39m[FilesContext] Initializing vector store from IndexedDB
[90mstdout[2m | src/components/Editor3/components/ConfigurationManager.stories.jsx[2m > [22m[2mDefault
[22m[39m[FilesContext] fetchFiles called
[90mstdout[2m | src/components/Editor3/components/ConfigurationManager.stories.jsx[2m > [22m[2mDefault
[22m[39m[FilesContext] User authenticated: mock-user-sub
[90mstdout[2m | src/components/Editor3/components/ConfigurationManager.stories.jsx[2m > [22m[2mDefault
[22m[39m[FilesContext] Identity ID: us-east-1:mock-identity-123
[90mstdout[2m | src/components/Editor3/components/ConfigurationManager.stories.jsx[2m > [22m[2mDefault
[22m[39m[FilesContext] About to set up File observeQuery
[90mstdout[2m | src/components/Editor3/components/ConfigurationManager.stories.jsx[2m > [22m[2mDefault
[22m[39m[ChatContext] Setting up AssistantChat observeQuery
[90mstdout[2m | src/components/Editor3/components/ConfigurationManager.stories.jsx[2m > [22m[2mDefault
[22m[39m[ChatContext] Waiting for subscription to initialize
[90mstdout[2m | src/components/Editor3/components/ConfigurationManager.stories.jsx[2m > [22m[2mDefault
[22m[39m[SettingsContext] Setting up Settings subscription for user: mock-user-sub
[90mstdout[2m | src/components/Editor3/components/ConfigurationManager.stories.jsx[2m > [22m[2mDefault
[22m[39m[Mock Data] Settings created: mock-settings-1790416574141 - notified 0 subscribers
[90mstdout[2m | src/components/Editor3/components/ConfigurationManager.stories.jsx[2m > [22m[2mDefault
[22m[39m[FilesContext] File observeQuery update: 6 files
[90mstdout[2m | src/components/Editor3/components/ConfigurationManager.stories.jsx[2m > [22m[2mDefault
[22m[39m[ChatContext] AssistantChat initialized with 1 chats
[90mstdout[2m | src/components/Editor3/components/ConfigurationManager.stories.jsx[2m > [22m[2mDefault
[22m[39m[ChatContext] Setting initial chat: mock-assistant-chat-1
[90mstdout[2m | src/components/Editor3/components/ConfigurationManager.stories.jsx[2m > [22m[2mDefault
[22m[39m[MOCK CourseVectorStore] Initialized with mock data
[90mstdout[2m | src/components/Editor3/components/ConfigurationManager.stories.jsx[2m > [22m[2mDefault
[22m[39m[FilesContext] Vector store population triggered {
  "currentVectorStoreSize": 3,
  "documentsCount": 0,
  "filesCount": 6,
  "isInitialLoad": true,
}
[90mstdout[2m | src/components/Editor3/components/ConfigurationManager.stories.jsx[2m > [22m[2mDefault
[22m[39m[FilesContext] Vector store population complete - 3 total embeddings
[90mstdout[2m | src/components/Editor3/components/ConfigurationManager.stories.jsx[2m > [22m[2mDefault
[22m[39m[ChatContext] Chat exists and not archived, skipping creation
[90mstdout[2m | src/components/Editor3/components/ConfigurationManager.stories.jsx[2m > [22m[2mDefault
[22m[39m[Mock Storage] downloadData called with: undefined
[90mstdout[2m | src/components/Editor3/components/ConfigurationManager.stories.jsx[2m > [22m[2mWith Featured Image
[22m[39m[ChatContext] Cleaning up subscriptions
[90mstdout[2m | src/components/Editor3/components/ConfigurationManager.stories.jsx[2m > [22m[2mWith Featured Image
[22m[39m[MOCK CourseVectorStore] Initialized with mock data
[90mstdout[2m | src/components/Editor3/components/ConfigurationManager.stories.jsx[2m > [22m[2mWith Featured Image
[22m[39m[TranslationModeController] Setting mode to: off
[90mstdout[2m | src/components/Editor3/components/ConfigurationManager.stories.jsx[2m > [22m[2mWith Featured Image
[22m[39m[FilesContext] Initializing vector store from IndexedDB
[90mstdout[2m | src/components/Editor3/components/ConfigurationManager.stories.jsx[2m > [22m[2mWith Featured Image
[22m[39m[FilesContext] fetchFiles called
[90mstdout[2m | src/components/Editor3/components/ConfigurationManager.stories.jsx[2m > [22m[2mWith Featured Image
[22m[39m[FilesContext] User authenticated: mock-user-sub
[90mstdout[2m | src/components/Editor3/components/ConfigurationManager.stories.jsx[2m > [22m[2mWith Featured Image
[22m[39m[FilesContext] Identity ID: us-east-1:mock-identity-123
[90mstdout[2m | src/components/Editor3/components/ConfigurationManager.stories.jsx[2m > [22m[2mWith Featured Image
[22m[39m[FilesContext] About to set up File observeQuery
[90mstdout[2m | src/components/Editor3/components/ConfigurationManager.stories.jsx[2m > [22m[2mWith Featured Image
[22m[39m[ChatContext] Setting up AssistantChat observeQuery
[90mstdout[2m | src/components/Editor3/components/ConfigurationManager.stories.jsx[2m > [22m[2mWith Featured Image
[22m[39m[ChatContext] Waiting for subscription to initialize
[90mstdout[2m | src/components/Editor3/components/ConfigurationManager.stories.jsx[2m > [22m[2mWith Featured Image
[22m[39m[SettingsContext] Setting up Settings subscription for user: mock-user-sub
[90mstdout[2m | src/components/Editor3/components/ConfigurationManager.stories.jsx[2m > [22m[2mWith Featured Image
[22m[39m[Mock Data] Settings created: mock-settings-1790416574467 - notified 0 subscribers
[90mstdout[2m | src/components/Editor3/components/ConfigurationManager.stories.jsx[2m > [22m[2mWith Featured Image
[22m[39m[FilesContext] File observeQuery update: 6 files
[90mstdout[2m | src/components/Editor3/components/ConfigurationManager.stories.jsx[2m > [22m[2mWith Featured Image
[22m[39m[ChatContext] AssistantChat initialized with 1 chats
[90mstdout[2m | src/components/Editor3/components/ConfigurationManager.stories.jsx[2m > [22m[2mWith Featured Image
[22m[39m[ChatContext] Setting initial chat: mock-assistant-chat-1
[90mstdout[2m | src/components/Editor3/components/ConfigurationManager.stories.jsx[2m > [22m[2mWith Featured Image
[22m[39m[MOCK CourseVectorStore] Initialized with mock data
[90mstdout[2m | src/components/Editor3/components/ConfigurationManager.stories.jsx[2m > [22m[2mWith Featured Image
[22m[39mMock Cache.getItem called with: getCachedUrl_/story-mocks/animals-10008941_1280.jpg
[90mstdout[2m | src/components/Editor3/components/ConfigurationManager.stories.jsx[2m > [22m[2mWith Featured Image
[22m[39m[FilesContext] Vector store population triggered {
  "currentVectorStoreSize": 3,
  "documentsCount": 0,
  "filesCount": 6,
  "isInitialLoad": true,
}
[90mstdout[2m | src/components/Editor3/components/ConfigurationManager.stories.jsx[2m > [22m[2mWith Featured Image
[22m[39m[FilesContext] Vector store population complete - 3 total embeddings
[90mstdout[2m | src/components/Editor3/components/ConfigurationManager.stories.jsx[2m > [22m[2mWith Featured Image
[22m[39m[ChatContext] Chat exists and not archived, skipping creation
[90mstdout[2m | src/components/Editor3/components/ConfigurationManager.stories.jsx[2m > [22m[2mWith Featured Image
[22m[39mMock getUrl called with: /story-mocks/animals-10008941_1280.jpg
[90mstdout[2m | src/components/Editor3/components/ConfigurationManager.stories.jsx[2m > [22m[2mWith Featured Image
[22m[39mMock Cache.setItem called with: getCachedUrl_/story-mocks/animals-10008941_1280.jpg /story-mocks/animals-10008941_1280.jpg
[90mstdout[2m | src/components/Editor3/components/ConfigurationManager.stories.jsx[2m > [22m[2mWith Featured Image
[22m[39m[Mock Storage] downloadData called with: undefined
 [32m✓[39m [30m[45m storybook (chromium) [49m[39m src/components/Editor3/components/ConfigurationManager.stories.jsx [2m([22m[2m2 tests[22m[2m)[22m[33m 521[2mms[22m[39m
   [33m[2m✓[22m[39m Default [33m 330[2mms[22m[39m
[90mstdout[2m | unknown test
[22m[39m[MOCK vectorStoreDB.js] Module loaded - mock IndexedDB operations
[90mstdout[2m | unknown test
[22m[39m[Task Completion] DOM action listeners initialized
[90mstdout[2m | unknown test
[22m[39m[Task Completion] Auto-completion detector initialized
[90mstdout[2m | unknown test
[22m[39m[Preview] Task completion detector initialized
[90mstdout[2m | src/components/ModerationBadge.stories.jsx[2m > [22m[2mApproved Content
[22m[39m[MOCK CourseVectorStore] Initialized with mock data
[90mstdout[2m | src/components/ModerationBadge.stories.jsx[2m > [22m[2mApproved Content
[22m[39m[TranslationModeController] Setting mode to: off
[90mstdout[2m | src/components/ModerationBadge.stories.jsx[2m > [22m[2mApproved Content
[22m[39m[UnitContext] useEffect triggered {
  "authLoading": false,
  "hasUser": true,
  "id": "mock-unit-id",
  "userSub": "mock-user-sub",
}
[90mstdout[2m | src/components/ModerationBadge.stories.jsx[2m > [22m[2mApproved Content
[22m[39m[UnitContext] Fetching unit data for id: mock-unit-id
[90mstdout[2m | src/components/ModerationBadge.stories.jsx[2m > [22m[2mApproved Content
[22m[39m[FilesContext] Initializing vector store from IndexedDB
[90mstdout[2m | src/components/ModerationBadge.stories.jsx[2m > [22m[2mApproved Content
[22m[39m[FilesContext] fetchFiles called
[90mstdout[2m | src/components/ModerationBadge.stories.jsx[2m > [22m[2mApproved Content
[22m[39m[FilesContext] User authenticated: mock-user-sub
[90mstdout[2m | src/components/ModerationBadge.stories.jsx[2m > [22m[2mApproved Content
[22m[39m[FilesContext] Identity ID: us-east-1:mock-identity-123
[90mstdout[2m | src/components/ModerationBadge.stories.jsx[2m > [22m[2mApproved Content
[22m[39m[FilesContext] About to set up File observeQuery
[90mstdout[2m | src/components/ModerationBadge.stories.jsx[2m > [22m[2mApproved Content
[22m[39m[ChatContext] Setting up AssistantChat observeQuery
[90mstdout[2m | src/components/ModerationBadge.stories.jsx[2m > [22m[2mApproved Content
[22m[39m[ChatContext] Waiting for subscription to initialize
[90mstdout[2m | src/components/ModerationBadge.stories.jsx[2m > [22m[2mApproved Content
[22m[39m[SettingsContext] Setting up Settings subscription for user: mock-user-sub
[90mstdout[2m | src/components/ModerationBadge.stories.jsx[2m > [22m[2mApproved Content
[22m[39m[Mock Data] Settings created: mock-settings-1790416576504 - notified 0 subscribers
[90mstdout[2m | src/components/ModerationBadge.stories.jsx[2m > [22m[2mApproved Content
[22m[39m[Mock Data] Unit.onUpdate() subscription added. Total: 1
[90mstdout[2m | src/components/ModerationBadge.stories.jsx[2m > [22m[2mApproved Content
[22m[39m[SectionContext] Section observeQuery update: 0
[90mstdout[2m | src/components/ModerationBadge.stories.jsx[2m > [22m[2mApproved Content
[22m[39m[FilesContext] File observeQuery update: 6 files
[90mstdout[2m | src/components/ModerationBadge.stories.jsx[2m > [22m[2mApproved Content
[22m[39m[ChatContext] AssistantChat initialized with 1 chats
[90mstdout[2m | src/components/ModerationBadge.stories.jsx[2m > [22m[2mApproved Content
[22m[39m[ChatContext] Setting initial chat: mock-assistant-chat-1
[90mstdout[2m | src/components/ModerationBadge.stories.jsx[2m > [22m[2mApproved Content
[22m[39m[MOCK CourseVectorStore] Initialized with mock data
[90mstdout[2m | src/components/ModerationBadge.stories.jsx[2m > [22m[2mApproved Content
[22m[39m[FilesContext] Vector store population triggered {
  "currentVectorStoreSize": 3,
  "documentsCount": 0,
  "filesCount": 6,
  "isInitialLoad": true,
}
[90mstdout[2m | src/components/ModerationBadge.stories.jsx[2m > [22m[2mApproved Content
[22m[39m[FilesContext] Vector store population complete - 3 total embeddings
[90mstdout[2m | src/components/ModerationBadge.stories.jsx[2m > [22m[2mApproved Content
[22m[39m[ChatContext] Chat exists and not archived, skipping creation
[90mstdout[2m | src/components/ModerationBadge.stories.jsx[2m > [22m[2mApproved Content
[22m[39m[Mock Storage] downloadData called with: undefined
[90mstdout[2m | src/components/ModerationBadge.stories.jsx[2m > [22m[2mApproved With Details
[22m[39m[ChatContext] Cleaning up subscriptions
[90mstdout[2m | src/components/ModerationBadge.stories.jsx[2m > [22m[2mApproved With Details
[22m[39m[Mock Data] Unit.onUpdate() subscription removed. Remaining: 0
[90mstdout[2m | src/components/ModerationBadge.stories.jsx[2m > [22m[2mApproved With Details
[22m[39m[MOCK CourseVectorStore] Initialized with mock data
[90mstdout[2m | src/components/ModerationBadge.stories.jsx[2m > [22m[2mApproved With Details
[22m[39m[TranslationModeController] Setting mode to: off
[90mstdout[2m | src/components/ModerationBadge.stories.jsx[2m > [22m[2mApproved With Details
[22m[39m[UnitContext] useEffect triggered {
  "authLoading": false,
  "hasUser": true,
  "id": "mock-unit-id",
  "userSub": "mock-user-sub",
}
[90mstdout[2m | src/components/ModerationBadge.stories.jsx[2m > [22m[2mApproved With Details
[22m[39m[UnitContext] Fetching unit data for id: mock-unit-id
[90mstdout[2m | src/components/ModerationBadge.stories.jsx[2m > [22m[2mApproved With Details
[22m[39m[FilesContext] Initializing vector store from IndexedDB
[90mstdout[2m | src/components/ModerationBadge.stories.jsx[2m > [22m[2mApproved With Details
[22m[39m[FilesContext] fetchFiles called
[90mstdout[2m | src/components/ModerationBadge.stories.jsx[2m > [22m[2mApproved With Details
[22m[39m[FilesContext] User authenticated: mock-user-sub
[90mstdout[2m | src/components/ModerationBadge.stories.jsx[2m > [22m[2mApproved With Details
[22m[39m[FilesContext] Identity ID: us-east-1:mock-identity-123
[90mstdout[2m | src/components/ModerationBadge.stories.jsx[2m > [22m[2mApproved With Details
[22m[39m[FilesContext] About to set up File observeQuery
[90mstdout[2m | src/components/ModerationBadge.stories.jsx[2m > [22m[2mApproved With Details
[22m[39m[ChatContext] Setting up AssistantChat observeQuery
[90mstdout[2m | src/components/ModerationBadge.stories.jsx[2m > [22m[2mApproved With Details
[22m[39m[ChatContext] Waiting for subscription to initialize
[90mstdout[2m | src/components/ModerationBadge.stories.jsx[2m > [22m[2mApproved With Details
[22m[39m[SettingsContext] Setting up Settings subscription for user: mock-user-sub
[90mstdout[2m | src/components/ModerationBadge.stories.jsx[2m > [22m[2mApproved With Details
[22m[39m[Mock Data] Settings created: mock-settings-1790416576664 - notified 0 subscribers
[90mstdout[2m | src/components/ModerationBadge.stories.jsx[2m > [22m[2mApproved With Details
[22m[39m[Mock Data] Unit.onUpdate() subscription added. Total: 1
[90mstdout[2m | src/components/ModerationBadge.stories.jsx[2m > [22m[2mApproved With Details
[22m[39m[SectionContext] Section observeQuery update: 0
[90mstdout[2m | src/components/ModerationBadge.stories.jsx[2m > [22m[2mApproved With Details
[22m[39m[FilesContext] File observeQuery update: 6 files
[90mstdout[2m | src/components/ModerationBadge.stories.jsx[2m > [22m[2mApproved With Details
[22m[39m[ChatContext] AssistantChat initialized with 1 chats
[90mstdout[2m | src/components/ModerationBadge.stories.jsx[2m > [22m[2mApproved With Details
[22m[39m[ChatContext] Setting initial chat: mock-assistant-chat-1
[90mstdout[2m | src/components/ModerationBadge.stories.jsx[2m > [22m[2mApproved With Details
[22m[39m[MOCK CourseVectorStore] Initialized with mock data
[90mstdout[2m | src/components/ModerationBadge.stories.jsx[2m > [22m[2mApproved With Details
[22m[39m[FilesContext] Vector store population triggered {
  "currentVectorStoreSize": 3,
  "documentsCount": 0,
  "filesCount": 6,
  "isInitialLoad": true,
}
[90mstdout[2m | src/components/ModerationBadge.stories.jsx[2m > [22m[2mApproved With Details
[22m[39m[FilesContext] Vector store population complete - 3 total embeddings
[90mstdout[2m | src/components/ModerationBadge.stories.jsx[2m > [22m[2mApproved With Details
[22m[39m[ChatContext] Chat exists and not archived, skipping creation
[90mstdout[2m | src/components/ModerationBadge.stories.jsx[2m > [22m[2mApproved With Details
[22m[39m[Mock Storage] downloadData called with: undefined
[90mstdout[2m | src/components/ModerationBadge.stories.jsx[2m > [22m[2mFlagged Single Category
[22m[39m[ChatContext] Cleaning up subscriptions
[90mstdout[2m | src/components/ModerationBadge.stories.jsx[2m > [22m[2mFlagged Single Category
[22m[39m[Mock Data] Unit.onUpdate() subscription removed. Remaining: 0
[90mstdout[2m | src/components/ModerationBadge.stories.jsx[2m > [22m[2mFlagged Single Category
[22m[39m[MOCK CourseVectorStore] Initialized with mock data
[90mstdout[2m | src/components/ModerationBadge.stories.jsx[2m > [22m[2mFlagged Single Category
[22m[39m[TranslationModeController] Setting mode to: off
[90mstdout[2m | src/components/ModerationBadge.stories.jsx[2m > [22m[2mFlagged Single Category
[22m[39m[UnitContext] useEffect triggered {
  "authLoading": false,
  "hasUser": true,
  "id": "mock-unit-id",
  "userSub": "mock-user-sub",
}
[90mstdout[2m | src/components/ModerationBadge.stories.jsx[2m > [22m[2mFlagged Single Category
[22m[39m[UnitContext] Fetching unit data for id: mock-unit-id
[90mstdout[2m | src/components/ModerationBadge.stories.jsx[2m > [22m[2mFlagged Single Category
[22m[39m[FilesContext] Initializing vector store from IndexedDB
[90mstdout[2m | src/components/ModerationBadge.stories.jsx[2m > [22m[2mFlagged Single Category
[22m[39m[FilesContext] fetchFiles called
[90mstdout[2m | src/components/ModerationBadge.stories.jsx[2m > [22m[2mFlagged Single Category
[22m[39m[FilesContext] User authenticated: mock-user-sub
[90mstdout[2m | src/components/ModerationBadge.stories.jsx[2m > [22m[2mFlagged Single Category
[22m[39m[FilesContext] Identity ID: us-east-1:mock-identity-123
[90mstdout[2m | src/components/ModerationBadge.stories.jsx[2m > [22m[2mFlagged Single Category
[22m[39m[FilesContext] About to set up File observeQuery
[90mstdout[2m | src/components/ModerationBadge.stories.jsx[2m > [22m[2mFlagged Single Category
[22m[39m[ChatContext] Setting up AssistantChat observeQuery
[90mstdout[2m | src/components/ModerationBadge.stories.jsx[2m > [22m[2mFlagged Single Category
[22m[39m[ChatContext] Waiting for subscription to initialize
[90mstdout[2m | src/components/ModerationBadge.stories.jsx[2m > [22m[2mFlagged Single Category
[22m[39m[SettingsContext] Setting up Settings subscription for user: mock-user-sub
[90mstdout[2m | src/components/ModerationBadge.stories.jsx[2m > [22m[2mFlagged Single Category
[22m[39m[Mock Data] Settings created: mock-settings-1790416576809 - notified 0 subscribers
[90mstdout[2m | src/components/ModerationBadge.stories.jsx[2m > [22m[2mFlagged Single Category
[22m[39m[Mock Data] Unit.onUpdate() subscription added. Total: 1
[90mstdout[2m | src/components/ModerationBadge.stories.jsx[2m > [22m[2mFlagged Single Category
[22m[39m[SectionContext] Section observeQuery update: 0
[90mstdout[2m | src/components/ModerationBadge.stories.jsx[2m > [22m[2mFlagged Single Category
[22m[39m[FilesContext] File observeQuery update: 6 files
[90mstdout[2m | src/components/ModerationBadge.stories.jsx[2m > [22m[2mFlagged Single Category
[22m[39m[ChatContext] AssistantChat initialized with 1 chats
[90mstdout[2m | src/components/ModerationBadge.stories.jsx[2m > [22m[2mFlagged Single Category
[22m[39m[ChatContext] Setting initial chat: mock-assistant-chat-1
[90mstdout[2m | src/components/ModerationBadge.stories.jsx[2m > [22m[2mFlagged Single Category
[22m[39m[MOCK CourseVectorStore] Initialized with mock data
[90mstdout[2m | src/components/ModerationBadge.stories.jsx[2m > [22m[2mFlagged Single Category
[22m[39m[FilesContext] Vector store population triggered {
  "currentVectorStoreSize": 3,
  "documentsCount": 0,
  "filesCount": 6,
  "isInitialLoad": true,
}
[90mstdout[2m | src/components/ModerationBadge.stories.jsx[2m > [22m[2mFlagged Single Category
[22m[39m[FilesContext] Vector store population complete - 3 total embeddings
[90mstdout[2m | src/components/ModerationBadge.stories.jsx[2m > [22m[2mFlagged Single Category
[22m[39m[ChatContext] Chat exists and not archived, skipping creation
[90mstdout[2m | src/components/ModerationBadge.stories.jsx[2m > [22m[2mFlagged Single Category
[22m[39m[Mock Storage] downloadData called with: undefined
[90mstdout[2m | src/components/ModerationBadge.stories.jsx[2m > [22m[2mFlagged With Details
[22m[39m[ChatContext] Cleaning up subscriptions
[90mstdout[2m | src/components/ModerationBadge.stories.jsx[2m > [22m[2mFlagged With Details
[22m[39m[Mock Data] Unit.onUpdate() subscription removed. Remaining: 0
[90mstdout[2m | src/components/ModerationBadge.stories.jsx[2m > [22m[2mFlagged With Details
[22m[39m[MOCK CourseVectorStore] Initialized with mock data
[90mstdout[2m | src/components/ModerationBadge.stories.jsx[2m > [22m[2mFlagged With Details
[22m[39m[TranslationModeController] Setting mode to: off
[90mstdout[2m | src/components/ModerationBadge.stories.jsx[2m > [22m[2mFlagged With Details
[22m[39m[UnitContext] useEffect triggered {
  "authLoading": false,
  "hasUser": true,
  "id": "mock-unit-id",
  "userSub": "mock-user-sub",
}
[90mstdout[2m | src/components/ModerationBadge.stories.jsx[2m > [22m[2mFlagged With Details
[22m[39m[UnitContext] Fetching unit data for id: mock-unit-id
[90mstdout[2m | src/components/ModerationBadge.stories.jsx[2m > [22m[2mFlagged With Details
[22m[39m[FilesContext] Initializing vector store from IndexedDB
[90mstdout[2m | src/components/ModerationBadge.stories.jsx[2m > [22m[2mFlagged With Details
[22m[39m[FilesContext] fetchFiles called
[90mstdout[2m | src/components/ModerationBadge.stories.jsx[2m > [22m[2mFlagged With Details
[22m[39m[FilesContext] User authenticated: mock-user-sub
[90mstdout[2m | src/components/ModerationBadge.stories.jsx[2m > [22m[2mFlagged With Details
[22m[39m[FilesContext] Identity ID: us-east-1:mock-identity-123
[90mstdout[2m | src/components/ModerationBadge.stories.jsx[2m > [22m[2mFlagged With Details
[22m[39m[FilesContext] About to set up File observeQuery
[90mstdout[2m | src/components/ModerationBadge.stories.jsx[2m > [22m[2mFlagged With Details
[22m[39m[ChatContext] Setting up AssistantChat observeQuery
[90mstdout[2m | src/components/ModerationBadge.stories.jsx[2m > [22m[2mFlagged With Details
[22m[39m[ChatContext] Waiting for subscription to initialize
[90mstdout[2m | src/components/ModerationBadge.stories.jsx[2m > [22m[2mFlagged With Details
[22m[39m[SettingsContext] Setting up Settings subscription for user: mock-user-sub
[90mstdout[2m | src/components/ModerationBadge.stories.jsx[2m > [22m[2mFlagged With Details
[22m[39m[Mock Data] Settings created: mock-settings-1790416576941 - notified 0 subscribers
[90mstdout[2m | src/components/ModerationBadge.stories.jsx[2m > [22m[2mFlagged With Details
[22m[39m[Mock Data] Unit.onUpdate() subscription added. Total: 1
[90mstdout[2m | src/components/ModerationBadge.stories.jsx[2m > [22m[2mFlagged With Details
[22m[39m[SectionContext] Section observeQuery update: 0
[90mstdout[2m | src/components/ModerationBadge.stories.jsx[2m > [22m[2mFlagged With Details
[22m[39m[FilesContext] File observeQuery update: 6 files
[90mstdout[2m | src/components/ModerationBadge.stories.jsx[2m > [22m[2mFlagged With Details
[22m[39m[ChatContext] AssistantChat initialized with 1 chats
[90mstdout[2m | src/components/ModerationBadge.stories.jsx[2m > [22m[2mFlagged With Details
[22m[39m[ChatContext] Setting initial chat: mock-assistant-chat-1
[90mstdout[2m | src/components/ModerationBadge.stories.jsx[2m > [22m[2mFlagged With Details
[22m[39m[MOCK CourseVectorStore] Initialized with mock data
[90mstdout[2m | src/components/ModerationBadge.stories.jsx[2m > [22m[2mFlagged With Details
[22m[39m[FilesContext] Vector store population triggered {
  "currentVectorStoreSize": 3,
  "documentsCount": 0,
  "filesCount": 6,
  "isInitialLoad": true,
}
[90mstdout[2m | src/components/ModerationBadge.stories.jsx[2m > [22m[2mFlagged With Details
[22m[39m[FilesContext] Vector store population complete - 3 total embeddings
[90mstdout[2m | src/components/ModerationBadge.stories.jsx[2m > [22m[2mFlagged With Details
[22m[39m[ChatContext] Chat exists and not archived, skipping creation
[90mstdout[2m | src/components/ModerationBadge.stories.jsx[2m > [22m[2mFlagged With Details
[22m[39m[Mock Storage] downloadData called with: undefined
[90mstdout[2m | src/components/ModerationBadge.stories.jsx[2m > [22m[2mFlagged Multiple Categories
[22m[39m[ChatContext] Cleaning up subscriptions
[90mstdout[2m | src/components/ModerationBadge.stories.jsx[2m > [22m[2mFlagged Multiple Categories
[22m[39m[Mock Data] Unit.onUpdate() subscription removed. Remaining: 0
[90mstdout[2m | src/components/ModerationBadge.stories.jsx[2m > [22m[2mFlagged Multiple Categories
[22m[39m[MOCK CourseVectorStore] Initialized with mock data
[90mstdout[2m | src/components/ModerationBadge.stories.jsx[2m > [22m[2mFlagged Multiple Categories
[22m[39m[TranslationModeController] Setting mode to: off
[90mstdout[2m | src/components/ModerationBadge.stories.jsx[2m > [22m[2mFlagged Multiple Categories
[22m[39m[UnitContext] useEffect triggered {
  "authLoading": false,
  "hasUser": true,
  "id": "mock-unit-id",
  "userSub": "mock-user-sub",
}
[90mstdout[2m | src/components/ModerationBadge.stories.jsx[2m > [22m[2mFlagged Multiple Categories
[22m[39m[UnitContext] Fetching unit data for id: mock-unit-id
[90mstdout[2m | src/components/ModerationBadge.stories.jsx[2m > [22m[2mFlagged Multiple Categories
[22m[39m[FilesContext] Initializing vector store from IndexedDB
[90mstdout[2m | src/components/ModerationBadge.stories.jsx[2m > [22m[2mFlagged Multiple Categories
[22m[39m[FilesContext] fetchFiles called
[90mstdout[2m | src/components/ModerationBadge.stories.jsx[2m > [22m[2mFlagged Multiple Categories
[22m[39m[FilesContext] User authenticated: mock-user-sub
[90mstdout[2m | src/components/ModerationBadge.stories.jsx[2m > [22m[2mFlagged Multiple Categories
[22m[39m[FilesContext] Identity ID: us-east-1:mock-identity-123
[90mstdout[2m | src/components/ModerationBadge.stories.jsx[2m > [22m[2mFlagged Multiple Categories
[22m[39m[FilesContext] About to set up File observeQuery
[90mstdout[2m | src/components/ModerationBadge.stories.jsx[2m > [22m[2mFlagged Multiple Categories
[22m[39m[ChatContext] Setting up AssistantChat observeQuery
[90mstdout[2m | src/components/ModerationBadge.stories.jsx[2m > [22m[2mFlagged Multiple Categories
[22m[39m[ChatContext] Waiting for subscription to initialize
[90mstdout[2m | src/components/ModerationBadge.stories.jsx[2m > [22m[2mFlagged Multiple Categories
[22m[39m[SettingsContext] Setting up Settings subscription for user: mock-user-sub
[90mstdout[2m | src/components/ModerationBadge.stories.jsx[2m > [22m[2mFlagged Multiple Categories
[22m[39m[Mock Data] Settings created: mock-settings-1790416577039 - notified 0 subscribers
[90mstdout[2m | src/components/ModerationBadge.stories.jsx[2m > [22m[2mFlagged Multiple Categories
[22m[39m[Mock Data] Unit.onUpdate() subscription added. Total: 1
[90mstdout[2m | src/components/ModerationBadge.stories.jsx[2m > [22m[2mFlagged Multiple Categories
[22m[39m[SectionContext] Section observeQuery update: 0
[90mstdout[2m | src/components/ModerationBadge.stories.jsx[2m > [22m[2mFlagged Multiple Categories
[22m[39m[FilesContext] File observeQuery update: 6 files
[90mstdout[2m | src/components/ModerationBadge.stories.jsx[2m > [22m[2mFlagged Multiple Categories
[22m[39m[ChatContext] AssistantChat initialized with 1 chats
[90mstdout[2m | src/components/ModerationBadge.stories.jsx[2m > [22m[2mFlagged Multiple Categories
[22m[39m[ChatContext] Setting initial chat: mock-assistant-chat-1
[90mstdout[2m | src/components/ModerationBadge.stories.jsx[2m > [22m[2mFlagged Multiple Categories
[22m[39m[MOCK CourseVectorStore] Initialized with mock data
[90mstdout[2m | src/components/ModerationBadge.stories.jsx[2m > [22m[2mFlagged Multiple Categories
[22m[39m[FilesContext] Vector store population triggered {
  "currentVectorStoreSize": 3,
  "documentsCount": 0,
  "filesCount": 6,
  "isInitialLoad": true,
}
[90mstdout[2m | src/components/ModerationBadge.stories.jsx[2m > [22m[2mFlagged Multiple Categories
[22m[39m[FilesContext] Vector store population complete - 3 total embeddings
[90mstdout[2m | src/components/ModerationBadge.stories.jsx[2m > [22m[2mFlagged Multiple Categories
[22m[39m[ChatContext] Chat exists and not archived, skipping creation
[90mstdout[2m | src/components/ModerationBadge.stories.jsx[2m > [22m[2mFlagged Multiple Categories
[22m[39m[Mock Storage] downloadData called with: undefined
[90mstdout[2m | src/components/ModerationBadge.stories.jsx[2m > [22m[2mUnchecked Content
[22m[39m[ChatContext] Cleaning up subscriptions
[90mstdout[2m | src/components/ModerationBadge.stories.jsx[2m > [22m[2mUnchecked Content
[22m[39m[Mock Data] Unit.onUpdate() subscription removed. Remaining: 0
[90mstdout[2m | src/components/ModerationBadge.stories.jsx[2m > [22m[2mUnchecked Content
[22m[39m[MOCK CourseVectorStore] Initialized with mock data
[90mstdout[2m | src/components/ModerationBadge.stories.jsx[2m > [22m[2mUnchecked Content
[22m[39m[TranslationModeController] Setting mode to: off
[90mstdout[2m | src/components/ModerationBadge.stories.jsx[2m > [22m[2mUnchecked Content
[22m[39m[UnitContext] useEffect triggered {
  "authLoading": false,
  "hasUser": true,
  "id": "mock-unit-id",
  "userSub": "mock-user-sub",
}
[90mstdout[2m | src/components/ModerationBadge.stories.jsx[2m > [22m[2mUnchecked Content
[22m[39m[UnitContext] Fetching unit data for id: mock-unit-id
[90mstdout[2m | src/components/ModerationBadge.stories.jsx[2m > [22m[2mUnchecked Content
[22m[39m[FilesContext] Initializing vector store from IndexedDB
[90mstdout[2m | src/components/ModerationBadge.stories.jsx[2m > [22m[2mUnchecked Content
[22m[39m[FilesContext] fetchFiles called
[90mstdout[2m | src/components/ModerationBadge.stories.jsx[2m > [22m[2mUnchecked Content
[22m[39m[FilesContext] User authenticated: mock-user-sub
[90mstdout[2m | src/components/ModerationBadge.stories.jsx[2m > [22m[2mUnchecked Content
[22m[39m[FilesContext] Identity ID: us-east-1:mock-identity-123
[90mstdout[2m | src/components/ModerationBadge.stories.jsx[2m > [22m[2mUnchecked Content
[22m[39m[FilesContext] About to set up File observeQuery
[90mstdout[2m | src/components/ModerationBadge.stories.jsx[2m > [22m[2mUnchecked Content
[22m[39m[ChatContext] Setting up AssistantChat observeQuery
[90mstdout[2m | src/components/ModerationBadge.stories.jsx[2m > [22m[2mUnchecked Content
[22m[39m[ChatContext] Waiting for subscription to initialize
[90mstdout[2m | src/components/ModerationBadge.stories.jsx[2m > [22m[2mUnchecked Content
[22m[39m[SettingsContext] Setting up Settings subscription for user: mock-user-sub
[90mstdout[2m | src/components/ModerationBadge.stories.jsx[2m > [22m[2mUnchecked Content
[22m[39m[Mock Data] Settings created: mock-settings-1790416577152 - notified 0 subscribers
[90mstdout[2m | src/components/ModerationBadge.stories.jsx[2m > [22m[2mUnchecked Content
[22m[39m[Mock Data] Unit.onUpdate() subscription added. Total: 1
[90mstdout[2m | src/components/ModerationBadge.stories.jsx[2m > [22m[2mUnchecked Content
[22m[39m[SectionContext] Section observeQuery update: 0
[90mstdout[2m | src/components/ModerationBadge.stories.jsx[2m > [22m[2mUnchecked Content
[22m[39m[FilesContext] File observeQuery update: 6 files
[90mstdout[2m | src/components/ModerationBadge.stories.jsx[2m > [22m[2mUnchecked Content
[22m[39m[ChatContext] AssistantChat initialized with 1 chats
[90mstdout[2m | src/components/ModerationBadge.stories.jsx[2m > [22m[2mUnchecked Content
[22m[39m[ChatContext] Setting initial chat: mock-assistant-chat-1
[90mstdout[2m | src/components/ModerationBadge.stories.jsx[2m > [22m[2mUnchecked Content
[22m[39m[MOCK CourseVectorStore] Initialized with mock data
[90mstdout[2m | src/components/ModerationBadge.stories.jsx[2m > [22m[2mUnchecked Content
[22m[39m[FilesContext] Vector store population triggered {
  "currentVectorStoreSize": 3,
  "documentsCount": 0,
  "filesCount": 6,
  "isInitialLoad": true,
}
[90mstdout[2m | src/components/ModerationBadge.stories.jsx[2m > [22m[2mUnchecked Content
[22m[39m[FilesContext] Vector store population complete - 3 total embeddings
[90mstdout[2m | src/components/ModerationBadge.stories.jsx[2m > [22m[2mUnchecked Content
[22m[39m[ChatContext] Chat exists and not archived, skipping creation
[90mstdout[2m | src/components/ModerationBadge.stories.jsx[2m > [22m[2mUnchecked Content
[22m[39m[Mock Storage] downloadData called with: undefined
[90mstdout[2m | src/components/ModerationBadge.stories.jsx[2m > [22m[2mIcon Only
[22m[39m[ChatContext] Cleaning up subscriptions
[90mstdout[2m | src/components/ModerationBadge.stories.jsx[2m > [22m[2mIcon Only
[22m[39m[Mock Data] Unit.onUpdate() subscription removed. Remaining: 0
[90mstdout[2m | src/components/ModerationBadge.stories.jsx[2m > [22m[2mIcon Only
[22m[39m[MOCK CourseVectorStore] Initialized with mock data
[90mstdout[2m | src/components/ModerationBadge.stories.jsx[2m > [22m[2mIcon Only
[22m[39m[TranslationModeController] Setting mode to: off
[90mstdout[2m | src/components/ModerationBadge.stories.jsx[2m > [22m[2mIcon Only
[22m[39m[UnitContext] useEffect triggered {
  "authLoading": false,
  "hasUser": true,
  "id": "mock-unit-id",
  "userSub": "mock-user-sub",
}
[90mstdout[2m | src/components/ModerationBadge.stories.jsx[2m > [22m[2mIcon Only
[22m[39m[UnitContext] Fetching unit data for id: mock-unit-id
[90mstdout[2m | src/components/ModerationBadge.stories.jsx[2m > [22m[2mIcon Only
[22m[39m[FilesContext] Initializing vector store from IndexedDB
[90mstdout[2m | src/components/ModerationBadge.stories.jsx[2m > [22m[2mIcon Only
[22m[39m[FilesContext] fetchFiles called
[90mstdout[2m | src/components/ModerationBadge.stories.jsx[2m > [22m[2mIcon Only
[22m[39m[FilesContext] User authenticated: mock-user-sub
[90mstdout[2m | src/components/ModerationBadge.stories.jsx[2m > [22m[2mIcon Only
[22m[39m[FilesContext] Identity ID: us-east-1:mock-identity-123
[90mstdout[2m | src/components/ModerationBadge.stories.jsx[2m > [22m[2mIcon Only
[22m[39m[FilesContext] About to set up File observeQuery
[90mstdout[2m | src/components/ModerationBadge.stories.jsx[2m > [22m[2mIcon Only
[22m[39m[ChatContext] Setting up AssistantChat observeQuery
[90mstdout[2m | src/components/ModerationBadge.stories.jsx[2m > [22m[2mIcon Only
[22m[39m[ChatContext] Waiting for subscription to initialize
[90mstdout[2m | src/components/ModerationBadge.stories.jsx[2m > [22m[2mIcon Only
[22m[39m[SettingsContext] Setting up Settings subscription for user: mock-user-sub
[90mstdout[2m | src/components/ModerationBadge.stories.jsx[2m > [22m[2mIcon Only
[22m[39m[Mock Data] Settings created: mock-settings-1790416577250 - notified 0 subscribers
[90mstdout[2m | src/components/ModerationBadge.stories.jsx[2m > [22m[2mIcon Only
[22m[39m[Mock Data] Unit.onUpdate() subscription added. Total: 1
[90mstdout[2m | src/components/ModerationBadge.stories.jsx[2m > [22m[2mIcon Only
[22m[39m[SectionContext] Section observeQuery update: 0
[90mstdout[2m | src/components/ModerationBadge.stories.jsx[2m > [22m[2mIcon Only
[22m[39m[FilesContext] File observeQuery update: 6 files
[90mstdout[2m | src/components/ModerationBadge.stories.jsx[2m > [22m[2mIcon Only
[22m[39m[MOCK CourseVectorStore] Initialized with mock data
[90mstdout[2m | src/components/ModerationBadge.stories.jsx[2m > [22m[2mIcon Only
[22m[39m[FilesContext] Vector store population triggered {
  "currentVectorStoreSize": 3,
  "documentsCount": 0,
  "filesCount": 6,
  "isInitialLoad": true,
}
[90mstdout[2m | src/components/ModerationBadge.stories.jsx[2m > [22m[2mIcon Only
[22m[39m[FilesContext] Vector store population complete - 3 total embeddings
[90mstdout[2m | src/components/ModerationBadge.stories.jsx[2m > [22m[2mIcon Only
[22m[39m[ChatContext] AssistantChat initialized with 1 chats
[90mstdout[2m | src/components/ModerationBadge.stories.jsx[2m > [22m[2mIcon Only
[22m[39m[ChatContext] Setting initial chat: mock-assistant-chat-1
[90mstdout[2m | src/components/ModerationBadge.stories.jsx[2m > [22m[2mIcon Only
[22m[39m[Mock Storage] downloadData called with: undefined
[90mstdout[2m | src/components/ModerationBadge.stories.jsx[2m > [22m[2mIcon Only
[22m[39m[ChatContext] Chat exists and not archived, skipping creation
[90mstdout[2m | src/components/ModerationBadge.stories.jsx[2m > [22m[2mIn Content List
[22m[39m[ChatContext] Cleaning up subscriptions
[90mstdout[2m | src/components/ModerationBadge.stories.jsx[2m > [22m[2mIn Content List
[22m[39m[Mock Data] Unit.onUpdate() subscription removed. Remaining: 0
[90mstdout[2m | src/components/ModerationBadge.stories.jsx[2m > [22m[2mIn Content List
[22m[39m[MOCK CourseVectorStore] Initialized with mock data
[90mstdout[2m | src/components/ModerationBadge.stories.jsx[2m > [22m[2mIn Content List
[22m[39m[TranslationModeController] Setting mode to: off
[90mstdout[2m | src/components/ModerationBadge.stories.jsx[2m > [22m[2mIn Content List
[22m[39m[UnitContext] useEffect triggered {
  "authLoading": false,
  "hasUser": true,
  "id": "mock-unit-id",
  "userSub": "mock-user-sub",
}
[90mstdout[2m | src/components/ModerationBadge.stories.jsx[2m > [22m[2mIn Content List
[22m[39m[UnitContext] Fetching unit data for id: mock-unit-id
[90mstdout[2m | src/components/ModerationBadge.stories.jsx[2m > [22m[2mIn Content List
[22m[39m[FilesContext] Initializing vector store from IndexedDB
[90mstdout[2m | src/components/ModerationBadge.stories.jsx[2m > [22m[2mIn Content List
[22m[39m[FilesContext] fetchFiles called
[90mstdout[2m | src/components/ModerationBadge.stories.jsx[2m > [22m[2mIn Content List
[22m[39m[FilesContext] User authenticated: mock-user-sub
[90mstdout[2m | src/components/ModerationBadge.stories.jsx[2m > [22m[2mIn Content List
[22m[39m[FilesContext] Identity ID: us-east-1:mock-identity-123
[90mstdout[2m | src/components/ModerationBadge.stories.jsx[2m > [22m[2mIn Content List
[22m[39m[FilesContext] About to set up File observeQuery
[90mstdout[2m | src/components/ModerationBadge.stories.jsx[2m > [22m[2mIn Content List
[22m[39m[ChatContext] Setting up AssistantChat observeQuery
[90mstdout[2m | src/components/ModerationBadge.stories.jsx[2m > [22m[2mIn Content List
[22m[39m[ChatContext] Waiting for subscription to initialize
[90mstdout[2m | src/components/ModerationBadge.stories.jsx[2m > [22m[2mIn Content List
[22m[39m[SettingsContext] Setting up Settings subscription for user: mock-user-sub
[90mstdout[2m | src/components/ModerationBadge.stories.jsx[2m > [22m[2mIn Content List
[22m[39m[Mock Data] Settings created: mock-settings-1790416577369 - notified 0 subscribers
[90mstdout[2m | src/components/ModerationBadge.stories.jsx[2m > [22m[2mIn Content List
[22m[39m[Mock Data] Unit.onUpdate() subscription added. Total: 1
[90mstdout[2m | src/components/ModerationBadge.stories.jsx[2m > [22m[2mIn Content List
[22m[39m[SectionContext] Section observeQuery update: 0
[90mstdout[2m | src/components/ModerationBadge.stories.jsx[2m > [22m[2mIn Content List
[22m[39m[FilesContext] File observeQuery update: 6 files
[90mstdout[2m | src/components/ModerationBadge.stories.jsx[2m > [22m[2mIn Content List
[22m[39m[ChatContext] AssistantChat initialized with 1 chats
[90mstdout[2m | src/components/ModerationBadge.stories.jsx[2m > [22m[2mIn Content List
[22m[39m[ChatContext] Setting initial chat: mock-assistant-chat-1
[90mstdout[2m | src/components/ModerationBadge.stories.jsx[2m > [22m[2mIn Content List
[22m[39m[MOCK CourseVectorStore] Initialized with mock data
[90mstdout[2m | src/components/ModerationBadge.stories.jsx[2m > [22m[2mIn Content List
[22m[39m[FilesContext] Vector store population triggered {
  "currentVectorStoreSize": 3,
  "documentsCount": 0,
  "filesCount": 6,
  "isInitialLoad": true,
}
[90mstdout[2m | src/components/ModerationBadge.stories.jsx[2m > [22m[2mIn Content List
[22m[39m[FilesContext] Vector store population complete - 3 total embeddings
[90mstdout[2m | src/components/ModerationBadge.stories.jsx[2m > [22m[2mIn Content List
[22m[39m[ChatContext] Chat exists and not archived, skipping creation
[90mstdout[2m | src/components/ModerationBadge.stories.jsx[2m > [22m[2mIn Content List
[22m[39m[Mock Storage] downloadData called with: undefined
 [32m✓[39m [30m[45m storybook (chromium) [49m[39m src/components/ModerationBadge.stories.jsx [2m([22m[2m8 tests[22m[2m)[22m[33m 1030[2mms[22m[39m
[90mstdout[2m | unknown test
[22m[39m[MOCK vectorStoreDB.js] Module loaded - mock IndexedDB operations
[90mstdout[2m | unknown test
[22m[39m[Task Completion] DOM action listeners initialized
[90mstdout[2m | unknown test
[22m[39m[Task Completion] Auto-completion detector initialized
[90mstdout[2m | unknown test
[22m[39m[Preview] Task completion detector initialized
[90mstdout[2m | src/components/Gamification/AvatarDisplay.stories.tsx[2m > [22m[2mDefault
[22m[39m[TranslationModeController] Setting mode to: off
[90mstdout[2m | src/components/Gamification/AvatarDisplay.stories.tsx[2m > [22m[2mWith Glow Ring
[22m[39m[TranslationModeController] Setting mode to: off
[90mstdout[2m | src/components/Gamification/AvatarDisplay.stories.tsx[2m > [22m[2mFire Border
[22m[39m[TranslationModeController] Setting mode to: off
[90mstdout[2m | src/components/Gamification/AvatarDisplay.stories.tsx[2m > [22m[2mIce Border
[22m[39m[TranslationModeController] Setting mode to: off
[90mstdout[2m | src/components/Gamification/AvatarDisplay.stories.tsx[2m > [22m[2mGold Border
[22m[39m[TranslationModeController] Setting mode to: off
[90mstdout[2m | src/components/Gamification/AvatarDisplay.stories.tsx[2m > [22m[2mRainbow Border
[22m[39m[TranslationModeController] Setting mode to: off
[90mstdout[2m | src/components/Gamification/AvatarDisplay.stories.tsx[2m > [22m[2mNo Badge
[22m[39m[TranslationModeController] Setting mode to: off
[90mstdout[2m | src/components/Gamification/AvatarDisplay.stories.tsx[2m > [22m[2mMinimal
[22m[39m[TranslationModeController] Setting mode to: off
[90mstdout[2m | src/components/Gamification/AvatarDisplay.stories.tsx[2m > [22m[2mWith Guild Crest
[22m[39m[TranslationModeController] Setting mode to: off
[90mstdout[2m | src/components/Gamification/AvatarDisplay.stories.tsx[2m > [22m[2mAll Border Effects
[22m[39m[TranslationModeController] Setting mode to: off
 [32m✓[39m [30m[45m storybook (chromium) [49m[39m src/components/Gamification/AvatarDisplay.stories.tsx [2m([22m[2m10 tests[22m[2m)[22m[33m 1149[2mms[22m[39m
[90mstdout[2m | unknown test
[22m[39m[MOCK vectorStoreDB.js] Module loaded - mock IndexedDB operations
[90mstdout[2m | unknown test
[22m[39m[Task Completion] DOM action listeners initialized
[90mstdout[2m | unknown test
[22m[39m[Task Completion] Auto-completion detector initialized
[90mstdout[2m | unknown test
[22m[39m[Preview] Task completion detector initialized
[90mstdout[2m | src/components/Editor3/components/ExerciseResponsePanel.stories.tsx[2m > [22m[2mText Immediate Submit
[22m[39m[MOCK CourseVectorStore] Initialized with mock data
[90mstdout[2m | src/components/Editor3/components/ExerciseResponsePanel.stories.tsx[2m > [22m[2mText Immediate Submit
[22m[39m[TranslationModeController] Setting mode to: off
[90mstdout[2m | src/components/Editor3/components/ExerciseResponsePanel.stories.tsx[2m > [22m[2mText Immediate Submit
[22m[39m[UnitContext] useEffect triggered {
  "authLoading": false,
  "hasUser": true,
  "id": "mock-unit-id",
  "userSub": "mock-user-sub",
}
[90mstdout[2m | src/components/Editor3/components/ExerciseResponsePanel.stories.tsx[2m > [22m[2mText Immediate Submit
[22m[39m[UnitContext] Fetching unit data for id: mock-unit-id
[90mstdout[2m | src/components/Editor3/components/ExerciseResponsePanel.stories.tsx[2m > [22m[2mText Immediate Submit
[22m[39m[FilesContext] Initializing vector store from IndexedDB
[90mstdout[2m | src/components/Editor3/components/ExerciseResponsePanel.stories.tsx[2m > [22m[2mText Immediate Submit
[22m[39m[FilesContext] fetchFiles called
[90mstdout[2m | src/components/Editor3/components/ExerciseResponsePanel.stories.tsx[2m > [22m[2mText Immediate Submit
[22m[39m[FilesContext] User authenticated: mock-user-sub
[90mstdout[2m | src/components/Editor3/components/ExerciseResponsePanel.stories.tsx[2m > [22m[2mText Immediate Submit
[22m[39m[FilesContext] Identity ID: us-east-1:mock-identity-123
[90mstdout[2m | src/components/Editor3/components/ExerciseResponsePanel.stories.tsx[2m > [22m[2mText Immediate Submit
[22m[39m[FilesContext] About to set up File observeQuery
[90mstdout[2m | src/components/Editor3/components/ExerciseResponsePanel.stories.tsx[2m > [22m[2mText Immediate Submit
[22m[39m[ChatContext] Setting up AssistantChat observeQuery
[90mstdout[2m | src/components/Editor3/components/ExerciseResponsePanel.stories.tsx[2m > [22m[2mText Immediate Submit
[22m[39m[ChatContext] Waiting for subscription to initialize
[90mstdout[2m | src/components/Editor3/components/ExerciseResponsePanel.stories.tsx[2m > [22m[2mText Immediate Submit
[22m[39m[SettingsContext] Setting up Settings subscription for user: mock-user-sub
[90mstdout[2m | src/components/Editor3/components/ExerciseResponsePanel.stories.tsx[2m > [22m[2mText Immediate Submit
[22m[39m[Mock Data] Settings created: mock-settings-1790416580741 - notified 0 subscribers
[90mstdout[2m | src/components/Editor3/components/ExerciseResponsePanel.stories.tsx[2m > [22m[2mText Immediate Submit
[22m[39m[Mock Data] Unit.onUpdate() subscription added. Total: 1
[90mstdout[2m | src/components/Editor3/components/ExerciseResponsePanel.stories.tsx[2m > [22m[2mText Immediate Submit
[22m[39m[SectionContext] Section observeQuery update: 0
[90mstdout[2m | src/components/Editor3/components/ExerciseResponsePanel.stories.tsx[2m > [22m[2mText Immediate Submit
[22m[39m[FilesContext] File observeQuery update: 6 files
[90mstdout[2m | src/components/Editor3/components/ExerciseResponsePanel.stories.tsx[2m > [22m[2mText Immediate Submit
[22m[39m[ChatContext] AssistantChat initialized with 1 chats
[90mstdout[2m | src/components/Editor3/components/ExerciseResponsePanel.stories.tsx[2m > [22m[2mText Immediate Submit
[22m[39m[ChatContext] Setting initial chat: mock-assistant-chat-1
[90mstdout[2m | src/components/Editor3/components/ExerciseResponsePanel.stories.tsx[2m > [22m[2mText Immediate Submit
[22m[39m[MOCK CourseVectorStore] Initialized with mock data
[90mstdout[2m | src/components/Editor3/components/ExerciseResponsePanel.stories.tsx[2m > [22m[2mText Immediate Submit
[22m[39m[FilesContext] Vector store population triggered {
  "currentVectorStoreSize": 3,
  "documentsCount": 0,
  "filesCount": 6,
  "isInitialLoad": true,
}
[90mstdout[2m | src/components/Editor3/components/ExerciseResponsePanel.stories.tsx[2m > [22m[2mText Immediate Submit
[22m[39m[FilesContext] Vector store population complete - 3 total embeddings
[90mstdout[2m | src/components/Editor3/components/ExerciseResponsePanel.stories.tsx[2m > [22m[2mText Immediate Submit
[22m[39m[ChatContext] Chat exists and not archived, skipping creation
[90mstdout[2m | src/components/Editor3/components/ExerciseResponsePanel.stories.tsx[2m > [22m[2mText Immediate Submit
[22m[39m[Mock Storage] downloadData called with: undefined
[90mstdout[2m | src/components/Editor3/components/ExerciseResponsePanel.stories.tsx[2m > [22m[2mSketch Pending
[22m[39m[ChatContext] Cleaning up subscriptions
[90mstdout[2m | src/components/Editor3/components/ExerciseResponsePanel.stories.tsx[2m > [22m[2mSketch Pending
[22m[39m[Mock Data] Unit.onUpdate() subscription removed. Remaining: 0
[90mstdout[2m | src/components/Editor3/components/ExerciseResponsePanel.stories.tsx[2m > [22m[2mSketch Pending
[22m[39m[MOCK CourseVectorStore] Initialized with mock data
[90mstdout[2m | src/components/Editor3/components/ExerciseResponsePanel.stories.tsx[2m > [22m[2mSketch Pending
[22m[39m[TranslationModeController] Setting mode to: off
[90mstdout[2m | src/components/Editor3/components/ExerciseResponsePanel.stories.tsx[2m > [22m[2mSketch Pending
[22m[39m[UnitContext] useEffect triggered {
  "authLoading": false,
  "hasUser": true,
  "id": "mock-unit-id",
  "userSub": "mock-user-sub",
}
[90mstdout[2m | src/components/Editor3/components/ExerciseResponsePanel.stories.tsx[2m > [22m[2mSketch Pending
[22m[39m[UnitContext] Fetching unit data for id: mock-unit-id
[90mstdout[2m | src/components/Editor3/components/ExerciseResponsePanel.stories.tsx[2m > [22m[2mSketch Pending
[22m[39m[FilesContext] Initializing vector store from IndexedDB
[90mstdout[2m | src/components/Editor3/components/ExerciseResponsePanel.stories.tsx[2m > [22m[2mSketch Pending
[22m[39m[FilesContext] fetchFiles called
[90mstdout[2m | src/components/Editor3/components/ExerciseResponsePanel.stories.tsx[2m > [22m[2mSketch Pending
[22m[39m[FilesContext] User authenticated: mock-user-sub
[90mstdout[2m | src/components/Editor3/components/ExerciseResponsePanel.stories.tsx[2m > [22m[2mSketch Pending
[22m[39m[FilesContext] Identity ID: us-east-1:mock-identity-123
[90mstdout[2m | src/components/Editor3/components/ExerciseResponsePanel.stories.tsx[2m > [22m[2mSketch Pending
[22m[39m[FilesContext] About to set up File observeQuery
[90mstdout[2m | src/components/Editor3/components/ExerciseResponsePanel.stories.tsx[2m > [22m[2mSketch Pending
[22m[39m[ChatContext] Setting up AssistantChat observeQuery
[90mstdout[2m | src/components/Editor3/components/ExerciseResponsePanel.stories.tsx[2m > [22m[2mSketch Pending
[22m[39m[ChatContext] Waiting for subscription to initialize
[90mstdout[2m | src/components/Editor3/components/ExerciseResponsePanel.stories.tsx[2m > [22m[2mSketch Pending
[22m[39m[SettingsContext] Setting up Settings subscription for user: mock-user-sub
[90mstdout[2m | src/components/Editor3/components/ExerciseResponsePanel.stories.tsx[2m > [22m[2mSketch Pending
[22m[39m[Mock Data] Settings created: mock-settings-1790416580969 - notified 0 subscribers
[90mstdout[2m | src/components/Editor3/components/ExerciseResponsePanel.stories.tsx[2m > [22m[2mSketch Pending
[22m[39m[Mock Data] Unit.onUpdate() subscription added. Total: 1
[90mstdout[2m | src/components/Editor3/components/ExerciseResponsePanel.stories.tsx[2m > [22m[2mSketch Pending
[22m[39m[SectionContext] Section observeQuery update: 0
[90mstdout[2m | src/components/Editor3/components/ExerciseResponsePanel.stories.tsx[2m > [22m[2mSketch Pending
[22m[39m[FilesContext] File observeQuery update: 6 files
[90mstdout[2m | src/components/Editor3/components/ExerciseResponsePanel.stories.tsx[2m > [22m[2mSketch Pending
[22m[39m[ChatContext] AssistantChat initialized with 1 chats
[90mstdout[2m | src/components/Editor3/components/ExerciseResponsePanel.stories.tsx[2m > [22m[2mSketch Pending
[22m[39m[ChatContext] Setting initial chat: mock-assistant-chat-1
[90mstdout[2m | src/components/Editor3/components/ExerciseResponsePanel.stories.tsx[2m > [22m[2mSketch Pending
[22m[39m[MOCK CourseVectorStore] Initialized with mock data
[90mstdout[2m | src/components/Editor3/components/ExerciseResponsePanel.stories.tsx[2m > [22m[2mSketch Pending
[22m[39m[FilesContext] Vector store population triggered {
  "currentVectorStoreSize": 3,
  "documentsCount": 0,
  "filesCount": 6,
  "isInitialLoad": true,
}
[90mstdout[2m | src/components/Editor3/components/ExerciseResponsePanel.stories.tsx[2m > [22m[2mSketch Pending
[22m[39m[FilesContext] Vector store population complete - 3 total embeddings
[90mstdout[2m | src/components/Editor3/components/ExerciseResponsePanel.stories.tsx[2m > [22m[2mSketch Pending
[22m[39m[ChatContext] Chat exists and not archived, skipping creation
[90mstdout[2m | src/components/Editor3/components/ExerciseResponsePanel.stories.tsx[2m > [22m[2mSketch Pending
[22m[39m[Mock Storage] downloadData called with: undefined
[90mstdout[2m | src/components/Editor3/components/ExerciseResponsePanel.stories.tsx[2m > [22m[2mAudio Pending
[22m[39m[ChatContext] Cleaning up subscriptions
[90mstdout[2m | src/components/Editor3/components/ExerciseResponsePanel.stories.tsx[2m > [22m[2mAudio Pending
[22m[39m[Mock Data] Unit.onUpdate() subscription removed. Remaining: 0
[90mstdout[2m | src/components/Editor3/components/ExerciseResponsePanel.stories.tsx[2m > [22m[2mAudio Pending
[22m[39m[MOCK CourseVectorStore] Initialized with mock data
[90mstdout[2m | src/components/Editor3/components/ExerciseResponsePanel.stories.tsx[2m > [22m[2mAudio Pending
[22m[39m[TranslationModeController] Setting mode to: off
[90mstdout[2m | src/components/Editor3/components/ExerciseResponsePanel.stories.tsx[2m > [22m[2mAudio Pending
[22m[39m[UnitContext] useEffect triggered {
  "authLoading": false,
  "hasUser": true,
  "id": "mock-unit-id",
  "userSub": "mock-user-sub",
}
[90mstdout[2m | src/components/Editor3/components/ExerciseResponsePanel.stories.tsx[2m > [22m[2mAudio Pending
[22m[39m[UnitContext] Fetching unit data for id: mock-unit-id
[90mstdout[2m | src/components/Editor3/components/ExerciseResponsePanel.stories.tsx[2m > [22m[2mAudio Pending
[22m[39m[FilesContext] Initializing vector store from IndexedDB
[90mstdout[2m | src/components/Editor3/components/ExerciseResponsePanel.stories.tsx[2m > [22m[2mAudio Pending
[22m[39m[FilesContext] fetchFiles called
[90mstdout[2m | src/components/Editor3/components/ExerciseResponsePanel.stories.tsx[2m > [22m[2mAudio Pending
[22m[39m[FilesContext] User authenticated: mock-user-sub
[90mstdout[2m | src/components/Editor3/components/ExerciseResponsePanel.stories.tsx[2m > [22m[2mAudio Pending
[22m[39m[FilesContext] Identity ID: us-east-1:mock-identity-123
[90mstdout[2m | src/components/Editor3/components/ExerciseResponsePanel.stories.tsx[2m > [22m[2mAudio Pending
[22m[39m[FilesContext] About to set up File observeQuery
[90mstdout[2m | src/components/Editor3/components/ExerciseResponsePanel.stories.tsx[2m > [22m[2mAudio Pending
[22m[39m[ChatContext] Setting up AssistantChat observeQuery
[90mstdout[2m | src/components/Editor3/components/ExerciseResponsePanel.stories.tsx[2m > [22m[2mAudio Pending
[22m[39m[ChatContext] Waiting for subscription to initialize
[90mstdout[2m | src/components/Editor3/components/ExerciseResponsePanel.stories.tsx[2m > [22m[2mAudio Pending
[22m[39m[SettingsContext] Setting up Settings subscription for user: mock-user-sub
[90mstdout[2m | src/components/Editor3/components/ExerciseResponsePanel.stories.tsx[2m > [22m[2mAudio Pending
[22m[39m[Mock Data] Settings created: mock-settings-1790416581161 - notified 0 subscribers
[90mstdout[2m | src/components/Editor3/components/ExerciseResponsePanel.stories.tsx[2m > [22m[2mAudio Pending
[22m[39m[Mock Data] Unit.onUpdate() subscription added. Total: 1
[90mstdout[2m | src/components/Editor3/components/ExerciseResponsePanel.stories.tsx[2m > [22m[2mAudio Pending
[22m[39m[SectionContext] Section observeQuery update: 0
[90mstdout[2m | src/components/Editor3/components/ExerciseResponsePanel.stories.tsx[2m > [22m[2mAudio Pending
[22m[39m[FilesContext] File observeQuery update: 6 files
[90mstdout[2m | src/components/Editor3/components/ExerciseResponsePanel.stories.tsx[2m > [22m[2mAudio Pending
[22m[39m[ChatContext] AssistantChat initialized with 1 chats
[90mstdout[2m | src/components/Editor3/components/ExerciseResponsePanel.stories.tsx[2m > [22m[2mAudio Pending
[22m[39m[ChatContext] Setting initial chat: mock-assistant-chat-1
[90mstdout[2m | src/components/Editor3/components/ExerciseResponsePanel.stories.tsx[2m > [22m[2mAudio Pending
[22m[39m[MOCK CourseVectorStore] Initialized with mock data
[90mstdout[2m | src/components/Editor3/components/ExerciseResponsePanel.stories.tsx[2m > [22m[2mAudio Pending
[22m[39m[FilesContext] Vector store population triggered {
  "currentVectorStoreSize": 3,
  "documentsCount": 0,
  "filesCount": 6,
  "isInitialLoad": true,
}
[90mstdout[2m | src/components/Editor3/components/ExerciseResponsePanel.stories.tsx[2m > [22m[2mAudio Pending
[22m[39m[FilesContext] Vector store population complete - 3 total embeddings
[90mstdout[2m | src/components/Editor3/components/ExerciseResponsePanel.stories.tsx[2m > [22m[2mAudio Pending
[22m[39m[ChatContext] Chat exists and not archived, skipping creation
[90mstdout[2m | src/components/Editor3/components/ExerciseResponsePanel.stories.tsx[2m > [22m[2mAudio Pending
[22m[39m[Mock Storage] downloadData called with: undefined
 [32m✓[39m [30m[45m storybook (chromium) [49m[39m src/components/Editor3/components/ExerciseResponsePanel.stories.tsx [2m([22m[2m3 tests[22m[2m)[22m[33m 625[2mms[22m[39m
[90mstdout[2m | unknown test
[22m[39m[MOCK vectorStoreDB.js] Module loaded - mock IndexedDB operations
[90mstdout[2m | unknown test
[22m[39m[Task Completion] DOM action listeners initialized
[90mstdout[2m | unknown test
[22m[39m[Task Completion] Auto-completion detector initialized
[90mstdout[2m | unknown test
[22m[39m[Preview] Task completion detector initialized
[90mstdout[2m | src/components/SafeHydrate.stories.jsx[2m > [22m[2mDefault
[22m[39m[MOCK CourseVectorStore] Initialized with mock data
[90mstdout[2m | src/components/SafeHydrate.stories.jsx[2m > [22m[2mDefault
[22m[39m[TranslationModeController] Setting mode to: off
[90mstdout[2m | src/components/SafeHydrate.stories.jsx[2m > [22m[2mDefault
[22m[39m[UnitContext] useEffect triggered {
  "authLoading": false,
  "hasUser": true,
  "id": "mock-unit-id",
  "userSub": "mock-user-sub",
}
[90mstdout[2m | src/components/SafeHydrate.stories.jsx[2m > [22m[2mDefault
[22m[39m[UnitContext] Fetching unit data for id: mock-unit-id
[90mstdout[2m | src/components/SafeHydrate.stories.jsx[2m > [22m[2mDefault
[22m[39m[FilesContext] Initializing vector store from IndexedDB
[90mstdout[2m | src/components/SafeHydrate.stories.jsx[2m > [22m[2mDefault
[22m[39m[FilesContext] fetchFiles called
[90mstdout[2m | src/components/SafeHydrate.stories.jsx[2m > [22m[2mDefault
[22m[39m[FilesContext] User authenticated: mock-user-sub
[90mstdout[2m | src/components/SafeHydrate.stories.jsx[2m > [22m[2mDefault
[22m[39m[FilesContext] Identity ID: us-east-1:mock-identity-123
[90mstdout[2m | src/components/SafeHydrate.stories.jsx[2m > [22m[2mDefault
[22m[39m[FilesContext] About to set up File observeQuery
[90mstdout[2m | src/components/SafeHydrate.stories.jsx[2m > [22m[2mDefault
[22m[39m[ChatContext] Setting up AssistantChat observeQuery
[90mstdout[2m | src/components/SafeHydrate.stories.jsx[2m > [22m[2mDefault
[22m[39m[ChatContext] Waiting for subscription to initialize
[90mstdout[2m | src/components/SafeHydrate.stories.jsx[2m > [22m[2mDefault
[22m[39m[SettingsContext] Setting up Settings subscription for user: mock-user-sub
[90mstdout[2m | src/components/SafeHydrate.stories.jsx[2m > [22m[2mDefault
[22m[39m[Mock Data] Settings created: mock-settings-1790416582092 - notified 0 subscribers
[90mstdout[2m | src/components/SafeHydrate.stories.jsx[2m > [22m[2mDefault
[22m[39m[Mock Data] Unit.onUpdate() subscription added. Total: 1
[90mstdout[2m | src/components/SafeHydrate.stories.jsx[2m > [22m[2mDefault
[22m[39m[SectionContext] Section observeQuery update: 0
[90mstdout[2m | src/components/SafeHydrate.stories.jsx[2m > [22m[2mDefault
[22m[39m[FilesContext] File observeQuery update: 6 files
[90mstdout[2m | src/components/SafeHydrate.stories.jsx[2m > [22m[2mDefault
[22m[39m[ChatContext] AssistantChat initialized with 1 chats
[90mstdout[2m | src/components/SafeHydrate.stories.jsx[2m > [22m[2mDefault
[22m[39m[ChatContext] Setting initial chat: mock-assistant-chat-1
[90mstdout[2m | src/components/SafeHydrate.stories.jsx[2m > [22m[2mDefault
[22m[39m[MOCK CourseVectorStore] Initialized with mock data
[90mstdout[2m | src/components/SafeHydrate.stories.jsx[2m > [22m[2mDefault
[22m[39m[FilesContext] Vector store population triggered {
  "currentVectorStoreSize": 3,
  "documentsCount": 0,
  "filesCount": 6,
  "isInitialLoad": true,
}
[90mstdout[2m | src/components/SafeHydrate.stories.jsx[2m > [22m[2mDefault
[22m[39m[FilesContext] Vector store population complete - 3 total embeddings
[90mstdout[2m | src/components/SafeHydrate.stories.jsx[2m > [22m[2mDefault
[22m[39m[ChatContext] Chat exists and not archived, skipping creation
[90mstdout[2m | src/components/SafeHydrate.stories.jsx[2m > [22m[2mDefault
[22m[39m[Mock Storage] downloadData called with: undefined
[90mstdout[2m | src/components/SafeHydrate.stories.jsx[2m > [22m[2mWith Complex Content
[22m[39m[ChatContext] Cleaning up subscriptions
[90mstdout[2m | src/components/SafeHydrate.stories.jsx[2m > [22m[2mWith Complex Content
[22m[39m[Mock Data] Unit.onUpdate() subscription removed. Remaining: 0
[90mstdout[2m | src/components/SafeHydrate.stories.jsx[2m > [22m[2mWith Complex Content
[22m[39m[MOCK CourseVectorStore] Initialized with mock data
[90mstdout[2m | src/components/SafeHydrate.stories.jsx[2m > [22m[2mWith Complex Content
[22m[39m[TranslationModeController] Setting mode to: off
[90mstdout[2m | src/components/SafeHydrate.stories.jsx[2m > [22m[2mWith Complex Content
[22m[39m[UnitContext] useEffect triggered {
  "authLoading": false,
  "hasUser": true,
  "id": "mock-unit-id",
  "userSub": "mock-user-sub",
}
[90mstdout[2m | src/components/SafeHydrate.stories.jsx[2m > [22m[2mWith Complex Content
[22m[39m[UnitContext] Fetching unit data for id: mock-unit-id
[90mstdout[2m | src/components/SafeHydrate.stories.jsx[2m > [22m[2mWith Complex Content
[22m[39m[FilesContext] Initializing vector store from IndexedDB
[90mstdout[2m | src/components/SafeHydrate.stories.jsx[2m > [22m[2mWith Complex Content
[22m[39m[FilesContext] fetchFiles called
[90mstdout[2m | src/components/SafeHydrate.stories.jsx[2m > [22m[2mWith Complex Content
[22m[39m[FilesContext] User authenticated: mock-user-sub
[90mstdout[2m | src/components/SafeHydrate.stories.jsx[2m > [22m[2mWith Complex Content
[22m[39m[FilesContext] Identity ID: us-east-1:mock-identity-123
[90mstdout[2m | src/components/SafeHydrate.stories.jsx[2m > [22m[2mWith Complex Content
[22m[39m[FilesContext] About to set up File observeQuery
[90mstdout[2m | src/components/SafeHydrate.stories.jsx[2m > [22m[2mWith Complex Content
[22m[39m[ChatContext] Setting up AssistantChat observeQuery
[90mstdout[2m | src/components/SafeHydrate.stories.jsx[2m > [22m[2mWith Complex Content
[22m[39m[ChatContext] Waiting for subscription to initialize
[90mstdout[2m | src/components/SafeHydrate.stories.jsx[2m > [22m[2mWith Complex Content
[22m[39m[SettingsContext] Setting up Settings subscription for user: mock-user-sub
[90mstdout[2m | src/components/SafeHydrate.stories.jsx[2m > [22m[2mWith Complex Content
[22m[39m[Mock Data] Settings created: mock-settings-1790416582224 - notified 0 subscribers
[90mstdout[2m | src/components/SafeHydrate.stories.jsx[2m > [22m[2mWith Complex Content
[22m[39m[Mock Data] Unit.onUpdate() subscription added. Total: 1
[90mstdout[2m | src/components/SafeHydrate.stories.jsx[2m > [22m[2mWith Complex Content
[22m[39m[SectionContext] Section observeQuery update: 0
[90mstdout[2m | src/components/SafeHydrate.stories.jsx[2m > [22m[2mWith Complex Content
[22m[39m[FilesContext] File observeQuery update: 6 files
[90mstdout[2m | src/components/SafeHydrate.stories.jsx[2m > [22m[2mWith Complex Content
[22m[39m[MOCK CourseVectorStore] Initialized with mock data
[90mstdout[2m | src/components/SafeHydrate.stories.jsx[2m > [22m[2mWith Complex Content
[22m[39m[FilesContext] Vector store population triggered {
  "currentVectorStoreSize": 3,
  "documentsCount": 0,
  "filesCount": 6,
  "isInitialLoad": true,
}
[90mstdout[2m | src/components/SafeHydrate.stories.jsx[2m > [22m[2mWith Complex Content
[22m[39m[FilesContext] Vector store population complete - 3 total embeddings
[90mstdout[2m | src/components/SafeHydrate.stories.jsx[2m > [22m[2mWith Complex Content
[22m[39m[ChatContext] AssistantChat initialized with 1 chats
[90mstdout[2m | src/components/SafeHydrate.stories.jsx[2m > [22m[2mWith Complex Content
[22m[39m[ChatContext] Setting initial chat: mock-assistant-chat-1
[90mstdout[2m | src/components/SafeHydrate.stories.jsx[2m > [22m[2mWith Complex Content
[22m[39m[Mock Storage] downloadData called with: undefined
[90mstdout[2m | src/components/SafeHydrate.stories.jsx[2m > [22m[2mWith Complex Content
[22m[39m[ChatContext] Chat exists and not archived, skipping creation
 [32m✓[39m [30m[45m storybook (chromium) [49m[39m src/components/SafeHydrate.stories.jsx [2m([22m[2m2 tests[22m[2m)[22m[32m 272[2mms[22m[39m
[90mstdout[2m | unknown test
[22m[39m[MOCK vectorStoreDB.js] Module loaded - mock IndexedDB operations
[90mstdout[2m | unknown test
[22m[39m[Task Completion] DOM action listeners initialized
[90mstdout[2m | unknown test
[22m[39m[Task Completion] Auto-completion detector initialized
[90mstdout[2m | unknown test
[22m[39m[Preview] Task completion detector initialized
[90mstdout[2m | src/components/MiniEditor/MiniEditor.stories.tsx[2m > [22m[2mRead Only
[22m[39m[MOCK CourseVectorStore] Initialized with mock data
[90mstdout[2m | src/components/MiniEditor/MiniEditor.stories.tsx[2m > [22m[2mRead Only
[22m[39m[TranslationModeController] Setting mode to: off
[90mstdout[2m | src/components/MiniEditor/MiniEditor.stories.tsx[2m > [22m[2mRead Only
[22m[39m[UnitContext] useEffect triggered {
  "authLoading": false,
  "hasUser": true,
  "id": "mock-unit-id",
  "userSub": "mock-user-sub",
}
[90mstdout[2m | src/components/MiniEditor/MiniEditor.stories.tsx[2m > [22m[2mRead Only
[22m[39m[UnitContext] Fetching unit data for id: mock-unit-id
[90mstdout[2m | src/components/MiniEditor/MiniEditor.stories.tsx[2m > [22m[2mRead Only
[22m[39m[FilesContext] Initializing vector store from IndexedDB
[90mstdout[2m | src/components/MiniEditor/MiniEditor.stories.tsx[2m > [22m[2mRead Only
[22m[39m[FilesContext] fetchFiles called
[90mstdout[2m | src/components/MiniEditor/MiniEditor.stories.tsx[2m > [22m[2mRead Only
[22m[39m[FilesContext] User authenticated: mock-user-sub
[90mstdout[2m | src/components/MiniEditor/MiniEditor.stories.tsx[2m > [22m[2mRead Only
[22m[39m[FilesContext] Identity ID: us-east-1:mock-identity-123
[90mstdout[2m | src/components/MiniEditor/MiniEditor.stories.tsx[2m > [22m[2mRead Only
[22m[39m[FilesContext] About to set up File observeQuery
[90mstdout[2m | src/components/MiniEditor/MiniEditor.stories.tsx[2m > [22m[2mRead Only
[22m[39m[ChatContext] Setting up AssistantChat observeQuery
[90mstdout[2m | src/components/MiniEditor/MiniEditor.stories.tsx[2m > [22m[2mRead Only
[22m[39m[ChatContext] Waiting for subscription to initialize
[90mstdout[2m | src/components/MiniEditor/MiniEditor.stories.tsx[2m > [22m[2mRead Only
[22m[39m[SettingsContext] Setting up Settings subscription for user: mock-user-sub
[90mstdout[2m | src/components/MiniEditor/MiniEditor.stories.tsx[2m > [22m[2mRead Only
[22m[39m[Mock Data] Settings created: mock-settings-1790416587295 - notified 0 subscribers
[90mstdout[2m | src/components/MiniEditor/MiniEditor.stories.tsx[2m > [22m[2mRead Only
[22m[39m[Mock Data] Unit.onUpdate() subscription added. Total: 1
[90mstdout[2m | src/components/MiniEditor/MiniEditor.stories.tsx[2m > [22m[2mRead Only
[22m[39m[SectionContext] Section observeQuery update: 0
[90mstdout[2m | src/components/MiniEditor/MiniEditor.stories.tsx[2m > [22m[2mRead Only
[22m[39m[FilesContext] File observeQuery update: 6 files
[90mstdout[2m | src/components/MiniEditor/MiniEditor.stories.tsx[2m > [22m[2mRead Only
[22m[39m[ChatContext] AssistantChat initialized with 1 chats
[90mstdout[2m | src/components/MiniEditor/MiniEditor.stories.tsx[2m > [22m[2mRead Only
[22m[39m[ChatContext] Setting initial chat: mock-assistant-chat-1
[90mstdout[2m | src/components/MiniEditor/MiniEditor.stories.tsx[2m > [22m[2mRead Only
[22m[39m[MOCK CourseVectorStore] Initialized with mock data
[90mstdout[2m | src/components/MiniEditor/MiniEditor.stories.tsx[2m > [22m[2mRead Only
[22m[39m[FilesContext] Vector store population triggered {
  "currentVectorStoreSize": 3,
  "documentsCount": 0,
  "filesCount": 6,
  "isInitialLoad": true,
}
[90mstdout[2m | src/components/MiniEditor/MiniEditor.stories.tsx[2m > [22m[2mRead Only
[22m[39m[FilesContext] Vector store population complete - 3 total embeddings
[90mstdout[2m | src/components/MiniEditor/MiniEditor.stories.tsx[2m > [22m[2mRead Only
[22m[39m[ChatContext] Chat exists and not archived, skipping creation
[90mstdout[2m | src/components/MiniEditor/MiniEditor.stories.tsx[2m > [22m[2mRead Only
[22m[39m[Mock Storage] downloadData called with: undefined
[90mstdout[2m | src/components/MiniEditor/MiniEditor.stories.tsx[2m > [22m[2mRead-Only (Compact)
[22m[39m[ChatContext] Cleaning up subscriptions
[90mstdout[2m | src/components/MiniEditor/MiniEditor.stories.tsx[2m > [22m[2mRead-Only (Compact)
[22m[39m[Mock Data] Unit.onUpdate() subscription removed. Remaining: 0
[90mstdout[2m | src/components/MiniEditor/MiniEditor.stories.tsx[2m > [22m[2mRead-Only (Compact)
[22m[39m[MOCK CourseVectorStore] Initialized with mock data
[90mstdout[2m | src/components/MiniEditor/MiniEditor.stories.tsx[2m > [22m[2mRead-Only (Compact)
[22m[39m[TranslationModeController] Setting mode to: off
[90mstdout[2m | src/components/MiniEditor/MiniEditor.stories.tsx[2m > [22m[2mRead-Only (Compact)
[22m[39m[UnitContext] useEffect triggered {
  "authLoading": false,
  "hasUser": true,
  "id": "mock-unit-id",
  "userSub": "mock-user-sub",
}
[90mstdout[2m | src/components/MiniEditor/MiniEditor.stories.tsx[2m > [22m[2mRead-Only (Compact)
[22m[39m[UnitContext] Fetching unit data for id: mock-unit-id
[90mstdout[2m | src/components/MiniEditor/MiniEditor.stories.tsx[2m > [22m[2mRead-Only (Compact)
[22m[39m[FilesContext] Initializing vector store from IndexedDB
[90mstdout[2m | src/components/MiniEditor/MiniEditor.stories.tsx[2m > [22m[2mRead-Only (Compact)
[22m[39m[FilesContext] fetchFiles called
[90mstdout[2m | src/components/MiniEditor/MiniEditor.stories.tsx[2m > [22m[2mRead-Only (Compact)
[22m[39m[FilesContext] User authenticated: mock-user-sub
[90mstdout[2m | src/components/MiniEditor/MiniEditor.stories.tsx[2m > [22m[2mRead-Only (Compact)
[22m[39m[FilesContext] Identity ID: us-east-1:mock-identity-123
[90mstdout[2m | src/components/MiniEditor/MiniEditor.stories.tsx[2m > [22m[2mRead-Only (Compact)
[22m[39m[FilesContext] About to set up File observeQuery
[90mstdout[2m | src/components/MiniEditor/MiniEditor.stories.tsx[2m > [22m[2mRead-Only (Compact)
[22m[39m[ChatContext] Setting up AssistantChat observeQuery
[90mstdout[2m | src/components/MiniEditor/MiniEditor.stories.tsx[2m > [22m[2mRead-Only (Compact)
[22m[39m[ChatContext] Waiting for subscription to initialize
[90mstdout[2m | src/components/MiniEditor/MiniEditor.stories.tsx[2m > [22m[2mRead-Only (Compact)
[22m[39m[SettingsContext] Setting up Settings subscription for user: mock-user-sub
[90mstdout[2m | src/components/MiniEditor/MiniEditor.stories.tsx[2m > [22m[2mRead-Only (Compact)
[22m[39m[Mock Data] Settings created: mock-settings-1790416587459 - notified 0 subscribers
[90mstdout[2m | src/components/MiniEditor/MiniEditor.stories.tsx[2m > [22m[2mRead-Only (Compact)
[22m[39m[Mock Data] Unit.onUpdate() subscription added. Total: 1
[90mstdout[2m | src/components/MiniEditor/MiniEditor.stories.tsx[2m > [22m[2mRead-Only (Compact)
[22m[39m[SectionContext] Section observeQuery update: 0
[90mstdout[2m | src/components/MiniEditor/MiniEditor.stories.tsx[2m > [22m[2mRead-Only (Compact)
[22m[39m[FilesContext] File observeQuery update: 6 files
[90mstdout[2m | src/components/MiniEditor/MiniEditor.stories.tsx[2m > [22m[2mRead-Only (Compact)
[22m[39m[MOCK CourseVectorStore] Initialized with mock data
[90mstdout[2m | src/components/MiniEditor/MiniEditor.stories.tsx[2m > [22m[2mRead-Only (Compact)
[22m[39m[FilesContext] Vector store population triggered {
  "currentVectorStoreSize": 3,
  "documentsCount": 0,
  "filesCount": 6,
  "isInitialLoad": true,
}
[90mstdout[2m | src/components/MiniEditor/MiniEditor.stories.tsx[2m > [22m[2mRead-Only (Compact)
[22m[39m[FilesContext] Vector store population complete - 3 total embeddings
[90mstdout[2m | src/components/MiniEditor/MiniEditor.stories.tsx[2m > [22m[2mRead-Only (Compact)
[22m[39m[ChatContext] AssistantChat initialized with 1 chats
[90mstdout[2m | src/components/MiniEditor/MiniEditor.stories.tsx[2m > [22m[2mRead-Only (Compact)
[22m[39m[ChatContext] Setting initial chat: mock-assistant-chat-1
[90mstdout[2m | src/components/MiniEditor/MiniEditor.stories.tsx[2m > [22m[2mRead-Only (Compact)
[22m[39m[Mock Storage] downloadData called with: undefined
[90mstdout[2m | src/components/MiniEditor/MiniEditor.stories.tsx[2m > [22m[2mRead-Only (Compact)
[22m[39m[ChatContext] Chat exists and not archived, skipping creation
[90mstdout[2m | src/components/MiniEditor/MiniEditor.stories.tsx[2m > [22m[2mRead-Only (Scrollable)
[22m[39m[ChatContext] Cleaning up subscriptions
[90mstdout[2m | src/components/MiniEditor/MiniEditor.stories.tsx[2m > [22m[2mRead-Only (Scrollable)
[22m[39m[Mock Data] Unit.onUpdate() subscription removed. Remaining: 0
[90mstdout[2m | src/components/MiniEditor/MiniEditor.stories.tsx[2m > [22m[2mRead-Only (Scrollable)
[22m[39m[MOCK CourseVectorStore] Initialized with mock data
[90mstdout[2m | src/components/MiniEditor/MiniEditor.stories.tsx[2m > [22m[2mRead-Only (Scrollable)
[22m[39m[TranslationModeController] Setting mode to: off
[90mstdout[2m | src/components/MiniEditor/MiniEditor.stories.tsx[2m > [22m[2mRead-Only (Scrollable)
[22m[39m[UnitContext] useEffect triggered {
  "authLoading": false,
  "hasUser": true,
  "id": "mock-unit-id",
  "userSub": "mock-user-sub",
}
[90mstdout[2m | src/components/MiniEditor/MiniEditor.stories.tsx[2m > [22m[2mRead-Only (Scrollable)
[22m[39m[UnitContext] Fetching unit data for id: mock-unit-id
[90mstdout[2m | src/components/MiniEditor/MiniEditor.stories.tsx[2m > [22m[2mRead-Only (Scrollable)
[22m[39m[FilesContext] Initializing vector store from IndexedDB
[90mstdout[2m | src/components/MiniEditor/MiniEditor.stories.tsx[2m > [22m[2mRead-Only (Scrollable)
[22m[39m[FilesContext] fetchFiles called
[90mstdout[2m | src/components/MiniEditor/MiniEditor.stories.tsx[2m > [22m[2mRead-Only (Scrollable)
[22m[39m[FilesContext] User authenticated: mock-user-sub
[90mstdout[2m | src/components/MiniEditor/MiniEditor.stories.tsx[2m > [22m[2mRead-Only (Scrollable)
[22m[39m[FilesContext] Identity ID: us-east-1:mock-identity-123
[90mstdout[2m | src/components/MiniEditor/MiniEditor.stories.tsx[2m > [22m[2mRead-Only (Scrollable)
[22m[39m[FilesContext] About to set up File observeQuery
[90mstdout[2m | src/components/MiniEditor/MiniEditor.stories.tsx[2m > [22m[2mRead-Only (Scrollable)
[22m[39m[ChatContext] Setting up AssistantChat observeQuery
[90mstdout[2m | src/components/MiniEditor/MiniEditor.stories.tsx[2m > [22m[2mRead-Only (Scrollable)
[22m[39m[ChatContext] Waiting for subscription to initialize
[90mstdout[2m | src/components/MiniEditor/MiniEditor.stories.tsx[2m > [22m[2mRead-Only (Scrollable)
[22m[39m[SettingsContext] Setting up Settings subscription for user: mock-user-sub
[90mstdout[2m | src/components/MiniEditor/MiniEditor.stories.tsx[2m > [22m[2mRead-Only (Scrollable)
[22m[39m[Mock Data] Settings created: mock-settings-1790416587572 - notified 0 subscribers
[90mstdout[2m | src/components/MiniEditor/MiniEditor.stories.tsx[2m > [22m[2mRead-Only (Scrollable)
[22m[39m[Mock Data] Unit.onUpdate() subscription added. Total: 1
[90mstdout[2m | src/components/MiniEditor/MiniEditor.stories.tsx[2m > [22m[2mRead-Only (Scrollable)
[22m[39m[SectionContext] Section observeQuery update: 0
[90mstdout[2m | src/components/MiniEditor/MiniEditor.stories.tsx[2m > [22m[2mRead-Only (Scrollable)
[22m[39m[FilesContext] File observeQuery update: 6 files
[90mstdout[2m | src/components/MiniEditor/MiniEditor.stories.tsx[2m > [22m[2mRead-Only (Scrollable)
[22m[39m[ChatContext] AssistantChat initialized with 1 chats
[90mstdout[2m | src/components/MiniEditor/MiniEditor.stories.tsx[2m > [22m[2mRead-Only (Scrollable)
[22m[39m[ChatContext] Setting initial chat: mock-assistant-chat-1
[90mstdout[2m | src/components/MiniEditor/MiniEditor.stories.tsx[2m > [22m[2mRead-Only (Scrollable)
[22m[39m[Mock Storage] downloadData called with: undefined
[90mstdout[2m | src/components/MiniEditor/MiniEditor.stories.tsx[2m > [22m[2mRead-Only (Scrollable)
[22m[39m[MOCK CourseVectorStore] Initialized with mock data
[90mstdout[2m | src/components/MiniEditor/MiniEditor.stories.tsx[2m > [22m[2mRead-Only (Scrollable)
[22m[39m[FilesContext] Vector store population triggered {
  "currentVectorStoreSize": 3,
  "documentsCount": 0,
  "filesCount": 6,
  "isInitialLoad": true,
}
[90mstdout[2m | src/components/MiniEditor/MiniEditor.stories.tsx[2m > [22m[2mRead-Only (Scrollable)
[22m[39m[FilesContext] Vector store population complete - 3 total embeddings
[90mstdout[2m | src/components/MiniEditor/MiniEditor.stories.tsx[2m > [22m[2mRead-Only (Scrollable)
[22m[39m[ChatContext] Chat exists and not archived, skipping creation
[90mstdout[2m | src/components/MiniEditor/MiniEditor.stories.tsx[2m > [22m[2mRead-Only (No content)
[22m[39m[ChatContext] Cleaning up subscriptions
[90mstdout[2m | src/components/MiniEditor/MiniEditor.stories.tsx[2m > [22m[2mRead-Only (No content)
[22m[39m[Mock Data] Unit.onUpdate() subscription removed. Remaining: 0
[90mstdout[2m | src/components/MiniEditor/MiniEditor.stories.tsx[2m > [22m[2mRead-Only (No content)
[22m[39m[MOCK CourseVectorStore] Initialized with mock data
[90mstdout[2m | src/components/MiniEditor/MiniEditor.stories.tsx[2m > [22m[2mRead-Only (No content)
[22m[39m[TranslationModeController] Setting mode to: off
[90mstdout[2m | src/components/MiniEditor/MiniEditor.stories.tsx[2m > [22m[2mRead-Only (No content)
[22m[39m[UnitContext] useEffect triggered {
  "authLoading": false,
  "hasUser": true,
  "id": "mock-unit-id",
  "userSub": "mock-user-sub",
}
[90mstdout[2m | src/components/MiniEditor/MiniEditor.stories.tsx[2m > [22m[2mRead-Only (No content)
[22m[39m[UnitContext] Fetching unit data for id: mock-unit-id
[90mstdout[2m | src/components/MiniEditor/MiniEditor.stories.tsx[2m > [22m[2mRead-Only (No content)
[22m[39m[FilesContext] Initializing vector store from IndexedDB
[90mstdout[2m | src/components/MiniEditor/MiniEditor.stories.tsx[2m > [22m[2mRead-Only (No content)
[22m[39m[FilesContext] fetchFiles called
[90mstdout[2m | src/components/MiniEditor/MiniEditor.stories.tsx[2m > [22m[2mRead-Only (No content)
[22m[39m[FilesContext] User authenticated: mock-user-sub
[90mstdout[2m | src/components/MiniEditor/MiniEditor.stories.tsx[2m > [22m[2mRead-Only (No content)
[22m[39m[FilesContext] Identity ID: us-east-1:mock-identity-123
[90mstdout[2m | src/components/MiniEditor/MiniEditor.stories.tsx[2m > [22m[2mRead-Only (No content)
[22m[39m[FilesContext] About to set up File observeQuery
[90mstdout[2m | src/components/MiniEditor/MiniEditor.stories.tsx[2m > [22m[2mRead-Only (No content)
[22m[39m[ChatContext] Setting up AssistantChat observeQuery
[90mstdout[2m | src/components/MiniEditor/MiniEditor.stories.tsx[2m > [22m[2mRead-Only (No content)
[22m[39m[ChatContext] Waiting for subscription to initialize
[90mstdout[2m | src/components/MiniEditor/MiniEditor.stories.tsx[2m > [22m[2mRead-Only (No content)
[22m[39m[SettingsContext] Setting up Settings subscription for user: mock-user-sub
[90mstdout[2m | src/components/MiniEditor/MiniEditor.stories.tsx[2m > [22m[2mRead-Only (No content)
[22m[39m[Mock Data] Settings created: mock-settings-1790416587690 - notified 0 subscribers
[90mstdout[2m | src/components/MiniEditor/MiniEditor.stories.tsx[2m > [22m[2mRead-Only (No content)
[22m[39m[Mock Data] Unit.onUpdate() subscription added. Total: 1
[90mstdout[2m | src/components/MiniEditor/MiniEditor.stories.tsx[2m > [22m[2mRead-Only (No content)
[22m[39m[SectionContext] Section observeQuery update: 0
[90mstdout[2m | src/components/MiniEditor/MiniEditor.stories.tsx[2m > [22m[2mRead-Only (No content)
[22m[39m[Mock Storage] downloadData called with: undefined
[90mstdout[2m | src/components/MiniEditor/MiniEditor.stories.tsx[2m > [22m[2mRead-Only (No content)
[22m[39m[FilesContext] File observeQuery update: 6 files
[90mstdout[2m | src/components/MiniEditor/MiniEditor.stories.tsx[2m > [22m[2mRead-Only (No content)
[22m[39m[MOCK CourseVectorStore] Initialized with mock data
[90mstdout[2m | src/components/MiniEditor/MiniEditor.stories.tsx[2m > [22m[2mRead-Only (No content)
[22m[39m[FilesContext] Vector store population triggered {
  "currentVectorStoreSize": 3,
  "documentsCount": 0,
  "filesCount": 6,
  "isInitialLoad": true,
}
[90mstdout[2m | src/components/MiniEditor/MiniEditor.stories.tsx[2m > [22m[2mRead-Only (No content)
[22m[39m[FilesContext] Vector store population complete - 3 total embeddings
[90mstdout[2m | src/components/MiniEditor/MiniEditor.stories.tsx[2m > [22m[2mRead-Only (No content)
[22m[39m[ChatContext] AssistantChat initialized with 1 chats
[90mstdout[2m | src/components/MiniEditor/MiniEditor.stories.tsx[2m > [22m[2mRead-Only (No content)
[22m[39m[ChatContext] Setting initial chat: mock-assistant-chat-1
[90mstdout[2m | src/components/MiniEditor/MiniEditor.stories.tsx[2m > [22m[2mRead-Only (No content)
[22m[39m[ChatContext] Chat exists and not archived, skipping creation
[90mstdout[2m | src/components/MiniEditor/MiniEditor.stories.tsx[2m > [22m[2mEditable
[22m[39m[ChatContext] Cleaning up subscriptions
[90mstdout[2m | src/components/MiniEditor/MiniEditor.stories.tsx[2m > [22m[2mEditable
[22m[39m[Mock Data] Unit.onUpdate() subscription removed. Remaining: 0
[90mstdout[2m | src/components/MiniEditor/MiniEditor.stories.tsx[2m > [22m[2mEditable
[22m[39m[MOCK CourseVectorStore] Initialized with mock data
[90mstdout[2m | src/components/MiniEditor/MiniEditor.stories.tsx[2m > [22m[2mEditable
[22m[39m[TranslationModeController] Setting mode to: off
[90mstdout[2m | src/components/MiniEditor/MiniEditor.stories.tsx[2m > [22m[2mEditable
[22m[39m[UnitContext] useEffect triggered {
  "authLoading": false,
  "hasUser": true,
  "id": "mock-unit-id",
  "userSub": "mock-user-sub",
}
[90mstdout[2m | src/components/MiniEditor/MiniEditor.stories.tsx[2m > [22m[2mEditable
[22m[39m[UnitContext] Fetching unit data for id: mock-unit-id
[90mstdout[2m | src/components/MiniEditor/MiniEditor.stories.tsx[2m > [22m[2mEditable
[22m[39m[FilesContext] Initializing vector store from IndexedDB
[90mstdout[2m | src/components/MiniEditor/MiniEditor.stories.tsx[2m > [22m[2mEditable
[22m[39m[FilesContext] fetchFiles called
[90mstdout[2m | src/components/MiniEditor/MiniEditor.stories.tsx[2m > [22m[2mEditable
[22m[39m[FilesContext] User authenticated: mock-user-sub
[90mstdout[2m | src/components/MiniEditor/MiniEditor.stories.tsx[2m > [22m[2mEditable
[22m[39m[FilesContext] Identity ID: us-east-1:mock-identity-123
[90mstdout[2m | src/components/MiniEditor/MiniEditor.stories.tsx[2m > [22m[2mEditable
[22m[39m[FilesContext] About to set up File observeQuery
[90mstdout[2m | src/components/MiniEditor/MiniEditor.stories.tsx[2m > [22m[2mEditable
[22m[39m[ChatContext] Setting up AssistantChat observeQuery
[90mstdout[2m | src/components/MiniEditor/MiniEditor.stories.tsx[2m > [22m[2mEditable
[22m[39m[ChatContext] Waiting for subscription to initialize
[90mstdout[2m | src/components/MiniEditor/MiniEditor.stories.tsx[2m > [22m[2mEditable
[22m[39m[SettingsContext] Setting up Settings subscription for user: mock-user-sub
[90mstdout[2m | src/components/MiniEditor/MiniEditor.stories.tsx[2m > [22m[2mEditable
[22m[39m[Mock Data] Settings created: mock-settings-1790416587787 - notified 0 subscribers
[90mstdout[2m | src/components/MiniEditor/MiniEditor.stories.tsx[2m > [22m[2mEditable
[22m[39m[Mock Data] Unit.onUpdate() subscription added. Total: 1
[90mstdout[2m | src/components/MiniEditor/MiniEditor.stories.tsx[2m > [22m[2mEditable
[22m[39m[SectionContext] Section observeQuery update: 0
[90mstdout[2m | src/components/MiniEditor/MiniEditor.stories.tsx[2m > [22m[2mEditable
[22m[39m[FilesContext] File observeQuery update: 6 files
[90mstdout[2m | src/components/MiniEditor/MiniEditor.stories.tsx[2m > [22m[2mEditable
[22m[39m[ChatContext] AssistantChat initialized with 1 chats
[90mstdout[2m | src/components/MiniEditor/MiniEditor.stories.tsx[2m > [22m[2mEditable
[22m[39m[ChatContext] Setting initial chat: mock-assistant-chat-1
[90mstdout[2m | src/components/MiniEditor/MiniEditor.stories.tsx[2m > [22m[2mEditable
[22m[39m[MOCK CourseVectorStore] Initialized with mock data
[90mstdout[2m | src/components/MiniEditor/MiniEditor.stories.tsx[2m > [22m[2mEditable
[22m[39m[FilesContext] Vector store population triggered {
  "currentVectorStoreSize": 3,
  "documentsCount": 0,
  "filesCount": 6,
  "isInitialLoad": true,
}
[90mstdout[2m | src/components/MiniEditor/MiniEditor.stories.tsx[2m > [22m[2mEditable
[22m[39m[FilesContext] Vector store population complete - 3 total embeddings
[90mstdout[2m | src/components/MiniEditor/MiniEditor.stories.tsx[2m > [22m[2mEditable
[22m[39m[ChatContext] Chat exists and not archived, skipping creation
[90mstdout[2m | src/components/MiniEditor/MiniEditor.stories.tsx[2m > [22m[2mEditable
[22m[39m[Mock Storage] downloadData called with: undefined
[90mstdout[2m | src/components/MiniEditor/MiniEditor.stories.tsx[2m > [22m[2mEditable (Pre-filled)
[22m[39m[ChatContext] Cleaning up subscriptions
[90mstdout[2m | src/components/MiniEditor/MiniEditor.stories.tsx[2m > [22m[2mEditable (Pre-filled)
[22m[39m[Mock Data] Unit.onUpdate() subscription removed. Remaining: 0
[90mstdout[2m | src/components/MiniEditor/MiniEditor.stories.tsx[2m > [22m[2mEditable (Pre-filled)
[22m[39m[MOCK CourseVectorStore] Initialized with mock data
[90mstdout[2m | src/components/MiniEditor/MiniEditor.stories.tsx[2m > [22m[2mEditable (Pre-filled)
[22m[39m[TranslationModeController] Setting mode to: off
[90mstdout[2m | src/components/MiniEditor/MiniEditor.stories.tsx[2m > [22m[2mEditable (Pre-filled)
[22m[39m[UnitContext] useEffect triggered {
  "authLoading": false,
  "hasUser": true,
  "id": "mock-unit-id",
  "userSub": "mock-user-sub",
}
[90mstdout[2m | src/components/MiniEditor/MiniEditor.stories.tsx[2m > [22m[2mEditable (Pre-filled)
[22m[39m[UnitContext] Fetching unit data for id: mock-unit-id
[90mstdout[2m | src/components/MiniEditor/MiniEditor.stories.tsx[2m > [22m[2mEditable (Pre-filled)
[22m[39m[FilesContext] Initializing vector store from IndexedDB
[90mstdout[2m | src/components/MiniEditor/MiniEditor.stories.tsx[2m > [22m[2mEditable (Pre-filled)
[22m[39m[FilesContext] fetchFiles called
[90mstdout[2m | src/components/MiniEditor/MiniEditor.stories.tsx[2m > [22m[2mEditable (Pre-filled)
[22m[39m[FilesContext] User authenticated: mock-user-sub
[90mstdout[2m | src/components/MiniEditor/MiniEditor.stories.tsx[2m > [22m[2mEditable (Pre-filled)
[22m[39m[FilesContext] Identity ID: us-east-1:mock-identity-123
[90mstdout[2m | src/components/MiniEditor/MiniEditor.stories.tsx[2m > [22m[2mEditable (Pre-filled)
[22m[39m[FilesContext] About to set up File observeQuery
[90mstdout[2m | src/components/MiniEditor/MiniEditor.stories.tsx[2m > [22m[2mEditable (Pre-filled)
[22m[39m[ChatContext] Setting up AssistantChat observeQuery
[90mstdout[2m | src/components/MiniEditor/MiniEditor.stories.tsx[2m > [22m[2mEditable (Pre-filled)
[22m[39m[ChatContext] Waiting for subscription to initialize
[90mstdout[2m | src/components/MiniEditor/MiniEditor.stories.tsx[2m > [22m[2mEditable (Pre-filled)
[22m[39m[SettingsContext] Setting up Settings subscription for user: mock-user-sub
[90mstdout[2m | src/components/MiniEditor/MiniEditor.stories.tsx[2m > [22m[2mEditable (Pre-filled)
[22m[39m[Mock Data] Settings created: mock-settings-1790416587903 - notified 0 subscribers
[90mstdout[2m | src/components/MiniEditor/MiniEditor.stories.tsx[2m > [22m[2mEditable (Pre-filled)
[22m[39m[Mock Data] Unit.onUpdate() subscription added. Total: 1
[90mstdout[2m | src/components/MiniEditor/MiniEditor.stories.tsx[2m > [22m[2mEditable (Pre-filled)
[22m[39m[SectionContext] Section observeQuery update: 0
[90mstdout[2m | src/components/MiniEditor/MiniEditor.stories.tsx[2m > [22m[2mEditable (Pre-filled)
[22m[39m[FilesContext] File observeQuery update: 6 files
[90mstdout[2m | src/components/MiniEditor/MiniEditor.stories.tsx[2m > [22m[2mEditable (Pre-filled)
[22m[39m[ChatContext] AssistantChat initialized with 1 chats
[90mstdout[2m | src/components/MiniEditor/MiniEditor.stories.tsx[2m > [22m[2mEditable (Pre-filled)
[22m[39m[ChatContext] Setting initial chat: mock-assistant-chat-1
[90mstdout[2m | src/components/MiniEditor/MiniEditor.stories.tsx[2m > [22m[2mEditable (Pre-filled)
[22m[39m[MOCK CourseVectorStore] Initialized with mock data
[90mstdout[2m | src/components/MiniEditor/MiniEditor.stories.tsx[2m > [22m[2mEditable (Pre-filled)
[22m[39m[FilesContext] Vector store population triggered {
  "currentVectorStoreSize": 3,
  "documentsCount": 0,
  "filesCount": 6,
  "isInitialLoad": true,
}
[90mstdout[2m | src/components/MiniEditor/MiniEditor.stories.tsx[2m > [22m[2mEditable (Pre-filled)
[22m[39m[FilesContext] Vector store population complete - 3 total embeddings
[90mstdout[2m | src/components/MiniEditor/MiniEditor.stories.tsx[2m > [22m[2mEditable (Pre-filled)
[22m[39m[ChatContext] Chat exists and not archived, skipping creation
[90mstdout[2m | src/components/MiniEditor/MiniEditor.stories.tsx[2m > [22m[2mEditable (Pre-filled)
[22m[39m[Mock Storage] downloadData called with: undefined
[90mstdout[2m | src/components/MiniEditor/MiniEditor.stories.tsx[2m > [22m[2mEditable (Chat Mode)
[22m[39m[ChatContext] Cleaning up subscriptions
[90mstdout[2m | src/components/MiniEditor/MiniEditor.stories.tsx[2m > [22m[2mEditable (Chat Mode)
[22m[39m[Mock Data] Unit.onUpdate() subscription removed. Remaining: 0
[90mstdout[2m | src/components/MiniEditor/MiniEditor.stories.tsx[2m > [22m[2mEditable (Chat Mode)
[22m[39m[MOCK CourseVectorStore] Initialized with mock data
[90mstdout[2m | src/components/MiniEditor/MiniEditor.stories.tsx[2m > [22m[2mEditable (Chat Mode)
[22m[39m[TranslationModeController] Setting mode to: off
[90mstdout[2m | src/components/MiniEditor/MiniEditor.stories.tsx[2m > [22m[2mEditable (Chat Mode)
[22m[39m[UnitContext] useEffect triggered {
  "authLoading": false,
  "hasUser": true,
  "id": "mock-unit-id",
  "userSub": "mock-user-sub",
}
[90mstdout[2m | src/components/MiniEditor/MiniEditor.stories.tsx[2m > [22m[2mEditable (Chat Mode)
[22m[39m[UnitContext] Fetching unit data for id: mock-unit-id
[90mstdout[2m | src/components/MiniEditor/MiniEditor.stories.tsx[2m > [22m[2mEditable (Chat Mode)
[22m[39m[FilesContext] Initializing vector store from IndexedDB
[90mstdout[2m | src/components/MiniEditor/MiniEditor.stories.tsx[2m > [22m[2mEditable (Chat Mode)
[22m[39m[FilesContext] fetchFiles called
[90mstdout[2m | src/components/MiniEditor/MiniEditor.stories.tsx[2m > [22m[2mEditable (Chat Mode)
[22m[39m[FilesContext] User authenticated: mock-user-sub
[90mstdout[2m | src/components/MiniEditor/MiniEditor.stories.tsx[2m > [22m[2mEditable (Chat Mode)
[22m[39m[FilesContext] Identity ID: us-east-1:mock-identity-123
[90mstdout[2m | src/components/MiniEditor/MiniEditor.stories.tsx[2m > [22m[2mEditable (Chat Mode)
[22m[39m[FilesContext] About to set up File observeQuery
[90mstdout[2m | src/components/MiniEditor/MiniEditor.stories.tsx[2m > [22m[2mEditable (Chat Mode)
[22m[39m[ChatContext] Setting up AssistantChat observeQuery
[90mstdout[2m | src/components/MiniEditor/MiniEditor.stories.tsx[2m > [22m[2mEditable (Chat Mode)
[22m[39m[ChatContext] Waiting for subscription to initialize
[90mstdout[2m | src/components/MiniEditor/MiniEditor.stories.tsx[2m > [22m[2mEditable (Chat Mode)
[22m[39m[SettingsContext] Setting up Settings subscription for user: mock-user-sub
[90mstdout[2m | src/components/MiniEditor/MiniEditor.stories.tsx[2m > [22m[2mEditable (Chat Mode)
[22m[39m[Mock Data] Settings created: mock-settings-1790416588037 - notified 0 subscribers
[90mstdout[2m | src/components/MiniEditor/MiniEditor.stories.tsx[2m > [22m[2mEditable (Chat Mode)
[22m[39m[Mock Data] Unit.onUpdate() subscription added. Total: 1
[90mstdout[2m | src/components/MiniEditor/MiniEditor.stories.tsx[2m > [22m[2mEditable (Chat Mode)
[22m[39m[SectionContext] Section observeQuery update: 0
[90mstdout[2m | src/components/MiniEditor/MiniEditor.stories.tsx[2m > [22m[2mEditable (Chat Mode)
[22m[39m[FilesContext] File observeQuery update: 6 files
[90mstdout[2m | src/components/MiniEditor/MiniEditor.stories.tsx[2m > [22m[2mEditable (Chat Mode)
[22m[39m[ChatContext] AssistantChat initialized with 1 chats
[90mstdout[2m | src/components/MiniEditor/MiniEditor.stories.tsx[2m > [22m[2mEditable (Chat Mode)
[22m[39m[ChatContext] Setting initial chat: mock-assistant-chat-1
[90mstdout[2m | src/components/MiniEditor/MiniEditor.stories.tsx[2m > [22m[2mEditable (Chat Mode)
[22m[39m[MOCK CourseVectorStore] Initialized with mock data
[90mstdout[2m | src/components/MiniEditor/MiniEditor.stories.tsx[2m > [22m[2mEditable (Chat Mode)
[22m[39m[FilesContext] Vector store population triggered {
  "currentVectorStoreSize": 3,
  "documentsCount": 0,
  "filesCount": 6,
  "isInitialLoad": true,
}
[90mstdout[2m | src/components/MiniEditor/MiniEditor.stories.tsx[2m > [22m[2mEditable (Chat Mode)
[22m[39m[FilesContext] Vector store population complete - 3 total embeddings
[90mstdout[2m | src/components/MiniEditor/MiniEditor.stories.tsx[2m > [22m[2mEditable (Chat Mode)
[22m[39m[ChatContext] Chat exists and not archived, skipping creation
[90mstdout[2m | src/components/MiniEditor/MiniEditor.stories.tsx[2m > [22m[2mEditable (Chat Mode)
[22m[39m[Mock Storage] downloadData called with: undefined
[90mstdout[2m | src/components/MiniEditor/MiniEditor.stories.tsx[2m > [22m[2mChat Mode (No Block Inserter)
[22m[39m[ChatContext] Cleaning up subscriptions
[90mstdout[2m | src/components/MiniEditor/MiniEditor.stories.tsx[2m > [22m[2mChat Mode (No Block Inserter)
[22m[39m[Mock Data] Unit.onUpdate() subscription removed. Remaining: 0
[90mstdout[2m | src/components/MiniEditor/MiniEditor.stories.tsx[2m > [22m[2mChat Mode (No Block Inserter)
[22m[39m[MOCK CourseVectorStore] Initialized with mock data
[90mstdout[2m | src/components/MiniEditor/MiniEditor.stories.tsx[2m > [22m[2mChat Mode (No Block Inserter)
[22m[39m[TranslationModeController] Setting mode to: off
[90mstdout[2m | src/components/MiniEditor/MiniEditor.stories.tsx[2m > [22m[2mChat Mode (No Block Inserter)
[22m[39m[UnitContext] useEffect triggered {
  "authLoading": false,
  "hasUser": true,
  "id": "mock-unit-id",
  "userSub": "mock-user-sub",
}
[90mstdout[2m | src/components/MiniEditor/MiniEditor.stories.tsx[2m > [22m[2mChat Mode (No Block Inserter)
[22m[39m[UnitContext] Fetching unit data for id: mock-unit-id
[90mstdout[2m | src/components/MiniEditor/MiniEditor.stories.tsx[2m > [22m[2mChat Mode (No Block Inserter)
[22m[39m[FilesContext] Initializing vector store from IndexedDB
[90mstdout[2m | src/components/MiniEditor/MiniEditor.stories.tsx[2m > [22m[2mChat Mode (No Block Inserter)
[22m[39m[FilesContext] fetchFiles called
[90mstdout[2m | src/components/MiniEditor/MiniEditor.stories.tsx[2m > [22m[2mChat Mode (No Block Inserter)
[22m[39m[FilesContext] User authenticated: mock-user-sub
[90mstdout[2m | src/components/MiniEditor/MiniEditor.stories.tsx[2m > [22m[2mChat Mode (No Block Inserter)
[22m[39m[FilesContext] Identity ID: us-east-1:mock-identity-123
[90mstdout[2m | src/components/MiniEditor/MiniEditor.stories.tsx[2m > [22m[2mChat Mode (No Block Inserter)
[22m[39m[FilesContext] About to set up File observeQuery
[90mstdout[2m | src/components/MiniEditor/MiniEditor.stories.tsx[2m > [22m[2mChat Mode (No Block Inserter)
[22m[39m[ChatContext] Setting up AssistantChat observeQuery
[90mstdout[2m | src/components/MiniEditor/MiniEditor.stories.tsx[2m > [22m[2mChat Mode (No Block Inserter)
[22m[39m[ChatContext] Waiting for subscription to initialize
[90mstdout[2m | src/components/MiniEditor/MiniEditor.stories.tsx[2m > [22m[2mChat Mode (No Block Inserter)
[22m[39m[SettingsContext] Setting up Settings subscription for user: mock-user-sub
[90mstdout[2m | src/components/MiniEditor/MiniEditor.stories.tsx[2m > [22m[2mChat Mode (No Block Inserter)
[22m[39m[Mock Data] Settings created: mock-settings-1790416588194 - notified 0 subscribers
[90mstdout[2m | src/components/MiniEditor/MiniEditor.stories.tsx[2m > [22m[2mChat Mode (No Block Inserter)
[22m[39m[Mock Data] Unit.onUpdate() subscription added. Total: 1
[90mstdout[2m | src/components/MiniEditor/MiniEditor.stories.tsx[2m > [22m[2mChat Mode (No Block Inserter)
[22m[39m[SectionContext] Section observeQuery update: 0
[90mstdout[2m | src/components/MiniEditor/MiniEditor.stories.tsx[2m > [22m[2mChat Mode (No Block Inserter)
[22m[39m[FilesContext] File observeQuery update: 6 files
[90mstdout[2m | src/components/MiniEditor/MiniEditor.stories.tsx[2m > [22m[2mChat Mode (No Block Inserter)
[22m[39m[MOCK CourseVectorStore] Initialized with mock data
[90mstdout[2m | src/components/MiniEditor/MiniEditor.stories.tsx[2m > [22m[2mChat Mode (No Block Inserter)
[22m[39m[FilesContext] Vector store population triggered {
  "currentVectorStoreSize": 3,
  "documentsCount": 0,
  "filesCount": 6,
  "isInitialLoad": true,
}
[90mstdout[2m | src/components/MiniEditor/MiniEditor.stories.tsx[2m > [22m[2mChat Mode (No Block Inserter)
[22m[39m[FilesContext] Vector store population complete - 3 total embeddings
[90mstdout[2m | src/components/MiniEditor/MiniEditor.stories.tsx[2m > [22m[2mChat Mode (No Block Inserter)
[22m[39m[ChatContext] AssistantChat initialized with 1 chats
[90mstdout[2m | src/components/MiniEditor/MiniEditor.stories.tsx[2m > [22m[2mChat Mode (No Block Inserter)
[22m[39m[ChatContext] Setting initial chat: mock-assistant-chat-1
[90mstdout[2m | src/components/MiniEditor/MiniEditor.stories.tsx[2m > [22m[2mChat Mode (No Block Inserter)
[22m[39m[Mock Storage] downloadData called with: undefined
[90mstdout[2m | src/components/MiniEditor/MiniEditor.stories.tsx[2m > [22m[2mChat Mode (No Block Inserter)
[22m[39m[ChatContext] Chat exists and not archived, skipping creation
[90mstdout[2m | src/components/MiniEditor/MiniEditor.stories.tsx[2m > [22m[2mUse Case: Squad Description
[22m[39m[ChatContext] Cleaning up subscriptions
[90mstdout[2m | src/components/MiniEditor/MiniEditor.stories.tsx[2m > [22m[2mUse Case: Squad Description
[22m[39m[Mock Data] Unit.onUpdate() subscription removed. Remaining: 0
[90mstdout[2m | src/components/MiniEditor/MiniEditor.stories.tsx[2m > [22m[2mUse Case: Squad Description
[22m[39m[MOCK CourseVectorStore] Initialized with mock data
[90mstdout[2m | src/components/MiniEditor/MiniEditor.stories.tsx[2m > [22m[2mUse Case: Squad Description
[22m[39m[TranslationModeController] Setting mode to: off
[90mstdout[2m | src/components/MiniEditor/MiniEditor.stories.tsx[2m > [22m[2mUse Case: Squad Description
[22m[39m[UnitContext] useEffect triggered {
  "authLoading": false,
  "hasUser": true,
  "id": "mock-unit-id",
  "userSub": "mock-user-sub",
}
[90mstdout[2m | src/components/MiniEditor/MiniEditor.stories.tsx[2m > [22m[2mUse Case: Squad Description
[22m[39m[UnitContext] Fetching unit data for id: mock-unit-id
[90mstdout[2m | src/components/MiniEditor/MiniEditor.stories.tsx[2m > [22m[2mUse Case: Squad Description
[22m[39m[FilesContext] Initializing vector store from IndexedDB
[90mstdout[2m | src/components/MiniEditor/MiniEditor.stories.tsx[2m > [22m[2mUse Case: Squad Description
[22m[39m[FilesContext] fetchFiles called
[90mstdout[2m | src/components/MiniEditor/MiniEditor.stories.tsx[2m > [22m[2mUse Case: Squad Description
[22m[39m[FilesContext] User authenticated: mock-user-sub
[90mstdout[2m | src/components/MiniEditor/MiniEditor.stories.tsx[2m > [22m[2mUse Case: Squad Description
[22m[39m[FilesContext] Identity ID: us-east-1:mock-identity-123
[90mstdout[2m | src/components/MiniEditor/MiniEditor.stories.tsx[2m > [22m[2mUse Case: Squad Description
[22m[39m[FilesContext] About to set up File observeQuery
[90mstdout[2m | src/components/MiniEditor/MiniEditor.stories.tsx[2m > [22m[2mUse Case: Squad Description
[22m[39m[ChatContext] Setting up AssistantChat observeQuery
[90mstdout[2m | src/components/MiniEditor/MiniEditor.stories.tsx[2m > [22m[2mUse Case: Squad Description
[22m[39m[ChatContext] Waiting for subscription to initialize
[90mstdout[2m | src/components/MiniEditor/MiniEditor.stories.tsx[2m > [22m[2mUse Case: Squad Description
[22m[39m[SettingsContext] Setting up Settings subscription for user: mock-user-sub
[90mstdout[2m | src/components/MiniEditor/MiniEditor.stories.tsx[2m > [22m[2mUse Case: Squad Description
[22m[39m[Mock Data] Settings created: mock-settings-1790416588299 - notified 0 subscribers
[90mstdout[2m | src/components/MiniEditor/MiniEditor.stories.tsx[2m > [22m[2mUse Case: Squad Description
[22m[39m[Mock Data] Unit.onUpdate() subscription added. Total: 1
[90mstdout[2m | src/components/MiniEditor/MiniEditor.stories.tsx[2m > [22m[2mUse Case: Squad Description
[22m[39m[SectionContext] Section observeQuery update: 0
[90mstdout[2m | src/components/MiniEditor/MiniEditor.stories.tsx[2m > [22m[2mUse Case: Squad Description
[22m[39m[FilesContext] File observeQuery update: 6 files
[90mstdout[2m | src/components/MiniEditor/MiniEditor.stories.tsx[2m > [22m[2mUse Case: Squad Description
[22m[39m[ChatContext] AssistantChat initialized with 1 chats
[90mstdout[2m | src/components/MiniEditor/MiniEditor.stories.tsx[2m > [22m[2mUse Case: Squad Description
[22m[39m[ChatContext] Setting initial chat: mock-assistant-chat-1
[90mstdout[2m | src/components/MiniEditor/MiniEditor.stories.tsx[2m > [22m[2mUse Case: Squad Description
[22m[39m[MOCK CourseVectorStore] Initialized with mock data
[90mstdout[2m | src/components/MiniEditor/MiniEditor.stories.tsx[2m > [22m[2mUse Case: Squad Description
[22m[39m[FilesContext] Vector store population triggered {
  "currentVectorStoreSize": 3,
  "documentsCount": 0,
  "filesCount": 6,
  "isInitialLoad": true,
}
[90mstdout[2m | src/components/MiniEditor/MiniEditor.stories.tsx[2m > [22m[2mUse Case: Squad Description
[22m[39m[FilesContext] Vector store population complete - 3 total embeddings
[90mstdout[2m | src/components/MiniEditor/MiniEditor.stories.tsx[2m > [22m[2mUse Case: Squad Description
[22m[39m[ChatContext] Chat exists and not archived, skipping creation
[90mstdout[2m | src/components/MiniEditor/MiniEditor.stories.tsx[2m > [22m[2mUse Case: Squad Description
[22m[39m[Mock Storage] downloadData called with: undefined
[90mstdout[2m | src/components/MiniEditor/MiniEditor.stories.tsx[2m > [22m[2mUse Case: Campaign Briefing
[22m[39m[ChatContext] Cleaning up subscriptions
[90mstdout[2m | src/components/MiniEditor/MiniEditor.stories.tsx[2m > [22m[2mUse Case: Campaign Briefing
[22m[39m[Mock Data] Unit.onUpdate() subscription removed. Remaining: 0
[90mstdout[2m | src/components/MiniEditor/MiniEditor.stories.tsx[2m > [22m[2mUse Case: Campaign Briefing
[22m[39m[MOCK CourseVectorStore] Initialized with mock data
[90mstdout[2m | src/components/MiniEditor/MiniEditor.stories.tsx[2m > [22m[2mUse Case: Campaign Briefing
[22m[39m[TranslationModeController] Setting mode to: off
[90mstdout[2m | src/components/MiniEditor/MiniEditor.stories.tsx[2m > [22m[2mUse Case: Campaign Briefing
[22m[39m[UnitContext] useEffect triggered {
  "authLoading": false,
  "hasUser": true,
  "id": "mock-unit-id",
  "userSub": "mock-user-sub",
}
[90mstdout[2m | src/components/MiniEditor/MiniEditor.stories.tsx[2m > [22m[2mUse Case: Campaign Briefing
[22m[39m[UnitContext] Fetching unit data for id: mock-unit-id
[90mstdout[2m | src/components/MiniEditor/MiniEditor.stories.tsx[2m > [22m[2mUse Case: Campaign Briefing
[22m[39m[FilesContext] Initializing vector store from IndexedDB
[90mstdout[2m | src/components/MiniEditor/MiniEditor.stories.tsx[2m > [22m[2mUse Case: Campaign Briefing
[22m[39m[FilesContext] fetchFiles called
[90mstdout[2m | src/components/MiniEditor/MiniEditor.stories.tsx[2m > [22m[2mUse Case: Campaign Briefing
[22m[39m[FilesContext] User authenticated: mock-user-sub
[90mstdout[2m | src/components/MiniEditor/MiniEditor.stories.tsx[2m > [22m[2mUse Case: Campaign Briefing
[22m[39m[FilesContext] Identity ID: us-east-1:mock-identity-123
[90mstdout[2m | src/components/MiniEditor/MiniEditor.stories.tsx[2m > [22m[2mUse Case: Campaign Briefing
[22m[39m[FilesContext] About to set up File observeQuery
[90mstdout[2m | src/components/MiniEditor/MiniEditor.stories.tsx[2m > [22m[2mUse Case: Campaign Briefing
[22m[39m[ChatContext] Setting up AssistantChat observeQuery
[90mstdout[2m | src/components/MiniEditor/MiniEditor.stories.tsx[2m > [22m[2mUse Case: Campaign Briefing
[22m[39m[ChatContext] Waiting for subscription to initialize
[90mstdout[2m | src/components/MiniEditor/MiniEditor.stories.tsx[2m > [22m[2mUse Case: Campaign Briefing
[22m[39m[SettingsContext] Setting up Settings subscription for user: mock-user-sub
[90mstdout[2m | src/components/MiniEditor/MiniEditor.stories.tsx[2m > [22m[2mUse Case: Campaign Briefing
[22m[39m[Mock Data] Settings created: mock-settings-1790416588407 - notified 0 subscribers
[90mstdout[2m | src/components/MiniEditor/MiniEditor.stories.tsx[2m > [22m[2mUse Case: Campaign Briefing
[22m[39m[Mock Data] Unit.onUpdate() subscription added. Total: 1
[90mstdout[2m | src/components/MiniEditor/MiniEditor.stories.tsx[2m > [22m[2mUse Case: Campaign Briefing
[22m[39m[SectionContext] Section observeQuery update: 0
[90mstdout[2m | src/components/MiniEditor/MiniEditor.stories.tsx[2m > [22m[2mUse Case: Campaign Briefing
[22m[39m[FilesContext] File observeQuery update: 6 files
[90mstdout[2m | src/components/MiniEditor/MiniEditor.stories.tsx[2m > [22m[2mUse Case: Campaign Briefing
[22m[39m[ChatContext] AssistantChat initialized with 1 chats
[90mstdout[2m | src/components/MiniEditor/MiniEditor.stories.tsx[2m > [22m[2mUse Case: Campaign Briefing
[22m[39m[ChatContext] Setting initial chat: mock-assistant-chat-1
[90mstdout[2m | src/components/MiniEditor/MiniEditor.stories.tsx[2m > [22m[2mUse Case: Campaign Briefing
[22m[39m[MOCK CourseVectorStore] Initialized with mock data
[90mstdout[2m | src/components/MiniEditor/MiniEditor.stories.tsx[2m > [22m[2mUse Case: Campaign Briefing
[22m[39m[FilesContext] Vector store population triggered {
  "currentVectorStoreSize": 3,
  "documentsCount": 0,
  "filesCount": 6,
  "isInitialLoad": true,
}
[90mstdout[2m | src/components/MiniEditor/MiniEditor.stories.tsx[2m > [22m[2mUse Case: Campaign Briefing
[22m[39m[FilesContext] Vector store population complete - 3 total embeddings
[90mstdout[2m | src/components/MiniEditor/MiniEditor.stories.tsx[2m > [22m[2mUse Case: Campaign Briefing
[22m[39m[ChatContext] Chat exists and not archived, skipping creation
[90mstdout[2m | src/components/MiniEditor/MiniEditor.stories.tsx[2m > [22m[2mUse Case: Campaign Briefing
[22m[39m[Mock Storage] downloadData called with: undefined
 [32m✓[39m [30m[45m storybook (chromium) [49m[39m src/components/MiniEditor/MiniEditor.stories.tsx [2m([22m[2m10 tests[22m[2m)[22m[33m 1249[2mms[22m[39m
[90mstdout[2m | unknown test
[22m[39m[MOCK vectorStoreDB.js] Module loaded - mock IndexedDB operations
[90mstdout[2m | unknown test
[22m[39m[Task Completion] DOM action listeners initialized
[90mstdout[2m | unknown test
[22m[39m[Task Completion] Auto-completion detector initialized
[90mstdout[2m | unknown test
[22m[39m[Preview] Task completion detector initialized
[90mstdout[2m | src/stories/Button.stories.ts[2m > [22m[2mPrimary
[22m[39m[TranslationModeController] Setting mode to: off
[90mstdout[2m | src/stories/Button.stories.ts[2m > [22m[2mSecondary
[22m[39m[TranslationModeController] Setting mode to: off
[90mstdout[2m | src/stories/Button.stories.ts[2m > [22m[2mLarge
[22m[39m[TranslationModeController] Setting mode to: off
[90mstdout[2m | src/stories/Button.stories.ts[2m > [22m[2mSmall
[22m[39m[TranslationModeController] Setting mode to: off
 [32m✓[39m [30m[45m storybook (chromium) [49m[39m src/stories/Button.stories.ts [2m([22m[2m4 tests[22m[2m)[22m[32m 287[2mms[22m[39m
[90mstdout[2m | unknown test
[22m[39m[MOCK vectorStoreDB.js] Module loaded - mock IndexedDB operations
[90mstdout[2m | unknown test
[22m[39m[Task Completion] DOM action listeners initialized
[90mstdout[2m | unknown test
[22m[39m[Task Completion] Auto-completion detector initialized
[90mstdout[2m | unknown test
[22m[39m[Preview] Task completion detector initialized
[90mstdout[2m | src/components/UserAvatar.stories.tsx[2m > [22m[2mDefault
[22m[39m[MOCK CourseVectorStore] Initialized with mock data
[90mstdout[2m | src/components/UserAvatar.stories.tsx[2m > [22m[2mDefault
[22m[39m[TranslationModeController] Setting mode to: off
[90mstdout[2m | src/components/UserAvatar.stories.tsx[2m > [22m[2mDefault
[22m[39m[UnitContext] useEffect triggered {
  "authLoading": false,
  "hasUser": true,
  "id": "mock-unit-id",
  "userSub": "mock-user-sub",
}
[90mstdout[2m | src/components/UserAvatar.stories.tsx[2m > [22m[2mDefault
[22m[39m[UnitContext] Fetching unit data for id: mock-unit-id
[90mstdout[2m | src/components/UserAvatar.stories.tsx[2m > [22m[2mDefault
[22m[39m[FilesContext] Initializing vector store from IndexedDB
[90mstdout[2m | src/components/UserAvatar.stories.tsx[2m > [22m[2mDefault
[22m[39m[FilesContext] fetchFiles called
[90mstdout[2m | src/components/UserAvatar.stories.tsx[2m > [22m[2mDefault
[22m[39m[FilesContext] User authenticated: mock-user-sub
[90mstdout[2m | src/components/UserAvatar.stories.tsx[2m > [22m[2mDefault
[22m[39m[FilesContext] Identity ID: us-east-1:mock-identity-123
[90mstdout[2m | src/components/UserAvatar.stories.tsx[2m > [22m[2mDefault
[22m[39m[FilesContext] About to set up File observeQuery
[90mstdout[2m | src/components/UserAvatar.stories.tsx[2m > [22m[2mDefault
[22m[39m[ChatContext] Setting up AssistantChat observeQuery
[90mstdout[2m | src/components/UserAvatar.stories.tsx[2m > [22m[2mDefault
[22m[39m[ChatContext] Waiting for subscription to initialize
[90mstdout[2m | src/components/UserAvatar.stories.tsx[2m > [22m[2mDefault
[22m[39m[SettingsContext] Setting up Settings subscription for user: mock-user-sub
[90mstdout[2m | src/components/UserAvatar.stories.tsx[2m > [22m[2mDefault
[22m[39m[Mock Data] Settings created: mock-settings-1790416590018 - notified 0 subscribers
[90mstdout[2m | src/components/UserAvatar.stories.tsx[2m > [22m[2mDefault
[22m[39m[Mock Data] Unit.onUpdate() subscription added. Total: 1
[90mstdout[2m | src/components/UserAvatar.stories.tsx[2m > [22m[2mDefault
[22m[39m[SectionContext] Section observeQuery update: 0
[90mstdout[2m | src/components/UserAvatar.stories.tsx[2m > [22m[2mDefault
[22m[39m[FilesContext] File observeQuery update: 6 files
[90mstdout[2m | src/components/UserAvatar.stories.tsx[2m > [22m[2mDefault
[22m[39m[ChatContext] AssistantChat initialized with 1 chats
[90mstdout[2m | src/components/UserAvatar.stories.tsx[2m > [22m[2mDefault
[22m[39m[ChatContext] Setting initial chat: mock-assistant-chat-1
[90mstdout[2m | src/components/UserAvatar.stories.tsx[2m > [22m[2mDefault
[22m[39m[MOCK CourseVectorStore] Initialized with mock data
[90mstdout[2m | src/components/UserAvatar.stories.tsx[2m > [22m[2mDefault
[22m[39m[FilesContext] Vector store population triggered {
  "currentVectorStoreSize": 3,
  "documentsCount": 0,
  "filesCount": 6,
  "isInitialLoad": true,
}
[90mstdout[2m | src/components/UserAvatar.stories.tsx[2m > [22m[2mDefault
[22m[39m[FilesContext] Vector store population complete - 3 total embeddings
[90mstdout[2m | src/components/UserAvatar.stories.tsx[2m > [22m[2mDefault
[22m[39m[ChatContext] Chat exists and not archived, skipping creation
[90mstdout[2m | src/components/UserAvatar.stories.tsx[2m > [22m[2mDefault
[22m[39m[Mock Storage] downloadData called with: undefined
[90mstdout[2m | src/components/UserAvatar.stories.tsx[2m > [22m[2mSmall
[22m[39m[ChatContext] Cleaning up subscriptions
[90mstdout[2m | src/components/UserAvatar.stories.tsx[2m > [22m[2mSmall
[22m[39m[Mock Data] Unit.onUpdate() subscription removed. Remaining: 0
[90mstdout[2m | src/components/UserAvatar.stories.tsx[2m > [22m[2mSmall
[22m[39m[MOCK CourseVectorStore] Initialized with mock data
[90mstdout[2m | src/components/UserAvatar.stories.tsx[2m > [22m[2mSmall
[22m[39m[TranslationModeController] Setting mode to: off
[90mstdout[2m | src/components/UserAvatar.stories.tsx[2m > [22m[2mSmall
[22m[39m[UnitContext] useEffect triggered {
  "authLoading": false,
  "hasUser": true,
  "id": "mock-unit-id",
  "userSub": "mock-user-sub",
}
[90mstdout[2m | src/components/UserAvatar.stories.tsx[2m > [22m[2mSmall
[22m[39m[UnitContext] Fetching unit data for id: mock-unit-id
[90mstdout[2m | src/components/UserAvatar.stories.tsx[2m > [22m[2mSmall
[22m[39m[FilesContext] Initializing vector store from IndexedDB
[90mstdout[2m | src/components/UserAvatar.stories.tsx[2m > [22m[2mSmall
[22m[39m[FilesContext] fetchFiles called
[90mstdout[2m | src/components/UserAvatar.stories.tsx[2m > [22m[2mSmall
[22m[39m[FilesContext] User authenticated: mock-user-sub
[90mstdout[2m | src/components/UserAvatar.stories.tsx[2m > [22m[2mSmall
[22m[39m[FilesContext] Identity ID: us-east-1:mock-identity-123
[90mstdout[2m | src/components/UserAvatar.stories.tsx[2m > [22m[2mSmall
[22m[39m[FilesContext] About to set up File observeQuery
[90mstdout[2m | src/components/UserAvatar.stories.tsx[2m > [22m[2mSmall
[22m[39m[ChatContext] Setting up AssistantChat observeQuery
[90mstdout[2m | src/components/UserAvatar.stories.tsx[2m > [22m[2mSmall
[22m[39m[ChatContext] Waiting for subscription to initialize
[90mstdout[2m | src/components/UserAvatar.stories.tsx[2m > [22m[2mSmall
[22m[39m[SettingsContext] Setting up Settings subscription for user: mock-user-sub
[90mstdout[2m | src/components/UserAvatar.stories.tsx[2m > [22m[2mSmall
[22m[39m[Mock Data] Settings created: mock-settings-1790416590159 - notified 0 subscribers
[90mstdout[2m | src/components/UserAvatar.stories.tsx[2m > [22m[2mSmall
[22m[39m[Mock Data] Unit.onUpdate() subscription added. Total: 1
[90mstdout[2m | src/components/UserAvatar.stories.tsx[2m > [22m[2mSmall
[22m[39m[SectionContext] Section observeQuery update: 0
[90mstdout[2m | src/components/UserAvatar.stories.tsx[2m > [22m[2mSmall
[22m[39m[FilesContext] File observeQuery update: 6 files
[90mstdout[2m | src/components/UserAvatar.stories.tsx[2m > [22m[2mSmall
[22m[39m[ChatContext] AssistantChat initialized with 1 chats
[90mstdout[2m | src/components/UserAvatar.stories.tsx[2m > [22m[2mSmall
[22m[39m[ChatContext] Setting initial chat: mock-assistant-chat-1
[90mstdout[2m | src/components/UserAvatar.stories.tsx[2m > [22m[2mSmall
[22m[39m[MOCK CourseVectorStore] Initialized with mock data
[90mstdout[2m | src/components/UserAvatar.stories.tsx[2m > [22m[2mSmall
[22m[39m[FilesContext] Vector store population triggered {
  "currentVectorStoreSize": 3,
  "documentsCount": 0,
  "filesCount": 6,
  "isInitialLoad": true,
}
[90mstdout[2m | src/components/UserAvatar.stories.tsx[2m > [22m[2mSmall
[22m[39m[FilesContext] Vector store population complete - 3 total embeddings
[90mstdout[2m | src/components/UserAvatar.stories.tsx[2m > [22m[2mSmall
[22m[39m[ChatContext] Chat exists and not archived, skipping creation
[90mstdout[2m | src/components/UserAvatar.stories.tsx[2m > [22m[2mSmall
[22m[39m[Mock Storage] downloadData called with: undefined
[90mstdout[2m | src/components/UserAvatar.stories.tsx[2m > [22m[2mLarge
[22m[39m[ChatContext] Cleaning up subscriptions
[90mstdout[2m | src/components/UserAvatar.stories.tsx[2m > [22m[2mLarge
[22m[39m[Mock Data] Unit.onUpdate() subscription removed. Remaining: 0
[90mstdout[2m | src/components/UserAvatar.stories.tsx[2m > [22m[2mLarge
[22m[39m[MOCK CourseVectorStore] Initialized with mock data
[90mstdout[2m | src/components/UserAvatar.stories.tsx[2m > [22m[2mLarge
[22m[39m[TranslationModeController] Setting mode to: off
[90mstdout[2m | src/components/UserAvatar.stories.tsx[2m > [22m[2mLarge
[22m[39m[UnitContext] useEffect triggered {
  "authLoading": false,
  "hasUser": true,
  "id": "mock-unit-id",
  "userSub": "mock-user-sub",
}
[90mstdout[2m | src/components/UserAvatar.stories.tsx[2m > [22m[2mLarge
[22m[39m[UnitContext] Fetching unit data for id: mock-unit-id
[90mstdout[2m | src/components/UserAvatar.stories.tsx[2m > [22m[2mLarge
[22m[39m[FilesContext] Initializing vector store from IndexedDB
[90mstdout[2m | src/components/UserAvatar.stories.tsx[2m > [22m[2mLarge
[22m[39m[FilesContext] fetchFiles called
[90mstdout[2m | src/components/UserAvatar.stories.tsx[2m > [22m[2mLarge
[22m[39m[FilesContext] User authenticated: mock-user-sub
[90mstdout[2m | src/components/UserAvatar.stories.tsx[2m > [22m[2mLarge
[22m[39m[FilesContext] Identity ID: us-east-1:mock-identity-123
[90mstdout[2m | src/components/UserAvatar.stories.tsx[2m > [22m[2mLarge
[22m[39m[FilesContext] About to set up File observeQuery
[90mstdout[2m | src/components/UserAvatar.stories.tsx[2m > [22m[2mLarge
[22m[39m[ChatContext] Setting up AssistantChat observeQuery
[90mstdout[2m | src/components/UserAvatar.stories.tsx[2m > [22m[2mLarge
[22m[39m[ChatContext] Waiting for subscription to initialize
[90mstdout[2m | src/components/UserAvatar.stories.tsx[2m > [22m[2mLarge
[22m[39m[SettingsContext] Setting up Settings subscription for user: mock-user-sub
[90mstdout[2m | src/components/UserAvatar.stories.tsx[2m > [22m[2mLarge
[22m[39m[Mock Data] Settings created: mock-settings-1790416590250 - notified 0 subscribers
[90mstdout[2m | src/components/UserAvatar.stories.tsx[2m > [22m[2mLarge
[22m[39m[Mock Data] Unit.onUpdate() subscription added. Total: 1
[90mstdout[2m | src/components/UserAvatar.stories.tsx[2m > [22m[2mLarge
[22m[39m[SectionContext] Section observeQuery update: 0
[90mstdout[2m | src/components/UserAvatar.stories.tsx[2m > [22m[2mLarge
[22m[39m[FilesContext] File observeQuery update: 6 files
[90mstdout[2m | src/components/UserAvatar.stories.tsx[2m > [22m[2mLarge
[22m[39m[ChatContext] AssistantChat initialized with 1 chats
[90mstdout[2m | src/components/UserAvatar.stories.tsx[2m > [22m[2mLarge
[22m[39m[ChatContext] Setting initial chat: mock-assistant-chat-1
[90mstdout[2m | src/components/UserAvatar.stories.tsx[2m > [22m[2mLarge
[22m[39m[Mock Storage] downloadData called with: undefined
[90mstdout[2m | src/components/UserAvatar.stories.tsx[2m > [22m[2mLarge
[22m[39m[MOCK CourseVectorStore] Initialized with mock data
[90mstdout[2m | src/components/UserAvatar.stories.tsx[2m > [22m[2mLarge
[22m[39m[FilesContext] Vector store population triggered {
  "currentVectorStoreSize": 3,
  "documentsCount": 0,
  "filesCount": 6,
  "isInitialLoad": true,
}
[90mstdout[2m | src/components/UserAvatar.stories.tsx[2m > [22m[2mLarge
[22m[39m[FilesContext] Vector store population complete - 3 total embeddings
[90mstdout[2m | src/components/UserAvatar.stories.tsx[2m > [22m[2mLarge
[22m[39m[ChatContext] Chat exists and not archived, skipping creation
[90mstdout[2m | src/components/UserAvatar.stories.tsx[2m > [22m[2mWith Streak
[22m[39m[ChatContext] Cleaning up subscriptions
[90mstdout[2m | src/components/UserAvatar.stories.tsx[2m > [22m[2mWith Streak
[22m[39m[Mock Data] Unit.onUpdate() subscription removed. Remaining: 0
[90mstdout[2m | src/components/UserAvatar.stories.tsx[2m > [22m[2mWith Streak
[22m[39m[MOCK CourseVectorStore] Initialized with mock data
[90mstdout[2m | src/components/UserAvatar.stories.tsx[2m > [22m[2mWith Streak
[22m[39m[TranslationModeController] Setting mode to: off
[90mstdout[2m | src/components/UserAvatar.stories.tsx[2m > [22m[2mWith Streak
[22m[39m[UnitContext] useEffect triggered {
  "authLoading": false,
  "hasUser": true,
  "id": "mock-unit-id",
  "userSub": "mock-user-sub",
}
[90mstdout[2m | src/components/UserAvatar.stories.tsx[2m > [22m[2mWith Streak
[22m[39m[UnitContext] Fetching unit data for id: mock-unit-id
[90mstdout[2m | src/components/UserAvatar.stories.tsx[2m > [22m[2mWith Streak
[22m[39m[FilesContext] Initializing vector store from IndexedDB
[90mstdout[2m | src/components/UserAvatar.stories.tsx[2m > [22m[2mWith Streak
[22m[39m[FilesContext] fetchFiles called
[90mstdout[2m | src/components/UserAvatar.stories.tsx[2m > [22m[2mWith Streak
[22m[39m[FilesContext] User authenticated: mock-user-sub
[90mstdout[2m | src/components/UserAvatar.stories.tsx[2m > [22m[2mWith Streak
[22m[39m[FilesContext] Identity ID: us-east-1:mock-identity-123
[90mstdout[2m | src/components/UserAvatar.stories.tsx[2m > [22m[2mWith Streak
[22m[39m[FilesContext] About to set up File observeQuery
[90mstdout[2m | src/components/UserAvatar.stories.tsx[2m > [22m[2mWith Streak
[22m[39m[ChatContext] Setting up AssistantChat observeQuery
[90mstdout[2m | src/components/UserAvatar.stories.tsx[2m > [22m[2mWith Streak
[22m[39m[ChatContext] Waiting for subscription to initialize
[90mstdout[2m | src/components/UserAvatar.stories.tsx[2m > [22m[2mWith Streak
[22m[39m[SettingsContext] Setting up Settings subscription for user: mock-user-sub
[90mstdout[2m | src/components/UserAvatar.stories.tsx[2m > [22m[2mWith Streak
[22m[39m[Mock Data] Settings created: mock-settings-1790416590333 - notified 0 subscribers
[90mstdout[2m | src/components/UserAvatar.stories.tsx[2m > [22m[2mWith Streak
[22m[39m[Mock Data] Unit.onUpdate() subscription added. Total: 1
[90mstdout[2m | src/components/UserAvatar.stories.tsx[2m > [22m[2mWith Streak
[22m[39m[SectionContext] Section observeQuery update: 0
[90mstdout[2m | src/components/UserAvatar.stories.tsx[2m > [22m[2mWith Streak
[22m[39m[FilesContext] File observeQuery update: 6 files
[90mstdout[2m | src/components/UserAvatar.stories.tsx[2m > [22m[2mWith Streak
[22m[39m[ChatContext] AssistantChat initialized with 1 chats
[90mstdout[2m | src/components/UserAvatar.stories.tsx[2m > [22m[2mWith Streak
[22m[39m[ChatContext] Setting initial chat: mock-assistant-chat-1
[90mstdout[2m | src/components/UserAvatar.stories.tsx[2m > [22m[2mWith Streak
[22m[39m[Mock Storage] downloadData called with: undefined
[90mstdout[2m | src/components/UserAvatar.stories.tsx[2m > [22m[2mWith Streak
[22m[39m[MOCK CourseVectorStore] Initialized with mock data
[90mstdout[2m | src/components/UserAvatar.stories.tsx[2m > [22m[2mWith Streak
[22m[39m[FilesContext] Vector store population triggered {
  "currentVectorStoreSize": 3,
  "documentsCount": 0,
  "filesCount": 6,
  "isInitialLoad": true,
}
[90mstdout[2m | src/components/UserAvatar.stories.tsx[2m > [22m[2mWith Streak
[22m[39m[FilesContext] Vector store population complete - 3 total embeddings
[90mstdout[2m | src/components/UserAvatar.stories.tsx[2m > [22m[2mWith Streak
[22m[39m[ChatContext] Chat exists and not archived, skipping creation
[90mstdout[2m | src/components/UserAvatar.stories.tsx[2m > [22m[2mStreak Milestone
[22m[39m[ChatContext] Cleaning up subscriptions
[90mstdout[2m | src/components/UserAvatar.stories.tsx[2m > [22m[2mStreak Milestone
[22m[39m[Mock Data] Unit.onUpdate() subscription removed. Remaining: 0
[90mstdout[2m | src/components/UserAvatar.stories.tsx[2m > [22m[2mStreak Milestone
[22m[39m[MOCK CourseVectorStore] Initialized with mock data
[90mstdout[2m | src/components/UserAvatar.stories.tsx[2m > [22m[2mStreak Milestone
[22m[39m[TranslationModeController] Setting mode to: off
[90mstdout[2m | src/components/UserAvatar.stories.tsx[2m > [22m[2mStreak Milestone
[22m[39m[UnitContext] useEffect triggered {
  "authLoading": false,
  "hasUser": true,
  "id": "mock-unit-id",
  "userSub": "mock-user-sub",
}
[90mstdout[2m | src/components/UserAvatar.stories.tsx[2m > [22m[2mStreak Milestone
[22m[39m[UnitContext] Fetching unit data for id: mock-unit-id
[90mstdout[2m | src/components/UserAvatar.stories.tsx[2m > [22m[2mStreak Milestone
[22m[39m[FilesContext] Initializing vector store from IndexedDB
[90mstdout[2m | src/components/UserAvatar.stories.tsx[2m > [22m[2mStreak Milestone
[22m[39m[FilesContext] fetchFiles called
[90mstdout[2m | src/components/UserAvatar.stories.tsx[2m > [22m[2mStreak Milestone
[22m[39m[FilesContext] User authenticated: mock-user-sub
[90mstdout[2m | src/components/UserAvatar.stories.tsx[2m > [22m[2mStreak Milestone
[22m[39m[FilesContext] Identity ID: us-east-1:mock-identity-123
[90mstdout[2m | src/components/UserAvatar.stories.tsx[2m > [22m[2mStreak Milestone
[22m[39m[FilesContext] About to set up File observeQuery
[90mstdout[2m | src/components/UserAvatar.stories.tsx[2m > [22m[2mStreak Milestone
[22m[39m[ChatContext] Setting up AssistantChat observeQuery
[90mstdout[2m | src/components/UserAvatar.stories.tsx[2m > [22m[2mStreak Milestone
[22m[39m[ChatContext] Waiting for subscription to initialize
[90mstdout[2m | src/components/UserAvatar.stories.tsx[2m > [22m[2mStreak Milestone
[22m[39m[SettingsContext] Setting up Settings subscription for user: mock-user-sub
[90mstdout[2m | src/components/UserAvatar.stories.tsx[2m > [22m[2mStreak Milestone
[22m[39m[Mock Data] Settings created: mock-settings-1790416590431 - notified 0 subscribers
[90mstdout[2m | src/components/UserAvatar.stories.tsx[2m > [22m[2mStreak Milestone
[22m[39m[Mock Data] Unit.onUpdate() subscription added. Total: 1
[90mstdout[2m | src/components/UserAvatar.stories.tsx[2m > [22m[2mStreak Milestone
[22m[39m[SectionContext] Section observeQuery update: 0
[90mstdout[2m | src/components/UserAvatar.stories.tsx[2m > [22m[2mStreak Milestone
[22m[39m[Mock Storage] downloadData called with: undefined
[90mstdout[2m | src/components/UserAvatar.stories.tsx[2m > [22m[2mStreak Milestone
[22m[39m[FilesContext] File observeQuery update: 6 files
[90mstdout[2m | src/components/UserAvatar.stories.tsx[2m > [22m[2mStreak Milestone
[22m[39m[ChatContext] AssistantChat initialized with 1 chats
[90mstdout[2m | src/components/UserAvatar.stories.tsx[2m > [22m[2mStreak Milestone
[22m[39m[ChatContext] Setting initial chat: mock-assistant-chat-1
[90mstdout[2m | src/components/UserAvatar.stories.tsx[2m > [22m[2mStreak Milestone
[22m[39m[MOCK CourseVectorStore] Initialized with mock data
[90mstdout[2m | src/components/UserAvatar.stories.tsx[2m > [22m[2mStreak Milestone
[22m[39m[FilesContext] Vector store population triggered {
  "currentVectorStoreSize": 3,
  "documentsCount": 0,
  "filesCount": 6,
  "isInitialLoad": true,
}
[90mstdout[2m | src/components/UserAvatar.stories.tsx[2m > [22m[2mStreak Milestone
[22m[39m[FilesContext] Vector store population complete - 3 total embeddings
[90mstdout[2m | src/components/UserAvatar.stories.tsx[2m > [22m[2mStreak Milestone
[22m[39m[ChatContext] Chat exists and not archived, skipping creation
[90mstdout[2m | src/components/UserAvatar.stories.tsx[2m > [22m[2mLarge With Streak
[22m[39m[ChatContext] Cleaning up subscriptions
[90mstdout[2m | src/components/UserAvatar.stories.tsx[2m > [22m[2mLarge With Streak
[22m[39m[Mock Data] Unit.onUpdate() subscription removed. Remaining: 0
[90mstdout[2m | src/components/UserAvatar.stories.tsx[2m > [22m[2mLarge With Streak
[22m[39m[MOCK CourseVectorStore] Initialized with mock data
[90mstdout[2m | src/components/UserAvatar.stories.tsx[2m > [22m[2mLarge With Streak
[22m[39m[TranslationModeController] Setting mode to: off
[90mstdout[2m | src/components/UserAvatar.stories.tsx[2m > [22m[2mLarge With Streak
[22m[39m[UnitContext] useEffect triggered {
  "authLoading": false,
  "hasUser": true,
  "id": "mock-unit-id",
  "userSub": "mock-user-sub",
}
[90mstdout[2m | src/components/UserAvatar.stories.tsx[2m > [22m[2mLarge With Streak
[22m[39m[UnitContext] Fetching unit data for id: mock-unit-id
[90mstdout[2m | src/components/UserAvatar.stories.tsx[2m > [22m[2mLarge With Streak
[22m[39m[FilesContext] Initializing vector store from IndexedDB
[90mstdout[2m | src/components/UserAvatar.stories.tsx[2m > [22m[2mLarge With Streak
[22m[39m[FilesContext] fetchFiles called
[90mstdout[2m | src/components/UserAvatar.stories.tsx[2m > [22m[2mLarge With Streak
[22m[39m[FilesContext] User authenticated: mock-user-sub
[90mstdout[2m | src/components/UserAvatar.stories.tsx[2m > [22m[2mLarge With Streak
[22m[39m[FilesContext] Identity ID: us-east-1:mock-identity-123
[90mstdout[2m | src/components/UserAvatar.stories.tsx[2m > [22m[2mLarge With Streak
[22m[39m[FilesContext] About to set up File observeQuery
[90mstdout[2m | src/components/UserAvatar.stories.tsx[2m > [22m[2mLarge With Streak
[22m[39m[ChatContext] Setting up AssistantChat observeQuery
[90mstdout[2m | src/components/UserAvatar.stories.tsx[2m > [22m[2mLarge With Streak
[22m[39m[ChatContext] Waiting for subscription to initialize
[90mstdout[2m | src/components/UserAvatar.stories.tsx[2m > [22m[2mLarge With Streak
[22m[39m[SettingsContext] Setting up Settings subscription for user: mock-user-sub
[90mstdout[2m | src/components/UserAvatar.stories.tsx[2m > [22m[2mLarge With Streak
[22m[39m[Mock Data] Settings created: mock-settings-1790416590520 - notified 0 subscribers
[90mstdout[2m | src/components/UserAvatar.stories.tsx[2m > [22m[2mLarge With Streak
[22m[39m[Mock Data] Unit.onUpdate() subscription added. Total: 1
[90mstdout[2m | src/components/UserAvatar.stories.tsx[2m > [22m[2mLarge With Streak
[22m[39m[SectionContext] Section observeQuery update: 0
[90mstdout[2m | src/components/UserAvatar.stories.tsx[2m > [22m[2mLarge With Streak
[22m[39m[FilesContext] File observeQuery update: 6 files
[90mstdout[2m | src/components/UserAvatar.stories.tsx[2m > [22m[2mLarge With Streak
[22m[39m[ChatContext] AssistantChat initialized with 1 chats
[90mstdout[2m | src/components/UserAvatar.stories.tsx[2m > [22m[2mLarge With Streak
[22m[39m[ChatContext] Setting initial chat: mock-assistant-chat-1
[90mstdout[2m | src/components/UserAvatar.stories.tsx[2m > [22m[2mLarge With Streak
[22m[39m[Mock Storage] downloadData called with: undefined
[90mstdout[2m | src/components/UserAvatar.stories.tsx[2m > [22m[2mLarge With Streak
[22m[39m[MOCK CourseVectorStore] Initialized with mock data
[90mstdout[2m | src/components/UserAvatar.stories.tsx[2m > [22m[2mLarge With Streak
[22m[39m[FilesContext] Vector store population triggered {
  "currentVectorStoreSize": 3,
  "documentsCount": 0,
  "filesCount": 6,
  "isInitialLoad": true,
}
[90mstdout[2m | src/components/UserAvatar.stories.tsx[2m > [22m[2mLarge With Streak
[22m[39m[FilesContext] Vector store population complete - 3 total embeddings
[90mstdout[2m | src/components/UserAvatar.stories.tsx[2m > [22m[2mLarge With Streak
[22m[39m[ChatContext] Chat exists and not archived, skipping creation
[90mstdout[2m | src/components/UserAvatar.stories.tsx[2m > [22m[2mSmall With Streak
[22m[39m[ChatContext] Cleaning up subscriptions
[90mstdout[2m | src/components/UserAvatar.stories.tsx[2m > [22m[2mSmall With Streak
[22m[39m[Mock Data] Unit.onUpdate() subscription removed. Remaining: 0
[90mstdout[2m | src/components/UserAvatar.stories.tsx[2m > [22m[2mSmall With Streak
[22m[39m[MOCK CourseVectorStore] Initialized with mock data
[90mstdout[2m | src/components/UserAvatar.stories.tsx[2m > [22m[2mSmall With Streak
[22m[39m[TranslationModeController] Setting mode to: off
[90mstdout[2m | src/components/UserAvatar.stories.tsx[2m > [22m[2mSmall With Streak
[22m[39m[UnitContext] useEffect triggered {
  "authLoading": false,
  "hasUser": true,
  "id": "mock-unit-id",
  "userSub": "mock-user-sub",
}
[90mstdout[2m | src/components/UserAvatar.stories.tsx[2m > [22m[2mSmall With Streak
[22m[39m[UnitContext] Fetching unit data for id: mock-unit-id
[90mstdout[2m | src/components/UserAvatar.stories.tsx[2m > [22m[2mSmall With Streak
[22m[39m[FilesContext] Initializing vector store from IndexedDB
[90mstdout[2m | src/components/UserAvatar.stories.tsx[2m > [22m[2mSmall With Streak
[22m[39m[FilesContext] fetchFiles called
[90mstdout[2m | src/components/UserAvatar.stories.tsx[2m > [22m[2mSmall With Streak
[22m[39m[FilesContext] User authenticated: mock-user-sub
[90mstdout[2m | src/components/UserAvatar.stories.tsx[2m > [22m[2mSmall With Streak
[22m[39m[FilesContext] Identity ID: us-east-1:mock-identity-123
[90mstdout[2m | src/components/UserAvatar.stories.tsx[2m > [22m[2mSmall With Streak
[22m[39m[FilesContext] About to set up File observeQuery
[90mstdout[2m | src/components/UserAvatar.stories.tsx[2m > [22m[2mSmall With Streak
[22m[39m[ChatContext] Setting up AssistantChat observeQuery
[90mstdout[2m | src/components/UserAvatar.stories.tsx[2m > [22m[2mSmall With Streak
[22m[39m[ChatContext] Waiting for subscription to initialize
[90mstdout[2m | src/components/UserAvatar.stories.tsx[2m > [22m[2mSmall With Streak
[22m[39m[SettingsContext] Setting up Settings subscription for user: mock-user-sub
[90mstdout[2m | src/components/UserAvatar.stories.tsx[2m > [22m[2mSmall With Streak
[22m[39m[Mock Data] Settings created: mock-settings-1790416590598 - notified 0 subscribers
[90mstdout[2m | src/components/UserAvatar.stories.tsx[2m > [22m[2mSmall With Streak
[22m[39m[Mock Data] Unit.onUpdate() subscription added. Total: 1
[90mstdout[2m | src/components/UserAvatar.stories.tsx[2m > [22m[2mSmall With Streak
[22m[39m[SectionContext] Section observeQuery update: 0
[90mstdout[2m | src/components/UserAvatar.stories.tsx[2m > [22m[2mSmall With Streak
[22m[39m[FilesContext] File observeQuery update: 6 files
[90mstdout[2m | src/components/UserAvatar.stories.tsx[2m > [22m[2mSmall With Streak
[22m[39m[ChatContext] AssistantChat initialized with 1 chats
[90mstdout[2m | src/components/UserAvatar.stories.tsx[2m > [22m[2mSmall With Streak
[22m[39m[ChatContext] Setting initial chat: mock-assistant-chat-1
[90mstdout[2m | src/components/UserAvatar.stories.tsx[2m > [22m[2mSmall With Streak
[22m[39m[Mock Storage] downloadData called with: undefined
[90mstdout[2m | src/components/UserAvatar.stories.tsx[2m > [22m[2mSmall With Streak
[22m[39m[MOCK CourseVectorStore] Initialized with mock data
[90mstdout[2m | src/components/UserAvatar.stories.tsx[2m > [22m[2mSmall With Streak
[22m[39m[FilesContext] Vector store population triggered {
  "currentVectorStoreSize": 3,
  "documentsCount": 0,
  "filesCount": 6,
  "isInitialLoad": true,
}
[90mstdout[2m | src/components/UserAvatar.stories.tsx[2m > [22m[2mSmall With Streak
[22m[39m[FilesContext] Vector store population complete - 3 total embeddings
[90mstdout[2m | src/components/UserAvatar.stories.tsx[2m > [22m[2mSmall With Streak
[22m[39m[ChatContext] Chat exists and not archived, skipping creation
[90mstdout[2m | src/components/UserAvatar.stories.tsx[2m > [22m[2mZero Streak
[22m[39m[ChatContext] Cleaning up subscriptions
[90mstdout[2m | src/components/UserAvatar.stories.tsx[2m > [22m[2mZero Streak
[22m[39m[Mock Data] Unit.onUpdate() subscription removed. Remaining: 0
[90mstdout[2m | src/components/UserAvatar.stories.tsx[2m > [22m[2mZero Streak
[22m[39m[MOCK CourseVectorStore] Initialized with mock data
[90mstdout[2m | src/components/UserAvatar.stories.tsx[2m > [22m[2mZero Streak
[22m[39m[TranslationModeController] Setting mode to: off
[90mstdout[2m | src/components/UserAvatar.stories.tsx[2m > [22m[2mZero Streak
[22m[39m[UnitContext] useEffect triggered {
  "authLoading": false,
  "hasUser": true,
  "id": "mock-unit-id",
  "userSub": "mock-user-sub",
}
[90mstdout[2m | src/components/UserAvatar.stories.tsx[2m > [22m[2mZero Streak
[22m[39m[UnitContext] Fetching unit data for id: mock-unit-id
[90mstdout[2m | src/components/UserAvatar.stories.tsx[2m > [22m[2mZero Streak
[22m[39m[FilesContext] Initializing vector store from IndexedDB
[90mstdout[2m | src/components/UserAvatar.stories.tsx[2m > [22m[2mZero Streak
[22m[39m[FilesContext] fetchFiles called
[90mstdout[2m | src/components/UserAvatar.stories.tsx[2m > [22m[2mZero Streak
[22m[39m[FilesContext] User authenticated: mock-user-sub
[90mstdout[2m | src/components/UserAvatar.stories.tsx[2m > [22m[2mZero Streak
[22m[39m[FilesContext] Identity ID: us-east-1:mock-identity-123
[90mstdout[2m | src/components/UserAvatar.stories.tsx[2m > [22m[2mZero Streak
[22m[39m[FilesContext] About to set up File observeQuery
[90mstdout[2m | src/components/UserAvatar.stories.tsx[2m > [22m[2mZero Streak
[22m[39m[ChatContext] Setting up AssistantChat observeQuery
[90mstdout[2m | src/components/UserAvatar.stories.tsx[2m > [22m[2mZero Streak
[22m[39m[ChatContext] Waiting for subscription to initialize
[90mstdout[2m | src/components/UserAvatar.stories.tsx[2m > [22m[2mZero Streak
[22m[39m[SettingsContext] Setting up Settings subscription for user: mock-user-sub
[90mstdout[2m | src/components/UserAvatar.stories.tsx[2m > [22m[2mZero Streak
[22m[39m[Mock Data] Settings created: mock-settings-1790416590677 - notified 0 subscribers
[90mstdout[2m | src/components/UserAvatar.stories.tsx[2m > [22m[2mZero Streak
[22m[39m[Mock Data] Unit.onUpdate() subscription added. Total: 1
[90mstdout[2m | src/components/UserAvatar.stories.tsx[2m > [22m[2mZero Streak
[22m[39m[SectionContext] Section observeQuery update: 0
[90mstdout[2m | src/components/UserAvatar.stories.tsx[2m > [22m[2mZero Streak
[22m[39m[Mock Storage] downloadData called with: undefined
[90mstdout[2m | src/components/UserAvatar.stories.tsx[2m > [22m[2mZero Streak
[22m[39m[FilesContext] File observeQuery update: 6 files
[90mstdout[2m | src/components/UserAvatar.stories.tsx[2m > [22m[2mZero Streak
[22m[39m[ChatContext] AssistantChat initialized with 1 chats
[90mstdout[2m | src/components/UserAvatar.stories.tsx[2m > [22m[2mZero Streak
[22m[39m[ChatContext] Setting initial chat: mock-assistant-chat-1
[90mstdout[2m | src/components/UserAvatar.stories.tsx[2m > [22m[2mZero Streak
[22m[39m[MOCK CourseVectorStore] Initialized with mock data
[90mstdout[2m | src/components/UserAvatar.stories.tsx[2m > [22m[2mZero Streak
[22m[39m[FilesContext] Vector store population triggered {
  "currentVectorStoreSize": 3,
  "documentsCount": 0,
  "filesCount": 6,
  "isInitialLoad": true,
}
[90mstdout[2m | src/components/UserAvatar.stories.tsx[2m > [22m[2mZero Streak
[22m[39m[FilesContext] Vector store population complete - 3 total embeddings
[90mstdout[2m | src/components/UserAvatar.stories.tsx[2m > [22m[2mZero Streak
[22m[39m[ChatContext] Chat exists and not archived, skipping creation
[90mstdout[2m | src/components/UserAvatar.stories.tsx[2m > [22m[2mWith External Src
[22m[39m[ChatContext] Cleaning up subscriptions
[90mstdout[2m | src/components/UserAvatar.stories.tsx[2m > [22m[2mWith External Src
[22m[39m[Mock Data] Unit.onUpdate() subscription removed. Remaining: 0
[90mstdout[2m | src/components/UserAvatar.stories.tsx[2m > [22m[2mWith External Src
[22m[39m[MOCK CourseVectorStore] Initialized with mock data
[90mstdout[2m | src/components/UserAvatar.stories.tsx[2m > [22m[2mWith External Src
[22m[39m[TranslationModeController] Setting mode to: off
[90mstdout[2m | src/components/UserAvatar.stories.tsx[2m > [22m[2mWith External Src
[22m[39m[UnitContext] useEffect triggered {
  "authLoading": false,
  "hasUser": true,
  "id": "mock-unit-id",
  "userSub": "mock-user-sub",
}
[90mstdout[2m | src/components/UserAvatar.stories.tsx[2m > [22m[2mWith External Src
[22m[39m[UnitContext] Fetching unit data for id: mock-unit-id
[90mstdout[2m | src/components/UserAvatar.stories.tsx[2m > [22m[2mWith External Src
[22m[39m[FilesContext] Initializing vector store from IndexedDB
[90mstdout[2m | src/components/UserAvatar.stories.tsx[2m > [22m[2mWith External Src
[22m[39m[FilesContext] fetchFiles called
[90mstdout[2m | src/components/UserAvatar.stories.tsx[2m > [22m[2mWith External Src
[22m[39m[FilesContext] User authenticated: mock-user-sub
[90mstdout[2m | src/components/UserAvatar.stories.tsx[2m > [22m[2mWith External Src
[22m[39m[FilesContext] Identity ID: us-east-1:mock-identity-123
[90mstdout[2m | src/components/UserAvatar.stories.tsx[2m > [22m[2mWith External Src
[22m[39m[FilesContext] About to set up File observeQuery
[90mstdout[2m | src/components/UserAvatar.stories.tsx[2m > [22m[2mWith External Src
[22m[39m[ChatContext] Setting up AssistantChat observeQuery
[90mstdout[2m | src/components/UserAvatar.stories.tsx[2m > [22m[2mWith External Src
[22m[39m[ChatContext] Waiting for subscription to initialize
[90mstdout[2m | src/components/UserAvatar.stories.tsx[2m > [22m[2mWith External Src
[22m[39m[SettingsContext] Setting up Settings subscription for user: mock-user-sub
[90mstdout[2m | src/components/UserAvatar.stories.tsx[2m > [22m[2mWith External Src
[22m[39m[Mock Data] Settings created: mock-settings-1790416590764 - notified 0 subscribers
[90mstdout[2m | src/components/UserAvatar.stories.tsx[2m > [22m[2mWith External Src
[22m[39m[Mock Data] Unit.onUpdate() subscription added. Total: 1
[90mstdout[2m | src/components/UserAvatar.stories.tsx[2m > [22m[2mWith External Src
[22m[39m[SectionContext] Section observeQuery update: 0
[90mstdout[2m | src/components/UserAvatar.stories.tsx[2m > [22m[2mWith External Src
[22m[39m[FilesContext] File observeQuery update: 6 files
[90mstdout[2m | src/components/UserAvatar.stories.tsx[2m > [22m[2mWith External Src
[22m[39m[ChatContext] AssistantChat initialized with 1 chats
[90mstdout[2m | src/components/UserAvatar.stories.tsx[2m > [22m[2mWith External Src
[22m[39m[ChatContext] Setting initial chat: mock-assistant-chat-1
[90mstdout[2m | src/components/UserAvatar.stories.tsx[2m > [22m[2mWith External Src
[22m[39m[Mock Storage] downloadData called with: undefined
[90mstdout[2m | src/components/UserAvatar.stories.tsx[2m > [22m[2mWith External Src
[22m[39m[MOCK CourseVectorStore] Initialized with mock data
[90mstdout[2m | src/components/UserAvatar.stories.tsx[2m > [22m[2mWith External Src
[22m[39m[FilesContext] Vector store population triggered {
  "currentVectorStoreSize": 3,
  "documentsCount": 0,
  "filesCount": 6,
  "isInitialLoad": true,
}
[90mstdout[2m | src/components/UserAvatar.stories.tsx[2m > [22m[2mWith External Src
[22m[39m[FilesContext] Vector store population complete - 3 total embeddings
[90mstdout[2m | src/components/UserAvatar.stories.tsx[2m > [22m[2mWith External Src
[22m[39m[ChatContext] Chat exists and not archived, skipping creation
 [32m✓[39m [30m[45m storybook (chromium) [49m[39m src/components/UserAvatar.stories.tsx [2m([22m[2m9 tests[22m[2m)[22m[33m 861[2mms[22m[39m
[90mstdout[2m | unknown test
[22m[39m[MOCK vectorStoreDB.js] Module loaded - mock IndexedDB operations
[90mstdout[2m | unknown test
[22m[39m[Task Completion] DOM action listeners initialized
[90mstdout[2m | unknown test
[22m[39m[Task Completion] Auto-completion detector initialized
[90mstdout[2m | unknown test
[22m[39m[Preview] Task completion detector initialized
[90mstdout[2m | src/components/AvatarEditor.stories.tsx[2m > [22m[2mDefault
[22m[39m[MOCK CourseVectorStore] Initialized with mock data
[90mstdout[2m | src/components/AvatarEditor.stories.tsx[2m > [22m[2mDefault
[22m[39m[TranslationModeController] Setting mode to: off
[90mstdout[2m | src/components/AvatarEditor.stories.tsx[2m > [22m[2mDefault
[22m[39m[UnitContext] useEffect triggered {
  "authLoading": false,
  "hasUser": true,
  "id": "mock-unit-id",
  "userSub": "mock-user-sub",
}
[90mstdout[2m | src/components/AvatarEditor.stories.tsx[2m > [22m[2mDefault
[22m[39m[UnitContext] Fetching unit data for id: mock-unit-id
[90mstdout[2m | src/components/AvatarEditor.stories.tsx[2m > [22m[2mDefault
[22m[39m[FilesContext] Initializing vector store from IndexedDB
[90mstdout[2m | src/components/AvatarEditor.stories.tsx[2m > [22m[2mDefault
[22m[39m[FilesContext] fetchFiles called
[90mstdout[2m | src/components/AvatarEditor.stories.tsx[2m > [22m[2mDefault
[22m[39m[FilesContext] User authenticated: mock-user-sub
[90mstdout[2m | src/components/AvatarEditor.stories.tsx[2m > [22m[2mDefault
[22m[39m[FilesContext] Identity ID: us-east-1:mock-identity-123
[90mstdout[2m | src/components/AvatarEditor.stories.tsx[2m > [22m[2mDefault
[22m[39m[FilesContext] About to set up File observeQuery
[90mstdout[2m | src/components/AvatarEditor.stories.tsx[2m > [22m[2mDefault
[22m[39m[ChatContext] Setting up AssistantChat observeQuery
[90mstdout[2m | src/components/AvatarEditor.stories.tsx[2m > [22m[2mDefault
[22m[39m[ChatContext] Waiting for subscription to initialize
[90mstdout[2m | src/components/AvatarEditor.stories.tsx[2m > [22m[2mDefault
[22m[39m[SettingsContext] Setting up Settings subscription for user: mock-user-sub
[90mstdout[2m | src/components/AvatarEditor.stories.tsx[2m > [22m[2mDefault
[22m[39m[Mock Data] Settings created: mock-settings-1790416591822 - notified 0 subscribers
[90mstdout[2m | src/components/AvatarEditor.stories.tsx[2m > [22m[2mDefault
[22m[39m[Mock Data] Unit.onUpdate() subscription added. Total: 1
[90mstdout[2m | src/components/AvatarEditor.stories.tsx[2m > [22m[2mDefault
[22m[39m[SectionContext] Section observeQuery update: 0
[90mstdout[2m | src/components/AvatarEditor.stories.tsx[2m > [22m[2mDefault
[22m[39m[FilesContext] File observeQuery update: 6 files
[90mstdout[2m | src/components/AvatarEditor.stories.tsx[2m > [22m[2mDefault
[22m[39m[ChatContext] AssistantChat initialized with 1 chats
[90mstdout[2m | src/components/AvatarEditor.stories.tsx[2m > [22m[2mDefault
[22m[39m[ChatContext] Setting initial chat: mock-assistant-chat-1
[90mstdout[2m | src/components/AvatarEditor.stories.tsx[2m > [22m[2mDefault
[22m[39m[MOCK CourseVectorStore] Initialized with mock data
[90mstdout[2m | src/components/AvatarEditor.stories.tsx[2m > [22m[2mDefault
[22m[39m[FilesContext] Vector store population triggered {
  "currentVectorStoreSize": 3,
  "documentsCount": 0,
  "filesCount": 6,
  "isInitialLoad": true,
}
[90mstdout[2m | src/components/AvatarEditor.stories.tsx[2m > [22m[2mDefault
[22m[39m[FilesContext] Vector store population complete - 3 total embeddings
[90mstdout[2m | src/components/AvatarEditor.stories.tsx[2m > [22m[2mDefault
[22m[39m[ChatContext] Chat exists and not archived, skipping creation
[90mstdout[2m | src/components/AvatarEditor.stories.tsx[2m > [22m[2mDefault
[22m[39m[Mock Storage] downloadData called with: undefined
[90mstdout[2m | src/components/AvatarEditor.stories.tsx[2m > [22m[2mLevel 1
[22m[39m[ChatContext] Cleaning up subscriptions
[90mstdout[2m | src/components/AvatarEditor.stories.tsx[2m > [22m[2mLevel 1
[22m[39m[Mock Data] Unit.onUpdate() subscription removed. Remaining: 0
[90mstdout[2m | src/components/AvatarEditor.stories.tsx[2m > [22m[2mLevel 1
[22m[39m[MOCK CourseVectorStore] Initialized with mock data
[90mstdout[2m | src/components/AvatarEditor.stories.tsx[2m > [22m[2mLevel 1
[22m[39m[TranslationModeController] Setting mode to: off
[90mstdout[2m | src/components/AvatarEditor.stories.tsx[2m > [22m[2mLevel 1
[22m[39m[UnitContext] useEffect triggered {
  "authLoading": false,
  "hasUser": true,
  "id": "mock-unit-id",
  "userSub": "mock-user-sub",
}
[90mstdout[2m | src/components/AvatarEditor.stories.tsx[2m > [22m[2mLevel 1
[22m[39m[UnitContext] Fetching unit data for id: mock-unit-id
[90mstdout[2m | src/components/AvatarEditor.stories.tsx[2m > [22m[2mLevel 1
[22m[39m[FilesContext] Initializing vector store from IndexedDB
[90mstdout[2m | src/components/AvatarEditor.stories.tsx[2m > [22m[2mLevel 1
[22m[39m[FilesContext] fetchFiles called
[90mstdout[2m | src/components/AvatarEditor.stories.tsx[2m > [22m[2mLevel 1
[22m[39m[FilesContext] User authenticated: mock-user-sub
[90mstdout[2m | src/components/AvatarEditor.stories.tsx[2m > [22m[2mLevel 1
[22m[39m[FilesContext] Identity ID: us-east-1:mock-identity-123
[90mstdout[2m | src/components/AvatarEditor.stories.tsx[2m > [22m[2mLevel 1
[22m[39m[FilesContext] About to set up File observeQuery
[90mstdout[2m | src/components/AvatarEditor.stories.tsx[2m > [22m[2mLevel 1
[22m[39m[ChatContext] Setting up AssistantChat observeQuery
[90mstdout[2m | src/components/AvatarEditor.stories.tsx[2m > [22m[2mLevel 1
[22m[39m[ChatContext] Waiting for subscription to initialize
[90mstdout[2m | src/components/AvatarEditor.stories.tsx[2m > [22m[2mLevel 1
[22m[39m[SettingsContext] Setting up Settings subscription for user: mock-user-sub
[90mstdout[2m | src/components/AvatarEditor.stories.tsx[2m > [22m[2mLevel 1
[22m[39m[Mock Data] Settings created: mock-settings-1790416592051 - notified 0 subscribers
[90mstdout[2m | src/components/AvatarEditor.stories.tsx[2m > [22m[2mLevel 1
[22m[39m[Mock Data] Unit.onUpdate() subscription added. Total: 1
[90mstdout[2m | src/components/AvatarEditor.stories.tsx[2m > [22m[2mLevel 1
[22m[39m[SectionContext] Section observeQuery update: 0
[90mstdout[2m | src/components/AvatarEditor.stories.tsx[2m > [22m[2mLevel 1
[22m[39m[FilesContext] File observeQuery update: 6 files
[90mstdout[2m | src/components/AvatarEditor.stories.tsx[2m > [22m[2mLevel 1
[22m[39m[ChatContext] AssistantChat initialized with 1 chats
[90mstdout[2m | src/components/AvatarEditor.stories.tsx[2m > [22m[2mLevel 1
[22m[39m[ChatContext] Setting initial chat: mock-assistant-chat-1
[90mstdout[2m | src/components/AvatarEditor.stories.tsx[2m > [22m[2mLevel 1
[22m[39m[MOCK CourseVectorStore] Initialized with mock data
[90mstdout[2m | src/components/AvatarEditor.stories.tsx[2m > [22m[2mLevel 1
[22m[39m[FilesContext] Vector store population triggered {
  "currentVectorStoreSize": 3,
  "documentsCount": 0,
  "filesCount": 6,
  "isInitialLoad": true,
}
[90mstdout[2m | src/components/AvatarEditor.stories.tsx[2m > [22m[2mLevel 1
[22m[39m[FilesContext] Vector store population complete - 3 total embeddings
[90mstdout[2m | src/components/AvatarEditor.stories.tsx[2m > [22m[2mLevel 1
[22m[39m[ChatContext] Chat exists and not archived, skipping creation
[90mstdout[2m | src/components/AvatarEditor.stories.tsx[2m > [22m[2mLevel 1
[22m[39m[Mock Storage] downloadData called with: undefined
[90mstdout[2m | src/components/AvatarEditor.stories.tsx[2m > [22m[2mLevel 2 Detailed
[22m[39m[ChatContext] Cleaning up subscriptions
[90mstdout[2m | src/components/AvatarEditor.stories.tsx[2m > [22m[2mLevel 2 Detailed
[22m[39m[Mock Data] Unit.onUpdate() subscription removed. Remaining: 0
[90mstdout[2m | src/components/AvatarEditor.stories.tsx[2m > [22m[2mLevel 2 Detailed
[22m[39m[MOCK CourseVectorStore] Initialized with mock data
[90mstdout[2m | src/components/AvatarEditor.stories.tsx[2m > [22m[2mLevel 2 Detailed
[22m[39m[TranslationModeController] Setting mode to: off
[90mstdout[2m | src/components/AvatarEditor.stories.tsx[2m > [22m[2mLevel 2 Detailed
[22m[39m[UnitContext] useEffect triggered {
  "authLoading": false,
  "hasUser": true,
  "id": "mock-unit-id",
  "userSub": "mock-user-sub",
}
[90mstdout[2m | src/components/AvatarEditor.stories.tsx[2m > [22m[2mLevel 2 Detailed
[22m[39m[UnitContext] Fetching unit data for id: mock-unit-id
[90mstdout[2m | src/components/AvatarEditor.stories.tsx[2m > [22m[2mLevel 2 Detailed
[22m[39m[FilesContext] Initializing vector store from IndexedDB
[90mstdout[2m | src/components/AvatarEditor.stories.tsx[2m > [22m[2mLevel 2 Detailed
[22m[39m[FilesContext] fetchFiles called
[90mstdout[2m | src/components/AvatarEditor.stories.tsx[2m > [22m[2mLevel 2 Detailed
[22m[39m[FilesContext] User authenticated: mock-user-sub
[90mstdout[2m | src/components/AvatarEditor.stories.tsx[2m > [22m[2mLevel 2 Detailed
[22m[39m[FilesContext] Identity ID: us-east-1:mock-identity-123
[90mstdout[2m | src/components/AvatarEditor.stories.tsx[2m > [22m[2mLevel 2 Detailed
[22m[39m[FilesContext] About to set up File observeQuery
[90mstdout[2m | src/components/AvatarEditor.stories.tsx[2m > [22m[2mLevel 2 Detailed
[22m[39m[ChatContext] Setting up AssistantChat observeQuery
[90mstdout[2m | src/components/AvatarEditor.stories.tsx[2m > [22m[2mLevel 2 Detailed
[22m[39m[ChatContext] Waiting for subscription to initialize
[90mstdout[2m | src/components/AvatarEditor.stories.tsx[2m > [22m[2mLevel 2 Detailed
[22m[39m[SettingsContext] Setting up Settings subscription for user: mock-user-sub
[90mstdout[2m | src/components/AvatarEditor.stories.tsx[2m > [22m[2mLevel 2 Detailed
[22m[39m[Mock Data] Settings created: mock-settings-1790416592180 - notified 0 subscribers
[90mstdout[2m | src/components/AvatarEditor.stories.tsx[2m > [22m[2mLevel 2 Detailed
[22m[39m[Mock Data] Unit.onUpdate() subscription added. Total: 1
[90mstdout[2m | src/components/AvatarEditor.stories.tsx[2m > [22m[2mLevel 2 Detailed
[22m[39m[SectionContext] Section observeQuery update: 0
[90mstdout[2m | src/components/AvatarEditor.stories.tsx[2m > [22m[2mLevel 2 Detailed
[22m[39m[FilesContext] File observeQuery update: 6 files
[90mstdout[2m | src/components/AvatarEditor.stories.tsx[2m > [22m[2mLevel 2 Detailed
[22m[39m[ChatContext] AssistantChat initialized with 1 chats
[90mstdout[2m | src/components/AvatarEditor.stories.tsx[2m > [22m[2mLevel 2 Detailed
[22m[39m[ChatContext] Setting initial chat: mock-assistant-chat-1
[90mstdout[2m | src/components/AvatarEditor.stories.tsx[2m > [22m[2mLevel 2 Detailed
[22m[39m[MOCK CourseVectorStore] Initialized with mock data
[90mstdout[2m | src/components/AvatarEditor.stories.tsx[2m > [22m[2mLevel 2 Detailed
[22m[39m[FilesContext] Vector store population triggered {
  "currentVectorStoreSize": 3,
  "documentsCount": 0,
  "filesCount": 6,
  "isInitialLoad": true,
}
[90mstdout[2m | src/components/AvatarEditor.stories.tsx[2m > [22m[2mLevel 2 Detailed
[22m[39m[FilesContext] Vector store population complete - 3 total embeddings
[90mstdout[2m | src/components/AvatarEditor.stories.tsx[2m > [22m[2mLevel 2 Detailed
[22m[39m[ChatContext] Chat exists and not archived, skipping creation
[90mstdout[2m | src/components/AvatarEditor.stories.tsx[2m > [22m[2mLevel 2 Detailed
[22m[39m[Mock Storage] downloadData called with: undefined
[90mstdout[2m | src/components/AvatarEditor.stories.tsx[2m > [22m[2mLevel 3 Toon Head
[22m[39m[ChatContext] Cleaning up subscriptions
[90mstdout[2m | src/components/AvatarEditor.stories.tsx[2m > [22m[2mLevel 3 Toon Head
[22m[39m[Mock Data] Unit.onUpdate() subscription removed. Remaining: 0
[90mstdout[2m | src/components/AvatarEditor.stories.tsx[2m > [22m[2mLevel 3 Toon Head
[22m[39m[MOCK CourseVectorStore] Initialized with mock data
[90mstdout[2m | src/components/AvatarEditor.stories.tsx[2m > [22m[2mLevel 3 Toon Head
[22m[39m[TranslationModeController] Setting mode to: off
[90mstdout[2m | src/components/AvatarEditor.stories.tsx[2m > [22m[2mLevel 3 Toon Head
[22m[39m[UnitContext] useEffect triggered {
  "authLoading": false,
  "hasUser": true,
  "id": "mock-unit-id",
  "userSub": "mock-user-sub",
}
[90mstdout[2m | src/components/AvatarEditor.stories.tsx[2m > [22m[2mLevel 3 Toon Head
[22m[39m[UnitContext] Fetching unit data for id: mock-unit-id
[90mstdout[2m | src/components/AvatarEditor.stories.tsx[2m > [22m[2mLevel 3 Toon Head
[22m[39m[FilesContext] Initializing vector store from IndexedDB
[90mstdout[2m | src/components/AvatarEditor.stories.tsx[2m > [22m[2mLevel 3 Toon Head
[22m[39m[FilesContext] fetchFiles called
[90mstdout[2m | src/components/AvatarEditor.stories.tsx[2m > [22m[2mLevel 3 Toon Head
[22m[39m[FilesContext] User authenticated: mock-user-sub
[90mstdout[2m | src/components/AvatarEditor.stories.tsx[2m > [22m[2mLevel 3 Toon Head
[22m[39m[FilesContext] Identity ID: us-east-1:mock-identity-123
[90mstdout[2m | src/components/AvatarEditor.stories.tsx[2m > [22m[2mLevel 3 Toon Head
[22m[39m[FilesContext] About to set up File observeQuery
[90mstdout[2m | src/components/AvatarEditor.stories.tsx[2m > [22m[2mLevel 3 Toon Head
[22m[39m[ChatContext] Setting up AssistantChat observeQuery
[90mstdout[2m | src/components/AvatarEditor.stories.tsx[2m > [22m[2mLevel 3 Toon Head
[22m[39m[ChatContext] Waiting for subscription to initialize
[90mstdout[2m | src/components/AvatarEditor.stories.tsx[2m > [22m[2mLevel 3 Toon Head
[22m[39m[SettingsContext] Setting up Settings subscription for user: mock-user-sub
[90mstdout[2m | src/components/AvatarEditor.stories.tsx[2m > [22m[2mLevel 3 Toon Head
[22m[39m[Mock Data] Settings created: mock-settings-1790416592298 - notified 0 subscribers
[90mstdout[2m | src/components/AvatarEditor.stories.tsx[2m > [22m[2mLevel 3 Toon Head
[22m[39m[Mock Data] Unit.onUpdate() subscription added. Total: 1
[90mstdout[2m | src/components/AvatarEditor.stories.tsx[2m > [22m[2mLevel 3 Toon Head
[22m[39m[SectionContext] Section observeQuery update: 0
[90mstdout[2m | src/components/AvatarEditor.stories.tsx[2m > [22m[2mLevel 3 Toon Head
[22m[39m[FilesContext] File observeQuery update: 6 files
[90mstdout[2m | src/components/AvatarEditor.stories.tsx[2m > [22m[2mLevel 3 Toon Head
[22m[39m[ChatContext] AssistantChat initialized with 1 chats
[90mstdout[2m | src/components/AvatarEditor.stories.tsx[2m > [22m[2mLevel 3 Toon Head
[22m[39m[ChatContext] Setting initial chat: mock-assistant-chat-1
[90mstdout[2m | src/components/AvatarEditor.stories.tsx[2m > [22m[2mLevel 3 Toon Head
[22m[39m[MOCK CourseVectorStore] Initialized with mock data
[90mstdout[2m | src/components/AvatarEditor.stories.tsx[2m > [22m[2mLevel 3 Toon Head
[22m[39m[FilesContext] Vector store population triggered {
  "currentVectorStoreSize": 3,
  "documentsCount": 0,
  "filesCount": 6,
  "isInitialLoad": true,
}
[90mstdout[2m | src/components/AvatarEditor.stories.tsx[2m > [22m[2mLevel 3 Toon Head
[22m[39m[FilesContext] Vector store population complete - 3 total embeddings
[90mstdout[2m | src/components/AvatarEditor.stories.tsx[2m > [22m[2mLevel 3 Toon Head
[22m[39m[ChatContext] Chat exists and not archived, skipping creation
[90mstdout[2m | src/components/AvatarEditor.stories.tsx[2m > [22m[2mLevel 3 Toon Head
[22m[39m[Mock Storage] downloadData called with: undefined
[90mstdout[2m | src/components/AvatarEditor.stories.tsx[2m > [22m[2mWith Overrides
[22m[39m[ChatContext] Cleaning up subscriptions
[90mstdout[2m | src/components/AvatarEditor.stories.tsx[2m > [22m[2mWith Overrides
[22m[39m[Mock Data] Unit.onUpdate() subscription removed. Remaining: 0
[90mstdout[2m | src/components/AvatarEditor.stories.tsx[2m > [22m[2mWith Overrides
[22m[39m[MOCK CourseVectorStore] Initialized with mock data
[90mstdout[2m | src/components/AvatarEditor.stories.tsx[2m > [22m[2mWith Overrides
[22m[39m[TranslationModeController] Setting mode to: off
[90mstdout[2m | src/components/AvatarEditor.stories.tsx[2m > [22m[2mWith Overrides
[22m[39m[UnitContext] useEffect triggered {
  "authLoading": false,
  "hasUser": true,
  "id": "mock-unit-id",
  "userSub": "mock-user-sub",
}
[90mstdout[2m | src/components/AvatarEditor.stories.tsx[2m > [22m[2mWith Overrides
[22m[39m[UnitContext] Fetching unit data for id: mock-unit-id
[90mstdout[2m | src/components/AvatarEditor.stories.tsx[2m > [22m[2mWith Overrides
[22m[39m[FilesContext] Initializing vector store from IndexedDB
[90mstdout[2m | src/components/AvatarEditor.stories.tsx[2m > [22m[2mWith Overrides
[22m[39m[FilesContext] fetchFiles called
[90mstdout[2m | src/components/AvatarEditor.stories.tsx[2m > [22m[2mWith Overrides
[22m[39m[FilesContext] User authenticated: mock-user-sub
[90mstdout[2m | src/components/AvatarEditor.stories.tsx[2m > [22m[2mWith Overrides
[22m[39m[FilesContext] Identity ID: us-east-1:mock-identity-123
[90mstdout[2m | src/components/AvatarEditor.stories.tsx[2m > [22m[2mWith Overrides
[22m[39m[FilesContext] About to set up File observeQuery
[90mstdout[2m | src/components/AvatarEditor.stories.tsx[2m > [22m[2mWith Overrides
[22m[39m[ChatContext] Setting up AssistantChat observeQuery
[90mstdout[2m | src/components/AvatarEditor.stories.tsx[2m > [22m[2mWith Overrides
[22m[39m[ChatContext] Waiting for subscription to initialize
[90mstdout[2m | src/components/AvatarEditor.stories.tsx[2m > [22m[2mWith Overrides
[22m[39m[SettingsContext] Setting up Settings subscription for user: mock-user-sub
[90mstdout[2m | src/components/AvatarEditor.stories.tsx[2m > [22m[2mWith Overrides
[22m[39m[Mock Data] Settings created: mock-settings-1790416592427 - notified 0 subscribers
[90mstdout[2m | src/components/AvatarEditor.stories.tsx[2m > [22m[2mWith Overrides
[22m[39m[Mock Data] Unit.onUpdate() subscription added. Total: 1
[90mstdout[2m | src/components/AvatarEditor.stories.tsx[2m > [22m[2mWith Overrides
[22m[39m[SectionContext] Section observeQuery update: 0
[90mstdout[2m | src/components/AvatarEditor.stories.tsx[2m > [22m[2mWith Overrides
[22m[39m[FilesContext] File observeQuery update: 6 files
[90mstdout[2m | src/components/AvatarEditor.stories.tsx[2m > [22m[2mWith Overrides
[22m[39m[ChatContext] AssistantChat initialized with 1 chats
[90mstdout[2m | src/components/AvatarEditor.stories.tsx[2m > [22m[2mWith Overrides
[22m[39m[ChatContext] Setting initial chat: mock-assistant-chat-1
[90mstdout[2m | src/components/AvatarEditor.stories.tsx[2m > [22m[2mWith Overrides
[22m[39m[MOCK CourseVectorStore] Initialized with mock data
[90mstdout[2m | src/components/AvatarEditor.stories.tsx[2m > [22m[2mWith Overrides
[22m[39m[FilesContext] Vector store population triggered {
  "currentVectorStoreSize": 3,
  "documentsCount": 0,
  "filesCount": 6,
  "isInitialLoad": true,
}
[90mstdout[2m | src/components/AvatarEditor.stories.tsx[2m > [22m[2mWith Overrides
[22m[39m[FilesContext] Vector store population complete - 3 total embeddings
[90mstdout[2m | src/components/AvatarEditor.stories.tsx[2m > [22m[2mWith Overrides
[22m[39m[ChatContext] Chat exists and not archived, skipping creation
[90mstdout[2m | src/components/AvatarEditor.stories.tsx[2m > [22m[2mWith Overrides
[22m[39m[Mock Storage] downloadData called with: undefined
 [32m✓[39m [30m[45m storybook (chromium) [49m[39m src/components/AvatarEditor.stories.tsx [2m([22m[2m5 tests[22m[2m)[22m[33m 814[2mms[22m[39m
   [33m[2m✓[22m[39m Default [33m 326[2mms[22m[39m
[90mstdout[2m | unknown test
[22m[39m[MOCK vectorStoreDB.js] Module loaded - mock IndexedDB operations
[90mstdout[2m | unknown test
[22m[39m[Task Completion] DOM action listeners initialized
[90mstdout[2m | unknown test
[22m[39m[Task Completion] Auto-completion detector initialized
[90mstdout[2m | unknown test
[22m[39m[Preview] Task completion detector initialized
[90mstdout[2m | src/components/Gamification/ArmoriaShield.stories.tsx[2m > [22m[2mFallback Initials
[22m[39m[TranslationModeController] Setting mode to: off
[90mstdout[2m | src/components/Gamification/ArmoriaShield.stories.tsx[2m > [22m[2mUnlocked No Design
[22m[39m[TranslationModeController] Setting mode to: off
[90mstdout[2m | src/components/Gamification/ArmoriaShield.stories.tsx[2m > [22m[2mCustom Crest
[22m[39m[TranslationModeController] Setting mode to: off
[90mstdout[2m | src/components/Gamification/ArmoriaShield.stories.tsx[2m > [22m[2mLarge Size
[22m[39m[TranslationModeController] Setting mode to: off
 [32m✓[39m [30m[45m storybook (chromium) [49m[39m src/components/Gamification/ArmoriaShield.stories.tsx [2m([22m[2m4 tests[22m[2m)[22m[33m 396[2mms[22m[39m
[90mstdout[2m | unknown test
[22m[39m[MOCK vectorStoreDB.js] Module loaded - mock IndexedDB operations
[90mstdout[2m | unknown test
[22m[39m[Task Completion] DOM action listeners initialized
[90mstdout[2m | unknown test
[22m[39m[Task Completion] Auto-completion detector initialized
[90mstdout[2m | unknown test
[22m[39m[Preview] Task completion detector initialized
[90mstdout[2m | src/components/NotificationBadge.stories.tsx[2m > [22m[2mNo Unseen (Hidden)
[22m[39m[TranslationModeController] Setting mode to: off
[90mstdout[2m | src/components/NotificationBadge.stories.tsx[2m > [22m[2m3 Unseen
[22m[39m[TranslationModeController] Setting mode to: off
[90mstdout[2m | src/components/NotificationBadge.stories.tsx[2m > [22m[2m99+ Unseen
[22m[39m[TranslationModeController] Setting mode to: off
[90mstdout[2m | src/components/NotificationBadge.stories.tsx[2m > [22m[2mCategory-Filtered Badges
[22m[39m[TranslationModeController] Setting mode to: off
 [32m✓[39m [30m[45m storybook (chromium) [49m[39m src/components/NotificationBadge.stories.tsx [2m([22m[2m4 tests[22m[2m)[22m[33m 336[2mms[22m[39m
[90mstdout[2m | unknown test
[22m[39m[MOCK vectorStoreDB.js] Module loaded - mock IndexedDB operations
[90mstdout[2m | unknown test
[22m[39m[Task Completion] DOM action listeners initialized
[90mstdout[2m | unknown test
[22m[39m[Task Completion] Auto-completion detector initialized
[90mstdout[2m | unknown test
[22m[39m[Preview] Task completion detector initialized
[90mstdout[2m | src/components/Editor3/plugins/ImagesPlugin.stories.jsx[2m > [22m[2mEditable Empty
[22m[39m[Preview] Skipped initializing default mock data (initializeMockData=false)
[90mstdout[2m | src/components/Editor3/plugins/ImagesPlugin.stories.jsx[2m > [22m[2mEditable Empty
[22m[39m[Mock Data] seedMockUnit: Adding unit images-plugin-story-unit
[90mstdout[2m | src/components/Editor3/plugins/ImagesPlugin.stories.jsx[2m > [22m[2mEditable Empty
[22m[39m[MOCK CourseVectorStore] Initialized with mock data
[90mstdout[2m | src/components/Editor3/plugins/ImagesPlugin.stories.jsx[2m > [22m[2mEditable Empty
[22m[39m[TranslationModeController] Setting mode to: off
[90mstdout[2m | src/components/Editor3/plugins/ImagesPlugin.stories.jsx[2m > [22m[2mEditable Empty
[22m[39m[UnitContext] useEffect triggered {
  "authLoading": false,
  "hasUser": true,
  "id": "images-plugin-story-unit",
  "userSub": "mock-user-sub",
}
[90mstdout[2m | src/components/Editor3/plugins/ImagesPlugin.stories.jsx[2m > [22m[2mEditable Empty
[22m[39m[UnitContext] Fetching unit data for id: images-plugin-story-unit
[90mstdout[2m | src/components/Editor3/plugins/ImagesPlugin.stories.jsx[2m > [22m[2mEditable Empty
[22m[39m[FilesContext] Initializing vector store from IndexedDB
[90mstdout[2m | src/components/Editor3/plugins/ImagesPlugin.stories.jsx[2m > [22m[2mEditable Empty
[22m[39m[FilesContext] fetchFiles called
[90mstdout[2m | src/components/Editor3/plugins/ImagesPlugin.stories.jsx[2m > [22m[2mEditable Empty
[22m[39m[FilesContext] User authenticated: mock-user-sub
[90mstdout[2m | src/components/Editor3/plugins/ImagesPlugin.stories.jsx[2m > [22m[2mEditable Empty
[22m[39m[FilesContext] Identity ID: us-east-1:mock-identity-123
[90mstdout[2m | src/components/Editor3/plugins/ImagesPlugin.stories.jsx[2m > [22m[2mEditable Empty
[22m[39m[FilesContext] About to set up File observeQuery
[90mstdout[2m | src/components/Editor3/plugins/ImagesPlugin.stories.jsx[2m > [22m[2mEditable Empty
[22m[39m[ChatContext] Setting up AssistantChat observeQuery
[90mstdout[2m | src/components/Editor3/plugins/ImagesPlugin.stories.jsx[2m > [22m[2mEditable Empty
[22m[39m[ChatContext] Waiting for subscription to initialize
[90mstdout[2m | src/components/Editor3/plugins/ImagesPlugin.stories.jsx[2m > [22m[2mEditable Empty
[22m[39m[SettingsContext] Setting up Settings subscription for user: mock-user-sub
[90mstdout[2m | src/components/Editor3/plugins/ImagesPlugin.stories.jsx[2m > [22m[2mEditable Empty
[22m[39m[Mock Data] Settings created: mock-settings-1790416597155 - notified 0 subscribers
[90mstdout[2m | src/components/Editor3/plugins/ImagesPlugin.stories.jsx[2m > [22m[2mEditable Empty
[22m[39m[Mock Data] Unit.onUpdate() subscription added. Total: 1
[90mstdout[2m | src/components/Editor3/plugins/ImagesPlugin.stories.jsx[2m > [22m[2mEditable Empty
[22m[39m[SectionContext] Section observeQuery update: 0
[90mstdout[2m | src/components/Editor3/plugins/ImagesPlugin.stories.jsx[2m > [22m[2mEditable Empty
[22m[39m[FilesContext] File observeQuery update: 0 files
[90mstdout[2m | src/components/Editor3/plugins/ImagesPlugin.stories.jsx[2m > [22m[2mEditable Empty
[22m[39m[ChatContext] AssistantChat initialized with 0 chats
[90mstdout[2m | src/components/Editor3/plugins/ImagesPlugin.stories.jsx[2m > [22m[2mEditable Empty
[22m[39m[MOCK CourseVectorStore] Initialized with mock data
[90mstdout[2m | src/components/Editor3/plugins/ImagesPlugin.stories.jsx[2m > [22m[2mEditable Empty
[22m[39m[ChatContext] No current chat available, will create one
[90mstdout[2m | src/components/Editor3/plugins/ImagesPlugin.stories.jsx[2m > [22m[2mEditable Empty
[22m[39m[ChatContext] Creating AssistantChat with user: undefined
[90mstdout[2m | src/components/Editor3/plugins/ImagesPlugin.stories.jsx[2m > [22m[2mEditable Empty
[22m[39m[Mock Data] AssistantChat created: mock-assistantchat-1790416597164 - notified 1 subscribers
[90mstdout[2m | src/components/Editor3/plugins/ImagesPlugin.stories.jsx[2m > [22m[2mEditable Empty
[22m[39m[ChatContext] Create result: {
  "data": {
    "_version": 1,
    "archived": false,
    "chatFiles": [Function anonymous],
    "createdAt": "2026-09-26T09:56:37.164Z",
    "id": "mock-assistantchat-1790416597164",
    "model": "gpt-4",
    "updatedAt": "2026-09-26T09:56:37.164Z",
  },
  "errors": [],
  "hasData": true,
  "hasErrors": true,
}
[90mstdout[2m | src/components/Editor3/plugins/ImagesPlugin.stories.jsx[2m > [22m[2mEditable Empty
[22m[39m[ChatContext] Created AssistantChat: mock-assistantchat-1790416597164 at: 2026-09-26T09:56:37.164Z
[90mstdout[2m | src/components/Editor3/plugins/ImagesPlugin.stories.jsx[2m > [22m[2mEditable Empty
[22m[39m[Mock Storage] downloadData called with: undefined
[90mstdout[2m | src/components/Editor3/plugins/ImagesPlugin.stories.jsx[2m > [22m[2mEditable Empty
[22m[39m[ChatContext] Setting initial chat: mock-assistantchat-1790416597164
[90mstdout[2m | src/components/Editor3/plugins/ImagesPlugin.stories.jsx[2m > [22m[2mEditable Empty
[22m[39m[ChatContext] Chat exists and not archived, skipping creation
[90mstdout[2m | src/components/Editor3/plugins/ImagesPlugin.stories.jsx[2m > [22m[2mEditable With Image
[22m[39m[ChatContext] Cleaning up subscriptions
[90mstdout[2m | src/components/Editor3/plugins/ImagesPlugin.stories.jsx[2m > [22m[2mEditable With Image
[22m[39m[Mock Data] Unit.onUpdate() subscription removed. Remaining: 0
[90mstdout[2m | src/components/Editor3/plugins/ImagesPlugin.stories.jsx[2m > [22m[2mEditable With Image
[22m[39m[Preview] Skipped initializing default mock data (initializeMockData=false)
[90mstdout[2m | src/components/Editor3/plugins/ImagesPlugin.stories.jsx[2m > [22m[2mEditable With Image
[22m[39m[Mock Data] seedMockUnit: Adding unit images-plugin-story-unit
[90mstdout[2m | src/components/Editor3/plugins/ImagesPlugin.stories.jsx[2m > [22m[2mEditable With Image
[22m[39m[MOCK CourseVectorStore] Initialized with mock data
[90mstdout[2m | src/components/Editor3/plugins/ImagesPlugin.stories.jsx[2m > [22m[2mEditable With Image
[22m[39m[TranslationModeController] Setting mode to: off
[90mstdout[2m | src/components/Editor3/plugins/ImagesPlugin.stories.jsx[2m > [22m[2mEditable With Image
[22m[39m[UnitContext] useEffect triggered {
  "authLoading": false,
  "hasUser": true,
  "id": "images-plugin-story-unit",
  "userSub": "mock-user-sub",
}
[90mstdout[2m | src/components/Editor3/plugins/ImagesPlugin.stories.jsx[2m > [22m[2mEditable With Image
[22m[39m[UnitContext] Fetching unit data for id: images-plugin-story-unit
[90mstdout[2m | src/components/Editor3/plugins/ImagesPlugin.stories.jsx[2m > [22m[2mEditable With Image
[22m[39m[FilesContext] Initializing vector store from IndexedDB
[90mstdout[2m | src/components/Editor3/plugins/ImagesPlugin.stories.jsx[2m > [22m[2mEditable With Image
[22m[39m[FilesContext] fetchFiles called
[90mstdout[2m | src/components/Editor3/plugins/ImagesPlugin.stories.jsx[2m > [22m[2mEditable With Image
[22m[39m[FilesContext] User authenticated: mock-user-sub
[90mstdout[2m | src/components/Editor3/plugins/ImagesPlugin.stories.jsx[2m > [22m[2mEditable With Image
[22m[39m[FilesContext] Identity ID: us-east-1:mock-identity-123
[90mstdout[2m | src/components/Editor3/plugins/ImagesPlugin.stories.jsx[2m > [22m[2mEditable With Image
[22m[39m[FilesContext] About to set up File observeQuery
[90mstdout[2m | src/components/Editor3/plugins/ImagesPlugin.stories.jsx[2m > [22m[2mEditable With Image
[22m[39m[ChatContext] Setting up AssistantChat observeQuery
[90mstdout[2m | src/components/Editor3/plugins/ImagesPlugin.stories.jsx[2m > [22m[2mEditable With Image
[22m[39m[ChatContext] Waiting for subscription to initialize
[90mstdout[2m | src/components/Editor3/plugins/ImagesPlugin.stories.jsx[2m > [22m[2mEditable With Image
[22m[39m[SettingsContext] Setting up Settings subscription for user: mock-user-sub
[90mstdout[2m | src/components/Editor3/plugins/ImagesPlugin.stories.jsx[2m > [22m[2mEditable With Image
[22m[39m[Mock Data] Settings created: mock-settings-1790416597309 - notified 0 subscribers
[90mstdout[2m | src/components/Editor3/plugins/ImagesPlugin.stories.jsx[2m > [22m[2mEditable With Image
[22m[39m[Mock Data] Unit.onUpdate() subscription added. Total: 1
[90mstdout[2m | src/components/Editor3/plugins/ImagesPlugin.stories.jsx[2m > [22m[2mEditable With Image
[22m[39m[SectionContext] Section observeQuery update: 0
[90mstdout[2m | src/components/Editor3/plugins/ImagesPlugin.stories.jsx[2m > [22m[2mEditable With Image
[22m[39m[FilesContext] File observeQuery update: 0 files
[90mstdout[2m | src/components/Editor3/plugins/ImagesPlugin.stories.jsx[2m > [22m[2mEditable With Image
[22m[39m[ChatContext] AssistantChat initialized with 0 chats
[90mstdout[2m | src/components/Editor3/plugins/ImagesPlugin.stories.jsx[2m > [22m[2mEditable With Image
[22m[39m[Mock Storage] downloadData called with: undefined
[90mstdout[2m | src/components/Editor3/plugins/ImagesPlugin.stories.jsx[2m > [22m[2mEditable With Image
[22m[39m[MOCK CourseVectorStore] Initialized with mock data
[90mstdout[2m | src/components/Editor3/plugins/ImagesPlugin.stories.jsx[2m > [22m[2mEditable With Image
[22m[39m[ChatContext] No current chat available, will create one
[90mstdout[2m | src/components/Editor3/plugins/ImagesPlugin.stories.jsx[2m > [22m[2mEditable With Image
[22m[39m[ChatContext] Creating AssistantChat with user: undefined
[90mstdout[2m | src/components/Editor3/plugins/ImagesPlugin.stories.jsx[2m > [22m[2mEditable With Image
[22m[39m[Mock Data] AssistantChat created: mock-assistantchat-1790416597324 - notified 1 subscribers
[90mstdout[2m | src/components/Editor3/plugins/ImagesPlugin.stories.jsx[2m > [22m[2mEditable With Image
[22m[39m[ChatContext] Create result: {
  "data": {
    "_version": 1,
    "archived": false,
    "chatFiles": [Function anonymous],
    "createdAt": "2026-09-26T09:56:37.324Z",
    "id": "mock-assistantchat-1790416597324",
    "model": "gpt-4",
    "updatedAt": "2026-09-26T09:56:37.324Z",
  },
  "errors": [],
  "hasData": true,
  "hasErrors": true,
}
[90mstdout[2m | src/components/Editor3/plugins/ImagesPlugin.stories.jsx[2m > [22m[2mEditable With Image
[22m[39m[ChatContext] Created AssistantChat: mock-assistantchat-1790416597324 at: 2026-09-26T09:56:37.324Z
[90mstdout[2m | src/components/Editor3/plugins/ImagesPlugin.stories.jsx[2m > [22m[2mEditable With Image
[22m[39m[ChatContext] Setting initial chat: mock-assistantchat-1790416597324
[90mstdout[2m | src/components/Editor3/plugins/ImagesPlugin.stories.jsx[2m > [22m[2mEditable With Image
[22m[39m[ChatContext] Chat exists and not archived, skipping creation
[90mstdout[2m | src/components/Editor3/plugins/ImagesPlugin.stories.jsx[2m > [22m[2mRead Only With Image
[22m[39m[ChatContext] Cleaning up subscriptions
[90mstdout[2m | src/components/Editor3/plugins/ImagesPlugin.stories.jsx[2m > [22m[2mRead Only With Image
[22m[39m[Mock Data] Unit.onUpdate() subscription removed. Remaining: 0
[90mstdout[2m | src/components/Editor3/plugins/ImagesPlugin.stories.jsx[2m > [22m[2mRead Only With Image
[22m[39m[Preview] Skipped initializing default mock data (initializeMockData=false)
[90mstdout[2m | src/components/Editor3/plugins/ImagesPlugin.stories.jsx[2m > [22m[2mRead Only With Image
[22m[39m[Mock Data] seedMockUnit: Adding unit images-plugin-story-unit
[90mstdout[2m | src/components/Editor3/plugins/ImagesPlugin.stories.jsx[2m > [22m[2mRead Only With Image
[22m[39m[MOCK CourseVectorStore] Initialized with mock data
[90mstdout[2m | src/components/Editor3/plugins/ImagesPlugin.stories.jsx[2m > [22m[2mRead Only With Image
[22m[39m[TranslationModeController] Setting mode to: off
[90mstdout[2m | src/components/Editor3/plugins/ImagesPlugin.stories.jsx[2m > [22m[2mRead Only With Image
[22m[39m[UnitContext] useEffect triggered {
  "authLoading": false,
  "hasUser": true,
  "id": "images-plugin-story-unit",
  "userSub": "mock-user-sub",
}
[90mstdout[2m | src/components/Editor3/plugins/ImagesPlugin.stories.jsx[2m > [22m[2mRead Only With Image
[22m[39m[UnitContext] Fetching unit data for id: images-plugin-story-unit
[90mstdout[2m | src/components/Editor3/plugins/ImagesPlugin.stories.jsx[2m > [22m[2mRead Only With Image
[22m[39m[FilesContext] Initializing vector store from IndexedDB
[90mstdout[2m | src/components/Editor3/plugins/ImagesPlugin.stories.jsx[2m > [22m[2mRead Only With Image
[22m[39m[FilesContext] fetchFiles called
[90mstdout[2m | src/components/Editor3/plugins/ImagesPlugin.stories.jsx[2m > [22m[2mRead Only With Image
[22m[39m[FilesContext] User authenticated: mock-user-sub
[90mstdout[2m | src/components/Editor3/plugins/ImagesPlugin.stories.jsx[2m > [22m[2mRead Only With Image
[22m[39m[FilesContext] Identity ID: us-east-1:mock-identity-123
[90mstdout[2m | src/components/Editor3/plugins/ImagesPlugin.stories.jsx[2m > [22m[2mRead Only With Image
[22m[39m[FilesContext] About to set up File observeQuery
[90mstdout[2m | src/components/Editor3/plugins/ImagesPlugin.stories.jsx[2m > [22m[2mRead Only With Image
[22m[39m[ChatContext] Setting up AssistantChat observeQuery
[90mstdout[2m | src/components/Editor3/plugins/ImagesPlugin.stories.jsx[2m > [22m[2mRead Only With Image
[22m[39m[ChatContext] Waiting for subscription to initialize
[90mstdout[2m | src/components/Editor3/plugins/ImagesPlugin.stories.jsx[2m > [22m[2mRead Only With Image
[22m[39m[SettingsContext] Setting up Settings subscription for user: mock-user-sub
[90mstdout[2m | src/components/Editor3/plugins/ImagesPlugin.stories.jsx[2m > [22m[2mRead Only With Image
[22m[39m[Mock Data] Settings created: mock-settings-1790416597443 - notified 0 subscribers
[90mstdout[2m | src/components/Editor3/plugins/ImagesPlugin.stories.jsx[2m > [22m[2mRead Only With Image
[22m[39m[Mock Data] Unit.onUpdate() subscription added. Total: 1
[90mstdout[2m | src/components/Editor3/plugins/ImagesPlugin.stories.jsx[2m > [22m[2mRead Only With Image
[22m[39m[SectionContext] Section observeQuery update: 0
[90mstdout[2m | src/components/Editor3/plugins/ImagesPlugin.stories.jsx[2m > [22m[2mRead Only With Image
[22m[39m[FilesContext] File observeQuery update: 0 files
[90mstdout[2m | src/components/Editor3/plugins/ImagesPlugin.stories.jsx[2m > [22m[2mRead Only With Image
[22m[39m[ChatContext] AssistantChat initialized with 0 chats
[90mstdout[2m | src/components/Editor3/plugins/ImagesPlugin.stories.jsx[2m > [22m[2mRead Only With Image
[22m[39m[MOCK CourseVectorStore] Initialized with mock data
[90mstdout[2m | src/components/Editor3/plugins/ImagesPlugin.stories.jsx[2m > [22m[2mRead Only With Image
[22m[39m[ChatContext] No current chat available, will create one
[90mstdout[2m | src/components/Editor3/plugins/ImagesPlugin.stories.jsx[2m > [22m[2mRead Only With Image
[22m[39m[ChatContext] Creating AssistantChat with user: undefined
[90mstdout[2m | src/components/Editor3/plugins/ImagesPlugin.stories.jsx[2m > [22m[2mRead Only With Image
[22m[39m[Mock Data] AssistantChat created: mock-assistantchat-1790416597454 - notified 1 subscribers
[90mstdout[2m | src/components/Editor3/plugins/ImagesPlugin.stories.jsx[2m > [22m[2mRead Only With Image
[22m[39m[ChatContext] Create result: {
  "data": {
    "_version": 1,
    "archived": false,
    "chatFiles": [Function anonymous],
    "createdAt": "2026-09-26T09:56:37.454Z",
    "id": "mock-assistantchat-1790416597454",
    "model": "gpt-4",
    "updatedAt": "2026-09-26T09:56:37.454Z",
  },
  "errors": [],
  "hasData": true,
  "hasErrors": true,
}
[90mstdout[2m | src/components/Editor3/plugins/ImagesPlugin.stories.jsx[2m > [22m[2mRead Only With Image
[22m[39m[ChatContext] Created AssistantChat: mock-assistantchat-1790416597454 at: 2026-09-26T09:56:37.454Z
[90mstdout[2m | src/components/Editor3/plugins/ImagesPlugin.stories.jsx[2m > [22m[2mRead Only With Image
[22m[39m[Mock Storage] downloadData called with: undefined
[90mstdout[2m | src/components/Editor3/plugins/ImagesPlugin.stories.jsx[2m > [22m[2mRead Only With Image
[22m[39m[ChatContext] Setting initial chat: mock-assistantchat-1790416597454
[90mstdout[2m | src/components/Editor3/plugins/ImagesPlugin.stories.jsx[2m > [22m[2mRead Only With Image
[22m[39m[ChatContext] Chat exists and not archived, skipping creation
 [32m✓[39m [30m[45m storybook (chromium) [49m[39m src/components/Editor3/plugins/ImagesPlugin.stories.jsx [2m([22m[2m3 tests[22m[2m)[22m[33m 420[2mms[22m[39m
[90mstdout[2m | unknown test
[22m[39m[MOCK vectorStoreDB.js] Module loaded - mock IndexedDB operations
[90mstdout[2m | unknown test
[22m[39m[Task Completion] DOM action listeners initialized
[90mstdout[2m | unknown test
[22m[39m[Task Completion] Auto-completion detector initialized
[90mstdout[2m | unknown test
[22m[39m[Preview] Task completion detector initialized
[90mstdout[2m | src/components/AIFeedbackWidget.stories.jsx[2m > [22m[2mChat Message
[22m[39m[MOCK CourseVectorStore] Initialized with mock data
[90mstdout[2m | src/components/AIFeedbackWidget.stories.jsx[2m > [22m[2mChat Message
[22m[39m[TranslationModeController] Setting mode to: off
[90mstdout[2m | src/components/AIFeedbackWidget.stories.jsx[2m > [22m[2mChat Message
[22m[39m[UnitContext] useEffect triggered {
  "authLoading": false,
  "hasUser": true,
  "id": "mock-unit-id",
  "userSub": "mock-user-sub",
}
[90mstdout[2m | src/components/AIFeedbackWidget.stories.jsx[2m > [22m[2mChat Message
[22m[39m[UnitContext] Fetching unit data for id: mock-unit-id
[90mstdout[2m | src/components/AIFeedbackWidget.stories.jsx[2m > [22m[2mChat Message
[22m[39m[FilesContext] Initializing vector store from IndexedDB
[90mstdout[2m | src/components/AIFeedbackWidget.stories.jsx[2m > [22m[2mChat Message
[22m[39m[FilesContext] fetchFiles called
[90mstdout[2m | src/components/AIFeedbackWidget.stories.jsx[2m > [22m[2mChat Message
[22m[39m[FilesContext] User authenticated: mock-user-sub
[90mstdout[2m | src/components/AIFeedbackWidget.stories.jsx[2m > [22m[2mChat Message
[22m[39m[FilesContext] Identity ID: us-east-1:mock-identity-123
[90mstdout[2m | src/components/AIFeedbackWidget.stories.jsx[2m > [22m[2mChat Message
[22m[39m[FilesContext] About to set up File observeQuery
[90mstdout[2m | src/components/AIFeedbackWidget.stories.jsx[2m > [22m[2mChat Message
[22m[39m[ChatContext] Setting up AssistantChat observeQuery
[90mstdout[2m | src/components/AIFeedbackWidget.stories.jsx[2m > [22m[2mChat Message
[22m[39m[ChatContext] Waiting for subscription to initialize
[90mstdout[2m | src/components/AIFeedbackWidget.stories.jsx[2m > [22m[2mChat Message
[22m[39m[SettingsContext] Setting up Settings subscription for user: mock-user-sub
[90mstdout[2m | src/components/AIFeedbackWidget.stories.jsx[2m > [22m[2mChat Message
[22m[39m[Mock Data] Settings created: mock-settings-1790416598167 - notified 0 subscribers
[90mstdout[2m | src/components/AIFeedbackWidget.stories.jsx[2m > [22m[2mChat Message
[22m[39m[Mock Data] Unit.onUpdate() subscription added. Total: 1
[90mstdout[2m | src/components/AIFeedbackWidget.stories.jsx[2m > [22m[2mChat Message
[22m[39m[SectionContext] Section observeQuery update: 0
[90mstdout[2m | src/components/AIFeedbackWidget.stories.jsx[2m > [22m[2mChat Message
[22m[39m[FilesContext] File observeQuery update: 6 files
[90mstdout[2m | src/components/AIFeedbackWidget.stories.jsx[2m > [22m[2mChat Message
[22m[39m[ChatContext] AssistantChat initialized with 1 chats
[90mstdout[2m | src/components/AIFeedbackWidget.stories.jsx[2m > [22m[2mChat Message
[22m[39m[ChatContext] Setting initial chat: mock-assistant-chat-1
[90mstdout[2m | src/components/AIFeedbackWidget.stories.jsx[2m > [22m[2mChat Message
[22m[39m[MOCK CourseVectorStore] Initialized with mock data
[90mstdout[2m | src/components/AIFeedbackWidget.stories.jsx[2m > [22m[2mChat Message
[22m[39m[FilesContext] Vector store population triggered {
  "currentVectorStoreSize": 3,
  "documentsCount": 0,
  "filesCount": 6,
  "isInitialLoad": true,
}
[90mstdout[2m | src/components/AIFeedbackWidget.stories.jsx[2m > [22m[2mChat Message
[22m[39m[FilesContext] Vector store population complete - 3 total embeddings
[90mstdout[2m | src/components/AIFeedbackWidget.stories.jsx[2m > [22m[2mChat Message
[22m[39m[ChatContext] Chat exists and not archived, skipping creation
[90mstdout[2m | src/components/AIFeedbackWidget.stories.jsx[2m > [22m[2mChat Message
[22m[39m[Mock Storage] downloadData called with: undefined
[90mstdout[2m | src/components/AIFeedbackWidget.stories.jsx[2m > [22m[2mChat Message
[22m[39m[Mock Data] AIFeedback created: mock-aifeedback-1790416598206 - notified 0 subscribers
[90mstdout[2m | src/components/AIFeedbackWidget.stories.jsx[2m > [22m[2mContent Completion
[22m[39m[ChatContext] Cleaning up subscriptions
[90mstdout[2m | src/components/AIFeedbackWidget.stories.jsx[2m > [22m[2mContent Completion
[22m[39m[Mock Data] Unit.onUpdate() subscription removed. Remaining: 0
[90mstdout[2m | src/components/AIFeedbackWidget.stories.jsx[2m > [22m[2mContent Completion
[22m[39m[MOCK CourseVectorStore] Initialized with mock data
[90mstdout[2m | src/components/AIFeedbackWidget.stories.jsx[2m > [22m[2mContent Completion
[22m[39m[TranslationModeController] Setting mode to: off
[90mstdout[2m | src/components/AIFeedbackWidget.stories.jsx[2m > [22m[2mContent Completion
[22m[39m[UnitContext] useEffect triggered {
  "authLoading": false,
  "hasUser": true,
  "id": "mock-unit-id",
  "userSub": "mock-user-sub",
}
[90mstdout[2m | src/components/AIFeedbackWidget.stories.jsx[2m > [22m[2mContent Completion
[22m[39m[UnitContext] Fetching unit data for id: mock-unit-id
[90mstdout[2m | src/components/AIFeedbackWidget.stories.jsx[2m > [22m[2mContent Completion
[22m[39m[FilesContext] Initializing vector store from IndexedDB
[90mstdout[2m | src/components/AIFeedbackWidget.stories.jsx[2m > [22m[2mContent Completion
[22m[39m[FilesContext] fetchFiles called
[90mstdout[2m | src/components/AIFeedbackWidget.stories.jsx[2m > [22m[2mContent Completion
[22m[39m[FilesContext] User authenticated: mock-user-sub
[90mstdout[2m | src/components/AIFeedbackWidget.stories.jsx[2m > [22m[2mContent Completion
[22m[39m[FilesContext] Identity ID: us-east-1:mock-identity-123
[90mstdout[2m | src/components/AIFeedbackWidget.stories.jsx[2m > [22m[2mContent Completion
[22m[39m[FilesContext] About to set up File observeQuery
[90mstdout[2m | src/components/AIFeedbackWidget.stories.jsx[2m > [22m[2mContent Completion
[22m[39m[ChatContext] Setting up AssistantChat observeQuery
[90mstdout[2m | src/components/AIFeedbackWidget.stories.jsx[2m > [22m[2mContent Completion
[22m[39m[ChatContext] Waiting for subscription to initialize
[90mstdout[2m | src/components/AIFeedbackWidget.stories.jsx[2m > [22m[2mContent Completion
[22m[39m[SettingsContext] Setting up Settings subscription for user: mock-user-sub
[90mstdout[2m | src/components/AIFeedbackWidget.stories.jsx[2m > [22m[2mContent Completion
[22m[39m[Mock Data] Settings created: mock-settings-1790416598397 - notified 0 subscribers
[90mstdout[2m | src/components/AIFeedbackWidget.stories.jsx[2m > [22m[2mContent Completion
[22m[39m[Mock Data] Unit.onUpdate() subscription added. Total: 1
[90mstdout[2m | src/components/AIFeedbackWidget.stories.jsx[2m > [22m[2mContent Completion
[22m[39m[SectionContext] Section observeQuery update: 0
[90mstdout[2m | src/components/AIFeedbackWidget.stories.jsx[2m > [22m[2mContent Completion
[22m[39m[FilesContext] File observeQuery update: 6 files
[90mstdout[2m | src/components/AIFeedbackWidget.stories.jsx[2m > [22m[2mContent Completion
[22m[39m[ChatContext] AssistantChat initialized with 1 chats
[90mstdout[2m | src/components/AIFeedbackWidget.stories.jsx[2m > [22m[2mContent Completion
[22m[39m[ChatContext] Setting initial chat: mock-assistant-chat-1
[90mstdout[2m | src/components/AIFeedbackWidget.stories.jsx[2m > [22m[2mContent Completion
[22m[39m[MOCK CourseVectorStore] Initialized with mock data
[90mstdout[2m | src/components/AIFeedbackWidget.stories.jsx[2m > [22m[2mContent Completion
[22m[39m[FilesContext] Vector store population triggered {
  "currentVectorStoreSize": 3,
  "documentsCount": 0,
  "filesCount": 6,
  "isInitialLoad": true,
}
[90mstdout[2m | src/components/AIFeedbackWidget.stories.jsx[2m > [22m[2mContent Completion
[22m[39m[FilesContext] Vector store population complete - 3 total embeddings
[90mstdout[2m | src/components/AIFeedbackWidget.stories.jsx[2m > [22m[2mContent Completion
[22m[39m[ChatContext] Chat exists and not archived, skipping creation
[90mstdout[2m | src/components/AIFeedbackWidget.stories.jsx[2m > [22m[2mContent Completion
[22m[39m[Mock Storage] downloadData called with: undefined
[90mstdout[2m | src/components/AIFeedbackWidget.stories.jsx[2m > [22m[2mWith Labels
[22m[39m[ChatContext] Cleaning up subscriptions
[90mstdout[2m | src/components/AIFeedbackWidget.stories.jsx[2m > [22m[2mWith Labels
[22m[39m[Mock Data] Unit.onUpdate() subscription removed. Remaining: 0
[90mstdout[2m | src/components/AIFeedbackWidget.stories.jsx[2m > [22m[2mWith Labels
[22m[39m[MOCK CourseVectorStore] Initialized with mock data
[90mstdout[2m | src/components/AIFeedbackWidget.stories.jsx[2m > [22m[2mWith Labels
[22m[39m[TranslationModeController] Setting mode to: off
[90mstdout[2m | src/components/AIFeedbackWidget.stories.jsx[2m > [22m[2mWith Labels
[22m[39m[UnitContext] useEffect triggered {
  "authLoading": false,
  "hasUser": true,
  "id": "mock-unit-id",
  "userSub": "mock-user-sub",
}
[90mstdout[2m | src/components/AIFeedbackWidget.stories.jsx[2m > [22m[2mWith Labels
[22m[39m[UnitContext] Fetching unit data for id: mock-unit-id
[90mstdout[2m | src/components/AIFeedbackWidget.stories.jsx[2m > [22m[2mWith Labels
[22m[39m[FilesContext] Initializing vector store from IndexedDB
[90mstdout[2m | src/components/AIFeedbackWidget.stories.jsx[2m > [22m[2mWith Labels
[22m[39m[FilesContext] fetchFiles called
[90mstdout[2m | src/components/AIFeedbackWidget.stories.jsx[2m > [22m[2mWith Labels
[22m[39m[FilesContext] User authenticated: mock-user-sub
[90mstdout[2m | src/components/AIFeedbackWidget.stories.jsx[2m > [22m[2mWith Labels
[22m[39m[FilesContext] Identity ID: us-east-1:mock-identity-123
[90mstdout[2m | src/components/AIFeedbackWidget.stories.jsx[2m > [22m[2mWith Labels
[22m[39m[FilesContext] About to set up File observeQuery
[90mstdout[2m | src/components/AIFeedbackWidget.stories.jsx[2m > [22m[2mWith Labels
[22m[39m[ChatContext] Setting up AssistantChat observeQuery
[90mstdout[2m | src/components/AIFeedbackWidget.stories.jsx[2m > [22m[2mWith Labels
[22m[39m[ChatContext] Waiting for subscription to initialize
[90mstdout[2m | src/components/AIFeedbackWidget.stories.jsx[2m > [22m[2mWith Labels
[22m[39m[SettingsContext] Setting up Settings subscription for user: mock-user-sub
[90mstdout[2m | src/components/AIFeedbackWidget.stories.jsx[2m > [22m[2mWith Labels
[22m[39m[Mock Data] Settings created: mock-settings-1790416598515 - notified 0 subscribers
[90mstdout[2m | src/components/AIFeedbackWidget.stories.jsx[2m > [22m[2mWith Labels
[22m[39m[Mock Data] Unit.onUpdate() subscription added. Total: 1
[90mstdout[2m | src/components/AIFeedbackWidget.stories.jsx[2m > [22m[2mWith Labels
[22m[39m[SectionContext] Section observeQuery update: 0
[90mstdout[2m | src/components/AIFeedbackWidget.stories.jsx[2m > [22m[2mWith Labels
[22m[39m[FilesContext] File observeQuery update: 6 files
[90mstdout[2m | src/components/AIFeedbackWidget.stories.jsx[2m > [22m[2mWith Labels
[22m[39m[ChatContext] AssistantChat initialized with 1 chats
[90mstdout[2m | src/components/AIFeedbackWidget.stories.jsx[2m > [22m[2mWith Labels
[22m[39m[ChatContext] Setting initial chat: mock-assistant-chat-1
[90mstdout[2m | src/components/AIFeedbackWidget.stories.jsx[2m > [22m[2mWith Labels
[22m[39m[MOCK CourseVectorStore] Initialized with mock data
[90mstdout[2m | src/components/AIFeedbackWidget.stories.jsx[2m > [22m[2mWith Labels
[22m[39m[FilesContext] Vector store population triggered {
  "currentVectorStoreSize": 3,
  "documentsCount": 0,
  "filesCount": 6,
  "isInitialLoad": true,
}
[90mstdout[2m | src/components/AIFeedbackWidget.stories.jsx[2m > [22m[2mWith Labels
[22m[39m[FilesContext] Vector store population complete - 3 total embeddings
[90mstdout[2m | src/components/AIFeedbackWidget.stories.jsx[2m > [22m[2mWith Labels
[22m[39m[ChatContext] Chat exists and not archived, skipping creation
[90mstdout[2m | src/components/AIFeedbackWidget.stories.jsx[2m > [22m[2mWith Labels
[22m[39m[Mock Storage] downloadData called with: undefined
[90mstdout[2m | src/components/AIFeedbackWidget.stories.jsx[2m > [22m[2mLarge Buttons
[22m[39m[ChatContext] Cleaning up subscriptions
[90mstdout[2m | src/components/AIFeedbackWidget.stories.jsx[2m > [22m[2mLarge Buttons
[22m[39m[Mock Data] Unit.onUpdate() subscription removed. Remaining: 0
[90mstdout[2m | src/components/AIFeedbackWidget.stories.jsx[2m > [22m[2mLarge Buttons
[22m[39m[MOCK CourseVectorStore] Initialized with mock data
[90mstdout[2m | src/components/AIFeedbackWidget.stories.jsx[2m > [22m[2mLarge Buttons
[22m[39m[TranslationModeController] Setting mode to: off
[90mstdout[2m | src/components/AIFeedbackWidget.stories.jsx[2m > [22m[2mLarge Buttons
[22m[39m[UnitContext] useEffect triggered {
  "authLoading": false,
  "hasUser": true,
  "id": "mock-unit-id",
  "userSub": "mock-user-sub",
}
[90mstdout[2m | src/components/AIFeedbackWidget.stories.jsx[2m > [22m[2mLarge Buttons
[22m[39m[UnitContext] Fetching unit data for id: mock-unit-id
[90mstdout[2m | src/components/AIFeedbackWidget.stories.jsx[2m > [22m[2mLarge Buttons
[22m[39m[FilesContext] Initializing vector store from IndexedDB
[90mstdout[2m | src/components/AIFeedbackWidget.stories.jsx[2m > [22m[2mLarge Buttons
[22m[39m[FilesContext] fetchFiles called
[90mstdout[2m | src/components/AIFeedbackWidget.stories.jsx[2m > [22m[2mLarge Buttons
[22m[39m[FilesContext] User authenticated: mock-user-sub
[90mstdout[2m | src/components/AIFeedbackWidget.stories.jsx[2m > [22m[2mLarge Buttons
[22m[39m[FilesContext] Identity ID: us-east-1:mock-identity-123
[90mstdout[2m | src/components/AIFeedbackWidget.stories.jsx[2m > [22m[2mLarge Buttons
[22m[39m[FilesContext] About to set up File observeQuery
[90mstdout[2m | src/components/AIFeedbackWidget.stories.jsx[2m > [22m[2mLarge Buttons
[22m[39m[ChatContext] Setting up AssistantChat observeQuery
[90mstdout[2m | src/components/AIFeedbackWidget.stories.jsx[2m > [22m[2mLarge Buttons
[22m[39m[ChatContext] Waiting for subscription to initialize
[90mstdout[2m | src/components/AIFeedbackWidget.stories.jsx[2m > [22m[2mLarge Buttons
[22m[39m[SettingsContext] Setting up Settings subscription for user: mock-user-sub
[90mstdout[2m | src/components/AIFeedbackWidget.stories.jsx[2m > [22m[2mLarge Buttons
[22m[39m[Mock Data] Settings created: mock-settings-1790416598626 - notified 0 subscribers
[90mstdout[2m | src/components/AIFeedbackWidget.stories.jsx[2m > [22m[2mLarge Buttons
[22m[39m[Mock Data] Unit.onUpdate() subscription added. Total: 1
[90mstdout[2m | src/components/AIFeedbackWidget.stories.jsx[2m > [22m[2mLarge Buttons
[22m[39m[SectionContext] Section observeQuery update: 0
[90mstdout[2m | src/components/AIFeedbackWidget.stories.jsx[2m > [22m[2mLarge Buttons
[22m[39m[FilesContext] File observeQuery update: 6 files
[90mstdout[2m | src/components/AIFeedbackWidget.stories.jsx[2m > [22m[2mLarge Buttons
[22m[39m[ChatContext] AssistantChat initialized with 1 chats
[90mstdout[2m | src/components/AIFeedbackWidget.stories.jsx[2m > [22m[2mLarge Buttons
[22m[39m[ChatContext] Setting initial chat: mock-assistant-chat-1
[90mstdout[2m | src/components/AIFeedbackWidget.stories.jsx[2m > [22m[2mLarge Buttons
[22m[39m[MOCK CourseVectorStore] Initialized with mock data
[90mstdout[2m | src/components/AIFeedbackWidget.stories.jsx[2m > [22m[2mLarge Buttons
[22m[39m[FilesContext] Vector store population triggered {
  "currentVectorStoreSize": 3,
  "documentsCount": 0,
  "filesCount": 6,
  "isInitialLoad": true,
}
[90mstdout[2m | src/components/AIFeedbackWidget.stories.jsx[2m > [22m[2mLarge Buttons
[22m[39m[FilesContext] Vector store population complete - 3 total embeddings
[90mstdout[2m | src/components/AIFeedbackWidget.stories.jsx[2m > [22m[2mLarge Buttons
[22m[39m[ChatContext] Chat exists and not archived, skipping creation
[90mstdout[2m | src/components/AIFeedbackWidget.stories.jsx[2m > [22m[2mLarge Buttons
[22m[39m[Mock Storage] downloadData called with: undefined
[90mstdout[2m | src/components/AIFeedbackWidget.stories.jsx[2m > [22m[2mIn Chat Context
[22m[39m[ChatContext] Cleaning up subscriptions
[90mstdout[2m | src/components/AIFeedbackWidget.stories.jsx[2m > [22m[2mIn Chat Context
[22m[39m[Mock Data] Unit.onUpdate() subscription removed. Remaining: 0
[90mstdout[2m | src/components/AIFeedbackWidget.stories.jsx[2m > [22m[2mIn Chat Context
[22m[39m[MOCK CourseVectorStore] Initialized with mock data
[90mstdout[2m | src/components/AIFeedbackWidget.stories.jsx[2m > [22m[2mIn Chat Context
[22m[39m[TranslationModeController] Setting mode to: off
[90mstdout[2m | src/components/AIFeedbackWidget.stories.jsx[2m > [22m[2mIn Chat Context
[22m[39m[UnitContext] useEffect triggered {
  "authLoading": false,
  "hasUser": true,
  "id": "mock-unit-id",
  "userSub": "mock-user-sub",
}
[90mstdout[2m | src/components/AIFeedbackWidget.stories.jsx[2m > [22m[2mIn Chat Context
[22m[39m[UnitContext] Fetching unit data for id: mock-unit-id
[90mstdout[2m | src/components/AIFeedbackWidget.stories.jsx[2m > [22m[2mIn Chat Context
[22m[39m[FilesContext] Initializing vector store from IndexedDB
[90mstdout[2m | src/components/AIFeedbackWidget.stories.jsx[2m > [22m[2mIn Chat Context
[22m[39m[FilesContext] fetchFiles called
[90mstdout[2m | src/components/AIFeedbackWidget.stories.jsx[2m > [22m[2mIn Chat Context
[22m[39m[FilesContext] User authenticated: mock-user-sub
[90mstdout[2m | src/components/AIFeedbackWidget.stories.jsx[2m > [22m[2mIn Chat Context
[22m[39m[FilesContext] Identity ID: us-east-1:mock-identity-123
[90mstdout[2m | src/components/AIFeedbackWidget.stories.jsx[2m > [22m[2mIn Chat Context
[22m[39m[FilesContext] About to set up File observeQuery
[90mstdout[2m | src/components/AIFeedbackWidget.stories.jsx[2m > [22m[2mIn Chat Context
[22m[39m[ChatContext] Setting up AssistantChat observeQuery
[90mstdout[2m | src/components/AIFeedbackWidget.stories.jsx[2m > [22m[2mIn Chat Context
[22m[39m[ChatContext] Waiting for subscription to initialize
[90mstdout[2m | src/components/AIFeedbackWidget.stories.jsx[2m > [22m[2mIn Chat Context
[22m[39m[SettingsContext] Setting up Settings subscription for user: mock-user-sub
[90mstdout[2m | src/components/AIFeedbackWidget.stories.jsx[2m > [22m[2mIn Chat Context
[22m[39m[Mock Data] Settings created: mock-settings-1790416598729 - notified 0 subscribers
[90mstdout[2m | src/components/AIFeedbackWidget.stories.jsx[2m > [22m[2mIn Chat Context
[22m[39m[Mock Data] Unit.onUpdate() subscription added. Total: 1
[90mstdout[2m | src/components/AIFeedbackWidget.stories.jsx[2m > [22m[2mIn Chat Context
[22m[39m[SectionContext] Section observeQuery update: 0
[90mstdout[2m | src/components/AIFeedbackWidget.stories.jsx[2m > [22m[2mIn Chat Context
[22m[39m[FilesContext] File observeQuery update: 6 files
[90mstdout[2m | src/components/AIFeedbackWidget.stories.jsx[2m > [22m[2mIn Chat Context
[22m[39m[ChatContext] AssistantChat initialized with 1 chats
[90mstdout[2m | src/components/AIFeedbackWidget.stories.jsx[2m > [22m[2mIn Chat Context
[22m[39m[ChatContext] Setting initial chat: mock-assistant-chat-1
[90mstdout[2m | src/components/AIFeedbackWidget.stories.jsx[2m > [22m[2mIn Chat Context
[22m[39m[MOCK CourseVectorStore] Initialized with mock data
[90mstdout[2m | src/components/AIFeedbackWidget.stories.jsx[2m > [22m[2mIn Chat Context
[22m[39m[FilesContext] Vector store population triggered {
  "currentVectorStoreSize": 3,
  "documentsCount": 0,
  "filesCount": 6,
  "isInitialLoad": true,
}
[90mstdout[2m | src/components/AIFeedbackWidget.stories.jsx[2m > [22m[2mIn Chat Context
[22m[39m[FilesContext] Vector store population complete - 3 total embeddings
[90mstdout[2m | src/components/AIFeedbackWidget.stories.jsx[2m > [22m[2mIn Chat Context
[22m[39m[ChatContext] Chat exists and not archived, skipping creation
[90mstdout[2m | src/components/AIFeedbackWidget.stories.jsx[2m > [22m[2mIn Chat Context
[22m[39m[Mock Storage] downloadData called with: undefined
[90mstdout[2m | src/components/AIFeedbackWidget.stories.jsx[2m > [22m[2mWith Callback
[22m[39m[ChatContext] Cleaning up subscriptions
[90mstdout[2m | src/components/AIFeedbackWidget.stories.jsx[2m > [22m[2mWith Callback
[22m[39m[Mock Data] Unit.onUpdate() subscription removed. Remaining: 0
[90mstdout[2m | src/components/AIFeedbackWidget.stories.jsx[2m > [22m[2mWith Callback
[22m[39m[MOCK CourseVectorStore] Initialized with mock data
[90mstdout[2m | src/components/AIFeedbackWidget.stories.jsx[2m > [22m[2mWith Callback
[22m[39m[TranslationModeController] Setting mode to: off
[90mstdout[2m | src/components/AIFeedbackWidget.stories.jsx[2m > [22m[2mWith Callback
[22m[39m[UnitContext] useEffect triggered {
  "authLoading": false,
  "hasUser": true,
  "id": "mock-unit-id",
  "userSub": "mock-user-sub",
}
[90mstdout[2m | src/components/AIFeedbackWidget.stories.jsx[2m > [22m[2mWith Callback
[22m[39m[UnitContext] Fetching unit data for id: mock-unit-id
[90mstdout[2m | src/components/AIFeedbackWidget.stories.jsx[2m > [22m[2mWith Callback
[22m[39m[FilesContext] Initializing vector store from IndexedDB
[90mstdout[2m | src/components/AIFeedbackWidget.stories.jsx[2m > [22m[2mWith Callback
[22m[39m[FilesContext] fetchFiles called
[90mstdout[2m | src/components/AIFeedbackWidget.stories.jsx[2m > [22m[2mWith Callback
[22m[39m[FilesContext] User authenticated: mock-user-sub
[90mstdout[2m | src/components/AIFeedbackWidget.stories.jsx[2m > [22m[2mWith Callback
[22m[39m[FilesContext] Identity ID: us-east-1:mock-identity-123
[90mstdout[2m | src/components/AIFeedbackWidget.stories.jsx[2m > [22m[2mWith Callback
[22m[39m[FilesContext] About to set up File observeQuery
[90mstdout[2m | src/components/AIFeedbackWidget.stories.jsx[2m > [22m[2mWith Callback
[22m[39m[ChatContext] Setting up AssistantChat observeQuery
[90mstdout[2m | src/components/AIFeedbackWidget.stories.jsx[2m > [22m[2mWith Callback
[22m[39m[ChatContext] Waiting for subscription to initialize
[90mstdout[2m | src/components/AIFeedbackWidget.stories.jsx[2m > [22m[2mWith Callback
[22m[39m[SettingsContext] Setting up Settings subscription for user: mock-user-sub
[90mstdout[2m | src/components/AIFeedbackWidget.stories.jsx[2m > [22m[2mWith Callback
[22m[39m[Mock Data] Settings created: mock-settings-1790416598847 - notified 0 subscribers
[90mstdout[2m | src/components/AIFeedbackWidget.stories.jsx[2m > [22m[2mWith Callback
[22m[39m[Mock Data] Unit.onUpdate() subscription added. Total: 1
[90mstdout[2m | src/components/AIFeedbackWidget.stories.jsx[2m > [22m[2mWith Callback
[22m[39m[SectionContext] Section observeQuery update: 0
[90mstdout[2m | src/components/AIFeedbackWidget.stories.jsx[2m > [22m[2mWith Callback
[22m[39m[FilesContext] File observeQuery update: 6 files
[90mstdout[2m | src/components/AIFeedbackWidget.stories.jsx[2m > [22m[2mWith Callback
[22m[39m[ChatContext] AssistantChat initialized with 1 chats
[90mstdout[2m | src/components/AIFeedbackWidget.stories.jsx[2m > [22m[2mWith Callback
[22m[39m[ChatContext] Setting initial chat: mock-assistant-chat-1
[90mstdout[2m | src/components/AIFeedbackWidget.stories.jsx[2m > [22m[2mWith Callback
[22m[39m[MOCK CourseVectorStore] Initialized with mock data
[90mstdout[2m | src/components/AIFeedbackWidget.stories.jsx[2m > [22m[2mWith Callback
[22m[39m[FilesContext] Vector store population triggered {
  "currentVectorStoreSize": 3,
  "documentsCount": 0,
  "filesCount": 6,
  "isInitialLoad": true,
}
[90mstdout[2m | src/components/AIFeedbackWidget.stories.jsx[2m > [22m[2mWith Callback
[22m[39m[FilesContext] Vector store population complete - 3 total embeddings
[90mstdout[2m | src/components/AIFeedbackWidget.stories.jsx[2m > [22m[2mWith Callback
[22m[39m[ChatContext] Chat exists and not archived, skipping creation
[90mstdout[2m | src/components/AIFeedbackWidget.stories.jsx[2m > [22m[2mWith Callback
[22m[39m[Mock Storage] downloadData called with: undefined
[90mstdout[2m | src/components/AIFeedbackWidget.stories.jsx[2m > [22m[2mWith Callback
[22m[39m[Mock Data] AIFeedback created: mock-aifeedback-1790416598889 - notified 0 subscribers
[90mstdout[2m | src/components/AIFeedbackWidget.stories.jsx[2m > [22m[2mWith Callback
[22m[39mFeedback submitted: {
  "_version": 1,
  "comment": undefined,
  "contentType": "VOCABULARY_EXTRACTION",
  "createdAt": "2026-09-26T09:56:38.889Z",
  "documentID": undefined,
  "feedbackType": "POSITIVE",
  "generatedContent": "食べる (taberu) - to eat",
  "gradeID": undefined,
  "id": "mock-aifeedback-1790416598889",
  "messageId": undefined,
  "metadata": undefined,
  "model": "gpt-4",
  "prompt": undefined,
  "reasons": undefined,
  "sessionId": undefined,
  "unitID": undefined,
  "updatedAt": "2026-09-26T09:56:38.889Z",
}
 [32m✓[39m [30m[45m storybook (chromium) [49m[39m src/components/AIFeedbackWidget.stories.jsx [2m([22m[2m6 tests[22m[2m)[22m[33m 892[2mms[22m[39m
[90mstdout[2m | unknown test
[22m[39m[MOCK vectorStoreDB.js] Module loaded - mock IndexedDB operations
[90mstdout[2m | unknown test
[22m[39m[Task Completion] DOM action listeners initialized
[90mstdout[2m | unknown test
[22m[39m[Task Completion] Auto-completion detector initialized
[90mstdout[2m | unknown test
[22m[39m[Preview] Task completion detector initialized
[90mstdout[2m | .storybook/docs/ForDevelopers.stories.tsx[2m > [22m[2mArchitecture
[22m[39m[MOCK CourseVectorStore] Initialized with mock data
[90mstdout[2m | .storybook/docs/ForDevelopers.stories.tsx[2m > [22m[2mArchitecture
[22m[39m[TranslationModeController] Setting mode to: off
[90mstdout[2m | .storybook/docs/ForDevelopers.stories.tsx[2m > [22m[2mArchitecture
[22m[39m[UnitContext] useEffect triggered {
  "authLoading": false,
  "hasUser": true,
  "id": "mock-unit-id",
  "userSub": "mock-user-sub",
}
[90mstdout[2m | .storybook/docs/ForDevelopers.stories.tsx[2m > [22m[2mArchitecture
[22m[39m[UnitContext] Fetching unit data for id: mock-unit-id
[90mstdout[2m | .storybook/docs/ForDevelopers.stories.tsx[2m > [22m[2mArchitecture
[22m[39m[FilesContext] Initializing vector store from IndexedDB
[90mstdout[2m | .storybook/docs/ForDevelopers.stories.tsx[2m > [22m[2mArchitecture
[22m[39m[FilesContext] fetchFiles called
[90mstdout[2m | .storybook/docs/ForDevelopers.stories.tsx[2m > [22m[2mArchitecture
[22m[39m[FilesContext] User authenticated: mock-user-sub
[90mstdout[2m | .storybook/docs/ForDevelopers.stories.tsx[2m > [22m[2mArchitecture
[22m[39m[FilesContext] Identity ID: us-east-1:mock-identity-123
[90mstdout[2m | .storybook/docs/ForDevelopers.stories.tsx[2m > [22m[2mArchitecture
[22m[39m[FilesContext] About to set up File observeQuery
[90mstdout[2m | .storybook/docs/ForDevelopers.stories.tsx[2m > [22m[2mArchitecture
[22m[39m[ChatContext] Setting up AssistantChat observeQuery
[90mstdout[2m | .storybook/docs/ForDevelopers.stories.tsx[2m > [22m[2mArchitecture
[22m[39m[ChatContext] Waiting for subscription to initialize
[90mstdout[2m | .storybook/docs/ForDevelopers.stories.tsx[2m > [22m[2mArchitecture
[22m[39m[SettingsContext] Setting up Settings subscription for user: mock-user-sub
[90mstdout[2m | .storybook/docs/ForDevelopers.stories.tsx[2m > [22m[2mArchitecture
[22m[39m[Mock Data] Settings created: mock-settings-1790416599910 - notified 0 subscribers
[90mstdout[2m | .storybook/docs/ForDevelopers.stories.tsx[2m > [22m[2mArchitecture
[22m[39m[Mock Data] Unit.onUpdate() subscription added. Total: 1
[90mstdout[2m | .storybook/docs/ForDevelopers.stories.tsx[2m > [22m[2mArchitecture
[22m[39m[SectionContext] Section observeQuery update: 0
[90mstdout[2m | .storybook/docs/ForDevelopers.stories.tsx[2m > [22m[2mArchitecture
[22m[39m[FilesContext] File observeQuery update: 6 files
[90mstdout[2m | .storybook/docs/ForDevelopers.stories.tsx[2m > [22m[2mArchitecture
[22m[39m[ChatContext] AssistantChat initialized with 1 chats
[90mstdout[2m | .storybook/docs/ForDevelopers.stories.tsx[2m > [22m[2mArchitecture
[22m[39m[ChatContext] Setting initial chat: mock-assistant-chat-1
[90mstdout[2m | .storybook/docs/ForDevelopers.stories.tsx[2m > [22m[2mArchitecture
[22m[39m[MOCK CourseVectorStore] Initialized with mock data
[90mstdout[2m | .storybook/docs/ForDevelopers.stories.tsx[2m > [22m[2mArchitecture
[22m[39m[FilesContext] Vector store population triggered {
  "currentVectorStoreSize": 3,
  "documentsCount": 0,
  "filesCount": 6,
  "isInitialLoad": true,
}
[90mstdout[2m | .storybook/docs/ForDevelopers.stories.tsx[2m > [22m[2mArchitecture
[22m[39m[FilesContext] Vector store population complete - 3 total embeddings
[90mstdout[2m | .storybook/docs/ForDevelopers.stories.tsx[2m > [22m[2mArchitecture
[22m[39m[ChatContext] Chat exists and not archived, skipping creation
[90mstdout[2m | .storybook/docs/ForDevelopers.stories.tsx[2m > [22m[2mArchitecture
[22m[39m[Mock Storage] downloadData called with: undefined
[90mstdout[2m | .storybook/docs/ForDevelopers.stories.tsx[2m > [22m[2mDev Setup
[22m[39m[ChatContext] Cleaning up subscriptions
[90mstdout[2m | .storybook/docs/ForDevelopers.stories.tsx[2m > [22m[2mDev Setup
[22m[39m[Mock Data] Unit.onUpdate() subscription removed. Remaining: 0
[90mstdout[2m | .storybook/docs/ForDevelopers.stories.tsx[2m > [22m[2mDev Setup
[22m[39m[MOCK CourseVectorStore] Initialized with mock data
[90mstdout[2m | .storybook/docs/ForDevelopers.stories.tsx[2m > [22m[2mDev Setup
[22m[39m[TranslationModeController] Setting mode to: off
[90mstdout[2m | .storybook/docs/ForDevelopers.stories.tsx[2m > [22m[2mDev Setup
[22m[39m[UnitContext] useEffect triggered {
  "authLoading": false,
  "hasUser": true,
  "id": "mock-unit-id",
  "userSub": "mock-user-sub",
}
[90mstdout[2m | .storybook/docs/ForDevelopers.stories.tsx[2m > [22m[2mDev Setup
[22m[39m[UnitContext] Fetching unit data for id: mock-unit-id
[90mstdout[2m | .storybook/docs/ForDevelopers.stories.tsx[2m > [22m[2mDev Setup
[22m[39m[FilesContext] Initializing vector store from IndexedDB
[90mstdout[2m | .storybook/docs/ForDevelopers.stories.tsx[2m > [22m[2mDev Setup
[22m[39m[FilesContext] fetchFiles called
[90mstdout[2m | .storybook/docs/ForDevelopers.stories.tsx[2m > [22m[2mDev Setup
[22m[39m[FilesContext] User authenticated: mock-user-sub
[90mstdout[2m | .storybook/docs/ForDevelopers.stories.tsx[2m > [22m[2mDev Setup
[22m[39m[FilesContext] Identity ID: us-east-1:mock-identity-123
[90mstdout[2m | .storybook/docs/ForDevelopers.stories.tsx[2m > [22m[2mDev Setup
[22m[39m[FilesContext] About to set up File observeQuery
[90mstdout[2m | .storybook/docs/ForDevelopers.stories.tsx[2m > [22m[2mDev Setup
[22m[39m[ChatContext] Setting up AssistantChat observeQuery
[90mstdout[2m | .storybook/docs/ForDevelopers.stories.tsx[2m > [22m[2mDev Setup
[22m[39m[ChatContext] Waiting for subscription to initialize
[90mstdout[2m | .storybook/docs/ForDevelopers.stories.tsx[2m > [22m[2mDev Setup
[22m[39m[SettingsContext] Setting up Settings subscription for user: mock-user-sub
[90mstdout[2m | .storybook/docs/ForDevelopers.stories.tsx[2m > [22m[2mDev Setup
[22m[39m[Mock Data] Settings created: mock-settings-1790416600198 - notified 0 subscribers
[90mstdout[2m | .storybook/docs/ForDevelopers.stories.tsx[2m > [22m[2mDev Setup
[22m[39m[Mock Data] Unit.onUpdate() subscription added. Total: 1
[90mstdout[2m | .storybook/docs/ForDevelopers.stories.tsx[2m > [22m[2mDev Setup
[22m[39m[SectionContext] Section observeQuery update: 0
[90mstdout[2m | .storybook/docs/ForDevelopers.stories.tsx[2m > [22m[2mDev Setup
[22m[39m[FilesContext] File observeQuery update: 6 files
[90mstdout[2m | .storybook/docs/ForDevelopers.stories.tsx[2m > [22m[2mDev Setup
[22m[39m[ChatContext] AssistantChat initialized with 1 chats
[90mstdout[2m | .storybook/docs/ForDevelopers.stories.tsx[2m > [22m[2mDev Setup
[22m[39m[ChatContext] Setting initial chat: mock-assistant-chat-1
[90mstdout[2m | .storybook/docs/ForDevelopers.stories.tsx[2m > [22m[2mDev Setup
[22m[39m[MOCK CourseVectorStore] Initialized with mock data
[90mstdout[2m | .storybook/docs/ForDevelopers.stories.tsx[2m > [22m[2mDev Setup
[22m[39m[FilesContext] Vector store population triggered {
  "currentVectorStoreSize": 3,
  "documentsCount": 0,
  "filesCount": 6,
  "isInitialLoad": true,
}
[90mstdout[2m | .storybook/docs/ForDevelopers.stories.tsx[2m > [22m[2mDev Setup
[22m[39m[FilesContext] Vector store population complete - 3 total embeddings
[90mstdout[2m | .storybook/docs/ForDevelopers.stories.tsx[2m > [22m[2mDev Setup
[22m[39m[ChatContext] Chat exists and not archived, skipping creation
[90mstdout[2m | .storybook/docs/ForDevelopers.stories.tsx[2m > [22m[2mDev Setup
[22m[39m[Mock Storage] downloadData called with: undefined
 [32m✓[39m [30m[45m storybook (chromium) [49m[39m .storybook/docs/ForDevelopers.stories.tsx [2m([22m[2m2 tests[22m[2m)[22m[33m 517[2mms[22m[39m
[90mstdout[2m | unknown test
[22m[39m[MOCK vectorStoreDB.js] Module loaded - mock IndexedDB operations
[90mstdout[2m | unknown test
[22m[39m[Task Completion] DOM action listeners initialized
[90mstdout[2m | unknown test
[22m[39m[Task Completion] Auto-completion detector initialized
[90mstdout[2m | unknown test
[22m[39m[Preview] Task completion detector initialized
[90mstdout[2m | src/components/Gamification/SquadCrest.stories.tsx[2m > [22m[2mDefault
[22m[39m[TranslationModeController] Setting mode to: off
[90mstdout[2m | src/components/Gamification/SquadCrest.stories.tsx[2m > [22m[2mLarge
[22m[39m[TranslationModeController] Setting mode to: off
[90mstdout[2m | src/components/Gamification/SquadCrest.stories.tsx[2m > [22m[2mSmall No Name
[22m[39m[TranslationModeController] Setting mode to: off
 [32m✓[39m [30m[45m storybook (chromium) [49m[39m src/components/Gamification/SquadCrest.stories.tsx [2m([22m[2m3 tests[22m[2m)[22m[33m 313[2mms[22m[39m
[90mstdout[2m | unknown test
[22m[39m[MOCK vectorStoreDB.js] Module loaded - mock IndexedDB operations
[90mstdout[2m | unknown test
[22m[39m[Task Completion] DOM action listeners initialized
[90mstdout[2m | unknown test
[22m[39m[Task Completion] Auto-completion detector initialized
[90mstdout[2m | unknown test
[22m[39m[Preview] Task completion detector initialized
[90mstdout[2m | src/components/PeerReview/OpenPeerReviewButton.stories.tsx[2m > [22m[2mOpen Button Default
[22m[39m[MOCK CourseVectorStore] Initialized with mock data
[90mstdout[2m | src/components/PeerReview/OpenPeerReviewButton.stories.tsx[2m > [22m[2mOpen Button Default
[22m[39m[TranslationModeController] Setting mode to: off
[90mstdout[2m | src/components/PeerReview/OpenPeerReviewButton.stories.tsx[2m > [22m[2mOpen Button Default
[22m[39m[UnitContext] useEffect triggered {
  "authLoading": false,
  "hasUser": true,
  "id": "mock-unit-id",
  "userSub": "mock-user-sub",
}
[90mstdout[2m | src/components/PeerReview/OpenPeerReviewButton.stories.tsx[2m > [22m[2mOpen Button Default
[22m[39m[UnitContext] Fetching unit data for id: mock-unit-id
[90mstdout[2m | src/components/PeerReview/OpenPeerReviewButton.stories.tsx[2m > [22m[2mOpen Button Default
[22m[39m[FilesContext] Initializing vector store from IndexedDB
[90mstdout[2m | src/components/PeerReview/OpenPeerReviewButton.stories.tsx[2m > [22m[2mOpen Button Default
[22m[39m[FilesContext] fetchFiles called
[90mstdout[2m | src/components/PeerReview/OpenPeerReviewButton.stories.tsx[2m > [22m[2mOpen Button Default
[22m[39m[FilesContext] User authenticated: mock-user-sub
[90mstdout[2m | src/components/PeerReview/OpenPeerReviewButton.stories.tsx[2m > [22m[2mOpen Button Default
[22m[39m[FilesContext] Identity ID: us-east-1:mock-identity-123
[90mstdout[2m | src/components/PeerReview/OpenPeerReviewButton.stories.tsx[2m > [22m[2mOpen Button Default
[22m[39m[FilesContext] About to set up File observeQuery
[90mstdout[2m | src/components/PeerReview/OpenPeerReviewButton.stories.tsx[2m > [22m[2mOpen Button Default
[22m[39m[ChatContext] Setting up AssistantChat observeQuery
[90mstdout[2m | src/components/PeerReview/OpenPeerReviewButton.stories.tsx[2m > [22m[2mOpen Button Default
[22m[39m[ChatContext] Waiting for subscription to initialize
[90mstdout[2m | src/components/PeerReview/OpenPeerReviewButton.stories.tsx[2m > [22m[2mOpen Button Default
[22m[39m[SettingsContext] Setting up Settings subscription for user: mock-user-sub
[90mstdout[2m | src/components/PeerReview/OpenPeerReviewButton.stories.tsx[2m > [22m[2mOpen Button Default
[22m[39m[Mock Data] Settings created: mock-settings-1790416602775 - notified 0 subscribers
[90mstdout[2m | src/components/PeerReview/OpenPeerReviewButton.stories.tsx[2m > [22m[2mOpen Button Default
[22m[39m[Mock Data] Unit.onUpdate() subscription added. Total: 1
[90mstdout[2m | src/components/PeerReview/OpenPeerReviewButton.stories.tsx[2m > [22m[2mOpen Button Default
[22m[39m[SectionContext] Section observeQuery update: 0
[90mstdout[2m | src/components/PeerReview/OpenPeerReviewButton.stories.tsx[2m > [22m[2mOpen Button Default
[22m[39m[FilesContext] File observeQuery update: 6 files
[90mstdout[2m | src/components/PeerReview/OpenPeerReviewButton.stories.tsx[2m > [22m[2mOpen Button Default
[22m[39m[MOCK CourseVectorStore] Initialized with mock data
[90mstdout[2m | src/components/PeerReview/OpenPeerReviewButton.stories.tsx[2m > [22m[2mOpen Button Default
[22m[39m[FilesContext] Vector store population triggered {
  "currentVectorStoreSize": 3,
  "documentsCount": 0,
  "filesCount": 6,
  "isInitialLoad": true,
}
[90mstdout[2m | src/components/PeerReview/OpenPeerReviewButton.stories.tsx[2m > [22m[2mOpen Button Default
[22m[39m[FilesContext] Vector store population complete - 3 total embeddings
[90mstdout[2m | src/components/PeerReview/OpenPeerReviewButton.stories.tsx[2m > [22m[2mOpen Button Default
[22m[39m[ChatContext] AssistantChat initialized with 1 chats
[90mstdout[2m | src/components/PeerReview/OpenPeerReviewButton.stories.tsx[2m > [22m[2mOpen Button Default
[22m[39m[ChatContext] Setting initial chat: mock-assistant-chat-1
[90mstdout[2m | src/components/PeerReview/OpenPeerReviewButton.stories.tsx[2m > [22m[2mOpen Button Default
[22m[39m[Mock Storage] downloadData called with: undefined
[90mstdout[2m | src/components/PeerReview/OpenPeerReviewButton.stories.tsx[2m > [22m[2mOpen Button Default
[22m[39m[ChatContext] Chat exists and not archived, skipping creation
[90mstdout[2m | src/components/PeerReview/OpenPeerReviewButton.stories.tsx[2m > [22m[2mOpen Button Disabled
[22m[39m[ChatContext] Cleaning up subscriptions
[90mstdout[2m | src/components/PeerReview/OpenPeerReviewButton.stories.tsx[2m > [22m[2mOpen Button Disabled
[22m[39m[Mock Data] Unit.onUpdate() subscription removed. Remaining: 0
[90mstdout[2m | src/components/PeerReview/OpenPeerReviewButton.stories.tsx[2m > [22m[2mOpen Button Disabled
[22m[39m[MOCK CourseVectorStore] Initialized with mock data
[90mstdout[2m | src/components/PeerReview/OpenPeerReviewButton.stories.tsx[2m > [22m[2mOpen Button Disabled
[22m[39m[TranslationModeController] Setting mode to: off
[90mstdout[2m | src/components/PeerReview/OpenPeerReviewButton.stories.tsx[2m > [22m[2mOpen Button Disabled
[22m[39m[UnitContext] useEffect triggered {
  "authLoading": false,
  "hasUser": true,
  "id": "mock-unit-id",
  "userSub": "mock-user-sub",
}
[90mstdout[2m | src/components/PeerReview/OpenPeerReviewButton.stories.tsx[2m > [22m[2mOpen Button Disabled
[22m[39m[UnitContext] Fetching unit data for id: mock-unit-id
[90mstdout[2m | src/components/PeerReview/OpenPeerReviewButton.stories.tsx[2m > [22m[2mOpen Button Disabled
[22m[39m[FilesContext] Initializing vector store from IndexedDB
[90mstdout[2m | src/components/PeerReview/OpenPeerReviewButton.stories.tsx[2m > [22m[2mOpen Button Disabled
[22m[39m[FilesContext] fetchFiles called
[90mstdout[2m | src/components/PeerReview/OpenPeerReviewButton.stories.tsx[2m > [22m[2mOpen Button Disabled
[22m[39m[FilesContext] User authenticated: mock-user-sub
[90mstdout[2m | src/components/PeerReview/OpenPeerReviewButton.stories.tsx[2m > [22m[2mOpen Button Disabled
[22m[39m[FilesContext] Identity ID: us-east-1:mock-identity-123
[90mstdout[2m | src/components/PeerReview/OpenPeerReviewButton.stories.tsx[2m > [22m[2mOpen Button Disabled
[22m[39m[FilesContext] About to set up File observeQuery
[90mstdout[2m | src/components/PeerReview/OpenPeerReviewButton.stories.tsx[2m > [22m[2mOpen Button Disabled
[22m[39m[ChatContext] Setting up AssistantChat observeQuery
[90mstdout[2m | src/components/PeerReview/OpenPeerReviewButton.stories.tsx[2m > [22m[2mOpen Button Disabled
[22m[39m[ChatContext] Waiting for subscription to initialize
[90mstdout[2m | src/components/PeerReview/OpenPeerReviewButton.stories.tsx[2m > [22m[2mOpen Button Disabled
[22m[39m[SettingsContext] Setting up Settings subscription for user: mock-user-sub
[90mstdout[2m | src/components/PeerReview/OpenPeerReviewButton.stories.tsx[2m > [22m[2mOpen Button Disabled
[22m[39m[Mock Data] Settings created: mock-settings-1790416602920 - notified 0 subscribers
[90mstdout[2m | src/components/PeerReview/OpenPeerReviewButton.stories.tsx[2m > [22m[2mOpen Button Disabled
[22m[39m[Mock Data] Unit.onUpdate() subscription added. Total: 1
[90mstdout[2m | src/components/PeerReview/OpenPeerReviewButton.stories.tsx[2m > [22m[2mOpen Button Disabled
[22m[39m[SectionContext] Section observeQuery update: 0
[90mstdout[2m | src/components/PeerReview/OpenPeerReviewButton.stories.tsx[2m > [22m[2mOpen Button Disabled
[22m[39m[FilesContext] File observeQuery update: 6 files
[90mstdout[2m | src/components/PeerReview/OpenPeerReviewButton.stories.tsx[2m > [22m[2mOpen Button Disabled
[22m[39m[MOCK CourseVectorStore] Initialized with mock data
[90mstdout[2m | src/components/PeerReview/OpenPeerReviewButton.stories.tsx[2m > [22m[2mOpen Button Disabled
[22m[39m[FilesContext] Vector store population triggered {
  "currentVectorStoreSize": 3,
  "documentsCount": 0,
  "filesCount": 6,
  "isInitialLoad": true,
}
[90mstdout[2m | src/components/PeerReview/OpenPeerReviewButton.stories.tsx[2m > [22m[2mOpen Button Disabled
[22m[39m[FilesContext] Vector store population complete - 3 total embeddings
[90mstdout[2m | src/components/PeerReview/OpenPeerReviewButton.stories.tsx[2m > [22m[2mOpen Button Disabled
[22m[39m[ChatContext] AssistantChat initialized with 1 chats
[90mstdout[2m | src/components/PeerReview/OpenPeerReviewButton.stories.tsx[2m > [22m[2mOpen Button Disabled
[22m[39m[ChatContext] Setting initial chat: mock-assistant-chat-1
[90mstdout[2m | src/components/PeerReview/OpenPeerReviewButton.stories.tsx[2m > [22m[2mOpen Button Disabled
[22m[39m[Mock Storage] downloadData called with: undefined
[90mstdout[2m | src/components/PeerReview/OpenPeerReviewButton.stories.tsx[2m > [22m[2mOpen Button Disabled
[22m[39m[ChatContext] Chat exists and not archived, skipping creation
[90mstdout[2m | src/components/PeerReview/OpenPeerReviewButton.stories.tsx[2m > [22m[2mOpen Button Create Error
[22m[39m[ChatContext] Cleaning up subscriptions
[90mstdout[2m | src/components/PeerReview/OpenPeerReviewButton.stories.tsx[2m > [22m[2mOpen Button Create Error
[22m[39m[Mock Data] Unit.onUpdate() subscription removed. Remaining: 0
[90mstdout[2m | src/components/PeerReview/OpenPeerReviewButton.stories.tsx[2m > [22m[2mOpen Button Create Error
[22m[39m[MOCK CourseVectorStore] Initialized with mock data
[90mstdout[2m | src/components/PeerReview/OpenPeerReviewButton.stories.tsx[2m > [22m[2mOpen Button Create Error
[22m[39m[TranslationModeController] Setting mode to: off
[90mstdout[2m | src/components/PeerReview/OpenPeerReviewButton.stories.tsx[2m > [22m[2mOpen Button Create Error
[22m[39m[UnitContext] useEffect triggered {
  "authLoading": false,
  "hasUser": true,
  "id": "mock-unit-id",
  "userSub": "mock-user-sub",
}
[90mstdout[2m | src/components/PeerReview/OpenPeerReviewButton.stories.tsx[2m > [22m[2mOpen Button Create Error
[22m[39m[UnitContext] Fetching unit data for id: mock-unit-id
[90mstdout[2m | src/components/PeerReview/OpenPeerReviewButton.stories.tsx[2m > [22m[2mOpen Button Create Error
[22m[39m[FilesContext] Initializing vector store from IndexedDB
[90mstdout[2m | src/components/PeerReview/OpenPeerReviewButton.stories.tsx[2m > [22m[2mOpen Button Create Error
[22m[39m[FilesContext] fetchFiles called
[90mstdout[2m | src/components/PeerReview/OpenPeerReviewButton.stories.tsx[2m > [22m[2mOpen Button Create Error
[22m[39m[FilesContext] User authenticated: mock-user-sub
[90mstdout[2m | src/components/PeerReview/OpenPeerReviewButton.stories.tsx[2m > [22m[2mOpen Button Create Error
[22m[39m[FilesContext] Identity ID: us-east-1:mock-identity-123
[90mstdout[2m | src/components/PeerReview/OpenPeerReviewButton.stories.tsx[2m > [22m[2mOpen Button Create Error
[22m[39m[FilesContext] About to set up File observeQuery
[90mstdout[2m | src/components/PeerReview/OpenPeerReviewButton.stories.tsx[2m > [22m[2mOpen Button Create Error
[22m[39m[ChatContext] Setting up AssistantChat observeQuery
[90mstdout[2m | src/components/PeerReview/OpenPeerReviewButton.stories.tsx[2m > [22m[2mOpen Button Create Error
[22m[39m[ChatContext] Waiting for subscription to initialize
[90mstdout[2m | src/components/PeerReview/OpenPeerReviewButton.stories.tsx[2m > [22m[2mOpen Button Create Error
[22m[39m[SettingsContext] Setting up Settings subscription for user: mock-user-sub
[90mstdout[2m | src/components/PeerReview/OpenPeerReviewButton.stories.tsx[2m > [22m[2mOpen Button Create Error
[22m[39m[Mock Data] Settings created: mock-settings-1790416603000 - notified 0 subscribers
[90mstdout[2m | src/components/PeerReview/OpenPeerReviewButton.stories.tsx[2m > [22m[2mOpen Button Create Error
[22m[39m[Mock Data] Unit.onUpdate() subscription added. Total: 1
[90mstdout[2m | src/components/PeerReview/OpenPeerReviewButton.stories.tsx[2m > [22m[2mOpen Button Create Error
[22m[39m[SectionContext] Section observeQuery update: 0
[90mstdout[2m | src/components/PeerReview/OpenPeerReviewButton.stories.tsx[2m > [22m[2mOpen Button Create Error
[22m[39m[FilesContext] File observeQuery update: 6 files
[90mstdout[2m | src/components/PeerReview/OpenPeerReviewButton.stories.tsx[2m > [22m[2mOpen Button Create Error
[22m[39m[ChatContext] AssistantChat initialized with 1 chats
[90mstdout[2m | src/components/PeerReview/OpenPeerReviewButton.stories.tsx[2m > [22m[2mOpen Button Create Error
[22m[39m[ChatContext] Setting initial chat: mock-assistant-chat-1
[90mstdout[2m | src/components/PeerReview/OpenPeerReviewButton.stories.tsx[2m > [22m[2mOpen Button Create Error
[22m[39m[Mock Storage] downloadData called with: undefined
[90mstdout[2m | src/components/PeerReview/OpenPeerReviewButton.stories.tsx[2m > [22m[2mOpen Button Create Error
[22m[39m[MOCK CourseVectorStore] Initialized with mock data
[90mstdout[2m | src/components/PeerReview/OpenPeerReviewButton.stories.tsx[2m > [22m[2mOpen Button Create Error
[22m[39m[FilesContext] Vector store population triggered {
  "currentVectorStoreSize": 3,
  "documentsCount": 0,
  "filesCount": 6,
  "isInitialLoad": true,
}
[90mstdout[2m | src/components/PeerReview/OpenPeerReviewButton.stories.tsx[2m > [22m[2mOpen Button Create Error
[22m[39m[FilesContext] Vector store population complete - 3 total embeddings
[90mstdout[2m | src/components/PeerReview/OpenPeerReviewButton.stories.tsx[2m > [22m[2mOpen Button Create Error
[22m[39m[ChatContext] Chat exists and not archived, skipping creation
 [32m✓[39m [30m[45m storybook (chromium) [49m[39m src/components/PeerReview/OpenPeerReviewButton.stories.tsx [2m([22m[2m3 tests[22m[2m)[22m[33m 337[2mms[22m[39m
[90mstdout[2m | unknown test
[22m[39m[MOCK vectorStoreDB.js] Module loaded - mock IndexedDB operations
[90mstdout[2m | unknown test
[22m[39m[Task Completion] DOM action listeners initialized
[90mstdout[2m | unknown test
[22m[39m[Task Completion] Auto-completion detector initialized
[90mstdout[2m | unknown test
[22m[39m[Preview] Task completion detector initialized
[90mstdout[2m | src/components/Workbook/WorkbookPresenceBar.stories.tsx[2m > [22m[2mThree Users
[22m[39m[MOCK CourseVectorStore] Initialized with mock data
[90mstdout[2m | src/components/Workbook/WorkbookPresenceBar.stories.tsx[2m > [22m[2mThree Users
[22m[39m[TranslationModeController] Setting mode to: off
[90mstdout[2m | src/components/Workbook/WorkbookPresenceBar.stories.tsx[2m > [22m[2mThree Users
[22m[39m[UnitContext] useEffect triggered {
  "authLoading": false,
  "hasUser": true,
  "id": "mock-unit-id",
  "userSub": "mock-user-sub",
}
[90mstdout[2m | src/components/Workbook/WorkbookPresenceBar.stories.tsx[2m > [22m[2mThree Users
[22m[39m[UnitContext] Fetching unit data for id: mock-unit-id
[90mstdout[2m | src/components/Workbook/WorkbookPresenceBar.stories.tsx[2m > [22m[2mThree Users
[22m[39m[FilesContext] Initializing vector store from IndexedDB
[90mstdout[2m | src/components/Workbook/WorkbookPresenceBar.stories.tsx[2m > [22m[2mThree Users
[22m[39m[FilesContext] fetchFiles called
[90mstdout[2m | src/components/Workbook/WorkbookPresenceBar.stories.tsx[2m > [22m[2mThree Users
[22m[39m[FilesContext] User authenticated: mock-user-sub
[90mstdout[2m | src/components/Workbook/WorkbookPresenceBar.stories.tsx[2m > [22m[2mThree Users
[22m[39m[FilesContext] Identity ID: us-east-1:mock-identity-123
[90mstdout[2m | src/components/Workbook/WorkbookPresenceBar.stories.tsx[2m > [22m[2mThree Users
[22m[39m[FilesContext] About to set up File observeQuery
[90mstdout[2m | src/components/Workbook/WorkbookPresenceBar.stories.tsx[2m > [22m[2mThree Users
[22m[39m[ChatContext] Setting up AssistantChat observeQuery
[90mstdout[2m | src/components/Workbook/WorkbookPresenceBar.stories.tsx[2m > [22m[2mThree Users
[22m[39m[ChatContext] Waiting for subscription to initialize
[90mstdout[2m | src/components/Workbook/WorkbookPresenceBar.stories.tsx[2m > [22m[2mThree Users
[22m[39m[SettingsContext] Setting up Settings subscription for user: mock-user-sub
[90mstdout[2m | src/components/Workbook/WorkbookPresenceBar.stories.tsx[2m > [22m[2mThree Users
[22m[39m[Mock Data] Settings created: mock-settings-1790416603692 - notified 0 subscribers
[90mstdout[2m | src/components/Workbook/WorkbookPresenceBar.stories.tsx[2m > [22m[2mThree Users
[22m[39m[Mock Data] Unit.onUpdate() subscription added. Total: 1
[90mstdout[2m | src/components/Workbook/WorkbookPresenceBar.stories.tsx[2m > [22m[2mThree Users
[22m[39m[SectionContext] Section observeQuery update: 0
[90mstdout[2m | src/components/Workbook/WorkbookPresenceBar.stories.tsx[2m > [22m[2mThree Users
[22m[39m[FilesContext] File observeQuery update: 6 files
[90mstdout[2m | src/components/Workbook/WorkbookPresenceBar.stories.tsx[2m > [22m[2mThree Users
[22m[39m[ChatContext] AssistantChat initialized with 1 chats
[90mstdout[2m | src/components/Workbook/WorkbookPresenceBar.stories.tsx[2m > [22m[2mThree Users
[22m[39m[ChatContext] Setting initial chat: mock-assistant-chat-1
[90mstdout[2m | src/components/Workbook/WorkbookPresenceBar.stories.tsx[2m > [22m[2mThree Users
[22m[39m[MOCK CourseVectorStore] Initialized with mock data
[90mstdout[2m | src/components/Workbook/WorkbookPresenceBar.stories.tsx[2m > [22m[2mThree Users
[22m[39m[FilesContext] Vector store population triggered {
  "currentVectorStoreSize": 3,
  "documentsCount": 0,
  "filesCount": 6,
  "isInitialLoad": true,
}
[90mstdout[2m | src/components/Workbook/WorkbookPresenceBar.stories.tsx[2m > [22m[2mThree Users
[22m[39m[FilesContext] Vector store population complete - 3 total embeddings
[90mstdout[2m | src/components/Workbook/WorkbookPresenceBar.stories.tsx[2m > [22m[2mThree Users
[22m[39m[ChatContext] Chat exists and not archived, skipping creation
[90mstdout[2m | src/components/Workbook/WorkbookPresenceBar.stories.tsx[2m > [22m[2mThree Users
[22m[39m[Mock Storage] downloadData called with: undefined
[90mstdout[2m | src/components/Workbook/WorkbookPresenceBar.stories.tsx[2m > [22m[2mSingle User
[22m[39m[ChatContext] Cleaning up subscriptions
[90mstdout[2m | src/components/Workbook/WorkbookPresenceBar.stories.tsx[2m > [22m[2mSingle User
[22m[39m[Mock Data] Unit.onUpdate() subscription removed. Remaining: 0
[90mstdout[2m | src/components/Workbook/WorkbookPresenceBar.stories.tsx[2m > [22m[2mSingle User
[22m[39m[MOCK CourseVectorStore] Initialized with mock data
[90mstdout[2m | src/components/Workbook/WorkbookPresenceBar.stories.tsx[2m > [22m[2mSingle User
[22m[39m[TranslationModeController] Setting mode to: off
[90mstdout[2m | src/components/Workbook/WorkbookPresenceBar.stories.tsx[2m > [22m[2mSingle User
[22m[39m[UnitContext] useEffect triggered {
  "authLoading": false,
  "hasUser": true,
  "id": "mock-unit-id",
  "userSub": "mock-user-sub",
}
[90mstdout[2m | src/components/Workbook/WorkbookPresenceBar.stories.tsx[2m > [22m[2mSingle User
[22m[39m[UnitContext] Fetching unit data for id: mock-unit-id
[90mstdout[2m | src/components/Workbook/WorkbookPresenceBar.stories.tsx[2m > [22m[2mSingle User
[22m[39m[FilesContext] Initializing vector store from IndexedDB
[90mstdout[2m | src/components/Workbook/WorkbookPresenceBar.stories.tsx[2m > [22m[2mSingle User
[22m[39m[FilesContext] fetchFiles called
[90mstdout[2m | src/components/Workbook/WorkbookPresenceBar.stories.tsx[2m > [22m[2mSingle User
[22m[39m[FilesContext] User authenticated: mock-user-sub
[90mstdout[2m | src/components/Workbook/WorkbookPresenceBar.stories.tsx[2m > [22m[2mSingle User
[22m[39m[FilesContext] Identity ID: us-east-1:mock-identity-123
[90mstdout[2m | src/components/Workbook/WorkbookPresenceBar.stories.tsx[2m > [22m[2mSingle User
[22m[39m[FilesContext] About to set up File observeQuery
[90mstdout[2m | src/components/Workbook/WorkbookPresenceBar.stories.tsx[2m > [22m[2mSingle User
[22m[39m[ChatContext] Setting up AssistantChat observeQuery
[90mstdout[2m | src/components/Workbook/WorkbookPresenceBar.stories.tsx[2m > [22m[2mSingle User
[22m[39m[ChatContext] Waiting for subscription to initialize
[90mstdout[2m | src/components/Workbook/WorkbookPresenceBar.stories.tsx[2m > [22m[2mSingle User
[22m[39m[SettingsContext] Setting up Settings subscription for user: mock-user-sub
[90mstdout[2m | src/components/Workbook/WorkbookPresenceBar.stories.tsx[2m > [22m[2mSingle User
[22m[39m[Mock Data] Settings created: mock-settings-1790416603827 - notified 0 subscribers
[90mstdout[2m | src/components/Workbook/WorkbookPresenceBar.stories.tsx[2m > [22m[2mSingle User
[22m[39m[Mock Data] Unit.onUpdate() subscription added. Total: 1
[90mstdout[2m | src/components/Workbook/WorkbookPresenceBar.stories.tsx[2m > [22m[2mSingle User
[22m[39m[SectionContext] Section observeQuery update: 0
[90mstdout[2m | src/components/Workbook/WorkbookPresenceBar.stories.tsx[2m > [22m[2mSingle User
[22m[39m[FilesContext] File observeQuery update: 6 files
[90mstdout[2m | src/components/Workbook/WorkbookPresenceBar.stories.tsx[2m > [22m[2mSingle User
[22m[39m[ChatContext] AssistantChat initialized with 1 chats
[90mstdout[2m | src/components/Workbook/WorkbookPresenceBar.stories.tsx[2m > [22m[2mSingle User
[22m[39m[ChatContext] Setting initial chat: mock-assistant-chat-1
[90mstdout[2m | src/components/Workbook/WorkbookPresenceBar.stories.tsx[2m > [22m[2mSingle User
[22m[39m[Mock Storage] downloadData called with: undefined
[90mstdout[2m | src/components/Workbook/WorkbookPresenceBar.stories.tsx[2m > [22m[2mSingle User
[22m[39m[MOCK CourseVectorStore] Initialized with mock data
[90mstdout[2m | src/components/Workbook/WorkbookPresenceBar.stories.tsx[2m > [22m[2mSingle User
[22m[39m[FilesContext] Vector store population triggered {
  "currentVectorStoreSize": 3,
  "documentsCount": 0,
  "filesCount": 6,
  "isInitialLoad": true,
}
[90mstdout[2m | src/components/Workbook/WorkbookPresenceBar.stories.tsx[2m > [22m[2mSingle User
[22m[39m[FilesContext] Vector store population complete - 3 total embeddings
[90mstdout[2m | src/components/Workbook/WorkbookPresenceBar.stories.tsx[2m > [22m[2mSingle User
[22m[39m[ChatContext] Chat exists and not archived, skipping creation
[90mstdout[2m | src/components/Workbook/WorkbookPresenceBar.stories.tsx[2m > [22m[2mWith Idle Users
[22m[39m[ChatContext] Cleaning up subscriptions
[90mstdout[2m | src/components/Workbook/WorkbookPresenceBar.stories.tsx[2m > [22m[2mWith Idle Users
[22m[39m[Mock Data] Unit.onUpdate() subscription removed. Remaining: 0
[90mstdout[2m | src/components/Workbook/WorkbookPresenceBar.stories.tsx[2m > [22m[2mWith Idle Users
[22m[39m[MOCK CourseVectorStore] Initialized with mock data
[90mstdout[2m | src/components/Workbook/WorkbookPresenceBar.stories.tsx[2m > [22m[2mWith Idle Users
[22m[39m[TranslationModeController] Setting mode to: off
[90mstdout[2m | src/components/Workbook/WorkbookPresenceBar.stories.tsx[2m > [22m[2mWith Idle Users
[22m[39m[UnitContext] useEffect triggered {
  "authLoading": false,
  "hasUser": true,
  "id": "mock-unit-id",
  "userSub": "mock-user-sub",
}
[90mstdout[2m | src/components/Workbook/WorkbookPresenceBar.stories.tsx[2m > [22m[2mWith Idle Users
[22m[39m[UnitContext] Fetching unit data for id: mock-unit-id
[90mstdout[2m | src/components/Workbook/WorkbookPresenceBar.stories.tsx[2m > [22m[2mWith Idle Users
[22m[39m[FilesContext] Initializing vector store from IndexedDB
[90mstdout[2m | src/components/Workbook/WorkbookPresenceBar.stories.tsx[2m > [22m[2mWith Idle Users
[22m[39m[FilesContext] fetchFiles called
[90mstdout[2m | src/components/Workbook/WorkbookPresenceBar.stories.tsx[2m > [22m[2mWith Idle Users
[22m[39m[FilesContext] User authenticated: mock-user-sub
[90mstdout[2m | src/components/Workbook/WorkbookPresenceBar.stories.tsx[2m > [22m[2mWith Idle Users
[22m[39m[FilesContext] Identity ID: us-east-1:mock-identity-123
[90mstdout[2m | src/components/Workbook/WorkbookPresenceBar.stories.tsx[2m > [22m[2mWith Idle Users
[22m[39m[FilesContext] About to set up File observeQuery
[90mstdout[2m | src/components/Workbook/WorkbookPresenceBar.stories.tsx[2m > [22m[2mWith Idle Users
[22m[39m[ChatContext] Setting up AssistantChat observeQuery
[90mstdout[2m | src/components/Workbook/WorkbookPresenceBar.stories.tsx[2m > [22m[2mWith Idle Users
[22m[39m[ChatContext] Waiting for subscription to initialize
[90mstdout[2m | src/components/Workbook/WorkbookPresenceBar.stories.tsx[2m > [22m[2mWith Idle Users
[22m[39m[SettingsContext] Setting up Settings subscription for user: mock-user-sub
[90mstdout[2m | src/components/Workbook/WorkbookPresenceBar.stories.tsx[2m > [22m[2mWith Idle Users
[22m[39m[Mock Data] Settings created: mock-settings-1790416603925 - notified 0 subscribers
[90mstdout[2m | src/components/Workbook/WorkbookPresenceBar.stories.tsx[2m > [22m[2mWith Idle Users
[22m[39m[Mock Data] Unit.onUpdate() subscription added. Total: 1
[90mstdout[2m | src/components/Workbook/WorkbookPresenceBar.stories.tsx[2m > [22m[2mWith Idle Users
[22m[39m[SectionContext] Section observeQuery update: 0
[90mstdout[2m | src/components/Workbook/WorkbookPresenceBar.stories.tsx[2m > [22m[2mWith Idle Users
[22m[39m[FilesContext] File observeQuery update: 6 files
[90mstdout[2m | src/components/Workbook/WorkbookPresenceBar.stories.tsx[2m > [22m[2mWith Idle Users
[22m[39m[ChatContext] AssistantChat initialized with 1 chats
[90mstdout[2m | src/components/Workbook/WorkbookPresenceBar.stories.tsx[2m > [22m[2mWith Idle Users
[22m[39m[ChatContext] Setting initial chat: mock-assistant-chat-1
[90mstdout[2m | src/components/Workbook/WorkbookPresenceBar.stories.tsx[2m > [22m[2mWith Idle Users
[22m[39m[MOCK CourseVectorStore] Initialized with mock data
[90mstdout[2m | src/components/Workbook/WorkbookPresenceBar.stories.tsx[2m > [22m[2mWith Idle Users
[22m[39m[FilesContext] Vector store population triggered {
  "currentVectorStoreSize": 3,
  "documentsCount": 0,
  "filesCount": 6,
  "isInitialLoad": true,
}
[90mstdout[2m | src/components/Workbook/WorkbookPresenceBar.stories.tsx[2m > [22m[2mWith Idle Users
[22m[39m[FilesContext] Vector store population complete - 3 total embeddings
[90mstdout[2m | src/components/Workbook/WorkbookPresenceBar.stories.tsx[2m > [22m[2mWith Idle Users
[22m[39m[ChatContext] Chat exists and not archived, skipping creation
[90mstdout[2m | src/components/Workbook/WorkbookPresenceBar.stories.tsx[2m > [22m[2mWith Idle Users
[22m[39m[Mock Storage] downloadData called with: undefined
[90mstdout[2m | src/components/Workbook/WorkbookPresenceBar.stories.tsx[2m > [22m[2mOverflow
[22m[39m[ChatContext] Cleaning up subscriptions
[90mstdout[2m | src/components/Workbook/WorkbookPresenceBar.stories.tsx[2m > [22m[2mOverflow
[22m[39m[Mock Data] Unit.onUpdate() subscription removed. Remaining: 0
[90mstdout[2m | src/components/Workbook/WorkbookPresenceBar.stories.tsx[2m > [22m[2mOverflow
[22m[39m[MOCK CourseVectorStore] Initialized with mock data
[90mstdout[2m | src/components/Workbook/WorkbookPresenceBar.stories.tsx[2m > [22m[2mOverflow
[22m[39m[TranslationModeController] Setting mode to: off
[90mstdout[2m | src/components/Workbook/WorkbookPresenceBar.stories.tsx[2m > [22m[2mOverflow
[22m[39m[UnitContext] useEffect triggered {
  "authLoading": false,
  "hasUser": true,
  "id": "mock-unit-id",
  "userSub": "mock-user-sub",
}
[90mstdout[2m | src/components/Workbook/WorkbookPresenceBar.stories.tsx[2m > [22m[2mOverflow
[22m[39m[UnitContext] Fetching unit data for id: mock-unit-id
[90mstdout[2m | src/components/Workbook/WorkbookPresenceBar.stories.tsx[2m > [22m[2mOverflow
[22m[39m[FilesContext] Initializing vector store from IndexedDB
[90mstdout[2m | src/components/Workbook/WorkbookPresenceBar.stories.tsx[2m > [22m[2mOverflow
[22m[39m[FilesContext] fetchFiles called
[90mstdout[2m | src/components/Workbook/WorkbookPresenceBar.stories.tsx[2m > [22m[2mOverflow
[22m[39m[FilesContext] User authenticated: mock-user-sub
[90mstdout[2m | src/components/Workbook/WorkbookPresenceBar.stories.tsx[2m > [22m[2mOverflow
[22m[39m[FilesContext] Identity ID: us-east-1:mock-identity-123
[90mstdout[2m | src/components/Workbook/WorkbookPresenceBar.stories.tsx[2m > [22m[2mOverflow
[22m[39m[FilesContext] About to set up File observeQuery
[90mstdout[2m | src/components/Workbook/WorkbookPresenceBar.stories.tsx[2m > [22m[2mOverflow
[22m[39m[ChatContext] Setting up AssistantChat observeQuery
[90mstdout[2m | src/components/Workbook/WorkbookPresenceBar.stories.tsx[2m > [22m[2mOverflow
[22m[39m[ChatContext] Waiting for subscription to initialize
[90mstdout[2m | src/components/Workbook/WorkbookPresenceBar.stories.tsx[2m > [22m[2mOverflow
[22m[39m[SettingsContext] Setting up Settings subscription for user: mock-user-sub
[90mstdout[2m | src/components/Workbook/WorkbookPresenceBar.stories.tsx[2m > [22m[2mOverflow
[22m[39m[Mock Data] Settings created: mock-settings-1790416604027 - notified 0 subscribers
[90mstdout[2m | src/components/Workbook/WorkbookPresenceBar.stories.tsx[2m > [22m[2mOverflow
[22m[39m[Mock Data] Unit.onUpdate() subscription added. Total: 1
[90mstdout[2m | src/components/Workbook/WorkbookPresenceBar.stories.tsx[2m > [22m[2mOverflow
[22m[39m[SectionContext] Section observeQuery update: 0
[90mstdout[2m | src/components/Workbook/WorkbookPresenceBar.stories.tsx[2m > [22m[2mOverflow
[22m[39m[FilesContext] File observeQuery update: 6 files
[90mstdout[2m | src/components/Workbook/WorkbookPresenceBar.stories.tsx[2m > [22m[2mOverflow
[22m[39m[ChatContext] AssistantChat initialized with 1 chats
[90mstdout[2m | src/components/Workbook/WorkbookPresenceBar.stories.tsx[2m > [22m[2mOverflow
[22m[39m[ChatContext] Setting initial chat: mock-assistant-chat-1
[90mstdout[2m | src/components/Workbook/WorkbookPresenceBar.stories.tsx[2m > [22m[2mOverflow
[22m[39m[MOCK CourseVectorStore] Initialized with mock data
[90mstdout[2m | src/components/Workbook/WorkbookPresenceBar.stories.tsx[2m > [22m[2mOverflow
[22m[39m[FilesContext] Vector store population triggered {
  "currentVectorStoreSize": 3,
  "documentsCount": 0,
  "filesCount": 6,
  "isInitialLoad": true,
}
[90mstdout[2m | src/components/Workbook/WorkbookPresenceBar.stories.tsx[2m > [22m[2mOverflow
[22m[39m[FilesContext] Vector store population complete - 3 total embeddings
[90mstdout[2m | src/components/Workbook/WorkbookPresenceBar.stories.tsx[2m > [22m[2mOverflow
[22m[39m[ChatContext] Chat exists and not archived, skipping creation
[90mstdout[2m | src/components/Workbook/WorkbookPresenceBar.stories.tsx[2m > [22m[2mOverflow
[22m[39m[Mock Storage] downloadData called with: undefined
[90mstdout[2m | src/components/Workbook/WorkbookPresenceBar.stories.tsx[2m > [22m[2mEmpty
[22m[39m[ChatContext] Cleaning up subscriptions
[90mstdout[2m | src/components/Workbook/WorkbookPresenceBar.stories.tsx[2m > [22m[2mEmpty
[22m[39m[Mock Data] Unit.onUpdate() subscription removed. Remaining: 0
[90mstdout[2m | src/components/Workbook/WorkbookPresenceBar.stories.tsx[2m > [22m[2mEmpty
[22m[39m[MOCK CourseVectorStore] Initialized with mock data
[90mstdout[2m | src/components/Workbook/WorkbookPresenceBar.stories.tsx[2m > [22m[2mEmpty
[22m[39m[TranslationModeController] Setting mode to: off
[90mstdout[2m | src/components/Workbook/WorkbookPresenceBar.stories.tsx[2m > [22m[2mEmpty
[22m[39m[UnitContext] useEffect triggered {
  "authLoading": false,
  "hasUser": true,
  "id": "mock-unit-id",
  "userSub": "mock-user-sub",
}
[90mstdout[2m | src/components/Workbook/WorkbookPresenceBar.stories.tsx[2m > [22m[2mEmpty
[22m[39m[UnitContext] Fetching unit data for id: mock-unit-id
[90mstdout[2m | src/components/Workbook/WorkbookPresenceBar.stories.tsx[2m > [22m[2mEmpty
[22m[39m[FilesContext] Initializing vector store from IndexedDB
[90mstdout[2m | src/components/Workbook/WorkbookPresenceBar.stories.tsx[2m > [22m[2mEmpty
[22m[39m[FilesContext] fetchFiles called
[90mstdout[2m | src/components/Workbook/WorkbookPresenceBar.stories.tsx[2m > [22m[2mEmpty
[22m[39m[FilesContext] User authenticated: mock-user-sub
[90mstdout[2m | src/components/Workbook/WorkbookPresenceBar.stories.tsx[2m > [22m[2mEmpty
[22m[39m[FilesContext] Identity ID: us-east-1:mock-identity-123
[90mstdout[2m | src/components/Workbook/WorkbookPresenceBar.stories.tsx[2m > [22m[2mEmpty
[22m[39m[FilesContext] About to set up File observeQuery
[90mstdout[2m | src/components/Workbook/WorkbookPresenceBar.stories.tsx[2m > [22m[2mEmpty
[22m[39m[ChatContext] Setting up AssistantChat observeQuery
[90mstdout[2m | src/components/Workbook/WorkbookPresenceBar.stories.tsx[2m > [22m[2mEmpty
[22m[39m[ChatContext] Waiting for subscription to initialize
[90mstdout[2m | src/components/Workbook/WorkbookPresenceBar.stories.tsx[2m > [22m[2mEmpty
[22m[39m[SettingsContext] Setting up Settings subscription for user: mock-user-sub
[90mstdout[2m | src/components/Workbook/WorkbookPresenceBar.stories.tsx[2m > [22m[2mEmpty
[22m[39m[Mock Data] Settings created: mock-settings-1790416604131 - notified 0 subscribers
[90mstdout[2m | src/components/Workbook/WorkbookPresenceBar.stories.tsx[2m > [22m[2mEmpty
[22m[39m[Mock Data] Unit.onUpdate() subscription added. Total: 1
[90mstdout[2m | src/components/Workbook/WorkbookPresenceBar.stories.tsx[2m > [22m[2mEmpty
[22m[39m[SectionContext] Section observeQuery update: 0
[90mstdout[2m | src/components/Workbook/WorkbookPresenceBar.stories.tsx[2m > [22m[2mEmpty
[22m[39m[FilesContext] File observeQuery update: 6 files
[90mstdout[2m | src/components/Workbook/WorkbookPresenceBar.stories.tsx[2m > [22m[2mEmpty
[22m[39m[ChatContext] AssistantChat initialized with 1 chats
[90mstdout[2m | src/components/Workbook/WorkbookPresenceBar.stories.tsx[2m > [22m[2mEmpty
[22m[39m[ChatContext] Setting initial chat: mock-assistant-chat-1
[90mstdout[2m | src/components/Workbook/WorkbookPresenceBar.stories.tsx[2m > [22m[2mEmpty
[22m[39m[Mock Storage] downloadData called with: undefined
[90mstdout[2m | src/components/Workbook/WorkbookPresenceBar.stories.tsx[2m > [22m[2mEmpty
[22m[39m[MOCK CourseVectorStore] Initialized with mock data
[90mstdout[2m | src/components/Workbook/WorkbookPresenceBar.stories.tsx[2m > [22m[2mEmpty
[22m[39m[FilesContext] Vector store population triggered {
  "currentVectorStoreSize": 3,
  "documentsCount": 0,
  "filesCount": 6,
  "isInitialLoad": true,
}
[90mstdout[2m | src/components/Workbook/WorkbookPresenceBar.stories.tsx[2m > [22m[2mEmpty
[22m[39m[FilesContext] Vector store population complete - 3 total embeddings
[90mstdout[2m | src/components/Workbook/WorkbookPresenceBar.stories.tsx[2m > [22m[2mEmpty
[22m[39m[ChatContext] Chat exists and not archived, skipping creation
 [32m✓[39m [30m[45m storybook (chromium) [49m[39m src/components/Workbook/WorkbookPresenceBar.stories.tsx [2m([22m[2m5 tests[22m[2m)[22m[33m 542[2mms[22m[39m
[90mstdout[2m | unknown test
[22m[39m[MOCK vectorStoreDB.js] Module loaded - mock IndexedDB operations
[90mstdout[2m | unknown test
[22m[39m[Task Completion] DOM action listeners initialized
[90mstdout[2m | unknown test
[22m[39m[Task Completion] Auto-completion detector initialized
[90mstdout[2m | unknown test
[22m[39m[Preview] Task completion detector initialized
[90mstdout[2m | src/components/RecordingStudio3/AudioFilterPanel.stories.tsx[2m > [22m[2mAll Off
[22m[39m[TranslationModeController] Setting mode to: off
[90mstdout[2m | src/components/RecordingStudio3/AudioFilterPanel.stories.tsx[2m > [22m[2mSome Active
[22m[39m[TranslationModeController] Setting mode to: off
[90mstdout[2m | src/components/RecordingStudio3/AudioFilterPanel.stories.tsx[2m > [22m[2mAll Active
[22m[39m[TranslationModeController] Setting mode to: off
 [32m✓[39m [30m[45m storybook (chromium) [49m[39m src/components/RecordingStudio3/AudioFilterPanel.stories.tsx [2m([22m[2m3 tests[22m[2m)[22m[33m 352[2mms[22m[39m
[90mstdout[2m | unknown test
[22m[39m[MOCK vectorStoreDB.js] Module loaded - mock IndexedDB operations
[90mstdout[2m | unknown test
[22m[39m[Task Completion] DOM action listeners initialized
[90mstdout[2m | unknown test
[22m[39m[Task Completion] Auto-completion detector initialized
[90mstdout[2m | unknown test
[22m[39m[Preview] Task completion detector initialized
[90mstdout[2m | src/components/Editor3/plugins/MeaningAssociationPlugin.stories.jsx[2m > [22m[2mEditable Empty
[22m[39m[Preview] Skipped initializing default mock data (initializeMockData=false)
[90mstdout[2m | src/components/Editor3/plugins/MeaningAssociationPlugin.stories.jsx[2m > [22m[2mEditable Empty
[22m[39m[Mock Data] seedMockUnit: Adding unit meaning-association-story-unit
[90mstdout[2m | src/components/Editor3/plugins/MeaningAssociationPlugin.stories.jsx[2m > [22m[2mEditable Empty
[22m[39m[MOCK CourseVectorStore] Initialized with mock data
[90mstdout[2m | src/components/Editor3/plugins/MeaningAssociationPlugin.stories.jsx[2m > [22m[2mEditable Empty
[22m[39m[TranslationModeController] Setting mode to: off
[90mstdout[2m | src/components/Editor3/plugins/MeaningAssociationPlugin.stories.jsx[2m > [22m[2mEditable Empty
[22m[39m[UnitContext] useEffect triggered {
  "authLoading": false,
  "hasUser": true,
  "id": "meaning-association-story-unit",
  "userSub": "mock-user-sub",
}
[90mstdout[2m | src/components/Editor3/plugins/MeaningAssociationPlugin.stories.jsx[2m > [22m[2mEditable Empty
[22m[39m[UnitContext] Fetching unit data for id: meaning-association-story-unit
[90mstdout[2m | src/components/Editor3/plugins/MeaningAssociationPlugin.stories.jsx[2m > [22m[2mEditable Empty
[22m[39m[FilesContext] Initializing vector store from IndexedDB
[90mstdout[2m | src/components/Editor3/plugins/MeaningAssociationPlugin.stories.jsx[2m > [22m[2mEditable Empty
[22m[39m[FilesContext] fetchFiles called
[90mstdout[2m | src/components/Editor3/plugins/MeaningAssociationPlugin.stories.jsx[2m > [22m[2mEditable Empty
[22m[39m[FilesContext] User authenticated: mock-user-sub
[90mstdout[2m | src/components/Editor3/plugins/MeaningAssociationPlugin.stories.jsx[2m > [22m[2mEditable Empty
[22m[39m[FilesContext] Identity ID: us-east-1:mock-identity-123
[90mstdout[2m | src/components/Editor3/plugins/MeaningAssociationPlugin.stories.jsx[2m > [22m[2mEditable Empty
[22m[39m[FilesContext] About to set up File observeQuery
[90mstdout[2m | src/components/Editor3/plugins/MeaningAssociationPlugin.stories.jsx[2m > [22m[2mEditable Empty
[22m[39m[ChatContext] Setting up AssistantChat observeQuery
[90mstdout[2m | src/components/Editor3/plugins/MeaningAssociationPlugin.stories.jsx[2m > [22m[2mEditable Empty
[22m[39m[ChatContext] Waiting for subscription to initialize
[90mstdout[2m | src/components/Editor3/plugins/MeaningAssociationPlugin.stories.jsx[2m > [22m[2mEditable Empty
[22m[39m[SettingsContext] Setting up Settings subscription for user: mock-user-sub
[90mstdout[2m | src/components/Editor3/plugins/MeaningAssociationPlugin.stories.jsx[2m > [22m[2mEditable Empty
[22m[39m[Mock Data] Settings created: mock-settings-1790416611002 - notified 0 subscribers
[90mstdout[2m | src/components/Editor3/plugins/MeaningAssociationPlugin.stories.jsx[2m > [22m[2mEditable Empty
[22m[39m[Mock Data] Unit.onUpdate() subscription added. Total: 1
[90mstdout[2m | src/components/Editor3/plugins/MeaningAssociationPlugin.stories.jsx[2m > [22m[2mEditable Empty
[22m[39m[SectionContext] Section observeQuery update: 0
[90mstdout[2m | src/components/Editor3/plugins/MeaningAssociationPlugin.stories.jsx[2m > [22m[2mEditable Empty
[22m[39m[FilesContext] File observeQuery update: 0 files
[90mstdout[2m | src/components/Editor3/plugins/MeaningAssociationPlugin.stories.jsx[2m > [22m[2mEditable Empty
[22m[39m[ChatContext] AssistantChat initialized with 0 chats
[90mstdout[2m | src/components/Editor3/plugins/MeaningAssociationPlugin.stories.jsx[2m > [22m[2mEditable Empty
[22m[39m[Mock Storage] downloadData called with: undefined
[90mstdout[2m | src/components/Editor3/plugins/MeaningAssociationPlugin.stories.jsx[2m > [22m[2mEditable Empty
[22m[39m[MOCK CourseVectorStore] Initialized with mock data
[90mstdout[2m | src/components/Editor3/plugins/MeaningAssociationPlugin.stories.jsx[2m > [22m[2mEditable Empty
[22m[39m[ChatContext] No current chat available, will create one
[90mstdout[2m | src/components/Editor3/plugins/MeaningAssociationPlugin.stories.jsx[2m > [22m[2mEditable Empty
[22m[39m[ChatContext] Creating AssistantChat with user: undefined
[90mstdout[2m | src/components/Editor3/plugins/MeaningAssociationPlugin.stories.jsx[2m > [22m[2mEditable Empty
[22m[39m[Mock Data] AssistantChat created: mock-assistantchat-1790416611015 - notified 1 subscribers
[90mstdout[2m | src/components/Editor3/plugins/MeaningAssociationPlugin.stories.jsx[2m > [22m[2mEditable Empty
[22m[39m[ChatContext] Create result: {
  "data": {
    "_version": 1,
    "archived": false,
    "chatFiles": [Function anonymous],
    "createdAt": "2026-09-26T09:56:51.015Z",
    "id": "mock-assistantchat-1790416611015",
    "model": "gpt-4",
    "updatedAt": "2026-09-26T09:56:51.015Z",
  },
  "errors": [],
  "hasData": true,
  "hasErrors": true,
}
[90mstdout[2m | src/components/Editor3/plugins/MeaningAssociationPlugin.stories.jsx[2m > [22m[2mEditable Empty
[22m[39m[ChatContext] Created AssistantChat: mock-assistantchat-1790416611015 at: 2026-09-26T09:56:51.015Z
[90mstdout[2m | src/components/Editor3/plugins/MeaningAssociationPlugin.stories.jsx[2m > [22m[2mEditable Empty
[22m[39m[ChatContext] Setting initial chat: mock-assistantchat-1790416611015
[90mstdout[2m | src/components/Editor3/plugins/MeaningAssociationPlugin.stories.jsx[2m > [22m[2mEditable Empty
[22m[39m[ChatContext] Chat exists and not archived, skipping creation
[90mstdout[2m | src/components/Editor3/plugins/MeaningAssociationPlugin.stories.jsx[2m > [22m[2mEditable With Exercise
[22m[39m[ChatContext] Cleaning up subscriptions
[90mstdout[2m | src/components/Editor3/plugins/MeaningAssociationPlugin.stories.jsx[2m > [22m[2mEditable With Exercise
[22m[39m[Mock Data] Unit.onUpdate() subscription removed. Remaining: 0
[90mstdout[2m | src/components/Editor3/plugins/MeaningAssociationPlugin.stories.jsx[2m > [22m[2mEditable With Exercise
[22m[39m[Preview] Skipped initializing default mock data (initializeMockData=false)
[90mstdout[2m | src/components/Editor3/plugins/MeaningAssociationPlugin.stories.jsx[2m > [22m[2mEditable With Exercise
[22m[39m[Mock Data] seedMockUnit: Adding unit meaning-association-story-unit
[90mstdout[2m | src/components/Editor3/plugins/MeaningAssociationPlugin.stories.jsx[2m > [22m[2mEditable With Exercise
[22m[39m[MOCK CourseVectorStore] Initialized with mock data
[90mstdout[2m | src/components/Editor3/plugins/MeaningAssociationPlugin.stories.jsx[2m > [22m[2mEditable With Exercise
[22m[39m[TranslationModeController] Setting mode to: off
[90mstdout[2m | src/components/Editor3/plugins/MeaningAssociationPlugin.stories.jsx[2m > [22m[2mEditable With Exercise
[22m[39m[UnitContext] useEffect triggered {
  "authLoading": false,
  "hasUser": true,
  "id": "meaning-association-story-unit",
  "userSub": "mock-user-sub",
}
[90mstdout[2m | src/components/Editor3/plugins/MeaningAssociationPlugin.stories.jsx[2m > [22m[2mEditable With Exercise
[22m[39m[UnitContext] Fetching unit data for id: meaning-association-story-unit
[90mstdout[2m | src/components/Editor3/plugins/MeaningAssociationPlugin.stories.jsx[2m > [22m[2mEditable With Exercise
[22m[39m[FilesContext] Initializing vector store from IndexedDB
[90mstdout[2m | src/components/Editor3/plugins/MeaningAssociationPlugin.stories.jsx[2m > [22m[2mEditable With Exercise
[22m[39m[FilesContext] fetchFiles called
[90mstdout[2m | src/components/Editor3/plugins/MeaningAssociationPlugin.stories.jsx[2m > [22m[2mEditable With Exercise
[22m[39m[FilesContext] User authenticated: mock-user-sub
[90mstdout[2m | src/components/Editor3/plugins/MeaningAssociationPlugin.stories.jsx[2m > [22m[2mEditable With Exercise
[22m[39m[FilesContext] Identity ID: us-east-1:mock-identity-123
[90mstdout[2m | src/components/Editor3/plugins/MeaningAssociationPlugin.stories.jsx[2m > [22m[2mEditable With Exercise
[22m[39m[FilesContext] About to set up File observeQuery
[90mstdout[2m | src/components/Editor3/plugins/MeaningAssociationPlugin.stories.jsx[2m > [22m[2mEditable With Exercise
[22m[39m[ChatContext] Setting up AssistantChat observeQuery
[90mstdout[2m | src/components/Editor3/plugins/MeaningAssociationPlugin.stories.jsx[2m > [22m[2mEditable With Exercise
[22m[39m[ChatContext] Waiting for subscription to initialize
[90mstdout[2m | src/components/Editor3/plugins/MeaningAssociationPlugin.stories.jsx[2m > [22m[2mEditable With Exercise
[22m[39m[SettingsContext] Setting up Settings subscription for user: mock-user-sub
[90mstdout[2m | src/components/Editor3/plugins/MeaningAssociationPlugin.stories.jsx[2m > [22m[2mEditable With Exercise
[22m[39m[Mock Data] Settings created: mock-settings-1790416611245 - notified 0 subscribers
[90mstdout[2m | src/components/Editor3/plugins/MeaningAssociationPlugin.stories.jsx[2m > [22m[2mEditable With Exercise
[22m[39m[Mock Data] Unit.onUpdate() subscription added. Total: 1
[90mstdout[2m | src/components/Editor3/plugins/MeaningAssociationPlugin.stories.jsx[2m > [22m[2mEditable With Exercise
[22m[39m[SectionContext] Section observeQuery update: 0
[90mstdout[2m | src/components/Editor3/plugins/MeaningAssociationPlugin.stories.jsx[2m > [22m[2mEditable With Exercise
[22m[39m[FilesContext] File observeQuery update: 0 files
[90mstdout[2m | src/components/Editor3/plugins/MeaningAssociationPlugin.stories.jsx[2m > [22m[2mEditable With Exercise
[22m[39m[ChatContext] AssistantChat initialized with 0 chats
[90mstdout[2m | src/components/Editor3/plugins/MeaningAssociationPlugin.stories.jsx[2m > [22m[2mEditable With Exercise
[22m[39m[MOCK CourseVectorStore] Initialized with mock data
[90mstdout[2m | src/components/Editor3/plugins/MeaningAssociationPlugin.stories.jsx[2m > [22m[2mEditable With Exercise
[22m[39m[ChatContext] No current chat available, will create one
[90mstdout[2m | src/components/Editor3/plugins/MeaningAssociationPlugin.stories.jsx[2m > [22m[2mEditable With Exercise
[22m[39m[ChatContext] Creating AssistantChat with user: undefined
[90mstdout[2m | src/components/Editor3/plugins/MeaningAssociationPlugin.stories.jsx[2m > [22m[2mEditable With Exercise
[22m[39m[Mock Data] AssistantChat created: mock-assistantchat-1790416611296 - notified 1 subscribers
[90mstdout[2m | src/components/Editor3/plugins/MeaningAssociationPlugin.stories.jsx[2m > [22m[2mEditable With Exercise
[22m[39m[ChatContext] Create result: {
  "data": {
    "_version": 1,
    "archived": false,
    "chatFiles": [Function anonymous],
    "createdAt": "2026-09-26T09:56:51.296Z",
    "id": "mock-assistantchat-1790416611296",
    "model": "gpt-4",
    "updatedAt": "2026-09-26T09:56:51.296Z",
  },
  "errors": [],
  "hasData": true,
  "hasErrors": true,
}
[90mstdout[2m | src/components/Editor3/plugins/MeaningAssociationPlugin.stories.jsx[2m > [22m[2mEditable With Exercise
[22m[39m[ChatContext] Created AssistantChat: mock-assistantchat-1790416611296 at: 2026-09-26T09:56:51.296Z
[90mstdout[2m | src/components/Editor3/plugins/MeaningAssociationPlugin.stories.jsx[2m > [22m[2mEditable With Exercise
[22m[39m[Mock Storage] downloadData called with: undefined
[90mstdout[2m | src/components/Editor3/plugins/MeaningAssociationPlugin.stories.jsx[2m > [22m[2mEditable With Exercise
[22m[39m[ChatContext] Setting initial chat: mock-assistantchat-1790416611296
[90mstdout[2m | src/components/Editor3/plugins/MeaningAssociationPlugin.stories.jsx[2m > [22m[2mEditable With Exercise
[22m[39m[ChatContext] Chat exists and not archived, skipping creation
[90mstdout[2m | src/components/Editor3/plugins/MeaningAssociationPlugin.stories.jsx[2m > [22m[2mRead Only With Exercise
[22m[39m[ChatContext] Cleaning up subscriptions
[90mstdout[2m | src/components/Editor3/plugins/MeaningAssociationPlugin.stories.jsx[2m > [22m[2mRead Only With Exercise
[22m[39m[Mock Data] Unit.onUpdate() subscription removed. Remaining: 0
[90mstdout[2m | src/components/Editor3/plugins/MeaningAssociationPlugin.stories.jsx[2m > [22m[2mRead Only With Exercise
[22m[39m[Preview] Skipped initializing default mock data (initializeMockData=false)
[90mstdout[2m | src/components/Editor3/plugins/MeaningAssociationPlugin.stories.jsx[2m > [22m[2mRead Only With Exercise
[22m[39m[Mock Data] seedMockUnit: Adding unit meaning-association-story-unit
[90mstdout[2m | src/components/Editor3/plugins/MeaningAssociationPlugin.stories.jsx[2m > [22m[2mRead Only With Exercise
[22m[39m[MOCK CourseVectorStore] Initialized with mock data
[90mstdout[2m | src/components/Editor3/plugins/MeaningAssociationPlugin.stories.jsx[2m > [22m[2mRead Only With Exercise
[22m[39m[TranslationModeController] Setting mode to: off
[90mstdout[2m | src/components/Editor3/plugins/MeaningAssociationPlugin.stories.jsx[2m > [22m[2mRead Only With Exercise
[22m[39m[UnitContext] useEffect triggered {
  "authLoading": false,
  "hasUser": true,
  "id": "meaning-association-story-unit",
  "userSub": "mock-user-sub",
}
[90mstdout[2m | src/components/Editor3/plugins/MeaningAssociationPlugin.stories.jsx[2m > [22m[2mRead Only With Exercise
[22m[39m[UnitContext] Fetching unit data for id: meaning-association-story-unit
[90mstdout[2m | src/components/Editor3/plugins/MeaningAssociationPlugin.stories.jsx[2m > [22m[2mRead Only With Exercise
[22m[39m[FilesContext] Initializing vector store from IndexedDB
[90mstdout[2m | src/components/Editor3/plugins/MeaningAssociationPlugin.stories.jsx[2m > [22m[2mRead Only With Exercise
[22m[39m[FilesContext] fetchFiles called
[90mstdout[2m | src/components/Editor3/plugins/MeaningAssociationPlugin.stories.jsx[2m > [22m[2mRead Only With Exercise
[22m[39m[FilesContext] User authenticated: mock-user-sub
[90mstdout[2m | src/components/Editor3/plugins/MeaningAssociationPlugin.stories.jsx[2m > [22m[2mRead Only With Exercise
[22m[39m[FilesContext] Identity ID: us-east-1:mock-identity-123
[90mstdout[2m | src/components/Editor3/plugins/MeaningAssociationPlugin.stories.jsx[2m > [22m[2mRead Only With Exercise
[22m[39m[FilesContext] About to set up File observeQuery
[90mstdout[2m | src/components/Editor3/plugins/MeaningAssociationPlugin.stories.jsx[2m > [22m[2mRead Only With Exercise
[22m[39m[ChatContext] Setting up AssistantChat observeQuery
[90mstdout[2m | src/components/Editor3/plugins/MeaningAssociationPlugin.stories.jsx[2m > [22m[2mRead Only With Exercise
[22m[39m[ChatContext] Waiting for subscription to initialize
[90mstdout[2m | src/components/Editor3/plugins/MeaningAssociationPlugin.stories.jsx[2m > [22m[2mRead Only With Exercise
[22m[39m[SettingsContext] Setting up Settings subscription for user: mock-user-sub
[90mstdout[2m | src/components/Editor3/plugins/MeaningAssociationPlugin.stories.jsx[2m > [22m[2mRead Only With Exercise
[22m[39mEasy.nodeKey 11 type: string
[90mstdout[2m | src/components/Editor3/plugins/MeaningAssociationPlugin.stories.jsx[2m > [22m[2mRead Only With Exercise
[22m[39mEasy.grade: {}
[90mstdout[2m | src/components/Editor3/plugins/MeaningAssociationPlugin.stories.jsx[2m > [22m[2mRead Only With Exercise
[22m[39mEasy.grade.data: undefined
[90mstdout[2m | src/components/Editor3/plugins/MeaningAssociationPlugin.stories.jsx[2m > [22m[2mRead Only With Exercise
[22m[39mEasy.grade.data === grade? false
[90mstdout[2m | src/components/Editor3/plugins/MeaningAssociationPlugin.stories.jsx[2m > [22m[2mRead Only With Exercise
[22m[39mEasy.grade.data keys: no data
[90mstdout[2m | src/components/Editor3/plugins/MeaningAssociationPlugin.stories.jsx[2m > [22m[2mRead Only With Exercise
[22m[39mEasy.grade.data[nodeKey]: undefined
[90mstdout[2m | src/components/Editor3/plugins/MeaningAssociationPlugin.stories.jsx[2m > [22m[2mRead Only With Exercise
[22m[39mEasy.inProgress {}
[90mstdout[2m | src/components/Editor3/plugins/MeaningAssociationPlugin.stories.jsx[2m > [22m[2mRead Only With Exercise
[22m[39mHard.attemptedAnswers {}
[90mstdout[2m | src/components/Editor3/plugins/MeaningAssociationPlugin.stories.jsx[2m > [22m[2mRead Only With Exercise
[22m[39mLearn._vocabulary [
  {
    "audio": [
      "/story-mocks/cinematic-designed-sci-fi-whoosh-transition-nexawave-228295.mp3",
    ],
    "definition": "a greeting or expression of goodwill",
    "id": "word-1",
    "phrase": "hello",
    "pronunciation": "heh-LOH",
  },
  {
    "audio": [
      "/story-mocks/descent-whoosh-long-cinematic-sound-effect-405921.mp3",
    ],
    "definition": "a parting phrase",
    "id": "word-2",
    "phrase": "goodbye",
    "pronunciation": "good-BYE",
  },
  {
    "audio": [
      "/story-mocks/sound-design-elements-sfx-ps-022-302865.mp3",
    ],
    "definition": "an expression of gratitude",
    "id": "word-3",
    "phrase": "thank you",
    "pronunciation": "THANK yoo",
  },
  {
    "audio": [
      "/story-mocks/cinematic-designed-sci-fi-whoosh-transition-nexawave-228295.mp3",
    ],
    "definition": "used to make a polite request",
    "id": "word-4",
    "phrase": "please",
    "pronunciation": "PLEEZ",
  },
]
[90mstdout[2m | src/components/Editor3/plugins/MeaningAssociationPlugin.stories.jsx[2m > [22m[2mRead Only With Exercise
[22m[39mMeaningAssociationExercise._vocabulary [
  {
    "audio": [
      "/story-mocks/cinematic-designed-sci-fi-whoosh-transition-nexawave-228295.mp3",
    ],
    "definition": "a greeting or expression of goodwill",
    "id": "word-1",
    "phrase": "hello",
    "pronunciation": "heh-LOH",
  },
  {
    "audio": [
      "/story-mocks/descent-whoosh-long-cinematic-sound-effect-405921.mp3",
    ],
    "definition": "a parting phrase",
    "id": "word-2",
    "phrase": "goodbye",
    "pronunciation": "good-BYE",
  },
  {
    "audio": [
      "/story-mocks/sound-design-elements-sfx-ps-022-302865.mp3",
    ],
    "definition": "an expression of gratitude",
    "id": "word-3",
    "phrase": "thank you",
    "pronunciation": "THANK yoo",
  },
  {
    "audio": [
      "/story-mocks/cinematic-designed-sci-fi-whoosh-transition-nexawave-228295.mp3",
    ],
    "definition": "used to make a polite request",
    "id": "word-4",
    "phrase": "please",
    "pronunciation": "PLEEZ",
  },
]
[90mstdout[2m | src/components/Editor3/plugins/MeaningAssociationPlugin.stories.jsx[2m > [22m[2mRead Only With Exercise
[22m[39mHard._vocabulary [
  {
    "audio": [
      "/story-mocks/cinematic-designed-sci-fi-whoosh-transition-nexawave-228295.mp3",
    ],
    "definition": "a greeting or expression of goodwill",
    "id": "word-1",
    "phrase": "hello",
    "pronunciation": "heh-LOH",
  },
  {
    "audio": [
      "/story-mocks/descent-whoosh-long-cinematic-sound-effect-405921.mp3",
    ],
    "definition": "a parting phrase",
    "id": "word-2",
    "phrase": "goodbye",
    "pronunciation": "good-BYE",
  },
  {
    "audio": [
      "/story-mocks/sound-design-elements-sfx-ps-022-302865.mp3",
    ],
    "definition": "an expression of gratitude",
    "id": "word-3",
    "phrase": "thank you",
    "pronunciation": "THANK yoo",
  },
  {
    "audio": [
      "/story-mocks/cinematic-designed-sci-fi-whoosh-transition-nexawave-228295.mp3",
    ],
    "definition": "used to make a polite request",
    "id": "word-4",
    "phrase": "please",
    "pronunciation": "PLEEZ",
  },
]
[90mstdout[2m | src/components/Editor3/plugins/MeaningAssociationPlugin.stories.jsx[2m > [22m[2mRead Only With Exercise
[22m[39mEasy.nodeKey 11 type: string
[90mstdout[2m | src/components/Editor3/plugins/MeaningAssociationPlugin.stories.jsx[2m > [22m[2mRead Only With Exercise
[22m[39mEasy.grade: {}
[90mstdout[2m | src/components/Editor3/plugins/MeaningAssociationPlugin.stories.jsx[2m > [22m[2mRead Only With Exercise
[22m[39mEasy.grade.data: undefined
[90mstdout[2m | src/components/Editor3/plugins/MeaningAssociationPlugin.stories.jsx[2m > [22m[2mRead Only With Exercise
[22m[39mEasy.grade.data === grade? false
[90mstdout[2m | src/components/Editor3/plugins/MeaningAssociationPlugin.stories.jsx[2m > [22m[2mRead Only With Exercise
[22m[39mEasy.grade.data keys: no data
[90mstdout[2m | src/components/Editor3/plugins/MeaningAssociationPlugin.stories.jsx[2m > [22m[2mRead Only With Exercise
[22m[39mEasy.grade.data[nodeKey]: undefined
[90mstdout[2m | src/components/Editor3/plugins/MeaningAssociationPlugin.stories.jsx[2m > [22m[2mRead Only With Exercise
[22m[39mEasy.inProgress {}
[90mstdout[2m | src/components/Editor3/plugins/MeaningAssociationPlugin.stories.jsx[2m > [22m[2mRead Only With Exercise
[22m[39mHard.attemptedAnswers {}
[90mstdout[2m | src/components/Editor3/plugins/MeaningAssociationPlugin.stories.jsx[2m > [22m[2mRead Only With Exercise
[22m[39m[Mock Data] Settings created: mock-settings-1790416611635 - notified 0 subscribers
[90mstdout[2m | src/components/Editor3/plugins/MeaningAssociationPlugin.stories.jsx[2m > [22m[2mRead Only With Exercise
[22m[39m[Mock Data] Unit.onUpdate() subscription added. Total: 1
[90mstdout[2m | src/components/Editor3/plugins/MeaningAssociationPlugin.stories.jsx[2m > [22m[2mRead Only With Exercise
[22m[39mEasy.nodeKey 11 type: string
[90mstdout[2m | src/components/Editor3/plugins/MeaningAssociationPlugin.stories.jsx[2m > [22m[2mRead Only With Exercise
[22m[39mEasy.grade: {}
[90mstdout[2m | src/components/Editor3/plugins/MeaningAssociationPlugin.stories.jsx[2m > [22m[2mRead Only With Exercise
[22m[39mEasy.grade.data: undefined
[90mstdout[2m | src/components/Editor3/plugins/MeaningAssociationPlugin.stories.jsx[2m > [22m[2mRead Only With Exercise
[22m[39mEasy.grade.data === grade? false
[90mstdout[2m | src/components/Editor3/plugins/MeaningAssociationPlugin.stories.jsx[2m > [22m[2mRead Only With Exercise
[22m[39mEasy.grade.data keys: no data
[90mstdout[2m | src/components/Editor3/plugins/MeaningAssociationPlugin.stories.jsx[2m > [22m[2mRead Only With Exercise
[22m[39mEasy.grade.data[nodeKey]: undefined
[90mstdout[2m | src/components/Editor3/plugins/MeaningAssociationPlugin.stories.jsx[2m > [22m[2mRead Only With Exercise
[22m[39mEasy.inProgress {}
[90mstdout[2m | src/components/Editor3/plugins/MeaningAssociationPlugin.stories.jsx[2m > [22m[2mRead Only With Exercise
[22m[39mHard.attemptedAnswers {}
[90mstdout[2m | src/components/Editor3/plugins/MeaningAssociationPlugin.stories.jsx[2m > [22m[2mRead Only With Exercise
[22m[39m[SectionContext] Section observeQuery update: 0
[90mstdout[2m | src/components/Editor3/plugins/MeaningAssociationPlugin.stories.jsx[2m > [22m[2mRead Only With Exercise
[22m[39m[FilesContext] File observeQuery update: 0 files
[90mstdout[2m | src/components/Editor3/plugins/MeaningAssociationPlugin.stories.jsx[2m > [22m[2mRead Only With Exercise
[22m[39m[ChatContext] AssistantChat initialized with 0 chats
[90mstdout[2m | src/components/Editor3/plugins/MeaningAssociationPlugin.stories.jsx[2m > [22m[2mRead Only With Exercise
[22m[39m[MOCK CourseVectorStore] Initialized with mock data
[90mstdout[2m | src/components/Editor3/plugins/MeaningAssociationPlugin.stories.jsx[2m > [22m[2mRead Only With Exercise
[22m[39mEasy.nodeKey 11 type: string
[90mstdout[2m | src/components/Editor3/plugins/MeaningAssociationPlugin.stories.jsx[2m > [22m[2mRead Only With Exercise
[22m[39mEasy.grade: undefined
[90mstdout[2m | src/components/Editor3/plugins/MeaningAssociationPlugin.stories.jsx[2m > [22m[2mRead Only With Exercise
[22m[39mEasy.grade.data: undefined
[90mstdout[2m | src/components/Editor3/plugins/MeaningAssociationPlugin.stories.jsx[2m > [22m[2mRead Only With Exercise
[22m[39mEasy.grade.data === grade? true
[90mstdout[2m | src/components/Editor3/plugins/MeaningAssociationPlugin.stories.jsx[2m > [22m[2mRead Only With Exercise
[22m[39mEasy.grade.data keys: no data
[90mstdout[2m | src/components/Editor3/plugins/MeaningAssociationPlugin.stories.jsx[2m > [22m[2mRead Only With Exercise
[22m[39mEasy.grade.data[nodeKey]: undefined
[90mstdout[2m | src/components/Editor3/plugins/MeaningAssociationPlugin.stories.jsx[2m > [22m[2mRead Only With Exercise
[22m[39mEasy.inProgress {}
[90mstdout[2m | src/components/Editor3/plugins/MeaningAssociationPlugin.stories.jsx[2m > [22m[2mRead Only With Exercise
[22m[39mHard.attemptedAnswers {}
[90mstdout[2m | src/components/Editor3/plugins/MeaningAssociationPlugin.stories.jsx[2m > [22m[2mRead Only With Exercise
[22m[39m[ChatContext] No current chat available, will create one
[90mstdout[2m | src/components/Editor3/plugins/MeaningAssociationPlugin.stories.jsx[2m > [22m[2mRead Only With Exercise
[22m[39m[ChatContext] Creating AssistantChat with user: undefined
[90mstdout[2m | src/components/Editor3/plugins/MeaningAssociationPlugin.stories.jsx[2m > [22m[2mRead Only With Exercise
[22m[39m[Mock Data] AssistantChat created: mock-assistantchat-1790416611754 - notified 1 subscribers
[90mstdout[2m | src/components/Editor3/plugins/MeaningAssociationPlugin.stories.jsx[2m > [22m[2mRead Only With Exercise
[22m[39m[ChatContext] Create result: {
  "data": {
    "_version": 1,
    "archived": false,
    "chatFiles": [Function anonymous],
    "createdAt": "2026-09-26T09:56:51.754Z",
    "id": "mock-assistantchat-1790416611754",
    "model": "gpt-4",
    "updatedAt": "2026-09-26T09:56:51.754Z",
  },
  "errors": [],
  "hasData": true,
  "hasErrors": true,
}
[90mstdout[2m | src/components/Editor3/plugins/MeaningAssociationPlugin.stories.jsx[2m > [22m[2mRead Only With Exercise
[22m[39m[ChatContext] Created AssistantChat: mock-assistantchat-1790416611754 at: 2026-09-26T09:56:51.754Z
[90mstdout[2m | src/components/Editor3/plugins/MeaningAssociationPlugin.stories.jsx[2m > [22m[2mRead Only With Exercise
[22m[39m[Mock Storage] downloadData called with: undefined
[90mstdout[2m | src/components/Editor3/plugins/MeaningAssociationPlugin.stories.jsx[2m > [22m[2mRead Only With Exercise
[22m[39m[ChatContext] Setting initial chat: mock-assistantchat-1790416611754
[90mstdout[2m | src/components/Editor3/plugins/MeaningAssociationPlugin.stories.jsx[2m > [22m[2mRead Only With Exercise
[22m[39m[ChatContext] Chat exists and not archived, skipping creation
[90mstdout[2m | src/components/Editor3/plugins/MeaningAssociationPlugin.stories.jsx
[22m[39mEasy.nodeKey 11 type: string
[90mstdout[2m | src/components/Editor3/plugins/MeaningAssociationPlugin.stories.jsx
[22m[39mEasy.grade: undefined
[90mstdout[2m | src/components/Editor3/plugins/MeaningAssociationPlugin.stories.jsx
[22m[39mEasy.grade.data: undefined
[90mstdout[2m | src/components/Editor3/plugins/MeaningAssociationPlugin.stories.jsx
[22m[39mEasy.grade.data === grade? true
[90mstdout[2m | src/components/Editor3/plugins/MeaningAssociationPlugin.stories.jsx
[22m[39mEasy.grade.data keys: no data
[90mstdout[2m | src/components/Editor3/plugins/MeaningAssociationPlugin.stories.jsx
[22m[39mEasy.grade.data[nodeKey]: undefined
[90mstdout[2m | src/components/Editor3/plugins/MeaningAssociationPlugin.stories.jsx
[22m[39mEasy.inProgress {}
[90mstdout[2m | src/components/Editor3/plugins/MeaningAssociationPlugin.stories.jsx
[22m[39mHard.attemptedAnswers {}
 [32m✓[39m [30m[45m storybook (chromium) [49m[39m src/components/Editor3/plugins/MeaningAssociationPlugin.stories.jsx [2m([22m[2m3 tests[22m[2m)[22m[33m 1021[2mms[22m[39m
   [33m[2m✓[22m[39m Editable With Exercise [33m 303[2mms[22m[39m
   [33m[2m✓[22m[39m Read Only With Exercise [33m 516[2mms[22m[39m
[90mstdout[2m | unknown test
[22m[39m[MOCK vectorStoreDB.js] Module loaded - mock IndexedDB operations
[90mstdout[2m | unknown test
[22m[39m[Task Completion] DOM action listeners initialized
[90mstdout[2m | unknown test
[22m[39m[Task Completion] Auto-completion detector initialized
[90mstdout[2m | unknown test
[22m[39m[Preview] Task completion detector initialized
[90mstdout[2m | src/components/Editor3/plugins/BlockSuggestionPlugin.stories.jsx[2m > [22m[2mEmpty Editor
[22m[39m[Preview] Skipped initializing default mock data (initializeMockData=false)
[90mstdout[2m | src/components/Editor3/plugins/BlockSuggestionPlugin.stories.jsx[2m > [22m[2mEmpty Editor
[22m[39m[Mock Data] seedMockUnit: Adding unit block-suggestion-story-unit
[90mstdout[2m | src/components/Editor3/plugins/BlockSuggestionPlugin.stories.jsx[2m > [22m[2mEmpty Editor
[22m[39m[MOCK CourseVectorStore] Initialized with mock data
[90mstdout[2m | src/components/Editor3/plugins/BlockSuggestionPlugin.stories.jsx[2m > [22m[2mEmpty Editor
[22m[39m[TranslationModeController] Setting mode to: off
[90mstdout[2m | src/components/Editor3/plugins/BlockSuggestionPlugin.stories.jsx[2m > [22m[2mEmpty Editor
[22m[39m[UnitContext] useEffect triggered {
  "authLoading": false,
  "hasUser": true,
  "id": "block-suggestion-story-unit",
  "userSub": "mock-user-sub",
}
[90mstdout[2m | src/components/Editor3/plugins/BlockSuggestionPlugin.stories.jsx[2m > [22m[2mEmpty Editor
[22m[39m[UnitContext] Fetching unit data for id: block-suggestion-story-unit
[90mstdout[2m | src/components/Editor3/plugins/BlockSuggestionPlugin.stories.jsx[2m > [22m[2mEmpty Editor
[22m[39m[FilesContext] Initializing vector store from IndexedDB
[90mstdout[2m | src/components/Editor3/plugins/BlockSuggestionPlugin.stories.jsx[2m > [22m[2mEmpty Editor
[22m[39m[FilesContext] fetchFiles called
[90mstdout[2m | src/components/Editor3/plugins/BlockSuggestionPlugin.stories.jsx[2m > [22m[2mEmpty Editor
[22m[39m[FilesContext] User authenticated: mock-user-sub
[90mstdout[2m | src/components/Editor3/plugins/BlockSuggestionPlugin.stories.jsx[2m > [22m[2mEmpty Editor
[22m[39m[FilesContext] Identity ID: us-east-1:mock-identity-123
[90mstdout[2m | src/components/Editor3/plugins/BlockSuggestionPlugin.stories.jsx[2m > [22m[2mEmpty Editor
[22m[39m[FilesContext] About to set up File observeQuery
[90mstdout[2m | src/components/Editor3/plugins/BlockSuggestionPlugin.stories.jsx[2m > [22m[2mEmpty Editor
[22m[39m[ChatContext] Setting up AssistantChat observeQuery
[90mstdout[2m | src/components/Editor3/plugins/BlockSuggestionPlugin.stories.jsx[2m > [22m[2mEmpty Editor
[22m[39m[ChatContext] Waiting for subscription to initialize
[90mstdout[2m | src/components/Editor3/plugins/BlockSuggestionPlugin.stories.jsx[2m > [22m[2mEmpty Editor
[22m[39m[SettingsContext] Setting up Settings subscription for user: mock-user-sub
[90mstdout[2m | src/components/Editor3/plugins/BlockSuggestionPlugin.stories.jsx[2m > [22m[2mEmpty Editor
[22m[39m[Mock Data] Settings created: mock-settings-1790416617006 - notified 0 subscribers
[90mstdout[2m | src/components/Editor3/plugins/BlockSuggestionPlugin.stories.jsx[2m > [22m[2mEmpty Editor
[22m[39m[Mock Data] Unit.onUpdate() subscription added. Total: 1
[90mstdout[2m | src/components/Editor3/plugins/BlockSuggestionPlugin.stories.jsx[2m > [22m[2mEmpty Editor
[22m[39m[SectionContext] Section observeQuery update: 0
[90mstdout[2m | src/components/Editor3/plugins/BlockSuggestionPlugin.stories.jsx[2m > [22m[2mEmpty Editor
[22m[39m[FilesContext] File observeQuery update: 0 files
[90mstdout[2m | src/components/Editor3/plugins/BlockSuggestionPlugin.stories.jsx[2m > [22m[2mEmpty Editor
[22m[39m[ChatContext] AssistantChat initialized with 0 chats
[90mstdout[2m | src/components/Editor3/plugins/BlockSuggestionPlugin.stories.jsx[2m > [22m[2mEmpty Editor
[22m[39m[Mock Storage] downloadData called with: undefined
[90mstdout[2m | src/components/Editor3/plugins/BlockSuggestionPlugin.stories.jsx[2m > [22m[2mEmpty Editor
[22m[39m[MOCK CourseVectorStore] Initialized with mock data
[90mstdout[2m | src/components/Editor3/plugins/BlockSuggestionPlugin.stories.jsx[2m > [22m[2mEmpty Editor
[22m[39m[ChatContext] No current chat available, will create one
[90mstdout[2m | src/components/Editor3/plugins/BlockSuggestionPlugin.stories.jsx[2m > [22m[2mEmpty Editor
[22m[39m[ChatContext] Creating AssistantChat with user: undefined
[90mstdout[2m | src/components/Editor3/plugins/BlockSuggestionPlugin.stories.jsx[2m > [22m[2mEmpty Editor
[22m[39m[Mock Data] AssistantChat created: mock-assistantchat-1790416617020 - notified 1 subscribers
[90mstdout[2m | src/components/Editor3/plugins/BlockSuggestionPlugin.stories.jsx[2m > [22m[2mEmpty Editor
[22m[39m[ChatContext] Create result: {
  "data": {
    "_version": 1,
    "archived": false,
    "chatFiles": [Function anonymous],
    "createdAt": "2026-09-26T09:56:57.020Z",
    "id": "mock-assistantchat-1790416617020",
    "model": "gpt-4",
    "updatedAt": "2026-09-26T09:56:57.020Z",
  },
  "errors": [],
  "hasData": true,
  "hasErrors": true,
}
[90mstdout[2m | src/components/Editor3/plugins/BlockSuggestionPlugin.stories.jsx[2m > [22m[2mEmpty Editor
[22m[39m[ChatContext] Created AssistantChat: mock-assistantchat-1790416617020 at: 2026-09-26T09:56:57.020Z
[90mstdout[2m | src/components/Editor3/plugins/BlockSuggestionPlugin.stories.jsx[2m > [22m[2mEmpty Editor
[22m[39m[ChatContext] Setting initial chat: mock-assistantchat-1790416617020
[90mstdout[2m | src/components/Editor3/plugins/BlockSuggestionPlugin.stories.jsx[2m > [22m[2mEmpty Editor
[22m[39m[ChatContext] Chat exists and not archived, skipping creation
[90mstdout[2m | src/components/Editor3/plugins/BlockSuggestionPlugin.stories.jsx[2m > [22m[2mAfter Heading
[22m[39m[ChatContext] Cleaning up subscriptions
[90mstdout[2m | src/components/Editor3/plugins/BlockSuggestionPlugin.stories.jsx[2m > [22m[2mAfter Heading
[22m[39m[Mock Data] Unit.onUpdate() subscription removed. Remaining: 0
[90mstdout[2m | src/components/Editor3/plugins/BlockSuggestionPlugin.stories.jsx[2m > [22m[2mAfter Heading
[22m[39m[Preview] Skipped initializing default mock data (initializeMockData=false)
[90mstdout[2m | src/components/Editor3/plugins/BlockSuggestionPlugin.stories.jsx[2m > [22m[2mAfter Heading
[22m[39m[Mock Data] seedMockUnit: Adding unit block-suggestion-story-unit
[90mstdout[2m | src/components/Editor3/plugins/BlockSuggestionPlugin.stories.jsx[2m > [22m[2mAfter Heading
[22m[39m[MOCK CourseVectorStore] Initialized with mock data
[90mstdout[2m | src/components/Editor3/plugins/BlockSuggestionPlugin.stories.jsx[2m > [22m[2mAfter Heading
[22m[39m[TranslationModeController] Setting mode to: off
[90mstdout[2m | src/components/Editor3/plugins/BlockSuggestionPlugin.stories.jsx[2m > [22m[2mAfter Heading
[22m[39m[UnitContext] useEffect triggered {
  "authLoading": false,
  "hasUser": true,
  "id": "block-suggestion-story-unit",
  "userSub": "mock-user-sub",
}
[90mstdout[2m | src/components/Editor3/plugins/BlockSuggestionPlugin.stories.jsx[2m > [22m[2mAfter Heading
[22m[39m[UnitContext] Fetching unit data for id: block-suggestion-story-unit
[90mstdout[2m | src/components/Editor3/plugins/BlockSuggestionPlugin.stories.jsx[2m > [22m[2mAfter Heading
[22m[39m[FilesContext] Initializing vector store from IndexedDB
[90mstdout[2m | src/components/Editor3/plugins/BlockSuggestionPlugin.stories.jsx[2m > [22m[2mAfter Heading
[22m[39m[FilesContext] fetchFiles called
[90mstdout[2m | src/components/Editor3/plugins/BlockSuggestionPlugin.stories.jsx[2m > [22m[2mAfter Heading
[22m[39m[FilesContext] User authenticated: mock-user-sub
[90mstdout[2m | src/components/Editor3/plugins/BlockSuggestionPlugin.stories.jsx[2m > [22m[2mAfter Heading
[22m[39m[FilesContext] Identity ID: us-east-1:mock-identity-123
[90mstdout[2m | src/components/Editor3/plugins/BlockSuggestionPlugin.stories.jsx[2m > [22m[2mAfter Heading
[22m[39m[FilesContext] About to set up File observeQuery
[90mstdout[2m | src/components/Editor3/plugins/BlockSuggestionPlugin.stories.jsx[2m > [22m[2mAfter Heading
[22m[39m[ChatContext] Setting up AssistantChat observeQuery
[90mstdout[2m | src/components/Editor3/plugins/BlockSuggestionPlugin.stories.jsx[2m > [22m[2mAfter Heading
[22m[39m[ChatContext] Waiting for subscription to initialize
[90mstdout[2m | src/components/Editor3/plugins/BlockSuggestionPlugin.stories.jsx[2m > [22m[2mAfter Heading
[22m[39m[SettingsContext] Setting up Settings subscription for user: mock-user-sub
[90mstdout[2m | src/components/Editor3/plugins/BlockSuggestionPlugin.stories.jsx[2m > [22m[2mAfter Heading
[22m[39m[Mock Data] Settings created: mock-settings-1790416617189 - notified 0 subscribers
[90mstdout[2m | src/components/Editor3/plugins/BlockSuggestionPlugin.stories.jsx[2m > [22m[2mAfter Heading
[22m[39m[Mock Data] Unit.onUpdate() subscription added. Total: 1
[90mstdout[2m | src/components/Editor3/plugins/BlockSuggestionPlugin.stories.jsx[2m > [22m[2mAfter Heading
[22m[39m[SectionContext] Section observeQuery update: 0
[90mstdout[2m | src/components/Editor3/plugins/BlockSuggestionPlugin.stories.jsx[2m > [22m[2mAfter Heading
[22m[39m[FilesContext] File observeQuery update: 0 files
[90mstdout[2m | src/components/Editor3/plugins/BlockSuggestionPlugin.stories.jsx[2m > [22m[2mAfter Heading
[22m[39m[ChatContext] AssistantChat initialized with 0 chats
[90mstdout[2m | src/components/Editor3/plugins/BlockSuggestionPlugin.stories.jsx[2m > [22m[2mAfter Heading
[22m[39m[MOCK CourseVectorStore] Initialized with mock data
[90mstdout[2m | src/components/Editor3/plugins/BlockSuggestionPlugin.stories.jsx[2m > [22m[2mAfter Heading
[22m[39m[ChatContext] No current chat available, will create one
[90mstdout[2m | src/components/Editor3/plugins/BlockSuggestionPlugin.stories.jsx[2m > [22m[2mAfter Heading
[22m[39m[ChatContext] Creating AssistantChat with user: undefined
[90mstdout[2m | src/components/Editor3/plugins/BlockSuggestionPlugin.stories.jsx[2m > [22m[2mAfter Heading
[22m[39m[Mock Data] AssistantChat created: mock-assistantchat-1790416617202 - notified 1 subscribers
[90mstdout[2m | src/components/Editor3/plugins/BlockSuggestionPlugin.stories.jsx[2m > [22m[2mAfter Heading
[22m[39m[ChatContext] Create result: {
  "data": {
    "_version": 1,
    "archived": false,
    "chatFiles": [Function anonymous],
    "createdAt": "2026-09-26T09:56:57.202Z",
    "id": "mock-assistantchat-1790416617202",
    "model": "gpt-4",
    "updatedAt": "2026-09-26T09:56:57.202Z",
  },
  "errors": [],
  "hasData": true,
  "hasErrors": true,
}
[90mstdout[2m | src/components/Editor3/plugins/BlockSuggestionPlugin.stories.jsx[2m > [22m[2mAfter Heading
[22m[39m[ChatContext] Created AssistantChat: mock-assistantchat-1790416617202 at: 2026-09-26T09:56:57.202Z
[90mstdout[2m | src/components/Editor3/plugins/BlockSuggestionPlugin.stories.jsx[2m > [22m[2mAfter Heading
[22m[39m[Mock Storage] downloadData called with: undefined
[90mstdout[2m | src/components/Editor3/plugins/BlockSuggestionPlugin.stories.jsx[2m > [22m[2mAfter Heading
[22m[39m[ChatContext] Setting initial chat: mock-assistantchat-1790416617202
[90mstdout[2m | src/components/Editor3/plugins/BlockSuggestionPlugin.stories.jsx[2m > [22m[2mAfter Heading
[22m[39m[ChatContext] Chat exists and not archived, skipping creation
[90mstdout[2m | src/components/Editor3/plugins/BlockSuggestionPlugin.stories.jsx[2m > [22m[2mAfter Explanation
[22m[39m[ChatContext] Cleaning up subscriptions
[90mstdout[2m | src/components/Editor3/plugins/BlockSuggestionPlugin.stories.jsx[2m > [22m[2mAfter Explanation
[22m[39m[Mock Data] Unit.onUpdate() subscription removed. Remaining: 0
[90mstdout[2m | src/components/Editor3/plugins/BlockSuggestionPlugin.stories.jsx[2m > [22m[2mAfter Explanation
[22m[39m[Preview] Skipped initializing default mock data (initializeMockData=false)
[90mstdout[2m | src/components/Editor3/plugins/BlockSuggestionPlugin.stories.jsx[2m > [22m[2mAfter Explanation
[22m[39m[Mock Data] seedMockUnit: Adding unit block-suggestion-story-unit
[90mstdout[2m | src/components/Editor3/plugins/BlockSuggestionPlugin.stories.jsx[2m > [22m[2mAfter Explanation
[22m[39m[MOCK CourseVectorStore] Initialized with mock data
[90mstdout[2m | src/components/Editor3/plugins/BlockSuggestionPlugin.stories.jsx[2m > [22m[2mAfter Explanation
[22m[39m[TranslationModeController] Setting mode to: off
[90mstdout[2m | src/components/Editor3/plugins/BlockSuggestionPlugin.stories.jsx[2m > [22m[2mAfter Explanation
[22m[39m[UnitContext] useEffect triggered {
  "authLoading": false,
  "hasUser": true,
  "id": "block-suggestion-story-unit",
  "userSub": "mock-user-sub",
}
[90mstdout[2m | src/components/Editor3/plugins/BlockSuggestionPlugin.stories.jsx[2m > [22m[2mAfter Explanation
[22m[39m[UnitContext] Fetching unit data for id: block-suggestion-story-unit
[90mstdout[2m | src/components/Editor3/plugins/BlockSuggestionPlugin.stories.jsx[2m > [22m[2mAfter Explanation
[22m[39m[FilesContext] Initializing vector store from IndexedDB
[90mstdout[2m | src/components/Editor3/plugins/BlockSuggestionPlugin.stories.jsx[2m > [22m[2mAfter Explanation
[22m[39m[FilesContext] fetchFiles called
[90mstdout[2m | src/components/Editor3/plugins/BlockSuggestionPlugin.stories.jsx[2m > [22m[2mAfter Explanation
[22m[39m[FilesContext] User authenticated: mock-user-sub
[90mstdout[2m | src/components/Editor3/plugins/BlockSuggestionPlugin.stories.jsx[2m > [22m[2mAfter Explanation
[22m[39m[FilesContext] Identity ID: us-east-1:mock-identity-123
[90mstdout[2m | src/components/Editor3/plugins/BlockSuggestionPlugin.stories.jsx[2m > [22m[2mAfter Explanation
[22m[39m[FilesContext] About to set up File observeQuery
[90mstdout[2m | src/components/Editor3/plugins/BlockSuggestionPlugin.stories.jsx[2m > [22m[2mAfter Explanation
[22m[39m[ChatContext] Setting up AssistantChat observeQuery
[90mstdout[2m | src/components/Editor3/plugins/BlockSuggestionPlugin.stories.jsx[2m > [22m[2mAfter Explanation
[22m[39m[ChatContext] Waiting for subscription to initialize
[90mstdout[2m | src/components/Editor3/plugins/BlockSuggestionPlugin.stories.jsx[2m > [22m[2mAfter Explanation
[22m[39m[SettingsContext] Setting up Settings subscription for user: mock-user-sub
[90mstdout[2m | src/components/Editor3/plugins/BlockSuggestionPlugin.stories.jsx[2m > [22m[2mAfter Explanation
[22m[39m[Mock Data] Settings created: mock-settings-1790416617323 - notified 0 subscribers
[90mstdout[2m | src/components/Editor3/plugins/BlockSuggestionPlugin.stories.jsx[2m > [22m[2mAfter Explanation
[22m[39m[Mock Data] Unit.onUpdate() subscription added. Total: 1
[90mstdout[2m | src/components/Editor3/plugins/BlockSuggestionPlugin.stories.jsx[2m > [22m[2mAfter Explanation
[22m[39m[SectionContext] Section observeQuery update: 0
[90mstdout[2m | src/components/Editor3/plugins/BlockSuggestionPlugin.stories.jsx[2m > [22m[2mAfter Explanation
[22m[39m[FilesContext] File observeQuery update: 0 files
[90mstdout[2m | src/components/Editor3/plugins/BlockSuggestionPlugin.stories.jsx[2m > [22m[2mAfter Explanation
[22m[39m[ChatContext] AssistantChat initialized with 0 chats
[90mstdout[2m | src/components/Editor3/plugins/BlockSuggestionPlugin.stories.jsx[2m > [22m[2mAfter Explanation
[22m[39m[Mock Storage] downloadData called with: undefined
[90mstdout[2m | src/components/Editor3/plugins/BlockSuggestionPlugin.stories.jsx[2m > [22m[2mAfter Explanation
[22m[39m[MOCK CourseVectorStore] Initialized with mock data
[90mstdout[2m | src/components/Editor3/plugins/BlockSuggestionPlugin.stories.jsx[2m > [22m[2mAfter Explanation
[22m[39m[ChatContext] No current chat available, will create one
[90mstdout[2m | src/components/Editor3/plugins/BlockSuggestionPlugin.stories.jsx[2m > [22m[2mAfter Explanation
[22m[39m[ChatContext] Creating AssistantChat with user: undefined
[90mstdout[2m | src/components/Editor3/plugins/BlockSuggestionPlugin.stories.jsx[2m > [22m[2mAfter Explanation
[22m[39m[Mock Data] AssistantChat created: mock-assistantchat-1790416617336 - notified 1 subscribers
[90mstdout[2m | src/components/Editor3/plugins/BlockSuggestionPlugin.stories.jsx[2m > [22m[2mAfter Explanation
[22m[39m[ChatContext] Create result: {
  "data": {
    "_version": 1,
    "archived": false,
    "chatFiles": [Function anonymous],
    "createdAt": "2026-09-26T09:56:57.336Z",
    "id": "mock-assistantchat-1790416617336",
    "model": "gpt-4",
    "updatedAt": "2026-09-26T09:56:57.336Z",
  },
  "errors": [],
  "hasData": true,
  "hasErrors": true,
}
[90mstdout[2m | src/components/Editor3/plugins/BlockSuggestionPlugin.stories.jsx[2m > [22m[2mAfter Explanation
[22m[39m[ChatContext] Created AssistantChat: mock-assistantchat-1790416617336 at: 2026-09-26T09:56:57.336Z
[90mstdout[2m | src/components/Editor3/plugins/BlockSuggestionPlugin.stories.jsx[2m > [22m[2mAfter Explanation
[22m[39m[ChatContext] Setting initial chat: mock-assistantchat-1790416617336
[90mstdout[2m | src/components/Editor3/plugins/BlockSuggestionPlugin.stories.jsx[2m > [22m[2mAfter Explanation
[22m[39m[ChatContext] Chat exists and not archived, skipping creation
[90mstdout[2m | src/components/Editor3/plugins/BlockSuggestionPlugin.stories.jsx[2m > [22m[2mAfter Quiz
[22m[39m[ChatContext] Cleaning up subscriptions
[90mstdout[2m | src/components/Editor3/plugins/BlockSuggestionPlugin.stories.jsx[2m > [22m[2mAfter Quiz
[22m[39m[Mock Data] Unit.onUpdate() subscription removed. Remaining: 0
[90mstdout[2m | src/components/Editor3/plugins/BlockSuggestionPlugin.stories.jsx[2m > [22m[2mAfter Quiz
[22m[39m[Preview] Skipped initializing default mock data (initializeMockData=false)
[90mstdout[2m | src/components/Editor3/plugins/BlockSuggestionPlugin.stories.jsx[2m > [22m[2mAfter Quiz
[22m[39m[Mock Data] seedMockUnit: Adding unit block-suggestion-story-unit
[90mstdout[2m | src/components/Editor3/plugins/BlockSuggestionPlugin.stories.jsx[2m > [22m[2mAfter Quiz
[22m[39m[MOCK CourseVectorStore] Initialized with mock data
[90mstdout[2m | src/components/Editor3/plugins/BlockSuggestionPlugin.stories.jsx[2m > [22m[2mAfter Quiz
[22m[39m[TranslationModeController] Setting mode to: off
[90mstdout[2m | src/components/Editor3/plugins/BlockSuggestionPlugin.stories.jsx[2m > [22m[2mAfter Quiz
[22m[39m[UnitContext] useEffect triggered {
  "authLoading": false,
  "hasUser": true,
  "id": "block-suggestion-story-unit",
  "userSub": "mock-user-sub",
}
[90mstdout[2m | src/components/Editor3/plugins/BlockSuggestionPlugin.stories.jsx[2m > [22m[2mAfter Quiz
[22m[39m[UnitContext] Fetching unit data for id: block-suggestion-story-unit
[90mstdout[2m | src/components/Editor3/plugins/BlockSuggestionPlugin.stories.jsx[2m > [22m[2mAfter Quiz
[22m[39m[FilesContext] Initializing vector store from IndexedDB
[90mstdout[2m | src/components/Editor3/plugins/BlockSuggestionPlugin.stories.jsx[2m > [22m[2mAfter Quiz
[22m[39m[FilesContext] fetchFiles called
[90mstdout[2m | src/components/Editor3/plugins/BlockSuggestionPlugin.stories.jsx[2m > [22m[2mAfter Quiz
[22m[39m[FilesContext] User authenticated: mock-user-sub
[90mstdout[2m | src/components/Editor3/plugins/BlockSuggestionPlugin.stories.jsx[2m > [22m[2mAfter Quiz
[22m[39m[FilesContext] Identity ID: us-east-1:mock-identity-123
[90mstdout[2m | src/components/Editor3/plugins/BlockSuggestionPlugin.stories.jsx[2m > [22m[2mAfter Quiz
[22m[39m[FilesContext] About to set up File observeQuery
[90mstdout[2m | src/components/Editor3/plugins/BlockSuggestionPlugin.stories.jsx[2m > [22m[2mAfter Quiz
[22m[39m[ChatContext] Setting up AssistantChat observeQuery
[90mstdout[2m | src/components/Editor3/plugins/BlockSuggestionPlugin.stories.jsx[2m > [22m[2mAfter Quiz
[22m[39m[ChatContext] Waiting for subscription to initialize
[90mstdout[2m | src/components/Editor3/plugins/BlockSuggestionPlugin.stories.jsx[2m > [22m[2mAfter Quiz
[22m[39m[SettingsContext] Setting up Settings subscription for user: mock-user-sub
[90mstdout[2m | src/components/Editor3/plugins/BlockSuggestionPlugin.stories.jsx[2m > [22m[2mAfter Quiz
[22m[39m[Mock Data] Settings created: mock-settings-1790416617486 - notified 0 subscribers
[90mstdout[2m | src/components/Editor3/plugins/BlockSuggestionPlugin.stories.jsx[2m > [22m[2mAfter Quiz
[22m[39m[Mock Data] Unit.onUpdate() subscription added. Total: 1
[90mstdout[2m | src/components/Editor3/plugins/BlockSuggestionPlugin.stories.jsx[2m > [22m[2mAfter Quiz
[22m[39m[SectionContext] Section observeQuery update: 0
[90mstdout[2m | src/components/Editor3/plugins/BlockSuggestionPlugin.stories.jsx[2m > [22m[2mAfter Quiz
[22m[39m[FilesContext] File observeQuery update: 0 files
[90mstdout[2m | src/components/Editor3/plugins/BlockSuggestionPlugin.stories.jsx[2m > [22m[2mAfter Quiz
[22m[39m[ChatContext] AssistantChat initialized with 0 chats
[90mstdout[2m | src/components/Editor3/plugins/BlockSuggestionPlugin.stories.jsx[2m > [22m[2mAfter Quiz
[22m[39m[MOCK CourseVectorStore] Initialized with mock data
[90mstdout[2m | src/components/Editor3/plugins/BlockSuggestionPlugin.stories.jsx[2m > [22m[2mAfter Quiz
[22m[39m[ChatContext] No current chat available, will create one
[90mstdout[2m | src/components/Editor3/plugins/BlockSuggestionPlugin.stories.jsx[2m > [22m[2mAfter Quiz
[22m[39m[ChatContext] Creating AssistantChat with user: undefined
[90mstdout[2m | src/components/Editor3/plugins/BlockSuggestionPlugin.stories.jsx[2m > [22m[2mAfter Quiz
[22m[39m[Mock Data] AssistantChat created: mock-assistantchat-1790416617533 - notified 1 subscribers
[90mstdout[2m | src/components/Editor3/plugins/BlockSuggestionPlugin.stories.jsx[2m > [22m[2mAfter Quiz
[22m[39m[ChatContext] Create result: {
  "data": {
    "_version": 1,
    "archived": false,
    "chatFiles": [Function anonymous],
    "createdAt": "2026-09-26T09:56:57.533Z",
    "id": "mock-assistantchat-1790416617533",
    "model": "gpt-4",
    "updatedAt": "2026-09-26T09:56:57.533Z",
  },
  "errors": [],
  "hasData": true,
  "hasErrors": true,
}
[90mstdout[2m | src/components/Editor3/plugins/BlockSuggestionPlugin.stories.jsx[2m > [22m[2mAfter Quiz
[22m[39m[ChatContext] Created AssistantChat: mock-assistantchat-1790416617533 at: 2026-09-26T09:56:57.533Z
[90mstdout[2m | src/components/Editor3/plugins/BlockSuggestionPlugin.stories.jsx[2m > [22m[2mAfter Quiz
[22m[39m[Mock Storage] downloadData called with: undefined
[90mstdout[2m | src/components/Editor3/plugins/BlockSuggestionPlugin.stories.jsx[2m > [22m[2mAfter Quiz
[22m[39m[ChatContext] Setting initial chat: mock-assistantchat-1790416617533
[90mstdout[2m | src/components/Editor3/plugins/BlockSuggestionPlugin.stories.jsx[2m > [22m[2mAfter Quiz
[22m[39m[ChatContext] Chat exists and not archived, skipping creation
 [32m✓[39m [30m[45m storybook (chromium) [49m[39m src/components/Editor3/plugins/BlockSuggestionPlugin.stories.jsx [2m([22m[2m4 tests[22m[2m)[22m[33m 687[2mms[22m[39m
[90mstdout[2m | unknown test
[22m[39m[MOCK vectorStoreDB.js] Module loaded - mock IndexedDB operations
[90mstdout[2m | unknown test
[22m[39m[Task Completion] DOM action listeners initialized
[90mstdout[2m | unknown test
[22m[39m[Task Completion] Auto-completion detector initialized
[90mstdout[2m | unknown test
[22m[39m[Preview] Task completion detector initialized
[90mstdout[2m | src/components/Gamification/SquadJoinPanel.stories.tsx[2m > [22m[2mBrowse Squads
[22m[39m[TranslationModeController] Setting mode to: off
[90mstdout[2m | src/components/Gamification/SquadJoinPanel.stories.tsx[2m > [22m[2mIn Squad
[22m[39m[TranslationModeController] Setting mode to: off
[90mstdout[2m | src/components/Gamification/SquadJoinPanel.stories.tsx[2m > [22m[2mIn Squad As Member
[22m[39m[TranslationModeController] Setting mode to: off
[90mstdout[2m | src/components/Gamification/SquadJoinPanel.stories.tsx[2m > [22m[2mEmpty State
[22m[39m[TranslationModeController] Setting mode to: off
[90mstdout[2m | src/components/Gamification/SquadJoinPanel.stories.tsx[2m > [22m[2mLoading
[22m[39m[TranslationModeController] Setting mode to: off
 [32m✓[39m [30m[45m storybook (chromium) [49m[39m src/components/Gamification/SquadJoinPanel.stories.tsx [2m([22m[2m5 tests[22m[2m)[22m[33m 849[2mms[22m[39m
[90mstdout[2m | unknown test
[22m[39m[MOCK vectorStoreDB.js] Module loaded - mock IndexedDB operations
[90mstdout[2m | unknown test
[22m[39m[Task Completion] DOM action listeners initialized
[90mstdout[2m | unknown test
[22m[39m[Task Completion] Auto-completion detector initialized
[90mstdout[2m | unknown test
[22m[39m[Preview] Task completion detector initialized
[90mstdout[2m | src/components/RecordingStudio3/ScreenplayEditor.stories.tsx[2m > [22m[2mWith Content
[22m[39m[TranslationModeController] Setting mode to: off
[90mstdout[2m | src/components/RecordingStudio3/ScreenplayEditor.stories.tsx[2m > [22m[2mEmpty
[22m[39m[TranslationModeController] Setting mode to: off
[90mstdout[2m | src/components/RecordingStudio3/ScreenplayEditor.stories.tsx[2m > [22m[2mAI Generating
[22m[39m[TranslationModeController] Setting mode to: off
[90mstdout[2m | src/components/RecordingStudio3/ScreenplayEditor.stories.tsx[2m > [22m[2mRead Only
[22m[39m[TranslationModeController] Setting mode to: off
 [32m✓[39m [30m[45m storybook (chromium) [49m[39m src/components/RecordingStudio3/ScreenplayEditor.stories.tsx [2m([22m[2m4 tests[22m[2m)[22m[33m 494[2mms[22m[39m
[90mstdout[2m | unknown test
[22m[39m[MOCK vectorStoreDB.js] Module loaded - mock IndexedDB operations
[90mstdout[2m | unknown test
[22m[39m[Task Completion] DOM action listeners initialized
[90mstdout[2m | unknown test
[22m[39m[Task Completion] Auto-completion detector initialized
[90mstdout[2m | unknown test
[22m[39m[Preview] Task completion detector initialized
[90mstdout[2m | src/components/Gamification/StreakIndicator.stories.tsx[2m > [22m[2mActive 5 Day
[22m[39m[TranslationModeController] Setting mode to: off
[90mstdout[2m | src/components/Gamification/StreakIndicator.stories.tsx[2m > [22m[2mNo Streak
[22m[39m[TranslationModeController] Setting mode to: off
[90mstdout[2m | src/components/Gamification/StreakIndicator.stories.tsx[2m > [22m[2mMilestone 7 Day
[22m[39m[TranslationModeController] Setting mode to: off
[90mstdout[2m | src/components/Gamification/StreakIndicator.stories.tsx[2m > [22m[2mLong Streak
[22m[39m[TranslationModeController] Setting mode to: off
[90mstdout[2m | src/components/Gamification/StreakIndicator.stories.tsx[2m > [22m[2mSmall Size
[22m[39m[TranslationModeController] Setting mode to: off
 [32m✓[39m [30m[45m storybook (chromium) [49m[39m src/components/Gamification/StreakIndicator.stories.tsx [2m([22m[2m5 tests[22m[2m)[22m[33m 331[2mms[22m[39m
[90mstdout[2m | unknown test
[22m[39m[MOCK vectorStoreDB.js] Module loaded - mock IndexedDB operations
[90mstdout[2m | unknown test
[22m[39m[Task Completion] DOM action listeners initialized
[90mstdout[2m | unknown test
[22m[39m[Task Completion] Auto-completion detector initialized
[90mstdout[2m | unknown test
[22m[39m[Preview] Task completion detector initialized
[90mstdout[2m | src/components/GlobalChatButton.stories.jsx[2m > [22m[2mDefault
[22m[39m[MOCK CourseVectorStore] Initialized with mock data
[90mstdout[2m | src/components/GlobalChatButton.stories.jsx[2m > [22m[2mDefault
[22m[39m[TranslationModeController] Setting mode to: off
[90mstdout[2m | src/components/GlobalChatButton.stories.jsx[2m > [22m[2mDefault
[22m[39m[UnitContext] useEffect triggered {
  "authLoading": false,
  "hasUser": true,
  "id": "mock-unit-id",
  "userSub": "mock-user-sub",
}
[90mstdout[2m | src/components/GlobalChatButton.stories.jsx[2m > [22m[2mDefault
[22m[39m[UnitContext] Fetching unit data for id: mock-unit-id
[90mstdout[2m | src/components/GlobalChatButton.stories.jsx[2m > [22m[2mDefault
[22m[39m[FilesContext] Initializing vector store from IndexedDB
[90mstdout[2m | src/components/GlobalChatButton.stories.jsx[2m > [22m[2mDefault
[22m[39m[FilesContext] fetchFiles called
[90mstdout[2m | src/components/GlobalChatButton.stories.jsx[2m > [22m[2mDefault
[22m[39m[FilesContext] User authenticated: mock-user-sub
[90mstdout[2m | src/components/GlobalChatButton.stories.jsx[2m > [22m[2mDefault
[22m[39m[FilesContext] Identity ID: us-east-1:mock-identity-123
[90mstdout[2m | src/components/GlobalChatButton.stories.jsx[2m > [22m[2mDefault
[22m[39m[FilesContext] About to set up File observeQuery
[90mstdout[2m | src/components/GlobalChatButton.stories.jsx[2m > [22m[2mDefault
[22m[39m[ChatContext] Setting up AssistantChat observeQuery
[90mstdout[2m | src/components/GlobalChatButton.stories.jsx[2m > [22m[2mDefault
[22m[39m[ChatContext] Waiting for subscription to initialize
[90mstdout[2m | src/components/GlobalChatButton.stories.jsx[2m > [22m[2mDefault
[22m[39m[SettingsContext] Setting up Settings subscription for user: mock-user-sub
[90mstdout[2m | src/components/GlobalChatButton.stories.jsx[2m > [22m[2mDefault
[22m[39m[Mock Data] Settings created: mock-settings-1790416629176 - notified 0 subscribers
[90mstdout[2m | src/components/GlobalChatButton.stories.jsx[2m > [22m[2mDefault
[22m[39m[Mock Data] Unit.onUpdate() subscription added. Total: 1
[90mstdout[2m | src/components/GlobalChatButton.stories.jsx[2m > [22m[2mDefault
[22m[39m[SectionContext] Section observeQuery update: 0
[90mstdout[2m | src/components/GlobalChatButton.stories.jsx[2m > [22m[2mDefault
[22m[39m[FilesContext] File observeQuery update: 6 files
[90mstdout[2m | src/components/GlobalChatButton.stories.jsx[2m > [22m[2mDefault
[22m[39m[ChatContext] AssistantChat initialized with 1 chats
[90mstdout[2m | src/components/GlobalChatButton.stories.jsx[2m > [22m[2mDefault
[22m[39m[ChatContext] Setting initial chat: mock-assistant-chat-1
[90mstdout[2m | src/components/GlobalChatButton.stories.jsx[2m > [22m[2mDefault
[22m[39m[MOCK CourseVectorStore] Initialized with mock data
[90mstdout[2m | src/components/GlobalChatButton.stories.jsx[2m > [22m[2mDefault
[22m[39m[FilesContext] Vector store population triggered {
  "currentVectorStoreSize": 3,
  "documentsCount": 0,
  "filesCount": 6,
  "isInitialLoad": true,
}
[90mstdout[2m | src/components/GlobalChatButton.stories.jsx[2m > [22m[2mDefault
[22m[39m[FilesContext] Vector store population complete - 3 total embeddings
[90mstdout[2m | src/components/GlobalChatButton.stories.jsx[2m > [22m[2mDefault
[22m[39m[ChatContext] Chat exists and not archived, skipping creation
[90mstdout[2m | src/components/GlobalChatButton.stories.jsx[2m > [22m[2mDefault
[22m[39m[Mock Storage] downloadData called with: undefined
[90mstdout[2m | src/components/GlobalChatButton.stories.jsx[2m > [22m[2mWith Unread Badge
[22m[39m[ChatContext] Cleaning up subscriptions
[90mstdout[2m | src/components/GlobalChatButton.stories.jsx[2m > [22m[2mWith Unread Badge
[22m[39m[Mock Data] Unit.onUpdate() subscription removed. Remaining: 0
[90mstdout[2m | src/components/GlobalChatButton.stories.jsx[2m > [22m[2mWith Unread Badge
[22m[39m[MOCK CourseVectorStore] Initialized with mock data
[90mstdout[2m | src/components/GlobalChatButton.stories.jsx[2m > [22m[2mWith Unread Badge
[22m[39m[TranslationModeController] Setting mode to: off
[90mstdout[2m | src/components/GlobalChatButton.stories.jsx[2m > [22m[2mWith Unread Badge
[22m[39m[UnitContext] useEffect triggered {
  "authLoading": false,
  "hasUser": true,
  "id": "mock-unit-id",
  "userSub": "mock-user-sub",
}
[90mstdout[2m | src/components/GlobalChatButton.stories.jsx[2m > [22m[2mWith Unread Badge
[22m[39m[UnitContext] Fetching unit data for id: mock-unit-id
[90mstdout[2m | src/components/GlobalChatButton.stories.jsx[2m > [22m[2mWith Unread Badge
[22m[39m[FilesContext] Initializing vector store from IndexedDB
[90mstdout[2m | src/components/GlobalChatButton.stories.jsx[2m > [22m[2mWith Unread Badge
[22m[39m[FilesContext] fetchFiles called
[90mstdout[2m | src/components/GlobalChatButton.stories.jsx[2m > [22m[2mWith Unread Badge
[22m[39m[FilesContext] User authenticated: mock-user-sub
[90mstdout[2m | src/components/GlobalChatButton.stories.jsx[2m > [22m[2mWith Unread Badge
[22m[39m[FilesContext] Identity ID: us-east-1:mock-identity-123
[90mstdout[2m | src/components/GlobalChatButton.stories.jsx[2m > [22m[2mWith Unread Badge
[22m[39m[FilesContext] About to set up File observeQuery
[90mstdout[2m | src/components/GlobalChatButton.stories.jsx[2m > [22m[2mWith Unread Badge
[22m[39m[ChatContext] Setting up AssistantChat observeQuery
[90mstdout[2m | src/components/GlobalChatButton.stories.jsx[2m > [22m[2mWith Unread Badge
[22m[39m[ChatContext] Waiting for subscription to initialize
[90mstdout[2m | src/components/GlobalChatButton.stories.jsx[2m > [22m[2mWith Unread Badge
[22m[39m[SettingsContext] Setting up Settings subscription for user: mock-user-sub
[90mstdout[2m | src/components/GlobalChatButton.stories.jsx[2m > [22m[2mWith Unread Badge
[22m[39m[Mock Data] Settings created: mock-settings-1790416629311 - notified 0 subscribers
[90mstdout[2m | src/components/GlobalChatButton.stories.jsx[2m > [22m[2mWith Unread Badge
[22m[39m[Mock Data] Unit.onUpdate() subscription added. Total: 1
[90mstdout[2m | src/components/GlobalChatButton.stories.jsx[2m > [22m[2mWith Unread Badge
[22m[39m[SectionContext] Section observeQuery update: 0
[90mstdout[2m | src/components/GlobalChatButton.stories.jsx[2m > [22m[2mWith Unread Badge
[22m[39m[FilesContext] File observeQuery update: 6 files
[90mstdout[2m | src/components/GlobalChatButton.stories.jsx[2m > [22m[2mWith Unread Badge
[22m[39m[ChatContext] AssistantChat initialized with 1 chats
[90mstdout[2m | src/components/GlobalChatButton.stories.jsx[2m > [22m[2mWith Unread Badge
[22m[39m[ChatContext] Setting initial chat: mock-assistant-chat-1
[90mstdout[2m | src/components/GlobalChatButton.stories.jsx[2m > [22m[2mWith Unread Badge
[22m[39m[MOCK CourseVectorStore] Initialized with mock data
[90mstdout[2m | src/components/GlobalChatButton.stories.jsx[2m > [22m[2mWith Unread Badge
[22m[39m[FilesContext] Vector store population triggered {
  "currentVectorStoreSize": 3,
  "documentsCount": 0,
  "filesCount": 6,
  "isInitialLoad": true,
}
[90mstdout[2m | src/components/GlobalChatButton.stories.jsx[2m > [22m[2mWith Unread Badge
[22m[39m[FilesContext] Vector store population complete - 3 total embeddings
[90mstdout[2m | src/components/GlobalChatButton.stories.jsx[2m > [22m[2mWith Unread Badge
[22m[39m[ChatContext] Chat exists and not archived, skipping creation
[90mstdout[2m | src/components/GlobalChatButton.stories.jsx[2m > [22m[2mWith Unread Badge
[22m[39m[Mock Storage] downloadData called with: undefined
[90mstdout[2m | src/components/GlobalChatButton.stories.jsx[2m > [22m[2mMany Unread
[22m[39m[ChatContext] Cleaning up subscriptions
[90mstdout[2m | src/components/GlobalChatButton.stories.jsx[2m > [22m[2mMany Unread
[22m[39m[Mock Data] Unit.onUpdate() subscription removed. Remaining: 0
[90mstdout[2m | src/components/GlobalChatButton.stories.jsx[2m > [22m[2mMany Unread
[22m[39m[MOCK CourseVectorStore] Initialized with mock data
[90mstdout[2m | src/components/GlobalChatButton.stories.jsx[2m > [22m[2mMany Unread
[22m[39m[TranslationModeController] Setting mode to: off
[90mstdout[2m | src/components/GlobalChatButton.stories.jsx[2m > [22m[2mMany Unread
[22m[39m[UnitContext] useEffect triggered {
  "authLoading": false,
  "hasUser": true,
  "id": "mock-unit-id",
  "userSub": "mock-user-sub",
}
[90mstdout[2m | src/components/GlobalChatButton.stories.jsx[2m > [22m[2mMany Unread
[22m[39m[UnitContext] Fetching unit data for id: mock-unit-id
[90mstdout[2m | src/components/GlobalChatButton.stories.jsx[2m > [22m[2mMany Unread
[22m[39m[FilesContext] Initializing vector store from IndexedDB
[90mstdout[2m | src/components/GlobalChatButton.stories.jsx[2m > [22m[2mMany Unread
[22m[39m[FilesContext] fetchFiles called
[90mstdout[2m | src/components/GlobalChatButton.stories.jsx[2m > [22m[2mMany Unread
[22m[39m[FilesContext] User authenticated: mock-user-sub
[90mstdout[2m | src/components/GlobalChatButton.stories.jsx[2m > [22m[2mMany Unread
[22m[39m[FilesContext] Identity ID: us-east-1:mock-identity-123
[90mstdout[2m | src/components/GlobalChatButton.stories.jsx[2m > [22m[2mMany Unread
[22m[39m[FilesContext] About to set up File observeQuery
[90mstdout[2m | src/components/GlobalChatButton.stories.jsx[2m > [22m[2mMany Unread
[22m[39m[ChatContext] Setting up AssistantChat observeQuery
[90mstdout[2m | src/components/GlobalChatButton.stories.jsx[2m > [22m[2mMany Unread
[22m[39m[ChatContext] Waiting for subscription to initialize
[90mstdout[2m | src/components/GlobalChatButton.stories.jsx[2m > [22m[2mMany Unread
[22m[39m[SettingsContext] Setting up Settings subscription for user: mock-user-sub
[90mstdout[2m | src/components/GlobalChatButton.stories.jsx[2m > [22m[2mMany Unread
[22m[39m[Mock Data] Settings created: mock-settings-1790416629421 - notified 0 subscribers
[90mstdout[2m | src/components/GlobalChatButton.stories.jsx[2m > [22m[2mMany Unread
[22m[39m[Mock Data] Unit.onUpdate() subscription added. Total: 1
[90mstdout[2m | src/components/GlobalChatButton.stories.jsx[2m > [22m[2mMany Unread
[22m[39m[SectionContext] Section observeQuery update: 0
[90mstdout[2m | src/components/GlobalChatButton.stories.jsx[2m > [22m[2mMany Unread
[22m[39m[FilesContext] File observeQuery update: 6 files
[90mstdout[2m | src/components/GlobalChatButton.stories.jsx[2m > [22m[2mMany Unread
[22m[39m[ChatContext] AssistantChat initialized with 1 chats
[90mstdout[2m | src/components/GlobalChatButton.stories.jsx[2m > [22m[2mMany Unread
[22m[39m[ChatContext] Setting initial chat: mock-assistant-chat-1
[90mstdout[2m | src/components/GlobalChatButton.stories.jsx[2m > [22m[2mMany Unread
[22m[39m[MOCK CourseVectorStore] Initialized with mock data
[90mstdout[2m | src/components/GlobalChatButton.stories.jsx[2m > [22m[2mMany Unread
[22m[39m[FilesContext] Vector store population triggered {
  "currentVectorStoreSize": 3,
  "documentsCount": 0,
  "filesCount": 6,
  "isInitialLoad": true,
}
[90mstdout[2m | src/components/GlobalChatButton.stories.jsx[2m > [22m[2mMany Unread
[22m[39m[FilesContext] Vector store population complete - 3 total embeddings
[90mstdout[2m | src/components/GlobalChatButton.stories.jsx[2m > [22m[2mMany Unread
[22m[39m[ChatContext] Chat exists and not archived, skipping creation
[90mstdout[2m | src/components/GlobalChatButton.stories.jsx[2m > [22m[2mMany Unread
[22m[39m[Mock Storage] downloadData called with: undefined
[90mstdout[2m | src/components/GlobalChatButton.stories.jsx[2m > [22m[2mHidden
[22m[39m[ChatContext] Cleaning up subscriptions
[90mstdout[2m | src/components/GlobalChatButton.stories.jsx[2m > [22m[2mHidden
[22m[39m[Mock Data] Unit.onUpdate() subscription removed. Remaining: 0
[90mstdout[2m | src/components/GlobalChatButton.stories.jsx[2m > [22m[2mHidden
[22m[39m[MOCK CourseVectorStore] Initialized with mock data
[90mstdout[2m | src/components/GlobalChatButton.stories.jsx[2m > [22m[2mHidden
[22m[39m[TranslationModeController] Setting mode to: off
[90mstdout[2m | src/components/GlobalChatButton.stories.jsx[2m > [22m[2mHidden
[22m[39m[UnitContext] useEffect triggered {
  "authLoading": false,
  "hasUser": true,
  "id": "mock-unit-id",
  "userSub": "mock-user-sub",
}
[90mstdout[2m | src/components/GlobalChatButton.stories.jsx[2m > [22m[2mHidden
[22m[39m[UnitContext] Fetching unit data for id: mock-unit-id
[90mstdout[2m | src/components/GlobalChatButton.stories.jsx[2m > [22m[2mHidden
[22m[39m[FilesContext] Initializing vector store from IndexedDB
[90mstdout[2m | src/components/GlobalChatButton.stories.jsx[2m > [22m[2mHidden
[22m[39m[FilesContext] fetchFiles called
[90mstdout[2m | src/components/GlobalChatButton.stories.jsx[2m > [22m[2mHidden
[22m[39m[FilesContext] User authenticated: mock-user-sub
[90mstdout[2m | src/components/GlobalChatButton.stories.jsx[2m > [22m[2mHidden
[22m[39m[FilesContext] Identity ID: us-east-1:mock-identity-123
[90mstdout[2m | src/components/GlobalChatButton.stories.jsx[2m > [22m[2mHidden
[22m[39m[FilesContext] About to set up File observeQuery
[90mstdout[2m | src/components/GlobalChatButton.stories.jsx[2m > [22m[2mHidden
[22m[39m[ChatContext] Setting up AssistantChat observeQuery
[90mstdout[2m | src/components/GlobalChatButton.stories.jsx[2m > [22m[2mHidden
[22m[39m[ChatContext] Waiting for subscription to initialize
[90mstdout[2m | src/components/GlobalChatButton.stories.jsx[2m > [22m[2mHidden
[22m[39m[SettingsContext] Setting up Settings subscription for user: mock-user-sub
[90mstdout[2m | src/components/GlobalChatButton.stories.jsx[2m > [22m[2mHidden
[22m[39m[Mock Data] Settings created: mock-settings-1790416629512 - notified 0 subscribers
[90mstdout[2m | src/components/GlobalChatButton.stories.jsx[2m > [22m[2mHidden
[22m[39m[Mock Data] Unit.onUpdate() subscription added. Total: 1
[90mstdout[2m | src/components/GlobalChatButton.stories.jsx[2m > [22m[2mHidden
[22m[39m[SectionContext] Section observeQuery update: 0
[90mstdout[2m | src/components/GlobalChatButton.stories.jsx[2m > [22m[2mHidden
[22m[39m[FilesContext] File observeQuery update: 6 files
[90mstdout[2m | src/components/GlobalChatButton.stories.jsx[2m > [22m[2mHidden
[22m[39m[ChatContext] AssistantChat initialized with 1 chats
[90mstdout[2m | src/components/GlobalChatButton.stories.jsx[2m > [22m[2mHidden
[22m[39m[ChatContext] Setting initial chat: mock-assistant-chat-1
[90mstdout[2m | src/components/GlobalChatButton.stories.jsx[2m > [22m[2mHidden
[22m[39m[Mock Storage] downloadData called with: undefined
[90mstdout[2m | src/components/GlobalChatButton.stories.jsx[2m > [22m[2mHidden
[22m[39m[MOCK CourseVectorStore] Initialized with mock data
[90mstdout[2m | src/components/GlobalChatButton.stories.jsx[2m > [22m[2mHidden
[22m[39m[FilesContext] Vector store population triggered {
  "currentVectorStoreSize": 3,
  "documentsCount": 0,
  "filesCount": 6,
  "isInitialLoad": true,
}
[90mstdout[2m | src/components/GlobalChatButton.stories.jsx[2m > [22m[2mHidden
[22m[39m[FilesContext] Vector store population complete - 3 total embeddings
[90mstdout[2m | src/components/GlobalChatButton.stories.jsx[2m > [22m[2mHidden
[22m[39m[ChatContext] Chat exists and not archived, skipping creation
 [32m✓[39m [30m[45m storybook (chromium) [49m[39m src/components/GlobalChatButton.stories.jsx [2m([22m[2m4 tests[22m[2m)[22m[33m 437[2mms[22m[39m
[90mstdout[2m | unknown test
[22m[39m[MOCK vectorStoreDB.js] Module loaded - mock IndexedDB operations
[90mstdout[2m | unknown test
[22m[39m[Task Completion] DOM action listeners initialized
[90mstdout[2m | unknown test
[22m[39m[Task Completion] Auto-completion detector initialized
[90mstdout[2m | unknown test
[22m[39m[Preview] Task completion detector initialized
[90mstdout[2m | .storybook/components/Welcome.stories.tsx[2m > [22m[2mWelcome
[22m[39m[MOCK CourseVectorStore] Initialized with mock data
[90mstdout[2m | .storybook/components/Welcome.stories.tsx[2m > [22m[2mWelcome
[22m[39m[TranslationModeController] Setting mode to: off
[90mstdout[2m | .storybook/components/Welcome.stories.tsx[2m > [22m[2mWelcome
[22m[39m[UnitContext] useEffect triggered {
  "authLoading": false,
  "hasUser": true,
  "id": "mock-unit-id",
  "userSub": "mock-user-sub",
}
[90mstdout[2m | .storybook/components/Welcome.stories.tsx[2m > [22m[2mWelcome
[22m[39m[UnitContext] Fetching unit data for id: mock-unit-id
[90mstdout[2m | .storybook/components/Welcome.stories.tsx[2m > [22m[2mWelcome
[22m[39m[FilesContext] Initializing vector store from IndexedDB
[90mstdout[2m | .storybook/components/Welcome.stories.tsx[2m > [22m[2mWelcome
[22m[39m[FilesContext] fetchFiles called
[90mstdout[2m | .storybook/components/Welcome.stories.tsx[2m > [22m[2mWelcome
[22m[39m[FilesContext] User authenticated: mock-user-sub
[90mstdout[2m | .storybook/components/Welcome.stories.tsx[2m > [22m[2mWelcome
[22m[39m[FilesContext] Identity ID: us-east-1:mock-identity-123
[90mstdout[2m | .storybook/components/Welcome.stories.tsx[2m > [22m[2mWelcome
[22m[39m[FilesContext] About to set up File observeQuery
[90mstdout[2m | .storybook/components/Welcome.stories.tsx[2m > [22m[2mWelcome
[22m[39m[ChatContext] Setting up AssistantChat observeQuery
[90mstdout[2m | .storybook/components/Welcome.stories.tsx[2m > [22m[2mWelcome
[22m[39m[ChatContext] Waiting for subscription to initialize
[90mstdout[2m | .storybook/components/Welcome.stories.tsx[2m > [22m[2mWelcome
[22m[39m[SettingsContext] Setting up Settings subscription for user: mock-user-sub
[90mstdout[2m | .storybook/components/Welcome.stories.tsx[2m > [22m[2mWelcome
[22m[39m[Mock Data] Settings created: mock-settings-1790416630471 - notified 0 subscribers
[90mstdout[2m | .storybook/components/Welcome.stories.tsx[2m > [22m[2mWelcome
[22m[39m[Mock Data] Unit.onUpdate() subscription added. Total: 1
[90mstdout[2m | .storybook/components/Welcome.stories.tsx[2m > [22m[2mWelcome
[22m[39m[SectionContext] Section observeQuery update: 0
[90mstdout[2m | .storybook/components/Welcome.stories.tsx[2m > [22m[2mWelcome
[22m[39m[FilesContext] File observeQuery update: 6 files
[90mstdout[2m | .storybook/components/Welcome.stories.tsx[2m > [22m[2mWelcome
[22m[39m[ChatContext] AssistantChat initialized with 1 chats
[90mstdout[2m | .storybook/components/Welcome.stories.tsx[2m > [22m[2mWelcome
[22m[39m[ChatContext] Setting initial chat: mock-assistant-chat-1
[90mstdout[2m | .storybook/components/Welcome.stories.tsx[2m > [22m[2mWelcome
[22m[39m[MOCK CourseVectorStore] Initialized with mock data
[90mstdout[2m | .storybook/components/Welcome.stories.tsx[2m > [22m[2mWelcome
[22m[39m[FilesContext] Vector store population triggered {
  "currentVectorStoreSize": 3,
  "documentsCount": 0,
  "filesCount": 6,
  "isInitialLoad": true,
}
[90mstdout[2m | .storybook/components/Welcome.stories.tsx[2m > [22m[2mWelcome
[22m[39m[FilesContext] Vector store population complete - 3 total embeddings
[90mstdout[2m | .storybook/components/Welcome.stories.tsx[2m > [22m[2mWelcome
[22m[39m[ChatContext] Chat exists and not archived, skipping creation
[90mstdout[2m | .storybook/components/Welcome.stories.tsx[2m > [22m[2mWelcome
[22m[39m[Mock Storage] downloadData called with: undefined
 [32m✓[39m [30m[45m storybook (chromium) [49m[39m .storybook/components/Welcome.stories.tsx [2m([22m[2m1 test[22m[2m)[22m[33m 786[2mms[22m[39m
   [33m[2m✓[22m[39m Welcome [33m 785[2mms[22m[39m
[90mstdout[2m | unknown test
[22m[39m[MOCK vectorStoreDB.js] Module loaded - mock IndexedDB operations
[90mstdout[2m | unknown test
[22m[39m[Task Completion] DOM action listeners initialized
[90mstdout[2m | unknown test
[22m[39m[Task Completion] Auto-completion detector initialized
[90mstdout[2m | unknown test
[22m[39m[Preview] Task completion detector initialized
[90mstdout[2m | src/components/Gamification/CampaignTimeline.stories.tsx[2m > [22m[2mDefault
[22m[39m[TranslationModeController] Setting mode to: off
[90mstdout[2m | src/components/Gamification/CampaignTimeline.stories.tsx[2m > [22m[2mAll Complete
[22m[39m[TranslationModeController] Setting mode to: off
 [32m✓[39m [30m[45m storybook (chromium) [49m[39m src/components/Gamification/CampaignTimeline.stories.tsx [2m([22m[2m2 tests[22m[2m)[22m[32m 264[2mms[22m[39m
[90mstdout[2m | unknown test
[22m[39m[MOCK vectorStoreDB.js] Module loaded - mock IndexedDB operations
[90mstdout[2m | unknown test
[22m[39m[Task Completion] DOM action listeners initialized
[90mstdout[2m | unknown test
[22m[39m[Task Completion] Auto-completion detector initialized
[90mstdout[2m | unknown test
[22m[39m[Preview] Task completion detector initialized
[90mstdout[2m | src/stories/SidebarNavigation.stories.tsx[2m > [22m[2mSidebar Navigation
[22m[39m[MOCK CourseVectorStore] Initialized with mock data
[90mstdout[2m | src/stories/SidebarNavigation.stories.tsx[2m > [22m[2mSidebar Navigation
[22m[39m[TranslationModeController] Setting mode to: off
[90mstdout[2m | src/stories/SidebarNavigation.stories.tsx[2m > [22m[2mSidebar Navigation
[22m[39m[UnitContext] useEffect triggered {
  "authLoading": false,
  "hasUser": true,
  "id": "mock-unit-id",
  "userSub": "mock-user-sub",
}
[90mstdout[2m | src/stories/SidebarNavigation.stories.tsx[2m > [22m[2mSidebar Navigation
[22m[39m[UnitContext] Fetching unit data for id: mock-unit-id
[90mstdout[2m | src/stories/SidebarNavigation.stories.tsx[2m > [22m[2mSidebar Navigation
[22m[39m[FilesContext] Initializing vector store from IndexedDB
[90mstdout[2m | src/stories/SidebarNavigation.stories.tsx[2m > [22m[2mSidebar Navigation
[22m[39m[FilesContext] fetchFiles called
[90mstdout[2m | src/stories/SidebarNavigation.stories.tsx[2m > [22m[2mSidebar Navigation
[22m[39m[FilesContext] User authenticated: mock-user-sub
[90mstdout[2m | src/stories/SidebarNavigation.stories.tsx[2m > [22m[2mSidebar Navigation
[22m[39m[FilesContext] Identity ID: us-east-1:mock-identity-123
[90mstdout[2m | src/stories/SidebarNavigation.stories.tsx[2m > [22m[2mSidebar Navigation
[22m[39m[FilesContext] About to set up File observeQuery
[90mstdout[2m | src/stories/SidebarNavigation.stories.tsx[2m > [22m[2mSidebar Navigation
[22m[39m[ChatContext] Setting up AssistantChat observeQuery
[90mstdout[2m | src/stories/SidebarNavigation.stories.tsx[2m > [22m[2mSidebar Navigation
[22m[39m[ChatContext] Waiting for subscription to initialize
[90mstdout[2m | src/stories/SidebarNavigation.stories.tsx[2m > [22m[2mSidebar Navigation
[22m[39m[SettingsContext] Setting up Settings subscription for user: mock-user-sub
[90mstdout[2m | src/stories/SidebarNavigation.stories.tsx[2m > [22m[2mSidebar Navigation
[22m[39m[Mock Data] Settings created: mock-settings-1790416632553 - notified 0 subscribers
[90mstdout[2m | src/stories/SidebarNavigation.stories.tsx[2m > [22m[2mSidebar Navigation
[22m[39m[Mock Data] Unit.onUpdate() subscription added. Total: 1
[90mstdout[2m | src/stories/SidebarNavigation.stories.tsx[2m > [22m[2mSidebar Navigation
[22m[39m[SectionContext] Section observeQuery update: 0
[90mstdout[2m | src/stories/SidebarNavigation.stories.tsx[2m > [22m[2mSidebar Navigation
[22m[39m[FilesContext] File observeQuery update: 6 files
[90mstdout[2m | src/stories/SidebarNavigation.stories.tsx[2m > [22m[2mSidebar Navigation
[22m[39m[ChatContext] AssistantChat initialized with 1 chats
[90mstdout[2m | src/stories/SidebarNavigation.stories.tsx[2m > [22m[2mSidebar Navigation
[22m[39m[ChatContext] Setting initial chat: mock-assistant-chat-1
[90mstdout[2m | src/stories/SidebarNavigation.stories.tsx[2m > [22m[2mSidebar Navigation
[22m[39m[MOCK CourseVectorStore] Initialized with mock data
[90mstdout[2m | src/stories/SidebarNavigation.stories.tsx[2m > [22m[2mSidebar Navigation
[22m[39m[FilesContext] Vector store population triggered {
  "currentVectorStoreSize": 3,
  "documentsCount": 0,
  "filesCount": 6,
  "isInitialLoad": true,
}
[90mstdout[2m | src/stories/SidebarNavigation.stories.tsx[2m > [22m[2mSidebar Navigation
[22m[39m[FilesContext] Vector store population complete - 3 total embeddings
[90mstdout[2m | src/stories/SidebarNavigation.stories.tsx[2m > [22m[2mSidebar Navigation
[22m[39m[ChatContext] Chat exists and not archived, skipping creation
[90mstdout[2m | src/stories/SidebarNavigation.stories.tsx[2m > [22m[2mSidebar Navigation
[22m[39m[Mock Storage] downloadData called with: undefined
 [32m✓[39m [30m[45m storybook (chromium) [49m[39m src/stories/SidebarNavigation.stories.tsx [2m([22m[2m1 test[22m[2m)[22m[32m 185[2mms[22m[39m
[90mstdout[2m | unknown test
[22m[39m[MOCK vectorStoreDB.js] Module loaded - mock IndexedDB operations
[90mstdout[2m | unknown test
[22m[39m[Task Completion] DOM action listeners initialized
[90mstdout[2m | unknown test
[22m[39m[Task Completion] Auto-completion detector initialized
[90mstdout[2m | unknown test
[22m[39m[Preview] Task completion detector initialized
[90mstdout[2m | src/components/Editor3/plugins/BlockSuggestionPluginAI.stories.jsx[2m > [22m[2mCompare A Ivs Rules
[22m[39m[Preview] Skipped initializing default mock data (initializeMockData=false)
[90mstdout[2m | src/components/Editor3/plugins/BlockSuggestionPluginAI.stories.jsx[2m > [22m[2mCompare A Ivs Rules
[22m[39m[Mock Data] seedMockUnit: Adding unit block-suggestion-ai-story-unit
[90mstdout[2m | src/components/Editor3/plugins/BlockSuggestionPluginAI.stories.jsx[2m > [22m[2mCompare A Ivs Rules
[22m[39m[MOCK CourseVectorStore] Initialized with mock data
[90mstdout[2m | src/components/Editor3/plugins/BlockSuggestionPluginAI.stories.jsx[2m > [22m[2mCompare A Ivs Rules
[22m[39m[TranslationModeController] Setting mode to: off
[90mstdout[2m | src/components/Editor3/plugins/BlockSuggestionPluginAI.stories.jsx[2m > [22m[2mCompare A Ivs Rules
[22m[39m[UnitContext] useEffect triggered {
  "authLoading": false,
  "hasUser": true,
  "id": "block-suggestion-ai-story-unit",
  "userSub": "mock-user-sub",
}
[90mstdout[2m | src/components/Editor3/plugins/BlockSuggestionPluginAI.stories.jsx[2m > [22m[2mCompare A Ivs Rules
[22m[39m[UnitContext] Fetching unit data for id: block-suggestion-ai-story-unit
[90mstdout[2m | src/components/Editor3/plugins/BlockSuggestionPluginAI.stories.jsx[2m > [22m[2mCompare A Ivs Rules
[22m[39m[FilesContext] Initializing vector store from IndexedDB
[90mstdout[2m | src/components/Editor3/plugins/BlockSuggestionPluginAI.stories.jsx[2m > [22m[2mCompare A Ivs Rules
[22m[39m[FilesContext] fetchFiles called
[90mstdout[2m | src/components/Editor3/plugins/BlockSuggestionPluginAI.stories.jsx[2m > [22m[2mCompare A Ivs Rules
[22m[39m[FilesContext] User authenticated: mock-user-sub
[90mstdout[2m | src/components/Editor3/plugins/BlockSuggestionPluginAI.stories.jsx[2m > [22m[2mCompare A Ivs Rules
[22m[39m[FilesContext] Identity ID: us-east-1:mock-identity-123
[90mstdout[2m | src/components/Editor3/plugins/BlockSuggestionPluginAI.stories.jsx[2m > [22m[2mCompare A Ivs Rules
[22m[39m[FilesContext] About to set up File observeQuery
[90mstdout[2m | src/components/Editor3/plugins/BlockSuggestionPluginAI.stories.jsx[2m > [22m[2mCompare A Ivs Rules
[22m[39m[ChatContext] Setting up AssistantChat observeQuery
[90mstdout[2m | src/components/Editor3/plugins/BlockSuggestionPluginAI.stories.jsx[2m > [22m[2mCompare A Ivs Rules
[22m[39m[ChatContext] Waiting for subscription to initialize
[90mstdout[2m | src/components/Editor3/plugins/BlockSuggestionPluginAI.stories.jsx[2m > [22m[2mCompare A Ivs Rules
[22m[39m[SettingsContext] Setting up Settings subscription for user: mock-user-sub
[90mstdout[2m | src/components/Editor3/plugins/BlockSuggestionPluginAI.stories.jsx[2m > [22m[2mCompare A Ivs Rules
[22m[39m[Mock Data] Settings created: mock-settings-1790416637357 - notified 0 subscribers
[90mstdout[2m | src/components/Editor3/plugins/BlockSuggestionPluginAI.stories.jsx[2m > [22m[2mCompare A Ivs Rules
[22m[39m[Mock Data] Unit.onUpdate() subscription added. Total: 1
[90mstdout[2m | src/components/Editor3/plugins/BlockSuggestionPluginAI.stories.jsx[2m > [22m[2mCompare A Ivs Rules
[22m[39m[SectionContext] Section observeQuery update: 0
[90mstdout[2m | src/components/Editor3/plugins/BlockSuggestionPluginAI.stories.jsx[2m > [22m[2mCompare A Ivs Rules
[22m[39m[FilesContext] File observeQuery update: 0 files
[90mstdout[2m | src/components/Editor3/plugins/BlockSuggestionPluginAI.stories.jsx[2m > [22m[2mCompare A Ivs Rules
[22m[39m[ChatContext] AssistantChat initialized with 0 chats
[90mstdout[2m | src/components/Editor3/plugins/BlockSuggestionPluginAI.stories.jsx[2m > [22m[2mCompare A Ivs Rules
[22m[39m[Mock Storage] downloadData called with: undefined
[90mstdout[2m | src/components/Editor3/plugins/BlockSuggestionPluginAI.stories.jsx[2m > [22m[2mCompare A Ivs Rules
[22m[39m[MOCK CourseVectorStore] Initialized with mock data
[90mstdout[2m | src/components/Editor3/plugins/BlockSuggestionPluginAI.stories.jsx[2m > [22m[2mCompare A Ivs Rules
[22m[39m[ChatContext] No current chat available, will create one
[90mstdout[2m | src/components/Editor3/plugins/BlockSuggestionPluginAI.stories.jsx[2m > [22m[2mCompare A Ivs Rules
[22m[39m[ChatContext] Creating AssistantChat with user: undefined
[90mstdout[2m | src/components/Editor3/plugins/BlockSuggestionPluginAI.stories.jsx[2m > [22m[2mCompare A Ivs Rules
[22m[39m[Mock Data] AssistantChat created: mock-assistantchat-1790416637370 - notified 1 subscribers
[90mstdout[2m | src/components/Editor3/plugins/BlockSuggestionPluginAI.stories.jsx[2m > [22m[2mCompare A Ivs Rules
[22m[39m[ChatContext] Create result: {
  "data": {
    "_version": 1,
    "archived": false,
    "chatFiles": [Function anonymous],
    "createdAt": "2026-09-26T09:57:17.370Z",
    "id": "mock-assistantchat-1790416637370",
    "model": "gpt-4",
    "updatedAt": "2026-09-26T09:57:17.370Z",
  },
  "errors": [],
  "hasData": true,
  "hasErrors": true,
}
[90mstdout[2m | src/components/Editor3/plugins/BlockSuggestionPluginAI.stories.jsx[2m > [22m[2mCompare A Ivs Rules
[22m[39m[ChatContext] Created AssistantChat: mock-assistantchat-1790416637370 at: 2026-09-26T09:57:17.370Z
[90mstdout[2m | src/components/Editor3/plugins/BlockSuggestionPluginAI.stories.jsx[2m > [22m[2mCompare A Ivs Rules
[22m[39m[ChatContext] Setting initial chat: mock-assistantchat-1790416637370
[90mstdout[2m | src/components/Editor3/plugins/BlockSuggestionPluginAI.stories.jsx[2m > [22m[2mCompare A Ivs Rules
[22m[39m[ChatContext] Chat exists and not archived, skipping creation
[90mstdout[2m | src/components/Editor3/plugins/BlockSuggestionPluginAI.stories.jsx[2m > [22m[2mAfter Explanation
[22m[39m[ChatContext] Cleaning up subscriptions
[90mstdout[2m | src/components/Editor3/plugins/BlockSuggestionPluginAI.stories.jsx[2m > [22m[2mAfter Explanation
[22m[39m[Mock Data] Unit.onUpdate() subscription removed. Remaining: 0
[90mstdout[2m | src/components/Editor3/plugins/BlockSuggestionPluginAI.stories.jsx[2m > [22m[2mAfter Explanation
[22m[39m[Preview] Skipped initializing default mock data (initializeMockData=false)
[90mstdout[2m | src/components/Editor3/plugins/BlockSuggestionPluginAI.stories.jsx[2m > [22m[2mAfter Explanation
[22m[39m[Mock Data] seedMockUnit: Adding unit block-suggestion-ai-story-unit
[90mstdout[2m | src/components/Editor3/plugins/BlockSuggestionPluginAI.stories.jsx[2m > [22m[2mAfter Explanation
[22m[39m[MOCK CourseVectorStore] Initialized with mock data
[90mstdout[2m | src/components/Editor3/plugins/BlockSuggestionPluginAI.stories.jsx[2m > [22m[2mAfter Explanation
[22m[39m[TranslationModeController] Setting mode to: off
[90mstdout[2m | src/components/Editor3/plugins/BlockSuggestionPluginAI.stories.jsx[2m > [22m[2mAfter Explanation
[22m[39m[UnitContext] useEffect triggered {
  "authLoading": false,
  "hasUser": true,
  "id": "block-suggestion-ai-story-unit",
  "userSub": "mock-user-sub",
}
[90mstdout[2m | src/components/Editor3/plugins/BlockSuggestionPluginAI.stories.jsx[2m > [22m[2mAfter Explanation
[22m[39m[UnitContext] Fetching unit data for id: block-suggestion-ai-story-unit
[90mstdout[2m | src/components/Editor3/plugins/BlockSuggestionPluginAI.stories.jsx[2m > [22m[2mAfter Explanation
[22m[39m[FilesContext] Initializing vector store from IndexedDB
[90mstdout[2m | src/components/Editor3/plugins/BlockSuggestionPluginAI.stories.jsx[2m > [22m[2mAfter Explanation
[22m[39m[FilesContext] fetchFiles called
[90mstdout[2m | src/components/Editor3/plugins/BlockSuggestionPluginAI.stories.jsx[2m > [22m[2mAfter Explanation
[22m[39m[FilesContext] User authenticated: mock-user-sub
[90mstdout[2m | src/components/Editor3/plugins/BlockSuggestionPluginAI.stories.jsx[2m > [22m[2mAfter Explanation
[22m[39m[FilesContext] Identity ID: us-east-1:mock-identity-123
[90mstdout[2m | src/components/Editor3/plugins/BlockSuggestionPluginAI.stories.jsx[2m > [22m[2mAfter Explanation
[22m[39m[FilesContext] About to set up File observeQuery
[90mstdout[2m | src/components/Editor3/plugins/BlockSuggestionPluginAI.stories.jsx[2m > [22m[2mAfter Explanation
[22m[39m[ChatContext] Setting up AssistantChat observeQuery
[90mstdout[2m | src/components/Editor3/plugins/BlockSuggestionPluginAI.stories.jsx[2m > [22m[2mAfter Explanation
[22m[39m[ChatContext] Waiting for subscription to initialize
[90mstdout[2m | src/components/Editor3/plugins/BlockSuggestionPluginAI.stories.jsx[2m > [22m[2mAfter Explanation
[22m[39m[SettingsContext] Setting up Settings subscription for user: mock-user-sub
[90mstdout[2m | src/components/Editor3/plugins/BlockSuggestionPluginAI.stories.jsx[2m > [22m[2mAfter Explanation
[22m[39m[Mock Data] Settings created: mock-settings-1790416637585 - notified 0 subscribers
[90mstdout[2m | src/components/Editor3/plugins/BlockSuggestionPluginAI.stories.jsx[2m > [22m[2mAfter Explanation
[22m[39m[Mock Data] Unit.onUpdate() subscription added. Total: 1
[90mstdout[2m | src/components/Editor3/plugins/BlockSuggestionPluginAI.stories.jsx[2m > [22m[2mAfter Explanation
[22m[39m[SectionContext] Section observeQuery update: 0
[90mstdout[2m | src/components/Editor3/plugins/BlockSuggestionPluginAI.stories.jsx[2m > [22m[2mAfter Explanation
[22m[39m[FilesContext] File observeQuery update: 0 files
[90mstdout[2m | src/components/Editor3/plugins/BlockSuggestionPluginAI.stories.jsx[2m > [22m[2mAfter Explanation
[22m[39m[ChatContext] AssistantChat initialized with 0 chats
[90mstdout[2m | src/components/Editor3/plugins/BlockSuggestionPluginAI.stories.jsx[2m > [22m[2mAfter Explanation
[22m[39m[MOCK CourseVectorStore] Initialized with mock data
[90mstdout[2m | src/components/Editor3/plugins/BlockSuggestionPluginAI.stories.jsx[2m > [22m[2mAfter Explanation
[22m[39m[ChatContext] No current chat available, will create one
[90mstdout[2m | src/components/Editor3/plugins/BlockSuggestionPluginAI.stories.jsx[2m > [22m[2mAfter Explanation
[22m[39m[ChatContext] Creating AssistantChat with user: undefined
[90mstdout[2m | src/components/Editor3/plugins/BlockSuggestionPluginAI.stories.jsx[2m > [22m[2mAfter Explanation
[22m[39m[Mock Data] AssistantChat created: mock-assistantchat-1790416637596 - notified 1 subscribers
[90mstdout[2m | src/components/Editor3/plugins/BlockSuggestionPluginAI.stories.jsx[2m > [22m[2mAfter Explanation
[22m[39m[ChatContext] Create result: {
  "data": {
    "_version": 1,
    "archived": false,
    "chatFiles": [Function anonymous],
    "createdAt": "2026-09-26T09:57:17.596Z",
    "id": "mock-assistantchat-1790416637596",
    "model": "gpt-4",
    "updatedAt": "2026-09-26T09:57:17.596Z",
  },
  "errors": [],
  "hasData": true,
  "hasErrors": true,
}
[90mstdout[2m | src/components/Editor3/plugins/BlockSuggestionPluginAI.stories.jsx[2m > [22m[2mAfter Explanation
[22m[39m[ChatContext] Created AssistantChat: mock-assistantchat-1790416637596 at: 2026-09-26T09:57:17.596Z
[90mstdout[2m | src/components/Editor3/plugins/BlockSuggestionPluginAI.stories.jsx[2m > [22m[2mAfter Explanation
[22m[39m[Mock Storage] downloadData called with: undefined
[90mstdout[2m | src/components/Editor3/plugins/BlockSuggestionPluginAI.stories.jsx[2m > [22m[2mAfter Explanation
[22m[39m[ChatContext] Setting initial chat: mock-assistantchat-1790416637596
[90mstdout[2m | src/components/Editor3/plugins/BlockSuggestionPluginAI.stories.jsx[2m > [22m[2mAfter Explanation
[22m[39m[ChatContext] Chat exists and not archived, skipping creation
[90mstdout[2m | src/components/Editor3/plugins/BlockSuggestionPluginAI.stories.jsx[2m > [22m[2mComplex Lesson Structure
[22m[39m[ChatContext] Cleaning up subscriptions
[90mstdout[2m | src/components/Editor3/plugins/BlockSuggestionPluginAI.stories.jsx[2m > [22m[2mComplex Lesson Structure
[22m[39m[Mock Data] Unit.onUpdate() subscription removed. Remaining: 0
[90mstdout[2m | src/components/Editor3/plugins/BlockSuggestionPluginAI.stories.jsx[2m > [22m[2mComplex Lesson Structure
[22m[39m[Preview] Skipped initializing default mock data (initializeMockData=false)
[90mstdout[2m | src/components/Editor3/plugins/BlockSuggestionPluginAI.stories.jsx[2m > [22m[2mComplex Lesson Structure
[22m[39m[Mock Data] seedMockUnit: Adding unit block-suggestion-ai-story-unit
[90mstdout[2m | src/components/Editor3/plugins/BlockSuggestionPluginAI.stories.jsx[2m > [22m[2mComplex Lesson Structure
[22m[39m[MOCK CourseVectorStore] Initialized with mock data
[90mstdout[2m | src/components/Editor3/plugins/BlockSuggestionPluginAI.stories.jsx[2m > [22m[2mComplex Lesson Structure
[22m[39m[TranslationModeController] Setting mode to: off
[90mstdout[2m | src/components/Editor3/plugins/BlockSuggestionPluginAI.stories.jsx[2m > [22m[2mComplex Lesson Structure
[22m[39m[UnitContext] useEffect triggered {
  "authLoading": false,
  "hasUser": true,
  "id": "block-suggestion-ai-story-unit",
  "userSub": "mock-user-sub",
}
[90mstdout[2m | src/components/Editor3/plugins/BlockSuggestionPluginAI.stories.jsx[2m > [22m[2mComplex Lesson Structure
[22m[39m[UnitContext] Fetching unit data for id: block-suggestion-ai-story-unit
[90mstdout[2m | src/components/Editor3/plugins/BlockSuggestionPluginAI.stories.jsx[2m > [22m[2mComplex Lesson Structure
[22m[39m[FilesContext] Initializing vector store from IndexedDB
[90mstdout[2m | src/components/Editor3/plugins/BlockSuggestionPluginAI.stories.jsx[2m > [22m[2mComplex Lesson Structure
[22m[39m[FilesContext] fetchFiles called
[90mstdout[2m | src/components/Editor3/plugins/BlockSuggestionPluginAI.stories.jsx[2m > [22m[2mComplex Lesson Structure
[22m[39m[FilesContext] User authenticated: mock-user-sub
[90mstdout[2m | src/components/Editor3/plugins/BlockSuggestionPluginAI.stories.jsx[2m > [22m[2mComplex Lesson Structure
[22m[39m[FilesContext] Identity ID: us-east-1:mock-identity-123
[90mstdout[2m | src/components/Editor3/plugins/BlockSuggestionPluginAI.stories.jsx[2m > [22m[2mComplex Lesson Structure
[22m[39m[FilesContext] About to set up File observeQuery
[90mstdout[2m | src/components/Editor3/plugins/BlockSuggestionPluginAI.stories.jsx[2m > [22m[2mComplex Lesson Structure
[22m[39m[ChatContext] Setting up AssistantChat observeQuery
[90mstdout[2m | src/components/Editor3/plugins/BlockSuggestionPluginAI.stories.jsx[2m > [22m[2mComplex Lesson Structure
[22m[39m[ChatContext] Waiting for subscription to initialize
[90mstdout[2m | src/components/Editor3/plugins/BlockSuggestionPluginAI.stories.jsx[2m > [22m[2mComplex Lesson Structure
[22m[39m[SettingsContext] Setting up Settings subscription for user: mock-user-sub
[90mstdout[2m | src/components/Editor3/plugins/BlockSuggestionPluginAI.stories.jsx[2m > [22m[2mComplex Lesson Structure
[22m[39m[Mock Data] Settings created: mock-settings-1790416637743 - notified 0 subscribers
[90mstdout[2m | src/components/Editor3/plugins/BlockSuggestionPluginAI.stories.jsx[2m > [22m[2mComplex Lesson Structure
[22m[39m[Mock Data] Unit.onUpdate() subscription added. Total: 1
[90mstdout[2m | src/components/Editor3/plugins/BlockSuggestionPluginAI.stories.jsx[2m > [22m[2mComplex Lesson Structure
[22m[39m[SectionContext] Section observeQuery update: 0
[90mstdout[2m | src/components/Editor3/plugins/BlockSuggestionPluginAI.stories.jsx[2m > [22m[2mComplex Lesson Structure
[22m[39m[FilesContext] File observeQuery update: 0 files
[90mstdout[2m | src/components/Editor3/plugins/BlockSuggestionPluginAI.stories.jsx[2m > [22m[2mComplex Lesson Structure
[22m[39m[MOCK CourseVectorStore] Initialized with mock data
[90mstdout[2m | src/components/Editor3/plugins/BlockSuggestionPluginAI.stories.jsx[2m > [22m[2mComplex Lesson Structure
[22m[39m[ChatContext] AssistantChat initialized with 0 chats
[90mstdout[2m | src/components/Editor3/plugins/BlockSuggestionPluginAI.stories.jsx[2m > [22m[2mComplex Lesson Structure
[22m[39m[Mock Storage] downloadData called with: undefined
[90mstdout[2m | src/components/Editor3/plugins/BlockSuggestionPluginAI.stories.jsx[2m > [22m[2mComplex Lesson Structure
[22m[39m[ChatContext] No current chat available, will create one
[90mstdout[2m | src/components/Editor3/plugins/BlockSuggestionPluginAI.stories.jsx[2m > [22m[2mComplex Lesson Structure
[22m[39m[ChatContext] Creating AssistantChat with user: undefined
[90mstdout[2m | src/components/Editor3/plugins/BlockSuggestionPluginAI.stories.jsx[2m > [22m[2mComplex Lesson Structure
[22m[39m[Mock Data] AssistantChat created: mock-assistantchat-1790416637758 - notified 1 subscribers
[90mstdout[2m | src/components/Editor3/plugins/BlockSuggestionPluginAI.stories.jsx[2m > [22m[2mComplex Lesson Structure
[22m[39m[ChatContext] Create result: {
  "data": {
    "_version": 1,
    "archived": false,
    "chatFiles": [Function anonymous],
    "createdAt": "2026-09-26T09:57:17.758Z",
    "id": "mock-assistantchat-1790416637758",
    "model": "gpt-4",
    "updatedAt": "2026-09-26T09:57:17.758Z",
  },
  "errors": [],
  "hasData": true,
  "hasErrors": true,
}
[90mstdout[2m | src/components/Editor3/plugins/BlockSuggestionPluginAI.stories.jsx[2m > [22m[2mComplex Lesson Structure
[22m[39m[ChatContext] Created AssistantChat: mock-assistantchat-1790416637758 at: 2026-09-26T09:57:17.758Z
[90mstdout[2m | src/components/Editor3/plugins/BlockSuggestionPluginAI.stories.jsx[2m > [22m[2mComplex Lesson Structure
[22m[39m[ChatContext] Setting initial chat: mock-assistantchat-1790416637758
[90mstdout[2m | src/components/Editor3/plugins/BlockSuggestionPluginAI.stories.jsx[2m > [22m[2mComplex Lesson Structure
[22m[39m[ChatContext] Chat exists and not archived, skipping creation
[90mstdout[2m | src/components/Editor3/plugins/BlockSuggestionPluginAI.stories.jsx[2m > [22m[2mAfter Quiz
[22m[39m[ChatContext] Cleaning up subscriptions
[90mstdout[2m | src/components/Editor3/plugins/BlockSuggestionPluginAI.stories.jsx[2m > [22m[2mAfter Quiz
[22m[39m[Mock Data] Unit.onUpdate() subscription removed. Remaining: 0
[90mstdout[2m | src/components/Editor3/plugins/BlockSuggestionPluginAI.stories.jsx[2m > [22m[2mAfter Quiz
[22m[39m[Preview] Skipped initializing default mock data (initializeMockData=false)
[90mstdout[2m | src/components/Editor3/plugins/BlockSuggestionPluginAI.stories.jsx[2m > [22m[2mAfter Quiz
[22m[39m[Mock Data] seedMockUnit: Adding unit block-suggestion-ai-story-unit
[90mstdout[2m | src/components/Editor3/plugins/BlockSuggestionPluginAI.stories.jsx[2m > [22m[2mAfter Quiz
[22m[39m[MOCK CourseVectorStore] Initialized with mock data
[90mstdout[2m | src/components/Editor3/plugins/BlockSuggestionPluginAI.stories.jsx[2m > [22m[2mAfter Quiz
[22m[39m[TranslationModeController] Setting mode to: off
[90mstdout[2m | src/components/Editor3/plugins/BlockSuggestionPluginAI.stories.jsx[2m > [22m[2mAfter Quiz
[22m[39m[UnitContext] useEffect triggered {
  "authLoading": false,
  "hasUser": true,
  "id": "block-suggestion-ai-story-unit",
  "userSub": "mock-user-sub",
}
[90mstdout[2m | src/components/Editor3/plugins/BlockSuggestionPluginAI.stories.jsx[2m > [22m[2mAfter Quiz
[22m[39m[UnitContext] Fetching unit data for id: block-suggestion-ai-story-unit
[90mstdout[2m | src/components/Editor3/plugins/BlockSuggestionPluginAI.stories.jsx[2m > [22m[2mAfter Quiz
[22m[39m[FilesContext] Initializing vector store from IndexedDB
[90mstdout[2m | src/components/Editor3/plugins/BlockSuggestionPluginAI.stories.jsx[2m > [22m[2mAfter Quiz
[22m[39m[FilesContext] fetchFiles called
[90mstdout[2m | src/components/Editor3/plugins/BlockSuggestionPluginAI.stories.jsx[2m > [22m[2mAfter Quiz
[22m[39m[FilesContext] User authenticated: mock-user-sub
[90mstdout[2m | src/components/Editor3/plugins/BlockSuggestionPluginAI.stories.jsx[2m > [22m[2mAfter Quiz
[22m[39m[FilesContext] Identity ID: us-east-1:mock-identity-123
[90mstdout[2m | src/components/Editor3/plugins/BlockSuggestionPluginAI.stories.jsx[2m > [22m[2mAfter Quiz
[22m[39m[FilesContext] About to set up File observeQuery
[90mstdout[2m | src/components/Editor3/plugins/BlockSuggestionPluginAI.stories.jsx[2m > [22m[2mAfter Quiz
[22m[39m[ChatContext] Setting up AssistantChat observeQuery
[90mstdout[2m | src/components/Editor3/plugins/BlockSuggestionPluginAI.stories.jsx[2m > [22m[2mAfter Quiz
[22m[39m[ChatContext] Waiting for subscription to initialize
[90mstdout[2m | src/components/Editor3/plugins/BlockSuggestionPluginAI.stories.jsx[2m > [22m[2mAfter Quiz
[22m[39m[SettingsContext] Setting up Settings subscription for user: mock-user-sub
[90mstdout[2m | src/components/Editor3/plugins/BlockSuggestionPluginAI.stories.jsx[2m > [22m[2mAfter Quiz
[22m[39m[Mock Data] Settings created: mock-settings-1790416637941 - notified 0 subscribers
[90mstdout[2m | src/components/Editor3/plugins/BlockSuggestionPluginAI.stories.jsx[2m > [22m[2mAfter Quiz
[22m[39m[Mock Data] Unit.onUpdate() subscription added. Total: 1
[90mstdout[2m | src/components/Editor3/plugins/BlockSuggestionPluginAI.stories.jsx[2m > [22m[2mAfter Quiz
[22m[39m[SectionContext] Section observeQuery update: 0
[90mstdout[2m | src/components/Editor3/plugins/BlockSuggestionPluginAI.stories.jsx[2m > [22m[2mAfter Quiz
[22m[39m[FilesContext] File observeQuery update: 0 files
[90mstdout[2m | src/components/Editor3/plugins/BlockSuggestionPluginAI.stories.jsx[2m > [22m[2mAfter Quiz
[22m[39m[ChatContext] AssistantChat initialized with 0 chats
[90mstdout[2m | src/components/Editor3/plugins/BlockSuggestionPluginAI.stories.jsx[2m > [22m[2mAfter Quiz
[22m[39m[MOCK CourseVectorStore] Initialized with mock data
[90mstdout[2m | src/components/Editor3/plugins/BlockSuggestionPluginAI.stories.jsx[2m > [22m[2mAfter Quiz
[22m[39m[ChatContext] No current chat available, will create one
[90mstdout[2m | src/components/Editor3/plugins/BlockSuggestionPluginAI.stories.jsx[2m > [22m[2mAfter Quiz
[22m[39m[ChatContext] Creating AssistantChat with user: undefined
[90mstdout[2m | src/components/Editor3/plugins/BlockSuggestionPluginAI.stories.jsx[2m > [22m[2mAfter Quiz
[22m[39m[Mock Data] AssistantChat created: mock-assistantchat-1790416637995 - notified 1 subscribers
[90mstdout[2m | src/components/Editor3/plugins/BlockSuggestionPluginAI.stories.jsx[2m > [22m[2mAfter Quiz
[22m[39m[ChatContext] Create result: {
  "data": {
    "_version": 1,
    "archived": false,
    "chatFiles": [Function anonymous],
    "createdAt": "2026-09-26T09:57:17.995Z",
    "id": "mock-assistantchat-1790416637995",
    "model": "gpt-4",
    "updatedAt": "2026-09-26T09:57:17.995Z",
  },
  "errors": [],
  "hasData": true,
  "hasErrors": true,
}
[90mstdout[2m | src/components/Editor3/plugins/BlockSuggestionPluginAI.stories.jsx[2m > [22m[2mAfter Quiz
[22m[39m[ChatContext] Created AssistantChat: mock-assistantchat-1790416637995 at: 2026-09-26T09:57:17.995Z
[90mstdout[2m | src/components/Editor3/plugins/BlockSuggestionPluginAI.stories.jsx[2m > [22m[2mAfter Quiz
[22m[39m[Mock Storage] downloadData called with: undefined
[90mstdout[2m | src/components/Editor3/plugins/BlockSuggestionPluginAI.stories.jsx[2m > [22m[2mAfter Quiz
[22m[39m[ChatContext] Setting initial chat: mock-assistantchat-1790416637995
[90mstdout[2m | src/components/Editor3/plugins/BlockSuggestionPluginAI.stories.jsx[2m > [22m[2mAfter Quiz
[22m[39m[ChatContext] Chat exists and not archived, skipping creation
[90mstdout[2m | src/components/Editor3/plugins/BlockSuggestionPluginAI.stories.jsx[2m > [22m[2mEmpty Lesson
[22m[39m[ChatContext] Cleaning up subscriptions
[90mstdout[2m | src/components/Editor3/plugins/BlockSuggestionPluginAI.stories.jsx[2m > [22m[2mEmpty Lesson
[22m[39m[Mock Data] Unit.onUpdate() subscription removed. Remaining: 0
[90mstdout[2m | src/components/Editor3/plugins/BlockSuggestionPluginAI.stories.jsx[2m > [22m[2mEmpty Lesson
[22m[39m[Preview] Skipped initializing default mock data (initializeMockData=false)
[90mstdout[2m | src/components/Editor3/plugins/BlockSuggestionPluginAI.stories.jsx[2m > [22m[2mEmpty Lesson
[22m[39m[Mock Data] seedMockUnit: Adding unit block-suggestion-ai-story-unit
[90mstdout[2m | src/components/Editor3/plugins/BlockSuggestionPluginAI.stories.jsx[2m > [22m[2mEmpty Lesson
[22m[39m[MOCK CourseVectorStore] Initialized with mock data
[90mstdout[2m | src/components/Editor3/plugins/BlockSuggestionPluginAI.stories.jsx[2m > [22m[2mEmpty Lesson
[22m[39m[TranslationModeController] Setting mode to: off
[90mstdout[2m | src/components/Editor3/plugins/BlockSuggestionPluginAI.stories.jsx[2m > [22m[2mEmpty Lesson
[22m[39m[UnitContext] useEffect triggered {
  "authLoading": false,
  "hasUser": true,
  "id": "block-suggestion-ai-story-unit",
  "userSub": "mock-user-sub",
}
[90mstdout[2m | src/components/Editor3/plugins/BlockSuggestionPluginAI.stories.jsx[2m > [22m[2mEmpty Lesson
[22m[39m[UnitContext] Fetching unit data for id: block-suggestion-ai-story-unit
[90mstdout[2m | src/components/Editor3/plugins/BlockSuggestionPluginAI.stories.jsx[2m > [22m[2mEmpty Lesson
[22m[39m[FilesContext] Initializing vector store from IndexedDB
[90mstdout[2m | src/components/Editor3/plugins/BlockSuggestionPluginAI.stories.jsx[2m > [22m[2mEmpty Lesson
[22m[39m[FilesContext] fetchFiles called
[90mstdout[2m | src/components/Editor3/plugins/BlockSuggestionPluginAI.stories.jsx[2m > [22m[2mEmpty Lesson
[22m[39m[FilesContext] User authenticated: mock-user-sub
[90mstdout[2m | src/components/Editor3/plugins/BlockSuggestionPluginAI.stories.jsx[2m > [22m[2mEmpty Lesson
[22m[39m[FilesContext] Identity ID: us-east-1:mock-identity-123
[90mstdout[2m | src/components/Editor3/plugins/BlockSuggestionPluginAI.stories.jsx[2m > [22m[2mEmpty Lesson
[22m[39m[FilesContext] About to set up File observeQuery
[90mstdout[2m | src/components/Editor3/plugins/BlockSuggestionPluginAI.stories.jsx[2m > [22m[2mEmpty Lesson
[22m[39m[ChatContext] Setting up AssistantChat observeQuery
[90mstdout[2m | src/components/Editor3/plugins/BlockSuggestionPluginAI.stories.jsx[2m > [22m[2mEmpty Lesson
[22m[39m[ChatContext] Waiting for subscription to initialize
[90mstdout[2m | src/components/Editor3/plugins/BlockSuggestionPluginAI.stories.jsx[2m > [22m[2mEmpty Lesson
[22m[39m[SettingsContext] Setting up Settings subscription for user: mock-user-sub
[90mstdout[2m | src/components/Editor3/plugins/BlockSuggestionPluginAI.stories.jsx[2m > [22m[2mEmpty Lesson
[22m[39m[Mock Data] Settings created: mock-settings-1790416638167 - notified 0 subscribers
[90mstdout[2m | src/components/Editor3/plugins/BlockSuggestionPluginAI.stories.jsx[2m > [22m[2mEmpty Lesson
[22m[39m[Mock Data] Unit.onUpdate() subscription added. Total: 1
[90mstdout[2m | src/components/Editor3/plugins/BlockSuggestionPluginAI.stories.jsx[2m > [22m[2mEmpty Lesson
[22m[39m[SectionContext] Section observeQuery update: 0
[90mstdout[2m | src/components/Editor3/plugins/BlockSuggestionPluginAI.stories.jsx[2m > [22m[2mEmpty Lesson
[22m[39m[FilesContext] File observeQuery update: 0 files
[90mstdout[2m | src/components/Editor3/plugins/BlockSuggestionPluginAI.stories.jsx[2m > [22m[2mEmpty Lesson
[22m[39m[ChatContext] AssistantChat initialized with 0 chats
[90mstdout[2m | src/components/Editor3/plugins/BlockSuggestionPluginAI.stories.jsx[2m > [22m[2mEmpty Lesson
[22m[39m[MOCK CourseVectorStore] Initialized with mock data
[90mstdout[2m | src/components/Editor3/plugins/BlockSuggestionPluginAI.stories.jsx[2m > [22m[2mEmpty Lesson
[22m[39m[ChatContext] No current chat available, will create one
[90mstdout[2m | src/components/Editor3/plugins/BlockSuggestionPluginAI.stories.jsx[2m > [22m[2mEmpty Lesson
[22m[39m[ChatContext] Creating AssistantChat with user: undefined
[90mstdout[2m | src/components/Editor3/plugins/BlockSuggestionPluginAI.stories.jsx[2m > [22m[2mEmpty Lesson
[22m[39m[Mock Data] AssistantChat created: mock-assistantchat-1790416638184 - notified 1 subscribers
[90mstdout[2m | src/components/Editor3/plugins/BlockSuggestionPluginAI.stories.jsx[2m > [22m[2mEmpty Lesson
[22m[39m[ChatContext] Create result: {
  "data": {
    "_version": 1,
    "archived": false,
    "chatFiles": [Function anonymous],
    "createdAt": "2026-09-26T09:57:18.184Z",
    "id": "mock-assistantchat-1790416638184",
    "model": "gpt-4",
    "updatedAt": "2026-09-26T09:57:18.184Z",
  },
  "errors": [],
  "hasData": true,
  "hasErrors": true,
}
[90mstdout[2m | src/components/Editor3/plugins/BlockSuggestionPluginAI.stories.jsx[2m > [22m[2mEmpty Lesson
[22m[39m[ChatContext] Created AssistantChat: mock-assistantchat-1790416638184 at: 2026-09-26T09:57:18.184Z
[90mstdout[2m | src/components/Editor3/plugins/BlockSuggestionPluginAI.stories.jsx[2m > [22m[2mEmpty Lesson
[22m[39m[Mock Storage] downloadData called with: undefined
[90mstdout[2m | src/components/Editor3/plugins/BlockSuggestionPluginAI.stories.jsx[2m > [22m[2mEmpty Lesson
[22m[39m[ChatContext] Setting initial chat: mock-assistantchat-1790416638184
[90mstdout[2m | src/components/Editor3/plugins/BlockSuggestionPluginAI.stories.jsx[2m > [22m[2mEmpty Lesson
[22m[39m[ChatContext] Chat exists and not archived, skipping creation
 [32m✓[39m [30m[45m storybook (chromium) [49m[39m src/components/Editor3/plugins/BlockSuggestionPluginAI.stories.jsx [2m([22m[2m5 tests[22m[2m)[22m[33m 1071[2mms[22m[39m
   [33m[2m✓[22m[39m Compare A Ivs Rules [33m 305[2mms[22m[39m
[90mstdout[2m | unknown test
[22m[39m[MOCK vectorStoreDB.js] Module loaded - mock IndexedDB operations
[90mstdout[2m | unknown test
[22m[39m[Task Completion] DOM action listeners initialized
[90mstdout[2m | unknown test
[22m[39m[Task Completion] Auto-completion detector initialized
[90mstdout[2m | unknown test
[22m[39m[Preview] Task completion detector initialized
[90mstdout[2m | src/components/Editor3/plugins/CustomAIPlugin.stories.tsx[2m > [22m[2mEditor: Empty + Insert Button
[22m[39m[Preview] Skipped initializing default mock data (initializeMockData=false)
[90mstdout[2m | src/components/Editor3/plugins/CustomAIPlugin.stories.tsx[2m > [22m[2mEditor: Empty + Insert Button
[22m[39m[MOCK CourseVectorStore] Initialized with mock data
[90mstdout[2m | src/components/Editor3/plugins/CustomAIPlugin.stories.tsx[2m > [22m[2mEditor: Empty + Insert Button
[22m[39m[Mock Data] seedMockUnit: Adding unit mock-unit-id
[90mstdout[2m | src/components/Editor3/plugins/CustomAIPlugin.stories.tsx[2m > [22m[2mEditor: Empty + Insert Button
[22m[39m[TranslationModeController] Setting mode to: off
[90mstdout[2m | src/components/Editor3/plugins/CustomAIPlugin.stories.tsx[2m > [22m[2mEditor: Empty + Insert Button
[22m[39m[UnitContext] useEffect triggered {
  "authLoading": false,
  "hasUser": true,
  "id": "mock-unit-id",
  "userSub": "mock-user-sub",
}
[90mstdout[2m | src/components/Editor3/plugins/CustomAIPlugin.stories.tsx[2m > [22m[2mEditor: Empty + Insert Button
[22m[39m[UnitContext] Fetching unit data for id: mock-unit-id
[90mstdout[2m | src/components/Editor3/plugins/CustomAIPlugin.stories.tsx[2m > [22m[2mEditor: Empty + Insert Button
[22m[39m[FilesContext] Initializing vector store from IndexedDB
[90mstdout[2m | src/components/Editor3/plugins/CustomAIPlugin.stories.tsx[2m > [22m[2mEditor: Empty + Insert Button
[22m[39m[FilesContext] fetchFiles called
[90mstdout[2m | src/components/Editor3/plugins/CustomAIPlugin.stories.tsx[2m > [22m[2mEditor: Empty + Insert Button
[22m[39m[FilesContext] User authenticated: mock-user-sub
[90mstdout[2m | src/components/Editor3/plugins/CustomAIPlugin.stories.tsx[2m > [22m[2mEditor: Empty + Insert Button
[22m[39m[FilesContext] Identity ID: us-east-1:mock-identity-123
[90mstdout[2m | src/components/Editor3/plugins/CustomAIPlugin.stories.tsx[2m > [22m[2mEditor: Empty + Insert Button
[22m[39m[FilesContext] About to set up File observeQuery
[90mstdout[2m | src/components/Editor3/plugins/CustomAIPlugin.stories.tsx[2m > [22m[2mEditor: Empty + Insert Button
[22m[39m[ChatContext] Setting up AssistantChat observeQuery
[90mstdout[2m | src/components/Editor3/plugins/CustomAIPlugin.stories.tsx[2m > [22m[2mEditor: Empty + Insert Button
[22m[39m[ChatContext] Waiting for subscription to initialize
[90mstdout[2m | src/components/Editor3/plugins/CustomAIPlugin.stories.tsx[2m > [22m[2mEditor: Empty + Insert Button
[22m[39m[SettingsContext] Setting up Settings subscription for user: mock-user-sub
[90mstdout[2m | src/components/Editor3/plugins/CustomAIPlugin.stories.tsx[2m > [22m[2mEditor: Empty + Insert Button
[22m[39m[Mock Data] Settings created: mock-settings-1790416639618 - notified 0 subscribers
[90mstdout[2m | src/components/Editor3/plugins/CustomAIPlugin.stories.tsx[2m > [22m[2mEditor: Empty + Insert Button
[22m[39m[Mock Data] Unit.onUpdate() subscription added. Total: 1
[90mstdout[2m | src/components/Editor3/plugins/CustomAIPlugin.stories.tsx[2m > [22m[2mEditor: Empty + Insert Button
[22m[39m[SectionContext] Section observeQuery update: 0
[90mstdout[2m | src/components/Editor3/plugins/CustomAIPlugin.stories.tsx[2m > [22m[2mEditor: Empty + Insert Button
[22m[39m[FilesContext] File observeQuery update: 0 files
[90mstdout[2m | src/components/Editor3/plugins/CustomAIPlugin.stories.tsx[2m > [22m[2mEditor: Empty + Insert Button
[22m[39m[ChatContext] AssistantChat initialized with 0 chats
[90mstdout[2m | src/components/Editor3/plugins/CustomAIPlugin.stories.tsx[2m > [22m[2mEditor: Empty + Insert Button
[22m[39m[MOCK CourseVectorStore] Initialized with mock data
[90mstdout[2m | src/components/Editor3/plugins/CustomAIPlugin.stories.tsx[2m > [22m[2mEditor: Empty + Insert Button
[22m[39m[ChatContext] No current chat available, will create one
[90mstdout[2m | src/components/Editor3/plugins/CustomAIPlugin.stories.tsx[2m > [22m[2mEditor: Empty + Insert Button
[22m[39m[ChatContext] Creating AssistantChat with user: undefined
[90mstdout[2m | src/components/Editor3/plugins/CustomAIPlugin.stories.tsx[2m > [22m[2mEditor: Empty + Insert Button
[22m[39m[Mock Data] AssistantChat created: mock-assistantchat-1790416639628 - notified 1 subscribers
[90mstdout[2m | src/components/Editor3/plugins/CustomAIPlugin.stories.tsx[2m > [22m[2mEditor: Empty + Insert Button
[22m[39m[ChatContext] Create result: {
  "data": {
    "_version": 1,
    "archived": false,
    "chatFiles": [Function anonymous],
    "createdAt": "2026-09-26T09:57:19.628Z",
    "id": "mock-assistantchat-1790416639628",
    "model": "gpt-4",
    "updatedAt": "2026-09-26T09:57:19.628Z",
  },
  "errors": [],
  "hasData": true,
  "hasErrors": true,
}
[90mstdout[2m | src/components/Editor3/plugins/CustomAIPlugin.stories.tsx[2m > [22m[2mEditor: Empty + Insert Button
[22m[39m[ChatContext] Created AssistantChat: mock-assistantchat-1790416639628 at: 2026-09-26T09:57:19.628Z
[90mstdout[2m | src/components/Editor3/plugins/CustomAIPlugin.stories.tsx[2m > [22m[2mEditor: Empty + Insert Button
[22m[39m[Mock Storage] downloadData called with: undefined
[90mstdout[2m | src/components/Editor3/plugins/CustomAIPlugin.stories.tsx[2m > [22m[2mEditor: Empty + Insert Button
[22m[39m[ChatContext] Setting initial chat: mock-assistantchat-1790416639628
[90mstdout[2m | src/components/Editor3/plugins/CustomAIPlugin.stories.tsx[2m > [22m[2mEditor: Empty + Insert Button
[22m[39m[ChatContext] Chat exists and not archived, skipping creation
[90mstdout[2m | src/components/Editor3/plugins/CustomAIPlugin.stories.tsx[2m > [22m[2mEditor: With Questions & Criteria
[22m[39m[ChatContext] Cleaning up subscriptions
[90mstdout[2m | src/components/Editor3/plugins/CustomAIPlugin.stories.tsx[2m > [22m[2mEditor: With Questions & Criteria
[22m[39m[Mock Data] Unit.onUpdate() subscription removed. Remaining: 0
[90mstdout[2m | src/components/Editor3/plugins/CustomAIPlugin.stories.tsx[2m > [22m[2mEditor: With Questions & Criteria
[22m[39m[Preview] Skipped initializing default mock data (initializeMockData=false)
[90mstdout[2m | src/components/Editor3/plugins/CustomAIPlugin.stories.tsx[2m > [22m[2mEditor: With Questions & Criteria
[22m[39m[MOCK CourseVectorStore] Initialized with mock data
[90mstdout[2m | src/components/Editor3/plugins/CustomAIPlugin.stories.tsx[2m > [22m[2mEditor: With Questions & Criteria
[22m[39m[Mock Data] seedMockUnit: Adding unit mock-unit-id
[90mstdout[2m | src/components/Editor3/plugins/CustomAIPlugin.stories.tsx[2m > [22m[2mEditor: With Questions & Criteria
[22m[39m[TranslationModeController] Setting mode to: off
[90mstdout[2m | src/components/Editor3/plugins/CustomAIPlugin.stories.tsx[2m > [22m[2mEditor: With Questions & Criteria
[22m[39m[UnitContext] useEffect triggered {
  "authLoading": false,
  "hasUser": true,
  "id": "mock-unit-id",
  "userSub": "mock-user-sub",
}
[90mstdout[2m | src/components/Editor3/plugins/CustomAIPlugin.stories.tsx[2m > [22m[2mEditor: With Questions & Criteria
[22m[39m[UnitContext] Fetching unit data for id: mock-unit-id
[90mstdout[2m | src/components/Editor3/plugins/CustomAIPlugin.stories.tsx[2m > [22m[2mEditor: With Questions & Criteria
[22m[39m[FilesContext] Initializing vector store from IndexedDB
[90mstdout[2m | src/components/Editor3/plugins/CustomAIPlugin.stories.tsx[2m > [22m[2mEditor: With Questions & Criteria
[22m[39m[FilesContext] fetchFiles called
[90mstdout[2m | src/components/Editor3/plugins/CustomAIPlugin.stories.tsx[2m > [22m[2mEditor: With Questions & Criteria
[22m[39m[FilesContext] User authenticated: mock-user-sub
[90mstdout[2m | src/components/Editor3/plugins/CustomAIPlugin.stories.tsx[2m > [22m[2mEditor: With Questions & Criteria
[22m[39m[FilesContext] Identity ID: us-east-1:mock-identity-123
[90mstdout[2m | src/components/Editor3/plugins/CustomAIPlugin.stories.tsx[2m > [22m[2mEditor: With Questions & Criteria
[22m[39m[FilesContext] About to set up File observeQuery
[90mstdout[2m | src/components/Editor3/plugins/CustomAIPlugin.stories.tsx[2m > [22m[2mEditor: With Questions & Criteria
[22m[39m[ChatContext] Setting up AssistantChat observeQuery
[90mstdout[2m | src/components/Editor3/plugins/CustomAIPlugin.stories.tsx[2m > [22m[2mEditor: With Questions & Criteria
[22m[39m[ChatContext] Waiting for subscription to initialize
[90mstdout[2m | src/components/Editor3/plugins/CustomAIPlugin.stories.tsx[2m > [22m[2mEditor: With Questions & Criteria
[22m[39m[SettingsContext] Setting up Settings subscription for user: mock-user-sub
[90mstdout[2m | src/components/Editor3/plugins/CustomAIPlugin.stories.tsx[2m > [22m[2mEditor: With Questions & Criteria
[22m[39m[Mock Data] Settings created: mock-settings-1790416639800 - notified 0 subscribers
[90mstdout[2m | src/components/Editor3/plugins/CustomAIPlugin.stories.tsx[2m > [22m[2mEditor: With Questions & Criteria
[22m[39m[Mock Data] Unit.onUpdate() subscription added. Total: 1
[90mstdout[2m | src/components/Editor3/plugins/CustomAIPlugin.stories.tsx[2m > [22m[2mEditor: With Questions & Criteria
[22m[39m[SectionContext] Section observeQuery update: 0
[90mstdout[2m | src/components/Editor3/plugins/CustomAIPlugin.stories.tsx[2m > [22m[2mEditor: With Questions & Criteria
[22m[39m[FilesContext] File observeQuery update: 0 files
[90mstdout[2m | src/components/Editor3/plugins/CustomAIPlugin.stories.tsx[2m > [22m[2mEditor: With Questions & Criteria
[22m[39m[ChatContext] AssistantChat initialized with 0 chats
[90mstdout[2m | src/components/Editor3/plugins/CustomAIPlugin.stories.tsx[2m > [22m[2mEditor: With Questions & Criteria
[22m[39m[MOCK CourseVectorStore] Initialized with mock data
[90mstdout[2m | src/components/Editor3/plugins/CustomAIPlugin.stories.tsx[2m > [22m[2mEditor: With Questions & Criteria
[22m[39m[ChatContext] No current chat available, will create one
[90mstdout[2m | src/components/Editor3/plugins/CustomAIPlugin.stories.tsx[2m > [22m[2mEditor: With Questions & Criteria
[22m[39m[ChatContext] Creating AssistantChat with user: undefined
[90mstdout[2m | src/components/Editor3/plugins/CustomAIPlugin.stories.tsx[2m > [22m[2mEditor: With Questions & Criteria
[22m[39m[Mock Data] AssistantChat created: mock-assistantchat-1790416639811 - notified 1 subscribers
[90mstdout[2m | src/components/Editor3/plugins/CustomAIPlugin.stories.tsx[2m > [22m[2mEditor: With Questions & Criteria
[22m[39m[ChatContext] Create result: {
  "data": {
    "_version": 1,
    "archived": false,
    "chatFiles": [Function anonymous],
    "createdAt": "2026-09-26T09:57:19.811Z",
    "id": "mock-assistantchat-1790416639811",
    "model": "gpt-4",
    "updatedAt": "2026-09-26T09:57:19.811Z",
  },
  "errors": [],
  "hasData": true,
  "hasErrors": true,
}
[90mstdout[2m | src/components/Editor3/plugins/CustomAIPlugin.stories.tsx[2m > [22m[2mEditor: With Questions & Criteria
[22m[39m[ChatContext] Created AssistantChat: mock-assistantchat-1790416639811 at: 2026-09-26T09:57:19.811Z
[90mstdout[2m | src/components/Editor3/plugins/CustomAIPlugin.stories.tsx[2m > [22m[2mEditor: With Questions & Criteria
[22m[39m[Mock Storage] downloadData called with: undefined
[90mstdout[2m | src/components/Editor3/plugins/CustomAIPlugin.stories.tsx[2m > [22m[2mEditor: With Questions & Criteria
[22m[39m[ChatContext] Setting initial chat: mock-assistantchat-1790416639811
[90mstdout[2m | src/components/Editor3/plugins/CustomAIPlugin.stories.tsx[2m > [22m[2mEditor: With Questions & Criteria
[22m[39m[ChatContext] Chat exists and not archived, skipping creation
[90mstdout[2m | src/components/Editor3/plugins/CustomAIPlugin.stories.tsx[2m > [22m[2mStudent: Text Input Mode
[22m[39m[ChatContext] Cleaning up subscriptions
[90mstdout[2m | src/components/Editor3/plugins/CustomAIPlugin.stories.tsx[2m > [22m[2mStudent: Text Input Mode
[22m[39m[Mock Data] Unit.onUpdate() subscription removed. Remaining: 0
[90mstdout[2m | src/components/Editor3/plugins/CustomAIPlugin.stories.tsx[2m > [22m[2mStudent: Text Input Mode
[22m[39m[Preview] Skipped initializing default mock data (initializeMockData=false)
[90mstdout[2m | src/components/Editor3/plugins/CustomAIPlugin.stories.tsx[2m > [22m[2mStudent: Text Input Mode
[22m[39m[MOCK CourseVectorStore] Initialized with mock data
[90mstdout[2m | src/components/Editor3/plugins/CustomAIPlugin.stories.tsx[2m > [22m[2mStudent: Text Input Mode
[22m[39m[Mock Data] seedMockUnit: Adding unit mock-unit-id
[90mstdout[2m | src/components/Editor3/plugins/CustomAIPlugin.stories.tsx[2m > [22m[2mStudent: Text Input Mode
[22m[39m[TranslationModeController] Setting mode to: off
[90mstdout[2m | src/components/Editor3/plugins/CustomAIPlugin.stories.tsx[2m > [22m[2mStudent: Text Input Mode
[22m[39m[UnitContext] useEffect triggered {
  "authLoading": false,
  "hasUser": true,
  "id": "mock-unit-id",
  "userSub": "mock-user-sub",
}
[90mstdout[2m | src/components/Editor3/plugins/CustomAIPlugin.stories.tsx[2m > [22m[2mStudent: Text Input Mode
[22m[39m[UnitContext] Fetching unit data for id: mock-unit-id
[90mstdout[2m | src/components/Editor3/plugins/CustomAIPlugin.stories.tsx[2m > [22m[2mStudent: Text Input Mode
[22m[39m[FilesContext] Initializing vector store from IndexedDB
[90mstdout[2m | src/components/Editor3/plugins/CustomAIPlugin.stories.tsx[2m > [22m[2mStudent: Text Input Mode
[22m[39m[FilesContext] fetchFiles called
[90mstdout[2m | src/components/Editor3/plugins/CustomAIPlugin.stories.tsx[2m > [22m[2mStudent: Text Input Mode
[22m[39m[FilesContext] User authenticated: mock-user-sub
[90mstdout[2m | src/components/Editor3/plugins/CustomAIPlugin.stories.tsx[2m > [22m[2mStudent: Text Input Mode
[22m[39m[FilesContext] Identity ID: us-east-1:mock-identity-123
[90mstdout[2m | src/components/Editor3/plugins/CustomAIPlugin.stories.tsx[2m > [22m[2mStudent: Text Input Mode
[22m[39m[FilesContext] About to set up File observeQuery
[90mstdout[2m | src/components/Editor3/plugins/CustomAIPlugin.stories.tsx[2m > [22m[2mStudent: Text Input Mode
[22m[39m[ChatContext] Setting up AssistantChat observeQuery
[90mstdout[2m | src/components/Editor3/plugins/CustomAIPlugin.stories.tsx[2m > [22m[2mStudent: Text Input Mode
[22m[39m[ChatContext] Waiting for subscription to initialize
[90mstdout[2m | src/components/Editor3/plugins/CustomAIPlugin.stories.tsx[2m > [22m[2mStudent: Text Input Mode
[22m[39m[SettingsContext] Setting up Settings subscription for user: mock-user-sub
[90mstdout[2m | src/components/Editor3/plugins/CustomAIPlugin.stories.tsx[2m > [22m[2mStudent: Text Input Mode
[22m[39m[Mock Data] Settings created: mock-settings-1790416640009 - notified 0 subscribers
[90mstdout[2m | src/components/Editor3/plugins/CustomAIPlugin.stories.tsx[2m > [22m[2mStudent: Text Input Mode
[22m[39m[Mock Data] Unit.onUpdate() subscription added. Total: 1
[90mstdout[2m | src/components/Editor3/plugins/CustomAIPlugin.stories.tsx[2m > [22m[2mStudent: Text Input Mode
[22m[39m[SectionContext] Section observeQuery update: 0
[90mstdout[2m | src/components/Editor3/plugins/CustomAIPlugin.stories.tsx[2m > [22m[2mStudent: Text Input Mode
[22m[39m[FilesContext] File observeQuery update: 0 files
[90mstdout[2m | src/components/Editor3/plugins/CustomAIPlugin.stories.tsx[2m > [22m[2mStudent: Text Input Mode
[22m[39m[ChatContext] AssistantChat initialized with 0 chats
[90mstdout[2m | src/components/Editor3/plugins/CustomAIPlugin.stories.tsx[2m > [22m[2mStudent: Text Input Mode
[22m[39m[MOCK CourseVectorStore] Initialized with mock data
[90mstdout[2m | src/components/Editor3/plugins/CustomAIPlugin.stories.tsx[2m > [22m[2mStudent: Text Input Mode
[22m[39m[ChatContext] No current chat available, will create one
[90mstdout[2m | src/components/Editor3/plugins/CustomAIPlugin.stories.tsx[2m > [22m[2mStudent: Text Input Mode
[22m[39m[ChatContext] Creating AssistantChat with user: undefined
[90mstdout[2m | src/components/Editor3/plugins/CustomAIPlugin.stories.tsx[2m > [22m[2mStudent: Text Input Mode
[22m[39m[Mock Data] AssistantChat created: mock-assistantchat-1790416640038 - notified 1 subscribers
[90mstdout[2m | src/components/Editor3/plugins/CustomAIPlugin.stories.tsx[2m > [22m[2mStudent: Text Input Mode
[22m[39m[ChatContext] Create result: {
  "data": {
    "_version": 1,
    "archived": false,
    "chatFiles": [Function anonymous],
    "createdAt": "2026-09-26T09:57:20.038Z",
    "id": "mock-assistantchat-1790416640038",
    "model": "gpt-4",
    "updatedAt": "2026-09-26T09:57:20.038Z",
  },
  "errors": [],
  "hasData": true,
  "hasErrors": true,
}
[90mstdout[2m | src/components/Editor3/plugins/CustomAIPlugin.stories.tsx[2m > [22m[2mStudent: Text Input Mode
[22m[39m[ChatContext] Created AssistantChat: mock-assistantchat-1790416640038 at: 2026-09-26T09:57:20.038Z
[90mstdout[2m | src/components/Editor3/plugins/CustomAIPlugin.stories.tsx[2m > [22m[2mStudent: Text Input Mode
[22m[39m[Mock Storage] downloadData called with: undefined
[90mstdout[2m | src/components/Editor3/plugins/CustomAIPlugin.stories.tsx[2m > [22m[2mStudent: Text Input Mode
[22m[39m[ChatContext] Setting initial chat: mock-assistantchat-1790416640038
[90mstdout[2m | src/components/Editor3/plugins/CustomAIPlugin.stories.tsx[2m > [22m[2mStudent: Text Input Mode
[22m[39m[ChatContext] Chat exists and not archived, skipping creation
[90mstdout[2m | src/components/Editor3/plugins/CustomAIPlugin.stories.tsx[2m > [22m[2mStudent: All Input Modes
[22m[39m[ChatContext] Cleaning up subscriptions
[90mstdout[2m | src/components/Editor3/plugins/CustomAIPlugin.stories.tsx[2m > [22m[2mStudent: All Input Modes
[22m[39m[Mock Data] Unit.onUpdate() subscription removed. Remaining: 0
[90mstdout[2m | src/components/Editor3/plugins/CustomAIPlugin.stories.tsx[2m > [22m[2mStudent: All Input Modes
[22m[39m[Preview] Skipped initializing default mock data (initializeMockData=false)
[90mstdout[2m | src/components/Editor3/plugins/CustomAIPlugin.stories.tsx[2m > [22m[2mStudent: All Input Modes
[22m[39m[MOCK CourseVectorStore] Initialized with mock data
[90mstdout[2m | src/components/Editor3/plugins/CustomAIPlugin.stories.tsx[2m > [22m[2mStudent: All Input Modes
[22m[39m[Mock Data] seedMockUnit: Adding unit mock-unit-id
[90mstdout[2m | src/components/Editor3/plugins/CustomAIPlugin.stories.tsx[2m > [22m[2mStudent: All Input Modes
[22m[39m[TranslationModeController] Setting mode to: off
[90mstdout[2m | src/components/Editor3/plugins/CustomAIPlugin.stories.tsx[2m > [22m[2mStudent: All Input Modes
[22m[39m[UnitContext] useEffect triggered {
  "authLoading": false,
  "hasUser": true,
  "id": "mock-unit-id",
  "userSub": "mock-user-sub",
}
[90mstdout[2m | src/components/Editor3/plugins/CustomAIPlugin.stories.tsx[2m > [22m[2mStudent: All Input Modes
[22m[39m[UnitContext] Fetching unit data for id: mock-unit-id
[90mstdout[2m | src/components/Editor3/plugins/CustomAIPlugin.stories.tsx[2m > [22m[2mStudent: All Input Modes
[22m[39m[FilesContext] Initializing vector store from IndexedDB
[90mstdout[2m | src/components/Editor3/plugins/CustomAIPlugin.stories.tsx[2m > [22m[2mStudent: All Input Modes
[22m[39m[FilesContext] fetchFiles called
[90mstdout[2m | src/components/Editor3/plugins/CustomAIPlugin.stories.tsx[2m > [22m[2mStudent: All Input Modes
[22m[39m[FilesContext] User authenticated: mock-user-sub
[90mstdout[2m | src/components/Editor3/plugins/CustomAIPlugin.stories.tsx[2m > [22m[2mStudent: All Input Modes
[22m[39m[FilesContext] Identity ID: us-east-1:mock-identity-123
[90mstdout[2m | src/components/Editor3/plugins/CustomAIPlugin.stories.tsx[2m > [22m[2mStudent: All Input Modes
[22m[39m[FilesContext] About to set up File observeQuery
[90mstdout[2m | src/components/Editor3/plugins/CustomAIPlugin.stories.tsx[2m > [22m[2mStudent: All Input Modes
[22m[39m[ChatContext] Setting up AssistantChat observeQuery
[90mstdout[2m | src/components/Editor3/plugins/CustomAIPlugin.stories.tsx[2m > [22m[2mStudent: All Input Modes
[22m[39m[ChatContext] Waiting for subscription to initialize
[90mstdout[2m | src/components/Editor3/plugins/CustomAIPlugin.stories.tsx[2m > [22m[2mStudent: All Input Modes
[22m[39m[SettingsContext] Setting up Settings subscription for user: mock-user-sub
[90mstdout[2m | src/components/Editor3/plugins/CustomAIPlugin.stories.tsx[2m > [22m[2mStudent: All Input Modes
[22m[39m[Mock Data] Settings created: mock-settings-1790416640169 - notified 0 subscribers
[90mstdout[2m | src/components/Editor3/plugins/CustomAIPlugin.stories.tsx[2m > [22m[2mStudent: All Input Modes
[22m[39m[Mock Data] Unit.onUpdate() subscription added. Total: 1
[90mstdout[2m | src/components/Editor3/plugins/CustomAIPlugin.stories.tsx[2m > [22m[2mStudent: All Input Modes
[22m[39m[SectionContext] Section observeQuery update: 0
[90mstdout[2m | src/components/Editor3/plugins/CustomAIPlugin.stories.tsx[2m > [22m[2mStudent: All Input Modes
[22m[39m[FilesContext] File observeQuery update: 0 files
[90mstdout[2m | src/components/Editor3/plugins/CustomAIPlugin.stories.tsx[2m > [22m[2mStudent: All Input Modes
[22m[39m[ChatContext] AssistantChat initialized with 0 chats
[90mstdout[2m | src/components/Editor3/plugins/CustomAIPlugin.stories.tsx[2m > [22m[2mStudent: All Input Modes
[22m[39m[MOCK CourseVectorStore] Initialized with mock data
[90mstdout[2m | src/components/Editor3/plugins/CustomAIPlugin.stories.tsx[2m > [22m[2mStudent: All Input Modes
[22m[39m[ChatContext] No current chat available, will create one
[90mstdout[2m | src/components/Editor3/plugins/CustomAIPlugin.stories.tsx[2m > [22m[2mStudent: All Input Modes
[22m[39m[ChatContext] Creating AssistantChat with user: undefined
[90mstdout[2m | src/components/Editor3/plugins/CustomAIPlugin.stories.tsx[2m > [22m[2mStudent: All Input Modes
[22m[39m[Mock Data] AssistantChat created: mock-assistantchat-1790416640203 - notified 1 subscribers
[90mstdout[2m | src/components/Editor3/plugins/CustomAIPlugin.stories.tsx[2m > [22m[2mStudent: All Input Modes
[22m[39m[ChatContext] Create result: {
  "data": {
    "_version": 1,
    "archived": false,
    "chatFiles": [Function anonymous],
    "createdAt": "2026-09-26T09:57:20.203Z",
    "id": "mock-assistantchat-1790416640203",
    "model": "gpt-4",
    "updatedAt": "2026-09-26T09:57:20.203Z",
  },
  "errors": [],
  "hasData": true,
  "hasErrors": true,
}
[90mstdout[2m | src/components/Editor3/plugins/CustomAIPlugin.stories.tsx[2m > [22m[2mStudent: All Input Modes
[22m[39m[ChatContext] Created AssistantChat: mock-assistantchat-1790416640203 at: 2026-09-26T09:57:20.203Z
[90mstdout[2m | src/components/Editor3/plugins/CustomAIPlugin.stories.tsx[2m > [22m[2mStudent: All Input Modes
[22m[39m[Mock Storage] downloadData called with: undefined
[90mstdout[2m | src/components/Editor3/plugins/CustomAIPlugin.stories.tsx[2m > [22m[2mStudent: All Input Modes
[22m[39m[ChatContext] Setting initial chat: mock-assistantchat-1790416640203
[90mstdout[2m | src/components/Editor3/plugins/CustomAIPlugin.stories.tsx[2m > [22m[2mStudent: All Input Modes
[22m[39m[ChatContext] Chat exists and not archived, skipping creation
[90mstdout[2m | src/components/Editor3/plugins/CustomAIPlugin.stories.tsx[2m > [22m[2mEditor: Empty Block (No Questions)
[22m[39m[ChatContext] Cleaning up subscriptions
[90mstdout[2m | src/components/Editor3/plugins/CustomAIPlugin.stories.tsx[2m > [22m[2mEditor: Empty Block (No Questions)
[22m[39m[Mock Data] Unit.onUpdate() subscription removed. Remaining: 0
[90mstdout[2m | src/components/Editor3/plugins/CustomAIPlugin.stories.tsx[2m > [22m[2mEditor: Empty Block (No Questions)
[22m[39m[Preview] Skipped initializing default mock data (initializeMockData=false)
[90mstdout[2m | src/components/Editor3/plugins/CustomAIPlugin.stories.tsx[2m > [22m[2mEditor: Empty Block (No Questions)
[22m[39m[MOCK CourseVectorStore] Initialized with mock data
[90mstdout[2m | src/components/Editor3/plugins/CustomAIPlugin.stories.tsx[2m > [22m[2mEditor: Empty Block (No Questions)
[22m[39m[Mock Data] seedMockUnit: Adding unit mock-unit-id
[90mstdout[2m | src/components/Editor3/plugins/CustomAIPlugin.stories.tsx[2m > [22m[2mEditor: Empty Block (No Questions)
[22m[39m[TranslationModeController] Setting mode to: off
[90mstdout[2m | src/components/Editor3/plugins/CustomAIPlugin.stories.tsx[2m > [22m[2mEditor: Empty Block (No Questions)
[22m[39m[UnitContext] useEffect triggered {
  "authLoading": false,
  "hasUser": true,
  "id": "mock-unit-id",
  "userSub": "mock-user-sub",
}
[90mstdout[2m | src/components/Editor3/plugins/CustomAIPlugin.stories.tsx[2m > [22m[2mEditor: Empty Block (No Questions)
[22m[39m[UnitContext] Fetching unit data for id: mock-unit-id
[90mstdout[2m | src/components/Editor3/plugins/CustomAIPlugin.stories.tsx[2m > [22m[2mEditor: Empty Block (No Questions)
[22m[39m[FilesContext] Initializing vector store from IndexedDB
[90mstdout[2m | src/components/Editor3/plugins/CustomAIPlugin.stories.tsx[2m > [22m[2mEditor: Empty Block (No Questions)
[22m[39m[FilesContext] fetchFiles called
[90mstdout[2m | src/components/Editor3/plugins/CustomAIPlugin.stories.tsx[2m > [22m[2mEditor: Empty Block (No Questions)
[22m[39m[FilesContext] User authenticated: mock-user-sub
[90mstdout[2m | src/components/Editor3/plugins/CustomAIPlugin.stories.tsx[2m > [22m[2mEditor: Empty Block (No Questions)
[22m[39m[FilesContext] Identity ID: us-east-1:mock-identity-123
[90mstdout[2m | src/components/Editor3/plugins/CustomAIPlugin.stories.tsx[2m > [22m[2mEditor: Empty Block (No Questions)
[22m[39m[FilesContext] About to set up File observeQuery
[90mstdout[2m | src/components/Editor3/plugins/CustomAIPlugin.stories.tsx[2m > [22m[2mEditor: Empty Block (No Questions)
[22m[39m[ChatContext] Setting up AssistantChat observeQuery
[90mstdout[2m | src/components/Editor3/plugins/CustomAIPlugin.stories.tsx[2m > [22m[2mEditor: Empty Block (No Questions)
[22m[39m[ChatContext] Waiting for subscription to initialize
[90mstdout[2m | src/components/Editor3/plugins/CustomAIPlugin.stories.tsx[2m > [22m[2mEditor: Empty Block (No Questions)
[22m[39m[SettingsContext] Setting up Settings subscription for user: mock-user-sub
[90mstdout[2m | src/components/Editor3/plugins/CustomAIPlugin.stories.tsx[2m > [22m[2mEditor: Empty Block (No Questions)
[22m[39m[Mock Data] Settings created: mock-settings-1790416640417 - notified 0 subscribers
[90mstdout[2m | src/components/Editor3/plugins/CustomAIPlugin.stories.tsx[2m > [22m[2mEditor: Empty Block (No Questions)
[22m[39m[Mock Data] Unit.onUpdate() subscription added. Total: 1
[90mstdout[2m | src/components/Editor3/plugins/CustomAIPlugin.stories.tsx[2m > [22m[2mEditor: Empty Block (No Questions)
[22m[39m[SectionContext] Section observeQuery update: 0
[90mstdout[2m | src/components/Editor3/plugins/CustomAIPlugin.stories.tsx[2m > [22m[2mEditor: Empty Block (No Questions)
[22m[39m[FilesContext] File observeQuery update: 0 files
[90mstdout[2m | src/components/Editor3/plugins/CustomAIPlugin.stories.tsx[2m > [22m[2mEditor: Empty Block (No Questions)
[22m[39m[ChatContext] AssistantChat initialized with 0 chats
[90mstdout[2m | src/components/Editor3/plugins/CustomAIPlugin.stories.tsx[2m > [22m[2mEditor: Empty Block (No Questions)
[22m[39m[MOCK CourseVectorStore] Initialized with mock data
[90mstdout[2m | src/components/Editor3/plugins/CustomAIPlugin.stories.tsx[2m > [22m[2mEditor: Empty Block (No Questions)
[22m[39m[ChatContext] No current chat available, will create one
[90mstdout[2m | src/components/Editor3/plugins/CustomAIPlugin.stories.tsx[2m > [22m[2mEditor: Empty Block (No Questions)
[22m[39m[ChatContext] Creating AssistantChat with user: undefined
[90mstdout[2m | src/components/Editor3/plugins/CustomAIPlugin.stories.tsx[2m > [22m[2mEditor: Empty Block (No Questions)
[22m[39m[Mock Data] AssistantChat created: mock-assistantchat-1790416640447 - notified 1 subscribers
[90mstdout[2m | src/components/Editor3/plugins/CustomAIPlugin.stories.tsx[2m > [22m[2mEditor: Empty Block (No Questions)
[22m[39m[ChatContext] Create result: {
  "data": {
    "_version": 1,
    "archived": false,
    "chatFiles": [Function anonymous],
    "createdAt": "2026-09-26T09:57:20.447Z",
    "id": "mock-assistantchat-1790416640447",
    "model": "gpt-4",
    "updatedAt": "2026-09-26T09:57:20.447Z",
  },
  "errors": [],
  "hasData": true,
  "hasErrors": true,
}
[90mstdout[2m | src/components/Editor3/plugins/CustomAIPlugin.stories.tsx[2m > [22m[2mEditor: Empty Block (No Questions)
[22m[39m[ChatContext] Created AssistantChat: mock-assistantchat-1790416640447 at: 2026-09-26T09:57:20.447Z
[90mstdout[2m | src/components/Editor3/plugins/CustomAIPlugin.stories.tsx[2m > [22m[2mEditor: Empty Block (No Questions)
[22m[39m[Mock Storage] downloadData called with: undefined
[90mstdout[2m | src/components/Editor3/plugins/CustomAIPlugin.stories.tsx[2m > [22m[2mEditor: Empty Block (No Questions)
[22m[39m[ChatContext] Setting initial chat: mock-assistantchat-1790416640447
[90mstdout[2m | src/components/Editor3/plugins/CustomAIPlugin.stories.tsx[2m > [22m[2mEditor: Empty Block (No Questions)
[22m[39m[ChatContext] Chat exists and not archived, skipping creation
 [32m✓[39m [30m[45m storybook (chromium) [49m[39m src/components/Editor3/plugins/CustomAIPlugin.stories.tsx [2m([22m[2m5 tests[22m[2m)[22m[33m 989[2mms[22m[39m
[90mstdout[2m | unknown test
[22m[39m[MOCK vectorStoreDB.js] Module loaded - mock IndexedDB operations
[90mstdout[2m | unknown test
[22m[39m[Task Completion] DOM action listeners initialized
[90mstdout[2m | unknown test
[22m[39m[Task Completion] Auto-completion detector initialized
[90mstdout[2m | unknown test
[22m[39m[Preview] Task completion detector initialized
[90mstdout[2m | src/components/PracticeDrill/JoinPracticeDialog.stories.tsx[2m > [22m[2mOpen
[22m[39m[MOCK CourseVectorStore] Initialized with mock data
[90mstdout[2m | src/components/PracticeDrill/JoinPracticeDialog.stories.tsx[2m > [22m[2mOpen
[22m[39m[TranslationModeController] Setting mode to: off
[90mstdout[2m | src/components/PracticeDrill/JoinPracticeDialog.stories.tsx[2m > [22m[2mOpen
[22m[39m[UnitContext] useEffect triggered {
  "authLoading": false,
  "hasUser": true,
  "id": "mock-unit-id",
  "userSub": "mock-user-sub",
}
[90mstdout[2m | src/components/PracticeDrill/JoinPracticeDialog.stories.tsx[2m > [22m[2mOpen
[22m[39m[UnitContext] Fetching unit data for id: mock-unit-id
[90mstdout[2m | src/components/PracticeDrill/JoinPracticeDialog.stories.tsx[2m > [22m[2mOpen
[22m[39m[FilesContext] Initializing vector store from IndexedDB
[90mstdout[2m | src/components/PracticeDrill/JoinPracticeDialog.stories.tsx[2m > [22m[2mOpen
[22m[39m[FilesContext] fetchFiles called
[90mstdout[2m | src/components/PracticeDrill/JoinPracticeDialog.stories.tsx[2m > [22m[2mOpen
[22m[39m[FilesContext] User authenticated: mock-user-sub
[90mstdout[2m | src/components/PracticeDrill/JoinPracticeDialog.stories.tsx[2m > [22m[2mOpen
[22m[39m[FilesContext] Identity ID: us-east-1:mock-identity-123
[90mstdout[2m | src/components/PracticeDrill/JoinPracticeDialog.stories.tsx[2m > [22m[2mOpen
[22m[39m[FilesContext] About to set up File observeQuery
[90mstdout[2m | src/components/PracticeDrill/JoinPracticeDialog.stories.tsx[2m > [22m[2mOpen
[22m[39m[ChatContext] Setting up AssistantChat observeQuery
[90mstdout[2m | src/components/PracticeDrill/JoinPracticeDialog.stories.tsx[2m > [22m[2mOpen
[22m[39m[ChatContext] Waiting for subscription to initialize
[90mstdout[2m | src/components/PracticeDrill/JoinPracticeDialog.stories.tsx[2m > [22m[2mOpen
[22m[39m[SettingsContext] Setting up Settings subscription for user: mock-user-sub
[90mstdout[2m | src/components/PracticeDrill/JoinPracticeDialog.stories.tsx[2m > [22m[2mOpen
[22m[39m[Mock Data] Settings created: mock-settings-1790416641474 - notified 0 subscribers
[90mstdout[2m | src/components/PracticeDrill/JoinPracticeDialog.stories.tsx[2m > [22m[2mOpen
[22m[39m[Mock Data] Unit.onUpdate() subscription added. Total: 1
[90mstdout[2m | src/components/PracticeDrill/JoinPracticeDialog.stories.tsx[2m > [22m[2mOpen
[22m[39m[SectionContext] Section observeQuery update: 0
[90mstdout[2m | src/components/PracticeDrill/JoinPracticeDialog.stories.tsx[2m > [22m[2mOpen
[22m[39m[FilesContext] File observeQuery update: 6 files
[90mstdout[2m | src/components/PracticeDrill/JoinPracticeDialog.stories.tsx[2m > [22m[2mOpen
[22m[39m[ChatContext] AssistantChat initialized with 1 chats
[90mstdout[2m | src/components/PracticeDrill/JoinPracticeDialog.stories.tsx[2m > [22m[2mOpen
[22m[39m[ChatContext] Setting initial chat: mock-assistant-chat-1
[90mstdout[2m | src/components/PracticeDrill/JoinPracticeDialog.stories.tsx[2m > [22m[2mOpen
[22m[39m[MOCK CourseVectorStore] Initialized with mock data
[90mstdout[2m | src/components/PracticeDrill/JoinPracticeDialog.stories.tsx[2m > [22m[2mOpen
[22m[39m[FilesContext] Vector store population triggered {
  "currentVectorStoreSize": 3,
  "documentsCount": 0,
  "filesCount": 6,
  "isInitialLoad": true,
}
[90mstdout[2m | src/components/PracticeDrill/JoinPracticeDialog.stories.tsx[2m > [22m[2mOpen
[22m[39m[FilesContext] Vector store population complete - 3 total embeddings
[90mstdout[2m | src/components/PracticeDrill/JoinPracticeDialog.stories.tsx[2m > [22m[2mOpen
[22m[39m[ChatContext] Chat exists and not archived, skipping creation
[90mstdout[2m | src/components/PracticeDrill/JoinPracticeDialog.stories.tsx[2m > [22m[2mOpen
[22m[39m[Mock Storage] downloadData called with: undefined
[90mstdout[2m | src/components/PracticeDrill/JoinPracticeDialog.stories.tsx[2m > [22m[2mClosed
[22m[39m[ChatContext] Cleaning up subscriptions
[90mstdout[2m | src/components/PracticeDrill/JoinPracticeDialog.stories.tsx[2m > [22m[2mClosed
[22m[39m[Mock Data] Unit.onUpdate() subscription removed. Remaining: 0
[90mstdout[2m | src/components/PracticeDrill/JoinPracticeDialog.stories.tsx[2m > [22m[2mClosed
[22m[39m[MOCK CourseVectorStore] Initialized with mock data
[90mstdout[2m | src/components/PracticeDrill/JoinPracticeDialog.stories.tsx[2m > [22m[2mClosed
[22m[39m[TranslationModeController] Setting mode to: off
[90mstdout[2m | src/components/PracticeDrill/JoinPracticeDialog.stories.tsx[2m > [22m[2mClosed
[22m[39m[UnitContext] useEffect triggered {
  "authLoading": false,
  "hasUser": true,
  "id": "mock-unit-id",
  "userSub": "mock-user-sub",
}
[90mstdout[2m | src/components/PracticeDrill/JoinPracticeDialog.stories.tsx[2m > [22m[2mClosed
[22m[39m[UnitContext] Fetching unit data for id: mock-unit-id
[90mstdout[2m | src/components/PracticeDrill/JoinPracticeDialog.stories.tsx[2m > [22m[2mClosed
[22m[39m[FilesContext] Initializing vector store from IndexedDB
[90mstdout[2m | src/components/PracticeDrill/JoinPracticeDialog.stories.tsx[2m > [22m[2mClosed
[22m[39m[FilesContext] fetchFiles called
[90mstdout[2m | src/components/PracticeDrill/JoinPracticeDialog.stories.tsx[2m > [22m[2mClosed
[22m[39m[FilesContext] User authenticated: mock-user-sub
[90mstdout[2m | src/components/PracticeDrill/JoinPracticeDialog.stories.tsx[2m > [22m[2mClosed
[22m[39m[FilesContext] Identity ID: us-east-1:mock-identity-123
[90mstdout[2m | src/components/PracticeDrill/JoinPracticeDialog.stories.tsx[2m > [22m[2mClosed
[22m[39m[FilesContext] About to set up File observeQuery
[90mstdout[2m | src/components/PracticeDrill/JoinPracticeDialog.stories.tsx[2m > [22m[2mClosed
[22m[39m[ChatContext] Setting up AssistantChat observeQuery
[90mstdout[2m | src/components/PracticeDrill/JoinPracticeDialog.stories.tsx[2m > [22m[2mClosed
[22m[39m[ChatContext] Waiting for subscription to initialize
[90mstdout[2m | src/components/PracticeDrill/JoinPracticeDialog.stories.tsx[2m > [22m[2mClosed
[22m[39m[SettingsContext] Setting up Settings subscription for user: mock-user-sub
[90mstdout[2m | src/components/PracticeDrill/JoinPracticeDialog.stories.tsx[2m > [22m[2mClosed
[22m[39m[Mock Data] Settings created: mock-settings-1790416641869 - notified 0 subscribers
[90mstdout[2m | src/components/PracticeDrill/JoinPracticeDialog.stories.tsx[2m > [22m[2mClosed
[22m[39m[Mock Data] Unit.onUpdate() subscription added. Total: 1
[90mstdout[2m | src/components/PracticeDrill/JoinPracticeDialog.stories.tsx[2m > [22m[2mClosed
[22m[39m[SectionContext] Section observeQuery update: 0
[90mstdout[2m | src/components/PracticeDrill/JoinPracticeDialog.stories.tsx[2m > [22m[2mClosed
[22m[39m[FilesContext] File observeQuery update: 6 files
[90mstdout[2m | src/components/PracticeDrill/JoinPracticeDialog.stories.tsx[2m > [22m[2mClosed
[22m[39m[ChatContext] AssistantChat initialized with 1 chats
[90mstdout[2m | src/components/PracticeDrill/JoinPracticeDialog.stories.tsx[2m > [22m[2mClosed
[22m[39m[ChatContext] Setting initial chat: mock-assistant-chat-1
[90mstdout[2m | src/components/PracticeDrill/JoinPracticeDialog.stories.tsx[2m > [22m[2mClosed
[22m[39m[Mock Storage] downloadData called with: undefined
[90mstdout[2m | src/components/PracticeDrill/JoinPracticeDialog.stories.tsx[2m > [22m[2mClosed
[22m[39m[MOCK CourseVectorStore] Initialized with mock data
[90mstdout[2m | src/components/PracticeDrill/JoinPracticeDialog.stories.tsx[2m > [22m[2mClosed
[22m[39m[FilesContext] Vector store population triggered {
  "currentVectorStoreSize": 3,
  "documentsCount": 0,
  "filesCount": 6,
  "isInitialLoad": true,
}
[90mstdout[2m | src/components/PracticeDrill/JoinPracticeDialog.stories.tsx[2m > [22m[2mClosed
[22m[39m[FilesContext] Vector store population complete - 3 total embeddings
[90mstdout[2m | src/components/PracticeDrill/JoinPracticeDialog.stories.tsx[2m > [22m[2mClosed
[22m[39m[ChatContext] Chat exists and not archived, skipping creation
 [32m✓[39m [30m[45m storybook (chromium) [49m[39m src/components/PracticeDrill/JoinPracticeDialog.stories.tsx [2m([22m[2m2 tests[22m[2m)[22m[33m 539[2mms[22m[39m
   [33m[2m✓[22m[39m Open [33m 462[2mms[22m[39m
[90mstdout[2m | unknown test
[22m[39m[MOCK vectorStoreDB.js] Module loaded - mock IndexedDB operations
[90mstdout[2m | unknown test
[22m[39m[Task Completion] DOM action listeners initialized
[90mstdout[2m | unknown test
[22m[39m[Task Completion] Auto-completion detector initialized
[90mstdout[2m | unknown test
[22m[39m[Preview] Task completion detector initialized
[90mstdout[2m | src/components/Editor3/plugins/DraggableBlockPlugin.stories.jsx[2m > [22m[2mEditable Empty
[22m[39m[Preview] Skipped initializing default mock data (initializeMockData=false)
[90mstdout[2m | src/components/Editor3/plugins/DraggableBlockPlugin.stories.jsx[2m > [22m[2mEditable Empty
[22m[39m[Mock Data] seedMockUnit: Adding unit draggable-block-story-unit
[90mstdout[2m | src/components/Editor3/plugins/DraggableBlockPlugin.stories.jsx[2m > [22m[2mEditable Empty
[22m[39m[MOCK CourseVectorStore] Initialized with mock data
[90mstdout[2m | src/components/Editor3/plugins/DraggableBlockPlugin.stories.jsx[2m > [22m[2mEditable Empty
[22m[39m[TranslationModeController] Setting mode to: off
[90mstdout[2m | src/components/Editor3/plugins/DraggableBlockPlugin.stories.jsx[2m > [22m[2mEditable Empty
[22m[39m[UnitContext] useEffect triggered {
  "authLoading": false,
  "hasUser": true,
  "id": "draggable-block-story-unit",
  "userSub": "mock-user-sub",
}
[90mstdout[2m | src/components/Editor3/plugins/DraggableBlockPlugin.stories.jsx[2m > [22m[2mEditable Empty
[22m[39m[UnitContext] Fetching unit data for id: draggable-block-story-unit
[90mstdout[2m | src/components/Editor3/plugins/DraggableBlockPlugin.stories.jsx[2m > [22m[2mEditable Empty
[22m[39m[FilesContext] Initializing vector store from IndexedDB
[90mstdout[2m | src/components/Editor3/plugins/DraggableBlockPlugin.stories.jsx[2m > [22m[2mEditable Empty
[22m[39m[FilesContext] fetchFiles called
[90mstdout[2m | src/components/Editor3/plugins/DraggableBlockPlugin.stories.jsx[2m > [22m[2mEditable Empty
[22m[39m[FilesContext] User authenticated: mock-user-sub
[90mstdout[2m | src/components/Editor3/plugins/DraggableBlockPlugin.stories.jsx[2m > [22m[2mEditable Empty
[22m[39m[FilesContext] Identity ID: us-east-1:mock-identity-123
[90mstdout[2m | src/components/Editor3/plugins/DraggableBlockPlugin.stories.jsx[2m > [22m[2mEditable Empty
[22m[39m[FilesContext] About to set up File observeQuery
[90mstdout[2m | src/components/Editor3/plugins/DraggableBlockPlugin.stories.jsx[2m > [22m[2mEditable Empty
[22m[39m[ChatContext] Setting up AssistantChat observeQuery
[90mstdout[2m | src/components/Editor3/plugins/DraggableBlockPlugin.stories.jsx[2m > [22m[2mEditable Empty
[22m[39m[ChatContext] Waiting for subscription to initialize
[90mstdout[2m | src/components/Editor3/plugins/DraggableBlockPlugin.stories.jsx[2m > [22m[2mEditable Empty
[22m[39m[SettingsContext] Setting up Settings subscription for user: mock-user-sub
[90mstdout[2m | src/components/Editor3/plugins/DraggableBlockPlugin.stories.jsx[2m > [22m[2mEditable Empty
[22m[39m[Mock Data] Settings created: mock-settings-1790416642598 - notified 0 subscribers
[90mstdout[2m | src/components/Editor3/plugins/DraggableBlockPlugin.stories.jsx[2m > [22m[2mEditable Empty
[22m[39m[Mock Data] Unit.onUpdate() subscription added. Total: 1
[90mstdout[2m | src/components/Editor3/plugins/DraggableBlockPlugin.stories.jsx[2m > [22m[2mEditable Empty
[22m[39m[SectionContext] Section observeQuery update: 0
[90mstdout[2m | src/components/Editor3/plugins/DraggableBlockPlugin.stories.jsx[2m > [22m[2mEditable Empty
[22m[39m[FilesContext] File observeQuery update: 0 files
[90mstdout[2m | src/components/Editor3/plugins/DraggableBlockPlugin.stories.jsx[2m > [22m[2mEditable Empty
[22m[39m[ChatContext] AssistantChat initialized with 0 chats
[90mstdout[2m | src/components/Editor3/plugins/DraggableBlockPlugin.stories.jsx[2m > [22m[2mEditable Empty
[22m[39m[MOCK CourseVectorStore] Initialized with mock data
[90mstdout[2m | src/components/Editor3/plugins/DraggableBlockPlugin.stories.jsx[2m > [22m[2mEditable Empty
[22m[39m[ChatContext] No current chat available, will create one
[90mstdout[2m | src/components/Editor3/plugins/DraggableBlockPlugin.stories.jsx[2m > [22m[2mEditable Empty
[22m[39m[ChatContext] Creating AssistantChat with user: undefined
[90mstdout[2m | src/components/Editor3/plugins/DraggableBlockPlugin.stories.jsx[2m > [22m[2mEditable Empty
[22m[39m[Mock Data] AssistantChat created: mock-assistantchat-1790416642610 - notified 1 subscribers
[90mstdout[2m | src/components/Editor3/plugins/DraggableBlockPlugin.stories.jsx[2m > [22m[2mEditable Empty
[22m[39m[ChatContext] Create result: {
  "data": {
    "_version": 1,
    "archived": false,
    "chatFiles": [Function anonymous],
    "createdAt": "2026-09-26T09:57:22.610Z",
    "id": "mock-assistantchat-1790416642610",
    "model": "gpt-4",
    "updatedAt": "2026-09-26T09:57:22.610Z",
  },
  "errors": [],
  "hasData": true,
  "hasErrors": true,
}
[90mstdout[2m | src/components/Editor3/plugins/DraggableBlockPlugin.stories.jsx[2m > [22m[2mEditable Empty
[22m[39m[ChatContext] Created AssistantChat: mock-assistantchat-1790416642610 at: 2026-09-26T09:57:22.610Z
[90mstdout[2m | src/components/Editor3/plugins/DraggableBlockPlugin.stories.jsx[2m > [22m[2mEditable Empty
[22m[39m[Mock Storage] downloadData called with: undefined
[90mstdout[2m | src/components/Editor3/plugins/DraggableBlockPlugin.stories.jsx[2m > [22m[2mEditable Empty
[22m[39m[ChatContext] Setting initial chat: mock-assistantchat-1790416642610
[90mstdout[2m | src/components/Editor3/plugins/DraggableBlockPlugin.stories.jsx[2m > [22m[2mEditable Empty
[22m[39m[ChatContext] Chat exists and not archived, skipping creation
[90mstdout[2m | src/components/Editor3/plugins/DraggableBlockPlugin.stories.jsx[2m > [22m[2mEditable With Draggable Blocks
[22m[39m[ChatContext] Cleaning up subscriptions
[90mstdout[2m | src/components/Editor3/plugins/DraggableBlockPlugin.stories.jsx[2m > [22m[2mEditable With Draggable Blocks
[22m[39m[Mock Data] Unit.onUpdate() subscription removed. Remaining: 0
[90mstdout[2m | src/components/Editor3/plugins/DraggableBlockPlugin.stories.jsx[2m > [22m[2mEditable With Draggable Blocks
[22m[39m[Preview] Skipped initializing default mock data (initializeMockData=false)
[90mstdout[2m | src/components/Editor3/plugins/DraggableBlockPlugin.stories.jsx[2m > [22m[2mEditable With Draggable Blocks
[22m[39m[Mock Data] seedMockUnit: Adding unit draggable-block-story-unit
[90mstdout[2m | src/components/Editor3/plugins/DraggableBlockPlugin.stories.jsx[2m > [22m[2mEditable With Draggable Blocks
[22m[39m[MOCK CourseVectorStore] Initialized with mock data
[90mstdout[2m | src/components/Editor3/plugins/DraggableBlockPlugin.stories.jsx[2m > [22m[2mEditable With Draggable Blocks
[22m[39m[TranslationModeController] Setting mode to: off
[90mstdout[2m | src/components/Editor3/plugins/DraggableBlockPlugin.stories.jsx[2m > [22m[2mEditable With Draggable Blocks
[22m[39m[UnitContext] useEffect triggered {
  "authLoading": false,
  "hasUser": true,
  "id": "draggable-block-story-unit",
  "userSub": "mock-user-sub",
}
[90mstdout[2m | src/components/Editor3/plugins/DraggableBlockPlugin.stories.jsx[2m > [22m[2mEditable With Draggable Blocks
[22m[39m[UnitContext] Fetching unit data for id: draggable-block-story-unit
[90mstdout[2m | src/components/Editor3/plugins/DraggableBlockPlugin.stories.jsx[2m > [22m[2mEditable With Draggable Blocks
[22m[39m[FilesContext] Initializing vector store from IndexedDB
[90mstdout[2m | src/components/Editor3/plugins/DraggableBlockPlugin.stories.jsx[2m > [22m[2mEditable With Draggable Blocks
[22m[39m[FilesContext] fetchFiles called
[90mstdout[2m | src/components/Editor3/plugins/DraggableBlockPlugin.stories.jsx[2m > [22m[2mEditable With Draggable Blocks
[22m[39m[FilesContext] User authenticated: mock-user-sub
[90mstdout[2m | src/components/Editor3/plugins/DraggableBlockPlugin.stories.jsx[2m > [22m[2mEditable With Draggable Blocks
[22m[39m[FilesContext] Identity ID: us-east-1:mock-identity-123
[90mstdout[2m | src/components/Editor3/plugins/DraggableBlockPlugin.stories.jsx[2m > [22m[2mEditable With Draggable Blocks
[22m[39m[FilesContext] About to set up File observeQuery
[90mstdout[2m | src/components/Editor3/plugins/DraggableBlockPlugin.stories.jsx[2m > [22m[2mEditable With Draggable Blocks
[22m[39m[ChatContext] Setting up AssistantChat observeQuery
[90mstdout[2m | src/components/Editor3/plugins/DraggableBlockPlugin.stories.jsx[2m > [22m[2mEditable With Draggable Blocks
[22m[39m[ChatContext] Waiting for subscription to initialize
[90mstdout[2m | src/components/Editor3/plugins/DraggableBlockPlugin.stories.jsx[2m > [22m[2mEditable With Draggable Blocks
[22m[39m[SettingsContext] Setting up Settings subscription for user: mock-user-sub
[90mstdout[2m | src/components/Editor3/plugins/DraggableBlockPlugin.stories.jsx[2m > [22m[2mEditable With Draggable Blocks
[22m[39m[Mock Data] Settings created: mock-settings-1790416642728 - notified 0 subscribers
[90mstdout[2m | src/components/Editor3/plugins/DraggableBlockPlugin.stories.jsx[2m > [22m[2mEditable With Draggable Blocks
[22m[39m[Mock Data] Unit.onUpdate() subscription added. Total: 1
[90mstdout[2m | src/components/Editor3/plugins/DraggableBlockPlugin.stories.jsx[2m > [22m[2mEditable With Draggable Blocks
[22m[39m[SectionContext] Section observeQuery update: 0
[90mstdout[2m | src/components/Editor3/plugins/DraggableBlockPlugin.stories.jsx[2m > [22m[2mEditable With Draggable Blocks
[22m[39m[FilesContext] File observeQuery update: 0 files
[90mstdout[2m | src/components/Editor3/plugins/DraggableBlockPlugin.stories.jsx[2m > [22m[2mEditable With Draggable Blocks
[22m[39m[ChatContext] AssistantChat initialized with 0 chats
[90mstdout[2m | src/components/Editor3/plugins/DraggableBlockPlugin.stories.jsx[2m > [22m[2mEditable With Draggable Blocks
[22m[39m[MOCK CourseVectorStore] Initialized with mock data
[90mstdout[2m | src/components/Editor3/plugins/DraggableBlockPlugin.stories.jsx[2m > [22m[2mEditable With Draggable Blocks
[22m[39m[ChatContext] No current chat available, will create one
[90mstdout[2m | src/components/Editor3/plugins/DraggableBlockPlugin.stories.jsx[2m > [22m[2mEditable With Draggable Blocks
[22m[39m[ChatContext] Creating AssistantChat with user: undefined
[90mstdout[2m | src/components/Editor3/plugins/DraggableBlockPlugin.stories.jsx[2m > [22m[2mEditable With Draggable Blocks
[22m[39m[Mock Data] AssistantChat created: mock-assistantchat-1790416642736 - notified 1 subscribers
[90mstdout[2m | src/components/Editor3/plugins/DraggableBlockPlugin.stories.jsx[2m > [22m[2mEditable With Draggable Blocks
[22m[39m[ChatContext] Create result: {
  "data": {
    "_version": 1,
    "archived": false,
    "chatFiles": [Function anonymous],
    "createdAt": "2026-09-26T09:57:22.736Z",
    "id": "mock-assistantchat-1790416642736",
    "model": "gpt-4",
    "updatedAt": "2026-09-26T09:57:22.736Z",
  },
  "errors": [],
  "hasData": true,
  "hasErrors": true,
}
[90mstdout[2m | src/components/Editor3/plugins/DraggableBlockPlugin.stories.jsx[2m > [22m[2mEditable With Draggable Blocks
[22m[39m[ChatContext] Created AssistantChat: mock-assistantchat-1790416642736 at: 2026-09-26T09:57:22.736Z
[90mstdout[2m | src/components/Editor3/plugins/DraggableBlockPlugin.stories.jsx[2m > [22m[2mEditable With Draggable Blocks
[22m[39m[Mock Storage] downloadData called with: undefined
[90mstdout[2m | src/components/Editor3/plugins/DraggableBlockPlugin.stories.jsx[2m > [22m[2mEditable With Draggable Blocks
[22m[39m[ChatContext] Setting initial chat: mock-assistantchat-1790416642736
[90mstdout[2m | src/components/Editor3/plugins/DraggableBlockPlugin.stories.jsx[2m > [22m[2mEditable With Draggable Blocks
[22m[39m[ChatContext] Chat exists and not archived, skipping creation
 [32m✓[39m [30m[45m storybook (chromium) [49m[39m src/components/Editor3/plugins/DraggableBlockPlugin.stories.jsx [2m([22m[2m2 tests[22m[2m)[22m[32m 272[2mms[22m[39m
[90mstdout[2m | unknown test
[22m[39m[MOCK vectorStoreDB.js] Module loaded - mock IndexedDB operations
[90mstdout[2m | unknown test
[22m[39m[Task Completion] DOM action listeners initialized
[90mstdout[2m | unknown test
[22m[39m[Task Completion] Auto-completion detector initialized
[90mstdout[2m | unknown test
[22m[39m[Preview] Task completion detector initialized
[90mstdout[2m | src/components/CollaborativeChat/ThreadView.stories.tsx[2m > [22m[2mWith Messages
[22m[39m[TranslationModeController] Setting mode to: off
[90mstdout[2m | src/components/CollaborativeChat/ThreadView.stories.tsx[2m > [22m[2mWith Typing Indicator
[22m[39m[TranslationModeController] Setting mode to: off
[90mstdout[2m | src/components/CollaborativeChat/ThreadView.stories.tsx[2m > [22m[2mEmpty Thread
[22m[39m[TranslationModeController] Setting mode to: off
[90mstdout[2m | src/components/CollaborativeChat/ThreadView.stories.tsx[2m > [22m[2mBot Conversation
[22m[39m[TranslationModeController] Setting mode to: off
 [32m✓[39m [30m[45m storybook (chromium) [49m[39m src/components/CollaborativeChat/ThreadView.stories.tsx [2m([22m[2m4 tests[22m[2m)[22m[33m 689[2mms[22m[39m
[90mstdout[2m | unknown test
[22m[39m[MOCK vectorStoreDB.js] Module loaded - mock IndexedDB operations
[90mstdout[2m | unknown test
[22m[39m[Task Completion] DOM action listeners initialized
[90mstdout[2m | unknown test
[22m[39m[Task Completion] Auto-completion detector initialized
[90mstdout[2m | unknown test
[22m[39m[Preview] Task completion detector initialized
[90mstdout[2m | src/components/Gamification/StreakShield.stories.tsx[2m > [22m[2mWith Freezes
[22m[39m[TranslationModeController] Setting mode to: off
[90mstdout[2m | src/components/Gamification/StreakShield.stories.tsx[2m > [22m[2mNo Freezes
[22m[39m[TranslationModeController] Setting mode to: off
[90mstdout[2m | src/components/Gamification/StreakShield.stories.tsx[2m > [22m[2mSmall Size
[22m[39m[TranslationModeController] Setting mode to: off
 [32m✓[39m [30m[45m storybook (chromium) [49m[39m src/components/Gamification/StreakShield.stories.tsx [2m([22m[2m3 tests[22m[2m)[22m[32m 258[2mms[22m[39m
[90mstdout[2m | unknown test
[22m[39m[MOCK vectorStoreDB.js] Module loaded - mock IndexedDB operations
[90mstdout[2m | unknown test
[22m[39m[Task Completion] DOM action listeners initialized
[90mstdout[2m | unknown test
[22m[39m[Task Completion] Auto-completion detector initialized
[90mstdout[2m | unknown test
[22m[39m[Preview] Task completion detector initialized
[90mstdout[2m | src/components/PermissionErrorOverlay.stories.jsx[2m > [22m[2mUnit Permission Error
[22m[39m[MOCK CourseVectorStore] Initialized with mock data
[90mstdout[2m | src/components/PermissionErrorOverlay.stories.jsx[2m > [22m[2mUnit Permission Error
[22m[39m[TranslationModeController] Setting mode to: off
[90mstdout[2m | src/components/PermissionErrorOverlay.stories.jsx[2m > [22m[2mUnit Permission Error
[22m[39m[UnitContext] useEffect triggered {
  "authLoading": false,
  "hasUser": true,
  "id": "mock-unit-id",
  "userSub": "mock-user-sub",
}
[90mstdout[2m | src/components/PermissionErrorOverlay.stories.jsx[2m > [22m[2mUnit Permission Error
[22m[39m[UnitContext] Fetching unit data for id: mock-unit-id
[90mstdout[2m | src/components/PermissionErrorOverlay.stories.jsx[2m > [22m[2mUnit Permission Error
[22m[39m[FilesContext] Initializing vector store from IndexedDB
[90mstdout[2m | src/components/PermissionErrorOverlay.stories.jsx[2m > [22m[2mUnit Permission Error
[22m[39m[FilesContext] fetchFiles called
[90mstdout[2m | src/components/PermissionErrorOverlay.stories.jsx[2m > [22m[2mUnit Permission Error
[22m[39m[FilesContext] User authenticated: mock-user-sub
[90mstdout[2m | src/components/PermissionErrorOverlay.stories.jsx[2m > [22m[2mUnit Permission Error
[22m[39m[FilesContext] Identity ID: us-east-1:mock-identity-123
[90mstdout[2m | src/components/PermissionErrorOverlay.stories.jsx[2m > [22m[2mUnit Permission Error
[22m[39m[FilesContext] About to set up File observeQuery
[90mstdout[2m | src/components/PermissionErrorOverlay.stories.jsx[2m > [22m[2mUnit Permission Error
[22m[39m[ChatContext] Setting up AssistantChat observeQuery
[90mstdout[2m | src/components/PermissionErrorOverlay.stories.jsx[2m > [22m[2mUnit Permission Error
[22m[39m[ChatContext] Waiting for subscription to initialize
[90mstdout[2m | src/components/PermissionErrorOverlay.stories.jsx[2m > [22m[2mUnit Permission Error
[22m[39m[SettingsContext] Setting up Settings subscription for user: mock-user-sub
[90mstdout[2m | src/components/PermissionErrorOverlay.stories.jsx[2m > [22m[2mUnit Permission Error
[22m[39m[Mock Data] Settings created: mock-settings-1790416649678 - notified 0 subscribers
[90mstdout[2m | src/components/PermissionErrorOverlay.stories.jsx[2m > [22m[2mUnit Permission Error
[22m[39m[Mock Data] Unit.onUpdate() subscription added. Total: 1
[90mstdout[2m | src/components/PermissionErrorOverlay.stories.jsx[2m > [22m[2mUnit Permission Error
[22m[39m[SectionContext] Section observeQuery update: 0
[90mstdout[2m | src/components/PermissionErrorOverlay.stories.jsx[2m > [22m[2mUnit Permission Error
[22m[39m[FilesContext] File observeQuery update: 6 files
[90mstdout[2m | src/components/PermissionErrorOverlay.stories.jsx[2m > [22m[2mUnit Permission Error
[22m[39m[ChatContext] AssistantChat initialized with 1 chats
[90mstdout[2m | src/components/PermissionErrorOverlay.stories.jsx[2m > [22m[2mUnit Permission Error
[22m[39m[ChatContext] Setting initial chat: mock-assistant-chat-1
[90mstdout[2m | src/components/PermissionErrorOverlay.stories.jsx[2m > [22m[2mUnit Permission Error
[22m[39m[MOCK CourseVectorStore] Initialized with mock data
[90mstdout[2m | src/components/PermissionErrorOverlay.stories.jsx[2m > [22m[2mUnit Permission Error
[22m[39m[FilesContext] Vector store population triggered {
  "currentVectorStoreSize": 3,
  "documentsCount": 0,
  "filesCount": 6,
  "isInitialLoad": true,
}
[90mstdout[2m | src/components/PermissionErrorOverlay.stories.jsx[2m > [22m[2mUnit Permission Error
[22m[39m[FilesContext] Vector store population complete - 3 total embeddings
[90mstdout[2m | src/components/PermissionErrorOverlay.stories.jsx[2m > [22m[2mUnit Permission Error
[22m[39m[ChatContext] Chat exists and not archived, skipping creation
[90mstdout[2m | src/components/PermissionErrorOverlay.stories.jsx[2m > [22m[2mUnit Permission Error
[22m[39m[Mock Storage] downloadData called with: undefined
[90mstdout[2m | src/components/PermissionErrorOverlay.stories.jsx[2m > [22m[2mCustom Message
[22m[39m[ChatContext] Cleaning up subscriptions
[90mstdout[2m | src/components/PermissionErrorOverlay.stories.jsx[2m > [22m[2mCustom Message
[22m[39m[Mock Data] Unit.onUpdate() subscription removed. Remaining: 0
[90mstdout[2m | src/components/PermissionErrorOverlay.stories.jsx[2m > [22m[2mCustom Message
[22m[39m[MOCK CourseVectorStore] Initialized with mock data
[90mstdout[2m | src/components/PermissionErrorOverlay.stories.jsx[2m > [22m[2mCustom Message
[22m[39m[TranslationModeController] Setting mode to: off
[90mstdout[2m | src/components/PermissionErrorOverlay.stories.jsx[2m > [22m[2mCustom Message
[22m[39m[UnitContext] useEffect triggered {
  "authLoading": false,
  "hasUser": true,
  "id": "mock-unit-id",
  "userSub": "mock-user-sub",
}
[90mstdout[2m | src/components/PermissionErrorOverlay.stories.jsx[2m > [22m[2mCustom Message
[22m[39m[UnitContext] Fetching unit data for id: mock-unit-id
[90mstdout[2m | src/components/PermissionErrorOverlay.stories.jsx[2m > [22m[2mCustom Message
[22m[39m[FilesContext] Initializing vector store from IndexedDB
[90mstdout[2m | src/components/PermissionErrorOverlay.stories.jsx[2m > [22m[2mCustom Message
[22m[39m[FilesContext] fetchFiles called
[90mstdout[2m | src/components/PermissionErrorOverlay.stories.jsx[2m > [22m[2mCustom Message
[22m[39m[FilesContext] User authenticated: mock-user-sub
[90mstdout[2m | src/components/PermissionErrorOverlay.stories.jsx[2m > [22m[2mCustom Message
[22m[39m[FilesContext] Identity ID: us-east-1:mock-identity-123
[90mstdout[2m | src/components/PermissionErrorOverlay.stories.jsx[2m > [22m[2mCustom Message
[22m[39m[FilesContext] About to set up File observeQuery
[90mstdout[2m | src/components/PermissionErrorOverlay.stories.jsx[2m > [22m[2mCustom Message
[22m[39m[ChatContext] Setting up AssistantChat observeQuery
[90mstdout[2m | src/components/PermissionErrorOverlay.stories.jsx[2m > [22m[2mCustom Message
[22m[39m[ChatContext] Waiting for subscription to initialize
[90mstdout[2m | src/components/PermissionErrorOverlay.stories.jsx[2m > [22m[2mCustom Message
[22m[39m[SettingsContext] Setting up Settings subscription for user: mock-user-sub
[90mstdout[2m | src/components/PermissionErrorOverlay.stories.jsx[2m > [22m[2mCustom Message
[22m[39m[Mock Data] Settings created: mock-settings-1790416649837 - notified 0 subscribers
[90mstdout[2m | src/components/PermissionErrorOverlay.stories.jsx[2m > [22m[2mCustom Message
[22m[39m[Mock Data] Unit.onUpdate() subscription added. Total: 1
[90mstdout[2m | src/components/PermissionErrorOverlay.stories.jsx[2m > [22m[2mCustom Message
[22m[39m[SectionContext] Section observeQuery update: 0
[90mstdout[2m | src/components/PermissionErrorOverlay.stories.jsx[2m > [22m[2mCustom Message
[22m[39m[FilesContext] File observeQuery update: 6 files
[90mstdout[2m | src/components/PermissionErrorOverlay.stories.jsx[2m > [22m[2mCustom Message
[22m[39m[ChatContext] AssistantChat initialized with 1 chats
[90mstdout[2m | src/components/PermissionErrorOverlay.stories.jsx[2m > [22m[2mCustom Message
[22m[39m[ChatContext] Setting initial chat: mock-assistant-chat-1
[90mstdout[2m | src/components/PermissionErrorOverlay.stories.jsx[2m > [22m[2mCustom Message
[22m[39m[MOCK CourseVectorStore] Initialized with mock data
[90mstdout[2m | src/components/PermissionErrorOverlay.stories.jsx[2m > [22m[2mCustom Message
[22m[39m[FilesContext] Vector store population triggered {
  "currentVectorStoreSize": 3,
  "documentsCount": 0,
  "filesCount": 6,
  "isInitialLoad": true,
}
[90mstdout[2m | src/components/PermissionErrorOverlay.stories.jsx[2m > [22m[2mCustom Message
[22m[39m[FilesContext] Vector store population complete - 3 total embeddings
[90mstdout[2m | src/components/PermissionErrorOverlay.stories.jsx[2m > [22m[2mCustom Message
[22m[39m[ChatContext] Chat exists and not archived, skipping creation
[90mstdout[2m | src/components/PermissionErrorOverlay.stories.jsx[2m > [22m[2mCustom Message
[22m[39m[Mock Storage] downloadData called with: undefined
[90mstdout[2m | src/components/PermissionErrorOverlay.stories.jsx[2m > [22m[2mSection Permission Error
[22m[39m[ChatContext] Cleaning up subscriptions
[90mstdout[2m | src/components/PermissionErrorOverlay.stories.jsx[2m > [22m[2mSection Permission Error
[22m[39m[Mock Data] Unit.onUpdate() subscription removed. Remaining: 0
[90mstdout[2m | src/components/PermissionErrorOverlay.stories.jsx[2m > [22m[2mSection Permission Error
[22m[39m[MOCK CourseVectorStore] Initialized with mock data
[90mstdout[2m | src/components/PermissionErrorOverlay.stories.jsx[2m > [22m[2mSection Permission Error
[22m[39m[TranslationModeController] Setting mode to: off
[90mstdout[2m | src/components/PermissionErrorOverlay.stories.jsx[2m > [22m[2mSection Permission Error
[22m[39m[UnitContext] useEffect triggered {
  "authLoading": false,
  "hasUser": true,
  "id": "mock-unit-id",
  "userSub": "mock-user-sub",
}
[90mstdout[2m | src/components/PermissionErrorOverlay.stories.jsx[2m > [22m[2mSection Permission Error
[22m[39m[UnitContext] Fetching unit data for id: mock-unit-id
[90mstdout[2m | src/components/PermissionErrorOverlay.stories.jsx[2m > [22m[2mSection Permission Error
[22m[39m[FilesContext] Initializing vector store from IndexedDB
[90mstdout[2m | src/components/PermissionErrorOverlay.stories.jsx[2m > [22m[2mSection Permission Error
[22m[39m[FilesContext] fetchFiles called
[90mstdout[2m | src/components/PermissionErrorOverlay.stories.jsx[2m > [22m[2mSection Permission Error
[22m[39m[FilesContext] User authenticated: mock-user-sub
[90mstdout[2m | src/components/PermissionErrorOverlay.stories.jsx[2m > [22m[2mSection Permission Error
[22m[39m[FilesContext] Identity ID: us-east-1:mock-identity-123
[90mstdout[2m | src/components/PermissionErrorOverlay.stories.jsx[2m > [22m[2mSection Permission Error
[22m[39m[FilesContext] About to set up File observeQuery
[90mstdout[2m | src/components/PermissionErrorOverlay.stories.jsx[2m > [22m[2mSection Permission Error
[22m[39m[ChatContext] Setting up AssistantChat observeQuery
[90mstdout[2m | src/components/PermissionErrorOverlay.stories.jsx[2m > [22m[2mSection Permission Error
[22m[39m[ChatContext] Waiting for subscription to initialize
[90mstdout[2m | src/components/PermissionErrorOverlay.stories.jsx[2m > [22m[2mSection Permission Error
[22m[39m[SettingsContext] Setting up Settings subscription for user: mock-user-sub
[90mstdout[2m | src/components/PermissionErrorOverlay.stories.jsx[2m > [22m[2mSection Permission Error
[22m[39m[Mock Data] Settings created: mock-settings-1790416649966 - notified 0 subscribers
[90mstdout[2m | src/components/PermissionErrorOverlay.stories.jsx[2m > [22m[2mSection Permission Error
[22m[39m[Mock Data] Unit.onUpdate() subscription added. Total: 1
[90mstdout[2m | src/components/PermissionErrorOverlay.stories.jsx[2m > [22m[2mSection Permission Error
[22m[39m[SectionContext] Section observeQuery update: 0
[90mstdout[2m | src/components/PermissionErrorOverlay.stories.jsx[2m > [22m[2mSection Permission Error
[22m[39m[FilesContext] File observeQuery update: 6 files
[90mstdout[2m | src/components/PermissionErrorOverlay.stories.jsx[2m > [22m[2mSection Permission Error
[22m[39m[ChatContext] AssistantChat initialized with 1 chats
[90mstdout[2m | src/components/PermissionErrorOverlay.stories.jsx[2m > [22m[2mSection Permission Error
[22m[39m[ChatContext] Setting initial chat: mock-assistant-chat-1
[90mstdout[2m | src/components/PermissionErrorOverlay.stories.jsx[2m > [22m[2mSection Permission Error
[22m[39m[MOCK CourseVectorStore] Initialized with mock data
[90mstdout[2m | src/components/PermissionErrorOverlay.stories.jsx[2m > [22m[2mSection Permission Error
[22m[39m[FilesContext] Vector store population triggered {
  "currentVectorStoreSize": 3,
  "documentsCount": 0,
  "filesCount": 6,
  "isInitialLoad": true,
}
[90mstdout[2m | src/components/PermissionErrorOverlay.stories.jsx[2m > [22m[2mSection Permission Error
[22m[39m[FilesContext] Vector store population complete - 3 total embeddings
[90mstdout[2m | src/components/PermissionErrorOverlay.stories.jsx[2m > [22m[2mSection Permission Error
[22m[39m[ChatContext] Chat exists and not archived, skipping creation
[90mstdout[2m | src/components/PermissionErrorOverlay.stories.jsx[2m > [22m[2mSection Permission Error
[22m[39m[Mock Storage] downloadData called with: undefined
[90mstdout[2m | src/components/PermissionErrorOverlay.stories.jsx[2m > [22m[2mAssignment Permission Error
[22m[39m[ChatContext] Cleaning up subscriptions
[90mstdout[2m | src/components/PermissionErrorOverlay.stories.jsx[2m > [22m[2mAssignment Permission Error
[22m[39m[Mock Data] Unit.onUpdate() subscription removed. Remaining: 0
[90mstdout[2m | src/components/PermissionErrorOverlay.stories.jsx[2m > [22m[2mAssignment Permission Error
[22m[39m[MOCK CourseVectorStore] Initialized with mock data
[90mstdout[2m | src/components/PermissionErrorOverlay.stories.jsx[2m > [22m[2mAssignment Permission Error
[22m[39m[TranslationModeController] Setting mode to: off
[90mstdout[2m | src/components/PermissionErrorOverlay.stories.jsx[2m > [22m[2mAssignment Permission Error
[22m[39m[UnitContext] useEffect triggered {
  "authLoading": false,
  "hasUser": true,
  "id": "mock-unit-id",
  "userSub": "mock-user-sub",
}
[90mstdout[2m | src/components/PermissionErrorOverlay.stories.jsx[2m > [22m[2mAssignment Permission Error
[22m[39m[UnitContext] Fetching unit data for id: mock-unit-id
[90mstdout[2m | src/components/PermissionErrorOverlay.stories.jsx[2m > [22m[2mAssignment Permission Error
[22m[39m[FilesContext] Initializing vector store from IndexedDB
[90mstdout[2m | src/components/PermissionErrorOverlay.stories.jsx[2m > [22m[2mAssignment Permission Error
[22m[39m[FilesContext] fetchFiles called
[90mstdout[2m | src/components/PermissionErrorOverlay.stories.jsx[2m > [22m[2mAssignment Permission Error
[22m[39m[FilesContext] User authenticated: mock-user-sub
[90mstdout[2m | src/components/PermissionErrorOverlay.stories.jsx[2m > [22m[2mAssignment Permission Error
[22m[39m[FilesContext] Identity ID: us-east-1:mock-identity-123
[90mstdout[2m | src/components/PermissionErrorOverlay.stories.jsx[2m > [22m[2mAssignment Permission Error
[22m[39m[FilesContext] About to set up File observeQuery
[90mstdout[2m | src/components/PermissionErrorOverlay.stories.jsx[2m > [22m[2mAssignment Permission Error
[22m[39m[ChatContext] Setting up AssistantChat observeQuery
[90mstdout[2m | src/components/PermissionErrorOverlay.stories.jsx[2m > [22m[2mAssignment Permission Error
[22m[39m[ChatContext] Waiting for subscription to initialize
[90mstdout[2m | src/components/PermissionErrorOverlay.stories.jsx[2m > [22m[2mAssignment Permission Error
[22m[39m[SettingsContext] Setting up Settings subscription for user: mock-user-sub
[90mstdout[2m | src/components/PermissionErrorOverlay.stories.jsx[2m > [22m[2mAssignment Permission Error
[22m[39m[Mock Data] Settings created: mock-settings-1790416650081 - notified 0 subscribers
[90mstdout[2m | src/components/PermissionErrorOverlay.stories.jsx[2m > [22m[2mAssignment Permission Error
[22m[39m[Mock Data] Unit.onUpdate() subscription added. Total: 1
[90mstdout[2m | src/components/PermissionErrorOverlay.stories.jsx[2m > [22m[2mAssignment Permission Error
[22m[39m[SectionContext] Section observeQuery update: 0
[90mstdout[2m | src/components/PermissionErrorOverlay.stories.jsx[2m > [22m[2mAssignment Permission Error
[22m[39m[FilesContext] File observeQuery update: 6 files
[90mstdout[2m | src/components/PermissionErrorOverlay.stories.jsx[2m > [22m[2mAssignment Permission Error
[22m[39m[ChatContext] AssistantChat initialized with 1 chats
[90mstdout[2m | src/components/PermissionErrorOverlay.stories.jsx[2m > [22m[2mAssignment Permission Error
[22m[39m[ChatContext] Setting initial chat: mock-assistant-chat-1
[90mstdout[2m | src/components/PermissionErrorOverlay.stories.jsx[2m > [22m[2mAssignment Permission Error
[22m[39m[MOCK CourseVectorStore] Initialized with mock data
[90mstdout[2m | src/components/PermissionErrorOverlay.stories.jsx[2m > [22m[2mAssignment Permission Error
[22m[39m[FilesContext] Vector store population triggered {
  "currentVectorStoreSize": 3,
  "documentsCount": 0,
  "filesCount": 6,
  "isInitialLoad": true,
}
[90mstdout[2m | src/components/PermissionErrorOverlay.stories.jsx[2m > [22m[2mAssignment Permission Error
[22m[39m[FilesContext] Vector store population complete - 3 total embeddings
[90mstdout[2m | src/components/PermissionErrorOverlay.stories.jsx[2m > [22m[2mAssignment Permission Error
[22m[39m[ChatContext] Chat exists and not archived, skipping creation
[90mstdout[2m | src/components/PermissionErrorOverlay.stories.jsx[2m > [22m[2mAssignment Permission Error
[22m[39m[Mock Storage] downloadData called with: undefined
[90mstdout[2m | src/components/PermissionErrorOverlay.stories.jsx[2m > [22m[2mClosed State
[22m[39m[ChatContext] Cleaning up subscriptions
[90mstdout[2m | src/components/PermissionErrorOverlay.stories.jsx[2m > [22m[2mClosed State
[22m[39m[Mock Data] Unit.onUpdate() subscription removed. Remaining: 0
[90mstdout[2m | src/components/PermissionErrorOverlay.stories.jsx[2m > [22m[2mClosed State
[22m[39m[MOCK CourseVectorStore] Initialized with mock data
[90mstdout[2m | src/components/PermissionErrorOverlay.stories.jsx[2m > [22m[2mClosed State
[22m[39m[TranslationModeController] Setting mode to: off
[90mstdout[2m | src/components/PermissionErrorOverlay.stories.jsx[2m > [22m[2mClosed State
[22m[39m[UnitContext] useEffect triggered {
  "authLoading": false,
  "hasUser": true,
  "id": "mock-unit-id",
  "userSub": "mock-user-sub",
}
[90mstdout[2m | src/components/PermissionErrorOverlay.stories.jsx[2m > [22m[2mClosed State
[22m[39m[UnitContext] Fetching unit data for id: mock-unit-id
[90mstdout[2m | src/components/PermissionErrorOverlay.stories.jsx[2m > [22m[2mClosed State
[22m[39m[FilesContext] Initializing vector store from IndexedDB
[90mstdout[2m | src/components/PermissionErrorOverlay.stories.jsx[2m > [22m[2mClosed State
[22m[39m[FilesContext] fetchFiles called
[90mstdout[2m | src/components/PermissionErrorOverlay.stories.jsx[2m > [22m[2mClosed State
[22m[39m[FilesContext] User authenticated: mock-user-sub
[90mstdout[2m | src/components/PermissionErrorOverlay.stories.jsx[2m > [22m[2mClosed State
[22m[39m[FilesContext] Identity ID: us-east-1:mock-identity-123
[90mstdout[2m | src/components/PermissionErrorOverlay.stories.jsx[2m > [22m[2mClosed State
[22m[39m[FilesContext] About to set up File observeQuery
[90mstdout[2m | src/components/PermissionErrorOverlay.stories.jsx[2m > [22m[2mClosed State
[22m[39m[ChatContext] Setting up AssistantChat observeQuery
[90mstdout[2m | src/components/PermissionErrorOverlay.stories.jsx[2m > [22m[2mClosed State
[22m[39m[ChatContext] Waiting for subscription to initialize
[90mstdout[2m | src/components/PermissionErrorOverlay.stories.jsx[2m > [22m[2mClosed State
[22m[39m[SettingsContext] Setting up Settings subscription for user: mock-user-sub
[90mstdout[2m | src/components/PermissionErrorOverlay.stories.jsx[2m > [22m[2mClosed State
[22m[39m[Mock Data] Settings created: mock-settings-1790416650180 - notified 0 subscribers
[90mstdout[2m | src/components/PermissionErrorOverlay.stories.jsx[2m > [22m[2mClosed State
[22m[39m[Mock Data] Unit.onUpdate() subscription added. Total: 1
[90mstdout[2m | src/components/PermissionErrorOverlay.stories.jsx[2m > [22m[2mClosed State
[22m[39m[SectionContext] Section observeQuery update: 0
[90mstdout[2m | src/components/PermissionErrorOverlay.stories.jsx[2m > [22m[2mClosed State
[22m[39m[FilesContext] File observeQuery update: 6 files
[90mstdout[2m | src/components/PermissionErrorOverlay.stories.jsx[2m > [22m[2mClosed State
[22m[39m[ChatContext] AssistantChat initialized with 1 chats
[90mstdout[2m | src/components/PermissionErrorOverlay.stories.jsx[2m > [22m[2mClosed State
[22m[39m[ChatContext] Setting initial chat: mock-assistant-chat-1
[90mstdout[2m | src/components/PermissionErrorOverlay.stories.jsx[2m > [22m[2mClosed State
[22m[39m[Mock Storage] downloadData called with: undefined
[90mstdout[2m | src/components/PermissionErrorOverlay.stories.jsx[2m > [22m[2mClosed State
[22m[39m[MOCK CourseVectorStore] Initialized with mock data
[90mstdout[2m | src/components/PermissionErrorOverlay.stories.jsx[2m > [22m[2mClosed State
[22m[39m[FilesContext] Vector store population triggered {
  "currentVectorStoreSize": 3,
  "documentsCount": 0,
  "filesCount": 6,
  "isInitialLoad": true,
}
[90mstdout[2m | src/components/PermissionErrorOverlay.stories.jsx[2m > [22m[2mClosed State
[22m[39m[FilesContext] Vector store population complete - 3 total embeddings
[90mstdout[2m | src/components/PermissionErrorOverlay.stories.jsx[2m > [22m[2mClosed State
[22m[39m[ChatContext] Chat exists and not archived, skipping creation
[90mstdout[2m | src/components/PermissionErrorOverlay.stories.jsx[2m > [22m[2mInteractive
[22m[39m[ChatContext] Cleaning up subscriptions
[90mstdout[2m | src/components/PermissionErrorOverlay.stories.jsx[2m > [22m[2mInteractive
[22m[39m[Mock Data] Unit.onUpdate() subscription removed. Remaining: 0
[90mstdout[2m | src/components/PermissionErrorOverlay.stories.jsx[2m > [22m[2mInteractive
[22m[39m[MOCK CourseVectorStore] Initialized with mock data
[90mstdout[2m | src/components/PermissionErrorOverlay.stories.jsx[2m > [22m[2mInteractive
[22m[39m[TranslationModeController] Setting mode to: off
[90mstdout[2m | src/components/PermissionErrorOverlay.stories.jsx[2m > [22m[2mInteractive
[22m[39m[UnitContext] useEffect triggered {
  "authLoading": false,
  "hasUser": true,
  "id": "mock-unit-id",
  "userSub": "mock-user-sub",
}
[90mstdout[2m | src/components/PermissionErrorOverlay.stories.jsx[2m > [22m[2mInteractive
[22m[39m[UnitContext] Fetching unit data for id: mock-unit-id
[90mstdout[2m | src/components/PermissionErrorOverlay.stories.jsx[2m > [22m[2mInteractive
[22m[39m[FilesContext] Initializing vector store from IndexedDB
[90mstdout[2m | src/components/PermissionErrorOverlay.stories.jsx[2m > [22m[2mInteractive
[22m[39m[FilesContext] fetchFiles called
[90mstdout[2m | src/components/PermissionErrorOverlay.stories.jsx[2m > [22m[2mInteractive
[22m[39m[FilesContext] User authenticated: mock-user-sub
[90mstdout[2m | src/components/PermissionErrorOverlay.stories.jsx[2m > [22m[2mInteractive
[22m[39m[FilesContext] Identity ID: us-east-1:mock-identity-123
[90mstdout[2m | src/components/PermissionErrorOverlay.stories.jsx[2m > [22m[2mInteractive
[22m[39m[FilesContext] About to set up File observeQuery
[90mstdout[2m | src/components/PermissionErrorOverlay.stories.jsx[2m > [22m[2mInteractive
[22m[39m[ChatContext] Setting up AssistantChat observeQuery
[90mstdout[2m | src/components/PermissionErrorOverlay.stories.jsx[2m > [22m[2mInteractive
[22m[39m[ChatContext] Waiting for subscription to initialize
[90mstdout[2m | src/components/PermissionErrorOverlay.stories.jsx[2m > [22m[2mInteractive
[22m[39m[SettingsContext] Setting up Settings subscription for user: mock-user-sub
[90mstdout[2m | src/components/PermissionErrorOverlay.stories.jsx[2m > [22m[2mInteractive
[22m[39m[Mock Data] Settings created: mock-settings-1790416650246 - notified 0 subscribers
[90mstdout[2m | src/components/PermissionErrorOverlay.stories.jsx[2m > [22m[2mInteractive
[22m[39m[Mock Data] Unit.onUpdate() subscription added. Total: 1
[90mstdout[2m | src/components/PermissionErrorOverlay.stories.jsx[2m > [22m[2mInteractive
[22m[39m[SectionContext] Section observeQuery update: 0
[90mstdout[2m | src/components/PermissionErrorOverlay.stories.jsx[2m > [22m[2mInteractive
[22m[39m[FilesContext] File observeQuery update: 6 files
[90mstdout[2m | src/components/PermissionErrorOverlay.stories.jsx[2m > [22m[2mInteractive
[22m[39m[ChatContext] AssistantChat initialized with 1 chats
[90mstdout[2m | src/components/PermissionErrorOverlay.stories.jsx[2m > [22m[2mInteractive
[22m[39m[ChatContext] Setting initial chat: mock-assistant-chat-1
[90mstdout[2m | src/components/PermissionErrorOverlay.stories.jsx[2m > [22m[2mInteractive
[22m[39m[Mock Storage] downloadData called with: undefined
[90mstdout[2m | src/components/PermissionErrorOverlay.stories.jsx[2m > [22m[2mInteractive
[22m[39m[MOCK CourseVectorStore] Initialized with mock data
[90mstdout[2m | src/components/PermissionErrorOverlay.stories.jsx[2m > [22m[2mInteractive
[22m[39m[FilesContext] Vector store population triggered {
  "currentVectorStoreSize": 3,
  "documentsCount": 0,
  "filesCount": 6,
  "isInitialLoad": true,
}
[90mstdout[2m | src/components/PermissionErrorOverlay.stories.jsx[2m > [22m[2mInteractive
[22m[39m[FilesContext] Vector store population complete - 3 total embeddings
[90mstdout[2m | src/components/PermissionErrorOverlay.stories.jsx[2m > [22m[2mInteractive
[22m[39m[ChatContext] Chat exists and not archived, skipping creation
 [32m✓[39m [30m[45m storybook (chromium) [49m[39m src/components/PermissionErrorOverlay.stories.jsx [2m([22m[2m6 tests[22m[2m)[22m[33m 690[2mms[22m[39m
[90mstdout[2m | unknown test
[22m[39m[MOCK vectorStoreDB.js] Module loaded - mock IndexedDB operations
[90mstdout[2m | unknown test
[22m[39m[Task Completion] DOM action listeners initialized
[90mstdout[2m | unknown test
[22m[39m[Task Completion] Auto-completion detector initialized
[90mstdout[2m | unknown test
[22m[39m[Preview] Task completion detector initialized
[90mstdout[2m | src/components/Gamification/RedemptionConditionForm.stories.tsx[2m > [22m[2mEmpty
[22m[39m[TranslationModeController] Setting mode to: off
[90mstdout[2m | src/components/Gamification/RedemptionConditionForm.stories.tsx[2m > [22m[2mPrefilled
[22m[39m[TranslationModeController] Setting mode to: off
[90mstdout[2m | src/components/Gamification/RedemptionConditionForm.stories.tsx[2m > [22m[2mDisabled
[22m[39m[TranslationModeController] Setting mode to: off
 [32m✓[39m [30m[45m storybook (chromium) [49m[39m src/components/Gamification/RedemptionConditionForm.stories.tsx [2m([22m[2m3 tests[22m[2m)[22m[33m 1018[2mms[22m[39m
   [33m[2m✓[22m[39m Empty [33m 571[2mms[22m[39m
   [33m[2m✓[22m[39m Prefilled [33m 337[2mms[22m[39m
[90mstdout[2m | unknown test
[22m[39m[MOCK vectorStoreDB.js] Module loaded - mock IndexedDB operations
[90mstdout[2m | unknown test
[22m[39m[Task Completion] DOM action listeners initialized
[90mstdout[2m | unknown test
[22m[39m[Task Completion] Auto-completion detector initialized
[90mstdout[2m | unknown test
[22m[39m[Preview] Task completion detector initialized
[90mstdout[2m | src/components/PeerReview/PeerReviewChat.stories.tsx[2m > [22m[2mChat Story
[22m[39m[MOCK CourseVectorStore] Initialized with mock data
[90mstdout[2m | src/components/PeerReview/PeerReviewChat.stories.tsx[2m > [22m[2mChat Story
[22m[39m[TranslationModeController] Setting mode to: off
[90mstdout[2m | src/components/PeerReview/PeerReviewChat.stories.tsx[2m > [22m[2mChat Story
[22m[39m[UnitContext] useEffect triggered {
  "authLoading": false,
  "hasUser": true,
  "id": "mock-unit-id",
  "userSub": "mock-user-sub",
}
[90mstdout[2m | src/components/PeerReview/PeerReviewChat.stories.tsx[2m > [22m[2mChat Story
[22m[39m[UnitContext] Fetching unit data for id: mock-unit-id
[90mstdout[2m | src/components/PeerReview/PeerReviewChat.stories.tsx[2m > [22m[2mChat Story
[22m[39m[FilesContext] Initializing vector store from IndexedDB
[90mstdout[2m | src/components/PeerReview/PeerReviewChat.stories.tsx[2m > [22m[2mChat Story
[22m[39m[FilesContext] fetchFiles called
[90mstdout[2m | src/components/PeerReview/PeerReviewChat.stories.tsx[2m > [22m[2mChat Story
[22m[39m[FilesContext] User authenticated: mock-user-sub
[90mstdout[2m | src/components/PeerReview/PeerReviewChat.stories.tsx[2m > [22m[2mChat Story
[22m[39m[FilesContext] Identity ID: us-east-1:mock-identity-123
[90mstdout[2m | src/components/PeerReview/PeerReviewChat.stories.tsx[2m > [22m[2mChat Story
[22m[39m[FilesContext] About to set up File observeQuery
[90mstdout[2m | src/components/PeerReview/PeerReviewChat.stories.tsx[2m > [22m[2mChat Story
[22m[39m[ChatContext] Setting up AssistantChat observeQuery
[90mstdout[2m | src/components/PeerReview/PeerReviewChat.stories.tsx[2m > [22m[2mChat Story
[22m[39m[ChatContext] Waiting for subscription to initialize
[90mstdout[2m | src/components/PeerReview/PeerReviewChat.stories.tsx[2m > [22m[2mChat Story
[22m[39m[SettingsContext] Setting up Settings subscription for user: mock-user-sub
[90mstdout[2m | src/components/PeerReview/PeerReviewChat.stories.tsx[2m > [22m[2mChat Story
[22m[39m[Mock Data] Settings created: mock-settings-1790416652601 - notified 0 subscribers
[90mstdout[2m | src/components/PeerReview/PeerReviewChat.stories.tsx[2m > [22m[2mChat Story
[22m[39m[Mock Data] Unit.onUpdate() subscription added. Total: 1
[90mstdout[2m | src/components/PeerReview/PeerReviewChat.stories.tsx[2m > [22m[2mChat Story
[22m[39m[SectionContext] Section observeQuery update: 0
[90mstdout[2m | src/components/PeerReview/PeerReviewChat.stories.tsx[2m > [22m[2mChat Story
[22m[39m[FilesContext] File observeQuery update: 6 files
[90mstdout[2m | src/components/PeerReview/PeerReviewChat.stories.tsx[2m > [22m[2mChat Story
[22m[39m[ChatContext] AssistantChat initialized with 1 chats
[90mstdout[2m | src/components/PeerReview/PeerReviewChat.stories.tsx[2m > [22m[2mChat Story
[22m[39m[ChatContext] Setting initial chat: mock-assistant-chat-1
[90mstdout[2m | src/components/PeerReview/PeerReviewChat.stories.tsx[2m > [22m[2mChat Story
[22m[39m[MOCK CourseVectorStore] Initialized with mock data
[90mstdout[2m | src/components/PeerReview/PeerReviewChat.stories.tsx[2m > [22m[2mChat Story
[22m[39m[FilesContext] Vector store population triggered {
  "currentVectorStoreSize": 3,
  "documentsCount": 0,
  "filesCount": 6,
  "isInitialLoad": true,
}
[90mstdout[2m | src/components/PeerReview/PeerReviewChat.stories.tsx[2m > [22m[2mChat Story
[22m[39m[FilesContext] Vector store population complete - 3 total embeddings
[90mstdout[2m | src/components/PeerReview/PeerReviewChat.stories.tsx[2m > [22m[2mChat Story
[22m[39m[ChatContext] Chat exists and not archived, skipping creation
[90mstdout[2m | src/components/PeerReview/PeerReviewChat.stories.tsx[2m > [22m[2mChat Story
[22m[39m[Mock Storage] downloadData called with: undefined
 [32m✓[39m [30m[45m storybook (chromium) [49m[39m src/components/PeerReview/PeerReviewChat.stories.tsx [2m([22m[2m1 test[22m[2m)[22m[32m 185[2mms[22m[39m
[90mstdout[2m | unknown test
[22m[39m[MOCK vectorStoreDB.js] Module loaded - mock IndexedDB operations
[90mstdout[2m | unknown test
[22m[39m[Task Completion] DOM action listeners initialized
[90mstdout[2m | unknown test
[22m[39m[Task Completion] Auto-completion detector initialized
[90mstdout[2m | unknown test
[22m[39m[Preview] Task completion detector initialized
[90mstdout[2m | src/components/ChatSidebar/ContentPreview.stories.tsx[2m > [22m[2mMarkdown Format
[22m[39m[MOCK CourseVectorStore] Initialized with mock data
[90mstdout[2m | src/components/ChatSidebar/ContentPreview.stories.tsx[2m > [22m[2mMarkdown Format
[22m[39m[TranslationModeController] Setting mode to: off
[90mstdout[2m | src/components/ChatSidebar/ContentPreview.stories.tsx[2m > [22m[2mMarkdown Format
[22m[39m[UnitContext] useEffect triggered {
  "authLoading": false,
  "hasUser": true,
  "id": "mock-unit-id",
  "userSub": "mock-user-sub",
}
[90mstdout[2m | src/components/ChatSidebar/ContentPreview.stories.tsx[2m > [22m[2mMarkdown Format
[22m[39m[UnitContext] Fetching unit data for id: mock-unit-id
[90mstdout[2m | src/components/ChatSidebar/ContentPreview.stories.tsx[2m > [22m[2mMarkdown Format
[22m[39m[FilesContext] Initializing vector store from IndexedDB
[90mstdout[2m | src/components/ChatSidebar/ContentPreview.stories.tsx[2m > [22m[2mMarkdown Format
[22m[39m[FilesContext] fetchFiles called
[90mstdout[2m | src/components/ChatSidebar/ContentPreview.stories.tsx[2m > [22m[2mMarkdown Format
[22m[39m[FilesContext] User authenticated: mock-user-sub
[90mstdout[2m | src/components/ChatSidebar/ContentPreview.stories.tsx[2m > [22m[2mMarkdown Format
[22m[39m[FilesContext] Identity ID: us-east-1:mock-identity-123
[90mstdout[2m | src/components/ChatSidebar/ContentPreview.stories.tsx[2m > [22m[2mMarkdown Format
[22m[39m[FilesContext] About to set up File observeQuery
[90mstdout[2m | src/components/ChatSidebar/ContentPreview.stories.tsx[2m > [22m[2mMarkdown Format
[22m[39m[ChatContext] Setting up AssistantChat observeQuery
[90mstdout[2m | src/components/ChatSidebar/ContentPreview.stories.tsx[2m > [22m[2mMarkdown Format
[22m[39m[ChatContext] Waiting for subscription to initialize
[90mstdout[2m | src/components/ChatSidebar/ContentPreview.stories.tsx[2m > [22m[2mMarkdown Format
[22m[39m[SettingsContext] Setting up Settings subscription for user: mock-user-sub
[90mstdout[2m | src/components/ChatSidebar/ContentPreview.stories.tsx[2m > [22m[2mMarkdown Format
[22m[39m[Mock Data] Settings created: mock-settings-1790416653389 - notified 0 subscribers
[90mstdout[2m | src/components/ChatSidebar/ContentPreview.stories.tsx[2m > [22m[2mMarkdown Format
[22m[39m[Mock Data] Unit.onUpdate() subscription added. Total: 1
[90mstdout[2m | src/components/ChatSidebar/ContentPreview.stories.tsx[2m > [22m[2mMarkdown Format
[22m[39m[SectionContext] Section observeQuery update: 0
[90mstdout[2m | src/components/ChatSidebar/ContentPreview.stories.tsx[2m > [22m[2mMarkdown Format
[22m[39m[FilesContext] File observeQuery update: 6 files
[90mstdout[2m | src/components/ChatSidebar/ContentPreview.stories.tsx[2m > [22m[2mMarkdown Format
[22m[39m[ChatContext] AssistantChat initialized with 1 chats
[90mstdout[2m | src/components/ChatSidebar/ContentPreview.stories.tsx[2m > [22m[2mMarkdown Format
[22m[39m[ChatContext] Setting initial chat: mock-assistant-chat-1
[90mstdout[2m | src/components/ChatSidebar/ContentPreview.stories.tsx[2m > [22m[2mMarkdown Format
[22m[39m[MOCK CourseVectorStore] Initialized with mock data
[90mstdout[2m | src/components/ChatSidebar/ContentPreview.stories.tsx[2m > [22m[2mMarkdown Format
[22m[39m[FilesContext] Vector store population triggered {
  "currentVectorStoreSize": 3,
  "documentsCount": 0,
  "filesCount": 6,
  "isInitialLoad": true,
}
[90mstdout[2m | src/components/ChatSidebar/ContentPreview.stories.tsx[2m > [22m[2mMarkdown Format
[22m[39m[FilesContext] Vector store population complete - 3 total embeddings
[90mstdout[2m | src/components/ChatSidebar/ContentPreview.stories.tsx[2m > [22m[2mMarkdown Format
[22m[39m[ChatContext] Chat exists and not archived, skipping creation
[90mstdout[2m | src/components/ChatSidebar/ContentPreview.stories.tsx[2m > [22m[2mMarkdown Format
[22m[39m[Mock Storage] downloadData called with: undefined
[90mstdout[2m | src/components/ChatSidebar/ContentPreview.stories.tsx[2m > [22m[2mCompact
[22m[39m[ChatContext] Cleaning up subscriptions
[90mstdout[2m | src/components/ChatSidebar/ContentPreview.stories.tsx[2m > [22m[2mCompact
[22m[39m[Mock Data] Unit.onUpdate() subscription removed. Remaining: 0
[90mstdout[2m | src/components/ChatSidebar/ContentPreview.stories.tsx[2m > [22m[2mCompact
[22m[39m[MOCK CourseVectorStore] Initialized with mock data
[90mstdout[2m | src/components/ChatSidebar/ContentPreview.stories.tsx[2m > [22m[2mCompact
[22m[39m[TranslationModeController] Setting mode to: off
[90mstdout[2m | src/components/ChatSidebar/ContentPreview.stories.tsx[2m > [22m[2mCompact
[22m[39m[UnitContext] useEffect triggered {
  "authLoading": false,
  "hasUser": true,
  "id": "mock-unit-id",
  "userSub": "mock-user-sub",
}
[90mstdout[2m | src/components/ChatSidebar/ContentPreview.stories.tsx[2m > [22m[2mCompact
[22m[39m[UnitContext] Fetching unit data for id: mock-unit-id
[90mstdout[2m | src/components/ChatSidebar/ContentPreview.stories.tsx[2m > [22m[2mCompact
[22m[39m[FilesContext] Initializing vector store from IndexedDB
[90mstdout[2m | src/components/ChatSidebar/ContentPreview.stories.tsx[2m > [22m[2mCompact
[22m[39m[FilesContext] fetchFiles called
[90mstdout[2m | src/components/ChatSidebar/ContentPreview.stories.tsx[2m > [22m[2mCompact
[22m[39m[FilesContext] User authenticated: mock-user-sub
[90mstdout[2m | src/components/ChatSidebar/ContentPreview.stories.tsx[2m > [22m[2mCompact
[22m[39m[FilesContext] Identity ID: us-east-1:mock-identity-123
[90mstdout[2m | src/components/ChatSidebar/ContentPreview.stories.tsx[2m > [22m[2mCompact
[22m[39m[FilesContext] About to set up File observeQuery
[90mstdout[2m | src/components/ChatSidebar/ContentPreview.stories.tsx[2m > [22m[2mCompact
[22m[39m[ChatContext] Setting up AssistantChat observeQuery
[90mstdout[2m | src/components/ChatSidebar/ContentPreview.stories.tsx[2m > [22m[2mCompact
[22m[39m[ChatContext] Waiting for subscription to initialize
[90mstdout[2m | src/components/ChatSidebar/ContentPreview.stories.tsx[2m > [22m[2mCompact
[22m[39m[SettingsContext] Setting up Settings subscription for user: mock-user-sub
[90mstdout[2m | src/components/ChatSidebar/ContentPreview.stories.tsx[2m > [22m[2mCompact
[22m[39m[Mock Data] Settings created: mock-settings-1790416653604 - notified 0 subscribers
[90mstdout[2m | src/components/ChatSidebar/ContentPreview.stories.tsx[2m > [22m[2mCompact
[22m[39m[Mock Data] Unit.onUpdate() subscription added. Total: 1
[90mstdout[2m | src/components/ChatSidebar/ContentPreview.stories.tsx[2m > [22m[2mCompact
[22m[39m[SectionContext] Section observeQuery update: 0
[90mstdout[2m | src/components/ChatSidebar/ContentPreview.stories.tsx[2m > [22m[2mCompact
[22m[39m[FilesContext] File observeQuery update: 6 files
[90mstdout[2m | src/components/ChatSidebar/ContentPreview.stories.tsx[2m > [22m[2mCompact
[22m[39m[ChatContext] AssistantChat initialized with 1 chats
[90mstdout[2m | src/components/ChatSidebar/ContentPreview.stories.tsx[2m > [22m[2mCompact
[22m[39m[ChatContext] Setting initial chat: mock-assistant-chat-1
[90mstdout[2m | src/components/ChatSidebar/ContentPreview.stories.tsx[2m > [22m[2mCompact
[22m[39m[MOCK CourseVectorStore] Initialized with mock data
[90mstdout[2m | src/components/ChatSidebar/ContentPreview.stories.tsx[2m > [22m[2mCompact
[22m[39m[FilesContext] Vector store population triggered {
  "currentVectorStoreSize": 3,
  "documentsCount": 0,
  "filesCount": 6,
  "isInitialLoad": true,
}
[90mstdout[2m | src/components/ChatSidebar/ContentPreview.stories.tsx[2m > [22m[2mCompact
[22m[39m[FilesContext] Vector store population complete - 3 total embeddings
[90mstdout[2m | src/components/ChatSidebar/ContentPreview.stories.tsx[2m > [22m[2mCompact
[22m[39m[ChatContext] Chat exists and not archived, skipping creation
[90mstdout[2m | src/components/ChatSidebar/ContentPreview.stories.tsx[2m > [22m[2mCompact
[22m[39m[Mock Storage] downloadData called with: undefined
[90mstdout[2m | src/components/ChatSidebar/ContentPreview.stories.tsx[2m > [22m[2mNo Actions
[22m[39m[ChatContext] Cleaning up subscriptions
[90mstdout[2m | src/components/ChatSidebar/ContentPreview.stories.tsx[2m > [22m[2mNo Actions
[22m[39m[Mock Data] Unit.onUpdate() subscription removed. Remaining: 0
[90mstdout[2m | src/components/ChatSidebar/ContentPreview.stories.tsx[2m > [22m[2mNo Actions
[22m[39m[MOCK CourseVectorStore] Initialized with mock data
[90mstdout[2m | src/components/ChatSidebar/ContentPreview.stories.tsx[2m > [22m[2mNo Actions
[22m[39m[TranslationModeController] Setting mode to: off
[90mstdout[2m | src/components/ChatSidebar/ContentPreview.stories.tsx[2m > [22m[2mNo Actions
[22m[39m[UnitContext] useEffect triggered {
  "authLoading": false,
  "hasUser": true,
  "id": "mock-unit-id",
  "userSub": "mock-user-sub",
}
[90mstdout[2m | src/components/ChatSidebar/ContentPreview.stories.tsx[2m > [22m[2mNo Actions
[22m[39m[UnitContext] Fetching unit data for id: mock-unit-id
[90mstdout[2m | src/components/ChatSidebar/ContentPreview.stories.tsx[2m > [22m[2mNo Actions
[22m[39m[FilesContext] Initializing vector store from IndexedDB
[90mstdout[2m | src/components/ChatSidebar/ContentPreview.stories.tsx[2m > [22m[2mNo Actions
[22m[39m[FilesContext] fetchFiles called
[90mstdout[2m | src/components/ChatSidebar/ContentPreview.stories.tsx[2m > [22m[2mNo Actions
[22m[39m[FilesContext] User authenticated: mock-user-sub
[90mstdout[2m | src/components/ChatSidebar/ContentPreview.stories.tsx[2m > [22m[2mNo Actions
[22m[39m[FilesContext] Identity ID: us-east-1:mock-identity-123
[90mstdout[2m | src/components/ChatSidebar/ContentPreview.stories.tsx[2m > [22m[2mNo Actions
[22m[39m[FilesContext] About to set up File observeQuery
[90mstdout[2m | src/components/ChatSidebar/ContentPreview.stories.tsx[2m > [22m[2mNo Actions
[22m[39m[ChatContext] Setting up AssistantChat observeQuery
[90mstdout[2m | src/components/ChatSidebar/ContentPreview.stories.tsx[2m > [22m[2mNo Actions
[22m[39m[ChatContext] Waiting for subscription to initialize
[90mstdout[2m | src/components/ChatSidebar/ContentPreview.stories.tsx[2m > [22m[2mNo Actions
[22m[39m[SettingsContext] Setting up Settings subscription for user: mock-user-sub
[90mstdout[2m | src/components/ChatSidebar/ContentPreview.stories.tsx[2m > [22m[2mNo Actions
[22m[39m[Mock Data] Settings created: mock-settings-1790416653754 - notified 0 subscribers
[90mstdout[2m | src/components/ChatSidebar/ContentPreview.stories.tsx[2m > [22m[2mNo Actions
[22m[39m[Mock Data] Unit.onUpdate() subscription added. Total: 1
[90mstdout[2m | src/components/ChatSidebar/ContentPreview.stories.tsx[2m > [22m[2mNo Actions
[22m[39m[SectionContext] Section observeQuery update: 0
[90mstdout[2m | src/components/ChatSidebar/ContentPreview.stories.tsx[2m > [22m[2mNo Actions
[22m[39m[FilesContext] File observeQuery update: 6 files
[90mstdout[2m | src/components/ChatSidebar/ContentPreview.stories.tsx[2m > [22m[2mNo Actions
[22m[39m[ChatContext] AssistantChat initialized with 1 chats
[90mstdout[2m | src/components/ChatSidebar/ContentPreview.stories.tsx[2m > [22m[2mNo Actions
[22m[39m[ChatContext] Setting initial chat: mock-assistant-chat-1
[90mstdout[2m | src/components/ChatSidebar/ContentPreview.stories.tsx[2m > [22m[2mNo Actions
[22m[39m[MOCK CourseVectorStore] Initialized with mock data
[90mstdout[2m | src/components/ChatSidebar/ContentPreview.stories.tsx[2m > [22m[2mNo Actions
[22m[39m[FilesContext] Vector store population triggered {
  "currentVectorStoreSize": 3,
  "documentsCount": 0,
  "filesCount": 6,
  "isInitialLoad": true,
}
[90mstdout[2m | src/components/ChatSidebar/ContentPreview.stories.tsx[2m > [22m[2mNo Actions
[22m[39m[FilesContext] Vector store population complete - 3 total embeddings
[90mstdout[2m | src/components/ChatSidebar/ContentPreview.stories.tsx[2m > [22m[2mNo Actions
[22m[39m[ChatContext] Chat exists and not archived, skipping creation
[90mstdout[2m | src/components/ChatSidebar/ContentPreview.stories.tsx[2m > [22m[2mNo Actions
[22m[39m[Mock Storage] downloadData called with: undefined
[90mstdout[2m | src/components/ChatSidebar/ContentPreview.stories.tsx[2m > [22m[2mHTML Format
[22m[39m[ChatContext] Cleaning up subscriptions
[90mstdout[2m | src/components/ChatSidebar/ContentPreview.stories.tsx[2m > [22m[2mHTML Format
[22m[39m[Mock Data] Unit.onUpdate() subscription removed. Remaining: 0
[90mstdout[2m | src/components/ChatSidebar/ContentPreview.stories.tsx[2m > [22m[2mHTML Format
[22m[39m[MOCK CourseVectorStore] Initialized with mock data
[90mstdout[2m | src/components/ChatSidebar/ContentPreview.stories.tsx[2m > [22m[2mHTML Format
[22m[39m[TranslationModeController] Setting mode to: off
[90mstdout[2m | src/components/ChatSidebar/ContentPreview.stories.tsx[2m > [22m[2mHTML Format
[22m[39m[UnitContext] useEffect triggered {
  "authLoading": false,
  "hasUser": true,
  "id": "mock-unit-id",
  "userSub": "mock-user-sub",
}
[90mstdout[2m | src/components/ChatSidebar/ContentPreview.stories.tsx[2m > [22m[2mHTML Format
[22m[39m[UnitContext] Fetching unit data for id: mock-unit-id
[90mstdout[2m | src/components/ChatSidebar/ContentPreview.stories.tsx[2m > [22m[2mHTML Format
[22m[39m[FilesContext] Initializing vector store from IndexedDB
[90mstdout[2m | src/components/ChatSidebar/ContentPreview.stories.tsx[2m > [22m[2mHTML Format
[22m[39m[FilesContext] fetchFiles called
[90mstdout[2m | src/components/ChatSidebar/ContentPreview.stories.tsx[2m > [22m[2mHTML Format
[22m[39m[FilesContext] User authenticated: mock-user-sub
[90mstdout[2m | src/components/ChatSidebar/ContentPreview.stories.tsx[2m > [22m[2mHTML Format
[22m[39m[FilesContext] Identity ID: us-east-1:mock-identity-123
[90mstdout[2m | src/components/ChatSidebar/ContentPreview.stories.tsx[2m > [22m[2mHTML Format
[22m[39m[FilesContext] About to set up File observeQuery
[90mstdout[2m | src/components/ChatSidebar/ContentPreview.stories.tsx[2m > [22m[2mHTML Format
[22m[39m[ChatContext] Setting up AssistantChat observeQuery
[90mstdout[2m | src/components/ChatSidebar/ContentPreview.stories.tsx[2m > [22m[2mHTML Format
[22m[39m[ChatContext] Waiting for subscription to initialize
[90mstdout[2m | src/components/ChatSidebar/ContentPreview.stories.tsx[2m > [22m[2mHTML Format
[22m[39m[SettingsContext] Setting up Settings subscription for user: mock-user-sub
[90mstdout[2m | src/components/ChatSidebar/ContentPreview.stories.tsx[2m > [22m[2mHTML Format
[22m[39m[Mock Data] Settings created: mock-settings-1790416653890 - notified 0 subscribers
[90mstdout[2m | src/components/ChatSidebar/ContentPreview.stories.tsx[2m > [22m[2mHTML Format
[22m[39m[Mock Data] Unit.onUpdate() subscription added. Total: 1
[90mstdout[2m | src/components/ChatSidebar/ContentPreview.stories.tsx[2m > [22m[2mHTML Format
[22m[39m[SectionContext] Section observeQuery update: 0
[90mstdout[2m | src/components/ChatSidebar/ContentPreview.stories.tsx[2m > [22m[2mHTML Format
[22m[39m[FilesContext] File observeQuery update: 6 files
[90mstdout[2m | src/components/ChatSidebar/ContentPreview.stories.tsx[2m > [22m[2mHTML Format
[22m[39m[ChatContext] AssistantChat initialized with 1 chats
[90mstdout[2m | src/components/ChatSidebar/ContentPreview.stories.tsx[2m > [22m[2mHTML Format
[22m[39m[ChatContext] Setting initial chat: mock-assistant-chat-1
[90mstdout[2m | src/components/ChatSidebar/ContentPreview.stories.tsx[2m > [22m[2mHTML Format
[22m[39m[MOCK CourseVectorStore] Initialized with mock data
[90mstdout[2m | src/components/ChatSidebar/ContentPreview.stories.tsx[2m > [22m[2mHTML Format
[22m[39m[FilesContext] Vector store population triggered {
  "currentVectorStoreSize": 3,
  "documentsCount": 0,
  "filesCount": 6,
  "isInitialLoad": true,
}
[90mstdout[2m | src/components/ChatSidebar/ContentPreview.stories.tsx[2m > [22m[2mHTML Format
[22m[39m[FilesContext] Vector store population complete - 3 total embeddings
[90mstdout[2m | src/components/ChatSidebar/ContentPreview.stories.tsx[2m > [22m[2mHTML Format
[22m[39m[ChatContext] Chat exists and not archived, skipping creation
[90mstdout[2m | src/components/ChatSidebar/ContentPreview.stories.tsx[2m > [22m[2mHTML Format
[22m[39m[Mock Storage] downloadData called with: undefined
[90mstdout[2m | src/components/ChatSidebar/ContentPreview.stories.tsx[2m > [22m[2mLong Content
[22m[39m[ChatContext] Cleaning up subscriptions
[90mstdout[2m | src/components/ChatSidebar/ContentPreview.stories.tsx[2m > [22m[2mLong Content
[22m[39m[Mock Data] Unit.onUpdate() subscription removed. Remaining: 0
[90mstdout[2m | src/components/ChatSidebar/ContentPreview.stories.tsx[2m > [22m[2mLong Content
[22m[39m[MOCK CourseVectorStore] Initialized with mock data
[90mstdout[2m | src/components/ChatSidebar/ContentPreview.stories.tsx[2m > [22m[2mLong Content
[22m[39m[TranslationModeController] Setting mode to: off
[90mstdout[2m | src/components/ChatSidebar/ContentPreview.stories.tsx[2m > [22m[2mLong Content
[22m[39m[UnitContext] useEffect triggered {
  "authLoading": false,
  "hasUser": true,
  "id": "mock-unit-id",
  "userSub": "mock-user-sub",
}
[90mstdout[2m | src/components/ChatSidebar/ContentPreview.stories.tsx[2m > [22m[2mLong Content
[22m[39m[UnitContext] Fetching unit data for id: mock-unit-id
[90mstdout[2m | src/components/ChatSidebar/ContentPreview.stories.tsx[2m > [22m[2mLong Content
[22m[39m[FilesContext] Initializing vector store from IndexedDB
[90mstdout[2m | src/components/ChatSidebar/ContentPreview.stories.tsx[2m > [22m[2mLong Content
[22m[39m[FilesContext] fetchFiles called
[90mstdout[2m | src/components/ChatSidebar/ContentPreview.stories.tsx[2m > [22m[2mLong Content
[22m[39m[FilesContext] User authenticated: mock-user-sub
[90mstdout[2m | src/components/ChatSidebar/ContentPreview.stories.tsx[2m > [22m[2mLong Content
[22m[39m[FilesContext] Identity ID: us-east-1:mock-identity-123
[90mstdout[2m | src/components/ChatSidebar/ContentPreview.stories.tsx[2m > [22m[2mLong Content
[22m[39m[FilesContext] About to set up File observeQuery
[90mstdout[2m | src/components/ChatSidebar/ContentPreview.stories.tsx[2m > [22m[2mLong Content
[22m[39m[ChatContext] Setting up AssistantChat observeQuery
[90mstdout[2m | src/components/ChatSidebar/ContentPreview.stories.tsx[2m > [22m[2mLong Content
[22m[39m[ChatContext] Waiting for subscription to initialize
[90mstdout[2m | src/components/ChatSidebar/ContentPreview.stories.tsx[2m > [22m[2mLong Content
[22m[39m[SettingsContext] Setting up Settings subscription for user: mock-user-sub
[90mstdout[2m | src/components/ChatSidebar/ContentPreview.stories.tsx[2m > [22m[2mLong Content
[22m[39m[Mock Data] Settings created: mock-settings-1790416654026 - notified 0 subscribers
[90mstdout[2m | src/components/ChatSidebar/ContentPreview.stories.tsx[2m > [22m[2mLong Content
[22m[39m[Mock Data] Unit.onUpdate() subscription added. Total: 1
[90mstdout[2m | src/components/ChatSidebar/ContentPreview.stories.tsx[2m > [22m[2mLong Content
[22m[39m[SectionContext] Section observeQuery update: 0
[90mstdout[2m | src/components/ChatSidebar/ContentPreview.stories.tsx[2m > [22m[2mLong Content
[22m[39m[FilesContext] File observeQuery update: 6 files
[90mstdout[2m | src/components/ChatSidebar/ContentPreview.stories.tsx[2m > [22m[2mLong Content
[22m[39m[ChatContext] AssistantChat initialized with 1 chats
[90mstdout[2m | src/components/ChatSidebar/ContentPreview.stories.tsx[2m > [22m[2mLong Content
[22m[39m[ChatContext] Setting initial chat: mock-assistant-chat-1
[90mstdout[2m | src/components/ChatSidebar/ContentPreview.stories.tsx[2m > [22m[2mLong Content
[22m[39m[MOCK CourseVectorStore] Initialized with mock data
[90mstdout[2m | src/components/ChatSidebar/ContentPreview.stories.tsx[2m > [22m[2mLong Content
[22m[39m[FilesContext] Vector store population triggered {
  "currentVectorStoreSize": 3,
  "documentsCount": 0,
  "filesCount": 6,
  "isInitialLoad": true,
}
[90mstdout[2m | src/components/ChatSidebar/ContentPreview.stories.tsx[2m > [22m[2mLong Content
[22m[39m[FilesContext] Vector store population complete - 3 total embeddings
[90mstdout[2m | src/components/ChatSidebar/ContentPreview.stories.tsx[2m > [22m[2mLong Content
[22m[39m[ChatContext] Chat exists and not archived, skipping creation
[90mstdout[2m | src/components/ChatSidebar/ContentPreview.stories.tsx[2m > [22m[2mLong Content
[22m[39m[Mock Storage] downloadData called with: undefined
 [32m✓[39m [30m[45m storybook (chromium) [49m[39m src/components/ChatSidebar/ContentPreview.stories.tsx [2m([22m[2m5 tests[22m[2m)[22m[33m 817[2mms[22m[39m
[90mstdout[2m | unknown test
[22m[39m[MOCK vectorStoreDB.js] Module loaded - mock IndexedDB operations
[90mstdout[2m | unknown test
[22m[39m[Task Completion] DOM action listeners initialized
[90mstdout[2m | unknown test
[22m[39m[Task Completion] Auto-completion detector initialized
[90mstdout[2m | unknown test
[22m[39m[Preview] Task completion detector initialized
[90mstdout[2m | src/components/Section/AccommodationsDialog.stories.jsx[2m > [22m[2mEmpty
[22m[39m[MOCK CourseVectorStore] Initialized with mock data
[90mstdout[2m | src/components/Section/AccommodationsDialog.stories.jsx[2m > [22m[2mEmpty
[22m[39m[TranslationModeController] Setting mode to: off
[90mstdout[2m | src/components/Section/AccommodationsDialog.stories.jsx[2m > [22m[2mEmpty
[22m[39m[UnitContext] useEffect triggered {
  "authLoading": false,
  "hasUser": true,
  "id": "mock-unit-id",
  "userSub": "mock-user-sub",
}
[90mstdout[2m | src/components/Section/AccommodationsDialog.stories.jsx[2m > [22m[2mEmpty
[22m[39m[UnitContext] Fetching unit data for id: mock-unit-id
[90mstdout[2m | src/components/Section/AccommodationsDialog.stories.jsx[2m > [22m[2mEmpty
[22m[39m[FilesContext] Initializing vector store from IndexedDB
[90mstdout[2m | src/components/Section/AccommodationsDialog.stories.jsx[2m > [22m[2mEmpty
[22m[39m[FilesContext] fetchFiles called
[90mstdout[2m | src/components/Section/AccommodationsDialog.stories.jsx[2m > [22m[2mEmpty
[22m[39m[FilesContext] User authenticated: mock-user-sub
[90mstdout[2m | src/components/Section/AccommodationsDialog.stories.jsx[2m > [22m[2mEmpty
[22m[39m[FilesContext] Identity ID: us-east-1:mock-identity-123
[90mstdout[2m | src/components/Section/AccommodationsDialog.stories.jsx[2m > [22m[2mEmpty
[22m[39m[FilesContext] About to set up File observeQuery
[90mstdout[2m | src/components/Section/AccommodationsDialog.stories.jsx[2m > [22m[2mEmpty
[22m[39m[ChatContext] Setting up AssistantChat observeQuery
[90mstdout[2m | src/components/Section/AccommodationsDialog.stories.jsx[2m > [22m[2mEmpty
[22m[39m[ChatContext] Waiting for subscription to initialize
[90mstdout[2m | src/components/Section/AccommodationsDialog.stories.jsx[2m > [22m[2mEmpty
[22m[39m[SettingsContext] Setting up Settings subscription for user: mock-user-sub
[90mstdout[2m | src/components/Section/AccommodationsDialog.stories.jsx[2m > [22m[2mEmpty
[22m[39m[Mock Data] Settings created: mock-settings-1790416654775 - notified 0 subscribers
[90mstdout[2m | src/components/Section/AccommodationsDialog.stories.jsx[2m > [22m[2mEmpty
[22m[39m[Mock Data] Unit.onUpdate() subscription added. Total: 1
[90mstdout[2m | src/components/Section/AccommodationsDialog.stories.jsx[2m > [22m[2mEmpty
[22m[39m[SectionContext] Section observeQuery update: 0
[90mstdout[2m | src/components/Section/AccommodationsDialog.stories.jsx[2m > [22m[2mEmpty
[22m[39m[FilesContext] File observeQuery update: 6 files
[90mstdout[2m | src/components/Section/AccommodationsDialog.stories.jsx[2m > [22m[2mEmpty
[22m[39m[ChatContext] AssistantChat initialized with 1 chats
[90mstdout[2m | src/components/Section/AccommodationsDialog.stories.jsx[2m > [22m[2mEmpty
[22m[39m[ChatContext] Setting initial chat: mock-assistant-chat-1
[90mstdout[2m | src/components/Section/AccommodationsDialog.stories.jsx[2m > [22m[2mEmpty
[22m[39m[MOCK CourseVectorStore] Initialized with mock data
[90mstdout[2m | src/components/Section/AccommodationsDialog.stories.jsx[2m > [22m[2mEmpty
[22m[39m[FilesContext] Vector store population triggered {
  "currentVectorStoreSize": 3,
  "documentsCount": 0,
  "filesCount": 6,
  "isInitialLoad": true,
}
[90mstdout[2m | src/components/Section/AccommodationsDialog.stories.jsx[2m > [22m[2mEmpty
[22m[39m[FilesContext] Vector store population complete - 3 total embeddings
[90mstdout[2m | src/components/Section/AccommodationsDialog.stories.jsx[2m > [22m[2mEmpty
[22m[39m[ChatContext] Chat exists and not archived, skipping creation
[90mstdout[2m | src/components/Section/AccommodationsDialog.stories.jsx[2m > [22m[2mEmpty
[22m[39m[Mock Storage] downloadData called with: undefined
[90mstdout[2m | src/components/Section/AccommodationsDialog.stories.jsx[2m > [22m[2mWith Existing Accommodations
[22m[39m[ChatContext] Cleaning up subscriptions
[90mstdout[2m | src/components/Section/AccommodationsDialog.stories.jsx[2m > [22m[2mWith Existing Accommodations
[22m[39m[Mock Data] Unit.onUpdate() subscription removed. Remaining: 0
[90mstdout[2m | src/components/Section/AccommodationsDialog.stories.jsx[2m > [22m[2mWith Existing Accommodations
[22m[39m[MOCK CourseVectorStore] Initialized with mock data
[90mstdout[2m | src/components/Section/AccommodationsDialog.stories.jsx[2m > [22m[2mWith Existing Accommodations
[22m[39m[TranslationModeController] Setting mode to: off
[90mstdout[2m | src/components/Section/AccommodationsDialog.stories.jsx[2m > [22m[2mWith Existing Accommodations
[22m[39m[UnitContext] useEffect triggered {
  "authLoading": false,
  "hasUser": true,
  "id": "mock-unit-id",
  "userSub": "mock-user-sub",
}
[90mstdout[2m | src/components/Section/AccommodationsDialog.stories.jsx[2m > [22m[2mWith Existing Accommodations
[22m[39m[UnitContext] Fetching unit data for id: mock-unit-id
[90mstdout[2m | src/components/Section/AccommodationsDialog.stories.jsx[2m > [22m[2mWith Existing Accommodations
[22m[39m[FilesContext] Initializing vector store from IndexedDB
[90mstdout[2m | src/components/Section/AccommodationsDialog.stories.jsx[2m > [22m[2mWith Existing Accommodations
[22m[39m[FilesContext] fetchFiles called
[90mstdout[2m | src/components/Section/AccommodationsDialog.stories.jsx[2m > [22m[2mWith Existing Accommodations
[22m[39m[FilesContext] User authenticated: mock-user-sub
[90mstdout[2m | src/components/Section/AccommodationsDialog.stories.jsx[2m > [22m[2mWith Existing Accommodations
[22m[39m[FilesContext] Identity ID: us-east-1:mock-identity-123
[90mstdout[2m | src/components/Section/AccommodationsDialog.stories.jsx[2m > [22m[2mWith Existing Accommodations
[22m[39m[FilesContext] About to set up File observeQuery
[90mstdout[2m | src/components/Section/AccommodationsDialog.stories.jsx[2m > [22m[2mWith Existing Accommodations
[22m[39m[ChatContext] Setting up AssistantChat observeQuery
[90mstdout[2m | src/components/Section/AccommodationsDialog.stories.jsx[2m > [22m[2mWith Existing Accommodations
[22m[39m[ChatContext] Waiting for subscription to initialize
[90mstdout[2m | src/components/Section/AccommodationsDialog.stories.jsx[2m > [22m[2mWith Existing Accommodations
[22m[39m[SettingsContext] Setting up Settings subscription for user: mock-user-sub
[90mstdout[2m | src/components/Section/AccommodationsDialog.stories.jsx[2m > [22m[2mWith Existing Accommodations
[22m[39m[Mock Data] Settings created: mock-settings-1790416655064 - notified 0 subscribers
[90mstdout[2m | src/components/Section/AccommodationsDialog.stories.jsx[2m > [22m[2mWith Existing Accommodations
[22m[39m[Mock Data] Unit.onUpdate() subscription added. Total: 1
[90mstdout[2m | src/components/Section/AccommodationsDialog.stories.jsx[2m > [22m[2mWith Existing Accommodations
[22m[39m[SectionContext] Section observeQuery update: 0
[90mstdout[2m | src/components/Section/AccommodationsDialog.stories.jsx[2m > [22m[2mWith Existing Accommodations
[22m[39m[FilesContext] File observeQuery update: 6 files
[90mstdout[2m | src/components/Section/AccommodationsDialog.stories.jsx[2m > [22m[2mWith Existing Accommodations
[22m[39m[ChatContext] AssistantChat initialized with 1 chats
[90mstdout[2m | src/components/Section/AccommodationsDialog.stories.jsx[2m > [22m[2mWith Existing Accommodations
[22m[39m[ChatContext] Setting initial chat: mock-assistant-chat-1
[90mstdout[2m | src/components/Section/AccommodationsDialog.stories.jsx[2m > [22m[2mWith Existing Accommodations
[22m[39m[MOCK CourseVectorStore] Initialized with mock data
[90mstdout[2m | src/components/Section/AccommodationsDialog.stories.jsx[2m > [22m[2mWith Existing Accommodations
[22m[39m[FilesContext] Vector store population triggered {
  "currentVectorStoreSize": 3,
  "documentsCount": 0,
  "filesCount": 6,
  "isInitialLoad": true,
}
[90mstdout[2m | src/components/Section/AccommodationsDialog.stories.jsx[2m > [22m[2mWith Existing Accommodations
[22m[39m[FilesContext] Vector store population complete - 3 total embeddings
[90mstdout[2m | src/components/Section/AccommodationsDialog.stories.jsx[2m > [22m[2mWith Existing Accommodations
[22m[39m[ChatContext] Chat exists and not archived, skipping creation
[90mstdout[2m | src/components/Section/AccommodationsDialog.stories.jsx[2m > [22m[2mWith Existing Accommodations
[22m[39m[Mock Storage] downloadData called with: undefined
[90mstdout[2m | src/components/Section/AccommodationsDialog.stories.jsx[2m > [22m[2mNo Students
[22m[39m[ChatContext] Cleaning up subscriptions
[90mstdout[2m | src/components/Section/AccommodationsDialog.stories.jsx[2m > [22m[2mNo Students
[22m[39m[Mock Data] Unit.onUpdate() subscription removed. Remaining: 0
[90mstdout[2m | src/components/Section/AccommodationsDialog.stories.jsx[2m > [22m[2mNo Students
[22m[39m[MOCK CourseVectorStore] Initialized with mock data
[90mstdout[2m | src/components/Section/AccommodationsDialog.stories.jsx[2m > [22m[2mNo Students
[22m[39m[TranslationModeController] Setting mode to: off
[90mstdout[2m | src/components/Section/AccommodationsDialog.stories.jsx[2m > [22m[2mNo Students
[22m[39m[UnitContext] useEffect triggered {
  "authLoading": false,
  "hasUser": true,
  "id": "mock-unit-id",
  "userSub": "mock-user-sub",
}
[90mstdout[2m | src/components/Section/AccommodationsDialog.stories.jsx[2m > [22m[2mNo Students
[22m[39m[UnitContext] Fetching unit data for id: mock-unit-id
[90mstdout[2m | src/components/Section/AccommodationsDialog.stories.jsx[2m > [22m[2mNo Students
[22m[39m[FilesContext] Initializing vector store from IndexedDB
[90mstdout[2m | src/components/Section/AccommodationsDialog.stories.jsx[2m > [22m[2mNo Students
[22m[39m[FilesContext] fetchFiles called
[90mstdout[2m | src/components/Section/AccommodationsDialog.stories.jsx[2m > [22m[2mNo Students
[22m[39m[FilesContext] User authenticated: mock-user-sub
[90mstdout[2m | src/components/Section/AccommodationsDialog.stories.jsx[2m > [22m[2mNo Students
[22m[39m[FilesContext] Identity ID: us-east-1:mock-identity-123
[90mstdout[2m | src/components/Section/AccommodationsDialog.stories.jsx[2m > [22m[2mNo Students
[22m[39m[FilesContext] About to set up File observeQuery
[90mstdout[2m | src/components/Section/AccommodationsDialog.stories.jsx[2m > [22m[2mNo Students
[22m[39m[ChatContext] Setting up AssistantChat observeQuery
[90mstdout[2m | src/components/Section/AccommodationsDialog.stories.jsx[2m > [22m[2mNo Students
[22m[39m[ChatContext] Waiting for subscription to initialize
[90mstdout[2m | src/components/Section/AccommodationsDialog.stories.jsx[2m > [22m[2mNo Students
[22m[39m[SettingsContext] Setting up Settings subscription for user: mock-user-sub
[90mstdout[2m | src/components/Section/AccommodationsDialog.stories.jsx[2m > [22m[2mNo Students
[22m[39m[Mock Data] Settings created: mock-settings-1790416655240 - notified 0 subscribers
[90mstdout[2m | src/components/Section/AccommodationsDialog.stories.jsx[2m > [22m[2mNo Students
[22m[39m[Mock Data] Unit.onUpdate() subscription added. Total: 1
[90mstdout[2m | src/components/Section/AccommodationsDialog.stories.jsx[2m > [22m[2mNo Students
[22m[39m[SectionContext] Section observeQuery update: 0
[90mstdout[2m | src/components/Section/AccommodationsDialog.stories.jsx[2m > [22m[2mNo Students
[22m[39m[FilesContext] File observeQuery update: 6 files
[90mstdout[2m | src/components/Section/AccommodationsDialog.stories.jsx[2m > [22m[2mNo Students
[22m[39m[ChatContext] AssistantChat initialized with 1 chats
[90mstdout[2m | src/components/Section/AccommodationsDialog.stories.jsx[2m > [22m[2mNo Students
[22m[39m[ChatContext] Setting initial chat: mock-assistant-chat-1
[90mstdout[2m | src/components/Section/AccommodationsDialog.stories.jsx[2m > [22m[2mNo Students
[22m[39m[MOCK CourseVectorStore] Initialized with mock data
[90mstdout[2m | src/components/Section/AccommodationsDialog.stories.jsx[2m > [22m[2mNo Students
[22m[39m[FilesContext] Vector store population triggered {
  "currentVectorStoreSize": 3,
  "documentsCount": 0,
  "filesCount": 6,
  "isInitialLoad": true,
}
[90mstdout[2m | src/components/Section/AccommodationsDialog.stories.jsx[2m > [22m[2mNo Students
[22m[39m[FilesContext] Vector store population complete - 3 total embeddings
[90mstdout[2m | src/components/Section/AccommodationsDialog.stories.jsx[2m > [22m[2mNo Students
[22m[39m[ChatContext] Chat exists and not archived, skipping creation
[90mstdout[2m | src/components/Section/AccommodationsDialog.stories.jsx[2m > [22m[2mNo Students
[22m[39m[Mock Storage] downloadData called with: undefined
 [32m✓[39m [30m[45m storybook (chromium) [49m[39m src/components/Section/AccommodationsDialog.stories.jsx [2m([22m[2m3 tests[22m[2m)[22m[33m 690[2mms[22m[39m
   [33m[2m✓[22m[39m Empty [33m 307[2mms[22m[39m
[90mstdout[2m | unknown test
[22m[39m[MOCK vectorStoreDB.js] Module loaded - mock IndexedDB operations
[90mstdout[2m | unknown test
[22m[39m[Task Completion] DOM action listeners initialized
[90mstdout[2m | unknown test
[22m[39m[Task Completion] Auto-completion detector initialized
[90mstdout[2m | unknown test
[22m[39m[Preview] Task completion detector initialized
[90mstdout[2m | .storybook/docs/Introduction.stories.tsx[2m > [22m[2mOverview
[22m[39m[MOCK CourseVectorStore] Initialized with mock data
[90mstdout[2m | .storybook/docs/Introduction.stories.tsx[2m > [22m[2mOverview
[22m[39m[TranslationModeController] Setting mode to: off
[90mstdout[2m | .storybook/docs/Introduction.stories.tsx[2m > [22m[2mOverview
[22m[39m[UnitContext] useEffect triggered {
  "authLoading": false,
  "hasUser": true,
  "id": "mock-unit-id",
  "userSub": "mock-user-sub",
}
[90mstdout[2m | .storybook/docs/Introduction.stories.tsx[2m > [22m[2mOverview
[22m[39m[UnitContext] Fetching unit data for id: mock-unit-id
[90mstdout[2m | .storybook/docs/Introduction.stories.tsx[2m > [22m[2mOverview
[22m[39m[FilesContext] Initializing vector store from IndexedDB
[90mstdout[2m | .storybook/docs/Introduction.stories.tsx[2m > [22m[2mOverview
[22m[39m[FilesContext] fetchFiles called
[90mstdout[2m | .storybook/docs/Introduction.stories.tsx[2m > [22m[2mOverview
[22m[39m[FilesContext] User authenticated: mock-user-sub
[90mstdout[2m | .storybook/docs/Introduction.stories.tsx[2m > [22m[2mOverview
[22m[39m[FilesContext] Identity ID: us-east-1:mock-identity-123
[90mstdout[2m | .storybook/docs/Introduction.stories.tsx[2m > [22m[2mOverview
[22m[39m[FilesContext] About to set up File observeQuery
[90mstdout[2m | .storybook/docs/Introduction.stories.tsx[2m > [22m[2mOverview
[22m[39m[ChatContext] Setting up AssistantChat observeQuery
[90mstdout[2m | .storybook/docs/Introduction.stories.tsx[2m > [22m[2mOverview
[22m[39m[ChatContext] Waiting for subscription to initialize
[90mstdout[2m | .storybook/docs/Introduction.stories.tsx[2m > [22m[2mOverview
[22m[39m[SettingsContext] Setting up Settings subscription for user: mock-user-sub
[90mstdout[2m | .storybook/docs/Introduction.stories.tsx[2m > [22m[2mOverview
[22m[39m[Mock Data] Settings created: mock-settings-1790416655989 - notified 0 subscribers
[90mstdout[2m | .storybook/docs/Introduction.stories.tsx[2m > [22m[2mOverview
[22m[39m[Mock Data] Unit.onUpdate() subscription added. Total: 1
[90mstdout[2m | .storybook/docs/Introduction.stories.tsx[2m > [22m[2mOverview
[22m[39m[SectionContext] Section observeQuery update: 0
[90mstdout[2m | .storybook/docs/Introduction.stories.tsx[2m > [22m[2mOverview
[22m[39m[FilesContext] File observeQuery update: 6 files
[90mstdout[2m | .storybook/docs/Introduction.stories.tsx[2m > [22m[2mOverview
[22m[39m[ChatContext] AssistantChat initialized with 1 chats
[90mstdout[2m | .storybook/docs/Introduction.stories.tsx[2m > [22m[2mOverview
[22m[39m[ChatContext] Setting initial chat: mock-assistant-chat-1
[90mstdout[2m | .storybook/docs/Introduction.stories.tsx[2m > [22m[2mOverview
[22m[39m[MOCK CourseVectorStore] Initialized with mock data
[90mstdout[2m | .storybook/docs/Introduction.stories.tsx[2m > [22m[2mOverview
[22m[39m[FilesContext] Vector store population triggered {
  "currentVectorStoreSize": 3,
  "documentsCount": 0,
  "filesCount": 6,
  "isInitialLoad": true,
}
[90mstdout[2m | .storybook/docs/Introduction.stories.tsx[2m > [22m[2mOverview
[22m[39m[FilesContext] Vector store population complete - 3 total embeddings
[90mstdout[2m | .storybook/docs/Introduction.stories.tsx[2m > [22m[2mOverview
[22m[39m[ChatContext] Chat exists and not archived, skipping creation
[90mstdout[2m | .storybook/docs/Introduction.stories.tsx[2m > [22m[2mOverview
[22m[39m[Mock Storage] downloadData called with: undefined
 [32m✓[39m [30m[45m storybook (chromium) [49m[39m .storybook/docs/Introduction.stories.tsx [2m([22m[2m1 test[22m[2m)[22m[32m 223[2mms[22m[39m
[90mstdout[2m | unknown test
[22m[39m[MOCK vectorStoreDB.js] Module loaded - mock IndexedDB operations
[90mstdout[2m | unknown test
[22m[39m[Task Completion] DOM action listeners initialized
[90mstdout[2m | unknown test
[22m[39m[Task Completion] Auto-completion detector initialized
[90mstdout[2m | unknown test
[22m[39m[Preview] Task completion detector initialized
[90mstdout[2m | .storybook/components/SpotlightOverlay.stories.tsx[2m > [22m[2mTutorial Mode
[22m[39m[MOCK CourseVectorStore] Initialized with mock data
[90mstdout[2m | .storybook/components/SpotlightOverlay.stories.tsx[2m > [22m[2mTutorial Mode
[22m[39m[TranslationModeController] Setting mode to: off
[90mstdout[2m | .storybook/components/SpotlightOverlay.stories.tsx[2m > [22m[2mTutorial Mode
[22m[39m[UnitContext] useEffect triggered {
  "authLoading": false,
  "hasUser": true,
  "id": "mock-unit-id",
  "userSub": "mock-user-sub",
}
[90mstdout[2m | .storybook/components/SpotlightOverlay.stories.tsx[2m > [22m[2mTutorial Mode
[22m[39m[UnitContext] Fetching unit data for id: mock-unit-id
[90mstdout[2m | .storybook/components/SpotlightOverlay.stories.tsx[2m > [22m[2mTutorial Mode
[22m[39m[FilesContext] Initializing vector store from IndexedDB
[90mstdout[2m | .storybook/components/SpotlightOverlay.stories.tsx[2m > [22m[2mTutorial Mode
[22m[39m[FilesContext] fetchFiles called
[90mstdout[2m | .storybook/components/SpotlightOverlay.stories.tsx[2m > [22m[2mTutorial Mode
[22m[39m[FilesContext] User authenticated: mock-user-sub
[90mstdout[2m | .storybook/components/SpotlightOverlay.stories.tsx[2m > [22m[2mTutorial Mode
[22m[39m[FilesContext] Identity ID: us-east-1:mock-identity-123
[90mstdout[2m | .storybook/components/SpotlightOverlay.stories.tsx[2m > [22m[2mTutorial Mode
[22m[39m[FilesContext] About to set up File observeQuery
[90mstdout[2m | .storybook/components/SpotlightOverlay.stories.tsx[2m > [22m[2mTutorial Mode
[22m[39m[ChatContext] Setting up AssistantChat observeQuery
[90mstdout[2m | .storybook/components/SpotlightOverlay.stories.tsx[2m > [22m[2mTutorial Mode
[22m[39m[ChatContext] Waiting for subscription to initialize
[90mstdout[2m | .storybook/components/SpotlightOverlay.stories.tsx[2m > [22m[2mTutorial Mode
[22m[39m[SettingsContext] Setting up Settings subscription for user: mock-user-sub
[90mstdout[2m | .storybook/components/SpotlightOverlay.stories.tsx[2m > [22m[2mTutorial Mode
[22m[39m[Mock Data] Settings created: mock-settings-1790416656768 - notified 0 subscribers
[90mstdout[2m | .storybook/components/SpotlightOverlay.stories.tsx[2m > [22m[2mTutorial Mode
[22m[39m[Mock Data] Unit.onUpdate() subscription added. Total: 1
[90mstdout[2m | .storybook/components/SpotlightOverlay.stories.tsx[2m > [22m[2mTutorial Mode
[22m[39m[SectionContext] Section observeQuery update: 0
[90mstdout[2m | .storybook/components/SpotlightOverlay.stories.tsx[2m > [22m[2mTutorial Mode
[22m[39m[FilesContext] File observeQuery update: 6 files
[90mstdout[2m | .storybook/components/SpotlightOverlay.stories.tsx[2m > [22m[2mTutorial Mode
[22m[39m[ChatContext] AssistantChat initialized with 1 chats
[90mstdout[2m | .storybook/components/SpotlightOverlay.stories.tsx[2m > [22m[2mTutorial Mode
[22m[39m[ChatContext] Setting initial chat: mock-assistant-chat-1
[90mstdout[2m | .storybook/components/SpotlightOverlay.stories.tsx[2m > [22m[2mTutorial Mode
[22m[39m[MOCK CourseVectorStore] Initialized with mock data
[90mstdout[2m | .storybook/components/SpotlightOverlay.stories.tsx[2m > [22m[2mTutorial Mode
[22m[39m[FilesContext] Vector store population triggered {
  "currentVectorStoreSize": 3,
  "documentsCount": 0,
  "filesCount": 6,
  "isInitialLoad": true,
}
[90mstdout[2m | .storybook/components/SpotlightOverlay.stories.tsx[2m > [22m[2mTutorial Mode
[22m[39m[FilesContext] Vector store population complete - 3 total embeddings
[90mstdout[2m | .storybook/components/SpotlightOverlay.stories.tsx[2m > [22m[2mTutorial Mode
[22m[39m[ChatContext] Chat exists and not archived, skipping creation
[90mstdout[2m | .storybook/components/SpotlightOverlay.stories.tsx[2m > [22m[2mTutorial Mode
[22m[39m[Mock Storage] downloadData called with: undefined
[90mstdout[2m | .storybook/components/SpotlightOverlay.stories.tsx[2m > [22m[2mQuiz Mode
[22m[39m[ChatContext] Cleaning up subscriptions
[90mstdout[2m | .storybook/components/SpotlightOverlay.stories.tsx[2m > [22m[2mQuiz Mode
[22m[39m[Mock Data] Unit.onUpdate() subscription removed. Remaining: 0
[90mstdout[2m | .storybook/components/SpotlightOverlay.stories.tsx[2m > [22m[2mQuiz Mode
[22m[39m[MOCK CourseVectorStore] Initialized with mock data
[90mstdout[2m | .storybook/components/SpotlightOverlay.stories.tsx[2m > [22m[2mQuiz Mode
[22m[39m[TranslationModeController] Setting mode to: off
[90mstdout[2m | .storybook/components/SpotlightOverlay.stories.tsx[2m > [22m[2mQuiz Mode
[22m[39m[UnitContext] useEffect triggered {
  "authLoading": false,
  "hasUser": true,
  "id": "mock-unit-id",
  "userSub": "mock-user-sub",
}
[90mstdout[2m | .storybook/components/SpotlightOverlay.stories.tsx[2m > [22m[2mQuiz Mode
[22m[39m[UnitContext] Fetching unit data for id: mock-unit-id
[90mstdout[2m | .storybook/components/SpotlightOverlay.stories.tsx[2m > [22m[2mQuiz Mode
[22m[39m[FilesContext] Initializing vector store from IndexedDB
[90mstdout[2m | .storybook/components/SpotlightOverlay.stories.tsx[2m > [22m[2mQuiz Mode
[22m[39m[FilesContext] fetchFiles called
[90mstdout[2m | .storybook/components/SpotlightOverlay.stories.tsx[2m > [22m[2mQuiz Mode
[22m[39m[FilesContext] User authenticated: mock-user-sub
[90mstdout[2m | .storybook/components/SpotlightOverlay.stories.tsx[2m > [22m[2mQuiz Mode
[22m[39m[FilesContext] Identity ID: us-east-1:mock-identity-123
[90mstdout[2m | .storybook/components/SpotlightOverlay.stories.tsx[2m > [22m[2mQuiz Mode
[22m[39m[FilesContext] About to set up File observeQuery
[90mstdout[2m | .storybook/components/SpotlightOverlay.stories.tsx[2m > [22m[2mQuiz Mode
[22m[39m[ChatContext] Setting up AssistantChat observeQuery
[90mstdout[2m | .storybook/components/SpotlightOverlay.stories.tsx[2m > [22m[2mQuiz Mode
[22m[39m[ChatContext] Waiting for subscription to initialize
[90mstdout[2m | .storybook/components/SpotlightOverlay.stories.tsx[2m > [22m[2mQuiz Mode
[22m[39m[SettingsContext] Setting up Settings subscription for user: mock-user-sub
[90mstdout[2m | .storybook/components/SpotlightOverlay.stories.tsx[2m > [22m[2mQuiz Mode
[22m[39m[Mock Data] Settings created: mock-settings-1790416656909 - notified 0 subscribers
[90mstdout[2m | .storybook/components/SpotlightOverlay.stories.tsx[2m > [22m[2mQuiz Mode
[22m[39m[Mock Data] Unit.onUpdate() subscription added. Total: 1
[90mstdout[2m | .storybook/components/SpotlightOverlay.stories.tsx[2m > [22m[2mQuiz Mode
[22m[39m[SectionContext] Section observeQuery update: 0
[90mstdout[2m | .storybook/components/SpotlightOverlay.stories.tsx[2m > [22m[2mQuiz Mode
[22m[39m[FilesContext] File observeQuery update: 6 files
[90mstdout[2m | .storybook/components/SpotlightOverlay.stories.tsx[2m > [22m[2mQuiz Mode
[22m[39m[ChatContext] AssistantChat initialized with 1 chats
[90mstdout[2m | .storybook/components/SpotlightOverlay.stories.tsx[2m > [22m[2mQuiz Mode
[22m[39m[ChatContext] Setting initial chat: mock-assistant-chat-1
[90mstdout[2m | .storybook/components/SpotlightOverlay.stories.tsx[2m > [22m[2mQuiz Mode
[22m[39m[Mock Storage] downloadData called with: undefined
[90mstdout[2m | .storybook/components/SpotlightOverlay.stories.tsx[2m > [22m[2mQuiz Mode
[22m[39m[MOCK CourseVectorStore] Initialized with mock data
[90mstdout[2m | .storybook/components/SpotlightOverlay.stories.tsx[2m > [22m[2mQuiz Mode
[22m[39m[FilesContext] Vector store population triggered {
  "currentVectorStoreSize": 3,
  "documentsCount": 0,
  "filesCount": 6,
  "isInitialLoad": true,
}
[90mstdout[2m | .storybook/components/SpotlightOverlay.stories.tsx[2m > [22m[2mQuiz Mode
[22m[39m[FilesContext] Vector store population complete - 3 total embeddings
[90mstdout[2m | .storybook/components/SpotlightOverlay.stories.tsx[2m > [22m[2mQuiz Mode
[22m[39m[ChatContext] Chat exists and not archived, skipping creation
[90mstdout[2m | .storybook/components/SpotlightOverlay.stories.tsx[2m > [22m[2mSingle Step
[22m[39m[ChatContext] Cleaning up subscriptions
[90mstdout[2m | .storybook/components/SpotlightOverlay.stories.tsx[2m > [22m[2mSingle Step
[22m[39m[Mock Data] Unit.onUpdate() subscription removed. Remaining: 0
[90mstdout[2m | .storybook/components/SpotlightOverlay.stories.tsx[2m > [22m[2mSingle Step
[22m[39m[MOCK CourseVectorStore] Initialized with mock data
[90mstdout[2m | .storybook/components/SpotlightOverlay.stories.tsx[2m > [22m[2mSingle Step
[22m[39m[SpotlightOverlay] Looking for selector: #start-tour-button in manager
[90mstdout[2m | .storybook/components/SpotlightOverlay.stories.tsx[2m > [22m[2mSingle Step
[22m[39m[SpotlightOverlay] Element found: true
[90mstdout[2m | .storybook/components/SpotlightOverlay.stories.tsx[2m > [22m[2mSingle Step
[22m[39m[SpotlightOverlay] Target rect (manager): {
  "height": 36.5,
  "left": 48,
  "top": 125.5,
  "width": 118.078125,
}
[90mstdout[2m | .storybook/components/SpotlightOverlay.stories.tsx[2m > [22m[2mSingle Step
[22m[39m[TranslationModeController] Setting mode to: off
[90mstdout[2m | .storybook/components/SpotlightOverlay.stories.tsx[2m > [22m[2mSingle Step
[22m[39m[UnitContext] useEffect triggered {
  "authLoading": false,
  "hasUser": true,
  "id": "mock-unit-id",
  "userSub": "mock-user-sub",
}
[90mstdout[2m | .storybook/components/SpotlightOverlay.stories.tsx[2m > [22m[2mSingle Step
[22m[39m[UnitContext] Fetching unit data for id: mock-unit-id
[90mstdout[2m | .storybook/components/SpotlightOverlay.stories.tsx[2m > [22m[2mSingle Step
[22m[39m[FilesContext] Initializing vector store from IndexedDB
[90mstdout[2m | .storybook/components/SpotlightOverlay.stories.tsx[2m > [22m[2mSingle Step
[22m[39m[FilesContext] fetchFiles called
[90mstdout[2m | .storybook/components/SpotlightOverlay.stories.tsx[2m > [22m[2mSingle Step
[22m[39m[FilesContext] User authenticated: mock-user-sub
[90mstdout[2m | .storybook/components/SpotlightOverlay.stories.tsx[2m > [22m[2mSingle Step
[22m[39m[FilesContext] Identity ID: us-east-1:mock-identity-123
[90mstdout[2m | .storybook/components/SpotlightOverlay.stories.tsx[2m > [22m[2mSingle Step
[22m[39m[FilesContext] About to set up File observeQuery
[90mstdout[2m | .storybook/components/SpotlightOverlay.stories.tsx[2m > [22m[2mSingle Step
[22m[39m[ChatContext] Setting up AssistantChat observeQuery
[90mstdout[2m | .storybook/components/SpotlightOverlay.stories.tsx[2m > [22m[2mSingle Step
[22m[39m[ChatContext] Waiting for subscription to initialize
[90mstdout[2m | .storybook/components/SpotlightOverlay.stories.tsx[2m > [22m[2mSingle Step
[22m[39m[SettingsContext] Setting up Settings subscription for user: mock-user-sub
[90mstdout[2m | .storybook/components/SpotlightOverlay.stories.tsx[2m > [22m[2mSingle Step
[22m[39m[Mock Data] Settings created: mock-settings-1790416657062 - notified 0 subscribers
[90mstdout[2m | .storybook/components/SpotlightOverlay.stories.tsx[2m > [22m[2mSingle Step
[22m[39m[Mock Data] Unit.onUpdate() subscription added. Total: 1
[90mstdout[2m | .storybook/components/SpotlightOverlay.stories.tsx[2m > [22m[2mSingle Step
[22m[39m[SectionContext] Section observeQuery update: 0
[90mstdout[2m | .storybook/components/SpotlightOverlay.stories.tsx[2m > [22m[2mSingle Step
[22m[39m[FilesContext] File observeQuery update: 6 files
[90mstdout[2m | .storybook/components/SpotlightOverlay.stories.tsx[2m > [22m[2mSingle Step
[22m[39m[ChatContext] AssistantChat initialized with 1 chats
[90mstdout[2m | .storybook/components/SpotlightOverlay.stories.tsx[2m > [22m[2mSingle Step
[22m[39m[ChatContext] Setting initial chat: mock-assistant-chat-1
[90mstdout[2m | .storybook/components/SpotlightOverlay.stories.tsx[2m > [22m[2mSingle Step
[22m[39m[MOCK CourseVectorStore] Initialized with mock data
[90mstdout[2m | .storybook/components/SpotlightOverlay.stories.tsx[2m > [22m[2mSingle Step
[22m[39m[FilesContext] Vector store population triggered {
  "currentVectorStoreSize": 3,
  "documentsCount": 0,
  "filesCount": 6,
  "isInitialLoad": true,
}
[90mstdout[2m | .storybook/components/SpotlightOverlay.stories.tsx[2m > [22m[2mSingle Step
[22m[39m[FilesContext] Vector store population complete - 3 total embeddings
[90mstdout[2m | .storybook/components/SpotlightOverlay.stories.tsx[2m > [22m[2mSingle Step
[22m[39m[ChatContext] Chat exists and not archived, skipping creation
[90mstdout[2m | .storybook/components/SpotlightOverlay.stories.tsx[2m > [22m[2mSingle Step
[22m[39m[Mock Storage] downloadData called with: undefined
[90mstdout[2m | .storybook/components/SpotlightOverlay.stories.tsx[2m > [22m[2mSingle Step
[22m[39m[SpotlightOverlay] ⏱️ Retry attempt after 100 ms
[90mstdout[2m | .storybook/components/SpotlightOverlay.stories.tsx[2m > [22m[2mSingle Step
[22m[39m[SpotlightOverlay] Looking for selector: #start-tour-button in manager
[90mstdout[2m | .storybook/components/SpotlightOverlay.stories.tsx[2m > [22m[2mSingle Step
[22m[39m[SpotlightOverlay] Element found: true
[90mstdout[2m | .storybook/components/SpotlightOverlay.stories.tsx[2m > [22m[2mSingle Step
[22m[39m[SpotlightOverlay] Target rect (manager): {
  "height": 36.5,
  "left": 48,
  "top": 125.5,
  "width": 118.078125,
}
[90mstdout[2m | .storybook/components/SpotlightOverlay.stories.tsx[2m > [22m[2mNo Target Element
[22m[39m[ChatContext] Cleaning up subscriptions
[90mstdout[2m | .storybook/components/SpotlightOverlay.stories.tsx[2m > [22m[2mNo Target Element
[22m[39m[Mock Data] Unit.onUpdate() subscription removed. Remaining: 0
[90mstdout[2m | .storybook/components/SpotlightOverlay.stories.tsx[2m > [22m[2mNo Target Element
[22m[39m[MOCK CourseVectorStore] Initialized with mock data
[90mstdout[2m | .storybook/components/SpotlightOverlay.stories.tsx[2m > [22m[2mNo Target Element
[22m[39m[SpotlightOverlay] No target selector or position, centering
[90mstdout[2m | .storybook/components/SpotlightOverlay.stories.tsx[2m > [22m[2mNo Target Element
[22m[39m[TranslationModeController] Setting mode to: off
[90mstdout[2m | .storybook/components/SpotlightOverlay.stories.tsx[2m > [22m[2mNo Target Element
[22m[39m[UnitContext] useEffect triggered {
  "authLoading": false,
  "hasUser": true,
  "id": "mock-unit-id",
  "userSub": "mock-user-sub",
}
[90mstdout[2m | .storybook/components/SpotlightOverlay.stories.tsx[2m > [22m[2mNo Target Element
[22m[39m[UnitContext] Fetching unit data for id: mock-unit-id
[90mstdout[2m | .storybook/components/SpotlightOverlay.stories.tsx[2m > [22m[2mNo Target Element
[22m[39m[FilesContext] Initializing vector store from IndexedDB
[90mstdout[2m | .storybook/components/SpotlightOverlay.stories.tsx[2m > [22m[2mNo Target Element
[22m[39m[FilesContext] fetchFiles called
[90mstdout[2m | .storybook/components/SpotlightOverlay.stories.tsx[2m > [22m[2mNo Target Element
[22m[39m[FilesContext] User authenticated: mock-user-sub
[90mstdout[2m | .storybook/components/SpotlightOverlay.stories.tsx[2m > [22m[2mNo Target Element
[22m[39m[FilesContext] Identity ID: us-east-1:mock-identity-123
[90mstdout[2m | .storybook/components/SpotlightOverlay.stories.tsx[2m > [22m[2mNo Target Element
[22m[39m[FilesContext] About to set up File observeQuery
[90mstdout[2m | .storybook/components/SpotlightOverlay.stories.tsx[2m > [22m[2mNo Target Element
[22m[39m[ChatContext] Setting up AssistantChat observeQuery
[90mstdout[2m | .storybook/components/SpotlightOverlay.stories.tsx[2m > [22m[2mNo Target Element
[22m[39m[ChatContext] Waiting for subscription to initialize
[90mstdout[2m | .storybook/components/SpotlightOverlay.stories.tsx[2m > [22m[2mNo Target Element
[22m[39m[SettingsContext] Setting up Settings subscription for user: mock-user-sub
[90mstdout[2m | .storybook/components/SpotlightOverlay.stories.tsx[2m > [22m[2mNo Target Element
[22m[39m[Mock Data] Settings created: mock-settings-1790416657221 - notified 0 subscribers
[90mstdout[2m | .storybook/components/SpotlightOverlay.stories.tsx[2m > [22m[2mNo Target Element
[22m[39m[Mock Data] Unit.onUpdate() subscription added. Total: 1
[90mstdout[2m | .storybook/components/SpotlightOverlay.stories.tsx[2m > [22m[2mNo Target Element
[22m[39m[SectionContext] Section observeQuery update: 0
[90mstdout[2m | .storybook/components/SpotlightOverlay.stories.tsx[2m > [22m[2mNo Target Element
[22m[39m[FilesContext] File observeQuery update: 6 files
[90mstdout[2m | .storybook/components/SpotlightOverlay.stories.tsx[2m > [22m[2mNo Target Element
[22m[39m[ChatContext] AssistantChat initialized with 1 chats
[90mstdout[2m | .storybook/components/SpotlightOverlay.stories.tsx[2m > [22m[2mNo Target Element
[22m[39m[ChatContext] Setting initial chat: mock-assistant-chat-1
[90mstdout[2m | .storybook/components/SpotlightOverlay.stories.tsx[2m > [22m[2mNo Target Element
[22m[39m[MOCK CourseVectorStore] Initialized with mock data
[90mstdout[2m | .storybook/components/SpotlightOverlay.stories.tsx[2m > [22m[2mNo Target Element
[22m[39m[FilesContext] Vector store population triggered {
  "currentVectorStoreSize": 3,
  "documentsCount": 0,
  "filesCount": 6,
  "isInitialLoad": true,
}
[90mstdout[2m | .storybook/components/SpotlightOverlay.stories.tsx[2m > [22m[2mNo Target Element
[22m[39m[FilesContext] Vector store population complete - 3 total embeddings
[90mstdout[2m | .storybook/components/SpotlightOverlay.stories.tsx[2m > [22m[2mNo Target Element
[22m[39m[ChatContext] Chat exists and not archived, skipping creation
[90mstdout[2m | .storybook/components/SpotlightOverlay.stories.tsx[2m > [22m[2mNo Target Element
[22m[39m[Mock Storage] downloadData called with: undefined
[90mstdout[2m | .storybook/components/SpotlightOverlay.stories.tsx[2m > [22m[2mNo Target Element
[22m[39m[SpotlightOverlay] ⏱️ Retry attempt after 100 ms
[90mstdout[2m | .storybook/components/SpotlightOverlay.stories.tsx[2m > [22m[2mNo Target Element
[22m[39m[SpotlightOverlay] No target selector or position, centering
[90mstdout[2m | .storybook/components/SpotlightOverlay.stories.tsx[2m > [22m[2mManual Positioning
[22m[39m[ChatContext] Cleaning up subscriptions
[90mstdout[2m | .storybook/components/SpotlightOverlay.stories.tsx[2m > [22m[2mManual Positioning
[22m[39m[Mock Data] Unit.onUpdate() subscription removed. Remaining: 0
[90mstdout[2m | .storybook/components/SpotlightOverlay.stories.tsx[2m > [22m[2mManual Positioning
[22m[39m[MOCK CourseVectorStore] Initialized with mock data
[90mstdout[2m | .storybook/components/SpotlightOverlay.stories.tsx[2m > [22m[2mManual Positioning
[22m[39m[SpotlightOverlay] Using manual position: {
  "height": 100,
  "left": 300,
  "top": 200,
  "width": 200,
}
[90mstdout[2m | .storybook/components/SpotlightOverlay.stories.tsx[2m > [22m[2mManual Positioning
[22m[39m[TranslationModeController] Setting mode to: off
[90mstdout[2m | .storybook/components/SpotlightOverlay.stories.tsx[2m > [22m[2mManual Positioning
[22m[39m[UnitContext] useEffect triggered {
  "authLoading": false,
  "hasUser": true,
  "id": "mock-unit-id",
  "userSub": "mock-user-sub",
}
[90mstdout[2m | .storybook/components/SpotlightOverlay.stories.tsx[2m > [22m[2mManual Positioning
[22m[39m[UnitContext] Fetching unit data for id: mock-unit-id
[90mstdout[2m | .storybook/components/SpotlightOverlay.stories.tsx[2m > [22m[2mManual Positioning
[22m[39m[FilesContext] Initializing vector store from IndexedDB
[90mstdout[2m | .storybook/components/SpotlightOverlay.stories.tsx[2m > [22m[2mManual Positioning
[22m[39m[FilesContext] fetchFiles called
[90mstdout[2m | .storybook/components/SpotlightOverlay.stories.tsx[2m > [22m[2mManual Positioning
[22m[39m[FilesContext] User authenticated: mock-user-sub
[90mstdout[2m | .storybook/components/SpotlightOverlay.stories.tsx[2m > [22m[2mManual Positioning
[22m[39m[FilesContext] Identity ID: us-east-1:mock-identity-123
[90mstdout[2m | .storybook/components/SpotlightOverlay.stories.tsx[2m > [22m[2mManual Positioning
[22m[39m[FilesContext] About to set up File observeQuery
[90mstdout[2m | .storybook/components/SpotlightOverlay.stories.tsx[2m > [22m[2mManual Positioning
[22m[39m[ChatContext] Setting up AssistantChat observeQuery
[90mstdout[2m | .storybook/components/SpotlightOverlay.stories.tsx[2m > [22m[2mManual Positioning
[22m[39m[ChatContext] Waiting for subscription to initialize
[90mstdout[2m | .storybook/components/SpotlightOverlay.stories.tsx[2m > [22m[2mManual Positioning
[22m[39m[SettingsContext] Setting up Settings subscription for user: mock-user-sub
[90mstdout[2m | .storybook/components/SpotlightOverlay.stories.tsx[2m > [22m[2mManual Positioning
[22m[39m[Mock Data] Settings created: mock-settings-1790416657367 - notified 0 subscribers
[90mstdout[2m | .storybook/components/SpotlightOverlay.stories.tsx[2m > [22m[2mManual Positioning
[22m[39m[Mock Data] Unit.onUpdate() subscription added. Total: 1
[90mstdout[2m | .storybook/components/SpotlightOverlay.stories.tsx[2m > [22m[2mManual Positioning
[22m[39m[SectionContext] Section observeQuery update: 0
[90mstdout[2m | .storybook/components/SpotlightOverlay.stories.tsx[2m > [22m[2mManual Positioning
[22m[39m[FilesContext] File observeQuery update: 6 files
[90mstdout[2m | .storybook/components/SpotlightOverlay.stories.tsx[2m > [22m[2mManual Positioning
[22m[39m[ChatContext] AssistantChat initialized with 1 chats
[90mstdout[2m | .storybook/components/SpotlightOverlay.stories.tsx[2m > [22m[2mManual Positioning
[22m[39m[ChatContext] Setting initial chat: mock-assistant-chat-1
[90mstdout[2m | .storybook/components/SpotlightOverlay.stories.tsx[2m > [22m[2mManual Positioning
[22m[39m[MOCK CourseVectorStore] Initialized with mock data
[90mstdout[2m | .storybook/components/SpotlightOverlay.stories.tsx[2m > [22m[2mManual Positioning
[22m[39m[FilesContext] Vector store population triggered {
  "currentVectorStoreSize": 3,
  "documentsCount": 0,
  "filesCount": 6,
  "isInitialLoad": true,
}
[90mstdout[2m | .storybook/components/SpotlightOverlay.stories.tsx[2m > [22m[2mManual Positioning
[22m[39m[FilesContext] Vector store population complete - 3 total embeddings
[90mstdout[2m | .storybook/components/SpotlightOverlay.stories.tsx[2m > [22m[2mManual Positioning
[22m[39m[ChatContext] Chat exists and not archived, skipping creation
[90mstdout[2m | .storybook/components/SpotlightOverlay.stories.tsx[2m > [22m[2mManual Positioning
[22m[39m[Mock Storage] downloadData called with: undefined
[90mstdout[2m | .storybook/components/SpotlightOverlay.stories.tsx[2m > [22m[2mManual Positioning
[22m[39m[SpotlightOverlay] ⏱️ Retry attempt after 100 ms
[90mstdout[2m | .storybook/components/SpotlightOverlay.stories.tsx[2m > [22m[2mManual Positioning
[22m[39m[SpotlightOverlay] Using manual position: {
  "height": 100,
  "left": 300,
  "top": 200,
  "width": 200,
}
 [32m✓[39m [30m[45m storybook (chromium) [49m[39m .storybook/components/SpotlightOverlay.stories.tsx [2m([22m[2m5 tests[22m[2m)[22m[33m 760[2mms[22m[39m
[90mstdout[2m | unknown test
[22m[39m[MOCK vectorStoreDB.js] Module loaded - mock IndexedDB operations
[90mstdout[2m | unknown test
[22m[39m[Task Completion] DOM action listeners initialized
[90mstdout[2m | unknown test
[22m[39m[Task Completion] Auto-completion detector initialized
[90mstdout[2m | unknown test
[22m[39m[Preview] Task completion detector initialized
[90mstdout[2m | src/components/PeerReview/JoinPeerReviewDialog.stories.tsx[2m > [22m[2mJoin Dialog Open
[22m[39m[MOCK CourseVectorStore] Initialized with mock data
[90mstdout[2m | src/components/PeerReview/JoinPeerReviewDialog.stories.tsx[2m > [22m[2mJoin Dialog Open
[22m[39m[TranslationModeController] Setting mode to: off
[90mstdout[2m | src/components/PeerReview/JoinPeerReviewDialog.stories.tsx[2m > [22m[2mJoin Dialog Open
[22m[39m[UnitContext] useEffect triggered {
  "authLoading": false,
  "hasUser": true,
  "id": "mock-unit-id",
  "userSub": "mock-user-sub",
}
[90mstdout[2m | src/components/PeerReview/JoinPeerReviewDialog.stories.tsx[2m > [22m[2mJoin Dialog Open
[22m[39m[UnitContext] Fetching unit data for id: mock-unit-id
[90mstdout[2m | src/components/PeerReview/JoinPeerReviewDialog.stories.tsx[2m > [22m[2mJoin Dialog Open
[22m[39m[FilesContext] Initializing vector store from IndexedDB
[90mstdout[2m | src/components/PeerReview/JoinPeerReviewDialog.stories.tsx[2m > [22m[2mJoin Dialog Open
[22m[39m[FilesContext] fetchFiles called
[90mstdout[2m | src/components/PeerReview/JoinPeerReviewDialog.stories.tsx[2m > [22m[2mJoin Dialog Open
[22m[39m[FilesContext] User authenticated: mock-user-sub
[90mstdout[2m | src/components/PeerReview/JoinPeerReviewDialog.stories.tsx[2m > [22m[2mJoin Dialog Open
[22m[39m[FilesContext] Identity ID: us-east-1:mock-identity-123
[90mstdout[2m | src/components/PeerReview/JoinPeerReviewDialog.stories.tsx[2m > [22m[2mJoin Dialog Open
[22m[39m[FilesContext] About to set up File observeQuery
[90mstdout[2m | src/components/PeerReview/JoinPeerReviewDialog.stories.tsx[2m > [22m[2mJoin Dialog Open
[22m[39m[ChatContext] Setting up AssistantChat observeQuery
[90mstdout[2m | src/components/PeerReview/JoinPeerReviewDialog.stories.tsx[2m > [22m[2mJoin Dialog Open
[22m[39m[ChatContext] Waiting for subscription to initialize
[90mstdout[2m | src/components/PeerReview/JoinPeerReviewDialog.stories.tsx[2m > [22m[2mJoin Dialog Open
[22m[39m[SettingsContext] Setting up Settings subscription for user: mock-user-sub
[90mstdout[2m | src/components/PeerReview/JoinPeerReviewDialog.stories.tsx[2m > [22m[2mJoin Dialog Open
[22m[39m[Mock Data] Settings created: mock-settings-1790416658133 - notified 0 subscribers
[90mstdout[2m | src/components/PeerReview/JoinPeerReviewDialog.stories.tsx[2m > [22m[2mJoin Dialog Open
[22m[39m[Mock Data] Unit.onUpdate() subscription added. Total: 1
[90mstdout[2m | src/components/PeerReview/JoinPeerReviewDialog.stories.tsx[2m > [22m[2mJoin Dialog Open
[22m[39m[SectionContext] Section observeQuery update: 0
[90mstdout[2m | src/components/PeerReview/JoinPeerReviewDialog.stories.tsx[2m > [22m[2mJoin Dialog Open
[22m[39m[FilesContext] File observeQuery update: 6 files
[90mstdout[2m | src/components/PeerReview/JoinPeerReviewDialog.stories.tsx[2m > [22m[2mJoin Dialog Open
[22m[39m[ChatContext] AssistantChat initialized with 1 chats
[90mstdout[2m | src/components/PeerReview/JoinPeerReviewDialog.stories.tsx[2m > [22m[2mJoin Dialog Open
[22m[39m[ChatContext] Setting initial chat: mock-assistant-chat-1
[90mstdout[2m | src/components/PeerReview/JoinPeerReviewDialog.stories.tsx[2m > [22m[2mJoin Dialog Open
[22m[39m[MOCK CourseVectorStore] Initialized with mock data
[90mstdout[2m | src/components/PeerReview/JoinPeerReviewDialog.stories.tsx[2m > [22m[2mJoin Dialog Open
[22m[39m[FilesContext] Vector store population triggered {
  "currentVectorStoreSize": 3,
  "documentsCount": 0,
  "filesCount": 6,
  "isInitialLoad": true,
}
[90mstdout[2m | src/components/PeerReview/JoinPeerReviewDialog.stories.tsx[2m > [22m[2mJoin Dialog Open
[22m[39m[FilesContext] Vector store population complete - 3 total embeddings
[90mstdout[2m | src/components/PeerReview/JoinPeerReviewDialog.stories.tsx[2m > [22m[2mJoin Dialog Open
[22m[39m[ChatContext] Chat exists and not archived, skipping creation
[90mstdout[2m | src/components/PeerReview/JoinPeerReviewDialog.stories.tsx[2m > [22m[2mJoin Dialog Open
[22m[39m[Mock Storage] downloadData called with: undefined
 [32m✓[39m [30m[45m storybook (chromium) [49m[39m src/components/PeerReview/JoinPeerReviewDialog.stories.tsx [2m([22m[2m1 test[22m[2m)[22m[32m 282[2mms[22m[39m
[90mstdout[2m | unknown test
[22m[39m[MOCK vectorStoreDB.js] Module loaded - mock IndexedDB operations
[90mstdout[2m | unknown test
[22m[39m[Task Completion] DOM action listeners initialized
[90mstdout[2m | unknown test
[22m[39m[Task Completion] Auto-completion detector initialized
[90mstdout[2m | unknown test
[22m[39m[Preview] Task completion detector initialized
[90mstdout[2m | src/components/Gamification/SkillDetailPanel.stories.tsx[2m > [22m[2mIn Progress
[22m[39m[TranslationModeController] Setting mode to: off
[90mstdout[2m | src/components/Gamification/SkillDetailPanel.stories.tsx[2m > [22m[2mMastered
[22m[39m[TranslationModeController] Setting mode to: off
[90mstdout[2m | src/components/Gamification/SkillDetailPanel.stories.tsx[2m > [22m[2mLocked
[22m[39m[TranslationModeController] Setting mode to: off
 [32m✓[39m [30m[45m storybook (chromium) [49m[39m src/components/Gamification/SkillDetailPanel.stories.tsx [2m([22m[2m3 tests[22m[2m)[22m[33m 460[2mms[22m[39m
[90mstdout[2m | unknown test
[22m[39m[MOCK vectorStoreDB.js] Module loaded - mock IndexedDB operations
[90mstdout[2m | unknown test
[22m[39m[Task Completion] DOM action listeners initialized
[90mstdout[2m | unknown test
[22m[39m[Task Completion] Auto-completion detector initialized
[90mstdout[2m | unknown test
[22m[39m[Preview] Task completion detector initialized
[90mstdout[2m | src/components/GradedWorkbookViewer/GutterAnnotations.stories.tsx[2m > [22m[2mMultiple Blocks
[22m[39m[MOCK CourseVectorStore] Initialized with mock data
[90mstdout[2m | src/components/GradedWorkbookViewer/GutterAnnotations.stories.tsx[2m > [22m[2mMultiple Blocks
[22m[39m[TranslationModeController] Setting mode to: off
[90mstdout[2m | src/components/GradedWorkbookViewer/GutterAnnotations.stories.tsx[2m > [22m[2mMultiple Blocks
[22m[39m[UnitContext] useEffect triggered {
  "authLoading": false,
  "hasUser": true,
  "id": "mock-unit-id",
  "userSub": "mock-user-sub",
}
[90mstdout[2m | src/components/GradedWorkbookViewer/GutterAnnotations.stories.tsx[2m > [22m[2mMultiple Blocks
[22m[39m[UnitContext] Fetching unit data for id: mock-unit-id
[90mstdout[2m | src/components/GradedWorkbookViewer/GutterAnnotations.stories.tsx[2m > [22m[2mMultiple Blocks
[22m[39m[FilesContext] Initializing vector store from IndexedDB
[90mstdout[2m | src/components/GradedWorkbookViewer/GutterAnnotations.stories.tsx[2m > [22m[2mMultiple Blocks
[22m[39m[FilesContext] fetchFiles called
[90mstdout[2m | src/components/GradedWorkbookViewer/GutterAnnotations.stories.tsx[2m > [22m[2mMultiple Blocks
[22m[39m[FilesContext] User authenticated: mock-user-sub
[90mstdout[2m | src/components/GradedWorkbookViewer/GutterAnnotations.stories.tsx[2m > [22m[2mMultiple Blocks
[22m[39m[FilesContext] Identity ID: us-east-1:mock-identity-123
[90mstdout[2m | src/components/GradedWorkbookViewer/GutterAnnotations.stories.tsx[2m > [22m[2mMultiple Blocks
[22m[39m[FilesContext] About to set up File observeQuery
[90mstdout[2m | src/components/GradedWorkbookViewer/GutterAnnotations.stories.tsx[2m > [22m[2mMultiple Blocks
[22m[39m[ChatContext] Setting up AssistantChat observeQuery
[90mstdout[2m | src/components/GradedWorkbookViewer/GutterAnnotations.stories.tsx[2m > [22m[2mMultiple Blocks
[22m[39m[ChatContext] Waiting for subscription to initialize
[90mstdout[2m | src/components/GradedWorkbookViewer/GutterAnnotations.stories.tsx[2m > [22m[2mMultiple Blocks
[22m[39m[SettingsContext] Setting up Settings subscription for user: mock-user-sub
[90mstdout[2m | src/components/GradedWorkbookViewer/GutterAnnotations.stories.tsx[2m > [22m[2mMultiple Blocks
[22m[39m[Mock Data] Settings created: mock-settings-1790416660141 - notified 0 subscribers
[90mstdout[2m | src/components/GradedWorkbookViewer/GutterAnnotations.stories.tsx[2m > [22m[2mMultiple Blocks
[22m[39m[Mock Data] Unit.onUpdate() subscription added. Total: 1
[90mstdout[2m | src/components/GradedWorkbookViewer/GutterAnnotations.stories.tsx[2m > [22m[2mMultiple Blocks
[22m[39m[SectionContext] Section observeQuery update: 0
[90mstdout[2m | src/components/GradedWorkbookViewer/GutterAnnotations.stories.tsx[2m > [22m[2mMultiple Blocks
[22m[39m[FilesContext] File observeQuery update: 6 files
[90mstdout[2m | src/components/GradedWorkbookViewer/GutterAnnotations.stories.tsx[2m > [22m[2mMultiple Blocks
[22m[39m[ChatContext] AssistantChat initialized with 1 chats
[90mstdout[2m | src/components/GradedWorkbookViewer/GutterAnnotations.stories.tsx[2m > [22m[2mMultiple Blocks
[22m[39m[ChatContext] Setting initial chat: mock-assistant-chat-1
[90mstdout[2m | src/components/GradedWorkbookViewer/GutterAnnotations.stories.tsx[2m > [22m[2mMultiple Blocks
[22m[39m[MOCK CourseVectorStore] Initialized with mock data
[90mstdout[2m | src/components/GradedWorkbookViewer/GutterAnnotations.stories.tsx[2m > [22m[2mMultiple Blocks
[22m[39m[FilesContext] Vector store population triggered {
  "currentVectorStoreSize": 3,
  "documentsCount": 0,
  "filesCount": 6,
  "isInitialLoad": true,
}
[90mstdout[2m | src/components/GradedWorkbookViewer/GutterAnnotations.stories.tsx[2m > [22m[2mMultiple Blocks
[22m[39m[FilesContext] Vector store population complete - 3 total embeddings
[90mstdout[2m | src/components/GradedWorkbookViewer/GutterAnnotations.stories.tsx[2m > [22m[2mMultiple Blocks
[22m[39m[ChatContext] Chat exists and not archived, skipping creation
[90mstdout[2m | src/components/GradedWorkbookViewer/GutterAnnotations.stories.tsx[2m > [22m[2mMultiple Blocks
[22m[39m[Mock Storage] downloadData called with: undefined
[90mstdout[2m | src/components/GradedWorkbookViewer/GutterAnnotations.stories.tsx[2m > [22m[2mSingle Block
[22m[39m[ChatContext] Cleaning up subscriptions
[90mstdout[2m | src/components/GradedWorkbookViewer/GutterAnnotations.stories.tsx[2m > [22m[2mSingle Block
[22m[39m[Mock Data] Unit.onUpdate() subscription removed. Remaining: 0
[90mstdout[2m | src/components/GradedWorkbookViewer/GutterAnnotations.stories.tsx[2m > [22m[2mSingle Block
[22m[39m[MOCK CourseVectorStore] Initialized with mock data
[90mstdout[2m | src/components/GradedWorkbookViewer/GutterAnnotations.stories.tsx[2m > [22m[2mSingle Block
[22m[39m[TranslationModeController] Setting mode to: off
[90mstdout[2m | src/components/GradedWorkbookViewer/GutterAnnotations.stories.tsx[2m > [22m[2mSingle Block
[22m[39m[UnitContext] useEffect triggered {
  "authLoading": false,
  "hasUser": true,
  "id": "mock-unit-id",
  "userSub": "mock-user-sub",
}
[90mstdout[2m | src/components/GradedWorkbookViewer/GutterAnnotations.stories.tsx[2m > [22m[2mSingle Block
[22m[39m[UnitContext] Fetching unit data for id: mock-unit-id
[90mstdout[2m | src/components/GradedWorkbookViewer/GutterAnnotations.stories.tsx[2m > [22m[2mSingle Block
[22m[39m[FilesContext] Initializing vector store from IndexedDB
[90mstdout[2m | src/components/GradedWorkbookViewer/GutterAnnotations.stories.tsx[2m > [22m[2mSingle Block
[22m[39m[FilesContext] fetchFiles called
[90mstdout[2m | src/components/GradedWorkbookViewer/GutterAnnotations.stories.tsx[2m > [22m[2mSingle Block
[22m[39m[FilesContext] User authenticated: mock-user-sub
[90mstdout[2m | src/components/GradedWorkbookViewer/GutterAnnotations.stories.tsx[2m > [22m[2mSingle Block
[22m[39m[FilesContext] Identity ID: us-east-1:mock-identity-123
[90mstdout[2m | src/components/GradedWorkbookViewer/GutterAnnotations.stories.tsx[2m > [22m[2mSingle Block
[22m[39m[FilesContext] About to set up File observeQuery
[90mstdout[2m | src/components/GradedWorkbookViewer/GutterAnnotations.stories.tsx[2m > [22m[2mSingle Block
[22m[39m[ChatContext] Setting up AssistantChat observeQuery
[90mstdout[2m | src/components/GradedWorkbookViewer/GutterAnnotations.stories.tsx[2m > [22m[2mSingle Block
[22m[39m[ChatContext] Waiting for subscription to initialize
[90mstdout[2m | src/components/GradedWorkbookViewer/GutterAnnotations.stories.tsx[2m > [22m[2mSingle Block
[22m[39m[SettingsContext] Setting up Settings subscription for user: mock-user-sub
[90mstdout[2m | src/components/GradedWorkbookViewer/GutterAnnotations.stories.tsx[2m > [22m[2mSingle Block
[22m[39m[Mock Data] Settings created: mock-settings-1790416660443 - notified 0 subscribers
[90mstdout[2m | src/components/GradedWorkbookViewer/GutterAnnotations.stories.tsx[2m > [22m[2mSingle Block
[22m[39m[Mock Data] Unit.onUpdate() subscription added. Total: 1
[90mstdout[2m | src/components/GradedWorkbookViewer/GutterAnnotations.stories.tsx[2m > [22m[2mSingle Block
[22m[39m[SectionContext] Section observeQuery update: 0
[90mstdout[2m | src/components/GradedWorkbookViewer/GutterAnnotations.stories.tsx[2m > [22m[2mSingle Block
[22m[39m[FilesContext] File observeQuery update: 6 files
[90mstdout[2m | src/components/GradedWorkbookViewer/GutterAnnotations.stories.tsx[2m > [22m[2mSingle Block
[22m[39m[ChatContext] AssistantChat initialized with 1 chats
[90mstdout[2m | src/components/GradedWorkbookViewer/GutterAnnotations.stories.tsx[2m > [22m[2mSingle Block
[22m[39m[ChatContext] Setting initial chat: mock-assistant-chat-1
[90mstdout[2m | src/components/GradedWorkbookViewer/GutterAnnotations.stories.tsx[2m > [22m[2mSingle Block
[22m[39m[Mock Storage] downloadData called with: undefined
[90mstdout[2m | src/components/GradedWorkbookViewer/GutterAnnotations.stories.tsx[2m > [22m[2mSingle Block
[22m[39m[MOCK CourseVectorStore] Initialized with mock data
[90mstdout[2m | src/components/GradedWorkbookViewer/GutterAnnotations.stories.tsx[2m > [22m[2mSingle Block
[22m[39m[FilesContext] Vector store population triggered {
  "currentVectorStoreSize": 3,
  "documentsCount": 0,
  "filesCount": 6,
  "isInitialLoad": true,
}
[90mstdout[2m | src/components/GradedWorkbookViewer/GutterAnnotations.stories.tsx[2m > [22m[2mSingle Block
[22m[39m[FilesContext] Vector store population complete - 3 total embeddings
[90mstdout[2m | src/components/GradedWorkbookViewer/GutterAnnotations.stories.tsx[2m > [22m[2mSingle Block
[22m[39m[ChatContext] Chat exists and not archived, skipping creation
[90mstdout[2m | src/components/GradedWorkbookViewer/GutterAnnotations.stories.tsx[2m > [22m[2mNo Wrong Answers
[22m[39m[ChatContext] Cleaning up subscriptions
[90mstdout[2m | src/components/GradedWorkbookViewer/GutterAnnotations.stories.tsx[2m > [22m[2mNo Wrong Answers
[22m[39m[Mock Data] Unit.onUpdate() subscription removed. Remaining: 0
[90mstdout[2m | src/components/GradedWorkbookViewer/GutterAnnotations.stories.tsx[2m > [22m[2mNo Wrong Answers
[22m[39m[MOCK CourseVectorStore] Initialized with mock data
[90mstdout[2m | src/components/GradedWorkbookViewer/GutterAnnotations.stories.tsx[2m > [22m[2mNo Wrong Answers
[22m[39m[TranslationModeController] Setting mode to: off
[90mstdout[2m | src/components/GradedWorkbookViewer/GutterAnnotations.stories.tsx[2m > [22m[2mNo Wrong Answers
[22m[39m[UnitContext] useEffect triggered {
  "authLoading": false,
  "hasUser": true,
  "id": "mock-unit-id",
  "userSub": "mock-user-sub",
}
[90mstdout[2m | src/components/GradedWorkbookViewer/GutterAnnotations.stories.tsx[2m > [22m[2mNo Wrong Answers
[22m[39m[UnitContext] Fetching unit data for id: mock-unit-id
[90mstdout[2m | src/components/GradedWorkbookViewer/GutterAnnotations.stories.tsx[2m > [22m[2mNo Wrong Answers
[22m[39m[FilesContext] Initializing vector store from IndexedDB
[90mstdout[2m | src/components/GradedWorkbookViewer/GutterAnnotations.stories.tsx[2m > [22m[2mNo Wrong Answers
[22m[39m[FilesContext] fetchFiles called
[90mstdout[2m | src/components/GradedWorkbookViewer/GutterAnnotations.stories.tsx[2m > [22m[2mNo Wrong Answers
[22m[39m[FilesContext] User authenticated: mock-user-sub
[90mstdout[2m | src/components/GradedWorkbookViewer/GutterAnnotations.stories.tsx[2m > [22m[2mNo Wrong Answers
[22m[39m[FilesContext] Identity ID: us-east-1:mock-identity-123
[90mstdout[2m | src/components/GradedWorkbookViewer/GutterAnnotations.stories.tsx[2m > [22m[2mNo Wrong Answers
[22m[39m[FilesContext] About to set up File observeQuery
[90mstdout[2m | src/components/GradedWorkbookViewer/GutterAnnotations.stories.tsx[2m > [22m[2mNo Wrong Answers
[22m[39m[ChatContext] Setting up AssistantChat observeQuery
[90mstdout[2m | src/components/GradedWorkbookViewer/GutterAnnotations.stories.tsx[2m > [22m[2mNo Wrong Answers
[22m[39m[ChatContext] Waiting for subscription to initialize
[90mstdout[2m | src/components/GradedWorkbookViewer/GutterAnnotations.stories.tsx[2m > [22m[2mNo Wrong Answers
[22m[39m[SettingsContext] Setting up Settings subscription for user: mock-user-sub
[90mstdout[2m | src/components/GradedWorkbookViewer/GutterAnnotations.stories.tsx[2m > [22m[2mNo Wrong Answers
[22m[39m[Mock Data] Settings created: mock-settings-1790416660558 - notified 0 subscribers
[90mstdout[2m | src/components/GradedWorkbookViewer/GutterAnnotations.stories.tsx[2m > [22m[2mNo Wrong Answers
[22m[39m[Mock Data] Unit.onUpdate() subscription added. Total: 1
[90mstdout[2m | src/components/GradedWorkbookViewer/GutterAnnotations.stories.tsx[2m > [22m[2mNo Wrong Answers
[22m[39m[SectionContext] Section observeQuery update: 0
[90mstdout[2m | src/components/GradedWorkbookViewer/GutterAnnotations.stories.tsx[2m > [22m[2mNo Wrong Answers
[22m[39m[Mock Storage] downloadData called with: undefined
[90mstdout[2m | src/components/GradedWorkbookViewer/GutterAnnotations.stories.tsx[2m > [22m[2mNo Wrong Answers
[22m[39m[FilesContext] File observeQuery update: 6 files
[90mstdout[2m | src/components/GradedWorkbookViewer/GutterAnnotations.stories.tsx[2m > [22m[2mNo Wrong Answers
[22m[39m[ChatContext] AssistantChat initialized with 1 chats
[90mstdout[2m | src/components/GradedWorkbookViewer/GutterAnnotations.stories.tsx[2m > [22m[2mNo Wrong Answers
[22m[39m[ChatContext] Setting initial chat: mock-assistant-chat-1
[90mstdout[2m | src/components/GradedWorkbookViewer/GutterAnnotations.stories.tsx[2m > [22m[2mNo Wrong Answers
[22m[39m[MOCK CourseVectorStore] Initialized with mock data
[90mstdout[2m | src/components/GradedWorkbookViewer/GutterAnnotations.stories.tsx[2m > [22m[2mNo Wrong Answers
[22m[39m[FilesContext] Vector store population triggered {
  "currentVectorStoreSize": 3,
  "documentsCount": 0,
  "filesCount": 6,
  "isInitialLoad": true,
}
[90mstdout[2m | src/components/GradedWorkbookViewer/GutterAnnotations.stories.tsx[2m > [22m[2mNo Wrong Answers
[22m[39m[FilesContext] Vector store population complete - 3 total embeddings
[90mstdout[2m | src/components/GradedWorkbookViewer/GutterAnnotations.stories.tsx[2m > [22m[2mNo Wrong Answers
[22m[39m[ChatContext] Chat exists and not archived, skipping creation
[90mstdout[2m | src/components/GradedWorkbookViewer/GutterAnnotations.stories.tsx[2m > [22m[2mFirst Attempt
[22m[39m[ChatContext] Cleaning up subscriptions
[90mstdout[2m | src/components/GradedWorkbookViewer/GutterAnnotations.stories.tsx[2m > [22m[2mFirst Attempt
[22m[39m[Mock Data] Unit.onUpdate() subscription removed. Remaining: 0
[90mstdout[2m | src/components/GradedWorkbookViewer/GutterAnnotations.stories.tsx[2m > [22m[2mFirst Attempt
[22m[39m[MOCK CourseVectorStore] Initialized with mock data
[90mstdout[2m | src/components/GradedWorkbookViewer/GutterAnnotations.stories.tsx[2m > [22m[2mFirst Attempt
[22m[39m[TranslationModeController] Setting mode to: off
[90mstdout[2m | src/components/GradedWorkbookViewer/GutterAnnotations.stories.tsx[2m > [22m[2mFirst Attempt
[22m[39m[UnitContext] useEffect triggered {
  "authLoading": false,
  "hasUser": true,
  "id": "mock-unit-id",
  "userSub": "mock-user-sub",
}
[90mstdout[2m | src/components/GradedWorkbookViewer/GutterAnnotations.stories.tsx[2m > [22m[2mFirst Attempt
[22m[39m[UnitContext] Fetching unit data for id: mock-unit-id
[90mstdout[2m | src/components/GradedWorkbookViewer/GutterAnnotations.stories.tsx[2m > [22m[2mFirst Attempt
[22m[39m[FilesContext] Initializing vector store from IndexedDB
[90mstdout[2m | src/components/GradedWorkbookViewer/GutterAnnotations.stories.tsx[2m > [22m[2mFirst Attempt
[22m[39m[FilesContext] fetchFiles called
[90mstdout[2m | src/components/GradedWorkbookViewer/GutterAnnotations.stories.tsx[2m > [22m[2mFirst Attempt
[22m[39m[FilesContext] User authenticated: mock-user-sub
[90mstdout[2m | src/components/GradedWorkbookViewer/GutterAnnotations.stories.tsx[2m > [22m[2mFirst Attempt
[22m[39m[FilesContext] Identity ID: us-east-1:mock-identity-123
[90mstdout[2m | src/components/GradedWorkbookViewer/GutterAnnotations.stories.tsx[2m > [22m[2mFirst Attempt
[22m[39m[FilesContext] About to set up File observeQuery
[90mstdout[2m | src/components/GradedWorkbookViewer/GutterAnnotations.stories.tsx[2m > [22m[2mFirst Attempt
[22m[39m[ChatContext] Setting up AssistantChat observeQuery
[90mstdout[2m | src/components/GradedWorkbookViewer/GutterAnnotations.stories.tsx[2m > [22m[2mFirst Attempt
[22m[39m[ChatContext] Waiting for subscription to initialize
[90mstdout[2m | src/components/GradedWorkbookViewer/GutterAnnotations.stories.tsx[2m > [22m[2mFirst Attempt
[22m[39m[SettingsContext] Setting up Settings subscription for user: mock-user-sub
[90mstdout[2m | src/components/GradedWorkbookViewer/GutterAnnotations.stories.tsx[2m > [22m[2mFirst Attempt
[22m[39m[Mock Data] Settings created: mock-settings-1790416660665 - notified 0 subscribers
[90mstdout[2m | src/components/GradedWorkbookViewer/GutterAnnotations.stories.tsx[2m > [22m[2mFirst Attempt
[22m[39m[Mock Data] Unit.onUpdate() subscription added. Total: 1
[90mstdout[2m | src/components/GradedWorkbookViewer/GutterAnnotations.stories.tsx[2m > [22m[2mFirst Attempt
[22m[39m[SectionContext] Section observeQuery update: 0
[90mstdout[2m | src/components/GradedWorkbookViewer/GutterAnnotations.stories.tsx[2m > [22m[2mFirst Attempt
[22m[39m[FilesContext] File observeQuery update: 6 files
[90mstdout[2m | src/components/GradedWorkbookViewer/GutterAnnotations.stories.tsx[2m > [22m[2mFirst Attempt
[22m[39m[ChatContext] AssistantChat initialized with 1 chats
[90mstdout[2m | src/components/GradedWorkbookViewer/GutterAnnotations.stories.tsx[2m > [22m[2mFirst Attempt
[22m[39m[ChatContext] Setting initial chat: mock-assistant-chat-1
[90mstdout[2m | src/components/GradedWorkbookViewer/GutterAnnotations.stories.tsx[2m > [22m[2mFirst Attempt
[22m[39m[MOCK CourseVectorStore] Initialized with mock data
[90mstdout[2m | src/components/GradedWorkbookViewer/GutterAnnotations.stories.tsx[2m > [22m[2mFirst Attempt
[22m[39m[FilesContext] Vector store population triggered {
  "currentVectorStoreSize": 3,
  "documentsCount": 0,
  "filesCount": 6,
  "isInitialLoad": true,
}
[90mstdout[2m | src/components/GradedWorkbookViewer/GutterAnnotations.stories.tsx[2m > [22m[2mFirst Attempt
[22m[39m[FilesContext] Vector store population complete - 3 total embeddings
[90mstdout[2m | src/components/GradedWorkbookViewer/GutterAnnotations.stories.tsx[2m > [22m[2mFirst Attempt
[22m[39m[ChatContext] Chat exists and not archived, skipping creation
[90mstdout[2m | src/components/GradedWorkbookViewer/GutterAnnotations.stories.tsx[2m > [22m[2mFirst Attempt
[22m[39m[Mock Storage] downloadData called with: undefined
 [32m✓[39m [30m[45m storybook (chromium) [49m[39m src/components/GradedWorkbookViewer/GutterAnnotations.stories.tsx [2m([22m[2m4 tests[22m[2m)[22m[33m 704[2mms[22m[39m
   [33m[2m✓[22m[39m Multiple Blocks [33m 331[2mms[22m[39m
[90mstdout[2m | unknown test
[22m[39m[MOCK vectorStoreDB.js] Module loaded - mock IndexedDB operations
[90mstdout[2m | unknown test
[22m[39m[Task Completion] DOM action listeners initialized
[90mstdout[2m | unknown test
[22m[39m[Task Completion] Auto-completion detector initialized
[90mstdout[2m | unknown test
[22m[39m[Preview] Task completion detector initialized
[90mstdout[2m | src/components/Editor3/plugins/AutocompletePlugin.stories.jsx[2m > [22m[2mEditable Empty
[22m[39m[Preview] Skipped initializing default mock data (initializeMockData=false)
[90mstdout[2m | src/components/Editor3/plugins/AutocompletePlugin.stories.jsx[2m > [22m[2mEditable Empty
[22m[39m[Mock Data] seedMockUnit: Adding unit autocomplete-story-unit
[90mstdout[2m | src/components/Editor3/plugins/AutocompletePlugin.stories.jsx[2m > [22m[2mEditable Empty
[22m[39m[MOCK CourseVectorStore] Initialized with mock data
[90mstdout[2m | src/components/Editor3/plugins/AutocompletePlugin.stories.jsx[2m > [22m[2mEditable Empty
[22m[39m[TranslationModeController] Setting mode to: off
[90mstdout[2m | src/components/Editor3/plugins/AutocompletePlugin.stories.jsx[2m > [22m[2mEditable Empty
[22m[39m[UnitContext] useEffect triggered {
  "authLoading": false,
  "hasUser": true,
  "id": "autocomplete-story-unit",
  "userSub": "mock-user-sub",
}
[90mstdout[2m | src/components/Editor3/plugins/AutocompletePlugin.stories.jsx[2m > [22m[2mEditable Empty
[22m[39m[UnitContext] Fetching unit data for id: autocomplete-story-unit
[90mstdout[2m | src/components/Editor3/plugins/AutocompletePlugin.stories.jsx[2m > [22m[2mEditable Empty
[22m[39m[FilesContext] Initializing vector store from IndexedDB
[90mstdout[2m | src/components/Editor3/plugins/AutocompletePlugin.stories.jsx[2m > [22m[2mEditable Empty
[22m[39m[FilesContext] fetchFiles called
[90mstdout[2m | src/components/Editor3/plugins/AutocompletePlugin.stories.jsx[2m > [22m[2mEditable Empty
[22m[39m[FilesContext] User authenticated: mock-user-sub
[90mstdout[2m | src/components/Editor3/plugins/AutocompletePlugin.stories.jsx[2m > [22m[2mEditable Empty
[22m[39m[FilesContext] Identity ID: us-east-1:mock-identity-123
[90mstdout[2m | src/components/Editor3/plugins/AutocompletePlugin.stories.jsx[2m > [22m[2mEditable Empty
[22m[39m[FilesContext] About to set up File observeQuery
[90mstdout[2m | src/components/Editor3/plugins/AutocompletePlugin.stories.jsx[2m > [22m[2mEditable Empty
[22m[39m[ChatContext] Setting up AssistantChat observeQuery
[90mstdout[2m | src/components/Editor3/plugins/AutocompletePlugin.stories.jsx[2m > [22m[2mEditable Empty
[22m[39m[ChatContext] Waiting for subscription to initialize
[90mstdout[2m | src/components/Editor3/plugins/AutocompletePlugin.stories.jsx[2m > [22m[2mEditable Empty
[22m[39m[SettingsContext] Setting up Settings subscription for user: mock-user-sub
[90mstdout[2m | src/components/Editor3/plugins/AutocompletePlugin.stories.jsx[2m > [22m[2mEditable Empty
[22m[39m[Mock Data] Settings created: mock-settings-1790416661720 - notified 0 subscribers
[90mstdout[2m | src/components/Editor3/plugins/AutocompletePlugin.stories.jsx[2m > [22m[2mEditable Empty
[22m[39m[Mock Data] Unit.onUpdate() subscription added. Total: 1
[90mstdout[2m | src/components/Editor3/plugins/AutocompletePlugin.stories.jsx[2m > [22m[2mEditable Empty
[22m[39m[SectionContext] Section observeQuery update: 0
[90mstdout[2m | src/components/Editor3/plugins/AutocompletePlugin.stories.jsx[2m > [22m[2mEditable Empty
[22m[39m[FilesContext] File observeQuery update: 0 files
[90mstdout[2m | src/components/Editor3/plugins/AutocompletePlugin.stories.jsx[2m > [22m[2mEditable Empty
[22m[39m[ChatContext] AssistantChat initialized with 0 chats
[90mstdout[2m | src/components/Editor3/plugins/AutocompletePlugin.stories.jsx[2m > [22m[2mEditable Empty
[22m[39m[Mock Storage] downloadData called with: undefined
[90mstdout[2m | src/components/Editor3/plugins/AutocompletePlugin.stories.jsx[2m > [22m[2mEditable Empty
[22m[39m[MOCK CourseVectorStore] Initialized with mock data
[90mstdout[2m | src/components/Editor3/plugins/AutocompletePlugin.stories.jsx[2m > [22m[2mEditable Empty
[22m[39m[ChatContext] No current chat available, will create one
[90mstdout[2m | src/components/Editor3/plugins/AutocompletePlugin.stories.jsx[2m > [22m[2mEditable Empty
[22m[39m[ChatContext] Creating AssistantChat with user: undefined
[90mstdout[2m | src/components/Editor3/plugins/AutocompletePlugin.stories.jsx[2m > [22m[2mEditable Empty
[22m[39m[Mock Data] AssistantChat created: mock-assistantchat-1790416661731 - notified 1 subscribers
[90mstdout[2m | src/components/Editor3/plugins/AutocompletePlugin.stories.jsx[2m > [22m[2mEditable Empty
[22m[39m[ChatContext] Create result: {
  "data": {
    "_version": 1,
    "archived": false,
    "chatFiles": [Function anonymous],
    "createdAt": "2026-09-26T09:57:41.731Z",
    "id": "mock-assistantchat-1790416661731",
    "model": "gpt-4",
    "updatedAt": "2026-09-26T09:57:41.731Z",
  },
  "errors": [],
  "hasData": true,
  "hasErrors": true,
}
[90mstdout[2m | src/components/Editor3/plugins/AutocompletePlugin.stories.jsx[2m > [22m[2mEditable Empty
[22m[39m[ChatContext] Created AssistantChat: mock-assistantchat-1790416661731 at: 2026-09-26T09:57:41.731Z
[90mstdout[2m | src/components/Editor3/plugins/AutocompletePlugin.stories.jsx[2m > [22m[2mEditable Empty
[22m[39m[ChatContext] Setting initial chat: mock-assistantchat-1790416661731
[90mstdout[2m | src/components/Editor3/plugins/AutocompletePlugin.stories.jsx[2m > [22m[2mEditable Empty
[22m[39m[ChatContext] Chat exists and not archived, skipping creation
[90mstdout[2m | src/components/Editor3/plugins/AutocompletePlugin.stories.jsx[2m > [22m[2mEditable With Instructions
[22m[39m[ChatContext] Cleaning up subscriptions
[90mstdout[2m | src/components/Editor3/plugins/AutocompletePlugin.stories.jsx[2m > [22m[2mEditable With Instructions
[22m[39m[Mock Data] Unit.onUpdate() subscription removed. Remaining: 0
[90mstdout[2m | src/components/Editor3/plugins/AutocompletePlugin.stories.jsx[2m > [22m[2mEditable With Instructions
[22m[39m[Preview] Skipped initializing default mock data (initializeMockData=false)
[90mstdout[2m | src/components/Editor3/plugins/AutocompletePlugin.stories.jsx[2m > [22m[2mEditable With Instructions
[22m[39m[Mock Data] seedMockUnit: Adding unit autocomplete-story-unit
[90mstdout[2m | src/components/Editor3/plugins/AutocompletePlugin.stories.jsx[2m > [22m[2mEditable With Instructions
[22m[39m[MOCK CourseVectorStore] Initialized with mock data
[90mstdout[2m | src/components/Editor3/plugins/AutocompletePlugin.stories.jsx[2m > [22m[2mEditable With Instructions
[22m[39m[TranslationModeController] Setting mode to: off
[90mstdout[2m | src/components/Editor3/plugins/AutocompletePlugin.stories.jsx[2m > [22m[2mEditable With Instructions
[22m[39m[UnitContext] useEffect triggered {
  "authLoading": false,
  "hasUser": true,
  "id": "autocomplete-story-unit",
  "userSub": "mock-user-sub",
}
[90mstdout[2m | src/components/Editor3/plugins/AutocompletePlugin.stories.jsx[2m > [22m[2mEditable With Instructions
[22m[39m[UnitContext] Fetching unit data for id: autocomplete-story-unit
[90mstdout[2m | src/components/Editor3/plugins/AutocompletePlugin.stories.jsx[2m > [22m[2mEditable With Instructions
[22m[39m[FilesContext] Initializing vector store from IndexedDB
[90mstdout[2m | src/components/Editor3/plugins/AutocompletePlugin.stories.jsx[2m > [22m[2mEditable With Instructions
[22m[39m[FilesContext] fetchFiles called
[90mstdout[2m | src/components/Editor3/plugins/AutocompletePlugin.stories.jsx[2m > [22m[2mEditable With Instructions
[22m[39m[FilesContext] User authenticated: mock-user-sub
[90mstdout[2m | src/components/Editor3/plugins/AutocompletePlugin.stories.jsx[2m > [22m[2mEditable With Instructions
[22m[39m[FilesContext] Identity ID: us-east-1:mock-identity-123
[90mstdout[2m | src/components/Editor3/plugins/AutocompletePlugin.stories.jsx[2m > [22m[2mEditable With Instructions
[22m[39m[FilesContext] About to set up File observeQuery
[90mstdout[2m | src/components/Editor3/plugins/AutocompletePlugin.stories.jsx[2m > [22m[2mEditable With Instructions
[22m[39m[ChatContext] Setting up AssistantChat observeQuery
[90mstdout[2m | src/components/Editor3/plugins/AutocompletePlugin.stories.jsx[2m > [22m[2mEditable With Instructions
[22m[39m[ChatContext] Waiting for subscription to initialize
[90mstdout[2m | src/components/Editor3/plugins/AutocompletePlugin.stories.jsx[2m > [22m[2mEditable With Instructions
[22m[39m[SettingsContext] Setting up Settings subscription for user: mock-user-sub
[90mstdout[2m | src/components/Editor3/plugins/AutocompletePlugin.stories.jsx[2m > [22m[2mEditable With Instructions
[22m[39m[Mock Data] Settings created: mock-settings-1790416661834 - notified 0 subscribers
[90mstdout[2m | src/components/Editor3/plugins/AutocompletePlugin.stories.jsx[2m > [22m[2mEditable With Instructions
[22m[39m[Mock Data] Unit.onUpdate() subscription added. Total: 1
[90mstdout[2m | src/components/Editor3/plugins/AutocompletePlugin.stories.jsx[2m > [22m[2mEditable With Instructions
[22m[39m[SectionContext] Section observeQuery update: 0
[90mstdout[2m | src/components/Editor3/plugins/AutocompletePlugin.stories.jsx[2m > [22m[2mEditable With Instructions
[22m[39m[Mock Storage] downloadData called with: undefined
[90mstdout[2m | src/components/Editor3/plugins/AutocompletePlugin.stories.jsx[2m > [22m[2mEditable With Instructions
[22m[39m[FilesContext] File observeQuery update: 0 files
[90mstdout[2m | src/components/Editor3/plugins/AutocompletePlugin.stories.jsx[2m > [22m[2mEditable With Instructions
[22m[39m[ChatContext] AssistantChat initialized with 0 chats
[90mstdout[2m | src/components/Editor3/plugins/AutocompletePlugin.stories.jsx[2m > [22m[2mEditable With Instructions
[22m[39m[MOCK CourseVectorStore] Initialized with mock data
[90mstdout[2m | src/components/Editor3/plugins/AutocompletePlugin.stories.jsx[2m > [22m[2mEditable With Instructions
[22m[39m[ChatContext] No current chat available, will create one
[90mstdout[2m | src/components/Editor3/plugins/AutocompletePlugin.stories.jsx[2m > [22m[2mEditable With Instructions
[22m[39m[ChatContext] Creating AssistantChat with user: undefined
[90mstdout[2m | src/components/Editor3/plugins/AutocompletePlugin.stories.jsx[2m > [22m[2mEditable With Instructions
[22m[39m[Mock Data] AssistantChat created: mock-assistantchat-1790416661850 - notified 1 subscribers
[90mstdout[2m | src/components/Editor3/plugins/AutocompletePlugin.stories.jsx[2m > [22m[2mEditable With Instructions
[22m[39m[ChatContext] Create result: {
  "data": {
    "_version": 1,
    "archived": false,
    "chatFiles": [Function anonymous],
    "createdAt": "2026-09-26T09:57:41.850Z",
    "id": "mock-assistantchat-1790416661850",
    "model": "gpt-4",
    "updatedAt": "2026-09-26T09:57:41.850Z",
  },
  "errors": [],
  "hasData": true,
  "hasErrors": true,
}
[90mstdout[2m | src/components/Editor3/plugins/AutocompletePlugin.stories.jsx[2m > [22m[2mEditable With Instructions
[22m[39m[ChatContext] Created AssistantChat: mock-assistantchat-1790416661850 at: 2026-09-26T09:57:41.850Z
[90mstdout[2m | src/components/Editor3/plugins/AutocompletePlugin.stories.jsx[2m > [22m[2mEditable With Instructions
[22m[39m[ChatContext] Setting initial chat: mock-assistantchat-1790416661850
[90mstdout[2m | src/components/Editor3/plugins/AutocompletePlugin.stories.jsx[2m > [22m[2mEditable With Instructions
[22m[39m[ChatContext] Chat exists and not archived, skipping creation
 [32m✓[39m [30m[45m storybook (chromium) [49m[39m src/components/Editor3/plugins/AutocompletePlugin.stories.jsx [2m([22m[2m2 tests[22m[2m)[22m[32m 272[2mms[22m[39m
[90mstdout[2m | unknown test
[22m[39m[MOCK vectorStoreDB.js] Module loaded - mock IndexedDB operations
[90mstdout[2m | unknown test
[22m[39m[Task Completion] DOM action listeners initialized
[90mstdout[2m | unknown test
[22m[39m[Task Completion] Auto-completion detector initialized
[90mstdout[2m | unknown test
[22m[39m[Preview] Task completion detector initialized
[90mstdout[2m | src/components/PracticeDrill/CollaborativePresenceBar.stories.tsx[2m > [22m[2mConnected
[22m[39m[MOCK CourseVectorStore] Initialized with mock data
[90mstdout[2m | src/components/PracticeDrill/CollaborativePresenceBar.stories.tsx[2m > [22m[2mConnected
[22m[39m[TranslationModeController] Setting mode to: off
[90mstdout[2m | src/components/PracticeDrill/CollaborativePresenceBar.stories.tsx[2m > [22m[2mConnected
[22m[39m[UnitContext] useEffect triggered {
  "authLoading": false,
  "hasUser": true,
  "id": "mock-unit-id",
  "userSub": "mock-user-sub",
}
[90mstdout[2m | src/components/PracticeDrill/CollaborativePresenceBar.stories.tsx[2m > [22m[2mConnected
[22m[39m[UnitContext] Fetching unit data for id: mock-unit-id
[90mstdout[2m | src/components/PracticeDrill/CollaborativePresenceBar.stories.tsx[2m > [22m[2mConnected
[22m[39m[FilesContext] Initializing vector store from IndexedDB
[90mstdout[2m | src/components/PracticeDrill/CollaborativePresenceBar.stories.tsx[2m > [22m[2mConnected
[22m[39m[FilesContext] fetchFiles called
[90mstdout[2m | src/components/PracticeDrill/CollaborativePresenceBar.stories.tsx[2m > [22m[2mConnected
[22m[39m[FilesContext] User authenticated: mock-user-sub
[90mstdout[2m | src/components/PracticeDrill/CollaborativePresenceBar.stories.tsx[2m > [22m[2mConnected
[22m[39m[FilesContext] Identity ID: us-east-1:mock-identity-123
[90mstdout[2m | src/components/PracticeDrill/CollaborativePresenceBar.stories.tsx[2m > [22m[2mConnected
[22m[39m[FilesContext] About to set up File observeQuery
[90mstdout[2m | src/components/PracticeDrill/CollaborativePresenceBar.stories.tsx[2m > [22m[2mConnected
[22m[39m[ChatContext] Setting up AssistantChat observeQuery
[90mstdout[2m | src/components/PracticeDrill/CollaborativePresenceBar.stories.tsx[2m > [22m[2mConnected
[22m[39m[ChatContext] Waiting for subscription to initialize
[90mstdout[2m | src/components/PracticeDrill/CollaborativePresenceBar.stories.tsx[2m > [22m[2mConnected
[22m[39m[SettingsContext] Setting up Settings subscription for user: mock-user-sub
[90mstdout[2m | src/components/PracticeDrill/CollaborativePresenceBar.stories.tsx[2m > [22m[2mConnected
[22m[39m[Mock Data] Settings created: mock-settings-1790416662671 - notified 0 subscribers
[90mstdout[2m | src/components/PracticeDrill/CollaborativePresenceBar.stories.tsx[2m > [22m[2mConnected
[22m[39m[Mock Data] Unit.onUpdate() subscription added. Total: 1
[90mstdout[2m | src/components/PracticeDrill/CollaborativePresenceBar.stories.tsx[2m > [22m[2mConnected
[22m[39m[SectionContext] Section observeQuery update: 0
[90mstdout[2m | src/components/PracticeDrill/CollaborativePresenceBar.stories.tsx[2m > [22m[2mConnected
[22m[39m[FilesContext] File observeQuery update: 6 files
[90mstdout[2m | src/components/PracticeDrill/CollaborativePresenceBar.stories.tsx[2m > [22m[2mConnected
[22m[39m[ChatContext] AssistantChat initialized with 1 chats
[90mstdout[2m | src/components/PracticeDrill/CollaborativePresenceBar.stories.tsx[2m > [22m[2mConnected
[22m[39m[ChatContext] Setting initial chat: mock-assistant-chat-1
[90mstdout[2m | src/components/PracticeDrill/CollaborativePresenceBar.stories.tsx[2m > [22m[2mConnected
[22m[39m[MOCK CourseVectorStore] Initialized with mock data
[90mstdout[2m | src/components/PracticeDrill/CollaborativePresenceBar.stories.tsx[2m > [22m[2mConnected
[22m[39m[FilesContext] Vector store population triggered {
  "currentVectorStoreSize": 3,
  "documentsCount": 0,
  "filesCount": 6,
  "isInitialLoad": true,
}
[90mstdout[2m | src/components/PracticeDrill/CollaborativePresenceBar.stories.tsx[2m > [22m[2mConnected
[22m[39m[FilesContext] Vector store population complete - 3 total embeddings
[90mstdout[2m | src/components/PracticeDrill/CollaborativePresenceBar.stories.tsx[2m > [22m[2mConnected
[22m[39m[ChatContext] Chat exists and not archived, skipping creation
[90mstdout[2m | src/components/PracticeDrill/CollaborativePresenceBar.stories.tsx[2m > [22m[2mConnected
[22m[39m[Mock Storage] downloadData called with: undefined
[90mstdout[2m | src/components/PracticeDrill/CollaborativePresenceBar.stories.tsx[2m > [22m[2mDisconnected
[22m[39m[ChatContext] Cleaning up subscriptions
[90mstdout[2m | src/components/PracticeDrill/CollaborativePresenceBar.stories.tsx[2m > [22m[2mDisconnected
[22m[39m[Mock Data] Unit.onUpdate() subscription removed. Remaining: 0
[90mstdout[2m | src/components/PracticeDrill/CollaborativePresenceBar.stories.tsx[2m > [22m[2mDisconnected
[22m[39m[MOCK CourseVectorStore] Initialized with mock data
[90mstdout[2m | src/components/PracticeDrill/CollaborativePresenceBar.stories.tsx[2m > [22m[2mDisconnected
[22m[39m[TranslationModeController] Setting mode to: off
[90mstdout[2m | src/components/PracticeDrill/CollaborativePresenceBar.stories.tsx[2m > [22m[2mDisconnected
[22m[39m[UnitContext] useEffect triggered {
  "authLoading": false,
  "hasUser": true,
  "id": "mock-unit-id",
  "userSub": "mock-user-sub",
}
[90mstdout[2m | src/components/PracticeDrill/CollaborativePresenceBar.stories.tsx[2m > [22m[2mDisconnected
[22m[39m[UnitContext] Fetching unit data for id: mock-unit-id
[90mstdout[2m | src/components/PracticeDrill/CollaborativePresenceBar.stories.tsx[2m > [22m[2mDisconnected
[22m[39m[FilesContext] Initializing vector store from IndexedDB
[90mstdout[2m | src/components/PracticeDrill/CollaborativePresenceBar.stories.tsx[2m > [22m[2mDisconnected
[22m[39m[FilesContext] fetchFiles called
[90mstdout[2m | src/components/PracticeDrill/CollaborativePresenceBar.stories.tsx[2m > [22m[2mDisconnected
[22m[39m[FilesContext] User authenticated: mock-user-sub
[90mstdout[2m | src/components/PracticeDrill/CollaborativePresenceBar.stories.tsx[2m > [22m[2mDisconnected
[22m[39m[FilesContext] Identity ID: us-east-1:mock-identity-123
[90mstdout[2m | src/components/PracticeDrill/CollaborativePresenceBar.stories.tsx[2m > [22m[2mDisconnected
[22m[39m[FilesContext] About to set up File observeQuery
[90mstdout[2m | src/components/PracticeDrill/CollaborativePresenceBar.stories.tsx[2m > [22m[2mDisconnected
[22m[39m[ChatContext] Setting up AssistantChat observeQuery
[90mstdout[2m | src/components/PracticeDrill/CollaborativePresenceBar.stories.tsx[2m > [22m[2mDisconnected
[22m[39m[ChatContext] Waiting for subscription to initialize
[90mstdout[2m | src/components/PracticeDrill/CollaborativePresenceBar.stories.tsx[2m > [22m[2mDisconnected
[22m[39m[SettingsContext] Setting up Settings subscription for user: mock-user-sub
[90mstdout[2m | src/components/PracticeDrill/CollaborativePresenceBar.stories.tsx[2m > [22m[2mDisconnected
[22m[39m[Mock Data] Settings created: mock-settings-1790416662839 - notified 0 subscribers
[90mstdout[2m | src/components/PracticeDrill/CollaborativePresenceBar.stories.tsx[2m > [22m[2mDisconnected
[22m[39m[Mock Data] Unit.onUpdate() subscription added. Total: 1
[90mstdout[2m | src/components/PracticeDrill/CollaborativePresenceBar.stories.tsx[2m > [22m[2mDisconnected
[22m[39m[SectionContext] Section observeQuery update: 0
[90mstdout[2m | src/components/PracticeDrill/CollaborativePresenceBar.stories.tsx[2m > [22m[2mDisconnected
[22m[39m[FilesContext] File observeQuery update: 6 files
[90mstdout[2m | src/components/PracticeDrill/CollaborativePresenceBar.stories.tsx[2m > [22m[2mDisconnected
[22m[39m[ChatContext] AssistantChat initialized with 1 chats
[90mstdout[2m | src/components/PracticeDrill/CollaborativePresenceBar.stories.tsx[2m > [22m[2mDisconnected
[22m[39m[ChatContext] Setting initial chat: mock-assistant-chat-1
[90mstdout[2m | src/components/PracticeDrill/CollaborativePresenceBar.stories.tsx[2m > [22m[2mDisconnected
[22m[39m[MOCK CourseVectorStore] Initialized with mock data
[90mstdout[2m | src/components/PracticeDrill/CollaborativePresenceBar.stories.tsx[2m > [22m[2mDisconnected
[22m[39m[FilesContext] Vector store population triggered {
  "currentVectorStoreSize": 3,
  "documentsCount": 0,
  "filesCount": 6,
  "isInitialLoad": true,
}
[90mstdout[2m | src/components/PracticeDrill/CollaborativePresenceBar.stories.tsx[2m > [22m[2mDisconnected
[22m[39m[FilesContext] Vector store population complete - 3 total embeddings
[90mstdout[2m | src/components/PracticeDrill/CollaborativePresenceBar.stories.tsx[2m > [22m[2mDisconnected
[22m[39m[ChatContext] Chat exists and not archived, skipping creation
[90mstdout[2m | src/components/PracticeDrill/CollaborativePresenceBar.stories.tsx[2m > [22m[2mDisconnected
[22m[39m[Mock Storage] downloadData called with: undefined
[90mstdout[2m | src/components/PracticeDrill/CollaborativePresenceBar.stories.tsx[2m > [22m[2mTwo Participants
[22m[39m[ChatContext] Cleaning up subscriptions
[90mstdout[2m | src/components/PracticeDrill/CollaborativePresenceBar.stories.tsx[2m > [22m[2mTwo Participants
[22m[39m[Mock Data] Unit.onUpdate() subscription removed. Remaining: 0
[90mstdout[2m | src/components/PracticeDrill/CollaborativePresenceBar.stories.tsx[2m > [22m[2mTwo Participants
[22m[39m[MOCK CourseVectorStore] Initialized with mock data
[90mstdout[2m | src/components/PracticeDrill/CollaborativePresenceBar.stories.tsx[2m > [22m[2mTwo Participants
[22m[39m[TranslationModeController] Setting mode to: off
[90mstdout[2m | src/components/PracticeDrill/CollaborativePresenceBar.stories.tsx[2m > [22m[2mTwo Participants
[22m[39m[UnitContext] useEffect triggered {
  "authLoading": false,
  "hasUser": true,
  "id": "mock-unit-id",
  "userSub": "mock-user-sub",
}
[90mstdout[2m | src/components/PracticeDrill/CollaborativePresenceBar.stories.tsx[2m > [22m[2mTwo Participants
[22m[39m[UnitContext] Fetching unit data for id: mock-unit-id
[90mstdout[2m | src/components/PracticeDrill/CollaborativePresenceBar.stories.tsx[2m > [22m[2mTwo Participants
[22m[39m[FilesContext] Initializing vector store from IndexedDB
[90mstdout[2m | src/components/PracticeDrill/CollaborativePresenceBar.stories.tsx[2m > [22m[2mTwo Participants
[22m[39m[FilesContext] fetchFiles called
[90mstdout[2m | src/components/PracticeDrill/CollaborativePresenceBar.stories.tsx[2m > [22m[2mTwo Participants
[22m[39m[FilesContext] User authenticated: mock-user-sub
[90mstdout[2m | src/components/PracticeDrill/CollaborativePresenceBar.stories.tsx[2m > [22m[2mTwo Participants
[22m[39m[FilesContext] Identity ID: us-east-1:mock-identity-123
[90mstdout[2m | src/components/PracticeDrill/CollaborativePresenceBar.stories.tsx[2m > [22m[2mTwo Participants
[22m[39m[FilesContext] About to set up File observeQuery
[90mstdout[2m | src/components/PracticeDrill/CollaborativePresenceBar.stories.tsx[2m > [22m[2mTwo Participants
[22m[39m[ChatContext] Setting up AssistantChat observeQuery
[90mstdout[2m | src/components/PracticeDrill/CollaborativePresenceBar.stories.tsx[2m > [22m[2mTwo Participants
[22m[39m[ChatContext] Waiting for subscription to initialize
[90mstdout[2m | src/components/PracticeDrill/CollaborativePresenceBar.stories.tsx[2m > [22m[2mTwo Participants
[22m[39m[SettingsContext] Setting up Settings subscription for user: mock-user-sub
[90mstdout[2m | src/components/PracticeDrill/CollaborativePresenceBar.stories.tsx[2m > [22m[2mTwo Participants
[22m[39m[Mock Data] Settings created: mock-settings-1790416662965 - notified 0 subscribers
[90mstdout[2m | src/components/PracticeDrill/CollaborativePresenceBar.stories.tsx[2m > [22m[2mTwo Participants
[22m[39m[Mock Data] Unit.onUpdate() subscription added. Total: 1
[90mstdout[2m | src/components/PracticeDrill/CollaborativePresenceBar.stories.tsx[2m > [22m[2mTwo Participants
[22m[39m[SectionContext] Section observeQuery update: 0
[90mstdout[2m | src/components/PracticeDrill/CollaborativePresenceBar.stories.tsx[2m > [22m[2mTwo Participants
[22m[39m[FilesContext] File observeQuery update: 6 files
[90mstdout[2m | src/components/PracticeDrill/CollaborativePresenceBar.stories.tsx[2m > [22m[2mTwo Participants
[22m[39m[ChatContext] AssistantChat initialized with 1 chats
[90mstdout[2m | src/components/PracticeDrill/CollaborativePresenceBar.stories.tsx[2m > [22m[2mTwo Participants
[22m[39m[ChatContext] Setting initial chat: mock-assistant-chat-1
[90mstdout[2m | src/components/PracticeDrill/CollaborativePresenceBar.stories.tsx[2m > [22m[2mTwo Participants
[22m[39m[MOCK CourseVectorStore] Initialized with mock data
[90mstdout[2m | src/components/PracticeDrill/CollaborativePresenceBar.stories.tsx[2m > [22m[2mTwo Participants
[22m[39m[FilesContext] Vector store population triggered {
  "currentVectorStoreSize": 3,
  "documentsCount": 0,
  "filesCount": 6,
  "isInitialLoad": true,
}
[90mstdout[2m | src/components/PracticeDrill/CollaborativePresenceBar.stories.tsx[2m > [22m[2mTwo Participants
[22m[39m[FilesContext] Vector store population complete - 3 total embeddings
[90mstdout[2m | src/components/PracticeDrill/CollaborativePresenceBar.stories.tsx[2m > [22m[2mTwo Participants
[22m[39m[ChatContext] Chat exists and not archived, skipping creation
[90mstdout[2m | src/components/PracticeDrill/CollaborativePresenceBar.stories.tsx[2m > [22m[2mTwo Participants
[22m[39m[Mock Storage] downloadData called with: undefined
[90mstdout[2m | src/components/PracticeDrill/CollaborativePresenceBar.stories.tsx[2m > [22m[2mMany Participants
[22m[39m[ChatContext] Cleaning up subscriptions
[90mstdout[2m | src/components/PracticeDrill/CollaborativePresenceBar.stories.tsx[2m > [22m[2mMany Participants
[22m[39m[Mock Data] Unit.onUpdate() subscription removed. Remaining: 0
[90mstdout[2m | src/components/PracticeDrill/CollaborativePresenceBar.stories.tsx[2m > [22m[2mMany Participants
[22m[39m[MOCK CourseVectorStore] Initialized with mock data
[90mstdout[2m | src/components/PracticeDrill/CollaborativePresenceBar.stories.tsx[2m > [22m[2mMany Participants
[22m[39m[TranslationModeController] Setting mode to: off
[90mstdout[2m | src/components/PracticeDrill/CollaborativePresenceBar.stories.tsx[2m > [22m[2mMany Participants
[22m[39m[UnitContext] useEffect triggered {
  "authLoading": false,
  "hasUser": true,
  "id": "mock-unit-id",
  "userSub": "mock-user-sub",
}
[90mstdout[2m | src/components/PracticeDrill/CollaborativePresenceBar.stories.tsx[2m > [22m[2mMany Participants
[22m[39m[UnitContext] Fetching unit data for id: mock-unit-id
[90mstdout[2m | src/components/PracticeDrill/CollaborativePresenceBar.stories.tsx[2m > [22m[2mMany Participants
[22m[39m[FilesContext] Initializing vector store from IndexedDB
[90mstdout[2m | src/components/PracticeDrill/CollaborativePresenceBar.stories.tsx[2m > [22m[2mMany Participants
[22m[39m[FilesContext] fetchFiles called
[90mstdout[2m | src/components/PracticeDrill/CollaborativePresenceBar.stories.tsx[2m > [22m[2mMany Participants
[22m[39m[FilesContext] User authenticated: mock-user-sub
[90mstdout[2m | src/components/PracticeDrill/CollaborativePresenceBar.stories.tsx[2m > [22m[2mMany Participants
[22m[39m[FilesContext] Identity ID: us-east-1:mock-identity-123
[90mstdout[2m | src/components/PracticeDrill/CollaborativePresenceBar.stories.tsx[2m > [22m[2mMany Participants
[22m[39m[FilesContext] About to set up File observeQuery
[90mstdout[2m | src/components/PracticeDrill/CollaborativePresenceBar.stories.tsx[2m > [22m[2mMany Participants
[22m[39m[ChatContext] Setting up AssistantChat observeQuery
[90mstdout[2m | src/components/PracticeDrill/CollaborativePresenceBar.stories.tsx[2m > [22m[2mMany Participants
[22m[39m[ChatContext] Waiting for subscription to initialize
[90mstdout[2m | src/components/PracticeDrill/CollaborativePresenceBar.stories.tsx[2m > [22m[2mMany Participants
[22m[39m[SettingsContext] Setting up Settings subscription for user: mock-user-sub
[90mstdout[2m | src/components/PracticeDrill/CollaborativePresenceBar.stories.tsx[2m > [22m[2mMany Participants
[22m[39m[Mock Data] Settings created: mock-settings-1790416663087 - notified 0 subscribers
[90mstdout[2m | src/components/PracticeDrill/CollaborativePresenceBar.stories.tsx[2m > [22m[2mMany Participants
[22m[39m[Mock Data] Unit.onUpdate() subscription added. Total: 1
[90mstdout[2m | src/components/PracticeDrill/CollaborativePresenceBar.stories.tsx[2m > [22m[2mMany Participants
[22m[39m[SectionContext] Section observeQuery update: 0
[90mstdout[2m | src/components/PracticeDrill/CollaborativePresenceBar.stories.tsx[2m > [22m[2mMany Participants
[22m[39m[FilesContext] File observeQuery update: 6 files
[90mstdout[2m | src/components/PracticeDrill/CollaborativePresenceBar.stories.tsx[2m > [22m[2mMany Participants
[22m[39m[ChatContext] AssistantChat initialized with 1 chats
[90mstdout[2m | src/components/PracticeDrill/CollaborativePresenceBar.stories.tsx[2m > [22m[2mMany Participants
[22m[39m[ChatContext] Setting initial chat: mock-assistant-chat-1
[90mstdout[2m | src/components/PracticeDrill/CollaborativePresenceBar.stories.tsx[2m > [22m[2mMany Participants
[22m[39m[MOCK CourseVectorStore] Initialized with mock data
[90mstdout[2m | src/components/PracticeDrill/CollaborativePresenceBar.stories.tsx[2m > [22m[2mMany Participants
[22m[39m[FilesContext] Vector store population triggered {
  "currentVectorStoreSize": 3,
  "documentsCount": 0,
  "filesCount": 6,
  "isInitialLoad": true,
}
[90mstdout[2m | src/components/PracticeDrill/CollaborativePresenceBar.stories.tsx[2m > [22m[2mMany Participants
[22m[39m[FilesContext] Vector store population complete - 3 total embeddings
[90mstdout[2m | src/components/PracticeDrill/CollaborativePresenceBar.stories.tsx[2m > [22m[2mMany Participants
[22m[39m[ChatContext] Chat exists and not archived, skipping creation
[90mstdout[2m | src/components/PracticeDrill/CollaborativePresenceBar.stories.tsx[2m > [22m[2mMany Participants
[22m[39m[Mock Storage] downloadData called with: undefined
[90mstdout[2m | src/components/PracticeDrill/CollaborativePresenceBar.stories.tsx[2m > [22m[2mAll Complete
[22m[39m[ChatContext] Cleaning up subscriptions
[90mstdout[2m | src/components/PracticeDrill/CollaborativePresenceBar.stories.tsx[2m > [22m[2mAll Complete
[22m[39m[Mock Data] Unit.onUpdate() subscription removed. Remaining: 0
[90mstdout[2m | src/components/PracticeDrill/CollaborativePresenceBar.stories.tsx[2m > [22m[2mAll Complete
[22m[39m[MOCK CourseVectorStore] Initialized with mock data
[90mstdout[2m | src/components/PracticeDrill/CollaborativePresenceBar.stories.tsx[2m > [22m[2mAll Complete
[22m[39m[TranslationModeController] Setting mode to: off
[90mstdout[2m | src/components/PracticeDrill/CollaborativePresenceBar.stories.tsx[2m > [22m[2mAll Complete
[22m[39m[UnitContext] useEffect triggered {
  "authLoading": false,
  "hasUser": true,
  "id": "mock-unit-id",
  "userSub": "mock-user-sub",
}
[90mstdout[2m | src/components/PracticeDrill/CollaborativePresenceBar.stories.tsx[2m > [22m[2mAll Complete
[22m[39m[UnitContext] Fetching unit data for id: mock-unit-id
[90mstdout[2m | src/components/PracticeDrill/CollaborativePresenceBar.stories.tsx[2m > [22m[2mAll Complete
[22m[39m[FilesContext] Initializing vector store from IndexedDB
[90mstdout[2m | src/components/PracticeDrill/CollaborativePresenceBar.stories.tsx[2m > [22m[2mAll Complete
[22m[39m[FilesContext] fetchFiles called
[90mstdout[2m | src/components/PracticeDrill/CollaborativePresenceBar.stories.tsx[2m > [22m[2mAll Complete
[22m[39m[FilesContext] User authenticated: mock-user-sub
[90mstdout[2m | src/components/PracticeDrill/CollaborativePresenceBar.stories.tsx[2m > [22m[2mAll Complete
[22m[39m[FilesContext] Identity ID: us-east-1:mock-identity-123
[90mstdout[2m | src/components/PracticeDrill/CollaborativePresenceBar.stories.tsx[2m > [22m[2mAll Complete
[22m[39m[FilesContext] About to set up File observeQuery
[90mstdout[2m | src/components/PracticeDrill/CollaborativePresenceBar.stories.tsx[2m > [22m[2mAll Complete
[22m[39m[ChatContext] Setting up AssistantChat observeQuery
[90mstdout[2m | src/components/PracticeDrill/CollaborativePresenceBar.stories.tsx[2m > [22m[2mAll Complete
[22m[39m[ChatContext] Waiting for subscription to initialize
[90mstdout[2m | src/components/PracticeDrill/CollaborativePresenceBar.stories.tsx[2m > [22m[2mAll Complete
[22m[39m[SettingsContext] Setting up Settings subscription for user: mock-user-sub
[90mstdout[2m | src/components/PracticeDrill/CollaborativePresenceBar.stories.tsx[2m > [22m[2mAll Complete
[22m[39m[Mock Data] Settings created: mock-settings-1790416663202 - notified 0 subscribers
[90mstdout[2m | src/components/PracticeDrill/CollaborativePresenceBar.stories.tsx[2m > [22m[2mAll Complete
[22m[39m[Mock Data] Unit.onUpdate() subscription added. Total: 1
[90mstdout[2m | src/components/PracticeDrill/CollaborativePresenceBar.stories.tsx[2m > [22m[2mAll Complete
[22m[39m[SectionContext] Section observeQuery update: 0
[90mstdout[2m | src/components/PracticeDrill/CollaborativePresenceBar.stories.tsx[2m > [22m[2mAll Complete
[22m[39m[FilesContext] File observeQuery update: 6 files
[90mstdout[2m | src/components/PracticeDrill/CollaborativePresenceBar.stories.tsx[2m > [22m[2mAll Complete
[22m[39m[ChatContext] AssistantChat initialized with 1 chats
[90mstdout[2m | src/components/PracticeDrill/CollaborativePresenceBar.stories.tsx[2m > [22m[2mAll Complete
[22m[39m[ChatContext] Setting initial chat: mock-assistant-chat-1
[90mstdout[2m | src/components/PracticeDrill/CollaborativePresenceBar.stories.tsx[2m > [22m[2mAll Complete
[22m[39m[MOCK CourseVectorStore] Initialized with mock data
[90mstdout[2m | src/components/PracticeDrill/CollaborativePresenceBar.stories.tsx[2m > [22m[2mAll Complete
[22m[39m[FilesContext] Vector store population triggered {
  "currentVectorStoreSize": 3,
  "documentsCount": 0,
  "filesCount": 6,
  "isInitialLoad": true,
}
[90mstdout[2m | src/components/PracticeDrill/CollaborativePresenceBar.stories.tsx[2m > [22m[2mAll Complete
[22m[39m[FilesContext] Vector store population complete - 3 total embeddings
[90mstdout[2m | src/components/PracticeDrill/CollaborativePresenceBar.stories.tsx[2m > [22m[2mAll Complete
[22m[39m[ChatContext] Chat exists and not archived, skipping creation
[90mstdout[2m | src/components/PracticeDrill/CollaborativePresenceBar.stories.tsx[2m > [22m[2mAll Complete
[22m[39m[Mock Storage] downloadData called with: undefined
 [32m✓[39m [30m[45m storybook (chromium) [49m[39m src/components/PracticeDrill/CollaborativePresenceBar.stories.tsx [2m([22m[2m5 tests[22m[2m)[22m[33m 671[2mms[22m[39m
[90mstdout[2m | unknown test
[22m[39m[MOCK vectorStoreDB.js] Module loaded - mock IndexedDB operations
[90mstdout[2m | unknown test
[22m[39m[Task Completion] DOM action listeners initialized
[90mstdout[2m | unknown test
[22m[39m[Task Completion] Auto-completion detector initialized
[90mstdout[2m | unknown test
[22m[39m[Preview] Task completion detector initialized
[90mstdout[2m | src/components/RecordingStudio3/TakeVersionHistory.stories.tsx[2m > [22m[2mDefault
[22m[39m[TranslationModeController] Setting mode to: off
[90mstdout[2m | src/components/RecordingStudio3/TakeVersionHistory.stories.tsx[2m > [22m[2mSingle Version
[22m[39m[TranslationModeController] Setting mode to: off
[90mstdout[2m | src/components/RecordingStudio3/TakeVersionHistory.stories.tsx[2m > [22m[2mDisabled
[22m[39m[TranslationModeController] Setting mode to: off
[90mstdout[2m | src/components/RecordingStudio3/TakeVersionHistory.stories.tsx[2m > [22m[2mNo Slot Id
[22m[39m[TranslationModeController] Setting mode to: off
 [32m✓[39m [30m[45m storybook (chromium) [49m[39m src/components/RecordingStudio3/TakeVersionHistory.stories.tsx [2m([22m[2m4 tests[22m[2m)[22m[33m 384[2mms[22m[39m
[90mstdout[2m | unknown test
[22m[39m[MOCK vectorStoreDB.js] Module loaded - mock IndexedDB operations
[90mstdout[2m | unknown test
[22m[39m[Task Completion] DOM action listeners initialized
[90mstdout[2m | unknown test
[22m[39m[Task Completion] Auto-completion detector initialized
[90mstdout[2m | unknown test
[22m[39m[Preview] Task completion detector initialized
[90mstdout[2m | src/components/Gamification/ContentLockCard.stories.tsx[2m > [22m[2mLocked By XP
[22m[39m[TranslationModeController] Setting mode to: off
[90mstdout[2m | src/components/Gamification/ContentLockCard.stories.tsx[2m > [22m[2mLocked By Badge
[22m[39m[TranslationModeController] Setting mode to: off
[90mstdout[2m | src/components/Gamification/ContentLockCard.stories.tsx[2m > [22m[2mLocked By Completion
[22m[39m[TranslationModeController] Setting mode to: off
[90mstdout[2m | src/components/Gamification/ContentLockCard.stories.tsx[2m > [22m[2mUnlocked
[22m[39m[TranslationModeController] Setting mode to: off
 [32m✓[39m [30m[45m storybook (chromium) [49m[39m src/components/Gamification/ContentLockCard.stories.tsx [2m([22m[2m4 tests[22m[2m)[22m[33m 346[2mms[22m[39m
[90mstdout[2m | unknown test
[22m[39m[MOCK vectorStoreDB.js] Module loaded - mock IndexedDB operations
[90mstdout[2m | unknown test
[22m[39m[Task Completion] DOM action listeners initialized
[90mstdout[2m | unknown test
[22m[39m[Task Completion] Auto-completion detector initialized
[90mstdout[2m | unknown test
[22m[39m[Preview] Task completion detector initialized
[90mstdout[2m | .storybook/TranslationMode.stories.tsx[2m > [22m[2mDefault
[22m[39m[MOCK CourseVectorStore] Initialized with mock data
[90mstdout[2m | .storybook/TranslationMode.stories.tsx[2m > [22m[2mDefault
[22m[39m[TranslationOverlay] Mode changed to: off for key: demo.title
[90mstdout[2m | .storybook/TranslationMode.stories.tsx[2m > [22m[2mDefault
[22m[39m[TranslationOverlay] Mode changed to: off for key: demo.description
[90mstdout[2m | .storybook/TranslationMode.stories.tsx[2m > [22m[2mDefault
[22m[39m[TranslationOverlay] Mode changed to: off for key: demo.instructions
[90mstdout[2m | .storybook/TranslationMode.stories.tsx[2m > [22m[2mDefault
[22m[39m[TranslationOverlay] Mode changed to: off for key: demo.auth_form_heading
[90mstdout[2m | .storybook/TranslationMode.stories.tsx[2m > [22m[2mDefault
[22m[39m[TranslationOverlay] Mode changed to: off for key: username
[90mstdout[2m | .storybook/TranslationMode.stories.tsx[2m > [22m[2mDefault
[22m[39m[TranslationOverlay] Mode changed to: off for key: username
[90mstdout[2m | .storybook/TranslationMode.stories.tsx[2m > [22m[2mDefault
[22m[39m[TranslationOverlay] Mode changed to: off for key: password
[90mstdout[2m | .storybook/TranslationMode.stories.tsx[2m > [22m[2mDefault
[22m[39m[TranslationOverlay] Mode changed to: off for key: password
[90mstdout[2m | .storybook/TranslationMode.stories.tsx[2m > [22m[2mDefault
[22m[39m[TranslationOverlay] Mode changed to: off for key: email
[90mstdout[2m | .storybook/TranslationMode.stories.tsx[2m > [22m[2mDefault
[22m[39m[TranslationOverlay] Mode changed to: off for key: email
[90mstdout[2m | .storybook/TranslationMode.stories.tsx[2m > [22m[2mDefault
[22m[39m[TranslationOverlay] Mode changed to: off for key: sign_in
[90mstdout[2m | .storybook/TranslationMode.stories.tsx[2m > [22m[2mDefault
[22m[39m[TranslationOverlay] Mode changed to: off for key: sign_up
[90mstdout[2m | .storybook/TranslationMode.stories.tsx[2m > [22m[2mDefault
[22m[39m[TranslationOverlay] Mode changed to: off for key: forgot_password
[90mstdout[2m | .storybook/TranslationMode.stories.tsx[2m > [22m[2mDefault
[22m[39m[TranslationOverlay] Mode changed to: off for key: reset_password
[90mstdout[2m | .storybook/TranslationMode.stories.tsx[2m > [22m[2mDefault
[22m[39m[TranslationOverlay] Mode changed to: off for key: sign_out
[90mstdout[2m | .storybook/TranslationMode.stories.tsx[2m > [22m[2mDefault
[22m[39m[TranslationOverlay] Mode changed to: off for key: demo.password_reset_heading
[90mstdout[2m | .storybook/TranslationMode.stories.tsx[2m > [22m[2mDefault
[22m[39m[TranslationOverlay] Mode changed to: off for key: confirm_password
[90mstdout[2m | .storybook/TranslationMode.stories.tsx[2m > [22m[2mDefault
[22m[39m[TranslationOverlay] Mode changed to: off for key: confirm_password
[90mstdout[2m | .storybook/TranslationMode.stories.tsx[2m > [22m[2mDefault
[22m[39m[TranslationOverlay] Mode changed to: off for key: confirm_password_placeholder
[90mstdout[2m | .storybook/TranslationMode.stories.tsx[2m > [22m[2mDefault
[22m[39m[TranslationModeController] Setting mode to: off
[90mstdout[2m | .storybook/TranslationMode.stories.tsx[2m > [22m[2mDefault
[22m[39m[TranslationModeController] Setting mode to: off
[90mstdout[2m | .storybook/TranslationMode.stories.tsx[2m > [22m[2mDefault
[22m[39m[UnitContext] useEffect triggered {
  "authLoading": false,
  "hasUser": true,
  "id": "mock-unit-id",
  "userSub": "mock-user-sub",
}
[90mstdout[2m | .storybook/TranslationMode.stories.tsx[2m > [22m[2mDefault
[22m[39m[UnitContext] Fetching unit data for id: mock-unit-id
[90mstdout[2m | .storybook/TranslationMode.stories.tsx[2m > [22m[2mDefault
[22m[39m[FilesContext] Initializing vector store from IndexedDB
[90mstdout[2m | .storybook/TranslationMode.stories.tsx[2m > [22m[2mDefault
[22m[39m[FilesContext] fetchFiles called
[90mstdout[2m | .storybook/TranslationMode.stories.tsx[2m > [22m[2mDefault
[22m[39m[FilesContext] User authenticated: mock-user-sub
[90mstdout[2m | .storybook/TranslationMode.stories.tsx[2m > [22m[2mDefault
[22m[39m[FilesContext] Identity ID: us-east-1:mock-identity-123
[90mstdout[2m | .storybook/TranslationMode.stories.tsx[2m > [22m[2mDefault
[22m[39m[FilesContext] About to set up File observeQuery
[90mstdout[2m | .storybook/TranslationMode.stories.tsx[2m > [22m[2mDefault
[22m[39m[ChatContext] Setting up AssistantChat observeQuery
[90mstdout[2m | .storybook/TranslationMode.stories.tsx[2m > [22m[2mDefault
[22m[39m[ChatContext] Waiting for subscription to initialize
[90mstdout[2m | .storybook/TranslationMode.stories.tsx[2m > [22m[2mDefault
[22m[39m[SettingsContext] Setting up Settings subscription for user: mock-user-sub
[90mstdout[2m | .storybook/TranslationMode.stories.tsx[2m > [22m[2mDefault
[22m[39m[Mock Data] Settings created: mock-settings-1790416667143 - notified 0 subscribers
[90mstdout[2m | .storybook/TranslationMode.stories.tsx[2m > [22m[2mDefault
[22m[39m[Mock Data] Unit.onUpdate() subscription added. Total: 1
[90mstdout[2m | .storybook/TranslationMode.stories.tsx[2m > [22m[2mDefault
[22m[39m[SectionContext] Section observeQuery update: 0
[90mstdout[2m | .storybook/TranslationMode.stories.tsx[2m > [22m[2mDefault
[22m[39m[FilesContext] File observeQuery update: 6 files
[90mstdout[2m | .storybook/TranslationMode.stories.tsx[2m > [22m[2mDefault
[22m[39m[ChatContext] AssistantChat initialized with 1 chats
[90mstdout[2m | .storybook/TranslationMode.stories.tsx[2m > [22m[2mDefault
[22m[39m[ChatContext] Setting initial chat: mock-assistant-chat-1
[90mstdout[2m | .storybook/TranslationMode.stories.tsx[2m > [22m[2mDefault
[22m[39m[MOCK CourseVectorStore] Initialized with mock data
[90mstdout[2m | .storybook/TranslationMode.stories.tsx[2m > [22m[2mDefault
[22m[39m[FilesContext] Vector store population triggered {
  "currentVectorStoreSize": 3,
  "documentsCount": 0,
  "filesCount": 6,
  "isInitialLoad": true,
}
[90mstdout[2m | .storybook/TranslationMode.stories.tsx[2m > [22m[2mDefault
[22m[39m[FilesContext] Vector store population complete - 3 total embeddings
[90mstdout[2m | .storybook/TranslationMode.stories.tsx[2m > [22m[2mDefault
[22m[39m[ChatContext] Chat exists and not archived, skipping creation
[90mstdout[2m | .storybook/TranslationMode.stories.tsx[2m > [22m[2mDefault
[22m[39m[Mock Storage] downloadData called with: undefined
[90mstdout[2m | .storybook/TranslationMode.stories.tsx[2m > [22m[2mEditor Namespace
[22m[39m[ChatContext] Cleaning up subscriptions
[90mstdout[2m | .storybook/TranslationMode.stories.tsx[2m > [22m[2mEditor Namespace
[22m[39m[Mock Data] Unit.onUpdate() subscription removed. Remaining: 0
[90mstdout[2m | .storybook/TranslationMode.stories.tsx[2m > [22m[2mEditor Namespace
[22m[39m[MOCK CourseVectorStore] Initialized with mock data
[90mstdout[2m | .storybook/TranslationMode.stories.tsx[2m > [22m[2mEditor Namespace
[22m[39m[TranslationOverlay] Mode changed to: off for key: demo.title
[90mstdout[2m | .storybook/TranslationMode.stories.tsx[2m > [22m[2mEditor Namespace
[22m[39m[TranslationOverlay] Mode changed to: off for key: demo.description
[90mstdout[2m | .storybook/TranslationMode.stories.tsx[2m > [22m[2mEditor Namespace
[22m[39m[TranslationOverlay] Mode changed to: off for key: demo.instructions
[90mstdout[2m | .storybook/TranslationMode.stories.tsx[2m > [22m[2mEditor Namespace
[22m[39m[TranslationOverlay] Mode changed to: off for key: demo.auth_form_heading
[90mstdout[2m | .storybook/TranslationMode.stories.tsx[2m > [22m[2mEditor Namespace
[22m[39m[TranslationOverlay] Mode changed to: off for key: username
[90mstdout[2m | .storybook/TranslationMode.stories.tsx[2m > [22m[2mEditor Namespace
[22m[39m[TranslationOverlay] Mode changed to: off for key: username
[90mstdout[2m | .storybook/TranslationMode.stories.tsx[2m > [22m[2mEditor Namespace
[22m[39m[TranslationOverlay] Mode changed to: off for key: password
[90mstdout[2m | .storybook/TranslationMode.stories.tsx[2m > [22m[2mEditor Namespace
[22m[39m[TranslationOverlay] Mode changed to: off for key: password
[90mstdout[2m | .storybook/TranslationMode.stories.tsx[2m > [22m[2mEditor Namespace
[22m[39m[TranslationOverlay] Mode changed to: off for key: email
[90mstdout[2m | .storybook/TranslationMode.stories.tsx[2m > [22m[2mEditor Namespace
[22m[39m[TranslationOverlay] Mode changed to: off for key: email
[90mstdout[2m | .storybook/TranslationMode.stories.tsx[2m > [22m[2mEditor Namespace
[22m[39m[TranslationOverlay] Mode changed to: off for key: sign_in
[90mstdout[2m | .storybook/TranslationMode.stories.tsx[2m > [22m[2mEditor Namespace
[22m[39m[TranslationOverlay] Mode changed to: off for key: sign_up
[90mstdout[2m | .storybook/TranslationMode.stories.tsx[2m > [22m[2mEditor Namespace
[22m[39m[TranslationOverlay] Mode changed to: off for key: forgot_password
[90mstdout[2m | .storybook/TranslationMode.stories.tsx[2m > [22m[2mEditor Namespace
[22m[39m[TranslationOverlay] Mode changed to: off for key: reset_password
[90mstdout[2m | .storybook/TranslationMode.stories.tsx[2m > [22m[2mEditor Namespace
[22m[39m[TranslationOverlay] Mode changed to: off for key: sign_out
[90mstdout[2m | .storybook/TranslationMode.stories.tsx[2m > [22m[2mEditor Namespace
[22m[39m[TranslationOverlay] Mode changed to: off for key: demo.password_reset_heading
[90mstdout[2m | .storybook/TranslationMode.stories.tsx[2m > [22m[2mEditor Namespace
[22m[39m[TranslationOverlay] Mode changed to: off for key: confirm_password
[90mstdout[2m | .storybook/TranslationMode.stories.tsx[2m > [22m[2mEditor Namespace
[22m[39m[TranslationOverlay] Mode changed to: off for key: confirm_password
[90mstdout[2m | .storybook/TranslationMode.stories.tsx[2m > [22m[2mEditor Namespace
[22m[39m[TranslationOverlay] Mode changed to: off for key: confirm_password_placeholder
[90mstdout[2m | .storybook/TranslationMode.stories.tsx[2m > [22m[2mEditor Namespace
[22m[39m[TranslationModeController] Setting mode to: off
[90mstdout[2m | .storybook/TranslationMode.stories.tsx[2m > [22m[2mEditor Namespace
[22m[39m[TranslationModeController] Setting mode to: off
[90mstdout[2m | .storybook/TranslationMode.stories.tsx[2m > [22m[2mEditor Namespace
[22m[39m[UnitContext] useEffect triggered {
  "authLoading": false,
  "hasUser": true,
  "id": "mock-unit-id",
  "userSub": "mock-user-sub",
}
[90mstdout[2m | .storybook/TranslationMode.stories.tsx[2m > [22m[2mEditor Namespace
[22m[39m[UnitContext] Fetching unit data for id: mock-unit-id
[90mstdout[2m | .storybook/TranslationMode.stories.tsx[2m > [22m[2mEditor Namespace
[22m[39m[FilesContext] Initializing vector store from IndexedDB
[90mstdout[2m | .storybook/TranslationMode.stories.tsx[2m > [22m[2mEditor Namespace
[22m[39m[FilesContext] fetchFiles called
[90mstdout[2m | .storybook/TranslationMode.stories.tsx[2m > [22m[2mEditor Namespace
[22m[39m[FilesContext] User authenticated: mock-user-sub
[90mstdout[2m | .storybook/TranslationMode.stories.tsx[2m > [22m[2mEditor Namespace
[22m[39m[FilesContext] Identity ID: us-east-1:mock-identity-123
[90mstdout[2m | .storybook/TranslationMode.stories.tsx[2m > [22m[2mEditor Namespace
[22m[39m[FilesContext] About to set up File observeQuery
[90mstdout[2m | .storybook/TranslationMode.stories.tsx[2m > [22m[2mEditor Namespace
[22m[39m[ChatContext] Setting up AssistantChat observeQuery
[90mstdout[2m | .storybook/TranslationMode.stories.tsx[2m > [22m[2mEditor Namespace
[22m[39m[ChatContext] Waiting for subscription to initialize
[90mstdout[2m | .storybook/TranslationMode.stories.tsx[2m > [22m[2mEditor Namespace
[22m[39m[SettingsContext] Setting up Settings subscription for user: mock-user-sub
[90mstdout[2m | .storybook/TranslationMode.stories.tsx[2m > [22m[2mEditor Namespace
[22m[39m[Mock Data] Settings created: mock-settings-1790416667582 - notified 0 subscribers
[90mstdout[2m | .storybook/TranslationMode.stories.tsx[2m > [22m[2mEditor Namespace
[22m[39m[Mock Data] Unit.onUpdate() subscription added. Total: 1
[90mstdout[2m | .storybook/TranslationMode.stories.tsx[2m > [22m[2mEditor Namespace
[22m[39m[SectionContext] Section observeQuery update: 0
[90mstdout[2m | .storybook/TranslationMode.stories.tsx[2m > [22m[2mEditor Namespace
[22m[39m[FilesContext] File observeQuery update: 6 files
[90mstdout[2m | .storybook/TranslationMode.stories.tsx[2m > [22m[2mEditor Namespace
[22m[39m[ChatContext] AssistantChat initialized with 1 chats
[90mstdout[2m | .storybook/TranslationMode.stories.tsx[2m > [22m[2mEditor Namespace
[22m[39m[ChatContext] Setting initial chat: mock-assistant-chat-1
[90mstdout[2m | .storybook/TranslationMode.stories.tsx[2m > [22m[2mEditor Namespace
[22m[39m[MOCK CourseVectorStore] Initialized with mock data
[90mstdout[2m | .storybook/TranslationMode.stories.tsx[2m > [22m[2mEditor Namespace
[22m[39m[FilesContext] Vector store population triggered {
  "currentVectorStoreSize": 3,
  "documentsCount": 0,
  "filesCount": 6,
  "isInitialLoad": true,
}
[90mstdout[2m | .storybook/TranslationMode.stories.tsx[2m > [22m[2mEditor Namespace
[22m[39m[FilesContext] Vector store population complete - 3 total embeddings
[90mstdout[2m | .storybook/TranslationMode.stories.tsx[2m > [22m[2mEditor Namespace
[22m[39m[ChatContext] Chat exists and not archived, skipping creation
[90mstdout[2m | .storybook/TranslationMode.stories.tsx[2m > [22m[2mEditor Namespace
[22m[39m[Mock Storage] downloadData called with: undefined
[90mstdout[2m | .storybook/TranslationMode.stories.tsx[2m > [22m[2mAuth Namespace
[22m[39m[ChatContext] Cleaning up subscriptions
[90mstdout[2m | .storybook/TranslationMode.stories.tsx[2m > [22m[2mAuth Namespace
[22m[39m[Mock Data] Unit.onUpdate() subscription removed. Remaining: 0
[90mstdout[2m | .storybook/TranslationMode.stories.tsx[2m > [22m[2mAuth Namespace
[22m[39m[MOCK CourseVectorStore] Initialized with mock data
[90mstdout[2m | .storybook/TranslationMode.stories.tsx[2m > [22m[2mAuth Namespace
[22m[39m[TranslationOverlay] Mode changed to: off for key: demo.title
[90mstdout[2m | .storybook/TranslationMode.stories.tsx[2m > [22m[2mAuth Namespace
[22m[39m[TranslationOverlay] Mode changed to: off for key: demo.description
[90mstdout[2m | .storybook/TranslationMode.stories.tsx[2m > [22m[2mAuth Namespace
[22m[39m[TranslationOverlay] Mode changed to: off for key: demo.instructions
[90mstdout[2m | .storybook/TranslationMode.stories.tsx[2m > [22m[2mAuth Namespace
[22m[39m[TranslationOverlay] Mode changed to: off for key: demo.auth_form_heading
[90mstdout[2m | .storybook/TranslationMode.stories.tsx[2m > [22m[2mAuth Namespace
[22m[39m[TranslationOverlay] Mode changed to: off for key: username
[90mstdout[2m | .storybook/TranslationMode.stories.tsx[2m > [22m[2mAuth Namespace
[22m[39m[TranslationOverlay] Mode changed to: off for key: username
[90mstdout[2m | .storybook/TranslationMode.stories.tsx[2m > [22m[2mAuth Namespace
[22m[39m[TranslationOverlay] Mode changed to: off for key: password
[90mstdout[2m | .storybook/TranslationMode.stories.tsx[2m > [22m[2mAuth Namespace
[22m[39m[TranslationOverlay] Mode changed to: off for key: password
[90mstdout[2m | .storybook/TranslationMode.stories.tsx[2m > [22m[2mAuth Namespace
[22m[39m[TranslationOverlay] Mode changed to: off for key: email
[90mstdout[2m | .storybook/TranslationMode.stories.tsx[2m > [22m[2mAuth Namespace
[22m[39m[TranslationOverlay] Mode changed to: off for key: email
[90mstdout[2m | .storybook/TranslationMode.stories.tsx[2m > [22m[2mAuth Namespace
[22m[39m[TranslationOverlay] Mode changed to: off for key: sign_in
[90mstdout[2m | .storybook/TranslationMode.stories.tsx[2m > [22m[2mAuth Namespace
[22m[39m[TranslationOverlay] Mode changed to: off for key: sign_up
[90mstdout[2m | .storybook/TranslationMode.stories.tsx[2m > [22m[2mAuth Namespace
[22m[39m[TranslationOverlay] Mode changed to: off for key: forgot_password
[90mstdout[2m | .storybook/TranslationMode.stories.tsx[2m > [22m[2mAuth Namespace
[22m[39m[TranslationOverlay] Mode changed to: off for key: reset_password
[90mstdout[2m | .storybook/TranslationMode.stories.tsx[2m > [22m[2mAuth Namespace
[22m[39m[TranslationOverlay] Mode changed to: off for key: sign_out
[90mstdout[2m | .storybook/TranslationMode.stories.tsx[2m > [22m[2mAuth Namespace
[22m[39m[TranslationOverlay] Mode changed to: off for key: demo.password_reset_heading
[90mstdout[2m | .storybook/TranslationMode.stories.tsx[2m > [22m[2mAuth Namespace
[22m[39m[TranslationOverlay] Mode changed to: off for key: confirm_password
[90mstdout[2m | .storybook/TranslationMode.stories.tsx[2m > [22m[2mAuth Namespace
[22m[39m[TranslationOverlay] Mode changed to: off for key: confirm_password
[90mstdout[2m | .storybook/TranslationMode.stories.tsx[2m > [22m[2mAuth Namespace
[22m[39m[TranslationOverlay] Mode changed to: off for key: confirm_password_placeholder
[90mstdout[2m | .storybook/TranslationMode.stories.tsx[2m > [22m[2mAuth Namespace
[22m[39m[TranslationModeController] Setting mode to: off
[90mstdout[2m | .storybook/TranslationMode.stories.tsx[2m > [22m[2mAuth Namespace
[22m[39m[TranslationModeController] Setting mode to: off
[90mstdout[2m | .storybook/TranslationMode.stories.tsx[2m > [22m[2mAuth Namespace
[22m[39m[UnitContext] useEffect triggered {
  "authLoading": false,
  "hasUser": true,
  "id": "mock-unit-id",
  "userSub": "mock-user-sub",
}
[90mstdout[2m | .storybook/TranslationMode.stories.tsx[2m > [22m[2mAuth Namespace
[22m[39m[UnitContext] Fetching unit data for id: mock-unit-id
[90mstdout[2m | .storybook/TranslationMode.stories.tsx[2m > [22m[2mAuth Namespace
[22m[39m[FilesContext] Initializing vector store from IndexedDB
[90mstdout[2m | .storybook/TranslationMode.stories.tsx[2m > [22m[2mAuth Namespace
[22m[39m[FilesContext] fetchFiles called
[90mstdout[2m | .storybook/TranslationMode.stories.tsx[2m > [22m[2mAuth Namespace
[22m[39m[FilesContext] User authenticated: mock-user-sub
[90mstdout[2m | .storybook/TranslationMode.stories.tsx[2m > [22m[2mAuth Namespace
[22m[39m[FilesContext] Identity ID: us-east-1:mock-identity-123
[90mstdout[2m | .storybook/TranslationMode.stories.tsx[2m > [22m[2mAuth Namespace
[22m[39m[FilesContext] About to set up File observeQuery
[90mstdout[2m | .storybook/TranslationMode.stories.tsx[2m > [22m[2mAuth Namespace
[22m[39m[ChatContext] Setting up AssistantChat observeQuery
[90mstdout[2m | .storybook/TranslationMode.stories.tsx[2m > [22m[2mAuth Namespace
[22m[39m[ChatContext] Waiting for subscription to initialize
[90mstdout[2m | .storybook/TranslationMode.stories.tsx[2m > [22m[2mAuth Namespace
[22m[39m[SettingsContext] Setting up Settings subscription for user: mock-user-sub
[90mstdout[2m | .storybook/TranslationMode.stories.tsx[2m > [22m[2mAuth Namespace
[22m[39m[Mock Data] Settings created: mock-settings-1790416667913 - notified 0 subscribers
[90mstdout[2m | .storybook/TranslationMode.stories.tsx[2m > [22m[2mAuth Namespace
[22m[39m[Mock Data] Unit.onUpdate() subscription added. Total: 1
[90mstdout[2m | .storybook/TranslationMode.stories.tsx[2m > [22m[2mAuth Namespace
[22m[39m[SectionContext] Section observeQuery update: 0
[90mstdout[2m | .storybook/TranslationMode.stories.tsx[2m > [22m[2mAuth Namespace
[22m[39m[FilesContext] File observeQuery update: 6 files
[90mstdout[2m | .storybook/TranslationMode.stories.tsx[2m > [22m[2mAuth Namespace
[22m[39m[ChatContext] AssistantChat initialized with 1 chats
[90mstdout[2m | .storybook/TranslationMode.stories.tsx[2m > [22m[2mAuth Namespace
[22m[39m[ChatContext] Setting initial chat: mock-assistant-chat-1
[90mstdout[2m | .storybook/TranslationMode.stories.tsx[2m > [22m[2mAuth Namespace
[22m[39m[MOCK CourseVectorStore] Initialized with mock data
[90mstdout[2m | .storybook/TranslationMode.stories.tsx[2m > [22m[2mAuth Namespace
[22m[39m[FilesContext] Vector store population triggered {
  "currentVectorStoreSize": 3,
  "documentsCount": 0,
  "filesCount": 6,
  "isInitialLoad": true,
}
[90mstdout[2m | .storybook/TranslationMode.stories.tsx[2m > [22m[2mAuth Namespace
[22m[39m[FilesContext] Vector store population complete - 3 total embeddings
[90mstdout[2m | .storybook/TranslationMode.stories.tsx[2m > [22m[2mAuth Namespace
[22m[39m[ChatContext] Chat exists and not archived, skipping creation
[90mstdout[2m | .storybook/TranslationMode.stories.tsx[2m > [22m[2mAuth Namespace
[22m[39m[Mock Storage] downloadData called with: undefined
 [32m✓[39m [30m[45m storybook (chromium) [49m[39m .storybook/TranslationMode.stories.tsx [2m([22m[2m3 tests[22m[2m)[22m[33m 1166[2mms[22m[39m
   [33m[2m✓[22m[39m Default [33m 432[2mms[22m[39m
   [33m[2m✓[22m[39m Editor Namespace [33m 365[2mms[22m[39m
   [33m[2m✓[22m[39m Auth Namespace [33m 368[2mms[22m[39m
[90mstdout[2m | unknown test
[22m[39m[MOCK vectorStoreDB.js] Module loaded - mock IndexedDB operations
[90mstdout[2m | unknown test
[22m[39m[Task Completion] DOM action listeners initialized
[90mstdout[2m | unknown test
[22m[39m[Task Completion] Auto-completion detector initialized
[90mstdout[2m | unknown test
[22m[39m[Preview] Task completion detector initialized
[90mstdout[2m | src/stories/Page.stories.ts[2m > [22m[2mLogged Out
[22m[39m[MOCK CourseVectorStore] Initialized with mock data
[90mstdout[2m | src/stories/Page.stories.ts[2m > [22m[2mLogged Out
[22m[39m[TranslationModeController] Setting mode to: off
[90mstdout[2m | src/stories/Page.stories.ts[2m > [22m[2mLogged Out
[22m[39m[UnitContext] useEffect triggered {
  "authLoading": false,
  "hasUser": true,
  "id": "mock-unit-id",
  "userSub": "mock-user-sub",
}
[90mstdout[2m | src/stories/Page.stories.ts[2m > [22m[2mLogged Out
[22m[39m[UnitContext] Fetching unit data for id: mock-unit-id
[90mstdout[2m | src/stories/Page.stories.ts[2m > [22m[2mLogged Out
[22m[39m[FilesContext] Initializing vector store from IndexedDB
[90mstdout[2m | src/stories/Page.stories.ts[2m > [22m[2mLogged Out
[22m[39m[FilesContext] fetchFiles called
[90mstdout[2m | src/stories/Page.stories.ts[2m > [22m[2mLogged Out
[22m[39m[FilesContext] User authenticated: mock-user-sub
[90mstdout[2m | src/stories/Page.stories.ts[2m > [22m[2mLogged Out
[22m[39m[FilesContext] Identity ID: us-east-1:mock-identity-123
[90mstdout[2m | src/stories/Page.stories.ts[2m > [22m[2mLogged Out
[22m[39m[FilesContext] About to set up File observeQuery
[90mstdout[2m | src/stories/Page.stories.ts[2m > [22m[2mLogged Out
[22m[39m[ChatContext] Setting up AssistantChat observeQuery
[90mstdout[2m | src/stories/Page.stories.ts[2m > [22m[2mLogged Out
[22m[39m[ChatContext] Waiting for subscription to initialize
[90mstdout[2m | src/stories/Page.stories.ts[2m > [22m[2mLogged Out
[22m[39m[SettingsContext] Setting up Settings subscription for user: mock-user-sub
[90mstdout[2m | src/stories/Page.stories.ts[2m > [22m[2mLogged Out
[22m[39m[Mock Data] Settings created: mock-settings-1790416669054 - notified 0 subscribers
[90mstdout[2m | src/stories/Page.stories.ts[2m > [22m[2mLogged Out
[22m[39m[Mock Data] Unit.onUpdate() subscription added. Total: 1
[90mstdout[2m | src/stories/Page.stories.ts[2m > [22m[2mLogged Out
[22m[39m[SectionContext] Section observeQuery update: 0
[90mstdout[2m | src/stories/Page.stories.ts[2m > [22m[2mLogged Out
[22m[39m[FilesContext] File observeQuery update: 6 files
[90mstdout[2m | src/stories/Page.stories.ts[2m > [22m[2mLogged Out
[22m[39m[ChatContext] AssistantChat initialized with 1 chats
[90mstdout[2m | src/stories/Page.stories.ts[2m > [22m[2mLogged Out
[22m[39m[ChatContext] Setting initial chat: mock-assistant-chat-1
[90mstdout[2m | src/stories/Page.stories.ts[2m > [22m[2mLogged Out
[22m[39m[MOCK CourseVectorStore] Initialized with mock data
[90mstdout[2m | src/stories/Page.stories.ts[2m > [22m[2mLogged Out
[22m[39m[FilesContext] Vector store population triggered {
  "currentVectorStoreSize": 3,
  "documentsCount": 0,
  "filesCount": 6,
  "isInitialLoad": true,
}
[90mstdout[2m | src/stories/Page.stories.ts[2m > [22m[2mLogged Out
[22m[39m[FilesContext] Vector store population complete - 3 total embeddings
[90mstdout[2m | src/stories/Page.stories.ts[2m > [22m[2mLogged Out
[22m[39m[ChatContext] Chat exists and not archived, skipping creation
[90mstdout[2m | src/stories/Page.stories.ts[2m > [22m[2mLogged Out
[22m[39m[Mock Storage] downloadData called with: undefined
[90mstdout[2m | src/stories/Page.stories.ts[2m > [22m[2mLogged In
[22m[39m[ChatContext] Cleaning up subscriptions
[90mstdout[2m | src/stories/Page.stories.ts[2m > [22m[2mLogged In
[22m[39m[Mock Data] Unit.onUpdate() subscription removed. Remaining: 0
[90mstdout[2m | src/stories/Page.stories.ts[2m > [22m[2mLogged In
[22m[39m[MOCK CourseVectorStore] Initialized with mock data
[90mstdout[2m | src/stories/Page.stories.ts[2m > [22m[2mLogged In
[22m[39m[TranslationModeController] Setting mode to: off
[90mstdout[2m | src/stories/Page.stories.ts[2m > [22m[2mLogged In
[22m[39m[UnitContext] useEffect triggered {
  "authLoading": false,
  "hasUser": true,
  "id": "mock-unit-id",
  "userSub": "mock-user-sub",
}
[90mstdout[2m | src/stories/Page.stories.ts[2m > [22m[2mLogged In
[22m[39m[UnitContext] Fetching unit data for id: mock-unit-id
[90mstdout[2m | src/stories/Page.stories.ts[2m > [22m[2mLogged In
[22m[39m[FilesContext] Initializing vector store from IndexedDB
[90mstdout[2m | src/stories/Page.stories.ts[2m > [22m[2mLogged In
[22m[39m[FilesContext] fetchFiles called
[90mstdout[2m | src/stories/Page.stories.ts[2m > [22m[2mLogged In
[22m[39m[FilesContext] User authenticated: mock-user-sub
[90mstdout[2m | src/stories/Page.stories.ts[2m > [22m[2mLogged In
[22m[39m[FilesContext] Identity ID: us-east-1:mock-identity-123
[90mstdout[2m | src/stories/Page.stories.ts[2m > [22m[2mLogged In
[22m[39m[FilesContext] About to set up File observeQuery
[90mstdout[2m | src/stories/Page.stories.ts[2m > [22m[2mLogged In
[22m[39m[ChatContext] Setting up AssistantChat observeQuery
[90mstdout[2m | src/stories/Page.stories.ts[2m > [22m[2mLogged In
[22m[39m[ChatContext] Waiting for subscription to initialize
[90mstdout[2m | src/stories/Page.stories.ts[2m > [22m[2mLogged In
[22m[39m[SettingsContext] Setting up Settings subscription for user: mock-user-sub
[90mstdout[2m | src/stories/Page.stories.ts[2m > [22m[2mLogged In
[22m[39m[Mock Data] Settings created: mock-settings-1790416669232 - notified 0 subscribers
[90mstdout[2m | src/stories/Page.stories.ts[2m > [22m[2mLogged In
[22m[39m[Mock Data] Unit.onUpdate() subscription added. Total: 1
[90mstdout[2m | src/stories/Page.stories.ts[2m > [22m[2mLogged In
[22m[39m[SectionContext] Section observeQuery update: 0
[90mstdout[2m | src/stories/Page.stories.ts[2m > [22m[2mLogged In
[22m[39m[Mock Storage] downloadData called with: undefined
[90mstdout[2m | src/stories/Page.stories.ts[2m > [22m[2mLogged In
[22m[39m[FilesContext] File observeQuery update: 6 files
[90mstdout[2m | src/stories/Page.stories.ts[2m > [22m[2mLogged In
[22m[39m[MOCK CourseVectorStore] Initialized with mock data
[90mstdout[2m | src/stories/Page.stories.ts[2m > [22m[2mLogged In
[22m[39m[FilesContext] Vector store population triggered {
  "currentVectorStoreSize": 3,
  "documentsCount": 0,
  "filesCount": 6,
  "isInitialLoad": true,
}
[90mstdout[2m | src/stories/Page.stories.ts[2m > [22m[2mLogged In
[22m[39m[FilesContext] Vector store population complete - 3 total embeddings
[90mstdout[2m | src/stories/Page.stories.ts[2m > [22m[2mLogged In
[22m[39m[ChatContext] AssistantChat initialized with 1 chats
[90mstdout[2m | src/stories/Page.stories.ts[2m > [22m[2mLogged In
[22m[39m[ChatContext] Setting initial chat: mock-assistant-chat-1
[90mstdout[2m | src/stories/Page.stories.ts[2m > [22m[2mLogged In
[22m[39m[ChatContext] Chat exists and not archived, skipping creation
 [32m✓[39m [30m[45m storybook (chromium) [49m[39m src/stories/Page.stories.ts [2m([22m[2m2 tests[22m[2m)[22m[33m 316[2mms[22m[39m
[90mstdout[2m | unknown test
[22m[39m[MOCK vectorStoreDB.js] Module loaded - mock IndexedDB operations
[90mstdout[2m | unknown test
[22m[39m[Task Completion] DOM action listeners initialized
[90mstdout[2m | unknown test
[22m[39m[Task Completion] Auto-completion detector initialized
[90mstdout[2m | unknown test
[22m[39m[Preview] Task completion detector initialized
[90mstdout[2m | src/components/SectionAssigner.stories.jsx[2m > [22m[2mDefault
[22m[39m[MOCK CourseVectorStore] Initialized with mock data
[90mstdout[2m | src/components/SectionAssigner.stories.jsx[2m > [22m[2mDefault
[22m[39m[TranslationModeController] Setting mode to: off
[90mstdout[2m | src/components/SectionAssigner.stories.jsx[2m > [22m[2mDefault
[22m[39m[UnitContext] useEffect triggered {
  "authLoading": false,
  "hasUser": true,
  "id": "mock-unit-id",
  "userSub": "mock-user-sub",
}
[90mstdout[2m | src/components/SectionAssigner.stories.jsx[2m > [22m[2mDefault
[22m[39m[UnitContext] Fetching unit data for id: mock-unit-id
[90mstdout[2m | src/components/SectionAssigner.stories.jsx[2m > [22m[2mDefault
[22m[39m[FilesContext] Initializing vector store from IndexedDB
[90mstdout[2m | src/components/SectionAssigner.stories.jsx[2m > [22m[2mDefault
[22m[39m[FilesContext] fetchFiles called
[90mstdout[2m | src/components/SectionAssigner.stories.jsx[2m > [22m[2mDefault
[22m[39m[FilesContext] User authenticated: mock-user-sub
[90mstdout[2m | src/components/SectionAssigner.stories.jsx[2m > [22m[2mDefault
[22m[39m[FilesContext] Identity ID: us-east-1:mock-identity-123
[90mstdout[2m | src/components/SectionAssigner.stories.jsx[2m > [22m[2mDefault
[22m[39m[FilesContext] About to set up File observeQuery
[90mstdout[2m | src/components/SectionAssigner.stories.jsx[2m > [22m[2mDefault
[22m[39m[ChatContext] Setting up AssistantChat observeQuery
[90mstdout[2m | src/components/SectionAssigner.stories.jsx[2m > [22m[2mDefault
[22m[39m[ChatContext] Waiting for subscription to initialize
[90mstdout[2m | src/components/SectionAssigner.stories.jsx[2m > [22m[2mDefault
[22m[39m[SettingsContext] Setting up Settings subscription for user: mock-user-sub
[90mstdout[2m | src/components/SectionAssigner.stories.jsx[2m > [22m[2mDefault
[22m[39m[Mock Data] Settings created: mock-settings-1790416670007 - notified 0 subscribers
[90mstdout[2m | src/components/SectionAssigner.stories.jsx[2m > [22m[2mDefault
[22m[39m[Mock Data] Unit.onUpdate() subscription added. Total: 1
[90mstdout[2m | src/components/SectionAssigner.stories.jsx[2m > [22m[2mDefault
[22m[39m[SectionContext] Section observeQuery update: 0
[90mstdout[2m | src/components/SectionAssigner.stories.jsx[2m > [22m[2mDefault
[22m[39m[FilesContext] File observeQuery update: 6 files
[90mstdout[2m | src/components/SectionAssigner.stories.jsx[2m > [22m[2mDefault
[22m[39m[ChatContext] AssistantChat initialized with 1 chats
[90mstdout[2m | src/components/SectionAssigner.stories.jsx[2m > [22m[2mDefault
[22m[39m[ChatContext] Setting initial chat: mock-assistant-chat-1
[90mstdout[2m | src/components/SectionAssigner.stories.jsx[2m > [22m[2mDefault
[22m[39m[MOCK CourseVectorStore] Initialized with mock data
[90mstdout[2m | src/components/SectionAssigner.stories.jsx[2m > [22m[2mDefault
[22m[39m[FilesContext] Vector store population triggered {
  "currentVectorStoreSize": 3,
  "documentsCount": 0,
  "filesCount": 6,
  "isInitialLoad": true,
}
[90mstdout[2m | src/components/SectionAssigner.stories.jsx[2m > [22m[2mDefault
[22m[39m[FilesContext] Vector store population complete - 3 total embeddings
[90mstdout[2m | src/components/SectionAssigner.stories.jsx[2m > [22m[2mDefault
[22m[39m[ChatContext] Chat exists and not archived, skipping creation
[90mstdout[2m | src/components/SectionAssigner.stories.jsx[2m > [22m[2mDefault
[22m[39m[Mock Storage] downloadData called with: undefined
[90mstdout[2m | src/components/SectionAssigner.stories.jsx[2m > [22m[2mClosed
[22m[39m[ChatContext] Cleaning up subscriptions
[90mstdout[2m | src/components/SectionAssigner.stories.jsx[2m > [22m[2mClosed
[22m[39m[Mock Data] Unit.onUpdate() subscription removed. Remaining: 0
[90mstdout[2m | src/components/SectionAssigner.stories.jsx[2m > [22m[2mClosed
[22m[39m[MOCK CourseVectorStore] Initialized with mock data
[90mstdout[2m | src/components/SectionAssigner.stories.jsx[2m > [22m[2mClosed
[22m[39m[TranslationModeController] Setting mode to: off
[90mstdout[2m | src/components/SectionAssigner.stories.jsx[2m > [22m[2mClosed
[22m[39m[UnitContext] useEffect triggered {
  "authLoading": false,
  "hasUser": true,
  "id": "mock-unit-id",
  "userSub": "mock-user-sub",
}
[90mstdout[2m | src/components/SectionAssigner.stories.jsx[2m > [22m[2mClosed
[22m[39m[UnitContext] Fetching unit data for id: mock-unit-id
[90mstdout[2m | src/components/SectionAssigner.stories.jsx[2m > [22m[2mClosed
[22m[39m[FilesContext] Initializing vector store from IndexedDB
[90mstdout[2m | src/components/SectionAssigner.stories.jsx[2m > [22m[2mClosed
[22m[39m[FilesContext] fetchFiles called
[90mstdout[2m | src/components/SectionAssigner.stories.jsx[2m > [22m[2mClosed
[22m[39m[FilesContext] User authenticated: mock-user-sub
[90mstdout[2m | src/components/SectionAssigner.stories.jsx[2m > [22m[2mClosed
[22m[39m[FilesContext] Identity ID: us-east-1:mock-identity-123
[90mstdout[2m | src/components/SectionAssigner.stories.jsx[2m > [22m[2mClosed
[22m[39m[FilesContext] About to set up File observeQuery
[90mstdout[2m | src/components/SectionAssigner.stories.jsx[2m > [22m[2mClosed
[22m[39m[ChatContext] Setting up AssistantChat observeQuery
[90mstdout[2m | src/components/SectionAssigner.stories.jsx[2m > [22m[2mClosed
[22m[39m[ChatContext] Waiting for subscription to initialize
[90mstdout[2m | src/components/SectionAssigner.stories.jsx[2m > [22m[2mClosed
[22m[39m[SettingsContext] Setting up Settings subscription for user: mock-user-sub
[90mstdout[2m | src/components/SectionAssigner.stories.jsx[2m > [22m[2mClosed
[22m[39m[Mock Data] Settings created: mock-settings-1790416670274 - notified 0 subscribers
[90mstdout[2m | src/components/SectionAssigner.stories.jsx[2m > [22m[2mClosed
[22m[39m[Mock Data] Unit.onUpdate() subscription added. Total: 1
[90mstdout[2m | src/components/SectionAssigner.stories.jsx[2m > [22m[2mClosed
[22m[39m[SectionContext] Section observeQuery update: 0
[90mstdout[2m | src/components/SectionAssigner.stories.jsx[2m > [22m[2mClosed
[22m[39m[FilesContext] File observeQuery update: 6 files
[90mstdout[2m | src/components/SectionAssigner.stories.jsx[2m > [22m[2mClosed
[22m[39m[ChatContext] AssistantChat initialized with 1 chats
[90mstdout[2m | src/components/SectionAssigner.stories.jsx[2m > [22m[2mClosed
[22m[39m[ChatContext] Setting initial chat: mock-assistant-chat-1
[90mstdout[2m | src/components/SectionAssigner.stories.jsx[2m > [22m[2mClosed
[22m[39m[MOCK CourseVectorStore] Initialized with mock data
[90mstdout[2m | src/components/SectionAssigner.stories.jsx[2m > [22m[2mClosed
[22m[39m[FilesContext] Vector store population triggered {
  "currentVectorStoreSize": 3,
  "documentsCount": 0,
  "filesCount": 6,
  "isInitialLoad": true,
}
[90mstdout[2m | src/components/SectionAssigner.stories.jsx[2m > [22m[2mClosed
[22m[39m[FilesContext] Vector store population complete - 3 total embeddings
[90mstdout[2m | src/components/SectionAssigner.stories.jsx[2m > [22m[2mClosed
[22m[39m[ChatContext] Chat exists and not archived, skipping creation
[90mstdout[2m | src/components/SectionAssigner.stories.jsx[2m > [22m[2mClosed
[22m[39m[Mock Storage] downloadData called with: undefined
[90mstdout[2m | src/components/SectionAssigner.stories.jsx[2m > [22m[2mNo Sections
[22m[39m[ChatContext] Cleaning up subscriptions
[90mstdout[2m | src/components/SectionAssigner.stories.jsx[2m > [22m[2mNo Sections
[22m[39m[Mock Data] Unit.onUpdate() subscription removed. Remaining: 0
[90mstdout[2m | src/components/SectionAssigner.stories.jsx[2m > [22m[2mNo Sections
[22m[39m[MOCK CourseVectorStore] Initialized with mock data
[90mstdout[2m | src/components/SectionAssigner.stories.jsx[2m > [22m[2mNo Sections
[22m[39m[TranslationModeController] Setting mode to: off
[90mstdout[2m | src/components/SectionAssigner.stories.jsx[2m > [22m[2mNo Sections
[22m[39m[UnitContext] useEffect triggered {
  "authLoading": false,
  "hasUser": true,
  "id": "mock-unit-id",
  "userSub": "mock-user-sub",
}
[90mstdout[2m | src/components/SectionAssigner.stories.jsx[2m > [22m[2mNo Sections
[22m[39m[UnitContext] Fetching unit data for id: mock-unit-id
[90mstdout[2m | src/components/SectionAssigner.stories.jsx[2m > [22m[2mNo Sections
[22m[39m[FilesContext] Initializing vector store from IndexedDB
[90mstdout[2m | src/components/SectionAssigner.stories.jsx[2m > [22m[2mNo Sections
[22m[39m[FilesContext] fetchFiles called
[90mstdout[2m | src/components/SectionAssigner.stories.jsx[2m > [22m[2mNo Sections
[22m[39m[FilesContext] User authenticated: mock-user-sub
[90mstdout[2m | src/components/SectionAssigner.stories.jsx[2m > [22m[2mNo Sections
[22m[39m[FilesContext] Identity ID: us-east-1:mock-identity-123
[90mstdout[2m | src/components/SectionAssigner.stories.jsx[2m > [22m[2mNo Sections
[22m[39m[FilesContext] About to set up File observeQuery
[90mstdout[2m | src/components/SectionAssigner.stories.jsx[2m > [22m[2mNo Sections
[22m[39m[ChatContext] Setting up AssistantChat observeQuery
[90mstdout[2m | src/components/SectionAssigner.stories.jsx[2m > [22m[2mNo Sections
[22m[39m[ChatContext] Waiting for subscription to initialize
[90mstdout[2m | src/components/SectionAssigner.stories.jsx[2m > [22m[2mNo Sections
[22m[39m[SettingsContext] Setting up Settings subscription for user: mock-user-sub
[90mstdout[2m | src/components/SectionAssigner.stories.jsx[2m > [22m[2mNo Sections
[22m[39m[Mock Data] Settings created: mock-settings-1790416670397 - notified 0 subscribers
[90mstdout[2m | src/components/SectionAssigner.stories.jsx[2m > [22m[2mNo Sections
[22m[39m[Mock Data] Unit.onUpdate() subscription added. Total: 1
[90mstdout[2m | src/components/SectionAssigner.stories.jsx[2m > [22m[2mNo Sections
[22m[39m[SectionContext] Section observeQuery update: 0
[90mstdout[2m | src/components/SectionAssigner.stories.jsx[2m > [22m[2mNo Sections
[22m[39m[FilesContext] File observeQuery update: 6 files
[90mstdout[2m | src/components/SectionAssigner.stories.jsx[2m > [22m[2mNo Sections
[22m[39m[ChatContext] AssistantChat initialized with 1 chats
[90mstdout[2m | src/components/SectionAssigner.stories.jsx[2m > [22m[2mNo Sections
[22m[39m[ChatContext] Setting initial chat: mock-assistant-chat-1
[90mstdout[2m | src/components/SectionAssigner.stories.jsx[2m > [22m[2mNo Sections
[22m[39m[MOCK CourseVectorStore] Initialized with mock data
[90mstdout[2m | src/components/SectionAssigner.stories.jsx[2m > [22m[2mNo Sections
[22m[39m[FilesContext] Vector store population triggered {
  "currentVectorStoreSize": 3,
  "documentsCount": 0,
  "filesCount": 6,
  "isInitialLoad": true,
}
[90mstdout[2m | src/components/SectionAssigner.stories.jsx[2m > [22m[2mNo Sections
[22m[39m[FilesContext] Vector store population complete - 3 total embeddings
[90mstdout[2m | src/components/SectionAssigner.stories.jsx[2m > [22m[2mNo Sections
[22m[39m[ChatContext] Chat exists and not archived, skipping creation
[90mstdout[2m | src/components/SectionAssigner.stories.jsx[2m > [22m[2mNo Sections
[22m[39m[Mock Storage] downloadData called with: undefined
 [32m✓[39m [30m[45m storybook (chromium) [49m[39m src/components/SectionAssigner.stories.jsx [2m([22m[2m3 tests[22m[2m)[22m[33m 580[2mms[22m[39m
[90mstdout[2m | unknown test
[22m[39m[MOCK vectorStoreDB.js] Module loaded - mock IndexedDB operations
[90mstdout[2m | unknown test
[22m[39m[Task Completion] DOM action listeners initialized
[90mstdout[2m | unknown test
[22m[39m[Task Completion] Auto-completion detector initialized
[90mstdout[2m | unknown test
[22m[39m[Preview] Task completion detector initialized
[90mstdout[2m | src/components/Gamification/ChallengeRecapCard.stories.tsx[2m > [22m[2mWith Recaps
[22m[39m[MOCK CourseVectorStore] Initialized with mock data
[90mstdout[2m | src/components/Gamification/ChallengeRecapCard.stories.tsx[2m > [22m[2mWith Recaps
[22m[39m[TranslationModeController] Setting mode to: off
[90mstdout[2m | src/components/Gamification/ChallengeRecapCard.stories.tsx[2m > [22m[2mWith Recaps
[22m[39m[UnitContext] useEffect triggered {
  "authLoading": false,
  "hasUser": true,
  "id": "mock-unit-id",
  "userSub": "mock-user-sub",
}
[90mstdout[2m | src/components/Gamification/ChallengeRecapCard.stories.tsx[2m > [22m[2mWith Recaps
[22m[39m[UnitContext] Fetching unit data for id: mock-unit-id
[90mstdout[2m | src/components/Gamification/ChallengeRecapCard.stories.tsx[2m > [22m[2mWith Recaps
[22m[39m[FilesContext] Initializing vector store from IndexedDB
[90mstdout[2m | src/components/Gamification/ChallengeRecapCard.stories.tsx[2m > [22m[2mWith Recaps
[22m[39m[FilesContext] fetchFiles called
[90mstdout[2m | src/components/Gamification/ChallengeRecapCard.stories.tsx[2m > [22m[2mWith Recaps
[22m[39m[FilesContext] User authenticated: mock-user-sub
[90mstdout[2m | src/components/Gamification/ChallengeRecapCard.stories.tsx[2m > [22m[2mWith Recaps
[22m[39m[FilesContext] Identity ID: us-east-1:mock-identity-123
[90mstdout[2m | src/components/Gamification/ChallengeRecapCard.stories.tsx[2m > [22m[2mWith Recaps
[22m[39m[FilesContext] About to set up File observeQuery
[90mstdout[2m | src/components/Gamification/ChallengeRecapCard.stories.tsx[2m > [22m[2mWith Recaps
[22m[39m[ChatContext] Setting up AssistantChat observeQuery
[90mstdout[2m | src/components/Gamification/ChallengeRecapCard.stories.tsx[2m > [22m[2mWith Recaps
[22m[39m[ChatContext] Waiting for subscription to initialize
[90mstdout[2m | src/components/Gamification/ChallengeRecapCard.stories.tsx[2m > [22m[2mWith Recaps
[22m[39m[SettingsContext] Setting up Settings subscription for user: mock-user-sub
[90mstdout[2m | src/components/Gamification/ChallengeRecapCard.stories.tsx[2m > [22m[2mWith Recaps
[22m[39m[Mock Data] Settings created: mock-settings-1790416671336 - notified 0 subscribers
[90mstdout[2m | src/components/Gamification/ChallengeRecapCard.stories.tsx[2m > [22m[2mWith Recaps
[22m[39m[Mock Data] Unit.onUpdate() subscription added. Total: 1
[90mstdout[2m | src/components/Gamification/ChallengeRecapCard.stories.tsx[2m > [22m[2mWith Recaps
[22m[39m[SectionContext] Section observeQuery update: 0
[90mstdout[2m | src/components/Gamification/ChallengeRecapCard.stories.tsx[2m > [22m[2mWith Recaps
[22m[39m[FilesContext] File observeQuery update: 6 files
[90mstdout[2m | src/components/Gamification/ChallengeRecapCard.stories.tsx[2m > [22m[2mWith Recaps
[22m[39m[ChatContext] AssistantChat initialized with 1 chats
[90mstdout[2m | src/components/Gamification/ChallengeRecapCard.stories.tsx[2m > [22m[2mWith Recaps
[22m[39m[ChatContext] Setting initial chat: mock-assistant-chat-1
[90mstdout[2m | src/components/Gamification/ChallengeRecapCard.stories.tsx[2m > [22m[2mWith Recaps
[22m[39m[MOCK CourseVectorStore] Initialized with mock data
[90mstdout[2m | src/components/Gamification/ChallengeRecapCard.stories.tsx[2m > [22m[2mWith Recaps
[22m[39m[FilesContext] Vector store population triggered {
  "currentVectorStoreSize": 3,
  "documentsCount": 0,
  "filesCount": 6,
  "isInitialLoad": true,
}
[90mstdout[2m | src/components/Gamification/ChallengeRecapCard.stories.tsx[2m > [22m[2mWith Recaps
[22m[39m[FilesContext] Vector store population complete - 3 total embeddings
[90mstdout[2m | src/components/Gamification/ChallengeRecapCard.stories.tsx[2m > [22m[2mWith Recaps
[22m[39m[ChatContext] Chat exists and not archived, skipping creation
[90mstdout[2m | src/components/Gamification/ChallengeRecapCard.stories.tsx[2m > [22m[2mWith Recaps
[22m[39m[Mock Storage] downloadData called with: undefined
[90mstdout[2m | src/components/Gamification/ChallengeRecapCard.stories.tsx[2m > [22m[2mNo Recaps
[22m[39m[ChatContext] Cleaning up subscriptions
[90mstdout[2m | src/components/Gamification/ChallengeRecapCard.stories.tsx[2m > [22m[2mNo Recaps
[22m[39m[Mock Data] Unit.onUpdate() subscription removed. Remaining: 0
[90mstdout[2m | src/components/Gamification/ChallengeRecapCard.stories.tsx[2m > [22m[2mNo Recaps
[22m[39m[MOCK CourseVectorStore] Initialized with mock data
[90mstdout[2m | src/components/Gamification/ChallengeRecapCard.stories.tsx[2m > [22m[2mNo Recaps
[22m[39m[TranslationModeController] Setting mode to: off
[90mstdout[2m | src/components/Gamification/ChallengeRecapCard.stories.tsx[2m > [22m[2mNo Recaps
[22m[39m[UnitContext] useEffect triggered {
  "authLoading": false,
  "hasUser": true,
  "id": "mock-unit-id",
  "userSub": "mock-user-sub",
}
[90mstdout[2m | src/components/Gamification/ChallengeRecapCard.stories.tsx[2m > [22m[2mNo Recaps
[22m[39m[UnitContext] Fetching unit data for id: mock-unit-id
[90mstdout[2m | src/components/Gamification/ChallengeRecapCard.stories.tsx[2m > [22m[2mNo Recaps
[22m[39m[FilesContext] Initializing vector store from IndexedDB
[90mstdout[2m | src/components/Gamification/ChallengeRecapCard.stories.tsx[2m > [22m[2mNo Recaps
[22m[39m[FilesContext] fetchFiles called
[90mstdout[2m | src/components/Gamification/ChallengeRecapCard.stories.tsx[2m > [22m[2mNo Recaps
[22m[39m[FilesContext] User authenticated: mock-user-sub
[90mstdout[2m | src/components/Gamification/ChallengeRecapCard.stories.tsx[2m > [22m[2mNo Recaps
[22m[39m[FilesContext] Identity ID: us-east-1:mock-identity-123
[90mstdout[2m | src/components/Gamification/ChallengeRecapCard.stories.tsx[2m > [22m[2mNo Recaps
[22m[39m[FilesContext] About to set up File observeQuery
[90mstdout[2m | src/components/Gamification/ChallengeRecapCard.stories.tsx[2m > [22m[2mNo Recaps
[22m[39m[ChatContext] Setting up AssistantChat observeQuery
[90mstdout[2m | src/components/Gamification/ChallengeRecapCard.stories.tsx[2m > [22m[2mNo Recaps
[22m[39m[ChatContext] Waiting for subscription to initialize
[90mstdout[2m | src/components/Gamification/ChallengeRecapCard.stories.tsx[2m > [22m[2mNo Recaps
[22m[39m[SettingsContext] Setting up Settings subscription for user: mock-user-sub
[90mstdout[2m | src/components/Gamification/ChallengeRecapCard.stories.tsx[2m > [22m[2mNo Recaps
[22m[39m[Mock Data] Settings created: mock-settings-1790416671610 - notified 0 subscribers
[90mstdout[2m | src/components/Gamification/ChallengeRecapCard.stories.tsx[2m > [22m[2mNo Recaps
[22m[39m[Mock Data] Unit.onUpdate() subscription added. Total: 1
[90mstdout[2m | src/components/Gamification/ChallengeRecapCard.stories.tsx[2m > [22m[2mNo Recaps
[22m[39m[SectionContext] Section observeQuery update: 0
[90mstdout[2m | src/components/Gamification/ChallengeRecapCard.stories.tsx[2m > [22m[2mNo Recaps
[22m[39m[FilesContext] File observeQuery update: 6 files
[90mstdout[2m | src/components/Gamification/ChallengeRecapCard.stories.tsx[2m > [22m[2mNo Recaps
[22m[39m[ChatContext] AssistantChat initialized with 1 chats
[90mstdout[2m | src/components/Gamification/ChallengeRecapCard.stories.tsx[2m > [22m[2mNo Recaps
[22m[39m[ChatContext] Setting initial chat: mock-assistant-chat-1
[90mstdout[2m | src/components/Gamification/ChallengeRecapCard.stories.tsx[2m > [22m[2mNo Recaps
[22m[39m[Mock Storage] downloadData called with: undefined
[90mstdout[2m | src/components/Gamification/ChallengeRecapCard.stories.tsx[2m > [22m[2mNo Recaps
[22m[39m[MOCK CourseVectorStore] Initialized with mock data
[90mstdout[2m | src/components/Gamification/ChallengeRecapCard.stories.tsx[2m > [22m[2mNo Recaps
[22m[39m[FilesContext] Vector store population triggered {
  "currentVectorStoreSize": 3,
  "documentsCount": 0,
  "filesCount": 6,
  "isInitialLoad": true,
}
[90mstdout[2m | src/components/Gamification/ChallengeRecapCard.stories.tsx[2m > [22m[2mNo Recaps
[22m[39m[FilesContext] Vector store population complete - 3 total embeddings
[90mstdout[2m | src/components/Gamification/ChallengeRecapCard.stories.tsx[2m > [22m[2mNo Recaps
[22m[39m[ChatContext] Chat exists and not archived, skipping creation
[90mstdout[2m | src/components/Gamification/ChallengeRecapCard.stories.tsx[2m > [22m[2mNo Recaps Learner View
[22m[39m[ChatContext] Cleaning up subscriptions
[90mstdout[2m | src/components/Gamification/ChallengeRecapCard.stories.tsx[2m > [22m[2mNo Recaps Learner View
[22m[39m[Mock Data] Unit.onUpdate() subscription removed. Remaining: 0
[90mstdout[2m | src/components/Gamification/ChallengeRecapCard.stories.tsx[2m > [22m[2mNo Recaps Learner View
[22m[39m[MOCK CourseVectorStore] Initialized with mock data
[90mstdout[2m | src/components/Gamification/ChallengeRecapCard.stories.tsx[2m > [22m[2mNo Recaps Learner View
[22m[39m[TranslationModeController] Setting mode to: off
[90mstdout[2m | src/components/Gamification/ChallengeRecapCard.stories.tsx[2m > [22m[2mNo Recaps Learner View
[22m[39m[UnitContext] useEffect triggered {
  "authLoading": false,
  "hasUser": true,
  "id": "mock-unit-id",
  "userSub": "mock-user-sub",
}
[90mstdout[2m | src/components/Gamification/ChallengeRecapCard.stories.tsx[2m > [22m[2mNo Recaps Learner View
[22m[39m[UnitContext] Fetching unit data for id: mock-unit-id
[90mstdout[2m | src/components/Gamification/ChallengeRecapCard.stories.tsx[2m > [22m[2mNo Recaps Learner View
[22m[39m[FilesContext] Initializing vector store from IndexedDB
[90mstdout[2m | src/components/Gamification/ChallengeRecapCard.stories.tsx[2m > [22m[2mNo Recaps Learner View
[22m[39m[FilesContext] fetchFiles called
[90mstdout[2m | src/components/Gamification/ChallengeRecapCard.stories.tsx[2m > [22m[2mNo Recaps Learner View
[22m[39m[FilesContext] User authenticated: mock-user-sub
[90mstdout[2m | src/components/Gamification/ChallengeRecapCard.stories.tsx[2m > [22m[2mNo Recaps Learner View
[22m[39m[FilesContext] Identity ID: us-east-1:mock-identity-123
[90mstdout[2m | src/components/Gamification/ChallengeRecapCard.stories.tsx[2m > [22m[2mNo Recaps Learner View
[22m[39m[FilesContext] About to set up File observeQuery
[90mstdout[2m | src/components/Gamification/ChallengeRecapCard.stories.tsx[2m > [22m[2mNo Recaps Learner View
[22m[39m[ChatContext] Setting up AssistantChat observeQuery
[90mstdout[2m | src/components/Gamification/ChallengeRecapCard.stories.tsx[2m > [22m[2mNo Recaps Learner View
[22m[39m[ChatContext] Waiting for subscription to initialize
[90mstdout[2m | src/components/Gamification/ChallengeRecapCard.stories.tsx[2m > [22m[2mNo Recaps Learner View
[22m[39m[SettingsContext] Setting up Settings subscription for user: mock-user-sub
[90mstdout[2m | src/components/Gamification/ChallengeRecapCard.stories.tsx[2m > [22m[2mNo Recaps Learner View
[22m[39m[Mock Data] Settings created: mock-settings-1790416671746 - notified 0 subscribers
[90mstdout[2m | src/components/Gamification/ChallengeRecapCard.stories.tsx[2m > [22m[2mNo Recaps Learner View
[22m[39m[Mock Data] Unit.onUpdate() subscription added. Total: 1
[90mstdout[2m | src/components/Gamification/ChallengeRecapCard.stories.tsx[2m > [22m[2mNo Recaps Learner View
[22m[39m[SectionContext] Section observeQuery update: 0
[90mstdout[2m | src/components/Gamification/ChallengeRecapCard.stories.tsx[2m > [22m[2mNo Recaps Learner View
[22m[39m[FilesContext] File observeQuery update: 6 files
[90mstdout[2m | src/components/Gamification/ChallengeRecapCard.stories.tsx[2m > [22m[2mNo Recaps Learner View
[22m[39m[ChatContext] AssistantChat initialized with 1 chats
[90mstdout[2m | src/components/Gamification/ChallengeRecapCard.stories.tsx[2m > [22m[2mNo Recaps Learner View
[22m[39m[ChatContext] Setting initial chat: mock-assistant-chat-1
[90mstdout[2m | src/components/Gamification/ChallengeRecapCard.stories.tsx[2m > [22m[2mNo Recaps Learner View
[22m[39m[MOCK CourseVectorStore] Initialized with mock data
[90mstdout[2m | src/components/Gamification/ChallengeRecapCard.stories.tsx[2m > [22m[2mNo Recaps Learner View
[22m[39m[FilesContext] Vector store population triggered {
  "currentVectorStoreSize": 3,
  "documentsCount": 0,
  "filesCount": 6,
  "isInitialLoad": true,
}
[90mstdout[2m | src/components/Gamification/ChallengeRecapCard.stories.tsx[2m > [22m[2mNo Recaps Learner View
[22m[39m[FilesContext] Vector store population complete - 3 total embeddings
[90mstdout[2m | src/components/Gamification/ChallengeRecapCard.stories.tsx[2m > [22m[2mNo Recaps Learner View
[22m[39m[ChatContext] Chat exists and not archived, skipping creation
[90mstdout[2m | src/components/Gamification/ChallengeRecapCard.stories.tsx[2m > [22m[2mNo Recaps Learner View
[22m[39m[Mock Storage] downloadData called with: undefined
[90mstdout[2m | src/components/Gamification/ChallengeRecapCard.stories.tsx[2m > [22m[2mGenerating
[22m[39m[ChatContext] Cleaning up subscriptions
[90mstdout[2m | src/components/Gamification/ChallengeRecapCard.stories.tsx[2m > [22m[2mGenerating
[22m[39m[Mock Data] Unit.onUpdate() subscription removed. Remaining: 0
[90mstdout[2m | src/components/Gamification/ChallengeRecapCard.stories.tsx[2m > [22m[2mGenerating
[22m[39m[MOCK CourseVectorStore] Initialized with mock data
[90mstdout[2m | src/components/Gamification/ChallengeRecapCard.stories.tsx[2m > [22m[2mGenerating
[22m[39m[TranslationModeController] Setting mode to: off
[90mstdout[2m | src/components/Gamification/ChallengeRecapCard.stories.tsx[2m > [22m[2mGenerating
[22m[39m[UnitContext] useEffect triggered {
  "authLoading": false,
  "hasUser": true,
  "id": "mock-unit-id",
  "userSub": "mock-user-sub",
}
[90mstdout[2m | src/components/Gamification/ChallengeRecapCard.stories.tsx[2m > [22m[2mGenerating
[22m[39m[UnitContext] Fetching unit data for id: mock-unit-id
[90mstdout[2m | src/components/Gamification/ChallengeRecapCard.stories.tsx[2m > [22m[2mGenerating
[22m[39m[FilesContext] Initializing vector store from IndexedDB
[90mstdout[2m | src/components/Gamification/ChallengeRecapCard.stories.tsx[2m > [22m[2mGenerating
[22m[39m[FilesContext] fetchFiles called
[90mstdout[2m | src/components/Gamification/ChallengeRecapCard.stories.tsx[2m > [22m[2mGenerating
[22m[39m[FilesContext] User authenticated: mock-user-sub
[90mstdout[2m | src/components/Gamification/ChallengeRecapCard.stories.tsx[2m > [22m[2mGenerating
[22m[39m[FilesContext] Identity ID: us-east-1:mock-identity-123
[90mstdout[2m | src/components/Gamification/ChallengeRecapCard.stories.tsx[2m > [22m[2mGenerating
[22m[39m[FilesContext] About to set up File observeQuery
[90mstdout[2m | src/components/Gamification/ChallengeRecapCard.stories.tsx[2m > [22m[2mGenerating
[22m[39m[ChatContext] Setting up AssistantChat observeQuery
[90mstdout[2m | src/components/Gamification/ChallengeRecapCard.stories.tsx[2m > [22m[2mGenerating
[22m[39m[ChatContext] Waiting for subscription to initialize
[90mstdout[2m | src/components/Gamification/ChallengeRecapCard.stories.tsx[2m > [22m[2mGenerating
[22m[39m[SettingsContext] Setting up Settings subscription for user: mock-user-sub
[90mstdout[2m | src/components/Gamification/ChallengeRecapCard.stories.tsx[2m > [22m[2mGenerating
[22m[39m[Mock Data] Settings created: mock-settings-1790416671875 - notified 0 subscribers
[90mstdout[2m | src/components/Gamification/ChallengeRecapCard.stories.tsx[2m > [22m[2mGenerating
[22m[39m[Mock Data] Unit.onUpdate() subscription added. Total: 1
[90mstdout[2m | src/components/Gamification/ChallengeRecapCard.stories.tsx[2m > [22m[2mGenerating
[22m[39m[SectionContext] Section observeQuery update: 0
[90mstdout[2m | src/components/Gamification/ChallengeRecapCard.stories.tsx[2m > [22m[2mGenerating
[22m[39m[FilesContext] File observeQuery update: 6 files
[90mstdout[2m | src/components/Gamification/ChallengeRecapCard.stories.tsx[2m > [22m[2mGenerating
[22m[39m[ChatContext] AssistantChat initialized with 1 chats
[90mstdout[2m | src/components/Gamification/ChallengeRecapCard.stories.tsx[2m > [22m[2mGenerating
[22m[39m[ChatContext] Setting initial chat: mock-assistant-chat-1
[90mstdout[2m | src/components/Gamification/ChallengeRecapCard.stories.tsx[2m > [22m[2mGenerating
[22m[39m[MOCK CourseVectorStore] Initialized with mock data
[90mstdout[2m | src/components/Gamification/ChallengeRecapCard.stories.tsx[2m > [22m[2mGenerating
[22m[39m[FilesContext] Vector store population triggered {
  "currentVectorStoreSize": 3,
  "documentsCount": 0,
  "filesCount": 6,
  "isInitialLoad": true,
}
[90mstdout[2m | src/components/Gamification/ChallengeRecapCard.stories.tsx[2m > [22m[2mGenerating
[22m[39m[FilesContext] Vector store population complete - 3 total embeddings
[90mstdout[2m | src/components/Gamification/ChallengeRecapCard.stories.tsx[2m > [22m[2mGenerating
[22m[39m[ChatContext] Chat exists and not archived, skipping creation
[90mstdout[2m | src/components/Gamification/ChallengeRecapCard.stories.tsx[2m > [22m[2mGenerating
[22m[39m[Mock Storage] downloadData called with: undefined
[90mstdout[2m | src/components/Gamification/ChallengeRecapCard.stories.tsx[2m > [22m[2mLearner View
[22m[39m[ChatContext] Cleaning up subscriptions
[90mstdout[2m | src/components/Gamification/ChallengeRecapCard.stories.tsx[2m > [22m[2mLearner View
[22m[39m[Mock Data] Unit.onUpdate() subscription removed. Remaining: 0
[90mstdout[2m | src/components/Gamification/ChallengeRecapCard.stories.tsx[2m > [22m[2mLearner View
[22m[39m[MOCK CourseVectorStore] Initialized with mock data
[90mstdout[2m | src/components/Gamification/ChallengeRecapCard.stories.tsx[2m > [22m[2mLearner View
[22m[39m[TranslationModeController] Setting mode to: off
[90mstdout[2m | src/components/Gamification/ChallengeRecapCard.stories.tsx[2m > [22m[2mLearner View
[22m[39m[UnitContext] useEffect triggered {
  "authLoading": false,
  "hasUser": true,
  "id": "mock-unit-id",
  "userSub": "mock-user-sub",
}
[90mstdout[2m | src/components/Gamification/ChallengeRecapCard.stories.tsx[2m > [22m[2mLearner View
[22m[39m[UnitContext] Fetching unit data for id: mock-unit-id
[90mstdout[2m | src/components/Gamification/ChallengeRecapCard.stories.tsx[2m > [22m[2mLearner View
[22m[39m[FilesContext] Initializing vector store from IndexedDB
[90mstdout[2m | src/components/Gamification/ChallengeRecapCard.stories.tsx[2m > [22m[2mLearner View
[22m[39m[FilesContext] fetchFiles called
[90mstdout[2m | src/components/Gamification/ChallengeRecapCard.stories.tsx[2m > [22m[2mLearner View
[22m[39m[FilesContext] User authenticated: mock-user-sub
[90mstdout[2m | src/components/Gamification/ChallengeRecapCard.stories.tsx[2m > [22m[2mLearner View
[22m[39m[FilesContext] Identity ID: us-east-1:mock-identity-123
[90mstdout[2m | src/components/Gamification/ChallengeRecapCard.stories.tsx[2m > [22m[2mLearner View
[22m[39m[FilesContext] About to set up File observeQuery
[90mstdout[2m | src/components/Gamification/ChallengeRecapCard.stories.tsx[2m > [22m[2mLearner View
[22m[39m[ChatContext] Setting up AssistantChat observeQuery
[90mstdout[2m | src/components/Gamification/ChallengeRecapCard.stories.tsx[2m > [22m[2mLearner View
[22m[39m[ChatContext] Waiting for subscription to initialize
[90mstdout[2m | src/components/Gamification/ChallengeRecapCard.stories.tsx[2m > [22m[2mLearner View
[22m[39m[SettingsContext] Setting up Settings subscription for user: mock-user-sub
[90mstdout[2m | src/components/Gamification/ChallengeRecapCard.stories.tsx[2m > [22m[2mLearner View
[22m[39m[Mock Data] Settings created: mock-settings-1790416672061 - notified 0 subscribers
[90mstdout[2m | src/components/Gamification/ChallengeRecapCard.stories.tsx[2m > [22m[2mLearner View
[22m[39m[Mock Data] Unit.onUpdate() subscription added. Total: 1
[90mstdout[2m | src/components/Gamification/ChallengeRecapCard.stories.tsx[2m > [22m[2mLearner View
[22m[39m[SectionContext] Section observeQuery update: 0
[90mstdout[2m | src/components/Gamification/ChallengeRecapCard.stories.tsx[2m > [22m[2mLearner View
[22m[39m[FilesContext] File observeQuery update: 6 files
[90mstdout[2m | src/components/Gamification/ChallengeRecapCard.stories.tsx[2m > [22m[2mLearner View
[22m[39m[ChatContext] AssistantChat initialized with 1 chats
[90mstdout[2m | src/components/Gamification/ChallengeRecapCard.stories.tsx[2m > [22m[2mLearner View
[22m[39m[ChatContext] Setting initial chat: mock-assistant-chat-1
[90mstdout[2m | src/components/Gamification/ChallengeRecapCard.stories.tsx[2m > [22m[2mLearner View
[22m[39m[MOCK CourseVectorStore] Initialized with mock data
[90mstdout[2m | src/components/Gamification/ChallengeRecapCard.stories.tsx[2m > [22m[2mLearner View
[22m[39m[FilesContext] Vector store population triggered {
  "currentVectorStoreSize": 3,
  "documentsCount": 0,
  "filesCount": 6,
  "isInitialLoad": true,
}
[90mstdout[2m | src/components/Gamification/ChallengeRecapCard.stories.tsx[2m > [22m[2mLearner View
[22m[39m[FilesContext] Vector store population complete - 3 total embeddings
[90mstdout[2m | src/components/Gamification/ChallengeRecapCard.stories.tsx[2m > [22m[2mLearner View
[22m[39m[ChatContext] Chat exists and not archived, skipping creation
[90mstdout[2m | src/components/Gamification/ChallengeRecapCard.stories.tsx[2m > [22m[2mLearner View
[22m[39m[Mock Storage] downloadData called with: undefined
 [32m✓[39m [30m[45m storybook (chromium) [49m[39m src/components/Gamification/ChallengeRecapCard.stories.tsx [2m([22m[2m5 tests[22m[2m)[22m[33m 970[2mms[22m[39m
   [33m[2m✓[22m[39m With Recaps [33m 340[2mms[22m[39m
[90mstdout[2m | unknown test
[22m[39m[MOCK vectorStoreDB.js] Module loaded - mock IndexedDB operations
[90mstdout[2m | unknown test
[22m[39m[Task Completion] DOM action listeners initialized
[90mstdout[2m | unknown test
[22m[39m[Task Completion] Auto-completion detector initialized
[90mstdout[2m | unknown test
[22m[39m[Preview] Task completion detector initialized
[90mstdout[2m | src/stories/KeyboardShortcutTrainer.stories.tsx[2m > [22m[2mDefault
[22m[39m[MOCK CourseVectorStore] Initialized with mock data
[90mstdout[2m | src/stories/KeyboardShortcutTrainer.stories.tsx[2m > [22m[2mDefault
[22m[39m[TranslationModeController] Setting mode to: off
[90mstdout[2m | src/stories/KeyboardShortcutTrainer.stories.tsx[2m > [22m[2mDefault
[22m[39m[UnitContext] useEffect triggered {
  "authLoading": false,
  "hasUser": true,
  "id": "mock-unit-id",
  "userSub": "mock-user-sub",
}
[90mstdout[2m | src/stories/KeyboardShortcutTrainer.stories.tsx[2m > [22m[2mDefault
[22m[39m[UnitContext] Fetching unit data for id: mock-unit-id
[90mstdout[2m | src/stories/KeyboardShortcutTrainer.stories.tsx[2m > [22m[2mDefault
[22m[39m[FilesContext] Initializing vector store from IndexedDB
[90mstdout[2m | src/stories/KeyboardShortcutTrainer.stories.tsx[2m > [22m[2mDefault
[22m[39m[FilesContext] fetchFiles called
[90mstdout[2m | src/stories/KeyboardShortcutTrainer.stories.tsx[2m > [22m[2mDefault
[22m[39m[FilesContext] User authenticated: mock-user-sub
[90mstdout[2m | src/stories/KeyboardShortcutTrainer.stories.tsx[2m > [22m[2mDefault
[22m[39m[FilesContext] Identity ID: us-east-1:mock-identity-123
[90mstdout[2m | src/stories/KeyboardShortcutTrainer.stories.tsx[2m > [22m[2mDefault
[22m[39m[FilesContext] About to set up File observeQuery
[90mstdout[2m | src/stories/KeyboardShortcutTrainer.stories.tsx[2m > [22m[2mDefault
[22m[39m[ChatContext] Setting up AssistantChat observeQuery
[90mstdout[2m | src/stories/KeyboardShortcutTrainer.stories.tsx[2m > [22m[2mDefault
[22m[39m[ChatContext] Waiting for subscription to initialize
[90mstdout[2m | src/stories/KeyboardShortcutTrainer.stories.tsx[2m > [22m[2mDefault
[22m[39m[SettingsContext] Setting up Settings subscription for user: mock-user-sub
[90mstdout[2m | src/stories/KeyboardShortcutTrainer.stories.tsx[2m > [22m[2mDefault
[22m[39m[Mock Data] Settings created: mock-settings-1790416672809 - notified 0 subscribers
[90mstdout[2m | src/stories/KeyboardShortcutTrainer.stories.tsx[2m > [22m[2mDefault
[22m[39m[Mock Data] Unit.onUpdate() subscription added. Total: 1
[90mstdout[2m | src/stories/KeyboardShortcutTrainer.stories.tsx[2m > [22m[2mDefault
[22m[39m[SectionContext] Section observeQuery update: 0
[90mstdout[2m | src/stories/KeyboardShortcutTrainer.stories.tsx[2m > [22m[2mDefault
[22m[39m[FilesContext] File observeQuery update: 6 files
[90mstdout[2m | src/stories/KeyboardShortcutTrainer.stories.tsx[2m > [22m[2mDefault
[22m[39m[ChatContext] AssistantChat initialized with 1 chats
[90mstdout[2m | src/stories/KeyboardShortcutTrainer.stories.tsx[2m > [22m[2mDefault
[22m[39m[ChatContext] Setting initial chat: mock-assistant-chat-1
[90mstdout[2m | src/stories/KeyboardShortcutTrainer.stories.tsx[2m > [22m[2mDefault
[22m[39m[MOCK CourseVectorStore] Initialized with mock data
[90mstdout[2m | src/stories/KeyboardShortcutTrainer.stories.tsx[2m > [22m[2mDefault
[22m[39m[FilesContext] Vector store population triggered {
  "currentVectorStoreSize": 3,
  "documentsCount": 0,
  "filesCount": 6,
  "isInitialLoad": true,
}
[90mstdout[2m | src/stories/KeyboardShortcutTrainer.stories.tsx[2m > [22m[2mDefault
[22m[39m[FilesContext] Vector store population complete - 3 total embeddings
[90mstdout[2m | src/stories/KeyboardShortcutTrainer.stories.tsx[2m > [22m[2mDefault
[22m[39m[ChatContext] Chat exists and not archived, skipping creation
[90mstdout[2m | src/stories/KeyboardShortcutTrainer.stories.tsx[2m > [22m[2mDefault
[22m[39m[Mock Storage] downloadData called with: undefined
 [32m✓[39m [30m[45m storybook (chromium) [49m[39m src/stories/KeyboardShortcutTrainer.stories.tsx [2m([22m[2m1 test[22m[2m)[22m[33m 381[2mms[22m[39m
   [33m[2m✓[22m[39m Default [33m 380[2mms[22m[39m
[90mstdout[2m | unknown test
[22m[39m[MOCK vectorStoreDB.js] Module loaded - mock IndexedDB operations
[90mstdout[2m | unknown test
[22m[39m[Task Completion] DOM action listeners initialized
[90mstdout[2m | unknown test
[22m[39m[Task Completion] Auto-completion detector initialized
[90mstdout[2m | unknown test
[22m[39m[Preview] Task completion detector initialized
[90mstdout[2m | src/stories/Header.stories.ts[2m > [22m[2mLogged In
[22m[39m[MOCK CourseVectorStore] Initialized with mock data
[90mstdout[2m | src/stories/Header.stories.ts[2m > [22m[2mLogged In
[22m[39m[TranslationModeController] Setting mode to: off
[90mstdout[2m | src/stories/Header.stories.ts[2m > [22m[2mLogged In
[22m[39m[UnitContext] useEffect triggered {
  "authLoading": false,
  "hasUser": true,
  "id": "mock-unit-id",
  "userSub": "mock-user-sub",
}
[90mstdout[2m | src/stories/Header.stories.ts[2m > [22m[2mLogged In
[22m[39m[UnitContext] Fetching unit data for id: mock-unit-id
[90mstdout[2m | src/stories/Header.stories.ts[2m > [22m[2mLogged In
[22m[39m[FilesContext] Initializing vector store from IndexedDB
[90mstdout[2m | src/stories/Header.stories.ts[2m > [22m[2mLogged In
[22m[39m[FilesContext] fetchFiles called
[90mstdout[2m | src/stories/Header.stories.ts[2m > [22m[2mLogged In
[22m[39m[FilesContext] User authenticated: mock-user-sub
[90mstdout[2m | src/stories/Header.stories.ts[2m > [22m[2mLogged In
[22m[39m[FilesContext] Identity ID: us-east-1:mock-identity-123
[90mstdout[2m | src/stories/Header.stories.ts[2m > [22m[2mLogged In
[22m[39m[FilesContext] About to set up File observeQuery
[90mstdout[2m | src/stories/Header.stories.ts[2m > [22m[2mLogged In
[22m[39m[ChatContext] Setting up AssistantChat observeQuery
[90mstdout[2m | src/stories/Header.stories.ts[2m > [22m[2mLogged In
[22m[39m[ChatContext] Waiting for subscription to initialize
[90mstdout[2m | src/stories/Header.stories.ts[2m > [22m[2mLogged In
[22m[39m[SettingsContext] Setting up Settings subscription for user: mock-user-sub
[90mstdout[2m | src/stories/Header.stories.ts[2m > [22m[2mLogged In
[22m[39m[Mock Data] Settings created: mock-settings-1790416673663 - notified 0 subscribers
[90mstdout[2m | src/stories/Header.stories.ts[2m > [22m[2mLogged In
[22m[39m[Mock Data] Unit.onUpdate() subscription added. Total: 1
[90mstdout[2m | src/stories/Header.stories.ts[2m > [22m[2mLogged In
[22m[39m[SectionContext] Section observeQuery update: 0
[90mstdout[2m | src/stories/Header.stories.ts[2m > [22m[2mLogged In
[22m[39m[FilesContext] File observeQuery update: 6 files
[90mstdout[2m | src/stories/Header.stories.ts[2m > [22m[2mLogged In
[22m[39m[ChatContext] AssistantChat initialized with 1 chats
[90mstdout[2m | src/stories/Header.stories.ts[2m > [22m[2mLogged In
[22m[39m[ChatContext] Setting initial chat: mock-assistant-chat-1
[90mstdout[2m | src/stories/Header.stories.ts[2m > [22m[2mLogged In
[22m[39m[Mock Storage] downloadData called with: undefined
[90mstdout[2m | src/stories/Header.stories.ts[2m > [22m[2mLogged In
[22m[39m[MOCK CourseVectorStore] Initialized with mock data
[90mstdout[2m | src/stories/Header.stories.ts[2m > [22m[2mLogged In
[22m[39m[FilesContext] Vector store population triggered {
  "currentVectorStoreSize": 3,
  "documentsCount": 0,
  "filesCount": 6,
  "isInitialLoad": true,
}
[90mstdout[2m | src/stories/Header.stories.ts[2m > [22m[2mLogged In
[22m[39m[FilesContext] Vector store population complete - 3 total embeddings
[90mstdout[2m | src/stories/Header.stories.ts[2m > [22m[2mLogged In
[22m[39m[ChatContext] Chat exists and not archived, skipping creation
[90mstdout[2m | src/stories/Header.stories.ts[2m > [22m[2mLogged Out
[22m[39m[ChatContext] Cleaning up subscriptions
[90mstdout[2m | src/stories/Header.stories.ts[2m > [22m[2mLogged Out
[22m[39m[Mock Data] Unit.onUpdate() subscription removed. Remaining: 0
[90mstdout[2m | src/stories/Header.stories.ts[2m > [22m[2mLogged Out
[22m[39m[MOCK CourseVectorStore] Initialized with mock data
[90mstdout[2m | src/stories/Header.stories.ts[2m > [22m[2mLogged Out
[22m[39m[TranslationModeController] Setting mode to: off
[90mstdout[2m | src/stories/Header.stories.ts[2m > [22m[2mLogged Out
[22m[39m[UnitContext] useEffect triggered {
  "authLoading": false,
  "hasUser": true,
  "id": "mock-unit-id",
  "userSub": "mock-user-sub",
}
[90mstdout[2m | src/stories/Header.stories.ts[2m > [22m[2mLogged Out
[22m[39m[UnitContext] Fetching unit data for id: mock-unit-id
[90mstdout[2m | src/stories/Header.stories.ts[2m > [22m[2mLogged Out
[22m[39m[FilesContext] Initializing vector store from IndexedDB
[90mstdout[2m | src/stories/Header.stories.ts[2m > [22m[2mLogged Out
[22m[39m[FilesContext] fetchFiles called
[90mstdout[2m | src/stories/Header.stories.ts[2m > [22m[2mLogged Out
[22m[39m[FilesContext] User authenticated: mock-user-sub
[90mstdout[2m | src/stories/Header.stories.ts[2m > [22m[2mLogged Out
[22m[39m[FilesContext] Identity ID: us-east-1:mock-identity-123
[90mstdout[2m | src/stories/Header.stories.ts[2m > [22m[2mLogged Out
[22m[39m[FilesContext] About to set up File observeQuery
[90mstdout[2m | src/stories/Header.stories.ts[2m > [22m[2mLogged Out
[22m[39m[ChatContext] Setting up AssistantChat observeQuery
[90mstdout[2m | src/stories/Header.stories.ts[2m > [22m[2mLogged Out
[22m[39m[ChatContext] Waiting for subscription to initialize
[90mstdout[2m | src/stories/Header.stories.ts[2m > [22m[2mLogged Out
[22m[39m[SettingsContext] Setting up Settings subscription for user: mock-user-sub
[90mstdout[2m | src/stories/Header.stories.ts[2m > [22m[2mLogged Out
[22m[39m[Mock Data] Settings created: mock-settings-1790416673798 - notified 0 subscribers
[90mstdout[2m | src/stories/Header.stories.ts[2m > [22m[2mLogged Out
[22m[39m[Mock Data] Unit.onUpdate() subscription added. Total: 1
[90mstdout[2m | src/stories/Header.stories.ts[2m > [22m[2mLogged Out
[22m[39m[SectionContext] Section observeQuery update: 0
[90mstdout[2m | src/stories/Header.stories.ts[2m > [22m[2mLogged Out
[22m[39m[Mock Storage] downloadData called with: undefined
[90mstdout[2m | src/stories/Header.stories.ts[2m > [22m[2mLogged Out
[22m[39m[FilesContext] File observeQuery update: 6 files
[90mstdout[2m | src/stories/Header.stories.ts[2m > [22m[2mLogged Out
[22m[39m[ChatContext] AssistantChat initialized with 1 chats
[90mstdout[2m | src/stories/Header.stories.ts[2m > [22m[2mLogged Out
[22m[39m[ChatContext] Setting initial chat: mock-assistant-chat-1
[90mstdout[2m | src/stories/Header.stories.ts[2m > [22m[2mLogged Out
[22m[39m[MOCK CourseVectorStore] Initialized with mock data
[90mstdout[2m | src/stories/Header.stories.ts[2m > [22m[2mLogged Out
[22m[39m[FilesContext] Vector store population triggered {
  "currentVectorStoreSize": 3,
  "documentsCount": 0,
  "filesCount": 6,
  "isInitialLoad": true,
}
[90mstdout[2m | src/stories/Header.stories.ts[2m > [22m[2mLogged Out
[22m[39m[FilesContext] Vector store population complete - 3 total embeddings
[90mstdout[2m | src/stories/Header.stories.ts[2m > [22m[2mLogged Out
[22m[39m[ChatContext] Chat exists and not archived, skipping creation
 [32m✓[39m [30m[45m storybook (chromium) [49m[39m src/stories/Header.stories.ts [2m([22m[2m2 tests[22m[2m)[22m[32m 245[2mms[22m[39m
[90mstdout[2m | unknown test
[22m[39m[MOCK vectorStoreDB.js] Module loaded - mock IndexedDB operations
[90mstdout[2m | unknown test
[22m[39m[Task Completion] DOM action listeners initialized
[90mstdout[2m | unknown test
[22m[39m[Task Completion] Auto-completion detector initialized
[90mstdout[2m | unknown test
[22m[39m[Preview] Task completion detector initialized
[90mstdout[2m | src/components/Gamification/AnimatedXPCounter.stories.tsx[2m > [22m[2mDefault
[22m[39m[TranslationModeController] Setting mode to: off
[90mstdout[2m | src/components/Gamification/AnimatedXPCounter.stories.tsx[2m > [22m[2mSlow Animation
[22m[39m[TranslationModeController] Setting mode to: off
[90mstdout[2m | src/components/Gamification/AnimatedXPCounter.stories.tsx[2m > [22m[2mInteractive
[22m[39m[TranslationModeController] Setting mode to: off
 [32m✓[39m [30m[45m storybook (chromium) [49m[39m src/components/Gamification/AnimatedXPCounter.stories.tsx [2m([22m[2m3 tests[22m[2m)[22m[33m 455[2mms[22m[39m
[90mstdout[2m | unknown test
[22m[39m[MOCK vectorStoreDB.js] Module loaded - mock IndexedDB operations
[90mstdout[2m | unknown test
[22m[39m[Task Completion] DOM action listeners initialized
[90mstdout[2m | unknown test
[22m[39m[Task Completion] Auto-completion detector initialized
[90mstdout[2m | unknown test
[22m[39m[Preview] Task completion detector initialized
[90mstdout[2m | src/components/QuestionBlock.stories.jsx[2m > [22m[2mMultiple Choice
[22m[39m[MOCK CourseVectorStore] Initialized with mock data
[90mstdout[2m | src/components/QuestionBlock.stories.jsx[2m > [22m[2mMultiple Choice
[22m[39mblockKey mock-block-key
[90mstdout[2m | src/components/QuestionBlock.stories.jsx[2m > [22m[2mMultiple Choice
[22m[39mgutterRefs undefined
[90mstdout[2m | src/components/QuestionBlock.stories.jsx[2m > [22m[2mMultiple Choice
[22m[39m[TranslationModeController] Setting mode to: off
[90mstdout[2m | src/components/QuestionBlock.stories.jsx[2m > [22m[2mMultiple Choice
[22m[39m[UnitContext] useEffect triggered {
  "authLoading": false,
  "hasUser": true,
  "id": "mock-unit-id",
  "userSub": "mock-user-sub",
}
[90mstdout[2m | src/components/QuestionBlock.stories.jsx[2m > [22m[2mMultiple Choice
[22m[39m[UnitContext] Fetching unit data for id: mock-unit-id
[90mstdout[2m | src/components/QuestionBlock.stories.jsx[2m > [22m[2mMultiple Choice
[22m[39m[FilesContext] Initializing vector store from IndexedDB
[90mstdout[2m | src/components/QuestionBlock.stories.jsx[2m > [22m[2mMultiple Choice
[22m[39m[FilesContext] fetchFiles called
[90mstdout[2m | src/components/QuestionBlock.stories.jsx[2m > [22m[2mMultiple Choice
[22m[39m[FilesContext] User authenticated: mock-user-sub
[90mstdout[2m | src/components/QuestionBlock.stories.jsx[2m > [22m[2mMultiple Choice
[22m[39m[FilesContext] Identity ID: us-east-1:mock-identity-123
[90mstdout[2m | src/components/QuestionBlock.stories.jsx[2m > [22m[2mMultiple Choice
[22m[39m[FilesContext] About to set up File observeQuery
[90mstdout[2m | src/components/QuestionBlock.stories.jsx[2m > [22m[2mMultiple Choice
[22m[39m[ChatContext] Setting up AssistantChat observeQuery
[90mstdout[2m | src/components/QuestionBlock.stories.jsx[2m > [22m[2mMultiple Choice
[22m[39m[ChatContext] Waiting for subscription to initialize
[90mstdout[2m | src/components/QuestionBlock.stories.jsx[2m > [22m[2mMultiple Choice
[22m[39m[SettingsContext] Setting up Settings subscription for user: mock-user-sub
[90mstdout[2m | src/components/QuestionBlock.stories.jsx[2m > [22m[2mMultiple Choice
[22m[39mblockKey mock-block-key
[90mstdout[2m | src/components/QuestionBlock.stories.jsx[2m > [22m[2mMultiple Choice
[22m[39mgutterRefs undefined
[90mstdout[2m | src/components/QuestionBlock.stories.jsx[2m > [22m[2mMultiple Choice
[22m[39m[Mock Data] Settings created: mock-settings-1790416675694 - notified 0 subscribers
[90mstdout[2m | src/components/QuestionBlock.stories.jsx[2m > [22m[2mMultiple Choice
[22m[39m[Mock Data] Unit.onUpdate() subscription added. Total: 1
[90mstdout[2m | src/components/QuestionBlock.stories.jsx[2m > [22m[2mMultiple Choice
[22m[39mblockKey mock-block-key
[90mstdout[2m | src/components/QuestionBlock.stories.jsx[2m > [22m[2mMultiple Choice
[22m[39mgutterRefs undefined
[90mstdout[2m | src/components/QuestionBlock.stories.jsx[2m > [22m[2mMultiple Choice
[22m[39m[SectionContext] Section observeQuery update: 0
[90mstdout[2m | src/components/QuestionBlock.stories.jsx[2m > [22m[2mMultiple Choice
[22m[39m[FilesContext] File observeQuery update: 6 files
[90mstdout[2m | src/components/QuestionBlock.stories.jsx[2m > [22m[2mMultiple Choice
[22m[39m[ChatContext] AssistantChat initialized with 1 chats
[90mstdout[2m | src/components/QuestionBlock.stories.jsx[2m > [22m[2mMultiple Choice
[22m[39m[ChatContext] Setting initial chat: mock-assistant-chat-1
[90mstdout[2m | src/components/QuestionBlock.stories.jsx[2m > [22m[2mMultiple Choice
[22m[39m[MOCK CourseVectorStore] Initialized with mock data
[90mstdout[2m | src/components/QuestionBlock.stories.jsx[2m > [22m[2mMultiple Choice
[22m[39mblockKey mock-block-key
[90mstdout[2m | src/components/QuestionBlock.stories.jsx[2m > [22m[2mMultiple Choice
[22m[39mgutterRefs undefined
[90mstdout[2m | src/components/QuestionBlock.stories.jsx[2m > [22m[2mMultiple Choice
[22m[39m[FilesContext] Vector store population triggered {
  "currentVectorStoreSize": 3,
  "documentsCount": 0,
  "filesCount": 6,
  "isInitialLoad": true,
}
[90mstdout[2m | src/components/QuestionBlock.stories.jsx[2m > [22m[2mMultiple Choice
[22m[39m[FilesContext] Vector store population complete - 3 total embeddings
[90mstdout[2m | src/components/QuestionBlock.stories.jsx[2m > [22m[2mMultiple Choice
[22m[39m[ChatContext] Chat exists and not archived, skipping creation
[90mstdout[2m | src/components/QuestionBlock.stories.jsx[2m > [22m[2mMultiple Choice
[22m[39m[Mock Storage] downloadData called with: undefined
[90mstdout[2m | src/components/QuestionBlock.stories.jsx[2m > [22m[2mTrue False
[22m[39m[ChatContext] Cleaning up subscriptions
[90mstdout[2m | src/components/QuestionBlock.stories.jsx[2m > [22m[2mTrue False
[22m[39m[Mock Data] Unit.onUpdate() subscription removed. Remaining: 0
[90mstdout[2m | src/components/QuestionBlock.stories.jsx[2m > [22m[2mTrue False
[22m[39m[MOCK CourseVectorStore] Initialized with mock data
[90mstdout[2m | src/components/QuestionBlock.stories.jsx[2m > [22m[2mTrue False
[22m[39mblockKey mock-block-key
[90mstdout[2m | src/components/QuestionBlock.stories.jsx[2m > [22m[2mTrue False
[22m[39mgutterRefs undefined
[90mstdout[2m | src/components/QuestionBlock.stories.jsx[2m > [22m[2mTrue False
[22m[39m[TranslationModeController] Setting mode to: off
[90mstdout[2m | src/components/QuestionBlock.stories.jsx[2m > [22m[2mTrue False
[22m[39m[UnitContext] useEffect triggered {
  "authLoading": false,
  "hasUser": true,
  "id": "mock-unit-id",
  "userSub": "mock-user-sub",
}
[90mstdout[2m | src/components/QuestionBlock.stories.jsx[2m > [22m[2mTrue False
[22m[39m[UnitContext] Fetching unit data for id: mock-unit-id
[90mstdout[2m | src/components/QuestionBlock.stories.jsx[2m > [22m[2mTrue False
[22m[39m[FilesContext] Initializing vector store from IndexedDB
[90mstdout[2m | src/components/QuestionBlock.stories.jsx[2m > [22m[2mTrue False
[22m[39m[FilesContext] fetchFiles called
[90mstdout[2m | src/components/QuestionBlock.stories.jsx[2m > [22m[2mTrue False
[22m[39m[FilesContext] User authenticated: mock-user-sub
[90mstdout[2m | src/components/QuestionBlock.stories.jsx[2m > [22m[2mTrue False
[22m[39m[FilesContext] Identity ID: us-east-1:mock-identity-123
[90mstdout[2m | src/components/QuestionBlock.stories.jsx[2m > [22m[2mTrue False
[22m[39m[FilesContext] About to set up File observeQuery
[90mstdout[2m | src/components/QuestionBlock.stories.jsx[2m > [22m[2mTrue False
[22m[39m[ChatContext] Setting up AssistantChat observeQuery
[90mstdout[2m | src/components/QuestionBlock.stories.jsx[2m > [22m[2mTrue False
[22m[39m[ChatContext] Waiting for subscription to initialize
[90mstdout[2m | src/components/QuestionBlock.stories.jsx[2m > [22m[2mTrue False
[22m[39m[SettingsContext] Setting up Settings subscription for user: mock-user-sub
[90mstdout[2m | src/components/QuestionBlock.stories.jsx[2m > [22m[2mTrue False
[22m[39mblockKey mock-block-key
[90mstdout[2m | src/components/QuestionBlock.stories.jsx[2m > [22m[2mTrue False
[22m[39mgutterRefs undefined
[90mstdout[2m | src/components/QuestionBlock.stories.jsx[2m > [22m[2mTrue False
[22m[39m[Mock Data] Settings created: mock-settings-1790416675893 - notified 0 subscribers
[90mstdout[2m | src/components/QuestionBlock.stories.jsx[2m > [22m[2mTrue False
[22m[39m[Mock Data] Unit.onUpdate() subscription added. Total: 1
[90mstdout[2m | src/components/QuestionBlock.stories.jsx[2m > [22m[2mTrue False
[22m[39mblockKey mock-block-key
[90mstdout[2m | src/components/QuestionBlock.stories.jsx[2m > [22m[2mTrue False
[22m[39mgutterRefs undefined
[90mstdout[2m | src/components/QuestionBlock.stories.jsx[2m > [22m[2mTrue False
[22m[39m[SectionContext] Section observeQuery update: 0
[90mstdout[2m | src/components/QuestionBlock.stories.jsx[2m > [22m[2mTrue False
[22m[39m[FilesContext] File observeQuery update: 6 files
[90mstdout[2m | src/components/QuestionBlock.stories.jsx[2m > [22m[2mTrue False
[22m[39m[ChatContext] AssistantChat initialized with 1 chats
[90mstdout[2m | src/components/QuestionBlock.stories.jsx[2m > [22m[2mTrue False
[22m[39m[ChatContext] Setting initial chat: mock-assistant-chat-1
[90mstdout[2m | src/components/QuestionBlock.stories.jsx[2m > [22m[2mTrue False
[22m[39m[MOCK CourseVectorStore] Initialized with mock data
[90mstdout[2m | src/components/QuestionBlock.stories.jsx[2m > [22m[2mTrue False
[22m[39mblockKey mock-block-key
[90mstdout[2m | src/components/QuestionBlock.stories.jsx[2m > [22m[2mTrue False
[22m[39mgutterRefs undefined
[90mstdout[2m | src/components/QuestionBlock.stories.jsx[2m > [22m[2mTrue False
[22m[39m[FilesContext] Vector store population triggered {
  "currentVectorStoreSize": 3,
  "documentsCount": 0,
  "filesCount": 6,
  "isInitialLoad": true,
}
[90mstdout[2m | src/components/QuestionBlock.stories.jsx[2m > [22m[2mTrue False
[22m[39m[FilesContext] Vector store population complete - 3 total embeddings
[90mstdout[2m | src/components/QuestionBlock.stories.jsx[2m > [22m[2mTrue False
[22m[39m[ChatContext] Chat exists and not archived, skipping creation
[90mstdout[2m | src/components/QuestionBlock.stories.jsx[2m > [22m[2mTrue False
[22m[39m[Mock Storage] downloadData called with: undefined
[90mstdout[2m | src/components/QuestionBlock.stories.jsx[2m > [22m[2mMany Answers
[22m[39m[ChatContext] Cleaning up subscriptions
[90mstdout[2m | src/components/QuestionBlock.stories.jsx[2m > [22m[2mMany Answers
[22m[39m[Mock Data] Unit.onUpdate() subscription removed. Remaining: 0
[90mstdout[2m | src/components/QuestionBlock.stories.jsx[2m > [22m[2mMany Answers
[22m[39m[MOCK CourseVectorStore] Initialized with mock data
[90mstdout[2m | src/components/QuestionBlock.stories.jsx[2m > [22m[2mMany Answers
[22m[39mblockKey mock-block-key
[90mstdout[2m | src/components/QuestionBlock.stories.jsx[2m > [22m[2mMany Answers
[22m[39mgutterRefs undefined
[90mstdout[2m | src/components/QuestionBlock.stories.jsx[2m > [22m[2mMany Answers
[22m[39m[TranslationModeController] Setting mode to: off
[90mstdout[2m | src/components/QuestionBlock.stories.jsx[2m > [22m[2mMany Answers
[22m[39m[UnitContext] useEffect triggered {
  "authLoading": false,
  "hasUser": true,
  "id": "mock-unit-id",
  "userSub": "mock-user-sub",
}
[90mstdout[2m | src/components/QuestionBlock.stories.jsx[2m > [22m[2mMany Answers
[22m[39m[UnitContext] Fetching unit data for id: mock-unit-id
[90mstdout[2m | src/components/QuestionBlock.stories.jsx[2m > [22m[2mMany Answers
[22m[39m[FilesContext] Initializing vector store from IndexedDB
[90mstdout[2m | src/components/QuestionBlock.stories.jsx[2m > [22m[2mMany Answers
[22m[39m[FilesContext] fetchFiles called
[90mstdout[2m | src/components/QuestionBlock.stories.jsx[2m > [22m[2mMany Answers
[22m[39m[FilesContext] User authenticated: mock-user-sub
[90mstdout[2m | src/components/QuestionBlock.stories.jsx[2m > [22m[2mMany Answers
[22m[39m[FilesContext] Identity ID: us-east-1:mock-identity-123
[90mstdout[2m | src/components/QuestionBlock.stories.jsx[2m > [22m[2mMany Answers
[22m[39m[FilesContext] About to set up File observeQuery
[90mstdout[2m | src/components/QuestionBlock.stories.jsx[2m > [22m[2mMany Answers
[22m[39m[ChatContext] Setting up AssistantChat observeQuery
[90mstdout[2m | src/components/QuestionBlock.stories.jsx[2m > [22m[2mMany Answers
[22m[39m[ChatContext] Waiting for subscription to initialize
[90mstdout[2m | src/components/QuestionBlock.stories.jsx[2m > [22m[2mMany Answers
[22m[39m[SettingsContext] Setting up Settings subscription for user: mock-user-sub
[90mstdout[2m | src/components/QuestionBlock.stories.jsx[2m > [22m[2mMany Answers
[22m[39mblockKey mock-block-key
[90mstdout[2m | src/components/QuestionBlock.stories.jsx[2m > [22m[2mMany Answers
[22m[39mgutterRefs undefined
[90mstdout[2m | src/components/QuestionBlock.stories.jsx[2m > [22m[2mMany Answers
[22m[39m[Mock Data] Settings created: mock-settings-1790416676036 - notified 0 subscribers
[90mstdout[2m | src/components/QuestionBlock.stories.jsx[2m > [22m[2mMany Answers
[22m[39m[Mock Data] Unit.onUpdate() subscription added. Total: 1
[90mstdout[2m | src/components/QuestionBlock.stories.jsx[2m > [22m[2mMany Answers
[22m[39mblockKey mock-block-key
[90mstdout[2m | src/components/QuestionBlock.stories.jsx[2m > [22m[2mMany Answers
[22m[39mgutterRefs undefined
[90mstdout[2m | src/components/QuestionBlock.stories.jsx[2m > [22m[2mMany Answers
[22m[39m[SectionContext] Section observeQuery update: 0
[90mstdout[2m | src/components/QuestionBlock.stories.jsx[2m > [22m[2mMany Answers
[22m[39m[FilesContext] File observeQuery update: 6 files
[90mstdout[2m | src/components/QuestionBlock.stories.jsx[2m > [22m[2mMany Answers
[22m[39m[ChatContext] AssistantChat initialized with 1 chats
[90mstdout[2m | src/components/QuestionBlock.stories.jsx[2m > [22m[2mMany Answers
[22m[39m[ChatContext] Setting initial chat: mock-assistant-chat-1
[90mstdout[2m | src/components/QuestionBlock.stories.jsx[2m > [22m[2mMany Answers
[22m[39m[MOCK CourseVectorStore] Initialized with mock data
[90mstdout[2m | src/components/QuestionBlock.stories.jsx[2m > [22m[2mMany Answers
[22m[39mblockKey mock-block-key
[90mstdout[2m | src/components/QuestionBlock.stories.jsx[2m > [22m[2mMany Answers
[22m[39mgutterRefs undefined
[90mstdout[2m | src/components/QuestionBlock.stories.jsx[2m > [22m[2mMany Answers
[22m[39m[FilesContext] Vector store population triggered {
  "currentVectorStoreSize": 3,
  "documentsCount": 0,
  "filesCount": 6,
  "isInitialLoad": true,
}
[90mstdout[2m | src/components/QuestionBlock.stories.jsx[2m > [22m[2mMany Answers
[22m[39m[FilesContext] Vector store population complete - 3 total embeddings
[90mstdout[2m | src/components/QuestionBlock.stories.jsx[2m > [22m[2mMany Answers
[22m[39m[ChatContext] Chat exists and not archived, skipping creation
[90mstdout[2m | src/components/QuestionBlock.stories.jsx[2m > [22m[2mMany Answers
[22m[39m[Mock Storage] downloadData called with: undefined
 [32m✓[39m [30m[45m storybook (chromium) [49m[39m src/components/QuestionBlock.stories.jsx [2m([22m[2m3 tests[22m[2m)[22m[33m 526[2mms[22m[39m
[90mstdout[2m | unknown test
[22m[39m[MOCK vectorStoreDB.js] Module loaded - mock IndexedDB operations
[90mstdout[2m | unknown test
[22m[39m[Task Completion] DOM action listeners initialized
[90mstdout[2m | unknown test
[22m[39m[Task Completion] Auto-completion detector initialized
[90mstdout[2m | unknown test
[22m[39m[Preview] Task completion detector initialized
[90mstdout[2m | src/components/Gamification/BadgeCoinFlip.stories.tsx[2m > [22m[2mSharpshooter
[22m[39m[TranslationModeController] Setting mode to: off
[90mstdout[2m | src/components/Gamification/BadgeCoinFlip.stories.tsx[2m > [22m[2mFirst Steps
[22m[39m[TranslationModeController] Setting mode to: off
 [32m✓[39m [30m[45m storybook (chromium) [49m[39m src/components/Gamification/BadgeCoinFlip.stories.tsx [2m([22m[2m2 tests[22m[2m)[22m[32m 241[2mms[22m[39m
[90mstdout[2m | unknown test
[22m[39m[MOCK vectorStoreDB.js] Module loaded - mock IndexedDB operations
[90mstdout[2m | unknown test
[22m[39m[Task Completion] DOM action listeners initialized
[90mstdout[2m | unknown test
[22m[39m[Task Completion] Auto-completion detector initialized
[90mstdout[2m | unknown test
[22m[39m[Preview] Task completion detector initialized
[90mstdout[2m | src/components/Gamification/BossBattleCard.stories.tsx[2m > [22m[2mActive
[22m[39m[MOCK CourseVectorStore] Initialized with mock data
[90mstdout[2m | src/components/Gamification/BossBattleCard.stories.tsx[2m > [22m[2mActive
[22m[39m[TranslationModeController] Setting mode to: off
[90mstdout[2m | src/components/Gamification/BossBattleCard.stories.tsx[2m > [22m[2mActive
[22m[39m[UnitContext] useEffect triggered {
  "authLoading": false,
  "hasUser": true,
  "id": "mock-unit-id",
  "userSub": "mock-user-sub",
}
[90mstdout[2m | src/components/Gamification/BossBattleCard.stories.tsx[2m > [22m[2mActive
[22m[39m[UnitContext] Fetching unit data for id: mock-unit-id
[90mstdout[2m | src/components/Gamification/BossBattleCard.stories.tsx[2m > [22m[2mActive
[22m[39m[FilesContext] Initializing vector store from IndexedDB
[90mstdout[2m | src/components/Gamification/BossBattleCard.stories.tsx[2m > [22m[2mActive
[22m[39m[FilesContext] fetchFiles called
[90mstdout[2m | src/components/Gamification/BossBattleCard.stories.tsx[2m > [22m[2mActive
[22m[39m[FilesContext] User authenticated: mock-user-sub
[90mstdout[2m | src/components/Gamification/BossBattleCard.stories.tsx[2m > [22m[2mActive
[22m[39m[FilesContext] Identity ID: us-east-1:mock-identity-123
[90mstdout[2m | src/components/Gamification/BossBattleCard.stories.tsx[2m > [22m[2mActive
[22m[39m[FilesContext] About to set up File observeQuery
[90mstdout[2m | src/components/Gamification/BossBattleCard.stories.tsx[2m > [22m[2mActive
[22m[39m[ChatContext] Setting up AssistantChat observeQuery
[90mstdout[2m | src/components/Gamification/BossBattleCard.stories.tsx[2m > [22m[2mActive
[22m[39m[ChatContext] Waiting for subscription to initialize
[90mstdout[2m | src/components/Gamification/BossBattleCard.stories.tsx[2m > [22m[2mActive
[22m[39m[SettingsContext] Setting up Settings subscription for user: mock-user-sub
[90mstdout[2m | src/components/Gamification/BossBattleCard.stories.tsx[2m > [22m[2mActive
[22m[39m[Mock Data] Settings created: mock-settings-1790416678329 - notified 0 subscribers
[90mstdout[2m | src/components/Gamification/BossBattleCard.stories.tsx[2m > [22m[2mActive
[22m[39m[Mock Data] Unit.onUpdate() subscription added. Total: 1
[90mstdout[2m | src/components/Gamification/BossBattleCard.stories.tsx[2m > [22m[2mActive
[22m[39m[SectionContext] Section observeQuery update: 0
[90mstdout[2m | src/components/Gamification/BossBattleCard.stories.tsx[2m > [22m[2mActive
[22m[39m[FilesContext] File observeQuery update: 6 files
[90mstdout[2m | src/components/Gamification/BossBattleCard.stories.tsx[2m > [22m[2mActive
[22m[39m[ChatContext] AssistantChat initialized with 1 chats
[90mstdout[2m | src/components/Gamification/BossBattleCard.stories.tsx[2m > [22m[2mActive
[22m[39m[ChatContext] Setting initial chat: mock-assistant-chat-1
[90mstdout[2m | src/components/Gamification/BossBattleCard.stories.tsx[2m > [22m[2mActive
[22m[39m[MOCK CourseVectorStore] Initialized with mock data
[90mstdout[2m | src/components/Gamification/BossBattleCard.stories.tsx[2m > [22m[2mActive
[22m[39m[FilesContext] Vector store population triggered {
  "currentVectorStoreSize": 3,
  "documentsCount": 0,
  "filesCount": 6,
  "isInitialLoad": true,
}
[90mstdout[2m | src/components/Gamification/BossBattleCard.stories.tsx[2m > [22m[2mActive
[22m[39m[FilesContext] Vector store population complete - 3 total embeddings
[90mstdout[2m | src/components/Gamification/BossBattleCard.stories.tsx[2m > [22m[2mActive
[22m[39m[ChatContext] Chat exists and not archived, skipping creation
[90mstdout[2m | src/components/Gamification/BossBattleCard.stories.tsx[2m > [22m[2mActive
[22m[39m[Mock Storage] downloadData called with: undefined
[90mstdout[2m | src/components/Gamification/BossBattleCard.stories.tsx[2m > [22m[2mActive
[22m[39mfilterWords {
  "filter": "",
  "wordsCount": 0,
}
[90mstdout[2m | src/components/Gamification/BossBattleCard.stories.tsx[2m > [22m[2mDefeated
[22m[39m[ChatContext] Cleaning up subscriptions
[90mstdout[2m | src/components/Gamification/BossBattleCard.stories.tsx[2m > [22m[2mDefeated
[22m[39m[Mock Data] Unit.onUpdate() subscription removed. Remaining: 0
[90mstdout[2m | src/components/Gamification/BossBattleCard.stories.tsx[2m > [22m[2mDefeated
[22m[39m[MOCK CourseVectorStore] Initialized with mock data
[90mstdout[2m | src/components/Gamification/BossBattleCard.stories.tsx[2m > [22m[2mDefeated
[22m[39m[TranslationModeController] Setting mode to: off
[90mstdout[2m | src/components/Gamification/BossBattleCard.stories.tsx[2m > [22m[2mDefeated
[22m[39m[UnitContext] useEffect triggered {
  "authLoading": false,
  "hasUser": true,
  "id": "mock-unit-id",
  "userSub": "mock-user-sub",
}
[90mstdout[2m | src/components/Gamification/BossBattleCard.stories.tsx[2m > [22m[2mDefeated
[22m[39m[UnitContext] Fetching unit data for id: mock-unit-id
[90mstdout[2m | src/components/Gamification/BossBattleCard.stories.tsx[2m > [22m[2mDefeated
[22m[39m[FilesContext] Initializing vector store from IndexedDB
[90mstdout[2m | src/components/Gamification/BossBattleCard.stories.tsx[2m > [22m[2mDefeated
[22m[39m[FilesContext] fetchFiles called
[90mstdout[2m | src/components/Gamification/BossBattleCard.stories.tsx[2m > [22m[2mDefeated
[22m[39m[FilesContext] User authenticated: mock-user-sub
[90mstdout[2m | src/components/Gamification/BossBattleCard.stories.tsx[2m > [22m[2mDefeated
[22m[39m[FilesContext] Identity ID: us-east-1:mock-identity-123
[90mstdout[2m | src/components/Gamification/BossBattleCard.stories.tsx[2m > [22m[2mDefeated
[22m[39m[FilesContext] About to set up File observeQuery
[90mstdout[2m | src/components/Gamification/BossBattleCard.stories.tsx[2m > [22m[2mDefeated
[22m[39m[ChatContext] Setting up AssistantChat observeQuery
[90mstdout[2m | src/components/Gamification/BossBattleCard.stories.tsx[2m > [22m[2mDefeated
[22m[39m[ChatContext] Waiting for subscription to initialize
[90mstdout[2m | src/components/Gamification/BossBattleCard.stories.tsx[2m > [22m[2mDefeated
[22m[39m[SettingsContext] Setting up Settings subscription for user: mock-user-sub
[90mstdout[2m | src/components/Gamification/BossBattleCard.stories.tsx[2m > [22m[2mDefeated
[22m[39m[Mock Data] Settings created: mock-settings-1790416678692 - notified 0 subscribers
[90mstdout[2m | src/components/Gamification/BossBattleCard.stories.tsx[2m > [22m[2mDefeated
[22m[39m[Mock Data] Unit.onUpdate() subscription added. Total: 1
[90mstdout[2m | src/components/Gamification/BossBattleCard.stories.tsx[2m > [22m[2mDefeated
[22m[39m[SectionContext] Section observeQuery update: 0
[90mstdout[2m | src/components/Gamification/BossBattleCard.stories.tsx[2m > [22m[2mDefeated
[22m[39m[FilesContext] File observeQuery update: 6 files
[90mstdout[2m | src/components/Gamification/BossBattleCard.stories.tsx[2m > [22m[2mDefeated
[22m[39m[ChatContext] AssistantChat initialized with 1 chats
[90mstdout[2m | src/components/Gamification/BossBattleCard.stories.tsx[2m > [22m[2mDefeated
[22m[39m[ChatContext] Setting initial chat: mock-assistant-chat-1
[90mstdout[2m | src/components/Gamification/BossBattleCard.stories.tsx[2m > [22m[2mDefeated
[22m[39m[MOCK CourseVectorStore] Initialized with mock data
[90mstdout[2m | src/components/Gamification/BossBattleCard.stories.tsx[2m > [22m[2mDefeated
[22m[39m[FilesContext] Vector store population triggered {
  "currentVectorStoreSize": 3,
  "documentsCount": 0,
  "filesCount": 6,
  "isInitialLoad": true,
}
[90mstdout[2m | src/components/Gamification/BossBattleCard.stories.tsx[2m > [22m[2mDefeated
[22m[39m[FilesContext] Vector store population complete - 3 total embeddings
[90mstdout[2m | src/components/Gamification/BossBattleCard.stories.tsx[2m > [22m[2mDefeated
[22m[39m[ChatContext] Chat exists and not archived, skipping creation
[90mstdout[2m | src/components/Gamification/BossBattleCard.stories.tsx[2m > [22m[2mDefeated
[22m[39m[Mock Storage] downloadData called with: undefined
[90mstdout[2m | src/components/Gamification/BossBattleCard.stories.tsx[2m > [22m[2mSingle Phase
[22m[39m[ChatContext] Cleaning up subscriptions
[90mstdout[2m | src/components/Gamification/BossBattleCard.stories.tsx[2m > [22m[2mSingle Phase
[22m[39m[Mock Data] Unit.onUpdate() subscription removed. Remaining: 0
[90mstdout[2m | src/components/Gamification/BossBattleCard.stories.tsx[2m > [22m[2mSingle Phase
[22m[39m[MOCK CourseVectorStore] Initialized with mock data
[90mstdout[2m | src/components/Gamification/BossBattleCard.stories.tsx[2m > [22m[2mSingle Phase
[22m[39m[TranslationModeController] Setting mode to: off
[90mstdout[2m | src/components/Gamification/BossBattleCard.stories.tsx[2m > [22m[2mSingle Phase
[22m[39m[UnitContext] useEffect triggered {
  "authLoading": false,
  "hasUser": true,
  "id": "mock-unit-id",
  "userSub": "mock-user-sub",
}
[90mstdout[2m | src/components/Gamification/BossBattleCard.stories.tsx[2m > [22m[2mSingle Phase
[22m[39m[UnitContext] Fetching unit data for id: mock-unit-id
[90mstdout[2m | src/components/Gamification/BossBattleCard.stories.tsx[2m > [22m[2mSingle Phase
[22m[39m[FilesContext] Initializing vector store from IndexedDB
[90mstdout[2m | src/components/Gamification/BossBattleCard.stories.tsx[2m > [22m[2mSingle Phase
[22m[39m[FilesContext] fetchFiles called
[90mstdout[2m | src/components/Gamification/BossBattleCard.stories.tsx[2m > [22m[2mSingle Phase
[22m[39m[FilesContext] User authenticated: mock-user-sub
[90mstdout[2m | src/components/Gamification/BossBattleCard.stories.tsx[2m > [22m[2mSingle Phase
[22m[39m[FilesContext] Identity ID: us-east-1:mock-identity-123
[90mstdout[2m | src/components/Gamification/BossBattleCard.stories.tsx[2m > [22m[2mSingle Phase
[22m[39m[FilesContext] About to set up File observeQuery
[90mstdout[2m | src/components/Gamification/BossBattleCard.stories.tsx[2m > [22m[2mSingle Phase
[22m[39m[ChatContext] Setting up AssistantChat observeQuery
[90mstdout[2m | src/components/Gamification/BossBattleCard.stories.tsx[2m > [22m[2mSingle Phase
[22m[39m[ChatContext] Waiting for subscription to initialize
[90mstdout[2m | src/components/Gamification/BossBattleCard.stories.tsx[2m > [22m[2mSingle Phase
[22m[39m[SettingsContext] Setting up Settings subscription for user: mock-user-sub
[90mstdout[2m | src/components/Gamification/BossBattleCard.stories.tsx[2m > [22m[2mSingle Phase
[22m[39m[Mock Data] Settings created: mock-settings-1790416678894 - notified 0 subscribers
[90mstdout[2m | src/components/Gamification/BossBattleCard.stories.tsx[2m > [22m[2mSingle Phase
[22m[39m[Mock Data] Unit.onUpdate() subscription added. Total: 1
[90mstdout[2m | src/components/Gamification/BossBattleCard.stories.tsx[2m > [22m[2mSingle Phase
[22m[39m[SectionContext] Section observeQuery update: 0
[90mstdout[2m | src/components/Gamification/BossBattleCard.stories.tsx[2m > [22m[2mSingle Phase
[22m[39m[FilesContext] File observeQuery update: 6 files
[90mstdout[2m | src/components/Gamification/BossBattleCard.stories.tsx[2m > [22m[2mSingle Phase
[22m[39m[ChatContext] AssistantChat initialized with 1 chats
[90mstdout[2m | src/components/Gamification/BossBattleCard.stories.tsx[2m > [22m[2mSingle Phase
[22m[39m[ChatContext] Setting initial chat: mock-assistant-chat-1
[90mstdout[2m | src/components/Gamification/BossBattleCard.stories.tsx[2m > [22m[2mSingle Phase
[22m[39m[MOCK CourseVectorStore] Initialized with mock data
[90mstdout[2m | src/components/Gamification/BossBattleCard.stories.tsx[2m > [22m[2mSingle Phase
[22m[39m[FilesContext] Vector store population triggered {
  "currentVectorStoreSize": 3,
  "documentsCount": 0,
  "filesCount": 6,
  "isInitialLoad": true,
}
[90mstdout[2m | src/components/Gamification/BossBattleCard.stories.tsx[2m > [22m[2mSingle Phase
[22m[39m[FilesContext] Vector store population complete - 3 total embeddings
[90mstdout[2m | src/components/Gamification/BossBattleCard.stories.tsx[2m > [22m[2mSingle Phase
[22m[39m[ChatContext] Chat exists and not archived, skipping creation
[90mstdout[2m | src/components/Gamification/BossBattleCard.stories.tsx[2m > [22m[2mSingle Phase
[22m[39m[Mock Storage] downloadData called with: undefined
[90mstdout[2m | src/components/Gamification/BossBattleCard.stories.tsx[2m > [22m[2mActive Interaction
[22m[39m[ChatContext] Cleaning up subscriptions
[90mstdout[2m | src/components/Gamification/BossBattleCard.stories.tsx[2m > [22m[2mActive Interaction
[22m[39m[Mock Data] Unit.onUpdate() subscription removed. Remaining: 0
[90mstdout[2m | src/components/Gamification/BossBattleCard.stories.tsx[2m > [22m[2mActive Interaction
[22m[39m[MOCK CourseVectorStore] Initialized with mock data
[90mstdout[2m | src/components/Gamification/BossBattleCard.stories.tsx[2m > [22m[2mActive Interaction
[22m[39m[TranslationModeController] Setting mode to: off
[90mstdout[2m | src/components/Gamification/BossBattleCard.stories.tsx[2m > [22m[2mActive Interaction
[22m[39m[UnitContext] useEffect triggered {
  "authLoading": false,
  "hasUser": true,
  "id": "mock-unit-id",
  "userSub": "mock-user-sub",
}
[90mstdout[2m | src/components/Gamification/BossBattleCard.stories.tsx[2m > [22m[2mActive Interaction
[22m[39m[UnitContext] Fetching unit data for id: mock-unit-id
[90mstdout[2m | src/components/Gamification/BossBattleCard.stories.tsx[2m > [22m[2mActive Interaction
[22m[39m[FilesContext] Initializing vector store from IndexedDB
[90mstdout[2m | src/components/Gamification/BossBattleCard.stories.tsx[2m > [22m[2mActive Interaction
[22m[39m[FilesContext] fetchFiles called
[90mstdout[2m | src/components/Gamification/BossBattleCard.stories.tsx[2m > [22m[2mActive Interaction
[22m[39m[FilesContext] User authenticated: mock-user-sub
[90mstdout[2m | src/components/Gamification/BossBattleCard.stories.tsx[2m > [22m[2mActive Interaction
[22m[39m[FilesContext] Identity ID: us-east-1:mock-identity-123
[90mstdout[2m | src/components/Gamification/BossBattleCard.stories.tsx[2m > [22m[2mActive Interaction
[22m[39m[FilesContext] About to set up File observeQuery
[90mstdout[2m | src/components/Gamification/BossBattleCard.stories.tsx[2m > [22m[2mActive Interaction
[22m[39m[ChatContext] Setting up AssistantChat observeQuery
[90mstdout[2m | src/components/Gamification/BossBattleCard.stories.tsx[2m > [22m[2mActive Interaction
[22m[39m[ChatContext] Waiting for subscription to initialize
[90mstdout[2m | src/components/Gamification/BossBattleCard.stories.tsx[2m > [22m[2mActive Interaction
[22m[39m[SettingsContext] Setting up Settings subscription for user: mock-user-sub
[90mstdout[2m | src/components/Gamification/BossBattleCard.stories.tsx[2m > [22m[2mActive Interaction
[22m[39m[Mock Data] Settings created: mock-settings-1790416679326 - notified 0 subscribers
[90mstdout[2m | src/components/Gamification/BossBattleCard.stories.tsx[2m > [22m[2mActive Interaction
[22m[39m[Mock Data] Unit.onUpdate() subscription added. Total: 1
[90mstdout[2m | src/components/Gamification/BossBattleCard.stories.tsx[2m > [22m[2mActive Interaction
[22m[39m[SectionContext] Section observeQuery update: 0
[90mstdout[2m | src/components/Gamification/BossBattleCard.stories.tsx[2m > [22m[2mActive Interaction
[22m[39m[FilesContext] File observeQuery update: 6 files
[90mstdout[2m | src/components/Gamification/BossBattleCard.stories.tsx[2m > [22m[2mActive Interaction
[22m[39m[ChatContext] AssistantChat initialized with 1 chats
[90mstdout[2m | src/components/Gamification/BossBattleCard.stories.tsx[2m > [22m[2mActive Interaction
[22m[39m[ChatContext] Setting initial chat: mock-assistant-chat-1
[90mstdout[2m | src/components/Gamification/BossBattleCard.stories.tsx[2m > [22m[2mActive Interaction
[22m[39m[MOCK CourseVectorStore] Initialized with mock data
[90mstdout[2m | src/components/Gamification/BossBattleCard.stories.tsx[2m > [22m[2mActive Interaction
[22m[39m[FilesContext] Vector store population triggered {
  "currentVectorStoreSize": 3,
  "documentsCount": 0,
  "filesCount": 6,
  "isInitialLoad": true,
}
[90mstdout[2m | src/components/Gamification/BossBattleCard.stories.tsx[2m > [22m[2mActive Interaction
[22m[39m[FilesContext] Vector store population complete - 3 total embeddings
[90mstdout[2m | src/components/Gamification/BossBattleCard.stories.tsx[2m > [22m[2mActive Interaction
[22m[39m[ChatContext] Chat exists and not archived, skipping creation
[90mstdout[2m | src/components/Gamification/BossBattleCard.stories.tsx[2m > [22m[2mActive Interaction
[22m[39m[Mock Storage] downloadData called with: undefined
 [32m✓[39m [30m[45m storybook (chromium) [49m[39m src/components/Gamification/BossBattleCard.stories.tsx [2m([22m[2m4 tests[22m[2m)[22m[33m 1338[2mms[22m[39m
   [33m[2m✓[22m[39m Active [33m 422[2mms[22m[39m
   [33m[2m✓[22m[39m Single Phase [33m 333[2mms[22m[39m
   [33m[2m✓[22m[39m Active Interaction [33m 374[2mms[22m[39m
[90mstdout[2m | unknown test
[22m[39m[MOCK vectorStoreDB.js] Module loaded - mock IndexedDB operations
[90mstdout[2m | unknown test
[22m[39m[Task Completion] DOM action listeners initialized
[90mstdout[2m | unknown test
[22m[39m[Task Completion] Auto-completion detector initialized
[90mstdout[2m | unknown test
[22m[39m[Preview] Task completion detector initialized
[90mstdout[2m | src/components/RecordingStudio2.stories.tsx[2m > [22m[2mDefault
[22m[39m[MOCK CourseVectorStore] Initialized with mock data
[90mstdout[2m | src/components/RecordingStudio2.stories.tsx[2m > [22m[2mDefault
[22m[39mFileManager.mainColor #556cd6
[90mstdout[2m | src/components/RecordingStudio2.stories.tsx[2m > [22m[2mDefault
[22m[39maudioFiles {}
[90mstdout[2m | src/components/RecordingStudio2.stories.tsx[2m > [22m[2mDefault
[22m[39m_word, phrase, definition, pronunciation undefined undefined undefined
[90mstdout[2m | src/components/RecordingStudio2.stories.tsx[2m > [22m[2mDefault
[22m[39maudioFile null
[90mstdout[2m | src/components/RecordingStudio2.stories.tsx[2m > [22m[2mDefault
[22m[39m[TranslationModeController] Setting mode to: off
[90mstdout[2m | src/components/RecordingStudio2.stories.tsx[2m > [22m[2mDefault
[22m[39m[UnitContext] useEffect triggered {
  "authLoading": false,
  "hasUser": true,
  "id": "mock-unit-id",
  "userSub": "mock-user-sub",
}
[90mstdout[2m | src/components/RecordingStudio2.stories.tsx[2m > [22m[2mDefault
[22m[39m[UnitContext] Fetching unit data for id: mock-unit-id
[90mstdout[2m | src/components/RecordingStudio2.stories.tsx[2m > [22m[2mDefault
[22m[39m[FilesContext] Initializing vector store from IndexedDB
[90mstdout[2m | src/components/RecordingStudio2.stories.tsx[2m > [22m[2mDefault
[22m[39m[FilesContext] fetchFiles called
[90mstdout[2m | src/components/RecordingStudio2.stories.tsx[2m > [22m[2mDefault
[22m[39m[FilesContext] User authenticated: mock-user-sub
[90mstdout[2m | src/components/RecordingStudio2.stories.tsx[2m > [22m[2mDefault
[22m[39m[FilesContext] Identity ID: us-east-1:mock-identity-123
[90mstdout[2m | src/components/RecordingStudio2.stories.tsx[2m > [22m[2mDefault
[22m[39m[FilesContext] About to set up File observeQuery
[90mstdout[2m | src/components/RecordingStudio2.stories.tsx[2m > [22m[2mDefault
[22m[39m[ChatContext] Setting up AssistantChat observeQuery
[90mstdout[2m | src/components/RecordingStudio2.stories.tsx[2m > [22m[2mDefault
[22m[39m[ChatContext] Waiting for subscription to initialize
[90mstdout[2m | src/components/RecordingStudio2.stories.tsx[2m > [22m[2mDefault
[22m[39m[SettingsContext] Setting up Settings subscription for user: mock-user-sub
[90mstdout[2m | src/components/RecordingStudio2.stories.tsx[2m > [22m[2mDefault
[22m[39m[Mock Data] Settings created: mock-settings-1790416680503 - notified 0 subscribers
[90mstdout[2m | src/components/RecordingStudio2.stories.tsx[2m > [22m[2mDefault
[22m[39m[Mock Data] Unit.onUpdate() subscription added. Total: 1
[90mstdout[2m | src/components/RecordingStudio2.stories.tsx[2m > [22m[2mDefault
[22m[39mFileManager.mainColor #4C6B87
[90mstdout[2m | src/components/RecordingStudio2.stories.tsx[2m > [22m[2mDefault
[22m[39maudioFiles {}
[90mstdout[2m | src/components/RecordingStudio2.stories.tsx[2m > [22m[2mDefault
[22m[39m_word, phrase, definition, pronunciation undefined undefined undefined
[90mstdout[2m | src/components/RecordingStudio2.stories.tsx[2m > [22m[2mDefault
[22m[39maudioFile null
[90mstdout[2m | src/components/RecordingStudio2.stories.tsx[2m > [22m[2mDefault
[22m[39m[SectionContext] Section observeQuery update: 0
[90mstdout[2m | src/components/RecordingStudio2.stories.tsx[2m > [22m[2mDefault
[22m[39m[FilesContext] File observeQuery update: 6 files
[90mstdout[2m | src/components/RecordingStudio2.stories.tsx[2m > [22m[2mDefault
[22m[39m[ChatContext] AssistantChat initialized with 1 chats
[90mstdout[2m | src/components/RecordingStudio2.stories.tsx[2m > [22m[2mDefault
[22m[39m[ChatContext] Setting initial chat: mock-assistant-chat-1
[90mstdout[2m | src/components/RecordingStudio2.stories.tsx[2m > [22m[2mDefault
[22m[39m[MOCK CourseVectorStore] Initialized with mock data
[90mstdout[2m | src/components/RecordingStudio2.stories.tsx[2m > [22m[2mDefault
[22m[39mFileManager.mainColor #4C6B87
[90mstdout[2m | src/components/RecordingStudio2.stories.tsx[2m > [22m[2mDefault
[22m[39maudioFiles {}
[90mstdout[2m | src/components/RecordingStudio2.stories.tsx[2m > [22m[2mDefault
[22m[39m_word, phrase, definition, pronunciation undefined undefined undefined
[90mstdout[2m | src/components/RecordingStudio2.stories.tsx[2m > [22m[2mDefault
[22m[39maudioFile null
[90mstdout[2m | src/components/RecordingStudio2.stories.tsx[2m > [22m[2mDefault
[22m[39m[FilesContext] Vector store population triggered {
  "currentVectorStoreSize": 3,
  "documentsCount": 0,
  "filesCount": 6,
  "isInitialLoad": true,
}
[90mstdout[2m | src/components/RecordingStudio2.stories.tsx[2m > [22m[2mDefault
[22m[39m[FilesContext] Vector store population complete - 3 total embeddings
[90mstdout[2m | src/components/RecordingStudio2.stories.tsx[2m > [22m[2mDefault
[22m[39m[ChatContext] Chat exists and not archived, skipping creation
[90mstdout[2m | src/components/RecordingStudio2.stories.tsx[2m > [22m[2mDefault
[22m[39m[Mock Storage] downloadData called with: undefined
[90mstdout[2m | src/components/RecordingStudio2.stories.tsx[2m > [22m[2mEmbedded
[22m[39m[ChatContext] Cleaning up subscriptions
[90mstdout[2m | src/components/RecordingStudio2.stories.tsx[2m > [22m[2mEmbedded
[22m[39m[Mock Data] Unit.onUpdate() subscription removed. Remaining: 0
[90mstdout[2m | src/components/RecordingStudio2.stories.tsx[2m > [22m[2mEmbedded
[22m[39m[MOCK CourseVectorStore] Initialized with mock data
[90mstdout[2m | src/components/RecordingStudio2.stories.tsx[2m > [22m[2mEmbedded
[22m[39mFileManager.mainColor #556cd6
[90mstdout[2m | src/components/RecordingStudio2.stories.tsx[2m > [22m[2mEmbedded
[22m[39maudioFiles {}
[90mstdout[2m | src/components/RecordingStudio2.stories.tsx[2m > [22m[2mEmbedded
[22m[39m_word, phrase, definition, pronunciation undefined undefined undefined
[90mstdout[2m | src/components/RecordingStudio2.stories.tsx[2m > [22m[2mEmbedded
[22m[39maudioFile null
[90mstdout[2m | src/components/RecordingStudio2.stories.tsx[2m > [22m[2mEmbedded
[22m[39m[TranslationModeController] Setting mode to: off
[90mstdout[2m | src/components/RecordingStudio2.stories.tsx[2m > [22m[2mEmbedded
[22m[39m[UnitContext] useEffect triggered {
  "authLoading": false,
  "hasUser": true,
  "id": "mock-unit-id",
  "userSub": "mock-user-sub",
}
[90mstdout[2m | src/components/RecordingStudio2.stories.tsx[2m > [22m[2mEmbedded
[22m[39m[UnitContext] Fetching unit data for id: mock-unit-id
[90mstdout[2m | src/components/RecordingStudio2.stories.tsx[2m > [22m[2mEmbedded
[22m[39m[FilesContext] Initializing vector store from IndexedDB
[90mstdout[2m | src/components/RecordingStudio2.stories.tsx[2m > [22m[2mEmbedded
[22m[39m[FilesContext] fetchFiles called
[90mstdout[2m | src/components/RecordingStudio2.stories.tsx[2m > [22m[2mEmbedded
[22m[39m[FilesContext] User authenticated: mock-user-sub
[90mstdout[2m | src/components/RecordingStudio2.stories.tsx[2m > [22m[2mEmbedded
[22m[39m[FilesContext] Identity ID: us-east-1:mock-identity-123
[90mstdout[2m | src/components/RecordingStudio2.stories.tsx[2m > [22m[2mEmbedded
[22m[39m[FilesContext] About to set up File observeQuery
[90mstdout[2m | src/components/RecordingStudio2.stories.tsx[2m > [22m[2mEmbedded
[22m[39m[ChatContext] Setting up AssistantChat observeQuery
[90mstdout[2m | src/components/RecordingStudio2.stories.tsx[2m > [22m[2mEmbedded
[22m[39m[ChatContext] Waiting for subscription to initialize
[90mstdout[2m | src/components/RecordingStudio2.stories.tsx[2m > [22m[2mEmbedded
[22m[39m[SettingsContext] Setting up Settings subscription for user: mock-user-sub
[90mstdout[2m | src/components/RecordingStudio2.stories.tsx[2m > [22m[2mEmbedded
[22m[39m[Mock Data] Settings created: mock-settings-1790416680622 - notified 0 subscribers
[90mstdout[2m | src/components/RecordingStudio2.stories.tsx[2m > [22m[2mEmbedded
[22m[39m[Mock Data] Unit.onUpdate() subscription added. Total: 1
[90mstdout[2m | src/components/RecordingStudio2.stories.tsx[2m > [22m[2mEmbedded
[22m[39mFileManager.mainColor #4C6B87
[90mstdout[2m | src/components/RecordingStudio2.stories.tsx[2m > [22m[2mEmbedded
[22m[39maudioFiles {}
[90mstdout[2m | src/components/RecordingStudio2.stories.tsx[2m > [22m[2mEmbedded
[22m[39m_word, phrase, definition, pronunciation undefined undefined undefined
[90mstdout[2m | src/components/RecordingStudio2.stories.tsx[2m > [22m[2mEmbedded
[22m[39maudioFile null
[90mstdout[2m | src/components/RecordingStudio2.stories.tsx[2m > [22m[2mEmbedded
[22m[39m[SectionContext] Section observeQuery update: 0
[90mstdout[2m | src/components/RecordingStudio2.stories.tsx[2m > [22m[2mEmbedded
[22m[39m[FilesContext] File observeQuery update: 6 files
[90mstdout[2m | src/components/RecordingStudio2.stories.tsx[2m > [22m[2mEmbedded
[22m[39m[ChatContext] AssistantChat initialized with 1 chats
[90mstdout[2m | src/components/RecordingStudio2.stories.tsx[2m > [22m[2mEmbedded
[22m[39m[ChatContext] Setting initial chat: mock-assistant-chat-1
[90mstdout[2m | src/components/RecordingStudio2.stories.tsx[2m > [22m[2mEmbedded
[22m[39m[MOCK CourseVectorStore] Initialized with mock data
[90mstdout[2m | src/components/RecordingStudio2.stories.tsx[2m > [22m[2mEmbedded
[22m[39mFileManager.mainColor #4C6B87
[90mstdout[2m | src/components/RecordingStudio2.stories.tsx[2m > [22m[2mEmbedded
[22m[39maudioFiles {}
[90mstdout[2m | src/components/RecordingStudio2.stories.tsx[2m > [22m[2mEmbedded
[22m[39m_word, phrase, definition, pronunciation undefined undefined undefined
[90mstdout[2m | src/components/RecordingStudio2.stories.tsx[2m > [22m[2mEmbedded
[22m[39maudioFile null
[90mstdout[2m | src/components/RecordingStudio2.stories.tsx[2m > [22m[2mEmbedded
[22m[39m[FilesContext] Vector store population triggered {
  "currentVectorStoreSize": 3,
  "documentsCount": 0,
  "filesCount": 6,
  "isInitialLoad": true,
}
[90mstdout[2m | src/components/RecordingStudio2.stories.tsx[2m > [22m[2mEmbedded
[22m[39m[FilesContext] Vector store population complete - 3 total embeddings
[90mstdout[2m | src/components/RecordingStudio2.stories.tsx[2m > [22m[2mEmbedded
[22m[39m[ChatContext] Chat exists and not archived, skipping creation
[90mstdout[2m | src/components/RecordingStudio2.stories.tsx[2m > [22m[2mEmbedded
[22m[39m[Mock Storage] downloadData called with: undefined
[90mstdout[2m | src/components/RecordingStudio2.stories.tsx[2m > [22m[2mWith Feedback
[22m[39m[ChatContext] Cleaning up subscriptions
[90mstdout[2m | src/components/RecordingStudio2.stories.tsx[2m > [22m[2mWith Feedback
[22m[39m[Mock Data] Unit.onUpdate() subscription removed. Remaining: 0
[90mstdout[2m | src/components/RecordingStudio2.stories.tsx[2m > [22m[2mWith Feedback
[22m[39m[MOCK CourseVectorStore] Initialized with mock data
[90mstdout[2m | src/components/RecordingStudio2.stories.tsx[2m > [22m[2mWith Feedback
[22m[39mFileManager.mainColor #556cd6
[90mstdout[2m | src/components/RecordingStudio2.stories.tsx[2m > [22m[2mWith Feedback
[22m[39maudioFiles {}
[90mstdout[2m | src/components/RecordingStudio2.stories.tsx[2m > [22m[2mWith Feedback
[22m[39m_word, phrase, definition, pronunciation undefined undefined undefined
[90mstdout[2m | src/components/RecordingStudio2.stories.tsx[2m > [22m[2mWith Feedback
[22m[39maudioFile null
[90mstdout[2m | src/components/RecordingStudio2.stories.tsx[2m > [22m[2mWith Feedback
[22m[39m[TranslationModeController] Setting mode to: off
[90mstdout[2m | src/components/RecordingStudio2.stories.tsx[2m > [22m[2mWith Feedback
[22m[39m[UnitContext] useEffect triggered {
  "authLoading": false,
  "hasUser": true,
  "id": "mock-unit-id",
  "userSub": "mock-user-sub",
}
[90mstdout[2m | src/components/RecordingStudio2.stories.tsx[2m > [22m[2mWith Feedback
[22m[39m[UnitContext] Fetching unit data for id: mock-unit-id
[90mstdout[2m | src/components/RecordingStudio2.stories.tsx[2m > [22m[2mWith Feedback
[22m[39m[FilesContext] Initializing vector store from IndexedDB
[90mstdout[2m | src/components/RecordingStudio2.stories.tsx[2m > [22m[2mWith Feedback
[22m[39m[FilesContext] fetchFiles called
[90mstdout[2m | src/components/RecordingStudio2.stories.tsx[2m > [22m[2mWith Feedback
[22m[39m[FilesContext] User authenticated: mock-user-sub
[90mstdout[2m | src/components/RecordingStudio2.stories.tsx[2m > [22m[2mWith Feedback
[22m[39m[FilesContext] Identity ID: us-east-1:mock-identity-123
[90mstdout[2m | src/components/RecordingStudio2.stories.tsx[2m > [22m[2mWith Feedback
[22m[39m[FilesContext] About to set up File observeQuery
[90mstdout[2m | src/components/RecordingStudio2.stories.tsx[2m > [22m[2mWith Feedback
[22m[39m[ChatContext] Setting up AssistantChat observeQuery
[90mstdout[2m | src/components/RecordingStudio2.stories.tsx[2m > [22m[2mWith Feedback
[22m[39m[ChatContext] Waiting for subscription to initialize
[90mstdout[2m | src/components/RecordingStudio2.stories.tsx[2m > [22m[2mWith Feedback
[22m[39m[SettingsContext] Setting up Settings subscription for user: mock-user-sub
[90mstdout[2m | src/components/RecordingStudio2.stories.tsx[2m > [22m[2mWith Feedback
[22m[39m[Mock Data] Settings created: mock-settings-1790416680754 - notified 0 subscribers
[90mstdout[2m | src/components/RecordingStudio2.stories.tsx[2m > [22m[2mWith Feedback
[22m[39m[Mock Data] Unit.onUpdate() subscription added. Total: 1
[90mstdout[2m | src/components/RecordingStudio2.stories.tsx[2m > [22m[2mWith Feedback
[22m[39mFileManager.mainColor #4C6B87
[90mstdout[2m | src/components/RecordingStudio2.stories.tsx[2m > [22m[2mWith Feedback
[22m[39maudioFiles {}
[90mstdout[2m | src/components/RecordingStudio2.stories.tsx[2m > [22m[2mWith Feedback
[22m[39m_word, phrase, definition, pronunciation undefined undefined undefined
[90mstdout[2m | src/components/RecordingStudio2.stories.tsx[2m > [22m[2mWith Feedback
[22m[39maudioFile null
[90mstdout[2m | src/components/RecordingStudio2.stories.tsx[2m > [22m[2mWith Feedback
[22m[39m[SectionContext] Section observeQuery update: 0
[90mstdout[2m | src/components/RecordingStudio2.stories.tsx[2m > [22m[2mWith Feedback
[22m[39m[FilesContext] File observeQuery update: 6 files
[90mstdout[2m | src/components/RecordingStudio2.stories.tsx[2m > [22m[2mWith Feedback
[22m[39m[ChatContext] AssistantChat initialized with 1 chats
[90mstdout[2m | src/components/RecordingStudio2.stories.tsx[2m > [22m[2mWith Feedback
[22m[39m[ChatContext] Setting initial chat: mock-assistant-chat-1
[90mstdout[2m | src/components/RecordingStudio2.stories.tsx[2m > [22m[2mWith Feedback
[22m[39m[MOCK CourseVectorStore] Initialized with mock data
[90mstdout[2m | src/components/RecordingStudio2.stories.tsx[2m > [22m[2mWith Feedback
[22m[39mFileManager.mainColor #4C6B87
[90mstdout[2m | src/components/RecordingStudio2.stories.tsx[2m > [22m[2mWith Feedback
[22m[39maudioFiles {}
[90mstdout[2m | src/components/RecordingStudio2.stories.tsx[2m > [22m[2mWith Feedback
[22m[39m_word, phrase, definition, pronunciation undefined undefined undefined
[90mstdout[2m | src/components/RecordingStudio2.stories.tsx[2m > [22m[2mWith Feedback
[22m[39maudioFile null
[90mstdout[2m | src/components/RecordingStudio2.stories.tsx[2m > [22m[2mWith Feedback
[22m[39m[FilesContext] Vector store population triggered {
  "currentVectorStoreSize": 3,
  "documentsCount": 0,
  "filesCount": 6,
  "isInitialLoad": true,
}
[90mstdout[2m | src/components/RecordingStudio2.stories.tsx[2m > [22m[2mWith Feedback
[22m[39m[FilesContext] Vector store population complete - 3 total embeddings
[90mstdout[2m | src/components/RecordingStudio2.stories.tsx[2m > [22m[2mWith Feedback
[22m[39m[ChatContext] Chat exists and not archived, skipping creation
[90mstdout[2m | src/components/RecordingStudio2.stories.tsx[2m > [22m[2mWith Feedback
[22m[39m[Mock Storage] downloadData called with: undefined
 [32m✓[39m [30m[45m storybook (chromium) [49m[39m src/components/RecordingStudio2.stories.tsx [2m([22m[2m3 tests[22m[2m)[22m[33m 388[2mms[22m[39m
[90mstdout[2m | unknown test
[22m[39m[MOCK vectorStoreDB.js] Module loaded - mock IndexedDB operations
[90mstdout[2m | unknown test
[22m[39m[Task Completion] DOM action listeners initialized
[90mstdout[2m | unknown test
[22m[39m[Task Completion] Auto-completion detector initialized
[90mstdout[2m | unknown test
[22m[39m[Preview] Task completion detector initialized
[90mstdout[2m | src/components/Editor3/plugins/AnswerPlugin.stories.jsx[2m > [22m[2mEditable Empty
[22m[39m[Preview] Skipped initializing default mock data (initializeMockData=false)
[90mstdout[2m | src/components/Editor3/plugins/AnswerPlugin.stories.jsx[2m > [22m[2mEditable Empty
[22m[39m[MOCK CourseVectorStore] Initialized with mock data
[90mstdout[2m | src/components/Editor3/plugins/AnswerPlugin.stories.jsx[2m > [22m[2mEditable Empty
[22m[39m[Mock Data] seedMockUnit: Adding unit mock-unit-id
[90mstdout[2m | src/components/Editor3/plugins/AnswerPlugin.stories.jsx[2m > [22m[2mEditable Empty
[22m[39m[TranslationModeController] Setting mode to: off
[90mstdout[2m | src/components/Editor3/plugins/AnswerPlugin.stories.jsx[2m > [22m[2mEditable Empty
[22m[39m[UnitContext] useEffect triggered {
  "authLoading": false,
  "hasUser": true,
  "id": "mock-unit-id",
  "userSub": "mock-user-sub",
}
[90mstdout[2m | src/components/Editor3/plugins/AnswerPlugin.stories.jsx[2m > [22m[2mEditable Empty
[22m[39m[UnitContext] Fetching unit data for id: mock-unit-id
[90mstdout[2m | src/components/Editor3/plugins/AnswerPlugin.stories.jsx[2m > [22m[2mEditable Empty
[22m[39m[FilesContext] Initializing vector store from IndexedDB
[90mstdout[2m | src/components/Editor3/plugins/AnswerPlugin.stories.jsx[2m > [22m[2mEditable Empty
[22m[39m[FilesContext] fetchFiles called
[90mstdout[2m | src/components/Editor3/plugins/AnswerPlugin.stories.jsx[2m > [22m[2mEditable Empty
[22m[39m[FilesContext] User authenticated: mock-user-sub
[90mstdout[2m | src/components/Editor3/plugins/AnswerPlugin.stories.jsx[2m > [22m[2mEditable Empty
[22m[39m[FilesContext] Identity ID: us-east-1:mock-identity-123
[90mstdout[2m | src/components/Editor3/plugins/AnswerPlugin.stories.jsx[2m > [22m[2mEditable Empty
[22m[39m[FilesContext] About to set up File observeQuery
[90mstdout[2m | src/components/Editor3/plugins/AnswerPlugin.stories.jsx[2m > [22m[2mEditable Empty
[22m[39m[ChatContext] Setting up AssistantChat observeQuery
[90mstdout[2m | src/components/Editor3/plugins/AnswerPlugin.stories.jsx[2m > [22m[2mEditable Empty
[22m[39m[ChatContext] Waiting for subscription to initialize
[90mstdout[2m | src/components/Editor3/plugins/AnswerPlugin.stories.jsx[2m > [22m[2mEditable Empty
[22m[39m[SettingsContext] Setting up Settings subscription for user: mock-user-sub
[90mstdout[2m | src/components/Editor3/plugins/AnswerPlugin.stories.jsx[2m > [22m[2mEditable Empty
[22m[39m[Mock Data] Settings created: mock-settings-1790416686044 - notified 0 subscribers
[90mstdout[2m | src/components/Editor3/plugins/AnswerPlugin.stories.jsx[2m > [22m[2mEditable Empty
[22m[39m[Mock Data] Unit.onUpdate() subscription added. Total: 1
[90mstdout[2m | src/components/Editor3/plugins/AnswerPlugin.stories.jsx[2m > [22m[2mEditable Empty
[22m[39m[SectionContext] Section observeQuery update: 0
[90mstdout[2m | src/components/Editor3/plugins/AnswerPlugin.stories.jsx[2m > [22m[2mEditable Empty
[22m[39m[FilesContext] File observeQuery update: 0 files
[90mstdout[2m | src/components/Editor3/plugins/AnswerPlugin.stories.jsx[2m > [22m[2mEditable Empty
[22m[39m[MOCK CourseVectorStore] Initialized with mock data
[90mstdout[2m | src/components/Editor3/plugins/AnswerPlugin.stories.jsx[2m > [22m[2mEditable Empty
[22m[39m[ChatContext] AssistantChat initialized with 0 chats
[90mstdout[2m | src/components/Editor3/plugins/AnswerPlugin.stories.jsx[2m > [22m[2mEditable Empty
[22m[39m[Mock Storage] downloadData called with: undefined
[90mstdout[2m | src/components/Editor3/plugins/AnswerPlugin.stories.jsx[2m > [22m[2mEditable Empty
[22m[39m[ChatContext] No current chat available, will create one
[90mstdout[2m | src/components/Editor3/plugins/AnswerPlugin.stories.jsx[2m > [22m[2mEditable Empty
[22m[39m[ChatContext] Creating AssistantChat with user: undefined
[90mstdout[2m | src/components/Editor3/plugins/AnswerPlugin.stories.jsx[2m > [22m[2mEditable Empty
[22m[39m[Mock Data] AssistantChat created: mock-assistantchat-1790416686061 - notified 1 subscribers
[90mstdout[2m | src/components/Editor3/plugins/AnswerPlugin.stories.jsx[2m > [22m[2mEditable Empty
[22m[39m[ChatContext] Create result: {
  "data": {
    "_version": 1,
    "archived": false,
    "chatFiles": [Function anonymous],
    "createdAt": "2026-09-26T09:58:06.061Z",
    "id": "mock-assistantchat-1790416686061",
    "model": "gpt-4",
    "updatedAt": "2026-09-26T09:58:06.061Z",
  },
  "errors": [],
  "hasData": true,
  "hasErrors": true,
}
[90mstdout[2m | src/components/Editor3/plugins/AnswerPlugin.stories.jsx[2m > [22m[2mEditable Empty
[22m[39m[ChatContext] Created AssistantChat: mock-assistantchat-1790416686061 at: 2026-09-26T09:58:06.061Z
[90mstdout[2m | src/components/Editor3/plugins/AnswerPlugin.stories.jsx[2m > [22m[2mEditable Empty
[22m[39m[ChatContext] Setting initial chat: mock-assistantchat-1790416686061
[90mstdout[2m | src/components/Editor3/plugins/AnswerPlugin.stories.jsx[2m > [22m[2mEditable Empty
[22m[39m[ChatContext] Chat exists and not archived, skipping creation
[90mstdout[2m | src/components/Editor3/plugins/AnswerPlugin.stories.jsx[2m > [22m[2mEditable With Answer
[22m[39m[ChatContext] Cleaning up subscriptions
[90mstdout[2m | src/components/Editor3/plugins/AnswerPlugin.stories.jsx[2m > [22m[2mEditable With Answer
[22m[39m[Mock Data] Unit.onUpdate() subscription removed. Remaining: 0
[90mstdout[2m | src/components/Editor3/plugins/AnswerPlugin.stories.jsx[2m > [22m[2mEditable With Answer
[22m[39m[Preview] Skipped initializing default mock data (initializeMockData=false)
[90mstdout[2m | src/components/Editor3/plugins/AnswerPlugin.stories.jsx[2m > [22m[2mEditable With Answer
[22m[39m[MOCK CourseVectorStore] Initialized with mock data
[90mstdout[2m | src/components/Editor3/plugins/AnswerPlugin.stories.jsx[2m > [22m[2mEditable With Answer
[22m[39m[Mock Data] seedMockUnit: Adding unit mock-unit-id
[90mstdout[2m | src/components/Editor3/plugins/AnswerPlugin.stories.jsx[2m > [22m[2mEditable With Answer
[22m[39m[TranslationModeController] Setting mode to: off
[90mstdout[2m | src/components/Editor3/plugins/AnswerPlugin.stories.jsx[2m > [22m[2mEditable With Answer
[22m[39m[UnitContext] useEffect triggered {
  "authLoading": false,
  "hasUser": true,
  "id": "mock-unit-id",
  "userSub": "mock-user-sub",
}
[90mstdout[2m | src/components/Editor3/plugins/AnswerPlugin.stories.jsx[2m > [22m[2mEditable With Answer
[22m[39m[UnitContext] Fetching unit data for id: mock-unit-id
[90mstdout[2m | src/components/Editor3/plugins/AnswerPlugin.stories.jsx[2m > [22m[2mEditable With Answer
[22m[39m[FilesContext] Initializing vector store from IndexedDB
[90mstdout[2m | src/components/Editor3/plugins/AnswerPlugin.stories.jsx[2m > [22m[2mEditable With Answer
[22m[39m[FilesContext] fetchFiles called
[90mstdout[2m | src/components/Editor3/plugins/AnswerPlugin.stories.jsx[2m > [22m[2mEditable With Answer
[22m[39m[FilesContext] User authenticated: mock-user-sub
[90mstdout[2m | src/components/Editor3/plugins/AnswerPlugin.stories.jsx[2m > [22m[2mEditable With Answer
[22m[39m[FilesContext] Identity ID: us-east-1:mock-identity-123
[90mstdout[2m | src/components/Editor3/plugins/AnswerPlugin.stories.jsx[2m > [22m[2mEditable With Answer
[22m[39m[FilesContext] About to set up File observeQuery
[90mstdout[2m | src/components/Editor3/plugins/AnswerPlugin.stories.jsx[2m > [22m[2mEditable With Answer
[22m[39m[ChatContext] Setting up AssistantChat observeQuery
[90mstdout[2m | src/components/Editor3/plugins/AnswerPlugin.stories.jsx[2m > [22m[2mEditable With Answer
[22m[39m[ChatContext] Waiting for subscription to initialize
[90mstdout[2m | src/components/Editor3/plugins/AnswerPlugin.stories.jsx[2m > [22m[2mEditable With Answer
[22m[39m[SettingsContext] Setting up Settings subscription for user: mock-user-sub
[90mstdout[2m | src/components/Editor3/plugins/AnswerPlugin.stories.jsx[2m > [22m[2mEditable With Answer
[22m[39m[Mock Data] Settings created: mock-settings-1790416686443 - notified 0 subscribers
[90mstdout[2m | src/components/Editor3/plugins/AnswerPlugin.stories.jsx[2m > [22m[2mEditable With Answer
[22m[39m[Mock Data] Unit.onUpdate() subscription added. Total: 1
[90mstdout[2m | src/components/Editor3/plugins/AnswerPlugin.stories.jsx[2m > [22m[2mEditable With Answer
[22m[39m[SectionContext] Section observeQuery update: 0
[90mstdout[2m | src/components/Editor3/plugins/AnswerPlugin.stories.jsx[2m > [22m[2mEditable With Answer
[22m[39m[FilesContext] File observeQuery update: 0 files
[90mstdout[2m | src/components/Editor3/plugins/AnswerPlugin.stories.jsx[2m > [22m[2mEditable With Answer
[22m[39m[ChatContext] AssistantChat initialized with 0 chats
[90mstdout[2m | src/components/Editor3/plugins/AnswerPlugin.stories.jsx[2m > [22m[2mEditable With Answer
[22m[39m[MOCK CourseVectorStore] Initialized with mock data
[90mstdout[2m | src/components/Editor3/plugins/AnswerPlugin.stories.jsx[2m > [22m[2mEditable With Answer
[22m[39m[ChatContext] No current chat available, will create one
[90mstdout[2m | src/components/Editor3/plugins/AnswerPlugin.stories.jsx[2m > [22m[2mEditable With Answer
[22m[39m[ChatContext] Creating AssistantChat with user: undefined
[90mstdout[2m | src/components/Editor3/plugins/AnswerPlugin.stories.jsx[2m > [22m[2mEditable With Answer
[22m[39m[Mock Data] AssistantChat created: mock-assistantchat-1790416686595 - notified 1 subscribers
[90mstdout[2m | src/components/Editor3/plugins/AnswerPlugin.stories.jsx[2m > [22m[2mEditable With Answer
[22m[39m[ChatContext] Create result: {
  "data": {
    "_version": 1,
    "archived": false,
    "chatFiles": [Function anonymous],
    "createdAt": "2026-09-26T09:58:06.595Z",
    "id": "mock-assistantchat-1790416686595",
    "model": "gpt-4",
    "updatedAt": "2026-09-26T09:58:06.596Z",
  },
  "errors": [],
  "hasData": true,
  "hasErrors": true,
}
[90mstdout[2m | src/components/Editor3/plugins/AnswerPlugin.stories.jsx[2m > [22m[2mEditable With Answer
[22m[39m[ChatContext] Created AssistantChat: mock-assistantchat-1790416686595 at: 2026-09-26T09:58:06.595Z
[90mstdout[2m | src/components/Editor3/plugins/AnswerPlugin.stories.jsx[2m > [22m[2mEditable With Answer
[22m[39m[Mock Storage] downloadData called with: undefined
[90mstdout[2m | src/components/Editor3/plugins/AnswerPlugin.stories.jsx[2m > [22m[2mEditable With Answer
[22m[39m[ChatContext] Setting initial chat: mock-assistantchat-1790416686595
[90mstdout[2m | src/components/Editor3/plugins/AnswerPlugin.stories.jsx[2m > [22m[2mEditable With Answer
[22m[39m[ChatContext] Chat exists and not archived, skipping creation
[90mstdout[2m | src/components/Editor3/plugins/AnswerPlugin.stories.jsx[2m > [22m[2mRead Only With Answer
[22m[39m[ChatContext] Cleaning up subscriptions
[90mstdout[2m | src/components/Editor3/plugins/AnswerPlugin.stories.jsx[2m > [22m[2mRead Only With Answer
[22m[39m[Mock Data] Unit.onUpdate() subscription removed. Remaining: 0
[90mstdout[2m | src/components/Editor3/plugins/AnswerPlugin.stories.jsx[2m > [22m[2mRead Only With Answer
[22m[39m[Preview] Skipped initializing default mock data (initializeMockData=false)
[90mstdout[2m | src/components/Editor3/plugins/AnswerPlugin.stories.jsx[2m > [22m[2mRead Only With Answer
[22m[39m[MOCK CourseVectorStore] Initialized with mock data
[90mstdout[2m | src/components/Editor3/plugins/AnswerPlugin.stories.jsx[2m > [22m[2mRead Only With Answer
[22m[39m[Mock Data] seedMockUnit: Adding unit mock-unit-id
[90mstdout[2m | src/components/Editor3/plugins/AnswerPlugin.stories.jsx[2m > [22m[2mRead Only With Answer
[22m[39m[TranslationModeController] Setting mode to: off
[90mstdout[2m | src/components/Editor3/plugins/AnswerPlugin.stories.jsx[2m > [22m[2mRead Only With Answer
[22m[39m[UnitContext] useEffect triggered {
  "authLoading": false,
  "hasUser": true,
  "id": "mock-unit-id",
  "userSub": "mock-user-sub",
}
[90mstdout[2m | src/components/Editor3/plugins/AnswerPlugin.stories.jsx[2m > [22m[2mRead Only With Answer
[22m[39m[UnitContext] Fetching unit data for id: mock-unit-id
[90mstdout[2m | src/components/Editor3/plugins/AnswerPlugin.stories.jsx[2m > [22m[2mRead Only With Answer
[22m[39m[FilesContext] Initializing vector store from IndexedDB
[90mstdout[2m | src/components/Editor3/plugins/AnswerPlugin.stories.jsx[2m > [22m[2mRead Only With Answer
[22m[39m[FilesContext] fetchFiles called
[90mstdout[2m | src/components/Editor3/plugins/AnswerPlugin.stories.jsx[2m > [22m[2mRead Only With Answer
[22m[39m[FilesContext] User authenticated: mock-user-sub
[90mstdout[2m | src/components/Editor3/plugins/AnswerPlugin.stories.jsx[2m > [22m[2mRead Only With Answer
[22m[39m[FilesContext] Identity ID: us-east-1:mock-identity-123
[90mstdout[2m | src/components/Editor3/plugins/AnswerPlugin.stories.jsx[2m > [22m[2mRead Only With Answer
[22m[39m[FilesContext] About to set up File observeQuery
[90mstdout[2m | src/components/Editor3/plugins/AnswerPlugin.stories.jsx[2m > [22m[2mRead Only With Answer
[22m[39m[ChatContext] Setting up AssistantChat observeQuery
[90mstdout[2m | src/components/Editor3/plugins/AnswerPlugin.stories.jsx[2m > [22m[2mRead Only With Answer
[22m[39m[ChatContext] Waiting for subscription to initialize
[90mstdout[2m | src/components/Editor3/plugins/AnswerPlugin.stories.jsx[2m > [22m[2mRead Only With Answer
[22m[39m[SettingsContext] Setting up Settings subscription for user: mock-user-sub
[90mstdout[2m | src/components/Editor3/plugins/AnswerPlugin.stories.jsx[2m > [22m[2mRead Only With Answer
[22m[39m[Mock Data] Settings created: mock-settings-1790416687528 - notified 0 subscribers
[90mstdout[2m | src/components/Editor3/plugins/AnswerPlugin.stories.jsx[2m > [22m[2mRead Only With Answer
[22m[39m[Mock Data] Unit.onUpdate() subscription added. Total: 1
[90mstdout[2m | src/components/Editor3/plugins/AnswerPlugin.stories.jsx[2m > [22m[2mRead Only With Answer
[22m[39m[SectionContext] Section observeQuery update: 0
[90mstdout[2m | src/components/Editor3/plugins/AnswerPlugin.stories.jsx[2m > [22m[2mRead Only With Answer
[22m[39m[FilesContext] File observeQuery update: 0 files
[90mstdout[2m | src/components/Editor3/plugins/AnswerPlugin.stories.jsx[2m > [22m[2mRead Only With Answer
[22m[39m[ChatContext] AssistantChat initialized with 0 chats
[90mstdout[2m | src/components/Editor3/plugins/AnswerPlugin.stories.jsx[2m > [22m[2mRead Only With Answer
[22m[39m[MOCK CourseVectorStore] Initialized with mock data
[90mstdout[2m | src/components/Editor3/plugins/AnswerPlugin.stories.jsx[2m > [22m[2mRead Only With Answer
[22m[39m[ChatContext] No current chat available, will create one
[90mstdout[2m | src/components/Editor3/plugins/AnswerPlugin.stories.jsx[2m > [22m[2mRead Only With Answer
[22m[39m[ChatContext] Creating AssistantChat with user: undefined
[90mstdout[2m | src/components/Editor3/plugins/AnswerPlugin.stories.jsx[2m > [22m[2mRead Only With Answer
[22m[39m[Mock Data] AssistantChat created: mock-assistantchat-1790416687581 - notified 1 subscribers
[90mstdout[2m | src/components/Editor3/plugins/AnswerPlugin.stories.jsx[2m > [22m[2mRead Only With Answer
[22m[39m[ChatContext] Create result: {
  "data": {
    "_version": 1,
    "archived": false,
    "chatFiles": [Function anonymous],
    "createdAt": "2026-09-26T09:58:07.581Z",
    "id": "mock-assistantchat-1790416687581",
    "model": "gpt-4",
    "updatedAt": "2026-09-26T09:58:07.581Z",
  },
  "errors": [],
  "hasData": true,
  "hasErrors": true,
}
[90mstdout[2m | src/components/Editor3/plugins/AnswerPlugin.stories.jsx[2m > [22m[2mRead Only With Answer
[22m[39m[ChatContext] Created AssistantChat: mock-assistantchat-1790416687581 at: 2026-09-26T09:58:07.581Z
[90mstdout[2m | src/components/Editor3/plugins/AnswerPlugin.stories.jsx[2m > [22m[2mRead Only With Answer
[22m[39m[Mock Storage] downloadData called with: undefined
[90mstdout[2m | src/components/Editor3/plugins/AnswerPlugin.stories.jsx[2m > [22m[2mRead Only With Answer
[22m[39m[ChatContext] Setting initial chat: mock-assistantchat-1790416687581
[90mstdout[2m | src/components/Editor3/plugins/AnswerPlugin.stories.jsx[2m > [22m[2mRead Only With Answer
[22m[39m[ChatContext] Chat exists and not archived, skipping creation
 [32m✓[39m [30m[45m storybook (chromium) [49m[39m src/components/Editor3/plugins/AnswerPlugin.stories.jsx [2m([22m[2m3 tests[22m[2m)[22m[33m 1759[2mms[22m[39m
   [33m[2m✓[22m[39m Editable With Answer [33m 750[2mms[22m[39m
   [33m[2m✓[22m[39m Read Only With Answer [33m 769[2mms[22m[39m
[90mstdout[2m | unknown test
[22m[39m[MOCK vectorStoreDB.js] Module loaded - mock IndexedDB operations
[90mstdout[2m | unknown test
[22m[39m[Task Completion] DOM action listeners initialized
[90mstdout[2m | unknown test
[22m[39m[Task Completion] Auto-completion detector initialized
[90mstdout[2m | unknown test
[22m[39m[Preview] Task completion detector initialized
[90mstdout[2m | src/components/Workbook/AIFeedbackSnackbar.stories.tsx[2m > [22m[2mDefault
[22m[39m[MOCK CourseVectorStore] Initialized with mock data
[90mstdout[2m | src/components/Workbook/AIFeedbackSnackbar.stories.tsx[2m > [22m[2mDefault
[22m[39m[TranslationModeController] Setting mode to: off
[90mstdout[2m | src/components/Workbook/AIFeedbackSnackbar.stories.tsx[2m > [22m[2mDefault
[22m[39m[FilesContext] Initializing vector store from IndexedDB
[90mstdout[2m | src/components/Workbook/AIFeedbackSnackbar.stories.tsx[2m > [22m[2mDefault
[22m[39m[FilesContext] fetchFiles called
[90mstdout[2m | src/components/Workbook/AIFeedbackSnackbar.stories.tsx[2m > [22m[2mDefault
[22m[39m[FilesContext] User authenticated: mock-user-sub
[90mstdout[2m | src/components/Workbook/AIFeedbackSnackbar.stories.tsx[2m > [22m[2mDefault
[22m[39m[FilesContext] Identity ID: us-east-1:mock-identity-123
[90mstdout[2m | src/components/Workbook/AIFeedbackSnackbar.stories.tsx[2m > [22m[2mDefault
[22m[39m[FilesContext] About to set up File observeQuery
[90mstdout[2m | src/components/Workbook/AIFeedbackSnackbar.stories.tsx[2m > [22m[2mDefault
[22m[39m[ChatContext] Setting up AssistantChat observeQuery
[90mstdout[2m | src/components/Workbook/AIFeedbackSnackbar.stories.tsx[2m > [22m[2mDefault
[22m[39m[ChatContext] Waiting for subscription to initialize
[90mstdout[2m | src/components/Workbook/AIFeedbackSnackbar.stories.tsx[2m > [22m[2mDefault
[22m[39m[SettingsContext] Setting up Settings subscription for user: mock-user-sub
[90mstdout[2m | src/components/Workbook/AIFeedbackSnackbar.stories.tsx[2m > [22m[2mDefault
[22m[39m[Mock Data] Settings created: mock-settings-1790416689943 - notified 0 subscribers
[90mstdout[2m | src/components/Workbook/AIFeedbackSnackbar.stories.tsx[2m > [22m[2mDefault
[22m[39m[FilesContext] File observeQuery update: 6 files
[90mstdout[2m | src/components/Workbook/AIFeedbackSnackbar.stories.tsx[2m > [22m[2mDefault
[22m[39m[ChatContext] AssistantChat initialized with 1 chats
[90mstdout[2m | src/components/Workbook/AIFeedbackSnackbar.stories.tsx[2m > [22m[2mDefault
[22m[39m[ChatContext] Setting initial chat: mock-assistant-chat-1
[90mstdout[2m | src/components/Workbook/AIFeedbackSnackbar.stories.tsx[2m > [22m[2mDefault
[22m[39m[Mock Storage] downloadData called with: undefined
[90mstdout[2m | src/components/Workbook/AIFeedbackSnackbar.stories.tsx[2m > [22m[2mDefault
[22m[39m[MOCK CourseVectorStore] Initialized with mock data
[90mstdout[2m | src/components/Workbook/AIFeedbackSnackbar.stories.tsx[2m > [22m[2mDefault
[22m[39m[FilesContext] Vector store population triggered {
  "currentVectorStoreSize": 3,
  "documentsCount": 0,
  "filesCount": 6,
  "isInitialLoad": true,
}
[90mstdout[2m | src/components/Workbook/AIFeedbackSnackbar.stories.tsx[2m > [22m[2mDefault
[22m[39m[FilesContext] Vector store population complete - 3 total embeddings
[90mstdout[2m | src/components/Workbook/AIFeedbackSnackbar.stories.tsx[2m > [22m[2mDefault
[22m[39m[ChatContext] Chat exists and not archived, skipping creation
[90mstdout[2m | src/components/Workbook/AIFeedbackSnackbar.stories.tsx[2m > [22m[2mWith Provider
[22m[39m[ChatContext] Cleaning up subscriptions
[90mstdout[2m | src/components/Workbook/AIFeedbackSnackbar.stories.tsx[2m > [22m[2mWith Provider
[22m[39m[MOCK CourseVectorStore] Initialized with mock data
[90mstdout[2m | src/components/Workbook/AIFeedbackSnackbar.stories.tsx[2m > [22m[2mWith Provider
[22m[39m[TranslationModeController] Setting mode to: off
[90mstdout[2m | src/components/Workbook/AIFeedbackSnackbar.stories.tsx[2m > [22m[2mWith Provider
[22m[39m[FilesContext] Initializing vector store from IndexedDB
[90mstdout[2m | src/components/Workbook/AIFeedbackSnackbar.stories.tsx[2m > [22m[2mWith Provider
[22m[39m[FilesContext] fetchFiles called
[90mstdout[2m | src/components/Workbook/AIFeedbackSnackbar.stories.tsx[2m > [22m[2mWith Provider
[22m[39m[FilesContext] User authenticated: mock-user-sub
[90mstdout[2m | src/components/Workbook/AIFeedbackSnackbar.stories.tsx[2m > [22m[2mWith Provider
[22m[39m[FilesContext] Identity ID: us-east-1:mock-identity-123
[90mstdout[2m | src/components/Workbook/AIFeedbackSnackbar.stories.tsx[2m > [22m[2mWith Provider
[22m[39m[FilesContext] About to set up File observeQuery
[90mstdout[2m | src/components/Workbook/AIFeedbackSnackbar.stories.tsx[2m > [22m[2mWith Provider
[22m[39m[ChatContext] Setting up AssistantChat observeQuery
[90mstdout[2m | src/components/Workbook/AIFeedbackSnackbar.stories.tsx[2m > [22m[2mWith Provider
[22m[39m[ChatContext] Waiting for subscription to initialize
[90mstdout[2m | src/components/Workbook/AIFeedbackSnackbar.stories.tsx[2m > [22m[2mWith Provider
[22m[39m[SettingsContext] Setting up Settings subscription for user: mock-user-sub
[90mstdout[2m | src/components/Workbook/AIFeedbackSnackbar.stories.tsx[2m > [22m[2mWith Provider
[22m[39m[Mock Data] Settings created: mock-settings-1790416690087 - notified 0 subscribers
[90mstdout[2m | src/components/Workbook/AIFeedbackSnackbar.stories.tsx[2m > [22m[2mWith Provider
[22m[39m[FilesContext] File observeQuery update: 6 files
[90mstdout[2m | src/components/Workbook/AIFeedbackSnackbar.stories.tsx[2m > [22m[2mWith Provider
[22m[39m[ChatContext] AssistantChat initialized with 1 chats
[90mstdout[2m | src/components/Workbook/AIFeedbackSnackbar.stories.tsx[2m > [22m[2mWith Provider
[22m[39m[ChatContext] Setting initial chat: mock-assistant-chat-1
[90mstdout[2m | src/components/Workbook/AIFeedbackSnackbar.stories.tsx[2m > [22m[2mWith Provider
[22m[39m[Mock Storage] downloadData called with: undefined
[90mstdout[2m | src/components/Workbook/AIFeedbackSnackbar.stories.tsx[2m > [22m[2mWith Provider
[22m[39m[MOCK CourseVectorStore] Initialized with mock data
[90mstdout[2m | src/components/Workbook/AIFeedbackSnackbar.stories.tsx[2m > [22m[2mWith Provider
[22m[39m[FilesContext] Vector store population triggered {
  "currentVectorStoreSize": 3,
  "documentsCount": 0,
  "filesCount": 6,
  "isInitialLoad": true,
}
[90mstdout[2m | src/components/Workbook/AIFeedbackSnackbar.stories.tsx[2m > [22m[2mWith Provider
[22m[39m[FilesContext] Vector store population complete - 3 total embeddings
[90mstdout[2m | src/components/Workbook/AIFeedbackSnackbar.stories.tsx[2m > [22m[2mWith Provider
[22m[39m[ChatContext] Chat exists and not archived, skipping creation
 [32m✓[39m [30m[45m storybook (chromium) [49m[39m src/components/Workbook/AIFeedbackSnackbar.stories.tsx [2m([22m[2m2 tests[22m[2m)[22m[32m 229[2mms[22m[39m
[90mstdout[2m | unknown test
[22m[39m[MOCK vectorStoreDB.js] Module loaded - mock IndexedDB operations
[90mstdout[2m | unknown test
[22m[39m[Task Completion] DOM action listeners initialized
[90mstdout[2m | unknown test
[22m[39m[Task Completion] Auto-completion detector initialized
[90mstdout[2m | unknown test
[22m[39m[Preview] Task completion detector initialized
[90mstdout[2m | src/components/CampaignProgress.stories.tsx[2m > [22m[2mIn Progress
[22m[39m[MOCK CourseVectorStore] Initialized with mock data
[90mstdout[2m | src/components/CampaignProgress.stories.tsx[2m > [22m[2mIn Progress
[22m[39m[TranslationModeController] Setting mode to: off
[90mstdout[2m | src/components/CampaignProgress.stories.tsx[2m > [22m[2mIn Progress
[22m[39m[UnitContext] useEffect triggered {
  "authLoading": false,
  "hasUser": true,
  "id": "mock-unit-id",
  "userSub": "mock-user-sub",
}
[90mstdout[2m | src/components/CampaignProgress.stories.tsx[2m > [22m[2mIn Progress
[22m[39m[UnitContext] Fetching unit data for id: mock-unit-id
[90mstdout[2m | src/components/CampaignProgress.stories.tsx[2m > [22m[2mIn Progress
[22m[39m[FilesContext] Initializing vector store from IndexedDB
[90mstdout[2m | src/components/CampaignProgress.stories.tsx[2m > [22m[2mIn Progress
[22m[39m[FilesContext] fetchFiles called
[90mstdout[2m | src/components/CampaignProgress.stories.tsx[2m > [22m[2mIn Progress
[22m[39m[FilesContext] User authenticated: mock-user-sub
[90mstdout[2m | src/components/CampaignProgress.stories.tsx[2m > [22m[2mIn Progress
[22m[39m[FilesContext] Identity ID: us-east-1:mock-identity-123
[90mstdout[2m | src/components/CampaignProgress.stories.tsx[2m > [22m[2mIn Progress
[22m[39m[FilesContext] About to set up File observeQuery
[90mstdout[2m | src/components/CampaignProgress.stories.tsx[2m > [22m[2mIn Progress
[22m[39m[ChatContext] Setting up AssistantChat observeQuery
[90mstdout[2m | src/components/CampaignProgress.stories.tsx[2m > [22m[2mIn Progress
[22m[39m[ChatContext] Waiting for subscription to initialize
[90mstdout[2m | src/components/CampaignProgress.stories.tsx[2m > [22m[2mIn Progress
[22m[39m[SettingsContext] Setting up Settings subscription for user: mock-user-sub
[90mstdout[2m | src/components/CampaignProgress.stories.tsx[2m > [22m[2mIn Progress
[22m[39m[Mock Data] Settings created: mock-settings-1790416691042 - notified 0 subscribers
[90mstdout[2m | src/components/CampaignProgress.stories.tsx[2m > [22m[2mIn Progress
[22m[39m[Mock Data] Unit.onUpdate() subscription added. Total: 1
[90mstdout[2m | src/components/CampaignProgress.stories.tsx[2m > [22m[2mIn Progress
[22m[39m[SectionContext] Section observeQuery update: 0
[90mstdout[2m | src/components/CampaignProgress.stories.tsx[2m > [22m[2mIn Progress
[22m[39m[FilesContext] File observeQuery update: 6 files
[90mstdout[2m | src/components/CampaignProgress.stories.tsx[2m > [22m[2mIn Progress
[22m[39m[ChatContext] AssistantChat initialized with 1 chats
[90mstdout[2m | src/components/CampaignProgress.stories.tsx[2m > [22m[2mIn Progress
[22m[39m[ChatContext] Setting initial chat: mock-assistant-chat-1
[90mstdout[2m | src/components/CampaignProgress.stories.tsx[2m > [22m[2mIn Progress
[22m[39m[MOCK CourseVectorStore] Initialized with mock data
[90mstdout[2m | src/components/CampaignProgress.stories.tsx[2m > [22m[2mIn Progress
[22m[39m[FilesContext] Vector store population triggered {
  "currentVectorStoreSize": 3,
  "documentsCount": 0,
  "filesCount": 6,
  "isInitialLoad": true,
}
[90mstdout[2m | src/components/CampaignProgress.stories.tsx[2m > [22m[2mIn Progress
[22m[39m[FilesContext] Vector store population complete - 3 total embeddings
[90mstdout[2m | src/components/CampaignProgress.stories.tsx[2m > [22m[2mIn Progress
[22m[39m[ChatContext] Chat exists and not archived, skipping creation
[90mstdout[2m | src/components/CampaignProgress.stories.tsx[2m > [22m[2mIn Progress
[22m[39m[Mock Storage] downloadData called with: undefined
[90mstdout[2m | src/components/CampaignProgress.stories.tsx[2m > [22m[2mCompleted
[22m[39m[ChatContext] Cleaning up subscriptions
[90mstdout[2m | src/components/CampaignProgress.stories.tsx[2m > [22m[2mCompleted
[22m[39m[Mock Data] Unit.onUpdate() subscription removed. Remaining: 0
[90mstdout[2m | src/components/CampaignProgress.stories.tsx[2m > [22m[2mCompleted
[22m[39m[MOCK CourseVectorStore] Initialized with mock data
[90mstdout[2m | src/components/CampaignProgress.stories.tsx[2m > [22m[2mCompleted
[22m[39m[TranslationModeController] Setting mode to: off
[90mstdout[2m | src/components/CampaignProgress.stories.tsx[2m > [22m[2mCompleted
[22m[39m[UnitContext] useEffect triggered {
  "authLoading": false,
  "hasUser": true,
  "id": "mock-unit-id",
  "userSub": "mock-user-sub",
}
[90mstdout[2m | src/components/CampaignProgress.stories.tsx[2m > [22m[2mCompleted
[22m[39m[UnitContext] Fetching unit data for id: mock-unit-id
[90mstdout[2m | src/components/CampaignProgress.stories.tsx[2m > [22m[2mCompleted
[22m[39m[FilesContext] Initializing vector store from IndexedDB
[90mstdout[2m | src/components/CampaignProgress.stories.tsx[2m > [22m[2mCompleted
[22m[39m[FilesContext] fetchFiles called
[90mstdout[2m | src/components/CampaignProgress.stories.tsx[2m > [22m[2mCompleted
[22m[39m[FilesContext] User authenticated: mock-user-sub
[90mstdout[2m | src/components/CampaignProgress.stories.tsx[2m > [22m[2mCompleted
[22m[39m[FilesContext] Identity ID: us-east-1:mock-identity-123
[90mstdout[2m | src/components/CampaignProgress.stories.tsx[2m > [22m[2mCompleted
[22m[39m[FilesContext] About to set up File observeQuery
[90mstdout[2m | src/components/CampaignProgress.stories.tsx[2m > [22m[2mCompleted
[22m[39m[ChatContext] Setting up AssistantChat observeQuery
[90mstdout[2m | src/components/CampaignProgress.stories.tsx[2m > [22m[2mCompleted
[22m[39m[ChatContext] Waiting for subscription to initialize
[90mstdout[2m | src/components/CampaignProgress.stories.tsx[2m > [22m[2mCompleted
[22m[39m[SettingsContext] Setting up Settings subscription for user: mock-user-sub
[90mstdout[2m | src/components/CampaignProgress.stories.tsx[2m > [22m[2mCompleted
[22m[39m[Mock Data] Settings created: mock-settings-1790416691278 - notified 0 subscribers
[90mstdout[2m | src/components/CampaignProgress.stories.tsx[2m > [22m[2mCompleted
[22m[39m[Mock Data] Unit.onUpdate() subscription added. Total: 1
[90mstdout[2m | src/components/CampaignProgress.stories.tsx[2m > [22m[2mCompleted
[22m[39m[SectionContext] Section observeQuery update: 0
[90mstdout[2m | src/components/CampaignProgress.stories.tsx[2m > [22m[2mCompleted
[22m[39m[FilesContext] File observeQuery update: 6 files
[90mstdout[2m | src/components/CampaignProgress.stories.tsx[2m > [22m[2mCompleted
[22m[39m[ChatContext] AssistantChat initialized with 1 chats
[90mstdout[2m | src/components/CampaignProgress.stories.tsx[2m > [22m[2mCompleted
[22m[39m[ChatContext] Setting initial chat: mock-assistant-chat-1
[90mstdout[2m | src/components/CampaignProgress.stories.tsx[2m > [22m[2mCompleted
[22m[39m[MOCK CourseVectorStore] Initialized with mock data
[90mstdout[2m | src/components/CampaignProgress.stories.tsx[2m > [22m[2mCompleted
[22m[39m[FilesContext] Vector store population triggered {
  "currentVectorStoreSize": 3,
  "documentsCount": 0,
  "filesCount": 6,
  "isInitialLoad": true,
}
[90mstdout[2m | src/components/CampaignProgress.stories.tsx[2m > [22m[2mCompleted
[22m[39m[FilesContext] Vector store population complete - 3 total embeddings
[90mstdout[2m | src/components/CampaignProgress.stories.tsx[2m > [22m[2mCompleted
[22m[39m[ChatContext] Chat exists and not archived, skipping creation
[90mstdout[2m | src/components/CampaignProgress.stories.tsx[2m > [22m[2mCompleted
[22m[39m[Mock Storage] downloadData called with: undefined
[90mstdout[2m | src/components/CampaignProgress.stories.tsx[2m > [22m[2mUrgent Deadline
[22m[39m[ChatContext] Cleaning up subscriptions
[90mstdout[2m | src/components/CampaignProgress.stories.tsx[2m > [22m[2mUrgent Deadline
[22m[39m[Mock Data] Unit.onUpdate() subscription removed. Remaining: 0
[90mstdout[2m | src/components/CampaignProgress.stories.tsx[2m > [22m[2mUrgent Deadline
[22m[39m[MOCK CourseVectorStore] Initialized with mock data
[90mstdout[2m | src/components/CampaignProgress.stories.tsx[2m > [22m[2mUrgent Deadline
[22m[39m[TranslationModeController] Setting mode to: off
[90mstdout[2m | src/components/CampaignProgress.stories.tsx[2m > [22m[2mUrgent Deadline
[22m[39m[UnitContext] useEffect triggered {
  "authLoading": false,
  "hasUser": true,
  "id": "mock-unit-id",
  "userSub": "mock-user-sub",
}
[90mstdout[2m | src/components/CampaignProgress.stories.tsx[2m > [22m[2mUrgent Deadline
[22m[39m[UnitContext] Fetching unit data for id: mock-unit-id
[90mstdout[2m | src/components/CampaignProgress.stories.tsx[2m > [22m[2mUrgent Deadline
[22m[39m[FilesContext] Initializing vector store from IndexedDB
[90mstdout[2m | src/components/CampaignProgress.stories.tsx[2m > [22m[2mUrgent Deadline
[22m[39m[FilesContext] fetchFiles called
[90mstdout[2m | src/components/CampaignProgress.stories.tsx[2m > [22m[2mUrgent Deadline
[22m[39m[FilesContext] User authenticated: mock-user-sub
[90mstdout[2m | src/components/CampaignProgress.stories.tsx[2m > [22m[2mUrgent Deadline
[22m[39m[FilesContext] Identity ID: us-east-1:mock-identity-123
[90mstdout[2m | src/components/CampaignProgress.stories.tsx[2m > [22m[2mUrgent Deadline
[22m[39m[FilesContext] About to set up File observeQuery
[90mstdout[2m | src/components/CampaignProgress.stories.tsx[2m > [22m[2mUrgent Deadline
[22m[39m[ChatContext] Setting up AssistantChat observeQuery
[90mstdout[2m | src/components/CampaignProgress.stories.tsx[2m > [22m[2mUrgent Deadline
[22m[39m[ChatContext] Waiting for subscription to initialize
[90mstdout[2m | src/components/CampaignProgress.stories.tsx[2m > [22m[2mUrgent Deadline
[22m[39m[SettingsContext] Setting up Settings subscription for user: mock-user-sub
[90mstdout[2m | src/components/CampaignProgress.stories.tsx[2m > [22m[2mUrgent Deadline
[22m[39m[Mock Data] Settings created: mock-settings-1790416691410 - notified 0 subscribers
[90mstdout[2m | src/components/CampaignProgress.stories.tsx[2m > [22m[2mUrgent Deadline
[22m[39m[Mock Data] Unit.onUpdate() subscription added. Total: 1
[90mstdout[2m | src/components/CampaignProgress.stories.tsx[2m > [22m[2mUrgent Deadline
[22m[39m[SectionContext] Section observeQuery update: 0
[90mstdout[2m | src/components/CampaignProgress.stories.tsx[2m > [22m[2mUrgent Deadline
[22m[39m[FilesContext] File observeQuery update: 6 files
[90mstdout[2m | src/components/CampaignProgress.stories.tsx[2m > [22m[2mUrgent Deadline
[22m[39m[ChatContext] AssistantChat initialized with 1 chats
[90mstdout[2m | src/components/CampaignProgress.stories.tsx[2m > [22m[2mUrgent Deadline
[22m[39m[ChatContext] Setting initial chat: mock-assistant-chat-1
[90mstdout[2m | src/components/CampaignProgress.stories.tsx[2m > [22m[2mUrgent Deadline
[22m[39m[MOCK CourseVectorStore] Initialized with mock data
[90mstdout[2m | src/components/CampaignProgress.stories.tsx[2m > [22m[2mUrgent Deadline
[22m[39m[FilesContext] Vector store population triggered {
  "currentVectorStoreSize": 3,
  "documentsCount": 0,
  "filesCount": 6,
  "isInitialLoad": true,
}
[90mstdout[2m | src/components/CampaignProgress.stories.tsx[2m > [22m[2mUrgent Deadline
[22m[39m[FilesContext] Vector store population complete - 3 total embeddings
[90mstdout[2m | src/components/CampaignProgress.stories.tsx[2m > [22m[2mUrgent Deadline
[22m[39m[ChatContext] Chat exists and not archived, skipping creation
[90mstdout[2m | src/components/CampaignProgress.stories.tsx[2m > [22m[2mUrgent Deadline
[22m[39m[Mock Storage] downloadData called with: undefined
[90mstdout[2m | src/components/CampaignProgress.stories.tsx[2m > [22m[2mSimple Progress
[22m[39m[ChatContext] Cleaning up subscriptions
[90mstdout[2m | src/components/CampaignProgress.stories.tsx[2m > [22m[2mSimple Progress
[22m[39m[Mock Data] Unit.onUpdate() subscription removed. Remaining: 0
[90mstdout[2m | src/components/CampaignProgress.stories.tsx[2m > [22m[2mSimple Progress
[22m[39m[MOCK CourseVectorStore] Initialized with mock data
[90mstdout[2m | src/components/CampaignProgress.stories.tsx[2m > [22m[2mSimple Progress
[22m[39m[TranslationModeController] Setting mode to: off
[90mstdout[2m | src/components/CampaignProgress.stories.tsx[2m > [22m[2mSimple Progress
[22m[39m[UnitContext] useEffect triggered {
  "authLoading": false,
  "hasUser": true,
  "id": "mock-unit-id",
  "userSub": "mock-user-sub",
}
[90mstdout[2m | src/components/CampaignProgress.stories.tsx[2m > [22m[2mSimple Progress
[22m[39m[UnitContext] Fetching unit data for id: mock-unit-id
[90mstdout[2m | src/components/CampaignProgress.stories.tsx[2m > [22m[2mSimple Progress
[22m[39m[FilesContext] Initializing vector store from IndexedDB
[90mstdout[2m | src/components/CampaignProgress.stories.tsx[2m > [22m[2mSimple Progress
[22m[39m[FilesContext] fetchFiles called
[90mstdout[2m | src/components/CampaignProgress.stories.tsx[2m > [22m[2mSimple Progress
[22m[39m[FilesContext] User authenticated: mock-user-sub
[90mstdout[2m | src/components/CampaignProgress.stories.tsx[2m > [22m[2mSimple Progress
[22m[39m[FilesContext] Identity ID: us-east-1:mock-identity-123
[90mstdout[2m | src/components/CampaignProgress.stories.tsx[2m > [22m[2mSimple Progress
[22m[39m[FilesContext] About to set up File observeQuery
[90mstdout[2m | src/components/CampaignProgress.stories.tsx[2m > [22m[2mSimple Progress
[22m[39m[ChatContext] Setting up AssistantChat observeQuery
[90mstdout[2m | src/components/CampaignProgress.stories.tsx[2m > [22m[2mSimple Progress
[22m[39m[ChatContext] Waiting for subscription to initialize
[90mstdout[2m | src/components/CampaignProgress.stories.tsx[2m > [22m[2mSimple Progress
[22m[39m[SettingsContext] Setting up Settings subscription for user: mock-user-sub
[90mstdout[2m | src/components/CampaignProgress.stories.tsx[2m > [22m[2mSimple Progress
[22m[39m[Mock Data] Settings created: mock-settings-1790416691520 - notified 0 subscribers
[90mstdout[2m | src/components/CampaignProgress.stories.tsx[2m > [22m[2mSimple Progress
[22m[39m[Mock Data] Unit.onUpdate() subscription added. Total: 1
[90mstdout[2m | src/components/CampaignProgress.stories.tsx[2m > [22m[2mSimple Progress
[22m[39m[SectionContext] Section observeQuery update: 0
[90mstdout[2m | src/components/CampaignProgress.stories.tsx[2m > [22m[2mSimple Progress
[22m[39m[FilesContext] File observeQuery update: 6 files
[90mstdout[2m | src/components/CampaignProgress.stories.tsx[2m > [22m[2mSimple Progress
[22m[39m[ChatContext] AssistantChat initialized with 1 chats
[90mstdout[2m | src/components/CampaignProgress.stories.tsx[2m > [22m[2mSimple Progress
[22m[39m[ChatContext] Setting initial chat: mock-assistant-chat-1
[90mstdout[2m | src/components/CampaignProgress.stories.tsx[2m > [22m[2mSimple Progress
[22m[39m[MOCK CourseVectorStore] Initialized with mock data
[90mstdout[2m | src/components/CampaignProgress.stories.tsx[2m > [22m[2mSimple Progress
[22m[39m[FilesContext] Vector store population triggered {
  "currentVectorStoreSize": 3,
  "documentsCount": 0,
  "filesCount": 6,
  "isInitialLoad": true,
}
[90mstdout[2m | src/components/CampaignProgress.stories.tsx[2m > [22m[2mSimple Progress
[22m[39m[FilesContext] Vector store population complete - 3 total embeddings
[90mstdout[2m | src/components/CampaignProgress.stories.tsx[2m > [22m[2mSimple Progress
[22m[39m[ChatContext] Chat exists and not archived, skipping creation
[90mstdout[2m | src/components/CampaignProgress.stories.tsx[2m > [22m[2mSimple Progress
[22m[39m[Mock Storage] downloadData called with: undefined
[90mstdout[2m | src/components/CampaignProgress.stories.tsx[2m > [22m[2mEnded Campaign
[22m[39m[ChatContext] Cleaning up subscriptions
[90mstdout[2m | src/components/CampaignProgress.stories.tsx[2m > [22m[2mEnded Campaign
[22m[39m[Mock Data] Unit.onUpdate() subscription removed. Remaining: 0
[90mstdout[2m | src/components/CampaignProgress.stories.tsx[2m > [22m[2mEnded Campaign
[22m[39m[MOCK CourseVectorStore] Initialized with mock data
[90mstdout[2m | src/components/CampaignProgress.stories.tsx[2m > [22m[2mEnded Campaign
[22m[39m[TranslationModeController] Setting mode to: off
[90mstdout[2m | src/components/CampaignProgress.stories.tsx[2m > [22m[2mEnded Campaign
[22m[39m[UnitContext] useEffect triggered {
  "authLoading": false,
  "hasUser": true,
  "id": "mock-unit-id",
  "userSub": "mock-user-sub",
}
[90mstdout[2m | src/components/CampaignProgress.stories.tsx[2m > [22m[2mEnded Campaign
[22m[39m[UnitContext] Fetching unit data for id: mock-unit-id
[90mstdout[2m | src/components/CampaignProgress.stories.tsx[2m > [22m[2mEnded Campaign
[22m[39m[FilesContext] Initializing vector store from IndexedDB
[90mstdout[2m | src/components/CampaignProgress.stories.tsx[2m > [22m[2mEnded Campaign
[22m[39m[FilesContext] fetchFiles called
[90mstdout[2m | src/components/CampaignProgress.stories.tsx[2m > [22m[2mEnded Campaign
[22m[39m[FilesContext] User authenticated: mock-user-sub
[90mstdout[2m | src/components/CampaignProgress.stories.tsx[2m > [22m[2mEnded Campaign
[22m[39m[FilesContext] Identity ID: us-east-1:mock-identity-123
[90mstdout[2m | src/components/CampaignProgress.stories.tsx[2m > [22m[2mEnded Campaign
[22m[39m[FilesContext] About to set up File observeQuery
[90mstdout[2m | src/components/CampaignProgress.stories.tsx[2m > [22m[2mEnded Campaign
[22m[39m[ChatContext] Setting up AssistantChat observeQuery
[90mstdout[2m | src/components/CampaignProgress.stories.tsx[2m > [22m[2mEnded Campaign
[22m[39m[ChatContext] Waiting for subscription to initialize
[90mstdout[2m | src/components/CampaignProgress.stories.tsx[2m > [22m[2mEnded Campaign
[22m[39m[SettingsContext] Setting up Settings subscription for user: mock-user-sub
[90mstdout[2m | src/components/CampaignProgress.stories.tsx[2m > [22m[2mEnded Campaign
[22m[39m[Mock Data] Settings created: mock-settings-1790416691630 - notified 0 subscribers
[90mstdout[2m | src/components/CampaignProgress.stories.tsx[2m > [22m[2mEnded Campaign
[22m[39m[Mock Data] Unit.onUpdate() subscription added. Total: 1
[90mstdout[2m | src/components/CampaignProgress.stories.tsx[2m > [22m[2mEnded Campaign
[22m[39m[SectionContext] Section observeQuery update: 0
[90mstdout[2m | src/components/CampaignProgress.stories.tsx[2m > [22m[2mEnded Campaign
[22m[39m[FilesContext] File observeQuery update: 6 files
[90mstdout[2m | src/components/CampaignProgress.stories.tsx[2m > [22m[2mEnded Campaign
[22m[39m[ChatContext] AssistantChat initialized with 1 chats
[90mstdout[2m | src/components/CampaignProgress.stories.tsx[2m > [22m[2mEnded Campaign
[22m[39m[ChatContext] Setting initial chat: mock-assistant-chat-1
[90mstdout[2m | src/components/CampaignProgress.stories.tsx[2m > [22m[2mEnded Campaign
[22m[39m[Mock Storage] downloadData called with: undefined
[90mstdout[2m | src/components/CampaignProgress.stories.tsx[2m > [22m[2mEnded Campaign
[22m[39m[MOCK CourseVectorStore] Initialized with mock data
[90mstdout[2m | src/components/CampaignProgress.stories.tsx[2m > [22m[2mEnded Campaign
[22m[39m[FilesContext] Vector store population triggered {
  "currentVectorStoreSize": 3,
  "documentsCount": 0,
  "filesCount": 6,
  "isInitialLoad": true,
}
[90mstdout[2m | src/components/CampaignProgress.stories.tsx[2m > [22m[2mEnded Campaign
[22m[39m[FilesContext] Vector store population complete - 3 total embeddings
[90mstdout[2m | src/components/CampaignProgress.stories.tsx[2m > [22m[2mEnded Campaign
[22m[39m[ChatContext] Chat exists and not archived, skipping creation
 [32m✓[39m [30m[45m storybook (chromium) [49m[39m src/components/CampaignProgress.stories.tsx [2m([22m[2m5 tests[22m[2m)[22m[33m 772[2mms[22m[39m
[90mstdout[2m | unknown test
[22m[39m[MOCK vectorStoreDB.js] Module loaded - mock IndexedDB operations
[90mstdout[2m | unknown test
[22m[39m[Task Completion] DOM action listeners initialized
[90mstdout[2m | unknown test
[22m[39m[Task Completion] Auto-completion detector initialized
[90mstdout[2m | unknown test
[22m[39m[Preview] Task completion detector initialized
[90mstdout[2m | src/components/OfflineBanner.stories.tsx[2m > [22m[2mOnline (hidden)
[22m[39m[TranslationModeController] Setting mode to: off
[90mstdout[2m | src/components/OfflineBanner.stories.tsx[2m > [22m[2mOffline Warning
[22m[39m[TranslationModeController] Setting mode to: off
 [32m✓[39m [30m[45m storybook (chromium) [49m[39m src/components/OfflineBanner.stories.tsx [2m([22m[2m2 tests[22m[2m)[22m[33m 341[2mms[22m[39m
[90mstdout[2m | unknown test
[22m[39m[MOCK vectorStoreDB.js] Module loaded - mock IndexedDB operations
[90mstdout[2m | unknown test
[22m[39m[Task Completion] DOM action listeners initialized
[90mstdout[2m | unknown test
[22m[39m[Task Completion] Auto-completion detector initialized
[90mstdout[2m | unknown test
[22m[39m[Preview] Task completion detector initialized
[90mstdout[2m | src/components/SkillTreePopupButton.stories.tsx[2m > [22m[2mDefault
[22m[39m[MOCK CourseVectorStore] Initialized with mock data
[90mstdout[2m | src/components/SkillTreePopupButton.stories.tsx[2m > [22m[2mDefault
[22m[39m[TranslationModeController] Setting mode to: off
[90mstdout[2m | src/components/SkillTreePopupButton.stories.tsx[2m > [22m[2mDefault
[22m[39m[UnitContext] useEffect triggered {
  "authLoading": false,
  "hasUser": true,
  "id": "mock-unit-id",
  "userSub": "mock-user-sub",
}
[90mstdout[2m | src/components/SkillTreePopupButton.stories.tsx[2m > [22m[2mDefault
[22m[39m[UnitContext] Fetching unit data for id: mock-unit-id
[90mstdout[2m | src/components/SkillTreePopupButton.stories.tsx[2m > [22m[2mDefault
[22m[39m[FilesContext] Initializing vector store from IndexedDB
[90mstdout[2m | src/components/SkillTreePopupButton.stories.tsx[2m > [22m[2mDefault
[22m[39m[FilesContext] fetchFiles called
[90mstdout[2m | src/components/SkillTreePopupButton.stories.tsx[2m > [22m[2mDefault
[22m[39m[FilesContext] User authenticated: mock-user-sub
[90mstdout[2m | src/components/SkillTreePopupButton.stories.tsx[2m > [22m[2mDefault
[22m[39m[FilesContext] Identity ID: us-east-1:mock-identity-123
[90mstdout[2m | src/components/SkillTreePopupButton.stories.tsx[2m > [22m[2mDefault
[22m[39m[FilesContext] About to set up File observeQuery
[90mstdout[2m | src/components/SkillTreePopupButton.stories.tsx[2m > [22m[2mDefault
[22m[39m[ChatContext] Setting up AssistantChat observeQuery
[90mstdout[2m | src/components/SkillTreePopupButton.stories.tsx[2m > [22m[2mDefault
[22m[39m[ChatContext] Waiting for subscription to initialize
[90mstdout[2m | src/components/SkillTreePopupButton.stories.tsx[2m > [22m[2mDefault
[22m[39m[SettingsContext] Setting up Settings subscription for user: mock-user-sub
[90mstdout[2m | src/components/SkillTreePopupButton.stories.tsx[2m > [22m[2mDefault
[22m[39m[Mock Data] Settings created: mock-settings-1790416700754 - notified 0 subscribers
[90mstdout[2m | src/components/SkillTreePopupButton.stories.tsx[2m > [22m[2mDefault
[22m[39m[Mock Data] Unit.onUpdate() subscription added. Total: 1
[90mstdout[2m | src/components/SkillTreePopupButton.stories.tsx[2m > [22m[2mDefault
[22m[39m[SectionContext] Section observeQuery update: 0
[90mstdout[2m | src/components/SkillTreePopupButton.stories.tsx[2m > [22m[2mDefault
[22m[39m[FilesContext] File observeQuery update: 6 files
[90mstdout[2m | src/components/SkillTreePopupButton.stories.tsx[2m > [22m[2mDefault
[22m[39m[ChatContext] AssistantChat initialized with 1 chats
[90mstdout[2m | src/components/SkillTreePopupButton.stories.tsx[2m > [22m[2mDefault
[22m[39m[ChatContext] Setting initial chat: mock-assistant-chat-1
[90mstdout[2m | src/components/SkillTreePopupButton.stories.tsx[2m > [22m[2mDefault
[22m[39m[MOCK CourseVectorStore] Initialized with mock data
[90mstdout[2m | src/components/SkillTreePopupButton.stories.tsx[2m > [22m[2mDefault
[22m[39m[FilesContext] Vector store population triggered {
  "currentVectorStoreSize": 3,
  "documentsCount": 0,
  "filesCount": 6,
  "isInitialLoad": true,
}
[90mstdout[2m | src/components/SkillTreePopupButton.stories.tsx[2m > [22m[2mDefault
[22m[39m[FilesContext] Vector store population complete - 3 total embeddings
[90mstdout[2m | src/components/SkillTreePopupButton.stories.tsx[2m > [22m[2mDefault
[22m[39m[ChatContext] Chat exists and not archived, skipping creation
[90mstdout[2m | src/components/SkillTreePopupButton.stories.tsx[2m > [22m[2mDefault
[22m[39m[Mock Storage] downloadData called with: undefined
[90mstdout[2m | src/components/SkillTreePopupButton.stories.tsx[2m > [22m[2mCustom Label
[22m[39m[ChatContext] Cleaning up subscriptions
[90mstdout[2m | src/components/SkillTreePopupButton.stories.tsx[2m > [22m[2mCustom Label
[22m[39m[Mock Data] Unit.onUpdate() subscription removed. Remaining: 0
[90mstdout[2m | src/components/SkillTreePopupButton.stories.tsx[2m > [22m[2mCustom Label
[22m[39m[MOCK CourseVectorStore] Initialized with mock data
[90mstdout[2m | src/components/SkillTreePopupButton.stories.tsx[2m > [22m[2mCustom Label
[22m[39m[TranslationModeController] Setting mode to: off
[90mstdout[2m | src/components/SkillTreePopupButton.stories.tsx[2m > [22m[2mCustom Label
[22m[39m[UnitContext] useEffect triggered {
  "authLoading": false,
  "hasUser": true,
  "id": "mock-unit-id",
  "userSub": "mock-user-sub",
}
[90mstdout[2m | src/components/SkillTreePopupButton.stories.tsx[2m > [22m[2mCustom Label
[22m[39m[UnitContext] Fetching unit data for id: mock-unit-id
[90mstdout[2m | src/components/SkillTreePopupButton.stories.tsx[2m > [22m[2mCustom Label
[22m[39m[FilesContext] Initializing vector store from IndexedDB
[90mstdout[2m | src/components/SkillTreePopupButton.stories.tsx[2m > [22m[2mCustom Label
[22m[39m[FilesContext] fetchFiles called
[90mstdout[2m | src/components/SkillTreePopupButton.stories.tsx[2m > [22m[2mCustom Label
[22m[39m[FilesContext] User authenticated: mock-user-sub
[90mstdout[2m | src/components/SkillTreePopupButton.stories.tsx[2m > [22m[2mCustom Label
[22m[39m[FilesContext] Identity ID: us-east-1:mock-identity-123
[90mstdout[2m | src/components/SkillTreePopupButton.stories.tsx[2m > [22m[2mCustom Label
[22m[39m[FilesContext] About to set up File observeQuery
[90mstdout[2m | src/components/SkillTreePopupButton.stories.tsx[2m > [22m[2mCustom Label
[22m[39m[ChatContext] Setting up AssistantChat observeQuery
[90mstdout[2m | src/components/SkillTreePopupButton.stories.tsx[2m > [22m[2mCustom Label
[22m[39m[ChatContext] Waiting for subscription to initialize
[90mstdout[2m | src/components/SkillTreePopupButton.stories.tsx[2m > [22m[2mCustom Label
[22m[39m[SettingsContext] Setting up Settings subscription for user: mock-user-sub
[90mstdout[2m | src/components/SkillTreePopupButton.stories.tsx[2m > [22m[2mCustom Label
[22m[39m[Mock Data] Settings created: mock-settings-1790416701087 - notified 0 subscribers
[90mstdout[2m | src/components/SkillTreePopupButton.stories.tsx[2m > [22m[2mCustom Label
[22m[39m[Mock Data] Unit.onUpdate() subscription added. Total: 1
[90mstdout[2m | src/components/SkillTreePopupButton.stories.tsx[2m > [22m[2mCustom Label
[22m[39m[SectionContext] Section observeQuery update: 0
[90mstdout[2m | src/components/SkillTreePopupButton.stories.tsx[2m > [22m[2mCustom Label
[22m[39m[FilesContext] File observeQuery update: 6 files
[90mstdout[2m | src/components/SkillTreePopupButton.stories.tsx[2m > [22m[2mCustom Label
[22m[39m[ChatContext] AssistantChat initialized with 1 chats
[90mstdout[2m | src/components/SkillTreePopupButton.stories.tsx[2m > [22m[2mCustom Label
[22m[39m[ChatContext] Setting initial chat: mock-assistant-chat-1
[90mstdout[2m | src/components/SkillTreePopupButton.stories.tsx[2m > [22m[2mCustom Label
[22m[39m[MOCK CourseVectorStore] Initialized with mock data
[90mstdout[2m | src/components/SkillTreePopupButton.stories.tsx[2m > [22m[2mCustom Label
[22m[39m[FilesContext] Vector store population triggered {
  "currentVectorStoreSize": 3,
  "documentsCount": 0,
  "filesCount": 6,
  "isInitialLoad": true,
}
[90mstdout[2m | src/components/SkillTreePopupButton.stories.tsx[2m > [22m[2mCustom Label
[22m[39m[FilesContext] Vector store population complete - 3 total embeddings
[90mstdout[2m | src/components/SkillTreePopupButton.stories.tsx[2m > [22m[2mCustom Label
[22m[39m[ChatContext] Chat exists and not archived, skipping creation
[90mstdout[2m | src/components/SkillTreePopupButton.stories.tsx[2m > [22m[2mCustom Label
[22m[39m[Mock Storage] downloadData called with: undefined
[90mstdout[2m | src/components/SkillTreePopupButton.stories.tsx[2m > [22m[2mInstructor Empty State
[22m[39m[ChatContext] Cleaning up subscriptions
[90mstdout[2m | src/components/SkillTreePopupButton.stories.tsx[2m > [22m[2mInstructor Empty State
[22m[39m[Mock Data] Unit.onUpdate() subscription removed. Remaining: 0
[90mstdout[2m | src/components/SkillTreePopupButton.stories.tsx[2m > [22m[2mInstructor Empty State
[22m[39m[MOCK CourseVectorStore] Initialized with mock data
[90mstdout[2m | src/components/SkillTreePopupButton.stories.tsx[2m > [22m[2mInstructor Empty State
[22m[39m[TranslationModeController] Setting mode to: off
[90mstdout[2m | src/components/SkillTreePopupButton.stories.tsx[2m > [22m[2mInstructor Empty State
[22m[39m[UnitContext] useEffect triggered {
  "authLoading": false,
  "hasUser": true,
  "id": "mock-unit-id",
  "userSub": "mock-user-sub",
}
[90mstdout[2m | src/components/SkillTreePopupButton.stories.tsx[2m > [22m[2mInstructor Empty State
[22m[39m[UnitContext] Fetching unit data for id: mock-unit-id
[90mstdout[2m | src/components/SkillTreePopupButton.stories.tsx[2m > [22m[2mInstructor Empty State
[22m[39m[FilesContext] Initializing vector store from IndexedDB
[90mstdout[2m | src/components/SkillTreePopupButton.stories.tsx[2m > [22m[2mInstructor Empty State
[22m[39m[FilesContext] fetchFiles called
[90mstdout[2m | src/components/SkillTreePopupButton.stories.tsx[2m > [22m[2mInstructor Empty State
[22m[39m[FilesContext] User authenticated: mock-user-sub
[90mstdout[2m | src/components/SkillTreePopupButton.stories.tsx[2m > [22m[2mInstructor Empty State
[22m[39m[FilesContext] Identity ID: us-east-1:mock-identity-123
[90mstdout[2m | src/components/SkillTreePopupButton.stories.tsx[2m > [22m[2mInstructor Empty State
[22m[39m[FilesContext] About to set up File observeQuery
[90mstdout[2m | src/components/SkillTreePopupButton.stories.tsx[2m > [22m[2mInstructor Empty State
[22m[39m[ChatContext] Setting up AssistantChat observeQuery
[90mstdout[2m | src/components/SkillTreePopupButton.stories.tsx[2m > [22m[2mInstructor Empty State
[22m[39m[ChatContext] Waiting for subscription to initialize
[90mstdout[2m | src/components/SkillTreePopupButton.stories.tsx[2m > [22m[2mInstructor Empty State
[22m[39m[SettingsContext] Setting up Settings subscription for user: mock-user-sub
[90mstdout[2m | src/components/SkillTreePopupButton.stories.tsx[2m > [22m[2mInstructor Empty State
[22m[39m[Mock Data] Settings created: mock-settings-1790416701363 - notified 0 subscribers
[90mstdout[2m | src/components/SkillTreePopupButton.stories.tsx[2m > [22m[2mInstructor Empty State
[22m[39m[Mock Data] Unit.onUpdate() subscription added. Total: 1
[90mstdout[2m | src/components/SkillTreePopupButton.stories.tsx[2m > [22m[2mInstructor Empty State
[22m[39m[SectionContext] Section observeQuery update: 0
[90mstdout[2m | src/components/SkillTreePopupButton.stories.tsx[2m > [22m[2mInstructor Empty State
[22m[39m[FilesContext] File observeQuery update: 6 files
[90mstdout[2m | src/components/SkillTreePopupButton.stories.tsx[2m > [22m[2mInstructor Empty State
[22m[39m[Mock Storage] downloadData called with: undefined
[90mstdout[2m | src/components/SkillTreePopupButton.stories.tsx[2m > [22m[2mInstructor Empty State
[22m[39m[ChatContext] AssistantChat initialized with 1 chats
[90mstdout[2m | src/components/SkillTreePopupButton.stories.tsx[2m > [22m[2mInstructor Empty State
[22m[39m[ChatContext] Setting initial chat: mock-assistant-chat-1
[90mstdout[2m | src/components/SkillTreePopupButton.stories.tsx[2m > [22m[2mInstructor Empty State
[22m[39m[MOCK CourseVectorStore] Initialized with mock data
[90mstdout[2m | src/components/SkillTreePopupButton.stories.tsx[2m > [22m[2mInstructor Empty State
[22m[39m[FilesContext] Vector store population triggered {
  "currentVectorStoreSize": 3,
  "documentsCount": 0,
  "filesCount": 6,
  "isInitialLoad": true,
}
[90mstdout[2m | src/components/SkillTreePopupButton.stories.tsx[2m > [22m[2mInstructor Empty State
[22m[39m[FilesContext] Vector store population complete - 3 total embeddings
[90mstdout[2m | src/components/SkillTreePopupButton.stories.tsx[2m > [22m[2mInstructor Empty State
[22m[39m[ChatContext] Chat exists and not archived, skipping creation
 [32m✓[39m [30m[45m storybook (chromium) [49m[39m src/components/SkillTreePopupButton.stories.tsx [2m([22m[2m3 tests[22m[2m)[22m[33m 837[2mms[22m[39m
   [33m[2m✓[22m[39m Custom Label [33m 439[2mms[22m[39m
[90mstdout[2m | unknown test
[22m[39m[MOCK vectorStoreDB.js] Module loaded - mock IndexedDB operations
[90mstdout[2m | unknown test
[22m[39m[Task Completion] DOM action listeners initialized
[90mstdout[2m | unknown test
[22m[39m[Task Completion] Auto-completion detector initialized
[90mstdout[2m | unknown test
[22m[39m[Preview] Task completion detector initialized
[90mstdout[2m | src/components/Gamification/PersonalBestBanner.stories.tsx[2m > [22m[2mImprovement
[22m[39m[MOCK CourseVectorStore] Initialized with mock data
[90mstdout[2m | src/components/Gamification/PersonalBestBanner.stories.tsx[2m > [22m[2mImprovement
[22m[39m[TranslationModeController] Setting mode to: off
[90mstdout[2m | src/components/Gamification/PersonalBestBanner.stories.tsx[2m > [22m[2mImprovement
[22m[39m[UnitContext] useEffect triggered {
  "authLoading": false,
  "hasUser": true,
  "id": "mock-unit-id",
  "userSub": "mock-user-sub",
}
[90mstdout[2m | src/components/Gamification/PersonalBestBanner.stories.tsx[2m > [22m[2mImprovement
[22m[39m[UnitContext] Fetching unit data for id: mock-unit-id
[90mstdout[2m | src/components/Gamification/PersonalBestBanner.stories.tsx[2m > [22m[2mImprovement
[22m[39m[FilesContext] Initializing vector store from IndexedDB
[90mstdout[2m | src/components/Gamification/PersonalBestBanner.stories.tsx[2m > [22m[2mImprovement
[22m[39m[FilesContext] fetchFiles called
[90mstdout[2m | src/components/Gamification/PersonalBestBanner.stories.tsx[2m > [22m[2mImprovement
[22m[39m[FilesContext] User authenticated: mock-user-sub
[90mstdout[2m | src/components/Gamification/PersonalBestBanner.stories.tsx[2m > [22m[2mImprovement
[22m[39m[FilesContext] Identity ID: us-east-1:mock-identity-123
[90mstdout[2m | src/components/Gamification/PersonalBestBanner.stories.tsx[2m > [22m[2mImprovement
[22m[39m[FilesContext] About to set up File observeQuery
[90mstdout[2m | src/components/Gamification/PersonalBestBanner.stories.tsx[2m > [22m[2mImprovement
[22m[39m[ChatContext] Setting up AssistantChat observeQuery
[90mstdout[2m | src/components/Gamification/PersonalBestBanner.stories.tsx[2m > [22m[2mImprovement
[22m[39m[ChatContext] Waiting for subscription to initialize
[90mstdout[2m | src/components/Gamification/PersonalBestBanner.stories.tsx[2m > [22m[2mImprovement
[22m[39m[SettingsContext] Setting up Settings subscription for user: mock-user-sub
[90mstdout[2m | src/components/Gamification/PersonalBestBanner.stories.tsx[2m > [22m[2mImprovement
[22m[39m[Mock Data] Settings created: mock-settings-1790416702713 - notified 0 subscribers
[90mstdout[2m | src/components/Gamification/PersonalBestBanner.stories.tsx[2m > [22m[2mImprovement
[22m[39m[Mock Data] Unit.onUpdate() subscription added. Total: 1
[90mstdout[2m | src/components/Gamification/PersonalBestBanner.stories.tsx[2m > [22m[2mImprovement
[22m[39m[SectionContext] Section observeQuery update: 0
[90mstdout[2m | src/components/Gamification/PersonalBestBanner.stories.tsx[2m > [22m[2mImprovement
[22m[39m[FilesContext] File observeQuery update: 6 files
[90mstdout[2m | src/components/Gamification/PersonalBestBanner.stories.tsx[2m > [22m[2mImprovement
[22m[39m[ChatContext] AssistantChat initialized with 1 chats
[90mstdout[2m | src/components/Gamification/PersonalBestBanner.stories.tsx[2m > [22m[2mImprovement
[22m[39m[ChatContext] Setting initial chat: mock-assistant-chat-1
[90mstdout[2m | src/components/Gamification/PersonalBestBanner.stories.tsx[2m > [22m[2mImprovement
[22m[39m[MOCK CourseVectorStore] Initialized with mock data
[90mstdout[2m | src/components/Gamification/PersonalBestBanner.stories.tsx[2m > [22m[2mImprovement
[22m[39m[FilesContext] Vector store population triggered {
  "currentVectorStoreSize": 3,
  "documentsCount": 0,
  "filesCount": 6,
  "isInitialLoad": true,
}
[90mstdout[2m | src/components/Gamification/PersonalBestBanner.stories.tsx[2m > [22m[2mImprovement
[22m[39m[FilesContext] Vector store population complete - 3 total embeddings
[90mstdout[2m | src/components/Gamification/PersonalBestBanner.stories.tsx[2m > [22m[2mImprovement
[22m[39m[ChatContext] Chat exists and not archived, skipping creation
[90mstdout[2m | src/components/Gamification/PersonalBestBanner.stories.tsx[2m > [22m[2mImprovement
[22m[39m[Mock Storage] downloadData called with: undefined
[90mstdout[2m | src/components/Gamification/PersonalBestBanner.stories.tsx[2m > [22m[2mFirst Attempt
[22m[39m[ChatContext] Cleaning up subscriptions
[90mstdout[2m | src/components/Gamification/PersonalBestBanner.stories.tsx[2m > [22m[2mFirst Attempt
[22m[39m[Mock Data] Unit.onUpdate() subscription removed. Remaining: 0
[90mstdout[2m | src/components/Gamification/PersonalBestBanner.stories.tsx[2m > [22m[2mFirst Attempt
[22m[39m[MOCK CourseVectorStore] Initialized with mock data
[90mstdout[2m | src/components/Gamification/PersonalBestBanner.stories.tsx[2m > [22m[2mFirst Attempt
[22m[39m[TranslationModeController] Setting mode to: off
[90mstdout[2m | src/components/Gamification/PersonalBestBanner.stories.tsx[2m > [22m[2mFirst Attempt
[22m[39m[UnitContext] useEffect triggered {
  "authLoading": false,
  "hasUser": true,
  "id": "mock-unit-id",
  "userSub": "mock-user-sub",
}
[90mstdout[2m | src/components/Gamification/PersonalBestBanner.stories.tsx[2m > [22m[2mFirst Attempt
[22m[39m[UnitContext] Fetching unit data for id: mock-unit-id
[90mstdout[2m | src/components/Gamification/PersonalBestBanner.stories.tsx[2m > [22m[2mFirst Attempt
[22m[39m[FilesContext] Initializing vector store from IndexedDB
[90mstdout[2m | src/components/Gamification/PersonalBestBanner.stories.tsx[2m > [22m[2mFirst Attempt
[22m[39m[FilesContext] fetchFiles called
[90mstdout[2m | src/components/Gamification/PersonalBestBanner.stories.tsx[2m > [22m[2mFirst Attempt
[22m[39m[FilesContext] User authenticated: mock-user-sub
[90mstdout[2m | src/components/Gamification/PersonalBestBanner.stories.tsx[2m > [22m[2mFirst Attempt
[22m[39m[FilesContext] Identity ID: us-east-1:mock-identity-123
[90mstdout[2m | src/components/Gamification/PersonalBestBanner.stories.tsx[2m > [22m[2mFirst Attempt
[22m[39m[FilesContext] About to set up File observeQuery
[90mstdout[2m | src/components/Gamification/PersonalBestBanner.stories.tsx[2m > [22m[2mFirst Attempt
[22m[39m[ChatContext] Setting up AssistantChat observeQuery
[90mstdout[2m | src/components/Gamification/PersonalBestBanner.stories.tsx[2m > [22m[2mFirst Attempt
[22m[39m[ChatContext] Waiting for subscription to initialize
[90mstdout[2m | src/components/Gamification/PersonalBestBanner.stories.tsx[2m > [22m[2mFirst Attempt
[22m[39m[SettingsContext] Setting up Settings subscription for user: mock-user-sub
[90mstdout[2m | src/components/Gamification/PersonalBestBanner.stories.tsx[2m > [22m[2mFirst Attempt
[22m[39m[Mock Data] Settings created: mock-settings-1790416702916 - notified 0 subscribers
[90mstdout[2m | src/components/Gamification/PersonalBestBanner.stories.tsx[2m > [22m[2mFirst Attempt
[22m[39m[Mock Data] Unit.onUpdate() subscription added. Total: 1
[90mstdout[2m | src/components/Gamification/PersonalBestBanner.stories.tsx[2m > [22m[2mFirst Attempt
[22m[39m[SectionContext] Section observeQuery update: 0
[90mstdout[2m | src/components/Gamification/PersonalBestBanner.stories.tsx[2m > [22m[2mFirst Attempt
[22m[39m[FilesContext] File observeQuery update: 6 files
[90mstdout[2m | src/components/Gamification/PersonalBestBanner.stories.tsx[2m > [22m[2mFirst Attempt
[22m[39m[ChatContext] AssistantChat initialized with 1 chats
[90mstdout[2m | src/components/Gamification/PersonalBestBanner.stories.tsx[2m > [22m[2mFirst Attempt
[22m[39m[ChatContext] Setting initial chat: mock-assistant-chat-1
[90mstdout[2m | src/components/Gamification/PersonalBestBanner.stories.tsx[2m > [22m[2mFirst Attempt
[22m[39m[MOCK CourseVectorStore] Initialized with mock data
[90mstdout[2m | src/components/Gamification/PersonalBestBanner.stories.tsx[2m > [22m[2mFirst Attempt
[22m[39m[FilesContext] Vector store population triggered {
  "currentVectorStoreSize": 3,
  "documentsCount": 0,
  "filesCount": 6,
  "isInitialLoad": true,
}
[90mstdout[2m | src/components/Gamification/PersonalBestBanner.stories.tsx[2m > [22m[2mFirst Attempt
[22m[39m[FilesContext] Vector store population complete - 3 total embeddings
[90mstdout[2m | src/components/Gamification/PersonalBestBanner.stories.tsx[2m > [22m[2mFirst Attempt
[22m[39m[ChatContext] Chat exists and not archived, skipping creation
[90mstdout[2m | src/components/Gamification/PersonalBestBanner.stories.tsx[2m > [22m[2mFirst Attempt
[22m[39m[Mock Storage] downloadData called with: undefined
[90mstdout[2m | src/components/Gamification/PersonalBestBanner.stories.tsx[2m > [22m[2mPerfect Score
[22m[39m[ChatContext] Cleaning up subscriptions
[90mstdout[2m | src/components/Gamification/PersonalBestBanner.stories.tsx[2m > [22m[2mPerfect Score
[22m[39m[Mock Data] Unit.onUpdate() subscription removed. Remaining: 0
[90mstdout[2m | src/components/Gamification/PersonalBestBanner.stories.tsx[2m > [22m[2mPerfect Score
[22m[39m[MOCK CourseVectorStore] Initialized with mock data
[90mstdout[2m | src/components/Gamification/PersonalBestBanner.stories.tsx[2m > [22m[2mPerfect Score
[22m[39m[TranslationModeController] Setting mode to: off
[90mstdout[2m | src/components/Gamification/PersonalBestBanner.stories.tsx[2m > [22m[2mPerfect Score
[22m[39m[UnitContext] useEffect triggered {
  "authLoading": false,
  "hasUser": true,
  "id": "mock-unit-id",
  "userSub": "mock-user-sub",
}
[90mstdout[2m | src/components/Gamification/PersonalBestBanner.stories.tsx[2m > [22m[2mPerfect Score
[22m[39m[UnitContext] Fetching unit data for id: mock-unit-id
[90mstdout[2m | src/components/Gamification/PersonalBestBanner.stories.tsx[2m > [22m[2mPerfect Score
[22m[39m[FilesContext] Initializing vector store from IndexedDB
[90mstdout[2m | src/components/Gamification/PersonalBestBanner.stories.tsx[2m > [22m[2mPerfect Score
[22m[39m[FilesContext] fetchFiles called
[90mstdout[2m | src/components/Gamification/PersonalBestBanner.stories.tsx[2m > [22m[2mPerfect Score
[22m[39m[FilesContext] User authenticated: mock-user-sub
[90mstdout[2m | src/components/Gamification/PersonalBestBanner.stories.tsx[2m > [22m[2mPerfect Score
[22m[39m[FilesContext] Identity ID: us-east-1:mock-identity-123
[90mstdout[2m | src/components/Gamification/PersonalBestBanner.stories.tsx[2m > [22m[2mPerfect Score
[22m[39m[FilesContext] About to set up File observeQuery
[90mstdout[2m | src/components/Gamification/PersonalBestBanner.stories.tsx[2m > [22m[2mPerfect Score
[22m[39m[ChatContext] Setting up AssistantChat observeQuery
[90mstdout[2m | src/components/Gamification/PersonalBestBanner.stories.tsx[2m > [22m[2mPerfect Score
[22m[39m[ChatContext] Waiting for subscription to initialize
[90mstdout[2m | src/components/Gamification/PersonalBestBanner.stories.tsx[2m > [22m[2mPerfect Score
[22m[39m[SettingsContext] Setting up Settings subscription for user: mock-user-sub
[90mstdout[2m | src/components/Gamification/PersonalBestBanner.stories.tsx[2m > [22m[2mPerfect Score
[22m[39m[Mock Data] Settings created: mock-settings-1790416703072 - notified 0 subscribers
[90mstdout[2m | src/components/Gamification/PersonalBestBanner.stories.tsx[2m > [22m[2mPerfect Score
[22m[39m[Mock Data] Unit.onUpdate() subscription added. Total: 1
[90mstdout[2m | src/components/Gamification/PersonalBestBanner.stories.tsx[2m > [22m[2mPerfect Score
[22m[39m[SectionContext] Section observeQuery update: 0
[90mstdout[2m | src/components/Gamification/PersonalBestBanner.stories.tsx[2m > [22m[2mPerfect Score
[22m[39m[FilesContext] File observeQuery update: 6 files
[90mstdout[2m | src/components/Gamification/PersonalBestBanner.stories.tsx[2m > [22m[2mPerfect Score
[22m[39m[MOCK CourseVectorStore] Initialized with mock data
[90mstdout[2m | src/components/Gamification/PersonalBestBanner.stories.tsx[2m > [22m[2mPerfect Score
[22m[39m[FilesContext] Vector store population triggered {
  "currentVectorStoreSize": 3,
  "documentsCount": 0,
  "filesCount": 6,
  "isInitialLoad": true,
}
[90mstdout[2m | src/components/Gamification/PersonalBestBanner.stories.tsx[2m > [22m[2mPerfect Score
[22m[39m[FilesContext] Vector store population complete - 3 total embeddings
[90mstdout[2m | src/components/Gamification/PersonalBestBanner.stories.tsx[2m > [22m[2mPerfect Score
[22m[39m[ChatContext] AssistantChat initialized with 1 chats
[90mstdout[2m | src/components/Gamification/PersonalBestBanner.stories.tsx[2m > [22m[2mPerfect Score
[22m[39m[ChatContext] Setting initial chat: mock-assistant-chat-1
[90mstdout[2m | src/components/Gamification/PersonalBestBanner.stories.tsx[2m > [22m[2mPerfect Score
[22m[39m[Mock Storage] downloadData called with: undefined
[90mstdout[2m | src/components/Gamification/PersonalBestBanner.stories.tsx[2m > [22m[2mPerfect Score
[22m[39m[ChatContext] Chat exists and not archived, skipping creation
 [32m✓[39m [30m[45m storybook (chromium) [49m[39m src/components/Gamification/PersonalBestBanner.stories.tsx [2m([22m[2m3 tests[22m[2m)[22m[33m 559[2mms[22m[39m
[90mstdout[2m | unknown test
[22m[39m[MOCK vectorStoreDB.js] Module loaded - mock IndexedDB operations
[90mstdout[2m | unknown test
[22m[39m[Task Completion] DOM action listeners initialized
[90mstdout[2m | unknown test
[22m[39m[Task Completion] Auto-completion detector initialized
[90mstdout[2m | unknown test
[22m[39m[Preview] Task completion detector initialized
[90mstdout[2m | src/components/Editor3/plugins/UnitCompletedPlugin.stories.jsx[2m > [22m[2mInteractive
[22m[39m[Preview] Skipped initializing default mock data (initializeMockData=false)
[90mstdout[2m | src/components/Editor3/plugins/UnitCompletedPlugin.stories.jsx[2m > [22m[2mInteractive
[22m[39m[Mock Data] seedMockUnit: Adding unit unit-completed-story-unit
[90mstdout[2m | src/components/Editor3/plugins/UnitCompletedPlugin.stories.jsx[2m > [22m[2mInteractive
[22m[39m[MOCK CourseVectorStore] Initialized with mock data
[90mstdout[2m | src/components/Editor3/plugins/UnitCompletedPlugin.stories.jsx[2m > [22m[2mInteractive
[22m[39m[TranslationModeController] Setting mode to: off
[90mstdout[2m | src/components/Editor3/plugins/UnitCompletedPlugin.stories.jsx[2m > [22m[2mInteractive
[22m[39m[UnitContext] useEffect triggered {
  "authLoading": false,
  "hasUser": true,
  "id": "unit-completed-story-unit",
  "userSub": "mock-user-sub",
}
[90mstdout[2m | src/components/Editor3/plugins/UnitCompletedPlugin.stories.jsx[2m > [22m[2mInteractive
[22m[39m[UnitContext] Fetching unit data for id: unit-completed-story-unit
[90mstdout[2m | src/components/Editor3/plugins/UnitCompletedPlugin.stories.jsx[2m > [22m[2mInteractive
[22m[39m[FilesContext] Initializing vector store from IndexedDB
[90mstdout[2m | src/components/Editor3/plugins/UnitCompletedPlugin.stories.jsx[2m > [22m[2mInteractive
[22m[39m[FilesContext] fetchFiles called
[90mstdout[2m | src/components/Editor3/plugins/UnitCompletedPlugin.stories.jsx[2m > [22m[2mInteractive
[22m[39m[FilesContext] User authenticated: mock-user-sub
[90mstdout[2m | src/components/Editor3/plugins/UnitCompletedPlugin.stories.jsx[2m > [22m[2mInteractive
[22m[39m[FilesContext] Identity ID: us-east-1:mock-identity-123
[90mstdout[2m | src/components/Editor3/plugins/UnitCompletedPlugin.stories.jsx[2m > [22m[2mInteractive
[22m[39m[FilesContext] About to set up File observeQuery
[90mstdout[2m | src/components/Editor3/plugins/UnitCompletedPlugin.stories.jsx[2m > [22m[2mInteractive
[22m[39m[ChatContext] Setting up AssistantChat observeQuery
[90mstdout[2m | src/components/Editor3/plugins/UnitCompletedPlugin.stories.jsx[2m > [22m[2mInteractive
[22m[39m[ChatContext] Waiting for subscription to initialize
[90mstdout[2m | src/components/Editor3/plugins/UnitCompletedPlugin.stories.jsx[2m > [22m[2mInteractive
[22m[39m[SettingsContext] Setting up Settings subscription for user: mock-user-sub
[90mstdout[2m | src/components/Editor3/plugins/UnitCompletedPlugin.stories.jsx[2m > [22m[2mInteractive
[22m[39m[Mock Data] Settings created: mock-settings-1790416704283 - notified 0 subscribers
[90mstdout[2m | src/components/Editor3/plugins/UnitCompletedPlugin.stories.jsx[2m > [22m[2mInteractive
[22m[39m[Mock Data] Unit.onUpdate() subscription added. Total: 1
[90mstdout[2m | src/components/Editor3/plugins/UnitCompletedPlugin.stories.jsx[2m > [22m[2mInteractive
[22m[39m[SectionContext] Section observeQuery update: 0
[90mstdout[2m | src/components/Editor3/plugins/UnitCompletedPlugin.stories.jsx[2m > [22m[2mInteractive
[22m[39m[FilesContext] File observeQuery update: 0 files
[90mstdout[2m | src/components/Editor3/plugins/UnitCompletedPlugin.stories.jsx[2m > [22m[2mInteractive
[22m[39m[ChatContext] AssistantChat initialized with 0 chats
[90mstdout[2m | src/components/Editor3/plugins/UnitCompletedPlugin.stories.jsx[2m > [22m[2mInteractive
[22m[39m[MOCK CourseVectorStore] Initialized with mock data
[90mstdout[2m | src/components/Editor3/plugins/UnitCompletedPlugin.stories.jsx[2m > [22m[2mInteractive
[22m[39m[ChatContext] No current chat available, will create one
[90mstdout[2m | src/components/Editor3/plugins/UnitCompletedPlugin.stories.jsx[2m > [22m[2mInteractive
[22m[39m[ChatContext] Creating AssistantChat with user: undefined
[90mstdout[2m | src/components/Editor3/plugins/UnitCompletedPlugin.stories.jsx[2m > [22m[2mInteractive
[22m[39m[Mock Data] AssistantChat created: mock-assistantchat-1790416704298 - notified 1 subscribers
[90mstdout[2m | src/components/Editor3/plugins/UnitCompletedPlugin.stories.jsx[2m > [22m[2mInteractive
[22m[39m[ChatContext] Create result: {
  "data": {
    "_version": 1,
    "archived": false,
    "chatFiles": [Function anonymous],
    "createdAt": "2026-09-26T09:58:24.298Z",
    "id": "mock-assistantchat-1790416704298",
    "model": "gpt-4",
    "updatedAt": "2026-09-26T09:58:24.298Z",
  },
  "errors": [],
  "hasData": true,
  "hasErrors": true,
}
[90mstdout[2m | src/components/Editor3/plugins/UnitCompletedPlugin.stories.jsx[2m > [22m[2mInteractive
[22m[39m[ChatContext] Created AssistantChat: mock-assistantchat-1790416704298 at: 2026-09-26T09:58:24.298Z
[90mstdout[2m | src/components/Editor3/plugins/UnitCompletedPlugin.stories.jsx[2m > [22m[2mInteractive
[22m[39m[Mock Storage] downloadData called with: undefined
[90mstdout[2m | src/components/Editor3/plugins/UnitCompletedPlugin.stories.jsx[2m > [22m[2mInteractive
[22m[39m[ChatContext] Setting initial chat: mock-assistantchat-1790416704298
[90mstdout[2m | src/components/Editor3/plugins/UnitCompletedPlugin.stories.jsx[2m > [22m[2mInteractive
[22m[39m[ChatContext] Chat exists and not archived, skipping creation
 [32m✓[39m [30m[45m storybook (chromium) [49m[39m src/components/Editor3/plugins/UnitCompletedPlugin.stories.jsx [2m([22m[2m1 test[22m[2m)[22m[32m 281[2mms[22m[39m
[90mstdout[2m | unknown test
[22m[39m[MOCK vectorStoreDB.js] Module loaded - mock IndexedDB operations
[90mstdout[2m | unknown test
[22m[39m[Task Completion] DOM action listeners initialized
[90mstdout[2m | unknown test
[22m[39m[Task Completion] Auto-completion detector initialized
[90mstdout[2m | unknown test
[22m[39m[Preview] Task completion detector initialized
[90mstdout[2m | src/components/Gamification/SquadMessagePanel.stories.tsx[2m > [22m[2mDefault
[22m[39m[TranslationModeController] Setting mode to: off
[90mstdout[2m | src/components/Gamification/SquadMessagePanel.stories.tsx[2m > [22m[2mTwo Squads
[22m[39m[TranslationModeController] Setting mode to: off
[90mstdout[2m | src/components/Gamification/SquadMessagePanel.stories.tsx[2m > [22m[2mSubmitting
[22m[39m[TranslationModeController] Setting mode to: off
 [32m✓[39m [30m[45m storybook (chromium) [49m[39m src/components/Gamification/SquadMessagePanel.stories.tsx [2m([22m[2m3 tests[22m[2m)[22m[33m 1103[2mms[22m[39m
   [33m[2m✓[22m[39m Default [33m 434[2mms[22m[39m
   [33m[2m✓[22m[39m Submitting [33m 411[2mms[22m[39m
[90mstdout[2m | unknown test
[22m[39m[MOCK vectorStoreDB.js] Module loaded - mock IndexedDB operations
[90mstdout[2m | unknown test
[22m[39m[Task Completion] DOM action listeners initialized
[90mstdout[2m | unknown test
[22m[39m[Task Completion] Auto-completion detector initialized
[90mstdout[2m | unknown test
[22m[39m[Preview] Task completion detector initialized
[90mstdout[2m | src/components/CollaborativeChat/ChatPanel.stories.tsx[2m > [22m[2mFull Demo
[22m[39m[TranslationModeController] Setting mode to: off
[90mstdout[2m | src/components/CollaborativeChat/ChatPanel.stories.tsx[2m > [22m[2mWith Incoming Messages
[22m[39m[TranslationModeController] Setting mode to: off
 [32m✓[39m [30m[45m storybook (chromium) [49m[39m src/components/CollaborativeChat/ChatPanel.stories.tsx [2m([22m[2m2 tests[22m[2m)[22m[33m 486[2mms[22m[39m
   [33m[2m✓[22m[39m Full Demo [33m 360[2mms[22m[39m
[90mstdout[2m | unknown test
[22m[39m[MOCK vectorStoreDB.js] Module loaded - mock IndexedDB operations
[90mstdout[2m | unknown test
[22m[39m[Task Completion] DOM action listeners initialized
[90mstdout[2m | unknown test
[22m[39m[Task Completion] Auto-completion detector initialized
[90mstdout[2m | unknown test
[22m[39m[Preview] Task completion detector initialized
[90mstdout[2m | src/components/PeerReview/JoinByCode.stories.tsx[2m > [22m[2mDefault
[22m[39m[MOCK CourseVectorStore] Initialized with mock data
[90mstdout[2m | src/components/PeerReview/JoinByCode.stories.tsx[2m > [22m[2mDefault
[22m[39m[TranslationModeController] Setting mode to: off
[90mstdout[2m | src/components/PeerReview/JoinByCode.stories.tsx[2m > [22m[2mDefault
[22m[39m[UnitContext] useEffect triggered {
  "authLoading": false,
  "hasUser": true,
  "id": "mock-unit-id",
  "userSub": "mock-user-sub",
}
[90mstdout[2m | src/components/PeerReview/JoinByCode.stories.tsx[2m > [22m[2mDefault
[22m[39m[UnitContext] Fetching unit data for id: mock-unit-id
[90mstdout[2m | src/components/PeerReview/JoinByCode.stories.tsx[2m > [22m[2mDefault
[22m[39m[FilesContext] Initializing vector store from IndexedDB
[90mstdout[2m | src/components/PeerReview/JoinByCode.stories.tsx[2m > [22m[2mDefault
[22m[39m[FilesContext] fetchFiles called
[90mstdout[2m | src/components/PeerReview/JoinByCode.stories.tsx[2m > [22m[2mDefault
[22m[39m[FilesContext] User authenticated: mock-user-sub
[90mstdout[2m | src/components/PeerReview/JoinByCode.stories.tsx[2m > [22m[2mDefault
[22m[39m[FilesContext] Identity ID: us-east-1:mock-identity-123
[90mstdout[2m | src/components/PeerReview/JoinByCode.stories.tsx[2m > [22m[2mDefault
[22m[39m[FilesContext] About to set up File observeQuery
[90mstdout[2m | src/components/PeerReview/JoinByCode.stories.tsx[2m > [22m[2mDefault
[22m[39m[ChatContext] Setting up AssistantChat observeQuery
[90mstdout[2m | src/components/PeerReview/JoinByCode.stories.tsx[2m > [22m[2mDefault
[22m[39m[ChatContext] Waiting for subscription to initialize
[90mstdout[2m | src/components/PeerReview/JoinByCode.stories.tsx[2m > [22m[2mDefault
[22m[39m[SettingsContext] Setting up Settings subscription for user: mock-user-sub
[90mstdout[2m | src/components/PeerReview/JoinByCode.stories.tsx[2m > [22m[2mDefault
[22m[39m[Mock Data] Settings created: mock-settings-1790416715861 - notified 0 subscribers
[90mstdout[2m | src/components/PeerReview/JoinByCode.stories.tsx[2m > [22m[2mDefault
[22m[39m[Mock Data] Unit.onUpdate() subscription added. Total: 1
[90mstdout[2m | src/components/PeerReview/JoinByCode.stories.tsx[2m > [22m[2mDefault
[22m[39m[SectionContext] Section observeQuery update: 0
[90mstdout[2m | src/components/PeerReview/JoinByCode.stories.tsx[2m > [22m[2mDefault
[22m[39m[FilesContext] File observeQuery update: 6 files
[90mstdout[2m | src/components/PeerReview/JoinByCode.stories.tsx[2m > [22m[2mDefault
[22m[39m[ChatContext] AssistantChat initialized with 1 chats
[90mstdout[2m | src/components/PeerReview/JoinByCode.stories.tsx[2m > [22m[2mDefault
[22m[39m[ChatContext] Setting initial chat: mock-assistant-chat-1
[90mstdout[2m | src/components/PeerReview/JoinByCode.stories.tsx[2m > [22m[2mDefault
[22m[39m[MOCK CourseVectorStore] Initialized with mock data
[90mstdout[2m | src/components/PeerReview/JoinByCode.stories.tsx[2m > [22m[2mDefault
[22m[39m[FilesContext] Vector store population triggered {
  "currentVectorStoreSize": 3,
  "documentsCount": 0,
  "filesCount": 6,
  "isInitialLoad": true,
}
[90mstdout[2m | src/components/PeerReview/JoinByCode.stories.tsx[2m > [22m[2mDefault
[22m[39m[FilesContext] Vector store population complete - 3 total embeddings
[90mstdout[2m | src/components/PeerReview/JoinByCode.stories.tsx[2m > [22m[2mDefault
[22m[39m[ChatContext] Chat exists and not archived, skipping creation
[90mstdout[2m | src/components/PeerReview/JoinByCode.stories.tsx[2m > [22m[2mDefault
[22m[39m[Mock Storage] downloadData called with: undefined
[90mstdout[2m | src/components/PeerReview/JoinByCode.stories.tsx[2m > [22m[2mWith Error
[22m[39m[ChatContext] Cleaning up subscriptions
[90mstdout[2m | src/components/PeerReview/JoinByCode.stories.tsx[2m > [22m[2mWith Error
[22m[39m[Mock Data] Unit.onUpdate() subscription removed. Remaining: 0
[90mstdout[2m | src/components/PeerReview/JoinByCode.stories.tsx[2m > [22m[2mWith Error
[22m[39m[MOCK CourseVectorStore] Initialized with mock data
[90mstdout[2m | src/components/PeerReview/JoinByCode.stories.tsx[2m > [22m[2mWith Error
[22m[39m[TranslationModeController] Setting mode to: off
[90mstdout[2m | src/components/PeerReview/JoinByCode.stories.tsx[2m > [22m[2mWith Error
[22m[39m[UnitContext] useEffect triggered {
  "authLoading": false,
  "hasUser": true,
  "id": "mock-unit-id",
  "userSub": "mock-user-sub",
}
[90mstdout[2m | src/components/PeerReview/JoinByCode.stories.tsx[2m > [22m[2mWith Error
[22m[39m[UnitContext] Fetching unit data for id: mock-unit-id
[90mstdout[2m | src/components/PeerReview/JoinByCode.stories.tsx[2m > [22m[2mWith Error
[22m[39m[FilesContext] Initializing vector store from IndexedDB
[90mstdout[2m | src/components/PeerReview/JoinByCode.stories.tsx[2m > [22m[2mWith Error
[22m[39m[FilesContext] fetchFiles called
[90mstdout[2m | src/components/PeerReview/JoinByCode.stories.tsx[2m > [22m[2mWith Error
[22m[39m[FilesContext] User authenticated: mock-user-sub
[90mstdout[2m | src/components/PeerReview/JoinByCode.stories.tsx[2m > [22m[2mWith Error
[22m[39m[FilesContext] Identity ID: us-east-1:mock-identity-123
[90mstdout[2m | src/components/PeerReview/JoinByCode.stories.tsx[2m > [22m[2mWith Error
[22m[39m[FilesContext] About to set up File observeQuery
[90mstdout[2m | src/components/PeerReview/JoinByCode.stories.tsx[2m > [22m[2mWith Error
[22m[39m[ChatContext] Setting up AssistantChat observeQuery
[90mstdout[2m | src/components/PeerReview/JoinByCode.stories.tsx[2m > [22m[2mWith Error
[22m[39m[ChatContext] Waiting for subscription to initialize
[90mstdout[2m | src/components/PeerReview/JoinByCode.stories.tsx[2m > [22m[2mWith Error
[22m[39m[SettingsContext] Setting up Settings subscription for user: mock-user-sub
[90mstdout[2m | src/components/PeerReview/JoinByCode.stories.tsx[2m > [22m[2mWith Error
[22m[39m[Mock Data] Settings created: mock-settings-1790416716027 - notified 0 subscribers
[90mstdout[2m | src/components/PeerReview/JoinByCode.stories.tsx[2m > [22m[2mWith Error
[22m[39m[Mock Data] Unit.onUpdate() subscription added. Total: 1
[90mstdout[2m | src/components/PeerReview/JoinByCode.stories.tsx[2m > [22m[2mWith Error
[22m[39m[SectionContext] Section observeQuery update: 0
[90mstdout[2m | src/components/PeerReview/JoinByCode.stories.tsx[2m > [22m[2mWith Error
[22m[39m[FilesContext] File observeQuery update: 6 files
[90mstdout[2m | src/components/PeerReview/JoinByCode.stories.tsx[2m > [22m[2mWith Error
[22m[39m[ChatContext] AssistantChat initialized with 1 chats
[90mstdout[2m | src/components/PeerReview/JoinByCode.stories.tsx[2m > [22m[2mWith Error
[22m[39m[ChatContext] Setting initial chat: mock-assistant-chat-1
[90mstdout[2m | src/components/PeerReview/JoinByCode.stories.tsx[2m > [22m[2mWith Error
[22m[39m[Mock Storage] downloadData called with: undefined
[90mstdout[2m | src/components/PeerReview/JoinByCode.stories.tsx[2m > [22m[2mWith Error
[22m[39m[MOCK CourseVectorStore] Initialized with mock data
[90mstdout[2m | src/components/PeerReview/JoinByCode.stories.tsx[2m > [22m[2mWith Error
[22m[39m[FilesContext] Vector store population triggered {
  "currentVectorStoreSize": 3,
  "documentsCount": 0,
  "filesCount": 6,
  "isInitialLoad": true,
}
[90mstdout[2m | src/components/PeerReview/JoinByCode.stories.tsx[2m > [22m[2mWith Error
[22m[39m[FilesContext] Vector store population complete - 3 total embeddings
[90mstdout[2m | src/components/PeerReview/JoinByCode.stories.tsx[2m > [22m[2mWith Error
[22m[39m[ChatContext] Chat exists and not archived, skipping creation
 [32m✓[39m [30m[45m storybook (chromium) [49m[39m src/components/PeerReview/JoinByCode.stories.tsx [2m([22m[2m2 tests[22m[2m)[22m[33m 319[2mms[22m[39m
[90mstdout[2m | unknown test
[22m[39m[MOCK vectorStoreDB.js] Module loaded - mock IndexedDB operations
[90mstdout[2m | unknown test
[22m[39m[Task Completion] DOM action listeners initialized
[90mstdout[2m | unknown test
[22m[39m[Task Completion] Auto-completion detector initialized
[90mstdout[2m | unknown test
[22m[39m[Preview] Task completion detector initialized
[90mstdout[2m | src/components/EmptyState.stories.tsx[2m > [22m[2mDefault
[22m[39m[MOCK CourseVectorStore] Initialized with mock data
[90mstdout[2m | src/components/EmptyState.stories.tsx[2m > [22m[2mDefault
[22m[39m[TranslationModeController] Setting mode to: off
[90mstdout[2m | src/components/EmptyState.stories.tsx[2m > [22m[2mDefault
[22m[39m[UnitContext] useEffect triggered {
  "authLoading": false,
  "hasUser": true,
  "id": "mock-unit-id",
  "userSub": "mock-user-sub",
}
[90mstdout[2m | src/components/EmptyState.stories.tsx[2m > [22m[2mDefault
[22m[39m[UnitContext] Fetching unit data for id: mock-unit-id
[90mstdout[2m | src/components/EmptyState.stories.tsx[2m > [22m[2mDefault
[22m[39m[FilesContext] Initializing vector store from IndexedDB
[90mstdout[2m | src/components/EmptyState.stories.tsx[2m > [22m[2mDefault
[22m[39m[FilesContext] fetchFiles called
[90mstdout[2m | src/components/EmptyState.stories.tsx[2m > [22m[2mDefault
[22m[39m[FilesContext] User authenticated: mock-user-sub
[90mstdout[2m | src/components/EmptyState.stories.tsx[2m > [22m[2mDefault
[22m[39m[FilesContext] Identity ID: us-east-1:mock-identity-123
[90mstdout[2m | src/components/EmptyState.stories.tsx[2m > [22m[2mDefault
[22m[39m[FilesContext] About to set up File observeQuery
[90mstdout[2m | src/components/EmptyState.stories.tsx[2m > [22m[2mDefault
[22m[39m[ChatContext] Setting up AssistantChat observeQuery
[90mstdout[2m | src/components/EmptyState.stories.tsx[2m > [22m[2mDefault
[22m[39m[ChatContext] Waiting for subscription to initialize
[90mstdout[2m | src/components/EmptyState.stories.tsx[2m > [22m[2mDefault
[22m[39m[SettingsContext] Setting up Settings subscription for user: mock-user-sub
[90mstdout[2m | src/components/EmptyState.stories.tsx[2m > [22m[2mDefault
[22m[39m[Mock Data] Settings created: mock-settings-1790416717141 - notified 0 subscribers
[90mstdout[2m | src/components/EmptyState.stories.tsx[2m > [22m[2mDefault
[22m[39m[Mock Data] Unit.onUpdate() subscription added. Total: 1
[90mstdout[2m | src/components/EmptyState.stories.tsx[2m > [22m[2mDefault
[22m[39m[SectionContext] Section observeQuery update: 0
[90mstdout[2m | src/components/EmptyState.stories.tsx[2m > [22m[2mDefault
[22m[39m[FilesContext] File observeQuery update: 6 files
[90mstdout[2m | src/components/EmptyState.stories.tsx[2m > [22m[2mDefault
[22m[39m[ChatContext] AssistantChat initialized with 1 chats
[90mstdout[2m | src/components/EmptyState.stories.tsx[2m > [22m[2mDefault
[22m[39m[ChatContext] Setting initial chat: mock-assistant-chat-1
[90mstdout[2m | src/components/EmptyState.stories.tsx[2m > [22m[2mDefault
[22m[39m[MOCK CourseVectorStore] Initialized with mock data
[90mstdout[2m | src/components/EmptyState.stories.tsx[2m > [22m[2mDefault
[22m[39m[FilesContext] Vector store population triggered {
  "currentVectorStoreSize": 3,
  "documentsCount": 0,
  "filesCount": 6,
  "isInitialLoad": true,
}
[90mstdout[2m | src/components/EmptyState.stories.tsx[2m > [22m[2mDefault
[22m[39m[FilesContext] Vector store population complete - 3 total embeddings
[90mstdout[2m | src/components/EmptyState.stories.tsx[2m > [22m[2mDefault
[22m[39m[ChatContext] Chat exists and not archived, skipping creation
[90mstdout[2m | src/components/EmptyState.stories.tsx[2m > [22m[2mDefault
[22m[39m[Mock Storage] downloadData called with: undefined
[90mstdout[2m | src/components/EmptyState.stories.tsx[2m > [22m[2mWith Action
[22m[39m[ChatContext] Cleaning up subscriptions
[90mstdout[2m | src/components/EmptyState.stories.tsx[2m > [22m[2mWith Action
[22m[39m[Mock Data] Unit.onUpdate() subscription removed. Remaining: 0
[90mstdout[2m | src/components/EmptyState.stories.tsx[2m > [22m[2mWith Action
[22m[39m[MOCK CourseVectorStore] Initialized with mock data
[90mstdout[2m | src/components/EmptyState.stories.tsx[2m > [22m[2mWith Action
[22m[39m[TranslationModeController] Setting mode to: off
[90mstdout[2m | src/components/EmptyState.stories.tsx[2m > [22m[2mWith Action
[22m[39m[UnitContext] useEffect triggered {
  "authLoading": false,
  "hasUser": true,
  "id": "mock-unit-id",
  "userSub": "mock-user-sub",
}
[90mstdout[2m | src/components/EmptyState.stories.tsx[2m > [22m[2mWith Action
[22m[39m[UnitContext] Fetching unit data for id: mock-unit-id
[90mstdout[2m | src/components/EmptyState.stories.tsx[2m > [22m[2mWith Action
[22m[39m[FilesContext] Initializing vector store from IndexedDB
[90mstdout[2m | src/components/EmptyState.stories.tsx[2m > [22m[2mWith Action
[22m[39m[FilesContext] fetchFiles called
[90mstdout[2m | src/components/EmptyState.stories.tsx[2m > [22m[2mWith Action
[22m[39m[FilesContext] User authenticated: mock-user-sub
[90mstdout[2m | src/components/EmptyState.stories.tsx[2m > [22m[2mWith Action
[22m[39m[FilesContext] Identity ID: us-east-1:mock-identity-123
[90mstdout[2m | src/components/EmptyState.stories.tsx[2m > [22m[2mWith Action
[22m[39m[FilesContext] About to set up File observeQuery
[90mstdout[2m | src/components/EmptyState.stories.tsx[2m > [22m[2mWith Action
[22m[39m[ChatContext] Setting up AssistantChat observeQuery
[90mstdout[2m | src/components/EmptyState.stories.tsx[2m > [22m[2mWith Action
[22m[39m[ChatContext] Waiting for subscription to initialize
[90mstdout[2m | src/components/EmptyState.stories.tsx[2m > [22m[2mWith Action
[22m[39m[SettingsContext] Setting up Settings subscription for user: mock-user-sub
[90mstdout[2m | src/components/EmptyState.stories.tsx[2m > [22m[2mWith Action
[22m[39m[Mock Data] Settings created: mock-settings-1790416717299 - notified 0 subscribers
[90mstdout[2m | src/components/EmptyState.stories.tsx[2m > [22m[2mWith Action
[22m[39m[Mock Data] Unit.onUpdate() subscription added. Total: 1
[90mstdout[2m | src/components/EmptyState.stories.tsx[2m > [22m[2mWith Action
[22m[39m[SectionContext] Section observeQuery update: 0
[90mstdout[2m | src/components/EmptyState.stories.tsx[2m > [22m[2mWith Action
[22m[39m[FilesContext] File observeQuery update: 6 files
[90mstdout[2m | src/components/EmptyState.stories.tsx[2m > [22m[2mWith Action
[22m[39m[ChatContext] AssistantChat initialized with 1 chats
[90mstdout[2m | src/components/EmptyState.stories.tsx[2m > [22m[2mWith Action
[22m[39m[ChatContext] Setting initial chat: mock-assistant-chat-1
[90mstdout[2m | src/components/EmptyState.stories.tsx[2m > [22m[2mWith Action
[22m[39m[MOCK CourseVectorStore] Initialized with mock data
[90mstdout[2m | src/components/EmptyState.stories.tsx[2m > [22m[2mWith Action
[22m[39m[FilesContext] Vector store population triggered {
  "currentVectorStoreSize": 3,
  "documentsCount": 0,
  "filesCount": 6,
  "isInitialLoad": true,
}
[90mstdout[2m | src/components/EmptyState.stories.tsx[2m > [22m[2mWith Action
[22m[39m[FilesContext] Vector store population complete - 3 total embeddings
[90mstdout[2m | src/components/EmptyState.stories.tsx[2m > [22m[2mWith Action
[22m[39m[ChatContext] Chat exists and not archived, skipping creation
[90mstdout[2m | src/components/EmptyState.stories.tsx[2m > [22m[2mWith Action
[22m[39m[Mock Storage] downloadData called with: undefined
[90mstdout[2m | src/components/EmptyState.stories.tsx[2m > [22m[2mDense
[22m[39m[ChatContext] Cleaning up subscriptions
[90mstdout[2m | src/components/EmptyState.stories.tsx[2m > [22m[2mDense
[22m[39m[Mock Data] Unit.onUpdate() subscription removed. Remaining: 0
[90mstdout[2m | src/components/EmptyState.stories.tsx[2m > [22m[2mDense
[22m[39m[MOCK CourseVectorStore] Initialized with mock data
[90mstdout[2m | src/components/EmptyState.stories.tsx[2m > [22m[2mDense
[22m[39m[TranslationModeController] Setting mode to: off
[90mstdout[2m | src/components/EmptyState.stories.tsx[2m > [22m[2mDense
[22m[39m[UnitContext] useEffect triggered {
  "authLoading": false,
  "hasUser": true,
  "id": "mock-unit-id",
  "userSub": "mock-user-sub",
}
[90mstdout[2m | src/components/EmptyState.stories.tsx[2m > [22m[2mDense
[22m[39m[UnitContext] Fetching unit data for id: mock-unit-id
[90mstdout[2m | src/components/EmptyState.stories.tsx[2m > [22m[2mDense
[22m[39m[FilesContext] Initializing vector store from IndexedDB
[90mstdout[2m | src/components/EmptyState.stories.tsx[2m > [22m[2mDense
[22m[39m[FilesContext] fetchFiles called
[90mstdout[2m | src/components/EmptyState.stories.tsx[2m > [22m[2mDense
[22m[39m[FilesContext] User authenticated: mock-user-sub
[90mstdout[2m | src/components/EmptyState.stories.tsx[2m > [22m[2mDense
[22m[39m[FilesContext] Identity ID: us-east-1:mock-identity-123
[90mstdout[2m | src/components/EmptyState.stories.tsx[2m > [22m[2mDense
[22m[39m[FilesContext] About to set up File observeQuery
[90mstdout[2m | src/components/EmptyState.stories.tsx[2m > [22m[2mDense
[22m[39m[ChatContext] Setting up AssistantChat observeQuery
[90mstdout[2m | src/components/EmptyState.stories.tsx[2m > [22m[2mDense
[22m[39m[ChatContext] Waiting for subscription to initialize
[90mstdout[2m | src/components/EmptyState.stories.tsx[2m > [22m[2mDense
[22m[39m[SettingsContext] Setting up Settings subscription for user: mock-user-sub
[90mstdout[2m | src/components/EmptyState.stories.tsx[2m > [22m[2mDense
[22m[39m[Mock Data] Settings created: mock-settings-1790416717440 - notified 0 subscribers
[90mstdout[2m | src/components/EmptyState.stories.tsx[2m > [22m[2mDense
[22m[39m[Mock Data] Unit.onUpdate() subscription added. Total: 1
[90mstdout[2m | src/components/EmptyState.stories.tsx[2m > [22m[2mDense
[22m[39m[SectionContext] Section observeQuery update: 0
[90mstdout[2m | src/components/EmptyState.stories.tsx[2m > [22m[2mDense
[22m[39m[FilesContext] File observeQuery update: 6 files
[90mstdout[2m | src/components/EmptyState.stories.tsx[2m > [22m[2mDense
[22m[39m[ChatContext] AssistantChat initialized with 1 chats
[90mstdout[2m | src/components/EmptyState.stories.tsx[2m > [22m[2mDense
[22m[39m[ChatContext] Setting initial chat: mock-assistant-chat-1
[90mstdout[2m | src/components/EmptyState.stories.tsx[2m > [22m[2mDense
[22m[39m[Mock Storage] downloadData called with: undefined
[90mstdout[2m | src/components/EmptyState.stories.tsx[2m > [22m[2mDense
[22m[39m[MOCK CourseVectorStore] Initialized with mock data
[90mstdout[2m | src/components/EmptyState.stories.tsx[2m > [22m[2mDense
[22m[39m[FilesContext] Vector store population triggered {
  "currentVectorStoreSize": 3,
  "documentsCount": 0,
  "filesCount": 6,
  "isInitialLoad": true,
}
[90mstdout[2m | src/components/EmptyState.stories.tsx[2m > [22m[2mDense
[22m[39m[FilesContext] Vector store population complete - 3 total embeddings
[90mstdout[2m | src/components/EmptyState.stories.tsx[2m > [22m[2mDense
[22m[39m[ChatContext] Chat exists and not archived, skipping creation
 [32m✓[39m [30m[45m storybook (chromium) [49m[39m src/components/EmptyState.stories.tsx [2m([22m[2m3 tests[22m[2m)[22m[33m 518[2mms[22m[39m
[90mstdout[2m | unknown test
[22m[39m[MOCK vectorStoreDB.js] Module loaded - mock IndexedDB operations
[90mstdout[2m | unknown test
[22m[39m[Task Completion] DOM action listeners initialized
[90mstdout[2m | unknown test
[22m[39m[Task Completion] Auto-completion detector initialized
[90mstdout[2m | unknown test
[22m[39m[Preview] Task completion detector initialized
[90mstdout[2m | src/components/Chat/ChatMessageList.stories.tsx[2m > [22m[2mDefault
[22m[39m[TranslationModeController] Setting mode to: off
[90mstdout[2m | src/components/Chat/ChatMessageList.stories.tsx[2m > [22m[2mTool Error
[22m[39m[TranslationModeController] Setting mode to: off
 [32m✓[39m [30m[45m storybook (chromium) [49m[39m src/components/Chat/ChatMessageList.stories.tsx [2m([22m[2m2 tests[22m[2m)[22m[33m 368[2mms[22m[39m
[90mstdout[2m | unknown test
[22m[39m[MOCK vectorStoreDB.js] Module loaded - mock IndexedDB operations
[90mstdout[2m | unknown test
[22m[39m[Task Completion] DOM action listeners initialized
[90mstdout[2m | unknown test
[22m[39m[Task Completion] Auto-completion detector initialized
[90mstdout[2m | unknown test
[22m[39m[Preview] Task completion detector initialized
[90mstdout[2m | src/components/SyncStatusIndicator.stories.tsx[2m > [22m[2mAll Synced (hidden)
[22m[39m[TranslationModeController] Setting mode to: off
[90mstdout[2m | src/components/SyncStatusIndicator.stories.tsx[2m > [22m[2mOffline — No Pending
[22m[39m[TranslationModeController] Setting mode to: off
 [32m✓[39m [30m[45m storybook (chromium) [49m[39m src/components/SyncStatusIndicator.stories.tsx [2m([22m[2m2 tests[22m[2m)[22m[33m 464[2mms[22m[39m
[90mstdout[2m | unknown test
[22m[39m[MOCK vectorStoreDB.js] Module loaded - mock IndexedDB operations
[90mstdout[2m | unknown test
[22m[39m[Task Completion] DOM action listeners initialized
[90mstdout[2m | unknown test
[22m[39m[Task Completion] Auto-completion detector initialized
[90mstdout[2m | unknown test
[22m[39m[Preview] Task completion detector initialized
[90mstdout[2m | src/components/Gamification/LexicalPlainTextField.stories.tsx[2m > [22m[2mDefault
[22m[39m[TranslationModeController] Setting mode to: off
[90mstdout[2m | src/components/Gamification/LexicalPlainTextField.stories.tsx[2m > [22m[2mDisabled
[22m[39m[TranslationModeController] Setting mode to: off
[90mstdout[2m | src/components/Gamification/LexicalPlainTextField.stories.tsx[2m > [22m[2mMultiline
[22m[39m[TranslationModeController] Setting mode to: off
 [32m✓[39m [30m[45m storybook (chromium) [49m[39m src/components/Gamification/LexicalPlainTextField.stories.tsx [2m([22m[2m3 tests[22m[2m)[22m[33m 332[2mms[22m[39m
[90mstdout[2m | unknown test
[22m[39m[MOCK vectorStoreDB.js] Module loaded - mock IndexedDB operations
[90mstdout[2m | unknown test
[22m[39m[Task Completion] DOM action listeners initialized
[90mstdout[2m | unknown test
[22m[39m[Task Completion] Auto-completion detector initialized
[90mstdout[2m | unknown test
[22m[39m[Preview] Task completion detector initialized
[90mstdout[2m | src/components/Editor3/nodes/FileMetadataNode/FileMetadataComponent.stories.jsx[2m > [22m[2mPdf With Parsed Content
[22m[39m[MOCK CourseVectorStore] Initialized with mock data
[90mstdout[2m | src/components/Editor3/nodes/FileMetadataNode/FileMetadataComponent.stories.jsx[2m > [22m[2mPdf With Parsed Content
[22m[39m[TranslationModeController] Setting mode to: off
[90mstdout[2m | src/components/Editor3/nodes/FileMetadataNode/FileMetadataComponent.stories.jsx[2m > [22m[2mPdf With Parsed Content
[22m[39m[FilesContext] Initializing vector store from IndexedDB
[90mstdout[2m | src/components/Editor3/nodes/FileMetadataNode/FileMetadataComponent.stories.jsx[2m > [22m[2mPdf With Parsed Content
[22m[39m[FilesContext] fetchFiles called
[90mstdout[2m | src/components/Editor3/nodes/FileMetadataNode/FileMetadataComponent.stories.jsx[2m > [22m[2mPdf With Parsed Content
[22m[39m[FilesContext] User authenticated: mock-user-sub
[90mstdout[2m | src/components/Editor3/nodes/FileMetadataNode/FileMetadataComponent.stories.jsx[2m > [22m[2mPdf With Parsed Content
[22m[39m[FilesContext] Identity ID: us-east-1:mock-identity-123
[90mstdout[2m | src/components/Editor3/nodes/FileMetadataNode/FileMetadataComponent.stories.jsx[2m > [22m[2mPdf With Parsed Content
[22m[39m[FilesContext] About to set up File observeQuery
[90mstdout[2m | src/components/Editor3/nodes/FileMetadataNode/FileMetadataComponent.stories.jsx[2m > [22m[2mPdf With Parsed Content
[22m[39m[ChatContext] Setting up AssistantChat observeQuery
[90mstdout[2m | src/components/Editor3/nodes/FileMetadataNode/FileMetadataComponent.stories.jsx[2m > [22m[2mPdf With Parsed Content
[22m[39m[ChatContext] Waiting for subscription to initialize
[90mstdout[2m | src/components/Editor3/nodes/FileMetadataNode/FileMetadataComponent.stories.jsx[2m > [22m[2mPdf With Parsed Content
[22m[39m[SettingsContext] Setting up Settings subscription for user: mock-user-sub
[90mstdout[2m | src/components/Editor3/nodes/FileMetadataNode/FileMetadataComponent.stories.jsx[2m > [22m[2mPdf With Parsed Content
[22m[39m[Mock Data] Settings created: mock-settings-1790416732046 - notified 0 subscribers
[90mstdout[2m | src/components/Editor3/nodes/FileMetadataNode/FileMetadataComponent.stories.jsx[2m > [22m[2mPdf With Parsed Content
[22m[39m[FilesContext] File observeQuery update: 6 files
[90mstdout[2m | src/components/Editor3/nodes/FileMetadataNode/FileMetadataComponent.stories.jsx[2m > [22m[2mPdf With Parsed Content
[22m[39m[ChatContext] AssistantChat initialized with 1 chats
[90mstdout[2m | src/components/Editor3/nodes/FileMetadataNode/FileMetadataComponent.stories.jsx[2m > [22m[2mPdf With Parsed Content
[22m[39m[ChatContext] Setting initial chat: mock-assistant-chat-1
[90mstdout[2m | src/components/Editor3/nodes/FileMetadataNode/FileMetadataComponent.stories.jsx[2m > [22m[2mPdf With Parsed Content
[22m[39m[MOCK CourseVectorStore] Initialized with mock data
[90mstdout[2m | src/components/Editor3/nodes/FileMetadataNode/FileMetadataComponent.stories.jsx[2m > [22m[2mPdf With Parsed Content
[22m[39m[FilesContext] Vector store population triggered {
  "currentVectorStoreSize": 3,
  "documentsCount": 0,
  "filesCount": 6,
  "isInitialLoad": true,
}
[90mstdout[2m | src/components/Editor3/nodes/FileMetadataNode/FileMetadataComponent.stories.jsx[2m > [22m[2mPdf With Parsed Content
[22m[39m[FilesContext] Vector store population complete - 3 total embeddings
[90mstdout[2m | src/components/Editor3/nodes/FileMetadataNode/FileMetadataComponent.stories.jsx[2m > [22m[2mPdf With Parsed Content
[22m[39m[ChatContext] Chat exists and not archived, skipping creation
[90mstdout[2m | src/components/Editor3/nodes/FileMetadataNode/FileMetadataComponent.stories.jsx[2m > [22m[2mPdf With Parsed Content
[22m[39m[Mock Storage] downloadData called with: undefined
[90mstdout[2m | src/components/Editor3/nodes/FileMetadataNode/FileMetadataComponent.stories.jsx[2m > [22m[2mImage File
[22m[39m[ChatContext] Cleaning up subscriptions
[90mstdout[2m | src/components/Editor3/nodes/FileMetadataNode/FileMetadataComponent.stories.jsx[2m > [22m[2mImage File
[22m[39m[MOCK CourseVectorStore] Initialized with mock data
[90mstdout[2m | src/components/Editor3/nodes/FileMetadataNode/FileMetadataComponent.stories.jsx[2m > [22m[2mImage File
[22m[39m[TranslationModeController] Setting mode to: off
[90mstdout[2m | src/components/Editor3/nodes/FileMetadataNode/FileMetadataComponent.stories.jsx[2m > [22m[2mImage File
[22m[39m[FilesContext] Initializing vector store from IndexedDB
[90mstdout[2m | src/components/Editor3/nodes/FileMetadataNode/FileMetadataComponent.stories.jsx[2m > [22m[2mImage File
[22m[39m[FilesContext] fetchFiles called
[90mstdout[2m | src/components/Editor3/nodes/FileMetadataNode/FileMetadataComponent.stories.jsx[2m > [22m[2mImage File
[22m[39m[FilesContext] User authenticated: mock-user-sub
[90mstdout[2m | src/components/Editor3/nodes/FileMetadataNode/FileMetadataComponent.stories.jsx[2m > [22m[2mImage File
[22m[39m[FilesContext] Identity ID: us-east-1:mock-identity-123
[90mstdout[2m | src/components/Editor3/nodes/FileMetadataNode/FileMetadataComponent.stories.jsx[2m > [22m[2mImage File
[22m[39m[FilesContext] About to set up File observeQuery
[90mstdout[2m | src/components/Editor3/nodes/FileMetadataNode/FileMetadataComponent.stories.jsx[2m > [22m[2mImage File
[22m[39m[ChatContext] Setting up AssistantChat observeQuery
[90mstdout[2m | src/components/Editor3/nodes/FileMetadataNode/FileMetadataComponent.stories.jsx[2m > [22m[2mImage File
[22m[39m[ChatContext] Waiting for subscription to initialize
[90mstdout[2m | src/components/Editor3/nodes/FileMetadataNode/FileMetadataComponent.stories.jsx[2m > [22m[2mImage File
[22m[39m[SettingsContext] Setting up Settings subscription for user: mock-user-sub
[90mstdout[2m | src/components/Editor3/nodes/FileMetadataNode/FileMetadataComponent.stories.jsx[2m > [22m[2mImage File
[22m[39m[Mock Data] Settings created: mock-settings-1790416732258 - notified 0 subscribers
[90mstdout[2m | src/components/Editor3/nodes/FileMetadataNode/FileMetadataComponent.stories.jsx[2m > [22m[2mImage File
[22m[39m[FilesContext] File observeQuery update: 6 files
[90mstdout[2m | src/components/Editor3/nodes/FileMetadataNode/FileMetadataComponent.stories.jsx[2m > [22m[2mImage File
[22m[39m[ChatContext] AssistantChat initialized with 1 chats
[90mstdout[2m | src/components/Editor3/nodes/FileMetadataNode/FileMetadataComponent.stories.jsx[2m > [22m[2mImage File
[22m[39m[ChatContext] Setting initial chat: mock-assistant-chat-1
[90mstdout[2m | src/components/Editor3/nodes/FileMetadataNode/FileMetadataComponent.stories.jsx[2m > [22m[2mImage File
[22m[39m[MOCK CourseVectorStore] Initialized with mock data
[90mstdout[2m | src/components/Editor3/nodes/FileMetadataNode/FileMetadataComponent.stories.jsx[2m > [22m[2mImage File
[22m[39m[FilesContext] Vector store population triggered {
  "currentVectorStoreSize": 3,
  "documentsCount": 0,
  "filesCount": 6,
  "isInitialLoad": true,
}
[90mstdout[2m | src/components/Editor3/nodes/FileMetadataNode/FileMetadataComponent.stories.jsx[2m > [22m[2mImage File
[22m[39m[FilesContext] Vector store population complete - 3 total embeddings
[90mstdout[2m | src/components/Editor3/nodes/FileMetadataNode/FileMetadataComponent.stories.jsx[2m > [22m[2mImage File
[22m[39m[ChatContext] Chat exists and not archived, skipping creation
[90mstdout[2m | src/components/Editor3/nodes/FileMetadataNode/FileMetadataComponent.stories.jsx[2m > [22m[2mImage File
[22m[39m[Mock Storage] downloadData called with: undefined
[90mstdout[2m | src/components/Editor3/nodes/FileMetadataNode/FileMetadataComponent.stories.jsx[2m > [22m[2mWith Search
[22m[39m[ChatContext] Cleaning up subscriptions
[90mstdout[2m | src/components/Editor3/nodes/FileMetadataNode/FileMetadataComponent.stories.jsx[2m > [22m[2mWith Search
[22m[39m[MOCK CourseVectorStore] Initialized with mock data
[90mstdout[2m | src/components/Editor3/nodes/FileMetadataNode/FileMetadataComponent.stories.jsx[2m > [22m[2mWith Search
[22m[39m[TranslationModeController] Setting mode to: off
[90mstdout[2m | src/components/Editor3/nodes/FileMetadataNode/FileMetadataComponent.stories.jsx[2m > [22m[2mWith Search
[22m[39m[FilesContext] Initializing vector store from IndexedDB
[90mstdout[2m | src/components/Editor3/nodes/FileMetadataNode/FileMetadataComponent.stories.jsx[2m > [22m[2mWith Search
[22m[39m[FilesContext] fetchFiles called
[90mstdout[2m | src/components/Editor3/nodes/FileMetadataNode/FileMetadataComponent.stories.jsx[2m > [22m[2mWith Search
[22m[39m[FilesContext] User authenticated: mock-user-sub
[90mstdout[2m | src/components/Editor3/nodes/FileMetadataNode/FileMetadataComponent.stories.jsx[2m > [22m[2mWith Search
[22m[39m[FilesContext] Identity ID: us-east-1:mock-identity-123
[90mstdout[2m | src/components/Editor3/nodes/FileMetadataNode/FileMetadataComponent.stories.jsx[2m > [22m[2mWith Search
[22m[39m[FilesContext] About to set up File observeQuery
[90mstdout[2m | src/components/Editor3/nodes/FileMetadataNode/FileMetadataComponent.stories.jsx[2m > [22m[2mWith Search
[22m[39m[ChatContext] Setting up AssistantChat observeQuery
[90mstdout[2m | src/components/Editor3/nodes/FileMetadataNode/FileMetadataComponent.stories.jsx[2m > [22m[2mWith Search
[22m[39m[ChatContext] Waiting for subscription to initialize
[90mstdout[2m | src/components/Editor3/nodes/FileMetadataNode/FileMetadataComponent.stories.jsx[2m > [22m[2mWith Search
[22m[39m[SettingsContext] Setting up Settings subscription for user: mock-user-sub
[90mstdout[2m | src/components/Editor3/nodes/FileMetadataNode/FileMetadataComponent.stories.jsx[2m > [22m[2mWith Search
[22m[39m[Mock Data] Settings created: mock-settings-1790416732469 - notified 0 subscribers
[90mstdout[2m | src/components/Editor3/nodes/FileMetadataNode/FileMetadataComponent.stories.jsx[2m > [22m[2mWith Search
[22m[39m[FilesContext] File observeQuery update: 6 files
[90mstdout[2m | src/components/Editor3/nodes/FileMetadataNode/FileMetadataComponent.stories.jsx[2m > [22m[2mWith Search
[22m[39m[ChatContext] AssistantChat initialized with 1 chats
[90mstdout[2m | src/components/Editor3/nodes/FileMetadataNode/FileMetadataComponent.stories.jsx[2m > [22m[2mWith Search
[22m[39m[ChatContext] Setting initial chat: mock-assistant-chat-1
[90mstdout[2m | src/components/Editor3/nodes/FileMetadataNode/FileMetadataComponent.stories.jsx[2m > [22m[2mWith Search
[22m[39m[MOCK CourseVectorStore] Initialized with mock data
[90mstdout[2m | src/components/Editor3/nodes/FileMetadataNode/FileMetadataComponent.stories.jsx[2m > [22m[2mWith Search
[22m[39m[FilesContext] Vector store population triggered {
  "currentVectorStoreSize": 3,
  "documentsCount": 0,
  "filesCount": 6,
  "isInitialLoad": true,
}
[90mstdout[2m | src/components/Editor3/nodes/FileMetadataNode/FileMetadataComponent.stories.jsx[2m > [22m[2mWith Search
[22m[39m[FilesContext] Vector store population complete - 3 total embeddings
[90mstdout[2m | src/components/Editor3/nodes/FileMetadataNode/FileMetadataComponent.stories.jsx[2m > [22m[2mWith Search
[22m[39m[ChatContext] Chat exists and not archived, skipping creation
[90mstdout[2m | src/components/Editor3/nodes/FileMetadataNode/FileMetadataComponent.stories.jsx[2m > [22m[2mWith Search
[22m[39m[Mock Storage] downloadData called with: undefined
[90mstdout[2m | src/components/Editor3/nodes/FileMetadataNode/FileMetadataComponent.stories.jsx[2m > [22m[2mNo Parsed Content
[22m[39m[ChatContext] Cleaning up subscriptions
[90mstdout[2m | src/components/Editor3/nodes/FileMetadataNode/FileMetadataComponent.stories.jsx[2m > [22m[2mNo Parsed Content
[22m[39m[MOCK CourseVectorStore] Initialized with mock data
[90mstdout[2m | src/components/Editor3/nodes/FileMetadataNode/FileMetadataComponent.stories.jsx[2m > [22m[2mNo Parsed Content
[22m[39m[TranslationModeController] Setting mode to: off
[90mstdout[2m | src/components/Editor3/nodes/FileMetadataNode/FileMetadataComponent.stories.jsx[2m > [22m[2mNo Parsed Content
[22m[39m[FilesContext] Initializing vector store from IndexedDB
[90mstdout[2m | src/components/Editor3/nodes/FileMetadataNode/FileMetadataComponent.stories.jsx[2m > [22m[2mNo Parsed Content
[22m[39m[FilesContext] fetchFiles called
[90mstdout[2m | src/components/Editor3/nodes/FileMetadataNode/FileMetadataComponent.stories.jsx[2m > [22m[2mNo Parsed Content
[22m[39m[FilesContext] User authenticated: mock-user-sub
[90mstdout[2m | src/components/Editor3/nodes/FileMetadataNode/FileMetadataComponent.stories.jsx[2m > [22m[2mNo Parsed Content
[22m[39m[FilesContext] Identity ID: us-east-1:mock-identity-123
[90mstdout[2m | src/components/Editor3/nodes/FileMetadataNode/FileMetadataComponent.stories.jsx[2m > [22m[2mNo Parsed Content
[22m[39m[FilesContext] About to set up File observeQuery
[90mstdout[2m | src/components/Editor3/nodes/FileMetadataNode/FileMetadataComponent.stories.jsx[2m > [22m[2mNo Parsed Content
[22m[39m[ChatContext] Setting up AssistantChat observeQuery
[90mstdout[2m | src/components/Editor3/nodes/FileMetadataNode/FileMetadataComponent.stories.jsx[2m > [22m[2mNo Parsed Content
[22m[39m[ChatContext] Waiting for subscription to initialize
[90mstdout[2m | src/components/Editor3/nodes/FileMetadataNode/FileMetadataComponent.stories.jsx[2m > [22m[2mNo Parsed Content
[22m[39m[SettingsContext] Setting up Settings subscription for user: mock-user-sub
[90mstdout[2m | src/components/Editor3/nodes/FileMetadataNode/FileMetadataComponent.stories.jsx[2m > [22m[2mNo Parsed Content
[22m[39m[Mock Data] Settings created: mock-settings-1790416732620 - notified 0 subscribers
[90mstdout[2m | src/components/Editor3/nodes/FileMetadataNode/FileMetadataComponent.stories.jsx[2m > [22m[2mNo Parsed Content
[22m[39m[FilesContext] File observeQuery update: 6 files
[90mstdout[2m | src/components/Editor3/nodes/FileMetadataNode/FileMetadataComponent.stories.jsx[2m > [22m[2mNo Parsed Content
[22m[39m[ChatContext] AssistantChat initialized with 1 chats
[90mstdout[2m | src/components/Editor3/nodes/FileMetadataNode/FileMetadataComponent.stories.jsx[2m > [22m[2mNo Parsed Content
[22m[39m[ChatContext] Setting initial chat: mock-assistant-chat-1
[90mstdout[2m | src/components/Editor3/nodes/FileMetadataNode/FileMetadataComponent.stories.jsx[2m > [22m[2mNo Parsed Content
[22m[39m[MOCK CourseVectorStore] Initialized with mock data
[90mstdout[2m | src/components/Editor3/nodes/FileMetadataNode/FileMetadataComponent.stories.jsx[2m > [22m[2mNo Parsed Content
[22m[39m[FilesContext] Vector store population triggered {
  "currentVectorStoreSize": 3,
  "documentsCount": 0,
  "filesCount": 6,
  "isInitialLoad": true,
}
[90mstdout[2m | src/components/Editor3/nodes/FileMetadataNode/FileMetadataComponent.stories.jsx[2m > [22m[2mNo Parsed Content
[22m[39m[FilesContext] Vector store population complete - 3 total embeddings
[90mstdout[2m | src/components/Editor3/nodes/FileMetadataNode/FileMetadataComponent.stories.jsx[2m > [22m[2mNo Parsed Content
[22m[39m[ChatContext] Chat exists and not archived, skipping creation
[90mstdout[2m | src/components/Editor3/nodes/FileMetadataNode/FileMetadataComponent.stories.jsx[2m > [22m[2mNo Parsed Content
[22m[39m[Mock Storage] downloadData called with: undefined
 [32m✓[39m [30m[45m storybook (chromium) [49m[39m src/components/Editor3/nodes/FileMetadataNode/FileMetadataComponent.stories.jsx [2m([22m[2m4 tests[22m[2m)[22m[33m 754[2mms[22m[39m
[90mstdout[2m | unknown test
[22m[39m[MOCK vectorStoreDB.js] Module loaded - mock IndexedDB operations
[90mstdout[2m | unknown test
[22m[39m[Task Completion] DOM action listeners initialized
[90mstdout[2m | unknown test
[22m[39m[Task Completion] Auto-completion detector initialized
[90mstdout[2m | unknown test
[22m[39m[Preview] Task completion detector initialized
[90mstdout[2m | src/components/Editor3/plugins/PlaylistPlugin.stories.jsx[2m > [22m[2mEditable Empty
[22m[39m[Preview] Skipped initializing default mock data (initializeMockData=false)
[90mstdout[2m | src/components/Editor3/plugins/PlaylistPlugin.stories.jsx[2m > [22m[2mEditable Empty
[22m[39m[Mock Data] seedMockUnit: Adding unit playlist-story-unit
[90mstdout[2m | src/components/Editor3/plugins/PlaylistPlugin.stories.jsx[2m > [22m[2mEditable Empty
[22m[39m[MOCK CourseVectorStore] Initialized with mock data
[90mstdout[2m | src/components/Editor3/plugins/PlaylistPlugin.stories.jsx[2m > [22m[2mEditable Empty
[22m[39m[TranslationModeController] Setting mode to: off
[90mstdout[2m | src/components/Editor3/plugins/PlaylistPlugin.stories.jsx[2m > [22m[2mEditable Empty
[22m[39m[UnitContext] useEffect triggered {
  "authLoading": false,
  "hasUser": true,
  "id": "playlist-story-unit",
  "userSub": "mock-user-sub",
}
[90mstdout[2m | src/components/Editor3/plugins/PlaylistPlugin.stories.jsx[2m > [22m[2mEditable Empty
[22m[39m[UnitContext] Fetching unit data for id: playlist-story-unit
[90mstdout[2m | src/components/Editor3/plugins/PlaylistPlugin.stories.jsx[2m > [22m[2mEditable Empty
[22m[39m[FilesContext] Initializing vector store from IndexedDB
[90mstdout[2m | src/components/Editor3/plugins/PlaylistPlugin.stories.jsx[2m > [22m[2mEditable Empty
[22m[39m[FilesContext] fetchFiles called
[90mstdout[2m | src/components/Editor3/plugins/PlaylistPlugin.stories.jsx[2m > [22m[2mEditable Empty
[22m[39m[FilesContext] User authenticated: mock-user-sub
[90mstdout[2m | src/components/Editor3/plugins/PlaylistPlugin.stories.jsx[2m > [22m[2mEditable Empty
[22m[39m[FilesContext] Identity ID: us-east-1:mock-identity-123
[90mstdout[2m | src/components/Editor3/plugins/PlaylistPlugin.stories.jsx[2m > [22m[2mEditable Empty
[22m[39m[FilesContext] About to set up File observeQuery
[90mstdout[2m | src/components/Editor3/plugins/PlaylistPlugin.stories.jsx[2m > [22m[2mEditable Empty
[22m[39m[ChatContext] Setting up AssistantChat observeQuery
[90mstdout[2m | src/components/Editor3/plugins/PlaylistPlugin.stories.jsx[2m > [22m[2mEditable Empty
[22m[39m[ChatContext] Waiting for subscription to initialize
[90mstdout[2m | src/components/Editor3/plugins/PlaylistPlugin.stories.jsx[2m > [22m[2mEditable Empty
[22m[39m[SettingsContext] Setting up Settings subscription for user: mock-user-sub
[90mstdout[2m | src/components/Editor3/plugins/PlaylistPlugin.stories.jsx[2m > [22m[2mEditable Empty
[22m[39m[Mock Data] Settings created: mock-settings-1790416733960 - notified 0 subscribers
[90mstdout[2m | src/components/Editor3/plugins/PlaylistPlugin.stories.jsx[2m > [22m[2mEditable Empty
[22m[39m[Mock Data] Unit.onUpdate() subscription added. Total: 1
[90mstdout[2m | src/components/Editor3/plugins/PlaylistPlugin.stories.jsx[2m > [22m[2mEditable Empty
[22m[39m[SectionContext] Section observeQuery update: 0
[90mstdout[2m | src/components/Editor3/plugins/PlaylistPlugin.stories.jsx[2m > [22m[2mEditable Empty
[22m[39m[FilesContext] File observeQuery update: 3 files
[90mstdout[2m | src/components/Editor3/plugins/PlaylistPlugin.stories.jsx[2m > [22m[2mEditable Empty
[22m[39m[ChatContext] AssistantChat initialized with 0 chats
[90mstdout[2m | src/components/Editor3/plugins/PlaylistPlugin.stories.jsx[2m > [22m[2mEditable Empty
[22m[39m[Mock Storage] downloadData called with: undefined
[90mstdout[2m | src/components/Editor3/plugins/PlaylistPlugin.stories.jsx[2m > [22m[2mEditable Empty
[22m[39m[MOCK CourseVectorStore] Initialized with mock data
[90mstdout[2m | src/components/Editor3/plugins/PlaylistPlugin.stories.jsx[2m > [22m[2mEditable Empty
[22m[39m[FilesContext] Vector store population triggered {
  "currentVectorStoreSize": 3,
  "documentsCount": 0,
  "filesCount": 3,
  "isInitialLoad": true,
}
[90mstdout[2m | src/components/Editor3/plugins/PlaylistPlugin.stories.jsx[2m > [22m[2mEditable Empty
[22m[39m[FilesContext] Vector store population complete - 3 total embeddings
[90mstdout[2m | src/components/Editor3/plugins/PlaylistPlugin.stories.jsx[2m > [22m[2mEditable Empty
[22m[39m[ChatContext] No current chat available, will create one
[90mstdout[2m | src/components/Editor3/plugins/PlaylistPlugin.stories.jsx[2m > [22m[2mEditable Empty
[22m[39m[ChatContext] Creating AssistantChat with user: undefined
[90mstdout[2m | src/components/Editor3/plugins/PlaylistPlugin.stories.jsx[2m > [22m[2mEditable Empty
[22m[39m[Mock Data] AssistantChat created: mock-assistantchat-1790416733979 - notified 1 subscribers
[90mstdout[2m | src/components/Editor3/plugins/PlaylistPlugin.stories.jsx[2m > [22m[2mEditable Empty
[22m[39m[ChatContext] Create result: {
  "data": {
    "_version": 1,
    "archived": false,
    "chatFiles": [Function anonymous],
    "createdAt": "2026-09-26T09:58:53.979Z",
    "id": "mock-assistantchat-1790416733979",
    "model": "gpt-4",
    "updatedAt": "2026-09-26T09:58:53.979Z",
  },
  "errors": [],
  "hasData": true,
  "hasErrors": true,
}
[90mstdout[2m | src/components/Editor3/plugins/PlaylistPlugin.stories.jsx[2m > [22m[2mEditable Empty
[22m[39m[ChatContext] Created AssistantChat: mock-assistantchat-1790416733979 at: 2026-09-26T09:58:53.979Z
[90mstdout[2m | src/components/Editor3/plugins/PlaylistPlugin.stories.jsx[2m > [22m[2mEditable Empty
[22m[39m[ChatContext] Setting initial chat: mock-assistantchat-1790416733979
[90mstdout[2m | src/components/Editor3/plugins/PlaylistPlugin.stories.jsx[2m > [22m[2mEditable Empty
[22m[39m[ChatContext] Chat exists and not archived, skipping creation
[90mstdout[2m | src/components/Editor3/plugins/PlaylistPlugin.stories.jsx[2m > [22m[2mEditable With Playlist
[22m[39m[ChatContext] Cleaning up subscriptions
[90mstdout[2m | src/components/Editor3/plugins/PlaylistPlugin.stories.jsx[2m > [22m[2mEditable With Playlist
[22m[39m[Mock Data] Unit.onUpdate() subscription removed. Remaining: 0
[90mstdout[2m | src/components/Editor3/plugins/PlaylistPlugin.stories.jsx[2m > [22m[2mEditable With Playlist
[22m[39m[Preview] Skipped initializing default mock data (initializeMockData=false)
[90mstdout[2m | src/components/Editor3/plugins/PlaylistPlugin.stories.jsx[2m > [22m[2mEditable With Playlist
[22m[39m[Mock Data] seedMockUnit: Adding unit playlist-story-unit
[90mstdout[2m | src/components/Editor3/plugins/PlaylistPlugin.stories.jsx[2m > [22m[2mEditable With Playlist
[22m[39m[MOCK CourseVectorStore] Initialized with mock data
[90mstdout[2m | src/components/Editor3/plugins/PlaylistPlugin.stories.jsx[2m > [22m[2mEditable With Playlist
[22m[39m[TranslationModeController] Setting mode to: off
[90mstdout[2m | src/components/Editor3/plugins/PlaylistPlugin.stories.jsx[2m > [22m[2mEditable With Playlist
[22m[39m[UnitContext] useEffect triggered {
  "authLoading": false,
  "hasUser": true,
  "id": "playlist-story-unit",
  "userSub": "mock-user-sub",
}
[90mstdout[2m | src/components/Editor3/plugins/PlaylistPlugin.stories.jsx[2m > [22m[2mEditable With Playlist
[22m[39m[UnitContext] Fetching unit data for id: playlist-story-unit
[90mstdout[2m | src/components/Editor3/plugins/PlaylistPlugin.stories.jsx[2m > [22m[2mEditable With Playlist
[22m[39m[FilesContext] Initializing vector store from IndexedDB
[90mstdout[2m | src/components/Editor3/plugins/PlaylistPlugin.stories.jsx[2m > [22m[2mEditable With Playlist
[22m[39m[FilesContext] fetchFiles called
[90mstdout[2m | src/components/Editor3/plugins/PlaylistPlugin.stories.jsx[2m > [22m[2mEditable With Playlist
[22m[39m[FilesContext] User authenticated: mock-user-sub
[90mstdout[2m | src/components/Editor3/plugins/PlaylistPlugin.stories.jsx[2m > [22m[2mEditable With Playlist
[22m[39m[FilesContext] Identity ID: us-east-1:mock-identity-123
[90mstdout[2m | src/components/Editor3/plugins/PlaylistPlugin.stories.jsx[2m > [22m[2mEditable With Playlist
[22m[39m[FilesContext] About to set up File observeQuery
[90mstdout[2m | src/components/Editor3/plugins/PlaylistPlugin.stories.jsx[2m > [22m[2mEditable With Playlist
[22m[39m[ChatContext] Setting up AssistantChat observeQuery
[90mstdout[2m | src/components/Editor3/plugins/PlaylistPlugin.stories.jsx[2m > [22m[2mEditable With Playlist
[22m[39m[ChatContext] Waiting for subscription to initialize
[90mstdout[2m | src/components/Editor3/plugins/PlaylistPlugin.stories.jsx[2m > [22m[2mEditable With Playlist
[22m[39m[SettingsContext] Setting up Settings subscription for user: mock-user-sub
[90mstdout[2m | src/components/Editor3/plugins/PlaylistPlugin.stories.jsx[2m > [22m[2mEditable With Playlist
[22m[39m[Mock Data] Settings created: mock-settings-1790416734219 - notified 0 subscribers
[90mstdout[2m | src/components/Editor3/plugins/PlaylistPlugin.stories.jsx[2m > [22m[2mEditable With Playlist
[22m[39m[Mock Data] Unit.onUpdate() subscription added. Total: 1
[90mstdout[2m | src/components/Editor3/plugins/PlaylistPlugin.stories.jsx[2m > [22m[2mEditable With Playlist
[22m[39m[SectionContext] Section observeQuery update: 0
[90mstdout[2m | src/components/Editor3/plugins/PlaylistPlugin.stories.jsx[2m > [22m[2mEditable With Playlist
[22m[39m[FilesContext] File observeQuery update: 3 files
[90mstdout[2m | src/components/Editor3/plugins/PlaylistPlugin.stories.jsx[2m > [22m[2mEditable With Playlist
[22m[39m[ChatContext] AssistantChat initialized with 0 chats
[90mstdout[2m | src/components/Editor3/plugins/PlaylistPlugin.stories.jsx[2m > [22m[2mEditable With Playlist
[22m[39m[MOCK CourseVectorStore] Initialized with mock data
[90mstdout[2m | src/components/Editor3/plugins/PlaylistPlugin.stories.jsx[2m > [22m[2mEditable With Playlist
[22m[39m[FilesContext] Vector store population triggered {
  "currentVectorStoreSize": 3,
  "documentsCount": 0,
  "filesCount": 3,
  "isInitialLoad": true,
}
[90mstdout[2m | src/components/Editor3/plugins/PlaylistPlugin.stories.jsx[2m > [22m[2mEditable With Playlist
[22m[39m[FilesContext] Vector store population complete - 3 total embeddings
[90mstdout[2m | src/components/Editor3/plugins/PlaylistPlugin.stories.jsx[2m > [22m[2mEditable With Playlist
[22m[39m[ChatContext] No current chat available, will create one
[90mstdout[2m | src/components/Editor3/plugins/PlaylistPlugin.stories.jsx[2m > [22m[2mEditable With Playlist
[22m[39m[ChatContext] Creating AssistantChat with user: undefined
[90mstdout[2m | src/components/Editor3/plugins/PlaylistPlugin.stories.jsx[2m > [22m[2mEditable With Playlist
[22m[39m[Mock Data] AssistantChat created: mock-assistantchat-1790416734247 - notified 1 subscribers
[90mstdout[2m | src/components/Editor3/plugins/PlaylistPlugin.stories.jsx[2m > [22m[2mEditable With Playlist
[22m[39m[ChatContext] Create result: {
  "data": {
    "_version": 1,
    "archived": false,
    "chatFiles": [Function anonymous],
    "createdAt": "2026-09-26T09:58:54.248Z",
    "id": "mock-assistantchat-1790416734247",
    "model": "gpt-4",
    "updatedAt": "2026-09-26T09:58:54.248Z",
  },
  "errors": [],
  "hasData": true,
  "hasErrors": true,
}
[90mstdout[2m | src/components/Editor3/plugins/PlaylistPlugin.stories.jsx[2m > [22m[2mEditable With Playlist
[22m[39m[ChatContext] Created AssistantChat: mock-assistantchat-1790416734247 at: 2026-09-26T09:58:54.248Z
[90mstdout[2m | src/components/Editor3/plugins/PlaylistPlugin.stories.jsx[2m > [22m[2mEditable With Playlist
[22m[39m[Mock Storage] downloadData called with: undefined
[90mstdout[2m | src/components/Editor3/plugins/PlaylistPlugin.stories.jsx[2m > [22m[2mEditable With Playlist
[22m[39m[ChatContext] Setting initial chat: mock-assistantchat-1790416734247
[90mstdout[2m | src/components/Editor3/plugins/PlaylistPlugin.stories.jsx[2m > [22m[2mEditable With Playlist
[22m[39m[ChatContext] Chat exists and not archived, skipping creation
[90mstdout[2m | src/components/Editor3/plugins/PlaylistPlugin.stories.jsx[2m > [22m[2mRead Only With Playlist
[22m[39m[ChatContext] Cleaning up subscriptions
[90mstdout[2m | src/components/Editor3/plugins/PlaylistPlugin.stories.jsx[2m > [22m[2mRead Only With Playlist
[22m[39m[Mock Data] Unit.onUpdate() subscription removed. Remaining: 0
[90mstdout[2m | src/components/Editor3/plugins/PlaylistPlugin.stories.jsx[2m > [22m[2mRead Only With Playlist
[22m[39m[Preview] Skipped initializing default mock data (initializeMockData=false)
[90mstdout[2m | src/components/Editor3/plugins/PlaylistPlugin.stories.jsx[2m > [22m[2mRead Only With Playlist
[22m[39m[Mock Data] seedMockUnit: Adding unit playlist-story-unit
[90mstdout[2m | src/components/Editor3/plugins/PlaylistPlugin.stories.jsx[2m > [22m[2mRead Only With Playlist
[22m[39m[MOCK CourseVectorStore] Initialized with mock data
[90mstdout[2m | src/components/Editor3/plugins/PlaylistPlugin.stories.jsx[2m > [22m[2mRead Only With Playlist
[22m[39m[TranslationModeController] Setting mode to: off
[90mstdout[2m | src/components/Editor3/plugins/PlaylistPlugin.stories.jsx[2m > [22m[2mRead Only With Playlist
[22m[39m[UnitContext] useEffect triggered {
  "authLoading": false,
  "hasUser": true,
  "id": "playlist-story-unit",
  "userSub": "mock-user-sub",
}
[90mstdout[2m | src/components/Editor3/plugins/PlaylistPlugin.stories.jsx[2m > [22m[2mRead Only With Playlist
[22m[39m[UnitContext] Fetching unit data for id: playlist-story-unit
[90mstdout[2m | src/components/Editor3/plugins/PlaylistPlugin.stories.jsx[2m > [22m[2mRead Only With Playlist
[22m[39m[FilesContext] Initializing vector store from IndexedDB
[90mstdout[2m | src/components/Editor3/plugins/PlaylistPlugin.stories.jsx[2m > [22m[2mRead Only With Playlist
[22m[39m[FilesContext] fetchFiles called
[90mstdout[2m | src/components/Editor3/plugins/PlaylistPlugin.stories.jsx[2m > [22m[2mRead Only With Playlist
[22m[39m[FilesContext] User authenticated: mock-user-sub
[90mstdout[2m | src/components/Editor3/plugins/PlaylistPlugin.stories.jsx[2m > [22m[2mRead Only With Playlist
[22m[39m[FilesContext] Identity ID: us-east-1:mock-identity-123
[90mstdout[2m | src/components/Editor3/plugins/PlaylistPlugin.stories.jsx[2m > [22m[2mRead Only With Playlist
[22m[39m[FilesContext] About to set up File observeQuery
[90mstdout[2m | src/components/Editor3/plugins/PlaylistPlugin.stories.jsx[2m > [22m[2mRead Only With Playlist
[22m[39m[ChatContext] Setting up AssistantChat observeQuery
[90mstdout[2m | src/components/Editor3/plugins/PlaylistPlugin.stories.jsx[2m > [22m[2mRead Only With Playlist
[22m[39m[ChatContext] Waiting for subscription to initialize
[90mstdout[2m | src/components/Editor3/plugins/PlaylistPlugin.stories.jsx[2m > [22m[2mRead Only With Playlist
[22m[39m[SettingsContext] Setting up Settings subscription for user: mock-user-sub
[90mstdout[2m | src/components/Editor3/plugins/PlaylistPlugin.stories.jsx[2m > [22m[2mRead Only With Playlist
[22m[39m[Mock Data] Settings created: mock-settings-1790416734427 - notified 0 subscribers
[90mstdout[2m | src/components/Editor3/plugins/PlaylistPlugin.stories.jsx[2m > [22m[2mRead Only With Playlist
[22m[39m[Mock Data] Unit.onUpdate() subscription added. Total: 1
[90mstdout[2m | src/components/Editor3/plugins/PlaylistPlugin.stories.jsx[2m > [22m[2mRead Only With Playlist
[22m[39m[SectionContext] Section observeQuery update: 0
[90mstdout[2m | src/components/Editor3/plugins/PlaylistPlugin.stories.jsx[2m > [22m[2mRead Only With Playlist
[22m[39m[FilesContext] File observeQuery update: 3 files
[90mstdout[2m | src/components/Editor3/plugins/PlaylistPlugin.stories.jsx[2m > [22m[2mRead Only With Playlist
[22m[39m[ChatContext] AssistantChat initialized with 0 chats
[90mstdout[2m | src/components/Editor3/plugins/PlaylistPlugin.stories.jsx[2m > [22m[2mRead Only With Playlist
[22m[39m[MOCK CourseVectorStore] Initialized with mock data
[90mstdout[2m | src/components/Editor3/plugins/PlaylistPlugin.stories.jsx[2m > [22m[2mRead Only With Playlist
[22m[39m[FilesContext] Vector store population triggered {
  "currentVectorStoreSize": 3,
  "documentsCount": 0,
  "filesCount": 3,
  "isInitialLoad": true,
}
[90mstdout[2m | src/components/Editor3/plugins/PlaylistPlugin.stories.jsx[2m > [22m[2mRead Only With Playlist
[22m[39m[FilesContext] Vector store population complete - 3 total embeddings
[90mstdout[2m | src/components/Editor3/plugins/PlaylistPlugin.stories.jsx[2m > [22m[2mRead Only With Playlist
[22m[39m[ChatContext] No current chat available, will create one
[90mstdout[2m | src/components/Editor3/plugins/PlaylistPlugin.stories.jsx[2m > [22m[2mRead Only With Playlist
[22m[39m[ChatContext] Creating AssistantChat with user: undefined
[90mstdout[2m | src/components/Editor3/plugins/PlaylistPlugin.stories.jsx[2m > [22m[2mRead Only With Playlist
[22m[39m[Mock Data] AssistantChat created: mock-assistantchat-1790416734440 - notified 1 subscribers
[90mstdout[2m | src/components/Editor3/plugins/PlaylistPlugin.stories.jsx[2m > [22m[2mRead Only With Playlist
[22m[39m[ChatContext] Create result: {
  "data": {
    "_version": 1,
    "archived": false,
    "chatFiles": [Function anonymous],
    "createdAt": "2026-09-26T09:58:54.440Z",
    "id": "mock-assistantchat-1790416734440",
    "model": "gpt-4",
    "updatedAt": "2026-09-26T09:58:54.440Z",
  },
  "errors": [],
  "hasData": true,
  "hasErrors": true,
}
[90mstdout[2m | src/components/Editor3/plugins/PlaylistPlugin.stories.jsx[2m > [22m[2mRead Only With Playlist
[22m[39m[ChatContext] Created AssistantChat: mock-assistantchat-1790416734440 at: 2026-09-26T09:58:54.440Z
[90mstdout[2m | src/components/Editor3/plugins/PlaylistPlugin.stories.jsx[2m > [22m[2mRead Only With Playlist
[22m[39m[Mock Storage] downloadData called with: undefined
[90mstdout[2m | src/components/Editor3/plugins/PlaylistPlugin.stories.jsx[2m > [22m[2mRead Only With Playlist
[22m[39m[ChatContext] Setting initial chat: mock-assistantchat-1790416734440
[90mstdout[2m | src/components/Editor3/plugins/PlaylistPlugin.stories.jsx[2m > [22m[2mRead Only With Playlist
[22m[39m[ChatContext] Chat exists and not archived, skipping creation
 [32m✓[39m [30m[45m storybook (chromium) [49m[39m src/components/Editor3/plugins/PlaylistPlugin.stories.jsx [2m([22m[2m3 tests[22m[2m)[22m[33m 646[2mms[22m[39m
[90mstdout[2m | unknown test
[22m[39m[MOCK vectorStoreDB.js] Module loaded - mock IndexedDB operations
[90mstdout[2m | unknown test
[22m[39m[Task Completion] DOM action listeners initialized
[90mstdout[2m | unknown test
[22m[39m[Task Completion] Auto-completion detector initialized
[90mstdout[2m | unknown test
[22m[39m[Preview] Task completion detector initialized
[90mstdout[2m | src/components/PrefetchBadge.stories.tsx[2m > [22m[2mNot Cached
[22m[39m[TranslationModeController] Setting mode to: off
[90mstdout[2m | src/components/PrefetchBadge.stories.tsx[2m > [22m[2mWith Client (clickable)
[22m[39m[TranslationModeController] Setting mode to: off
 [32m✓[39m [30m[45m storybook (chromium) [49m[39m src/components/PrefetchBadge.stories.tsx [2m([22m[2m2 tests[22m[2m)[22m[33m 1467[2mms[22m[39m
   [33m[2m✓[22m[39m Not Cached [33m 1350[2mms[22m[39m
[90mstdout[2m | unknown test
[22m[39m[MOCK vectorStoreDB.js] Module loaded - mock IndexedDB operations
[90mstdout[2m | unknown test
[22m[39m[Task Completion] DOM action listeners initialized
[90mstdout[2m | unknown test
[22m[39m[Task Completion] Auto-completion detector initialized
[90mstdout[2m | unknown test
[22m[39m[Preview] Task completion detector initialized
[90mstdout[2m | src/components/RecordingStudio3/RecordingSettings.stories.tsx[2m > [22m[2mDefault
[22m[39m[TranslationModeController] Setting mode to: off
[90mstdout[2m | src/components/RecordingStudio3/RecordingSettings.stories.tsx[2m > [22m[2mOff
[22m[39m[TranslationModeController] Setting mode to: off
[90mstdout[2m | src/components/RecordingStudio3/RecordingSettings.stories.tsx[2m > [22m[2mLight
[22m[39m[TranslationModeController] Setting mode to: off
[90mstdout[2m | src/components/RecordingStudio3/RecordingSettings.stories.tsx[2m > [22m[2mAggressive
[22m[39m[TranslationModeController] Setting mode to: off
 [32m✓[39m [30m[45m storybook (chromium) [49m[39m src/components/RecordingStudio3/RecordingSettings.stories.tsx [2m([22m[2m4 tests[22m[2m)[22m[33m 681[2mms[22m[39m
[90mstdout[2m | unknown test
[22m[39m[MOCK vectorStoreDB.js] Module loaded - mock IndexedDB operations
[90mstdout[2m | unknown test
[22m[39m[Task Completion] DOM action listeners initialized
[90mstdout[2m | unknown test
[22m[39m[Task Completion] Auto-completion detector initialized
[90mstdout[2m | unknown test
[22m[39m[Preview] Task completion detector initialized
[90mstdout[2m | src/components/PracticeDrill/PracticeDrillProgress.stories.tsx[2m > [22m[2mDefault
[22m[39m[MOCK CourseVectorStore] Initialized with mock data
[90mstdout[2m | src/components/PracticeDrill/PracticeDrillProgress.stories.tsx[2m > [22m[2mDefault
[22m[39m[TranslationModeController] Setting mode to: off
[90mstdout[2m | src/components/PracticeDrill/PracticeDrillProgress.stories.tsx[2m > [22m[2mDefault
[22m[39m[UnitContext] useEffect triggered {
  "authLoading": false,
  "hasUser": true,
  "id": "mock-unit-id",
  "userSub": "mock-user-sub",
}
[90mstdout[2m | src/components/PracticeDrill/PracticeDrillProgress.stories.tsx[2m > [22m[2mDefault
[22m[39m[UnitContext] Fetching unit data for id: mock-unit-id
[90mstdout[2m | src/components/PracticeDrill/PracticeDrillProgress.stories.tsx[2m > [22m[2mDefault
[22m[39m[FilesContext] Initializing vector store from IndexedDB
[90mstdout[2m | src/components/PracticeDrill/PracticeDrillProgress.stories.tsx[2m > [22m[2mDefault
[22m[39m[FilesContext] fetchFiles called
[90mstdout[2m | src/components/PracticeDrill/PracticeDrillProgress.stories.tsx[2m > [22m[2mDefault
[22m[39m[FilesContext] User authenticated: mock-user-sub
[90mstdout[2m | src/components/PracticeDrill/PracticeDrillProgress.stories.tsx[2m > [22m[2mDefault
[22m[39m[FilesContext] Identity ID: us-east-1:mock-identity-123
[90mstdout[2m | src/components/PracticeDrill/PracticeDrillProgress.stories.tsx[2m > [22m[2mDefault
[22m[39m[FilesContext] About to set up File observeQuery
[90mstdout[2m | src/components/PracticeDrill/PracticeDrillProgress.stories.tsx[2m > [22m[2mDefault
[22m[39m[ChatContext] Setting up AssistantChat observeQuery
[90mstdout[2m | src/components/PracticeDrill/PracticeDrillProgress.stories.tsx[2m > [22m[2mDefault
[22m[39m[ChatContext] Waiting for subscription to initialize
[90mstdout[2m | src/components/PracticeDrill/PracticeDrillProgress.stories.tsx[2m > [22m[2mDefault
[22m[39m[SettingsContext] Setting up Settings subscription for user: mock-user-sub
[90mstdout[2m | src/components/PracticeDrill/PracticeDrillProgress.stories.tsx[2m > [22m[2mDefault
[22m[39m[Mock Data] Settings created: mock-settings-1790416745828 - notified 0 subscribers
[90mstdout[2m | src/components/PracticeDrill/PracticeDrillProgress.stories.tsx[2m > [22m[2mDefault
[22m[39m[Mock Data] Unit.onUpdate() subscription added. Total: 1
[90mstdout[2m | src/components/PracticeDrill/PracticeDrillProgress.stories.tsx[2m > [22m[2mDefault
[22m[39m[SectionContext] Section observeQuery update: 0
[90mstdout[2m | src/components/PracticeDrill/PracticeDrillProgress.stories.tsx[2m > [22m[2mDefault
[22m[39m[FilesContext] File observeQuery update: 6 files
[90mstdout[2m | src/components/PracticeDrill/PracticeDrillProgress.stories.tsx[2m > [22m[2mDefault
[22m[39m[ChatContext] AssistantChat initialized with 1 chats
[90mstdout[2m | src/components/PracticeDrill/PracticeDrillProgress.stories.tsx[2m > [22m[2mDefault
[22m[39m[ChatContext] Setting initial chat: mock-assistant-chat-1
[90mstdout[2m | src/components/PracticeDrill/PracticeDrillProgress.stories.tsx[2m > [22m[2mDefault
[22m[39m[MOCK CourseVectorStore] Initialized with mock data
[90mstdout[2m | src/components/PracticeDrill/PracticeDrillProgress.stories.tsx[2m > [22m[2mDefault
[22m[39m[FilesContext] Vector store population triggered {
  "currentVectorStoreSize": 3,
  "documentsCount": 0,
  "filesCount": 6,
  "isInitialLoad": true,
}
[90mstdout[2m | src/components/PracticeDrill/PracticeDrillProgress.stories.tsx[2m > [22m[2mDefault
[22m[39m[FilesContext] Vector store population complete - 3 total embeddings
[90mstdout[2m | src/components/PracticeDrill/PracticeDrillProgress.stories.tsx[2m > [22m[2mDefault
[22m[39m[ChatContext] Chat exists and not archived, skipping creation
[90mstdout[2m | src/components/PracticeDrill/PracticeDrillProgress.stories.tsx[2m > [22m[2mDefault
[22m[39m[Mock Storage] downloadData called with: undefined
[90mstdout[2m | src/components/PracticeDrill/PracticeDrillProgress.stories.tsx[2m > [22m[2mHalf Complete
[22m[39m[ChatContext] Cleaning up subscriptions
[90mstdout[2m | src/components/PracticeDrill/PracticeDrillProgress.stories.tsx[2m > [22m[2mHalf Complete
[22m[39m[Mock Data] Unit.onUpdate() subscription removed. Remaining: 0
[90mstdout[2m | src/components/PracticeDrill/PracticeDrillProgress.stories.tsx[2m > [22m[2mHalf Complete
[22m[39m[MOCK CourseVectorStore] Initialized with mock data
[90mstdout[2m | src/components/PracticeDrill/PracticeDrillProgress.stories.tsx[2m > [22m[2mHalf Complete
[22m[39m[TranslationModeController] Setting mode to: off
[90mstdout[2m | src/components/PracticeDrill/PracticeDrillProgress.stories.tsx[2m > [22m[2mHalf Complete
[22m[39m[UnitContext] useEffect triggered {
  "authLoading": false,
  "hasUser": true,
  "id": "mock-unit-id",
  "userSub": "mock-user-sub",
}
[90mstdout[2m | src/components/PracticeDrill/PracticeDrillProgress.stories.tsx[2m > [22m[2mHalf Complete
[22m[39m[UnitContext] Fetching unit data for id: mock-unit-id
[90mstdout[2m | src/components/PracticeDrill/PracticeDrillProgress.stories.tsx[2m > [22m[2mHalf Complete
[22m[39m[FilesContext] Initializing vector store from IndexedDB
[90mstdout[2m | src/components/PracticeDrill/PracticeDrillProgress.stories.tsx[2m > [22m[2mHalf Complete
[22m[39m[FilesContext] fetchFiles called
[90mstdout[2m | src/components/PracticeDrill/PracticeDrillProgress.stories.tsx[2m > [22m[2mHalf Complete
[22m[39m[FilesContext] User authenticated: mock-user-sub
[90mstdout[2m | src/components/PracticeDrill/PracticeDrillProgress.stories.tsx[2m > [22m[2mHalf Complete
[22m[39m[FilesContext] Identity ID: us-east-1:mock-identity-123
[90mstdout[2m | src/components/PracticeDrill/PracticeDrillProgress.stories.tsx[2m > [22m[2mHalf Complete
[22m[39m[FilesContext] About to set up File observeQuery
[90mstdout[2m | src/components/PracticeDrill/PracticeDrillProgress.stories.tsx[2m > [22m[2mHalf Complete
[22m[39m[ChatContext] Setting up AssistantChat observeQuery
[90mstdout[2m | src/components/PracticeDrill/PracticeDrillProgress.stories.tsx[2m > [22m[2mHalf Complete
[22m[39m[ChatContext] Waiting for subscription to initialize
[90mstdout[2m | src/components/PracticeDrill/PracticeDrillProgress.stories.tsx[2m > [22m[2mHalf Complete
[22m[39m[SettingsContext] Setting up Settings subscription for user: mock-user-sub
[90mstdout[2m | src/components/PracticeDrill/PracticeDrillProgress.stories.tsx[2m > [22m[2mHalf Complete
[22m[39m[Mock Data] Settings created: mock-settings-1790416746031 - notified 0 subscribers
[90mstdout[2m | src/components/PracticeDrill/PracticeDrillProgress.stories.tsx[2m > [22m[2mHalf Complete
[22m[39m[Mock Data] Unit.onUpdate() subscription added. Total: 1
[90mstdout[2m | src/components/PracticeDrill/PracticeDrillProgress.stories.tsx[2m > [22m[2mHalf Complete
[22m[39m[SectionContext] Section observeQuery update: 0
[90mstdout[2m | src/components/PracticeDrill/PracticeDrillProgress.stories.tsx[2m > [22m[2mHalf Complete
[22m[39m[FilesContext] File observeQuery update: 6 files
[90mstdout[2m | src/components/PracticeDrill/PracticeDrillProgress.stories.tsx[2m > [22m[2mHalf Complete
[22m[39m[ChatContext] AssistantChat initialized with 1 chats
[90mstdout[2m | src/components/PracticeDrill/PracticeDrillProgress.stories.tsx[2m > [22m[2mHalf Complete
[22m[39m[ChatContext] Setting initial chat: mock-assistant-chat-1
[90mstdout[2m | src/components/PracticeDrill/PracticeDrillProgress.stories.tsx[2m > [22m[2mHalf Complete
[22m[39m[MOCK CourseVectorStore] Initialized with mock data
[90mstdout[2m | src/components/PracticeDrill/PracticeDrillProgress.stories.tsx[2m > [22m[2mHalf Complete
[22m[39m[FilesContext] Vector store population triggered {
  "currentVectorStoreSize": 3,
  "documentsCount": 0,
  "filesCount": 6,
  "isInitialLoad": true,
}
[90mstdout[2m | src/components/PracticeDrill/PracticeDrillProgress.stories.tsx[2m > [22m[2mHalf Complete
[22m[39m[FilesContext] Vector store population complete - 3 total embeddings
[90mstdout[2m | src/components/PracticeDrill/PracticeDrillProgress.stories.tsx[2m > [22m[2mHalf Complete
[22m[39m[ChatContext] Chat exists and not archived, skipping creation
[90mstdout[2m | src/components/PracticeDrill/PracticeDrillProgress.stories.tsx[2m > [22m[2mHalf Complete
[22m[39m[Mock Storage] downloadData called with: undefined
[90mstdout[2m | src/components/PracticeDrill/PracticeDrillProgress.stories.tsx[2m > [22m[2mAll Complete
[22m[39m[ChatContext] Cleaning up subscriptions
[90mstdout[2m | src/components/PracticeDrill/PracticeDrillProgress.stories.tsx[2m > [22m[2mAll Complete
[22m[39m[Mock Data] Unit.onUpdate() subscription removed. Remaining: 0
[90mstdout[2m | src/components/PracticeDrill/PracticeDrillProgress.stories.tsx[2m > [22m[2mAll Complete
[22m[39m[MOCK CourseVectorStore] Initialized with mock data
[90mstdout[2m | src/components/PracticeDrill/PracticeDrillProgress.stories.tsx[2m > [22m[2mAll Complete
[22m[39m[TranslationModeController] Setting mode to: off
[90mstdout[2m | src/components/PracticeDrill/PracticeDrillProgress.stories.tsx[2m > [22m[2mAll Complete
[22m[39m[UnitContext] useEffect triggered {
  "authLoading": false,
  "hasUser": true,
  "id": "mock-unit-id",
  "userSub": "mock-user-sub",
}
[90mstdout[2m | src/components/PracticeDrill/PracticeDrillProgress.stories.tsx[2m > [22m[2mAll Complete
[22m[39m[UnitContext] Fetching unit data for id: mock-unit-id
[90mstdout[2m | src/components/PracticeDrill/PracticeDrillProgress.stories.tsx[2m > [22m[2mAll Complete
[22m[39m[FilesContext] Initializing vector store from IndexedDB
[90mstdout[2m | src/components/PracticeDrill/PracticeDrillProgress.stories.tsx[2m > [22m[2mAll Complete
[22m[39m[FilesContext] fetchFiles called
[90mstdout[2m | src/components/PracticeDrill/PracticeDrillProgress.stories.tsx[2m > [22m[2mAll Complete
[22m[39m[FilesContext] User authenticated: mock-user-sub
[90mstdout[2m | src/components/PracticeDrill/PracticeDrillProgress.stories.tsx[2m > [22m[2mAll Complete
[22m[39m[FilesContext] Identity ID: us-east-1:mock-identity-123
[90mstdout[2m | src/components/PracticeDrill/PracticeDrillProgress.stories.tsx[2m > [22m[2mAll Complete
[22m[39m[FilesContext] About to set up File observeQuery
[90mstdout[2m | src/components/PracticeDrill/PracticeDrillProgress.stories.tsx[2m > [22m[2mAll Complete
[22m[39m[ChatContext] Setting up AssistantChat observeQuery
[90mstdout[2m | src/components/PracticeDrill/PracticeDrillProgress.stories.tsx[2m > [22m[2mAll Complete
[22m[39m[ChatContext] Waiting for subscription to initialize
[90mstdout[2m | src/components/PracticeDrill/PracticeDrillProgress.stories.tsx[2m > [22m[2mAll Complete
[22m[39m[SettingsContext] Setting up Settings subscription for user: mock-user-sub
[90mstdout[2m | src/components/PracticeDrill/PracticeDrillProgress.stories.tsx[2m > [22m[2mAll Complete
[22m[39m[Mock Data] Settings created: mock-settings-1790416746178 - notified 0 subscribers
[90mstdout[2m | src/components/PracticeDrill/PracticeDrillProgress.stories.tsx[2m > [22m[2mAll Complete
[22m[39m[Mock Data] Unit.onUpdate() subscription added. Total: 1
[90mstdout[2m | src/components/PracticeDrill/PracticeDrillProgress.stories.tsx[2m > [22m[2mAll Complete
[22m[39m[SectionContext] Section observeQuery update: 0
[90mstdout[2m | src/components/PracticeDrill/PracticeDrillProgress.stories.tsx[2m > [22m[2mAll Complete
[22m[39m[FilesContext] File observeQuery update: 6 files
[90mstdout[2m | src/components/PracticeDrill/PracticeDrillProgress.stories.tsx[2m > [22m[2mAll Complete
[22m[39m[ChatContext] AssistantChat initialized with 1 chats
[90mstdout[2m | src/components/PracticeDrill/PracticeDrillProgress.stories.tsx[2m > [22m[2mAll Complete
[22m[39m[ChatContext] Setting initial chat: mock-assistant-chat-1
[90mstdout[2m | src/components/PracticeDrill/PracticeDrillProgress.stories.tsx[2m > [22m[2mAll Complete
[22m[39m[MOCK CourseVectorStore] Initialized with mock data
[90mstdout[2m | src/components/PracticeDrill/PracticeDrillProgress.stories.tsx[2m > [22m[2mAll Complete
[22m[39m[FilesContext] Vector store population triggered {
  "currentVectorStoreSize": 3,
  "documentsCount": 0,
  "filesCount": 6,
  "isInitialLoad": true,
}
[90mstdout[2m | src/components/PracticeDrill/PracticeDrillProgress.stories.tsx[2m > [22m[2mAll Complete
[22m[39m[FilesContext] Vector store population complete - 3 total embeddings
[90mstdout[2m | src/components/PracticeDrill/PracticeDrillProgress.stories.tsx[2m > [22m[2mAll Complete
[22m[39m[ChatContext] Chat exists and not archived, skipping creation
[90mstdout[2m | src/components/PracticeDrill/PracticeDrillProgress.stories.tsx[2m > [22m[2mAll Complete
[22m[39m[Mock Storage] downloadData called with: undefined
[90mstdout[2m | src/components/PracticeDrill/PracticeDrillProgress.stories.tsx[2m > [22m[2mDiminished XP
[22m[39m[ChatContext] Cleaning up subscriptions
[90mstdout[2m | src/components/PracticeDrill/PracticeDrillProgress.stories.tsx[2m > [22m[2mDiminished XP
[22m[39m[Mock Data] Unit.onUpdate() subscription removed. Remaining: 0
[90mstdout[2m | src/components/PracticeDrill/PracticeDrillProgress.stories.tsx[2m > [22m[2mDiminished XP
[22m[39m[MOCK CourseVectorStore] Initialized with mock data
[90mstdout[2m | src/components/PracticeDrill/PracticeDrillProgress.stories.tsx[2m > [22m[2mDiminished XP
[22m[39m[TranslationModeController] Setting mode to: off
[90mstdout[2m | src/components/PracticeDrill/PracticeDrillProgress.stories.tsx[2m > [22m[2mDiminished XP
[22m[39m[UnitContext] useEffect triggered {
  "authLoading": false,
  "hasUser": true,
  "id": "mock-unit-id",
  "userSub": "mock-user-sub",
}
[90mstdout[2m | src/components/PracticeDrill/PracticeDrillProgress.stories.tsx[2m > [22m[2mDiminished XP
[22m[39m[UnitContext] Fetching unit data for id: mock-unit-id
[90mstdout[2m | src/components/PracticeDrill/PracticeDrillProgress.stories.tsx[2m > [22m[2mDiminished XP
[22m[39m[FilesContext] Initializing vector store from IndexedDB
[90mstdout[2m | src/components/PracticeDrill/PracticeDrillProgress.stories.tsx[2m > [22m[2mDiminished XP
[22m[39m[FilesContext] fetchFiles called
[90mstdout[2m | src/components/PracticeDrill/PracticeDrillProgress.stories.tsx[2m > [22m[2mDiminished XP
[22m[39m[FilesContext] User authenticated: mock-user-sub
[90mstdout[2m | src/components/PracticeDrill/PracticeDrillProgress.stories.tsx[2m > [22m[2mDiminished XP
[22m[39m[FilesContext] Identity ID: us-east-1:mock-identity-123
[90mstdout[2m | src/components/PracticeDrill/PracticeDrillProgress.stories.tsx[2m > [22m[2mDiminished XP
[22m[39m[FilesContext] About to set up File observeQuery
[90mstdout[2m | src/components/PracticeDrill/PracticeDrillProgress.stories.tsx[2m > [22m[2mDiminished XP
[22m[39m[ChatContext] Setting up AssistantChat observeQuery
[90mstdout[2m | src/components/PracticeDrill/PracticeDrillProgress.stories.tsx[2m > [22m[2mDiminished XP
[22m[39m[ChatContext] Waiting for subscription to initialize
[90mstdout[2m | src/components/PracticeDrill/PracticeDrillProgress.stories.tsx[2m > [22m[2mDiminished XP
[22m[39m[SettingsContext] Setting up Settings subscription for user: mock-user-sub
[90mstdout[2m | src/components/PracticeDrill/PracticeDrillProgress.stories.tsx[2m > [22m[2mDiminished XP
[22m[39m[Mock Data] Settings created: mock-settings-1790416746355 - notified 0 subscribers
[90mstdout[2m | src/components/PracticeDrill/PracticeDrillProgress.stories.tsx[2m > [22m[2mDiminished XP
[22m[39m[Mock Data] Unit.onUpdate() subscription added. Total: 1
[90mstdout[2m | src/components/PracticeDrill/PracticeDrillProgress.stories.tsx[2m > [22m[2mDiminished XP
[22m[39m[SectionContext] Section observeQuery update: 0
[90mstdout[2m | src/components/PracticeDrill/PracticeDrillProgress.stories.tsx[2m > [22m[2mDiminished XP
[22m[39m[FilesContext] File observeQuery update: 6 files
[90mstdout[2m | src/components/PracticeDrill/PracticeDrillProgress.stories.tsx[2m > [22m[2mDiminished XP
[22m[39m[ChatContext] AssistantChat initialized with 1 chats
[90mstdout[2m | src/components/PracticeDrill/PracticeDrillProgress.stories.tsx[2m > [22m[2mDiminished XP
[22m[39m[ChatContext] Setting initial chat: mock-assistant-chat-1
[90mstdout[2m | src/components/PracticeDrill/PracticeDrillProgress.stories.tsx[2m > [22m[2mDiminished XP
[22m[39m[MOCK CourseVectorStore] Initialized with mock data
[90mstdout[2m | src/components/PracticeDrill/PracticeDrillProgress.stories.tsx[2m > [22m[2mDiminished XP
[22m[39m[FilesContext] Vector store population triggered {
  "currentVectorStoreSize": 3,
  "documentsCount": 0,
  "filesCount": 6,
  "isInitialLoad": true,
}
[90mstdout[2m | src/components/PracticeDrill/PracticeDrillProgress.stories.tsx[2m > [22m[2mDiminished XP
[22m[39m[FilesContext] Vector store population complete - 3 total embeddings
[90mstdout[2m | src/components/PracticeDrill/PracticeDrillProgress.stories.tsx[2m > [22m[2mDiminished XP
[22m[39m[ChatContext] Chat exists and not archived, skipping creation
[90mstdout[2m | src/components/PracticeDrill/PracticeDrillProgress.stories.tsx[2m > [22m[2mDiminished XP
[22m[39m[Mock Storage] downloadData called with: undefined
[90mstdout[2m | src/components/PracticeDrill/PracticeDrillProgress.stories.tsx[2m > [22m[2mWith Streak
[22m[39m[ChatContext] Cleaning up subscriptions
[90mstdout[2m | src/components/PracticeDrill/PracticeDrillProgress.stories.tsx[2m > [22m[2mWith Streak
[22m[39m[Mock Data] Unit.onUpdate() subscription removed. Remaining: 0
[90mstdout[2m | src/components/PracticeDrill/PracticeDrillProgress.stories.tsx[2m > [22m[2mWith Streak
[22m[39m[MOCK CourseVectorStore] Initialized with mock data
[90mstdout[2m | src/components/PracticeDrill/PracticeDrillProgress.stories.tsx[2m > [22m[2mWith Streak
[22m[39m[TranslationModeController] Setting mode to: off
[90mstdout[2m | src/components/PracticeDrill/PracticeDrillProgress.stories.tsx[2m > [22m[2mWith Streak
[22m[39m[UnitContext] useEffect triggered {
  "authLoading": false,
  "hasUser": true,
  "id": "mock-unit-id",
  "userSub": "mock-user-sub",
}
[90mstdout[2m | src/components/PracticeDrill/PracticeDrillProgress.stories.tsx[2m > [22m[2mWith Streak
[22m[39m[UnitContext] Fetching unit data for id: mock-unit-id
[90mstdout[2m | src/components/PracticeDrill/PracticeDrillProgress.stories.tsx[2m > [22m[2mWith Streak
[22m[39m[FilesContext] Initializing vector store from IndexedDB
[90mstdout[2m | src/components/PracticeDrill/PracticeDrillProgress.stories.tsx[2m > [22m[2mWith Streak
[22m[39m[FilesContext] fetchFiles called
[90mstdout[2m | src/components/PracticeDrill/PracticeDrillProgress.stories.tsx[2m > [22m[2mWith Streak
[22m[39m[FilesContext] User authenticated: mock-user-sub
[90mstdout[2m | src/components/PracticeDrill/PracticeDrillProgress.stories.tsx[2m > [22m[2mWith Streak
[22m[39m[FilesContext] Identity ID: us-east-1:mock-identity-123
[90mstdout[2m | src/components/PracticeDrill/PracticeDrillProgress.stories.tsx[2m > [22m[2mWith Streak
[22m[39m[FilesContext] About to set up File observeQuery
[90mstdout[2m | src/components/PracticeDrill/PracticeDrillProgress.stories.tsx[2m > [22m[2mWith Streak
[22m[39m[ChatContext] Setting up AssistantChat observeQuery
[90mstdout[2m | src/components/PracticeDrill/PracticeDrillProgress.stories.tsx[2m > [22m[2mWith Streak
[22m[39m[ChatContext] Waiting for subscription to initialize
[90mstdout[2m | src/components/PracticeDrill/PracticeDrillProgress.stories.tsx[2m > [22m[2mWith Streak
[22m[39m[SettingsContext] Setting up Settings subscription for user: mock-user-sub
[90mstdout[2m | src/components/PracticeDrill/PracticeDrillProgress.stories.tsx[2m > [22m[2mWith Streak
[22m[39m[Mock Data] Settings created: mock-settings-1790416746466 - notified 0 subscribers
[90mstdout[2m | src/components/PracticeDrill/PracticeDrillProgress.stories.tsx[2m > [22m[2mWith Streak
[22m[39m[Mock Data] Unit.onUpdate() subscription added. Total: 1
[90mstdout[2m | src/components/PracticeDrill/PracticeDrillProgress.stories.tsx[2m > [22m[2mWith Streak
[22m[39m[SectionContext] Section observeQuery update: 0
[90mstdout[2m | src/components/PracticeDrill/PracticeDrillProgress.stories.tsx[2m > [22m[2mWith Streak
[22m[39m[FilesContext] File observeQuery update: 6 files
[90mstdout[2m | src/components/PracticeDrill/PracticeDrillProgress.stories.tsx[2m > [22m[2mWith Streak
[22m[39m[ChatContext] AssistantChat initialized with 1 chats
[90mstdout[2m | src/components/PracticeDrill/PracticeDrillProgress.stories.tsx[2m > [22m[2mWith Streak
[22m[39m[ChatContext] Setting initial chat: mock-assistant-chat-1
[90mstdout[2m | src/components/PracticeDrill/PracticeDrillProgress.stories.tsx[2m > [22m[2mWith Streak
[22m[39m[MOCK CourseVectorStore] Initialized with mock data
[90mstdout[2m | src/components/PracticeDrill/PracticeDrillProgress.stories.tsx[2m > [22m[2mWith Streak
[22m[39m[FilesContext] Vector store population triggered {
  "currentVectorStoreSize": 3,
  "documentsCount": 0,
  "filesCount": 6,
  "isInitialLoad": true,
}
[90mstdout[2m | src/components/PracticeDrill/PracticeDrillProgress.stories.tsx[2m > [22m[2mWith Streak
[22m[39m[FilesContext] Vector store population complete - 3 total embeddings
[90mstdout[2m | src/components/PracticeDrill/PracticeDrillProgress.stories.tsx[2m > [22m[2mWith Streak
[22m[39m[ChatContext] Chat exists and not archived, skipping creation
[90mstdout[2m | src/components/PracticeDrill/PracticeDrillProgress.stories.tsx[2m > [22m[2mWith Streak
[22m[39m[Mock Storage] downloadData called with: undefined
 [32m✓[39m [30m[45m storybook (chromium) [49m[39m src/components/PracticeDrill/PracticeDrillProgress.stories.tsx [2m([22m[2m5 tests[22m[2m)[22m[33m 773[2mms[22m[39m
[90mstdout[2m | unknown test
[22m[39m[MOCK vectorStoreDB.js] Module loaded - mock IndexedDB operations
[90mstdout[2m | unknown test
[22m[39m[Task Completion] DOM action listeners initialized
[90mstdout[2m | unknown test
[22m[39m[Task Completion] Auto-completion detector initialized
[90mstdout[2m | unknown test
[22m[39m[Preview] Task completion detector initialized
[90mstdout[2m | src/components/Gamification/EasterEggToast.stories.tsx[2m > [22m[2mFound
[22m[39m[TranslationModeController] Setting mode to: off
[90mstdout[2m | src/components/Gamification/EasterEggToast.stories.tsx[2m > [22m[2mHigh Reward
[22m[39m[TranslationModeController] Setting mode to: off
 [32m✓[39m [30m[45m storybook (chromium) [49m[39m src/components/Gamification/EasterEggToast.stories.tsx [2m([22m[2m2 tests[22m[2m)[22m[32m 236[2mms[22m[39m
[90mstdout[2m | unknown test
[22m[39m[MOCK vectorStoreDB.js] Module loaded - mock IndexedDB operations
[90mstdout[2m | unknown test
[22m[39m[Task Completion] DOM action listeners initialized
[90mstdout[2m | unknown test
[22m[39m[Task Completion] Auto-completion detector initialized
[90mstdout[2m | unknown test
[22m[39m[Preview] Task completion detector initialized
[90mstdout[2m | .storybook/docs/WhyHomeworkSupply.stories.tsx[2m > [22m[2mWhy It Exists
[22m[39m[MOCK CourseVectorStore] Initialized with mock data
[90mstdout[2m | .storybook/docs/WhyHomeworkSupply.stories.tsx[2m > [22m[2mWhy It Exists
[22m[39m[TranslationModeController] Setting mode to: off
[90mstdout[2m | .storybook/docs/WhyHomeworkSupply.stories.tsx[2m > [22m[2mWhy It Exists
[22m[39m[UnitContext] useEffect triggered {
  "authLoading": false,
  "hasUser": true,
  "id": "mock-unit-id",
  "userSub": "mock-user-sub",
}
[90mstdout[2m | .storybook/docs/WhyHomeworkSupply.stories.tsx[2m > [22m[2mWhy It Exists
[22m[39m[UnitContext] Fetching unit data for id: mock-unit-id
[90mstdout[2m | .storybook/docs/WhyHomeworkSupply.stories.tsx[2m > [22m[2mWhy It Exists
[22m[39m[FilesContext] Initializing vector store from IndexedDB
[90mstdout[2m | .storybook/docs/WhyHomeworkSupply.stories.tsx[2m > [22m[2mWhy It Exists
[22m[39m[FilesContext] fetchFiles called
[90mstdout[2m | .storybook/docs/WhyHomeworkSupply.stories.tsx[2m > [22m[2mWhy It Exists
[22m[39m[FilesContext] User authenticated: mock-user-sub
[90mstdout[2m | .storybook/docs/WhyHomeworkSupply.stories.tsx[2m > [22m[2mWhy It Exists
[22m[39m[FilesContext] Identity ID: us-east-1:mock-identity-123
[90mstdout[2m | .storybook/docs/WhyHomeworkSupply.stories.tsx[2m > [22m[2mWhy It Exists
[22m[39m[FilesContext] About to set up File observeQuery
[90mstdout[2m | .storybook/docs/WhyHomeworkSupply.stories.tsx[2m > [22m[2mWhy It Exists
[22m[39m[ChatContext] Setting up AssistantChat observeQuery
[90mstdout[2m | .storybook/docs/WhyHomeworkSupply.stories.tsx[2m > [22m[2mWhy It Exists
[22m[39m[ChatContext] Waiting for subscription to initialize
[90mstdout[2m | .storybook/docs/WhyHomeworkSupply.stories.tsx[2m > [22m[2mWhy It Exists
[22m[39m[SettingsContext] Setting up Settings subscription for user: mock-user-sub
[90mstdout[2m | .storybook/docs/WhyHomeworkSupply.stories.tsx[2m > [22m[2mWhy It Exists
[22m[39m[Mock Data] Settings created: mock-settings-1790416749631 - notified 0 subscribers
[90mstdout[2m | .storybook/docs/WhyHomeworkSupply.stories.tsx[2m > [22m[2mWhy It Exists
[22m[39m[Mock Data] Unit.onUpdate() subscription added. Total: 1
[90mstdout[2m | .storybook/docs/WhyHomeworkSupply.stories.tsx[2m > [22m[2mWhy It Exists
[22m[39m[SectionContext] Section observeQuery update: 0
[90mstdout[2m | .storybook/docs/WhyHomeworkSupply.stories.tsx[2m > [22m[2mWhy It Exists
[22m[39m[FilesContext] File observeQuery update: 6 files
[90mstdout[2m | .storybook/docs/WhyHomeworkSupply.stories.tsx[2m > [22m[2mWhy It Exists
[22m[39m[ChatContext] AssistantChat initialized with 1 chats
[90mstdout[2m | .storybook/docs/WhyHomeworkSupply.stories.tsx[2m > [22m[2mWhy It Exists
[22m[39m[ChatContext] Setting initial chat: mock-assistant-chat-1
[90mstdout[2m | .storybook/docs/WhyHomeworkSupply.stories.tsx[2m > [22m[2mWhy It Exists
[22m[39m[MOCK CourseVectorStore] Initialized with mock data
[90mstdout[2m | .storybook/docs/WhyHomeworkSupply.stories.tsx[2m > [22m[2mWhy It Exists
[22m[39m[FilesContext] Vector store population triggered {
  "currentVectorStoreSize": 3,
  "documentsCount": 0,
  "filesCount": 6,
  "isInitialLoad": true,
}
[90mstdout[2m | .storybook/docs/WhyHomeworkSupply.stories.tsx[2m > [22m[2mWhy It Exists
[22m[39m[FilesContext] Vector store population complete - 3 total embeddings
[90mstdout[2m | .storybook/docs/WhyHomeworkSupply.stories.tsx[2m > [22m[2mWhy It Exists
[22m[39m[ChatContext] Chat exists and not archived, skipping creation
[90mstdout[2m | .storybook/docs/WhyHomeworkSupply.stories.tsx[2m > [22m[2mWhy It Exists
[22m[39m[Mock Storage] downloadData called with: undefined
 [32m✓[39m [30m[45m storybook (chromium) [49m[39m .storybook/docs/WhyHomeworkSupply.stories.tsx [2m([22m[2m1 test[22m[2m)[22m[33m 439[2mms[22m[39m
   [33m[2m✓[22m[39m Why It Exists [33m 437[2mms[22m[39m
[90mstdout[2m | unknown test
[22m[39m[MOCK vectorStoreDB.js] Module loaded - mock IndexedDB operations
[90mstdout[2m | unknown test
[22m[39m[Task Completion] DOM action listeners initialized
[90mstdout[2m | unknown test
[22m[39m[Task Completion] Auto-completion detector initialized
[90mstdout[2m | unknown test
[22m[39m[Preview] Task completion detector initialized
[90mstdout[2m | .storybook/components/BadgeClaimPanel.stories.tsx[2m > [22m[2mDefault
[22m[39m[MOCK CourseVectorStore] Initialized with mock data
[90mstdout[2m | .storybook/components/BadgeClaimPanel.stories.tsx[2m > [22m[2mDefault
[22m[39m[TranslationModeController] Setting mode to: off
[90mstdout[2m | .storybook/components/BadgeClaimPanel.stories.tsx[2m > [22m[2mDefault
[22m[39m[UnitContext] useEffect triggered {
  "authLoading": false,
  "hasUser": true,
  "id": "mock-unit-id",
  "userSub": "mock-user-sub",
}
[90mstdout[2m | .storybook/components/BadgeClaimPanel.stories.tsx[2m > [22m[2mDefault
[22m[39m[UnitContext] Fetching unit data for id: mock-unit-id
[90mstdout[2m | .storybook/components/BadgeClaimPanel.stories.tsx[2m > [22m[2mDefault
[22m[39m[FilesContext] Initializing vector store from IndexedDB
[90mstdout[2m | .storybook/components/BadgeClaimPanel.stories.tsx[2m > [22m[2mDefault
[22m[39m[FilesContext] fetchFiles called
[90mstdout[2m | .storybook/components/BadgeClaimPanel.stories.tsx[2m > [22m[2mDefault
[22m[39m[FilesContext] User authenticated: mock-user-sub
[90mstdout[2m | .storybook/components/BadgeClaimPanel.stories.tsx[2m > [22m[2mDefault
[22m[39m[FilesContext] Identity ID: us-east-1:mock-identity-123
[90mstdout[2m | .storybook/components/BadgeClaimPanel.stories.tsx[2m > [22m[2mDefault
[22m[39m[FilesContext] About to set up File observeQuery
[90mstdout[2m | .storybook/components/BadgeClaimPanel.stories.tsx[2m > [22m[2mDefault
[22m[39m[ChatContext] Setting up AssistantChat observeQuery
[90mstdout[2m | .storybook/components/BadgeClaimPanel.stories.tsx[2m > [22m[2mDefault
[22m[39m[ChatContext] Waiting for subscription to initialize
[90mstdout[2m | .storybook/components/BadgeClaimPanel.stories.tsx[2m > [22m[2mDefault
[22m[39m[SettingsContext] Setting up Settings subscription for user: mock-user-sub
[90mstdout[2m | .storybook/components/BadgeClaimPanel.stories.tsx[2m > [22m[2mDefault
[22m[39m[Mock Data] Settings created: mock-settings-1790416751863 - notified 0 subscribers
[90mstdout[2m | .storybook/components/BadgeClaimPanel.stories.tsx[2m > [22m[2mDefault
[22m[39m[Mock Data] Unit.onUpdate() subscription added. Total: 1
[90mstdout[2m | .storybook/components/BadgeClaimPanel.stories.tsx[2m > [22m[2mDefault
[22m[39m[SectionContext] Section observeQuery update: 0
[90mstdout[2m | .storybook/components/BadgeClaimPanel.stories.tsx[2m > [22m[2mDefault
[22m[39m[FilesContext] File observeQuery update: 6 files
[90mstdout[2m | .storybook/components/BadgeClaimPanel.stories.tsx[2m > [22m[2mDefault
[22m[39m[ChatContext] AssistantChat initialized with 1 chats
[90mstdout[2m | .storybook/components/BadgeClaimPanel.stories.tsx[2m > [22m[2mDefault
[22m[39m[ChatContext] Setting initial chat: mock-assistant-chat-1
[90mstdout[2m | .storybook/components/BadgeClaimPanel.stories.tsx[2m > [22m[2mDefault
[22m[39m[MOCK CourseVectorStore] Initialized with mock data
[90mstdout[2m | .storybook/components/BadgeClaimPanel.stories.tsx[2m > [22m[2mDefault
[22m[39m[FilesContext] Vector store population triggered {
  "currentVectorStoreSize": 3,
  "documentsCount": 0,
  "filesCount": 6,
  "isInitialLoad": true,
}
[90mstdout[2m | .storybook/components/BadgeClaimPanel.stories.tsx[2m > [22m[2mDefault
[22m[39m[FilesContext] Vector store population complete - 3 total embeddings
[90mstdout[2m | .storybook/components/BadgeClaimPanel.stories.tsx[2m > [22m[2mDefault
[22m[39m[ChatContext] Chat exists and not archived, skipping creation
[90mstdout[2m | .storybook/components/BadgeClaimPanel.stories.tsx[2m > [22m[2mDefault
[22m[39m[Mock Auth] getCurrentUser returning: {
  "attributes": {
    "email": "alice@example.com",
    "sub": "student-alice-sub",
  },
  "userId": "student-alice-sub",
  "username": "student-alice-sub",
}
[90mstdout[2m | .storybook/components/BadgeClaimPanel.stories.tsx[2m > [22m[2mDefault
[22m[39m[Mock Storage] downloadData called with: undefined
 [32m✓[39m [30m[45m storybook (chromium) [49m[39m .storybook/components/BadgeClaimPanel.stories.tsx [2m([22m[2m1 test[22m[2m)[22m[33m 830[2mms[22m[39m
   [33m[2m✓[22m[39m Default [33m 825[2mms[22m[39m
[90mstdout[2m | unknown test
[22m[39m[MOCK vectorStoreDB.js] Module loaded - mock IndexedDB operations
[90mstdout[2m | unknown test
[22m[39m[Task Completion] DOM action listeners initialized
[90mstdout[2m | unknown test
[22m[39m[Task Completion] Auto-completion detector initialized
[90mstdout[2m | unknown test
[22m[39m[Preview] Task completion detector initialized
[90mstdout[2m | src/components/Editor3/plugins/LinkPlugin.stories.jsx[2m > [22m[2mEditable Empty
[22m[39m[Preview] Skipped initializing default mock data (initializeMockData=false)
[90mstdout[2m | src/components/Editor3/plugins/LinkPlugin.stories.jsx[2m > [22m[2mEditable Empty
[22m[39m[Mock Data] seedMockUnit: Adding unit link-plugin-story-unit
[90mstdout[2m | src/components/Editor3/plugins/LinkPlugin.stories.jsx[2m > [22m[2mEditable Empty
[22m[39m[MOCK CourseVectorStore] Initialized with mock data
[90mstdout[2m | src/components/Editor3/plugins/LinkPlugin.stories.jsx[2m > [22m[2mEditable Empty
[22m[39m[TranslationModeController] Setting mode to: off
[90mstdout[2m | src/components/Editor3/plugins/LinkPlugin.stories.jsx[2m > [22m[2mEditable Empty
[22m[39m[UnitContext] useEffect triggered {
  "authLoading": false,
  "hasUser": true,
  "id": "link-plugin-story-unit",
  "userSub": "mock-user-sub",
}
[90mstdout[2m | src/components/Editor3/plugins/LinkPlugin.stories.jsx[2m > [22m[2mEditable Empty
[22m[39m[UnitContext] Fetching unit data for id: link-plugin-story-unit
[90mstdout[2m | src/components/Editor3/plugins/LinkPlugin.stories.jsx[2m > [22m[2mEditable Empty
[22m[39m[FilesContext] Initializing vector store from IndexedDB
[90mstdout[2m | src/components/Editor3/plugins/LinkPlugin.stories.jsx[2m > [22m[2mEditable Empty
[22m[39m[FilesContext] fetchFiles called
[90mstdout[2m | src/components/Editor3/plugins/LinkPlugin.stories.jsx[2m > [22m[2mEditable Empty
[22m[39m[FilesContext] User authenticated: mock-user-sub
[90mstdout[2m | src/components/Editor3/plugins/LinkPlugin.stories.jsx[2m > [22m[2mEditable Empty
[22m[39m[FilesContext] Identity ID: us-east-1:mock-identity-123
[90mstdout[2m | src/components/Editor3/plugins/LinkPlugin.stories.jsx[2m > [22m[2mEditable Empty
[22m[39m[FilesContext] About to set up File observeQuery
[90mstdout[2m | src/components/Editor3/plugins/LinkPlugin.stories.jsx[2m > [22m[2mEditable Empty
[22m[39m[ChatContext] Setting up AssistantChat observeQuery
[90mstdout[2m | src/components/Editor3/plugins/LinkPlugin.stories.jsx[2m > [22m[2mEditable Empty
[22m[39m[ChatContext] Waiting for subscription to initialize
[90mstdout[2m | src/components/Editor3/plugins/LinkPlugin.stories.jsx[2m > [22m[2mEditable Empty
[22m[39m[SettingsContext] Setting up Settings subscription for user: mock-user-sub
[90mstdout[2m | src/components/Editor3/plugins/LinkPlugin.stories.jsx[2m > [22m[2mEditable Empty
[22m[39m[Mock Data] Settings created: mock-settings-1790416755493 - notified 0 subscribers
[90mstdout[2m | src/components/Editor3/plugins/LinkPlugin.stories.jsx[2m > [22m[2mEditable Empty
[22m[39m[Mock Data] Unit.onUpdate() subscription added. Total: 1
[90mstdout[2m | src/components/Editor3/plugins/LinkPlugin.stories.jsx[2m > [22m[2mEditable Empty
[22m[39m[SectionContext] Section observeQuery update: 0
[90mstdout[2m | src/components/Editor3/plugins/LinkPlugin.stories.jsx[2m > [22m[2mEditable Empty
[22m[39m[FilesContext] File observeQuery update: 0 files
[90mstdout[2m | src/components/Editor3/plugins/LinkPlugin.stories.jsx[2m > [22m[2mEditable Empty
[22m[39m[ChatContext] AssistantChat initialized with 0 chats
[90mstdout[2m | src/components/Editor3/plugins/LinkPlugin.stories.jsx[2m > [22m[2mEditable Empty
[22m[39m[MOCK CourseVectorStore] Initialized with mock data
[90mstdout[2m | src/components/Editor3/plugins/LinkPlugin.stories.jsx[2m > [22m[2mEditable Empty
[22m[39m[ChatContext] No current chat available, will create one
[90mstdout[2m | src/components/Editor3/plugins/LinkPlugin.stories.jsx[2m > [22m[2mEditable Empty
[22m[39m[ChatContext] Creating AssistantChat with user: undefined
[90mstdout[2m | src/components/Editor3/plugins/LinkPlugin.stories.jsx[2m > [22m[2mEditable Empty
[22m[39m[Mock Data] AssistantChat created: mock-assistantchat-1790416755554 - notified 1 subscribers
[90mstdout[2m | src/components/Editor3/plugins/LinkPlugin.stories.jsx[2m > [22m[2mEditable Empty
[22m[39m[ChatContext] Create result: {
  "data": {
    "_version": 1,
    "archived": false,
    "chatFiles": [Function anonymous],
    "createdAt": "2026-09-26T09:59:15.554Z",
    "id": "mock-assistantchat-1790416755554",
    "model": "gpt-4",
    "updatedAt": "2026-09-26T09:59:15.554Z",
  },
  "errors": [],
  "hasData": true,
  "hasErrors": true,
}
[90mstdout[2m | src/components/Editor3/plugins/LinkPlugin.stories.jsx[2m > [22m[2mEditable Empty
[22m[39m[ChatContext] Created AssistantChat: mock-assistantchat-1790416755554 at: 2026-09-26T09:59:15.554Z
[90mstdout[2m | src/components/Editor3/plugins/LinkPlugin.stories.jsx[2m > [22m[2mEditable Empty
[22m[39m[Mock Storage] downloadData called with: undefined
[90mstdout[2m | src/components/Editor3/plugins/LinkPlugin.stories.jsx[2m > [22m[2mEditable Empty
[22m[39m[ChatContext] Setting initial chat: mock-assistantchat-1790416755554
[90mstdout[2m | src/components/Editor3/plugins/LinkPlugin.stories.jsx[2m > [22m[2mEditable Empty
[22m[39m[ChatContext] Chat exists and not archived, skipping creation
[90mstdout[2m | src/components/Editor3/plugins/LinkPlugin.stories.jsx[2m > [22m[2mEditable With Links
[22m[39m[ChatContext] Cleaning up subscriptions
[90mstdout[2m | src/components/Editor3/plugins/LinkPlugin.stories.jsx[2m > [22m[2mEditable With Links
[22m[39m[Mock Data] Unit.onUpdate() subscription removed. Remaining: 0
[90mstdout[2m | src/components/Editor3/plugins/LinkPlugin.stories.jsx[2m > [22m[2mEditable With Links
[22m[39m[Preview] Skipped initializing default mock data (initializeMockData=false)
[90mstdout[2m | src/components/Editor3/plugins/LinkPlugin.stories.jsx[2m > [22m[2mEditable With Links
[22m[39m[Mock Data] seedMockUnit: Adding unit link-plugin-story-unit
[90mstdout[2m | src/components/Editor3/plugins/LinkPlugin.stories.jsx[2m > [22m[2mEditable With Links
[22m[39m[MOCK CourseVectorStore] Initialized with mock data
[90mstdout[2m | src/components/Editor3/plugins/LinkPlugin.stories.jsx[2m > [22m[2mEditable With Links
[22m[39m[TranslationModeController] Setting mode to: off
[90mstdout[2m | src/components/Editor3/plugins/LinkPlugin.stories.jsx[2m > [22m[2mEditable With Links
[22m[39m[UnitContext] useEffect triggered {
  "authLoading": false,
  "hasUser": true,
  "id": "link-plugin-story-unit",
  "userSub": "mock-user-sub",
}
[90mstdout[2m | src/components/Editor3/plugins/LinkPlugin.stories.jsx[2m > [22m[2mEditable With Links
[22m[39m[UnitContext] Fetching unit data for id: link-plugin-story-unit
[90mstdout[2m | src/components/Editor3/plugins/LinkPlugin.stories.jsx[2m > [22m[2mEditable With Links
[22m[39m[FilesContext] Initializing vector store from IndexedDB
[90mstdout[2m | src/components/Editor3/plugins/LinkPlugin.stories.jsx[2m > [22m[2mEditable With Links
[22m[39m[FilesContext] fetchFiles called
[90mstdout[2m | src/components/Editor3/plugins/LinkPlugin.stories.jsx[2m > [22m[2mEditable With Links
[22m[39m[FilesContext] User authenticated: mock-user-sub
[90mstdout[2m | src/components/Editor3/plugins/LinkPlugin.stories.jsx[2m > [22m[2mEditable With Links
[22m[39m[FilesContext] Identity ID: us-east-1:mock-identity-123
[90mstdout[2m | src/components/Editor3/plugins/LinkPlugin.stories.jsx[2m > [22m[2mEditable With Links
[22m[39m[FilesContext] About to set up File observeQuery
[90mstdout[2m | src/components/Editor3/plugins/LinkPlugin.stories.jsx[2m > [22m[2mEditable With Links
[22m[39m[ChatContext] Setting up AssistantChat observeQuery
[90mstdout[2m | src/components/Editor3/plugins/LinkPlugin.stories.jsx[2m > [22m[2mEditable With Links
[22m[39m[ChatContext] Waiting for subscription to initialize
[90mstdout[2m | src/components/Editor3/plugins/LinkPlugin.stories.jsx[2m > [22m[2mEditable With Links
[22m[39m[SettingsContext] Setting up Settings subscription for user: mock-user-sub
[90mstdout[2m | src/components/Editor3/plugins/LinkPlugin.stories.jsx[2m > [22m[2mEditable With Links
[22m[39m[Mock Data] Settings created: mock-settings-1790416756060 - notified 0 subscribers
[90mstdout[2m | src/components/Editor3/plugins/LinkPlugin.stories.jsx[2m > [22m[2mEditable With Links
[22m[39m[Mock Data] Unit.onUpdate() subscription added. Total: 1
[90mstdout[2m | src/components/Editor3/plugins/LinkPlugin.stories.jsx[2m > [22m[2mEditable With Links
[22m[39m[SectionContext] Section observeQuery update: 0
[90mstdout[2m | src/components/Editor3/plugins/LinkPlugin.stories.jsx[2m > [22m[2mEditable With Links
[22m[39m[FilesContext] File observeQuery update: 0 files
[90mstdout[2m | src/components/Editor3/plugins/LinkPlugin.stories.jsx[2m > [22m[2mEditable With Links
[22m[39m[ChatContext] AssistantChat initialized with 0 chats
[90mstdout[2m | src/components/Editor3/plugins/LinkPlugin.stories.jsx[2m > [22m[2mEditable With Links
[22m[39m[MOCK CourseVectorStore] Initialized with mock data
[90mstdout[2m | src/components/Editor3/plugins/LinkPlugin.stories.jsx[2m > [22m[2mEditable With Links
[22m[39m[ChatContext] No current chat available, will create one
[90mstdout[2m | src/components/Editor3/plugins/LinkPlugin.stories.jsx[2m > [22m[2mEditable With Links
[22m[39m[ChatContext] Creating AssistantChat with user: undefined
[90mstdout[2m | src/components/Editor3/plugins/LinkPlugin.stories.jsx[2m > [22m[2mEditable With Links
[22m[39m[Mock Data] AssistantChat created: mock-assistantchat-1790416756078 - notified 1 subscribers
[90mstdout[2m | src/components/Editor3/plugins/LinkPlugin.stories.jsx[2m > [22m[2mEditable With Links
[22m[39m[ChatContext] Create result: {
  "data": {
    "_version": 1,
    "archived": false,
    "chatFiles": [Function anonymous],
    "createdAt": "2026-09-26T09:59:16.078Z",
    "id": "mock-assistantchat-1790416756078",
    "model": "gpt-4",
    "updatedAt": "2026-09-26T09:59:16.078Z",
  },
  "errors": [],
  "hasData": true,
  "hasErrors": true,
}
[90mstdout[2m | src/components/Editor3/plugins/LinkPlugin.stories.jsx[2m > [22m[2mEditable With Links
[22m[39m[ChatContext] Created AssistantChat: mock-assistantchat-1790416756078 at: 2026-09-26T09:59:16.078Z
[90mstdout[2m | src/components/Editor3/plugins/LinkPlugin.stories.jsx[2m > [22m[2mEditable With Links
[22m[39m[Mock Storage] downloadData called with: undefined
[90mstdout[2m | src/components/Editor3/plugins/LinkPlugin.stories.jsx[2m > [22m[2mEditable With Links
[22m[39m[ChatContext] Setting initial chat: mock-assistantchat-1790416756078
[90mstdout[2m | src/components/Editor3/plugins/LinkPlugin.stories.jsx[2m > [22m[2mEditable With Links
[22m[39m[ChatContext] Chat exists and not archived, skipping creation
[90mstdout[2m | src/components/Editor3/plugins/LinkPlugin.stories.jsx[2m > [22m[2mRead Only With Links
[22m[39m[ChatContext] Cleaning up subscriptions
[90mstdout[2m | src/components/Editor3/plugins/LinkPlugin.stories.jsx[2m > [22m[2mRead Only With Links
[22m[39m[Mock Data] Unit.onUpdate() subscription removed. Remaining: 0
[90mstdout[2m | src/components/Editor3/plugins/LinkPlugin.stories.jsx[2m > [22m[2mRead Only With Links
[22m[39m[Preview] Skipped initializing default mock data (initializeMockData=false)
[90mstdout[2m | src/components/Editor3/plugins/LinkPlugin.stories.jsx[2m > [22m[2mRead Only With Links
[22m[39m[Mock Data] seedMockUnit: Adding unit link-plugin-story-unit
[90mstdout[2m | src/components/Editor3/plugins/LinkPlugin.stories.jsx[2m > [22m[2mRead Only With Links
[22m[39m[MOCK CourseVectorStore] Initialized with mock data
[90mstdout[2m | src/components/Editor3/plugins/LinkPlugin.stories.jsx[2m > [22m[2mRead Only With Links
[22m[39m[TranslationModeController] Setting mode to: off
[90mstdout[2m | src/components/Editor3/plugins/LinkPlugin.stories.jsx[2m > [22m[2mRead Only With Links
[22m[39m[UnitContext] useEffect triggered {
  "authLoading": false,
  "hasUser": true,
  "id": "link-plugin-story-unit",
  "userSub": "mock-user-sub",
}
[90mstdout[2m | src/components/Editor3/plugins/LinkPlugin.stories.jsx[2m > [22m[2mRead Only With Links
[22m[39m[UnitContext] Fetching unit data for id: link-plugin-story-unit
[90mstdout[2m | src/components/Editor3/plugins/LinkPlugin.stories.jsx[2m > [22m[2mRead Only With Links
[22m[39m[FilesContext] Initializing vector store from IndexedDB
[90mstdout[2m | src/components/Editor3/plugins/LinkPlugin.stories.jsx[2m > [22m[2mRead Only With Links
[22m[39m[FilesContext] fetchFiles called
[90mstdout[2m | src/components/Editor3/plugins/LinkPlugin.stories.jsx[2m > [22m[2mRead Only With Links
[22m[39m[FilesContext] User authenticated: mock-user-sub
[90mstdout[2m | src/components/Editor3/plugins/LinkPlugin.stories.jsx[2m > [22m[2mRead Only With Links
[22m[39m[FilesContext] Identity ID: us-east-1:mock-identity-123
[90mstdout[2m | src/components/Editor3/plugins/LinkPlugin.stories.jsx[2m > [22m[2mRead Only With Links
[22m[39m[FilesContext] About to set up File observeQuery
[90mstdout[2m | src/components/Editor3/plugins/LinkPlugin.stories.jsx[2m > [22m[2mRead Only With Links
[22m[39m[ChatContext] Setting up AssistantChat observeQuery
[90mstdout[2m | src/components/Editor3/plugins/LinkPlugin.stories.jsx[2m > [22m[2mRead Only With Links
[22m[39m[ChatContext] Waiting for subscription to initialize
[90mstdout[2m | src/components/Editor3/plugins/LinkPlugin.stories.jsx[2m > [22m[2mRead Only With Links
[22m[39m[SettingsContext] Setting up Settings subscription for user: mock-user-sub
[90mstdout[2m | src/components/Editor3/plugins/LinkPlugin.stories.jsx[2m > [22m[2mRead Only With Links
[22m[39m[Mock Data] Settings created: mock-settings-1790416756597 - notified 0 subscribers
[90mstdout[2m | src/components/Editor3/plugins/LinkPlugin.stories.jsx[2m > [22m[2mRead Only With Links
[22m[39m[Mock Data] Unit.onUpdate() subscription added. Total: 1
[90mstdout[2m | src/components/Editor3/plugins/LinkPlugin.stories.jsx[2m > [22m[2mRead Only With Links
[22m[39m[SectionContext] Section observeQuery update: 0
[90mstdout[2m | src/components/Editor3/plugins/LinkPlugin.stories.jsx[2m > [22m[2mRead Only With Links
[22m[39m[FilesContext] File observeQuery update: 0 files
[90mstdout[2m | src/components/Editor3/plugins/LinkPlugin.stories.jsx[2m > [22m[2mRead Only With Links
[22m[39m[ChatContext] AssistantChat initialized with 0 chats
[90mstdout[2m | src/components/Editor3/plugins/LinkPlugin.stories.jsx[2m > [22m[2mRead Only With Links
[22m[39m[MOCK CourseVectorStore] Initialized with mock data
[90mstdout[2m | src/components/Editor3/plugins/LinkPlugin.stories.jsx[2m > [22m[2mRead Only With Links
[22m[39m[ChatContext] No current chat available, will create one
[90mstdout[2m | src/components/Editor3/plugins/LinkPlugin.stories.jsx[2m > [22m[2mRead Only With Links
[22m[39m[ChatContext] Creating AssistantChat with user: undefined
[90mstdout[2m | src/components/Editor3/plugins/LinkPlugin.stories.jsx[2m > [22m[2mRead Only With Links
[22m[39m[Mock Data] AssistantChat created: mock-assistantchat-1790416756674 - notified 1 subscribers
[90mstdout[2m | src/components/Editor3/plugins/LinkPlugin.stories.jsx[2m > [22m[2mRead Only With Links
[22m[39m[ChatContext] Create result: {
  "data": {
    "_version": 1,
    "archived": false,
    "chatFiles": [Function anonymous],
    "createdAt": "2026-09-26T09:59:16.674Z",
    "id": "mock-assistantchat-1790416756674",
    "model": "gpt-4",
    "updatedAt": "2026-09-26T09:59:16.674Z",
  },
  "errors": [],
  "hasData": true,
  "hasErrors": true,
}
[90mstdout[2m | src/components/Editor3/plugins/LinkPlugin.stories.jsx[2m > [22m[2mRead Only With Links
[22m[39m[ChatContext] Created AssistantChat: mock-assistantchat-1790416756674 at: 2026-09-26T09:59:16.674Z
[90mstdout[2m | src/components/Editor3/plugins/LinkPlugin.stories.jsx[2m > [22m[2mRead Only With Links
[22m[39m[Mock Storage] downloadData called with: undefined
[90mstdout[2m | src/components/Editor3/plugins/LinkPlugin.stories.jsx[2m > [22m[2mRead Only With Links
[22m[39m[ChatContext] Setting initial chat: mock-assistantchat-1790416756674
[90mstdout[2m | src/components/Editor3/plugins/LinkPlugin.stories.jsx[2m > [22m[2mRead Only With Links
[22m[39m[ChatContext] Chat exists and not archived, skipping creation
 [32m✓[39m [30m[45m storybook (chromium) [49m[39m src/components/Editor3/plugins/LinkPlugin.stories.jsx [2m([22m[2m3 tests[22m[2m)[22m[33m 1441[2mms[22m[39m
   [33m[2m✓[22m[39m Editable Empty [33m 624[2mms[22m[39m
   [33m[2m✓[22m[39m Editable With Links [33m 424[2mms[22m[39m
   [33m[2m✓[22m[39m Read Only With Links [33m 391[2mms[22m[39m
[90mstdout[2m | unknown test
[22m[39m[MOCK vectorStoreDB.js] Module loaded - mock IndexedDB operations
[90mstdout[2m | unknown test
[22m[39m[Task Completion] DOM action listeners initialized
[90mstdout[2m | unknown test
[22m[39m[Task Completion] Auto-completion detector initialized
[90mstdout[2m | unknown test
[22m[39m[Preview] Task completion detector initialized
[90mstdout[2m | src/components/Workbook/TutorPresenceBanner.stories.tsx[2m > [22m[2mTwo Tutors
[22m[39m[MOCK CourseVectorStore] Initialized with mock data
[90mstdout[2m | src/components/Workbook/TutorPresenceBanner.stories.tsx[2m > [22m[2mTwo Tutors
[22m[39m[TranslationModeController] Setting mode to: off
[90mstdout[2m | src/components/Workbook/TutorPresenceBanner.stories.tsx[2m > [22m[2mTwo Tutors
[22m[39m[FilesContext] Initializing vector store from IndexedDB
[90mstdout[2m | src/components/Workbook/TutorPresenceBanner.stories.tsx[2m > [22m[2mTwo Tutors
[22m[39m[FilesContext] fetchFiles called
[90mstdout[2m | src/components/Workbook/TutorPresenceBanner.stories.tsx[2m > [22m[2mTwo Tutors
[22m[39m[FilesContext] User authenticated: mock-user-sub
[90mstdout[2m | src/components/Workbook/TutorPresenceBanner.stories.tsx[2m > [22m[2mTwo Tutors
[22m[39m[FilesContext] Identity ID: us-east-1:mock-identity-123
[90mstdout[2m | src/components/Workbook/TutorPresenceBanner.stories.tsx[2m > [22m[2mTwo Tutors
[22m[39m[FilesContext] About to set up File observeQuery
[90mstdout[2m | src/components/Workbook/TutorPresenceBanner.stories.tsx[2m > [22m[2mTwo Tutors
[22m[39m[ChatContext] Setting up AssistantChat observeQuery
[90mstdout[2m | src/components/Workbook/TutorPresenceBanner.stories.tsx[2m > [22m[2mTwo Tutors
[22m[39m[ChatContext] Waiting for subscription to initialize
[90mstdout[2m | src/components/Workbook/TutorPresenceBanner.stories.tsx[2m > [22m[2mTwo Tutors
[22m[39m[SettingsContext] Setting up Settings subscription for user: mock-user-sub
[90mstdout[2m | src/components/Workbook/TutorPresenceBanner.stories.tsx[2m > [22m[2mTwo Tutors
[22m[39m[Mock Data] Settings created: mock-settings-1790416763061 - notified 0 subscribers
[90mstdout[2m | src/components/Workbook/TutorPresenceBanner.stories.tsx[2m > [22m[2mTwo Tutors
[22m[39m[FilesContext] File observeQuery update: 6 files
[90mstdout[2m | src/components/Workbook/TutorPresenceBanner.stories.tsx[2m > [22m[2mTwo Tutors
[22m[39m[ChatContext] AssistantChat initialized with 1 chats
[90mstdout[2m | src/components/Workbook/TutorPresenceBanner.stories.tsx[2m > [22m[2mTwo Tutors
[22m[39m[ChatContext] Setting initial chat: mock-assistant-chat-1
[90mstdout[2m | src/components/Workbook/TutorPresenceBanner.stories.tsx[2m > [22m[2mTwo Tutors
[22m[39m[MOCK CourseVectorStore] Initialized with mock data
[90mstdout[2m | src/components/Workbook/TutorPresenceBanner.stories.tsx[2m > [22m[2mTwo Tutors
[22m[39m[FilesContext] Vector store population triggered {
  "currentVectorStoreSize": 3,
  "documentsCount": 0,
  "filesCount": 6,
  "isInitialLoad": true,
}
[90mstdout[2m | src/components/Workbook/TutorPresenceBanner.stories.tsx[2m > [22m[2mTwo Tutors
[22m[39m[FilesContext] Vector store population complete - 3 total embeddings
[90mstdout[2m | src/components/Workbook/TutorPresenceBanner.stories.tsx[2m > [22m[2mTwo Tutors
[22m[39m[ChatContext] Chat exists and not archived, skipping creation
[90mstdout[2m | src/components/Workbook/TutorPresenceBanner.stories.tsx[2m > [22m[2mTwo Tutors
[22m[39m[Mock Storage] downloadData called with: undefined
[90mstdout[2m | src/components/Workbook/TutorPresenceBanner.stories.tsx[2m > [22m[2mSingle Tutor
[22m[39m[ChatContext] Cleaning up subscriptions
[90mstdout[2m | src/components/Workbook/TutorPresenceBanner.stories.tsx[2m > [22m[2mSingle Tutor
[22m[39m[MOCK CourseVectorStore] Initialized with mock data
[90mstdout[2m | src/components/Workbook/TutorPresenceBanner.stories.tsx[2m > [22m[2mSingle Tutor
[22m[39m[TranslationModeController] Setting mode to: off
[90mstdout[2m | src/components/Workbook/TutorPresenceBanner.stories.tsx[2m > [22m[2mSingle Tutor
[22m[39m[FilesContext] Initializing vector store from IndexedDB
[90mstdout[2m | src/components/Workbook/TutorPresenceBanner.stories.tsx[2m > [22m[2mSingle Tutor
[22m[39m[FilesContext] fetchFiles called
[90mstdout[2m | src/components/Workbook/TutorPresenceBanner.stories.tsx[2m > [22m[2mSingle Tutor
[22m[39m[FilesContext] User authenticated: mock-user-sub
[90mstdout[2m | src/components/Workbook/TutorPresenceBanner.stories.tsx[2m > [22m[2mSingle Tutor
[22m[39m[FilesContext] Identity ID: us-east-1:mock-identity-123
[90mstdout[2m | src/components/Workbook/TutorPresenceBanner.stories.tsx[2m > [22m[2mSingle Tutor
[22m[39m[FilesContext] About to set up File observeQuery
[90mstdout[2m | src/components/Workbook/TutorPresenceBanner.stories.tsx[2m > [22m[2mSingle Tutor
[22m[39m[ChatContext] Setting up AssistantChat observeQuery
[90mstdout[2m | src/components/Workbook/TutorPresenceBanner.stories.tsx[2m > [22m[2mSingle Tutor
[22m[39m[ChatContext] Waiting for subscription to initialize
[90mstdout[2m | src/components/Workbook/TutorPresenceBanner.stories.tsx[2m > [22m[2mSingle Tutor
[22m[39m[SettingsContext] Setting up Settings subscription for user: mock-user-sub
[90mstdout[2m | src/components/Workbook/TutorPresenceBanner.stories.tsx[2m > [22m[2mSingle Tutor
[22m[39m[Mock Data] Settings created: mock-settings-1790416763299 - notified 0 subscribers
[90mstdout[2m | src/components/Workbook/TutorPresenceBanner.stories.tsx[2m > [22m[2mSingle Tutor
[22m[39m[FilesContext] File observeQuery update: 6 files
[90mstdout[2m | src/components/Workbook/TutorPresenceBanner.stories.tsx[2m > [22m[2mSingle Tutor
[22m[39m[ChatContext] AssistantChat initialized with 1 chats
[90mstdout[2m | src/components/Workbook/TutorPresenceBanner.stories.tsx[2m > [22m[2mSingle Tutor
[22m[39m[ChatContext] Setting initial chat: mock-assistant-chat-1
[90mstdout[2m | src/components/Workbook/TutorPresenceBanner.stories.tsx[2m > [22m[2mSingle Tutor
[22m[39m[MOCK CourseVectorStore] Initialized with mock data
[90mstdout[2m | src/components/Workbook/TutorPresenceBanner.stories.tsx[2m > [22m[2mSingle Tutor
[22m[39m[FilesContext] Vector store population triggered {
  "currentVectorStoreSize": 3,
  "documentsCount": 0,
  "filesCount": 6,
  "isInitialLoad": true,
}
[90mstdout[2m | src/components/Workbook/TutorPresenceBanner.stories.tsx[2m > [22m[2mSingle Tutor
[22m[39m[FilesContext] Vector store population complete - 3 total embeddings
[90mstdout[2m | src/components/Workbook/TutorPresenceBanner.stories.tsx[2m > [22m[2mSingle Tutor
[22m[39m[ChatContext] Chat exists and not archived, skipping creation
[90mstdout[2m | src/components/Workbook/TutorPresenceBanner.stories.tsx[2m > [22m[2mSingle Tutor
[22m[39m[Mock Storage] downloadData called with: undefined
[90mstdout[2m | src/components/Workbook/TutorPresenceBanner.stories.tsx[2m > [22m[2mNo Tutors
[22m[39m[ChatContext] Cleaning up subscriptions
[90mstdout[2m | src/components/Workbook/TutorPresenceBanner.stories.tsx[2m > [22m[2mNo Tutors
[22m[39m[MOCK CourseVectorStore] Initialized with mock data
[90mstdout[2m | src/components/Workbook/TutorPresenceBanner.stories.tsx[2m > [22m[2mNo Tutors
[22m[39m[TranslationModeController] Setting mode to: off
[90mstdout[2m | src/components/Workbook/TutorPresenceBanner.stories.tsx[2m > [22m[2mNo Tutors
[22m[39m[FilesContext] Initializing vector store from IndexedDB
[90mstdout[2m | src/components/Workbook/TutorPresenceBanner.stories.tsx[2m > [22m[2mNo Tutors
[22m[39m[FilesContext] fetchFiles called
[90mstdout[2m | src/components/Workbook/TutorPresenceBanner.stories.tsx[2m > [22m[2mNo Tutors
[22m[39m[FilesContext] User authenticated: mock-user-sub
[90mstdout[2m | src/components/Workbook/TutorPresenceBanner.stories.tsx[2m > [22m[2mNo Tutors
[22m[39m[FilesContext] Identity ID: us-east-1:mock-identity-123
[90mstdout[2m | src/components/Workbook/TutorPresenceBanner.stories.tsx[2m > [22m[2mNo Tutors
[22m[39m[FilesContext] About to set up File observeQuery
[90mstdout[2m | src/components/Workbook/TutorPresenceBanner.stories.tsx[2m > [22m[2mNo Tutors
[22m[39m[ChatContext] Setting up AssistantChat observeQuery
[90mstdout[2m | src/components/Workbook/TutorPresenceBanner.stories.tsx[2m > [22m[2mNo Tutors
[22m[39m[ChatContext] Waiting for subscription to initialize
[90mstdout[2m | src/components/Workbook/TutorPresenceBanner.stories.tsx[2m > [22m[2mNo Tutors
[22m[39m[SettingsContext] Setting up Settings subscription for user: mock-user-sub
[90mstdout[2m | src/components/Workbook/TutorPresenceBanner.stories.tsx[2m > [22m[2mNo Tutors
[22m[39m[Mock Data] Settings created: mock-settings-1790416763440 - notified 0 subscribers
[90mstdout[2m | src/components/Workbook/TutorPresenceBanner.stories.tsx[2m > [22m[2mNo Tutors
[22m[39m[FilesContext] File observeQuery update: 6 files
[90mstdout[2m | src/components/Workbook/TutorPresenceBanner.stories.tsx[2m > [22m[2mNo Tutors
[22m[39m[ChatContext] AssistantChat initialized with 1 chats
[90mstdout[2m | src/components/Workbook/TutorPresenceBanner.stories.tsx[2m > [22m[2mNo Tutors
[22m[39m[ChatContext] Setting initial chat: mock-assistant-chat-1
[90mstdout[2m | src/components/Workbook/TutorPresenceBanner.stories.tsx[2m > [22m[2mNo Tutors
[22m[39m[MOCK CourseVectorStore] Initialized with mock data
[90mstdout[2m | src/components/Workbook/TutorPresenceBanner.stories.tsx[2m > [22m[2mNo Tutors
[22m[39m[FilesContext] Vector store population triggered {
  "currentVectorStoreSize": 3,
  "documentsCount": 0,
  "filesCount": 6,
  "isInitialLoad": true,
}
[90mstdout[2m | src/components/Workbook/TutorPresenceBanner.stories.tsx[2m > [22m[2mNo Tutors
[22m[39m[FilesContext] Vector store population complete - 3 total embeddings
[90mstdout[2m | src/components/Workbook/TutorPresenceBanner.stories.tsx[2m > [22m[2mNo Tutors
[22m[39m[ChatContext] Chat exists and not archived, skipping creation
[90mstdout[2m | src/components/Workbook/TutorPresenceBanner.stories.tsx[2m > [22m[2mNo Tutors
[22m[39m[Mock Storage] downloadData called with: undefined
[90mstdout[2m | src/components/Workbook/TutorPresenceBanner.stories.tsx[2m > [22m[2mDisabled
[22m[39m[ChatContext] Cleaning up subscriptions
[90mstdout[2m | src/components/Workbook/TutorPresenceBanner.stories.tsx[2m > [22m[2mDisabled
[22m[39m[MOCK CourseVectorStore] Initialized with mock data
[90mstdout[2m | src/components/Workbook/TutorPresenceBanner.stories.tsx[2m > [22m[2mDisabled
[22m[39m[TranslationModeController] Setting mode to: off
[90mstdout[2m | src/components/Workbook/TutorPresenceBanner.stories.tsx[2m > [22m[2mDisabled
[22m[39m[FilesContext] Initializing vector store from IndexedDB
[90mstdout[2m | src/components/Workbook/TutorPresenceBanner.stories.tsx[2m > [22m[2mDisabled
[22m[39m[FilesContext] fetchFiles called
[90mstdout[2m | src/components/Workbook/TutorPresenceBanner.stories.tsx[2m > [22m[2mDisabled
[22m[39m[FilesContext] User authenticated: mock-user-sub
[90mstdout[2m | src/components/Workbook/TutorPresenceBanner.stories.tsx[2m > [22m[2mDisabled
[22m[39m[FilesContext] Identity ID: us-east-1:mock-identity-123
[90mstdout[2m | src/components/Workbook/TutorPresenceBanner.stories.tsx[2m > [22m[2mDisabled
[22m[39m[FilesContext] About to set up File observeQuery
[90mstdout[2m | src/components/Workbook/TutorPresenceBanner.stories.tsx[2m > [22m[2mDisabled
[22m[39m[ChatContext] Setting up AssistantChat observeQuery
[90mstdout[2m | src/components/Workbook/TutorPresenceBanner.stories.tsx[2m > [22m[2mDisabled
[22m[39m[ChatContext] Waiting for subscription to initialize
[90mstdout[2m | src/components/Workbook/TutorPresenceBanner.stories.tsx[2m > [22m[2mDisabled
[22m[39m[SettingsContext] Setting up Settings subscription for user: mock-user-sub
[90mstdout[2m | src/components/Workbook/TutorPresenceBanner.stories.tsx[2m > [22m[2mDisabled
[22m[39m[Mock Data] Settings created: mock-settings-1790416763542 - notified 0 subscribers
[90mstdout[2m | src/components/Workbook/TutorPresenceBanner.stories.tsx[2m > [22m[2mDisabled
[22m[39m[FilesContext] File observeQuery update: 6 files
[90mstdout[2m | src/components/Workbook/TutorPresenceBanner.stories.tsx[2m > [22m[2mDisabled
[22m[39m[ChatContext] AssistantChat initialized with 1 chats
[90mstdout[2m | src/components/Workbook/TutorPresenceBanner.stories.tsx[2m > [22m[2mDisabled
[22m[39m[ChatContext] Setting initial chat: mock-assistant-chat-1
[90mstdout[2m | src/components/Workbook/TutorPresenceBanner.stories.tsx[2m > [22m[2mDisabled
[22m[39m[MOCK CourseVectorStore] Initialized with mock data
[90mstdout[2m | src/components/Workbook/TutorPresenceBanner.stories.tsx[2m > [22m[2mDisabled
[22m[39m[FilesContext] Vector store population triggered {
  "currentVectorStoreSize": 3,
  "documentsCount": 0,
  "filesCount": 6,
  "isInitialLoad": true,
}
[90mstdout[2m | src/components/Workbook/TutorPresenceBanner.stories.tsx[2m > [22m[2mDisabled
[22m[39m[FilesContext] Vector store population complete - 3 total embeddings
[90mstdout[2m | src/components/Workbook/TutorPresenceBanner.stories.tsx[2m > [22m[2mDisabled
[22m[39m[ChatContext] Chat exists and not archived, skipping creation
[90mstdout[2m | src/components/Workbook/TutorPresenceBanner.stories.tsx[2m > [22m[2mDisabled
[22m[39m[Mock Storage] downloadData called with: undefined
 [32m✓[39m [30m[45m storybook (chromium) [49m[39m src/components/Workbook/TutorPresenceBanner.stories.tsx [2m([22m[2m4 tests[22m[2m)[22m[33m 591[2mms[22m[39m
[90mstdout[2m | unknown test
[22m[39m[MOCK vectorStoreDB.js] Module loaded - mock IndexedDB operations
[90mstdout[2m | unknown test
[22m[39m[Task Completion] DOM action listeners initialized
[90mstdout[2m | unknown test
[22m[39m[Task Completion] Auto-completion detector initialized
[90mstdout[2m | unknown test
[22m[39m[Preview] Task completion detector initialized
[90mstdout[2m | src/components/Gamification/UnitMemoryCard.stories.tsx[2m > [22m[2mDefault
[22m[39m[TranslationModeController] Setting mode to: off
 [32m✓[39m [30m[45m storybook (chromium) [49m[39m src/components/Gamification/UnitMemoryCard.stories.tsx [2m([22m[2m1 test[22m[2m)[22m[32m 85[2mms[22m[39m
[90mstdout[2m | unknown test
[22m[39m[MOCK vectorStoreDB.js] Module loaded - mock IndexedDB operations
[90mstdout[2m | unknown test
[22m[39m[Task Completion] DOM action listeners initialized
[90mstdout[2m | unknown test
[22m[39m[Task Completion] Auto-completion detector initialized
[90mstdout[2m | unknown test
[22m[39m[Preview] Task completion detector initialized
[90mstdout[2m | src/components/Editor3/plugins/QuizPlugin.stories.jsx[2m > [22m[2mEditable Empty
[22m[39m[Preview] Skipped initializing default mock data (initializeMockData=false)
[90mstdout[2m | src/components/Editor3/plugins/QuizPlugin.stories.jsx[2m > [22m[2mEditable Empty
[22m[39m[Mock Data] seedMockUnit: Adding unit quiz-plugin-story-unit
[90mstdout[2m | src/components/Editor3/plugins/QuizPlugin.stories.jsx[2m > [22m[2mEditable Empty
[22m[39m[MOCK CourseVectorStore] Initialized with mock data
[90mstdout[2m | src/components/Editor3/plugins/QuizPlugin.stories.jsx[2m > [22m[2mEditable Empty
[22m[39m[TranslationModeController] Setting mode to: off
[90mstdout[2m | src/components/Editor3/plugins/QuizPlugin.stories.jsx[2m > [22m[2mEditable Empty
[22m[39m[UnitContext] useEffect triggered {
  "authLoading": false,
  "hasUser": true,
  "id": "quiz-plugin-story-unit",
  "userSub": "mock-user-sub",
}
[90mstdout[2m | src/components/Editor3/plugins/QuizPlugin.stories.jsx[2m > [22m[2mEditable Empty
[22m[39m[UnitContext] Fetching unit data for id: quiz-plugin-story-unit
[90mstdout[2m | src/components/Editor3/plugins/QuizPlugin.stories.jsx[2m > [22m[2mEditable Empty
[22m[39m[FilesContext] Initializing vector store from IndexedDB
[90mstdout[2m | src/components/Editor3/plugins/QuizPlugin.stories.jsx[2m > [22m[2mEditable Empty
[22m[39m[FilesContext] fetchFiles called
[90mstdout[2m | src/components/Editor3/plugins/QuizPlugin.stories.jsx[2m > [22m[2mEditable Empty
[22m[39m[FilesContext] User authenticated: mock-user-sub
[90mstdout[2m | src/components/Editor3/plugins/QuizPlugin.stories.jsx[2m > [22m[2mEditable Empty
[22m[39m[FilesContext] Identity ID: us-east-1:mock-identity-123
[90mstdout[2m | src/components/Editor3/plugins/QuizPlugin.stories.jsx[2m > [22m[2mEditable Empty
[22m[39m[FilesContext] About to set up File observeQuery
[90mstdout[2m | src/components/Editor3/plugins/QuizPlugin.stories.jsx[2m > [22m[2mEditable Empty
[22m[39m[ChatContext] Setting up AssistantChat observeQuery
[90mstdout[2m | src/components/Editor3/plugins/QuizPlugin.stories.jsx[2m > [22m[2mEditable Empty
[22m[39m[ChatContext] Waiting for subscription to initialize
[90mstdout[2m | src/components/Editor3/plugins/QuizPlugin.stories.jsx[2m > [22m[2mEditable Empty
[22m[39m[SettingsContext] Setting up Settings subscription for user: mock-user-sub
[90mstdout[2m | src/components/Editor3/plugins/QuizPlugin.stories.jsx[2m > [22m[2mEditable Empty
[22m[39m[Mock Data] Settings created: mock-settings-1790416765002 - notified 0 subscribers
[90mstdout[2m | src/components/Editor3/plugins/QuizPlugin.stories.jsx[2m > [22m[2mEditable Empty
[22m[39m[Mock Data] Unit.onUpdate() subscription added. Total: 1
[90mstdout[2m | src/components/Editor3/plugins/QuizPlugin.stories.jsx[2m > [22m[2mEditable Empty
[22m[39m[SectionContext] Section observeQuery update: 0
[90mstdout[2m | src/components/Editor3/plugins/QuizPlugin.stories.jsx[2m > [22m[2mEditable Empty
[22m[39m[FilesContext] File observeQuery update: 0 files
[90mstdout[2m | src/components/Editor3/plugins/QuizPlugin.stories.jsx[2m > [22m[2mEditable Empty
[22m[39m[ChatContext] AssistantChat initialized with 0 chats
[90mstdout[2m | src/components/Editor3/plugins/QuizPlugin.stories.jsx[2m > [22m[2mEditable Empty
[22m[39m[Mock Storage] downloadData called with: undefined
[90mstdout[2m | src/components/Editor3/plugins/QuizPlugin.stories.jsx[2m > [22m[2mEditable Empty
[22m[39m[MOCK CourseVectorStore] Initialized with mock data
[90mstdout[2m | src/components/Editor3/plugins/QuizPlugin.stories.jsx[2m > [22m[2mEditable Empty
[22m[39m[ChatContext] No current chat available, will create one
[90mstdout[2m | src/components/Editor3/plugins/QuizPlugin.stories.jsx[2m > [22m[2mEditable Empty
[22m[39m[ChatContext] Creating AssistantChat with user: undefined
[90mstdout[2m | src/components/Editor3/plugins/QuizPlugin.stories.jsx[2m > [22m[2mEditable Empty
[22m[39m[Mock Data] AssistantChat created: mock-assistantchat-1790416765014 - notified 1 subscribers
[90mstdout[2m | src/components/Editor3/plugins/QuizPlugin.stories.jsx[2m > [22m[2mEditable Empty
[22m[39m[ChatContext] Create result: {
  "data": {
    "_version": 1,
    "archived": false,
    "chatFiles": [Function anonymous],
    "createdAt": "2026-09-26T09:59:25.014Z",
    "id": "mock-assistantchat-1790416765014",
    "model": "gpt-4",
    "updatedAt": "2026-09-26T09:59:25.014Z",
  },
  "errors": [],
  "hasData": true,
  "hasErrors": true,
}
[90mstdout[2m | src/components/Editor3/plugins/QuizPlugin.stories.jsx[2m > [22m[2mEditable Empty
[22m[39m[ChatContext] Created AssistantChat: mock-assistantchat-1790416765014 at: 2026-09-26T09:59:25.014Z
[90mstdout[2m | src/components/Editor3/plugins/QuizPlugin.stories.jsx[2m > [22m[2mEditable Empty
[22m[39m[ChatContext] Setting initial chat: mock-assistantchat-1790416765014
[90mstdout[2m | src/components/Editor3/plugins/QuizPlugin.stories.jsx[2m > [22m[2mEditable Empty
[22m[39m[ChatContext] Chat exists and not archived, skipping creation
[90mstdout[2m | src/components/Editor3/plugins/QuizPlugin.stories.jsx[2m > [22m[2mEditable With Quiz
[22m[39m[ChatContext] Cleaning up subscriptions
[90mstdout[2m | src/components/Editor3/plugins/QuizPlugin.stories.jsx[2m > [22m[2mEditable With Quiz
[22m[39m[Mock Data] Unit.onUpdate() subscription removed. Remaining: 0
[90mstdout[2m | src/components/Editor3/plugins/QuizPlugin.stories.jsx[2m > [22m[2mEditable With Quiz
[22m[39m[Preview] Skipped initializing default mock data (initializeMockData=false)
[90mstdout[2m | src/components/Editor3/plugins/QuizPlugin.stories.jsx[2m > [22m[2mEditable With Quiz
[22m[39m[Mock Data] seedMockUnit: Adding unit quiz-plugin-story-unit
[90mstdout[2m | src/components/Editor3/plugins/QuizPlugin.stories.jsx[2m > [22m[2mEditable With Quiz
[22m[39m[MOCK CourseVectorStore] Initialized with mock data
[90mstdout[2m | src/components/Editor3/plugins/QuizPlugin.stories.jsx[2m > [22m[2mEditable With Quiz
[22m[39m[TranslationModeController] Setting mode to: off
[90mstdout[2m | src/components/Editor3/plugins/QuizPlugin.stories.jsx[2m > [22m[2mEditable With Quiz
[22m[39m[UnitContext] useEffect triggered {
  "authLoading": false,
  "hasUser": true,
  "id": "quiz-plugin-story-unit",
  "userSub": "mock-user-sub",
}
[90mstdout[2m | src/components/Editor3/plugins/QuizPlugin.stories.jsx[2m > [22m[2mEditable With Quiz
[22m[39m[UnitContext] Fetching unit data for id: quiz-plugin-story-unit
[90mstdout[2m | src/components/Editor3/plugins/QuizPlugin.stories.jsx[2m > [22m[2mEditable With Quiz
[22m[39m[FilesContext] Initializing vector store from IndexedDB
[90mstdout[2m | src/components/Editor3/plugins/QuizPlugin.stories.jsx[2m > [22m[2mEditable With Quiz
[22m[39m[FilesContext] fetchFiles called
[90mstdout[2m | src/components/Editor3/plugins/QuizPlugin.stories.jsx[2m > [22m[2mEditable With Quiz
[22m[39m[FilesContext] User authenticated: mock-user-sub
[90mstdout[2m | src/components/Editor3/plugins/QuizPlugin.stories.jsx[2m > [22m[2mEditable With Quiz
[22m[39m[FilesContext] Identity ID: us-east-1:mock-identity-123
[90mstdout[2m | src/components/Editor3/plugins/QuizPlugin.stories.jsx[2m > [22m[2mEditable With Quiz
[22m[39m[FilesContext] About to set up File observeQuery
[90mstdout[2m | src/components/Editor3/plugins/QuizPlugin.stories.jsx[2m > [22m[2mEditable With Quiz
[22m[39m[ChatContext] Setting up AssistantChat observeQuery
[90mstdout[2m | src/components/Editor3/plugins/QuizPlugin.stories.jsx[2m > [22m[2mEditable With Quiz
[22m[39m[ChatContext] Waiting for subscription to initialize
[90mstdout[2m | src/components/Editor3/plugins/QuizPlugin.stories.jsx[2m > [22m[2mEditable With Quiz
[22m[39m[SettingsContext] Setting up Settings subscription for user: mock-user-sub
[90mstdout[2m | src/components/Editor3/plugins/QuizPlugin.stories.jsx[2m > [22m[2mEditable With Quiz
[22m[39m[Mock Data] Settings created: mock-settings-1790416765178 - notified 0 subscribers
[90mstdout[2m | src/components/Editor3/plugins/QuizPlugin.stories.jsx[2m > [22m[2mEditable With Quiz
[22m[39m[Mock Data] Unit.onUpdate() subscription added. Total: 1
[90mstdout[2m | src/components/Editor3/plugins/QuizPlugin.stories.jsx[2m > [22m[2mEditable With Quiz
[22m[39m[SectionContext] Section observeQuery update: 0
[90mstdout[2m | src/components/Editor3/plugins/QuizPlugin.stories.jsx[2m > [22m[2mEditable With Quiz
[22m[39m[FilesContext] File observeQuery update: 0 files
[90mstdout[2m | src/components/Editor3/plugins/QuizPlugin.stories.jsx[2m > [22m[2mEditable With Quiz
[22m[39m[ChatContext] AssistantChat initialized with 0 chats
[90mstdout[2m | src/components/Editor3/plugins/QuizPlugin.stories.jsx[2m > [22m[2mEditable With Quiz
[22m[39m[MOCK CourseVectorStore] Initialized with mock data
[90mstdout[2m | src/components/Editor3/plugins/QuizPlugin.stories.jsx[2m > [22m[2mEditable With Quiz
[22m[39m[ChatContext] No current chat available, will create one
[90mstdout[2m | src/components/Editor3/plugins/QuizPlugin.stories.jsx[2m > [22m[2mEditable With Quiz
[22m[39m[ChatContext] Creating AssistantChat with user: undefined
[90mstdout[2m | src/components/Editor3/plugins/QuizPlugin.stories.jsx[2m > [22m[2mEditable With Quiz
[22m[39m[Mock Data] AssistantChat created: mock-assistantchat-1790416765235 - notified 1 subscribers
[90mstdout[2m | src/components/Editor3/plugins/QuizPlugin.stories.jsx[2m > [22m[2mEditable With Quiz
[22m[39m[ChatContext] Create result: {
  "data": {
    "_version": 1,
    "archived": false,
    "chatFiles": [Function anonymous],
    "createdAt": "2026-09-26T09:59:25.235Z",
    "id": "mock-assistantchat-1790416765235",
    "model": "gpt-4",
    "updatedAt": "2026-09-26T09:59:25.235Z",
  },
  "errors": [],
  "hasData": true,
  "hasErrors": true,
}
[90mstdout[2m | src/components/Editor3/plugins/QuizPlugin.stories.jsx[2m > [22m[2mEditable With Quiz
[22m[39m[ChatContext] Created AssistantChat: mock-assistantchat-1790416765235 at: 2026-09-26T09:59:25.235Z
[90mstdout[2m | src/components/Editor3/plugins/QuizPlugin.stories.jsx[2m > [22m[2mEditable With Quiz
[22m[39m[Mock Storage] downloadData called with: undefined
[90mstdout[2m | src/components/Editor3/plugins/QuizPlugin.stories.jsx[2m > [22m[2mEditable With Quiz
[22m[39m[ChatContext] Setting initial chat: mock-assistantchat-1790416765235
[90mstdout[2m | src/components/Editor3/plugins/QuizPlugin.stories.jsx[2m > [22m[2mEditable With Quiz
[22m[39m[ChatContext] Chat exists and not archived, skipping creation
[90mstdout[2m | src/components/Editor3/plugins/QuizPlugin.stories.jsx[2m > [22m[2mRead Only With Quiz
[22m[39m[ChatContext] Cleaning up subscriptions
[90mstdout[2m | src/components/Editor3/plugins/QuizPlugin.stories.jsx[2m > [22m[2mRead Only With Quiz
[22m[39m[Mock Data] Unit.onUpdate() subscription removed. Remaining: 0
[90mstdout[2m | src/components/Editor3/plugins/QuizPlugin.stories.jsx[2m > [22m[2mRead Only With Quiz
[22m[39m[Preview] Skipped initializing default mock data (initializeMockData=false)
[90mstdout[2m | src/components/Editor3/plugins/QuizPlugin.stories.jsx[2m > [22m[2mRead Only With Quiz
[22m[39m[Mock Data] seedMockUnit: Adding unit quiz-plugin-story-unit
[90mstdout[2m | src/components/Editor3/plugins/QuizPlugin.stories.jsx[2m > [22m[2mRead Only With Quiz
[22m[39m[MOCK CourseVectorStore] Initialized with mock data
[90mstdout[2m | src/components/Editor3/plugins/QuizPlugin.stories.jsx[2m > [22m[2mRead Only With Quiz
[22m[39m[TranslationModeController] Setting mode to: off
[90mstdout[2m | src/components/Editor3/plugins/QuizPlugin.stories.jsx[2m > [22m[2mRead Only With Quiz
[22m[39m[UnitContext] useEffect triggered {
  "authLoading": false,
  "hasUser": true,
  "id": "quiz-plugin-story-unit",
  "userSub": "mock-user-sub",
}
[90mstdout[2m | src/components/Editor3/plugins/QuizPlugin.stories.jsx[2m > [22m[2mRead Only With Quiz
[22m[39m[UnitContext] Fetching unit data for id: quiz-plugin-story-unit
[90mstdout[2m | src/components/Editor3/plugins/QuizPlugin.stories.jsx[2m > [22m[2mRead Only With Quiz
[22m[39m[FilesContext] Initializing vector store from IndexedDB
[90mstdout[2m | src/components/Editor3/plugins/QuizPlugin.stories.jsx[2m > [22m[2mRead Only With Quiz
[22m[39m[FilesContext] fetchFiles called
[90mstdout[2m | src/components/Editor3/plugins/QuizPlugin.stories.jsx[2m > [22m[2mRead Only With Quiz
[22m[39m[FilesContext] User authenticated: mock-user-sub
[90mstdout[2m | src/components/Editor3/plugins/QuizPlugin.stories.jsx[2m > [22m[2mRead Only With Quiz
[22m[39m[FilesContext] Identity ID: us-east-1:mock-identity-123
[90mstdout[2m | src/components/Editor3/plugins/QuizPlugin.stories.jsx[2m > [22m[2mRead Only With Quiz
[22m[39m[FilesContext] About to set up File observeQuery
[90mstdout[2m | src/components/Editor3/plugins/QuizPlugin.stories.jsx[2m > [22m[2mRead Only With Quiz
[22m[39m[ChatContext] Setting up AssistantChat observeQuery
[90mstdout[2m | src/components/Editor3/plugins/QuizPlugin.stories.jsx[2m > [22m[2mRead Only With Quiz
[22m[39m[ChatContext] Waiting for subscription to initialize
[90mstdout[2m | src/components/Editor3/plugins/QuizPlugin.stories.jsx[2m > [22m[2mRead Only With Quiz
[22m[39m[SettingsContext] Setting up Settings subscription for user: mock-user-sub
[90mstdout[2m | src/components/Editor3/plugins/QuizPlugin.stories.jsx[2m > [22m[2mRead Only With Quiz
[22m[39mQuestionBlockRo.grade {}
[90mstdout[2m | src/components/Editor3/plugins/QuizPlugin.stories.jsx[2m > [22m[2mRead Only With Quiz
[22m[39m......!q {
  "answer": "Paris",
  "correct": true,
  "id": "q1",
  "question": "What is the capital of France?",
}
[90mstdout[2m | src/components/Editor3/plugins/QuizPlugin.stories.jsx[2m > [22m[2mRead Only With Quiz
[22m[39m......!q {
  "answer": "London",
  "correct": false,
  "id": "q2",
  "question": "What is the capital of France?",
}
[90mstdout[2m | src/components/Editor3/plugins/QuizPlugin.stories.jsx[2m > [22m[2mRead Only With Quiz
[22m[39m......!q {
  "answer": "Berlin",
  "correct": false,
  "id": "q3",
  "question": "What is the capital of France?",
}
[90mstdout[2m | src/components/Editor3/plugins/QuizPlugin.stories.jsx[2m > [22m[2mRead Only With Quiz
[22m[39m......!q {
  "answer": "Madrid",
  "correct": false,
  "id": "q4",
  "question": "What is the capital of France?",
}
[90mstdout[2m | src/components/Editor3/plugins/QuizPlugin.stories.jsx[2m > [22m[2mRead Only With Quiz
[22m[39mQuestionBlock.nodeKey 11 type: string
[90mstdout[2m | src/components/Editor3/plugins/QuizPlugin.stories.jsx[2m > [22m[2mRead Only With Quiz
[22m[39mQuestionBlock.questionContent [
  {
    "answer": "Paris",
    "correct": true,
    "id": "q1",
    "question": "What is the capital of France?",
  },
  {
    "answer": "London",
    "correct": false,
    "id": "q2",
    "question": "What is the capital of France?",
  },
  {
    "answer": "Berlin",
    "correct": false,
    "id": "q3",
    "question": "What is the capital of France?",
  },
  {
    "answer": "Madrid",
    "correct": false,
    "id": "q4",
    "question": "What is the capital of France?",
  },
]
[90mstdout[2m | src/components/Editor3/plugins/QuizPlugin.stories.jsx[2m > [22m[2mRead Only With Quiz
[22m[39mQuestionBlock.grade.data keys: []
[90mstdout[2m | src/components/Editor3/plugins/QuizPlugin.stories.jsx[2m > [22m[2mRead Only With Quiz
[22m[39mQuestionBlock.grade.data[nodeKey]: undefined
[90mstdout[2m | src/components/Editor3/plugins/QuizPlugin.stories.jsx[2m > [22m[2mRead Only With Quiz
[22m[39mQuestionBlockRo.inProgress {}
[90mstdout[2m | src/components/Editor3/plugins/QuizPlugin.stories.jsx[2m > [22m[2mRead Only With Quiz
[22m[39m[Mock Data] Settings created: mock-settings-1790416765430 - notified 0 subscribers
[90mstdout[2m | src/components/Editor3/plugins/QuizPlugin.stories.jsx[2m > [22m[2mRead Only With Quiz
[22m[39m[Mock Data] Unit.onUpdate() subscription added. Total: 1
[90mstdout[2m | src/components/Editor3/plugins/QuizPlugin.stories.jsx[2m > [22m[2mRead Only With Quiz
[22m[39mQuestionBlockRo.grade {}
[90mstdout[2m | src/components/Editor3/plugins/QuizPlugin.stories.jsx[2m > [22m[2mRead Only With Quiz
[22m[39m......!q {
  "answer": "Paris",
  "correct": true,
  "id": "q1",
  "question": "What is the capital of France?",
}
[90mstdout[2m | src/components/Editor3/plugins/QuizPlugin.stories.jsx[2m > [22m[2mRead Only With Quiz
[22m[39m......!q {
  "answer": "London",
  "correct": false,
  "id": "q2",
  "question": "What is the capital of France?",
}
[90mstdout[2m | src/components/Editor3/plugins/QuizPlugin.stories.jsx[2m > [22m[2mRead Only With Quiz
[22m[39m......!q {
  "answer": "Berlin",
  "correct": false,
  "id": "q3",
  "question": "What is the capital of France?",
}
[90mstdout[2m | src/components/Editor3/plugins/QuizPlugin.stories.jsx[2m > [22m[2mRead Only With Quiz
[22m[39m......!q {
  "answer": "Madrid",
  "correct": false,
  "id": "q4",
  "question": "What is the capital of France?",
}
[90mstdout[2m | src/components/Editor3/plugins/QuizPlugin.stories.jsx[2m > [22m[2mRead Only With Quiz
[22m[39mQuestionBlock.nodeKey 11 type: string
[90mstdout[2m | src/components/Editor3/plugins/QuizPlugin.stories.jsx[2m > [22m[2mRead Only With Quiz
[22m[39mQuestionBlock.questionContent [
  {
    "answer": "Paris",
    "correct": true,
    "id": "q1",
    "question": "What is the capital of France?",
  },
  {
    "answer": "London",
    "correct": false,
    "id": "q2",
    "question": "What is the capital of France?",
  },
  {
    "answer": "Berlin",
    "correct": false,
    "id": "q3",
    "question": "What is the capital of France?",
  },
  {
    "answer": "Madrid",
    "correct": false,
    "id": "q4",
    "question": "What is the capital of France?",
  },
]
[90mstdout[2m | src/components/Editor3/plugins/QuizPlugin.stories.jsx[2m > [22m[2mRead Only With Quiz
[22m[39mQuestionBlock.grade.data keys: []
[90mstdout[2m | src/components/Editor3/plugins/QuizPlugin.stories.jsx[2m > [22m[2mRead Only With Quiz
[22m[39mQuestionBlock.grade.data[nodeKey]: undefined
[90mstdout[2m | src/components/Editor3/plugins/QuizPlugin.stories.jsx[2m > [22m[2mRead Only With Quiz
[22m[39mQuestionBlockRo.inProgress {}
[90mstdout[2m | src/components/Editor3/plugins/QuizPlugin.stories.jsx[2m > [22m[2mRead Only With Quiz
[22m[39m[SectionContext] Section observeQuery update: 0
[90mstdout[2m | src/components/Editor3/plugins/QuizPlugin.stories.jsx[2m > [22m[2mRead Only With Quiz
[22m[39m[FilesContext] File observeQuery update: 0 files
[90mstdout[2m | src/components/Editor3/plugins/QuizPlugin.stories.jsx[2m > [22m[2mRead Only With Quiz
[22m[39m[ChatContext] AssistantChat initialized with 0 chats
[90mstdout[2m | src/components/Editor3/plugins/QuizPlugin.stories.jsx[2m > [22m[2mRead Only With Quiz
[22m[39m[MOCK CourseVectorStore] Initialized with mock data
[90mstdout[2m | src/components/Editor3/plugins/QuizPlugin.stories.jsx[2m > [22m[2mRead Only With Quiz
[22m[39mQuestionBlockRo.grade undefined
[90mstdout[2m | src/components/Editor3/plugins/QuizPlugin.stories.jsx[2m > [22m[2mRead Only With Quiz
[22m[39m......!q {
  "answer": "Paris",
  "correct": true,
  "id": "q1",
  "question": "What is the capital of France?",
}
[90mstdout[2m | src/components/Editor3/plugins/QuizPlugin.stories.jsx[2m > [22m[2mRead Only With Quiz
[22m[39m......!q {
  "answer": "London",
  "correct": false,
  "id": "q2",
  "question": "What is the capital of France?",
}
[90mstdout[2m | src/components/Editor3/plugins/QuizPlugin.stories.jsx[2m > [22m[2mRead Only With Quiz
[22m[39m......!q {
  "answer": "Berlin",
  "correct": false,
  "id": "q3",
  "question": "What is the capital of France?",
}
[90mstdout[2m | src/components/Editor3/plugins/QuizPlugin.stories.jsx[2m > [22m[2mRead Only With Quiz
[22m[39m......!q {
  "answer": "Madrid",
  "correct": false,
  "id": "q4",
  "question": "What is the capital of France?",
}
[90mstdout[2m | src/components/Editor3/plugins/QuizPlugin.stories.jsx[2m > [22m[2mRead Only With Quiz
[22m[39mQuestionBlock.nodeKey 11 type: string
[90mstdout[2m | src/components/Editor3/plugins/QuizPlugin.stories.jsx[2m > [22m[2mRead Only With Quiz
[22m[39mQuestionBlock.questionContent [
  {
    "answer": "Paris",
    "correct": true,
    "id": "q1",
    "question": "What is the capital of France?",
  },
  {
    "answer": "London",
    "correct": false,
    "id": "q2",
    "question": "What is the capital of France?",
  },
  {
    "answer": "Berlin",
    "correct": false,
    "id": "q3",
    "question": "What is the capital of France?",
  },
  {
    "answer": "Madrid",
    "correct": false,
    "id": "q4",
    "question": "What is the capital of France?",
  },
]
[90mstdout[2m | src/components/Editor3/plugins/QuizPlugin.stories.jsx[2m > [22m[2mRead Only With Quiz
[22m[39mQuestionBlock.grade.data keys: []
[90mstdout[2m | src/components/Editor3/plugins/QuizPlugin.stories.jsx[2m > [22m[2mRead Only With Quiz
[22m[39mQuestionBlock.grade.data[nodeKey]: undefined
[90mstdout[2m | src/components/Editor3/plugins/QuizPlugin.stories.jsx[2m > [22m[2mRead Only With Quiz
[22m[39mQuestionBlockRo.inProgress {}
[90mstdout[2m | src/components/Editor3/plugins/QuizPlugin.stories.jsx[2m > [22m[2mRead Only With Quiz
[22m[39m[ChatContext] No current chat available, will create one
[90mstdout[2m | src/components/Editor3/plugins/QuizPlugin.stories.jsx[2m > [22m[2mRead Only With Quiz
[22m[39m[ChatContext] Creating AssistantChat with user: undefined
[90mstdout[2m | src/components/Editor3/plugins/QuizPlugin.stories.jsx[2m > [22m[2mRead Only With Quiz
[22m[39m[Mock Data] AssistantChat created: mock-assistantchat-1790416765480 - notified 1 subscribers
[90mstdout[2m | src/components/Editor3/plugins/QuizPlugin.stories.jsx[2m > [22m[2mRead Only With Quiz
[22m[39m[ChatContext] Create result: {
  "data": {
    "_version": 1,
    "archived": false,
    "chatFiles": [Function anonymous],
    "createdAt": "2026-09-26T09:59:25.480Z",
    "id": "mock-assistantchat-1790416765480",
    "model": "gpt-4",
    "updatedAt": "2026-09-26T09:59:25.480Z",
  },
  "errors": [],
  "hasData": true,
  "hasErrors": true,
}
[90mstdout[2m | src/components/Editor3/plugins/QuizPlugin.stories.jsx[2m > [22m[2mRead Only With Quiz
[22m[39m[ChatContext] Created AssistantChat: mock-assistantchat-1790416765480 at: 2026-09-26T09:59:25.480Z
[90mstdout[2m | src/components/Editor3/plugins/QuizPlugin.stories.jsx[2m > [22m[2mRead Only With Quiz
[22m[39m[Mock Storage] downloadData called with: undefined
[90mstdout[2m | src/components/Editor3/plugins/QuizPlugin.stories.jsx[2m > [22m[2mRead Only With Quiz
[22m[39m[ChatContext] Setting initial chat: mock-assistantchat-1790416765480
[90mstdout[2m | src/components/Editor3/plugins/QuizPlugin.stories.jsx[2m > [22m[2mRead Only With Quiz
[22m[39m[ChatContext] Chat exists and not archived, skipping creation
 [32m✓[39m [30m[45m storybook (chromium) [49m[39m src/components/Editor3/plugins/QuizPlugin.stories.jsx [2m([22m[2m3 tests[22m[2m)[22m[33m 619[2mms[22m[39m
[90mstdout[2m | unknown test
[22m[39m[MOCK vectorStoreDB.js] Module loaded - mock IndexedDB operations
[90mstdout[2m | unknown test
[22m[39m[Task Completion] DOM action listeners initialized
[90mstdout[2m | unknown test
[22m[39m[Task Completion] Auto-completion detector initialized
[90mstdout[2m | unknown test
[22m[39m[Preview] Task completion detector initialized
[90mstdout[2m | src/components/Workbook/TutorCursorOverlay.stories.tsx[2m > [22m[2mNo Tutors
[22m[39m[MOCK CourseVectorStore] Initialized with mock data
[90mstdout[2m | src/components/Workbook/TutorCursorOverlay.stories.tsx[2m > [22m[2mNo Tutors
[22m[39m[TranslationModeController] Setting mode to: off
[90mstdout[2m | src/components/Workbook/TutorCursorOverlay.stories.tsx[2m > [22m[2mNo Tutors
[22m[39m[FilesContext] Initializing vector store from IndexedDB
[90mstdout[2m | src/components/Workbook/TutorCursorOverlay.stories.tsx[2m > [22m[2mNo Tutors
[22m[39m[FilesContext] fetchFiles called
[90mstdout[2m | src/components/Workbook/TutorCursorOverlay.stories.tsx[2m > [22m[2mNo Tutors
[22m[39m[FilesContext] User authenticated: mock-user-sub
[90mstdout[2m | src/components/Workbook/TutorCursorOverlay.stories.tsx[2m > [22m[2mNo Tutors
[22m[39m[FilesContext] Identity ID: us-east-1:mock-identity-123
[90mstdout[2m | src/components/Workbook/TutorCursorOverlay.stories.tsx[2m > [22m[2mNo Tutors
[22m[39m[FilesContext] About to set up File observeQuery
[90mstdout[2m | src/components/Workbook/TutorCursorOverlay.stories.tsx[2m > [22m[2mNo Tutors
[22m[39m[ChatContext] Setting up AssistantChat observeQuery
[90mstdout[2m | src/components/Workbook/TutorCursorOverlay.stories.tsx[2m > [22m[2mNo Tutors
[22m[39m[ChatContext] Waiting for subscription to initialize
[90mstdout[2m | src/components/Workbook/TutorCursorOverlay.stories.tsx[2m > [22m[2mNo Tutors
[22m[39m[SettingsContext] Setting up Settings subscription for user: mock-user-sub
[90mstdout[2m | src/components/Workbook/TutorCursorOverlay.stories.tsx[2m > [22m[2mNo Tutors
[22m[39m[Mock Data] Settings created: mock-settings-1790416766153 - notified 0 subscribers
[90mstdout[2m | src/components/Workbook/TutorCursorOverlay.stories.tsx[2m > [22m[2mNo Tutors
[22m[39m[FilesContext] File observeQuery update: 6 files
[90mstdout[2m | src/components/Workbook/TutorCursorOverlay.stories.tsx[2m > [22m[2mNo Tutors
[22m[39m[ChatContext] AssistantChat initialized with 1 chats
[90mstdout[2m | src/components/Workbook/TutorCursorOverlay.stories.tsx[2m > [22m[2mNo Tutors
[22m[39m[ChatContext] Setting initial chat: mock-assistant-chat-1
[90mstdout[2m | src/components/Workbook/TutorCursorOverlay.stories.tsx[2m > [22m[2mNo Tutors
[22m[39m[MOCK CourseVectorStore] Initialized with mock data
[90mstdout[2m | src/components/Workbook/TutorCursorOverlay.stories.tsx[2m > [22m[2mNo Tutors
[22m[39m[FilesContext] Vector store population triggered {
  "currentVectorStoreSize": 3,
  "documentsCount": 0,
  "filesCount": 6,
  "isInitialLoad": true,
}
[90mstdout[2m | src/components/Workbook/TutorCursorOverlay.stories.tsx[2m > [22m[2mNo Tutors
[22m[39m[FilesContext] Vector store population complete - 3 total embeddings
[90mstdout[2m | src/components/Workbook/TutorCursorOverlay.stories.tsx[2m > [22m[2mNo Tutors
[22m[39m[ChatContext] Chat exists and not archived, skipping creation
[90mstdout[2m | src/components/Workbook/TutorCursorOverlay.stories.tsx[2m > [22m[2mNo Tutors
[22m[39m[Mock Storage] downloadData called with: undefined
[90mstdout[2m | src/components/Workbook/TutorCursorOverlay.stories.tsx[2m > [22m[2mDisabled
[22m[39m[ChatContext] Cleaning up subscriptions
[90mstdout[2m | src/components/Workbook/TutorCursorOverlay.stories.tsx[2m > [22m[2mDisabled
[22m[39m[MOCK CourseVectorStore] Initialized with mock data
[90mstdout[2m | src/components/Workbook/TutorCursorOverlay.stories.tsx[2m > [22m[2mDisabled
[22m[39m[TranslationModeController] Setting mode to: off
[90mstdout[2m | src/components/Workbook/TutorCursorOverlay.stories.tsx[2m > [22m[2mDisabled
[22m[39m[FilesContext] Initializing vector store from IndexedDB
[90mstdout[2m | src/components/Workbook/TutorCursorOverlay.stories.tsx[2m > [22m[2mDisabled
[22m[39m[FilesContext] fetchFiles called
[90mstdout[2m | src/components/Workbook/TutorCursorOverlay.stories.tsx[2m > [22m[2mDisabled
[22m[39m[FilesContext] User authenticated: mock-user-sub
[90mstdout[2m | src/components/Workbook/TutorCursorOverlay.stories.tsx[2m > [22m[2mDisabled
[22m[39m[FilesContext] Identity ID: us-east-1:mock-identity-123
[90mstdout[2m | src/components/Workbook/TutorCursorOverlay.stories.tsx[2m > [22m[2mDisabled
[22m[39m[FilesContext] About to set up File observeQuery
[90mstdout[2m | src/components/Workbook/TutorCursorOverlay.stories.tsx[2m > [22m[2mDisabled
[22m[39m[ChatContext] Setting up AssistantChat observeQuery
[90mstdout[2m | src/components/Workbook/TutorCursorOverlay.stories.tsx[2m > [22m[2mDisabled
[22m[39m[ChatContext] Waiting for subscription to initialize
[90mstdout[2m | src/components/Workbook/TutorCursorOverlay.stories.tsx[2m > [22m[2mDisabled
[22m[39m[SettingsContext] Setting up Settings subscription for user: mock-user-sub
[90mstdout[2m | src/components/Workbook/TutorCursorOverlay.stories.tsx[2m > [22m[2mDisabled
[22m[39m[Mock Data] Settings created: mock-settings-1790416766265 - notified 0 subscribers
[90mstdout[2m | src/components/Workbook/TutorCursorOverlay.stories.tsx[2m > [22m[2mDisabled
[22m[39m[FilesContext] File observeQuery update: 6 files
[90mstdout[2m | src/components/Workbook/TutorCursorOverlay.stories.tsx[2m > [22m[2mDisabled
[22m[39m[Mock Storage] downloadData called with: undefined
[90mstdout[2m | src/components/Workbook/TutorCursorOverlay.stories.tsx[2m > [22m[2mDisabled
[22m[39m[ChatContext] AssistantChat initialized with 1 chats
[90mstdout[2m | src/components/Workbook/TutorCursorOverlay.stories.tsx[2m > [22m[2mDisabled
[22m[39m[ChatContext] Setting initial chat: mock-assistant-chat-1
[90mstdout[2m | src/components/Workbook/TutorCursorOverlay.stories.tsx[2m > [22m[2mDisabled
[22m[39m[MOCK CourseVectorStore] Initialized with mock data
[90mstdout[2m | src/components/Workbook/TutorCursorOverlay.stories.tsx[2m > [22m[2mDisabled
[22m[39m[FilesContext] Vector store population triggered {
  "currentVectorStoreSize": 3,
  "documentsCount": 0,
  "filesCount": 6,
  "isInitialLoad": true,
}
[90mstdout[2m | src/components/Workbook/TutorCursorOverlay.stories.tsx[2m > [22m[2mDisabled
[22m[39m[FilesContext] Vector store population complete - 3 total embeddings
[90mstdout[2m | src/components/Workbook/TutorCursorOverlay.stories.tsx[2m > [22m[2mDisabled
[22m[39m[ChatContext] Chat exists and not archived, skipping creation
 [32m✓[39m [30m[45m storybook (chromium) [49m[39m src/components/Workbook/TutorCursorOverlay.stories.tsx [2m([22m[2m2 tests[22m[2m)[22m[32m 191[2mms[22m[39m
[90mstdout[2m | unknown test
[22m[39m[MOCK vectorStoreDB.js] Module loaded - mock IndexedDB operations
[90mstdout[2m | unknown test
[22m[39m[Task Completion] DOM action listeners initialized
[90mstdout[2m | unknown test
[22m[39m[Task Completion] Auto-completion detector initialized
[90mstdout[2m | unknown test
[22m[39m[Preview] Task completion detector initialized
[90mstdout[2m | src/components/Editor3/plugins/WordBlockPlugin.stories.jsx[2m > [22m[2mEditable Empty
[22m[39m[Preview] Skipped initializing default mock data (initializeMockData=false)
[90mstdout[2m | src/components/Editor3/plugins/WordBlockPlugin.stories.jsx[2m > [22m[2mEditable Empty
[22m[39m[Mock Data] seedMockWords: Adding 1 words
[90mstdout[2m | src/components/Editor3/plugins/WordBlockPlugin.stories.jsx[2m > [22m[2mEditable Empty
[22m[39m[Mock Data] seedMockUnit: Adding unit word-block-story-unit
[90mstdout[2m | src/components/Editor3/plugins/WordBlockPlugin.stories.jsx[2m > [22m[2mEditable Empty
[22m[39m[MOCK CourseVectorStore] Initialized with mock data
[90mstdout[2m | src/components/Editor3/plugins/WordBlockPlugin.stories.jsx[2m > [22m[2mEditable Empty
[22m[39m[TranslationModeController] Setting mode to: off
[90mstdout[2m | src/components/Editor3/plugins/WordBlockPlugin.stories.jsx[2m > [22m[2mEditable Empty
[22m[39m[UnitContext] useEffect triggered {
  "authLoading": false,
  "hasUser": true,
  "id": "word-block-story-unit",
  "userSub": "mock-user-sub",
}
[90mstdout[2m | src/components/Editor3/plugins/WordBlockPlugin.stories.jsx[2m > [22m[2mEditable Empty
[22m[39m[UnitContext] Fetching unit data for id: word-block-story-unit
[90mstdout[2m | src/components/Editor3/plugins/WordBlockPlugin.stories.jsx[2m > [22m[2mEditable Empty
[22m[39m[FilesContext] Initializing vector store from IndexedDB
[90mstdout[2m | src/components/Editor3/plugins/WordBlockPlugin.stories.jsx[2m > [22m[2mEditable Empty
[22m[39m[FilesContext] fetchFiles called
[90mstdout[2m | src/components/Editor3/plugins/WordBlockPlugin.stories.jsx[2m > [22m[2mEditable Empty
[22m[39m[FilesContext] User authenticated: mock-user-sub
[90mstdout[2m | src/components/Editor3/plugins/WordBlockPlugin.stories.jsx[2m > [22m[2mEditable Empty
[22m[39m[FilesContext] Identity ID: us-east-1:mock-identity-123
[90mstdout[2m | src/components/Editor3/plugins/WordBlockPlugin.stories.jsx[2m > [22m[2mEditable Empty
[22m[39m[FilesContext] About to set up File observeQuery
[90mstdout[2m | src/components/Editor3/plugins/WordBlockPlugin.stories.jsx[2m > [22m[2mEditable Empty
[22m[39m[ChatContext] Setting up AssistantChat observeQuery
[90mstdout[2m | src/components/Editor3/plugins/WordBlockPlugin.stories.jsx[2m > [22m[2mEditable Empty
[22m[39m[ChatContext] Waiting for subscription to initialize
[90mstdout[2m | src/components/Editor3/plugins/WordBlockPlugin.stories.jsx[2m > [22m[2mEditable Empty
[22m[39m[SettingsContext] Setting up Settings subscription for user: mock-user-sub
[90mstdout[2m | src/components/Editor3/plugins/WordBlockPlugin.stories.jsx[2m > [22m[2mEditable Empty
[22m[39m[Mock Data] Settings created: mock-settings-1790416767863 - notified 0 subscribers
[90mstdout[2m | src/components/Editor3/plugins/WordBlockPlugin.stories.jsx[2m > [22m[2mEditable Empty
[22m[39m[Mock Data] Unit.onUpdate() subscription added. Total: 1
[90mstdout[2m | src/components/Editor3/plugins/WordBlockPlugin.stories.jsx[2m > [22m[2mEditable Empty
[22m[39m[SectionContext] Section observeQuery update: 0
[90mstdout[2m | src/components/Editor3/plugins/WordBlockPlugin.stories.jsx[2m > [22m[2mEditable Empty
[22m[39m[FilesContext] File observeQuery update: 0 files
[90mstdout[2m | src/components/Editor3/plugins/WordBlockPlugin.stories.jsx[2m > [22m[2mEditable Empty
[22m[39m[ChatContext] AssistantChat initialized with 0 chats
[90mstdout[2m | src/components/Editor3/plugins/WordBlockPlugin.stories.jsx[2m > [22m[2mEditable Empty
[22m[39m[MOCK CourseVectorStore] Initialized with mock data
[90mstdout[2m | src/components/Editor3/plugins/WordBlockPlugin.stories.jsx[2m > [22m[2mEditable Empty
[22m[39m[ChatContext] No current chat available, will create one
[90mstdout[2m | src/components/Editor3/plugins/WordBlockPlugin.stories.jsx[2m > [22m[2mEditable Empty
[22m[39m[ChatContext] Creating AssistantChat with user: undefined
[90mstdout[2m | src/components/Editor3/plugins/WordBlockPlugin.stories.jsx[2m > [22m[2mEditable Empty
[22m[39m[Mock Data] AssistantChat created: mock-assistantchat-1790416767874 - notified 1 subscribers
[90mstdout[2m | src/components/Editor3/plugins/WordBlockPlugin.stories.jsx[2m > [22m[2mEditable Empty
[22m[39m[ChatContext] Create result: {
  "data": {
    "_version": 1,
    "archived": false,
    "chatFiles": [Function anonymous],
    "createdAt": "2026-09-26T09:59:27.874Z",
    "id": "mock-assistantchat-1790416767874",
    "model": "gpt-4",
    "updatedAt": "2026-09-26T09:59:27.874Z",
  },
  "errors": [],
  "hasData": true,
  "hasErrors": true,
}
[90mstdout[2m | src/components/Editor3/plugins/WordBlockPlugin.stories.jsx[2m > [22m[2mEditable Empty
[22m[39m[ChatContext] Created AssistantChat: mock-assistantchat-1790416767874 at: 2026-09-26T09:59:27.874Z
[90mstdout[2m | src/components/Editor3/plugins/WordBlockPlugin.stories.jsx[2m > [22m[2mEditable Empty
[22m[39m[Mock Storage] downloadData called with: undefined
[90mstdout[2m | src/components/Editor3/plugins/WordBlockPlugin.stories.jsx[2m > [22m[2mEditable Empty
[22m[39m[ChatContext] Setting initial chat: mock-assistantchat-1790416767874
[90mstdout[2m | src/components/Editor3/plugins/WordBlockPlugin.stories.jsx[2m > [22m[2mEditable Empty
[22m[39m[ChatContext] Chat exists and not archived, skipping creation
[90mstdout[2m | src/components/Editor3/plugins/WordBlockPlugin.stories.jsx[2m > [22m[2mEditable With Word Block
[22m[39m[ChatContext] Cleaning up subscriptions
[90mstdout[2m | src/components/Editor3/plugins/WordBlockPlugin.stories.jsx[2m > [22m[2mEditable With Word Block
[22m[39m[Mock Data] Unit.onUpdate() subscription removed. Remaining: 0
[90mstdout[2m | src/components/Editor3/plugins/WordBlockPlugin.stories.jsx[2m > [22m[2mEditable With Word Block
[22m[39m[Preview] Skipped initializing default mock data (initializeMockData=false)
[90mstdout[2m | src/components/Editor3/plugins/WordBlockPlugin.stories.jsx[2m > [22m[2mEditable With Word Block
[22m[39m[Mock Data] seedMockWords: Adding 1 words
[90mstdout[2m | src/components/Editor3/plugins/WordBlockPlugin.stories.jsx[2m > [22m[2mEditable With Word Block
[22m[39m[Mock Data] seedMockUnit: Adding unit word-block-story-unit
[90mstdout[2m | src/components/Editor3/plugins/WordBlockPlugin.stories.jsx[2m > [22m[2mEditable With Word Block
[22m[39m[MOCK CourseVectorStore] Initialized with mock data
[90mstdout[2m | src/components/Editor3/plugins/WordBlockPlugin.stories.jsx[2m > [22m[2mEditable With Word Block
[22m[39m[TranslationModeController] Setting mode to: off
[90mstdout[2m | src/components/Editor3/plugins/WordBlockPlugin.stories.jsx[2m > [22m[2mEditable With Word Block
[22m[39m[UnitContext] useEffect triggered {
  "authLoading": false,
  "hasUser": true,
  "id": "word-block-story-unit",
  "userSub": "mock-user-sub",
}
[90mstdout[2m | src/components/Editor3/plugins/WordBlockPlugin.stories.jsx[2m > [22m[2mEditable With Word Block
[22m[39m[UnitContext] Fetching unit data for id: word-block-story-unit
[90mstdout[2m | src/components/Editor3/plugins/WordBlockPlugin.stories.jsx[2m > [22m[2mEditable With Word Block
[22m[39m[FilesContext] Initializing vector store from IndexedDB
[90mstdout[2m | src/components/Editor3/plugins/WordBlockPlugin.stories.jsx[2m > [22m[2mEditable With Word Block
[22m[39m[FilesContext] fetchFiles called
[90mstdout[2m | src/components/Editor3/plugins/WordBlockPlugin.stories.jsx[2m > [22m[2mEditable With Word Block
[22m[39m[FilesContext] User authenticated: mock-user-sub
[90mstdout[2m | src/components/Editor3/plugins/WordBlockPlugin.stories.jsx[2m > [22m[2mEditable With Word Block
[22m[39m[FilesContext] Identity ID: us-east-1:mock-identity-123
[90mstdout[2m | src/components/Editor3/plugins/WordBlockPlugin.stories.jsx[2m > [22m[2mEditable With Word Block
[22m[39m[FilesContext] About to set up File observeQuery
[90mstdout[2m | src/components/Editor3/plugins/WordBlockPlugin.stories.jsx[2m > [22m[2mEditable With Word Block
[22m[39m[ChatContext] Setting up AssistantChat observeQuery
[90mstdout[2m | src/components/Editor3/plugins/WordBlockPlugin.stories.jsx[2m > [22m[2mEditable With Word Block
[22m[39m[ChatContext] Waiting for subscription to initialize
[90mstdout[2m | src/components/Editor3/plugins/WordBlockPlugin.stories.jsx[2m > [22m[2mEditable With Word Block
[22m[39m[SettingsContext] Setting up Settings subscription for user: mock-user-sub
[90mstdout[2m | src/components/Editor3/plugins/WordBlockPlugin.stories.jsx[2m > [22m[2mEditable With Word Block
[22m[39m[Mock Data] Settings created: mock-settings-1790416768041 - notified 0 subscribers
[90mstdout[2m | src/components/Editor3/plugins/WordBlockPlugin.stories.jsx[2m > [22m[2mEditable With Word Block
[22m[39m[Mock Data] Unit.onUpdate() subscription added. Total: 1
[90mstdout[2m | src/components/Editor3/plugins/WordBlockPlugin.stories.jsx[2m > [22m[2mEditable With Word Block
[22m[39m[SectionContext] Section observeQuery update: 0
[90mstdout[2m | src/components/Editor3/plugins/WordBlockPlugin.stories.jsx[2m > [22m[2mEditable With Word Block
[22m[39m[FilesContext] File observeQuery update: 0 files
[90mstdout[2m | src/components/Editor3/plugins/WordBlockPlugin.stories.jsx[2m > [22m[2mEditable With Word Block
[22m[39m[ChatContext] AssistantChat initialized with 0 chats
[90mstdout[2m | src/components/Editor3/plugins/WordBlockPlugin.stories.jsx[2m > [22m[2mEditable With Word Block
[22m[39m[Mock Storage] downloadData called with: undefined
[90mstdout[2m | src/components/Editor3/plugins/WordBlockPlugin.stories.jsx[2m > [22m[2mEditable With Word Block
[22m[39m[MOCK CourseVectorStore] Initialized with mock data
[90mstdout[2m | src/components/Editor3/plugins/WordBlockPlugin.stories.jsx[2m > [22m[2mEditable With Word Block
[22m[39m[ChatContext] No current chat available, will create one
[90mstdout[2m | src/components/Editor3/plugins/WordBlockPlugin.stories.jsx[2m > [22m[2mEditable With Word Block
[22m[39m[ChatContext] Creating AssistantChat with user: undefined
[90mstdout[2m | src/components/Editor3/plugins/WordBlockPlugin.stories.jsx[2m > [22m[2mEditable With Word Block
[22m[39m[Mock Data] AssistantChat created: mock-assistantchat-1790416768063 - notified 1 subscribers
[90mstdout[2m | src/components/Editor3/plugins/WordBlockPlugin.stories.jsx[2m > [22m[2mEditable With Word Block
[22m[39m[ChatContext] Create result: {
  "data": {
    "_version": 1,
    "archived": false,
    "chatFiles": [Function anonymous],
    "createdAt": "2026-09-26T09:59:28.063Z",
    "id": "mock-assistantchat-1790416768063",
    "model": "gpt-4",
    "updatedAt": "2026-09-26T09:59:28.063Z",
  },
  "errors": [],
  "hasData": true,
  "hasErrors": true,
}
[90mstdout[2m | src/components/Editor3/plugins/WordBlockPlugin.stories.jsx[2m > [22m[2mEditable With Word Block
[22m[39m[ChatContext] Created AssistantChat: mock-assistantchat-1790416768063 at: 2026-09-26T09:59:28.063Z
[90mstdout[2m | src/components/Editor3/plugins/WordBlockPlugin.stories.jsx[2m > [22m[2mEditable With Word Block
[22m[39m[ChatContext] Setting initial chat: mock-assistantchat-1790416768063
[90mstdout[2m | src/components/Editor3/plugins/WordBlockPlugin.stories.jsx[2m > [22m[2mEditable With Word Block
[22m[39m[ChatContext] Chat exists and not archived, skipping creation
[90mstdout[2m | src/components/Editor3/plugins/WordBlockPlugin.stories.jsx[2m > [22m[2mRead Only With Word Block
[22m[39m[ChatContext] Cleaning up subscriptions
[90mstdout[2m | src/components/Editor3/plugins/WordBlockPlugin.stories.jsx[2m > [22m[2mRead Only With Word Block
[22m[39m[Mock Data] Unit.onUpdate() subscription removed. Remaining: 0
[90mstdout[2m | src/components/Editor3/plugins/WordBlockPlugin.stories.jsx[2m > [22m[2mRead Only With Word Block
[22m[39m[Preview] Skipped initializing default mock data (initializeMockData=false)
[90mstdout[2m | src/components/Editor3/plugins/WordBlockPlugin.stories.jsx[2m > [22m[2mRead Only With Word Block
[22m[39m[Mock Data] seedMockWords: Adding 1 words
[90mstdout[2m | src/components/Editor3/plugins/WordBlockPlugin.stories.jsx[2m > [22m[2mRead Only With Word Block
[22m[39m[Mock Data] seedMockUnit: Adding unit word-block-story-unit
[90mstdout[2m | src/components/Editor3/plugins/WordBlockPlugin.stories.jsx[2m > [22m[2mRead Only With Word Block
[22m[39m[MOCK CourseVectorStore] Initialized with mock data
[90mstdout[2m | src/components/Editor3/plugins/WordBlockPlugin.stories.jsx[2m > [22m[2mRead Only With Word Block
[22m[39m[TranslationModeController] Setting mode to: off
[90mstdout[2m | src/components/Editor3/plugins/WordBlockPlugin.stories.jsx[2m > [22m[2mRead Only With Word Block
[22m[39m[UnitContext] useEffect triggered {
  "authLoading": false,
  "hasUser": true,
  "id": "word-block-story-unit",
  "userSub": "mock-user-sub",
}
[90mstdout[2m | src/components/Editor3/plugins/WordBlockPlugin.stories.jsx[2m > [22m[2mRead Only With Word Block
[22m[39m[UnitContext] Fetching unit data for id: word-block-story-unit
[90mstdout[2m | src/components/Editor3/plugins/WordBlockPlugin.stories.jsx[2m > [22m[2mRead Only With Word Block
[22m[39m[FilesContext] Initializing vector store from IndexedDB
[90mstdout[2m | src/components/Editor3/plugins/WordBlockPlugin.stories.jsx[2m > [22m[2mRead Only With Word Block
[22m[39m[FilesContext] fetchFiles called
[90mstdout[2m | src/components/Editor3/plugins/WordBlockPlugin.stories.jsx[2m > [22m[2mRead Only With Word Block
[22m[39m[FilesContext] User authenticated: mock-user-sub
[90mstdout[2m | src/components/Editor3/plugins/WordBlockPlugin.stories.jsx[2m > [22m[2mRead Only With Word Block
[22m[39m[FilesContext] Identity ID: us-east-1:mock-identity-123
[90mstdout[2m | src/components/Editor3/plugins/WordBlockPlugin.stories.jsx[2m > [22m[2mRead Only With Word Block
[22m[39m[FilesContext] About to set up File observeQuery
[90mstdout[2m | src/components/Editor3/plugins/WordBlockPlugin.stories.jsx[2m > [22m[2mRead Only With Word Block
[22m[39m[ChatContext] Setting up AssistantChat observeQuery
[90mstdout[2m | src/components/Editor3/plugins/WordBlockPlugin.stories.jsx[2m > [22m[2mRead Only With Word Block
[22m[39m[ChatContext] Waiting for subscription to initialize
[90mstdout[2m | src/components/Editor3/plugins/WordBlockPlugin.stories.jsx[2m > [22m[2mRead Only With Word Block
[22m[39m[SettingsContext] Setting up Settings subscription for user: mock-user-sub
[90mstdout[2m | src/components/Editor3/plugins/WordBlockPlugin.stories.jsx[2m > [22m[2mRead Only With Word Block
[22m[39m[Mock Data] Settings created: mock-settings-1790416768203 - notified 0 subscribers
[90mstdout[2m | src/components/Editor3/plugins/WordBlockPlugin.stories.jsx[2m > [22m[2mRead Only With Word Block
[22m[39m[Mock Data] Unit.onUpdate() subscription added. Total: 1
[90mstdout[2m | src/components/Editor3/plugins/WordBlockPlugin.stories.jsx[2m > [22m[2mRead Only With Word Block
[22m[39m[SectionContext] Section observeQuery update: 0
[90mstdout[2m | src/components/Editor3/plugins/WordBlockPlugin.stories.jsx[2m > [22m[2mRead Only With Word Block
[22m[39m[FilesContext] File observeQuery update: 0 files
[90mstdout[2m | src/components/Editor3/plugins/WordBlockPlugin.stories.jsx[2m > [22m[2mRead Only With Word Block
[22m[39m[ChatContext] AssistantChat initialized with 0 chats
[90mstdout[2m | src/components/Editor3/plugins/WordBlockPlugin.stories.jsx[2m > [22m[2mRead Only With Word Block
[22m[39m[MOCK CourseVectorStore] Initialized with mock data
[90mstdout[2m | src/components/Editor3/plugins/WordBlockPlugin.stories.jsx[2m > [22m[2mRead Only With Word Block
[22m[39m[ChatContext] No current chat available, will create one
[90mstdout[2m | src/components/Editor3/plugins/WordBlockPlugin.stories.jsx[2m > [22m[2mRead Only With Word Block
[22m[39m[ChatContext] Creating AssistantChat with user: undefined
[90mstdout[2m | src/components/Editor3/plugins/WordBlockPlugin.stories.jsx[2m > [22m[2mRead Only With Word Block
[22m[39m[Mock Data] AssistantChat created: mock-assistantchat-1790416768218 - notified 1 subscribers
[90mstdout[2m | src/components/Editor3/plugins/WordBlockPlugin.stories.jsx[2m > [22m[2mRead Only With Word Block
[22m[39m[ChatContext] Create result: {
  "data": {
    "_version": 1,
    "archived": false,
    "chatFiles": [Function anonymous],
    "createdAt": "2026-09-26T09:59:28.218Z",
    "id": "mock-assistantchat-1790416768218",
    "model": "gpt-4",
    "updatedAt": "2026-09-26T09:59:28.218Z",
  },
  "errors": [],
  "hasData": true,
  "hasErrors": true,
}
[90mstdout[2m | src/components/Editor3/plugins/WordBlockPlugin.stories.jsx[2m > [22m[2mRead Only With Word Block
[22m[39m[ChatContext] Created AssistantChat: mock-assistantchat-1790416768218 at: 2026-09-26T09:59:28.218Z
[90mstdout[2m | src/components/Editor3/plugins/WordBlockPlugin.stories.jsx[2m > [22m[2mRead Only With Word Block
[22m[39m[Mock Storage] downloadData called with: undefined
[90mstdout[2m | src/components/Editor3/plugins/WordBlockPlugin.stories.jsx[2m > [22m[2mRead Only With Word Block
[22m[39m[ChatContext] Setting initial chat: mock-assistantchat-1790416768218
[90mstdout[2m | src/components/Editor3/plugins/WordBlockPlugin.stories.jsx[2m > [22m[2mRead Only With Word Block
[22m[39m[ChatContext] Chat exists and not archived, skipping creation
 [32m✓[39m [30m[45m storybook (chromium) [49m[39m src/components/Editor3/plugins/WordBlockPlugin.stories.jsx [2m([22m[2m3 tests[22m[2m)[22m[33m 491[2mms[22m[39m
[90mstdout[2m | unknown test
[22m[39m[MOCK vectorStoreDB.js] Module loaded - mock IndexedDB operations
[90mstdout[2m | unknown test
[22m[39m[Task Completion] DOM action listeners initialized
[90mstdout[2m | unknown test
[22m[39m[Task Completion] Auto-completion detector initialized
[90mstdout[2m | unknown test
[22m[39m[Preview] Task completion detector initialized
[90mstdout[2m | src/components/Section/BulkDueDateDialog.stories.jsx[2m > [22m[2mDefault
[22m[39m[MOCK CourseVectorStore] Initialized with mock data
[90mstdout[2m | src/components/Section/BulkDueDateDialog.stories.jsx[2m > [22m[2mDefault
[22m[39m[Mock Data] seedMockAssignments: Adding 3 assignments
[90mstdout[2m | src/components/Section/BulkDueDateDialog.stories.jsx[2m > [22m[2mDefault
[22m[39m[Mock Data] Total assignments in store: 3
[90mstdout[2m | src/components/Section/BulkDueDateDialog.stories.jsx[2m > [22m[2mDefault
[22m[39m[TranslationModeController] Setting mode to: off
[90mstdout[2m | src/components/Section/BulkDueDateDialog.stories.jsx[2m > [22m[2mDefault
[22m[39m[UnitContext] useEffect triggered {
  "authLoading": false,
  "hasUser": true,
  "id": "mock-unit-id",
  "userSub": "mock-user-sub",
}
[90mstdout[2m | src/components/Section/BulkDueDateDialog.stories.jsx[2m > [22m[2mDefault
[22m[39m[UnitContext] Fetching unit data for id: mock-unit-id
[90mstdout[2m | src/components/Section/BulkDueDateDialog.stories.jsx[2m > [22m[2mDefault
[22m[39m[FilesContext] Initializing vector store from IndexedDB
[90mstdout[2m | src/components/Section/BulkDueDateDialog.stories.jsx[2m > [22m[2mDefault
[22m[39m[FilesContext] fetchFiles called
[90mstdout[2m | src/components/Section/BulkDueDateDialog.stories.jsx[2m > [22m[2mDefault
[22m[39m[FilesContext] User authenticated: mock-user-sub
[90mstdout[2m | src/components/Section/BulkDueDateDialog.stories.jsx[2m > [22m[2mDefault
[22m[39m[FilesContext] Identity ID: us-east-1:mock-identity-123
[90mstdout[2m | src/components/Section/BulkDueDateDialog.stories.jsx[2m > [22m[2mDefault
[22m[39m[FilesContext] About to set up File observeQuery
[90mstdout[2m | src/components/Section/BulkDueDateDialog.stories.jsx[2m > [22m[2mDefault
[22m[39m[ChatContext] Setting up AssistantChat observeQuery
[90mstdout[2m | src/components/Section/BulkDueDateDialog.stories.jsx[2m > [22m[2mDefault
[22m[39m[ChatContext] Waiting for subscription to initialize
[90mstdout[2m | src/components/Section/BulkDueDateDialog.stories.jsx[2m > [22m[2mDefault
[22m[39m[SettingsContext] Setting up Settings subscription for user: mock-user-sub
[90mstdout[2m | src/components/Section/BulkDueDateDialog.stories.jsx[2m > [22m[2mDefault
[22m[39m[Mock Data] Settings created: mock-settings-1790416769543 - notified 0 subscribers
[90mstdout[2m | src/components/Section/BulkDueDateDialog.stories.jsx[2m > [22m[2mDefault
[22m[39m[Mock Data] Unit.onUpdate() subscription added. Total: 1
[90mstdout[2m | src/components/Section/BulkDueDateDialog.stories.jsx[2m > [22m[2mDefault
[22m[39m[SectionContext] Section observeQuery update: 0
[90mstdout[2m | src/components/Section/BulkDueDateDialog.stories.jsx[2m > [22m[2mDefault
[22m[39m[FilesContext] File observeQuery update: 0 files
[90mstdout[2m | src/components/Section/BulkDueDateDialog.stories.jsx[2m > [22m[2mDefault
[22m[39m[ChatContext] AssistantChat initialized with 0 chats
[90mstdout[2m | src/components/Section/BulkDueDateDialog.stories.jsx[2m > [22m[2mDefault
[22m[39m[MOCK CourseVectorStore] Initialized with mock data
[90mstdout[2m | src/components/Section/BulkDueDateDialog.stories.jsx[2m > [22m[2mDefault
[22m[39m[ChatContext] No current chat available, will create one
[90mstdout[2m | src/components/Section/BulkDueDateDialog.stories.jsx[2m > [22m[2mDefault
[22m[39m[ChatContext] Creating AssistantChat with user: undefined
[90mstdout[2m | src/components/Section/BulkDueDateDialog.stories.jsx[2m > [22m[2mDefault
[22m[39m[Mock Data] AssistantChat created: mock-assistantchat-1790416769562 - notified 1 subscribers
[90mstdout[2m | src/components/Section/BulkDueDateDialog.stories.jsx[2m > [22m[2mDefault
[22m[39m[ChatContext] Create result: {
  "data": {
    "_version": 1,
    "archived": false,
    "chatFiles": [Function anonymous],
    "createdAt": "2026-09-26T09:59:29.562Z",
    "id": "mock-assistantchat-1790416769562",
    "model": "gpt-4",
    "updatedAt": "2026-09-26T09:59:29.562Z",
  },
  "errors": [],
  "hasData": true,
  "hasErrors": true,
}
[90mstdout[2m | src/components/Section/BulkDueDateDialog.stories.jsx[2m > [22m[2mDefault
[22m[39m[ChatContext] Created AssistantChat: mock-assistantchat-1790416769562 at: 2026-09-26T09:59:29.562Z
[90mstdout[2m | src/components/Section/BulkDueDateDialog.stories.jsx[2m > [22m[2mDefault
[22m[39m[Mock Storage] downloadData called with: undefined
[90mstdout[2m | src/components/Section/BulkDueDateDialog.stories.jsx[2m > [22m[2mDefault
[22m[39m[ChatContext] Setting initial chat: mock-assistantchat-1790416769562
[90mstdout[2m | src/components/Section/BulkDueDateDialog.stories.jsx[2m > [22m[2mDefault
[22m[39m[ChatContext] Chat exists and not archived, skipping creation
[90mstdout[2m | src/components/Section/BulkDueDateDialog.stories.jsx[2m > [22m[2mNo Assignments
[22m[39m[ChatContext] Cleaning up subscriptions
[90mstdout[2m | src/components/Section/BulkDueDateDialog.stories.jsx[2m > [22m[2mNo Assignments
[22m[39m[Mock Data] Unit.onUpdate() subscription removed. Remaining: 0
[90mstdout[2m | src/components/Section/BulkDueDateDialog.stories.jsx[2m > [22m[2mNo Assignments
[22m[39m[MOCK CourseVectorStore] Initialized with mock data
[90mstdout[2m | src/components/Section/BulkDueDateDialog.stories.jsx[2m > [22m[2mNo Assignments
[22m[39m[Mock Data] seedMockAssignments: Adding 3 assignments
[90mstdout[2m | src/components/Section/BulkDueDateDialog.stories.jsx[2m > [22m[2mNo Assignments
[22m[39m[Mock Data] Total assignments in store: 3
[90mstdout[2m | src/components/Section/BulkDueDateDialog.stories.jsx[2m > [22m[2mNo Assignments
[22m[39m[TranslationModeController] Setting mode to: off
[90mstdout[2m | src/components/Section/BulkDueDateDialog.stories.jsx[2m > [22m[2mNo Assignments
[22m[39m[UnitContext] useEffect triggered {
  "authLoading": false,
  "hasUser": true,
  "id": "mock-unit-id",
  "userSub": "mock-user-sub",
}
[90mstdout[2m | src/components/Section/BulkDueDateDialog.stories.jsx[2m > [22m[2mNo Assignments
[22m[39m[UnitContext] Fetching unit data for id: mock-unit-id
[90mstdout[2m | src/components/Section/BulkDueDateDialog.stories.jsx[2m > [22m[2mNo Assignments
[22m[39m[FilesContext] Initializing vector store from IndexedDB
[90mstdout[2m | src/components/Section/BulkDueDateDialog.stories.jsx[2m > [22m[2mNo Assignments
[22m[39m[FilesContext] fetchFiles called
[90mstdout[2m | src/components/Section/BulkDueDateDialog.stories.jsx[2m > [22m[2mNo Assignments
[22m[39m[FilesContext] User authenticated: mock-user-sub
[90mstdout[2m | src/components/Section/BulkDueDateDialog.stories.jsx[2m > [22m[2mNo Assignments
[22m[39m[FilesContext] Identity ID: us-east-1:mock-identity-123
[90mstdout[2m | src/components/Section/BulkDueDateDialog.stories.jsx[2m > [22m[2mNo Assignments
[22m[39m[FilesContext] About to set up File observeQuery
[90mstdout[2m | src/components/Section/BulkDueDateDialog.stories.jsx[2m > [22m[2mNo Assignments
[22m[39m[ChatContext] Setting up AssistantChat observeQuery
[90mstdout[2m | src/components/Section/BulkDueDateDialog.stories.jsx[2m > [22m[2mNo Assignments
[22m[39m[ChatContext] Waiting for subscription to initialize
[90mstdout[2m | src/components/Section/BulkDueDateDialog.stories.jsx[2m > [22m[2mNo Assignments
[22m[39m[SettingsContext] Setting up Settings subscription for user: mock-user-sub
[90mstdout[2m | src/components/Section/BulkDueDateDialog.stories.jsx[2m > [22m[2mNo Assignments
[22m[39m[Mock Data] Settings created: mock-settings-1790416770002 - notified 0 subscribers
[90mstdout[2m | src/components/Section/BulkDueDateDialog.stories.jsx[2m > [22m[2mNo Assignments
[22m[39m[Mock Data] Unit.onUpdate() subscription added. Total: 1
[90mstdout[2m | src/components/Section/BulkDueDateDialog.stories.jsx[2m > [22m[2mNo Assignments
[22m[39m[SectionContext] Section observeQuery update: 0
[90mstdout[2m | src/components/Section/BulkDueDateDialog.stories.jsx[2m > [22m[2mNo Assignments
[22m[39m[FilesContext] File observeQuery update: 0 files
[90mstdout[2m | src/components/Section/BulkDueDateDialog.stories.jsx[2m > [22m[2mNo Assignments
[22m[39m[ChatContext] AssistantChat initialized with 0 chats
[90mstdout[2m | src/components/Section/BulkDueDateDialog.stories.jsx[2m > [22m[2mNo Assignments
[22m[39m[MOCK CourseVectorStore] Initialized with mock data
[90mstdout[2m | src/components/Section/BulkDueDateDialog.stories.jsx[2m > [22m[2mNo Assignments
[22m[39m[ChatContext] No current chat available, will create one
[90mstdout[2m | src/components/Section/BulkDueDateDialog.stories.jsx[2m > [22m[2mNo Assignments
[22m[39m[ChatContext] Creating AssistantChat with user: undefined
[90mstdout[2m | src/components/Section/BulkDueDateDialog.stories.jsx[2m > [22m[2mNo Assignments
[22m[39m[Mock Data] AssistantChat created: mock-assistantchat-1790416770018 - notified 1 subscribers
[90mstdout[2m | src/components/Section/BulkDueDateDialog.stories.jsx[2m > [22m[2mNo Assignments
[22m[39m[ChatContext] Create result: {
  "data": {
    "_version": 1,
    "archived": false,
    "chatFiles": [Function anonymous],
    "createdAt": "2026-09-26T09:59:30.018Z",
    "id": "mock-assistantchat-1790416770018",
    "model": "gpt-4",
    "updatedAt": "2026-09-26T09:59:30.018Z",
  },
  "errors": [],
  "hasData": true,
  "hasErrors": true,
}
[90mstdout[2m | src/components/Section/BulkDueDateDialog.stories.jsx[2m > [22m[2mNo Assignments
[22m[39m[ChatContext] Created AssistantChat: mock-assistantchat-1790416770018 at: 2026-09-26T09:59:30.018Z
[90mstdout[2m | src/components/Section/BulkDueDateDialog.stories.jsx[2m > [22m[2mNo Assignments
[22m[39m[Mock Storage] downloadData called with: undefined
[90mstdout[2m | src/components/Section/BulkDueDateDialog.stories.jsx[2m > [22m[2mNo Assignments
[22m[39m[ChatContext] Setting initial chat: mock-assistantchat-1790416770018
[90mstdout[2m | src/components/Section/BulkDueDateDialog.stories.jsx[2m > [22m[2mNo Assignments
[22m[39m[ChatContext] Chat exists and not archived, skipping creation
 [32m✓[39m [30m[45m storybook (chromium) [49m[39m src/components/Section/BulkDueDateDialog.stories.jsx [2m([22m[2m2 tests[22m[2m)[22m[33m 840[2mms[22m[39m
   [33m[2m✓[22m[39m Default [33m 557[2mms[22m[39m
[90mstdout[2m | unknown test
[22m[39m[MOCK vectorStoreDB.js] Module loaded - mock IndexedDB operations
[90mstdout[2m | unknown test
[22m[39m[Task Completion] DOM action listeners initialized
[90mstdout[2m | unknown test
[22m[39m[Task Completion] Auto-completion detector initialized
[90mstdout[2m | unknown test
[22m[39m[Preview] Task completion detector initialized
[90mstdout[2m | src/components/PeerReview/RoomInvite.stories.tsx[2m > [22m[2mRoom Invite Standalone
[22m[39m[MOCK CourseVectorStore] Initialized with mock data
[90mstdout[2m | src/components/PeerReview/RoomInvite.stories.tsx[2m > [22m[2mRoom Invite Standalone
[22m[39m[TranslationModeController] Setting mode to: off
[90mstdout[2m | src/components/PeerReview/RoomInvite.stories.tsx[2m > [22m[2mRoom Invite Standalone
[22m[39m[UnitContext] useEffect triggered {
  "authLoading": false,
  "hasUser": true,
  "id": "mock-unit-id",
  "userSub": "mock-user-sub",
}
[90mstdout[2m | src/components/PeerReview/RoomInvite.stories.tsx[2m > [22m[2mRoom Invite Standalone
[22m[39m[UnitContext] Fetching unit data for id: mock-unit-id
[90mstdout[2m | src/components/PeerReview/RoomInvite.stories.tsx[2m > [22m[2mRoom Invite Standalone
[22m[39m[FilesContext] Initializing vector store from IndexedDB
[90mstdout[2m | src/components/PeerReview/RoomInvite.stories.tsx[2m > [22m[2mRoom Invite Standalone
[22m[39m[FilesContext] fetchFiles called
[90mstdout[2m | src/components/PeerReview/RoomInvite.stories.tsx[2m > [22m[2mRoom Invite Standalone
[22m[39m[FilesContext] User authenticated: mock-user-sub
[90mstdout[2m | src/components/PeerReview/RoomInvite.stories.tsx[2m > [22m[2mRoom Invite Standalone
[22m[39m[FilesContext] Identity ID: us-east-1:mock-identity-123
[90mstdout[2m | src/components/PeerReview/RoomInvite.stories.tsx[2m > [22m[2mRoom Invite Standalone
[22m[39m[FilesContext] About to set up File observeQuery
[90mstdout[2m | src/components/PeerReview/RoomInvite.stories.tsx[2m > [22m[2mRoom Invite Standalone
[22m[39m[ChatContext] Setting up AssistantChat observeQuery
[90mstdout[2m | src/components/PeerReview/RoomInvite.stories.tsx[2m > [22m[2mRoom Invite Standalone
[22m[39m[ChatContext] Waiting for subscription to initialize
[90mstdout[2m | src/components/PeerReview/RoomInvite.stories.tsx[2m > [22m[2mRoom Invite Standalone
[22m[39m[SettingsContext] Setting up Settings subscription for user: mock-user-sub
[90mstdout[2m | src/components/PeerReview/RoomInvite.stories.tsx[2m > [22m[2mRoom Invite Standalone
[22m[39m[Mock Data] Settings created: mock-settings-1790416770736 - notified 0 subscribers
[90mstdout[2m | src/components/PeerReview/RoomInvite.stories.tsx[2m > [22m[2mRoom Invite Standalone
[22m[39m[Mock Data] Unit.onUpdate() subscription added. Total: 1
[90mstdout[2m | src/components/PeerReview/RoomInvite.stories.tsx[2m > [22m[2mRoom Invite Standalone
[22m[39m[SectionContext] Section observeQuery update: 0
[90mstdout[2m | src/components/PeerReview/RoomInvite.stories.tsx[2m > [22m[2mRoom Invite Standalone
[22m[39m[FilesContext] File observeQuery update: 6 files
[90mstdout[2m | src/components/PeerReview/RoomInvite.stories.tsx[2m > [22m[2mRoom Invite Standalone
[22m[39m[ChatContext] AssistantChat initialized with 1 chats
[90mstdout[2m | src/components/PeerReview/RoomInvite.stories.tsx[2m > [22m[2mRoom Invite Standalone
[22m[39m[ChatContext] Setting initial chat: mock-assistant-chat-1
[90mstdout[2m | src/components/PeerReview/RoomInvite.stories.tsx[2m > [22m[2mRoom Invite Standalone
[22m[39m[MOCK CourseVectorStore] Initialized with mock data
[90mstdout[2m | src/components/PeerReview/RoomInvite.stories.tsx[2m > [22m[2mRoom Invite Standalone
[22m[39m[FilesContext] Vector store population triggered {
  "currentVectorStoreSize": 3,
  "documentsCount": 0,
  "filesCount": 6,
  "isInitialLoad": true,
}
[90mstdout[2m | src/components/PeerReview/RoomInvite.stories.tsx[2m > [22m[2mRoom Invite Standalone
[22m[39m[FilesContext] Vector store population complete - 3 total embeddings
[90mstdout[2m | src/components/PeerReview/RoomInvite.stories.tsx[2m > [22m[2mRoom Invite Standalone
[22m[39m[ChatContext] Chat exists and not archived, skipping creation
[90mstdout[2m | src/components/PeerReview/RoomInvite.stories.tsx[2m > [22m[2mRoom Invite Standalone
[22m[39m[Mock Storage] downloadData called with: undefined
[90mstdout[2m | src/components/PeerReview/RoomInvite.stories.tsx
[22m[39mfilterWords {
  "filter": "",
  "wordsCount": 0,
}
 [32m✓[39m [30m[45m storybook (chromium) [49m[39m src/components/PeerReview/RoomInvite.stories.tsx [2m([22m[2m1 test[22m[2m)[22m[32m 186[2mms[22m[39m
[90mstdout[2m | unknown test
[22m[39m[MOCK vectorStoreDB.js] Module loaded - mock IndexedDB operations
[90mstdout[2m | unknown test
[22m[39m[Task Completion] DOM action listeners initialized
[90mstdout[2m | unknown test
[22m[39m[Task Completion] Auto-completion detector initialized
[90mstdout[2m | unknown test
[22m[39m[Preview] Task completion detector initialized
[90mstdout[2m | src/components/Editor3/plugins/ColorPicker.stories.jsx[2m > [22m[2mStandalone
[22m[39m[Preview] Skipped initializing default mock data (initializeMockData=false)
[90mstdout[2m | src/components/Editor3/plugins/ColorPicker.stories.jsx[2m > [22m[2mStandalone
[22m[39m[Mock Data] seedMockUnit: Adding unit color-picker-story-unit
[90mstdout[2m | src/components/Editor3/plugins/ColorPicker.stories.jsx[2m > [22m[2mStandalone
[22m[39m[MOCK CourseVectorStore] Initialized with mock data
[90mstdout[2m | src/components/Editor3/plugins/ColorPicker.stories.jsx[2m > [22m[2mStandalone
[22m[39m[TranslationModeController] Setting mode to: off
[90mstdout[2m | src/components/Editor3/plugins/ColorPicker.stories.jsx[2m > [22m[2mStandalone
[22m[39m[UnitContext] useEffect triggered {
  "authLoading": false,
  "hasUser": true,
  "id": "color-picker-story-unit",
  "userSub": "mock-user-sub",
}
[90mstdout[2m | src/components/Editor3/plugins/ColorPicker.stories.jsx[2m > [22m[2mStandalone
[22m[39m[UnitContext] Fetching unit data for id: color-picker-story-unit
[90mstdout[2m | src/components/Editor3/plugins/ColorPicker.stories.jsx[2m > [22m[2mStandalone
[22m[39m[FilesContext] Initializing vector store from IndexedDB
[90mstdout[2m | src/components/Editor3/plugins/ColorPicker.stories.jsx[2m > [22m[2mStandalone
[22m[39m[FilesContext] fetchFiles called
[90mstdout[2m | src/components/Editor3/plugins/ColorPicker.stories.jsx[2m > [22m[2mStandalone
[22m[39m[FilesContext] User authenticated: mock-user-sub
[90mstdout[2m | src/components/Editor3/plugins/ColorPicker.stories.jsx[2m > [22m[2mStandalone
[22m[39m[FilesContext] Identity ID: us-east-1:mock-identity-123
[90mstdout[2m | src/components/Editor3/plugins/ColorPicker.stories.jsx[2m > [22m[2mStandalone
[22m[39m[FilesContext] About to set up File observeQuery
[90mstdout[2m | src/components/Editor3/plugins/ColorPicker.stories.jsx[2m > [22m[2mStandalone
[22m[39m[ChatContext] Setting up AssistantChat observeQuery
[90mstdout[2m | src/components/Editor3/plugins/ColorPicker.stories.jsx[2m > [22m[2mStandalone
[22m[39m[ChatContext] Waiting for subscription to initialize
[90mstdout[2m | src/components/Editor3/plugins/ColorPicker.stories.jsx[2m > [22m[2mStandalone
[22m[39m[SettingsContext] Setting up Settings subscription for user: mock-user-sub
[90mstdout[2m | src/components/Editor3/plugins/ColorPicker.stories.jsx[2m > [22m[2mStandalone
[22m[39m[Mock Data] Settings created: mock-settings-1790416771803 - notified 0 subscribers
[90mstdout[2m | src/components/Editor3/plugins/ColorPicker.stories.jsx[2m > [22m[2mStandalone
[22m[39m[Mock Data] Unit.onUpdate() subscription added. Total: 1
[90mstdout[2m | src/components/Editor3/plugins/ColorPicker.stories.jsx[2m > [22m[2mStandalone
[22m[39m[SectionContext] Section observeQuery update: 0
[90mstdout[2m | src/components/Editor3/plugins/ColorPicker.stories.jsx[2m > [22m[2mStandalone
[22m[39m[FilesContext] File observeQuery update: 0 files
[90mstdout[2m | src/components/Editor3/plugins/ColorPicker.stories.jsx[2m > [22m[2mStandalone
[22m[39m[ChatContext] AssistantChat initialized with 0 chats
[90mstdout[2m | src/components/Editor3/plugins/ColorPicker.stories.jsx[2m > [22m[2mStandalone
[22m[39m[MOCK CourseVectorStore] Initialized with mock data
[90mstdout[2m | src/components/Editor3/plugins/ColorPicker.stories.jsx[2m > [22m[2mStandalone
[22m[39m[ChatContext] No current chat available, will create one
[90mstdout[2m | src/components/Editor3/plugins/ColorPicker.stories.jsx[2m > [22m[2mStandalone
[22m[39m[ChatContext] Creating AssistantChat with user: undefined
[90mstdout[2m | src/components/Editor3/plugins/ColorPicker.stories.jsx[2m > [22m[2mStandalone
[22m[39m[Mock Data] AssistantChat created: mock-assistantchat-1790416771863 - notified 1 subscribers
[90mstdout[2m | src/components/Editor3/plugins/ColorPicker.stories.jsx[2m > [22m[2mStandalone
[22m[39m[ChatContext] Create result: {
  "data": {
    "_version": 1,
    "archived": false,
    "chatFiles": [Function anonymous],
    "createdAt": "2026-09-26T09:59:31.863Z",
    "id": "mock-assistantchat-1790416771863",
    "model": "gpt-4",
    "updatedAt": "2026-09-26T09:59:31.863Z",
  },
  "errors": [],
  "hasData": true,
  "hasErrors": true,
}
[90mstdout[2m | src/components/Editor3/plugins/ColorPicker.stories.jsx[2m > [22m[2mStandalone
[22m[39m[ChatContext] Created AssistantChat: mock-assistantchat-1790416771863 at: 2026-09-26T09:59:31.863Z
[90mstdout[2m | src/components/Editor3/plugins/ColorPicker.stories.jsx[2m > [22m[2mStandalone
[22m[39m[Mock Storage] downloadData called with: undefined
[90mstdout[2m | src/components/Editor3/plugins/ColorPicker.stories.jsx[2m > [22m[2mStandalone
[22m[39m[ChatContext] Setting initial chat: mock-assistantchat-1790416771863
[90mstdout[2m | src/components/Editor3/plugins/ColorPicker.stories.jsx[2m > [22m[2mStandalone
[22m[39m[ChatContext] Chat exists and not archived, skipping creation
[90mstdout[2m | src/components/Editor3/plugins/ColorPicker.stories.jsx[2m > [22m[2mEditor Integration
[22m[39m[ChatContext] Cleaning up subscriptions
[90mstdout[2m | src/components/Editor3/plugins/ColorPicker.stories.jsx[2m > [22m[2mEditor Integration
[22m[39m[Mock Data] Unit.onUpdate() subscription removed. Remaining: 0
[90mstdout[2m | src/components/Editor3/plugins/ColorPicker.stories.jsx[2m > [22m[2mEditor Integration
[22m[39m[Preview] Skipped initializing default mock data (initializeMockData=false)
[90mstdout[2m | src/components/Editor3/plugins/ColorPicker.stories.jsx[2m > [22m[2mEditor Integration
[22m[39m[Mock Data] seedMockUnit: Adding unit color-picker-story-unit
[90mstdout[2m | src/components/Editor3/plugins/ColorPicker.stories.jsx[2m > [22m[2mEditor Integration
[22m[39m[MOCK CourseVectorStore] Initialized with mock data
[90mstdout[2m | src/components/Editor3/plugins/ColorPicker.stories.jsx[2m > [22m[2mEditor Integration
[22m[39m[TranslationModeController] Setting mode to: off
[90mstdout[2m | src/components/Editor3/plugins/ColorPicker.stories.jsx[2m > [22m[2mEditor Integration
[22m[39m[UnitContext] useEffect triggered {
  "authLoading": false,
  "hasUser": true,
  "id": "color-picker-story-unit",
  "userSub": "mock-user-sub",
}
[90mstdout[2m | src/components/Editor3/plugins/ColorPicker.stories.jsx[2m > [22m[2mEditor Integration
[22m[39m[UnitContext] Fetching unit data for id: color-picker-story-unit
[90mstdout[2m | src/components/Editor3/plugins/ColorPicker.stories.jsx[2m > [22m[2mEditor Integration
[22m[39m[FilesContext] Initializing vector store from IndexedDB
[90mstdout[2m | src/components/Editor3/plugins/ColorPicker.stories.jsx[2m > [22m[2mEditor Integration
[22m[39m[FilesContext] fetchFiles called
[90mstdout[2m | src/components/Editor3/plugins/ColorPicker.stories.jsx[2m > [22m[2mEditor Integration
[22m[39m[FilesContext] User authenticated: mock-user-sub
[90mstdout[2m | src/components/Editor3/plugins/ColorPicker.stories.jsx[2m > [22m[2mEditor Integration
[22m[39m[FilesContext] Identity ID: us-east-1:mock-identity-123
[90mstdout[2m | src/components/Editor3/plugins/ColorPicker.stories.jsx[2m > [22m[2mEditor Integration
[22m[39m[FilesContext] About to set up File observeQuery
[90mstdout[2m | src/components/Editor3/plugins/ColorPicker.stories.jsx[2m > [22m[2mEditor Integration
[22m[39m[ChatContext] Setting up AssistantChat observeQuery
[90mstdout[2m | src/components/Editor3/plugins/ColorPicker.stories.jsx[2m > [22m[2mEditor Integration
[22m[39m[ChatContext] Waiting for subscription to initialize
[90mstdout[2m | src/components/Editor3/plugins/ColorPicker.stories.jsx[2m > [22m[2mEditor Integration
[22m[39m[SettingsContext] Setting up Settings subscription for user: mock-user-sub
[90mstdout[2m | src/components/Editor3/plugins/ColorPicker.stories.jsx[2m > [22m[2mEditor Integration
[22m[39m[Mock Data] Settings created: mock-settings-1790416772150 - notified 0 subscribers
[90mstdout[2m | src/components/Editor3/plugins/ColorPicker.stories.jsx[2m > [22m[2mEditor Integration
[22m[39m[Mock Data] Unit.onUpdate() subscription added. Total: 1
[90mstdout[2m | src/components/Editor3/plugins/ColorPicker.stories.jsx[2m > [22m[2mEditor Integration
[22m[39m[SectionContext] Section observeQuery update: 0
[90mstdout[2m | src/components/Editor3/plugins/ColorPicker.stories.jsx[2m > [22m[2mEditor Integration
[22m[39m[FilesContext] File observeQuery update: 0 files
[90mstdout[2m | src/components/Editor3/plugins/ColorPicker.stories.jsx[2m > [22m[2mEditor Integration
[22m[39m[ChatContext] AssistantChat initialized with 0 chats
[90mstdout[2m | src/components/Editor3/plugins/ColorPicker.stories.jsx[2m > [22m[2mEditor Integration
[22m[39m[MOCK CourseVectorStore] Initialized with mock data
[90mstdout[2m | src/components/Editor3/plugins/ColorPicker.stories.jsx[2m > [22m[2mEditor Integration
[22m[39m[ChatContext] No current chat available, will create one
[90mstdout[2m | src/components/Editor3/plugins/ColorPicker.stories.jsx[2m > [22m[2mEditor Integration
[22m[39m[ChatContext] Creating AssistantChat with user: undefined
[90mstdout[2m | src/components/Editor3/plugins/ColorPicker.stories.jsx[2m > [22m[2mEditor Integration
[22m[39m[Mock Data] AssistantChat created: mock-assistantchat-1790416772179 - notified 1 subscribers
[90mstdout[2m | src/components/Editor3/plugins/ColorPicker.stories.jsx[2m > [22m[2mEditor Integration
[22m[39m[ChatContext] Create result: {
  "data": {
    "_version": 1,
    "archived": false,
    "chatFiles": [Function anonymous],
    "createdAt": "2026-09-26T09:59:32.179Z",
    "id": "mock-assistantchat-1790416772179",
    "model": "gpt-4",
    "updatedAt": "2026-09-26T09:59:32.179Z",
  },
  "errors": [],
  "hasData": true,
  "hasErrors": true,
}
[90mstdout[2m | src/components/Editor3/plugins/ColorPicker.stories.jsx[2m > [22m[2mEditor Integration
[22m[39m[ChatContext] Created AssistantChat: mock-assistantchat-1790416772179 at: 2026-09-26T09:59:32.179Z
[90mstdout[2m | src/components/Editor3/plugins/ColorPicker.stories.jsx[2m > [22m[2mEditor Integration
[22m[39m[Mock Storage] downloadData called with: undefined
[90mstdout[2m | src/components/Editor3/plugins/ColorPicker.stories.jsx[2m > [22m[2mEditor Integration
[22m[39m[ChatContext] Setting initial chat: mock-assistantchat-1790416772179
[90mstdout[2m | src/components/Editor3/plugins/ColorPicker.stories.jsx[2m > [22m[2mEditor Integration
[22m[39m[ChatContext] Chat exists and not archived, skipping creation
[90mstdout[2m | src/components/Editor3/plugins/ColorPicker.stories.jsx[2m > [22m[2mEditor With Colorful Text
[22m[39m[ChatContext] Cleaning up subscriptions
[90mstdout[2m | src/components/Editor3/plugins/ColorPicker.stories.jsx[2m > [22m[2mEditor With Colorful Text
[22m[39m[Mock Data] Unit.onUpdate() subscription removed. Remaining: 0
[90mstdout[2m | src/components/Editor3/plugins/ColorPicker.stories.jsx[2m > [22m[2mEditor With Colorful Text
[22m[39m[Preview] Skipped initializing default mock data (initializeMockData=false)
[90mstdout[2m | src/components/Editor3/plugins/ColorPicker.stories.jsx[2m > [22m[2mEditor With Colorful Text
[22m[39m[Mock Data] seedMockUnit: Adding unit color-picker-story-unit
[90mstdout[2m | src/components/Editor3/plugins/ColorPicker.stories.jsx[2m > [22m[2mEditor With Colorful Text
[22m[39m[MOCK CourseVectorStore] Initialized with mock data
[90mstdout[2m | src/components/Editor3/plugins/ColorPicker.stories.jsx[2m > [22m[2mEditor With Colorful Text
[22m[39m[TranslationModeController] Setting mode to: off
[90mstdout[2m | src/components/Editor3/plugins/ColorPicker.stories.jsx[2m > [22m[2mEditor With Colorful Text
[22m[39m[UnitContext] useEffect triggered {
  "authLoading": false,
  "hasUser": true,
  "id": "color-picker-story-unit",
  "userSub": "mock-user-sub",
}
[90mstdout[2m | src/components/Editor3/plugins/ColorPicker.stories.jsx[2m > [22m[2mEditor With Colorful Text
[22m[39m[UnitContext] Fetching unit data for id: color-picker-story-unit
[90mstdout[2m | src/components/Editor3/plugins/ColorPicker.stories.jsx[2m > [22m[2mEditor With Colorful Text
[22m[39m[FilesContext] Initializing vector store from IndexedDB
[90mstdout[2m | src/components/Editor3/plugins/ColorPicker.stories.jsx[2m > [22m[2mEditor With Colorful Text
[22m[39m[FilesContext] fetchFiles called
[90mstdout[2m | src/components/Editor3/plugins/ColorPicker.stories.jsx[2m > [22m[2mEditor With Colorful Text
[22m[39m[FilesContext] User authenticated: mock-user-sub
[90mstdout[2m | src/components/Editor3/plugins/ColorPicker.stories.jsx[2m > [22m[2mEditor With Colorful Text
[22m[39m[FilesContext] Identity ID: us-east-1:mock-identity-123
[90mstdout[2m | src/components/Editor3/plugins/ColorPicker.stories.jsx[2m > [22m[2mEditor With Colorful Text
[22m[39m[FilesContext] About to set up File observeQuery
[90mstdout[2m | src/components/Editor3/plugins/ColorPicker.stories.jsx[2m > [22m[2mEditor With Colorful Text
[22m[39m[ChatContext] Setting up AssistantChat observeQuery
[90mstdout[2m | src/components/Editor3/plugins/ColorPicker.stories.jsx[2m > [22m[2mEditor With Colorful Text
[22m[39m[ChatContext] Waiting for subscription to initialize
[90mstdout[2m | src/components/Editor3/plugins/ColorPicker.stories.jsx[2m > [22m[2mEditor With Colorful Text
[22m[39m[SettingsContext] Setting up Settings subscription for user: mock-user-sub
[90mstdout[2m | src/components/Editor3/plugins/ColorPicker.stories.jsx[2m > [22m[2mEditor With Colorful Text
[22m[39m[Mock Data] Settings created: mock-settings-1790416772293 - notified 0 subscribers
[90mstdout[2m | src/components/Editor3/plugins/ColorPicker.stories.jsx[2m > [22m[2mEditor With Colorful Text
[22m[39m[Mock Data] Unit.onUpdate() subscription added. Total: 1
[90mstdout[2m | src/components/Editor3/plugins/ColorPicker.stories.jsx[2m > [22m[2mEditor With Colorful Text
[22m[39m[SectionContext] Section observeQuery update: 0
[90mstdout[2m | src/components/Editor3/plugins/ColorPicker.stories.jsx[2m > [22m[2mEditor With Colorful Text
[22m[39m[FilesContext] File observeQuery update: 0 files
[90mstdout[2m | src/components/Editor3/plugins/ColorPicker.stories.jsx[2m > [22m[2mEditor With Colorful Text
[22m[39m[MOCK CourseVectorStore] Initialized with mock data
[90mstdout[2m | src/components/Editor3/plugins/ColorPicker.stories.jsx[2m > [22m[2mEditor With Colorful Text
[22m[39m[ChatContext] AssistantChat initialized with 0 chats
[90mstdout[2m | src/components/Editor3/plugins/ColorPicker.stories.jsx[2m > [22m[2mEditor With Colorful Text
[22m[39m[Mock Storage] downloadData called with: undefined
[90mstdout[2m | src/components/Editor3/plugins/ColorPicker.stories.jsx[2m > [22m[2mEditor With Colorful Text
[22m[39m[MOCK CourseVectorStore] Initialized with mock data
[90mstdout[2m | src/components/Editor3/plugins/ColorPicker.stories.jsx[2m > [22m[2mEditor With Colorful Text
[22m[39m[ChatContext] No current chat available, will create one
[90mstdout[2m | src/components/Editor3/plugins/ColorPicker.stories.jsx[2m > [22m[2mEditor With Colorful Text
[22m[39m[ChatContext] Creating AssistantChat with user: undefined
[90mstdout[2m | src/components/Editor3/plugins/ColorPicker.stories.jsx[2m > [22m[2mEditor With Colorful Text
[22m[39m[Mock Data] AssistantChat created: mock-assistantchat-1790416772306 - notified 1 subscribers
[90mstdout[2m | src/components/Editor3/plugins/ColorPicker.stories.jsx[2m > [22m[2mEditor With Colorful Text
[22m[39m[ChatContext] Create result: {
  "data": {
    "_version": 1,
    "archived": false,
    "chatFiles": [Function anonymous],
    "createdAt": "2026-09-26T09:59:32.306Z",
    "id": "mock-assistantchat-1790416772306",
    "model": "gpt-4",
    "updatedAt": "2026-09-26T09:59:32.306Z",
  },
  "errors": [],
  "hasData": true,
  "hasErrors": true,
}
[90mstdout[2m | src/components/Editor3/plugins/ColorPicker.stories.jsx[2m > [22m[2mEditor With Colorful Text
[22m[39m[ChatContext] Created AssistantChat: mock-assistantchat-1790416772306 at: 2026-09-26T09:59:32.306Z
[90mstdout[2m | src/components/Editor3/plugins/ColorPicker.stories.jsx[2m > [22m[2mEditor With Colorful Text
[22m[39m[ChatContext] Setting initial chat: mock-assistantchat-1790416772306
[90mstdout[2m | src/components/Editor3/plugins/ColorPicker.stories.jsx[2m > [22m[2mEditor With Colorful Text
[22m[39m[ChatContext] Chat exists and not archived, skipping creation
 [32m✓[39m [30m[45m storybook (chromium) [49m[39m src/components/Editor3/plugins/ColorPicker.stories.jsx [2m([22m[2m3 tests[22m[2m)[22m[33m 705[2mms[22m[39m
   [33m[2m✓[22m[39m Standalone [33m 398[2mms[22m[39m
[90mstdout[2m | unknown test
[22m[39m[MOCK vectorStoreDB.js] Module loaded - mock IndexedDB operations
[90mstdout[2m | unknown test
[22m[39m[Task Completion] DOM action listeners initialized
[90mstdout[2m | unknown test
[22m[39m[Task Completion] Auto-completion detector initialized
[90mstdout[2m | unknown test
[22m[39m[Preview] Task completion detector initialized
[90mstdout[2m | src/components/PeerReview/PeerReviewFeedbackPrompt.stories.tsx[2m > [22m[2mFeedback Prompt Open
[22m[39m[MOCK CourseVectorStore] Initialized with mock data
[90mstdout[2m | src/components/PeerReview/PeerReviewFeedbackPrompt.stories.tsx[2m > [22m[2mFeedback Prompt Open
[22m[39m[TranslationModeController] Setting mode to: off
[90mstdout[2m | src/components/PeerReview/PeerReviewFeedbackPrompt.stories.tsx[2m > [22m[2mFeedback Prompt Open
[22m[39m[UnitContext] useEffect triggered {
  "authLoading": false,
  "hasUser": true,
  "id": "mock-unit-id",
  "userSub": "mock-user-sub",
}
[90mstdout[2m | src/components/PeerReview/PeerReviewFeedbackPrompt.stories.tsx[2m > [22m[2mFeedback Prompt Open
[22m[39m[UnitContext] Fetching unit data for id: mock-unit-id
[90mstdout[2m | src/components/PeerReview/PeerReviewFeedbackPrompt.stories.tsx[2m > [22m[2mFeedback Prompt Open
[22m[39m[FilesContext] Initializing vector store from IndexedDB
[90mstdout[2m | src/components/PeerReview/PeerReviewFeedbackPrompt.stories.tsx[2m > [22m[2mFeedback Prompt Open
[22m[39m[FilesContext] fetchFiles called
[90mstdout[2m | src/components/PeerReview/PeerReviewFeedbackPrompt.stories.tsx[2m > [22m[2mFeedback Prompt Open
[22m[39m[FilesContext] User authenticated: mock-user-sub
[90mstdout[2m | src/components/PeerReview/PeerReviewFeedbackPrompt.stories.tsx[2m > [22m[2mFeedback Prompt Open
[22m[39m[FilesContext] Identity ID: us-east-1:mock-identity-123
[90mstdout[2m | src/components/PeerReview/PeerReviewFeedbackPrompt.stories.tsx[2m > [22m[2mFeedback Prompt Open
[22m[39m[FilesContext] About to set up File observeQuery
[90mstdout[2m | src/components/PeerReview/PeerReviewFeedbackPrompt.stories.tsx[2m > [22m[2mFeedback Prompt Open
[22m[39m[ChatContext] Setting up AssistantChat observeQuery
[90mstdout[2m | src/components/PeerReview/PeerReviewFeedbackPrompt.stories.tsx[2m > [22m[2mFeedback Prompt Open
[22m[39m[ChatContext] Waiting for subscription to initialize
[90mstdout[2m | src/components/PeerReview/PeerReviewFeedbackPrompt.stories.tsx[2m > [22m[2mFeedback Prompt Open
[22m[39m[SettingsContext] Setting up Settings subscription for user: mock-user-sub
[90mstdout[2m | src/components/PeerReview/PeerReviewFeedbackPrompt.stories.tsx[2m > [22m[2mFeedback Prompt Open
[22m[39m[Mock Data] Settings created: mock-settings-1790416773164 - notified 0 subscribers
[90mstdout[2m | src/components/PeerReview/PeerReviewFeedbackPrompt.stories.tsx[2m > [22m[2mFeedback Prompt Open
[22m[39m[Mock Data] Unit.onUpdate() subscription added. Total: 1
[90mstdout[2m | src/components/PeerReview/PeerReviewFeedbackPrompt.stories.tsx[2m > [22m[2mFeedback Prompt Open
[22m[39m[SectionContext] Section observeQuery update: 0
[90mstdout[2m | src/components/PeerReview/PeerReviewFeedbackPrompt.stories.tsx[2m > [22m[2mFeedback Prompt Open
[22m[39m[FilesContext] File observeQuery update: 6 files
[90mstdout[2m | src/components/PeerReview/PeerReviewFeedbackPrompt.stories.tsx[2m > [22m[2mFeedback Prompt Open
[22m[39m[ChatContext] AssistantChat initialized with 1 chats
[90mstdout[2m | src/components/PeerReview/PeerReviewFeedbackPrompt.stories.tsx[2m > [22m[2mFeedback Prompt Open
[22m[39m[ChatContext] Setting initial chat: mock-assistant-chat-1
[90mstdout[2m | src/components/PeerReview/PeerReviewFeedbackPrompt.stories.tsx[2m > [22m[2mFeedback Prompt Open
[22m[39m[MOCK CourseVectorStore] Initialized with mock data
[90mstdout[2m | src/components/PeerReview/PeerReviewFeedbackPrompt.stories.tsx[2m > [22m[2mFeedback Prompt Open
[22m[39m[FilesContext] Vector store population triggered {
  "currentVectorStoreSize": 3,
  "documentsCount": 0,
  "filesCount": 6,
  "isInitialLoad": true,
}
[90mstdout[2m | src/components/PeerReview/PeerReviewFeedbackPrompt.stories.tsx[2m > [22m[2mFeedback Prompt Open
[22m[39m[FilesContext] Vector store population complete - 3 total embeddings
[90mstdout[2m | src/components/PeerReview/PeerReviewFeedbackPrompt.stories.tsx[2m > [22m[2mFeedback Prompt Open
[22m[39m[ChatContext] Chat exists and not archived, skipping creation
[90mstdout[2m | src/components/PeerReview/PeerReviewFeedbackPrompt.stories.tsx[2m > [22m[2mFeedback Prompt Open
[22m[39m[Mock Storage] downloadData called with: undefined
 [32m✓[39m [30m[45m storybook (chromium) [49m[39m src/components/PeerReview/PeerReviewFeedbackPrompt.stories.tsx [2m([22m[2m1 test[22m[2m)[22m[32m 198[2mms[22m[39m
[90mstdout[2m | unknown test
[22m[39m[MOCK vectorStoreDB.js] Module loaded - mock IndexedDB operations
[90mstdout[2m | unknown test
[22m[39m[Task Completion] DOM action listeners initialized
[90mstdout[2m | unknown test
[22m[39m[Task Completion] Auto-completion detector initialized
[90mstdout[2m | unknown test
[22m[39m[Preview] Task completion detector initialized
[90mstdout[2m | src/components/Gamification/CosmeticSelector.stories.tsx[2m > [22m[2mSelector Level 3
[22m[39m[TranslationModeController] Setting mode to: off
[90mstdout[2m | src/components/Gamification/CosmeticSelector.stories.tsx[2m > [22m[2mSelector Level 5
[22m[39m[TranslationModeController] Setting mode to: off
[90mstdout[2m | src/components/Gamification/CosmeticSelector.stories.tsx[2m > [22m[2mSelector Interaction
[22m[39m[TranslationModeController] Setting mode to: off
 [32m✓[39m [30m[45m storybook (chromium) [49m[39m src/components/Gamification/CosmeticSelector.stories.tsx [2m([22m[2m3 tests[22m[2m)[22m[33m 659[2mms[22m[39m
[90mstdout[2m | unknown test
[22m[39m[MOCK vectorStoreDB.js] Module loaded - mock IndexedDB operations
[90mstdout[2m | unknown test
[22m[39m[Task Completion] DOM action listeners initialized
[90mstdout[2m | unknown test
[22m[39m[Task Completion] Auto-completion detector initialized
[90mstdout[2m | unknown test
[22m[39m[Preview] Task completion detector initialized
[90mstdout[2m | src/components/Gamification/EasterEggLayer.stories.tsx[2m > [22m[2mDefault
[22m[39m[MOCK CourseVectorStore] Initialized with mock data
[90mstdout[2m | src/components/Gamification/EasterEggLayer.stories.tsx[2m > [22m[2mDefault
[22m[39m[TranslationModeController] Setting mode to: off
[90mstdout[2m | src/components/Gamification/EasterEggLayer.stories.tsx[2m > [22m[2mDefault
[22m[39m[UnitContext] useEffect triggered {
  "authLoading": false,
  "hasUser": true,
  "id": "mock-unit-id",
  "userSub": "mock-user-sub",
}
[90mstdout[2m | src/components/Gamification/EasterEggLayer.stories.tsx[2m > [22m[2mDefault
[22m[39m[UnitContext] Fetching unit data for id: mock-unit-id
[90mstdout[2m | src/components/Gamification/EasterEggLayer.stories.tsx[2m > [22m[2mDefault
[22m[39m[FilesContext] Initializing vector store from IndexedDB
[90mstdout[2m | src/components/Gamification/EasterEggLayer.stories.tsx[2m > [22m[2mDefault
[22m[39m[FilesContext] fetchFiles called
[90mstdout[2m | src/components/Gamification/EasterEggLayer.stories.tsx[2m > [22m[2mDefault
[22m[39m[FilesContext] User authenticated: mock-user-sub
[90mstdout[2m | src/components/Gamification/EasterEggLayer.stories.tsx[2m > [22m[2mDefault
[22m[39m[FilesContext] Identity ID: us-east-1:mock-identity-123
[90mstdout[2m | src/components/Gamification/EasterEggLayer.stories.tsx[2m > [22m[2mDefault
[22m[39m[FilesContext] About to set up File observeQuery
[90mstdout[2m | src/components/Gamification/EasterEggLayer.stories.tsx[2m > [22m[2mDefault
[22m[39m[ChatContext] Setting up AssistantChat observeQuery
[90mstdout[2m | src/components/Gamification/EasterEggLayer.stories.tsx[2m > [22m[2mDefault
[22m[39m[ChatContext] Waiting for subscription to initialize
[90mstdout[2m | src/components/Gamification/EasterEggLayer.stories.tsx[2m > [22m[2mDefault
[22m[39m[SettingsContext] Setting up Settings subscription for user: mock-user-sub
[90mstdout[2m | src/components/Gamification/EasterEggLayer.stories.tsx[2m > [22m[2mDefault
[22m[39m[Mock Data] Settings created: mock-settings-1790416775939 - notified 0 subscribers
[90mstdout[2m | src/components/Gamification/EasterEggLayer.stories.tsx[2m > [22m[2mDefault
[22m[39m[Mock Data] Unit.onUpdate() subscription added. Total: 1
[90mstdout[2m | src/components/Gamification/EasterEggLayer.stories.tsx[2m > [22m[2mDefault
[22m[39m[SectionContext] Section observeQuery update: 0
[90mstdout[2m | src/components/Gamification/EasterEggLayer.stories.tsx[2m > [22m[2mDefault
[22m[39m[FilesContext] File observeQuery update: 6 files
[90mstdout[2m | src/components/Gamification/EasterEggLayer.stories.tsx[2m > [22m[2mDefault
[22m[39m[ChatContext] AssistantChat initialized with 1 chats
[90mstdout[2m | src/components/Gamification/EasterEggLayer.stories.tsx[2m > [22m[2mDefault
[22m[39m[ChatContext] Setting initial chat: mock-assistant-chat-1
[90mstdout[2m | src/components/Gamification/EasterEggLayer.stories.tsx[2m > [22m[2mDefault
[22m[39m[MOCK CourseVectorStore] Initialized with mock data
[90mstdout[2m | src/components/Gamification/EasterEggLayer.stories.tsx[2m > [22m[2mDefault
[22m[39m[FilesContext] Vector store population triggered {
  "currentVectorStoreSize": 3,
  "documentsCount": 0,
  "filesCount": 6,
  "isInitialLoad": true,
}
[90mstdout[2m | src/components/Gamification/EasterEggLayer.stories.tsx[2m > [22m[2mDefault
[22m[39m[FilesContext] Vector store population complete - 3 total embeddings
[90mstdout[2m | src/components/Gamification/EasterEggLayer.stories.tsx[2m > [22m[2mDefault
[22m[39m[ChatContext] Chat exists and not archived, skipping creation
[90mstdout[2m | src/components/Gamification/EasterEggLayer.stories.tsx[2m > [22m[2mDefault
[22m[39m[Mock Storage] downloadData called with: undefined
 [32m✓[39m [30m[45m storybook (chromium) [49m[39m src/components/Gamification/EasterEggLayer.stories.tsx [2m([22m[2m1 test[22m[2m)[22m[32m 184[2mms[22m[39m
[90mstdout[2m | unknown test
[22m[39m[MOCK vectorStoreDB.js] Module loaded - mock IndexedDB operations
[90mstdout[2m | unknown test
[22m[39m[Task Completion] DOM action listeners initialized
[90mstdout[2m | unknown test
[22m[39m[Task Completion] Auto-completion detector initialized
[90mstdout[2m | unknown test
[22m[39m[Preview] Task completion detector initialized
[90mstdout[2m | src/components/Gamification/SquadLeaderboard.stories.tsx[2m > [22m[2mFull
[22m[39m[TranslationModeController] Setting mode to: off
[90mstdout[2m | src/components/Gamification/SquadLeaderboard.stories.tsx[2m > [22m[2mNo Highlight
[22m[39m[TranslationModeController] Setting mode to: off
[90mstdout[2m | src/components/Gamification/SquadLeaderboard.stories.tsx[2m > [22m[2mEmpty
[22m[39m[TranslationModeController] Setting mode to: off
 [32m✓[39m [30m[45m storybook (chromium) [49m[39m src/components/Gamification/SquadLeaderboard.stories.tsx [2m([22m[2m3 tests[22m[2m)[22m[33m 1065[2mms[22m[39m
   [33m[2m✓[22m[39m Full [33m 646[2mms[22m[39m
[90mstdout[2m | unknown test
[22m[39m[MOCK vectorStoreDB.js] Module loaded - mock IndexedDB operations
[90mstdout[2m | unknown test
[22m[39m[Task Completion] DOM action listeners initialized
[90mstdout[2m | unknown test
[22m[39m[Task Completion] Auto-completion detector initialized
[90mstdout[2m | unknown test
[22m[39m[Preview] Task completion detector initialized
[90mstdout[2m | src/components/Gamification/SquadMentionPill.stories.tsx[2m > [22m[2mDefault
[22m[39m[TranslationModeController] Setting mode to: off
[90mstdout[2m | src/components/Gamification/SquadMentionPill.stories.tsx[2m > [22m[2mMedium
[22m[39m[TranslationModeController] Setting mode to: off
[90mstdout[2m | src/components/Gamification/SquadMentionPill.stories.tsx[2m > [22m[2mWith Svg Crest
[22m[39m[TranslationModeController] Setting mode to: off
[90mstdout[2m | src/components/Gamification/SquadMentionPill.stories.tsx[2m > [22m[2mClickable
[22m[39m[TranslationModeController] Setting mode to: off
[90mstdout[2m | src/components/Gamification/SquadMentionPill.stories.tsx[2m > [22m[2mMultiple Inline
[22m[39m[TranslationModeController] Setting mode to: off
[90mstdout[2m | src/components/Gamification/SquadMentionPill.stories.tsx[2m > [22m[2mParsed From Template
[22m[39m[TranslationModeController] Setting mode to: off
 [32m✓[39m [30m[45m storybook (chromium) [49m[39m src/components/Gamification/SquadMentionPill.stories.tsx [2m([22m[2m6 tests[22m[2m)[22m[33m 804[2mms[22m[39m
[90mstdout[2m | unknown test
[22m[39m[MOCK vectorStoreDB.js] Module loaded - mock IndexedDB operations
[90mstdout[2m | unknown test
[22m[39m[Task Completion] DOM action listeners initialized
[90mstdout[2m | unknown test
[22m[39m[Task Completion] Auto-completion detector initialized
[90mstdout[2m | unknown test
[22m[39m[Preview] Task completion detector initialized
[90mstdout[2m | src/components/Gamification/SecretLinkIcon.stories.tsx[2m > [22m[2mDefault
[22m[39m[Mock Auth] fetchAuthSession called with options: undefined
[90mstdout[2m | src/components/Gamification/SecretLinkIcon.stories.tsx[2m > [22m[2mDefault
[22m[39m[TranslationModeController] Setting mode to: off
 [32m✓[39m [30m[45m storybook (chromium) [49m[39m src/components/Gamification/SecretLinkIcon.stories.tsx [2m([22m[2m1 test[22m[2m)[22m[32m 132[2mms[22m[39m
[90mstdout[2m | unknown test
[22m[39m[MOCK vectorStoreDB.js] Module loaded - mock IndexedDB operations
[90mstdout[2m | unknown test
[22m[39m[Task Completion] DOM action listeners initialized
[90mstdout[2m | unknown test
[22m[39m[Task Completion] Auto-completion detector initialized
[90mstdout[2m | unknown test
[22m[39m[Preview] Task completion detector initialized
[90mstdout[2m | src/components/Editor3/NarrativeReader.stories.tsx[2m > [22m[2mDefault
[22m[39m[MOCK CourseVectorStore] Initialized with mock data
[90mstdout[2m | src/components/Editor3/NarrativeReader.stories.tsx[2m > [22m[2mDefault
[22m[39m[TranslationModeController] Setting mode to: off
[90mstdout[2m | src/components/Editor3/NarrativeReader.stories.tsx[2m > [22m[2mDefault
[22m[39m[UnitContext] useEffect triggered {
  "authLoading": false,
  "hasUser": true,
  "id": "mock-unit-id",
  "userSub": "mock-user-sub",
}
[90mstdout[2m | src/components/Editor3/NarrativeReader.stories.tsx[2m > [22m[2mDefault
[22m[39m[UnitContext] Fetching unit data for id: mock-unit-id
[90mstdout[2m | src/components/Editor3/NarrativeReader.stories.tsx[2m > [22m[2mDefault
[22m[39m[FilesContext] Initializing vector store from IndexedDB
[90mstdout[2m | src/components/Editor3/NarrativeReader.stories.tsx[2m > [22m[2mDefault
[22m[39m[FilesContext] fetchFiles called
[90mstdout[2m | src/components/Editor3/NarrativeReader.stories.tsx[2m > [22m[2mDefault
[22m[39m[FilesContext] User authenticated: mock-user-sub
[90mstdout[2m | src/components/Editor3/NarrativeReader.stories.tsx[2m > [22m[2mDefault
[22m[39m[FilesContext] Identity ID: us-east-1:mock-identity-123
[90mstdout[2m | src/components/Editor3/NarrativeReader.stories.tsx[2m > [22m[2mDefault
[22m[39m[FilesContext] About to set up File observeQuery
[90mstdout[2m | src/components/Editor3/NarrativeReader.stories.tsx[2m > [22m[2mDefault
[22m[39m[ChatContext] Setting up AssistantChat observeQuery
[90mstdout[2m | src/components/Editor3/NarrativeReader.stories.tsx[2m > [22m[2mDefault
[22m[39m[ChatContext] Waiting for subscription to initialize
[90mstdout[2m | src/components/Editor3/NarrativeReader.stories.tsx[2m > [22m[2mDefault
[22m[39m[SettingsContext] Setting up Settings subscription for user: mock-user-sub
[90mstdout[2m | src/components/Editor3/NarrativeReader.stories.tsx[2m > [22m[2mDefault
[22m[39m[Mock Data] Settings created: mock-settings-1790416787279 - notified 0 subscribers
[90mstdout[2m | src/components/Editor3/NarrativeReader.stories.tsx[2m > [22m[2mDefault
[22m[39m[Mock Data] Unit.onUpdate() subscription added. Total: 1
[90mstdout[2m | src/components/Editor3/NarrativeReader.stories.tsx[2m > [22m[2mDefault
[22m[39m[SectionContext] Section observeQuery update: 0
[90mstdout[2m | src/components/Editor3/NarrativeReader.stories.tsx[2m > [22m[2mDefault
[22m[39m[FilesContext] File observeQuery update: 6 files
[90mstdout[2m | src/components/Editor3/NarrativeReader.stories.tsx[2m > [22m[2mDefault
[22m[39m[ChatContext] AssistantChat initialized with 1 chats
[90mstdout[2m | src/components/Editor3/NarrativeReader.stories.tsx[2m > [22m[2mDefault
[22m[39m[ChatContext] Setting initial chat: mock-assistant-chat-1
[90mstdout[2m | src/components/Editor3/NarrativeReader.stories.tsx[2m > [22m[2mDefault
[22m[39m[MOCK CourseVectorStore] Initialized with mock data
[90mstdout[2m | src/components/Editor3/NarrativeReader.stories.tsx[2m > [22m[2mDefault
[22m[39m[FilesContext] Vector store population triggered {
  "currentVectorStoreSize": 3,
  "documentsCount": 0,
  "filesCount": 6,
  "isInitialLoad": true,
}
[90mstdout[2m | src/components/Editor3/NarrativeReader.stories.tsx[2m > [22m[2mDefault
[22m[39m[FilesContext] Vector store population complete - 3 total embeddings
[90mstdout[2m | src/components/Editor3/NarrativeReader.stories.tsx[2m > [22m[2mDefault
[22m[39m[ChatContext] Chat exists and not archived, skipping creation
[90mstdout[2m | src/components/Editor3/NarrativeReader.stories.tsx[2m > [22m[2mDefault
[22m[39m[Mock Storage] downloadData called with: undefined
[90mstdout[2m | src/components/Editor3/NarrativeReader.stories.tsx[2m > [22m[2mWith Max Height
[22m[39m[ChatContext] Cleaning up subscriptions
[90mstdout[2m | src/components/Editor3/NarrativeReader.stories.tsx[2m > [22m[2mWith Max Height
[22m[39m[Mock Data] Unit.onUpdate() subscription removed. Remaining: 0
[90mstdout[2m | src/components/Editor3/NarrativeReader.stories.tsx[2m > [22m[2mWith Max Height
[22m[39m[MOCK CourseVectorStore] Initialized with mock data
[90mstdout[2m | src/components/Editor3/NarrativeReader.stories.tsx[2m > [22m[2mWith Max Height
[22m[39m[TranslationModeController] Setting mode to: off
[90mstdout[2m | src/components/Editor3/NarrativeReader.stories.tsx[2m > [22m[2mWith Max Height
[22m[39m[UnitContext] useEffect triggered {
  "authLoading": false,
  "hasUser": true,
  "id": "mock-unit-id",
  "userSub": "mock-user-sub",
}
[90mstdout[2m | src/components/Editor3/NarrativeReader.stories.tsx[2m > [22m[2mWith Max Height
[22m[39m[UnitContext] Fetching unit data for id: mock-unit-id
[90mstdout[2m | src/components/Editor3/NarrativeReader.stories.tsx[2m > [22m[2mWith Max Height
[22m[39m[FilesContext] Initializing vector store from IndexedDB
[90mstdout[2m | src/components/Editor3/NarrativeReader.stories.tsx[2m > [22m[2mWith Max Height
[22m[39m[FilesContext] fetchFiles called
[90mstdout[2m | src/components/Editor3/NarrativeReader.stories.tsx[2m > [22m[2mWith Max Height
[22m[39m[FilesContext] User authenticated: mock-user-sub
[90mstdout[2m | src/components/Editor3/NarrativeReader.stories.tsx[2m > [22m[2mWith Max Height
[22m[39m[FilesContext] Identity ID: us-east-1:mock-identity-123
[90mstdout[2m | src/components/Editor3/NarrativeReader.stories.tsx[2m > [22m[2mWith Max Height
[22m[39m[FilesContext] About to set up File observeQuery
[90mstdout[2m | src/components/Editor3/NarrativeReader.stories.tsx[2m > [22m[2mWith Max Height
[22m[39m[ChatContext] Setting up AssistantChat observeQuery
[90mstdout[2m | src/components/Editor3/NarrativeReader.stories.tsx[2m > [22m[2mWith Max Height
[22m[39m[ChatContext] Waiting for subscription to initialize
[90mstdout[2m | src/components/Editor3/NarrativeReader.stories.tsx[2m > [22m[2mWith Max Height
[22m[39m[SettingsContext] Setting up Settings subscription for user: mock-user-sub
[90mstdout[2m | src/components/Editor3/NarrativeReader.stories.tsx[2m > [22m[2mWith Max Height
[22m[39m[Mock Data] Settings created: mock-settings-1790416787460 - notified 0 subscribers
[90mstdout[2m | src/components/Editor3/NarrativeReader.stories.tsx[2m > [22m[2mWith Max Height
[22m[39m[Mock Data] Unit.onUpdate() subscription added. Total: 1
[90mstdout[2m | src/components/Editor3/NarrativeReader.stories.tsx[2m > [22m[2mWith Max Height
[22m[39m[SectionContext] Section observeQuery update: 0
[90mstdout[2m | src/components/Editor3/NarrativeReader.stories.tsx[2m > [22m[2mWith Max Height
[22m[39m[FilesContext] File observeQuery update: 6 files
[90mstdout[2m | src/components/Editor3/NarrativeReader.stories.tsx[2m > [22m[2mWith Max Height
[22m[39m[ChatContext] AssistantChat initialized with 1 chats
[90mstdout[2m | src/components/Editor3/NarrativeReader.stories.tsx[2m > [22m[2mWith Max Height
[22m[39m[ChatContext] Setting initial chat: mock-assistant-chat-1
[90mstdout[2m | src/components/Editor3/NarrativeReader.stories.tsx[2m > [22m[2mWith Max Height
[22m[39m[Mock Storage] downloadData called with: undefined
[90mstdout[2m | src/components/Editor3/NarrativeReader.stories.tsx[2m > [22m[2mWith Max Height
[22m[39m[MOCK CourseVectorStore] Initialized with mock data
[90mstdout[2m | src/components/Editor3/NarrativeReader.stories.tsx[2m > [22m[2mWith Max Height
[22m[39m[FilesContext] Vector store population triggered {
  "currentVectorStoreSize": 3,
  "documentsCount": 0,
  "filesCount": 6,
  "isInitialLoad": true,
}
[90mstdout[2m | src/components/Editor3/NarrativeReader.stories.tsx[2m > [22m[2mWith Max Height
[22m[39m[FilesContext] Vector store population complete - 3 total embeddings
[90mstdout[2m | src/components/Editor3/NarrativeReader.stories.tsx[2m > [22m[2mWith Max Height
[22m[39m[ChatContext] Chat exists and not archived, skipping creation
[90mstdout[2m | src/components/Editor3/NarrativeReader.stories.tsx[2m > [22m[2mCustom Label
[22m[39m[ChatContext] Cleaning up subscriptions
[90mstdout[2m | src/components/Editor3/NarrativeReader.stories.tsx[2m > [22m[2mCustom Label
[22m[39m[Mock Data] Unit.onUpdate() subscription removed. Remaining: 0
[90mstdout[2m | src/components/Editor3/NarrativeReader.stories.tsx[2m > [22m[2mCustom Label
[22m[39m[MOCK CourseVectorStore] Initialized with mock data
[90mstdout[2m | src/components/Editor3/NarrativeReader.stories.tsx[2m > [22m[2mCustom Label
[22m[39m[TranslationModeController] Setting mode to: off
[90mstdout[2m | src/components/Editor3/NarrativeReader.stories.tsx[2m > [22m[2mCustom Label
[22m[39m[UnitContext] useEffect triggered {
  "authLoading": false,
  "hasUser": true,
  "id": "mock-unit-id",
  "userSub": "mock-user-sub",
}
[90mstdout[2m | src/components/Editor3/NarrativeReader.stories.tsx[2m > [22m[2mCustom Label
[22m[39m[UnitContext] Fetching unit data for id: mock-unit-id
[90mstdout[2m | src/components/Editor3/NarrativeReader.stories.tsx[2m > [22m[2mCustom Label
[22m[39m[FilesContext] Initializing vector store from IndexedDB
[90mstdout[2m | src/components/Editor3/NarrativeReader.stories.tsx[2m > [22m[2mCustom Label
[22m[39m[FilesContext] fetchFiles called
[90mstdout[2m | src/components/Editor3/NarrativeReader.stories.tsx[2m > [22m[2mCustom Label
[22m[39m[FilesContext] User authenticated: mock-user-sub
[90mstdout[2m | src/components/Editor3/NarrativeReader.stories.tsx[2m > [22m[2mCustom Label
[22m[39m[FilesContext] Identity ID: us-east-1:mock-identity-123
[90mstdout[2m | src/components/Editor3/NarrativeReader.stories.tsx[2m > [22m[2mCustom Label
[22m[39m[FilesContext] About to set up File observeQuery
[90mstdout[2m | src/components/Editor3/NarrativeReader.stories.tsx[2m > [22m[2mCustom Label
[22m[39m[ChatContext] Setting up AssistantChat observeQuery
[90mstdout[2m | src/components/Editor3/NarrativeReader.stories.tsx[2m > [22m[2mCustom Label
[22m[39m[ChatContext] Waiting for subscription to initialize
[90mstdout[2m | src/components/Editor3/NarrativeReader.stories.tsx[2m > [22m[2mCustom Label
[22m[39m[SettingsContext] Setting up Settings subscription for user: mock-user-sub
[90mstdout[2m | src/components/Editor3/NarrativeReader.stories.tsx[2m > [22m[2mCustom Label
[22m[39m[Mock Data] Settings created: mock-settings-1790416787663 - notified 0 subscribers
[90mstdout[2m | src/components/Editor3/NarrativeReader.stories.tsx[2m > [22m[2mCustom Label
[22m[39m[Mock Data] Unit.onUpdate() subscription added. Total: 1
[90mstdout[2m | src/components/Editor3/NarrativeReader.stories.tsx[2m > [22m[2mCustom Label
[22m[39m[SectionContext] Section observeQuery update: 0
[90mstdout[2m | src/components/Editor3/NarrativeReader.stories.tsx[2m > [22m[2mCustom Label
[22m[39m[FilesContext] File observeQuery update: 6 files
[90mstdout[2m | src/components/Editor3/NarrativeReader.stories.tsx[2m > [22m[2mCustom Label
[22m[39m[ChatContext] AssistantChat initialized with 1 chats
[90mstdout[2m | src/components/Editor3/NarrativeReader.stories.tsx[2m > [22m[2mCustom Label
[22m[39m[ChatContext] Setting initial chat: mock-assistant-chat-1
[90mstdout[2m | src/components/Editor3/NarrativeReader.stories.tsx[2m > [22m[2mCustom Label
[22m[39m[MOCK CourseVectorStore] Initialized with mock data
[90mstdout[2m | src/components/Editor3/NarrativeReader.stories.tsx[2m > [22m[2mCustom Label
[22m[39m[FilesContext] Vector store population triggered {
  "currentVectorStoreSize": 3,
  "documentsCount": 0,
  "filesCount": 6,
  "isInitialLoad": true,
}
[90mstdout[2m | src/components/Editor3/NarrativeReader.stories.tsx[2m > [22m[2mCustom Label
[22m[39m[FilesContext] Vector store population complete - 3 total embeddings
[90mstdout[2m | src/components/Editor3/NarrativeReader.stories.tsx[2m > [22m[2mCustom Label
[22m[39m[ChatContext] Chat exists and not archived, skipping creation
[90mstdout[2m | src/components/Editor3/NarrativeReader.stories.tsx[2m > [22m[2mCustom Label
[22m[39m[Mock Storage] downloadData called with: undefined
 [32m✓[39m [30m[45m storybook (chromium) [49m[39m src/components/Editor3/NarrativeReader.stories.tsx [2m([22m[2m3 tests[22m[2m)[22m[33m 567[2mms[22m[39m
[90mstdout[2m | unknown test
[22m[39m[MOCK vectorStoreDB.js] Module loaded - mock IndexedDB operations
[90mstdout[2m | unknown test
[22m[39m[Task Completion] DOM action listeners initialized
[90mstdout[2m | unknown test
[22m[39m[Task Completion] Auto-completion detector initialized
[90mstdout[2m | unknown test
[22m[39m[Preview] Task completion detector initialized
[90mstdout[2m | src/components/Gamification/ProgressRings.stories.tsx[2m > [22m[2mMultiple Modules
[22m[39m[TranslationModeController] Setting mode to: off
[90mstdout[2m | src/components/Gamification/ProgressRings.stories.tsx[2m > [22m[2mSingle Module
[22m[39m[TranslationModeController] Setting mode to: off
[90mstdout[2m | src/components/Gamification/ProgressRings.stories.tsx[2m > [22m[2mEmpty
[22m[39m[TranslationModeController] Setting mode to: off
 [32m✓[39m [30m[45m storybook (chromium) [49m[39m src/components/Gamification/ProgressRings.stories.tsx [2m([22m[2m3 tests[22m[2m)[22m[33m 569[2mms[22m[39m
   [33m[2m✓[22m[39m Empty [33m 315[2mms[22m[39m
[90mstdout[2m | unknown test
[22m[39m[MOCK vectorStoreDB.js] Module loaded - mock IndexedDB operations
[90mstdout[2m | unknown test
[22m[39m[Task Completion] DOM action listeners initialized
[90mstdout[2m | unknown test
[22m[39m[Task Completion] Auto-completion detector initialized
[90mstdout[2m | unknown test
[22m[39m[Preview] Task completion detector initialized
[90mstdout[2m | src/components/Editor3/plugins/SearchHighlightPlugin.stories.jsx[2m > [22m[2mDefault
[22m[39m[Preview] Skipped initializing default mock data (initializeMockData=false)
[90mstdout[2m | src/components/Editor3/plugins/SearchHighlightPlugin.stories.jsx[2m > [22m[2mDefault
[22m[39m[MOCK CourseVectorStore] Initialized with mock data
[90mstdout[2m | src/components/Editor3/plugins/SearchHighlightPlugin.stories.jsx[2m > [22m[2mDefault
[22m[39m[TranslationModeController] Setting mode to: off
[90mstdout[2m | src/components/Editor3/plugins/SearchHighlightPlugin.stories.jsx[2m > [22m[2mDefault
[22m[39m[UnitContext] useEffect triggered {
  "authLoading": false,
  "hasUser": true,
  "id": "mock-unit-id",
  "userSub": "mock-user-sub",
}
[90mstdout[2m | src/components/Editor3/plugins/SearchHighlightPlugin.stories.jsx[2m > [22m[2mDefault
[22m[39m[UnitContext] Fetching unit data for id: mock-unit-id
[90mstdout[2m | src/components/Editor3/plugins/SearchHighlightPlugin.stories.jsx[2m > [22m[2mDefault
[22m[39m[FilesContext] Initializing vector store from IndexedDB
[90mstdout[2m | src/components/Editor3/plugins/SearchHighlightPlugin.stories.jsx[2m > [22m[2mDefault
[22m[39m[FilesContext] fetchFiles called
[90mstdout[2m | src/components/Editor3/plugins/SearchHighlightPlugin.stories.jsx[2m > [22m[2mDefault
[22m[39m[FilesContext] User authenticated: mock-user-sub
[90mstdout[2m | src/components/Editor3/plugins/SearchHighlightPlugin.stories.jsx[2m > [22m[2mDefault
[22m[39m[FilesContext] Identity ID: us-east-1:mock-identity-123
[90mstdout[2m | src/components/Editor3/plugins/SearchHighlightPlugin.stories.jsx[2m > [22m[2mDefault
[22m[39m[FilesContext] About to set up File observeQuery
[90mstdout[2m | src/components/Editor3/plugins/SearchHighlightPlugin.stories.jsx[2m > [22m[2mDefault
[22m[39m[ChatContext] Setting up AssistantChat observeQuery
[90mstdout[2m | src/components/Editor3/plugins/SearchHighlightPlugin.stories.jsx[2m > [22m[2mDefault
[22m[39m[ChatContext] Waiting for subscription to initialize
[90mstdout[2m | src/components/Editor3/plugins/SearchHighlightPlugin.stories.jsx[2m > [22m[2mDefault
[22m[39m[SettingsContext] Setting up Settings subscription for user: mock-user-sub
[90mstdout[2m | src/components/Editor3/plugins/SearchHighlightPlugin.stories.jsx[2m > [22m[2mDefault
[22m[39m[Mock Data] Settings created: mock-settings-1790416791374 - notified 0 subscribers
[90mstdout[2m | src/components/Editor3/plugins/SearchHighlightPlugin.stories.jsx[2m > [22m[2mDefault
[22m[39m[Mock Data] Unit.onUpdate() subscription added. Total: 1
[90mstdout[2m | src/components/Editor3/plugins/SearchHighlightPlugin.stories.jsx[2m > [22m[2mDefault
[22m[39m[SectionContext] Section observeQuery update: 0
[90mstdout[2m | src/components/Editor3/plugins/SearchHighlightPlugin.stories.jsx[2m > [22m[2mDefault
[22m[39m[FilesContext] File observeQuery update: 0 files
[90mstdout[2m | src/components/Editor3/plugins/SearchHighlightPlugin.stories.jsx[2m > [22m[2mDefault
[22m[39m[ChatContext] AssistantChat initialized with 0 chats
[90mstdout[2m | src/components/Editor3/plugins/SearchHighlightPlugin.stories.jsx[2m > [22m[2mDefault
[22m[39m[MOCK CourseVectorStore] Initialized with mock data
[90mstdout[2m | src/components/Editor3/plugins/SearchHighlightPlugin.stories.jsx[2m > [22m[2mDefault
[22m[39m[ChatContext] No current chat available, will create one
[90mstdout[2m | src/components/Editor3/plugins/SearchHighlightPlugin.stories.jsx[2m > [22m[2mDefault
[22m[39m[ChatContext] Creating AssistantChat with user: undefined
[90mstdout[2m | src/components/Editor3/plugins/SearchHighlightPlugin.stories.jsx[2m > [22m[2mDefault
[22m[39m[Mock Data] AssistantChat created: mock-assistantchat-1790416791432 - notified 1 subscribers
[90mstdout[2m | src/components/Editor3/plugins/SearchHighlightPlugin.stories.jsx[2m > [22m[2mDefault
[22m[39m[ChatContext] Create result: {
  "data": {
    "_version": 1,
    "archived": false,
    "chatFiles": [Function anonymous],
    "createdAt": "2026-09-26T09:59:51.432Z",
    "id": "mock-assistantchat-1790416791432",
    "model": "gpt-4",
    "updatedAt": "2026-09-26T09:59:51.432Z",
  },
  "errors": [],
  "hasData": true,
  "hasErrors": true,
}
[90mstdout[2m | src/components/Editor3/plugins/SearchHighlightPlugin.stories.jsx[2m > [22m[2mDefault
[22m[39m[ChatContext] Created AssistantChat: mock-assistantchat-1790416791432 at: 2026-09-26T09:59:51.432Z
[90mstdout[2m | src/components/Editor3/plugins/SearchHighlightPlugin.stories.jsx[2m > [22m[2mDefault
[22m[39m[Mock Storage] downloadData called with: undefined
[90mstdout[2m | src/components/Editor3/plugins/SearchHighlightPlugin.stories.jsx[2m > [22m[2mDefault
[22m[39m[ChatContext] Setting initial chat: mock-assistantchat-1790416791432
[90mstdout[2m | src/components/Editor3/plugins/SearchHighlightPlugin.stories.jsx[2m > [22m[2mDefault
[22m[39m[ChatContext] Chat exists and not archived, skipping creation
[90mstdout[2m | src/components/Editor3/plugins/SearchHighlightPlugin.stories.jsx[2m > [22m[2mWith Multiple Matches
[22m[39m[ChatContext] Cleaning up subscriptions
[90mstdout[2m | src/components/Editor3/plugins/SearchHighlightPlugin.stories.jsx[2m > [22m[2mWith Multiple Matches
[22m[39m[Mock Data] Unit.onUpdate() subscription removed. Remaining: 0
[90mstdout[2m | src/components/Editor3/plugins/SearchHighlightPlugin.stories.jsx[2m > [22m[2mWith Multiple Matches
[22m[39m[Preview] Skipped initializing default mock data (initializeMockData=false)
[90mstdout[2m | src/components/Editor3/plugins/SearchHighlightPlugin.stories.jsx[2m > [22m[2mWith Multiple Matches
[22m[39m[MOCK CourseVectorStore] Initialized with mock data
[90mstdout[2m | src/components/Editor3/plugins/SearchHighlightPlugin.stories.jsx[2m > [22m[2mWith Multiple Matches
[22m[39m[TranslationModeController] Setting mode to: off
[90mstdout[2m | src/components/Editor3/plugins/SearchHighlightPlugin.stories.jsx[2m > [22m[2mWith Multiple Matches
[22m[39m[UnitContext] useEffect triggered {
  "authLoading": false,
  "hasUser": true,
  "id": "mock-unit-id",
  "userSub": "mock-user-sub",
}
[90mstdout[2m | src/components/Editor3/plugins/SearchHighlightPlugin.stories.jsx[2m > [22m[2mWith Multiple Matches
[22m[39m[UnitContext] Fetching unit data for id: mock-unit-id
[90mstdout[2m | src/components/Editor3/plugins/SearchHighlightPlugin.stories.jsx[2m > [22m[2mWith Multiple Matches
[22m[39m[FilesContext] Initializing vector store from IndexedDB
[90mstdout[2m | src/components/Editor3/plugins/SearchHighlightPlugin.stories.jsx[2m > [22m[2mWith Multiple Matches
[22m[39m[FilesContext] fetchFiles called
[90mstdout[2m | src/components/Editor3/plugins/SearchHighlightPlugin.stories.jsx[2m > [22m[2mWith Multiple Matches
[22m[39m[FilesContext] User authenticated: mock-user-sub
[90mstdout[2m | src/components/Editor3/plugins/SearchHighlightPlugin.stories.jsx[2m > [22m[2mWith Multiple Matches
[22m[39m[FilesContext] Identity ID: us-east-1:mock-identity-123
[90mstdout[2m | src/components/Editor3/plugins/SearchHighlightPlugin.stories.jsx[2m > [22m[2mWith Multiple Matches
[22m[39m[FilesContext] About to set up File observeQuery
[90mstdout[2m | src/components/Editor3/plugins/SearchHighlightPlugin.stories.jsx[2m > [22m[2mWith Multiple Matches
[22m[39m[ChatContext] Setting up AssistantChat observeQuery
[90mstdout[2m | src/components/Editor3/plugins/SearchHighlightPlugin.stories.jsx[2m > [22m[2mWith Multiple Matches
[22m[39m[ChatContext] Waiting for subscription to initialize
[90mstdout[2m | src/components/Editor3/plugins/SearchHighlightPlugin.stories.jsx[2m > [22m[2mWith Multiple Matches
[22m[39m[SettingsContext] Setting up Settings subscription for user: mock-user-sub
[90mstdout[2m | src/components/Editor3/plugins/SearchHighlightPlugin.stories.jsx[2m > [22m[2mWith Multiple Matches
[22m[39m[Mock Data] Settings created: mock-settings-1790416791884 - notified 0 subscribers
[90mstdout[2m | src/components/Editor3/plugins/SearchHighlightPlugin.stories.jsx[2m > [22m[2mWith Multiple Matches
[22m[39m[Mock Data] Unit.onUpdate() subscription added. Total: 1
[90mstdout[2m | src/components/Editor3/plugins/SearchHighlightPlugin.stories.jsx[2m > [22m[2mWith Multiple Matches
[22m[39m[SectionContext] Section observeQuery update: 0
[90mstdout[2m | src/components/Editor3/plugins/SearchHighlightPlugin.stories.jsx[2m > [22m[2mWith Multiple Matches
[22m[39m[FilesContext] File observeQuery update: 0 files
[90mstdout[2m | src/components/Editor3/plugins/SearchHighlightPlugin.stories.jsx[2m > [22m[2mWith Multiple Matches
[22m[39m[ChatContext] AssistantChat initialized with 0 chats
[90mstdout[2m | src/components/Editor3/plugins/SearchHighlightPlugin.stories.jsx[2m > [22m[2mWith Multiple Matches
[22m[39m[MOCK CourseVectorStore] Initialized with mock data
[90mstdout[2m | src/components/Editor3/plugins/SearchHighlightPlugin.stories.jsx[2m > [22m[2mWith Multiple Matches
[22m[39m[ChatContext] No current chat available, will create one
[90mstdout[2m | src/components/Editor3/plugins/SearchHighlightPlugin.stories.jsx[2m > [22m[2mWith Multiple Matches
[22m[39m[ChatContext] Creating AssistantChat with user: undefined
[90mstdout[2m | src/components/Editor3/plugins/SearchHighlightPlugin.stories.jsx[2m > [22m[2mWith Multiple Matches
[22m[39m[Mock Data] AssistantChat created: mock-assistantchat-1790416791897 - notified 1 subscribers
[90mstdout[2m | src/components/Editor3/plugins/SearchHighlightPlugin.stories.jsx[2m > [22m[2mWith Multiple Matches
[22m[39m[ChatContext] Create result: {
  "data": {
    "_version": 1,
    "archived": false,
    "chatFiles": [Function anonymous],
    "createdAt": "2026-09-26T09:59:51.897Z",
    "id": "mock-assistantchat-1790416791897",
    "model": "gpt-4",
    "updatedAt": "2026-09-26T09:59:51.897Z",
  },
  "errors": [],
  "hasData": true,
  "hasErrors": true,
}
[90mstdout[2m | src/components/Editor3/plugins/SearchHighlightPlugin.stories.jsx[2m > [22m[2mWith Multiple Matches
[22m[39m[ChatContext] Created AssistantChat: mock-assistantchat-1790416791897 at: 2026-09-26T09:59:51.897Z
[90mstdout[2m | src/components/Editor3/plugins/SearchHighlightPlugin.stories.jsx[2m > [22m[2mWith Multiple Matches
[22m[39m[Mock Storage] downloadData called with: undefined
[90mstdout[2m | src/components/Editor3/plugins/SearchHighlightPlugin.stories.jsx[2m > [22m[2mWith Multiple Matches
[22m[39m[ChatContext] Setting initial chat: mock-assistantchat-1790416791897
[90mstdout[2m | src/components/Editor3/plugins/SearchHighlightPlugin.stories.jsx[2m > [22m[2mWith Multiple Matches
[22m[39m[ChatContext] Chat exists and not archived, skipping creation
[90mstdout[2m | src/components/Editor3/plugins/SearchHighlightPlugin.stories.jsx[2m > [22m[2mCase Insensitive
[22m[39m[ChatContext] Cleaning up subscriptions
[90mstdout[2m | src/components/Editor3/plugins/SearchHighlightPlugin.stories.jsx[2m > [22m[2mCase Insensitive
[22m[39m[Mock Data] Unit.onUpdate() subscription removed. Remaining: 0
[90mstdout[2m | src/components/Editor3/plugins/SearchHighlightPlugin.stories.jsx[2m > [22m[2mCase Insensitive
[22m[39m[Preview] Skipped initializing default mock data (initializeMockData=false)
[90mstdout[2m | src/components/Editor3/plugins/SearchHighlightPlugin.stories.jsx[2m > [22m[2mCase Insensitive
[22m[39m[MOCK CourseVectorStore] Initialized with mock data
[90mstdout[2m | src/components/Editor3/plugins/SearchHighlightPlugin.stories.jsx[2m > [22m[2mCase Insensitive
[22m[39m[TranslationModeController] Setting mode to: off
[90mstdout[2m | src/components/Editor3/plugins/SearchHighlightPlugin.stories.jsx[2m > [22m[2mCase Insensitive
[22m[39m[UnitContext] useEffect triggered {
  "authLoading": false,
  "hasUser": true,
  "id": "mock-unit-id",
  "userSub": "mock-user-sub",
}
[90mstdout[2m | src/components/Editor3/plugins/SearchHighlightPlugin.stories.jsx[2m > [22m[2mCase Insensitive
[22m[39m[UnitContext] Fetching unit data for id: mock-unit-id
[90mstdout[2m | src/components/Editor3/plugins/SearchHighlightPlugin.stories.jsx[2m > [22m[2mCase Insensitive
[22m[39m[FilesContext] Initializing vector store from IndexedDB
[90mstdout[2m | src/components/Editor3/plugins/SearchHighlightPlugin.stories.jsx[2m > [22m[2mCase Insensitive
[22m[39m[FilesContext] fetchFiles called
[90mstdout[2m | src/components/Editor3/plugins/SearchHighlightPlugin.stories.jsx[2m > [22m[2mCase Insensitive
[22m[39m[FilesContext] User authenticated: mock-user-sub
[90mstdout[2m | src/components/Editor3/plugins/SearchHighlightPlugin.stories.jsx[2m > [22m[2mCase Insensitive
[22m[39m[FilesContext] Identity ID: us-east-1:mock-identity-123
[90mstdout[2m | src/components/Editor3/plugins/SearchHighlightPlugin.stories.jsx[2m > [22m[2mCase Insensitive
[22m[39m[FilesContext] About to set up File observeQuery
[90mstdout[2m | src/components/Editor3/plugins/SearchHighlightPlugin.stories.jsx[2m > [22m[2mCase Insensitive
[22m[39m[ChatContext] Setting up AssistantChat observeQuery
[90mstdout[2m | src/components/Editor3/plugins/SearchHighlightPlugin.stories.jsx[2m > [22m[2mCase Insensitive
[22m[39m[ChatContext] Waiting for subscription to initialize
[90mstdout[2m | src/components/Editor3/plugins/SearchHighlightPlugin.stories.jsx[2m > [22m[2mCase Insensitive
[22m[39m[SettingsContext] Setting up Settings subscription for user: mock-user-sub
[90mstdout[2m | src/components/Editor3/plugins/SearchHighlightPlugin.stories.jsx[2m > [22m[2mCase Insensitive
[22m[39m[Mock Data] Settings created: mock-settings-1790416792100 - notified 0 subscribers
[90mstdout[2m | src/components/Editor3/plugins/SearchHighlightPlugin.stories.jsx[2m > [22m[2mCase Insensitive
[22m[39m[Mock Data] Unit.onUpdate() subscription added. Total: 1
[90mstdout[2m | src/components/Editor3/plugins/SearchHighlightPlugin.stories.jsx[2m > [22m[2mCase Insensitive
[22m[39m[SectionContext] Section observeQuery update: 0
[90mstdout[2m | src/components/Editor3/plugins/SearchHighlightPlugin.stories.jsx[2m > [22m[2mCase Insensitive
[22m[39m[FilesContext] File observeQuery update: 0 files
[90mstdout[2m | src/components/Editor3/plugins/SearchHighlightPlugin.stories.jsx[2m > [22m[2mCase Insensitive
[22m[39m[ChatContext] AssistantChat initialized with 0 chats
[90mstdout[2m | src/components/Editor3/plugins/SearchHighlightPlugin.stories.jsx[2m > [22m[2mCase Insensitive
[22m[39m[MOCK CourseVectorStore] Initialized with mock data
[90mstdout[2m | src/components/Editor3/plugins/SearchHighlightPlugin.stories.jsx[2m > [22m[2mCase Insensitive
[22m[39m[ChatContext] No current chat available, will create one
[90mstdout[2m | src/components/Editor3/plugins/SearchHighlightPlugin.stories.jsx[2m > [22m[2mCase Insensitive
[22m[39m[ChatContext] Creating AssistantChat with user: undefined
[90mstdout[2m | src/components/Editor3/plugins/SearchHighlightPlugin.stories.jsx[2m > [22m[2mCase Insensitive
[22m[39m[Mock Data] AssistantChat created: mock-assistantchat-1790416792116 - notified 1 subscribers
[90mstdout[2m | src/components/Editor3/plugins/SearchHighlightPlugin.stories.jsx[2m > [22m[2mCase Insensitive
[22m[39m[ChatContext] Create result: {
  "data": {
    "_version": 1,
    "archived": false,
    "chatFiles": [Function anonymous],
    "createdAt": "2026-09-26T09:59:52.116Z",
    "id": "mock-assistantchat-1790416792116",
    "model": "gpt-4",
    "updatedAt": "2026-09-26T09:59:52.116Z",
  },
  "errors": [],
  "hasData": true,
  "hasErrors": true,
}
[90mstdout[2m | src/components/Editor3/plugins/SearchHighlightPlugin.stories.jsx[2m > [22m[2mCase Insensitive
[22m[39m[ChatContext] Created AssistantChat: mock-assistantchat-1790416792116 at: 2026-09-26T09:59:52.116Z
[90mstdout[2m | src/components/Editor3/plugins/SearchHighlightPlugin.stories.jsx[2m > [22m[2mCase Insensitive
[22m[39m[Mock Storage] downloadData called with: undefined
[90mstdout[2m | src/components/Editor3/plugins/SearchHighlightPlugin.stories.jsx[2m > [22m[2mCase Insensitive
[22m[39m[ChatContext] Setting initial chat: mock-assistantchat-1790416792116
[90mstdout[2m | src/components/Editor3/plugins/SearchHighlightPlugin.stories.jsx[2m > [22m[2mCase Insensitive
[22m[39m[ChatContext] Chat exists and not archived, skipping creation
 [32m✓[39m [30m[45m storybook (chromium) [49m[39m src/components/Editor3/plugins/SearchHighlightPlugin.stories.jsx [2m([22m[2m3 tests[22m[2m)[22m[33m 1030[2mms[22m[39m
   [33m[2m✓[22m[39m Default [33m 632[2mms[22m[39m
[90mstdout[2m | unknown test
[22m[39m[MOCK vectorStoreDB.js] Module loaded - mock IndexedDB operations
[90mstdout[2m | unknown test
[22m[39m[Task Completion] DOM action listeners initialized
[90mstdout[2m | unknown test
[22m[39m[Task Completion] Auto-completion detector initialized
[90mstdout[2m | unknown test
[22m[39m[Preview] Task completion detector initialized
[90mstdout[2m | src/components/Gamification/CampaignBriefing.stories.tsx[2m > [22m[2mDefault
[22m[39m[TranslationModeController] Setting mode to: off
[90mstdout[2m | src/components/Gamification/CampaignBriefing.stories.tsx[2m > [22m[2mLoading
[22m[39m[TranslationModeController] Setting mode to: off
[90mstdout[2m | src/components/Gamification/CampaignBriefing.stories.tsx[2m > [22m[2mCompact
[22m[39m[TranslationModeController] Setting mode to: off
[90mstdout[2m | src/components/Gamification/CampaignBriefing.stories.tsx[2m > [22m[2mSetting Only
[22m[39m[TranslationModeController] Setting mode to: off
[90mstdout[2m | src/components/Gamification/CampaignBriefing.stories.tsx[2m > [22m[2mWith Embedded Content
[22m[39m[TranslationModeController] Setting mode to: off
 [32m✓[39m [30m[45m storybook (chromium) [49m[39m src/components/Gamification/CampaignBriefing.stories.tsx [2m([22m[2m5 tests[22m[2m)[22m[33m 505[2mms[22m[39m
[90mstdout[2m | unknown test
[22m[39m[MOCK vectorStoreDB.js] Module loaded - mock IndexedDB operations
[90mstdout[2m | unknown test
[22m[39m[Task Completion] DOM action listeners initialized
[90mstdout[2m | unknown test
[22m[39m[Task Completion] Auto-completion detector initialized
[90mstdout[2m | unknown test
[22m[39m[Preview] Task completion detector initialized
[90mstdout[2m | src/components/Leaderboard/LeaderboardTable.stories.tsx[2m > [22m[2mDefault
[22m[39m[MOCK CourseVectorStore] Initialized with mock data
[90mstdout[2m | src/components/Leaderboard/LeaderboardTable.stories.tsx[2m > [22m[2mDefault
[22m[39m[TranslationModeController] Setting mode to: off
[90mstdout[2m | src/components/Leaderboard/LeaderboardTable.stories.tsx[2m > [22m[2mDefault
[22m[39m[UnitContext] useEffect triggered {
  "authLoading": false,
  "hasUser": true,
  "id": "mock-unit-id",
  "userSub": "mock-user-sub",
}
[90mstdout[2m | src/components/Leaderboard/LeaderboardTable.stories.tsx[2m > [22m[2mDefault
[22m[39m[UnitContext] Fetching unit data for id: mock-unit-id
[90mstdout[2m | src/components/Leaderboard/LeaderboardTable.stories.tsx[2m > [22m[2mDefault
[22m[39m[FilesContext] Initializing vector store from IndexedDB
[90mstdout[2m | src/components/Leaderboard/LeaderboardTable.stories.tsx[2m > [22m[2mDefault
[22m[39m[FilesContext] fetchFiles called
[90mstdout[2m | src/components/Leaderboard/LeaderboardTable.stories.tsx[2m > [22m[2mDefault
[22m[39m[FilesContext] User authenticated: mock-user-sub
[90mstdout[2m | src/components/Leaderboard/LeaderboardTable.stories.tsx[2m > [22m[2mDefault
[22m[39m[FilesContext] Identity ID: us-east-1:mock-identity-123
[90mstdout[2m | src/components/Leaderboard/LeaderboardTable.stories.tsx[2m > [22m[2mDefault
[22m[39m[FilesContext] About to set up File observeQuery
[90mstdout[2m | src/components/Leaderboard/LeaderboardTable.stories.tsx[2m > [22m[2mDefault
[22m[39m[ChatContext] Setting up AssistantChat observeQuery
[90mstdout[2m | src/components/Leaderboard/LeaderboardTable.stories.tsx[2m > [22m[2mDefault
[22m[39m[ChatContext] Waiting for subscription to initialize
[90mstdout[2m | src/components/Leaderboard/LeaderboardTable.stories.tsx[2m > [22m[2mDefault
[22m[39m[SettingsContext] Setting up Settings subscription for user: mock-user-sub
[90mstdout[2m | src/components/Leaderboard/LeaderboardTable.stories.tsx[2m > [22m[2mDefault
[22m[39m[Mock Data] Settings created: mock-settings-1790416798941 - notified 0 subscribers
[90mstdout[2m | src/components/Leaderboard/LeaderboardTable.stories.tsx[2m > [22m[2mDefault
[22m[39m[Mock Data] Unit.onUpdate() subscription added. Total: 1
[90mstdout[2m | src/components/Leaderboard/LeaderboardTable.stories.tsx[2m > [22m[2mDefault
[22m[39m[SectionContext] Section observeQuery update: 0
[90mstdout[2m | src/components/Leaderboard/LeaderboardTable.stories.tsx[2m > [22m[2mDefault
[22m[39m[FilesContext] File observeQuery update: 6 files
[90mstdout[2m | src/components/Leaderboard/LeaderboardTable.stories.tsx[2m > [22m[2mDefault
[22m[39m[ChatContext] AssistantChat initialized with 1 chats
[90mstdout[2m | src/components/Leaderboard/LeaderboardTable.stories.tsx[2m > [22m[2mDefault
[22m[39m[ChatContext] Setting initial chat: mock-assistant-chat-1
[90mstdout[2m | src/components/Leaderboard/LeaderboardTable.stories.tsx[2m > [22m[2mDefault
[22m[39m[MOCK CourseVectorStore] Initialized with mock data
[90mstdout[2m | src/components/Leaderboard/LeaderboardTable.stories.tsx[2m > [22m[2mDefault
[22m[39m[FilesContext] Vector store population triggered {
  "currentVectorStoreSize": 3,
  "documentsCount": 0,
  "filesCount": 6,
  "isInitialLoad": true,
}
[90mstdout[2m | src/components/Leaderboard/LeaderboardTable.stories.tsx[2m > [22m[2mDefault
[22m[39m[FilesContext] Vector store population complete - 3 total embeddings
[90mstdout[2m | src/components/Leaderboard/LeaderboardTable.stories.tsx[2m > [22m[2mDefault
[22m[39m[ChatContext] Chat exists and not archived, skipping creation
[90mstdout[2m | src/components/Leaderboard/LeaderboardTable.stories.tsx[2m > [22m[2mDefault
[22m[39m[Mock Storage] downloadData called with: undefined
[90mstdout[2m | src/components/Leaderboard/LeaderboardTable.stories.tsx[2m > [22m[2mEmpty
[22m[39m[ChatContext] Cleaning up subscriptions
[90mstdout[2m | src/components/Leaderboard/LeaderboardTable.stories.tsx[2m > [22m[2mEmpty
[22m[39m[Mock Data] Unit.onUpdate() subscription removed. Remaining: 0
[90mstdout[2m | src/components/Leaderboard/LeaderboardTable.stories.tsx[2m > [22m[2mEmpty
[22m[39m[MOCK CourseVectorStore] Initialized with mock data
[90mstdout[2m | src/components/Leaderboard/LeaderboardTable.stories.tsx[2m > [22m[2mEmpty
[22m[39m[TranslationModeController] Setting mode to: off
[90mstdout[2m | src/components/Leaderboard/LeaderboardTable.stories.tsx[2m > [22m[2mEmpty
[22m[39m[UnitContext] useEffect triggered {
  "authLoading": false,
  "hasUser": true,
  "id": "mock-unit-id",
  "userSub": "mock-user-sub",
}
[90mstdout[2m | src/components/Leaderboard/LeaderboardTable.stories.tsx[2m > [22m[2mEmpty
[22m[39m[UnitContext] Fetching unit data for id: mock-unit-id
[90mstdout[2m | src/components/Leaderboard/LeaderboardTable.stories.tsx[2m > [22m[2mEmpty
[22m[39m[FilesContext] Initializing vector store from IndexedDB
[90mstdout[2m | src/components/Leaderboard/LeaderboardTable.stories.tsx[2m > [22m[2mEmpty
[22m[39m[FilesContext] fetchFiles called
[90mstdout[2m | src/components/Leaderboard/LeaderboardTable.stories.tsx[2m > [22m[2mEmpty
[22m[39m[FilesContext] User authenticated: mock-user-sub
[90mstdout[2m | src/components/Leaderboard/LeaderboardTable.stories.tsx[2m > [22m[2mEmpty
[22m[39m[FilesContext] Identity ID: us-east-1:mock-identity-123
[90mstdout[2m | src/components/Leaderboard/LeaderboardTable.stories.tsx[2m > [22m[2mEmpty
[22m[39m[FilesContext] About to set up File observeQuery
[90mstdout[2m | src/components/Leaderboard/LeaderboardTable.stories.tsx[2m > [22m[2mEmpty
[22m[39m[ChatContext] Setting up AssistantChat observeQuery
[90mstdout[2m | src/components/Leaderboard/LeaderboardTable.stories.tsx[2m > [22m[2mEmpty
[22m[39m[ChatContext] Waiting for subscription to initialize
[90mstdout[2m | src/components/Leaderboard/LeaderboardTable.stories.tsx[2m > [22m[2mEmpty
[22m[39m[SettingsContext] Setting up Settings subscription for user: mock-user-sub
[90mstdout[2m | src/components/Leaderboard/LeaderboardTable.stories.tsx[2m > [22m[2mEmpty
[22m[39m[Mock Data] Settings created: mock-settings-1790416799219 - notified 0 subscribers
[90mstdout[2m | src/components/Leaderboard/LeaderboardTable.stories.tsx[2m > [22m[2mEmpty
[22m[39m[Mock Data] Unit.onUpdate() subscription added. Total: 1
[90mstdout[2m | src/components/Leaderboard/LeaderboardTable.stories.tsx[2m > [22m[2mEmpty
[22m[39m[SectionContext] Section observeQuery update: 0
[90mstdout[2m | src/components/Leaderboard/LeaderboardTable.stories.tsx[2m > [22m[2mEmpty
[22m[39m[FilesContext] File observeQuery update: 6 files
[90mstdout[2m | src/components/Leaderboard/LeaderboardTable.stories.tsx[2m > [22m[2mEmpty
[22m[39m[ChatContext] AssistantChat initialized with 1 chats
[90mstdout[2m | src/components/Leaderboard/LeaderboardTable.stories.tsx[2m > [22m[2mEmpty
[22m[39m[ChatContext] Setting initial chat: mock-assistant-chat-1
[90mstdout[2m | src/components/Leaderboard/LeaderboardTable.stories.tsx[2m > [22m[2mEmpty
[22m[39m[MOCK CourseVectorStore] Initialized with mock data
[90mstdout[2m | src/components/Leaderboard/LeaderboardTable.stories.tsx[2m > [22m[2mEmpty
[22m[39m[FilesContext] Vector store population triggered {
  "currentVectorStoreSize": 3,
  "documentsCount": 0,
  "filesCount": 6,
  "isInitialLoad": true,
}
[90mstdout[2m | src/components/Leaderboard/LeaderboardTable.stories.tsx[2m > [22m[2mEmpty
[22m[39m[FilesContext] Vector store population complete - 3 total embeddings
[90mstdout[2m | src/components/Leaderboard/LeaderboardTable.stories.tsx[2m > [22m[2mEmpty
[22m[39m[ChatContext] Chat exists and not archived, skipping creation
[90mstdout[2m | src/components/Leaderboard/LeaderboardTable.stories.tsx[2m > [22m[2mEmpty
[22m[39m[Mock Storage] downloadData called with: undefined
 [32m✓[39m [30m[45m storybook (chromium) [49m[39m src/components/Leaderboard/LeaderboardTable.stories.tsx [2m([22m[2m2 tests[22m[2m)[22m[33m 422[2mms[22m[39m
   [33m[2m✓[22m[39m Default [32m 300[2mms[22m[39m
[90mstdout[2m | unknown test
[22m[39m[MOCK vectorStoreDB.js] Module loaded - mock IndexedDB operations
[90mstdout[2m | unknown test
[22m[39m[Task Completion] DOM action listeners initialized
[90mstdout[2m | unknown test
[22m[39m[Task Completion] Auto-completion detector initialized
[90mstdout[2m | unknown test
[22m[39m[Preview] Task completion detector initialized
[90mstdout[2m | src/components/Editor3/components/AIContentSuggestion.stories.jsx[2m > [22m[2mWith Suggestion
[22m[39m[MOCK CourseVectorStore] Initialized with mock data
[90mstdout[2m | src/components/Editor3/components/AIContentSuggestion.stories.jsx[2m > [22m[2mWith Suggestion
[22m[39m[TranslationModeController] Setting mode to: off
[90mstdout[2m | src/components/Editor3/components/AIContentSuggestion.stories.jsx[2m > [22m[2mWith Suggestion
[22m[39m[FilesContext] Initializing vector store from IndexedDB
[90mstdout[2m | src/components/Editor3/components/AIContentSuggestion.stories.jsx[2m > [22m[2mWith Suggestion
[22m[39m[FilesContext] fetchFiles called
[90mstdout[2m | src/components/Editor3/components/AIContentSuggestion.stories.jsx[2m > [22m[2mWith Suggestion
[22m[39m[FilesContext] User authenticated: mock-user-sub
[90mstdout[2m | src/components/Editor3/components/AIContentSuggestion.stories.jsx[2m > [22m[2mWith Suggestion
[22m[39m[FilesContext] Identity ID: us-east-1:mock-identity-123
[90mstdout[2m | src/components/Editor3/components/AIContentSuggestion.stories.jsx[2m > [22m[2mWith Suggestion
[22m[39m[FilesContext] About to set up File observeQuery
[90mstdout[2m | src/components/Editor3/components/AIContentSuggestion.stories.jsx[2m > [22m[2mWith Suggestion
[22m[39m[ChatContext] Setting up AssistantChat observeQuery
[90mstdout[2m | src/components/Editor3/components/AIContentSuggestion.stories.jsx[2m > [22m[2mWith Suggestion
[22m[39m[ChatContext] Waiting for subscription to initialize
[90mstdout[2m | src/components/Editor3/components/AIContentSuggestion.stories.jsx[2m > [22m[2mWith Suggestion
[22m[39m[SettingsContext] Setting up Settings subscription for user: mock-user-sub
[90mstdout[2m | src/components/Editor3/components/AIContentSuggestion.stories.jsx[2m > [22m[2mWith Suggestion
[22m[39m[Mock Data] Settings created: mock-settings-1790416800124 - notified 0 subscribers
[90mstdout[2m | src/components/Editor3/components/AIContentSuggestion.stories.jsx[2m > [22m[2mWith Suggestion
[22m[39m[FilesContext] File observeQuery update: 6 files
[90mstdout[2m | src/components/Editor3/components/AIContentSuggestion.stories.jsx[2m > [22m[2mWith Suggestion
[22m[39m[ChatContext] AssistantChat initialized with 1 chats
[90mstdout[2m | src/components/Editor3/components/AIContentSuggestion.stories.jsx[2m > [22m[2mWith Suggestion
[22m[39m[ChatContext] Setting initial chat: mock-assistant-chat-1
[90mstdout[2m | src/components/Editor3/components/AIContentSuggestion.stories.jsx[2m > [22m[2mWith Suggestion
[22m[39m[MOCK CourseVectorStore] Initialized with mock data
[90mstdout[2m | src/components/Editor3/components/AIContentSuggestion.stories.jsx[2m > [22m[2mWith Suggestion
[22m[39m[FilesContext] Vector store population triggered {
  "currentVectorStoreSize": 3,
  "documentsCount": 0,
  "filesCount": 6,
  "isInitialLoad": true,
}
[90mstdout[2m | src/components/Editor3/components/AIContentSuggestion.stories.jsx[2m > [22m[2mWith Suggestion
[22m[39m[FilesContext] Vector store population complete - 3 total embeddings
[90mstdout[2m | src/components/Editor3/components/AIContentSuggestion.stories.jsx[2m > [22m[2mWith Suggestion
[22m[39m[ChatContext] Chat exists and not archived, skipping creation
[90mstdout[2m | src/components/Editor3/components/AIContentSuggestion.stories.jsx[2m > [22m[2mWith Suggestion
[22m[39m[Mock Storage] downloadData called with: undefined
[90mstdout[2m | src/components/Editor3/components/AIContentSuggestion.stories.jsx[2m > [22m[2mLoading
[22m[39m[ChatContext] Cleaning up subscriptions
[90mstdout[2m | src/components/Editor3/components/AIContentSuggestion.stories.jsx[2m > [22m[2mLoading
[22m[39m[MOCK CourseVectorStore] Initialized with mock data
[90mstdout[2m | src/components/Editor3/components/AIContentSuggestion.stories.jsx[2m > [22m[2mLoading
[22m[39m[TranslationModeController] Setting mode to: off
[90mstdout[2m | src/components/Editor3/components/AIContentSuggestion.stories.jsx[2m > [22m[2mLoading
[22m[39m[FilesContext] Initializing vector store from IndexedDB
[90mstdout[2m | src/components/Editor3/components/AIContentSuggestion.stories.jsx[2m > [22m[2mLoading
[22m[39m[FilesContext] fetchFiles called
[90mstdout[2m | src/components/Editor3/components/AIContentSuggestion.stories.jsx[2m > [22m[2mLoading
[22m[39m[FilesContext] User authenticated: mock-user-sub
[90mstdout[2m | src/components/Editor3/components/AIContentSuggestion.stories.jsx[2m > [22m[2mLoading
[22m[39m[FilesContext] Identity ID: us-east-1:mock-identity-123
[90mstdout[2m | src/components/Editor3/components/AIContentSuggestion.stories.jsx[2m > [22m[2mLoading
[22m[39m[FilesContext] About to set up File observeQuery
[90mstdout[2m | src/components/Editor3/components/AIContentSuggestion.stories.jsx[2m > [22m[2mLoading
[22m[39m[ChatContext] Setting up AssistantChat observeQuery
[90mstdout[2m | src/components/Editor3/components/AIContentSuggestion.stories.jsx[2m > [22m[2mLoading
[22m[39m[ChatContext] Waiting for subscription to initialize
[90mstdout[2m | src/components/Editor3/components/AIContentSuggestion.stories.jsx[2m > [22m[2mLoading
[22m[39m[SettingsContext] Setting up Settings subscription for user: mock-user-sub
[90mstdout[2m | src/components/Editor3/components/AIContentSuggestion.stories.jsx[2m > [22m[2mLoading
[22m[39m[Mock Data] Settings created: mock-settings-1790416800260 - notified 0 subscribers
[90mstdout[2m | src/components/Editor3/components/AIContentSuggestion.stories.jsx[2m > [22m[2mLoading
[22m[39m[FilesContext] File observeQuery update: 6 files
[90mstdout[2m | src/components/Editor3/components/AIContentSuggestion.stories.jsx[2m > [22m[2mLoading
[22m[39m[ChatContext] AssistantChat initialized with 1 chats
[90mstdout[2m | src/components/Editor3/components/AIContentSuggestion.stories.jsx[2m > [22m[2mLoading
[22m[39m[ChatContext] Setting initial chat: mock-assistant-chat-1
[90mstdout[2m | src/components/Editor3/components/AIContentSuggestion.stories.jsx[2m > [22m[2mLoading
[22m[39m[MOCK CourseVectorStore] Initialized with mock data
[90mstdout[2m | src/components/Editor3/components/AIContentSuggestion.stories.jsx[2m > [22m[2mLoading
[22m[39m[FilesContext] Vector store population triggered {
  "currentVectorStoreSize": 3,
  "documentsCount": 0,
  "filesCount": 6,
  "isInitialLoad": true,
}
[90mstdout[2m | src/components/Editor3/components/AIContentSuggestion.stories.jsx[2m > [22m[2mLoading
[22m[39m[FilesContext] Vector store population complete - 3 total embeddings
[90mstdout[2m | src/components/Editor3/components/AIContentSuggestion.stories.jsx[2m > [22m[2mLoading
[22m[39m[ChatContext] Chat exists and not archived, skipping creation
[90mstdout[2m | src/components/Editor3/components/AIContentSuggestion.stories.jsx[2m > [22m[2mLoading
[22m[39m[Mock Storage] downloadData called with: undefined
[90mstdout[2m | src/components/Editor3/components/AIContentSuggestion.stories.jsx[2m > [22m[2mShort Suggestion
[22m[39m[ChatContext] Cleaning up subscriptions
[90mstdout[2m | src/components/Editor3/components/AIContentSuggestion.stories.jsx[2m > [22m[2mShort Suggestion
[22m[39m[MOCK CourseVectorStore] Initialized with mock data
[90mstdout[2m | src/components/Editor3/components/AIContentSuggestion.stories.jsx[2m > [22m[2mShort Suggestion
[22m[39m[TranslationModeController] Setting mode to: off
[90mstdout[2m | src/components/Editor3/components/AIContentSuggestion.stories.jsx[2m > [22m[2mShort Suggestion
[22m[39m[FilesContext] Initializing vector store from IndexedDB
[90mstdout[2m | src/components/Editor3/components/AIContentSuggestion.stories.jsx[2m > [22m[2mShort Suggestion
[22m[39m[FilesContext] fetchFiles called
[90mstdout[2m | src/components/Editor3/components/AIContentSuggestion.stories.jsx[2m > [22m[2mShort Suggestion
[22m[39m[FilesContext] User authenticated: mock-user-sub
[90mstdout[2m | src/components/Editor3/components/AIContentSuggestion.stories.jsx[2m > [22m[2mShort Suggestion
[22m[39m[FilesContext] Identity ID: us-east-1:mock-identity-123
[90mstdout[2m | src/components/Editor3/components/AIContentSuggestion.stories.jsx[2m > [22m[2mShort Suggestion
[22m[39m[FilesContext] About to set up File observeQuery
[90mstdout[2m | src/components/Editor3/components/AIContentSuggestion.stories.jsx[2m > [22m[2mShort Suggestion
[22m[39m[ChatContext] Setting up AssistantChat observeQuery
[90mstdout[2m | src/components/Editor3/components/AIContentSuggestion.stories.jsx[2m > [22m[2mShort Suggestion
[22m[39m[ChatContext] Waiting for subscription to initialize
[90mstdout[2m | src/components/Editor3/components/AIContentSuggestion.stories.jsx[2m > [22m[2mShort Suggestion
[22m[39m[SettingsContext] Setting up Settings subscription for user: mock-user-sub
[90mstdout[2m | src/components/Editor3/components/AIContentSuggestion.stories.jsx[2m > [22m[2mShort Suggestion
[22m[39m[Mock Data] Settings created: mock-settings-1790416800413 - notified 0 subscribers
[90mstdout[2m | src/components/Editor3/components/AIContentSuggestion.stories.jsx[2m > [22m[2mShort Suggestion
[22m[39m[FilesContext] File observeQuery update: 6 files
[90mstdout[2m | src/components/Editor3/components/AIContentSuggestion.stories.jsx[2m > [22m[2mShort Suggestion
[22m[39m[ChatContext] AssistantChat initialized with 1 chats
[90mstdout[2m | src/components/Editor3/components/AIContentSuggestion.stories.jsx[2m > [22m[2mShort Suggestion
[22m[39m[ChatContext] Setting initial chat: mock-assistant-chat-1
[90mstdout[2m | src/components/Editor3/components/AIContentSuggestion.stories.jsx[2m > [22m[2mShort Suggestion
[22m[39m[MOCK CourseVectorStore] Initialized with mock data
[90mstdout[2m | src/components/Editor3/components/AIContentSuggestion.stories.jsx[2m > [22m[2mShort Suggestion
[22m[39m[FilesContext] Vector store population triggered {
  "currentVectorStoreSize": 3,
  "documentsCount": 0,
  "filesCount": 6,
  "isInitialLoad": true,
}
[90mstdout[2m | src/components/Editor3/components/AIContentSuggestion.stories.jsx[2m > [22m[2mShort Suggestion
[22m[39m[FilesContext] Vector store population complete - 3 total embeddings
[90mstdout[2m | src/components/Editor3/components/AIContentSuggestion.stories.jsx[2m > [22m[2mShort Suggestion
[22m[39m[ChatContext] Chat exists and not archived, skipping creation
[90mstdout[2m | src/components/Editor3/components/AIContentSuggestion.stories.jsx[2m > [22m[2mShort Suggestion
[22m[39m[Mock Storage] downloadData called with: undefined
 [32m✓[39m [30m[45m storybook (chromium) [49m[39m src/components/Editor3/components/AIContentSuggestion.stories.jsx [2m([22m[2m3 tests[22m[2m)[22m[33m 428[2mms[22m[39m
[90mstdout[2m | unknown test
[22m[39m[MOCK vectorStoreDB.js] Module loaded - mock IndexedDB operations
[90mstdout[2m | unknown test
[22m[39m[Task Completion] DOM action listeners initialized
[90mstdout[2m | unknown test
[22m[39m[Task Completion] Auto-completion detector initialized
[90mstdout[2m | unknown test
[22m[39m[Preview] Task completion detector initialized
[90mstdout[2m | src/components/Workbook/ConnectionStatus.stories.tsx[2m > [22m[2mConnected
[22m[39m[MOCK CourseVectorStore] Initialized with mock data
[90mstdout[2m | src/components/Workbook/ConnectionStatus.stories.tsx[2m > [22m[2mConnected
[22m[39m[TranslationModeController] Setting mode to: off
[90mstdout[2m | src/components/Workbook/ConnectionStatus.stories.tsx[2m > [22m[2mConnected
[22m[39m[FilesContext] Initializing vector store from IndexedDB
[90mstdout[2m | src/components/Workbook/ConnectionStatus.stories.tsx[2m > [22m[2mConnected
[22m[39m[FilesContext] fetchFiles called
[90mstdout[2m | src/components/Workbook/ConnectionStatus.stories.tsx[2m > [22m[2mConnected
[22m[39m[FilesContext] User authenticated: mock-user-sub
[90mstdout[2m | src/components/Workbook/ConnectionStatus.stories.tsx[2m > [22m[2mConnected
[22m[39m[FilesContext] Identity ID: us-east-1:mock-identity-123
[90mstdout[2m | src/components/Workbook/ConnectionStatus.stories.tsx[2m > [22m[2mConnected
[22m[39m[FilesContext] About to set up File observeQuery
[90mstdout[2m | src/components/Workbook/ConnectionStatus.stories.tsx[2m > [22m[2mConnected
[22m[39m[ChatContext] Setting up AssistantChat observeQuery
[90mstdout[2m | src/components/Workbook/ConnectionStatus.stories.tsx[2m > [22m[2mConnected
[22m[39m[ChatContext] Waiting for subscription to initialize
[90mstdout[2m | src/components/Workbook/ConnectionStatus.stories.tsx[2m > [22m[2mConnected
[22m[39m[SettingsContext] Setting up Settings subscription for user: mock-user-sub
[90mstdout[2m | src/components/Workbook/ConnectionStatus.stories.tsx[2m > [22m[2mConnected
[22m[39m[Mock Data] Settings created: mock-settings-1790416805545 - notified 0 subscribers
[90mstdout[2m | src/components/Workbook/ConnectionStatus.stories.tsx[2m > [22m[2mConnected
[22m[39m[FilesContext] File observeQuery update: 6 files
[90mstdout[2m | src/components/Workbook/ConnectionStatus.stories.tsx[2m > [22m[2mConnected
[22m[39m[ChatContext] AssistantChat initialized with 1 chats
[90mstdout[2m | src/components/Workbook/ConnectionStatus.stories.tsx[2m > [22m[2mConnected
[22m[39m[ChatContext] Setting initial chat: mock-assistant-chat-1
[90mstdout[2m | src/components/Workbook/ConnectionStatus.stories.tsx[2m > [22m[2mConnected
[22m[39m[MOCK CourseVectorStore] Initialized with mock data
[90mstdout[2m | src/components/Workbook/ConnectionStatus.stories.tsx[2m > [22m[2mConnected
[22m[39m[FilesContext] Vector store population triggered {
  "currentVectorStoreSize": 3,
  "documentsCount": 0,
  "filesCount": 6,
  "isInitialLoad": true,
}
[90mstdout[2m | src/components/Workbook/ConnectionStatus.stories.tsx[2m > [22m[2mConnected
[22m[39m[FilesContext] Vector store population complete - 3 total embeddings
[90mstdout[2m | src/components/Workbook/ConnectionStatus.stories.tsx[2m > [22m[2mConnected
[22m[39m[ChatContext] Chat exists and not archived, skipping creation
[90mstdout[2m | src/components/Workbook/ConnectionStatus.stories.tsx[2m > [22m[2mConnected
[22m[39m[Mock Storage] downloadData called with: undefined
[90mstdout[2m | src/components/Workbook/ConnectionStatus.stories.tsx[2m > [22m[2mConnected Medium
[22m[39m[ChatContext] Cleaning up subscriptions
[90mstdout[2m | src/components/Workbook/ConnectionStatus.stories.tsx[2m > [22m[2mConnected Medium
[22m[39m[MOCK CourseVectorStore] Initialized with mock data
[90mstdout[2m | src/components/Workbook/ConnectionStatus.stories.tsx[2m > [22m[2mConnected Medium
[22m[39m[TranslationModeController] Setting mode to: off
[90mstdout[2m | src/components/Workbook/ConnectionStatus.stories.tsx[2m > [22m[2mConnected Medium
[22m[39m[FilesContext] Initializing vector store from IndexedDB
[90mstdout[2m | src/components/Workbook/ConnectionStatus.stories.tsx[2m > [22m[2mConnected Medium
[22m[39m[FilesContext] fetchFiles called
[90mstdout[2m | src/components/Workbook/ConnectionStatus.stories.tsx[2m > [22m[2mConnected Medium
[22m[39m[FilesContext] User authenticated: mock-user-sub
[90mstdout[2m | src/components/Workbook/ConnectionStatus.stories.tsx[2m > [22m[2mConnected Medium
[22m[39m[FilesContext] Identity ID: us-east-1:mock-identity-123
[90mstdout[2m | src/components/Workbook/ConnectionStatus.stories.tsx[2m > [22m[2mConnected Medium
[22m[39m[FilesContext] About to set up File observeQuery
[90mstdout[2m | src/components/Workbook/ConnectionStatus.stories.tsx[2m > [22m[2mConnected Medium
[22m[39m[ChatContext] Setting up AssistantChat observeQuery
[90mstdout[2m | src/components/Workbook/ConnectionStatus.stories.tsx[2m > [22m[2mConnected Medium
[22m[39m[ChatContext] Waiting for subscription to initialize
[90mstdout[2m | src/components/Workbook/ConnectionStatus.stories.tsx[2m > [22m[2mConnected Medium
[22m[39m[SettingsContext] Setting up Settings subscription for user: mock-user-sub
[90mstdout[2m | src/components/Workbook/ConnectionStatus.stories.tsx[2m > [22m[2mConnected Medium
[22m[39m[Mock Data] Settings created: mock-settings-1790416805751 - notified 0 subscribers
[90mstdout[2m | src/components/Workbook/ConnectionStatus.stories.tsx[2m > [22m[2mConnected Medium
[22m[39m[FilesContext] File observeQuery update: 6 files
[90mstdout[2m | src/components/Workbook/ConnectionStatus.stories.tsx[2m > [22m[2mConnected Medium
[22m[39m[ChatContext] AssistantChat initialized with 1 chats
[90mstdout[2m | src/components/Workbook/ConnectionStatus.stories.tsx[2m > [22m[2mConnected Medium
[22m[39m[ChatContext] Setting initial chat: mock-assistant-chat-1
[90mstdout[2m | src/components/Workbook/ConnectionStatus.stories.tsx[2m > [22m[2mConnected Medium
[22m[39m[MOCK CourseVectorStore] Initialized with mock data
[90mstdout[2m | src/components/Workbook/ConnectionStatus.stories.tsx[2m > [22m[2mConnected Medium
[22m[39m[FilesContext] Vector store population triggered {
  "currentVectorStoreSize": 3,
  "documentsCount": 0,
  "filesCount": 6,
  "isInitialLoad": true,
}
[90mstdout[2m | src/components/Workbook/ConnectionStatus.stories.tsx[2m > [22m[2mConnected Medium
[22m[39m[FilesContext] Vector store population complete - 3 total embeddings
[90mstdout[2m | src/components/Workbook/ConnectionStatus.stories.tsx[2m > [22m[2mConnected Medium
[22m[39m[ChatContext] Chat exists and not archived, skipping creation
[90mstdout[2m | src/components/Workbook/ConnectionStatus.stories.tsx[2m > [22m[2mConnected Medium
[22m[39m[Mock Storage] downloadData called with: undefined
[90mstdout[2m | src/components/Workbook/ConnectionStatus.stories.tsx[2m > [22m[2mNo Label
[22m[39m[ChatContext] Cleaning up subscriptions
[90mstdout[2m | src/components/Workbook/ConnectionStatus.stories.tsx[2m > [22m[2mNo Label
[22m[39m[MOCK CourseVectorStore] Initialized with mock data
[90mstdout[2m | src/components/Workbook/ConnectionStatus.stories.tsx[2m > [22m[2mNo Label
[22m[39m[TranslationModeController] Setting mode to: off
[90mstdout[2m | src/components/Workbook/ConnectionStatus.stories.tsx[2m > [22m[2mNo Label
[22m[39m[FilesContext] Initializing vector store from IndexedDB
[90mstdout[2m | src/components/Workbook/ConnectionStatus.stories.tsx[2m > [22m[2mNo Label
[22m[39m[FilesContext] fetchFiles called
[90mstdout[2m | src/components/Workbook/ConnectionStatus.stories.tsx[2m > [22m[2mNo Label
[22m[39m[FilesContext] User authenticated: mock-user-sub
[90mstdout[2m | src/components/Workbook/ConnectionStatus.stories.tsx[2m > [22m[2mNo Label
[22m[39m[FilesContext] Identity ID: us-east-1:mock-identity-123
[90mstdout[2m | src/components/Workbook/ConnectionStatus.stories.tsx[2m > [22m[2mNo Label
[22m[39m[FilesContext] About to set up File observeQuery
[90mstdout[2m | src/components/Workbook/ConnectionStatus.stories.tsx[2m > [22m[2mNo Label
[22m[39m[ChatContext] Setting up AssistantChat observeQuery
[90mstdout[2m | src/components/Workbook/ConnectionStatus.stories.tsx[2m > [22m[2mNo Label
[22m[39m[ChatContext] Waiting for subscription to initialize
[90mstdout[2m | src/components/Workbook/ConnectionStatus.stories.tsx[2m > [22m[2mNo Label
[22m[39m[SettingsContext] Setting up Settings subscription for user: mock-user-sub
[90mstdout[2m | src/components/Workbook/ConnectionStatus.stories.tsx[2m > [22m[2mNo Label
[22m[39m[Mock Data] Settings created: mock-settings-1790416805875 - notified 0 subscribers
[90mstdout[2m | src/components/Workbook/ConnectionStatus.stories.tsx[2m > [22m[2mNo Label
[22m[39m[FilesContext] File observeQuery update: 6 files
[90mstdout[2m | src/components/Workbook/ConnectionStatus.stories.tsx[2m > [22m[2mNo Label
[22m[39m[ChatContext] AssistantChat initialized with 1 chats
[90mstdout[2m | src/components/Workbook/ConnectionStatus.stories.tsx[2m > [22m[2mNo Label
[22m[39m[ChatContext] Setting initial chat: mock-assistant-chat-1
[90mstdout[2m | src/components/Workbook/ConnectionStatus.stories.tsx[2m > [22m[2mNo Label
[22m[39m[MOCK CourseVectorStore] Initialized with mock data
[90mstdout[2m | src/components/Workbook/ConnectionStatus.stories.tsx[2m > [22m[2mNo Label
[22m[39m[FilesContext] Vector store population triggered {
  "currentVectorStoreSize": 3,
  "documentsCount": 0,
  "filesCount": 6,
  "isInitialLoad": true,
}
[90mstdout[2m | src/components/Workbook/ConnectionStatus.stories.tsx[2m > [22m[2mNo Label
[22m[39m[FilesContext] Vector store population complete - 3 total embeddings
[90mstdout[2m | src/components/Workbook/ConnectionStatus.stories.tsx[2m > [22m[2mNo Label
[22m[39m[ChatContext] Chat exists and not archived, skipping creation
[90mstdout[2m | src/components/Workbook/ConnectionStatus.stories.tsx[2m > [22m[2mNo Label
[22m[39m[Mock Storage] downloadData called with: undefined
[90mstdout[2m | src/components/Workbook/ConnectionStatus.stories.tsx[2m > [22m[2mDisabled
[22m[39m[ChatContext] Cleaning up subscriptions
[90mstdout[2m | src/components/Workbook/ConnectionStatus.stories.tsx[2m > [22m[2mDisabled
[22m[39m[MOCK CourseVectorStore] Initialized with mock data
[90mstdout[2m | src/components/Workbook/ConnectionStatus.stories.tsx[2m > [22m[2mDisabled
[22m[39m[TranslationModeController] Setting mode to: off
[90mstdout[2m | src/components/Workbook/ConnectionStatus.stories.tsx[2m > [22m[2mDisabled
[22m[39m[FilesContext] Initializing vector store from IndexedDB
[90mstdout[2m | src/components/Workbook/ConnectionStatus.stories.tsx[2m > [22m[2mDisabled
[22m[39m[FilesContext] fetchFiles called
[90mstdout[2m | src/components/Workbook/ConnectionStatus.stories.tsx[2m > [22m[2mDisabled
[22m[39m[FilesContext] User authenticated: mock-user-sub
[90mstdout[2m | src/components/Workbook/ConnectionStatus.stories.tsx[2m > [22m[2mDisabled
[22m[39m[FilesContext] Identity ID: us-east-1:mock-identity-123
[90mstdout[2m | src/components/Workbook/ConnectionStatus.stories.tsx[2m > [22m[2mDisabled
[22m[39m[FilesContext] About to set up File observeQuery
[90mstdout[2m | src/components/Workbook/ConnectionStatus.stories.tsx[2m > [22m[2mDisabled
[22m[39m[ChatContext] Setting up AssistantChat observeQuery
[90mstdout[2m | src/components/Workbook/ConnectionStatus.stories.tsx[2m > [22m[2mDisabled
[22m[39m[ChatContext] Waiting for subscription to initialize
[90mstdout[2m | src/components/Workbook/ConnectionStatus.stories.tsx[2m > [22m[2mDisabled
[22m[39m[SettingsContext] Setting up Settings subscription for user: mock-user-sub
[90mstdout[2m | src/components/Workbook/ConnectionStatus.stories.tsx[2m > [22m[2mDisabled
[22m[39m[Mock Data] Settings created: mock-settings-1790416805975 - notified 0 subscribers
[90mstdout[2m | src/components/Workbook/ConnectionStatus.stories.tsx[2m > [22m[2mDisabled
[22m[39m[FilesContext] File observeQuery update: 6 files
[90mstdout[2m | src/components/Workbook/ConnectionStatus.stories.tsx[2m > [22m[2mDisabled
[22m[39m[ChatContext] AssistantChat initialized with 1 chats
[90mstdout[2m | src/components/Workbook/ConnectionStatus.stories.tsx[2m > [22m[2mDisabled
[22m[39m[ChatContext] Setting initial chat: mock-assistant-chat-1
[90mstdout[2m | src/components/Workbook/ConnectionStatus.stories.tsx[2m > [22m[2mDisabled
[22m[39m[MOCK CourseVectorStore] Initialized with mock data
[90mstdout[2m | src/components/Workbook/ConnectionStatus.stories.tsx[2m > [22m[2mDisabled
[22m[39m[FilesContext] Vector store population triggered {
  "currentVectorStoreSize": 3,
  "documentsCount": 0,
  "filesCount": 6,
  "isInitialLoad": true,
}
[90mstdout[2m | src/components/Workbook/ConnectionStatus.stories.tsx[2m > [22m[2mDisabled
[22m[39m[FilesContext] Vector store population complete - 3 total embeddings
[90mstdout[2m | src/components/Workbook/ConnectionStatus.stories.tsx[2m > [22m[2mDisabled
[22m[39m[ChatContext] Chat exists and not archived, skipping creation
[90mstdout[2m | src/components/Workbook/ConnectionStatus.stories.tsx[2m > [22m[2mDisabled
[22m[39m[Mock Storage] downloadData called with: undefined
 [32m✓[39m [30m[45m storybook (chromium) [49m[39m src/components/Workbook/ConnectionStatus.stories.tsx [2m([22m[2m4 tests[22m[2m)[22m[33m 552[2mms[22m[39m
[90mstdout[2m | unknown test
[22m[39m[MOCK vectorStoreDB.js] Module loaded - mock IndexedDB operations
[90mstdout[2m | unknown test
[22m[39m[Task Completion] DOM action listeners initialized
[90mstdout[2m | unknown test
[22m[39m[Task Completion] Auto-completion detector initialized
[90mstdout[2m | unknown test
[22m[39m[Preview] Task completion detector initialized
[90mstdout[2m | src/components/Workbook/CommentThreadDrawer.stories.tsx[2m > [22m[2mDrawer Open
[22m[39m[MOCK CourseVectorStore] Initialized with mock data
[90mstdout[2m | src/components/Workbook/CommentThreadDrawer.stories.tsx[2m > [22m[2mDrawer Open
[22m[39m[TranslationModeController] Setting mode to: off
[90mstdout[2m | src/components/Workbook/CommentThreadDrawer.stories.tsx[2m > [22m[2mDrawer Open
[22m[39m[UnitContext] useEffect triggered {
  "authLoading": false,
  "hasUser": true,
  "id": "mock-unit-id",
  "userSub": "mock-user-sub",
}
[90mstdout[2m | src/components/Workbook/CommentThreadDrawer.stories.tsx[2m > [22m[2mDrawer Open
[22m[39m[UnitContext] Fetching unit data for id: mock-unit-id
[90mstdout[2m | src/components/Workbook/CommentThreadDrawer.stories.tsx[2m > [22m[2mDrawer Open
[22m[39m[FilesContext] Initializing vector store from IndexedDB
[90mstdout[2m | src/components/Workbook/CommentThreadDrawer.stories.tsx[2m > [22m[2mDrawer Open
[22m[39m[FilesContext] fetchFiles called
[90mstdout[2m | src/components/Workbook/CommentThreadDrawer.stories.tsx[2m > [22m[2mDrawer Open
[22m[39m[FilesContext] User authenticated: mock-user-sub
[90mstdout[2m | src/components/Workbook/CommentThreadDrawer.stories.tsx[2m > [22m[2mDrawer Open
[22m[39m[FilesContext] Identity ID: us-east-1:mock-identity-123
[90mstdout[2m | src/components/Workbook/CommentThreadDrawer.stories.tsx[2m > [22m[2mDrawer Open
[22m[39m[FilesContext] About to set up File observeQuery
[90mstdout[2m | src/components/Workbook/CommentThreadDrawer.stories.tsx[2m > [22m[2mDrawer Open
[22m[39m[ChatContext] Setting up AssistantChat observeQuery
[90mstdout[2m | src/components/Workbook/CommentThreadDrawer.stories.tsx[2m > [22m[2mDrawer Open
[22m[39m[ChatContext] Waiting for subscription to initialize
[90mstdout[2m | src/components/Workbook/CommentThreadDrawer.stories.tsx[2m > [22m[2mDrawer Open
[22m[39m[SettingsContext] Setting up Settings subscription for user: mock-user-sub
[90mstdout[2m | src/components/Workbook/CommentThreadDrawer.stories.tsx[2m > [22m[2mDrawer Open
[22m[39m[Mock Data] Settings created: mock-settings-1790416806880 - notified 0 subscribers
[90mstdout[2m | src/components/Workbook/CommentThreadDrawer.stories.tsx[2m > [22m[2mDrawer Open
[22m[39m[Mock Data] Unit.onUpdate() subscription added. Total: 1
[90mstdout[2m | src/components/Workbook/CommentThreadDrawer.stories.tsx[2m > [22m[2mDrawer Open
[22m[39m[SectionContext] Section observeQuery update: 0
[90mstdout[2m | src/components/Workbook/CommentThreadDrawer.stories.tsx[2m > [22m[2mDrawer Open
[22m[39m[FilesContext] File observeQuery update: 6 files
[90mstdout[2m | src/components/Workbook/CommentThreadDrawer.stories.tsx[2m > [22m[2mDrawer Open
[22m[39m[ChatContext] AssistantChat initialized with 1 chats
[90mstdout[2m | src/components/Workbook/CommentThreadDrawer.stories.tsx[2m > [22m[2mDrawer Open
[22m[39m[ChatContext] Setting initial chat: mock-assistant-chat-1
[90mstdout[2m | src/components/Workbook/CommentThreadDrawer.stories.tsx[2m > [22m[2mDrawer Open
[22m[39m[MOCK CourseVectorStore] Initialized with mock data
[90mstdout[2m | src/components/Workbook/CommentThreadDrawer.stories.tsx[2m > [22m[2mDrawer Open
[22m[39m[FilesContext] Vector store population triggered {
  "currentVectorStoreSize": 3,
  "documentsCount": 0,
  "filesCount": 6,
  "isInitialLoad": true,
}
[90mstdout[2m | src/components/Workbook/CommentThreadDrawer.stories.tsx[2m > [22m[2mDrawer Open
[22m[39m[FilesContext] Vector store population complete - 3 total embeddings
[90mstdout[2m | src/components/Workbook/CommentThreadDrawer.stories.tsx[2m > [22m[2mDrawer Open
[22m[39m[ChatContext] Chat exists and not archived, skipping creation
[90mstdout[2m | src/components/Workbook/CommentThreadDrawer.stories.tsx[2m > [22m[2mDrawer Open
[22m[39m[Mock Storage] downloadData called with: undefined
[90mstdout[2m | src/components/Workbook/CommentThreadDrawer.stories.tsx[2m > [22m[2mDrawer Empty
[22m[39m[ChatContext] Cleaning up subscriptions
[90mstdout[2m | src/components/Workbook/CommentThreadDrawer.stories.tsx[2m > [22m[2mDrawer Empty
[22m[39m[Mock Data] Unit.onUpdate() subscription removed. Remaining: 0
[90mstdout[2m | src/components/Workbook/CommentThreadDrawer.stories.tsx[2m > [22m[2mDrawer Empty
[22m[39m[MOCK CourseVectorStore] Initialized with mock data
[90mstdout[2m | src/components/Workbook/CommentThreadDrawer.stories.tsx[2m > [22m[2mDrawer Empty
[22m[39m[TranslationModeController] Setting mode to: off
[90mstdout[2m | src/components/Workbook/CommentThreadDrawer.stories.tsx[2m > [22m[2mDrawer Empty
[22m[39m[UnitContext] useEffect triggered {
  "authLoading": false,
  "hasUser": true,
  "id": "mock-unit-id",
  "userSub": "mock-user-sub",
}
[90mstdout[2m | src/components/Workbook/CommentThreadDrawer.stories.tsx[2m > [22m[2mDrawer Empty
[22m[39m[UnitContext] Fetching unit data for id: mock-unit-id
[90mstdout[2m | src/components/Workbook/CommentThreadDrawer.stories.tsx[2m > [22m[2mDrawer Empty
[22m[39m[FilesContext] Initializing vector store from IndexedDB
[90mstdout[2m | src/components/Workbook/CommentThreadDrawer.stories.tsx[2m > [22m[2mDrawer Empty
[22m[39m[FilesContext] fetchFiles called
[90mstdout[2m | src/components/Workbook/CommentThreadDrawer.stories.tsx[2m > [22m[2mDrawer Empty
[22m[39m[FilesContext] User authenticated: mock-user-sub
[90mstdout[2m | src/components/Workbook/CommentThreadDrawer.stories.tsx[2m > [22m[2mDrawer Empty
[22m[39m[FilesContext] Identity ID: us-east-1:mock-identity-123
[90mstdout[2m | src/components/Workbook/CommentThreadDrawer.stories.tsx[2m > [22m[2mDrawer Empty
[22m[39m[FilesContext] About to set up File observeQuery
[90mstdout[2m | src/components/Workbook/CommentThreadDrawer.stories.tsx[2m > [22m[2mDrawer Empty
[22m[39m[ChatContext] Setting up AssistantChat observeQuery
[90mstdout[2m | src/components/Workbook/CommentThreadDrawer.stories.tsx[2m > [22m[2mDrawer Empty
[22m[39m[ChatContext] Waiting for subscription to initialize
[90mstdout[2m | src/components/Workbook/CommentThreadDrawer.stories.tsx[2m > [22m[2mDrawer Empty
[22m[39m[SettingsContext] Setting up Settings subscription for user: mock-user-sub
[90mstdout[2m | src/components/Workbook/CommentThreadDrawer.stories.tsx[2m > [22m[2mDrawer Empty
[22m[39m[Mock Data] Settings created: mock-settings-1790416807086 - notified 0 subscribers
[90mstdout[2m | src/components/Workbook/CommentThreadDrawer.stories.tsx[2m > [22m[2mDrawer Empty
[22m[39m[Mock Data] Unit.onUpdate() subscription added. Total: 1
[90mstdout[2m | src/components/Workbook/CommentThreadDrawer.stories.tsx[2m > [22m[2mDrawer Empty
[22m[39m[SectionContext] Section observeQuery update: 0
[90mstdout[2m | src/components/Workbook/CommentThreadDrawer.stories.tsx[2m > [22m[2mDrawer Empty
[22m[39m[FilesContext] File observeQuery update: 6 files
[90mstdout[2m | src/components/Workbook/CommentThreadDrawer.stories.tsx[2m > [22m[2mDrawer Empty
[22m[39m[MOCK CourseVectorStore] Initialized with mock data
[90mstdout[2m | src/components/Workbook/CommentThreadDrawer.stories.tsx[2m > [22m[2mDrawer Empty
[22m[39m[FilesContext] Vector store population triggered {
  "currentVectorStoreSize": 3,
  "documentsCount": 0,
  "filesCount": 6,
  "isInitialLoad": true,
}
[90mstdout[2m | src/components/Workbook/CommentThreadDrawer.stories.tsx[2m > [22m[2mDrawer Empty
[22m[39m[FilesContext] Vector store population complete - 3 total embeddings
[90mstdout[2m | src/components/Workbook/CommentThreadDrawer.stories.tsx[2m > [22m[2mDrawer Empty
[22m[39m[ChatContext] AssistantChat initialized with 1 chats
[90mstdout[2m | src/components/Workbook/CommentThreadDrawer.stories.tsx[2m > [22m[2mDrawer Empty
[22m[39m[ChatContext] Setting initial chat: mock-assistant-chat-1
[90mstdout[2m | src/components/Workbook/CommentThreadDrawer.stories.tsx[2m > [22m[2mDrawer Empty
[22m[39m[Mock Storage] downloadData called with: undefined
[90mstdout[2m | src/components/Workbook/CommentThreadDrawer.stories.tsx[2m > [22m[2mDrawer Empty
[22m[39m[ChatContext] Chat exists and not archived, skipping creation
 [32m✓[39m [30m[45m storybook (chromium) [49m[39m src/components/Workbook/CommentThreadDrawer.stories.tsx [2m([22m[2m2 tests[22m[2m)[22m[33m 386[2mms[22m[39m
[90mstdout[2m | unknown test
[22m[39m[MOCK vectorStoreDB.js] Module loaded - mock IndexedDB operations
[90mstdout[2m | unknown test
[22m[39m[Task Completion] DOM action listeners initialized
[90mstdout[2m | unknown test
[22m[39m[Task Completion] Auto-completion detector initialized
[90mstdout[2m | unknown test
[22m[39m[Preview] Task completion detector initialized
[90mstdout[2m | src/components/GlobalChatDrawer.stories.jsx[2m > [22m[2mClosed
[22m[39m[MOCK CourseVectorStore] Initialized with mock data
[90mstdout[2m | src/components/GlobalChatDrawer.stories.jsx[2m > [22m[2mClosed
[22m[39m[TranslationModeController] Setting mode to: off
[90mstdout[2m | src/components/GlobalChatDrawer.stories.jsx[2m > [22m[2mClosed
[22m[39m[UnitContext] useEffect triggered {
  "authLoading": false,
  "hasUser": true,
  "id": "mock-unit-id",
  "userSub": "mock-user-sub",
}
[90mstdout[2m | src/components/GlobalChatDrawer.stories.jsx[2m > [22m[2mClosed
[22m[39m[UnitContext] Fetching unit data for id: mock-unit-id
[90mstdout[2m | src/components/GlobalChatDrawer.stories.jsx[2m > [22m[2mClosed
[22m[39m[FilesContext] Initializing vector store from IndexedDB
[90mstdout[2m | src/components/GlobalChatDrawer.stories.jsx[2m > [22m[2mClosed
[22m[39m[FilesContext] fetchFiles called
[90mstdout[2m | src/components/GlobalChatDrawer.stories.jsx[2m > [22m[2mClosed
[22m[39m[FilesContext] User authenticated: mock-user-sub
[90mstdout[2m | src/components/GlobalChatDrawer.stories.jsx[2m > [22m[2mClosed
[22m[39m[FilesContext] Identity ID: us-east-1:mock-identity-123
[90mstdout[2m | src/components/GlobalChatDrawer.stories.jsx[2m > [22m[2mClosed
[22m[39m[FilesContext] About to set up File observeQuery
[90mstdout[2m | src/components/GlobalChatDrawer.stories.jsx[2m > [22m[2mClosed
[22m[39m[ChatContext] Setting up AssistantChat observeQuery
[90mstdout[2m | src/components/GlobalChatDrawer.stories.jsx[2m > [22m[2mClosed
[22m[39m[ChatContext] Waiting for subscription to initialize
[90mstdout[2m | src/components/GlobalChatDrawer.stories.jsx[2m > [22m[2mClosed
[22m[39m[SettingsContext] Setting up Settings subscription for user: mock-user-sub
[90mstdout[2m | src/components/GlobalChatDrawer.stories.jsx[2m > [22m[2mClosed
[22m[39m[Mock Data] Settings created: mock-settings-1790416807937 - notified 0 subscribers
[90mstdout[2m | src/components/GlobalChatDrawer.stories.jsx[2m > [22m[2mClosed
[22m[39m[Mock Data] Unit.onUpdate() subscription added. Total: 1
[90mstdout[2m | src/components/GlobalChatDrawer.stories.jsx[2m > [22m[2mClosed
[22m[39m[SectionContext] Section observeQuery update: 0
[90mstdout[2m | src/components/GlobalChatDrawer.stories.jsx[2m > [22m[2mClosed
[22m[39m[FilesContext] File observeQuery update: 6 files
[90mstdout[2m | src/components/GlobalChatDrawer.stories.jsx[2m > [22m[2mClosed
[22m[39m[ChatContext] AssistantChat initialized with 1 chats
[90mstdout[2m | src/components/GlobalChatDrawer.stories.jsx[2m > [22m[2mClosed
[22m[39m[ChatContext] Setting initial chat: mock-assistant-chat-1
[90mstdout[2m | src/components/GlobalChatDrawer.stories.jsx[2m > [22m[2mClosed
[22m[39m[MOCK CourseVectorStore] Initialized with mock data
[90mstdout[2m | src/components/GlobalChatDrawer.stories.jsx[2m > [22m[2mClosed
[22m[39m[FilesContext] Vector store population triggered {
  "currentVectorStoreSize": 3,
  "documentsCount": 0,
  "filesCount": 6,
  "isInitialLoad": true,
}
[90mstdout[2m | src/components/GlobalChatDrawer.stories.jsx[2m > [22m[2mClosed
[22m[39m[FilesContext] Vector store population complete - 3 total embeddings
[90mstdout[2m | src/components/GlobalChatDrawer.stories.jsx[2m > [22m[2mClosed
[22m[39m[ChatContext] Chat exists and not archived, skipping creation
[90mstdout[2m | src/components/GlobalChatDrawer.stories.jsx[2m > [22m[2mClosed
[22m[39m[Mock Storage] downloadData called with: undefined
[90mstdout[2m | src/components/GlobalChatDrawer.stories.jsx[2m > [22m[2mOpen
[22m[39m[ChatContext] Cleaning up subscriptions
[90mstdout[2m | src/components/GlobalChatDrawer.stories.jsx[2m > [22m[2mOpen
[22m[39m[Mock Data] Unit.onUpdate() subscription removed. Remaining: 0
[90mstdout[2m | src/components/GlobalChatDrawer.stories.jsx[2m > [22m[2mOpen
[22m[39m[MOCK CourseVectorStore] Initialized with mock data
[90mstdout[2m | src/components/GlobalChatDrawer.stories.jsx[2m > [22m[2mOpen
[22m[39m[TranslationModeController] Setting mode to: off
[90mstdout[2m | src/components/GlobalChatDrawer.stories.jsx[2m > [22m[2mOpen
[22m[39m[UnitContext] useEffect triggered {
  "authLoading": false,
  "hasUser": true,
  "id": "mock-unit-id",
  "userSub": "mock-user-sub",
}
[90mstdout[2m | src/components/GlobalChatDrawer.stories.jsx[2m > [22m[2mOpen
[22m[39m[UnitContext] Fetching unit data for id: mock-unit-id
[90mstdout[2m | src/components/GlobalChatDrawer.stories.jsx[2m > [22m[2mOpen
[22m[39m[FilesContext] Initializing vector store from IndexedDB
[90mstdout[2m | src/components/GlobalChatDrawer.stories.jsx[2m > [22m[2mOpen
[22m[39m[FilesContext] fetchFiles called
[90mstdout[2m | src/components/GlobalChatDrawer.stories.jsx[2m > [22m[2mOpen
[22m[39m[FilesContext] User authenticated: mock-user-sub
[90mstdout[2m | src/components/GlobalChatDrawer.stories.jsx[2m > [22m[2mOpen
[22m[39m[FilesContext] Identity ID: us-east-1:mock-identity-123
[90mstdout[2m | src/components/GlobalChatDrawer.stories.jsx[2m > [22m[2mOpen
[22m[39m[FilesContext] About to set up File observeQuery
[90mstdout[2m | src/components/GlobalChatDrawer.stories.jsx[2m > [22m[2mOpen
[22m[39m[ChatContext] Setting up AssistantChat observeQuery
[90mstdout[2m | src/components/GlobalChatDrawer.stories.jsx[2m > [22m[2mOpen
[22m[39m[ChatContext] Waiting for subscription to initialize
[90mstdout[2m | src/components/GlobalChatDrawer.stories.jsx[2m > [22m[2mOpen
[22m[39m[SettingsContext] Setting up Settings subscription for user: mock-user-sub
[90mstdout[2m | src/components/GlobalChatDrawer.stories.jsx[2m > [22m[2mOpen
[22m[39m[Mock Data] Settings created: mock-settings-1790416808099 - notified 0 subscribers
[90mstdout[2m | src/components/GlobalChatDrawer.stories.jsx[2m > [22m[2mOpen
[22m[39m[Mock Data] Unit.onUpdate() subscription added. Total: 1
[90mstdout[2m | src/components/GlobalChatDrawer.stories.jsx[2m > [22m[2mOpen
[22m[39m[SectionContext] Section observeQuery update: 0
[90mstdout[2m | src/components/GlobalChatDrawer.stories.jsx[2m > [22m[2mOpen
[22m[39m[FilesContext] File observeQuery update: 6 files
[90mstdout[2m | src/components/GlobalChatDrawer.stories.jsx[2m > [22m[2mOpen
[22m[39m[ChatContext] AssistantChat initialized with 1 chats
[90mstdout[2m | src/components/GlobalChatDrawer.stories.jsx[2m > [22m[2mOpen
[22m[39m[ChatContext] Setting initial chat: mock-assistant-chat-1
[90mstdout[2m | src/components/GlobalChatDrawer.stories.jsx[2m > [22m[2mOpen
[22m[39m[MOCK CourseVectorStore] Initialized with mock data
[90mstdout[2m | src/components/GlobalChatDrawer.stories.jsx[2m > [22m[2mOpen
[22m[39m[FilesContext] Vector store population triggered {
  "currentVectorStoreSize": 3,
  "documentsCount": 0,
  "filesCount": 6,
  "isInitialLoad": true,
}
[90mstdout[2m | src/components/GlobalChatDrawer.stories.jsx[2m > [22m[2mOpen
[22m[39m[FilesContext] Vector store population complete - 3 total embeddings
[90mstdout[2m | src/components/GlobalChatDrawer.stories.jsx[2m > [22m[2mOpen
[22m[39m[ChatContext] Chat exists and not archived, skipping creation
[90mstdout[2m | src/components/GlobalChatDrawer.stories.jsx[2m > [22m[2mOpen
[22m[39m[Mock Storage] downloadData called with: undefined
[90mstdout[2m | src/components/GlobalChatDrawer.stories.jsx[2m > [22m[2mNarrow Width
[22m[39m[ChatContext] Cleaning up subscriptions
[90mstdout[2m | src/components/GlobalChatDrawer.stories.jsx[2m > [22m[2mNarrow Width
[22m[39m[Mock Data] Unit.onUpdate() subscription removed. Remaining: 0
[90mstdout[2m | src/components/GlobalChatDrawer.stories.jsx[2m > [22m[2mNarrow Width
[22m[39m[MOCK CourseVectorStore] Initialized with mock data
[90mstdout[2m | src/components/GlobalChatDrawer.stories.jsx[2m > [22m[2mNarrow Width
[22m[39m[TranslationModeController] Setting mode to: off
[90mstdout[2m | src/components/GlobalChatDrawer.stories.jsx[2m > [22m[2mNarrow Width
[22m[39m[UnitContext] useEffect triggered {
  "authLoading": false,
  "hasUser": true,
  "id": "mock-unit-id",
  "userSub": "mock-user-sub",
}
[90mstdout[2m | src/components/GlobalChatDrawer.stories.jsx[2m > [22m[2mNarrow Width
[22m[39m[UnitContext] Fetching unit data for id: mock-unit-id
[90mstdout[2m | src/components/GlobalChatDrawer.stories.jsx[2m > [22m[2mNarrow Width
[22m[39m[FilesContext] Initializing vector store from IndexedDB
[90mstdout[2m | src/components/GlobalChatDrawer.stories.jsx[2m > [22m[2mNarrow Width
[22m[39m[FilesContext] fetchFiles called
[90mstdout[2m | src/components/GlobalChatDrawer.stories.jsx[2m > [22m[2mNarrow Width
[22m[39m[FilesContext] User authenticated: mock-user-sub
[90mstdout[2m | src/components/GlobalChatDrawer.stories.jsx[2m > [22m[2mNarrow Width
[22m[39m[FilesContext] Identity ID: us-east-1:mock-identity-123
[90mstdout[2m | src/components/GlobalChatDrawer.stories.jsx[2m > [22m[2mNarrow Width
[22m[39m[FilesContext] About to set up File observeQuery
[90mstdout[2m | src/components/GlobalChatDrawer.stories.jsx[2m > [22m[2mNarrow Width
[22m[39m[ChatContext] Setting up AssistantChat observeQuery
[90mstdout[2m | src/components/GlobalChatDrawer.stories.jsx[2m > [22m[2mNarrow Width
[22m[39m[ChatContext] Waiting for subscription to initialize
[90mstdout[2m | src/components/GlobalChatDrawer.stories.jsx[2m > [22m[2mNarrow Width
[22m[39m[SettingsContext] Setting up Settings subscription for user: mock-user-sub
[90mstdout[2m | src/components/GlobalChatDrawer.stories.jsx[2m > [22m[2mNarrow Width
[22m[39m[Mock Data] Settings created: mock-settings-1790416808281 - notified 0 subscribers
[90mstdout[2m | src/components/GlobalChatDrawer.stories.jsx[2m > [22m[2mNarrow Width
[22m[39m[Mock Data] Unit.onUpdate() subscription added. Total: 1
[90mstdout[2m | src/components/GlobalChatDrawer.stories.jsx[2m > [22m[2mNarrow Width
[22m[39m[SectionContext] Section observeQuery update: 0
[90mstdout[2m | src/components/GlobalChatDrawer.stories.jsx[2m > [22m[2mNarrow Width
[22m[39m[FilesContext] File observeQuery update: 6 files
[90mstdout[2m | src/components/GlobalChatDrawer.stories.jsx[2m > [22m[2mNarrow Width
[22m[39m[ChatContext] AssistantChat initialized with 1 chats
[90mstdout[2m | src/components/GlobalChatDrawer.stories.jsx[2m > [22m[2mNarrow Width
[22m[39m[ChatContext] Setting initial chat: mock-assistant-chat-1
[90mstdout[2m | src/components/GlobalChatDrawer.stories.jsx[2m > [22m[2mNarrow Width
[22m[39m[MOCK CourseVectorStore] Initialized with mock data
[90mstdout[2m | src/components/GlobalChatDrawer.stories.jsx[2m > [22m[2mNarrow Width
[22m[39m[FilesContext] Vector store population triggered {
  "currentVectorStoreSize": 3,
  "documentsCount": 0,
  "filesCount": 6,
  "isInitialLoad": true,
}
[90mstdout[2m | src/components/GlobalChatDrawer.stories.jsx[2m > [22m[2mNarrow Width
[22m[39m[FilesContext] Vector store population complete - 3 total embeddings
[90mstdout[2m | src/components/GlobalChatDrawer.stories.jsx[2m > [22m[2mNarrow Width
[22m[39m[ChatContext] Chat exists and not archived, skipping creation
[90mstdout[2m | src/components/GlobalChatDrawer.stories.jsx[2m > [22m[2mNarrow Width
[22m[39m[Mock Storage] downloadData called with: undefined
 [32m✓[39m [30m[45m storybook (chromium) [49m[39m src/components/GlobalChatDrawer.stories.jsx [2m([22m[2m3 tests[22m[2m)[22m[33m 516[2mms[22m[39m
[90mstdout[2m | unknown test
[22m[39m[MOCK vectorStoreDB.js] Module loaded - mock IndexedDB operations
[90mstdout[2m | unknown test
[22m[39m[Task Completion] DOM action listeners initialized
[90mstdout[2m | unknown test
[22m[39m[Task Completion] Auto-completion detector initialized
[90mstdout[2m | unknown test
[22m[39m[Preview] Task completion detector initialized
[90mstdout[2m | src/components/Editor3/plugins/DragDropPastePlugin.stories.jsx[2m > [22m[2mEditable Empty
[22m[39m[Preview] Skipped initializing default mock data (initializeMockData=false)
[90mstdout[2m | src/components/Editor3/plugins/DragDropPastePlugin.stories.jsx[2m > [22m[2mEditable Empty
[22m[39m[Mock Data] seedMockUnit: Adding unit drag-drop-story-unit
[90mstdout[2m | src/components/Editor3/plugins/DragDropPastePlugin.stories.jsx[2m > [22m[2mEditable Empty
[22m[39m[MOCK CourseVectorStore] Initialized with mock data
[90mstdout[2m | src/components/Editor3/plugins/DragDropPastePlugin.stories.jsx[2m > [22m[2mEditable Empty
[22m[39m[TranslationModeController] Setting mode to: off
[90mstdout[2m | src/components/Editor3/plugins/DragDropPastePlugin.stories.jsx[2m > [22m[2mEditable Empty
[22m[39m[UnitContext] useEffect triggered {
  "authLoading": false,
  "hasUser": true,
  "id": "drag-drop-story-unit",
  "userSub": "mock-user-sub",
}
[90mstdout[2m | src/components/Editor3/plugins/DragDropPastePlugin.stories.jsx[2m > [22m[2mEditable Empty
[22m[39m[UnitContext] Fetching unit data for id: drag-drop-story-unit
[90mstdout[2m | src/components/Editor3/plugins/DragDropPastePlugin.stories.jsx[2m > [22m[2mEditable Empty
[22m[39m[FilesContext] Initializing vector store from IndexedDB
[90mstdout[2m | src/components/Editor3/plugins/DragDropPastePlugin.stories.jsx[2m > [22m[2mEditable Empty
[22m[39m[FilesContext] fetchFiles called
[90mstdout[2m | src/components/Editor3/plugins/DragDropPastePlugin.stories.jsx[2m > [22m[2mEditable Empty
[22m[39m[FilesContext] User authenticated: mock-user-sub
[90mstdout[2m | src/components/Editor3/plugins/DragDropPastePlugin.stories.jsx[2m > [22m[2mEditable Empty
[22m[39m[FilesContext] Identity ID: us-east-1:mock-identity-123
[90mstdout[2m | src/components/Editor3/plugins/DragDropPastePlugin.stories.jsx[2m > [22m[2mEditable Empty
[22m[39m[FilesContext] About to set up File observeQuery
[90mstdout[2m | src/components/Editor3/plugins/DragDropPastePlugin.stories.jsx[2m > [22m[2mEditable Empty
[22m[39m[ChatContext] Setting up AssistantChat observeQuery
[90mstdout[2m | src/components/Editor3/plugins/DragDropPastePlugin.stories.jsx[2m > [22m[2mEditable Empty
[22m[39m[ChatContext] Waiting for subscription to initialize
[90mstdout[2m | src/components/Editor3/plugins/DragDropPastePlugin.stories.jsx[2m > [22m[2mEditable Empty
[22m[39m[SettingsContext] Setting up Settings subscription for user: mock-user-sub
[90mstdout[2m | src/components/Editor3/plugins/DragDropPastePlugin.stories.jsx[2m > [22m[2mEditable Empty
[22m[39m[Mock Data] Settings created: mock-settings-1790416809618 - notified 0 subscribers
[90mstdout[2m | src/components/Editor3/plugins/DragDropPastePlugin.stories.jsx[2m > [22m[2mEditable Empty
[22m[39m[Mock Data] Unit.onUpdate() subscription added. Total: 1
[90mstdout[2m | src/components/Editor3/plugins/DragDropPastePlugin.stories.jsx[2m > [22m[2mEditable Empty
[22m[39m[SectionContext] Section observeQuery update: 0
[90mstdout[2m | src/components/Editor3/plugins/DragDropPastePlugin.stories.jsx[2m > [22m[2mEditable Empty
[22m[39m[FilesContext] File observeQuery update: 0 files
[90mstdout[2m | src/components/Editor3/plugins/DragDropPastePlugin.stories.jsx[2m > [22m[2mEditable Empty
[22m[39m[ChatContext] AssistantChat initialized with 0 chats
[90mstdout[2m | src/components/Editor3/plugins/DragDropPastePlugin.stories.jsx[2m > [22m[2mEditable Empty
[22m[39m[Mock Storage] downloadData called with: undefined
[90mstdout[2m | src/components/Editor3/plugins/DragDropPastePlugin.stories.jsx[2m > [22m[2mEditable Empty
[22m[39m[MOCK CourseVectorStore] Initialized with mock data
[90mstdout[2m | src/components/Editor3/plugins/DragDropPastePlugin.stories.jsx[2m > [22m[2mEditable Empty
[22m[39m[ChatContext] No current chat available, will create one
[90mstdout[2m | src/components/Editor3/plugins/DragDropPastePlugin.stories.jsx[2m > [22m[2mEditable Empty
[22m[39m[ChatContext] Creating AssistantChat with user: undefined
[90mstdout[2m | src/components/Editor3/plugins/DragDropPastePlugin.stories.jsx[2m > [22m[2mEditable Empty
[22m[39m[Mock Data] AssistantChat created: mock-assistantchat-1790416809633 - notified 1 subscribers
[90mstdout[2m | src/components/Editor3/plugins/DragDropPastePlugin.stories.jsx[2m > [22m[2mEditable Empty
[22m[39m[ChatContext] Create result: {
  "data": {
    "_version": 1,
    "archived": false,
    "chatFiles": [Function anonymous],
    "createdAt": "2026-09-26T10:00:09.633Z",
    "id": "mock-assistantchat-1790416809633",
    "model": "gpt-4",
    "updatedAt": "2026-09-26T10:00:09.633Z",
  },
  "errors": [],
  "hasData": true,
  "hasErrors": true,
}
[90mstdout[2m | src/components/Editor3/plugins/DragDropPastePlugin.stories.jsx[2m > [22m[2mEditable Empty
[22m[39m[ChatContext] Created AssistantChat: mock-assistantchat-1790416809633 at: 2026-09-26T10:00:09.633Z
[90mstdout[2m | src/components/Editor3/plugins/DragDropPastePlugin.stories.jsx[2m > [22m[2mEditable Empty
[22m[39m[ChatContext] Setting initial chat: mock-assistantchat-1790416809633
[90mstdout[2m | src/components/Editor3/plugins/DragDropPastePlugin.stories.jsx[2m > [22m[2mEditable Empty
[22m[39m[ChatContext] Chat exists and not archived, skipping creation
[90mstdout[2m | src/components/Editor3/plugins/DragDropPastePlugin.stories.jsx[2m > [22m[2mEditable With Instructions
[22m[39m[ChatContext] Cleaning up subscriptions
[90mstdout[2m | src/components/Editor3/plugins/DragDropPastePlugin.stories.jsx[2m > [22m[2mEditable With Instructions
[22m[39m[Mock Data] Unit.onUpdate() subscription removed. Remaining: 0
[90mstdout[2m | src/components/Editor3/plugins/DragDropPastePlugin.stories.jsx[2m > [22m[2mEditable With Instructions
[22m[39m[Preview] Skipped initializing default mock data (initializeMockData=false)
[90mstdout[2m | src/components/Editor3/plugins/DragDropPastePlugin.stories.jsx[2m > [22m[2mEditable With Instructions
[22m[39m[Mock Data] seedMockUnit: Adding unit drag-drop-story-unit
[90mstdout[2m | src/components/Editor3/plugins/DragDropPastePlugin.stories.jsx[2m > [22m[2mEditable With Instructions
[22m[39m[MOCK CourseVectorStore] Initialized with mock data
[90mstdout[2m | src/components/Editor3/plugins/DragDropPastePlugin.stories.jsx[2m > [22m[2mEditable With Instructions
[22m[39m[TranslationModeController] Setting mode to: off
[90mstdout[2m | src/components/Editor3/plugins/DragDropPastePlugin.stories.jsx[2m > [22m[2mEditable With Instructions
[22m[39m[UnitContext] useEffect triggered {
  "authLoading": false,
  "hasUser": true,
  "id": "drag-drop-story-unit",
  "userSub": "mock-user-sub",
}
[90mstdout[2m | src/components/Editor3/plugins/DragDropPastePlugin.stories.jsx[2m > [22m[2mEditable With Instructions
[22m[39m[UnitContext] Fetching unit data for id: drag-drop-story-unit
[90mstdout[2m | src/components/Editor3/plugins/DragDropPastePlugin.stories.jsx[2m > [22m[2mEditable With Instructions
[22m[39m[FilesContext] Initializing vector store from IndexedDB
[90mstdout[2m | src/components/Editor3/plugins/DragDropPastePlugin.stories.jsx[2m > [22m[2mEditable With Instructions
[22m[39m[FilesContext] fetchFiles called
[90mstdout[2m | src/components/Editor3/plugins/DragDropPastePlugin.stories.jsx[2m > [22m[2mEditable With Instructions
[22m[39m[FilesContext] User authenticated: mock-user-sub
[90mstdout[2m | src/components/Editor3/plugins/DragDropPastePlugin.stories.jsx[2m > [22m[2mEditable With Instructions
[22m[39m[FilesContext] Identity ID: us-east-1:mock-identity-123
[90mstdout[2m | src/components/Editor3/plugins/DragDropPastePlugin.stories.jsx[2m > [22m[2mEditable With Instructions
[22m[39m[FilesContext] About to set up File observeQuery
[90mstdout[2m | src/components/Editor3/plugins/DragDropPastePlugin.stories.jsx[2m > [22m[2mEditable With Instructions
[22m[39m[ChatContext] Setting up AssistantChat observeQuery
[90mstdout[2m | src/components/Editor3/plugins/DragDropPastePlugin.stories.jsx[2m > [22m[2mEditable With Instructions
[22m[39m[ChatContext] Waiting for subscription to initialize
[90mstdout[2m | src/components/Editor3/plugins/DragDropPastePlugin.stories.jsx[2m > [22m[2mEditable With Instructions
[22m[39m[SettingsContext] Setting up Settings subscription for user: mock-user-sub
[90mstdout[2m | src/components/Editor3/plugins/DragDropPastePlugin.stories.jsx[2m > [22m[2mEditable With Instructions
[22m[39m[Mock Data] Settings created: mock-settings-1790416809772 - notified 0 subscribers
[90mstdout[2m | src/components/Editor3/plugins/DragDropPastePlugin.stories.jsx[2m > [22m[2mEditable With Instructions
[22m[39m[Mock Data] Unit.onUpdate() subscription added. Total: 1
[90mstdout[2m | src/components/Editor3/plugins/DragDropPastePlugin.stories.jsx[2m > [22m[2mEditable With Instructions
[22m[39m[SectionContext] Section observeQuery update: 0
[90mstdout[2m | src/components/Editor3/plugins/DragDropPastePlugin.stories.jsx[2m > [22m[2mEditable With Instructions
[22m[39m[Mock Storage] downloadData called with: undefined
[90mstdout[2m | src/components/Editor3/plugins/DragDropPastePlugin.stories.jsx[2m > [22m[2mEditable With Instructions
[22m[39m[FilesContext] File observeQuery update: 0 files
[90mstdout[2m | src/components/Editor3/plugins/DragDropPastePlugin.stories.jsx[2m > [22m[2mEditable With Instructions
[22m[39m[ChatContext] AssistantChat initialized with 0 chats
[90mstdout[2m | src/components/Editor3/plugins/DragDropPastePlugin.stories.jsx[2m > [22m[2mEditable With Instructions
[22m[39m[MOCK CourseVectorStore] Initialized with mock data
[90mstdout[2m | src/components/Editor3/plugins/DragDropPastePlugin.stories.jsx[2m > [22m[2mEditable With Instructions
[22m[39m[ChatContext] No current chat available, will create one
[90mstdout[2m | src/components/Editor3/plugins/DragDropPastePlugin.stories.jsx[2m > [22m[2mEditable With Instructions
[22m[39m[ChatContext] Creating AssistantChat with user: undefined
[90mstdout[2m | src/components/Editor3/plugins/DragDropPastePlugin.stories.jsx[2m > [22m[2mEditable With Instructions
[22m[39m[Mock Data] AssistantChat created: mock-assistantchat-1790416809784 - notified 1 subscribers
[90mstdout[2m | src/components/Editor3/plugins/DragDropPastePlugin.stories.jsx[2m > [22m[2mEditable With Instructions
[22m[39m[ChatContext] Create result: {
  "data": {
    "_version": 1,
    "archived": false,
    "chatFiles": [Function anonymous],
    "createdAt": "2026-09-26T10:00:09.784Z",
    "id": "mock-assistantchat-1790416809784",
    "model": "gpt-4",
    "updatedAt": "2026-09-26T10:00:09.784Z",
  },
  "errors": [],
  "hasData": true,
  "hasErrors": true,
}
[90mstdout[2m | src/components/Editor3/plugins/DragDropPastePlugin.stories.jsx[2m > [22m[2mEditable With Instructions
[22m[39m[ChatContext] Created AssistantChat: mock-assistantchat-1790416809784 at: 2026-09-26T10:00:09.784Z
[90mstdout[2m | src/components/Editor3/plugins/DragDropPastePlugin.stories.jsx[2m > [22m[2mEditable With Instructions
[22m[39m[ChatContext] Setting initial chat: mock-assistantchat-1790416809784
[90mstdout[2m | src/components/Editor3/plugins/DragDropPastePlugin.stories.jsx[2m > [22m[2mEditable With Instructions
[22m[39m[ChatContext] Chat exists and not archived, skipping creation
 [32m✓[39m [30m[45m storybook (chromium) [49m[39m src/components/Editor3/plugins/DragDropPastePlugin.stories.jsx [2m([22m[2m2 tests[22m[2m)[22m[33m 308[2mms[22m[39m
[90mstdout[2m | unknown test
[22m[39mfilterWords {
  "filter": "",
  "wordsCount": 0,
}
[90mstdout[2m | unknown test
[22m[39m[MOCK vectorStoreDB.js] Module loaded - mock IndexedDB operations
[90mstdout[2m | unknown test
[22m[39m[Task Completion] DOM action listeners initialized
[90mstdout[2m | unknown test
[22m[39m[Task Completion] Auto-completion detector initialized
[90mstdout[2m | unknown test
[22m[39m[Preview] Task completion detector initialized
[90mstdout[2m | src/components/Gamification/NailedItBadge.stories.tsx[2m > [22m[2mDefault
[22m[39m[MOCK CourseVectorStore] Initialized with mock data
[90mstdout[2m | src/components/Gamification/NailedItBadge.stories.tsx[2m > [22m[2mDefault
[22m[39m[TranslationModeController] Setting mode to: off
[90mstdout[2m | src/components/Gamification/NailedItBadge.stories.tsx[2m > [22m[2mDefault
[22m[39m[UnitContext] useEffect triggered {
  "authLoading": false,
  "hasUser": true,
  "id": "mock-unit-id",
  "userSub": "mock-user-sub",
}
[90mstdout[2m | src/components/Gamification/NailedItBadge.stories.tsx[2m > [22m[2mDefault
[22m[39m[UnitContext] Fetching unit data for id: mock-unit-id
[90mstdout[2m | src/components/Gamification/NailedItBadge.stories.tsx[2m > [22m[2mDefault
[22m[39m[FilesContext] Initializing vector store from IndexedDB
[90mstdout[2m | src/components/Gamification/NailedItBadge.stories.tsx[2m > [22m[2mDefault
[22m[39m[FilesContext] fetchFiles called
[90mstdout[2m | src/components/Gamification/NailedItBadge.stories.tsx[2m > [22m[2mDefault
[22m[39m[FilesContext] User authenticated: mock-user-sub
[90mstdout[2m | src/components/Gamification/NailedItBadge.stories.tsx[2m > [22m[2mDefault
[22m[39m[FilesContext] Identity ID: us-east-1:mock-identity-123
[90mstdout[2m | src/components/Gamification/NailedItBadge.stories.tsx[2m > [22m[2mDefault
[22m[39m[FilesContext] About to set up File observeQuery
[90mstdout[2m | src/components/Gamification/NailedItBadge.stories.tsx[2m > [22m[2mDefault
[22m[39m[ChatContext] Setting up AssistantChat observeQuery
[90mstdout[2m | src/components/Gamification/NailedItBadge.stories.tsx[2m > [22m[2mDefault
[22m[39m[ChatContext] Waiting for subscription to initialize
[90mstdout[2m | src/components/Gamification/NailedItBadge.stories.tsx[2m > [22m[2mDefault
[22m[39m[SettingsContext] Setting up Settings subscription for user: mock-user-sub
[90mstdout[2m | src/components/Gamification/NailedItBadge.stories.tsx[2m > [22m[2mDefault
[22m[39m[Mock Data] Settings created: mock-settings-1790416810588 - notified 0 subscribers
[90mstdout[2m | src/components/Gamification/NailedItBadge.stories.tsx[2m > [22m[2mDefault
[22m[39m[Mock Data] Unit.onUpdate() subscription added. Total: 1
[90mstdout[2m | src/components/Gamification/NailedItBadge.stories.tsx[2m > [22m[2mDefault
[22m[39m[SectionContext] Section observeQuery update: 0
[90mstdout[2m | src/components/Gamification/NailedItBadge.stories.tsx[2m > [22m[2mDefault
[22m[39m[FilesContext] File observeQuery update: 6 files
[90mstdout[2m | src/components/Gamification/NailedItBadge.stories.tsx[2m > [22m[2mDefault
[22m[39m[ChatContext] AssistantChat initialized with 1 chats
[90mstdout[2m | src/components/Gamification/NailedItBadge.stories.tsx[2m > [22m[2mDefault
[22m[39m[ChatContext] Setting initial chat: mock-assistant-chat-1
[90mstdout[2m | src/components/Gamification/NailedItBadge.stories.tsx[2m > [22m[2mDefault
[22m[39m[MOCK CourseVectorStore] Initialized with mock data
[90mstdout[2m | src/components/Gamification/NailedItBadge.stories.tsx[2m > [22m[2mDefault
[22m[39m[FilesContext] Vector store population triggered {
  "currentVectorStoreSize": 3,
  "documentsCount": 0,
  "filesCount": 6,
  "isInitialLoad": true,
}
[90mstdout[2m | src/components/Gamification/NailedItBadge.stories.tsx[2m > [22m[2mDefault
[22m[39m[FilesContext] Vector store population complete - 3 total embeddings
[90mstdout[2m | src/components/Gamification/NailedItBadge.stories.tsx[2m > [22m[2mDefault
[22m[39m[ChatContext] Chat exists and not archived, skipping creation
[90mstdout[2m | src/components/Gamification/NailedItBadge.stories.tsx[2m > [22m[2mDefault
[22m[39m[Mock Storage] downloadData called with: undefined
[90mstdout[2m | src/components/Gamification/NailedItBadge.stories.tsx[2m > [22m[2mCustom Size
[22m[39m[ChatContext] Cleaning up subscriptions
[90mstdout[2m | src/components/Gamification/NailedItBadge.stories.tsx[2m > [22m[2mCustom Size
[22m[39m[Mock Data] Unit.onUpdate() subscription removed. Remaining: 0
[90mstdout[2m | src/components/Gamification/NailedItBadge.stories.tsx[2m > [22m[2mCustom Size
[22m[39m[MOCK CourseVectorStore] Initialized with mock data
[90mstdout[2m | src/components/Gamification/NailedItBadge.stories.tsx[2m > [22m[2mCustom Size
[22m[39m[TranslationModeController] Setting mode to: off
[90mstdout[2m | src/components/Gamification/NailedItBadge.stories.tsx[2m > [22m[2mCustom Size
[22m[39m[UnitContext] useEffect triggered {
  "authLoading": false,
  "hasUser": true,
  "id": "mock-unit-id",
  "userSub": "mock-user-sub",
}
[90mstdout[2m | src/components/Gamification/NailedItBadge.stories.tsx[2m > [22m[2mCustom Size
[22m[39m[UnitContext] Fetching unit data for id: mock-unit-id
[90mstdout[2m | src/components/Gamification/NailedItBadge.stories.tsx[2m > [22m[2mCustom Size
[22m[39m[FilesContext] Initializing vector store from IndexedDB
[90mstdout[2m | src/components/Gamification/NailedItBadge.stories.tsx[2m > [22m[2mCustom Size
[22m[39m[FilesContext] fetchFiles called
[90mstdout[2m | src/components/Gamification/NailedItBadge.stories.tsx[2m > [22m[2mCustom Size
[22m[39m[FilesContext] User authenticated: mock-user-sub
[90mstdout[2m | src/components/Gamification/NailedItBadge.stories.tsx[2m > [22m[2mCustom Size
[22m[39m[FilesContext] Identity ID: us-east-1:mock-identity-123
[90mstdout[2m | src/components/Gamification/NailedItBadge.stories.tsx[2m > [22m[2mCustom Size
[22m[39m[FilesContext] About to set up File observeQuery
[90mstdout[2m | src/components/Gamification/NailedItBadge.stories.tsx[2m > [22m[2mCustom Size
[22m[39m[ChatContext] Setting up AssistantChat observeQuery
[90mstdout[2m | src/components/Gamification/NailedItBadge.stories.tsx[2m > [22m[2mCustom Size
[22m[39m[ChatContext] Waiting for subscription to initialize
[90mstdout[2m | src/components/Gamification/NailedItBadge.stories.tsx[2m > [22m[2mCustom Size
[22m[39m[SettingsContext] Setting up Settings subscription for user: mock-user-sub
[90mstdout[2m | src/components/Gamification/NailedItBadge.stories.tsx[2m > [22m[2mCustom Size
[22m[39m[Mock Data] Settings created: mock-settings-1790416810734 - notified 0 subscribers
[90mstdout[2m | src/components/Gamification/NailedItBadge.stories.tsx[2m > [22m[2mCustom Size
[22m[39m[Mock Data] Unit.onUpdate() subscription added. Total: 1
[90mstdout[2m | src/components/Gamification/NailedItBadge.stories.tsx[2m > [22m[2mCustom Size
[22m[39m[SectionContext] Section observeQuery update: 0
[90mstdout[2m | src/components/Gamification/NailedItBadge.stories.tsx[2m > [22m[2mCustom Size
[22m[39m[FilesContext] File observeQuery update: 6 files
[90mstdout[2m | src/components/Gamification/NailedItBadge.stories.tsx[2m > [22m[2mCustom Size
[22m[39m[ChatContext] AssistantChat initialized with 1 chats
[90mstdout[2m | src/components/Gamification/NailedItBadge.stories.tsx[2m > [22m[2mCustom Size
[22m[39m[ChatContext] Setting initial chat: mock-assistant-chat-1
[90mstdout[2m | src/components/Gamification/NailedItBadge.stories.tsx[2m > [22m[2mCustom Size
[22m[39m[Mock Storage] downloadData called with: undefined
[90mstdout[2m | src/components/Gamification/NailedItBadge.stories.tsx[2m > [22m[2mCustom Size
[22m[39m[MOCK CourseVectorStore] Initialized with mock data
[90mstdout[2m | src/components/Gamification/NailedItBadge.stories.tsx[2m > [22m[2mCustom Size
[22m[39m[FilesContext] Vector store population triggered {
  "currentVectorStoreSize": 3,
  "documentsCount": 0,
  "filesCount": 6,
  "isInitialLoad": true,
}
[90mstdout[2m | src/components/Gamification/NailedItBadge.stories.tsx[2m > [22m[2mCustom Size
[22m[39m[FilesContext] Vector store population complete - 3 total embeddings
[90mstdout[2m | src/components/Gamification/NailedItBadge.stories.tsx[2m > [22m[2mCustom Size
[22m[39m[ChatContext] Chat exists and not archived, skipping creation
 [32m✓[39m [30m[45m storybook (chromium) [49m[39m src/components/Gamification/NailedItBadge.stories.tsx [2m([22m[2m2 tests[22m[2m)[22m[32m 277[2mms[22m[39m
[90mstdout[2m | unknown test
[22m[39m[MOCK vectorStoreDB.js] Module loaded - mock IndexedDB operations
[90mstdout[2m | unknown test
[22m[39m[Task Completion] DOM action listeners initialized
[90mstdout[2m | unknown test
[22m[39m[Task Completion] Auto-completion detector initialized
[90mstdout[2m | unknown test
[22m[39m[Preview] Task completion detector initialized
[90mstdout[2m | src/components/Gamification/HomeworkXPSummary.stories.tsx[2m > [22m[2mXP Summary Story
[22m[39m[MOCK CourseVectorStore] Initialized with mock data
[90mstdout[2m | src/components/Gamification/HomeworkXPSummary.stories.tsx[2m > [22m[2mXP Summary Story
[22m[39m[TranslationModeController] Setting mode to: off
[90mstdout[2m | src/components/Gamification/HomeworkXPSummary.stories.tsx[2m > [22m[2mXP Summary Story
[22m[39m[UnitContext] useEffect triggered {
  "authLoading": false,
  "hasUser": true,
  "id": "mock-unit-id",
  "userSub": "mock-user-sub",
}
[90mstdout[2m | src/components/Gamification/HomeworkXPSummary.stories.tsx[2m > [22m[2mXP Summary Story
[22m[39m[UnitContext] Fetching unit data for id: mock-unit-id
[90mstdout[2m | src/components/Gamification/HomeworkXPSummary.stories.tsx[2m > [22m[2mXP Summary Story
[22m[39m[FilesContext] Initializing vector store from IndexedDB
[90mstdout[2m | src/components/Gamification/HomeworkXPSummary.stories.tsx[2m > [22m[2mXP Summary Story
[22m[39m[FilesContext] fetchFiles called
[90mstdout[2m | src/components/Gamification/HomeworkXPSummary.stories.tsx[2m > [22m[2mXP Summary Story
[22m[39m[FilesContext] User authenticated: mock-user-sub
[90mstdout[2m | src/components/Gamification/HomeworkXPSummary.stories.tsx[2m > [22m[2mXP Summary Story
[22m[39m[FilesContext] Identity ID: us-east-1:mock-identity-123
[90mstdout[2m | src/components/Gamification/HomeworkXPSummary.stories.tsx[2m > [22m[2mXP Summary Story
[22m[39m[FilesContext] About to set up File observeQuery
[90mstdout[2m | src/components/Gamification/HomeworkXPSummary.stories.tsx[2m > [22m[2mXP Summary Story
[22m[39m[ChatContext] Setting up AssistantChat observeQuery
[90mstdout[2m | src/components/Gamification/HomeworkXPSummary.stories.tsx[2m > [22m[2mXP Summary Story
[22m[39m[ChatContext] Waiting for subscription to initialize
[90mstdout[2m | src/components/Gamification/HomeworkXPSummary.stories.tsx[2m > [22m[2mXP Summary Story
[22m[39m[SettingsContext] Setting up Settings subscription for user: mock-user-sub
[90mstdout[2m | src/components/Gamification/HomeworkXPSummary.stories.tsx[2m > [22m[2mXP Summary Story
[22m[39m[Mock Data] Settings created: mock-settings-1790416811636 - notified 0 subscribers
[90mstdout[2m | src/components/Gamification/HomeworkXPSummary.stories.tsx[2m > [22m[2mXP Summary Story
[22m[39m[Mock Data] Unit.onUpdate() subscription added. Total: 1
[90mstdout[2m | src/components/Gamification/HomeworkXPSummary.stories.tsx[2m > [22m[2mXP Summary Story
[22m[39m[SectionContext] Section observeQuery update: 0
[90mstdout[2m | src/components/Gamification/HomeworkXPSummary.stories.tsx[2m > [22m[2mXP Summary Story
[22m[39m[FilesContext] File observeQuery update: 6 files
[90mstdout[2m | src/components/Gamification/HomeworkXPSummary.stories.tsx[2m > [22m[2mXP Summary Story
[22m[39m[ChatContext] AssistantChat initialized with 1 chats
[90mstdout[2m | src/components/Gamification/HomeworkXPSummary.stories.tsx[2m > [22m[2mXP Summary Story
[22m[39m[ChatContext] Setting initial chat: mock-assistant-chat-1
[90mstdout[2m | src/components/Gamification/HomeworkXPSummary.stories.tsx[2m > [22m[2mXP Summary Story
[22m[39m[MOCK CourseVectorStore] Initialized with mock data
[90mstdout[2m | src/components/Gamification/HomeworkXPSummary.stories.tsx[2m > [22m[2mXP Summary Story
[22m[39m[FilesContext] Vector store population triggered {
  "currentVectorStoreSize": 3,
  "documentsCount": 0,
  "filesCount": 6,
  "isInitialLoad": true,
}
[90mstdout[2m | src/components/Gamification/HomeworkXPSummary.stories.tsx[2m > [22m[2mXP Summary Story
[22m[39m[FilesContext] Vector store population complete - 3 total embeddings
[90mstdout[2m | src/components/Gamification/HomeworkXPSummary.stories.tsx[2m > [22m[2mXP Summary Story
[22m[39m[ChatContext] Chat exists and not archived, skipping creation
[90mstdout[2m | src/components/Gamification/HomeworkXPSummary.stories.tsx[2m > [22m[2mXP Summary Story
[22m[39m[Mock Storage] downloadData called with: undefined
 [32m✓[39m [30m[45m storybook (chromium) [49m[39m src/components/Gamification/HomeworkXPSummary.stories.tsx [2m([22m[2m1 test[22m[2m)[22m[32m 287[2mms[22m[39m
[90mstdout[2m | unknown test
[22m[39m[MOCK vectorStoreDB.js] Module loaded - mock IndexedDB operations
[90mstdout[2m | unknown test
[22m[39m[Task Completion] DOM action listeners initialized
[90mstdout[2m | unknown test
[22m[39m[Task Completion] Auto-completion detector initialized
[90mstdout[2m | unknown test
[22m[39m[Preview] Task completion detector initialized
[90mstdout[2m | src/components/Editor3/plugins/AutoEmbedPlugin.stories.jsx[2m > [22m[2mEditable Empty
[22m[39m[Preview] Skipped initializing default mock data (initializeMockData=false)
[90mstdout[2m | src/components/Editor3/plugins/AutoEmbedPlugin.stories.jsx[2m > [22m[2mEditable Empty
[22m[39m[Mock Data] seedMockUnit: Adding unit auto-embed-story-unit
[90mstdout[2m | src/components/Editor3/plugins/AutoEmbedPlugin.stories.jsx[2m > [22m[2mEditable Empty
[22m[39m[MOCK CourseVectorStore] Initialized with mock data
[90mstdout[2m | src/components/Editor3/plugins/AutoEmbedPlugin.stories.jsx[2m > [22m[2mEditable Empty
[22m[39m[TranslationModeController] Setting mode to: off
[90mstdout[2m | src/components/Editor3/plugins/AutoEmbedPlugin.stories.jsx[2m > [22m[2mEditable Empty
[22m[39m[UnitContext] useEffect triggered {
  "authLoading": false,
  "hasUser": true,
  "id": "auto-embed-story-unit",
  "userSub": "mock-user-sub",
}
[90mstdout[2m | src/components/Editor3/plugins/AutoEmbedPlugin.stories.jsx[2m > [22m[2mEditable Empty
[22m[39m[UnitContext] Fetching unit data for id: auto-embed-story-unit
[90mstdout[2m | src/components/Editor3/plugins/AutoEmbedPlugin.stories.jsx[2m > [22m[2mEditable Empty
[22m[39m[FilesContext] Initializing vector store from IndexedDB
[90mstdout[2m | src/components/Editor3/plugins/AutoEmbedPlugin.stories.jsx[2m > [22m[2mEditable Empty
[22m[39m[FilesContext] fetchFiles called
[90mstdout[2m | src/components/Editor3/plugins/AutoEmbedPlugin.stories.jsx[2m > [22m[2mEditable Empty
[22m[39m[FilesContext] User authenticated: mock-user-sub
[90mstdout[2m | src/components/Editor3/plugins/AutoEmbedPlugin.stories.jsx[2m > [22m[2mEditable Empty
[22m[39m[FilesContext] Identity ID: us-east-1:mock-identity-123
[90mstdout[2m | src/components/Editor3/plugins/AutoEmbedPlugin.stories.jsx[2m > [22m[2mEditable Empty
[22m[39m[FilesContext] About to set up File observeQuery
[90mstdout[2m | src/components/Editor3/plugins/AutoEmbedPlugin.stories.jsx[2m > [22m[2mEditable Empty
[22m[39m[ChatContext] Setting up AssistantChat observeQuery
[90mstdout[2m | src/components/Editor3/plugins/AutoEmbedPlugin.stories.jsx[2m > [22m[2mEditable Empty
[22m[39m[ChatContext] Waiting for subscription to initialize
[90mstdout[2m | src/components/Editor3/plugins/AutoEmbedPlugin.stories.jsx[2m > [22m[2mEditable Empty
[22m[39m[SettingsContext] Setting up Settings subscription for user: mock-user-sub
[90mstdout[2m | src/components/Editor3/plugins/AutoEmbedPlugin.stories.jsx[2m > [22m[2mEditable Empty
[22m[39m[Mock Data] Settings created: mock-settings-1790416816771 - notified 0 subscribers
[90mstdout[2m | src/components/Editor3/plugins/AutoEmbedPlugin.stories.jsx[2m > [22m[2mEditable Empty
[22m[39m[Mock Data] Unit.onUpdate() subscription added. Total: 1
[90mstdout[2m | src/components/Editor3/plugins/AutoEmbedPlugin.stories.jsx[2m > [22m[2mEditable Empty
[22m[39m[SectionContext] Section observeQuery update: 0
[90mstdout[2m | src/components/Editor3/plugins/AutoEmbedPlugin.stories.jsx[2m > [22m[2mEditable Empty
[22m[39m[FilesContext] File observeQuery update: 0 files
[90mstdout[2m | src/components/Editor3/plugins/AutoEmbedPlugin.stories.jsx[2m > [22m[2mEditable Empty
[22m[39m[ChatContext] AssistantChat initialized with 0 chats
[90mstdout[2m | src/components/Editor3/plugins/AutoEmbedPlugin.stories.jsx[2m > [22m[2mEditable Empty
[22m[39m[Mock Storage] downloadData called with: undefined
[90mstdout[2m | src/components/Editor3/plugins/AutoEmbedPlugin.stories.jsx[2m > [22m[2mEditable Empty
[22m[39m[MOCK CourseVectorStore] Initialized with mock data
[90mstdout[2m | src/components/Editor3/plugins/AutoEmbedPlugin.stories.jsx[2m > [22m[2mEditable Empty
[22m[39m[ChatContext] No current chat available, will create one
[90mstdout[2m | src/components/Editor3/plugins/AutoEmbedPlugin.stories.jsx[2m > [22m[2mEditable Empty
[22m[39m[ChatContext] Creating AssistantChat with user: undefined
[90mstdout[2m | src/components/Editor3/plugins/AutoEmbedPlugin.stories.jsx[2m > [22m[2mEditable Empty
[22m[39m[Mock Data] AssistantChat created: mock-assistantchat-1790416816782 - notified 1 subscribers
[90mstdout[2m | src/components/Editor3/plugins/AutoEmbedPlugin.stories.jsx[2m > [22m[2mEditable Empty
[22m[39m[ChatContext] Create result: {
  "data": {
    "_version": 1,
    "archived": false,
    "chatFiles": [Function anonymous],
    "createdAt": "2026-09-26T10:00:16.782Z",
    "id": "mock-assistantchat-1790416816782",
    "model": "gpt-4",
    "updatedAt": "2026-09-26T10:00:16.782Z",
  },
  "errors": [],
  "hasData": true,
  "hasErrors": true,
}
[90mstdout[2m | src/components/Editor3/plugins/AutoEmbedPlugin.stories.jsx[2m > [22m[2mEditable Empty
[22m[39m[ChatContext] Created AssistantChat: mock-assistantchat-1790416816782 at: 2026-09-26T10:00:16.782Z
[90mstdout[2m | src/components/Editor3/plugins/AutoEmbedPlugin.stories.jsx[2m > [22m[2mEditable Empty
[22m[39m[ChatContext] Setting initial chat: mock-assistantchat-1790416816782
[90mstdout[2m | src/components/Editor3/plugins/AutoEmbedPlugin.stories.jsx[2m > [22m[2mEditable Empty
[22m[39m[ChatContext] Chat exists and not archived, skipping creation
[90mstdout[2m | src/components/Editor3/plugins/AutoEmbedPlugin.stories.jsx[2m > [22m[2mEditable With Instructions
[22m[39m[ChatContext] Cleaning up subscriptions
[90mstdout[2m | src/components/Editor3/plugins/AutoEmbedPlugin.stories.jsx[2m > [22m[2mEditable With Instructions
[22m[39m[Mock Data] Unit.onUpdate() subscription removed. Remaining: 0
[90mstdout[2m | src/components/Editor3/plugins/AutoEmbedPlugin.stories.jsx[2m > [22m[2mEditable With Instructions
[22m[39m[Preview] Skipped initializing default mock data (initializeMockData=false)
[90mstdout[2m | src/components/Editor3/plugins/AutoEmbedPlugin.stories.jsx[2m > [22m[2mEditable With Instructions
[22m[39m[Mock Data] seedMockUnit: Adding unit auto-embed-story-unit
[90mstdout[2m | src/components/Editor3/plugins/AutoEmbedPlugin.stories.jsx[2m > [22m[2mEditable With Instructions
[22m[39m[MOCK CourseVectorStore] Initialized with mock data
[90mstdout[2m | src/components/Editor3/plugins/AutoEmbedPlugin.stories.jsx[2m > [22m[2mEditable With Instructions
[22m[39m[TranslationModeController] Setting mode to: off
[90mstdout[2m | src/components/Editor3/plugins/AutoEmbedPlugin.stories.jsx[2m > [22m[2mEditable With Instructions
[22m[39m[UnitContext] useEffect triggered {
  "authLoading": false,
  "hasUser": true,
  "id": "auto-embed-story-unit",
  "userSub": "mock-user-sub",
}
[90mstdout[2m | src/components/Editor3/plugins/AutoEmbedPlugin.stories.jsx[2m > [22m[2mEditable With Instructions
[22m[39m[UnitContext] Fetching unit data for id: auto-embed-story-unit
[90mstdout[2m | src/components/Editor3/plugins/AutoEmbedPlugin.stories.jsx[2m > [22m[2mEditable With Instructions
[22m[39m[FilesContext] Initializing vector store from IndexedDB
[90mstdout[2m | src/components/Editor3/plugins/AutoEmbedPlugin.stories.jsx[2m > [22m[2mEditable With Instructions
[22m[39m[FilesContext] fetchFiles called
[90mstdout[2m | src/components/Editor3/plugins/AutoEmbedPlugin.stories.jsx[2m > [22m[2mEditable With Instructions
[22m[39m[FilesContext] User authenticated: mock-user-sub
[90mstdout[2m | src/components/Editor3/plugins/AutoEmbedPlugin.stories.jsx[2m > [22m[2mEditable With Instructions
[22m[39m[FilesContext] Identity ID: us-east-1:mock-identity-123
[90mstdout[2m | src/components/Editor3/plugins/AutoEmbedPlugin.stories.jsx[2m > [22m[2mEditable With Instructions
[22m[39m[FilesContext] About to set up File observeQuery
[90mstdout[2m | src/components/Editor3/plugins/AutoEmbedPlugin.stories.jsx[2m > [22m[2mEditable With Instructions
[22m[39m[ChatContext] Setting up AssistantChat observeQuery
[90mstdout[2m | src/components/Editor3/plugins/AutoEmbedPlugin.stories.jsx[2m > [22m[2mEditable With Instructions
[22m[39m[ChatContext] Waiting for subscription to initialize
[90mstdout[2m | src/components/Editor3/plugins/AutoEmbedPlugin.stories.jsx[2m > [22m[2mEditable With Instructions
[22m[39m[SettingsContext] Setting up Settings subscription for user: mock-user-sub
[90mstdout[2m | src/components/Editor3/plugins/AutoEmbedPlugin.stories.jsx[2m > [22m[2mEditable With Instructions
[22m[39m[Mock Data] Settings created: mock-settings-1790416816978 - notified 0 subscribers
[90mstdout[2m | src/components/Editor3/plugins/AutoEmbedPlugin.stories.jsx[2m > [22m[2mEditable With Instructions
[22m[39m[Mock Data] Unit.onUpdate() subscription added. Total: 1
[90mstdout[2m | src/components/Editor3/plugins/AutoEmbedPlugin.stories.jsx[2m > [22m[2mEditable With Instructions
[22m[39m[SectionContext] Section observeQuery update: 0
[90mstdout[2m | src/components/Editor3/plugins/AutoEmbedPlugin.stories.jsx[2m > [22m[2mEditable With Instructions
[22m[39m[FilesContext] File observeQuery update: 0 files
[90mstdout[2m | src/components/Editor3/plugins/AutoEmbedPlugin.stories.jsx[2m > [22m[2mEditable With Instructions
[22m[39m[ChatContext] AssistantChat initialized with 0 chats
[90mstdout[2m | src/components/Editor3/plugins/AutoEmbedPlugin.stories.jsx[2m > [22m[2mEditable With Instructions
[22m[39m[Mock Storage] downloadData called with: undefined
[90mstdout[2m | src/components/Editor3/plugins/AutoEmbedPlugin.stories.jsx[2m > [22m[2mEditable With Instructions
[22m[39m[MOCK CourseVectorStore] Initialized with mock data
[90mstdout[2m | src/components/Editor3/plugins/AutoEmbedPlugin.stories.jsx[2m > [22m[2mEditable With Instructions
[22m[39m[ChatContext] No current chat available, will create one
[90mstdout[2m | src/components/Editor3/plugins/AutoEmbedPlugin.stories.jsx[2m > [22m[2mEditable With Instructions
[22m[39m[ChatContext] Creating AssistantChat with user: undefined
[90mstdout[2m | src/components/Editor3/plugins/AutoEmbedPlugin.stories.jsx[2m > [22m[2mEditable With Instructions
[22m[39m[Mock Data] AssistantChat created: mock-assistantchat-1790416817000 - notified 1 subscribers
[90mstdout[2m | src/components/Editor3/plugins/AutoEmbedPlugin.stories.jsx[2m > [22m[2mEditable With Instructions
[22m[39m[ChatContext] Create result: {
  "data": {
    "_version": 1,
    "archived": false,
    "chatFiles": [Function anonymous],
    "createdAt": "2026-09-26T10:00:17.000Z",
    "id": "mock-assistantchat-1790416817000",
    "model": "gpt-4",
    "updatedAt": "2026-09-26T10:00:17.000Z",
  },
  "errors": [],
  "hasData": true,
  "hasErrors": true,
}
[90mstdout[2m | src/components/Editor3/plugins/AutoEmbedPlugin.stories.jsx[2m > [22m[2mEditable With Instructions
[22m[39m[ChatContext] Created AssistantChat: mock-assistantchat-1790416817000 at: 2026-09-26T10:00:17.000Z
[90mstdout[2m | src/components/Editor3/plugins/AutoEmbedPlugin.stories.jsx[2m > [22m[2mEditable With Instructions
[22m[39m[ChatContext] Setting initial chat: mock-assistantchat-1790416817000
[90mstdout[2m | src/components/Editor3/plugins/AutoEmbedPlugin.stories.jsx[2m > [22m[2mEditable With Instructions
[22m[39m[ChatContext] Chat exists and not archived, skipping creation
 [32m✓[39m [30m[45m storybook (chromium) [49m[39m src/components/Editor3/plugins/AutoEmbedPlugin.stories.jsx [2m([22m[2m2 tests[22m[2m)[22m[33m 372[2mms[22m[39m
[90mstdout[2m | unknown test
[22m[39m[MOCK vectorStoreDB.js] Module loaded - mock IndexedDB operations
[90mstdout[2m | unknown test
[22m[39m[Task Completion] DOM action listeners initialized
[90mstdout[2m | unknown test
[22m[39m[Task Completion] Auto-completion detector initialized
[90mstdout[2m | unknown test
[22m[39m[Preview] Task completion detector initialized
[90mstdout[2m | src/components/Workbook/BlockHistoryTimeline.stories.tsx[2m > [22m[2mHistory Story
[22m[39m[MOCK CourseVectorStore] Initialized with mock data
[90mstdout[2m | src/components/Workbook/BlockHistoryTimeline.stories.tsx[2m > [22m[2mHistory Story
[22m[39m[TranslationModeController] Setting mode to: off
[90mstdout[2m | src/components/Workbook/BlockHistoryTimeline.stories.tsx[2m > [22m[2mHistory Story
[22m[39m[UnitContext] useEffect triggered {
  "authLoading": false,
  "hasUser": true,
  "id": "mock-unit-id",
  "userSub": "mock-user-sub",
}
[90mstdout[2m | src/components/Workbook/BlockHistoryTimeline.stories.tsx[2m > [22m[2mHistory Story
[22m[39m[UnitContext] Fetching unit data for id: mock-unit-id
[90mstdout[2m | src/components/Workbook/BlockHistoryTimeline.stories.tsx[2m > [22m[2mHistory Story
[22m[39m[FilesContext] Initializing vector store from IndexedDB
[90mstdout[2m | src/components/Workbook/BlockHistoryTimeline.stories.tsx[2m > [22m[2mHistory Story
[22m[39m[FilesContext] fetchFiles called
[90mstdout[2m | src/components/Workbook/BlockHistoryTimeline.stories.tsx[2m > [22m[2mHistory Story
[22m[39m[FilesContext] User authenticated: mock-user-sub
[90mstdout[2m | src/components/Workbook/BlockHistoryTimeline.stories.tsx[2m > [22m[2mHistory Story
[22m[39m[FilesContext] Identity ID: us-east-1:mock-identity-123
[90mstdout[2m | src/components/Workbook/BlockHistoryTimeline.stories.tsx[2m > [22m[2mHistory Story
[22m[39m[FilesContext] About to set up File observeQuery
[90mstdout[2m | src/components/Workbook/BlockHistoryTimeline.stories.tsx[2m > [22m[2mHistory Story
[22m[39m[ChatContext] Setting up AssistantChat observeQuery
[90mstdout[2m | src/components/Workbook/BlockHistoryTimeline.stories.tsx[2m > [22m[2mHistory Story
[22m[39m[ChatContext] Waiting for subscription to initialize
[90mstdout[2m | src/components/Workbook/BlockHistoryTimeline.stories.tsx[2m > [22m[2mHistory Story
[22m[39m[SettingsContext] Setting up Settings subscription for user: mock-user-sub
[90mstdout[2m | src/components/Workbook/BlockHistoryTimeline.stories.tsx[2m > [22m[2mHistory Story
[22m[39m[Mock Data] Settings created: mock-settings-1790416817898 - notified 0 subscribers
[90mstdout[2m | src/components/Workbook/BlockHistoryTimeline.stories.tsx[2m > [22m[2mHistory Story
[22m[39m[Mock Data] Unit.onUpdate() subscription added. Total: 1
[90mstdout[2m | src/components/Workbook/BlockHistoryTimeline.stories.tsx[2m > [22m[2mHistory Story
[22m[39m[SectionContext] Section observeQuery update: 0
[90mstdout[2m | src/components/Workbook/BlockHistoryTimeline.stories.tsx[2m > [22m[2mHistory Story
[22m[39m[FilesContext] File observeQuery update: 6 files
[90mstdout[2m | src/components/Workbook/BlockHistoryTimeline.stories.tsx[2m > [22m[2mHistory Story
[22m[39m[ChatContext] AssistantChat initialized with 1 chats
[90mstdout[2m | src/components/Workbook/BlockHistoryTimeline.stories.tsx[2m > [22m[2mHistory Story
[22m[39m[ChatContext] Setting initial chat: mock-assistant-chat-1
[90mstdout[2m | src/components/Workbook/BlockHistoryTimeline.stories.tsx[2m > [22m[2mHistory Story
[22m[39m[MOCK CourseVectorStore] Initialized with mock data
[90mstdout[2m | src/components/Workbook/BlockHistoryTimeline.stories.tsx[2m > [22m[2mHistory Story
[22m[39m[FilesContext] Vector store population triggered {
  "currentVectorStoreSize": 3,
  "documentsCount": 0,
  "filesCount": 6,
  "isInitialLoad": true,
}
[90mstdout[2m | src/components/Workbook/BlockHistoryTimeline.stories.tsx[2m > [22m[2mHistory Story
[22m[39m[FilesContext] Vector store population complete - 3 total embeddings
[90mstdout[2m | src/components/Workbook/BlockHistoryTimeline.stories.tsx[2m > [22m[2mHistory Story
[22m[39m[ChatContext] Chat exists and not archived, skipping creation
[90mstdout[2m | src/components/Workbook/BlockHistoryTimeline.stories.tsx[2m > [22m[2mHistory Story
[22m[39m[Mock Storage] downloadData called with: undefined
[90mstdout[2m | src/components/Workbook/BlockHistoryTimeline.stories.tsx[2m > [22m[2mHistory Empty
[22m[39m[ChatContext] Cleaning up subscriptions
[90mstdout[2m | src/components/Workbook/BlockHistoryTimeline.stories.tsx[2m > [22m[2mHistory Empty
[22m[39m[Mock Data] Unit.onUpdate() subscription removed. Remaining: 0
[90mstdout[2m | src/components/Workbook/BlockHistoryTimeline.stories.tsx[2m > [22m[2mHistory Empty
[22m[39m[MOCK CourseVectorStore] Initialized with mock data
[90mstdout[2m | src/components/Workbook/BlockHistoryTimeline.stories.tsx[2m > [22m[2mHistory Empty
[22m[39m[TranslationModeController] Setting mode to: off
[90mstdout[2m | src/components/Workbook/BlockHistoryTimeline.stories.tsx[2m > [22m[2mHistory Empty
[22m[39m[UnitContext] useEffect triggered {
  "authLoading": false,
  "hasUser": true,
  "id": "mock-unit-id",
  "userSub": "mock-user-sub",
}
[90mstdout[2m | src/components/Workbook/BlockHistoryTimeline.stories.tsx[2m > [22m[2mHistory Empty
[22m[39m[UnitContext] Fetching unit data for id: mock-unit-id
[90mstdout[2m | src/components/Workbook/BlockHistoryTimeline.stories.tsx[2m > [22m[2mHistory Empty
[22m[39m[FilesContext] Initializing vector store from IndexedDB
[90mstdout[2m | src/components/Workbook/BlockHistoryTimeline.stories.tsx[2m > [22m[2mHistory Empty
[22m[39m[FilesContext] fetchFiles called
[90mstdout[2m | src/components/Workbook/BlockHistoryTimeline.stories.tsx[2m > [22m[2mHistory Empty
[22m[39m[FilesContext] User authenticated: mock-user-sub
[90mstdout[2m | src/components/Workbook/BlockHistoryTimeline.stories.tsx[2m > [22m[2mHistory Empty
[22m[39m[FilesContext] Identity ID: us-east-1:mock-identity-123
[90mstdout[2m | src/components/Workbook/BlockHistoryTimeline.stories.tsx[2m > [22m[2mHistory Empty
[22m[39m[FilesContext] About to set up File observeQuery
[90mstdout[2m | src/components/Workbook/BlockHistoryTimeline.stories.tsx[2m > [22m[2mHistory Empty
[22m[39m[ChatContext] Setting up AssistantChat observeQuery
[90mstdout[2m | src/components/Workbook/BlockHistoryTimeline.stories.tsx[2m > [22m[2mHistory Empty
[22m[39m[ChatContext] Waiting for subscription to initialize
[90mstdout[2m | src/components/Workbook/BlockHistoryTimeline.stories.tsx[2m > [22m[2mHistory Empty
[22m[39m[SettingsContext] Setting up Settings subscription for user: mock-user-sub
[90mstdout[2m | src/components/Workbook/BlockHistoryTimeline.stories.tsx[2m > [22m[2mHistory Empty
[22m[39m[Mock Data] Settings created: mock-settings-1790416818084 - notified 0 subscribers
[90mstdout[2m | src/components/Workbook/BlockHistoryTimeline.stories.tsx[2m > [22m[2mHistory Empty
[22m[39m[Mock Data] Unit.onUpdate() subscription added. Total: 1
[90mstdout[2m | src/components/Workbook/BlockHistoryTimeline.stories.tsx[2m > [22m[2mHistory Empty
[22m[39m[SectionContext] Section observeQuery update: 0
[90mstdout[2m | src/components/Workbook/BlockHistoryTimeline.stories.tsx[2m > [22m[2mHistory Empty
[22m[39m[FilesContext] File observeQuery update: 6 files
[90mstdout[2m | src/components/Workbook/BlockHistoryTimeline.stories.tsx[2m > [22m[2mHistory Empty
[22m[39m[ChatContext] AssistantChat initialized with 1 chats
[90mstdout[2m | src/components/Workbook/BlockHistoryTimeline.stories.tsx[2m > [22m[2mHistory Empty
[22m[39m[ChatContext] Setting initial chat: mock-assistant-chat-1
[90mstdout[2m | src/components/Workbook/BlockHistoryTimeline.stories.tsx[2m > [22m[2mHistory Empty
[22m[39m[Mock Storage] downloadData called with: undefined
[90mstdout[2m | src/components/Workbook/BlockHistoryTimeline.stories.tsx[2m > [22m[2mHistory Empty
[22m[39m[MOCK CourseVectorStore] Initialized with mock data
[90mstdout[2m | src/components/Workbook/BlockHistoryTimeline.stories.tsx[2m > [22m[2mHistory Empty
[22m[39m[FilesContext] Vector store population triggered {
  "currentVectorStoreSize": 3,
  "documentsCount": 0,
  "filesCount": 6,
  "isInitialLoad": true,
}
[90mstdout[2m | src/components/Workbook/BlockHistoryTimeline.stories.tsx[2m > [22m[2mHistory Empty
[22m[39m[FilesContext] Vector store population complete - 3 total embeddings
[90mstdout[2m | src/components/Workbook/BlockHistoryTimeline.stories.tsx[2m > [22m[2mHistory Empty
[22m[39m[ChatContext] Chat exists and not archived, skipping creation
 [32m✓[39m [30m[45m storybook (chromium) [49m[39m src/components/Workbook/BlockHistoryTimeline.stories.tsx [2m([22m[2m2 tests[22m[2m)[22m[33m 306[2mms[22m[39m
[90mstdout[2m | unknown test
[22m[39m[MOCK vectorStoreDB.js] Module loaded - mock IndexedDB operations
[90mstdout[2m | unknown test
[22m[39m[Task Completion] DOM action listeners initialized
[90mstdout[2m | unknown test
[22m[39m[Task Completion] Auto-completion detector initialized
[90mstdout[2m | unknown test
[22m[39m[Preview] Task completion detector initialized
[90mstdout[2m | src/components/Gamification/NailedItWall.stories.tsx[2m > [22m[2mWall Story
[22m[39m[MOCK CourseVectorStore] Initialized with mock data
[90mstdout[2m | src/components/Gamification/NailedItWall.stories.tsx[2m > [22m[2mWall Story
[22m[39m[TranslationModeController] Setting mode to: off
[90mstdout[2m | src/components/Gamification/NailedItWall.stories.tsx[2m > [22m[2mWall Story
[22m[39m[UnitContext] useEffect triggered {
  "authLoading": false,
  "hasUser": true,
  "id": "mock-unit-id",
  "userSub": "mock-user-sub",
}
[90mstdout[2m | src/components/Gamification/NailedItWall.stories.tsx[2m > [22m[2mWall Story
[22m[39m[UnitContext] Fetching unit data for id: mock-unit-id
[90mstdout[2m | src/components/Gamification/NailedItWall.stories.tsx[2m > [22m[2mWall Story
[22m[39m[FilesContext] Initializing vector store from IndexedDB
[90mstdout[2m | src/components/Gamification/NailedItWall.stories.tsx[2m > [22m[2mWall Story
[22m[39m[FilesContext] fetchFiles called
[90mstdout[2m | src/components/Gamification/NailedItWall.stories.tsx[2m > [22m[2mWall Story
[22m[39m[FilesContext] User authenticated: mock-user-sub
[90mstdout[2m | src/components/Gamification/NailedItWall.stories.tsx[2m > [22m[2mWall Story
[22m[39m[FilesContext] Identity ID: us-east-1:mock-identity-123
[90mstdout[2m | src/components/Gamification/NailedItWall.stories.tsx[2m > [22m[2mWall Story
[22m[39m[FilesContext] About to set up File observeQuery
[90mstdout[2m | src/components/Gamification/NailedItWall.stories.tsx[2m > [22m[2mWall Story
[22m[39m[ChatContext] Setting up AssistantChat observeQuery
[90mstdout[2m | src/components/Gamification/NailedItWall.stories.tsx[2m > [22m[2mWall Story
[22m[39m[ChatContext] Waiting for subscription to initialize
[90mstdout[2m | src/components/Gamification/NailedItWall.stories.tsx[2m > [22m[2mWall Story
[22m[39m[SettingsContext] Setting up Settings subscription for user: mock-user-sub
[90mstdout[2m | src/components/Gamification/NailedItWall.stories.tsx[2m > [22m[2mWall Story
[22m[39m[Mock Data] Settings created: mock-settings-1790416819679 - notified 0 subscribers
[90mstdout[2m | src/components/Gamification/NailedItWall.stories.tsx[2m > [22m[2mWall Story
[22m[39m[Mock Data] Unit.onUpdate() subscription added. Total: 1
[90mstdout[2m | src/components/Gamification/NailedItWall.stories.tsx[2m > [22m[2mWall Story
[22m[39m[SectionContext] Section observeQuery update: 0
[90mstdout[2m | src/components/Gamification/NailedItWall.stories.tsx[2m > [22m[2mWall Story
[22m[39m[FilesContext] File observeQuery update: 6 files
[90mstdout[2m | src/components/Gamification/NailedItWall.stories.tsx[2m > [22m[2mWall Story
[22m[39m[ChatContext] AssistantChat initialized with 1 chats
[90mstdout[2m | src/components/Gamification/NailedItWall.stories.tsx[2m > [22m[2mWall Story
[22m[39m[ChatContext] Setting initial chat: mock-assistant-chat-1
[90mstdout[2m | src/components/Gamification/NailedItWall.stories.tsx[2m > [22m[2mWall Story
[22m[39m[MOCK CourseVectorStore] Initialized with mock data
[90mstdout[2m | src/components/Gamification/NailedItWall.stories.tsx[2m > [22m[2mWall Story
[22m[39m[FilesContext] Vector store population triggered {
  "currentVectorStoreSize": 3,
  "documentsCount": 0,
  "filesCount": 6,
  "isInitialLoad": true,
}
[90mstdout[2m | src/components/Gamification/NailedItWall.stories.tsx[2m > [22m[2mWall Story
[22m[39m[FilesContext] Vector store population complete - 3 total embeddings
[90mstdout[2m | src/components/Gamification/NailedItWall.stories.tsx[2m > [22m[2mWall Story
[22m[39m[ChatContext] Chat exists and not archived, skipping creation
[90mstdout[2m | src/components/Gamification/NailedItWall.stories.tsx[2m > [22m[2mWall Story
[22m[39m[Mock Storage] downloadData called with: undefined
 [32m✓[39m [30m[45m storybook (chromium) [49m[39m src/components/Gamification/NailedItWall.stories.tsx [2m([22m[2m1 test[22m[2m)[22m[33m 390[2mms[22m[39m
   [33m[2m✓[22m[39m Wall Story [33m 388[2mms[22m[39m
[90mstdout[2m | unknown test
[22m[39m[MOCK vectorStoreDB.js] Module loaded - mock IndexedDB operations
[90mstdout[2m | unknown test
[22m[39m[Task Completion] DOM action listeners initialized
[90mstdout[2m | unknown test
[22m[39m[Task Completion] Auto-completion detector initialized
[90mstdout[2m | unknown test
[22m[39m[Preview] Task completion detector initialized
[90mstdout[2m | src/components/Leaderboard/CompletionGrid.stories.tsx[2m > [22m[2mGrid Story
[22m[39m[MOCK CourseVectorStore] Initialized with mock data
[90mstdout[2m | src/components/Leaderboard/CompletionGrid.stories.tsx[2m > [22m[2mGrid Story
[22m[39m[TranslationModeController] Setting mode to: off
[90mstdout[2m | src/components/Leaderboard/CompletionGrid.stories.tsx[2m > [22m[2mGrid Story
[22m[39m[UnitContext] useEffect triggered {
  "authLoading": false,
  "hasUser": true,
  "id": "mock-unit-id",
  "userSub": "mock-user-sub",
}
[90mstdout[2m | src/components/Leaderboard/CompletionGrid.stories.tsx[2m > [22m[2mGrid Story
[22m[39m[UnitContext] Fetching unit data for id: mock-unit-id
[90mstdout[2m | src/components/Leaderboard/CompletionGrid.stories.tsx[2m > [22m[2mGrid Story
[22m[39m[FilesContext] Initializing vector store from IndexedDB
[90mstdout[2m | src/components/Leaderboard/CompletionGrid.stories.tsx[2m > [22m[2mGrid Story
[22m[39m[FilesContext] fetchFiles called
[90mstdout[2m | src/components/Leaderboard/CompletionGrid.stories.tsx[2m > [22m[2mGrid Story
[22m[39m[FilesContext] User authenticated: mock-user-sub
[90mstdout[2m | src/components/Leaderboard/CompletionGrid.stories.tsx[2m > [22m[2mGrid Story
[22m[39m[FilesContext] Identity ID: us-east-1:mock-identity-123
[90mstdout[2m | src/components/Leaderboard/CompletionGrid.stories.tsx[2m > [22m[2mGrid Story
[22m[39m[FilesContext] About to set up File observeQuery
[90mstdout[2m | src/components/Leaderboard/CompletionGrid.stories.tsx[2m > [22m[2mGrid Story
[22m[39m[ChatContext] Setting up AssistantChat observeQuery
[90mstdout[2m | src/components/Leaderboard/CompletionGrid.stories.tsx[2m > [22m[2mGrid Story
[22m[39m[ChatContext] Waiting for subscription to initialize
[90mstdout[2m | src/components/Leaderboard/CompletionGrid.stories.tsx[2m > [22m[2mGrid Story
[22m[39m[SettingsContext] Setting up Settings subscription for user: mock-user-sub
[90mstdout[2m | src/components/Leaderboard/CompletionGrid.stories.tsx[2m > [22m[2mGrid Story
[22m[39m[Mock Data] Settings created: mock-settings-1790416821663 - notified 0 subscribers
[90mstdout[2m | src/components/Leaderboard/CompletionGrid.stories.tsx[2m > [22m[2mGrid Story
[22m[39m[Mock Data] Unit.onUpdate() subscription added. Total: 1
[90mstdout[2m | src/components/Leaderboard/CompletionGrid.stories.tsx[2m > [22m[2mGrid Story
[22m[39m[SectionContext] Section observeQuery update: 0
[90mstdout[2m | src/components/Leaderboard/CompletionGrid.stories.tsx[2m > [22m[2mGrid Story
[22m[39m[FilesContext] File observeQuery update: 6 files
[90mstdout[2m | src/components/Leaderboard/CompletionGrid.stories.tsx[2m > [22m[2mGrid Story
[22m[39m[ChatContext] AssistantChat initialized with 1 chats
[90mstdout[2m | src/components/Leaderboard/CompletionGrid.stories.tsx[2m > [22m[2mGrid Story
[22m[39m[ChatContext] Setting initial chat: mock-assistant-chat-1
[90mstdout[2m | src/components/Leaderboard/CompletionGrid.stories.tsx[2m > [22m[2mGrid Story
[22m[39m[MOCK CourseVectorStore] Initialized with mock data
[90mstdout[2m | src/components/Leaderboard/CompletionGrid.stories.tsx[2m > [22m[2mGrid Story
[22m[39m[FilesContext] Vector store population triggered {
  "currentVectorStoreSize": 3,
  "documentsCount": 0,
  "filesCount": 6,
  "isInitialLoad": true,
}
[90mstdout[2m | src/components/Leaderboard/CompletionGrid.stories.tsx[2m > [22m[2mGrid Story
[22m[39m[FilesContext] Vector store population complete - 3 total embeddings
[90mstdout[2m | src/components/Leaderboard/CompletionGrid.stories.tsx[2m > [22m[2mGrid Story
[22m[39m[ChatContext] Chat exists and not archived, skipping creation
[90mstdout[2m | src/components/Leaderboard/CompletionGrid.stories.tsx[2m > [22m[2mGrid Story
[22m[39m[Mock Storage] downloadData called with: undefined
 [32m✓[39m [30m[45m storybook (chromium) [49m[39m src/components/Leaderboard/CompletionGrid.stories.tsx [2m([22m[2m1 test[22m[2m)[22m[33m 504[2mms[22m[39m
   [33m[2m✓[22m[39m Grid Story [33m 503[2mms[22m[39m
[90mstdout[2m | unknown test
[22m[39m[MOCK vectorStoreDB.js] Module loaded - mock IndexedDB operations
[90mstdout[2m | unknown test
[22m[39m[Task Completion] DOM action listeners initialized
[90mstdout[2m | unknown test
[22m[39m[Task Completion] Auto-completion detector initialized
[90mstdout[2m | unknown test
[22m[39m[Preview] Task completion detector initialized
[90mstdout[2m | src/components/Section/RosterEnrollDialog.stories.jsx[2m > [22m[2mDefault
[22m[39m[MOCK CourseVectorStore] Initialized with mock data
[90mstdout[2m | src/components/Section/RosterEnrollDialog.stories.jsx[2m > [22m[2mDefault
[22m[39m[TranslationModeController] Setting mode to: off
[90mstdout[2m | src/components/Section/RosterEnrollDialog.stories.jsx[2m > [22m[2mDefault
[22m[39m[UnitContext] useEffect triggered {
  "authLoading": false,
  "hasUser": true,
  "id": "mock-unit-id",
  "userSub": "mock-user-sub",
}
[90mstdout[2m | src/components/Section/RosterEnrollDialog.stories.jsx[2m > [22m[2mDefault
[22m[39m[UnitContext] Fetching unit data for id: mock-unit-id
[90mstdout[2m | src/components/Section/RosterEnrollDialog.stories.jsx[2m > [22m[2mDefault
[22m[39m[FilesContext] Initializing vector store from IndexedDB
[90mstdout[2m | src/components/Section/RosterEnrollDialog.stories.jsx[2m > [22m[2mDefault
[22m[39m[FilesContext] fetchFiles called
[90mstdout[2m | src/components/Section/RosterEnrollDialog.stories.jsx[2m > [22m[2mDefault
[22m[39m[FilesContext] User authenticated: mock-user-sub
[90mstdout[2m | src/components/Section/RosterEnrollDialog.stories.jsx[2m > [22m[2mDefault
[22m[39m[FilesContext] Identity ID: us-east-1:mock-identity-123
[90mstdout[2m | src/components/Section/RosterEnrollDialog.stories.jsx[2m > [22m[2mDefault
[22m[39m[FilesContext] About to set up File observeQuery
[90mstdout[2m | src/components/Section/RosterEnrollDialog.stories.jsx[2m > [22m[2mDefault
[22m[39m[ChatContext] Setting up AssistantChat observeQuery
[90mstdout[2m | src/components/Section/RosterEnrollDialog.stories.jsx[2m > [22m[2mDefault
[22m[39m[ChatContext] Waiting for subscription to initialize
[90mstdout[2m | src/components/Section/RosterEnrollDialog.stories.jsx[2m > [22m[2mDefault
[22m[39m[SettingsContext] Setting up Settings subscription for user: mock-user-sub
[90mstdout[2m | src/components/Section/RosterEnrollDialog.stories.jsx[2m > [22m[2mDefault
[22m[39m[Mock Data] Settings created: mock-settings-1790416822909 - notified 0 subscribers
[90mstdout[2m | src/components/Section/RosterEnrollDialog.stories.jsx[2m > [22m[2mDefault
[22m[39m[Mock Data] Unit.onUpdate() subscription added. Total: 1
[90mstdout[2m | src/components/Section/RosterEnrollDialog.stories.jsx[2m > [22m[2mDefault
[22m[39m[SectionContext] Section observeQuery update: 0
[90mstdout[2m | src/components/Section/RosterEnrollDialog.stories.jsx[2m > [22m[2mDefault
[22m[39m[FilesContext] File observeQuery update: 6 files
[90mstdout[2m | src/components/Section/RosterEnrollDialog.stories.jsx[2m > [22m[2mDefault
[22m[39m[ChatContext] AssistantChat initialized with 1 chats
[90mstdout[2m | src/components/Section/RosterEnrollDialog.stories.jsx[2m > [22m[2mDefault
[22m[39m[ChatContext] Setting initial chat: mock-assistant-chat-1
[90mstdout[2m | src/components/Section/RosterEnrollDialog.stories.jsx[2m > [22m[2mDefault
[22m[39m[MOCK CourseVectorStore] Initialized with mock data
[90mstdout[2m | src/components/Section/RosterEnrollDialog.stories.jsx[2m > [22m[2mDefault
[22m[39m[FilesContext] Vector store population triggered {
  "currentVectorStoreSize": 3,
  "documentsCount": 0,
  "filesCount": 6,
  "isInitialLoad": true,
}
[90mstdout[2m | src/components/Section/RosterEnrollDialog.stories.jsx[2m > [22m[2mDefault
[22m[39m[FilesContext] Vector store population complete - 3 total embeddings
[90mstdout[2m | src/components/Section/RosterEnrollDialog.stories.jsx[2m > [22m[2mDefault
[22m[39m[ChatContext] Chat exists and not archived, skipping creation
[90mstdout[2m | src/components/Section/RosterEnrollDialog.stories.jsx[2m > [22m[2mDefault
[22m[39m[Mock Storage] downloadData called with: undefined
 [32m✓[39m [30m[45m storybook (chromium) [49m[39m src/components/Section/RosterEnrollDialog.stories.jsx [2m([22m[2m1 test[22m[2m)[22m[32m 208[2mms[22m[39m
[90mstdout[2m | unknown test
[22m[39m[MOCK vectorStoreDB.js] Module loaded - mock IndexedDB operations
[90mstdout[2m | unknown test
[22m[39m[Task Completion] DOM action listeners initialized
[90mstdout[2m | unknown test
[22m[39m[Task Completion] Auto-completion detector initialized
[90mstdout[2m | unknown test
[22m[39m[Preview] Task completion detector initialized
[90mstdout[2m | src/components/Gamification/XPToast.stories.tsx[2m > [22m[2mXP Toast Open
[22m[39m[MOCK CourseVectorStore] Initialized with mock data
[90mstdout[2m | src/components/Gamification/XPToast.stories.tsx[2m > [22m[2mXP Toast Open
[22m[39m[TranslationModeController] Setting mode to: off
[90mstdout[2m | src/components/Gamification/XPToast.stories.tsx[2m > [22m[2mXP Toast Open
[22m[39m[UnitContext] useEffect triggered {
  "authLoading": false,
  "hasUser": true,
  "id": "mock-unit-id",
  "userSub": "mock-user-sub",
}
[90mstdout[2m | src/components/Gamification/XPToast.stories.tsx[2m > [22m[2mXP Toast Open
[22m[39m[UnitContext] Fetching unit data for id: mock-unit-id
[90mstdout[2m | src/components/Gamification/XPToast.stories.tsx[2m > [22m[2mXP Toast Open
[22m[39m[FilesContext] Initializing vector store from IndexedDB
[90mstdout[2m | src/components/Gamification/XPToast.stories.tsx[2m > [22m[2mXP Toast Open
[22m[39m[FilesContext] fetchFiles called
[90mstdout[2m | src/components/Gamification/XPToast.stories.tsx[2m > [22m[2mXP Toast Open
[22m[39m[FilesContext] User authenticated: mock-user-sub
[90mstdout[2m | src/components/Gamification/XPToast.stories.tsx[2m > [22m[2mXP Toast Open
[22m[39m[FilesContext] Identity ID: us-east-1:mock-identity-123
[90mstdout[2m | src/components/Gamification/XPToast.stories.tsx[2m > [22m[2mXP Toast Open
[22m[39m[FilesContext] About to set up File observeQuery
[90mstdout[2m | src/components/Gamification/XPToast.stories.tsx[2m > [22m[2mXP Toast Open
[22m[39m[ChatContext] Setting up AssistantChat observeQuery
[90mstdout[2m | src/components/Gamification/XPToast.stories.tsx[2m > [22m[2mXP Toast Open
[22m[39m[ChatContext] Waiting for subscription to initialize
[90mstdout[2m | src/components/Gamification/XPToast.stories.tsx[2m > [22m[2mXP Toast Open
[22m[39m[SettingsContext] Setting up Settings subscription for user: mock-user-sub
[90mstdout[2m | src/components/Gamification/XPToast.stories.tsx[2m > [22m[2mXP Toast Open
[22m[39m[Mock Data] Settings created: mock-settings-1790416823763 - notified 0 subscribers
[90mstdout[2m | src/components/Gamification/XPToast.stories.tsx[2m > [22m[2mXP Toast Open
[22m[39m[Mock Data] Unit.onUpdate() subscription added. Total: 1
[90mstdout[2m | src/components/Gamification/XPToast.stories.tsx[2m > [22m[2mXP Toast Open
[22m[39m[SectionContext] Section observeQuery update: 0
[90mstdout[2m | src/components/Gamification/XPToast.stories.tsx[2m > [22m[2mXP Toast Open
[22m[39m[FilesContext] File observeQuery update: 6 files
[90mstdout[2m | src/components/Gamification/XPToast.stories.tsx[2m > [22m[2mXP Toast Open
[22m[39m[ChatContext] AssistantChat initialized with 1 chats
[90mstdout[2m | src/components/Gamification/XPToast.stories.tsx[2m > [22m[2mXP Toast Open
[22m[39m[ChatContext] Setting initial chat: mock-assistant-chat-1
[90mstdout[2m | src/components/Gamification/XPToast.stories.tsx[2m > [22m[2mXP Toast Open
[22m[39m[MOCK CourseVectorStore] Initialized with mock data
[90mstdout[2m | src/components/Gamification/XPToast.stories.tsx[2m > [22m[2mXP Toast Open
[22m[39m[FilesContext] Vector store population triggered {
  "currentVectorStoreSize": 3,
  "documentsCount": 0,
  "filesCount": 6,
  "isInitialLoad": true,
}
[90mstdout[2m | src/components/Gamification/XPToast.stories.tsx[2m > [22m[2mXP Toast Open
[22m[39m[FilesContext] Vector store population complete - 3 total embeddings
[90mstdout[2m | src/components/Gamification/XPToast.stories.tsx[2m > [22m[2mXP Toast Open
[22m[39m[ChatContext] Chat exists and not archived, skipping creation
[90mstdout[2m | src/components/Gamification/XPToast.stories.tsx[2m > [22m[2mXP Toast Open
[22m[39m[Mock Storage] downloadData called with: undefined
 [32m✓[39m [30m[45m storybook (chromium) [49m[39m src/components/Gamification/XPToast.stories.tsx [2m([22m[2m1 test[22m[2m)[22m[32m 151[2mms[22m[39m
[90mstdout[2m | unknown test
[22m[39m[MOCK vectorStoreDB.js] Module loaded - mock IndexedDB operations
[90mstdout[2m | unknown test
[22m[39m[Task Completion] DOM action listeners initialized
[90mstdout[2m | unknown test
[22m[39m[Task Completion] Auto-completion detector initialized
[90mstdout[2m | unknown test
[22m[39m[Preview] Task completion detector initialized
[90mstdout[2m | src/components/VocabularyReview2.stories.tsx[2m > [22m[2mDefault
[22m[39m[Preview] Skipped initializing default mock data (initializeMockData=false)
[90mstdout[2m | src/components/VocabularyReview2.stories.tsx[2m > [22m[2mDefault
[22m[39m[Mock Data] seedMockDocuments: Adding 1 documents
[90mstdout[2m | src/components/VocabularyReview2.stories.tsx[2m > [22m[2mDefault
[22m[39m[Mock Data] seedMockParsedContent: Adding 1 parsed content records
[90mstdout[2m | src/components/VocabularyReview2.stories.tsx[2m > [22m[2mDefault
[22m[39m[MOCK CourseVectorStore] Initialized with mock data
[90mstdout[2m | src/components/VocabularyReview2.stories.tsx[2m > [22m[2mDefault
[22m[39m[VocabularyReview2] Setting up ParsedContent subscription for user: undefined
[90mstdout[2m | src/components/VocabularyReview2.stories.tsx[2m > [22m[2mDefault
[22m[39m[TranslationModeController] Setting mode to: off
[90mstdout[2m | src/components/VocabularyReview2.stories.tsx[2m > [22m[2mDefault
[22m[39m[UnitContext] useEffect triggered {
  "authLoading": false,
  "hasUser": true,
  "id": "mock-unit-1",
  "userSub": "mock-user-sub",
}
[90mstdout[2m | src/components/VocabularyReview2.stories.tsx[2m > [22m[2mDefault
[22m[39m[UnitContext] Fetching unit data for id: mock-unit-1
[90mstdout[2m | src/components/VocabularyReview2.stories.tsx[2m > [22m[2mDefault
[22m[39m[FilesContext] Initializing vector store from IndexedDB
[90mstdout[2m | src/components/VocabularyReview2.stories.tsx[2m > [22m[2mDefault
[22m[39m[FilesContext] fetchFiles called
[90mstdout[2m | src/components/VocabularyReview2.stories.tsx[2m > [22m[2mDefault
[22m[39m[FilesContext] User authenticated: mock-user-sub
[90mstdout[2m | src/components/VocabularyReview2.stories.tsx[2m > [22m[2mDefault
[22m[39m[FilesContext] Identity ID: us-east-1:mock-identity-123
[90mstdout[2m | src/components/VocabularyReview2.stories.tsx[2m > [22m[2mDefault
[22m[39m[FilesContext] About to set up File observeQuery
[90mstdout[2m | src/components/VocabularyReview2.stories.tsx[2m > [22m[2mDefault
[22m[39m[ChatContext] Setting up AssistantChat observeQuery
[90mstdout[2m | src/components/VocabularyReview2.stories.tsx[2m > [22m[2mDefault
[22m[39m[ChatContext] Waiting for subscription to initialize
[90mstdout[2m | src/components/VocabularyReview2.stories.tsx[2m > [22m[2mDefault
[22m[39m[SettingsContext] Setting up Settings subscription for user: mock-user-sub
[90mstdout[2m | src/components/VocabularyReview2.stories.tsx[2m > [22m[2mDefault
[22m[39m[Mock Data] Settings created: mock-settings-1790416829187 - notified 0 subscribers
[90mstdout[2m | src/components/VocabularyReview2.stories.tsx[2m > [22m[2mDefault
[22m[39m[Mock Data] Unit.onUpdate() subscription added. Total: 1
[90mstdout[2m | src/components/VocabularyReview2.stories.tsx[2m > [22m[2mDefault
[22m[39m[SectionContext] Section observeQuery update: 0
[90mstdout[2m | src/components/VocabularyReview2.stories.tsx[2m > [22m[2mDefault
[22m[39m[FilesContext] File observeQuery update: 0 files
[90mstdout[2m | src/components/VocabularyReview2.stories.tsx[2m > [22m[2mDefault
[22m[39m[ChatContext] AssistantChat initialized with 0 chats
[90mstdout[2m | src/components/VocabularyReview2.stories.tsx[2m > [22m[2mDefault
[22m[39m[MOCK CourseVectorStore] Initialized with mock data
[90mstdout[2m | src/components/VocabularyReview2.stories.tsx[2m > [22m[2mDefault
[22m[39m[ChatContext] No current chat available, will create one
[90mstdout[2m | src/components/VocabularyReview2.stories.tsx[2m > [22m[2mDefault
[22m[39m[ChatContext] Creating AssistantChat with user: undefined
[90mstdout[2m | src/components/VocabularyReview2.stories.tsx[2m > [22m[2mDefault
[22m[39m[Mock Data] AssistantChat created: mock-assistantchat-1790416829684 - notified 1 subscribers
[90mstdout[2m | src/components/VocabularyReview2.stories.tsx[2m > [22m[2mDefault
[22m[39m[ChatContext] Create result: {
  "data": {
    "_version": 1,
    "archived": false,
    "chatFiles": [Function anonymous],
    "createdAt": "2026-09-26T10:00:29.684Z",
    "id": "mock-assistantchat-1790416829684",
    "model": "gpt-4",
    "updatedAt": "2026-09-26T10:00:29.684Z",
  },
  "errors": [],
  "hasData": true,
  "hasErrors": true,
}
[90mstdout[2m | src/components/VocabularyReview2.stories.tsx[2m > [22m[2mDefault
[22m[39m[ChatContext] Created AssistantChat: mock-assistantchat-1790416829684 at: 2026-09-26T10:00:29.684Z
[90mstdout[2m | src/components/VocabularyReview2.stories.tsx[2m > [22m[2mDefault
[22m[39m[Mock Storage] downloadData called with: undefined
[90mstdout[2m | src/components/VocabularyReview2.stories.tsx[2m > [22m[2mDefault
[22m[39m[ChatContext] Setting initial chat: mock-assistantchat-1790416829684
[90mstdout[2m | src/components/VocabularyReview2.stories.tsx[2m > [22m[2mDefault
[22m[39m[ChatContext] Chat exists and not archived, skipping creation
[90mstdout[2m | src/components/VocabularyReview2.stories.tsx[2m > [22m[2mWith Search Highlight
[22m[39m[ChatContext] Cleaning up subscriptions
[90mstdout[2m | src/components/VocabularyReview2.stories.tsx[2m > [22m[2mWith Search Highlight
[22m[39m[Mock Data] Unit.onUpdate() subscription removed. Remaining: 0
[90mstdout[2m | src/components/VocabularyReview2.stories.tsx[2m > [22m[2mWith Search Highlight
[22m[39m[Preview] Skipped initializing default mock data (initializeMockData=false)
[90mstdout[2m | src/components/VocabularyReview2.stories.tsx[2m > [22m[2mWith Search Highlight
[22m[39m[Mock Data] seedMockDocuments: Adding 1 documents
[90mstdout[2m | src/components/VocabularyReview2.stories.tsx[2m > [22m[2mWith Search Highlight
[22m[39m[Mock Data] seedMockParsedContent: Adding 1 parsed content records
[90mstdout[2m | src/components/VocabularyReview2.stories.tsx[2m > [22m[2mWith Search Highlight
[22m[39m[MOCK CourseVectorStore] Initialized with mock data
[90mstdout[2m | src/components/VocabularyReview2.stories.tsx[2m > [22m[2mWith Search Highlight
[22m[39m[VocabularyReview2] Setting up ParsedContent subscription for user: undefined
[90mstdout[2m | src/components/VocabularyReview2.stories.tsx[2m > [22m[2mWith Search Highlight
[22m[39m[TranslationModeController] Setting mode to: off
[90mstdout[2m | src/components/VocabularyReview2.stories.tsx[2m > [22m[2mWith Search Highlight
[22m[39m[UnitContext] useEffect triggered {
  "authLoading": false,
  "hasUser": true,
  "id": "mock-unit-1",
  "userSub": "mock-user-sub",
}
[90mstdout[2m | src/components/VocabularyReview2.stories.tsx[2m > [22m[2mWith Search Highlight
[22m[39m[UnitContext] Fetching unit data for id: mock-unit-1
[90mstdout[2m | src/components/VocabularyReview2.stories.tsx[2m > [22m[2mWith Search Highlight
[22m[39m[FilesContext] Initializing vector store from IndexedDB
[90mstdout[2m | src/components/VocabularyReview2.stories.tsx[2m > [22m[2mWith Search Highlight
[22m[39m[FilesContext] fetchFiles called
[90mstdout[2m | src/components/VocabularyReview2.stories.tsx[2m > [22m[2mWith Search Highlight
[22m[39m[FilesContext] User authenticated: mock-user-sub
[90mstdout[2m | src/components/VocabularyReview2.stories.tsx[2m > [22m[2mWith Search Highlight
[22m[39m[FilesContext] Identity ID: us-east-1:mock-identity-123
[90mstdout[2m | src/components/VocabularyReview2.stories.tsx[2m > [22m[2mWith Search Highlight
[22m[39m[FilesContext] About to set up File observeQuery
[90mstdout[2m | src/components/VocabularyReview2.stories.tsx[2m > [22m[2mWith Search Highlight
[22m[39m[ChatContext] Setting up AssistantChat observeQuery
[90mstdout[2m | src/components/VocabularyReview2.stories.tsx[2m > [22m[2mWith Search Highlight
[22m[39m[ChatContext] Waiting for subscription to initialize
[90mstdout[2m | src/components/VocabularyReview2.stories.tsx[2m > [22m[2mWith Search Highlight
[22m[39m[SettingsContext] Setting up Settings subscription for user: mock-user-sub
[90mstdout[2m | src/components/VocabularyReview2.stories.tsx[2m > [22m[2mWith Search Highlight
[22m[39m[Mock Data] Settings created: mock-settings-1790416830264 - notified 0 subscribers
[90mstdout[2m | src/components/VocabularyReview2.stories.tsx[2m > [22m[2mWith Search Highlight
[22m[39m[Mock Data] Unit.onUpdate() subscription added. Total: 1
[90mstdout[2m | src/components/VocabularyReview2.stories.tsx[2m > [22m[2mWith Search Highlight
[22m[39m[SectionContext] Section observeQuery update: 0
[90mstdout[2m | src/components/VocabularyReview2.stories.tsx[2m > [22m[2mWith Search Highlight
[22m[39m[FilesContext] File observeQuery update: 0 files
[90mstdout[2m | src/components/VocabularyReview2.stories.tsx[2m > [22m[2mWith Search Highlight
[22m[39m[ChatContext] AssistantChat initialized with 0 chats
[90mstdout[2m | src/components/VocabularyReview2.stories.tsx[2m > [22m[2mWith Search Highlight
[22m[39m[Mock Storage] downloadData called with: undefined
[90mstdout[2m | src/components/VocabularyReview2.stories.tsx[2m > [22m[2mWith Search Highlight
[22m[39m[MOCK CourseVectorStore] Initialized with mock data
[90mstdout[2m | src/components/VocabularyReview2.stories.tsx[2m > [22m[2mWith Search Highlight
[22m[39m[ChatContext] No current chat available, will create one
[90mstdout[2m | src/components/VocabularyReview2.stories.tsx[2m > [22m[2mWith Search Highlight
[22m[39m[ChatContext] Creating AssistantChat with user: undefined
[90mstdout[2m | src/components/VocabularyReview2.stories.tsx[2m > [22m[2mWith Search Highlight
[22m[39m[Mock Data] AssistantChat created: mock-assistantchat-1790416830397 - notified 1 subscribers
[90mstdout[2m | src/components/VocabularyReview2.stories.tsx[2m > [22m[2mWith Search Highlight
[22m[39m[ChatContext] Create result: {
  "data": {
    "_version": 1,
    "archived": false,
    "chatFiles": [Function anonymous],
    "createdAt": "2026-09-26T10:00:30.397Z",
    "id": "mock-assistantchat-1790416830397",
    "model": "gpt-4",
    "updatedAt": "2026-09-26T10:00:30.397Z",
  },
  "errors": [],
  "hasData": true,
  "hasErrors": true,
}
[90mstdout[2m | src/components/VocabularyReview2.stories.tsx[2m > [22m[2mWith Search Highlight
[22m[39m[ChatContext] Created AssistantChat: mock-assistantchat-1790416830397 at: 2026-09-26T10:00:30.397Z
[90mstdout[2m | src/components/VocabularyReview2.stories.tsx[2m > [22m[2mWith Search Highlight
[22m[39m[ChatContext] Setting initial chat: mock-assistantchat-1790416830397
[90mstdout[2m | src/components/VocabularyReview2.stories.tsx[2m > [22m[2mWith Search Highlight
[22m[39m[ChatContext] Chat exists and not archived, skipping creation
[90mstdout[2m | src/components/VocabularyReview2.stories.tsx[2m > [22m[2mWith Search Highlight
[22m[39mfilterWords {
  "filter": "",
  "wordsCount": 0,
}
[90mstdout[2m | src/components/VocabularyReview2.stories.tsx[2m > [22m[2mLarge List
[22m[39m[ChatContext] Cleaning up subscriptions
[90mstdout[2m | src/components/VocabularyReview2.stories.tsx[2m > [22m[2mLarge List
[22m[39m[Mock Data] Unit.onUpdate() subscription removed. Remaining: 0
[90mstdout[2m | src/components/VocabularyReview2.stories.tsx[2m > [22m[2mLarge List
[22m[39m[Preview] Skipped initializing default mock data (initializeMockData=false)
[90mstdout[2m | src/components/VocabularyReview2.stories.tsx[2m > [22m[2mLarge List
[22m[39m[Mock Data] seedMockDocuments: Adding 1 documents
[90mstdout[2m | src/components/VocabularyReview2.stories.tsx[2m > [22m[2mLarge List
[22m[39m[Mock Data] seedMockParsedContent: Adding 1 parsed content records
[90mstdout[2m | src/components/VocabularyReview2.stories.tsx[2m > [22m[2mLarge List
[22m[39m[MOCK CourseVectorStore] Initialized with mock data
[90mstdout[2m | src/components/VocabularyReview2.stories.tsx[2m > [22m[2mLarge List
[22m[39m[VocabularyReview2] Setting up ParsedContent subscription for user: undefined
[90mstdout[2m | src/components/VocabularyReview2.stories.tsx[2m > [22m[2mLarge List
[22m[39m[TranslationModeController] Setting mode to: off
[90mstdout[2m | src/components/VocabularyReview2.stories.tsx[2m > [22m[2mLarge List
[22m[39m[UnitContext] useEffect triggered {
  "authLoading": false,
  "hasUser": true,
  "id": "mock-unit-1",
  "userSub": "mock-user-sub",
}
[90mstdout[2m | src/components/VocabularyReview2.stories.tsx[2m > [22m[2mLarge List
[22m[39m[UnitContext] Fetching unit data for id: mock-unit-1
[90mstdout[2m | src/components/VocabularyReview2.stories.tsx[2m > [22m[2mLarge List
[22m[39m[FilesContext] Initializing vector store from IndexedDB
[90mstdout[2m | src/components/VocabularyReview2.stories.tsx[2m > [22m[2mLarge List
[22m[39m[FilesContext] fetchFiles called
[90mstdout[2m | src/components/VocabularyReview2.stories.tsx[2m > [22m[2mLarge List
[22m[39m[FilesContext] User authenticated: mock-user-sub
[90mstdout[2m | src/components/VocabularyReview2.stories.tsx[2m > [22m[2mLarge List
[22m[39m[FilesContext] Identity ID: us-east-1:mock-identity-123
[90mstdout[2m | src/components/VocabularyReview2.stories.tsx[2m > [22m[2mLarge List
[22m[39m[FilesContext] About to set up File observeQuery
[90mstdout[2m | src/components/VocabularyReview2.stories.tsx[2m > [22m[2mLarge List
[22m[39m[ChatContext] Setting up AssistantChat observeQuery
[90mstdout[2m | src/components/VocabularyReview2.stories.tsx[2m > [22m[2mLarge List
[22m[39m[ChatContext] Waiting for subscription to initialize
[90mstdout[2m | src/components/VocabularyReview2.stories.tsx[2m > [22m[2mLarge List
[22m[39m[SettingsContext] Setting up Settings subscription for user: mock-user-sub
[90mstdout[2m | src/components/VocabularyReview2.stories.tsx[2m > [22m[2mLarge List
[22m[39m[Mock Data] Settings created: mock-settings-1790416830571 - notified 0 subscribers
[90mstdout[2m | src/components/VocabularyReview2.stories.tsx[2m > [22m[2mLarge List
[22m[39m[Mock Data] Unit.onUpdate() subscription added. Total: 1
[90mstdout[2m | src/components/VocabularyReview2.stories.tsx[2m > [22m[2mLarge List
[22m[39m[SectionContext] Section observeQuery update: 0
[90mstdout[2m | src/components/VocabularyReview2.stories.tsx[2m > [22m[2mLarge List
[22m[39m[FilesContext] File observeQuery update: 0 files
[90mstdout[2m | src/components/VocabularyReview2.stories.tsx[2m > [22m[2mLarge List
[22m[39m[ChatContext] AssistantChat initialized with 0 chats
[90mstdout[2m | src/components/VocabularyReview2.stories.tsx[2m > [22m[2mLarge List
[22m[39m[MOCK CourseVectorStore] Initialized with mock data
[90mstdout[2m | src/components/VocabularyReview2.stories.tsx[2m > [22m[2mLarge List
[22m[39m[ChatContext] No current chat available, will create one
[90mstdout[2m | src/components/VocabularyReview2.stories.tsx[2m > [22m[2mLarge List
[22m[39m[ChatContext] Creating AssistantChat with user: undefined
[90mstdout[2m | src/components/VocabularyReview2.stories.tsx[2m > [22m[2mLarge List
[22m[39m[Mock Data] AssistantChat created: mock-assistantchat-1790416831042 - notified 1 subscribers
[90mstdout[2m | src/components/VocabularyReview2.stories.tsx[2m > [22m[2mLarge List
[22m[39m[ChatContext] Create result: {
  "data": {
    "_version": 1,
    "archived": false,
    "chatFiles": [Function anonymous],
    "createdAt": "2026-09-26T10:00:31.042Z",
    "id": "mock-assistantchat-1790416831042",
    "model": "gpt-4",
    "updatedAt": "2026-09-26T10:00:31.042Z",
  },
  "errors": [],
  "hasData": true,
  "hasErrors": true,
}
[90mstdout[2m | src/components/VocabularyReview2.stories.tsx[2m > [22m[2mLarge List
[22m[39m[ChatContext] Created AssistantChat: mock-assistantchat-1790416831042 at: 2026-09-26T10:00:31.042Z
[90mstdout[2m | src/components/VocabularyReview2.stories.tsx[2m > [22m[2mLarge List
[22m[39m[Mock Storage] downloadData called with: undefined
[90mstdout[2m | src/components/VocabularyReview2.stories.tsx[2m > [22m[2mLarge List
[22m[39m[ChatContext] Setting initial chat: mock-assistantchat-1790416831042
[90mstdout[2m | src/components/VocabularyReview2.stories.tsx[2m > [22m[2mLarge List
[22m[39m[ChatContext] Chat exists and not archived, skipping creation
[90mstdout[2m | src/components/VocabularyReview2.stories.tsx[2m > [22m[2mAlready Imported
[22m[39m[ChatContext] Cleaning up subscriptions
[90mstdout[2m | src/components/VocabularyReview2.stories.tsx[2m > [22m[2mAlready Imported
[22m[39m[Mock Data] Unit.onUpdate() subscription removed. Remaining: 0
[90mstdout[2m | src/components/VocabularyReview2.stories.tsx[2m > [22m[2mAlready Imported
[22m[39m[Preview] Skipped initializing default mock data (initializeMockData=false)
[90mstdout[2m | src/components/VocabularyReview2.stories.tsx[2m > [22m[2mAlready Imported
[22m[39m[Mock Data] seedMockDocuments: Adding 1 documents
[90mstdout[2m | src/components/VocabularyReview2.stories.tsx[2m > [22m[2mAlready Imported
[22m[39m[Mock Data] seedMockParsedContent: Adding 1 parsed content records
[90mstdout[2m | src/components/VocabularyReview2.stories.tsx[2m > [22m[2mAlready Imported
[22m[39m[MOCK CourseVectorStore] Initialized with mock data
[90mstdout[2m | src/components/VocabularyReview2.stories.tsx[2m > [22m[2mAlready Imported
[22m[39m[VocabularyReview2] Setting up ParsedContent subscription for user: undefined
[90mstdout[2m | src/components/VocabularyReview2.stories.tsx[2m > [22m[2mAlready Imported
[22m[39m[TranslationModeController] Setting mode to: off
[90mstdout[2m | src/components/VocabularyReview2.stories.tsx[2m > [22m[2mAlready Imported
[22m[39m[UnitContext] useEffect triggered {
  "authLoading": false,
  "hasUser": true,
  "id": "mock-unit-1",
  "userSub": "mock-user-sub",
}
[90mstdout[2m | src/components/VocabularyReview2.stories.tsx[2m > [22m[2mAlready Imported
[22m[39m[UnitContext] Fetching unit data for id: mock-unit-1
[90mstdout[2m | src/components/VocabularyReview2.stories.tsx[2m > [22m[2mAlready Imported
[22m[39m[FilesContext] Initializing vector store from IndexedDB
[90mstdout[2m | src/components/VocabularyReview2.stories.tsx[2m > [22m[2mAlready Imported
[22m[39m[FilesContext] fetchFiles called
[90mstdout[2m | src/components/VocabularyReview2.stories.tsx[2m > [22m[2mAlready Imported
[22m[39m[FilesContext] User authenticated: mock-user-sub
[90mstdout[2m | src/components/VocabularyReview2.stories.tsx[2m > [22m[2mAlready Imported
[22m[39m[FilesContext] Identity ID: us-east-1:mock-identity-123
[90mstdout[2m | src/components/VocabularyReview2.stories.tsx[2m > [22m[2mAlready Imported
[22m[39m[FilesContext] About to set up File observeQuery
[90mstdout[2m | src/components/VocabularyReview2.stories.tsx[2m > [22m[2mAlready Imported
[22m[39m[ChatContext] Setting up AssistantChat observeQuery
[90mstdout[2m | src/components/VocabularyReview2.stories.tsx[2m > [22m[2mAlready Imported
[22m[39m[ChatContext] Waiting for subscription to initialize
[90mstdout[2m | src/components/VocabularyReview2.stories.tsx[2m > [22m[2mAlready Imported
[22m[39m[SettingsContext] Setting up Settings subscription for user: mock-user-sub
[90mstdout[2m | src/components/VocabularyReview2.stories.tsx[2m > [22m[2mAlready Imported
[22m[39m[Mock Data] Settings created: mock-settings-1790416831445 - notified 0 subscribers
[90mstdout[2m | src/components/VocabularyReview2.stories.tsx[2m > [22m[2mAlready Imported
[22m[39m[Mock Data] Unit.onUpdate() subscription added. Total: 1
[90mstdout[2m | src/components/VocabularyReview2.stories.tsx[2m > [22m[2mAlready Imported
[22m[39m[SectionContext] Section observeQuery update: 0
[90mstdout[2m | src/components/VocabularyReview2.stories.tsx[2m > [22m[2mAlready Imported
[22m[39m[FilesContext] File observeQuery update: 0 files
[90mstdout[2m | src/components/VocabularyReview2.stories.tsx[2m > [22m[2mAlready Imported
[22m[39m[ChatContext] AssistantChat initialized with 0 chats
[90mstdout[2m | src/components/VocabularyReview2.stories.tsx[2m > [22m[2mAlready Imported
[22m[39m[Mock Storage] downloadData called with: undefined
[90mstdout[2m | src/components/VocabularyReview2.stories.tsx[2m > [22m[2mAlready Imported
[22m[39m[MOCK CourseVectorStore] Initialized with mock data
[90mstdout[2m | src/components/VocabularyReview2.stories.tsx[2m > [22m[2mAlready Imported
[22m[39m[ChatContext] No current chat available, will create one
[90mstdout[2m | src/components/VocabularyReview2.stories.tsx[2m > [22m[2mAlready Imported
[22m[39m[ChatContext] Creating AssistantChat with user: undefined
[90mstdout[2m | src/components/VocabularyReview2.stories.tsx[2m > [22m[2mAlready Imported
[22m[39m[Mock Data] AssistantChat created: mock-assistantchat-1790416831507 - notified 1 subscribers
[90mstdout[2m | src/components/VocabularyReview2.stories.tsx[2m > [22m[2mAlready Imported
[22m[39m[ChatContext] Create result: {
  "data": {
    "_version": 1,
    "archived": false,
    "chatFiles": [Function anonymous],
    "createdAt": "2026-09-26T10:00:31.507Z",
    "id": "mock-assistantchat-1790416831507",
    "model": "gpt-4",
    "updatedAt": "2026-09-26T10:00:31.507Z",
  },
  "errors": [],
  "hasData": true,
  "hasErrors": true,
}
[90mstdout[2m | src/components/VocabularyReview2.stories.tsx[2m > [22m[2mAlready Imported
[22m[39m[ChatContext] Created AssistantChat: mock-assistantchat-1790416831507 at: 2026-09-26T10:00:31.507Z
[90mstdout[2m | src/components/VocabularyReview2.stories.tsx[2m > [22m[2mAlready Imported
[22m[39m[ChatContext] Setting initial chat: mock-assistantchat-1790416831507
[90mstdout[2m | src/components/VocabularyReview2.stories.tsx[2m > [22m[2mAlready Imported
[22m[39m[ChatContext] Chat exists and not archived, skipping creation
[90mstdout[2m | src/components/VocabularyReview2.stories.tsx[2m > [22m[2mMinimal Data
[22m[39m[ChatContext] Cleaning up subscriptions
[90mstdout[2m | src/components/VocabularyReview2.stories.tsx[2m > [22m[2mMinimal Data
[22m[39m[Mock Data] Unit.onUpdate() subscription removed. Remaining: 0
[90mstdout[2m | src/components/VocabularyReview2.stories.tsx[2m > [22m[2mMinimal Data
[22m[39m[Preview] Skipped initializing default mock data (initializeMockData=false)
[90mstdout[2m | src/components/VocabularyReview2.stories.tsx[2m > [22m[2mMinimal Data
[22m[39m[Mock Data] seedMockDocuments: Adding 1 documents
[90mstdout[2m | src/components/VocabularyReview2.stories.tsx[2m > [22m[2mMinimal Data
[22m[39m[Mock Data] seedMockParsedContent: Adding 1 parsed content records
[90mstdout[2m | src/components/VocabularyReview2.stories.tsx[2m > [22m[2mMinimal Data
[22m[39m[MOCK CourseVectorStore] Initialized with mock data
[90mstdout[2m | src/components/VocabularyReview2.stories.tsx[2m > [22m[2mMinimal Data
[22m[39m[VocabularyReview2] Setting up ParsedContent subscription for user: undefined
[90mstdout[2m | src/components/VocabularyReview2.stories.tsx[2m > [22m[2mMinimal Data
[22m[39m[TranslationModeController] Setting mode to: off
[90mstdout[2m | src/components/VocabularyReview2.stories.tsx[2m > [22m[2mMinimal Data
[22m[39m[UnitContext] useEffect triggered {
  "authLoading": false,
  "hasUser": true,
  "id": "mock-unit-1",
  "userSub": "mock-user-sub",
}
[90mstdout[2m | src/components/VocabularyReview2.stories.tsx[2m > [22m[2mMinimal Data
[22m[39m[UnitContext] Fetching unit data for id: mock-unit-1
[90mstdout[2m | src/components/VocabularyReview2.stories.tsx[2m > [22m[2mMinimal Data
[22m[39m[FilesContext] Initializing vector store from IndexedDB
[90mstdout[2m | src/components/VocabularyReview2.stories.tsx[2m > [22m[2mMinimal Data
[22m[39m[FilesContext] fetchFiles called
[90mstdout[2m | src/components/VocabularyReview2.stories.tsx[2m > [22m[2mMinimal Data
[22m[39m[FilesContext] User authenticated: mock-user-sub
[90mstdout[2m | src/components/VocabularyReview2.stories.tsx[2m > [22m[2mMinimal Data
[22m[39m[FilesContext] Identity ID: us-east-1:mock-identity-123
[90mstdout[2m | src/components/VocabularyReview2.stories.tsx[2m > [22m[2mMinimal Data
[22m[39m[FilesContext] About to set up File observeQuery
[90mstdout[2m | src/components/VocabularyReview2.stories.tsx[2m > [22m[2mMinimal Data
[22m[39m[ChatContext] Setting up AssistantChat observeQuery
[90mstdout[2m | src/components/VocabularyReview2.stories.tsx[2m > [22m[2mMinimal Data
[22m[39m[ChatContext] Waiting for subscription to initialize
[90mstdout[2m | src/components/VocabularyReview2.stories.tsx[2m > [22m[2mMinimal Data
[22m[39m[SettingsContext] Setting up Settings subscription for user: mock-user-sub
[90mstdout[2m | src/components/VocabularyReview2.stories.tsx[2m > [22m[2mMinimal Data
[22m[39m[Mock Data] Settings created: mock-settings-1790416831652 - notified 0 subscribers
[90mstdout[2m | src/components/VocabularyReview2.stories.tsx[2m > [22m[2mMinimal Data
[22m[39m[Mock Data] Unit.onUpdate() subscription added. Total: 1
[90mstdout[2m | src/components/VocabularyReview2.stories.tsx[2m > [22m[2mMinimal Data
[22m[39m[SectionContext] Section observeQuery update: 0
[90mstdout[2m | src/components/VocabularyReview2.stories.tsx[2m > [22m[2mMinimal Data
[22m[39m[FilesContext] File observeQuery update: 0 files
[90mstdout[2m | src/components/VocabularyReview2.stories.tsx[2m > [22m[2mMinimal Data
[22m[39m[ChatContext] AssistantChat initialized with 0 chats
[90mstdout[2m | src/components/VocabularyReview2.stories.tsx[2m > [22m[2mMinimal Data
[22m[39m[Mock Storage] downloadData called with: undefined
[90mstdout[2m | src/components/VocabularyReview2.stories.tsx[2m > [22m[2mMinimal Data
[22m[39m[MOCK CourseVectorStore] Initialized with mock data
[90mstdout[2m | src/components/VocabularyReview2.stories.tsx[2m > [22m[2mMinimal Data
[22m[39m[ChatContext] No current chat available, will create one
[90mstdout[2m | src/components/VocabularyReview2.stories.tsx[2m > [22m[2mMinimal Data
[22m[39m[ChatContext] Creating AssistantChat with user: undefined
[90mstdout[2m | src/components/VocabularyReview2.stories.tsx[2m > [22m[2mMinimal Data
[22m[39m[Mock Data] AssistantChat created: mock-assistantchat-1790416831765 - notified 1 subscribers
[90mstdout[2m | src/components/VocabularyReview2.stories.tsx[2m > [22m[2mMinimal Data
[22m[39m[ChatContext] Create result: {
  "data": {
    "_version": 1,
    "archived": false,
    "chatFiles": [Function anonymous],
    "createdAt": "2026-09-26T10:00:31.765Z",
    "id": "mock-assistantchat-1790416831765",
    "model": "gpt-4",
    "updatedAt": "2026-09-26T10:00:31.765Z",
  },
  "errors": [],
  "hasData": true,
  "hasErrors": true,
}
[90mstdout[2m | src/components/VocabularyReview2.stories.tsx[2m > [22m[2mMinimal Data
[22m[39m[ChatContext] Created AssistantChat: mock-assistantchat-1790416831765 at: 2026-09-26T10:00:31.765Z
[90mstdout[2m | src/components/VocabularyReview2.stories.tsx[2m > [22m[2mMinimal Data
[22m[39m[ChatContext] Setting initial chat: mock-assistantchat-1790416831765
[90mstdout[2m | src/components/VocabularyReview2.stories.tsx[2m > [22m[2mMinimal Data
[22m[39m[ChatContext] Chat exists and not archived, skipping creation
[90mstdout[2m | src/components/VocabularyReview2.stories.tsx[2m > [22m[2mNo Vocabulary
[22m[39m[ChatContext] Cleaning up subscriptions
[90mstdout[2m | src/components/VocabularyReview2.stories.tsx[2m > [22m[2mNo Vocabulary
[22m[39m[Mock Data] Unit.onUpdate() subscription removed. Remaining: 0
[90mstdout[2m | src/components/VocabularyReview2.stories.tsx[2m > [22m[2mNo Vocabulary
[22m[39m[Preview] Skipped initializing default mock data (initializeMockData=false)
[90mstdout[2m | src/components/VocabularyReview2.stories.tsx[2m > [22m[2mNo Vocabulary
[22m[39m[Mock Data] seedMockDocuments: Adding 1 documents
[90mstdout[2m | src/components/VocabularyReview2.stories.tsx[2m > [22m[2mNo Vocabulary
[22m[39m[Mock Data] seedMockParsedContent: Adding 1 parsed content records
[90mstdout[2m | src/components/VocabularyReview2.stories.tsx[2m > [22m[2mNo Vocabulary
[22m[39m[MOCK CourseVectorStore] Initialized with mock data
[90mstdout[2m | src/components/VocabularyReview2.stories.tsx[2m > [22m[2mNo Vocabulary
[22m[39m[VocabularyReview2] Setting up ParsedContent subscription for user: undefined
[90mstdout[2m | src/components/VocabularyReview2.stories.tsx[2m > [22m[2mNo Vocabulary
[22m[39m[TranslationModeController] Setting mode to: off
[90mstdout[2m | src/components/VocabularyReview2.stories.tsx[2m > [22m[2mNo Vocabulary
[22m[39m[UnitContext] useEffect triggered {
  "authLoading": false,
  "hasUser": true,
  "id": "mock-unit-1",
  "userSub": "mock-user-sub",
}
[90mstdout[2m | src/components/VocabularyReview2.stories.tsx[2m > [22m[2mNo Vocabulary
[22m[39m[UnitContext] Fetching unit data for id: mock-unit-1
[90mstdout[2m | src/components/VocabularyReview2.stories.tsx[2m > [22m[2mNo Vocabulary
[22m[39m[FilesContext] Initializing vector store from IndexedDB
[90mstdout[2m | src/components/VocabularyReview2.stories.tsx[2m > [22m[2mNo Vocabulary
[22m[39m[FilesContext] fetchFiles called
[90mstdout[2m | src/components/VocabularyReview2.stories.tsx[2m > [22m[2mNo Vocabulary
[22m[39m[FilesContext] User authenticated: mock-user-sub
[90mstdout[2m | src/components/VocabularyReview2.stories.tsx[2m > [22m[2mNo Vocabulary
[22m[39m[FilesContext] Identity ID: us-east-1:mock-identity-123
[90mstdout[2m | src/components/VocabularyReview2.stories.tsx[2m > [22m[2mNo Vocabulary
[22m[39m[FilesContext] About to set up File observeQuery
[90mstdout[2m | src/components/VocabularyReview2.stories.tsx[2m > [22m[2mNo Vocabulary
[22m[39m[ChatContext] Setting up AssistantChat observeQuery
[90mstdout[2m | src/components/VocabularyReview2.stories.tsx[2m > [22m[2mNo Vocabulary
[22m[39m[ChatContext] Waiting for subscription to initialize
[90mstdout[2m | src/components/VocabularyReview2.stories.tsx[2m > [22m[2mNo Vocabulary
[22m[39m[SettingsContext] Setting up Settings subscription for user: mock-user-sub
[90mstdout[2m | src/components/VocabularyReview2.stories.tsx[2m > [22m[2mNo Vocabulary
[22m[39m[Mock Data] Settings created: mock-settings-1790416831929 - notified 0 subscribers
[90mstdout[2m | src/components/VocabularyReview2.stories.tsx[2m > [22m[2mNo Vocabulary
[22m[39m[Mock Data] Unit.onUpdate() subscription added. Total: 1
[90mstdout[2m | src/components/VocabularyReview2.stories.tsx[2m > [22m[2mNo Vocabulary
[22m[39m[SectionContext] Section observeQuery update: 0
[90mstdout[2m | src/components/VocabularyReview2.stories.tsx[2m > [22m[2mNo Vocabulary
[22m[39m[FilesContext] File observeQuery update: 0 files
[90mstdout[2m | src/components/VocabularyReview2.stories.tsx[2m > [22m[2mNo Vocabulary
[22m[39m[ChatContext] AssistantChat initialized with 0 chats
[90mstdout[2m | src/components/VocabularyReview2.stories.tsx[2m > [22m[2mNo Vocabulary
[22m[39m[MOCK CourseVectorStore] Initialized with mock data
[90mstdout[2m | src/components/VocabularyReview2.stories.tsx[2m > [22m[2mNo Vocabulary
[22m[39m[ChatContext] No current chat available, will create one
[90mstdout[2m | src/components/VocabularyReview2.stories.tsx[2m > [22m[2mNo Vocabulary
[22m[39m[ChatContext] Creating AssistantChat with user: undefined
[90mstdout[2m | src/components/VocabularyReview2.stories.tsx[2m > [22m[2mNo Vocabulary
[22m[39m[Mock Data] AssistantChat created: mock-assistantchat-1790416831950 - notified 1 subscribers
[90mstdout[2m | src/components/VocabularyReview2.stories.tsx[2m > [22m[2mNo Vocabulary
[22m[39m[ChatContext] Create result: {
  "data": {
    "_version": 1,
    "archived": false,
    "chatFiles": [Function anonymous],
    "createdAt": "2026-09-26T10:00:31.950Z",
    "id": "mock-assistantchat-1790416831950",
    "model": "gpt-4",
    "updatedAt": "2026-09-26T10:00:31.950Z",
  },
  "errors": [],
  "hasData": true,
  "hasErrors": true,
}
[90mstdout[2m | src/components/VocabularyReview2.stories.tsx[2m > [22m[2mNo Vocabulary
[22m[39m[ChatContext] Created AssistantChat: mock-assistantchat-1790416831950 at: 2026-09-26T10:00:31.950Z
[90mstdout[2m | src/components/VocabularyReview2.stories.tsx[2m > [22m[2mNo Vocabulary
[22m[39m[Mock Storage] downloadData called with: undefined
[90mstdout[2m | src/components/VocabularyReview2.stories.tsx[2m > [22m[2mNo Vocabulary
[22m[39m[ChatContext] Setting initial chat: mock-assistantchat-1790416831950
[90mstdout[2m | src/components/VocabularyReview2.stories.tsx[2m > [22m[2mNo Vocabulary
[22m[39m[ChatContext] Chat exists and not archived, skipping creation
[90mstdout[2m | src/components/VocabularyReview2.stories.tsx[2m > [22m[2mWith Summaries Expanded
[22m[39m[ChatContext] Cleaning up subscriptions
[90mstdout[2m | src/components/VocabularyReview2.stories.tsx[2m > [22m[2mWith Summaries Expanded
[22m[39m[Mock Data] Unit.onUpdate() subscription removed. Remaining: 0
[90mstdout[2m | src/components/VocabularyReview2.stories.tsx[2m > [22m[2mWith Summaries Expanded
[22m[39m[Preview] Skipped initializing default mock data (initializeMockData=false)
[90mstdout[2m | src/components/VocabularyReview2.stories.tsx[2m > [22m[2mWith Summaries Expanded
[22m[39m[MOCK CourseVectorStore] Initialized with mock data
[90mstdout[2m | src/components/VocabularyReview2.stories.tsx[2m > [22m[2mWith Summaries Expanded
[22m[39m[VocabularyReview2] Setting up ParsedContent subscription for user: undefined
[90mstdout[2m | src/components/VocabularyReview2.stories.tsx[2m > [22m[2mWith Summaries Expanded
[22m[39m[TranslationModeController] Setting mode to: off
[90mstdout[2m | src/components/VocabularyReview2.stories.tsx[2m > [22m[2mWith Summaries Expanded
[22m[39m[UnitContext] useEffect triggered {
  "authLoading": false,
  "hasUser": true,
  "id": "mock-unit-1",
  "userSub": "mock-user-sub",
}
[90mstdout[2m | src/components/VocabularyReview2.stories.tsx[2m > [22m[2mWith Summaries Expanded
[22m[39m[UnitContext] Fetching unit data for id: mock-unit-1
[90mstdout[2m | src/components/VocabularyReview2.stories.tsx[2m > [22m[2mWith Summaries Expanded
[22m[39m[FilesContext] Initializing vector store from IndexedDB
[90mstdout[2m | src/components/VocabularyReview2.stories.tsx[2m > [22m[2mWith Summaries Expanded
[22m[39m[FilesContext] fetchFiles called
[90mstdout[2m | src/components/VocabularyReview2.stories.tsx[2m > [22m[2mWith Summaries Expanded
[22m[39m[FilesContext] User authenticated: mock-user-sub
[90mstdout[2m | src/components/VocabularyReview2.stories.tsx[2m > [22m[2mWith Summaries Expanded
[22m[39m[FilesContext] Identity ID: us-east-1:mock-identity-123
[90mstdout[2m | src/components/VocabularyReview2.stories.tsx[2m > [22m[2mWith Summaries Expanded
[22m[39m[FilesContext] About to set up File observeQuery
[90mstdout[2m | src/components/VocabularyReview2.stories.tsx[2m > [22m[2mWith Summaries Expanded
[22m[39m[ChatContext] Setting up AssistantChat observeQuery
[90mstdout[2m | src/components/VocabularyReview2.stories.tsx[2m > [22m[2mWith Summaries Expanded
[22m[39m[ChatContext] Waiting for subscription to initialize
[90mstdout[2m | src/components/VocabularyReview2.stories.tsx[2m > [22m[2mWith Summaries Expanded
[22m[39m[SettingsContext] Setting up Settings subscription for user: mock-user-sub
[90mstdout[2m | src/components/VocabularyReview2.stories.tsx[2m > [22m[2mWith Summaries Expanded
[22m[39m[Mock Data] Settings created: mock-settings-1790416832049 - notified 0 subscribers
[90mstdout[2m | src/components/VocabularyReview2.stories.tsx[2m > [22m[2mWith Summaries Expanded
[22m[39m[Mock Data] Unit.onUpdate() subscription added. Total: 1
[90mstdout[2m | src/components/VocabularyReview2.stories.tsx[2m > [22m[2mWith Summaries Expanded
[22m[39m[SectionContext] Section observeQuery update: 0
[90mstdout[2m | src/components/VocabularyReview2.stories.tsx[2m > [22m[2mWith Summaries Expanded
[22m[39m[FilesContext] File observeQuery update: 0 files
[90mstdout[2m | src/components/VocabularyReview2.stories.tsx[2m > [22m[2mWith Summaries Expanded
[22m[39m[ChatContext] AssistantChat initialized with 0 chats
[90mstdout[2m | src/components/VocabularyReview2.stories.tsx[2m > [22m[2mWith Summaries Expanded
[22m[39m[Mock Storage] downloadData called with: undefined
[90mstdout[2m | src/components/VocabularyReview2.stories.tsx[2m > [22m[2mWith Summaries Expanded
[22m[39m[MOCK CourseVectorStore] Initialized with mock data
[90mstdout[2m | src/components/VocabularyReview2.stories.tsx[2m > [22m[2mWith Summaries Expanded
[22m[39m[ChatContext] No current chat available, will create one
[90mstdout[2m | src/components/VocabularyReview2.stories.tsx[2m > [22m[2mWith Summaries Expanded
[22m[39m[ChatContext] Creating AssistantChat with user: undefined
[90mstdout[2m | src/components/VocabularyReview2.stories.tsx[2m > [22m[2mWith Summaries Expanded
[22m[39m[Mock Data] AssistantChat created: mock-assistantchat-1790416832061 - notified 1 subscribers
[90mstdout[2m | src/components/VocabularyReview2.stories.tsx[2m > [22m[2mWith Summaries Expanded
[22m[39m[ChatContext] Create result: {
  "data": {
    "_version": 1,
    "archived": false,
    "chatFiles": [Function anonymous],
    "createdAt": "2026-09-26T10:00:32.061Z",
    "id": "mock-assistantchat-1790416832061",
    "model": "gpt-4",
    "updatedAt": "2026-09-26T10:00:32.061Z",
  },
  "errors": [],
  "hasData": true,
  "hasErrors": true,
}
[90mstdout[2m | src/components/VocabularyReview2.stories.tsx[2m > [22m[2mWith Summaries Expanded
[22m[39m[ChatContext] Created AssistantChat: mock-assistantchat-1790416832061 at: 2026-09-26T10:00:32.061Z
[90mstdout[2m | src/components/VocabularyReview2.stories.tsx[2m > [22m[2mWith Summaries Expanded
[22m[39m[ChatContext] Setting initial chat: mock-assistantchat-1790416832061
[90mstdout[2m | src/components/VocabularyReview2.stories.tsx[2m > [22m[2mWith Summaries Expanded
[22m[39m[ChatContext] Chat exists and not archived, skipping creation
[90mstdout[2m | src/components/VocabularyReview2.stories.tsx[2m > [22m[2mPlayground
[22m[39m[ChatContext] Cleaning up subscriptions
[90mstdout[2m | src/components/VocabularyReview2.stories.tsx[2m > [22m[2mPlayground
[22m[39m[Mock Data] Unit.onUpdate() subscription removed. Remaining: 0
[90mstdout[2m | src/components/VocabularyReview2.stories.tsx[2m > [22m[2mPlayground
[22m[39m[Preview] Skipped initializing default mock data (initializeMockData=false)
[90mstdout[2m | src/components/VocabularyReview2.stories.tsx[2m > [22m[2mPlayground
[22m[39m[Mock Data] seedMockDocuments: Adding 1 documents
[90mstdout[2m | src/components/VocabularyReview2.stories.tsx[2m > [22m[2mPlayground
[22m[39m[Mock Data] seedMockParsedContent: Adding 1 parsed content records
[90mstdout[2m | src/components/VocabularyReview2.stories.tsx[2m > [22m[2mPlayground
[22m[39m[MOCK CourseVectorStore] Initialized with mock data
[90mstdout[2m | src/components/VocabularyReview2.stories.tsx[2m > [22m[2mPlayground
[22m[39m[VocabularyReview2] Setting up ParsedContent subscription for user: undefined
[90mstdout[2m | src/components/VocabularyReview2.stories.tsx[2m > [22m[2mPlayground
[22m[39m[TranslationModeController] Setting mode to: off
[90mstdout[2m | src/components/VocabularyReview2.stories.tsx[2m > [22m[2mPlayground
[22m[39m[UnitContext] useEffect triggered {
  "authLoading": false,
  "hasUser": true,
  "id": "mock-unit-1",
  "userSub": "mock-user-sub",
}
[90mstdout[2m | src/components/VocabularyReview2.stories.tsx[2m > [22m[2mPlayground
[22m[39m[UnitContext] Fetching unit data for id: mock-unit-1
[90mstdout[2m | src/components/VocabularyReview2.stories.tsx[2m > [22m[2mPlayground
[22m[39m[FilesContext] Initializing vector store from IndexedDB
[90mstdout[2m | src/components/VocabularyReview2.stories.tsx[2m > [22m[2mPlayground
[22m[39m[FilesContext] fetchFiles called
[90mstdout[2m | src/components/VocabularyReview2.stories.tsx[2m > [22m[2mPlayground
[22m[39m[FilesContext] User authenticated: mock-user-sub
[90mstdout[2m | src/components/VocabularyReview2.stories.tsx[2m > [22m[2mPlayground
[22m[39m[FilesContext] Identity ID: us-east-1:mock-identity-123
[90mstdout[2m | src/components/VocabularyReview2.stories.tsx[2m > [22m[2mPlayground
[22m[39m[FilesContext] About to set up File observeQuery
[90mstdout[2m | src/components/VocabularyReview2.stories.tsx[2m > [22m[2mPlayground
[22m[39m[ChatContext] Setting up AssistantChat observeQuery
[90mstdout[2m | src/components/VocabularyReview2.stories.tsx[2m > [22m[2mPlayground
[22m[39m[ChatContext] Waiting for subscription to initialize
[90mstdout[2m | src/components/VocabularyReview2.stories.tsx[2m > [22m[2mPlayground
[22m[39m[SettingsContext] Setting up Settings subscription for user: mock-user-sub
[90mstdout[2m | src/components/VocabularyReview2.stories.tsx[2m > [22m[2mPlayground
[22m[39m[Mock Data] Settings created: mock-settings-1790416832153 - notified 0 subscribers
[90mstdout[2m | src/components/VocabularyReview2.stories.tsx[2m > [22m[2mPlayground
[22m[39m[Mock Data] Unit.onUpdate() subscription added. Total: 1
[90mstdout[2m | src/components/VocabularyReview2.stories.tsx[2m > [22m[2mPlayground
[22m[39m[SectionContext] Section observeQuery update: 0
[90mstdout[2m | src/components/VocabularyReview2.stories.tsx[2m > [22m[2mPlayground
[22m[39m[FilesContext] File observeQuery update: 0 files
[90mstdout[2m | src/components/VocabularyReview2.stories.tsx[2m > [22m[2mPlayground
[22m[39m[ChatContext] AssistantChat initialized with 0 chats
[90mstdout[2m | src/components/VocabularyReview2.stories.tsx[2m > [22m[2mPlayground
[22m[39m[Mock Storage] downloadData called with: undefined
[90mstdout[2m | src/components/VocabularyReview2.stories.tsx[2m > [22m[2mPlayground
[22m[39m[MOCK CourseVectorStore] Initialized with mock data
[90mstdout[2m | src/components/VocabularyReview2.stories.tsx[2m > [22m[2mPlayground
[22m[39m[ChatContext] No current chat available, will create one
[90mstdout[2m | src/components/VocabularyReview2.stories.tsx[2m > [22m[2mPlayground
[22m[39m[ChatContext] Creating AssistantChat with user: undefined
[90mstdout[2m | src/components/VocabularyReview2.stories.tsx[2m > [22m[2mPlayground
[22m[39m[Mock Data] AssistantChat created: mock-assistantchat-1790416832269 - notified 1 subscribers
[90mstdout[2m | src/components/VocabularyReview2.stories.tsx[2m > [22m[2mPlayground
[22m[39m[ChatContext] Create result: {
  "data": {
    "_version": 1,
    "archived": false,
    "chatFiles": [Function anonymous],
    "createdAt": "2026-09-26T10:00:32.269Z",
    "id": "mock-assistantchat-1790416832269",
    "model": "gpt-4",
    "updatedAt": "2026-09-26T10:00:32.269Z",
  },
  "errors": [],
  "hasData": true,
  "hasErrors": true,
}
[90mstdout[2m | src/components/VocabularyReview2.stories.tsx[2m > [22m[2mPlayground
[22m[39m[ChatContext] Created AssistantChat: mock-assistantchat-1790416832269 at: 2026-09-26T10:00:32.269Z
[90mstdout[2m | src/components/VocabularyReview2.stories.tsx[2m > [22m[2mPlayground
[22m[39m[ChatContext] Setting initial chat: mock-assistantchat-1790416832269
[90mstdout[2m | src/components/VocabularyReview2.stories.tsx[2m > [22m[2mPlayground
[22m[39m[ChatContext] Chat exists and not archived, skipping creation
 [32m✓[39m [30m[45m storybook (chromium) [49m[39m src/components/VocabularyReview2.stories.tsx [2m([22m[2m8 tests[22m[2m)[22m[33m 3256[2mms[22m[39m
   [33m[2m✓[22m[39m Default [33m 1082[2mms[22m[39m
   [33m[2m✓[22m[39m With Search Highlight [33m 335[2mms[22m[39m
   [33m[2m✓[22m[39m Large List [33m 863[2mms[22m[39m

[2m Test Files [22m [1m[31m3 failed[39m[22m[2m | [22m[1m[32m394 passed[39m[22m[2m | [22m[33m1 skipped[39m[90m (398)[39m
[2m      Tests [22m [1m[31m114 failed[39m[22m[2m | [22m[1m[32m3555 passed[39m[22m[2m | [22m[33m20 skipped[39m[90m (3689)[39m
[2m   Start at [22m 02:45:02
[2m   Duration [22m 930.02s[2m (transform 94.59s, setup 236.05s, import 624.17s, tests 728.96s, environment 155.36s)[22m

[1m[30m[41m FAIL [49m[39m[22m [31mTests failed. Watching for file changes...[39m
       [2mpress [22m[1mh[22m[2m to show help[22m[2m, [22m[2mpress [22m[1mq[22m[2m to quit[22m
c[3J[1m[30m[44m RERUN [49m[39m[22m [34m[2m.storybook/__mocks__/aws-amplify-data.js [22m[39m

 [31m❯[39m [30m[45m integration [49m[39m test/integration/websocket-collaboration.test.ts [2m([22m[2m9 tests[22m[2m | [22m[31m7 failed[39m[2m)[22m[33m 6347[2mms[22m[39m
[31m     [31m×[31m connects to WebSocket API with auth token[39m[33m 2202[2mms[22m[39m
[31m     [31m×[31m sends sync message and receives broadcast on second client[39m[33m 467[2mms[22m[39m
[31m     [31m×[31m sends presence updates and verifies broadcast[39m[33m 591[2mms[22m[39m
[31m     [31m×[31m ping returns pong (keep-alive)[39m[33m 422[2mms[22m[39m
[31m     [31m×[31m clients in different rooms don't receive cross-talk[39m[33m 461[2mms[22m[39m
[31m     [31m×[31m multiple clients in same room all receive broadcasts[39m[33m 456[2mms[22m[39m
       [33m[2m✓[22m[39m rejects connection with no auth token (anonymous) [33m 958[2mms[22m[39m
       [33m[2m✓[22m[39m rejects connection with invalid token [33m 309[2mms[22m[39m
[31m       [31m×[31m denies access to a unit room the user is not authorized for[39m[33m 470[2mms[22m[39m
 [31m❯[39m [30m[45m integration [49m[39m test/integration/api.test.ts [2m([22m[2m56 tests[22m[2m | [22m[31m55 failed[39m[2m)[22m[33m 70287[2mms[22m[39m
[31m       [31m×[31m Login with valid instructor credentials[39m[33m 2289[2mms[22m[39m
[31m       [31m×[31m Login with valid learner credentials[39m[33m 924[2mms[22m[39m
[31m       [31m×[31m Login with admin credentials[39m[33m 1798[2mms[22m[39m
[31m       [31m×[31m Session persistence across page refreshes[39m[33m 837[2mms[22m[39m
       [33m[2m✓[22m[39m Login failure with invalid credentials [33m 1682[2mms[22m[39m
[31m       [31m×[31m Instructor can create units[39m[33m 1014[2mms[22m[39m
[31m       [31m×[31m Instructor can edit owned units[39m[33m 860[2mms[22m[39m
[31m       [31m×[31m Learner can view published units[39m[33m 804[2mms[22m[39m
[31m       [31m×[31m Admin has full access to all resources[39m[33m 797[2mms[22m[39m
[31m       [31m×[31m Instructor can create file metadata for protected storage[39m[33m 791[2mms[22m[39m
[31m       [31m×[31m Public files accessible to all authenticated users[39m[33m 1075[2mms[22m[39m
[31m       [31m×[31m Learner can upload to protected storage[39m[33m 933[2mms[22m[39m
[31m       [31m×[31m Protected files only accessible to owner[39m[33m 825[2mms[22m[39m
[31m       [31m×[31m Private files only accessible to owner[39m[33m 793[2mms[22m[39m
[31m       [31m×[31m Create unit with Amplify Gen 2 client[39m[33m 809[2mms[22m[39m
[31m       [31m×[31m Read unit by ID[39m[33m 1138[2mms[22m[39m
[31m       [31m×[31m List all units with pagination[39m[33m 837[2mms[22m[39m
[31m       [31m×[31m Update unit contentVersion (content stored in S3)[39m[33m 883[2mms[22m[39m
[31m       [31m×[31m Delete unit[39m[33m 955[2mms[22m[39m
[31m       [31m×[31m ObserveQuery real-time subscription works[39m[33m 875[2mms[22m[39m
[31m       [31m×[31m Create assignment for section[39m[33m 1896[2mms[22m[39m
[31m       [31m×[31m Update assignment due date[39m[33m 1717[2mms[22m[39m
[31m       [31m×[31m Query assignments by section[39m[33m 1827[2mms[22m[39m
[31m       [31m×[31m Query assignments by learner[39m[33m 1758[2mms[22m[39m
[31m       [31m×[31m Delete assignment[39m[33m 1583[2mms[22m[39m
[31m       [31m×[31m Submit grade (student creates)[39m[33m 1730[2mms[22m[39m
[31m       [31m×[31m Update grade data (student progress)[39m[33m 1639[2mms[22m[39m
[31m       [31m×[31m Calculate accuracy from rubric[39m[33m 1808[2mms[22m[39m
[31m       [31m×[31m Complete grade (mark as complete)[39m[33m 1714[2mms[22m[39m
[31m       [31m×[31m Query grades by learner[39m[33m 1541[2mms[22m[39m
[31m       [31m×[31m Instructor can view all grades for assignment[39m[33m 1655[2mms[22m[39m
[31m       [31m×[31m Create section with join code[39m[33m 884[2mms[22m[39m
[31m       [31m×[31m Query sections by instructor[39m[33m 950[2mms[22m[39m
[31m       [31m×[31m Update section metadata[39m[33m 811[2mms[22m[39m
[31m       [31m×[31m Delete section[39m[33m 773[2mms[22m[39m
[31m       [31m×[31m Create vocabulary word[39m[33m 891[2mms[22m[39m
[31m       [31m×[31m Create question with answers[39m[33m 897[2mms[22m[39m
[31m       [31m×[31m Associate word with unit (UnitWord join)[39m[33m 859[2mms[22m[39m
[31m       [31m×[31m Update word with audio files[39m[33m 873[2mms[22m[39m
[31m       [31m×[31m Delete word[39m[33m 826[2mms[22m[39m
[31m       [31m×[31m Create question with images[39m[33m 976[2mms[22m[39m
[31m       [31m×[31m Update question answers[39m[33m 939[2mms[22m[39m
[31m       [31m×[31m Delete question[39m[33m 854[2mms[22m[39m
[31m       [31m×[31m Create File record linked to S3 object[39m[33m 876[2mms[22m[39m
[31m       [31m×[31m Associate file with unit (UnitFile join)[39m[33m 1005[2mms[22m[39m
[31m       [31m×[31m Associate question with unit (QuestionUnit join)[39m[33m 1022[2mms[22m[39m
[31m       [31m×[31m Unit with nested words (ManyToMany)[39m[33m 2383[2mms[22m[39m
[31m     [31m×[31m Instructor of the section can get submission URL[39m[33m 1967[2mms[22m[39m
[31m     [31m×[31m Learner cannot call getStudentSubmissionUrl (AppSync blocks it)[39m[33m 1988[2mms[22m[39m
[31m     [31m×[31m Path traversal rejected: key not under grade owner identity[39m[33m 1775[2mms[22m[39m
[31m     [31m×[31m Instructor NOT in the grade's section is rejected[39m[33m 1889[2mms[22m[39m
[31m     [31m×[31m Student cannot access another student's private/ file via getUrl[39m[33m 2262[2mms[22m[39m
[31m     [31m×[31m Authenticated instructor receives policy, signature, and keyPairId[39m[33m 890[2mms[22m[39m
[31m     [31m×[31m Policy decodes to a valid CloudFront custom-policy JSON[39m[33m 817[2mms[22m[39m
[31m     [31m×[31m Authenticated learner also receives valid cookie values[39m[33m 1806[2mms[22m[39m
[31m     [31m×[31m Unauthenticated request is rejected by AppSync[39m[33m 1263[2mms[22m[39m
 [31m❯[39m [30m[45m integration [49m[39m test/integration/lambda.test.ts [2m([22m[2m52 tests[22m[2m | [22m[31m52 failed[39m[2m)[22m[33m 45927[2mms[22m[39m
[31m       [31m×[31m Send chat message with streaming response[39m[33m 2131[2mms[22m[39m
[31m       [31m×[31m Chat with context awareness[39m[33m 980[2mms[22m[39m
[31m       [31m×[31m Error handling for empty message[39m[33m 792[2mms[22m[39m
[31m       [31m×[31m Generate content completion for editor[39m[33m 787[2mms[22m[39m
[31m       [31m×[31m Content completion with context-aware suggestions[39m[33m 816[2mms[22m[39m
[31m       [31m×[31m Content completion respects user preferences[39m[33m 753[2mms[22m[39m
[31m       [31m×[31m Error handling for incomplete prompts[39m[33m 890[2mms[22m[39m
[31m       [31m×[31m Suggest quiz blocks for unit[39m[33m 928[2mms[22m[39m
[31m       [31m×[31m Suggest meaning-association blocks[39m[33m 875[2mms[22m[39m
[31m       [31m×[31m Suggest custom-answer blocks[39m[33m 760[2mms[22m[39m
[31m       [31m×[31m Validate block structure matches schema[39m[33m 787[2mms[22m[39m
[31m       [31m×[31m POST /chat streams chunks incrementally (not buffered)[39m[33m 776[2mms[22m[39m
[31m       [31m×[31m POST /content-completion streams chunks incrementally[39m[33m 754[2mms[22m[39m
[31m       [31m×[31m POST /suggest-blocks streams chunks incrementally[39m[33m 1224[2mms[22m[39m
[31m       [31m×[31m SSE events arrive in parseable order mid-stream[39m[33m 918[2mms[22m[39m
[31m       [31m×[31m Create dynamic section group[39m[33m 816[2mms[22m[39m
[31m       [31m×[31m Add self to section via join code[39m[33m 791[2mms[22m[39m
[31m       [31m×[31m Generate embedding for single text[39m[33m 821[2mms[22m[39m
[31m       [31m×[31m Generate embeddings with default dimensions[39m[33m 1100[2mms[22m[39m
[31m       [31m×[31m Verify embedding model is correct[39m[33m 827[2mms[22m[39m
[31m       [31m×[31m Generate embeddings for file[39m[33m 883[2mms[22m[39m
[31m       [31m×[31m Semantic search using embeddings[39m[33m 939[2mms[22m[39m
[31m       [31m×[31m Generate audio base64 from text (TTS)[39m[33m 913[2mms[22m[39m
[31m       [31m×[31m Transcribe audio URL (Whisper)[39m[33m 850[2mms[22m[39m
[31m       [31m×[31m Analyze image URL (GPT-4 Vision)[39m[33m 967[2mms[22m[39m
[31m       [31m×[31m Verify image content[39m[33m 824[2mms[22m[39m
[31m       [31m×[31m Verify short answer[39m[33m 854[2mms[22m[39m
[31m       [31m×[31m Verify word translation[39m[33m 766[2mms[22m[39m
[31m       [31m×[31m Verify audio content[39m[33m 868[2mms[22m[39m
[31m       [31m×[31m Error handling for failed operations[39m[33m 894[2mms[22m[39m
[31m       [31m×[31m Initiate document analysis[39m[33m 816[2mms[22m[39m
[31m       [31m×[31m Document analysis returns proper result structure[39m[33m 806[2mms[22m[39m
[31m       [31m×[31m Cancel document analysis[39m[33m 808[2mms[22m[39m
[31m       [31m×[31m Error handling for invalid file ID[39m[33m 945[2mms[22m[39m
[31m       [31m×[31m Generate embeddings for document[39m[33m 847[2mms[22m[39m
[31m       [31m×[31m Check text content for policy violations[39m[33m 749[2mms[22m[39m
[31m       [31m×[31m Moderation result has required fields[39m[33m 873[2mms[22m[39m
[31m       [31m×[31m Flag inappropriate content[39m[33m 720[2mms[22m[39m
[31m       [31m×[31m Store moderation results[39m[33m 1050[2mms[22m[39m
[31m       [31m×[31m Auto-reject flagged content[39m[33m 912[2mms[22m[39m
[31m       [31m×[31m Handle empty content[39m[33m 801[2mms[22m[39m
[31m       [31m×[31m Moderate image via URL returns moderation result[39m[33m 781[2mms[22m[39m
[31m       [31m×[31m Moderate image handles empty URL gracefully[39m[33m 778[2mms[22m[39m
[31m       [31m×[31m Moderate image rejects invalid URL format[39m[33m 770[2mms[22m[39m
[31m       [31m×[31m Moderate audio via URL transcribes and returns moderation result[39m[33m 927[2mms[22m[39m
[31m       [31m×[31m Moderate audio handles empty URL gracefully[39m[33m 895[2mms[22m[39m
[31m       [31m×[31m Moderate audio rejects invalid URL format[39m[33m 898[2mms[22m[39m
[31m       [31m×[31m verifyAudioUrl includes moderation result in response[39m[33m 751[2mms[22m[39m
[31m       [31m×[31m Text moderation uses omni-moderation-latest model[39m[33m 766[2mms[22m[39m
[31m       [31m×[31m moderateContent with modelName+recordId persists to Unit.moderation[39m[33m 853[2mms[22m[39m
[31m       [31m×[31m moderateContent with modelName+recordId persists flagged status[39m[33m 1003[2mms[22m[39m
[31m       [31m×[31m moderateContent without modelName+recordId does NOT modify records[39m[33m 880[2mms[22m[39m
[90mstdout[2m | src/components/Gamification/__tests__/NewFeatures.test.tsx
[22m[39m✓ Loaded .env.test

[90mstdout[2m | test/integration/grade-tracking.test.tsx
[22m[39m✓ Loaded .env.test

[90mstdout[2m | test/integration/question-editor.test.tsx
[22m[39m✓ Loaded .env.test

[90mstdout[2m | test/integration/section-management.test.tsx
[22m[39m✓ Loaded .env.test

[90mstdout[2m | test/integration/custom-ai-block.test.tsx
[22m[39m✓ Loaded .env.test

[90mstdout[2m | test/integration/file-manager.test.tsx
[22m[39m✓ Loaded .env.test

[90mstdout[2m | test/integration/dictionary-editor.test.tsx
[22m[39m✓ Loaded .env.test

[90mstdout[2m | test/integration/server-actions.test.ts
[22m[39m✓ Loaded .env.test

[90mstdout[2m | unknown test
[22m[39m[MOCK vectorStoreDB.js] Module loaded - mock IndexedDB operations
[90mstdout[2m | unknown test
[22m[39m[Task Completion] DOM action listeners initialized
[90mstdout[2m | unknown test
[22m[39m[Task Completion] Auto-completion detector initialized
[90mstdout[2m | unknown test
[22m[39m[Preview] Task completion detector initialized
 [32m✓[39m [30m[45m integration [49m[39m test/integration/server-actions.test.ts [2m([22m[2m32 tests[22m[2m)[22m[33m 525[2mms[22m[39m
 [32m✓[39m [30m[45m integration [49m[39m test/integration/grade-tracking.test.tsx [2m([22m[2m14 tests[22m[2m)[22m[33m 1251[2mms[22m[39m
     [33m[2m✓[22m[39m creates new grade when student starts assignment [33m 403[2mms[22m[39m
 [32m✓[39m [30m[45m integration [49m[39m test/integration/section-management.test.tsx [2m([22m[2m16 tests[22m[2m)[22m[33m 2401[2mms[22m[39m
     [33m[2m✓[22m[39m creates a new section [33m 743[2mms[22m[39m
[90mstdout[2m | src/components/Gamification/__tests__/BossBattleForm.test.tsx
[22m[39m✓ Loaded .env.test

 [32m✓[39m [30m[45m integration [49m[39m test/integration/custom-ai-block.test.tsx [2m([22m[2m10 tests[22m[2m)[22m[33m 7434[2mms[22m[39m
     [33m[2m✓[22m[39m renders without crashing [33m 6264[2mms[22m[39m
     [33m[2m✓[22m[39m displays the AI-Graded Exercise header [33m 446[2mms[22m[39m
[90mstdout[2m | src/components/Gamification/__tests__/MissingUnitTests.test.tsx
[22m[39m✓ Loaded .env.test

[90mstdout[2m | test/unit/notificationComponents.test.tsx
[22m[39m✓ Loaded .env.test

[90mstdout[2m | test/unit/custom-ai-grading.test.ts
[22m[39m✓ Loaded .env.test

 [32m✓[39m [30m[42m unit [49m[39m test/unit/notificationComponents.test.tsx [2m([22m[2m17 tests[22m[2m)[22m[33m 1564[2mms[22m[39m
 [32m✓[39m [30m[42m unit [49m[39m test/unit/custom-ai-grading.test.ts [2m([22m[2m12 tests[22m[2m)[22m[33m 3365[2mms[22m[39m
     [33m[2m✓[22m[39m custom-ai is in the graded block types [33m 3339[2mms[22m[39m
[90mstdout[2m | src/components/Editor3/components/__tests__/AnswerComponent.test.tsx
[22m[39m✓ Loaded .env.test

[90mstdout[2m | src/components/Editor3/components/__tests__/QuizComponent.test.tsx
[22m[39m✓ Loaded .env.test

[90mstdout[2m | src/components/Editor3/Editor.stories.jsx[2m > [22m[2mEmpty Editor Text Formatting
[22m[39m[Preview] Skipped initializing default mock data (initializeMockData=false)
[90mstdout[2m | src/components/Editor3/Editor.stories.jsx[2m > [22m[2mEmpty Editor Text Formatting
[22m[39m[Mock Data] seedMockUnit: Adding unit empty-editor-text-formatting-id
[90mstdout[2m | src/components/Editor3/Editor.stories.jsx[2m > [22m[2mEmpty Editor Text Formatting
[22m[39m[MOCK CourseVectorStore] Initialized with mock data
[90mstdout[2m | src/components/Editor3/Editor.stories.jsx[2m > [22m[2mEmpty Editor Text Formatting
[22m[39m[useTabState] Initialized with: {
  "leftOpen": false,
  "leftTab": 4,
  "leftWidth": 350,
  "rightOpen": false,
  "rightTab": 5,
  "rightWidth": 350,
} from URL: {} localStorage: null defaults: {
  "defaultLeftTab": 4,
  "defaultRightTab": 5,
}
 [32m✓[39m [30m[42m unit [49m[39m src/components/Gamification/__tests__/MissingUnitTests.test.tsx [2m([22m[2m27 tests[22m[2m)[22m[33m 6245[2mms[22m[39m
     [33m[2m✓[22m[39m renders month header [33m 375[2mms[22m[39m
     [33m[2m✓[22m[39m renders day-of-week headers [33m 359[2mms[22m[39m
     [33m[2m✓[22m[39m renders specific month when year and month provided [33m 360[2mms[22m[39m
     [33m[2m✓[22m[39m renders nothing before client mount when no explicit month/year [33m 341[2mms[22m[39m
     [33m[2m✓[22m[39m renders all badge types (earned and unearned) [33m 437[2mms[22m[39m
     [33m[2m✓[22m[39m renders earned badges differently from unearned [33m 400[2mms[22m[39m
     [33m[2m✓[22m[39m renders with custom column count [33m 515[2mms[22m[39m
     [33m[2m✓[22m[39m shows multiplier badge when earned multiple times [33m 303[2mms[22m[39m
     [33m[2m✓[22m[39m opens popover on badge click [33m 1116[2mms[22m[39m
     [33m[2m✓[22m[39m shows "Locked" in popover for unearned badges [33m 776[2mms[22m[39m
[90mstdout[2m | src/components/Editor3/Editor.stories.jsx[2m > [22m[2mEmpty Editor Text Formatting
[22m[39m[FileManager2] Files received from context: 0 []
[90mstdout[2m | src/components/Editor3/Editor.stories.jsx[2m > [22m[2mEmpty Editor Text Formatting
[22m[39m[FileManager2] Upload useEffect triggered. filesToUpload: 0 uploadInProgress: false
[90mstdout[2m | src/components/Editor3/Editor.stories.jsx[2m > [22m[2mEmpty Editor Text Formatting
[22m[39m[FileManager2] Skipping upload - no files or already in progress
[90mstdout[2m | src/components/Editor3/Editor.stories.jsx[2m > [22m[2mEmpty Editor Text Formatting
[22m[39m[chatTools] Vector store search function registered: true
[90mstdout[2m | src/components/Editor3/Editor.stories.jsx[2m > [22m[2mEmpty Editor Text Formatting
[22m[39m[ChatSidebar] Registered vector store search, isReady: false
[90mstdout[2m | src/components/Editor3/Editor.stories.jsx[2m > [22m[2mEmpty Editor Text Formatting
[22m[39m[chatTools] Practice drill callback registered: true
[90mstdout[2m | src/components/Editor3/Editor.stories.jsx[2m > [22m[2mEmpty Editor Text Formatting
[22m[39m[useChatPageContext] Registering page context: {
  "dictionaryCount": 0,
  "filesCount": 0,
  "hasEditorRef": true,
  "hasUnit": true,
  "hasVectorStoreSearch": true,
  "questionsCount": 0,
  "sectionsCount": 0,
}
[90mstdout[2m | src/components/Editor3/Editor.stories.jsx[2m > [22m[2mEmpty Editor Text Formatting
[22m[39m[TranslationModeController] Setting mode to: off
[90mstdout[2m | src/components/Editor3/Editor.stories.jsx[2m > [22m[2mEmpty Editor Text Formatting
[22m[39m[UnitContext] useEffect triggered {
  "authLoading": false,
  "hasUser": true,
  "id": "empty-editor-text-formatting-id",
  "userSub": "mock-user-sub",
}
[90mstdout[2m | src/components/Editor3/Editor.stories.jsx[2m > [22m[2mEmpty Editor Text Formatting
[22m[39m[UnitContext] Fetching unit data for id: empty-editor-text-formatting-id
[90mstdout[2m | src/components/Editor3/Editor.stories.jsx[2m > [22m[2mEmpty Editor Text Formatting
[22m[39m[FilesContext] Initializing vector store from IndexedDB
[90mstdout[2m | src/components/Editor3/Editor.stories.jsx[2m > [22m[2mEmpty Editor Text Formatting
[22m[39m[FilesContext] fetchFiles called
[90mstdout[2m | src/components/Editor3/Editor.stories.jsx[2m > [22m[2mEmpty Editor Text Formatting
[22m[39m[FilesContext] User authenticated: mock-user-sub
[90mstdout[2m | src/components/Editor3/Editor.stories.jsx[2m > [22m[2mEmpty Editor Text Formatting
[22m[39m[FilesContext] Identity ID: us-east-1:mock-identity-123
[90mstdout[2m | src/components/Editor3/Editor.stories.jsx[2m > [22m[2mEmpty Editor Text Formatting
[22m[39m[FilesContext] About to set up File observeQuery
[90mstdout[2m | src/components/Editor3/Editor.stories.jsx[2m > [22m[2mEmpty Editor Text Formatting
[22m[39m[ChatContext] Setting up AssistantChat observeQuery
[90mstdout[2m | src/components/Editor3/Editor.stories.jsx[2m > [22m[2mEmpty Editor Text Formatting
[22m[39m[ChatContext] Waiting for subscription to initialize
[90mstdout[2m | src/components/Editor3/Editor.stories.jsx[2m > [22m[2mEmpty Editor Text Formatting
[22m[39m[SettingsContext] Setting up Settings subscription for user: mock-user-sub
[90mstdout[2m | src/components/Editor3/Editor.stories.jsx[2m > [22m[2mEmpty Editor Text Formatting
[22m[39m[useChatPageContext] Cleaning up page context
[90mstdout[2m | src/components/Editor3/Editor.stories.jsx[2m > [22m[2mEmpty Editor Text Formatting
[22m[39m[useChatPageContext] Registering page context: {
  "dictionaryCount": 0,
  "filesCount": 0,
  "hasEditorRef": true,
  "hasUnit": true,
  "hasVectorStoreSearch": true,
  "questionsCount": 0,
  "sectionsCount": 0,
}
[90mstdout[2m | src/components/Editor3/Editor.stories.jsx[2m > [22m[2mEmpty Editor Text Formatting
[22m[39m[Editor onChange] Skipping save - no initial state loaded yet
[90mstdout[2m | src/components/Editor3/Editor.stories.jsx[2m > [22m[2mEmpty Editor Text Formatting
[22m[39m[Mock Data] Settings created: mock-settings-1790416996087 - notified 0 subscribers
[90mstdout[2m | src/components/Editor3/Editor.stories.jsx[2m > [22m[2mEmpty Editor Text Formatting
[22m[39m[Mock Data] Unit.onUpdate() subscription added. Total: 1
[90mstdout[2m | src/components/Editor3/Editor.stories.jsx[2m > [22m[2mEmpty Editor Text Formatting
[22m[39m[Mock] CollaborationPlugin rendered with props: {
  "color": "#f59e0b",
  "cursorsContainerRef": {
    "current": <div
      class="jsx-9364b876b91d91fe collaboration-cursors-container"
      style="position: relative;"
    >
      <div
        aria-label="Edit"
        class="editor"
        contenteditable="true"
        data-lexical-editor="true"
        data-tour="editor"
        role="textbox"
        spellcheck="true"
        style="max-width: 100%; outline: none; min-height: 100%; padding: 1rem 2rem 1rem 0.5rem; user-select: text; white-space: pre-wrap; word-break: break-word;"
      />
      <div
        class="jsx-e404209429cec6f3 editor-placeholder"
      >
        Start typing or use the toolbar above to add content...
      </div>
    </div>,
  },
  "provider": YjsDocProvider {
    "awareness": Awareness {
      "_checkInterval": 16,
      "_observers": Map {},
      "clientID": 3834611276,
      "doc": {
        "editorContent": "",
        "metadata": {},
      },
      "meta": Map {
        3834611276 => {
          "clock": 0,
          "lastUpdated": 1790416994727,
        },
      },
      "states": Map {
        3834611276 => {},
      },
    },
    "config": {
      "connect": false,
      "docName": "unit-null",
      "maxBackoffTime": 30000,
      "persistence": false,
      "resyncInterval": 5000,
      "wsUrl": "wss://j5eyo7cpia.execute-api.us-east-1.amazonaws.com/live",
    },
    "defaultConfig": {
      "connect": true,
      "maxBackoffTime": 30000,
      "persistence": true,
      "resyncInterval": 5000,
      "wsUrl": "wss://j5eyo7cpia.execute-api.us-east-1.amazonaws.com/live",
    },
    "docName": "unit-null",
    "hasLoggedConnectionError": false,
    "indexeddb": null,
    "lastStatusLog": "",
    "listeners": Map {
      "doc-reset" => Set {
        [Function handleDocReset],
      },
    },
    "resetCount": 0,
    "wsProvider": null,
    "ydoc": {
      "editorContent": "",
      "metadata": {},
    },
  },
  "username": "mock-user-sub",
}
[90mstdout[2m | src/components/Editor3/Editor.stories.jsx[2m > [22m[2mEmpty Editor Text Formatting
[22m[39m[Editor onChange] Skipping save due to tags: [
  "history-merge",
]
[90mstdout[2m | src/components/Gamification/__tests__/GamificationExpansion.test.tsx
[22m[39m✓ Loaded .env.test

[90mstdout[2m | src/components/Editor3/Editor.stories.jsx[2m > [22m[2mEmpty Editor Text Formatting
[22m[39m[chatTools] Vector store search function registered: false
[90mstdout[2m | src/components/Editor3/Editor.stories.jsx[2m > [22m[2mEmpty Editor Text Formatting
[22m[39m[chatTools] Practice drill callback registered: false
[90mstdout[2m | src/components/Editor3/Editor.stories.jsx[2m > [22m[2mEmpty Editor Text Formatting
[22m[39m[useChatPageContext] Cleaning up page context
[90mstdout[2m | src/components/Editor3/Editor.stories.jsx[2m > [22m[2mEmpty Editor Text Formatting
[22m[39m[FileManager2] Files received from context: 0 []
[90mstdout[2m | src/components/Editor3/Editor.stories.jsx[2m > [22m[2mEmpty Editor Text Formatting
[22m[39m[FileManager2] Upload useEffect triggered. filesToUpload: 0 uploadInProgress: false
[90mstdout[2m | src/components/Editor3/Editor.stories.jsx[2m > [22m[2mEmpty Editor Text Formatting
[22m[39m[FileManager2] Skipping upload - no files or already in progress
[90mstdout[2m | src/components/Editor3/Editor.stories.jsx[2m > [22m[2mEmpty Editor Text Formatting
[22m[39m[chatTools] Vector store search function registered: true
[90mstdout[2m | src/components/Editor3/Editor.stories.jsx[2m > [22m[2mEmpty Editor Text Formatting
[22m[39m[ChatSidebar] Registered vector store search, isReady: false
[90mstdout[2m | src/components/Editor3/Editor.stories.jsx[2m > [22m[2mEmpty Editor Text Formatting
[22m[39m[chatTools] Practice drill callback registered: true
[90mstdout[2m | src/components/Editor3/Editor.stories.jsx[2m > [22m[2mEmpty Editor Text Formatting
[22m[39m[useChatPageContext] Registering page context: {
  "dictionaryCount": 0,
  "filesCount": 0,
  "hasEditorRef": true,
  "hasUnit": true,
  "hasVectorStoreSearch": true,
  "questionsCount": 0,
  "sectionsCount": 0,
}
[90mstdout[2m | src/components/Editor3/Editor.stories.jsx[2m > [22m[2mEmpty Editor Text Formatting
[22m[39m[Mock] CollaborationPlugin rendered with props: {
  "color": "#f59e0b",
  "cursorsContainerRef": {
    "current": <div
      class="jsx-9364b876b91d91fe collaboration-cursors-container"
      style="position: relative;"
    >
      <div
        aria-label="Edit"
        autocapitalize="off"
        class="editor"
        contenteditable="true"
        data-lexical-editor="true"
        data-tour="editor"
        role="textbox"
        spellcheck="true"
        style="max-width: 100%; outline: none; min-height: 100%; padding: 1rem 2rem 1rem 0.5rem; user-select: text; white-space: pre-wrap; word-break: break-word;"
      />
      <div
        class="jsx-e404209429cec6f3 editor-placeholder"
      >
        Start typing or use the toolbar above to add content...
      </div>
    </div>,
  },
  "provider": YjsDocProvider {
    "awareness": Awareness {
      "_checkInterval": 16,
      "_observers": Map {},
      "clientID": 3834611276,
      "doc": {
        "editorContent": "",
        "metadata": {},
      },
      "meta": Map {
        3834611276 => {
          "clock": 0,
          "lastUpdated": 1790416994727,
        },
      },
      "states": Map {
        3834611276 => {},
      },
    },
    "config": {
      "connect": false,
      "docName": "unit-null",
      "maxBackoffTime": 30000,
      "persistence": false,
      "resyncInterval": 5000,
      "wsUrl": "wss://j5eyo7cpia.execute-api.us-east-1.amazonaws.com/live",
    },
    "defaultConfig": {
      "connect": true,
      "maxBackoffTime": 30000,
      "persistence": true,
      "resyncInterval": 5000,
      "wsUrl": "wss://j5eyo7cpia.execute-api.us-east-1.amazonaws.com/live",
    },
    "docName": "unit-null",
    "hasLoggedConnectionError": false,
    "indexeddb": null,
    "lastStatusLog": "",
    "listeners": Map {
      "doc-reset" => Set {
        [Function handleDocReset],
      },
    },
    "resetCount": 0,
    "wsProvider": null,
    "ydoc": {
      "editorContent": "",
      "metadata": {},
    },
  },
  "username": "mock-user-sub",
}
[90mstdout[2m | src/components/Editor3/Editor.stories.jsx[2m > [22m[2mEmpty Editor Text Formatting
[22m[39m[useChatPageContext] Cleaning up page context
[90mstdout[2m | src/components/Editor3/Editor.stories.jsx[2m > [22m[2mEmpty Editor Text Formatting
[22m[39m[useChatPageContext] Registering page context: {
  "dictionaryCount": 0,
  "filesCount": 0,
  "hasEditorRef": true,
  "hasUnit": true,
  "hasVectorStoreSearch": true,
  "questionsCount": 0,
  "sectionsCount": 0,
}
[90mstdout[2m | src/components/Editor3/Editor.stories.jsx[2m > [22m[2mEmpty Editor Text Formatting
[22m[39m[Mock] CollaborationPlugin rendered with props: {
  "color": "#f59e0b",
  "cursorsContainerRef": {
    "current": <div
      class="jsx-9364b876b91d91fe collaboration-cursors-container"
      style="position: relative;"
    >
      <div
        aria-label="Edit"
        autocapitalize="off"
        class="editor"
        contenteditable="true"
        data-lexical-editor="true"
        data-tour="editor"
        role="textbox"
        spellcheck="true"
        style="max-width: 100%; outline: none; min-height: 100%; padding: 1rem 2rem 1rem 0.5rem; user-select: text; white-space: pre-wrap; word-break: break-word;"
      />
      <div
        class="jsx-e404209429cec6f3 editor-placeholder"
      >
        Start typing or use the toolbar above to add content...
      </div>
    </div>,
  },
  "provider": YjsDocProvider {
    "awareness": Awareness {
      "_checkInterval": 16,
      "_observers": Map {},
      "clientID": 3834611276,
      "doc": {
        "editorContent": "",
        "metadata": {},
      },
      "meta": Map {
        3834611276 => {
          "clock": 0,
          "lastUpdated": 1790416994727,
        },
      },
      "states": Map {
        3834611276 => {},
      },
    },
    "config": {
      "connect": false,
      "docName": "unit-null",
      "maxBackoffTime": 30000,
      "persistence": false,
      "resyncInterval": 5000,
      "wsUrl": "wss://j5eyo7cpia.execute-api.us-east-1.amazonaws.com/live",
    },
    "defaultConfig": {
      "connect": true,
      "maxBackoffTime": 30000,
      "persistence": true,
      "resyncInterval": 5000,
      "wsUrl": "wss://j5eyo7cpia.execute-api.us-east-1.amazonaws.com/live",
    },
    "docName": "unit-null",
    "hasLoggedConnectionError": false,
    "indexeddb": null,
    "lastStatusLog": "",
    "listeners": Map {
      "doc-reset" => Set {
        [Function handleDocReset],
      },
    },
    "resetCount": 0,
    "wsProvider": null,
    "ydoc": {
      "editorContent": "",
      "metadata": {},
    },
  },
  "username": "mock-user-sub",
}
[90mstdout[2m | src/components/Editor3/Editor.stories.jsx[2m > [22m[2mEmpty Editor Text Formatting
[22m[39m[Editor onChange] Skipping save - no initial state loaded yet
[90mstdout[2m | src/components/Editor3/Editor.stories.jsx[2m > [22m[2mEmpty Editor Text Formatting
[22m[39m[Mock] CollaborationPlugin rendered with props: {
  "color": "#f59e0b",
  "cursorsContainerRef": {
    "current": <div
      class="jsx-9364b876b91d91fe collaboration-cursors-container"
      style="position: relative;"
    >
      <div
        aria-label="Edit"
        class="editor"
        contenteditable="true"
        data-lexical-editor="true"
        data-tour="editor"
        role="textbox"
        spellcheck="true"
        style="max-width: 100%; outline: none; min-height: 100%; padding: 1rem 2rem 1rem 0.5rem; user-select: text; white-space: pre-wrap; word-break: break-word;"
      />
      <div
        class="jsx-e404209429cec6f3 editor-placeholder"
      >
        Start typing or use the toolbar above to add content...
      </div>
    </div>,
  },
  "provider": YjsDocProvider {
    "awareness": Awareness {
      "_checkInterval": 16,
      "_observers": Map {},
      "clientID": 3834611276,
      "doc": {
        "editorContent": "",
        "metadata": {},
      },
      "meta": Map {
        3834611276 => {
          "clock": 0,
          "lastUpdated": 1790416994727,
        },
      },
      "states": Map {
        3834611276 => {},
      },
    },
    "config": {
      "connect": false,
      "docName": "unit-null",
      "maxBackoffTime": 30000,
      "persistence": false,
      "resyncInterval": 5000,
      "wsUrl": "wss://j5eyo7cpia.execute-api.us-east-1.amazonaws.com/live",
    },
    "defaultConfig": {
      "connect": true,
      "maxBackoffTime": 30000,
      "persistence": true,
      "resyncInterval": 5000,
      "wsUrl": "wss://j5eyo7cpia.execute-api.us-east-1.amazonaws.com/live",
    },
    "docName": "unit-null",
    "hasLoggedConnectionError": false,
    "indexeddb": null,
    "lastStatusLog": "",
    "listeners": Map {
      "doc-reset" => Set {
        [Function handleDocReset],
      },
    },
    "resetCount": 0,
    "wsProvider": null,
    "ydoc": {
      "editorContent": "",
      "metadata": {},
    },
  },
  "username": "mock-user-sub",
}
[90mstdout[2m | src/components/Editor3/Editor.stories.jsx[2m > [22m[2mEmpty Editor Text Formatting
[22m[39m[SectionContext] Section observeQuery update: 0
[90mstdout[2m | src/components/Editor3/Editor.stories.jsx[2m > [22m[2mEmpty Editor Text Formatting
[22m[39m[FilesContext] File observeQuery update: 0 files
[90mstdout[2m | src/components/Editor3/Editor.stories.jsx[2m > [22m[2mEmpty Editor Text Formatting
[22m[39m[ChatContext] AssistantChat initialized with 0 chats
[90mstdout[2m | src/components/Editor3/Editor.stories.jsx[2m > [22m[2mEmpty Editor Text Formatting
[22m[39m[MOCK CourseVectorStore] Initialized with mock data
[90mstdout[2m | src/components/Editor3/Editor.stories.jsx[2m > [22m[2mEmpty Editor Text Formatting
[22m[39m[Mock] CollaborationPlugin rendered with props: {
  "color": "#f59e0b",
  "cursorsContainerRef": {
    "current": <div
      class="jsx-9364b876b91d91fe collaboration-cursors-container"
      style="position: relative;"
    >
      <div
        aria-label="Edit"
        class="editor"
        contenteditable="true"
        data-lexical-editor="true"
        data-tour="editor"
        role="textbox"
        spellcheck="true"
        style="max-width: 100%; outline: none; min-height: 100%; padding: 1rem 2rem 1rem 0.5rem; user-select: text; white-space: pre-wrap; word-break: break-word;"
      />
      <div
        class="jsx-e404209429cec6f3 editor-placeholder"
      >
        Start typing or use the toolbar above to add content...
      </div>
    </div>,
  },
  "provider": YjsDocProvider {
    "awareness": Awareness {
      "_checkInterval": 16,
      "_observers": Map {},
      "clientID": 3834611276,
      "doc": {
        "editorContent": "",
        "metadata": {},
      },
      "meta": Map {
        3834611276 => {
          "clock": 0,
          "lastUpdated": 1790416994727,
        },
      },
      "states": Map {
        3834611276 => {},
      },
    },
    "config": {
      "connect": false,
      "docName": "unit-null",
      "maxBackoffTime": 30000,
      "persistence": false,
      "resyncInterval": 5000,
      "wsUrl": "wss://j5eyo7cpia.execute-api.us-east-1.amazonaws.com/live",
    },
    "defaultConfig": {
      "connect": true,
      "maxBackoffTime": 30000,
      "persistence": true,
      "resyncInterval": 5000,
      "wsUrl": "wss://j5eyo7cpia.execute-api.us-east-1.amazonaws.com/live",
    },
    "docName": "unit-null",
    "hasLoggedConnectionError": false,
    "indexeddb": null,
    "lastStatusLog": "",
    "listeners": Map {
      "doc-reset" => Set {
        [Function handleDocReset],
      },
    },
    "resetCount": 0,
    "wsProvider": null,
    "ydoc": {
      "editorContent": "",
      "metadata": {},
    },
  },
  "username": "mock-user-sub",
}
 [32m✓[39m [30m[42m unit [49m[39m src/components/Editor3/components/__tests__/QuizComponent.test.tsx [2m([22m[2m13 tests[22m[2m)[22m[33m 1814[2mms[22m[39m
       [33m[2m✓[22m[39m renders all answer options [33m 327[2mms[22m[39m
[90mstdout[2m | src/components/Editor3/Editor.stories.jsx[2m > [22m[2mEmpty Editor Text Formatting
[22m[39m[FileManager2] Files received from context: 0 []
[90mstdout[2m | src/components/Editor3/Editor.stories.jsx[2m > [22m[2mEmpty Editor Text Formatting
[22m[39m[ChatContext] No current chat available, will create one
[90mstdout[2m | src/components/Editor3/Editor.stories.jsx[2m > [22m[2mEmpty Editor Text Formatting
[22m[39m[ChatContext] Creating AssistantChat with user: undefined
[90mstdout[2m | src/components/Editor3/Editor.stories.jsx[2m > [22m[2mEmpty Editor Text Formatting
[22m[39m[Mock Data] AssistantChat created: mock-assistantchat-1790416998503 - notified 1 subscribers
[90mstdout[2m | src/components/Editor3/Editor.stories.jsx[2m > [22m[2mEmpty Editor Text Formatting
[22m[39m[Mock] CollaborationPlugin rendered with props: {
  "color": "#f59e0b",
  "cursorsContainerRef": {
    "current": <div
      class="jsx-9364b876b91d91fe collaboration-cursors-container"
      style="position: relative;"
    >
      <div
        aria-label="Edit"
        class="editor"
        contenteditable="true"
        data-lexical-editor="true"
        data-tour="editor"
        role="textbox"
        spellcheck="true"
        style="max-width: 100%; outline: none; min-height: 100%; padding: 1rem 2rem 1rem 0.5rem; user-select: text; white-space: pre-wrap; word-break: break-word;"
      />
      <div
        class="jsx-e404209429cec6f3 editor-placeholder"
      >
        Start typing or use the toolbar above to add content...
      </div>
    </div>,
  },
  "provider": YjsDocProvider {
    "awareness": Awareness {
      "_checkInterval": 16,
      "_observers": Map {},
      "clientID": 3834611276,
      "doc": {
        "editorContent": "",
        "metadata": {},
      },
      "meta": Map {
        3834611276 => {
          "clock": 0,
          "lastUpdated": 1790416994727,
        },
      },
      "states": Map {
        3834611276 => {},
      },
    },
    "config": {
      "connect": false,
      "docName": "unit-null",
      "maxBackoffTime": 30000,
      "persistence": false,
      "resyncInterval": 5000,
      "wsUrl": "wss://j5eyo7cpia.execute-api.us-east-1.amazonaws.com/live",
    },
    "defaultConfig": {
      "connect": true,
      "maxBackoffTime": 30000,
      "persistence": true,
      "resyncInterval": 5000,
      "wsUrl": "wss://j5eyo7cpia.execute-api.us-east-1.amazonaws.com/live",
    },
    "docName": "unit-null",
    "hasLoggedConnectionError": false,
    "indexeddb": null,
    "lastStatusLog": "",
    "listeners": Map {
      "doc-reset" => Set {
        [Function handleDocReset],
      },
    },
    "resetCount": 0,
    "wsProvider": null,
    "ydoc": {
      "editorContent": "",
      "metadata": {},
    },
  },
  "username": "mock-user-sub",
}
[90mstdout[2m | src/components/Editor3/Editor.stories.jsx[2m > [22m[2mEmpty Editor Text Formatting
[22m[39m[ChatContext] Create result: {
  "data": {
    "_version": 1,
    "archived": false,
    "chatFiles": [Function anonymous],
    "createdAt": "2026-09-26T10:03:18.503Z",
    "id": "mock-assistantchat-1790416998503",
    "model": "gpt-4",
    "updatedAt": "2026-09-26T10:03:18.503Z",
  },
  "errors": [],
  "hasData": true,
  "hasErrors": true,
}
[90mstdout[2m | src/components/Editor3/Editor.stories.jsx[2m > [22m[2mEmpty Editor Text Formatting
[22m[39m[ChatContext] Created AssistantChat: mock-assistantchat-1790416998503 at: 2026-09-26T10:03:18.503Z
[90mstdout[2m | src/components/Editor3/Editor.stories.jsx[2m > [22m[2mEmpty Editor Text Formatting
[22m[39m[Mock Storage] downloadData called with: undefined
[90mstdout[2m | src/components/Editor3/Editor.stories.jsx[2m > [22m[2mEmpty Editor Text Formatting
[22m[39m[ChatContext] Setting initial chat: mock-assistantchat-1790416998503
[90mstdout[2m | src/components/Editor3/Editor.stories.jsx[2m > [22m[2mEmpty Editor Text Formatting
[22m[39m[Mock] CollaborationPlugin rendered with props: {
  "color": "#f59e0b",
  "cursorsContainerRef": {
    "current": <div
      class="jsx-9364b876b91d91fe collaboration-cursors-container"
      style="position: relative;"
    >
      <div
        aria-label="Edit"
        class="editor"
        contenteditable="true"
        data-lexical-editor="true"
        data-tour="editor"
        role="textbox"
        spellcheck="true"
        style="max-width: 100%; outline: none; min-height: 100%; padding: 1rem 2rem 1rem 0.5rem; user-select: text; white-space: pre-wrap; word-break: break-word;"
      />
      <div
        class="jsx-e404209429cec6f3 editor-placeholder"
      >
        Start typing or use the toolbar above to add content...
      </div>
    </div>,
  },
  "provider": YjsDocProvider {
    "awareness": Awareness {
      "_checkInterval": 16,
      "_observers": Map {},
      "clientID": 3834611276,
      "doc": {
        "editorContent": "",
        "metadata": {},
      },
      "meta": Map {
        3834611276 => {
          "clock": 0,
          "lastUpdated": 1790416994727,
        },
      },
      "states": Map {
        3834611276 => {},
      },
    },
    "config": {
      "connect": false,
      "docName": "unit-null",
      "maxBackoffTime": 30000,
      "persistence": false,
      "resyncInterval": 5000,
      "wsUrl": "wss://j5eyo7cpia.execute-api.us-east-1.amazonaws.com/live",
    },
    "defaultConfig": {
      "connect": true,
      "maxBackoffTime": 30000,
      "persistence": true,
      "resyncInterval": 5000,
      "wsUrl": "wss://j5eyo7cpia.execute-api.us-east-1.amazonaws.com/live",
    },
    "docName": "unit-null",
    "hasLoggedConnectionError": false,
    "indexeddb": null,
    "lastStatusLog": "",
    "listeners": Map {
      "doc-reset" => Set {
        [Function handleDocReset],
      },
    },
    "resetCount": 0,
    "wsProvider": null,
    "ydoc": {
      "editorContent": "",
      "metadata": {},
    },
  },
  "username": "mock-user-sub",
}
 [32m✓[39m [30m[42m unit [49m[39m src/components/Editor3/components/__tests__/AnswerComponent.test.tsx [2m([22m[2m7 tests[22m[2m)[22m[33m 1529[2mms[22m[39m
       [33m[2m✓[22m[39m renders the prompt text [33m 483[2mms[22m[39m
[90mstdout[2m | src/components/Editor3/Editor.stories.jsx[2m > [22m[2mEmpty Editor Text Formatting
[22m[39m[ChatSidebar] Loading messages for chat: mock-assistantchat-1790416998503 count: 0
[90mstdout[2m | src/components/Editor3/Editor.stories.jsx[2m > [22m[2mEmpty Editor Text Formatting
[22m[39m[ChatSidebar] deepCloneMessages: returning empty array
[90mstdout[2m | src/components/Editor3/Editor.stories.jsx[2m > [22m[2mEmpty Editor Text Formatting
[22m[39m[ChatContext] Chat exists and not archived, skipping creation
[90mstdout[2m | src/components/Editor3/Editor.stories.jsx[2m > [22m[2mEditor With Content
[22m[39m[Editor onChange] Skipping save due to tags: [
  "history-merge",
]
[90mstdout[2m | src/components/Editor3/Editor.stories.jsx[2m > [22m[2mEditor With Content
[22m[39m[ChatContext] Cleaning up subscriptions
[90mstdout[2m | src/components/Editor3/Editor.stories.jsx[2m > [22m[2mEditor With Content
[22m[39m[Mock Data] Unit.onUpdate() subscription removed. Remaining: 0
[90mstdout[2m | src/components/Editor3/Editor.stories.jsx[2m > [22m[2mEditor With Content
[22m[39m[useChatPageContext] Cleaning up page context
[90mstdout[2m | src/components/Editor3/Editor.stories.jsx[2m > [22m[2mEditor With Content
[22m[39m[chatTools] Vector store search function registered: false
[90mstdout[2m | src/components/Editor3/Editor.stories.jsx[2m > [22m[2mEditor With Content
[22m[39m[chatTools] Practice drill callback registered: false
[90mstdout[2m | src/components/Editor3/Editor.stories.jsx[2m > [22m[2mEditor With Content
[22m[39m[Preview] Skipped initializing default mock data (initializeMockData=false)
[90mstdout[2m | src/components/Editor3/Editor.stories.jsx[2m > [22m[2mEditor With Content
[22m[39m[Mock Data] seedMockUnit: Adding unit editor-with-content-id
[90mstdout[2m | src/hooks/useYjsUnit.test.ts
[22m[39m✓ Loaded .env.test

[90mstdout[2m | src/components/Editor3/components/__tests__/GradeHistory.test.tsx
[22m[39m✓ Loaded .env.test

 [32m✓[39m [30m[42m unit [49m[39m src/components/Gamification/__tests__/GamificationExpansion.test.tsx [2m([22m[2m20 tests[22m[2m)[22m[33m 1242[2mms[22m[39m
 [32m✓[39m [30m[42m unit [49m[39m src/hooks/useYjsUnit.test.ts [2m([22m[2m24 tests[22m[2m)[22m[33m 1216[2mms[22m[39m
[90mstdout[2m | src/components/Editor3/Editor.stories.jsx[2m > [22m[2mEditor With Content
[22m[39m[MOCK CourseVectorStore] Initialized with mock data
[90mstdout[2m | src/components/Editor3/Editor.stories.jsx[2m > [22m[2mEditor With Content
[22m[39m[useTabState] Initialized with: {
  "leftOpen": false,
  "leftTab": 4,
  "leftWidth": 350,
  "rightOpen": false,
  "rightTab": 5,
  "rightWidth": 350,
} from URL: {} localStorage: null defaults: {
  "defaultLeftTab": 4,
  "defaultRightTab": 5,
}
[90mstdout[2m | src/components/Editor3/Editor.stories.jsx[2m > [22m[2mEditor With Content
[22m[39m[FileManager2] Files received from context: 0 []
[90mstdout[2m | src/components/Editor3/Editor.stories.jsx[2m > [22m[2mEditor With Content
[22m[39m[FileManager2] Upload useEffect triggered. filesToUpload: 0 uploadInProgress: false
[90mstdout[2m | src/components/Editor3/Editor.stories.jsx[2m > [22m[2mEditor With Content
[22m[39m[FileManager2] Skipping upload - no files or already in progress
[90mstdout[2m | src/components/Editor3/Editor.stories.jsx[2m > [22m[2mEditor With Content
[22m[39m[chatTools] Vector store search function registered: true
[90mstdout[2m | src/components/Editor3/Editor.stories.jsx[2m > [22m[2mEditor With Content
[22m[39m[ChatSidebar] Registered vector store search, isReady: false
[90mstdout[2m | src/components/Editor3/Editor.stories.jsx[2m > [22m[2mEditor With Content
[22m[39m[chatTools] Practice drill callback registered: true
[90mstdout[2m | src/components/Editor3/Editor.stories.jsx[2m > [22m[2mEditor With Content
[22m[39m[useChatPageContext] Registering page context: {
  "dictionaryCount": 0,
  "filesCount": 0,
  "hasEditorRef": true,
  "hasUnit": true,
  "hasVectorStoreSearch": true,
  "questionsCount": 0,
  "sectionsCount": 0,
}
[90mstdout[2m | src/components/Editor3/Editor.stories.jsx[2m > [22m[2mEditor With Content
[22m[39m[TranslationModeController] Setting mode to: off
[90mstdout[2m | src/components/Editor3/Editor.stories.jsx[2m > [22m[2mEditor With Content
[22m[39m[UnitContext] useEffect triggered {
  "authLoading": false,
  "hasUser": true,
  "id": "editor-with-content-id",
  "userSub": "mock-user-sub",
}
[90mstdout[2m | src/components/Editor3/Editor.stories.jsx[2m > [22m[2mEditor With Content
[22m[39m[UnitContext] Fetching unit data for id: editor-with-content-id
[90mstdout[2m | src/components/Editor3/Editor.stories.jsx[2m > [22m[2mEditor With Content
[22m[39m[FilesContext] Initializing vector store from IndexedDB
[90mstdout[2m | src/components/Editor3/Editor.stories.jsx[2m > [22m[2mEditor With Content
[22m[39m[FilesContext] fetchFiles called
[90mstdout[2m | src/components/Editor3/Editor.stories.jsx[2m > [22m[2mEditor With Content
[22m[39m[FilesContext] User authenticated: mock-user-sub
[90mstdout[2m | src/components/Editor3/Editor.stories.jsx[2m > [22m[2mEditor With Content
[22m[39m[FilesContext] Identity ID: us-east-1:mock-identity-123
[90mstdout[2m | src/components/Editor3/Editor.stories.jsx[2m > [22m[2mEditor With Content
[22m[39m[FilesContext] About to set up File observeQuery
[90mstdout[2m | src/components/Editor3/Editor.stories.jsx[2m > [22m[2mEditor With Content
[22m[39m[ChatContext] Setting up AssistantChat observeQuery
[90mstdout[2m | src/components/Editor3/Editor.stories.jsx[2m > [22m[2mEditor With Content
[22m[39m[ChatContext] Waiting for subscription to initialize
[90mstdout[2m | src/components/Editor3/Editor.stories.jsx[2m > [22m[2mEditor With Content
[22m[39m[SettingsContext] Setting up Settings subscription for user: mock-user-sub
[90mstdout[2m | src/components/Editor3/Editor.stories.jsx[2m > [22m[2mEditor With Content
[22m[39m[useChatPageContext] Cleaning up page context
[90mstdout[2m | src/components/Editor3/Editor.stories.jsx[2m > [22m[2mEditor With Content
[22m[39m[useChatPageContext] Registering page context: {
  "dictionaryCount": 0,
  "filesCount": 0,
  "hasEditorRef": true,
  "hasUnit": true,
  "hasVectorStoreSearch": true,
  "questionsCount": 0,
  "sectionsCount": 0,
}
[90mstdout[2m | src/components/Editor3/Editor.stories.jsx[2m > [22m[2mEditor With Content
[22m[39m[Editor onChange] Skipping save - no initial state loaded yet
[90mstdout[2m | src/components/Editor3/Editor.stories.jsx[2m > [22m[2mEditor With Content
[22m[39m[Mock Data] Settings created: mock-settings-1790417002091 - notified 0 subscribers
[90mstdout[2m | src/components/Editor3/Editor.stories.jsx[2m > [22m[2mEditor With Content
[22m[39m[Mock Data] Unit.onUpdate() subscription added. Total: 1
[90mstdout[2m | src/components/Editor3/Editor.stories.jsx[2m > [22m[2mEditor With Content
[22m[39m[Mock] CollaborationPlugin rendered with props: {
  "color": "#f59e0b",
  "cursorsContainerRef": {
    "current": <div
      class="jsx-9364b876b91d91fe collaboration-cursors-container"
      style="position: relative;"
    >
      <div
        aria-label="Edit"
        class="editor"
        contenteditable="true"
        data-lexical-editor="true"
        data-tour="editor"
        role="textbox"
        spellcheck="true"
        style="max-width: 100%; outline: none; min-height: 100%; padding: 1rem 2rem 1rem 0.5rem; user-select: text; white-space: pre-wrap; word-break: break-word;"
      />
      <div
        class="jsx-e404209429cec6f3 editor-placeholder"
      >
        Start typing or use the toolbar above to add content...
      </div>
    </div>,
  },
  "provider": YjsDocProvider {
    "awareness": Awareness {
      "_checkInterval": 160,
      "_observers": Map {},
      "clientID": 3585787974,
      "doc": {
        "editorContent": "",
        "metadata": {},
      },
      "meta": Map {
        3585787974 => {
          "clock": 0,
          "lastUpdated": 1790417001116,
        },
      },
      "states": Map {
        3585787974 => {},
      },
    },
    "config": {
      "connect": false,
      "docName": "unit-null",
      "maxBackoffTime": 30000,
      "persistence": false,
      "resyncInterval": 5000,
      "wsUrl": "wss://j5eyo7cpia.execute-api.us-east-1.amazonaws.com/live",
    },
    "defaultConfig": {
      "connect": true,
      "maxBackoffTime": 30000,
      "persistence": true,
      "resyncInterval": 5000,
      "wsUrl": "wss://j5eyo7cpia.execute-api.us-east-1.amazonaws.com/live",
    },
    "docName": "unit-null",
    "hasLoggedConnectionError": false,
    "indexeddb": null,
    "lastStatusLog": "",
    "listeners": Map {
      "doc-reset" => Set {
        [Function handleDocReset],
      },
    },
    "resetCount": 0,
    "wsProvider": null,
    "ydoc": {
      "editorContent": "",
      "metadata": {},
    },
  },
  "username": "mock-user-sub",
}
[90mstdout[2m | src/components/Editor3/Editor.stories.jsx[2m > [22m[2mEditor With Content
[22m[39m[Editor onChange] Skipping save due to tags: [
  "history-merge",
]
[90mstdout[2m | src/components/Editor3/Editor.stories.jsx[2m > [22m[2mEditor With Content
[22m[39m[chatTools] Vector store search function registered: false
[90mstdout[2m | src/components/Editor3/Editor.stories.jsx[2m > [22m[2mEditor With Content
[22m[39m[chatTools] Practice drill callback registered: false
[90mstdout[2m | src/components/Editor3/Editor.stories.jsx[2m > [22m[2mEditor With Content
[22m[39m[useChatPageContext] Cleaning up page context
[90mstdout[2m | src/components/Editor3/Editor.stories.jsx[2m > [22m[2mEditor With Content
[22m[39m[FileManager2] Files received from context: 0 []
[90mstdout[2m | src/components/Editor3/Editor.stories.jsx[2m > [22m[2mEditor With Content
[22m[39m[FileManager2] Upload useEffect triggered. filesToUpload: 0 uploadInProgress: false
[90mstdout[2m | src/components/Editor3/Editor.stories.jsx[2m > [22m[2mEditor With Content
[22m[39m[FileManager2] Skipping upload - no files or already in progress
[90mstdout[2m | src/components/Editor3/Editor.stories.jsx[2m > [22m[2mEditor With Content
[22m[39m[chatTools] Vector store search function registered: true
[90mstdout[2m | src/components/Editor3/Editor.stories.jsx[2m > [22m[2mEditor With Content
[22m[39m[ChatSidebar] Registered vector store search, isReady: false
[90mstdout[2m | src/components/Editor3/Editor.stories.jsx[2m > [22m[2mEditor With Content
[22m[39m[chatTools] Practice drill callback registered: true
[90mstdout[2m | src/components/Editor3/Editor.stories.jsx[2m > [22m[2mEditor With Content
[22m[39m[useChatPageContext] Registering page context: {
  "dictionaryCount": 0,
  "filesCount": 0,
  "hasEditorRef": true,
  "hasUnit": true,
  "hasVectorStoreSearch": true,
  "questionsCount": 0,
  "sectionsCount": 0,
}
[90mstdout[2m | src/components/Editor3/Editor.stories.jsx[2m > [22m[2mEditor With Content
[22m[39m[Mock] CollaborationPlugin rendered with props: {
  "color": "#f59e0b",
  "cursorsContainerRef": {
    "current": <div
      class="jsx-9364b876b91d91fe collaboration-cursors-container"
      style="position: relative;"
    >
      <div
        aria-label="Edit"
        autocapitalize="off"
        class="editor"
        contenteditable="true"
        data-lexical-editor="true"
        data-tour="editor"
        dir="ltr"
        role="textbox"
        spellcheck="true"
        style="max-width: 100%; outline: none; min-height: 100%; padding: 1rem 2rem 1rem 0.5rem; user-select: text; white-space: pre-wrap; word-break: break-word;"
      >
        <h1
          class="LanguageEditorTheme__h1"
          dir="ltr"
        >
          <span
            data-lexical-text="true"
          >
            Welcome to the Language Editor
          </span>
        </h1>
        <p
          class="LanguageEditorTheme__paragraph"
          dir="ltr"
        >
          <span
            data-lexical-text="true"
          >
            This is a sample paragraph. You can edit, format, and add various types of content here.
          </span>
        </p>
      </div>
    </div>,
  },
  "provider": YjsDocProvider {
    "awareness": Awareness {
      "_checkInterval": 160,
      "_observers": Map {},
      "clientID": 3585787974,
      "doc": {
        "editorContent": "",
        "metadata": {},
      },
      "meta": Map {
        3585787974 => {
          "clock": 0,
          "lastUpdated": 1790417001116,
        },
      },
      "states": Map {
        3585787974 => {},
      },
    },
    "config": {
      "connect": false,
      "docName": "unit-null",
      "maxBackoffTime": 30000,
      "persistence": false,
      "resyncInterval": 5000,
      "wsUrl": "wss://j5eyo7cpia.execute-api.us-east-1.amazonaws.com/live",
    },
    "defaultConfig": {
      "connect": true,
      "maxBackoffTime": 30000,
      "persistence": true,
      "resyncInterval": 5000,
      "wsUrl": "wss://j5eyo7cpia.execute-api.us-east-1.amazonaws.com/live",
    },
    "docName": "unit-null",
    "hasLoggedConnectionError": false,
    "indexeddb": null,
    "lastStatusLog": "",
    "listeners": Map {
      "doc-reset" => Set {
        [Function handleDocReset],
      },
    },
    "resetCount": 0,
    "wsProvider": null,
    "ydoc": {
      "editorContent": "",
      "metadata": {},
    },
  },
  "username": "mock-user-sub",
}
[90mstdout[2m | src/components/Editor3/Editor.stories.jsx[2m > [22m[2mEditor With Content
[22m[39m[useChatPageContext] Cleaning up page context
[90mstdout[2m | src/components/Editor3/Editor.stories.jsx[2m > [22m[2mEditor With Content
[22m[39m[useChatPageContext] Registering page context: {
  "dictionaryCount": 0,
  "filesCount": 0,
  "hasEditorRef": true,
  "hasUnit": true,
  "hasVectorStoreSearch": true,
  "questionsCount": 0,
  "sectionsCount": 0,
}
[90mstdout[2m | src/components/Editor3/Editor.stories.jsx[2m > [22m[2mEditor With Content
[22m[39m[Mock] CollaborationPlugin rendered with props: {
  "color": "#f59e0b",
  "cursorsContainerRef": {
    "current": <div
      class="jsx-9364b876b91d91fe collaboration-cursors-container"
      style="position: relative;"
    >
      <div
        aria-label="Edit"
        autocapitalize="off"
        class="editor"
        contenteditable="true"
        data-lexical-editor="true"
        data-tour="editor"
        dir="ltr"
        role="textbox"
        spellcheck="true"
        style="max-width: 100%; outline: none; min-height: 100%; padding: 1rem 2rem 1rem 0.5rem; user-select: text; white-space: pre-wrap; word-break: break-word;"
      >
        <h1
          class="LanguageEditorTheme__h1"
          dir="ltr"
        >
          <span
            data-lexical-text="true"
          >
            Welcome to the Language Editor
          </span>
        </h1>
        <p
          class="LanguageEditorTheme__paragraph"
          dir="ltr"
        >
          <span
            data-lexical-text="true"
          >
            This is a sample paragraph. You can edit, format, and add various types of content here.
          </span>
        </p>
      </div>
    </div>,
  },
  "provider": YjsDocProvider {
    "awareness": Awareness {
      "_checkInterval": 160,
      "_observers": Map {},
      "clientID": 3585787974,
      "doc": {
        "editorContent": "",
        "metadata": {},
      },
      "meta": Map {
        3585787974 => {
          "clock": 0,
          "lastUpdated": 1790417001116,
        },
      },
      "states": Map {
        3585787974 => {},
      },
    },
    "config": {
      "connect": false,
      "docName": "unit-null",
      "maxBackoffTime": 30000,
      "persistence": false,
      "resyncInterval": 5000,
      "wsUrl": "wss://j5eyo7cpia.execute-api.us-east-1.amazonaws.com/live",
    },
    "defaultConfig": {
      "connect": true,
      "maxBackoffTime": 30000,
      "persistence": true,
      "resyncInterval": 5000,
      "wsUrl": "wss://j5eyo7cpia.execute-api.us-east-1.amazonaws.com/live",
    },
    "docName": "unit-null",
    "hasLoggedConnectionError": false,
    "indexeddb": null,
    "lastStatusLog": "",
    "listeners": Map {
      "doc-reset" => Set {
        [Function handleDocReset],
      },
    },
    "resetCount": 0,
    "wsProvider": null,
    "ydoc": {
      "editorContent": "",
      "metadata": {},
    },
  },
  "username": "mock-user-sub",
}
[90mstdout[2m | src/components/Gamification/__tests__/SquadChallenge.test.tsx
[22m[39m✓ Loaded .env.test

[90mstdout[2m | src/components/Editor3/Editor.stories.jsx[2m > [22m[2mEditor With Content
[22m[39m[Editor onChange] State changed, saving
[90mstdout[2m | src/components/Editor3/Editor.stories.jsx[2m > [22m[2mEditor With Content
[22m[39m[Mock] CollaborationPlugin rendered with props: {
  "color": "#f59e0b",
  "cursorsContainerRef": {
    "current": <div
      class="jsx-9364b876b91d91fe collaboration-cursors-container"
      style="position: relative;"
    >
      <div
        aria-label="Edit"
        class="editor"
        contenteditable="true"
        data-lexical-editor="true"
        data-tour="editor"
        dir="ltr"
        role="textbox"
        spellcheck="true"
        style="max-width: 100%; outline: none; min-height: 100%; padding: 1rem 2rem 1rem 0.5rem; user-select: text; white-space: pre-wrap; word-break: break-word;"
      >
        <h1
          class="LanguageEditorTheme__h1"
          dir="ltr"
        >
          <span
            data-lexical-text="true"
          >
            Welcome to the Language Editor
          </span>
        </h1>
        <p
          class="LanguageEditorTheme__paragraph"
          dir="ltr"
        >
          <span
            data-lexical-text="true"
          >
            This is a sample paragraph. You can edit, format, and add various types of content here.
          </span>
        </p>
      </div>
    </div>,
  },
  "provider": YjsDocProvider {
    "awareness": Awareness {
      "_checkInterval": 160,
      "_observers": Map {},
      "clientID": 3585787974,
      "doc": {
        "editorContent": "",
        "metadata": {},
      },
      "meta": Map {
        3585787974 => {
          "clock": 0,
          "lastUpdated": 1790417001116,
        },
      },
      "states": Map {
        3585787974 => {},
      },
    },
    "config": {
      "connect": false,
      "docName": "unit-null",
      "maxBackoffTime": 30000,
      "persistence": false,
      "resyncInterval": 5000,
      "wsUrl": "wss://j5eyo7cpia.execute-api.us-east-1.amazonaws.com/live",
    },
    "defaultConfig": {
      "connect": true,
      "maxBackoffTime": 30000,
      "persistence": true,
      "resyncInterval": 5000,
      "wsUrl": "wss://j5eyo7cpia.execute-api.us-east-1.amazonaws.com/live",
    },
    "docName": "unit-null",
    "hasLoggedConnectionError": false,
    "indexeddb": null,
    "lastStatusLog": "",
    "listeners": Map {
      "doc-reset" => Set {
        [Function handleDocReset],
      },
    },
    "resetCount": 0,
    "wsProvider": null,
    "ydoc": {
      "editorContent": "",
      "metadata": {},
    },
  },
  "username": "mock-user-sub",
}
[90mstdout[2m | src/components/Editor3/Editor.stories.jsx[2m > [22m[2mEditor With Content
[22m[39m[SectionContext] Section observeQuery update: 0
[90mstdout[2m | src/components/Editor3/Editor.stories.jsx[2m > [22m[2mEditor With Content
[22m[39m[FilesContext] File observeQuery update: 0 files
[90mstdout[2m | src/components/Editor3/Editor.stories.jsx[2m > [22m[2mEditor With Content
[22m[39m[ChatContext] AssistantChat initialized with 0 chats
[90mstdout[2m | src/components/Editor3/Editor.stories.jsx[2m > [22m[2mEditor With Content
[22m[39m[MOCK CourseVectorStore] Initialized with mock data
[90mstdout[2m | src/components/Editor3/Editor.stories.jsx[2m > [22m[2mEditor With Content
[22m[39m[Mock] CollaborationPlugin rendered with props: {
  "color": "#f59e0b",
  "cursorsContainerRef": {
    "current": <div
      class="jsx-9364b876b91d91fe collaboration-cursors-container"
      style="position: relative;"
    >
      <div
        aria-label="Edit"
        class="editor"
        contenteditable="true"
        data-lexical-editor="true"
        data-tour="editor"
        dir="ltr"
        role="textbox"
        spellcheck="true"
        style="max-width: 100%; outline: none; min-height: 100%; padding: 1rem 2rem 1rem 0.5rem; user-select: text; white-space: pre-wrap; word-break: break-word;"
      >
        <h1
          class="LanguageEditorTheme__h1"
          dir="ltr"
        >
          <span
            data-lexical-text="true"
          >
            Welcome to the Language Editor
          </span>
        </h1>
        <p
          class="LanguageEditorTheme__paragraph"
          dir="ltr"
        >
          <span
            data-lexical-text="true"
          >
            This is a sample paragraph. You can edit, format, and add various types of content here.
          </span>
        </p>
      </div>
    </div>,
  },
  "provider": YjsDocProvider {
    "awareness": Awareness {
      "_checkInterval": 160,
      "_observers": Map {},
      "clientID": 3585787974,
      "doc": {
        "editorContent": "",
        "metadata": {},
      },
      "meta": Map {
        3585787974 => {
          "clock": 0,
          "lastUpdated": 1790417001116,
        },
      },
      "states": Map {
        3585787974 => {},
      },
    },
    "config": {
      "connect": false,
      "docName": "unit-null",
      "maxBackoffTime": 30000,
      "persistence": false,
      "resyncInterval": 5000,
      "wsUrl": "wss://j5eyo7cpia.execute-api.us-east-1.amazonaws.com/live",
    },
    "defaultConfig": {
      "connect": true,
      "maxBackoffTime": 30000,
      "persistence": true,
      "resyncInterval": 5000,
      "wsUrl": "wss://j5eyo7cpia.execute-api.us-east-1.amazonaws.com/live",
    },
    "docName": "unit-null",
    "hasLoggedConnectionError": false,
    "indexeddb": null,
    "lastStatusLog": "",
    "listeners": Map {
      "doc-reset" => Set {
        [Function handleDocReset],
      },
    },
    "resetCount": 0,
    "wsProvider": null,
    "ydoc": {
      "editorContent": "",
      "metadata": {},
    },
  },
  "username": "mock-user-sub",
}
[90mstdout[2m | src/components/Editor3/Editor.stories.jsx[2m > [22m[2mEditor With Content
[22m[39m[FileManager2] Files received from context: 0 []
[90mstdout[2m | src/components/Editor3/Editor.stories.jsx[2m > [22m[2mEditor With Content
[22m[39m[ChatContext] No current chat available, will create one
[90mstdout[2m | src/components/Editor3/Editor.stories.jsx[2m > [22m[2mEditor With Content
[22m[39m[ChatContext] Creating AssistantChat with user: undefined
[90mstdout[2m | src/components/Editor3/Editor.stories.jsx[2m > [22m[2mEditor With Content
[22m[39m[Mock Data] AssistantChat created: mock-assistantchat-1790417003913 - notified 1 subscribers
[90mstdout[2m | src/components/Gamification/__tests__/SkillTree.test.tsx
[22m[39m✓ Loaded .env.test

[90mstdout[2m | src/components/Editor3/Editor.stories.jsx[2m > [22m[2mEditor With Content
[22m[39m[Mock] CollaborationPlugin rendered with props: {
  "color": "#f59e0b",
  "cursorsContainerRef": {
    "current": <div
      class="jsx-9364b876b91d91fe collaboration-cursors-container"
      style="position: relative;"
    >
      <div
        aria-label="Edit"
        class="editor"
        contenteditable="true"
        data-lexical-editor="true"
        data-tour="editor"
        dir="ltr"
        role="textbox"
        spellcheck="true"
        style="max-width: 100%; outline: none; min-height: 100%; padding: 1rem 2rem 1rem 0.5rem; user-select: text; white-space: pre-wrap; word-break: break-word;"
      >
        <h1
          class="LanguageEditorTheme__h1"
          dir="ltr"
        >
          <span
            data-lexical-text="true"
          >
            Welcome to the Language Editor
          </span>
        </h1>
        <p
          class="LanguageEditorTheme__paragraph"
          dir="ltr"
        >
          <span
            data-lexical-text="true"
          >
            This is a sample paragraph. You can edit, format, and add various types of content here.
          </span>
        </p>
      </div>
    </div>,
  },
  "provider": YjsDocProvider {
    "awareness": Awareness {
      "_checkInterval": 160,
      "_observers": Map {},
      "clientID": 3585787974,
      "doc": {
        "editorContent": "",
        "metadata": {},
      },
      "meta": Map {
        3585787974 => {
          "clock": 0,
          "lastUpdated": 1790417001116,
        },
      },
      "states": Map {
        3585787974 => {},
      },
    },
    "config": {
      "connect": false,
      "docName": "unit-null",
      "maxBackoffTime": 30000,
      "persistence": false,
      "resyncInterval": 5000,
      "wsUrl": "wss://j5eyo7cpia.execute-api.us-east-1.amazonaws.com/live",
    },
    "defaultConfig": {
      "connect": true,
      "maxBackoffTime": 30000,
      "persistence": true,
      "resyncInterval": 5000,
      "wsUrl": "wss://j5eyo7cpia.execute-api.us-east-1.amazonaws.com/live",
    },
    "docName": "unit-null",
    "hasLoggedConnectionError": false,
    "indexeddb": null,
    "lastStatusLog": "",
    "listeners": Map {
      "doc-reset" => Set {
        [Function handleDocReset],
      },
    },
    "resetCount": 0,
    "wsProvider": null,
    "ydoc": {
      "editorContent": "",
      "metadata": {},
    },
  },
  "username": "mock-user-sub",
}
[90mstdout[2m | src/components/Editor3/Editor.stories.jsx[2m > [22m[2mEditor With Content
[22m[39m[ChatContext] Create result: {
  "data": {
    "_version": 1,
    "archived": false,
    "chatFiles": [Function anonymous],
    "createdAt": "2026-09-26T10:03:23.913Z",
    "id": "mock-assistantchat-1790417003913",
    "model": "gpt-4",
    "updatedAt": "2026-09-26T10:03:23.913Z",
  },
  "errors": [],
  "hasData": true,
  "hasErrors": true,
}
[90mstdout[2m | src/components/Editor3/Editor.stories.jsx[2m > [22m[2mEditor With Content
[22m[39m[ChatContext] Created AssistantChat: mock-assistantchat-1790417003913 at: 2026-09-26T10:03:23.913Z
[90mstdout[2m | src/components/Editor3/Editor.stories.jsx[2m > [22m[2mEditor With Content
[22m[39m[Mock Storage] downloadData called with: undefined
[90mstdout[2m | src/components/Editor3/Editor.stories.jsx[2m > [22m[2mEditor With Content
[22m[39m[ChatContext] Setting initial chat: mock-assistantchat-1790417003913
[90mstdout[2m | src/components/Editor3/Editor.stories.jsx[2m > [22m[2mEditor With Content
[22m[39m[Mock] CollaborationPlugin rendered with props: {
  "color": "#f59e0b",
  "cursorsContainerRef": {
    "current": <div
      class="jsx-9364b876b91d91fe collaboration-cursors-container"
      style="position: relative;"
    >
      <div
        aria-label="Edit"
        class="editor"
        contenteditable="true"
        data-lexical-editor="true"
        data-tour="editor"
        dir="ltr"
        role="textbox"
        spellcheck="true"
        style="max-width: 100%; outline: none; min-height: 100%; padding: 1rem 2rem 1rem 0.5rem; user-select: text; white-space: pre-wrap; word-break: break-word;"
      >
        <h1
          class="LanguageEditorTheme__h1"
          dir="ltr"
        >
          <span
            data-lexical-text="true"
          >
            Welcome to the Language Editor
          </span>
        </h1>
        <p
          class="LanguageEditorTheme__paragraph"
          dir="ltr"
        >
          <span
            data-lexical-text="true"
          >
            This is a sample paragraph. You can edit, format, and add various types of content here.
          </span>
        </p>
      </div>
    </div>,
  },
  "provider": YjsDocProvider {
    "awareness": Awareness {
      "_checkInterval": 160,
      "_observers": Map {},
      "clientID": 3585787974,
      "doc": {
        "editorContent": "",
        "metadata": {},
      },
      "meta": Map {
        3585787974 => {
          "clock": 0,
          "lastUpdated": 1790417001116,
        },
      },
      "states": Map {
        3585787974 => {},
      },
    },
    "config": {
      "connect": false,
      "docName": "unit-null",
      "maxBackoffTime": 30000,
      "persistence": false,
      "resyncInterval": 5000,
      "wsUrl": "wss://j5eyo7cpia.execute-api.us-east-1.amazonaws.com/live",
    },
    "defaultConfig": {
      "connect": true,
      "maxBackoffTime": 30000,
      "persistence": true,
      "resyncInterval": 5000,
      "wsUrl": "wss://j5eyo7cpia.execute-api.us-east-1.amazonaws.com/live",
    },
    "docName": "unit-null",
    "hasLoggedConnectionError": false,
    "indexeddb": null,
    "lastStatusLog": "",
    "listeners": Map {
      "doc-reset" => Set {
        [Function handleDocReset],
      },
    },
    "resetCount": 0,
    "wsProvider": null,
    "ydoc": {
      "editorContent": "",
      "metadata": {},
    },
  },
  "username": "mock-user-sub",
}
[90mstdout[2m | src/components/Editor3/Editor.stories.jsx[2m > [22m[2mEditor With Content
[22m[39m[ChatSidebar] Loading messages for chat: mock-assistantchat-1790417003913 count: 0
[90mstdout[2m | src/components/Editor3/Editor.stories.jsx[2m > [22m[2mEditor With Content
[22m[39m[ChatSidebar] deepCloneMessages: returning empty array
[90mstdout[2m | src/components/Editor3/Editor.stories.jsx[2m > [22m[2mEditor With Content
[22m[39m[ChatContext] Chat exists and not archived, skipping creation
[90mstdout[2m | src/components/Editor3/Editor.stories.jsx[2m > [22m[2mEditor With Content
[22m[39mfetchSuggestion called with prompt: This is a sample paragraph. You can edit, format, and add various types of content here.
[90mstdout[2m | src/components/Editor3/Editor.stories.jsx[2m > [22m[2mEditor With Content
[22m[39mMaking API call to /api/content-completion...
[90mstdout[2m | src/components/Editor3/Editor.stories.jsx[2m > [22m[2mEditor With Content
[22m[39m[Mock Fetch] Intercepted /api/content-completion
[90mstdout[2m | src/components/Editor3/Editor.stories.jsx[2m > [22m[2mEditor With Content
[22m[39m[Editor onChange] State changed, saving
[90mstdout[2m | src/components/Editor3/Editor.stories.jsx[2m > [22m[2mEditor With Content
[22m[39mStarting to stream response...
[90mstdout[2m | src/components/Editor3/Editor.stories.jsx[2m > [22m[2mEditor With Content
[22m[39mStreaming chunk, total length: 5
[90mstdout[2m | src/components/Editor3/Editor.stories.jsx[2m > [22m[2mEditor With Content
[22m[39mupdateSuggestion called with text: This 
[90mstdout[2m | src/components/Editor3/Editor.stories.jsx[2m > [22m[2mEditor With Content
[22m[39mReplacing existing node with suggestion
[90mstdout[2m | src/components/Editor3/Editor.stories.jsx[2m > [22m[2mEditor With Content
[22m[39mAIContentSuggestionComponent rendering with suggestion: This 
[90mstdout[2m | src/components/Editor3/Editor.stories.jsx[2m > [22m[2mEditor With Content
[22m[39mStreaming chunk, total length: 8
[90mstdout[2m | src/components/Editor3/Editor.stories.jsx[2m > [22m[2mEditor With Content
[22m[39mupdateSuggestion called with text: This is 
[90mstdout[2m | src/components/Editor3/Editor.stories.jsx[2m > [22m[2mEditor With Content
[22m[39mUpdating existing suggestion node in place
[90mstdout[2m | src/components/Editor3/Editor.stories.jsx[2m > [22m[2mEditor With Content
[22m[39mAIContentSuggestionComponent rendering with suggestion: This is 
[90mstdout[2m | src/components/Editor3/Editor.stories.jsx[2m > [22m[2mEditor With Content
[22m[39m[Editor onChange] State changed, saving
[90mstdout[2m | src/components/Editor3/Editor.stories.jsx[2m > [22m[2mEditor With Content
[22m[39mStreaming chunk, total length: 10
[90mstdout[2m | src/components/Editor3/Editor.stories.jsx[2m > [22m[2mEditor With Content
[22m[39mupdateSuggestion called with text: This is a 
[90mstdout[2m | src/components/Editor3/Editor.stories.jsx[2m > [22m[2mEditor With Content
[22m[39mUpdating existing suggestion node in place
[90mstdout[2m | src/components/Editor3/Editor.stories.jsx[2m > [22m[2mEditor With Content
[22m[39mAIContentSuggestionComponent rendering with suggestion: This is a 
[90mstdout[2m | src/components/Editor3/Editor.stories.jsx[2m > [22m[2mEditor With Content
[22m[39m[Editor onChange] Skipping save - no changes detected
 [32m✓[39m [30m[42m unit [49m[39m src/components/Gamification/__tests__/SkillTree.test.tsx [2m([22m[2m10 tests[22m[2m)[22m[33m 411[2mms[22m[39m
[90mstdout[2m | src/components/Editor3/Editor.stories.jsx[2m > [22m[2mKeyboard Shortcuts Test
[22m[39mStreaming chunk, total length: 17
[90mstdout[2m | src/components/Editor3/Editor.stories.jsx[2m > [22m[2mKeyboard Shortcuts Test
[22m[39mupdateSuggestion called with text: This is a sample 
[90mstdout[2m | src/components/Editor3/Editor.stories.jsx[2m > [22m[2mKeyboard Shortcuts Test
[22m[39mUpdating existing suggestion node in place
[90mstdout[2m | src/components/Editor3/Editor.stories.jsx[2m > [22m[2mKeyboard Shortcuts Test
[22m[39mAIContentSuggestionComponent rendering with suggestion: This is a sample 
[90mstdout[2m | src/components/Editor3/Editor.stories.jsx[2m > [22m[2mKeyboard Shortcuts Test
[22m[39m[Editor onChange] Skipping save - no changes detected
[90mstdout[2m | src/components/Editor3/Editor.stories.jsx[2m > [22m[2mKeyboard Shortcuts Test
[22m[39mStreaming chunk, total length: 27
[90mstdout[2m | src/components/Editor3/Editor.stories.jsx[2m > [22m[2mKeyboard Shortcuts Test
[22m[39mupdateSuggestion called with text: This is a sample paragraph 
[90mstdout[2m | src/components/Editor3/Editor.stories.jsx[2m > [22m[2mKeyboard Shortcuts Test
[22m[39mUpdating existing suggestion node in place
[90mstdout[2m | src/components/Editor3/Editor.stories.jsx[2m > [22m[2mKeyboard Shortcuts Test
[22m[39mAIContentSuggestionComponent rendering with suggestion: This is a sample paragraph 
[90mstdout[2m | src/components/Editor3/Editor.stories.jsx[2m > [22m[2mKeyboard Shortcuts Test
[22m[39m[Editor onChange] Skipping save - no changes detected
[90mstdout[2m | src/components/Editor3/Editor.stories.jsx[2m > [22m[2mKeyboard Shortcuts Test
[22m[39mStreaming chunk, total length: 33
[90mstdout[2m | src/components/Editor3/Editor.stories.jsx[2m > [22m[2mKeyboard Shortcuts Test
[22m[39mupdateSuggestion called with text: This is a sample paragraph about 
[90mstdout[2m | src/components/Editor3/Editor.stories.jsx[2m > [22m[2mKeyboard Shortcuts Test
[22m[39mUpdating existing suggestion node in place
[90mstdout[2m | src/components/Editor3/Editor.stories.jsx[2m > [22m[2mKeyboard Shortcuts Test
[22m[39mAIContentSuggestionComponent rendering with suggestion: This is a sample paragraph about 
[90mstdout[2m | src/components/Editor3/Editor.stories.jsx[2m > [22m[2mKeyboard Shortcuts Test
[22m[39m[ChatContext] Cleaning up subscriptions
[90mstdout[2m | src/components/Editor3/Editor.stories.jsx[2m > [22m[2mKeyboard Shortcuts Test
[22m[39m[Mock Data] Unit.onUpdate() subscription removed. Remaining: 0
[90mstdout[2m | src/components/Editor3/Editor.stories.jsx[2m > [22m[2mKeyboard Shortcuts Test
[22m[39m[useChatPageContext] Cleaning up page context
[90mstdout[2m | src/components/Editor3/Editor.stories.jsx[2m > [22m[2mKeyboard Shortcuts Test
[22m[39m[chatTools] Vector store search function registered: false
[90mstdout[2m | src/components/Editor3/Editor.stories.jsx[2m > [22m[2mKeyboard Shortcuts Test
[22m[39m[chatTools] Practice drill callback registered: false
[90mstdout[2m | src/components/Editor3/Editor.stories.jsx[2m > [22m[2mKeyboard Shortcuts Test
[22m[39m[Preview] Skipped initializing default mock data (initializeMockData=false)
[90mstdout[2m | src/components/Editor3/Editor.stories.jsx[2m > [22m[2mKeyboard Shortcuts Test
[22m[39m[Mock Data] seedMockUnit: Adding unit keyboard-shortcuts-test-id
[90mstdout[2m | src/components/Editor3/Editor.stories.jsx[2m > [22m[2mKeyboard Shortcuts Test
[22m[39mStreaming chunk, total length: 42
[90mstdout[2m | src/components/Editor3/Editor.stories.jsx[2m > [22m[2mKeyboard Shortcuts Test
[22m[39mupdateSuggestion called with text: This is a sample paragraph about Japanese 
[90mstdout[2m | src/components/Editor3/Editor.stories.jsx[2m > [22m[2mKeyboard Shortcuts Test
[22m[39mUpdating existing suggestion node in place
[90mstdout[2m | src/components/Editor3/Editor.stories.jsx[2m > [22m[2mKeyboard Shortcuts Test
[22m[39m[MOCK CourseVectorStore] Initialized with mock data
[90mstdout[2m | src/components/Editor3/Editor.stories.jsx[2m > [22m[2mKeyboard Shortcuts Test
[22m[39m[useTabState] Initialized with: {
  "leftOpen": false,
  "leftTab": 4,
  "leftWidth": 350,
  "rightOpen": false,
  "rightTab": 5,
  "rightWidth": 350,
} from URL: {} localStorage: null defaults: {
  "defaultLeftTab": 4,
  "defaultRightTab": 5,
}
[90mstdout[2m | src/components/Editor3/Editor.stories.jsx[2m > [22m[2mKeyboard Shortcuts Test
[22m[39m[FileManager2] Files received from context: 0 []
[90mstdout[2m | src/components/Editor3/Editor.stories.jsx[2m > [22m[2mKeyboard Shortcuts Test
[22m[39m[FileManager2] Upload useEffect triggered. filesToUpload: 0 uploadInProgress: false
[90mstdout[2m | src/components/Editor3/Editor.stories.jsx[2m > [22m[2mKeyboard Shortcuts Test
[22m[39m[FileManager2] Skipping upload - no files or already in progress
[90mstdout[2m | src/components/Editor3/Editor.stories.jsx[2m > [22m[2mKeyboard Shortcuts Test
[22m[39m[chatTools] Vector store search function registered: true
[90mstdout[2m | src/components/Editor3/Editor.stories.jsx[2m > [22m[2mKeyboard Shortcuts Test
[22m[39m[ChatSidebar] Registered vector store search, isReady: false
[90mstdout[2m | src/components/Editor3/Editor.stories.jsx[2m > [22m[2mKeyboard Shortcuts Test
[22m[39m[chatTools] Practice drill callback registered: true
[90mstdout[2m | src/components/Editor3/Editor.stories.jsx[2m > [22m[2mKeyboard Shortcuts Test
[22m[39m[useChatPageContext] Registering page context: {
  "dictionaryCount": 0,
  "filesCount": 0,
  "hasEditorRef": true,
  "hasUnit": true,
  "hasVectorStoreSearch": true,
  "questionsCount": 0,
  "sectionsCount": 0,
}
[90mstdout[2m | src/components/Editor3/Editor.stories.jsx[2m > [22m[2mKeyboard Shortcuts Test
[22m[39m[TranslationModeController] Setting mode to: off
[90mstdout[2m | src/components/Editor3/Editor.stories.jsx[2m > [22m[2mKeyboard Shortcuts Test
[22m[39m[UnitContext] useEffect triggered {
  "authLoading": false,
  "hasUser": true,
  "id": "keyboard-shortcuts-test-id",
  "userSub": "mock-user-sub",
}
[90mstdout[2m | src/components/Editor3/Editor.stories.jsx[2m > [22m[2mKeyboard Shortcuts Test
[22m[39m[UnitContext] Fetching unit data for id: keyboard-shortcuts-test-id
[90mstdout[2m | src/components/Editor3/Editor.stories.jsx[2m > [22m[2mKeyboard Shortcuts Test
[22m[39m[FilesContext] Initializing vector store from IndexedDB
[90mstdout[2m | src/components/Editor3/Editor.stories.jsx[2m > [22m[2mKeyboard Shortcuts Test
[22m[39m[FilesContext] fetchFiles called
[90mstdout[2m | src/components/Editor3/Editor.stories.jsx[2m > [22m[2mKeyboard Shortcuts Test
[22m[39m[FilesContext] User authenticated: mock-user-sub
[90mstdout[2m | src/components/Editor3/Editor.stories.jsx[2m > [22m[2mKeyboard Shortcuts Test
[22m[39m[FilesContext] Identity ID: us-east-1:mock-identity-123
[90mstdout[2m | src/components/Editor3/Editor.stories.jsx[2m > [22m[2mKeyboard Shortcuts Test
[22m[39m[FilesContext] About to set up File observeQuery
[90mstdout[2m | src/components/Editor3/Editor.stories.jsx[2m > [22m[2mKeyboard Shortcuts Test
[22m[39m[ChatContext] Setting up AssistantChat observeQuery
[90mstdout[2m | src/components/Editor3/Editor.stories.jsx[2m > [22m[2mKeyboard Shortcuts Test
[22m[39m[ChatContext] Waiting for subscription to initialize
[90mstdout[2m | src/components/Editor3/Editor.stories.jsx[2m > [22m[2mKeyboard Shortcuts Test
[22m[39m[SettingsContext] Setting up Settings subscription for user: mock-user-sub
[90mstdout[2m | src/components/Editor3/Editor.stories.jsx[2m > [22m[2mKeyboard Shortcuts Test
[22m[39m[useChatPageContext] Cleaning up page context
[90mstdout[2m | src/components/Editor3/Editor.stories.jsx[2m > [22m[2mKeyboard Shortcuts Test
[22m[39m[useChatPageContext] Registering page context: {
  "dictionaryCount": 0,
  "filesCount": 0,
  "hasEditorRef": true,
  "hasUnit": true,
  "hasVectorStoreSearch": true,
  "questionsCount": 0,
  "sectionsCount": 0,
}
[90mstdout[2m | src/components/Editor3/Editor.stories.jsx[2m > [22m[2mKeyboard Shortcuts Test
[22m[39m[Editor onChange] Skipping save - no initial state loaded yet
[90mstdout[2m | src/components/Editor3/Editor.stories.jsx[2m > [22m[2mKeyboard Shortcuts Test
[22m[39m[Mock Data] Settings created: mock-settings-1790417006912 - notified 0 subscribers
[90mstdout[2m | src/components/Editor3/Editor.stories.jsx[2m > [22m[2mKeyboard Shortcuts Test
[22m[39m[Mock Data] Unit.onUpdate() subscription added. Total: 1
[90mstdout[2m | src/components/Editor3/Editor.stories.jsx[2m > [22m[2mKeyboard Shortcuts Test
[22m[39m[Mock] CollaborationPlugin rendered with props: {
  "color": "#f59e0b",
  "cursorsContainerRef": {
    "current": <div
      class="jsx-9364b876b91d91fe collaboration-cursors-container"
      style="position: relative;"
    >
      <div
        aria-label="Edit"
        class="editor"
        contenteditable="true"
        data-lexical-editor="true"
        data-tour="editor"
        role="textbox"
        spellcheck="true"
        style="max-width: 100%; outline: none; min-height: 100%; padding: 1rem 2rem 1rem 0.5rem; user-select: text; white-space: pre-wrap; word-break: break-word;"
      />
      <div
        class="jsx-e404209429cec6f3 editor-placeholder"
      >
        Start typing or use the toolbar above to add content...
      </div>
    </div>,
  },
  "provider": YjsDocProvider {
    "awareness": Awareness {
      "_checkInterval": 332,
      "_observers": Map {},
      "clientID": 1611400185,
      "doc": {
        "editorContent": "",
        "metadata": {},
      },
      "meta": Map {
        1611400185 => {
          "clock": 0,
          "lastUpdated": 1790417005956,
        },
      },
      "states": Map {
        1611400185 => {},
      },
    },
    "config": {
      "connect": false,
      "docName": "unit-null",
      "maxBackoffTime": 30000,
      "persistence": false,
      "resyncInterval": 5000,
      "wsUrl": "wss://j5eyo7cpia.execute-api.us-east-1.amazonaws.com/live",
    },
    "defaultConfig": {
      "connect": true,
      "maxBackoffTime": 30000,
      "persistence": true,
      "resyncInterval": 5000,
      "wsUrl": "wss://j5eyo7cpia.execute-api.us-east-1.amazonaws.com/live",
    },
    "docName": "unit-null",
    "hasLoggedConnectionError": false,
    "indexeddb": null,
    "lastStatusLog": "",
    "listeners": Map {
      "doc-reset" => Set {
        [Function handleDocReset],
      },
    },
    "resetCount": 0,
    "wsProvider": null,
    "ydoc": {
      "editorContent": "",
      "metadata": {},
    },
  },
  "username": "mock-user-sub",
}
[90mstdout[2m | src/components/Editor3/Editor.stories.jsx[2m > [22m[2mKeyboard Shortcuts Test
[22m[39m[Editor onChange] Skipping save due to tags: [
  "history-merge",
]
[90mstdout[2m | src/components/Editor3/Editor.stories.jsx[2m > [22m[2mKeyboard Shortcuts Test
[22m[39m[chatTools] Vector store search function registered: false
[90mstdout[2m | src/components/Editor3/Editor.stories.jsx[2m > [22m[2mKeyboard Shortcuts Test
[22m[39m[chatTools] Practice drill callback registered: false
[90mstdout[2m | src/components/Editor3/Editor.stories.jsx[2m > [22m[2mKeyboard Shortcuts Test
[22m[39m[useChatPageContext] Cleaning up page context
[90mstdout[2m | src/components/Editor3/Editor.stories.jsx[2m > [22m[2mKeyboard Shortcuts Test
[22m[39m[FileManager2] Files received from context: 0 []
[90mstdout[2m | src/components/Editor3/Editor.stories.jsx[2m > [22m[2mKeyboard Shortcuts Test
[22m[39m[FileManager2] Upload useEffect triggered. filesToUpload: 0 uploadInProgress: false
[90mstdout[2m | src/components/Editor3/Editor.stories.jsx[2m > [22m[2mKeyboard Shortcuts Test
[22m[39m[FileManager2] Skipping upload - no files or already in progress
[90mstdout[2m | src/components/Editor3/Editor.stories.jsx[2m > [22m[2mKeyboard Shortcuts Test
[22m[39m[chatTools] Vector store search function registered: true
[90mstdout[2m | src/components/Editor3/Editor.stories.jsx[2m > [22m[2mKeyboard Shortcuts Test
[22m[39m[ChatSidebar] Registered vector store search, isReady: false
[90mstdout[2m | src/components/Editor3/Editor.stories.jsx[2m > [22m[2mKeyboard Shortcuts Test
[22m[39m[chatTools] Practice drill callback registered: true
[90mstdout[2m | src/components/Editor3/Editor.stories.jsx[2m > [22m[2mKeyboard Shortcuts Test
[22m[39m[useChatPageContext] Registering page context: {
  "dictionaryCount": 0,
  "filesCount": 0,
  "hasEditorRef": true,
  "hasUnit": true,
  "hasVectorStoreSearch": true,
  "questionsCount": 0,
  "sectionsCount": 0,
}
[90mstdout[2m | src/components/Editor3/Editor.stories.jsx[2m > [22m[2mKeyboard Shortcuts Test
[22m[39m[Mock] CollaborationPlugin rendered with props: {
  "color": "#f59e0b",
  "cursorsContainerRef": {
    "current": <div
      class="jsx-9364b876b91d91fe collaboration-cursors-container"
      style="position: relative;"
    >
      <div
        aria-label="Edit"
        autocapitalize="off"
        class="editor"
        contenteditable="true"
        data-lexical-editor="true"
        data-tour="editor"
        role="textbox"
        spellcheck="true"
        style="max-width: 100%; outline: none; min-height: 100%; padding: 1rem 2rem 1rem 0.5rem; user-select: text; white-space: pre-wrap; word-break: break-word;"
      />
      <div
        class="jsx-e404209429cec6f3 editor-placeholder"
      >
        Start typing or use the toolbar above to add content...
      </div>
    </div>,
  },
  "provider": YjsDocProvider {
    "awareness": Awareness {
      "_checkInterval": 332,
      "_observers": Map {},
      "clientID": 1611400185,
      "doc": {
        "editorContent": "",
        "metadata": {},
      },
      "meta": Map {
        1611400185 => {
          "clock": 0,
          "lastUpdated": 1790417005956,
        },
      },
      "states": Map {
        1611400185 => {},
      },
    },
    "config": {
      "connect": false,
      "docName": "unit-null",
      "maxBackoffTime": 30000,
      "persistence": false,
      "resyncInterval": 5000,
      "wsUrl": "wss://j5eyo7cpia.execute-api.us-east-1.amazonaws.com/live",
    },
    "defaultConfig": {
      "connect": true,
      "maxBackoffTime": 30000,
      "persistence": true,
      "resyncInterval": 5000,
      "wsUrl": "wss://j5eyo7cpia.execute-api.us-east-1.amazonaws.com/live",
    },
    "docName": "unit-null",
    "hasLoggedConnectionError": false,
    "indexeddb": null,
    "lastStatusLog": "",
    "listeners": Map {
      "doc-reset" => Set {
        [Function handleDocReset],
      },
    },
    "resetCount": 0,
    "wsProvider": null,
    "ydoc": {
      "editorContent": "",
      "metadata": {},
    },
  },
  "username": "mock-user-sub",
}
[90mstdout[2m | src/components/Editor3/Editor.stories.jsx[2m > [22m[2mKeyboard Shortcuts Test
[22m[39m[useChatPageContext] Cleaning up page context
[90mstdout[2m | src/components/Editor3/Editor.stories.jsx[2m > [22m[2mKeyboard Shortcuts Test
[22m[39m[useChatPageContext] Registering page context: {
  "dictionaryCount": 0,
  "filesCount": 0,
  "hasEditorRef": true,
  "hasUnit": true,
  "hasVectorStoreSearch": true,
  "questionsCount": 0,
  "sectionsCount": 0,
}
[90mstdout[2m | src/components/Editor3/Editor.stories.jsx[2m > [22m[2mKeyboard Shortcuts Test
[22m[39m[Mock] CollaborationPlugin rendered with props: {
  "color": "#f59e0b",
  "cursorsContainerRef": {
    "current": <div
      class="jsx-9364b876b91d91fe collaboration-cursors-container"
      style="position: relative;"
    >
      <div
        aria-label="Edit"
        autocapitalize="off"
        class="editor"
        contenteditable="true"
        data-lexical-editor="true"
        data-tour="editor"
        role="textbox"
        spellcheck="true"
        style="max-width: 100%; outline: none; min-height: 100%; padding: 1rem 2rem 1rem 0.5rem; user-select: text; white-space: pre-wrap; word-break: break-word;"
      />
      <div
        class="jsx-e404209429cec6f3 editor-placeholder"
      >
        Start typing or use the toolbar above to add content...
      </div>
    </div>,
  },
  "provider": YjsDocProvider {
    "awareness": Awareness {
      "_checkInterval": 332,
      "_observers": Map {},
      "clientID": 1611400185,
      "doc": {
        "editorContent": "",
        "metadata": {},
      },
      "meta": Map {
        1611400185 => {
          "clock": 0,
          "lastUpdated": 1790417005956,
        },
      },
      "states": Map {
        1611400185 => {},
      },
    },
    "config": {
      "connect": false,
      "docName": "unit-null",
      "maxBackoffTime": 30000,
      "persistence": false,
      "resyncInterval": 5000,
      "wsUrl": "wss://j5eyo7cpia.execute-api.us-east-1.amazonaws.com/live",
    },
    "defaultConfig": {
      "connect": true,
      "maxBackoffTime": 30000,
      "persistence": true,
      "resyncInterval": 5000,
      "wsUrl": "wss://j5eyo7cpia.execute-api.us-east-1.amazonaws.com/live",
    },
    "docName": "unit-null",
    "hasLoggedConnectionError": false,
    "indexeddb": null,
    "lastStatusLog": "",
    "listeners": Map {
      "doc-reset" => Set {
        [Function handleDocReset],
      },
    },
    "resetCount": 0,
    "wsProvider": null,
    "ydoc": {
      "editorContent": "",
      "metadata": {},
    },
  },
  "username": "mock-user-sub",
}
[90mstdout[2m | src/components/Editor3/Editor.stories.jsx[2m > [22m[2mKeyboard Shortcuts Test
[22m[39m[Editor onChange] Skipping save - no initial state loaded yet
[90mstdout[2m | src/components/Editor3/Editor.stories.jsx[2m > [22m[2mKeyboard Shortcuts Test
[22m[39m[Mock] CollaborationPlugin rendered with props: {
  "color": "#f59e0b",
  "cursorsContainerRef": {
    "current": <div
      class="jsx-9364b876b91d91fe collaboration-cursors-container"
      style="position: relative;"
    >
      <div
        aria-label="Edit"
        class="editor"
        contenteditable="true"
        data-lexical-editor="true"
        data-tour="editor"
        role="textbox"
        spellcheck="true"
        style="max-width: 100%; outline: none; min-height: 100%; padding: 1rem 2rem 1rem 0.5rem; user-select: text; white-space: pre-wrap; word-break: break-word;"
      />
      <div
        class="jsx-e404209429cec6f3 editor-placeholder"
      >
        Start typing or use the toolbar above to add content...
      </div>
    </div>,
  },
  "provider": YjsDocProvider {
    "awareness": Awareness {
      "_checkInterval": 332,
      "_observers": Map {},
      "clientID": 1611400185,
      "doc": {
        "editorContent": "",
        "metadata": {},
      },
      "meta": Map {
        1611400185 => {
          "clock": 0,
          "lastUpdated": 1790417005956,
        },
      },
      "states": Map {
        1611400185 => {},
      },
    },
    "config": {
      "connect": false,
      "docName": "unit-null",
      "maxBackoffTime": 30000,
      "persistence": false,
      "resyncInterval": 5000,
      "wsUrl": "wss://j5eyo7cpia.execute-api.us-east-1.amazonaws.com/live",
    },
    "defaultConfig": {
      "connect": true,
      "maxBackoffTime": 30000,
      "persistence": true,
      "resyncInterval": 5000,
      "wsUrl": "wss://j5eyo7cpia.execute-api.us-east-1.amazonaws.com/live",
    },
    "docName": "unit-null",
    "hasLoggedConnectionError": false,
    "indexeddb": null,
    "lastStatusLog": "",
    "listeners": Map {
      "doc-reset" => Set {
        [Function handleDocReset],
      },
    },
    "resetCount": 0,
    "wsProvider": null,
    "ydoc": {
      "editorContent": "",
      "metadata": {},
    },
  },
  "username": "mock-user-sub",
}
[90mstdout[2m | src/components/Editor3/Editor.stories.jsx[2m > [22m[2mKeyboard Shortcuts Test
[22m[39mStreaming chunk, total length: 52
[90mstdout[2m | src/components/Editor3/Editor.stories.jsx[2m > [22m[2mKeyboard Shortcuts Test
[22m[39mupdateSuggestion called with text: This is a sample paragraph about Japanese language. 
[90mstdout[2m | src/components/Editor3/Editor.stories.jsx[2m > [22m[2mKeyboard Shortcuts Test
[22m[39mUpdating existing suggestion node in place
[90mstdout[2m | src/components/Editor3/Editor.stories.jsx[2m > [22m[2mKeyboard Shortcuts Test
[22m[39m[SectionContext] Section observeQuery update: 0
[90mstdout[2m | src/components/Editor3/Editor.stories.jsx[2m > [22m[2mKeyboard Shortcuts Test
[22m[39m[FilesContext] File observeQuery update: 0 files
[90mstdout[2m | src/components/Editor3/Editor.stories.jsx[2m > [22m[2mKeyboard Shortcuts Test
[22m[39m[ChatContext] AssistantChat initialized with 0 chats
[90mstdout[2m | src/components/Editor3/Editor.stories.jsx[2m > [22m[2mKeyboard Shortcuts Test
[22m[39mfetchSuggestion called with prompt: This is a sample paragraph. You can edit, format, and add various types of content here.
[90mstdout[2m | src/components/Editor3/Editor.stories.jsx[2m > [22m[2mKeyboard Shortcuts Test
[22m[39mMaking API call to /api/content-completion...
[90mstdout[2m | src/components/Editor3/Editor.stories.jsx[2m > [22m[2mKeyboard Shortcuts Test
[22m[39m[Mock Fetch] Intercepted /api/content-completion
[90mstdout[2m | src/components/Editor3/Editor.stories.jsx[2m > [22m[2mKeyboard Shortcuts Test
[22m[39mStarting to stream response...
[90mstdout[2m | src/components/Editor3/Editor.stories.jsx[2m > [22m[2mKeyboard Shortcuts Test
[22m[39m[Mock Storage] uploadData called with: {
  "key": undefined,
  "options": {
    "contentType": "application/json",
  },
  "path": "protected/undefined/units/editor-with-content-id/draft.json",
}
 [32m✓[39m [30m[42m unit [49m[39m src/components/Editor3/components/__tests__/GradeHistory.test.tsx [2m([22m[2m13 tests[22m[2m)[22m[33m 2124[2mms[22m[39m
       [33m[2m✓[22m[39m calculates average accuracy [33m 635[2mms[22m[39m
       [33m[2m✓[22m[39m shows attempt count [33m 440[2mms[22m[39m
[90mstdout[2m | src/components/Editor3/Editor.stories.jsx[2m > [22m[2mKeyboard Shortcuts Test
[22m[39m[MOCK CourseVectorStore] Initialized with mock data
[90mstdout[2m | src/components/Editor3/Editor.stories.jsx[2m > [22m[2mKeyboard Shortcuts Test
[22m[39m[Mock] CollaborationPlugin rendered with props: {
  "color": "#f59e0b",
  "cursorsContainerRef": {
    "current": <div
      class="jsx-9364b876b91d91fe collaboration-cursors-container"
      style="position: relative;"
    >
      <div
        aria-label="Edit"
        class="editor"
        contenteditable="true"
        data-lexical-editor="true"
        data-tour="editor"
        role="textbox"
        spellcheck="true"
        style="max-width: 100%; outline: none; min-height: 100%; padding: 1rem 2rem 1rem 0.5rem; user-select: text; white-space: pre-wrap; word-break: break-word;"
      />
      <div
        class="jsx-e404209429cec6f3 editor-placeholder"
      >
        Start typing or use the toolbar above to add content...
      </div>
    </div>,
  },
  "provider": YjsDocProvider {
    "awareness": Awareness {
      "_checkInterval": 332,
      "_observers": Map {},
      "clientID": 1611400185,
      "doc": {
        "editorContent": "",
        "metadata": {},
      },
      "meta": Map {
        1611400185 => {
          "clock": 0,
          "lastUpdated": 1790417005956,
        },
      },
      "states": Map {
        1611400185 => {},
      },
    },
    "config": {
      "connect": false,
      "docName": "unit-null",
      "maxBackoffTime": 30000,
      "persistence": false,
      "resyncInterval": 5000,
      "wsUrl": "wss://j5eyo7cpia.execute-api.us-east-1.amazonaws.com/live",
    },
    "defaultConfig": {
      "connect": true,
      "maxBackoffTime": 30000,
      "persistence": true,
      "resyncInterval": 5000,
      "wsUrl": "wss://j5eyo7cpia.execute-api.us-east-1.amazonaws.com/live",
    },
    "docName": "unit-null",
    "hasLoggedConnectionError": false,
    "indexeddb": null,
    "lastStatusLog": "",
    "listeners": Map {
      "doc-reset" => Set {
        [Function handleDocReset],
      },
    },
    "resetCount": 0,
    "wsProvider": null,
    "ydoc": {
      "editorContent": "",
      "metadata": {},
    },
  },
  "username": "mock-user-sub",
}
[90mstdout[2m | src/components/Editor3/Editor.stories.jsx[2m > [22m[2mKeyboard Shortcuts Test
[22m[39m[FileManager2] Files received from context: 0 []
[90mstdout[2m | src/components/Editor3/Editor.stories.jsx[2m > [22m[2mKeyboard Shortcuts Test
[22m[39m[ChatContext] No current chat available, will create one
[90mstdout[2m | src/components/Editor3/Editor.stories.jsx[2m > [22m[2mKeyboard Shortcuts Test
[22m[39m[ChatContext] Creating AssistantChat with user: undefined
[90mstdout[2m | src/components/Editor3/Editor.stories.jsx[2m > [22m[2mKeyboard Shortcuts Test
[22m[39m[Mock Data] AssistantChat created: mock-assistantchat-1790417008870 - notified 1 subscribers
[90mstdout[2m | src/components/Editor3/Editor.stories.jsx[2m > [22m[2mKeyboard Shortcuts Test
[22m[39m[Mock] CollaborationPlugin rendered with props: {
  "color": "#f59e0b",
  "cursorsContainerRef": {
    "current": <div
      class="jsx-9364b876b91d91fe collaboration-cursors-container"
      style="position: relative;"
    >
      <div
        aria-label="Edit"
        class="editor"
        contenteditable="true"
        data-lexical-editor="true"
        data-tour="editor"
        role="textbox"
        spellcheck="true"
        style="max-width: 100%; outline: none; min-height: 100%; padding: 1rem 2rem 1rem 0.5rem; user-select: text; white-space: pre-wrap; word-break: break-word;"
      />
      <div
        class="jsx-e404209429cec6f3 editor-placeholder"
      >
        Start typing or use the toolbar above to add content...
      </div>
    </div>,
  },
  "provider": YjsDocProvider {
    "awareness": Awareness {
      "_checkInterval": 332,
      "_observers": Map {},
      "clientID": 1611400185,
      "doc": {
        "editorContent": "",
        "metadata": {},
      },
      "meta": Map {
        1611400185 => {
          "clock": 0,
          "lastUpdated": 1790417005956,
        },
      },
      "states": Map {
        1611400185 => {},
      },
    },
    "config": {
      "connect": false,
      "docName": "unit-null",
      "maxBackoffTime": 30000,
      "persistence": false,
      "resyncInterval": 5000,
      "wsUrl": "wss://j5eyo7cpia.execute-api.us-east-1.amazonaws.com/live",
    },
    "defaultConfig": {
      "connect": true,
      "maxBackoffTime": 30000,
      "persistence": true,
      "resyncInterval": 5000,
      "wsUrl": "wss://j5eyo7cpia.execute-api.us-east-1.amazonaws.com/live",
    },
    "docName": "unit-null",
    "hasLoggedConnectionError": false,
    "indexeddb": null,
    "lastStatusLog": "",
    "listeners": Map {
      "doc-reset" => Set {
        [Function handleDocReset],
      },
    },
    "resetCount": 0,
    "wsProvider": null,
    "ydoc": {
      "editorContent": "",
      "metadata": {},
    },
  },
  "username": "mock-user-sub",
}
 [32m✓[39m [30m[42m unit [49m[39m src/components/Gamification/__tests__/BossBattleForm.test.tsx [2m([22m[2m11 tests[22m[2m)[22m[33m 19224[2mms[22m[39m
     [33m[2m✓[22m[39m renders all form fields [33m 887[2mms[22m[39m
     [33m[2m✓[22m[39m submit button is disabled when title is empty [33m 407[2mms[22m[39m
     [33m[2m✓[22m[39m submit button is disabled when targetXP is empty [33m 1733[2mms[22m[39m
     [33m[2m✓[22m[39m submit button is enabled with valid title and targetXP [33m 2484[2mms[22m[39m
     [33m[2m✓[22m[39m calls onSubmit with default stakes on form submission [33m 4929[2mms[22m[39m
     [33m[2m✓[22m[39m toggles stake switches and submits updated stakes [33m 2963[2mms[22m[39m
     [33m[2m✓[22m[39m resets form after successful submission [33m 3348[2mms[22m[39m
     [33m[2m✓[22m[39m disables all fields when submitting [33m 440[2mms[22m[39m
     [33m[2m✓[22m[39m shows "Creating..." text on button when submitting [33m 897[2mms[22m[39m
     [33m[2m✓[22m[39m bonus multiplier defaults to 1.5 [33m 451[2mms[22m[39m
     [33m[2m✓[22m[39m loseStreakFreeze is on by default [33m 673[2mms[22m[39m
[90mstdout[2m | src/components/Editor3/Editor.stories.jsx[2m > [22m[2mKeyboard Shortcuts Test
[22m[39m[ChatContext] Create result: {
  "data": {
    "_version": 1,
    "archived": false,
    "chatFiles": [Function anonymous],
    "createdAt": "2026-09-26T10:03:28.870Z",
    "id": "mock-assistantchat-1790417008870",
    "model": "gpt-4",
    "updatedAt": "2026-09-26T10:03:28.870Z",
  },
  "errors": [],
  "hasData": true,
  "hasErrors": true,
}
[90mstdout[2m | src/components/Editor3/Editor.stories.jsx[2m > [22m[2mKeyboard Shortcuts Test
[22m[39m[ChatContext] Created AssistantChat: mock-assistantchat-1790417008870 at: 2026-09-26T10:03:28.870Z
[90mstdout[2m | src/components/Editor3/Editor.stories.jsx[2m > [22m[2mKeyboard Shortcuts Test
[22m[39mStreaming chunk, total length: 56
[90mstdout[2m | src/components/Editor3/Editor.stories.jsx[2m > [22m[2mKeyboard Shortcuts Test
[22m[39mupdateSuggestion called with text: This is a sample paragraph about Japanese language. The 
[90mstdout[2m | src/components/Editor3/Editor.stories.jsx[2m > [22m[2mKeyboard Shortcuts Test
[22m[39mReplacing existing node with suggestion
[90mstdout[2m | src/components/Editor3/Editor.stories.jsx[2m > [22m[2mKeyboard Shortcuts Test
[22m[39mStreaming chunk, total length: 5
[90mstdout[2m | src/components/Editor3/Editor.stories.jsx[2m > [22m[2mKeyboard Shortcuts Test
[22m[39mupdateSuggestion called with text: This 
[90mstdout[2m | src/components/Editor3/Editor.stories.jsx[2m > [22m[2mKeyboard Shortcuts Test
[22m[39mUpdating existing suggestion node in place
[90mstdout[2m | src/components/Editor3/Editor.stories.jsx[2m > [22m[2mKeyboard Shortcuts Test
[22m[39m[Mock Storage] downloadData called with: undefined
[90mstdout[2m | src/components/Editor3/Editor.stories.jsx[2m > [22m[2mKeyboard Shortcuts Test
[22m[39m[ChatContext] Setting initial chat: mock-assistantchat-1790417008870
[90mstdout[2m | src/components/Editor3/Editor.stories.jsx[2m > [22m[2mKeyboard Shortcuts Test
[22m[39m[Mock] CollaborationPlugin rendered with props: {
  "color": "#f59e0b",
  "cursorsContainerRef": {
    "current": <div
      class="jsx-9364b876b91d91fe collaboration-cursors-container"
      style="position: relative;"
    >
      <div
        aria-label="Edit"
        class="editor"
        contenteditable="true"
        data-lexical-editor="true"
        data-tour="editor"
        role="textbox"
        spellcheck="true"
        style="max-width: 100%; outline: none; min-height: 100%; padding: 1rem 2rem 1rem 0.5rem; user-select: text; white-space: pre-wrap; word-break: break-word;"
      />
      <div
        class="jsx-e404209429cec6f3 editor-placeholder"
      >
        Start typing or use the toolbar above to add content...
      </div>
    </div>,
  },
  "provider": YjsDocProvider {
    "awareness": Awareness {
      "_checkInterval": 332,
      "_observers": Map {},
      "clientID": 1611400185,
      "doc": {
        "editorContent": "",
        "metadata": {},
      },
      "meta": Map {
        1611400185 => {
          "clock": 0,
          "lastUpdated": 1790417005956,
        },
      },
      "states": Map {
        1611400185 => {},
      },
    },
    "config": {
      "connect": false,
      "docName": "unit-null",
      "maxBackoffTime": 30000,
      "persistence": false,
      "resyncInterval": 5000,
      "wsUrl": "wss://j5eyo7cpia.execute-api.us-east-1.amazonaws.com/live",
    },
    "defaultConfig": {
      "connect": true,
      "maxBackoffTime": 30000,
      "persistence": true,
      "resyncInterval": 5000,
      "wsUrl": "wss://j5eyo7cpia.execute-api.us-east-1.amazonaws.com/live",
    },
    "docName": "unit-null",
    "hasLoggedConnectionError": false,
    "indexeddb": null,
    "lastStatusLog": "",
    "listeners": Map {
      "doc-reset" => Set {
        [Function handleDocReset],
      },
    },
    "resetCount": 0,
    "wsProvider": null,
    "ydoc": {
      "editorContent": "",
      "metadata": {},
    },
  },
  "username": "mock-user-sub",
}
[90mstdout[2m | src/components/Editor3/Editor.stories.jsx[2m > [22m[2mKeyboard Shortcuts Test
[22m[39m[ChatSidebar] Loading messages for chat: mock-assistantchat-1790417008870 count: 0
[90mstdout[2m | src/components/Editor3/Editor.stories.jsx[2m > [22m[2mKeyboard Shortcuts Test
[22m[39m[ChatSidebar] deepCloneMessages: returning empty array
[90mstdout[2m | src/components/Editor3/Editor.stories.jsx[2m > [22m[2mKeyboard Shortcuts Test
[22m[39m[ChatContext] Chat exists and not archived, skipping creation
[90mstdout[2m | src/components/Gamification/__tests__/GamificationToastLayer.test.tsx
[22m[39m✓ Loaded .env.test

 [32m✓[39m [30m[42m unit [49m[39m src/components/Gamification/__tests__/SquadChallenge.test.tsx [2m([22m[2m15 tests[22m[2m)[22m[33m 1438[2mms[22m[39m
     [33m[2m✓[22m[39m renders challenge title and progress [33m 404[2mms[22m[39m
[90mstdout[2m | src/components/Editor3/Editor.stories.jsx[2m > [22m[2mKeyboard Shortcuts Test
[22m[39mStreaming chunk, total length: 65
[90mstdout[2m | src/components/Editor3/Editor.stories.jsx[2m > [22m[2mKeyboard Shortcuts Test
[22m[39mupdateSuggestion called with text: This is a sample paragraph about Japanese language. The hiragana 
[90mstdout[2m | src/components/Editor3/Editor.stories.jsx[2m > [22m[2mKeyboard Shortcuts Test
[22m[39mUpdating existing suggestion node in place
[90mstdout[2m | src/components/Editor3/Editor.stories.jsx[2m > [22m[2mKeyboard Shortcuts Test
[22m[39mStreaming chunk, total length: 8
[90mstdout[2m | src/components/Editor3/Editor.stories.jsx[2m > [22m[2mKeyboard Shortcuts Test
[22m[39mupdateSuggestion called with text: This is 
[90mstdout[2m | src/components/Editor3/Editor.stories.jsx[2m > [22m[2mKeyboard Shortcuts Test
[22m[39mUpdating existing suggestion node in place
[90mstdout[2m | src/components/Editor3/Editor.stories.jsx[2m > [22m[2mKeyboard Shortcuts Test
[22m[39mStreaming chunk, total length: 73
[90mstdout[2m | src/components/Editor3/Editor.stories.jsx[2m > [22m[2mKeyboard Shortcuts Test
[22m[39mupdateSuggestion called with text: This is a sample paragraph about Japanese language. The hiragana writing 
[90mstdout[2m | src/components/Editor3/Editor.stories.jsx[2m > [22m[2mKeyboard Shortcuts Test
[22m[39mUpdating existing suggestion node in place
[90mstdout[2m | src/components/Editor3/Editor.stories.jsx[2m > [22m[2mKeyboard Shortcuts Test
[22m[39mStreaming chunk, total length: 10
[90mstdout[2m | src/components/Editor3/Editor.stories.jsx[2m > [22m[2mKeyboard Shortcuts Test
[22m[39mupdateSuggestion called with text: This is a 
[90mstdout[2m | src/components/Editor3/Editor.stories.jsx[2m > [22m[2mKeyboard Shortcuts Test
[22m[39mUpdating existing suggestion node in place
[90mstdout[2m | src/components/Editor3/Editor.stories.jsx[2m > [22m[2mKeyboard Shortcuts Test
[22m[39mStreaming chunk, total length: 80
[90mstdout[2m | src/components/Editor3/Editor.stories.jsx[2m > [22m[2mKeyboard Shortcuts Test
[22m[39mupdateSuggestion called with text: This is a sample paragraph about Japanese language. The hiragana writing system 
[90mstdout[2m | src/components/Editor3/Editor.stories.jsx[2m > [22m[2mKeyboard Shortcuts Test
[22m[39mUpdating existing suggestion node in place
[90mstdout[2m | src/components/Editor3/Editor.stories.jsx[2m > [22m[2mKeyboard Shortcuts Test
[22m[39mStreaming chunk, total length: 17
[90mstdout[2m | src/components/Editor3/Editor.stories.jsx[2m > [22m[2mKeyboard Shortcuts Test
[22m[39mupdateSuggestion called with text: This is a sample 
[90mstdout[2m | src/components/Editor3/Editor.stories.jsx[2m > [22m[2mKeyboard Shortcuts Test
[22m[39mUpdating existing suggestion node in place
[90mstdout[2m | src/components/Editor3/Editor.stories.jsx[2m > [22m[2mKeyboard Shortcuts Test
[22m[39mStreaming chunk, total length: 89
[90mstdout[2m | src/components/Editor3/Editor.stories.jsx[2m > [22m[2mKeyboard Shortcuts Test
[22m[39mupdateSuggestion called with text: This is a sample paragraph about Japanese language. The hiragana writing system consists 
[90mstdout[2m | src/components/Editor3/Editor.stories.jsx[2m > [22m[2mKeyboard Shortcuts Test
[22m[39mUpdating existing suggestion node in place
 [32m✓[39m [30m[45m integration [49m[39m test/integration/file-manager.test.tsx [2m([22m[2m7 tests[22m[2m)[22m[33m 1075[2mms[22m[39m
     [33m[2m✓[22m[39m renders upload button with aria-label [33m 449[2mms[22m[39m
[90mstdout[2m | src/components/Editor3/Editor.stories.jsx[2m > [22m[2mKeyboard Shortcuts Text Formatting
[22m[39mStreaming chunk, total length: 27
[90mstdout[2m | src/components/Editor3/Editor.stories.jsx[2m > [22m[2mKeyboard Shortcuts Text Formatting
[22m[39mupdateSuggestion called with text: This is a sample paragraph 
[90mstdout[2m | src/components/Editor3/Editor.stories.jsx[2m > [22m[2mKeyboard Shortcuts Text Formatting
[22m[39mUpdating existing suggestion node in place
[90mstdout[2m | src/components/Editor3/Editor.stories.jsx[2m > [22m[2mKeyboard Shortcuts Text Formatting
[22m[39mStreaming chunk, total length: 92
[90mstdout[2m | src/components/Editor3/Editor.stories.jsx[2m > [22m[2mKeyboard Shortcuts Text Formatting
[22m[39mupdateSuggestion called with text: This is a sample paragraph about Japanese language. The hiragana writing system consists of 
[90mstdout[2m | src/components/Editor3/Editor.stories.jsx[2m > [22m[2mKeyboard Shortcuts Text Formatting
[22m[39mUpdating existing suggestion node in place
[90mstdout[2m | src/components/Editor3/Editor.stories.jsx[2m > [22m[2mKeyboard Shortcuts Text Formatting
[22m[39m[Editor onChange] Skipping save due to tags: [
  "history-merge",
]
[90mstdout[2m | src/components/Editor3/Editor.stories.jsx[2m > [22m[2mKeyboard Shortcuts Text Formatting
[22m[39m[ChatContext] Cleaning up subscriptions
[90mstdout[2m | src/components/Editor3/Editor.stories.jsx[2m > [22m[2mKeyboard Shortcuts Text Formatting
[22m[39m[Mock Data] Unit.onUpdate() subscription removed. Remaining: 0
[90mstdout[2m | src/components/Editor3/Editor.stories.jsx[2m > [22m[2mKeyboard Shortcuts Text Formatting
[22m[39m[useChatPageContext] Cleaning up page context
[90mstdout[2m | src/components/Editor3/Editor.stories.jsx[2m > [22m[2mKeyboard Shortcuts Text Formatting
[22m[39m[chatTools] Vector store search function registered: false
[90mstdout[2m | src/components/Editor3/Editor.stories.jsx[2m > [22m[2mKeyboard Shortcuts Text Formatting
[22m[39m[chatTools] Practice drill callback registered: false
[90mstdout[2m | src/components/Editor3/Editor.stories.jsx[2m > [22m[2mKeyboard Shortcuts Text Formatting
[22m[39m[Preview] Skipped initializing default mock data (initializeMockData=false)
[90mstdout[2m | src/components/Editor3/Editor.stories.jsx[2m > [22m[2mKeyboard Shortcuts Text Formatting
[22m[39m[Mock Data] seedMockUnit: Adding unit keyboard-shortcuts-text-formatting-id
[90mstdout[2m | src/components/Editor3/Editor.stories.jsx[2m > [22m[2mKeyboard Shortcuts Text Formatting
[22m[39mStreaming chunk, total length: 33
[90mstdout[2m | src/components/Editor3/Editor.stories.jsx[2m > [22m[2mKeyboard Shortcuts Text Formatting
[22m[39mupdateSuggestion called with text: This is a sample paragraph about 
[90mstdout[2m | src/components/Editor3/Editor.stories.jsx[2m > [22m[2mKeyboard Shortcuts Text Formatting
[22m[39mUpdating existing suggestion node in place
[90mstdout[2m | src/components/Editor3/Editor.stories.jsx[2m > [22m[2mKeyboard Shortcuts Text Formatting
[22m[39mStreaming chunk, total length: 95
[90mstdout[2m | src/components/Editor3/Editor.stories.jsx[2m > [22m[2mKeyboard Shortcuts Text Formatting
[22m[39mupdateSuggestion called with text: This is a sample paragraph about Japanese language. The hiragana writing system consists of 46 
[90mstdout[2m | src/components/Editor3/Editor.stories.jsx[2m > [22m[2mKeyboard Shortcuts Text Formatting
[22m[39mUpdating existing suggestion node in place
[90mstdout[2m | src/components/Editor3/Editor.stories.jsx[2m > [22m[2mKeyboard Shortcuts Text Formatting
[22m[39m[MOCK CourseVectorStore] Initialized with mock data
[90mstdout[2m | src/components/Editor3/Editor.stories.jsx[2m > [22m[2mKeyboard Shortcuts Text Formatting
[22m[39m[useTabState] Initialized with: {
  "leftOpen": false,
  "leftTab": 4,
  "leftWidth": 350,
  "rightOpen": false,
  "rightTab": 5,
  "rightWidth": 350,
} from URL: {} localStorage: null defaults: {
  "defaultLeftTab": 4,
  "defaultRightTab": 5,
}
[90mstdout[2m | src/components/Leaderboard/__tests__/Leaderboard.test.tsx
[22m[39m✓ Loaded .env.test

[90mstdout[2m | src/components/Editor3/Editor.stories.jsx[2m > [22m[2mKeyboard Shortcuts Text Formatting
[22m[39m[FileManager2] Files received from context: 0 []
[90mstdout[2m | src/components/Editor3/Editor.stories.jsx[2m > [22m[2mKeyboard Shortcuts Text Formatting
[22m[39m[FileManager2] Upload useEffect triggered. filesToUpload: 0 uploadInProgress: false
[90mstdout[2m | src/components/Editor3/Editor.stories.jsx[2m > [22m[2mKeyboard Shortcuts Text Formatting
[22m[39m[FileManager2] Skipping upload - no files or already in progress
[90mstdout[2m | src/components/Editor3/Editor.stories.jsx[2m > [22m[2mKeyboard Shortcuts Text Formatting
[22m[39m[chatTools] Vector store search function registered: true
[90mstdout[2m | src/components/Editor3/Editor.stories.jsx[2m > [22m[2mKeyboard Shortcuts Text Formatting
[22m[39m[ChatSidebar] Registered vector store search, isReady: false
[90mstdout[2m | src/components/Editor3/Editor.stories.jsx[2m > [22m[2mKeyboard Shortcuts Text Formatting
[22m[39m[chatTools] Practice drill callback registered: true
[90mstdout[2m | src/components/Editor3/Editor.stories.jsx[2m > [22m[2mKeyboard Shortcuts Text Formatting
[22m[39m[useChatPageContext] Registering page context: {
  "dictionaryCount": 0,
  "filesCount": 0,
  "hasEditorRef": true,
  "hasUnit": true,
  "hasVectorStoreSearch": true,
  "questionsCount": 0,
  "sectionsCount": 0,
}
[90mstdout[2m | src/components/Editor3/Editor.stories.jsx[2m > [22m[2mKeyboard Shortcuts Text Formatting
[22m[39m[TranslationModeController] Setting mode to: off
[90mstdout[2m | src/components/Editor3/Editor.stories.jsx[2m > [22m[2mKeyboard Shortcuts Text Formatting
[22m[39m[UnitContext] useEffect triggered {
  "authLoading": false,
  "hasUser": true,
  "id": "keyboard-shortcuts-text-formatting-id",
  "userSub": "mock-user-sub",
}
[90mstdout[2m | src/components/Editor3/Editor.stories.jsx[2m > [22m[2mKeyboard Shortcuts Text Formatting
[22m[39m[UnitContext] Fetching unit data for id: keyboard-shortcuts-text-formatting-id
[90mstdout[2m | src/components/Editor3/Editor.stories.jsx[2m > [22m[2mKeyboard Shortcuts Text Formatting
[22m[39m[FilesContext] Initializing vector store from IndexedDB
[90mstdout[2m | src/components/Editor3/Editor.stories.jsx[2m > [22m[2mKeyboard Shortcuts Text Formatting
[22m[39m[FilesContext] fetchFiles called
[90mstdout[2m | src/components/Editor3/Editor.stories.jsx[2m > [22m[2mKeyboard Shortcuts Text Formatting
[22m[39m[FilesContext] User authenticated: mock-user-sub
[90mstdout[2m | src/components/Editor3/Editor.stories.jsx[2m > [22m[2mKeyboard Shortcuts Text Formatting
[22m[39m[FilesContext] Identity ID: us-east-1:mock-identity-123
[90mstdout[2m | src/components/Editor3/Editor.stories.jsx[2m > [22m[2mKeyboard Shortcuts Text Formatting
[22m[39m[FilesContext] About to set up File observeQuery
[90mstdout[2m | src/components/Editor3/Editor.stories.jsx[2m > [22m[2mKeyboard Shortcuts Text Formatting
[22m[39m[ChatContext] Setting up AssistantChat observeQuery
[90mstdout[2m | src/components/Editor3/Editor.stories.jsx[2m > [22m[2mKeyboard Shortcuts Text Formatting
[22m[39m[ChatContext] Waiting for subscription to initialize
[90mstdout[2m | src/components/Editor3/Editor.stories.jsx[2m > [22m[2mKeyboard Shortcuts Text Formatting
[22m[39m[SettingsContext] Setting up Settings subscription for user: mock-user-sub
[90mstdout[2m | src/components/Editor3/Editor.stories.jsx[2m > [22m[2mKeyboard Shortcuts Text Formatting
[22m[39m[useChatPageContext] Cleaning up page context
[90mstdout[2m | src/components/Editor3/Editor.stories.jsx[2m > [22m[2mKeyboard Shortcuts Text Formatting
[22m[39m[useChatPageContext] Registering page context: {
  "dictionaryCount": 0,
  "filesCount": 0,
  "hasEditorRef": true,
  "hasUnit": true,
  "hasVectorStoreSearch": true,
  "questionsCount": 0,
  "sectionsCount": 0,
}
[90mstdout[2m | src/components/Gamification/__tests__/Gamification.test.tsx
[22m[39m✓ Loaded .env.test

[90mstdout[2m | src/components/Editor3/Editor.stories.jsx[2m > [22m[2mKeyboard Shortcuts Text Formatting
[22m[39m[Editor onChange] Skipping save - no initial state loaded yet
[90mstdout[2m | src/components/Editor3/Editor.stories.jsx[2m > [22m[2mKeyboard Shortcuts Text Formatting
[22m[39m[Mock Data] Settings created: mock-settings-1790417011729 - notified 0 subscribers
[90mstdout[2m | src/components/Editor3/Editor.stories.jsx[2m > [22m[2mKeyboard Shortcuts Text Formatting
[22m[39m[Mock Data] Unit.onUpdate() subscription added. Total: 1
[90mstdout[2m | src/components/Editor3/Editor.stories.jsx[2m > [22m[2mKeyboard Shortcuts Text Formatting
[22m[39m[Mock] CollaborationPlugin rendered with props: {
  "color": "#f59e0b",
  "cursorsContainerRef": {
    "current": <div
      class="jsx-9364b876b91d91fe collaboration-cursors-container"
      style="position: relative;"
    >
      <div
        aria-label="Edit"
        class="editor"
        contenteditable="true"
        data-lexical-editor="true"
        data-tour="editor"
        role="textbox"
        spellcheck="true"
        style="max-width: 100%; outline: none; min-height: 100%; padding: 1rem 2rem 1rem 0.5rem; user-select: text; white-space: pre-wrap; word-break: break-word;"
      />
      <div
        class="jsx-e404209429cec6f3 editor-placeholder"
      >
        Start typing or use the toolbar above to add content...
      </div>
    </div>,
  },
  "provider": YjsDocProvider {
    "awareness": Awareness {
      "_checkInterval": 487,
      "_observers": Map {},
      "clientID": 2711107732,
      "doc": {
        "editorContent": "",
        "metadata": {},
      },
      "meta": Map {
        2711107732 => {
          "clock": 0,
          "lastUpdated": 1790417011350,
        },
      },
      "states": Map {
        2711107732 => {},
      },
    },
    "config": {
      "connect": false,
      "docName": "unit-null",
      "maxBackoffTime": 30000,
      "persistence": false,
      "resyncInterval": 5000,
      "wsUrl": "wss://j5eyo7cpia.execute-api.us-east-1.amazonaws.com/live",
    },
    "defaultConfig": {
      "connect": true,
      "maxBackoffTime": 30000,
      "persistence": true,
      "resyncInterval": 5000,
      "wsUrl": "wss://j5eyo7cpia.execute-api.us-east-1.amazonaws.com/live",
    },
    "docName": "unit-null",
    "hasLoggedConnectionError": false,
    "indexeddb": null,
    "lastStatusLog": "",
    "listeners": Map {
      "doc-reset" => Set {
        [Function handleDocReset],
      },
    },
    "resetCount": 0,
    "wsProvider": null,
    "ydoc": {
      "editorContent": "",
      "metadata": {},
    },
  },
  "username": "mock-user-sub",
}
[90mstdout[2m | src/components/Editor3/Editor.stories.jsx[2m > [22m[2mKeyboard Shortcuts Text Formatting
[22m[39m[Editor onChange] Skipping save due to tags: [
  "history-merge",
]
[90mstdout[2m | src/components/Editor3/Editor.stories.jsx[2m > [22m[2mKeyboard Shortcuts Text Formatting
[22m[39m[chatTools] Vector store search function registered: false
[90mstdout[2m | src/components/Editor3/Editor.stories.jsx[2m > [22m[2mKeyboard Shortcuts Text Formatting
[22m[39m[chatTools] Practice drill callback registered: false
[90mstdout[2m | src/components/Editor3/Editor.stories.jsx[2m > [22m[2mKeyboard Shortcuts Text Formatting
[22m[39m[useChatPageContext] Cleaning up page context
[90mstdout[2m | src/components/Editor3/Editor.stories.jsx[2m > [22m[2mKeyboard Shortcuts Text Formatting
[22m[39m[FileManager2] Files received from context: 0 []
[90mstdout[2m | src/components/Editor3/Editor.stories.jsx[2m > [22m[2mKeyboard Shortcuts Text Formatting
[22m[39m[FileManager2] Upload useEffect triggered. filesToUpload: 0 uploadInProgress: false
[90mstdout[2m | src/components/Editor3/Editor.stories.jsx[2m > [22m[2mKeyboard Shortcuts Text Formatting
[22m[39m[FileManager2] Skipping upload - no files or already in progress
[90mstdout[2m | src/components/Editor3/Editor.stories.jsx[2m > [22m[2mKeyboard Shortcuts Text Formatting
[22m[39m[chatTools] Vector store search function registered: true
[90mstdout[2m | src/components/Editor3/Editor.stories.jsx[2m > [22m[2mKeyboard Shortcuts Text Formatting
[22m[39m[ChatSidebar] Registered vector store search, isReady: false
[90mstdout[2m | src/components/Editor3/Editor.stories.jsx[2m > [22m[2mKeyboard Shortcuts Text Formatting
[22m[39m[chatTools] Practice drill callback registered: true
[90mstdout[2m | src/components/Editor3/Editor.stories.jsx[2m > [22m[2mKeyboard Shortcuts Text Formatting
[22m[39m[useChatPageContext] Registering page context: {
  "dictionaryCount": 0,
  "filesCount": 0,
  "hasEditorRef": true,
  "hasUnit": true,
  "hasVectorStoreSearch": true,
  "questionsCount": 0,
  "sectionsCount": 0,
}
[90mstdout[2m | src/components/Editor3/Editor.stories.jsx[2m > [22m[2mKeyboard Shortcuts Text Formatting
[22m[39m[Mock] CollaborationPlugin rendered with props: {
  "color": "#f59e0b",
  "cursorsContainerRef": {
    "current": <div
      class="jsx-9364b876b91d91fe collaboration-cursors-container"
      style="position: relative;"
    >
      <div
        aria-label="Edit"
        autocapitalize="off"
        class="editor"
        contenteditable="true"
        data-lexical-editor="true"
        data-tour="editor"
        role="textbox"
        spellcheck="true"
        style="max-width: 100%; outline: none; min-height: 100%; padding: 1rem 2rem 1rem 0.5rem; user-select: text; white-space: pre-wrap; word-break: break-word;"
      />
      <div
        class="jsx-e404209429cec6f3 editor-placeholder"
      >
        Start typing or use the toolbar above to add content...
      </div>
    </div>,
  },
  "provider": YjsDocProvider {
    "awareness": Awareness {
      "_checkInterval": 487,
      "_observers": Map {},
      "clientID": 2711107732,
      "doc": {
        "editorContent": "",
        "metadata": {},
      },
      "meta": Map {
        2711107732 => {
          "clock": 0,
          "lastUpdated": 1790417011350,
        },
      },
      "states": Map {
        2711107732 => {},
      },
    },
    "config": {
      "connect": false,
      "docName": "unit-null",
      "maxBackoffTime": 30000,
      "persistence": false,
      "resyncInterval": 5000,
      "wsUrl": "wss://j5eyo7cpia.execute-api.us-east-1.amazonaws.com/live",
    },
    "defaultConfig": {
      "connect": true,
      "maxBackoffTime": 30000,
      "persistence": true,
      "resyncInterval": 5000,
      "wsUrl": "wss://j5eyo7cpia.execute-api.us-east-1.amazonaws.com/live",
    },
    "docName": "unit-null",
    "hasLoggedConnectionError": false,
    "indexeddb": null,
    "lastStatusLog": "",
    "listeners": Map {
      "doc-reset" => Set {
        [Function handleDocReset],
      },
    },
    "resetCount": 0,
    "wsProvider": null,
    "ydoc": {
      "editorContent": "",
      "metadata": {},
    },
  },
  "username": "mock-user-sub",
}
[90mstdout[2m | src/context/__tests__/gamificationContext.test.tsx
[22m[39m✓ Loaded .env.test

[90mstdout[2m | src/components/Editor3/Editor.stories.jsx[2m > [22m[2mKeyboard Shortcuts Text Formatting
[22m[39m[useChatPageContext] Cleaning up page context
[90mstdout[2m | src/components/Editor3/Editor.stories.jsx[2m > [22m[2mKeyboard Shortcuts Text Formatting
[22m[39m[useChatPageContext] Registering page context: {
  "dictionaryCount": 0,
  "filesCount": 0,
  "hasEditorRef": true,
  "hasUnit": true,
  "hasVectorStoreSearch": true,
  "questionsCount": 0,
  "sectionsCount": 0,
}
[90mstdout[2m | src/components/Editor3/Editor.stories.jsx[2m > [22m[2mKeyboard Shortcuts Text Formatting
[22m[39m[Mock] CollaborationPlugin rendered with props: {
  "color": "#f59e0b",
  "cursorsContainerRef": {
    "current": <div
      class="jsx-9364b876b91d91fe collaboration-cursors-container"
      style="position: relative;"
    >
      <div
        aria-label="Edit"
        autocapitalize="off"
        class="editor"
        contenteditable="true"
        data-lexical-editor="true"
        data-tour="editor"
        role="textbox"
        spellcheck="true"
        style="max-width: 100%; outline: none; min-height: 100%; padding: 1rem 2rem 1rem 0.5rem; user-select: text; white-space: pre-wrap; word-break: break-word;"
      />
      <div
        class="jsx-e404209429cec6f3 editor-placeholder"
      >
        Start typing or use the toolbar above to add content...
      </div>
    </div>,
  },
  "provider": YjsDocProvider {
    "awareness": Awareness {
      "_checkInterval": 487,
      "_observers": Map {},
      "clientID": 2711107732,
      "doc": {
        "editorContent": "",
        "metadata": {},
      },
      "meta": Map {
        2711107732 => {
          "clock": 0,
          "lastUpdated": 1790417011350,
        },
      },
      "states": Map {
        2711107732 => {},
      },
    },
    "config": {
      "connect": false,
      "docName": "unit-null",
      "maxBackoffTime": 30000,
      "persistence": false,
      "resyncInterval": 5000,
      "wsUrl": "wss://j5eyo7cpia.execute-api.us-east-1.amazonaws.com/live",
    },
    "defaultConfig": {
      "connect": true,
      "maxBackoffTime": 30000,
      "persistence": true,
      "resyncInterval": 5000,
      "wsUrl": "wss://j5eyo7cpia.execute-api.us-east-1.amazonaws.com/live",
    },
    "docName": "unit-null",
    "hasLoggedConnectionError": false,
    "indexeddb": null,
    "lastStatusLog": "",
    "listeners": Map {
      "doc-reset" => Set {
        [Function handleDocReset],
      },
    },
    "resetCount": 0,
    "wsProvider": null,
    "ydoc": {
      "editorContent": "",
      "metadata": {},
    },
  },
  "username": "mock-user-sub",
}
[90mstdout[2m | src/components/Editor3/Editor.stories.jsx[2m > [22m[2mKeyboard Shortcuts Text Formatting
[22m[39m[Editor onChange] Skipping save - no initial state loaded yet
[90mstdout[2m | src/components/Editor3/Editor.stories.jsx[2m > [22m[2mKeyboard Shortcuts Text Formatting
[22m[39m[Mock] CollaborationPlugin rendered with props: {
  "color": "#f59e0b",
  "cursorsContainerRef": {
    "current": <div
      class="jsx-9364b876b91d91fe collaboration-cursors-container"
      style="position: relative;"
    >
      <div
        aria-label="Edit"
        class="editor"
        contenteditable="true"
        data-lexical-editor="true"
        data-tour="editor"
        role="textbox"
        spellcheck="true"
        style="max-width: 100%; outline: none; min-height: 100%; padding: 1rem 2rem 1rem 0.5rem; user-select: text; white-space: pre-wrap; word-break: break-word;"
      />
      <div
        class="jsx-e404209429cec6f3 editor-placeholder"
      >
        Start typing or use the toolbar above to add content...
      </div>
    </div>,
  },
  "provider": YjsDocProvider {
    "awareness": Awareness {
      "_checkInterval": 487,
      "_observers": Map {},
      "clientID": 2711107732,
      "doc": {
        "editorContent": "",
        "metadata": {},
      },
      "meta": Map {
        2711107732 => {
          "clock": 0,
          "lastUpdated": 1790417011350,
        },
      },
      "states": Map {
        2711107732 => {},
      },
    },
    "config": {
      "connect": false,
      "docName": "unit-null",
      "maxBackoffTime": 30000,
      "persistence": false,
      "resyncInterval": 5000,
      "wsUrl": "wss://j5eyo7cpia.execute-api.us-east-1.amazonaws.com/live",
    },
    "defaultConfig": {
      "connect": true,
      "maxBackoffTime": 30000,
      "persistence": true,
      "resyncInterval": 5000,
      "wsUrl": "wss://j5eyo7cpia.execute-api.us-east-1.amazonaws.com/live",
    },
    "docName": "unit-null",
    "hasLoggedConnectionError": false,
    "indexeddb": null,
    "lastStatusLog": "",
    "listeners": Map {
      "doc-reset" => Set {
        [Function handleDocReset],
      },
    },
    "resetCount": 0,
    "wsProvider": null,
    "ydoc": {
      "editorContent": "",
      "metadata": {},
    },
  },
  "username": "mock-user-sub",
}
[90mstdout[2m | test/unit/notificationInvitations.test.tsx
[22m[39m✓ Loaded .env.test

 [32m✓[39m [30m[42m unit [49m[39m src/components/Gamification/__tests__/GamificationToastLayer.test.tsx [2m([22m[2m6 tests[22m[2m)[22m[33m 595[2mms[22m[39m
[90mstdout[2m | src/components/Editor3/Editor.stories.jsx[2m > [22m[2mKeyboard Shortcuts Text Formatting
[22m[39mStreaming chunk, total length: 42
[90mstdout[2m | src/components/Editor3/Editor.stories.jsx[2m > [22m[2mKeyboard Shortcuts Text Formatting
[22m[39mupdateSuggestion called with text: This is a sample paragraph about Japanese 
[90mstdout[2m | src/components/Editor3/Editor.stories.jsx[2m > [22m[2mKeyboard Shortcuts Text Formatting
[22m[39mUpdating existing suggestion node in place
[90mstdout[2m | src/components/Editor3/Editor.stories.jsx[2m > [22m[2mKeyboard Shortcuts Text Formatting
[22m[39mStreaming chunk, total length: 101
[90mstdout[2m | src/components/Editor3/Editor.stories.jsx[2m > [22m[2mKeyboard Shortcuts Text Formatting
[22m[39mupdateSuggestion called with text: This is a sample paragraph about Japanese language. The hiragana writing system consists of 46 basic 
[90mstdout[2m | src/components/Editor3/Editor.stories.jsx[2m > [22m[2mKeyboard Shortcuts Text Formatting
[22m[39mUpdating existing suggestion node in place
[90mstdout[2m | src/components/Editor3/Editor.stories.jsx[2m > [22m[2mKeyboard Shortcuts Text Formatting
[22m[39m[SectionContext] Section observeQuery update: 0
[90mstdout[2m | src/components/Editor3/Editor.stories.jsx[2m > [22m[2mKeyboard Shortcuts Text Formatting
[22m[39m[FilesContext] File observeQuery update: 0 files
[90mstdout[2m | src/components/Editor3/Editor.stories.jsx[2m > [22m[2mKeyboard Shortcuts Text Formatting
[22m[39m[ChatContext] AssistantChat initialized with 0 chats
[90mstdout[2m | src/components/Editor3/Editor.stories.jsx[2m > [22m[2mKeyboard Shortcuts Text Formatting
[22m[39m[MOCK CourseVectorStore] Initialized with mock data
[90mstdout[2m | src/components/Editor3/Editor.stories.jsx[2m > [22m[2mKeyboard Shortcuts Text Formatting
[22m[39m[Mock] CollaborationPlugin rendered with props: {
  "color": "#f59e0b",
  "cursorsContainerRef": {
    "current": <div
      class="jsx-9364b876b91d91fe collaboration-cursors-container"
      style="position: relative;"
    >
      <div
        aria-label="Edit"
        class="editor"
        contenteditable="true"
        data-lexical-editor="true"
        data-tour="editor"
        role="textbox"
        spellcheck="true"
        style="max-width: 100%; outline: none; min-height: 100%; padding: 1rem 2rem 1rem 0.5rem; user-select: text; white-space: pre-wrap; word-break: break-word;"
      />
      <div
        class="jsx-e404209429cec6f3 editor-placeholder"
      >
        Start typing or use the toolbar above to add content...
      </div>
    </div>,
  },
  "provider": YjsDocProvider {
    "awareness": Awareness {
      "_checkInterval": 487,
      "_observers": Map {},
      "clientID": 2711107732,
      "doc": {
        "editorContent": "",
        "metadata": {},
      },
      "meta": Map {
        2711107732 => {
          "clock": 0,
          "lastUpdated": 1790417011350,
        },
      },
      "states": Map {
        2711107732 => {},
      },
    },
    "config": {
      "connect": false,
      "docName": "unit-null",
      "maxBackoffTime": 30000,
      "persistence": false,
      "resyncInterval": 5000,
      "wsUrl": "wss://j5eyo7cpia.execute-api.us-east-1.amazonaws.com/live",
    },
    "defaultConfig": {
      "connect": true,
      "maxBackoffTime": 30000,
      "persistence": true,
      "resyncInterval": 5000,
      "wsUrl": "wss://j5eyo7cpia.execute-api.us-east-1.amazonaws.com/live",
    },
    "docName": "unit-null",
    "hasLoggedConnectionError": false,
    "indexeddb": null,
    "lastStatusLog": "",
    "listeners": Map {
      "doc-reset" => Set {
        [Function handleDocReset],
      },
    },
    "resetCount": 0,
    "wsProvider": null,
    "ydoc": {
      "editorContent": "",
      "metadata": {},
    },
  },
  "username": "mock-user-sub",
}
[90mstdout[2m | src/components/Editor3/Editor.stories.jsx[2m > [22m[2mKeyboard Shortcuts Text Formatting
[22m[39m[FileManager2] Files received from context: 0 []
[90mstdout[2m | src/components/Editor3/Editor.stories.jsx[2m > [22m[2mKeyboard Shortcuts Text Formatting
[22m[39m[ChatContext] No current chat available, will create one
[90mstdout[2m | src/components/Editor3/Editor.stories.jsx[2m > [22m[2mKeyboard Shortcuts Text Formatting
[22m[39m[ChatContext] Creating AssistantChat with user: undefined
[90mstdout[2m | src/components/Editor3/Editor.stories.jsx[2m > [22m[2mKeyboard Shortcuts Text Formatting
[22m[39m[Mock Data] AssistantChat created: mock-assistantchat-1790417013370 - notified 1 subscribers
[90mstdout[2m | src/components/Editor3/Editor.stories.jsx[2m > [22m[2mKeyboard Shortcuts Text Formatting
[22m[39m[Mock] CollaborationPlugin rendered with props: {
  "color": "#f59e0b",
  "cursorsContainerRef": {
    "current": <div
      class="jsx-9364b876b91d91fe collaboration-cursors-container"
      style="position: relative;"
    >
      <div
        aria-label="Edit"
        class="editor"
        contenteditable="true"
        data-lexical-editor="true"
        data-tour="editor"
        role="textbox"
        spellcheck="true"
        style="max-width: 100%; outline: none; min-height: 100%; padding: 1rem 2rem 1rem 0.5rem; user-select: text; white-space: pre-wrap; word-break: break-word;"
      />
      <div
        class="jsx-e404209429cec6f3 editor-placeholder"
      >
        Start typing or use the toolbar above to add content...
      </div>
    </div>,
  },
  "provider": YjsDocProvider {
    "awareness": Awareness {
      "_checkInterval": 487,
      "_observers": Map {},
      "clientID": 2711107732,
      "doc": {
        "editorContent": "",
        "metadata": {},
      },
      "meta": Map {
        2711107732 => {
          "clock": 0,
          "lastUpdated": 1790417011350,
        },
      },
      "states": Map {
        2711107732 => {},
      },
    },
    "config": {
      "connect": false,
      "docName": "unit-null",
      "maxBackoffTime": 30000,
      "persistence": false,
      "resyncInterval": 5000,
      "wsUrl": "wss://j5eyo7cpia.execute-api.us-east-1.amazonaws.com/live",
    },
    "defaultConfig": {
      "connect": true,
      "maxBackoffTime": 30000,
      "persistence": true,
      "resyncInterval": 5000,
      "wsUrl": "wss://j5eyo7cpia.execute-api.us-east-1.amazonaws.com/live",
    },
    "docName": "unit-null",
    "hasLoggedConnectionError": false,
    "indexeddb": null,
    "lastStatusLog": "",
    "listeners": Map {
      "doc-reset" => Set {
        [Function handleDocReset],
      },
    },
    "resetCount": 0,
    "wsProvider": null,
    "ydoc": {
      "editorContent": "",
      "metadata": {},
    },
  },
  "username": "mock-user-sub",
}
[90mstdout[2m | src/components/Editor3/Editor.stories.jsx[2m > [22m[2mKeyboard Shortcuts Text Formatting
[22m[39m[ChatContext] Create result: {
  "data": {
    "_version": 1,
    "archived": false,
    "chatFiles": [Function anonymous],
    "createdAt": "2026-09-26T10:03:33.370Z",
    "id": "mock-assistantchat-1790417013370",
    "model": "gpt-4",
    "updatedAt": "2026-09-26T10:03:33.370Z",
  },
  "errors": [],
  "hasData": true,
  "hasErrors": true,
}
[90mstdout[2m | src/components/Editor3/Editor.stories.jsx[2m > [22m[2mKeyboard Shortcuts Text Formatting
[22m[39m[ChatContext] Created AssistantChat: mock-assistantchat-1790417013370 at: 2026-09-26T10:03:33.370Z
[90mstdout[2m | src/components/Editor3/Editor.stories.jsx[2m > [22m[2mKeyboard Shortcuts Text Formatting
[22m[39m[Mock Storage] downloadData called with: undefined
[90mstdout[2m | src/components/Editor3/Editor.stories.jsx[2m > [22m[2mKeyboard Shortcuts Text Formatting
[22m[39mStreaming chunk, total length: 52
[90mstdout[2m | src/components/Editor3/Editor.stories.jsx[2m > [22m[2mKeyboard Shortcuts Text Formatting
[22m[39mupdateSuggestion called with text: This is a sample paragraph about Japanese language. 
[90mstdout[2m | src/components/Editor3/Editor.stories.jsx[2m > [22m[2mKeyboard Shortcuts Text Formatting
[22m[39mUpdating existing suggestion node in place
[90mstdout[2m | src/components/Editor3/Editor.stories.jsx[2m > [22m[2mKeyboard Shortcuts Text Formatting
[22m[39m[ChatContext] Setting initial chat: mock-assistantchat-1790417013370
[90mstdout[2m | src/components/Editor3/Editor.stories.jsx[2m > [22m[2mKeyboard Shortcuts Text Formatting
[22m[39mStreaming chunk, total length: 113
[90mstdout[2m | src/components/Editor3/Editor.stories.jsx[2m > [22m[2mKeyboard Shortcuts Text Formatting
[22m[39mupdateSuggestion called with text: This is a sample paragraph about Japanese language. The hiragana writing system consists of 46 basic characters. 
[90mstdout[2m | src/components/Editor3/Editor.stories.jsx[2m > [22m[2mKeyboard Shortcuts Text Formatting
[22m[39mUpdating existing suggestion node in place
[90mstdout[2m | src/components/Editor3/Editor.stories.jsx[2m > [22m[2mKeyboard Shortcuts Text Formatting
[22m[39m[Mock] CollaborationPlugin rendered with props: {
  "color": "#f59e0b",
  "cursorsContainerRef": {
    "current": <div
      class="jsx-9364b876b91d91fe collaboration-cursors-container"
      style="position: relative;"
    >
      <div
        aria-label="Edit"
        class="editor"
        contenteditable="true"
        data-lexical-editor="true"
        data-tour="editor"
        role="textbox"
        spellcheck="true"
        style="max-width: 100%; outline: none; min-height: 100%; padding: 1rem 2rem 1rem 0.5rem; user-select: text; white-space: pre-wrap; word-break: break-word;"
      />
      <div
        class="jsx-e404209429cec6f3 editor-placeholder"
      >
        Start typing or use the toolbar above to add content...
      </div>
    </div>,
  },
  "provider": YjsDocProvider {
    "awareness": Awareness {
      "_checkInterval": 487,
      "_observers": Map {},
      "clientID": 2711107732,
      "doc": {
        "editorContent": "",
        "metadata": {},
      },
      "meta": Map {
        2711107732 => {
          "clock": 0,
          "lastUpdated": 1790417011350,
        },
      },
      "states": Map {
        2711107732 => {},
      },
    },
    "config": {
      "connect": false,
      "docName": "unit-null",
      "maxBackoffTime": 30000,
      "persistence": false,
      "resyncInterval": 5000,
      "wsUrl": "wss://j5eyo7cpia.execute-api.us-east-1.amazonaws.com/live",
    },
    "defaultConfig": {
      "connect": true,
      "maxBackoffTime": 30000,
      "persistence": true,
      "resyncInterval": 5000,
      "wsUrl": "wss://j5eyo7cpia.execute-api.us-east-1.amazonaws.com/live",
    },
    "docName": "unit-null",
    "hasLoggedConnectionError": false,
    "indexeddb": null,
    "lastStatusLog": "",
    "listeners": Map {
      "doc-reset" => Set {
        [Function handleDocReset],
      },
    },
    "resetCount": 0,
    "wsProvider": null,
    "ydoc": {
      "editorContent": "",
      "metadata": {},
    },
  },
  "username": "mock-user-sub",
}
[90mstdout[2m | src/components/Editor3/Editor.stories.jsx[2m > [22m[2mKeyboard Shortcuts Text Formatting
[22m[39m[ChatSidebar] Loading messages for chat: mock-assistantchat-1790417013370 count: 0
[90mstdout[2m | src/components/Editor3/Editor.stories.jsx[2m > [22m[2mKeyboard Shortcuts Text Formatting
[22m[39m[ChatSidebar] deepCloneMessages: returning empty array
[90mstdout[2m | src/components/Editor3/Editor.stories.jsx[2m > [22m[2mKeyboard Shortcuts Text Formatting
[22m[39m[ChatContext] Chat exists and not archived, skipping creation
[90mstdout[2m | src/components/Editor3/Editor.stories.jsx[2m > [22m[2mKeyboard Shortcuts Text Formatting
[22m[39mStreaming chunk, total length: 56
[90mstdout[2m | src/components/Editor3/Editor.stories.jsx[2m > [22m[2mKeyboard Shortcuts Text Formatting
[22m[39mupdateSuggestion called with text: This is a sample paragraph about Japanese language. The 
[90mstdout[2m | src/components/Editor3/Editor.stories.jsx[2m > [22m[2mKeyboard Shortcuts Text Formatting
[22m[39mUpdating existing suggestion node in place
[90mstdout[2m | src/components/Editor3/Editor.stories.jsx[2m > [22m[2mKeyboard Shortcuts Text Formatting
[22m[39mStreaming chunk, total length: 118
[90mstdout[2m | src/components/Editor3/Editor.stories.jsx[2m > [22m[2mKeyboard Shortcuts Text Formatting
[22m[39mupdateSuggestion called with text: This is a sample paragraph about Japanese language. The hiragana writing system consists of 46 basic characters. Each 
[90mstdout[2m | src/components/Editor3/Editor.stories.jsx[2m > [22m[2mKeyboard Shortcuts Text Formatting
[22m[39mUpdating existing suggestion node in place
[90mstdout[2m | src/components/Editor3/Editor.stories.jsx[2m > [22m[2mKeyboard Shortcuts Text Formatting
[22m[39mStreaming chunk, total length: 65
[90mstdout[2m | src/components/Editor3/Editor.stories.jsx[2m > [22m[2mKeyboard Shortcuts Text Formatting
[22m[39mupdateSuggestion called with text: This is a sample paragraph about Japanese language. The hiragana 
[90mstdout[2m | src/components/Editor3/Editor.stories.jsx[2m > [22m[2mKeyboard Shortcuts Text Formatting
[22m[39mUpdating existing suggestion node in place
[90mstdout[2m | src/components/Editor3/Editor.stories.jsx[2m > [22m[2mKeyboard Shortcuts Text Formatting
[22m[39mStreaming chunk, total length: 128
[90mstdout[2m | src/components/Editor3/Editor.stories.jsx[2m > [22m[2mKeyboard Shortcuts Text Formatting
[22m[39mupdateSuggestion called with text: This is a sample paragraph about Japanese language. The hiragana writing system consists of 46 basic characters. Each character 
[90mstdout[2m | src/components/Editor3/Editor.stories.jsx[2m > [22m[2mKeyboard Shortcuts Text Formatting
[22m[39mUpdating existing suggestion node in place
[90mstdout[2m | src/components/Editor3/Editor.stories.jsx[2m > [22m[2mKeyboard Shortcuts Text Formatting
[22m[39mStreaming chunk, total length: 73
[90mstdout[2m | src/components/Editor3/Editor.stories.jsx[2m > [22m[2mKeyboard Shortcuts Text Formatting
[22m[39mupdateSuggestion called with text: This is a sample paragraph about Japanese language. The hiragana writing 
[90mstdout[2m | src/components/Editor3/Editor.stories.jsx[2m > [22m[2mKeyboard Shortcuts Text Formatting
[22m[39mUpdating existing suggestion node in place
[90mstdout[2m | src/components/Editor3/Editor.stories.jsx[2m > [22m[2mKeyboard Shortcuts Text Formatting
[22m[39mStreaming chunk, total length: 139
[90mstdout[2m | src/components/Editor3/Editor.stories.jsx[2m > [22m[2mKeyboard Shortcuts Text Formatting
[22m[39mupdateSuggestion called with text: This is a sample paragraph about Japanese language. The hiragana writing system consists of 46 basic characters. Each character represents 
[90mstdout[2m | src/components/Editor3/Editor.stories.jsx[2m > [22m[2mKeyboard Shortcuts Text Formatting
[22m[39mUpdating existing suggestion node in place
[90mstdout[2m | src/components/Editor3/Editor.stories.jsx[2m > [22m[2mKeyboard Shortcuts Text Formatting
[22m[39mStreaming chunk, total length: 80
[90mstdout[2m | src/components/Editor3/Editor.stories.jsx[2m > [22m[2mKeyboard Shortcuts Text Formatting
[22m[39mupdateSuggestion called with text: This is a sample paragraph about Japanese language. The hiragana writing system 
[90mstdout[2m | src/components/Editor3/Editor.stories.jsx[2m > [22m[2mKeyboard Shortcuts Text Formatting
[22m[39mUpdating existing suggestion node in place
[90mstdout[2m | src/components/Editor3/Editor.stories.jsx[2m > [22m[2mKeyboard Shortcuts Text Formatting
[22m[39mStreaming chunk, total length: 141
[90mstdout[2m | src/components/Editor3/Editor.stories.jsx[2m > [22m[2mKeyboard Shortcuts Text Formatting
[22m[39mupdateSuggestion called with text: This is a sample paragraph about Japanese language. The hiragana writing system consists of 46 basic characters. Each character represents a 
[90mstdout[2m | src/components/Editor3/Editor.stories.jsx[2m > [22m[2mKeyboard Shortcuts Text Formatting
[22m[39mUpdating existing suggestion node in place
[90mstdout[2m | src/components/Editor3/Editor.stories.jsx[2m > [22m[2mKeyboard Shortcuts Text Formatting
[22m[39mStreaming chunk, total length: 89
[90mstdout[2m | src/components/Editor3/Editor.stories.jsx[2m > [22m[2mKeyboard Shortcuts Text Formatting
[22m[39mupdateSuggestion called with text: This is a sample paragraph about Japanese language. The hiragana writing system consists 
[90mstdout[2m | src/components/Editor3/Editor.stories.jsx[2m > [22m[2mKeyboard Shortcuts Text Formatting
[22m[39mUpdating existing suggestion node in place
[90mstdout[2m | src/components/Editor3/Editor.stories.jsx[2m > [22m[2mKeyboard Shortcuts Text Formatting
[22m[39mStreaming chunk, total length: 151
[90mstdout[2m | src/components/Editor3/Editor.stories.jsx[2m > [22m[2mKeyboard Shortcuts Text Formatting
[22m[39mupdateSuggestion called with text: This is a sample paragraph about Japanese language. The hiragana writing system consists of 46 basic characters. Each character represents a syllable, 
[90mstdout[2m | src/components/Editor3/Editor.stories.jsx[2m > [22m[2mKeyboard Shortcuts Text Formatting
[22m[39mUpdating existing suggestion node in place
[90mstdout[2m | src/components/Editor3/Editor.stories.jsx[2m > [22m[2mKeyboard Shortcuts Text Formatting
[22m[39m[Keyboard Shortcuts Demo] Section 1: Text Formatting
[90mstdout[2m | src/components/Editor3/Editor.stories.jsx[2m > [22m[2mKeyboard Shortcuts Text Formatting
[22m[39mStreaming chunk, total length: 92
[90mstdout[2m | src/components/Editor3/Editor.stories.jsx[2m > [22m[2mKeyboard Shortcuts Text Formatting
[22m[39mupdateSuggestion called with text: This is a sample paragraph about Japanese language. The hiragana writing system consists of 
[90mstdout[2m | src/components/Editor3/Editor.stories.jsx[2m > [22m[2mKeyboard Shortcuts Text Formatting
[22m[39mUpdating existing suggestion node in place
[90mstdout[2m | src/components/Editor3/Editor.stories.jsx[2m > [22m[2mKeyboard Shortcuts Text Formatting
[22m[39mStreaming chunk, total length: 158
[90mstdout[2m | src/components/Editor3/Editor.stories.jsx[2m > [22m[2mKeyboard Shortcuts Text Formatting
[22m[39mupdateSuggestion called with text: This is a sample paragraph about Japanese language. The hiragana writing system consists of 46 basic characters. Each character represents a syllable, making 
[90mstdout[2m | src/components/Editor3/Editor.stories.jsx[2m > [22m[2mKeyboard Shortcuts Text Formatting
[22m[39mUpdating existing suggestion node in place
[90mstdout[2m | src/components/Editor3/Editor.stories.jsx[2m > [22m[2mKeyboard Shortcuts Text Formatting
[22m[39mStreaming chunk, total length: 95
[90mstdout[2m | src/components/Editor3/Editor.stories.jsx[2m > [22m[2mKeyboard Shortcuts Text Formatting
[22m[39mupdateSuggestion called with text: This is a sample paragraph about Japanese language. The hiragana writing system consists of 46 
[90mstdout[2m | src/components/Editor3/Editor.stories.jsx[2m > [22m[2mKeyboard Shortcuts Text Formatting
[22m[39mUpdating existing suggestion node in place
[90mstdout[2m | src/components/Editor3/Editor.stories.jsx[2m > [22m[2mKeyboard Shortcuts Text Formatting
[22m[39mStreaming chunk, total length: 161
[90mstdout[2m | src/components/Editor3/Editor.stories.jsx[2m > [22m[2mKeyboard Shortcuts Text Formatting
[22m[39mupdateSuggestion called with text: This is a sample paragraph about Japanese language. The hiragana writing system consists of 46 basic characters. Each character represents a syllable, making it 
[90mstdout[2m | src/components/Editor3/Editor.stories.jsx[2m > [22m[2mKeyboard Shortcuts Text Formatting
[22m[39mUpdating existing suggestion node in place
[90mstdout[2m | src/components/Editor3/Editor.stories.jsx[2m > [22m[2mKeyboard Shortcuts Text Formatting
[22m[39mStreaming chunk, total length: 101
[90mstdout[2m | src/components/Editor3/Editor.stories.jsx[2m > [22m[2mKeyboard Shortcuts Text Formatting
[22m[39mupdateSuggestion called with text: This is a sample paragraph about Japanese language. The hiragana writing system consists of 46 basic 
[90mstdout[2m | src/components/Editor3/Editor.stories.jsx[2m > [22m[2mKeyboard Shortcuts Text Formatting
[22m[39mUpdating existing suggestion node in place
[90mstdout[2m | src/components/Editor3/Editor.stories.jsx[2m > [22m[2mKeyboard Shortcuts Text Formatting
[22m[39mStreaming chunk, total length: 163
[90mstdout[2m | src/components/Editor3/Editor.stories.jsx[2m > [22m[2mKeyboard Shortcuts Text Formatting
[22m[39mupdateSuggestion called with text: This is a sample paragraph about Japanese language. The hiragana writing system consists of 46 basic characters. Each character represents a syllable, making it a 
[90mstdout[2m | src/components/Editor3/Editor.stories.jsx[2m > [22m[2mKeyboard Shortcuts Text Formatting
[22m[39mUpdating existing suggestion node in place
[90mstdout[2m | src/components/Editor3/Editor.stories.jsx[2m > [22m[2mKeyboard Shortcuts Text Formatting
[22m[39mStreaming chunk, total length: 113
[90mstdout[2m | src/components/Editor3/Editor.stories.jsx[2m > [22m[2mKeyboard Shortcuts Text Formatting
[22m[39mupdateSuggestion called with text: This is a sample paragraph about Japanese language. The hiragana writing system consists of 46 basic characters. 
[90mstdout[2m | src/components/Editor3/Editor.stories.jsx[2m > [22m[2mKeyboard Shortcuts Text Formatting
[22m[39mUpdating existing suggestion node in place
[90mstdout[2m | src/components/Editor3/Editor.stories.jsx[2m > [22m[2mKeyboard Shortcuts Text Formatting
[22m[39mStreaming chunk, total length: 173
[90mstdout[2m | src/components/Editor3/Editor.stories.jsx[2m > [22m[2mKeyboard Shortcuts Text Formatting
[22m[39mupdateSuggestion called with text: This is a sample paragraph about Japanese language. The hiragana writing system consists of 46 basic characters. Each character represents a syllable, making it a syllabary 
[90mstdout[2m | src/components/Editor3/Editor.stories.jsx[2m > [22m[2mKeyboard Shortcuts Text Formatting
[22m[39mUpdating existing suggestion node in place
[90mstdout[2m | src/components/Editor3/Editor.stories.jsx[2m > [22m[2mKeyboard Shortcuts Text Formatting
[22m[39m[Editor onChange] Skipping save - no initial state loaded yet
[90mstdout[2m | src/components/Editor3/Editor.stories.jsx[2m > [22m[2mKeyboard Shortcuts Text Formatting
[22m[39mStreaming chunk, total length: 118
[90mstdout[2m | src/components/Editor3/Editor.stories.jsx[2m > [22m[2mKeyboard Shortcuts Text Formatting
[22m[39mupdateSuggestion called with text: This is a sample paragraph about Japanese language. The hiragana writing system consists of 46 basic characters. Each 
[90mstdout[2m | src/components/Editor3/Editor.stories.jsx[2m > [22m[2mKeyboard Shortcuts Text Formatting
[22m[39mUpdating existing suggestion node in place
[90mstdout[2m | src/components/Editor3/Editor.stories.jsx[2m > [22m[2mKeyboard Shortcuts Text Formatting
[22m[39mStreaming chunk, total length: 180
[90mstdout[2m | src/components/Editor3/Editor.stories.jsx[2m > [22m[2mKeyboard Shortcuts Text Formatting
[22m[39mupdateSuggestion called with text: This is a sample paragraph about Japanese language. The hiragana writing system consists of 46 basic characters. Each character represents a syllable, making it a syllabary rather 
[90mstdout[2m | src/components/Editor3/Editor.stories.jsx[2m > [22m[2mKeyboard Shortcuts Text Formatting
[22m[39mUpdating existing suggestion node in place
[90mstdout[2m | src/components/Editor3/Editor.stories.jsx[2m > [22m[2mKeyboard Shortcuts Text Formatting
[22m[39mStreaming chunk, total length: 128
[90mstdout[2m | src/components/Editor3/Editor.stories.jsx[2m > [22m[2mKeyboard Shortcuts Text Formatting
[22m[39mupdateSuggestion called with text: This is a sample paragraph about Japanese language. The hiragana writing system consists of 46 basic characters. Each character 
[90mstdout[2m | src/components/Editor3/Editor.stories.jsx[2m > [22m[2mKeyboard Shortcuts Text Formatting
[22m[39mUpdating existing suggestion node in place
[90mstdout[2m | src/components/Editor3/Editor.stories.jsx[2m > [22m[2mKeyboard Shortcuts Text Formatting
[22m[39mStreaming chunk, total length: 185
[90mstdout[2m | src/components/Editor3/Editor.stories.jsx[2m > [22m[2mKeyboard Shortcuts Text Formatting
[22m[39mupdateSuggestion called with text: This is a sample paragraph about Japanese language. The hiragana writing system consists of 46 basic characters. Each character represents a syllable, making it a syllabary rather than 
[90mstdout[2m | src/components/Editor3/Editor.stories.jsx[2m > [22m[2mKeyboard Shortcuts Text Formatting
[22m[39mUpdating existing suggestion node in place
[90mstdout[2m | src/components/Editor3/Editor.stories.jsx[2m > [22m[2mKeyboard Shortcuts Text Formatting
[22m[39mStreaming chunk, total length: 139
[90mstdout[2m | src/components/Editor3/Editor.stories.jsx[2m > [22m[2mKeyboard Shortcuts Text Formatting
[22m[39mupdateSuggestion called with text: This is a sample paragraph about Japanese language. The hiragana writing system consists of 46 basic characters. Each character represents 
[90mstdout[2m | src/components/Editor3/Editor.stories.jsx[2m > [22m[2mKeyboard Shortcuts Text Formatting
[22m[39mUpdating existing suggestion node in place
[90mstdout[2m | src/components/Editor3/Editor.stories.jsx[2m > [22m[2mKeyboard Shortcuts Text Formatting
[22m[39mStreaming chunk, total length: 188
[90mstdout[2m | src/components/Editor3/Editor.stories.jsx[2m > [22m[2mKeyboard Shortcuts Text Formatting
[22m[39mupdateSuggestion called with text: This is a sample paragraph about Japanese language. The hiragana writing system consists of 46 basic characters. Each character represents a syllable, making it a syllabary rather than an 
[90mstdout[2m | src/components/Editor3/Editor.stories.jsx[2m > [22m[2mKeyboard Shortcuts Text Formatting
[22m[39mUpdating existing suggestion node in place
[90mstdout[2m | src/components/Editor3/Editor.stories.jsx[2m > [22m[2mKeyboard Shortcuts Text Formatting
[22m[39mStreaming chunk, total length: 141
[90mstdout[2m | src/components/Editor3/Editor.stories.jsx[2m > [22m[2mKeyboard Shortcuts Text Formatting
[22m[39mupdateSuggestion called with text: This is a sample paragraph about Japanese language. The hiragana writing system consists of 46 basic characters. Each character represents a 
[90mstdout[2m | src/components/Editor3/Editor.stories.jsx[2m > [22m[2mKeyboard Shortcuts Text Formatting
[22m[39mUpdating existing suggestion node in place
[90mstdout[2m | src/components/Editor3/Editor.stories.jsx[2m > [22m[2mKeyboard Shortcuts Text Formatting
[22m[39mStreaming chunk, total length: 197
[90mstdout[2m | src/components/Editor3/Editor.stories.jsx[2m > [22m[2mKeyboard Shortcuts Text Formatting
[22m[39mupdateSuggestion called with text: This is a sample paragraph about Japanese language. The hiragana writing system consists of 46 basic characters. Each character represents a syllable, making it a syllabary rather than an alphabet.
[90mstdout[2m | src/components/Editor3/Editor.stories.jsx[2m > [22m[2mKeyboard Shortcuts Text Formatting
[22m[39mUpdating existing suggestion node in place
[90mstdout[2m | src/components/Editor3/Editor.stories.jsx[2m > [22m[2mKeyboard Shortcuts Text Formatting
[22m[39mStreaming chunk, total length: 197
[90mstdout[2m | src/components/Editor3/Editor.stories.jsx[2m > [22m[2mKeyboard Shortcuts Text Formatting
[22m[39mupdateSuggestion called with text: This is a sample paragraph about Japanese language. The hiragana writing system consists of 46 basic characters. Each character represents a syllable, making it a syllabary rather than an alphabet.
[90mstdout[2m | src/components/Editor3/Editor.stories.jsx[2m > [22m[2mKeyboard Shortcuts Text Formatting
[22m[39mUpdating existing suggestion node in place
[90mstdout[2m | src/components/Editor3/Editor.stories.jsx[2m > [22m[2mKeyboard Shortcuts Text Formatting
[22m[39mFinal completion: This is a sample paragraph about Japanese language. The hiragana writing system consists of 46 basic characters. Each character represents a syllable, making it a syllabary rather than an alphabet.
[90mstdout[2m | src/components/Editor3/Editor.stories.jsx[2m > [22m[2mKeyboard Shortcuts Text Formatting
[22m[39mupdateSuggestion called with text: This is a sample paragraph about Japanese language. The hiragana writing system consists of 46 basic characters. Each character represents a syllable, making it a syllabary rather than an alphabet.
[90mstdout[2m | src/components/Editor3/Editor.stories.jsx[2m > [22m[2mKeyboard Shortcuts Text Formatting
[22m[39mUpdating existing suggestion node in place
[90mstdout[2m | src/components/Editor3/Editor.stories.jsx[2m > [22m[2mKeyboard Shortcuts Text Formatting
[22m[39mStreaming chunk, total length: 151
[90mstdout[2m | src/components/Editor3/Editor.stories.jsx[2m > [22m[2mKeyboard Shortcuts Text Formatting
[22m[39mupdateSuggestion called with text: This is a sample paragraph about Japanese language. The hiragana writing system consists of 46 basic characters. Each character represents a syllable, 
[90mstdout[2m | src/components/Editor3/Editor.stories.jsx[2m > [22m[2mKeyboard Shortcuts Text Formatting
[22m[39mUpdating existing suggestion node in place
[90mstdout[2m | src/components/Editor3/Editor.stories.jsx[2m > [22m[2mKeyboard Shortcuts Text Formatting
[22m[39mStreaming chunk, total length: 158
[90mstdout[2m | src/components/Editor3/Editor.stories.jsx[2m > [22m[2mKeyboard Shortcuts Text Formatting
[22m[39mupdateSuggestion called with text: This is a sample paragraph about Japanese language. The hiragana writing system consists of 46 basic characters. Each character represents a syllable, making 
[90mstdout[2m | src/components/Editor3/Editor.stories.jsx[2m > [22m[2mKeyboard Shortcuts Text Formatting
[22m[39mUpdating existing suggestion node in place
[90mstdout[2m | src/components/Editor3/Editor.stories.jsx[2m > [22m[2mKeyboard Shortcuts Text Formatting
[22m[39mStreaming chunk, total length: 161
[90mstdout[2m | src/components/Editor3/Editor.stories.jsx[2m > [22m[2mKeyboard Shortcuts Text Formatting
[22m[39mupdateSuggestion called with text: This is a sample paragraph about Japanese language. The hiragana writing system consists of 46 basic characters. Each character represents a syllable, making it 
[90mstdout[2m | src/components/Editor3/Editor.stories.jsx[2m > [22m[2mKeyboard Shortcuts Text Formatting
[22m[39mUpdating existing suggestion node in place
[90mstdout[2m | src/components/Editor3/Editor.stories.jsx[2m > [22m[2mKeyboard Shortcuts Text Formatting
[22m[39mStreaming chunk, total length: 163
[90mstdout[2m | src/components/Editor3/Editor.stories.jsx[2m > [22m[2mKeyboard Shortcuts Text Formatting
[22m[39mupdateSuggestion called with text: This is a sample paragraph about Japanese language. The hiragana writing system consists of 46 basic characters. Each character represents a syllable, making it a 
[90mstdout[2m | src/components/Editor3/Editor.stories.jsx[2m > [22m[2mKeyboard Shortcuts Text Formatting
[22m[39mUpdating existing suggestion node in place
[90mstdout[2m | src/components/Editor3/Editor.stories.jsx[2m > [22m[2mKeyboard Shortcuts Text Formatting
[22m[39mStreaming chunk, total length: 173
[90mstdout[2m | src/components/Editor3/Editor.stories.jsx[2m > [22m[2mKeyboard Shortcuts Text Formatting
[22m[39mupdateSuggestion called with text: This is a sample paragraph about Japanese language. The hiragana writing system consists of 46 basic characters. Each character represents a syllable, making it a syllabary 
[90mstdout[2m | src/components/Editor3/Editor.stories.jsx[2m > [22m[2mKeyboard Shortcuts Text Formatting
[22m[39mUpdating existing suggestion node in place
 [32m✓[39m [30m[42m unit [49m[39m test/unit/notificationInvitations.test.tsx [2m([22m[2m8 tests[22m[2m)[22m[33m 598[2mms[22m[39m
     [33m[2m✓[22m[39m filters by type and excludes interacted [33m 338[2mms[22m[39m
[90mstdout[2m | src/components/Editor3/Editor.stories.jsx[2m > [22m[2mKeyboard Shortcuts Text Formatting
[22m[39mStreaming chunk, total length: 180
[90mstdout[2m | src/components/Editor3/Editor.stories.jsx[2m > [22m[2mKeyboard Shortcuts Text Formatting
[22m[39mupdateSuggestion called with text: This is a sample paragraph about Japanese language. The hiragana writing system consists of 46 basic characters. Each character represents a syllable, making it a syllabary rather 
[90mstdout[2m | src/components/Editor3/Editor.stories.jsx[2m > [22m[2mKeyboard Shortcuts Text Formatting
[22m[39mUpdating existing suggestion node in place
[90mstdout[2m | src/components/Editor3/Editor.stories.jsx[2m > [22m[2mKeyboard Shortcuts Text Formatting
[22m[39mStreaming chunk, total length: 185
[90mstdout[2m | src/components/Editor3/Editor.stories.jsx[2m > [22m[2mKeyboard Shortcuts Text Formatting
[22m[39mupdateSuggestion called with text: This is a sample paragraph about Japanese language. The hiragana writing system consists of 46 basic characters. Each character represents a syllable, making it a syllabary rather than 
[90mstdout[2m | src/components/Editor3/Editor.stories.jsx[2m > [22m[2mKeyboard Shortcuts Text Formatting
[22m[39mUpdating existing suggestion node in place
[90mstdout[2m | src/components/Editor3/Editor.stories.jsx[2m > [22m[2mKeyboard Shortcuts Text Formatting
[22m[39mStreaming chunk, total length: 188
[90mstdout[2m | src/components/Editor3/Editor.stories.jsx[2m > [22m[2mKeyboard Shortcuts Text Formatting
[22m[39mupdateSuggestion called with text: This is a sample paragraph about Japanese language. The hiragana writing system consists of 46 basic characters. Each character represents a syllable, making it a syllabary rather than an 
[90mstdout[2m | src/components/Editor3/Editor.stories.jsx[2m > [22m[2mKeyboard Shortcuts Text Formatting
[22m[39mUpdating existing suggestion node in place
[90mstdout[2m | src/components/Editor3/Editor.stories.jsx[2m > [22m[2mKeyboard Shortcuts Text Formatting
[22m[39mStreaming chunk, total length: 197
[90mstdout[2m | src/components/Editor3/Editor.stories.jsx[2m > [22m[2mKeyboard Shortcuts Text Formatting
[22m[39mupdateSuggestion called with text: This is a sample paragraph about Japanese language. The hiragana writing system consists of 46 basic characters. Each character represents a syllable, making it a syllabary rather than an alphabet.
[90mstdout[2m | src/components/Editor3/Editor.stories.jsx[2m > [22m[2mKeyboard Shortcuts Text Formatting
[22m[39mUpdating existing suggestion node in place
[90mstdout[2m | src/components/Editor3/Editor.stories.jsx[2m > [22m[2mKeyboard Shortcuts Text Formatting
[22m[39mStreaming chunk, total length: 197
[90mstdout[2m | src/components/Editor3/Editor.stories.jsx[2m > [22m[2mKeyboard Shortcuts Text Formatting
[22m[39mupdateSuggestion called with text: This is a sample paragraph about Japanese language. The hiragana writing system consists of 46 basic characters. Each character represents a syllable, making it a syllabary rather than an alphabet.
[90mstdout[2m | src/components/Editor3/Editor.stories.jsx[2m > [22m[2mKeyboard Shortcuts Text Formatting
[22m[39mUpdating existing suggestion node in place
[90mstdout[2m | src/components/Editor3/Editor.stories.jsx[2m > [22m[2mKeyboard Shortcuts Text Formatting
[22m[39mFinal completion: This is a sample paragraph about Japanese language. The hiragana writing system consists of 46 basic characters. Each character represents a syllable, making it a syllabary rather than an alphabet.
[90mstdout[2m | src/components/Editor3/Editor.stories.jsx[2m > [22m[2mKeyboard Shortcuts Text Formatting
[22m[39mupdateSuggestion called with text: This is a sample paragraph about Japanese language. The hiragana writing system consists of 46 basic characters. Each character represents a syllable, making it a syllabary rather than an alphabet.
[90mstdout[2m | src/components/Editor3/Editor.stories.jsx[2m > [22m[2mKeyboard Shortcuts Text Formatting
[22m[39mUpdating existing suggestion node in place
 [32m✓[39m [30m[42m unit [49m[39m src/components/Leaderboard/__tests__/Leaderboard.test.tsx [2m([22m[2m9 tests[22m[2m)[22m[33m 1078[2mms[22m[39m
[90mstdout[2m | src/components/Editor3/Editor.stories.jsx[2m > [22m[2mKeyboard Shortcuts Text Formatting
[22m[39m[Editor onChange] Skipping save - no initial state loaded yet
[90mstdout[2m | src/components/Editor3/Editor.stories.jsx[2m > [22m[2mKeyboard Shortcuts Text Formatting
[22m[39m[Editor onChange] Skipping save - no initial state loaded yet
 [32m✓[39m [30m[42m unit [49m[39m src/components/Gamification/__tests__/Gamification.test.tsx [2m([22m[2m16 tests[22m[2m)[22m[33m 763[2mms[22m[39m
[90mstdout[2m | src/components/Editor3/Editor.stories.jsx[2m > [22m[2mKeyboard Shortcuts Text Formatting
[22m[39m[Editor onChange] Skipping save - no initial state loaded yet
[90mstdout[2m | src/components/Editor3/Editor.stories.jsx[2m > [22m[2mKeyboard Shortcuts Text Formatting
[22m[39m[Editor onChange] Skipping save - no initial state loaded yet
[90mstdout[2m | src/components/Editor3/Editor.stories.jsx[2m > [22m[2mKeyboard Shortcuts Text Formatting
[22m[39m[Editor onChange] Skipping save - no initial state loaded yet
 [32m✓[39m [30m[42m unit [49m[39m src/context/__tests__/gamificationContext.test.tsx [2m([22m[2m29 tests[22m[2m)[22m[33m 565[2mms[22m[39m
[90mstdout[2m | src/components/Editor3/Editor.stories.jsx[2m > [22m[2mKeyboard Shortcuts Text Formatting
[22m[39m[Editor onChange] Skipping save - no initial state loaded yet
[90mstdout[2m | src/components/RecordingStudio3/__tests__/RecordingStudio3.a11y.test.tsx
[22m[39m✓ Loaded .env.test

[90mstdout[2m | src/components/Editor3/Editor.stories.jsx[2m > [22m[2mKeyboard Shortcuts Text Formatting
[22m[39m[Editor onChange] Skipping save - no initial state loaded yet
 [32m✓[39m [30m[45m integration [49m[39m test/integration/question-editor.test.tsx [2m([22m[2m23 tests[22m[2m)[22m[33m 6563[2mms[22m[39m
     [33m[2m✓[22m[39m loads and displays questions from document [33m 538[2mms[22m[39m
     [33m[2m✓[22m[39m creates a multiple choice question [33m 396[2mms[22m[39m
     [33m[2m✓[22m[39m adds a hint to a question [33m 406[2mms[22m[39m
     [33m[2m✓[22m[39m attaches image to question [33m 403[2mms[22m[39m
     [33m[2m✓[22m[39m selects multiple questions [33m 529[2mms[22m[39m
     [33m[2m✓[22m[39m selects all questions [33m 504[2mms[22m[39m
     [33m[2m✓[22m[39m handles large question lists with virtual scrolling [33m 773[2mms[22m[39m
[90mstdout[2m | src/components/Editor3/components/__tests__/Save.test.tsx
[22m[39m✓ Loaded .env.test

[90mstdout[2m | src/components/Editor3/Editor.stories.jsx[2m > [22m[2mKeyboard Shortcuts Text Formatting
[22m[39m[Editor onChange] Skipping save - no initial state loaded yet
[90mstdout[2m | src/context/__tests__/notificationContext.test.tsx
[22m[39m✓ Loaded .env.test

[90mstdout[2m | src/components/Editor3/Editor.stories.jsx[2m > [22m[2mKeyboard Shortcuts Text Formatting
[22m[39m🔑 ENTER KEY pressed in editor
[90mstdout[2m | src/components/Editor3/Editor.stories.jsx[2m > [22m[2mKeyboard Shortcuts Text Formatting
[22m[39m❌ Not in a code node
[90mstdout[2m | src/components/Editor3/Editor.stories.jsx[2m > [22m[2mKeyboard Shortcuts Text Formatting
[22m[39m[Editor onChange] Skipping save - no initial state loaded yet
[90mstdout[2m | src/components/Gamification/__tests__/ContentUnlockAnimation.test.tsx
[22m[39m✓ Loaded .env.test

 [32m✓[39m [30m[42m unit [49m[39m src/context/__tests__/notificationContext.test.tsx [2m([22m[2m11 tests[22m[2m)[22m[32m 211[2mms[22m[39m
[90mstdout[2m | src/components/Editor3/Editor.stories.jsx[2m > [22m[2mKeyboard Shortcuts Text Formatting
[22m[39m[Editor onChange] Skipping save - no initial state loaded yet
[90mstdout[2m | src/components/Editor3/__tests__/NarrativeReader.test.tsx
[22m[39m✓ Loaded .env.test

[90mstdout[2m | src/context/__tests__/gamificationProviderWrapper.test.tsx
[22m[39m✓ Loaded .env.test

 [32m✓[39m [30m[42m unit [49m[39m src/components/Editor3/__tests__/NarrativeReader.test.tsx [2m([22m[2m6 tests[22m[2m)[22m[32m 132[2mms[22m[39m
[90mstdout[2m | src/components/Editor3/Editor.stories.jsx[2m > [22m[2mKeyboard Shortcuts Text Formatting
[22m[39m[Editor onChange] Skipping save - no initial state loaded yet
[90mstdout[2m | src/components/Editor3/Editor.stories.jsx[2m > [22m[2mKeyboard Shortcuts Text Formatting
[22m[39m[Editor onChange] Skipping save - no initial state loaded yet
[90mstdout[2m | src/components/Editor3/Editor.stories.jsx[2m > [22m[2mKeyboard Shortcuts Text Formatting
[22m[39m[Editor onChange] Skipping save - no initial state loaded yet
[90mstdout[2m | src/components/Editor3/Editor.stories.jsx[2m > [22m[2mKeyboard Shortcuts Text Formatting
[22m[39m[Editor onChange] Skipping save - no initial state loaded yet
[90mstdout[2m | src/components/Editor3/Editor.stories.jsx[2m > [22m[2mKeyboard Shortcuts Text Formatting
[22m[39m[Editor onChange] Skipping save - no initial state loaded yet
[90mstdout[2m | src/components/Editor3/Editor.stories.jsx[2m > [22m[2mKeyboard Shortcuts Text Formatting
[22m[39m[Editor onChange] Skipping save - no initial state loaded yet
[90mstdout[2m | test/unit/api/_shared/agentTools.test.ts
[22m[39m✓ Loaded .env.test

 [32m✓[39m [30m[42m unit [49m[39m src/components/Gamification/__tests__/ContentUnlockAnimation.test.tsx [2m([22m[2m5 tests[22m[2m)[22m[32m 188[2mms[22m[39m
[90mstdout[2m | src/components/Editor3/Editor.stories.jsx[2m > [22m[2mKeyboard Shortcuts Text Formatting
[22m[39m[Editor onChange] Skipping save - no initial state loaded yet
 [32m✓[39m [30m[42m unit [49m[39m src/context/__tests__/gamificationProviderWrapper.test.tsx [2m([22m[2m9 tests[22m[2m)[22m[32m 126[2mms[22m[39m
[90mstdout[2m | src/components/Editor3/Editor.stories.jsx[2m > [22m[2mKeyboard Shortcuts Text Formatting
[22m[39m[Editor onChange] Skipping save - no initial state loaded yet
 [32m✓[39m [30m[45m integration [49m[39m test/integration/dictionary-editor.test.tsx [2m([22m[2m10 tests[22m[2m)[22m[33m 6936[2mms[22m[39m
     [33m[2m✓[22m[39m renders toolbar with search input [33m 1113[2mms[22m[39m
     [33m[2m✓[22m[39m renders new word button [33m 632[2mms[22m[39m
     [33m[2m✓[22m[39m renders expand all button [33m 372[2mms[22m[39m
     [33m[2m✓[22m[39m allows typing in search input [33m 454[2mms[22m[39m
     [33m[2m✓[22m[39m opens new word dialog when button is clicked [33m 564[2mms[22m[39m
     [33m[2m✓[22m[39m shows form fields in new word dialog [33m 546[2mms[22m[39m
     [33m[2m✓[22m[39m fills and submits new word form [33m 2318[2mms[22m[39m
     [33m[2m✓[22m[39m renders Lexical editor area [33m 367[2mms[22m[39m
 [32m✓[39m [30m[42m unit [49m[39m test/unit/api/_shared/agentTools.test.ts [2m([22m[2m17 tests[22m[2m)[22m[32m 90[2mms[22m[39m
 [32m✓[39m [30m[42m unit [49m[39m src/components/Editor3/components/__tests__/Save.test.tsx [2m([22m[2m9 tests[22m[2m)[22m[33m 416[2mms[22m[39m
[90mstdout[2m | test/unit/api/hls-route.test.ts
[22m[39m✓ Loaded .env.test

[90mstdout[2m | src/components/Editor3/Editor.stories.jsx[2m > [22m[2mKeyboard Shortcuts Text Formatting
[22m[39m[Editor onChange] Skipping save - no initial state loaded yet
[90mstdout[2m | src/components/Editor3/Editor.stories.jsx[2m > [22m[2mKeyboard Shortcuts Text Formatting
[22m[39m🔑 ENTER KEY pressed in editor
[90mstdout[2m | src/components/Editor3/Editor.stories.jsx[2m > [22m[2mKeyboard Shortcuts Text Formatting
[22m[39m❌ Not in a code node
[90mstdout[2m | src/components/Editor3/Editor.stories.jsx[2m > [22m[2mKeyboard Shortcuts Text Formatting
[22m[39m[Editor onChange] Skipping save - no initial state loaded yet
 [32m✓[39m [30m[42m unit [49m[39m test/unit/api/hls-route.test.ts [2m([22m[2m11 tests[22m[2m)[22m[32m 98[2mms[22m[39m
[90mstdout[2m | src/components/Editor3/Editor.stories.jsx[2m > [22m[2mKeyboard Shortcuts Text Formatting
[22m[39m[Editor onChange] Skipping save - no initial state loaded yet
[90mstdout[2m | test/unit/api/chat-route.test.ts
[22m[39m✓ Loaded .env.test

[90mstdout[2m | test/unit/api/gamification-actions.test.ts
[22m[39m✓ Loaded .env.test

 [32m✓[39m [30m[42m unit [49m[39m test/unit/api/gamification-actions.test.ts [2m([22m[2m19 tests[22m[2m)[22m[32m 34[2mms[22m[39m
[90mstdout[2m | src/components/Editor3/Editor.stories.jsx[2m > [22m[2mKeyboard Shortcuts Text Formatting
[22m[39m[Editor onChange] Skipping save - no initial state loaded yet
[90mstdout[2m | test/unit/notificationHelpers.test.ts
[22m[39m✓ Loaded .env.test

 [32m✓[39m [30m[42m unit [49m[39m test/unit/notificationHelpers.test.ts [2m([22m[2m11 tests[22m[2m)[22m[32m 34[2mms[22m[39m
[90mstdout[2m | src/components/Editor3/Editor.stories.jsx[2m > [22m[2mKeyboard Shortcuts Text Formatting
[22m[39m[Editor onChange] Skipping save - no initial state loaded yet
[90mstdout[2m | src/components/Editor3/Editor.stories.jsx[2m > [22m[2mKeyboard Shortcuts Text Formatting
[22m[39m[Editor onChange] Skipping save - no initial state loaded yet
[90mstdout[2m | test/unit/fileUploadUtils.test.ts
[22m[39m✓ Loaded .env.test

[90mstdout[2m | test/unit/api/_shared/botPersonas.test.ts
[22m[39m✓ Loaded .env.test

 [32m✓[39m [30m[42m unit [49m[39m test/unit/api/chat-route.test.ts [2m([22m[2m16 tests[22m[2m)[22m[32m 57[2mms[22m[39m
[90mstdout[2m | src/components/Editor3/Editor.stories.jsx[2m > [22m[2mKeyboard Shortcuts Text Formatting
[22m[39m[Editor onChange] Skipping save - no initial state loaded yet
 [32m✓[39m [30m[42m unit [49m[39m test/unit/api/_shared/botPersonas.test.ts [2m([22m[2m18 tests[22m[2m)[22m[32m 33[2mms[22m[39m
[90mstdout[2m | src/components/Editor3/Editor.stories.jsx[2m > [22m[2mKeyboard Shortcuts Text Formatting
[22m[39m[Editor onChange] Skipping save - no initial state loaded yet
[90mstdout[2m | src/components/MeaningAssociationExercise/__tests__/modeNavigation.test.ts
[22m[39m✓ Loaded .env.test

[90mstdout[2m | src/components/Editor3/Editor.stories.jsx[2m > [22m[2mKeyboard Shortcuts Text Formatting
[22m[39m[Editor onChange] Skipping save - no initial state loaded yet
[90mstdout[2m | src/components/Editor3/Editor.stories.jsx[2m > [22m[2mKeyboard Shortcuts Text Formatting
[22m[39m[Editor onChange] Skipping save - no initial state loaded yet
[90mstdout[2m | src/components/Editor3/Editor.stories.jsx[2m > [22m[2mKeyboard Shortcuts Text Formatting
[22m[39m[Editor onChange] Skipping save - no initial state loaded yet
[90mstdout[2m | src/components/Editor3/Editor.stories.jsx[2m > [22m[2mKeyboard Shortcuts Text Formatting
[22m[39m[Editor onChange] Skipping save - no initial state loaded yet
[90mstdout[2m | src/components/Editor3/Editor.stories.jsx[2m > [22m[2mKeyboard Shortcuts Text Formatting
[22m[39m[Editor onChange] Skipping save - no initial state loaded yet
[90mstdout[2m | src/components/Editor3/Editor.stories.jsx[2m > [22m[2mKeyboard Shortcuts Text Formatting
[22m[39m[Editor onChange] Skipping save - no initial state loaded yet
[90mstdout[2m | src/components/Editor3/Editor.stories.jsx[2m > [22m[2mKeyboard Shortcuts Text Formatting
[22m[39m🔑 ENTER KEY pressed in editor
[90mstdout[2m | src/components/Editor3/Editor.stories.jsx[2m > [22m[2mKeyboard Shortcuts Text Formatting
[22m[39m❌ Not in a code node
[90mstdout[2m | src/components/Editor3/Editor.stories.jsx[2m > [22m[2mKeyboard Shortcuts Text Formatting
[22m[39m[Editor onChange] Skipping save - no initial state loaded yet
[90mstdout[2m | src/components/Editor3/Editor.stories.jsx[2m > [22m[2mKeyboard Shortcuts Text Formatting
[22m[39m[Editor onChange] Skipping save - no initial state loaded yet
[90mstdout[2m | src/components/Editor3/Editor.stories.jsx[2m > [22m[2mKeyboard Shortcuts Text Formatting
[22m[39m[Editor onChange] Skipping save - no initial state loaded yet
[90mstdout[2m | src/components/Editor3/Editor.stories.jsx[2m > [22m[2mKeyboard Shortcuts Text Formatting
[22m[39m[Editor onChange] Skipping save - no initial state loaded yet
 [32m✓[39m [30m[42m unit [49m[39m src/components/MeaningAssociationExercise/__tests__/modeNavigation.test.ts [2m([22m[2m4 tests[22m[2m)[22m[32m 16[2mms[22m[39m
[90mstdout[2m | src/components/Editor3/Editor.stories.jsx[2m > [22m[2mKeyboard Shortcuts Text Formatting
[22m[39m[Editor onChange] Skipping save - no initial state loaded yet
[90mstdout[2m | src/components/Editor3/Editor.stories.jsx[2m > [22m[2mKeyboard Shortcuts Text Formatting
[22m[39m[Editor onChange] Skipping save - no initial state loaded yet
[90mstdout[2m | src/components/Editor3/Editor.stories.jsx[2m > [22m[2mKeyboard Shortcuts Text Formatting
[22m[39m[Editor onChange] Skipping save - no initial state loaded yet
[90mstdout[2m | src/components/Editor3/Editor.stories.jsx[2m > [22m[2mKeyboard Shortcuts Text Formatting
[22m[39m[Editor onChange] Skipping save - no initial state loaded yet
[90mstdout[2m | src/components/Editor3/Editor.stories.jsx[2m > [22m[2mKeyboard Shortcuts Text Formatting
[22m[39m[Editor onChange] Skipping save - no initial state loaded yet
[90mstdout[2m | src/components/Editor3/Editor.stories.jsx[2m > [22m[2mKeyboard Shortcuts Text Formatting
[22m[39m[Editor onChange] Skipping save - no initial state loaded yet
[90mstdout[2m | src/components/Editor3/Editor.stories.jsx[2m > [22m[2mKeyboard Shortcuts Text Formatting
[22m[39m[Editor onChange] Skipping save - no initial state loaded yet
 [32m✓[39m [30m[42m unit [49m[39m src/components/Gamification/__tests__/NewFeatures.test.tsx [2m([22m[2m46 tests[22m[2m)[22m[33m 35264[2mms[22m[39m
     [33m[2m✓[22m[39m renders all admin sections [33m 5304[2mms[22m[39m
     [33m[2m✓[22m[39m renders existing skills [33m 4222[2mms[22m[39m
     [33m[2m✓[22m[39m calls onAddSkill when add button clicked [33m 8389[2mms[22m[39m
     [33m[2m✓[22m[39m renders existing squads [33m 4452[2mms[22m[39m
     [33m[2m✓[22m[39m calls onCreateSquad with squad name and sectionID [33m 8416[2mms[22m[39m
     [33m[2m✓[22m[39m renders easter eggs and calls onDeleteEasterEgg [33m 1523[2mms[22m[39m
[90mstdout[2m | src/components/Editor3/Editor.stories.jsx[2m > [22m[2mKeyboard Shortcuts Text Formatting
[22m[39m[Editor onChange] Skipping save - no initial state loaded yet
[90mstdout[2m | src/components/Editor3/Editor.stories.jsx[2m > [22m[2mKeyboard Shortcuts Text Formatting
[22m[39m[Editor onChange] Skipping save - no initial state loaded yet
[90mstdout[2m | src/components/Editor3/Editor.stories.jsx[2m > [22m[2mKeyboard Shortcuts Text Formatting
[22m[39m[Editor onChange] Skipping save - no initial state loaded yet
[90mstdout[2m | src/components/Editor3/Editor.stories.jsx[2m > [22m[2mKeyboard Shortcuts Text Formatting
[22m[39m[Editor onChange] Skipping save - no initial state loaded yet
[90mstdout[2m | src/components/Editor3/Editor.stories.jsx[2m > [22m[2mKeyboard Shortcuts Text Formatting
[22m[39m🔑 ENTER KEY pressed in editor
[90mstdout[2m | src/components/Editor3/Editor.stories.jsx[2m > [22m[2mKeyboard Shortcuts Text Formatting
[22m[39m❌ Not in a code node
[90mstdout[2m | src/components/Editor3/Editor.stories.jsx[2m > [22m[2mKeyboard Shortcuts Text Formatting
[22m[39m[Editor onChange] Skipping save - no initial state loaded yet
[90mstdout[2m | src/components/Editor3/Editor.stories.jsx[2m > [22m[2mKeyboard Shortcuts Text Formatting
[22m[39m🔑 ENTER KEY pressed in editor
[90mstdout[2m | src/components/Editor3/Editor.stories.jsx[2m > [22m[2mKeyboard Shortcuts Text Formatting
[22m[39m❌ Not in a code node
[90mstdout[2m | src/components/Editor3/Editor.stories.jsx[2m > [22m[2mKeyboard Shortcuts Text Formatting
[22m[39m[Keyboard Shortcuts Demo] Section 9: Clear Formatting
[90mstdout[2m | src/components/Editor3/Editor.stories.jsx[2m > [22m[2mKeyboard Shortcuts Text Formatting
[22m[39m[Editor onChange] Skipping save - no initial state loaded yet
[90mstdout[2m | src/components/Editor3/Editor.stories.jsx[2m > [22m[2mKeyboard Shortcuts Text Formatting
[22m[39m[Editor onChange] Skipping save - no initial state loaded yet
[90mstdout[2m | src/components/Editor3/Editor.stories.jsx[2m > [22m[2mKeyboard Shortcuts Text Formatting
[22m[39m[Editor onChange] Skipping save - no initial state loaded yet
[90mstdout[2m | src/components/Editor3/Editor.stories.jsx[2m > [22m[2mKeyboard Shortcuts Text Formatting
[22m[39m[Editor onChange] Skipping save - no initial state loaded yet
[90mstdout[2m | src/components/Editor3/Editor.stories.jsx[2m > [22m[2mKeyboard Shortcuts Text Formatting
[22m[39m[Editor onChange] Skipping save - no initial state loaded yet
[90mstdout[2m | src/components/Editor3/Editor.stories.jsx[2m > [22m[2mKeyboard Shortcuts Text Formatting
[22m[39m[Editor onChange] Skipping save - no initial state loaded yet
[90mstdout[2m | src/components/Editor3/Editor.stories.jsx[2m > [22m[2mKeyboard Shortcuts Text Formatting
[22m[39m[Editor onChange] Skipping save - no initial state loaded yet
[90mstdout[2m | src/components/Editor3/Editor.stories.jsx[2m > [22m[2mKeyboard Shortcuts Text Formatting
[22m[39m[Editor onChange] Skipping save - no initial state loaded yet
[90mstdout[2m | src/components/Editor3/Editor.stories.jsx[2m > [22m[2mKeyboard Shortcuts Text Formatting
[22m[39m[Editor onChange] Skipping save - no initial state loaded yet
[90mstdout[2m | src/components/Editor3/Editor.stories.jsx[2m > [22m[2mKeyboard Shortcuts Text Formatting
[22m[39m[Editor onChange] Skipping save - no initial state loaded yet
[90mstdout[2m | src/components/Editor3/Editor.stories.jsx[2m > [22m[2mKeyboard Shortcuts Text Formatting
[22m[39m[Editor onChange] Skipping save - no initial state loaded yet
[90mstdout[2m | src/components/Editor3/Editor.stories.jsx[2m > [22m[2mKeyboard Shortcuts Text Formatting
[22m[39m[Editor onChange] Skipping save - no initial state loaded yet
[90mstdout[2m | src/components/Editor3/Editor.stories.jsx[2m > [22m[2mKeyboard Shortcuts Text Formatting
[22m[39m[Editor onChange] Skipping save - no initial state loaded yet
[90mstdout[2m | src/components/Editor3/Editor.stories.jsx[2m > [22m[2mKeyboard Shortcuts Text Formatting
[22m[39m[Editor onChange] Skipping save - no initial state loaded yet
[90mstdout[2m | src/components/Editor3/Editor.stories.jsx[2m > [22m[2mKeyboard Shortcuts Text Formatting
[22m[39m[Editor onChange] Skipping save - no initial state loaded yet
[90mstdout[2m | src/components/Editor3/Editor.stories.jsx[2m > [22m[2mKeyboard Shortcuts Text Formatting
[22m[39m[Editor onChange] Skipping save - no initial state loaded yet
[90mstdout[2m | src/components/Editor3/Editor.stories.jsx[2m > [22m[2mKeyboard Shortcuts Text Formatting
[22m[39m[Editor onChange] Skipping save - no initial state loaded yet
[90mstdout[2m | src/components/Editor3/Editor.stories.jsx[2m > [22m[2mKeyboard Shortcuts Text Formatting
[22m[39m[Editor onChange] Skipping save - no initial state loaded yet
[90mstdout[2m | src/components/Editor3/Editor.stories.jsx[2m > [22m[2mKeyboard Shortcuts Text Formatting
[22m[39m[Editor onChange] Skipping save - no initial state loaded yet
 [32m✓[39m [30m[42m unit [49m[39m test/unit/fileUploadUtils.test.ts [2m([22m[2m25 tests[22m[2m)[22m[32m 14[2mms[22m[39m
[90mstdout[2m | src/components/Editor3/Editor.stories.jsx[2m > [22m[2mKeyboard Shortcuts Text Formatting
[22m[39m[Editor onChange] Skipping save - no initial state loaded yet
 [32m✓[39m [30m[42m unit [49m[39m src/components/RecordingStudio3/__tests__/RecordingStudio3.a11y.test.tsx [2m([22m[2m2 tests[22m[2m)[22m[32m 264[2mms[22m[39m
[90mstdout[2m | src/components/Editor3/Editor.stories.jsx[2m > [22m[2mKeyboard Shortcuts Text Formatting
[22m[39m[Editor onChange] Skipping save - no initial state loaded yet
[90mstdout[2m | src/components/Editor3/Editor.stories.jsx[2m > [22m[2mKeyboard Shortcuts Text Formatting
[22m[39m🔑 ENTER KEY pressed in editor
[90mstdout[2m | src/components/Editor3/Editor.stories.jsx[2m > [22m[2mKeyboard Shortcuts Text Formatting
[22m[39m❌ Not in a code node
[90mstdout[2m | src/components/Editor3/Editor.stories.jsx[2m > [22m[2mKeyboard Shortcuts Text Formatting
[22m[39m[Editor onChange] Skipping save - no initial state loaded yet
[90mstdout[2m | src/components/Editor3/Editor.stories.jsx[2m > [22m[2mKeyboard Shortcuts Text Formatting
[22m[39m🔑 ENTER KEY pressed in editor
[90mstdout[2m | src/components/Editor3/Editor.stories.jsx[2m > [22m[2mKeyboard Shortcuts Text Formatting
[22m[39m❌ Not in a code node
[90mstdout[2m | src/components/Editor3/Editor.stories.jsx[2m > [22m[2mKeyboard Shortcuts Block Types
[22m[39m[Editor onChange] Skipping save due to tags: [
  "history-merge",
]
[90mstdout[2m | src/components/Editor3/Editor.stories.jsx[2m > [22m[2mKeyboard Shortcuts Block Types
[22m[39m[ChatContext] Cleaning up subscriptions
[90mstdout[2m | src/components/Editor3/Editor.stories.jsx[2m > [22m[2mKeyboard Shortcuts Block Types
[22m[39m[Mock Data] Unit.onUpdate() subscription removed. Remaining: 0
[90mstdout[2m | src/components/Editor3/Editor.stories.jsx[2m > [22m[2mKeyboard Shortcuts Block Types
[22m[39m[useChatPageContext] Cleaning up page context
[90mstdout[2m | src/components/Editor3/Editor.stories.jsx[2m > [22m[2mKeyboard Shortcuts Block Types
[22m[39m[chatTools] Vector store search function registered: false
[90mstdout[2m | src/components/Editor3/Editor.stories.jsx[2m > [22m[2mKeyboard Shortcuts Block Types
[22m[39m[chatTools] Practice drill callback registered: false
[90mstdout[2m | src/components/Editor3/Editor.stories.jsx[2m > [22m[2mKeyboard Shortcuts Block Types
[22m[39m[Preview] Skipped initializing default mock data (initializeMockData=false)
[90mstdout[2m | src/components/Editor3/Editor.stories.jsx[2m > [22m[2mKeyboard Shortcuts Block Types
[22m[39m[Mock Data] seedMockUnit: Adding unit keyboard-shortcuts-block-types-id
[90mstdout[2m | src/components/Editor3/Editor.stories.jsx[2m > [22m[2mKeyboard Shortcuts Block Types
[22m[39m[MOCK CourseVectorStore] Initialized with mock data
[90mstdout[2m | src/components/Editor3/Editor.stories.jsx[2m > [22m[2mKeyboard Shortcuts Block Types
[22m[39m[useTabState] Initialized with: {
  "leftOpen": false,
  "leftTab": 4,
  "leftWidth": 350,
  "rightOpen": false,
  "rightTab": 5,
  "rightWidth": 350,
} from URL: {} localStorage: null defaults: {
  "defaultLeftTab": 4,
  "defaultRightTab": 5,
}
[90mstdout[2m | src/components/Editor3/Editor.stories.jsx[2m > [22m[2mKeyboard Shortcuts Block Types
[22m[39m[FileManager2] Files received from context: 0 []
[90mstdout[2m | src/components/Editor3/Editor.stories.jsx[2m > [22m[2mKeyboard Shortcuts Block Types
[22m[39m[FileManager2] Upload useEffect triggered. filesToUpload: 0 uploadInProgress: false
[90mstdout[2m | src/components/Editor3/Editor.stories.jsx[2m > [22m[2mKeyboard Shortcuts Block Types
[22m[39m[FileManager2] Skipping upload - no files or already in progress
[90mstdout[2m | src/components/Editor3/Editor.stories.jsx[2m > [22m[2mKeyboard Shortcuts Block Types
[22m[39m[chatTools] Vector store search function registered: true
[90mstdout[2m | src/components/Editor3/Editor.stories.jsx[2m > [22m[2mKeyboard Shortcuts Block Types
[22m[39m[ChatSidebar] Registered vector store search, isReady: false
[90mstdout[2m | src/components/Editor3/Editor.stories.jsx[2m > [22m[2mKeyboard Shortcuts Block Types
[22m[39m[chatTools] Practice drill callback registered: true
[90mstdout[2m | src/components/Editor3/Editor.stories.jsx[2m > [22m[2mKeyboard Shortcuts Block Types
[22m[39m[useChatPageContext] Registering page context: {
  "dictionaryCount": 0,
  "filesCount": 0,
  "hasEditorRef": true,
  "hasUnit": true,
  "hasVectorStoreSearch": true,
  "questionsCount": 0,
  "sectionsCount": 0,
}
[90mstdout[2m | src/components/Editor3/Editor.stories.jsx[2m > [22m[2mKeyboard Shortcuts Block Types
[22m[39m[TranslationModeController] Setting mode to: off
[90mstdout[2m | src/components/Editor3/Editor.stories.jsx[2m > [22m[2mKeyboard Shortcuts Block Types
[22m[39m[UnitContext] useEffect triggered {
  "authLoading": false,
  "hasUser": true,
  "id": "keyboard-shortcuts-block-types-id",
  "userSub": "mock-user-sub",
}
[90mstdout[2m | src/components/Editor3/Editor.stories.jsx[2m > [22m[2mKeyboard Shortcuts Block Types
[22m[39m[UnitContext] Fetching unit data for id: keyboard-shortcuts-block-types-id
[90mstdout[2m | src/components/Editor3/Editor.stories.jsx[2m > [22m[2mKeyboard Shortcuts Block Types
[22m[39m[FilesContext] Initializing vector store from IndexedDB
[90mstdout[2m | src/components/Editor3/Editor.stories.jsx[2m > [22m[2mKeyboard Shortcuts Block Types
[22m[39m[FilesContext] fetchFiles called
[90mstdout[2m | src/components/Editor3/Editor.stories.jsx[2m > [22m[2mKeyboard Shortcuts Block Types
[22m[39m[FilesContext] User authenticated: mock-user-sub
[90mstdout[2m | src/components/Editor3/Editor.stories.jsx[2m > [22m[2mKeyboard Shortcuts Block Types
[22m[39m[FilesContext] Identity ID: us-east-1:mock-identity-123
[90mstdout[2m | src/components/Editor3/Editor.stories.jsx[2m > [22m[2mKeyboard Shortcuts Block Types
[22m[39m[FilesContext] About to set up File observeQuery
[90mstdout[2m | src/components/Editor3/Editor.stories.jsx[2m > [22m[2mKeyboard Shortcuts Block Types
[22m[39m[ChatContext] Setting up AssistantChat observeQuery
[90mstdout[2m | src/components/Editor3/Editor.stories.jsx[2m > [22m[2mKeyboard Shortcuts Block Types
[22m[39m[ChatContext] Waiting for subscription to initialize
[90mstdout[2m | src/components/Editor3/Editor.stories.jsx[2m > [22m[2mKeyboard Shortcuts Block Types
[22m[39m[SettingsContext] Setting up Settings subscription for user: mock-user-sub
[90mstdout[2m | src/components/Editor3/Editor.stories.jsx[2m > [22m[2mKeyboard Shortcuts Block Types
[22m[39m[useChatPageContext] Cleaning up page context
[90mstdout[2m | src/components/Editor3/Editor.stories.jsx[2m > [22m[2mKeyboard Shortcuts Block Types
[22m[39m[useChatPageContext] Registering page context: {
  "dictionaryCount": 0,
  "filesCount": 0,
  "hasEditorRef": true,
  "hasUnit": true,
  "hasVectorStoreSearch": true,
  "questionsCount": 0,
  "sectionsCount": 0,
}
[90mstdout[2m | src/components/Editor3/Editor.stories.jsx[2m > [22m[2mKeyboard Shortcuts Block Types
[22m[39m[Editor onChange] Skipping save - no initial state loaded yet
[90mstdout[2m | src/components/Editor3/Editor.stories.jsx[2m > [22m[2mKeyboard Shortcuts Block Types
[22m[39m[Mock Data] Settings created: mock-settings-1790417038362 - notified 0 subscribers
[90mstdout[2m | src/components/Editor3/Editor.stories.jsx[2m > [22m[2mKeyboard Shortcuts Block Types
[22m[39m[Mock Data] Unit.onUpdate() subscription added. Total: 1
[90mstdout[2m | src/components/Editor3/Editor.stories.jsx[2m > [22m[2mKeyboard Shortcuts Block Types
[22m[39m[Mock] CollaborationPlugin rendered with props: {
  "color": "#f59e0b",
  "cursorsContainerRef": {
    "current": <div
      class="jsx-9364b876b91d91fe collaboration-cursors-container"
      style="position: relative;"
    >
      <div
        aria-label="Edit"
        class="editor"
        contenteditable="true"
        data-lexical-editor="true"
        data-tour="editor"
        role="textbox"
        spellcheck="true"
        style="max-width: 100%; outline: none; min-height: 100%; padding: 1rem 2rem 1rem 0.5rem; user-select: text; white-space: pre-wrap; word-break: break-word;"
      />
      <div
        class="jsx-e404209429cec6f3 editor-placeholder"
      >
        Start typing or use the toolbar above to add content...
      </div>
    </div>,
  },
  "provider": YjsDocProvider {
    "awareness": Awareness {
      "_checkInterval": 1209,
      "_observers": Map {},
      "clientID": 2769995577,
      "doc": {
        "editorContent": "",
        "metadata": {},
      },
      "meta": Map {
        2769995577 => {
          "clock": 0,
          "lastUpdated": 1790417038138,
        },
      },
      "states": Map {
        2769995577 => {},
      },
    },
    "config": {
      "connect": false,
      "docName": "unit-null",
      "maxBackoffTime": 30000,
      "persistence": false,
      "resyncInterval": 5000,
      "wsUrl": "wss://j5eyo7cpia.execute-api.us-east-1.amazonaws.com/live",
    },
    "defaultConfig": {
      "connect": true,
      "maxBackoffTime": 30000,
      "persistence": true,
      "resyncInterval": 5000,
      "wsUrl": "wss://j5eyo7cpia.execute-api.us-east-1.amazonaws.com/live",
    },
    "docName": "unit-null",
    "hasLoggedConnectionError": false,
    "indexeddb": null,
    "lastStatusLog": "",
    "listeners": Map {
      "doc-reset" => Set {
        [Function handleDocReset],
      },
    },
    "resetCount": 0,
    "wsProvider": null,
    "ydoc": {
      "editorContent": "",
      "metadata": {},
    },
  },
  "username": "mock-user-sub",
}
[90mstdout[2m | src/components/Editor3/Editor.stories.jsx[2m > [22m[2mKeyboard Shortcuts Block Types
[22m[39m[Editor onChange] Skipping save due to tags: [
  "history-merge",
]
[90mstdout[2m | src/components/Editor3/Editor.stories.jsx[2m > [22m[2mKeyboard Shortcuts Block Types
[22m[39m[chatTools] Vector store search function registered: false
[90mstdout[2m | src/components/Editor3/Editor.stories.jsx[2m > [22m[2mKeyboard Shortcuts Block Types
[22m[39m[chatTools] Practice drill callback registered: false
[90mstdout[2m | src/components/Editor3/Editor.stories.jsx[2m > [22m[2mKeyboard Shortcuts Block Types
[22m[39m[useChatPageContext] Cleaning up page context
[90mstdout[2m | src/components/Editor3/Editor.stories.jsx[2m > [22m[2mKeyboard Shortcuts Block Types
[22m[39m[FileManager2] Files received from context: 0 []
[90mstdout[2m | src/components/Editor3/Editor.stories.jsx[2m > [22m[2mKeyboard Shortcuts Block Types
[22m[39m[FileManager2] Upload useEffect triggered. filesToUpload: 0 uploadInProgress: false
[90mstdout[2m | src/components/Editor3/Editor.stories.jsx[2m > [22m[2mKeyboard Shortcuts Block Types
[22m[39m[FileManager2] Skipping upload - no files or already in progress
[90mstdout[2m | src/components/Editor3/Editor.stories.jsx[2m > [22m[2mKeyboard Shortcuts Block Types
[22m[39m[chatTools] Vector store search function registered: true
[90mstdout[2m | src/components/Editor3/Editor.stories.jsx[2m > [22m[2mKeyboard Shortcuts Block Types
[22m[39m[ChatSidebar] Registered vector store search, isReady: false
[90mstdout[2m | src/components/Editor3/Editor.stories.jsx[2m > [22m[2mKeyboard Shortcuts Block Types
[22m[39m[chatTools] Practice drill callback registered: true
[90mstdout[2m | src/components/Editor3/Editor.stories.jsx[2m > [22m[2mKeyboard Shortcuts Block Types
[22m[39m[useChatPageContext] Registering page context: {
  "dictionaryCount": 0,
  "filesCount": 0,
  "hasEditorRef": true,
  "hasUnit": true,
  "hasVectorStoreSearch": true,
  "questionsCount": 0,
  "sectionsCount": 0,
}
[90mstdout[2m | src/components/Editor3/Editor.stories.jsx[2m > [22m[2mKeyboard Shortcuts Block Types
[22m[39m[Mock] CollaborationPlugin rendered with props: {
  "color": "#f59e0b",
  "cursorsContainerRef": {
    "current": <div
      class="jsx-9364b876b91d91fe collaboration-cursors-container"
      style="position: relative;"
    >
      <div
        aria-label="Edit"
        autocapitalize="off"
        class="editor"
        contenteditable="true"
        data-lexical-editor="true"
        data-tour="editor"
        role="textbox"
        spellcheck="true"
        style="max-width: 100%; outline: none; min-height: 100%; padding: 1rem 2rem 1rem 0.5rem; user-select: text; white-space: pre-wrap; word-break: break-word;"
      />
      <div
        class="jsx-e404209429cec6f3 editor-placeholder"
      >
        Start typing or use the toolbar above to add content...
      </div>
    </div>,
  },
  "provider": YjsDocProvider {
    "awareness": Awareness {
      "_checkInterval": 1209,
      "_observers": Map {},
      "clientID": 2769995577,
      "doc": {
        "editorContent": "",
        "metadata": {},
      },
      "meta": Map {
        2769995577 => {
          "clock": 0,
          "lastUpdated": 1790417038138,
        },
      },
      "states": Map {
        2769995577 => {},
      },
    },
    "config": {
      "connect": false,
      "docName": "unit-null",
      "maxBackoffTime": 30000,
      "persistence": false,
      "resyncInterval": 5000,
      "wsUrl": "wss://j5eyo7cpia.execute-api.us-east-1.amazonaws.com/live",
    },
    "defaultConfig": {
      "connect": true,
      "maxBackoffTime": 30000,
      "persistence": true,
      "resyncInterval": 5000,
      "wsUrl": "wss://j5eyo7cpia.execute-api.us-east-1.amazonaws.com/live",
    },
    "docName": "unit-null",
    "hasLoggedConnectionError": false,
    "indexeddb": null,
    "lastStatusLog": "",
    "listeners": Map {
      "doc-reset" => Set {
        [Function handleDocReset],
      },
    },
    "resetCount": 0,
    "wsProvider": null,
    "ydoc": {
      "editorContent": "",
      "metadata": {},
    },
  },
  "username": "mock-user-sub",
}
[90mstdout[2m | src/components/Editor3/Editor.stories.jsx[2m > [22m[2mKeyboard Shortcuts Block Types
[22m[39m[useChatPageContext] Cleaning up page context
[90mstdout[2m | src/components/Editor3/Editor.stories.jsx[2m > [22m[2mKeyboard Shortcuts Block Types
[22m[39m[useChatPageContext] Registering page context: {
  "dictionaryCount": 0,
  "filesCount": 0,
  "hasEditorRef": true,
  "hasUnit": true,
  "hasVectorStoreSearch": true,
  "questionsCount": 0,
  "sectionsCount": 0,
}
[90mstdout[2m | src/components/Editor3/Editor.stories.jsx[2m > [22m[2mKeyboard Shortcuts Block Types
[22m[39m[Mock] CollaborationPlugin rendered with props: {
  "color": "#f59e0b",
  "cursorsContainerRef": {
    "current": <div
      class="jsx-9364b876b91d91fe collaboration-cursors-container"
      style="position: relative;"
    >
      <div
        aria-label="Edit"
        autocapitalize="off"
        class="editor"
        contenteditable="true"
        data-lexical-editor="true"
        data-tour="editor"
        role="textbox"
        spellcheck="true"
        style="max-width: 100%; outline: none; min-height: 100%; padding: 1rem 2rem 1rem 0.5rem; user-select: text; white-space: pre-wrap; word-break: break-word;"
      />
      <div
        class="jsx-e404209429cec6f3 editor-placeholder"
      >
        Start typing or use the toolbar above to add content...
      </div>
    </div>,
  },
  "provider": YjsDocProvider {
    "awareness": Awareness {
      "_checkInterval": 1209,
      "_observers": Map {},
      "clientID": 2769995577,
      "doc": {
        "editorContent": "",
        "metadata": {},
      },
      "meta": Map {
        2769995577 => {
          "clock": 0,
          "lastUpdated": 1790417038138,
        },
      },
      "states": Map {
        2769995577 => {},
      },
    },
    "config": {
      "connect": false,
      "docName": "unit-null",
      "maxBackoffTime": 30000,
      "persistence": false,
      "resyncInterval": 5000,
      "wsUrl": "wss://j5eyo7cpia.execute-api.us-east-1.amazonaws.com/live",
    },
    "defaultConfig": {
      "connect": true,
      "maxBackoffTime": 30000,
      "persistence": true,
      "resyncInterval": 5000,
      "wsUrl": "wss://j5eyo7cpia.execute-api.us-east-1.amazonaws.com/live",
    },
    "docName": "unit-null",
    "hasLoggedConnectionError": false,
    "indexeddb": null,
    "lastStatusLog": "",
    "listeners": Map {
      "doc-reset" => Set {
        [Function handleDocReset],
      },
    },
    "resetCount": 0,
    "wsProvider": null,
    "ydoc": {
      "editorContent": "",
      "metadata": {},
    },
  },
  "username": "mock-user-sub",
}
[90mstdout[2m | src/components/Editor3/Editor.stories.jsx[2m > [22m[2mKeyboard Shortcuts Block Types
[22m[39m[Editor onChange] Skipping save - no initial state loaded yet
[90mstdout[2m | src/components/Editor3/Editor.stories.jsx[2m > [22m[2mKeyboard Shortcuts Block Types
[22m[39m[Mock] CollaborationPlugin rendered with props: {
  "color": "#f59e0b",
  "cursorsContainerRef": {
    "current": <div
      class="jsx-9364b876b91d91fe collaboration-cursors-container"
      style="position: relative;"
    >
      <div
        aria-label="Edit"
        class="editor"
        contenteditable="true"
        data-lexical-editor="true"
        data-tour="editor"
        role="textbox"
        spellcheck="true"
        style="max-width: 100%; outline: none; min-height: 100%; padding: 1rem 2rem 1rem 0.5rem; user-select: text; white-space: pre-wrap; word-break: break-word;"
      />
      <div
        class="jsx-e404209429cec6f3 editor-placeholder"
      >
        Start typing or use the toolbar above to add content...
      </div>
    </div>,
  },
  "provider": YjsDocProvider {
    "awareness": Awareness {
      "_checkInterval": 1209,
      "_observers": Map {},
      "clientID": 2769995577,
      "doc": {
        "editorContent": "",
        "metadata": {},
      },
      "meta": Map {
        2769995577 => {
          "clock": 0,
          "lastUpdated": 1790417038138,
        },
      },
      "states": Map {
        2769995577 => {},
      },
    },
    "config": {
      "connect": false,
      "docName": "unit-null",
      "maxBackoffTime": 30000,
      "persistence": false,
      "resyncInterval": 5000,
      "wsUrl": "wss://j5eyo7cpia.execute-api.us-east-1.amazonaws.com/live",
    },
    "defaultConfig": {
      "connect": true,
      "maxBackoffTime": 30000,
      "persistence": true,
      "resyncInterval": 5000,
      "wsUrl": "wss://j5eyo7cpia.execute-api.us-east-1.amazonaws.com/live",
    },
    "docName": "unit-null",
    "hasLoggedConnectionError": false,
    "indexeddb": null,
    "lastStatusLog": "",
    "listeners": Map {
      "doc-reset" => Set {
        [Function handleDocReset],
      },
    },
    "resetCount": 0,
    "wsProvider": null,
    "ydoc": {
      "editorContent": "",
      "metadata": {},
    },
  },
  "username": "mock-user-sub",
}
[90mstdout[2m | src/components/Editor3/Editor.stories.jsx[2m > [22m[2mKeyboard Shortcuts Block Types
[22m[39m[SectionContext] Section observeQuery update: 0
[90mstdout[2m | src/components/Editor3/Editor.stories.jsx[2m > [22m[2mKeyboard Shortcuts Block Types
[22m[39m[FilesContext] File observeQuery update: 0 files
[90mstdout[2m | src/components/Editor3/Editor.stories.jsx[2m > [22m[2mKeyboard Shortcuts Block Types
[22m[39m[ChatContext] AssistantChat initialized with 0 chats
[90mstdout[2m | src/components/Editor3/Editor.stories.jsx[2m > [22m[2mKeyboard Shortcuts Block Types
[22m[39m[MOCK CourseVectorStore] Initialized with mock data
[90mstdout[2m | src/components/Editor3/Editor.stories.jsx[2m > [22m[2mKeyboard Shortcuts Block Types
[22m[39m[Mock] CollaborationPlugin rendered with props: {
  "color": "#f59e0b",
  "cursorsContainerRef": {
    "current": <div
      class="jsx-9364b876b91d91fe collaboration-cursors-container"
      style="position: relative;"
    >
      <div
        aria-label="Edit"
        class="editor"
        contenteditable="true"
        data-lexical-editor="true"
        data-tour="editor"
        role="textbox"
        spellcheck="true"
        style="max-width: 100%; outline: none; min-height: 100%; padding: 1rem 2rem 1rem 0.5rem; user-select: text; white-space: pre-wrap; word-break: break-word;"
      />
      <div
        class="jsx-e404209429cec6f3 editor-placeholder"
      >
        Start typing or use the toolbar above to add content...
      </div>
    </div>,
  },
  "provider": YjsDocProvider {
    "awareness": Awareness {
      "_checkInterval": 1209,
      "_observers": Map {},
      "clientID": 2769995577,
      "doc": {
        "editorContent": "",
        "metadata": {},
      },
      "meta": Map {
        2769995577 => {
          "clock": 0,
          "lastUpdated": 1790417038138,
        },
      },
      "states": Map {
        2769995577 => {},
      },
    },
    "config": {
      "connect": false,
      "docName": "unit-null",
      "maxBackoffTime": 30000,
      "persistence": false,
      "resyncInterval": 5000,
      "wsUrl": "wss://j5eyo7cpia.execute-api.us-east-1.amazonaws.com/live",
    },
    "defaultConfig": {
      "connect": true,
      "maxBackoffTime": 30000,
      "persistence": true,
      "resyncInterval": 5000,
      "wsUrl": "wss://j5eyo7cpia.execute-api.us-east-1.amazonaws.com/live",
    },
    "docName": "unit-null",
    "hasLoggedConnectionError": false,
    "indexeddb": null,
    "lastStatusLog": "",
    "listeners": Map {
      "doc-reset" => Set {
        [Function handleDocReset],
      },
    },
    "resetCount": 0,
    "wsProvider": null,
    "ydoc": {
      "editorContent": "",
      "metadata": {},
    },
  },
  "username": "mock-user-sub",
}
[90mstdout[2m | src/components/Editor3/Editor.stories.jsx[2m > [22m[2mKeyboard Shortcuts Block Types
[22m[39m[FileManager2] Files received from context: 0 []
[90mstdout[2m | src/components/Editor3/Editor.stories.jsx[2m > [22m[2mKeyboard Shortcuts Block Types
[22m[39m[ChatContext] No current chat available, will create one
[90mstdout[2m | src/components/Editor3/Editor.stories.jsx[2m > [22m[2mKeyboard Shortcuts Block Types
[22m[39m[ChatContext] Creating AssistantChat with user: undefined
[90mstdout[2m | src/components/Editor3/Editor.stories.jsx[2m > [22m[2mKeyboard Shortcuts Block Types
[22m[39m[Mock Data] AssistantChat created: mock-assistantchat-1790417038887 - notified 1 subscribers
[90mstdout[2m | src/components/Editor3/Editor.stories.jsx[2m > [22m[2mKeyboard Shortcuts Block Types
[22m[39m[Mock] CollaborationPlugin rendered with props: {
  "color": "#f59e0b",
  "cursorsContainerRef": {
    "current": <div
      class="jsx-9364b876b91d91fe collaboration-cursors-container"
      style="position: relative;"
    >
      <div
        aria-label="Edit"
        class="editor"
        contenteditable="true"
        data-lexical-editor="true"
        data-tour="editor"
        role="textbox"
        spellcheck="true"
        style="max-width: 100%; outline: none; min-height: 100%; padding: 1rem 2rem 1rem 0.5rem; user-select: text; white-space: pre-wrap; word-break: break-word;"
      />
      <div
        class="jsx-e404209429cec6f3 editor-placeholder"
      >
        Start typing or use the toolbar above to add content...
      </div>
    </div>,
  },
  "provider": YjsDocProvider {
    "awareness": Awareness {
      "_checkInterval": 1209,
      "_observers": Map {},
      "clientID": 2769995577,
      "doc": {
        "editorContent": "",
        "metadata": {},
      },
      "meta": Map {
        2769995577 => {
          "clock": 0,
          "lastUpdated": 1790417038138,
        },
      },
      "states": Map {
        2769995577 => {},
      },
    },
    "config": {
      "connect": false,
      "docName": "unit-null",
      "maxBackoffTime": 30000,
      "persistence": false,
      "resyncInterval": 5000,
      "wsUrl": "wss://j5eyo7cpia.execute-api.us-east-1.amazonaws.com/live",
    },
    "defaultConfig": {
      "connect": true,
      "maxBackoffTime": 30000,
      "persistence": true,
      "resyncInterval": 5000,
      "wsUrl": "wss://j5eyo7cpia.execute-api.us-east-1.amazonaws.com/live",
    },
    "docName": "unit-null",
    "hasLoggedConnectionError": false,
    "indexeddb": null,
    "lastStatusLog": "",
    "listeners": Map {
      "doc-reset" => Set {
        [Function handleDocReset],
      },
    },
    "resetCount": 0,
    "wsProvider": null,
    "ydoc": {
      "editorContent": "",
      "metadata": {},
    },
  },
  "username": "mock-user-sub",
}
[90mstdout[2m | src/components/Editor3/Editor.stories.jsx[2m > [22m[2mKeyboard Shortcuts Block Types
[22m[39m[ChatContext] Create result: {
  "data": {
    "_version": 1,
    "archived": false,
    "chatFiles": [Function anonymous],
    "createdAt": "2026-09-26T10:03:58.887Z",
    "id": "mock-assistantchat-1790417038887",
    "model": "gpt-4",
    "updatedAt": "2026-09-26T10:03:58.887Z",
  },
  "errors": [],
  "hasData": true,
  "hasErrors": true,
}
[90mstdout[2m | src/components/Editor3/Editor.stories.jsx[2m > [22m[2mKeyboard Shortcuts Block Types
[22m[39m[ChatContext] Created AssistantChat: mock-assistantchat-1790417038887 at: 2026-09-26T10:03:58.887Z
[90mstdout[2m | src/components/Editor3/Editor.stories.jsx[2m > [22m[2mKeyboard Shortcuts Block Types
[22m[39m[Mock Storage] downloadData called with: undefined
[90mstdout[2m | src/components/Editor3/Editor.stories.jsx[2m > [22m[2mKeyboard Shortcuts Block Types
[22m[39m[ChatContext] Setting initial chat: mock-assistantchat-1790417038887
[90mstdout[2m | src/components/Editor3/Editor.stories.jsx[2m > [22m[2mKeyboard Shortcuts Block Types
[22m[39m[Mock] CollaborationPlugin rendered with props: {
  "color": "#f59e0b",
  "cursorsContainerRef": {
    "current": <div
      class="jsx-9364b876b91d91fe collaboration-cursors-container"
      style="position: relative;"
    >
      <div
        aria-label="Edit"
        class="editor"
        contenteditable="true"
        data-lexical-editor="true"
        data-tour="editor"
        role="textbox"
        spellcheck="true"
        style="max-width: 100%; outline: none; min-height: 100%; padding: 1rem 2rem 1rem 0.5rem; user-select: text; white-space: pre-wrap; word-break: break-word;"
      />
      <div
        class="jsx-e404209429cec6f3 editor-placeholder"
      >
        Start typing or use the toolbar above to add content...
      </div>
    </div>,
  },
  "provider": YjsDocProvider {
    "awareness": Awareness {
      "_checkInterval": 1209,
      "_observers": Map {},
      "clientID": 2769995577,
      "doc": {
        "editorContent": "",
        "metadata": {},
      },
      "meta": Map {
        2769995577 => {
          "clock": 0,
          "lastUpdated": 1790417038138,
        },
      },
      "states": Map {
        2769995577 => {},
      },
    },
    "config": {
      "connect": false,
      "docName": "unit-null",
      "maxBackoffTime": 30000,
      "persistence": false,
      "resyncInterval": 5000,
      "wsUrl": "wss://j5eyo7cpia.execute-api.us-east-1.amazonaws.com/live",
    },
    "defaultConfig": {
      "connect": true,
      "maxBackoffTime": 30000,
      "persistence": true,
      "resyncInterval": 5000,
      "wsUrl": "wss://j5eyo7cpia.execute-api.us-east-1.amazonaws.com/live",
    },
    "docName": "unit-null",
    "hasLoggedConnectionError": false,
    "indexeddb": null,
    "lastStatusLog": "",
    "listeners": Map {
      "doc-reset" => Set {
        [Function handleDocReset],
      },
    },
    "resetCount": 0,
    "wsProvider": null,
    "ydoc": {
      "editorContent": "",
      "metadata": {},
    },
  },
  "username": "mock-user-sub",
}
[90mstdout[2m | src/components/Editor3/Editor.stories.jsx[2m > [22m[2mKeyboard Shortcuts Block Types
[22m[39m[ChatSidebar] Loading messages for chat: mock-assistantchat-1790417038887 count: 0
[90mstdout[2m | src/components/Editor3/Editor.stories.jsx[2m > [22m[2mKeyboard Shortcuts Block Types
[22m[39m[ChatSidebar] deepCloneMessages: returning empty array
[90mstdout[2m | src/components/Editor3/Editor.stories.jsx[2m > [22m[2mKeyboard Shortcuts Block Types
[22m[39m[ChatContext] Chat exists and not archived, skipping creation
[90mstdout[2m | src/components/Editor3/Editor.stories.jsx[2m > [22m[2mKeyboard Shortcuts Block Types
[22m[39m[Keyboard Shortcuts Demo] Section 2: Block Types
[90mstdout[2m | src/components/Editor3/Editor.stories.jsx[2m > [22m[2mKeyboard Shortcuts Block Types
[22m[39m[Editor onChange] Skipping save - no initial state loaded yet
[90mstdout[2m | src/components/Editor3/Editor.stories.jsx[2m > [22m[2mKeyboard Shortcuts Block Types
[22m[39m[Editor onChange] Skipping save - no initial state loaded yet
[90mstdout[2m | src/components/Editor3/Editor.stories.jsx[2m > [22m[2mKeyboard Shortcuts Block Types
[22m[39m[Editor onChange] Skipping save - no initial state loaded yet
[90mstdout[2m | src/components/Editor3/Editor.stories.jsx[2m > [22m[2mKeyboard Shortcuts Block Types
[22m[39m[Editor onChange] Skipping save - no initial state loaded yet
[90mstdout[2m | src/components/Editor3/Editor.stories.jsx[2m > [22m[2mKeyboard Shortcuts Block Types
[22m[39m[Editor onChange] Skipping save - no initial state loaded yet
[90mstdout[2m | src/components/Editor3/Editor.stories.jsx[2m > [22m[2mKeyboard Shortcuts Block Types
[22m[39m[Editor onChange] Skipping save - no initial state loaded yet
[90mstdout[2m | src/components/Editor3/Editor.stories.jsx[2m > [22m[2mKeyboard Shortcuts Block Types
[22m[39m[Editor onChange] Skipping save - no initial state loaded yet
[90mstdout[2m | src/components/Editor3/Editor.stories.jsx[2m > [22m[2mKeyboard Shortcuts Block Types
[22m[39m[Editor onChange] Skipping save - no initial state loaded yet
[90mstdout[2m | src/components/Editor3/Editor.stories.jsx[2m > [22m[2mKeyboard Shortcuts Block Types
[22m[39m[Editor onChange] Skipping save - no initial state loaded yet
[90mstdout[2m | src/components/Editor3/Editor.stories.jsx[2m > [22m[2mKeyboard Shortcuts Block Types
[22m[39m[Editor onChange] Skipping save - no initial state loaded yet
[90mstdout[2m | src/components/Editor3/Editor.stories.jsx[2m > [22m[2mKeyboard Shortcuts Block Types
[22m[39m[Editor onChange] Skipping save - no initial state loaded yet
[90mstdout[2m | src/components/Editor3/Editor.stories.jsx[2m > [22m[2mKeyboard Shortcuts Block Types
[22m[39m[Editor onChange] Skipping save - no initial state loaded yet
[90mstdout[2m | src/components/Editor3/Editor.stories.jsx[2m > [22m[2mKeyboard Shortcuts Block Types
[22m[39m🔑 ENTER KEY pressed in editor
[90mstdout[2m | src/components/Editor3/Editor.stories.jsx[2m > [22m[2mKeyboard Shortcuts Block Types
[22m[39m❌ Not in a code node
[90mstdout[2m | src/components/Editor3/Editor.stories.jsx[2m > [22m[2mKeyboard Shortcuts Block Types
[22m[39m[Editor onChange] Skipping save - no initial state loaded yet
[90mstdout[2m | src/components/Editor3/Editor.stories.jsx[2m > [22m[2mKeyboard Shortcuts Block Types
[22m[39m[Editor onChange] Skipping save - no initial state loaded yet
[90mstdout[2m | src/components/Editor3/Editor.stories.jsx[2m > [22m[2mKeyboard Shortcuts Block Types
[22m[39m[Editor onChange] Skipping save - no initial state loaded yet
[90mstdout[2m | src/components/Editor3/Editor.stories.jsx[2m > [22m[2mKeyboard Shortcuts Block Types
[22m[39m[Editor onChange] Skipping save - no initial state loaded yet
[90mstdout[2m | src/components/Editor3/Editor.stories.jsx[2m > [22m[2mKeyboard Shortcuts Block Types
[22m[39m[Editor onChange] Skipping save - no initial state loaded yet
[90mstdout[2m | src/components/Editor3/Editor.stories.jsx[2m > [22m[2mKeyboard Shortcuts Block Types
[22m[39m[Editor onChange] Skipping save - no initial state loaded yet
[90mstdout[2m | src/components/Editor3/Editor.stories.jsx[2m > [22m[2mKeyboard Shortcuts Block Types
[22m[39m[Editor onChange] Skipping save - no initial state loaded yet
[90mstdout[2m | src/components/Editor3/Editor.stories.jsx[2m > [22m[2mKeyboard Shortcuts Block Types
[22m[39m[Editor onChange] Skipping save - no initial state loaded yet
[90mstdout[2m | src/components/Editor3/Editor.stories.jsx[2m > [22m[2mKeyboard Shortcuts Block Types
[22m[39m[Editor onChange] Skipping save - no initial state loaded yet
[90mstdout[2m | src/components/Editor3/Editor.stories.jsx[2m > [22m[2mKeyboard Shortcuts Block Types
[22m[39m[Editor onChange] Skipping save - no initial state loaded yet
[90mstdout[2m | src/components/Editor3/Editor.stories.jsx[2m > [22m[2mKeyboard Shortcuts Block Types
[22m[39m[Editor onChange] Skipping save - no initial state loaded yet
[90mstdout[2m | src/components/Editor3/Editor.stories.jsx[2m > [22m[2mKeyboard Shortcuts Block Types
[22m[39m[Editor onChange] Skipping save - no initial state loaded yet
[90mstdout[2m | src/components/Editor3/Editor.stories.jsx[2m > [22m[2mKeyboard Shortcuts Block Types
[22m[39m🔑 ENTER KEY pressed in editor
[90mstdout[2m | src/components/Editor3/Editor.stories.jsx[2m > [22m[2mKeyboard Shortcuts Block Types
[22m[39m❌ Not in a code node
[90mstdout[2m | src/components/Editor3/Editor.stories.jsx[2m > [22m[2mKeyboard Shortcuts Block Types
[22m[39m[Editor onChange] Skipping save - no initial state loaded yet
[90mstdout[2m | src/components/Editor3/Editor.stories.jsx[2m > [22m[2mKeyboard Shortcuts Block Types
[22m[39m[Editor onChange] Skipping save - no initial state loaded yet
[90mstdout[2m | src/components/Editor3/Editor.stories.jsx[2m > [22m[2mKeyboard Shortcuts Block Types
[22m[39m[Editor onChange] Skipping save - no initial state loaded yet
[90mstdout[2m | src/components/Editor3/Editor.stories.jsx[2m > [22m[2mKeyboard Shortcuts Block Types
[22m[39m[Editor onChange] Skipping save - no initial state loaded yet
[90mstdout[2m | src/components/Editor3/Editor.stories.jsx[2m > [22m[2mKeyboard Shortcuts Block Types
[22m[39m[Editor onChange] Skipping save - no initial state loaded yet
[90mstdout[2m | src/components/Editor3/Editor.stories.jsx[2m > [22m[2mKeyboard Shortcuts Block Types
[22m[39m[Editor onChange] Skipping save - no initial state loaded yet
[90mstdout[2m | src/components/Editor3/Editor.stories.jsx[2m > [22m[2mKeyboard Shortcuts Block Types
[22m[39m[Editor onChange] Skipping save - no initial state loaded yet
[90mstdout[2m | src/components/Editor3/Editor.stories.jsx[2m > [22m[2mKeyboard Shortcuts Block Types
[22m[39m[Editor onChange] Skipping save - no initial state loaded yet
[90mstdout[2m | src/components/Editor3/Editor.stories.jsx[2m > [22m[2mKeyboard Shortcuts Block Types
[22m[39m[Editor onChange] Skipping save - no initial state loaded yet
[90mstdout[2m | src/components/Editor3/Editor.stories.jsx[2m > [22m[2mKeyboard Shortcuts Block Types
[22m[39m[Editor onChange] Skipping save - no initial state loaded yet
[90mstdout[2m | src/components/Editor3/Editor.stories.jsx[2m > [22m[2mKeyboard Shortcuts Block Types
[22m[39m[Editor onChange] Skipping save - no initial state loaded yet
[90mstdout[2m | src/components/Editor3/Editor.stories.jsx[2m > [22m[2mKeyboard Shortcuts Block Types
[22m[39m[Editor onChange] Skipping save - no initial state loaded yet
[90mstdout[2m | src/components/Editor3/Editor.stories.jsx[2m > [22m[2mKeyboard Shortcuts Block Types
[22m[39m🔑 ENTER KEY pressed in editor
[90mstdout[2m | src/components/Editor3/Editor.stories.jsx[2m > [22m[2mKeyboard Shortcuts Block Types
[22m[39m❌ Not in a code node
[90mstdout[2m | src/components/Editor3/Editor.stories.jsx[2m > [22m[2mKeyboard Shortcuts Block Types
[22m[39m[Editor onChange] Skipping save - no initial state loaded yet
[90mstdout[2m | src/components/Editor3/Editor.stories.jsx[2m > [22m[2mKeyboard Shortcuts Block Types
[22m[39m[Editor onChange] Skipping save - no initial state loaded yet
[90mstdout[2m | src/components/Editor3/Editor.stories.jsx[2m > [22m[2mKeyboard Shortcuts Block Types
[22m[39m[Editor onChange] Skipping save - no initial state loaded yet
[90mstdout[2m | src/components/Editor3/Editor.stories.jsx[2m > [22m[2mKeyboard Shortcuts Block Types
[22m[39m[Editor onChange] Skipping save - no initial state loaded yet
[90mstdout[2m | src/components/Editor3/Editor.stories.jsx[2m > [22m[2mKeyboard Shortcuts Block Types
[22m[39m[Editor onChange] Skipping save - no initial state loaded yet
[90mstdout[2m | src/components/Editor3/Editor.stories.jsx[2m > [22m[2mKeyboard Shortcuts Block Types
[22m[39m[Editor onChange] Skipping save - no initial state loaded yet
[90mstdout[2m | src/components/Editor3/Editor.stories.jsx[2m > [22m[2mKeyboard Shortcuts Block Types
[22m[39m[Editor onChange] Skipping save - no initial state loaded yet
[90mstdout[2m | src/components/Editor3/Editor.stories.jsx[2m > [22m[2mKeyboard Shortcuts Block Types
[22m[39m[Editor onChange] Skipping save - no initial state loaded yet
[90mstdout[2m | src/components/Editor3/Editor.stories.jsx[2m > [22m[2mKeyboard Shortcuts Block Types
[22m[39m[Editor onChange] Skipping save - no initial state loaded yet
[90mstdout[2m | src/components/Editor3/Editor.stories.jsx[2m > [22m[2mKeyboard Shortcuts Block Types
[22m[39m[Editor onChange] Skipping save - no initial state loaded yet
[90mstdout[2m | src/components/Editor3/Editor.stories.jsx[2m > [22m[2mKeyboard Shortcuts Block Types
[22m[39m[Editor onChange] Skipping save - no initial state loaded yet
[90mstdout[2m | src/components/Editor3/Editor.stories.jsx[2m > [22m[2mKeyboard Shortcuts Block Types
[22m[39m🔑 ENTER KEY pressed in editor
[90mstdout[2m | src/components/Editor3/Editor.stories.jsx[2m > [22m[2mKeyboard Shortcuts Block Types
[22m[39m❌ Not in a code node
[90mstdout[2m | src/components/Editor3/Editor.stories.jsx[2m > [22m[2mKeyboard Shortcuts Block Types
[22m[39m[Editor onChange] Skipping save - no initial state loaded yet
[90mstdout[2m | src/components/Editor3/Editor.stories.jsx[2m > [22m[2mKeyboard Shortcuts Block Types
[22m[39m[Editor onChange] Skipping save - no initial state loaded yet
[90mstdout[2m | src/components/Editor3/Editor.stories.jsx[2m > [22m[2mKeyboard Shortcuts Block Types
[22m[39m[Editor onChange] Skipping save - no initial state loaded yet
[90mstdout[2m | src/components/Editor3/Editor.stories.jsx[2m > [22m[2mKeyboard Shortcuts Block Types
[22m[39m[Editor onChange] Skipping save - no initial state loaded yet
[90mstdout[2m | src/components/Editor3/Editor.stories.jsx[2m > [22m[2mKeyboard Shortcuts Block Types
[22m[39m[Editor onChange] Skipping save - no initial state loaded yet
[90mstdout[2m | src/components/Editor3/Editor.stories.jsx[2m > [22m[2mKeyboard Shortcuts Block Types
[22m[39m[Editor onChange] Skipping save - no initial state loaded yet
[90mstdout[2m | src/components/Editor3/Editor.stories.jsx[2m > [22m[2mKeyboard Shortcuts Block Types
[22m[39m[Editor onChange] Skipping save - no initial state loaded yet
[90mstdout[2m | src/components/Editor3/Editor.stories.jsx[2m > [22m[2mKeyboard Shortcuts Block Types
[22m[39m[Editor onChange] Skipping save - no initial state loaded yet
[90mstdout[2m | src/components/Editor3/Editor.stories.jsx[2m > [22m[2mKeyboard Shortcuts Block Types
[22m[39m[Editor onChange] Skipping save - no initial state loaded yet
[90mstdout[2m | src/components/Editor3/Editor.stories.jsx[2m > [22m[2mKeyboard Shortcuts Block Types
[22m[39m[Editor onChange] Skipping save - no initial state loaded yet
[90mstdout[2m | src/components/Editor3/Editor.stories.jsx[2m > [22m[2mKeyboard Shortcuts Block Types
[22m[39m🔑 ENTER KEY pressed in editor
[90mstdout[2m | src/components/Editor3/Editor.stories.jsx[2m > [22m[2mKeyboard Shortcuts Block Types
[22m[39m❌ Not in a code node
[90mstdout[2m | src/components/Editor3/Editor.stories.jsx[2m > [22m[2mKeyboard Shortcuts Block Types
[22m[39m[Editor onChange] Skipping save - no initial state loaded yet
[90mstdout[2m | src/components/Editor3/Editor.stories.jsx[2m > [22m[2mKeyboard Shortcuts Block Types
[22m[39m[Editor onChange] Skipping save - no initial state loaded yet
[90mstdout[2m | src/components/Editor3/Editor.stories.jsx[2m > [22m[2mKeyboard Shortcuts Block Types
[22m[39m[Editor onChange] Skipping save - no initial state loaded yet
[90mstdout[2m | src/components/Editor3/Editor.stories.jsx[2m > [22m[2mKeyboard Shortcuts Block Types
[22m[39m[Editor onChange] Skipping save - no initial state loaded yet
[90mstdout[2m | src/components/Editor3/Editor.stories.jsx[2m > [22m[2mKeyboard Shortcuts Block Types
[22m[39m[Editor onChange] Skipping save - no initial state loaded yet
[90mstdout[2m | src/components/Editor3/Editor.stories.jsx[2m > [22m[2mKeyboard Shortcuts Block Types
[22m[39m[Editor onChange] Skipping save - no initial state loaded yet
[90mstdout[2m | src/components/Editor3/Editor.stories.jsx[2m > [22m[2mKeyboard Shortcuts Block Types
[22m[39m[Editor onChange] Skipping save - no initial state loaded yet
[90mstdout[2m | src/components/Editor3/Editor.stories.jsx[2m > [22m[2mKeyboard Shortcuts Block Types
[22m[39m[Editor onChange] Skipping save - no initial state loaded yet
[90mstdout[2m | src/components/Editor3/Editor.stories.jsx[2m > [22m[2mKeyboard Shortcuts Block Types
[22m[39m[Editor onChange] Skipping save - no initial state loaded yet
[90mstdout[2m | src/components/Editor3/Editor.stories.jsx[2m > [22m[2mKeyboard Shortcuts Block Types
[22m[39m🔑 ENTER KEY pressed in editor
[90mstdout[2m | src/components/Editor3/Editor.stories.jsx[2m > [22m[2mKeyboard Shortcuts Block Types
[22m[39m❌ Not in a code node
[90mstdout[2m | src/components/Editor3/Editor.stories.jsx[2m > [22m[2mKeyboard Shortcuts Block Types
[22m[39m🔑 ENTER KEY pressed in editor
[90mstdout[2m | src/components/Editor3/Editor.stories.jsx[2m > [22m[2mKeyboard Shortcuts Block Types
[22m[39m❌ Not in a code node
[90mstdout[2m | src/components/Editor3/Editor.stories.jsx[2m > [22m[2mKeyboard Shortcuts Block Types
[22m[39m[Editor onChange] Skipping save - no initial state loaded yet
[90mstdout[2m | src/components/Editor3/Editor.stories.jsx[2m > [22m[2mKeyboard Shortcuts Block Types
[22m[39m[Editor onChange] Skipping save - no initial state loaded yet
[90mstdout[2m | src/components/Editor3/Editor.stories.jsx[2m > [22m[2mKeyboard Shortcuts Block Types
[22m[39m[Editor onChange] Skipping save - no initial state loaded yet
[90mstdout[2m | src/components/Editor3/Editor.stories.jsx[2m > [22m[2mKeyboard Shortcuts Block Types
[22m[39m[Editor onChange] Skipping save - no initial state loaded yet
[90mstdout[2m | src/components/Editor3/Editor.stories.jsx[2m > [22m[2mKeyboard Shortcuts Block Types
[22m[39m[Editor onChange] Skipping save - no initial state loaded yet
[90mstdout[2m | src/components/Editor3/Editor.stories.jsx[2m > [22m[2mKeyboard Shortcuts Block Types
[22m[39m[Editor onChange] Skipping save - no initial state loaded yet
[90mstdout[2m | src/components/Editor3/Editor.stories.jsx[2m > [22m[2mKeyboard Shortcuts Block Types
[22m[39m[Editor onChange] Skipping save - no initial state loaded yet
[90mstdout[2m | src/components/Editor3/Editor.stories.jsx[2m > [22m[2mKeyboard Shortcuts Block Types
[22m[39m[Editor onChange] Skipping save - no initial state loaded yet
[90mstdout[2m | src/components/Editor3/Editor.stories.jsx[2m > [22m[2mKeyboard Shortcuts Block Types
[22m[39m[Editor onChange] Skipping save - no initial state loaded yet
[90mstdout[2m | src/components/Editor3/Editor.stories.jsx[2m > [22m[2mKeyboard Shortcuts Block Types
[22m[39m[Editor onChange] Skipping save - no initial state loaded yet
[90mstdout[2m | src/components/Editor3/Editor.stories.jsx[2m > [22m[2mKeyboard Shortcuts Block Types
[22m[39m[Editor onChange] Skipping save - no initial state loaded yet
[90mstdout[2m | src/components/Editor3/Editor.stories.jsx[2m > [22m[2mKeyboard Shortcuts Block Types
[22m[39m[Editor onChange] Skipping save - no initial state loaded yet
[90mstdout[2m | src/components/Editor3/Editor.stories.jsx[2m > [22m[2mKeyboard Shortcuts Block Types
[22m[39m🔑 ENTER KEY pressed in editor
[90mstdout[2m | src/components/Editor3/Editor.stories.jsx[2m > [22m[2mKeyboard Shortcuts Block Types
[22m[39m❌ Not in a code node
[90mstdout[2m | src/components/Editor3/Editor.stories.jsx[2m > [22m[2mKeyboard Shortcuts Block Types
[22m[39m[Editor onChange] Skipping save - no initial state loaded yet
[90mstdout[2m | src/components/Editor3/Editor.stories.jsx[2m > [22m[2mKeyboard Shortcuts Block Types
[22m[39m[Editor onChange] Skipping save - no initial state loaded yet
[90mstdout[2m | src/components/Editor3/Editor.stories.jsx[2m > [22m[2mKeyboard Shortcuts Block Types
[22m[39m[Editor onChange] Skipping save - no initial state loaded yet
[90mstdout[2m | src/components/Editor3/Editor.stories.jsx[2m > [22m[2mKeyboard Shortcuts Block Types
[22m[39m[Editor onChange] Skipping save - no initial state loaded yet
[90mstdout[2m | src/components/Editor3/Editor.stories.jsx[2m > [22m[2mKeyboard Shortcuts Block Types
[22m[39m[Editor onChange] Skipping save - no initial state loaded yet
[90mstdout[2m | src/components/Editor3/Editor.stories.jsx[2m > [22m[2mKeyboard Shortcuts Block Types
[22m[39m[Editor onChange] Skipping save - no initial state loaded yet
[90mstdout[2m | src/components/Editor3/Editor.stories.jsx[2m > [22m[2mKeyboard Shortcuts Block Types
[22m[39m[Editor onChange] Skipping save - no initial state loaded yet
[90mstdout[2m | src/components/Editor3/Editor.stories.jsx[2m > [22m[2mKeyboard Shortcuts Block Types
[22m[39m[Editor onChange] Skipping save - no initial state loaded yet
[90mstdout[2m | src/components/Editor3/Editor.stories.jsx[2m > [22m[2mKeyboard Shortcuts Block Types
[22m[39m[Editor onChange] Skipping save - no initial state loaded yet
[90mstdout[2m | src/components/Editor3/Editor.stories.jsx[2m > [22m[2mKeyboard Shortcuts Block Types
[22m[39m[Editor onChange] Skipping save - no initial state loaded yet
[90mstdout[2m | src/components/Editor3/Editor.stories.jsx[2m > [22m[2mKeyboard Shortcuts Block Types
[22m[39m[Editor onChange] Skipping save - no initial state loaded yet
[90mstdout[2m | src/components/Editor3/Editor.stories.jsx[2m > [22m[2mKeyboard Shortcuts Block Types
[22m[39m🔑 ENTER KEY pressed in editor
[90mstdout[2m | src/components/Editor3/Editor.stories.jsx[2m > [22m[2mKeyboard Shortcuts Block Types
[22m[39m❌ Not in a code node
[90mstdout[2m | src/components/Editor3/Editor.stories.jsx[2m > [22m[2mKeyboard Shortcuts Block Types
[22m[39m[Editor onChange] Skipping save - no initial state loaded yet
[90mstdout[2m | src/components/Editor3/Editor.stories.jsx[2m > [22m[2mKeyboard Shortcuts Block Types
[22m[39m[Editor onChange] Skipping save - no initial state loaded yet
[90mstdout[2m | src/components/Editor3/Editor.stories.jsx[2m > [22m[2mKeyboard Shortcuts Block Types
[22m[39m[Editor onChange] Skipping save - no initial state loaded yet
[90mstdout[2m | src/components/Editor3/Editor.stories.jsx[2m > [22m[2mKeyboard Shortcuts Block Types
[22m[39m[Editor onChange] Skipping save - no initial state loaded yet
[90mstdout[2m | src/components/Editor3/Editor.stories.jsx[2m > [22m[2mKeyboard Shortcuts Block Types
[22m[39m[Editor onChange] Skipping save - no initial state loaded yet
[90mstdout[2m | src/components/Editor3/Editor.stories.jsx[2m > [22m[2mKeyboard Shortcuts Block Types
[22m[39m[Editor onChange] Skipping save - no initial state loaded yet
[90mstdout[2m | src/components/Editor3/Editor.stories.jsx[2m > [22m[2mKeyboard Shortcuts Block Types
[22m[39m[Editor onChange] Skipping save - no initial state loaded yet
[90mstdout[2m | src/components/Editor3/Editor.stories.jsx[2m > [22m[2mKeyboard Shortcuts Block Types
[22m[39m[Editor onChange] Skipping save - no initial state loaded yet
[90mstdout[2m | src/components/Editor3/Editor.stories.jsx[2m > [22m[2mKeyboard Shortcuts Block Types
[22m[39m[Editor onChange] Skipping save - no initial state loaded yet
[90mstdout[2m | src/components/Editor3/Editor.stories.jsx[2m > [22m[2mKeyboard Shortcuts Block Types
[22m[39m[Editor onChange] Skipping save - no initial state loaded yet
[90mstdout[2m | src/components/Editor3/Editor.stories.jsx[2m > [22m[2mKeyboard Shortcuts Block Types
[22m[39m🔑 ENTER KEY pressed in editor
[90mstdout[2m | src/components/Editor3/Editor.stories.jsx[2m > [22m[2mKeyboard Shortcuts Block Types
[22m[39m❌ Not in a code node
[90mstdout[2m | src/components/Editor3/Editor.stories.jsx[2m > [22m[2mKeyboard Shortcuts Block Types
[22m[39m🔑 ENTER KEY pressed in editor
[90mstdout[2m | src/components/Editor3/Editor.stories.jsx[2m > [22m[2mKeyboard Shortcuts Block Types
[22m[39m❌ Not in a code node
[90mstdout[2m | src/components/Editor3/Editor.stories.jsx[2m > [22m[2mKeyboard Shortcuts Block Types
[22m[39m[Editor onChange] Skipping save - no initial state loaded yet
[90mstdout[2m | src/components/Editor3/Editor.stories.jsx[2m > [22m[2mKeyboard Shortcuts Block Types
[22m[39m[Editor onChange] Skipping save - no initial state loaded yet
[90mstdout[2m | src/components/Editor3/Editor.stories.jsx[2m > [22m[2mKeyboard Shortcuts Block Types
[22m[39m[Editor onChange] Skipping save - no initial state loaded yet
[90mstdout[2m | src/components/Editor3/Editor.stories.jsx[2m > [22m[2mKeyboard Shortcuts Block Types
[22m[39m[Editor onChange] Skipping save - no initial state loaded yet
[90mstdout[2m | src/components/Editor3/Editor.stories.jsx[2m > [22m[2mKeyboard Shortcuts Block Types
[22m[39m[Editor onChange] Skipping save - no initial state loaded yet
[90mstdout[2m | src/components/Editor3/Editor.stories.jsx[2m > [22m[2mKeyboard Shortcuts Block Types
[22m[39m[Editor onChange] Skipping save - no initial state loaded yet
[90mstdout[2m | src/components/Editor3/Editor.stories.jsx[2m > [22m[2mKeyboard Shortcuts Block Types
[22m[39m[Editor onChange] Skipping save - no initial state loaded yet
[90mstdout[2m | src/components/Editor3/Editor.stories.jsx[2m > [22m[2mKeyboard Shortcuts Block Types
[22m[39m[Editor onChange] Skipping save - no initial state loaded yet
[90mstdout[2m | src/components/Editor3/Editor.stories.jsx[2m > [22m[2mKeyboard Shortcuts Block Types
[22m[39m[Editor onChange] Skipping save - no initial state loaded yet
[90mstdout[2m | src/components/Editor3/Editor.stories.jsx[2m > [22m[2mKeyboard Shortcuts Block Types
[22m[39m[Editor onChange] Skipping save - no initial state loaded yet
[90mstdout[2m | src/components/Editor3/Editor.stories.jsx[2m > [22m[2mKeyboard Shortcuts Block Types
[22m[39m[Editor onChange] Skipping save - no initial state loaded yet
[90mstdout[2m | src/components/Editor3/Editor.stories.jsx[2m > [22m[2mKeyboard Shortcuts Block Types
[22m[39m[Editor onChange] Skipping save - no initial state loaded yet
[90mstdout[2m | src/components/Editor3/Editor.stories.jsx[2m > [22m[2mKeyboard Shortcuts Block Types
[22m[39m[Editor onChange] Skipping save - no initial state loaded yet
[90mstdout[2m | src/components/Editor3/Editor.stories.jsx[2m > [22m[2mKeyboard Shortcuts Block Types
[22m[39m[Editor onChange] Skipping save - no initial state loaded yet
[90mstdout[2m | src/components/Editor3/Editor.stories.jsx[2m > [22m[2mKeyboard Shortcuts Block Types
[22m[39m[Editor onChange] Skipping save - no initial state loaded yet
[90mstdout[2m | src/components/Editor3/Editor.stories.jsx[2m > [22m[2mKeyboard Shortcuts Block Types
[22m[39m[Editor onChange] Skipping save - no initial state loaded yet
[90mstdout[2m | src/components/Editor3/Editor.stories.jsx[2m > [22m[2mKeyboard Shortcuts Block Types
[22m[39m[Editor onChange] Skipping save - no initial state loaded yet
[90mstdout[2m | src/components/Editor3/Editor.stories.jsx[2m > [22m[2mKeyboard Shortcuts Block Types
[22m[39m[Editor onChange] Skipping save - no initial state loaded yet
[90mstdout[2m | src/components/Editor3/Editor.stories.jsx[2m > [22m[2mKeyboard Shortcuts Block Types
[22m[39m[Editor onChange] Skipping save - no initial state loaded yet
[90mstdout[2m | src/components/Editor3/Editor.stories.jsx[2m > [22m[2mKeyboard Shortcuts Block Types
[22m[39m[Editor onChange] Skipping save - no initial state loaded yet
[90mstdout[2m | src/components/Editor3/Editor.stories.jsx[2m > [22m[2mKeyboard Shortcuts Block Types
[22m[39m[Editor onChange] Skipping save - no initial state loaded yet
[90mstdout[2m | src/components/Editor3/Editor.stories.jsx[2m > [22m[2mKeyboard Shortcuts Block Types
[22m[39m[Editor onChange] Skipping save - no initial state loaded yet
[90mstdout[2m | src/components/Editor3/Editor.stories.jsx[2m > [22m[2mKeyboard Shortcuts Block Types
[22m[39m[Editor onChange] Skipping save - no initial state loaded yet
[90mstdout[2m | src/components/Editor3/Editor.stories.jsx[2m > [22m[2mKeyboard Shortcuts Block Types
[22m[39m🔑 ENTER KEY pressed in editor
[90mstdout[2m | src/components/Editor3/Editor.stories.jsx[2m > [22m[2mKeyboard Shortcuts Block Types
[22m[39m❌ Not in a code node
[90mstdout[2m | src/components/Editor3/Editor.stories.jsx[2m > [22m[2mKeyboard Shortcuts Block Types
[22m[39m[Editor onChange] Skipping save - no initial state loaded yet
[90mstdout[2m | src/components/Editor3/Editor.stories.jsx[2m > [22m[2mKeyboard Shortcuts Block Types
[22m[39m🔑 ENTER KEY pressed in editor
[90mstdout[2m | src/components/Editor3/Editor.stories.jsx[2m > [22m[2mKeyboard Shortcuts Block Types
[22m[39m❌ Not in a code node
[90mstdout[2m | src/components/Editor3/Editor.stories.jsx[2m > [22m[2mKeyboard Shortcuts Block Types
[22m[39m[Editor onChange] Skipping save - no initial state loaded yet
[90mstdout[2m | src/components/Editor3/Editor.stories.jsx[2m > [22m[2mKeyboard Shortcuts Block Types
[22m[39m[Editor onChange] Skipping save - no initial state loaded yet
[90mstdout[2m | src/components/Editor3/Editor.stories.jsx[2m > [22m[2mKeyboard Shortcuts Block Types
[22m[39m[Editor onChange] Skipping save - no initial state loaded yet
[90mstdout[2m | src/components/Editor3/Editor.stories.jsx[2m > [22m[2mKeyboard Shortcuts Block Types
[22m[39m[Editor onChange] Skipping save - no initial state loaded yet
[90mstdout[2m | src/components/Editor3/Editor.stories.jsx[2m > [22m[2mKeyboard Shortcuts Block Types
[22m[39m[Editor onChange] Skipping save - no initial state loaded yet
[90mstdout[2m | src/components/Editor3/Editor.stories.jsx[2m > [22m[2mKeyboard Shortcuts Block Types
[22m[39m[Editor onChange] Skipping save - no initial state loaded yet
[90mstdout[2m | src/components/Editor3/Editor.stories.jsx[2m > [22m[2mKeyboard Shortcuts Block Types
[22m[39m[Editor onChange] Skipping save - no initial state loaded yet
[90mstdout[2m | src/components/Editor3/Editor.stories.jsx[2m > [22m[2mKeyboard Shortcuts Block Types
[22m[39m[Editor onChange] Skipping save - no initial state loaded yet
[90mstdout[2m | src/components/Editor3/Editor.stories.jsx[2m > [22m[2mKeyboard Shortcuts Block Types
[22m[39m[Editor onChange] Skipping save - no initial state loaded yet
[90mstdout[2m | src/components/Editor3/Editor.stories.jsx[2m > [22m[2mKeyboard Shortcuts Block Types
[22m[39m[Editor onChange] Skipping save - no initial state loaded yet
[90mstdout[2m | src/components/Editor3/Editor.stories.jsx[2m > [22m[2mKeyboard Shortcuts Block Types
[22m[39m[Editor onChange] Skipping save - no initial state loaded yet
[90mstdout[2m | src/components/Editor3/Editor.stories.jsx[2m > [22m[2mKeyboard Shortcuts Block Types
[22m[39m[Editor onChange] Skipping save - no initial state loaded yet
[90mstdout[2m | src/components/Editor3/Editor.stories.jsx[2m > [22m[2mKeyboard Shortcuts Block Types
[22m[39m[Editor onChange] Skipping save - no initial state loaded yet
[90mstdout[2m | src/components/Editor3/Editor.stories.jsx[2m > [22m[2mKeyboard Shortcuts Block Types
[22m[39m[Editor onChange] Skipping save - no initial state loaded yet
[90mstdout[2m | src/components/Editor3/Editor.stories.jsx[2m > [22m[2mKeyboard Shortcuts Block Types
[22m[39m[Editor onChange] Skipping save - no initial state loaded yet
[90mstdout[2m | src/components/Editor3/Editor.stories.jsx[2m > [22m[2mKeyboard Shortcuts Block Types
[22m[39m[Editor onChange] Skipping save - no initial state loaded yet
[90mstdout[2m | src/components/Editor3/Editor.stories.jsx[2m > [22m[2mKeyboard Shortcuts Block Types
[22m[39m[Editor onChange] Skipping save - no initial state loaded yet
[90mstdout[2m | src/components/Editor3/Editor.stories.jsx[2m > [22m[2mKeyboard Shortcuts Block Types
[22m[39m[Editor onChange] Skipping save - no initial state loaded yet
[90mstdout[2m | src/components/Editor3/Editor.stories.jsx[2m > [22m[2mKeyboard Shortcuts Block Types
[22m[39m[Editor onChange] Skipping save - no initial state loaded yet
[90mstdout[2m | src/components/Editor3/Editor.stories.jsx[2m > [22m[2mKeyboard Shortcuts Block Types
[22m[39m[Editor onChange] Skipping save - no initial state loaded yet
[90mstdout[2m | src/components/Editor3/Editor.stories.jsx[2m > [22m[2mKeyboard Shortcuts Block Types
[22m[39m[Editor onChange] Skipping save - no initial state loaded yet
[90mstdout[2m | src/components/Editor3/Editor.stories.jsx[2m > [22m[2mKeyboard Shortcuts Block Types
[22m[39m🔑 ENTER KEY pressed in editor
[90mstdout[2m | src/components/Editor3/Editor.stories.jsx[2m > [22m[2mKeyboard Shortcuts Block Types
[22m[39m✅ In code node
[90mstdout[2m | src/components/Editor3/Editor.stories.jsx[2m > [22m[2mKeyboard Shortcuts Block Types
[22m[39m📍 Cursor offset: 1, Node text length: 1
[90mstdout[2m | src/components/Editor3/Editor.stories.jsx[2m > [22m[2mKeyboard Shortcuts Block Types
[22m[39m📝 Node text: ";"
[90mstdout[2m | src/components/Editor3/Editor.stories.jsx[2m > [22m[2mKeyboard Shortcuts Block Types
[22m[39m[Editor onChange] Skipping save - no initial state loaded yet
[90mstdout[2m | src/components/Editor3/Editor.stories.jsx[2m > [22m[2mKeyboard Shortcuts Block Types
[22m[39m🔑 ENTER KEY pressed in editor
[90mstdout[2m | src/components/Editor3/Editor.stories.jsx[2m > [22m[2mKeyboard Shortcuts Block Types
[22m[39m❌ Not in a code node
[90mstdout[2m | src/components/Editor3/Editor.stories.jsx[2m > [22m[2mKeyboard Shortcuts Block Types
[22m[39m🔑 ENTER KEY pressed in editor
[90mstdout[2m | src/components/Editor3/Editor.stories.jsx[2m > [22m[2mKeyboard Shortcuts Block Types
[22m[39m❌ Not in a code node
[90mstdout[2m | src/components/Editor3/Editor.stories.jsx[2m > [22m[2mKeyboard Shortcuts Block Types
[22m[39m[Editor onChange] Skipping save - no initial state loaded yet
[90mstdout[2m | src/components/Editor3/Editor.stories.jsx[2m > [22m[2mKeyboard Shortcuts Block Types
[22m[39m[Editor onChange] Skipping save - no initial state loaded yet
[90mstdout[2m | src/components/Editor3/Editor.stories.jsx[2m > [22m[2mKeyboard Shortcuts Block Types
[22m[39m[Editor onChange] Skipping save - no initial state loaded yet
[90mstdout[2m | src/components/Editor3/Editor.stories.jsx[2m > [22m[2mKeyboard Shortcuts Block Types
[22m[39m[Editor onChange] Skipping save - no initial state loaded yet
[90mstdout[2m | src/components/Editor3/Editor.stories.jsx[2m > [22m[2mKeyboard Shortcuts Block Types
[22m[39m[Keyboard Shortcuts Demo] Section 7: Markdown Shortcuts
[90mstdout[2m | src/components/Editor3/Editor.stories.jsx[2m > [22m[2mKeyboard Shortcuts Block Types
[22m[39m[Editor onChange] Skipping save - no initial state loaded yet
[90mstdout[2m | src/components/Editor3/Editor.stories.jsx[2m > [22m[2mKeyboard Shortcuts Block Types
[22m[39m[Editor onChange] Skipping save - no initial state loaded yet
[90mstdout[2m | src/components/Editor3/Editor.stories.jsx[2m > [22m[2mKeyboard Shortcuts Block Types
[22m[39m[Editor onChange] Skipping save - no initial state loaded yet
[90mstdout[2m | src/components/Editor3/Editor.stories.jsx[2m > [22m[2mKeyboard Shortcuts Block Types
[22m[39m[Editor onChange] Skipping save - no initial state loaded yet
[90mstdout[2m | src/components/Editor3/Editor.stories.jsx[2m > [22m[2mKeyboard Shortcuts Block Types
[22m[39m[Editor onChange] Skipping save - no initial state loaded yet
[90mstdout[2m | src/components/Editor3/Editor.stories.jsx[2m > [22m[2mKeyboard Shortcuts Block Types
[22m[39m[Editor onChange] Skipping save - no initial state loaded yet
[90mstdout[2m | src/components/Editor3/Editor.stories.jsx[2m > [22m[2mKeyboard Shortcuts Block Types
[22m[39m[Editor onChange] Skipping save - no initial state loaded yet
[90mstdout[2m | src/components/Editor3/Editor.stories.jsx[2m > [22m[2mKeyboard Shortcuts Block Types
[22m[39m[Editor onChange] Skipping save - no initial state loaded yet
[90mstdout[2m | src/components/Editor3/Editor.stories.jsx[2m > [22m[2mKeyboard Shortcuts Block Types
[22m[39m[Editor onChange] Skipping save - no initial state loaded yet
[90mstdout[2m | src/components/Editor3/Editor.stories.jsx[2m > [22m[2mKeyboard Shortcuts Block Types
[22m[39m[Editor onChange] Skipping save - no initial state loaded yet
[90mstdout[2m | src/components/Editor3/Editor.stories.jsx[2m > [22m[2mKeyboard Shortcuts Block Types
[22m[39m[Editor onChange] Skipping save - no initial state loaded yet
[90mstdout[2m | src/components/Editor3/Editor.stories.jsx[2m > [22m[2mKeyboard Shortcuts Block Types
[22m[39m[Editor onChange] Skipping save - no initial state loaded yet
[90mstdout[2m | src/components/Editor3/Editor.stories.jsx[2m > [22m[2mKeyboard Shortcuts Block Types
[22m[39m[Editor onChange] Skipping save - no initial state loaded yet
[90mstdout[2m | src/components/Editor3/Editor.stories.jsx[2m > [22m[2mKeyboard Shortcuts Block Types
[22m[39m[Editor onChange] Skipping save - no initial state loaded yet
[90mstdout[2m | src/components/Editor3/Editor.stories.jsx[2m > [22m[2mKeyboard Shortcuts Block Types
[22m[39m[Editor onChange] Skipping save - no initial state loaded yet
[90mstdout[2m | src/components/Editor3/Editor.stories.jsx[2m > [22m[2mKeyboard Shortcuts Block Types
[22m[39m[Editor onChange] Skipping save - no initial state loaded yet
[90mstdout[2m | src/components/Editor3/Editor.stories.jsx[2m > [22m[2mKeyboard Shortcuts Block Types
[22m[39m[Editor onChange] Skipping save - no initial state loaded yet
[90mstdout[2m | src/components/Editor3/Editor.stories.jsx[2m > [22m[2mKeyboard Shortcuts Block Types
[22m[39m[Editor onChange] Skipping save - no initial state loaded yet
[90mstdout[2m | src/components/Editor3/Editor.stories.jsx[2m > [22m[2mKeyboard Shortcuts Block Types
[22m[39m[Editor onChange] Skipping save - no initial state loaded yet
[90mstdout[2m | src/components/Editor3/Editor.stories.jsx[2m > [22m[2mKeyboard Shortcuts Block Types
[22m[39m[Editor onChange] Skipping save - no initial state loaded yet
[90mstdout[2m | src/components/Editor3/Editor.stories.jsx[2m > [22m[2mKeyboard Shortcuts Block Types
[22m[39m[Editor onChange] Skipping save - no initial state loaded yet
[90mstdout[2m | src/components/Editor3/Editor.stories.jsx[2m > [22m[2mKeyboard Shortcuts Block Types
[22m[39m[Editor onChange] Skipping save - no initial state loaded yet
[90mstdout[2m | src/components/Editor3/Editor.stories.jsx[2m > [22m[2mKeyboard Shortcuts Block Types
[22m[39m[Editor onChange] Skipping save - no initial state loaded yet
[90mstdout[2m | src/components/Editor3/Editor.stories.jsx[2m > [22m[2mKeyboard Shortcuts Block Types
[22m[39m[Editor onChange] Skipping save - no initial state loaded yet
[90mstdout[2m | src/components/Editor3/Editor.stories.jsx[2m > [22m[2mKeyboard Shortcuts Block Types
[22m[39m[Editor onChange] Skipping save - no initial state loaded yet
[90mstdout[2m | src/components/Editor3/Editor.stories.jsx[2m > [22m[2mKeyboard Shortcuts Block Types
[22m[39m[Editor onChange] Skipping save - no initial state loaded yet
[90mstdout[2m | src/components/Editor3/Editor.stories.jsx[2m > [22m[2mKeyboard Shortcuts Block Types
[22m[39m[Editor onChange] Skipping save - no initial state loaded yet
[90mstdout[2m | src/components/Editor3/Editor.stories.jsx[2m > [22m[2mKeyboard Shortcuts Block Types
[22m[39m[Editor onChange] Skipping save - no initial state loaded yet
[90mstdout[2m | src/components/Editor3/Editor.stories.jsx[2m > [22m[2mKeyboard Shortcuts Block Types
[22m[39m[Editor onChange] Skipping save - no initial state loaded yet
[90mstdout[2m | src/components/Editor3/Editor.stories.jsx[2m > [22m[2mKeyboard Shortcuts Block Types
[22m[39m🔑 ENTER KEY pressed in editor
[90mstdout[2m | src/components/Editor3/Editor.stories.jsx[2m > [22m[2mKeyboard Shortcuts Block Types
[22m[39m❌ Not in a code node
[90mstdout[2m | src/components/Editor3/Editor.stories.jsx[2m > [22m[2mKeyboard Shortcuts Block Types
[22m[39m[Editor onChange] Skipping save - no initial state loaded yet
[90mstdout[2m | src/components/Editor3/Editor.stories.jsx[2m > [22m[2mKeyboard Shortcuts Block Types
[22m[39m[Editor onChange] Skipping save - no initial state loaded yet
[90mstdout[2m | src/components/Editor3/Editor.stories.jsx[2m > [22m[2mKeyboard Shortcuts Block Types
[22m[39m[Editor onChange] Skipping save - no initial state loaded yet
[90mstdout[2m | src/components/Editor3/Editor.stories.jsx[2m > [22m[2mKeyboard Shortcuts Block Types
[22m[39m[Editor onChange] Skipping save - no initial state loaded yet
[90mstdout[2m | src/components/Editor3/Editor.stories.jsx[2m > [22m[2mKeyboard Shortcuts Block Types
[22m[39m[Editor onChange] Skipping save - no initial state loaded yet
[90mstdout[2m | src/components/Editor3/Editor.stories.jsx[2m > [22m[2mKeyboard Shortcuts Block Types
[22m[39m[Editor onChange] Skipping save - no initial state loaded yet
[90mstdout[2m | src/components/Editor3/Editor.stories.jsx[2m > [22m[2mKeyboard Shortcuts Block Types
[22m[39m[Editor onChange] Skipping save - no initial state loaded yet
[90mstdout[2m | src/components/Editor3/Editor.stories.jsx[2m > [22m[2mKeyboard Shortcuts Block Types
[22m[39m[Editor onChange] Skipping save - no initial state loaded yet
[90mstdout[2m | src/components/Editor3/Editor.stories.jsx[2m > [22m[2mKeyboard Shortcuts Block Types
[22m[39m[Editor onChange] Skipping save - no initial state loaded yet
[90mstdout[2m | src/components/Editor3/Editor.stories.jsx[2m > [22m[2mKeyboard Shortcuts Block Types
[22m[39m[Editor onChange] Skipping save - no initial state loaded yet
[90mstdout[2m | src/components/Editor3/Editor.stories.jsx[2m > [22m[2mKeyboard Shortcuts Block Types
[22m[39m[Editor onChange] Skipping save - no initial state loaded yet
[90mstdout[2m | src/components/Editor3/Editor.stories.jsx[2m > [22m[2mKeyboard Shortcuts Block Types
[22m[39m[Editor onChange] Skipping save - no initial state loaded yet
[90mstdout[2m | src/components/Editor3/Editor.stories.jsx[2m > [22m[2mKeyboard Shortcuts Block Types
[22m[39m[Editor onChange] Skipping save - no initial state loaded yet
[90mstdout[2m | src/components/Editor3/Editor.stories.jsx[2m > [22m[2mKeyboard Shortcuts Block Types
[22m[39m[Editor onChange] Skipping save - no initial state loaded yet
[90mstdout[2m | src/components/Editor3/Editor.stories.jsx[2m > [22m[2mKeyboard Shortcuts Block Types
[22m[39m[Editor onChange] Skipping save - no initial state loaded yet
[90mstdout[2m | src/components/Editor3/Editor.stories.jsx[2m > [22m[2mKeyboard Shortcuts Block Types
[22m[39m[Editor onChange] Skipping save - no initial state loaded yet
[90mstdout[2m | src/components/Editor3/Editor.stories.jsx[2m > [22m[2mKeyboard Shortcuts Block Types
[22m[39m[Editor onChange] Skipping save - no initial state loaded yet
[90mstdout[2m | src/components/Editor3/Editor.stories.jsx[2m > [22m[2mKeyboard Shortcuts Block Types
[22m[39m[Editor onChange] Skipping save - no initial state loaded yet
[90mstdout[2m | src/components/Editor3/Editor.stories.jsx[2m > [22m[2mKeyboard Shortcuts Block Types
[22m[39m[Editor onChange] Skipping save - no initial state loaded yet
[90mstdout[2m | src/components/Editor3/Editor.stories.jsx[2m > [22m[2mKeyboard Shortcuts Block Types
[22m[39m[Editor onChange] Skipping save - no initial state loaded yet
[90mstdout[2m | src/components/Editor3/Editor.stories.jsx[2m > [22m[2mKeyboard Shortcuts Block Types
[22m[39m[Editor onChange] Skipping save - no initial state loaded yet
[90mstdout[2m | src/components/Editor3/Editor.stories.jsx[2m > [22m[2mKeyboard Shortcuts Block Types
[22m[39m[Editor onChange] Skipping save - no initial state loaded yet
[90mstdout[2m | src/components/Editor3/Editor.stories.jsx[2m > [22m[2mKeyboard Shortcuts Block Types
[22m[39m[Editor onChange] Skipping save - no initial state loaded yet
[90mstdout[2m | src/components/Editor3/Editor.stories.jsx[2m > [22m[2mKeyboard Shortcuts Block Types
[22m[39m[Editor onChange] Skipping save - no initial state loaded yet
[90mstdout[2m | src/components/Editor3/Editor.stories.jsx[2m > [22m[2mKeyboard Shortcuts Block Types
[22m[39m[Editor onChange] Skipping save - no initial state loaded yet
[90mstdout[2m | src/components/Editor3/Editor.stories.jsx[2m > [22m[2mKeyboard Shortcuts Block Types
[22m[39m[Editor onChange] Skipping save - no initial state loaded yet
[90mstdout[2m | src/components/Editor3/Editor.stories.jsx[2m > [22m[2mKeyboard Shortcuts Block Types
[22m[39m[Editor onChange] Skipping save - no initial state loaded yet
[90mstdout[2m | src/components/Editor3/Editor.stories.jsx[2m > [22m[2mKeyboard Shortcuts Block Types
[22m[39m🔑 ENTER KEY pressed in editor
[90mstdout[2m | src/components/Editor3/Editor.stories.jsx[2m > [22m[2mKeyboard Shortcuts Block Types
[22m[39m❌ Not in a code node
[90mstdout[2m | src/components/Editor3/Editor.stories.jsx[2m > [22m[2mKeyboard Shortcuts Block Types
[22m[39m[Editor onChange] Skipping save - no initial state loaded yet
[90mstdout[2m | src/components/Editor3/Editor.stories.jsx[2m > [22m[2mKeyboard Shortcuts Block Types
[22m[39m[Editor onChange] Skipping save - no initial state loaded yet
[90mstdout[2m | src/components/Editor3/Editor.stories.jsx[2m > [22m[2mKeyboard Shortcuts Block Types
[22m[39m[Editor onChange] Skipping save - no initial state loaded yet
[90mstdout[2m | src/components/Editor3/Editor.stories.jsx[2m > [22m[2mKeyboard Shortcuts Block Types
[22m[39m[Editor onChange] Skipping save - no initial state loaded yet
[90mstdout[2m | src/components/Editor3/Editor.stories.jsx[2m > [22m[2mKeyboard Shortcuts Block Types
[22m[39m[Editor onChange] Skipping save - no initial state loaded yet
[90mstdout[2m | src/components/Editor3/Editor.stories.jsx[2m > [22m[2mKeyboard Shortcuts Block Types
[22m[39m[Editor onChange] Skipping save - no initial state loaded yet
[90mstdout[2m | src/components/Editor3/Editor.stories.jsx[2m > [22m[2mKeyboard Shortcuts Block Types
[22m[39m[Editor onChange] Skipping save - no initial state loaded yet
[90mstdout[2m | src/components/Editor3/Editor.stories.jsx[2m > [22m[2mKeyboard Shortcuts Block Types
[22m[39m[Editor onChange] Skipping save - no initial state loaded yet
[90mstdout[2m | src/components/Editor3/Editor.stories.jsx[2m > [22m[2mKeyboard Shortcuts Block Types
[22m[39m[Editor onChange] Skipping save - no initial state loaded yet
[90mstdout[2m | src/components/Editor3/Editor.stories.jsx[2m > [22m[2mKeyboard Shortcuts Block Types
[22m[39m[Editor onChange] Skipping save - no initial state loaded yet
[90mstdout[2m | src/components/Editor3/Editor.stories.jsx[2m > [22m[2mKeyboard Shortcuts Block Types
[22m[39m[Editor onChange] Skipping save - no initial state loaded yet
[90mstdout[2m | src/components/Editor3/Editor.stories.jsx[2m > [22m[2mKeyboard Shortcuts Block Types
[22m[39m[Editor onChange] Skipping save - no initial state loaded yet
[90mstdout[2m | src/components/Editor3/Editor.stories.jsx[2m > [22m[2mKeyboard Shortcuts Block Types
[22m[39m[Editor onChange] Skipping save - no initial state loaded yet
[90mstdout[2m | src/components/Editor3/Editor.stories.jsx[2m > [22m[2mKeyboard Shortcuts Block Types
[22m[39m[Editor onChange] Skipping save - no initial state loaded yet
[90mstdout[2m | src/components/Editor3/Editor.stories.jsx[2m > [22m[2mKeyboard Shortcuts Block Types
[22m[39m[Editor onChange] Skipping save - no initial state loaded yet
[90mstdout[2m | src/components/Editor3/Editor.stories.jsx[2m > [22m[2mKeyboard Shortcuts Block Types
[22m[39m[Editor onChange] Skipping save - no initial state loaded yet
[90mstdout[2m | src/components/Editor3/Editor.stories.jsx[2m > [22m[2mKeyboard Shortcuts Block Types
[22m[39m[Editor onChange] Skipping save - no initial state loaded yet
[90mstdout[2m | src/components/Editor3/Editor.stories.jsx[2m > [22m[2mKeyboard Shortcuts Block Types
[22m[39m[Editor onChange] Skipping save - no initial state loaded yet
[90mstdout[2m | src/components/Editor3/Editor.stories.jsx[2m > [22m[2mKeyboard Shortcuts Block Types
[22m[39m[Editor onChange] Skipping save - no initial state loaded yet
[90mstdout[2m | src/components/Editor3/Editor.stories.jsx[2m > [22m[2mKeyboard Shortcuts Block Types
[22m[39m[Editor onChange] Skipping save - no initial state loaded yet
[90mstdout[2m | src/components/Editor3/Editor.stories.jsx[2m > [22m[2mKeyboard Shortcuts Block Types
[22m[39m[Editor onChange] Skipping save - no initial state loaded yet
[90mstdout[2m | src/components/Editor3/Editor.stories.jsx[2m > [22m[2mKeyboard Shortcuts Block Types
[22m[39m[Editor onChange] Skipping save - no initial state loaded yet
[90mstdout[2m | src/components/Editor3/Editor.stories.jsx[2m > [22m[2mKeyboard Shortcuts Block Types
[22m[39m[Editor onChange] Skipping save - no initial state loaded yet
[90mstdout[2m | src/components/Editor3/Editor.stories.jsx[2m > [22m[2mKeyboard Shortcuts Block Types
[22m[39m[Editor onChange] Skipping save - no initial state loaded yet
[90mstdout[2m | src/components/Editor3/Editor.stories.jsx[2m > [22m[2mKeyboard Shortcuts Block Types
[22m[39m[Editor onChange] Skipping save - no initial state loaded yet
[90mstdout[2m | src/components/Editor3/Editor.stories.jsx[2m > [22m[2mKeyboard Shortcuts Block Types
[22m[39m[Editor onChange] Skipping save - no initial state loaded yet
[90mstdout[2m | src/components/Editor3/Editor.stories.jsx[2m > [22m[2mKeyboard Shortcuts Block Types
[22m[39m[Editor onChange] Skipping save - no initial state loaded yet
[90mstdout[2m | src/components/Editor3/Editor.stories.jsx[2m > [22m[2mKeyboard Shortcuts Block Types
[22m[39m[Editor onChange] Skipping save - no initial state loaded yet
[90mstdout[2m | src/components/Editor3/Editor.stories.jsx[2m > [22m[2mKeyboard Shortcuts Block Types
[22m[39m🔑 ENTER KEY pressed in editor
[90mstdout[2m | src/components/Editor3/Editor.stories.jsx[2m > [22m[2mKeyboard Shortcuts Block Types
[22m[39m❌ Not in a code node
[90mstdout[2m | src/components/Editor3/Editor.stories.jsx[2m > [22m[2mKeyboard Shortcuts Block Types
[22m[39m🔑 ENTER KEY pressed in editor
[90mstdout[2m | src/components/Editor3/Editor.stories.jsx[2m > [22m[2mKeyboard Shortcuts Block Types
[22m[39m❌ Not in a code node
[90mstdout[2m | src/components/Editor3/Editor.stories.jsx[2m > [22m[2mKeyboard Shortcuts Block Types
[22m[39m[Editor onChange] Skipping save - no initial state loaded yet
[90mstdout[2m | src/components/Editor3/Editor.stories.jsx[2m > [22m[2mKeyboard Shortcuts Block Types
[22m[39m[Editor onChange] Skipping save - no initial state loaded yet
[90mstdout[2m | src/components/Editor3/Editor.stories.jsx[2m > [22m[2mKeyboard Shortcuts Block Types
[22m[39m[Editor onChange] Skipping save - no initial state loaded yet
[90mstdout[2m | src/components/Editor3/Editor.stories.jsx[2m > [22m[2mKeyboard Shortcuts Block Types
[22m[39m[Editor onChange] Skipping save - no initial state loaded yet
[90mstdout[2m | src/components/Editor3/Editor.stories.jsx[2m > [22m[2mKeyboard Shortcuts Block Types
[22m[39m[Editor onChange] Skipping save - no initial state loaded yet
[90mstdout[2m | src/components/Editor3/Editor.stories.jsx[2m > [22m[2mKeyboard Shortcuts Block Types
[22m[39m[Editor onChange] Skipping save - no initial state loaded yet
[90mstdout[2m | src/components/Editor3/Editor.stories.jsx[2m > [22m[2mKeyboard Shortcuts Block Types
[22m[39m[Editor onChange] Skipping save - no initial state loaded yet
[90mstdout[2m | src/components/Editor3/Editor.stories.jsx[2m > [22m[2mKeyboard Shortcuts Block Types
[22m[39m[Editor onChange] Skipping save - no initial state loaded yet
[90mstdout[2m | src/components/Editor3/Editor.stories.jsx[2m > [22m[2mKeyboard Shortcuts Block Types
[22m[39m[Editor onChange] Skipping save - no initial state loaded yet
[90mstdout[2m | src/components/Editor3/Editor.stories.jsx[2m > [22m[2mKeyboard Shortcuts Block Types
[22m[39m[Editor onChange] Skipping save - no initial state loaded yet
[90mstdout[2m | src/components/Editor3/Editor.stories.jsx[2m > [22m[2mKeyboard Shortcuts Block Types
[22m[39m[Editor onChange] Skipping save - no initial state loaded yet
[90mstdout[2m | src/components/Editor3/Editor.stories.jsx[2m > [22m[2mKeyboard Shortcuts Block Types
[22m[39m[Editor onChange] Skipping save - no initial state loaded yet
[90mstdout[2m | src/components/Editor3/Editor.stories.jsx[2m > [22m[2mKeyboard Shortcuts Block Types
[22m[39m[Editor onChange] Skipping save - no initial state loaded yet
[90mstdout[2m | src/components/Editor3/Editor.stories.jsx[2m > [22m[2mKeyboard Shortcuts Block Types
[22m[39m[Editor onChange] Skipping save - no initial state loaded yet
[90mstdout[2m | src/components/Editor3/Editor.stories.jsx[2m > [22m[2mKeyboard Shortcuts Block Types
[22m[39m[Editor onChange] Skipping save - no initial state loaded yet
[90mstdout[2m | src/components/Editor3/Editor.stories.jsx[2m > [22m[2mKeyboard Shortcuts Block Types
[22m[39m[Editor onChange] Skipping save - no initial state loaded yet
[90mstdout[2m | src/components/Editor3/Editor.stories.jsx[2m > [22m[2mKeyboard Shortcuts Block Types
[22m[39m[Editor onChange] Skipping save - no initial state loaded yet
[90mstdout[2m | src/components/Editor3/Editor.stories.jsx[2m > [22m[2mKeyboard Shortcuts Block Types
[22m[39m[Editor onChange] Skipping save - no initial state loaded yet
[90mstdout[2m | src/components/Editor3/Editor.stories.jsx[2m > [22m[2mKeyboard Shortcuts Block Types
[22m[39m[Editor onChange] Skipping save - no initial state loaded yet
[90mstdout[2m | src/components/Editor3/Editor.stories.jsx[2m > [22m[2mKeyboard Shortcuts Block Types
[22m[39m[Editor onChange] Skipping save - no initial state loaded yet
[90mstdout[2m | src/components/Editor3/Editor.stories.jsx[2m > [22m[2mKeyboard Shortcuts Block Types
[22m[39m[Editor onChange] Skipping save - no initial state loaded yet
[90mstdout[2m | src/components/Editor3/Editor.stories.jsx[2m > [22m[2mKeyboard Shortcuts Block Types
[22m[39m[Editor onChange] Skipping save - no initial state loaded yet
[90mstdout[2m | src/components/Editor3/Editor.stories.jsx[2m > [22m[2mKeyboard Shortcuts Block Types
[22m[39m[Editor onChange] Skipping save - no initial state loaded yet
[90mstdout[2m | src/components/Editor3/Editor.stories.jsx[2m > [22m[2mKeyboard Shortcuts Block Types
[22m[39m[Editor onChange] Skipping save - no initial state loaded yet
[90mstdout[2m | src/components/Editor3/Editor.stories.jsx[2m > [22m[2mKeyboard Shortcuts Block Types
[22m[39m[Editor onChange] Skipping save - no initial state loaded yet
[90mstdout[2m | src/components/Editor3/Editor.stories.jsx[2m > [22m[2mKeyboard Shortcuts Block Types
[22m[39m[Editor onChange] Skipping save - no initial state loaded yet
[90mstdout[2m | src/components/Editor3/Editor.stories.jsx[2m > [22m[2mKeyboard Shortcuts Block Types
[22m[39m[Editor onChange] Skipping save - no initial state loaded yet
[90mstdout[2m | src/components/Editor3/Editor.stories.jsx[2m > [22m[2mKeyboard Shortcuts Block Types
[22m[39m[Editor onChange] Skipping save - no initial state loaded yet
[90mstdout[2m | src/components/Editor3/Editor.stories.jsx[2m > [22m[2mKeyboard Shortcuts Block Types
[22m[39m[Editor onChange] Skipping save - no initial state loaded yet
[90mstdout[2m | src/components/Editor3/Editor.stories.jsx[2m > [22m[2mKeyboard Shortcuts Block Types
[22m[39m[Editor onChange] Skipping save - no initial state loaded yet
[90mstdout[2m | src/components/Editor3/Editor.stories.jsx[2m > [22m[2mKeyboard Shortcuts Block Types
[22m[39m🔑 ENTER KEY pressed in editor
[90mstdout[2m | src/components/Editor3/Editor.stories.jsx[2m > [22m[2mKeyboard Shortcuts Block Types
[22m[39m❌ Not in a code node
[90mstdout[2m | src/components/Editor3/Editor.stories.jsx[2m > [22m[2mKeyboard Shortcuts Block Types
[22m[39m🔑 ENTER KEY pressed in editor
[90mstdout[2m | src/components/Editor3/Editor.stories.jsx[2m > [22m[2mKeyboard Shortcuts Block Types
[22m[39m❌ Not in a code node
[90mstdout[2m | src/components/Editor3/Editor.stories.jsx[2m > [22m[2mKeyboard Shortcuts Block Types
[22m[39m[Editor onChange] Skipping save - no initial state loaded yet
[90mstdout[2m | src/components/Editor3/Editor.stories.jsx[2m > [22m[2mKeyboard Shortcuts Block Types
[22m[39m[Editor onChange] Skipping save - no initial state loaded yet
[90mstdout[2m | src/components/Editor3/Editor.stories.jsx[2m > [22m[2mKeyboard Shortcuts Block Types
[22m[39m[Editor onChange] Skipping save - no initial state loaded yet
[90mstdout[2m | src/components/Editor3/Editor.stories.jsx[2m > [22m[2mKeyboard Shortcuts Block Types
[22m[39m[Editor onChange] Skipping save - no initial state loaded yet
[90mstdout[2m | src/components/Editor3/Editor.stories.jsx[2m > [22m[2mKeyboard Shortcuts Block Types
[22m[39m[Editor onChange] Skipping save - no initial state loaded yet
[90mstdout[2m | src/components/Editor3/Editor.stories.jsx[2m > [22m[2mKeyboard Shortcuts Block Types
[22m[39m[Editor onChange] Skipping save - no initial state loaded yet
[90mstdout[2m | src/components/Editor3/Editor.stories.jsx[2m > [22m[2mKeyboard Shortcuts Block Types
[22m[39m[Editor onChange] Skipping save - no initial state loaded yet
[90mstdout[2m | src/components/Editor3/Editor.stories.jsx[2m > [22m[2mKeyboard Shortcuts Block Types
[22m[39m[Editor onChange] Skipping save - no initial state loaded yet
[90mstdout[2m | src/components/Editor3/Editor.stories.jsx[2m > [22m[2mKeyboard Shortcuts Block Types
[22m[39m[Editor onChange] Skipping save - no initial state loaded yet
[90mstdout[2m | src/components/Editor3/Editor.stories.jsx[2m > [22m[2mKeyboard Shortcuts Block Types
[22m[39m[Editor onChange] Skipping save - no initial state loaded yet
[90mstdout[2m | src/components/Editor3/Editor.stories.jsx[2m > [22m[2mKeyboard Shortcuts Block Types
[22m[39m[Editor onChange] Skipping save - no initial state loaded yet
[90mstdout[2m | src/components/Editor3/Editor.stories.jsx[2m > [22m[2mKeyboard Shortcuts Block Types
[22m[39m[Editor onChange] Skipping save - no initial state loaded yet
[90mstdout[2m | src/components/Editor3/Editor.stories.jsx[2m > [22m[2mKeyboard Shortcuts Block Types
[22m[39m[Editor onChange] Skipping save - no initial state loaded yet
[90mstdout[2m | src/components/Editor3/Editor.stories.jsx[2m > [22m[2mKeyboard Shortcuts Block Types
[22m[39m[Editor onChange] Skipping save - no initial state loaded yet
[90mstdout[2m | src/components/Editor3/Editor.stories.jsx[2m > [22m[2mKeyboard Shortcuts Block Types
[22m[39m[Editor onChange] Skipping save - no initial state loaded yet
[90mstdout[2m | src/components/Editor3/Editor.stories.jsx[2m > [22m[2mKeyboard Shortcuts Block Types
[22m[39m[Editor onChange] Skipping save - no initial state loaded yet
[90mstdout[2m | src/components/Editor3/Editor.stories.jsx[2m > [22m[2mKeyboard Shortcuts Block Types
[22m[39m[Editor onChange] Skipping save - no initial state loaded yet
[90mstdout[2m | src/components/Editor3/Editor.stories.jsx[2m > [22m[2mKeyboard Shortcuts Block Types
[22m[39m[Editor onChange] Skipping save - no initial state loaded yet
[90mstdout[2m | src/components/Editor3/Editor.stories.jsx[2m > [22m[2mKeyboard Shortcuts Block Types
[22m[39m[Editor onChange] Skipping save - no initial state loaded yet
[90mstdout[2m | src/components/Editor3/Editor.stories.jsx[2m > [22m[2mKeyboard Shortcuts Block Types
[22m[39m🔑 ENTER KEY pressed in editor
[90mstdout[2m | src/components/Editor3/Editor.stories.jsx[2m > [22m[2mKeyboard Shortcuts Block Types
[22m[39m❌ Not in a code node
[90mstdout[2m | src/components/Editor3/Editor.stories.jsx[2m > [22m[2mKeyboard Shortcuts Block Types
[22m[39m[Editor onChange] Skipping save - no initial state loaded yet
[90mstdout[2m | src/components/Editor3/Editor.stories.jsx[2m > [22m[2mKeyboard Shortcuts Block Types
[22m[39m[Editor onChange] Skipping save - no initial state loaded yet
[90mstdout[2m | src/components/Editor3/Editor.stories.jsx[2m > [22m[2mKeyboard Shortcuts Block Types
[22m[39m[Editor onChange] Skipping save - no initial state loaded yet
[90mstdout[2m | src/components/Editor3/Editor.stories.jsx[2m > [22m[2mKeyboard Shortcuts Block Types
[22m[39m[Editor onChange] Skipping save - no initial state loaded yet
[90mstdout[2m | src/components/Editor3/Editor.stories.jsx[2m > [22m[2mKeyboard Shortcuts Block Types
[22m[39m[Editor onChange] Skipping save - no initial state loaded yet
[90mstdout[2m | src/components/Editor3/Editor.stories.jsx[2m > [22m[2mKeyboard Shortcuts Block Types
[22m[39m[Editor onChange] Skipping save - no initial state loaded yet
[90mstdout[2m | src/components/Editor3/Editor.stories.jsx[2m > [22m[2mKeyboard Shortcuts Block Types
[22m[39m[Editor onChange] Skipping save - no initial state loaded yet
[90mstdout[2m | src/components/Editor3/Editor.stories.jsx[2m > [22m[2mKeyboard Shortcuts Block Types
[22m[39m[Editor onChange] Skipping save - no initial state loaded yet
[90mstdout[2m | src/components/Editor3/Editor.stories.jsx[2m > [22m[2mKeyboard Shortcuts Block Types
[22m[39m[Editor onChange] Skipping save - no initial state loaded yet
[90mstdout[2m | src/components/Editor3/Editor.stories.jsx[2m > [22m[2mKeyboard Shortcuts Block Types
[22m[39m[Editor onChange] Skipping save - no initial state loaded yet
[90mstdout[2m | src/components/Editor3/Editor.stories.jsx[2m > [22m[2mKeyboard Shortcuts Block Types
[22m[39m[Editor onChange] Skipping save - no initial state loaded yet
[90mstdout[2m | src/components/Editor3/Editor.stories.jsx[2m > [22m[2mKeyboard Shortcuts Block Types
[22m[39m[Editor onChange] Skipping save - no initial state loaded yet
[90mstdout[2m | src/components/Editor3/Editor.stories.jsx[2m > [22m[2mKeyboard Shortcuts Block Types
[22m[39m[Editor onChange] Skipping save - no initial state loaded yet
[90mstdout[2m | src/components/Editor3/Editor.stories.jsx[2m > [22m[2mKeyboard Shortcuts Block Types
[22m[39m[Editor onChange] Skipping save - no initial state loaded yet
[90mstdout[2m | src/components/Editor3/Editor.stories.jsx[2m > [22m[2mKeyboard Shortcuts Block Types
[22m[39m[Editor onChange] Skipping save - no initial state loaded yet
[90mstdout[2m | src/components/Editor3/Editor.stories.jsx[2m > [22m[2mKeyboard Shortcuts Block Types
[22m[39m[Editor onChange] Skipping save - no initial state loaded yet
[90mstdout[2m | src/components/Editor3/Editor.stories.jsx[2m > [22m[2mKeyboard Shortcuts Block Types
[22m[39m[Editor onChange] Skipping save - no initial state loaded yet
[90mstdout[2m | src/components/Editor3/Editor.stories.jsx[2m > [22m[2mKeyboard Shortcuts Block Types
[22m[39m[Editor onChange] Skipping save - no initial state loaded yet
[90mstdout[2m | src/components/Editor3/Editor.stories.jsx[2m > [22m[2mKeyboard Shortcuts Block Types
[22m[39m[Editor onChange] Skipping save - no initial state loaded yet
[90mstdout[2m | src/components/Editor3/Editor.stories.jsx[2m > [22m[2mKeyboard Shortcuts Block Types
[22m[39m🔑 ENTER KEY pressed in editor
[90mstdout[2m | src/components/Editor3/Editor.stories.jsx[2m > [22m[2mKeyboard Shortcuts Block Types
[22m[39m❌ Not in a code node
[90mstdout[2m | src/components/Editor3/Editor.stories.jsx[2m > [22m[2mKeyboard Shortcuts Block Types
[22m[39m🔑 ENTER KEY pressed in editor
[90mstdout[2m | src/components/Editor3/Editor.stories.jsx[2m > [22m[2mKeyboard Shortcuts Block Types
[22m[39m❌ Not in a code node
[90mstdout[2m | src/components/Editor3/Editor.stories.jsx[2m > [22m[2mKeyboard Shortcuts Block Types
[22m[39m[Editor onChange] Skipping save - no initial state loaded yet
[90mstdout[2m | src/components/Editor3/Editor.stories.jsx[2m > [22m[2mKeyboard Shortcuts Block Types
[22m[39m[Editor onChange] Skipping save - no initial state loaded yet
[90mstdout[2m | src/components/Editor3/Editor.stories.jsx[2m > [22m[2mKeyboard Shortcuts Block Types
[22m[39m[Editor onChange] Skipping save - no initial state loaded yet
[90mstdout[2m | src/components/Editor3/Editor.stories.jsx[2m > [22m[2mKeyboard Shortcuts Block Types
[22m[39m[Editor onChange] Skipping save - no initial state loaded yet
[90mstdout[2m | src/components/Editor3/Editor.stories.jsx[2m > [22m[2mKeyboard Shortcuts Block Types
[22m[39m[Editor onChange] Skipping save - no initial state loaded yet
[90mstdout[2m | src/components/Editor3/Editor.stories.jsx[2m > [22m[2mKeyboard Shortcuts Alignment
[22m[39m[Editor onChange] Skipping save - no initial state loaded yet
[90mstdout[2m | src/components/Editor3/Editor.stories.jsx[2m > [22m[2mKeyboard Shortcuts Alignment
[22m[39m[ChatContext] Cleaning up subscriptions
[90mstdout[2m | src/components/Editor3/Editor.stories.jsx[2m > [22m[2mKeyboard Shortcuts Alignment
[22m[39m[Mock Data] Unit.onUpdate() subscription removed. Remaining: 0
[90mstdout[2m | src/components/Editor3/Editor.stories.jsx[2m > [22m[2mKeyboard Shortcuts Alignment
[22m[39m[useChatPageContext] Cleaning up page context
[90mstdout[2m | src/components/Editor3/Editor.stories.jsx[2m > [22m[2mKeyboard Shortcuts Alignment
[22m[39m[chatTools] Vector store search function registered: false
[90mstdout[2m | src/components/Editor3/Editor.stories.jsx[2m > [22m[2mKeyboard Shortcuts Alignment
[22m[39m[chatTools] Practice drill callback registered: false
[90mstdout[2m | src/components/Editor3/Editor.stories.jsx[2m > [22m[2mKeyboard Shortcuts Alignment
[22m[39m[Preview] Skipped initializing default mock data (initializeMockData=false)
[90mstdout[2m | src/components/Editor3/Editor.stories.jsx[2m > [22m[2mKeyboard Shortcuts Alignment
[22m[39m[Mock Data] seedMockUnit: Adding unit keyboard-shortcuts-alignment-id
[90mstdout[2m | src/components/Editor3/Editor.stories.jsx[2m > [22m[2mKeyboard Shortcuts Alignment
[22m[39m[MOCK CourseVectorStore] Initialized with mock data
[90mstdout[2m | src/components/Editor3/Editor.stories.jsx[2m > [22m[2mKeyboard Shortcuts Alignment
[22m[39m[useTabState] Initialized with: {
  "leftOpen": false,
  "leftTab": 4,
  "leftWidth": 350,
  "rightOpen": false,
  "rightTab": 5,
  "rightWidth": 350,
} from URL: {} localStorage: null defaults: {
  "defaultLeftTab": 4,
  "defaultRightTab": 5,
}
[90mstdout[2m | src/components/Editor3/Editor.stories.jsx[2m > [22m[2mKeyboard Shortcuts Alignment
[22m[39m[FileManager2] Files received from context: 0 []
[90mstdout[2m | src/components/Editor3/Editor.stories.jsx[2m > [22m[2mKeyboard Shortcuts Alignment
[22m[39m[FileManager2] Upload useEffect triggered. filesToUpload: 0 uploadInProgress: false
[90mstdout[2m | src/components/Editor3/Editor.stories.jsx[2m > [22m[2mKeyboard Shortcuts Alignment
[22m[39m[FileManager2] Skipping upload - no files or already in progress
[90mstdout[2m | src/components/Editor3/Editor.stories.jsx[2m > [22m[2mKeyboard Shortcuts Alignment
[22m[39m[chatTools] Vector store search function registered: true
[90mstdout[2m | src/components/Editor3/Editor.stories.jsx[2m > [22m[2mKeyboard Shortcuts Alignment
[22m[39m[ChatSidebar] Registered vector store search, isReady: false
[90mstdout[2m | src/components/Editor3/Editor.stories.jsx[2m > [22m[2mKeyboard Shortcuts Alignment
[22m[39m[chatTools] Practice drill callback registered: true
[90mstdout[2m | src/components/Editor3/Editor.stories.jsx[2m > [22m[2mKeyboard Shortcuts Alignment
[22m[39m[useChatPageContext] Registering page context: {
  "dictionaryCount": 0,
  "filesCount": 0,
  "hasEditorRef": true,
  "hasUnit": true,
  "hasVectorStoreSearch": true,
  "questionsCount": 0,
  "sectionsCount": 0,
}
[90mstdout[2m | src/components/Editor3/Editor.stories.jsx[2m > [22m[2mKeyboard Shortcuts Alignment
[22m[39m[TranslationModeController] Setting mode to: off
[90mstdout[2m | src/components/Editor3/Editor.stories.jsx[2m > [22m[2mKeyboard Shortcuts Alignment
[22m[39m[UnitContext] useEffect triggered {
  "authLoading": false,
  "hasUser": true,
  "id": "keyboard-shortcuts-alignment-id",
  "userSub": "mock-user-sub",
}
[90mstdout[2m | src/components/Editor3/Editor.stories.jsx[2m > [22m[2mKeyboard Shortcuts Alignment
[22m[39m[UnitContext] Fetching unit data for id: keyboard-shortcuts-alignment-id
[90mstdout[2m | src/components/Editor3/Editor.stories.jsx[2m > [22m[2mKeyboard Shortcuts Alignment
[22m[39m[FilesContext] Initializing vector store from IndexedDB
[90mstdout[2m | src/components/Editor3/Editor.stories.jsx[2m > [22m[2mKeyboard Shortcuts Alignment
[22m[39m[FilesContext] fetchFiles called
[90mstdout[2m | src/components/Editor3/Editor.stories.jsx[2m > [22m[2mKeyboard Shortcuts Alignment
[22m[39m[FilesContext] User authenticated: mock-user-sub
[90mstdout[2m | src/components/Editor3/Editor.stories.jsx[2m > [22m[2mKeyboard Shortcuts Alignment
[22m[39m[FilesContext] Identity ID: us-east-1:mock-identity-123
[90mstdout[2m | src/components/Editor3/Editor.stories.jsx[2m > [22m[2mKeyboard Shortcuts Alignment
[22m[39m[FilesContext] About to set up File observeQuery
[90mstdout[2m | src/components/Editor3/Editor.stories.jsx[2m > [22m[2mKeyboard Shortcuts Alignment
[22m[39m[ChatContext] Setting up AssistantChat observeQuery
[90mstdout[2m | src/components/Editor3/Editor.stories.jsx[2m > [22m[2mKeyboard Shortcuts Alignment
[22m[39m[ChatContext] Waiting for subscription to initialize
[90mstdout[2m | src/components/Editor3/Editor.stories.jsx[2m > [22m[2mKeyboard Shortcuts Alignment
[22m[39m[SettingsContext] Setting up Settings subscription for user: mock-user-sub
[90mstdout[2m | src/components/Editor3/Editor.stories.jsx[2m > [22m[2mKeyboard Shortcuts Alignment
[22m[39m[useChatPageContext] Cleaning up page context
[90mstdout[2m | src/components/Editor3/Editor.stories.jsx[2m > [22m[2mKeyboard Shortcuts Alignment
[22m[39m[useChatPageContext] Registering page context: {
  "dictionaryCount": 0,
  "filesCount": 0,
  "hasEditorRef": true,
  "hasUnit": true,
  "hasVectorStoreSearch": true,
  "questionsCount": 0,
  "sectionsCount": 0,
}
[90mstdout[2m | src/components/Editor3/Editor.stories.jsx[2m > [22m[2mKeyboard Shortcuts Alignment
[22m[39m[Editor onChange] Skipping save - no initial state loaded yet
[90mstdout[2m | src/components/Editor3/Editor.stories.jsx[2m > [22m[2mKeyboard Shortcuts Alignment
[22m[39m[Mock Data] Settings created: mock-settings-1790417082673 - notified 0 subscribers
[90mstdout[2m | src/components/Editor3/Editor.stories.jsx[2m > [22m[2mKeyboard Shortcuts Alignment
[22m[39m[Mock Data] Unit.onUpdate() subscription added. Total: 1
[90mstdout[2m | src/components/Editor3/Editor.stories.jsx[2m > [22m[2mKeyboard Shortcuts Alignment
[22m[39m[Mock] CollaborationPlugin rendered with props: {
  "color": "#f59e0b",
  "cursorsContainerRef": {
    "current": <div
      class="jsx-9364b876b91d91fe collaboration-cursors-container"
      style="position: relative;"
    >
      <div
        aria-label="Edit"
        class="editor"
        contenteditable="true"
        data-lexical-editor="true"
        data-tour="editor"
        role="textbox"
        spellcheck="true"
        style="max-width: 100%; outline: none; min-height: 100%; padding: 1rem 2rem 1rem 0.5rem; user-select: text; white-space: pre-wrap; word-break: break-word;"
      />
      <div
        class="jsx-e404209429cec6f3 editor-placeholder"
      >
        Start typing or use the toolbar above to add content...
      </div>
    </div>,
  },
  "provider": YjsDocProvider {
    "awareness": Awareness {
      "_checkInterval": 3199,
      "_observers": Map {},
      "clientID": 297133410,
      "doc": {
        "editorContent": "",
        "metadata": {},
      },
      "meta": Map {
        297133410 => {
          "clock": 0,
          "lastUpdated": 1790417082309,
        },
      },
      "states": Map {
        297133410 => {},
      },
    },
    "config": {
      "connect": false,
      "docName": "unit-null",
      "maxBackoffTime": 30000,
      "persistence": false,
      "resyncInterval": 5000,
      "wsUrl": "wss://j5eyo7cpia.execute-api.us-east-1.amazonaws.com/live",
    },
    "defaultConfig": {
      "connect": true,
      "maxBackoffTime": 30000,
      "persistence": true,
      "resyncInterval": 5000,
      "wsUrl": "wss://j5eyo7cpia.execute-api.us-east-1.amazonaws.com/live",
    },
    "docName": "unit-null",
    "hasLoggedConnectionError": false,
    "indexeddb": null,
    "lastStatusLog": "",
    "listeners": Map {
      "doc-reset" => Set {
        [Function handleDocReset],
      },
    },
    "resetCount": 0,
    "wsProvider": null,
    "ydoc": {
      "editorContent": "",
      "metadata": {},
    },
  },
  "username": "mock-user-sub",
}
[90mstdout[2m | src/components/Editor3/Editor.stories.jsx[2m > [22m[2mKeyboard Shortcuts Alignment
[22m[39m[Editor onChange] Skipping save due to tags: [
  "history-merge",
]
[90mstdout[2m | src/components/Editor3/Editor.stories.jsx[2m > [22m[2mKeyboard Shortcuts Alignment
[22m[39m[chatTools] Vector store search function registered: false
[90mstdout[2m | src/components/Editor3/Editor.stories.jsx[2m > [22m[2mKeyboard Shortcuts Alignment
[22m[39m[chatTools] Practice drill callback registered: false
[90mstdout[2m | src/components/Editor3/Editor.stories.jsx[2m > [22m[2mKeyboard Shortcuts Alignment
[22m[39m[useChatPageContext] Cleaning up page context
[90mstdout[2m | src/components/Editor3/Editor.stories.jsx[2m > [22m[2mKeyboard Shortcuts Alignment
[22m[39m[FileManager2] Files received from context: 0 []
[90mstdout[2m | src/components/Editor3/Editor.stories.jsx[2m > [22m[2mKeyboard Shortcuts Alignment
[22m[39m[FileManager2] Upload useEffect triggered. filesToUpload: 0 uploadInProgress: false
[90mstdout[2m | src/components/Editor3/Editor.stories.jsx[2m > [22m[2mKeyboard Shortcuts Alignment
[22m[39m[FileManager2] Skipping upload - no files or already in progress
[90mstdout[2m | src/components/Editor3/Editor.stories.jsx[2m > [22m[2mKeyboard Shortcuts Alignment
[22m[39m[chatTools] Vector store search function registered: true
[90mstdout[2m | src/components/Editor3/Editor.stories.jsx[2m > [22m[2mKeyboard Shortcuts Alignment
[22m[39m[ChatSidebar] Registered vector store search, isReady: false
[90mstdout[2m | src/components/Editor3/Editor.stories.jsx[2m > [22m[2mKeyboard Shortcuts Alignment
[22m[39m[chatTools] Practice drill callback registered: true
[90mstdout[2m | src/components/Editor3/Editor.stories.jsx[2m > [22m[2mKeyboard Shortcuts Alignment
[22m[39m[useChatPageContext] Registering page context: {
  "dictionaryCount": 0,
  "filesCount": 0,
  "hasEditorRef": true,
  "hasUnit": true,
  "hasVectorStoreSearch": true,
  "questionsCount": 0,
  "sectionsCount": 0,
}
[90mstdout[2m | src/components/Editor3/Editor.stories.jsx[2m > [22m[2mKeyboard Shortcuts Alignment
[22m[39m[Mock] CollaborationPlugin rendered with props: {
  "color": "#f59e0b",
  "cursorsContainerRef": {
    "current": <div
      class="jsx-9364b876b91d91fe collaboration-cursors-container"
      style="position: relative;"
    >
      <div
        aria-label="Edit"
        autocapitalize="off"
        class="editor"
        contenteditable="true"
        data-lexical-editor="true"
        data-tour="editor"
        role="textbox"
        spellcheck="true"
        style="max-width: 100%; outline: none; min-height: 100%; padding: 1rem 2rem 1rem 0.5rem; user-select: text; white-space: pre-wrap; word-break: break-word;"
      />
      <div
        class="jsx-e404209429cec6f3 editor-placeholder"
      >
        Start typing or use the toolbar above to add content...
      </div>
    </div>,
  },
  "provider": YjsDocProvider {
    "awareness": Awareness {
      "_checkInterval": 3199,
      "_observers": Map {},
      "clientID": 297133410,
      "doc": {
        "editorContent": "",
        "metadata": {},
      },
      "meta": Map {
        297133410 => {
          "clock": 0,
          "lastUpdated": 1790417082309,
        },
      },
      "states": Map {
        297133410 => {},
      },
    },
    "config": {
      "connect": false,
      "docName": "unit-null",
      "maxBackoffTime": 30000,
      "persistence": false,
      "resyncInterval": 5000,
      "wsUrl": "wss://j5eyo7cpia.execute-api.us-east-1.amazonaws.com/live",
    },
    "defaultConfig": {
      "connect": true,
      "maxBackoffTime": 30000,
      "persistence": true,
      "resyncInterval": 5000,
      "wsUrl": "wss://j5eyo7cpia.execute-api.us-east-1.amazonaws.com/live",
    },
    "docName": "unit-null",
    "hasLoggedConnectionError": false,
    "indexeddb": null,
    "lastStatusLog": "",
    "listeners": Map {
      "doc-reset" => Set {
        [Function handleDocReset],
      },
    },
    "resetCount": 0,
    "wsProvider": null,
    "ydoc": {
      "editorContent": "",
      "metadata": {},
    },
  },
  "username": "mock-user-sub",
}
[90mstdout[2m | src/components/Editor3/Editor.stories.jsx[2m > [22m[2mKeyboard Shortcuts Alignment
[22m[39m[useChatPageContext] Cleaning up page context
[90mstdout[2m | src/components/Editor3/Editor.stories.jsx[2m > [22m[2mKeyboard Shortcuts Alignment
[22m[39m[useChatPageContext] Registering page context: {
  "dictionaryCount": 0,
  "filesCount": 0,
  "hasEditorRef": true,
  "hasUnit": true,
  "hasVectorStoreSearch": true,
  "questionsCount": 0,
  "sectionsCount": 0,
}
[90mstdout[2m | src/components/Editor3/Editor.stories.jsx[2m > [22m[2mKeyboard Shortcuts Alignment
[22m[39m[Mock] CollaborationPlugin rendered with props: {
  "color": "#f59e0b",
  "cursorsContainerRef": {
    "current": <div
      class="jsx-9364b876b91d91fe collaboration-cursors-container"
      style="position: relative;"
    >
      <div
        aria-label="Edit"
        autocapitalize="off"
        class="editor"
        contenteditable="true"
        data-lexical-editor="true"
        data-tour="editor"
        role="textbox"
        spellcheck="true"
        style="max-width: 100%; outline: none; min-height: 100%; padding: 1rem 2rem 1rem 0.5rem; user-select: text; white-space: pre-wrap; word-break: break-word;"
      />
      <div
        class="jsx-e404209429cec6f3 editor-placeholder"
      >
        Start typing or use the toolbar above to add content...
      </div>
    </div>,
  },
  "provider": YjsDocProvider {
    "awareness": Awareness {
      "_checkInterval": 3199,
      "_observers": Map {},
      "clientID": 297133410,
      "doc": {
        "editorContent": "",
        "metadata": {},
      },
      "meta": Map {
        297133410 => {
          "clock": 0,
          "lastUpdated": 1790417082309,
        },
      },
      "states": Map {
        297133410 => {},
      },
    },
    "config": {
      "connect": false,
      "docName": "unit-null",
      "maxBackoffTime": 30000,
      "persistence": false,
      "resyncInterval": 5000,
      "wsUrl": "wss://j5eyo7cpia.execute-api.us-east-1.amazonaws.com/live",
    },
    "defaultConfig": {
      "connect": true,
      "maxBackoffTime": 30000,
      "persistence": true,
      "resyncInterval": 5000,
      "wsUrl": "wss://j5eyo7cpia.execute-api.us-east-1.amazonaws.com/live",
    },
    "docName": "unit-null",
    "hasLoggedConnectionError": false,
    "indexeddb": null,
    "lastStatusLog": "",
    "listeners": Map {
      "doc-reset" => Set {
        [Function handleDocReset],
      },
    },
    "resetCount": 0,
    "wsProvider": null,
    "ydoc": {
      "editorContent": "",
      "metadata": {},
    },
  },
  "username": "mock-user-sub",
}
[90mstdout[2m | src/components/Editor3/Editor.stories.jsx[2m > [22m[2mKeyboard Shortcuts Alignment
[22m[39m[Editor onChange] Skipping save - no initial state loaded yet
[90mstdout[2m | src/components/Editor3/Editor.stories.jsx[2m > [22m[2mKeyboard Shortcuts Alignment
[22m[39m[Mock] CollaborationPlugin rendered with props: {
  "color": "#f59e0b",
  "cursorsContainerRef": {
    "current": <div
      class="jsx-9364b876b91d91fe collaboration-cursors-container"
      style="position: relative;"
    >
      <div
        aria-label="Edit"
        class="editor"
        contenteditable="true"
        data-lexical-editor="true"
        data-tour="editor"
        role="textbox"
        spellcheck="true"
        style="max-width: 100%; outline: none; min-height: 100%; padding: 1rem 2rem 1rem 0.5rem; user-select: text; white-space: pre-wrap; word-break: break-word;"
      />
      <div
        class="jsx-e404209429cec6f3 editor-placeholder"
      >
        Start typing or use the toolbar above to add content...
      </div>
    </div>,
  },
  "provider": YjsDocProvider {
    "awareness": Awareness {
      "_checkInterval": 3199,
      "_observers": Map {},
      "clientID": 297133410,
      "doc": {
        "editorContent": "",
        "metadata": {},
      },
      "meta": Map {
        297133410 => {
          "clock": 0,
          "lastUpdated": 1790417082309,
        },
      },
      "states": Map {
        297133410 => {},
      },
    },
    "config": {
      "connect": false,
      "docName": "unit-null",
      "maxBackoffTime": 30000,
      "persistence": false,
      "resyncInterval": 5000,
      "wsUrl": "wss://j5eyo7cpia.execute-api.us-east-1.amazonaws.com/live",
    },
    "defaultConfig": {
      "connect": true,
      "maxBackoffTime": 30000,
      "persistence": true,
      "resyncInterval": 5000,
      "wsUrl": "wss://j5eyo7cpia.execute-api.us-east-1.amazonaws.com/live",
    },
    "docName": "unit-null",
    "hasLoggedConnectionError": false,
    "indexeddb": null,
    "lastStatusLog": "",
    "listeners": Map {
      "doc-reset" => Set {
        [Function handleDocReset],
      },
    },
    "resetCount": 0,
    "wsProvider": null,
    "ydoc": {
      "editorContent": "",
      "metadata": {},
    },
  },
  "username": "mock-user-sub",
}
[90mstdout[2m | src/components/Editor3/Editor.stories.jsx[2m > [22m[2mKeyboard Shortcuts Alignment
[22m[39m[SectionContext] Section observeQuery update: 0
[90mstdout[2m | src/components/Editor3/Editor.stories.jsx[2m > [22m[2mKeyboard Shortcuts Alignment
[22m[39m[FilesContext] File observeQuery update: 0 files
[90mstdout[2m | src/components/Editor3/Editor.stories.jsx[2m > [22m[2mKeyboard Shortcuts Alignment
[22m[39m[ChatContext] AssistantChat initialized with 0 chats
[90mstdout[2m | src/components/Editor3/Editor.stories.jsx[2m > [22m[2mKeyboard Shortcuts Alignment
[22m[39m[MOCK CourseVectorStore] Initialized with mock data
[90mstdout[2m | src/components/Editor3/Editor.stories.jsx[2m > [22m[2mKeyboard Shortcuts Alignment
[22m[39m[Mock] CollaborationPlugin rendered with props: {
  "color": "#f59e0b",
  "cursorsContainerRef": {
    "current": <div
      class="jsx-9364b876b91d91fe collaboration-cursors-container"
      style="position: relative;"
    >
      <div
        aria-label="Edit"
        class="editor"
        contenteditable="true"
        data-lexical-editor="true"
        data-tour="editor"
        role="textbox"
        spellcheck="true"
        style="max-width: 100%; outline: none; min-height: 100%; padding: 1rem 2rem 1rem 0.5rem; user-select: text; white-space: pre-wrap; word-break: break-word;"
      />
      <div
        class="jsx-e404209429cec6f3 editor-placeholder"
      >
        Start typing or use the toolbar above to add content...
      </div>
    </div>,
  },
  "provider": YjsDocProvider {
    "awareness": Awareness {
      "_checkInterval": 3199,
      "_observers": Map {},
      "clientID": 297133410,
      "doc": {
        "editorContent": "",
        "metadata": {},
      },
      "meta": Map {
        297133410 => {
          "clock": 0,
          "lastUpdated": 1790417082309,
        },
      },
      "states": Map {
        297133410 => {},
      },
    },
    "config": {
      "connect": false,
      "docName": "unit-null",
      "maxBackoffTime": 30000,
      "persistence": false,
      "resyncInterval": 5000,
      "wsUrl": "wss://j5eyo7cpia.execute-api.us-east-1.amazonaws.com/live",
    },
    "defaultConfig": {
      "connect": true,
      "maxBackoffTime": 30000,
      "persistence": true,
      "resyncInterval": 5000,
      "wsUrl": "wss://j5eyo7cpia.execute-api.us-east-1.amazonaws.com/live",
    },
    "docName": "unit-null",
    "hasLoggedConnectionError": false,
    "indexeddb": null,
    "lastStatusLog": "",
    "listeners": Map {
      "doc-reset" => Set {
        [Function handleDocReset],
      },
    },
    "resetCount": 0,
    "wsProvider": null,
    "ydoc": {
      "editorContent": "",
      "metadata": {},
    },
  },
  "username": "mock-user-sub",
}
[90mstdout[2m | src/components/Editor3/Editor.stories.jsx[2m > [22m[2mKeyboard Shortcuts Alignment
[22m[39m[FileManager2] Files received from context: 0 []
[90mstdout[2m | src/components/Editor3/Editor.stories.jsx[2m > [22m[2mKeyboard Shortcuts Alignment
[22m[39m[ChatContext] No current chat available, will create one
[90mstdout[2m | src/components/Editor3/Editor.stories.jsx[2m > [22m[2mKeyboard Shortcuts Alignment
[22m[39m[ChatContext] Creating AssistantChat with user: undefined
[90mstdout[2m | src/components/Editor3/Editor.stories.jsx[2m > [22m[2mKeyboard Shortcuts Alignment
[22m[39m[Mock Data] AssistantChat created: mock-assistantchat-1790417083367 - notified 1 subscribers
[90mstdout[2m | src/components/Editor3/Editor.stories.jsx[2m > [22m[2mKeyboard Shortcuts Alignment
[22m[39m[Mock] CollaborationPlugin rendered with props: {
  "color": "#f59e0b",
  "cursorsContainerRef": {
    "current": <div
      class="jsx-9364b876b91d91fe collaboration-cursors-container"
      style="position: relative;"
    >
      <div
        aria-label="Edit"
        class="editor"
        contenteditable="true"
        data-lexical-editor="true"
        data-tour="editor"
        role="textbox"
        spellcheck="true"
        style="max-width: 100%; outline: none; min-height: 100%; padding: 1rem 2rem 1rem 0.5rem; user-select: text; white-space: pre-wrap; word-break: break-word;"
      />
      <div
        class="jsx-e404209429cec6f3 editor-placeholder"
      >
        Start typing or use the toolbar above to add content...
      </div>
    </div>,
  },
  "provider": YjsDocProvider {
    "awareness": Awareness {
      "_checkInterval": 3199,
      "_observers": Map {},
      "clientID": 297133410,
      "doc": {
        "editorContent": "",
        "metadata": {},
      },
      "meta": Map {
        297133410 => {
          "clock": 0,
          "lastUpdated": 1790417082309,
        },
      },
      "states": Map {
        297133410 => {},
      },
    },
    "config": {
      "connect": false,
      "docName": "unit-null",
      "maxBackoffTime": 30000,
      "persistence": false,
      "resyncInterval": 5000,
      "wsUrl": "wss://j5eyo7cpia.execute-api.us-east-1.amazonaws.com/live",
    },
    "defaultConfig": {
      "connect": true,
      "maxBackoffTime": 30000,
      "persistence": true,
      "resyncInterval": 5000,
      "wsUrl": "wss://j5eyo7cpia.execute-api.us-east-1.amazonaws.com/live",
    },
    "docName": "unit-null",
    "hasLoggedConnectionError": false,
    "indexeddb": null,
    "lastStatusLog": "",
    "listeners": Map {
      "doc-reset" => Set {
        [Function handleDocReset],
      },
    },
    "resetCount": 0,
    "wsProvider": null,
    "ydoc": {
      "editorContent": "",
      "metadata": {},
    },
  },
  "username": "mock-user-sub",
}
[90mstdout[2m | src/components/Editor3/Editor.stories.jsx[2m > [22m[2mKeyboard Shortcuts Alignment
[22m[39m[ChatContext] Create result: {
  "data": {
    "_version": 1,
    "archived": false,
    "chatFiles": [Function anonymous],
    "createdAt": "2026-09-26T10:04:43.367Z",
    "id": "mock-assistantchat-1790417083367",
    "model": "gpt-4",
    "updatedAt": "2026-09-26T10:04:43.367Z",
  },
  "errors": [],
  "hasData": true,
  "hasErrors": true,
}
[90mstdout[2m | src/components/Editor3/Editor.stories.jsx[2m > [22m[2mKeyboard Shortcuts Alignment
[22m[39m[ChatContext] Created AssistantChat: mock-assistantchat-1790417083367 at: 2026-09-26T10:04:43.367Z
[90mstdout[2m | src/components/Editor3/Editor.stories.jsx[2m > [22m[2mKeyboard Shortcuts Alignment
[22m[39m[Mock Storage] downloadData called with: undefined
[90mstdout[2m | src/components/Editor3/Editor.stories.jsx[2m > [22m[2mKeyboard Shortcuts Alignment
[22m[39m[ChatContext] Setting initial chat: mock-assistantchat-1790417083367
[90mstdout[2m | src/components/Editor3/Editor.stories.jsx[2m > [22m[2mKeyboard Shortcuts Alignment
[22m[39m[Mock] CollaborationPlugin rendered with props: {
  "color": "#f59e0b",
  "cursorsContainerRef": {
    "current": <div
      class="jsx-9364b876b91d91fe collaboration-cursors-container"
      style="position: relative;"
    >
      <div
        aria-label="Edit"
        class="editor"
        contenteditable="true"
        data-lexical-editor="true"
        data-tour="editor"
        role="textbox"
        spellcheck="true"
        style="max-width: 100%; outline: none; min-height: 100%; padding: 1rem 2rem 1rem 0.5rem; user-select: text; white-space: pre-wrap; word-break: break-word;"
      />
      <div
        class="jsx-e404209429cec6f3 editor-placeholder"
      >
        Start typing or use the toolbar above to add content...
      </div>
    </div>,
  },
  "provider": YjsDocProvider {
    "awareness": Awareness {
      "_checkInterval": 3199,
      "_observers": Map {},
      "clientID": 297133410,
      "doc": {
        "editorContent": "",
        "metadata": {},
      },
      "meta": Map {
        297133410 => {
          "clock": 0,
          "lastUpdated": 1790417082309,
        },
      },
      "states": Map {
        297133410 => {},
      },
    },
    "config": {
      "connect": false,
      "docName": "unit-null",
      "maxBackoffTime": 30000,
      "persistence": false,
      "resyncInterval": 5000,
      "wsUrl": "wss://j5eyo7cpia.execute-api.us-east-1.amazonaws.com/live",
    },
    "defaultConfig": {
      "connect": true,
      "maxBackoffTime": 30000,
      "persistence": true,
      "resyncInterval": 5000,
      "wsUrl": "wss://j5eyo7cpia.execute-api.us-east-1.amazonaws.com/live",
    },
    "docName": "unit-null",
    "hasLoggedConnectionError": false,
    "indexeddb": null,
    "lastStatusLog": "",
    "listeners": Map {
      "doc-reset" => Set {
        [Function handleDocReset],
      },
    },
    "resetCount": 0,
    "wsProvider": null,
    "ydoc": {
      "editorContent": "",
      "metadata": {},
    },
  },
  "username": "mock-user-sub",
}
[90mstdout[2m | src/components/Editor3/Editor.stories.jsx[2m > [22m[2mKeyboard Shortcuts Alignment
[22m[39m[ChatSidebar] Loading messages for chat: mock-assistantchat-1790417083367 count: 0
[90mstdout[2m | src/components/Editor3/Editor.stories.jsx[2m > [22m[2mKeyboard Shortcuts Alignment
[22m[39m[ChatSidebar] deepCloneMessages: returning empty array
[90mstdout[2m | src/components/Editor3/Editor.stories.jsx[2m > [22m[2mKeyboard Shortcuts Alignment
[22m[39m[ChatContext] Chat exists and not archived, skipping creation
[90mstdout[2m | src/components/Editor3/Editor.stories.jsx[2m > [22m[2mKeyboard Shortcuts Alignment
[22m[39m[Keyboard Shortcuts Demo] Section 3: Alignment
[90mstdout[2m | src/components/Editor3/Editor.stories.jsx[2m > [22m[2mKeyboard Shortcuts Alignment
[22m[39m[Editor onChange] Skipping save - no initial state loaded yet
[90mstdout[2m | src/components/Editor3/Editor.stories.jsx[2m > [22m[2mKeyboard Shortcuts Alignment
[22m[39m[Editor onChange] Skipping save - no initial state loaded yet
[90mstdout[2m | src/components/Editor3/Editor.stories.jsx[2m > [22m[2mKeyboard Shortcuts Alignment
[22m[39m[Editor onChange] Skipping save - no initial state loaded yet
[90mstdout[2m | src/components/Editor3/Editor.stories.jsx[2m > [22m[2mKeyboard Shortcuts Alignment
[22m[39m[Editor onChange] Skipping save - no initial state loaded yet
[90mstdout[2m | src/components/Editor3/Editor.stories.jsx[2m > [22m[2mKeyboard Shortcuts Alignment
[22m[39m[Editor onChange] Skipping save - no initial state loaded yet
[90mstdout[2m | src/components/Editor3/Editor.stories.jsx[2m > [22m[2mKeyboard Shortcuts Alignment
[22m[39m[Editor onChange] Skipping save - no initial state loaded yet
[90mstdout[2m | src/components/Editor3/Editor.stories.jsx[2m > [22m[2mKeyboard Shortcuts Alignment
[22m[39m[Editor onChange] Skipping save - no initial state loaded yet
[90mstdout[2m | src/components/Editor3/Editor.stories.jsx[2m > [22m[2mKeyboard Shortcuts Alignment
[22m[39m[Editor onChange] Skipping save - no initial state loaded yet
[90mstdout[2m | src/components/Editor3/Editor.stories.jsx[2m > [22m[2mKeyboard Shortcuts Alignment
[22m[39m[Editor onChange] Skipping save - no initial state loaded yet
[90mstdout[2m | src/components/Editor3/Editor.stories.jsx[2m > [22m[2mKeyboard Shortcuts Alignment
[22m[39m[Editor onChange] Skipping save - no initial state loaded yet
[90mstdout[2m | src/components/Editor3/Editor.stories.jsx[2m > [22m[2mKeyboard Shortcuts Alignment
[22m[39m[Editor onChange] Skipping save - no initial state loaded yet
[90mstdout[2m | src/components/Editor3/Editor.stories.jsx[2m > [22m[2mKeyboard Shortcuts Alignment
[22m[39m🔑 ENTER KEY pressed in editor
[90mstdout[2m | src/components/Editor3/Editor.stories.jsx[2m > [22m[2mKeyboard Shortcuts Alignment
[22m[39m❌ Not in a code node
[90mstdout[2m | src/components/Editor3/Editor.stories.jsx[2m > [22m[2mKeyboard Shortcuts Alignment
[22m[39m[Editor onChange] Skipping save - no initial state loaded yet
[90mstdout[2m | src/components/Editor3/Editor.stories.jsx[2m > [22m[2mKeyboard Shortcuts Alignment
[22m[39m[Editor onChange] Skipping save - no initial state loaded yet
[90mstdout[2m | src/components/Editor3/Editor.stories.jsx[2m > [22m[2mKeyboard Shortcuts Alignment
[22m[39m[Editor onChange] Skipping save - no initial state loaded yet
[90mstdout[2m | src/components/Editor3/Editor.stories.jsx[2m > [22m[2mKeyboard Shortcuts Alignment
[22m[39m[Editor onChange] Skipping save - no initial state loaded yet
[90mstdout[2m | src/components/Editor3/Editor.stories.jsx[2m > [22m[2mKeyboard Shortcuts Alignment
[22m[39m[Editor onChange] Skipping save - no initial state loaded yet
[90mstdout[2m | src/components/Editor3/Editor.stories.jsx[2m > [22m[2mKeyboard Shortcuts Alignment
[22m[39m[Editor onChange] Skipping save - no initial state loaded yet
[90mstdout[2m | src/components/Editor3/Editor.stories.jsx[2m > [22m[2mKeyboard Shortcuts Alignment
[22m[39m[Editor onChange] Skipping save - no initial state loaded yet
[90mstdout[2m | src/components/Editor3/Editor.stories.jsx[2m > [22m[2mKeyboard Shortcuts Alignment
[22m[39m[Editor onChange] Skipping save - no initial state loaded yet
[90mstdout[2m | src/components/Editor3/Editor.stories.jsx[2m > [22m[2mKeyboard Shortcuts Alignment
[22m[39m[Editor onChange] Skipping save - no initial state loaded yet
[90mstdout[2m | src/components/Editor3/Editor.stories.jsx[2m > [22m[2mKeyboard Shortcuts Alignment
[22m[39m[Editor onChange] Skipping save - no initial state loaded yet
[90mstdout[2m | src/components/Editor3/Editor.stories.jsx[2m > [22m[2mKeyboard Shortcuts Alignment
[22m[39m[Editor onChange] Skipping save - no initial state loaded yet
[90mstdout[2m | src/components/Editor3/Editor.stories.jsx[2m > [22m[2mKeyboard Shortcuts Alignment
[22m[39m[Editor onChange] Skipping save - no initial state loaded yet
[90mstdout[2m | src/components/Editor3/Editor.stories.jsx[2m > [22m[2mKeyboard Shortcuts Alignment
[22m[39m🔑 ENTER KEY pressed in editor
[90mstdout[2m | src/components/Editor3/Editor.stories.jsx[2m > [22m[2mKeyboard Shortcuts Alignment
[22m[39m❌ Not in a code node
[90mstdout[2m | src/components/Editor3/Editor.stories.jsx[2m > [22m[2mKeyboard Shortcuts Alignment
[22m[39m[Editor onChange] Skipping save - no initial state loaded yet
[90mstdout[2m | src/components/Editor3/Editor.stories.jsx[2m > [22m[2mKeyboard Shortcuts Alignment
[22m[39m[Editor onChange] Skipping save - no initial state loaded yet
[90mstdout[2m | src/components/Editor3/Editor.stories.jsx[2m > [22m[2mKeyboard Shortcuts Alignment
[22m[39m[Editor onChange] Skipping save - no initial state loaded yet
[90mstdout[2m | src/components/Editor3/Editor.stories.jsx[2m > [22m[2mKeyboard Shortcuts Alignment
[22m[39m[Editor onChange] Skipping save - no initial state loaded yet
[90mstdout[2m | src/components/Editor3/Editor.stories.jsx[2m > [22m[2mKeyboard Shortcuts Alignment
[22m[39m[Editor onChange] Skipping save - no initial state loaded yet
[90mstdout[2m | src/components/Editor3/Editor.stories.jsx[2m > [22m[2mKeyboard Shortcuts Alignment
[22m[39m[Editor onChange] Skipping save - no initial state loaded yet
[90mstdout[2m | src/components/Editor3/Editor.stories.jsx[2m > [22m[2mKeyboard Shortcuts Alignment
[22m[39m[Editor onChange] Skipping save - no initial state loaded yet
[90mstdout[2m | src/components/Editor3/Editor.stories.jsx[2m > [22m[2mKeyboard Shortcuts Alignment
[22m[39m[Editor onChange] Skipping save - no initial state loaded yet
[90mstdout[2m | src/components/Editor3/Editor.stories.jsx[2m > [22m[2mKeyboard Shortcuts Alignment
[22m[39m[Editor onChange] Skipping save - no initial state loaded yet
[90mstdout[2m | src/components/Editor3/Editor.stories.jsx[2m > [22m[2mKeyboard Shortcuts Alignment
[22m[39m[Editor onChange] Skipping save - no initial state loaded yet
[90mstdout[2m | src/components/Editor3/Editor.stories.jsx[2m > [22m[2mKeyboard Shortcuts Alignment
[22m[39m[Editor onChange] Skipping save - no initial state loaded yet
[90mstdout[2m | src/components/Editor3/Editor.stories.jsx[2m > [22m[2mKeyboard Shortcuts Alignment
[22m[39m🔑 ENTER KEY pressed in editor
[90mstdout[2m | src/components/Editor3/Editor.stories.jsx[2m > [22m[2mKeyboard Shortcuts Alignment
[22m[39m❌ Not in a code node
[90mstdout[2m | src/components/Editor3/Editor.stories.jsx[2m > [22m[2mKeyboard Shortcuts Alignment
[22m[39m[Editor onChange] Skipping save - no initial state loaded yet
[90mstdout[2m | src/components/Editor3/Editor.stories.jsx[2m > [22m[2mKeyboard Shortcuts Alignment
[22m[39m[Editor onChange] Skipping save - no initial state loaded yet
[90mstdout[2m | src/components/Editor3/Editor.stories.jsx[2m > [22m[2mKeyboard Shortcuts Alignment
[22m[39m[Editor onChange] Skipping save - no initial state loaded yet
[90mstdout[2m | src/components/Editor3/Editor.stories.jsx[2m > [22m[2mKeyboard Shortcuts Alignment
[22m[39m[Editor onChange] Skipping save - no initial state loaded yet
[90mstdout[2m | src/components/Editor3/Editor.stories.jsx[2m > [22m[2mKeyboard Shortcuts Alignment
[22m[39m[Editor onChange] Skipping save - no initial state loaded yet
[90mstdout[2m | src/components/Editor3/Editor.stories.jsx[2m > [22m[2mKeyboard Shortcuts Alignment
[22m[39m[Editor onChange] Skipping save - no initial state loaded yet
[90mstdout[2m | src/components/Editor3/Editor.stories.jsx[2m > [22m[2mKeyboard Shortcuts Alignment
[22m[39m[Editor onChange] Skipping save - no initial state loaded yet
[90mstdout[2m | src/components/Editor3/Editor.stories.jsx[2m > [22m[2mKeyboard Shortcuts Alignment
[22m[39m[Editor onChange] Skipping save - no initial state loaded yet
[90mstdout[2m | src/components/Editor3/Editor.stories.jsx[2m > [22m[2mKeyboard Shortcuts Alignment
[22m[39m[Editor onChange] Skipping save - no initial state loaded yet
[90mstdout[2m | src/components/Editor3/Editor.stories.jsx[2m > [22m[2mKeyboard Shortcuts Alignment
[22m[39m[Editor onChange] Skipping save - no initial state loaded yet
[90mstdout[2m | src/components/Editor3/Editor.stories.jsx[2m > [22m[2mKeyboard Shortcuts Alignment
[22m[39m[Editor onChange] Skipping save - no initial state loaded yet
[90mstdout[2m | src/components/Editor3/Editor.stories.jsx[2m > [22m[2mKeyboard Shortcuts Alignment
[22m[39m[Editor onChange] Skipping save - no initial state loaded yet
[90mstdout[2m | src/components/Editor3/Editor.stories.jsx[2m > [22m[2mKeyboard Shortcuts Alignment
[22m[39m[Editor onChange] Skipping save - no initial state loaded yet
[90mstdout[2m | src/components/Editor3/Editor.stories.jsx[2m > [22m[2mKeyboard Shortcuts Alignment
[22m[39m[Editor onChange] Skipping save - no initial state loaded yet
[90mstdout[2m | src/components/Editor3/Editor.stories.jsx[2m > [22m[2mKeyboard Shortcuts Alignment
[22m[39m[Editor onChange] Skipping save - no initial state loaded yet
[90mstdout[2m | src/components/Editor3/Editor.stories.jsx[2m > [22m[2mKeyboard Shortcuts Alignment
[22m[39m[Editor onChange] Skipping save - no initial state loaded yet
[90mstdout[2m | src/components/Editor3/Editor.stories.jsx[2m > [22m[2mKeyboard Shortcuts Alignment
[22m[39m[Editor onChange] Skipping save - no initial state loaded yet
[90mstdout[2m | src/components/Editor3/Editor.stories.jsx[2m > [22m[2mKeyboard Shortcuts Alignment
[22m[39m[Editor onChange] Skipping save - no initial state loaded yet
[90mstdout[2m | src/components/Editor3/Editor.stories.jsx[2m > [22m[2mKeyboard Shortcuts Alignment
[22m[39m[Editor onChange] Skipping save - no initial state loaded yet
[90mstdout[2m | src/components/Editor3/Editor.stories.jsx[2m > [22m[2mKeyboard Shortcuts Alignment
[22m[39m[Editor onChange] Skipping save - no initial state loaded yet
[90mstdout[2m | src/components/Editor3/Editor.stories.jsx[2m > [22m[2mKeyboard Shortcuts Alignment
[22m[39m[Editor onChange] Skipping save - no initial state loaded yet
[90mstdout[2m | src/components/Editor3/Editor.stories.jsx[2m > [22m[2mKeyboard Shortcuts Alignment
[22m[39m[Editor onChange] Skipping save - no initial state loaded yet
[90mstdout[2m | src/components/Editor3/Editor.stories.jsx[2m > [22m[2mKeyboard Shortcuts Alignment
[22m[39m[Editor onChange] Skipping save - no initial state loaded yet
[90mstdout[2m | src/components/Editor3/Editor.stories.jsx[2m > [22m[2mKeyboard Shortcuts Alignment
[22m[39m[Editor onChange] Skipping save - no initial state loaded yet
[90mstdout[2m | src/components/Editor3/Editor.stories.jsx[2m > [22m[2mKeyboard Shortcuts Alignment
[22m[39m[Editor onChange] Skipping save - no initial state loaded yet
[90mstdout[2m | src/components/Editor3/Editor.stories.jsx[2m > [22m[2mKeyboard Shortcuts Alignment
[22m[39m[Editor onChange] Skipping save - no initial state loaded yet
[90mstdout[2m | src/components/Editor3/Editor.stories.jsx[2m > [22m[2mKeyboard Shortcuts Alignment
[22m[39m[Editor onChange] Skipping save - no initial state loaded yet
[90mstdout[2m | src/components/Editor3/Editor.stories.jsx[2m > [22m[2mKeyboard Shortcuts Alignment
[22m[39m[Editor onChange] Skipping save - no initial state loaded yet
[90mstdout[2m | src/components/Editor3/Editor.stories.jsx[2m > [22m[2mKeyboard Shortcuts Alignment
[22m[39m[Editor onChange] Skipping save - no initial state loaded yet
[90mstdout[2m | src/components/Editor3/Editor.stories.jsx[2m > [22m[2mKeyboard Shortcuts Alignment
[22m[39m[Editor onChange] Skipping save - no initial state loaded yet
[90mstdout[2m | src/components/Editor3/Editor.stories.jsx[2m > [22m[2mKeyboard Shortcuts Alignment
[22m[39m[Editor onChange] Skipping save - no initial state loaded yet
[90mstdout[2m | src/components/Editor3/Editor.stories.jsx[2m > [22m[2mKeyboard Shortcuts Alignment
[22m[39m[Editor onChange] Skipping save - no initial state loaded yet
[90mstdout[2m | src/components/Editor3/Editor.stories.jsx[2m > [22m[2mKeyboard Shortcuts Alignment
[22m[39m[Editor onChange] Skipping save - no initial state loaded yet
[90mstdout[2m | src/components/Editor3/Editor.stories.jsx[2m > [22m[2mKeyboard Shortcuts Alignment
[22m[39m[Editor onChange] Skipping save - no initial state loaded yet
[90mstdout[2m | src/components/Editor3/Editor.stories.jsx[2m > [22m[2mKeyboard Shortcuts Alignment
[22m[39m[Editor onChange] Skipping save - no initial state loaded yet
[90mstdout[2m | src/components/Editor3/Editor.stories.jsx[2m > [22m[2mKeyboard Shortcuts Alignment
[22m[39m[Editor onChange] Skipping save - no initial state loaded yet
[90mstdout[2m | src/components/Editor3/Editor.stories.jsx[2m > [22m[2mKeyboard Shortcuts Alignment
[22m[39m[Editor onChange] Skipping save - no initial state loaded yet
[90mstdout[2m | src/components/Editor3/Editor.stories.jsx[2m > [22m[2mKeyboard Shortcuts Alignment
[22m[39m[Editor onChange] Skipping save - no initial state loaded yet
[90mstdout[2m | src/components/Editor3/Editor.stories.jsx[2m > [22m[2mKeyboard Shortcuts Alignment
[22m[39m[Editor onChange] Skipping save - no initial state loaded yet
[90mstdout[2m | src/components/Editor3/Editor.stories.jsx[2m > [22m[2mKeyboard Shortcuts Alignment
[22m[39m🔑 ENTER KEY pressed in editor
[90mstdout[2m | src/components/Editor3/Editor.stories.jsx[2m > [22m[2mKeyboard Shortcuts Alignment
[22m[39m❌ Not in a code node
[90mstdout[2m | src/components/Editor3/Editor.stories.jsx[2m > [22m[2mKeyboard Shortcuts Alignment
[22m[39m[Editor onChange] Skipping save - no initial state loaded yet
[90mstdout[2m | src/components/Editor3/Editor.stories.jsx[2m > [22m[2mKeyboard Shortcuts Alignment
[22m[39m🔑 ENTER KEY pressed in editor
[90mstdout[2m | src/components/Editor3/Editor.stories.jsx[2m > [22m[2mKeyboard Shortcuts Alignment
[22m[39m❌ Not in a code node
[90mstdout[2m | src/components/Editor3/Editor.stories.jsx[2m > [22m[2mKeyboard Shortcuts Alignment
[22m[39mfetchSuggestion called with prompt: Justified text that spreads across the full width of the container evenly.
[90mstdout[2m | src/components/Editor3/Editor.stories.jsx[2m > [22m[2mKeyboard Shortcuts Alignment
[22m[39mMaking API call to /api/content-completion...
[90mstdout[2m | src/components/Editor3/Editor.stories.jsx[2m > [22m[2mKeyboard Shortcuts Alignment
[22m[39m[Mock Fetch] Intercepted /api/content-completion
[90mstdout[2m | src/components/Editor3/Editor.stories.jsx[2m > [22m[2mKeyboard Shortcuts Alignment
[22m[39m[Editor onChange] Skipping save - no initial state loaded yet
[90mstdout[2m | src/components/Editor3/Editor.stories.jsx[2m > [22m[2mKeyboard Shortcuts Alignment
[22m[39mStarting to stream response...
[90mstdout[2m | src/components/Editor3/Editor.stories.jsx[2m > [22m[2mKeyboard Shortcuts Alignment
[22m[39mStreaming chunk, total length: 5
[90mstdout[2m | src/components/Editor3/Editor.stories.jsx[2m > [22m[2mKeyboard Shortcuts Alignment
[22m[39mupdateSuggestion called with text: This 
[90mstdout[2m | src/components/Editor3/Editor.stories.jsx[2m > [22m[2mKeyboard Shortcuts Alignment
[22m[39mReplacing existing node with suggestion
[90mstdout[2m | src/components/Editor3/Editor.stories.jsx[2m > [22m[2mKeyboard Shortcuts Alignment
[22m[39mAIContentSuggestionComponent rendering with suggestion: This 
[90mstdout[2m | src/components/Editor3/Editor.stories.jsx[2m > [22m[2mKeyboard Shortcuts Alignment
[22m[39mStreaming chunk, total length: 8
[90mstdout[2m | src/components/Editor3/Editor.stories.jsx[2m > [22m[2mKeyboard Shortcuts Alignment
[22m[39mupdateSuggestion called with text: This is 
[90mstdout[2m | src/components/Editor3/Editor.stories.jsx[2m > [22m[2mKeyboard Shortcuts Alignment
[22m[39mUpdating existing suggestion node in place
[90mstdout[2m | src/components/Editor3/Editor.stories.jsx[2m > [22m[2mKeyboard Shortcuts Alignment
[22m[39mAIContentSuggestionComponent rendering with suggestion: This is 
[90mstdout[2m | src/components/Editor3/Editor.stories.jsx[2m > [22m[2mKeyboard Shortcuts Alignment
[22m[39mStreaming chunk, total length: 10
[90mstdout[2m | src/components/Editor3/Editor.stories.jsx[2m > [22m[2mKeyboard Shortcuts Alignment
[22m[39mupdateSuggestion called with text: This is a 
[90mstdout[2m | src/components/Editor3/Editor.stories.jsx[2m > [22m[2mKeyboard Shortcuts Alignment
[22m[39mUpdating existing suggestion node in place
[90mstdout[2m | src/components/Editor3/Editor.stories.jsx[2m > [22m[2mKeyboard Shortcuts Alignment
[22m[39mAIContentSuggestionComponent rendering with suggestion: This is a 
[90mstdout[2m | src/components/Editor3/Editor.stories.jsx[2m > [22m[2mKeyboard Shortcuts Alignment
[22m[39mStreaming chunk, total length: 17
[90mstdout[2m | src/components/Editor3/Editor.stories.jsx[2m > [22m[2mKeyboard Shortcuts Alignment
[22m[39mupdateSuggestion called with text: This is a sample 
[90mstdout[2m | src/components/Editor3/Editor.stories.jsx[2m > [22m[2mKeyboard Shortcuts Alignment
[22m[39mUpdating existing suggestion node in place
[90mstdout[2m | src/components/Editor3/Editor.stories.jsx[2m > [22m[2mKeyboard Shortcuts Alignment
[22m[39mAIContentSuggestionComponent rendering with suggestion: This is a sample 
[90mstdout[2m | src/components/Editor3/Editor.stories.jsx[2m > [22m[2mKeyboard Shortcuts Alignment
[22m[39m[Editor onChange] Skipping save - no initial state loaded yet
[90mstdout[2m | src/components/Editor3/Editor.stories.jsx[2m > [22m[2mKeyboard Shortcuts Alignment
[22m[39mStreaming chunk, total length: 27
[90mstdout[2m | src/components/Editor3/Editor.stories.jsx[2m > [22m[2mKeyboard Shortcuts Alignment
[22m[39mupdateSuggestion called with text: This is a sample paragraph 
[90mstdout[2m | src/components/Editor3/Editor.stories.jsx[2m > [22m[2mKeyboard Shortcuts Alignment
[22m[39mUpdating existing suggestion node in place
[90mstdout[2m | src/components/Editor3/Editor.stories.jsx[2m > [22m[2mKeyboard Shortcuts Alignment
[22m[39mAIContentSuggestionComponent rendering with suggestion: This is a sample paragraph 
[90mstdout[2m | src/components/Editor3/Editor.stories.jsx[2m > [22m[2mKeyboard Shortcuts Alignment
[22m[39mStreaming chunk, total length: 33
[90mstdout[2m | src/components/Editor3/Editor.stories.jsx[2m > [22m[2mKeyboard Shortcuts Alignment
[22m[39mupdateSuggestion called with text: This is a sample paragraph about 
[90mstdout[2m | src/components/Editor3/Editor.stories.jsx[2m > [22m[2mKeyboard Shortcuts Alignment
[22m[39mUpdating existing suggestion node in place
[90mstdout[2m | src/components/Editor3/Editor.stories.jsx[2m > [22m[2mKeyboard Shortcuts Alignment
[22m[39mAIContentSuggestionComponent rendering with suggestion: This is a sample paragraph about 
[90mstdout[2m | src/components/Editor3/Editor.stories.jsx[2m > [22m[2mKeyboard Shortcuts Alignment
[22m[39mStreaming chunk, total length: 42
[90mstdout[2m | src/components/Editor3/Editor.stories.jsx[2m > [22m[2mKeyboard Shortcuts Alignment
[22m[39mupdateSuggestion called with text: This is a sample paragraph about Japanese 
[90mstdout[2m | src/components/Editor3/Editor.stories.jsx[2m > [22m[2mKeyboard Shortcuts Alignment
[22m[39mUpdating existing suggestion node in place
[90mstdout[2m | src/components/Editor3/Editor.stories.jsx[2m > [22m[2mKeyboard Shortcuts Alignment
[22m[39mAIContentSuggestionComponent rendering with suggestion: This is a sample paragraph about Japanese 
[90mstdout[2m | src/components/Editor3/Editor.stories.jsx[2m > [22m[2mKeyboard Shortcuts Alignment
[22m[39mStreaming chunk, total length: 52
[90mstdout[2m | src/components/Editor3/Editor.stories.jsx[2m > [22m[2mKeyboard Shortcuts Alignment
[22m[39mupdateSuggestion called with text: This is a sample paragraph about Japanese language. 
[90mstdout[2m | src/components/Editor3/Editor.stories.jsx[2m > [22m[2mKeyboard Shortcuts Alignment
[22m[39mUpdating existing suggestion node in place
[90mstdout[2m | src/components/Editor3/Editor.stories.jsx[2m > [22m[2mKeyboard Shortcuts Alignment
[22m[39mAIContentSuggestionComponent rendering with suggestion: This is a sample paragraph about Japanese language. 
[90mstdout[2m | src/components/Editor3/Editor.stories.jsx[2m > [22m[2mKeyboard Shortcuts Alignment
[22m[39m[Editor onChange] Skipping save - no initial state loaded yet
[90mstdout[2m | src/components/Editor3/Editor.stories.jsx[2m > [22m[2mKeyboard Shortcuts Alignment
[22m[39mStreaming chunk, total length: 56
[90mstdout[2m | src/components/Editor3/Editor.stories.jsx[2m > [22m[2mKeyboard Shortcuts Alignment
[22m[39mupdateSuggestion called with text: This is a sample paragraph about Japanese language. The 
[90mstdout[2m | src/components/Editor3/Editor.stories.jsx[2m > [22m[2mKeyboard Shortcuts Alignment
[22m[39mUpdating existing suggestion node in place
[90mstdout[2m | src/components/Editor3/Editor.stories.jsx[2m > [22m[2mKeyboard Shortcuts Alignment
[22m[39mAIContentSuggestionComponent rendering with suggestion: This is a sample paragraph about Japanese language. The 
[90mstdout[2m | src/components/Editor3/Editor.stories.jsx[2m > [22m[2mKeyboard Shortcuts Alignment
[22m[39mStreaming chunk, total length: 65
[90mstdout[2m | src/components/Editor3/Editor.stories.jsx[2m > [22m[2mKeyboard Shortcuts Alignment
[22m[39mupdateSuggestion called with text: This is a sample paragraph about Japanese language. The hiragana 
[90mstdout[2m | src/components/Editor3/Editor.stories.jsx[2m > [22m[2mKeyboard Shortcuts Alignment
[22m[39mUpdating existing suggestion node in place
[90mstdout[2m | src/components/Editor3/Editor.stories.jsx[2m > [22m[2mKeyboard Shortcuts Alignment
[22m[39mAIContentSuggestionComponent rendering with suggestion: This is a sample paragraph about Japanese language. The hiragana 
[90mstdout[2m | src/components/Editor3/Editor.stories.jsx[2m > [22m[2mKeyboard Shortcuts Alignment
[22m[39mStreaming chunk, total length: 73
[90mstdout[2m | src/components/Editor3/Editor.stories.jsx[2m > [22m[2mKeyboard Shortcuts Alignment
[22m[39mupdateSuggestion called with text: This is a sample paragraph about Japanese language. The hiragana writing 
[90mstdout[2m | src/components/Editor3/Editor.stories.jsx[2m > [22m[2mKeyboard Shortcuts Alignment
[22m[39mUpdating existing suggestion node in place
[90mstdout[2m | src/components/Editor3/Editor.stories.jsx[2m > [22m[2mKeyboard Shortcuts Alignment
[22m[39mAIContentSuggestionComponent rendering with suggestion: This is a sample paragraph about Japanese language. The hiragana writing 
[90mstdout[2m | src/components/Editor3/Editor.stories.jsx[2m > [22m[2mKeyboard Shortcuts Alignment
[22m[39mStreaming chunk, total length: 80
[90mstdout[2m | src/components/Editor3/Editor.stories.jsx[2m > [22m[2mKeyboard Shortcuts Alignment
[22m[39mupdateSuggestion called with text: This is a sample paragraph about Japanese language. The hiragana writing system 
[90mstdout[2m | src/components/Editor3/Editor.stories.jsx[2m > [22m[2mKeyboard Shortcuts Alignment
[22m[39mUpdating existing suggestion node in place
[90mstdout[2m | src/components/Editor3/Editor.stories.jsx[2m > [22m[2mKeyboard Shortcuts Alignment
[22m[39mAIContentSuggestionComponent rendering with suggestion: This is a sample paragraph about Japanese language. The hiragana writing system 
[90mstdout[2m | src/components/Editor3/Editor.stories.jsx[2m > [22m[2mKeyboard Shortcuts Alignment
[22m[39m[Editor onChange] Skipping save - no initial state loaded yet
[90mstdout[2m | src/components/Editor3/Editor.stories.jsx
[22m[39mStreaming chunk, total length: 89
[90mstdout[2m | src/components/Editor3/Editor.stories.jsx
[22m[39mupdateSuggestion called with text: This is a sample paragraph about Japanese language. The hiragana writing system consists 
[90mstdout[2m | src/components/Editor3/Editor.stories.jsx
[22m[39mUpdating existing suggestion node in place
[90mstdout[2m | src/components/Editor3/Editor.stories.jsx
[22m[39mAIContentSuggestionComponent rendering with suggestion: This is a sample paragraph about Japanese language. The hiragana writing system consists 
[90mstdout[2m | src/components/Editor3/Editor.stories.jsx
[22m[39mStreaming chunk, total length: 92
[90mstdout[2m | src/components/Editor3/Editor.stories.jsx
[22m[39mupdateSuggestion called with text: This is a sample paragraph about Japanese language. The hiragana writing system consists of 
[90mstdout[2m | src/components/Editor3/Editor.stories.jsx
[22m[39mUpdating existing suggestion node in place
[90mstdout[2m | src/components/Editor3/Editor.stories.jsx
[22m[39mAIContentSuggestionComponent rendering with suggestion: This is a sample paragraph about Japanese language. The hiragana writing system consists of 
[90mstdout[2m | src/components/Editor3/Editor.stories.jsx
[22m[39m[Editor onChange] Skipping save - no initial state loaded yet
[90mstdout[2m | unknown test
[22m[39mStreaming chunk, total length: 95
[90mstdout[2m | unknown test
[22m[39mupdateSuggestion called with text: This is a sample paragraph about Japanese language. The hiragana writing system consists of 46 
[90mstdout[2m | unknown test
[22m[39mUpdating existing suggestion node in place
[90mstdout[2m | unknown test
[22m[39mAIContentSuggestionComponent rendering with suggestion: This is a sample paragraph about Japanese language. The hiragana writing system consists of 46 
 [32m✓[39m [30m[45m storybook (chromium) [49m[39m src/components/Editor3/Editor.stories.jsx [2m([22m[2m6 tests[22m[2m)[22m[33m 103808[2mms[22m[39m
   [33m[2m✓[22m[39m Empty Editor Text Formatting [33m 6478[2mms[22m[39m
   [33m[2m✓[22m[39m Editor With Content [33m 4744[2mms[22m[39m
   [33m[2m✓[22m[39m Keyboard Shortcuts Test [33m 5621[2mms[22m[39m
   [33m[2m✓[22m[39m Keyboard Shortcuts Text Formatting [33m 27106[2mms[22m[39m
   [33m[2m✓[22m[39m Keyboard Shortcuts Block Types [33m 44150[2mms[22m[39m
   [33m[2m✓[22m[39m Keyboard Shortcuts Alignment [33m 15704[2mms[22m[39m
[90mstdout[2m | unknown test
[22m[39mStreaming chunk, total length: 101
[90mstdout[2m | unknown test
[22m[39mupdateSuggestion called with text: This is a sample paragraph about Japanese language. The hiragana writing system consists of 46 basic 
[90mstdout[2m | unknown test
[22m[39mUpdating existing suggestion node in place
[90mstdout[2m | unknown test
[22m[39mAIContentSuggestionComponent rendering with suggestion: This is a sample paragraph about Japanese language. The hiragana writing system consists of 46 basic 
[90mstdout[2m | unknown test
[22m[39m[MOCK vectorStoreDB.js] Module loaded - mock IndexedDB operations
[90mstdout[2m | unknown test
[22m[39m[Task Completion] DOM action listeners initialized
[90mstdout[2m | unknown test
[22m[39m[Task Completion] Auto-completion detector initialized
[90mstdout[2m | unknown test
[22m[39m[Preview] Task completion detector initialized
[90mstdout[2m | src/stories/DesignSystemShowcase.stories.tsx[2m > [22m[2mSemantic Tokens (rounding · elevation · spacing · surface)
[22m[39m[TranslationModeController] Setting mode to: off
[90mstdout[2m | src/stories/DesignSystemShowcase.stories.tsx[2m > [22m[2mRecurring Patterns (cards · gates · chips · chrome · modals · empty)
[22m[39m[TranslationModeController] Setting mode to: off
[90mstdout[2m | src/stories/DesignSystemShowcase.stories.tsx[2m > [22m[2mEditor Blocks (Live)
[22m[39m[TranslationModeController] Setting mode to: off
[90mstdout[2m | src/stories/DesignSystemShowcase.stories.tsx[2m > [22m[2mEditor Blocks (Live)
[22m[39mEasy.nodeKey 223 type: string
[90mstdout[2m | src/stories/DesignSystemShowcase.stories.tsx[2m > [22m[2mEditor Blocks (Live)
[22m[39mEasy.grade: null
[90mstdout[2m | src/stories/DesignSystemShowcase.stories.tsx[2m > [22m[2mEditor Blocks (Live)
[22m[39mEasy.grade.data: undefined
[90mstdout[2m | src/stories/DesignSystemShowcase.stories.tsx[2m > [22m[2mEditor Blocks (Live)
[22m[39mEasy.grade.data === grade? false
[90mstdout[2m | src/stories/DesignSystemShowcase.stories.tsx[2m > [22m[2mEditor Blocks (Live)
[22m[39mEasy.grade.data keys: no data
[90mstdout[2m | src/stories/DesignSystemShowcase.stories.tsx[2m > [22m[2mEditor Blocks (Live)
[22m[39mEasy.grade.data[nodeKey]: undefined
[90mstdout[2m | src/stories/DesignSystemShowcase.stories.tsx[2m > [22m[2mEditor Blocks (Live)
[22m[39mEasy.inProgress {}
[90mstdout[2m | src/stories/DesignSystemShowcase.stories.tsx[2m > [22m[2mEditor Blocks (Live)
[22m[39mHard.attemptedAnswers {}
[90mstdout[2m | src/stories/DesignSystemShowcase.stories.tsx[2m > [22m[2mEditor Blocks (Live)
[22m[39mQuestionBlockRo.grade null
[90mstdout[2m | src/stories/DesignSystemShowcase.stories.tsx[2m > [22m[2mEditor Blocks (Live)
[22m[39m......!q {
  "answer": "Paris",
  "correct": true,
  "id": "quiz-question-1",
}
[90mstdout[2m | src/stories/DesignSystemShowcase.stories.tsx[2m > [22m[2mEditor Blocks (Live)
[22m[39m......!q {
  "answer": "London",
  "correct": false,
  "id": "quiz-question-2",
}
[90mstdout[2m | src/stories/DesignSystemShowcase.stories.tsx[2m > [22m[2mEditor Blocks (Live)
[22m[39m......!q {
  "answer": "Berlin",
  "correct": false,
  "id": "quiz-question-3",
}
[90mstdout[2m | src/stories/DesignSystemShowcase.stories.tsx[2m > [22m[2mEditor Blocks (Live)
[22m[39m......!q {
  "answer": "Madrid",
  "correct": false,
  "id": "quiz-question-4",
}
[90mstdout[2m | src/stories/DesignSystemShowcase.stories.tsx[2m > [22m[2mEditor Blocks (Live)
[22m[39mQuestionBlock.nodeKey 232 type: string
[90mstdout[2m | src/stories/DesignSystemShowcase.stories.tsx[2m > [22m[2mEditor Blocks (Live)
[22m[39mQuestionBlock.questionContent [
  {
    "answer": "Paris",
    "correct": true,
    "id": "quiz-question-1",
  },
  {
    "answer": "London",
    "correct": false,
    "id": "quiz-question-2",
  },
  {
    "answer": "Berlin",
    "correct": false,
    "id": "quiz-question-3",
  },
  {
    "answer": "Madrid",
    "correct": false,
    "id": "quiz-question-4",
  },
]
[90mstdout[2m | src/stories/DesignSystemShowcase.stories.tsx[2m > [22m[2mEditor Blocks (Live)
[22m[39mQuestionBlock.grade.data keys: []
[90mstdout[2m | src/stories/DesignSystemShowcase.stories.tsx[2m > [22m[2mEditor Blocks (Live)
[22m[39mQuestionBlock.grade.data[nodeKey]: undefined
[90mstdout[2m | src/stories/DesignSystemShowcase.stories.tsx[2m > [22m[2mEditor Blocks (Live)
[22m[39mQuestionBlockRo.inProgress {}
[90mstdout[2m | src/stories/DesignSystemShowcase.stories.tsx[2m > [22m[2mEditor Blocks (Live)
[22m[39mLearn._vocabulary [
  {
    "audio": [],
    "definition": "a greeting or expression of goodwill",
    "id": "word-1",
    "phrase": "hello",
    "pronunciation": "heh-LOH",
  },
  {
    "audio": [],
    "definition": "a parting phrase",
    "id": "word-2",
    "phrase": "goodbye",
    "pronunciation": "good-BYE",
  },
  {
    "audio": [],
    "definition": "an expression of gratitude",
    "id": "word-3",
    "phrase": "thank you",
    "pronunciation": "THANK yoo",
  },
  {
    "audio": [],
    "definition": "used in polite requests",
    "id": "word-4",
    "phrase": "please",
    "pronunciation": "PLEEZ",
  },
]
[90mstdout[2m | src/stories/DesignSystemShowcase.stories.tsx[2m > [22m[2mEditor Blocks (Live)
[22m[39mMeaningAssociationExercise._vocabulary [
  {
    "audio": [],
    "definition": "a greeting or expression of goodwill",
    "id": "word-1",
    "phrase": "hello",
    "pronunciation": "heh-LOH",
  },
  {
    "audio": [],
    "definition": "a parting phrase",
    "id": "word-2",
    "phrase": "goodbye",
    "pronunciation": "good-BYE",
  },
  {
    "audio": [],
    "definition": "an expression of gratitude",
    "id": "word-3",
    "phrase": "thank you",
    "pronunciation": "THANK yoo",
  },
  {
    "audio": [],
    "definition": "used in polite requests",
    "id": "word-4",
    "phrase": "please",
    "pronunciation": "PLEEZ",
  },
]
[90mstdout[2m | src/stories/DesignSystemShowcase.stories.tsx[2m > [22m[2mEditor Blocks (Live)
[22m[39mHard._vocabulary [
  {
    "audio": [],
    "definition": "a greeting or expression of goodwill",
    "id": "word-1",
    "phrase": "hello",
    "pronunciation": "heh-LOH",
  },
  {
    "audio": [],
    "definition": "a parting phrase",
    "id": "word-2",
    "phrase": "goodbye",
    "pronunciation": "good-BYE",
  },
  {
    "audio": [],
    "definition": "an expression of gratitude",
    "id": "word-3",
    "phrase": "thank you",
    "pronunciation": "THANK yoo",
  },
  {
    "audio": [],
    "definition": "used in polite requests",
    "id": "word-4",
    "phrase": "please",
    "pronunciation": "PLEEZ",
  },
]
[90mstdout[2m | src/stories/DesignSystemShowcase.stories.tsx[2m > [22m[2mEditor Blocks (Live)
[22m[39mAnswerComponent.promptMethod []
[90mstdout[2m | src/stories/DesignSystemShowcase.stories.tsx[2m > [22m[2mEditor Blocks (Live)
[22m[39mallowedInput []
[90mstdout[2m | src/stories/DesignSystemShowcase.stories.tsx[2m > [22m[2mEditor Blocks (Live)
[22m[39mpromptMethod []
[90mstdout[2m | src/stories/DesignSystemShowcase.stories.tsx[2m > [22m[2mEditor Blocks (Live)
[22m[39mAnswerComponent.currentPromptMethod undefined
[90mstdout[2m | src/stories/DesignSystemShowcase.stories.tsx[2m > [22m[2mEditor Blocks (Live)
[22m[39mEasy.nodeKey 223 type: string
[90mstdout[2m | src/stories/DesignSystemShowcase.stories.tsx[2m > [22m[2mEditor Blocks (Live)
[22m[39mEasy.grade: null
[90mstdout[2m | src/stories/DesignSystemShowcase.stories.tsx[2m > [22m[2mEditor Blocks (Live)
[22m[39mEasy.grade.data: undefined
[90mstdout[2m | src/stories/DesignSystemShowcase.stories.tsx[2m > [22m[2mEditor Blocks (Live)
[22m[39mEasy.grade.data === grade? false
[90mstdout[2m | src/stories/DesignSystemShowcase.stories.tsx[2m > [22m[2mEditor Blocks (Live)
[22m[39mEasy.grade.data keys: no data
[90mstdout[2m | src/stories/DesignSystemShowcase.stories.tsx[2m > [22m[2mEditor Blocks (Live)
[22m[39mEasy.grade.data[nodeKey]: undefined
[90mstdout[2m | src/stories/DesignSystemShowcase.stories.tsx[2m > [22m[2mEditor Blocks (Live)
[22m[39mEasy.inProgress {}
[90mstdout[2m | src/stories/DesignSystemShowcase.stories.tsx[2m > [22m[2mEditor Blocks (Live)
[22m[39mHard.attemptedAnswers {}
[90mstdout[2m | src/stories/DesignSystemShowcase.stories.tsx[2m > [22m[2mToolbars (all variants, in proportion)
[22m[39m[TranslationModeController] Setting mode to: off
[90mstdout[2m | src/stories/DesignSystemShowcase.stories.tsx[2m > [22m[2mGamification Components
[22m[39m[TranslationModeController] Setting mode to: off
[90mstdout[2m | src/stories/DesignSystemShowcase.stories.tsx[2m > [22m[2mReal Components (gallery)
[22m[39m[TranslationModeController] Setting mode to: off
[90mstdout[2m | src/stories/DesignSystemShowcase.stories.tsx[2m > [22m[2mAll Themes & Colors
[22m[39m[TranslationModeController] Setting mode to: off
[90mstdout[2m | src/stories/DesignSystemShowcase.stories.tsx[2m > [22m[2mTypography & Font Rhythm
[22m[39m[TranslationModeController] Setting mode to: off
[90mstdout[2m | src/stories/DesignSystemShowcase.stories.tsx[2m > [22m[2mComponents Across Themes
[22m[39m[TranslationModeController] Setting mode to: off
 [32m✓[39m [30m[45m storybook (chromium) [49m[39m src/stories/DesignSystemShowcase.stories.tsx [2m([22m[2m9 tests[22m[2m)[22m[33m 58261[2mms[22m[39m
   [33m[2m✓[22m[39m Semantic Tokens (rounding · elevation · spacing · surface) [33m 535[2mms[22m[39m
   [33m[2m✓[22m[39m Recurring Patterns (cards · gates · chips · chrome · modals · empty) [33m 7694[2mms[22m[39m
   [33m[2m✓[22m[39m Editor Blocks (Live) [33m 5894[2mms[22m[39m
   [33m[2m✓[22m[39m Toolbars (all variants, in proportion) [33m 2452[2mms[22m[39m
   [33m[2m✓[22m[39m Gamification Components [33m 8254[2mms[22m[39m
   [33m[2m✓[22m[39m Real Components (gallery) [33m 13786[2mms[22m[39m
   [33m[2m✓[22m[39m All Themes & Colors [33m 14156[2mms[22m[39m
   [33m[2m✓[22m[39m Typography & Font Rhythm [33m 1508[2mms[22m[39m
   [33m[2m✓[22m[39m Components Across Themes [33m 3546[2mms[22m[39m
[90mstdout[2m | unknown test
[22m[39m[MOCK vectorStoreDB.js] Module loaded - mock IndexedDB operations
[90mstdout[2m | unknown test
[22m[39m[Task Completion] DOM action listeners initialized
[90mstdout[2m | unknown test
[22m[39m[Task Completion] Auto-completion detector initialized
[90mstdout[2m | unknown test
[22m[39m[Preview] Task completion detector initialized
[90mstdout[2m | src/components/ChatSidebar.stories.jsx[2m > [22m[2mGetting Started
[22m[39m[MOCK CourseVectorStore] Initialized with mock data
[90mstdout[2m | src/components/ChatSidebar.stories.jsx[2m > [22m[2mGetting Started
[22m[39m[chatTools] Vector store search function registered: true
[90mstdout[2m | src/components/ChatSidebar.stories.jsx[2m > [22m[2mGetting Started
[22m[39m[ChatSidebar] Registered vector store search, isReady: false
[90mstdout[2m | src/components/ChatSidebar.stories.jsx[2m > [22m[2mGetting Started
[22m[39m[chatTools] Practice drill callback registered: true
[90mstdout[2m | src/components/ChatSidebar.stories.jsx[2m > [22m[2mGetting Started
[22m[39m[TranslationModeController] Setting mode to: off
[90mstdout[2m | src/components/ChatSidebar.stories.jsx[2m > [22m[2mGetting Started
[22m[39m[UnitContext] useEffect triggered {
  "authLoading": false,
  "hasUser": true,
  "id": "mock-unit-id",
  "userSub": "mock-user-sub",
}
[90mstdout[2m | src/components/ChatSidebar.stories.jsx[2m > [22m[2mGetting Started
[22m[39m[UnitContext] Fetching unit data for id: mock-unit-id
[90mstdout[2m | src/components/ChatSidebar.stories.jsx[2m > [22m[2mGetting Started
[22m[39m[FilesContext] Initializing vector store from IndexedDB
[90mstdout[2m | src/components/ChatSidebar.stories.jsx[2m > [22m[2mGetting Started
[22m[39m[FilesContext] fetchFiles called
[90mstdout[2m | src/components/ChatSidebar.stories.jsx[2m > [22m[2mGetting Started
[22m[39m[FilesContext] User authenticated: mock-user-sub
[90mstdout[2m | src/components/ChatSidebar.stories.jsx[2m > [22m[2mGetting Started
[22m[39m[FilesContext] Identity ID: us-east-1:mock-identity-123
[90mstdout[2m | src/components/ChatSidebar.stories.jsx[2m > [22m[2mGetting Started
[22m[39m[FilesContext] About to set up File observeQuery
[90mstdout[2m | src/components/ChatSidebar.stories.jsx[2m > [22m[2mGetting Started
[22m[39m[ChatContext] Setting up AssistantChat observeQuery
[90mstdout[2m | src/components/ChatSidebar.stories.jsx[2m > [22m[2mGetting Started
[22m[39m[ChatContext] Waiting for subscription to initialize
[90mstdout[2m | src/components/ChatSidebar.stories.jsx[2m > [22m[2mGetting Started
[22m[39m[SettingsContext] Setting up Settings subscription for user: mock-user-sub
[90mstdout[2m | src/components/ChatSidebar.stories.jsx[2m > [22m[2mGetting Started
[22m[39m[Mock Data] Settings created: mock-settings-1790417184822 - notified 0 subscribers
[90mstdout[2m | src/components/ChatSidebar.stories.jsx[2m > [22m[2mGetting Started
[22m[39m[Mock Data] Unit.onUpdate() subscription added. Total: 1
[90mstdout[2m | src/components/ChatSidebar.stories.jsx[2m > [22m[2mGetting Started
[22m[39m[SectionContext] Section observeQuery update: 0
[90mstdout[2m | src/components/ChatSidebar.stories.jsx[2m > [22m[2mGetting Started
[22m[39m[FilesContext] File observeQuery update: 6 files
[90mstdout[2m | src/components/ChatSidebar.stories.jsx[2m > [22m[2mGetting Started
[22m[39m[ChatContext] AssistantChat initialized with 1 chats
[90mstdout[2m | src/components/ChatSidebar.stories.jsx[2m > [22m[2mGetting Started
[22m[39m[ChatContext] Setting initial chat: getting-started-chat
[90mstdout[2m | src/components/ChatSidebar.stories.jsx[2m > [22m[2mGetting Started
[22m[39m[MOCK CourseVectorStore] Initialized with mock data
[90mstdout[2m | src/components/ChatSidebar.stories.jsx[2m > [22m[2mGetting Started
[22m[39m[ChatSidebar] Loading messages for chat: getting-started-chat count: 0
[90mstdout[2m | src/components/ChatSidebar.stories.jsx[2m > [22m[2mGetting Started
[22m[39m[ChatSidebar] deepCloneMessages: returning empty array
[90mstdout[2m | src/components/ChatSidebar.stories.jsx[2m > [22m[2mGetting Started
[22m[39m[FilesContext] Vector store population triggered {
  "currentVectorStoreSize": 3,
  "documentsCount": 0,
  "filesCount": 6,
  "isInitialLoad": true,
}
[90mstdout[2m | src/components/ChatSidebar.stories.jsx[2m > [22m[2mGetting Started
[22m[39m[FilesContext] Vector store population complete - 3 total embeddings
[90mstdout[2m | src/components/ChatSidebar.stories.jsx[2m > [22m[2mGetting Started
[22m[39m[ChatContext] Chat exists and not archived, skipping creation
[90mstdout[2m | src/components/ChatSidebar.stories.jsx[2m > [22m[2mGetting Started
[22m[39m[Mock Storage] downloadData called with: undefined
[90mstdout[2m | src/components/ChatSidebar.stories.jsx[2m > [22m[2mGetting Started
[22m[39m[ChatSidebar] Custom fetch routing to local /api/chat route, ignoring AI SDK url: /api/chat
[90mstdout[2m | src/components/ChatSidebar.stories.jsx[2m > [22m[2mGetting Started
[22m[39m[ChatSidebar] Sending request to /api/chat: {
  "filesCount": 0,
  "hasUnit": true,
  "questionsCount": 0,
  "wordsCount": 0,
}
[90mstdout[2m | src/components/ChatSidebar.stories.jsx[2m > [22m[2mGetting Started
[22m[39m[Mock Fetch] Intercepted /api/chat
[90mstdout[2m | src/components/ChatSidebar.stories.jsx[2m > [22m[2mGetting Started
[22m[39m[Mock Chat API] Received: {
  "context": {
    "courseOutline": null,
    "dictionary": [],
    "files": [],
    "grade": null,
    "questionBank": [],
    "sectionId": null,
    "sections": [],
    "studentMemory": null,
    "unit": {
      "content": "",
      "description": "A mock unit for Storybook development",
      "headingContext": {
        "headingPath": [],
        "suggestedNextHeading": "h1",
      },
      "id": "mock-unit-id",
      "name": "Sample Unit",
    },
  },
  "messages": [
    {
      "id": "SLlw6ve1nJrJQ3QC",
      "parts": [
        {
          "text": "Help me create a Japanese greeting lesson",
          "type": "text",
        },
      ],
      "role": "user",
    },
  ],
}
[90mstdout[2m | src/components/ChatSidebar.stories.jsx[2m > [22m[2mTranslation Helper
[22m[39m[ChatContext] Cleaning up subscriptions
[90mstdout[2m | src/components/ChatSidebar.stories.jsx[2m > [22m[2mTranslation Helper
[22m[39m[Mock Data] Unit.onUpdate() subscription removed. Remaining: 0
[90mstdout[2m | src/components/ChatSidebar.stories.jsx[2m > [22m[2mTranslation Helper
[22m[39m[chatTools] Vector store search function registered: false
[90mstdout[2m | src/components/ChatSidebar.stories.jsx[2m > [22m[2mTranslation Helper
[22m[39m[chatTools] Practice drill callback registered: false
[90mstdout[2m | src/components/ChatSidebar.stories.jsx[2m > [22m[2mTranslation Helper
[22m[39m[Mock Data] AssistantChat updated: getting-started-chat - notified 0 subscribers
[90mstdout[2m | src/components/ChatSidebar.stories.jsx[2m > [22m[2mTranslation Helper
[22m[39m[Preview] Skipped initializing default mock data (initializeMockData=false)
[90mstdout[2m | src/components/ChatSidebar.stories.jsx[2m > [22m[2mTranslation Helper
[22m[39m[MOCK CourseVectorStore] Initialized with mock data
[90mstdout[2m | src/components/ChatSidebar.stories.jsx[2m > [22m[2mTranslation Helper
[22m[39m[chatTools] Vector store search function registered: true
[90mstdout[2m | src/components/ChatSidebar.stories.jsx[2m > [22m[2mTranslation Helper
[22m[39m[ChatSidebar] Registered vector store search, isReady: false
[90mstdout[2m | src/components/ChatSidebar.stories.jsx[2m > [22m[2mTranslation Helper
[22m[39m[chatTools] Practice drill callback registered: true
[90mstdout[2m | src/components/ChatSidebar.stories.jsx[2m > [22m[2mTranslation Helper
[22m[39m[TranslationModeController] Setting mode to: off
[90mstdout[2m | src/components/ChatSidebar.stories.jsx[2m > [22m[2mTranslation Helper
[22m[39m[UnitContext] useEffect triggered {
  "authLoading": false,
  "hasUser": true,
  "id": "mock-unit-id",
  "userSub": "mock-user-sub",
}
[90mstdout[2m | src/components/ChatSidebar.stories.jsx[2m > [22m[2mTranslation Helper
[22m[39m[UnitContext] Fetching unit data for id: mock-unit-id
[90mstdout[2m | src/components/ChatSidebar.stories.jsx[2m > [22m[2mTranslation Helper
[22m[39m[FilesContext] Initializing vector store from IndexedDB
[90mstdout[2m | src/components/ChatSidebar.stories.jsx[2m > [22m[2mTranslation Helper
[22m[39m[FilesContext] fetchFiles called
[90mstdout[2m | src/components/ChatSidebar.stories.jsx[2m > [22m[2mTranslation Helper
[22m[39m[FilesContext] User authenticated: mock-user-sub
[90mstdout[2m | src/components/ChatSidebar.stories.jsx[2m > [22m[2mTranslation Helper
[22m[39m[FilesContext] Identity ID: us-east-1:mock-identity-123
[90mstdout[2m | src/components/ChatSidebar.stories.jsx[2m > [22m[2mTranslation Helper
[22m[39m[FilesContext] About to set up File observeQuery
[90mstdout[2m | src/components/ChatSidebar.stories.jsx[2m > [22m[2mTranslation Helper
[22m[39m[ChatContext] Setting up AssistantChat observeQuery
[90mstdout[2m | src/components/ChatSidebar.stories.jsx[2m > [22m[2mTranslation Helper
[22m[39m[ChatContext] Waiting for subscription to initialize
[90mstdout[2m | src/components/ChatSidebar.stories.jsx[2m > [22m[2mTranslation Helper
[22m[39m[SettingsContext] Setting up Settings subscription for user: mock-user-sub
[90mstdout[2m | src/components/ChatSidebar.stories.jsx[2m > [22m[2mTranslation Helper
[22m[39m[Mock Data] Settings created: mock-settings-1790417187540 - notified 0 subscribers
[90mstdout[2m | src/components/ChatSidebar.stories.jsx[2m > [22m[2mTranslation Helper
[22m[39m[Mock Data] Unit.onUpdate() subscription added. Total: 1
[90mstdout[2m | src/components/ChatSidebar.stories.jsx[2m > [22m[2mTranslation Helper
[22m[39m[ChatSidebar] Response received: {
  "ok": true,
  "status": 200,
}
[90mstdout[2m | src/components/ChatSidebar.stories.jsx[2m > [22m[2mTranslation Helper
[22m[39m[SectionContext] Section observeQuery update: 0
[90mstdout[2m | src/components/ChatSidebar.stories.jsx[2m > [22m[2mTranslation Helper
[22m[39m[FilesContext] File observeQuery update: 0 files
[90mstdout[2m | src/components/ChatSidebar.stories.jsx[2m > [22m[2mTranslation Helper
[22m[39m[ChatContext] AssistantChat initialized with 1 chats
[90mstdout[2m | src/components/ChatSidebar.stories.jsx[2m > [22m[2mTranslation Helper
[22m[39m[ChatContext] Setting initial chat: translation-chat
[90mstdout[2m | src/components/ChatSidebar.stories.jsx[2m > [22m[2mTranslation Helper
[22m[39m[MOCK CourseVectorStore] Initialized with mock data
[90mstdout[2m | src/components/ChatSidebar.stories.jsx[2m > [22m[2mTranslation Helper
[22m[39m[ChatSidebar] Loading messages for chat: translation-chat count: 2
[90mstdout[2m | src/components/ChatSidebar.stories.jsx[2m > [22m[2mTranslation Helper
[22m[39m[ChatSidebar] deepCloneMessages: cloned 2 messages
[90mstdout[2m | src/components/ChatSidebar.stories.jsx[2m > [22m[2mTranslation Helper
[22m[39m[ChatContext] Chat exists and not archived, skipping creation
[90mstdout[2m | src/components/ChatSidebar.stories.jsx[2m > [22m[2mTranslation Helper
[22m[39m[Mock Storage] downloadData called with: undefined
[90mstdout[2m | src/components/ChatSidebar.stories.jsx[2m > [22m[2mContent Creation
[22m[39m[ChatContext] Cleaning up subscriptions
[90mstdout[2m | src/components/ChatSidebar.stories.jsx[2m > [22m[2mContent Creation
[22m[39m[Mock Data] Unit.onUpdate() subscription removed. Remaining: 0
[90mstdout[2m | src/components/ChatSidebar.stories.jsx[2m > [22m[2mContent Creation
[22m[39m[chatTools] Vector store search function registered: false
[90mstdout[2m | src/components/ChatSidebar.stories.jsx[2m > [22m[2mContent Creation
[22m[39m[chatTools] Practice drill callback registered: false
[90mstdout[2m | src/components/ChatSidebar.stories.jsx[2m > [22m[2mContent Creation
[22m[39m[Preview] Skipped initializing default mock data (initializeMockData=false)
[90mstdout[2m | src/components/ChatSidebar.stories.jsx[2m > [22m[2mContent Creation
[22m[39m[MOCK CourseVectorStore] Initialized with mock data
[90mstdout[2m | src/components/ChatSidebar.stories.jsx[2m > [22m[2mContent Creation
[22m[39m[Mock Data] seedMockWords: Adding 5 words
[90mstdout[2m | src/components/ChatSidebar.stories.jsx[2m > [22m[2mContent Creation
[22m[39m[chatTools] Vector store search function registered: true
[90mstdout[2m | src/components/ChatSidebar.stories.jsx[2m > [22m[2mContent Creation
[22m[39m[ChatSidebar] Registered vector store search, isReady: false
[90mstdout[2m | src/components/ChatSidebar.stories.jsx[2m > [22m[2mContent Creation
[22m[39m[chatTools] Practice drill callback registered: true
[90mstdout[2m | src/components/ChatSidebar.stories.jsx[2m > [22m[2mContent Creation
[22m[39m[TranslationModeController] Setting mode to: off
[90mstdout[2m | src/components/ChatSidebar.stories.jsx[2m > [22m[2mContent Creation
[22m[39m[UnitContext] useEffect triggered {
  "authLoading": false,
  "hasUser": true,
  "id": "mock-unit-id",
  "userSub": "mock-user-sub",
}
[90mstdout[2m | src/components/ChatSidebar.stories.jsx[2m > [22m[2mContent Creation
[22m[39m[UnitContext] Fetching unit data for id: mock-unit-id
[90mstdout[2m | src/components/ChatSidebar.stories.jsx[2m > [22m[2mContent Creation
[22m[39m[FilesContext] Initializing vector store from IndexedDB
[90mstdout[2m | src/components/ChatSidebar.stories.jsx[2m > [22m[2mContent Creation
[22m[39m[FilesContext] fetchFiles called
[90mstdout[2m | src/components/ChatSidebar.stories.jsx[2m > [22m[2mContent Creation
[22m[39m[FilesContext] User authenticated: mock-user-sub
[90mstdout[2m | src/components/ChatSidebar.stories.jsx[2m > [22m[2mContent Creation
[22m[39m[FilesContext] Identity ID: us-east-1:mock-identity-123
[90mstdout[2m | src/components/ChatSidebar.stories.jsx[2m > [22m[2mContent Creation
[22m[39m[FilesContext] About to set up File observeQuery
[90mstdout[2m | src/components/ChatSidebar.stories.jsx[2m > [22m[2mContent Creation
[22m[39m[ChatContext] Setting up AssistantChat observeQuery
[90mstdout[2m | src/components/ChatSidebar.stories.jsx[2m > [22m[2mContent Creation
[22m[39m[ChatContext] Waiting for subscription to initialize
[90mstdout[2m | src/components/ChatSidebar.stories.jsx[2m > [22m[2mContent Creation
[22m[39m[SettingsContext] Setting up Settings subscription for user: mock-user-sub
[90mstdout[2m | src/components/ChatSidebar.stories.jsx[2m > [22m[2mContent Creation
[22m[39m[Mock Data] Settings created: mock-settings-1790417188175 - notified 0 subscribers
[90mstdout[2m | src/components/ChatSidebar.stories.jsx[2m > [22m[2mContent Creation
[22m[39m[Mock Data] Unit.onUpdate() subscription added. Total: 1
[90mstdout[2m | src/components/ChatSidebar.stories.jsx[2m > [22m[2mContent Creation
[22m[39m[SectionContext] Section observeQuery update: 0
[90mstdout[2m | src/components/ChatSidebar.stories.jsx[2m > [22m[2mContent Creation
[22m[39m[FilesContext] File observeQuery update: 0 files
[90mstdout[2m | src/components/ChatSidebar.stories.jsx[2m > [22m[2mContent Creation
[22m[39m[ChatContext] AssistantChat initialized with 1 chats
[90mstdout[2m | src/components/ChatSidebar.stories.jsx[2m > [22m[2mContent Creation
[22m[39m[ChatContext] Setting initial chat: content-chat
[90mstdout[2m | src/components/ChatSidebar.stories.jsx[2m > [22m[2mContent Creation
[22m[39m[MOCK CourseVectorStore] Initialized with mock data
[90mstdout[2m | src/components/ChatSidebar.stories.jsx[2m > [22m[2mContent Creation
[22m[39m[ChatSidebar] Loading messages for chat: content-chat count: 5
[90mstdout[2m | src/components/ChatSidebar.stories.jsx[2m > [22m[2mContent Creation
[22m[39m[ChatSidebar] deepCloneMessages: cloned 5 messages
[90mstdout[2m | src/components/ChatSidebar.stories.jsx[2m > [22m[2mContent Creation
[22m[39m[ChatContext] Chat exists and not archived, skipping creation
[90mstdout[2m | src/components/ChatSidebar.stories.jsx[2m > [22m[2mContent Creation
[22m[39m[Mock Storage] downloadData called with: undefined
[90mstdout[2m | src/components/ChatSidebar.stories.jsx[2m > [22m[2mWith File Attachments
[22m[39m[ChatContext] Cleaning up subscriptions
[90mstdout[2m | src/components/ChatSidebar.stories.jsx[2m > [22m[2mWith File Attachments
[22m[39m[Mock Data] Unit.onUpdate() subscription removed. Remaining: 0
[90mstdout[2m | src/components/ChatSidebar.stories.jsx[2m > [22m[2mWith File Attachments
[22m[39m[chatTools] Vector store search function registered: false
[90mstdout[2m | src/components/ChatSidebar.stories.jsx[2m > [22m[2mWith File Attachments
[22m[39m[chatTools] Practice drill callback registered: false
[90mstdout[2m | src/components/ChatSidebar.stories.jsx[2m > [22m[2mWith File Attachments
[22m[39m[Preview] Skipped initializing default mock data (initializeMockData=false)
[90mstdout[2m | src/components/ChatSidebar.stories.jsx[2m > [22m[2mWith File Attachments
[22m[39m[MOCK CourseVectorStore] Initialized with mock data
[90mstdout[2m | src/components/ChatSidebar.stories.jsx[2m > [22m[2mWith File Attachments
[22m[39m[chatTools] Vector store search function registered: true
[90mstdout[2m | src/components/ChatSidebar.stories.jsx[2m > [22m[2mWith File Attachments
[22m[39m[ChatSidebar] Registered vector store search, isReady: false
[90mstdout[2m | src/components/ChatSidebar.stories.jsx[2m > [22m[2mWith File Attachments
[22m[39m[chatTools] Practice drill callback registered: true
[90mstdout[2m | src/components/ChatSidebar.stories.jsx[2m > [22m[2mWith File Attachments
[22m[39m[TranslationModeController] Setting mode to: off
[90mstdout[2m | src/components/ChatSidebar.stories.jsx[2m > [22m[2mWith File Attachments
[22m[39m[UnitContext] useEffect triggered {
  "authLoading": false,
  "hasUser": true,
  "id": "mock-unit-id",
  "userSub": "mock-user-sub",
}
[90mstdout[2m | src/components/ChatSidebar.stories.jsx[2m > [22m[2mWith File Attachments
[22m[39m[UnitContext] Fetching unit data for id: mock-unit-id
[90mstdout[2m | src/components/ChatSidebar.stories.jsx[2m > [22m[2mWith File Attachments
[22m[39m[FilesContext] Initializing vector store from IndexedDB
[90mstdout[2m | src/components/ChatSidebar.stories.jsx[2m > [22m[2mWith File Attachments
[22m[39m[FilesContext] fetchFiles called
[90mstdout[2m | src/components/ChatSidebar.stories.jsx[2m > [22m[2mWith File Attachments
[22m[39m[FilesContext] User authenticated: mock-user-sub
[90mstdout[2m | src/components/ChatSidebar.stories.jsx[2m > [22m[2mWith File Attachments
[22m[39m[FilesContext] Identity ID: us-east-1:mock-identity-123
[90mstdout[2m | src/components/ChatSidebar.stories.jsx[2m > [22m[2mWith File Attachments
[22m[39m[FilesContext] About to set up File observeQuery
[90mstdout[2m | src/components/ChatSidebar.stories.jsx[2m > [22m[2mWith File Attachments
[22m[39m[ChatContext] Setting up AssistantChat observeQuery
[90mstdout[2m | src/components/ChatSidebar.stories.jsx[2m > [22m[2mWith File Attachments
[22m[39m[ChatContext] Waiting for subscription to initialize
[90mstdout[2m | src/components/ChatSidebar.stories.jsx[2m > [22m[2mWith File Attachments
[22m[39m[SettingsContext] Setting up Settings subscription for user: mock-user-sub
[90mstdout[2m | src/components/ChatSidebar.stories.jsx[2m > [22m[2mWith File Attachments
[22m[39m[Mock Data] Settings created: mock-settings-1790417190475 - notified 0 subscribers
[90mstdout[2m | src/components/ChatSidebar.stories.jsx[2m > [22m[2mWith File Attachments
[22m[39m[Mock Data] Unit.onUpdate() subscription added. Total: 1
[90mstdout[2m | src/components/ChatSidebar.stories.jsx[2m > [22m[2mWith File Attachments
[22m[39m[SectionContext] Section observeQuery update: 0
[90mstdout[2m | src/components/ChatSidebar.stories.jsx[2m > [22m[2mWith File Attachments
[22m[39m[FilesContext] File observeQuery update: 0 files
[90mstdout[2m | src/components/ChatSidebar.stories.jsx[2m > [22m[2mWith File Attachments
[22m[39m[ChatContext] AssistantChat initialized with 1 chats
[90mstdout[2m | src/components/ChatSidebar.stories.jsx[2m > [22m[2mWith File Attachments
[22m[39m[ChatContext] Setting initial chat: file-chat
[90mstdout[2m | src/components/ChatSidebar.stories.jsx[2m > [22m[2mWith File Attachments
[22m[39m[MOCK CourseVectorStore] Initialized with mock data
[90mstdout[2m | src/components/ChatSidebar.stories.jsx[2m > [22m[2mWith File Attachments
[22m[39m[ChatSidebar] Loading messages for chat: file-chat count: 2
[90mstdout[2m | src/components/ChatSidebar.stories.jsx[2m > [22m[2mWith File Attachments
[22m[39m[ChatSidebar] deepCloneMessages: cloned 2 messages
[90mstdout[2m | src/components/ChatSidebar.stories.jsx[2m > [22m[2mWith File Attachments
[22m[39m[ChatContext] Chat exists and not archived, skipping creation
[90mstdout[2m | src/components/ChatSidebar.stories.jsx[2m > [22m[2mWith File Attachments
[22m[39m[Mock Storage] downloadData called with: undefined
[90mstdout[2m | src/components/ChatSidebar.stories.jsx[2m > [22m[2mQuiz Generator
[22m[39m[ChatContext] Cleaning up subscriptions
[90mstdout[2m | src/components/ChatSidebar.stories.jsx[2m > [22m[2mQuiz Generator
[22m[39m[Mock Data] Unit.onUpdate() subscription removed. Remaining: 0
[90mstdout[2m | src/components/ChatSidebar.stories.jsx[2m > [22m[2mQuiz Generator
[22m[39m[chatTools] Vector store search function registered: false
[90mstdout[2m | src/components/ChatSidebar.stories.jsx[2m > [22m[2mQuiz Generator
[22m[39m[chatTools] Practice drill callback registered: false
[90mstdout[2m | src/components/ChatSidebar.stories.jsx[2m > [22m[2mQuiz Generator
[22m[39m[Preview] Skipped initializing default mock data (initializeMockData=false)
[90mstdout[2m | src/components/ChatSidebar.stories.jsx[2m > [22m[2mQuiz Generator
[22m[39m[MOCK CourseVectorStore] Initialized with mock data
[90mstdout[2m | src/components/ChatSidebar.stories.jsx[2m > [22m[2mQuiz Generator
[22m[39m[chatTools] Vector store search function registered: true
[90mstdout[2m | src/components/ChatSidebar.stories.jsx[2m > [22m[2mQuiz Generator
[22m[39m[ChatSidebar] Registered vector store search, isReady: false
[90mstdout[2m | src/components/ChatSidebar.stories.jsx[2m > [22m[2mQuiz Generator
[22m[39m[chatTools] Practice drill callback registered: true
[90mstdout[2m | src/components/ChatSidebar.stories.jsx[2m > [22m[2mQuiz Generator
[22m[39m[TranslationModeController] Setting mode to: off
[90mstdout[2m | src/components/ChatSidebar.stories.jsx[2m > [22m[2mQuiz Generator
[22m[39m[UnitContext] useEffect triggered {
  "authLoading": false,
  "hasUser": true,
  "id": "mock-unit-id",
  "userSub": "mock-user-sub",
}
[90mstdout[2m | src/components/ChatSidebar.stories.jsx[2m > [22m[2mQuiz Generator
[22m[39m[UnitContext] Fetching unit data for id: mock-unit-id
[90mstdout[2m | src/components/ChatSidebar.stories.jsx[2m > [22m[2mQuiz Generator
[22m[39m[FilesContext] Initializing vector store from IndexedDB
[90mstdout[2m | src/components/ChatSidebar.stories.jsx[2m > [22m[2mQuiz Generator
[22m[39m[FilesContext] fetchFiles called
[90mstdout[2m | src/components/ChatSidebar.stories.jsx[2m > [22m[2mQuiz Generator
[22m[39m[FilesContext] User authenticated: mock-user-sub
[90mstdout[2m | src/components/ChatSidebar.stories.jsx[2m > [22m[2mQuiz Generator
[22m[39m[FilesContext] Identity ID: us-east-1:mock-identity-123
[90mstdout[2m | src/components/ChatSidebar.stories.jsx[2m > [22m[2mQuiz Generator
[22m[39m[FilesContext] About to set up File observeQuery
[90mstdout[2m | src/components/ChatSidebar.stories.jsx[2m > [22m[2mQuiz Generator
[22m[39m[ChatContext] Setting up AssistantChat observeQuery
[90mstdout[2m | src/components/ChatSidebar.stories.jsx[2m > [22m[2mQuiz Generator
[22m[39m[ChatContext] Waiting for subscription to initialize
[90mstdout[2m | src/components/ChatSidebar.stories.jsx[2m > [22m[2mQuiz Generator
[22m[39m[SettingsContext] Setting up Settings subscription for user: mock-user-sub
[90mstdout[2m | src/components/ChatSidebar.stories.jsx[2m > [22m[2mQuiz Generator
[22m[39m[Mock Data] Settings created: mock-settings-1790417191036 - notified 0 subscribers
[90mstdout[2m | src/components/ChatSidebar.stories.jsx[2m > [22m[2mQuiz Generator
[22m[39m[Mock Data] Unit.onUpdate() subscription added. Total: 1
[90mstdout[2m | src/components/ChatSidebar.stories.jsx[2m > [22m[2mQuiz Generator
[22m[39m[SectionContext] Section observeQuery update: 0
[90mstdout[2m | src/components/ChatSidebar.stories.jsx[2m > [22m[2mQuiz Generator
[22m[39m[FilesContext] File observeQuery update: 0 files
[90mstdout[2m | src/components/ChatSidebar.stories.jsx[2m > [22m[2mQuiz Generator
[22m[39m[ChatContext] AssistantChat initialized with 1 chats
[90mstdout[2m | src/components/ChatSidebar.stories.jsx[2m > [22m[2mQuiz Generator
[22m[39m[ChatContext] Setting initial chat: quiz-chat
[90mstdout[2m | src/components/ChatSidebar.stories.jsx[2m > [22m[2mQuiz Generator
[22m[39m[MOCK CourseVectorStore] Initialized with mock data
[90mstdout[2m | src/components/ChatSidebar.stories.jsx[2m > [22m[2mQuiz Generator
[22m[39m[ChatSidebar] Loading messages for chat: quiz-chat count: 3
[90mstdout[2m | src/components/ChatSidebar.stories.jsx[2m > [22m[2mQuiz Generator
[22m[39m[ChatSidebar] deepCloneMessages: cloned 3 messages
[90mstdout[2m | src/components/ChatSidebar.stories.jsx[2m > [22m[2mQuiz Generator
[22m[39m[ChatContext] Chat exists and not archived, skipping creation
[90mstdout[2m | src/components/ChatSidebar.stories.jsx[2m > [22m[2mQuiz Generator
[22m[39m[Mock Storage] downloadData called with: undefined
[90mstdout[2m | src/components/ChatSidebar.stories.jsx[2m > [22m[2mAnswer Block Generator
[22m[39m[ChatContext] Cleaning up subscriptions
[90mstdout[2m | src/components/ChatSidebar.stories.jsx[2m > [22m[2mAnswer Block Generator
[22m[39m[Mock Data] Unit.onUpdate() subscription removed. Remaining: 0
[90mstdout[2m | src/components/ChatSidebar.stories.jsx[2m > [22m[2mAnswer Block Generator
[22m[39m[chatTools] Vector store search function registered: false
[90mstdout[2m | src/components/ChatSidebar.stories.jsx[2m > [22m[2mAnswer Block Generator
[22m[39m[chatTools] Practice drill callback registered: false
[90mstdout[2m | src/components/ChatSidebar.stories.jsx[2m > [22m[2mAnswer Block Generator
[22m[39m[Preview] Skipped initializing default mock data (initializeMockData=false)
[90mstdout[2m | src/components/ChatSidebar.stories.jsx[2m > [22m[2mAnswer Block Generator
[22m[39m[MOCK CourseVectorStore] Initialized with mock data
[90mstdout[2m | src/components/ChatSidebar.stories.jsx[2m > [22m[2mAnswer Block Generator
[22m[39m[Mock Data] seedMockWords: Adding 3 words
[90mstdout[2m | src/components/ChatSidebar.stories.jsx[2m > [22m[2mAnswer Block Generator
[22m[39m[chatTools] Vector store search function registered: true
[90mstdout[2m | src/components/ChatSidebar.stories.jsx[2m > [22m[2mAnswer Block Generator
[22m[39m[ChatSidebar] Registered vector store search, isReady: false
[90mstdout[2m | src/components/ChatSidebar.stories.jsx[2m > [22m[2mAnswer Block Generator
[22m[39m[chatTools] Practice drill callback registered: true
[90mstdout[2m | src/components/ChatSidebar.stories.jsx[2m > [22m[2mAnswer Block Generator
[22m[39m[TranslationModeController] Setting mode to: off
[90mstdout[2m | src/components/ChatSidebar.stories.jsx[2m > [22m[2mAnswer Block Generator
[22m[39m[UnitContext] useEffect triggered {
  "authLoading": false,
  "hasUser": true,
  "id": "mock-unit-id",
  "userSub": "mock-user-sub",
}
[90mstdout[2m | src/components/ChatSidebar.stories.jsx[2m > [22m[2mAnswer Block Generator
[22m[39m[UnitContext] Fetching unit data for id: mock-unit-id
[90mstdout[2m | src/components/ChatSidebar.stories.jsx[2m > [22m[2mAnswer Block Generator
[22m[39m[FilesContext] Initializing vector store from IndexedDB
[90mstdout[2m | src/components/ChatSidebar.stories.jsx[2m > [22m[2mAnswer Block Generator
[22m[39m[FilesContext] fetchFiles called
[90mstdout[2m | src/components/ChatSidebar.stories.jsx[2m > [22m[2mAnswer Block Generator
[22m[39m[FilesContext] User authenticated: mock-user-sub
[90mstdout[2m | src/components/ChatSidebar.stories.jsx[2m > [22m[2mAnswer Block Generator
[22m[39m[FilesContext] Identity ID: us-east-1:mock-identity-123
[90mstdout[2m | src/components/ChatSidebar.stories.jsx[2m > [22m[2mAnswer Block Generator
[22m[39m[FilesContext] About to set up File observeQuery
[90mstdout[2m | src/components/ChatSidebar.stories.jsx[2m > [22m[2mAnswer Block Generator
[22m[39m[ChatContext] Setting up AssistantChat observeQuery
[90mstdout[2m | src/components/ChatSidebar.stories.jsx[2m > [22m[2mAnswer Block Generator
[22m[39m[ChatContext] Waiting for subscription to initialize
[90mstdout[2m | src/components/ChatSidebar.stories.jsx[2m > [22m[2mAnswer Block Generator
[22m[39m[SettingsContext] Setting up Settings subscription for user: mock-user-sub
[90mstdout[2m | src/components/ChatSidebar.stories.jsx[2m > [22m[2mAnswer Block Generator
[22m[39m[Mock Data] Settings created: mock-settings-1790417192010 - notified 0 subscribers
[90mstdout[2m | src/components/ChatSidebar.stories.jsx[2m > [22m[2mAnswer Block Generator
[22m[39m[Mock Data] Unit.onUpdate() subscription added. Total: 1
[90mstdout[2m | src/components/ChatSidebar.stories.jsx[2m > [22m[2mAnswer Block Generator
[22m[39m[SectionContext] Section observeQuery update: 0
[90mstdout[2m | src/components/ChatSidebar.stories.jsx[2m > [22m[2mAnswer Block Generator
[22m[39m[FilesContext] File observeQuery update: 0 files
[90mstdout[2m | src/components/ChatSidebar.stories.jsx[2m > [22m[2mAnswer Block Generator
[22m[39m[ChatContext] AssistantChat initialized with 1 chats
[90mstdout[2m | src/components/ChatSidebar.stories.jsx[2m > [22m[2mAnswer Block Generator
[22m[39m[ChatContext] Setting initial chat: answer-block-chat
[90mstdout[2m | src/components/ChatSidebar.stories.jsx[2m > [22m[2mAnswer Block Generator
[22m[39m[MOCK CourseVectorStore] Initialized with mock data
[90mstdout[2m | src/components/ChatSidebar.stories.jsx[2m > [22m[2mAnswer Block Generator
[22m[39m[ChatSidebar] Loading messages for chat: answer-block-chat count: 3
[90mstdout[2m | src/components/ChatSidebar.stories.jsx[2m > [22m[2mAnswer Block Generator
[22m[39m[ChatSidebar] deepCloneMessages: cloned 3 messages
[90mstdout[2m | src/components/ChatSidebar.stories.jsx[2m > [22m[2mAnswer Block Generator
[22m[39m[ChatContext] Chat exists and not archived, skipping creation
[90mstdout[2m | src/components/ChatSidebar.stories.jsx[2m > [22m[2mAnswer Block Generator
[22m[39m[Mock Storage] downloadData called with: undefined
[90mstdout[2m | src/components/ChatSidebar.stories.jsx[2m > [22m[2mMeaning Association Generator
[22m[39m[ChatContext] Cleaning up subscriptions
[90mstdout[2m | src/components/ChatSidebar.stories.jsx[2m > [22m[2mMeaning Association Generator
[22m[39m[Mock Data] Unit.onUpdate() subscription removed. Remaining: 0
[90mstdout[2m | src/components/ChatSidebar.stories.jsx[2m > [22m[2mMeaning Association Generator
[22m[39m[chatTools] Vector store search function registered: false
[90mstdout[2m | src/components/ChatSidebar.stories.jsx[2m > [22m[2mMeaning Association Generator
[22m[39m[chatTools] Practice drill callback registered: false
[90mstdout[2m | src/components/ChatSidebar.stories.jsx[2m > [22m[2mMeaning Association Generator
[22m[39m[Preview] Skipped initializing default mock data (initializeMockData=false)
[90mstdout[2m | src/components/ChatSidebar.stories.jsx[2m > [22m[2mMeaning Association Generator
[22m[39m[MOCK CourseVectorStore] Initialized with mock data
[90mstdout[2m | src/components/ChatSidebar.stories.jsx[2m > [22m[2mMeaning Association Generator
[22m[39m[Mock Data] seedMockWords: Adding 4 words
[90mstdout[2m | src/components/ChatSidebar.stories.jsx[2m > [22m[2mMeaning Association Generator
[22m[39m[chatTools] Vector store search function registered: true
[90mstdout[2m | src/components/ChatSidebar.stories.jsx[2m > [22m[2mMeaning Association Generator
[22m[39m[ChatSidebar] Registered vector store search, isReady: false
[90mstdout[2m | src/components/ChatSidebar.stories.jsx[2m > [22m[2mMeaning Association Generator
[22m[39m[chatTools] Practice drill callback registered: true
[90mstdout[2m | src/components/ChatSidebar.stories.jsx[2m > [22m[2mMeaning Association Generator
[22m[39m[TranslationModeController] Setting mode to: off
[90mstdout[2m | src/components/ChatSidebar.stories.jsx[2m > [22m[2mMeaning Association Generator
[22m[39m[UnitContext] useEffect triggered {
  "authLoading": false,
  "hasUser": true,
  "id": "mock-unit-id",
  "userSub": "mock-user-sub",
}
[90mstdout[2m | src/components/ChatSidebar.stories.jsx[2m > [22m[2mMeaning Association Generator
[22m[39m[UnitContext] Fetching unit data for id: mock-unit-id
[90mstdout[2m | src/components/ChatSidebar.stories.jsx[2m > [22m[2mMeaning Association Generator
[22m[39m[FilesContext] Initializing vector store from IndexedDB
[90mstdout[2m | src/components/ChatSidebar.stories.jsx[2m > [22m[2mMeaning Association Generator
[22m[39m[FilesContext] fetchFiles called
[90mstdout[2m | src/components/ChatSidebar.stories.jsx[2m > [22m[2mMeaning Association Generator
[22m[39m[FilesContext] User authenticated: mock-user-sub
[90mstdout[2m | src/components/ChatSidebar.stories.jsx[2m > [22m[2mMeaning Association Generator
[22m[39m[FilesContext] Identity ID: us-east-1:mock-identity-123
[90mstdout[2m | src/components/ChatSidebar.stories.jsx[2m > [22m[2mMeaning Association Generator
[22m[39m[FilesContext] About to set up File observeQuery
[90mstdout[2m | src/components/ChatSidebar.stories.jsx[2m > [22m[2mMeaning Association Generator
[22m[39m[ChatContext] Setting up AssistantChat observeQuery
[90mstdout[2m | src/components/ChatSidebar.stories.jsx[2m > [22m[2mMeaning Association Generator
[22m[39m[ChatContext] Waiting for subscription to initialize
[90mstdout[2m | src/components/ChatSidebar.stories.jsx[2m > [22m[2mMeaning Association Generator
[22m[39m[SettingsContext] Setting up Settings subscription for user: mock-user-sub
[90mstdout[2m | src/components/ChatSidebar.stories.jsx[2m > [22m[2mMeaning Association Generator
[22m[39m[Mock Data] Settings created: mock-settings-1790417193204 - notified 0 subscribers
[90mstdout[2m | src/components/ChatSidebar.stories.jsx[2m > [22m[2mMeaning Association Generator
[22m[39m[Mock Data] Unit.onUpdate() subscription added. Total: 1
[90mstdout[2m | src/components/ChatSidebar.stories.jsx[2m > [22m[2mMeaning Association Generator
[22m[39m[SectionContext] Section observeQuery update: 0
[90mstdout[2m | src/components/ChatSidebar.stories.jsx[2m > [22m[2mMeaning Association Generator
[22m[39m[FilesContext] File observeQuery update: 0 files
[90mstdout[2m | src/components/ChatSidebar.stories.jsx[2m > [22m[2mMeaning Association Generator
[22m[39m[ChatContext] AssistantChat initialized with 1 chats
[90mstdout[2m | src/components/ChatSidebar.stories.jsx[2m > [22m[2mMeaning Association Generator
[22m[39m[ChatContext] Setting initial chat: meaning-chat
[90mstdout[2m | src/components/ChatSidebar.stories.jsx[2m > [22m[2mMeaning Association Generator
[22m[39m[MOCK CourseVectorStore] Initialized with mock data
[90mstdout[2m | src/components/ChatSidebar.stories.jsx[2m > [22m[2mMeaning Association Generator
[22m[39m[ChatSidebar] Loading messages for chat: meaning-chat count: 3
[90mstdout[2m | src/components/ChatSidebar.stories.jsx[2m > [22m[2mMeaning Association Generator
[22m[39m[ChatSidebar] deepCloneMessages: cloned 3 messages
[90mstdout[2m | src/components/ChatSidebar.stories.jsx[2m > [22m[2mMeaning Association Generator
[22m[39m[ChatContext] Chat exists and not archived, skipping creation
[90mstdout[2m | src/components/ChatSidebar.stories.jsx[2m > [22m[2mMeaning Association Generator
[22m[39m[Mock Storage] downloadData called with: undefined
[90mstdout[2m | src/components/ChatSidebar.stories.jsx[2m > [22m[2mCustom Answer Generator
[22m[39m[ChatContext] Cleaning up subscriptions
[90mstdout[2m | src/components/ChatSidebar.stories.jsx[2m > [22m[2mCustom Answer Generator
[22m[39m[Mock Data] Unit.onUpdate() subscription removed. Remaining: 0
[90mstdout[2m | src/components/ChatSidebar.stories.jsx[2m > [22m[2mCustom Answer Generator
[22m[39m[chatTools] Vector store search function registered: false
[90mstdout[2m | src/components/ChatSidebar.stories.jsx[2m > [22m[2mCustom Answer Generator
[22m[39m[chatTools] Practice drill callback registered: false
[90mstdout[2m | src/components/ChatSidebar.stories.jsx[2m > [22m[2mCustom Answer Generator
[22m[39m[Preview] Skipped initializing default mock data (initializeMockData=false)
[90mstdout[2m | src/components/ChatSidebar.stories.jsx[2m > [22m[2mCustom Answer Generator
[22m[39m[MOCK CourseVectorStore] Initialized with mock data
[90mstdout[2m | src/components/ChatSidebar.stories.jsx[2m > [22m[2mCustom Answer Generator
[22m[39m[Mock Data] seedMockQuestions: Adding 2 questions
[90mstdout[2m | src/components/ChatSidebar.stories.jsx[2m > [22m[2mCustom Answer Generator
[22m[39m[chatTools] Vector store search function registered: true
[90mstdout[2m | src/components/ChatSidebar.stories.jsx[2m > [22m[2mCustom Answer Generator
[22m[39m[ChatSidebar] Registered vector store search, isReady: false
[90mstdout[2m | src/components/ChatSidebar.stories.jsx[2m > [22m[2mCustom Answer Generator
[22m[39m[chatTools] Practice drill callback registered: true
[90mstdout[2m | src/components/ChatSidebar.stories.jsx[2m > [22m[2mCustom Answer Generator
[22m[39m[TranslationModeController] Setting mode to: off
[90mstdout[2m | src/components/ChatSidebar.stories.jsx[2m > [22m[2mCustom Answer Generator
[22m[39m[UnitContext] useEffect triggered {
  "authLoading": false,
  "hasUser": true,
  "id": "mock-unit-id",
  "userSub": "mock-user-sub",
}
[90mstdout[2m | src/components/ChatSidebar.stories.jsx[2m > [22m[2mCustom Answer Generator
[22m[39m[UnitContext] Fetching unit data for id: mock-unit-id
[90mstdout[2m | src/components/ChatSidebar.stories.jsx[2m > [22m[2mCustom Answer Generator
[22m[39m[FilesContext] Initializing vector store from IndexedDB
[90mstdout[2m | src/components/ChatSidebar.stories.jsx[2m > [22m[2mCustom Answer Generator
[22m[39m[FilesContext] fetchFiles called
[90mstdout[2m | src/components/ChatSidebar.stories.jsx[2m > [22m[2mCustom Answer Generator
[22m[39m[FilesContext] User authenticated: mock-user-sub
[90mstdout[2m | src/components/ChatSidebar.stories.jsx[2m > [22m[2mCustom Answer Generator
[22m[39m[FilesContext] Identity ID: us-east-1:mock-identity-123
[90mstdout[2m | src/components/ChatSidebar.stories.jsx[2m > [22m[2mCustom Answer Generator
[22m[39m[FilesContext] About to set up File observeQuery
[90mstdout[2m | src/components/ChatSidebar.stories.jsx[2m > [22m[2mCustom Answer Generator
[22m[39m[ChatContext] Setting up AssistantChat observeQuery
[90mstdout[2m | src/components/ChatSidebar.stories.jsx[2m > [22m[2mCustom Answer Generator
[22m[39m[ChatContext] Waiting for subscription to initialize
[90mstdout[2m | src/components/ChatSidebar.stories.jsx[2m > [22m[2mCustom Answer Generator
[22m[39m[SettingsContext] Setting up Settings subscription for user: mock-user-sub
[90mstdout[2m | src/components/ChatSidebar.stories.jsx[2m > [22m[2mCustom Answer Generator
[22m[39m[Mock Data] Settings created: mock-settings-1790417194419 - notified 0 subscribers
[90mstdout[2m | src/components/ChatSidebar.stories.jsx[2m > [22m[2mCustom Answer Generator
[22m[39m[Mock Data] Unit.onUpdate() subscription added. Total: 1
[90mstdout[2m | src/components/ChatSidebar.stories.jsx[2m > [22m[2mCustom Answer Generator
[22m[39m[SectionContext] Section observeQuery update: 0
[90mstdout[2m | src/components/ChatSidebar.stories.jsx[2m > [22m[2mCustom Answer Generator
[22m[39m[FilesContext] File observeQuery update: 0 files
[90mstdout[2m | src/components/ChatSidebar.stories.jsx[2m > [22m[2mCustom Answer Generator
[22m[39m[ChatContext] AssistantChat initialized with 1 chats
[90mstdout[2m | src/components/ChatSidebar.stories.jsx[2m > [22m[2mCustom Answer Generator
[22m[39m[ChatContext] Setting initial chat: custom-answer-chat
[90mstdout[2m | src/components/ChatSidebar.stories.jsx[2m > [22m[2mCustom Answer Generator
[22m[39m[MOCK CourseVectorStore] Initialized with mock data
[90mstdout[2m | src/components/ChatSidebar.stories.jsx[2m > [22m[2mCustom Answer Generator
[22m[39m[ChatSidebar] Loading messages for chat: custom-answer-chat count: 3
[90mstdout[2m | src/components/ChatSidebar.stories.jsx[2m > [22m[2mCustom Answer Generator
[22m[39m[ChatSidebar] deepCloneMessages: cloned 3 messages
[90mstdout[2m | src/components/ChatSidebar.stories.jsx[2m > [22m[2mCustom Answer Generator
[22m[39m[ChatContext] Chat exists and not archived, skipping creation
[90mstdout[2m | src/components/ChatSidebar.stories.jsx[2m > [22m[2mCustom Answer Generator
[22m[39m[Mock Storage] downloadData called with: undefined
[90mstdout[2m | src/components/ChatSidebar.stories.jsx[2m > [22m[2mCustom Answer Generator
[22m[39m[ChatSidebar] Message finished: {
  "finishReason": undefined,
  "isAbort": false,
  "isDisconnect": false,
  "isError": false,
  "message": {
    "id": "7ott29EU2RFjXrDw",
    "metadata": undefined,
    "parts": [],
    "role": "assistant",
  },
  "messages": [
    {
      "id": "SLlw6ve1nJrJQ3QC",
      "metadata": undefined,
      "parts": [
        {
          "text": "Help me create a Japanese greeting lesson",
          "type": "text",
        },
      ],
      "role": "user",
    },
  ],
}
[90mstdout[2m | src/components/ChatSidebar.stories.jsx[2m > [22m[2mCustom Answer Generator
[22m[39m[ChatSidebar] deepCloneMessages: cloned 1 messages
[90mstdout[2m | src/components/ChatSidebar.stories.jsx[2m > [22m[2mGrammar Explainer
[22m[39m[ChatContext] Cleaning up subscriptions
[90mstdout[2m | src/components/ChatSidebar.stories.jsx[2m > [22m[2mGrammar Explainer
[22m[39m[Mock Data] Unit.onUpdate() subscription removed. Remaining: 0
[90mstdout[2m | src/components/ChatSidebar.stories.jsx[2m > [22m[2mGrammar Explainer
[22m[39m[chatTools] Vector store search function registered: false
[90mstdout[2m | src/components/ChatSidebar.stories.jsx[2m > [22m[2mGrammar Explainer
[22m[39m[chatTools] Practice drill callback registered: false
[90mstdout[2m | src/components/ChatSidebar.stories.jsx[2m > [22m[2mGrammar Explainer
[22m[39m[Preview] Skipped initializing default mock data (initializeMockData=false)
[90mstdout[2m | src/components/ChatSidebar.stories.jsx[2m > [22m[2mGrammar Explainer
[22m[39m[MOCK CourseVectorStore] Initialized with mock data
[90mstdout[2m | src/components/ChatSidebar.stories.jsx[2m > [22m[2mGrammar Explainer
[22m[39m[chatTools] Vector store search function registered: true
[90mstdout[2m | src/components/ChatSidebar.stories.jsx[2m > [22m[2mGrammar Explainer
[22m[39m[ChatSidebar] Registered vector store search, isReady: false
[90mstdout[2m | src/components/ChatSidebar.stories.jsx[2m > [22m[2mGrammar Explainer
[22m[39m[chatTools] Practice drill callback registered: true
[90mstdout[2m | src/components/ChatSidebar.stories.jsx[2m > [22m[2mGrammar Explainer
[22m[39m[TranslationModeController] Setting mode to: off
[90mstdout[2m | src/components/ChatSidebar.stories.jsx[2m > [22m[2mGrammar Explainer
[22m[39m[UnitContext] useEffect triggered {
  "authLoading": false,
  "hasUser": true,
  "id": "mock-unit-id",
  "userSub": "mock-user-sub",
}
[90mstdout[2m | src/components/ChatSidebar.stories.jsx[2m > [22m[2mGrammar Explainer
[22m[39m[UnitContext] Fetching unit data for id: mock-unit-id
[90mstdout[2m | src/components/ChatSidebar.stories.jsx[2m > [22m[2mGrammar Explainer
[22m[39m[FilesContext] Initializing vector store from IndexedDB
[90mstdout[2m | src/components/ChatSidebar.stories.jsx[2m > [22m[2mGrammar Explainer
[22m[39m[FilesContext] fetchFiles called
[90mstdout[2m | src/components/ChatSidebar.stories.jsx[2m > [22m[2mGrammar Explainer
[22m[39m[FilesContext] User authenticated: mock-user-sub
[90mstdout[2m | src/components/ChatSidebar.stories.jsx[2m > [22m[2mGrammar Explainer
[22m[39m[FilesContext] Identity ID: us-east-1:mock-identity-123
[90mstdout[2m | src/components/ChatSidebar.stories.jsx[2m > [22m[2mGrammar Explainer
[22m[39m[FilesContext] About to set up File observeQuery
[90mstdout[2m | src/components/ChatSidebar.stories.jsx[2m > [22m[2mGrammar Explainer
[22m[39m[ChatContext] Setting up AssistantChat observeQuery
[90mstdout[2m | src/components/ChatSidebar.stories.jsx[2m > [22m[2mGrammar Explainer
[22m[39m[ChatContext] Waiting for subscription to initialize
[90mstdout[2m | src/components/ChatSidebar.stories.jsx[2m > [22m[2mGrammar Explainer
[22m[39m[SettingsContext] Setting up Settings subscription for user: mock-user-sub
[90mstdout[2m | src/components/ChatSidebar.stories.jsx[2m > [22m[2mGrammar Explainer
[22m[39m[Mock Data] Settings created: mock-settings-1790417195673 - notified 0 subscribers
[90mstdout[2m | src/components/ChatSidebar.stories.jsx[2m > [22m[2mGrammar Explainer
[22m[39m[Mock Data] Unit.onUpdate() subscription added. Total: 1
[90mstdout[2m | src/components/ChatSidebar.stories.jsx[2m > [22m[2mGrammar Explainer
[22m[39m[SectionContext] Section observeQuery update: 0
[90mstdout[2m | src/components/ChatSidebar.stories.jsx[2m > [22m[2mGrammar Explainer
[22m[39m[FilesContext] File observeQuery update: 0 files
[90mstdout[2m | src/components/ChatSidebar.stories.jsx[2m > [22m[2mGrammar Explainer
[22m[39m[ChatContext] AssistantChat initialized with 1 chats
[90mstdout[2m | src/components/ChatSidebar.stories.jsx[2m > [22m[2mGrammar Explainer
[22m[39m[ChatContext] Setting initial chat: grammar-chat
[90mstdout[2m | src/components/ChatSidebar.stories.jsx[2m > [22m[2mGrammar Explainer
[22m[39m[MOCK CourseVectorStore] Initialized with mock data
[90mstdout[2m | src/components/ChatSidebar.stories.jsx[2m > [22m[2mGrammar Explainer
[22m[39m[ChatSidebar] Loading messages for chat: grammar-chat count: 2
[90mstdout[2m | src/components/ChatSidebar.stories.jsx[2m > [22m[2mGrammar Explainer
[22m[39m[ChatSidebar] deepCloneMessages: cloned 2 messages
[90mstdout[2m | src/components/ChatSidebar.stories.jsx[2m > [22m[2mGrammar Explainer
[22m[39m[ChatContext] Chat exists and not archived, skipping creation
[90mstdout[2m | src/components/ChatSidebar.stories.jsx[2m > [22m[2mGrammar Explainer
[22m[39m[Mock Storage] downloadData called with: undefined
[90mstdout[2m | src/components/ChatSidebar.stories.jsx[2m > [22m[2mGrammar Explainer
[22m[39mfilterWords {
  "filter": "",
  "wordsCount": 0,
}
[90mstdout[2m | src/components/ChatSidebar.stories.jsx[2m > [22m[2mConversation History
[22m[39m[ChatContext] Cleaning up subscriptions
[90mstdout[2m | src/components/ChatSidebar.stories.jsx[2m > [22m[2mConversation History
[22m[39m[Mock Data] Unit.onUpdate() subscription removed. Remaining: 0
[90mstdout[2m | src/components/ChatSidebar.stories.jsx[2m > [22m[2mConversation History
[22m[39m[chatTools] Vector store search function registered: false
[90mstdout[2m | src/components/ChatSidebar.stories.jsx[2m > [22m[2mConversation History
[22m[39m[chatTools] Practice drill callback registered: false
[90mstdout[2m | src/components/ChatSidebar.stories.jsx[2m > [22m[2mConversation History
[22m[39m[Preview] Skipped initializing default mock data (initializeMockData=false)
[90mstdout[2m | src/components/ChatSidebar.stories.jsx[2m > [22m[2mConversation History
[22m[39m[MOCK CourseVectorStore] Initialized with mock data
[90mstdout[2m | src/components/ChatSidebar.stories.jsx[2m > [22m[2mConversation History
[22m[39m[Mock Data] seedMockWords: Adding 7 words
[90mstdout[2m | src/components/ChatSidebar.stories.jsx[2m > [22m[2mConversation History
[22m[39m[Mock Data] seedMockQuestions: Adding 2 questions
[90mstdout[2m | src/components/ChatSidebar.stories.jsx[2m > [22m[2mConversation History
[22m[39m[chatTools] Vector store search function registered: true
[90mstdout[2m | src/components/ChatSidebar.stories.jsx[2m > [22m[2mConversation History
[22m[39m[ChatSidebar] Registered vector store search, isReady: false
[90mstdout[2m | src/components/ChatSidebar.stories.jsx[2m > [22m[2mConversation History
[22m[39m[chatTools] Practice drill callback registered: true
[90mstdout[2m | src/components/ChatSidebar.stories.jsx[2m > [22m[2mConversation History
[22m[39m[TranslationModeController] Setting mode to: off
[90mstdout[2m | src/components/ChatSidebar.stories.jsx[2m > [22m[2mConversation History
[22m[39m[UnitContext] useEffect triggered {
  "authLoading": false,
  "hasUser": true,
  "id": "mock-unit-id",
  "userSub": "mock-user-sub",
}
[90mstdout[2m | src/components/ChatSidebar.stories.jsx[2m > [22m[2mConversation History
[22m[39m[UnitContext] Fetching unit data for id: mock-unit-id
[90mstdout[2m | src/components/ChatSidebar.stories.jsx[2m > [22m[2mConversation History
[22m[39m[FilesContext] Initializing vector store from IndexedDB
[90mstdout[2m | src/components/ChatSidebar.stories.jsx[2m > [22m[2mConversation History
[22m[39m[FilesContext] fetchFiles called
[90mstdout[2m | src/components/ChatSidebar.stories.jsx[2m > [22m[2mConversation History
[22m[39m[FilesContext] User authenticated: mock-user-sub
[90mstdout[2m | src/components/ChatSidebar.stories.jsx[2m > [22m[2mConversation History
[22m[39m[FilesContext] Identity ID: us-east-1:mock-identity-123
[90mstdout[2m | src/components/ChatSidebar.stories.jsx[2m > [22m[2mConversation History
[22m[39m[FilesContext] About to set up File observeQuery
[90mstdout[2m | src/components/ChatSidebar.stories.jsx[2m > [22m[2mConversation History
[22m[39m[ChatContext] Setting up AssistantChat observeQuery
[90mstdout[2m | src/components/ChatSidebar.stories.jsx[2m > [22m[2mConversation History
[22m[39m[ChatContext] Waiting for subscription to initialize
[90mstdout[2m | src/components/ChatSidebar.stories.jsx[2m > [22m[2mConversation History
[22m[39m[SettingsContext] Setting up Settings subscription for user: mock-user-sub
[90mstdout[2m | src/components/ChatSidebar.stories.jsx[2m > [22m[2mConversation History
[22m[39m[Mock Data] Settings created: mock-settings-1790417196412 - notified 0 subscribers
[90mstdout[2m | src/components/ChatSidebar.stories.jsx[2m > [22m[2mConversation History
[22m[39m[Mock Data] Unit.onUpdate() subscription added. Total: 1
[90mstdout[2m | src/components/ChatSidebar.stories.jsx[2m > [22m[2mConversation History
[22m[39m[SectionContext] Section observeQuery update: 0
[90mstdout[2m | src/components/ChatSidebar.stories.jsx[2m > [22m[2mConversation History
[22m[39m[FilesContext] File observeQuery update: 0 files
[90mstdout[2m | src/components/ChatSidebar.stories.jsx[2m > [22m[2mConversation History
[22m[39m[ChatContext] AssistantChat initialized with 1 chats
[90mstdout[2m | src/components/ChatSidebar.stories.jsx[2m > [22m[2mConversation History
[22m[39m[ChatContext] Setting initial chat: mock-assistant-chat-1
[90mstdout[2m | src/components/ChatSidebar.stories.jsx[2m > [22m[2mConversation History
[22m[39m[MOCK CourseVectorStore] Initialized with mock data
[90mstdout[2m | src/components/ChatSidebar.stories.jsx[2m > [22m[2mConversation History
[22m[39m[ChatSidebar] Loading messages for chat: mock-assistant-chat-1 count: 17
[90mstdout[2m | src/components/ChatSidebar.stories.jsx[2m > [22m[2mConversation History
[22m[39m[ChatSidebar] deepCloneMessages: cloned 17 messages
[90mstdout[2m | src/components/ChatSidebar.stories.jsx[2m > [22m[2mConversation History
[22m[39m[ChatContext] Chat exists and not archived, skipping creation
[90mstdout[2m | src/components/ChatSidebar.stories.jsx[2m > [22m[2mConversation History
[22m[39m[Mock Storage] downloadData called with: undefined
[90mstdout[2m | src/components/ChatSidebar.stories.jsx[2m > [22m[2mTool Call Search
[22m[39m[ChatContext] Cleaning up subscriptions
[90mstdout[2m | src/components/ChatSidebar.stories.jsx[2m > [22m[2mTool Call Search
[22m[39m[Mock Data] Unit.onUpdate() subscription removed. Remaining: 0
[90mstdout[2m | src/components/ChatSidebar.stories.jsx[2m > [22m[2mTool Call Search
[22m[39m[chatTools] Vector store search function registered: false
[90mstdout[2m | src/components/ChatSidebar.stories.jsx[2m > [22m[2mTool Call Search
[22m[39m[chatTools] Practice drill callback registered: false
[90mstdout[2m | src/components/ChatSidebar.stories.jsx[2m > [22m[2mTool Call Search
[22m[39m[Preview] Skipped initializing default mock data (initializeMockData=false)
[90mstdout[2m | src/components/ChatSidebar.stories.jsx[2m > [22m[2mTool Call Search
[22m[39m[MOCK CourseVectorStore] Initialized with mock data
[90mstdout[2m | src/components/ChatSidebar.stories.jsx[2m > [22m[2mTool Call Search
[22m[39m[chatTools] Vector store search function registered: true
[90mstdout[2m | src/components/ChatSidebar.stories.jsx[2m > [22m[2mTool Call Search
[22m[39m[ChatSidebar] Registered vector store search, isReady: false
[90mstdout[2m | src/components/ChatSidebar.stories.jsx[2m > [22m[2mTool Call Search
[22m[39m[chatTools] Practice drill callback registered: true
[90mstdout[2m | src/components/ChatSidebar.stories.jsx[2m > [22m[2mTool Call Search
[22m[39m[TranslationModeController] Setting mode to: off
[90mstdout[2m | src/components/ChatSidebar.stories.jsx[2m > [22m[2mTool Call Search
[22m[39m[UnitContext] useEffect triggered {
  "authLoading": false,
  "hasUser": true,
  "id": "mock-unit-id",
  "userSub": "mock-user-sub",
}
[90mstdout[2m | src/components/ChatSidebar.stories.jsx[2m > [22m[2mTool Call Search
[22m[39m[UnitContext] Fetching unit data for id: mock-unit-id
[90mstdout[2m | src/components/ChatSidebar.stories.jsx[2m > [22m[2mTool Call Search
[22m[39m[FilesContext] Initializing vector store from IndexedDB
[90mstdout[2m | src/components/ChatSidebar.stories.jsx[2m > [22m[2mTool Call Search
[22m[39m[FilesContext] fetchFiles called
[90mstdout[2m | src/components/ChatSidebar.stories.jsx[2m > [22m[2mTool Call Search
[22m[39m[FilesContext] User authenticated: mock-user-sub
[90mstdout[2m | src/components/ChatSidebar.stories.jsx[2m > [22m[2mTool Call Search
[22m[39m[FilesContext] Identity ID: us-east-1:mock-identity-123
[90mstdout[2m | src/components/ChatSidebar.stories.jsx[2m > [22m[2mTool Call Search
[22m[39m[FilesContext] About to set up File observeQuery
[90mstdout[2m | src/components/ChatSidebar.stories.jsx[2m > [22m[2mTool Call Search
[22m[39m[ChatContext] Setting up AssistantChat observeQuery
[90mstdout[2m | src/components/ChatSidebar.stories.jsx[2m > [22m[2mTool Call Search
[22m[39m[ChatContext] Waiting for subscription to initialize
[90mstdout[2m | src/components/ChatSidebar.stories.jsx[2m > [22m[2mTool Call Search
[22m[39m[SettingsContext] Setting up Settings subscription for user: mock-user-sub
[90mstdout[2m | src/components/ChatSidebar.stories.jsx[2m > [22m[2mTool Call Search
[22m[39m[Mock Data] Settings created: mock-settings-1790417199564 - notified 0 subscribers
[90mstdout[2m | src/components/ChatSidebar.stories.jsx[2m > [22m[2mTool Call Search
[22m[39m[Mock Data] Unit.onUpdate() subscription added. Total: 1
[90mstdout[2m | src/components/ChatSidebar.stories.jsx[2m > [22m[2mTool Call Search
[22m[39m[SectionContext] Section observeQuery update: 0
[90mstdout[2m | src/components/ChatSidebar.stories.jsx[2m > [22m[2mTool Call Search
[22m[39m[FilesContext] File observeQuery update: 0 files
[90mstdout[2m | src/components/ChatSidebar.stories.jsx[2m > [22m[2mTool Call Search
[22m[39m[ChatContext] AssistantChat initialized with 1 chats
[90mstdout[2m | src/components/ChatSidebar.stories.jsx[2m > [22m[2mTool Call Search
[22m[39m[ChatContext] Setting initial chat: search-tool-chat
[90mstdout[2m | src/components/ChatSidebar.stories.jsx[2m > [22m[2mTool Call Search
[22m[39m[MOCK CourseVectorStore] Initialized with mock data
[90mstdout[2m | src/components/ChatSidebar.stories.jsx[2m > [22m[2mTool Call Search
[22m[39m[ChatSidebar] Loading messages for chat: search-tool-chat count: 3
[90mstdout[2m | src/components/ChatSidebar.stories.jsx[2m > [22m[2mTool Call Search
[22m[39m[ChatSidebar] deepCloneMessages: cloned 3 messages
[90mstdout[2m | src/components/ChatSidebar.stories.jsx[2m > [22m[2mTool Call Search
[22m[39m[ChatContext] Chat exists and not archived, skipping creation
[90mstdout[2m | src/components/ChatSidebar.stories.jsx[2m > [22m[2mTool Call Search
[22m[39m[Mock Storage] downloadData called with: undefined
[90mstdout[2m | src/components/ChatSidebar.stories.jsx[2m > [22m[2mTool Call Create Unit
[22m[39m[ChatContext] Cleaning up subscriptions
[90mstdout[2m | src/components/ChatSidebar.stories.jsx[2m > [22m[2mTool Call Create Unit
[22m[39m[Mock Data] Unit.onUpdate() subscription removed. Remaining: 0
[90mstdout[2m | src/components/ChatSidebar.stories.jsx[2m > [22m[2mTool Call Create Unit
[22m[39m[chatTools] Vector store search function registered: false
[90mstdout[2m | src/components/ChatSidebar.stories.jsx[2m > [22m[2mTool Call Create Unit
[22m[39m[chatTools] Practice drill callback registered: false
[90mstdout[2m | src/components/ChatSidebar.stories.jsx[2m > [22m[2mTool Call Create Unit
[22m[39m[Preview] Skipped initializing default mock data (initializeMockData=false)
[90mstdout[2m | src/components/ChatSidebar.stories.jsx[2m > [22m[2mTool Call Create Unit
[22m[39m[MOCK CourseVectorStore] Initialized with mock data
[90mstdout[2m | src/components/ChatSidebar.stories.jsx[2m > [22m[2mTool Call Create Unit
[22m[39m[chatTools] Vector store search function registered: true
[90mstdout[2m | src/components/ChatSidebar.stories.jsx[2m > [22m[2mTool Call Create Unit
[22m[39m[ChatSidebar] Registered vector store search, isReady: false
[90mstdout[2m | src/components/ChatSidebar.stories.jsx[2m > [22m[2mTool Call Create Unit
[22m[39m[chatTools] Practice drill callback registered: true
[90mstdout[2m | src/components/ChatSidebar.stories.jsx[2m > [22m[2mTool Call Create Unit
[22m[39m[TranslationModeController] Setting mode to: off
[90mstdout[2m | src/components/ChatSidebar.stories.jsx[2m > [22m[2mTool Call Create Unit
[22m[39m[UnitContext] useEffect triggered {
  "authLoading": false,
  "hasUser": true,
  "id": "mock-unit-id",
  "userSub": "mock-user-sub",
}
[90mstdout[2m | src/components/ChatSidebar.stories.jsx[2m > [22m[2mTool Call Create Unit
[22m[39m[UnitContext] Fetching unit data for id: mock-unit-id
[90mstdout[2m | src/components/ChatSidebar.stories.jsx[2m > [22m[2mTool Call Create Unit
[22m[39m[FilesContext] Initializing vector store from IndexedDB
[90mstdout[2m | src/components/ChatSidebar.stories.jsx[2m > [22m[2mTool Call Create Unit
[22m[39m[FilesContext] fetchFiles called
[90mstdout[2m | src/components/ChatSidebar.stories.jsx[2m > [22m[2mTool Call Create Unit
[22m[39m[FilesContext] User authenticated: mock-user-sub
[90mstdout[2m | src/components/ChatSidebar.stories.jsx[2m > [22m[2mTool Call Create Unit
[22m[39m[FilesContext] Identity ID: us-east-1:mock-identity-123
[90mstdout[2m | src/components/ChatSidebar.stories.jsx[2m > [22m[2mTool Call Create Unit
[22m[39m[FilesContext] About to set up File observeQuery
[90mstdout[2m | src/components/ChatSidebar.stories.jsx[2m > [22m[2mTool Call Create Unit
[22m[39m[ChatContext] Setting up AssistantChat observeQuery
[90mstdout[2m | src/components/ChatSidebar.stories.jsx[2m > [22m[2mTool Call Create Unit
[22m[39m[ChatContext] Waiting for subscription to initialize
[90mstdout[2m | src/components/ChatSidebar.stories.jsx[2m > [22m[2mTool Call Create Unit
[22m[39m[SettingsContext] Setting up Settings subscription for user: mock-user-sub
[90mstdout[2m | src/components/ChatSidebar.stories.jsx[2m > [22m[2mTool Call Create Unit
[22m[39m[Mock Data] Settings created: mock-settings-1790417200413 - notified 0 subscribers
[90mstdout[2m | src/components/ChatSidebar.stories.jsx[2m > [22m[2mTool Call Create Unit
[22m[39m[Mock Data] Unit.onUpdate() subscription added. Total: 1
[90mstdout[2m | src/components/ChatSidebar.stories.jsx[2m > [22m[2mTool Call Create Unit
[22m[39m[SectionContext] Section observeQuery update: 0
[90mstdout[2m | src/components/ChatSidebar.stories.jsx[2m > [22m[2mTool Call Create Unit
[22m[39m[FilesContext] File observeQuery update: 0 files
[90mstdout[2m | src/components/ChatSidebar.stories.jsx[2m > [22m[2mTool Call Create Unit
[22m[39m[ChatContext] AssistantChat initialized with 1 chats
[90mstdout[2m | src/components/ChatSidebar.stories.jsx[2m > [22m[2mTool Call Create Unit
[22m[39m[ChatContext] Setting initial chat: create-unit-chat
[90mstdout[2m | src/components/ChatSidebar.stories.jsx[2m > [22m[2mTool Call Create Unit
[22m[39m[MOCK CourseVectorStore] Initialized with mock data
[90mstdout[2m | src/components/ChatSidebar.stories.jsx[2m > [22m[2mTool Call Create Unit
[22m[39m[ChatSidebar] Loading messages for chat: create-unit-chat count: 3
[90mstdout[2m | src/components/ChatSidebar.stories.jsx[2m > [22m[2mTool Call Create Unit
[22m[39m[ChatSidebar] deepCloneMessages: cloned 3 messages
[90mstdout[2m | src/components/ChatSidebar.stories.jsx[2m > [22m[2mTool Call Create Unit
[22m[39m[ChatContext] Chat exists and not archived, skipping creation
[90mstdout[2m | src/components/ChatSidebar.stories.jsx[2m > [22m[2mTool Call Create Unit
[22m[39m[Mock Storage] downloadData called with: undefined
[90mstdout[2m | src/components/ChatSidebar.stories.jsx[2m > [22m[2mTool Call Generate Content
[22m[39m[ChatContext] Cleaning up subscriptions
[90mstdout[2m | src/components/ChatSidebar.stories.jsx[2m > [22m[2mTool Call Generate Content
[22m[39m[Mock Data] Unit.onUpdate() subscription removed. Remaining: 0
[90mstdout[2m | src/components/ChatSidebar.stories.jsx[2m > [22m[2mTool Call Generate Content
[22m[39m[chatTools] Vector store search function registered: false
[90mstdout[2m | src/components/ChatSidebar.stories.jsx[2m > [22m[2mTool Call Generate Content
[22m[39m[chatTools] Practice drill callback registered: false
[90mstdout[2m | src/components/ChatSidebar.stories.jsx[2m > [22m[2mTool Call Generate Content
[22m[39m[Preview] Skipped initializing default mock data (initializeMockData=false)
[90mstdout[2m | src/components/ChatSidebar.stories.jsx[2m > [22m[2mTool Call Generate Content
[22m[39m[MOCK CourseVectorStore] Initialized with mock data
[90mstdout[2m | src/components/ChatSidebar.stories.jsx[2m > [22m[2mTool Call Generate Content
[22m[39m[chatTools] Vector store search function registered: true
[90mstdout[2m | src/components/ChatSidebar.stories.jsx[2m > [22m[2mTool Call Generate Content
[22m[39m[ChatSidebar] Registered vector store search, isReady: false
[90mstdout[2m | src/components/ChatSidebar.stories.jsx[2m > [22m[2mTool Call Generate Content
[22m[39m[chatTools] Practice drill callback registered: true
[90mstdout[2m | src/components/ChatSidebar.stories.jsx[2m > [22m[2mTool Call Generate Content
[22m[39m[TranslationModeController] Setting mode to: off
[90mstdout[2m | src/components/ChatSidebar.stories.jsx[2m > [22m[2mTool Call Generate Content
[22m[39m[UnitContext] useEffect triggered {
  "authLoading": false,
  "hasUser": true,
  "id": "mock-unit-id",
  "userSub": "mock-user-sub",
}
[90mstdout[2m | src/components/ChatSidebar.stories.jsx[2m > [22m[2mTool Call Generate Content
[22m[39m[UnitContext] Fetching unit data for id: mock-unit-id
[90mstdout[2m | src/components/ChatSidebar.stories.jsx[2m > [22m[2mTool Call Generate Content
[22m[39m[FilesContext] Initializing vector store from IndexedDB
[90mstdout[2m | src/components/ChatSidebar.stories.jsx[2m > [22m[2mTool Call Generate Content
[22m[39m[FilesContext] fetchFiles called
[90mstdout[2m | src/components/ChatSidebar.stories.jsx[2m > [22m[2mTool Call Generate Content
[22m[39m[FilesContext] User authenticated: mock-user-sub
[90mstdout[2m | src/components/ChatSidebar.stories.jsx[2m > [22m[2mTool Call Generate Content
[22m[39m[FilesContext] Identity ID: us-east-1:mock-identity-123
[90mstdout[2m | src/components/ChatSidebar.stories.jsx[2m > [22m[2mTool Call Generate Content
[22m[39m[FilesContext] About to set up File observeQuery
[90mstdout[2m | src/components/ChatSidebar.stories.jsx[2m > [22m[2mTool Call Generate Content
[22m[39m[ChatContext] Setting up AssistantChat observeQuery
[90mstdout[2m | src/components/ChatSidebar.stories.jsx[2m > [22m[2mTool Call Generate Content
[22m[39m[ChatContext] Waiting for subscription to initialize
[90mstdout[2m | src/components/ChatSidebar.stories.jsx[2m > [22m[2mTool Call Generate Content
[22m[39m[SettingsContext] Setting up Settings subscription for user: mock-user-sub
[90mstdout[2m | src/components/ChatSidebar.stories.jsx[2m > [22m[2mTool Call Generate Content
[22m[39m[Mock Data] Settings created: mock-settings-1790417201200 - notified 0 subscribers
[90mstdout[2m | src/components/ChatSidebar.stories.jsx[2m > [22m[2mTool Call Generate Content
[22m[39m[Mock Data] Unit.onUpdate() subscription added. Total: 1
[90mstdout[2m | src/components/ChatSidebar.stories.jsx[2m > [22m[2mTool Call Generate Content
[22m[39m[SectionContext] Section observeQuery update: 0
[90mstdout[2m | src/components/ChatSidebar.stories.jsx[2m > [22m[2mTool Call Generate Content
[22m[39m[FilesContext] File observeQuery update: 0 files
[90mstdout[2m | src/components/ChatSidebar.stories.jsx[2m > [22m[2mTool Call Generate Content
[22m[39m[ChatContext] AssistantChat initialized with 1 chats
[90mstdout[2m | src/components/ChatSidebar.stories.jsx[2m > [22m[2mTool Call Generate Content
[22m[39m[ChatContext] Setting initial chat: generate-content-chat
[90mstdout[2m | src/components/ChatSidebar.stories.jsx[2m > [22m[2mTool Call Generate Content
[22m[39m[MOCK CourseVectorStore] Initialized with mock data
[90mstdout[2m | src/components/ChatSidebar.stories.jsx[2m > [22m[2mTool Call Generate Content
[22m[39m[ChatSidebar] Loading messages for chat: generate-content-chat count: 3
[90mstdout[2m | src/components/ChatSidebar.stories.jsx[2m > [22m[2mTool Call Generate Content
[22m[39m[ChatSidebar] deepCloneMessages: cloned 3 messages
[90mstdout[2m | src/components/ChatSidebar.stories.jsx[2m > [22m[2mTool Call Generate Content
[22m[39m[ChatContext] Chat exists and not archived, skipping creation
[90mstdout[2m | src/components/ChatSidebar.stories.jsx[2m > [22m[2mTool Call Generate Content
[22m[39m[Mock Storage] downloadData called with: undefined
[90mstdout[2m | src/components/ChatSidebar.stories.jsx[2m > [22m[2mTool Call Multi Step
[22m[39m[ChatContext] Cleaning up subscriptions
[90mstdout[2m | src/components/ChatSidebar.stories.jsx[2m > [22m[2mTool Call Multi Step
[22m[39m[Mock Data] Unit.onUpdate() subscription removed. Remaining: 0
[90mstdout[2m | src/components/ChatSidebar.stories.jsx[2m > [22m[2mTool Call Multi Step
[22m[39m[chatTools] Vector store search function registered: false
[90mstdout[2m | src/components/ChatSidebar.stories.jsx[2m > [22m[2mTool Call Multi Step
[22m[39m[chatTools] Practice drill callback registered: false
[90mstdout[2m | src/components/ChatSidebar.stories.jsx[2m > [22m[2mTool Call Multi Step
[22m[39m[Preview] Skipped initializing default mock data (initializeMockData=false)
[90mstdout[2m | src/components/ChatSidebar.stories.jsx[2m > [22m[2mTool Call Multi Step
[22m[39m[MOCK CourseVectorStore] Initialized with mock data
[90mstdout[2m | src/components/ChatSidebar.stories.jsx[2m > [22m[2mTool Call Multi Step
[22m[39m[chatTools] Vector store search function registered: true
[90mstdout[2m | src/components/ChatSidebar.stories.jsx[2m > [22m[2mTool Call Multi Step
[22m[39m[ChatSidebar] Registered vector store search, isReady: false
[90mstdout[2m | src/components/ChatSidebar.stories.jsx[2m > [22m[2mTool Call Multi Step
[22m[39m[chatTools] Practice drill callback registered: true
[90mstdout[2m | src/components/ChatSidebar.stories.jsx[2m > [22m[2mTool Call Multi Step
[22m[39m[TranslationModeController] Setting mode to: off
[90mstdout[2m | src/components/ChatSidebar.stories.jsx[2m > [22m[2mTool Call Multi Step
[22m[39m[UnitContext] useEffect triggered {
  "authLoading": false,
  "hasUser": true,
  "id": "mock-unit-id",
  "userSub": "mock-user-sub",
}
[90mstdout[2m | src/components/ChatSidebar.stories.jsx[2m > [22m[2mTool Call Multi Step
[22m[39m[UnitContext] Fetching unit data for id: mock-unit-id
[90mstdout[2m | src/components/ChatSidebar.stories.jsx[2m > [22m[2mTool Call Multi Step
[22m[39m[FilesContext] Initializing vector store from IndexedDB
[90mstdout[2m | src/components/ChatSidebar.stories.jsx[2m > [22m[2mTool Call Multi Step
[22m[39m[FilesContext] fetchFiles called
[90mstdout[2m | src/components/ChatSidebar.stories.jsx[2m > [22m[2mTool Call Multi Step
[22m[39m[FilesContext] User authenticated: mock-user-sub
[90mstdout[2m | src/components/ChatSidebar.stories.jsx[2m > [22m[2mTool Call Multi Step
[22m[39m[FilesContext] Identity ID: us-east-1:mock-identity-123
[90mstdout[2m | src/components/ChatSidebar.stories.jsx[2m > [22m[2mTool Call Multi Step
[22m[39m[FilesContext] About to set up File observeQuery
[90mstdout[2m | src/components/ChatSidebar.stories.jsx[2m > [22m[2mTool Call Multi Step
[22m[39m[ChatContext] Setting up AssistantChat observeQuery
[90mstdout[2m | src/components/ChatSidebar.stories.jsx[2m > [22m[2mTool Call Multi Step
[22m[39m[ChatContext] Waiting for subscription to initialize
[90mstdout[2m | src/components/ChatSidebar.stories.jsx[2m > [22m[2mTool Call Multi Step
[22m[39m[SettingsContext] Setting up Settings subscription for user: mock-user-sub
[90mstdout[2m | src/components/ChatSidebar.stories.jsx[2m > [22m[2mTool Call Multi Step
[22m[39m[Mock Data] Settings created: mock-settings-1790417202647 - notified 0 subscribers
[90mstdout[2m | src/components/ChatSidebar.stories.jsx[2m > [22m[2mTool Call Multi Step
[22m[39m[Mock Data] Unit.onUpdate() subscription added. Total: 1
[90mstdout[2m | src/components/ChatSidebar.stories.jsx[2m > [22m[2mTool Call Multi Step
[22m[39m[SectionContext] Section observeQuery update: 0
[90mstdout[2m | src/components/ChatSidebar.stories.jsx[2m > [22m[2mTool Call Multi Step
[22m[39m[FilesContext] File observeQuery update: 0 files
[90mstdout[2m | src/components/ChatSidebar.stories.jsx[2m > [22m[2mTool Call Multi Step
[22m[39m[ChatContext] AssistantChat initialized with 1 chats
[90mstdout[2m | src/components/ChatSidebar.stories.jsx[2m > [22m[2mTool Call Multi Step
[22m[39m[ChatContext] Setting initial chat: multistep-chat
[90mstdout[2m | src/components/ChatSidebar.stories.jsx[2m > [22m[2mTool Call Multi Step
[22m[39m[MOCK CourseVectorStore] Initialized with mock data
[90mstdout[2m | src/components/ChatSidebar.stories.jsx[2m > [22m[2mTool Call Multi Step
[22m[39m[ChatSidebar] Loading messages for chat: multistep-chat count: 4
[90mstdout[2m | src/components/ChatSidebar.stories.jsx[2m > [22m[2mTool Call Multi Step
[22m[39m[ChatSidebar] deepCloneMessages: cloned 4 messages
[90mstdout[2m | src/components/ChatSidebar.stories.jsx[2m > [22m[2mTool Call Multi Step
[22m[39m[ChatContext] Chat exists and not archived, skipping creation
[90mstdout[2m | src/components/ChatSidebar.stories.jsx[2m > [22m[2mTool Call Multi Step
[22m[39m[Mock Storage] downloadData called with: undefined
[90mstdout[2m | src/components/ChatSidebar.stories.jsx[2m > [22m[2m💬 Chat Sidebar / Unit Editor Context
[22m[39m[ChatContext] Cleaning up subscriptions
[90mstdout[2m | src/components/ChatSidebar.stories.jsx[2m > [22m[2m💬 Chat Sidebar / Unit Editor Context
[22m[39m[Mock Data] Unit.onUpdate() subscription removed. Remaining: 0
[90mstdout[2m | src/components/ChatSidebar.stories.jsx[2m > [22m[2m💬 Chat Sidebar / Unit Editor Context
[22m[39m[chatTools] Vector store search function registered: false
[90mstdout[2m | src/components/ChatSidebar.stories.jsx[2m > [22m[2m💬 Chat Sidebar / Unit Editor Context
[22m[39m[chatTools] Practice drill callback registered: false
[90mstdout[2m | src/components/ChatSidebar.stories.jsx[2m > [22m[2m💬 Chat Sidebar / Unit Editor Context
[22m[39m[Preview] Skipped initializing default mock data (initializeMockData=false)
[90mstdout[2m | src/components/ChatSidebar.stories.jsx[2m > [22m[2m💬 Chat Sidebar / Unit Editor Context
[22m[39m[MOCK CourseVectorStore] Initialized with mock data
[90mstdout[2m | src/components/ChatSidebar.stories.jsx[2m > [22m[2m💬 Chat Sidebar / Unit Editor Context
[22m[39m[Mock Data] seedMockWords: Adding 12 words
[90mstdout[2m | src/components/ChatSidebar.stories.jsx[2m > [22m[2m💬 Chat Sidebar / Unit Editor Context
[22m[39m[Mock Data] seedMockQuestions: Adding 6 questions
[90mstdout[2m | src/components/ChatSidebar.stories.jsx[2m > [22m[2m💬 Chat Sidebar / Unit Editor Context
[22m[39m[chatTools] Vector store search function registered: true
[90mstdout[2m | src/components/ChatSidebar.stories.jsx[2m > [22m[2m💬 Chat Sidebar / Unit Editor Context
[22m[39m[ChatSidebar] Registered vector store search, isReady: false
[90mstdout[2m | src/components/ChatSidebar.stories.jsx[2m > [22m[2m💬 Chat Sidebar / Unit Editor Context
[22m[39m[chatTools] Practice drill callback registered: true
[90mstdout[2m | src/components/ChatSidebar.stories.jsx[2m > [22m[2m💬 Chat Sidebar / Unit Editor Context
[22m[39m[TranslationModeController] Setting mode to: off
[90mstdout[2m | src/components/ChatSidebar.stories.jsx[2m > [22m[2m💬 Chat Sidebar / Unit Editor Context
[22m[39m[UnitContext] useEffect triggered {
  "authLoading": false,
  "hasUser": true,
  "id": "mock-unit-id",
  "userSub": "mock-user-sub",
}
[90mstdout[2m | src/components/ChatSidebar.stories.jsx[2m > [22m[2m💬 Chat Sidebar / Unit Editor Context
[22m[39m[UnitContext] Fetching unit data for id: mock-unit-id
[90mstdout[2m | src/components/ChatSidebar.stories.jsx[2m > [22m[2m💬 Chat Sidebar / Unit Editor Context
[22m[39m[FilesContext] Initializing vector store from IndexedDB
[90mstdout[2m | src/components/ChatSidebar.stories.jsx[2m > [22m[2m💬 Chat Sidebar / Unit Editor Context
[22m[39m[FilesContext] fetchFiles called
[90mstdout[2m | src/components/ChatSidebar.stories.jsx[2m > [22m[2m💬 Chat Sidebar / Unit Editor Context
[22m[39m[FilesContext] User authenticated: mock-user-sub
[90mstdout[2m | src/components/ChatSidebar.stories.jsx[2m > [22m[2m💬 Chat Sidebar / Unit Editor Context
[22m[39m[FilesContext] Identity ID: us-east-1:mock-identity-123
[90mstdout[2m | src/components/ChatSidebar.stories.jsx[2m > [22m[2m💬 Chat Sidebar / Unit Editor Context
[22m[39m[FilesContext] About to set up File observeQuery
[90mstdout[2m | src/components/ChatSidebar.stories.jsx[2m > [22m[2m💬 Chat Sidebar / Unit Editor Context
[22m[39m[ChatContext] Setting up AssistantChat observeQuery
[90mstdout[2m | src/components/ChatSidebar.stories.jsx[2m > [22m[2m💬 Chat Sidebar / Unit Editor Context
[22m[39m[ChatContext] Waiting for subscription to initialize
[90mstdout[2m | src/components/ChatSidebar.stories.jsx[2m > [22m[2m💬 Chat Sidebar / Unit Editor Context
[22m[39m[SettingsContext] Setting up Settings subscription for user: mock-user-sub
[90mstdout[2m | src/components/ChatSidebar.stories.jsx[2m > [22m[2m💬 Chat Sidebar / Unit Editor Context
[22m[39m[Mock Data] Settings created: mock-settings-1790417203932 - notified 0 subscribers
[90mstdout[2m | src/components/ChatSidebar.stories.jsx[2m > [22m[2m💬 Chat Sidebar / Unit Editor Context
[22m[39m[Mock Data] Unit.onUpdate() subscription added. Total: 1
[90mstdout[2m | src/components/ChatSidebar.stories.jsx[2m > [22m[2m💬 Chat Sidebar / Unit Editor Context
[22m[39m[SectionContext] Section observeQuery update: 0
[90mstdout[2m | src/components/ChatSidebar.stories.jsx[2m > [22m[2m💬 Chat Sidebar / Unit Editor Context
[22m[39m[FilesContext] File observeQuery update: 0 files
[90mstdout[2m | src/components/ChatSidebar.stories.jsx[2m > [22m[2m💬 Chat Sidebar / Unit Editor Context
[22m[39m[ChatContext] AssistantChat initialized with 1 chats
[90mstdout[2m | src/components/ChatSidebar.stories.jsx[2m > [22m[2m💬 Chat Sidebar / Unit Editor Context
[22m[39m[ChatContext] Setting initial chat: mock-chat-unit-editor
[90mstdout[2m | src/components/ChatSidebar.stories.jsx[2m > [22m[2m💬 Chat Sidebar / Unit Editor Context
[22m[39m[MOCK CourseVectorStore] Initialized with mock data
[90mstdout[2m | src/components/ChatSidebar.stories.jsx[2m > [22m[2m💬 Chat Sidebar / Unit Editor Context
[22m[39m[ChatSidebar] Loading messages for chat: mock-chat-unit-editor count: 12
[90mstdout[2m | src/components/ChatSidebar.stories.jsx[2m > [22m[2m💬 Chat Sidebar / Unit Editor Context
[22m[39m[ChatSidebar] deepCloneMessages: cloned 12 messages
[90mstdout[2m | src/components/ChatSidebar.stories.jsx[2m > [22m[2m💬 Chat Sidebar / Unit Editor Context
[22m[39m[ChatContext] Chat exists and not archived, skipping creation
[90mstdout[2m | src/components/ChatSidebar.stories.jsx[2m > [22m[2m💬 Chat Sidebar / Unit Editor Context
[22m[39m[Mock Storage] downloadData called with: undefined
[90mstdout[2m | src/components/ChatSidebar.stories.jsx[2m > [22m[2m💬 Chat Sidebar / Dashboard Context
[22m[39m[ChatContext] Cleaning up subscriptions
[90mstdout[2m | src/components/ChatSidebar.stories.jsx[2m > [22m[2m💬 Chat Sidebar / Dashboard Context
[22m[39m[Mock Data] Unit.onUpdate() subscription removed. Remaining: 0
[90mstdout[2m | src/components/ChatSidebar.stories.jsx[2m > [22m[2m💬 Chat Sidebar / Dashboard Context
[22m[39m[chatTools] Vector store search function registered: false
[90mstdout[2m | src/components/ChatSidebar.stories.jsx[2m > [22m[2m💬 Chat Sidebar / Dashboard Context
[22m[39m[chatTools] Practice drill callback registered: false
[90mstdout[2m | src/components/ChatSidebar.stories.jsx[2m > [22m[2m💬 Chat Sidebar / Dashboard Context
[22m[39m[Preview] Skipped initializing default mock data (initializeMockData=false)
[90mstdout[2m | src/components/ChatSidebar.stories.jsx[2m > [22m[2m💬 Chat Sidebar / Dashboard Context
[22m[39m[MOCK CourseVectorStore] Initialized with mock data
[90mstdout[2m | src/components/ChatSidebar.stories.jsx[2m > [22m[2m💬 Chat Sidebar / Dashboard Context
[22m[39m[chatTools] Vector store search function registered: true
[90mstdout[2m | src/components/ChatSidebar.stories.jsx[2m > [22m[2m💬 Chat Sidebar / Dashboard Context
[22m[39m[ChatSidebar] Registered vector store search, isReady: false
[90mstdout[2m | src/components/ChatSidebar.stories.jsx[2m > [22m[2m💬 Chat Sidebar / Dashboard Context
[22m[39m[chatTools] Practice drill callback registered: true
[90mstdout[2m | src/components/ChatSidebar.stories.jsx[2m > [22m[2m💬 Chat Sidebar / Dashboard Context
[22m[39m[TourContext] Initializing tour system with 10 tasks
[90mstdout[2m | src/components/ChatSidebar.stories.jsx[2m > [22m[2m💬 Chat Sidebar / Dashboard Context
[22m[39m[chatTools] Tour tasks data registered: 10 tasks
[90mstdout[2m | src/components/ChatSidebar.stories.jsx[2m > [22m[2m💬 Chat Sidebar / Dashboard Context
[22m[39m[TranslationModeController] Setting mode to: off
[90mstdout[2m | src/components/ChatSidebar.stories.jsx[2m > [22m[2m💬 Chat Sidebar / Dashboard Context
[22m[39m[UnitContext] useEffect triggered {
  "authLoading": false,
  "hasUser": true,
  "id": "mock-unit-id",
  "userSub": "mock-user-sub",
}
[90mstdout[2m | src/components/ChatSidebar.stories.jsx[2m > [22m[2m💬 Chat Sidebar / Dashboard Context
[22m[39m[UnitContext] Fetching unit data for id: mock-unit-id
[90mstdout[2m | src/components/ChatSidebar.stories.jsx[2m > [22m[2m💬 Chat Sidebar / Dashboard Context
[22m[39m[FilesContext] Initializing vector store from IndexedDB
[90mstdout[2m | src/components/ChatSidebar.stories.jsx[2m > [22m[2m💬 Chat Sidebar / Dashboard Context
[22m[39m[FilesContext] fetchFiles called
[90mstdout[2m | src/components/ChatSidebar.stories.jsx[2m > [22m[2m💬 Chat Sidebar / Dashboard Context
[22m[39m[FilesContext] User authenticated: mock-user-sub
[90mstdout[2m | src/components/ChatSidebar.stories.jsx[2m > [22m[2m💬 Chat Sidebar / Dashboard Context
[22m[39m[FilesContext] Identity ID: us-east-1:mock-identity-123
[90mstdout[2m | src/components/ChatSidebar.stories.jsx[2m > [22m[2m💬 Chat Sidebar / Dashboard Context
[22m[39m[FilesContext] About to set up File observeQuery
[90mstdout[2m | src/components/ChatSidebar.stories.jsx[2m > [22m[2m💬 Chat Sidebar / Dashboard Context
[22m[39m[ChatContext] Setting up AssistantChat observeQuery
[90mstdout[2m | src/components/ChatSidebar.stories.jsx[2m > [22m[2m💬 Chat Sidebar / Dashboard Context
[22m[39m[ChatContext] Waiting for subscription to initialize
[90mstdout[2m | src/components/ChatSidebar.stories.jsx[2m > [22m[2m💬 Chat Sidebar / Dashboard Context
[22m[39m[SettingsContext] Setting up Settings subscription for user: mock-user-sub
[90mstdout[2m | src/components/ChatSidebar.stories.jsx[2m > [22m[2m💬 Chat Sidebar / Dashboard Context
[22m[39m[Mock Data] Settings created: mock-settings-1790417209497 - notified 0 subscribers
[90mstdout[2m | src/components/ChatSidebar.stories.jsx[2m > [22m[2m💬 Chat Sidebar / Dashboard Context
[22m[39m[Mock Data] Unit.onUpdate() subscription added. Total: 1
[90mstdout[2m | src/components/ChatSidebar.stories.jsx[2m > [22m[2m💬 Chat Sidebar / Dashboard Context
[22m[39m[SectionContext] Section observeQuery update: 0
[90mstdout[2m | src/components/ChatSidebar.stories.jsx[2m > [22m[2m💬 Chat Sidebar / Dashboard Context
[22m[39m[FilesContext] File observeQuery update: 0 files
[90mstdout[2m | src/components/ChatSidebar.stories.jsx[2m > [22m[2m💬 Chat Sidebar / Dashboard Context
[22m[39m[ChatContext] AssistantChat initialized with 1 chats
[90mstdout[2m | src/components/ChatSidebar.stories.jsx[2m > [22m[2m💬 Chat Sidebar / Dashboard Context
[22m[39m[ChatContext] Setting initial chat: mock-chat-dashboard
[90mstdout[2m | src/components/ChatSidebar.stories.jsx[2m > [22m[2m💬 Chat Sidebar / Dashboard Context
[22m[39m[MOCK CourseVectorStore] Initialized with mock data
[90mstdout[2m | src/components/ChatSidebar.stories.jsx[2m > [22m[2m💬 Chat Sidebar / Dashboard Context
[22m[39m[ChatSidebar] Loading messages for chat: mock-chat-dashboard count: 2
[90mstdout[2m | src/components/ChatSidebar.stories.jsx[2m > [22m[2m💬 Chat Sidebar / Dashboard Context
[22m[39m[ChatSidebar] deepCloneMessages: cloned 2 messages
[90mstdout[2m | src/components/ChatSidebar.stories.jsx[2m > [22m[2m💬 Chat Sidebar / Dashboard Context
[22m[39m[ChatContext] Chat exists and not archived, skipping creation
[90mstdout[2m | src/components/ChatSidebar.stories.jsx[2m > [22m[2m💬 Chat Sidebar / Dashboard Context
[22m[39m[ChatSidebar] Starting tour: instructor-assignments-tour mode: tutorial
[90mstdout[2m | src/components/ChatSidebar.stories.jsx[2m > [22m[2m💬 Chat Sidebar / Dashboard Context
[22m[39m[TourContext] Starting tour: instructor-assignments-tour mode: tutorial
[90mstdout[2m | src/components/ChatSidebar.stories.jsx[2m > [22m[2m💬 Chat Sidebar / Dashboard Context
[22m[39m[ChatSidebar] Starting tour: instructor-assignments-tour mode: tutorial
[90mstdout[2m | src/components/ChatSidebar.stories.jsx[2m > [22m[2m💬 Chat Sidebar / Dashboard Context
[22m[39m[TourContext] Starting tour: instructor-assignments-tour mode: tutorial
[90mstdout[2m | src/components/ChatSidebar.stories.jsx[2m > [22m[2m💬 Chat Sidebar / Dashboard Context
[22m[39m[Mock Storage] downloadData called with: undefined
[90mstdout[2m | src/components/ChatSidebar.stories.jsx[2m > [22m[2m💬 Chat Sidebar / Dashboard Context
[22m[39m[ChatSidebar] Starting tour: instructor-assignments-tour mode: tutorial
[90mstdout[2m | src/components/ChatSidebar.stories.jsx[2m > [22m[2m💬 Chat Sidebar / Dashboard Context
[22m[39m[TourContext] Starting tour: instructor-assignments-tour mode: tutorial
[90mstdout[2m | src/components/ChatSidebar.stories.jsx[2m > [22m[2m💬 Chat Sidebar / Sections Context
[22m[39m[ChatContext] Cleaning up subscriptions
[90mstdout[2m | src/components/ChatSidebar.stories.jsx[2m > [22m[2m💬 Chat Sidebar / Sections Context
[22m[39m[Mock Data] Unit.onUpdate() subscription removed. Remaining: 0
[90mstdout[2m | src/components/ChatSidebar.stories.jsx[2m > [22m[2m💬 Chat Sidebar / Sections Context
[22m[39m[chatTools] Vector store search function registered: false
[90mstdout[2m | src/components/ChatSidebar.stories.jsx[2m > [22m[2m💬 Chat Sidebar / Sections Context
[22m[39m[chatTools] Practice drill callback registered: false
[90mstdout[2m | src/components/ChatSidebar.stories.jsx[2m > [22m[2m💬 Chat Sidebar / Sections Context
[22m[39m[Preview] Skipped initializing default mock data (initializeMockData=false)
[90mstdout[2m | src/components/ChatSidebar.stories.jsx[2m > [22m[2m💬 Chat Sidebar / Sections Context
[22m[39m[MOCK CourseVectorStore] Initialized with mock data
[90mstdout[2m | src/components/ChatSidebar.stories.jsx[2m > [22m[2m💬 Chat Sidebar / Sections Context
[22m[39m[chatTools] Vector store search function registered: true
[90mstdout[2m | src/components/ChatSidebar.stories.jsx[2m > [22m[2m💬 Chat Sidebar / Sections Context
[22m[39m[ChatSidebar] Registered vector store search, isReady: false
[90mstdout[2m | src/components/ChatSidebar.stories.jsx[2m > [22m[2m💬 Chat Sidebar / Sections Context
[22m[39m[chatTools] Practice drill callback registered: true
[90mstdout[2m | src/components/ChatSidebar.stories.jsx[2m > [22m[2m💬 Chat Sidebar / Sections Context
[22m[39m[TranslationModeController] Setting mode to: off
[90mstdout[2m | src/components/ChatSidebar.stories.jsx[2m > [22m[2m💬 Chat Sidebar / Sections Context
[22m[39m[UnitContext] useEffect triggered {
  "authLoading": false,
  "hasUser": true,
  "id": "mock-unit-id",
  "userSub": "mock-user-sub",
}
[90mstdout[2m | src/components/ChatSidebar.stories.jsx[2m > [22m[2m💬 Chat Sidebar / Sections Context
[22m[39m[UnitContext] Fetching unit data for id: mock-unit-id
[90mstdout[2m | src/components/ChatSidebar.stories.jsx[2m > [22m[2m💬 Chat Sidebar / Sections Context
[22m[39m[FilesContext] Initializing vector store from IndexedDB
[90mstdout[2m | src/components/ChatSidebar.stories.jsx[2m > [22m[2m💬 Chat Sidebar / Sections Context
[22m[39m[FilesContext] fetchFiles called
[90mstdout[2m | src/components/ChatSidebar.stories.jsx[2m > [22m[2m💬 Chat Sidebar / Sections Context
[22m[39m[FilesContext] User authenticated: mock-user-sub
[90mstdout[2m | src/components/ChatSidebar.stories.jsx[2m > [22m[2m💬 Chat Sidebar / Sections Context
[22m[39m[FilesContext] Identity ID: us-east-1:mock-identity-123
[90mstdout[2m | src/components/ChatSidebar.stories.jsx[2m > [22m[2m💬 Chat Sidebar / Sections Context
[22m[39m[FilesContext] About to set up File observeQuery
[90mstdout[2m | src/components/ChatSidebar.stories.jsx[2m > [22m[2m💬 Chat Sidebar / Sections Context
[22m[39m[ChatContext] Setting up AssistantChat observeQuery
[90mstdout[2m | src/components/ChatSidebar.stories.jsx[2m > [22m[2m💬 Chat Sidebar / Sections Context
[22m[39m[ChatContext] Waiting for subscription to initialize
[90mstdout[2m | src/components/ChatSidebar.stories.jsx[2m > [22m[2m💬 Chat Sidebar / Sections Context
[22m[39m[SettingsContext] Setting up Settings subscription for user: mock-user-sub
[90mstdout[2m | src/components/ChatSidebar.stories.jsx[2m > [22m[2m💬 Chat Sidebar / Sections Context
[22m[39m[Mock Data] Settings created: mock-settings-1790417210190 - notified 0 subscribers
[90mstdout[2m | src/components/ChatSidebar.stories.jsx[2m > [22m[2m💬 Chat Sidebar / Sections Context
[22m[39m[Mock Data] Unit.onUpdate() subscription added. Total: 1
[90mstdout[2m | src/components/ChatSidebar.stories.jsx[2m > [22m[2m💬 Chat Sidebar / Sections Context
[22m[39m[SectionContext] Section observeQuery update: 0
[90mstdout[2m | src/components/ChatSidebar.stories.jsx[2m > [22m[2m💬 Chat Sidebar / Sections Context
[22m[39m[FilesContext] File observeQuery update: 0 files
[90mstdout[2m | src/components/ChatSidebar.stories.jsx[2m > [22m[2m💬 Chat Sidebar / Sections Context
[22m[39m[ChatContext] AssistantChat initialized with 1 chats
[90mstdout[2m | src/components/ChatSidebar.stories.jsx[2m > [22m[2m💬 Chat Sidebar / Sections Context
[22m[39m[ChatContext] Setting initial chat: mock-chat-sections
[90mstdout[2m | src/components/ChatSidebar.stories.jsx[2m > [22m[2m💬 Chat Sidebar / Sections Context
[22m[39m[MOCK CourseVectorStore] Initialized with mock data
[90mstdout[2m | src/components/ChatSidebar.stories.jsx[2m > [22m[2m💬 Chat Sidebar / Sections Context
[22m[39m[ChatSidebar] Loading messages for chat: mock-chat-sections count: 6
[90mstdout[2m | src/components/ChatSidebar.stories.jsx[2m > [22m[2m💬 Chat Sidebar / Sections Context
[22m[39m[ChatSidebar] deepCloneMessages: cloned 6 messages
[90mstdout[2m | src/components/ChatSidebar.stories.jsx[2m > [22m[2m💬 Chat Sidebar / Sections Context
[22m[39m[ChatContext] Chat exists and not archived, skipping creation
[90mstdout[2m | src/components/ChatSidebar.stories.jsx[2m > [22m[2m💬 Chat Sidebar / Sections Context
[22m[39m[Mock Storage] downloadData called with: undefined
[90mstdout[2m | src/components/ChatSidebar.stories.jsx[2m > [22m[2m💬 Chat Sidebar / Workbook Context
[22m[39m[ChatContext] Cleaning up subscriptions
[90mstdout[2m | src/components/ChatSidebar.stories.jsx[2m > [22m[2m💬 Chat Sidebar / Workbook Context
[22m[39m[Mock Data] Unit.onUpdate() subscription removed. Remaining: 0
[90mstdout[2m | src/components/ChatSidebar.stories.jsx[2m > [22m[2m💬 Chat Sidebar / Workbook Context
[22m[39m[chatTools] Vector store search function registered: false
[90mstdout[2m | src/components/ChatSidebar.stories.jsx[2m > [22m[2m💬 Chat Sidebar / Workbook Context
[22m[39m[chatTools] Practice drill callback registered: false
[90mstdout[2m | src/components/ChatSidebar.stories.jsx[2m > [22m[2m💬 Chat Sidebar / Workbook Context
[22m[39m[Preview] Skipped initializing default mock data (initializeMockData=false)
[90mstdout[2m | src/components/ChatSidebar.stories.jsx[2m > [22m[2m💬 Chat Sidebar / Workbook Context
[22m[39m[MOCK CourseVectorStore] Initialized with mock data
[90mstdout[2m | src/components/ChatSidebar.stories.jsx[2m > [22m[2m💬 Chat Sidebar / Workbook Context
[22m[39m[chatTools] Vector store search function registered: true
[90mstdout[2m | src/components/ChatSidebar.stories.jsx[2m > [22m[2m💬 Chat Sidebar / Workbook Context
[22m[39m[ChatSidebar] Registered vector store search, isReady: false
[90mstdout[2m | src/components/ChatSidebar.stories.jsx[2m > [22m[2m💬 Chat Sidebar / Workbook Context
[22m[39m[chatTools] Practice drill callback registered: true
[90mstdout[2m | src/components/ChatSidebar.stories.jsx[2m > [22m[2m💬 Chat Sidebar / Workbook Context
[22m[39m[TranslationModeController] Setting mode to: off
[90mstdout[2m | src/components/ChatSidebar.stories.jsx[2m > [22m[2m💬 Chat Sidebar / Workbook Context
[22m[39m[UnitContext] useEffect triggered {
  "authLoading": false,
  "hasUser": true,
  "id": "mock-unit-id",
  "userSub": "mock-user-sub",
}
[90mstdout[2m | src/components/ChatSidebar.stories.jsx[2m > [22m[2m💬 Chat Sidebar / Workbook Context
[22m[39m[UnitContext] Fetching unit data for id: mock-unit-id
[90mstdout[2m | src/components/ChatSidebar.stories.jsx[2m > [22m[2m💬 Chat Sidebar / Workbook Context
[22m[39m[FilesContext] Initializing vector store from IndexedDB
[90mstdout[2m | src/components/ChatSidebar.stories.jsx[2m > [22m[2m💬 Chat Sidebar / Workbook Context
[22m[39m[FilesContext] fetchFiles called
[90mstdout[2m | src/components/ChatSidebar.stories.jsx[2m > [22m[2m💬 Chat Sidebar / Workbook Context
[22m[39m[FilesContext] User authenticated: mock-user-sub
[90mstdout[2m | src/components/ChatSidebar.stories.jsx[2m > [22m[2m💬 Chat Sidebar / Workbook Context
[22m[39m[FilesContext] Identity ID: us-east-1:mock-identity-123
[90mstdout[2m | src/components/ChatSidebar.stories.jsx[2m > [22m[2m💬 Chat Sidebar / Workbook Context
[22m[39m[FilesContext] About to set up File observeQuery
[90mstdout[2m | src/components/ChatSidebar.stories.jsx[2m > [22m[2m💬 Chat Sidebar / Workbook Context
[22m[39m[ChatContext] Setting up AssistantChat observeQuery
[90mstdout[2m | src/components/ChatSidebar.stories.jsx[2m > [22m[2m💬 Chat Sidebar / Workbook Context
[22m[39m[ChatContext] Waiting for subscription to initialize
[90mstdout[2m | src/components/ChatSidebar.stories.jsx[2m > [22m[2m💬 Chat Sidebar / Workbook Context
[22m[39m[SettingsContext] Setting up Settings subscription for user: mock-user-sub
[90mstdout[2m | src/components/ChatSidebar.stories.jsx[2m > [22m[2m💬 Chat Sidebar / Workbook Context
[22m[39m[Mock Data] Settings created: mock-settings-1790417211998 - notified 0 subscribers
[90mstdout[2m | src/components/ChatSidebar.stories.jsx[2m > [22m[2m💬 Chat Sidebar / Workbook Context
[22m[39m[Mock Data] Unit.onUpdate() subscription added. Total: 1
[90mstdout[2m | src/components/ChatSidebar.stories.jsx[2m > [22m[2m💬 Chat Sidebar / Workbook Context
[22m[39m[SectionContext] Section observeQuery update: 0
[90mstdout[2m | src/components/ChatSidebar.stories.jsx[2m > [22m[2m💬 Chat Sidebar / Workbook Context
[22m[39m[FilesContext] File observeQuery update: 0 files
[90mstdout[2m | src/components/ChatSidebar.stories.jsx[2m > [22m[2m💬 Chat Sidebar / Workbook Context
[22m[39m[ChatContext] AssistantChat initialized with 1 chats
[90mstdout[2m | src/components/ChatSidebar.stories.jsx[2m > [22m[2m💬 Chat Sidebar / Workbook Context
[22m[39m[ChatContext] Setting initial chat: mock-chat-workbook
[90mstdout[2m | src/components/ChatSidebar.stories.jsx[2m > [22m[2m💬 Chat Sidebar / Workbook Context
[22m[39m[MOCK CourseVectorStore] Initialized with mock data
[90mstdout[2m | src/components/ChatSidebar.stories.jsx[2m > [22m[2m💬 Chat Sidebar / Workbook Context
[22m[39m[ChatSidebar] Loading messages for chat: mock-chat-workbook count: 6
[90mstdout[2m | src/components/ChatSidebar.stories.jsx[2m > [22m[2m💬 Chat Sidebar / Workbook Context
[22m[39m[ChatSidebar] deepCloneMessages: cloned 6 messages
[90mstdout[2m | src/components/ChatSidebar.stories.jsx[2m > [22m[2m💬 Chat Sidebar / Workbook Context
[22m[39m[ChatContext] Chat exists and not archived, skipping creation
[90mstdout[2m | src/components/ChatSidebar.stories.jsx[2m > [22m[2m💬 Chat Sidebar / Workbook Context
[22m[39m[Mock Storage] downloadData called with: undefined
[90mstdout[2m | src/components/ChatSidebar.stories.jsx[2m > [22m[2m💬 Chat Sidebar / Recording Studio Context
[22m[39m[ChatContext] Cleaning up subscriptions
[90mstdout[2m | src/components/ChatSidebar.stories.jsx[2m > [22m[2m💬 Chat Sidebar / Recording Studio Context
[22m[39m[Mock Data] Unit.onUpdate() subscription removed. Remaining: 0
[90mstdout[2m | src/components/ChatSidebar.stories.jsx[2m > [22m[2m💬 Chat Sidebar / Recording Studio Context
[22m[39m[chatTools] Vector store search function registered: false
[90mstdout[2m | src/components/ChatSidebar.stories.jsx[2m > [22m[2m💬 Chat Sidebar / Recording Studio Context
[22m[39m[chatTools] Practice drill callback registered: false
[90mstdout[2m | src/components/ChatSidebar.stories.jsx[2m > [22m[2m💬 Chat Sidebar / Recording Studio Context
[22m[39m[Preview] Skipped initializing default mock data (initializeMockData=false)
[90mstdout[2m | src/components/ChatSidebar.stories.jsx[2m > [22m[2m💬 Chat Sidebar / Recording Studio Context
[22m[39m[MOCK CourseVectorStore] Initialized with mock data
[90mstdout[2m | src/components/ChatSidebar.stories.jsx[2m > [22m[2m💬 Chat Sidebar / Recording Studio Context
[22m[39m[chatTools] Vector store search function registered: true
[90mstdout[2m | src/components/ChatSidebar.stories.jsx[2m > [22m[2m💬 Chat Sidebar / Recording Studio Context
[22m[39m[ChatSidebar] Registered vector store search, isReady: false
[90mstdout[2m | src/components/ChatSidebar.stories.jsx[2m > [22m[2m💬 Chat Sidebar / Recording Studio Context
[22m[39m[chatTools] Practice drill callback registered: true
[90mstdout[2m | src/components/ChatSidebar.stories.jsx[2m > [22m[2m💬 Chat Sidebar / Recording Studio Context
[22m[39m[TranslationModeController] Setting mode to: off
[90mstdout[2m | src/components/ChatSidebar.stories.jsx[2m > [22m[2m💬 Chat Sidebar / Recording Studio Context
[22m[39m[UnitContext] useEffect triggered {
  "authLoading": false,
  "hasUser": true,
  "id": "mock-unit-id",
  "userSub": "mock-user-sub",
}
[90mstdout[2m | src/components/ChatSidebar.stories.jsx[2m > [22m[2m💬 Chat Sidebar / Recording Studio Context
[22m[39m[UnitContext] Fetching unit data for id: mock-unit-id
[90mstdout[2m | src/components/ChatSidebar.stories.jsx[2m > [22m[2m💬 Chat Sidebar / Recording Studio Context
[22m[39m[FilesContext] Initializing vector store from IndexedDB
[90mstdout[2m | src/components/ChatSidebar.stories.jsx[2m > [22m[2m💬 Chat Sidebar / Recording Studio Context
[22m[39m[FilesContext] fetchFiles called
[90mstdout[2m | src/components/ChatSidebar.stories.jsx[2m > [22m[2m💬 Chat Sidebar / Recording Studio Context
[22m[39m[FilesContext] User authenticated: mock-user-sub
[90mstdout[2m | src/components/ChatSidebar.stories.jsx[2m > [22m[2m💬 Chat Sidebar / Recording Studio Context
[22m[39m[FilesContext] Identity ID: us-east-1:mock-identity-123
[90mstdout[2m | src/components/ChatSidebar.stories.jsx[2m > [22m[2m💬 Chat Sidebar / Recording Studio Context
[22m[39m[FilesContext] About to set up File observeQuery
[90mstdout[2m | src/components/ChatSidebar.stories.jsx[2m > [22m[2m💬 Chat Sidebar / Recording Studio Context
[22m[39m[ChatContext] Setting up AssistantChat observeQuery
[90mstdout[2m | src/components/ChatSidebar.stories.jsx[2m > [22m[2m💬 Chat Sidebar / Recording Studio Context
[22m[39m[ChatContext] Waiting for subscription to initialize
[90mstdout[2m | src/components/ChatSidebar.stories.jsx[2m > [22m[2m💬 Chat Sidebar / Recording Studio Context
[22m[39m[SettingsContext] Setting up Settings subscription for user: mock-user-sub
[90mstdout[2m | src/components/ChatSidebar.stories.jsx[2m > [22m[2m💬 Chat Sidebar / Recording Studio Context
[22m[39m[Mock Data] Settings created: mock-settings-1790417213130 - notified 0 subscribers
[90mstdout[2m | src/components/ChatSidebar.stories.jsx[2m > [22m[2m💬 Chat Sidebar / Recording Studio Context
[22m[39m[Mock Data] Unit.onUpdate() subscription added. Total: 1
[90mstdout[2m | src/components/ChatSidebar.stories.jsx[2m > [22m[2m💬 Chat Sidebar / Recording Studio Context
[22m[39m[SectionContext] Section observeQuery update: 0
[90mstdout[2m | src/components/ChatSidebar.stories.jsx[2m > [22m[2m💬 Chat Sidebar / Recording Studio Context
[22m[39m[FilesContext] File observeQuery update: 0 files
[90mstdout[2m | src/components/ChatSidebar.stories.jsx[2m > [22m[2m💬 Chat Sidebar / Recording Studio Context
[22m[39m[ChatContext] AssistantChat initialized with 1 chats
[90mstdout[2m | src/components/ChatSidebar.stories.jsx[2m > [22m[2m💬 Chat Sidebar / Recording Studio Context
[22m[39m[ChatContext] Setting initial chat: mock-chat-recording-studio
[90mstdout[2m | src/components/ChatSidebar.stories.jsx[2m > [22m[2m💬 Chat Sidebar / Recording Studio Context
[22m[39m[MOCK CourseVectorStore] Initialized with mock data
[90mstdout[2m | src/components/ChatSidebar.stories.jsx[2m > [22m[2m💬 Chat Sidebar / Recording Studio Context
[22m[39m[ChatSidebar] Loading messages for chat: mock-chat-recording-studio count: 4
[90mstdout[2m | src/components/ChatSidebar.stories.jsx[2m > [22m[2m💬 Chat Sidebar / Recording Studio Context
[22m[39m[ChatSidebar] deepCloneMessages: cloned 4 messages
[90mstdout[2m | src/components/ChatSidebar.stories.jsx[2m > [22m[2m💬 Chat Sidebar / Recording Studio Context
[22m[39m[ChatContext] Chat exists and not archived, skipping creation
[90mstdout[2m | src/components/ChatSidebar.stories.jsx[2m > [22m[2m💬 Chat Sidebar / Recording Studio Context
[22m[39m[Mock Storage] downloadData called with: undefined
[90mstdout[2m | src/components/ChatSidebar.stories.jsx[2m > [22m[2m💬 Chat Sidebar / Dictionary & Search Context
[22m[39m[ChatContext] Cleaning up subscriptions
[90mstdout[2m | src/components/ChatSidebar.stories.jsx[2m > [22m[2m💬 Chat Sidebar / Dictionary & Search Context
[22m[39m[Mock Data] Unit.onUpdate() subscription removed. Remaining: 0
[90mstdout[2m | src/components/ChatSidebar.stories.jsx[2m > [22m[2m💬 Chat Sidebar / Dictionary & Search Context
[22m[39m[chatTools] Vector store search function registered: false
[90mstdout[2m | src/components/ChatSidebar.stories.jsx[2m > [22m[2m💬 Chat Sidebar / Dictionary & Search Context
[22m[39m[chatTools] Practice drill callback registered: false
[90mstdout[2m | src/components/ChatSidebar.stories.jsx[2m > [22m[2m💬 Chat Sidebar / Dictionary & Search Context
[22m[39m[Preview] Skipped initializing default mock data (initializeMockData=false)
[90mstdout[2m | src/components/ChatSidebar.stories.jsx[2m > [22m[2m💬 Chat Sidebar / Dictionary & Search Context
[22m[39m[MOCK CourseVectorStore] Initialized with mock data
[90mstdout[2m | src/components/ChatSidebar.stories.jsx[2m > [22m[2m💬 Chat Sidebar / Dictionary & Search Context
[22m[39m[Mock Data] seedMockWords: Adding 12 words
[90mstdout[2m | src/components/ChatSidebar.stories.jsx[2m > [22m[2m💬 Chat Sidebar / Dictionary & Search Context
[22m[39m[Mock Data] seedMockQuestions: Adding 6 questions
[90mstdout[2m | src/components/ChatSidebar.stories.jsx[2m > [22m[2m💬 Chat Sidebar / Dictionary & Search Context
[22m[39m[chatTools] Vector store search function registered: true
[90mstdout[2m | src/components/ChatSidebar.stories.jsx[2m > [22m[2m💬 Chat Sidebar / Dictionary & Search Context
[22m[39m[ChatSidebar] Registered vector store search, isReady: false
[90mstdout[2m | src/components/ChatSidebar.stories.jsx[2m > [22m[2m💬 Chat Sidebar / Dictionary & Search Context
[22m[39m[chatTools] Practice drill callback registered: true
[90mstdout[2m | src/components/ChatSidebar.stories.jsx[2m > [22m[2m💬 Chat Sidebar / Dictionary & Search Context
[22m[39m[TranslationModeController] Setting mode to: off
[90mstdout[2m | src/components/ChatSidebar.stories.jsx[2m > [22m[2m💬 Chat Sidebar / Dictionary & Search Context
[22m[39m[UnitContext] useEffect triggered {
  "authLoading": false,
  "hasUser": true,
  "id": "mock-unit-id",
  "userSub": "mock-user-sub",
}
[90mstdout[2m | src/components/ChatSidebar.stories.jsx[2m > [22m[2m💬 Chat Sidebar / Dictionary & Search Context
[22m[39m[UnitContext] Fetching unit data for id: mock-unit-id
[90mstdout[2m | src/components/ChatSidebar.stories.jsx[2m > [22m[2m💬 Chat Sidebar / Dictionary & Search Context
[22m[39m[FilesContext] Initializing vector store from IndexedDB
[90mstdout[2m | src/components/ChatSidebar.stories.jsx[2m > [22m[2m💬 Chat Sidebar / Dictionary & Search Context
[22m[39m[FilesContext] fetchFiles called
[90mstdout[2m | src/components/ChatSidebar.stories.jsx[2m > [22m[2m💬 Chat Sidebar / Dictionary & Search Context
[22m[39m[FilesContext] User authenticated: mock-user-sub
[90mstdout[2m | src/components/ChatSidebar.stories.jsx[2m > [22m[2m💬 Chat Sidebar / Dictionary & Search Context
[22m[39m[FilesContext] Identity ID: us-east-1:mock-identity-123
[90mstdout[2m | src/components/ChatSidebar.stories.jsx[2m > [22m[2m💬 Chat Sidebar / Dictionary & Search Context
[22m[39m[FilesContext] About to set up File observeQuery
[90mstdout[2m | src/components/ChatSidebar.stories.jsx[2m > [22m[2m💬 Chat Sidebar / Dictionary & Search Context
[22m[39m[ChatContext] Setting up AssistantChat observeQuery
[90mstdout[2m | src/components/ChatSidebar.stories.jsx[2m > [22m[2m💬 Chat Sidebar / Dictionary & Search Context
[22m[39m[ChatContext] Waiting for subscription to initialize
[90mstdout[2m | src/components/ChatSidebar.stories.jsx[2m > [22m[2m💬 Chat Sidebar / Dictionary & Search Context
[22m[39m[SettingsContext] Setting up Settings subscription for user: mock-user-sub
[90mstdout[2m | src/components/ChatSidebar.stories.jsx[2m > [22m[2m💬 Chat Sidebar / Dictionary & Search Context
[22m[39m[Mock Data] Settings created: mock-settings-1790417214000 - notified 0 subscribers
[90mstdout[2m | src/components/ChatSidebar.stories.jsx[2m > [22m[2m💬 Chat Sidebar / Dictionary & Search Context
[22m[39m[Mock Data] Unit.onUpdate() subscription added. Total: 1
[90mstdout[2m | src/components/ChatSidebar.stories.jsx[2m > [22m[2m💬 Chat Sidebar / Dictionary & Search Context
[22m[39m[SectionContext] Section observeQuery update: 0
[90mstdout[2m | src/components/ChatSidebar.stories.jsx[2m > [22m[2m💬 Chat Sidebar / Dictionary & Search Context
[22m[39m[FilesContext] File observeQuery update: 0 files
[90mstdout[2m | src/components/ChatSidebar.stories.jsx[2m > [22m[2m💬 Chat Sidebar / Dictionary & Search Context
[22m[39m[ChatContext] AssistantChat initialized with 1 chats
[90mstdout[2m | src/components/ChatSidebar.stories.jsx[2m > [22m[2m💬 Chat Sidebar / Dictionary & Search Context
[22m[39m[ChatContext] Setting initial chat: mock-chat-dictionary-search
[90mstdout[2m | src/components/ChatSidebar.stories.jsx[2m > [22m[2m💬 Chat Sidebar / Dictionary & Search Context
[22m[39m[MOCK CourseVectorStore] Initialized with mock data
[90mstdout[2m | src/components/ChatSidebar.stories.jsx[2m > [22m[2m💬 Chat Sidebar / Dictionary & Search Context
[22m[39m[ChatSidebar] Loading messages for chat: mock-chat-dictionary-search count: 6
[90mstdout[2m | src/components/ChatSidebar.stories.jsx[2m > [22m[2m💬 Chat Sidebar / Dictionary & Search Context
[22m[39m[ChatSidebar] deepCloneMessages: cloned 6 messages
[90mstdout[2m | src/components/ChatSidebar.stories.jsx[2m > [22m[2m💬 Chat Sidebar / Dictionary & Search Context
[22m[39m[ChatContext] Chat exists and not archived, skipping creation
[90mstdout[2m | src/components/ChatSidebar.stories.jsx[2m > [22m[2m💬 Chat Sidebar / Dictionary & Search Context
[22m[39m[Mock Storage] downloadData called with: undefined
 [32m✓[39m [30m[45m storybook (chromium) [49m[39m src/components/ChatSidebar.stories.jsx [2m([22m[2m20 tests[22m[2m)[22m[33m 31401[2mms[22m[39m
   [33m[2m✓[22m[39m Getting Started [33m 2854[2mms[22m[39m
   [33m[2m✓[22m[39m Translation Helper [33m 622[2mms[22m[39m
   [33m[2m✓[22m[39m Content Creation [33m 2157[2mms[22m[39m
   [33m[2m✓[22m[39m With File Attachments [33m 726[2mms[22m[39m
   [33m[2m✓[22m[39m Quiz Generator [33m 943[2mms[22m[39m
   [33m[2m✓[22m[39m Answer Block Generator [33m 1185[2mms[22m[39m
   [33m[2m✓[22m[39m Meaning Association Generator [33m 1231[2mms[22m[39m
   [33m[2m✓[22m[39m Custom Answer Generator [33m 1180[2mms[22m[39m
   [33m[2m✓[22m[39m Grammar Explainer [33m 822[2mms[22m[39m
   [33m[2m✓[22m[39m Conversation History [33m 2645[2mms[22m[39m
   [33m[2m✓[22m[39m Tool Call Search [33m 1337[2mms[22m[39m
   [33m[2m✓[22m[39m Tool Call Create Unit [33m 780[2mms[22m[39m
   [33m[2m✓[22m[39m Tool Call Generate Content [33m 1402[2mms[22m[39m
   [33m[2m✓[22m[39m Tool Call Multi Step [33m 1318[2mms[22m[39m
   [33m[2m✓[22m[39m 💬 Chat Sidebar / Unit Editor Context [33m 5334[2mms[22m[39m
   [33m[2m✓[22m[39m 💬 Chat Sidebar / Dashboard Context [33m 938[2mms[22m[39m
   [33m[2m✓[22m[39m 💬 Chat Sidebar / Sections Context [33m 1634[2mms[22m[39m
   [33m[2m✓[22m[39m 💬 Chat Sidebar / Workbook Context [33m 1220[2mms[22m[39m
   [33m[2m✓[22m[39m 💬 Chat Sidebar / Recording Studio Context [33m 946[2mms[22m[39m
   [33m[2m✓[22m[39m 💬 Chat Sidebar / Dictionary & Search Context [33m 2127[2mms[22m[39m
[90mstdout[2m | unknown test
[22m[39m[MOCK vectorStoreDB.js] Module loaded - mock IndexedDB operations
[90mstdout[2m | unknown test
[22m[39m[Task Completion] DOM action listeners initialized
[90mstdout[2m | unknown test
[22m[39m[Task Completion] Auto-completion detector initialized
[90mstdout[2m | unknown test
[22m[39m[Preview] Task completion detector initialized
[90mstdout[2m | .storybook/docs/QuickTour-AI.stories.tsx[2m > [22m[2m1. Start a Conversation
[22m[39m[MOCK CourseVectorStore] Initialized with mock data
[90mstdout[2m | .storybook/docs/QuickTour-AI.stories.tsx[2m > [22m[2m1. Start a Conversation
[22m[39m[chatTools] Vector store search function registered: true
[90mstdout[2m | .storybook/docs/QuickTour-AI.stories.tsx[2m > [22m[2m1. Start a Conversation
[22m[39m[ChatSidebar] Registered vector store search, isReady: false
[90mstdout[2m | .storybook/docs/QuickTour-AI.stories.tsx[2m > [22m[2m1. Start a Conversation
[22m[39m[chatTools] Practice drill callback registered: true
[90mstdout[2m | .storybook/docs/QuickTour-AI.stories.tsx[2m > [22m[2m1. Start a Conversation
[22m[39m[TranslationModeController] Setting mode to: off
[90mstdout[2m | .storybook/docs/QuickTour-AI.stories.tsx[2m > [22m[2m1. Start a Conversation
[22m[39m[UnitContext] useEffect triggered {
  "authLoading": false,
  "hasUser": true,
  "id": "mock-unit-id",
  "userSub": "mock-user-sub",
}
[90mstdout[2m | .storybook/docs/QuickTour-AI.stories.tsx[2m > [22m[2m1. Start a Conversation
[22m[39m[UnitContext] Fetching unit data for id: mock-unit-id
[90mstdout[2m | .storybook/docs/QuickTour-AI.stories.tsx[2m > [22m[2m1. Start a Conversation
[22m[39m[FilesContext] Initializing vector store from IndexedDB
[90mstdout[2m | .storybook/docs/QuickTour-AI.stories.tsx[2m > [22m[2m1. Start a Conversation
[22m[39m[FilesContext] fetchFiles called
[90mstdout[2m | .storybook/docs/QuickTour-AI.stories.tsx[2m > [22m[2m1. Start a Conversation
[22m[39m[FilesContext] User authenticated: mock-user-sub
[90mstdout[2m | .storybook/docs/QuickTour-AI.stories.tsx[2m > [22m[2m1. Start a Conversation
[22m[39m[FilesContext] Identity ID: us-east-1:mock-identity-123
[90mstdout[2m | .storybook/docs/QuickTour-AI.stories.tsx[2m > [22m[2m1. Start a Conversation
[22m[39m[FilesContext] About to set up File observeQuery
[90mstdout[2m | .storybook/docs/QuickTour-AI.stories.tsx[2m > [22m[2m1. Start a Conversation
[22m[39m[ChatContext] Setting up AssistantChat observeQuery
[90mstdout[2m | .storybook/docs/QuickTour-AI.stories.tsx[2m > [22m[2m1. Start a Conversation
[22m[39m[ChatContext] Waiting for subscription to initialize
[90mstdout[2m | .storybook/docs/QuickTour-AI.stories.tsx[2m > [22m[2m1. Start a Conversation
[22m[39m[SettingsContext] Setting up Settings subscription for user: mock-user-sub
[90mstdout[2m | .storybook/docs/QuickTour-AI.stories.tsx[2m > [22m[2m1. Start a Conversation
[22m[39m[Mock Data] Settings created: mock-settings-1790417231046 - notified 0 subscribers
[90mstdout[2m | .storybook/docs/QuickTour-AI.stories.tsx[2m > [22m[2m1. Start a Conversation
[22m[39m[Mock Data] Unit.onUpdate() subscription added. Total: 1
[90mstdout[2m | .storybook/docs/QuickTour-AI.stories.tsx[2m > [22m[2m1. Start a Conversation
[22m[39m[SectionContext] Section observeQuery update: 0
[90mstdout[2m | .storybook/docs/QuickTour-AI.stories.tsx[2m > [22m[2m1. Start a Conversation
[22m[39m[FilesContext] File observeQuery update: 6 files
[90mstdout[2m | .storybook/docs/QuickTour-AI.stories.tsx[2m > [22m[2m1. Start a Conversation
[22m[39m[ChatContext] AssistantChat initialized with 1 chats
[90mstdout[2m | .storybook/docs/QuickTour-AI.stories.tsx[2m > [22m[2m1. Start a Conversation
[22m[39m[ChatContext] Setting initial chat: tour-chat-1
[90mstdout[2m | .storybook/docs/QuickTour-AI.stories.tsx[2m > [22m[2m1. Start a Conversation
[22m[39m[MOCK CourseVectorStore] Initialized with mock data
[90mstdout[2m | .storybook/docs/QuickTour-AI.stories.tsx[2m > [22m[2m1. Start a Conversation
[22m[39m[ChatSidebar] Loading messages for chat: tour-chat-1 count: 0
[90mstdout[2m | .storybook/docs/QuickTour-AI.stories.tsx[2m > [22m[2m1. Start a Conversation
[22m[39m[ChatSidebar] deepCloneMessages: returning empty array
[90mstdout[2m | .storybook/docs/QuickTour-AI.stories.tsx[2m > [22m[2m1. Start a Conversation
[22m[39m[FilesContext] Vector store population triggered {
  "currentVectorStoreSize": 3,
  "documentsCount": 0,
  "filesCount": 6,
  "isInitialLoad": true,
}
[90mstdout[2m | .storybook/docs/QuickTour-AI.stories.tsx[2m > [22m[2m1. Start a Conversation
[22m[39m[FilesContext] Vector store population complete - 3 total embeddings
[90mstdout[2m | .storybook/docs/QuickTour-AI.stories.tsx[2m > [22m[2m1. Start a Conversation
[22m[39m[ChatContext] Chat exists and not archived, skipping creation
[90mstdout[2m | .storybook/docs/QuickTour-AI.stories.tsx[2m > [22m[2m1. Start a Conversation
[22m[39m[Mock Storage] downloadData called with: undefined
[90mstdout[2m | .storybook/docs/QuickTour-AI.stories.tsx[2m > [22m[2m1. Start a Conversation
[22m[39m[ChatSidebar] Custom fetch routing to local /api/chat route, ignoring AI SDK url: /api/chat
[90mstdout[2m | .storybook/docs/QuickTour-AI.stories.tsx[2m > [22m[2m1. Start a Conversation
[22m[39m[ChatSidebar] Sending request to /api/chat: {
  "filesCount": 0,
  "hasUnit": true,
  "questionsCount": 0,
  "wordsCount": 0,
}
[90mstdout[2m | .storybook/docs/QuickTour-AI.stories.tsx[2m > [22m[2m1. Start a Conversation
[22m[39m[Mock Fetch] Intercepted /api/chat
[90mstdout[2m | .storybook/docs/QuickTour-AI.stories.tsx[2m > [22m[2m1. Start a Conversation
[22m[39m[Mock Chat API] Received: {
  "context": {
    "courseOutline": null,
    "dictionary": [],
    "files": [],
    "grade": null,
    "questionBank": [],
    "sectionId": null,
    "sections": [],
    "studentMemory": null,
    "unit": {
      "content": "",
      "description": "A mock unit for Storybook development",
      "headingContext": {
        "headingPath": [],
        "suggestedNextHeading": "h1",
      },
      "id": "mock-unit-id",
      "name": "Sample Unit",
    },
  },
  "messages": [
    {
      "id": "RBXQnUyKf0m1rV78",
      "parts": [
        {
          "text": "Help me create a lesson about Japanese greetings",
          "type": "text",
        },
      ],
      "role": "user",
    },
  ],
}
[90mstdout[2m | .storybook/docs/QuickTour-AI.stories.tsx[2m > [22m[2m1. Start a Conversation
[22m[39m[ChatSidebar] Response received: {
  "ok": true,
  "status": 200,
}
[90mstdout[2m | .storybook/docs/QuickTour-AI.stories.tsx[2m > [22m[2m2. AI Tool Calls
[22m[39m[ChatContext] Cleaning up subscriptions
[90mstdout[2m | .storybook/docs/QuickTour-AI.stories.tsx[2m > [22m[2m2. AI Tool Calls
[22m[39m[Mock Data] Unit.onUpdate() subscription removed. Remaining: 0
[90mstdout[2m | .storybook/docs/QuickTour-AI.stories.tsx[2m > [22m[2m2. AI Tool Calls
[22m[39m[chatTools] Vector store search function registered: false
[90mstdout[2m | .storybook/docs/QuickTour-AI.stories.tsx[2m > [22m[2m2. AI Tool Calls
[22m[39m[chatTools] Practice drill callback registered: false
[90mstdout[2m | .storybook/docs/QuickTour-AI.stories.tsx[2m > [22m[2m2. AI Tool Calls
[22m[39m[Mock Data] AssistantChat updated: tour-chat-1 - notified 0 subscribers
[90mstdout[2m | .storybook/docs/QuickTour-AI.stories.tsx[2m > [22m[2m2. AI Tool Calls
[22m[39m[MOCK CourseVectorStore] Initialized with mock data
[90mstdout[2m | .storybook/docs/QuickTour-AI.stories.tsx[2m > [22m[2m2. AI Tool Calls
[22m[39m[Mock Data] seedMockWords: Adding 0 words
[90mstdout[2m | .storybook/docs/QuickTour-AI.stories.tsx[2m > [22m[2m2. AI Tool Calls
[22m[39m[Mock Data] seedMockQuestions: Adding 0 questions
[90mstdout[2m | .storybook/docs/QuickTour-AI.stories.tsx[2m > [22m[2m2. AI Tool Calls
[22m[39m[chatTools] Vector store search function registered: true
[90mstdout[2m | .storybook/docs/QuickTour-AI.stories.tsx[2m > [22m[2m2. AI Tool Calls
[22m[39m[ChatSidebar] Registered vector store search, isReady: false
[90mstdout[2m | .storybook/docs/QuickTour-AI.stories.tsx[2m > [22m[2m2. AI Tool Calls
[22m[39m[chatTools] Practice drill callback registered: true
[90mstdout[2m | .storybook/docs/QuickTour-AI.stories.tsx[2m > [22m[2m2. AI Tool Calls
[22m[39m[TranslationModeController] Setting mode to: off
[90mstdout[2m | .storybook/docs/QuickTour-AI.stories.tsx[2m > [22m[2m2. AI Tool Calls
[22m[39m[UnitContext] useEffect triggered {
  "authLoading": false,
  "hasUser": true,
  "id": "mock-unit-id",
  "userSub": "mock-user-sub",
}
[90mstdout[2m | .storybook/docs/QuickTour-AI.stories.tsx[2m > [22m[2m2. AI Tool Calls
[22m[39m[UnitContext] Fetching unit data for id: mock-unit-id
[90mstdout[2m | .storybook/docs/QuickTour-AI.stories.tsx[2m > [22m[2m2. AI Tool Calls
[22m[39m[FilesContext] Initializing vector store from IndexedDB
[90mstdout[2m | .storybook/docs/QuickTour-AI.stories.tsx[2m > [22m[2m2. AI Tool Calls
[22m[39m[FilesContext] fetchFiles called
[90mstdout[2m | .storybook/docs/QuickTour-AI.stories.tsx[2m > [22m[2m2. AI Tool Calls
[22m[39m[FilesContext] User authenticated: mock-user-sub
[90mstdout[2m | .storybook/docs/QuickTour-AI.stories.tsx[2m > [22m[2m2. AI Tool Calls
[22m[39m[FilesContext] Identity ID: us-east-1:mock-identity-123
[90mstdout[2m | .storybook/docs/QuickTour-AI.stories.tsx[2m > [22m[2m2. AI Tool Calls
[22m[39m[FilesContext] About to set up File observeQuery
[90mstdout[2m | .storybook/docs/QuickTour-AI.stories.tsx[2m > [22m[2m2. AI Tool Calls
[22m[39m[ChatContext] Setting up AssistantChat observeQuery
[90mstdout[2m | .storybook/docs/QuickTour-AI.stories.tsx[2m > [22m[2m2. AI Tool Calls
[22m[39m[ChatContext] Waiting for subscription to initialize
[90mstdout[2m | .storybook/docs/QuickTour-AI.stories.tsx[2m > [22m[2m2. AI Tool Calls
[22m[39m[SettingsContext] Setting up Settings subscription for user: mock-user-sub
[90mstdout[2m | .storybook/docs/QuickTour-AI.stories.tsx[2m > [22m[2m2. AI Tool Calls
[22m[39m[Mock Data] Settings created: mock-settings-1790417238181 - notified 0 subscribers
[90mstdout[2m | .storybook/docs/QuickTour-AI.stories.tsx[2m > [22m[2m2. AI Tool Calls
[22m[39m[Mock Data] Unit.onUpdate() subscription added. Total: 1
[90mstdout[2m | .storybook/docs/QuickTour-AI.stories.tsx[2m > [22m[2m2. AI Tool Calls
[22m[39m[SectionContext] Section observeQuery update: 0
[90mstdout[2m | .storybook/docs/QuickTour-AI.stories.tsx[2m > [22m[2m2. AI Tool Calls
[22m[39m[FilesContext] File observeQuery update: 6 files
[90mstdout[2m | .storybook/docs/QuickTour-AI.stories.tsx[2m > [22m[2m2. AI Tool Calls
[22m[39m[ChatContext] AssistantChat initialized with 1 chats
[90mstdout[2m | .storybook/docs/QuickTour-AI.stories.tsx[2m > [22m[2m2. AI Tool Calls
[22m[39m[ChatContext] Setting initial chat: tour-chat-tools
[90mstdout[2m | .storybook/docs/QuickTour-AI.stories.tsx[2m > [22m[2m2. AI Tool Calls
[22m[39m[MOCK CourseVectorStore] Initialized with mock data
[90mstdout[2m | .storybook/docs/QuickTour-AI.stories.tsx[2m > [22m[2m2. AI Tool Calls
[22m[39m[ChatSidebar] Loading messages for chat: tour-chat-tools count: 0
[90mstdout[2m | .storybook/docs/QuickTour-AI.stories.tsx[2m > [22m[2m2. AI Tool Calls
[22m[39m[ChatSidebar] deepCloneMessages: returning empty array
[90mstdout[2m | .storybook/docs/QuickTour-AI.stories.tsx[2m > [22m[2m2. AI Tool Calls
[22m[39m[FilesContext] Vector store population triggered {
  "currentVectorStoreSize": 3,
  "documentsCount": 0,
  "filesCount": 6,
  "isInitialLoad": true,
}
[90mstdout[2m | .storybook/docs/QuickTour-AI.stories.tsx[2m > [22m[2m2. AI Tool Calls
[22m[39m[FilesContext] Vector store population complete - 3 total embeddings
[90mstdout[2m | .storybook/docs/QuickTour-AI.stories.tsx[2m > [22m[2m2. AI Tool Calls
[22m[39m[ChatContext] Chat exists and not archived, skipping creation
[90mstdout[2m | .storybook/docs/QuickTour-AI.stories.tsx[2m > [22m[2m2. AI Tool Calls
[22m[39m[Mock Storage] downloadData called with: undefined
[90mstdout[2m | .storybook/docs/QuickTour-AI.stories.tsx[2m > [22m[2m2. AI Tool Calls
[22m[39m[ChatSidebar] Message finished: {
  "finishReason": undefined,
  "isAbort": false,
  "isDisconnect": false,
  "isError": false,
  "message": {
    "id": "QzqhC8YJR0AsmGXH",
    "metadata": undefined,
    "parts": [],
    "role": "assistant",
  },
  "messages": [
    {
      "id": "RBXQnUyKf0m1rV78",
      "metadata": undefined,
      "parts": [
        {
          "text": "Help me create a lesson about Japanese greetings",
          "type": "text",
        },
      ],
      "role": "user",
    },
  ],
}
[90mstdout[2m | .storybook/docs/QuickTour-AI.stories.tsx[2m > [22m[2m2. AI Tool Calls
[22m[39m[ChatSidebar] deepCloneMessages: cloned 1 messages
[90mstdout[2m | .storybook/docs/QuickTour-AI.stories.tsx[2m > [22m[2m2. AI Tool Calls
[22m[39m[ChatSidebar] Custom fetch routing to local /api/chat route, ignoring AI SDK url: /api/chat
[90mstdout[2m | .storybook/docs/QuickTour-AI.stories.tsx[2m > [22m[2m2. AI Tool Calls
[22m[39m[ChatSidebar] Sending request to /api/chat: {
  "filesCount": 0,
  "hasUnit": true,
  "questionsCount": 0,
  "wordsCount": 0,
}
[90mstdout[2m | .storybook/docs/QuickTour-AI.stories.tsx[2m > [22m[2m2. AI Tool Calls
[22m[39m[Mock Fetch] Intercepted /api/chat
[90mstdout[2m | .storybook/docs/QuickTour-AI.stories.tsx[2m > [22m[2m2. AI Tool Calls
[22m[39m[Mock Chat API] Received: {
  "context": {
    "courseOutline": null,
    "dictionary": [],
    "files": [],
    "grade": null,
    "questionBank": [],
    "sectionId": null,
    "sections": [],
    "studentMemory": null,
    "unit": {
      "content": "",
      "description": "A mock unit for Storybook development",
      "headingContext": {
        "headingPath": [],
        "suggestedNextHeading": "h1",
      },
      "id": "mock-unit-id",
      "name": "Sample Unit",
    },
  },
  "messages": [
    {
      "id": "FaOX5s0BqBDjVcrr",
      "parts": [
        {
          "text": "Search my vocabulary for greetings",
          "type": "text",
        },
      ],
      "role": "user",
    },
  ],
}
[90mstdout[2m | .storybook/docs/QuickTour-AI.stories.tsx[2m > [22m[2m2. AI Tool Calls
[22m[39m[ChatSidebar] Response received: {
  "ok": true,
  "status": 200,
}
[90mstdout[2m | .storybook/docs/QuickTour-AI.stories.tsx[2m > [22m[2m2. AI Tool Calls
[22m[39m[ChatSidebar] Message finished: {
  "finishReason": undefined,
  "isAbort": false,
  "isDisconnect": false,
  "isError": false,
  "message": {
    "id": "d2byaFei23kdbi8f",
    "metadata": undefined,
    "parts": [],
    "role": "assistant",
  },
  "messages": [
    {
      "id": "FaOX5s0BqBDjVcrr",
      "metadata": undefined,
      "parts": [
        {
          "text": "Search my vocabulary for greetings",
          "type": "text",
        },
      ],
      "role": "user",
    },
  ],
}
[90mstdout[2m | .storybook/docs/QuickTour-AI.stories.tsx[2m > [22m[2m2. AI Tool Calls
[22m[39m[ChatSidebar] deepCloneMessages: cloned 1 messages
[90mstdout[2m | .storybook/docs/QuickTour-AI.stories.tsx[2m > [22m[2m3. Generate Content
[22m[39m[ChatContext] Cleaning up subscriptions
[90mstdout[2m | .storybook/docs/QuickTour-AI.stories.tsx[2m > [22m[2m3. Generate Content
[22m[39m[Mock Data] Unit.onUpdate() subscription removed. Remaining: 0
[90mstdout[2m | .storybook/docs/QuickTour-AI.stories.tsx[2m > [22m[2m3. Generate Content
[22m[39m[chatTools] Vector store search function registered: false
[90mstdout[2m | .storybook/docs/QuickTour-AI.stories.tsx[2m > [22m[2m3. Generate Content
[22m[39m[chatTools] Practice drill callback registered: false
[90mstdout[2m | .storybook/docs/QuickTour-AI.stories.tsx[2m > [22m[2m3. Generate Content
[22m[39m[Mock Data] AssistantChat updated: tour-chat-tools - notified 0 subscribers
[90mstdout[2m | .storybook/docs/QuickTour-AI.stories.tsx[2m > [22m[2m3. Generate Content
[22m[39m[MOCK CourseVectorStore] Initialized with mock data
[90mstdout[2m | .storybook/docs/QuickTour-AI.stories.tsx[2m > [22m[2m3. Generate Content
[22m[39m[chatTools] Vector store search function registered: true
[90mstdout[2m | .storybook/docs/QuickTour-AI.stories.tsx[2m > [22m[2m3. Generate Content
[22m[39m[ChatSidebar] Registered vector store search, isReady: false
[90mstdout[2m | .storybook/docs/QuickTour-AI.stories.tsx[2m > [22m[2m3. Generate Content
[22m[39m[chatTools] Practice drill callback registered: true
[90mstdout[2m | .storybook/docs/QuickTour-AI.stories.tsx[2m > [22m[2m3. Generate Content
[22m[39m[TranslationModeController] Setting mode to: off
[90mstdout[2m | .storybook/docs/QuickTour-AI.stories.tsx[2m > [22m[2m3. Generate Content
[22m[39m[UnitContext] useEffect triggered {
  "authLoading": false,
  "hasUser": true,
  "id": "mock-unit-id",
  "userSub": "mock-user-sub",
}
[90mstdout[2m | .storybook/docs/QuickTour-AI.stories.tsx[2m > [22m[2m3. Generate Content
[22m[39m[UnitContext] Fetching unit data for id: mock-unit-id
[90mstdout[2m | .storybook/docs/QuickTour-AI.stories.tsx[2m > [22m[2m3. Generate Content
[22m[39m[FilesContext] Initializing vector store from IndexedDB
[90mstdout[2m | .storybook/docs/QuickTour-AI.stories.tsx[2m > [22m[2m3. Generate Content
[22m[39m[FilesContext] fetchFiles called
[90mstdout[2m | .storybook/docs/QuickTour-AI.stories.tsx[2m > [22m[2m3. Generate Content
[22m[39m[FilesContext] User authenticated: mock-user-sub
[90mstdout[2m | .storybook/docs/QuickTour-AI.stories.tsx[2m > [22m[2m3. Generate Content
[22m[39m[FilesContext] Identity ID: us-east-1:mock-identity-123
[90mstdout[2m | .storybook/docs/QuickTour-AI.stories.tsx[2m > [22m[2m3. Generate Content
[22m[39m[FilesContext] About to set up File observeQuery
[90mstdout[2m | .storybook/docs/QuickTour-AI.stories.tsx[2m > [22m[2m3. Generate Content
[22m[39m[ChatContext] Setting up AssistantChat observeQuery
[90mstdout[2m | .storybook/docs/QuickTour-AI.stories.tsx[2m > [22m[2m3. Generate Content
[22m[39m[ChatContext] Waiting for subscription to initialize
[90mstdout[2m | .storybook/docs/QuickTour-AI.stories.tsx[2m > [22m[2m3. Generate Content
[22m[39m[SettingsContext] Setting up Settings subscription for user: mock-user-sub
[90mstdout[2m | .storybook/docs/QuickTour-AI.stories.tsx[2m > [22m[2m3. Generate Content
[22m[39m[Mock Data] Settings created: mock-settings-1790417244606 - notified 0 subscribers
[90mstdout[2m | .storybook/docs/QuickTour-AI.stories.tsx[2m > [22m[2m3. Generate Content
[22m[39m[Mock Data] Unit.onUpdate() subscription added. Total: 1
[90mstdout[2m | .storybook/docs/QuickTour-AI.stories.tsx[2m > [22m[2m3. Generate Content
[22m[39m[SectionContext] Section observeQuery update: 0
[90mstdout[2m | .storybook/docs/QuickTour-AI.stories.tsx[2m > [22m[2m3. Generate Content
[22m[39m[FilesContext] File observeQuery update: 6 files
[90mstdout[2m | .storybook/docs/QuickTour-AI.stories.tsx[2m > [22m[2m3. Generate Content
[22m[39m[ChatContext] AssistantChat initialized with 1 chats
[90mstdout[2m | .storybook/docs/QuickTour-AI.stories.tsx[2m > [22m[2m3. Generate Content
[22m[39m[ChatContext] Setting initial chat: tour-chat-quiz
[90mstdout[2m | .storybook/docs/QuickTour-AI.stories.tsx[2m > [22m[2m3. Generate Content
[22m[39m[MOCK CourseVectorStore] Initialized with mock data
[90mstdout[2m | .storybook/docs/QuickTour-AI.stories.tsx[2m > [22m[2m3. Generate Content
[22m[39m[ChatSidebar] Loading messages for chat: tour-chat-quiz count: 0
[90mstdout[2m | .storybook/docs/QuickTour-AI.stories.tsx[2m > [22m[2m3. Generate Content
[22m[39m[ChatSidebar] deepCloneMessages: returning empty array
[90mstdout[2m | .storybook/docs/QuickTour-AI.stories.tsx[2m > [22m[2m3. Generate Content
[22m[39m[FilesContext] Vector store population triggered {
  "currentVectorStoreSize": 3,
  "documentsCount": 0,
  "filesCount": 6,
  "isInitialLoad": true,
}
[90mstdout[2m | .storybook/docs/QuickTour-AI.stories.tsx[2m > [22m[2m3. Generate Content
[22m[39m[FilesContext] Vector store population complete - 3 total embeddings
[90mstdout[2m | .storybook/docs/QuickTour-AI.stories.tsx[2m > [22m[2m3. Generate Content
[22m[39m[ChatContext] Chat exists and not archived, skipping creation
[90mstdout[2m | .storybook/docs/QuickTour-AI.stories.tsx[2m > [22m[2m3. Generate Content
[22m[39m[Mock Storage] downloadData called with: undefined
[90mstdout[2m | .storybook/docs/QuickTour-AI.stories.tsx[2m > [22m[2m3. Generate Content
[22m[39m[ChatSidebar] Custom fetch routing to local /api/chat route, ignoring AI SDK url: /api/chat
[90mstdout[2m | .storybook/docs/QuickTour-AI.stories.tsx[2m > [22m[2m3. Generate Content
[22m[39m[ChatSidebar] Sending request to /api/chat: {
  "filesCount": 0,
  "hasUnit": true,
  "questionsCount": 0,
  "wordsCount": 0,
}
[90mstdout[2m | .storybook/docs/QuickTour-AI.stories.tsx[2m > [22m[2m3. Generate Content
[22m[39m[Mock Fetch] Intercepted /api/chat
[90mstdout[2m | .storybook/docs/QuickTour-AI.stories.tsx[2m > [22m[2m3. Generate Content
[22m[39m[Mock Chat API] Received: {
  "context": {
    "courseOutline": null,
    "dictionary": [],
    "files": [],
    "grade": null,
    "questionBank": [],
    "sectionId": null,
    "sections": [],
    "studentMemory": null,
    "unit": {
      "content": "",
      "description": "A mock unit for Storybook development",
      "headingContext": {
        "headingPath": [],
        "suggestedNextHeading": "h1",
      },
      "id": "mock-unit-id",
      "name": "Sample Unit",
    },
  },
  "messages": [
    {
      "id": "BgVeMYwjUvORFDki",
      "parts": [
        {
          "text": "Generate 3 multiple choice questions about Japanese greetings",
          "type": "text",
        },
      ],
      "role": "user",
    },
  ],
}
[90mstdout[2m | .storybook/docs/QuickTour-AI.stories.tsx[2m > [22m[2m3. Generate Content
[22m[39m[ChatSidebar] Response received: {
  "ok": true,
  "status": 200,
}
[90mstdout[2m | .storybook/docs/QuickTour-AI.stories.tsx[2m > [22m[2m3. Generate Content
[22m[39m[ChatSidebar] Message finished: {
  "finishReason": undefined,
  "isAbort": false,
  "isDisconnect": false,
  "isError": false,
  "message": {
    "id": "YJqHbSoKHWi2Trtf",
    "metadata": undefined,
    "parts": [],
    "role": "assistant",
  },
  "messages": [
    {
      "id": "BgVeMYwjUvORFDki",
      "metadata": undefined,
      "parts": [
        {
          "text": "Generate 3 multiple choice questions about Japanese greetings",
          "type": "text",
        },
      ],
      "role": "user",
    },
  ],
}
[90mstdout[2m | .storybook/docs/QuickTour-AI.stories.tsx[2m > [22m[2m3. Generate Content
[22m[39m[ChatSidebar] deepCloneMessages: cloned 1 messages
 [32m✓[39m [30m[45m storybook (chromium) [49m[39m .storybook/docs/QuickTour-AI.stories.tsx [2m([22m[2m3 tests[22m[2m)[22m[33m 24198[2mms[22m[39m
   [33m[2m✓[22m[39m 1. Start a Conversation [33m 10843[2mms[22m[39m
   [33m[2m✓[22m[39m 2. AI Tool Calls [33m 6467[2mms[22m[39m
   [33m[2m✓[22m[39m 3. Generate Content [33m 6871[2mms[22m[39m
[90mstdout[2m | unknown test
[22m[39m[MOCK vectorStoreDB.js] Module loaded - mock IndexedDB operations
[90mstdout[2m | unknown test
[22m[39m[Task Completion] DOM action listeners initialized
[90mstdout[2m | unknown test
[22m[39m[Task Completion] Auto-completion detector initialized
[90mstdout[2m | unknown test
[22m[39m[Preview] Task completion detector initialized
[90mstdout[2m | src/components/Gamification/InstructorGamificationPanel.stories.tsx[2m > [22m[2mEmpty
[22m[39m[TranslationModeController] Setting mode to: off
[90mstdout[2m | src/components/Gamification/InstructorGamificationPanel.stories.tsx[2m > [22m[2mWith Data
[22m[39m[TranslationModeController] Setting mode to: off
[90mstdout[2m | src/components/Gamification/InstructorGamificationPanel.stories.tsx[2m > [22m[2mAccordion Interaction
[22m[39m[TranslationModeController] Setting mode to: off
[90mstdout[2m | src/components/Gamification/InstructorGamificationPanel.stories.tsx
[22m[39m
════════════════════════════════════════════════════════════
[90mstdout[2m | src/components/Gamification/InstructorGamificationPanel.stories.tsx
[22m[39m  STORYBOOK AUDIT — 1 issue(s) in 3 stories
[90mstdout[2m | src/components/Gamification/InstructorGamificationPanel.stories.tsx
[22m[39m════════════════════════════════════════════════════════════
[90mstdout[2m | src/components/Gamification/InstructorGamificationPanel.stories.tsx
[22m[39m  CONSOLE ERRORS (2 total across 2 unique):
[90mstdout[2m | src/components/Gamification/InstructorGamificationPanel.stories.tsx
[22m[39m    [1x] In HTML, %s cannot be a descendant of <%s>.
This will cause a hydration error.%s <div> p 

  ...
   
[90mstdout[2m | src/components/Gamification/InstructorGamificationPanel.stories.tsx
[22m[39m    [1x] <%s> cannot contain a nested %s.
See this log for the ancestor stack trace. p <div>
[90mstdout[2m | src/components/Gamification/InstructorGamificationPanel.stories.tsx
[22m[39m
[90mstdout[2m | src/components/Gamification/InstructorGamificationPanel.stories.tsx
[22m[39m  STORIES WITH ISSUES:
[90mstdout[2m | src/components/Gamification/InstructorGamificationPanel.stories.tsx
[22m[39m    • With Data (2 console)
[90mstdout[2m | src/components/Gamification/InstructorGamificationPanel.stories.tsx
[22m[39m
[90mstdout[2m | src/components/Gamification/InstructorGamificationPanel.stories.tsx
[22m[39m  VERDICT: ISSUES FOUND
[90mstdout[2m | src/components/Gamification/InstructorGamificationPanel.stories.tsx
[22m[39m════════════════════════════════════════════════════════════

 [32m✓[39m [30m[45m storybook (chromium) [49m[39m src/components/Gamification/InstructorGamificationPanel.stories.tsx [2m([22m[2m3 tests[22m[2m)[22m[33m 31196[2mms[22m[39m
   [33m[2m✓[22m[39m Empty [33m 11928[2mms[22m[39m
   [33m[2m✓[22m[39m With Data [33m 9110[2mms[22m[39m
   [33m[2m✓[22m[39m Accordion Interaction [33m 9992[2mms[22m[39m
[90mstdout[2m | unknown test
[22m[39m[MOCK vectorStoreDB.js] Module loaded - mock IndexedDB operations
[90mstdout[2m | unknown test
[22m[39m[Task Completion] DOM action listeners initialized
[90mstdout[2m | unknown test
[22m[39m[Task Completion] Auto-completion detector initialized
[90mstdout[2m | unknown test
[22m[39m[Preview] Task completion detector initialized
[90mstdout[2m | src/components/ChatSidebar/SearchResults.stories.jsx[2m > [22m[2mAll Result Types
[22m[39m[MOCK CourseVectorStore] Initialized with mock data
[90mstdout[2m | src/components/ChatSidebar/SearchResults.stories.jsx[2m > [22m[2mAll Result Types
[22m[39m[TranslationModeController] Setting mode to: off
[90mstdout[2m | src/components/ChatSidebar/SearchResults.stories.jsx[2m > [22m[2mAll Result Types
[22m[39m[UnitContext] useEffect triggered {
  "authLoading": false,
  "hasUser": true,
  "id": "unit-123",
  "userSub": "mock-user-sub",
}
[90mstdout[2m | src/components/ChatSidebar/SearchResults.stories.jsx[2m > [22m[2mAll Result Types
[22m[39m[UnitContext] Fetching unit data for id: unit-123
[90mstdout[2m | src/components/ChatSidebar/SearchResults.stories.jsx[2m > [22m[2mAll Result Types
[22m[39m[FilesContext] Initializing vector store from IndexedDB
[90mstdout[2m | src/components/ChatSidebar/SearchResults.stories.jsx[2m > [22m[2mAll Result Types
[22m[39m[FilesContext] fetchFiles called
[90mstdout[2m | src/components/ChatSidebar/SearchResults.stories.jsx[2m > [22m[2mAll Result Types
[22m[39m[FilesContext] User authenticated: mock-user-sub
[90mstdout[2m | src/components/ChatSidebar/SearchResults.stories.jsx[2m > [22m[2mAll Result Types
[22m[39m[FilesContext] Identity ID: us-east-1:mock-identity-123
[90mstdout[2m | src/components/ChatSidebar/SearchResults.stories.jsx[2m > [22m[2mAll Result Types
[22m[39m[FilesContext] About to set up File observeQuery
[90mstdout[2m | src/components/ChatSidebar/SearchResults.stories.jsx[2m > [22m[2mAll Result Types
[22m[39m[ChatContext] Setting up AssistantChat observeQuery
[90mstdout[2m | src/components/ChatSidebar/SearchResults.stories.jsx[2m > [22m[2mAll Result Types
[22m[39m[ChatContext] Waiting for subscription to initialize
[90mstdout[2m | src/components/ChatSidebar/SearchResults.stories.jsx[2m > [22m[2mAll Result Types
[22m[39m[SettingsContext] Setting up Settings subscription for user: mock-user-sub
[90mstdout[2m | src/components/ChatSidebar/SearchResults.stories.jsx[2m > [22m[2mAll Result Types
[22m[39m[Mock Data] Settings created: mock-settings-1790417300824 - notified 0 subscribers
[90mstdout[2m | src/components/ChatSidebar/SearchResults.stories.jsx[2m > [22m[2mAll Result Types
[22m[39m[Mock Data] Unit.onUpdate() subscription added. Total: 1
[90mstdout[2m | src/components/ChatSidebar/SearchResults.stories.jsx[2m > [22m[2mAll Result Types
[22m[39m[SectionContext] Section observeQuery update: 0
[90mstdout[2m | src/components/ChatSidebar/SearchResults.stories.jsx[2m > [22m[2mAll Result Types
[22m[39m[FilesContext] File observeQuery update: 6 files
[90mstdout[2m | src/components/ChatSidebar/SearchResults.stories.jsx[2m > [22m[2mAll Result Types
[22m[39m[ChatContext] AssistantChat initialized with 1 chats
[90mstdout[2m | src/components/ChatSidebar/SearchResults.stories.jsx[2m > [22m[2mAll Result Types
[22m[39m[ChatContext] Setting initial chat: mock-assistant-chat-1
[90mstdout[2m | src/components/ChatSidebar/SearchResults.stories.jsx[2m > [22m[2mAll Result Types
[22m[39m[MOCK CourseVectorStore] Initialized with mock data
[90mstdout[2m | src/components/ChatSidebar/SearchResults.stories.jsx[2m > [22m[2mAll Result Types
[22m[39m[FilesContext] Vector store population triggered {
  "currentVectorStoreSize": 3,
  "documentsCount": 0,
  "filesCount": 6,
  "isInitialLoad": true,
}
[90mstdout[2m | src/components/ChatSidebar/SearchResults.stories.jsx[2m > [22m[2mAll Result Types
[22m[39m[FilesContext] Vector store population complete - 3 total embeddings
[90mstdout[2m | src/components/ChatSidebar/SearchResults.stories.jsx[2m > [22m[2mAll Result Types
[22m[39m[ChatContext] Chat exists and not archived, skipping creation
[90mstdout[2m | src/components/ChatSidebar/SearchResults.stories.jsx[2m > [22m[2mAll Result Types
[22m[39m[Mock Storage] downloadData called with: undefined
[90mstdout[2m | src/components/ChatSidebar/SearchResults.stories.jsx[2m > [22m[2mFiles Only
[22m[39m[ChatContext] Cleaning up subscriptions
[90mstdout[2m | src/components/ChatSidebar/SearchResults.stories.jsx[2m > [22m[2mFiles Only
[22m[39m[Mock Data] Unit.onUpdate() subscription removed. Remaining: 0
[90mstdout[2m | src/components/ChatSidebar/SearchResults.stories.jsx[2m > [22m[2mFiles Only
[22m[39m[MOCK CourseVectorStore] Initialized with mock data
[90mstdout[2m | src/components/ChatSidebar/SearchResults.stories.jsx[2m > [22m[2mFiles Only
[22m[39m[TranslationModeController] Setting mode to: off
[90mstdout[2m | src/components/ChatSidebar/SearchResults.stories.jsx[2m > [22m[2mFiles Only
[22m[39m[UnitContext] useEffect triggered {
  "authLoading": false,
  "hasUser": true,
  "id": "unit-123",
  "userSub": "mock-user-sub",
}
[90mstdout[2m | src/components/ChatSidebar/SearchResults.stories.jsx[2m > [22m[2mFiles Only
[22m[39m[UnitContext] Fetching unit data for id: unit-123
[90mstdout[2m | src/components/ChatSidebar/SearchResults.stories.jsx[2m > [22m[2mFiles Only
[22m[39m[FilesContext] Initializing vector store from IndexedDB
[90mstdout[2m | src/components/ChatSidebar/SearchResults.stories.jsx[2m > [22m[2mFiles Only
[22m[39m[FilesContext] fetchFiles called
[90mstdout[2m | src/components/ChatSidebar/SearchResults.stories.jsx[2m > [22m[2mFiles Only
[22m[39m[FilesContext] User authenticated: mock-user-sub
[90mstdout[2m | src/components/ChatSidebar/SearchResults.stories.jsx[2m > [22m[2mFiles Only
[22m[39m[FilesContext] Identity ID: us-east-1:mock-identity-123
[90mstdout[2m | src/components/ChatSidebar/SearchResults.stories.jsx[2m > [22m[2mFiles Only
[22m[39m[FilesContext] About to set up File observeQuery
[90mstdout[2m | src/components/ChatSidebar/SearchResults.stories.jsx[2m > [22m[2mFiles Only
[22m[39m[ChatContext] Setting up AssistantChat observeQuery
[90mstdout[2m | src/components/ChatSidebar/SearchResults.stories.jsx[2m > [22m[2mFiles Only
[22m[39m[ChatContext] Waiting for subscription to initialize
[90mstdout[2m | src/components/ChatSidebar/SearchResults.stories.jsx[2m > [22m[2mFiles Only
[22m[39m[SettingsContext] Setting up Settings subscription for user: mock-user-sub
[90mstdout[2m | src/components/ChatSidebar/SearchResults.stories.jsx[2m > [22m[2mFiles Only
[22m[39m[Mock Data] Settings created: mock-settings-1790417301863 - notified 0 subscribers
[90mstdout[2m | src/components/ChatSidebar/SearchResults.stories.jsx[2m > [22m[2mFiles Only
[22m[39m[Mock Data] Unit.onUpdate() subscription added. Total: 1
[90mstdout[2m | src/components/ChatSidebar/SearchResults.stories.jsx[2m > [22m[2mFiles Only
[22m[39m[SectionContext] Section observeQuery update: 0
[90mstdout[2m | src/components/ChatSidebar/SearchResults.stories.jsx[2m > [22m[2mFiles Only
[22m[39m[FilesContext] File observeQuery update: 6 files
[90mstdout[2m | src/components/ChatSidebar/SearchResults.stories.jsx[2m > [22m[2mFiles Only
[22m[39m[ChatContext] AssistantChat initialized with 1 chats
[90mstdout[2m | src/components/ChatSidebar/SearchResults.stories.jsx[2m > [22m[2mFiles Only
[22m[39m[ChatContext] Setting initial chat: mock-assistant-chat-1
[90mstdout[2m | src/components/ChatSidebar/SearchResults.stories.jsx[2m > [22m[2mFiles Only
[22m[39m[MOCK CourseVectorStore] Initialized with mock data
[90mstdout[2m | src/components/ChatSidebar/SearchResults.stories.jsx[2m > [22m[2mFiles Only
[22m[39m[FilesContext] Vector store population triggered {
  "currentVectorStoreSize": 3,
  "documentsCount": 0,
  "filesCount": 6,
  "isInitialLoad": true,
}
[90mstdout[2m | src/components/ChatSidebar/SearchResults.stories.jsx[2m > [22m[2mFiles Only
[22m[39m[FilesContext] Vector store population complete - 3 total embeddings
[90mstdout[2m | src/components/ChatSidebar/SearchResults.stories.jsx[2m > [22m[2mFiles Only
[22m[39m[ChatContext] Chat exists and not archived, skipping creation
[90mstdout[2m | src/components/ChatSidebar/SearchResults.stories.jsx[2m > [22m[2mFiles Only
[22m[39m[Mock Storage] downloadData called with: undefined
[90mstdout[2m | src/components/ChatSidebar/SearchResults.stories.jsx[2m > [22m[2mVocabulary Only
[22m[39m[ChatContext] Cleaning up subscriptions
[90mstdout[2m | src/components/ChatSidebar/SearchResults.stories.jsx[2m > [22m[2mVocabulary Only
[22m[39m[Mock Data] Unit.onUpdate() subscription removed. Remaining: 0
[90mstdout[2m | src/components/ChatSidebar/SearchResults.stories.jsx[2m > [22m[2mVocabulary Only
[22m[39m[MOCK CourseVectorStore] Initialized with mock data
[90mstdout[2m | src/components/ChatSidebar/SearchResults.stories.jsx[2m > [22m[2mVocabulary Only
[22m[39m[TranslationModeController] Setting mode to: off
[90mstdout[2m | src/components/ChatSidebar/SearchResults.stories.jsx[2m > [22m[2mVocabulary Only
[22m[39m[UnitContext] useEffect triggered {
  "authLoading": false,
  "hasUser": true,
  "id": "unit-123",
  "userSub": "mock-user-sub",
}
[90mstdout[2m | src/components/ChatSidebar/SearchResults.stories.jsx[2m > [22m[2mVocabulary Only
[22m[39m[UnitContext] Fetching unit data for id: unit-123
[90mstdout[2m | src/components/ChatSidebar/SearchResults.stories.jsx[2m > [22m[2mVocabulary Only
[22m[39m[FilesContext] Initializing vector store from IndexedDB
[90mstdout[2m | src/components/ChatSidebar/SearchResults.stories.jsx[2m > [22m[2mVocabulary Only
[22m[39m[FilesContext] fetchFiles called
[90mstdout[2m | src/components/ChatSidebar/SearchResults.stories.jsx[2m > [22m[2mVocabulary Only
[22m[39m[FilesContext] User authenticated: mock-user-sub
[90mstdout[2m | src/components/ChatSidebar/SearchResults.stories.jsx[2m > [22m[2mVocabulary Only
[22m[39m[FilesContext] Identity ID: us-east-1:mock-identity-123
[90mstdout[2m | src/components/ChatSidebar/SearchResults.stories.jsx[2m > [22m[2mVocabulary Only
[22m[39m[FilesContext] About to set up File observeQuery
[90mstdout[2m | src/components/ChatSidebar/SearchResults.stories.jsx[2m > [22m[2mVocabulary Only
[22m[39m[ChatContext] Setting up AssistantChat observeQuery
[90mstdout[2m | src/components/ChatSidebar/SearchResults.stories.jsx[2m > [22m[2mVocabulary Only
[22m[39m[ChatContext] Waiting for subscription to initialize
[90mstdout[2m | src/components/ChatSidebar/SearchResults.stories.jsx[2m > [22m[2mVocabulary Only
[22m[39m[SettingsContext] Setting up Settings subscription for user: mock-user-sub
[90mstdout[2m | src/components/ChatSidebar/SearchResults.stories.jsx[2m > [22m[2mVocabulary Only
[22m[39m[Mock Data] Settings created: mock-settings-1790417302184 - notified 0 subscribers
[90mstdout[2m | src/components/ChatSidebar/SearchResults.stories.jsx[2m > [22m[2mVocabulary Only
[22m[39m[Mock Data] Unit.onUpdate() subscription added. Total: 1
[90mstdout[2m | src/components/ChatSidebar/SearchResults.stories.jsx[2m > [22m[2mVocabulary Only
[22m[39m[SectionContext] Section observeQuery update: 0
[90mstdout[2m | src/components/ChatSidebar/SearchResults.stories.jsx[2m > [22m[2mVocabulary Only
[22m[39m[FilesContext] File observeQuery update: 6 files
[90mstdout[2m | src/components/ChatSidebar/SearchResults.stories.jsx[2m > [22m[2mVocabulary Only
[22m[39m[ChatContext] AssistantChat initialized with 1 chats
[90mstdout[2m | src/components/ChatSidebar/SearchResults.stories.jsx[2m > [22m[2mVocabulary Only
[22m[39m[ChatContext] Setting initial chat: mock-assistant-chat-1
[90mstdout[2m | src/components/ChatSidebar/SearchResults.stories.jsx[2m > [22m[2mVocabulary Only
[22m[39m[MOCK CourseVectorStore] Initialized with mock data
[90mstdout[2m | src/components/ChatSidebar/SearchResults.stories.jsx[2m > [22m[2mVocabulary Only
[22m[39m[FilesContext] Vector store population triggered {
  "currentVectorStoreSize": 3,
  "documentsCount": 0,
  "filesCount": 6,
  "isInitialLoad": true,
}
[90mstdout[2m | src/components/ChatSidebar/SearchResults.stories.jsx[2m > [22m[2mVocabulary Only
[22m[39m[FilesContext] Vector store population complete - 3 total embeddings
[90mstdout[2m | src/components/ChatSidebar/SearchResults.stories.jsx[2m > [22m[2mVocabulary Only
[22m[39m[ChatContext] Chat exists and not archived, skipping creation
[90mstdout[2m | src/components/ChatSidebar/SearchResults.stories.jsx[2m > [22m[2mVocabulary Only
[22m[39m[Mock Storage] downloadData called with: undefined
[90mstdout[2m | src/components/ChatSidebar/SearchResults.stories.jsx[2m > [22m[2mQuestions Only
[22m[39m[ChatContext] Cleaning up subscriptions
[90mstdout[2m | src/components/ChatSidebar/SearchResults.stories.jsx[2m > [22m[2mQuestions Only
[22m[39m[Mock Data] Unit.onUpdate() subscription removed. Remaining: 0
[90mstdout[2m | src/components/ChatSidebar/SearchResults.stories.jsx[2m > [22m[2mQuestions Only
[22m[39m[MOCK CourseVectorStore] Initialized with mock data
[90mstdout[2m | src/components/ChatSidebar/SearchResults.stories.jsx[2m > [22m[2mQuestions Only
[22m[39m[TranslationModeController] Setting mode to: off
[90mstdout[2m | src/components/ChatSidebar/SearchResults.stories.jsx[2m > [22m[2mQuestions Only
[22m[39m[UnitContext] useEffect triggered {
  "authLoading": false,
  "hasUser": true,
  "id": "unit-123",
  "userSub": "mock-user-sub",
}
[90mstdout[2m | src/components/ChatSidebar/SearchResults.stories.jsx[2m > [22m[2mQuestions Only
[22m[39m[UnitContext] Fetching unit data for id: unit-123
[90mstdout[2m | src/components/ChatSidebar/SearchResults.stories.jsx[2m > [22m[2mQuestions Only
[22m[39m[FilesContext] Initializing vector store from IndexedDB
[90mstdout[2m | src/components/ChatSidebar/SearchResults.stories.jsx[2m > [22m[2mQuestions Only
[22m[39m[FilesContext] fetchFiles called
[90mstdout[2m | src/components/ChatSidebar/SearchResults.stories.jsx[2m > [22m[2mQuestions Only
[22m[39m[FilesContext] User authenticated: mock-user-sub
[90mstdout[2m | src/components/ChatSidebar/SearchResults.stories.jsx[2m > [22m[2mQuestions Only
[22m[39m[FilesContext] Identity ID: us-east-1:mock-identity-123
[90mstdout[2m | src/components/ChatSidebar/SearchResults.stories.jsx[2m > [22m[2mQuestions Only
[22m[39m[FilesContext] About to set up File observeQuery
[90mstdout[2m | src/components/ChatSidebar/SearchResults.stories.jsx[2m > [22m[2mQuestions Only
[22m[39m[ChatContext] Setting up AssistantChat observeQuery
[90mstdout[2m | src/components/ChatSidebar/SearchResults.stories.jsx[2m > [22m[2mQuestions Only
[22m[39m[ChatContext] Waiting for subscription to initialize
[90mstdout[2m | src/components/ChatSidebar/SearchResults.stories.jsx[2m > [22m[2mQuestions Only
[22m[39m[SettingsContext] Setting up Settings subscription for user: mock-user-sub
[90mstdout[2m | src/components/ChatSidebar/SearchResults.stories.jsx[2m > [22m[2mQuestions Only
[22m[39m[Mock Data] Settings created: mock-settings-1790417302820 - notified 0 subscribers
[90mstdout[2m | src/components/ChatSidebar/SearchResults.stories.jsx[2m > [22m[2mQuestions Only
[22m[39m[Mock Data] Unit.onUpdate() subscription added. Total: 1
[90mstdout[2m | src/components/ChatSidebar/SearchResults.stories.jsx[2m > [22m[2mQuestions Only
[22m[39m[SectionContext] Section observeQuery update: 0
[90mstdout[2m | src/components/ChatSidebar/SearchResults.stories.jsx[2m > [22m[2mQuestions Only
[22m[39m[FilesContext] File observeQuery update: 6 files
[90mstdout[2m | src/components/ChatSidebar/SearchResults.stories.jsx[2m > [22m[2mQuestions Only
[22m[39m[ChatContext] AssistantChat initialized with 1 chats
[90mstdout[2m | src/components/ChatSidebar/SearchResults.stories.jsx[2m > [22m[2mQuestions Only
[22m[39m[ChatContext] Setting initial chat: mock-assistant-chat-1
[90mstdout[2m | src/components/ChatSidebar/SearchResults.stories.jsx[2m > [22m[2mQuestions Only
[22m[39m[MOCK CourseVectorStore] Initialized with mock data
[90mstdout[2m | src/components/ChatSidebar/SearchResults.stories.jsx[2m > [22m[2mQuestions Only
[22m[39m[FilesContext] Vector store population triggered {
  "currentVectorStoreSize": 3,
  "documentsCount": 0,
  "filesCount": 6,
  "isInitialLoad": true,
}
[90mstdout[2m | src/components/ChatSidebar/SearchResults.stories.jsx[2m > [22m[2mQuestions Only
[22m[39m[FilesContext] Vector store population complete - 3 total embeddings
[90mstdout[2m | src/components/ChatSidebar/SearchResults.stories.jsx[2m > [22m[2mQuestions Only
[22m[39m[ChatContext] Chat exists and not archived, skipping creation
[90mstdout[2m | src/components/ChatSidebar/SearchResults.stories.jsx[2m > [22m[2mQuestions Only
[22m[39m[Mock Storage] downloadData called with: undefined
[90mstdout[2m | src/components/ChatSidebar/SearchResults.stories.jsx[2m > [22m[2mSections Only
[22m[39m[ChatContext] Cleaning up subscriptions
[90mstdout[2m | src/components/ChatSidebar/SearchResults.stories.jsx[2m > [22m[2mSections Only
[22m[39m[Mock Data] Unit.onUpdate() subscription removed. Remaining: 0
[90mstdout[2m | src/components/ChatSidebar/SearchResults.stories.jsx[2m > [22m[2mSections Only
[22m[39m[MOCK CourseVectorStore] Initialized with mock data
[90mstdout[2m | src/components/ChatSidebar/SearchResults.stories.jsx[2m > [22m[2mSections Only
[22m[39m[TranslationModeController] Setting mode to: off
[90mstdout[2m | src/components/ChatSidebar/SearchResults.stories.jsx[2m > [22m[2mSections Only
[22m[39m[UnitContext] useEffect triggered {
  "authLoading": false,
  "hasUser": true,
  "id": "mock-unit-id",
  "userSub": "mock-user-sub",
}
[90mstdout[2m | src/components/ChatSidebar/SearchResults.stories.jsx[2m > [22m[2mSections Only
[22m[39m[UnitContext] Fetching unit data for id: mock-unit-id
[90mstdout[2m | src/components/ChatSidebar/SearchResults.stories.jsx[2m > [22m[2mSections Only
[22m[39m[FilesContext] Initializing vector store from IndexedDB
[90mstdout[2m | src/components/ChatSidebar/SearchResults.stories.jsx[2m > [22m[2mSections Only
[22m[39m[FilesContext] fetchFiles called
[90mstdout[2m | src/components/ChatSidebar/SearchResults.stories.jsx[2m > [22m[2mSections Only
[22m[39m[FilesContext] User authenticated: mock-user-sub
[90mstdout[2m | src/components/ChatSidebar/SearchResults.stories.jsx[2m > [22m[2mSections Only
[22m[39m[FilesContext] Identity ID: us-east-1:mock-identity-123
[90mstdout[2m | src/components/ChatSidebar/SearchResults.stories.jsx[2m > [22m[2mSections Only
[22m[39m[FilesContext] About to set up File observeQuery
[90mstdout[2m | src/components/ChatSidebar/SearchResults.stories.jsx[2m > [22m[2mSections Only
[22m[39m[ChatContext] Setting up AssistantChat observeQuery
[90mstdout[2m | src/components/ChatSidebar/SearchResults.stories.jsx[2m > [22m[2mSections Only
[22m[39m[ChatContext] Waiting for subscription to initialize
[90mstdout[2m | src/components/ChatSidebar/SearchResults.stories.jsx[2m > [22m[2mSections Only
[22m[39m[SettingsContext] Setting up Settings subscription for user: mock-user-sub
[90mstdout[2m | src/components/ChatSidebar/SearchResults.stories.jsx[2m > [22m[2mSections Only
[22m[39m[Mock Data] Settings created: mock-settings-1790417303342 - notified 0 subscribers
[90mstdout[2m | src/components/ChatSidebar/SearchResults.stories.jsx[2m > [22m[2mSections Only
[22m[39m[Mock Data] Unit.onUpdate() subscription added. Total: 1
[90mstdout[2m | src/components/ChatSidebar/SearchResults.stories.jsx[2m > [22m[2mSections Only
[22m[39m[SectionContext] Section observeQuery update: 0
[90mstdout[2m | src/components/ChatSidebar/SearchResults.stories.jsx[2m > [22m[2mSections Only
[22m[39m[FilesContext] File observeQuery update: 6 files
[90mstdout[2m | src/components/ChatSidebar/SearchResults.stories.jsx[2m > [22m[2mSections Only
[22m[39m[ChatContext] AssistantChat initialized with 1 chats
[90mstdout[2m | src/components/ChatSidebar/SearchResults.stories.jsx[2m > [22m[2mSections Only
[22m[39m[ChatContext] Setting initial chat: mock-assistant-chat-1
[90mstdout[2m | src/components/ChatSidebar/SearchResults.stories.jsx[2m > [22m[2mSections Only
[22m[39m[MOCK CourseVectorStore] Initialized with mock data
[90mstdout[2m | src/components/ChatSidebar/SearchResults.stories.jsx[2m > [22m[2mSections Only
[22m[39m[FilesContext] Vector store population triggered {
  "currentVectorStoreSize": 3,
  "documentsCount": 0,
  "filesCount": 6,
  "isInitialLoad": true,
}
[90mstdout[2m | src/components/ChatSidebar/SearchResults.stories.jsx[2m > [22m[2mSections Only
[22m[39m[FilesContext] Vector store population complete - 3 total embeddings
[90mstdout[2m | src/components/ChatSidebar/SearchResults.stories.jsx[2m > [22m[2mSections Only
[22m[39m[ChatContext] Chat exists and not archived, skipping creation
[90mstdout[2m | src/components/ChatSidebar/SearchResults.stories.jsx[2m > [22m[2mSections Only
[22m[39m[Mock Storage] downloadData called with: undefined
[90mstdout[2m | src/components/ChatSidebar/SearchResults.stories.jsx[2m > [22m[2mUnits Only
[22m[39m[ChatContext] Cleaning up subscriptions
[90mstdout[2m | src/components/ChatSidebar/SearchResults.stories.jsx[2m > [22m[2mUnits Only
[22m[39m[Mock Data] Unit.onUpdate() subscription removed. Remaining: 0
[90mstdout[2m | src/components/ChatSidebar/SearchResults.stories.jsx[2m > [22m[2mUnits Only
[22m[39m[MOCK CourseVectorStore] Initialized with mock data
[90mstdout[2m | src/components/ChatSidebar/SearchResults.stories.jsx[2m > [22m[2mUnits Only
[22m[39m[TranslationModeController] Setting mode to: off
[90mstdout[2m | src/components/ChatSidebar/SearchResults.stories.jsx[2m > [22m[2mUnits Only
[22m[39m[UnitContext] useEffect triggered {
  "authLoading": false,
  "hasUser": true,
  "id": "mock-unit-id",
  "userSub": "mock-user-sub",
}
[90mstdout[2m | src/components/ChatSidebar/SearchResults.stories.jsx[2m > [22m[2mUnits Only
[22m[39m[UnitContext] Fetching unit data for id: mock-unit-id
[90mstdout[2m | src/components/ChatSidebar/SearchResults.stories.jsx[2m > [22m[2mUnits Only
[22m[39m[FilesContext] Initializing vector store from IndexedDB
[90mstdout[2m | src/components/ChatSidebar/SearchResults.stories.jsx[2m > [22m[2mUnits Only
[22m[39m[FilesContext] fetchFiles called
[90mstdout[2m | src/components/ChatSidebar/SearchResults.stories.jsx[2m > [22m[2mUnits Only
[22m[39m[FilesContext] User authenticated: mock-user-sub
[90mstdout[2m | src/components/ChatSidebar/SearchResults.stories.jsx[2m > [22m[2mUnits Only
[22m[39m[FilesContext] Identity ID: us-east-1:mock-identity-123
[90mstdout[2m | src/components/ChatSidebar/SearchResults.stories.jsx[2m > [22m[2mUnits Only
[22m[39m[FilesContext] About to set up File observeQuery
[90mstdout[2m | src/components/ChatSidebar/SearchResults.stories.jsx[2m > [22m[2mUnits Only
[22m[39m[ChatContext] Setting up AssistantChat observeQuery
[90mstdout[2m | src/components/ChatSidebar/SearchResults.stories.jsx[2m > [22m[2mUnits Only
[22m[39m[ChatContext] Waiting for subscription to initialize
[90mstdout[2m | src/components/ChatSidebar/SearchResults.stories.jsx[2m > [22m[2mUnits Only
[22m[39m[SettingsContext] Setting up Settings subscription for user: mock-user-sub
[90mstdout[2m | src/components/ChatSidebar/SearchResults.stories.jsx[2m > [22m[2mUnits Only
[22m[39m[Mock Data] Settings created: mock-settings-1790417303958 - notified 0 subscribers
[90mstdout[2m | src/components/ChatSidebar/SearchResults.stories.jsx[2m > [22m[2mUnits Only
[22m[39m[Mock Data] Unit.onUpdate() subscription added. Total: 1
[90mstdout[2m | src/components/ChatSidebar/SearchResults.stories.jsx[2m > [22m[2mUnits Only
[22m[39m[SectionContext] Section observeQuery update: 0
[90mstdout[2m | src/components/ChatSidebar/SearchResults.stories.jsx[2m > [22m[2mUnits Only
[22m[39m[FilesContext] File observeQuery update: 6 files
[90mstdout[2m | src/components/ChatSidebar/SearchResults.stories.jsx[2m > [22m[2mUnits Only
[22m[39m[ChatContext] AssistantChat initialized with 1 chats
[90mstdout[2m | src/components/ChatSidebar/SearchResults.stories.jsx[2m > [22m[2mUnits Only
[22m[39m[ChatContext] Setting initial chat: mock-assistant-chat-1
[90mstdout[2m | src/components/ChatSidebar/SearchResults.stories.jsx[2m > [22m[2mUnits Only
[22m[39m[MOCK CourseVectorStore] Initialized with mock data
[90mstdout[2m | src/components/ChatSidebar/SearchResults.stories.jsx[2m > [22m[2mUnits Only
[22m[39m[FilesContext] Vector store population triggered {
  "currentVectorStoreSize": 3,
  "documentsCount": 0,
  "filesCount": 6,
  "isInitialLoad": true,
}
[90mstdout[2m | src/components/ChatSidebar/SearchResults.stories.jsx[2m > [22m[2mUnits Only
[22m[39m[FilesContext] Vector store population complete - 3 total embeddings
[90mstdout[2m | src/components/ChatSidebar/SearchResults.stories.jsx[2m > [22m[2mUnits Only
[22m[39m[ChatContext] Chat exists and not archived, skipping creation
[90mstdout[2m | src/components/ChatSidebar/SearchResults.stories.jsx[2m > [22m[2mUnits Only
[22m[39m[Mock Storage] downloadData called with: undefined
[90mstdout[2m | src/components/ChatSidebar/SearchResults.stories.jsx[2m > [22m[2mLoading State
[22m[39m[ChatContext] Cleaning up subscriptions
[90mstdout[2m | src/components/ChatSidebar/SearchResults.stories.jsx[2m > [22m[2mLoading State
[22m[39m[Mock Data] Unit.onUpdate() subscription removed. Remaining: 0
[90mstdout[2m | src/components/ChatSidebar/SearchResults.stories.jsx[2m > [22m[2mLoading State
[22m[39m[MOCK CourseVectorStore] Initialized with mock data
[90mstdout[2m | src/components/ChatSidebar/SearchResults.stories.jsx[2m > [22m[2mLoading State
[22m[39m[TranslationModeController] Setting mode to: off
[90mstdout[2m | src/components/ChatSidebar/SearchResults.stories.jsx[2m > [22m[2mLoading State
[22m[39m[UnitContext] useEffect triggered {
  "authLoading": false,
  "hasUser": true,
  "id": "mock-unit-id",
  "userSub": "mock-user-sub",
}
[90mstdout[2m | src/components/ChatSidebar/SearchResults.stories.jsx[2m > [22m[2mLoading State
[22m[39m[UnitContext] Fetching unit data for id: mock-unit-id
[90mstdout[2m | src/components/ChatSidebar/SearchResults.stories.jsx[2m > [22m[2mLoading State
[22m[39m[FilesContext] Initializing vector store from IndexedDB
[90mstdout[2m | src/components/ChatSidebar/SearchResults.stories.jsx[2m > [22m[2mLoading State
[22m[39m[FilesContext] fetchFiles called
[90mstdout[2m | src/components/ChatSidebar/SearchResults.stories.jsx[2m > [22m[2mLoading State
[22m[39m[FilesContext] User authenticated: mock-user-sub
[90mstdout[2m | src/components/ChatSidebar/SearchResults.stories.jsx[2m > [22m[2mLoading State
[22m[39m[FilesContext] Identity ID: us-east-1:mock-identity-123
[90mstdout[2m | src/components/ChatSidebar/SearchResults.stories.jsx[2m > [22m[2mLoading State
[22m[39m[FilesContext] About to set up File observeQuery
[90mstdout[2m | src/components/ChatSidebar/SearchResults.stories.jsx[2m > [22m[2mLoading State
[22m[39m[ChatContext] Setting up AssistantChat observeQuery
[90mstdout[2m | src/components/ChatSidebar/SearchResults.stories.jsx[2m > [22m[2mLoading State
[22m[39m[ChatContext] Waiting for subscription to initialize
[90mstdout[2m | src/components/ChatSidebar/SearchResults.stories.jsx[2m > [22m[2mLoading State
[22m[39m[SettingsContext] Setting up Settings subscription for user: mock-user-sub
[90mstdout[2m | src/components/ChatSidebar/SearchResults.stories.jsx[2m > [22m[2mLoading State
[22m[39m[Mock Data] Settings created: mock-settings-1790417304455 - notified 0 subscribers
[90mstdout[2m | src/components/ChatSidebar/SearchResults.stories.jsx[2m > [22m[2mLoading State
[22m[39m[Mock Data] Unit.onUpdate() subscription added. Total: 1
[90mstdout[2m | src/components/ChatSidebar/SearchResults.stories.jsx[2m > [22m[2mLoading State
[22m[39m[SectionContext] Section observeQuery update: 0
[90mstdout[2m | src/components/ChatSidebar/SearchResults.stories.jsx[2m > [22m[2mLoading State
[22m[39m[FilesContext] File observeQuery update: 6 files
[90mstdout[2m | src/components/ChatSidebar/SearchResults.stories.jsx[2m > [22m[2mLoading State
[22m[39m[ChatContext] AssistantChat initialized with 1 chats
[90mstdout[2m | src/components/ChatSidebar/SearchResults.stories.jsx[2m > [22m[2mLoading State
[22m[39m[ChatContext] Setting initial chat: mock-assistant-chat-1
[90mstdout[2m | src/components/ChatSidebar/SearchResults.stories.jsx[2m > [22m[2mLoading State
[22m[39m[Mock Storage] downloadData called with: undefined
[90mstdout[2m | src/components/ChatSidebar/SearchResults.stories.jsx[2m > [22m[2mLoading State
[22m[39m[MOCK CourseVectorStore] Initialized with mock data
[90mstdout[2m | src/components/ChatSidebar/SearchResults.stories.jsx[2m > [22m[2mLoading State
[22m[39m[FilesContext] Vector store population triggered {
  "currentVectorStoreSize": 3,
  "documentsCount": 0,
  "filesCount": 6,
  "isInitialLoad": true,
}
[90mstdout[2m | src/components/ChatSidebar/SearchResults.stories.jsx[2m > [22m[2mLoading State
[22m[39m[FilesContext] Vector store population complete - 3 total embeddings
[90mstdout[2m | src/components/ChatSidebar/SearchResults.stories.jsx[2m > [22m[2mLoading State
[22m[39m[ChatContext] Chat exists and not archived, skipping creation
[90mstdout[2m | src/components/ChatSidebar/SearchResults.stories.jsx[2m > [22m[2mEmpty State
[22m[39m[ChatContext] Cleaning up subscriptions
[90mstdout[2m | src/components/ChatSidebar/SearchResults.stories.jsx[2m > [22m[2mEmpty State
[22m[39m[Mock Data] Unit.onUpdate() subscription removed. Remaining: 0
[90mstdout[2m | src/components/ChatSidebar/SearchResults.stories.jsx[2m > [22m[2mEmpty State
[22m[39m[MOCK CourseVectorStore] Initialized with mock data
[90mstdout[2m | src/components/ChatSidebar/SearchResults.stories.jsx[2m > [22m[2mEmpty State
[22m[39m[TranslationModeController] Setting mode to: off
[90mstdout[2m | src/components/ChatSidebar/SearchResults.stories.jsx[2m > [22m[2mEmpty State
[22m[39m[UnitContext] useEffect triggered {
  "authLoading": false,
  "hasUser": true,
  "id": "mock-unit-id",
  "userSub": "mock-user-sub",
}
[90mstdout[2m | src/components/ChatSidebar/SearchResults.stories.jsx[2m > [22m[2mEmpty State
[22m[39m[UnitContext] Fetching unit data for id: mock-unit-id
[90mstdout[2m | src/components/ChatSidebar/SearchResults.stories.jsx[2m > [22m[2mEmpty State
[22m[39m[FilesContext] Initializing vector store from IndexedDB
[90mstdout[2m | src/components/ChatSidebar/SearchResults.stories.jsx[2m > [22m[2mEmpty State
[22m[39m[FilesContext] fetchFiles called
[90mstdout[2m | src/components/ChatSidebar/SearchResults.stories.jsx[2m > [22m[2mEmpty State
[22m[39m[FilesContext] User authenticated: mock-user-sub
[90mstdout[2m | src/components/ChatSidebar/SearchResults.stories.jsx[2m > [22m[2mEmpty State
[22m[39m[FilesContext] Identity ID: us-east-1:mock-identity-123
[90mstdout[2m | src/components/ChatSidebar/SearchResults.stories.jsx[2m > [22m[2mEmpty State
[22m[39m[FilesContext] About to set up File observeQuery
[90mstdout[2m | src/components/ChatSidebar/SearchResults.stories.jsx[2m > [22m[2mEmpty State
[22m[39m[ChatContext] Setting up AssistantChat observeQuery
[90mstdout[2m | src/components/ChatSidebar/SearchResults.stories.jsx[2m > [22m[2mEmpty State
[22m[39m[ChatContext] Waiting for subscription to initialize
[90mstdout[2m | src/components/ChatSidebar/SearchResults.stories.jsx[2m > [22m[2mEmpty State
[22m[39m[SettingsContext] Setting up Settings subscription for user: mock-user-sub
[90mstdout[2m | src/components/ChatSidebar/SearchResults.stories.jsx[2m > [22m[2mEmpty State
[22m[39m[Mock Data] Settings created: mock-settings-1790417304640 - notified 0 subscribers
[90mstdout[2m | src/components/ChatSidebar/SearchResults.stories.jsx[2m > [22m[2mEmpty State
[22m[39m[Mock Data] Unit.onUpdate() subscription added. Total: 1
[90mstdout[2m | src/components/ChatSidebar/SearchResults.stories.jsx[2m > [22m[2mEmpty State
[22m[39m[SectionContext] Section observeQuery update: 0
[90mstdout[2m | src/components/ChatSidebar/SearchResults.stories.jsx[2m > [22m[2mEmpty State
[22m[39m[FilesContext] File observeQuery update: 6 files
[90mstdout[2m | src/components/ChatSidebar/SearchResults.stories.jsx[2m > [22m[2mEmpty State
[22m[39m[ChatContext] AssistantChat initialized with 1 chats
[90mstdout[2m | src/components/ChatSidebar/SearchResults.stories.jsx[2m > [22m[2mEmpty State
[22m[39m[ChatContext] Setting initial chat: mock-assistant-chat-1
[90mstdout[2m | src/components/ChatSidebar/SearchResults.stories.jsx[2m > [22m[2mEmpty State
[22m[39m[MOCK CourseVectorStore] Initialized with mock data
[90mstdout[2m | src/components/ChatSidebar/SearchResults.stories.jsx[2m > [22m[2mEmpty State
[22m[39m[FilesContext] Vector store population triggered {
  "currentVectorStoreSize": 3,
  "documentsCount": 0,
  "filesCount": 6,
  "isInitialLoad": true,
}
[90mstdout[2m | src/components/ChatSidebar/SearchResults.stories.jsx[2m > [22m[2mEmpty State
[22m[39m[FilesContext] Vector store population complete - 3 total embeddings
[90mstdout[2m | src/components/ChatSidebar/SearchResults.stories.jsx[2m > [22m[2mEmpty State
[22m[39m[ChatContext] Chat exists and not archived, skipping creation
[90mstdout[2m | src/components/ChatSidebar/SearchResults.stories.jsx[2m > [22m[2mEmpty State
[22m[39m[Mock Storage] downloadData called with: undefined
[90mstdout[2m | src/components/ChatSidebar/SearchResults.stories.jsx[2m > [22m[2mHigh Relevance Scores
[22m[39m[ChatContext] Cleaning up subscriptions
[90mstdout[2m | src/components/ChatSidebar/SearchResults.stories.jsx[2m > [22m[2mHigh Relevance Scores
[22m[39m[Mock Data] Unit.onUpdate() subscription removed. Remaining: 0
[90mstdout[2m | src/components/ChatSidebar/SearchResults.stories.jsx[2m > [22m[2mHigh Relevance Scores
[22m[39m[MOCK CourseVectorStore] Initialized with mock data
[90mstdout[2m | src/components/ChatSidebar/SearchResults.stories.jsx[2m > [22m[2mHigh Relevance Scores
[22m[39m[TranslationModeController] Setting mode to: off
[90mstdout[2m | src/components/ChatSidebar/SearchResults.stories.jsx[2m > [22m[2mHigh Relevance Scores
[22m[39m[UnitContext] useEffect triggered {
  "authLoading": false,
  "hasUser": true,
  "id": "unit-123",
  "userSub": "mock-user-sub",
}
[90mstdout[2m | src/components/ChatSidebar/SearchResults.stories.jsx[2m > [22m[2mHigh Relevance Scores
[22m[39m[UnitContext] Fetching unit data for id: unit-123
[90mstdout[2m | src/components/ChatSidebar/SearchResults.stories.jsx[2m > [22m[2mHigh Relevance Scores
[22m[39m[FilesContext] Initializing vector store from IndexedDB
[90mstdout[2m | src/components/ChatSidebar/SearchResults.stories.jsx[2m > [22m[2mHigh Relevance Scores
[22m[39m[FilesContext] fetchFiles called
[90mstdout[2m | src/components/ChatSidebar/SearchResults.stories.jsx[2m > [22m[2mHigh Relevance Scores
[22m[39m[FilesContext] User authenticated: mock-user-sub
[90mstdout[2m | src/components/ChatSidebar/SearchResults.stories.jsx[2m > [22m[2mHigh Relevance Scores
[22m[39m[FilesContext] Identity ID: us-east-1:mock-identity-123
[90mstdout[2m | src/components/ChatSidebar/SearchResults.stories.jsx[2m > [22m[2mHigh Relevance Scores
[22m[39m[FilesContext] About to set up File observeQuery
[90mstdout[2m | src/components/ChatSidebar/SearchResults.stories.jsx[2m > [22m[2mHigh Relevance Scores
[22m[39m[ChatContext] Setting up AssistantChat observeQuery
[90mstdout[2m | src/components/ChatSidebar/SearchResults.stories.jsx[2m > [22m[2mHigh Relevance Scores
[22m[39m[ChatContext] Waiting for subscription to initialize
[90mstdout[2m | src/components/ChatSidebar/SearchResults.stories.jsx[2m > [22m[2mHigh Relevance Scores
[22m[39m[SettingsContext] Setting up Settings subscription for user: mock-user-sub
[90mstdout[2m | src/components/ChatSidebar/SearchResults.stories.jsx[2m > [22m[2mHigh Relevance Scores
[22m[39m[Mock Data] Settings created: mock-settings-1790417305077 - notified 0 subscribers
[90mstdout[2m | src/components/ChatSidebar/SearchResults.stories.jsx[2m > [22m[2mHigh Relevance Scores
[22m[39m[Mock Data] Unit.onUpdate() subscription added. Total: 1
[90mstdout[2m | src/components/ChatSidebar/SearchResults.stories.jsx[2m > [22m[2mHigh Relevance Scores
[22m[39m[SectionContext] Section observeQuery update: 0
[90mstdout[2m | src/components/ChatSidebar/SearchResults.stories.jsx[2m > [22m[2mHigh Relevance Scores
[22m[39m[FilesContext] File observeQuery update: 6 files
[90mstdout[2m | src/components/ChatSidebar/SearchResults.stories.jsx[2m > [22m[2mHigh Relevance Scores
[22m[39m[ChatContext] AssistantChat initialized with 1 chats
[90mstdout[2m | src/components/ChatSidebar/SearchResults.stories.jsx[2m > [22m[2mHigh Relevance Scores
[22m[39m[ChatContext] Setting initial chat: mock-assistant-chat-1
[90mstdout[2m | src/components/ChatSidebar/SearchResults.stories.jsx[2m > [22m[2mHigh Relevance Scores
[22m[39m[MOCK CourseVectorStore] Initialized with mock data
[90mstdout[2m | src/components/ChatSidebar/SearchResults.stories.jsx[2m > [22m[2mHigh Relevance Scores
[22m[39m[FilesContext] Vector store population triggered {
  "currentVectorStoreSize": 3,
  "documentsCount": 0,
  "filesCount": 6,
  "isInitialLoad": true,
}
[90mstdout[2m | src/components/ChatSidebar/SearchResults.stories.jsx[2m > [22m[2mHigh Relevance Scores
[22m[39m[FilesContext] Vector store population complete - 3 total embeddings
[90mstdout[2m | src/components/ChatSidebar/SearchResults.stories.jsx[2m > [22m[2mHigh Relevance Scores
[22m[39m[ChatContext] Chat exists and not archived, skipping creation
[90mstdout[2m | src/components/ChatSidebar/SearchResults.stories.jsx[2m > [22m[2mHigh Relevance Scores
[22m[39m[Mock Storage] downloadData called with: undefined
[90mstdout[2m | src/components/ChatSidebar/SearchResults.stories.jsx[2m > [22m[2mLow Relevance Scores
[22m[39m[ChatContext] Cleaning up subscriptions
[90mstdout[2m | src/components/ChatSidebar/SearchResults.stories.jsx[2m > [22m[2mLow Relevance Scores
[22m[39m[Mock Data] Unit.onUpdate() subscription removed. Remaining: 0
[90mstdout[2m | src/components/ChatSidebar/SearchResults.stories.jsx[2m > [22m[2mLow Relevance Scores
[22m[39m[MOCK CourseVectorStore] Initialized with mock data
[90mstdout[2m | src/components/ChatSidebar/SearchResults.stories.jsx[2m > [22m[2mLow Relevance Scores
[22m[39m[TranslationModeController] Setting mode to: off
[90mstdout[2m | src/components/ChatSidebar/SearchResults.stories.jsx[2m > [22m[2mLow Relevance Scores
[22m[39m[UnitContext] useEffect triggered {
  "authLoading": false,
  "hasUser": true,
  "id": "unit-123",
  "userSub": "mock-user-sub",
}
[90mstdout[2m | src/components/ChatSidebar/SearchResults.stories.jsx[2m > [22m[2mLow Relevance Scores
[22m[39m[UnitContext] Fetching unit data for id: unit-123
[90mstdout[2m | src/components/ChatSidebar/SearchResults.stories.jsx[2m > [22m[2mLow Relevance Scores
[22m[39m[FilesContext] Initializing vector store from IndexedDB
[90mstdout[2m | src/components/ChatSidebar/SearchResults.stories.jsx[2m > [22m[2mLow Relevance Scores
[22m[39m[FilesContext] fetchFiles called
[90mstdout[2m | src/components/ChatSidebar/SearchResults.stories.jsx[2m > [22m[2mLow Relevance Scores
[22m[39m[FilesContext] User authenticated: mock-user-sub
[90mstdout[2m | src/components/ChatSidebar/SearchResults.stories.jsx[2m > [22m[2mLow Relevance Scores
[22m[39m[FilesContext] Identity ID: us-east-1:mock-identity-123
[90mstdout[2m | src/components/ChatSidebar/SearchResults.stories.jsx[2m > [22m[2mLow Relevance Scores
[22m[39m[FilesContext] About to set up File observeQuery
[90mstdout[2m | src/components/ChatSidebar/SearchResults.stories.jsx[2m > [22m[2mLow Relevance Scores
[22m[39m[ChatContext] Setting up AssistantChat observeQuery
[90mstdout[2m | src/components/ChatSidebar/SearchResults.stories.jsx[2m > [22m[2mLow Relevance Scores
[22m[39m[ChatContext] Waiting for subscription to initialize
[90mstdout[2m | src/components/ChatSidebar/SearchResults.stories.jsx[2m > [22m[2mLow Relevance Scores
[22m[39m[SettingsContext] Setting up Settings subscription for user: mock-user-sub
[90mstdout[2m | src/components/ChatSidebar/SearchResults.stories.jsx[2m > [22m[2mLow Relevance Scores
[22m[39m[Mock Data] Settings created: mock-settings-1790417305715 - notified 0 subscribers
[90mstdout[2m | src/components/ChatSidebar/SearchResults.stories.jsx[2m > [22m[2mLow Relevance Scores
[22m[39m[Mock Data] Unit.onUpdate() subscription added. Total: 1
[90mstdout[2m | src/components/ChatSidebar/SearchResults.stories.jsx[2m > [22m[2mLow Relevance Scores
[22m[39m[SectionContext] Section observeQuery update: 0
[90mstdout[2m | src/components/ChatSidebar/SearchResults.stories.jsx[2m > [22m[2mLow Relevance Scores
[22m[39m[FilesContext] File observeQuery update: 6 files
[90mstdout[2m | src/components/ChatSidebar/SearchResults.stories.jsx[2m > [22m[2mLow Relevance Scores
[22m[39m[ChatContext] AssistantChat initialized with 1 chats
[90mstdout[2m | src/components/ChatSidebar/SearchResults.stories.jsx[2m > [22m[2mLow Relevance Scores
[22m[39m[ChatContext] Setting initial chat: mock-assistant-chat-1
[90mstdout[2m | src/components/ChatSidebar/SearchResults.stories.jsx[2m > [22m[2mLow Relevance Scores
[22m[39m[MOCK CourseVectorStore] Initialized with mock data
[90mstdout[2m | src/components/ChatSidebar/SearchResults.stories.jsx[2m > [22m[2mLow Relevance Scores
[22m[39m[FilesContext] Vector store population triggered {
  "currentVectorStoreSize": 3,
  "documentsCount": 0,
  "filesCount": 6,
  "isInitialLoad": true,
}
[90mstdout[2m | src/components/ChatSidebar/SearchResults.stories.jsx[2m > [22m[2mLow Relevance Scores
[22m[39m[FilesContext] Vector store population complete - 3 total embeddings
[90mstdout[2m | src/components/ChatSidebar/SearchResults.stories.jsx[2m > [22m[2mLow Relevance Scores
[22m[39m[ChatContext] Chat exists and not archived, skipping creation
[90mstdout[2m | src/components/ChatSidebar/SearchResults.stories.jsx[2m > [22m[2mLow Relevance Scores
[22m[39m[Mock Storage] downloadData called with: undefined
[90mstdout[2m | src/components/ChatSidebar/SearchResults.stories.jsx[2m > [22m[2mLow Relevance Scores
[22m[39mfilterWords {
  "filter": "",
  "wordsCount": 0,
}
[90mstdout[2m | src/components/ChatSidebar/SearchResults.stories.jsx[2m > [22m[2mLarge Result Set
[22m[39m[ChatContext] Cleaning up subscriptions
[90mstdout[2m | src/components/ChatSidebar/SearchResults.stories.jsx[2m > [22m[2mLarge Result Set
[22m[39m[Mock Data] Unit.onUpdate() subscription removed. Remaining: 0
[90mstdout[2m | src/components/ChatSidebar/SearchResults.stories.jsx[2m > [22m[2mLarge Result Set
[22m[39m[MOCK CourseVectorStore] Initialized with mock data
[90mstdout[2m | src/components/ChatSidebar/SearchResults.stories.jsx[2m > [22m[2mLarge Result Set
[22m[39m[TranslationModeController] Setting mode to: off
[90mstdout[2m | src/components/ChatSidebar/SearchResults.stories.jsx[2m > [22m[2mLarge Result Set
[22m[39m[UnitContext] useEffect triggered {
  "authLoading": false,
  "hasUser": true,
  "id": "unit-123",
  "userSub": "mock-user-sub",
}
[90mstdout[2m | src/components/ChatSidebar/SearchResults.stories.jsx[2m > [22m[2mLarge Result Set
[22m[39m[UnitContext] Fetching unit data for id: unit-123
[90mstdout[2m | src/components/ChatSidebar/SearchResults.stories.jsx[2m > [22m[2mLarge Result Set
[22m[39m[FilesContext] Initializing vector store from IndexedDB
[90mstdout[2m | src/components/ChatSidebar/SearchResults.stories.jsx[2m > [22m[2mLarge Result Set
[22m[39m[FilesContext] fetchFiles called
[90mstdout[2m | src/components/ChatSidebar/SearchResults.stories.jsx[2m > [22m[2mLarge Result Set
[22m[39m[FilesContext] User authenticated: mock-user-sub
[90mstdout[2m | src/components/ChatSidebar/SearchResults.stories.jsx[2m > [22m[2mLarge Result Set
[22m[39m[FilesContext] Identity ID: us-east-1:mock-identity-123
[90mstdout[2m | src/components/ChatSidebar/SearchResults.stories.jsx[2m > [22m[2mLarge Result Set
[22m[39m[FilesContext] About to set up File observeQuery
[90mstdout[2m | src/components/ChatSidebar/SearchResults.stories.jsx[2m > [22m[2mLarge Result Set
[22m[39m[ChatContext] Setting up AssistantChat observeQuery
[90mstdout[2m | src/components/ChatSidebar/SearchResults.stories.jsx[2m > [22m[2mLarge Result Set
[22m[39m[ChatContext] Waiting for subscription to initialize
[90mstdout[2m | src/components/ChatSidebar/SearchResults.stories.jsx[2m > [22m[2mLarge Result Set
[22m[39m[SettingsContext] Setting up Settings subscription for user: mock-user-sub
[90mstdout[2m | src/components/ChatSidebar/SearchResults.stories.jsx[2m > [22m[2mLarge Result Set
[22m[39m[Mock Data] Settings created: mock-settings-1790417307015 - notified 0 subscribers
[90mstdout[2m | src/components/ChatSidebar/SearchResults.stories.jsx[2m > [22m[2mLarge Result Set
[22m[39m[Mock Data] Unit.onUpdate() subscription added. Total: 1
[90mstdout[2m | src/components/ChatSidebar/SearchResults.stories.jsx[2m > [22m[2mLarge Result Set
[22m[39m[SectionContext] Section observeQuery update: 0
[90mstdout[2m | src/components/ChatSidebar/SearchResults.stories.jsx[2m > [22m[2mLarge Result Set
[22m[39m[FilesContext] File observeQuery update: 6 files
[90mstdout[2m | src/components/ChatSidebar/SearchResults.stories.jsx[2m > [22m[2mLarge Result Set
[22m[39m[ChatContext] AssistantChat initialized with 1 chats
[90mstdout[2m | src/components/ChatSidebar/SearchResults.stories.jsx[2m > [22m[2mLarge Result Set
[22m[39m[ChatContext] Setting initial chat: mock-assistant-chat-1
[90mstdout[2m | src/components/ChatSidebar/SearchResults.stories.jsx[2m > [22m[2mLarge Result Set
[22m[39m[MOCK CourseVectorStore] Initialized with mock data
[90mstdout[2m | src/components/ChatSidebar/SearchResults.stories.jsx[2m > [22m[2mLarge Result Set
[22m[39m[FilesContext] Vector store population triggered {
  "currentVectorStoreSize": 3,
  "documentsCount": 0,
  "filesCount": 6,
  "isInitialLoad": true,
}
[90mstdout[2m | src/components/ChatSidebar/SearchResults.stories.jsx[2m > [22m[2mLarge Result Set
[22m[39m[FilesContext] Vector store population complete - 3 total embeddings
[90mstdout[2m | src/components/ChatSidebar/SearchResults.stories.jsx[2m > [22m[2mLarge Result Set
[22m[39m[ChatContext] Chat exists and not archived, skipping creation
[90mstdout[2m | src/components/ChatSidebar/SearchResults.stories.jsx[2m > [22m[2mLarge Result Set
[22m[39m[Mock Storage] downloadData called with: undefined
[90mstdout[2m | src/components/ChatSidebar/SearchResults.stories.jsx[2m > [22m[2mWithout Unit Id
[22m[39m[ChatContext] Cleaning up subscriptions
[90mstdout[2m | src/components/ChatSidebar/SearchResults.stories.jsx[2m > [22m[2mWithout Unit Id
[22m[39m[Mock Data] Unit.onUpdate() subscription removed. Remaining: 0
[90mstdout[2m | src/components/ChatSidebar/SearchResults.stories.jsx[2m > [22m[2mWithout Unit Id
[22m[39m[MOCK CourseVectorStore] Initialized with mock data
[90mstdout[2m | src/components/ChatSidebar/SearchResults.stories.jsx[2m > [22m[2mWithout Unit Id
[22m[39m[TranslationModeController] Setting mode to: off
[90mstdout[2m | src/components/ChatSidebar/SearchResults.stories.jsx[2m > [22m[2mWithout Unit Id
[22m[39m[UnitContext] useEffect triggered {
  "authLoading": false,
  "hasUser": true,
  "id": "mock-unit-id",
  "userSub": "mock-user-sub",
}
[90mstdout[2m | src/components/ChatSidebar/SearchResults.stories.jsx[2m > [22m[2mWithout Unit Id
[22m[39m[UnitContext] Fetching unit data for id: mock-unit-id
[90mstdout[2m | src/components/ChatSidebar/SearchResults.stories.jsx[2m > [22m[2mWithout Unit Id
[22m[39m[FilesContext] Initializing vector store from IndexedDB
[90mstdout[2m | src/components/ChatSidebar/SearchResults.stories.jsx[2m > [22m[2mWithout Unit Id
[22m[39m[FilesContext] fetchFiles called
[90mstdout[2m | src/components/ChatSidebar/SearchResults.stories.jsx[2m > [22m[2mWithout Unit Id
[22m[39m[FilesContext] User authenticated: mock-user-sub
[90mstdout[2m | src/components/ChatSidebar/SearchResults.stories.jsx[2m > [22m[2mWithout Unit Id
[22m[39m[FilesContext] Identity ID: us-east-1:mock-identity-123
[90mstdout[2m | src/components/ChatSidebar/SearchResults.stories.jsx[2m > [22m[2mWithout Unit Id
[22m[39m[FilesContext] About to set up File observeQuery
[90mstdout[2m | src/components/ChatSidebar/SearchResults.stories.jsx[2m > [22m[2mWithout Unit Id
[22m[39m[ChatContext] Setting up AssistantChat observeQuery
[90mstdout[2m | src/components/ChatSidebar/SearchResults.stories.jsx[2m > [22m[2mWithout Unit Id
[22m[39m[ChatContext] Waiting for subscription to initialize
[90mstdout[2m | src/components/ChatSidebar/SearchResults.stories.jsx[2m > [22m[2mWithout Unit Id
[22m[39m[SettingsContext] Setting up Settings subscription for user: mock-user-sub
[90mstdout[2m | src/components/ChatSidebar/SearchResults.stories.jsx[2m > [22m[2mWithout Unit Id
[22m[39m[Mock Data] Settings created: mock-settings-1790417309561 - notified 0 subscribers
[90mstdout[2m | src/components/ChatSidebar/SearchResults.stories.jsx[2m > [22m[2mWithout Unit Id
[22m[39m[Mock Data] Unit.onUpdate() subscription added. Total: 1
[90mstdout[2m | src/components/ChatSidebar/SearchResults.stories.jsx[2m > [22m[2mWithout Unit Id
[22m[39m[SectionContext] Section observeQuery update: 0
[90mstdout[2m | src/components/ChatSidebar/SearchResults.stories.jsx[2m > [22m[2mWithout Unit Id
[22m[39m[FilesContext] File observeQuery update: 6 files
[90mstdout[2m | src/components/ChatSidebar/SearchResults.stories.jsx[2m > [22m[2mWithout Unit Id
[22m[39m[ChatContext] AssistantChat initialized with 1 chats
[90mstdout[2m | src/components/ChatSidebar/SearchResults.stories.jsx[2m > [22m[2mWithout Unit Id
[22m[39m[ChatContext] Setting initial chat: mock-assistant-chat-1
[90mstdout[2m | src/components/ChatSidebar/SearchResults.stories.jsx[2m > [22m[2mWithout Unit Id
[22m[39m[MOCK CourseVectorStore] Initialized with mock data
[90mstdout[2m | src/components/ChatSidebar/SearchResults.stories.jsx[2m > [22m[2mWithout Unit Id
[22m[39m[FilesContext] Vector store population triggered {
  "currentVectorStoreSize": 3,
  "documentsCount": 0,
  "filesCount": 6,
  "isInitialLoad": true,
}
[90mstdout[2m | src/components/ChatSidebar/SearchResults.stories.jsx[2m > [22m[2mWithout Unit Id
[22m[39m[FilesContext] Vector store population complete - 3 total embeddings
[90mstdout[2m | src/components/ChatSidebar/SearchResults.stories.jsx[2m > [22m[2mWithout Unit Id
[22m[39m[ChatContext] Chat exists and not archived, skipping creation
[90mstdout[2m | src/components/ChatSidebar/SearchResults.stories.jsx[2m > [22m[2mWithout Unit Id
[22m[39m[Mock Storage] downloadData called with: undefined
[90mstdout[2m | src/components/ChatSidebar/SearchResults.stories.jsx[2m > [22m[2mMinimal Callbacks
[22m[39m[ChatContext] Cleaning up subscriptions
[90mstdout[2m | src/components/ChatSidebar/SearchResults.stories.jsx[2m > [22m[2mMinimal Callbacks
[22m[39m[Mock Data] Unit.onUpdate() subscription removed. Remaining: 0
[90mstdout[2m | src/components/ChatSidebar/SearchResults.stories.jsx[2m > [22m[2mMinimal Callbacks
[22m[39m[MOCK CourseVectorStore] Initialized with mock data
[90mstdout[2m | src/components/ChatSidebar/SearchResults.stories.jsx[2m > [22m[2mMinimal Callbacks
[22m[39m[TranslationModeController] Setting mode to: off
[90mstdout[2m | src/components/ChatSidebar/SearchResults.stories.jsx[2m > [22m[2mMinimal Callbacks
[22m[39m[UnitContext] useEffect triggered {
  "authLoading": false,
  "hasUser": true,
  "id": "mock-unit-id",
  "userSub": "mock-user-sub",
}
[90mstdout[2m | src/components/ChatSidebar/SearchResults.stories.jsx[2m > [22m[2mMinimal Callbacks
[22m[39m[UnitContext] Fetching unit data for id: mock-unit-id
[90mstdout[2m | src/components/ChatSidebar/SearchResults.stories.jsx[2m > [22m[2mMinimal Callbacks
[22m[39m[FilesContext] Initializing vector store from IndexedDB
[90mstdout[2m | src/components/ChatSidebar/SearchResults.stories.jsx[2m > [22m[2mMinimal Callbacks
[22m[39m[FilesContext] fetchFiles called
[90mstdout[2m | src/components/ChatSidebar/SearchResults.stories.jsx[2m > [22m[2mMinimal Callbacks
[22m[39m[FilesContext] User authenticated: mock-user-sub
[90mstdout[2m | src/components/ChatSidebar/SearchResults.stories.jsx[2m > [22m[2mMinimal Callbacks
[22m[39m[FilesContext] Identity ID: us-east-1:mock-identity-123
[90mstdout[2m | src/components/ChatSidebar/SearchResults.stories.jsx[2m > [22m[2mMinimal Callbacks
[22m[39m[FilesContext] About to set up File observeQuery
[90mstdout[2m | src/components/ChatSidebar/SearchResults.stories.jsx[2m > [22m[2mMinimal Callbacks
[22m[39m[ChatContext] Setting up AssistantChat observeQuery
[90mstdout[2m | src/components/ChatSidebar/SearchResults.stories.jsx[2m > [22m[2mMinimal Callbacks
[22m[39m[ChatContext] Waiting for subscription to initialize
[90mstdout[2m | src/components/ChatSidebar/SearchResults.stories.jsx[2m > [22m[2mMinimal Callbacks
[22m[39m[SettingsContext] Setting up Settings subscription for user: mock-user-sub
[90mstdout[2m | src/components/ChatSidebar/SearchResults.stories.jsx[2m > [22m[2mMinimal Callbacks
[22m[39m[Mock Data] Settings created: mock-settings-1790417310200 - notified 0 subscribers
[90mstdout[2m | src/components/ChatSidebar/SearchResults.stories.jsx[2m > [22m[2mMinimal Callbacks
[22m[39m[Mock Data] Unit.onUpdate() subscription added. Total: 1
[90mstdout[2m | src/components/ChatSidebar/SearchResults.stories.jsx[2m > [22m[2mMinimal Callbacks
[22m[39m[SectionContext] Section observeQuery update: 0
[90mstdout[2m | src/components/ChatSidebar/SearchResults.stories.jsx[2m > [22m[2mMinimal Callbacks
[22m[39m[FilesContext] File observeQuery update: 6 files
[90mstdout[2m | src/components/ChatSidebar/SearchResults.stories.jsx[2m > [22m[2mMinimal Callbacks
[22m[39m[ChatContext] AssistantChat initialized with 1 chats
[90mstdout[2m | src/components/ChatSidebar/SearchResults.stories.jsx[2m > [22m[2mMinimal Callbacks
[22m[39m[ChatContext] Setting initial chat: mock-assistant-chat-1
[90mstdout[2m | src/components/ChatSidebar/SearchResults.stories.jsx[2m > [22m[2mMinimal Callbacks
[22m[39m[MOCK CourseVectorStore] Initialized with mock data
[90mstdout[2m | src/components/ChatSidebar/SearchResults.stories.jsx[2m > [22m[2mMinimal Callbacks
[22m[39m[FilesContext] Vector store population triggered {
  "currentVectorStoreSize": 3,
  "documentsCount": 0,
  "filesCount": 6,
  "isInitialLoad": true,
}
[90mstdout[2m | src/components/ChatSidebar/SearchResults.stories.jsx[2m > [22m[2mMinimal Callbacks
[22m[39m[FilesContext] Vector store population complete - 3 total embeddings
[90mstdout[2m | src/components/ChatSidebar/SearchResults.stories.jsx[2m > [22m[2mMinimal Callbacks
[22m[39m[ChatContext] Chat exists and not archived, skipping creation
[90mstdout[2m | src/components/ChatSidebar/SearchResults.stories.jsx[2m > [22m[2mMinimal Callbacks
[22m[39m[Mock Storage] downloadData called with: undefined
[90mstdout[2m | src/components/ChatSidebar/SearchResults.stories.jsx[2m > [22m[2mIn Constrained Container
[22m[39m[ChatContext] Cleaning up subscriptions
[90mstdout[2m | src/components/ChatSidebar/SearchResults.stories.jsx[2m > [22m[2mIn Constrained Container
[22m[39m[Mock Data] Unit.onUpdate() subscription removed. Remaining: 0
[90mstdout[2m | src/components/ChatSidebar/SearchResults.stories.jsx[2m > [22m[2mIn Constrained Container
[22m[39m[MOCK CourseVectorStore] Initialized with mock data
[90mstdout[2m | src/components/ChatSidebar/SearchResults.stories.jsx[2m > [22m[2mIn Constrained Container
[22m[39m[TranslationModeController] Setting mode to: off
[90mstdout[2m | src/components/ChatSidebar/SearchResults.stories.jsx[2m > [22m[2mIn Constrained Container
[22m[39m[UnitContext] useEffect triggered {
  "authLoading": false,
  "hasUser": true,
  "id": "unit-123",
  "userSub": "mock-user-sub",
}
[90mstdout[2m | src/components/ChatSidebar/SearchResults.stories.jsx[2m > [22m[2mIn Constrained Container
[22m[39m[UnitContext] Fetching unit data for id: unit-123
[90mstdout[2m | src/components/ChatSidebar/SearchResults.stories.jsx[2m > [22m[2mIn Constrained Container
[22m[39m[FilesContext] Initializing vector store from IndexedDB
[90mstdout[2m | src/components/ChatSidebar/SearchResults.stories.jsx[2m > [22m[2mIn Constrained Container
[22m[39m[FilesContext] fetchFiles called
[90mstdout[2m | src/components/ChatSidebar/SearchResults.stories.jsx[2m > [22m[2mIn Constrained Container
[22m[39m[FilesContext] User authenticated: mock-user-sub
[90mstdout[2m | src/components/ChatSidebar/SearchResults.stories.jsx[2m > [22m[2mIn Constrained Container
[22m[39m[FilesContext] Identity ID: us-east-1:mock-identity-123
[90mstdout[2m | src/components/ChatSidebar/SearchResults.stories.jsx[2m > [22m[2mIn Constrained Container
[22m[39m[FilesContext] About to set up File observeQuery
[90mstdout[2m | src/components/ChatSidebar/SearchResults.stories.jsx[2m > [22m[2mIn Constrained Container
[22m[39m[ChatContext] Setting up AssistantChat observeQuery
[90mstdout[2m | src/components/ChatSidebar/SearchResults.stories.jsx[2m > [22m[2mIn Constrained Container
[22m[39m[ChatContext] Waiting for subscription to initialize
[90mstdout[2m | src/components/ChatSidebar/SearchResults.stories.jsx[2m > [22m[2mIn Constrained Container
[22m[39m[SettingsContext] Setting up Settings subscription for user: mock-user-sub
[90mstdout[2m | src/components/ChatSidebar/SearchResults.stories.jsx[2m > [22m[2mIn Constrained Container
[22m[39m[Mock Data] Settings created: mock-settings-1790417310834 - notified 0 subscribers
[90mstdout[2m | src/components/ChatSidebar/SearchResults.stories.jsx[2m > [22m[2mIn Constrained Container
[22m[39m[Mock Data] Unit.onUpdate() subscription added. Total: 1
[90mstdout[2m | src/components/ChatSidebar/SearchResults.stories.jsx[2m > [22m[2mIn Constrained Container
[22m[39m[SectionContext] Section observeQuery update: 0
[90mstdout[2m | src/components/ChatSidebar/SearchResults.stories.jsx[2m > [22m[2mIn Constrained Container
[22m[39m[FilesContext] File observeQuery update: 6 files
[90mstdout[2m | src/components/ChatSidebar/SearchResults.stories.jsx[2m > [22m[2mIn Constrained Container
[22m[39m[ChatContext] AssistantChat initialized with 1 chats
[90mstdout[2m | src/components/ChatSidebar/SearchResults.stories.jsx[2m > [22m[2mIn Constrained Container
[22m[39m[ChatContext] Setting initial chat: mock-assistant-chat-1
[90mstdout[2m | src/components/ChatSidebar/SearchResults.stories.jsx[2m > [22m[2mIn Constrained Container
[22m[39m[MOCK CourseVectorStore] Initialized with mock data
[90mstdout[2m | src/components/ChatSidebar/SearchResults.stories.jsx[2m > [22m[2mIn Constrained Container
[22m[39m[FilesContext] Vector store population triggered {
  "currentVectorStoreSize": 3,
  "documentsCount": 0,
  "filesCount": 6,
  "isInitialLoad": true,
}
[90mstdout[2m | src/components/ChatSidebar/SearchResults.stories.jsx[2m > [22m[2mIn Constrained Container
[22m[39m[FilesContext] Vector store population complete - 3 total embeddings
[90mstdout[2m | src/components/ChatSidebar/SearchResults.stories.jsx[2m > [22m[2mIn Constrained Container
[22m[39m[ChatContext] Chat exists and not archived, skipping creation
[90mstdout[2m | src/components/ChatSidebar/SearchResults.stories.jsx[2m > [22m[2mIn Constrained Container
[22m[39m[Mock Storage] downloadData called with: undefined
 [32m✓[39m [30m[45m storybook (chromium) [49m[39m src/components/ChatSidebar/SearchResults.stories.jsx [2m([22m[2m14 tests[22m[2m)[22m[33m 11388[2mms[22m[39m
   [33m[2m✓[22m[39m All Result Types [33m 1748[2mms[22m[39m
   [33m[2m✓[22m[39m Vocabulary Only [33m 534[2mms[22m[39m
   [33m[2m✓[22m[39m Questions Only [33m 540[2mms[22m[39m
   [33m[2m✓[22m[39m Sections Only [33m 620[2mms[22m[39m
   [33m[2m✓[22m[39m Units Only [33m 541[2mms[22m[39m
   [33m[2m✓[22m[39m High Relevance Scores [33m 754[2mms[22m[39m
   [33m[2m✓[22m[39m Low Relevance Scores [33m 510[2mms[22m[39m
   [33m[2m✓[22m[39m Large Result Set [33m 3051[2mms[22m[39m
   [33m[2m✓[22m[39m Without Unit Id [33m 895[2mms[22m[39m
   [33m[2m✓[22m[39m Minimal Callbacks [33m 511[2mms[22m[39m
   [33m[2m✓[22m[39m In Constrained Container [33m 893[2mms[22m[39m
[90mstdout[2m | unknown test
[22m[39m[MOCK vectorStoreDB.js] Module loaded - mock IndexedDB operations
[90mstdout[2m | unknown test
[22m[39m[Task Completion] DOM action listeners initialized
[90mstdout[2m | unknown test
[22m[39m[Task Completion] Auto-completion detector initialized
[90mstdout[2m | unknown test
[22m[39m[Preview] Task completion detector initialized
[90mstdout[2m | .storybook/docs/QuickTour-Instructor.stories.tsx[2m > [22m[2m1. Units Library
[22m[39m[Preview] Skipped clearing mock data (clearMockData=false)
[90mstdout[2m | .storybook/docs/QuickTour-Instructor.stories.tsx[2m > [22m[2m1. Units Library
[22m[39m[Preview] Skipped initializing default mock data (initializeMockData=false)
[90mstdout[2m | .storybook/docs/QuickTour-Instructor.stories.tsx[2m > [22m[2m1. Units Library
[22m[39m[Mock Auth] setMockUser: {
  "attributes": {
    "email": "teacher@example.com",
    "sub": "teacher-1",
  },
  "groups": [
    "Instructors",
  ],
  "username": "teacher-1",
}
[90mstdout[2m | .storybook/docs/QuickTour-Instructor.stories.tsx[2m > [22m[2m1. Units Library
[22m[39m[Mock Data] seedMockUnit: Adding unit unit-japanese-1
[90mstdout[2m | .storybook/docs/QuickTour-Instructor.stories.tsx[2m > [22m[2m1. Units Library
[22m[39m[Mock Data] seedMockUnit: Adding unit unit-japanese-2
[90mstdout[2m | .storybook/docs/QuickTour-Instructor.stories.tsx[2m > [22m[2m1. Units Library
[22m[39m[Mock Data] seedMockUnit: Adding unit unit-japanese-3
[90mstdout[2m | .storybook/docs/QuickTour-Instructor.stories.tsx[2m > [22m[2m1. Units Library
[22m[39m[Mock Data] seedMockUnit: Adding unit unit-kanji-basics
[90mstdout[2m | .storybook/docs/QuickTour-Instructor.stories.tsx[2m > [22m[2m1. Units Library
[22m[39m[Mock Data] seedMockSections: Adding 1 sections
[90mstdout[2m | .storybook/docs/QuickTour-Instructor.stories.tsx[2m > [22m[2m1. Units Library
[22m[39m[Mock Data] Seeding section: section-jpn-101 with owner: teacher-1
[90mstdout[2m | .storybook/docs/QuickTour-Instructor.stories.tsx[2m > [22m[2m1. Units Library
[22m[39m[Mock Data] Total sections in store: 1
[90mstdout[2m | .storybook/docs/QuickTour-Instructor.stories.tsx[2m > [22m[2m1. Units Library
[22m[39m[Mock Data] Sections in store: [
  {
    "id": "section-jpn-101",
    "name": "Japanese 101 - Spring 2024",
    "owner": "teacher-1",
  },
]
[90mstdout[2m | .storybook/docs/QuickTour-Instructor.stories.tsx[2m > [22m[2m1. Units Library
[22m[39m[Mock Data] No active Section subscriptions to notify yet
[90mstdout[2m | .storybook/docs/QuickTour-Instructor.stories.tsx[2m > [22m[2m1. Units Library
[22m[39m[Mock Data] seedMockAssignments: Adding 5 assignments
[90mstdout[2m | .storybook/docs/QuickTour-Instructor.stories.tsx[2m > [22m[2m1. Units Library
[22m[39m[Mock Data] Total assignments in store: 5
[90mstdout[2m | .storybook/docs/QuickTour-Instructor.stories.tsx[2m > [22m[2m1. Units Library
[22m[39m[Mock Data] Seeded grade: grade-alice-1 for unit: unit-japanese-1
[90mstdout[2m | .storybook/docs/QuickTour-Instructor.stories.tsx[2m > [22m[2m1. Units Library
[22m[39m[Mock Data] Grade has data: true
[90mstdout[2m | .storybook/docs/QuickTour-Instructor.stories.tsx[2m > [22m[2m1. Units Library
[22m[39m[Mock Data] Total grades in store: 1
[90mstdout[2m | .storybook/docs/QuickTour-Instructor.stories.tsx[2m > [22m[2m1. Units Library
[22m[39m[Mock Data] Seeded grade: grade-alice-1-attempt2 for unit: unit-japanese-1
[90mstdout[2m | .storybook/docs/QuickTour-Instructor.stories.tsx[2m > [22m[2m1. Units Library
[22m[39m[Mock Data] Grade has data: true
[90mstdout[2m | .storybook/docs/QuickTour-Instructor.stories.tsx[2m > [22m[2m1. Units Library
[22m[39m[Mock Data] Total grades in store: 2
[90mstdout[2m | .storybook/docs/QuickTour-Instructor.stories.tsx[2m > [22m[2m1. Units Library
[22m[39m[Mock Data] Seeded grade: grade-alice-2 for unit: unit-japanese-2
[90mstdout[2m | .storybook/docs/QuickTour-Instructor.stories.tsx[2m > [22m[2m1. Units Library
[22m[39m[Mock Data] Grade has data: true
[90mstdout[2m | .storybook/docs/QuickTour-Instructor.stories.tsx[2m > [22m[2m1. Units Library
[22m[39m[Mock Data] Total grades in store: 3
[90mstdout[2m | .storybook/docs/QuickTour-Instructor.stories.tsx[2m > [22m[2m1. Units Library
[22m[39m[Mock Data] Seeded grade: grade-bob-1 for unit: unit-japanese-1
[90mstdout[2m | .storybook/docs/QuickTour-Instructor.stories.tsx[2m > [22m[2m1. Units Library
[22m[39m[Mock Data] Grade has data: true
[90mstdout[2m | .storybook/docs/QuickTour-Instructor.stories.tsx[2m > [22m[2m1. Units Library
[22m[39m[Mock Data] Total grades in store: 4
[90mstdout[2m | .storybook/docs/QuickTour-Instructor.stories.tsx[2m > [22m[2m1. Units Library
[22m[39m[Mock Data] Seeded grade: grade-bob-2 for unit: unit-japanese-2
[90mstdout[2m | .storybook/docs/QuickTour-Instructor.stories.tsx[2m > [22m[2m1. Units Library
[22m[39m[Mock Data] Grade has data: true
[90mstdout[2m | .storybook/docs/QuickTour-Instructor.stories.tsx[2m > [22m[2m1. Units Library
[22m[39m[Mock Data] Total grades in store: 5
[90mstdout[2m | .storybook/docs/QuickTour-Instructor.stories.tsx[2m > [22m[2m1. Units Library
[22m[39m[Mock Data] Seeded grade: grade-carol-1 for unit: unit-japanese-1
[90mstdout[2m | .storybook/docs/QuickTour-Instructor.stories.tsx[2m > [22m[2m1. Units Library
[22m[39m[Mock Data] Grade has data: true
[90mstdout[2m | .storybook/docs/QuickTour-Instructor.stories.tsx[2m > [22m[2m1. Units Library
[22m[39m[Mock Data] Total grades in store: 6
[90mstdout[2m | .storybook/docs/QuickTour-Instructor.stories.tsx[2m > [22m[2m1. Units Library
[22m[39m[Mock Data] Seeded grade: grade-carol-2 for unit: unit-japanese-2
[90mstdout[2m | .storybook/docs/QuickTour-Instructor.stories.tsx[2m > [22m[2m1. Units Library
[22m[39m[Mock Data] Grade has data: true
[90mstdout[2m | .storybook/docs/QuickTour-Instructor.stories.tsx[2m > [22m[2m1. Units Library
[22m[39m[Mock Data] Total grades in store: 7
[90mstdout[2m | .storybook/docs/QuickTour-Instructor.stories.tsx[2m > [22m[2m1. Units Library
[22m[39m[Mock Data] Seeded grade: grade-dave-1 for unit: unit-japanese-1
[90mstdout[2m | .storybook/docs/QuickTour-Instructor.stories.tsx[2m > [22m[2m1. Units Library
[22m[39m[Mock Data] Grade has data: true
[90mstdout[2m | .storybook/docs/QuickTour-Instructor.stories.tsx[2m > [22m[2m1. Units Library
[22m[39m[Mock Data] Total grades in store: 8
[90mstdout[2m | .storybook/docs/QuickTour-Instructor.stories.tsx[2m > [22m[2m1. Units Library
[22m[39m[Mock Data] Seeded grade: grade-dave-2 for unit: unit-japanese-2
[90mstdout[2m | .storybook/docs/QuickTour-Instructor.stories.tsx[2m > [22m[2m1. Units Library
[22m[39m[Mock Data] Grade has data: true
[90mstdout[2m | .storybook/docs/QuickTour-Instructor.stories.tsx[2m > [22m[2m1. Units Library
[22m[39m[Mock Data] Total grades in store: 9
[90mstdout[2m | .storybook/docs/QuickTour-Instructor.stories.tsx[2m > [22m[2m1. Units Library
[22m[39m[Mock Data] Seeded grade: grade-eve-1 for unit: unit-japanese-1
[90mstdout[2m | .storybook/docs/QuickTour-Instructor.stories.tsx[2m > [22m[2m1. Units Library
[22m[39m[Mock Data] Grade has data: true
[90mstdout[2m | .storybook/docs/QuickTour-Instructor.stories.tsx[2m > [22m[2m1. Units Library
[22m[39m[Mock Data] Total grades in store: 10
[90mstdout[2m | .storybook/docs/QuickTour-Instructor.stories.tsx[2m > [22m[2m1. Units Library
[22m[39m[Mock Data] Seeded grade: grade-eve-2 for unit: unit-japanese-2
[90mstdout[2m | .storybook/docs/QuickTour-Instructor.stories.tsx[2m > [22m[2m1. Units Library
[22m[39m[Mock Data] Grade has data: true
[90mstdout[2m | .storybook/docs/QuickTour-Instructor.stories.tsx[2m > [22m[2m1. Units Library
[22m[39m[Mock Data] Total grades in store: 11
[90mstdout[2m | .storybook/docs/QuickTour-Instructor.stories.tsx[2m > [22m[2m1. Units Library
[22m[39m[Mock Data] Seeded grade: grade-frank-1 for unit: unit-japanese-1
[90mstdout[2m | .storybook/docs/QuickTour-Instructor.stories.tsx[2m > [22m[2m1. Units Library
[22m[39m[Mock Data] Grade has data: true
[90mstdout[2m | .storybook/docs/QuickTour-Instructor.stories.tsx[2m > [22m[2m1. Units Library
[22m[39m[Mock Data] Total grades in store: 12
[90mstdout[2m | .storybook/docs/QuickTour-Instructor.stories.tsx[2m > [22m[2m1. Units Library
[22m[39m[Mock Data] Seeded grade: grade-frank-2 for unit: unit-japanese-3
[90mstdout[2m | .storybook/docs/QuickTour-Instructor.stories.tsx[2m > [22m[2m1. Units Library
[22m[39m[Mock Data] Grade has data: true
[90mstdout[2m | .storybook/docs/QuickTour-Instructor.stories.tsx[2m > [22m[2m1. Units Library
[22m[39m[Mock Data] Total grades in store: 13
[90mstdout[2m | .storybook/docs/QuickTour-Instructor.stories.tsx[2m > [22m[2m1. Units Library
[22m[39m[Mock Data] seedMockStudentProfiles: Adding 6 student profiles
[90mstdout[2m | .storybook/docs/QuickTour-Instructor.stories.tsx[2m > [22m[2m1. Units Library
[22m[39m[Mock Data] seedMockHomeworkRooms: Adding 2 homework rooms
[90mstdout[2m | .storybook/docs/QuickTour-Instructor.stories.tsx[2m > [22m[2m1. Units Library
[22m[39m[IndexPageData] Seeded instructor dashboard with {
  "assignments": 5,
  "grades": 13,
  "sections": 1,
  "units": 4,
}
[90mstdout[2m | .storybook/docs/QuickTour-Instructor.stories.tsx[2m > [22m[2m1. Units Library
[22m[39m[MOCK CourseVectorStore] Initialized with mock data
[90mstdout[2m | .storybook/docs/QuickTour-Instructor.stories.tsx[2m > [22m[2m1. Units Library
[22m[39m[MOCK CourseVectorStore] Initialized with mock data
[90mstdout[2m | .storybook/docs/QuickTour-Instructor.stories.tsx[2m > [22m[2m1. Units Library
[22m[39m[useChatPageContext] Registering page context: {
  "dictionaryCount": 0,
  "filesCount": 0,
  "hasEditorRef": false,
  "hasUnit": false,
  "hasVectorStoreSearch": false,
  "questionsCount": 0,
  "sectionsCount": 0,
}
[90mstdout[2m | .storybook/docs/QuickTour-Instructor.stories.tsx[2m > [22m[2m1. Units Library
[22m[39m[Units] Setting up Unit observeQuery for user: undefined
[90mstdout[2m | .storybook/docs/QuickTour-Instructor.stories.tsx[2m > [22m[2m1. Units Library
[22m[39m[FilesContext] Initializing vector store from IndexedDB
[90mstdout[2m | .storybook/docs/QuickTour-Instructor.stories.tsx[2m > [22m[2m1. Units Library
[22m[39m[FilesContext] fetchFiles called
[90mstdout[2m | .storybook/docs/QuickTour-Instructor.stories.tsx[2m > [22m[2m1. Units Library
[22m[39m[FilesContext] User authenticated: teacher-1
[90mstdout[2m | .storybook/docs/QuickTour-Instructor.stories.tsx[2m > [22m[2m1. Units Library
[22m[39m[FilesContext] Identity ID: identity-teacher-1
[90mstdout[2m | .storybook/docs/QuickTour-Instructor.stories.tsx[2m > [22m[2m1. Units Library
[22m[39m[FilesContext] About to set up File observeQuery
[90mstdout[2m | .storybook/docs/QuickTour-Instructor.stories.tsx[2m > [22m[2m1. Units Library
[22m[39m[TranslationModeController] Setting mode to: off
[90mstdout[2m | .storybook/docs/QuickTour-Instructor.stories.tsx[2m > [22m[2m1. Units Library
[22m[39m[FilesContext] Initializing vector store from IndexedDB
[90mstdout[2m | .storybook/docs/QuickTour-Instructor.stories.tsx[2m > [22m[2m1. Units Library
[22m[39m[FilesContext] fetchFiles called
[90mstdout[2m | .storybook/docs/QuickTour-Instructor.stories.tsx[2m > [22m[2m1. Units Library
[22m[39m[FilesContext] User authenticated: teacher-1
[90mstdout[2m | .storybook/docs/QuickTour-Instructor.stories.tsx[2m > [22m[2m1. Units Library
[22m[39m[FilesContext] Identity ID: identity-teacher-1
[90mstdout[2m | .storybook/docs/QuickTour-Instructor.stories.tsx[2m > [22m[2m1. Units Library
[22m[39m[FilesContext] About to set up File observeQuery
[90mstdout[2m | .storybook/docs/QuickTour-Instructor.stories.tsx[2m > [22m[2m1. Units Library
[22m[39m[ChatContext] Setting up AssistantChat observeQuery
[90mstdout[2m | .storybook/docs/QuickTour-Instructor.stories.tsx[2m > [22m[2m1. Units Library
[22m[39m[ChatContext] Waiting for subscription to initialize
[90mstdout[2m | .storybook/docs/QuickTour-Instructor.stories.tsx[2m > [22m[2m1. Units Library
[22m[39m[SettingsContext] Setting up Settings subscription for user: teacher-1
[90mstdout[2m | .storybook/docs/QuickTour-Instructor.stories.tsx[2m > [22m[2m1. Units Library
[22m[39m[Mock Data] Settings created: mock-settings-1790417326260 - notified 0 subscribers
[90mstdout[2m | .storybook/docs/QuickTour-Instructor.stories.tsx[2m > [22m[2m1. Units Library
[22m[39m[Units] Unit observeQuery update: 4 units
[90mstdout[2m | .storybook/docs/QuickTour-Instructor.stories.tsx[2m > [22m[2m1. Units Library
[22m[39m[FilesContext] File observeQuery update: 0 files
[90mstdout[2m | .storybook/docs/QuickTour-Instructor.stories.tsx[2m > [22m[2m1. Units Library
[22m[39m[FilesContext] File observeQuery update: 0 files
[90mstdout[2m | .storybook/docs/QuickTour-Instructor.stories.tsx[2m > [22m[2m1. Units Library
[22m[39m[ChatContext] AssistantChat initialized with 0 chats
[90mstdout[2m | .storybook/docs/QuickTour-Instructor.stories.tsx[2m > [22m[2m1. Units Library
[22m[39m[Mock Storage] downloadData called with: undefined
[90mstdout[2m | .storybook/docs/QuickTour-Instructor.stories.tsx[2m > [22m[2m1. Units Library
[22m[39m[MOCK CourseVectorStore] Initialized with mock data
[90mstdout[2m | .storybook/docs/QuickTour-Instructor.stories.tsx[2m > [22m[2m1. Units Library
[22m[39m[MOCK CourseVectorStore] Initialized with mock data
[90mstdout[2m | .storybook/docs/QuickTour-Instructor.stories.tsx[2m > [22m[2m1. Units Library
[22m[39m[ChatContext] No current chat available, will create one
[90mstdout[2m | .storybook/docs/QuickTour-Instructor.stories.tsx[2m > [22m[2m1. Units Library
[22m[39m[ChatContext] Creating AssistantChat with user: undefined
[90mstdout[2m | .storybook/docs/QuickTour-Instructor.stories.tsx[2m > [22m[2m1. Units Library
[22m[39m[Mock Data] AssistantChat created: mock-assistantchat-1790417326437 - notified 1 subscribers
[90mstdout[2m | .storybook/docs/QuickTour-Instructor.stories.tsx[2m > [22m[2m1. Units Library
[22m[39m[ChatContext] Create result: {
  "data": {
    "_version": 1,
    "archived": false,
    "chatFiles": [Function anonymous],
    "createdAt": "2026-09-26T10:08:46.437Z",
    "id": "mock-assistantchat-1790417326437",
    "model": "gpt-4",
    "updatedAt": "2026-09-26T10:08:46.437Z",
  },
  "errors": [],
  "hasData": true,
  "hasErrors": true,
}
[90mstdout[2m | .storybook/docs/QuickTour-Instructor.stories.tsx[2m > [22m[2m1. Units Library
[22m[39m[ChatContext] Created AssistantChat: mock-assistantchat-1790417326437 at: 2026-09-26T10:08:46.437Z
[90mstdout[2m | .storybook/docs/QuickTour-Instructor.stories.tsx[2m > [22m[2m1. Units Library
[22m[39m[Mock Storage] downloadData called with: undefined
[90mstdout[2m | .storybook/docs/QuickTour-Instructor.stories.tsx[2m > [22m[2m1. Units Library
[22m[39m[ChatContext] Setting initial chat: mock-assistantchat-1790417326437
[90mstdout[2m | .storybook/docs/QuickTour-Instructor.stories.tsx[2m > [22m[2m1. Units Library
[22m[39m[ChatContext] Chat exists and not archived, skipping creation
[90mstdout[2m | .storybook/docs/QuickTour-Instructor.stories.tsx[2m > [22m[2m1. Units Library
[22m[39mMock Cache.getItem called with: getCachedUrl_/story-mocks/piano-10046998_1280.jpg
[90mstdout[2m | .storybook/docs/QuickTour-Instructor.stories.tsx[2m > [22m[2m1. Units Library
[22m[39mMock Cache.getItem called with: getCachedUrl_/story-mocks/animals-10008941_1280.jpg
[90mstdout[2m | .storybook/docs/QuickTour-Instructor.stories.tsx[2m > [22m[2m1. Units Library
[22m[39mMock Cache.getItem called with: getCachedUrl_/story-mocks/namibia-9992336_1280.jpg
[90mstdout[2m | .storybook/docs/QuickTour-Instructor.stories.tsx[2m > [22m[2m1. Units Library
[22m[39mMock Cache.getItem called with: getCachedUrl_/story-mocks/320px-Test_sign.jpg
[90mstdout[2m | .storybook/docs/QuickTour-Instructor.stories.tsx[2m > [22m[2m1. Units Library
[22m[39mMock getUrl called with: /story-mocks/piano-10046998_1280.jpg
[90mstdout[2m | .storybook/docs/QuickTour-Instructor.stories.tsx[2m > [22m[2m1. Units Library
[22m[39mMock getUrl called with: /story-mocks/animals-10008941_1280.jpg
[90mstdout[2m | .storybook/docs/QuickTour-Instructor.stories.tsx[2m > [22m[2m1. Units Library
[22m[39mMock getUrl called with: /story-mocks/namibia-9992336_1280.jpg
[90mstdout[2m | .storybook/docs/QuickTour-Instructor.stories.tsx[2m > [22m[2m1. Units Library
[22m[39mMock getUrl called with: /story-mocks/320px-Test_sign.jpg
[90mstdout[2m | .storybook/docs/QuickTour-Instructor.stories.tsx[2m > [22m[2m1. Units Library
[22m[39mMock Cache.setItem called with: getCachedUrl_/story-mocks/piano-10046998_1280.jpg /story-mocks/piano-10046998_1280.jpg
[90mstdout[2m | .storybook/docs/QuickTour-Instructor.stories.tsx[2m > [22m[2m1. Units Library
[22m[39mMock Cache.setItem called with: getCachedUrl_/story-mocks/animals-10008941_1280.jpg /story-mocks/animals-10008941_1280.jpg
[90mstdout[2m | .storybook/docs/QuickTour-Instructor.stories.tsx[2m > [22m[2m1. Units Library
[22m[39mMock Cache.setItem called with: getCachedUrl_/story-mocks/namibia-9992336_1280.jpg /story-mocks/namibia-9992336_1280.jpg
[90mstdout[2m | .storybook/docs/QuickTour-Instructor.stories.tsx[2m > [22m[2m1. Units Library
[22m[39mMock Cache.setItem called with: getCachedUrl_/story-mocks/320px-Test_sign.jpg /story-mocks/320px-Test_sign.jpg
[90mstdout[2m | .storybook/docs/QuickTour-Instructor.stories.tsx[2m > [22m[2m2. Unit Editor
[22m[39m[ChatContext] Cleaning up subscriptions
[90mstdout[2m | .storybook/docs/QuickTour-Instructor.stories.tsx[2m > [22m[2m2. Unit Editor
[22m[39m[useChatPageContext] Cleaning up page context
[90mstdout[2m | .storybook/docs/QuickTour-Instructor.stories.tsx[2m > [22m[2m2. Unit Editor
[22m[39m[Preview] Skipped clearing mock data (clearMockData=false)
[90mstdout[2m | .storybook/docs/QuickTour-Instructor.stories.tsx[2m > [22m[2m2. Unit Editor
[22m[39m[Preview] Skipped initializing default mock data (initializeMockData=false)
[90mstdout[2m | .storybook/docs/QuickTour-Instructor.stories.tsx[2m > [22m[2m2. Unit Editor
[22m[39m[Mock Auth] setMockUser: {
  "attributes": {
    "email": "teacher@example.com",
    "sub": "teacher-1",
  },
  "groups": [
    "Instructors",
  ],
  "username": "teacher-1",
}
[90mstdout[2m | .storybook/docs/QuickTour-Instructor.stories.tsx[2m > [22m[2m2. Unit Editor
[22m[39m[Mock Data] seedMockUnit: Adding unit unit-japanese-1
[90mstdout[2m | .storybook/docs/QuickTour-Instructor.stories.tsx[2m > [22m[2m2. Unit Editor
[22m[39m[Mock Data] seedMockUnit: Adding unit unit-japanese-2
[90mstdout[2m | .storybook/docs/QuickTour-Instructor.stories.tsx[2m > [22m[2m2. Unit Editor
[22m[39m[Mock Data] seedMockUnit: Adding unit unit-japanese-3
[90mstdout[2m | .storybook/docs/QuickTour-Instructor.stories.tsx[2m > [22m[2m2. Unit Editor
[22m[39m[Mock Data] seedMockUnit: Adding unit unit-kanji-basics
[90mstdout[2m | .storybook/docs/QuickTour-Instructor.stories.tsx[2m > [22m[2m2. Unit Editor
[22m[39m[Mock Data] seedMockSections: Adding 1 sections
[90mstdout[2m | .storybook/docs/QuickTour-Instructor.stories.tsx[2m > [22m[2m2. Unit Editor
[22m[39m[Mock Data] Seeding section: section-jpn-101 with owner: teacher-1
[90mstdout[2m | .storybook/docs/QuickTour-Instructor.stories.tsx[2m > [22m[2m2. Unit Editor
[22m[39m[Mock Data] Total sections in store: 1
[90mstdout[2m | .storybook/docs/QuickTour-Instructor.stories.tsx[2m > [22m[2m2. Unit Editor
[22m[39m[Mock Data] Sections in store: [
  {
    "id": "section-jpn-101",
    "name": "Japanese 101 - Spring 2024",
    "owner": "teacher-1",
  },
]
[90mstdout[2m | .storybook/docs/QuickTour-Instructor.stories.tsx[2m > [22m[2m2. Unit Editor
[22m[39m[Mock Data] No active Section subscriptions to notify yet
[90mstdout[2m | .storybook/docs/QuickTour-Instructor.stories.tsx[2m > [22m[2m2. Unit Editor
[22m[39m[Mock Data] seedMockAssignments: Adding 5 assignments
[90mstdout[2m | .storybook/docs/QuickTour-Instructor.stories.tsx[2m > [22m[2m2. Unit Editor
[22m[39m[Mock Data] Total assignments in store: 5
[90mstdout[2m | .storybook/docs/QuickTour-Instructor.stories.tsx[2m > [22m[2m2. Unit Editor
[22m[39m[Mock Data] Seeded grade: grade-alice-1 for unit: unit-japanese-1
[90mstdout[2m | .storybook/docs/QuickTour-Instructor.stories.tsx[2m > [22m[2m2. Unit Editor
[22m[39m[Mock Data] Grade has data: true
[90mstdout[2m | .storybook/docs/QuickTour-Instructor.stories.tsx[2m > [22m[2m2. Unit Editor
[22m[39m[Mock Data] Total grades in store: 1
[90mstdout[2m | .storybook/docs/QuickTour-Instructor.stories.tsx[2m > [22m[2m2. Unit Editor
[22m[39m[Mock Data] Seeded grade: grade-alice-1-attempt2 for unit: unit-japanese-1
[90mstdout[2m | .storybook/docs/QuickTour-Instructor.stories.tsx[2m > [22m[2m2. Unit Editor
[22m[39m[Mock Data] Grade has data: true
[90mstdout[2m | .storybook/docs/QuickTour-Instructor.stories.tsx[2m > [22m[2m2. Unit Editor
[22m[39m[Mock Data] Total grades in store: 2
[90mstdout[2m | .storybook/docs/QuickTour-Instructor.stories.tsx[2m > [22m[2m2. Unit Editor
[22m[39m[Mock Data] Seeded grade: grade-alice-2 for unit: unit-japanese-2
[90mstdout[2m | .storybook/docs/QuickTour-Instructor.stories.tsx[2m > [22m[2m2. Unit Editor
[22m[39m[Mock Data] Grade has data: true
[90mstdout[2m | .storybook/docs/QuickTour-Instructor.stories.tsx[2m > [22m[2m2. Unit Editor
[22m[39m[Mock Data] Total grades in store: 3
[90mstdout[2m | .storybook/docs/QuickTour-Instructor.stories.tsx[2m > [22m[2m2. Unit Editor
[22m[39m[Mock Data] Seeded grade: grade-bob-1 for unit: unit-japanese-1
[90mstdout[2m | .storybook/docs/QuickTour-Instructor.stories.tsx[2m > [22m[2m2. Unit Editor
[22m[39m[Mock Data] Grade has data: true
[90mstdout[2m | .storybook/docs/QuickTour-Instructor.stories.tsx[2m > [22m[2m2. Unit Editor
[22m[39m[Mock Data] Total grades in store: 4
[90mstdout[2m | .storybook/docs/QuickTour-Instructor.stories.tsx[2m > [22m[2m2. Unit Editor
[22m[39m[Mock Data] Seeded grade: grade-bob-2 for unit: unit-japanese-2
[90mstdout[2m | .storybook/docs/QuickTour-Instructor.stories.tsx[2m > [22m[2m2. Unit Editor
[22m[39m[Mock Data] Grade has data: true
[90mstdout[2m | .storybook/docs/QuickTour-Instructor.stories.tsx[2m > [22m[2m2. Unit Editor
[22m[39m[Mock Data] Total grades in store: 5
[90mstdout[2m | .storybook/docs/QuickTour-Instructor.stories.tsx[2m > [22m[2m2. Unit Editor
[22m[39m[Mock Data] Seeded grade: grade-carol-1 for unit: unit-japanese-1
[90mstdout[2m | .storybook/docs/QuickTour-Instructor.stories.tsx[2m > [22m[2m2. Unit Editor
[22m[39m[Mock Data] Grade has data: true
[90mstdout[2m | .storybook/docs/QuickTour-Instructor.stories.tsx[2m > [22m[2m2. Unit Editor
[22m[39m[Mock Data] Total grades in store: 6
[90mstdout[2m | .storybook/docs/QuickTour-Instructor.stories.tsx[2m > [22m[2m2. Unit Editor
[22m[39m[Mock Data] Seeded grade: grade-carol-2 for unit: unit-japanese-2
[90mstdout[2m | .storybook/docs/QuickTour-Instructor.stories.tsx[2m > [22m[2m2. Unit Editor
[22m[39m[Mock Data] Grade has data: true
[90mstdout[2m | .storybook/docs/QuickTour-Instructor.stories.tsx[2m > [22m[2m2. Unit Editor
[22m[39m[Mock Data] Total grades in store: 7
[90mstdout[2m | .storybook/docs/QuickTour-Instructor.stories.tsx[2m > [22m[2m2. Unit Editor
[22m[39m[Mock Data] Seeded grade: grade-dave-1 for unit: unit-japanese-1
[90mstdout[2m | .storybook/docs/QuickTour-Instructor.stories.tsx[2m > [22m[2m2. Unit Editor
[22m[39m[Mock Data] Grade has data: true
[90mstdout[2m | .storybook/docs/QuickTour-Instructor.stories.tsx[2m > [22m[2m2. Unit Editor
[22m[39m[Mock Data] Total grades in store: 8
[90mstdout[2m | .storybook/docs/QuickTour-Instructor.stories.tsx[2m > [22m[2m2. Unit Editor
[22m[39m[Mock Data] Seeded grade: grade-dave-2 for unit: unit-japanese-2
[90mstdout[2m | .storybook/docs/QuickTour-Instructor.stories.tsx[2m > [22m[2m2. Unit Editor
[22m[39m[Mock Data] Grade has data: true
[90mstdout[2m | .storybook/docs/QuickTour-Instructor.stories.tsx[2m > [22m[2m2. Unit Editor
[22m[39m[Mock Data] Total grades in store: 9
[90mstdout[2m | .storybook/docs/QuickTour-Instructor.stories.tsx[2m > [22m[2m2. Unit Editor
[22m[39m[Mock Data] Seeded grade: grade-eve-1 for unit: unit-japanese-1
[90mstdout[2m | .storybook/docs/QuickTour-Instructor.stories.tsx[2m > [22m[2m2. Unit Editor
[22m[39m[Mock Data] Grade has data: true
[90mstdout[2m | .storybook/docs/QuickTour-Instructor.stories.tsx[2m > [22m[2m2. Unit Editor
[22m[39m[Mock Data] Total grades in store: 10
[90mstdout[2m | .storybook/docs/QuickTour-Instructor.stories.tsx[2m > [22m[2m2. Unit Editor
[22m[39m[Mock Data] Seeded grade: grade-eve-2 for unit: unit-japanese-2
[90mstdout[2m | .storybook/docs/QuickTour-Instructor.stories.tsx[2m > [22m[2m2. Unit Editor
[22m[39m[Mock Data] Grade has data: true
[90mstdout[2m | .storybook/docs/QuickTour-Instructor.stories.tsx[2m > [22m[2m2. Unit Editor
[22m[39m[Mock Data] Total grades in store: 11
[90mstdout[2m | .storybook/docs/QuickTour-Instructor.stories.tsx[2m > [22m[2m2. Unit Editor
[22m[39m[Mock Data] Seeded grade: grade-frank-1 for unit: unit-japanese-1
[90mstdout[2m | .storybook/docs/QuickTour-Instructor.stories.tsx[2m > [22m[2m2. Unit Editor
[22m[39m[Mock Data] Grade has data: true
[90mstdout[2m | .storybook/docs/QuickTour-Instructor.stories.tsx[2m > [22m[2m2. Unit Editor
[22m[39m[Mock Data] Total grades in store: 12
[90mstdout[2m | .storybook/docs/QuickTour-Instructor.stories.tsx[2m > [22m[2m2. Unit Editor
[22m[39m[Mock Data] Seeded grade: grade-frank-2 for unit: unit-japanese-3
[90mstdout[2m | .storybook/docs/QuickTour-Instructor.stories.tsx[2m > [22m[2m2. Unit Editor
[22m[39m[Mock Data] Grade has data: true
[90mstdout[2m | .storybook/docs/QuickTour-Instructor.stories.tsx[2m > [22m[2m2. Unit Editor
[22m[39m[Mock Data] Total grades in store: 13
[90mstdout[2m | .storybook/docs/QuickTour-Instructor.stories.tsx[2m > [22m[2m2. Unit Editor
[22m[39m[Mock Data] seedMockStudentProfiles: Adding 6 student profiles
[90mstdout[2m | .storybook/docs/QuickTour-Instructor.stories.tsx[2m > [22m[2m2. Unit Editor
[22m[39m[Mock Data] seedMockHomeworkRooms: Adding 2 homework rooms
[90mstdout[2m | .storybook/docs/QuickTour-Instructor.stories.tsx[2m > [22m[2m2. Unit Editor
[22m[39m[IndexPageData] Seeded instructor dashboard with {
  "assignments": 5,
  "grades": 13,
  "sections": 1,
  "units": 4,
}
[90mstdout[2m | .storybook/docs/QuickTour-Instructor.stories.tsx[2m > [22m[2m2. Unit Editor
[22m[39m[MOCK CourseVectorStore] Initialized with mock data
[90mstdout[2m | .storybook/docs/QuickTour-Instructor.stories.tsx[2m > [22m[2m2. Unit Editor
[22m[39m[MOCK CourseVectorStore] Initialized with mock data
[90mstdout[2m | .storybook/docs/QuickTour-Instructor.stories.tsx[2m > [22m[2m2. Unit Editor
[22m[39m[MOCK CourseVectorStore] Initialized with mock data
[90mstdout[2m | .storybook/docs/QuickTour-Instructor.stories.tsx[2m > [22m[2m2. Unit Editor
[22m[39m[UnitContext] useEffect triggered {
  "authLoading": false,
  "hasUser": true,
  "id": "unit-japanese-1",
  "userSub": "teacher-1",
}
[90mstdout[2m | .storybook/docs/QuickTour-Instructor.stories.tsx[2m > [22m[2m2. Unit Editor
[22m[39m[UnitContext] Fetching unit data for id: unit-japanese-1
[90mstdout[2m | .storybook/docs/QuickTour-Instructor.stories.tsx[2m > [22m[2m2. Unit Editor
[22m[39m[FilesContext] Initializing vector store from IndexedDB
[90mstdout[2m | .storybook/docs/QuickTour-Instructor.stories.tsx[2m > [22m[2m2. Unit Editor
[22m[39m[FilesContext] fetchFiles called
[90mstdout[2m | .storybook/docs/QuickTour-Instructor.stories.tsx[2m > [22m[2m2. Unit Editor
[22m[39m[FilesContext] User authenticated: teacher-1
[90mstdout[2m | .storybook/docs/QuickTour-Instructor.stories.tsx[2m > [22m[2m2. Unit Editor
[22m[39m[FilesContext] Identity ID: identity-teacher-1
[90mstdout[2m | .storybook/docs/QuickTour-Instructor.stories.tsx[2m > [22m[2m2. Unit Editor
[22m[39m[FilesContext] About to set up File observeQuery
[90mstdout[2m | .storybook/docs/QuickTour-Instructor.stories.tsx[2m > [22m[2m2. Unit Editor
[22m[39m[FilesContext] Initializing vector store from IndexedDB
[90mstdout[2m | .storybook/docs/QuickTour-Instructor.stories.tsx[2m > [22m[2m2. Unit Editor
[22m[39m[FilesContext] fetchFiles called
[90mstdout[2m | .storybook/docs/QuickTour-Instructor.stories.tsx[2m > [22m[2m2. Unit Editor
[22m[39m[FilesContext] User authenticated: teacher-1
[90mstdout[2m | .storybook/docs/QuickTour-Instructor.stories.tsx[2m > [22m[2m2. Unit Editor
[22m[39m[FilesContext] Identity ID: identity-teacher-1
[90mstdout[2m | .storybook/docs/QuickTour-Instructor.stories.tsx[2m > [22m[2m2. Unit Editor
[22m[39m[FilesContext] About to set up File observeQuery
[90mstdout[2m | .storybook/docs/QuickTour-Instructor.stories.tsx[2m > [22m[2m2. Unit Editor
[22m[39m[TranslationModeController] Setting mode to: off
[90mstdout[2m | .storybook/docs/QuickTour-Instructor.stories.tsx[2m > [22m[2m2. Unit Editor
[22m[39m[FilesContext] Initializing vector store from IndexedDB
[90mstdout[2m | .storybook/docs/QuickTour-Instructor.stories.tsx[2m > [22m[2m2. Unit Editor
[22m[39m[FilesContext] fetchFiles called
[90mstdout[2m | .storybook/docs/QuickTour-Instructor.stories.tsx[2m > [22m[2m2. Unit Editor
[22m[39m[FilesContext] User authenticated: teacher-1
[90mstdout[2m | .storybook/docs/QuickTour-Instructor.stories.tsx[2m > [22m[2m2. Unit Editor
[22m[39m[FilesContext] Identity ID: identity-teacher-1
[90mstdout[2m | .storybook/docs/QuickTour-Instructor.stories.tsx[2m > [22m[2m2. Unit Editor
[22m[39m[FilesContext] About to set up File observeQuery
[90mstdout[2m | .storybook/docs/QuickTour-Instructor.stories.tsx[2m > [22m[2m2. Unit Editor
[22m[39m[ChatContext] Setting up AssistantChat observeQuery
[90mstdout[2m | .storybook/docs/QuickTour-Instructor.stories.tsx[2m > [22m[2m2. Unit Editor
[22m[39m[ChatContext] Waiting for subscription to initialize
[90mstdout[2m | .storybook/docs/QuickTour-Instructor.stories.tsx[2m > [22m[2m2. Unit Editor
[22m[39m[SettingsContext] Setting up Settings subscription for user: teacher-1
[90mstdout[2m | .storybook/docs/QuickTour-Instructor.stories.tsx[2m > [22m[2m2. Unit Editor
[22m[39m[MOCK CourseVectorStore] Initialized with mock data
[90mstdout[2m | .storybook/docs/QuickTour-Instructor.stories.tsx[2m > [22m[2m2. Unit Editor
[22m[39m[Mock Data] Settings created: mock-settings-1790417328936 - notified 0 subscribers
[90mstdout[2m | .storybook/docs/QuickTour-Instructor.stories.tsx[2m > [22m[2m2. Unit Editor
[22m[39m[Mock Data] Unit.onUpdate() subscription added. Total: 1
[90mstdout[2m | .storybook/docs/QuickTour-Instructor.stories.tsx[2m > [22m[2m2. Unit Editor
[22m[39m[useTabState] Initialized with: {
  "leftOpen": false,
  "leftTab": 4,
  "leftWidth": 350,
  "rightOpen": false,
  "rightTab": 5,
  "rightWidth": 350,
} from URL: {} localStorage: null defaults: {
  "defaultLeftTab": 4,
  "defaultRightTab": 5,
}
[90mstdout[2m | .storybook/docs/QuickTour-Instructor.stories.tsx[2m > [22m[2m2. Unit Editor
[22m[39m[FileManager2] Files received from context: 0 []
[90mstdout[2m | .storybook/docs/QuickTour-Instructor.stories.tsx[2m > [22m[2m2. Unit Editor
[22m[39m[FileManager2] Upload useEffect triggered. filesToUpload: 0 uploadInProgress: false
[90mstdout[2m | .storybook/docs/QuickTour-Instructor.stories.tsx[2m > [22m[2m2. Unit Editor
[22m[39m[FileManager2] Skipping upload - no files or already in progress
[90mstdout[2m | .storybook/docs/QuickTour-Instructor.stories.tsx[2m > [22m[2m2. Unit Editor
[22m[39m[chatTools] Vector store search function registered: true
[90mstdout[2m | .storybook/docs/QuickTour-Instructor.stories.tsx[2m > [22m[2m2. Unit Editor
[22m[39m[ChatSidebar] Registered vector store search, isReady: false
[90mstdout[2m | .storybook/docs/QuickTour-Instructor.stories.tsx[2m > [22m[2m2. Unit Editor
[22m[39m[chatTools] Practice drill callback registered: true
[90mstdout[2m | .storybook/docs/QuickTour-Instructor.stories.tsx[2m > [22m[2m2. Unit Editor
[22m[39m[useChatPageContext] Registering page context: {
  "dictionaryCount": 0,
  "filesCount": 0,
  "hasEditorRef": true,
  "hasUnit": true,
  "hasVectorStoreSearch": true,
  "questionsCount": 0,
  "sectionsCount": 0,
}
[90mstdout[2m | .storybook/docs/QuickTour-Instructor.stories.tsx[2m > [22m[2m2. Unit Editor
[22m[39m[Mock] CollaborationPlugin rendered with props: {
  "color": "#10b981",
  "cursorsContainerRef": {
    "current": <div
      class="jsx-9364b876b91d91fe collaboration-cursors-container"
      style="position: relative;"
    >
      <div
        aria-label="Edit"
        autocapitalize="off"
        class="editor"
        contenteditable="true"
        data-lexical-editor="true"
        data-tour="editor"
        dir="ltr"
        role="textbox"
        spellcheck="true"
        style="max-width: 100%; outline: none; min-height: 100%; padding: 1rem 2rem 1rem 0.5rem; user-select: text; white-space: pre-wrap; word-break: break-word;"
      >
        <h1
          class="LanguageEditorTheme__h1"
          dir="ltr"
        >
          <span
            data-lexical-text="true"
          >
            Japanese Greetings
          </span>
        </h1>
      </div>
    </div>,
  },
  "provider": YjsDocProvider {
    "awareness": Awareness {
      "_checkInterval": 157,
      "_observers": Map {},
      "clientID": 1614263186,
      "doc": {
        "editorContent": "",
        "metadata": {},
      },
      "meta": Map {
        1614263186 => {
          "clock": 0,
          "lastUpdated": 1790417329278,
        },
      },
      "states": Map {
        1614263186 => {},
      },
    },
    "config": {
      "connect": true,
      "docName": "unit-unit-japanese-1",
      "maxBackoffTime": 30000,
      "persistence": true,
      "resyncInterval": 5000,
      "wsUrl": "wss://j5eyo7cpia.execute-api.us-east-1.amazonaws.com/live",
    },
    "defaultConfig": {
      "connect": true,
      "maxBackoffTime": 30000,
      "persistence": true,
      "resyncInterval": 5000,
      "wsUrl": "wss://j5eyo7cpia.execute-api.us-east-1.amazonaws.com/live",
    },
    "docName": "unit-unit-japanese-1",
    "hasLoggedConnectionError": false,
    "indexeddb": IndexeddbPersistence {
      "_db": Promise {},
      "_dbref": 0,
      "_dbsize": 0,
      "_destroyed": false,
      "_observers": Map {
        "synced" => Set {
          [Function anonymous],
        },
      },
      "_storeTimeout": 1000,
      "_storeTimeoutId": null,
      "_storeUpdate": [Function anonymous],
      "db": null,
      "destroy": [Function bound destroy],
      "doc": {
        "editorContent": "",
        "metadata": {},
      },
      "name": "unit-unit-japanese-1",
      "synced": false,
      "whenSynced": Promise {},
    },
    "lastStatusLog": "",
    "listeners": Map {
      "doc-reset" => Set {
        [Function handleDocReset],
      },
    },
    "resetCount": 0,
    "wsProvider": WebsocketProvider {
      "_listeners": {
        "connection-close": [
          [Function anonymous],
        ],
        "connection-error": [
          [Function anonymous],
        ],
        "status": [
          [Function anonymous],
          [Function handleStatus],
        ],
        "sync": [
          [Function anonymous],
          [Function handleSync],
        ],
      },
      "awareness": Awareness {
        "_checkInterval": 157,
        "_observers": Map {},
        "clientID": 1614263186,
        "doc": {
          "editorContent": "",
          "metadata": {},
        },
        "meta": Map {
          1614263186 => {
            "clock": 0,
            "lastUpdated": 1790417329278,
          },
        },
        "states": Map {
          1614263186 => {},
        },
      },
      "doc": {
        "editorContent": "",
        "metadata": {},
      },
      "roomname": "unit-unit-japanese-1",
      "synced": false,
      "wsconnected": false,
    },
    "ydoc": {
      "editorContent": "",
      "metadata": {},
    },
  },
  "username": "teacher-1",
}
[90mstdout[2m | .storybook/docs/QuickTour-Instructor.stories.tsx[2m > [22m[2m2. Unit Editor
[22m[39m[useChatPageContext] Cleaning up page context
[90mstdout[2m | .storybook/docs/QuickTour-Instructor.stories.tsx[2m > [22m[2m2. Unit Editor
[22m[39m[useChatPageContext] Registering page context: {
  "dictionaryCount": 0,
  "filesCount": 0,
  "hasEditorRef": true,
  "hasUnit": true,
  "hasVectorStoreSearch": true,
  "questionsCount": 0,
  "sectionsCount": 0,
}
[90mstdout[2m | .storybook/docs/QuickTour-Instructor.stories.tsx[2m > [22m[2m2. Unit Editor
[22m[39m[Mock] CollaborationPlugin rendered with props: {
  "color": "#10b981",
  "cursorsContainerRef": {
    "current": <div
      class="jsx-9364b876b91d91fe collaboration-cursors-container"
      style="position: relative;"
    >
      <div
        aria-label="Edit"
        autocapitalize="off"
        class="editor"
        contenteditable="true"
        data-lexical-editor="true"
        data-tour="editor"
        dir="ltr"
        role="textbox"
        spellcheck="true"
        style="max-width: 100%; outline: none; min-height: 100%; padding: 1rem 2rem 1rem 0.5rem; user-select: text; white-space: pre-wrap; word-break: break-word;"
      >
        <h1
          class="LanguageEditorTheme__h1"
          dir="ltr"
        >
          <span
            data-lexical-text="true"
          >
            Japanese Greetings
          </span>
        </h1>
      </div>
    </div>,
  },
  "provider": YjsDocProvider {
    "awareness": Awareness {
      "_checkInterval": 157,
      "_observers": Map {},
      "clientID": 1614263186,
      "doc": {
        "editorContent": "",
        "metadata": {},
      },
      "meta": Map {
        1614263186 => {
          "clock": 0,
          "lastUpdated": 1790417329278,
        },
      },
      "states": Map {
        1614263186 => {},
      },
    },
    "config": {
      "connect": true,
      "docName": "unit-unit-japanese-1",
      "maxBackoffTime": 30000,
      "persistence": true,
      "resyncInterval": 5000,
      "wsUrl": "wss://j5eyo7cpia.execute-api.us-east-1.amazonaws.com/live",
    },
    "defaultConfig": {
      "connect": true,
      "maxBackoffTime": 30000,
      "persistence": true,
      "resyncInterval": 5000,
      "wsUrl": "wss://j5eyo7cpia.execute-api.us-east-1.amazonaws.com/live",
    },
    "docName": "unit-unit-japanese-1",
    "hasLoggedConnectionError": false,
    "indexeddb": IndexeddbPersistence {
      "_db": Promise {},
      "_dbref": 0,
      "_dbsize": 0,
      "_destroyed": false,
      "_observers": Map {
        "synced" => Set {
          [Function anonymous],
        },
      },
      "_storeTimeout": 1000,
      "_storeTimeoutId": null,
      "_storeUpdate": [Function anonymous],
      "db": null,
      "destroy": [Function bound destroy],
      "doc": {
        "editorContent": "",
        "metadata": {},
      },
      "name": "unit-unit-japanese-1",
      "synced": false,
      "whenSynced": Promise {},
    },
    "lastStatusLog": "",
    "listeners": Map {
      "doc-reset" => Set {
        [Function handleDocReset],
      },
    },
    "resetCount": 0,
    "wsProvider": WebsocketProvider {
      "_listeners": {
        "connection-close": [
          [Function anonymous],
        ],
        "connection-error": [
          [Function anonymous],
        ],
        "status": [
          [Function anonymous],
          [Function handleStatus],
        ],
        "sync": [
          [Function anonymous],
          [Function handleSync],
        ],
      },
      "awareness": Awareness {
        "_checkInterval": 157,
        "_observers": Map {},
        "clientID": 1614263186,
        "doc": {
          "editorContent": "",
          "metadata": {},
        },
        "meta": Map {
          1614263186 => {
            "clock": 0,
            "lastUpdated": 1790417329278,
          },
        },
        "states": Map {
          1614263186 => {},
        },
      },
      "doc": {
        "editorContent": "",
        "metadata": {},
      },
      "roomname": "unit-unit-japanese-1",
      "synced": false,
      "wsconnected": false,
    },
    "ydoc": {
      "editorContent": "",
      "metadata": {},
    },
  },
  "username": "teacher-1",
}
[90mstdout[2m | .storybook/docs/QuickTour-Instructor.stories.tsx[2m > [22m[2m2. Unit Editor
[22m[39m[Editor onChange] State changed, saving
[90mstdout[2m | .storybook/docs/QuickTour-Instructor.stories.tsx[2m > [22m[2m2. Unit Editor
[22m[39m[SectionContext] Section observeQuery update: 1
[90mstdout[2m | .storybook/docs/QuickTour-Instructor.stories.tsx[2m > [22m[2m2. Unit Editor
[22m[39m[FilesContext] File observeQuery update: 0 files
[90mstdout[2m | .storybook/docs/QuickTour-Instructor.stories.tsx[2m > [22m[2m2. Unit Editor
[22m[39m[FilesContext] File observeQuery update: 0 files
[90mstdout[2m | .storybook/docs/QuickTour-Instructor.stories.tsx[2m > [22m[2m2. Unit Editor
[22m[39m[FilesContext] File observeQuery update: 0 files
[90mstdout[2m | .storybook/docs/QuickTour-Instructor.stories.tsx[2m > [22m[2m2. Unit Editor
[22m[39m[ChatContext] AssistantChat initialized with 0 chats
[90mstdout[2m | .storybook/docs/QuickTour-Instructor.stories.tsx[2m > [22m[2m2. Unit Editor
[22m[39m[YjsProvider] unit-unit-japanese-1 connection status: connected
[90mstdout[2m | .storybook/docs/QuickTour-Instructor.stories.tsx[2m > [22m[2m2. Unit Editor
[22m[39m[YjsProvider] unit-unit-japanese-1 synced with server
[90mstdout[2m | .storybook/docs/QuickTour-Instructor.stories.tsx[2m > [22m[2m2. Unit Editor
[22m[39m[MOCK CourseVectorStore] Initialized with mock data
[90mstdout[2m | .storybook/docs/QuickTour-Instructor.stories.tsx[2m > [22m[2m2. Unit Editor
[22m[39m[MOCK CourseVectorStore] Initialized with mock data
[90mstdout[2m | .storybook/docs/QuickTour-Instructor.stories.tsx[2m > [22m[2m2. Unit Editor
[22m[39m[MOCK CourseVectorStore] Initialized with mock data
[90mstdout[2m | .storybook/docs/QuickTour-Instructor.stories.tsx[2m > [22m[2m2. Unit Editor
[22m[39m[Mock] CollaborationPlugin rendered with props: {
  "color": "#10b981",
  "cursorsContainerRef": {
    "current": <div
      class="jsx-9364b876b91d91fe collaboration-cursors-container"
      style="position: relative;"
    >
      <div
        aria-label="Edit"
        class="editor"
        contenteditable="true"
        data-lexical-editor="true"
        data-tour="editor"
        dir="ltr"
        role="textbox"
        spellcheck="true"
        style="max-width: 100%; outline: none; min-height: 100%; padding: 1rem 2rem 1rem 0.5rem; user-select: text; white-space: pre-wrap; word-break: break-word;"
      >
        <h1
          class="LanguageEditorTheme__h1"
          dir="ltr"
        >
          <span
            data-lexical-text="true"
          >
            Japanese Greetings
          </span>
        </h1>
      </div>
    </div>,
  },
  "provider": YjsDocProvider {
    "awareness": Awareness {
      "_checkInterval": 157,
      "_observers": Map {},
      "clientID": 1614263186,
      "doc": {
        "editorContent": "",
        "metadata": {},
      },
      "meta": Map {
        1614263186 => {
          "clock": 0,
          "lastUpdated": 1790417329278,
        },
      },
      "states": Map {
        1614263186 => {},
      },
    },
    "config": {
      "connect": true,
      "docName": "unit-unit-japanese-1",
      "maxBackoffTime": 30000,
      "persistence": true,
      "resyncInterval": 5000,
      "wsUrl": "wss://j5eyo7cpia.execute-api.us-east-1.amazonaws.com/live",
    },
    "defaultConfig": {
      "connect": true,
      "maxBackoffTime": 30000,
      "persistence": true,
      "resyncInterval": 5000,
      "wsUrl": "wss://j5eyo7cpia.execute-api.us-east-1.amazonaws.com/live",
    },
    "docName": "unit-unit-japanese-1",
    "hasLoggedConnectionError": false,
    "indexeddb": IndexeddbPersistence {
      "_db": Promise {},
      "_dbref": 0,
      "_dbsize": 0,
      "_destroyed": false,
      "_observers": Map {
        "synced" => Set {
          [Function anonymous],
        },
      },
      "_storeTimeout": 1000,
      "_storeTimeoutId": null,
      "_storeUpdate": [Function anonymous],
      "db": null,
      "destroy": [Function bound destroy],
      "doc": {
        "editorContent": "",
        "metadata": {},
      },
      "name": "unit-unit-japanese-1",
      "synced": false,
      "whenSynced": Promise {},
    },
    "lastStatusLog": "connected",
    "listeners": Map {
      "doc-reset" => Set {
        [Function handleDocReset],
      },
    },
    "resetCount": 0,
    "wsProvider": WebsocketProvider {
      "_listeners": {
        "connection-close": [
          [Function anonymous],
        ],
        "connection-error": [
          [Function anonymous],
        ],
        "status": [
          [Function anonymous],
          [Function handleStatus],
        ],
        "sync": [
          [Function anonymous],
          [Function handleSync],
        ],
      },
      "awareness": Awareness {
        "_checkInterval": 157,
        "_observers": Map {},
        "clientID": 1614263186,
        "doc": {
          "editorContent": "",
          "metadata": {},
        },
        "meta": Map {
          1614263186 => {
            "clock": 0,
            "lastUpdated": 1790417329278,
          },
        },
        "states": Map {
          1614263186 => {},
        },
      },
      "doc": {
        "editorContent": "",
        "metadata": {},
      },
      "roomname": "unit-unit-japanese-1",
      "synced": true,
      "wsconnected": true,
    },
    "ydoc": {
      "editorContent": "",
      "metadata": {},
    },
  },
  "username": "teacher-1",
}
[90mstdout[2m | .storybook/docs/QuickTour-Instructor.stories.tsx[2m > [22m[2m2. Unit Editor
[22m[39m[useChatPageContext] Cleaning up page context
[90mstdout[2m | .storybook/docs/QuickTour-Instructor.stories.tsx[2m > [22m[2m2. Unit Editor
[22m[39m[FileManager2] Files received from context: 0 []
[90mstdout[2m | .storybook/docs/QuickTour-Instructor.stories.tsx[2m > [22m[2m2. Unit Editor
[22m[39m[useChatPageContext] Registering page context: {
  "dictionaryCount": 0,
  "filesCount": 0,
  "hasEditorRef": true,
  "hasUnit": true,
  "hasVectorStoreSearch": true,
  "questionsCount": 0,
  "sectionsCount": 1,
}
[90mstdout[2m | .storybook/docs/QuickTour-Instructor.stories.tsx[2m > [22m[2m2. Unit Editor
[22m[39m[ChatContext] No current chat available, will create one
[90mstdout[2m | .storybook/docs/QuickTour-Instructor.stories.tsx[2m > [22m[2m2. Unit Editor
[22m[39m[ChatContext] Creating AssistantChat with user: undefined
[90mstdout[2m | .storybook/docs/QuickTour-Instructor.stories.tsx[2m > [22m[2m2. Unit Editor
[22m[39m[Mock Data] AssistantChat created: mock-assistantchat-1790417329804 - notified 1 subscribers
[90mstdout[2m | .storybook/docs/QuickTour-Instructor.stories.tsx[2m > [22m[2m2. Unit Editor
[22m[39m[Mock] CollaborationPlugin rendered with props: {
  "color": "#10b981",
  "cursorsContainerRef": {
    "current": <div
      class="jsx-9364b876b91d91fe collaboration-cursors-container"
      style="position: relative;"
    >
      <div
        aria-label="Edit"
        class="editor"
        contenteditable="true"
        data-lexical-editor="true"
        data-tour="editor"
        dir="ltr"
        role="textbox"
        spellcheck="true"
        style="max-width: 100%; outline: none; min-height: 100%; padding: 1rem 2rem 1rem 0.5rem; user-select: text; white-space: pre-wrap; word-break: break-word;"
      >
        <h1
          class="LanguageEditorTheme__h1"
          dir="ltr"
        >
          <span
            data-lexical-text="true"
          >
            Japanese Greetings
          </span>
        </h1>
      </div>
    </div>,
  },
  "provider": YjsDocProvider {
    "awareness": Awareness {
      "_checkInterval": 157,
      "_observers": Map {},
      "clientID": 1614263186,
      "doc": {
        "editorContent": "",
        "metadata": {},
      },
      "meta": Map {
        1614263186 => {
          "clock": 0,
          "lastUpdated": 1790417329278,
        },
      },
      "states": Map {
        1614263186 => {},
      },
    },
    "config": {
      "connect": true,
      "docName": "unit-unit-japanese-1",
      "maxBackoffTime": 30000,
      "persistence": true,
      "resyncInterval": 5000,
      "wsUrl": "wss://j5eyo7cpia.execute-api.us-east-1.amazonaws.com/live",
    },
    "defaultConfig": {
      "connect": true,
      "maxBackoffTime": 30000,
      "persistence": true,
      "resyncInterval": 5000,
      "wsUrl": "wss://j5eyo7cpia.execute-api.us-east-1.amazonaws.com/live",
    },
    "docName": "unit-unit-japanese-1",
    "hasLoggedConnectionError": false,
    "indexeddb": IndexeddbPersistence {
      "_db": Promise {},
      "_dbref": 0,
      "_dbsize": 0,
      "_destroyed": false,
      "_observers": Map {
        "synced" => Set {
          [Function anonymous],
        },
      },
      "_storeTimeout": 1000,
      "_storeTimeoutId": null,
      "_storeUpdate": [Function anonymous],
      "db": null,
      "destroy": [Function bound destroy],
      "doc": {
        "editorContent": "",
        "metadata": {},
      },
      "name": "unit-unit-japanese-1",
      "synced": false,
      "whenSynced": Promise {},
    },
    "lastStatusLog": "connected",
    "listeners": Map {
      "doc-reset" => Set {
        [Function handleDocReset],
      },
    },
    "resetCount": 0,
    "wsProvider": WebsocketProvider {
      "_listeners": {
        "connection-close": [
          [Function anonymous],
        ],
        "connection-error": [
          [Function anonymous],
        ],
        "status": [
          [Function anonymous],
          [Function handleStatus],
        ],
        "sync": [
          [Function anonymous],
          [Function handleSync],
        ],
      },
      "awareness": Awareness {
        "_checkInterval": 157,
        "_observers": Map {},
        "clientID": 1614263186,
        "doc": {
          "editorContent": "",
          "metadata": {},
        },
        "meta": Map {
          1614263186 => {
            "clock": 0,
            "lastUpdated": 1790417329278,
          },
        },
        "states": Map {
          1614263186 => {},
        },
      },
      "doc": {
        "editorContent": "",
        "metadata": {},
      },
      "roomname": "unit-unit-japanese-1",
      "synced": true,
      "wsconnected": true,
    },
    "ydoc": {
      "editorContent": "",
      "metadata": {},
    },
  },
  "username": "teacher-1",
}
[90mstdout[2m | .storybook/docs/QuickTour-Instructor.stories.tsx[2m > [22m[2m2. Unit Editor
[22m[39m[ChatContext] Create result: {
  "data": {
    "_version": 1,
    "archived": false,
    "chatFiles": [Function anonymous],
    "createdAt": "2026-09-26T10:08:49.804Z",
    "id": "mock-assistantchat-1790417329804",
    "model": "gpt-4",
    "updatedAt": "2026-09-26T10:08:49.804Z",
  },
  "errors": [],
  "hasData": true,
  "hasErrors": true,
}
[90mstdout[2m | .storybook/docs/QuickTour-Instructor.stories.tsx[2m > [22m[2m2. Unit Editor
[22m[39m[ChatContext] Created AssistantChat: mock-assistantchat-1790417329804 at: 2026-09-26T10:08:49.804Z
[90mstdout[2m | .storybook/docs/QuickTour-Instructor.stories.tsx[2m > [22m[2m2. Unit Editor
[22m[39m[Mock Storage] downloadData called with: undefined
[90mstdout[2m | .storybook/docs/QuickTour-Instructor.stories.tsx[2m > [22m[2m2. Unit Editor
[22m[39m[ChatContext] Setting initial chat: mock-assistantchat-1790417329804
[90mstdout[2m | .storybook/docs/QuickTour-Instructor.stories.tsx[2m > [22m[2m2. Unit Editor
[22m[39m[Mock] CollaborationPlugin rendered with props: {
  "color": "#10b981",
  "cursorsContainerRef": {
    "current": <div
      class="jsx-9364b876b91d91fe collaboration-cursors-container"
      style="position: relative;"
    >
      <div
        aria-label="Edit"
        class="editor"
        contenteditable="true"
        data-lexical-editor="true"
        data-tour="editor"
        dir="ltr"
        role="textbox"
        spellcheck="true"
        style="max-width: 100%; outline: none; min-height: 100%; padding: 1rem 2rem 1rem 0.5rem; user-select: text; white-space: pre-wrap; word-break: break-word;"
      >
        <h1
          class="LanguageEditorTheme__h1"
          dir="ltr"
        >
          <span
            data-lexical-text="true"
          >
            Japanese Greetings
          </span>
        </h1>
      </div>
    </div>,
  },
  "provider": YjsDocProvider {
    "awareness": Awareness {
      "_checkInterval": 157,
      "_observers": Map {},
      "clientID": 1614263186,
      "doc": {
        "editorContent": "",
        "metadata": {},
      },
      "meta": Map {
        1614263186 => {
          "clock": 0,
          "lastUpdated": 1790417329278,
        },
      },
      "states": Map {
        1614263186 => {},
      },
    },
    "config": {
      "connect": true,
      "docName": "unit-unit-japanese-1",
      "maxBackoffTime": 30000,
      "persistence": true,
      "resyncInterval": 5000,
      "wsUrl": "wss://j5eyo7cpia.execute-api.us-east-1.amazonaws.com/live",
    },
    "defaultConfig": {
      "connect": true,
      "maxBackoffTime": 30000,
      "persistence": true,
      "resyncInterval": 5000,
      "wsUrl": "wss://j5eyo7cpia.execute-api.us-east-1.amazonaws.com/live",
    },
    "docName": "unit-unit-japanese-1",
    "hasLoggedConnectionError": false,
    "indexeddb": IndexeddbPersistence {
      "_db": Promise {},
      "_dbref": 0,
      "_dbsize": 0,
      "_destroyed": false,
      "_observers": Map {
        "synced" => Set {
          [Function anonymous],
        },
      },
      "_storeTimeout": 1000,
      "_storeTimeoutId": null,
      "_storeUpdate": [Function anonymous],
      "db": null,
      "destroy": [Function bound destroy],
      "doc": {
        "editorContent": "",
        "metadata": {},
      },
      "name": "unit-unit-japanese-1",
      "synced": false,
      "whenSynced": Promise {},
    },
    "lastStatusLog": "connected",
    "listeners": Map {
      "doc-reset" => Set {
        [Function handleDocReset],
      },
    },
    "resetCount": 0,
    "wsProvider": WebsocketProvider {
      "_listeners": {
        "connection-close": [
          [Function anonymous],
        ],
        "connection-error": [
          [Function anonymous],
        ],
        "status": [
          [Function anonymous],
          [Function handleStatus],
        ],
        "sync": [
          [Function anonymous],
          [Function handleSync],
        ],
      },
      "awareness": Awareness {
        "_checkInterval": 157,
        "_observers": Map {},
        "clientID": 1614263186,
        "doc": {
          "editorContent": "",
          "metadata": {},
        },
        "meta": Map {
          1614263186 => {
            "clock": 0,
            "lastUpdated": 1790417329278,
          },
        },
        "states": Map {
          1614263186 => {},
        },
      },
      "doc": {
        "editorContent": "",
        "metadata": {},
      },
      "roomname": "unit-unit-japanese-1",
      "synced": true,
      "wsconnected": true,
    },
    "ydoc": {
      "editorContent": "",
      "metadata": {},
    },
  },
  "username": "teacher-1",
}
[90mstdout[2m | .storybook/docs/QuickTour-Instructor.stories.tsx[2m > [22m[2m2. Unit Editor
[22m[39m[ChatSidebar] Loading messages for chat: mock-assistantchat-1790417329804 count: 0
[90mstdout[2m | .storybook/docs/QuickTour-Instructor.stories.tsx[2m > [22m[2m2. Unit Editor
[22m[39m[ChatSidebar] deepCloneMessages: returning empty array
[90mstdout[2m | .storybook/docs/QuickTour-Instructor.stories.tsx[2m > [22m[2m2. Unit Editor
[22m[39m[ChatContext] Chat exists and not archived, skipping creation
[90mstdout[2m | .storybook/docs/QuickTour-Instructor.stories.tsx[2m > [22m[2m2. Unit Editor
[22m[39m[Mock Storage] downloadData called with: undefined
[90mstdout[2m | .storybook/docs/QuickTour-Instructor.stories.tsx[2m > [22m[2m2. Unit Editor
[22m[39m[Mock Storage] downloadData called with: undefined
[90mstdout[2m | .storybook/docs/QuickTour-Instructor.stories.tsx[2m > [22m[2m2. Unit Editor
[22m[39m[Mock Storage] uploadData called with: {
  "key": undefined,
  "options": {
    "contentType": "application/json",
  },
  "path": "protected/us-east-1:teacher-identity-1/units/unit-japanese-1/draft.json",
}
[90mstdout[2m | .storybook/docs/QuickTour-Instructor.stories.tsx[2m > [22m[2m2. Unit Editor
[22m[39m[Mock Data] Unit.onUpdate() notified 1 subscribers
[90mstdout[2m | .storybook/docs/QuickTour-Instructor.stories.tsx[2m > [22m[2m2. Unit Editor
[22m[39m[Mock Data] Unit updated: unit-japanese-1 - notified 1 subscribers
[90mstdout[2m | .storybook/docs/QuickTour-Instructor.stories.tsx[2m > [22m[2m3. Section & Grades
[22m[39m[Mock] CollaborationPlugin rendered with props: {
  "color": "#10b981",
  "cursorsContainerRef": {
    "current": <div
      class="jsx-9364b876b91d91fe collaboration-cursors-container"
      style="position: relative;"
    >
      <div
        aria-label="Edit"
        class="editor"
        contenteditable="true"
        data-lexical-editor="true"
        data-tour="editor"
        dir="ltr"
        role="textbox"
        spellcheck="true"
        style="max-width: 100%; outline: none; min-height: 100%; padding: 1rem 2rem 1rem 0.5rem; user-select: text; white-space: pre-wrap; word-break: break-word;"
      >
        <h1
          class="LanguageEditorTheme__h1"
          dir="ltr"
        >
          <span
            data-lexical-text="true"
          >
            Japanese Greetings
          </span>
        </h1>
      </div>
    </div>,
  },
  "provider": YjsDocProvider {
    "awareness": Awareness {
      "_checkInterval": 157,
      "_observers": Map {},
      "clientID": 1614263186,
      "doc": {
        "editorContent": "",
        "metadata": {},
      },
      "meta": Map {
        1614263186 => {
          "clock": 0,
          "lastUpdated": 1790417329278,
        },
      },
      "states": Map {
        1614263186 => {},
      },
    },
    "config": {
      "connect": true,
      "docName": "unit-unit-japanese-1",
      "maxBackoffTime": 30000,
      "persistence": true,
      "resyncInterval": 5000,
      "wsUrl": "wss://j5eyo7cpia.execute-api.us-east-1.amazonaws.com/live",
    },
    "defaultConfig": {
      "connect": true,
      "maxBackoffTime": 30000,
      "persistence": true,
      "resyncInterval": 5000,
      "wsUrl": "wss://j5eyo7cpia.execute-api.us-east-1.amazonaws.com/live",
    },
    "docName": "unit-unit-japanese-1",
    "hasLoggedConnectionError": false,
    "indexeddb": IndexeddbPersistence {
      "_db": Promise {},
      "_dbref": 3,
      "_dbsize": 2,
      "_destroyed": false,
      "_observers": Map {
        "synced" => Set {
          [Function anonymous],
        },
      },
      "_storeTimeout": 1000,
      "_storeTimeoutId": null,
      "_storeUpdate": [Function anonymous],
      "db": IDBDatabase {},
      "destroy": [Function bound destroy],
      "doc": {
        "editorContent": "",
        "metadata": {},
      },
      "name": "unit-unit-japanese-1",
      "synced": true,
      "whenSynced": Promise {},
    },
    "lastStatusLog": "connected",
    "listeners": Map {
      "doc-reset" => Set {
        [Function handleDocReset],
      },
    },
    "resetCount": 0,
    "wsProvider": WebsocketProvider {
      "_listeners": {
        "connection-close": [
          [Function anonymous],
        ],
        "connection-error": [
          [Function anonymous],
        ],
        "status": [
          [Function anonymous],
          [Function handleStatus],
        ],
        "sync": [
          [Function anonymous],
          [Function handleSync],
        ],
      },
      "awareness": Awareness {
        "_checkInterval": 157,
        "_observers": Map {},
        "clientID": 1614263186,
        "doc": {
          "editorContent": "",
          "metadata": {},
        },
        "meta": Map {
          1614263186 => {
            "clock": 0,
            "lastUpdated": 1790417329278,
          },
        },
        "states": Map {
          1614263186 => {},
        },
      },
      "doc": {
        "editorContent": "",
        "metadata": {},
      },
      "roomname": "unit-unit-japanese-1",
      "synced": true,
      "wsconnected": true,
    },
    "ydoc": {
      "editorContent": "",
      "metadata": {},
    },
  },
  "username": "teacher-1",
}
[90mstdout[2m | .storybook/docs/QuickTour-Instructor.stories.tsx[2m > [22m[2m3. Section & Grades
[22m[39m[UnitContext] Unit updated via subscription, _version: 4
[90mstdout[2m | .storybook/docs/QuickTour-Instructor.stories.tsx[2m > [22m[2m3. Section & Grades
[22m[39m[Mock] CollaborationPlugin rendered with props: {
  "color": "#10b981",
  "cursorsContainerRef": {
    "current": <div
      class="jsx-9364b876b91d91fe collaboration-cursors-container"
      style="position: relative;"
    >
      <div
        aria-label="Edit"
        class="editor"
        contenteditable="true"
        data-lexical-editor="true"
        data-tour="editor"
        dir="ltr"
        role="textbox"
        spellcheck="true"
        style="max-width: 100%; outline: none; min-height: 100%; padding: 1rem 2rem 1rem 0.5rem; user-select: text; white-space: pre-wrap; word-break: break-word;"
      >
        <h1
          class="LanguageEditorTheme__h1"
          dir="ltr"
        >
          <span
            data-lexical-text="true"
          >
            Japanese Greetings
          </span>
        </h1>
      </div>
    </div>,
  },
  "provider": YjsDocProvider {
    "awareness": Awareness {
      "_checkInterval": 157,
      "_observers": Map {},
      "clientID": 1614263186,
      "doc": {
        "editorContent": "",
        "metadata": {},
      },
      "meta": Map {
        1614263186 => {
          "clock": 0,
          "lastUpdated": 1790417329278,
        },
      },
      "states": Map {
        1614263186 => {},
      },
    },
    "config": {
      "connect": true,
      "docName": "unit-unit-japanese-1",
      "maxBackoffTime": 30000,
      "persistence": true,
      "resyncInterval": 5000,
      "wsUrl": "wss://j5eyo7cpia.execute-api.us-east-1.amazonaws.com/live",
    },
    "defaultConfig": {
      "connect": true,
      "maxBackoffTime": 30000,
      "persistence": true,
      "resyncInterval": 5000,
      "wsUrl": "wss://j5eyo7cpia.execute-api.us-east-1.amazonaws.com/live",
    },
    "docName": "unit-unit-japanese-1",
    "hasLoggedConnectionError": false,
    "indexeddb": IndexeddbPersistence {
      "_db": Promise {},
      "_dbref": 3,
      "_dbsize": 2,
      "_destroyed": false,
      "_observers": Map {
        "synced" => Set {
          [Function anonymous],
        },
      },
      "_storeTimeout": 1000,
      "_storeTimeoutId": null,
      "_storeUpdate": [Function anonymous],
      "db": IDBDatabase {},
      "destroy": [Function bound destroy],
      "doc": {
        "editorContent": "",
        "metadata": {},
      },
      "name": "unit-unit-japanese-1",
      "synced": true,
      "whenSynced": Promise {},
    },
    "lastStatusLog": "connected",
    "listeners": Map {
      "doc-reset" => Set {
        [Function handleDocReset],
      },
    },
    "resetCount": 0,
    "wsProvider": WebsocketProvider {
      "_listeners": {
        "connection-close": [
          [Function anonymous],
        ],
        "connection-error": [
          [Function anonymous],
        ],
        "status": [
          [Function anonymous],
          [Function handleStatus],
        ],
        "sync": [
          [Function anonymous],
          [Function handleSync],
        ],
      },
      "awareness": Awareness {
        "_checkInterval": 157,
        "_observers": Map {},
        "clientID": 1614263186,
        "doc": {
          "editorContent": "",
          "metadata": {},
        },
        "meta": Map {
          1614263186 => {
            "clock": 0,
            "lastUpdated": 1790417329278,
          },
        },
        "states": Map {
          1614263186 => {},
        },
      },
      "doc": {
        "editorContent": "",
        "metadata": {},
      },
      "roomname": "unit-unit-japanese-1",
      "synced": true,
      "wsconnected": true,
    },
    "ydoc": {
      "editorContent": "",
      "metadata": {},
    },
  },
  "username": "teacher-1",
}
[90mstdout[2m | .storybook/docs/QuickTour-Instructor.stories.tsx[2m > [22m[2m3. Section & Grades
[22m[39m[Editor onChange] Skipping save due to tags: [
  "history-merge",
]
[90mstdout[2m | .storybook/docs/QuickTour-Instructor.stories.tsx[2m > [22m[2m3. Section & Grades
[22m[39m[ChatContext] Cleaning up subscriptions
[90mstdout[2m | .storybook/docs/QuickTour-Instructor.stories.tsx[2m > [22m[2m3. Section & Grades
[22m[39m[Mock Data] Unit.onUpdate() subscription removed. Remaining: 0
[90mstdout[2m | .storybook/docs/QuickTour-Instructor.stories.tsx[2m > [22m[2m3. Section & Grades
[22m[39m[useChatPageContext] Cleaning up page context
[90mstdout[2m | .storybook/docs/QuickTour-Instructor.stories.tsx[2m > [22m[2m3. Section & Grades
[22m[39m[chatTools] Vector store search function registered: false
[90mstdout[2m | .storybook/docs/QuickTour-Instructor.stories.tsx[2m > [22m[2m3. Section & Grades
[22m[39m[chatTools] Practice drill callback registered: false
[90mstdout[2m | .storybook/docs/QuickTour-Instructor.stories.tsx[2m > [22m[2m3. Section & Grades
[22m[39m[Preview] Skipped clearing mock data (clearMockData=false)
[90mstdout[2m | .storybook/docs/QuickTour-Instructor.stories.tsx[2m > [22m[2m3. Section & Grades
[22m[39m[Preview] Skipped initializing default mock data (initializeMockData=false)
[90mstdout[2m | .storybook/docs/QuickTour-Instructor.stories.tsx[2m > [22m[2m3. Section & Grades
[22m[39m[Mock Auth] setMockUser: {
  "attributes": {
    "email": "teacher@example.com",
    "sub": "teacher-1",
  },
  "groups": [
    "Instructors",
  ],
  "username": "teacher-1",
}
[90mstdout[2m | .storybook/docs/QuickTour-Instructor.stories.tsx[2m > [22m[2m3. Section & Grades
[22m[39m[Mock Data] seedMockUnit: Adding unit unit-japanese-1
[90mstdout[2m | .storybook/docs/QuickTour-Instructor.stories.tsx[2m > [22m[2m3. Section & Grades
[22m[39m[Mock Data] seedMockUnit: Adding unit unit-japanese-2
[90mstdout[2m | .storybook/docs/QuickTour-Instructor.stories.tsx[2m > [22m[2m3. Section & Grades
[22m[39m[Mock Data] seedMockUnit: Adding unit unit-japanese-3
[90mstdout[2m | .storybook/docs/QuickTour-Instructor.stories.tsx[2m > [22m[2m3. Section & Grades
[22m[39m[Mock Data] seedMockUnit: Adding unit unit-kanji-basics
[90mstdout[2m | .storybook/docs/QuickTour-Instructor.stories.tsx[2m > [22m[2m3. Section & Grades
[22m[39m[Mock Data] seedMockSections: Adding 1 sections
[90mstdout[2m | .storybook/docs/QuickTour-Instructor.stories.tsx[2m > [22m[2m3. Section & Grades
[22m[39m[Mock Data] Seeding section: section-jpn-101 with owner: teacher-1
[90mstdout[2m | .storybook/docs/QuickTour-Instructor.stories.tsx[2m > [22m[2m3. Section & Grades
[22m[39m[Mock Data] Total sections in store: 1
[90mstdout[2m | .storybook/docs/QuickTour-Instructor.stories.tsx[2m > [22m[2m3. Section & Grades
[22m[39m[Mock Data] Sections in store: [
  {
    "id": "section-jpn-101",
    "name": "Japanese 101 - Spring 2024",
    "owner": "teacher-1",
  },
]
[90mstdout[2m | .storybook/docs/QuickTour-Instructor.stories.tsx[2m > [22m[2m3. Section & Grades
[22m[39m[Mock Data] No active Section subscriptions to notify yet
[90mstdout[2m | .storybook/docs/QuickTour-Instructor.stories.tsx[2m > [22m[2m3. Section & Grades
[22m[39m[Mock Data] seedMockAssignments: Adding 5 assignments
[90mstdout[2m | .storybook/docs/QuickTour-Instructor.stories.tsx[2m > [22m[2m3. Section & Grades
[22m[39m[Mock Data] Total assignments in store: 5
[90mstdout[2m | .storybook/docs/QuickTour-Instructor.stories.tsx[2m > [22m[2m3. Section & Grades
[22m[39m[Mock Data] Seeded grade: grade-alice-1 for unit: unit-japanese-1
[90mstdout[2m | .storybook/docs/QuickTour-Instructor.stories.tsx[2m > [22m[2m3. Section & Grades
[22m[39m[Mock Data] Grade has data: true
[90mstdout[2m | .storybook/docs/QuickTour-Instructor.stories.tsx[2m > [22m[2m3. Section & Grades
[22m[39m[Mock Data] Total grades in store: 1
[90mstdout[2m | .storybook/docs/QuickTour-Instructor.stories.tsx[2m > [22m[2m3. Section & Grades
[22m[39m[Mock Data] Seeded grade: grade-alice-1-attempt2 for unit: unit-japanese-1
[90mstdout[2m | .storybook/docs/QuickTour-Instructor.stories.tsx[2m > [22m[2m3. Section & Grades
[22m[39m[Mock Data] Grade has data: true
[90mstdout[2m | .storybook/docs/QuickTour-Instructor.stories.tsx[2m > [22m[2m3. Section & Grades
[22m[39m[Mock Data] Total grades in store: 2
[90mstdout[2m | .storybook/docs/QuickTour-Instructor.stories.tsx[2m > [22m[2m3. Section & Grades
[22m[39m[Mock Data] Seeded grade: grade-alice-2 for unit: unit-japanese-2
[90mstdout[2m | .storybook/docs/QuickTour-Instructor.stories.tsx[2m > [22m[2m3. Section & Grades
[22m[39m[Mock Data] Grade has data: true
[90mstdout[2m | .storybook/docs/QuickTour-Instructor.stories.tsx[2m > [22m[2m3. Section & Grades
[22m[39m[Mock Data] Total grades in store: 3
[90mstdout[2m | .storybook/docs/QuickTour-Instructor.stories.tsx[2m > [22m[2m3. Section & Grades
[22m[39m[Mock Data] Seeded grade: grade-bob-1 for unit: unit-japanese-1
[90mstdout[2m | .storybook/docs/QuickTour-Instructor.stories.tsx[2m > [22m[2m3. Section & Grades
[22m[39m[Mock Data] Grade has data: true
[90mstdout[2m | .storybook/docs/QuickTour-Instructor.stories.tsx[2m > [22m[2m3. Section & Grades
[22m[39m[Mock Data] Total grades in store: 4
[90mstdout[2m | .storybook/docs/QuickTour-Instructor.stories.tsx[2m > [22m[2m3. Section & Grades
[22m[39m[Mock Data] Seeded grade: grade-bob-2 for unit: unit-japanese-2
[90mstdout[2m | .storybook/docs/QuickTour-Instructor.stories.tsx[2m > [22m[2m3. Section & Grades
[22m[39m[Mock Data] Grade has data: true
[90mstdout[2m | .storybook/docs/QuickTour-Instructor.stories.tsx[2m > [22m[2m3. Section & Grades
[22m[39m[Mock Data] Total grades in store: 5
[90mstdout[2m | .storybook/docs/QuickTour-Instructor.stories.tsx[2m > [22m[2m3. Section & Grades
[22m[39m[Mock Data] Seeded grade: grade-carol-1 for unit: unit-japanese-1
[90mstdout[2m | .storybook/docs/QuickTour-Instructor.stories.tsx[2m > [22m[2m3. Section & Grades
[22m[39m[Mock Data] Grade has data: true
[90mstdout[2m | .storybook/docs/QuickTour-Instructor.stories.tsx[2m > [22m[2m3. Section & Grades
[22m[39m[Mock Data] Total grades in store: 6
[90mstdout[2m | .storybook/docs/QuickTour-Instructor.stories.tsx[2m > [22m[2m3. Section & Grades
[22m[39m[Mock Data] Seeded grade: grade-carol-2 for unit: unit-japanese-2
[90mstdout[2m | .storybook/docs/QuickTour-Instructor.stories.tsx[2m > [22m[2m3. Section & Grades
[22m[39m[Mock Data] Grade has data: true
[90mstdout[2m | .storybook/docs/QuickTour-Instructor.stories.tsx[2m > [22m[2m3. Section & Grades
[22m[39m[Mock Data] Total grades in store: 7
[90mstdout[2m | .storybook/docs/QuickTour-Instructor.stories.tsx[2m > [22m[2m3. Section & Grades
[22m[39m[Mock Data] Seeded grade: grade-dave-1 for unit: unit-japanese-1
[90mstdout[2m | .storybook/docs/QuickTour-Instructor.stories.tsx[2m > [22m[2m3. Section & Grades
[22m[39m[Mock Data] Grade has data: true
[90mstdout[2m | .storybook/docs/QuickTour-Instructor.stories.tsx[2m > [22m[2m3. Section & Grades
[22m[39m[Mock Data] Total grades in store: 8
[90mstdout[2m | .storybook/docs/QuickTour-Instructor.stories.tsx[2m > [22m[2m3. Section & Grades
[22m[39m[Mock Data] Seeded grade: grade-dave-2 for unit: unit-japanese-2
[90mstdout[2m | .storybook/docs/QuickTour-Instructor.stories.tsx[2m > [22m[2m3. Section & Grades
[22m[39m[Mock Data] Grade has data: true
[90mstdout[2m | .storybook/docs/QuickTour-Instructor.stories.tsx[2m > [22m[2m3. Section & Grades
[22m[39m[Mock Data] Total grades in store: 9
[90mstdout[2m | .storybook/docs/QuickTour-Instructor.stories.tsx[2m > [22m[2m3. Section & Grades
[22m[39m[Mock Data] Seeded grade: grade-eve-1 for unit: unit-japanese-1
[90mstdout[2m | .storybook/docs/QuickTour-Instructor.stories.tsx[2m > [22m[2m3. Section & Grades
[22m[39m[Mock Data] Grade has data: true
[90mstdout[2m | .storybook/docs/QuickTour-Instructor.stories.tsx[2m > [22m[2m3. Section & Grades
[22m[39m[Mock Data] Total grades in store: 10
[90mstdout[2m | .storybook/docs/QuickTour-Instructor.stories.tsx[2m > [22m[2m3. Section & Grades
[22m[39m[Mock Data] Seeded grade: grade-eve-2 for unit: unit-japanese-2
[90mstdout[2m | .storybook/docs/QuickTour-Instructor.stories.tsx[2m > [22m[2m3. Section & Grades
[22m[39m[Mock Data] Grade has data: true
[90mstdout[2m | .storybook/docs/QuickTour-Instructor.stories.tsx[2m > [22m[2m3. Section & Grades
[22m[39m[Mock Data] Total grades in store: 11
[90mstdout[2m | .storybook/docs/QuickTour-Instructor.stories.tsx[2m > [22m[2m3. Section & Grades
[22m[39m[Mock Data] Seeded grade: grade-frank-1 for unit: unit-japanese-1
[90mstdout[2m | .storybook/docs/QuickTour-Instructor.stories.tsx[2m > [22m[2m3. Section & Grades
[22m[39m[Mock Data] Grade has data: true
[90mstdout[2m | .storybook/docs/QuickTour-Instructor.stories.tsx[2m > [22m[2m3. Section & Grades
[22m[39m[Mock Data] Total grades in store: 12
[90mstdout[2m | .storybook/docs/QuickTour-Instructor.stories.tsx[2m > [22m[2m3. Section & Grades
[22m[39m[Mock Data] Seeded grade: grade-frank-2 for unit: unit-japanese-3
[90mstdout[2m | .storybook/docs/QuickTour-Instructor.stories.tsx[2m > [22m[2m3. Section & Grades
[22m[39m[Mock Data] Grade has data: true
[90mstdout[2m | .storybook/docs/QuickTour-Instructor.stories.tsx[2m > [22m[2m3. Section & Grades
[22m[39m[Mock Data] Total grades in store: 13
[90mstdout[2m | .storybook/docs/QuickTour-Instructor.stories.tsx[2m > [22m[2m3. Section & Grades
[22m[39m[Mock Data] seedMockStudentProfiles: Adding 6 student profiles
[90mstdout[2m | .storybook/docs/QuickTour-Instructor.stories.tsx[2m > [22m[2m3. Section & Grades
[22m[39m[Mock Data] seedMockHomeworkRooms: Adding 2 homework rooms
[90mstdout[2m | .storybook/docs/QuickTour-Instructor.stories.tsx[2m > [22m[2m3. Section & Grades
[22m[39m[IndexPageData] Seeded instructor dashboard with {
  "assignments": 5,
  "grades": 13,
  "sections": 1,
  "units": 4,
}
[90mstdout[2m | .storybook/docs/QuickTour-Instructor.stories.tsx[2m > [22m[2m3. Section & Grades
[22m[39m[MOCK CourseVectorStore] Initialized with mock data
[90mstdout[2m | .storybook/docs/QuickTour-Instructor.stories.tsx[2m > [22m[2m3. Section & Grades
[22m[39m[MOCK CourseVectorStore] Initialized with mock data
[90mstdout[2m | .storybook/docs/QuickTour-Instructor.stories.tsx[2m > [22m[2m3. Section & Grades
[22m[39m[useChatPageContext] Registering page context: {
  "dictionaryCount": 0,
  "filesCount": 0,
  "hasEditorRef": false,
  "hasUnit": false,
  "hasVectorStoreSearch": false,
  "questionsCount": 0,
  "sectionsCount": 0,
}
[90mstdout[2m | .storybook/docs/QuickTour-Instructor.stories.tsx[2m > [22m[2m3. Section & Grades
[22m[39m[Mock Auth] getCurrentUser returning: {
  "attributes": {
    "email": "teacher@example.com",
    "sub": "teacher-1",
  },
  "groups": [
    "Instructors",
  ],
  "username": "teacher-1",
}
[90mstdout[2m | .storybook/docs/QuickTour-Instructor.stories.tsx[2m > [22m[2m3. Section & Grades
[22m[39m[SectionDetail] Section query useEffect - id: section-jpn-101
[90mstdout[2m | .storybook/docs/QuickTour-Instructor.stories.tsx[2m > [22m[2m3. Section & Grades
[22m[39m[FilesContext] Initializing vector store from IndexedDB
[90mstdout[2m | .storybook/docs/QuickTour-Instructor.stories.tsx[2m > [22m[2m3. Section & Grades
[22m[39m[FilesContext] fetchFiles called
[90mstdout[2m | .storybook/docs/QuickTour-Instructor.stories.tsx[2m > [22m[2m3. Section & Grades
[22m[39m[FilesContext] User authenticated: teacher-1
[90mstdout[2m | .storybook/docs/QuickTour-Instructor.stories.tsx[2m > [22m[2m3. Section & Grades
[22m[39m[FilesContext] Identity ID: identity-teacher-1
[90mstdout[2m | .storybook/docs/QuickTour-Instructor.stories.tsx[2m > [22m[2m3. Section & Grades
[22m[39m[FilesContext] About to set up File observeQuery
[90mstdout[2m | .storybook/docs/QuickTour-Instructor.stories.tsx[2m > [22m[2m3. Section & Grades
[22m[39m[TranslationModeController] Setting mode to: off
[90mstdout[2m | .storybook/docs/QuickTour-Instructor.stories.tsx[2m > [22m[2m3. Section & Grades
[22m[39m[FilesContext] Initializing vector store from IndexedDB
[90mstdout[2m | .storybook/docs/QuickTour-Instructor.stories.tsx[2m > [22m[2m3. Section & Grades
[22m[39m[FilesContext] fetchFiles called
[90mstdout[2m | .storybook/docs/QuickTour-Instructor.stories.tsx[2m > [22m[2m3. Section & Grades
[22m[39m[FilesContext] User authenticated: teacher-1
[90mstdout[2m | .storybook/docs/QuickTour-Instructor.stories.tsx[2m > [22m[2m3. Section & Grades
[22m[39m[FilesContext] Identity ID: identity-teacher-1
[90mstdout[2m | .storybook/docs/QuickTour-Instructor.stories.tsx[2m > [22m[2m3. Section & Grades
[22m[39m[FilesContext] About to set up File observeQuery
[90mstdout[2m | .storybook/docs/QuickTour-Instructor.stories.tsx[2m > [22m[2m3. Section & Grades
[22m[39m[ChatContext] Setting up AssistantChat observeQuery
[90mstdout[2m | .storybook/docs/QuickTour-Instructor.stories.tsx[2m > [22m[2m3. Section & Grades
[22m[39m[ChatContext] Waiting for subscription to initialize
[90mstdout[2m | .storybook/docs/QuickTour-Instructor.stories.tsx[2m > [22m[2m3. Section & Grades
[22m[39m[SettingsContext] Setting up Settings subscription for user: teacher-1
[90mstdout[2m | .storybook/docs/QuickTour-Instructor.stories.tsx[2m > [22m[2m3. Section & Grades
[22m[39m[Mock Data] Settings created: mock-settings-1790417332460 - notified 0 subscribers
[90mstdout[2m | .storybook/docs/QuickTour-Instructor.stories.tsx[2m > [22m[2m3. Section & Grades
[22m[39munitUpdate {
  "items": [
    {
      "_deleted": false,
      "_lastChangedAt": 1704898800000,
      "_version": 3,
      "createdAt": "2024-01-01T10:00:00.000Z",
      "data": "{"root":{"type":"root","children":[{"type":"heading","tag":"h1","direction":"ltr","format":"","indent":0,"version":1,"children":[{"type":"text","text":"Japanese Greetings","format":0,"detail":0,"mode":"normal","style":"","version":1}]}],"direction":"ltr","format":"","indent":0,"version":1}}",
      "description": "Learn basic Japanese greetings and self-introduction phrases",
      "featuredImage": "/story-mocks/piano-10046998_1280.jpg",
      "id": "unit-japanese-1",
      "identityId": "us-east-1:teacher-identity-1",
      "name": "Introduction to Japanese Greetings",
      "owner": "teacher-1",
      "published": true,
      "status": "PUBLISHED",
      "unitFiles": [Function anonymous],
      "unitWords": [Function anonymous],
      "updatedAt": "2024-01-10T15:00:00.000Z",
    },
    {
      "_deleted": false,
      "_lastChangedAt": 1705071600000,
      "_version": 2,
      "createdAt": "2024-01-05T10:00:00.000Z",
      "data": "{"root":{"type":"root","children":[{"type":"heading","tag":"h1","direction":"ltr","format":"","indent":0,"version":1,"children":[{"type":"text","text":"Numbers and Counting","format":0,"detail":0,"mode":"normal","style":"","version":1}]}],"direction":"ltr","format":"","indent":0,"version":1}}",
      "description": "Master numbers 1-100 and counting objects in Japanese",
      "featuredImage": "/story-mocks/animals-10008941_1280.jpg",
      "id": "unit-japanese-2",
      "identityId": "us-east-1:teacher-identity-1",
      "name": "Japanese Numbers and Counting",
      "owner": "teacher-1",
      "published": true,
      "status": "PUBLISHED",
      "timeLimitSeconds": 120,
      "unitFiles": [Function anonymous],
      "unitWords": [Function anonymous],
      "updatedAt": "2024-01-12T15:00:00.000Z",
    },
    {
      "_deleted": false,
      "_lastChangedAt": 1705330800000,
      "_version": 1,
      "createdAt": "2024-01-10T10:00:00.000Z",
      "data": "{"root":{"type":"root","children":[{"type":"heading","tag":"h1","direction":"ltr","format":"","indent":0,"version":1,"children":[{"type":"text","text":"Daily Activities","format":0,"detail":0,"mode":"normal","style":"","version":1}]}],"direction":"ltr","format":"","indent":0,"version":1}}",
      "description": "Vocabulary for talking about your daily routine",
      "featuredImage": "/story-mocks/namibia-9992336_1280.jpg",
      "id": "unit-japanese-3",
      "identityId": "us-east-1:teacher-identity-1",
      "name": "Daily Activities Vocabulary",
      "owner": "teacher-1",
      "published": true,
      "status": "PUBLISHED",
      "unitFiles": [Function anonymous],
      "unitWords": [Function anonymous],
      "updatedAt": "2024-01-15T15:00:00.000Z",
    },
    {
      "_deleted": false,
      "_lastChangedAt": 1705590000000,
      "_version": 4,
      "createdAt": "2024-01-08T10:00:00.000Z",
      "data": "{"root":{"type":"root","children":[{"type":"heading","tag":"h1","direction":"ltr","format":"","indent":0,"version":1,"children":[{"type":"text","text":"Basic Kanji","format":0,"detail":0,"mode":"normal","style":"","version":1}]}],"direction":"ltr","format":"","indent":0,"version":1}}",
      "description": "Introduction to the first 50 essential kanji characters",
      "featuredImage": "/story-mocks/320px-Test_sign.jpg",
      "id": "unit-kanji-basics",
      "identityId": "us-east-1:teacher-identity-2",
      "name": "Kanji Basics - First 50 Characters",
      "owner": "teacher-2",
      "published": true,
      "status": "PUBLISHED",
      "unitFiles": [Function anonymous],
      "unitWords": [Function anonymous],
      "updatedAt": "2024-01-18T15:00:00.000Z",
    },
  ],
}
[90mstdout[2m | .storybook/docs/QuickTour-Instructor.stories.tsx[2m > [22m[2m3. Section & Grades
[22m[39munitMap {
  "unit-japanese-1": {
    "_deleted": false,
    "_lastChangedAt": 1704898800000,
    "_version": 3,
    "createdAt": "2024-01-01T10:00:00.000Z",
    "data": "{"root":{"type":"root","children":[{"type":"heading","tag":"h1","direction":"ltr","format":"","indent":0,"version":1,"children":[{"type":"text","text":"Japanese Greetings","format":0,"detail":0,"mode":"normal","style":"","version":1}]}],"direction":"ltr","format":"","indent":0,"version":1}}",
    "description": "Learn basic Japanese greetings and self-introduction phrases",
    "featuredImage": "/story-mocks/piano-10046998_1280.jpg",
    "id": "unit-japanese-1",
    "identityId": "us-east-1:teacher-identity-1",
    "name": "Introduction to Japanese Greetings",
    "owner": "teacher-1",
    "published": true,
    "status": "PUBLISHED",
    "unitFiles": [Function anonymous],
    "unitWords": [Function anonymous],
    "updatedAt": "2024-01-10T15:00:00.000Z",
  },
  "unit-japanese-2": {
    "_deleted": false,
    "_lastChangedAt": 1705071600000,
    "_version": 2,
    "createdAt": "2024-01-05T10:00:00.000Z",
    "data": "{"root":{"type":"root","children":[{"type":"heading","tag":"h1","direction":"ltr","format":"","indent":0,"version":1,"children":[{"type":"text","text":"Numbers and Counting","format":0,"detail":0,"mode":"normal","style":"","version":1}]}],"direction":"ltr","format":"","indent":0,"version":1}}",
    "description": "Master numbers 1-100 and counting objects in Japanese",
    "featuredImage": "/story-mocks/animals-10008941_1280.jpg",
    "id": "unit-japanese-2",
    "identityId": "us-east-1:teacher-identity-1",
    "name": "Japanese Numbers and Counting",
    "owner": "teacher-1",
    "published": true,
    "status": "PUBLISHED",
    "timeLimitSeconds": 120,
    "unitFiles": [Function anonymous],
    "unitWords": [Function anonymous],
    "updatedAt": "2024-01-12T15:00:00.000Z",
  },
  "unit-japanese-3": {
    "_deleted": false,
    "_lastChangedAt": 1705330800000,
    "_version": 1,
    "createdAt": "2024-01-10T10:00:00.000Z",
    "data": "{"root":{"type":"root","children":[{"type":"heading","tag":"h1","direction":"ltr","format":"","indent":0,"version":1,"children":[{"type":"text","text":"Daily Activities","format":0,"detail":0,"mode":"normal","style":"","version":1}]}],"direction":"ltr","format":"","indent":0,"version":1}}",
    "description": "Vocabulary for talking about your daily routine",
    "featuredImage": "/story-mocks/namibia-9992336_1280.jpg",
    "id": "unit-japanese-3",
    "identityId": "us-east-1:teacher-identity-1",
    "name": "Daily Activities Vocabulary",
    "owner": "teacher-1",
    "published": true,
    "status": "PUBLISHED",
    "unitFiles": [Function anonymous],
    "unitWords": [Function anonymous],
    "updatedAt": "2024-01-15T15:00:00.000Z",
  },
  "unit-kanji-basics": {
    "_deleted": false,
    "_lastChangedAt": 1705590000000,
    "_version": 4,
    "createdAt": "2024-01-08T10:00:00.000Z",
    "data": "{"root":{"type":"root","children":[{"type":"heading","tag":"h1","direction":"ltr","format":"","indent":0,"version":1,"children":[{"type":"text","text":"Basic Kanji","format":0,"detail":0,"mode":"normal","style":"","version":1}]}],"direction":"ltr","format":"","indent":0,"version":1}}",
    "description": "Introduction to the first 50 essential kanji characters",
    "featuredImage": "/story-mocks/320px-Test_sign.jpg",
    "id": "unit-kanji-basics",
    "identityId": "us-east-1:teacher-identity-2",
    "name": "Kanji Basics - First 50 Characters",
    "owner": "teacher-2",
    "published": true,
    "status": "PUBLISHED",
    "unitFiles": [Function anonymous],
    "unitWords": [Function anonymous],
    "updatedAt": "2024-01-18T15:00:00.000Z",
  },
}
[90mstdout[2m | .storybook/docs/QuickTour-Instructor.stories.tsx[2m > [22m[2m3. Section & Grades
[22m[39msectionData [
  {
    "_deleted": false,
    "_lastChangedAt": 1704096000000,
    "_version": 1,
    "code": "JPN101SPRING",
    "createdAt": "2024-01-01T08:00:00.000Z",
    "description": "Beginner Japanese language course",
    "featuredImage": "/story-mocks/sand-4753305_1280.jpg",
    "id": "section-jpn-101",
    "identityId": "us-east-1:teacher-identity-1",
    "learner": "section-jpn-101-learners",
    "name": "Japanese 101 - Spring 2024",
    "owner": "teacher-1",
    "status": "PUBLISHED",
    "updatedAt": "2024-01-01T08:00:00.000Z",
  },
]
[90mstdout[2m | .storybook/docs/QuickTour-Instructor.stories.tsx[2m > [22m[2m3. Section & Grades
[22m[39m[FilesContext] File observeQuery update: 0 files
[90mstdout[2m | .storybook/docs/QuickTour-Instructor.stories.tsx[2m > [22m[2m3. Section & Grades
[22m[39m[FilesContext] File observeQuery update: 0 files
[90mstdout[2m | .storybook/docs/QuickTour-Instructor.stories.tsx[2m > [22m[2m3. Section & Grades
[22m[39m[ChatContext] AssistantChat initialized with 0 chats
[90mstdout[2m | .storybook/docs/QuickTour-Instructor.stories.tsx[2m > [22m[2m3. Section & Grades
[22m[39m[MOCK CourseVectorStore] Initialized with mock data
[90mstdout[2m | .storybook/docs/QuickTour-Instructor.stories.tsx[2m > [22m[2m3. Section & Grades
[22m[39m[MOCK CourseVectorStore] Initialized with mock data
[90mstdout[2m | .storybook/docs/QuickTour-Instructor.stories.tsx[2m > [22m[2m3. Section & Grades
[22m[39m[useChatPageContext] Cleaning up page context
[90mstdout[2m | .storybook/docs/QuickTour-Instructor.stories.tsx[2m > [22m[2m3. Section & Grades
[22m[39m[useChatPageContext] Registering page context: {
  "dictionaryCount": 0,
  "filesCount": 0,
  "hasEditorRef": false,
  "hasUnit": false,
  "hasVectorStoreSearch": false,
  "questionsCount": 0,
  "sectionsCount": 1,
}
[90mstdout[2m | .storybook/docs/QuickTour-Instructor.stories.tsx[2m > [22m[2m3. Section & Grades
[22m[39m[ChatContext] No current chat available, will create one
[90mstdout[2m | .storybook/docs/QuickTour-Instructor.stories.tsx[2m > [22m[2m3. Section & Grades
[22m[39m[ChatContext] Creating AssistantChat with user: undefined
[90mstdout[2m | .storybook/docs/QuickTour-Instructor.stories.tsx[2m > [22m[2m3. Section & Grades
[22m[39m[Mock Data] AssistantChat created: mock-assistantchat-1790417332723 - notified 1 subscribers
[90mstdout[2m | .storybook/docs/QuickTour-Instructor.stories.tsx[2m > [22m[2m3. Section & Grades
[22m[39m_sectionStudents {
  "students": [
    {
      "email": "alice@example.com",
      "id": "student-alice-sub",
      "name": "Alice Johnson",
    },
    {
      "email": "bob@example.com",
      "id": "student-bob-sub",
      "name": "Bob Smith",
    },
    {
      "email": "carol@example.com",
      "id": "student-carol-sub",
      "name": "Carol Davis",
    },
    {
      "email": "dave@example.com",
      "id": "student-dave-sub",
      "name": "Dave Wilson",
    },
    {
      "email": "eve@example.com",
      "id": "student-eve-sub",
      "name": "Eve Martinez",
    },
    {
      "email": "frank@example.com",
      "id": "student-frank-sub",
      "name": "Frank Nguyen",
    },
  ],
  "success": true,
}
[90mstdout[2m | .storybook/docs/QuickTour-Instructor.stories.tsx[2m > [22m[2m3. Section & Grades
[22m[39m_sectionStudents [
  {
    "email": "alice@example.com",
    "id": "student-alice-sub",
    "name": "Alice Johnson",
  },
  {
    "email": "bob@example.com",
    "id": "student-bob-sub",
    "name": "Bob Smith",
  },
  {
    "email": "carol@example.com",
    "id": "student-carol-sub",
    "name": "Carol Davis",
  },
  {
    "email": "dave@example.com",
    "id": "student-dave-sub",
    "name": "Dave Wilson",
  },
  {
    "email": "eve@example.com",
    "id": "student-eve-sub",
    "name": "Eve Martinez",
  },
  {
    "email": "frank@example.com",
    "id": "student-frank-sub",
    "name": "Frank Nguyen",
  },
]
[90mstdout[2m | .storybook/docs/QuickTour-Instructor.stories.tsx[2m > [22m[2m3. Section & Grades
[22m[39mfetchSectionStudents {
  "student-alice-sub": {
    "email": "alice@example.com",
    "id": "student-alice-sub",
    "name": "Alice Johnson",
  },
  "student-bob-sub": {
    "email": "bob@example.com",
    "id": "student-bob-sub",
    "name": "Bob Smith",
  },
  "student-carol-sub": {
    "email": "carol@example.com",
    "id": "student-carol-sub",
    "name": "Carol Davis",
  },
  "student-dave-sub": {
    "email": "dave@example.com",
    "id": "student-dave-sub",
    "name": "Dave Wilson",
  },
  "student-eve-sub": {
    "email": "eve@example.com",
    "id": "student-eve-sub",
    "name": "Eve Martinez",
  },
  "student-frank-sub": {
    "email": "frank@example.com",
    "id": "student-frank-sub",
    "name": "Frank Nguyen",
  },
}
[90mstdout[2m | .storybook/docs/QuickTour-Instructor.stories.tsx[2m > [22m[2m3. Section & Grades
[22m[39m[ChatContext] Create result: {
  "data": {
    "_version": 1,
    "archived": false,
    "chatFiles": [Function anonymous],
    "createdAt": "2026-09-26T10:08:52.723Z",
    "id": "mock-assistantchat-1790417332723",
    "model": "gpt-4",
    "updatedAt": "2026-09-26T10:08:52.723Z",
  },
  "errors": [],
  "hasData": true,
  "hasErrors": true,
}
[90mstdout[2m | .storybook/docs/QuickTour-Instructor.stories.tsx[2m > [22m[2m3. Section & Grades
[22m[39m[ChatContext] Created AssistantChat: mock-assistantchat-1790417332723 at: 2026-09-26T10:08:52.723Z
[90mstdout[2m | .storybook/docs/QuickTour-Instructor.stories.tsx[2m > [22m[2m3. Section & Grades
[22m[39m[Mock Storage] downloadData called with: undefined
[90mstdout[2m | .storybook/docs/QuickTour-Instructor.stories.tsx[2m > [22m[2m3. Section & Grades
[22m[39m[ChatContext] Setting initial chat: mock-assistantchat-1790417332723
[90mstdout[2m | .storybook/docs/QuickTour-Instructor.stories.tsx[2m > [22m[2m3. Section & Grades
[22m[39mstudent.id student-alice-sub
[90mstdout[2m | .storybook/docs/QuickTour-Instructor.stories.tsx[2m > [22m[2m3. Section & Grades
[22m[39massignment.unitID unit-japanese-1
[90mstdout[2m | .storybook/docs/QuickTour-Instructor.stories.tsx[2m > [22m[2m3. Section & Grades
[22m[39mgradeMap[student.id]?.[assignment.unitID] {
  "average": 95.5,
  "count": 2,
  "highest": {
    "_deleted": false,
    "_lastChangedAt": 1790244518892,
    "_version": 5,
    "accuracy": 97,
    "complete": true,
    "createdAt": "2024-01-22T10:00:00.000Z",
    "data": "{"quiz-block-1":{"complete":true,"accuracy":100},"meaning-assoc-1":{"complete":true,"accuracy":100},"custom-q-1":{"complete":true,"accuracy":92}}",
    "feedback": "{"overall":"Even better! Perfect score on vocabulary."}",
    "files": [],
    "id": "grade-alice-1-attempt2",
    "identityId": "identity-alice",
    "instructor": "teacher-1",
    "moderationCheckedAt": "2024-01-22T14:00:00.000Z",
    "moderationFlags": null,
    "moderationStatus": "approved",
    "owner": "student-alice-sub",
    "percentComplete": 100,
    "sectionID": "section-jpn-101",
    "timerStarted": true,
    "unitID": "unit-japanese-1",
    "unitVersion": 1,
    "updatedAt": "2026-09-24T10:08:38.892Z",
  },
  "sum": 191,
}
[90mstdout[2m | .storybook/docs/QuickTour-Instructor.stories.tsx[2m > [22m[2m3. Section & Grades
[22m[39mstudent.id student-alice-sub
[90mstdout[2m | .storybook/docs/QuickTour-Instructor.stories.tsx[2m > [22m[2m3. Section & Grades
[22m[39massignment.unitID unit-japanese-2
[90mstdout[2m | .storybook/docs/QuickTour-Instructor.stories.tsx[2m > [22m[2m3. Section & Grades
[22m[39mgradeMap[student.id]?.[assignment.unitID] undefined
[90mstdout[2m | .storybook/docs/QuickTour-Instructor.stories.tsx[2m > [22m[2m3. Section & Grades
[22m[39mstudent.id student-alice-sub
[90mstdout[2m | .storybook/docs/QuickTour-Instructor.stories.tsx[2m > [22m[2m3. Section & Grades
[22m[39massignment.unitID unit-japanese-3
[90mstdout[2m | .storybook/docs/QuickTour-Instructor.stories.tsx[2m > [22m[2m3. Section & Grades
[22m[39mgradeMap[student.id]?.[assignment.unitID] undefined
[90mstdout[2m | .storybook/docs/QuickTour-Instructor.stories.tsx[2m > [22m[2m3. Section & Grades
[22m[39mstudent.id student-bob-sub
[90mstdout[2m | .storybook/docs/QuickTour-Instructor.stories.tsx[2m > [22m[2m3. Section & Grades
[22m[39massignment.unitID unit-japanese-1
[90mstdout[2m | .storybook/docs/QuickTour-Instructor.stories.tsx[2m > [22m[2m3. Section & Grades
[22m[39mgradeMap[student.id]?.[assignment.unitID] {
  "average": 87,
  "count": 1,
  "highest": {
    "_deleted": false,
    "_lastChangedAt": 1705831200000,
    "_version": 4,
    "accuracy": 87,
    "complete": true,
    "createdAt": "2024-01-17T11:00:00.000Z",
    "data": "{"quiz-block-1":{"complete":true,"accuracy":90},"meaning-assoc-1":{"complete":true,"accuracy":85},"custom-q-1":{"complete":true,"accuracy":86}}",
    "files": [],
    "id": "grade-bob-1",
    "identityId": "identity-bob",
    "instructor": "teacher-1",
    "owner": "student-bob-sub",
    "percentComplete": 100,
    "sectionID": "section-jpn-101",
    "timerStarted": true,
    "unitID": "unit-japanese-1",
    "unitVersion": 1,
    "updatedAt": "2024-01-21T10:00:00.000Z",
  },
  "sum": 87,
}
[90mstdout[2m | .storybook/docs/QuickTour-Instructor.stories.tsx[2m > [22m[2m3. Section & Grades
[22m[39mstudent.id student-bob-sub
[90mstdout[2m | .storybook/docs/QuickTour-Instructor.stories.tsx[2m > [22m[2m3. Section & Grades
[22m[39massignment.unitID unit-japanese-2
[90mstdout[2m | .storybook/docs/QuickTour-Instructor.stories.tsx[2m > [22m[2m3. Section & Grades
[22m[39mgradeMap[student.id]?.[assignment.unitID] {
  "average": 82,
  "count": 1,
  "highest": {
    "_deleted": false,
    "_lastChangedAt": 1790071718892,
    "_version": 3,
    "accuracy": 82,
    "complete": true,
    "createdAt": "2024-01-18T14:00:00.000Z",
    "data": "{"quiz-block-1":{"complete":true,"accuracy":80},"meaning-assoc-1":{"complete":true,"accuracy":85},"custom-q-1":{"complete":true,"accuracy":81}}",
    "files": [],
    "id": "grade-bob-2",
    "identityId": "identity-bob",
    "instructor": "teacher-1",
    "owner": "student-bob-sub",
    "percentComplete": 100,
    "sectionID": "section-jpn-101",
    "timerStarted": true,
    "unitID": "unit-japanese-2",
    "unitVersion": 1,
    "updatedAt": "2026-09-22T10:08:38.892Z",
  },
  "sum": 82,
}
[90mstdout[2m | .storybook/docs/QuickTour-Instructor.stories.tsx[2m > [22m[2m3. Section & Grades
[22m[39mstudent.id student-bob-sub
[90mstdout[2m | .storybook/docs/QuickTour-Instructor.stories.tsx[2m > [22m[2m3. Section & Grades
[22m[39massignment.unitID unit-japanese-3
[90mstdout[2m | .storybook/docs/QuickTour-Instructor.stories.tsx[2m > [22m[2m3. Section & Grades
[22m[39mgradeMap[student.id]?.[assignment.unitID] undefined
[90mstdout[2m | .storybook/docs/QuickTour-Instructor.stories.tsx[2m > [22m[2m3. Section & Grades
[22m[39mstudent.id student-carol-sub
[90mstdout[2m | .storybook/docs/QuickTour-Instructor.stories.tsx[2m > [22m[2m3. Section & Grades
[22m[39massignment.unitID unit-japanese-1
[90mstdout[2m | .storybook/docs/QuickTour-Instructor.stories.tsx[2m > [22m[2m3. Section & Grades
[22m[39mgradeMap[student.id]?.[assignment.unitID] {
  "average": 91,
  "count": 1,
  "highest": {
    "_deleted": false,
    "_lastChangedAt": 1705760100000,
    "_version": 5,
    "accuracy": 91,
    "complete": true,
    "createdAt": "2024-01-16T15:00:00.000Z",
    "data": "{"quiz-block-1":{"complete":true,"accuracy":95},"meaning-assoc-1":{"complete":true,"accuracy":90},"custom-q-1":{"complete":true,"accuracy":88}}",
    "files": [],
    "id": "grade-carol-1",
    "identityId": "identity-carol",
    "instructor": "teacher-1",
    "owner": "student-carol-sub",
    "percentComplete": 100,
    "sectionID": "section-jpn-101",
    "timerStarted": true,
    "unitID": "unit-japanese-1",
    "unitVersion": 1,
    "updatedAt": "2024-01-20T14:15:00.000Z",
  },
  "sum": 91,
}
[90mstdout[2m | .storybook/docs/QuickTour-Instructor.stories.tsx[2m > [22m[2m3. Section & Grades
[22m[39mstudent.id student-carol-sub
[90mstdout[2m | .storybook/docs/QuickTour-Instructor.stories.tsx[2m > [22m[2m3. Section & Grades
[22m[39massignment.unitID unit-japanese-2
[90mstdout[2m | .storybook/docs/QuickTour-Instructor.stories.tsx[2m > [22m[2m3. Section & Grades
[22m[39mgradeMap[student.id]?.[assignment.unitID] undefined
[90mstdout[2m | .storybook/docs/QuickTour-Instructor.stories.tsx[2m > [22m[2m3. Section & Grades
[22m[39mstudent.id student-carol-sub
[90mstdout[2m | .storybook/docs/QuickTour-Instructor.stories.tsx[2m > [22m[2m3. Section & Grades
[22m[39massignment.unitID unit-japanese-3
[90mstdout[2m | .storybook/docs/QuickTour-Instructor.stories.tsx[2m > [22m[2m3. Section & Grades
[22m[39mgradeMap[student.id]?.[assignment.unitID] undefined
[90mstdout[2m | .storybook/docs/QuickTour-Instructor.stories.tsx[2m > [22m[2m3. Section & Grades
[22m[39mstudent.id student-dave-sub
[90mstdout[2m | .storybook/docs/QuickTour-Instructor.stories.tsx[2m > [22m[2m3. Section & Grades
[22m[39massignment.unitID unit-japanese-1
[90mstdout[2m | .storybook/docs/QuickTour-Instructor.stories.tsx[2m > [22m[2m3. Section & Grades
[22m[39mgradeMap[student.id]?.[assignment.unitID] {
  "average": 78,
  "count": 1,
  "highest": {
    "_deleted": false,
    "_lastChangedAt": 1705996800000,
    "_version": 6,
    "accuracy": 78,
    "complete": true,
    "createdAt": "2024-01-18T09:00:00.000Z",
    "data": "{"quiz-block-1":{"complete":true,"accuracy":75},"meaning-assoc-1":{"complete":true,"accuracy":80},"custom-q-1":{"complete":true,"accuracy":79}}",
    "files": [],
    "id": "grade-dave-1",
    "identityId": "identity-dave",
    "instructor": "teacher-1",
    "owner": "student-dave-sub",
    "percentComplete": 100,
    "sectionID": "section-jpn-101",
    "timerStarted": true,
    "unitID": "unit-japanese-1",
    "unitVersion": 1,
    "updatedAt": "2024-01-23T08:00:00.000Z",
  },
  "sum": 78,
}
[90mstdout[2m | .storybook/docs/QuickTour-Instructor.stories.tsx[2m > [22m[2m3. Section & Grades
[22m[39mstudent.id student-dave-sub
[90mstdout[2m | .storybook/docs/QuickTour-Instructor.stories.tsx[2m > [22m[2m3. Section & Grades
[22m[39massignment.unitID unit-japanese-2
[90mstdout[2m | .storybook/docs/QuickTour-Instructor.stories.tsx[2m > [22m[2m3. Section & Grades
[22m[39mgradeMap[student.id]?.[assignment.unitID] {
  "average": 84,
  "count": 1,
  "highest": {
    "_deleted": false,
    "_lastChangedAt": 1790244518892,
    "_version": 3,
    "accuracy": 84,
    "complete": true,
    "createdAt": "2024-01-22T13:00:00.000Z",
    "data": "{"quiz-block-1":{"complete":true,"accuracy":85},"meaning-assoc-1":{"complete":true,"accuracy":83},"custom-q-1":{"complete":true,"accuracy":84}}",
    "files": [],
    "id": "grade-dave-2",
    "identityId": "identity-dave",
    "instructor": "teacher-1",
    "owner": "student-dave-sub",
    "percentComplete": 100,
    "sectionID": "section-jpn-101",
    "timerStarted": true,
    "unitID": "unit-japanese-2",
    "unitVersion": 1,
    "updatedAt": "2026-09-24T10:08:38.892Z",
  },
  "sum": 84,
}
[90mstdout[2m | .storybook/docs/QuickTour-Instructor.stories.tsx[2m > [22m[2m3. Section & Grades
[22m[39mstudent.id student-dave-sub
[90mstdout[2m | .storybook/docs/QuickTour-Instructor.stories.tsx[2m > [22m[2m3. Section & Grades
[22m[39massignment.unitID unit-japanese-3
[90mstdout[2m | .storybook/docs/QuickTour-Instructor.stories.tsx[2m > [22m[2m3. Section & Grades
[22m[39mgradeMap[student.id]?.[assignment.unitID] undefined
[90mstdout[2m | .storybook/docs/QuickTour-Instructor.stories.tsx[2m > [22m[2m3. Section & Grades
[22m[39mstudent.id student-eve-sub
[90mstdout[2m | .storybook/docs/QuickTour-Instructor.stories.tsx[2m > [22m[2m3. Section & Grades
[22m[39massignment.unitID unit-japanese-1
[90mstdout[2m | .storybook/docs/QuickTour-Instructor.stories.tsx[2m > [22m[2m3. Section & Grades
[22m[39mgradeMap[student.id]?.[assignment.unitID] {
  "average": 42,
  "count": 1,
  "highest": {
    "_deleted": false,
    "_lastChangedAt": 1705680000000,
    "_version": 2,
    "accuracy": 42,
    "complete": true,
    "createdAt": "2024-01-17T09:00:00.000Z",
    "data": "{"quiz-block-1":{"complete":true,"accuracy":45},"meaning-assoc-1":{"complete":true,"accuracy":40},"custom-q-1":{"complete":true,"accuracy":41}}",
    "files": [],
    "id": "grade-eve-1",
    "identityId": "identity-eve",
    "instructor": "teacher-1",
    "owner": "student-eve-sub",
    "percentComplete": 100,
    "sectionID": "section-jpn-101",
    "timerStarted": true,
    "unitID": "unit-japanese-1",
    "unitVersion": 1,
    "updatedAt": "2024-01-19T16:00:00.000Z",
  },
  "sum": 42,
}
[90mstdout[2m | .storybook/docs/QuickTour-Instructor.stories.tsx[2m > [22m[2m3. Section & Grades
[22m[39mstudent.id student-eve-sub
[90mstdout[2m | .storybook/docs/QuickTour-Instructor.stories.tsx[2m > [22m[2m3. Section & Grades
[22m[39massignment.unitID unit-japanese-2
[90mstdout[2m | .storybook/docs/QuickTour-Instructor.stories.tsx[2m > [22m[2m3. Section & Grades
[22m[39mgradeMap[student.id]?.[assignment.unitID] {
  "average": 55,
  "count": 1,
  "highest": {
    "_deleted": false,
    "_lastChangedAt": 1705834800000,
    "_version": 2,
    "accuracy": 55,
    "complete": true,
    "createdAt": "2024-01-20T09:00:00.000Z",
    "data": "{"quiz-block-1":{"complete":true,"accuracy":58},"meaning-assoc-1":{"complete":true,"accuracy":52},"custom-q-1":{"complete":true,"accuracy":55}}",
    "files": [],
    "id": "grade-eve-2",
    "identityId": "identity-eve",
    "instructor": "teacher-1",
    "owner": "student-eve-sub",
    "percentComplete": 100,
    "sectionID": "section-jpn-101",
    "timerStarted": true,
    "unitID": "unit-japanese-2",
    "unitVersion": 1,
    "updatedAt": "2024-01-21T11:00:00.000Z",
  },
  "sum": 55,
}
[90mstdout[2m | .storybook/docs/QuickTour-Instructor.stories.tsx[2m > [22m[2m3. Section & Grades
[22m[39mstudent.id student-eve-sub
[90mstdout[2m | .storybook/docs/QuickTour-Instructor.stories.tsx[2m > [22m[2m3. Section & Grades
[22m[39massignment.unitID unit-japanese-3
[90mstdout[2m | .storybook/docs/QuickTour-Instructor.stories.tsx[2m > [22m[2m3. Section & Grades
[22m[39mgradeMap[student.id]?.[assignment.unitID] undefined
[90mstdout[2m | .storybook/docs/QuickTour-Instructor.stories.tsx[2m > [22m[2m3. Section & Grades
[22m[39mstudent.id student-frank-sub
[90mstdout[2m | .storybook/docs/QuickTour-Instructor.stories.tsx[2m > [22m[2m3. Section & Grades
[22m[39massignment.unitID unit-japanese-1
[90mstdout[2m | .storybook/docs/QuickTour-Instructor.stories.tsx[2m > [22m[2m3. Section & Grades
[22m[39mgradeMap[student.id]?.[assignment.unitID] {
  "average": 68,
  "count": 1,
  "highest": {
    "_deleted": false,
    "_lastChangedAt": 1789898918892,
    "_version": 2,
    "accuracy": 68,
    "complete": true,
    "createdAt": "2024-01-19T09:00:00.000Z",
    "data": "{"quiz-block-1":{"complete":true,"accuracy":70},"meaning-assoc-1":{"complete":true,"accuracy":65},"custom-q-1":{"complete":true,"accuracy":69}}",
    "files": [],
    "id": "grade-frank-1",
    "identityId": "identity-frank",
    "instructor": "teacher-1",
    "owner": "student-frank-sub",
    "percentComplete": 100,
    "sectionID": "section-jpn-101",
    "timerStarted": true,
    "unitID": "unit-japanese-1",
    "unitVersion": 1,
    "updatedAt": "2026-09-20T10:08:38.892Z",
  },
  "sum": 68,
}
[90mstdout[2m | .storybook/docs/QuickTour-Instructor.stories.tsx[2m > [22m[2m3. Section & Grades
[22m[39mstudent.id student-frank-sub
[90mstdout[2m | .storybook/docs/QuickTour-Instructor.stories.tsx[2m > [22m[2m3. Section & Grades
[22m[39massignment.unitID unit-japanese-2
[90mstdout[2m | .storybook/docs/QuickTour-Instructor.stories.tsx[2m > [22m[2m3. Section & Grades
[22m[39mgradeMap[student.id]?.[assignment.unitID] undefined
[90mstdout[2m | .storybook/docs/QuickTour-Instructor.stories.tsx[2m > [22m[2m3. Section & Grades
[22m[39mstudent.id student-frank-sub
[90mstdout[2m | .storybook/docs/QuickTour-Instructor.stories.tsx[2m > [22m[2m3. Section & Grades
[22m[39massignment.unitID unit-japanese-3
[90mstdout[2m | .storybook/docs/QuickTour-Instructor.stories.tsx[2m > [22m[2m3. Section & Grades
[22m[39mgradeMap[student.id]?.[assignment.unitID] {
  "average": 72,
  "count": 1,
  "highest": {
    "_deleted": false,
    "_lastChangedAt": 1789985318892,
    "_version": 2,
    "accuracy": 72,
    "complete": true,
    "createdAt": "2024-01-21T09:00:00.000Z",
    "data": "{"quiz-block-1":{"complete":true,"accuracy":74},"meaning-assoc-1":{"complete":true,"accuracy":70},"custom-q-1":{"complete":true,"accuracy":72}}",
    "files": [],
    "id": "grade-frank-2",
    "identityId": "identity-frank",
    "instructor": "teacher-1",
    "owner": "student-frank-sub",
    "percentComplete": 100,
    "sectionID": "section-jpn-101",
    "timerStarted": true,
    "unitID": "unit-japanese-3",
    "unitVersion": 1,
    "updatedAt": "2026-09-21T10:08:38.892Z",
  },
  "sum": 72,
}
[90mstdout[2m | .storybook/docs/QuickTour-Instructor.stories.tsx[2m > [22m[2m3. Section & Grades
[22m[39m[ChatContext] Chat exists and not archived, skipping creation
[90mstdout[2m | .storybook/docs/QuickTour-Instructor.stories.tsx[2m > [22m[2m3. Section & Grades
[22m[39m[Mock Storage] downloadData called with: undefined
[90mstdout[2m | .storybook/docs/QuickTour-Instructor.stories.tsx[2m > [22m[2m3. Section & Grades
[22m[39mstudent.id student-alice-sub
[90mstdout[2m | .storybook/docs/QuickTour-Instructor.stories.tsx[2m > [22m[2m3. Section & Grades
[22m[39massignment.unitID unit-japanese-1
[90mstdout[2m | .storybook/docs/QuickTour-Instructor.stories.tsx[2m > [22m[2m3. Section & Grades
[22m[39mgradeMap[student.id]?.[assignment.unitID] {
  "average": 95.5,
  "count": 2,
  "highest": {
    "_deleted": false,
    "_lastChangedAt": 1790244518892,
    "_version": 5,
    "accuracy": 97,
    "complete": true,
    "createdAt": "2024-01-22T10:00:00.000Z",
    "data": "{"quiz-block-1":{"complete":true,"accuracy":100},"meaning-assoc-1":{"complete":true,"accuracy":100},"custom-q-1":{"complete":true,"accuracy":92}}",
    "feedback": "{"overall":"Even better! Perfect score on vocabulary."}",
    "files": [],
    "id": "grade-alice-1-attempt2",
    "identityId": "identity-alice",
    "instructor": "teacher-1",
    "moderationCheckedAt": "2024-01-22T14:00:00.000Z",
    "moderationFlags": null,
    "moderationStatus": "approved",
    "owner": "student-alice-sub",
    "percentComplete": 100,
    "sectionID": "section-jpn-101",
    "timerStarted": true,
    "unitID": "unit-japanese-1",
    "unitVersion": 1,
    "updatedAt": "2026-09-24T10:08:38.892Z",
  },
  "sum": 191,
}
[90mstdout[2m | .storybook/docs/QuickTour-Instructor.stories.tsx[2m > [22m[2m3. Section & Grades
[22m[39mstudent.id student-alice-sub
[90mstdout[2m | .storybook/docs/QuickTour-Instructor.stories.tsx[2m > [22m[2m3. Section & Grades
[22m[39massignment.unitID unit-japanese-2
[90mstdout[2m | .storybook/docs/QuickTour-Instructor.stories.tsx[2m > [22m[2m3. Section & Grades
[22m[39mgradeMap[student.id]?.[assignment.unitID] undefined
[90mstdout[2m | .storybook/docs/QuickTour-Instructor.stories.tsx[2m > [22m[2m3. Section & Grades
[22m[39mstudent.id student-alice-sub
[90mstdout[2m | .storybook/docs/QuickTour-Instructor.stories.tsx[2m > [22m[2m3. Section & Grades
[22m[39massignment.unitID unit-japanese-3
[90mstdout[2m | .storybook/docs/QuickTour-Instructor.stories.tsx[2m > [22m[2m3. Section & Grades
[22m[39mgradeMap[student.id]?.[assignment.unitID] undefined
[90mstdout[2m | .storybook/docs/QuickTour-Instructor.stories.tsx[2m > [22m[2m3. Section & Grades
[22m[39mstudent.id student-bob-sub
[90mstdout[2m | .storybook/docs/QuickTour-Instructor.stories.tsx[2m > [22m[2m3. Section & Grades
[22m[39massignment.unitID unit-japanese-1
[90mstdout[2m | .storybook/docs/QuickTour-Instructor.stories.tsx[2m > [22m[2m3. Section & Grades
[22m[39mgradeMap[student.id]?.[assignment.unitID] {
  "average": 87,
  "count": 1,
  "highest": {
    "_deleted": false,
    "_lastChangedAt": 1705831200000,
    "_version": 4,
    "accuracy": 87,
    "complete": true,
    "createdAt": "2024-01-17T11:00:00.000Z",
    "data": "{"quiz-block-1":{"complete":true,"accuracy":90},"meaning-assoc-1":{"complete":true,"accuracy":85},"custom-q-1":{"complete":true,"accuracy":86}}",
    "files": [],
    "id": "grade-bob-1",
    "identityId": "identity-bob",
    "instructor": "teacher-1",
    "owner": "student-bob-sub",
    "percentComplete": 100,
    "sectionID": "section-jpn-101",
    "timerStarted": true,
    "unitID": "unit-japanese-1",
    "unitVersion": 1,
    "updatedAt": "2024-01-21T10:00:00.000Z",
  },
  "sum": 87,
}
[90mstdout[2m | .storybook/docs/QuickTour-Instructor.stories.tsx[2m > [22m[2m3. Section & Grades
[22m[39mstudent.id student-bob-sub
[90mstdout[2m | .storybook/docs/QuickTour-Instructor.stories.tsx[2m > [22m[2m3. Section & Grades
[22m[39massignment.unitID unit-japanese-2
[90mstdout[2m | .storybook/docs/QuickTour-Instructor.stories.tsx[2m > [22m[2m3. Section & Grades
[22m[39mgradeMap[student.id]?.[assignment.unitID] {
  "average": 82,
  "count": 1,
  "highest": {
    "_deleted": false,
    "_lastChangedAt": 1790071718892,
    "_version": 3,
    "accuracy": 82,
    "complete": true,
    "createdAt": "2024-01-18T14:00:00.000Z",
    "data": "{"quiz-block-1":{"complete":true,"accuracy":80},"meaning-assoc-1":{"complete":true,"accuracy":85},"custom-q-1":{"complete":true,"accuracy":81}}",
    "files": [],
    "id": "grade-bob-2",
    "identityId": "identity-bob",
    "instructor": "teacher-1",
    "owner": "student-bob-sub",
    "percentComplete": 100,
    "sectionID": "section-jpn-101",
    "timerStarted": true,
    "unitID": "unit-japanese-2",
    "unitVersion": 1,
    "updatedAt": "2026-09-22T10:08:38.892Z",
  },
  "sum": 82,
}
[90mstdout[2m | .storybook/docs/QuickTour-Instructor.stories.tsx[2m > [22m[2m3. Section & Grades
[22m[39mstudent.id student-bob-sub
[90mstdout[2m | .storybook/docs/QuickTour-Instructor.stories.tsx[2m > [22m[2m3. Section & Grades
[22m[39massignment.unitID unit-japanese-3
[90mstdout[2m | .storybook/docs/QuickTour-Instructor.stories.tsx[2m > [22m[2m3. Section & Grades
[22m[39mgradeMap[student.id]?.[assignment.unitID] undefined
[90mstdout[2m | .storybook/docs/QuickTour-Instructor.stories.tsx[2m > [22m[2m3. Section & Grades
[22m[39mstudent.id student-carol-sub
[90mstdout[2m | .storybook/docs/QuickTour-Instructor.stories.tsx[2m > [22m[2m3. Section & Grades
[22m[39massignment.unitID unit-japanese-1
[90mstdout[2m | .storybook/docs/QuickTour-Instructor.stories.tsx[2m > [22m[2m3. Section & Grades
[22m[39mgradeMap[student.id]?.[assignment.unitID] {
  "average": 91,
  "count": 1,
  "highest": {
    "_deleted": false,
    "_lastChangedAt": 1705760100000,
    "_version": 5,
    "accuracy": 91,
    "complete": true,
    "createdAt": "2024-01-16T15:00:00.000Z",
    "data": "{"quiz-block-1":{"complete":true,"accuracy":95},"meaning-assoc-1":{"complete":true,"accuracy":90},"custom-q-1":{"complete":true,"accuracy":88}}",
    "files": [],
    "id": "grade-carol-1",
    "identityId": "identity-carol",
    "instructor": "teacher-1",
    "owner": "student-carol-sub",
    "percentComplete": 100,
    "sectionID": "section-jpn-101",
    "timerStarted": true,
    "unitID": "unit-japanese-1",
    "unitVersion": 1,
    "updatedAt": "2024-01-20T14:15:00.000Z",
  },
  "sum": 91,
}
[90mstdout[2m | .storybook/docs/QuickTour-Instructor.stories.tsx[2m > [22m[2m3. Section & Grades
[22m[39mstudent.id student-carol-sub
[90mstdout[2m | .storybook/docs/QuickTour-Instructor.stories.tsx[2m > [22m[2m3. Section & Grades
[22m[39massignment.unitID unit-japanese-2
[90mstdout[2m | .storybook/docs/QuickTour-Instructor.stories.tsx[2m > [22m[2m3. Section & Grades
[22m[39mgradeMap[student.id]?.[assignment.unitID] undefined
[90mstdout[2m | .storybook/docs/QuickTour-Instructor.stories.tsx[2m > [22m[2m3. Section & Grades
[22m[39mstudent.id student-carol-sub
[90mstdout[2m | .storybook/docs/QuickTour-Instructor.stories.tsx[2m > [22m[2m3. Section & Grades
[22m[39massignment.unitID unit-japanese-3
[90mstdout[2m | .storybook/docs/QuickTour-Instructor.stories.tsx[2m > [22m[2m3. Section & Grades
[22m[39mgradeMap[student.id]?.[assignment.unitID] undefined
[90mstdout[2m | .storybook/docs/QuickTour-Instructor.stories.tsx[2m > [22m[2m3. Section & Grades
[22m[39mstudent.id student-dave-sub
[90mstdout[2m | .storybook/docs/QuickTour-Instructor.stories.tsx[2m > [22m[2m3. Section & Grades
[22m[39massignment.unitID unit-japanese-1
[90mstdout[2m | .storybook/docs/QuickTour-Instructor.stories.tsx[2m > [22m[2m3. Section & Grades
[22m[39mgradeMap[student.id]?.[assignment.unitID] {
  "average": 78,
  "count": 1,
  "highest": {
    "_deleted": false,
    "_lastChangedAt": 1705996800000,
    "_version": 6,
    "accuracy": 78,
    "complete": true,
    "createdAt": "2024-01-18T09:00:00.000Z",
    "data": "{"quiz-block-1":{"complete":true,"accuracy":75},"meaning-assoc-1":{"complete":true,"accuracy":80},"custom-q-1":{"complete":true,"accuracy":79}}",
    "files": [],
    "id": "grade-dave-1",
    "identityId": "identity-dave",
    "instructor": "teacher-1",
    "owner": "student-dave-sub",
    "percentComplete": 100,
    "sectionID": "section-jpn-101",
    "timerStarted": true,
    "unitID": "unit-japanese-1",
    "unitVersion": 1,
    "updatedAt": "2024-01-23T08:00:00.000Z",
  },
  "sum": 78,
}
[90mstdout[2m | .storybook/docs/QuickTour-Instructor.stories.tsx[2m > [22m[2m3. Section & Grades
[22m[39mstudent.id student-dave-sub
[90mstdout[2m | .storybook/docs/QuickTour-Instructor.stories.tsx[2m > [22m[2m3. Section & Grades
[22m[39massignment.unitID unit-japanese-2
[90mstdout[2m | .storybook/docs/QuickTour-Instructor.stories.tsx[2m > [22m[2m3. Section & Grades
[22m[39mgradeMap[student.id]?.[assignment.unitID] {
  "average": 84,
  "count": 1,
  "highest": {
    "_deleted": false,
    "_lastChangedAt": 1790244518892,
    "_version": 3,
    "accuracy": 84,
    "complete": true,
    "createdAt": "2024-01-22T13:00:00.000Z",
    "data": "{"quiz-block-1":{"complete":true,"accuracy":85},"meaning-assoc-1":{"complete":true,"accuracy":83},"custom-q-1":{"complete":true,"accuracy":84}}",
    "files": [],
    "id": "grade-dave-2",
    "identityId": "identity-dave",
    "instructor": "teacher-1",
    "owner": "student-dave-sub",
    "percentComplete": 100,
    "sectionID": "section-jpn-101",
    "timerStarted": true,
    "unitID": "unit-japanese-2",
    "unitVersion": 1,
    "updatedAt": "2026-09-24T10:08:38.892Z",
  },
  "sum": 84,
}
[90mstdout[2m | .storybook/docs/QuickTour-Instructor.stories.tsx[2m > [22m[2m3. Section & Grades
[22m[39mstudent.id student-dave-sub
[90mstdout[2m | .storybook/docs/QuickTour-Instructor.stories.tsx[2m > [22m[2m3. Section & Grades
[22m[39massignment.unitID unit-japanese-3
[90mstdout[2m | .storybook/docs/QuickTour-Instructor.stories.tsx[2m > [22m[2m3. Section & Grades
[22m[39mgradeMap[student.id]?.[assignment.unitID] undefined
[90mstdout[2m | .storybook/docs/QuickTour-Instructor.stories.tsx[2m > [22m[2m3. Section & Grades
[22m[39mstudent.id student-eve-sub
[90mstdout[2m | .storybook/docs/QuickTour-Instructor.stories.tsx[2m > [22m[2m3. Section & Grades
[22m[39massignment.unitID unit-japanese-1
[90mstdout[2m | .storybook/docs/QuickTour-Instructor.stories.tsx[2m > [22m[2m3. Section & Grades
[22m[39mgradeMap[student.id]?.[assignment.unitID] {
  "average": 42,
  "count": 1,
  "highest": {
    "_deleted": false,
    "_lastChangedAt": 1705680000000,
    "_version": 2,
    "accuracy": 42,
    "complete": true,
    "createdAt": "2024-01-17T09:00:00.000Z",
    "data": "{"quiz-block-1":{"complete":true,"accuracy":45},"meaning-assoc-1":{"complete":true,"accuracy":40},"custom-q-1":{"complete":true,"accuracy":41}}",
    "files": [],
    "id": "grade-eve-1",
    "identityId": "identity-eve",
    "instructor": "teacher-1",
    "owner": "student-eve-sub",
    "percentComplete": 100,
    "sectionID": "section-jpn-101",
    "timerStarted": true,
    "unitID": "unit-japanese-1",
    "unitVersion": 1,
    "updatedAt": "2024-01-19T16:00:00.000Z",
  },
  "sum": 42,
}
[90mstdout[2m | .storybook/docs/QuickTour-Instructor.stories.tsx[2m > [22m[2m3. Section & Grades
[22m[39mstudent.id student-eve-sub
[90mstdout[2m | .storybook/docs/QuickTour-Instructor.stories.tsx[2m > [22m[2m3. Section & Grades
[22m[39massignment.unitID unit-japanese-2
[90mstdout[2m | .storybook/docs/QuickTour-Instructor.stories.tsx[2m > [22m[2m3. Section & Grades
[22m[39mgradeMap[student.id]?.[assignment.unitID] {
  "average": 55,
  "count": 1,
  "highest": {
    "_deleted": false,
    "_lastChangedAt": 1705834800000,
    "_version": 2,
    "accuracy": 55,
    "complete": true,
    "createdAt": "2024-01-20T09:00:00.000Z",
    "data": "{"quiz-block-1":{"complete":true,"accuracy":58},"meaning-assoc-1":{"complete":true,"accuracy":52},"custom-q-1":{"complete":true,"accuracy":55}}",
    "files": [],
    "id": "grade-eve-2",
    "identityId": "identity-eve",
    "instructor": "teacher-1",
    "owner": "student-eve-sub",
    "percentComplete": 100,
    "sectionID": "section-jpn-101",
    "timerStarted": true,
    "unitID": "unit-japanese-2",
    "unitVersion": 1,
    "updatedAt": "2024-01-21T11:00:00.000Z",
  },
  "sum": 55,
}
[90mstdout[2m | .storybook/docs/QuickTour-Instructor.stories.tsx[2m > [22m[2m3. Section & Grades
[22m[39mstudent.id student-eve-sub
[90mstdout[2m | .storybook/docs/QuickTour-Instructor.stories.tsx[2m > [22m[2m3. Section & Grades
[22m[39massignment.unitID unit-japanese-3
[90mstdout[2m | .storybook/docs/QuickTour-Instructor.stories.tsx[2m > [22m[2m3. Section & Grades
[22m[39mgradeMap[student.id]?.[assignment.unitID] undefined
[90mstdout[2m | .storybook/docs/QuickTour-Instructor.stories.tsx[2m > [22m[2m3. Section & Grades
[22m[39mstudent.id student-frank-sub
[90mstdout[2m | .storybook/docs/QuickTour-Instructor.stories.tsx[2m > [22m[2m3. Section & Grades
[22m[39massignment.unitID unit-japanese-1
[90mstdout[2m | .storybook/docs/QuickTour-Instructor.stories.tsx[2m > [22m[2m3. Section & Grades
[22m[39mgradeMap[student.id]?.[assignment.unitID] {
  "average": 68,
  "count": 1,
  "highest": {
    "_deleted": false,
    "_lastChangedAt": 1789898918892,
    "_version": 2,
    "accuracy": 68,
    "complete": true,
    "createdAt": "2024-01-19T09:00:00.000Z",
    "data": "{"quiz-block-1":{"complete":true,"accuracy":70},"meaning-assoc-1":{"complete":true,"accuracy":65},"custom-q-1":{"complete":true,"accuracy":69}}",
    "files": [],
    "id": "grade-frank-1",
    "identityId": "identity-frank",
    "instructor": "teacher-1",
    "owner": "student-frank-sub",
    "percentComplete": 100,
    "sectionID": "section-jpn-101",
    "timerStarted": true,
    "unitID": "unit-japanese-1",
    "unitVersion": 1,
    "updatedAt": "2026-09-20T10:08:38.892Z",
  },
  "sum": 68,
}
[90mstdout[2m | .storybook/docs/QuickTour-Instructor.stories.tsx[2m > [22m[2m3. Section & Grades
[22m[39mstudent.id student-frank-sub
[90mstdout[2m | .storybook/docs/QuickTour-Instructor.stories.tsx[2m > [22m[2m3. Section & Grades
[22m[39massignment.unitID unit-japanese-2
[90mstdout[2m | .storybook/docs/QuickTour-Instructor.stories.tsx[2m > [22m[2m3. Section & Grades
[22m[39mgradeMap[student.id]?.[assignment.unitID] undefined
[90mstdout[2m | .storybook/docs/QuickTour-Instructor.stories.tsx[2m > [22m[2m3. Section & Grades
[22m[39mstudent.id student-frank-sub
[90mstdout[2m | .storybook/docs/QuickTour-Instructor.stories.tsx[2m > [22m[2m3. Section & Grades
[22m[39massignment.unitID unit-japanese-3
[90mstdout[2m | .storybook/docs/QuickTour-Instructor.stories.tsx[2m > [22m[2m3. Section & Grades
[22m[39mgradeMap[student.id]?.[assignment.unitID] {
  "average": 72,
  "count": 1,
  "highest": {
    "_deleted": false,
    "_lastChangedAt": 1789985318892,
    "_version": 2,
    "accuracy": 72,
    "complete": true,
    "createdAt": "2024-01-21T09:00:00.000Z",
    "data": "{"quiz-block-1":{"complete":true,"accuracy":74},"meaning-assoc-1":{"complete":true,"accuracy":70},"custom-q-1":{"complete":true,"accuracy":72}}",
    "files": [],
    "id": "grade-frank-2",
    "identityId": "identity-frank",
    "instructor": "teacher-1",
    "owner": "student-frank-sub",
    "percentComplete": 100,
    "sectionID": "section-jpn-101",
    "timerStarted": true,
    "unitID": "unit-japanese-3",
    "unitVersion": 1,
    "updatedAt": "2026-09-21T10:08:38.892Z",
  },
  "sum": 72,
}
[90mstdout[2m | .storybook/docs/QuickTour-Instructor.stories.tsx[2m > [22m[2m3. Section & Grades
[22m[39mMock Cache.getItem called with: getCachedUrl_/story-mocks/sand-4753305_1280.jpg
[90mstdout[2m | .storybook/docs/QuickTour-Instructor.stories.tsx[2m > [22m[2m3. Section & Grades
[22m[39mMock getUrl called with: /story-mocks/sand-4753305_1280.jpg
[90mstdout[2m | .storybook/docs/QuickTour-Instructor.stories.tsx[2m > [22m[2m3. Section & Grades
[22m[39mMock Cache.setItem called with: getCachedUrl_/story-mocks/sand-4753305_1280.jpg /story-mocks/sand-4753305_1280.jpg
[90mstdout[2m | .storybook/docs/QuickTour-Instructor.stories.tsx[2m > [22m[2m3. Section & Grades
[22m[39m[Mock Data] Section updated: section-jpn-101 - notified 1 subscribers
[90mstdout[2m | .storybook/docs/QuickTour-Instructor.stories.tsx[2m > [22m[2m3. Section & Grades
[22m[39msectionData [
  {
    "_deleted": false,
    "_lastChangedAt": 1704096000000,
    "_version": 2,
    "code": "JPN101SPRING",
    "createdAt": "2024-01-01T08:00:00.000Z",
    "curveSettings": [],
    "description": "Beginner Japanese language course",
    "featuredImage": "/story-mocks/sand-4753305_1280.jpg",
    "id": "section-jpn-101",
    "identityId": "us-east-1:teacher-identity-1",
    "learner": "section-jpn-101-learners",
    "name": "Japanese 101 - Spring 2024",
    "owner": "teacher-1",
    "status": "PUBLISHED",
    "updatedAt": "2026-09-26T10:08:54.183Z",
  },
]
[90mstdout[2m | .storybook/docs/QuickTour-Instructor.stories.tsx[2m > [22m[2m3. Section & Grades
[22m[39mstudent.id student-alice-sub
[90mstdout[2m | .storybook/docs/QuickTour-Instructor.stories.tsx[2m > [22m[2m3. Section & Grades
[22m[39massignment.unitID unit-japanese-1
[90mstdout[2m | .storybook/docs/QuickTour-Instructor.stories.tsx[2m > [22m[2m3. Section & Grades
[22m[39mgradeMap[student.id]?.[assignment.unitID] {
  "average": 95.5,
  "count": 2,
  "highest": {
    "_deleted": false,
    "_lastChangedAt": 1790244518892,
    "_version": 5,
    "accuracy": 97,
    "complete": true,
    "createdAt": "2024-01-22T10:00:00.000Z",
    "data": "{"quiz-block-1":{"complete":true,"accuracy":100},"meaning-assoc-1":{"complete":true,"accuracy":100},"custom-q-1":{"complete":true,"accuracy":92}}",
    "feedback": "{"overall":"Even better! Perfect score on vocabulary."}",
    "files": [],
    "id": "grade-alice-1-attempt2",
    "identityId": "identity-alice",
    "instructor": "teacher-1",
    "moderationCheckedAt": "2024-01-22T14:00:00.000Z",
    "moderationFlags": null,
    "moderationStatus": "approved",
    "owner": "student-alice-sub",
    "percentComplete": 100,
    "sectionID": "section-jpn-101",
    "timerStarted": true,
    "unitID": "unit-japanese-1",
    "unitVersion": 1,
    "updatedAt": "2026-09-24T10:08:38.892Z",
  },
  "sum": 191,
}
[90mstdout[2m | .storybook/docs/QuickTour-Instructor.stories.tsx[2m > [22m[2m3. Section & Grades
[22m[39mstudent.id student-alice-sub
[90mstdout[2m | .storybook/docs/QuickTour-Instructor.stories.tsx[2m > [22m[2m3. Section & Grades
[22m[39massignment.unitID unit-japanese-2
[90mstdout[2m | .storybook/docs/QuickTour-Instructor.stories.tsx[2m > [22m[2m3. Section & Grades
[22m[39mgradeMap[student.id]?.[assignment.unitID] undefined
[90mstdout[2m | .storybook/docs/QuickTour-Instructor.stories.tsx[2m > [22m[2m3. Section & Grades
[22m[39mstudent.id student-alice-sub
[90mstdout[2m | .storybook/docs/QuickTour-Instructor.stories.tsx[2m > [22m[2m3. Section & Grades
[22m[39massignment.unitID unit-japanese-3
[90mstdout[2m | .storybook/docs/QuickTour-Instructor.stories.tsx[2m > [22m[2m3. Section & Grades
[22m[39mgradeMap[student.id]?.[assignment.unitID] undefined
[90mstdout[2m | .storybook/docs/QuickTour-Instructor.stories.tsx[2m > [22m[2m3. Section & Grades
[22m[39mstudent.id student-bob-sub
[90mstdout[2m | .storybook/docs/QuickTour-Instructor.stories.tsx[2m > [22m[2m3. Section & Grades
[22m[39massignment.unitID unit-japanese-1
[90mstdout[2m | .storybook/docs/QuickTour-Instructor.stories.tsx[2m > [22m[2m3. Section & Grades
[22m[39mgradeMap[student.id]?.[assignment.unitID] {
  "average": 87,
  "count": 1,
  "highest": {
    "_deleted": false,
    "_lastChangedAt": 1705831200000,
    "_version": 4,
    "accuracy": 87,
    "complete": true,
    "createdAt": "2024-01-17T11:00:00.000Z",
    "data": "{"quiz-block-1":{"complete":true,"accuracy":90},"meaning-assoc-1":{"complete":true,"accuracy":85},"custom-q-1":{"complete":true,"accuracy":86}}",
    "files": [],
    "id": "grade-bob-1",
    "identityId": "identity-bob",
    "instructor": "teacher-1",
    "owner": "student-bob-sub",
    "percentComplete": 100,
    "sectionID": "section-jpn-101",
    "timerStarted": true,
    "unitID": "unit-japanese-1",
    "unitVersion": 1,
    "updatedAt": "2024-01-21T10:00:00.000Z",
  },
  "sum": 87,
}
[90mstdout[2m | .storybook/docs/QuickTour-Instructor.stories.tsx[2m > [22m[2m3. Section & Grades
[22m[39mstudent.id student-bob-sub
[90mstdout[2m | .storybook/docs/QuickTour-Instructor.stories.tsx[2m > [22m[2m3. Section & Grades
[22m[39massignment.unitID unit-japanese-2
[90mstdout[2m | .storybook/docs/QuickTour-Instructor.stories.tsx[2m > [22m[2m3. Section & Grades
[22m[39mgradeMap[student.id]?.[assignment.unitID] {
  "average": 82,
  "count": 1,
  "highest": {
    "_deleted": false,
    "_lastChangedAt": 1790071718892,
    "_version": 3,
    "accuracy": 82,
    "complete": true,
    "createdAt": "2024-01-18T14:00:00.000Z",
    "data": "{"quiz-block-1":{"complete":true,"accuracy":80},"meaning-assoc-1":{"complete":true,"accuracy":85},"custom-q-1":{"complete":true,"accuracy":81}}",
    "files": [],
    "id": "grade-bob-2",
    "identityId": "identity-bob",
    "instructor": "teacher-1",
    "owner": "student-bob-sub",
    "percentComplete": 100,
    "sectionID": "section-jpn-101",
    "timerStarted": true,
    "unitID": "unit-japanese-2",
    "unitVersion": 1,
    "updatedAt": "2026-09-22T10:08:38.892Z",
  },
  "sum": 82,
}
[90mstdout[2m | .storybook/docs/QuickTour-Instructor.stories.tsx[2m > [22m[2m3. Section & Grades
[22m[39mstudent.id student-bob-sub
[90mstdout[2m | .storybook/docs/QuickTour-Instructor.stories.tsx[2m > [22m[2m3. Section & Grades
[22m[39massignment.unitID unit-japanese-3
[90mstdout[2m | .storybook/docs/QuickTour-Instructor.stories.tsx[2m > [22m[2m3. Section & Grades
[22m[39mgradeMap[student.id]?.[assignment.unitID] undefined
[90mstdout[2m | .storybook/docs/QuickTour-Instructor.stories.tsx[2m > [22m[2m3. Section & Grades
[22m[39mstudent.id student-carol-sub
[90mstdout[2m | .storybook/docs/QuickTour-Instructor.stories.tsx[2m > [22m[2m3. Section & Grades
[22m[39massignment.unitID unit-japanese-1
[90mstdout[2m | .storybook/docs/QuickTour-Instructor.stories.tsx[2m > [22m[2m3. Section & Grades
[22m[39mgradeMap[student.id]?.[assignment.unitID] {
  "average": 91,
  "count": 1,
  "highest": {
    "_deleted": false,
    "_lastChangedAt": 1705760100000,
    "_version": 5,
    "accuracy": 91,
    "complete": true,
    "createdAt": "2024-01-16T15:00:00.000Z",
    "data": "{"quiz-block-1":{"complete":true,"accuracy":95},"meaning-assoc-1":{"complete":true,"accuracy":90},"custom-q-1":{"complete":true,"accuracy":88}}",
    "files": [],
    "id": "grade-carol-1",
    "identityId": "identity-carol",
    "instructor": "teacher-1",
    "owner": "student-carol-sub",
    "percentComplete": 100,
    "sectionID": "section-jpn-101",
    "timerStarted": true,
    "unitID": "unit-japanese-1",
    "unitVersion": 1,
    "updatedAt": "2024-01-20T14:15:00.000Z",
  },
  "sum": 91,
}
[90mstdout[2m | .storybook/docs/QuickTour-Instructor.stories.tsx[2m > [22m[2m3. Section & Grades
[22m[39mstudent.id student-carol-sub
[90mstdout[2m | .storybook/docs/QuickTour-Instructor.stories.tsx[2m > [22m[2m3. Section & Grades
[22m[39massignment.unitID unit-japanese-2
[90mstdout[2m | .storybook/docs/QuickTour-Instructor.stories.tsx[2m > [22m[2m3. Section & Grades
[22m[39mgradeMap[student.id]?.[assignment.unitID] undefined
[90mstdout[2m | .storybook/docs/QuickTour-Instructor.stories.tsx[2m > [22m[2m3. Section & Grades
[22m[39mstudent.id student-carol-sub
[90mstdout[2m | .storybook/docs/QuickTour-Instructor.stories.tsx[2m > [22m[2m3. Section & Grades
[22m[39massignment.unitID unit-japanese-3
[90mstdout[2m | .storybook/docs/QuickTour-Instructor.stories.tsx[2m > [22m[2m3. Section & Grades
[22m[39mgradeMap[student.id]?.[assignment.unitID] undefined
[90mstdout[2m | .storybook/docs/QuickTour-Instructor.stories.tsx[2m > [22m[2m3. Section & Grades
[22m[39mstudent.id student-dave-sub
[90mstdout[2m | .storybook/docs/QuickTour-Instructor.stories.tsx[2m > [22m[2m3. Section & Grades
[22m[39massignment.unitID unit-japanese-1
[90mstdout[2m | .storybook/docs/QuickTour-Instructor.stories.tsx[2m > [22m[2m3. Section & Grades
[22m[39mgradeMap[student.id]?.[assignment.unitID] {
  "average": 78,
  "count": 1,
  "highest": {
    "_deleted": false,
    "_lastChangedAt": 1705996800000,
    "_version": 6,
    "accuracy": 78,
    "complete": true,
    "createdAt": "2024-01-18T09:00:00.000Z",
    "data": "{"quiz-block-1":{"complete":true,"accuracy":75},"meaning-assoc-1":{"complete":true,"accuracy":80},"custom-q-1":{"complete":true,"accuracy":79}}",
    "files": [],
    "id": "grade-dave-1",
    "identityId": "identity-dave",
    "instructor": "teacher-1",
    "owner": "student-dave-sub",
    "percentComplete": 100,
    "sectionID": "section-jpn-101",
    "timerStarted": true,
    "unitID": "unit-japanese-1",
    "unitVersion": 1,
    "updatedAt": "2024-01-23T08:00:00.000Z",
  },
  "sum": 78,
}
[90mstdout[2m | .storybook/docs/QuickTour-Instructor.stories.tsx[2m > [22m[2m3. Section & Grades
[22m[39mstudent.id student-dave-sub
[90mstdout[2m | .storybook/docs/QuickTour-Instructor.stories.tsx[2m > [22m[2m3. Section & Grades
[22m[39massignment.unitID unit-japanese-2
[90mstdout[2m | .storybook/docs/QuickTour-Instructor.stories.tsx[2m > [22m[2m3. Section & Grades
[22m[39mgradeMap[student.id]?.[assignment.unitID] {
  "average": 84,
  "count": 1,
  "highest": {
    "_deleted": false,
    "_lastChangedAt": 1790244518892,
    "_version": 3,
    "accuracy": 84,
    "complete": true,
    "createdAt": "2024-01-22T13:00:00.000Z",
    "data": "{"quiz-block-1":{"complete":true,"accuracy":85},"meaning-assoc-1":{"complete":true,"accuracy":83},"custom-q-1":{"complete":true,"accuracy":84}}",
    "files": [],
    "id": "grade-dave-2",
    "identityId": "identity-dave",
    "instructor": "teacher-1",
    "owner": "student-dave-sub",
    "percentComplete": 100,
    "sectionID": "section-jpn-101",
    "timerStarted": true,
    "unitID": "unit-japanese-2",
    "unitVersion": 1,
    "updatedAt": "2026-09-24T10:08:38.892Z",
  },
  "sum": 84,
}
[90mstdout[2m | .storybook/docs/QuickTour-Instructor.stories.tsx[2m > [22m[2m3. Section & Grades
[22m[39mstudent.id student-dave-sub
[90mstdout[2m | .storybook/docs/QuickTour-Instructor.stories.tsx[2m > [22m[2m3. Section & Grades
[22m[39massignment.unitID unit-japanese-3
[90mstdout[2m | .storybook/docs/QuickTour-Instructor.stories.tsx[2m > [22m[2m3. Section & Grades
[22m[39mgradeMap[student.id]?.[assignment.unitID] undefined
[90mstdout[2m | .storybook/docs/QuickTour-Instructor.stories.tsx[2m > [22m[2m3. Section & Grades
[22m[39mstudent.id student-eve-sub
[90mstdout[2m | .storybook/docs/QuickTour-Instructor.stories.tsx[2m > [22m[2m3. Section & Grades
[22m[39massignment.unitID unit-japanese-1
[90mstdout[2m | .storybook/docs/QuickTour-Instructor.stories.tsx[2m > [22m[2m3. Section & Grades
[22m[39mgradeMap[student.id]?.[assignment.unitID] {
  "average": 42,
  "count": 1,
  "highest": {
    "_deleted": false,
    "_lastChangedAt": 1705680000000,
    "_version": 2,
    "accuracy": 42,
    "complete": true,
    "createdAt": "2024-01-17T09:00:00.000Z",
    "data": "{"quiz-block-1":{"complete":true,"accuracy":45},"meaning-assoc-1":{"complete":true,"accuracy":40},"custom-q-1":{"complete":true,"accuracy":41}}",
    "files": [],
    "id": "grade-eve-1",
    "identityId": "identity-eve",
    "instructor": "teacher-1",
    "owner": "student-eve-sub",
    "percentComplete": 100,
    "sectionID": "section-jpn-101",
    "timerStarted": true,
    "unitID": "unit-japanese-1",
    "unitVersion": 1,
    "updatedAt": "2024-01-19T16:00:00.000Z",
  },
  "sum": 42,
}
[90mstdout[2m | .storybook/docs/QuickTour-Instructor.stories.tsx[2m > [22m[2m3. Section & Grades
[22m[39mstudent.id student-eve-sub
[90mstdout[2m | .storybook/docs/QuickTour-Instructor.stories.tsx[2m > [22m[2m3. Section & Grades
[22m[39massignment.unitID unit-japanese-2
[90mstdout[2m | .storybook/docs/QuickTour-Instructor.stories.tsx[2m > [22m[2m3. Section & Grades
[22m[39mgradeMap[student.id]?.[assignment.unitID] {
  "average": 55,
  "count": 1,
  "highest": {
    "_deleted": false,
    "_lastChangedAt": 1705834800000,
    "_version": 2,
    "accuracy": 55,
    "complete": true,
    "createdAt": "2024-01-20T09:00:00.000Z",
    "data": "{"quiz-block-1":{"complete":true,"accuracy":58},"meaning-assoc-1":{"complete":true,"accuracy":52},"custom-q-1":{"complete":true,"accuracy":55}}",
    "files": [],
    "id": "grade-eve-2",
    "identityId": "identity-eve",
    "instructor": "teacher-1",
    "owner": "student-eve-sub",
    "percentComplete": 100,
    "sectionID": "section-jpn-101",
    "timerStarted": true,
    "unitID": "unit-japanese-2",
    "unitVersion": 1,
    "updatedAt": "2024-01-21T11:00:00.000Z",
  },
  "sum": 55,
}
[90mstdout[2m | .storybook/docs/QuickTour-Instructor.stories.tsx[2m > [22m[2m3. Section & Grades
[22m[39mstudent.id student-eve-sub
[90mstdout[2m | .storybook/docs/QuickTour-Instructor.stories.tsx[2m > [22m[2m3. Section & Grades
[22m[39massignment.unitID unit-japanese-3
[90mstdout[2m | .storybook/docs/QuickTour-Instructor.stories.tsx[2m > [22m[2m3. Section & Grades
[22m[39mgradeMap[student.id]?.[assignment.unitID] undefined
[90mstdout[2m | .storybook/docs/QuickTour-Instructor.stories.tsx[2m > [22m[2m3. Section & Grades
[22m[39mstudent.id student-frank-sub
[90mstdout[2m | .storybook/docs/QuickTour-Instructor.stories.tsx[2m > [22m[2m3. Section & Grades
[22m[39massignment.unitID unit-japanese-1
[90mstdout[2m | .storybook/docs/QuickTour-Instructor.stories.tsx[2m > [22m[2m3. Section & Grades
[22m[39mgradeMap[student.id]?.[assignment.unitID] {
  "average": 68,
  "count": 1,
  "highest": {
    "_deleted": false,
    "_lastChangedAt": 1789898918892,
    "_version": 2,
    "accuracy": 68,
    "complete": true,
    "createdAt": "2024-01-19T09:00:00.000Z",
    "data": "{"quiz-block-1":{"complete":true,"accuracy":70},"meaning-assoc-1":{"complete":true,"accuracy":65},"custom-q-1":{"complete":true,"accuracy":69}}",
    "files": [],
    "id": "grade-frank-1",
    "identityId": "identity-frank",
    "instructor": "teacher-1",
    "owner": "student-frank-sub",
    "percentComplete": 100,
    "sectionID": "section-jpn-101",
    "timerStarted": true,
    "unitID": "unit-japanese-1",
    "unitVersion": 1,
    "updatedAt": "2026-09-20T10:08:38.892Z",
  },
  "sum": 68,
}
[90mstdout[2m | .storybook/docs/QuickTour-Instructor.stories.tsx[2m > [22m[2m3. Section & Grades
[22m[39mstudent.id student-frank-sub
[90mstdout[2m | .storybook/docs/QuickTour-Instructor.stories.tsx[2m > [22m[2m3. Section & Grades
[22m[39massignment.unitID unit-japanese-2
[90mstdout[2m | .storybook/docs/QuickTour-Instructor.stories.tsx[2m > [22m[2m3. Section & Grades
[22m[39mgradeMap[student.id]?.[assignment.unitID] undefined
[90mstdout[2m | .storybook/docs/QuickTour-Instructor.stories.tsx[2m > [22m[2m3. Section & Grades
[22m[39mstudent.id student-frank-sub
[90mstdout[2m | .storybook/docs/QuickTour-Instructor.stories.tsx[2m > [22m[2m3. Section & Grades
[22m[39massignment.unitID unit-japanese-3
[90mstdout[2m | .storybook/docs/QuickTour-Instructor.stories.tsx[2m > [22m[2m3. Section & Grades
[22m[39mgradeMap[student.id]?.[assignment.unitID] {
  "average": 72,
  "count": 1,
  "highest": {
    "_deleted": false,
    "_lastChangedAt": 1789985318892,
    "_version": 2,
    "accuracy": 72,
    "complete": true,
    "createdAt": "2024-01-21T09:00:00.000Z",
    "data": "{"quiz-block-1":{"complete":true,"accuracy":74},"meaning-assoc-1":{"complete":true,"accuracy":70},"custom-q-1":{"complete":true,"accuracy":72}}",
    "files": [],
    "id": "grade-frank-2",
    "identityId": "identity-frank",
    "instructor": "teacher-1",
    "owner": "student-frank-sub",
    "percentComplete": 100,
    "sectionID": "section-jpn-101",
    "timerStarted": true,
    "unitID": "unit-japanese-3",
    "unitVersion": 1,
    "updatedAt": "2026-09-21T10:08:38.892Z",
  },
  "sum": 72,
}
 [32m✓[39m [30m[45m storybook (chromium) [49m[39m .storybook/docs/QuickTour-Instructor.stories.tsx [2m([22m[2m3 tests[22m[2m)[22m[33m 12808[2mms[22m[39m
   [33m[2m✓[22m[39m 1. Units Library [33m 4016[2mms[22m[39m
   [33m[2m✓[22m[39m 2. Unit Editor [33m 3181[2mms[22m[39m
   [33m[2m✓[22m[39m 3. Section & Grades [33m 5600[2mms[22m[39m
[90mstdout[2m | unknown test
[22m[39m[MOCK vectorStoreDB.js] Module loaded - mock IndexedDB operations
[90mstdout[2m | unknown test
[22m[39m[Task Completion] DOM action listeners initialized
[90mstdout[2m | unknown test
[22m[39m[Task Completion] Auto-completion detector initialized
[90mstdout[2m | unknown test
[22m[39m[Preview] Task completion detector initialized
[90mstdout[2m | src/components/InstructorDashboard.stories.jsx[2m > [22m[2mWith Sections
[22m[39m[MOCK CourseVectorStore] Initialized with mock data
[90mstdout[2m | src/components/InstructorDashboard.stories.jsx[2m > [22m[2mWith Sections
[22m[39m[Mock Data] seedMockUnit: Adding unit unit-1
[90mstdout[2m | src/components/InstructorDashboard.stories.jsx[2m > [22m[2mWith Sections
[22m[39m[Mock Data] seedMockUnit: Adding unit unit-2
[90mstdout[2m | src/components/InstructorDashboard.stories.jsx[2m > [22m[2mWith Sections
[22m[39m[Mock Data] seedMockUnit: Adding unit unit-3
[90mstdout[2m | src/components/InstructorDashboard.stories.jsx[2m > [22m[2mWith Sections
[22m[39m[Mock Data] seedMockUnit: Adding unit unit-4
[90mstdout[2m | src/components/InstructorDashboard.stories.jsx[2m > [22m[2mWith Sections
[22m[39m[Mock Data] seedMockUnit: Adding unit unit-5
[90mstdout[2m | src/components/InstructorDashboard.stories.jsx[2m > [22m[2mWith Sections
[22m[39m[Mock Data] seedMockAssignments: Adding 7 assignments
[90mstdout[2m | src/components/InstructorDashboard.stories.jsx[2m > [22m[2mWith Sections
[22m[39m[Mock Data] Total assignments in store: 7
[90mstdout[2m | src/components/InstructorDashboard.stories.jsx[2m > [22m[2mWith Sections
[22m[39m[Mock Data] Seeded grade: grade-1 for unit: unit-1
[90mstdout[2m | src/components/InstructorDashboard.stories.jsx[2m > [22m[2mWith Sections
[22m[39m[Mock Data] Grade has data: false
[90mstdout[2m | src/components/InstructorDashboard.stories.jsx[2m > [22m[2mWith Sections
[22m[39m[Mock Data] Total grades in store: 1
[90mstdout[2m | src/components/InstructorDashboard.stories.jsx[2m > [22m[2mWith Sections
[22m[39m[Mock Data] Seeded grade: grade-2 for unit: unit-2
[90mstdout[2m | src/components/InstructorDashboard.stories.jsx[2m > [22m[2mWith Sections
[22m[39m[Mock Data] Grade has data: false
[90mstdout[2m | src/components/InstructorDashboard.stories.jsx[2m > [22m[2mWith Sections
[22m[39m[Mock Data] Total grades in store: 2
[90mstdout[2m | src/components/InstructorDashboard.stories.jsx[2m > [22m[2mWith Sections
[22m[39m[Mock Data] Seeded grade: grade-3 for unit: unit-3
[90mstdout[2m | src/components/InstructorDashboard.stories.jsx[2m > [22m[2mWith Sections
[22m[39m[Mock Data] Grade has data: false
[90mstdout[2m | src/components/InstructorDashboard.stories.jsx[2m > [22m[2mWith Sections
[22m[39m[Mock Data] Total grades in store: 3
[90mstdout[2m | src/components/InstructorDashboard.stories.jsx[2m > [22m[2mWith Sections
[22m[39m[Mock Data] Seeded grade: grade-4 for unit: unit-1
[90mstdout[2m | src/components/InstructorDashboard.stories.jsx[2m > [22m[2mWith Sections
[22m[39m[Mock Data] Grade has data: false
[90mstdout[2m | src/components/InstructorDashboard.stories.jsx[2m > [22m[2mWith Sections
[22m[39m[Mock Data] Total grades in store: 4
[90mstdout[2m | src/components/InstructorDashboard.stories.jsx[2m > [22m[2mWith Sections
[22m[39m[Mock Data] Seeded grade: grade-5 for unit: unit-2
[90mstdout[2m | src/components/InstructorDashboard.stories.jsx[2m > [22m[2mWith Sections
[22m[39m[Mock Data] Grade has data: false
[90mstdout[2m | src/components/InstructorDashboard.stories.jsx[2m > [22m[2mWith Sections
[22m[39m[Mock Data] Total grades in store: 5
[90mstdout[2m | src/components/InstructorDashboard.stories.jsx[2m > [22m[2mWith Sections
[22m[39m[Mock Data] Seeded grade: grade-6 for unit: unit-3
[90mstdout[2m | src/components/InstructorDashboard.stories.jsx[2m > [22m[2mWith Sections
[22m[39m[Mock Data] Grade has data: false
[90mstdout[2m | src/components/InstructorDashboard.stories.jsx[2m > [22m[2mWith Sections
[22m[39m[Mock Data] Total grades in store: 6
[90mstdout[2m | src/components/InstructorDashboard.stories.jsx[2m > [22m[2mWith Sections
[22m[39m[Mock Data] Seeded grade: grade-7 for unit: unit-1
[90mstdout[2m | src/components/InstructorDashboard.stories.jsx[2m > [22m[2mWith Sections
[22m[39m[Mock Data] Grade has data: false
[90mstdout[2m | src/components/InstructorDashboard.stories.jsx[2m > [22m[2mWith Sections
[22m[39m[Mock Data] Total grades in store: 7
[90mstdout[2m | src/components/InstructorDashboard.stories.jsx[2m > [22m[2mWith Sections
[22m[39m[Mock Data] Seeded grade: grade-8 for unit: unit-2
[90mstdout[2m | src/components/InstructorDashboard.stories.jsx[2m > [22m[2mWith Sections
[22m[39m[Mock Data] Grade has data: false
[90mstdout[2m | src/components/InstructorDashboard.stories.jsx[2m > [22m[2mWith Sections
[22m[39m[Mock Data] Total grades in store: 8
[90mstdout[2m | src/components/InstructorDashboard.stories.jsx[2m > [22m[2mWith Sections
[22m[39m[Mock Data] Seeded grade: grade-9 for unit: unit-3
[90mstdout[2m | src/components/InstructorDashboard.stories.jsx[2m > [22m[2mWith Sections
[22m[39m[Mock Data] Grade has data: false
[90mstdout[2m | src/components/InstructorDashboard.stories.jsx[2m > [22m[2mWith Sections
[22m[39m[Mock Data] Total grades in store: 9
[90mstdout[2m | src/components/InstructorDashboard.stories.jsx[2m > [22m[2mWith Sections
[22m[39m[Mock Data] Seeded grade: grade-10 for unit: unit-1
[90mstdout[2m | src/components/InstructorDashboard.stories.jsx[2m > [22m[2mWith Sections
[22m[39m[Mock Data] Grade has data: false
[90mstdout[2m | src/components/InstructorDashboard.stories.jsx[2m > [22m[2mWith Sections
[22m[39m[Mock Data] Total grades in store: 10
[90mstdout[2m | src/components/InstructorDashboard.stories.jsx[2m > [22m[2mWith Sections
[22m[39m[Mock Data] Seeded grade: grade-11 for unit: unit-2
[90mstdout[2m | src/components/InstructorDashboard.stories.jsx[2m > [22m[2mWith Sections
[22m[39m[Mock Data] Grade has data: false
[90mstdout[2m | src/components/InstructorDashboard.stories.jsx[2m > [22m[2mWith Sections
[22m[39m[Mock Data] Total grades in store: 11
[90mstdout[2m | src/components/InstructorDashboard.stories.jsx[2m > [22m[2mWith Sections
[22m[39m[Mock Data] Seeded grade: grade-12 for unit: unit-3
[90mstdout[2m | src/components/InstructorDashboard.stories.jsx[2m > [22m[2mWith Sections
[22m[39m[Mock Data] Grade has data: false
[90mstdout[2m | src/components/InstructorDashboard.stories.jsx[2m > [22m[2mWith Sections
[22m[39m[Mock Data] Total grades in store: 12
[90mstdout[2m | src/components/InstructorDashboard.stories.jsx[2m > [22m[2mWith Sections
[22m[39m[Mock Data] Seeded grade: grade-13 for unit: unit-1
[90mstdout[2m | src/components/InstructorDashboard.stories.jsx[2m > [22m[2mWith Sections
[22m[39m[Mock Data] Grade has data: false
[90mstdout[2m | src/components/InstructorDashboard.stories.jsx[2m > [22m[2mWith Sections
[22m[39m[Mock Data] Total grades in store: 13
[90mstdout[2m | src/components/InstructorDashboard.stories.jsx[2m > [22m[2mWith Sections
[22m[39m[Mock Data] Seeded grade: grade-14 for unit: unit-2
[90mstdout[2m | src/components/InstructorDashboard.stories.jsx[2m > [22m[2mWith Sections
[22m[39m[Mock Data] Grade has data: false
[90mstdout[2m | src/components/InstructorDashboard.stories.jsx[2m > [22m[2mWith Sections
[22m[39m[Mock Data] Total grades in store: 14
[90mstdout[2m | src/components/InstructorDashboard.stories.jsx[2m > [22m[2mWith Sections
[22m[39m[Mock Data] Seeded grade: grade-15 for unit: unit-3
[90mstdout[2m | src/components/InstructorDashboard.stories.jsx[2m > [22m[2mWith Sections
[22m[39m[Mock Data] Grade has data: false
[90mstdout[2m | src/components/InstructorDashboard.stories.jsx[2m > [22m[2mWith Sections
[22m[39m[Mock Data] Total grades in store: 15
[90mstdout[2m | src/components/InstructorDashboard.stories.jsx[2m > [22m[2mWith Sections
[22m[39m[Mock Data] Seeded grade: grade-16 for unit: unit-1
[90mstdout[2m | src/components/InstructorDashboard.stories.jsx[2m > [22m[2mWith Sections
[22m[39m[Mock Data] Grade has data: false
[90mstdout[2m | src/components/InstructorDashboard.stories.jsx[2m > [22m[2mWith Sections
[22m[39m[Mock Data] Total grades in store: 16
[90mstdout[2m | src/components/InstructorDashboard.stories.jsx[2m > [22m[2mWith Sections
[22m[39m[Mock Data] Seeded grade: grade-17 for unit: unit-2
[90mstdout[2m | src/components/InstructorDashboard.stories.jsx[2m > [22m[2mWith Sections
[22m[39m[Mock Data] Grade has data: false
[90mstdout[2m | src/components/InstructorDashboard.stories.jsx[2m > [22m[2mWith Sections
[22m[39m[Mock Data] Total grades in store: 17
[90mstdout[2m | src/components/InstructorDashboard.stories.jsx[2m > [22m[2mWith Sections
[22m[39m[Mock Data] Seeded grade: grade-18 for unit: unit-1
[90mstdout[2m | src/components/InstructorDashboard.stories.jsx[2m > [22m[2mWith Sections
[22m[39m[Mock Data] Grade has data: false
[90mstdout[2m | src/components/InstructorDashboard.stories.jsx[2m > [22m[2mWith Sections
[22m[39m[Mock Data] Total grades in store: 18
[90mstdout[2m | src/components/InstructorDashboard.stories.jsx[2m > [22m[2mWith Sections
[22m[39m[Mock Data] Seeded grade: grade-19 for unit: unit-2
[90mstdout[2m | src/components/InstructorDashboard.stories.jsx[2m > [22m[2mWith Sections
[22m[39m[Mock Data] Grade has data: false
[90mstdout[2m | src/components/InstructorDashboard.stories.jsx[2m > [22m[2mWith Sections
[22m[39m[Mock Data] Total grades in store: 19
[90mstdout[2m | src/components/InstructorDashboard.stories.jsx[2m > [22m[2mWith Sections
[22m[39m[Mock Data] Seeded grade: grade-20 for unit: unit-1
[90mstdout[2m | src/components/InstructorDashboard.stories.jsx[2m > [22m[2mWith Sections
[22m[39m[Mock Data] Grade has data: false
[90mstdout[2m | src/components/InstructorDashboard.stories.jsx[2m > [22m[2mWith Sections
[22m[39m[Mock Data] Total grades in store: 20
[90mstdout[2m | src/components/InstructorDashboard.stories.jsx[2m > [22m[2mWith Sections
[22m[39m[Mock Data] Seeded grade: grade-21 for unit: unit-2
[90mstdout[2m | src/components/InstructorDashboard.stories.jsx[2m > [22m[2mWith Sections
[22m[39m[Mock Data] Grade has data: false
[90mstdout[2m | src/components/InstructorDashboard.stories.jsx[2m > [22m[2mWith Sections
[22m[39m[Mock Data] Total grades in store: 21
[90mstdout[2m | src/components/InstructorDashboard.stories.jsx[2m > [22m[2mWith Sections
[22m[39m[Mock Data] Seeded grade: grade-22 for unit: unit-1
[90mstdout[2m | src/components/InstructorDashboard.stories.jsx[2m > [22m[2mWith Sections
[22m[39m[Mock Data] Grade has data: false
[90mstdout[2m | src/components/InstructorDashboard.stories.jsx[2m > [22m[2mWith Sections
[22m[39m[Mock Data] Total grades in store: 22
[90mstdout[2m | src/components/InstructorDashboard.stories.jsx[2m > [22m[2mWith Sections
[22m[39m[Mock Data] Seeded grade: grade-23 for unit: unit-2
[90mstdout[2m | src/components/InstructorDashboard.stories.jsx[2m > [22m[2mWith Sections
[22m[39m[Mock Data] Grade has data: false
[90mstdout[2m | src/components/InstructorDashboard.stories.jsx[2m > [22m[2mWith Sections
[22m[39m[Mock Data] Total grades in store: 23
[90mstdout[2m | src/components/InstructorDashboard.stories.jsx[2m > [22m[2mWith Sections
[22m[39m[Mock Data] Seeded grade: grade-24 for unit: unit-4
[90mstdout[2m | src/components/InstructorDashboard.stories.jsx[2m > [22m[2mWith Sections
[22m[39m[Mock Data] Grade has data: false
[90mstdout[2m | src/components/InstructorDashboard.stories.jsx[2m > [22m[2mWith Sections
[22m[39m[Mock Data] Total grades in store: 24
[90mstdout[2m | src/components/InstructorDashboard.stories.jsx[2m > [22m[2mWith Sections
[22m[39m[Mock Data] Seeded grade: grade-25 for unit: unit-5
[90mstdout[2m | src/components/InstructorDashboard.stories.jsx[2m > [22m[2mWith Sections
[22m[39m[Mock Data] Grade has data: false
[90mstdout[2m | src/components/InstructorDashboard.stories.jsx[2m > [22m[2mWith Sections
[22m[39m[Mock Data] Total grades in store: 25
[90mstdout[2m | src/components/InstructorDashboard.stories.jsx[2m > [22m[2mWith Sections
[22m[39m[Mock Data] Seeded grade: grade-26 for unit: unit-4
[90mstdout[2m | src/components/InstructorDashboard.stories.jsx[2m > [22m[2mWith Sections
[22m[39m[Mock Data] Grade has data: false
[90mstdout[2m | src/components/InstructorDashboard.stories.jsx[2m > [22m[2mWith Sections
[22m[39m[Mock Data] Total grades in store: 26
[90mstdout[2m | src/components/InstructorDashboard.stories.jsx[2m > [22m[2mWith Sections
[22m[39m[Mock Data] Seeded grade: grade-27 for unit: unit-5
[90mstdout[2m | src/components/InstructorDashboard.stories.jsx[2m > [22m[2mWith Sections
[22m[39m[Mock Data] Grade has data: false
[90mstdout[2m | src/components/InstructorDashboard.stories.jsx[2m > [22m[2mWith Sections
[22m[39m[Mock Data] Total grades in store: 27
[90mstdout[2m | src/components/InstructorDashboard.stories.jsx[2m > [22m[2mWith Sections
[22m[39m[Mock Data] Seeded grade: grade-28 for unit: unit-4
[90mstdout[2m | src/components/InstructorDashboard.stories.jsx[2m > [22m[2mWith Sections
[22m[39m[Mock Data] Grade has data: false
[90mstdout[2m | src/components/InstructorDashboard.stories.jsx[2m > [22m[2mWith Sections
[22m[39m[Mock Data] Total grades in store: 28
[90mstdout[2m | src/components/InstructorDashboard.stories.jsx[2m > [22m[2mWith Sections
[22m[39m[Mock Data] Seeded grade: grade-29 for unit: unit-5
[90mstdout[2m | src/components/InstructorDashboard.stories.jsx[2m > [22m[2mWith Sections
[22m[39m[Mock Data] Grade has data: false
[90mstdout[2m | src/components/InstructorDashboard.stories.jsx[2m > [22m[2mWith Sections
[22m[39m[Mock Data] Total grades in store: 29
[90mstdout[2m | src/components/InstructorDashboard.stories.jsx[2m > [22m[2mWith Sections
[22m[39m[Mock Data] Seeded grade: grade-30 for unit: unit-4
[90mstdout[2m | src/components/InstructorDashboard.stories.jsx[2m > [22m[2mWith Sections
[22m[39m[Mock Data] Grade has data: false
[90mstdout[2m | src/components/InstructorDashboard.stories.jsx[2m > [22m[2mWith Sections
[22m[39m[Mock Data] Total grades in store: 30
[90mstdout[2m | src/components/InstructorDashboard.stories.jsx[2m > [22m[2mWith Sections
[22m[39m[Mock Data] Seeded grade: grade-31 for unit: unit-5
[90mstdout[2m | src/components/InstructorDashboard.stories.jsx[2m > [22m[2mWith Sections
[22m[39m[Mock Data] Grade has data: false
[90mstdout[2m | src/components/InstructorDashboard.stories.jsx[2m > [22m[2mWith Sections
[22m[39m[Mock Data] Total grades in store: 31
[90mstdout[2m | src/components/InstructorDashboard.stories.jsx[2m > [22m[2mWith Sections
[22m[39m[Mock Data] Seeded grade: grade-32 for unit: unit-2
[90mstdout[2m | src/components/InstructorDashboard.stories.jsx[2m > [22m[2mWith Sections
[22m[39m[Mock Data] Grade has data: false
[90mstdout[2m | src/components/InstructorDashboard.stories.jsx[2m > [22m[2mWith Sections
[22m[39m[Mock Data] Total grades in store: 32
[90mstdout[2m | src/components/InstructorDashboard.stories.jsx[2m > [22m[2mWith Sections
[22m[39m[TranslationModeController] Setting mode to: off
[90mstdout[2m | src/components/InstructorDashboard.stories.jsx[2m > [22m[2mWith Sections
[22m[39m[UnitContext] useEffect triggered {
  "authLoading": false,
  "hasUser": true,
  "id": "mock-unit-id",
  "userSub": "mock-user-sub",
}
[90mstdout[2m | src/components/InstructorDashboard.stories.jsx[2m > [22m[2mWith Sections
[22m[39m[UnitContext] Fetching unit data for id: mock-unit-id
[90mstdout[2m | src/components/InstructorDashboard.stories.jsx[2m > [22m[2mWith Sections
[22m[39m[FilesContext] Initializing vector store from IndexedDB
[90mstdout[2m | src/components/InstructorDashboard.stories.jsx[2m > [22m[2mWith Sections
[22m[39m[FilesContext] fetchFiles called
[90mstdout[2m | src/components/InstructorDashboard.stories.jsx[2m > [22m[2mWith Sections
[22m[39m[FilesContext] User authenticated: mock-user-sub
[90mstdout[2m | src/components/InstructorDashboard.stories.jsx[2m > [22m[2mWith Sections
[22m[39m[FilesContext] Identity ID: us-east-1:mock-identity-123
[90mstdout[2m | src/components/InstructorDashboard.stories.jsx[2m > [22m[2mWith Sections
[22m[39m[FilesContext] About to set up File observeQuery
[90mstdout[2m | src/components/InstructorDashboard.stories.jsx[2m > [22m[2mWith Sections
[22m[39m[ChatContext] Setting up AssistantChat observeQuery
[90mstdout[2m | src/components/InstructorDashboard.stories.jsx[2m > [22m[2mWith Sections
[22m[39m[ChatContext] Waiting for subscription to initialize
[90mstdout[2m | src/components/InstructorDashboard.stories.jsx[2m > [22m[2mWith Sections
[22m[39m[SettingsContext] Setting up Settings subscription for user: mock-user-sub
[90mstdout[2m | src/components/InstructorDashboard.stories.jsx[2m > [22m[2mWith Sections
[22m[39m[Mock Data] Settings created: mock-settings-1790417341590 - notified 0 subscribers
[90mstdout[2m | src/components/InstructorDashboard.stories.jsx[2m > [22m[2mWith Sections
[22m[39m[Mock Data] Unit.onUpdate() subscription added. Total: 1
[90mstdout[2m | src/components/InstructorDashboard.stories.jsx[2m > [22m[2mWith Sections
[22m[39m[SectionContext] Section observeQuery update: 0
[90mstdout[2m | src/components/InstructorDashboard.stories.jsx[2m > [22m[2mWith Sections
[22m[39m[FilesContext] File observeQuery update: 6 files
[90mstdout[2m | src/components/InstructorDashboard.stories.jsx[2m > [22m[2mWith Sections
[22m[39m[ChatContext] AssistantChat initialized with 1 chats
[90mstdout[2m | src/components/InstructorDashboard.stories.jsx[2m > [22m[2mWith Sections
[22m[39m[ChatContext] Setting initial chat: chat-flagged-1
[90mstdout[2m | src/components/InstructorDashboard.stories.jsx[2m > [22m[2mWith Sections
[22m[39m[MOCK CourseVectorStore] Initialized with mock data
[90mstdout[2m | src/components/InstructorDashboard.stories.jsx[2m > [22m[2mWith Sections
[22m[39m[FilesContext] Vector store population triggered {
  "currentVectorStoreSize": 3,
  "documentsCount": 0,
  "filesCount": 6,
  "isInitialLoad": true,
}
[90mstdout[2m | src/components/InstructorDashboard.stories.jsx[2m > [22m[2mWith Sections
[22m[39m[FilesContext] Vector store population complete - 3 total embeddings
[90mstdout[2m | src/components/InstructorDashboard.stories.jsx[2m > [22m[2mWith Sections
[22m[39m[ChatContext] Chat exists and not archived, skipping creation
[90mstdout[2m | src/components/InstructorDashboard.stories.jsx[2m > [22m[2mWith Sections
[22m[39m[Mock Storage] downloadData called with: undefined
[90mstdout[2m | src/components/InstructorDashboard.stories.jsx[2m > [22m[2mSingle Section
[22m[39m[ChatContext] Cleaning up subscriptions
[90mstdout[2m | src/components/InstructorDashboard.stories.jsx[2m > [22m[2mSingle Section
[22m[39m[Mock Data] Unit.onUpdate() subscription removed. Remaining: 0
[90mstdout[2m | src/components/InstructorDashboard.stories.jsx[2m > [22m[2mSingle Section
[22m[39m[MOCK CourseVectorStore] Initialized with mock data
[90mstdout[2m | src/components/InstructorDashboard.stories.jsx[2m > [22m[2mSingle Section
[22m[39m[Mock Data] seedMockUnit: Adding unit unit-1
[90mstdout[2m | src/components/InstructorDashboard.stories.jsx[2m > [22m[2mSingle Section
[22m[39m[Mock Data] seedMockUnit: Adding unit unit-2
[90mstdout[2m | src/components/InstructorDashboard.stories.jsx[2m > [22m[2mSingle Section
[22m[39m[Mock Data] seedMockUnit: Adding unit unit-3
[90mstdout[2m | src/components/InstructorDashboard.stories.jsx[2m > [22m[2mSingle Section
[22m[39m[Mock Data] seedMockUnit: Adding unit unit-4
[90mstdout[2m | src/components/InstructorDashboard.stories.jsx[2m > [22m[2mSingle Section
[22m[39m[Mock Data] seedMockUnit: Adding unit unit-5
[90mstdout[2m | src/components/InstructorDashboard.stories.jsx[2m > [22m[2mSingle Section
[22m[39m[Mock Data] seedMockAssignments: Adding 7 assignments
[90mstdout[2m | src/components/InstructorDashboard.stories.jsx[2m > [22m[2mSingle Section
[22m[39m[Mock Data] Total assignments in store: 7
[90mstdout[2m | src/components/InstructorDashboard.stories.jsx[2m > [22m[2mSingle Section
[22m[39m[Mock Data] Seeded grade: grade-1 for unit: unit-1
[90mstdout[2m | src/components/InstructorDashboard.stories.jsx[2m > [22m[2mSingle Section
[22m[39m[Mock Data] Grade has data: false
[90mstdout[2m | src/components/InstructorDashboard.stories.jsx[2m > [22m[2mSingle Section
[22m[39m[Mock Data] Total grades in store: 1
[90mstdout[2m | src/components/InstructorDashboard.stories.jsx[2m > [22m[2mSingle Section
[22m[39m[Mock Data] Seeded grade: grade-2 for unit: unit-2
[90mstdout[2m | src/components/InstructorDashboard.stories.jsx[2m > [22m[2mSingle Section
[22m[39m[Mock Data] Grade has data: false
[90mstdout[2m | src/components/InstructorDashboard.stories.jsx[2m > [22m[2mSingle Section
[22m[39m[Mock Data] Total grades in store: 2
[90mstdout[2m | src/components/InstructorDashboard.stories.jsx[2m > [22m[2mSingle Section
[22m[39m[Mock Data] Seeded grade: grade-3 for unit: unit-3
[90mstdout[2m | src/components/InstructorDashboard.stories.jsx[2m > [22m[2mSingle Section
[22m[39m[Mock Data] Grade has data: false
[90mstdout[2m | src/components/InstructorDashboard.stories.jsx[2m > [22m[2mSingle Section
[22m[39m[Mock Data] Total grades in store: 3
[90mstdout[2m | src/components/InstructorDashboard.stories.jsx[2m > [22m[2mSingle Section
[22m[39m[Mock Data] Seeded grade: grade-4 for unit: unit-1
[90mstdout[2m | src/components/InstructorDashboard.stories.jsx[2m > [22m[2mSingle Section
[22m[39m[Mock Data] Grade has data: false
[90mstdout[2m | src/components/InstructorDashboard.stories.jsx[2m > [22m[2mSingle Section
[22m[39m[Mock Data] Total grades in store: 4
[90mstdout[2m | src/components/InstructorDashboard.stories.jsx[2m > [22m[2mSingle Section
[22m[39m[Mock Data] Seeded grade: grade-5 for unit: unit-2
[90mstdout[2m | src/components/InstructorDashboard.stories.jsx[2m > [22m[2mSingle Section
[22m[39m[Mock Data] Grade has data: false
[90mstdout[2m | src/components/InstructorDashboard.stories.jsx[2m > [22m[2mSingle Section
[22m[39m[Mock Data] Total grades in store: 5
[90mstdout[2m | src/components/InstructorDashboard.stories.jsx[2m > [22m[2mSingle Section
[22m[39m[Mock Data] Seeded grade: grade-6 for unit: unit-3
[90mstdout[2m | src/components/InstructorDashboard.stories.jsx[2m > [22m[2mSingle Section
[22m[39m[Mock Data] Grade has data: false
[90mstdout[2m | src/components/InstructorDashboard.stories.jsx[2m > [22m[2mSingle Section
[22m[39m[Mock Data] Total grades in store: 6
[90mstdout[2m | src/components/InstructorDashboard.stories.jsx[2m > [22m[2mSingle Section
[22m[39m[Mock Data] Seeded grade: grade-7 for unit: unit-1
[90mstdout[2m | src/components/InstructorDashboard.stories.jsx[2m > [22m[2mSingle Section
[22m[39m[Mock Data] Grade has data: false
[90mstdout[2m | src/components/InstructorDashboard.stories.jsx[2m > [22m[2mSingle Section
[22m[39m[Mock Data] Total grades in store: 7
[90mstdout[2m | src/components/InstructorDashboard.stories.jsx[2m > [22m[2mSingle Section
[22m[39m[Mock Data] Seeded grade: grade-8 for unit: unit-2
[90mstdout[2m | src/components/InstructorDashboard.stories.jsx[2m > [22m[2mSingle Section
[22m[39m[Mock Data] Grade has data: false
[90mstdout[2m | src/components/InstructorDashboard.stories.jsx[2m > [22m[2mSingle Section
[22m[39m[Mock Data] Total grades in store: 8
[90mstdout[2m | src/components/InstructorDashboard.stories.jsx[2m > [22m[2mSingle Section
[22m[39m[Mock Data] Seeded grade: grade-9 for unit: unit-3
[90mstdout[2m | src/components/InstructorDashboard.stories.jsx[2m > [22m[2mSingle Section
[22m[39m[Mock Data] Grade has data: false
[90mstdout[2m | src/components/InstructorDashboard.stories.jsx[2m > [22m[2mSingle Section
[22m[39m[Mock Data] Total grades in store: 9
[90mstdout[2m | src/components/InstructorDashboard.stories.jsx[2m > [22m[2mSingle Section
[22m[39m[Mock Data] Seeded grade: grade-10 for unit: unit-1
[90mstdout[2m | src/components/InstructorDashboard.stories.jsx[2m > [22m[2mSingle Section
[22m[39m[Mock Data] Grade has data: false
[90mstdout[2m | src/components/InstructorDashboard.stories.jsx[2m > [22m[2mSingle Section
[22m[39m[Mock Data] Total grades in store: 10
[90mstdout[2m | src/components/InstructorDashboard.stories.jsx[2m > [22m[2mSingle Section
[22m[39m[Mock Data] Seeded grade: grade-11 for unit: unit-2
[90mstdout[2m | src/components/InstructorDashboard.stories.jsx[2m > [22m[2mSingle Section
[22m[39m[Mock Data] Grade has data: false
[90mstdout[2m | src/components/InstructorDashboard.stories.jsx[2m > [22m[2mSingle Section
[22m[39m[Mock Data] Total grades in store: 11
[90mstdout[2m | src/components/InstructorDashboard.stories.jsx[2m > [22m[2mSingle Section
[22m[39m[Mock Data] Seeded grade: grade-12 for unit: unit-3
[90mstdout[2m | src/components/InstructorDashboard.stories.jsx[2m > [22m[2mSingle Section
[22m[39m[Mock Data] Grade has data: false
[90mstdout[2m | src/components/InstructorDashboard.stories.jsx[2m > [22m[2mSingle Section
[22m[39m[Mock Data] Total grades in store: 12
[90mstdout[2m | src/components/InstructorDashboard.stories.jsx[2m > [22m[2mSingle Section
[22m[39m[Mock Data] Seeded grade: grade-13 for unit: unit-1
[90mstdout[2m | src/components/InstructorDashboard.stories.jsx[2m > [22m[2mSingle Section
[22m[39m[Mock Data] Grade has data: false
[90mstdout[2m | src/components/InstructorDashboard.stories.jsx[2m > [22m[2mSingle Section
[22m[39m[Mock Data] Total grades in store: 13
[90mstdout[2m | src/components/InstructorDashboard.stories.jsx[2m > [22m[2mSingle Section
[22m[39m[Mock Data] Seeded grade: grade-14 for unit: unit-2
[90mstdout[2m | src/components/InstructorDashboard.stories.jsx[2m > [22m[2mSingle Section
[22m[39m[Mock Data] Grade has data: false
[90mstdout[2m | src/components/InstructorDashboard.stories.jsx[2m > [22m[2mSingle Section
[22m[39m[Mock Data] Total grades in store: 14
[90mstdout[2m | src/components/InstructorDashboard.stories.jsx[2m > [22m[2mSingle Section
[22m[39m[Mock Data] Seeded grade: grade-15 for unit: unit-3
[90mstdout[2m | src/components/InstructorDashboard.stories.jsx[2m > [22m[2mSingle Section
[22m[39m[Mock Data] Grade has data: false
[90mstdout[2m | src/components/InstructorDashboard.stories.jsx[2m > [22m[2mSingle Section
[22m[39m[Mock Data] Total grades in store: 15
[90mstdout[2m | src/components/InstructorDashboard.stories.jsx[2m > [22m[2mSingle Section
[22m[39m[Mock Data] Seeded grade: grade-16 for unit: unit-1
[90mstdout[2m | src/components/InstructorDashboard.stories.jsx[2m > [22m[2mSingle Section
[22m[39m[Mock Data] Grade has data: false
[90mstdout[2m | src/components/InstructorDashboard.stories.jsx[2m > [22m[2mSingle Section
[22m[39m[Mock Data] Total grades in store: 16
[90mstdout[2m | src/components/InstructorDashboard.stories.jsx[2m > [22m[2mSingle Section
[22m[39m[Mock Data] Seeded grade: grade-17 for unit: unit-2
[90mstdout[2m | src/components/InstructorDashboard.stories.jsx[2m > [22m[2mSingle Section
[22m[39m[Mock Data] Grade has data: false
[90mstdout[2m | src/components/InstructorDashboard.stories.jsx[2m > [22m[2mSingle Section
[22m[39m[Mock Data] Total grades in store: 17
[90mstdout[2m | src/components/InstructorDashboard.stories.jsx[2m > [22m[2mSingle Section
[22m[39m[Mock Data] Seeded grade: grade-18 for unit: unit-1
[90mstdout[2m | src/components/InstructorDashboard.stories.jsx[2m > [22m[2mSingle Section
[22m[39m[Mock Data] Grade has data: false
[90mstdout[2m | src/components/InstructorDashboard.stories.jsx[2m > [22m[2mSingle Section
[22m[39m[Mock Data] Total grades in store: 18
[90mstdout[2m | src/components/InstructorDashboard.stories.jsx[2m > [22m[2mSingle Section
[22m[39m[Mock Data] Seeded grade: grade-19 for unit: unit-2
[90mstdout[2m | src/components/InstructorDashboard.stories.jsx[2m > [22m[2mSingle Section
[22m[39m[Mock Data] Grade has data: false
[90mstdout[2m | src/components/InstructorDashboard.stories.jsx[2m > [22m[2mSingle Section
[22m[39m[Mock Data] Total grades in store: 19
[90mstdout[2m | src/components/InstructorDashboard.stories.jsx[2m > [22m[2mSingle Section
[22m[39m[Mock Data] Seeded grade: grade-20 for unit: unit-1
[90mstdout[2m | src/components/InstructorDashboard.stories.jsx[2m > [22m[2mSingle Section
[22m[39m[Mock Data] Grade has data: false
[90mstdout[2m | src/components/InstructorDashboard.stories.jsx[2m > [22m[2mSingle Section
[22m[39m[Mock Data] Total grades in store: 20
[90mstdout[2m | src/components/InstructorDashboard.stories.jsx[2m > [22m[2mSingle Section
[22m[39m[Mock Data] Seeded grade: grade-21 for unit: unit-2
[90mstdout[2m | src/components/InstructorDashboard.stories.jsx[2m > [22m[2mSingle Section
[22m[39m[Mock Data] Grade has data: false
[90mstdout[2m | src/components/InstructorDashboard.stories.jsx[2m > [22m[2mSingle Section
[22m[39m[Mock Data] Total grades in store: 21
[90mstdout[2m | src/components/InstructorDashboard.stories.jsx[2m > [22m[2mSingle Section
[22m[39m[Mock Data] Seeded grade: grade-22 for unit: unit-1
[90mstdout[2m | src/components/InstructorDashboard.stories.jsx[2m > [22m[2mSingle Section
[22m[39m[Mock Data] Grade has data: false
[90mstdout[2m | src/components/InstructorDashboard.stories.jsx[2m > [22m[2mSingle Section
[22m[39m[Mock Data] Total grades in store: 22
[90mstdout[2m | src/components/InstructorDashboard.stories.jsx[2m > [22m[2mSingle Section
[22m[39m[Mock Data] Seeded grade: grade-23 for unit: unit-2
[90mstdout[2m | src/components/InstructorDashboard.stories.jsx[2m > [22m[2mSingle Section
[22m[39m[Mock Data] Grade has data: false
[90mstdout[2m | src/components/InstructorDashboard.stories.jsx[2m > [22m[2mSingle Section
[22m[39m[Mock Data] Total grades in store: 23
[90mstdout[2m | src/components/InstructorDashboard.stories.jsx[2m > [22m[2mSingle Section
[22m[39m[Mock Data] Seeded grade: grade-24 for unit: unit-4
[90mstdout[2m | src/components/InstructorDashboard.stories.jsx[2m > [22m[2mSingle Section
[22m[39m[Mock Data] Grade has data: false
[90mstdout[2m | src/components/InstructorDashboard.stories.jsx[2m > [22m[2mSingle Section
[22m[39m[Mock Data] Total grades in store: 24
[90mstdout[2m | src/components/InstructorDashboard.stories.jsx[2m > [22m[2mSingle Section
[22m[39m[Mock Data] Seeded grade: grade-25 for unit: unit-5
[90mstdout[2m | src/components/InstructorDashboard.stories.jsx[2m > [22m[2mSingle Section
[22m[39m[Mock Data] Grade has data: false
[90mstdout[2m | src/components/InstructorDashboard.stories.jsx[2m > [22m[2mSingle Section
[22m[39m[Mock Data] Total grades in store: 25
[90mstdout[2m | src/components/InstructorDashboard.stories.jsx[2m > [22m[2mSingle Section
[22m[39m[Mock Data] Seeded grade: grade-26 for unit: unit-4
[90mstdout[2m | src/components/InstructorDashboard.stories.jsx[2m > [22m[2mSingle Section
[22m[39m[Mock Data] Grade has data: false
[90mstdout[2m | src/components/InstructorDashboard.stories.jsx[2m > [22m[2mSingle Section
[22m[39m[Mock Data] Total grades in store: 26
[90mstdout[2m | src/components/InstructorDashboard.stories.jsx[2m > [22m[2mSingle Section
[22m[39m[Mock Data] Seeded grade: grade-27 for unit: unit-5
[90mstdout[2m | src/components/InstructorDashboard.stories.jsx[2m > [22m[2mSingle Section
[22m[39m[Mock Data] Grade has data: false
[90mstdout[2m | src/components/InstructorDashboard.stories.jsx[2m > [22m[2mSingle Section
[22m[39m[Mock Data] Total grades in store: 27
[90mstdout[2m | src/components/InstructorDashboard.stories.jsx[2m > [22m[2mSingle Section
[22m[39m[Mock Data] Seeded grade: grade-28 for unit: unit-4
[90mstdout[2m | src/components/InstructorDashboard.stories.jsx[2m > [22m[2mSingle Section
[22m[39m[Mock Data] Grade has data: false
[90mstdout[2m | src/components/InstructorDashboard.stories.jsx[2m > [22m[2mSingle Section
[22m[39m[Mock Data] Total grades in store: 28
[90mstdout[2m | src/components/InstructorDashboard.stories.jsx[2m > [22m[2mSingle Section
[22m[39m[Mock Data] Seeded grade: grade-29 for unit: unit-5
[90mstdout[2m | src/components/InstructorDashboard.stories.jsx[2m > [22m[2mSingle Section
[22m[39m[Mock Data] Grade has data: false
[90mstdout[2m | src/components/InstructorDashboard.stories.jsx[2m > [22m[2mSingle Section
[22m[39m[Mock Data] Total grades in store: 29
[90mstdout[2m | src/components/InstructorDashboard.stories.jsx[2m > [22m[2mSingle Section
[22m[39m[Mock Data] Seeded grade: grade-30 for unit: unit-4
[90mstdout[2m | src/components/InstructorDashboard.stories.jsx[2m > [22m[2mSingle Section
[22m[39m[Mock Data] Grade has data: false
[90mstdout[2m | src/components/InstructorDashboard.stories.jsx[2m > [22m[2mSingle Section
[22m[39m[Mock Data] Total grades in store: 30
[90mstdout[2m | src/components/InstructorDashboard.stories.jsx[2m > [22m[2mSingle Section
[22m[39m[Mock Data] Seeded grade: grade-31 for unit: unit-5
[90mstdout[2m | src/components/InstructorDashboard.stories.jsx[2m > [22m[2mSingle Section
[22m[39m[Mock Data] Grade has data: false
[90mstdout[2m | src/components/InstructorDashboard.stories.jsx[2m > [22m[2mSingle Section
[22m[39m[Mock Data] Total grades in store: 31
[90mstdout[2m | src/components/InstructorDashboard.stories.jsx[2m > [22m[2mSingle Section
[22m[39m[Mock Data] Seeded grade: grade-32 for unit: unit-2
[90mstdout[2m | src/components/InstructorDashboard.stories.jsx[2m > [22m[2mSingle Section
[22m[39m[Mock Data] Grade has data: false
[90mstdout[2m | src/components/InstructorDashboard.stories.jsx[2m > [22m[2mSingle Section
[22m[39m[Mock Data] Total grades in store: 32
[90mstdout[2m | src/components/InstructorDashboard.stories.jsx[2m > [22m[2mSingle Section
[22m[39m[TranslationModeController] Setting mode to: off
[90mstdout[2m | src/components/InstructorDashboard.stories.jsx[2m > [22m[2mSingle Section
[22m[39m[UnitContext] useEffect triggered {
  "authLoading": false,
  "hasUser": true,
  "id": "mock-unit-id",
  "userSub": "mock-user-sub",
}
[90mstdout[2m | src/components/InstructorDashboard.stories.jsx[2m > [22m[2mSingle Section
[22m[39m[UnitContext] Fetching unit data for id: mock-unit-id
[90mstdout[2m | src/components/InstructorDashboard.stories.jsx[2m > [22m[2mSingle Section
[22m[39m[FilesContext] Initializing vector store from IndexedDB
[90mstdout[2m | src/components/InstructorDashboard.stories.jsx[2m > [22m[2mSingle Section
[22m[39m[FilesContext] fetchFiles called
[90mstdout[2m | src/components/InstructorDashboard.stories.jsx[2m > [22m[2mSingle Section
[22m[39m[FilesContext] User authenticated: mock-user-sub
[90mstdout[2m | src/components/InstructorDashboard.stories.jsx[2m > [22m[2mSingle Section
[22m[39m[FilesContext] Identity ID: us-east-1:mock-identity-123
[90mstdout[2m | src/components/InstructorDashboard.stories.jsx[2m > [22m[2mSingle Section
[22m[39m[FilesContext] About to set up File observeQuery
[90mstdout[2m | src/components/InstructorDashboard.stories.jsx[2m > [22m[2mSingle Section
[22m[39m[ChatContext] Setting up AssistantChat observeQuery
[90mstdout[2m | src/components/InstructorDashboard.stories.jsx[2m > [22m[2mSingle Section
[22m[39m[ChatContext] Waiting for subscription to initialize
[90mstdout[2m | src/components/InstructorDashboard.stories.jsx[2m > [22m[2mSingle Section
[22m[39m[SettingsContext] Setting up Settings subscription for user: mock-user-sub
[90mstdout[2m | src/components/InstructorDashboard.stories.jsx[2m > [22m[2mSingle Section
[22m[39m[Mock Data] Settings created: mock-settings-1790417343840 - notified 0 subscribers
[90mstdout[2m | src/components/InstructorDashboard.stories.jsx[2m > [22m[2mSingle Section
[22m[39m[Mock Data] Unit.onUpdate() subscription added. Total: 1
[90mstdout[2m | src/components/InstructorDashboard.stories.jsx[2m > [22m[2mSingle Section
[22m[39m[SectionContext] Section observeQuery update: 0
[90mstdout[2m | src/components/InstructorDashboard.stories.jsx[2m > [22m[2mSingle Section
[22m[39m[FilesContext] File observeQuery update: 6 files
[90mstdout[2m | src/components/InstructorDashboard.stories.jsx[2m > [22m[2mSingle Section
[22m[39m[ChatContext] AssistantChat initialized with 1 chats
[90mstdout[2m | src/components/InstructorDashboard.stories.jsx[2m > [22m[2mSingle Section
[22m[39m[ChatContext] Setting initial chat: chat-flagged-1
[90mstdout[2m | src/components/InstructorDashboard.stories.jsx[2m > [22m[2mSingle Section
[22m[39m[MOCK CourseVectorStore] Initialized with mock data
[90mstdout[2m | src/components/InstructorDashboard.stories.jsx[2m > [22m[2mSingle Section
[22m[39m[FilesContext] Vector store population triggered {
  "currentVectorStoreSize": 3,
  "documentsCount": 0,
  "filesCount": 6,
  "isInitialLoad": true,
}
[90mstdout[2m | src/components/InstructorDashboard.stories.jsx[2m > [22m[2mSingle Section
[22m[39m[FilesContext] Vector store population complete - 3 total embeddings
[90mstdout[2m | src/components/InstructorDashboard.stories.jsx[2m > [22m[2mSingle Section
[22m[39m[ChatContext] Chat exists and not archived, skipping creation
[90mstdout[2m | src/components/InstructorDashboard.stories.jsx[2m > [22m[2mSingle Section
[22m[39m[Mock Storage] downloadData called with: undefined
[90mstdout[2m | src/components/InstructorDashboard.stories.jsx[2m > [22m[2mNo Sections
[22m[39m[ChatContext] Cleaning up subscriptions
[90mstdout[2m | src/components/InstructorDashboard.stories.jsx[2m > [22m[2mNo Sections
[22m[39m[Mock Data] Unit.onUpdate() subscription removed. Remaining: 0
[90mstdout[2m | src/components/InstructorDashboard.stories.jsx[2m > [22m[2mNo Sections
[22m[39m[MOCK CourseVectorStore] Initialized with mock data
[90mstdout[2m | src/components/InstructorDashboard.stories.jsx[2m > [22m[2mNo Sections
[22m[39m[TranslationModeController] Setting mode to: off
[90mstdout[2m | src/components/InstructorDashboard.stories.jsx[2m > [22m[2mNo Sections
[22m[39m[UnitContext] useEffect triggered {
  "authLoading": false,
  "hasUser": true,
  "id": "mock-unit-id",
  "userSub": "mock-user-sub",
}
[90mstdout[2m | src/components/InstructorDashboard.stories.jsx[2m > [22m[2mNo Sections
[22m[39m[UnitContext] Fetching unit data for id: mock-unit-id
[90mstdout[2m | src/components/InstructorDashboard.stories.jsx[2m > [22m[2mNo Sections
[22m[39m[FilesContext] Initializing vector store from IndexedDB
[90mstdout[2m | src/components/InstructorDashboard.stories.jsx[2m > [22m[2mNo Sections
[22m[39m[FilesContext] fetchFiles called
[90mstdout[2m | src/components/InstructorDashboard.stories.jsx[2m > [22m[2mNo Sections
[22m[39m[FilesContext] User authenticated: mock-user-sub
[90mstdout[2m | src/components/InstructorDashboard.stories.jsx[2m > [22m[2mNo Sections
[22m[39m[FilesContext] Identity ID: us-east-1:mock-identity-123
[90mstdout[2m | src/components/InstructorDashboard.stories.jsx[2m > [22m[2mNo Sections
[22m[39m[FilesContext] About to set up File observeQuery
[90mstdout[2m | src/components/InstructorDashboard.stories.jsx[2m > [22m[2mNo Sections
[22m[39m[ChatContext] Setting up AssistantChat observeQuery
[90mstdout[2m | src/components/InstructorDashboard.stories.jsx[2m > [22m[2mNo Sections
[22m[39m[ChatContext] Waiting for subscription to initialize
[90mstdout[2m | src/components/InstructorDashboard.stories.jsx[2m > [22m[2mNo Sections
[22m[39m[SettingsContext] Setting up Settings subscription for user: mock-user-sub
[90mstdout[2m | src/components/InstructorDashboard.stories.jsx[2m > [22m[2mNo Sections
[22m[39m[Mock Data] Settings created: mock-settings-1790417344805 - notified 0 subscribers
[90mstdout[2m | src/components/InstructorDashboard.stories.jsx[2m > [22m[2mNo Sections
[22m[39m[Mock Data] Unit.onUpdate() subscription added. Total: 1
[90mstdout[2m | src/components/InstructorDashboard.stories.jsx[2m > [22m[2mNo Sections
[22m[39m[SectionContext] Section observeQuery update: 0
[90mstdout[2m | src/components/InstructorDashboard.stories.jsx[2m > [22m[2mNo Sections
[22m[39m[FilesContext] File observeQuery update: 6 files
[90mstdout[2m | src/components/InstructorDashboard.stories.jsx[2m > [22m[2mNo Sections
[22m[39m[ChatContext] AssistantChat initialized with 1 chats
[90mstdout[2m | src/components/InstructorDashboard.stories.jsx[2m > [22m[2mNo Sections
[22m[39m[ChatContext] Setting initial chat: mock-assistant-chat-1
[90mstdout[2m | src/components/InstructorDashboard.stories.jsx[2m > [22m[2mNo Sections
[22m[39m[MOCK CourseVectorStore] Initialized with mock data
[90mstdout[2m | src/components/InstructorDashboard.stories.jsx[2m > [22m[2mNo Sections
[22m[39m[FilesContext] Vector store population triggered {
  "currentVectorStoreSize": 3,
  "documentsCount": 0,
  "filesCount": 6,
  "isInitialLoad": true,
}
[90mstdout[2m | src/components/InstructorDashboard.stories.jsx[2m > [22m[2mNo Sections
[22m[39m[FilesContext] Vector store population complete - 3 total embeddings
[90mstdout[2m | src/components/InstructorDashboard.stories.jsx[2m > [22m[2mNo Sections
[22m[39m[ChatContext] Chat exists and not archived, skipping creation
[90mstdout[2m | src/components/InstructorDashboard.stories.jsx[2m > [22m[2mNo Sections
[22m[39m[Mock Storage] downloadData called with: undefined
[90mstdout[2m | src/components/InstructorDashboard.stories.jsx[2m > [22m[2mNo Grade Data
[22m[39m[ChatContext] Cleaning up subscriptions
[90mstdout[2m | src/components/InstructorDashboard.stories.jsx[2m > [22m[2mNo Grade Data
[22m[39m[Mock Data] Unit.onUpdate() subscription removed. Remaining: 0
[90mstdout[2m | src/components/InstructorDashboard.stories.jsx[2m > [22m[2mNo Grade Data
[22m[39m[MOCK CourseVectorStore] Initialized with mock data
[90mstdout[2m | src/components/InstructorDashboard.stories.jsx[2m > [22m[2mNo Grade Data
[22m[39m[Mock Data] seedMockUnit: Adding unit unit-1
[90mstdout[2m | src/components/InstructorDashboard.stories.jsx[2m > [22m[2mNo Grade Data
[22m[39m[Mock Data] seedMockUnit: Adding unit unit-2
[90mstdout[2m | src/components/InstructorDashboard.stories.jsx[2m > [22m[2mNo Grade Data
[22m[39m[Mock Data] seedMockUnit: Adding unit unit-3
[90mstdout[2m | src/components/InstructorDashboard.stories.jsx[2m > [22m[2mNo Grade Data
[22m[39m[Mock Data] seedMockUnit: Adding unit unit-4
[90mstdout[2m | src/components/InstructorDashboard.stories.jsx[2m > [22m[2mNo Grade Data
[22m[39m[Mock Data] seedMockUnit: Adding unit unit-5
[90mstdout[2m | src/components/InstructorDashboard.stories.jsx[2m > [22m[2mNo Grade Data
[22m[39m[Mock Data] seedMockAssignments: Adding 7 assignments
[90mstdout[2m | src/components/InstructorDashboard.stories.jsx[2m > [22m[2mNo Grade Data
[22m[39m[Mock Data] Total assignments in store: 7
[90mstdout[2m | src/components/InstructorDashboard.stories.jsx[2m > [22m[2mNo Grade Data
[22m[39m[TranslationModeController] Setting mode to: off
[90mstdout[2m | src/components/InstructorDashboard.stories.jsx[2m > [22m[2mNo Grade Data
[22m[39m[UnitContext] useEffect triggered {
  "authLoading": false,
  "hasUser": true,
  "id": "mock-unit-id",
  "userSub": "mock-user-sub",
}
[90mstdout[2m | src/components/InstructorDashboard.stories.jsx[2m > [22m[2mNo Grade Data
[22m[39m[UnitContext] Fetching unit data for id: mock-unit-id
[90mstdout[2m | src/components/InstructorDashboard.stories.jsx[2m > [22m[2mNo Grade Data
[22m[39m[FilesContext] Initializing vector store from IndexedDB
[90mstdout[2m | src/components/InstructorDashboard.stories.jsx[2m > [22m[2mNo Grade Data
[22m[39m[FilesContext] fetchFiles called
[90mstdout[2m | src/components/InstructorDashboard.stories.jsx[2m > [22m[2mNo Grade Data
[22m[39m[FilesContext] User authenticated: mock-user-sub
[90mstdout[2m | src/components/InstructorDashboard.stories.jsx[2m > [22m[2mNo Grade Data
[22m[39m[FilesContext] Identity ID: us-east-1:mock-identity-123
[90mstdout[2m | src/components/InstructorDashboard.stories.jsx[2m > [22m[2mNo Grade Data
[22m[39m[FilesContext] About to set up File observeQuery
[90mstdout[2m | src/components/InstructorDashboard.stories.jsx[2m > [22m[2mNo Grade Data
[22m[39m[ChatContext] Setting up AssistantChat observeQuery
[90mstdout[2m | src/components/InstructorDashboard.stories.jsx[2m > [22m[2mNo Grade Data
[22m[39m[ChatContext] Waiting for subscription to initialize
[90mstdout[2m | src/components/InstructorDashboard.stories.jsx[2m > [22m[2mNo Grade Data
[22m[39m[SettingsContext] Setting up Settings subscription for user: mock-user-sub
[90mstdout[2m | src/components/InstructorDashboard.stories.jsx[2m > [22m[2mNo Grade Data
[22m[39m[Mock Data] Settings created: mock-settings-1790417345115 - notified 0 subscribers
[90mstdout[2m | src/components/InstructorDashboard.stories.jsx[2m > [22m[2mNo Grade Data
[22m[39m[Mock Data] Unit.onUpdate() subscription added. Total: 1
[90mstdout[2m | src/components/InstructorDashboard.stories.jsx[2m > [22m[2mNo Grade Data
[22m[39m[SectionContext] Section observeQuery update: 0
[90mstdout[2m | src/components/InstructorDashboard.stories.jsx[2m > [22m[2mNo Grade Data
[22m[39m[FilesContext] File observeQuery update: 0 files
[90mstdout[2m | src/components/InstructorDashboard.stories.jsx[2m > [22m[2mNo Grade Data
[22m[39m[ChatContext] AssistantChat initialized with 0 chats
[90mstdout[2m | src/components/InstructorDashboard.stories.jsx[2m > [22m[2mNo Grade Data
[22m[39m[MOCK CourseVectorStore] Initialized with mock data
[90mstdout[2m | src/components/InstructorDashboard.stories.jsx[2m > [22m[2mNo Grade Data
[22m[39m[ChatContext] No current chat available, will create one
[90mstdout[2m | src/components/InstructorDashboard.stories.jsx[2m > [22m[2mNo Grade Data
[22m[39m[ChatContext] Creating AssistantChat with user: undefined
[90mstdout[2m | src/components/InstructorDashboard.stories.jsx[2m > [22m[2mNo Grade Data
[22m[39m[Mock Data] AssistantChat created: mock-assistantchat-1790417345310 - notified 2 subscribers
[90mstdout[2m | src/components/InstructorDashboard.stories.jsx[2m > [22m[2mNo Grade Data
[22m[39m[ChatContext] Create result: {
  "data": {
    "_version": 1,
    "archived": false,
    "chatFiles": [Function anonymous],
    "createdAt": "2026-09-26T10:09:05.310Z",
    "id": "mock-assistantchat-1790417345310",
    "model": "gpt-4",
    "updatedAt": "2026-09-26T10:09:05.310Z",
  },
  "errors": [],
  "hasData": true,
  "hasErrors": true,
}
[90mstdout[2m | src/components/InstructorDashboard.stories.jsx[2m > [22m[2mNo Grade Data
[22m[39m[ChatContext] Created AssistantChat: mock-assistantchat-1790417345310 at: 2026-09-26T10:09:05.310Z
[90mstdout[2m | src/components/InstructorDashboard.stories.jsx[2m > [22m[2mNo Grade Data
[22m[39m[Mock Storage] downloadData called with: undefined
[90mstdout[2m | src/components/InstructorDashboard.stories.jsx[2m > [22m[2mNo Grade Data
[22m[39m[ChatContext] Setting initial chat: mock-assistantchat-1790417345310
[90mstdout[2m | src/components/InstructorDashboard.stories.jsx[2m > [22m[2mNo Grade Data
[22m[39m[ChatContext] Chat exists and not archived, skipping creation
[90mstdout[2m | src/components/InstructorDashboard.stories.jsx[2m > [22m[2mLoading
[22m[39m[ChatContext] Cleaning up subscriptions
[90mstdout[2m | src/components/InstructorDashboard.stories.jsx[2m > [22m[2mLoading
[22m[39m[Mock Data] Unit.onUpdate() subscription removed. Remaining: 0
[90mstdout[2m | src/components/InstructorDashboard.stories.jsx[2m > [22m[2mLoading
[22m[39m[MOCK CourseVectorStore] Initialized with mock data
[90mstdout[2m | src/components/InstructorDashboard.stories.jsx[2m > [22m[2mLoading
[22m[39m[TranslationModeController] Setting mode to: off
[90mstdout[2m | src/components/InstructorDashboard.stories.jsx[2m > [22m[2mLoading
[22m[39m[UnitContext] useEffect triggered {
  "authLoading": false,
  "hasUser": true,
  "id": "mock-unit-id",
  "userSub": "mock-user-sub",
}
[90mstdout[2m | src/components/InstructorDashboard.stories.jsx[2m > [22m[2mLoading
[22m[39m[UnitContext] Fetching unit data for id: mock-unit-id
[90mstdout[2m | src/components/InstructorDashboard.stories.jsx[2m > [22m[2mLoading
[22m[39m[FilesContext] Initializing vector store from IndexedDB
[90mstdout[2m | src/components/InstructorDashboard.stories.jsx[2m > [22m[2mLoading
[22m[39m[FilesContext] fetchFiles called
[90mstdout[2m | src/components/InstructorDashboard.stories.jsx[2m > [22m[2mLoading
[22m[39m[FilesContext] User authenticated: mock-user-sub
[90mstdout[2m | src/components/InstructorDashboard.stories.jsx[2m > [22m[2mLoading
[22m[39m[FilesContext] Identity ID: us-east-1:mock-identity-123
[90mstdout[2m | src/components/InstructorDashboard.stories.jsx[2m > [22m[2mLoading
[22m[39m[FilesContext] About to set up File observeQuery
[90mstdout[2m | src/components/InstructorDashboard.stories.jsx[2m > [22m[2mLoading
[22m[39m[ChatContext] Setting up AssistantChat observeQuery
[90mstdout[2m | src/components/InstructorDashboard.stories.jsx[2m > [22m[2mLoading
[22m[39m[ChatContext] Waiting for subscription to initialize
[90mstdout[2m | src/components/InstructorDashboard.stories.jsx[2m > [22m[2mLoading
[22m[39m[SettingsContext] Setting up Settings subscription for user: mock-user-sub
[90mstdout[2m | src/components/InstructorDashboard.stories.jsx[2m > [22m[2mLoading
[22m[39m[Mock Data] Settings created: mock-settings-1790417346154 - notified 0 subscribers
[90mstdout[2m | src/components/InstructorDashboard.stories.jsx[2m > [22m[2mLoading
[22m[39m[Mock Data] Unit.onUpdate() subscription added. Total: 1
[90mstdout[2m | src/components/InstructorDashboard.stories.jsx[2m > [22m[2mLoading
[22m[39m[SectionContext] Section observeQuery update: 0
[90mstdout[2m | src/components/InstructorDashboard.stories.jsx[2m > [22m[2mLoading
[22m[39m[FilesContext] File observeQuery update: 6 files
[90mstdout[2m | src/components/InstructorDashboard.stories.jsx[2m > [22m[2mLoading
[22m[39m[ChatContext] AssistantChat initialized with 1 chats
[90mstdout[2m | src/components/InstructorDashboard.stories.jsx[2m > [22m[2mLoading
[22m[39m[ChatContext] Setting initial chat: mock-assistant-chat-1
[90mstdout[2m | src/components/InstructorDashboard.stories.jsx[2m > [22m[2mLoading
[22m[39m[MOCK CourseVectorStore] Initialized with mock data
[90mstdout[2m | src/components/InstructorDashboard.stories.jsx[2m > [22m[2mLoading
[22m[39m[FilesContext] Vector store population triggered {
  "currentVectorStoreSize": 3,
  "documentsCount": 0,
  "filesCount": 6,
  "isInitialLoad": true,
}
[90mstdout[2m | src/components/InstructorDashboard.stories.jsx[2m > [22m[2mLoading
[22m[39m[FilesContext] Vector store population complete - 3 total embeddings
[90mstdout[2m | src/components/InstructorDashboard.stories.jsx[2m > [22m[2mLoading
[22m[39m[ChatContext] Chat exists and not archived, skipping creation
[90mstdout[2m | src/components/InstructorDashboard.stories.jsx[2m > [22m[2mLoading
[22m[39m[Mock Storage] downloadData called with: undefined
[90mstdout[2m | src/components/InstructorDashboard.stories.jsx[2m > [22m[2mMobile Viewport
[22m[39m[ChatContext] Cleaning up subscriptions
[90mstdout[2m | src/components/InstructorDashboard.stories.jsx[2m > [22m[2mMobile Viewport
[22m[39m[Mock Data] Unit.onUpdate() subscription removed. Remaining: 0
[90mstdout[2m | src/components/InstructorDashboard.stories.jsx[2m > [22m[2mMobile Viewport
[22m[39m[MOCK CourseVectorStore] Initialized with mock data
[90mstdout[2m | src/components/InstructorDashboard.stories.jsx[2m > [22m[2mMobile Viewport
[22m[39m[Mock Data] seedMockUnit: Adding unit unit-1
[90mstdout[2m | src/components/InstructorDashboard.stories.jsx[2m > [22m[2mMobile Viewport
[22m[39m[Mock Data] seedMockUnit: Adding unit unit-2
[90mstdout[2m | src/components/InstructorDashboard.stories.jsx[2m > [22m[2mMobile Viewport
[22m[39m[Mock Data] seedMockUnit: Adding unit unit-3
[90mstdout[2m | src/components/InstructorDashboard.stories.jsx[2m > [22m[2mMobile Viewport
[22m[39m[Mock Data] seedMockUnit: Adding unit unit-4
[90mstdout[2m | src/components/InstructorDashboard.stories.jsx[2m > [22m[2mMobile Viewport
[22m[39m[Mock Data] seedMockUnit: Adding unit unit-5
[90mstdout[2m | src/components/InstructorDashboard.stories.jsx[2m > [22m[2mMobile Viewport
[22m[39m[Mock Data] seedMockAssignments: Adding 7 assignments
[90mstdout[2m | src/components/InstructorDashboard.stories.jsx[2m > [22m[2mMobile Viewport
[22m[39m[Mock Data] Total assignments in store: 7
[90mstdout[2m | src/components/InstructorDashboard.stories.jsx[2m > [22m[2mMobile Viewport
[22m[39m[Mock Data] Seeded grade: grade-1 for unit: unit-1
[90mstdout[2m | src/components/InstructorDashboard.stories.jsx[2m > [22m[2mMobile Viewport
[22m[39m[Mock Data] Grade has data: false
[90mstdout[2m | src/components/InstructorDashboard.stories.jsx[2m > [22m[2mMobile Viewport
[22m[39m[Mock Data] Total grades in store: 1
[90mstdout[2m | src/components/InstructorDashboard.stories.jsx[2m > [22m[2mMobile Viewport
[22m[39m[Mock Data] Seeded grade: grade-2 for unit: unit-2
[90mstdout[2m | src/components/InstructorDashboard.stories.jsx[2m > [22m[2mMobile Viewport
[22m[39m[Mock Data] Grade has data: false
[90mstdout[2m | src/components/InstructorDashboard.stories.jsx[2m > [22m[2mMobile Viewport
[22m[39m[Mock Data] Total grades in store: 2
[90mstdout[2m | src/components/InstructorDashboard.stories.jsx[2m > [22m[2mMobile Viewport
[22m[39m[Mock Data] Seeded grade: grade-3 for unit: unit-3
[90mstdout[2m | src/components/InstructorDashboard.stories.jsx[2m > [22m[2mMobile Viewport
[22m[39m[Mock Data] Grade has data: false
[90mstdout[2m | src/components/InstructorDashboard.stories.jsx[2m > [22m[2mMobile Viewport
[22m[39m[Mock Data] Total grades in store: 3
[90mstdout[2m | src/components/InstructorDashboard.stories.jsx[2m > [22m[2mMobile Viewport
[22m[39m[Mock Data] Seeded grade: grade-4 for unit: unit-1
[90mstdout[2m | src/components/InstructorDashboard.stories.jsx[2m > [22m[2mMobile Viewport
[22m[39m[Mock Data] Grade has data: false
[90mstdout[2m | src/components/InstructorDashboard.stories.jsx[2m > [22m[2mMobile Viewport
[22m[39m[Mock Data] Total grades in store: 4
[90mstdout[2m | src/components/InstructorDashboard.stories.jsx[2m > [22m[2mMobile Viewport
[22m[39m[Mock Data] Seeded grade: grade-5 for unit: unit-2
[90mstdout[2m | src/components/InstructorDashboard.stories.jsx[2m > [22m[2mMobile Viewport
[22m[39m[Mock Data] Grade has data: false
[90mstdout[2m | src/components/InstructorDashboard.stories.jsx[2m > [22m[2mMobile Viewport
[22m[39m[Mock Data] Total grades in store: 5
[90mstdout[2m | src/components/InstructorDashboard.stories.jsx[2m > [22m[2mMobile Viewport
[22m[39m[Mock Data] Seeded grade: grade-6 for unit: unit-3
[90mstdout[2m | src/components/InstructorDashboard.stories.jsx[2m > [22m[2mMobile Viewport
[22m[39m[Mock Data] Grade has data: false
[90mstdout[2m | src/components/InstructorDashboard.stories.jsx[2m > [22m[2mMobile Viewport
[22m[39m[Mock Data] Total grades in store: 6
[90mstdout[2m | src/components/InstructorDashboard.stories.jsx[2m > [22m[2mMobile Viewport
[22m[39m[Mock Data] Seeded grade: grade-7 for unit: unit-1
[90mstdout[2m | src/components/InstructorDashboard.stories.jsx[2m > [22m[2mMobile Viewport
[22m[39m[Mock Data] Grade has data: false
[90mstdout[2m | src/components/InstructorDashboard.stories.jsx[2m > [22m[2mMobile Viewport
[22m[39m[Mock Data] Total grades in store: 7
[90mstdout[2m | src/components/InstructorDashboard.stories.jsx[2m > [22m[2mMobile Viewport
[22m[39m[Mock Data] Seeded grade: grade-8 for unit: unit-2
[90mstdout[2m | src/components/InstructorDashboard.stories.jsx[2m > [22m[2mMobile Viewport
[22m[39m[Mock Data] Grade has data: false
[90mstdout[2m | src/components/InstructorDashboard.stories.jsx[2m > [22m[2mMobile Viewport
[22m[39m[Mock Data] Total grades in store: 8
[90mstdout[2m | src/components/InstructorDashboard.stories.jsx[2m > [22m[2mMobile Viewport
[22m[39m[Mock Data] Seeded grade: grade-9 for unit: unit-3
[90mstdout[2m | src/components/InstructorDashboard.stories.jsx[2m > [22m[2mMobile Viewport
[22m[39m[Mock Data] Grade has data: false
[90mstdout[2m | src/components/InstructorDashboard.stories.jsx[2m > [22m[2mMobile Viewport
[22m[39m[Mock Data] Total grades in store: 9
[90mstdout[2m | src/components/InstructorDashboard.stories.jsx[2m > [22m[2mMobile Viewport
[22m[39m[Mock Data] Seeded grade: grade-10 for unit: unit-1
[90mstdout[2m | src/components/InstructorDashboard.stories.jsx[2m > [22m[2mMobile Viewport
[22m[39m[Mock Data] Grade has data: false
[90mstdout[2m | src/components/InstructorDashboard.stories.jsx[2m > [22m[2mMobile Viewport
[22m[39m[Mock Data] Total grades in store: 10
[90mstdout[2m | src/components/InstructorDashboard.stories.jsx[2m > [22m[2mMobile Viewport
[22m[39m[Mock Data] Seeded grade: grade-11 for unit: unit-2
[90mstdout[2m | src/components/InstructorDashboard.stories.jsx[2m > [22m[2mMobile Viewport
[22m[39m[Mock Data] Grade has data: false
[90mstdout[2m | src/components/InstructorDashboard.stories.jsx[2m > [22m[2mMobile Viewport
[22m[39m[Mock Data] Total grades in store: 11
[90mstdout[2m | src/components/InstructorDashboard.stories.jsx[2m > [22m[2mMobile Viewport
[22m[39m[Mock Data] Seeded grade: grade-12 for unit: unit-3
[90mstdout[2m | src/components/InstructorDashboard.stories.jsx[2m > [22m[2mMobile Viewport
[22m[39m[Mock Data] Grade has data: false
[90mstdout[2m | src/components/InstructorDashboard.stories.jsx[2m > [22m[2mMobile Viewport
[22m[39m[Mock Data] Total grades in store: 12
[90mstdout[2m | src/components/InstructorDashboard.stories.jsx[2m > [22m[2mMobile Viewport
[22m[39m[Mock Data] Seeded grade: grade-13 for unit: unit-1
[90mstdout[2m | src/components/InstructorDashboard.stories.jsx[2m > [22m[2mMobile Viewport
[22m[39m[Mock Data] Grade has data: false
[90mstdout[2m | src/components/InstructorDashboard.stories.jsx[2m > [22m[2mMobile Viewport
[22m[39m[Mock Data] Total grades in store: 13
[90mstdout[2m | src/components/InstructorDashboard.stories.jsx[2m > [22m[2mMobile Viewport
[22m[39m[Mock Data] Seeded grade: grade-14 for unit: unit-2
[90mstdout[2m | src/components/InstructorDashboard.stories.jsx[2m > [22m[2mMobile Viewport
[22m[39m[Mock Data] Grade has data: false
[90mstdout[2m | src/components/InstructorDashboard.stories.jsx[2m > [22m[2mMobile Viewport
[22m[39m[Mock Data] Total grades in store: 14
[90mstdout[2m | src/components/InstructorDashboard.stories.jsx[2m > [22m[2mMobile Viewport
[22m[39m[Mock Data] Seeded grade: grade-15 for unit: unit-3
[90mstdout[2m | src/components/InstructorDashboard.stories.jsx[2m > [22m[2mMobile Viewport
[22m[39m[Mock Data] Grade has data: false
[90mstdout[2m | src/components/InstructorDashboard.stories.jsx[2m > [22m[2mMobile Viewport
[22m[39m[Mock Data] Total grades in store: 15
[90mstdout[2m | src/components/InstructorDashboard.stories.jsx[2m > [22m[2mMobile Viewport
[22m[39m[Mock Data] Seeded grade: grade-16 for unit: unit-1
[90mstdout[2m | src/components/InstructorDashboard.stories.jsx[2m > [22m[2mMobile Viewport
[22m[39m[Mock Data] Grade has data: false
[90mstdout[2m | src/components/InstructorDashboard.stories.jsx[2m > [22m[2mMobile Viewport
[22m[39m[Mock Data] Total grades in store: 16
[90mstdout[2m | src/components/InstructorDashboard.stories.jsx[2m > [22m[2mMobile Viewport
[22m[39m[Mock Data] Seeded grade: grade-17 for unit: unit-2
[90mstdout[2m | src/components/InstructorDashboard.stories.jsx[2m > [22m[2mMobile Viewport
[22m[39m[Mock Data] Grade has data: false
[90mstdout[2m | src/components/InstructorDashboard.stories.jsx[2m > [22m[2mMobile Viewport
[22m[39m[Mock Data] Total grades in store: 17
[90mstdout[2m | src/components/InstructorDashboard.stories.jsx[2m > [22m[2mMobile Viewport
[22m[39m[Mock Data] Seeded grade: grade-18 for unit: unit-1
[90mstdout[2m | src/components/InstructorDashboard.stories.jsx[2m > [22m[2mMobile Viewport
[22m[39m[Mock Data] Grade has data: false
[90mstdout[2m | src/components/InstructorDashboard.stories.jsx[2m > [22m[2mMobile Viewport
[22m[39m[Mock Data] Total grades in store: 18
[90mstdout[2m | src/components/InstructorDashboard.stories.jsx[2m > [22m[2mMobile Viewport
[22m[39m[Mock Data] Seeded grade: grade-19 for unit: unit-2
[90mstdout[2m | src/components/InstructorDashboard.stories.jsx[2m > [22m[2mMobile Viewport
[22m[39m[Mock Data] Grade has data: false
[90mstdout[2m | src/components/InstructorDashboard.stories.jsx[2m > [22m[2mMobile Viewport
[22m[39m[Mock Data] Total grades in store: 19
[90mstdout[2m | src/components/InstructorDashboard.stories.jsx[2m > [22m[2mMobile Viewport
[22m[39m[Mock Data] Seeded grade: grade-20 for unit: unit-1
[90mstdout[2m | src/components/InstructorDashboard.stories.jsx[2m > [22m[2mMobile Viewport
[22m[39m[Mock Data] Grade has data: false
[90mstdout[2m | src/components/InstructorDashboard.stories.jsx[2m > [22m[2mMobile Viewport
[22m[39m[Mock Data] Total grades in store: 20
[90mstdout[2m | src/components/InstructorDashboard.stories.jsx[2m > [22m[2mMobile Viewport
[22m[39m[Mock Data] Seeded grade: grade-21 for unit: unit-2
[90mstdout[2m | src/components/InstructorDashboard.stories.jsx[2m > [22m[2mMobile Viewport
[22m[39m[Mock Data] Grade has data: false
[90mstdout[2m | src/components/InstructorDashboard.stories.jsx[2m > [22m[2mMobile Viewport
[22m[39m[Mock Data] Total grades in store: 21
[90mstdout[2m | src/components/InstructorDashboard.stories.jsx[2m > [22m[2mMobile Viewport
[22m[39m[Mock Data] Seeded grade: grade-22 for unit: unit-1
[90mstdout[2m | src/components/InstructorDashboard.stories.jsx[2m > [22m[2mMobile Viewport
[22m[39m[Mock Data] Grade has data: false
[90mstdout[2m | src/components/InstructorDashboard.stories.jsx[2m > [22m[2mMobile Viewport
[22m[39m[Mock Data] Total grades in store: 22
[90mstdout[2m | src/components/InstructorDashboard.stories.jsx[2m > [22m[2mMobile Viewport
[22m[39m[Mock Data] Seeded grade: grade-23 for unit: unit-2
[90mstdout[2m | src/components/InstructorDashboard.stories.jsx[2m > [22m[2mMobile Viewport
[22m[39m[Mock Data] Grade has data: false
[90mstdout[2m | src/components/InstructorDashboard.stories.jsx[2m > [22m[2mMobile Viewport
[22m[39m[Mock Data] Total grades in store: 23
[90mstdout[2m | src/components/InstructorDashboard.stories.jsx[2m > [22m[2mMobile Viewport
[22m[39m[Mock Data] Seeded grade: grade-24 for unit: unit-4
[90mstdout[2m | src/components/InstructorDashboard.stories.jsx[2m > [22m[2mMobile Viewport
[22m[39m[Mock Data] Grade has data: false
[90mstdout[2m | src/components/InstructorDashboard.stories.jsx[2m > [22m[2mMobile Viewport
[22m[39m[Mock Data] Total grades in store: 24
[90mstdout[2m | src/components/InstructorDashboard.stories.jsx[2m > [22m[2mMobile Viewport
[22m[39m[Mock Data] Seeded grade: grade-25 for unit: unit-5
[90mstdout[2m | src/components/InstructorDashboard.stories.jsx[2m > [22m[2mMobile Viewport
[22m[39m[Mock Data] Grade has data: false
[90mstdout[2m | src/components/InstructorDashboard.stories.jsx[2m > [22m[2mMobile Viewport
[22m[39m[Mock Data] Total grades in store: 25
[90mstdout[2m | src/components/InstructorDashboard.stories.jsx[2m > [22m[2mMobile Viewport
[22m[39m[Mock Data] Seeded grade: grade-26 for unit: unit-4
[90mstdout[2m | src/components/InstructorDashboard.stories.jsx[2m > [22m[2mMobile Viewport
[22m[39m[Mock Data] Grade has data: false
[90mstdout[2m | src/components/InstructorDashboard.stories.jsx[2m > [22m[2mMobile Viewport
[22m[39m[Mock Data] Total grades in store: 26
[90mstdout[2m | src/components/InstructorDashboard.stories.jsx[2m > [22m[2mMobile Viewport
[22m[39m[Mock Data] Seeded grade: grade-27 for unit: unit-5
[90mstdout[2m | src/components/InstructorDashboard.stories.jsx[2m > [22m[2mMobile Viewport
[22m[39m[Mock Data] Grade has data: false
[90mstdout[2m | src/components/InstructorDashboard.stories.jsx[2m > [22m[2mMobile Viewport
[22m[39m[Mock Data] Total grades in store: 27
[90mstdout[2m | src/components/InstructorDashboard.stories.jsx[2m > [22m[2mMobile Viewport
[22m[39m[Mock Data] Seeded grade: grade-28 for unit: unit-4
[90mstdout[2m | src/components/InstructorDashboard.stories.jsx[2m > [22m[2mMobile Viewport
[22m[39m[Mock Data] Grade has data: false
[90mstdout[2m | src/components/InstructorDashboard.stories.jsx[2m > [22m[2mMobile Viewport
[22m[39m[Mock Data] Total grades in store: 28
[90mstdout[2m | src/components/InstructorDashboard.stories.jsx[2m > [22m[2mMobile Viewport
[22m[39m[Mock Data] Seeded grade: grade-29 for unit: unit-5
[90mstdout[2m | src/components/InstructorDashboard.stories.jsx[2m > [22m[2mMobile Viewport
[22m[39m[Mock Data] Grade has data: false
[90mstdout[2m | src/components/InstructorDashboard.stories.jsx[2m > [22m[2mMobile Viewport
[22m[39m[Mock Data] Total grades in store: 29
[90mstdout[2m | src/components/InstructorDashboard.stories.jsx[2m > [22m[2mMobile Viewport
[22m[39m[Mock Data] Seeded grade: grade-30 for unit: unit-4
[90mstdout[2m | src/components/InstructorDashboard.stories.jsx[2m > [22m[2mMobile Viewport
[22m[39m[Mock Data] Grade has data: false
[90mstdout[2m | src/components/InstructorDashboard.stories.jsx[2m > [22m[2mMobile Viewport
[22m[39m[Mock Data] Total grades in store: 30
[90mstdout[2m | src/components/InstructorDashboard.stories.jsx[2m > [22m[2mMobile Viewport
[22m[39m[Mock Data] Seeded grade: grade-31 for unit: unit-5
[90mstdout[2m | src/components/InstructorDashboard.stories.jsx[2m > [22m[2mMobile Viewport
[22m[39m[Mock Data] Grade has data: false
[90mstdout[2m | src/components/InstructorDashboard.stories.jsx[2m > [22m[2mMobile Viewport
[22m[39m[Mock Data] Total grades in store: 31
[90mstdout[2m | src/components/InstructorDashboard.stories.jsx[2m > [22m[2mMobile Viewport
[22m[39m[Mock Data] Seeded grade: grade-32 for unit: unit-2
[90mstdout[2m | src/components/InstructorDashboard.stories.jsx[2m > [22m[2mMobile Viewport
[22m[39m[Mock Data] Grade has data: false
[90mstdout[2m | src/components/InstructorDashboard.stories.jsx[2m > [22m[2mMobile Viewport
[22m[39m[Mock Data] Total grades in store: 32
[90mstdout[2m | src/components/InstructorDashboard.stories.jsx[2m > [22m[2mMobile Viewport
[22m[39m[TranslationModeController] Setting mode to: off
[90mstdout[2m | src/components/InstructorDashboard.stories.jsx[2m > [22m[2mMobile Viewport
[22m[39m[UnitContext] useEffect triggered {
  "authLoading": false,
  "hasUser": true,
  "id": "mock-unit-id",
  "userSub": "mock-user-sub",
}
[90mstdout[2m | src/components/InstructorDashboard.stories.jsx[2m > [22m[2mMobile Viewport
[22m[39m[UnitContext] Fetching unit data for id: mock-unit-id
[90mstdout[2m | src/components/InstructorDashboard.stories.jsx[2m > [22m[2mMobile Viewport
[22m[39m[FilesContext] Initializing vector store from IndexedDB
[90mstdout[2m | src/components/InstructorDashboard.stories.jsx[2m > [22m[2mMobile Viewport
[22m[39m[FilesContext] fetchFiles called
[90mstdout[2m | src/components/InstructorDashboard.stories.jsx[2m > [22m[2mMobile Viewport
[22m[39m[FilesContext] User authenticated: mock-user-sub
[90mstdout[2m | src/components/InstructorDashboard.stories.jsx[2m > [22m[2mMobile Viewport
[22m[39m[FilesContext] Identity ID: us-east-1:mock-identity-123
[90mstdout[2m | src/components/InstructorDashboard.stories.jsx[2m > [22m[2mMobile Viewport
[22m[39m[FilesContext] About to set up File observeQuery
[90mstdout[2m | src/components/InstructorDashboard.stories.jsx[2m > [22m[2mMobile Viewport
[22m[39m[ChatContext] Setting up AssistantChat observeQuery
[90mstdout[2m | src/components/InstructorDashboard.stories.jsx[2m > [22m[2mMobile Viewport
[22m[39m[ChatContext] Waiting for subscription to initialize
[90mstdout[2m | src/components/InstructorDashboard.stories.jsx[2m > [22m[2mMobile Viewport
[22m[39m[SettingsContext] Setting up Settings subscription for user: mock-user-sub
[90mstdout[2m | src/components/InstructorDashboard.stories.jsx[2m > [22m[2mMobile Viewport
[22m[39m[Mock Data] Settings created: mock-settings-1790417346998 - notified 0 subscribers
[90mstdout[2m | src/components/InstructorDashboard.stories.jsx[2m > [22m[2mMobile Viewport
[22m[39m[Mock Data] Unit.onUpdate() subscription added. Total: 1
[90mstdout[2m | src/components/InstructorDashboard.stories.jsx[2m > [22m[2mMobile Viewport
[22m[39m[SectionContext] Section observeQuery update: 0
[90mstdout[2m | src/components/InstructorDashboard.stories.jsx[2m > [22m[2mMobile Viewport
[22m[39m[FilesContext] File observeQuery update: 6 files
[90mstdout[2m | src/components/InstructorDashboard.stories.jsx[2m > [22m[2mMobile Viewport
[22m[39m[ChatContext] AssistantChat initialized with 1 chats
[90mstdout[2m | src/components/InstructorDashboard.stories.jsx[2m > [22m[2mMobile Viewport
[22m[39m[ChatContext] Setting initial chat: chat-flagged-1
[90mstdout[2m | src/components/InstructorDashboard.stories.jsx[2m > [22m[2mMobile Viewport
[22m[39m[MOCK CourseVectorStore] Initialized with mock data
[90mstdout[2m | src/components/InstructorDashboard.stories.jsx[2m > [22m[2mMobile Viewport
[22m[39m[FilesContext] Vector store population triggered {
  "currentVectorStoreSize": 3,
  "documentsCount": 0,
  "filesCount": 6,
  "isInitialLoad": true,
}
[90mstdout[2m | src/components/InstructorDashboard.stories.jsx[2m > [22m[2mMobile Viewport
[22m[39m[FilesContext] Vector store population complete - 3 total embeddings
[90mstdout[2m | src/components/InstructorDashboard.stories.jsx[2m > [22m[2mMobile Viewport
[22m[39m[ChatContext] Chat exists and not archived, skipping creation
[90mstdout[2m | src/components/InstructorDashboard.stories.jsx[2m > [22m[2mMobile Viewport
[22m[39m[Mock Storage] downloadData called with: undefined
[90mstdout[2m | src/components/InstructorDashboard.stories.jsx[2m > [22m[2mTablet Viewport
[22m[39m[ChatContext] Cleaning up subscriptions
[90mstdout[2m | src/components/InstructorDashboard.stories.jsx[2m > [22m[2mTablet Viewport
[22m[39m[Mock Data] Unit.onUpdate() subscription removed. Remaining: 0
[90mstdout[2m | src/components/InstructorDashboard.stories.jsx[2m > [22m[2mTablet Viewport
[22m[39m[MOCK CourseVectorStore] Initialized with mock data
[90mstdout[2m | src/components/InstructorDashboard.stories.jsx[2m > [22m[2mTablet Viewport
[22m[39m[Mock Data] seedMockUnit: Adding unit unit-1
[90mstdout[2m | src/components/InstructorDashboard.stories.jsx[2m > [22m[2mTablet Viewport
[22m[39m[Mock Data] seedMockUnit: Adding unit unit-2
[90mstdout[2m | src/components/InstructorDashboard.stories.jsx[2m > [22m[2mTablet Viewport
[22m[39m[Mock Data] seedMockUnit: Adding unit unit-3
[90mstdout[2m | src/components/InstructorDashboard.stories.jsx[2m > [22m[2mTablet Viewport
[22m[39m[Mock Data] seedMockUnit: Adding unit unit-4
[90mstdout[2m | src/components/InstructorDashboard.stories.jsx[2m > [22m[2mTablet Viewport
[22m[39m[Mock Data] seedMockUnit: Adding unit unit-5
[90mstdout[2m | src/components/InstructorDashboard.stories.jsx[2m > [22m[2mTablet Viewport
[22m[39m[Mock Data] seedMockAssignments: Adding 7 assignments
[90mstdout[2m | src/components/InstructorDashboard.stories.jsx[2m > [22m[2mTablet Viewport
[22m[39m[Mock Data] Total assignments in store: 7
[90mstdout[2m | src/components/InstructorDashboard.stories.jsx[2m > [22m[2mTablet Viewport
[22m[39m[Mock Data] Seeded grade: grade-1 for unit: unit-1
[90mstdout[2m | src/components/InstructorDashboard.stories.jsx[2m > [22m[2mTablet Viewport
[22m[39m[Mock Data] Grade has data: false
[90mstdout[2m | src/components/InstructorDashboard.stories.jsx[2m > [22m[2mTablet Viewport
[22m[39m[Mock Data] Total grades in store: 1
[90mstdout[2m | src/components/InstructorDashboard.stories.jsx[2m > [22m[2mTablet Viewport
[22m[39m[Mock Data] Seeded grade: grade-2 for unit: unit-2
[90mstdout[2m | src/components/InstructorDashboard.stories.jsx[2m > [22m[2mTablet Viewport
[22m[39m[Mock Data] Grade has data: false
[90mstdout[2m | src/components/InstructorDashboard.stories.jsx[2m > [22m[2mTablet Viewport
[22m[39m[Mock Data] Total grades in store: 2
[90mstdout[2m | src/components/InstructorDashboard.stories.jsx[2m > [22m[2mTablet Viewport
[22m[39m[Mock Data] Seeded grade: grade-3 for unit: unit-3
[90mstdout[2m | src/components/InstructorDashboard.stories.jsx[2m > [22m[2mTablet Viewport
[22m[39m[Mock Data] Grade has data: false
[90mstdout[2m | src/components/InstructorDashboard.stories.jsx[2m > [22m[2mTablet Viewport
[22m[39m[Mock Data] Total grades in store: 3
[90mstdout[2m | src/components/InstructorDashboard.stories.jsx[2m > [22m[2mTablet Viewport
[22m[39m[Mock Data] Seeded grade: grade-4 for unit: unit-1
[90mstdout[2m | src/components/InstructorDashboard.stories.jsx[2m > [22m[2mTablet Viewport
[22m[39m[Mock Data] Grade has data: false
[90mstdout[2m | src/components/InstructorDashboard.stories.jsx[2m > [22m[2mTablet Viewport
[22m[39m[Mock Data] Total grades in store: 4
[90mstdout[2m | src/components/InstructorDashboard.stories.jsx[2m > [22m[2mTablet Viewport
[22m[39m[Mock Data] Seeded grade: grade-5 for unit: unit-2
[90mstdout[2m | src/components/InstructorDashboard.stories.jsx[2m > [22m[2mTablet Viewport
[22m[39m[Mock Data] Grade has data: false
[90mstdout[2m | src/components/InstructorDashboard.stories.jsx[2m > [22m[2mTablet Viewport
[22m[39m[Mock Data] Total grades in store: 5
[90mstdout[2m | src/components/InstructorDashboard.stories.jsx[2m > [22m[2mTablet Viewport
[22m[39m[Mock Data] Seeded grade: grade-6 for unit: unit-3
[90mstdout[2m | src/components/InstructorDashboard.stories.jsx[2m > [22m[2mTablet Viewport
[22m[39m[Mock Data] Grade has data: false
[90mstdout[2m | src/components/InstructorDashboard.stories.jsx[2m > [22m[2mTablet Viewport
[22m[39m[Mock Data] Total grades in store: 6
[90mstdout[2m | src/components/InstructorDashboard.stories.jsx[2m > [22m[2mTablet Viewport
[22m[39m[Mock Data] Seeded grade: grade-7 for unit: unit-1
[90mstdout[2m | src/components/InstructorDashboard.stories.jsx[2m > [22m[2mTablet Viewport
[22m[39m[Mock Data] Grade has data: false
[90mstdout[2m | src/components/InstructorDashboard.stories.jsx[2m > [22m[2mTablet Viewport
[22m[39m[Mock Data] Total grades in store: 7
[90mstdout[2m | src/components/InstructorDashboard.stories.jsx[2m > [22m[2mTablet Viewport
[22m[39m[Mock Data] Seeded grade: grade-8 for unit: unit-2
[90mstdout[2m | src/components/InstructorDashboard.stories.jsx[2m > [22m[2mTablet Viewport
[22m[39m[Mock Data] Grade has data: false
[90mstdout[2m | src/components/InstructorDashboard.stories.jsx[2m > [22m[2mTablet Viewport
[22m[39m[Mock Data] Total grades in store: 8
[90mstdout[2m | src/components/InstructorDashboard.stories.jsx[2m > [22m[2mTablet Viewport
[22m[39m[Mock Data] Seeded grade: grade-9 for unit: unit-3
[90mstdout[2m | src/components/InstructorDashboard.stories.jsx[2m > [22m[2mTablet Viewport
[22m[39m[Mock Data] Grade has data: false
[90mstdout[2m | src/components/InstructorDashboard.stories.jsx[2m > [22m[2mTablet Viewport
[22m[39m[Mock Data] Total grades in store: 9
[90mstdout[2m | src/components/InstructorDashboard.stories.jsx[2m > [22m[2mTablet Viewport
[22m[39m[Mock Data] Seeded grade: grade-10 for unit: unit-1
[90mstdout[2m | src/components/InstructorDashboard.stories.jsx[2m > [22m[2mTablet Viewport
[22m[39m[Mock Data] Grade has data: false
[90mstdout[2m | src/components/InstructorDashboard.stories.jsx[2m > [22m[2mTablet Viewport
[22m[39m[Mock Data] Total grades in store: 10
[90mstdout[2m | src/components/InstructorDashboard.stories.jsx[2m > [22m[2mTablet Viewport
[22m[39m[Mock Data] Seeded grade: grade-11 for unit: unit-2
[90mstdout[2m | src/components/InstructorDashboard.stories.jsx[2m > [22m[2mTablet Viewport
[22m[39m[Mock Data] Grade has data: false
[90mstdout[2m | src/components/InstructorDashboard.stories.jsx[2m > [22m[2mTablet Viewport
[22m[39m[Mock Data] Total grades in store: 11
[90mstdout[2m | src/components/InstructorDashboard.stories.jsx[2m > [22m[2mTablet Viewport
[22m[39m[Mock Data] Seeded grade: grade-12 for unit: unit-3
[90mstdout[2m | src/components/InstructorDashboard.stories.jsx[2m > [22m[2mTablet Viewport
[22m[39m[Mock Data] Grade has data: false
[90mstdout[2m | src/components/InstructorDashboard.stories.jsx[2m > [22m[2mTablet Viewport
[22m[39m[Mock Data] Total grades in store: 12
[90mstdout[2m | src/components/InstructorDashboard.stories.jsx[2m > [22m[2mTablet Viewport
[22m[39m[Mock Data] Seeded grade: grade-13 for unit: unit-1
[90mstdout[2m | src/components/InstructorDashboard.stories.jsx[2m > [22m[2mTablet Viewport
[22m[39m[Mock Data] Grade has data: false
[90mstdout[2m | src/components/InstructorDashboard.stories.jsx[2m > [22m[2mTablet Viewport
[22m[39m[Mock Data] Total grades in store: 13
[90mstdout[2m | src/components/InstructorDashboard.stories.jsx[2m > [22m[2mTablet Viewport
[22m[39m[Mock Data] Seeded grade: grade-14 for unit: unit-2
[90mstdout[2m | src/components/InstructorDashboard.stories.jsx[2m > [22m[2mTablet Viewport
[22m[39m[Mock Data] Grade has data: false
[90mstdout[2m | src/components/InstructorDashboard.stories.jsx[2m > [22m[2mTablet Viewport
[22m[39m[Mock Data] Total grades in store: 14
[90mstdout[2m | src/components/InstructorDashboard.stories.jsx[2m > [22m[2mTablet Viewport
[22m[39m[Mock Data] Seeded grade: grade-15 for unit: unit-3
[90mstdout[2m | src/components/InstructorDashboard.stories.jsx[2m > [22m[2mTablet Viewport
[22m[39m[Mock Data] Grade has data: false
[90mstdout[2m | src/components/InstructorDashboard.stories.jsx[2m > [22m[2mTablet Viewport
[22m[39m[Mock Data] Total grades in store: 15
[90mstdout[2m | src/components/InstructorDashboard.stories.jsx[2m > [22m[2mTablet Viewport
[22m[39m[Mock Data] Seeded grade: grade-16 for unit: unit-1
[90mstdout[2m | src/components/InstructorDashboard.stories.jsx[2m > [22m[2mTablet Viewport
[22m[39m[Mock Data] Grade has data: false
[90mstdout[2m | src/components/InstructorDashboard.stories.jsx[2m > [22m[2mTablet Viewport
[22m[39m[Mock Data] Total grades in store: 16
[90mstdout[2m | src/components/InstructorDashboard.stories.jsx[2m > [22m[2mTablet Viewport
[22m[39m[Mock Data] Seeded grade: grade-17 for unit: unit-2
[90mstdout[2m | src/components/InstructorDashboard.stories.jsx[2m > [22m[2mTablet Viewport
[22m[39m[Mock Data] Grade has data: false
[90mstdout[2m | src/components/InstructorDashboard.stories.jsx[2m > [22m[2mTablet Viewport
[22m[39m[Mock Data] Total grades in store: 17
[90mstdout[2m | src/components/InstructorDashboard.stories.jsx[2m > [22m[2mTablet Viewport
[22m[39m[Mock Data] Seeded grade: grade-18 for unit: unit-1
[90mstdout[2m | src/components/InstructorDashboard.stories.jsx[2m > [22m[2mTablet Viewport
[22m[39m[Mock Data] Grade has data: false
[90mstdout[2m | src/components/InstructorDashboard.stories.jsx[2m > [22m[2mTablet Viewport
[22m[39m[Mock Data] Total grades in store: 18
[90mstdout[2m | src/components/InstructorDashboard.stories.jsx[2m > [22m[2mTablet Viewport
[22m[39m[Mock Data] Seeded grade: grade-19 for unit: unit-2
[90mstdout[2m | src/components/InstructorDashboard.stories.jsx[2m > [22m[2mTablet Viewport
[22m[39m[Mock Data] Grade has data: false
[90mstdout[2m | src/components/InstructorDashboard.stories.jsx[2m > [22m[2mTablet Viewport
[22m[39m[Mock Data] Total grades in store: 19
[90mstdout[2m | src/components/InstructorDashboard.stories.jsx[2m > [22m[2mTablet Viewport
[22m[39m[Mock Data] Seeded grade: grade-20 for unit: unit-1
[90mstdout[2m | src/components/InstructorDashboard.stories.jsx[2m > [22m[2mTablet Viewport
[22m[39m[Mock Data] Grade has data: false
[90mstdout[2m | src/components/InstructorDashboard.stories.jsx[2m > [22m[2mTablet Viewport
[22m[39m[Mock Data] Total grades in store: 20
[90mstdout[2m | src/components/InstructorDashboard.stories.jsx[2m > [22m[2mTablet Viewport
[22m[39m[Mock Data] Seeded grade: grade-21 for unit: unit-2
[90mstdout[2m | src/components/InstructorDashboard.stories.jsx[2m > [22m[2mTablet Viewport
[22m[39m[Mock Data] Grade has data: false
[90mstdout[2m | src/components/InstructorDashboard.stories.jsx[2m > [22m[2mTablet Viewport
[22m[39m[Mock Data] Total grades in store: 21
[90mstdout[2m | src/components/InstructorDashboard.stories.jsx[2m > [22m[2mTablet Viewport
[22m[39m[Mock Data] Seeded grade: grade-22 for unit: unit-1
[90mstdout[2m | src/components/InstructorDashboard.stories.jsx[2m > [22m[2mTablet Viewport
[22m[39m[Mock Data] Grade has data: false
[90mstdout[2m | src/components/InstructorDashboard.stories.jsx[2m > [22m[2mTablet Viewport
[22m[39m[Mock Data] Total grades in store: 22
[90mstdout[2m | src/components/InstructorDashboard.stories.jsx[2m > [22m[2mTablet Viewport
[22m[39m[Mock Data] Seeded grade: grade-23 for unit: unit-2
[90mstdout[2m | src/components/InstructorDashboard.stories.jsx[2m > [22m[2mTablet Viewport
[22m[39m[Mock Data] Grade has data: false
[90mstdout[2m | src/components/InstructorDashboard.stories.jsx[2m > [22m[2mTablet Viewport
[22m[39m[Mock Data] Total grades in store: 23
[90mstdout[2m | src/components/InstructorDashboard.stories.jsx[2m > [22m[2mTablet Viewport
[22m[39m[Mock Data] Seeded grade: grade-24 for unit: unit-4
[90mstdout[2m | src/components/InstructorDashboard.stories.jsx[2m > [22m[2mTablet Viewport
[22m[39m[Mock Data] Grade has data: false
[90mstdout[2m | src/components/InstructorDashboard.stories.jsx[2m > [22m[2mTablet Viewport
[22m[39m[Mock Data] Total grades in store: 24
[90mstdout[2m | src/components/InstructorDashboard.stories.jsx[2m > [22m[2mTablet Viewport
[22m[39m[Mock Data] Seeded grade: grade-25 for unit: unit-5
[90mstdout[2m | src/components/InstructorDashboard.stories.jsx[2m > [22m[2mTablet Viewport
[22m[39m[Mock Data] Grade has data: false
[90mstdout[2m | src/components/InstructorDashboard.stories.jsx[2m > [22m[2mTablet Viewport
[22m[39m[Mock Data] Total grades in store: 25
[90mstdout[2m | src/components/InstructorDashboard.stories.jsx[2m > [22m[2mTablet Viewport
[22m[39m[Mock Data] Seeded grade: grade-26 for unit: unit-4
[90mstdout[2m | src/components/InstructorDashboard.stories.jsx[2m > [22m[2mTablet Viewport
[22m[39m[Mock Data] Grade has data: false
[90mstdout[2m | src/components/InstructorDashboard.stories.jsx[2m > [22m[2mTablet Viewport
[22m[39m[Mock Data] Total grades in store: 26
[90mstdout[2m | src/components/InstructorDashboard.stories.jsx[2m > [22m[2mTablet Viewport
[22m[39m[Mock Data] Seeded grade: grade-27 for unit: unit-5
[90mstdout[2m | src/components/InstructorDashboard.stories.jsx[2m > [22m[2mTablet Viewport
[22m[39m[Mock Data] Grade has data: false
[90mstdout[2m | src/components/InstructorDashboard.stories.jsx[2m > [22m[2mTablet Viewport
[22m[39m[Mock Data] Total grades in store: 27
[90mstdout[2m | src/components/InstructorDashboard.stories.jsx[2m > [22m[2mTablet Viewport
[22m[39m[Mock Data] Seeded grade: grade-28 for unit: unit-4
[90mstdout[2m | src/components/InstructorDashboard.stories.jsx[2m > [22m[2mTablet Viewport
[22m[39m[Mock Data] Grade has data: false
[90mstdout[2m | src/components/InstructorDashboard.stories.jsx[2m > [22m[2mTablet Viewport
[22m[39m[Mock Data] Total grades in store: 28
[90mstdout[2m | src/components/InstructorDashboard.stories.jsx[2m > [22m[2mTablet Viewport
[22m[39m[Mock Data] Seeded grade: grade-29 for unit: unit-5
[90mstdout[2m | src/components/InstructorDashboard.stories.jsx[2m > [22m[2mTablet Viewport
[22m[39m[Mock Data] Grade has data: false
[90mstdout[2m | src/components/InstructorDashboard.stories.jsx[2m > [22m[2mTablet Viewport
[22m[39m[Mock Data] Total grades in store: 29
[90mstdout[2m | src/components/InstructorDashboard.stories.jsx[2m > [22m[2mTablet Viewport
[22m[39m[Mock Data] Seeded grade: grade-30 for unit: unit-4
[90mstdout[2m | src/components/InstructorDashboard.stories.jsx[2m > [22m[2mTablet Viewport
[22m[39m[Mock Data] Grade has data: false
[90mstdout[2m | src/components/InstructorDashboard.stories.jsx[2m > [22m[2mTablet Viewport
[22m[39m[Mock Data] Total grades in store: 30
[90mstdout[2m | src/components/InstructorDashboard.stories.jsx[2m > [22m[2mTablet Viewport
[22m[39m[Mock Data] Seeded grade: grade-31 for unit: unit-5
[90mstdout[2m | src/components/InstructorDashboard.stories.jsx[2m > [22m[2mTablet Viewport
[22m[39m[Mock Data] Grade has data: false
[90mstdout[2m | src/components/InstructorDashboard.stories.jsx[2m > [22m[2mTablet Viewport
[22m[39m[Mock Data] Total grades in store: 31
[90mstdout[2m | src/components/InstructorDashboard.stories.jsx[2m > [22m[2mTablet Viewport
[22m[39m[Mock Data] Seeded grade: grade-32 for unit: unit-2
[90mstdout[2m | src/components/InstructorDashboard.stories.jsx[2m > [22m[2mTablet Viewport
[22m[39m[Mock Data] Grade has data: false
[90mstdout[2m | src/components/InstructorDashboard.stories.jsx[2m > [22m[2mTablet Viewport
[22m[39m[Mock Data] Total grades in store: 32
[90mstdout[2m | src/components/InstructorDashboard.stories.jsx[2m > [22m[2mTablet Viewport
[22m[39m[TranslationModeController] Setting mode to: off
[90mstdout[2m | src/components/InstructorDashboard.stories.jsx[2m > [22m[2mTablet Viewport
[22m[39m[UnitContext] useEffect triggered {
  "authLoading": false,
  "hasUser": true,
  "id": "mock-unit-id",
  "userSub": "mock-user-sub",
}
[90mstdout[2m | src/components/InstructorDashboard.stories.jsx[2m > [22m[2mTablet Viewport
[22m[39m[UnitContext] Fetching unit data for id: mock-unit-id
[90mstdout[2m | src/components/InstructorDashboard.stories.jsx[2m > [22m[2mTablet Viewport
[22m[39m[FilesContext] Initializing vector store from IndexedDB
[90mstdout[2m | src/components/InstructorDashboard.stories.jsx[2m > [22m[2mTablet Viewport
[22m[39m[FilesContext] fetchFiles called
[90mstdout[2m | src/components/InstructorDashboard.stories.jsx[2m > [22m[2mTablet Viewport
[22m[39m[FilesContext] User authenticated: mock-user-sub
[90mstdout[2m | src/components/InstructorDashboard.stories.jsx[2m > [22m[2mTablet Viewport
[22m[39m[FilesContext] Identity ID: us-east-1:mock-identity-123
[90mstdout[2m | src/components/InstructorDashboard.stories.jsx[2m > [22m[2mTablet Viewport
[22m[39m[FilesContext] About to set up File observeQuery
[90mstdout[2m | src/components/InstructorDashboard.stories.jsx[2m > [22m[2mTablet Viewport
[22m[39m[ChatContext] Setting up AssistantChat observeQuery
[90mstdout[2m | src/components/InstructorDashboard.stories.jsx[2m > [22m[2mTablet Viewport
[22m[39m[ChatContext] Waiting for subscription to initialize
[90mstdout[2m | src/components/InstructorDashboard.stories.jsx[2m > [22m[2mTablet Viewport
[22m[39m[SettingsContext] Setting up Settings subscription for user: mock-user-sub
[90mstdout[2m | src/components/InstructorDashboard.stories.jsx[2m > [22m[2mTablet Viewport
[22m[39m[Mock Data] Settings created: mock-settings-1790417348954 - notified 0 subscribers
[90mstdout[2m | src/components/InstructorDashboard.stories.jsx[2m > [22m[2mTablet Viewport
[22m[39m[Mock Data] Unit.onUpdate() subscription added. Total: 1
[90mstdout[2m | src/components/InstructorDashboard.stories.jsx[2m > [22m[2mTablet Viewport
[22m[39m[SectionContext] Section observeQuery update: 0
[90mstdout[2m | src/components/InstructorDashboard.stories.jsx[2m > [22m[2mTablet Viewport
[22m[39m[FilesContext] File observeQuery update: 6 files
[90mstdout[2m | src/components/InstructorDashboard.stories.jsx[2m > [22m[2mTablet Viewport
[22m[39m[ChatContext] AssistantChat initialized with 1 chats
[90mstdout[2m | src/components/InstructorDashboard.stories.jsx[2m > [22m[2mTablet Viewport
[22m[39m[ChatContext] Setting initial chat: chat-flagged-1
[90mstdout[2m | src/components/InstructorDashboard.stories.jsx[2m > [22m[2mTablet Viewport
[22m[39m[MOCK CourseVectorStore] Initialized with mock data
[90mstdout[2m | src/components/InstructorDashboard.stories.jsx[2m > [22m[2mTablet Viewport
[22m[39m[FilesContext] Vector store population triggered {
  "currentVectorStoreSize": 3,
  "documentsCount": 0,
  "filesCount": 6,
  "isInitialLoad": true,
}
[90mstdout[2m | src/components/InstructorDashboard.stories.jsx[2m > [22m[2mTablet Viewport
[22m[39m[FilesContext] Vector store population complete - 3 total embeddings
[90mstdout[2m | src/components/InstructorDashboard.stories.jsx[2m > [22m[2mTablet Viewport
[22m[39m[ChatContext] Chat exists and not archived, skipping creation
[90mstdout[2m | src/components/InstructorDashboard.stories.jsx[2m > [22m[2mTablet Viewport
[22m[39m[Mock Storage] downloadData called with: undefined
[90mstdout[2m | src/components/InstructorDashboard.stories.jsx[2m > [22m[2mDesktop Viewport
[22m[39m[ChatContext] Cleaning up subscriptions
[90mstdout[2m | src/components/InstructorDashboard.stories.jsx[2m > [22m[2mDesktop Viewport
[22m[39m[Mock Data] Unit.onUpdate() subscription removed. Remaining: 0
[90mstdout[2m | src/components/InstructorDashboard.stories.jsx[2m > [22m[2mDesktop Viewport
[22m[39m[MOCK CourseVectorStore] Initialized with mock data
[90mstdout[2m | src/components/InstructorDashboard.stories.jsx[2m > [22m[2mDesktop Viewport
[22m[39m[Mock Data] seedMockUnit: Adding unit unit-1
[90mstdout[2m | src/components/InstructorDashboard.stories.jsx[2m > [22m[2mDesktop Viewport
[22m[39m[Mock Data] seedMockUnit: Adding unit unit-2
[90mstdout[2m | src/components/InstructorDashboard.stories.jsx[2m > [22m[2mDesktop Viewport
[22m[39m[Mock Data] seedMockUnit: Adding unit unit-3
[90mstdout[2m | src/components/InstructorDashboard.stories.jsx[2m > [22m[2mDesktop Viewport
[22m[39m[Mock Data] seedMockUnit: Adding unit unit-4
[90mstdout[2m | src/components/InstructorDashboard.stories.jsx[2m > [22m[2mDesktop Viewport
[22m[39m[Mock Data] seedMockUnit: Adding unit unit-5
[90mstdout[2m | src/components/InstructorDashboard.stories.jsx[2m > [22m[2mDesktop Viewport
[22m[39m[Mock Data] seedMockAssignments: Adding 7 assignments
[90mstdout[2m | src/components/InstructorDashboard.stories.jsx[2m > [22m[2mDesktop Viewport
[22m[39m[Mock Data] Total assignments in store: 7
[90mstdout[2m | src/components/InstructorDashboard.stories.jsx[2m > [22m[2mDesktop Viewport
[22m[39m[Mock Data] Seeded grade: grade-1 for unit: unit-1
[90mstdout[2m | src/components/InstructorDashboard.stories.jsx[2m > [22m[2mDesktop Viewport
[22m[39m[Mock Data] Grade has data: false
[90mstdout[2m | src/components/InstructorDashboard.stories.jsx[2m > [22m[2mDesktop Viewport
[22m[39m[Mock Data] Total grades in store: 1
[90mstdout[2m | src/components/InstructorDashboard.stories.jsx[2m > [22m[2mDesktop Viewport
[22m[39m[Mock Data] Seeded grade: grade-2 for unit: unit-2
[90mstdout[2m | src/components/InstructorDashboard.stories.jsx[2m > [22m[2mDesktop Viewport
[22m[39m[Mock Data] Grade has data: false
[90mstdout[2m | src/components/InstructorDashboard.stories.jsx[2m > [22m[2mDesktop Viewport
[22m[39m[Mock Data] Total grades in store: 2
[90mstdout[2m | src/components/InstructorDashboard.stories.jsx[2m > [22m[2mDesktop Viewport
[22m[39m[Mock Data] Seeded grade: grade-3 for unit: unit-3
[90mstdout[2m | src/components/InstructorDashboard.stories.jsx[2m > [22m[2mDesktop Viewport
[22m[39m[Mock Data] Grade has data: false
[90mstdout[2m | src/components/InstructorDashboard.stories.jsx[2m > [22m[2mDesktop Viewport
[22m[39m[Mock Data] Total grades in store: 3
[90mstdout[2m | src/components/InstructorDashboard.stories.jsx[2m > [22m[2mDesktop Viewport
[22m[39m[Mock Data] Seeded grade: grade-4 for unit: unit-1
[90mstdout[2m | src/components/InstructorDashboard.stories.jsx[2m > [22m[2mDesktop Viewport
[22m[39m[Mock Data] Grade has data: false
[90mstdout[2m | src/components/InstructorDashboard.stories.jsx[2m > [22m[2mDesktop Viewport
[22m[39m[Mock Data] Total grades in store: 4
[90mstdout[2m | src/components/InstructorDashboard.stories.jsx[2m > [22m[2mDesktop Viewport
[22m[39m[Mock Data] Seeded grade: grade-5 for unit: unit-2
[90mstdout[2m | src/components/InstructorDashboard.stories.jsx[2m > [22m[2mDesktop Viewport
[22m[39m[Mock Data] Grade has data: false
[90mstdout[2m | src/components/InstructorDashboard.stories.jsx[2m > [22m[2mDesktop Viewport
[22m[39m[Mock Data] Total grades in store: 5
[90mstdout[2m | src/components/InstructorDashboard.stories.jsx[2m > [22m[2mDesktop Viewport
[22m[39m[Mock Data] Seeded grade: grade-6 for unit: unit-3
[90mstdout[2m | src/components/InstructorDashboard.stories.jsx[2m > [22m[2mDesktop Viewport
[22m[39m[Mock Data] Grade has data: false
[90mstdout[2m | src/components/InstructorDashboard.stories.jsx[2m > [22m[2mDesktop Viewport
[22m[39m[Mock Data] Total grades in store: 6
[90mstdout[2m | src/components/InstructorDashboard.stories.jsx[2m > [22m[2mDesktop Viewport
[22m[39m[Mock Data] Seeded grade: grade-7 for unit: unit-1
[90mstdout[2m | src/components/InstructorDashboard.stories.jsx[2m > [22m[2mDesktop Viewport
[22m[39m[Mock Data] Grade has data: false
[90mstdout[2m | src/components/InstructorDashboard.stories.jsx[2m > [22m[2mDesktop Viewport
[22m[39m[Mock Data] Total grades in store: 7
[90mstdout[2m | src/components/InstructorDashboard.stories.jsx[2m > [22m[2mDesktop Viewport
[22m[39m[Mock Data] Seeded grade: grade-8 for unit: unit-2
[90mstdout[2m | src/components/InstructorDashboard.stories.jsx[2m > [22m[2mDesktop Viewport
[22m[39m[Mock Data] Grade has data: false
[90mstdout[2m | src/components/InstructorDashboard.stories.jsx[2m > [22m[2mDesktop Viewport
[22m[39m[Mock Data] Total grades in store: 8
[90mstdout[2m | src/components/InstructorDashboard.stories.jsx[2m > [22m[2mDesktop Viewport
[22m[39m[Mock Data] Seeded grade: grade-9 for unit: unit-3
[90mstdout[2m | src/components/InstructorDashboard.stories.jsx[2m > [22m[2mDesktop Viewport
[22m[39m[Mock Data] Grade has data: false
[90mstdout[2m | src/components/InstructorDashboard.stories.jsx[2m > [22m[2mDesktop Viewport
[22m[39m[Mock Data] Total grades in store: 9
[90mstdout[2m | src/components/InstructorDashboard.stories.jsx[2m > [22m[2mDesktop Viewport
[22m[39m[Mock Data] Seeded grade: grade-10 for unit: unit-1
[90mstdout[2m | src/components/InstructorDashboard.stories.jsx[2m > [22m[2mDesktop Viewport
[22m[39m[Mock Data] Grade has data: false
[90mstdout[2m | src/components/InstructorDashboard.stories.jsx[2m > [22m[2mDesktop Viewport
[22m[39m[Mock Data] Total grades in store: 10
[90mstdout[2m | src/components/InstructorDashboard.stories.jsx[2m > [22m[2mDesktop Viewport
[22m[39m[Mock Data] Seeded grade: grade-11 for unit: unit-2
[90mstdout[2m | src/components/InstructorDashboard.stories.jsx[2m > [22m[2mDesktop Viewport
[22m[39m[Mock Data] Grade has data: false
[90mstdout[2m | src/components/InstructorDashboard.stories.jsx[2m > [22m[2mDesktop Viewport
[22m[39m[Mock Data] Total grades in store: 11
[90mstdout[2m | src/components/InstructorDashboard.stories.jsx[2m > [22m[2mDesktop Viewport
[22m[39m[Mock Data] Seeded grade: grade-12 for unit: unit-3
[90mstdout[2m | src/components/InstructorDashboard.stories.jsx[2m > [22m[2mDesktop Viewport
[22m[39m[Mock Data] Grade has data: false
[90mstdout[2m | src/components/InstructorDashboard.stories.jsx[2m > [22m[2mDesktop Viewport
[22m[39m[Mock Data] Total grades in store: 12
[90mstdout[2m | src/components/InstructorDashboard.stories.jsx[2m > [22m[2mDesktop Viewport
[22m[39m[Mock Data] Seeded grade: grade-13 for unit: unit-1
[90mstdout[2m | src/components/InstructorDashboard.stories.jsx[2m > [22m[2mDesktop Viewport
[22m[39m[Mock Data] Grade has data: false
[90mstdout[2m | src/components/InstructorDashboard.stories.jsx[2m > [22m[2mDesktop Viewport
[22m[39m[Mock Data] Total grades in store: 13
[90mstdout[2m | src/components/InstructorDashboard.stories.jsx[2m > [22m[2mDesktop Viewport
[22m[39m[Mock Data] Seeded grade: grade-14 for unit: unit-2
[90mstdout[2m | src/components/InstructorDashboard.stories.jsx[2m > [22m[2mDesktop Viewport
[22m[39m[Mock Data] Grade has data: false
[90mstdout[2m | src/components/InstructorDashboard.stories.jsx[2m > [22m[2mDesktop Viewport
[22m[39m[Mock Data] Total grades in store: 14
[90mstdout[2m | src/components/InstructorDashboard.stories.jsx[2m > [22m[2mDesktop Viewport
[22m[39m[Mock Data] Seeded grade: grade-15 for unit: unit-3
[90mstdout[2m | src/components/InstructorDashboard.stories.jsx[2m > [22m[2mDesktop Viewport
[22m[39m[Mock Data] Grade has data: false
[90mstdout[2m | src/components/InstructorDashboard.stories.jsx[2m > [22m[2mDesktop Viewport
[22m[39m[Mock Data] Total grades in store: 15
[90mstdout[2m | src/components/InstructorDashboard.stories.jsx[2m > [22m[2mDesktop Viewport
[22m[39m[Mock Data] Seeded grade: grade-16 for unit: unit-1
[90mstdout[2m | src/components/InstructorDashboard.stories.jsx[2m > [22m[2mDesktop Viewport
[22m[39m[Mock Data] Grade has data: false
[90mstdout[2m | src/components/InstructorDashboard.stories.jsx[2m > [22m[2mDesktop Viewport
[22m[39m[Mock Data] Total grades in store: 16
[90mstdout[2m | src/components/InstructorDashboard.stories.jsx[2m > [22m[2mDesktop Viewport
[22m[39m[Mock Data] Seeded grade: grade-17 for unit: unit-2
[90mstdout[2m | src/components/InstructorDashboard.stories.jsx[2m > [22m[2mDesktop Viewport
[22m[39m[Mock Data] Grade has data: false
[90mstdout[2m | src/components/InstructorDashboard.stories.jsx[2m > [22m[2mDesktop Viewport
[22m[39m[Mock Data] Total grades in store: 17
[90mstdout[2m | src/components/InstructorDashboard.stories.jsx[2m > [22m[2mDesktop Viewport
[22m[39m[Mock Data] Seeded grade: grade-18 for unit: unit-1
[90mstdout[2m | src/components/InstructorDashboard.stories.jsx[2m > [22m[2mDesktop Viewport
[22m[39m[Mock Data] Grade has data: false
[90mstdout[2m | src/components/InstructorDashboard.stories.jsx[2m > [22m[2mDesktop Viewport
[22m[39m[Mock Data] Total grades in store: 18
[90mstdout[2m | src/components/InstructorDashboard.stories.jsx[2m > [22m[2mDesktop Viewport
[22m[39m[Mock Data] Seeded grade: grade-19 for unit: unit-2
[90mstdout[2m | src/components/InstructorDashboard.stories.jsx[2m > [22m[2mDesktop Viewport
[22m[39m[Mock Data] Grade has data: false
[90mstdout[2m | src/components/InstructorDashboard.stories.jsx[2m > [22m[2mDesktop Viewport
[22m[39m[Mock Data] Total grades in store: 19
[90mstdout[2m | src/components/InstructorDashboard.stories.jsx[2m > [22m[2mDesktop Viewport
[22m[39m[Mock Data] Seeded grade: grade-20 for unit: unit-1
[90mstdout[2m | src/components/InstructorDashboard.stories.jsx[2m > [22m[2mDesktop Viewport
[22m[39m[Mock Data] Grade has data: false
[90mstdout[2m | src/components/InstructorDashboard.stories.jsx[2m > [22m[2mDesktop Viewport
[22m[39m[Mock Data] Total grades in store: 20
[90mstdout[2m | src/components/InstructorDashboard.stories.jsx[2m > [22m[2mDesktop Viewport
[22m[39m[Mock Data] Seeded grade: grade-21 for unit: unit-2
[90mstdout[2m | src/components/InstructorDashboard.stories.jsx[2m > [22m[2mDesktop Viewport
[22m[39m[Mock Data] Grade has data: false
[90mstdout[2m | src/components/InstructorDashboard.stories.jsx[2m > [22m[2mDesktop Viewport
[22m[39m[Mock Data] Total grades in store: 21
[90mstdout[2m | src/components/InstructorDashboard.stories.jsx[2m > [22m[2mDesktop Viewport
[22m[39m[Mock Data] Seeded grade: grade-22 for unit: unit-1
[90mstdout[2m | src/components/InstructorDashboard.stories.jsx[2m > [22m[2mDesktop Viewport
[22m[39m[Mock Data] Grade has data: false
[90mstdout[2m | src/components/InstructorDashboard.stories.jsx[2m > [22m[2mDesktop Viewport
[22m[39m[Mock Data] Total grades in store: 22
[90mstdout[2m | src/components/InstructorDashboard.stories.jsx[2m > [22m[2mDesktop Viewport
[22m[39m[Mock Data] Seeded grade: grade-23 for unit: unit-2
[90mstdout[2m | src/components/InstructorDashboard.stories.jsx[2m > [22m[2mDesktop Viewport
[22m[39m[Mock Data] Grade has data: false
[90mstdout[2m | src/components/InstructorDashboard.stories.jsx[2m > [22m[2mDesktop Viewport
[22m[39m[Mock Data] Total grades in store: 23
[90mstdout[2m | src/components/InstructorDashboard.stories.jsx[2m > [22m[2mDesktop Viewport
[22m[39m[Mock Data] Seeded grade: grade-24 for unit: unit-4
[90mstdout[2m | src/components/InstructorDashboard.stories.jsx[2m > [22m[2mDesktop Viewport
[22m[39m[Mock Data] Grade has data: false
[90mstdout[2m | src/components/InstructorDashboard.stories.jsx[2m > [22m[2mDesktop Viewport
[22m[39m[Mock Data] Total grades in store: 24
[90mstdout[2m | src/components/InstructorDashboard.stories.jsx[2m > [22m[2mDesktop Viewport
[22m[39m[Mock Data] Seeded grade: grade-25 for unit: unit-5
[90mstdout[2m | src/components/InstructorDashboard.stories.jsx[2m > [22m[2mDesktop Viewport
[22m[39m[Mock Data] Grade has data: false
[90mstdout[2m | src/components/InstructorDashboard.stories.jsx[2m > [22m[2mDesktop Viewport
[22m[39m[Mock Data] Total grades in store: 25
[90mstdout[2m | src/components/InstructorDashboard.stories.jsx[2m > [22m[2mDesktop Viewport
[22m[39m[Mock Data] Seeded grade: grade-26 for unit: unit-4
[90mstdout[2m | src/components/InstructorDashboard.stories.jsx[2m > [22m[2mDesktop Viewport
[22m[39m[Mock Data] Grade has data: false
[90mstdout[2m | src/components/InstructorDashboard.stories.jsx[2m > [22m[2mDesktop Viewport
[22m[39m[Mock Data] Total grades in store: 26
[90mstdout[2m | src/components/InstructorDashboard.stories.jsx[2m > [22m[2mDesktop Viewport
[22m[39m[Mock Data] Seeded grade: grade-27 for unit: unit-5
[90mstdout[2m | src/components/InstructorDashboard.stories.jsx[2m > [22m[2mDesktop Viewport
[22m[39m[Mock Data] Grade has data: false
[90mstdout[2m | src/components/InstructorDashboard.stories.jsx[2m > [22m[2mDesktop Viewport
[22m[39m[Mock Data] Total grades in store: 27
[90mstdout[2m | src/components/InstructorDashboard.stories.jsx[2m > [22m[2mDesktop Viewport
[22m[39m[Mock Data] Seeded grade: grade-28 for unit: unit-4
[90mstdout[2m | src/components/InstructorDashboard.stories.jsx[2m > [22m[2mDesktop Viewport
[22m[39m[Mock Data] Grade has data: false
[90mstdout[2m | src/components/InstructorDashboard.stories.jsx[2m > [22m[2mDesktop Viewport
[22m[39m[Mock Data] Total grades in store: 28
[90mstdout[2m | src/components/InstructorDashboard.stories.jsx[2m > [22m[2mDesktop Viewport
[22m[39m[Mock Data] Seeded grade: grade-29 for unit: unit-5
[90mstdout[2m | src/components/InstructorDashboard.stories.jsx[2m > [22m[2mDesktop Viewport
[22m[39m[Mock Data] Grade has data: false
[90mstdout[2m | src/components/InstructorDashboard.stories.jsx[2m > [22m[2mDesktop Viewport
[22m[39m[Mock Data] Total grades in store: 29
[90mstdout[2m | src/components/InstructorDashboard.stories.jsx[2m > [22m[2mDesktop Viewport
[22m[39m[Mock Data] Seeded grade: grade-30 for unit: unit-4
[90mstdout[2m | src/components/InstructorDashboard.stories.jsx[2m > [22m[2mDesktop Viewport
[22m[39m[Mock Data] Grade has data: false
[90mstdout[2m | src/components/InstructorDashboard.stories.jsx[2m > [22m[2mDesktop Viewport
[22m[39m[Mock Data] Total grades in store: 30
[90mstdout[2m | src/components/InstructorDashboard.stories.jsx[2m > [22m[2mDesktop Viewport
[22m[39m[Mock Data] Seeded grade: grade-31 for unit: unit-5
[90mstdout[2m | src/components/InstructorDashboard.stories.jsx[2m > [22m[2mDesktop Viewport
[22m[39m[Mock Data] Grade has data: false
[90mstdout[2m | src/components/InstructorDashboard.stories.jsx[2m > [22m[2mDesktop Viewport
[22m[39m[Mock Data] Total grades in store: 31
[90mstdout[2m | src/components/InstructorDashboard.stories.jsx[2m > [22m[2mDesktop Viewport
[22m[39m[Mock Data] Seeded grade: grade-32 for unit: unit-2
[90mstdout[2m | src/components/InstructorDashboard.stories.jsx[2m > [22m[2mDesktop Viewport
[22m[39m[Mock Data] Grade has data: false
[90mstdout[2m | src/components/InstructorDashboard.stories.jsx[2m > [22m[2mDesktop Viewport
[22m[39m[Mock Data] Total grades in store: 32
[90mstdout[2m | src/components/InstructorDashboard.stories.jsx[2m > [22m[2mDesktop Viewport
[22m[39m[TranslationModeController] Setting mode to: off
[90mstdout[2m | src/components/InstructorDashboard.stories.jsx[2m > [22m[2mDesktop Viewport
[22m[39m[UnitContext] useEffect triggered {
  "authLoading": false,
  "hasUser": true,
  "id": "mock-unit-id",
  "userSub": "mock-user-sub",
}
[90mstdout[2m | src/components/InstructorDashboard.stories.jsx[2m > [22m[2mDesktop Viewport
[22m[39m[UnitContext] Fetching unit data for id: mock-unit-id
[90mstdout[2m | src/components/InstructorDashboard.stories.jsx[2m > [22m[2mDesktop Viewport
[22m[39m[FilesContext] Initializing vector store from IndexedDB
[90mstdout[2m | src/components/InstructorDashboard.stories.jsx[2m > [22m[2mDesktop Viewport
[22m[39m[FilesContext] fetchFiles called
[90mstdout[2m | src/components/InstructorDashboard.stories.jsx[2m > [22m[2mDesktop Viewport
[22m[39m[FilesContext] User authenticated: mock-user-sub
[90mstdout[2m | src/components/InstructorDashboard.stories.jsx[2m > [22m[2mDesktop Viewport
[22m[39m[FilesContext] Identity ID: us-east-1:mock-identity-123
[90mstdout[2m | src/components/InstructorDashboard.stories.jsx[2m > [22m[2mDesktop Viewport
[22m[39m[FilesContext] About to set up File observeQuery
[90mstdout[2m | src/components/InstructorDashboard.stories.jsx[2m > [22m[2mDesktop Viewport
[22m[39m[ChatContext] Setting up AssistantChat observeQuery
[90mstdout[2m | src/components/InstructorDashboard.stories.jsx[2m > [22m[2mDesktop Viewport
[22m[39m[ChatContext] Waiting for subscription to initialize
[90mstdout[2m | src/components/InstructorDashboard.stories.jsx[2m > [22m[2mDesktop Viewport
[22m[39m[SettingsContext] Setting up Settings subscription for user: mock-user-sub
[90mstdout[2m | src/components/InstructorDashboard.stories.jsx[2m > [22m[2mDesktop Viewport
[22m[39m[Mock Data] Settings created: mock-settings-1790417350943 - notified 0 subscribers
[90mstdout[2m | src/components/InstructorDashboard.stories.jsx[2m > [22m[2mDesktop Viewport
[22m[39m[Mock Data] Unit.onUpdate() subscription added. Total: 1
[90mstdout[2m | src/components/InstructorDashboard.stories.jsx[2m > [22m[2mDesktop Viewport
[22m[39m[SectionContext] Section observeQuery update: 0
[90mstdout[2m | src/components/InstructorDashboard.stories.jsx[2m > [22m[2mDesktop Viewport
[22m[39m[FilesContext] File observeQuery update: 6 files
[90mstdout[2m | src/components/InstructorDashboard.stories.jsx[2m > [22m[2mDesktop Viewport
[22m[39m[ChatContext] AssistantChat initialized with 1 chats
[90mstdout[2m | src/components/InstructorDashboard.stories.jsx[2m > [22m[2mDesktop Viewport
[22m[39m[ChatContext] Setting initial chat: chat-flagged-1
[90mstdout[2m | src/components/InstructorDashboard.stories.jsx[2m > [22m[2mDesktop Viewport
[22m[39m[MOCK CourseVectorStore] Initialized with mock data
[90mstdout[2m | src/components/InstructorDashboard.stories.jsx[2m > [22m[2mDesktop Viewport
[22m[39m[FilesContext] Vector store population triggered {
  "currentVectorStoreSize": 3,
  "documentsCount": 0,
  "filesCount": 6,
  "isInitialLoad": true,
}
[90mstdout[2m | src/components/InstructorDashboard.stories.jsx[2m > [22m[2mDesktop Viewport
[22m[39m[FilesContext] Vector store population complete - 3 total embeddings
[90mstdout[2m | src/components/InstructorDashboard.stories.jsx[2m > [22m[2mDesktop Viewport
[22m[39m[ChatContext] Chat exists and not archived, skipping creation
[90mstdout[2m | src/components/InstructorDashboard.stories.jsx[2m > [22m[2mDesktop Viewport
[22m[39m[Mock Storage] downloadData called with: undefined
[90mstdout[2m | src/components/InstructorDashboard.stories.jsx[2m > [22m[2mMulti Section Mobile
[22m[39m[ChatContext] Cleaning up subscriptions
[90mstdout[2m | src/components/InstructorDashboard.stories.jsx[2m > [22m[2mMulti Section Mobile
[22m[39m[Mock Data] Unit.onUpdate() subscription removed. Remaining: 0
[90mstdout[2m | src/components/InstructorDashboard.stories.jsx[2m > [22m[2mMulti Section Mobile
[22m[39m[MOCK CourseVectorStore] Initialized with mock data
[90mstdout[2m | src/components/InstructorDashboard.stories.jsx[2m > [22m[2mMulti Section Mobile
[22m[39m[Mock Data] seedMockUnit: Adding unit unit-1
[90mstdout[2m | src/components/InstructorDashboard.stories.jsx[2m > [22m[2mMulti Section Mobile
[22m[39m[Mock Data] seedMockUnit: Adding unit unit-2
[90mstdout[2m | src/components/InstructorDashboard.stories.jsx[2m > [22m[2mMulti Section Mobile
[22m[39m[Mock Data] seedMockUnit: Adding unit unit-3
[90mstdout[2m | src/components/InstructorDashboard.stories.jsx[2m > [22m[2mMulti Section Mobile
[22m[39m[Mock Data] seedMockUnit: Adding unit unit-4
[90mstdout[2m | src/components/InstructorDashboard.stories.jsx[2m > [22m[2mMulti Section Mobile
[22m[39m[Mock Data] seedMockUnit: Adding unit unit-5
[90mstdout[2m | src/components/InstructorDashboard.stories.jsx[2m > [22m[2mMulti Section Mobile
[22m[39m[Mock Data] seedMockAssignments: Adding 7 assignments
[90mstdout[2m | src/components/InstructorDashboard.stories.jsx[2m > [22m[2mMulti Section Mobile
[22m[39m[Mock Data] Total assignments in store: 7
[90mstdout[2m | src/components/InstructorDashboard.stories.jsx[2m > [22m[2mMulti Section Mobile
[22m[39m[Mock Data] Seeded grade: grade-1 for unit: unit-1
[90mstdout[2m | src/components/InstructorDashboard.stories.jsx[2m > [22m[2mMulti Section Mobile
[22m[39m[Mock Data] Grade has data: false
[90mstdout[2m | src/components/InstructorDashboard.stories.jsx[2m > [22m[2mMulti Section Mobile
[22m[39m[Mock Data] Total grades in store: 1
[90mstdout[2m | src/components/InstructorDashboard.stories.jsx[2m > [22m[2mMulti Section Mobile
[22m[39m[Mock Data] Seeded grade: grade-2 for unit: unit-2
[90mstdout[2m | src/components/InstructorDashboard.stories.jsx[2m > [22m[2mMulti Section Mobile
[22m[39m[Mock Data] Grade has data: false
[90mstdout[2m | src/components/InstructorDashboard.stories.jsx[2m > [22m[2mMulti Section Mobile
[22m[39m[Mock Data] Total grades in store: 2
[90mstdout[2m | src/components/InstructorDashboard.stories.jsx[2m > [22m[2mMulti Section Mobile
[22m[39m[Mock Data] Seeded grade: grade-3 for unit: unit-3
[90mstdout[2m | src/components/InstructorDashboard.stories.jsx[2m > [22m[2mMulti Section Mobile
[22m[39m[Mock Data] Grade has data: false
[90mstdout[2m | src/components/InstructorDashboard.stories.jsx[2m > [22m[2mMulti Section Mobile
[22m[39m[Mock Data] Total grades in store: 3
[90mstdout[2m | src/components/InstructorDashboard.stories.jsx[2m > [22m[2mMulti Section Mobile
[22m[39m[Mock Data] Seeded grade: grade-4 for unit: unit-1
[90mstdout[2m | src/components/InstructorDashboard.stories.jsx[2m > [22m[2mMulti Section Mobile
[22m[39m[Mock Data] Grade has data: false
[90mstdout[2m | src/components/InstructorDashboard.stories.jsx[2m > [22m[2mMulti Section Mobile
[22m[39m[Mock Data] Total grades in store: 4
[90mstdout[2m | src/components/InstructorDashboard.stories.jsx[2m > [22m[2mMulti Section Mobile
[22m[39m[Mock Data] Seeded grade: grade-5 for unit: unit-2
[90mstdout[2m | src/components/InstructorDashboard.stories.jsx[2m > [22m[2mMulti Section Mobile
[22m[39m[Mock Data] Grade has data: false
[90mstdout[2m | src/components/InstructorDashboard.stories.jsx[2m > [22m[2mMulti Section Mobile
[22m[39m[Mock Data] Total grades in store: 5
[90mstdout[2m | src/components/InstructorDashboard.stories.jsx[2m > [22m[2mMulti Section Mobile
[22m[39m[Mock Data] Seeded grade: grade-6 for unit: unit-3
[90mstdout[2m | src/components/InstructorDashboard.stories.jsx[2m > [22m[2mMulti Section Mobile
[22m[39m[Mock Data] Grade has data: false
[90mstdout[2m | src/components/InstructorDashboard.stories.jsx[2m > [22m[2mMulti Section Mobile
[22m[39m[Mock Data] Total grades in store: 6
[90mstdout[2m | src/components/InstructorDashboard.stories.jsx[2m > [22m[2mMulti Section Mobile
[22m[39m[Mock Data] Seeded grade: grade-7 for unit: unit-1
[90mstdout[2m | src/components/InstructorDashboard.stories.jsx[2m > [22m[2mMulti Section Mobile
[22m[39m[Mock Data] Grade has data: false
[90mstdout[2m | src/components/InstructorDashboard.stories.jsx[2m > [22m[2mMulti Section Mobile
[22m[39m[Mock Data] Total grades in store: 7
[90mstdout[2m | src/components/InstructorDashboard.stories.jsx[2m > [22m[2mMulti Section Mobile
[22m[39m[Mock Data] Seeded grade: grade-8 for unit: unit-2
[90mstdout[2m | src/components/InstructorDashboard.stories.jsx[2m > [22m[2mMulti Section Mobile
[22m[39m[Mock Data] Grade has data: false
[90mstdout[2m | src/components/InstructorDashboard.stories.jsx[2m > [22m[2mMulti Section Mobile
[22m[39m[Mock Data] Total grades in store: 8
[90mstdout[2m | src/components/InstructorDashboard.stories.jsx[2m > [22m[2mMulti Section Mobile
[22m[39m[Mock Data] Seeded grade: grade-9 for unit: unit-3
[90mstdout[2m | src/components/InstructorDashboard.stories.jsx[2m > [22m[2mMulti Section Mobile
[22m[39m[Mock Data] Grade has data: false
[90mstdout[2m | src/components/InstructorDashboard.stories.jsx[2m > [22m[2mMulti Section Mobile
[22m[39m[Mock Data] Total grades in store: 9
[90mstdout[2m | src/components/InstructorDashboard.stories.jsx[2m > [22m[2mMulti Section Mobile
[22m[39m[Mock Data] Seeded grade: grade-10 for unit: unit-1
[90mstdout[2m | src/components/InstructorDashboard.stories.jsx[2m > [22m[2mMulti Section Mobile
[22m[39m[Mock Data] Grade has data: false
[90mstdout[2m | src/components/InstructorDashboard.stories.jsx[2m > [22m[2mMulti Section Mobile
[22m[39m[Mock Data] Total grades in store: 10
[90mstdout[2m | src/components/InstructorDashboard.stories.jsx[2m > [22m[2mMulti Section Mobile
[22m[39m[Mock Data] Seeded grade: grade-11 for unit: unit-2
[90mstdout[2m | src/components/InstructorDashboard.stories.jsx[2m > [22m[2mMulti Section Mobile
[22m[39m[Mock Data] Grade has data: false
[90mstdout[2m | src/components/InstructorDashboard.stories.jsx[2m > [22m[2mMulti Section Mobile
[22m[39m[Mock Data] Total grades in store: 11
[90mstdout[2m | src/components/InstructorDashboard.stories.jsx[2m > [22m[2mMulti Section Mobile
[22m[39m[Mock Data] Seeded grade: grade-12 for unit: unit-3
[90mstdout[2m | src/components/InstructorDashboard.stories.jsx[2m > [22m[2mMulti Section Mobile
[22m[39m[Mock Data] Grade has data: false
[90mstdout[2m | src/components/InstructorDashboard.stories.jsx[2m > [22m[2mMulti Section Mobile
[22m[39m[Mock Data] Total grades in store: 12
[90mstdout[2m | src/components/InstructorDashboard.stories.jsx[2m > [22m[2mMulti Section Mobile
[22m[39m[Mock Data] Seeded grade: grade-13 for unit: unit-1
[90mstdout[2m | src/components/InstructorDashboard.stories.jsx[2m > [22m[2mMulti Section Mobile
[22m[39m[Mock Data] Grade has data: false
[90mstdout[2m | src/components/InstructorDashboard.stories.jsx[2m > [22m[2mMulti Section Mobile
[22m[39m[Mock Data] Total grades in store: 13
[90mstdout[2m | src/components/InstructorDashboard.stories.jsx[2m > [22m[2mMulti Section Mobile
[22m[39m[Mock Data] Seeded grade: grade-14 for unit: unit-2
[90mstdout[2m | src/components/InstructorDashboard.stories.jsx[2m > [22m[2mMulti Section Mobile
[22m[39m[Mock Data] Grade has data: false
[90mstdout[2m | src/components/InstructorDashboard.stories.jsx[2m > [22m[2mMulti Section Mobile
[22m[39m[Mock Data] Total grades in store: 14
[90mstdout[2m | src/components/InstructorDashboard.stories.jsx[2m > [22m[2mMulti Section Mobile
[22m[39m[Mock Data] Seeded grade: grade-15 for unit: unit-3
[90mstdout[2m | src/components/InstructorDashboard.stories.jsx[2m > [22m[2mMulti Section Mobile
[22m[39m[Mock Data] Grade has data: false
[90mstdout[2m | src/components/InstructorDashboard.stories.jsx[2m > [22m[2mMulti Section Mobile
[22m[39m[Mock Data] Total grades in store: 15
[90mstdout[2m | src/components/InstructorDashboard.stories.jsx[2m > [22m[2mMulti Section Mobile
[22m[39m[Mock Data] Seeded grade: grade-16 for unit: unit-1
[90mstdout[2m | src/components/InstructorDashboard.stories.jsx[2m > [22m[2mMulti Section Mobile
[22m[39m[Mock Data] Grade has data: false
[90mstdout[2m | src/components/InstructorDashboard.stories.jsx[2m > [22m[2mMulti Section Mobile
[22m[39m[Mock Data] Total grades in store: 16
[90mstdout[2m | src/components/InstructorDashboard.stories.jsx[2m > [22m[2mMulti Section Mobile
[22m[39m[Mock Data] Seeded grade: grade-17 for unit: unit-2
[90mstdout[2m | src/components/InstructorDashboard.stories.jsx[2m > [22m[2mMulti Section Mobile
[22m[39m[Mock Data] Grade has data: false
[90mstdout[2m | src/components/InstructorDashboard.stories.jsx[2m > [22m[2mMulti Section Mobile
[22m[39m[Mock Data] Total grades in store: 17
[90mstdout[2m | src/components/InstructorDashboard.stories.jsx[2m > [22m[2mMulti Section Mobile
[22m[39m[Mock Data] Seeded grade: grade-18 for unit: unit-1
[90mstdout[2m | src/components/InstructorDashboard.stories.jsx[2m > [22m[2mMulti Section Mobile
[22m[39m[Mock Data] Grade has data: false
[90mstdout[2m | src/components/InstructorDashboard.stories.jsx[2m > [22m[2mMulti Section Mobile
[22m[39m[Mock Data] Total grades in store: 18
[90mstdout[2m | src/components/InstructorDashboard.stories.jsx[2m > [22m[2mMulti Section Mobile
[22m[39m[Mock Data] Seeded grade: grade-19 for unit: unit-2
[90mstdout[2m | src/components/InstructorDashboard.stories.jsx[2m > [22m[2mMulti Section Mobile
[22m[39m[Mock Data] Grade has data: false
[90mstdout[2m | src/components/InstructorDashboard.stories.jsx[2m > [22m[2mMulti Section Mobile
[22m[39m[Mock Data] Total grades in store: 19
[90mstdout[2m | src/components/InstructorDashboard.stories.jsx[2m > [22m[2mMulti Section Mobile
[22m[39m[Mock Data] Seeded grade: grade-20 for unit: unit-1
[90mstdout[2m | src/components/InstructorDashboard.stories.jsx[2m > [22m[2mMulti Section Mobile
[22m[39m[Mock Data] Grade has data: false
[90mstdout[2m | src/components/InstructorDashboard.stories.jsx[2m > [22m[2mMulti Section Mobile
[22m[39m[Mock Data] Total grades in store: 20
[90mstdout[2m | src/components/InstructorDashboard.stories.jsx[2m > [22m[2mMulti Section Mobile
[22m[39m[Mock Data] Seeded grade: grade-21 for unit: unit-2
[90mstdout[2m | src/components/InstructorDashboard.stories.jsx[2m > [22m[2mMulti Section Mobile
[22m[39m[Mock Data] Grade has data: false
[90mstdout[2m | src/components/InstructorDashboard.stories.jsx[2m > [22m[2mMulti Section Mobile
[22m[39m[Mock Data] Total grades in store: 21
[90mstdout[2m | src/components/InstructorDashboard.stories.jsx[2m > [22m[2mMulti Section Mobile
[22m[39m[Mock Data] Seeded grade: grade-22 for unit: unit-1
[90mstdout[2m | src/components/InstructorDashboard.stories.jsx[2m > [22m[2mMulti Section Mobile
[22m[39m[Mock Data] Grade has data: false
[90mstdout[2m | src/components/InstructorDashboard.stories.jsx[2m > [22m[2mMulti Section Mobile
[22m[39m[Mock Data] Total grades in store: 22
[90mstdout[2m | src/components/InstructorDashboard.stories.jsx[2m > [22m[2mMulti Section Mobile
[22m[39m[Mock Data] Seeded grade: grade-23 for unit: unit-2
[90mstdout[2m | src/components/InstructorDashboard.stories.jsx[2m > [22m[2mMulti Section Mobile
[22m[39m[Mock Data] Grade has data: false
[90mstdout[2m | src/components/InstructorDashboard.stories.jsx[2m > [22m[2mMulti Section Mobile
[22m[39m[Mock Data] Total grades in store: 23
[90mstdout[2m | src/components/InstructorDashboard.stories.jsx[2m > [22m[2mMulti Section Mobile
[22m[39m[Mock Data] Seeded grade: grade-24 for unit: unit-4
[90mstdout[2m | src/components/InstructorDashboard.stories.jsx[2m > [22m[2mMulti Section Mobile
[22m[39m[Mock Data] Grade has data: false
[90mstdout[2m | src/components/InstructorDashboard.stories.jsx[2m > [22m[2mMulti Section Mobile
[22m[39m[Mock Data] Total grades in store: 24
[90mstdout[2m | src/components/InstructorDashboard.stories.jsx[2m > [22m[2mMulti Section Mobile
[22m[39m[Mock Data] Seeded grade: grade-25 for unit: unit-5
[90mstdout[2m | src/components/InstructorDashboard.stories.jsx[2m > [22m[2mMulti Section Mobile
[22m[39m[Mock Data] Grade has data: false
[90mstdout[2m | src/components/InstructorDashboard.stories.jsx[2m > [22m[2mMulti Section Mobile
[22m[39m[Mock Data] Total grades in store: 25
[90mstdout[2m | src/components/InstructorDashboard.stories.jsx[2m > [22m[2mMulti Section Mobile
[22m[39m[Mock Data] Seeded grade: grade-26 for unit: unit-4
[90mstdout[2m | src/components/InstructorDashboard.stories.jsx[2m > [22m[2mMulti Section Mobile
[22m[39m[Mock Data] Grade has data: false
[90mstdout[2m | src/components/InstructorDashboard.stories.jsx[2m > [22m[2mMulti Section Mobile
[22m[39m[Mock Data] Total grades in store: 26
[90mstdout[2m | src/components/InstructorDashboard.stories.jsx[2m > [22m[2mMulti Section Mobile
[22m[39m[Mock Data] Seeded grade: grade-27 for unit: unit-5
[90mstdout[2m | src/components/InstructorDashboard.stories.jsx[2m > [22m[2mMulti Section Mobile
[22m[39m[Mock Data] Grade has data: false
[90mstdout[2m | src/components/InstructorDashboard.stories.jsx[2m > [22m[2mMulti Section Mobile
[22m[39m[Mock Data] Total grades in store: 27
[90mstdout[2m | src/components/InstructorDashboard.stories.jsx[2m > [22m[2mMulti Section Mobile
[22m[39m[Mock Data] Seeded grade: grade-28 for unit: unit-4
[90mstdout[2m | src/components/InstructorDashboard.stories.jsx[2m > [22m[2mMulti Section Mobile
[22m[39m[Mock Data] Grade has data: false
[90mstdout[2m | src/components/InstructorDashboard.stories.jsx[2m > [22m[2mMulti Section Mobile
[22m[39m[Mock Data] Total grades in store: 28
[90mstdout[2m | src/components/InstructorDashboard.stories.jsx[2m > [22m[2mMulti Section Mobile
[22m[39m[Mock Data] Seeded grade: grade-29 for unit: unit-5
[90mstdout[2m | src/components/InstructorDashboard.stories.jsx[2m > [22m[2mMulti Section Mobile
[22m[39m[Mock Data] Grade has data: false
[90mstdout[2m | src/components/InstructorDashboard.stories.jsx[2m > [22m[2mMulti Section Mobile
[22m[39m[Mock Data] Total grades in store: 29
[90mstdout[2m | src/components/InstructorDashboard.stories.jsx[2m > [22m[2mMulti Section Mobile
[22m[39m[Mock Data] Seeded grade: grade-30 for unit: unit-4
[90mstdout[2m | src/components/InstructorDashboard.stories.jsx[2m > [22m[2mMulti Section Mobile
[22m[39m[Mock Data] Grade has data: false
[90mstdout[2m | src/components/InstructorDashboard.stories.jsx[2m > [22m[2mMulti Section Mobile
[22m[39m[Mock Data] Total grades in store: 30
[90mstdout[2m | src/components/InstructorDashboard.stories.jsx[2m > [22m[2mMulti Section Mobile
[22m[39m[Mock Data] Seeded grade: grade-31 for unit: unit-5
[90mstdout[2m | src/components/InstructorDashboard.stories.jsx[2m > [22m[2mMulti Section Mobile
[22m[39m[Mock Data] Grade has data: false
[90mstdout[2m | src/components/InstructorDashboard.stories.jsx[2m > [22m[2mMulti Section Mobile
[22m[39m[Mock Data] Total grades in store: 31
[90mstdout[2m | src/components/InstructorDashboard.stories.jsx[2m > [22m[2mMulti Section Mobile
[22m[39m[Mock Data] Seeded grade: grade-32 for unit: unit-2
[90mstdout[2m | src/components/InstructorDashboard.stories.jsx[2m > [22m[2mMulti Section Mobile
[22m[39m[Mock Data] Grade has data: false
[90mstdout[2m | src/components/InstructorDashboard.stories.jsx[2m > [22m[2mMulti Section Mobile
[22m[39m[Mock Data] Total grades in store: 32
[90mstdout[2m | src/components/InstructorDashboard.stories.jsx[2m > [22m[2mMulti Section Mobile
[22m[39m[TranslationModeController] Setting mode to: off
[90mstdout[2m | src/components/InstructorDashboard.stories.jsx[2m > [22m[2mMulti Section Mobile
[22m[39m[UnitContext] useEffect triggered {
  "authLoading": false,
  "hasUser": true,
  "id": "mock-unit-id",
  "userSub": "mock-user-sub",
}
[90mstdout[2m | src/components/InstructorDashboard.stories.jsx[2m > [22m[2mMulti Section Mobile
[22m[39m[UnitContext] Fetching unit data for id: mock-unit-id
[90mstdout[2m | src/components/InstructorDashboard.stories.jsx[2m > [22m[2mMulti Section Mobile
[22m[39m[FilesContext] Initializing vector store from IndexedDB
[90mstdout[2m | src/components/InstructorDashboard.stories.jsx[2m > [22m[2mMulti Section Mobile
[22m[39m[FilesContext] fetchFiles called
[90mstdout[2m | src/components/InstructorDashboard.stories.jsx[2m > [22m[2mMulti Section Mobile
[22m[39m[FilesContext] User authenticated: mock-user-sub
[90mstdout[2m | src/components/InstructorDashboard.stories.jsx[2m > [22m[2mMulti Section Mobile
[22m[39m[FilesContext] Identity ID: us-east-1:mock-identity-123
[90mstdout[2m | src/components/InstructorDashboard.stories.jsx[2m > [22m[2mMulti Section Mobile
[22m[39m[FilesContext] About to set up File observeQuery
[90mstdout[2m | src/components/InstructorDashboard.stories.jsx[2m > [22m[2mMulti Section Mobile
[22m[39m[ChatContext] Setting up AssistantChat observeQuery
[90mstdout[2m | src/components/InstructorDashboard.stories.jsx[2m > [22m[2mMulti Section Mobile
[22m[39m[ChatContext] Waiting for subscription to initialize
[90mstdout[2m | src/components/InstructorDashboard.stories.jsx[2m > [22m[2mMulti Section Mobile
[22m[39m[SettingsContext] Setting up Settings subscription for user: mock-user-sub
[90mstdout[2m | src/components/InstructorDashboard.stories.jsx[2m > [22m[2mMulti Section Mobile
[22m[39m[Mock Data] Settings created: mock-settings-1790417352795 - notified 0 subscribers
[90mstdout[2m | src/components/InstructorDashboard.stories.jsx[2m > [22m[2mMulti Section Mobile
[22m[39m[Mock Data] Unit.onUpdate() subscription added. Total: 1
[90mstdout[2m | src/components/InstructorDashboard.stories.jsx[2m > [22m[2mMulti Section Mobile
[22m[39m[SectionContext] Section observeQuery update: 0
[90mstdout[2m | src/components/InstructorDashboard.stories.jsx[2m > [22m[2mMulti Section Mobile
[22m[39m[FilesContext] File observeQuery update: 6 files
[90mstdout[2m | src/components/InstructorDashboard.stories.jsx[2m > [22m[2mMulti Section Mobile
[22m[39m[ChatContext] AssistantChat initialized with 1 chats
[90mstdout[2m | src/components/InstructorDashboard.stories.jsx[2m > [22m[2mMulti Section Mobile
[22m[39m[ChatContext] Setting initial chat: chat-flagged-1
[90mstdout[2m | src/components/InstructorDashboard.stories.jsx[2m > [22m[2mMulti Section Mobile
[22m[39m[MOCK CourseVectorStore] Initialized with mock data
[90mstdout[2m | src/components/InstructorDashboard.stories.jsx[2m > [22m[2mMulti Section Mobile
[22m[39m[FilesContext] Vector store population triggered {
  "currentVectorStoreSize": 3,
  "documentsCount": 0,
  "filesCount": 6,
  "isInitialLoad": true,
}
[90mstdout[2m | src/components/InstructorDashboard.stories.jsx[2m > [22m[2mMulti Section Mobile
[22m[39m[FilesContext] Vector store population complete - 3 total embeddings
[90mstdout[2m | src/components/InstructorDashboard.stories.jsx[2m > [22m[2mMulti Section Mobile
[22m[39m[ChatContext] Chat exists and not archived, skipping creation
[90mstdout[2m | src/components/InstructorDashboard.stories.jsx[2m > [22m[2mMulti Section Mobile
[22m[39m[Mock Storage] downloadData called with: undefined
[90mstdout[2m | src/components/InstructorDashboard.stories.jsx[2m > [22m[2mSingle Section Mobile
[22m[39m[ChatContext] Cleaning up subscriptions
[90mstdout[2m | src/components/InstructorDashboard.stories.jsx[2m > [22m[2mSingle Section Mobile
[22m[39m[Mock Data] Unit.onUpdate() subscription removed. Remaining: 0
[90mstdout[2m | src/components/InstructorDashboard.stories.jsx[2m > [22m[2mSingle Section Mobile
[22m[39m[MOCK CourseVectorStore] Initialized with mock data
[90mstdout[2m | src/components/InstructorDashboard.stories.jsx[2m > [22m[2mSingle Section Mobile
[22m[39m[Mock Data] seedMockUnit: Adding unit unit-1
[90mstdout[2m | src/components/InstructorDashboard.stories.jsx[2m > [22m[2mSingle Section Mobile
[22m[39m[Mock Data] seedMockUnit: Adding unit unit-2
[90mstdout[2m | src/components/InstructorDashboard.stories.jsx[2m > [22m[2mSingle Section Mobile
[22m[39m[Mock Data] seedMockUnit: Adding unit unit-3
[90mstdout[2m | src/components/InstructorDashboard.stories.jsx[2m > [22m[2mSingle Section Mobile
[22m[39m[Mock Data] seedMockUnit: Adding unit unit-4
[90mstdout[2m | src/components/InstructorDashboard.stories.jsx[2m > [22m[2mSingle Section Mobile
[22m[39m[Mock Data] seedMockUnit: Adding unit unit-5
[90mstdout[2m | src/components/InstructorDashboard.stories.jsx[2m > [22m[2mSingle Section Mobile
[22m[39m[Mock Data] seedMockAssignments: Adding 7 assignments
[90mstdout[2m | src/components/InstructorDashboard.stories.jsx[2m > [22m[2mSingle Section Mobile
[22m[39m[Mock Data] Total assignments in store: 7
[90mstdout[2m | src/components/InstructorDashboard.stories.jsx[2m > [22m[2mSingle Section Mobile
[22m[39m[Mock Data] Seeded grade: grade-1 for unit: unit-1
[90mstdout[2m | src/components/InstructorDashboard.stories.jsx[2m > [22m[2mSingle Section Mobile
[22m[39m[Mock Data] Grade has data: false
[90mstdout[2m | src/components/InstructorDashboard.stories.jsx[2m > [22m[2mSingle Section Mobile
[22m[39m[Mock Data] Total grades in store: 1
[90mstdout[2m | src/components/InstructorDashboard.stories.jsx[2m > [22m[2mSingle Section Mobile
[22m[39m[Mock Data] Seeded grade: grade-2 for unit: unit-2
[90mstdout[2m | src/components/InstructorDashboard.stories.jsx[2m > [22m[2mSingle Section Mobile
[22m[39m[Mock Data] Grade has data: false
[90mstdout[2m | src/components/InstructorDashboard.stories.jsx[2m > [22m[2mSingle Section Mobile
[22m[39m[Mock Data] Total grades in store: 2
[90mstdout[2m | src/components/InstructorDashboard.stories.jsx[2m > [22m[2mSingle Section Mobile
[22m[39m[Mock Data] Seeded grade: grade-3 for unit: unit-3
[90mstdout[2m | src/components/InstructorDashboard.stories.jsx[2m > [22m[2mSingle Section Mobile
[22m[39m[Mock Data] Grade has data: false
[90mstdout[2m | src/components/InstructorDashboard.stories.jsx[2m > [22m[2mSingle Section Mobile
[22m[39m[Mock Data] Total grades in store: 3
[90mstdout[2m | src/components/InstructorDashboard.stories.jsx[2m > [22m[2mSingle Section Mobile
[22m[39m[Mock Data] Seeded grade: grade-4 for unit: unit-1
[90mstdout[2m | src/components/InstructorDashboard.stories.jsx[2m > [22m[2mSingle Section Mobile
[22m[39m[Mock Data] Grade has data: false
[90mstdout[2m | src/components/InstructorDashboard.stories.jsx[2m > [22m[2mSingle Section Mobile
[22m[39m[Mock Data] Total grades in store: 4
[90mstdout[2m | src/components/InstructorDashboard.stories.jsx[2m > [22m[2mSingle Section Mobile
[22m[39m[Mock Data] Seeded grade: grade-5 for unit: unit-2
[90mstdout[2m | src/components/InstructorDashboard.stories.jsx[2m > [22m[2mSingle Section Mobile
[22m[39m[Mock Data] Grade has data: false
[90mstdout[2m | src/components/InstructorDashboard.stories.jsx[2m > [22m[2mSingle Section Mobile
[22m[39m[Mock Data] Total grades in store: 5
[90mstdout[2m | src/components/InstructorDashboard.stories.jsx[2m > [22m[2mSingle Section Mobile
[22m[39m[Mock Data] Seeded grade: grade-6 for unit: unit-3
[90mstdout[2m | src/components/InstructorDashboard.stories.jsx[2m > [22m[2mSingle Section Mobile
[22m[39m[Mock Data] Grade has data: false
[90mstdout[2m | src/components/InstructorDashboard.stories.jsx[2m > [22m[2mSingle Section Mobile
[22m[39m[Mock Data] Total grades in store: 6
[90mstdout[2m | src/components/InstructorDashboard.stories.jsx[2m > [22m[2mSingle Section Mobile
[22m[39m[Mock Data] Seeded grade: grade-7 for unit: unit-1
[90mstdout[2m | src/components/InstructorDashboard.stories.jsx[2m > [22m[2mSingle Section Mobile
[22m[39m[Mock Data] Grade has data: false
[90mstdout[2m | src/components/InstructorDashboard.stories.jsx[2m > [22m[2mSingle Section Mobile
[22m[39m[Mock Data] Total grades in store: 7
[90mstdout[2m | src/components/InstructorDashboard.stories.jsx[2m > [22m[2mSingle Section Mobile
[22m[39m[Mock Data] Seeded grade: grade-8 for unit: unit-2
[90mstdout[2m | src/components/InstructorDashboard.stories.jsx[2m > [22m[2mSingle Section Mobile
[22m[39m[Mock Data] Grade has data: false
[90mstdout[2m | src/components/InstructorDashboard.stories.jsx[2m > [22m[2mSingle Section Mobile
[22m[39m[Mock Data] Total grades in store: 8
[90mstdout[2m | src/components/InstructorDashboard.stories.jsx[2m > [22m[2mSingle Section Mobile
[22m[39m[Mock Data] Seeded grade: grade-9 for unit: unit-3
[90mstdout[2m | src/components/InstructorDashboard.stories.jsx[2m > [22m[2mSingle Section Mobile
[22m[39m[Mock Data] Grade has data: false
[90mstdout[2m | src/components/InstructorDashboard.stories.jsx[2m > [22m[2mSingle Section Mobile
[22m[39m[Mock Data] Total grades in store: 9
[90mstdout[2m | src/components/InstructorDashboard.stories.jsx[2m > [22m[2mSingle Section Mobile
[22m[39m[Mock Data] Seeded grade: grade-10 for unit: unit-1
[90mstdout[2m | src/components/InstructorDashboard.stories.jsx[2m > [22m[2mSingle Section Mobile
[22m[39m[Mock Data] Grade has data: false
[90mstdout[2m | src/components/InstructorDashboard.stories.jsx[2m > [22m[2mSingle Section Mobile
[22m[39m[Mock Data] Total grades in store: 10
[90mstdout[2m | src/components/InstructorDashboard.stories.jsx[2m > [22m[2mSingle Section Mobile
[22m[39m[Mock Data] Seeded grade: grade-11 for unit: unit-2
[90mstdout[2m | src/components/InstructorDashboard.stories.jsx[2m > [22m[2mSingle Section Mobile
[22m[39m[Mock Data] Grade has data: false
[90mstdout[2m | src/components/InstructorDashboard.stories.jsx[2m > [22m[2mSingle Section Mobile
[22m[39m[Mock Data] Total grades in store: 11
[90mstdout[2m | src/components/InstructorDashboard.stories.jsx[2m > [22m[2mSingle Section Mobile
[22m[39m[Mock Data] Seeded grade: grade-12 for unit: unit-3
[90mstdout[2m | src/components/InstructorDashboard.stories.jsx[2m > [22m[2mSingle Section Mobile
[22m[39m[Mock Data] Grade has data: false
[90mstdout[2m | src/components/InstructorDashboard.stories.jsx[2m > [22m[2mSingle Section Mobile
[22m[39m[Mock Data] Total grades in store: 12
[90mstdout[2m | src/components/InstructorDashboard.stories.jsx[2m > [22m[2mSingle Section Mobile
[22m[39m[Mock Data] Seeded grade: grade-13 for unit: unit-1
[90mstdout[2m | src/components/InstructorDashboard.stories.jsx[2m > [22m[2mSingle Section Mobile
[22m[39m[Mock Data] Grade has data: false
[90mstdout[2m | src/components/InstructorDashboard.stories.jsx[2m > [22m[2mSingle Section Mobile
[22m[39m[Mock Data] Total grades in store: 13
[90mstdout[2m | src/components/InstructorDashboard.stories.jsx[2m > [22m[2mSingle Section Mobile
[22m[39m[Mock Data] Seeded grade: grade-14 for unit: unit-2
[90mstdout[2m | src/components/InstructorDashboard.stories.jsx[2m > [22m[2mSingle Section Mobile
[22m[39m[Mock Data] Grade has data: false
[90mstdout[2m | src/components/InstructorDashboard.stories.jsx[2m > [22m[2mSingle Section Mobile
[22m[39m[Mock Data] Total grades in store: 14
[90mstdout[2m | src/components/InstructorDashboard.stories.jsx[2m > [22m[2mSingle Section Mobile
[22m[39m[Mock Data] Seeded grade: grade-15 for unit: unit-3
[90mstdout[2m | src/components/InstructorDashboard.stories.jsx[2m > [22m[2mSingle Section Mobile
[22m[39m[Mock Data] Grade has data: false
[90mstdout[2m | src/components/InstructorDashboard.stories.jsx[2m > [22m[2mSingle Section Mobile
[22m[39m[Mock Data] Total grades in store: 15
[90mstdout[2m | src/components/InstructorDashboard.stories.jsx[2m > [22m[2mSingle Section Mobile
[22m[39m[Mock Data] Seeded grade: grade-16 for unit: unit-1
[90mstdout[2m | src/components/InstructorDashboard.stories.jsx[2m > [22m[2mSingle Section Mobile
[22m[39m[Mock Data] Grade has data: false
[90mstdout[2m | src/components/InstructorDashboard.stories.jsx[2m > [22m[2mSingle Section Mobile
[22m[39m[Mock Data] Total grades in store: 16
[90mstdout[2m | src/components/InstructorDashboard.stories.jsx[2m > [22m[2mSingle Section Mobile
[22m[39m[Mock Data] Seeded grade: grade-17 for unit: unit-2
[90mstdout[2m | src/components/InstructorDashboard.stories.jsx[2m > [22m[2mSingle Section Mobile
[22m[39m[Mock Data] Grade has data: false
[90mstdout[2m | src/components/InstructorDashboard.stories.jsx[2m > [22m[2mSingle Section Mobile
[22m[39m[Mock Data] Total grades in store: 17
[90mstdout[2m | src/components/InstructorDashboard.stories.jsx[2m > [22m[2mSingle Section Mobile
[22m[39m[Mock Data] Seeded grade: grade-18 for unit: unit-1
[90mstdout[2m | src/components/InstructorDashboard.stories.jsx[2m > [22m[2mSingle Section Mobile
[22m[39m[Mock Data] Grade has data: false
[90mstdout[2m | src/components/InstructorDashboard.stories.jsx[2m > [22m[2mSingle Section Mobile
[22m[39m[Mock Data] Total grades in store: 18
[90mstdout[2m | src/components/InstructorDashboard.stories.jsx[2m > [22m[2mSingle Section Mobile
[22m[39m[Mock Data] Seeded grade: grade-19 for unit: unit-2
[90mstdout[2m | src/components/InstructorDashboard.stories.jsx[2m > [22m[2mSingle Section Mobile
[22m[39m[Mock Data] Grade has data: false
[90mstdout[2m | src/components/InstructorDashboard.stories.jsx[2m > [22m[2mSingle Section Mobile
[22m[39m[Mock Data] Total grades in store: 19
[90mstdout[2m | src/components/InstructorDashboard.stories.jsx[2m > [22m[2mSingle Section Mobile
[22m[39m[Mock Data] Seeded grade: grade-20 for unit: unit-1
[90mstdout[2m | src/components/InstructorDashboard.stories.jsx[2m > [22m[2mSingle Section Mobile
[22m[39m[Mock Data] Grade has data: false
[90mstdout[2m | src/components/InstructorDashboard.stories.jsx[2m > [22m[2mSingle Section Mobile
[22m[39m[Mock Data] Total grades in store: 20
[90mstdout[2m | src/components/InstructorDashboard.stories.jsx[2m > [22m[2mSingle Section Mobile
[22m[39m[Mock Data] Seeded grade: grade-21 for unit: unit-2
[90mstdout[2m | src/components/InstructorDashboard.stories.jsx[2m > [22m[2mSingle Section Mobile
[22m[39m[Mock Data] Grade has data: false
[90mstdout[2m | src/components/InstructorDashboard.stories.jsx[2m > [22m[2mSingle Section Mobile
[22m[39m[Mock Data] Total grades in store: 21
[90mstdout[2m | src/components/InstructorDashboard.stories.jsx[2m > [22m[2mSingle Section Mobile
[22m[39m[Mock Data] Seeded grade: grade-22 for unit: unit-1
[90mstdout[2m | src/components/InstructorDashboard.stories.jsx[2m > [22m[2mSingle Section Mobile
[22m[39m[Mock Data] Grade has data: false
[90mstdout[2m | src/components/InstructorDashboard.stories.jsx[2m > [22m[2mSingle Section Mobile
[22m[39m[Mock Data] Total grades in store: 22
[90mstdout[2m | src/components/InstructorDashboard.stories.jsx[2m > [22m[2mSingle Section Mobile
[22m[39m[Mock Data] Seeded grade: grade-23 for unit: unit-2
[90mstdout[2m | src/components/InstructorDashboard.stories.jsx[2m > [22m[2mSingle Section Mobile
[22m[39m[Mock Data] Grade has data: false
[90mstdout[2m | src/components/InstructorDashboard.stories.jsx[2m > [22m[2mSingle Section Mobile
[22m[39m[Mock Data] Total grades in store: 23
[90mstdout[2m | src/components/InstructorDashboard.stories.jsx[2m > [22m[2mSingle Section Mobile
[22m[39m[Mock Data] Seeded grade: grade-24 for unit: unit-4
[90mstdout[2m | src/components/InstructorDashboard.stories.jsx[2m > [22m[2mSingle Section Mobile
[22m[39m[Mock Data] Grade has data: false
[90mstdout[2m | src/components/InstructorDashboard.stories.jsx[2m > [22m[2mSingle Section Mobile
[22m[39m[Mock Data] Total grades in store: 24
[90mstdout[2m | src/components/InstructorDashboard.stories.jsx[2m > [22m[2mSingle Section Mobile
[22m[39m[Mock Data] Seeded grade: grade-25 for unit: unit-5
[90mstdout[2m | src/components/InstructorDashboard.stories.jsx[2m > [22m[2mSingle Section Mobile
[22m[39m[Mock Data] Grade has data: false
[90mstdout[2m | src/components/InstructorDashboard.stories.jsx[2m > [22m[2mSingle Section Mobile
[22m[39m[Mock Data] Total grades in store: 25
[90mstdout[2m | src/components/InstructorDashboard.stories.jsx[2m > [22m[2mSingle Section Mobile
[22m[39m[Mock Data] Seeded grade: grade-26 for unit: unit-4
[90mstdout[2m | src/components/InstructorDashboard.stories.jsx[2m > [22m[2mSingle Section Mobile
[22m[39m[Mock Data] Grade has data: false
[90mstdout[2m | src/components/InstructorDashboard.stories.jsx[2m > [22m[2mSingle Section Mobile
[22m[39m[Mock Data] Total grades in store: 26
[90mstdout[2m | src/components/InstructorDashboard.stories.jsx[2m > [22m[2mSingle Section Mobile
[22m[39m[Mock Data] Seeded grade: grade-27 for unit: unit-5
[90mstdout[2m | src/components/InstructorDashboard.stories.jsx[2m > [22m[2mSingle Section Mobile
[22m[39m[Mock Data] Grade has data: false
[90mstdout[2m | src/components/InstructorDashboard.stories.jsx[2m > [22m[2mSingle Section Mobile
[22m[39m[Mock Data] Total grades in store: 27
[90mstdout[2m | src/components/InstructorDashboard.stories.jsx[2m > [22m[2mSingle Section Mobile
[22m[39m[Mock Data] Seeded grade: grade-28 for unit: unit-4
[90mstdout[2m | src/components/InstructorDashboard.stories.jsx[2m > [22m[2mSingle Section Mobile
[22m[39m[Mock Data] Grade has data: false
[90mstdout[2m | src/components/InstructorDashboard.stories.jsx[2m > [22m[2mSingle Section Mobile
[22m[39m[Mock Data] Total grades in store: 28
[90mstdout[2m | src/components/InstructorDashboard.stories.jsx[2m > [22m[2mSingle Section Mobile
[22m[39m[Mock Data] Seeded grade: grade-29 for unit: unit-5
[90mstdout[2m | src/components/InstructorDashboard.stories.jsx[2m > [22m[2mSingle Section Mobile
[22m[39m[Mock Data] Grade has data: false
[90mstdout[2m | src/components/InstructorDashboard.stories.jsx[2m > [22m[2mSingle Section Mobile
[22m[39m[Mock Data] Total grades in store: 29
[90mstdout[2m | src/components/InstructorDashboard.stories.jsx[2m > [22m[2mSingle Section Mobile
[22m[39m[Mock Data] Seeded grade: grade-30 for unit: unit-4
[90mstdout[2m | src/components/InstructorDashboard.stories.jsx[2m > [22m[2mSingle Section Mobile
[22m[39m[Mock Data] Grade has data: false
[90mstdout[2m | src/components/InstructorDashboard.stories.jsx[2m > [22m[2mSingle Section Mobile
[22m[39m[Mock Data] Total grades in store: 30
[90mstdout[2m | src/components/InstructorDashboard.stories.jsx[2m > [22m[2mSingle Section Mobile
[22m[39m[Mock Data] Seeded grade: grade-31 for unit: unit-5
[90mstdout[2m | src/components/InstructorDashboard.stories.jsx[2m > [22m[2mSingle Section Mobile
[22m[39m[Mock Data] Grade has data: false
[90mstdout[2m | src/components/InstructorDashboard.stories.jsx[2m > [22m[2mSingle Section Mobile
[22m[39m[Mock Data] Total grades in store: 31
[90mstdout[2m | src/components/InstructorDashboard.stories.jsx[2m > [22m[2mSingle Section Mobile
[22m[39m[Mock Data] Seeded grade: grade-32 for unit: unit-2
[90mstdout[2m | src/components/InstructorDashboard.stories.jsx[2m > [22m[2mSingle Section Mobile
[22m[39m[Mock Data] Grade has data: false
[90mstdout[2m | src/components/InstructorDashboard.stories.jsx[2m > [22m[2mSingle Section Mobile
[22m[39m[Mock Data] Total grades in store: 32
[90mstdout[2m | src/components/InstructorDashboard.stories.jsx[2m > [22m[2mSingle Section Mobile
[22m[39m[TranslationModeController] Setting mode to: off
[90mstdout[2m | src/components/InstructorDashboard.stories.jsx[2m > [22m[2mSingle Section Mobile
[22m[39m[UnitContext] useEffect triggered {
  "authLoading": false,
  "hasUser": true,
  "id": "mock-unit-id",
  "userSub": "mock-user-sub",
}
[90mstdout[2m | src/components/InstructorDashboard.stories.jsx[2m > [22m[2mSingle Section Mobile
[22m[39m[UnitContext] Fetching unit data for id: mock-unit-id
[90mstdout[2m | src/components/InstructorDashboard.stories.jsx[2m > [22m[2mSingle Section Mobile
[22m[39m[FilesContext] Initializing vector store from IndexedDB
[90mstdout[2m | src/components/InstructorDashboard.stories.jsx[2m > [22m[2mSingle Section Mobile
[22m[39m[FilesContext] fetchFiles called
[90mstdout[2m | src/components/InstructorDashboard.stories.jsx[2m > [22m[2mSingle Section Mobile
[22m[39m[FilesContext] User authenticated: mock-user-sub
[90mstdout[2m | src/components/InstructorDashboard.stories.jsx[2m > [22m[2mSingle Section Mobile
[22m[39m[FilesContext] Identity ID: us-east-1:mock-identity-123
[90mstdout[2m | src/components/InstructorDashboard.stories.jsx[2m > [22m[2mSingle Section Mobile
[22m[39m[FilesContext] About to set up File observeQuery
[90mstdout[2m | src/components/InstructorDashboard.stories.jsx[2m > [22m[2mSingle Section Mobile
[22m[39m[ChatContext] Setting up AssistantChat observeQuery
[90mstdout[2m | src/components/InstructorDashboard.stories.jsx[2m > [22m[2mSingle Section Mobile
[22m[39m[ChatContext] Waiting for subscription to initialize
[90mstdout[2m | src/components/InstructorDashboard.stories.jsx[2m > [22m[2mSingle Section Mobile
[22m[39m[SettingsContext] Setting up Settings subscription for user: mock-user-sub
[90mstdout[2m | src/components/InstructorDashboard.stories.jsx[2m > [22m[2mSingle Section Mobile
[22m[39m[Mock Data] Settings created: mock-settings-1790417354798 - notified 0 subscribers
[90mstdout[2m | src/components/InstructorDashboard.stories.jsx[2m > [22m[2mSingle Section Mobile
[22m[39m[Mock Data] Unit.onUpdate() subscription added. Total: 1
[90mstdout[2m | src/components/InstructorDashboard.stories.jsx[2m > [22m[2mSingle Section Mobile
[22m[39m[SectionContext] Section observeQuery update: 0
[90mstdout[2m | src/components/InstructorDashboard.stories.jsx[2m > [22m[2mSingle Section Mobile
[22m[39m[FilesContext] File observeQuery update: 6 files
[90mstdout[2m | src/components/InstructorDashboard.stories.jsx[2m > [22m[2mSingle Section Mobile
[22m[39m[ChatContext] AssistantChat initialized with 1 chats
[90mstdout[2m | src/components/InstructorDashboard.stories.jsx[2m > [22m[2mSingle Section Mobile
[22m[39m[ChatContext] Setting initial chat: chat-flagged-1
[90mstdout[2m | src/components/InstructorDashboard.stories.jsx[2m > [22m[2mSingle Section Mobile
[22m[39m[MOCK CourseVectorStore] Initialized with mock data
[90mstdout[2m | src/components/InstructorDashboard.stories.jsx[2m > [22m[2mSingle Section Mobile
[22m[39m[FilesContext] Vector store population triggered {
  "currentVectorStoreSize": 3,
  "documentsCount": 0,
  "filesCount": 6,
  "isInitialLoad": true,
}
[90mstdout[2m | src/components/InstructorDashboard.stories.jsx[2m > [22m[2mSingle Section Mobile
[22m[39m[FilesContext] Vector store population complete - 3 total embeddings
[90mstdout[2m | src/components/InstructorDashboard.stories.jsx[2m > [22m[2mSingle Section Mobile
[22m[39m[ChatContext] Chat exists and not archived, skipping creation
[90mstdout[2m | src/components/InstructorDashboard.stories.jsx[2m > [22m[2mSingle Section Mobile
[22m[39m[Mock Storage] downloadData called with: undefined
 [32m✓[39m [30m[45m storybook (chromium) [49m[39m src/components/InstructorDashboard.stories.jsx [2m([22m[2m10 tests[22m[2m)[22m[33m 15128[2mms[22m[39m
   [33m[2m✓[22m[39m With Sections [33m 2657[2mms[22m[39m
   [33m[2m✓[22m[39m Single Section [33m 1085[2mms[22m[39m
   [33m[2m✓[22m[39m No Grade Data [33m 1052[2mms[22m[39m
   [33m[2m✓[22m[39m Loading [33m 792[2mms[22m[39m
   [33m[2m✓[22m[39m Mobile Viewport [33m 1976[2mms[22m[39m
   [33m[2m✓[22m[39m Tablet Viewport [33m 1961[2mms[22m[39m
   [33m[2m✓[22m[39m Desktop Viewport [33m 1815[2mms[22m[39m
   [33m[2m✓[22m[39m Multi Section Mobile [33m 1994[2mms[22m[39m
   [33m[2m✓[22m[39m Single Section Mobile [33m 1593[2mms[22m[39m
[90mstdout[2m | unknown test
[22m[39m[MOCK vectorStoreDB.js] Module loaded - mock IndexedDB operations
[90mstdout[2m | unknown test
[22m[39m[Task Completion] DOM action listeners initialized
[90mstdout[2m | unknown test
[22m[39m[Task Completion] Auto-completion detector initialized
[90mstdout[2m | unknown test
[22m[39m[Preview] Task completion detector initialized
[90mstdout[2m | .storybook/docs/QuickTour-Student.stories.tsx[2m > [22m[2m1. Student Dashboard
[22m[39m[Preview] Skipped clearing mock data (clearMockData=false)
[90mstdout[2m | .storybook/docs/QuickTour-Student.stories.tsx[2m > [22m[2m1. Student Dashboard
[22m[39m[Preview] Skipped initializing default mock data (initializeMockData=false)
[90mstdout[2m | .storybook/docs/QuickTour-Student.stories.tsx[2m > [22m[2m1. Student Dashboard
[22m[39m[Mock Auth] setMockUser: {
  "attributes": {
    "email": "alice@example.com",
    "name": "Alice Johnson",
    "sub": "student-alice-sub",
  },
  "groups": [
    "Learners",
    "section-jpn-101-learners",
    "section-jpn-102-learners",
  ],
  "username": "student-alice-sub",
}
[90mstdout[2m | .storybook/docs/QuickTour-Student.stories.tsx[2m > [22m[2m1. Student Dashboard
[22m[39m[Mock Data] seedMockUnit: Adding unit unit-japanese-1
[90mstdout[2m | .storybook/docs/QuickTour-Student.stories.tsx[2m > [22m[2m1. Student Dashboard
[22m[39m[Mock Data] seedMockUnit: Adding unit unit-japanese-2
[90mstdout[2m | .storybook/docs/QuickTour-Student.stories.tsx[2m > [22m[2m1. Student Dashboard
[22m[39m[Mock Data] seedMockUnit: Adding unit unit-japanese-3
[90mstdout[2m | .storybook/docs/QuickTour-Student.stories.tsx[2m > [22m[2m1. Student Dashboard
[22m[39m[Mock Data] seedMockUnit: Adding unit unit-kanji-basics
[90mstdout[2m | .storybook/docs/QuickTour-Student.stories.tsx[2m > [22m[2m1. Student Dashboard
[22m[39m[Mock Data] seedMockSections: Adding 2 sections
[90mstdout[2m | .storybook/docs/QuickTour-Student.stories.tsx[2m > [22m[2m1. Student Dashboard
[22m[39m[Mock Data] Seeding section: section-jpn-101 with owner: teacher-1
[90mstdout[2m | .storybook/docs/QuickTour-Student.stories.tsx[2m > [22m[2m1. Student Dashboard
[22m[39m[Mock Data] Seeding section: section-jpn-102 with owner: teacher-2
[90mstdout[2m | .storybook/docs/QuickTour-Student.stories.tsx[2m > [22m[2m1. Student Dashboard
[22m[39m[Mock Data] Total sections in store: 2
[90mstdout[2m | .storybook/docs/QuickTour-Student.stories.tsx[2m > [22m[2m1. Student Dashboard
[22m[39m[Mock Data] Sections in store: [
  {
    "id": "section-jpn-101",
    "name": "Japanese 101 - Spring 2024",
    "owner": "teacher-1",
  },
  {
    "id": "section-jpn-102",
    "name": "Japanese 102 - Advanced",
    "owner": "teacher-2",
  },
]
[90mstdout[2m | .storybook/docs/QuickTour-Student.stories.tsx[2m > [22m[2m1. Student Dashboard
[22m[39m[Mock Data] No active Section subscriptions to notify yet
[90mstdout[2m | .storybook/docs/QuickTour-Student.stories.tsx[2m > [22m[2m1. Student Dashboard
[22m[39m[Mock Data] seedMockAssignments: Adding 4 assignments
[90mstdout[2m | .storybook/docs/QuickTour-Student.stories.tsx[2m > [22m[2m1. Student Dashboard
[22m[39m[Mock Data] Total assignments in store: 4
[90mstdout[2m | .storybook/docs/QuickTour-Student.stories.tsx[2m > [22m[2m1. Student Dashboard
[22m[39m[Mock Data] Seeded grade: grade-alice-1 for unit: unit-japanese-1
[90mstdout[2m | .storybook/docs/QuickTour-Student.stories.tsx[2m > [22m[2m1. Student Dashboard
[22m[39m[Mock Data] Grade has data: true
[90mstdout[2m | .storybook/docs/QuickTour-Student.stories.tsx[2m > [22m[2m1. Student Dashboard
[22m[39m[Mock Data] Total grades in store: 1
[90mstdout[2m | .storybook/docs/QuickTour-Student.stories.tsx[2m > [22m[2m1. Student Dashboard
[22m[39m[Mock Data] Seeded grade: grade-alice-1-attempt2 for unit: unit-japanese-1
[90mstdout[2m | .storybook/docs/QuickTour-Student.stories.tsx[2m > [22m[2m1. Student Dashboard
[22m[39m[Mock Data] Grade has data: true
[90mstdout[2m | .storybook/docs/QuickTour-Student.stories.tsx[2m > [22m[2m1. Student Dashboard
[22m[39m[Mock Data] Total grades in store: 2
[90mstdout[2m | .storybook/docs/QuickTour-Student.stories.tsx[2m > [22m[2m1. Student Dashboard
[22m[39m[Mock Data] Seeded grade: grade-alice-2 for unit: unit-japanese-2
[90mstdout[2m | .storybook/docs/QuickTour-Student.stories.tsx[2m > [22m[2m1. Student Dashboard
[22m[39m[Mock Data] Grade has data: true
[90mstdout[2m | .storybook/docs/QuickTour-Student.stories.tsx[2m > [22m[2m1. Student Dashboard
[22m[39m[Mock Data] Total grades in store: 3
[90mstdout[2m | .storybook/docs/QuickTour-Student.stories.tsx[2m > [22m[2m1. Student Dashboard
[22m[39m[Mock Data] seedMockStudentProfiles: Adding 6 student profiles
[90mstdout[2m | .storybook/docs/QuickTour-Student.stories.tsx[2m > [22m[2m1. Student Dashboard
[22m[39m[Mock Data] seedMockHomeworkRooms: Adding 2 homework rooms
[90mstdout[2m | .storybook/docs/QuickTour-Student.stories.tsx[2m > [22m[2m1. Student Dashboard
[22m[39m[IndexPageData] Seeded student dashboard with {
  "assignments": 4,
  "grades": 3,
  "sections": 2,
  "units": 4,
}
[90mstdout[2m | .storybook/docs/QuickTour-Student.stories.tsx[2m > [22m[2m1. Student Dashboard
[22m[39m[MOCK CourseVectorStore] Initialized with mock data
[90mstdout[2m | .storybook/docs/QuickTour-Student.stories.tsx[2m > [22m[2m1. Student Dashboard
[22m[39m[MOCK CourseVectorStore] Initialized with mock data
[90mstdout[2m | .storybook/docs/QuickTour-Student.stories.tsx[2m > [22m[2m1. Student Dashboard
[22m[39m[MOCK CourseVectorStore] Initialized with mock data
[90mstdout[2m | .storybook/docs/QuickTour-Student.stories.tsx[2m > [22m[2m1. Student Dashboard
[22m[39m[useChatPageContext] Registering page context: {
  "dictionaryCount": 0,
  "filesCount": 0,
  "hasEditorRef": false,
  "hasUnit": false,
  "hasVectorStoreSearch": false,
  "questionsCount": 0,
  "sectionsCount": 0,
}
[90mstdout[2m | .storybook/docs/QuickTour-Student.stories.tsx[2m > [22m[2m1. Student Dashboard
[22m[39m[FilesContext] Initializing vector store from IndexedDB
[90mstdout[2m | .storybook/docs/QuickTour-Student.stories.tsx[2m > [22m[2m1. Student Dashboard
[22m[39m[FilesContext] fetchFiles called
[90mstdout[2m | .storybook/docs/QuickTour-Student.stories.tsx[2m > [22m[2m1. Student Dashboard
[22m[39m[FilesContext] User authenticated: student-alice-sub
[90mstdout[2m | .storybook/docs/QuickTour-Student.stories.tsx[2m > [22m[2m1. Student Dashboard
[22m[39m[FilesContext] Identity ID: identity-alice
[90mstdout[2m | .storybook/docs/QuickTour-Student.stories.tsx[2m > [22m[2m1. Student Dashboard
[22m[39m[FilesContext] About to set up File observeQuery
[90mstdout[2m | .storybook/docs/QuickTour-Student.stories.tsx[2m > [22m[2m1. Student Dashboard
[22m[39m[FilesContext] Initializing vector store from IndexedDB
[90mstdout[2m | .storybook/docs/QuickTour-Student.stories.tsx[2m > [22m[2m1. Student Dashboard
[22m[39m[FilesContext] fetchFiles called
[90mstdout[2m | .storybook/docs/QuickTour-Student.stories.tsx[2m > [22m[2m1. Student Dashboard
[22m[39m[FilesContext] User authenticated: student-alice-sub
[90mstdout[2m | .storybook/docs/QuickTour-Student.stories.tsx[2m > [22m[2m1. Student Dashboard
[22m[39m[FilesContext] Identity ID: identity-alice
[90mstdout[2m | .storybook/docs/QuickTour-Student.stories.tsx[2m > [22m[2m1. Student Dashboard
[22m[39m[FilesContext] About to set up File observeQuery
[90mstdout[2m | .storybook/docs/QuickTour-Student.stories.tsx[2m > [22m[2m1. Student Dashboard
[22m[39m[TranslationModeController] Setting mode to: off
[90mstdout[2m | .storybook/docs/QuickTour-Student.stories.tsx[2m > [22m[2m1. Student Dashboard
[22m[39m[FilesContext] Initializing vector store from IndexedDB
[90mstdout[2m | .storybook/docs/QuickTour-Student.stories.tsx[2m > [22m[2m1. Student Dashboard
[22m[39m[FilesContext] fetchFiles called
[90mstdout[2m | .storybook/docs/QuickTour-Student.stories.tsx[2m > [22m[2m1. Student Dashboard
[22m[39m[FilesContext] User authenticated: student-alice-sub
[90mstdout[2m | .storybook/docs/QuickTour-Student.stories.tsx[2m > [22m[2m1. Student Dashboard
[22m[39m[FilesContext] Identity ID: identity-alice
[90mstdout[2m | .storybook/docs/QuickTour-Student.stories.tsx[2m > [22m[2m1. Student Dashboard
[22m[39m[FilesContext] About to set up File observeQuery
[90mstdout[2m | .storybook/docs/QuickTour-Student.stories.tsx[2m > [22m[2m1. Student Dashboard
[22m[39m[ChatContext] Setting up AssistantChat observeQuery
[90mstdout[2m | .storybook/docs/QuickTour-Student.stories.tsx[2m > [22m[2m1. Student Dashboard
[22m[39m[ChatContext] Waiting for subscription to initialize
[90mstdout[2m | .storybook/docs/QuickTour-Student.stories.tsx[2m > [22m[2m1. Student Dashboard
[22m[39m[SettingsContext] Setting up Settings subscription for user: student-alice-sub
[90mstdout[2m | .storybook/docs/QuickTour-Student.stories.tsx[2m > [22m[2m1. Student Dashboard
[22m[39m[Mock Data] Settings created: mock-settings-1790417365586 - notified 0 subscribers
[90mstdout[2m | .storybook/docs/QuickTour-Student.stories.tsx[2m > [22m[2m1. Student Dashboard
[22m[39m[FilesContext] File observeQuery update: 0 files
[90mstdout[2m | .storybook/docs/QuickTour-Student.stories.tsx[2m > [22m[2m1. Student Dashboard
[22m[39m[FilesContext] File observeQuery update: 0 files
[90mstdout[2m | .storybook/docs/QuickTour-Student.stories.tsx[2m > [22m[2m1. Student Dashboard
[22m[39m[FilesContext] File observeQuery update: 0 files
[90mstdout[2m | .storybook/docs/QuickTour-Student.stories.tsx[2m > [22m[2m1. Student Dashboard
[22m[39m[ChatContext] AssistantChat initialized with 0 chats
[90mstdout[2m | .storybook/docs/QuickTour-Student.stories.tsx[2m > [22m[2m1. Student Dashboard
[22m[39m[MOCK CourseVectorStore] Initialized with mock data
[90mstdout[2m | .storybook/docs/QuickTour-Student.stories.tsx[2m > [22m[2m1. Student Dashboard
[22m[39m[MOCK CourseVectorStore] Initialized with mock data
[90mstdout[2m | .storybook/docs/QuickTour-Student.stories.tsx[2m > [22m[2m1. Student Dashboard
[22m[39m[MOCK CourseVectorStore] Initialized with mock data
[90mstdout[2m | .storybook/docs/QuickTour-Student.stories.tsx[2m > [22m[2m1. Student Dashboard
[22m[39m[ChatContext] No current chat available, will create one
[90mstdout[2m | .storybook/docs/QuickTour-Student.stories.tsx[2m > [22m[2m1. Student Dashboard
[22m[39m[ChatContext] Creating AssistantChat with user: undefined
[90mstdout[2m | .storybook/docs/QuickTour-Student.stories.tsx[2m > [22m[2m1. Student Dashboard
[22m[39m[Mock Data] AssistantChat created: mock-assistantchat-1790417366022 - notified 1 subscribers
[90mstdout[2m | .storybook/docs/QuickTour-Student.stories.tsx[2m > [22m[2m1. Student Dashboard
[22m[39m[ChatContext] Create result: {
  "data": {
    "_version": 1,
    "archived": false,
    "chatFiles": [Function anonymous],
    "createdAt": "2026-09-26T10:09:26.022Z",
    "id": "mock-assistantchat-1790417366022",
    "model": "gpt-4",
    "updatedAt": "2026-09-26T10:09:26.022Z",
  },
  "errors": [],
  "hasData": true,
  "hasErrors": true,
}
[90mstdout[2m | .storybook/docs/QuickTour-Student.stories.tsx[2m > [22m[2m1. Student Dashboard
[22m[39m[ChatContext] Created AssistantChat: mock-assistantchat-1790417366022 at: 2026-09-26T10:09:26.022Z
[90mstdout[2m | .storybook/docs/QuickTour-Student.stories.tsx[2m > [22m[2m1. Student Dashboard
[22m[39m[ChatContext] Setting initial chat: mock-assistantchat-1790417366022
[90mstdout[2m | .storybook/docs/QuickTour-Student.stories.tsx[2m > [22m[2m1. Student Dashboard
[22m[39m[ChatContext] Chat exists and not archived, skipping creation
[90mstdout[2m | .storybook/docs/QuickTour-Student.stories.tsx[2m > [22m[2m1. Student Dashboard
[22m[39mMock Cache.getItem called with: getCachedUrl_/story-mocks/animals-10008941_1280.jpg
[90mstdout[2m | .storybook/docs/QuickTour-Student.stories.tsx[2m > [22m[2m1. Student Dashboard
[22m[39mMock getUrl called with: /story-mocks/animals-10008941_1280.jpg
[90mstdout[2m | .storybook/docs/QuickTour-Student.stories.tsx[2m > [22m[2m1. Student Dashboard
[22m[39mMock Cache.setItem called with: getCachedUrl_/story-mocks/animals-10008941_1280.jpg /story-mocks/animals-10008941_1280.jpg
[90mstdout[2m | .storybook/docs/QuickTour-Student.stories.tsx[2m > [22m[2m2. Section & Assignments
[22m[39m[ChatContext] Cleaning up subscriptions
[90mstdout[2m | .storybook/docs/QuickTour-Student.stories.tsx[2m > [22m[2m2. Section & Assignments
[22m[39m[useChatPageContext] Cleaning up page context
[90mstdout[2m | .storybook/docs/QuickTour-Student.stories.tsx[2m > [22m[2m2. Section & Assignments
[22m[39m[Preview] Skipped clearing mock data (clearMockData=false)
[90mstdout[2m | .storybook/docs/QuickTour-Student.stories.tsx[2m > [22m[2m2. Section & Assignments
[22m[39m[Preview] Skipped initializing default mock data (initializeMockData=false)
[90mstdout[2m | .storybook/docs/QuickTour-Student.stories.tsx[2m > [22m[2m2. Section & Assignments
[22m[39m[Mock Auth] setMockUser: {
  "attributes": {
    "email": "alice@example.com",
    "name": "Alice Johnson",
    "sub": "student-alice-sub",
  },
  "groups": [
    "Learners",
    "section-jpn-101-learners",
    "section-jpn-102-learners",
  ],
  "username": "student-alice-sub",
}
[90mstdout[2m | .storybook/docs/QuickTour-Student.stories.tsx[2m > [22m[2m2. Section & Assignments
[22m[39m[Mock Data] seedMockUnit: Adding unit unit-japanese-1
[90mstdout[2m | .storybook/docs/QuickTour-Student.stories.tsx[2m > [22m[2m2. Section & Assignments
[22m[39m[Mock Data] seedMockUnit: Adding unit unit-japanese-2
[90mstdout[2m | .storybook/docs/QuickTour-Student.stories.tsx[2m > [22m[2m2. Section & Assignments
[22m[39m[Mock Data] seedMockUnit: Adding unit unit-japanese-3
[90mstdout[2m | .storybook/docs/QuickTour-Student.stories.tsx[2m > [22m[2m2. Section & Assignments
[22m[39m[Mock Data] seedMockUnit: Adding unit unit-kanji-basics
[90mstdout[2m | .storybook/docs/QuickTour-Student.stories.tsx[2m > [22m[2m2. Section & Assignments
[22m[39m[Mock Data] seedMockSections: Adding 2 sections
[90mstdout[2m | .storybook/docs/QuickTour-Student.stories.tsx[2m > [22m[2m2. Section & Assignments
[22m[39m[Mock Data] Seeding section: section-jpn-101 with owner: teacher-1
[90mstdout[2m | .storybook/docs/QuickTour-Student.stories.tsx[2m > [22m[2m2. Section & Assignments
[22m[39m[Mock Data] Seeding section: section-jpn-102 with owner: teacher-2
[90mstdout[2m | .storybook/docs/QuickTour-Student.stories.tsx[2m > [22m[2m2. Section & Assignments
[22m[39m[Mock Data] Total sections in store: 2
[90mstdout[2m | .storybook/docs/QuickTour-Student.stories.tsx[2m > [22m[2m2. Section & Assignments
[22m[39m[Mock Data] Sections in store: [
  {
    "id": "section-jpn-101",
    "name": "Japanese 101 - Spring 2024",
    "owner": "teacher-1",
  },
  {
    "id": "section-jpn-102",
    "name": "Japanese 102 - Advanced",
    "owner": "teacher-2",
  },
]
[90mstdout[2m | .storybook/docs/QuickTour-Student.stories.tsx[2m > [22m[2m2. Section & Assignments
[22m[39m[Mock Data] No active Section subscriptions to notify yet
[90mstdout[2m | .storybook/docs/QuickTour-Student.stories.tsx[2m > [22m[2m2. Section & Assignments
[22m[39m[Mock Data] seedMockAssignments: Adding 4 assignments
[90mstdout[2m | .storybook/docs/QuickTour-Student.stories.tsx[2m > [22m[2m2. Section & Assignments
[22m[39m[Mock Data] Total assignments in store: 4
[90mstdout[2m | .storybook/docs/QuickTour-Student.stories.tsx[2m > [22m[2m2. Section & Assignments
[22m[39m[Mock Data] Seeded grade: grade-alice-1 for unit: unit-japanese-1
[90mstdout[2m | .storybook/docs/QuickTour-Student.stories.tsx[2m > [22m[2m2. Section & Assignments
[22m[39m[Mock Data] Grade has data: true
[90mstdout[2m | .storybook/docs/QuickTour-Student.stories.tsx[2m > [22m[2m2. Section & Assignments
[22m[39m[Mock Data] Total grades in store: 1
[90mstdout[2m | .storybook/docs/QuickTour-Student.stories.tsx[2m > [22m[2m2. Section & Assignments
[22m[39m[Mock Data] Seeded grade: grade-alice-1-attempt2 for unit: unit-japanese-1
[90mstdout[2m | .storybook/docs/QuickTour-Student.stories.tsx[2m > [22m[2m2. Section & Assignments
[22m[39m[Mock Data] Grade has data: true
[90mstdout[2m | .storybook/docs/QuickTour-Student.stories.tsx[2m > [22m[2m2. Section & Assignments
[22m[39m[Mock Data] Total grades in store: 2
[90mstdout[2m | .storybook/docs/QuickTour-Student.stories.tsx[2m > [22m[2m2. Section & Assignments
[22m[39m[Mock Data] Seeded grade: grade-alice-2 for unit: unit-japanese-2
[90mstdout[2m | .storybook/docs/QuickTour-Student.stories.tsx[2m > [22m[2m2. Section & Assignments
[22m[39m[Mock Data] Grade has data: true
[90mstdout[2m | .storybook/docs/QuickTour-Student.stories.tsx[2m > [22m[2m2. Section & Assignments
[22m[39m[Mock Data] Total grades in store: 3
[90mstdout[2m | .storybook/docs/QuickTour-Student.stories.tsx[2m > [22m[2m2. Section & Assignments
[22m[39m[Mock Data] seedMockStudentProfiles: Adding 6 student profiles
[90mstdout[2m | .storybook/docs/QuickTour-Student.stories.tsx[2m > [22m[2m2. Section & Assignments
[22m[39m[Mock Data] seedMockHomeworkRooms: Adding 2 homework rooms
[90mstdout[2m | .storybook/docs/QuickTour-Student.stories.tsx[2m > [22m[2m2. Section & Assignments
[22m[39m[IndexPageData] Seeded student dashboard with {
  "assignments": 4,
  "grades": 3,
  "sections": 2,
  "units": 4,
}
[90mstdout[2m | .storybook/docs/QuickTour-Student.stories.tsx[2m > [22m[2m2. Section & Assignments
[22m[39m[MOCK CourseVectorStore] Initialized with mock data
[90mstdout[2m | .storybook/docs/QuickTour-Student.stories.tsx[2m > [22m[2m2. Section & Assignments
[22m[39m[MOCK CourseVectorStore] Initialized with mock data
[90mstdout[2m | .storybook/docs/QuickTour-Student.stories.tsx[2m > [22m[2m2. Section & Assignments
[22m[39m[useChatPageContext] Registering page context: {
  "dictionaryCount": 0,
  "filesCount": 0,
  "hasEditorRef": false,
  "hasUnit": false,
  "hasVectorStoreSearch": false,
  "questionsCount": 0,
  "sectionsCount": 0,
}
[90mstdout[2m | .storybook/docs/QuickTour-Student.stories.tsx[2m > [22m[2m2. Section & Assignments
[22m[39m[Mock Auth] getCurrentUser returning: {
  "attributes": {
    "email": "alice@example.com",
    "name": "Alice Johnson",
    "sub": "student-alice-sub",
  },
  "groups": [
    "Learners",
    "section-jpn-101-learners",
    "section-jpn-102-learners",
  ],
  "username": "student-alice-sub",
}
[90mstdout[2m | .storybook/docs/QuickTour-Student.stories.tsx[2m > [22m[2m2. Section & Assignments
[22m[39m[SectionDetail] Section query useEffect - id: section-jpn-101
[90mstdout[2m | .storybook/docs/QuickTour-Student.stories.tsx[2m > [22m[2m2. Section & Assignments
[22m[39m[FilesContext] Initializing vector store from IndexedDB
[90mstdout[2m | .storybook/docs/QuickTour-Student.stories.tsx[2m > [22m[2m2. Section & Assignments
[22m[39m[FilesContext] fetchFiles called
[90mstdout[2m | .storybook/docs/QuickTour-Student.stories.tsx[2m > [22m[2m2. Section & Assignments
[22m[39m[FilesContext] User authenticated: student-alice-sub
[90mstdout[2m | .storybook/docs/QuickTour-Student.stories.tsx[2m > [22m[2m2. Section & Assignments
[22m[39m[FilesContext] Identity ID: identity-alice
[90mstdout[2m | .storybook/docs/QuickTour-Student.stories.tsx[2m > [22m[2m2. Section & Assignments
[22m[39m[FilesContext] About to set up File observeQuery
[90mstdout[2m | .storybook/docs/QuickTour-Student.stories.tsx[2m > [22m[2m2. Section & Assignments
[22m[39m[TranslationModeController] Setting mode to: off
[90mstdout[2m | .storybook/docs/QuickTour-Student.stories.tsx[2m > [22m[2m2. Section & Assignments
[22m[39m[FilesContext] Initializing vector store from IndexedDB
[90mstdout[2m | .storybook/docs/QuickTour-Student.stories.tsx[2m > [22m[2m2. Section & Assignments
[22m[39m[FilesContext] fetchFiles called
[90mstdout[2m | .storybook/docs/QuickTour-Student.stories.tsx[2m > [22m[2m2. Section & Assignments
[22m[39m[FilesContext] User authenticated: student-alice-sub
[90mstdout[2m | .storybook/docs/QuickTour-Student.stories.tsx[2m > [22m[2m2. Section & Assignments
[22m[39m[FilesContext] Identity ID: identity-alice
[90mstdout[2m | .storybook/docs/QuickTour-Student.stories.tsx[2m > [22m[2m2. Section & Assignments
[22m[39m[FilesContext] About to set up File observeQuery
[90mstdout[2m | .storybook/docs/QuickTour-Student.stories.tsx[2m > [22m[2m2. Section & Assignments
[22m[39m[ChatContext] Setting up AssistantChat observeQuery
[90mstdout[2m | .storybook/docs/QuickTour-Student.stories.tsx[2m > [22m[2m2. Section & Assignments
[22m[39m[ChatContext] Waiting for subscription to initialize
[90mstdout[2m | .storybook/docs/QuickTour-Student.stories.tsx[2m > [22m[2m2. Section & Assignments
[22m[39m[SettingsContext] Setting up Settings subscription for user: student-alice-sub
[90mstdout[2m | .storybook/docs/QuickTour-Student.stories.tsx[2m > [22m[2m2. Section & Assignments
[22m[39m[Mock Data] Settings created: mock-settings-1790417369966 - notified 0 subscribers
[90mstdout[2m | .storybook/docs/QuickTour-Student.stories.tsx[2m > [22m[2m2. Section & Assignments
[22m[39munitUpdate {
  "items": [
    {
      "_deleted": false,
      "_lastChangedAt": 1704898800000,
      "_version": 3,
      "createdAt": "2024-01-01T10:00:00.000Z",
      "data": "{"root":{"type":"root","children":[{"type":"heading","tag":"h1","direction":"ltr","format":"","indent":0,"version":1,"children":[{"type":"text","text":"Japanese Greetings","format":0,"detail":0,"mode":"normal","style":"","version":1}]}],"direction":"ltr","format":"","indent":0,"version":1}}",
      "description": "Learn basic Japanese greetings and self-introduction phrases",
      "featuredImage": "/story-mocks/piano-10046998_1280.jpg",
      "id": "unit-japanese-1",
      "identityId": "us-east-1:teacher-identity-1",
      "name": "Introduction to Japanese Greetings",
      "owner": "teacher-1",
      "published": true,
      "status": "PUBLISHED",
      "unitFiles": [Function anonymous],
      "unitWords": [Function anonymous],
      "updatedAt": "2024-01-10T15:00:00.000Z",
    },
    {
      "_deleted": false,
      "_lastChangedAt": 1705071600000,
      "_version": 2,
      "createdAt": "2024-01-05T10:00:00.000Z",
      "data": "{"root":{"type":"root","children":[{"type":"heading","tag":"h1","direction":"ltr","format":"","indent":0,"version":1,"children":[{"type":"text","text":"Numbers and Counting","format":0,"detail":0,"mode":"normal","style":"","version":1}]}],"direction":"ltr","format":"","indent":0,"version":1}}",
      "description": "Master numbers 1-100 and counting objects in Japanese",
      "featuredImage": "/story-mocks/animals-10008941_1280.jpg",
      "id": "unit-japanese-2",
      "identityId": "us-east-1:teacher-identity-1",
      "name": "Japanese Numbers and Counting",
      "owner": "teacher-1",
      "published": true,
      "status": "PUBLISHED",
      "timeLimitSeconds": 120,
      "unitFiles": [Function anonymous],
      "unitWords": [Function anonymous],
      "updatedAt": "2024-01-12T15:00:00.000Z",
    },
    {
      "_deleted": false,
      "_lastChangedAt": 1705330800000,
      "_version": 1,
      "createdAt": "2024-01-10T10:00:00.000Z",
      "data": "{"root":{"type":"root","children":[{"type":"heading","tag":"h1","direction":"ltr","format":"","indent":0,"version":1,"children":[{"type":"text","text":"Daily Activities","format":0,"detail":0,"mode":"normal","style":"","version":1}]}],"direction":"ltr","format":"","indent":0,"version":1}}",
      "description": "Vocabulary for talking about your daily routine",
      "featuredImage": "/story-mocks/namibia-9992336_1280.jpg",
      "id": "unit-japanese-3",
      "identityId": "us-east-1:teacher-identity-1",
      "name": "Daily Activities Vocabulary",
      "owner": "teacher-1",
      "published": true,
      "status": "PUBLISHED",
      "unitFiles": [Function anonymous],
      "unitWords": [Function anonymous],
      "updatedAt": "2024-01-15T15:00:00.000Z",
    },
    {
      "_deleted": false,
      "_lastChangedAt": 1705590000000,
      "_version": 4,
      "createdAt": "2024-01-08T10:00:00.000Z",
      "data": "{"root":{"type":"root","children":[{"type":"heading","tag":"h1","direction":"ltr","format":"","indent":0,"version":1,"children":[{"type":"text","text":"Basic Kanji","format":0,"detail":0,"mode":"normal","style":"","version":1}]}],"direction":"ltr","format":"","indent":0,"version":1}}",
      "description": "Introduction to the first 50 essential kanji characters",
      "featuredImage": "/story-mocks/320px-Test_sign.jpg",
      "id": "unit-kanji-basics",
      "identityId": "us-east-1:teacher-identity-2",
      "name": "Kanji Basics - First 50 Characters",
      "owner": "teacher-2",
      "published": true,
      "status": "PUBLISHED",
      "unitFiles": [Function anonymous],
      "unitWords": [Function anonymous],
      "updatedAt": "2024-01-18T15:00:00.000Z",
    },
  ],
}
[90mstdout[2m | .storybook/docs/QuickTour-Student.stories.tsx[2m > [22m[2m2. Section & Assignments
[22m[39munitMap {
  "unit-japanese-1": {
    "_deleted": false,
    "_lastChangedAt": 1704898800000,
    "_version": 3,
    "createdAt": "2024-01-01T10:00:00.000Z",
    "data": "{"root":{"type":"root","children":[{"type":"heading","tag":"h1","direction":"ltr","format":"","indent":0,"version":1,"children":[{"type":"text","text":"Japanese Greetings","format":0,"detail":0,"mode":"normal","style":"","version":1}]}],"direction":"ltr","format":"","indent":0,"version":1}}",
    "description": "Learn basic Japanese greetings and self-introduction phrases",
    "featuredImage": "/story-mocks/piano-10046998_1280.jpg",
    "id": "unit-japanese-1",
    "identityId": "us-east-1:teacher-identity-1",
    "name": "Introduction to Japanese Greetings",
    "owner": "teacher-1",
    "published": true,
    "status": "PUBLISHED",
    "unitFiles": [Function anonymous],
    "unitWords": [Function anonymous],
    "updatedAt": "2024-01-10T15:00:00.000Z",
  },
  "unit-japanese-2": {
    "_deleted": false,
    "_lastChangedAt": 1705071600000,
    "_version": 2,
    "createdAt": "2024-01-05T10:00:00.000Z",
    "data": "{"root":{"type":"root","children":[{"type":"heading","tag":"h1","direction":"ltr","format":"","indent":0,"version":1,"children":[{"type":"text","text":"Numbers and Counting","format":0,"detail":0,"mode":"normal","style":"","version":1}]}],"direction":"ltr","format":"","indent":0,"version":1}}",
    "description": "Master numbers 1-100 and counting objects in Japanese",
    "featuredImage": "/story-mocks/animals-10008941_1280.jpg",
    "id": "unit-japanese-2",
    "identityId": "us-east-1:teacher-identity-1",
    "name": "Japanese Numbers and Counting",
    "owner": "teacher-1",
    "published": true,
    "status": "PUBLISHED",
    "timeLimitSeconds": 120,
    "unitFiles": [Function anonymous],
    "unitWords": [Function anonymous],
    "updatedAt": "2024-01-12T15:00:00.000Z",
  },
  "unit-japanese-3": {
    "_deleted": false,
    "_lastChangedAt": 1705330800000,
    "_version": 1,
    "createdAt": "2024-01-10T10:00:00.000Z",
    "data": "{"root":{"type":"root","children":[{"type":"heading","tag":"h1","direction":"ltr","format":"","indent":0,"version":1,"children":[{"type":"text","text":"Daily Activities","format":0,"detail":0,"mode":"normal","style":"","version":1}]}],"direction":"ltr","format":"","indent":0,"version":1}}",
    "description": "Vocabulary for talking about your daily routine",
    "featuredImage": "/story-mocks/namibia-9992336_1280.jpg",
    "id": "unit-japanese-3",
    "identityId": "us-east-1:teacher-identity-1",
    "name": "Daily Activities Vocabulary",
    "owner": "teacher-1",
    "published": true,
    "status": "PUBLISHED",
    "unitFiles": [Function anonymous],
    "unitWords": [Function anonymous],
    "updatedAt": "2024-01-15T15:00:00.000Z",
  },
  "unit-kanji-basics": {
    "_deleted": false,
    "_lastChangedAt": 1705590000000,
    "_version": 4,
    "createdAt": "2024-01-08T10:00:00.000Z",
    "data": "{"root":{"type":"root","children":[{"type":"heading","tag":"h1","direction":"ltr","format":"","indent":0,"version":1,"children":[{"type":"text","text":"Basic Kanji","format":0,"detail":0,"mode":"normal","style":"","version":1}]}],"direction":"ltr","format":"","indent":0,"version":1}}",
    "description": "Introduction to the first 50 essential kanji characters",
    "featuredImage": "/story-mocks/320px-Test_sign.jpg",
    "id": "unit-kanji-basics",
    "identityId": "us-east-1:teacher-identity-2",
    "name": "Kanji Basics - First 50 Characters",
    "owner": "teacher-2",
    "published": true,
    "status": "PUBLISHED",
    "unitFiles": [Function anonymous],
    "unitWords": [Function anonymous],
    "updatedAt": "2024-01-18T15:00:00.000Z",
  },
}
[90mstdout[2m | .storybook/docs/QuickTour-Student.stories.tsx[2m > [22m[2m2. Section & Assignments
[22m[39msectionData [
  {
    "_deleted": false,
    "_lastChangedAt": 1704096000000,
    "_version": 1,
    "code": "JPN101SPRING",
    "createdAt": "2024-01-01T08:00:00.000Z",
    "description": "Beginner Japanese language course",
    "featuredImage": "/story-mocks/sand-4753305_1280.jpg",
    "id": "section-jpn-101",
    "identityId": "us-east-1:teacher-identity-1",
    "learner": "section-jpn-101-learners",
    "name": "Japanese 101 - Spring 2024",
    "owner": "teacher-1",
    "status": "PUBLISHED",
    "updatedAt": "2024-01-01T08:00:00.000Z",
  },
]
[90mstdout[2m | .storybook/docs/QuickTour-Student.stories.tsx[2m > [22m[2m2. Section & Assignments
[22m[39m[FilesContext] File observeQuery update: 0 files
[90mstdout[2m | .storybook/docs/QuickTour-Student.stories.tsx[2m > [22m[2m2. Section & Assignments
[22m[39m[FilesContext] File observeQuery update: 0 files
[90mstdout[2m | .storybook/docs/QuickTour-Student.stories.tsx[2m > [22m[2m2. Section & Assignments
[22m[39m[ChatContext] AssistantChat initialized with 0 chats
[90mstdout[2m | .storybook/docs/QuickTour-Student.stories.tsx[2m > [22m[2m2. Section & Assignments
[22m[39m[MOCK CourseVectorStore] Initialized with mock data
[90mstdout[2m | .storybook/docs/QuickTour-Student.stories.tsx[2m > [22m[2m2. Section & Assignments
[22m[39m[MOCK CourseVectorStore] Initialized with mock data
[90mstdout[2m | .storybook/docs/QuickTour-Student.stories.tsx[2m > [22m[2m2. Section & Assignments
[22m[39m[useChatPageContext] Cleaning up page context
[90mstdout[2m | .storybook/docs/QuickTour-Student.stories.tsx[2m > [22m[2m2. Section & Assignments
[22m[39m[useChatPageContext] Registering page context: {
  "dictionaryCount": 0,
  "filesCount": 0,
  "hasEditorRef": false,
  "hasUnit": false,
  "hasVectorStoreSearch": false,
  "questionsCount": 0,
  "sectionsCount": 1,
}
[90mstdout[2m | .storybook/docs/QuickTour-Student.stories.tsx[2m > [22m[2m2. Section & Assignments
[22m[39mfetchSectionStudents - not owner student-alice-sub teacher-1
[90mstdout[2m | .storybook/docs/QuickTour-Student.stories.tsx[2m > [22m[2m2. Section & Assignments
[22m[39m[ChatContext] No current chat available, will create one
[90mstdout[2m | .storybook/docs/QuickTour-Student.stories.tsx[2m > [22m[2m2. Section & Assignments
[22m[39m[ChatContext] Creating AssistantChat with user: undefined
[90mstdout[2m | .storybook/docs/QuickTour-Student.stories.tsx[2m > [22m[2m2. Section & Assignments
[22m[39m[Mock Data] AssistantChat created: mock-assistantchat-1790417370426 - notified 1 subscribers
[90mstdout[2m | .storybook/docs/QuickTour-Student.stories.tsx[2m > [22m[2m2. Section & Assignments
[22m[39m[ChatContext] Create result: {
  "data": {
    "_version": 1,
    "archived": false,
    "chatFiles": [Function anonymous],
    "createdAt": "2026-09-26T10:09:30.426Z",
    "id": "mock-assistantchat-1790417370426",
    "model": "gpt-4",
    "updatedAt": "2026-09-26T10:09:30.426Z",
  },
  "errors": [],
  "hasData": true,
  "hasErrors": true,
}
[90mstdout[2m | .storybook/docs/QuickTour-Student.stories.tsx[2m > [22m[2m2. Section & Assignments
[22m[39m[ChatContext] Created AssistantChat: mock-assistantchat-1790417370426 at: 2026-09-26T10:09:30.426Z
[90mstdout[2m | .storybook/docs/QuickTour-Student.stories.tsx[2m > [22m[2m2. Section & Assignments
[22m[39m[ChatContext] Setting initial chat: mock-assistantchat-1790417370426
[90mstdout[2m | .storybook/docs/QuickTour-Student.stories.tsx[2m > [22m[2m2. Section & Assignments
[22m[39m[ChatContext] Chat exists and not archived, skipping creation
[90mstdout[2m | .storybook/docs/QuickTour-Student.stories.tsx[2m > [22m[2m2. Section & Assignments
[22m[39mMock Cache.getItem called with: getCachedUrl_/story-mocks/sand-4753305_1280.jpg
[90mstdout[2m | .storybook/docs/QuickTour-Student.stories.tsx[2m > [22m[2m2. Section & Assignments
[22m[39mMock getUrl called with: /story-mocks/sand-4753305_1280.jpg
[90mstdout[2m | .storybook/docs/QuickTour-Student.stories.tsx[2m > [22m[2m2. Section & Assignments
[22m[39mMock Cache.setItem called with: getCachedUrl_/story-mocks/sand-4753305_1280.jpg /story-mocks/sand-4753305_1280.jpg
[90mstdout[2m | .storybook/docs/QuickTour-Student.stories.tsx[2m > [22m[2m3. Workbook
[22m[39m[ChatContext] Cleaning up subscriptions
[90mstdout[2m | .storybook/docs/QuickTour-Student.stories.tsx[2m > [22m[2m3. Workbook
[22m[39m[useChatPageContext] Cleaning up page context
[90mstdout[2m | .storybook/docs/QuickTour-Student.stories.tsx[2m > [22m[2m3. Workbook
[22m[39m[Preview] Skipped clearing mock data (clearMockData=false)
[90mstdout[2m | .storybook/docs/QuickTour-Student.stories.tsx[2m > [22m[2m3. Workbook
[22m[39m[Preview] Skipped initializing default mock data (initializeMockData=false)
[90mstdout[2m | .storybook/docs/QuickTour-Student.stories.tsx[2m > [22m[2m3. Workbook
[22m[39m[Mock Auth] setMockUser: {
  "attributes": {
    "email": "alice@example.com",
    "name": "Alice Johnson",
    "sub": "student-alice-sub",
  },
  "groups": [
    "Learners",
    "section-jpn-101-learners",
    "section-jpn-102-learners",
  ],
  "username": "student-alice-sub",
}
[90mstdout[2m | .storybook/docs/QuickTour-Student.stories.tsx[2m > [22m[2m3. Workbook
[22m[39m[Mock Data] seedMockUnit: Adding unit unit-japanese-1
[90mstdout[2m | .storybook/docs/QuickTour-Student.stories.tsx[2m > [22m[2m3. Workbook
[22m[39m[Mock Data] seedMockUnit: Adding unit unit-japanese-2
[90mstdout[2m | .storybook/docs/QuickTour-Student.stories.tsx[2m > [22m[2m3. Workbook
[22m[39m[Mock Data] seedMockUnit: Adding unit unit-japanese-3
[90mstdout[2m | .storybook/docs/QuickTour-Student.stories.tsx[2m > [22m[2m3. Workbook
[22m[39m[Mock Data] seedMockUnit: Adding unit unit-kanji-basics
[90mstdout[2m | .storybook/docs/QuickTour-Student.stories.tsx[2m > [22m[2m3. Workbook
[22m[39m[Mock Data] seedMockSections: Adding 2 sections
[90mstdout[2m | .storybook/docs/QuickTour-Student.stories.tsx[2m > [22m[2m3. Workbook
[22m[39m[Mock Data] Seeding section: section-jpn-101 with owner: teacher-1
[90mstdout[2m | .storybook/docs/QuickTour-Student.stories.tsx[2m > [22m[2m3. Workbook
[22m[39m[Mock Data] Seeding section: section-jpn-102 with owner: teacher-2
[90mstdout[2m | .storybook/docs/QuickTour-Student.stories.tsx[2m > [22m[2m3. Workbook
[22m[39m[Mock Data] Total sections in store: 2
[90mstdout[2m | .storybook/docs/QuickTour-Student.stories.tsx[2m > [22m[2m3. Workbook
[22m[39m[Mock Data] Sections in store: [
  {
    "id": "section-jpn-101",
    "name": "Japanese 101 - Spring 2024",
    "owner": "teacher-1",
  },
  {
    "id": "section-jpn-102",
    "name": "Japanese 102 - Advanced",
    "owner": "teacher-2",
  },
]
[90mstdout[2m | .storybook/docs/QuickTour-Student.stories.tsx[2m > [22m[2m3. Workbook
[22m[39m[Mock Data] No active Section subscriptions to notify yet
[90mstdout[2m | .storybook/docs/QuickTour-Student.stories.tsx[2m > [22m[2m3. Workbook
[22m[39m[Mock Data] seedMockAssignments: Adding 4 assignments
[90mstdout[2m | .storybook/docs/QuickTour-Student.stories.tsx[2m > [22m[2m3. Workbook
[22m[39m[Mock Data] Total assignments in store: 4
[90mstdout[2m | .storybook/docs/QuickTour-Student.stories.tsx[2m > [22m[2m3. Workbook
[22m[39m[Mock Data] Seeded grade: grade-alice-1 for unit: unit-japanese-1
[90mstdout[2m | .storybook/docs/QuickTour-Student.stories.tsx[2m > [22m[2m3. Workbook
[22m[39m[Mock Data] Grade has data: true
[90mstdout[2m | .storybook/docs/QuickTour-Student.stories.tsx[2m > [22m[2m3. Workbook
[22m[39m[Mock Data] Total grades in store: 1
[90mstdout[2m | .storybook/docs/QuickTour-Student.stories.tsx[2m > [22m[2m3. Workbook
[22m[39m[Mock Data] Seeded grade: grade-alice-1-attempt2 for unit: unit-japanese-1
[90mstdout[2m | .storybook/docs/QuickTour-Student.stories.tsx[2m > [22m[2m3. Workbook
[22m[39m[Mock Data] Grade has data: true
[90mstdout[2m | .storybook/docs/QuickTour-Student.stories.tsx[2m > [22m[2m3. Workbook
[22m[39m[Mock Data] Total grades in store: 2
[90mstdout[2m | .storybook/docs/QuickTour-Student.stories.tsx[2m > [22m[2m3. Workbook
[22m[39m[Mock Data] Seeded grade: grade-alice-2 for unit: unit-japanese-2
[90mstdout[2m | .storybook/docs/QuickTour-Student.stories.tsx[2m > [22m[2m3. Workbook
[22m[39m[Mock Data] Grade has data: true
[90mstdout[2m | .storybook/docs/QuickTour-Student.stories.tsx[2m > [22m[2m3. Workbook
[22m[39m[Mock Data] Total grades in store: 3
[90mstdout[2m | .storybook/docs/QuickTour-Student.stories.tsx[2m > [22m[2m3. Workbook
[22m[39m[Mock Data] seedMockStudentProfiles: Adding 6 student profiles
[90mstdout[2m | .storybook/docs/QuickTour-Student.stories.tsx[2m > [22m[2m3. Workbook
[22m[39m[Mock Data] seedMockHomeworkRooms: Adding 2 homework rooms
[90mstdout[2m | .storybook/docs/QuickTour-Student.stories.tsx[2m > [22m[2m3. Workbook
[22m[39m[IndexPageData] Seeded student dashboard with {
  "assignments": 4,
  "grades": 3,
  "sections": 2,
  "units": 4,
}
[90mstdout[2m | .storybook/docs/QuickTour-Student.stories.tsx[2m > [22m[2m3. Workbook
[22m[39m[MOCK CourseVectorStore] Initialized with mock data
[90mstdout[2m | .storybook/docs/QuickTour-Student.stories.tsx[2m > [22m[2m3. Workbook
[22m[39m[MOCK CourseVectorStore] Initialized with mock data
[90mstdout[2m | .storybook/docs/QuickTour-Student.stories.tsx[2m > [22m[2m3. Workbook
[22m[39m[MOCK CourseVectorStore] Initialized with mock data
[90mstdout[2m | .storybook/docs/QuickTour-Student.stories.tsx[2m > [22m[2m3. Workbook
[22m[39m[useChatPageContext] Registering page context: {
  "dictionaryCount": 0,
  "filesCount": 0,
  "hasEditorRef": false,
  "hasUnit": true,
  "hasVectorStoreSearch": false,
  "questionsCount": 0,
  "sectionsCount": 0,
}
[90mstdout[2m | .storybook/docs/QuickTour-Student.stories.tsx[2m > [22m[2m3. Workbook
[22m[39m[UnitContext] useEffect triggered {
  "authLoading": false,
  "hasUser": true,
  "id": "unit-japanese-1",
  "userSub": "student-alice-sub",
}
[90mstdout[2m | .storybook/docs/QuickTour-Student.stories.tsx[2m > [22m[2m3. Workbook
[22m[39m[UnitContext] Fetching unit data for id: unit-japanese-1
[90mstdout[2m | .storybook/docs/QuickTour-Student.stories.tsx[2m > [22m[2m3. Workbook
[22m[39m[FilesContext] Initializing vector store from IndexedDB
[90mstdout[2m | .storybook/docs/QuickTour-Student.stories.tsx[2m > [22m[2m3. Workbook
[22m[39m[FilesContext] fetchFiles called
[90mstdout[2m | .storybook/docs/QuickTour-Student.stories.tsx[2m > [22m[2m3. Workbook
[22m[39m[FilesContext] User authenticated: student-alice-sub
[90mstdout[2m | .storybook/docs/QuickTour-Student.stories.tsx[2m > [22m[2m3. Workbook
[22m[39m[FilesContext] Identity ID: identity-alice
[90mstdout[2m | .storybook/docs/QuickTour-Student.stories.tsx[2m > [22m[2m3. Workbook
[22m[39m[FilesContext] About to set up File observeQuery
[90mstdout[2m | .storybook/docs/QuickTour-Student.stories.tsx[2m > [22m[2m3. Workbook
[22m[39m[FilesContext] Initializing vector store from IndexedDB
[90mstdout[2m | .storybook/docs/QuickTour-Student.stories.tsx[2m > [22m[2m3. Workbook
[22m[39m[FilesContext] fetchFiles called
[90mstdout[2m | .storybook/docs/QuickTour-Student.stories.tsx[2m > [22m[2m3. Workbook
[22m[39m[FilesContext] User authenticated: student-alice-sub
[90mstdout[2m | .storybook/docs/QuickTour-Student.stories.tsx[2m > [22m[2m3. Workbook
[22m[39m[FilesContext] Identity ID: identity-alice
[90mstdout[2m | .storybook/docs/QuickTour-Student.stories.tsx[2m > [22m[2m3. Workbook
[22m[39m[FilesContext] About to set up File observeQuery
[90mstdout[2m | .storybook/docs/QuickTour-Student.stories.tsx[2m > [22m[2m3. Workbook
[22m[39m[TranslationModeController] Setting mode to: off
[90mstdout[2m | .storybook/docs/QuickTour-Student.stories.tsx[2m > [22m[2m3. Workbook
[22m[39m[FilesContext] Initializing vector store from IndexedDB
[90mstdout[2m | .storybook/docs/QuickTour-Student.stories.tsx[2m > [22m[2m3. Workbook
[22m[39m[FilesContext] fetchFiles called
[90mstdout[2m | .storybook/docs/QuickTour-Student.stories.tsx[2m > [22m[2m3. Workbook
[22m[39m[FilesContext] User authenticated: student-alice-sub
[90mstdout[2m | .storybook/docs/QuickTour-Student.stories.tsx[2m > [22m[2m3. Workbook
[22m[39m[FilesContext] Identity ID: identity-alice
[90mstdout[2m | .storybook/docs/QuickTour-Student.stories.tsx[2m > [22m[2m3. Workbook
[22m[39m[FilesContext] About to set up File observeQuery
[90mstdout[2m | .storybook/docs/QuickTour-Student.stories.tsx[2m > [22m[2m3. Workbook
[22m[39m[ChatContext] Setting up AssistantChat observeQuery
[90mstdout[2m | .storybook/docs/QuickTour-Student.stories.tsx[2m > [22m[2m3. Workbook
[22m[39m[ChatContext] Waiting for subscription to initialize
[90mstdout[2m | .storybook/docs/QuickTour-Student.stories.tsx[2m > [22m[2m3. Workbook
[22m[39m[SettingsContext] Setting up Settings subscription for user: student-alice-sub
[90mstdout[2m | .storybook/docs/QuickTour-Student.stories.tsx[2m > [22m[2m3. Workbook
[22m[39m[Mock Data] Settings created: mock-settings-1790417373572 - notified 0 subscribers
[90mstdout[2m | .storybook/docs/QuickTour-Student.stories.tsx[2m > [22m[2m3. Workbook
[22m[39m[Mock Data] Unit.onUpdate() subscription added. Total: 1
[90mstdout[2m | .storybook/docs/QuickTour-Student.stories.tsx[2m > [22m[2m3. Workbook
[22m[39m[useChatPageContext] Cleaning up page context
[90mstdout[2m | .storybook/docs/QuickTour-Student.stories.tsx[2m > [22m[2m3. Workbook
[22m[39m[WorkbookStatePlugin] Loading unit content into read-only workbook: unit-japanese-1
[90mstdout[2m | .storybook/docs/QuickTour-Student.stories.tsx[2m > [22m[2m3. Workbook
[22m[39m[Mock Auth] fetchAuthSession called with options: undefined
[90mstdout[2m | .storybook/docs/QuickTour-Student.stories.tsx[2m > [22m[2m3. Workbook
[22m[39m[useChatPageContext] Registering page context: {
  "dictionaryCount": 0,
  "filesCount": 0,
  "hasEditorRef": false,
  "hasUnit": true,
  "hasVectorStoreSearch": false,
  "questionsCount": 0,
  "sectionsCount": 0,
}
[90mstdout[2m | .storybook/docs/QuickTour-Student.stories.tsx[2m > [22m[2m3. Workbook
[22m[39m[FilesContext] File observeQuery update: 0 files
[90mstdout[2m | .storybook/docs/QuickTour-Student.stories.tsx[2m > [22m[2m3. Workbook
[22m[39m[SectionContext] Section observeQuery update: 2
[90mstdout[2m | .storybook/docs/QuickTour-Student.stories.tsx[2m > [22m[2m3. Workbook
[22m[39m[FilesContext] File observeQuery update: 0 files
[90mstdout[2m | .storybook/docs/QuickTour-Student.stories.tsx[2m > [22m[2m3. Workbook
[22m[39m[FilesContext] File observeQuery update: 0 files
[90mstdout[2m | .storybook/docs/QuickTour-Student.stories.tsx[2m > [22m[2m3. Workbook
[22m[39m[ChatContext] AssistantChat initialized with 0 chats
[90mstdout[2m | .storybook/docs/QuickTour-Student.stories.tsx[2m > [22m[2m3. Workbook
[22m[39m[MOCK CourseVectorStore] Initialized with mock data
[90mstdout[2m | .storybook/docs/QuickTour-Student.stories.tsx[2m > [22m[2m3. Workbook
[22m[39m[MOCK CourseVectorStore] Initialized with mock data
[90mstdout[2m | .storybook/docs/QuickTour-Student.stories.tsx[2m > [22m[2m3. Workbook
[22m[39m[MOCK CourseVectorStore] Initialized with mock data
[90mstdout[2m | .storybook/docs/QuickTour-Student.stories.tsx[2m > [22m[2m3. Workbook
[22m[39m[ChatContext] No current chat available, will create one
[90mstdout[2m | .storybook/docs/QuickTour-Student.stories.tsx[2m > [22m[2m3. Workbook
[22m[39m[ChatContext] Creating AssistantChat with user: undefined
[90mstdout[2m | .storybook/docs/QuickTour-Student.stories.tsx[2m > [22m[2m3. Workbook
[22m[39m[Mock Data] AssistantChat created: mock-assistantchat-1790417373865 - notified 1 subscribers
[90mstdout[2m | .storybook/docs/QuickTour-Student.stories.tsx[2m > [22m[2m3. Workbook
[22m[39m[ChatContext] Create result: {
  "data": {
    "_version": 1,
    "archived": false,
    "chatFiles": [Function anonymous],
    "createdAt": "2026-09-26T10:09:33.865Z",
    "id": "mock-assistantchat-1790417373865",
    "model": "gpt-4",
    "updatedAt": "2026-09-26T10:09:33.865Z",
  },
  "errors": [],
  "hasData": true,
  "hasErrors": true,
}
[90mstdout[2m | .storybook/docs/QuickTour-Student.stories.tsx[2m > [22m[2m3. Workbook
[22m[39m[ChatContext] Created AssistantChat: mock-assistantchat-1790417373865 at: 2026-09-26T10:09:33.865Z
[90mstdout[2m | .storybook/docs/QuickTour-Student.stories.tsx[2m > [22m[2m3. Workbook
[22m[39m[YjsProvider] chat-section-section-jpn-101 connection status: connected
[90mstdout[2m | .storybook/docs/QuickTour-Student.stories.tsx[2m > [22m[2m3. Workbook
[22m[39m[YjsProvider] chat-section-section-jpn-101 synced with server
[90mstdout[2m | .storybook/docs/QuickTour-Student.stories.tsx[2m > [22m[2m3. Workbook
[22m[39m[ChatContext] Setting initial chat: mock-assistantchat-1790417373865
[90mstdout[2m | .storybook/docs/QuickTour-Student.stories.tsx[2m > [22m[2m3. Workbook
[22m[39m[ChatContext] Chat exists and not archived, skipping creation
 [32m✓[39m [30m[45m storybook (chromium) [49m[39m .storybook/docs/QuickTour-Student.stories.tsx [2m([22m[2m3 tests[22m[2m)[22m[33m 11091[2mms[22m[39m
   [33m[2m✓[22m[39m 1. Student Dashboard [33m 4339[2mms[22m[39m
   [33m[2m✓[22m[39m 2. Section & Assignments [33m 3755[2mms[22m[39m
   [33m[2m✓[22m[39m 3. Workbook [33m 2996[2mms[22m[39m
[90mstdout[2m | unknown test
[22m[39m[MOCK vectorStoreDB.js] Module loaded - mock IndexedDB operations
[90mstdout[2m | unknown test
[22m[39m[Task Completion] DOM action listeners initialized
[90mstdout[2m | unknown test
[22m[39m[Task Completion] Auto-completion detector initialized
[90mstdout[2m | unknown test
[22m[39m[Preview] Task completion detector initialized
[90mstdout[2m | src/components/RecordingStudio3.stories.jsx[2m > [22m[2mCoffee Shop Dialogue
[22m[39m[MOCK CourseVectorStore] Initialized with mock data
[90mstdout[2m | src/components/RecordingStudio3.stories.jsx[2m > [22m[2mCoffee Shop Dialogue
[22m[39m[TranslationModeController] Setting mode to: off
[90mstdout[2m | src/components/RecordingStudio3.stories.jsx[2m > [22m[2mCoffee Shop Dialogue
[22m[39m[UnitContext] useEffect triggered {
  "authLoading": false,
  "hasUser": true,
  "id": "mock-unit-id",
  "userSub": "mock-user-sub",
}
[90mstdout[2m | src/components/RecordingStudio3.stories.jsx[2m > [22m[2mCoffee Shop Dialogue
[22m[39m[UnitContext] Fetching unit data for id: mock-unit-id
[90mstdout[2m | src/components/RecordingStudio3.stories.jsx[2m > [22m[2mCoffee Shop Dialogue
[22m[39m[FilesContext] Initializing vector store from IndexedDB
[90mstdout[2m | src/components/RecordingStudio3.stories.jsx[2m > [22m[2mCoffee Shop Dialogue
[22m[39m[FilesContext] fetchFiles called
[90mstdout[2m | src/components/RecordingStudio3.stories.jsx[2m > [22m[2mCoffee Shop Dialogue
[22m[39m[FilesContext] User authenticated: mock-user-sub
[90mstdout[2m | src/components/RecordingStudio3.stories.jsx[2m > [22m[2mCoffee Shop Dialogue
[22m[39m[FilesContext] Identity ID: us-east-1:mock-identity-123
[90mstdout[2m | src/components/RecordingStudio3.stories.jsx[2m > [22m[2mCoffee Shop Dialogue
[22m[39m[FilesContext] About to set up File observeQuery
[90mstdout[2m | src/components/RecordingStudio3.stories.jsx[2m > [22m[2mCoffee Shop Dialogue
[22m[39m[ChatContext] Setting up AssistantChat observeQuery
[90mstdout[2m | src/components/RecordingStudio3.stories.jsx[2m > [22m[2mCoffee Shop Dialogue
[22m[39m[ChatContext] Waiting for subscription to initialize
[90mstdout[2m | src/components/RecordingStudio3.stories.jsx[2m > [22m[2mCoffee Shop Dialogue
[22m[39m[SettingsContext] Setting up Settings subscription for user: mock-user-sub
[90mstdout[2m | src/components/RecordingStudio3.stories.jsx[2m > [22m[2mCoffee Shop Dialogue
[22m[39m[Mock Data] Settings created: mock-settings-1790417383023 - notified 0 subscribers
[90mstdout[2m | src/components/RecordingStudio3.stories.jsx[2m > [22m[2mCoffee Shop Dialogue
[22m[39m[Mock Data] Unit.onUpdate() subscription added. Total: 1
[90mstdout[2m | src/components/RecordingStudio3.stories.jsx[2m > [22m[2mCoffee Shop Dialogue
[22m[39m[SectionContext] Section observeQuery update: 0
[90mstdout[2m | src/components/RecordingStudio3.stories.jsx[2m > [22m[2mCoffee Shop Dialogue
[22m[39m[FilesContext] File observeQuery update: 6 files
[90mstdout[2m | src/components/RecordingStudio3.stories.jsx[2m > [22m[2mCoffee Shop Dialogue
[22m[39m[ChatContext] AssistantChat initialized with 1 chats
[90mstdout[2m | src/components/RecordingStudio3.stories.jsx[2m > [22m[2mCoffee Shop Dialogue
[22m[39m[ChatContext] Setting initial chat: mock-assistant-chat-1
[90mstdout[2m | src/components/RecordingStudio3.stories.jsx[2m > [22m[2mCoffee Shop Dialogue
[22m[39m[MOCK CourseVectorStore] Initialized with mock data
[90mstdout[2m | src/components/RecordingStudio3.stories.jsx[2m > [22m[2mCoffee Shop Dialogue
[22m[39m[FilesContext] Vector store population triggered {
  "currentVectorStoreSize": 3,
  "documentsCount": 0,
  "filesCount": 6,
  "isInitialLoad": true,
}
[90mstdout[2m | src/components/RecordingStudio3.stories.jsx[2m > [22m[2mCoffee Shop Dialogue
[22m[39m[FilesContext] Vector store population complete - 3 total embeddings
[90mstdout[2m | src/components/RecordingStudio3.stories.jsx[2m > [22m[2mCoffee Shop Dialogue
[22m[39m[ChatContext] Chat exists and not archived, skipping creation
[90mstdout[2m | src/components/RecordingStudio3.stories.jsx[2m > [22m[2mCoffee Shop Dialogue
[22m[39m[Mock Storage] downloadData called with: undefined
[90mstdout[2m | src/components/RecordingStudio3.stories.jsx[2m > [22m[2mJapanese Vocabulary Word
[22m[39mScript changed: {
  "dialogue": [
    {
      "activeTakeIndex": null,
      "direction": "entering, slightly out of breath",
      "emotion": "cheerful",
      "id": 1,
      "speaker": "alice",
      "takes": [],
      "text": "Hello, how are you doing today?",
      "timing": {
        "end": 2.4,
        "start": 0,
      },
    },
    {
      "activeTakeIndex": null,
      "direction": "looks up from newspaper",
      "emotion": "warm",
      "id": 2,
      "speaker": "bob",
      "takes": [],
      "text": "I'm doing well, thanks for asking.",
      "timing": {
        "end": 5.3,
        "start": 2.9,
      },
    },
    {
      "activeTakeIndex": null,
      "direction": "pauses, sets down newspaper",
      "emotion": "curious",
      "id": 3,
      "speaker": "bob",
      "takes": [],
      "text": "What brings you here?",
      "timing": {
        "end": 7.4,
        "start": 5.8,
      },
    },
    {
      "activeTakeIndex": null,
      "direction": "sighs, pulls out chair",
      "emotion": "tired but relieved",
      "id": 4,
      "speaker": "alice",
      "takes": [],
      "text": "Just needed a break from work.",
      "timing": {
        "end": 10.3,
        "start": 7.9,
      },
    },
  ],
  "metadata": {
    "date": "2026-01-04",
    "scene": "INT. COFFEE SHOP - MORNING",
    "title": "Coffee Shop Conversation",
    "version": "1.0",
  },
  "speakers": {
    "alice": {
      "description": "cheerful",
      "name": "ALICE",
      "voice": "nova",
    },
    "bob": {
      "description": "warm",
      "name": "BOB",
      "voice": "onyx",
    },
  },
}
[90mstdout[2m | src/components/RecordingStudio3.stories.jsx[2m > [22m[2mJapanese Vocabulary Word
[22m[39m[ChatContext] Cleaning up subscriptions
[90mstdout[2m | src/components/RecordingStudio3.stories.jsx[2m > [22m[2mJapanese Vocabulary Word
[22m[39m[Mock Data] Unit.onUpdate() subscription removed. Remaining: 0
[90mstdout[2m | src/components/RecordingStudio3.stories.jsx[2m > [22m[2mJapanese Vocabulary Word
[22m[39m[MOCK CourseVectorStore] Initialized with mock data
[90mstdout[2m | src/components/RecordingStudio3.stories.jsx[2m > [22m[2mJapanese Vocabulary Word
[22m[39m[TranslationModeController] Setting mode to: off
[90mstdout[2m | src/components/RecordingStudio3.stories.jsx[2m > [22m[2mJapanese Vocabulary Word
[22m[39m[UnitContext] useEffect triggered {
  "authLoading": false,
  "hasUser": true,
  "id": "mock-unit-id",
  "userSub": "mock-user-sub",
}
[90mstdout[2m | src/components/RecordingStudio3.stories.jsx[2m > [22m[2mJapanese Vocabulary Word
[22m[39m[UnitContext] Fetching unit data for id: mock-unit-id
[90mstdout[2m | src/components/RecordingStudio3.stories.jsx[2m > [22m[2mJapanese Vocabulary Word
[22m[39m[FilesContext] Initializing vector store from IndexedDB
[90mstdout[2m | src/components/RecordingStudio3.stories.jsx[2m > [22m[2mJapanese Vocabulary Word
[22m[39m[FilesContext] fetchFiles called
[90mstdout[2m | src/components/RecordingStudio3.stories.jsx[2m > [22m[2mJapanese Vocabulary Word
[22m[39m[FilesContext] User authenticated: mock-user-sub
[90mstdout[2m | src/components/RecordingStudio3.stories.jsx[2m > [22m[2mJapanese Vocabulary Word
[22m[39m[FilesContext] Identity ID: us-east-1:mock-identity-123
[90mstdout[2m | src/components/RecordingStudio3.stories.jsx[2m > [22m[2mJapanese Vocabulary Word
[22m[39m[FilesContext] About to set up File observeQuery
[90mstdout[2m | src/components/RecordingStudio3.stories.jsx[2m > [22m[2mJapanese Vocabulary Word
[22m[39m[ChatContext] Setting up AssistantChat observeQuery
[90mstdout[2m | src/components/RecordingStudio3.stories.jsx[2m > [22m[2mJapanese Vocabulary Word
[22m[39m[ChatContext] Waiting for subscription to initialize
[90mstdout[2m | src/components/RecordingStudio3.stories.jsx[2m > [22m[2mJapanese Vocabulary Word
[22m[39m[SettingsContext] Setting up Settings subscription for user: mock-user-sub
[90mstdout[2m | src/components/RecordingStudio3.stories.jsx[2m > [22m[2mJapanese Vocabulary Word
[22m[39m[Mock Data] Settings created: mock-settings-1790417384254 - notified 0 subscribers
[90mstdout[2m | src/components/RecordingStudio3.stories.jsx[2m > [22m[2mJapanese Vocabulary Word
[22m[39m[Mock Data] Unit.onUpdate() subscription added. Total: 1
[90mstdout[2m | src/components/RecordingStudio3.stories.jsx[2m > [22m[2mJapanese Vocabulary Word
[22m[39m[SectionContext] Section observeQuery update: 0
[90mstdout[2m | src/components/RecordingStudio3.stories.jsx[2m > [22m[2mJapanese Vocabulary Word
[22m[39m[FilesContext] File observeQuery update: 6 files
[90mstdout[2m | src/components/RecordingStudio3.stories.jsx[2m > [22m[2mJapanese Vocabulary Word
[22m[39m[ChatContext] AssistantChat initialized with 1 chats
[90mstdout[2m | src/components/RecordingStudio3.stories.jsx[2m > [22m[2mJapanese Vocabulary Word
[22m[39m[ChatContext] Setting initial chat: mock-assistant-chat-1
[90mstdout[2m | src/components/RecordingStudio3.stories.jsx[2m > [22m[2mJapanese Vocabulary Word
[22m[39m[MOCK CourseVectorStore] Initialized with mock data
[90mstdout[2m | src/components/RecordingStudio3.stories.jsx[2m > [22m[2mJapanese Vocabulary Word
[22m[39m[FilesContext] Vector store population triggered {
  "currentVectorStoreSize": 3,
  "documentsCount": 0,
  "filesCount": 6,
  "isInitialLoad": true,
}
[90mstdout[2m | src/components/RecordingStudio3.stories.jsx[2m > [22m[2mJapanese Vocabulary Word
[22m[39m[FilesContext] Vector store population complete - 3 total embeddings
[90mstdout[2m | src/components/RecordingStudio3.stories.jsx[2m > [22m[2mJapanese Vocabulary Word
[22m[39m[ChatContext] Chat exists and not archived, skipping creation
[90mstdout[2m | src/components/RecordingStudio3.stories.jsx[2m > [22m[2mJapanese Vocabulary Word
[22m[39m[Mock Storage] downloadData called with: undefined
[90mstdout[2m | src/components/RecordingStudio3.stories.jsx[2m > [22m[2mQuiz Question Audio
[22m[39mScript changed: {
  "dialogue": [
    {
      "activeTakeIndex": null,
      "direction": "clear pronunciation",
      "emotion": "neutral",
      "id": 1,
      "speaker": "phrase",
      "takes": [],
      "text": "こんにちは",
      "timing": {
        "end": 1,
        "start": 0,
      },
    },
    {
      "activeTakeIndex": null,
      "direction": "clear enunciation",
      "emotion": "neutral",
      "id": 2,
      "speaker": "definition",
      "takes": [],
      "text": "Hello. Good afternoon.",
      "timing": {
        "end": 2.7,
        "start": 1.5,
      },
    },
  ],
  "metadata": {
    "date": "2026-01-04",
    "scene": "",
    "title": "Japanese Greetings - こんにちは",
    "version": "1.0",
  },
  "speakers": {
    "definition": {
      "description": "neutral",
      "name": "DEFINITION",
      "voice": "alloy",
    },
    "phrase": {
      "description": "neutral",
      "name": "PHRASE (こんにちは)",
      "voice": "alloy",
    },
  },
}
[90mstdout[2m | src/components/RecordingStudio3.stories.jsx[2m > [22m[2mQuiz Question Audio
[22m[39m[ChatContext] Cleaning up subscriptions
[90mstdout[2m | src/components/RecordingStudio3.stories.jsx[2m > [22m[2mQuiz Question Audio
[22m[39m[Mock Data] Unit.onUpdate() subscription removed. Remaining: 0
[90mstdout[2m | src/components/RecordingStudio3.stories.jsx[2m > [22m[2mQuiz Question Audio
[22m[39m[MOCK CourseVectorStore] Initialized with mock data
[90mstdout[2m | src/components/RecordingStudio3.stories.jsx[2m > [22m[2mQuiz Question Audio
[22m[39m[TranslationModeController] Setting mode to: off
[90mstdout[2m | src/components/RecordingStudio3.stories.jsx[2m > [22m[2mQuiz Question Audio
[22m[39m[UnitContext] useEffect triggered {
  "authLoading": false,
  "hasUser": true,
  "id": "mock-unit-id",
  "userSub": "mock-user-sub",
}
[90mstdout[2m | src/components/RecordingStudio3.stories.jsx[2m > [22m[2mQuiz Question Audio
[22m[39m[UnitContext] Fetching unit data for id: mock-unit-id
[90mstdout[2m | src/components/RecordingStudio3.stories.jsx[2m > [22m[2mQuiz Question Audio
[22m[39m[FilesContext] Initializing vector store from IndexedDB
[90mstdout[2m | src/components/RecordingStudio3.stories.jsx[2m > [22m[2mQuiz Question Audio
[22m[39m[FilesContext] fetchFiles called
[90mstdout[2m | src/components/RecordingStudio3.stories.jsx[2m > [22m[2mQuiz Question Audio
[22m[39m[FilesContext] User authenticated: mock-user-sub
[90mstdout[2m | src/components/RecordingStudio3.stories.jsx[2m > [22m[2mQuiz Question Audio
[22m[39m[FilesContext] Identity ID: us-east-1:mock-identity-123
[90mstdout[2m | src/components/RecordingStudio3.stories.jsx[2m > [22m[2mQuiz Question Audio
[22m[39m[FilesContext] About to set up File observeQuery
[90mstdout[2m | src/components/RecordingStudio3.stories.jsx[2m > [22m[2mQuiz Question Audio
[22m[39m[ChatContext] Setting up AssistantChat observeQuery
[90mstdout[2m | src/components/RecordingStudio3.stories.jsx[2m > [22m[2mQuiz Question Audio
[22m[39m[ChatContext] Waiting for subscription to initialize
[90mstdout[2m | src/components/RecordingStudio3.stories.jsx[2m > [22m[2mQuiz Question Audio
[22m[39m[SettingsContext] Setting up Settings subscription for user: mock-user-sub
[90mstdout[2m | src/components/RecordingStudio3.stories.jsx[2m > [22m[2mQuiz Question Audio
[22m[39m[Mock Data] Settings created: mock-settings-1790417385300 - notified 0 subscribers
[90mstdout[2m | src/components/RecordingStudio3.stories.jsx[2m > [22m[2mQuiz Question Audio
[22m[39m[Mock Data] Unit.onUpdate() subscription added. Total: 1
[90mstdout[2m | src/components/RecordingStudio3.stories.jsx[2m > [22m[2mQuiz Question Audio
[22m[39m[SectionContext] Section observeQuery update: 0
[90mstdout[2m | src/components/RecordingStudio3.stories.jsx[2m > [22m[2mQuiz Question Audio
[22m[39m[FilesContext] File observeQuery update: 6 files
[90mstdout[2m | src/components/RecordingStudio3.stories.jsx[2m > [22m[2mQuiz Question Audio
[22m[39m[ChatContext] AssistantChat initialized with 1 chats
[90mstdout[2m | src/components/RecordingStudio3.stories.jsx[2m > [22m[2mQuiz Question Audio
[22m[39m[ChatContext] Setting initial chat: mock-assistant-chat-1
[90mstdout[2m | src/components/RecordingStudio3.stories.jsx[2m > [22m[2mQuiz Question Audio
[22m[39m[MOCK CourseVectorStore] Initialized with mock data
[90mstdout[2m | src/components/RecordingStudio3.stories.jsx[2m > [22m[2mQuiz Question Audio
[22m[39m[FilesContext] Vector store population triggered {
  "currentVectorStoreSize": 3,
  "documentsCount": 0,
  "filesCount": 6,
  "isInitialLoad": true,
}
[90mstdout[2m | src/components/RecordingStudio3.stories.jsx[2m > [22m[2mQuiz Question Audio
[22m[39m[FilesContext] Vector store population complete - 3 total embeddings
[90mstdout[2m | src/components/RecordingStudio3.stories.jsx[2m > [22m[2mQuiz Question Audio
[22m[39m[ChatContext] Chat exists and not archived, skipping creation
[90mstdout[2m | src/components/RecordingStudio3.stories.jsx[2m > [22m[2mQuiz Question Audio
[22m[39m[Mock Storage] downloadData called with: undefined
[90mstdout[2m | src/components/RecordingStudio3.stories.jsx[2m > [22m[2mComparing Multiple Takes
[22m[39m[ChatContext] Cleaning up subscriptions
[90mstdout[2m | src/components/RecordingStudio3.stories.jsx[2m > [22m[2mComparing Multiple Takes
[22m[39m[Mock Data] Unit.onUpdate() subscription removed. Remaining: 0
[90mstdout[2m | src/components/RecordingStudio3.stories.jsx[2m > [22m[2mComparing Multiple Takes
[22m[39m[MOCK CourseVectorStore] Initialized with mock data
[90mstdout[2m | src/components/RecordingStudio3.stories.jsx[2m > [22m[2mComparing Multiple Takes
[22m[39m[TranslationModeController] Setting mode to: off
[90mstdout[2m | src/components/RecordingStudio3.stories.jsx[2m > [22m[2mComparing Multiple Takes
[22m[39m[UnitContext] useEffect triggered {
  "authLoading": false,
  "hasUser": true,
  "id": "mock-unit-id",
  "userSub": "mock-user-sub",
}
[90mstdout[2m | src/components/RecordingStudio3.stories.jsx[2m > [22m[2mComparing Multiple Takes
[22m[39m[UnitContext] Fetching unit data for id: mock-unit-id
[90mstdout[2m | src/components/RecordingStudio3.stories.jsx[2m > [22m[2mComparing Multiple Takes
[22m[39m[FilesContext] Initializing vector store from IndexedDB
[90mstdout[2m | src/components/RecordingStudio3.stories.jsx[2m > [22m[2mComparing Multiple Takes
[22m[39m[FilesContext] fetchFiles called
[90mstdout[2m | src/components/RecordingStudio3.stories.jsx[2m > [22m[2mComparing Multiple Takes
[22m[39m[FilesContext] User authenticated: mock-user-sub
[90mstdout[2m | src/components/RecordingStudio3.stories.jsx[2m > [22m[2mComparing Multiple Takes
[22m[39m[FilesContext] Identity ID: us-east-1:mock-identity-123
[90mstdout[2m | src/components/RecordingStudio3.stories.jsx[2m > [22m[2mComparing Multiple Takes
[22m[39m[FilesContext] About to set up File observeQuery
[90mstdout[2m | src/components/RecordingStudio3.stories.jsx[2m > [22m[2mComparing Multiple Takes
[22m[39m[ChatContext] Setting up AssistantChat observeQuery
[90mstdout[2m | src/components/RecordingStudio3.stories.jsx[2m > [22m[2mComparing Multiple Takes
[22m[39m[ChatContext] Waiting for subscription to initialize
[90mstdout[2m | src/components/RecordingStudio3.stories.jsx[2m > [22m[2mComparing Multiple Takes
[22m[39m[SettingsContext] Setting up Settings subscription for user: mock-user-sub
[90mstdout[2m | src/components/RecordingStudio3.stories.jsx[2m > [22m[2mComparing Multiple Takes
[22m[39m[Mock Data] Settings created: mock-settings-1790417385976 - notified 0 subscribers
[90mstdout[2m | src/components/RecordingStudio3.stories.jsx[2m > [22m[2mComparing Multiple Takes
[22m[39m[Mock Data] Unit.onUpdate() subscription added. Total: 1
[90mstdout[2m | src/components/RecordingStudio3.stories.jsx[2m > [22m[2mComparing Multiple Takes
[22m[39m[SectionContext] Section observeQuery update: 0
[90mstdout[2m | src/components/RecordingStudio3.stories.jsx[2m > [22m[2mComparing Multiple Takes
[22m[39m[FilesContext] File observeQuery update: 6 files
[90mstdout[2m | src/components/RecordingStudio3.stories.jsx[2m > [22m[2mComparing Multiple Takes
[22m[39m[ChatContext] AssistantChat initialized with 1 chats
[90mstdout[2m | src/components/RecordingStudio3.stories.jsx[2m > [22m[2mComparing Multiple Takes
[22m[39m[ChatContext] Setting initial chat: mock-assistant-chat-1
[90mstdout[2m | src/components/RecordingStudio3.stories.jsx[2m > [22m[2mComparing Multiple Takes
[22m[39m[MOCK CourseVectorStore] Initialized with mock data
[90mstdout[2m | src/components/RecordingStudio3.stories.jsx[2m > [22m[2mComparing Multiple Takes
[22m[39m[FilesContext] Vector store population triggered {
  "currentVectorStoreSize": 3,
  "documentsCount": 0,
  "filesCount": 6,
  "isInitialLoad": true,
}
[90mstdout[2m | src/components/RecordingStudio3.stories.jsx[2m > [22m[2mComparing Multiple Takes
[22m[39m[FilesContext] Vector store population complete - 3 total embeddings
[90mstdout[2m | src/components/RecordingStudio3.stories.jsx[2m > [22m[2mComparing Multiple Takes
[22m[39m[ChatContext] Chat exists and not archived, skipping creation
[90mstdout[2m | src/components/RecordingStudio3.stories.jsx[2m > [22m[2mComparing Multiple Takes
[22m[39m[Mock Storage] downloadData called with: undefined
[90mstdout[2m | src/components/RecordingStudio3.stories.jsx[2m > [22m[2mComparing Multiple Takes
[22m[39mMock Cache.getItem called with: getCachedUrl_/story-mocks/cinematic-designed-sci-fi-whoosh-transition-nexawave-228295.mp3
[90mstdout[2m | src/components/RecordingStudio3.stories.jsx[2m > [22m[2mComparing Multiple Takes
[22m[39mMock Cache.getItem called with: getCachedUrl_/story-mocks/descent-whoosh-long-cinematic-sound-effect-405921.mp3
[90mstdout[2m | src/components/RecordingStudio3.stories.jsx[2m > [22m[2mComparing Multiple Takes
[22m[39mMock getUrl called with: /story-mocks/cinematic-designed-sci-fi-whoosh-transition-nexawave-228295.mp3
[90mstdout[2m | src/components/RecordingStudio3.stories.jsx[2m > [22m[2mComparing Multiple Takes
[22m[39mMock getUrl called with: /story-mocks/descent-whoosh-long-cinematic-sound-effect-405921.mp3
[90mstdout[2m | src/components/RecordingStudio3.stories.jsx[2m > [22m[2mComparing Multiple Takes
[22m[39mMock Cache.setItem called with: getCachedUrl_/story-mocks/cinematic-designed-sci-fi-whoosh-transition-nexawave-228295.mp3 /story-mocks/cinematic-designed-sci-fi-whoosh-transition-nexawave-228295.mp3
[90mstdout[2m | src/components/RecordingStudio3.stories.jsx[2m > [22m[2mComparing Multiple Takes
[22m[39mMock Cache.setItem called with: getCachedUrl_/story-mocks/descent-whoosh-long-cinematic-sound-effect-405921.mp3 /story-mocks/descent-whoosh-long-cinematic-sound-effect-405921.mp3
[90mstdout[2m | src/components/RecordingStudio3.stories.jsx[2m > [22m[2mComparing Multiple Takes
[22m[39mScript changed: {
  "dialogue": [
    {
      "activeTakeIndex": 1,
      "direction": "dramatic pause",
      "emotion": "mysterious",
      "id": 1,
      "speaker": "narrator",
      "takes": [
        {
          "audioBlob": null,
          "audioPath": "/story-mocks/cinematic-designed-sci-fi-whoosh-transition-nexawave-228295.mp3",
          "cinematicMetadata": [Object],
          "createdAt": "2026-09-26T10:09:37.520Z",
          "duration": 3,
          "file": [Object],
          "id": 1790417377520,
          "type": "tts",
          "waveformData": [Array],
        },
        {
          "audioBlob": null,
          "audioPath": "/story-mocks/descent-whoosh-long-cinematic-sound-effect-405921.mp3",
          "cinematicMetadata": [Object],
          "createdAt": "2026-09-26T10:09:39.520Z",
          "duration": 2.8,
          "file": [Object],
          "id": 1790417379520,
          "type": "human",
          "waveformData": [Array],
        },
      ],
      "text": "It was a dark and stormy night.",
      "timing": {
        "end": 2.8,
        "start": 0,
      },
    },
    {
      "activeTakeIndex": 0,
      "direction": "looking out window",
      "emotion": "concerned",
      "id": 2,
      "speaker": "character",
      "takes": [
        {
          "audioBlob": null,
          "audioPath": "/story-mocks/sound-design-elements-sfx-ps-022-302865.mp3",
          "cinematicMetadata": [Object],
          "createdAt": "2026-09-26T10:09:40.520Z",
          "duration": 2.5,
          "file": [Object],
          "id": 1790417380520,
          "type": "tts",
          "waveformData": [Array],
        },
      ],
      "text": "Did someone say something about a storm?",
      "timing": {
        "end": 6.1,
        "start": 3.3,
      },
    },
    {
      "activeTakeIndex": null,
      "direction": "",
      "emotion": "ominous",
      "id": 3,
      "speaker": "narrator",
      "takes": [],
      "text": "The rain pounded against the windows.",
      "timing": {
        "end": 9,
        "start": 6.6,
      },
    },
  ],
  "metadata": {
    "date": "2026-01-04",
    "scene": "INT. RECORDING BOOTH - DAY",
    "title": "Recording Practice Session",
    "version": "1.0",
  },
  "speakers": {
    "character": {
      "description": "concerned",
      "name": "CHARACTER",
      "voice": "nova",
    },
    "narrator": {
      "description": "mysterious",
      "name": "NARRATOR",
      "voice": "fable",
    },
  },
}
[90mstdout[2m | src/components/RecordingStudio3.stories.jsx[2m > [22m[2mPreview Mode
[22m[39m[ChatContext] Cleaning up subscriptions
[90mstdout[2m | src/components/RecordingStudio3.stories.jsx[2m > [22m[2mPreview Mode
[22m[39m[Mock Data] Unit.onUpdate() subscription removed. Remaining: 0
[90mstdout[2m | src/components/RecordingStudio3.stories.jsx[2m > [22m[2mPreview Mode
[22m[39m[MOCK CourseVectorStore] Initialized with mock data
[90mstdout[2m | src/components/RecordingStudio3.stories.jsx[2m > [22m[2mPreview Mode
[22m[39m[TranslationModeController] Setting mode to: off
[90mstdout[2m | src/components/RecordingStudio3.stories.jsx[2m > [22m[2mPreview Mode
[22m[39m[UnitContext] useEffect triggered {
  "authLoading": false,
  "hasUser": true,
  "id": "mock-unit-id",
  "userSub": "mock-user-sub",
}
[90mstdout[2m | src/components/RecordingStudio3.stories.jsx[2m > [22m[2mPreview Mode
[22m[39m[UnitContext] Fetching unit data for id: mock-unit-id
[90mstdout[2m | src/components/RecordingStudio3.stories.jsx[2m > [22m[2mPreview Mode
[22m[39m[FilesContext] Initializing vector store from IndexedDB
[90mstdout[2m | src/components/RecordingStudio3.stories.jsx[2m > [22m[2mPreview Mode
[22m[39m[FilesContext] fetchFiles called
[90mstdout[2m | src/components/RecordingStudio3.stories.jsx[2m > [22m[2mPreview Mode
[22m[39m[FilesContext] User authenticated: mock-user-sub
[90mstdout[2m | src/components/RecordingStudio3.stories.jsx[2m > [22m[2mPreview Mode
[22m[39m[FilesContext] Identity ID: us-east-1:mock-identity-123
[90mstdout[2m | src/components/RecordingStudio3.stories.jsx[2m > [22m[2mPreview Mode
[22m[39m[FilesContext] About to set up File observeQuery
[90mstdout[2m | src/components/RecordingStudio3.stories.jsx[2m > [22m[2mPreview Mode
[22m[39m[ChatContext] Setting up AssistantChat observeQuery
[90mstdout[2m | src/components/RecordingStudio3.stories.jsx[2m > [22m[2mPreview Mode
[22m[39m[ChatContext] Waiting for subscription to initialize
[90mstdout[2m | src/components/RecordingStudio3.stories.jsx[2m > [22m[2mPreview Mode
[22m[39m[SettingsContext] Setting up Settings subscription for user: mock-user-sub
[90mstdout[2m | src/components/RecordingStudio3.stories.jsx[2m > [22m[2mPreview Mode
[22m[39m[Mock Data] Settings created: mock-settings-1790417387483 - notified 0 subscribers
[90mstdout[2m | src/components/RecordingStudio3.stories.jsx[2m > [22m[2mPreview Mode
[22m[39m[Mock Data] Unit.onUpdate() subscription added. Total: 1
[90mstdout[2m | src/components/RecordingStudio3.stories.jsx[2m > [22m[2mPreview Mode
[22m[39m[SectionContext] Section observeQuery update: 0
[90mstdout[2m | src/components/RecordingStudio3.stories.jsx[2m > [22m[2mPreview Mode
[22m[39m[FilesContext] File observeQuery update: 6 files
[90mstdout[2m | src/components/RecordingStudio3.stories.jsx[2m > [22m[2mPreview Mode
[22m[39m[ChatContext] AssistantChat initialized with 1 chats
[90mstdout[2m | src/components/RecordingStudio3.stories.jsx[2m > [22m[2mPreview Mode
[22m[39m[ChatContext] Setting initial chat: mock-assistant-chat-1
[90mstdout[2m | src/components/RecordingStudio3.stories.jsx[2m > [22m[2mPreview Mode
[22m[39m[MOCK CourseVectorStore] Initialized with mock data
[90mstdout[2m | src/components/RecordingStudio3.stories.jsx[2m > [22m[2mPreview Mode
[22m[39m[FilesContext] Vector store population triggered {
  "currentVectorStoreSize": 3,
  "documentsCount": 0,
  "filesCount": 6,
  "isInitialLoad": true,
}
[90mstdout[2m | src/components/RecordingStudio3.stories.jsx[2m > [22m[2mPreview Mode
[22m[39m[FilesContext] Vector store population complete - 3 total embeddings
[90mstdout[2m | src/components/RecordingStudio3.stories.jsx[2m > [22m[2mPreview Mode
[22m[39m[ChatContext] Chat exists and not archived, skipping creation
[90mstdout[2m | src/components/RecordingStudio3.stories.jsx[2m > [22m[2mPreview Mode
[22m[39m[Mock Storage] downloadData called with: undefined
[90mstdout[2m | src/components/RecordingStudio3.stories.jsx[2m > [22m[2mStart From Scratch
[22m[39mScript changed: {
  "dialogue": [
    {
      "activeTakeIndex": 1,
      "direction": "dramatic pause",
      "emotion": "mysterious",
      "id": 1,
      "speaker": "narrator",
      "takes": [
        {
          "audioBlob": null,
          "audioPath": "/story-mocks/cinematic-designed-sci-fi-whoosh-transition-nexawave-228295.mp3",
          "cinematicMetadata": [Object],
          "createdAt": "2026-09-26T10:09:37.520Z",
          "duration": 3,
          "file": [Object],
          "id": 1790417377520,
          "type": "tts",
          "waveformData": [Array],
        },
        {
          "audioBlob": null,
          "audioPath": "/story-mocks/descent-whoosh-long-cinematic-sound-effect-405921.mp3",
          "cinematicMetadata": [Object],
          "createdAt": "2026-09-26T10:09:39.520Z",
          "duration": 2.8,
          "file": [Object],
          "id": 1790417379520,
          "type": "human",
          "waveformData": [Array],
        },
      ],
      "text": "It was a dark and stormy night.",
      "timing": {
        "end": 2.8,
        "start": 0,
      },
    },
    {
      "activeTakeIndex": 0,
      "direction": "looking out window",
      "emotion": "concerned",
      "id": 2,
      "speaker": "character",
      "takes": [
        {
          "audioBlob": null,
          "audioPath": "/story-mocks/sound-design-elements-sfx-ps-022-302865.mp3",
          "cinematicMetadata": [Object],
          "createdAt": "2026-09-26T10:09:40.520Z",
          "duration": 2.5,
          "file": [Object],
          "id": 1790417380520,
          "type": "tts",
          "waveformData": [Array],
        },
      ],
      "text": "Did someone say something about a storm?",
      "timing": {
        "end": 6.1,
        "start": 3.3,
      },
    },
    {
      "activeTakeIndex": null,
      "direction": "",
      "emotion": "ominous",
      "id": 3,
      "speaker": "narrator",
      "takes": [],
      "text": "The rain pounded against the windows.",
      "timing": {
        "end": 9,
        "start": 6.6,
      },
    },
  ],
  "metadata": {
    "date": "2026-01-04",
    "scene": "INT. RECORDING BOOTH - DAY",
    "title": "Recording Practice Session",
    "version": "1.0",
  },
  "speakers": {
    "character": {
      "description": "concerned",
      "name": "CHARACTER",
      "voice": "nova",
    },
    "narrator": {
      "description": "mysterious",
      "name": "NARRATOR",
      "voice": "fable",
    },
  },
}
[90mstdout[2m | src/components/RecordingStudio3.stories.jsx[2m > [22m[2mStart From Scratch
[22m[39m[ChatContext] Cleaning up subscriptions
[90mstdout[2m | src/components/RecordingStudio3.stories.jsx[2m > [22m[2mStart From Scratch
[22m[39m[Mock Data] Unit.onUpdate() subscription removed. Remaining: 0
[90mstdout[2m | src/components/RecordingStudio3.stories.jsx[2m > [22m[2mStart From Scratch
[22m[39m[MOCK CourseVectorStore] Initialized with mock data
[90mstdout[2m | src/components/RecordingStudio3.stories.jsx[2m > [22m[2mStart From Scratch
[22m[39m[TranslationModeController] Setting mode to: off
[90mstdout[2m | src/components/RecordingStudio3.stories.jsx[2m > [22m[2mStart From Scratch
[22m[39m[UnitContext] useEffect triggered {
  "authLoading": false,
  "hasUser": true,
  "id": "mock-unit-id",
  "userSub": "mock-user-sub",
}
[90mstdout[2m | src/components/RecordingStudio3.stories.jsx[2m > [22m[2mStart From Scratch
[22m[39m[UnitContext] Fetching unit data for id: mock-unit-id
[90mstdout[2m | src/components/RecordingStudio3.stories.jsx[2m > [22m[2mStart From Scratch
[22m[39m[FilesContext] Initializing vector store from IndexedDB
[90mstdout[2m | src/components/RecordingStudio3.stories.jsx[2m > [22m[2mStart From Scratch
[22m[39m[FilesContext] fetchFiles called
[90mstdout[2m | src/components/RecordingStudio3.stories.jsx[2m > [22m[2mStart From Scratch
[22m[39m[FilesContext] User authenticated: mock-user-sub
[90mstdout[2m | src/components/RecordingStudio3.stories.jsx[2m > [22m[2mStart From Scratch
[22m[39m[FilesContext] Identity ID: us-east-1:mock-identity-123
[90mstdout[2m | src/components/RecordingStudio3.stories.jsx[2m > [22m[2mStart From Scratch
[22m[39m[FilesContext] About to set up File observeQuery
[90mstdout[2m | src/components/RecordingStudio3.stories.jsx[2m > [22m[2mStart From Scratch
[22m[39m[ChatContext] Setting up AssistantChat observeQuery
[90mstdout[2m | src/components/RecordingStudio3.stories.jsx[2m > [22m[2mStart From Scratch
[22m[39m[ChatContext] Waiting for subscription to initialize
[90mstdout[2m | src/components/RecordingStudio3.stories.jsx[2m > [22m[2mStart From Scratch
[22m[39m[SettingsContext] Setting up Settings subscription for user: mock-user-sub
[90mstdout[2m | src/components/RecordingStudio3.stories.jsx[2m > [22m[2mStart From Scratch
[22m[39m[Mock Data] Settings created: mock-settings-1790417388245 - notified 0 subscribers
[90mstdout[2m | src/components/RecordingStudio3.stories.jsx[2m > [22m[2mStart From Scratch
[22m[39m[Mock Data] Unit.onUpdate() subscription added. Total: 1
[90mstdout[2m | src/components/RecordingStudio3.stories.jsx[2m > [22m[2mStart From Scratch
[22m[39m[SectionContext] Section observeQuery update: 0
[90mstdout[2m | src/components/RecordingStudio3.stories.jsx[2m > [22m[2mStart From Scratch
[22m[39m[FilesContext] File observeQuery update: 6 files
[90mstdout[2m | src/components/RecordingStudio3.stories.jsx[2m > [22m[2mStart From Scratch
[22m[39m[ChatContext] AssistantChat initialized with 1 chats
[90mstdout[2m | src/components/RecordingStudio3.stories.jsx[2m > [22m[2mStart From Scratch
[22m[39m[ChatContext] Setting initial chat: mock-assistant-chat-1
[90mstdout[2m | src/components/RecordingStudio3.stories.jsx[2m > [22m[2mStart From Scratch
[22m[39m[MOCK CourseVectorStore] Initialized with mock data
[90mstdout[2m | src/components/RecordingStudio3.stories.jsx[2m > [22m[2mStart From Scratch
[22m[39m[FilesContext] Vector store population triggered {
  "currentVectorStoreSize": 3,
  "documentsCount": 0,
  "filesCount": 6,
  "isInitialLoad": true,
}
[90mstdout[2m | src/components/RecordingStudio3.stories.jsx[2m > [22m[2mStart From Scratch
[22m[39m[FilesContext] Vector store population complete - 3 total embeddings
[90mstdout[2m | src/components/RecordingStudio3.stories.jsx[2m > [22m[2mStart From Scratch
[22m[39m[ChatContext] Chat exists and not archived, skipping creation
[90mstdout[2m | src/components/RecordingStudio3.stories.jsx[2m > [22m[2mStart From Scratch
[22m[39m[Mock Storage] downloadData called with: undefined
[90mstdout[2m | src/components/RecordingStudio3.stories.jsx[2m > [22m[2mInteractive
[22m[39m[ChatContext] Cleaning up subscriptions
[90mstdout[2m | src/components/RecordingStudio3.stories.jsx[2m > [22m[2mInteractive
[22m[39m[Mock Data] Unit.onUpdate() subscription removed. Remaining: 0
[90mstdout[2m | src/components/RecordingStudio3.stories.jsx[2m > [22m[2mInteractive
[22m[39m[MOCK CourseVectorStore] Initialized with mock data
[90mstdout[2m | src/components/RecordingStudio3.stories.jsx[2m > [22m[2mInteractive
[22m[39m[TranslationModeController] Setting mode to: off
[90mstdout[2m | src/components/RecordingStudio3.stories.jsx[2m > [22m[2mInteractive
[22m[39m[UnitContext] useEffect triggered {
  "authLoading": false,
  "hasUser": true,
  "id": "mock-unit-id",
  "userSub": "mock-user-sub",
}
[90mstdout[2m | src/components/RecordingStudio3.stories.jsx[2m > [22m[2mInteractive
[22m[39m[UnitContext] Fetching unit data for id: mock-unit-id
[90mstdout[2m | src/components/RecordingStudio3.stories.jsx[2m > [22m[2mInteractive
[22m[39m[FilesContext] Initializing vector store from IndexedDB
[90mstdout[2m | src/components/RecordingStudio3.stories.jsx[2m > [22m[2mInteractive
[22m[39m[FilesContext] fetchFiles called
[90mstdout[2m | src/components/RecordingStudio3.stories.jsx[2m > [22m[2mInteractive
[22m[39m[FilesContext] User authenticated: mock-user-sub
[90mstdout[2m | src/components/RecordingStudio3.stories.jsx[2m > [22m[2mInteractive
[22m[39m[FilesContext] Identity ID: us-east-1:mock-identity-123
[90mstdout[2m | src/components/RecordingStudio3.stories.jsx[2m > [22m[2mInteractive
[22m[39m[FilesContext] About to set up File observeQuery
[90mstdout[2m | src/components/RecordingStudio3.stories.jsx[2m > [22m[2mInteractive
[22m[39m[ChatContext] Setting up AssistantChat observeQuery
[90mstdout[2m | src/components/RecordingStudio3.stories.jsx[2m > [22m[2mInteractive
[22m[39m[ChatContext] Waiting for subscription to initialize
[90mstdout[2m | src/components/RecordingStudio3.stories.jsx[2m > [22m[2mInteractive
[22m[39m[SettingsContext] Setting up Settings subscription for user: mock-user-sub
[90mstdout[2m | src/components/RecordingStudio3.stories.jsx[2m > [22m[2mInteractive
[22m[39m[Mock Data] Settings created: mock-settings-1790417389053 - notified 0 subscribers
[90mstdout[2m | src/components/RecordingStudio3.stories.jsx[2m > [22m[2mInteractive
[22m[39m[Mock Data] Unit.onUpdate() subscription added. Total: 1
[90mstdout[2m | src/components/RecordingStudio3.stories.jsx[2m > [22m[2mInteractive
[22m[39mScript changed: {
  "dialogue": [],
  "metadata": {
    "date": "2026-01-04",
    "scene": "",
    "title": "New Recording",
    "version": "1.0",
  },
  "speakers": {},
}
[90mstdout[2m | src/components/RecordingStudio3.stories.jsx[2m > [22m[2mInteractive
[22m[39m[SectionContext] Section observeQuery update: 0
[90mstdout[2m | src/components/RecordingStudio3.stories.jsx[2m > [22m[2mInteractive
[22m[39m[FilesContext] File observeQuery update: 6 files
[90mstdout[2m | src/components/RecordingStudio3.stories.jsx[2m > [22m[2mInteractive
[22m[39m[ChatContext] AssistantChat initialized with 1 chats
[90mstdout[2m | src/components/RecordingStudio3.stories.jsx[2m > [22m[2mInteractive
[22m[39m[ChatContext] Setting initial chat: mock-assistant-chat-1
[90mstdout[2m | src/components/RecordingStudio3.stories.jsx[2m > [22m[2mInteractive
[22m[39m[MOCK CourseVectorStore] Initialized with mock data
[90mstdout[2m | src/components/RecordingStudio3.stories.jsx[2m > [22m[2mInteractive
[22m[39m[FilesContext] Vector store population triggered {
  "currentVectorStoreSize": 3,
  "documentsCount": 0,
  "filesCount": 6,
  "isInitialLoad": true,
}
[90mstdout[2m | src/components/RecordingStudio3.stories.jsx[2m > [22m[2mInteractive
[22m[39m[FilesContext] Vector store population complete - 3 total embeddings
[90mstdout[2m | src/components/RecordingStudio3.stories.jsx[2m > [22m[2mInteractive
[22m[39m[ChatContext] Chat exists and not archived, skipping creation
[90mstdout[2m | src/components/RecordingStudio3.stories.jsx[2m > [22m[2mInteractive
[22m[39m[Mock Storage] downloadData called with: undefined
[90mstdout[2m | src/components/RecordingStudio3.stories.jsx[2m > [22m[2mWord Preset
[22m[39m[ChatContext] Cleaning up subscriptions
[90mstdout[2m | src/components/RecordingStudio3.stories.jsx[2m > [22m[2mWord Preset
[22m[39m[Mock Data] Unit.onUpdate() subscription removed. Remaining: 0
[90mstdout[2m | src/components/RecordingStudio3.stories.jsx[2m > [22m[2mWord Preset
[22m[39m[MOCK CourseVectorStore] Initialized with mock data
[90mstdout[2m | src/components/RecordingStudio3.stories.jsx[2m > [22m[2mWord Preset
[22m[39m[TranslationModeController] Setting mode to: off
[90mstdout[2m | src/components/RecordingStudio3.stories.jsx[2m > [22m[2mWord Preset
[22m[39m[UnitContext] useEffect triggered {
  "authLoading": false,
  "hasUser": true,
  "id": "mock-unit-id",
  "userSub": "mock-user-sub",
}
[90mstdout[2m | src/components/RecordingStudio3.stories.jsx[2m > [22m[2mWord Preset
[22m[39m[UnitContext] Fetching unit data for id: mock-unit-id
[90mstdout[2m | src/components/RecordingStudio3.stories.jsx[2m > [22m[2mWord Preset
[22m[39m[FilesContext] Initializing vector store from IndexedDB
[90mstdout[2m | src/components/RecordingStudio3.stories.jsx[2m > [22m[2mWord Preset
[22m[39m[FilesContext] fetchFiles called
[90mstdout[2m | src/components/RecordingStudio3.stories.jsx[2m > [22m[2mWord Preset
[22m[39m[FilesContext] User authenticated: mock-user-sub
[90mstdout[2m | src/components/RecordingStudio3.stories.jsx[2m > [22m[2mWord Preset
[22m[39m[FilesContext] Identity ID: us-east-1:mock-identity-123
[90mstdout[2m | src/components/RecordingStudio3.stories.jsx[2m > [22m[2mWord Preset
[22m[39m[FilesContext] About to set up File observeQuery
[90mstdout[2m | src/components/RecordingStudio3.stories.jsx[2m > [22m[2mWord Preset
[22m[39m[ChatContext] Setting up AssistantChat observeQuery
[90mstdout[2m | src/components/RecordingStudio3.stories.jsx[2m > [22m[2mWord Preset
[22m[39m[ChatContext] Waiting for subscription to initialize
[90mstdout[2m | src/components/RecordingStudio3.stories.jsx[2m > [22m[2mWord Preset
[22m[39m[SettingsContext] Setting up Settings subscription for user: mock-user-sub
[90mstdout[2m | src/components/RecordingStudio3.stories.jsx[2m > [22m[2mWord Preset
[22m[39m[Mock Data] Settings created: mock-settings-1790417392342 - notified 0 subscribers
[90mstdout[2m | src/components/RecordingStudio3.stories.jsx[2m > [22m[2mWord Preset
[22m[39m[Mock Data] Unit.onUpdate() subscription added. Total: 1
[90mstdout[2m | src/components/RecordingStudio3.stories.jsx[2m > [22m[2mWord Preset
[22m[39m[SectionContext] Section observeQuery update: 0
[90mstdout[2m | src/components/RecordingStudio3.stories.jsx[2m > [22m[2mWord Preset
[22m[39m[FilesContext] File observeQuery update: 6 files
[90mstdout[2m | src/components/RecordingStudio3.stories.jsx[2m > [22m[2mWord Preset
[22m[39m[ChatContext] AssistantChat initialized with 1 chats
[90mstdout[2m | src/components/RecordingStudio3.stories.jsx[2m > [22m[2mWord Preset
[22m[39m[ChatContext] Setting initial chat: mock-assistant-chat-1
[90mstdout[2m | src/components/RecordingStudio3.stories.jsx[2m > [22m[2mWord Preset
[22m[39m[Mock Storage] downloadData called with: undefined
[90mstdout[2m | src/components/RecordingStudio3.stories.jsx[2m > [22m[2mWord Preset
[22m[39m[MOCK CourseVectorStore] Initialized with mock data
[90mstdout[2m | src/components/RecordingStudio3.stories.jsx[2m > [22m[2mWord Preset
[22m[39m[FilesContext] Vector store population triggered {
  "currentVectorStoreSize": 3,
  "documentsCount": 0,
  "filesCount": 6,
  "isInitialLoad": true,
}
[90mstdout[2m | src/components/RecordingStudio3.stories.jsx[2m > [22m[2mWord Preset
[22m[39m[FilesContext] Vector store population complete - 3 total embeddings
[90mstdout[2m | src/components/RecordingStudio3.stories.jsx[2m > [22m[2mWord Preset
[22m[39m[ChatContext] Chat exists and not archived, skipping creation
[90mstdout[2m | src/components/RecordingStudio3.stories.jsx[2m > [22m[2mWord Preset
[22m[39mScript changed: {
  "dialogue": [
    {
      "activeTakeIndex": null,
      "direction": "clear pronunciation",
      "emotion": "neutral",
      "id": 1,
      "speaker": "phrase",
      "takes": [],
      "text": "konnichiwa",
      "timing": {
        "end": 1,
        "start": 0,
      },
    },
    {
      "activeTakeIndex": null,
      "direction": "clear enunciation",
      "emotion": "neutral",
      "id": 2,
      "speaker": "definition",
      "takes": [],
      "text": "Hello. Good afternoon.",
      "timing": {
        "end": 2.7,
        "start": 1.5,
      },
    },
  ],
  "metadata": {
    "date": "2026-09-26",
    "scene": "",
    "title": "こんにちは — Vocabulary",
    "version": "1.0",
  },
  "speakers": {
    "definition": {
      "description": "neutral",
      "name": "DEFINITION",
      "voice": "alloy",
    },
    "phrase": {
      "description": "neutral",
      "name": "PHRASE (こんにちは)",
      "voice": "alloy",
    },
  },
}
[90mstdout[2m | src/components/RecordingStudio3.stories.jsx[2m > [22m[2mConversation Preset
[22m[39m[ChatContext] Cleaning up subscriptions
[90mstdout[2m | src/components/RecordingStudio3.stories.jsx[2m > [22m[2mConversation Preset
[22m[39m[Mock Data] Unit.onUpdate() subscription removed. Remaining: 0
[90mstdout[2m | src/components/RecordingStudio3.stories.jsx[2m > [22m[2mConversation Preset
[22m[39m[MOCK CourseVectorStore] Initialized with mock data
[90mstdout[2m | src/components/RecordingStudio3.stories.jsx[2m > [22m[2mConversation Preset
[22m[39m[TranslationModeController] Setting mode to: off
[90mstdout[2m | src/components/RecordingStudio3.stories.jsx[2m > [22m[2mConversation Preset
[22m[39m[UnitContext] useEffect triggered {
  "authLoading": false,
  "hasUser": true,
  "id": "mock-unit-id",
  "userSub": "mock-user-sub",
}
[90mstdout[2m | src/components/RecordingStudio3.stories.jsx[2m > [22m[2mConversation Preset
[22m[39m[UnitContext] Fetching unit data for id: mock-unit-id
[90mstdout[2m | src/components/RecordingStudio3.stories.jsx[2m > [22m[2mConversation Preset
[22m[39m[FilesContext] Initializing vector store from IndexedDB
[90mstdout[2m | src/components/RecordingStudio3.stories.jsx[2m > [22m[2mConversation Preset
[22m[39m[FilesContext] fetchFiles called
[90mstdout[2m | src/components/RecordingStudio3.stories.jsx[2m > [22m[2mConversation Preset
[22m[39m[FilesContext] User authenticated: mock-user-sub
[90mstdout[2m | src/components/RecordingStudio3.stories.jsx[2m > [22m[2mConversation Preset
[22m[39m[FilesContext] Identity ID: us-east-1:mock-identity-123
[90mstdout[2m | src/components/RecordingStudio3.stories.jsx[2m > [22m[2mConversation Preset
[22m[39m[FilesContext] About to set up File observeQuery
[90mstdout[2m | src/components/RecordingStudio3.stories.jsx[2m > [22m[2mConversation Preset
[22m[39m[ChatContext] Setting up AssistantChat observeQuery
[90mstdout[2m | src/components/RecordingStudio3.stories.jsx[2m > [22m[2mConversation Preset
[22m[39m[ChatContext] Waiting for subscription to initialize
[90mstdout[2m | src/components/RecordingStudio3.stories.jsx[2m > [22m[2mConversation Preset
[22m[39m[SettingsContext] Setting up Settings subscription for user: mock-user-sub
[90mstdout[2m | src/components/RecordingStudio3.stories.jsx[2m > [22m[2mConversation Preset
[22m[39m[Mock Data] Settings created: mock-settings-1790417393858 - notified 0 subscribers
[90mstdout[2m | src/components/RecordingStudio3.stories.jsx[2m > [22m[2mConversation Preset
[22m[39m[Mock Data] Unit.onUpdate() subscription added. Total: 1
[90mstdout[2m | src/components/RecordingStudio3.stories.jsx[2m > [22m[2mConversation Preset
[22m[39m[SectionContext] Section observeQuery update: 0
[90mstdout[2m | src/components/RecordingStudio3.stories.jsx[2m > [22m[2mConversation Preset
[22m[39m[FilesContext] File observeQuery update: 6 files
[90mstdout[2m | src/components/RecordingStudio3.stories.jsx[2m > [22m[2mConversation Preset
[22m[39m[ChatContext] AssistantChat initialized with 1 chats
[90mstdout[2m | src/components/RecordingStudio3.stories.jsx[2m > [22m[2mConversation Preset
[22m[39m[ChatContext] Setting initial chat: mock-assistant-chat-1
[90mstdout[2m | src/components/RecordingStudio3.stories.jsx[2m > [22m[2mConversation Preset
[22m[39m[MOCK CourseVectorStore] Initialized with mock data
[90mstdout[2m | src/components/RecordingStudio3.stories.jsx[2m > [22m[2mConversation Preset
[22m[39m[FilesContext] Vector store population triggered {
  "currentVectorStoreSize": 3,
  "documentsCount": 0,
  "filesCount": 6,
  "isInitialLoad": true,
}
[90mstdout[2m | src/components/RecordingStudio3.stories.jsx[2m > [22m[2mConversation Preset
[22m[39m[FilesContext] Vector store population complete - 3 total embeddings
[90mstdout[2m | src/components/RecordingStudio3.stories.jsx[2m > [22m[2mConversation Preset
[22m[39m[ChatContext] Chat exists and not archived, skipping creation
[90mstdout[2m | src/components/RecordingStudio3.stories.jsx[2m > [22m[2mConversation Preset
[22m[39m[Mock Storage] downloadData called with: undefined
[90mstdout[2m | src/components/RecordingStudio3.stories.jsx[2m > [22m[2mConversation Preset
[22m[39mScript changed: {
  "dialogue": [],
  "metadata": {
    "date": "2026-09-26",
    "scene": "",
    "title": "Coffee Shop",
    "version": "1.0",
  },
  "speakers": {},
}
[90mstdout[2m | src/components/RecordingStudio3.stories.jsx[2m > [22m[2mQuestion Preset
[22m[39m[ChatContext] Cleaning up subscriptions
[90mstdout[2m | src/components/RecordingStudio3.stories.jsx[2m > [22m[2mQuestion Preset
[22m[39m[Mock Data] Unit.onUpdate() subscription removed. Remaining: 0
[90mstdout[2m | src/components/RecordingStudio3.stories.jsx[2m > [22m[2mQuestion Preset
[22m[39m[MOCK CourseVectorStore] Initialized with mock data
[90mstdout[2m | src/components/RecordingStudio3.stories.jsx[2m > [22m[2mQuestion Preset
[22m[39m[TranslationModeController] Setting mode to: off
[90mstdout[2m | src/components/RecordingStudio3.stories.jsx[2m > [22m[2mQuestion Preset
[22m[39m[UnitContext] useEffect triggered {
  "authLoading": false,
  "hasUser": true,
  "id": "mock-unit-id",
  "userSub": "mock-user-sub",
}
[90mstdout[2m | src/components/RecordingStudio3.stories.jsx[2m > [22m[2mQuestion Preset
[22m[39m[UnitContext] Fetching unit data for id: mock-unit-id
[90mstdout[2m | src/components/RecordingStudio3.stories.jsx[2m > [22m[2mQuestion Preset
[22m[39m[FilesContext] Initializing vector store from IndexedDB
[90mstdout[2m | src/components/RecordingStudio3.stories.jsx[2m > [22m[2mQuestion Preset
[22m[39m[FilesContext] fetchFiles called
[90mstdout[2m | src/components/RecordingStudio3.stories.jsx[2m > [22m[2mQuestion Preset
[22m[39m[FilesContext] User authenticated: mock-user-sub
[90mstdout[2m | src/components/RecordingStudio3.stories.jsx[2m > [22m[2mQuestion Preset
[22m[39m[FilesContext] Identity ID: us-east-1:mock-identity-123
[90mstdout[2m | src/components/RecordingStudio3.stories.jsx[2m > [22m[2mQuestion Preset
[22m[39m[FilesContext] About to set up File observeQuery
[90mstdout[2m | src/components/RecordingStudio3.stories.jsx[2m > [22m[2mQuestion Preset
[22m[39m[ChatContext] Setting up AssistantChat observeQuery
[90mstdout[2m | src/components/RecordingStudio3.stories.jsx[2m > [22m[2mQuestion Preset
[22m[39m[ChatContext] Waiting for subscription to initialize
[90mstdout[2m | src/components/RecordingStudio3.stories.jsx[2m > [22m[2mQuestion Preset
[22m[39m[SettingsContext] Setting up Settings subscription for user: mock-user-sub
[90mstdout[2m | src/components/RecordingStudio3.stories.jsx[2m > [22m[2mQuestion Preset
[22m[39m[Mock Data] Settings created: mock-settings-1790417396976 - notified 0 subscribers
[90mstdout[2m | src/components/RecordingStudio3.stories.jsx[2m > [22m[2mQuestion Preset
[22m[39m[Mock Data] Unit.onUpdate() subscription added. Total: 1
[90mstdout[2m | src/components/RecordingStudio3.stories.jsx[2m > [22m[2mQuestion Preset
[22m[39m[SectionContext] Section observeQuery update: 0
[90mstdout[2m | src/components/RecordingStudio3.stories.jsx[2m > [22m[2mQuestion Preset
[22m[39m[FilesContext] File observeQuery update: 6 files
[90mstdout[2m | src/components/RecordingStudio3.stories.jsx[2m > [22m[2mQuestion Preset
[22m[39m[ChatContext] AssistantChat initialized with 1 chats
[90mstdout[2m | src/components/RecordingStudio3.stories.jsx[2m > [22m[2mQuestion Preset
[22m[39m[ChatContext] Setting initial chat: mock-assistant-chat-1
[90mstdout[2m | src/components/RecordingStudio3.stories.jsx[2m > [22m[2mQuestion Preset
[22m[39m[Mock Storage] downloadData called with: undefined
[90mstdout[2m | src/components/RecordingStudio3.stories.jsx[2m > [22m[2mQuestion Preset
[22m[39m[MOCK CourseVectorStore] Initialized with mock data
[90mstdout[2m | src/components/RecordingStudio3.stories.jsx[2m > [22m[2mQuestion Preset
[22m[39m[FilesContext] Vector store population triggered {
  "currentVectorStoreSize": 3,
  "documentsCount": 0,
  "filesCount": 6,
  "isInitialLoad": true,
}
[90mstdout[2m | src/components/RecordingStudio3.stories.jsx[2m > [22m[2mQuestion Preset
[22m[39m[FilesContext] Vector store population complete - 3 total embeddings
[90mstdout[2m | src/components/RecordingStudio3.stories.jsx[2m > [22m[2mQuestion Preset
[22m[39m[ChatContext] Chat exists and not archived, skipping creation
[90mstdout[2m | src/components/RecordingStudio3.stories.jsx[2m > [22m[2mQuestion Preset
[22m[39mScript changed: {
  "dialogue": [
    {
      "activeTakeIndex": null,
      "direction": "questioning tone",
      "emotion": "inquisitive",
      "id": 1,
      "speaker": "question_prompt",
      "takes": [],
      "text": "What is the capital of France?",
      "timing": {
        "end": 2.4,
        "start": 0,
      },
    },
    {
      "activeTakeIndex": null,
      "direction": "confident",
      "emotion": "assured",
      "id": 2,
      "speaker": "answer",
      "takes": [],
      "text": "Paris",
      "timing": {
        "end": 3.9,
        "start": 2.9,
      },
    },
  ],
  "metadata": {
    "date": "2026-09-26",
    "scene": "",
    "title": "What is the capital of France? — Question",
    "version": "1.0",
  },
  "speakers": {
    "answer": {
      "description": "assured",
      "name": "ANSWER",
      "voice": "alloy",
    },
    "question_prompt": {
      "description": "inquisitive",
      "name": "QUESTION PROMPT",
      "voice": "alloy",
    },
  },
}
[90mstdout[2m | src/components/RecordingStudio3.stories.jsx
[22m[39m
════════════════════════════════════════════════════════════
[90mstdout[2m | src/components/RecordingStudio3.stories.jsx
[22m[39m  STORYBOOK AUDIT — 1 issue(s) in 10 stories
[90mstdout[2m | src/components/RecordingStudio3.stories.jsx
[22m[39m════════════════════════════════════════════════════════════
[90mstdout[2m | src/components/RecordingStudio3.stories.jsx
[22m[39m  CONSOLE ERRORS (1 total across 1 unique):
[90mstdout[2m | src/components/RecordingStudio3.stories.jsx
[22m[39m    [1x] Cannot update a component (`%s`) while rendering a different component (`%s`). To locate the bad set
[90mstdout[2m | src/components/RecordingStudio3.stories.jsx
[22m[39m
[90mstdout[2m | src/components/RecordingStudio3.stories.jsx
[22m[39m  STORIES WITH ISSUES:
[90mstdout[2m | src/components/RecordingStudio3.stories.jsx
[22m[39m    • Word Preset (1 console)
[90mstdout[2m | src/components/RecordingStudio3.stories.jsx
[22m[39m
[90mstdout[2m | src/components/RecordingStudio3.stories.jsx
[22m[39m  VERDICT: ISSUES FOUND
[90mstdout[2m | src/components/RecordingStudio3.stories.jsx
[22m[39m════════════════════════════════════════════════════════════

 [31m❯[39m [30m[45m storybook (chromium) [49m[39m src/components/RecordingStudio3.stories.jsx [2m([22m[2m10 tests[22m[2m | [22m[31m1 failed[39m[2m)[22m[33m 16675[2mms[22m[39m
   [33m[2m✓[22m[39m Coffee Shop Dialogue [33m 1084[2mms[22m[39m
   [33m[2m✓[22m[39m Japanese Vocabulary Word [33m 1131[2mms[22m[39m
   [33m[2m✓[22m[39m Quiz Question Audio [33m 828[2mms[22m[39m
   [33m[2m✓[22m[39m Comparing Multiple Takes [33m 1447[2mms[22m[39m
   [33m[2m✓[22m[39m Preview Mode [33m 834[2mms[22m[39m
   [33m[2m✓[22m[39m Start From Scratch [33m 582[2mms[22m[39m
   [33m[2m✓[22m[39m Interactive [33m 1462[2mms[22m[39m
[31m   [31m×[31m Word Preset[39m[33m 3160[2mms[22m[39m
   [33m[2m✓[22m[39m Conversation Preset [33m 2385[2mms[22m[39m
   [33m[2m✓[22m[39m Question Preset [33m 3714[2mms[22m[39m
[90mstdout[2m | unknown test
[22m[39m[MOCK vectorStoreDB.js] Module loaded - mock IndexedDB operations
[90mstdout[2m | unknown test
[22m[39m[Task Completion] DOM action listeners initialized
[90mstdout[2m | unknown test
[22m[39m[Task Completion] Auto-completion detector initialized
[90mstdout[2m | unknown test
[22m[39m[Preview] Task completion detector initialized
[90mstdout[2m | src/components/Editor3/Workbook.stories.jsx[2m > [22m[2mEmpty Workbook
[22m[39m[Preview] Skipped initializing default mock data (initializeMockData=false)
[90mstdout[2m | src/components/Editor3/Workbook.stories.jsx[2m > [22m[2mEmpty Workbook
[22m[39m[Mock Data] seedMockUnit: Adding unit empty-workbook-id
[90mstdout[2m | src/components/Editor3/Workbook.stories.jsx[2m > [22m[2mEmpty Workbook
[22m[39m[Mock Data] Seeded grade: grade-empty-1 for unit: empty-workbook-id
[90mstdout[2m | src/components/Editor3/Workbook.stories.jsx[2m > [22m[2mEmpty Workbook
[22m[39m[Mock Data] Grade has data: true
[90mstdout[2m | src/components/Editor3/Workbook.stories.jsx[2m > [22m[2mEmpty Workbook
[22m[39m[Mock Data] Total grades in store: 1
[90mstdout[2m | src/components/Editor3/Workbook.stories.jsx[2m > [22m[2mEmpty Workbook
[22m[39m[MOCK CourseVectorStore] Initialized with mock data
[90mstdout[2m | src/components/Editor3/Workbook.stories.jsx[2m > [22m[2mEmpty Workbook
[22m[39m[TranslationModeController] Setting mode to: off
[90mstdout[2m | src/components/Editor3/Workbook.stories.jsx[2m > [22m[2mEmpty Workbook
[22m[39m[UnitContext] useEffect triggered {
  "authLoading": false,
  "hasUser": true,
  "id": "empty-workbook-id",
  "userSub": "mock-user-sub",
}
[90mstdout[2m | src/components/Editor3/Workbook.stories.jsx[2m > [22m[2mEmpty Workbook
[22m[39m[UnitContext] Fetching unit data for id: empty-workbook-id
[90mstdout[2m | src/components/Editor3/Workbook.stories.jsx[2m > [22m[2mEmpty Workbook
[22m[39m[FilesContext] Initializing vector store from IndexedDB
[90mstdout[2m | src/components/Editor3/Workbook.stories.jsx[2m > [22m[2mEmpty Workbook
[22m[39m[FilesContext] fetchFiles called
[90mstdout[2m | src/components/Editor3/Workbook.stories.jsx[2m > [22m[2mEmpty Workbook
[22m[39m[FilesContext] User authenticated: mock-user-sub
[90mstdout[2m | src/components/Editor3/Workbook.stories.jsx[2m > [22m[2mEmpty Workbook
[22m[39m[FilesContext] Identity ID: us-east-1:mock-identity-123
[90mstdout[2m | src/components/Editor3/Workbook.stories.jsx[2m > [22m[2mEmpty Workbook
[22m[39m[FilesContext] About to set up File observeQuery
[90mstdout[2m | src/components/Editor3/Workbook.stories.jsx[2m > [22m[2mEmpty Workbook
[22m[39m[ChatContext] Setting up AssistantChat observeQuery
[90mstdout[2m | src/components/Editor3/Workbook.stories.jsx[2m > [22m[2mEmpty Workbook
[22m[39m[ChatContext] Waiting for subscription to initialize
[90mstdout[2m | src/components/Editor3/Workbook.stories.jsx[2m > [22m[2mEmpty Workbook
[22m[39m[SettingsContext] Setting up Settings subscription for user: mock-user-sub
[90mstdout[2m | src/components/Editor3/Workbook.stories.jsx[2m > [22m[2mEmpty Workbook
[22m[39m[Mock Data] Settings created: mock-settings-1790417411803 - notified 0 subscribers
[90mstdout[2m | src/components/Editor3/Workbook.stories.jsx[2m > [22m[2mEmpty Workbook
[22m[39m[Mock Data] Unit.onUpdate() subscription added. Total: 1
[90mstdout[2m | src/components/Editor3/Workbook.stories.jsx[2m > [22m[2mEmpty Workbook
[22m[39m[WorkbookStatePlugin] Loading unit content into read-only workbook: empty-workbook-id
[90mstdout[2m | src/components/Editor3/Workbook.stories.jsx[2m > [22m[2mEmpty Workbook
[22m[39m[SectionContext] Section observeQuery update: 0
[90mstdout[2m | src/components/Editor3/Workbook.stories.jsx[2m > [22m[2mEmpty Workbook
[22m[39m[FilesContext] File observeQuery update: 0 files
[90mstdout[2m | src/components/Editor3/Workbook.stories.jsx[2m > [22m[2mEmpty Workbook
[22m[39m[ChatContext] AssistantChat initialized with 0 chats
[90mstdout[2m | src/components/Editor3/Workbook.stories.jsx[2m > [22m[2mEmpty Workbook
[22m[39m[MOCK CourseVectorStore] Initialized with mock data
[90mstdout[2m | src/components/Editor3/Workbook.stories.jsx[2m > [22m[2mEmpty Workbook
[22m[39m[useWorkbookCollaboration] Initializing for grade grade-empty-1
[90mstdout[2m | src/components/Editor3/Workbook.stories.jsx[2m > [22m[2mEmpty Workbook
[22m[39m[WorkbookCollaboration] Loaded 0 blocks from Grade.data
[90mstdout[2m | src/components/Editor3/Workbook.stories.jsx[2m > [22m[2mEmpty Workbook
[22m[39m[ChatContext] No current chat available, will create one
[90mstdout[2m | src/components/Editor3/Workbook.stories.jsx[2m > [22m[2mEmpty Workbook
[22m[39m[ChatContext] Creating AssistantChat with user: undefined
[90mstdout[2m | src/components/Editor3/Workbook.stories.jsx[2m > [22m[2mEmpty Workbook
[22m[39m[Mock Data] AssistantChat created: mock-assistantchat-1790417411866 - notified 1 subscribers
[90mstdout[2m | src/components/Editor3/Workbook.stories.jsx[2m > [22m[2mEmpty Workbook
[22m[39m[ChatContext] Create result: {
  "data": {
    "_version": 1,
    "archived": false,
    "chatFiles": [Function anonymous],
    "createdAt": "2026-09-26T10:10:11.866Z",
    "id": "mock-assistantchat-1790417411866",
    "model": "gpt-4",
    "updatedAt": "2026-09-26T10:10:11.866Z",
  },
  "errors": [],
  "hasData": true,
  "hasErrors": true,
}
[90mstdout[2m | src/components/Editor3/Workbook.stories.jsx[2m > [22m[2mEmpty Workbook
[22m[39m[ChatContext] Created AssistantChat: mock-assistantchat-1790417411866 at: 2026-09-26T10:10:11.866Z
[90mstdout[2m | src/components/Editor3/Workbook.stories.jsx[2m > [22m[2mEmpty Workbook
[22m[39m[Mock Storage] downloadData called with: undefined
[90mstdout[2m | src/components/Editor3/Workbook.stories.jsx[2m > [22m[2mEmpty Workbook
[22m[39m[YjsProvider] workbook-grade-empty-1 connection status: connected
[90mstdout[2m | src/components/Editor3/Workbook.stories.jsx[2m > [22m[2mEmpty Workbook
[22m[39m[YjsProvider] workbook-grade-empty-1 synced with server
[90mstdout[2m | src/components/Editor3/Workbook.stories.jsx[2m > [22m[2mEmpty Workbook
[22m[39m[ChatContext] Setting initial chat: mock-assistantchat-1790417411866
[90mstdout[2m | src/components/Editor3/Workbook.stories.jsx[2m > [22m[2mEmpty Workbook
[22m[39m[ChatContext] Chat exists and not archived, skipping creation
[90mstdout[2m | src/components/Editor3/Workbook.stories.jsx[2m > [22m[2mWorkbook With Content
[22m[39m[ChatContext] Cleaning up subscriptions
[90mstdout[2m | src/components/Editor3/Workbook.stories.jsx[2m > [22m[2mWorkbook With Content
[22m[39m[Mock Data] Unit.onUpdate() subscription removed. Remaining: 0
[90mstdout[2m | src/components/Editor3/Workbook.stories.jsx[2m > [22m[2mWorkbook With Content
[22m[39m[Preview] Skipped initializing default mock data (initializeMockData=false)
[90mstdout[2m | src/components/Editor3/Workbook.stories.jsx[2m > [22m[2mWorkbook With Content
[22m[39m[Mock Data] seedMockDocuments: Adding 1 documents
[90mstdout[2m | src/components/Editor3/Workbook.stories.jsx[2m > [22m[2mWorkbook With Content
[22m[39m[Mock Data] seedMockParsedContent: Adding 1 parsed content records
[90mstdout[2m | src/components/Editor3/Workbook.stories.jsx[2m > [22m[2mWorkbook With Content
[22m[39m[Mock Data] seedMockWords: Adding 3 words
[90mstdout[2m | src/components/Editor3/Workbook.stories.jsx[2m > [22m[2mWorkbook With Content
[22m[39m[Mock Data] seedMockQuestions: Adding 9 questions
[90mstdout[2m | src/components/Editor3/Workbook.stories.jsx[2m > [22m[2mWorkbook With Content
[22m[39m[Mock Data] seedMockQuestionUnits: Adding 9 question-unit joins
[90mstdout[2m | src/components/Editor3/Workbook.stories.jsx[2m > [22m[2mWorkbook With Content
[22m[39m[Mock Data] seedMockUnit: Adding unit workbook-with-content-id
[90mstdout[2m | src/components/Editor3/Workbook.stories.jsx[2m > [22m[2mWorkbook With Content
[22m[39m[Mock Data] Seeded grade: grade-content-1 for unit: workbook-with-content-id
[90mstdout[2m | src/components/Editor3/Workbook.stories.jsx[2m > [22m[2mWorkbook With Content
[22m[39m[Mock Data] Grade has data: true
[90mstdout[2m | src/components/Editor3/Workbook.stories.jsx[2m > [22m[2mWorkbook With Content
[22m[39m[Mock Data] Total grades in store: 1
[90mstdout[2m | src/components/Editor3/Workbook.stories.jsx[2m > [22m[2mWorkbook With Content
[22m[39m[MOCK CourseVectorStore] Initialized with mock data
[90mstdout[2m | src/components/Editor3/Workbook.stories.jsx[2m > [22m[2mWorkbook With Content
[22m[39m[TranslationModeController] Setting mode to: off
[90mstdout[2m | src/components/Editor3/Workbook.stories.jsx[2m > [22m[2mWorkbook With Content
[22m[39m[UnitContext] useEffect triggered {
  "authLoading": false,
  "hasUser": true,
  "id": "workbook-with-content-id",
  "userSub": "mock-user-sub",
}
[90mstdout[2m | src/components/Editor3/Workbook.stories.jsx[2m > [22m[2mWorkbook With Content
[22m[39m[UnitContext] Fetching unit data for id: workbook-with-content-id
[90mstdout[2m | src/components/Editor3/Workbook.stories.jsx[2m > [22m[2mWorkbook With Content
[22m[39m[FilesContext] Initializing vector store from IndexedDB
[90mstdout[2m | src/components/Editor3/Workbook.stories.jsx[2m > [22m[2mWorkbook With Content
[22m[39m[FilesContext] fetchFiles called
[90mstdout[2m | src/components/Editor3/Workbook.stories.jsx[2m > [22m[2mWorkbook With Content
[22m[39m[FilesContext] User authenticated: mock-user-sub
[90mstdout[2m | src/components/Editor3/Workbook.stories.jsx[2m > [22m[2mWorkbook With Content
[22m[39m[FilesContext] Identity ID: us-east-1:mock-identity-123
[90mstdout[2m | src/components/Editor3/Workbook.stories.jsx[2m > [22m[2mWorkbook With Content
[22m[39m[FilesContext] About to set up File observeQuery
[90mstdout[2m | src/components/Editor3/Workbook.stories.jsx[2m > [22m[2mWorkbook With Content
[22m[39m[ChatContext] Setting up AssistantChat observeQuery
[90mstdout[2m | src/components/Editor3/Workbook.stories.jsx[2m > [22m[2mWorkbook With Content
[22m[39m[ChatContext] Waiting for subscription to initialize
[90mstdout[2m | src/components/Editor3/Workbook.stories.jsx[2m > [22m[2mWorkbook With Content
[22m[39m[SettingsContext] Setting up Settings subscription for user: mock-user-sub
[90mstdout[2m | src/components/Editor3/Workbook.stories.jsx[2m > [22m[2mWorkbook With Content
[22m[39m[Mock Data] Settings created: mock-settings-1790417412377 - notified 0 subscribers
[90mstdout[2m | src/components/Editor3/Workbook.stories.jsx[2m > [22m[2mWorkbook With Content
[22m[39m[Mock Data] Unit.onUpdate() subscription added. Total: 1
[90mstdout[2m | src/components/Editor3/Workbook.stories.jsx[2m > [22m[2mWorkbook With Content
[22m[39m[WorkbookStatePlugin] Loading unit content into read-only workbook: workbook-with-content-id
[90mstdout[2m | src/components/Editor3/Workbook.stories.jsx[2m > [22m[2mWorkbook With Content
[22m[39mQuestionBlockRo.grade {}
[90mstdout[2m | src/components/Editor3/Workbook.stories.jsx[2m > [22m[2mWorkbook With Content
[22m[39m......!q {
  "answer": "Hello",
  "correct": true,
  "id": "sample-quiz-q1",
}
[90mstdout[2m | src/components/Editor3/Workbook.stories.jsx[2m > [22m[2mWorkbook With Content
[22m[39m......!q {
  "answer": "Goodbye",
  "correct": false,
  "id": "sample-quiz-q2",
}
[90mstdout[2m | src/components/Editor3/Workbook.stories.jsx[2m > [22m[2mWorkbook With Content
[22m[39m......!q {
  "answer": "Thank you",
  "correct": false,
  "id": "sample-quiz-q3",
}
[90mstdout[2m | src/components/Editor3/Workbook.stories.jsx[2m > [22m[2mWorkbook With Content
[22m[39m......!q {
  "answer": "Good morning",
  "correct": false,
  "id": "sample-quiz-q4",
}
[90mstdout[2m | src/components/Editor3/Workbook.stories.jsx[2m > [22m[2mWorkbook With Content
[22m[39mQuestionBlock.nodeKey 29 type: string
[90mstdout[2m | src/components/Editor3/Workbook.stories.jsx[2m > [22m[2mWorkbook With Content
[22m[39mQuestionBlock.questionContent [
  {
    "answer": "Hello",
    "correct": true,
    "id": "sample-quiz-q1",
  },
  {
    "answer": "Goodbye",
    "correct": false,
    "id": "sample-quiz-q2",
  },
  {
    "answer": "Thank you",
    "correct": false,
    "id": "sample-quiz-q3",
  },
  {
    "answer": "Good morning",
    "correct": false,
    "id": "sample-quiz-q4",
  },
]
[90mstdout[2m | src/components/Editor3/Workbook.stories.jsx[2m > [22m[2mWorkbook With Content
[22m[39mQuestionBlock.grade.data keys: []
[90mstdout[2m | src/components/Editor3/Workbook.stories.jsx[2m > [22m[2mWorkbook With Content
[22m[39mQuestionBlock.grade.data[nodeKey]: undefined
[90mstdout[2m | src/components/Editor3/Workbook.stories.jsx[2m > [22m[2mWorkbook With Content
[22m[39mQuestionBlockRo.inProgress {}
[90mstdout[2m | src/components/Editor3/Workbook.stories.jsx[2m > [22m[2mWorkbook With Content
[22m[39mQuestionBlockRo.grade {}
[90mstdout[2m | src/components/Editor3/Workbook.stories.jsx[2m > [22m[2mWorkbook With Content
[22m[39m......!q {
  "answer": "今晩は (こんばんは)",
  "correct": true,
  "id": "sample-quiz-q5",
}
[90mstdout[2m | src/components/Editor3/Workbook.stories.jsx[2m > [22m[2mWorkbook With Content
[22m[39m......!q {
  "answer": "おはよう",
  "correct": false,
  "id": "sample-quiz-q6",
}
[90mstdout[2m | src/components/Editor3/Workbook.stories.jsx[2m > [22m[2mWorkbook With Content
[22m[39m......!q {
  "answer": "今日は (こんにちは)",
  "correct": false,
  "id": "sample-quiz-q7",
}
[90mstdout[2m | src/components/Editor3/Workbook.stories.jsx[2m > [22m[2mWorkbook With Content
[22m[39m......!q {
  "answer": "さようなら",
  "correct": false,
  "id": "sample-quiz-q8",
}
[90mstdout[2m | src/components/Editor3/Workbook.stories.jsx[2m > [22m[2mWorkbook With Content
[22m[39mQuestionBlock.nodeKey 32 type: string
[90mstdout[2m | src/components/Editor3/Workbook.stories.jsx[2m > [22m[2mWorkbook With Content
[22m[39mQuestionBlock.questionContent [
  {
    "answer": "今晩は (こんばんは)",
    "correct": true,
    "id": "sample-quiz-q5",
  },
  {
    "answer": "おはよう",
    "correct": false,
    "id": "sample-quiz-q6",
  },
  {
    "answer": "今日は (こんにちは)",
    "correct": false,
    "id": "sample-quiz-q7",
  },
  {
    "answer": "さようなら",
    "correct": false,
    "id": "sample-quiz-q8",
  },
]
[90mstdout[2m | src/components/Editor3/Workbook.stories.jsx[2m > [22m[2mWorkbook With Content
[22m[39mQuestionBlock.grade.data keys: []
[90mstdout[2m | src/components/Editor3/Workbook.stories.jsx[2m > [22m[2mWorkbook With Content
[22m[39mQuestionBlock.grade.data[nodeKey]: undefined
[90mstdout[2m | src/components/Editor3/Workbook.stories.jsx[2m > [22m[2mWorkbook With Content
[22m[39mQuestionBlockRo.inProgress {}
[90mstdout[2m | src/components/Editor3/Workbook.stories.jsx[2m > [22m[2mWorkbook With Content
[22m[39mCustomAnswerComponent.questionID question-audio-1
[90mstdout[2m | src/components/Editor3/Workbook.stories.jsx[2m > [22m[2mWorkbook With Content
[22m[39mCustomAnswerComponent.questionBank []
[90mstdout[2m | src/components/Editor3/Workbook.stories.jsx[2m > [22m[2mWorkbook With Content
[22m[39mCustomAnswerComponent.question {}
[90mstdout[2m | src/components/Editor3/Workbook.stories.jsx[2m > [22m[2mWorkbook With Content
[22m[39mCustomAnswerComponent.question {}
[90mstdout[2m | src/components/Editor3/Workbook.stories.jsx[2m > [22m[2mWorkbook With Content
[22m[39mCustomAnswerComponent.prompt undefined
[90mstdout[2m | src/components/Editor3/Workbook.stories.jsx[2m > [22m[2mWorkbook With Content
[22m[39mCustomAnswerComponent.feedback[questionID] undefined
[90mstdout[2m | src/components/Editor3/Workbook.stories.jsx[2m > [22m[2mWorkbook With Content
[22m[39mCustomAnswerComponent.isCompleted undefined
[90mstdout[2m | src/components/Editor3/Workbook.stories.jsx[2m > [22m[2mWorkbook With Content
[22m[39mCustomAnswerComponent.currentPromptMethod text
[90mstdout[2m | src/components/Editor3/Workbook.stories.jsx[2m > [22m[2mWorkbook With Content
[22m[39mCustomAnswerComponent.displayPrompt undefined
[90mstdout[2m | src/components/Editor3/Workbook.stories.jsx[2m > [22m[2mWorkbook With Content
[22m[39mallowedInput [
  "text",
  "audio",
]
[90mstdout[2m | src/components/Editor3/Workbook.stories.jsx[2m > [22m[2mWorkbook With Content
[22m[39mpromptMethod [
  "text",
]
[90mstdout[2m | src/components/Editor3/Workbook.stories.jsx[2m > [22m[2mWorkbook With Content
[22m[39mAnswerComponent.currentPromptMethod text
[90mstdout[2m | src/components/Editor3/Workbook.stories.jsx[2m > [22m[2mWorkbook With Content
[22m[39mAnswerComponent.promptMethod [
  "text",
]
[90mstdout[2m | src/components/Editor3/Workbook.stories.jsx[2m > [22m[2mWorkbook With Content
[22m[39mallowedInput [
  "text",
  "audio",
]
[90mstdout[2m | src/components/Editor3/Workbook.stories.jsx[2m > [22m[2mWorkbook With Content
[22m[39mpromptMethod [
  "text",
]
[90mstdout[2m | src/components/Editor3/Workbook.stories.jsx[2m > [22m[2mWorkbook With Content
[22m[39mAnswerComponent.currentPromptMethod text
[90mstdout[2m | src/components/Editor3/Workbook.stories.jsx[2m > [22m[2mWorkbook With Content
[22m[39m[SectionContext] Section observeQuery update: 0
[90mstdout[2m | src/components/Editor3/Workbook.stories.jsx[2m > [22m[2mWorkbook With Content
[22m[39m[FilesContext] File observeQuery update: 1 files
[90mstdout[2m | src/components/Editor3/Workbook.stories.jsx[2m > [22m[2mWorkbook With Content
[22m[39m[ChatContext] AssistantChat initialized with 0 chats
[90mstdout[2m | src/components/Editor3/Workbook.stories.jsx[2m > [22m[2mWorkbook With Content
[22m[39m[MOCK CourseVectorStore] Initialized with mock data
[90mstdout[2m | src/components/Editor3/Workbook.stories.jsx[2m > [22m[2mWorkbook With Content
[22m[39mQuestionBlockRo.grade {
  "_version": 1,
  "accuracy": 0,
  "complete": false,
  "data": {},
  "id": "grade-content-1",
  "owner": "mock-user-sub",
  "percentComplete": 0,
  "timerStarted": false,
  "unitID": "workbook-with-content-id",
  "unitVersion": 1,
}
[90mstdout[2m | src/components/Editor3/Workbook.stories.jsx[2m > [22m[2mWorkbook With Content
[22m[39m......!q {
  "answer": "Hello",
  "correct": true,
  "id": "sample-quiz-q1",
}
[90mstdout[2m | src/components/Editor3/Workbook.stories.jsx[2m > [22m[2mWorkbook With Content
[22m[39m......!q {
  "answer": "Goodbye",
  "correct": false,
  "id": "sample-quiz-q2",
}
[90mstdout[2m | src/components/Editor3/Workbook.stories.jsx[2m > [22m[2mWorkbook With Content
[22m[39m......!q {
  "answer": "Thank you",
  "correct": false,
  "id": "sample-quiz-q3",
}
[90mstdout[2m | src/components/Editor3/Workbook.stories.jsx[2m > [22m[2mWorkbook With Content
[22m[39m......!q {
  "answer": "Good morning",
  "correct": false,
  "id": "sample-quiz-q4",
}
[90mstdout[2m | src/components/Editor3/Workbook.stories.jsx[2m > [22m[2mWorkbook With Content
[22m[39mQuestionBlock.nodeKey 29 type: string
[90mstdout[2m | src/components/Editor3/Workbook.stories.jsx[2m > [22m[2mWorkbook With Content
[22m[39mQuestionBlock.questionContent [
  {
    "answer": "Hello",
    "correct": true,
    "id": "sample-quiz-q1",
  },
  {
    "answer": "Goodbye",
    "correct": false,
    "id": "sample-quiz-q2",
  },
  {
    "answer": "Thank you",
    "correct": false,
    "id": "sample-quiz-q3",
  },
  {
    "answer": "Good morning",
    "correct": false,
    "id": "sample-quiz-q4",
  },
]
[90mstdout[2m | src/components/Editor3/Workbook.stories.jsx[2m > [22m[2mWorkbook With Content
[22m[39mQuestionBlock.grade.data keys: []
[90mstdout[2m | src/components/Editor3/Workbook.stories.jsx[2m > [22m[2mWorkbook With Content
[22m[39mQuestionBlock.grade.data[nodeKey]: undefined
[90mstdout[2m | src/components/Editor3/Workbook.stories.jsx[2m > [22m[2mWorkbook With Content
[22m[39mQuestionBlockRo.inProgress {}
[90mstdout[2m | src/components/Editor3/Workbook.stories.jsx[2m > [22m[2mWorkbook With Content
[22m[39mQuestionBlockRo.grade {
  "_version": 1,
  "accuracy": 0,
  "complete": false,
  "data": {},
  "id": "grade-content-1",
  "owner": "mock-user-sub",
  "percentComplete": 0,
  "timerStarted": false,
  "unitID": "workbook-with-content-id",
  "unitVersion": 1,
}
[90mstdout[2m | src/components/Editor3/Workbook.stories.jsx[2m > [22m[2mWorkbook With Content
[22m[39m......!q {
  "answer": "今晩は (こんばんは)",
  "correct": true,
  "id": "sample-quiz-q5",
}
[90mstdout[2m | src/components/Editor3/Workbook.stories.jsx[2m > [22m[2mWorkbook With Content
[22m[39m......!q {
  "answer": "おはよう",
  "correct": false,
  "id": "sample-quiz-q6",
}
[90mstdout[2m | src/components/Editor3/Workbook.stories.jsx[2m > [22m[2mWorkbook With Content
[22m[39m......!q {
  "answer": "今日は (こんにちは)",
  "correct": false,
  "id": "sample-quiz-q7",
}
[90mstdout[2m | src/components/Editor3/Workbook.stories.jsx[2m > [22m[2mWorkbook With Content
[22m[39m......!q {
  "answer": "さようなら",
  "correct": false,
  "id": "sample-quiz-q8",
}
[90mstdout[2m | src/components/Editor3/Workbook.stories.jsx[2m > [22m[2mWorkbook With Content
[22m[39mQuestionBlock.nodeKey 32 type: string
[90mstdout[2m | src/components/Editor3/Workbook.stories.jsx[2m > [22m[2mWorkbook With Content
[22m[39mQuestionBlock.questionContent [
  {
    "answer": "今晩は (こんばんは)",
    "correct": true,
    "id": "sample-quiz-q5",
  },
  {
    "answer": "おはよう",
    "correct": false,
    "id": "sample-quiz-q6",
  },
  {
    "answer": "今日は (こんにちは)",
    "correct": false,
    "id": "sample-quiz-q7",
  },
  {
    "answer": "さようなら",
    "correct": false,
    "id": "sample-quiz-q8",
  },
]
[90mstdout[2m | src/components/Editor3/Workbook.stories.jsx[2m > [22m[2mWorkbook With Content
[22m[39mQuestionBlock.grade.data keys: []
[90mstdout[2m | src/components/Editor3/Workbook.stories.jsx[2m > [22m[2mWorkbook With Content
[22m[39mQuestionBlock.grade.data[nodeKey]: undefined
[90mstdout[2m | src/components/Editor3/Workbook.stories.jsx[2m > [22m[2mWorkbook With Content
[22m[39mQuestionBlockRo.inProgress {}
[90mstdout[2m | src/components/Editor3/Workbook.stories.jsx[2m > [22m[2mWorkbook With Content
[22m[39mCustomAnswerComponent.questionID question-audio-1
[90mstdout[2m | src/components/Editor3/Workbook.stories.jsx[2m > [22m[2mWorkbook With Content
[22m[39mCustomAnswerComponent.questionBank {
  "question-audio-1": {
    "answer": "Audio or text response demonstrating proper pronunciation of がくせい",
    "answerAudio": [Array],
    "audio": [Array],
    "embedding": [Object],
    "hint": "Remember to pronounce both syllables clearly: ga-ku-se-i",
    "id": "question-audio-1",
    "owner": "mock-user-sub",
    "prompt": "Record yourself saying "学生" (がくせい - student)",
  },
  "sample-quiz-q1": {
    "answer": "Hello",
    "audio": [Array],
    "embedding": [Object],
    "hint": "A common greeting used during the day",
    "id": "sample-quiz-q1",
    "owner": "mock-user-sub",
    "prompt": "What does 今日は (こんにちは) mean?",
  },
  "sample-quiz-q2": {
    "answer": "Goodbye",
    "embedding": [Object],
    "hint": "This is incorrect",
    "id": "sample-quiz-q2",
    "owner": "mock-user-sub",
    "prompt": "What does 今日は (こんにちは) mean?",
  },
  "sample-quiz-q3": {
    "answer": "Thank you",
    "embedding": [Object],
    "hint": "This is incorrect",
    "id": "sample-quiz-q3",
    "owner": "mock-user-sub",
    "prompt": "What does 今日は (こんにちは) mean?",
  },
  "sample-quiz-q4": {
    "answer": "Good morning",
    "embedding": [Object],
    "hint": "This is incorrect - though also a greeting",
    "id": "sample-quiz-q4",
    "owner": "mock-user-sub",
    "prompt": "What does 今日は (こんにちは) mean?",
  },
  "sample-quiz-q5": {
    "answer": "今晩は (こんばんは)",
    "audio": [Array],
    "embedding": [Object],
    "hint": "Said when greeting someone in the evening",
    "id": "sample-quiz-q5",
    "owner": "mock-user-sub",
    "prompt": "How do you say "Good evening" in Japanese?",
  },
  "sample-quiz-q6": {
    "answer": "おはよう",
    "embedding": [Object],
    "hint": "This is incorrect - this means good morning",
    "id": "sample-quiz-q6",
    "owner": "mock-user-sub",
    "prompt": "How do you say "Good evening" in Japanese?",
  },
  "sample-quiz-q7": {
    "answer": "今日は (こんにちは)",
    "embedding": [Object],
    "hint": "This is incorrect - this is used during the day",
    "id": "sample-quiz-q7",
    "owner": "mock-user-sub",
    "prompt": "How do you say "Good evening" in Japanese?",
  },
  "sample-quiz-q8": {
    "answer": "さようなら",
    "embedding": [Object],
    "hint": "This is incorrect - this means goodbye",
    "id": "sample-quiz-q8",
    "owner": "mock-user-sub",
    "prompt": "How do you say "Good evening" in Japanese?",
  },
}
[90mstdout[2m | src/components/Editor3/Workbook.stories.jsx[2m > [22m[2mWorkbook With Content
[22m[39mCustomAnswerComponent.question {
  "answer": "Audio or text response demonstrating proper pronunciation of がくせい",
  "answerAudio": [
    "/story-mocks/cinematic-designed-sci-fi-whoosh-transition-nexawave-228295.mp3",
  ],
  "audio": [
    "/story-mocks/cinematic-designed-sci-fi-whoosh-transition-nexawave-228295.mp3",
  ],
  "embedding": {
    "dimensions": 128,
    "embedding": "[{"page":1,"embedding":[-0.375493623385838,-0.34065688277774997,-0.30241641120314205,-0.2611542948133658,-0.21728281103594838,-0.17124030923480626,-0.12348683086831044,-0.0744995129070994,-0.02476782043918371,0.02521134390340561,0.07493860483147617,0.12391710399147991,0.1716574644099477,0.2176826801864466,0.2615328825788482,0.3027699348598005,0.3409818100340678,0.37578670767607414,0.4068368687535527,0.43382205032083365,0.45647262536381383,0.4745622768239473,0.48791025888348777,0.49638320291795357,0.4998964500713346,0.4984148971393996,0.49195334730930806,0.48057636225105826,0.4643976170386202,0.44357876434617555,0.41832781926802803,0.3888970809005464,0.3555806114529912,0.31871129807511944,0.2786575267588307,0.23581950154709808,0.19062524582747006,0.14352632566386422,0.09499333789771887,0.045511208099923935,-0.004425654645201938,-0.05431829771203988,-0.10366821030337939,-0.15198230440552352,-0.19877784156071646,-0.24358725623025476,-0.2859628275547819,-0.32548115283312345,-0.3617473780221225,-0.39439914298770823,-0.4231102020875853,-0.4475936839098409,-0.46760495759726944,-0.4829440771180352,-0.49345777906032434,-0.49904101398969813,-0.4996379960683138,-0.49524276044857823,-0.48589922287193166,-0.47170074087727776,-0.45278918100331195,-0.42935350130496475,-0.40162786334697737,-0.3698892925389467,-0.33445491018901213,-0.2956787649325622,-0.25394829519531104,-0.20968045803661567,-0.16331756305236111,-0.11532285296369783,-0.06617587504888651,-0.01636768966542266,0.03360403626273746,0.08324000176857962,0.1320442606922347,0.17952917701108415,0.22522029713769465,0.26866109050323594,0.30941751106001963,0.347082334126121,0.38127922523980134,0.4116665003690408,0.4379405399054455,0.4598388223310099,0.47714254724634847,0.4896788215519585,0.49732238693891906,0.49999687142851035,0.49767555245577955,0.49038162387257644,0.4781879642022515,0.4612164084615429,0.4396365308253613,0.4136639502976893,0.38355817631776506,0.34962001582754887,0.3121885677081957,0.27163783461612245,0.2283729860720964,0.18282631014131068,0.13545289415393452,0.08672607762294605,0.037132722792178885,-0.012831649930279744,-0.06266781304821456,-0.11187782009339821,-0.15996998094209905,-0.20646377462027168,-0.2508946505102871,-0.2928186699871488,-0.33181694210648377,-0.36749980902438883,-0.39951073932980796,-0.4275298903885351,-0.4512773041050927,-0.47051570417147676,-0.48505286685359267,-0.4947435416272678,-0.4994909024734747,-0.4992475153319073,-0.4940158120464309,-0.4838480660669026,-0.46884587015013995,-0.44915912127867735,-0.42498452293966404,-0.39656361972864257,-0.3641803839157967,-0.32815837808889387],"text":"Record yourself saying 学生 がくせい student Audio or text response demonstrating proper pronunciation Remember to pronounce both syllables clearly ga-ku-se-i"}]",
    "model": "Xenova/all-MiniLM-L6-v2",
    "version": "2026-09-26T09:10:12.284Z",
    "wordCount": 23,
  },
  "hint": "Remember to pronounce both syllables clearly: ga-ku-se-i",
  "id": "question-audio-1",
  "owner": "mock-user-sub",
  "prompt": "Record yourself saying "学生" (がくせい - student)",
}
[90mstdout[2m | src/components/Editor3/Workbook.stories.jsx[2m > [22m[2mWorkbook With Content
[22m[39mCustomAnswerComponent.question {
  "answer": "Audio or text response demonstrating proper pronunciation of がくせい",
  "answerAudio": [
    "/story-mocks/cinematic-designed-sci-fi-whoosh-transition-nexawave-228295.mp3",
  ],
  "audio": [
    "/story-mocks/cinematic-designed-sci-fi-whoosh-transition-nexawave-228295.mp3",
  ],
  "embedding": {
    "dimensions": 128,
    "embedding": "[{"page":1,"embedding":[-0.375493623385838,-0.34065688277774997,-0.30241641120314205,-0.2611542948133658,-0.21728281103594838,-0.17124030923480626,-0.12348683086831044,-0.0744995129070994,-0.02476782043918371,0.02521134390340561,0.07493860483147617,0.12391710399147991,0.1716574644099477,0.2176826801864466,0.2615328825788482,0.3027699348598005,0.3409818100340678,0.37578670767607414,0.4068368687535527,0.43382205032083365,0.45647262536381383,0.4745622768239473,0.48791025888348777,0.49638320291795357,0.4998964500713346,0.4984148971393996,0.49195334730930806,0.48057636225105826,0.4643976170386202,0.44357876434617555,0.41832781926802803,0.3888970809005464,0.3555806114529912,0.31871129807511944,0.2786575267588307,0.23581950154709808,0.19062524582747006,0.14352632566386422,0.09499333789771887,0.045511208099923935,-0.004425654645201938,-0.05431829771203988,-0.10366821030337939,-0.15198230440552352,-0.19877784156071646,-0.24358725623025476,-0.2859628275547819,-0.32548115283312345,-0.3617473780221225,-0.39439914298770823,-0.4231102020875853,-0.4475936839098409,-0.46760495759726944,-0.4829440771180352,-0.49345777906032434,-0.49904101398969813,-0.4996379960683138,-0.49524276044857823,-0.48589922287193166,-0.47170074087727776,-0.45278918100331195,-0.42935350130496475,-0.40162786334697737,-0.3698892925389467,-0.33445491018901213,-0.2956787649325622,-0.25394829519531104,-0.20968045803661567,-0.16331756305236111,-0.11532285296369783,-0.06617587504888651,-0.01636768966542266,0.03360403626273746,0.08324000176857962,0.1320442606922347,0.17952917701108415,0.22522029713769465,0.26866109050323594,0.30941751106001963,0.347082334126121,0.38127922523980134,0.4116665003690408,0.4379405399054455,0.4598388223310099,0.47714254724634847,0.4896788215519585,0.49732238693891906,0.49999687142851035,0.49767555245577955,0.49038162387257644,0.4781879642022515,0.4612164084615429,0.4396365308253613,0.4136639502976893,0.38355817631776506,0.34962001582754887,0.3121885677081957,0.27163783461612245,0.2283729860720964,0.18282631014131068,0.13545289415393452,0.08672607762294605,0.037132722792178885,-0.012831649930279744,-0.06266781304821456,-0.11187782009339821,-0.15996998094209905,-0.20646377462027168,-0.2508946505102871,-0.2928186699871488,-0.33181694210648377,-0.36749980902438883,-0.39951073932980796,-0.4275298903885351,-0.4512773041050927,-0.47051570417147676,-0.48505286685359267,-0.4947435416272678,-0.4994909024734747,-0.4992475153319073,-0.4940158120464309,-0.4838480660669026,-0.46884587015013995,-0.44915912127867735,-0.42498452293966404,-0.39656361972864257,-0.3641803839157967,-0.32815837808889387],"text":"Record yourself saying 学生 がくせい student Audio or text response demonstrating proper pronunciation Remember to pronounce both syllables clearly ga-ku-se-i"}]",
    "model": "Xenova/all-MiniLM-L6-v2",
    "version": "2026-09-26T09:10:12.284Z",
    "wordCount": 23,
  },
  "hint": "Remember to pronounce both syllables clearly: ga-ku-se-i",
  "id": "question-audio-1",
  "owner": "mock-user-sub",
  "prompt": "Record yourself saying "学生" (がくせい - student)",
}
[90mstdout[2m | src/components/Editor3/Workbook.stories.jsx[2m > [22m[2mWorkbook With Content
[22m[39mCustomAnswerComponent.prompt Record yourself saying "学生" (がくせい - student)
[90mstdout[2m | src/components/Editor3/Workbook.stories.jsx[2m > [22m[2mWorkbook With Content
[22m[39mCustomAnswerComponent.feedback[questionID] undefined
[90mstdout[2m | src/components/Editor3/Workbook.stories.jsx[2m > [22m[2mWorkbook With Content
[22m[39mCustomAnswerComponent.isCompleted undefined
[90mstdout[2m | src/components/Editor3/Workbook.stories.jsx[2m > [22m[2mWorkbook With Content
[22m[39mCustomAnswerComponent.currentPromptMethod text
[90mstdout[2m | src/components/Editor3/Workbook.stories.jsx[2m > [22m[2mWorkbook With Content
[22m[39mCustomAnswerComponent.displayPrompt Record yourself saying "学生" (がくせい - student)
[90mstdout[2m | src/components/Editor3/Workbook.stories.jsx[2m > [22m[2mWorkbook With Content
[22m[39m[useWorkbookCollaboration] Initializing for grade grade-content-1
[90mstdout[2m | src/components/Editor3/Workbook.stories.jsx[2m > [22m[2mWorkbook With Content
[22m[39m[WorkbookCollaboration] Loaded 0 blocks from Grade.data
[90mstdout[2m | src/components/Editor3/Workbook.stories.jsx[2m > [22m[2mWorkbook With Content
[22m[39m[FilesContext] Vector store population triggered {
  "currentVectorStoreSize": 3,
  "documentsCount": 1,
  "filesCount": 1,
  "isInitialLoad": true,
}
[90mstdout[2m | src/components/Editor3/Workbook.stories.jsx[2m > [22m[2mWorkbook With Content
[22m[39m[FilesContext] Vector store population complete - 3 total embeddings
[90mstdout[2m | src/components/Editor3/Workbook.stories.jsx[2m > [22m[2mWorkbook With Content
[22m[39m[ChatContext] No current chat available, will create one
[90mstdout[2m | src/components/Editor3/Workbook.stories.jsx[2m > [22m[2mWorkbook With Content
[22m[39m[ChatContext] Creating AssistantChat with user: undefined
[90mstdout[2m | src/components/Editor3/Workbook.stories.jsx[2m > [22m[2mWorkbook With Content
[22m[39m[Mock Data] AssistantChat created: mock-assistantchat-1790417412875 - notified 1 subscribers
[90mstdout[2m | src/components/Editor3/Workbook.stories.jsx[2m > [22m[2mWorkbook With Content
[22m[39mQuestionBlockRo.grade {
  "_version": 1,
  "accuracy": 0,
  "complete": false,
  "data": {},
  "id": "grade-content-1",
  "owner": "mock-user-sub",
  "percentComplete": 0,
  "timerStarted": false,
  "unitID": "workbook-with-content-id",
  "unitVersion": 1,
}
[90mstdout[2m | src/components/Editor3/Workbook.stories.jsx[2m > [22m[2mWorkbook With Content
[22m[39m......!q {
  "answer": "Hello",
  "correct": true,
  "id": "sample-quiz-q1",
}
[90mstdout[2m | src/components/Editor3/Workbook.stories.jsx[2m > [22m[2mWorkbook With Content
[22m[39m......!q {
  "answer": "Goodbye",
  "correct": false,
  "id": "sample-quiz-q2",
}
[90mstdout[2m | src/components/Editor3/Workbook.stories.jsx[2m > [22m[2mWorkbook With Content
[22m[39m......!q {
  "answer": "Thank you",
  "correct": false,
  "id": "sample-quiz-q3",
}
[90mstdout[2m | src/components/Editor3/Workbook.stories.jsx[2m > [22m[2mWorkbook With Content
[22m[39m......!q {
  "answer": "Good morning",
  "correct": false,
  "id": "sample-quiz-q4",
}
[90mstdout[2m | src/components/Editor3/Workbook.stories.jsx[2m > [22m[2mWorkbook With Content
[22m[39mQuestionBlock.nodeKey 29 type: string
[90mstdout[2m | src/components/Editor3/Workbook.stories.jsx[2m > [22m[2mWorkbook With Content
[22m[39mQuestionBlock.questionContent [
  {
    "answer": "Hello",
    "correct": true,
    "id": "sample-quiz-q1",
  },
  {
    "answer": "Goodbye",
    "correct": false,
    "id": "sample-quiz-q2",
  },
  {
    "answer": "Thank you",
    "correct": false,
    "id": "sample-quiz-q3",
  },
  {
    "answer": "Good morning",
    "correct": false,
    "id": "sample-quiz-q4",
  },
]
[90mstdout[2m | src/components/Editor3/Workbook.stories.jsx[2m > [22m[2mWorkbook With Content
[22m[39mQuestionBlock.grade.data keys: []
[90mstdout[2m | src/components/Editor3/Workbook.stories.jsx[2m > [22m[2mWorkbook With Content
[22m[39mQuestionBlock.grade.data[nodeKey]: undefined
[90mstdout[2m | src/components/Editor3/Workbook.stories.jsx[2m > [22m[2mWorkbook With Content
[22m[39mQuestionBlockRo.inProgress {}
[90mstdout[2m | src/components/Editor3/Workbook.stories.jsx[2m > [22m[2mWorkbook With Content
[22m[39mQuestionBlockRo.grade {
  "_version": 1,
  "accuracy": 0,
  "complete": false,
  "data": {},
  "id": "grade-content-1",
  "owner": "mock-user-sub",
  "percentComplete": 0,
  "timerStarted": false,
  "unitID": "workbook-with-content-id",
  "unitVersion": 1,
}
[90mstdout[2m | src/components/Editor3/Workbook.stories.jsx[2m > [22m[2mWorkbook With Content
[22m[39m......!q {
  "answer": "今晩は (こんばんは)",
  "correct": true,
  "id": "sample-quiz-q5",
}
[90mstdout[2m | src/components/Editor3/Workbook.stories.jsx[2m > [22m[2mWorkbook With Content
[22m[39m......!q {
  "answer": "おはよう",
  "correct": false,
  "id": "sample-quiz-q6",
}
[90mstdout[2m | src/components/Editor3/Workbook.stories.jsx[2m > [22m[2mWorkbook With Content
[22m[39m......!q {
  "answer": "今日は (こんにちは)",
  "correct": false,
  "id": "sample-quiz-q7",
}
[90mstdout[2m | src/components/Editor3/Workbook.stories.jsx[2m > [22m[2mWorkbook With Content
[22m[39m......!q {
  "answer": "さようなら",
  "correct": false,
  "id": "sample-quiz-q8",
}
[90mstdout[2m | src/components/Editor3/Workbook.stories.jsx[2m > [22m[2mWorkbook With Content
[22m[39mQuestionBlock.nodeKey 32 type: string
[90mstdout[2m | src/components/Editor3/Workbook.stories.jsx[2m > [22m[2mWorkbook With Content
[22m[39mQuestionBlock.questionContent [
  {
    "answer": "今晩は (こんばんは)",
    "correct": true,
    "id": "sample-quiz-q5",
  },
  {
    "answer": "おはよう",
    "correct": false,
    "id": "sample-quiz-q6",
  },
  {
    "answer": "今日は (こんにちは)",
    "correct": false,
    "id": "sample-quiz-q7",
  },
  {
    "answer": "さようなら",
    "correct": false,
    "id": "sample-quiz-q8",
  },
]
[90mstdout[2m | src/components/Editor3/Workbook.stories.jsx[2m > [22m[2mWorkbook With Content
[22m[39mQuestionBlock.grade.data keys: []
[90mstdout[2m | src/components/Editor3/Workbook.stories.jsx[2m > [22m[2mWorkbook With Content
[22m[39mQuestionBlock.grade.data[nodeKey]: undefined
[90mstdout[2m | src/components/Editor3/Workbook.stories.jsx[2m > [22m[2mWorkbook With Content
[22m[39mQuestionBlockRo.inProgress {}
[90mstdout[2m | src/components/Editor3/Workbook.stories.jsx[2m > [22m[2mWorkbook With Content
[22m[39mCustomAnswerComponent.questionID question-audio-1
[90mstdout[2m | src/components/Editor3/Workbook.stories.jsx[2m > [22m[2mWorkbook With Content
[22m[39mCustomAnswerComponent.questionBank {
  "question-audio-1": {
    "answer": "Audio or text response demonstrating proper pronunciation of がくせい",
    "answerAudio": [Array],
    "audio": [Array],
    "embedding": [Object],
    "hint": "Remember to pronounce both syllables clearly: ga-ku-se-i",
    "id": "question-audio-1",
    "owner": "mock-user-sub",
    "prompt": "Record yourself saying "学生" (がくせい - student)",
  },
  "sample-quiz-q1": {
    "answer": "Hello",
    "audio": [Array],
    "embedding": [Object],
    "hint": "A common greeting used during the day",
    "id": "sample-quiz-q1",
    "owner": "mock-user-sub",
    "prompt": "What does 今日は (こんにちは) mean?",
  },
  "sample-quiz-q2": {
    "answer": "Goodbye",
    "embedding": [Object],
    "hint": "This is incorrect",
    "id": "sample-quiz-q2",
    "owner": "mock-user-sub",
    "prompt": "What does 今日は (こんにちは) mean?",
  },
  "sample-quiz-q3": {
    "answer": "Thank you",
    "embedding": [Object],
    "hint": "This is incorrect",
    "id": "sample-quiz-q3",
    "owner": "mock-user-sub",
    "prompt": "What does 今日は (こんにちは) mean?",
  },
  "sample-quiz-q4": {
    "answer": "Good morning",
    "embedding": [Object],
    "hint": "This is incorrect - though also a greeting",
    "id": "sample-quiz-q4",
    "owner": "mock-user-sub",
    "prompt": "What does 今日は (こんにちは) mean?",
  },
  "sample-quiz-q5": {
    "answer": "今晩は (こんばんは)",
    "audio": [Array],
    "embedding": [Object],
    "hint": "Said when greeting someone in the evening",
    "id": "sample-quiz-q5",
    "owner": "mock-user-sub",
    "prompt": "How do you say "Good evening" in Japanese?",
  },
  "sample-quiz-q6": {
    "answer": "おはよう",
    "embedding": [Object],
    "hint": "This is incorrect - this means good morning",
    "id": "sample-quiz-q6",
    "owner": "mock-user-sub",
    "prompt": "How do you say "Good evening" in Japanese?",
  },
  "sample-quiz-q7": {
    "answer": "今日は (こんにちは)",
    "embedding": [Object],
    "hint": "This is incorrect - this is used during the day",
    "id": "sample-quiz-q7",
    "owner": "mock-user-sub",
    "prompt": "How do you say "Good evening" in Japanese?",
  },
  "sample-quiz-q8": {
    "answer": "さようなら",
    "embedding": [Object],
    "hint": "This is incorrect - this means goodbye",
    "id": "sample-quiz-q8",
    "owner": "mock-user-sub",
    "prompt": "How do you say "Good evening" in Japanese?",
  },
}
[90mstdout[2m | src/components/Editor3/Workbook.stories.jsx[2m > [22m[2mWorkbook With Content
[22m[39mCustomAnswerComponent.question {
  "answer": "Audio or text response demonstrating proper pronunciation of がくせい",
  "answerAudio": [
    "/story-mocks/cinematic-designed-sci-fi-whoosh-transition-nexawave-228295.mp3",
  ],
  "audio": [
    "/story-mocks/cinematic-designed-sci-fi-whoosh-transition-nexawave-228295.mp3",
  ],
  "embedding": {
    "dimensions": 128,
    "embedding": "[{"page":1,"embedding":[-0.375493623385838,-0.34065688277774997,-0.30241641120314205,-0.2611542948133658,-0.21728281103594838,-0.17124030923480626,-0.12348683086831044,-0.0744995129070994,-0.02476782043918371,0.02521134390340561,0.07493860483147617,0.12391710399147991,0.1716574644099477,0.2176826801864466,0.2615328825788482,0.3027699348598005,0.3409818100340678,0.37578670767607414,0.4068368687535527,0.43382205032083365,0.45647262536381383,0.4745622768239473,0.48791025888348777,0.49638320291795357,0.4998964500713346,0.4984148971393996,0.49195334730930806,0.48057636225105826,0.4643976170386202,0.44357876434617555,0.41832781926802803,0.3888970809005464,0.3555806114529912,0.31871129807511944,0.2786575267588307,0.23581950154709808,0.19062524582747006,0.14352632566386422,0.09499333789771887,0.045511208099923935,-0.004425654645201938,-0.05431829771203988,-0.10366821030337939,-0.15198230440552352,-0.19877784156071646,-0.24358725623025476,-0.2859628275547819,-0.32548115283312345,-0.3617473780221225,-0.39439914298770823,-0.4231102020875853,-0.4475936839098409,-0.46760495759726944,-0.4829440771180352,-0.49345777906032434,-0.49904101398969813,-0.4996379960683138,-0.49524276044857823,-0.48589922287193166,-0.47170074087727776,-0.45278918100331195,-0.42935350130496475,-0.40162786334697737,-0.3698892925389467,-0.33445491018901213,-0.2956787649325622,-0.25394829519531104,-0.20968045803661567,-0.16331756305236111,-0.11532285296369783,-0.06617587504888651,-0.01636768966542266,0.03360403626273746,0.08324000176857962,0.1320442606922347,0.17952917701108415,0.22522029713769465,0.26866109050323594,0.30941751106001963,0.347082334126121,0.38127922523980134,0.4116665003690408,0.4379405399054455,0.4598388223310099,0.47714254724634847,0.4896788215519585,0.49732238693891906,0.49999687142851035,0.49767555245577955,0.49038162387257644,0.4781879642022515,0.4612164084615429,0.4396365308253613,0.4136639502976893,0.38355817631776506,0.34962001582754887,0.3121885677081957,0.27163783461612245,0.2283729860720964,0.18282631014131068,0.13545289415393452,0.08672607762294605,0.037132722792178885,-0.012831649930279744,-0.06266781304821456,-0.11187782009339821,-0.15996998094209905,-0.20646377462027168,-0.2508946505102871,-0.2928186699871488,-0.33181694210648377,-0.36749980902438883,-0.39951073932980796,-0.4275298903885351,-0.4512773041050927,-0.47051570417147676,-0.48505286685359267,-0.4947435416272678,-0.4994909024734747,-0.4992475153319073,-0.4940158120464309,-0.4838480660669026,-0.46884587015013995,-0.44915912127867735,-0.42498452293966404,-0.39656361972864257,-0.3641803839157967,-0.32815837808889387],"text":"Record yourself saying 学生 がくせい student Audio or text response demonstrating proper pronunciation Remember to pronounce both syllables clearly ga-ku-se-i"}]",
    "model": "Xenova/all-MiniLM-L6-v2",
    "version": "2026-09-26T09:10:12.284Z",
    "wordCount": 23,
  },
  "hint": "Remember to pronounce both syllables clearly: ga-ku-se-i",
  "id": "question-audio-1",
  "owner": "mock-user-sub",
  "prompt": "Record yourself saying "学生" (がくせい - student)",
}
[90mstdout[2m | src/components/Editor3/Workbook.stories.jsx[2m > [22m[2mWorkbook With Content
[22m[39mCustomAnswerComponent.question {
  "answer": "Audio or text response demonstrating proper pronunciation of がくせい",
  "answerAudio": [
    "/story-mocks/cinematic-designed-sci-fi-whoosh-transition-nexawave-228295.mp3",
  ],
  "audio": [
    "/story-mocks/cinematic-designed-sci-fi-whoosh-transition-nexawave-228295.mp3",
  ],
  "embedding": {
    "dimensions": 128,
    "embedding": "[{"page":1,"embedding":[-0.375493623385838,-0.34065688277774997,-0.30241641120314205,-0.2611542948133658,-0.21728281103594838,-0.17124030923480626,-0.12348683086831044,-0.0744995129070994,-0.02476782043918371,0.02521134390340561,0.07493860483147617,0.12391710399147991,0.1716574644099477,0.2176826801864466,0.2615328825788482,0.3027699348598005,0.3409818100340678,0.37578670767607414,0.4068368687535527,0.43382205032083365,0.45647262536381383,0.4745622768239473,0.48791025888348777,0.49638320291795357,0.4998964500713346,0.4984148971393996,0.49195334730930806,0.48057636225105826,0.4643976170386202,0.44357876434617555,0.41832781926802803,0.3888970809005464,0.3555806114529912,0.31871129807511944,0.2786575267588307,0.23581950154709808,0.19062524582747006,0.14352632566386422,0.09499333789771887,0.045511208099923935,-0.004425654645201938,-0.05431829771203988,-0.10366821030337939,-0.15198230440552352,-0.19877784156071646,-0.24358725623025476,-0.2859628275547819,-0.32548115283312345,-0.3617473780221225,-0.39439914298770823,-0.4231102020875853,-0.4475936839098409,-0.46760495759726944,-0.4829440771180352,-0.49345777906032434,-0.49904101398969813,-0.4996379960683138,-0.49524276044857823,-0.48589922287193166,-0.47170074087727776,-0.45278918100331195,-0.42935350130496475,-0.40162786334697737,-0.3698892925389467,-0.33445491018901213,-0.2956787649325622,-0.25394829519531104,-0.20968045803661567,-0.16331756305236111,-0.11532285296369783,-0.06617587504888651,-0.01636768966542266,0.03360403626273746,0.08324000176857962,0.1320442606922347,0.17952917701108415,0.22522029713769465,0.26866109050323594,0.30941751106001963,0.347082334126121,0.38127922523980134,0.4116665003690408,0.4379405399054455,0.4598388223310099,0.47714254724634847,0.4896788215519585,0.49732238693891906,0.49999687142851035,0.49767555245577955,0.49038162387257644,0.4781879642022515,0.4612164084615429,0.4396365308253613,0.4136639502976893,0.38355817631776506,0.34962001582754887,0.3121885677081957,0.27163783461612245,0.2283729860720964,0.18282631014131068,0.13545289415393452,0.08672607762294605,0.037132722792178885,-0.012831649930279744,-0.06266781304821456,-0.11187782009339821,-0.15996998094209905,-0.20646377462027168,-0.2508946505102871,-0.2928186699871488,-0.33181694210648377,-0.36749980902438883,-0.39951073932980796,-0.4275298903885351,-0.4512773041050927,-0.47051570417147676,-0.48505286685359267,-0.4947435416272678,-0.4994909024734747,-0.4992475153319073,-0.4940158120464309,-0.4838480660669026,-0.46884587015013995,-0.44915912127867735,-0.42498452293966404,-0.39656361972864257,-0.3641803839157967,-0.32815837808889387],"text":"Record yourself saying 学生 がくせい student Audio or text response demonstrating proper pronunciation Remember to pronounce both syllables clearly ga-ku-se-i"}]",
    "model": "Xenova/all-MiniLM-L6-v2",
    "version": "2026-09-26T09:10:12.284Z",
    "wordCount": 23,
  },
  "hint": "Remember to pronounce both syllables clearly: ga-ku-se-i",
  "id": "question-audio-1",
  "owner": "mock-user-sub",
  "prompt": "Record yourself saying "学生" (がくせい - student)",
}
[90mstdout[2m | src/components/Editor3/Workbook.stories.jsx[2m > [22m[2mWorkbook With Content
[22m[39mCustomAnswerComponent.prompt Record yourself saying "学生" (がくせい - student)
[90mstdout[2m | src/components/Editor3/Workbook.stories.jsx[2m > [22m[2mWorkbook With Content
[22m[39mCustomAnswerComponent.feedback[questionID] undefined
[90mstdout[2m | src/components/Editor3/Workbook.stories.jsx[2m > [22m[2mWorkbook With Content
[22m[39mCustomAnswerComponent.isCompleted undefined
[90mstdout[2m | src/components/Editor3/Workbook.stories.jsx[2m > [22m[2mWorkbook With Content
[22m[39mCustomAnswerComponent.currentPromptMethod text
[90mstdout[2m | src/components/Editor3/Workbook.stories.jsx[2m > [22m[2mWorkbook With Content
[22m[39mCustomAnswerComponent.displayPrompt Record yourself saying "学生" (がくせい - student)
[90mstdout[2m | src/components/Editor3/Workbook.stories.jsx[2m > [22m[2mWorkbook With Content
[22m[39m[ChatContext] Create result: {
  "data": {
    "_version": 1,
    "archived": false,
    "chatFiles": [Function anonymous],
    "createdAt": "2026-09-26T10:10:12.875Z",
    "id": "mock-assistantchat-1790417412875",
    "model": "gpt-4",
    "updatedAt": "2026-09-26T10:10:12.875Z",
  },
  "errors": [],
  "hasData": true,
  "hasErrors": true,
}
[90mstdout[2m | src/components/Editor3/Workbook.stories.jsx[2m > [22m[2mWorkbook With Content
[22m[39m[ChatContext] Created AssistantChat: mock-assistantchat-1790417412875 at: 2026-09-26T10:10:12.875Z
[90mstdout[2m | src/components/Editor3/Workbook.stories.jsx[2m > [22m[2mWorkbook With Content
[22m[39m[Mock Storage] downloadData called with: undefined
[90mstdout[2m | src/components/Editor3/Workbook.stories.jsx[2m > [22m[2mWorkbook With Content
[22m[39m[YjsProvider] workbook-grade-content-1 connection status: connected
[90mstdout[2m | src/components/Editor3/Workbook.stories.jsx[2m > [22m[2mWorkbook With Content
[22m[39m[YjsProvider] workbook-grade-content-1 synced with server
[90mstdout[2m | src/components/Editor3/Workbook.stories.jsx[2m > [22m[2mWorkbook With Content
[22m[39m[ChatContext] Setting initial chat: mock-assistantchat-1790417412875
[90mstdout[2m | src/components/Editor3/Workbook.stories.jsx[2m > [22m[2mWorkbook With Content
[22m[39mQuestionBlockRo.grade {
  "_version": 1,
  "accuracy": 0,
  "complete": false,
  "data": {},
  "id": "grade-content-1",
  "owner": "mock-user-sub",
  "percentComplete": 0,
  "timerStarted": false,
  "unitID": "workbook-with-content-id",
  "unitVersion": 1,
}
[90mstdout[2m | src/components/Editor3/Workbook.stories.jsx[2m > [22m[2mWorkbook With Content
[22m[39m......!q {
  "answer": "Hello",
  "correct": true,
  "id": "sample-quiz-q1",
}
[90mstdout[2m | src/components/Editor3/Workbook.stories.jsx[2m > [22m[2mWorkbook With Content
[22m[39m......!q {
  "answer": "Goodbye",
  "correct": false,
  "id": "sample-quiz-q2",
}
[90mstdout[2m | src/components/Editor3/Workbook.stories.jsx[2m > [22m[2mWorkbook With Content
[22m[39m......!q {
  "answer": "Thank you",
  "correct": false,
  "id": "sample-quiz-q3",
}
[90mstdout[2m | src/components/Editor3/Workbook.stories.jsx[2m > [22m[2mWorkbook With Content
[22m[39m......!q {
  "answer": "Good morning",
  "correct": false,
  "id": "sample-quiz-q4",
}
[90mstdout[2m | src/components/Editor3/Workbook.stories.jsx[2m > [22m[2mWorkbook With Content
[22m[39mQuestionBlock.nodeKey 29 type: string
[90mstdout[2m | src/components/Editor3/Workbook.stories.jsx[2m > [22m[2mWorkbook With Content
[22m[39mQuestionBlock.questionContent [
  {
    "answer": "Hello",
    "correct": true,
    "id": "sample-quiz-q1",
  },
  {
    "answer": "Goodbye",
    "correct": false,
    "id": "sample-quiz-q2",
  },
  {
    "answer": "Thank you",
    "correct": false,
    "id": "sample-quiz-q3",
  },
  {
    "answer": "Good morning",
    "correct": false,
    "id": "sample-quiz-q4",
  },
]
[90mstdout[2m | src/components/Editor3/Workbook.stories.jsx[2m > [22m[2mWorkbook With Content
[22m[39mQuestionBlock.grade.data keys: []
[90mstdout[2m | src/components/Editor3/Workbook.stories.jsx[2m > [22m[2mWorkbook With Content
[22m[39mQuestionBlock.grade.data[nodeKey]: undefined
[90mstdout[2m | src/components/Editor3/Workbook.stories.jsx[2m > [22m[2mWorkbook With Content
[22m[39mQuestionBlockRo.inProgress {}
[90mstdout[2m | src/components/Editor3/Workbook.stories.jsx[2m > [22m[2mWorkbook With Content
[22m[39mQuestionBlockRo.grade {
  "_version": 1,
  "accuracy": 0,
  "complete": false,
  "data": {},
  "id": "grade-content-1",
  "owner": "mock-user-sub",
  "percentComplete": 0,
  "timerStarted": false,
  "unitID": "workbook-with-content-id",
  "unitVersion": 1,
}
[90mstdout[2m | src/components/Editor3/Workbook.stories.jsx[2m > [22m[2mWorkbook With Content
[22m[39m......!q {
  "answer": "今晩は (こんばんは)",
  "correct": true,
  "id": "sample-quiz-q5",
}
[90mstdout[2m | src/components/Editor3/Workbook.stories.jsx[2m > [22m[2mWorkbook With Content
[22m[39m......!q {
  "answer": "おはよう",
  "correct": false,
  "id": "sample-quiz-q6",
}
[90mstdout[2m | src/components/Editor3/Workbook.stories.jsx[2m > [22m[2mWorkbook With Content
[22m[39m......!q {
  "answer": "今日は (こんにちは)",
  "correct": false,
  "id": "sample-quiz-q7",
}
[90mstdout[2m | src/components/Editor3/Workbook.stories.jsx[2m > [22m[2mWorkbook With Content
[22m[39m......!q {
  "answer": "さようなら",
  "correct": false,
  "id": "sample-quiz-q8",
}
[90mstdout[2m | src/components/Editor3/Workbook.stories.jsx[2m > [22m[2mWorkbook With Content
[22m[39mQuestionBlock.nodeKey 32 type: string
[90mstdout[2m | src/components/Editor3/Workbook.stories.jsx[2m > [22m[2mWorkbook With Content
[22m[39mQuestionBlock.questionContent [
  {
    "answer": "今晩は (こんばんは)",
    "correct": true,
    "id": "sample-quiz-q5",
  },
  {
    "answer": "おはよう",
    "correct": false,
    "id": "sample-quiz-q6",
  },
  {
    "answer": "今日は (こんにちは)",
    "correct": false,
    "id": "sample-quiz-q7",
  },
  {
    "answer": "さようなら",
    "correct": false,
    "id": "sample-quiz-q8",
  },
]
[90mstdout[2m | src/components/Editor3/Workbook.stories.jsx[2m > [22m[2mWorkbook With Content
[22m[39mQuestionBlock.grade.data keys: []
[90mstdout[2m | src/components/Editor3/Workbook.stories.jsx[2m > [22m[2mWorkbook With Content
[22m[39mQuestionBlock.grade.data[nodeKey]: undefined
[90mstdout[2m | src/components/Editor3/Workbook.stories.jsx[2m > [22m[2mWorkbook With Content
[22m[39mQuestionBlockRo.inProgress {}
[90mstdout[2m | src/components/Editor3/Workbook.stories.jsx[2m > [22m[2mWorkbook With Content
[22m[39mCustomAnswerComponent.questionID question-audio-1
[90mstdout[2m | src/components/Editor3/Workbook.stories.jsx[2m > [22m[2mWorkbook With Content
[22m[39mCustomAnswerComponent.questionBank {
  "question-audio-1": {
    "answer": "Audio or text response demonstrating proper pronunciation of がくせい",
    "answerAudio": [Array],
    "audio": [Array],
    "embedding": [Object],
    "hint": "Remember to pronounce both syllables clearly: ga-ku-se-i",
    "id": "question-audio-1",
    "owner": "mock-user-sub",
    "prompt": "Record yourself saying "学生" (がくせい - student)",
  },
  "sample-quiz-q1": {
    "answer": "Hello",
    "audio": [Array],
    "embedding": [Object],
    "hint": "A common greeting used during the day",
    "id": "sample-quiz-q1",
    "owner": "mock-user-sub",
    "prompt": "What does 今日は (こんにちは) mean?",
  },
  "sample-quiz-q2": {
    "answer": "Goodbye",
    "embedding": [Object],
    "hint": "This is incorrect",
    "id": "sample-quiz-q2",
    "owner": "mock-user-sub",
    "prompt": "What does 今日は (こんにちは) mean?",
  },
  "sample-quiz-q3": {
    "answer": "Thank you",
    "embedding": [Object],
    "hint": "This is incorrect",
    "id": "sample-quiz-q3",
    "owner": "mock-user-sub",
    "prompt": "What does 今日は (こんにちは) mean?",
  },
  "sample-quiz-q4": {
    "answer": "Good morning",
    "embedding": [Object],
    "hint": "This is incorrect - though also a greeting",
    "id": "sample-quiz-q4",
    "owner": "mock-user-sub",
    "prompt": "What does 今日は (こんにちは) mean?",
  },
  "sample-quiz-q5": {
    "answer": "今晩は (こんばんは)",
    "audio": [Array],
    "embedding": [Object],
    "hint": "Said when greeting someone in the evening",
    "id": "sample-quiz-q5",
    "owner": "mock-user-sub",
    "prompt": "How do you say "Good evening" in Japanese?",
  },
  "sample-quiz-q6": {
    "answer": "おはよう",
    "embedding": [Object],
    "hint": "This is incorrect - this means good morning",
    "id": "sample-quiz-q6",
    "owner": "mock-user-sub",
    "prompt": "How do you say "Good evening" in Japanese?",
  },
  "sample-quiz-q7": {
    "answer": "今日は (こんにちは)",
    "embedding": [Object],
    "hint": "This is incorrect - this is used during the day",
    "id": "sample-quiz-q7",
    "owner": "mock-user-sub",
    "prompt": "How do you say "Good evening" in Japanese?",
  },
  "sample-quiz-q8": {
    "answer": "さようなら",
    "embedding": [Object],
    "hint": "This is incorrect - this means goodbye",
    "id": "sample-quiz-q8",
    "owner": "mock-user-sub",
    "prompt": "How do you say "Good evening" in Japanese?",
  },
}
[90mstdout[2m | src/components/Editor3/Workbook.stories.jsx[2m > [22m[2mWorkbook With Content
[22m[39mCustomAnswerComponent.question {
  "answer": "Audio or text response demonstrating proper pronunciation of がくせい",
  "answerAudio": [
    "/story-mocks/cinematic-designed-sci-fi-whoosh-transition-nexawave-228295.mp3",
  ],
  "audio": [
    "/story-mocks/cinematic-designed-sci-fi-whoosh-transition-nexawave-228295.mp3",
  ],
  "embedding": {
    "dimensions": 128,
    "embedding": "[{"page":1,"embedding":[-0.375493623385838,-0.34065688277774997,-0.30241641120314205,-0.2611542948133658,-0.21728281103594838,-0.17124030923480626,-0.12348683086831044,-0.0744995129070994,-0.02476782043918371,0.02521134390340561,0.07493860483147617,0.12391710399147991,0.1716574644099477,0.2176826801864466,0.2615328825788482,0.3027699348598005,0.3409818100340678,0.37578670767607414,0.4068368687535527,0.43382205032083365,0.45647262536381383,0.4745622768239473,0.48791025888348777,0.49638320291795357,0.4998964500713346,0.4984148971393996,0.49195334730930806,0.48057636225105826,0.4643976170386202,0.44357876434617555,0.41832781926802803,0.3888970809005464,0.3555806114529912,0.31871129807511944,0.2786575267588307,0.23581950154709808,0.19062524582747006,0.14352632566386422,0.09499333789771887,0.045511208099923935,-0.004425654645201938,-0.05431829771203988,-0.10366821030337939,-0.15198230440552352,-0.19877784156071646,-0.24358725623025476,-0.2859628275547819,-0.32548115283312345,-0.3617473780221225,-0.39439914298770823,-0.4231102020875853,-0.4475936839098409,-0.46760495759726944,-0.4829440771180352,-0.49345777906032434,-0.49904101398969813,-0.4996379960683138,-0.49524276044857823,-0.48589922287193166,-0.47170074087727776,-0.45278918100331195,-0.42935350130496475,-0.40162786334697737,-0.3698892925389467,-0.33445491018901213,-0.2956787649325622,-0.25394829519531104,-0.20968045803661567,-0.16331756305236111,-0.11532285296369783,-0.06617587504888651,-0.01636768966542266,0.03360403626273746,0.08324000176857962,0.1320442606922347,0.17952917701108415,0.22522029713769465,0.26866109050323594,0.30941751106001963,0.347082334126121,0.38127922523980134,0.4116665003690408,0.4379405399054455,0.4598388223310099,0.47714254724634847,0.4896788215519585,0.49732238693891906,0.49999687142851035,0.49767555245577955,0.49038162387257644,0.4781879642022515,0.4612164084615429,0.4396365308253613,0.4136639502976893,0.38355817631776506,0.34962001582754887,0.3121885677081957,0.27163783461612245,0.2283729860720964,0.18282631014131068,0.13545289415393452,0.08672607762294605,0.037132722792178885,-0.012831649930279744,-0.06266781304821456,-0.11187782009339821,-0.15996998094209905,-0.20646377462027168,-0.2508946505102871,-0.2928186699871488,-0.33181694210648377,-0.36749980902438883,-0.39951073932980796,-0.4275298903885351,-0.4512773041050927,-0.47051570417147676,-0.48505286685359267,-0.4947435416272678,-0.4994909024734747,-0.4992475153319073,-0.4940158120464309,-0.4838480660669026,-0.46884587015013995,-0.44915912127867735,-0.42498452293966404,-0.39656361972864257,-0.3641803839157967,-0.32815837808889387],"text":"Record yourself saying 学生 がくせい student Audio or text response demonstrating proper pronunciation Remember to pronounce both syllables clearly ga-ku-se-i"}]",
    "model": "Xenova/all-MiniLM-L6-v2",
    "version": "2026-09-26T09:10:12.284Z",
    "wordCount": 23,
  },
  "hint": "Remember to pronounce both syllables clearly: ga-ku-se-i",
  "id": "question-audio-1",
  "owner": "mock-user-sub",
  "prompt": "Record yourself saying "学生" (がくせい - student)",
}
[90mstdout[2m | src/components/Editor3/Workbook.stories.jsx[2m > [22m[2mWorkbook With Content
[22m[39mCustomAnswerComponent.question {
  "answer": "Audio or text response demonstrating proper pronunciation of がくせい",
  "answerAudio": [
    "/story-mocks/cinematic-designed-sci-fi-whoosh-transition-nexawave-228295.mp3",
  ],
  "audio": [
    "/story-mocks/cinematic-designed-sci-fi-whoosh-transition-nexawave-228295.mp3",
  ],
  "embedding": {
    "dimensions": 128,
    "embedding": "[{"page":1,"embedding":[-0.375493623385838,-0.34065688277774997,-0.30241641120314205,-0.2611542948133658,-0.21728281103594838,-0.17124030923480626,-0.12348683086831044,-0.0744995129070994,-0.02476782043918371,0.02521134390340561,0.07493860483147617,0.12391710399147991,0.1716574644099477,0.2176826801864466,0.2615328825788482,0.3027699348598005,0.3409818100340678,0.37578670767607414,0.4068368687535527,0.43382205032083365,0.45647262536381383,0.4745622768239473,0.48791025888348777,0.49638320291795357,0.4998964500713346,0.4984148971393996,0.49195334730930806,0.48057636225105826,0.4643976170386202,0.44357876434617555,0.41832781926802803,0.3888970809005464,0.3555806114529912,0.31871129807511944,0.2786575267588307,0.23581950154709808,0.19062524582747006,0.14352632566386422,0.09499333789771887,0.045511208099923935,-0.004425654645201938,-0.05431829771203988,-0.10366821030337939,-0.15198230440552352,-0.19877784156071646,-0.24358725623025476,-0.2859628275547819,-0.32548115283312345,-0.3617473780221225,-0.39439914298770823,-0.4231102020875853,-0.4475936839098409,-0.46760495759726944,-0.4829440771180352,-0.49345777906032434,-0.49904101398969813,-0.4996379960683138,-0.49524276044857823,-0.48589922287193166,-0.47170074087727776,-0.45278918100331195,-0.42935350130496475,-0.40162786334697737,-0.3698892925389467,-0.33445491018901213,-0.2956787649325622,-0.25394829519531104,-0.20968045803661567,-0.16331756305236111,-0.11532285296369783,-0.06617587504888651,-0.01636768966542266,0.03360403626273746,0.08324000176857962,0.1320442606922347,0.17952917701108415,0.22522029713769465,0.26866109050323594,0.30941751106001963,0.347082334126121,0.38127922523980134,0.4116665003690408,0.4379405399054455,0.4598388223310099,0.47714254724634847,0.4896788215519585,0.49732238693891906,0.49999687142851035,0.49767555245577955,0.49038162387257644,0.4781879642022515,0.4612164084615429,0.4396365308253613,0.4136639502976893,0.38355817631776506,0.34962001582754887,0.3121885677081957,0.27163783461612245,0.2283729860720964,0.18282631014131068,0.13545289415393452,0.08672607762294605,0.037132722792178885,-0.012831649930279744,-0.06266781304821456,-0.11187782009339821,-0.15996998094209905,-0.20646377462027168,-0.2508946505102871,-0.2928186699871488,-0.33181694210648377,-0.36749980902438883,-0.39951073932980796,-0.4275298903885351,-0.4512773041050927,-0.47051570417147676,-0.48505286685359267,-0.4947435416272678,-0.4994909024734747,-0.4992475153319073,-0.4940158120464309,-0.4838480660669026,-0.46884587015013995,-0.44915912127867735,-0.42498452293966404,-0.39656361972864257,-0.3641803839157967,-0.32815837808889387],"text":"Record yourself saying 学生 がくせい student Audio or text response demonstrating proper pronunciation Remember to pronounce both syllables clearly ga-ku-se-i"}]",
    "model": "Xenova/all-MiniLM-L6-v2",
    "version": "2026-09-26T09:10:12.284Z",
    "wordCount": 23,
  },
  "hint": "Remember to pronounce both syllables clearly: ga-ku-se-i",
  "id": "question-audio-1",
  "owner": "mock-user-sub",
  "prompt": "Record yourself saying "学生" (がくせい - student)",
}
[90mstdout[2m | src/components/Editor3/Workbook.stories.jsx[2m > [22m[2mWorkbook With Content
[22m[39mCustomAnswerComponent.prompt Record yourself saying "学生" (がくせい - student)
[90mstdout[2m | src/components/Editor3/Workbook.stories.jsx[2m > [22m[2mWorkbook With Content
[22m[39mCustomAnswerComponent.feedback[questionID] undefined
[90mstdout[2m | src/components/Editor3/Workbook.stories.jsx[2m > [22m[2mWorkbook With Content
[22m[39mCustomAnswerComponent.isCompleted undefined
[90mstdout[2m | src/components/Editor3/Workbook.stories.jsx[2m > [22m[2mWorkbook With Content
[22m[39mCustomAnswerComponent.currentPromptMethod text
[90mstdout[2m | src/components/Editor3/Workbook.stories.jsx[2m > [22m[2mWorkbook With Content
[22m[39mCustomAnswerComponent.displayPrompt Record yourself saying "学生" (がくせい - student)
[90mstdout[2m | src/components/Editor3/Workbook.stories.jsx[2m > [22m[2mWorkbook With Content
[22m[39m[ChatContext] Chat exists and not archived, skipping creation
[90mstdout[2m | src/components/Editor3/Workbook.stories.jsx[2m > [22m[2mWorkbook With Progress
[22m[39m[ChatContext] Cleaning up subscriptions
[90mstdout[2m | src/components/Editor3/Workbook.stories.jsx[2m > [22m[2mWorkbook With Progress
[22m[39m[Mock Data] Unit.onUpdate() subscription removed. Remaining: 0
[90mstdout[2m | src/components/Editor3/Workbook.stories.jsx[2m > [22m[2mWorkbook With Progress
[22m[39m[Preview] Skipped initializing default mock data (initializeMockData=false)
[90mstdout[2m | src/components/Editor3/Workbook.stories.jsx[2m > [22m[2mWorkbook With Progress
[22m[39m[Mock Data] seedMockUnit: Adding unit workbook-with-progress-id
[90mstdout[2m | src/components/Editor3/Workbook.stories.jsx[2m > [22m[2mWorkbook With Progress
[22m[39m[Mock Data] Seeded grade: grade-progress-1 for unit: workbook-with-progress-id
[90mstdout[2m | src/components/Editor3/Workbook.stories.jsx[2m > [22m[2mWorkbook With Progress
[22m[39m[Mock Data] Grade has data: true
[90mstdout[2m | src/components/Editor3/Workbook.stories.jsx[2m > [22m[2mWorkbook With Progress
[22m[39m[Mock Data] Total grades in store: 1
[90mstdout[2m | src/components/Editor3/Workbook.stories.jsx[2m > [22m[2mWorkbook With Progress
[22m[39m[Mock Data] seedMockWords: Adding 5 words
[90mstdout[2m | src/components/Editor3/Workbook.stories.jsx[2m > [22m[2mWorkbook With Progress
[22m[39m[MOCK CourseVectorStore] Initialized with mock data
[90mstdout[2m | src/components/Editor3/Workbook.stories.jsx[2m > [22m[2mWorkbook With Progress
[22m[39m[TranslationModeController] Setting mode to: off
[90mstdout[2m | src/components/Editor3/Workbook.stories.jsx[2m > [22m[2mWorkbook With Progress
[22m[39m[UnitContext] useEffect triggered {
  "authLoading": false,
  "hasUser": true,
  "id": "workbook-with-progress-id",
  "userSub": "mock-user-sub",
}
[90mstdout[2m | src/components/Editor3/Workbook.stories.jsx[2m > [22m[2mWorkbook With Progress
[22m[39m[UnitContext] Fetching unit data for id: workbook-with-progress-id
[90mstdout[2m | src/components/Editor3/Workbook.stories.jsx[2m > [22m[2mWorkbook With Progress
[22m[39m[FilesContext] Initializing vector store from IndexedDB
[90mstdout[2m | src/components/Editor3/Workbook.stories.jsx[2m > [22m[2mWorkbook With Progress
[22m[39m[FilesContext] fetchFiles called
[90mstdout[2m | src/components/Editor3/Workbook.stories.jsx[2m > [22m[2mWorkbook With Progress
[22m[39m[FilesContext] User authenticated: mock-user-sub
[90mstdout[2m | src/components/Editor3/Workbook.stories.jsx[2m > [22m[2mWorkbook With Progress
[22m[39m[FilesContext] Identity ID: us-east-1:mock-identity-123
[90mstdout[2m | src/components/Editor3/Workbook.stories.jsx[2m > [22m[2mWorkbook With Progress
[22m[39m[FilesContext] About to set up File observeQuery
[90mstdout[2m | src/components/Editor3/Workbook.stories.jsx[2m > [22m[2mWorkbook With Progress
[22m[39m[ChatContext] Setting up AssistantChat observeQuery
[90mstdout[2m | src/components/Editor3/Workbook.stories.jsx[2m > [22m[2mWorkbook With Progress
[22m[39m[ChatContext] Waiting for subscription to initialize
[90mstdout[2m | src/components/Editor3/Workbook.stories.jsx[2m > [22m[2mWorkbook With Progress
[22m[39m[SettingsContext] Setting up Settings subscription for user: mock-user-sub
[90mstdout[2m | src/components/Editor3/Workbook.stories.jsx[2m > [22m[2mWorkbook With Progress
[22m[39m[Mock Data] Settings created: mock-settings-1790417414267 - notified 0 subscribers
[90mstdout[2m | src/components/Editor3/Workbook.stories.jsx[2m > [22m[2mWorkbook With Progress
[22m[39m[Mock Data] Unit.onUpdate() subscription added. Total: 1
[90mstdout[2m | src/components/Editor3/Workbook.stories.jsx[2m > [22m[2mWorkbook With Progress
[22m[39m[WorkbookStatePlugin] Loading unit content into read-only workbook: workbook-with-progress-id
[90mstdout[2m | src/components/Editor3/Workbook.stories.jsx[2m > [22m[2mWorkbook With Progress
[22m[39mEasy.nodeKey 67 type: string
[90mstdout[2m | src/components/Editor3/Workbook.stories.jsx[2m > [22m[2mWorkbook With Progress
[22m[39mEasy.grade: {}
[90mstdout[2m | src/components/Editor3/Workbook.stories.jsx[2m > [22m[2mWorkbook With Progress
[22m[39mEasy.grade.data: undefined
[90mstdout[2m | src/components/Editor3/Workbook.stories.jsx[2m > [22m[2mWorkbook With Progress
[22m[39mEasy.grade.data === grade? false
[90mstdout[2m | src/components/Editor3/Workbook.stories.jsx[2m > [22m[2mWorkbook With Progress
[22m[39mEasy.grade.data keys: no data
[90mstdout[2m | src/components/Editor3/Workbook.stories.jsx[2m > [22m[2mWorkbook With Progress
[22m[39mEasy.grade.data[nodeKey]: undefined
[90mstdout[2m | src/components/Editor3/Workbook.stories.jsx[2m > [22m[2mWorkbook With Progress
[22m[39mEasy.inProgress {}
[90mstdout[2m | src/components/Editor3/Workbook.stories.jsx[2m > [22m[2mWorkbook With Progress
[22m[39mHard.attemptedAnswers {}
[90mstdout[2m | src/components/Editor3/Workbook.stories.jsx[2m > [22m[2mWorkbook With Progress
[22m[39mQuestionBlockRo.grade {}
[90mstdout[2m | src/components/Editor3/Workbook.stories.jsx[2m > [22m[2mWorkbook With Progress
[22m[39m......!q {
  "answer": "Hello",
  "correct": true,
  "id": "progress-quiz-q1",
}
[90mstdout[2m | src/components/Editor3/Workbook.stories.jsx[2m > [22m[2mWorkbook With Progress
[22m[39m......!q {
  "answer": "Goodbye",
  "correct": false,
  "id": "progress-quiz-q2",
}
[90mstdout[2m | src/components/Editor3/Workbook.stories.jsx[2m > [22m[2mWorkbook With Progress
[22m[39m......!q {
  "answer": "Thank you",
  "correct": false,
  "id": "progress-quiz-q3",
}
[90mstdout[2m | src/components/Editor3/Workbook.stories.jsx[2m > [22m[2mWorkbook With Progress
[22m[39m......!q {
  "answer": "Please",
  "correct": false,
  "id": "progress-quiz-q4",
}
[90mstdout[2m | src/components/Editor3/Workbook.stories.jsx[2m > [22m[2mWorkbook With Progress
[22m[39m......!q {
  "answer": "犬 (inu)",
  "correct": false,
  "id": "progress-quiz-q5",
}
[90mstdout[2m | src/components/Editor3/Workbook.stories.jsx[2m > [22m[2mWorkbook With Progress
[22m[39m......!q {
  "answer": "猫 (neko)",
  "correct": true,
  "id": "progress-quiz-q6",
}
[90mstdout[2m | src/components/Editor3/Workbook.stories.jsx[2m > [22m[2mWorkbook With Progress
[22m[39m......!q {
  "answer": "本 (hon)",
  "correct": false,
  "id": "progress-quiz-q7",
}
[90mstdout[2m | src/components/Editor3/Workbook.stories.jsx[2m > [22m[2mWorkbook With Progress
[22m[39m......!q {
  "answer": "水 (mizu)",
  "correct": false,
  "id": "progress-quiz-q8",
}
[90mstdout[2m | src/components/Editor3/Workbook.stories.jsx[2m > [22m[2mWorkbook With Progress
[22m[39m......!q {
  "answer": "さようなら",
  "correct": false,
  "id": "progress-quiz-q9",
}
[90mstdout[2m | src/components/Editor3/Workbook.stories.jsx[2m > [22m[2mWorkbook With Progress
[22m[39m......!q {
  "answer": "こんにちは",
  "correct": false,
  "id": "progress-quiz-q10",
}
[90mstdout[2m | src/components/Editor3/Workbook.stories.jsx[2m > [22m[2mWorkbook With Progress
[22m[39m......!q {
  "answer": "ありがとう",
  "correct": true,
  "id": "progress-quiz-q11",
}
[90mstdout[2m | src/components/Editor3/Workbook.stories.jsx[2m > [22m[2mWorkbook With Progress
[22m[39m......!q {
  "answer": "すみません",
  "correct": false,
  "id": "progress-quiz-q12",
}
[90mstdout[2m | src/components/Editor3/Workbook.stories.jsx[2m > [22m[2mWorkbook With Progress
[22m[39m......!q {
  "answer": "いぬ",
  "correct": true,
  "id": "progress-quiz-q13",
}
[90mstdout[2m | src/components/Editor3/Workbook.stories.jsx[2m > [22m[2mWorkbook With Progress
[22m[39m......!q {
  "answer": "ねこ",
  "correct": false,
  "id": "progress-quiz-q14",
}
[90mstdout[2m | src/components/Editor3/Workbook.stories.jsx[2m > [22m[2mWorkbook With Progress
[22m[39m......!q {
  "answer": "ほん",
  "correct": false,
  "id": "progress-quiz-q15",
}
[90mstdout[2m | src/components/Editor3/Workbook.stories.jsx[2m > [22m[2mWorkbook With Progress
[22m[39m......!q {
  "answer": "みず",
  "correct": false,
  "id": "progress-quiz-q16",
}
[90mstdout[2m | src/components/Editor3/Workbook.stories.jsx[2m > [22m[2mWorkbook With Progress
[22m[39mQuestionBlock.nodeKey 74 type: string
[90mstdout[2m | src/components/Editor3/Workbook.stories.jsx[2m > [22m[2mWorkbook With Progress
[22m[39mQuestionBlock.questionContent [
  {
    "answer": "Hello",
    "correct": true,
    "id": "progress-quiz-q1",
  },
  {
    "answer": "Goodbye",
    "correct": false,
    "id": "progress-quiz-q2",
  },
  {
    "answer": "Thank you",
    "correct": false,
    "id": "progress-quiz-q3",
  },
  {
    "answer": "Please",
    "correct": false,
    "id": "progress-quiz-q4",
  },
  {
    "answer": "犬 (inu)",
    "correct": false,
    "id": "progress-quiz-q5",
  },
  {
    "answer": "猫 (neko)",
    "correct": true,
    "id": "progress-quiz-q6",
  },
  {
    "answer": "本 (hon)",
    "correct": false,
    "id": "progress-quiz-q7",
  },
  {
    "answer": "水 (mizu)",
    "correct": false,
    "id": "progress-quiz-q8",
  },
  {
    "answer": "さようなら",
    "correct": false,
    "id": "progress-quiz-q9",
  },
  {
    "answer": "こんにちは",
    "correct": false,
    "id": "progress-quiz-q10",
  },
  {
    "answer": "ありがとう",
    "correct": true,
    "id": "progress-quiz-q11",
  },
  {
    "answer": "すみません",
    "correct": false,
    "id": "progress-quiz-q12",
  },
  {
    "answer": "いぬ",
    "correct": true,
    "id": "progress-quiz-q13",
  },
  {
    "answer": "ねこ",
    "correct": false,
    "id": "progress-quiz-q14",
  },
  {
    "answer": "ほん",
    "correct": false,
    "id": "progress-quiz-q15",
  },
  {
    "answer": "みず",
    "correct": false,
    "id": "progress-quiz-q16",
  },
]
[90mstdout[2m | src/components/Editor3/Workbook.stories.jsx[2m > [22m[2mWorkbook With Progress
[22m[39mQuestionBlock.grade.data keys: []
[90mstdout[2m | src/components/Editor3/Workbook.stories.jsx[2m > [22m[2mWorkbook With Progress
[22m[39mQuestionBlock.grade.data[nodeKey]: undefined
[90mstdout[2m | src/components/Editor3/Workbook.stories.jsx[2m > [22m[2mWorkbook With Progress
[22m[39mQuestionBlockRo.inProgress {}
[90mstdout[2m | src/components/Editor3/Workbook.stories.jsx[2m > [22m[2mWorkbook With Progress
[22m[39mCustomAnswerComponent.questionID question-1
[90mstdout[2m | src/components/Editor3/Workbook.stories.jsx[2m > [22m[2mWorkbook With Progress
[22m[39mCustomAnswerComponent.questionBank []
[90mstdout[2m | src/components/Editor3/Workbook.stories.jsx[2m > [22m[2mWorkbook With Progress
[22m[39mCustomAnswerComponent.question {}
[90mstdout[2m | src/components/Editor3/Workbook.stories.jsx[2m > [22m[2mWorkbook With Progress
[22m[39mCustomAnswerComponent.question {}
[90mstdout[2m | src/components/Editor3/Workbook.stories.jsx[2m > [22m[2mWorkbook With Progress
[22m[39mCustomAnswerComponent.prompt undefined
[90mstdout[2m | src/components/Editor3/Workbook.stories.jsx[2m > [22m[2mWorkbook With Progress
[22m[39mCustomAnswerComponent.feedback[questionID] undefined
[90mstdout[2m | src/components/Editor3/Workbook.stories.jsx[2m > [22m[2mWorkbook With Progress
[22m[39mCustomAnswerComponent.isCompleted undefined
[90mstdout[2m | src/components/Editor3/Workbook.stories.jsx[2m > [22m[2mWorkbook With Progress
[22m[39mCustomAnswerComponent.currentPromptMethod text
[90mstdout[2m | src/components/Editor3/Workbook.stories.jsx[2m > [22m[2mWorkbook With Progress
[22m[39mCustomAnswerComponent.displayPrompt undefined
[90mstdout[2m | src/components/Editor3/Workbook.stories.jsx[2m > [22m[2mWorkbook With Progress
[22m[39mCustomAnswerComponent.questionID question-2
[90mstdout[2m | src/components/Editor3/Workbook.stories.jsx[2m > [22m[2mWorkbook With Progress
[22m[39mCustomAnswerComponent.questionBank []
[90mstdout[2m | src/components/Editor3/Workbook.stories.jsx[2m > [22m[2mWorkbook With Progress
[22m[39mCustomAnswerComponent.question {}
[90mstdout[2m | src/components/Editor3/Workbook.stories.jsx[2m > [22m[2mWorkbook With Progress
[22m[39mCustomAnswerComponent.question {}
[90mstdout[2m | src/components/Editor3/Workbook.stories.jsx[2m > [22m[2mWorkbook With Progress
[22m[39mCustomAnswerComponent.prompt undefined
[90mstdout[2m | src/components/Editor3/Workbook.stories.jsx[2m > [22m[2mWorkbook With Progress
[22m[39mCustomAnswerComponent.feedback[questionID] undefined
[90mstdout[2m | src/components/Editor3/Workbook.stories.jsx[2m > [22m[2mWorkbook With Progress
[22m[39mCustomAnswerComponent.isCompleted undefined
[90mstdout[2m | src/components/Editor3/Workbook.stories.jsx[2m > [22m[2mWorkbook With Progress
[22m[39mCustomAnswerComponent.currentPromptMethod text
[90mstdout[2m | src/components/Editor3/Workbook.stories.jsx[2m > [22m[2mWorkbook With Progress
[22m[39mCustomAnswerComponent.displayPrompt undefined
[90mstdout[2m | src/components/Editor3/Workbook.stories.jsx[2m > [22m[2mWorkbook With Progress
[22m[39mLearn._vocabulary []
[90mstdout[2m | src/components/Editor3/Workbook.stories.jsx[2m > [22m[2mWorkbook With Progress
[22m[39mMeaningAssociationExercise._vocabulary []
[90mstdout[2m | src/components/Editor3/Workbook.stories.jsx[2m > [22m[2mWorkbook With Progress
[22m[39mHard._vocabulary []
[90mstdout[2m | src/components/Editor3/Workbook.stories.jsx[2m > [22m[2mWorkbook With Progress
[22m[39mallowedInput [
  "text",
]
[90mstdout[2m | src/components/Editor3/Workbook.stories.jsx[2m > [22m[2mWorkbook With Progress
[22m[39mpromptMethod [
  "text",
]
[90mstdout[2m | src/components/Editor3/Workbook.stories.jsx[2m > [22m[2mWorkbook With Progress
[22m[39mAnswerComponent.currentPromptMethod text
[90mstdout[2m | src/components/Editor3/Workbook.stories.jsx[2m > [22m[2mWorkbook With Progress
[22m[39mAnswerComponent.promptMethod [
  "text",
]
[90mstdout[2m | src/components/Editor3/Workbook.stories.jsx[2m > [22m[2mWorkbook With Progress
[22m[39mallowedInput [
  "text",
]
[90mstdout[2m | src/components/Editor3/Workbook.stories.jsx[2m > [22m[2mWorkbook With Progress
[22m[39mpromptMethod [
  "text",
]
[90mstdout[2m | src/components/Editor3/Workbook.stories.jsx[2m > [22m[2mWorkbook With Progress
[22m[39mAnswerComponent.currentPromptMethod text
[90mstdout[2m | src/components/Editor3/Workbook.stories.jsx[2m > [22m[2mWorkbook With Progress
[22m[39mallowedInput [
  "text",
  "audio",
]
[90mstdout[2m | src/components/Editor3/Workbook.stories.jsx[2m > [22m[2mWorkbook With Progress
[22m[39mpromptMethod [
  "text",
]
[90mstdout[2m | src/components/Editor3/Workbook.stories.jsx[2m > [22m[2mWorkbook With Progress
[22m[39mAnswerComponent.currentPromptMethod text
[90mstdout[2m | src/components/Editor3/Workbook.stories.jsx[2m > [22m[2mWorkbook With Progress
[22m[39mAnswerComponent.promptMethod [
  "text",
]
[90mstdout[2m | src/components/Editor3/Workbook.stories.jsx[2m > [22m[2mWorkbook With Progress
[22m[39mallowedInput [
  "text",
  "audio",
]
[90mstdout[2m | src/components/Editor3/Workbook.stories.jsx[2m > [22m[2mWorkbook With Progress
[22m[39mpromptMethod [
  "text",
]
[90mstdout[2m | src/components/Editor3/Workbook.stories.jsx[2m > [22m[2mWorkbook With Progress
[22m[39mAnswerComponent.currentPromptMethod text
[90mstdout[2m | src/components/Editor3/Workbook.stories.jsx[2m > [22m[2mWorkbook With Progress
[22m[39mEasy.nodeKey 67 type: string
[90mstdout[2m | src/components/Editor3/Workbook.stories.jsx[2m > [22m[2mWorkbook With Progress
[22m[39mEasy.grade: {}
[90mstdout[2m | src/components/Editor3/Workbook.stories.jsx[2m > [22m[2mWorkbook With Progress
[22m[39mEasy.grade.data: undefined
[90mstdout[2m | src/components/Editor3/Workbook.stories.jsx[2m > [22m[2mWorkbook With Progress
[22m[39mEasy.grade.data === grade? false
[90mstdout[2m | src/components/Editor3/Workbook.stories.jsx[2m > [22m[2mWorkbook With Progress
[22m[39mEasy.grade.data keys: no data
[90mstdout[2m | src/components/Editor3/Workbook.stories.jsx[2m > [22m[2mWorkbook With Progress
[22m[39mEasy.grade.data[nodeKey]: undefined
[90mstdout[2m | src/components/Editor3/Workbook.stories.jsx[2m > [22m[2mWorkbook With Progress
[22m[39mEasy.inProgress {}
[90mstdout[2m | src/components/Editor3/Workbook.stories.jsx[2m > [22m[2mWorkbook With Progress
[22m[39mHard.attemptedAnswers {}
[90mstdout[2m | src/components/Editor3/Workbook.stories.jsx[2m > [22m[2mWorkbook With Progress
[22m[39m[SectionContext] Section observeQuery update: 0
[90mstdout[2m | src/components/Editor3/Workbook.stories.jsx[2m > [22m[2mWorkbook With Progress
[22m[39m[FilesContext] File observeQuery update: 0 files
[90mstdout[2m | src/components/Editor3/Workbook.stories.jsx[2m > [22m[2mWorkbook With Progress
[22m[39m[ChatContext] AssistantChat initialized with 0 chats
[90mstdout[2m | src/components/Editor3/Workbook.stories.jsx[2m > [22m[2mWorkbook With Progress
[22m[39m[MOCK CourseVectorStore] Initialized with mock data
[90mstdout[2m | src/components/Editor3/Workbook.stories.jsx[2m > [22m[2mWorkbook With Progress
[22m[39mEasy.nodeKey 67 type: string
[90mstdout[2m | src/components/Editor3/Workbook.stories.jsx[2m > [22m[2mWorkbook With Progress
[22m[39mEasy.grade: {
  "_version": 1,
  "accuracy": 0.75,
  "complete": false,
  "data": {
    "custom-q-1": {
      "accuracy": 1,
      "answerType": "text",
      "complete": true,
      "submittedAt": "2026-09-26T09:10:14.154Z",
      "userAnswer": "Common Japanese greetings include こんにちは (hello), ありがとう (thank you), and さようなら (goodbye). These are essential phrases used in daily conversation.",
    },
    "custom-q-2": {
      "complete": false,
    },
    "meaning-association-1": {
      "complete": false,
      "learn": {
        "accuracy": 0.75,
        "attemptedAnswers": {
          "vocab-word-1": [
            "vocab-word-1",
          ],
          "vocab-word-2": [
            "vocab-word-1",
            "vocab-word-2",
          ],
          "vocab-word-3": [
            "vocab-word-3",
          ],
        },
        "attemptsCount": 4,
        "complete": false,
        "droppedPairs": {
          "vocab-word-1": "vocab-word-1",
          "vocab-word-2": "vocab-word-2",
          "vocab-word-3": "vocab-word-3",
        },
        "percentComplete": 0.6,
        "verifiedAnswers": [
          "vocab-word-1",
          "vocab-word-2",
          "vocab-word-3",
        ],
      },
      "tabIndex": 0,
    },
    "quiz-1": {
      "accuracy": 0.67,
      "answers": {
        "progress-quiz-q1": {
          "attempts": 1,
          "correct": true,
          "selected": "Hello",
        },
        "progress-quiz-q11": {
          "attempts": 1,
          "correct": true,
          "selected": "ありがとう",
        },
        "progress-quiz-q13": {
          "attempts": 1,
          "correct": true,
          "selected": "いぬ",
        },
        "progress-quiz-q2": {
          "attempts": 1,
          "correct": false,
          "selected": "Hello",
        },
        "progress-quiz-q3": {
          "attempts": 1,
          "correct": false,
          "selected": "Thank you",
        },
        "progress-quiz-q6": {
          "attempts": 1,
          "correct": true,
          "selected": "猫 (neko)",
        },
      },
      "complete": false,
      "percentComplete": 0.375,
    },
  },
  "id": "grade-progress-1",
  "owner": "student-alice-sub",
  "percentComplete": 0.4,
  "timerStarted": true,
  "unitID": "workbook-with-progress-id",
  "unitVersion": 1,
}
[90mstdout[2m | src/components/Editor3/Workbook.stories.jsx[2m > [22m[2mWorkbook With Progress
[22m[39mEasy.grade.data: {
  "custom-q-1": {
    "accuracy": 1,
    "answerType": "text",
    "complete": true,
    "submittedAt": "2026-09-26T09:10:14.154Z",
    "userAnswer": "Common Japanese greetings include こんにちは (hello), ありがとう (thank you), and さようなら (goodbye). These are essential phrases used in daily conversation.",
  },
  "custom-q-2": {
    "complete": false,
  },
  "meaning-association-1": {
    "complete": false,
    "learn": {
      "accuracy": 0.75,
      "attemptedAnswers": {
        "vocab-word-1": [
          "vocab-word-1",
        ],
        "vocab-word-2": [
          "vocab-word-1",
          "vocab-word-2",
        ],
        "vocab-word-3": [
          "vocab-word-3",
        ],
      },
      "attemptsCount": 4,
      "complete": false,
      "droppedPairs": {
        "vocab-word-1": "vocab-word-1",
        "vocab-word-2": "vocab-word-2",
        "vocab-word-3": "vocab-word-3",
      },
      "percentComplete": 0.6,
      "verifiedAnswers": [
        "vocab-word-1",
        "vocab-word-2",
        "vocab-word-3",
      ],
    },
    "tabIndex": 0,
  },
  "quiz-1": {
    "accuracy": 0.67,
    "answers": {
      "progress-quiz-q1": {
        "attempts": 1,
        "correct": true,
        "selected": "Hello",
      },
      "progress-quiz-q11": {
        "attempts": 1,
        "correct": true,
        "selected": "ありがとう",
      },
      "progress-quiz-q13": {
        "attempts": 1,
        "correct": true,
        "selected": "いぬ",
      },
      "progress-quiz-q2": {
        "attempts": 1,
        "correct": false,
        "selected": "Hello",
      },
      "progress-quiz-q3": {
        "attempts": 1,
        "correct": false,
        "selected": "Thank you",
      },
      "progress-quiz-q6": {
        "attempts": 1,
        "correct": true,
        "selected": "猫 (neko)",
      },
    },
    "complete": false,
    "percentComplete": 0.375,
  },
}
[90mstdout[2m | src/components/Editor3/Workbook.stories.jsx[2m > [22m[2mWorkbook With Progress
[22m[39mEasy.grade.data === grade? false
[90mstdout[2m | src/components/Editor3/Workbook.stories.jsx[2m > [22m[2mWorkbook With Progress
[22m[39mEasy.grade.data keys: [
  "meaning-association-1",
  "quiz-1",
  "custom-q-1",
  "custom-q-2",
]
[90mstdout[2m | src/components/Editor3/Workbook.stories.jsx[2m > [22m[2mWorkbook With Progress
[22m[39mEasy.grade.data[nodeKey]: undefined
[90mstdout[2m | src/components/Editor3/Workbook.stories.jsx[2m > [22m[2mWorkbook With Progress
[22m[39mEasy.inProgress {}
[90mstdout[2m | src/components/Editor3/Workbook.stories.jsx[2m > [22m[2mWorkbook With Progress
[22m[39mHard.attemptedAnswers {}
[90mstdout[2m | src/components/Editor3/Workbook.stories.jsx[2m > [22m[2mWorkbook With Progress
[22m[39mQuestionBlockRo.grade {
  "_version": 1,
  "accuracy": 0.75,
  "complete": false,
  "data": {
    "custom-q-1": {
      "accuracy": 1,
      "answerType": "text",
      "complete": true,
      "submittedAt": "2026-09-26T09:10:14.154Z",
      "userAnswer": "Common Japanese greetings include こんにちは (hello), ありがとう (thank you), and さようなら (goodbye). These are essential phrases used in daily conversation.",
    },
    "custom-q-2": {
      "complete": false,
    },
    "meaning-association-1": {
      "complete": false,
      "learn": {
        "accuracy": 0.75,
        "attemptedAnswers": {
          "vocab-word-1": [
            "vocab-word-1",
          ],
          "vocab-word-2": [
            "vocab-word-1",
            "vocab-word-2",
          ],
          "vocab-word-3": [
            "vocab-word-3",
          ],
        },
        "attemptsCount": 4,
        "complete": false,
        "droppedPairs": {
          "vocab-word-1": "vocab-word-1",
          "vocab-word-2": "vocab-word-2",
          "vocab-word-3": "vocab-word-3",
        },
        "percentComplete": 0.6,
        "verifiedAnswers": [
          "vocab-word-1",
          "vocab-word-2",
          "vocab-word-3",
        ],
      },
      "tabIndex": 0,
    },
    "quiz-1": {
      "accuracy": 0.67,
      "answers": {
        "progress-quiz-q1": {
          "attempts": 1,
          "correct": true,
          "selected": "Hello",
        },
        "progress-quiz-q11": {
          "attempts": 1,
          "correct": true,
          "selected": "ありがとう",
        },
        "progress-quiz-q13": {
          "attempts": 1,
          "correct": true,
          "selected": "いぬ",
        },
        "progress-quiz-q2": {
          "attempts": 1,
          "correct": false,
          "selected": "Hello",
        },
        "progress-quiz-q3": {
          "attempts": 1,
          "correct": false,
          "selected": "Thank you",
        },
        "progress-quiz-q6": {
          "attempts": 1,
          "correct": true,
          "selected": "猫 (neko)",
        },
      },
      "complete": false,
      "percentComplete": 0.375,
    },
  },
  "id": "grade-progress-1",
  "owner": "student-alice-sub",
  "percentComplete": 0.4,
  "timerStarted": true,
  "unitID": "workbook-with-progress-id",
  "unitVersion": 1,
}
[90mstdout[2m | src/components/Editor3/Workbook.stories.jsx[2m > [22m[2mWorkbook With Progress
[22m[39m......!q {
  "answer": "Hello",
  "correct": true,
  "id": "progress-quiz-q1",
}
[90mstdout[2m | src/components/Editor3/Workbook.stories.jsx[2m > [22m[2mWorkbook With Progress
[22m[39m......!q {
  "answer": "Goodbye",
  "correct": false,
  "id": "progress-quiz-q2",
}
[90mstdout[2m | src/components/Editor3/Workbook.stories.jsx[2m > [22m[2mWorkbook With Progress
[22m[39m......!q {
  "answer": "Thank you",
  "correct": false,
  "id": "progress-quiz-q3",
}
[90mstdout[2m | src/components/Editor3/Workbook.stories.jsx[2m > [22m[2mWorkbook With Progress
[22m[39m......!q {
  "answer": "Please",
  "correct": false,
  "id": "progress-quiz-q4",
}
[90mstdout[2m | src/components/Editor3/Workbook.stories.jsx[2m > [22m[2mWorkbook With Progress
[22m[39m......!q {
  "answer": "犬 (inu)",
  "correct": false,
  "id": "progress-quiz-q5",
}
[90mstdout[2m | src/components/Editor3/Workbook.stories.jsx[2m > [22m[2mWorkbook With Progress
[22m[39m......!q {
  "answer": "猫 (neko)",
  "correct": true,
  "id": "progress-quiz-q6",
}
[90mstdout[2m | src/components/Editor3/Workbook.stories.jsx[2m > [22m[2mWorkbook With Progress
[22m[39m......!q {
  "answer": "本 (hon)",
  "correct": false,
  "id": "progress-quiz-q7",
}
[90mstdout[2m | src/components/Editor3/Workbook.stories.jsx[2m > [22m[2mWorkbook With Progress
[22m[39m......!q {
  "answer": "水 (mizu)",
  "correct": false,
  "id": "progress-quiz-q8",
}
[90mstdout[2m | src/components/Editor3/Workbook.stories.jsx[2m > [22m[2mWorkbook With Progress
[22m[39m......!q {
  "answer": "さようなら",
  "correct": false,
  "id": "progress-quiz-q9",
}
[90mstdout[2m | src/components/Editor3/Workbook.stories.jsx[2m > [22m[2mWorkbook With Progress
[22m[39m......!q {
  "answer": "こんにちは",
  "correct": false,
  "id": "progress-quiz-q10",
}
[90mstdout[2m | src/components/Editor3/Workbook.stories.jsx[2m > [22m[2mWorkbook With Progress
[22m[39m......!q {
  "answer": "ありがとう",
  "correct": true,
  "id": "progress-quiz-q11",
}
[90mstdout[2m | src/components/Editor3/Workbook.stories.jsx[2m > [22m[2mWorkbook With Progress
[22m[39m......!q {
  "answer": "すみません",
  "correct": false,
  "id": "progress-quiz-q12",
}
[90mstdout[2m | src/components/Editor3/Workbook.stories.jsx[2m > [22m[2mWorkbook With Progress
[22m[39m......!q {
  "answer": "いぬ",
  "correct": true,
  "id": "progress-quiz-q13",
}
[90mstdout[2m | src/components/Editor3/Workbook.stories.jsx[2m > [22m[2mWorkbook With Progress
[22m[39m......!q {
  "answer": "ねこ",
  "correct": false,
  "id": "progress-quiz-q14",
}
[90mstdout[2m | src/components/Editor3/Workbook.stories.jsx[2m > [22m[2mWorkbook With Progress
[22m[39m......!q {
  "answer": "ほん",
  "correct": false,
  "id": "progress-quiz-q15",
}
[90mstdout[2m | src/components/Editor3/Workbook.stories.jsx[2m > [22m[2mWorkbook With Progress
[22m[39m......!q {
  "answer": "みず",
  "correct": false,
  "id": "progress-quiz-q16",
}
[90mstdout[2m | src/components/Editor3/Workbook.stories.jsx[2m > [22m[2mWorkbook With Progress
[22m[39mQuestionBlock.nodeKey 74 type: string
[90mstdout[2m | src/components/Editor3/Workbook.stories.jsx[2m > [22m[2mWorkbook With Progress
[22m[39mQuestionBlock.questionContent [
  {
    "answer": "Hello",
    "correct": true,
    "id": "progress-quiz-q1",
  },
  {
    "answer": "Goodbye",
    "correct": false,
    "id": "progress-quiz-q2",
  },
  {
    "answer": "Thank you",
    "correct": false,
    "id": "progress-quiz-q3",
  },
  {
    "answer": "Please",
    "correct": false,
    "id": "progress-quiz-q4",
  },
  {
    "answer": "犬 (inu)",
    "correct": false,
    "id": "progress-quiz-q5",
  },
  {
    "answer": "猫 (neko)",
    "correct": true,
    "id": "progress-quiz-q6",
  },
  {
    "answer": "本 (hon)",
    "correct": false,
    "id": "progress-quiz-q7",
  },
  {
    "answer": "水 (mizu)",
    "correct": false,
    "id": "progress-quiz-q8",
  },
  {
    "answer": "さようなら",
    "correct": false,
    "id": "progress-quiz-q9",
  },
  {
    "answer": "こんにちは",
    "correct": false,
    "id": "progress-quiz-q10",
  },
  {
    "answer": "ありがとう",
    "correct": true,
    "id": "progress-quiz-q11",
  },
  {
    "answer": "すみません",
    "correct": false,
    "id": "progress-quiz-q12",
  },
  {
    "answer": "いぬ",
    "correct": true,
    "id": "progress-quiz-q13",
  },
  {
    "answer": "ねこ",
    "correct": false,
    "id": "progress-quiz-q14",
  },
  {
    "answer": "ほん",
    "correct": false,
    "id": "progress-quiz-q15",
  },
  {
    "answer": "みず",
    "correct": false,
    "id": "progress-quiz-q16",
  },
]
[90mstdout[2m | src/components/Editor3/Workbook.stories.jsx[2m > [22m[2mWorkbook With Progress
[22m[39mQuestionBlock.grade.data keys: [
  "meaning-association-1",
  "quiz-1",
  "custom-q-1",
  "custom-q-2",
]
[90mstdout[2m | src/components/Editor3/Workbook.stories.jsx[2m > [22m[2mWorkbook With Progress
[22m[39mQuestionBlock.grade.data[nodeKey]: undefined
[90mstdout[2m | src/components/Editor3/Workbook.stories.jsx[2m > [22m[2mWorkbook With Progress
[22m[39mQuestionBlockRo.inProgress {}
[90mstdout[2m | src/components/Editor3/Workbook.stories.jsx[2m > [22m[2mWorkbook With Progress
[22m[39mCustomAnswerComponent.questionID question-1
[90mstdout[2m | src/components/Editor3/Workbook.stories.jsx[2m > [22m[2mWorkbook With Progress
[22m[39mCustomAnswerComponent.questionBank {}
[90mstdout[2m | src/components/Editor3/Workbook.stories.jsx[2m > [22m[2mWorkbook With Progress
[22m[39mCustomAnswerComponent.question {}
[90mstdout[2m | src/components/Editor3/Workbook.stories.jsx[2m > [22m[2mWorkbook With Progress
[22m[39mCustomAnswerComponent.question {}
[90mstdout[2m | src/components/Editor3/Workbook.stories.jsx[2m > [22m[2mWorkbook With Progress
[22m[39mCustomAnswerComponent.prompt undefined
[90mstdout[2m | src/components/Editor3/Workbook.stories.jsx[2m > [22m[2mWorkbook With Progress
[22m[39mCustomAnswerComponent.feedback[questionID] undefined
[90mstdout[2m | src/components/Editor3/Workbook.stories.jsx[2m > [22m[2mWorkbook With Progress
[22m[39mCustomAnswerComponent.isCompleted undefined
[90mstdout[2m | src/components/Editor3/Workbook.stories.jsx[2m > [22m[2mWorkbook With Progress
[22m[39mCustomAnswerComponent.currentPromptMethod text
[90mstdout[2m | src/components/Editor3/Workbook.stories.jsx[2m > [22m[2mWorkbook With Progress
[22m[39mCustomAnswerComponent.displayPrompt undefined
[90mstdout[2m | src/components/Editor3/Workbook.stories.jsx[2m > [22m[2mWorkbook With Progress
[22m[39mCustomAnswerComponent.questionID question-2
[90mstdout[2m | src/components/Editor3/Workbook.stories.jsx[2m > [22m[2mWorkbook With Progress
[22m[39mCustomAnswerComponent.questionBank {}
[90mstdout[2m | src/components/Editor3/Workbook.stories.jsx[2m > [22m[2mWorkbook With Progress
[22m[39mCustomAnswerComponent.question {}
[90mstdout[2m | src/components/Editor3/Workbook.stories.jsx[2m > [22m[2mWorkbook With Progress
[22m[39mCustomAnswerComponent.question {}
[90mstdout[2m | src/components/Editor3/Workbook.stories.jsx[2m > [22m[2mWorkbook With Progress
[22m[39mCustomAnswerComponent.prompt undefined
[90mstdout[2m | src/components/Editor3/Workbook.stories.jsx[2m > [22m[2mWorkbook With Progress
[22m[39mCustomAnswerComponent.feedback[questionID] undefined
[90mstdout[2m | src/components/Editor3/Workbook.stories.jsx[2m > [22m[2mWorkbook With Progress
[22m[39mCustomAnswerComponent.isCompleted undefined
[90mstdout[2m | src/components/Editor3/Workbook.stories.jsx[2m > [22m[2mWorkbook With Progress
[22m[39mCustomAnswerComponent.currentPromptMethod text
[90mstdout[2m | src/components/Editor3/Workbook.stories.jsx[2m > [22m[2mWorkbook With Progress
[22m[39mCustomAnswerComponent.displayPrompt undefined
[90mstdout[2m | src/components/Editor3/Workbook.stories.jsx[2m > [22m[2mWorkbook With Progress
[22m[39mLearn._vocabulary [
  {
    "_version": 1,
    "audio": [
      "/story-mocks/cinematic-designed-sci-fi-whoosh-transition-nexawave-228295.mp3",
    ],
    "definition": "Hello (Japanese)",
    "definitionAudio": [
      "/story-mocks/cinematic-designed-sci-fi-whoosh-transition-nexawave-228295.mp3",
    ],
    "id": "vocab-word-1",
    "owner": "student-alice-sub",
    "phrase": "こんにちは",
    "pronunciation": "kon-ni-chi-wa",
  },
  {
    "_version": 1,
    "audio": [
      "/story-mocks/cinematic-designed-sci-fi-whoosh-transition-nexawave-228295.mp3",
    ],
    "definition": "Cat (Japanese)",
    "definitionAudio": [
      "/story-mocks/cinematic-designed-sci-fi-whoosh-transition-nexawave-228295.mp3",
    ],
    "id": "vocab-word-2",
    "owner": "student-alice-sub",
    "phrase": "猫",
    "pronunciation": "neko",
  },
  {
    "_version": 1,
    "audio": [
      "/story-mocks/cinematic-designed-sci-fi-whoosh-transition-nexawave-228295.mp3",
    ],
    "definition": "Thank you (Japanese)",
    "definitionAudio": [
      "/story-mocks/cinematic-designed-sci-fi-whoosh-transition-nexawave-228295.mp3",
    ],
    "id": "vocab-word-3",
    "owner": "student-alice-sub",
    "phrase": "ありがとう",
    "pronunciation": "a-ri-ga-tou",
  },
  {
    "_version": 1,
    "audio": [
      "/story-mocks/cinematic-designed-sci-fi-whoosh-transition-nexawave-228295.mp3",
    ],
    "definition": "Dog (Japanese)",
    "definitionAudio": [
      "/story-mocks/cinematic-designed-sci-fi-whoosh-transition-nexawave-228295.mp3",
    ],
    "id": "vocab-word-4",
    "owner": "student-alice-sub",
    "phrase": "犬",
    "pronunciation": "inu",
  },
  {
    "_version": 1,
    "audio": [
      "/story-mocks/cinematic-designed-sci-fi-whoosh-transition-nexawave-228295.mp3",
    ],
    "definition": "Goodbye (Japanese)",
    "definitionAudio": [
      "/story-mocks/cinematic-designed-sci-fi-whoosh-transition-nexawave-228295.mp3",
    ],
    "id": "vocab-word-5",
    "owner": "student-alice-sub",
    "phrase": "さようなら",
    "pronunciation": "sa-you-na-ra",
  },
]
[90mstdout[2m | src/components/Editor3/Workbook.stories.jsx[2m > [22m[2mWorkbook With Progress
[22m[39mMeaningAssociationExercise._vocabulary [
  {
    "_version": 1,
    "audio": [
      "/story-mocks/cinematic-designed-sci-fi-whoosh-transition-nexawave-228295.mp3",
    ],
    "definition": "Hello (Japanese)",
    "definitionAudio": [
      "/story-mocks/cinematic-designed-sci-fi-whoosh-transition-nexawave-228295.mp3",
    ],
    "id": "vocab-word-1",
    "owner": "student-alice-sub",
    "phrase": "こんにちは",
    "pronunciation": "kon-ni-chi-wa",
  },
  {
    "_version": 1,
    "audio": [
      "/story-mocks/cinematic-designed-sci-fi-whoosh-transition-nexawave-228295.mp3",
    ],
    "definition": "Cat (Japanese)",
    "definitionAudio": [
      "/story-mocks/cinematic-designed-sci-fi-whoosh-transition-nexawave-228295.mp3",
    ],
    "id": "vocab-word-2",
    "owner": "student-alice-sub",
    "phrase": "猫",
    "pronunciation": "neko",
  },
  {
    "_version": 1,
    "audio": [
      "/story-mocks/cinematic-designed-sci-fi-whoosh-transition-nexawave-228295.mp3",
    ],
    "definition": "Thank you (Japanese)",
    "definitionAudio": [
      "/story-mocks/cinematic-designed-sci-fi-whoosh-transition-nexawave-228295.mp3",
    ],
    "id": "vocab-word-3",
    "owner": "student-alice-sub",
    "phrase": "ありがとう",
    "pronunciation": "a-ri-ga-tou",
  },
  {
    "_version": 1,
    "audio": [
      "/story-mocks/cinematic-designed-sci-fi-whoosh-transition-nexawave-228295.mp3",
    ],
    "definition": "Dog (Japanese)",
    "definitionAudio": [
      "/story-mocks/cinematic-designed-sci-fi-whoosh-transition-nexawave-228295.mp3",
    ],
    "id": "vocab-word-4",
    "owner": "student-alice-sub",
    "phrase": "犬",
    "pronunciation": "inu",
  },
  {
    "_version": 1,
    "audio": [
      "/story-mocks/cinematic-designed-sci-fi-whoosh-transition-nexawave-228295.mp3",
    ],
    "definition": "Goodbye (Japanese)",
    "definitionAudio": [
      "/story-mocks/cinematic-designed-sci-fi-whoosh-transition-nexawave-228295.mp3",
    ],
    "id": "vocab-word-5",
    "owner": "student-alice-sub",
    "phrase": "さようなら",
    "pronunciation": "sa-you-na-ra",
  },
]
[90mstdout[2m | src/components/Editor3/Workbook.stories.jsx[2m > [22m[2mWorkbook With Progress
[22m[39mHard._vocabulary [
  {
    "_version": 1,
    "audio": [
      "/story-mocks/cinematic-designed-sci-fi-whoosh-transition-nexawave-228295.mp3",
    ],
    "definition": "Hello (Japanese)",
    "definitionAudio": [
      "/story-mocks/cinematic-designed-sci-fi-whoosh-transition-nexawave-228295.mp3",
    ],
    "id": "vocab-word-1",
    "owner": "student-alice-sub",
    "phrase": "こんにちは",
    "pronunciation": "kon-ni-chi-wa",
  },
  {
    "_version": 1,
    "audio": [
      "/story-mocks/cinematic-designed-sci-fi-whoosh-transition-nexawave-228295.mp3",
    ],
    "definition": "Cat (Japanese)",
    "definitionAudio": [
      "/story-mocks/cinematic-designed-sci-fi-whoosh-transition-nexawave-228295.mp3",
    ],
    "id": "vocab-word-2",
    "owner": "student-alice-sub",
    "phrase": "猫",
    "pronunciation": "neko",
  },
  {
    "_version": 1,
    "audio": [
      "/story-mocks/cinematic-designed-sci-fi-whoosh-transition-nexawave-228295.mp3",
    ],
    "definition": "Thank you (Japanese)",
    "definitionAudio": [
      "/story-mocks/cinematic-designed-sci-fi-whoosh-transition-nexawave-228295.mp3",
    ],
    "id": "vocab-word-3",
    "owner": "student-alice-sub",
    "phrase": "ありがとう",
    "pronunciation": "a-ri-ga-tou",
  },
  {
    "_version": 1,
    "audio": [
      "/story-mocks/cinematic-designed-sci-fi-whoosh-transition-nexawave-228295.mp3",
    ],
    "definition": "Dog (Japanese)",
    "definitionAudio": [
      "/story-mocks/cinematic-designed-sci-fi-whoosh-transition-nexawave-228295.mp3",
    ],
    "id": "vocab-word-4",
    "owner": "student-alice-sub",
    "phrase": "犬",
    "pronunciation": "inu",
  },
  {
    "_version": 1,
    "audio": [
      "/story-mocks/cinematic-designed-sci-fi-whoosh-transition-nexawave-228295.mp3",
    ],
    "definition": "Goodbye (Japanese)",
    "definitionAudio": [
      "/story-mocks/cinematic-designed-sci-fi-whoosh-transition-nexawave-228295.mp3",
    ],
    "id": "vocab-word-5",
    "owner": "student-alice-sub",
    "phrase": "さようなら",
    "pronunciation": "sa-you-na-ra",
  },
]
[90mstdout[2m | src/components/Editor3/Workbook.stories.jsx[2m > [22m[2mWorkbook With Progress
[22m[39m[useWorkbookCollaboration] Initializing for grade grade-progress-1
[90mstdout[2m | src/components/Editor3/Workbook.stories.jsx[2m > [22m[2mWorkbook With Progress
[22m[39m[WorkbookCollaboration] Loaded 4 blocks from Grade.data
[90mstdout[2m | src/components/Editor3/Workbook.stories.jsx[2m > [22m[2mWorkbook With Progress
[22m[39m[ChatContext] No current chat available, will create one
[90mstdout[2m | src/components/Editor3/Workbook.stories.jsx[2m > [22m[2mWorkbook With Progress
[22m[39m[ChatContext] Creating AssistantChat with user: undefined
[90mstdout[2m | src/components/Editor3/Workbook.stories.jsx[2m > [22m[2mWorkbook With Progress
[22m[39m[Mock Data] AssistantChat created: mock-assistantchat-1790417414781 - notified 1 subscribers
[90mstdout[2m | src/components/Editor3/Workbook.stories.jsx[2m > [22m[2mWorkbook With Progress
[22m[39mEasy.nodeKey 67 type: string
[90mstdout[2m | src/components/Editor3/Workbook.stories.jsx[2m > [22m[2mWorkbook With Progress
[22m[39mEasy.grade: {
  "_version": 1,
  "accuracy": 0.75,
  "complete": false,
  "data": {
    "custom-q-1": {
      "accuracy": 1,
      "answerType": "text",
      "complete": true,
      "submittedAt": "2026-09-26T09:10:14.154Z",
      "userAnswer": "Common Japanese greetings include こんにちは (hello), ありがとう (thank you), and さようなら (goodbye). These are essential phrases used in daily conversation.",
    },
    "custom-q-2": {
      "complete": false,
    },
    "meaning-association-1": {
      "complete": false,
      "learn": {
        "accuracy": 0.75,
        "attemptedAnswers": {
          "vocab-word-1": [
            "vocab-word-1",
          ],
          "vocab-word-2": [
            "vocab-word-1",
            "vocab-word-2",
          ],
          "vocab-word-3": [
            "vocab-word-3",
          ],
        },
        "attemptsCount": 4,
        "complete": false,
        "droppedPairs": {
          "vocab-word-1": "vocab-word-1",
          "vocab-word-2": "vocab-word-2",
          "vocab-word-3": "vocab-word-3",
        },
        "percentComplete": 0.6,
        "verifiedAnswers": [
          "vocab-word-1",
          "vocab-word-2",
          "vocab-word-3",
        ],
      },
      "tabIndex": 0,
    },
    "quiz-1": {
      "accuracy": 0.67,
      "answers": {
        "progress-quiz-q1": {
          "attempts": 1,
          "correct": true,
          "selected": "Hello",
        },
        "progress-quiz-q11": {
          "attempts": 1,
          "correct": true,
          "selected": "ありがとう",
        },
        "progress-quiz-q13": {
          "attempts": 1,
          "correct": true,
          "selected": "いぬ",
        },
        "progress-quiz-q2": {
          "attempts": 1,
          "correct": false,
          "selected": "Hello",
        },
        "progress-quiz-q3": {
          "attempts": 1,
          "correct": false,
          "selected": "Thank you",
        },
        "progress-quiz-q6": {
          "attempts": 1,
          "correct": true,
          "selected": "猫 (neko)",
        },
      },
      "complete": false,
      "percentComplete": 0.375,
    },
  },
  "id": "grade-progress-1",
  "owner": "student-alice-sub",
  "percentComplete": 0.4,
  "timerStarted": true,
  "unitID": "workbook-with-progress-id",
  "unitVersion": 1,
}
[90mstdout[2m | src/components/Editor3/Workbook.stories.jsx[2m > [22m[2mWorkbook With Progress
[22m[39mEasy.grade.data: {
  "custom-q-1": {
    "accuracy": 1,
    "answerType": "text",
    "complete": true,
    "submittedAt": "2026-09-26T09:10:14.154Z",
    "userAnswer": "Common Japanese greetings include こんにちは (hello), ありがとう (thank you), and さようなら (goodbye). These are essential phrases used in daily conversation.",
  },
  "custom-q-2": {
    "complete": false,
  },
  "meaning-association-1": {
    "complete": false,
    "learn": {
      "accuracy": 0.75,
      "attemptedAnswers": {
        "vocab-word-1": [
          "vocab-word-1",
        ],
        "vocab-word-2": [
          "vocab-word-1",
          "vocab-word-2",
        ],
        "vocab-word-3": [
          "vocab-word-3",
        ],
      },
      "attemptsCount": 4,
      "complete": false,
      "droppedPairs": {
        "vocab-word-1": "vocab-word-1",
        "vocab-word-2": "vocab-word-2",
        "vocab-word-3": "vocab-word-3",
      },
      "percentComplete": 0.6,
      "verifiedAnswers": [
        "vocab-word-1",
        "vocab-word-2",
        "vocab-word-3",
      ],
    },
    "tabIndex": 0,
  },
  "quiz-1": {
    "accuracy": 0.67,
    "answers": {
      "progress-quiz-q1": {
        "attempts": 1,
        "correct": true,
        "selected": "Hello",
      },
      "progress-quiz-q11": {
        "attempts": 1,
        "correct": true,
        "selected": "ありがとう",
      },
      "progress-quiz-q13": {
        "attempts": 1,
        "correct": true,
        "selected": "いぬ",
      },
      "progress-quiz-q2": {
        "attempts": 1,
        "correct": false,
        "selected": "Hello",
      },
      "progress-quiz-q3": {
        "attempts": 1,
        "correct": false,
        "selected": "Thank you",
      },
      "progress-quiz-q6": {
        "attempts": 1,
        "correct": true,
        "selected": "猫 (neko)",
      },
    },
    "complete": false,
    "percentComplete": 0.375,
  },
}
[90mstdout[2m | src/components/Editor3/Workbook.stories.jsx[2m > [22m[2mWorkbook With Progress
[22m[39mEasy.grade.data === grade? false
[90mstdout[2m | src/components/Editor3/Workbook.stories.jsx[2m > [22m[2mWorkbook With Progress
[22m[39mEasy.grade.data keys: [
  "meaning-association-1",
  "quiz-1",
  "custom-q-1",
  "custom-q-2",
]
[90mstdout[2m | src/components/Editor3/Workbook.stories.jsx[2m > [22m[2mWorkbook With Progress
[22m[39mEasy.grade.data[nodeKey]: undefined
[90mstdout[2m | src/components/Editor3/Workbook.stories.jsx[2m > [22m[2mWorkbook With Progress
[22m[39mEasy.inProgress {}
[90mstdout[2m | src/components/Editor3/Workbook.stories.jsx[2m > [22m[2mWorkbook With Progress
[22m[39mHard.attemptedAnswers {}
[90mstdout[2m | src/components/Editor3/Workbook.stories.jsx[2m > [22m[2mWorkbook With Progress
[22m[39mQuestionBlockRo.grade {
  "_version": 1,
  "accuracy": 0.75,
  "complete": false,
  "data": {
    "custom-q-1": {
      "accuracy": 1,
      "answerType": "text",
      "complete": true,
      "submittedAt": "2026-09-26T09:10:14.154Z",
      "userAnswer": "Common Japanese greetings include こんにちは (hello), ありがとう (thank you), and さようなら (goodbye). These are essential phrases used in daily conversation.",
    },
    "custom-q-2": {
      "complete": false,
    },
    "meaning-association-1": {
      "complete": false,
      "learn": {
        "accuracy": 0.75,
        "attemptedAnswers": {
          "vocab-word-1": [
            "vocab-word-1",
          ],
          "vocab-word-2": [
            "vocab-word-1",
            "vocab-word-2",
          ],
          "vocab-word-3": [
            "vocab-word-3",
          ],
        },
        "attemptsCount": 4,
        "complete": false,
        "droppedPairs": {
          "vocab-word-1": "vocab-word-1",
          "vocab-word-2": "vocab-word-2",
          "vocab-word-3": "vocab-word-3",
        },
        "percentComplete": 0.6,
        "verifiedAnswers": [
          "vocab-word-1",
          "vocab-word-2",
          "vocab-word-3",
        ],
      },
      "tabIndex": 0,
    },
    "quiz-1": {
      "accuracy": 0.67,
      "answers": {
        "progress-quiz-q1": {
          "attempts": 1,
          "correct": true,
          "selected": "Hello",
        },
        "progress-quiz-q11": {
          "attempts": 1,
          "correct": true,
          "selected": "ありがとう",
        },
        "progress-quiz-q13": {
          "attempts": 1,
          "correct": true,
          "selected": "いぬ",
        },
        "progress-quiz-q2": {
          "attempts": 1,
          "correct": false,
          "selected": "Hello",
        },
        "progress-quiz-q3": {
          "attempts": 1,
          "correct": false,
          "selected": "Thank you",
        },
        "progress-quiz-q6": {
          "attempts": 1,
          "correct": true,
          "selected": "猫 (neko)",
        },
      },
      "complete": false,
      "percentComplete": 0.375,
    },
  },
  "id": "grade-progress-1",
  "owner": "student-alice-sub",
  "percentComplete": 0.4,
  "timerStarted": true,
  "unitID": "workbook-with-progress-id",
  "unitVersion": 1,
}
[90mstdout[2m | src/components/Editor3/Workbook.stories.jsx[2m > [22m[2mWorkbook With Progress
[22m[39m......!q {
  "answer": "Hello",
  "correct": true,
  "id": "progress-quiz-q1",
}
[90mstdout[2m | src/components/Editor3/Workbook.stories.jsx[2m > [22m[2mWorkbook With Progress
[22m[39m......!q {
  "answer": "Goodbye",
  "correct": false,
  "id": "progress-quiz-q2",
}
[90mstdout[2m | src/components/Editor3/Workbook.stories.jsx[2m > [22m[2mWorkbook With Progress
[22m[39m......!q {
  "answer": "Thank you",
  "correct": false,
  "id": "progress-quiz-q3",
}
[90mstdout[2m | src/components/Editor3/Workbook.stories.jsx[2m > [22m[2mWorkbook With Progress
[22m[39m......!q {
  "answer": "Please",
  "correct": false,
  "id": "progress-quiz-q4",
}
[90mstdout[2m | src/components/Editor3/Workbook.stories.jsx[2m > [22m[2mWorkbook With Progress
[22m[39m......!q {
  "answer": "犬 (inu)",
  "correct": false,
  "id": "progress-quiz-q5",
}
[90mstdout[2m | src/components/Editor3/Workbook.stories.jsx[2m > [22m[2mWorkbook With Progress
[22m[39m......!q {
  "answer": "猫 (neko)",
  "correct": true,
  "id": "progress-quiz-q6",
}
[90mstdout[2m | src/components/Editor3/Workbook.stories.jsx[2m > [22m[2mWorkbook With Progress
[22m[39m......!q {
  "answer": "本 (hon)",
  "correct": false,
  "id": "progress-quiz-q7",
}
[90mstdout[2m | src/components/Editor3/Workbook.stories.jsx[2m > [22m[2mWorkbook With Progress
[22m[39m......!q {
  "answer": "水 (mizu)",
  "correct": false,
  "id": "progress-quiz-q8",
}
[90mstdout[2m | src/components/Editor3/Workbook.stories.jsx[2m > [22m[2mWorkbook With Progress
[22m[39m......!q {
  "answer": "さようなら",
  "correct": false,
  "id": "progress-quiz-q9",
}
[90mstdout[2m | src/components/Editor3/Workbook.stories.jsx[2m > [22m[2mWorkbook With Progress
[22m[39m......!q {
  "answer": "こんにちは",
  "correct": false,
  "id": "progress-quiz-q10",
}
[90mstdout[2m | src/components/Editor3/Workbook.stories.jsx[2m > [22m[2mWorkbook With Progress
[22m[39m......!q {
  "answer": "ありがとう",
  "correct": true,
  "id": "progress-quiz-q11",
}
[90mstdout[2m | src/components/Editor3/Workbook.stories.jsx[2m > [22m[2mWorkbook With Progress
[22m[39m......!q {
  "answer": "すみません",
  "correct": false,
  "id": "progress-quiz-q12",
}
[90mstdout[2m | src/components/Editor3/Workbook.stories.jsx[2m > [22m[2mWorkbook With Progress
[22m[39m......!q {
  "answer": "いぬ",
  "correct": true,
  "id": "progress-quiz-q13",
}
[90mstdout[2m | src/components/Editor3/Workbook.stories.jsx[2m > [22m[2mWorkbook With Progress
[22m[39m......!q {
  "answer": "ねこ",
  "correct": false,
  "id": "progress-quiz-q14",
}
[90mstdout[2m | src/components/Editor3/Workbook.stories.jsx[2m > [22m[2mWorkbook With Progress
[22m[39m......!q {
  "answer": "ほん",
  "correct": false,
  "id": "progress-quiz-q15",
}
[90mstdout[2m | src/components/Editor3/Workbook.stories.jsx[2m > [22m[2mWorkbook With Progress
[22m[39m......!q {
  "answer": "みず",
  "correct": false,
  "id": "progress-quiz-q16",
}
[90mstdout[2m | src/components/Editor3/Workbook.stories.jsx[2m > [22m[2mWorkbook With Progress
[22m[39mQuestionBlock.nodeKey 74 type: string
[90mstdout[2m | src/components/Editor3/Workbook.stories.jsx[2m > [22m[2mWorkbook With Progress
[22m[39mQuestionBlock.questionContent [
  {
    "answer": "Hello",
    "correct": true,
    "id": "progress-quiz-q1",
  },
  {
    "answer": "Goodbye",
    "correct": false,
    "id": "progress-quiz-q2",
  },
  {
    "answer": "Thank you",
    "correct": false,
    "id": "progress-quiz-q3",
  },
  {
    "answer": "Please",
    "correct": false,
    "id": "progress-quiz-q4",
  },
  {
    "answer": "犬 (inu)",
    "correct": false,
    "id": "progress-quiz-q5",
  },
  {
    "answer": "猫 (neko)",
    "correct": true,
    "id": "progress-quiz-q6",
  },
  {
    "answer": "本 (hon)",
    "correct": false,
    "id": "progress-quiz-q7",
  },
  {
    "answer": "水 (mizu)",
    "correct": false,
    "id": "progress-quiz-q8",
  },
  {
    "answer": "さようなら",
    "correct": false,
    "id": "progress-quiz-q9",
  },
  {
    "answer": "こんにちは",
    "correct": false,
    "id": "progress-quiz-q10",
  },
  {
    "answer": "ありがとう",
    "correct": true,
    "id": "progress-quiz-q11",
  },
  {
    "answer": "すみません",
    "correct": false,
    "id": "progress-quiz-q12",
  },
  {
    "answer": "いぬ",
    "correct": true,
    "id": "progress-quiz-q13",
  },
  {
    "answer": "ねこ",
    "correct": false,
    "id": "progress-quiz-q14",
  },
  {
    "answer": "ほん",
    "correct": false,
    "id": "progress-quiz-q15",
  },
  {
    "answer": "みず",
    "correct": false,
    "id": "progress-quiz-q16",
  },
]
[90mstdout[2m | src/components/Editor3/Workbook.stories.jsx[2m > [22m[2mWorkbook With Progress
[22m[39mQuestionBlock.grade.data keys: [
  "meaning-association-1",
  "quiz-1",
  "custom-q-1",
  "custom-q-2",
]
[90mstdout[2m | src/components/Editor3/Workbook.stories.jsx[2m > [22m[2mWorkbook With Progress
[22m[39mQuestionBlock.grade.data[nodeKey]: undefined
[90mstdout[2m | src/components/Editor3/Workbook.stories.jsx[2m > [22m[2mWorkbook With Progress
[22m[39mQuestionBlockRo.inProgress {}
[90mstdout[2m | src/components/Editor3/Workbook.stories.jsx[2m > [22m[2mWorkbook With Progress
[22m[39mCustomAnswerComponent.questionID question-1
[90mstdout[2m | src/components/Editor3/Workbook.stories.jsx[2m > [22m[2mWorkbook With Progress
[22m[39mCustomAnswerComponent.questionBank {}
[90mstdout[2m | src/components/Editor3/Workbook.stories.jsx[2m > [22m[2mWorkbook With Progress
[22m[39mCustomAnswerComponent.question {}
[90mstdout[2m | src/components/Editor3/Workbook.stories.jsx[2m > [22m[2mWorkbook With Progress
[22m[39mCustomAnswerComponent.question {}
[90mstdout[2m | src/components/Editor3/Workbook.stories.jsx[2m > [22m[2mWorkbook With Progress
[22m[39mCustomAnswerComponent.prompt undefined
[90mstdout[2m | src/components/Editor3/Workbook.stories.jsx[2m > [22m[2mWorkbook With Progress
[22m[39mCustomAnswerComponent.feedback[questionID] undefined
[90mstdout[2m | src/components/Editor3/Workbook.stories.jsx[2m > [22m[2mWorkbook With Progress
[22m[39mCustomAnswerComponent.isCompleted undefined
[90mstdout[2m | src/components/Editor3/Workbook.stories.jsx[2m > [22m[2mWorkbook With Progress
[22m[39mCustomAnswerComponent.currentPromptMethod text
[90mstdout[2m | src/components/Editor3/Workbook.stories.jsx[2m > [22m[2mWorkbook With Progress
[22m[39mCustomAnswerComponent.displayPrompt undefined
[90mstdout[2m | src/components/Editor3/Workbook.stories.jsx[2m > [22m[2mWorkbook With Progress
[22m[39mCustomAnswerComponent.questionID question-2
[90mstdout[2m | src/components/Editor3/Workbook.stories.jsx[2m > [22m[2mWorkbook With Progress
[22m[39mCustomAnswerComponent.questionBank {}
[90mstdout[2m | src/components/Editor3/Workbook.stories.jsx[2m > [22m[2mWorkbook With Progress
[22m[39mCustomAnswerComponent.question {}
[90mstdout[2m | src/components/Editor3/Workbook.stories.jsx[2m > [22m[2mWorkbook With Progress
[22m[39mCustomAnswerComponent.question {}
[90mstdout[2m | src/components/Editor3/Workbook.stories.jsx[2m > [22m[2mWorkbook With Progress
[22m[39mCustomAnswerComponent.prompt undefined
[90mstdout[2m | src/components/Editor3/Workbook.stories.jsx[2m > [22m[2mWorkbook With Progress
[22m[39mCustomAnswerComponent.feedback[questionID] undefined
[90mstdout[2m | src/components/Editor3/Workbook.stories.jsx[2m > [22m[2mWorkbook With Progress
[22m[39mCustomAnswerComponent.isCompleted undefined
[90mstdout[2m | src/components/Editor3/Workbook.stories.jsx[2m > [22m[2mWorkbook With Progress
[22m[39mCustomAnswerComponent.currentPromptMethod text
[90mstdout[2m | src/components/Editor3/Workbook.stories.jsx[2m > [22m[2mWorkbook With Progress
[22m[39mCustomAnswerComponent.displayPrompt undefined
[90mstdout[2m | src/components/Editor3/Workbook.stories.jsx[2m > [22m[2mWorkbook With Progress
[22m[39m[ChatContext] Create result: {
  "data": {
    "_version": 1,
    "archived": false,
    "chatFiles": [Function anonymous],
    "createdAt": "2026-09-26T10:10:14.781Z",
    "id": "mock-assistantchat-1790417414781",
    "model": "gpt-4",
    "updatedAt": "2026-09-26T10:10:14.781Z",
  },
  "errors": [],
  "hasData": true,
  "hasErrors": true,
}
[90mstdout[2m | src/components/Editor3/Workbook.stories.jsx[2m > [22m[2mWorkbook With Progress
[22m[39m[ChatContext] Created AssistantChat: mock-assistantchat-1790417414781 at: 2026-09-26T10:10:14.781Z
[90mstdout[2m | src/components/Editor3/Workbook.stories.jsx[2m > [22m[2mWorkbook With Progress
[22m[39m[Mock Storage] downloadData called with: undefined
[90mstdout[2m | src/components/Editor3/Workbook.stories.jsx[2m > [22m[2mWorkbook With Progress
[22m[39m[YjsProvider] workbook-grade-progress-1 connection status: connected
[90mstdout[2m | src/components/Editor3/Workbook.stories.jsx[2m > [22m[2mWorkbook With Progress
[22m[39m[YjsProvider] workbook-grade-progress-1 synced with server
[90mstdout[2m | src/components/Editor3/Workbook.stories.jsx[2m > [22m[2mWorkbook With Progress
[22m[39m[ChatContext] Setting initial chat: mock-assistantchat-1790417414781
[90mstdout[2m | src/components/Editor3/Workbook.stories.jsx[2m > [22m[2mWorkbook With Progress
[22m[39mEasy.nodeKey 67 type: string
[90mstdout[2m | src/components/Editor3/Workbook.stories.jsx[2m > [22m[2mWorkbook With Progress
[22m[39mEasy.grade: {
  "_version": 1,
  "accuracy": 0.75,
  "complete": false,
  "data": {
    "custom-q-1": {
      "accuracy": 1,
      "answerType": "text",
      "complete": true,
      "submittedAt": "2026-09-26T09:10:14.154Z",
      "userAnswer": "Common Japanese greetings include こんにちは (hello), ありがとう (thank you), and さようなら (goodbye). These are essential phrases used in daily conversation.",
    },
    "custom-q-2": {
      "complete": false,
    },
    "meaning-association-1": {
      "complete": false,
      "learn": {
        "accuracy": 0.75,
        "attemptedAnswers": {
          "vocab-word-1": [
            "vocab-word-1",
          ],
          "vocab-word-2": [
            "vocab-word-1",
            "vocab-word-2",
          ],
          "vocab-word-3": [
            "vocab-word-3",
          ],
        },
        "attemptsCount": 4,
        "complete": false,
        "droppedPairs": {
          "vocab-word-1": "vocab-word-1",
          "vocab-word-2": "vocab-word-2",
          "vocab-word-3": "vocab-word-3",
        },
        "percentComplete": 0.6,
        "verifiedAnswers": [
          "vocab-word-1",
          "vocab-word-2",
          "vocab-word-3",
        ],
      },
      "tabIndex": 0,
    },
    "quiz-1": {
      "accuracy": 0.67,
      "answers": {
        "progress-quiz-q1": {
          "attempts": 1,
          "correct": true,
          "selected": "Hello",
        },
        "progress-quiz-q11": {
          "attempts": 1,
          "correct": true,
          "selected": "ありがとう",
        },
        "progress-quiz-q13": {
          "attempts": 1,
          "correct": true,
          "selected": "いぬ",
        },
        "progress-quiz-q2": {
          "attempts": 1,
          "correct": false,
          "selected": "Hello",
        },
        "progress-quiz-q3": {
          "attempts": 1,
          "correct": false,
          "selected": "Thank you",
        },
        "progress-quiz-q6": {
          "attempts": 1,
          "correct": true,
          "selected": "猫 (neko)",
        },
      },
      "complete": false,
      "percentComplete": 0.375,
    },
  },
  "id": "grade-progress-1",
  "owner": "student-alice-sub",
  "percentComplete": 0.4,
  "timerStarted": true,
  "unitID": "workbook-with-progress-id",
  "unitVersion": 1,
}
[90mstdout[2m | src/components/Editor3/Workbook.stories.jsx[2m > [22m[2mWorkbook With Progress
[22m[39mEasy.grade.data: {
  "custom-q-1": {
    "accuracy": 1,
    "answerType": "text",
    "complete": true,
    "submittedAt": "2026-09-26T09:10:14.154Z",
    "userAnswer": "Common Japanese greetings include こんにちは (hello), ありがとう (thank you), and さようなら (goodbye). These are essential phrases used in daily conversation.",
  },
  "custom-q-2": {
    "complete": false,
  },
  "meaning-association-1": {
    "complete": false,
    "learn": {
      "accuracy": 0.75,
      "attemptedAnswers": {
        "vocab-word-1": [
          "vocab-word-1",
        ],
        "vocab-word-2": [
          "vocab-word-1",
          "vocab-word-2",
        ],
        "vocab-word-3": [
          "vocab-word-3",
        ],
      },
      "attemptsCount": 4,
      "complete": false,
      "droppedPairs": {
        "vocab-word-1": "vocab-word-1",
        "vocab-word-2": "vocab-word-2",
        "vocab-word-3": "vocab-word-3",
      },
      "percentComplete": 0.6,
      "verifiedAnswers": [
        "vocab-word-1",
        "vocab-word-2",
        "vocab-word-3",
      ],
    },
    "tabIndex": 0,
  },
  "quiz-1": {
    "accuracy": 0.67,
    "answers": {
      "progress-quiz-q1": {
        "attempts": 1,
        "correct": true,
        "selected": "Hello",
      },
      "progress-quiz-q11": {
        "attempts": 1,
        "correct": true,
        "selected": "ありがとう",
      },
      "progress-quiz-q13": {
        "attempts": 1,
        "correct": true,
        "selected": "いぬ",
      },
      "progress-quiz-q2": {
        "attempts": 1,
        "correct": false,
        "selected": "Hello",
      },
      "progress-quiz-q3": {
        "attempts": 1,
        "correct": false,
        "selected": "Thank you",
      },
      "progress-quiz-q6": {
        "attempts": 1,
        "correct": true,
        "selected": "猫 (neko)",
      },
    },
    "complete": false,
    "percentComplete": 0.375,
  },
}
[90mstdout[2m | src/components/Editor3/Workbook.stories.jsx[2m > [22m[2mWorkbook With Progress
[22m[39mEasy.grade.data === grade? false
[90mstdout[2m | src/components/Editor3/Workbook.stories.jsx[2m > [22m[2mWorkbook With Progress
[22m[39mEasy.grade.data keys: [
  "meaning-association-1",
  "quiz-1",
  "custom-q-1",
  "custom-q-2",
]
[90mstdout[2m | src/components/Editor3/Workbook.stories.jsx[2m > [22m[2mWorkbook With Progress
[22m[39mEasy.grade.data[nodeKey]: undefined
[90mstdout[2m | src/components/Editor3/Workbook.stories.jsx[2m > [22m[2mWorkbook With Progress
[22m[39mEasy.inProgress {}
[90mstdout[2m | src/components/Editor3/Workbook.stories.jsx[2m > [22m[2mWorkbook With Progress
[22m[39mHard.attemptedAnswers {}
[90mstdout[2m | src/components/Editor3/Workbook.stories.jsx[2m > [22m[2mWorkbook With Progress
[22m[39mQuestionBlockRo.grade {
  "_version": 1,
  "accuracy": 0.75,
  "complete": false,
  "data": {
    "custom-q-1": {
      "accuracy": 1,
      "answerType": "text",
      "complete": true,
      "submittedAt": "2026-09-26T09:10:14.154Z",
      "userAnswer": "Common Japanese greetings include こんにちは (hello), ありがとう (thank you), and さようなら (goodbye). These are essential phrases used in daily conversation.",
    },
    "custom-q-2": {
      "complete": false,
    },
    "meaning-association-1": {
      "complete": false,
      "learn": {
        "accuracy": 0.75,
        "attemptedAnswers": {
          "vocab-word-1": [
            "vocab-word-1",
          ],
          "vocab-word-2": [
            "vocab-word-1",
            "vocab-word-2",
          ],
          "vocab-word-3": [
            "vocab-word-3",
          ],
        },
        "attemptsCount": 4,
        "complete": false,
        "droppedPairs": {
          "vocab-word-1": "vocab-word-1",
          "vocab-word-2": "vocab-word-2",
          "vocab-word-3": "vocab-word-3",
        },
        "percentComplete": 0.6,
        "verifiedAnswers": [
          "vocab-word-1",
          "vocab-word-2",
          "vocab-word-3",
        ],
      },
      "tabIndex": 0,
    },
    "quiz-1": {
      "accuracy": 0.67,
      "answers": {
        "progress-quiz-q1": {
          "attempts": 1,
          "correct": true,
          "selected": "Hello",
        },
        "progress-quiz-q11": {
          "attempts": 1,
          "correct": true,
          "selected": "ありがとう",
        },
        "progress-quiz-q13": {
          "attempts": 1,
          "correct": true,
          "selected": "いぬ",
        },
        "progress-quiz-q2": {
          "attempts": 1,
          "correct": false,
          "selected": "Hello",
        },
        "progress-quiz-q3": {
          "attempts": 1,
          "correct": false,
          "selected": "Thank you",
        },
        "progress-quiz-q6": {
          "attempts": 1,
          "correct": true,
          "selected": "猫 (neko)",
        },
      },
      "complete": false,
      "percentComplete": 0.375,
    },
  },
  "id": "grade-progress-1",
  "owner": "student-alice-sub",
  "percentComplete": 0.4,
  "timerStarted": true,
  "unitID": "workbook-with-progress-id",
  "unitVersion": 1,
}
[90mstdout[2m | src/components/Editor3/Workbook.stories.jsx[2m > [22m[2mWorkbook With Progress
[22m[39m......!q {
  "answer": "Hello",
  "correct": true,
  "id": "progress-quiz-q1",
}
[90mstdout[2m | src/components/Editor3/Workbook.stories.jsx[2m > [22m[2mWorkbook With Progress
[22m[39m......!q {
  "answer": "Goodbye",
  "correct": false,
  "id": "progress-quiz-q2",
}
[90mstdout[2m | src/components/Editor3/Workbook.stories.jsx[2m > [22m[2mWorkbook With Progress
[22m[39m......!q {
  "answer": "Thank you",
  "correct": false,
  "id": "progress-quiz-q3",
}
[90mstdout[2m | src/components/Editor3/Workbook.stories.jsx[2m > [22m[2mWorkbook With Progress
[22m[39m......!q {
  "answer": "Please",
  "correct": false,
  "id": "progress-quiz-q4",
}
[90mstdout[2m | src/components/Editor3/Workbook.stories.jsx[2m > [22m[2mWorkbook With Progress
[22m[39m......!q {
  "answer": "犬 (inu)",
  "correct": false,
  "id": "progress-quiz-q5",
}
[90mstdout[2m | src/components/Editor3/Workbook.stories.jsx[2m > [22m[2mWorkbook With Progress
[22m[39m......!q {
  "answer": "猫 (neko)",
  "correct": true,
  "id": "progress-quiz-q6",
}
[90mstdout[2m | src/components/Editor3/Workbook.stories.jsx[2m > [22m[2mWorkbook With Progress
[22m[39m......!q {
  "answer": "本 (hon)",
  "correct": false,
  "id": "progress-quiz-q7",
}
[90mstdout[2m | src/components/Editor3/Workbook.stories.jsx[2m > [22m[2mWorkbook With Progress
[22m[39m......!q {
  "answer": "水 (mizu)",
  "correct": false,
  "id": "progress-quiz-q8",
}
[90mstdout[2m | src/components/Editor3/Workbook.stories.jsx[2m > [22m[2mWorkbook With Progress
[22m[39m......!q {
  "answer": "さようなら",
  "correct": false,
  "id": "progress-quiz-q9",
}
[90mstdout[2m | src/components/Editor3/Workbook.stories.jsx[2m > [22m[2mWorkbook With Progress
[22m[39m......!q {
  "answer": "こんにちは",
  "correct": false,
  "id": "progress-quiz-q10",
}
[90mstdout[2m | src/components/Editor3/Workbook.stories.jsx[2m > [22m[2mWorkbook With Progress
[22m[39m......!q {
  "answer": "ありがとう",
  "correct": true,
  "id": "progress-quiz-q11",
}
[90mstdout[2m | src/components/Editor3/Workbook.stories.jsx[2m > [22m[2mWorkbook With Progress
[22m[39m......!q {
  "answer": "すみません",
  "correct": false,
  "id": "progress-quiz-q12",
}
[90mstdout[2m | src/components/Editor3/Workbook.stories.jsx[2m > [22m[2mWorkbook With Progress
[22m[39m......!q {
  "answer": "いぬ",
  "correct": true,
  "id": "progress-quiz-q13",
}
[90mstdout[2m | src/components/Editor3/Workbook.stories.jsx[2m > [22m[2mWorkbook With Progress
[22m[39m......!q {
  "answer": "ねこ",
  "correct": false,
  "id": "progress-quiz-q14",
}
[90mstdout[2m | src/components/Editor3/Workbook.stories.jsx[2m > [22m[2mWorkbook With Progress
[22m[39m......!q {
  "answer": "ほん",
  "correct": false,
  "id": "progress-quiz-q15",
}
[90mstdout[2m | src/components/Editor3/Workbook.stories.jsx[2m > [22m[2mWorkbook With Progress
[22m[39m......!q {
  "answer": "みず",
  "correct": false,
  "id": "progress-quiz-q16",
}
[90mstdout[2m | src/components/Editor3/Workbook.stories.jsx[2m > [22m[2mWorkbook With Progress
[22m[39mQuestionBlock.nodeKey 74 type: string
[90mstdout[2m | src/components/Editor3/Workbook.stories.jsx[2m > [22m[2mWorkbook With Progress
[22m[39mQuestionBlock.questionContent [
  {
    "answer": "Hello",
    "correct": true,
    "id": "progress-quiz-q1",
  },
  {
    "answer": "Goodbye",
    "correct": false,
    "id": "progress-quiz-q2",
  },
  {
    "answer": "Thank you",
    "correct": false,
    "id": "progress-quiz-q3",
  },
  {
    "answer": "Please",
    "correct": false,
    "id": "progress-quiz-q4",
  },
  {
    "answer": "犬 (inu)",
    "correct": false,
    "id": "progress-quiz-q5",
  },
  {
    "answer": "猫 (neko)",
    "correct": true,
    "id": "progress-quiz-q6",
  },
  {
    "answer": "本 (hon)",
    "correct": false,
    "id": "progress-quiz-q7",
  },
  {
    "answer": "水 (mizu)",
    "correct": false,
    "id": "progress-quiz-q8",
  },
  {
    "answer": "さようなら",
    "correct": false,
    "id": "progress-quiz-q9",
  },
  {
    "answer": "こんにちは",
    "correct": false,
    "id": "progress-quiz-q10",
  },
  {
    "answer": "ありがとう",
    "correct": true,
    "id": "progress-quiz-q11",
  },
  {
    "answer": "すみません",
    "correct": false,
    "id": "progress-quiz-q12",
  },
  {
    "answer": "いぬ",
    "correct": true,
    "id": "progress-quiz-q13",
  },
  {
    "answer": "ねこ",
    "correct": false,
    "id": "progress-quiz-q14",
  },
  {
    "answer": "ほん",
    "correct": false,
    "id": "progress-quiz-q15",
  },
  {
    "answer": "みず",
    "correct": false,
    "id": "progress-quiz-q16",
  },
]
[90mstdout[2m | src/components/Editor3/Workbook.stories.jsx[2m > [22m[2mWorkbook With Progress
[22m[39mQuestionBlock.grade.data keys: [
  "meaning-association-1",
  "quiz-1",
  "custom-q-1",
  "custom-q-2",
]
[90mstdout[2m | src/components/Editor3/Workbook.stories.jsx[2m > [22m[2mWorkbook With Progress
[22m[39mQuestionBlock.grade.data[nodeKey]: undefined
[90mstdout[2m | src/components/Editor3/Workbook.stories.jsx[2m > [22m[2mWorkbook With Progress
[22m[39mQuestionBlockRo.inProgress {}
[90mstdout[2m | src/components/Editor3/Workbook.stories.jsx[2m > [22m[2mWorkbook With Progress
[22m[39mCustomAnswerComponent.questionID question-1
[90mstdout[2m | src/components/Editor3/Workbook.stories.jsx[2m > [22m[2mWorkbook With Progress
[22m[39mCustomAnswerComponent.questionBank {}
[90mstdout[2m | src/components/Editor3/Workbook.stories.jsx[2m > [22m[2mWorkbook With Progress
[22m[39mCustomAnswerComponent.question {}
[90mstdout[2m | src/components/Editor3/Workbook.stories.jsx[2m > [22m[2mWorkbook With Progress
[22m[39mCustomAnswerComponent.question {}
[90mstdout[2m | src/components/Editor3/Workbook.stories.jsx[2m > [22m[2mWorkbook With Progress
[22m[39mCustomAnswerComponent.prompt undefined
[90mstdout[2m | src/components/Editor3/Workbook.stories.jsx[2m > [22m[2mWorkbook With Progress
[22m[39mCustomAnswerComponent.feedback[questionID] undefined
[90mstdout[2m | src/components/Editor3/Workbook.stories.jsx[2m > [22m[2mWorkbook With Progress
[22m[39mCustomAnswerComponent.isCompleted undefined
[90mstdout[2m | src/components/Editor3/Workbook.stories.jsx[2m > [22m[2mWorkbook With Progress
[22m[39mCustomAnswerComponent.currentPromptMethod text
[90mstdout[2m | src/components/Editor3/Workbook.stories.jsx[2m > [22m[2mWorkbook With Progress
[22m[39mCustomAnswerComponent.displayPrompt undefined
[90mstdout[2m | src/components/Editor3/Workbook.stories.jsx[2m > [22m[2mWorkbook With Progress
[22m[39mCustomAnswerComponent.questionID question-2
[90mstdout[2m | src/components/Editor3/Workbook.stories.jsx[2m > [22m[2mWorkbook With Progress
[22m[39mCustomAnswerComponent.questionBank {}
[90mstdout[2m | src/components/Editor3/Workbook.stories.jsx[2m > [22m[2mWorkbook With Progress
[22m[39mCustomAnswerComponent.question {}
[90mstdout[2m | src/components/Editor3/Workbook.stories.jsx[2m > [22m[2mWorkbook With Progress
[22m[39mCustomAnswerComponent.question {}
[90mstdout[2m | src/components/Editor3/Workbook.stories.jsx[2m > [22m[2mWorkbook With Progress
[22m[39mCustomAnswerComponent.prompt undefined
[90mstdout[2m | src/components/Editor3/Workbook.stories.jsx[2m > [22m[2mWorkbook With Progress
[22m[39mCustomAnswerComponent.feedback[questionID] undefined
[90mstdout[2m | src/components/Editor3/Workbook.stories.jsx[2m > [22m[2mWorkbook With Progress
[22m[39mCustomAnswerComponent.isCompleted undefined
[90mstdout[2m | src/components/Editor3/Workbook.stories.jsx[2m > [22m[2mWorkbook With Progress
[22m[39mCustomAnswerComponent.currentPromptMethod text
[90mstdout[2m | src/components/Editor3/Workbook.stories.jsx[2m > [22m[2mWorkbook With Progress
[22m[39mCustomAnswerComponent.displayPrompt undefined
[90mstdout[2m | src/components/Editor3/Workbook.stories.jsx[2m > [22m[2mWorkbook With Progress
[22m[39m[ChatContext] Chat exists and not archived, skipping creation
[90mstdout[2m | src/components/Editor3/Workbook.stories.jsx[2m > [22m[2mWorkbook With Progress
[22m[39m[StoryProgressPlugin] Exercise node keys: {
  "custom-answer": [
    "79",
    "82",
  ],
  "meaning-association": [
    "67",
  ],
  "quiz": [
    "74",
  ],
}
[90mstdout[2m | src/components/Editor3/Workbook.stories.jsx[2m > [22m[2mWorkbook With Progress
[22m[39m[StoryProgressPlugin] grade: {
  "_version": 1,
  "accuracy": 0.75,
  "complete": false,
  "data": {
    "custom-q-1": {
      "accuracy": 1,
      "answerType": "text",
      "complete": true,
      "submittedAt": "2026-09-26T09:10:14.154Z",
      "userAnswer": "Common Japanese greetings include こんにちは (hello), ありがとう (thank you), and さようなら (goodbye). These are essential phrases used in daily conversation.",
    },
    "custom-q-2": {
      "complete": false,
    },
    "meaning-association-1": {
      "complete": false,
      "learn": {
        "accuracy": 0.75,
        "attemptedAnswers": {
          "vocab-word-1": [
            "vocab-word-1",
          ],
          "vocab-word-2": [
            "vocab-word-1",
            "vocab-word-2",
          ],
          "vocab-word-3": [
            "vocab-word-3",
          ],
        },
        "attemptsCount": 4,
        "complete": false,
        "droppedPairs": {
          "vocab-word-1": "vocab-word-1",
          "vocab-word-2": "vocab-word-2",
          "vocab-word-3": "vocab-word-3",
        },
        "percentComplete": 0.6,
        "verifiedAnswers": [
          "vocab-word-1",
          "vocab-word-2",
          "vocab-word-3",
        ],
      },
      "tabIndex": 0,
    },
    "quiz-1": {
      "accuracy": 0.67,
      "answers": {
        "progress-quiz-q1": {
          "attempts": 1,
          "correct": true,
          "selected": "Hello",
        },
        "progress-quiz-q11": {
          "attempts": 1,
          "correct": true,
          "selected": "ありがとう",
        },
        "progress-quiz-q13": {
          "attempts": 1,
          "correct": true,
          "selected": "いぬ",
        },
        "progress-quiz-q2": {
          "attempts": 1,
          "correct": false,
          "selected": "Hello",
        },
        "progress-quiz-q3": {
          "attempts": 1,
          "correct": false,
          "selected": "Thank you",
        },
        "progress-quiz-q6": {
          "attempts": 1,
          "correct": true,
          "selected": "猫 (neko)",
        },
      },
      "complete": false,
      "percentComplete": 0.375,
    },
  },
  "id": "grade-progress-1",
  "owner": "student-alice-sub",
  "percentComplete": 0.4,
  "timerStarted": true,
  "unitID": "workbook-with-progress-id",
  "unitVersion": 1,
}
[90mstdout[2m | src/components/Editor3/Workbook.stories.jsx[2m > [22m[2mWorkbook With Progress
[22m[39m[StoryProgressPlugin] grade.data: {
  "custom-q-1": {
    "accuracy": 1,
    "answerType": "text",
    "complete": true,
    "submittedAt": "2026-09-26T09:10:14.154Z",
    "userAnswer": "Common Japanese greetings include こんにちは (hello), ありがとう (thank you), and さようなら (goodbye). These are essential phrases used in daily conversation.",
  },
  "custom-q-2": {
    "complete": false,
  },
  "meaning-association-1": {
    "complete": false,
    "learn": {
      "accuracy": 0.75,
      "attemptedAnswers": {
        "vocab-word-1": [
          "vocab-word-1",
        ],
        "vocab-word-2": [
          "vocab-word-1",
          "vocab-word-2",
        ],
        "vocab-word-3": [
          "vocab-word-3",
        ],
      },
      "attemptsCount": 4,
      "complete": false,
      "droppedPairs": {
        "vocab-word-1": "vocab-word-1",
        "vocab-word-2": "vocab-word-2",
        "vocab-word-3": "vocab-word-3",
      },
      "percentComplete": 0.6,
      "verifiedAnswers": [
        "vocab-word-1",
        "vocab-word-2",
        "vocab-word-3",
      ],
    },
    "tabIndex": 0,
  },
  "quiz-1": {
    "accuracy": 0.67,
    "answers": {
      "progress-quiz-q1": {
        "attempts": 1,
        "correct": true,
        "selected": "Hello",
      },
      "progress-quiz-q11": {
        "attempts": 1,
        "correct": true,
        "selected": "ありがとう",
      },
      "progress-quiz-q13": {
        "attempts": 1,
        "correct": true,
        "selected": "いぬ",
      },
      "progress-quiz-q2": {
        "attempts": 1,
        "correct": false,
        "selected": "Hello",
      },
      "progress-quiz-q3": {
        "attempts": 1,
        "correct": false,
        "selected": "Thank you",
      },
      "progress-quiz-q6": {
        "attempts": 1,
        "correct": true,
        "selected": "猫 (neko)",
      },
    },
    "complete": false,
    "percentComplete": 0.375,
  },
}
[90mstdout[2m | src/components/Editor3/Workbook.stories.jsx[2m > [22m[2mWorkbook With Progress
[22m[39m[StoryProgressPlugin] typeof grade.data: object
[90mstdout[2m | src/components/Editor3/Workbook.stories.jsx[2m > [22m[2mWorkbook With Progress
[22m[39m[StoryProgressPlugin] grade.data keys: [
  "meaning-association-1",
  "quiz-1",
  "custom-q-1",
  "custom-q-2",
]
[90mstdout[2m | src/components/Editor3/Workbook.stories.jsx[2m > [22m[2mWorkbook With Progress
[22m[39m[StoryProgressPlugin] hasExerciseData: false
[90mstdout[2m | src/components/Editor3/Workbook.stories.jsx[2m > [22m[2mWorkbook With Progress
[22m[39m[StoryProgressPlugin] Seeding grade with data: {
  "67": {
    "complete": false,
    "easy": {
      "accuracy": 0.75,
      "attemptedAnswers": {
        "vocab-word-1": [],
        "vocab-word-2": [
          "vocab-word-3",
        ],
        "vocab-word-3": [],
      },
      "attemptsCount": 4,
      "complete": false,
      "percentComplete": 0.6,
      "verifiedAnswers": [
        "vocab-word-1",
        "vocab-word-2",
        "vocab-word-3",
      ],
    },
    "hard": {
      "attemptedAnswers": {
        "vocab-word-1": [
          "vocab-word-1",
        ],
        "vocab-word-2": [
          "vocab-word-3",
          "vocab-word-2",
        ],
      },
      "complete": false,
      "percentComplete": 0.4,
      "verifiedAnswers": [
        "vocab-word-1",
        "vocab-word-2",
      ],
    },
    "learn": {
      "accuracy": 1,
      "attemptedAnswers": {
        "vocab-word-1": [
          "vocab-word-1",
        ],
      },
      "attemptsCount": 1,
      "complete": false,
      "droppedPairs": {
        "vocab-word-1": "vocab-word-1",
      },
      "percentComplete": 0.2,
      "verifiedAnswers": [
        "vocab-word-1",
      ],
    },
    "tabIndex": 0,
  },
  "74": {
    "accuracy": 0.5,
    "attemptedAnswers": {
      "0": "0",
      "1": "1",
    },
    "complete": false,
    "correctAnswers": {
      "0": "0",
    },
  },
  "79": {
    "accuracy": 1,
    "complete": true,
    "feedback": "Correct! "犬" (inu) means "dog" in Japanese.",
    "userResponse": "Dog",
  },
  "82": {
    "accuracy": 1,
    "complete": true,
    "feedback": "Great! "さようなら" (sayounara) is indeed a farewell greeting.",
    "userResponse": "A farewell greeting",
  },
}
[90mstdout[2m | src/components/Editor3/Workbook.stories.jsx[2m > [22m[2mWorkbook With Progress
[22m[39m[StoryProgressPlugin] Updating grade with data: {
  "67": {
    "complete": false,
    "easy": {
      "accuracy": 0.75,
      "attemptedAnswers": {
        "vocab-word-1": [],
        "vocab-word-2": [
          "vocab-word-3",
        ],
        "vocab-word-3": [],
      },
      "attemptsCount": 4,
      "complete": false,
      "percentComplete": 0.6,
      "verifiedAnswers": [
        "vocab-word-1",
        "vocab-word-2",
        "vocab-word-3",
      ],
    },
    "hard": {
      "attemptedAnswers": {
        "vocab-word-1": [
          "vocab-word-1",
        ],
        "vocab-word-2": [
          "vocab-word-3",
          "vocab-word-2",
        ],
      },
      "complete": false,
      "percentComplete": 0.4,
      "verifiedAnswers": [
        "vocab-word-1",
        "vocab-word-2",
      ],
    },
    "learn": {
      "accuracy": 1,
      "attemptedAnswers": {
        "vocab-word-1": [
          "vocab-word-1",
        ],
      },
      "attemptsCount": 1,
      "complete": false,
      "droppedPairs": {
        "vocab-word-1": "vocab-word-1",
      },
      "percentComplete": 0.2,
      "verifiedAnswers": [
        "vocab-word-1",
      ],
    },
    "tabIndex": 0,
  },
  "74": {
    "accuracy": 0.5,
    "attemptedAnswers": {
      "0": "0",
      "1": "1",
    },
    "complete": false,
    "correctAnswers": {
      "0": "0",
    },
  },
  "79": {
    "accuracy": 1,
    "complete": true,
    "feedback": "Correct! "犬" (inu) means "dog" in Japanese.",
    "userResponse": "Dog",
  },
  "82": {
    "accuracy": 1,
    "complete": true,
    "feedback": "Great! "さようなら" (sayounara) is indeed a farewell greeting.",
    "userResponse": "A farewell greeting",
  },
}
[90mstdout[2m | src/components/Editor3/Workbook.stories.jsx[2m > [22m[2mWorkbook With Progress
[22m[39m[Mock Data] Grade updated: grade-progress-1 - notified 1 subscribers
[90mstdout[2m | src/components/Editor3/Workbook.stories.jsx[2m > [22m[2mWorkbook With Progress
[22m[39mEasy.nodeKey 67 type: string
[90mstdout[2m | src/components/Editor3/Workbook.stories.jsx[2m > [22m[2mWorkbook With Progress
[22m[39mEasy.grade: {
  "_version": 2,
  "accuracy": 0.75,
  "complete": false,
  "data": {
    "67": {
      "complete": false,
      "easy": {
        "accuracy": 0.75,
        "attemptedAnswers": {
          "vocab-word-1": [],
          "vocab-word-2": [
            "vocab-word-3",
          ],
          "vocab-word-3": [],
        },
        "attemptsCount": 4,
        "complete": false,
        "percentComplete": 0.6,
        "verifiedAnswers": [
          "vocab-word-1",
          "vocab-word-2",
          "vocab-word-3",
        ],
      },
      "hard": {
        "attemptedAnswers": {
          "vocab-word-1": [
            "vocab-word-1",
          ],
          "vocab-word-2": [
            "vocab-word-3",
            "vocab-word-2",
          ],
        },
        "complete": false,
        "percentComplete": 0.4,
        "verifiedAnswers": [
          "vocab-word-1",
          "vocab-word-2",
        ],
      },
      "learn": {
        "accuracy": 1,
        "attemptedAnswers": {
          "vocab-word-1": [
            "vocab-word-1",
          ],
        },
        "attemptsCount": 1,
        "complete": false,
        "droppedPairs": {
          "vocab-word-1": "vocab-word-1",
        },
        "percentComplete": 0.2,
        "verifiedAnswers": [
          "vocab-word-1",
        ],
      },
      "tabIndex": 0,
    },
    "74": {
      "accuracy": 0.5,
      "attemptedAnswers": {
        "0": "0",
        "1": "1",
      },
      "complete": false,
      "correctAnswers": {
        "0": "0",
      },
    },
    "79": {
      "accuracy": 1,
      "complete": true,
      "feedback": "Correct! "犬" (inu) means "dog" in Japanese.",
      "userResponse": "Dog",
    },
    "82": {
      "accuracy": 1,
      "complete": true,
      "feedback": "Great! "さようなら" (sayounara) is indeed a farewell greeting.",
      "userResponse": "A farewell greeting",
    },
  },
  "id": "grade-progress-1",
  "owner": "student-alice-sub",
  "percentComplete": 0.65,
  "timerStarted": true,
  "unitID": "workbook-with-progress-id",
  "unitVersion": 1,
  "updatedAt": "2026-09-26T10:10:15.851Z",
}
[90mstdout[2m | src/components/Editor3/Workbook.stories.jsx[2m > [22m[2mWorkbook With Progress
[22m[39mEasy.grade.data: {
  "67": {
    "complete": false,
    "easy": {
      "accuracy": 0.75,
      "attemptedAnswers": {
        "vocab-word-1": [],
        "vocab-word-2": [
          "vocab-word-3",
        ],
        "vocab-word-3": [],
      },
      "attemptsCount": 4,
      "complete": false,
      "percentComplete": 0.6,
      "verifiedAnswers": [
        "vocab-word-1",
        "vocab-word-2",
        "vocab-word-3",
      ],
    },
    "hard": {
      "attemptedAnswers": {
        "vocab-word-1": [
          "vocab-word-1",
        ],
        "vocab-word-2": [
          "vocab-word-3",
          "vocab-word-2",
        ],
      },
      "complete": false,
      "percentComplete": 0.4,
      "verifiedAnswers": [
        "vocab-word-1",
        "vocab-word-2",
      ],
    },
    "learn": {
      "accuracy": 1,
      "attemptedAnswers": {
        "vocab-word-1": [
          "vocab-word-1",
        ],
      },
      "attemptsCount": 1,
      "complete": false,
      "droppedPairs": {
        "vocab-word-1": "vocab-word-1",
      },
      "percentComplete": 0.2,
      "verifiedAnswers": [
        "vocab-word-1",
      ],
    },
    "tabIndex": 0,
  },
  "74": {
    "accuracy": 0.5,
    "attemptedAnswers": {
      "0": "0",
      "1": "1",
    },
    "complete": false,
    "correctAnswers": {
      "0": "0",
    },
  },
  "79": {
    "accuracy": 1,
    "complete": true,
    "feedback": "Correct! "犬" (inu) means "dog" in Japanese.",
    "userResponse": "Dog",
  },
  "82": {
    "accuracy": 1,
    "complete": true,
    "feedback": "Great! "さようなら" (sayounara) is indeed a farewell greeting.",
    "userResponse": "A farewell greeting",
  },
}
[90mstdout[2m | src/components/Editor3/Workbook.stories.jsx[2m > [22m[2mWorkbook With Progress
[22m[39mEasy.grade.data === grade? false
[90mstdout[2m | src/components/Editor3/Workbook.stories.jsx[2m > [22m[2mWorkbook With Progress
[22m[39mEasy.grade.data keys: [
  "67",
  "74",
  "79",
  "82",
]
[90mstdout[2m | src/components/Editor3/Workbook.stories.jsx[2m > [22m[2mWorkbook With Progress
[22m[39mEasy.grade.data[nodeKey]: {
  "complete": false,
  "easy": {
    "accuracy": 0.75,
    "attemptedAnswers": {
      "vocab-word-1": [],
      "vocab-word-2": [
        "vocab-word-3",
      ],
      "vocab-word-3": [],
    },
    "attemptsCount": 4,
    "complete": false,
    "percentComplete": 0.6,
    "verifiedAnswers": [
      "vocab-word-1",
      "vocab-word-2",
      "vocab-word-3",
    ],
  },
  "hard": {
    "attemptedAnswers": {
      "vocab-word-1": [
        "vocab-word-1",
      ],
      "vocab-word-2": [
        "vocab-word-3",
        "vocab-word-2",
      ],
    },
    "complete": false,
    "percentComplete": 0.4,
    "verifiedAnswers": [
      "vocab-word-1",
      "vocab-word-2",
    ],
  },
  "learn": {
    "accuracy": 1,
    "attemptedAnswers": {
      "vocab-word-1": [
        "vocab-word-1",
      ],
    },
    "attemptsCount": 1,
    "complete": false,
    "droppedPairs": {
      "vocab-word-1": "vocab-word-1",
    },
    "percentComplete": 0.2,
    "verifiedAnswers": [
      "vocab-word-1",
    ],
  },
  "tabIndex": 0,
}
[90mstdout[2m | src/components/Editor3/Workbook.stories.jsx[2m > [22m[2mWorkbook With Progress
[22m[39mEasy.inProgress {
  "complete": false,
  "easy": {
    "accuracy": 0.75,
    "attemptedAnswers": {
      "vocab-word-1": [],
      "vocab-word-2": [
        "vocab-word-3",
      ],
      "vocab-word-3": [],
    },
    "attemptsCount": 4,
    "complete": false,
    "percentComplete": 0.6,
    "verifiedAnswers": [
      "vocab-word-1",
      "vocab-word-2",
      "vocab-word-3",
    ],
  },
  "hard": {
    "attemptedAnswers": {
      "vocab-word-1": [
        "vocab-word-1",
      ],
      "vocab-word-2": [
        "vocab-word-3",
        "vocab-word-2",
      ],
    },
    "complete": false,
    "percentComplete": 0.4,
    "verifiedAnswers": [
      "vocab-word-1",
      "vocab-word-2",
    ],
  },
  "learn": {
    "accuracy": 1,
    "attemptedAnswers": {
      "vocab-word-1": [
        "vocab-word-1",
      ],
    },
    "attemptsCount": 1,
    "complete": false,
    "droppedPairs": {
      "vocab-word-1": "vocab-word-1",
    },
    "percentComplete": 0.2,
    "verifiedAnswers": [
      "vocab-word-1",
    ],
  },
  "tabIndex": 0,
}
[90mstdout[2m | src/components/Editor3/Workbook.stories.jsx[2m > [22m[2mWorkbook With Progress
[22m[39mHard.attemptedAnswers {}
[90mstdout[2m | src/components/Editor3/Workbook.stories.jsx[2m > [22m[2mWorkbook With Progress
[22m[39mQuestionBlockRo.grade {
  "_version": 2,
  "accuracy": 0.75,
  "complete": false,
  "data": {
    "67": {
      "complete": false,
      "easy": {
        "accuracy": 0.75,
        "attemptedAnswers": {
          "vocab-word-1": [],
          "vocab-word-2": [
            "vocab-word-3",
          ],
          "vocab-word-3": [],
        },
        "attemptsCount": 4,
        "complete": false,
        "percentComplete": 0.6,
        "verifiedAnswers": [
          "vocab-word-1",
          "vocab-word-2",
          "vocab-word-3",
        ],
      },
      "hard": {
        "attemptedAnswers": {
          "vocab-word-1": [
            "vocab-word-1",
          ],
          "vocab-word-2": [
            "vocab-word-3",
            "vocab-word-2",
          ],
        },
        "complete": false,
        "percentComplete": 0.4,
        "verifiedAnswers": [
          "vocab-word-1",
          "vocab-word-2",
        ],
      },
      "learn": {
        "accuracy": 1,
        "attemptedAnswers": {
          "vocab-word-1": [
            "vocab-word-1",
          ],
        },
        "attemptsCount": 1,
        "complete": false,
        "droppedPairs": {
          "vocab-word-1": "vocab-word-1",
        },
        "percentComplete": 0.2,
        "verifiedAnswers": [
          "vocab-word-1",
        ],
      },
      "tabIndex": 0,
    },
    "74": {
      "accuracy": 0.5,
      "attemptedAnswers": {
        "0": "0",
        "1": "1",
      },
      "complete": false,
      "correctAnswers": {
        "0": "0",
      },
    },
    "79": {
      "accuracy": 1,
      "complete": true,
      "feedback": "Correct! "犬" (inu) means "dog" in Japanese.",
      "userResponse": "Dog",
    },
    "82": {
      "accuracy": 1,
      "complete": true,
      "feedback": "Great! "さようなら" (sayounara) is indeed a farewell greeting.",
      "userResponse": "A farewell greeting",
    },
  },
  "id": "grade-progress-1",
  "owner": "student-alice-sub",
  "percentComplete": 0.65,
  "timerStarted": true,
  "unitID": "workbook-with-progress-id",
  "unitVersion": 1,
  "updatedAt": "2026-09-26T10:10:15.851Z",
}
[90mstdout[2m | src/components/Editor3/Workbook.stories.jsx[2m > [22m[2mWorkbook With Progress
[22m[39m......!q {
  "answer": "Hello",
  "correct": true,
  "id": "progress-quiz-q1",
}
[90mstdout[2m | src/components/Editor3/Workbook.stories.jsx[2m > [22m[2mWorkbook With Progress
[22m[39m......!q {
  "answer": "Goodbye",
  "correct": false,
  "id": "progress-quiz-q2",
}
[90mstdout[2m | src/components/Editor3/Workbook.stories.jsx[2m > [22m[2mWorkbook With Progress
[22m[39m......!q {
  "answer": "Thank you",
  "correct": false,
  "id": "progress-quiz-q3",
}
[90mstdout[2m | src/components/Editor3/Workbook.stories.jsx[2m > [22m[2mWorkbook With Progress
[22m[39m......!q {
  "answer": "Please",
  "correct": false,
  "id": "progress-quiz-q4",
}
[90mstdout[2m | src/components/Editor3/Workbook.stories.jsx[2m > [22m[2mWorkbook With Progress
[22m[39m......!q {
  "answer": "犬 (inu)",
  "correct": false,
  "id": "progress-quiz-q5",
}
[90mstdout[2m | src/components/Editor3/Workbook.stories.jsx[2m > [22m[2mWorkbook With Progress
[22m[39m......!q {
  "answer": "猫 (neko)",
  "correct": true,
  "id": "progress-quiz-q6",
}
[90mstdout[2m | src/components/Editor3/Workbook.stories.jsx[2m > [22m[2mWorkbook With Progress
[22m[39m......!q {
  "answer": "本 (hon)",
  "correct": false,
  "id": "progress-quiz-q7",
}
[90mstdout[2m | src/components/Editor3/Workbook.stories.jsx[2m > [22m[2mWorkbook With Progress
[22m[39m......!q {
  "answer": "水 (mizu)",
  "correct": false,
  "id": "progress-quiz-q8",
}
[90mstdout[2m | src/components/Editor3/Workbook.stories.jsx[2m > [22m[2mWorkbook With Progress
[22m[39m......!q {
  "answer": "さようなら",
  "correct": false,
  "id": "progress-quiz-q9",
}
[90mstdout[2m | src/components/Editor3/Workbook.stories.jsx[2m > [22m[2mWorkbook With Progress
[22m[39m......!q {
  "answer": "こんにちは",
  "correct": false,
  "id": "progress-quiz-q10",
}
[90mstdout[2m | src/components/Editor3/Workbook.stories.jsx[2m > [22m[2mWorkbook With Progress
[22m[39m......!q {
  "answer": "ありがとう",
  "correct": true,
  "id": "progress-quiz-q11",
}
[90mstdout[2m | src/components/Editor3/Workbook.stories.jsx[2m > [22m[2mWorkbook With Progress
[22m[39m......!q {
  "answer": "すみません",
  "correct": false,
  "id": "progress-quiz-q12",
}
[90mstdout[2m | src/components/Editor3/Workbook.stories.jsx[2m > [22m[2mWorkbook With Progress
[22m[39m......!q {
  "answer": "いぬ",
  "correct": true,
  "id": "progress-quiz-q13",
}
[90mstdout[2m | src/components/Editor3/Workbook.stories.jsx[2m > [22m[2mWorkbook With Progress
[22m[39m......!q {
  "answer": "ねこ",
  "correct": false,
  "id": "progress-quiz-q14",
}
[90mstdout[2m | src/components/Editor3/Workbook.stories.jsx[2m > [22m[2mWorkbook With Progress
[22m[39m......!q {
  "answer": "ほん",
  "correct": false,
  "id": "progress-quiz-q15",
}
[90mstdout[2m | src/components/Editor3/Workbook.stories.jsx[2m > [22m[2mWorkbook With Progress
[22m[39m......!q {
  "answer": "みず",
  "correct": false,
  "id": "progress-quiz-q16",
}
[90mstdout[2m | src/components/Editor3/Workbook.stories.jsx[2m > [22m[2mWorkbook With Progress
[22m[39mQuestionBlock.nodeKey 74 type: string
[90mstdout[2m | src/components/Editor3/Workbook.stories.jsx[2m > [22m[2mWorkbook With Progress
[22m[39mQuestionBlock.questionContent [
  {
    "answer": "Hello",
    "correct": true,
    "id": "progress-quiz-q1",
  },
  {
    "answer": "Goodbye",
    "correct": false,
    "id": "progress-quiz-q2",
  },
  {
    "answer": "Thank you",
    "correct": false,
    "id": "progress-quiz-q3",
  },
  {
    "answer": "Please",
    "correct": false,
    "id": "progress-quiz-q4",
  },
  {
    "answer": "犬 (inu)",
    "correct": false,
    "id": "progress-quiz-q5",
  },
  {
    "answer": "猫 (neko)",
    "correct": true,
    "id": "progress-quiz-q6",
  },
  {
    "answer": "本 (hon)",
    "correct": false,
    "id": "progress-quiz-q7",
  },
  {
    "answer": "水 (mizu)",
    "correct": false,
    "id": "progress-quiz-q8",
  },
  {
    "answer": "さようなら",
    "correct": false,
    "id": "progress-quiz-q9",
  },
  {
    "answer": "こんにちは",
    "correct": false,
    "id": "progress-quiz-q10",
  },
  {
    "answer": "ありがとう",
    "correct": true,
    "id": "progress-quiz-q11",
  },
  {
    "answer": "すみません",
    "correct": false,
    "id": "progress-quiz-q12",
  },
  {
    "answer": "いぬ",
    "correct": true,
    "id": "progress-quiz-q13",
  },
  {
    "answer": "ねこ",
    "correct": false,
    "id": "progress-quiz-q14",
  },
  {
    "answer": "ほん",
    "correct": false,
    "id": "progress-quiz-q15",
  },
  {
    "answer": "みず",
    "correct": false,
    "id": "progress-quiz-q16",
  },
]
[90mstdout[2m | src/components/Editor3/Workbook.stories.jsx[2m > [22m[2mWorkbook With Progress
[22m[39mQuestionBlock.grade.data keys: [
  "67",
  "74",
  "79",
  "82",
]
[90mstdout[2m | src/components/Editor3/Workbook.stories.jsx[2m > [22m[2mWorkbook With Progress
[22m[39mQuestionBlock.grade.data[nodeKey]: {
  "accuracy": 0.5,
  "attemptedAnswers": {
    "0": "0",
    "1": "1",
  },
  "complete": false,
  "correctAnswers": {
    "0": "0",
  },
}
[90mstdout[2m | src/components/Editor3/Workbook.stories.jsx[2m > [22m[2mWorkbook With Progress
[22m[39mQuestionBlockRo.inProgress {
  "accuracy": 0.5,
  "attemptedAnswers": {
    "0": "0",
    "1": "1",
  },
  "complete": false,
  "correctAnswers": {
    "0": "0",
  },
}
[90mstdout[2m | src/components/Editor3/Workbook.stories.jsx[2m > [22m[2mWorkbook With Progress
[22m[39mCustomAnswerComponent.questionID question-1
[90mstdout[2m | src/components/Editor3/Workbook.stories.jsx[2m > [22m[2mWorkbook With Progress
[22m[39mCustomAnswerComponent.questionBank {}
[90mstdout[2m | src/components/Editor3/Workbook.stories.jsx[2m > [22m[2mWorkbook With Progress
[22m[39mCustomAnswerComponent.question {}
[90mstdout[2m | src/components/Editor3/Workbook.stories.jsx[2m > [22m[2mWorkbook With Progress
[22m[39mCustomAnswerComponent.question {}
[90mstdout[2m | src/components/Editor3/Workbook.stories.jsx[2m > [22m[2mWorkbook With Progress
[22m[39mCustomAnswerComponent.prompt undefined
[90mstdout[2m | src/components/Editor3/Workbook.stories.jsx[2m > [22m[2mWorkbook With Progress
[22m[39mCustomAnswerComponent.feedback[questionID] undefined
[90mstdout[2m | src/components/Editor3/Workbook.stories.jsx[2m > [22m[2mWorkbook With Progress
[22m[39mCustomAnswerComponent.isCompleted undefined
[90mstdout[2m | src/components/Editor3/Workbook.stories.jsx[2m > [22m[2mWorkbook With Progress
[22m[39mCustomAnswerComponent.currentPromptMethod text
[90mstdout[2m | src/components/Editor3/Workbook.stories.jsx[2m > [22m[2mWorkbook With Progress
[22m[39mCustomAnswerComponent.displayPrompt undefined
[90mstdout[2m | src/components/Editor3/Workbook.stories.jsx[2m > [22m[2mWorkbook With Progress
[22m[39mCustomAnswerComponent.questionID question-2
[90mstdout[2m | src/components/Editor3/Workbook.stories.jsx[2m > [22m[2mWorkbook With Progress
[22m[39mCustomAnswerComponent.questionBank {}
[90mstdout[2m | src/components/Editor3/Workbook.stories.jsx[2m > [22m[2mWorkbook With Progress
[22m[39mCustomAnswerComponent.question {}
[90mstdout[2m | src/components/Editor3/Workbook.stories.jsx[2m > [22m[2mWorkbook With Progress
[22m[39mCustomAnswerComponent.question {}
[90mstdout[2m | src/components/Editor3/Workbook.stories.jsx[2m > [22m[2mWorkbook With Progress
[22m[39mCustomAnswerComponent.prompt undefined
[90mstdout[2m | src/components/Editor3/Workbook.stories.jsx[2m > [22m[2mWorkbook With Progress
[22m[39mCustomAnswerComponent.feedback[questionID] undefined
[90mstdout[2m | src/components/Editor3/Workbook.stories.jsx[2m > [22m[2mWorkbook With Progress
[22m[39mCustomAnswerComponent.isCompleted undefined
[90mstdout[2m | src/components/Editor3/Workbook.stories.jsx[2m > [22m[2mWorkbook With Progress
[22m[39mCustomAnswerComponent.currentPromptMethod text
[90mstdout[2m | src/components/Editor3/Workbook.stories.jsx[2m > [22m[2mWorkbook With Progress
[22m[39mCustomAnswerComponent.displayPrompt undefined
[90mstdout[2m | src/components/Editor3/Workbook.stories.jsx[2m > [22m[2mWorkbook With Progress
[22m[39mEasy.nodeKey 67 type: string
[90mstdout[2m | src/components/Editor3/Workbook.stories.jsx[2m > [22m[2mWorkbook With Progress
[22m[39mEasy.grade: {
  "_version": 2,
  "accuracy": 0.75,
  "complete": false,
  "data": {
    "67": {
      "complete": false,
      "easy": {
        "accuracy": 0.75,
        "attemptedAnswers": {
          "vocab-word-1": [],
          "vocab-word-2": [
            "vocab-word-3",
          ],
          "vocab-word-3": [],
        },
        "attemptsCount": 4,
        "complete": false,
        "percentComplete": 0.6,
        "verifiedAnswers": [
          "vocab-word-1",
          "vocab-word-2",
          "vocab-word-3",
        ],
      },
      "hard": {
        "attemptedAnswers": {
          "vocab-word-1": [
            "vocab-word-1",
          ],
          "vocab-word-2": [
            "vocab-word-3",
            "vocab-word-2",
          ],
        },
        "complete": false,
        "percentComplete": 0.4,
        "verifiedAnswers": [
          "vocab-word-1",
          "vocab-word-2",
        ],
      },
      "learn": {
        "accuracy": 1,
        "attemptedAnswers": {
          "vocab-word-1": [
            "vocab-word-1",
          ],
        },
        "attemptsCount": 1,
        "complete": false,
        "droppedPairs": {
          "vocab-word-1": "vocab-word-1",
        },
        "percentComplete": 0.2,
        "verifiedAnswers": [
          "vocab-word-1",
        ],
      },
      "tabIndex": 0,
    },
    "74": {
      "accuracy": 0.5,
      "attemptedAnswers": {
        "0": "0",
        "1": "1",
      },
      "complete": false,
      "correctAnswers": {
        "0": "0",
      },
    },
    "79": {
      "accuracy": 1,
      "complete": true,
      "feedback": "Correct! "犬" (inu) means "dog" in Japanese.",
      "userResponse": "Dog",
    },
    "82": {
      "accuracy": 1,
      "complete": true,
      "feedback": "Great! "さようなら" (sayounara) is indeed a farewell greeting.",
      "userResponse": "A farewell greeting",
    },
  },
  "id": "grade-progress-1",
  "owner": "student-alice-sub",
  "percentComplete": 0.65,
  "timerStarted": true,
  "unitID": "workbook-with-progress-id",
  "unitVersion": 1,
  "updatedAt": "2026-09-26T10:10:15.851Z",
}
[90mstdout[2m | src/components/Editor3/Workbook.stories.jsx[2m > [22m[2mWorkbook With Progress
[22m[39mEasy.grade.data: {
  "67": {
    "complete": false,
    "easy": {
      "accuracy": 0.75,
      "attemptedAnswers": {
        "vocab-word-1": [],
        "vocab-word-2": [
          "vocab-word-3",
        ],
        "vocab-word-3": [],
      },
      "attemptsCount": 4,
      "complete": false,
      "percentComplete": 0.6,
      "verifiedAnswers": [
        "vocab-word-1",
        "vocab-word-2",
        "vocab-word-3",
      ],
    },
    "hard": {
      "attemptedAnswers": {
        "vocab-word-1": [
          "vocab-word-1",
        ],
        "vocab-word-2": [
          "vocab-word-3",
          "vocab-word-2",
        ],
      },
      "complete": false,
      "percentComplete": 0.4,
      "verifiedAnswers": [
        "vocab-word-1",
        "vocab-word-2",
      ],
    },
    "learn": {
      "accuracy": 1,
      "attemptedAnswers": {
        "vocab-word-1": [
          "vocab-word-1",
        ],
      },
      "attemptsCount": 1,
      "complete": false,
      "droppedPairs": {
        "vocab-word-1": "vocab-word-1",
      },
      "percentComplete": 0.2,
      "verifiedAnswers": [
        "vocab-word-1",
      ],
    },
    "tabIndex": 0,
  },
  "74": {
    "accuracy": 0.5,
    "attemptedAnswers": {
      "0": "0",
      "1": "1",
    },
    "complete": false,
    "correctAnswers": {
      "0": "0",
    },
  },
  "79": {
    "accuracy": 1,
    "complete": true,
    "feedback": "Correct! "犬" (inu) means "dog" in Japanese.",
    "userResponse": "Dog",
  },
  "82": {
    "accuracy": 1,
    "complete": true,
    "feedback": "Great! "さようなら" (sayounara) is indeed a farewell greeting.",
    "userResponse": "A farewell greeting",
  },
}
[90mstdout[2m | src/components/Editor3/Workbook.stories.jsx[2m > [22m[2mWorkbook With Progress
[22m[39mEasy.grade.data === grade? false
[90mstdout[2m | src/components/Editor3/Workbook.stories.jsx[2m > [22m[2mWorkbook With Progress
[22m[39mEasy.grade.data keys: [
  "67",
  "74",
  "79",
  "82",
]
[90mstdout[2m | src/components/Editor3/Workbook.stories.jsx[2m > [22m[2mWorkbook With Progress
[22m[39mEasy.grade.data[nodeKey]: {
  "complete": false,
  "easy": {
    "accuracy": 0.75,
    "attemptedAnswers": {
      "vocab-word-1": [],
      "vocab-word-2": [
        "vocab-word-3",
      ],
      "vocab-word-3": [],
    },
    "attemptsCount": 4,
    "complete": false,
    "percentComplete": 0.6,
    "verifiedAnswers": [
      "vocab-word-1",
      "vocab-word-2",
      "vocab-word-3",
    ],
  },
  "hard": {
    "attemptedAnswers": {
      "vocab-word-1": [
        "vocab-word-1",
      ],
      "vocab-word-2": [
        "vocab-word-3",
        "vocab-word-2",
      ],
    },
    "complete": false,
    "percentComplete": 0.4,
    "verifiedAnswers": [
      "vocab-word-1",
      "vocab-word-2",
    ],
  },
  "learn": {
    "accuracy": 1,
    "attemptedAnswers": {
      "vocab-word-1": [
        "vocab-word-1",
      ],
    },
    "attemptsCount": 1,
    "complete": false,
    "droppedPairs": {
      "vocab-word-1": "vocab-word-1",
    },
    "percentComplete": 0.2,
    "verifiedAnswers": [
      "vocab-word-1",
    ],
  },
  "tabIndex": 0,
}
[90mstdout[2m | src/components/Editor3/Workbook.stories.jsx[2m > [22m[2mWorkbook With Progress
[22m[39mEasy.inProgress {
  "complete": false,
  "easy": {
    "accuracy": 0.75,
    "attemptedAnswers": {
      "vocab-word-1": [],
      "vocab-word-2": [
        "vocab-word-3",
      ],
      "vocab-word-3": [],
    },
    "attemptsCount": 4,
    "complete": false,
    "percentComplete": 0.6,
    "verifiedAnswers": [
      "vocab-word-1",
      "vocab-word-2",
      "vocab-word-3",
    ],
  },
  "hard": {
    "attemptedAnswers": {
      "vocab-word-1": [
        "vocab-word-1",
      ],
      "vocab-word-2": [
        "vocab-word-3",
        "vocab-word-2",
      ],
    },
    "complete": false,
    "percentComplete": 0.4,
    "verifiedAnswers": [
      "vocab-word-1",
      "vocab-word-2",
    ],
  },
  "learn": {
    "accuracy": 1,
    "attemptedAnswers": {
      "vocab-word-1": [
        "vocab-word-1",
      ],
    },
    "attemptsCount": 1,
    "complete": false,
    "droppedPairs": {
      "vocab-word-1": "vocab-word-1",
    },
    "percentComplete": 0.2,
    "verifiedAnswers": [
      "vocab-word-1",
    ],
  },
  "tabIndex": 0,
}
[90mstdout[2m | src/components/Editor3/Workbook.stories.jsx[2m > [22m[2mWorkbook With Progress
[22m[39mHard.attemptedAnswers {
  "vocab-word-1": [
    "vocab-word-1",
  ],
  "vocab-word-2": [
    "vocab-word-3",
    "vocab-word-2",
  ],
}
[90mstdout[2m | src/components/Editor3/Workbook.stories.jsx[2m > [22m[2mWorkbook With Progress
[22m[39mCustomAnswerComponent.questionID question-1
[90mstdout[2m | src/components/Editor3/Workbook.stories.jsx[2m > [22m[2mWorkbook With Progress
[22m[39mCustomAnswerComponent.questionBank {}
[90mstdout[2m | src/components/Editor3/Workbook.stories.jsx[2m > [22m[2mWorkbook With Progress
[22m[39mCustomAnswerComponent.question {}
[90mstdout[2m | src/components/Editor3/Workbook.stories.jsx[2m > [22m[2mWorkbook With Progress
[22m[39mfeedback[questionID] {
  "answer": true,
  "reason": "Correct! "犬" (inu) means "dog" in Japanese.",
  "userResponse": "Dog",
}
[90mstdout[2m | src/components/Editor3/Workbook.stories.jsx[2m > [22m[2mWorkbook With Progress
[22m[39mCustomAnswerComponent.question {}
[90mstdout[2m | src/components/Editor3/Workbook.stories.jsx[2m > [22m[2mWorkbook With Progress
[22m[39mCustomAnswerComponent.prompt undefined
[90mstdout[2m | src/components/Editor3/Workbook.stories.jsx[2m > [22m[2mWorkbook With Progress
[22m[39mCustomAnswerComponent.feedback[questionID] {
  "answer": true,
  "reason": "Correct! "犬" (inu) means "dog" in Japanese.",
  "userResponse": "Dog",
}
[90mstdout[2m | src/components/Editor3/Workbook.stories.jsx[2m > [22m[2mWorkbook With Progress
[22m[39mCustomAnswerComponent.isCompleted true
[90mstdout[2m | src/components/Editor3/Workbook.stories.jsx[2m > [22m[2mWorkbook With Progress
[22m[39mCustomAnswerComponent.currentPromptMethod text
[90mstdout[2m | src/components/Editor3/Workbook.stories.jsx[2m > [22m[2mWorkbook With Progress
[22m[39mCustomAnswerComponent.displayPrompt null
[90mstdout[2m | src/components/Editor3/Workbook.stories.jsx[2m > [22m[2mWorkbook With Progress
[22m[39mCustomAnswerComponent.questionID question-2
[90mstdout[2m | src/components/Editor3/Workbook.stories.jsx[2m > [22m[2mWorkbook With Progress
[22m[39mCustomAnswerComponent.questionBank {}
[90mstdout[2m | src/components/Editor3/Workbook.stories.jsx[2m > [22m[2mWorkbook With Progress
[22m[39mCustomAnswerComponent.question {}
[90mstdout[2m | src/components/Editor3/Workbook.stories.jsx[2m > [22m[2mWorkbook With Progress
[22m[39mfeedback[questionID] {
  "answer": true,
  "reason": "Great! "さようなら" (sayounara) is indeed a farewell greeting.",
  "userResponse": "A farewell greeting",
}
[90mstdout[2m | src/components/Editor3/Workbook.stories.jsx[2m > [22m[2mWorkbook With Progress
[22m[39mCustomAnswerComponent.question {}
[90mstdout[2m | src/components/Editor3/Workbook.stories.jsx[2m > [22m[2mWorkbook With Progress
[22m[39mCustomAnswerComponent.prompt undefined
[90mstdout[2m | src/components/Editor3/Workbook.stories.jsx[2m > [22m[2mWorkbook With Progress
[22m[39mCustomAnswerComponent.feedback[questionID] {
  "answer": true,
  "reason": "Great! "さようなら" (sayounara) is indeed a farewell greeting.",
  "userResponse": "A farewell greeting",
}
[90mstdout[2m | src/components/Editor3/Workbook.stories.jsx[2m > [22m[2mWorkbook With Progress
[22m[39mCustomAnswerComponent.isCompleted true
[90mstdout[2m | src/components/Editor3/Workbook.stories.jsx[2m > [22m[2mWorkbook With Progress
[22m[39mCustomAnswerComponent.currentPromptMethod text
[90mstdout[2m | src/components/Editor3/Workbook.stories.jsx[2m > [22m[2mWorkbook With Progress
[22m[39mCustomAnswerComponent.displayPrompt null
[90mstdout[2m | src/components/Editor3/Workbook.stories.jsx[2m > [22m[2mWorkbook With Progress
[22m[39mEasy.nodeKey 67 type: string
[90mstdout[2m | src/components/Editor3/Workbook.stories.jsx[2m > [22m[2mWorkbook With Progress
[22m[39mEasy.grade: {
  "_version": 2,
  "accuracy": 0.75,
  "complete": false,
  "data": {
    "67": {
      "complete": false,
      "easy": {
        "accuracy": 0.75,
        "attemptedAnswers": {
          "vocab-word-1": [],
          "vocab-word-2": [
            "vocab-word-3",
          ],
          "vocab-word-3": [],
        },
        "attemptsCount": 4,
        "complete": false,
        "percentComplete": 0.6,
        "verifiedAnswers": [
          "vocab-word-1",
          "vocab-word-2",
          "vocab-word-3",
        ],
      },
      "hard": {
        "attemptedAnswers": {
          "vocab-word-1": [
            "vocab-word-1",
          ],
          "vocab-word-2": [
            "vocab-word-3",
            "vocab-word-2",
          ],
        },
        "complete": false,
        "percentComplete": 0.4,
        "verifiedAnswers": [
          "vocab-word-1",
          "vocab-word-2",
        ],
      },
      "learn": {
        "accuracy": 1,
        "attemptedAnswers": {
          "vocab-word-1": [
            "vocab-word-1",
          ],
        },
        "attemptsCount": 1,
        "complete": false,
        "droppedPairs": {
          "vocab-word-1": "vocab-word-1",
        },
        "percentComplete": 0.2,
        "verifiedAnswers": [
          "vocab-word-1",
        ],
      },
      "tabIndex": 0,
    },
    "74": {
      "accuracy": 0.5,
      "attemptedAnswers": {
        "0": "0",
        "1": "1",
      },
      "complete": false,
      "correctAnswers": {
        "0": "0",
      },
    },
    "79": {
      "accuracy": 1,
      "complete": true,
      "feedback": "Correct! "犬" (inu) means "dog" in Japanese.",
      "userResponse": "Dog",
    },
    "82": {
      "accuracy": 1,
      "complete": true,
      "feedback": "Great! "さようなら" (sayounara) is indeed a farewell greeting.",
      "userResponse": "A farewell greeting",
    },
  },
  "id": "grade-progress-1",
  "owner": "student-alice-sub",
  "percentComplete": 0.65,
  "timerStarted": true,
  "unitID": "workbook-with-progress-id",
  "unitVersion": 1,
  "updatedAt": "2026-09-26T10:10:15.851Z",
}
[90mstdout[2m | src/components/Editor3/Workbook.stories.jsx[2m > [22m[2mWorkbook With Progress
[22m[39mEasy.grade.data: {
  "67": {
    "complete": false,
    "easy": {
      "accuracy": 0.75,
      "attemptedAnswers": {
        "vocab-word-1": [],
        "vocab-word-2": [
          "vocab-word-3",
        ],
        "vocab-word-3": [],
      },
      "attemptsCount": 4,
      "complete": false,
      "percentComplete": 0.6,
      "verifiedAnswers": [
        "vocab-word-1",
        "vocab-word-2",
        "vocab-word-3",
      ],
    },
    "hard": {
      "attemptedAnswers": {
        "vocab-word-1": [
          "vocab-word-1",
        ],
        "vocab-word-2": [
          "vocab-word-3",
          "vocab-word-2",
        ],
      },
      "complete": false,
      "percentComplete": 0.4,
      "verifiedAnswers": [
        "vocab-word-1",
        "vocab-word-2",
      ],
    },
    "learn": {
      "accuracy": 1,
      "attemptedAnswers": {
        "vocab-word-1": [
          "vocab-word-1",
        ],
      },
      "attemptsCount": 1,
      "complete": false,
      "droppedPairs": {
        "vocab-word-1": "vocab-word-1",
      },
      "percentComplete": 0.2,
      "verifiedAnswers": [
        "vocab-word-1",
      ],
    },
    "tabIndex": 0,
  },
  "74": {
    "accuracy": 0.5,
    "attemptedAnswers": {
      "0": "0",
      "1": "1",
    },
    "complete": false,
    "correctAnswers": {
      "0": "0",
    },
  },
  "79": {
    "accuracy": 1,
    "complete": true,
    "feedback": "Correct! "犬" (inu) means "dog" in Japanese.",
    "userResponse": "Dog",
  },
  "82": {
    "accuracy": 1,
    "complete": true,
    "feedback": "Great! "さようなら" (sayounara) is indeed a farewell greeting.",
    "userResponse": "A farewell greeting",
  },
}
[90mstdout[2m | src/components/Editor3/Workbook.stories.jsx[2m > [22m[2mWorkbook With Progress
[22m[39mEasy.grade.data === grade? false
[90mstdout[2m | src/components/Editor3/Workbook.stories.jsx[2m > [22m[2mWorkbook With Progress
[22m[39mEasy.grade.data keys: [
  "67",
  "74",
  "79",
  "82",
]
[90mstdout[2m | src/components/Editor3/Workbook.stories.jsx[2m > [22m[2mWorkbook With Progress
[22m[39mEasy.grade.data[nodeKey]: {
  "complete": false,
  "easy": {
    "accuracy": 0.75,
    "attemptedAnswers": {
      "vocab-word-1": [],
      "vocab-word-2": [
        "vocab-word-3",
      ],
      "vocab-word-3": [],
    },
    "attemptsCount": 4,
    "complete": false,
    "percentComplete": 0.6,
    "verifiedAnswers": [
      "vocab-word-1",
      "vocab-word-2",
      "vocab-word-3",
    ],
  },
  "hard": {
    "attemptedAnswers": {
      "vocab-word-1": [
        "vocab-word-1",
      ],
      "vocab-word-2": [
        "vocab-word-3",
        "vocab-word-2",
      ],
    },
    "complete": false,
    "percentComplete": 0.4,
    "verifiedAnswers": [
      "vocab-word-1",
      "vocab-word-2",
    ],
  },
  "learn": {
    "accuracy": 1,
    "attemptedAnswers": {
      "vocab-word-1": [
        "vocab-word-1",
      ],
    },
    "attemptsCount": 1,
    "complete": false,
    "droppedPairs": {
      "vocab-word-1": "vocab-word-1",
    },
    "percentComplete": 0.2,
    "verifiedAnswers": [
      "vocab-word-1",
    ],
  },
  "tabIndex": 0,
}
[90mstdout[2m | src/components/Editor3/Workbook.stories.jsx[2m > [22m[2mWorkbook With Progress
[22m[39mEasy.inProgress {
  "complete": false,
  "easy": {
    "accuracy": 0.75,
    "attemptedAnswers": {
      "vocab-word-1": [],
      "vocab-word-2": [
        "vocab-word-3",
      ],
      "vocab-word-3": [],
    },
    "attemptsCount": 4,
    "complete": false,
    "percentComplete": 0.6,
    "verifiedAnswers": [
      "vocab-word-1",
      "vocab-word-2",
      "vocab-word-3",
    ],
  },
  "hard": {
    "attemptedAnswers": {
      "vocab-word-1": [
        "vocab-word-1",
      ],
      "vocab-word-2": [
        "vocab-word-3",
        "vocab-word-2",
      ],
    },
    "complete": false,
    "percentComplete": 0.4,
    "verifiedAnswers": [
      "vocab-word-1",
      "vocab-word-2",
    ],
  },
  "learn": {
    "accuracy": 1,
    "attemptedAnswers": {
      "vocab-word-1": [
        "vocab-word-1",
      ],
    },
    "attemptsCount": 1,
    "complete": false,
    "droppedPairs": {
      "vocab-word-1": "vocab-word-1",
    },
    "percentComplete": 0.2,
    "verifiedAnswers": [
      "vocab-word-1",
    ],
  },
  "tabIndex": 0,
}
[90mstdout[2m | src/components/Editor3/Workbook.stories.jsx[2m > [22m[2mWorkbook With Progress
[22m[39mHard.attemptedAnswers {
  "vocab-word-1": [
    "vocab-word-1",
  ],
  "vocab-word-2": [
    "vocab-word-3",
    "vocab-word-2",
  ],
}
[90mstdout[2m | src/components/Editor3/Workbook.stories.jsx[2m > [22m[2mWorkbook With Progress
[22m[39mQuestionBlockRo.grade {
  "_version": 2,
  "accuracy": 0.75,
  "complete": false,
  "data": {
    "67": {
      "complete": false,
      "easy": {
        "accuracy": 0.75,
        "attemptedAnswers": {
          "vocab-word-1": [],
          "vocab-word-2": [
            "vocab-word-3",
          ],
          "vocab-word-3": [],
        },
        "attemptsCount": 4,
        "complete": false,
        "percentComplete": 0.6,
        "verifiedAnswers": [
          "vocab-word-1",
          "vocab-word-2",
          "vocab-word-3",
        ],
      },
      "hard": {
        "attemptedAnswers": {
          "vocab-word-1": [
            "vocab-word-1",
          ],
          "vocab-word-2": [
            "vocab-word-3",
            "vocab-word-2",
          ],
        },
        "complete": false,
        "percentComplete": 0.4,
        "verifiedAnswers": [
          "vocab-word-1",
          "vocab-word-2",
        ],
      },
      "learn": {
        "accuracy": 1,
        "attemptedAnswers": {
          "vocab-word-1": [
            "vocab-word-1",
          ],
        },
        "attemptsCount": 1,
        "complete": false,
        "droppedPairs": {
          "vocab-word-1": "vocab-word-1",
        },
        "percentComplete": 0.2,
        "verifiedAnswers": [
          "vocab-word-1",
        ],
      },
      "tabIndex": 0,
    },
    "74": {
      "accuracy": 0.5,
      "attemptedAnswers": {
        "0": "0",
        "1": "1",
      },
      "complete": false,
      "correctAnswers": {
        "0": "0",
      },
    },
    "79": {
      "accuracy": 1,
      "complete": true,
      "feedback": "Correct! "犬" (inu) means "dog" in Japanese.",
      "userResponse": "Dog",
    },
    "82": {
      "accuracy": 1,
      "complete": true,
      "feedback": "Great! "さようなら" (sayounara) is indeed a farewell greeting.",
      "userResponse": "A farewell greeting",
    },
  },
  "id": "grade-progress-1",
  "owner": "student-alice-sub",
  "percentComplete": 0.65,
  "timerStarted": true,
  "unitID": "workbook-with-progress-id",
  "unitVersion": 1,
  "updatedAt": "2026-09-26T10:10:15.851Z",
}
[90mstdout[2m | src/components/Editor3/Workbook.stories.jsx[2m > [22m[2mWorkbook With Progress
[22m[39m......!q {
  "answer": "Hello",
  "correct": true,
  "id": "progress-quiz-q1",
}
[90mstdout[2m | src/components/Editor3/Workbook.stories.jsx[2m > [22m[2mWorkbook With Progress
[22m[39m......!q {
  "answer": "Goodbye",
  "correct": false,
  "id": "progress-quiz-q2",
}
[90mstdout[2m | src/components/Editor3/Workbook.stories.jsx[2m > [22m[2mWorkbook With Progress
[22m[39m......!q {
  "answer": "Thank you",
  "correct": false,
  "id": "progress-quiz-q3",
}
[90mstdout[2m | src/components/Editor3/Workbook.stories.jsx[2m > [22m[2mWorkbook With Progress
[22m[39m......!q {
  "answer": "Please",
  "correct": false,
  "id": "progress-quiz-q4",
}
[90mstdout[2m | src/components/Editor3/Workbook.stories.jsx[2m > [22m[2mWorkbook With Progress
[22m[39m......!q {
  "answer": "犬 (inu)",
  "correct": false,
  "id": "progress-quiz-q5",
}
[90mstdout[2m | src/components/Editor3/Workbook.stories.jsx[2m > [22m[2mWorkbook With Progress
[22m[39m......!q {
  "answer": "猫 (neko)",
  "correct": true,
  "id": "progress-quiz-q6",
}
[90mstdout[2m | src/components/Editor3/Workbook.stories.jsx[2m > [22m[2mWorkbook With Progress
[22m[39m......!q {
  "answer": "本 (hon)",
  "correct": false,
  "id": "progress-quiz-q7",
}
[90mstdout[2m | src/components/Editor3/Workbook.stories.jsx[2m > [22m[2mWorkbook With Progress
[22m[39m......!q {
  "answer": "水 (mizu)",
  "correct": false,
  "id": "progress-quiz-q8",
}
[90mstdout[2m | src/components/Editor3/Workbook.stories.jsx[2m > [22m[2mWorkbook With Progress
[22m[39m......!q {
  "answer": "さようなら",
  "correct": false,
  "id": "progress-quiz-q9",
}
[90mstdout[2m | src/components/Editor3/Workbook.stories.jsx[2m > [22m[2mWorkbook With Progress
[22m[39m......!q {
  "answer": "こんにちは",
  "correct": false,
  "id": "progress-quiz-q10",
}
[90mstdout[2m | src/components/Editor3/Workbook.stories.jsx[2m > [22m[2mWorkbook With Progress
[22m[39m......!q {
  "answer": "ありがとう",
  "correct": true,
  "id": "progress-quiz-q11",
}
[90mstdout[2m | src/components/Editor3/Workbook.stories.jsx[2m > [22m[2mWorkbook With Progress
[22m[39m......!q {
  "answer": "すみません",
  "correct": false,
  "id": "progress-quiz-q12",
}
[90mstdout[2m | src/components/Editor3/Workbook.stories.jsx[2m > [22m[2mWorkbook With Progress
[22m[39m......!q {
  "answer": "いぬ",
  "correct": true,
  "id": "progress-quiz-q13",
}
[90mstdout[2m | src/components/Editor3/Workbook.stories.jsx[2m > [22m[2mWorkbook With Progress
[22m[39m......!q {
  "answer": "ねこ",
  "correct": false,
  "id": "progress-quiz-q14",
}
[90mstdout[2m | src/components/Editor3/Workbook.stories.jsx[2m > [22m[2mWorkbook With Progress
[22m[39m......!q {
  "answer": "ほん",
  "correct": false,
  "id": "progress-quiz-q15",
}
[90mstdout[2m | src/components/Editor3/Workbook.stories.jsx[2m > [22m[2mWorkbook With Progress
[22m[39m......!q {
  "answer": "みず",
  "correct": false,
  "id": "progress-quiz-q16",
}
[90mstdout[2m | src/components/Editor3/Workbook.stories.jsx[2m > [22m[2mWorkbook With Progress
[22m[39mQuestionBlock.nodeKey 74 type: string
[90mstdout[2m | src/components/Editor3/Workbook.stories.jsx[2m > [22m[2mWorkbook With Progress
[22m[39mQuestionBlock.questionContent [
  {
    "answer": "Hello",
    "correct": true,
    "id": "progress-quiz-q1",
  },
  {
    "answer": "Goodbye",
    "correct": false,
    "id": "progress-quiz-q2",
  },
  {
    "answer": "Thank you",
    "correct": false,
    "id": "progress-quiz-q3",
  },
  {
    "answer": "Please",
    "correct": false,
    "id": "progress-quiz-q4",
  },
  {
    "answer": "犬 (inu)",
    "correct": false,
    "id": "progress-quiz-q5",
  },
  {
    "answer": "猫 (neko)",
    "correct": true,
    "id": "progress-quiz-q6",
  },
  {
    "answer": "本 (hon)",
    "correct": false,
    "id": "progress-quiz-q7",
  },
  {
    "answer": "水 (mizu)",
    "correct": false,
    "id": "progress-quiz-q8",
  },
  {
    "answer": "さようなら",
    "correct": false,
    "id": "progress-quiz-q9",
  },
  {
    "answer": "こんにちは",
    "correct": false,
    "id": "progress-quiz-q10",
  },
  {
    "answer": "ありがとう",
    "correct": true,
    "id": "progress-quiz-q11",
  },
  {
    "answer": "すみません",
    "correct": false,
    "id": "progress-quiz-q12",
  },
  {
    "answer": "いぬ",
    "correct": true,
    "id": "progress-quiz-q13",
  },
  {
    "answer": "ねこ",
    "correct": false,
    "id": "progress-quiz-q14",
  },
  {
    "answer": "ほん",
    "correct": false,
    "id": "progress-quiz-q15",
  },
  {
    "answer": "みず",
    "correct": false,
    "id": "progress-quiz-q16",
  },
]
[90mstdout[2m | src/components/Editor3/Workbook.stories.jsx[2m > [22m[2mWorkbook With Progress
[22m[39mQuestionBlock.grade.data keys: [
  "67",
  "74",
  "79",
  "82",
]
[90mstdout[2m | src/components/Editor3/Workbook.stories.jsx[2m > [22m[2mWorkbook With Progress
[22m[39mQuestionBlock.grade.data[nodeKey]: {
  "accuracy": 0.5,
  "attemptedAnswers": {
    "0": "0",
    "1": "1",
  },
  "complete": false,
  "correctAnswers": {
    "0": "0",
  },
}
[90mstdout[2m | src/components/Editor3/Workbook.stories.jsx[2m > [22m[2mWorkbook With Progress
[22m[39mQuestionBlockRo.inProgress {
  "accuracy": 0.5,
  "attemptedAnswers": {
    "0": "0",
    "1": "1",
  },
  "complete": false,
  "correctAnswers": {
    "0": "0",
  },
}
[90mstdout[2m | src/components/Editor3/Workbook.stories.jsx[2m > [22m[2mWorkbook With Progress
[22m[39mCustomAnswerComponent.questionID question-1
[90mstdout[2m | src/components/Editor3/Workbook.stories.jsx[2m > [22m[2mWorkbook With Progress
[22m[39mCustomAnswerComponent.questionBank {}
[90mstdout[2m | src/components/Editor3/Workbook.stories.jsx[2m > [22m[2mWorkbook With Progress
[22m[39mCustomAnswerComponent.question {}
[90mstdout[2m | src/components/Editor3/Workbook.stories.jsx[2m > [22m[2mWorkbook With Progress
[22m[39mfeedback[questionID] {
  "answer": true,
  "reason": "Correct! "犬" (inu) means "dog" in Japanese.",
  "userResponse": "Dog",
}
[90mstdout[2m | src/components/Editor3/Workbook.stories.jsx[2m > [22m[2mWorkbook With Progress
[22m[39mCustomAnswerComponent.question {}
[90mstdout[2m | src/components/Editor3/Workbook.stories.jsx[2m > [22m[2mWorkbook With Progress
[22m[39mCustomAnswerComponent.prompt undefined
[90mstdout[2m | src/components/Editor3/Workbook.stories.jsx[2m > [22m[2mWorkbook With Progress
[22m[39mCustomAnswerComponent.feedback[questionID] {
  "answer": true,
  "reason": "Correct! "犬" (inu) means "dog" in Japanese.",
  "userResponse": "Dog",
}
[90mstdout[2m | src/components/Editor3/Workbook.stories.jsx[2m > [22m[2mWorkbook With Progress
[22m[39mCustomAnswerComponent.isCompleted true
[90mstdout[2m | src/components/Editor3/Workbook.stories.jsx[2m > [22m[2mWorkbook With Progress
[22m[39mCustomAnswerComponent.currentPromptMethod text
[90mstdout[2m | src/components/Editor3/Workbook.stories.jsx[2m > [22m[2mWorkbook With Progress
[22m[39mCustomAnswerComponent.displayPrompt null
[90mstdout[2m | src/components/Editor3/Workbook.stories.jsx[2m > [22m[2mWorkbook With Progress
[22m[39mCustomAnswerComponent.questionID question-2
[90mstdout[2m | src/components/Editor3/Workbook.stories.jsx[2m > [22m[2mWorkbook With Progress
[22m[39mCustomAnswerComponent.questionBank {}
[90mstdout[2m | src/components/Editor3/Workbook.stories.jsx[2m > [22m[2mWorkbook With Progress
[22m[39mCustomAnswerComponent.question {}
[90mstdout[2m | src/components/Editor3/Workbook.stories.jsx[2m > [22m[2mWorkbook With Progress
[22m[39mfeedback[questionID] {
  "answer": true,
  "reason": "Great! "さようなら" (sayounara) is indeed a farewell greeting.",
  "userResponse": "A farewell greeting",
}
[90mstdout[2m | src/components/Editor3/Workbook.stories.jsx[2m > [22m[2mWorkbook With Progress
[22m[39mCustomAnswerComponent.question {}
[90mstdout[2m | src/components/Editor3/Workbook.stories.jsx[2m > [22m[2mWorkbook With Progress
[22m[39mCustomAnswerComponent.prompt undefined
[90mstdout[2m | src/components/Editor3/Workbook.stories.jsx[2m > [22m[2mWorkbook With Progress
[22m[39mCustomAnswerComponent.feedback[questionID] {
  "answer": true,
  "reason": "Great! "さようなら" (sayounara) is indeed a farewell greeting.",
  "userResponse": "A farewell greeting",
}
[90mstdout[2m | src/components/Editor3/Workbook.stories.jsx[2m > [22m[2mWorkbook With Progress
[22m[39mCustomAnswerComponent.isCompleted true
[90mstdout[2m | src/components/Editor3/Workbook.stories.jsx[2m > [22m[2mWorkbook With Progress
[22m[39mCustomAnswerComponent.currentPromptMethod text
[90mstdout[2m | src/components/Editor3/Workbook.stories.jsx[2m > [22m[2mWorkbook With Progress
[22m[39mCustomAnswerComponent.displayPrompt null
[90mstdout[2m | src/components/Editor3/Workbook.stories.jsx[2m > [22m[2mWorkbook With Progress
[22m[39m[StoryProgressPlugin] Exercise node keys: {
  "custom-answer": [
    "79",
    "82",
  ],
  "meaning-association": [
    "67",
  ],
  "quiz": [
    "74",
  ],
}
[90mstdout[2m | src/components/Editor3/Workbook.stories.jsx[2m > [22m[2mWorkbook With Progress
[22m[39m[StoryProgressPlugin] grade: {
  "_version": 2,
  "accuracy": 0.75,
  "complete": false,
  "data": {
    "67": {
      "complete": false,
      "easy": {
        "accuracy": 0.75,
        "attemptedAnswers": {
          "vocab-word-1": [],
          "vocab-word-2": [
            "vocab-word-3",
          ],
          "vocab-word-3": [],
        },
        "attemptsCount": 4,
        "complete": false,
        "percentComplete": 0.6,
        "verifiedAnswers": [
          "vocab-word-1",
          "vocab-word-2",
          "vocab-word-3",
        ],
      },
      "hard": {
        "attemptedAnswers": {
          "vocab-word-1": [
            "vocab-word-1",
          ],
          "vocab-word-2": [
            "vocab-word-3",
            "vocab-word-2",
          ],
        },
        "complete": false,
        "percentComplete": 0.4,
        "verifiedAnswers": [
          "vocab-word-1",
          "vocab-word-2",
        ],
      },
      "learn": {
        "accuracy": 1,
        "attemptedAnswers": {
          "vocab-word-1": [
            "vocab-word-1",
          ],
        },
        "attemptsCount": 1,
        "complete": false,
        "droppedPairs": {
          "vocab-word-1": "vocab-word-1",
        },
        "percentComplete": 0.2,
        "verifiedAnswers": [
          "vocab-word-1",
        ],
      },
      "tabIndex": 0,
    },
    "74": {
      "accuracy": 0.5,
      "attemptedAnswers": {
        "0": "0",
        "1": "1",
      },
      "complete": false,
      "correctAnswers": {
        "0": "0",
      },
    },
    "79": {
      "accuracy": 1,
      "complete": true,
      "feedback": "Correct! "犬" (inu) means "dog" in Japanese.",
      "userResponse": "Dog",
    },
    "82": {
      "accuracy": 1,
      "complete": true,
      "feedback": "Great! "さようなら" (sayounara) is indeed a farewell greeting.",
      "userResponse": "A farewell greeting",
    },
  },
  "id": "grade-progress-1",
  "owner": "student-alice-sub",
  "percentComplete": 0.65,
  "timerStarted": true,
  "unitID": "workbook-with-progress-id",
  "unitVersion": 1,
  "updatedAt": "2026-09-26T10:10:15.851Z",
}
[90mstdout[2m | src/components/Editor3/Workbook.stories.jsx[2m > [22m[2mWorkbook With Progress
[22m[39m[StoryProgressPlugin] grade.data: {
  "67": {
    "complete": false,
    "easy": {
      "accuracy": 0.75,
      "attemptedAnswers": {
        "vocab-word-1": [],
        "vocab-word-2": [
          "vocab-word-3",
        ],
        "vocab-word-3": [],
      },
      "attemptsCount": 4,
      "complete": false,
      "percentComplete": 0.6,
      "verifiedAnswers": [
        "vocab-word-1",
        "vocab-word-2",
        "vocab-word-3",
      ],
    },
    "hard": {
      "attemptedAnswers": {
        "vocab-word-1": [
          "vocab-word-1",
        ],
        "vocab-word-2": [
          "vocab-word-3",
          "vocab-word-2",
        ],
      },
      "complete": false,
      "percentComplete": 0.4,
      "verifiedAnswers": [
        "vocab-word-1",
        "vocab-word-2",
      ],
    },
    "learn": {
      "accuracy": 1,
      "attemptedAnswers": {
        "vocab-word-1": [
          "vocab-word-1",
        ],
      },
      "attemptsCount": 1,
      "complete": false,
      "droppedPairs": {
        "vocab-word-1": "vocab-word-1",
      },
      "percentComplete": 0.2,
      "verifiedAnswers": [
        "vocab-word-1",
      ],
    },
    "tabIndex": 0,
  },
  "74": {
    "accuracy": 0.5,
    "attemptedAnswers": {
      "0": "0",
      "1": "1",
    },
    "complete": false,
    "correctAnswers": {
      "0": "0",
    },
  },
  "79": {
    "accuracy": 1,
    "complete": true,
    "feedback": "Correct! "犬" (inu) means "dog" in Japanese.",
    "userResponse": "Dog",
  },
  "82": {
    "accuracy": 1,
    "complete": true,
    "feedback": "Great! "さようなら" (sayounara) is indeed a farewell greeting.",
    "userResponse": "A farewell greeting",
  },
}
[90mstdout[2m | src/components/Editor3/Workbook.stories.jsx[2m > [22m[2mWorkbook With Progress
[22m[39m[StoryProgressPlugin] typeof grade.data: object
[90mstdout[2m | src/components/Editor3/Workbook.stories.jsx[2m > [22m[2mWorkbook With Progress
[22m[39m[StoryProgressPlugin] grade.data keys: [
  "67",
  "74",
  "79",
  "82",
]
[90mstdout[2m | src/components/Editor3/Workbook.stories.jsx[2m > [22m[2mWorkbook With Progress
[22m[39m[StoryProgressPlugin] hasExerciseData: true
[90mstdout[2m | src/components/Editor3/Workbook.stories.jsx[2m > [22m[2mKitchen Sink
[22m[39m[ChatContext] Cleaning up subscriptions
[90mstdout[2m | src/components/Editor3/Workbook.stories.jsx[2m > [22m[2mKitchen Sink
[22m[39m[Mock Data] Unit.onUpdate() subscription removed. Remaining: 0
[90mstdout[2m | src/components/Editor3/Workbook.stories.jsx[2m > [22m[2mKitchen Sink
[22m[39m[Preview] Skipped initializing default mock data (initializeMockData=false)
[90mstdout[2m | src/components/Editor3/Workbook.stories.jsx[2m > [22m[2mKitchen Sink
[22m[39m[Mock Data] seedMockUnit: Adding unit kitchen-sink-workbook-id
[90mstdout[2m | src/components/Editor3/Workbook.stories.jsx[2m > [22m[2mKitchen Sink
[22m[39m[Mock Data] Seeded grade: grade-kitchen-sink-1 for unit: kitchen-sink-workbook-id
[90mstdout[2m | src/components/Editor3/Workbook.stories.jsx[2m > [22m[2mKitchen Sink
[22m[39m[Mock Data] Grade has data: true
[90mstdout[2m | src/components/Editor3/Workbook.stories.jsx[2m > [22m[2mKitchen Sink
[22m[39m[Mock Data] Total grades in store: 1
[90mstdout[2m | src/components/Editor3/Workbook.stories.jsx[2m > [22m[2mKitchen Sink
[22m[39m[Mock Data] Seeded grade: grade-kitchen-sink-2 for unit: kitchen-sink-workbook-id
[90mstdout[2m | src/components/Editor3/Workbook.stories.jsx[2m > [22m[2mKitchen Sink
[22m[39m[Mock Data] Grade has data: true
[90mstdout[2m | src/components/Editor3/Workbook.stories.jsx[2m > [22m[2mKitchen Sink
[22m[39m[Mock Data] Total grades in store: 2
[90mstdout[2m | src/components/Editor3/Workbook.stories.jsx[2m > [22m[2mKitchen Sink
[22m[39m[Mock Data] Seeded grade: grade-kitchen-sink-3 for unit: kitchen-sink-workbook-id
[90mstdout[2m | src/components/Editor3/Workbook.stories.jsx[2m > [22m[2mKitchen Sink
[22m[39m[Mock Data] Grade has data: true
[90mstdout[2m | src/components/Editor3/Workbook.stories.jsx[2m > [22m[2mKitchen Sink
[22m[39m[Mock Data] Total grades in store: 3
[90mstdout[2m | src/components/Editor3/Workbook.stories.jsx[2m > [22m[2mKitchen Sink
[22m[39m[Mock Data] seedMockWords: Adding 5 words
[90mstdout[2m | src/components/Editor3/Workbook.stories.jsx[2m > [22m[2mKitchen Sink
[22m[39m[MOCK CourseVectorStore] Initialized with mock data
[90mstdout[2m | src/components/Editor3/Workbook.stories.jsx[2m > [22m[2mKitchen Sink
[22m[39m[TranslationModeController] Setting mode to: off
[90mstdout[2m | src/components/Editor3/Workbook.stories.jsx[2m > [22m[2mKitchen Sink
[22m[39m[UnitContext] useEffect triggered {
  "authLoading": false,
  "hasUser": true,
  "id": "kitchen-sink-workbook-id",
  "userSub": "mock-user-sub",
}
[90mstdout[2m | src/components/Editor3/Workbook.stories.jsx[2m > [22m[2mKitchen Sink
[22m[39m[UnitContext] Fetching unit data for id: kitchen-sink-workbook-id
[90mstdout[2m | src/components/Editor3/Workbook.stories.jsx[2m > [22m[2mKitchen Sink
[22m[39m[FilesContext] Initializing vector store from IndexedDB
[90mstdout[2m | src/components/Editor3/Workbook.stories.jsx[2m > [22m[2mKitchen Sink
[22m[39m[FilesContext] fetchFiles called
[90mstdout[2m | src/components/Editor3/Workbook.stories.jsx[2m > [22m[2mKitchen Sink
[22m[39m[FilesContext] User authenticated: mock-user-sub
[90mstdout[2m | src/components/Editor3/Workbook.stories.jsx[2m > [22m[2mKitchen Sink
[22m[39m[FilesContext] Identity ID: us-east-1:mock-identity-123
[90mstdout[2m | src/components/Editor3/Workbook.stories.jsx[2m > [22m[2mKitchen Sink
[22m[39m[FilesContext] About to set up File observeQuery
[90mstdout[2m | src/components/Editor3/Workbook.stories.jsx[2m > [22m[2mKitchen Sink
[22m[39m[ChatContext] Setting up AssistantChat observeQuery
[90mstdout[2m | src/components/Editor3/Workbook.stories.jsx[2m > [22m[2mKitchen Sink
[22m[39m[ChatContext] Waiting for subscription to initialize
[90mstdout[2m | src/components/Editor3/Workbook.stories.jsx[2m > [22m[2mKitchen Sink
[22m[39m[SettingsContext] Setting up Settings subscription for user: mock-user-sub
[90mstdout[2m | src/components/Editor3/Workbook.stories.jsx[2m > [22m[2mKitchen Sink
[22m[39m[Mock Data] Settings created: mock-settings-1790417417378 - notified 0 subscribers
[90mstdout[2m | src/components/Editor3/Workbook.stories.jsx[2m > [22m[2mKitchen Sink
[22m[39m[Mock Data] Unit.onUpdate() subscription added. Total: 1
[90mstdout[2m | src/components/Editor3/Workbook.stories.jsx[2m > [22m[2mKitchen Sink
[22m[39m[WorkbookStatePlugin] Loading unit content into read-only workbook: kitchen-sink-workbook-id
[90mstdout[2m | src/components/Editor3/Workbook.stories.jsx[2m > [22m[2mKitchen Sink
[22m[39mCustomAnswerComponent.questionID question-1
[90mstdout[2m | src/components/Editor3/Workbook.stories.jsx[2m > [22m[2mKitchen Sink
[22m[39mCustomAnswerComponent.questionBank []
[90mstdout[2m | src/components/Editor3/Workbook.stories.jsx[2m > [22m[2mKitchen Sink
[22m[39mCustomAnswerComponent.question {}
[90mstdout[2m | src/components/Editor3/Workbook.stories.jsx[2m > [22m[2mKitchen Sink
[22m[39mCustomAnswerComponent.question {}
[90mstdout[2m | src/components/Editor3/Workbook.stories.jsx[2m > [22m[2mKitchen Sink
[22m[39mCustomAnswerComponent.prompt undefined
[90mstdout[2m | src/components/Editor3/Workbook.stories.jsx[2m > [22m[2mKitchen Sink
[22m[39mCustomAnswerComponent.feedback[questionID] undefined
[90mstdout[2m | src/components/Editor3/Workbook.stories.jsx[2m > [22m[2mKitchen Sink
[22m[39mCustomAnswerComponent.isCompleted undefined
[90mstdout[2m | src/components/Editor3/Workbook.stories.jsx[2m > [22m[2mKitchen Sink
[22m[39mCustomAnswerComponent.currentPromptMethod text
[90mstdout[2m | src/components/Editor3/Workbook.stories.jsx[2m > [22m[2mKitchen Sink
[22m[39mCustomAnswerComponent.displayPrompt undefined
[90mstdout[2m | src/components/Editor3/Workbook.stories.jsx[2m > [22m[2mKitchen Sink
[22m[39mCustomAnswerComponent.questionID question-2
[90mstdout[2m | src/components/Editor3/Workbook.stories.jsx[2m > [22m[2mKitchen Sink
[22m[39mCustomAnswerComponent.questionBank []
[90mstdout[2m | src/components/Editor3/Workbook.stories.jsx[2m > [22m[2mKitchen Sink
[22m[39mCustomAnswerComponent.question {}
[90mstdout[2m | src/components/Editor3/Workbook.stories.jsx[2m > [22m[2mKitchen Sink
[22m[39mCustomAnswerComponent.question {}
[90mstdout[2m | src/components/Editor3/Workbook.stories.jsx[2m > [22m[2mKitchen Sink
[22m[39mCustomAnswerComponent.prompt undefined
[90mstdout[2m | src/components/Editor3/Workbook.stories.jsx[2m > [22m[2mKitchen Sink
[22m[39mCustomAnswerComponent.feedback[questionID] undefined
[90mstdout[2m | src/components/Editor3/Workbook.stories.jsx[2m > [22m[2mKitchen Sink
[22m[39mCustomAnswerComponent.isCompleted undefined
[90mstdout[2m | src/components/Editor3/Workbook.stories.jsx[2m > [22m[2mKitchen Sink
[22m[39mCustomAnswerComponent.currentPromptMethod text
[90mstdout[2m | src/components/Editor3/Workbook.stories.jsx[2m > [22m[2mKitchen Sink
[22m[39mCustomAnswerComponent.displayPrompt undefined
[90mstdout[2m | src/components/Editor3/Workbook.stories.jsx[2m > [22m[2mKitchen Sink
[22m[39mEasy.nodeKey 149 type: string
[90mstdout[2m | src/components/Editor3/Workbook.stories.jsx[2m > [22m[2mKitchen Sink
[22m[39mEasy.grade: {}
[90mstdout[2m | src/components/Editor3/Workbook.stories.jsx[2m > [22m[2mKitchen Sink
[22m[39mEasy.grade.data: undefined
[90mstdout[2m | src/components/Editor3/Workbook.stories.jsx[2m > [22m[2mKitchen Sink
[22m[39mEasy.grade.data === grade? false
[90mstdout[2m | src/components/Editor3/Workbook.stories.jsx[2m > [22m[2mKitchen Sink
[22m[39mEasy.grade.data keys: no data
[90mstdout[2m | src/components/Editor3/Workbook.stories.jsx[2m > [22m[2mKitchen Sink
[22m[39mEasy.grade.data[nodeKey]: undefined
[90mstdout[2m | src/components/Editor3/Workbook.stories.jsx[2m > [22m[2mKitchen Sink
[22m[39mEasy.inProgress {}
[90mstdout[2m | src/components/Editor3/Workbook.stories.jsx[2m > [22m[2mKitchen Sink
[22m[39mHard.attemptedAnswers {}
[90mstdout[2m | src/components/Editor3/Workbook.stories.jsx[2m > [22m[2mKitchen Sink
[22m[39mQuestionBlockRo.grade {}
[90mstdout[2m | src/components/Editor3/Workbook.stories.jsx[2m > [22m[2mKitchen Sink
[22m[39m......!q {
  "answer": "Hello",
  "correct": true,
  "id": "quiz-q1",
}
[90mstdout[2m | src/components/Editor3/Workbook.stories.jsx[2m > [22m[2mKitchen Sink
[22m[39m......!q {
  "answer": "Goodbye",
  "correct": false,
  "id": "quiz-q2",
}
[90mstdout[2m | src/components/Editor3/Workbook.stories.jsx[2m > [22m[2mKitchen Sink
[22m[39m......!q {
  "answer": "Thank you",
  "correct": false,
  "id": "quiz-q3",
}
[90mstdout[2m | src/components/Editor3/Workbook.stories.jsx[2m > [22m[2mKitchen Sink
[22m[39m......!q {
  "answer": "Please",
  "correct": false,
  "id": "quiz-q4",
}
[90mstdout[2m | src/components/Editor3/Workbook.stories.jsx[2m > [22m[2mKitchen Sink
[22m[39m......!q {
  "answer": "犬 (inu)",
  "correct": false,
  "id": "quiz-q5",
}
[90mstdout[2m | src/components/Editor3/Workbook.stories.jsx[2m > [22m[2mKitchen Sink
[22m[39m......!q {
  "answer": "猫 (neko)",
  "correct": true,
  "id": "quiz-q6",
}
[90mstdout[2m | src/components/Editor3/Workbook.stories.jsx[2m > [22m[2mKitchen Sink
[22m[39m......!q {
  "answer": "本 (hon)",
  "correct": false,
  "id": "quiz-q7",
}
[90mstdout[2m | src/components/Editor3/Workbook.stories.jsx[2m > [22m[2mKitchen Sink
[22m[39m......!q {
  "answer": "水 (mizu)",
  "correct": false,
  "id": "quiz-q8",
}
[90mstdout[2m | src/components/Editor3/Workbook.stories.jsx[2m > [22m[2mKitchen Sink
[22m[39m......!q {
  "answer": "さようなら",
  "correct": false,
  "id": "quiz-q9",
}
[90mstdout[2m | src/components/Editor3/Workbook.stories.jsx[2m > [22m[2mKitchen Sink
[22m[39m......!q {
  "answer": "こんにちは",
  "correct": false,
  "id": "quiz-q10",
}
[90mstdout[2m | src/components/Editor3/Workbook.stories.jsx[2m > [22m[2mKitchen Sink
[22m[39m......!q {
  "answer": "ありがとう",
  "correct": true,
  "id": "quiz-q11",
}
[90mstdout[2m | src/components/Editor3/Workbook.stories.jsx[2m > [22m[2mKitchen Sink
[22m[39m......!q {
  "answer": "すみません",
  "correct": false,
  "id": "quiz-q12",
}
[90mstdout[2m | src/components/Editor3/Workbook.stories.jsx[2m > [22m[2mKitchen Sink
[22m[39m......!q {
  "answer": "いぬ",
  "correct": true,
  "id": "quiz-q13",
}
[90mstdout[2m | src/components/Editor3/Workbook.stories.jsx[2m > [22m[2mKitchen Sink
[22m[39m......!q {
  "answer": "ねこ",
  "correct": false,
  "id": "quiz-q14",
}
[90mstdout[2m | src/components/Editor3/Workbook.stories.jsx[2m > [22m[2mKitchen Sink
[22m[39m......!q {
  "answer": "ほん",
  "correct": false,
  "id": "quiz-q15",
}
[90mstdout[2m | src/components/Editor3/Workbook.stories.jsx[2m > [22m[2mKitchen Sink
[22m[39m......!q {
  "answer": "みず",
  "correct": false,
  "id": "quiz-q16",
}
[90mstdout[2m | src/components/Editor3/Workbook.stories.jsx[2m > [22m[2mKitchen Sink
[22m[39mQuestionBlock.nodeKey 154 type: string
[90mstdout[2m | src/components/Editor3/Workbook.stories.jsx[2m > [22m[2mKitchen Sink
[22m[39mQuestionBlock.questionContent [
  {
    "answer": "Hello",
    "correct": true,
    "id": "quiz-q1",
  },
  {
    "answer": "Goodbye",
    "correct": false,
    "id": "quiz-q2",
  },
  {
    "answer": "Thank you",
    "correct": false,
    "id": "quiz-q3",
  },
  {
    "answer": "Please",
    "correct": false,
    "id": "quiz-q4",
  },
  {
    "answer": "犬 (inu)",
    "correct": false,
    "id": "quiz-q5",
  },
  {
    "answer": "猫 (neko)",
    "correct": true,
    "id": "quiz-q6",
  },
  {
    "answer": "本 (hon)",
    "correct": false,
    "id": "quiz-q7",
  },
  {
    "answer": "水 (mizu)",
    "correct": false,
    "id": "quiz-q8",
  },
  {
    "answer": "さようなら",
    "correct": false,
    "id": "quiz-q9",
  },
  {
    "answer": "こんにちは",
    "correct": false,
    "id": "quiz-q10",
  },
  {
    "answer": "ありがとう",
    "correct": true,
    "id": "quiz-q11",
  },
  {
    "answer": "すみません",
    "correct": false,
    "id": "quiz-q12",
  },
  {
    "answer": "いぬ",
    "correct": true,
    "id": "quiz-q13",
  },
  {
    "answer": "ねこ",
    "correct": false,
    "id": "quiz-q14",
  },
  {
    "answer": "ほん",
    "correct": false,
    "id": "quiz-q15",
  },
  {
    "answer": "みず",
    "correct": false,
    "id": "quiz-q16",
  },
]
[90mstdout[2m | src/components/Editor3/Workbook.stories.jsx[2m > [22m[2mKitchen Sink
[22m[39mQuestionBlock.grade.data keys: []
[90mstdout[2m | src/components/Editor3/Workbook.stories.jsx[2m > [22m[2mKitchen Sink
[22m[39mQuestionBlock.grade.data[nodeKey]: undefined
[90mstdout[2m | src/components/Editor3/Workbook.stories.jsx[2m > [22m[2mKitchen Sink
[22m[39mQuestionBlockRo.inProgress {}
[90mstdout[2m | src/components/Editor3/Workbook.stories.jsx[2m > [22m[2mKitchen Sink
[22m[39mallowedInput [
  "text",
  "audio",
  "writing",
]
[90mstdout[2m | src/components/Editor3/Workbook.stories.jsx[2m > [22m[2mKitchen Sink
[22m[39mpromptMethod [
  "text",
  "audio",
]
[90mstdout[2m | src/components/Editor3/Workbook.stories.jsx[2m > [22m[2mKitchen Sink
[22m[39mAnswerComponent.currentPromptMethod text
[90mstdout[2m | src/components/Editor3/Workbook.stories.jsx[2m > [22m[2mKitchen Sink
[22m[39mAnswerComponent.promptMethod [
  "text",
  "audio",
]
[90mstdout[2m | src/components/Editor3/Workbook.stories.jsx[2m > [22m[2mKitchen Sink
[22m[39mallowedInput [
  "text",
  "audio",
  "writing",
]
[90mstdout[2m | src/components/Editor3/Workbook.stories.jsx[2m > [22m[2mKitchen Sink
[22m[39mpromptMethod [
  "text",
  "audio",
]
[90mstdout[2m | src/components/Editor3/Workbook.stories.jsx[2m > [22m[2mKitchen Sink
[22m[39mAnswerComponent.currentPromptMethod text
[90mstdout[2m | src/components/Editor3/Workbook.stories.jsx[2m > [22m[2mKitchen Sink
[22m[39mLearn._vocabulary []
[90mstdout[2m | src/components/Editor3/Workbook.stories.jsx[2m > [22m[2mKitchen Sink
[22m[39mMeaningAssociationExercise._vocabulary []
[90mstdout[2m | src/components/Editor3/Workbook.stories.jsx[2m > [22m[2mKitchen Sink
[22m[39mHard._vocabulary []
[90mstdout[2m | src/components/Editor3/Workbook.stories.jsx[2m > [22m[2mKitchen Sink
[22m[39mEasy.nodeKey 149 type: string
[90mstdout[2m | src/components/Editor3/Workbook.stories.jsx[2m > [22m[2mKitchen Sink
[22m[39mEasy.grade: {}
[90mstdout[2m | src/components/Editor3/Workbook.stories.jsx[2m > [22m[2mKitchen Sink
[22m[39mEasy.grade.data: undefined
[90mstdout[2m | src/components/Editor3/Workbook.stories.jsx[2m > [22m[2mKitchen Sink
[22m[39mEasy.grade.data === grade? false
[90mstdout[2m | src/components/Editor3/Workbook.stories.jsx[2m > [22m[2mKitchen Sink
[22m[39mEasy.grade.data keys: no data
[90mstdout[2m | src/components/Editor3/Workbook.stories.jsx[2m > [22m[2mKitchen Sink
[22m[39mEasy.grade.data[nodeKey]: undefined
[90mstdout[2m | src/components/Editor3/Workbook.stories.jsx[2m > [22m[2mKitchen Sink
[22m[39mEasy.inProgress {}
[90mstdout[2m | src/components/Editor3/Workbook.stories.jsx[2m > [22m[2mKitchen Sink
[22m[39mHard.attemptedAnswers {}
[90mstdout[2m | src/components/Editor3/Workbook.stories.jsx[2m > [22m[2mKitchen Sink
[22m[39m[SectionContext] Section observeQuery update: 0
[90mstdout[2m | src/components/Editor3/Workbook.stories.jsx[2m > [22m[2mKitchen Sink
[22m[39m[FilesContext] File observeQuery update: 3 files
[90mstdout[2m | src/components/Editor3/Workbook.stories.jsx[2m > [22m[2mKitchen Sink
[22m[39m[ChatContext] AssistantChat initialized with 0 chats
[90mstdout[2m | src/components/Editor3/Workbook.stories.jsx[2m > [22m[2mKitchen Sink
[22m[39m[MOCK CourseVectorStore] Initialized with mock data
[90mstdout[2m | src/components/Editor3/Workbook.stories.jsx[2m > [22m[2mKitchen Sink
[22m[39mCustomAnswerComponent.questionID question-1
[90mstdout[2m | src/components/Editor3/Workbook.stories.jsx[2m > [22m[2mKitchen Sink
[22m[39mCustomAnswerComponent.questionBank {}
[90mstdout[2m | src/components/Editor3/Workbook.stories.jsx[2m > [22m[2mKitchen Sink
[22m[39mCustomAnswerComponent.question {}
[90mstdout[2m | src/components/Editor3/Workbook.stories.jsx[2m > [22m[2mKitchen Sink
[22m[39mCustomAnswerComponent.question {}
[90mstdout[2m | src/components/Editor3/Workbook.stories.jsx[2m > [22m[2mKitchen Sink
[22m[39mCustomAnswerComponent.prompt undefined
[90mstdout[2m | src/components/Editor3/Workbook.stories.jsx[2m > [22m[2mKitchen Sink
[22m[39mCustomAnswerComponent.feedback[questionID] undefined
[90mstdout[2m | src/components/Editor3/Workbook.stories.jsx[2m > [22m[2mKitchen Sink
[22m[39mCustomAnswerComponent.isCompleted undefined
[90mstdout[2m | src/components/Editor3/Workbook.stories.jsx[2m > [22m[2mKitchen Sink
[22m[39mCustomAnswerComponent.currentPromptMethod text
[90mstdout[2m | src/components/Editor3/Workbook.stories.jsx[2m > [22m[2mKitchen Sink
[22m[39mCustomAnswerComponent.displayPrompt undefined
[90mstdout[2m | src/components/Editor3/Workbook.stories.jsx[2m > [22m[2mKitchen Sink
[22m[39mCustomAnswerComponent.questionID question-2
[90mstdout[2m | src/components/Editor3/Workbook.stories.jsx[2m > [22m[2mKitchen Sink
[22m[39mCustomAnswerComponent.questionBank {}
[90mstdout[2m | src/components/Editor3/Workbook.stories.jsx[2m > [22m[2mKitchen Sink
[22m[39mCustomAnswerComponent.question {}
[90mstdout[2m | src/components/Editor3/Workbook.stories.jsx[2m > [22m[2mKitchen Sink
[22m[39mCustomAnswerComponent.question {}
[90mstdout[2m | src/components/Editor3/Workbook.stories.jsx[2m > [22m[2mKitchen Sink
[22m[39mCustomAnswerComponent.prompt undefined
[90mstdout[2m | src/components/Editor3/Workbook.stories.jsx[2m > [22m[2mKitchen Sink
[22m[39mCustomAnswerComponent.feedback[questionID] undefined
[90mstdout[2m | src/components/Editor3/Workbook.stories.jsx[2m > [22m[2mKitchen Sink
[22m[39mCustomAnswerComponent.isCompleted undefined
[90mstdout[2m | src/components/Editor3/Workbook.stories.jsx[2m > [22m[2mKitchen Sink
[22m[39mCustomAnswerComponent.currentPromptMethod text
[90mstdout[2m | src/components/Editor3/Workbook.stories.jsx[2m > [22m[2mKitchen Sink
[22m[39mCustomAnswerComponent.displayPrompt undefined
[90mstdout[2m | src/components/Editor3/Workbook.stories.jsx[2m > [22m[2mKitchen Sink
[22m[39mEasy.nodeKey 149 type: string
[90mstdout[2m | src/components/Editor3/Workbook.stories.jsx[2m > [22m[2mKitchen Sink
[22m[39mEasy.grade: {
  "_version": 1,
  "accuracy": 0,
  "complete": false,
  "data": {},
  "id": "grade-kitchen-sink-1",
  "owner": "mock-user-sub",
  "percentComplete": 0,
  "timerStarted": true,
  "unitID": "kitchen-sink-workbook-id",
  "unitVersion": 1,
}
[90mstdout[2m | src/components/Editor3/Workbook.stories.jsx[2m > [22m[2mKitchen Sink
[22m[39mEasy.grade.data: {}
[90mstdout[2m | src/components/Editor3/Workbook.stories.jsx[2m > [22m[2mKitchen Sink
[22m[39mEasy.grade.data === grade? false
[90mstdout[2m | src/components/Editor3/Workbook.stories.jsx[2m > [22m[2mKitchen Sink
[22m[39mEasy.grade.data keys: []
[90mstdout[2m | src/components/Editor3/Workbook.stories.jsx[2m > [22m[2mKitchen Sink
[22m[39mEasy.grade.data[nodeKey]: undefined
[90mstdout[2m | src/components/Editor3/Workbook.stories.jsx[2m > [22m[2mKitchen Sink
[22m[39mEasy.inProgress {}
[90mstdout[2m | src/components/Editor3/Workbook.stories.jsx[2m > [22m[2mKitchen Sink
[22m[39mHard.attemptedAnswers {}
[90mstdout[2m | src/components/Editor3/Workbook.stories.jsx[2m > [22m[2mKitchen Sink
[22m[39mQuestionBlockRo.grade {
  "_version": 1,
  "accuracy": 0,
  "complete": false,
  "data": {},
  "id": "grade-kitchen-sink-1",
  "owner": "mock-user-sub",
  "percentComplete": 0,
  "timerStarted": true,
  "unitID": "kitchen-sink-workbook-id",
  "unitVersion": 1,
}
[90mstdout[2m | src/components/Editor3/Workbook.stories.jsx[2m > [22m[2mKitchen Sink
[22m[39m......!q {
  "answer": "Hello",
  "correct": true,
  "id": "quiz-q1",
}
[90mstdout[2m | src/components/Editor3/Workbook.stories.jsx[2m > [22m[2mKitchen Sink
[22m[39m......!q {
  "answer": "Goodbye",
  "correct": false,
  "id": "quiz-q2",
}
[90mstdout[2m | src/components/Editor3/Workbook.stories.jsx[2m > [22m[2mKitchen Sink
[22m[39m......!q {
  "answer": "Thank you",
  "correct": false,
  "id": "quiz-q3",
}
[90mstdout[2m | src/components/Editor3/Workbook.stories.jsx[2m > [22m[2mKitchen Sink
[22m[39m......!q {
  "answer": "Please",
  "correct": false,
  "id": "quiz-q4",
}
[90mstdout[2m | src/components/Editor3/Workbook.stories.jsx[2m > [22m[2mKitchen Sink
[22m[39m......!q {
  "answer": "犬 (inu)",
  "correct": false,
  "id": "quiz-q5",
}
[90mstdout[2m | src/components/Editor3/Workbook.stories.jsx[2m > [22m[2mKitchen Sink
[22m[39m......!q {
  "answer": "猫 (neko)",
  "correct": true,
  "id": "quiz-q6",
}
[90mstdout[2m | src/components/Editor3/Workbook.stories.jsx[2m > [22m[2mKitchen Sink
[22m[39m......!q {
  "answer": "本 (hon)",
  "correct": false,
  "id": "quiz-q7",
}
[90mstdout[2m | src/components/Editor3/Workbook.stories.jsx[2m > [22m[2mKitchen Sink
[22m[39m......!q {
  "answer": "水 (mizu)",
  "correct": false,
  "id": "quiz-q8",
}
[90mstdout[2m | src/components/Editor3/Workbook.stories.jsx[2m > [22m[2mKitchen Sink
[22m[39m......!q {
  "answer": "さようなら",
  "correct": false,
  "id": "quiz-q9",
}
[90mstdout[2m | src/components/Editor3/Workbook.stories.jsx[2m > [22m[2mKitchen Sink
[22m[39m......!q {
  "answer": "こんにちは",
  "correct": false,
  "id": "quiz-q10",
}
[90mstdout[2m | src/components/Editor3/Workbook.stories.jsx[2m > [22m[2mKitchen Sink
[22m[39m......!q {
  "answer": "ありがとう",
  "correct": true,
  "id": "quiz-q11",
}
[90mstdout[2m | src/components/Editor3/Workbook.stories.jsx[2m > [22m[2mKitchen Sink
[22m[39m......!q {
  "answer": "すみません",
  "correct": false,
  "id": "quiz-q12",
}
[90mstdout[2m | src/components/Editor3/Workbook.stories.jsx[2m > [22m[2mKitchen Sink
[22m[39m......!q {
  "answer": "いぬ",
  "correct": true,
  "id": "quiz-q13",
}
[90mstdout[2m | src/components/Editor3/Workbook.stories.jsx[2m > [22m[2mKitchen Sink
[22m[39m......!q {
  "answer": "ねこ",
  "correct": false,
  "id": "quiz-q14",
}
[90mstdout[2m | src/components/Editor3/Workbook.stories.jsx[2m > [22m[2mKitchen Sink
[22m[39m......!q {
  "answer": "ほん",
  "correct": false,
  "id": "quiz-q15",
}
[90mstdout[2m | src/components/Editor3/Workbook.stories.jsx[2m > [22m[2mKitchen Sink
[22m[39m......!q {
  "answer": "みず",
  "correct": false,
  "id": "quiz-q16",
}
[90mstdout[2m | src/components/Editor3/Workbook.stories.jsx[2m > [22m[2mKitchen Sink
[22m[39mQuestionBlock.nodeKey 154 type: string
[90mstdout[2m | src/components/Editor3/Workbook.stories.jsx[2m > [22m[2mKitchen Sink
[22m[39mQuestionBlock.questionContent [
  {
    "answer": "Hello",
    "correct": true,
    "id": "quiz-q1",
  },
  {
    "answer": "Goodbye",
    "correct": false,
    "id": "quiz-q2",
  },
  {
    "answer": "Thank you",
    "correct": false,
    "id": "quiz-q3",
  },
  {
    "answer": "Please",
    "correct": false,
    "id": "quiz-q4",
  },
  {
    "answer": "犬 (inu)",
    "correct": false,
    "id": "quiz-q5",
  },
  {
    "answer": "猫 (neko)",
    "correct": true,
    "id": "quiz-q6",
  },
  {
    "answer": "本 (hon)",
    "correct": false,
    "id": "quiz-q7",
  },
  {
    "answer": "水 (mizu)",
    "correct": false,
    "id": "quiz-q8",
  },
  {
    "answer": "さようなら",
    "correct": false,
    "id": "quiz-q9",
  },
  {
    "answer": "こんにちは",
    "correct": false,
    "id": "quiz-q10",
  },
  {
    "answer": "ありがとう",
    "correct": true,
    "id": "quiz-q11",
  },
  {
    "answer": "すみません",
    "correct": false,
    "id": "quiz-q12",
  },
  {
    "answer": "いぬ",
    "correct": true,
    "id": "quiz-q13",
  },
  {
    "answer": "ねこ",
    "correct": false,
    "id": "quiz-q14",
  },
  {
    "answer": "ほん",
    "correct": false,
    "id": "quiz-q15",
  },
  {
    "answer": "みず",
    "correct": false,
    "id": "quiz-q16",
  },
]
[90mstdout[2m | src/components/Editor3/Workbook.stories.jsx[2m > [22m[2mKitchen Sink
[22m[39mQuestionBlock.grade.data keys: []
[90mstdout[2m | src/components/Editor3/Workbook.stories.jsx[2m > [22m[2mKitchen Sink
[22m[39mQuestionBlock.grade.data[nodeKey]: undefined
[90mstdout[2m | src/components/Editor3/Workbook.stories.jsx[2m > [22m[2mKitchen Sink
[22m[39mQuestionBlockRo.inProgress {}
[90mstdout[2m | src/components/Editor3/Workbook.stories.jsx[2m > [22m[2mKitchen Sink
[22m[39mLearn._vocabulary [
  {
    "_version": 1,
    "definition": "Hello (Japanese)",
    "id": "vocab-word-1",
    "owner": "mock-user-sub",
    "phrase": "こんにちは",
    "pronunciation": "kon-ni-chi-wa",
  },
  {
    "_version": 1,
    "definition": "Cat (Japanese)",
    "id": "vocab-word-2",
    "owner": "mock-user-sub",
    "phrase": "猫",
    "pronunciation": "neko",
  },
  {
    "_version": 1,
    "definition": "Thank you (Japanese)",
    "id": "vocab-word-3",
    "owner": "mock-user-sub",
    "phrase": "ありがとう",
    "pronunciation": "a-ri-ga-tou",
  },
  {
    "_version": 1,
    "definition": "Dog (Japanese)",
    "id": "vocab-word-4",
    "owner": "mock-user-sub",
    "phrase": "犬",
    "pronunciation": "inu",
  },
  {
    "_version": 1,
    "definition": "Goodbye (Japanese)",
    "id": "vocab-word-5",
    "owner": "mock-user-sub",
    "phrase": "さようなら",
    "pronunciation": "sa-you-na-ra",
  },
]
[90mstdout[2m | src/components/Editor3/Workbook.stories.jsx[2m > [22m[2mKitchen Sink
[22m[39mMeaningAssociationExercise._vocabulary [
  {
    "_version": 1,
    "definition": "Hello (Japanese)",
    "id": "vocab-word-1",
    "owner": "mock-user-sub",
    "phrase": "こんにちは",
    "pronunciation": "kon-ni-chi-wa",
  },
  {
    "_version": 1,
    "definition": "Cat (Japanese)",
    "id": "vocab-word-2",
    "owner": "mock-user-sub",
    "phrase": "猫",
    "pronunciation": "neko",
  },
  {
    "_version": 1,
    "definition": "Thank you (Japanese)",
    "id": "vocab-word-3",
    "owner": "mock-user-sub",
    "phrase": "ありがとう",
    "pronunciation": "a-ri-ga-tou",
  },
  {
    "_version": 1,
    "definition": "Dog (Japanese)",
    "id": "vocab-word-4",
    "owner": "mock-user-sub",
    "phrase": "犬",
    "pronunciation": "inu",
  },
  {
    "_version": 1,
    "definition": "Goodbye (Japanese)",
    "id": "vocab-word-5",
    "owner": "mock-user-sub",
    "phrase": "さようなら",
    "pronunciation": "sa-you-na-ra",
  },
]
[90mstdout[2m | src/components/Editor3/Workbook.stories.jsx[2m > [22m[2mKitchen Sink
[22m[39mHard._vocabulary [
  {
    "_version": 1,
    "definition": "Hello (Japanese)",
    "id": "vocab-word-1",
    "owner": "mock-user-sub",
    "phrase": "こんにちは",
    "pronunciation": "kon-ni-chi-wa",
  },
  {
    "_version": 1,
    "definition": "Cat (Japanese)",
    "id": "vocab-word-2",
    "owner": "mock-user-sub",
    "phrase": "猫",
    "pronunciation": "neko",
  },
  {
    "_version": 1,
    "definition": "Thank you (Japanese)",
    "id": "vocab-word-3",
    "owner": "mock-user-sub",
    "phrase": "ありがとう",
    "pronunciation": "a-ri-ga-tou",
  },
  {
    "_version": 1,
    "definition": "Dog (Japanese)",
    "id": "vocab-word-4",
    "owner": "mock-user-sub",
    "phrase": "犬",
    "pronunciation": "inu",
  },
  {
    "_version": 1,
    "definition": "Goodbye (Japanese)",
    "id": "vocab-word-5",
    "owner": "mock-user-sub",
    "phrase": "さようなら",
    "pronunciation": "sa-you-na-ra",
  },
]
[90mstdout[2m | src/components/Editor3/Workbook.stories.jsx[2m > [22m[2mKitchen Sink
[22m[39m[useWorkbookCollaboration] Initializing for grade grade-kitchen-sink-1
[90mstdout[2m | src/components/Editor3/Workbook.stories.jsx[2m > [22m[2mKitchen Sink
[22m[39m[WorkbookCollaboration] Loaded 0 blocks from Grade.data
[90mstdout[2m | src/components/Editor3/Workbook.stories.jsx[2m > [22m[2mKitchen Sink
[22m[39m[FilesContext] Vector store population triggered {
  "currentVectorStoreSize": 3,
  "documentsCount": 0,
  "filesCount": 3,
  "isInitialLoad": true,
}
[90mstdout[2m | src/components/Editor3/Workbook.stories.jsx[2m > [22m[2mKitchen Sink
[22m[39m[FilesContext] Vector store population complete - 3 total embeddings
[90mstdout[2m | src/components/Editor3/Workbook.stories.jsx[2m > [22m[2mKitchen Sink
[22m[39m[ChatContext] No current chat available, will create one
[90mstdout[2m | src/components/Editor3/Workbook.stories.jsx[2m > [22m[2mKitchen Sink
[22m[39m[ChatContext] Creating AssistantChat with user: undefined
[90mstdout[2m | src/components/Editor3/Workbook.stories.jsx[2m > [22m[2mKitchen Sink
[22m[39m[Mock Data] AssistantChat created: mock-assistantchat-1790417418148 - notified 1 subscribers
[90mstdout[2m | src/components/Editor3/Workbook.stories.jsx[2m > [22m[2mKitchen Sink
[22m[39mCustomAnswerComponent.questionID question-1
[90mstdout[2m | src/components/Editor3/Workbook.stories.jsx[2m > [22m[2mKitchen Sink
[22m[39mCustomAnswerComponent.questionBank {}
[90mstdout[2m | src/components/Editor3/Workbook.stories.jsx[2m > [22m[2mKitchen Sink
[22m[39mCustomAnswerComponent.question {}
[90mstdout[2m | src/components/Editor3/Workbook.stories.jsx[2m > [22m[2mKitchen Sink
[22m[39mCustomAnswerComponent.question {}
[90mstdout[2m | src/components/Editor3/Workbook.stories.jsx[2m > [22m[2mKitchen Sink
[22m[39mCustomAnswerComponent.prompt undefined
[90mstdout[2m | src/components/Editor3/Workbook.stories.jsx[2m > [22m[2mKitchen Sink
[22m[39mCustomAnswerComponent.feedback[questionID] undefined
[90mstdout[2m | src/components/Editor3/Workbook.stories.jsx[2m > [22m[2mKitchen Sink
[22m[39mCustomAnswerComponent.isCompleted undefined
[90mstdout[2m | src/components/Editor3/Workbook.stories.jsx[2m > [22m[2mKitchen Sink
[22m[39mCustomAnswerComponent.currentPromptMethod text
[90mstdout[2m | src/components/Editor3/Workbook.stories.jsx[2m > [22m[2mKitchen Sink
[22m[39mCustomAnswerComponent.displayPrompt undefined
[90mstdout[2m | src/components/Editor3/Workbook.stories.jsx[2m > [22m[2mKitchen Sink
[22m[39mCustomAnswerComponent.questionID question-2
[90mstdout[2m | src/components/Editor3/Workbook.stories.jsx[2m > [22m[2mKitchen Sink
[22m[39mCustomAnswerComponent.questionBank {}
[90mstdout[2m | src/components/Editor3/Workbook.stories.jsx[2m > [22m[2mKitchen Sink
[22m[39mCustomAnswerComponent.question {}
[90mstdout[2m | src/components/Editor3/Workbook.stories.jsx[2m > [22m[2mKitchen Sink
[22m[39mCustomAnswerComponent.question {}
[90mstdout[2m | src/components/Editor3/Workbook.stories.jsx[2m > [22m[2mKitchen Sink
[22m[39mCustomAnswerComponent.prompt undefined
[90mstdout[2m | src/components/Editor3/Workbook.stories.jsx[2m > [22m[2mKitchen Sink
[22m[39mCustomAnswerComponent.feedback[questionID] undefined
[90mstdout[2m | src/components/Editor3/Workbook.stories.jsx[2m > [22m[2mKitchen Sink
[22m[39mCustomAnswerComponent.isCompleted undefined
[90mstdout[2m | src/components/Editor3/Workbook.stories.jsx[2m > [22m[2mKitchen Sink
[22m[39mCustomAnswerComponent.currentPromptMethod text
[90mstdout[2m | src/components/Editor3/Workbook.stories.jsx[2m > [22m[2mKitchen Sink
[22m[39mCustomAnswerComponent.displayPrompt undefined
[90mstdout[2m | src/components/Editor3/Workbook.stories.jsx[2m > [22m[2mKitchen Sink
[22m[39mEasy.nodeKey 149 type: string
[90mstdout[2m | src/components/Editor3/Workbook.stories.jsx[2m > [22m[2mKitchen Sink
[22m[39mEasy.grade: {
  "_version": 1,
  "accuracy": 0,
  "complete": false,
  "data": {},
  "id": "grade-kitchen-sink-1",
  "owner": "mock-user-sub",
  "percentComplete": 0,
  "timerStarted": true,
  "unitID": "kitchen-sink-workbook-id",
  "unitVersion": 1,
}
[90mstdout[2m | src/components/Editor3/Workbook.stories.jsx[2m > [22m[2mKitchen Sink
[22m[39mEasy.grade.data: {}
[90mstdout[2m | src/components/Editor3/Workbook.stories.jsx[2m > [22m[2mKitchen Sink
[22m[39mEasy.grade.data === grade? false
[90mstdout[2m | src/components/Editor3/Workbook.stories.jsx[2m > [22m[2mKitchen Sink
[22m[39mEasy.grade.data keys: []
[90mstdout[2m | src/components/Editor3/Workbook.stories.jsx[2m > [22m[2mKitchen Sink
[22m[39mEasy.grade.data[nodeKey]: undefined
[90mstdout[2m | src/components/Editor3/Workbook.stories.jsx[2m > [22m[2mKitchen Sink
[22m[39mEasy.inProgress {}
[90mstdout[2m | src/components/Editor3/Workbook.stories.jsx[2m > [22m[2mKitchen Sink
[22m[39mHard.attemptedAnswers {}
[90mstdout[2m | src/components/Editor3/Workbook.stories.jsx[2m > [22m[2mKitchen Sink
[22m[39mQuestionBlockRo.grade {
  "_version": 1,
  "accuracy": 0,
  "complete": false,
  "data": {},
  "id": "grade-kitchen-sink-1",
  "owner": "mock-user-sub",
  "percentComplete": 0,
  "timerStarted": true,
  "unitID": "kitchen-sink-workbook-id",
  "unitVersion": 1,
}
[90mstdout[2m | src/components/Editor3/Workbook.stories.jsx[2m > [22m[2mKitchen Sink
[22m[39m......!q {
  "answer": "Hello",
  "correct": true,
  "id": "quiz-q1",
}
[90mstdout[2m | src/components/Editor3/Workbook.stories.jsx[2m > [22m[2mKitchen Sink
[22m[39m......!q {
  "answer": "Goodbye",
  "correct": false,
  "id": "quiz-q2",
}
[90mstdout[2m | src/components/Editor3/Workbook.stories.jsx[2m > [22m[2mKitchen Sink
[22m[39m......!q {
  "answer": "Thank you",
  "correct": false,
  "id": "quiz-q3",
}
[90mstdout[2m | src/components/Editor3/Workbook.stories.jsx[2m > [22m[2mKitchen Sink
[22m[39m......!q {
  "answer": "Please",
  "correct": false,
  "id": "quiz-q4",
}
[90mstdout[2m | src/components/Editor3/Workbook.stories.jsx[2m > [22m[2mKitchen Sink
[22m[39m......!q {
  "answer": "犬 (inu)",
  "correct": false,
  "id": "quiz-q5",
}
[90mstdout[2m | src/components/Editor3/Workbook.stories.jsx[2m > [22m[2mKitchen Sink
[22m[39m......!q {
  "answer": "猫 (neko)",
  "correct": true,
  "id": "quiz-q6",
}
[90mstdout[2m | src/components/Editor3/Workbook.stories.jsx[2m > [22m[2mKitchen Sink
[22m[39m......!q {
  "answer": "本 (hon)",
  "correct": false,
  "id": "quiz-q7",
}
[90mstdout[2m | src/components/Editor3/Workbook.stories.jsx[2m > [22m[2mKitchen Sink
[22m[39m......!q {
  "answer": "水 (mizu)",
  "correct": false,
  "id": "quiz-q8",
}
[90mstdout[2m | src/components/Editor3/Workbook.stories.jsx[2m > [22m[2mKitchen Sink
[22m[39m......!q {
  "answer": "さようなら",
  "correct": false,
  "id": "quiz-q9",
}
[90mstdout[2m | src/components/Editor3/Workbook.stories.jsx[2m > [22m[2mKitchen Sink
[22m[39m......!q {
  "answer": "こんにちは",
  "correct": false,
  "id": "quiz-q10",
}
[90mstdout[2m | src/components/Editor3/Workbook.stories.jsx[2m > [22m[2mKitchen Sink
[22m[39m......!q {
  "answer": "ありがとう",
  "correct": true,
  "id": "quiz-q11",
}
[90mstdout[2m | src/components/Editor3/Workbook.stories.jsx[2m > [22m[2mKitchen Sink
[22m[39m......!q {
  "answer": "すみません",
  "correct": false,
  "id": "quiz-q12",
}
[90mstdout[2m | src/components/Editor3/Workbook.stories.jsx[2m > [22m[2mKitchen Sink
[22m[39m......!q {
  "answer": "いぬ",
  "correct": true,
  "id": "quiz-q13",
}
[90mstdout[2m | src/components/Editor3/Workbook.stories.jsx[2m > [22m[2mKitchen Sink
[22m[39m......!q {
  "answer": "ねこ",
  "correct": false,
  "id": "quiz-q14",
}
[90mstdout[2m | src/components/Editor3/Workbook.stories.jsx[2m > [22m[2mKitchen Sink
[22m[39m......!q {
  "answer": "ほん",
  "correct": false,
  "id": "quiz-q15",
}
[90mstdout[2m | src/components/Editor3/Workbook.stories.jsx[2m > [22m[2mKitchen Sink
[22m[39m......!q {
  "answer": "みず",
  "correct": false,
  "id": "quiz-q16",
}
[90mstdout[2m | src/components/Editor3/Workbook.stories.jsx[2m > [22m[2mKitchen Sink
[22m[39mQuestionBlock.nodeKey 154 type: string
[90mstdout[2m | src/components/Editor3/Workbook.stories.jsx[2m > [22m[2mKitchen Sink
[22m[39mQuestionBlock.questionContent [
  {
    "answer": "Hello",
    "correct": true,
    "id": "quiz-q1",
  },
  {
    "answer": "Goodbye",
    "correct": false,
    "id": "quiz-q2",
  },
  {
    "answer": "Thank you",
    "correct": false,
    "id": "quiz-q3",
  },
  {
    "answer": "Please",
    "correct": false,
    "id": "quiz-q4",
  },
  {
    "answer": "犬 (inu)",
    "correct": false,
    "id": "quiz-q5",
  },
  {
    "answer": "猫 (neko)",
    "correct": true,
    "id": "quiz-q6",
  },
  {
    "answer": "本 (hon)",
    "correct": false,
    "id": "quiz-q7",
  },
  {
    "answer": "水 (mizu)",
    "correct": false,
    "id": "quiz-q8",
  },
  {
    "answer": "さようなら",
    "correct": false,
    "id": "quiz-q9",
  },
  {
    "answer": "こんにちは",
    "correct": false,
    "id": "quiz-q10",
  },
  {
    "answer": "ありがとう",
    "correct": true,
    "id": "quiz-q11",
  },
  {
    "answer": "すみません",
    "correct": false,
    "id": "quiz-q12",
  },
  {
    "answer": "いぬ",
    "correct": true,
    "id": "quiz-q13",
  },
  {
    "answer": "ねこ",
    "correct": false,
    "id": "quiz-q14",
  },
  {
    "answer": "ほん",
    "correct": false,
    "id": "quiz-q15",
  },
  {
    "answer": "みず",
    "correct": false,
    "id": "quiz-q16",
  },
]
[90mstdout[2m | src/components/Editor3/Workbook.stories.jsx[2m > [22m[2mKitchen Sink
[22m[39mQuestionBlock.grade.data keys: []
[90mstdout[2m | src/components/Editor3/Workbook.stories.jsx[2m > [22m[2mKitchen Sink
[22m[39mQuestionBlock.grade.data[nodeKey]: undefined
[90mstdout[2m | src/components/Editor3/Workbook.stories.jsx[2m > [22m[2mKitchen Sink
[22m[39mQuestionBlockRo.inProgress {}
[90mstdout[2m | src/components/Editor3/Workbook.stories.jsx[2m > [22m[2mKitchen Sink
[22m[39m[ChatContext] Create result: {
  "data": {
    "_version": 1,
    "archived": false,
    "chatFiles": [Function anonymous],
    "createdAt": "2026-09-26T10:10:18.148Z",
    "id": "mock-assistantchat-1790417418148",
    "model": "gpt-4",
    "updatedAt": "2026-09-26T10:10:18.148Z",
  },
  "errors": [],
  "hasData": true,
  "hasErrors": true,
}
[90mstdout[2m | src/components/Editor3/Workbook.stories.jsx[2m > [22m[2mKitchen Sink
[22m[39m[ChatContext] Created AssistantChat: mock-assistantchat-1790417418148 at: 2026-09-26T10:10:18.148Z
[90mstdout[2m | src/components/Editor3/Workbook.stories.jsx[2m > [22m[2mKitchen Sink
[22m[39m[Mock Storage] downloadData called with: undefined
[90mstdout[2m | src/components/Editor3/Workbook.stories.jsx[2m > [22m[2mKitchen Sink
[22m[39m[YjsProvider] workbook-grade-kitchen-sink-1 connection status: connected
[90mstdout[2m | src/components/Editor3/Workbook.stories.jsx[2m > [22m[2mKitchen Sink
[22m[39m[YjsProvider] workbook-grade-kitchen-sink-1 synced with server
[90mstdout[2m | src/components/Editor3/Workbook.stories.jsx[2m > [22m[2mKitchen Sink
[22m[39m[ChatContext] Setting initial chat: mock-assistantchat-1790417418148
[90mstdout[2m | src/components/Editor3/Workbook.stories.jsx[2m > [22m[2mKitchen Sink
[22m[39mCustomAnswerComponent.questionID question-1
[90mstdout[2m | src/components/Editor3/Workbook.stories.jsx[2m > [22m[2mKitchen Sink
[22m[39mCustomAnswerComponent.questionBank {}
[90mstdout[2m | src/components/Editor3/Workbook.stories.jsx[2m > [22m[2mKitchen Sink
[22m[39mCustomAnswerComponent.question {}
[90mstdout[2m | src/components/Editor3/Workbook.stories.jsx[2m > [22m[2mKitchen Sink
[22m[39mCustomAnswerComponent.question {}
[90mstdout[2m | src/components/Editor3/Workbook.stories.jsx[2m > [22m[2mKitchen Sink
[22m[39mCustomAnswerComponent.prompt undefined
[90mstdout[2m | src/components/Editor3/Workbook.stories.jsx[2m > [22m[2mKitchen Sink
[22m[39mCustomAnswerComponent.feedback[questionID] undefined
[90mstdout[2m | src/components/Editor3/Workbook.stories.jsx[2m > [22m[2mKitchen Sink
[22m[39mCustomAnswerComponent.isCompleted undefined
[90mstdout[2m | src/components/Editor3/Workbook.stories.jsx[2m > [22m[2mKitchen Sink
[22m[39mCustomAnswerComponent.currentPromptMethod text
[90mstdout[2m | src/components/Editor3/Workbook.stories.jsx[2m > [22m[2mKitchen Sink
[22m[39mCustomAnswerComponent.displayPrompt undefined
[90mstdout[2m | src/components/Editor3/Workbook.stories.jsx[2m > [22m[2mKitchen Sink
[22m[39mCustomAnswerComponent.questionID question-2
[90mstdout[2m | src/components/Editor3/Workbook.stories.jsx[2m > [22m[2mKitchen Sink
[22m[39mCustomAnswerComponent.questionBank {}
[90mstdout[2m | src/components/Editor3/Workbook.stories.jsx[2m > [22m[2mKitchen Sink
[22m[39mCustomAnswerComponent.question {}
[90mstdout[2m | src/components/Editor3/Workbook.stories.jsx[2m > [22m[2mKitchen Sink
[22m[39mCustomAnswerComponent.question {}
[90mstdout[2m | src/components/Editor3/Workbook.stories.jsx[2m > [22m[2mKitchen Sink
[22m[39mCustomAnswerComponent.prompt undefined
[90mstdout[2m | src/components/Editor3/Workbook.stories.jsx[2m > [22m[2mKitchen Sink
[22m[39mCustomAnswerComponent.feedback[questionID] undefined
[90mstdout[2m | src/components/Editor3/Workbook.stories.jsx[2m > [22m[2mKitchen Sink
[22m[39mCustomAnswerComponent.isCompleted undefined
[90mstdout[2m | src/components/Editor3/Workbook.stories.jsx[2m > [22m[2mKitchen Sink
[22m[39mCustomAnswerComponent.currentPromptMethod text
[90mstdout[2m | src/components/Editor3/Workbook.stories.jsx[2m > [22m[2mKitchen Sink
[22m[39mCustomAnswerComponent.displayPrompt undefined
[90mstdout[2m | src/components/Editor3/Workbook.stories.jsx[2m > [22m[2mKitchen Sink
[22m[39mEasy.nodeKey 149 type: string
[90mstdout[2m | src/components/Editor3/Workbook.stories.jsx[2m > [22m[2mKitchen Sink
[22m[39mEasy.grade: {
  "_version": 1,
  "accuracy": 0,
  "complete": false,
  "data": {},
  "id": "grade-kitchen-sink-1",
  "owner": "mock-user-sub",
  "percentComplete": 0,
  "timerStarted": true,
  "unitID": "kitchen-sink-workbook-id",
  "unitVersion": 1,
}
[90mstdout[2m | src/components/Editor3/Workbook.stories.jsx[2m > [22m[2mKitchen Sink
[22m[39mEasy.grade.data: {}
[90mstdout[2m | src/components/Editor3/Workbook.stories.jsx[2m > [22m[2mKitchen Sink
[22m[39mEasy.grade.data === grade? false
[90mstdout[2m | src/components/Editor3/Workbook.stories.jsx[2m > [22m[2mKitchen Sink
[22m[39mEasy.grade.data keys: []
[90mstdout[2m | src/components/Editor3/Workbook.stories.jsx[2m > [22m[2mKitchen Sink
[22m[39mEasy.grade.data[nodeKey]: undefined
[90mstdout[2m | src/components/Editor3/Workbook.stories.jsx[2m > [22m[2mKitchen Sink
[22m[39mEasy.inProgress {}
[90mstdout[2m | src/components/Editor3/Workbook.stories.jsx[2m > [22m[2mKitchen Sink
[22m[39mHard.attemptedAnswers {}
[90mstdout[2m | src/components/Editor3/Workbook.stories.jsx[2m > [22m[2mKitchen Sink
[22m[39mQuestionBlockRo.grade {
  "_version": 1,
  "accuracy": 0,
  "complete": false,
  "data": {},
  "id": "grade-kitchen-sink-1",
  "owner": "mock-user-sub",
  "percentComplete": 0,
  "timerStarted": true,
  "unitID": "kitchen-sink-workbook-id",
  "unitVersion": 1,
}
[90mstdout[2m | src/components/Editor3/Workbook.stories.jsx[2m > [22m[2mKitchen Sink
[22m[39m......!q {
  "answer": "Hello",
  "correct": true,
  "id": "quiz-q1",
}
[90mstdout[2m | src/components/Editor3/Workbook.stories.jsx[2m > [22m[2mKitchen Sink
[22m[39m......!q {
  "answer": "Goodbye",
  "correct": false,
  "id": "quiz-q2",
}
[90mstdout[2m | src/components/Editor3/Workbook.stories.jsx[2m > [22m[2mKitchen Sink
[22m[39m......!q {
  "answer": "Thank you",
  "correct": false,
  "id": "quiz-q3",
}
[90mstdout[2m | src/components/Editor3/Workbook.stories.jsx[2m > [22m[2mKitchen Sink
[22m[39m......!q {
  "answer": "Please",
  "correct": false,
  "id": "quiz-q4",
}
[90mstdout[2m | src/components/Editor3/Workbook.stories.jsx[2m > [22m[2mKitchen Sink
[22m[39m......!q {
  "answer": "犬 (inu)",
  "correct": false,
  "id": "quiz-q5",
}
[90mstdout[2m | src/components/Editor3/Workbook.stories.jsx[2m > [22m[2mKitchen Sink
[22m[39m......!q {
  "answer": "猫 (neko)",
  "correct": true,
  "id": "quiz-q6",
}
[90mstdout[2m | src/components/Editor3/Workbook.stories.jsx[2m > [22m[2mKitchen Sink
[22m[39m......!q {
  "answer": "本 (hon)",
  "correct": false,
  "id": "quiz-q7",
}
[90mstdout[2m | src/components/Editor3/Workbook.stories.jsx[2m > [22m[2mKitchen Sink
[22m[39m......!q {
  "answer": "水 (mizu)",
  "correct": false,
  "id": "quiz-q8",
}
[90mstdout[2m | src/components/Editor3/Workbook.stories.jsx[2m > [22m[2mKitchen Sink
[22m[39m......!q {
  "answer": "さようなら",
  "correct": false,
  "id": "quiz-q9",
}
[90mstdout[2m | src/components/Editor3/Workbook.stories.jsx[2m > [22m[2mKitchen Sink
[22m[39m......!q {
  "answer": "こんにちは",
  "correct": false,
  "id": "quiz-q10",
}
[90mstdout[2m | src/components/Editor3/Workbook.stories.jsx[2m > [22m[2mKitchen Sink
[22m[39m......!q {
  "answer": "ありがとう",
  "correct": true,
  "id": "quiz-q11",
}
[90mstdout[2m | src/components/Editor3/Workbook.stories.jsx[2m > [22m[2mKitchen Sink
[22m[39m......!q {
  "answer": "すみません",
  "correct": false,
  "id": "quiz-q12",
}
[90mstdout[2m | src/components/Editor3/Workbook.stories.jsx[2m > [22m[2mKitchen Sink
[22m[39m......!q {
  "answer": "いぬ",
  "correct": true,
  "id": "quiz-q13",
}
[90mstdout[2m | src/components/Editor3/Workbook.stories.jsx[2m > [22m[2mKitchen Sink
[22m[39m......!q {
  "answer": "ねこ",
  "correct": false,
  "id": "quiz-q14",
}
[90mstdout[2m | src/components/Editor3/Workbook.stories.jsx[2m > [22m[2mKitchen Sink
[22m[39m......!q {
  "answer": "ほん",
  "correct": false,
  "id": "quiz-q15",
}
[90mstdout[2m | src/components/Editor3/Workbook.stories.jsx[2m > [22m[2mKitchen Sink
[22m[39m......!q {
  "answer": "みず",
  "correct": false,
  "id": "quiz-q16",
}
[90mstdout[2m | src/components/Editor3/Workbook.stories.jsx[2m > [22m[2mKitchen Sink
[22m[39mQuestionBlock.nodeKey 154 type: string
[90mstdout[2m | src/components/Editor3/Workbook.stories.jsx[2m > [22m[2mKitchen Sink
[22m[39mQuestionBlock.questionContent [
  {
    "answer": "Hello",
    "correct": true,
    "id": "quiz-q1",
  },
  {
    "answer": "Goodbye",
    "correct": false,
    "id": "quiz-q2",
  },
  {
    "answer": "Thank you",
    "correct": false,
    "id": "quiz-q3",
  },
  {
    "answer": "Please",
    "correct": false,
    "id": "quiz-q4",
  },
  {
    "answer": "犬 (inu)",
    "correct": false,
    "id": "quiz-q5",
  },
  {
    "answer": "猫 (neko)",
    "correct": true,
    "id": "quiz-q6",
  },
  {
    "answer": "本 (hon)",
    "correct": false,
    "id": "quiz-q7",
  },
  {
    "answer": "水 (mizu)",
    "correct": false,
    "id": "quiz-q8",
  },
  {
    "answer": "さようなら",
    "correct": false,
    "id": "quiz-q9",
  },
  {
    "answer": "こんにちは",
    "correct": false,
    "id": "quiz-q10",
  },
  {
    "answer": "ありがとう",
    "correct": true,
    "id": "quiz-q11",
  },
  {
    "answer": "すみません",
    "correct": false,
    "id": "quiz-q12",
  },
  {
    "answer": "いぬ",
    "correct": true,
    "id": "quiz-q13",
  },
  {
    "answer": "ねこ",
    "correct": false,
    "id": "quiz-q14",
  },
  {
    "answer": "ほん",
    "correct": false,
    "id": "quiz-q15",
  },
  {
    "answer": "みず",
    "correct": false,
    "id": "quiz-q16",
  },
]
[90mstdout[2m | src/components/Editor3/Workbook.stories.jsx[2m > [22m[2mKitchen Sink
[22m[39mQuestionBlock.grade.data keys: []
[90mstdout[2m | src/components/Editor3/Workbook.stories.jsx[2m > [22m[2mKitchen Sink
[22m[39mQuestionBlock.grade.data[nodeKey]: undefined
[90mstdout[2m | src/components/Editor3/Workbook.stories.jsx[2m > [22m[2mKitchen Sink
[22m[39mQuestionBlockRo.inProgress {}
[90mstdout[2m | src/components/Editor3/Workbook.stories.jsx[2m > [22m[2mKitchen Sink
[22m[39m[ChatContext] Chat exists and not archived, skipping creation
[90mstdout[2m | src/components/Editor3/Workbook.stories.jsx[2m > [22m[2mKitchen Sink
[22m[39mCustomAnswerComponent.questionID question-1
[90mstdout[2m | src/components/Editor3/Workbook.stories.jsx[2m > [22m[2mKitchen Sink
[22m[39mCustomAnswerComponent.questionBank {}
[90mstdout[2m | src/components/Editor3/Workbook.stories.jsx[2m > [22m[2mKitchen Sink
[22m[39mCustomAnswerComponent.question {}
[90mstdout[2m | src/components/Editor3/Workbook.stories.jsx[2m > [22m[2mKitchen Sink
[22m[39mCustomAnswerComponent.question {}
[90mstdout[2m | src/components/Editor3/Workbook.stories.jsx[2m > [22m[2mKitchen Sink
[22m[39mCustomAnswerComponent.prompt undefined
[90mstdout[2m | src/components/Editor3/Workbook.stories.jsx[2m > [22m[2mKitchen Sink
[22m[39mCustomAnswerComponent.feedback[questionID] undefined
[90mstdout[2m | src/components/Editor3/Workbook.stories.jsx[2m > [22m[2mKitchen Sink
[22m[39mCustomAnswerComponent.isCompleted undefined
[90mstdout[2m | src/components/Editor3/Workbook.stories.jsx[2m > [22m[2mKitchen Sink
[22m[39mCustomAnswerComponent.currentPromptMethod text
[90mstdout[2m | src/components/Editor3/Workbook.stories.jsx[2m > [22m[2mKitchen Sink
[22m[39mCustomAnswerComponent.displayPrompt undefined
[90mstdout[2m | src/components/Editor3/Workbook.stories.jsx[2m > [22m[2mKitchen Sink
[22m[39mCustomAnswerComponent.questionID question-2
[90mstdout[2m | src/components/Editor3/Workbook.stories.jsx[2m > [22m[2mKitchen Sink
[22m[39mCustomAnswerComponent.questionBank {}
[90mstdout[2m | src/components/Editor3/Workbook.stories.jsx[2m > [22m[2mKitchen Sink
[22m[39mCustomAnswerComponent.question {}
[90mstdout[2m | src/components/Editor3/Workbook.stories.jsx[2m > [22m[2mKitchen Sink
[22m[39mCustomAnswerComponent.question {}
[90mstdout[2m | src/components/Editor3/Workbook.stories.jsx[2m > [22m[2mKitchen Sink
[22m[39mCustomAnswerComponent.prompt undefined
[90mstdout[2m | src/components/Editor3/Workbook.stories.jsx[2m > [22m[2mKitchen Sink
[22m[39mCustomAnswerComponent.feedback[questionID] undefined
[90mstdout[2m | src/components/Editor3/Workbook.stories.jsx[2m > [22m[2mKitchen Sink
[22m[39mCustomAnswerComponent.isCompleted undefined
[90mstdout[2m | src/components/Editor3/Workbook.stories.jsx[2m > [22m[2mKitchen Sink
[22m[39mCustomAnswerComponent.currentPromptMethod text
[90mstdout[2m | src/components/Editor3/Workbook.stories.jsx[2m > [22m[2mKitchen Sink
[22m[39mCustomAnswerComponent.displayPrompt undefined
[90mstdout[2m | src/components/Editor3/Workbook.stories.jsx[2m > [22m[2mKitchen Sink
[22m[39mEasy.nodeKey 149 type: string
[90mstdout[2m | src/components/Editor3/Workbook.stories.jsx[2m > [22m[2mKitchen Sink
[22m[39mEasy.grade: {
  "_version": 1,
  "accuracy": 0,
  "complete": false,
  "data": {},
  "id": "grade-kitchen-sink-1",
  "owner": "mock-user-sub",
  "percentComplete": 0,
  "timerStarted": true,
  "unitID": "kitchen-sink-workbook-id",
  "unitVersion": 1,
}
[90mstdout[2m | src/components/Editor3/Workbook.stories.jsx[2m > [22m[2mKitchen Sink
[22m[39mEasy.grade.data: {}
[90mstdout[2m | src/components/Editor3/Workbook.stories.jsx[2m > [22m[2mKitchen Sink
[22m[39mEasy.grade.data === grade? false
[90mstdout[2m | src/components/Editor3/Workbook.stories.jsx[2m > [22m[2mKitchen Sink
[22m[39mEasy.grade.data keys: []
[90mstdout[2m | src/components/Editor3/Workbook.stories.jsx[2m > [22m[2mKitchen Sink
[22m[39mEasy.grade.data[nodeKey]: undefined
[90mstdout[2m | src/components/Editor3/Workbook.stories.jsx[2m > [22m[2mKitchen Sink
[22m[39mEasy.inProgress {}
[90mstdout[2m | src/components/Editor3/Workbook.stories.jsx[2m > [22m[2mKitchen Sink
[22m[39mHard.attemptedAnswers {}
[90mstdout[2m | src/components/Editor3/Workbook.stories.jsx[2m > [22m[2mKitchen Sink
[22m[39mQuestionBlockRo.grade {
  "_version": 1,
  "accuracy": 0,
  "complete": false,
  "data": {},
  "id": "grade-kitchen-sink-1",
  "owner": "mock-user-sub",
  "percentComplete": 0,
  "timerStarted": true,
  "unitID": "kitchen-sink-workbook-id",
  "unitVersion": 1,
}
[90mstdout[2m | src/components/Editor3/Workbook.stories.jsx[2m > [22m[2mKitchen Sink
[22m[39m......!q {
  "answer": "Hello",
  "correct": true,
  "id": "quiz-q1",
}
[90mstdout[2m | src/components/Editor3/Workbook.stories.jsx[2m > [22m[2mKitchen Sink
[22m[39m......!q {
  "answer": "Goodbye",
  "correct": false,
  "id": "quiz-q2",
}
[90mstdout[2m | src/components/Editor3/Workbook.stories.jsx[2m > [22m[2mKitchen Sink
[22m[39m......!q {
  "answer": "Thank you",
  "correct": false,
  "id": "quiz-q3",
}
[90mstdout[2m | src/components/Editor3/Workbook.stories.jsx[2m > [22m[2mKitchen Sink
[22m[39m......!q {
  "answer": "Please",
  "correct": false,
  "id": "quiz-q4",
}
[90mstdout[2m | src/components/Editor3/Workbook.stories.jsx[2m > [22m[2mKitchen Sink
[22m[39m......!q {
  "answer": "犬 (inu)",
  "correct": false,
  "id": "quiz-q5",
}
[90mstdout[2m | src/components/Editor3/Workbook.stories.jsx[2m > [22m[2mKitchen Sink
[22m[39m......!q {
  "answer": "猫 (neko)",
  "correct": true,
  "id": "quiz-q6",
}
[90mstdout[2m | src/components/Editor3/Workbook.stories.jsx[2m > [22m[2mKitchen Sink
[22m[39m......!q {
  "answer": "本 (hon)",
  "correct": false,
  "id": "quiz-q7",
}
[90mstdout[2m | src/components/Editor3/Workbook.stories.jsx[2m > [22m[2mKitchen Sink
[22m[39m......!q {
  "answer": "水 (mizu)",
  "correct": false,
  "id": "quiz-q8",
}
[90mstdout[2m | src/components/Editor3/Workbook.stories.jsx[2m > [22m[2mKitchen Sink
[22m[39m......!q {
  "answer": "さようなら",
  "correct": false,
  "id": "quiz-q9",
}
[90mstdout[2m | src/components/Editor3/Workbook.stories.jsx[2m > [22m[2mKitchen Sink
[22m[39m......!q {
  "answer": "こんにちは",
  "correct": false,
  "id": "quiz-q10",
}
[90mstdout[2m | src/components/Editor3/Workbook.stories.jsx[2m > [22m[2mKitchen Sink
[22m[39m......!q {
  "answer": "ありがとう",
  "correct": true,
  "id": "quiz-q11",
}
[90mstdout[2m | src/components/Editor3/Workbook.stories.jsx[2m > [22m[2mKitchen Sink
[22m[39m......!q {
  "answer": "すみません",
  "correct": false,
  "id": "quiz-q12",
}
[90mstdout[2m | src/components/Editor3/Workbook.stories.jsx[2m > [22m[2mKitchen Sink
[22m[39m......!q {
  "answer": "いぬ",
  "correct": true,
  "id": "quiz-q13",
}
[90mstdout[2m | src/components/Editor3/Workbook.stories.jsx[2m > [22m[2mKitchen Sink
[22m[39m......!q {
  "answer": "ねこ",
  "correct": false,
  "id": "quiz-q14",
}
[90mstdout[2m | src/components/Editor3/Workbook.stories.jsx[2m > [22m[2mKitchen Sink
[22m[39m......!q {
  "answer": "ほん",
  "correct": false,
  "id": "quiz-q15",
}
[90mstdout[2m | src/components/Editor3/Workbook.stories.jsx[2m > [22m[2mKitchen Sink
[22m[39m......!q {
  "answer": "みず",
  "correct": false,
  "id": "quiz-q16",
}
[90mstdout[2m | src/components/Editor3/Workbook.stories.jsx[2m > [22m[2mKitchen Sink
[22m[39mQuestionBlock.nodeKey 154 type: string
[90mstdout[2m | src/components/Editor3/Workbook.stories.jsx[2m > [22m[2mKitchen Sink
[22m[39mQuestionBlock.questionContent [
  {
    "answer": "Hello",
    "correct": true,
    "id": "quiz-q1",
  },
  {
    "answer": "Goodbye",
    "correct": false,
    "id": "quiz-q2",
  },
  {
    "answer": "Thank you",
    "correct": false,
    "id": "quiz-q3",
  },
  {
    "answer": "Please",
    "correct": false,
    "id": "quiz-q4",
  },
  {
    "answer": "犬 (inu)",
    "correct": false,
    "id": "quiz-q5",
  },
  {
    "answer": "猫 (neko)",
    "correct": true,
    "id": "quiz-q6",
  },
  {
    "answer": "本 (hon)",
    "correct": false,
    "id": "quiz-q7",
  },
  {
    "answer": "水 (mizu)",
    "correct": false,
    "id": "quiz-q8",
  },
  {
    "answer": "さようなら",
    "correct": false,
    "id": "quiz-q9",
  },
  {
    "answer": "こんにちは",
    "correct": false,
    "id": "quiz-q10",
  },
  {
    "answer": "ありがとう",
    "correct": true,
    "id": "quiz-q11",
  },
  {
    "answer": "すみません",
    "correct": false,
    "id": "quiz-q12",
  },
  {
    "answer": "いぬ",
    "correct": true,
    "id": "quiz-q13",
  },
  {
    "answer": "ねこ",
    "correct": false,
    "id": "quiz-q14",
  },
  {
    "answer": "ほん",
    "correct": false,
    "id": "quiz-q15",
  },
  {
    "answer": "みず",
    "correct": false,
    "id": "quiz-q16",
  },
]
[90mstdout[2m | src/components/Editor3/Workbook.stories.jsx[2m > [22m[2mKitchen Sink
[22m[39mQuestionBlock.grade.data keys: []
[90mstdout[2m | src/components/Editor3/Workbook.stories.jsx[2m > [22m[2mKitchen Sink
[22m[39mQuestionBlock.grade.data[nodeKey]: undefined
[90mstdout[2m | src/components/Editor3/Workbook.stories.jsx[2m > [22m[2mKitchen Sink
[22m[39mQuestionBlockRo.inProgress {}
[90mstdout[2m | src/components/Editor3/Workbook.stories.jsx[2m > [22m[2mKitchen Sink
[22m[39mmeow: ?thisAnswer {
  "answer": "Hello",
  "correct": true,
  "id": "quiz-q1",
}
[90mstdout[2m | src/components/Editor3/Workbook.stories.jsx[2m > [22m[2mKitchen Sink
[22m[39mattemptedArr.length === correctArrLen 1 4
[90mstdout[2m | src/components/Editor3/Workbook.stories.jsx[2m > [22m[2mKitchen Sink
[22m[39mverifiedArr.length === correctArrLen 1 4
[90mstdout[2m | src/components/Editor3/Workbook.stories.jsx[2m > [22m[2mKitchen Sink
[22m[39mthisExerciseDone false
[90mstdout[2m | src/components/Editor3/Workbook.stories.jsx[2m > [22m[2mKitchen Sink
[22m[39msavedGradeCopy {
  "154": {
    "accuracy": 25,
    "attemptedAnswers": [
      "Hello",
    ],
    "complete": false,
    "correctAnswers": [
      "Hello",
    ],
    "percentComplete": 25,
  },
}
[90mstdout[2m | src/components/Editor3/Workbook.stories.jsx[2m > [22m[2mKitchen Sink
[22m[39mCustomAnswerComponent.questionID question-1
[90mstdout[2m | src/components/Editor3/Workbook.stories.jsx[2m > [22m[2mKitchen Sink
[22m[39mCustomAnswerComponent.questionBank {}
[90mstdout[2m | src/components/Editor3/Workbook.stories.jsx[2m > [22m[2mKitchen Sink
[22m[39mCustomAnswerComponent.question {}
[90mstdout[2m | src/components/Editor3/Workbook.stories.jsx[2m > [22m[2mKitchen Sink
[22m[39mCustomAnswerComponent.question {}
[90mstdout[2m | src/components/Editor3/Workbook.stories.jsx[2m > [22m[2mKitchen Sink
[22m[39mCustomAnswerComponent.prompt undefined
[90mstdout[2m | src/components/Editor3/Workbook.stories.jsx[2m > [22m[2mKitchen Sink
[22m[39mCustomAnswerComponent.feedback[questionID] undefined
[90mstdout[2m | src/components/Editor3/Workbook.stories.jsx[2m > [22m[2mKitchen Sink
[22m[39mCustomAnswerComponent.isCompleted undefined
[90mstdout[2m | src/components/Editor3/Workbook.stories.jsx[2m > [22m[2mKitchen Sink
[22m[39mCustomAnswerComponent.currentPromptMethod text
[90mstdout[2m | src/components/Editor3/Workbook.stories.jsx[2m > [22m[2mKitchen Sink
[22m[39mCustomAnswerComponent.displayPrompt undefined
[90mstdout[2m | src/components/Editor3/Workbook.stories.jsx[2m > [22m[2mKitchen Sink
[22m[39mCustomAnswerComponent.questionID question-2
[90mstdout[2m | src/components/Editor3/Workbook.stories.jsx[2m > [22m[2mKitchen Sink
[22m[39mCustomAnswerComponent.questionBank {}
[90mstdout[2m | src/components/Editor3/Workbook.stories.jsx[2m > [22m[2mKitchen Sink
[22m[39mCustomAnswerComponent.question {}
[90mstdout[2m | src/components/Editor3/Workbook.stories.jsx[2m > [22m[2mKitchen Sink
[22m[39mCustomAnswerComponent.question {}
[90mstdout[2m | src/components/Editor3/Workbook.stories.jsx[2m > [22m[2mKitchen Sink
[22m[39mCustomAnswerComponent.prompt undefined
[90mstdout[2m | src/components/Editor3/Workbook.stories.jsx[2m > [22m[2mKitchen Sink
[22m[39mCustomAnswerComponent.feedback[questionID] undefined
[90mstdout[2m | src/components/Editor3/Workbook.stories.jsx[2m > [22m[2mKitchen Sink
[22m[39mCustomAnswerComponent.isCompleted undefined
[90mstdout[2m | src/components/Editor3/Workbook.stories.jsx[2m > [22m[2mKitchen Sink
[22m[39mCustomAnswerComponent.currentPromptMethod text
[90mstdout[2m | src/components/Editor3/Workbook.stories.jsx[2m > [22m[2mKitchen Sink
[22m[39mCustomAnswerComponent.displayPrompt undefined
[90mstdout[2m | src/components/Editor3/Workbook.stories.jsx[2m > [22m[2mKitchen Sink
[22m[39mEasy.nodeKey 149 type: string
[90mstdout[2m | src/components/Editor3/Workbook.stories.jsx[2m > [22m[2mKitchen Sink
[22m[39mEasy.grade: {
  "_version": 1,
  "accuracy": null,
  "complete": false,
  "data": {
    "154": {
      "accuracy": 25,
      "attemptedAnswers": [
        "Hello",
      ],
      "complete": false,
      "correctAnswers": [
        "Hello",
      ],
      "percentComplete": 25,
    },
  },
  "id": "grade-kitchen-sink-1",
  "owner": "mock-user-sub",
  "percentComplete": 0,
  "timerStarted": true,
  "unitID": "kitchen-sink-workbook-id",
  "unitVersion": 1,
}
[90mstdout[2m | src/components/Editor3/Workbook.stories.jsx[2m > [22m[2mKitchen Sink
[22m[39mEasy.grade.data: {
  "154": {
    "accuracy": 25,
    "attemptedAnswers": [
      "Hello",
    ],
    "complete": false,
    "correctAnswers": [
      "Hello",
    ],
    "percentComplete": 25,
  },
}
[90mstdout[2m | src/components/Editor3/Workbook.stories.jsx[2m > [22m[2mKitchen Sink
[22m[39mEasy.grade.data === grade? false
[90mstdout[2m | src/components/Editor3/Workbook.stories.jsx[2m > [22m[2mKitchen Sink
[22m[39mEasy.grade.data keys: [
  "154",
]
[90mstdout[2m | src/components/Editor3/Workbook.stories.jsx[2m > [22m[2mKitchen Sink
[22m[39mEasy.grade.data[nodeKey]: undefined
[90mstdout[2m | src/components/Editor3/Workbook.stories.jsx[2m > [22m[2mKitchen Sink
[22m[39mEasy.inProgress {}
[90mstdout[2m | src/components/Editor3/Workbook.stories.jsx[2m > [22m[2mKitchen Sink
[22m[39mHard.attemptedAnswers {}
[90mstdout[2m | src/components/Editor3/Workbook.stories.jsx[2m > [22m[2mKitchen Sink
[22m[39mQuestionBlockRo.grade {
  "_version": 1,
  "accuracy": null,
  "complete": false,
  "data": {
    "154": {
      "accuracy": 25,
      "attemptedAnswers": [
        "Hello",
      ],
      "complete": false,
      "correctAnswers": [
        "Hello",
      ],
      "percentComplete": 25,
    },
  },
  "id": "grade-kitchen-sink-1",
  "owner": "mock-user-sub",
  "percentComplete": 0,
  "timerStarted": true,
  "unitID": "kitchen-sink-workbook-id",
  "unitVersion": 1,
}
[90mstdout[2m | src/components/Editor3/Workbook.stories.jsx[2m > [22m[2mKitchen Sink
[22m[39m......!q {
  "answer": "Hello",
  "correct": true,
  "id": "quiz-q1",
}
[90mstdout[2m | src/components/Editor3/Workbook.stories.jsx[2m > [22m[2mKitchen Sink
[22m[39m......!q {
  "answer": "Goodbye",
  "correct": false,
  "id": "quiz-q2",
}
[90mstdout[2m | src/components/Editor3/Workbook.stories.jsx[2m > [22m[2mKitchen Sink
[22m[39m......!q {
  "answer": "Thank you",
  "correct": false,
  "id": "quiz-q3",
}
[90mstdout[2m | src/components/Editor3/Workbook.stories.jsx[2m > [22m[2mKitchen Sink
[22m[39m......!q {
  "answer": "Please",
  "correct": false,
  "id": "quiz-q4",
}
[90mstdout[2m | src/components/Editor3/Workbook.stories.jsx[2m > [22m[2mKitchen Sink
[22m[39m......!q {
  "answer": "犬 (inu)",
  "correct": false,
  "id": "quiz-q5",
}
[90mstdout[2m | src/components/Editor3/Workbook.stories.jsx[2m > [22m[2mKitchen Sink
[22m[39m......!q {
  "answer": "猫 (neko)",
  "correct": true,
  "id": "quiz-q6",
}
[90mstdout[2m | src/components/Editor3/Workbook.stories.jsx[2m > [22m[2mKitchen Sink
[22m[39m......!q {
  "answer": "本 (hon)",
  "correct": false,
  "id": "quiz-q7",
}
[90mstdout[2m | src/components/Editor3/Workbook.stories.jsx[2m > [22m[2mKitchen Sink
[22m[39m......!q {
  "answer": "水 (mizu)",
  "correct": false,
  "id": "quiz-q8",
}
[90mstdout[2m | src/components/Editor3/Workbook.stories.jsx[2m > [22m[2mKitchen Sink
[22m[39m......!q {
  "answer": "さようなら",
  "correct": false,
  "id": "quiz-q9",
}
[90mstdout[2m | src/components/Editor3/Workbook.stories.jsx[2m > [22m[2mKitchen Sink
[22m[39m......!q {
  "answer": "こんにちは",
  "correct": false,
  "id": "quiz-q10",
}
[90mstdout[2m | src/components/Editor3/Workbook.stories.jsx[2m > [22m[2mKitchen Sink
[22m[39m......!q {
  "answer": "ありがとう",
  "correct": true,
  "id": "quiz-q11",
}
[90mstdout[2m | src/components/Editor3/Workbook.stories.jsx[2m > [22m[2mKitchen Sink
[22m[39m......!q {
  "answer": "すみません",
  "correct": false,
  "id": "quiz-q12",
}
[90mstdout[2m | src/components/Editor3/Workbook.stories.jsx[2m > [22m[2mKitchen Sink
[22m[39m......!q {
  "answer": "いぬ",
  "correct": true,
  "id": "quiz-q13",
}
[90mstdout[2m | src/components/Editor3/Workbook.stories.jsx[2m > [22m[2mKitchen Sink
[22m[39m......!q {
  "answer": "ねこ",
  "correct": false,
  "id": "quiz-q14",
}
[90mstdout[2m | src/components/Editor3/Workbook.stories.jsx[2m > [22m[2mKitchen Sink
[22m[39m......!q {
  "answer": "ほん",
  "correct": false,
  "id": "quiz-q15",
}
[90mstdout[2m | src/components/Editor3/Workbook.stories.jsx[2m > [22m[2mKitchen Sink
[22m[39m......!q {
  "answer": "みず",
  "correct": false,
  "id": "quiz-q16",
}
[90mstdout[2m | src/components/Editor3/Workbook.stories.jsx[2m > [22m[2mKitchen Sink
[22m[39mQuestionBlock.nodeKey 154 type: string
[90mstdout[2m | src/components/Editor3/Workbook.stories.jsx[2m > [22m[2mKitchen Sink
[22m[39mQuestionBlock.questionContent [
  {
    "answer": "Hello",
    "correct": true,
    "id": "quiz-q1",
  },
  {
    "answer": "Goodbye",
    "correct": false,
    "id": "quiz-q2",
  },
  {
    "answer": "Thank you",
    "correct": false,
    "id": "quiz-q3",
  },
  {
    "answer": "Please",
    "correct": false,
    "id": "quiz-q4",
  },
  {
    "answer": "犬 (inu)",
    "correct": false,
    "id": "quiz-q5",
  },
  {
    "answer": "猫 (neko)",
    "correct": true,
    "id": "quiz-q6",
  },
  {
    "answer": "本 (hon)",
    "correct": false,
    "id": "quiz-q7",
  },
  {
    "answer": "水 (mizu)",
    "correct": false,
    "id": "quiz-q8",
  },
  {
    "answer": "さようなら",
    "correct": false,
    "id": "quiz-q9",
  },
  {
    "answer": "こんにちは",
    "correct": false,
    "id": "quiz-q10",
  },
  {
    "answer": "ありがとう",
    "correct": true,
    "id": "quiz-q11",
  },
  {
    "answer": "すみません",
    "correct": false,
    "id": "quiz-q12",
  },
  {
    "answer": "いぬ",
    "correct": true,
    "id": "quiz-q13",
  },
  {
    "answer": "ねこ",
    "correct": false,
    "id": "quiz-q14",
  },
  {
    "answer": "ほん",
    "correct": false,
    "id": "quiz-q15",
  },
  {
    "answer": "みず",
    "correct": false,
    "id": "quiz-q16",
  },
]
[90mstdout[2m | src/components/Editor3/Workbook.stories.jsx[2m > [22m[2mKitchen Sink
[22m[39mQuestionBlock.grade.data keys: [
  "154",
]
[90mstdout[2m | src/components/Editor3/Workbook.stories.jsx[2m > [22m[2mKitchen Sink
[22m[39mQuestionBlock.grade.data[nodeKey]: {
  "accuracy": 25,
  "attemptedAnswers": [
    "Hello",
  ],
  "complete": false,
  "correctAnswers": [
    "Hello",
  ],
  "percentComplete": 25,
}
[90mstdout[2m | src/components/Editor3/Workbook.stories.jsx[2m > [22m[2mKitchen Sink
[22m[39mQuestionBlockRo.inProgress {
  "accuracy": 25,
  "attemptedAnswers": [
    "Hello",
  ],
  "complete": false,
  "correctAnswers": [
    "Hello",
  ],
  "percentComplete": 25,
}
[90mstdout[2m | src/components/Editor3/Workbook.stories.jsx[2m > [22m[2mKitchen Sink
[22m[39m[Mock Data] Grade updated: grade-kitchen-sink-1 - notified 1 subscribers
[90mstdout[2m | src/components/Editor3/Workbook.stories.jsx[2m > [22m[2mKitchen Sink
[22m[39mCustomAnswerComponent.questionID question-1
[90mstdout[2m | src/components/Editor3/Workbook.stories.jsx[2m > [22m[2mKitchen Sink
[22m[39mCustomAnswerComponent.questionBank {}
[90mstdout[2m | src/components/Editor3/Workbook.stories.jsx[2m > [22m[2mKitchen Sink
[22m[39mCustomAnswerComponent.question {}
[90mstdout[2m | src/components/Editor3/Workbook.stories.jsx[2m > [22m[2mKitchen Sink
[22m[39mCustomAnswerComponent.question {}
[90mstdout[2m | src/components/Editor3/Workbook.stories.jsx[2m > [22m[2mKitchen Sink
[22m[39mCustomAnswerComponent.prompt undefined
[90mstdout[2m | src/components/Editor3/Workbook.stories.jsx[2m > [22m[2mKitchen Sink
[22m[39mCustomAnswerComponent.feedback[questionID] undefined
[90mstdout[2m | src/components/Editor3/Workbook.stories.jsx[2m > [22m[2mKitchen Sink
[22m[39mCustomAnswerComponent.isCompleted undefined
[90mstdout[2m | src/components/Editor3/Workbook.stories.jsx[2m > [22m[2mKitchen Sink
[22m[39mCustomAnswerComponent.currentPromptMethod text
[90mstdout[2m | src/components/Editor3/Workbook.stories.jsx[2m > [22m[2mKitchen Sink
[22m[39mCustomAnswerComponent.displayPrompt undefined
[90mstdout[2m | src/components/Editor3/Workbook.stories.jsx[2m > [22m[2mKitchen Sink
[22m[39mCustomAnswerComponent.questionID question-2
[90mstdout[2m | src/components/Editor3/Workbook.stories.jsx[2m > [22m[2mKitchen Sink
[22m[39mCustomAnswerComponent.questionBank {}
[90mstdout[2m | src/components/Editor3/Workbook.stories.jsx[2m > [22m[2mKitchen Sink
[22m[39mCustomAnswerComponent.question {}
[90mstdout[2m | src/components/Editor3/Workbook.stories.jsx[2m > [22m[2mKitchen Sink
[22m[39mCustomAnswerComponent.question {}
[90mstdout[2m | src/components/Editor3/Workbook.stories.jsx[2m > [22m[2mKitchen Sink
[22m[39mCustomAnswerComponent.prompt undefined
[90mstdout[2m | src/components/Editor3/Workbook.stories.jsx[2m > [22m[2mKitchen Sink
[22m[39mCustomAnswerComponent.feedback[questionID] undefined
[90mstdout[2m | src/components/Editor3/Workbook.stories.jsx[2m > [22m[2mKitchen Sink
[22m[39mCustomAnswerComponent.isCompleted undefined
[90mstdout[2m | src/components/Editor3/Workbook.stories.jsx[2m > [22m[2mKitchen Sink
[22m[39mCustomAnswerComponent.currentPromptMethod text
[90mstdout[2m | src/components/Editor3/Workbook.stories.jsx[2m > [22m[2mKitchen Sink
[22m[39mCustomAnswerComponent.displayPrompt undefined
[90mstdout[2m | src/components/Editor3/Workbook.stories.jsx[2m > [22m[2mKitchen Sink
[22m[39mEasy.nodeKey 149 type: string
[90mstdout[2m | src/components/Editor3/Workbook.stories.jsx[2m > [22m[2mKitchen Sink
[22m[39mEasy.grade: {
  "_version": 2,
  "accuracy": null,
  "complete": false,
  "data": {
    "154": {
      "accuracy": 25,
      "attemptedAnswers": [
        "Hello",
      ],
      "complete": false,
      "correctAnswers": [
        "Hello",
      ],
      "percentComplete": 25,
    },
  },
  "id": "grade-kitchen-sink-1",
  "owner": "mock-user-sub",
  "percentComplete": 0,
  "timerStarted": true,
  "unitID": "kitchen-sink-workbook-id",
  "unitVersion": 1,
  "updatedAt": "2026-09-26T10:10:21.382Z",
}
[90mstdout[2m | src/components/Editor3/Workbook.stories.jsx[2m > [22m[2mKitchen Sink
[22m[39mEasy.grade.data: {
  "154": {
    "accuracy": 25,
    "attemptedAnswers": [
      "Hello",
    ],
    "complete": false,
    "correctAnswers": [
      "Hello",
    ],
    "percentComplete": 25,
  },
}
[90mstdout[2m | src/components/Editor3/Workbook.stories.jsx[2m > [22m[2mKitchen Sink
[22m[39mEasy.grade.data === grade? false
[90mstdout[2m | src/components/Editor3/Workbook.stories.jsx[2m > [22m[2mKitchen Sink
[22m[39mEasy.grade.data keys: [
  "154",
]
[90mstdout[2m | src/components/Editor3/Workbook.stories.jsx[2m > [22m[2mKitchen Sink
[22m[39mEasy.grade.data[nodeKey]: undefined
[90mstdout[2m | src/components/Editor3/Workbook.stories.jsx[2m > [22m[2mKitchen Sink
[22m[39mEasy.inProgress {}
[90mstdout[2m | src/components/Editor3/Workbook.stories.jsx[2m > [22m[2mKitchen Sink
[22m[39mHard.attemptedAnswers {}
[90mstdout[2m | src/components/Editor3/Workbook.stories.jsx[2m > [22m[2mKitchen Sink
[22m[39mQuestionBlockRo.grade {
  "_version": 2,
  "accuracy": null,
  "complete": false,
  "data": {
    "154": {
      "accuracy": 25,
      "attemptedAnswers": [
        "Hello",
      ],
      "complete": false,
      "correctAnswers": [
        "Hello",
      ],
      "percentComplete": 25,
    },
  },
  "id": "grade-kitchen-sink-1",
  "owner": "mock-user-sub",
  "percentComplete": 0,
  "timerStarted": true,
  "unitID": "kitchen-sink-workbook-id",
  "unitVersion": 1,
  "updatedAt": "2026-09-26T10:10:21.382Z",
}
[90mstdout[2m | src/components/Editor3/Workbook.stories.jsx[2m > [22m[2mKitchen Sink
[22m[39m......!q {
  "answer": "Hello",
  "correct": true,
  "id": "quiz-q1",
}
[90mstdout[2m | src/components/Editor3/Workbook.stories.jsx[2m > [22m[2mKitchen Sink
[22m[39m......!q {
  "answer": "Goodbye",
  "correct": false,
  "id": "quiz-q2",
}
[90mstdout[2m | src/components/Editor3/Workbook.stories.jsx[2m > [22m[2mKitchen Sink
[22m[39m......!q {
  "answer": "Thank you",
  "correct": false,
  "id": "quiz-q3",
}
[90mstdout[2m | src/components/Editor3/Workbook.stories.jsx[2m > [22m[2mKitchen Sink
[22m[39m......!q {
  "answer": "Please",
  "correct": false,
  "id": "quiz-q4",
}
[90mstdout[2m | src/components/Editor3/Workbook.stories.jsx[2m > [22m[2mKitchen Sink
[22m[39m......!q {
  "answer": "犬 (inu)",
  "correct": false,
  "id": "quiz-q5",
}
[90mstdout[2m | src/components/Editor3/Workbook.stories.jsx[2m > [22m[2mKitchen Sink
[22m[39m......!q {
  "answer": "猫 (neko)",
  "correct": true,
  "id": "quiz-q6",
}
[90mstdout[2m | src/components/Editor3/Workbook.stories.jsx[2m > [22m[2mKitchen Sink
[22m[39m......!q {
  "answer": "本 (hon)",
  "correct": false,
  "id": "quiz-q7",
}
[90mstdout[2m | src/components/Editor3/Workbook.stories.jsx[2m > [22m[2mKitchen Sink
[22m[39m......!q {
  "answer": "水 (mizu)",
  "correct": false,
  "id": "quiz-q8",
}
[90mstdout[2m | src/components/Editor3/Workbook.stories.jsx[2m > [22m[2mKitchen Sink
[22m[39m......!q {
  "answer": "さようなら",
  "correct": false,
  "id": "quiz-q9",
}
[90mstdout[2m | src/components/Editor3/Workbook.stories.jsx[2m > [22m[2mKitchen Sink
[22m[39m......!q {
  "answer": "こんにちは",
  "correct": false,
  "id": "quiz-q10",
}
[90mstdout[2m | src/components/Editor3/Workbook.stories.jsx[2m > [22m[2mKitchen Sink
[22m[39m......!q {
  "answer": "ありがとう",
  "correct": true,
  "id": "quiz-q11",
}
[90mstdout[2m | src/components/Editor3/Workbook.stories.jsx[2m > [22m[2mKitchen Sink
[22m[39m......!q {
  "answer": "すみません",
  "correct": false,
  "id": "quiz-q12",
}
[90mstdout[2m | src/components/Editor3/Workbook.stories.jsx[2m > [22m[2mKitchen Sink
[22m[39m......!q {
  "answer": "いぬ",
  "correct": true,
  "id": "quiz-q13",
}
[90mstdout[2m | src/components/Editor3/Workbook.stories.jsx[2m > [22m[2mKitchen Sink
[22m[39m......!q {
  "answer": "ねこ",
  "correct": false,
  "id": "quiz-q14",
}
[90mstdout[2m | src/components/Editor3/Workbook.stories.jsx[2m > [22m[2mKitchen Sink
[22m[39m......!q {
  "answer": "ほん",
  "correct": false,
  "id": "quiz-q15",
}
[90mstdout[2m | src/components/Editor3/Workbook.stories.jsx[2m > [22m[2mKitchen Sink
[22m[39m......!q {
  "answer": "みず",
  "correct": false,
  "id": "quiz-q16",
}
[90mstdout[2m | src/components/Editor3/Workbook.stories.jsx[2m > [22m[2mKitchen Sink
[22m[39mQuestionBlock.nodeKey 154 type: string
[90mstdout[2m | src/components/Editor3/Workbook.stories.jsx[2m > [22m[2mKitchen Sink
[22m[39mQuestionBlock.questionContent [
  {
    "answer": "Hello",
    "correct": true,
    "id": "quiz-q1",
  },
  {
    "answer": "Goodbye",
    "correct": false,
    "id": "quiz-q2",
  },
  {
    "answer": "Thank you",
    "correct": false,
    "id": "quiz-q3",
  },
  {
    "answer": "Please",
    "correct": false,
    "id": "quiz-q4",
  },
  {
    "answer": "犬 (inu)",
    "correct": false,
    "id": "quiz-q5",
  },
  {
    "answer": "猫 (neko)",
    "correct": true,
    "id": "quiz-q6",
  },
  {
    "answer": "本 (hon)",
    "correct": false,
    "id": "quiz-q7",
  },
  {
    "answer": "水 (mizu)",
    "correct": false,
    "id": "quiz-q8",
  },
  {
    "answer": "さようなら",
    "correct": false,
    "id": "quiz-q9",
  },
  {
    "answer": "こんにちは",
    "correct": false,
    "id": "quiz-q10",
  },
  {
    "answer": "ありがとう",
    "correct": true,
    "id": "quiz-q11",
  },
  {
    "answer": "すみません",
    "correct": false,
    "id": "quiz-q12",
  },
  {
    "answer": "いぬ",
    "correct": true,
    "id": "quiz-q13",
  },
  {
    "answer": "ねこ",
    "correct": false,
    "id": "quiz-q14",
  },
  {
    "answer": "ほん",
    "correct": false,
    "id": "quiz-q15",
  },
  {
    "answer": "みず",
    "correct": false,
    "id": "quiz-q16",
  },
]
[90mstdout[2m | src/components/Editor3/Workbook.stories.jsx[2m > [22m[2mKitchen Sink
[22m[39mQuestionBlock.grade.data keys: [
  "154",
]
[90mstdout[2m | src/components/Editor3/Workbook.stories.jsx[2m > [22m[2mKitchen Sink
[22m[39mQuestionBlock.grade.data[nodeKey]: {
  "accuracy": 25,
  "attemptedAnswers": [
    "Hello",
  ],
  "complete": false,
  "correctAnswers": [
    "Hello",
  ],
  "percentComplete": 25,
}
[90mstdout[2m | src/components/Editor3/Workbook.stories.jsx[2m > [22m[2mKitchen Sink
[22m[39mQuestionBlockRo.inProgress {
  "accuracy": 25,
  "attemptedAnswers": [
    "Hello",
  ],
  "complete": false,
  "correctAnswers": [
    "Hello",
  ],
  "percentComplete": 25,
}
[90mstdout[2m | src/components/Editor3/Workbook.stories.jsx[2m > [22m[2mKitchen Sink
[22m[39mmeow: ?thisAnswer {
  "answer": "Goodbye",
  "correct": false,
  "id": "quiz-q2",
}
[90mstdout[2m | src/components/Editor3/Workbook.stories.jsx[2m > [22m[2mKitchen Sink
[22m[39mattemptedArr.length === correctArrLen 2 4
[90mstdout[2m | src/components/Editor3/Workbook.stories.jsx[2m > [22m[2mKitchen Sink
[22m[39mverifiedArr.length === correctArrLen 1 4
[90mstdout[2m | src/components/Editor3/Workbook.stories.jsx[2m > [22m[2mKitchen Sink
[22m[39mthisExerciseDone false
[90mstdout[2m | src/components/Editor3/Workbook.stories.jsx[2m > [22m[2mKitchen Sink
[22m[39msavedGradeCopy {
  "154": {
    "accuracy": 25,
    "attemptedAnswers": [
      "Hello",
      "Goodbye",
    ],
    "complete": false,
    "correctAnswers": [
      "Hello",
    ],
    "percentComplete": 50,
  },
}
[90mstdout[2m | src/components/Editor3/Workbook.stories.jsx[2m > [22m[2mKitchen Sink
[22m[39mCustomAnswerComponent.questionID question-1
[90mstdout[2m | src/components/Editor3/Workbook.stories.jsx[2m > [22m[2mKitchen Sink
[22m[39mCustomAnswerComponent.questionBank {}
[90mstdout[2m | src/components/Editor3/Workbook.stories.jsx[2m > [22m[2mKitchen Sink
[22m[39mCustomAnswerComponent.question {}
[90mstdout[2m | src/components/Editor3/Workbook.stories.jsx[2m > [22m[2mKitchen Sink
[22m[39mCustomAnswerComponent.question {}
[90mstdout[2m | src/components/Editor3/Workbook.stories.jsx[2m > [22m[2mKitchen Sink
[22m[39mCustomAnswerComponent.prompt undefined
[90mstdout[2m | src/components/Editor3/Workbook.stories.jsx[2m > [22m[2mKitchen Sink
[22m[39mCustomAnswerComponent.feedback[questionID] undefined
[90mstdout[2m | src/components/Editor3/Workbook.stories.jsx[2m > [22m[2mKitchen Sink
[22m[39mCustomAnswerComponent.isCompleted undefined
[90mstdout[2m | src/components/Editor3/Workbook.stories.jsx[2m > [22m[2mKitchen Sink
[22m[39mCustomAnswerComponent.currentPromptMethod text
[90mstdout[2m | src/components/Editor3/Workbook.stories.jsx[2m > [22m[2mKitchen Sink
[22m[39mCustomAnswerComponent.displayPrompt undefined
[90mstdout[2m | src/components/Editor3/Workbook.stories.jsx[2m > [22m[2mKitchen Sink
[22m[39mCustomAnswerComponent.questionID question-2
[90mstdout[2m | src/components/Editor3/Workbook.stories.jsx[2m > [22m[2mKitchen Sink
[22m[39mCustomAnswerComponent.questionBank {}
[90mstdout[2m | src/components/Editor3/Workbook.stories.jsx[2m > [22m[2mKitchen Sink
[22m[39mCustomAnswerComponent.question {}
[90mstdout[2m | src/components/Editor3/Workbook.stories.jsx[2m > [22m[2mKitchen Sink
[22m[39mCustomAnswerComponent.question {}
[90mstdout[2m | src/components/Editor3/Workbook.stories.jsx[2m > [22m[2mKitchen Sink
[22m[39mCustomAnswerComponent.prompt undefined
[90mstdout[2m | src/components/Editor3/Workbook.stories.jsx[2m > [22m[2mKitchen Sink
[22m[39mCustomAnswerComponent.feedback[questionID] undefined
[90mstdout[2m | src/components/Editor3/Workbook.stories.jsx[2m > [22m[2mKitchen Sink
[22m[39mCustomAnswerComponent.isCompleted undefined
[90mstdout[2m | src/components/Editor3/Workbook.stories.jsx[2m > [22m[2mKitchen Sink
[22m[39mCustomAnswerComponent.currentPromptMethod text
[90mstdout[2m | src/components/Editor3/Workbook.stories.jsx[2m > [22m[2mKitchen Sink
[22m[39mCustomAnswerComponent.displayPrompt undefined
[90mstdout[2m | src/components/Editor3/Workbook.stories.jsx[2m > [22m[2mKitchen Sink
[22m[39mEasy.nodeKey 149 type: string
[90mstdout[2m | src/components/Editor3/Workbook.stories.jsx[2m > [22m[2mKitchen Sink
[22m[39mEasy.grade: {
  "_version": 2,
  "accuracy": null,
  "complete": false,
  "data": {
    "154": {
      "accuracy": 25,
      "attemptedAnswers": [
        "Hello",
        "Goodbye",
      ],
      "complete": false,
      "correctAnswers": [
        "Hello",
      ],
      "percentComplete": 50,
    },
  },
  "id": "grade-kitchen-sink-1",
  "owner": "mock-user-sub",
  "percentComplete": 0,
  "timerStarted": true,
  "unitID": "kitchen-sink-workbook-id",
  "unitVersion": 1,
  "updatedAt": "2026-09-26T10:10:21.382Z",
}
[90mstdout[2m | src/components/Editor3/Workbook.stories.jsx[2m > [22m[2mKitchen Sink
[22m[39mEasy.grade.data: {
  "154": {
    "accuracy": 25,
    "attemptedAnswers": [
      "Hello",
      "Goodbye",
    ],
    "complete": false,
    "correctAnswers": [
      "Hello",
    ],
    "percentComplete": 50,
  },
}
[90mstdout[2m | src/components/Editor3/Workbook.stories.jsx[2m > [22m[2mKitchen Sink
[22m[39mEasy.grade.data === grade? false
[90mstdout[2m | src/components/Editor3/Workbook.stories.jsx[2m > [22m[2mKitchen Sink
[22m[39mEasy.grade.data keys: [
  "154",
]
[90mstdout[2m | src/components/Editor3/Workbook.stories.jsx[2m > [22m[2mKitchen Sink
[22m[39mEasy.grade.data[nodeKey]: undefined
[90mstdout[2m | src/components/Editor3/Workbook.stories.jsx[2m > [22m[2mKitchen Sink
[22m[39mEasy.inProgress {}
[90mstdout[2m | src/components/Editor3/Workbook.stories.jsx[2m > [22m[2mKitchen Sink
[22m[39mHard.attemptedAnswers {}
[90mstdout[2m | src/components/Editor3/Workbook.stories.jsx[2m > [22m[2mKitchen Sink
[22m[39mQuestionBlockRo.grade {
  "_version": 2,
  "accuracy": null,
  "complete": false,
  "data": {
    "154": {
      "accuracy": 25,
      "attemptedAnswers": [
        "Hello",
        "Goodbye",
      ],
      "complete": false,
      "correctAnswers": [
        "Hello",
      ],
      "percentComplete": 50,
    },
  },
  "id": "grade-kitchen-sink-1",
  "owner": "mock-user-sub",
  "percentComplete": 0,
  "timerStarted": true,
  "unitID": "kitchen-sink-workbook-id",
  "unitVersion": 1,
  "updatedAt": "2026-09-26T10:10:21.382Z",
}
[90mstdout[2m | src/components/Editor3/Workbook.stories.jsx[2m > [22m[2mKitchen Sink
[22m[39m......!q {
  "answer": "Hello",
  "correct": true,
  "id": "quiz-q1",
}
[90mstdout[2m | src/components/Editor3/Workbook.stories.jsx[2m > [22m[2mKitchen Sink
[22m[39m......!q {
  "answer": "Goodbye",
  "correct": false,
  "id": "quiz-q2",
}
[90mstdout[2m | src/components/Editor3/Workbook.stories.jsx[2m > [22m[2mKitchen Sink
[22m[39m......!q {
  "answer": "Thank you",
  "correct": false,
  "id": "quiz-q3",
}
[90mstdout[2m | src/components/Editor3/Workbook.stories.jsx[2m > [22m[2mKitchen Sink
[22m[39m......!q {
  "answer": "Please",
  "correct": false,
  "id": "quiz-q4",
}
[90mstdout[2m | src/components/Editor3/Workbook.stories.jsx[2m > [22m[2mKitchen Sink
[22m[39m......!q {
  "answer": "犬 (inu)",
  "correct": false,
  "id": "quiz-q5",
}
[90mstdout[2m | src/components/Editor3/Workbook.stories.jsx[2m > [22m[2mKitchen Sink
[22m[39m......!q {
  "answer": "猫 (neko)",
  "correct": true,
  "id": "quiz-q6",
}
[90mstdout[2m | src/components/Editor3/Workbook.stories.jsx[2m > [22m[2mKitchen Sink
[22m[39m......!q {
  "answer": "本 (hon)",
  "correct": false,
  "id": "quiz-q7",
}
[90mstdout[2m | src/components/Editor3/Workbook.stories.jsx[2m > [22m[2mKitchen Sink
[22m[39m......!q {
  "answer": "水 (mizu)",
  "correct": false,
  "id": "quiz-q8",
}
[90mstdout[2m | src/components/Editor3/Workbook.stories.jsx[2m > [22m[2mKitchen Sink
[22m[39m......!q {
  "answer": "さようなら",
  "correct": false,
  "id": "quiz-q9",
}
[90mstdout[2m | src/components/Editor3/Workbook.stories.jsx[2m > [22m[2mKitchen Sink
[22m[39m......!q {
  "answer": "こんにちは",
  "correct": false,
  "id": "quiz-q10",
}
[90mstdout[2m | src/components/Editor3/Workbook.stories.jsx[2m > [22m[2mKitchen Sink
[22m[39m......!q {
  "answer": "ありがとう",
  "correct": true,
  "id": "quiz-q11",
}
[90mstdout[2m | src/components/Editor3/Workbook.stories.jsx[2m > [22m[2mKitchen Sink
[22m[39m......!q {
  "answer": "すみません",
  "correct": false,
  "id": "quiz-q12",
}
[90mstdout[2m | src/components/Editor3/Workbook.stories.jsx[2m > [22m[2mKitchen Sink
[22m[39m......!q {
  "answer": "いぬ",
  "correct": true,
  "id": "quiz-q13",
}
[90mstdout[2m | src/components/Editor3/Workbook.stories.jsx[2m > [22m[2mKitchen Sink
[22m[39m......!q {
  "answer": "ねこ",
  "correct": false,
  "id": "quiz-q14",
}
[90mstdout[2m | src/components/Editor3/Workbook.stories.jsx[2m > [22m[2mKitchen Sink
[22m[39m......!q {
  "answer": "ほん",
  "correct": false,
  "id": "quiz-q15",
}
[90mstdout[2m | src/components/Editor3/Workbook.stories.jsx[2m > [22m[2mKitchen Sink
[22m[39m......!q {
  "answer": "みず",
  "correct": false,
  "id": "quiz-q16",
}
[90mstdout[2m | src/components/Editor3/Workbook.stories.jsx[2m > [22m[2mKitchen Sink
[22m[39mQuestionBlock.nodeKey 154 type: string
[90mstdout[2m | src/components/Editor3/Workbook.stories.jsx[2m > [22m[2mKitchen Sink
[22m[39mQuestionBlock.questionContent [
  {
    "answer": "Hello",
    "correct": true,
    "id": "quiz-q1",
  },
  {
    "answer": "Goodbye",
    "correct": false,
    "id": "quiz-q2",
  },
  {
    "answer": "Thank you",
    "correct": false,
    "id": "quiz-q3",
  },
  {
    "answer": "Please",
    "correct": false,
    "id": "quiz-q4",
  },
  {
    "answer": "犬 (inu)",
    "correct": false,
    "id": "quiz-q5",
  },
  {
    "answer": "猫 (neko)",
    "correct": true,
    "id": "quiz-q6",
  },
  {
    "answer": "本 (hon)",
    "correct": false,
    "id": "quiz-q7",
  },
  {
    "answer": "水 (mizu)",
    "correct": false,
    "id": "quiz-q8",
  },
  {
    "answer": "さようなら",
    "correct": false,
    "id": "quiz-q9",
  },
  {
    "answer": "こんにちは",
    "correct": false,
    "id": "quiz-q10",
  },
  {
    "answer": "ありがとう",
    "correct": true,
    "id": "quiz-q11",
  },
  {
    "answer": "すみません",
    "correct": false,
    "id": "quiz-q12",
  },
  {
    "answer": "いぬ",
    "correct": true,
    "id": "quiz-q13",
  },
  {
    "answer": "ねこ",
    "correct": false,
    "id": "quiz-q14",
  },
  {
    "answer": "ほん",
    "correct": false,
    "id": "quiz-q15",
  },
  {
    "answer": "みず",
    "correct": false,
    "id": "quiz-q16",
  },
]
[90mstdout[2m | src/components/Editor3/Workbook.stories.jsx[2m > [22m[2mKitchen Sink
[22m[39mQuestionBlock.grade.data keys: [
  "154",
]
[90mstdout[2m | src/components/Editor3/Workbook.stories.jsx[2m > [22m[2mKitchen Sink
[22m[39mQuestionBlock.grade.data[nodeKey]: {
  "accuracy": 25,
  "attemptedAnswers": [
    "Hello",
    "Goodbye",
  ],
  "complete": false,
  "correctAnswers": [
    "Hello",
  ],
  "percentComplete": 50,
}
[90mstdout[2m | src/components/Editor3/Workbook.stories.jsx[2m > [22m[2mKitchen Sink
[22m[39mQuestionBlockRo.inProgress {
  "accuracy": 25,
  "attemptedAnswers": [
    "Hello",
    "Goodbye",
  ],
  "complete": false,
  "correctAnswers": [
    "Hello",
  ],
  "percentComplete": 50,
}
[90mstdout[2m | src/components/Editor3/Workbook.stories.jsx[2m > [22m[2mKitchen Sink
[22m[39m[Mock Data] Grade updated: grade-kitchen-sink-1 - notified 1 subscribers
[90mstdout[2m | src/components/Editor3/Workbook.stories.jsx[2m > [22m[2mKitchen Sink
[22m[39mCustomAnswerComponent.questionID question-1
[90mstdout[2m | src/components/Editor3/Workbook.stories.jsx[2m > [22m[2mKitchen Sink
[22m[39mCustomAnswerComponent.questionBank {}
[90mstdout[2m | src/components/Editor3/Workbook.stories.jsx[2m > [22m[2mKitchen Sink
[22m[39mCustomAnswerComponent.question {}
[90mstdout[2m | src/components/Editor3/Workbook.stories.jsx[2m > [22m[2mKitchen Sink
[22m[39mCustomAnswerComponent.question {}
[90mstdout[2m | src/components/Editor3/Workbook.stories.jsx[2m > [22m[2mKitchen Sink
[22m[39mCustomAnswerComponent.prompt undefined
[90mstdout[2m | src/components/Editor3/Workbook.stories.jsx[2m > [22m[2mKitchen Sink
[22m[39mCustomAnswerComponent.feedback[questionID] undefined
[90mstdout[2m | src/components/Editor3/Workbook.stories.jsx[2m > [22m[2mKitchen Sink
[22m[39mCustomAnswerComponent.isCompleted undefined
[90mstdout[2m | src/components/Editor3/Workbook.stories.jsx[2m > [22m[2mKitchen Sink
[22m[39mCustomAnswerComponent.currentPromptMethod text
[90mstdout[2m | src/components/Editor3/Workbook.stories.jsx[2m > [22m[2mKitchen Sink
[22m[39mCustomAnswerComponent.displayPrompt undefined
[90mstdout[2m | src/components/Editor3/Workbook.stories.jsx[2m > [22m[2mKitchen Sink
[22m[39mCustomAnswerComponent.questionID question-2
[90mstdout[2m | src/components/Editor3/Workbook.stories.jsx[2m > [22m[2mKitchen Sink
[22m[39mCustomAnswerComponent.questionBank {}
[90mstdout[2m | src/components/Editor3/Workbook.stories.jsx[2m > [22m[2mKitchen Sink
[22m[39mCustomAnswerComponent.question {}
[90mstdout[2m | src/components/Editor3/Workbook.stories.jsx[2m > [22m[2mKitchen Sink
[22m[39mCustomAnswerComponent.question {}
[90mstdout[2m | src/components/Editor3/Workbook.stories.jsx[2m > [22m[2mKitchen Sink
[22m[39mCustomAnswerComponent.prompt undefined
[90mstdout[2m | src/components/Editor3/Workbook.stories.jsx[2m > [22m[2mKitchen Sink
[22m[39mCustomAnswerComponent.feedback[questionID] undefined
[90mstdout[2m | src/components/Editor3/Workbook.stories.jsx[2m > [22m[2mKitchen Sink
[22m[39mCustomAnswerComponent.isCompleted undefined
[90mstdout[2m | src/components/Editor3/Workbook.stories.jsx[2m > [22m[2mKitchen Sink
[22m[39mCustomAnswerComponent.currentPromptMethod text
[90mstdout[2m | src/components/Editor3/Workbook.stories.jsx[2m > [22m[2mKitchen Sink
[22m[39mCustomAnswerComponent.displayPrompt undefined
[90mstdout[2m | src/components/Editor3/Workbook.stories.jsx[2m > [22m[2mKitchen Sink
[22m[39mEasy.nodeKey 149 type: string
[90mstdout[2m | src/components/Editor3/Workbook.stories.jsx[2m > [22m[2mKitchen Sink
[22m[39mEasy.grade: {
  "_version": 3,
  "accuracy": null,
  "complete": false,
  "data": {
    "154": {
      "accuracy": 25,
      "attemptedAnswers": [
        "Hello",
        "Goodbye",
      ],
      "complete": false,
      "correctAnswers": [
        "Hello",
      ],
      "percentComplete": 50,
    },
  },
  "id": "grade-kitchen-sink-1",
  "owner": "mock-user-sub",
  "percentComplete": 0,
  "timerStarted": true,
  "unitID": "kitchen-sink-workbook-id",
  "unitVersion": 1,
  "updatedAt": "2026-09-26T10:10:22.949Z",
}
[90mstdout[2m | src/components/Editor3/Workbook.stories.jsx[2m > [22m[2mKitchen Sink
[22m[39mEasy.grade.data: {
  "154": {
    "accuracy": 25,
    "attemptedAnswers": [
      "Hello",
      "Goodbye",
    ],
    "complete": false,
    "correctAnswers": [
      "Hello",
    ],
    "percentComplete": 50,
  },
}
[90mstdout[2m | src/components/Editor3/Workbook.stories.jsx[2m > [22m[2mKitchen Sink
[22m[39mEasy.grade.data === grade? false
[90mstdout[2m | src/components/Editor3/Workbook.stories.jsx[2m > [22m[2mKitchen Sink
[22m[39mEasy.grade.data keys: [
  "154",
]
[90mstdout[2m | src/components/Editor3/Workbook.stories.jsx[2m > [22m[2mKitchen Sink
[22m[39mEasy.grade.data[nodeKey]: undefined
[90mstdout[2m | src/components/Editor3/Workbook.stories.jsx[2m > [22m[2mKitchen Sink
[22m[39mEasy.inProgress {}
[90mstdout[2m | src/components/Editor3/Workbook.stories.jsx[2m > [22m[2mKitchen Sink
[22m[39mHard.attemptedAnswers {}
[90mstdout[2m | src/components/Editor3/Workbook.stories.jsx[2m > [22m[2mKitchen Sink
[22m[39mQuestionBlockRo.grade {
  "_version": 3,
  "accuracy": null,
  "complete": false,
  "data": {
    "154": {
      "accuracy": 25,
      "attemptedAnswers": [
        "Hello",
        "Goodbye",
      ],
      "complete": false,
      "correctAnswers": [
        "Hello",
      ],
      "percentComplete": 50,
    },
  },
  "id": "grade-kitchen-sink-1",
  "owner": "mock-user-sub",
  "percentComplete": 0,
  "timerStarted": true,
  "unitID": "kitchen-sink-workbook-id",
  "unitVersion": 1,
  "updatedAt": "2026-09-26T10:10:22.949Z",
}
[90mstdout[2m | src/components/Editor3/Workbook.stories.jsx[2m > [22m[2mKitchen Sink
[22m[39m......!q {
  "answer": "Hello",
  "correct": true,
  "id": "quiz-q1",
}
[90mstdout[2m | src/components/Editor3/Workbook.stories.jsx[2m > [22m[2mKitchen Sink
[22m[39m......!q {
  "answer": "Goodbye",
  "correct": false,
  "id": "quiz-q2",
}
[90mstdout[2m | src/components/Editor3/Workbook.stories.jsx[2m > [22m[2mKitchen Sink
[22m[39m......!q {
  "answer": "Thank you",
  "correct": false,
  "id": "quiz-q3",
}
[90mstdout[2m | src/components/Editor3/Workbook.stories.jsx[2m > [22m[2mKitchen Sink
[22m[39m......!q {
  "answer": "Please",
  "correct": false,
  "id": "quiz-q4",
}
[90mstdout[2m | src/components/Editor3/Workbook.stories.jsx[2m > [22m[2mKitchen Sink
[22m[39m......!q {
  "answer": "犬 (inu)",
  "correct": false,
  "id": "quiz-q5",
}
[90mstdout[2m | src/components/Editor3/Workbook.stories.jsx[2m > [22m[2mKitchen Sink
[22m[39m......!q {
  "answer": "猫 (neko)",
  "correct": true,
  "id": "quiz-q6",
}
[90mstdout[2m | src/components/Editor3/Workbook.stories.jsx[2m > [22m[2mKitchen Sink
[22m[39m......!q {
  "answer": "本 (hon)",
  "correct": false,
  "id": "quiz-q7",
}
[90mstdout[2m | src/components/Editor3/Workbook.stories.jsx[2m > [22m[2mKitchen Sink
[22m[39m......!q {
  "answer": "水 (mizu)",
  "correct": false,
  "id": "quiz-q8",
}
[90mstdout[2m | src/components/Editor3/Workbook.stories.jsx[2m > [22m[2mKitchen Sink
[22m[39m......!q {
  "answer": "さようなら",
  "correct": false,
  "id": "quiz-q9",
}
[90mstdout[2m | src/components/Editor3/Workbook.stories.jsx[2m > [22m[2mKitchen Sink
[22m[39m......!q {
  "answer": "こんにちは",
  "correct": false,
  "id": "quiz-q10",
}
[90mstdout[2m | src/components/Editor3/Workbook.stories.jsx[2m > [22m[2mKitchen Sink
[22m[39m......!q {
  "answer": "ありがとう",
  "correct": true,
  "id": "quiz-q11",
}
[90mstdout[2m | src/components/Editor3/Workbook.stories.jsx[2m > [22m[2mKitchen Sink
[22m[39m......!q {
  "answer": "すみません",
  "correct": false,
  "id": "quiz-q12",
}
[90mstdout[2m | src/components/Editor3/Workbook.stories.jsx[2m > [22m[2mKitchen Sink
[22m[39m......!q {
  "answer": "いぬ",
  "correct": true,
  "id": "quiz-q13",
}
[90mstdout[2m | src/components/Editor3/Workbook.stories.jsx[2m > [22m[2mKitchen Sink
[22m[39m......!q {
  "answer": "ねこ",
  "correct": false,
  "id": "quiz-q14",
}
[90mstdout[2m | src/components/Editor3/Workbook.stories.jsx[2m > [22m[2mKitchen Sink
[22m[39m......!q {
  "answer": "ほん",
  "correct": false,
  "id": "quiz-q15",
}
[90mstdout[2m | src/components/Editor3/Workbook.stories.jsx[2m > [22m[2mKitchen Sink
[22m[39m......!q {
  "answer": "みず",
  "correct": false,
  "id": "quiz-q16",
}
[90mstdout[2m | src/components/Editor3/Workbook.stories.jsx[2m > [22m[2mKitchen Sink
[22m[39mQuestionBlock.nodeKey 154 type: string
[90mstdout[2m | src/components/Editor3/Workbook.stories.jsx[2m > [22m[2mKitchen Sink
[22m[39mQuestionBlock.questionContent [
  {
    "answer": "Hello",
    "correct": true,
    "id": "quiz-q1",
  },
  {
    "answer": "Goodbye",
    "correct": false,
    "id": "quiz-q2",
  },
  {
    "answer": "Thank you",
    "correct": false,
    "id": "quiz-q3",
  },
  {
    "answer": "Please",
    "correct": false,
    "id": "quiz-q4",
  },
  {
    "answer": "犬 (inu)",
    "correct": false,
    "id": "quiz-q5",
  },
  {
    "answer": "猫 (neko)",
    "correct": true,
    "id": "quiz-q6",
  },
  {
    "answer": "本 (hon)",
    "correct": false,
    "id": "quiz-q7",
  },
  {
    "answer": "水 (mizu)",
    "correct": false,
    "id": "quiz-q8",
  },
  {
    "answer": "さようなら",
    "correct": false,
    "id": "quiz-q9",
  },
  {
    "answer": "こんにちは",
    "correct": false,
    "id": "quiz-q10",
  },
  {
    "answer": "ありがとう",
    "correct": true,
    "id": "quiz-q11",
  },
  {
    "answer": "すみません",
    "correct": false,
    "id": "quiz-q12",
  },
  {
    "answer": "いぬ",
    "correct": true,
    "id": "quiz-q13",
  },
  {
    "answer": "ねこ",
    "correct": false,
    "id": "quiz-q14",
  },
  {
    "answer": "ほん",
    "correct": false,
    "id": "quiz-q15",
  },
  {
    "answer": "みず",
    "correct": false,
    "id": "quiz-q16",
  },
]
[90mstdout[2m | src/components/Editor3/Workbook.stories.jsx[2m > [22m[2mKitchen Sink
[22m[39mQuestionBlock.grade.data keys: [
  "154",
]
[90mstdout[2m | src/components/Editor3/Workbook.stories.jsx[2m > [22m[2mKitchen Sink
[22m[39mQuestionBlock.grade.data[nodeKey]: {
  "accuracy": 25,
  "attemptedAnswers": [
    "Hello",
    "Goodbye",
  ],
  "complete": false,
  "correctAnswers": [
    "Hello",
  ],
  "percentComplete": 50,
}
[90mstdout[2m | src/components/Editor3/Workbook.stories.jsx[2m > [22m[2mKitchen Sink
[22m[39mQuestionBlockRo.inProgress {
  "accuracy": 25,
  "attemptedAnswers": [
    "Hello",
    "Goodbye",
  ],
  "complete": false,
  "correctAnswers": [
    "Hello",
  ],
  "percentComplete": 50,
}
[90mstdout[2m | src/components/Editor3/Workbook.stories.jsx[2m > [22m[2mData Plugin Demo
[22m[39m[ChatContext] Cleaning up subscriptions
[90mstdout[2m | src/components/Editor3/Workbook.stories.jsx[2m > [22m[2mData Plugin Demo
[22m[39m[Mock Data] Unit.onUpdate() subscription removed. Remaining: 0
[90mstdout[2m | src/components/Editor3/Workbook.stories.jsx[2m > [22m[2mData Plugin Demo
[22m[39m[Preview] Skipped initializing default mock data (initializeMockData=false)
[90mstdout[2m | src/components/Editor3/Workbook.stories.jsx[2m > [22m[2mData Plugin Demo
[22m[39m[Mock Data] seedMockUnit: Adding unit data-plugin-workbook-demo-id
[90mstdout[2m | src/components/Editor3/Workbook.stories.jsx[2m > [22m[2mData Plugin Demo
[22m[39m[MOCK CourseVectorStore] Initialized with mock data
[90mstdout[2m | src/components/Editor3/Workbook.stories.jsx[2m > [22m[2mData Plugin Demo
[22m[39m[TranslationModeController] Setting mode to: off
[90mstdout[2m | src/components/Editor3/Workbook.stories.jsx[2m > [22m[2mData Plugin Demo
[22m[39m[UnitContext] useEffect triggered {
  "authLoading": false,
  "hasUser": true,
  "id": "data-plugin-workbook-demo-id",
  "userSub": "mock-user-sub",
}
[90mstdout[2m | src/components/Editor3/Workbook.stories.jsx[2m > [22m[2mData Plugin Demo
[22m[39m[UnitContext] Fetching unit data for id: data-plugin-workbook-demo-id
[90mstdout[2m | src/components/Editor3/Workbook.stories.jsx[2m > [22m[2mData Plugin Demo
[22m[39m[FilesContext] Initializing vector store from IndexedDB
[90mstdout[2m | src/components/Editor3/Workbook.stories.jsx[2m > [22m[2mData Plugin Demo
[22m[39m[FilesContext] fetchFiles called
[90mstdout[2m | src/components/Editor3/Workbook.stories.jsx[2m > [22m[2mData Plugin Demo
[22m[39m[FilesContext] User authenticated: mock-user-sub
[90mstdout[2m | src/components/Editor3/Workbook.stories.jsx[2m > [22m[2mData Plugin Demo
[22m[39m[FilesContext] Identity ID: us-east-1:mock-identity-123
[90mstdout[2m | src/components/Editor3/Workbook.stories.jsx[2m > [22m[2mData Plugin Demo
[22m[39m[FilesContext] About to set up File observeQuery
[90mstdout[2m | src/components/Editor3/Workbook.stories.jsx[2m > [22m[2mData Plugin Demo
[22m[39m[ChatContext] Setting up AssistantChat observeQuery
[90mstdout[2m | src/components/Editor3/Workbook.stories.jsx[2m > [22m[2mData Plugin Demo
[22m[39m[ChatContext] Waiting for subscription to initialize
[90mstdout[2m | src/components/Editor3/Workbook.stories.jsx[2m > [22m[2mData Plugin Demo
[22m[39m[SettingsContext] Setting up Settings subscription for user: mock-user-sub
[90mstdout[2m | src/components/Editor3/Workbook.stories.jsx[2m > [22m[2mData Plugin Demo
[22m[39m[Mock Data] Settings created: mock-settings-1790417424517 - notified 0 subscribers
[90mstdout[2m | src/components/Editor3/Workbook.stories.jsx[2m > [22m[2mData Plugin Demo
[22m[39m[Mock Data] Unit.onUpdate() subscription added. Total: 1
[90mstdout[2m | src/components/Editor3/Workbook.stories.jsx[2m > [22m[2mData Plugin Demo
[22m[39m[WorkbookStatePlugin] Loading unit content into read-only workbook: data-plugin-workbook-demo-id
[90mstdout[2m | src/components/Editor3/Workbook.stories.jsx[2m > [22m[2mData Plugin Demo
[22m[39m[SectionContext] Section observeQuery update: 0
[90mstdout[2m | src/components/Editor3/Workbook.stories.jsx[2m > [22m[2mData Plugin Demo
[22m[39m[FilesContext] File observeQuery update: 0 files
[90mstdout[2m | src/components/Editor3/Workbook.stories.jsx[2m > [22m[2mData Plugin Demo
[22m[39m[ChatContext] AssistantChat initialized with 0 chats
[90mstdout[2m | src/components/Editor3/Workbook.stories.jsx[2m > [22m[2mData Plugin Demo
[22m[39m[MOCK CourseVectorStore] Initialized with mock data
[90mstdout[2m | src/components/Editor3/Workbook.stories.jsx[2m > [22m[2mData Plugin Demo
[22m[39m[ChatContext] No current chat available, will create one
[90mstdout[2m | src/components/Editor3/Workbook.stories.jsx[2m > [22m[2mData Plugin Demo
[22m[39m[ChatContext] Creating AssistantChat with user: undefined
[90mstdout[2m | src/components/Editor3/Workbook.stories.jsx[2m > [22m[2mData Plugin Demo
[22m[39m[Mock Data] AssistantChat created: mock-assistantchat-1790417424571 - notified 1 subscribers
[90mstdout[2m | src/components/Editor3/Workbook.stories.jsx[2m > [22m[2mData Plugin Demo
[22m[39m[ChatContext] Create result: {
  "data": {
    "_version": 1,
    "archived": false,
    "chatFiles": [Function anonymous],
    "createdAt": "2026-09-26T10:10:24.571Z",
    "id": "mock-assistantchat-1790417424571",
    "model": "gpt-4",
    "updatedAt": "2026-09-26T10:10:24.571Z",
  },
  "errors": [],
  "hasData": true,
  "hasErrors": true,
}
[90mstdout[2m | src/components/Editor3/Workbook.stories.jsx[2m > [22m[2mData Plugin Demo
[22m[39m[ChatContext] Created AssistantChat: mock-assistantchat-1790417424571 at: 2026-09-26T10:10:24.571Z
[90mstdout[2m | src/components/Editor3/Workbook.stories.jsx[2m > [22m[2mData Plugin Demo
[22m[39m[Mock Storage] downloadData called with: undefined
[90mstdout[2m | src/components/Editor3/Workbook.stories.jsx[2m > [22m[2mData Plugin Demo
[22m[39m[ChatContext] Setting initial chat: mock-assistantchat-1790417424571
[90mstdout[2m | src/components/Editor3/Workbook.stories.jsx[2m > [22m[2mData Plugin Demo
[22m[39m[ChatContext] Chat exists and not archived, skipping creation
 [32m✓[39m [30m[45m storybook (chromium) [49m[39m src/components/Editor3/Workbook.stories.jsx [2m([22m[2m5 tests[22m[2m)[22m[33m 13143[2mms[22m[39m
   [33m[2m✓[22m[39m Empty Workbook [33m 627[2mms[22m[39m
   [33m[2m✓[22m[39m Workbook With Content [33m 1679[2mms[22m[39m
   [33m[2m✓[22m[39m Workbook With Progress [33m 3340[2mms[22m[39m
   [33m[2m✓[22m[39m Kitchen Sink [33m 6878[2mms[22m[39m
   [33m[2m✓[22m[39m Data Plugin Demo [33m 617[2mms[22m[39m
[90mstdout[2m | unknown test
[22m[39m[MOCK vectorStoreDB.js] Module loaded - mock IndexedDB operations
[90mstdout[2m | unknown test
[22m[39m[Task Completion] DOM action listeners initialized
[90mstdout[2m | unknown test
[22m[39m[Task Completion] Auto-completion detector initialized
[90mstdout[2m | unknown test
[22m[39m[Preview] Task completion detector initialized
[90mstdout[2m | src/components/Gamification/SkillForm.stories.tsx[2m > [22m[2mDefault
[22m[39m[TranslationModeController] Setting mode to: off
[90mstdout[2m | src/components/Gamification/SkillForm.stories.tsx[2m > [22m[2mWithout Generate
[22m[39m[TranslationModeController] Setting mode to: off
[90mstdout[2m | src/components/Gamification/SkillForm.stories.tsx[2m > [22m[2mEmpty Section
[22m[39m[TranslationModeController] Setting mode to: off
[90mstdout[2m | src/components/Gamification/SkillForm.stories.tsx[2m > [22m[2mSubmitting
[22m[39m[TranslationModeController] Setting mode to: off
[90mstdout[2m | src/components/Gamification/SkillForm.stories.tsx[2m > [22m[2mCreate Skill With Units
[22m[39m[TranslationModeController] Setting mode to: off
 [32m✓[39m [30m[45m storybook (chromium) [49m[39m src/components/Gamification/SkillForm.stories.tsx [2m([22m[2m5 tests[22m[2m)[22m[33m 3505[2mms[22m[39m
   [33m[2m✓[22m[39m Default [33m 494[2mms[22m[39m
   [33m[2m✓[22m[39m Submitting [33m 322[2mms[22m[39m
   [33m[2m✓[22m[39m Create Skill With Units [33m 2179[2mms[22m[39m
[90mstdout[2m | unknown test
[22m[39m[MOCK vectorStoreDB.js] Module loaded - mock IndexedDB operations
[90mstdout[2m | unknown test
[22m[39m[Task Completion] DOM action listeners initialized
[90mstdout[2m | unknown test
[22m[39m[Task Completion] Auto-completion detector initialized
[90mstdout[2m | unknown test
[22m[39m[Preview] Task completion detector initialized
[90mstdout[2m | src/components/Gamification/BadgeEditor.stories.tsx[2m > [22m[2mDefault
[22m[39m[TranslationModeController] Setting mode to: off
[90mstdout[2m | src/components/Gamification/BadgeEditor.stories.tsx[2m > [22m[2mWith Custom Badges
[22m[39m[TranslationModeController] Setting mode to: off
 [32m✓[39m [30m[45m storybook (chromium) [49m[39m src/components/Gamification/BadgeEditor.stories.tsx [2m([22m[2m2 tests[22m[2m)[22m[33m 3682[2mms[22m[39m
   [33m[2m✓[22m[39m Default [33m 2115[2mms[22m[39m
   [33m[2m✓[22m[39m With Custom Badges [33m 1565[2mms[22m[39m
[90mstdout[2m | unknown test
[22m[39m[MOCK vectorStoreDB.js] Module loaded - mock IndexedDB operations
[90mstdout[2m | unknown test
[22m[39m[Task Completion] DOM action listeners initialized
[90mstdout[2m | unknown test
[22m[39m[Task Completion] Auto-completion detector initialized
[90mstdout[2m | unknown test
[22m[39m[Preview] Task completion detector initialized
[90mstdout[2m | src/components/Gamification/XPTunerDialog.stories.tsx[2m > [22m[2mDefault
[22m[39m[TranslationModeController] Setting mode to: off
[90mstdout[2m | src/components/Gamification/XPTunerDialog.stories.tsx[2m > [22m[2mWith Custom Multipliers
[22m[39m[TranslationModeController] Setting mode to: off
[90mstdout[2m | src/components/Gamification/XPTunerDialog.stories.tsx[2m > [22m[2mWith Caps
[22m[39m[TranslationModeController] Setting mode to: off
[90mstdout[2m | src/components/Gamification/XPTunerDialog.stories.tsx[2m > [22m[2mXP Disabled
[22m[39m[TranslationModeController] Setting mode to: off
[90mstdout[2m | src/components/Gamification/XPTunerDialog.stories.tsx[2m > [22m[2mDouble XP
[22m[39m[TranslationModeController] Setting mode to: off
[90mstdout[2m | src/components/Gamification/XPTunerDialog.stories.tsx[2m > [22m[2mNo Section Name
[22m[39m[TranslationModeController] Setting mode to: off
[90mstdout[2m | src/components/Gamification/XPTunerDialog.stories.tsx[2m > [22m[2mCustom Leveling
[22m[39m[TranslationModeController] Setting mode to: off
[90mstdout[2m | src/components/Gamification/XPTunerDialog.stories.tsx[2m > [22m[2mMax Levels
[22m[39m[TranslationModeController] Setting mode to: off
 [32m✓[39m [30m[45m storybook (chromium) [49m[39m src/components/Gamification/XPTunerDialog.stories.tsx [2m([22m[2m8 tests[22m[2m)[22m[33m 9153[2mms[22m[39m
   [33m[2m✓[22m[39m Default [33m 1882[2mms[22m[39m
   [33m[2m✓[22m[39m With Custom Multipliers [33m 919[2mms[22m[39m
   [33m[2m✓[22m[39m With Caps [33m 1616[2mms[22m[39m
   [33m[2m✓[22m[39m XP Disabled [33m 1146[2mms[22m[39m
   [33m[2m✓[22m[39m Double XP [33m 895[2mms[22m[39m
   [33m[2m✓[22m[39m No Section Name [33m 763[2mms[22m[39m
   [33m[2m✓[22m[39m Custom Leveling [33m 878[2mms[22m[39m
   [33m[2m✓[22m[39m Max Levels [33m 1053[2mms[22m[39m
[90mstdout[2m | unknown test
[22m[39m[MOCK vectorStoreDB.js] Module loaded - mock IndexedDB operations
[90mstdout[2m | unknown test
[22m[39m[Task Completion] DOM action listeners initialized
[90mstdout[2m | unknown test
[22m[39m[Task Completion] Auto-completion detector initialized
[90mstdout[2m | unknown test
[22m[39m[Preview] Task completion detector initialized
[90mstdout[2m | src/components/Dashboard/SectionPanel.stories.tsx[2m > [22m[2mMixed Progress
[22m[39m[TranslationModeController] Setting mode to: off
[90mstdout[2m | src/components/Dashboard/SectionPanel.stories.tsx[2m > [22m[2mAll Completed
[22m[39m[TranslationModeController] Setting mode to: off
[90mstdout[2m | src/components/Dashboard/SectionPanel.stories.tsx[2m > [22m[2mAll Pending
[22m[39m[TranslationModeController] Setting mode to: off
[90mstdout[2m | src/components/Dashboard/SectionPanel.stories.tsx[2m > [22m[2mWith Locked Assignments
[22m[39m[TranslationModeController] Setting mode to: off
[90mstdout[2m | src/components/Dashboard/SectionPanel.stories.tsx[2m > [22m[2mWith Campaign Context
[22m[39m[TranslationModeController] Setting mode to: off
[90mstdout[2m | src/components/Dashboard/SectionPanel.stories.tsx[2m > [22m[2mCollapsed
[22m[39m[TranslationModeController] Setting mode to: off
[90mstdout[2m | src/components/Dashboard/SectionPanel.stories.tsx[2m > [22m[2mSingle Assignment
[22m[39m[TranslationModeController] Setting mode to: off
[90mstdout[2m | src/components/Dashboard/SectionPanel.stories.tsx[2m > [22m[2mMobile Viewport
[22m[39m[TranslationModeController] Setting mode to: off
[90mstdout[2m | src/components/Dashboard/SectionPanel.stories.tsx[2m > [22m[2mTablet Viewport
[22m[39m[TranslationModeController] Setting mode to: off
[90mstdout[2m | src/components/Dashboard/SectionPanel.stories.tsx[2m > [22m[2mDesktop Viewport
[22m[39m[TranslationModeController] Setting mode to: off
 [32m✓[39m [30m[45m storybook (chromium) [49m[39m src/components/Dashboard/SectionPanel.stories.tsx [2m([22m[2m10 tests[22m[2m)[22m[33m 10689[2mms[22m[39m
   [33m[2m✓[22m[39m Mixed Progress [33m 1547[2mms[22m[39m
   [33m[2m✓[22m[39m All Completed [33m 903[2mms[22m[39m
   [33m[2m✓[22m[39m All Pending [33m 1197[2mms[22m[39m
   [33m[2m✓[22m[39m With Locked Assignments [33m 1063[2mms[22m[39m
   [33m[2m✓[22m[39m With Campaign Context [33m 1173[2mms[22m[39m
   [33m[2m✓[22m[39m Collapsed [33m 1219[2mms[22m[39m
   [33m[2m✓[22m[39m Single Assignment [33m 535[2mms[22m[39m
   [33m[2m✓[22m[39m Mobile Viewport [33m 995[2mms[22m[39m
   [33m[2m✓[22m[39m Tablet Viewport [33m 1137[2mms[22m[39m
   [33m[2m✓[22m[39m Desktop Viewport [33m 919[2mms[22m[39m
[90mstdout[2m | unknown test
[22m[39m[MOCK vectorStoreDB.js] Module loaded - mock IndexedDB operations
[90mstdout[2m | unknown test
[22m[39m[Task Completion] DOM action listeners initialized
[90mstdout[2m | unknown test
[22m[39m[Task Completion] Auto-completion detector initialized
[90mstdout[2m | unknown test
[22m[39m[Preview] Task completion detector initialized
[90mstdout[2m | src/components/Gamification/BossBattleForm.stories.tsx[2m > [22m[2mDefault
[22m[39m[TranslationModeController] Setting mode to: off
[90mstdout[2m | src/components/Gamification/BossBattleForm.stories.tsx[2m > [22m[2mSubmitting
[22m[39m[TranslationModeController] Setting mode to: off
[90mstdout[2m | src/components/Gamification/BossBattleForm.stories.tsx[2m > [22m[2mFill And Submit
[22m[39m[TranslationModeController] Setting mode to: off
[90mstdout[2m | src/components/Gamification/BossBattleForm.stories.tsx[2m > [22m[2mValidation Error
[22m[39m[TranslationModeController] Setting mode to: off
 [32m✓[39m [30m[45m storybook (chromium) [49m[39m src/components/Gamification/BossBattleForm.stories.tsx [2m([22m[2m4 tests[22m[2m)[22m[33m 10040[2mms[22m[39m
   [33m[2m✓[22m[39m Default [33m 837[2mms[22m[39m
   [33m[2m✓[22m[39m Submitting [33m 579[2mms[22m[39m
   [33m[2m✓[22m[39m Fill And Submit [33m 6817[2mms[22m[39m
   [33m[2m✓[22m[39m Validation Error [33m 1805[2mms[22m[39m
[90mstdout[2m | unknown test
[22m[39m[MOCK vectorStoreDB.js] Module loaded - mock IndexedDB operations
[90mstdout[2m | unknown test
[22m[39m[Task Completion] DOM action listeners initialized
[90mstdout[2m | unknown test
[22m[39m[Task Completion] Auto-completion detector initialized
[90mstdout[2m | unknown test
[22m[39m[Preview] Task completion detector initialized
[90mstdout[2m | src/components/Editor3/components/EditorComponents.stories.jsx[2m > [22m[2mVisualization Rings
[22m[39m[Preview] Skipped initializing default mock data (initializeMockData=false)
[90mstdout[2m | src/components/Editor3/components/EditorComponents.stories.jsx[2m > [22m[2mVisualization Rings
[22m[39m[MOCK CourseVectorStore] Initialized with mock data
[90mstdout[2m | src/components/Editor3/components/EditorComponents.stories.jsx[2m > [22m[2mVisualization Rings
[22m[39m[TranslationModeController] Setting mode to: off
[90mstdout[2m | src/components/Editor3/components/EditorComponents.stories.jsx[2m > [22m[2mVisualization Rings
[22m[39m[FilesContext] Initializing vector store from IndexedDB
[90mstdout[2m | src/components/Editor3/components/EditorComponents.stories.jsx[2m > [22m[2mVisualization Rings
[22m[39m[FilesContext] fetchFiles called
[90mstdout[2m | src/components/Editor3/components/EditorComponents.stories.jsx[2m > [22m[2mVisualization Rings
[22m[39m[FilesContext] User authenticated: mock-user-sub
[90mstdout[2m | src/components/Editor3/components/EditorComponents.stories.jsx[2m > [22m[2mVisualization Rings
[22m[39m[FilesContext] Identity ID: us-east-1:mock-identity-123
[90mstdout[2m | src/components/Editor3/components/EditorComponents.stories.jsx[2m > [22m[2mVisualization Rings
[22m[39m[FilesContext] About to set up File observeQuery
[90mstdout[2m | src/components/Editor3/components/EditorComponents.stories.jsx[2m > [22m[2mVisualization Rings
[22m[39m[ChatContext] Setting up AssistantChat observeQuery
[90mstdout[2m | src/components/Editor3/components/EditorComponents.stories.jsx[2m > [22m[2mVisualization Rings
[22m[39m[ChatContext] Waiting for subscription to initialize
[90mstdout[2m | src/components/Editor3/components/EditorComponents.stories.jsx[2m > [22m[2mVisualization Rings
[22m[39m[SettingsContext] Setting up Settings subscription for user: mock-user-sub
[90mstdout[2m | src/components/Editor3/components/EditorComponents.stories.jsx[2m > [22m[2mVisualization Rings
[22m[39m[Mock Data] Settings created: mock-settings-1790417480251 - notified 0 subscribers
[90mstdout[2m | src/components/Editor3/components/EditorComponents.stories.jsx[2m > [22m[2mVisualization Rings
[22m[39m[SectionContext] Section observeQuery update: 0
[90mstdout[2m | src/components/Editor3/components/EditorComponents.stories.jsx[2m > [22m[2mVisualization Rings
[22m[39m[FilesContext] File observeQuery update: 0 files
[90mstdout[2m | src/components/Editor3/components/EditorComponents.stories.jsx[2m > [22m[2mVisualization Rings
[22m[39m[ChatContext] AssistantChat initialized with 0 chats
[90mstdout[2m | src/components/Editor3/components/EditorComponents.stories.jsx[2m > [22m[2mVisualization Rings
[22m[39m[MOCK CourseVectorStore] Initialized with mock data
[90mstdout[2m | src/components/Editor3/components/EditorComponents.stories.jsx[2m > [22m[2mVisualization Rings
[22m[39m[ChatContext] No current chat available, will create one
[90mstdout[2m | src/components/Editor3/components/EditorComponents.stories.jsx[2m > [22m[2mVisualization Rings
[22m[39m[ChatContext] Creating AssistantChat with user: undefined
[90mstdout[2m | src/components/Editor3/components/EditorComponents.stories.jsx[2m > [22m[2mVisualization Rings
[22m[39m[Mock Data] AssistantChat created: mock-assistantchat-1790417480305 - notified 1 subscribers
[90mstdout[2m | src/components/Editor3/components/EditorComponents.stories.jsx[2m > [22m[2mVisualization Rings
[22m[39m[ChatContext] Create result: {
  "data": {
    "_version": 1,
    "archived": false,
    "chatFiles": [Function anonymous],
    "createdAt": "2026-09-26T10:11:20.305Z",
    "id": "mock-assistantchat-1790417480305",
    "model": "gpt-4",
    "updatedAt": "2026-09-26T10:11:20.305Z",
  },
  "errors": [],
  "hasData": true,
  "hasErrors": true,
}
[90mstdout[2m | src/components/Editor3/components/EditorComponents.stories.jsx[2m > [22m[2mVisualization Rings
[22m[39m[ChatContext] Created AssistantChat: mock-assistantchat-1790417480305 at: 2026-09-26T10:11:20.305Z
[90mstdout[2m | src/components/Editor3/components/EditorComponents.stories.jsx[2m > [22m[2mVisualization Rings
[22m[39m[Mock Storage] downloadData called with: undefined
[90mstdout[2m | src/components/Editor3/components/EditorComponents.stories.jsx[2m > [22m[2mVisualization Rings
[22m[39m[ChatContext] Setting initial chat: mock-assistantchat-1790417480305
[90mstdout[2m | src/components/Editor3/components/EditorComponents.stories.jsx[2m > [22m[2mVisualization Rings
[22m[39m[ChatContext] Chat exists and not archived, skipping creation
[90mstdout[2m | src/components/Editor3/components/EditorComponents.stories.jsx[2m > [22m[2mVisualization Spikes
[22m[39m[ChatContext] Cleaning up subscriptions
[90mstdout[2m | src/components/Editor3/components/EditorComponents.stories.jsx[2m > [22m[2mVisualization Spikes
[22m[39m[Preview] Skipped initializing default mock data (initializeMockData=false)
[90mstdout[2m | src/components/Editor3/components/EditorComponents.stories.jsx[2m > [22m[2mVisualization Spikes
[22m[39m[MOCK CourseVectorStore] Initialized with mock data
[90mstdout[2m | src/components/Editor3/components/EditorComponents.stories.jsx[2m > [22m[2mVisualization Spikes
[22m[39m[TranslationModeController] Setting mode to: off
[90mstdout[2m | src/components/Editor3/components/EditorComponents.stories.jsx[2m > [22m[2mVisualization Spikes
[22m[39m[FilesContext] Initializing vector store from IndexedDB
[90mstdout[2m | src/components/Editor3/components/EditorComponents.stories.jsx[2m > [22m[2mVisualization Spikes
[22m[39m[FilesContext] fetchFiles called
[90mstdout[2m | src/components/Editor3/components/EditorComponents.stories.jsx[2m > [22m[2mVisualization Spikes
[22m[39m[FilesContext] User authenticated: mock-user-sub
[90mstdout[2m | src/components/Editor3/components/EditorComponents.stories.jsx[2m > [22m[2mVisualization Spikes
[22m[39m[FilesContext] Identity ID: us-east-1:mock-identity-123
[90mstdout[2m | src/components/Editor3/components/EditorComponents.stories.jsx[2m > [22m[2mVisualization Spikes
[22m[39m[FilesContext] About to set up File observeQuery
[90mstdout[2m | src/components/Editor3/components/EditorComponents.stories.jsx[2m > [22m[2mVisualization Spikes
[22m[39m[ChatContext] Setting up AssistantChat observeQuery
[90mstdout[2m | src/components/Editor3/components/EditorComponents.stories.jsx[2m > [22m[2mVisualization Spikes
[22m[39m[ChatContext] Waiting for subscription to initialize
[90mstdout[2m | src/components/Editor3/components/EditorComponents.stories.jsx[2m > [22m[2mVisualization Spikes
[22m[39m[SettingsContext] Setting up Settings subscription for user: mock-user-sub
[90mstdout[2m | src/components/Editor3/components/EditorComponents.stories.jsx[2m > [22m[2mVisualization Spikes
[22m[39m[Mock Data] Settings created: mock-settings-1790417480818 - notified 0 subscribers
[90mstdout[2m | src/components/Editor3/components/EditorComponents.stories.jsx[2m > [22m[2mVisualization Spikes
[22m[39m[SectionContext] Section observeQuery update: 0
[90mstdout[2m | src/components/Editor3/components/EditorComponents.stories.jsx[2m > [22m[2mVisualization Spikes
[22m[39m[FilesContext] File observeQuery update: 0 files
[90mstdout[2m | src/components/Editor3/components/EditorComponents.stories.jsx[2m > [22m[2mVisualization Spikes
[22m[39m[ChatContext] AssistantChat initialized with 0 chats
[90mstdout[2m | src/components/Editor3/components/EditorComponents.stories.jsx[2m > [22m[2mVisualization Spikes
[22m[39m[MOCK CourseVectorStore] Initialized with mock data
[90mstdout[2m | src/components/Editor3/components/EditorComponents.stories.jsx[2m > [22m[2mVisualization Spikes
[22m[39m[ChatContext] No current chat available, will create one
[90mstdout[2m | src/components/Editor3/components/EditorComponents.stories.jsx[2m > [22m[2mVisualization Spikes
[22m[39m[ChatContext] Creating AssistantChat with user: undefined
[90mstdout[2m | src/components/Editor3/components/EditorComponents.stories.jsx[2m > [22m[2mVisualization Spikes
[22m[39m[Mock Data] AssistantChat created: mock-assistantchat-1790417480859 - notified 1 subscribers
[90mstdout[2m | src/components/Editor3/components/EditorComponents.stories.jsx[2m > [22m[2mVisualization Spikes
[22m[39m[ChatContext] Create result: {
  "data": {
    "_version": 1,
    "archived": false,
    "chatFiles": [Function anonymous],
    "createdAt": "2026-09-26T10:11:20.859Z",
    "id": "mock-assistantchat-1790417480859",
    "model": "gpt-4",
    "updatedAt": "2026-09-26T10:11:20.859Z",
  },
  "errors": [],
  "hasData": true,
  "hasErrors": true,
}
[90mstdout[2m | src/components/Editor3/components/EditorComponents.stories.jsx[2m > [22m[2mVisualization Spikes
[22m[39m[ChatContext] Created AssistantChat: mock-assistantchat-1790417480859 at: 2026-09-26T10:11:20.859Z
[90mstdout[2m | src/components/Editor3/components/EditorComponents.stories.jsx[2m > [22m[2mVisualization Spikes
[22m[39m[Mock Storage] downloadData called with: undefined
[90mstdout[2m | src/components/Editor3/components/EditorComponents.stories.jsx[2m > [22m[2mVisualization Spikes
[22m[39m[ChatContext] Setting initial chat: mock-assistantchat-1790417480859
[90mstdout[2m | src/components/Editor3/components/EditorComponents.stories.jsx[2m > [22m[2mVisualization Spikes
[22m[39m[ChatContext] Chat exists and not archived, skipping creation
[90mstdout[2m | src/components/Editor3/components/EditorComponents.stories.jsx[2m > [22m[2mVisualization Center Top
[22m[39m[ChatContext] Cleaning up subscriptions
[90mstdout[2m | src/components/Editor3/components/EditorComponents.stories.jsx[2m > [22m[2mVisualization Center Top
[22m[39m[Preview] Skipped initializing default mock data (initializeMockData=false)
[90mstdout[2m | src/components/Editor3/components/EditorComponents.stories.jsx[2m > [22m[2mVisualization Center Top
[22m[39m[MOCK CourseVectorStore] Initialized with mock data
[90mstdout[2m | src/components/Editor3/components/EditorComponents.stories.jsx[2m > [22m[2mVisualization Center Top
[22m[39m[TranslationModeController] Setting mode to: off
[90mstdout[2m | src/components/Editor3/components/EditorComponents.stories.jsx[2m > [22m[2mVisualization Center Top
[22m[39m[FilesContext] Initializing vector store from IndexedDB
[90mstdout[2m | src/components/Editor3/components/EditorComponents.stories.jsx[2m > [22m[2mVisualization Center Top
[22m[39m[FilesContext] fetchFiles called
[90mstdout[2m | src/components/Editor3/components/EditorComponents.stories.jsx[2m > [22m[2mVisualization Center Top
[22m[39m[FilesContext] User authenticated: mock-user-sub
[90mstdout[2m | src/components/Editor3/components/EditorComponents.stories.jsx[2m > [22m[2mVisualization Center Top
[22m[39m[FilesContext] Identity ID: us-east-1:mock-identity-123
[90mstdout[2m | src/components/Editor3/components/EditorComponents.stories.jsx[2m > [22m[2mVisualization Center Top
[22m[39m[FilesContext] About to set up File observeQuery
[90mstdout[2m | src/components/Editor3/components/EditorComponents.stories.jsx[2m > [22m[2mVisualization Center Top
[22m[39m[ChatContext] Setting up AssistantChat observeQuery
[90mstdout[2m | src/components/Editor3/components/EditorComponents.stories.jsx[2m > [22m[2mVisualization Center Top
[22m[39m[ChatContext] Waiting for subscription to initialize
[90mstdout[2m | src/components/Editor3/components/EditorComponents.stories.jsx[2m > [22m[2mVisualization Center Top
[22m[39m[SettingsContext] Setting up Settings subscription for user: mock-user-sub
[90mstdout[2m | src/components/Editor3/components/EditorComponents.stories.jsx[2m > [22m[2mVisualization Center Top
[22m[39m[Mock Data] Settings created: mock-settings-1790417481303 - notified 0 subscribers
[90mstdout[2m | src/components/Editor3/components/EditorComponents.stories.jsx[2m > [22m[2mVisualization Center Top
[22m[39m[SectionContext] Section observeQuery update: 0
[90mstdout[2m | src/components/Editor3/components/EditorComponents.stories.jsx[2m > [22m[2mVisualization Center Top
[22m[39m[FilesContext] File observeQuery update: 0 files
[90mstdout[2m | src/components/Editor3/components/EditorComponents.stories.jsx[2m > [22m[2mVisualization Center Top
[22m[39m[ChatContext] AssistantChat initialized with 0 chats
[90mstdout[2m | src/components/Editor3/components/EditorComponents.stories.jsx[2m > [22m[2mVisualization Center Top
[22m[39m[MOCK CourseVectorStore] Initialized with mock data
[90mstdout[2m | src/components/Editor3/components/EditorComponents.stories.jsx[2m > [22m[2mVisualization Center Top
[22m[39m[ChatContext] No current chat available, will create one
[90mstdout[2m | src/components/Editor3/components/EditorComponents.stories.jsx[2m > [22m[2mVisualization Center Top
[22m[39m[ChatContext] Creating AssistantChat with user: undefined
[90mstdout[2m | src/components/Editor3/components/EditorComponents.stories.jsx[2m > [22m[2mVisualization Center Top
[22m[39m[Mock Data] AssistantChat created: mock-assistantchat-1790417481449 - notified 1 subscribers
[90mstdout[2m | src/components/Editor3/components/EditorComponents.stories.jsx[2m > [22m[2mVisualization Center Top
[22m[39m[ChatContext] Create result: {
  "data": {
    "_version": 1,
    "archived": false,
    "chatFiles": [Function anonymous],
    "createdAt": "2026-09-26T10:11:21.449Z",
    "id": "mock-assistantchat-1790417481449",
    "model": "gpt-4",
    "updatedAt": "2026-09-26T10:11:21.449Z",
  },
  "errors": [],
  "hasData": true,
  "hasErrors": true,
}
[90mstdout[2m | src/components/Editor3/components/EditorComponents.stories.jsx[2m > [22m[2mVisualization Center Top
[22m[39m[ChatContext] Created AssistantChat: mock-assistantchat-1790417481449 at: 2026-09-26T10:11:21.449Z
[90mstdout[2m | src/components/Editor3/components/EditorComponents.stories.jsx[2m > [22m[2mVisualization Center Top
[22m[39m[Mock Storage] downloadData called with: undefined
[90mstdout[2m | src/components/Editor3/components/EditorComponents.stories.jsx[2m > [22m[2mVisualization Center Top
[22m[39m[ChatContext] Setting initial chat: mock-assistantchat-1790417481449
[90mstdout[2m | src/components/Editor3/components/EditorComponents.stories.jsx[2m > [22m[2mVisualization Center Top
[22m[39m[ChatContext] Chat exists and not archived, skipping creation
[90mstdout[2m | src/components/Editor3/components/EditorComponents.stories.jsx[2m > [22m[2mAudio Level Indicators
[22m[39m[ChatContext] Cleaning up subscriptions
[90mstdout[2m | src/components/Editor3/components/EditorComponents.stories.jsx[2m > [22m[2mAudio Level Indicators
[22m[39m[Preview] Skipped initializing default mock data (initializeMockData=false)
[90mstdout[2m | src/components/Editor3/components/EditorComponents.stories.jsx[2m > [22m[2mAudio Level Indicators
[22m[39m[MOCK CourseVectorStore] Initialized with mock data
[90mstdout[2m | src/components/Editor3/components/EditorComponents.stories.jsx[2m > [22m[2mAudio Level Indicators
[22m[39m[TranslationModeController] Setting mode to: off
[90mstdout[2m | src/components/Editor3/components/EditorComponents.stories.jsx[2m > [22m[2mAudio Level Indicators
[22m[39m[FilesContext] Initializing vector store from IndexedDB
[90mstdout[2m | src/components/Editor3/components/EditorComponents.stories.jsx[2m > [22m[2mAudio Level Indicators
[22m[39m[FilesContext] fetchFiles called
[90mstdout[2m | src/components/Editor3/components/EditorComponents.stories.jsx[2m > [22m[2mAudio Level Indicators
[22m[39m[FilesContext] User authenticated: mock-user-sub
[90mstdout[2m | src/components/Editor3/components/EditorComponents.stories.jsx[2m > [22m[2mAudio Level Indicators
[22m[39m[FilesContext] Identity ID: us-east-1:mock-identity-123
[90mstdout[2m | src/components/Editor3/components/EditorComponents.stories.jsx[2m > [22m[2mAudio Level Indicators
[22m[39m[FilesContext] About to set up File observeQuery
[90mstdout[2m | src/components/Editor3/components/EditorComponents.stories.jsx[2m > [22m[2mAudio Level Indicators
[22m[39m[ChatContext] Setting up AssistantChat observeQuery
[90mstdout[2m | src/components/Editor3/components/EditorComponents.stories.jsx[2m > [22m[2mAudio Level Indicators
[22m[39m[ChatContext] Waiting for subscription to initialize
[90mstdout[2m | src/components/Editor3/components/EditorComponents.stories.jsx[2m > [22m[2mAudio Level Indicators
[22m[39m[SettingsContext] Setting up Settings subscription for user: mock-user-sub
[90mstdout[2m | src/components/Editor3/components/EditorComponents.stories.jsx[2m > [22m[2mAudio Level Indicators
[22m[39m[Mock Data] Settings created: mock-settings-1790417481975 - notified 0 subscribers
[90mstdout[2m | src/components/Editor3/components/EditorComponents.stories.jsx[2m > [22m[2mAudio Level Indicators
[22m[39m[SectionContext] Section observeQuery update: 0
[90mstdout[2m | src/components/Editor3/components/EditorComponents.stories.jsx[2m > [22m[2mAudio Level Indicators
[22m[39m[FilesContext] File observeQuery update: 0 files
[90mstdout[2m | src/components/Editor3/components/EditorComponents.stories.jsx[2m > [22m[2mAudio Level Indicators
[22m[39m[ChatContext] AssistantChat initialized with 0 chats
[90mstdout[2m | src/components/Editor3/components/EditorComponents.stories.jsx[2m > [22m[2mAudio Level Indicators
[22m[39m[MOCK CourseVectorStore] Initialized with mock data
[90mstdout[2m | src/components/Editor3/components/EditorComponents.stories.jsx[2m > [22m[2mAudio Level Indicators
[22m[39m[ChatContext] No current chat available, will create one
[90mstdout[2m | src/components/Editor3/components/EditorComponents.stories.jsx[2m > [22m[2mAudio Level Indicators
[22m[39m[ChatContext] Creating AssistantChat with user: undefined
[90mstdout[2m | src/components/Editor3/components/EditorComponents.stories.jsx[2m > [22m[2mAudio Level Indicators
[22m[39m[Mock Data] AssistantChat created: mock-assistantchat-1790417482033 - notified 1 subscribers
[90mstdout[2m | src/components/Editor3/components/EditorComponents.stories.jsx[2m > [22m[2mAudio Level Indicators
[22m[39m[ChatContext] Create result: {
  "data": {
    "_version": 1,
    "archived": false,
    "chatFiles": [Function anonymous],
    "createdAt": "2026-09-26T10:11:22.033Z",
    "id": "mock-assistantchat-1790417482033",
    "model": "gpt-4",
    "updatedAt": "2026-09-26T10:11:22.033Z",
  },
  "errors": [],
  "hasData": true,
  "hasErrors": true,
}
[90mstdout[2m | src/components/Editor3/components/EditorComponents.stories.jsx[2m > [22m[2mAudio Level Indicators
[22m[39m[ChatContext] Created AssistantChat: mock-assistantchat-1790417482033 at: 2026-09-26T10:11:22.033Z
[90mstdout[2m | src/components/Editor3/components/EditorComponents.stories.jsx[2m > [22m[2mAudio Level Indicators
[22m[39m[Mock Storage] downloadData called with: undefined
[90mstdout[2m | src/components/Editor3/components/EditorComponents.stories.jsx[2m > [22m[2mAudio Level Indicators
[22m[39m[ChatContext] Setting initial chat: mock-assistantchat-1790417482033
[90mstdout[2m | src/components/Editor3/components/EditorComponents.stories.jsx[2m > [22m[2mAudio Level Indicators
[22m[39m[ChatContext] Chat exists and not archived, skipping creation
[90mstdout[2m | src/components/Editor3/components/EditorComponents.stories.jsx[2m > [22m[2mQuiz Default
[22m[39m[ChatContext] Cleaning up subscriptions
[90mstdout[2m | src/components/Editor3/components/EditorComponents.stories.jsx[2m > [22m[2mQuiz Default
[22m[39m[Preview] Skipped initializing default mock data (initializeMockData=false)
[90mstdout[2m | src/components/Editor3/components/EditorComponents.stories.jsx[2m > [22m[2mQuiz Default
[22m[39m[Mock Data] seedMockUnit: Adding unit quiz-default-story-unit
[90mstdout[2m | src/components/Editor3/components/EditorComponents.stories.jsx[2m > [22m[2mQuiz Default
[22m[39m[MOCK CourseVectorStore] Initialized with mock data
[90mstdout[2m | src/components/Editor3/components/EditorComponents.stories.jsx[2m > [22m[2mQuiz Default
[22m[39mQuestionBlockRo.grade {}
[90mstdout[2m | src/components/Editor3/components/EditorComponents.stories.jsx[2m > [22m[2mQuiz Default
[22m[39m......!q {
  "answer": "3",
  "correct": false,
}
[90mstdout[2m | src/components/Editor3/components/EditorComponents.stories.jsx[2m > [22m[2mQuiz Default
[22m[39m......!q {
  "answer": "4",
  "correct": true,
}
[90mstdout[2m | src/components/Editor3/components/EditorComponents.stories.jsx[2m > [22m[2mQuiz Default
[22m[39m......!q {
  "answer": "5",
  "correct": false,
}
[90mstdout[2m | src/components/Editor3/components/EditorComponents.stories.jsx[2m > [22m[2mQuiz Default
[22m[39m......!q {
  "answer": "6",
  "correct": false,
}
[90mstdout[2m | src/components/Editor3/components/EditorComponents.stories.jsx[2m > [22m[2mQuiz Default
[22m[39mQuestionBlock.nodeKey quiz-1 type: string
[90mstdout[2m | src/components/Editor3/components/EditorComponents.stories.jsx[2m > [22m[2mQuiz Default
[22m[39mQuestionBlock.questionContent [
  {
    "answer": "3",
    "correct": false,
  },
  {
    "answer": "4",
    "correct": true,
  },
  {
    "answer": "5",
    "correct": false,
  },
  {
    "answer": "6",
    "correct": false,
  },
]
[90mstdout[2m | src/components/Editor3/components/EditorComponents.stories.jsx[2m > [22m[2mQuiz Default
[22m[39mQuestionBlock.grade.data keys: []
[90mstdout[2m | src/components/Editor3/components/EditorComponents.stories.jsx[2m > [22m[2mQuiz Default
[22m[39mQuestionBlock.grade.data[nodeKey]: undefined
[90mstdout[2m | src/components/Editor3/components/EditorComponents.stories.jsx[2m > [22m[2mQuiz Default
[22m[39mQuestionBlockRo.inProgress {}
[90mstdout[2m | src/components/Editor3/components/EditorComponents.stories.jsx[2m > [22m[2mQuiz Default
[22m[39m[TranslationModeController] Setting mode to: off
[90mstdout[2m | src/components/Editor3/components/EditorComponents.stories.jsx[2m > [22m[2mQuiz Default
[22m[39m[UnitContext] useEffect triggered {
  "authLoading": false,
  "hasUser": true,
  "id": "quiz-default-story-unit",
  "userSub": "mock-user-sub",
}
[90mstdout[2m | src/components/Editor3/components/EditorComponents.stories.jsx[2m > [22m[2mQuiz Default
[22m[39m[UnitContext] Fetching unit data for id: quiz-default-story-unit
[90mstdout[2m | src/components/Editor3/components/EditorComponents.stories.jsx[2m > [22m[2mQuiz Default
[22m[39m[FilesContext] Initializing vector store from IndexedDB
[90mstdout[2m | src/components/Editor3/components/EditorComponents.stories.jsx[2m > [22m[2mQuiz Default
[22m[39m[FilesContext] fetchFiles called
[90mstdout[2m | src/components/Editor3/components/EditorComponents.stories.jsx[2m > [22m[2mQuiz Default
[22m[39m[FilesContext] User authenticated: mock-user-sub
[90mstdout[2m | src/components/Editor3/components/EditorComponents.stories.jsx[2m > [22m[2mQuiz Default
[22m[39m[FilesContext] Identity ID: us-east-1:mock-identity-123
[90mstdout[2m | src/components/Editor3/components/EditorComponents.stories.jsx[2m > [22m[2mQuiz Default
[22m[39m[FilesContext] About to set up File observeQuery
[90mstdout[2m | src/components/Editor3/components/EditorComponents.stories.jsx[2m > [22m[2mQuiz Default
[22m[39m[ChatContext] Setting up AssistantChat observeQuery
[90mstdout[2m | src/components/Editor3/components/EditorComponents.stories.jsx[2m > [22m[2mQuiz Default
[22m[39m[ChatContext] Waiting for subscription to initialize
[90mstdout[2m | src/components/Editor3/components/EditorComponents.stories.jsx[2m > [22m[2mQuiz Default
[22m[39m[SettingsContext] Setting up Settings subscription for user: mock-user-sub
[90mstdout[2m | src/components/Editor3/components/EditorComponents.stories.jsx[2m > [22m[2mQuiz Default
[22m[39mQuestionBlockRo.grade {}
[90mstdout[2m | src/components/Editor3/components/EditorComponents.stories.jsx[2m > [22m[2mQuiz Default
[22m[39m......!q {
  "answer": "3",
  "correct": false,
}
[90mstdout[2m | src/components/Editor3/components/EditorComponents.stories.jsx[2m > [22m[2mQuiz Default
[22m[39m......!q {
  "answer": "4",
  "correct": true,
}
[90mstdout[2m | src/components/Editor3/components/EditorComponents.stories.jsx[2m > [22m[2mQuiz Default
[22m[39m......!q {
  "answer": "5",
  "correct": false,
}
[90mstdout[2m | src/components/Editor3/components/EditorComponents.stories.jsx[2m > [22m[2mQuiz Default
[22m[39m......!q {
  "answer": "6",
  "correct": false,
}
[90mstdout[2m | src/components/Editor3/components/EditorComponents.stories.jsx[2m > [22m[2mQuiz Default
[22m[39mQuestionBlock.nodeKey quiz-1 type: string
[90mstdout[2m | src/components/Editor3/components/EditorComponents.stories.jsx[2m > [22m[2mQuiz Default
[22m[39mQuestionBlock.questionContent [
  {
    "answer": "3",
    "correct": false,
  },
  {
    "answer": "4",
    "correct": true,
  },
  {
    "answer": "5",
    "correct": false,
  },
  {
    "answer": "6",
    "correct": false,
  },
]
[90mstdout[2m | src/components/Editor3/components/EditorComponents.stories.jsx[2m > [22m[2mQuiz Default
[22m[39mQuestionBlock.grade.data keys: []
[90mstdout[2m | src/components/Editor3/components/EditorComponents.stories.jsx[2m > [22m[2mQuiz Default
[22m[39mQuestionBlock.grade.data[nodeKey]: undefined
[90mstdout[2m | src/components/Editor3/components/EditorComponents.stories.jsx[2m > [22m[2mQuiz Default
[22m[39mQuestionBlockRo.inProgress {}
[90mstdout[2m | src/components/Editor3/components/EditorComponents.stories.jsx[2m > [22m[2mQuiz Default
[22m[39m[Mock Data] Settings created: mock-settings-1790417482700 - notified 0 subscribers
[90mstdout[2m | src/components/Editor3/components/EditorComponents.stories.jsx[2m > [22m[2mQuiz Default
[22m[39m[Mock Data] Unit.onUpdate() subscription added. Total: 1
[90mstdout[2m | src/components/Editor3/components/EditorComponents.stories.jsx[2m > [22m[2mQuiz Default
[22m[39mQuestionBlockRo.grade {}
[90mstdout[2m | src/components/Editor3/components/EditorComponents.stories.jsx[2m > [22m[2mQuiz Default
[22m[39m......!q {
  "answer": "3",
  "correct": false,
}
[90mstdout[2m | src/components/Editor3/components/EditorComponents.stories.jsx[2m > [22m[2mQuiz Default
[22m[39m......!q {
  "answer": "4",
  "correct": true,
}
[90mstdout[2m | src/components/Editor3/components/EditorComponents.stories.jsx[2m > [22m[2mQuiz Default
[22m[39m......!q {
  "answer": "5",
  "correct": false,
}
[90mstdout[2m | src/components/Editor3/components/EditorComponents.stories.jsx[2m > [22m[2mQuiz Default
[22m[39m......!q {
  "answer": "6",
  "correct": false,
}
[90mstdout[2m | src/components/Editor3/components/EditorComponents.stories.jsx[2m > [22m[2mQuiz Default
[22m[39mQuestionBlock.nodeKey quiz-1 type: string
[90mstdout[2m | src/components/Editor3/components/EditorComponents.stories.jsx[2m > [22m[2mQuiz Default
[22m[39mQuestionBlock.questionContent [
  {
    "answer": "3",
    "correct": false,
  },
  {
    "answer": "4",
    "correct": true,
  },
  {
    "answer": "5",
    "correct": false,
  },
  {
    "answer": "6",
    "correct": false,
  },
]
[90mstdout[2m | src/components/Editor3/components/EditorComponents.stories.jsx[2m > [22m[2mQuiz Default
[22m[39mQuestionBlock.grade.data keys: []
[90mstdout[2m | src/components/Editor3/components/EditorComponents.stories.jsx[2m > [22m[2mQuiz Default
[22m[39mQuestionBlock.grade.data[nodeKey]: undefined
[90mstdout[2m | src/components/Editor3/components/EditorComponents.stories.jsx[2m > [22m[2mQuiz Default
[22m[39mQuestionBlockRo.inProgress {}
[90mstdout[2m | src/components/Editor3/components/EditorComponents.stories.jsx[2m > [22m[2mQuiz Default
[22m[39m[SectionContext] Section observeQuery update: 0
[90mstdout[2m | src/components/Editor3/components/EditorComponents.stories.jsx[2m > [22m[2mQuiz Default
[22m[39m[FilesContext] File observeQuery update: 0 files
[90mstdout[2m | src/components/Editor3/components/EditorComponents.stories.jsx[2m > [22m[2mQuiz Default
[22m[39m[ChatContext] AssistantChat initialized with 0 chats
[90mstdout[2m | src/components/Editor3/components/EditorComponents.stories.jsx[2m > [22m[2mQuiz Default
[22m[39m[MOCK CourseVectorStore] Initialized with mock data
[90mstdout[2m | src/components/Editor3/components/EditorComponents.stories.jsx[2m > [22m[2mQuiz Default
[22m[39mQuestionBlockRo.grade undefined
[90mstdout[2m | src/components/Editor3/components/EditorComponents.stories.jsx[2m > [22m[2mQuiz Default
[22m[39m......!q {
  "answer": "3",
  "correct": false,
}
[90mstdout[2m | src/components/Editor3/components/EditorComponents.stories.jsx[2m > [22m[2mQuiz Default
[22m[39m......!q {
  "answer": "4",
  "correct": true,
}
[90mstdout[2m | src/components/Editor3/components/EditorComponents.stories.jsx[2m > [22m[2mQuiz Default
[22m[39m......!q {
  "answer": "5",
  "correct": false,
}
[90mstdout[2m | src/components/Editor3/components/EditorComponents.stories.jsx[2m > [22m[2mQuiz Default
[22m[39m......!q {
  "answer": "6",
  "correct": false,
}
[90mstdout[2m | src/components/Editor3/components/EditorComponents.stories.jsx[2m > [22m[2mQuiz Default
[22m[39mQuestionBlock.nodeKey quiz-1 type: string
[90mstdout[2m | src/components/Editor3/components/EditorComponents.stories.jsx[2m > [22m[2mQuiz Default
[22m[39mQuestionBlock.questionContent [
  {
    "answer": "3",
    "correct": false,
  },
  {
    "answer": "4",
    "correct": true,
  },
  {
    "answer": "5",
    "correct": false,
  },
  {
    "answer": "6",
    "correct": false,
  },
]
[90mstdout[2m | src/components/Editor3/components/EditorComponents.stories.jsx[2m > [22m[2mQuiz Default
[22m[39mQuestionBlock.grade.data keys: []
[90mstdout[2m | src/components/Editor3/components/EditorComponents.stories.jsx[2m > [22m[2mQuiz Default
[22m[39mQuestionBlock.grade.data[nodeKey]: undefined
[90mstdout[2m | src/components/Editor3/components/EditorComponents.stories.jsx[2m > [22m[2mQuiz Default
[22m[39mQuestionBlockRo.inProgress {}
[90mstdout[2m | src/components/Editor3/components/EditorComponents.stories.jsx[2m > [22m[2mQuiz Default
[22m[39m[ChatContext] No current chat available, will create one
[90mstdout[2m | src/components/Editor3/components/EditorComponents.stories.jsx[2m > [22m[2mQuiz Default
[22m[39m[ChatContext] Creating AssistantChat with user: undefined
[90mstdout[2m | src/components/Editor3/components/EditorComponents.stories.jsx[2m > [22m[2mQuiz Default
[22m[39m[Mock Data] AssistantChat created: mock-assistantchat-1790417482815 - notified 1 subscribers
[90mstdout[2m | src/components/Editor3/components/EditorComponents.stories.jsx[2m > [22m[2mQuiz Default
[22m[39m[ChatContext] Create result: {
  "data": {
    "_version": 1,
    "archived": false,
    "chatFiles": [Function anonymous],
    "createdAt": "2026-09-26T10:11:22.815Z",
    "id": "mock-assistantchat-1790417482815",
    "model": "gpt-4",
    "updatedAt": "2026-09-26T10:11:22.815Z",
  },
  "errors": [],
  "hasData": true,
  "hasErrors": true,
}
[90mstdout[2m | src/components/Editor3/components/EditorComponents.stories.jsx[2m > [22m[2mQuiz Default
[22m[39m[ChatContext] Created AssistantChat: mock-assistantchat-1790417482815 at: 2026-09-26T10:11:22.815Z
[90mstdout[2m | src/components/Editor3/components/EditorComponents.stories.jsx[2m > [22m[2mQuiz Default
[22m[39m[Mock Storage] downloadData called with: undefined
[90mstdout[2m | src/components/Editor3/components/EditorComponents.stories.jsx[2m > [22m[2mQuiz Default
[22m[39m[ChatContext] Setting initial chat: mock-assistantchat-1790417482815
[90mstdout[2m | src/components/Editor3/components/EditorComponents.stories.jsx[2m > [22m[2mQuiz Default
[22m[39m[ChatContext] Chat exists and not archived, skipping creation
[90mstdout[2m | src/components/Editor3/components/EditorComponents.stories.jsx[2m > [22m[2mQuiz Multiple Choice
[22m[39m[ChatContext] Cleaning up subscriptions
[90mstdout[2m | src/components/Editor3/components/EditorComponents.stories.jsx[2m > [22m[2mQuiz Multiple Choice
[22m[39m[Mock Data] Unit.onUpdate() subscription removed. Remaining: 0
[90mstdout[2m | src/components/Editor3/components/EditorComponents.stories.jsx[2m > [22m[2mQuiz Multiple Choice
[22m[39m[Preview] Skipped initializing default mock data (initializeMockData=false)
[90mstdout[2m | src/components/Editor3/components/EditorComponents.stories.jsx[2m > [22m[2mQuiz Multiple Choice
[22m[39m[Mock Data] seedMockUnit: Adding unit quiz-multiple-choice-story-unit
[90mstdout[2m | src/components/Editor3/components/EditorComponents.stories.jsx[2m > [22m[2mQuiz Multiple Choice
[22m[39m[MOCK CourseVectorStore] Initialized with mock data
[90mstdout[2m | src/components/Editor3/components/EditorComponents.stories.jsx[2m > [22m[2mQuiz Multiple Choice
[22m[39mQuestionBlockRo.grade {}
[90mstdout[2m | src/components/Editor3/components/EditorComponents.stories.jsx[2m > [22m[2mQuiz Multiple Choice
[22m[39m......!q {
  "answer": "Mercury",
  "correct": true,
}
[90mstdout[2m | src/components/Editor3/components/EditorComponents.stories.jsx[2m > [22m[2mQuiz Multiple Choice
[22m[39m......!q {
  "answer": "Venus",
  "correct": false,
}
[90mstdout[2m | src/components/Editor3/components/EditorComponents.stories.jsx[2m > [22m[2mQuiz Multiple Choice
[22m[39m......!q {
  "answer": "Earth",
  "correct": false,
}
[90mstdout[2m | src/components/Editor3/components/EditorComponents.stories.jsx[2m > [22m[2mQuiz Multiple Choice
[22m[39m......!q {
  "answer": "Mars",
  "correct": false,
}
[90mstdout[2m | src/components/Editor3/components/EditorComponents.stories.jsx[2m > [22m[2mQuiz Multiple Choice
[22m[39mQuestionBlock.nodeKey quiz-2 type: string
[90mstdout[2m | src/components/Editor3/components/EditorComponents.stories.jsx[2m > [22m[2mQuiz Multiple Choice
[22m[39mQuestionBlock.questionContent [
  {
    "answer": "Mercury",
    "correct": true,
  },
  {
    "answer": "Venus",
    "correct": false,
  },
  {
    "answer": "Earth",
    "correct": false,
  },
  {
    "answer": "Mars",
    "correct": false,
  },
]
[90mstdout[2m | src/components/Editor3/components/EditorComponents.stories.jsx[2m > [22m[2mQuiz Multiple Choice
[22m[39mQuestionBlock.grade.data keys: []
[90mstdout[2m | src/components/Editor3/components/EditorComponents.stories.jsx[2m > [22m[2mQuiz Multiple Choice
[22m[39mQuestionBlock.grade.data[nodeKey]: undefined
[90mstdout[2m | src/components/Editor3/components/EditorComponents.stories.jsx[2m > [22m[2mQuiz Multiple Choice
[22m[39mQuestionBlockRo.inProgress {}
[90mstdout[2m | src/components/Editor3/components/EditorComponents.stories.jsx[2m > [22m[2mQuiz Multiple Choice
[22m[39m[TranslationModeController] Setting mode to: off
[90mstdout[2m | src/components/Editor3/components/EditorComponents.stories.jsx[2m > [22m[2mQuiz Multiple Choice
[22m[39m[UnitContext] useEffect triggered {
  "authLoading": false,
  "hasUser": true,
  "id": "quiz-multiple-choice-story-unit",
  "userSub": "mock-user-sub",
}
[90mstdout[2m | src/components/Editor3/components/EditorComponents.stories.jsx[2m > [22m[2mQuiz Multiple Choice
[22m[39m[UnitContext] Fetching unit data for id: quiz-multiple-choice-story-unit
[90mstdout[2m | src/components/Editor3/components/EditorComponents.stories.jsx[2m > [22m[2mQuiz Multiple Choice
[22m[39m[FilesContext] Initializing vector store from IndexedDB
[90mstdout[2m | src/components/Editor3/components/EditorComponents.stories.jsx[2m > [22m[2mQuiz Multiple Choice
[22m[39m[FilesContext] fetchFiles called
[90mstdout[2m | src/components/Editor3/components/EditorComponents.stories.jsx[2m > [22m[2mQuiz Multiple Choice
[22m[39m[FilesContext] User authenticated: mock-user-sub
[90mstdout[2m | src/components/Editor3/components/EditorComponents.stories.jsx[2m > [22m[2mQuiz Multiple Choice
[22m[39m[FilesContext] Identity ID: us-east-1:mock-identity-123
[90mstdout[2m | src/components/Editor3/components/EditorComponents.stories.jsx[2m > [22m[2mQuiz Multiple Choice
[22m[39m[FilesContext] About to set up File observeQuery
[90mstdout[2m | src/components/Editor3/components/EditorComponents.stories.jsx[2m > [22m[2mQuiz Multiple Choice
[22m[39m[ChatContext] Setting up AssistantChat observeQuery
[90mstdout[2m | src/components/Editor3/components/EditorComponents.stories.jsx[2m > [22m[2mQuiz Multiple Choice
[22m[39m[ChatContext] Waiting for subscription to initialize
[90mstdout[2m | src/components/Editor3/components/EditorComponents.stories.jsx[2m > [22m[2mQuiz Multiple Choice
[22m[39m[SettingsContext] Setting up Settings subscription for user: mock-user-sub
[90mstdout[2m | src/components/Editor3/components/EditorComponents.stories.jsx[2m > [22m[2mQuiz Multiple Choice
[22m[39mQuestionBlockRo.grade {}
[90mstdout[2m | src/components/Editor3/components/EditorComponents.stories.jsx[2m > [22m[2mQuiz Multiple Choice
[22m[39m......!q {
  "answer": "Mercury",
  "correct": true,
}
[90mstdout[2m | src/components/Editor3/components/EditorComponents.stories.jsx[2m > [22m[2mQuiz Multiple Choice
[22m[39m......!q {
  "answer": "Venus",
  "correct": false,
}
[90mstdout[2m | src/components/Editor3/components/EditorComponents.stories.jsx[2m > [22m[2mQuiz Multiple Choice
[22m[39m......!q {
  "answer": "Earth",
  "correct": false,
}
[90mstdout[2m | src/components/Editor3/components/EditorComponents.stories.jsx[2m > [22m[2mQuiz Multiple Choice
[22m[39m......!q {
  "answer": "Mars",
  "correct": false,
}
[90mstdout[2m | src/components/Editor3/components/EditorComponents.stories.jsx[2m > [22m[2mQuiz Multiple Choice
[22m[39mQuestionBlock.nodeKey quiz-2 type: string
[90mstdout[2m | src/components/Editor3/components/EditorComponents.stories.jsx[2m > [22m[2mQuiz Multiple Choice
[22m[39mQuestionBlock.questionContent [
  {
    "answer": "Mercury",
    "correct": true,
  },
  {
    "answer": "Venus",
    "correct": false,
  },
  {
    "answer": "Earth",
    "correct": false,
  },
  {
    "answer": "Mars",
    "correct": false,
  },
]
[90mstdout[2m | src/components/Editor3/components/EditorComponents.stories.jsx[2m > [22m[2mQuiz Multiple Choice
[22m[39mQuestionBlock.grade.data keys: []
[90mstdout[2m | src/components/Editor3/components/EditorComponents.stories.jsx[2m > [22m[2mQuiz Multiple Choice
[22m[39mQuestionBlock.grade.data[nodeKey]: undefined
[90mstdout[2m | src/components/Editor3/components/EditorComponents.stories.jsx[2m > [22m[2mQuiz Multiple Choice
[22m[39mQuestionBlockRo.inProgress {}
[90mstdout[2m | src/components/Editor3/components/EditorComponents.stories.jsx[2m > [22m[2mQuiz Multiple Choice
[22m[39m[Mock Data] Settings created: mock-settings-1790417483326 - notified 0 subscribers
[90mstdout[2m | src/components/Editor3/components/EditorComponents.stories.jsx[2m > [22m[2mQuiz Multiple Choice
[22m[39m[Mock Data] Unit.onUpdate() subscription added. Total: 1
[90mstdout[2m | src/components/Editor3/components/EditorComponents.stories.jsx[2m > [22m[2mQuiz Multiple Choice
[22m[39mQuestionBlockRo.grade {}
[90mstdout[2m | src/components/Editor3/components/EditorComponents.stories.jsx[2m > [22m[2mQuiz Multiple Choice
[22m[39m......!q {
  "answer": "Mercury",
  "correct": true,
}
[90mstdout[2m | src/components/Editor3/components/EditorComponents.stories.jsx[2m > [22m[2mQuiz Multiple Choice
[22m[39m......!q {
  "answer": "Venus",
  "correct": false,
}
[90mstdout[2m | src/components/Editor3/components/EditorComponents.stories.jsx[2m > [22m[2mQuiz Multiple Choice
[22m[39m......!q {
  "answer": "Earth",
  "correct": false,
}
[90mstdout[2m | src/components/Editor3/components/EditorComponents.stories.jsx[2m > [22m[2mQuiz Multiple Choice
[22m[39m......!q {
  "answer": "Mars",
  "correct": false,
}
[90mstdout[2m | src/components/Editor3/components/EditorComponents.stories.jsx[2m > [22m[2mQuiz Multiple Choice
[22m[39mQuestionBlock.nodeKey quiz-2 type: string
[90mstdout[2m | src/components/Editor3/components/EditorComponents.stories.jsx[2m > [22m[2mQuiz Multiple Choice
[22m[39mQuestionBlock.questionContent [
  {
    "answer": "Mercury",
    "correct": true,
  },
  {
    "answer": "Venus",
    "correct": false,
  },
  {
    "answer": "Earth",
    "correct": false,
  },
  {
    "answer": "Mars",
    "correct": false,
  },
]
[90mstdout[2m | src/components/Editor3/components/EditorComponents.stories.jsx[2m > [22m[2mQuiz Multiple Choice
[22m[39mQuestionBlock.grade.data keys: []
[90mstdout[2m | src/components/Editor3/components/EditorComponents.stories.jsx[2m > [22m[2mQuiz Multiple Choice
[22m[39mQuestionBlock.grade.data[nodeKey]: undefined
[90mstdout[2m | src/components/Editor3/components/EditorComponents.stories.jsx[2m > [22m[2mQuiz Multiple Choice
[22m[39mQuestionBlockRo.inProgress {}
[90mstdout[2m | src/components/Editor3/components/EditorComponents.stories.jsx[2m > [22m[2mQuiz Multiple Choice
[22m[39m[SectionContext] Section observeQuery update: 0
[90mstdout[2m | src/components/Editor3/components/EditorComponents.stories.jsx[2m > [22m[2mQuiz Multiple Choice
[22m[39m[FilesContext] File observeQuery update: 0 files
[90mstdout[2m | src/components/Editor3/components/EditorComponents.stories.jsx[2m > [22m[2mQuiz Multiple Choice
[22m[39m[ChatContext] AssistantChat initialized with 0 chats
[90mstdout[2m | src/components/Editor3/components/EditorComponents.stories.jsx[2m > [22m[2mQuiz Multiple Choice
[22m[39m[MOCK CourseVectorStore] Initialized with mock data
[90mstdout[2m | src/components/Editor3/components/EditorComponents.stories.jsx[2m > [22m[2mQuiz Multiple Choice
[22m[39mQuestionBlockRo.grade undefined
[90mstdout[2m | src/components/Editor3/components/EditorComponents.stories.jsx[2m > [22m[2mQuiz Multiple Choice
[22m[39m......!q {
  "answer": "Mercury",
  "correct": true,
}
[90mstdout[2m | src/components/Editor3/components/EditorComponents.stories.jsx[2m > [22m[2mQuiz Multiple Choice
[22m[39m......!q {
  "answer": "Venus",
  "correct": false,
}
[90mstdout[2m | src/components/Editor3/components/EditorComponents.stories.jsx[2m > [22m[2mQuiz Multiple Choice
[22m[39m......!q {
  "answer": "Earth",
  "correct": false,
}
[90mstdout[2m | src/components/Editor3/components/EditorComponents.stories.jsx[2m > [22m[2mQuiz Multiple Choice
[22m[39m......!q {
  "answer": "Mars",
  "correct": false,
}
[90mstdout[2m | src/components/Editor3/components/EditorComponents.stories.jsx[2m > [22m[2mQuiz Multiple Choice
[22m[39mQuestionBlock.nodeKey quiz-2 type: string
[90mstdout[2m | src/components/Editor3/components/EditorComponents.stories.jsx[2m > [22m[2mQuiz Multiple Choice
[22m[39mQuestionBlock.questionContent [
  {
    "answer": "Mercury",
    "correct": true,
  },
  {
    "answer": "Venus",
    "correct": false,
  },
  {
    "answer": "Earth",
    "correct": false,
  },
  {
    "answer": "Mars",
    "correct": false,
  },
]
[90mstdout[2m | src/components/Editor3/components/EditorComponents.stories.jsx[2m > [22m[2mQuiz Multiple Choice
[22m[39mQuestionBlock.grade.data keys: []
[90mstdout[2m | src/components/Editor3/components/EditorComponents.stories.jsx[2m > [22m[2mQuiz Multiple Choice
[22m[39mQuestionBlock.grade.data[nodeKey]: undefined
[90mstdout[2m | src/components/Editor3/components/EditorComponents.stories.jsx[2m > [22m[2mQuiz Multiple Choice
[22m[39mQuestionBlockRo.inProgress {}
[90mstdout[2m | src/components/Editor3/components/EditorComponents.stories.jsx[2m > [22m[2mQuiz Multiple Choice
[22m[39m[ChatContext] No current chat available, will create one
[90mstdout[2m | src/components/Editor3/components/EditorComponents.stories.jsx[2m > [22m[2mQuiz Multiple Choice
[22m[39m[ChatContext] Creating AssistantChat with user: undefined
[90mstdout[2m | src/components/Editor3/components/EditorComponents.stories.jsx[2m > [22m[2mQuiz Multiple Choice
[22m[39m[Mock Data] AssistantChat created: mock-assistantchat-1790417483452 - notified 1 subscribers
[90mstdout[2m | src/components/Editor3/components/EditorComponents.stories.jsx[2m > [22m[2mQuiz Multiple Choice
[22m[39m[ChatContext] Create result: {
  "data": {
    "_version": 1,
    "archived": false,
    "chatFiles": [Function anonymous],
    "createdAt": "2026-09-26T10:11:23.452Z",
    "id": "mock-assistantchat-1790417483452",
    "model": "gpt-4",
    "updatedAt": "2026-09-26T10:11:23.452Z",
  },
  "errors": [],
  "hasData": true,
  "hasErrors": true,
}
[90mstdout[2m | src/components/Editor3/components/EditorComponents.stories.jsx[2m > [22m[2mQuiz Multiple Choice
[22m[39m[ChatContext] Created AssistantChat: mock-assistantchat-1790417483452 at: 2026-09-26T10:11:23.452Z
[90mstdout[2m | src/components/Editor3/components/EditorComponents.stories.jsx[2m > [22m[2mQuiz Multiple Choice
[22m[39m[Mock Storage] downloadData called with: undefined
[90mstdout[2m | src/components/Editor3/components/EditorComponents.stories.jsx[2m > [22m[2mQuiz Multiple Choice
[22m[39m[ChatContext] Setting initial chat: mock-assistantchat-1790417483452
[90mstdout[2m | src/components/Editor3/components/EditorComponents.stories.jsx[2m > [22m[2mQuiz Multiple Choice
[22m[39m[ChatContext] Chat exists and not archived, skipping creation
[90mstdout[2m | src/components/Editor3/components/EditorComponents.stories.jsx[2m > [22m[2mAnswer Input
[22m[39m[ChatContext] Cleaning up subscriptions
[90mstdout[2m | src/components/Editor3/components/EditorComponents.stories.jsx[2m > [22m[2mAnswer Input
[22m[39m[Mock Data] Unit.onUpdate() subscription removed. Remaining: 0
[90mstdout[2m | src/components/Editor3/components/EditorComponents.stories.jsx[2m > [22m[2mAnswer Input
[22m[39m[Preview] Skipped initializing default mock data (initializeMockData=false)
[90mstdout[2m | src/components/Editor3/components/EditorComponents.stories.jsx[2m > [22m[2mAnswer Input
[22m[39m[Mock Data] seedMockWords: Adding 2 words
[90mstdout[2m | src/components/Editor3/components/EditorComponents.stories.jsx[2m > [22m[2mAnswer Input
[22m[39m[Mock Data] seedMockUnit: Adding unit answer-input-story-unit
[90mstdout[2m | src/components/Editor3/components/EditorComponents.stories.jsx[2m > [22m[2mAnswer Input
[22m[39m[MOCK CourseVectorStore] Initialized with mock data
[90mstdout[2m | src/components/Editor3/components/EditorComponents.stories.jsx[2m > [22m[2mAnswer Input
[22m[39m[TranslationModeController] Setting mode to: off
[90mstdout[2m | src/components/Editor3/components/EditorComponents.stories.jsx[2m > [22m[2mAnswer Input
[22m[39m[UnitContext] useEffect triggered {
  "authLoading": false,
  "hasUser": true,
  "id": "answer-input-story-unit",
  "userSub": "mock-user-sub",
}
[90mstdout[2m | src/components/Editor3/components/EditorComponents.stories.jsx[2m > [22m[2mAnswer Input
[22m[39m[UnitContext] Fetching unit data for id: answer-input-story-unit
[90mstdout[2m | src/components/Editor3/components/EditorComponents.stories.jsx[2m > [22m[2mAnswer Input
[22m[39m[FilesContext] Initializing vector store from IndexedDB
[90mstdout[2m | src/components/Editor3/components/EditorComponents.stories.jsx[2m > [22m[2mAnswer Input
[22m[39m[FilesContext] fetchFiles called
[90mstdout[2m | src/components/Editor3/components/EditorComponents.stories.jsx[2m > [22m[2mAnswer Input
[22m[39m[FilesContext] User authenticated: mock-user-sub
[90mstdout[2m | src/components/Editor3/components/EditorComponents.stories.jsx[2m > [22m[2mAnswer Input
[22m[39m[FilesContext] Identity ID: us-east-1:mock-identity-123
[90mstdout[2m | src/components/Editor3/components/EditorComponents.stories.jsx[2m > [22m[2mAnswer Input
[22m[39m[FilesContext] About to set up File observeQuery
[90mstdout[2m | src/components/Editor3/components/EditorComponents.stories.jsx[2m > [22m[2mAnswer Input
[22m[39m[ChatContext] Setting up AssistantChat observeQuery
[90mstdout[2m | src/components/Editor3/components/EditorComponents.stories.jsx[2m > [22m[2mAnswer Input
[22m[39m[ChatContext] Waiting for subscription to initialize
[90mstdout[2m | src/components/Editor3/components/EditorComponents.stories.jsx[2m > [22m[2mAnswer Input
[22m[39m[SettingsContext] Setting up Settings subscription for user: mock-user-sub
[90mstdout[2m | src/components/Editor3/components/EditorComponents.stories.jsx[2m > [22m[2mAnswer Input
[22m[39m[Mock Data] Settings created: mock-settings-1790417483748 - notified 0 subscribers
[90mstdout[2m | src/components/Editor3/components/EditorComponents.stories.jsx[2m > [22m[2mAnswer Input
[22m[39m[Mock Data] Unit.onUpdate() subscription added. Total: 1
[90mstdout[2m | src/components/Editor3/components/EditorComponents.stories.jsx[2m > [22m[2mAnswer Input
[22m[39m[SectionContext] Section observeQuery update: 0
[90mstdout[2m | src/components/Editor3/components/EditorComponents.stories.jsx[2m > [22m[2mAnswer Input
[22m[39m[FilesContext] File observeQuery update: 0 files
[90mstdout[2m | src/components/Editor3/components/EditorComponents.stories.jsx[2m > [22m[2mAnswer Input
[22m[39m[ChatContext] AssistantChat initialized with 0 chats
[90mstdout[2m | src/components/Editor3/components/EditorComponents.stories.jsx[2m > [22m[2mAnswer Input
[22m[39m[MOCK CourseVectorStore] Initialized with mock data
[90mstdout[2m | src/components/Editor3/components/EditorComponents.stories.jsx[2m > [22m[2mAnswer Input
[22m[39m[ChatContext] No current chat available, will create one
[90mstdout[2m | src/components/Editor3/components/EditorComponents.stories.jsx[2m > [22m[2mAnswer Input
[22m[39m[ChatContext] Creating AssistantChat with user: undefined
[90mstdout[2m | src/components/Editor3/components/EditorComponents.stories.jsx[2m > [22m[2mAnswer Input
[22m[39m[Mock Data] AssistantChat created: mock-assistantchat-1790417483905 - notified 1 subscribers
[90mstdout[2m | src/components/Editor3/components/EditorComponents.stories.jsx[2m > [22m[2mAnswer Input
[22m[39m[ChatContext] Create result: {
  "data": {
    "_version": 1,
    "archived": false,
    "chatFiles": [Function anonymous],
    "createdAt": "2026-09-26T10:11:23.905Z",
    "id": "mock-assistantchat-1790417483905",
    "model": "gpt-4",
    "updatedAt": "2026-09-26T10:11:23.905Z",
  },
  "errors": [],
  "hasData": true,
  "hasErrors": true,
}
[90mstdout[2m | src/components/Editor3/components/EditorComponents.stories.jsx[2m > [22m[2mAnswer Input
[22m[39m[ChatContext] Created AssistantChat: mock-assistantchat-1790417483905 at: 2026-09-26T10:11:23.905Z
[90mstdout[2m | src/components/Editor3/components/EditorComponents.stories.jsx[2m > [22m[2mAnswer Input
[22m[39m[Mock Storage] downloadData called with: undefined
[90mstdout[2m | src/components/Editor3/components/EditorComponents.stories.jsx[2m > [22m[2mAnswer Input
[22m[39m[ChatContext] Setting initial chat: mock-assistantchat-1790417483905
[90mstdout[2m | src/components/Editor3/components/EditorComponents.stories.jsx[2m > [22m[2mAnswer Input
[22m[39m[ChatContext] Chat exists and not archived, skipping creation
[90mstdout[2m | src/components/Editor3/components/EditorComponents.stories.jsx[2m > [22m[2mAnswer With Value
[22m[39m[ChatContext] Cleaning up subscriptions
[90mstdout[2m | src/components/Editor3/components/EditorComponents.stories.jsx[2m > [22m[2mAnswer With Value
[22m[39m[Mock Data] Unit.onUpdate() subscription removed. Remaining: 0
[90mstdout[2m | src/components/Editor3/components/EditorComponents.stories.jsx[2m > [22m[2mAnswer With Value
[22m[39m[Preview] Skipped initializing default mock data (initializeMockData=false)
[90mstdout[2m | src/components/Editor3/components/EditorComponents.stories.jsx[2m > [22m[2mAnswer With Value
[22m[39m[Mock Data] seedMockWords: Adding 2 words
[90mstdout[2m | src/components/Editor3/components/EditorComponents.stories.jsx[2m > [22m[2mAnswer With Value
[22m[39m[Mock Data] seedMockUnit: Adding unit answer-with-value-story-unit
[90mstdout[2m | src/components/Editor3/components/EditorComponents.stories.jsx[2m > [22m[2mAnswer With Value
[22m[39m[MOCK CourseVectorStore] Initialized with mock data
[90mstdout[2m | src/components/Editor3/components/EditorComponents.stories.jsx[2m > [22m[2mAnswer With Value
[22m[39m[TranslationModeController] Setting mode to: off
[90mstdout[2m | src/components/Editor3/components/EditorComponents.stories.jsx[2m > [22m[2mAnswer With Value
[22m[39m[UnitContext] useEffect triggered {
  "authLoading": false,
  "hasUser": true,
  "id": "answer-with-value-story-unit",
  "userSub": "mock-user-sub",
}
[90mstdout[2m | src/components/Editor3/components/EditorComponents.stories.jsx[2m > [22m[2mAnswer With Value
[22m[39m[UnitContext] Fetching unit data for id: answer-with-value-story-unit
[90mstdout[2m | src/components/Editor3/components/EditorComponents.stories.jsx[2m > [22m[2mAnswer With Value
[22m[39m[FilesContext] Initializing vector store from IndexedDB
[90mstdout[2m | src/components/Editor3/components/EditorComponents.stories.jsx[2m > [22m[2mAnswer With Value
[22m[39m[FilesContext] fetchFiles called
[90mstdout[2m | src/components/Editor3/components/EditorComponents.stories.jsx[2m > [22m[2mAnswer With Value
[22m[39m[FilesContext] User authenticated: mock-user-sub
[90mstdout[2m | src/components/Editor3/components/EditorComponents.stories.jsx[2m > [22m[2mAnswer With Value
[22m[39m[FilesContext] Identity ID: us-east-1:mock-identity-123
[90mstdout[2m | src/components/Editor3/components/EditorComponents.stories.jsx[2m > [22m[2mAnswer With Value
[22m[39m[FilesContext] About to set up File observeQuery
[90mstdout[2m | src/components/Editor3/components/EditorComponents.stories.jsx[2m > [22m[2mAnswer With Value
[22m[39m[ChatContext] Setting up AssistantChat observeQuery
[90mstdout[2m | src/components/Editor3/components/EditorComponents.stories.jsx[2m > [22m[2mAnswer With Value
[22m[39m[ChatContext] Waiting for subscription to initialize
[90mstdout[2m | src/components/Editor3/components/EditorComponents.stories.jsx[2m > [22m[2mAnswer With Value
[22m[39m[SettingsContext] Setting up Settings subscription for user: mock-user-sub
[90mstdout[2m | src/components/Editor3/components/EditorComponents.stories.jsx[2m > [22m[2mAnswer With Value
[22m[39m[Mock Data] Settings created: mock-settings-1790417484302 - notified 0 subscribers
[90mstdout[2m | src/components/Editor3/components/EditorComponents.stories.jsx[2m > [22m[2mAnswer With Value
[22m[39m[Mock Data] Unit.onUpdate() subscription added. Total: 1
[90mstdout[2m | src/components/Editor3/components/EditorComponents.stories.jsx[2m > [22m[2mAnswer With Value
[22m[39m[SectionContext] Section observeQuery update: 0
[90mstdout[2m | src/components/Editor3/components/EditorComponents.stories.jsx[2m > [22m[2mAnswer With Value
[22m[39m[FilesContext] File observeQuery update: 0 files
[90mstdout[2m | src/components/Editor3/components/EditorComponents.stories.jsx[2m > [22m[2mAnswer With Value
[22m[39m[ChatContext] AssistantChat initialized with 0 chats
[90mstdout[2m | src/components/Editor3/components/EditorComponents.stories.jsx[2m > [22m[2mAnswer With Value
[22m[39m[MOCK CourseVectorStore] Initialized with mock data
[90mstdout[2m | src/components/Editor3/components/EditorComponents.stories.jsx[2m > [22m[2mAnswer With Value
[22m[39m[ChatContext] No current chat available, will create one
[90mstdout[2m | src/components/Editor3/components/EditorComponents.stories.jsx[2m > [22m[2mAnswer With Value
[22m[39m[ChatContext] Creating AssistantChat with user: undefined
[90mstdout[2m | src/components/Editor3/components/EditorComponents.stories.jsx[2m > [22m[2mAnswer With Value
[22m[39m[Mock Data] AssistantChat created: mock-assistantchat-1790417484402 - notified 1 subscribers
[90mstdout[2m | src/components/Editor3/components/EditorComponents.stories.jsx[2m > [22m[2mAnswer With Value
[22m[39m[ChatContext] Create result: {
  "data": {
    "_version": 1,
    "archived": false,
    "chatFiles": [Function anonymous],
    "createdAt": "2026-09-26T10:11:24.402Z",
    "id": "mock-assistantchat-1790417484402",
    "model": "gpt-4",
    "updatedAt": "2026-09-26T10:11:24.402Z",
  },
  "errors": [],
  "hasData": true,
  "hasErrors": true,
}
[90mstdout[2m | src/components/Editor3/components/EditorComponents.stories.jsx[2m > [22m[2mAnswer With Value
[22m[39m[ChatContext] Created AssistantChat: mock-assistantchat-1790417484402 at: 2026-09-26T10:11:24.402Z
[90mstdout[2m | src/components/Editor3/components/EditorComponents.stories.jsx[2m > [22m[2mAnswer With Value
[22m[39m[Mock Storage] downloadData called with: undefined
[90mstdout[2m | src/components/Editor3/components/EditorComponents.stories.jsx[2m > [22m[2mAnswer With Value
[22m[39m[ChatContext] Setting initial chat: mock-assistantchat-1790417484402
[90mstdout[2m | src/components/Editor3/components/EditorComponents.stories.jsx[2m > [22m[2mAnswer With Value
[22m[39m[ChatContext] Chat exists and not archived, skipping creation
[90mstdout[2m | src/components/Editor3/components/EditorComponents.stories.jsx[2m > [22m[2mImage Default
[22m[39m[ChatContext] Cleaning up subscriptions
[90mstdout[2m | src/components/Editor3/components/EditorComponents.stories.jsx[2m > [22m[2mImage Default
[22m[39m[Mock Data] Unit.onUpdate() subscription removed. Remaining: 0
[90mstdout[2m | src/components/Editor3/components/EditorComponents.stories.jsx[2m > [22m[2mImage Default
[22m[39m[Preview] Skipped initializing default mock data (initializeMockData=false)
[90mstdout[2m | src/components/Editor3/components/EditorComponents.stories.jsx[2m > [22m[2mImage Default
[22m[39m[Mock Data] seedMockUnit: Adding unit image-default-story-unit
[90mstdout[2m | src/components/Editor3/components/EditorComponents.stories.jsx[2m > [22m[2mImage Default
[22m[39m[MOCK CourseVectorStore] Initialized with mock data
[90mstdout[2m | src/components/Editor3/components/EditorComponents.stories.jsx[2m > [22m[2mImage Default
[22m[39mMock Cache.getItem called with: getCachedUrl_protected/us-east-1:mock-identity/image-animals/small.webp
[90mstdout[2m | src/components/Editor3/components/EditorComponents.stories.jsx[2m > [22m[2mImage Default
[22m[39mMock Cache.getItem called with: getCachedUrl_protected/us-east-1:mock-identity/image-animals/medium.webp
[90mstdout[2m | src/components/Editor3/components/EditorComponents.stories.jsx[2m > [22m[2mImage Default
[22m[39mMock Cache.getItem called with: getCachedUrl_protected/us-east-1:mock-identity/image-animals/large.webp
[90mstdout[2m | src/components/Editor3/components/EditorComponents.stories.jsx[2m > [22m[2mImage Default
[22m[39m[TranslationModeController] Setting mode to: off
[90mstdout[2m | src/components/Editor3/components/EditorComponents.stories.jsx[2m > [22m[2mImage Default
[22m[39m[UnitContext] useEffect triggered {
  "authLoading": false,
  "hasUser": true,
  "id": "image-default-story-unit",
  "userSub": "mock-user-sub",
}
[90mstdout[2m | src/components/Editor3/components/EditorComponents.stories.jsx[2m > [22m[2mImage Default
[22m[39m[UnitContext] Fetching unit data for id: image-default-story-unit
[90mstdout[2m | src/components/Editor3/components/EditorComponents.stories.jsx[2m > [22m[2mImage Default
[22m[39m[FilesContext] Initializing vector store from IndexedDB
[90mstdout[2m | src/components/Editor3/components/EditorComponents.stories.jsx[2m > [22m[2mImage Default
[22m[39m[FilesContext] fetchFiles called
[90mstdout[2m | src/components/Editor3/components/EditorComponents.stories.jsx[2m > [22m[2mImage Default
[22m[39m[FilesContext] User authenticated: mock-user-sub
[90mstdout[2m | src/components/Editor3/components/EditorComponents.stories.jsx[2m > [22m[2mImage Default
[22m[39m[FilesContext] Identity ID: us-east-1:mock-identity-123
[90mstdout[2m | src/components/Editor3/components/EditorComponents.stories.jsx[2m > [22m[2mImage Default
[22m[39m[FilesContext] About to set up File observeQuery
[90mstdout[2m | src/components/Editor3/components/EditorComponents.stories.jsx[2m > [22m[2mImage Default
[22m[39m[ChatContext] Setting up AssistantChat observeQuery
[90mstdout[2m | src/components/Editor3/components/EditorComponents.stories.jsx[2m > [22m[2mImage Default
[22m[39m[ChatContext] Waiting for subscription to initialize
[90mstdout[2m | src/components/Editor3/components/EditorComponents.stories.jsx[2m > [22m[2mImage Default
[22m[39m[SettingsContext] Setting up Settings subscription for user: mock-user-sub
[90mstdout[2m | src/components/Editor3/components/EditorComponents.stories.jsx[2m > [22m[2mImage Default
[22m[39mMock getUrl called with: protected/us-east-1:mock-identity/image-animals/small.webp
[90mstdout[2m | src/components/Editor3/components/EditorComponents.stories.jsx[2m > [22m[2mImage Default
[22m[39mMock getUrl called with: protected/us-east-1:mock-identity/image-animals/medium.webp
[90mstdout[2m | src/components/Editor3/components/EditorComponents.stories.jsx[2m > [22m[2mImage Default
[22m[39mMock getUrl called with: protected/us-east-1:mock-identity/image-animals/large.webp
[90mstdout[2m | src/components/Editor3/components/EditorComponents.stories.jsx[2m > [22m[2mImage Default
[22m[39m[Mock Data] Settings created: mock-settings-1790417484609 - notified 0 subscribers
[90mstdout[2m | src/components/Editor3/components/EditorComponents.stories.jsx[2m > [22m[2mImage Default
[22m[39mMock Cache.setItem called with: getCachedUrl_protected/us-east-1:mock-identity/image-animals/small.webp protected/us-east-1:mock-identity/image-animals/small.webp
[90mstdout[2m | src/components/Editor3/components/EditorComponents.stories.jsx[2m > [22m[2mImage Default
[22m[39mMock Cache.setItem called with: getCachedUrl_protected/us-east-1:mock-identity/image-animals/medium.webp protected/us-east-1:mock-identity/image-animals/medium.webp
[90mstdout[2m | src/components/Editor3/components/EditorComponents.stories.jsx[2m > [22m[2mImage Default
[22m[39mMock Cache.setItem called with: getCachedUrl_protected/us-east-1:mock-identity/image-animals/large.webp protected/us-east-1:mock-identity/image-animals/large.webp
[90mstdout[2m | src/components/Editor3/components/EditorComponents.stories.jsx[2m > [22m[2mImage Default
[22m[39m[Mock Data] Unit.onUpdate() subscription added. Total: 1
[90mstdout[2m | src/components/Editor3/components/EditorComponents.stories.jsx[2m > [22m[2mImage Default
[22m[39m[SectionContext] Section observeQuery update: 0
[90mstdout[2m | src/components/Editor3/components/EditorComponents.stories.jsx[2m > [22m[2mImage Default
[22m[39m[FilesContext] File observeQuery update: 1 files
[90mstdout[2m | src/components/Editor3/components/EditorComponents.stories.jsx[2m > [22m[2mImage Default
[22m[39m[ChatContext] AssistantChat initialized with 0 chats
[90mstdout[2m | src/components/Editor3/components/EditorComponents.stories.jsx[2m > [22m[2mImage Default
[22m[39m[MOCK CourseVectorStore] Initialized with mock data
[90mstdout[2m | src/components/Editor3/components/EditorComponents.stories.jsx[2m > [22m[2mImage Default
[22m[39m[FilesContext] Vector store population triggered {
  "currentVectorStoreSize": 3,
  "documentsCount": 0,
  "filesCount": 1,
  "isInitialLoad": true,
}
[90mstdout[2m | src/components/Editor3/components/EditorComponents.stories.jsx[2m > [22m[2mImage Default
[22m[39m[FilesContext] Vector store population complete - 3 total embeddings
[90mstdout[2m | src/components/Editor3/components/EditorComponents.stories.jsx[2m > [22m[2mImage Default
[22m[39m[ChatContext] No current chat available, will create one
[90mstdout[2m | src/components/Editor3/components/EditorComponents.stories.jsx[2m > [22m[2mImage Default
[22m[39m[ChatContext] Creating AssistantChat with user: undefined
[90mstdout[2m | src/components/Editor3/components/EditorComponents.stories.jsx[2m > [22m[2mImage Default
[22m[39m[Mock Data] AssistantChat created: mock-assistantchat-1790417484654 - notified 1 subscribers
[90mstdout[2m | src/components/Editor3/components/EditorComponents.stories.jsx[2m > [22m[2mImage Default
[22m[39m[ChatContext] Create result: {
  "data": {
    "_version": 1,
    "archived": false,
    "chatFiles": [Function anonymous],
    "createdAt": "2026-09-26T10:11:24.654Z",
    "id": "mock-assistantchat-1790417484654",
    "model": "gpt-4",
    "updatedAt": "2026-09-26T10:11:24.654Z",
  },
  "errors": [],
  "hasData": true,
  "hasErrors": true,
}
[90mstdout[2m | src/components/Editor3/components/EditorComponents.stories.jsx[2m > [22m[2mImage Default
[22m[39m[ChatContext] Created AssistantChat: mock-assistantchat-1790417484654 at: 2026-09-26T10:11:24.654Z
[90mstdout[2m | src/components/Editor3/components/EditorComponents.stories.jsx[2m > [22m[2mImage Default
[22m[39m[Mock Storage] downloadData called with: undefined
[90mstdout[2m | src/components/Editor3/components/EditorComponents.stories.jsx[2m > [22m[2mImage Default
[22m[39m[ChatContext] Setting initial chat: mock-assistantchat-1790417484654
[90mstdout[2m | src/components/Editor3/components/EditorComponents.stories.jsx[2m > [22m[2mImage Default
[22m[39m[ChatContext] Chat exists and not archived, skipping creation
[90mstdout[2m | src/components/Editor3/components/EditorComponents.stories.jsx[2m > [22m[2mImage With Caption
[22m[39m[ChatContext] Cleaning up subscriptions
[90mstdout[2m | src/components/Editor3/components/EditorComponents.stories.jsx[2m > [22m[2mImage With Caption
[22m[39m[Mock Data] Unit.onUpdate() subscription removed. Remaining: 0
[90mstdout[2m | src/components/Editor3/components/EditorComponents.stories.jsx[2m > [22m[2mImage With Caption
[22m[39m[Preview] Skipped initializing default mock data (initializeMockData=false)
[90mstdout[2m | src/components/Editor3/components/EditorComponents.stories.jsx[2m > [22m[2mImage With Caption
[22m[39m[Mock Data] seedMockUnit: Adding unit image-with-caption-story-unit
[90mstdout[2m | src/components/Editor3/components/EditorComponents.stories.jsx[2m > [22m[2mImage With Caption
[22m[39m[MOCK CourseVectorStore] Initialized with mock data
[90mstdout[2m | src/components/Editor3/components/EditorComponents.stories.jsx[2m > [22m[2mImage With Caption
[22m[39mMock Cache.getItem called with: getCachedUrl_protected/us-east-1:mock-identity/image-piano/small.webp
[90mstdout[2m | src/components/Editor3/components/EditorComponents.stories.jsx[2m > [22m[2mImage With Caption
[22m[39mMock Cache.getItem called with: getCachedUrl_protected/us-east-1:mock-identity/image-piano/medium.webp
[90mstdout[2m | src/components/Editor3/components/EditorComponents.stories.jsx[2m > [22m[2mImage With Caption
[22m[39mMock Cache.getItem called with: getCachedUrl_protected/us-east-1:mock-identity/image-piano/large.webp
[90mstdout[2m | src/components/Editor3/components/EditorComponents.stories.jsx[2m > [22m[2mImage With Caption
[22m[39m[TranslationModeController] Setting mode to: off
[90mstdout[2m | src/components/Editor3/components/EditorComponents.stories.jsx[2m > [22m[2mImage With Caption
[22m[39m[UnitContext] useEffect triggered {
  "authLoading": false,
  "hasUser": true,
  "id": "image-with-caption-story-unit",
  "userSub": "mock-user-sub",
}
[90mstdout[2m | src/components/Editor3/components/EditorComponents.stories.jsx[2m > [22m[2mImage With Caption
[22m[39m[UnitContext] Fetching unit data for id: image-with-caption-story-unit
[90mstdout[2m | src/components/Editor3/components/EditorComponents.stories.jsx[2m > [22m[2mImage With Caption
[22m[39m[FilesContext] Initializing vector store from IndexedDB
[90mstdout[2m | src/components/Editor3/components/EditorComponents.stories.jsx[2m > [22m[2mImage With Caption
[22m[39m[FilesContext] fetchFiles called
[90mstdout[2m | src/components/Editor3/components/EditorComponents.stories.jsx[2m > [22m[2mImage With Caption
[22m[39m[FilesContext] User authenticated: mock-user-sub
[90mstdout[2m | src/components/Editor3/components/EditorComponents.stories.jsx[2m > [22m[2mImage With Caption
[22m[39m[FilesContext] Identity ID: us-east-1:mock-identity-123
[90mstdout[2m | src/components/Editor3/components/EditorComponents.stories.jsx[2m > [22m[2mImage With Caption
[22m[39m[FilesContext] About to set up File observeQuery
[90mstdout[2m | src/components/Editor3/components/EditorComponents.stories.jsx[2m > [22m[2mImage With Caption
[22m[39m[ChatContext] Setting up AssistantChat observeQuery
[90mstdout[2m | src/components/Editor3/components/EditorComponents.stories.jsx[2m > [22m[2mImage With Caption
[22m[39m[ChatContext] Waiting for subscription to initialize
[90mstdout[2m | src/components/Editor3/components/EditorComponents.stories.jsx[2m > [22m[2mImage With Caption
[22m[39m[SettingsContext] Setting up Settings subscription for user: mock-user-sub
[90mstdout[2m | src/components/Editor3/components/EditorComponents.stories.jsx[2m > [22m[2mImage With Caption
[22m[39mMock getUrl called with: protected/us-east-1:mock-identity/image-piano/small.webp
[90mstdout[2m | src/components/Editor3/components/EditorComponents.stories.jsx[2m > [22m[2mImage With Caption
[22m[39mMock getUrl called with: protected/us-east-1:mock-identity/image-piano/medium.webp
[90mstdout[2m | src/components/Editor3/components/EditorComponents.stories.jsx[2m > [22m[2mImage With Caption
[22m[39mMock getUrl called with: protected/us-east-1:mock-identity/image-piano/large.webp
[90mstdout[2m | src/components/Editor3/components/EditorComponents.stories.jsx[2m > [22m[2mImage With Caption
[22m[39m[Mock Data] Settings created: mock-settings-1790417484845 - notified 0 subscribers
[90mstdout[2m | src/components/Editor3/components/EditorComponents.stories.jsx[2m > [22m[2mImage With Caption
[22m[39mMock Cache.setItem called with: getCachedUrl_protected/us-east-1:mock-identity/image-piano/small.webp protected/us-east-1:mock-identity/image-piano/small.webp
[90mstdout[2m | src/components/Editor3/components/EditorComponents.stories.jsx[2m > [22m[2mImage With Caption
[22m[39mMock Cache.setItem called with: getCachedUrl_protected/us-east-1:mock-identity/image-piano/medium.webp protected/us-east-1:mock-identity/image-piano/medium.webp
[90mstdout[2m | src/components/Editor3/components/EditorComponents.stories.jsx[2m > [22m[2mImage With Caption
[22m[39mMock Cache.setItem called with: getCachedUrl_protected/us-east-1:mock-identity/image-piano/large.webp protected/us-east-1:mock-identity/image-piano/large.webp
[90mstdout[2m | src/components/Editor3/components/EditorComponents.stories.jsx[2m > [22m[2mImage With Caption
[22m[39m[Mock Data] Unit.onUpdate() subscription added. Total: 1
[90mstdout[2m | src/components/Editor3/components/EditorComponents.stories.jsx[2m > [22m[2mImage With Caption
[22m[39m[SectionContext] Section observeQuery update: 0
[90mstdout[2m | src/components/Editor3/components/EditorComponents.stories.jsx[2m > [22m[2mImage With Caption
[22m[39m[FilesContext] File observeQuery update: 1 files
[90mstdout[2m | src/components/Editor3/components/EditorComponents.stories.jsx[2m > [22m[2mImage With Caption
[22m[39m[ChatContext] AssistantChat initialized with 0 chats
[90mstdout[2m | src/components/Editor3/components/EditorComponents.stories.jsx[2m > [22m[2mImage With Caption
[22m[39m[MOCK CourseVectorStore] Initialized with mock data
[90mstdout[2m | src/components/Editor3/components/EditorComponents.stories.jsx[2m > [22m[2mImage With Caption
[22m[39m[FilesContext] Vector store population triggered {
  "currentVectorStoreSize": 3,
  "documentsCount": 0,
  "filesCount": 1,
  "isInitialLoad": true,
}
[90mstdout[2m | src/components/Editor3/components/EditorComponents.stories.jsx[2m > [22m[2mImage With Caption
[22m[39m[FilesContext] Vector store population complete - 3 total embeddings
[90mstdout[2m | src/components/Editor3/components/EditorComponents.stories.jsx[2m > [22m[2mImage With Caption
[22m[39m[ChatContext] No current chat available, will create one
[90mstdout[2m | src/components/Editor3/components/EditorComponents.stories.jsx[2m > [22m[2mImage With Caption
[22m[39m[ChatContext] Creating AssistantChat with user: undefined
[90mstdout[2m | src/components/Editor3/components/EditorComponents.stories.jsx[2m > [22m[2mImage With Caption
[22m[39m[Mock Data] AssistantChat created: mock-assistantchat-1790417484861 - notified 1 subscribers
[90mstdout[2m | src/components/Editor3/components/EditorComponents.stories.jsx[2m > [22m[2mImage With Caption
[22m[39m[ChatContext] Create result: {
  "data": {
    "_version": 1,
    "archived": false,
    "chatFiles": [Function anonymous],
    "createdAt": "2026-09-26T10:11:24.861Z",
    "id": "mock-assistantchat-1790417484861",
    "model": "gpt-4",
    "updatedAt": "2026-09-26T10:11:24.861Z",
  },
  "errors": [],
  "hasData": true,
  "hasErrors": true,
}
[90mstdout[2m | src/components/Editor3/components/EditorComponents.stories.jsx[2m > [22m[2mImage With Caption
[22m[39m[ChatContext] Created AssistantChat: mock-assistantchat-1790417484861 at: 2026-09-26T10:11:24.861Z
[90mstdout[2m | src/components/Editor3/components/EditorComponents.stories.jsx[2m > [22m[2mImage With Caption
[22m[39m[Mock Storage] downloadData called with: undefined
[90mstdout[2m | src/components/Editor3/components/EditorComponents.stories.jsx[2m > [22m[2mImage With Caption
[22m[39m[ChatContext] Setting initial chat: mock-assistantchat-1790417484861
[90mstdout[2m | src/components/Editor3/components/EditorComponents.stories.jsx[2m > [22m[2mImage With Caption
[22m[39m[ChatContext] Chat exists and not archived, skipping creation
[90mstdout[2m | src/components/Editor3/components/EditorComponents.stories.jsx[2m > [22m[2mImage Small
[22m[39m[ChatContext] Cleaning up subscriptions
[90mstdout[2m | src/components/Editor3/components/EditorComponents.stories.jsx[2m > [22m[2mImage Small
[22m[39m[Mock Data] Unit.onUpdate() subscription removed. Remaining: 0
[90mstdout[2m | src/components/Editor3/components/EditorComponents.stories.jsx[2m > [22m[2mImage Small
[22m[39m[Preview] Skipped initializing default mock data (initializeMockData=false)
[90mstdout[2m | src/components/Editor3/components/EditorComponents.stories.jsx[2m > [22m[2mImage Small
[22m[39m[Mock Data] seedMockUnit: Adding unit image-small-story-unit
[90mstdout[2m | src/components/Editor3/components/EditorComponents.stories.jsx[2m > [22m[2mImage Small
[22m[39m[MOCK CourseVectorStore] Initialized with mock data
[90mstdout[2m | src/components/Editor3/components/EditorComponents.stories.jsx[2m > [22m[2mImage Small
[22m[39mMock Cache.getItem called with: getCachedUrl_protected/us-east-1:mock-identity/image-meerkat/small.webp
[90mstdout[2m | src/components/Editor3/components/EditorComponents.stories.jsx[2m > [22m[2mImage Small
[22m[39mMock Cache.getItem called with: getCachedUrl_protected/us-east-1:mock-identity/image-meerkat/medium.webp
[90mstdout[2m | src/components/Editor3/components/EditorComponents.stories.jsx[2m > [22m[2mImage Small
[22m[39mMock Cache.getItem called with: getCachedUrl_protected/us-east-1:mock-identity/image-meerkat/large.webp
[90mstdout[2m | src/components/Editor3/components/EditorComponents.stories.jsx[2m > [22m[2mImage Small
[22m[39m[TranslationModeController] Setting mode to: off
[90mstdout[2m | src/components/Editor3/components/EditorComponents.stories.jsx[2m > [22m[2mImage Small
[22m[39m[UnitContext] useEffect triggered {
  "authLoading": false,
  "hasUser": true,
  "id": "image-small-story-unit",
  "userSub": "mock-user-sub",
}
[90mstdout[2m | src/components/Editor3/components/EditorComponents.stories.jsx[2m > [22m[2mImage Small
[22m[39m[UnitContext] Fetching unit data for id: image-small-story-unit
[90mstdout[2m | src/components/Editor3/components/EditorComponents.stories.jsx[2m > [22m[2mImage Small
[22m[39m[FilesContext] Initializing vector store from IndexedDB
[90mstdout[2m | src/components/Editor3/components/EditorComponents.stories.jsx[2m > [22m[2mImage Small
[22m[39m[FilesContext] fetchFiles called
[90mstdout[2m | src/components/Editor3/components/EditorComponents.stories.jsx[2m > [22m[2mImage Small
[22m[39m[FilesContext] User authenticated: mock-user-sub
[90mstdout[2m | src/components/Editor3/components/EditorComponents.stories.jsx[2m > [22m[2mImage Small
[22m[39m[FilesContext] Identity ID: us-east-1:mock-identity-123
[90mstdout[2m | src/components/Editor3/components/EditorComponents.stories.jsx[2m > [22m[2mImage Small
[22m[39m[FilesContext] About to set up File observeQuery
[90mstdout[2m | src/components/Editor3/components/EditorComponents.stories.jsx[2m > [22m[2mImage Small
[22m[39m[ChatContext] Setting up AssistantChat observeQuery
[90mstdout[2m | src/components/Editor3/components/EditorComponents.stories.jsx[2m > [22m[2mImage Small
[22m[39m[ChatContext] Waiting for subscription to initialize
[90mstdout[2m | src/components/Editor3/components/EditorComponents.stories.jsx[2m > [22m[2mImage Small
[22m[39m[SettingsContext] Setting up Settings subscription for user: mock-user-sub
[90mstdout[2m | src/components/Editor3/components/EditorComponents.stories.jsx[2m > [22m[2mImage Small
[22m[39mMock getUrl called with: protected/us-east-1:mock-identity/image-meerkat/small.webp
[90mstdout[2m | src/components/Editor3/components/EditorComponents.stories.jsx[2m > [22m[2mImage Small
[22m[39mMock getUrl called with: protected/us-east-1:mock-identity/image-meerkat/medium.webp
[90mstdout[2m | src/components/Editor3/components/EditorComponents.stories.jsx[2m > [22m[2mImage Small
[22m[39mMock getUrl called with: protected/us-east-1:mock-identity/image-meerkat/large.webp
[90mstdout[2m | src/components/Editor3/components/EditorComponents.stories.jsx[2m > [22m[2mImage Small
[22m[39m[Mock Data] Settings created: mock-settings-1790417485077 - notified 0 subscribers
[90mstdout[2m | src/components/Editor3/components/EditorComponents.stories.jsx[2m > [22m[2mImage Small
[22m[39mMock Cache.setItem called with: getCachedUrl_protected/us-east-1:mock-identity/image-meerkat/small.webp protected/us-east-1:mock-identity/image-meerkat/small.webp
[90mstdout[2m | src/components/Editor3/components/EditorComponents.stories.jsx[2m > [22m[2mImage Small
[22m[39mMock Cache.setItem called with: getCachedUrl_protected/us-east-1:mock-identity/image-meerkat/medium.webp protected/us-east-1:mock-identity/image-meerkat/medium.webp
[90mstdout[2m | src/components/Editor3/components/EditorComponents.stories.jsx[2m > [22m[2mImage Small
[22m[39mMock Cache.setItem called with: getCachedUrl_protected/us-east-1:mock-identity/image-meerkat/large.webp protected/us-east-1:mock-identity/image-meerkat/large.webp
[90mstdout[2m | src/components/Editor3/components/EditorComponents.stories.jsx[2m > [22m[2mImage Small
[22m[39m[Mock Data] Unit.onUpdate() subscription added. Total: 1
[90mstdout[2m | src/components/Editor3/components/EditorComponents.stories.jsx[2m > [22m[2mImage Small
[22m[39m[SectionContext] Section observeQuery update: 0
[90mstdout[2m | src/components/Editor3/components/EditorComponents.stories.jsx[2m > [22m[2mImage Small
[22m[39m[FilesContext] File observeQuery update: 1 files
[90mstdout[2m | src/components/Editor3/components/EditorComponents.stories.jsx[2m > [22m[2mImage Small
[22m[39m[ChatContext] AssistantChat initialized with 0 chats
[90mstdout[2m | src/components/Editor3/components/EditorComponents.stories.jsx[2m > [22m[2mImage Small
[22m[39m[MOCK CourseVectorStore] Initialized with mock data
[90mstdout[2m | src/components/Editor3/components/EditorComponents.stories.jsx[2m > [22m[2mImage Small
[22m[39m[FilesContext] Vector store population triggered {
  "currentVectorStoreSize": 3,
  "documentsCount": 0,
  "filesCount": 1,
  "isInitialLoad": true,
}
[90mstdout[2m | src/components/Editor3/components/EditorComponents.stories.jsx[2m > [22m[2mImage Small
[22m[39m[FilesContext] Vector store population complete - 3 total embeddings
[90mstdout[2m | src/components/Editor3/components/EditorComponents.stories.jsx[2m > [22m[2mImage Small
[22m[39m[ChatContext] No current chat available, will create one
[90mstdout[2m | src/components/Editor3/components/EditorComponents.stories.jsx[2m > [22m[2mImage Small
[22m[39m[ChatContext] Creating AssistantChat with user: undefined
[90mstdout[2m | src/components/Editor3/components/EditorComponents.stories.jsx[2m > [22m[2mImage Small
[22m[39m[Mock Data] AssistantChat created: mock-assistantchat-1790417485119 - notified 1 subscribers
[90mstdout[2m | src/components/Editor3/components/EditorComponents.stories.jsx[2m > [22m[2mImage Small
[22m[39m[ChatContext] Create result: {
  "data": {
    "_version": 1,
    "archived": false,
    "chatFiles": [Function anonymous],
    "createdAt": "2026-09-26T10:11:25.119Z",
    "id": "mock-assistantchat-1790417485119",
    "model": "gpt-4",
    "updatedAt": "2026-09-26T10:11:25.119Z",
  },
  "errors": [],
  "hasData": true,
  "hasErrors": true,
}
[90mstdout[2m | src/components/Editor3/components/EditorComponents.stories.jsx[2m > [22m[2mImage Small
[22m[39m[ChatContext] Created AssistantChat: mock-assistantchat-1790417485119 at: 2026-09-26T10:11:25.119Z
[90mstdout[2m | src/components/Editor3/components/EditorComponents.stories.jsx[2m > [22m[2mImage Small
[22m[39m[Mock Storage] downloadData called with: undefined
[90mstdout[2m | src/components/Editor3/components/EditorComponents.stories.jsx[2m > [22m[2mImage Small
[22m[39m[ChatContext] Setting initial chat: mock-assistantchat-1790417485119
[90mstdout[2m | src/components/Editor3/components/EditorComponents.stories.jsx[2m > [22m[2mImage Small
[22m[39m[ChatContext] Chat exists and not archived, skipping creation
[90mstdout[2m | src/components/Editor3/components/EditorComponents.stories.jsx[2m > [22m[2mAudio Player
[22m[39m[ChatContext] Cleaning up subscriptions
[90mstdout[2m | src/components/Editor3/components/EditorComponents.stories.jsx[2m > [22m[2mAudio Player
[22m[39m[Mock Data] Unit.onUpdate() subscription removed. Remaining: 0
[90mstdout[2m | src/components/Editor3/components/EditorComponents.stories.jsx[2m > [22m[2mAudio Player
[22m[39m[Preview] Skipped initializing default mock data (initializeMockData=false)
[90mstdout[2m | src/components/Editor3/components/EditorComponents.stories.jsx[2m > [22m[2mAudio Player
[22m[39m[Mock Data] seedMockUnit: Adding unit audio-player-story-unit
[90mstdout[2m | src/components/Editor3/components/EditorComponents.stories.jsx[2m > [22m[2mAudio Player
[22m[39m[Mock Data] Adding 1 items to UnitFile
[90mstdout[2m | src/components/Editor3/components/EditorComponents.stories.jsx[2m > [22m[2mAudio Player
[22m[39m[MOCK CourseVectorStore] Initialized with mock data
[90mstdout[2m | src/components/Editor3/components/EditorComponents.stories.jsx[2m > [22m[2mAudio Player
[22m[39m[TranslationModeController] Setting mode to: off
[90mstdout[2m | src/components/Editor3/components/EditorComponents.stories.jsx[2m > [22m[2mAudio Player
[22m[39m[UnitContext] useEffect triggered {
  "authLoading": false,
  "hasUser": true,
  "id": "audio-player-story-unit",
  "userSub": "mock-user-sub",
}
[90mstdout[2m | src/components/Editor3/components/EditorComponents.stories.jsx[2m > [22m[2mAudio Player
[22m[39m[UnitContext] Fetching unit data for id: audio-player-story-unit
[90mstdout[2m | src/components/Editor3/components/EditorComponents.stories.jsx[2m > [22m[2mAudio Player
[22m[39m[FilesContext] Initializing vector store from IndexedDB
[90mstdout[2m | src/components/Editor3/components/EditorComponents.stories.jsx[2m > [22m[2mAudio Player
[22m[39m[FilesContext] fetchFiles called
[90mstdout[2m | src/components/Editor3/components/EditorComponents.stories.jsx[2m > [22m[2mAudio Player
[22m[39m[FilesContext] User authenticated: mock-user-sub
[90mstdout[2m | src/components/Editor3/components/EditorComponents.stories.jsx[2m > [22m[2mAudio Player
[22m[39m[FilesContext] Identity ID: us-east-1:mock-identity-123
[90mstdout[2m | src/components/Editor3/components/EditorComponents.stories.jsx[2m > [22m[2mAudio Player
[22m[39m[FilesContext] About to set up File observeQuery
[90mstdout[2m | src/components/Editor3/components/EditorComponents.stories.jsx[2m > [22m[2mAudio Player
[22m[39m[ChatContext] Setting up AssistantChat observeQuery
[90mstdout[2m | src/components/Editor3/components/EditorComponents.stories.jsx[2m > [22m[2mAudio Player
[22m[39m[ChatContext] Waiting for subscription to initialize
[90mstdout[2m | src/components/Editor3/components/EditorComponents.stories.jsx[2m > [22m[2mAudio Player
[22m[39m[SettingsContext] Setting up Settings subscription for user: mock-user-sub
[90mstdout[2m | src/components/Editor3/components/EditorComponents.stories.jsx[2m > [22m[2mAudio Player
[22m[39m[Mock Data] Settings created: mock-settings-1790417485510 - notified 0 subscribers
[90mstdout[2m | src/components/Editor3/components/EditorComponents.stories.jsx[2m > [22m[2mAudio Player
[22m[39m[Mock Data] Unit.onUpdate() subscription added. Total: 1
[90mstdout[2m | src/components/Editor3/components/EditorComponents.stories.jsx[2m > [22m[2mAudio Player
[22m[39mMock Cache.getItem called with: getCachedUrl_/story-mocks/cinematic-designed-sci-fi-whoosh-transition-nexawave-228295.mp3
[90mstdout[2m | src/components/Editor3/components/EditorComponents.stories.jsx[2m > [22m[2mAudio Player
[22m[39mMock getUrl called with: /story-mocks/cinematic-designed-sci-fi-whoosh-transition-nexawave-228295.mp3
[90mstdout[2m | src/components/Editor3/components/EditorComponents.stories.jsx[2m > [22m[2mAudio Player
[22m[39mMock Cache.setItem called with: getCachedUrl_/story-mocks/cinematic-designed-sci-fi-whoosh-transition-nexawave-228295.mp3 /story-mocks/cinematic-designed-sci-fi-whoosh-transition-nexawave-228295.mp3
[90mstdout[2m | src/components/Editor3/components/EditorComponents.stories.jsx[2m > [22m[2mAudio Player
[22m[39m[SectionContext] Section observeQuery update: 0
[90mstdout[2m | src/components/Editor3/components/EditorComponents.stories.jsx[2m > [22m[2mAudio Player
[22m[39m[FilesContext] File observeQuery update: 1 files
[90mstdout[2m | src/components/Editor3/components/EditorComponents.stories.jsx[2m > [22m[2mAudio Player
[22m[39m[ChatContext] AssistantChat initialized with 0 chats
[90mstdout[2m | src/components/Editor3/components/EditorComponents.stories.jsx[2m > [22m[2mAudio Player
[22m[39m[MOCK CourseVectorStore] Initialized with mock data
[90mstdout[2m | src/components/Editor3/components/EditorComponents.stories.jsx[2m > [22m[2mAudio Player
[22m[39m[FilesContext] Vector store population triggered {
  "currentVectorStoreSize": 3,
  "documentsCount": 0,
  "filesCount": 1,
  "isInitialLoad": true,
}
[90mstdout[2m | src/components/Editor3/components/EditorComponents.stories.jsx[2m > [22m[2mAudio Player
[22m[39m[FilesContext] Vector store population complete - 3 total embeddings
[90mstdout[2m | src/components/Editor3/components/EditorComponents.stories.jsx[2m > [22m[2mAudio Player
[22m[39m[ChatContext] No current chat available, will create one
[90mstdout[2m | src/components/Editor3/components/EditorComponents.stories.jsx[2m > [22m[2mAudio Player
[22m[39m[ChatContext] Creating AssistantChat with user: undefined
[90mstdout[2m | src/components/Editor3/components/EditorComponents.stories.jsx[2m > [22m[2mAudio Player
[22m[39m[Mock Data] AssistantChat created: mock-assistantchat-1790417485742 - notified 1 subscribers
[90mstdout[2m | src/components/Editor3/components/EditorComponents.stories.jsx[2m > [22m[2mAudio Player
[22m[39m[ChatContext] Create result: {
  "data": {
    "_version": 1,
    "archived": false,
    "chatFiles": [Function anonymous],
    "createdAt": "2026-09-26T10:11:25.742Z",
    "id": "mock-assistantchat-1790417485742",
    "model": "gpt-4",
    "updatedAt": "2026-09-26T10:11:25.742Z",
  },
  "errors": [],
  "hasData": true,
  "hasErrors": true,
}
[90mstdout[2m | src/components/Editor3/components/EditorComponents.stories.jsx[2m > [22m[2mAudio Player
[22m[39m[ChatContext] Created AssistantChat: mock-assistantchat-1790417485742 at: 2026-09-26T10:11:25.742Z
[90mstdout[2m | src/components/Editor3/components/EditorComponents.stories.jsx[2m > [22m[2mAudio Player
[22m[39m[Mock Storage] downloadData called with: undefined
[90mstdout[2m | src/components/Editor3/components/EditorComponents.stories.jsx[2m > [22m[2mAudio Player
[22m[39m[ChatContext] Setting initial chat: mock-assistantchat-1790417485742
[90mstdout[2m | src/components/Editor3/components/EditorComponents.stories.jsx[2m > [22m[2mAudio Player
[22m[39m[ChatContext] Chat exists and not archived, skipping creation
[90mstdout[2m | src/components/Editor3/components/EditorComponents.stories.jsx[2m > [22m[2mAudio Player Long Whoosh
[22m[39m[ChatContext] Cleaning up subscriptions
[90mstdout[2m | src/components/Editor3/components/EditorComponents.stories.jsx[2m > [22m[2mAudio Player Long Whoosh
[22m[39m[Mock Data] Unit.onUpdate() subscription removed. Remaining: 0
[90mstdout[2m | src/components/Editor3/components/EditorComponents.stories.jsx[2m > [22m[2mAudio Player Long Whoosh
[22m[39m[Preview] Skipped initializing default mock data (initializeMockData=false)
[90mstdout[2m | src/components/Editor3/components/EditorComponents.stories.jsx[2m > [22m[2mAudio Player Long Whoosh
[22m[39m[Mock Data] seedMockUnit: Adding unit audio-long-whoosh-story-unit
[90mstdout[2m | src/components/Editor3/components/EditorComponents.stories.jsx[2m > [22m[2mAudio Player Long Whoosh
[22m[39m[Mock Data] Adding 1 items to UnitFile
[90mstdout[2m | src/components/Editor3/components/EditorComponents.stories.jsx[2m > [22m[2mAudio Player Long Whoosh
[22m[39m[MOCK CourseVectorStore] Initialized with mock data
[90mstdout[2m | src/components/Editor3/components/EditorComponents.stories.jsx[2m > [22m[2mAudio Player Long Whoosh
[22m[39m[TranslationModeController] Setting mode to: off
[90mstdout[2m | src/components/Editor3/components/EditorComponents.stories.jsx[2m > [22m[2mAudio Player Long Whoosh
[22m[39m[UnitContext] useEffect triggered {
  "authLoading": false,
  "hasUser": true,
  "id": "audio-long-whoosh-story-unit",
  "userSub": "mock-user-sub",
}
[90mstdout[2m | src/components/Editor3/components/EditorComponents.stories.jsx[2m > [22m[2mAudio Player Long Whoosh
[22m[39m[UnitContext] Fetching unit data for id: audio-long-whoosh-story-unit
[90mstdout[2m | src/components/Editor3/components/EditorComponents.stories.jsx[2m > [22m[2mAudio Player Long Whoosh
[22m[39m[FilesContext] Initializing vector store from IndexedDB
[90mstdout[2m | src/components/Editor3/components/EditorComponents.stories.jsx[2m > [22m[2mAudio Player Long Whoosh
[22m[39m[FilesContext] fetchFiles called
[90mstdout[2m | src/components/Editor3/components/EditorComponents.stories.jsx[2m > [22m[2mAudio Player Long Whoosh
[22m[39m[FilesContext] User authenticated: mock-user-sub
[90mstdout[2m | src/components/Editor3/components/EditorComponents.stories.jsx[2m > [22m[2mAudio Player Long Whoosh
[22m[39m[FilesContext] Identity ID: us-east-1:mock-identity-123
[90mstdout[2m | src/components/Editor3/components/EditorComponents.stories.jsx[2m > [22m[2mAudio Player Long Whoosh
[22m[39m[FilesContext] About to set up File observeQuery
[90mstdout[2m | src/components/Editor3/components/EditorComponents.stories.jsx[2m > [22m[2mAudio Player Long Whoosh
[22m[39m[ChatContext] Setting up AssistantChat observeQuery
[90mstdout[2m | src/components/Editor3/components/EditorComponents.stories.jsx[2m > [22m[2mAudio Player Long Whoosh
[22m[39m[ChatContext] Waiting for subscription to initialize
[90mstdout[2m | src/components/Editor3/components/EditorComponents.stories.jsx[2m > [22m[2mAudio Player Long Whoosh
[22m[39m[SettingsContext] Setting up Settings subscription for user: mock-user-sub
[90mstdout[2m | src/components/Editor3/components/EditorComponents.stories.jsx[2m > [22m[2mAudio Player Long Whoosh
[22m[39m[Mock Data] Settings created: mock-settings-1790417486614 - notified 0 subscribers
[90mstdout[2m | src/components/Editor3/components/EditorComponents.stories.jsx[2m > [22m[2mAudio Player Long Whoosh
[22m[39m[Mock Data] Unit.onUpdate() subscription added. Total: 1
[90mstdout[2m | src/components/Editor3/components/EditorComponents.stories.jsx[2m > [22m[2mAudio Player Long Whoosh
[22m[39mMock Cache.getItem called with: getCachedUrl_/story-mocks/descent-whoosh-long-cinematic-sound-effect-405921.mp3
[90mstdout[2m | src/components/Editor3/components/EditorComponents.stories.jsx[2m > [22m[2mAudio Player Long Whoosh
[22m[39mMock getUrl called with: /story-mocks/descent-whoosh-long-cinematic-sound-effect-405921.mp3
[90mstdout[2m | src/components/Editor3/components/EditorComponents.stories.jsx[2m > [22m[2mAudio Player Long Whoosh
[22m[39mMock Cache.setItem called with: getCachedUrl_/story-mocks/descent-whoosh-long-cinematic-sound-effect-405921.mp3 /story-mocks/descent-whoosh-long-cinematic-sound-effect-405921.mp3
[90mstdout[2m | src/components/Editor3/components/EditorComponents.stories.jsx[2m > [22m[2mAudio Player Long Whoosh
[22m[39m[SectionContext] Section observeQuery update: 0
[90mstdout[2m | src/components/Editor3/components/EditorComponents.stories.jsx[2m > [22m[2mAudio Player Long Whoosh
[22m[39m[FilesContext] File observeQuery update: 1 files
[90mstdout[2m | src/components/Editor3/components/EditorComponents.stories.jsx[2m > [22m[2mAudio Player Long Whoosh
[22m[39m[ChatContext] AssistantChat initialized with 0 chats
[90mstdout[2m | src/components/Editor3/components/EditorComponents.stories.jsx[2m > [22m[2mAudio Player Long Whoosh
[22m[39m[MOCK CourseVectorStore] Initialized with mock data
[90mstdout[2m | src/components/Editor3/components/EditorComponents.stories.jsx[2m > [22m[2mAudio Player Long Whoosh
[22m[39m[FilesContext] Vector store population triggered {
  "currentVectorStoreSize": 3,
  "documentsCount": 0,
  "filesCount": 1,
  "isInitialLoad": true,
}
[90mstdout[2m | src/components/Editor3/components/EditorComponents.stories.jsx[2m > [22m[2mAudio Player Long Whoosh
[22m[39m[FilesContext] Vector store population complete - 3 total embeddings
[90mstdout[2m | src/components/Editor3/components/EditorComponents.stories.jsx[2m > [22m[2mAudio Player Long Whoosh
[22m[39m[ChatContext] No current chat available, will create one
[90mstdout[2m | src/components/Editor3/components/EditorComponents.stories.jsx[2m > [22m[2mAudio Player Long Whoosh
[22m[39m[ChatContext] Creating AssistantChat with user: undefined
[90mstdout[2m | src/components/Editor3/components/EditorComponents.stories.jsx[2m > [22m[2mAudio Player Long Whoosh
[22m[39m[Mock Data] AssistantChat created: mock-assistantchat-1790417486742 - notified 1 subscribers
[90mstdout[2m | src/components/Editor3/components/EditorComponents.stories.jsx[2m > [22m[2mAudio Player Long Whoosh
[22m[39m[ChatContext] Create result: {
  "data": {
    "_version": 1,
    "archived": false,
    "chatFiles": [Function anonymous],
    "createdAt": "2026-09-26T10:11:26.742Z",
    "id": "mock-assistantchat-1790417486742",
    "model": "gpt-4",
    "updatedAt": "2026-09-26T10:11:26.742Z",
  },
  "errors": [],
  "hasData": true,
  "hasErrors": true,
}
[90mstdout[2m | src/components/Editor3/components/EditorComponents.stories.jsx[2m > [22m[2mAudio Player Long Whoosh
[22m[39m[ChatContext] Created AssistantChat: mock-assistantchat-1790417486742 at: 2026-09-26T10:11:26.742Z
[90mstdout[2m | src/components/Editor3/components/EditorComponents.stories.jsx[2m > [22m[2mAudio Player Long Whoosh
[22m[39m[Mock Storage] downloadData called with: undefined
[90mstdout[2m | src/components/Editor3/components/EditorComponents.stories.jsx[2m > [22m[2mAudio Player Long Whoosh
[22m[39m[ChatContext] Setting initial chat: mock-assistantchat-1790417486742
[90mstdout[2m | src/components/Editor3/components/EditorComponents.stories.jsx[2m > [22m[2mAudio Player Long Whoosh
[22m[39m[ChatContext] Chat exists and not archived, skipping creation
[90mstdout[2m | src/components/Editor3/components/EditorComponents.stories.jsx[2m > [22m[2mAudio Compact Recorder
[22m[39m[ChatContext] Cleaning up subscriptions
[90mstdout[2m | src/components/Editor3/components/EditorComponents.stories.jsx[2m > [22m[2mAudio Compact Recorder
[22m[39m[Mock Data] Unit.onUpdate() subscription removed. Remaining: 0
[90mstdout[2m | src/components/Editor3/components/EditorComponents.stories.jsx[2m > [22m[2mAudio Compact Recorder
[22m[39m[Preview] Skipped initializing default mock data (initializeMockData=false)
[90mstdout[2m | src/components/Editor3/components/EditorComponents.stories.jsx[2m > [22m[2mAudio Compact Recorder
[22m[39m[Mock Data] seedMockUnit: Adding unit audio-long-whoosh-story-unit
[90mstdout[2m | src/components/Editor3/components/EditorComponents.stories.jsx[2m > [22m[2mAudio Compact Recorder
[22m[39m[Mock Data] Adding 1 items to UnitFile
[90mstdout[2m | src/components/Editor3/components/EditorComponents.stories.jsx[2m > [22m[2mAudio Compact Recorder
[22m[39m[MOCK CourseVectorStore] Initialized with mock data
[90mstdout[2m | src/components/Editor3/components/EditorComponents.stories.jsx[2m > [22m[2mAudio Compact Recorder
[22m[39m[TranslationModeController] Setting mode to: off
[90mstdout[2m | src/components/Editor3/components/EditorComponents.stories.jsx[2m > [22m[2mAudio Compact Recorder
[22m[39m[UnitContext] useEffect triggered {
  "authLoading": false,
  "hasUser": true,
  "id": "audio-long-whoosh-story-unit",
  "userSub": "mock-user-sub",
}
[90mstdout[2m | src/components/Editor3/components/EditorComponents.stories.jsx[2m > [22m[2mAudio Compact Recorder
[22m[39m[UnitContext] Fetching unit data for id: audio-long-whoosh-story-unit
[90mstdout[2m | src/components/Editor3/components/EditorComponents.stories.jsx[2m > [22m[2mAudio Compact Recorder
[22m[39m[FilesContext] Initializing vector store from IndexedDB
[90mstdout[2m | src/components/Editor3/components/EditorComponents.stories.jsx[2m > [22m[2mAudio Compact Recorder
[22m[39m[FilesContext] fetchFiles called
[90mstdout[2m | src/components/Editor3/components/EditorComponents.stories.jsx[2m > [22m[2mAudio Compact Recorder
[22m[39m[FilesContext] User authenticated: mock-user-sub
[90mstdout[2m | src/components/Editor3/components/EditorComponents.stories.jsx[2m > [22m[2mAudio Compact Recorder
[22m[39m[FilesContext] Identity ID: us-east-1:mock-identity-123
[90mstdout[2m | src/components/Editor3/components/EditorComponents.stories.jsx[2m > [22m[2mAudio Compact Recorder
[22m[39m[FilesContext] About to set up File observeQuery
[90mstdout[2m | src/components/Editor3/components/EditorComponents.stories.jsx[2m > [22m[2mAudio Compact Recorder
[22m[39m[ChatContext] Setting up AssistantChat observeQuery
[90mstdout[2m | src/components/Editor3/components/EditorComponents.stories.jsx[2m > [22m[2mAudio Compact Recorder
[22m[39m[ChatContext] Waiting for subscription to initialize
[90mstdout[2m | src/components/Editor3/components/EditorComponents.stories.jsx[2m > [22m[2mAudio Compact Recorder
[22m[39m[SettingsContext] Setting up Settings subscription for user: mock-user-sub
[90mstdout[2m | src/components/Editor3/components/EditorComponents.stories.jsx[2m > [22m[2mAudio Compact Recorder
[22m[39m[Mock Data] Settings created: mock-settings-1790417487437 - notified 0 subscribers
[90mstdout[2m | src/components/Editor3/components/EditorComponents.stories.jsx[2m > [22m[2mAudio Compact Recorder
[22m[39m[Mock Data] Unit.onUpdate() subscription added. Total: 1
[90mstdout[2m | src/components/Editor3/components/EditorComponents.stories.jsx[2m > [22m[2mAudio Compact Recorder
[22m[39mMock Cache.getItem called with: getCachedUrl_/story-mocks/descent-whoosh-long-cinematic-sound-effect-405921.mp3
[90mstdout[2m | src/components/Editor3/components/EditorComponents.stories.jsx[2m > [22m[2mAudio Compact Recorder
[22m[39mMock getUrl called with: /story-mocks/descent-whoosh-long-cinematic-sound-effect-405921.mp3
[90mstdout[2m | src/components/Editor3/components/EditorComponents.stories.jsx[2m > [22m[2mAudio Compact Recorder
[22m[39mMock Cache.setItem called with: getCachedUrl_/story-mocks/descent-whoosh-long-cinematic-sound-effect-405921.mp3 /story-mocks/descent-whoosh-long-cinematic-sound-effect-405921.mp3
[90mstdout[2m | src/components/Editor3/components/EditorComponents.stories.jsx[2m > [22m[2mAudio Compact Recorder
[22m[39m[SectionContext] Section observeQuery update: 0
[90mstdout[2m | src/components/Editor3/components/EditorComponents.stories.jsx[2m > [22m[2mAudio Compact Recorder
[22m[39m[FilesContext] File observeQuery update: 1 files
[90mstdout[2m | src/components/Editor3/components/EditorComponents.stories.jsx[2m > [22m[2mAudio Compact Recorder
[22m[39m[ChatContext] AssistantChat initialized with 0 chats
[90mstdout[2m | src/components/Editor3/components/EditorComponents.stories.jsx[2m > [22m[2mAudio Compact Recorder
[22m[39m[MOCK CourseVectorStore] Initialized with mock data
[90mstdout[2m | src/components/Editor3/components/EditorComponents.stories.jsx[2m > [22m[2mAudio Compact Recorder
[22m[39m[AudioPlayerContext] Loading new source: /story-mocks/descent-whoosh-long-cinematic-sound-e...
[90mstdout[2m | src/components/Editor3/components/EditorComponents.stories.jsx[2m > [22m[2mAudio Compact Recorder
[22m[39m[FilesContext] Vector store population triggered {
  "currentVectorStoreSize": 3,
  "documentsCount": 0,
  "filesCount": 1,
  "isInitialLoad": true,
}
[90mstdout[2m | src/components/Editor3/components/EditorComponents.stories.jsx[2m > [22m[2mAudio Compact Recorder
[22m[39m[FilesContext] Vector store population complete - 3 total embeddings
[90mstdout[2m | src/components/Editor3/components/EditorComponents.stories.jsx[2m > [22m[2mAudio Compact Recorder
[22m[39m[ChatContext] No current chat available, will create one
[90mstdout[2m | src/components/Editor3/components/EditorComponents.stories.jsx[2m > [22m[2mAudio Compact Recorder
[22m[39m[ChatContext] Creating AssistantChat with user: undefined
[90mstdout[2m | src/components/Editor3/components/EditorComponents.stories.jsx[2m > [22m[2mAudio Compact Recorder
[22m[39m[Mock Data] AssistantChat created: mock-assistantchat-1790417487515 - notified 1 subscribers
[90mstdout[2m | src/components/Editor3/components/EditorComponents.stories.jsx[2m > [22m[2mAudio Compact Recorder
[22m[39m[ChatContext] Create result: {
  "data": {
    "_version": 1,
    "archived": false,
    "chatFiles": [Function anonymous],
    "createdAt": "2026-09-26T10:11:27.515Z",
    "id": "mock-assistantchat-1790417487515",
    "model": "gpt-4",
    "updatedAt": "2026-09-26T10:11:27.515Z",
  },
  "errors": [],
  "hasData": true,
  "hasErrors": true,
}
[90mstdout[2m | src/components/Editor3/components/EditorComponents.stories.jsx[2m > [22m[2mAudio Compact Recorder
[22m[39m[ChatContext] Created AssistantChat: mock-assistantchat-1790417487515 at: 2026-09-26T10:11:27.515Z
[90mstdout[2m | src/components/Editor3/components/EditorComponents.stories.jsx[2m > [22m[2mAudio Compact Recorder
[22m[39m[Mock Storage] downloadData called with: undefined
[90mstdout[2m | src/components/Editor3/components/EditorComponents.stories.jsx[2m > [22m[2mAudio Compact Recorder
[22m[39m[ChatContext] Setting initial chat: mock-assistantchat-1790417487515
[90mstdout[2m | src/components/Editor3/components/EditorComponents.stories.jsx[2m > [22m[2mAudio Compact Recorder
[22m[39m[ChatContext] Chat exists and not archived, skipping creation
[90mstdout[2m | src/components/Editor3/components/EditorComponents.stories.jsx[2m > [22m[2mAudio Player SFX
[22m[39m[ChatContext] Cleaning up subscriptions
[90mstdout[2m | src/components/Editor3/components/EditorComponents.stories.jsx[2m > [22m[2mAudio Player SFX
[22m[39m[Mock Data] Unit.onUpdate() subscription removed. Remaining: 0
[90mstdout[2m | src/components/Editor3/components/EditorComponents.stories.jsx[2m > [22m[2mAudio Player SFX
[22m[39m[Preview] Skipped initializing default mock data (initializeMockData=false)
[90mstdout[2m | src/components/Editor3/components/EditorComponents.stories.jsx[2m > [22m[2mAudio Player SFX
[22m[39m[Mock Data] seedMockUnit: Adding unit audio-sfx-story-unit
[90mstdout[2m | src/components/Editor3/components/EditorComponents.stories.jsx[2m > [22m[2mAudio Player SFX
[22m[39m[Mock Data] Adding 1 items to UnitFile
[90mstdout[2m | src/components/Editor3/components/EditorComponents.stories.jsx[2m > [22m[2mAudio Player SFX
[22m[39m[MOCK CourseVectorStore] Initialized with mock data
[90mstdout[2m | src/components/Editor3/components/EditorComponents.stories.jsx[2m > [22m[2mAudio Player SFX
[22m[39m[TranslationModeController] Setting mode to: off
[90mstdout[2m | src/components/Editor3/components/EditorComponents.stories.jsx[2m > [22m[2mAudio Player SFX
[22m[39m[UnitContext] useEffect triggered {
  "authLoading": false,
  "hasUser": true,
  "id": "audio-sfx-story-unit",
  "userSub": "mock-user-sub",
}
[90mstdout[2m | src/components/Editor3/components/EditorComponents.stories.jsx[2m > [22m[2mAudio Player SFX
[22m[39m[UnitContext] Fetching unit data for id: audio-sfx-story-unit
[90mstdout[2m | src/components/Editor3/components/EditorComponents.stories.jsx[2m > [22m[2mAudio Player SFX
[22m[39m[FilesContext] Initializing vector store from IndexedDB
[90mstdout[2m | src/components/Editor3/components/EditorComponents.stories.jsx[2m > [22m[2mAudio Player SFX
[22m[39m[FilesContext] fetchFiles called
[90mstdout[2m | src/components/Editor3/components/EditorComponents.stories.jsx[2m > [22m[2mAudio Player SFX
[22m[39m[FilesContext] User authenticated: mock-user-sub
[90mstdout[2m | src/components/Editor3/components/EditorComponents.stories.jsx[2m > [22m[2mAudio Player SFX
[22m[39m[FilesContext] Identity ID: us-east-1:mock-identity-123
[90mstdout[2m | src/components/Editor3/components/EditorComponents.stories.jsx[2m > [22m[2mAudio Player SFX
[22m[39m[FilesContext] About to set up File observeQuery
[90mstdout[2m | src/components/Editor3/components/EditorComponents.stories.jsx[2m > [22m[2mAudio Player SFX
[22m[39m[ChatContext] Setting up AssistantChat observeQuery
[90mstdout[2m | src/components/Editor3/components/EditorComponents.stories.jsx[2m > [22m[2mAudio Player SFX
[22m[39m[ChatContext] Waiting for subscription to initialize
[90mstdout[2m | src/components/Editor3/components/EditorComponents.stories.jsx[2m > [22m[2mAudio Player SFX
[22m[39m[SettingsContext] Setting up Settings subscription for user: mock-user-sub
[90mstdout[2m | src/components/Editor3/components/EditorComponents.stories.jsx[2m > [22m[2mAudio Player SFX
[22m[39m[Mock Data] Settings created: mock-settings-1790417487909 - notified 0 subscribers
[90mstdout[2m | src/components/Editor3/components/EditorComponents.stories.jsx[2m > [22m[2mAudio Player SFX
[22m[39m[Mock Data] Unit.onUpdate() subscription added. Total: 1
[90mstdout[2m | src/components/Editor3/components/EditorComponents.stories.jsx[2m > [22m[2mAudio Player SFX
[22m[39mMock Cache.getItem called with: getCachedUrl_/story-mocks/sound-design-elements-sfx-ps-022-302865.mp3
[90mstdout[2m | src/components/Editor3/components/EditorComponents.stories.jsx[2m > [22m[2mAudio Player SFX
[22m[39mMock getUrl called with: /story-mocks/sound-design-elements-sfx-ps-022-302865.mp3
[90mstdout[2m | src/components/Editor3/components/EditorComponents.stories.jsx[2m > [22m[2mAudio Player SFX
[22m[39mMock Cache.setItem called with: getCachedUrl_/story-mocks/sound-design-elements-sfx-ps-022-302865.mp3 /story-mocks/sound-design-elements-sfx-ps-022-302865.mp3
[90mstdout[2m | src/components/Editor3/components/EditorComponents.stories.jsx[2m > [22m[2mAudio Player SFX
[22m[39m[SectionContext] Section observeQuery update: 0
[90mstdout[2m | src/components/Editor3/components/EditorComponents.stories.jsx[2m > [22m[2mAudio Player SFX
[22m[39m[FilesContext] File observeQuery update: 1 files
[90mstdout[2m | src/components/Editor3/components/EditorComponents.stories.jsx[2m > [22m[2mAudio Player SFX
[22m[39m[ChatContext] AssistantChat initialized with 0 chats
[90mstdout[2m | src/components/Editor3/components/EditorComponents.stories.jsx[2m > [22m[2mAudio Player SFX
[22m[39m[MOCK CourseVectorStore] Initialized with mock data
[90mstdout[2m | src/components/Editor3/components/EditorComponents.stories.jsx[2m > [22m[2mAudio Player SFX
[22m[39m[FilesContext] Vector store population triggered {
  "currentVectorStoreSize": 3,
  "documentsCount": 0,
  "filesCount": 1,
  "isInitialLoad": true,
}
[90mstdout[2m | src/components/Editor3/components/EditorComponents.stories.jsx[2m > [22m[2mAudio Player SFX
[22m[39m[FilesContext] Vector store population complete - 3 total embeddings
[90mstdout[2m | src/components/Editor3/components/EditorComponents.stories.jsx[2m > [22m[2mAudio Player SFX
[22m[39m[ChatContext] No current chat available, will create one
[90mstdout[2m | src/components/Editor3/components/EditorComponents.stories.jsx[2m > [22m[2mAudio Player SFX
[22m[39m[ChatContext] Creating AssistantChat with user: undefined
[90mstdout[2m | src/components/Editor3/components/EditorComponents.stories.jsx[2m > [22m[2mAudio Player SFX
[22m[39m[Mock Data] AssistantChat created: mock-assistantchat-1790417488037 - notified 1 subscribers
[90mstdout[2m | src/components/Editor3/components/EditorComponents.stories.jsx[2m > [22m[2mAudio Player SFX
[22m[39m[ChatContext] Create result: {
  "data": {
    "_version": 1,
    "archived": false,
    "chatFiles": [Function anonymous],
    "createdAt": "2026-09-26T10:11:28.037Z",
    "id": "mock-assistantchat-1790417488037",
    "model": "gpt-4",
    "updatedAt": "2026-09-26T10:11:28.037Z",
  },
  "errors": [],
  "hasData": true,
  "hasErrors": true,
}
[90mstdout[2m | src/components/Editor3/components/EditorComponents.stories.jsx[2m > [22m[2mAudio Player SFX
[22m[39m[ChatContext] Created AssistantChat: mock-assistantchat-1790417488037 at: 2026-09-26T10:11:28.037Z
[90mstdout[2m | src/components/Editor3/components/EditorComponents.stories.jsx[2m > [22m[2mAudio Player SFX
[22m[39m[Mock Storage] downloadData called with: undefined
[90mstdout[2m | src/components/Editor3/components/EditorComponents.stories.jsx[2m > [22m[2mAudio Player SFX
[22m[39m[ChatContext] Setting initial chat: mock-assistantchat-1790417488037
[90mstdout[2m | src/components/Editor3/components/EditorComponents.stories.jsx[2m > [22m[2mAudio Player SFX
[22m[39m[ChatContext] Chat exists and not archived, skipping creation
[90mstdout[2m | src/components/Editor3/components/EditorComponents.stories.jsx[2m > [22m[2mVideo Player Component
[22m[39m[ChatContext] Cleaning up subscriptions
[90mstdout[2m | src/components/Editor3/components/EditorComponents.stories.jsx[2m > [22m[2mVideo Player Component
[22m[39m[Mock Data] Unit.onUpdate() subscription removed. Remaining: 0
[90mstdout[2m | src/components/Editor3/components/EditorComponents.stories.jsx[2m > [22m[2mVideo Player Component
[22m[39m[Preview] Skipped initializing default mock data (initializeMockData=false)
[90mstdout[2m | src/components/Editor3/components/EditorComponents.stories.jsx[2m > [22m[2mVideo Player Component
[22m[39m[Mock Data] seedMockUnit: Adding unit video-player-story-unit
[90mstdout[2m | src/components/Editor3/components/EditorComponents.stories.jsx[2m > [22m[2mVideo Player Component
[22m[39m[Mock Data] Adding 1 items to UnitFile
[90mstdout[2m | src/components/Editor3/components/EditorComponents.stories.jsx[2m > [22m[2mVideo Player Component
[22m[39m[MOCK CourseVectorStore] Initialized with mock data
[90mstdout[2m | src/components/Editor3/components/EditorComponents.stories.jsx[2m > [22m[2mVideo Player Component
[22m[39m[TranslationModeController] Setting mode to: off
[90mstdout[2m | src/components/Editor3/components/EditorComponents.stories.jsx[2m > [22m[2mVideo Player Component
[22m[39m[UnitContext] useEffect triggered {
  "authLoading": false,
  "hasUser": true,
  "id": "video-player-story-unit",
  "userSub": "mock-user-sub",
}
[90mstdout[2m | src/components/Editor3/components/EditorComponents.stories.jsx[2m > [22m[2mVideo Player Component
[22m[39m[UnitContext] Fetching unit data for id: video-player-story-unit
[90mstdout[2m | src/components/Editor3/components/EditorComponents.stories.jsx[2m > [22m[2mVideo Player Component
[22m[39m[FilesContext] Initializing vector store from IndexedDB
[90mstdout[2m | src/components/Editor3/components/EditorComponents.stories.jsx[2m > [22m[2mVideo Player Component
[22m[39m[FilesContext] fetchFiles called
[90mstdout[2m | src/components/Editor3/components/EditorComponents.stories.jsx[2m > [22m[2mVideo Player Component
[22m[39m[FilesContext] User authenticated: mock-user-sub
[90mstdout[2m | src/components/Editor3/components/EditorComponents.stories.jsx[2m > [22m[2mVideo Player Component
[22m[39m[FilesContext] Identity ID: us-east-1:mock-identity-123
[90mstdout[2m | src/components/Editor3/components/EditorComponents.stories.jsx[2m > [22m[2mVideo Player Component
[22m[39m[FilesContext] About to set up File observeQuery
[90mstdout[2m | src/components/Editor3/components/EditorComponents.stories.jsx[2m > [22m[2mVideo Player Component
[22m[39m[ChatContext] Setting up AssistantChat observeQuery
[90mstdout[2m | src/components/Editor3/components/EditorComponents.stories.jsx[2m > [22m[2mVideo Player Component
[22m[39m[ChatContext] Waiting for subscription to initialize
[90mstdout[2m | src/components/Editor3/components/EditorComponents.stories.jsx[2m > [22m[2mVideo Player Component
[22m[39m[SettingsContext] Setting up Settings subscription for user: mock-user-sub
[90mstdout[2m | src/components/Editor3/components/EditorComponents.stories.jsx[2m > [22m[2mVideo Player Component
[22m[39m[Mock Data] Settings created: mock-settings-1790417490092 - notified 0 subscribers
[90mstdout[2m | src/components/Editor3/components/EditorComponents.stories.jsx[2m > [22m[2mVideo Player Component
[22m[39m[Mock Data] Unit.onUpdate() subscription added. Total: 1
[90mstdout[2m | src/components/Editor3/components/EditorComponents.stories.jsx[2m > [22m[2mVideo Player Component
[22m[39mMock Cache.getItem called with: getCachedUrl_/story-mocks/326739_medium.mp4
[90mstdout[2m | src/components/Editor3/components/EditorComponents.stories.jsx[2m > [22m[2mVideo Player Component
[22m[39mMock getUrl called with: /story-mocks/326739_medium.mp4
[90mstdout[2m | src/components/Editor3/components/EditorComponents.stories.jsx[2m > [22m[2mVideo Player Component
[22m[39mMock Cache.setItem called with: getCachedUrl_/story-mocks/326739_medium.mp4 /story-mocks/326739_medium.mp4
[90mstdout[2m | src/components/Editor3/components/EditorComponents.stories.jsx[2m > [22m[2mVideo Player Component
[22m[39m[SectionContext] Section observeQuery update: 0
[90mstdout[2m | src/components/Editor3/components/EditorComponents.stories.jsx[2m > [22m[2mVideo Player Component
[22m[39m[FilesContext] File observeQuery update: 1 files
[90mstdout[2m | src/components/Editor3/components/EditorComponents.stories.jsx[2m > [22m[2mVideo Player Component
[22m[39m[ChatContext] AssistantChat initialized with 0 chats
[90mstdout[2m | src/components/Editor3/components/EditorComponents.stories.jsx[2m > [22m[2mVideo Player Component
[22m[39m[MOCK CourseVectorStore] Initialized with mock data
[90mstdout[2m | src/components/Editor3/components/EditorComponents.stories.jsx[2m > [22m[2mVideo Player Component
[22m[39m[FilesContext] Vector store population triggered {
  "currentVectorStoreSize": 3,
  "documentsCount": 0,
  "filesCount": 1,
  "isInitialLoad": true,
}
[90mstdout[2m | src/components/Editor3/components/EditorComponents.stories.jsx[2m > [22m[2mVideo Player Component
[22m[39m[FilesContext] Vector store population complete - 3 total embeddings
[90mstdout[2m | src/components/Editor3/components/EditorComponents.stories.jsx[2m > [22m[2mVideo Player Component
[22m[39m[ChatContext] No current chat available, will create one
[90mstdout[2m | src/components/Editor3/components/EditorComponents.stories.jsx[2m > [22m[2mVideo Player Component
[22m[39m[ChatContext] Creating AssistantChat with user: undefined
[90mstdout[2m | src/components/Editor3/components/EditorComponents.stories.jsx[2m > [22m[2mVideo Player Component
[22m[39m[Mock Data] AssistantChat created: mock-assistantchat-1790417490201 - notified 1 subscribers
[90mstdout[2m | src/components/Editor3/components/EditorComponents.stories.jsx[2m > [22m[2mVideo Player Component
[22m[39m[ChatContext] Create result: {
  "data": {
    "_version": 1,
    "archived": false,
    "chatFiles": [Function anonymous],
    "createdAt": "2026-09-26T10:11:30.201Z",
    "id": "mock-assistantchat-1790417490201",
    "model": "gpt-4",
    "updatedAt": "2026-09-26T10:11:30.201Z",
  },
  "errors": [],
  "hasData": true,
  "hasErrors": true,
}
[90mstdout[2m | src/components/Editor3/components/EditorComponents.stories.jsx[2m > [22m[2mVideo Player Component
[22m[39m[ChatContext] Created AssistantChat: mock-assistantchat-1790417490201 at: 2026-09-26T10:11:30.201Z
[90mstdout[2m | src/components/Editor3/components/EditorComponents.stories.jsx[2m > [22m[2mVideo Player Component
[22m[39m[Mock Storage] downloadData called with: undefined
[90mstdout[2m | src/components/Editor3/components/EditorComponents.stories.jsx[2m > [22m[2mVideo Player Component
[22m[39m[ChatContext] Setting initial chat: mock-assistantchat-1790417490201
[90mstdout[2m | src/components/Editor3/components/EditorComponents.stories.jsx[2m > [22m[2mVideo Player Component
[22m[39m[ChatContext] Chat exists and not archived, skipping creation
[90mstdout[2m | src/components/Editor3/components/EditorComponents.stories.jsx[2m > [22m[2mVideo With Audio Recording
[22m[39m[ChatContext] Cleaning up subscriptions
[90mstdout[2m | src/components/Editor3/components/EditorComponents.stories.jsx[2m > [22m[2mVideo With Audio Recording
[22m[39m[Mock Data] Unit.onUpdate() subscription removed. Remaining: 0
[90mstdout[2m | src/components/Editor3/components/EditorComponents.stories.jsx[2m > [22m[2mVideo With Audio Recording
[22m[39m[Preview] Skipped initializing default mock data (initializeMockData=false)
[90mstdout[2m | src/components/Editor3/components/EditorComponents.stories.jsx[2m > [22m[2mVideo With Audio Recording
[22m[39m[Mock Data] seedMockUnit: Adding unit video-recording-story-unit
[90mstdout[2m | src/components/Editor3/components/EditorComponents.stories.jsx[2m > [22m[2mVideo With Audio Recording
[22m[39m[Mock Data] Adding 1 items to UnitFile
[90mstdout[2m | src/components/Editor3/components/EditorComponents.stories.jsx[2m > [22m[2mVideo With Audio Recording
[22m[39m[MOCK CourseVectorStore] Initialized with mock data
[90mstdout[2m | src/components/Editor3/components/EditorComponents.stories.jsx[2m > [22m[2mVideo With Audio Recording
[22m[39m[TranslationModeController] Setting mode to: off
[90mstdout[2m | src/components/Editor3/components/EditorComponents.stories.jsx[2m > [22m[2mVideo With Audio Recording
[22m[39m[UnitContext] useEffect triggered {
  "authLoading": false,
  "hasUser": true,
  "id": "video-recording-story-unit",
  "userSub": "mock-user-sub",
}
[90mstdout[2m | src/components/Editor3/components/EditorComponents.stories.jsx[2m > [22m[2mVideo With Audio Recording
[22m[39m[UnitContext] Fetching unit data for id: video-recording-story-unit
[90mstdout[2m | src/components/Editor3/components/EditorComponents.stories.jsx[2m > [22m[2mVideo With Audio Recording
[22m[39m[FilesContext] Initializing vector store from IndexedDB
[90mstdout[2m | src/components/Editor3/components/EditorComponents.stories.jsx[2m > [22m[2mVideo With Audio Recording
[22m[39m[FilesContext] fetchFiles called
[90mstdout[2m | src/components/Editor3/components/EditorComponents.stories.jsx[2m > [22m[2mVideo With Audio Recording
[22m[39m[FilesContext] User authenticated: mock-user-sub
[90mstdout[2m | src/components/Editor3/components/EditorComponents.stories.jsx[2m > [22m[2mVideo With Audio Recording
[22m[39m[FilesContext] Identity ID: us-east-1:mock-identity-123
[90mstdout[2m | src/components/Editor3/components/EditorComponents.stories.jsx[2m > [22m[2mVideo With Audio Recording
[22m[39m[FilesContext] About to set up File observeQuery
[90mstdout[2m | src/components/Editor3/components/EditorComponents.stories.jsx[2m > [22m[2mVideo With Audio Recording
[22m[39m[ChatContext] Setting up AssistantChat observeQuery
[90mstdout[2m | src/components/Editor3/components/EditorComponents.stories.jsx[2m > [22m[2mVideo With Audio Recording
[22m[39m[ChatContext] Waiting for subscription to initialize
[90mstdout[2m | src/components/Editor3/components/EditorComponents.stories.jsx[2m > [22m[2mVideo With Audio Recording
[22m[39m[SettingsContext] Setting up Settings subscription for user: mock-user-sub
[90mstdout[2m | src/components/Editor3/components/EditorComponents.stories.jsx[2m > [22m[2mVideo With Audio Recording
[22m[39m[Mock Data] Settings created: mock-settings-1790417490951 - notified 0 subscribers
[90mstdout[2m | src/components/Editor3/components/EditorComponents.stories.jsx[2m > [22m[2mVideo With Audio Recording
[22m[39m[Mock Data] Unit.onUpdate() subscription added. Total: 1
[90mstdout[2m | src/components/Editor3/components/EditorComponents.stories.jsx[2m > [22m[2mVideo With Audio Recording
[22m[39mMock Cache.getItem called with: getCachedUrl_/story-mocks/326739_medium.mp4
[90mstdout[2m | src/components/Editor3/components/EditorComponents.stories.jsx[2m > [22m[2mVideo With Audio Recording
[22m[39mMock getUrl called with: /story-mocks/326739_medium.mp4
[90mstdout[2m | src/components/Editor3/components/EditorComponents.stories.jsx[2m > [22m[2mVideo With Audio Recording
[22m[39mMock Cache.setItem called with: getCachedUrl_/story-mocks/326739_medium.mp4 /story-mocks/326739_medium.mp4
[90mstdout[2m | src/components/Editor3/components/EditorComponents.stories.jsx[2m > [22m[2mVideo With Audio Recording
[22m[39m[SectionContext] Section observeQuery update: 0
[90mstdout[2m | src/components/Editor3/components/EditorComponents.stories.jsx[2m > [22m[2mVideo With Audio Recording
[22m[39m[FilesContext] File observeQuery update: 1 files
[90mstdout[2m | src/components/Editor3/components/EditorComponents.stories.jsx[2m > [22m[2mVideo With Audio Recording
[22m[39m[ChatContext] AssistantChat initialized with 0 chats
[90mstdout[2m | src/components/Editor3/components/EditorComponents.stories.jsx[2m > [22m[2mVideo With Audio Recording
[22m[39m[MOCK CourseVectorStore] Initialized with mock data
[90mstdout[2m | src/components/Editor3/components/EditorComponents.stories.jsx[2m > [22m[2mVideo With Audio Recording
[22m[39m[FilesContext] Vector store population triggered {
  "currentVectorStoreSize": 3,
  "documentsCount": 0,
  "filesCount": 1,
  "isInitialLoad": true,
}
[90mstdout[2m | src/components/Editor3/components/EditorComponents.stories.jsx[2m > [22m[2mVideo With Audio Recording
[22m[39m[FilesContext] Vector store population complete - 3 total embeddings
[90mstdout[2m | src/components/Editor3/components/EditorComponents.stories.jsx[2m > [22m[2mVideo With Audio Recording
[22m[39m[ChatContext] No current chat available, will create one
[90mstdout[2m | src/components/Editor3/components/EditorComponents.stories.jsx[2m > [22m[2mVideo With Audio Recording
[22m[39m[ChatContext] Creating AssistantChat with user: undefined
[90mstdout[2m | src/components/Editor3/components/EditorComponents.stories.jsx[2m > [22m[2mVideo With Audio Recording
[22m[39m[Mock Data] AssistantChat created: mock-assistantchat-1790417491368 - notified 1 subscribers
[90mstdout[2m | src/components/Editor3/components/EditorComponents.stories.jsx[2m > [22m[2mVideo With Audio Recording
[22m[39m[ChatContext] Create result: {
  "data": {
    "_version": 1,
    "archived": false,
    "chatFiles": [Function anonymous],
    "createdAt": "2026-09-26T10:11:31.368Z",
    "id": "mock-assistantchat-1790417491368",
    "model": "gpt-4",
    "updatedAt": "2026-09-26T10:11:31.368Z",
  },
  "errors": [],
  "hasData": true,
  "hasErrors": true,
}
[90mstdout[2m | src/components/Editor3/components/EditorComponents.stories.jsx[2m > [22m[2mVideo With Audio Recording
[22m[39m[ChatContext] Created AssistantChat: mock-assistantchat-1790417491368 at: 2026-09-26T10:11:31.368Z
[90mstdout[2m | src/components/Editor3/components/EditorComponents.stories.jsx[2m > [22m[2mVideo With Audio Recording
[22m[39m[Mock Storage] downloadData called with: undefined
[90mstdout[2m | src/components/Editor3/components/EditorComponents.stories.jsx[2m > [22m[2mVideo With Audio Recording
[22m[39m[ChatContext] Setting initial chat: mock-assistantchat-1790417491368
[90mstdout[2m | src/components/Editor3/components/EditorComponents.stories.jsx[2m > [22m[2mVideo With Audio Recording
[22m[39m[ChatContext] Chat exists and not archived, skipping creation
[90mstdout[2m | src/components/Editor3/components/EditorComponents.stories.jsx[2m > [22m[2mAudio Multiple Tracks
[22m[39m[ChatContext] Cleaning up subscriptions
[90mstdout[2m | src/components/Editor3/components/EditorComponents.stories.jsx[2m > [22m[2mAudio Multiple Tracks
[22m[39m[Mock Data] Unit.onUpdate() subscription removed. Remaining: 0
[90mstdout[2m | src/components/Editor3/components/EditorComponents.stories.jsx[2m > [22m[2mAudio Multiple Tracks
[22m[39m[Preview] Skipped initializing default mock data (initializeMockData=false)
[90mstdout[2m | src/components/Editor3/components/EditorComponents.stories.jsx[2m > [22m[2mAudio Multiple Tracks
[22m[39m[Mock Data] seedMockUnit: Adding unit audio-multi-story-unit
[90mstdout[2m | src/components/Editor3/components/EditorComponents.stories.jsx[2m > [22m[2mAudio Multiple Tracks
[22m[39m[Mock Data] Adding 3 items to UnitFile
[90mstdout[2m | src/components/Editor3/components/EditorComponents.stories.jsx[2m > [22m[2mAudio Multiple Tracks
[22m[39m[MOCK CourseVectorStore] Initialized with mock data
[90mstdout[2m | src/components/Editor3/components/EditorComponents.stories.jsx[2m > [22m[2mAudio Multiple Tracks
[22m[39m[TranslationModeController] Setting mode to: off
[90mstdout[2m | src/components/Editor3/components/EditorComponents.stories.jsx[2m > [22m[2mAudio Multiple Tracks
[22m[39m[UnitContext] useEffect triggered {
  "authLoading": false,
  "hasUser": true,
  "id": "audio-multi-story-unit",
  "userSub": "mock-user-sub",
}
[90mstdout[2m | src/components/Editor3/components/EditorComponents.stories.jsx[2m > [22m[2mAudio Multiple Tracks
[22m[39m[UnitContext] Fetching unit data for id: audio-multi-story-unit
[90mstdout[2m | src/components/Editor3/components/EditorComponents.stories.jsx[2m > [22m[2mAudio Multiple Tracks
[22m[39m[FilesContext] Initializing vector store from IndexedDB
[90mstdout[2m | src/components/Editor3/components/EditorComponents.stories.jsx[2m > [22m[2mAudio Multiple Tracks
[22m[39m[FilesContext] fetchFiles called
[90mstdout[2m | src/components/Editor3/components/EditorComponents.stories.jsx[2m > [22m[2mAudio Multiple Tracks
[22m[39m[FilesContext] User authenticated: mock-user-sub
[90mstdout[2m | src/components/Editor3/components/EditorComponents.stories.jsx[2m > [22m[2mAudio Multiple Tracks
[22m[39m[FilesContext] Identity ID: us-east-1:mock-identity-123
[90mstdout[2m | src/components/Editor3/components/EditorComponents.stories.jsx[2m > [22m[2mAudio Multiple Tracks
[22m[39m[FilesContext] About to set up File observeQuery
[90mstdout[2m | src/components/Editor3/components/EditorComponents.stories.jsx[2m > [22m[2mAudio Multiple Tracks
[22m[39m[ChatContext] Setting up AssistantChat observeQuery
[90mstdout[2m | src/components/Editor3/components/EditorComponents.stories.jsx[2m > [22m[2mAudio Multiple Tracks
[22m[39m[ChatContext] Waiting for subscription to initialize
[90mstdout[2m | src/components/Editor3/components/EditorComponents.stories.jsx[2m > [22m[2mAudio Multiple Tracks
[22m[39m[SettingsContext] Setting up Settings subscription for user: mock-user-sub
[90mstdout[2m | src/components/Editor3/components/EditorComponents.stories.jsx[2m > [22m[2mAudio Multiple Tracks
[22m[39m[Mock Data] Settings created: mock-settings-1790417492331 - notified 0 subscribers
[90mstdout[2m | src/components/Editor3/components/EditorComponents.stories.jsx[2m > [22m[2mAudio Multiple Tracks
[22m[39m[Mock Data] Unit.onUpdate() subscription added. Total: 1
[90mstdout[2m | src/components/Editor3/components/EditorComponents.stories.jsx[2m > [22m[2mAudio Multiple Tracks
[22m[39mMock Cache.getItem called with: getCachedUrl_/story-mocks/cinematic-designed-sci-fi-whoosh-transition-nexawave-228295.mp3
[90mstdout[2m | src/components/Editor3/components/EditorComponents.stories.jsx[2m > [22m[2mAudio Multiple Tracks
[22m[39mMock Cache.getItem called with: getCachedUrl_/story-mocks/descent-whoosh-long-cinematic-sound-effect-405921.mp3
[90mstdout[2m | src/components/Editor3/components/EditorComponents.stories.jsx[2m > [22m[2mAudio Multiple Tracks
[22m[39mMock Cache.getItem called with: getCachedUrl_/story-mocks/sound-design-elements-sfx-ps-022-302865.mp3
[90mstdout[2m | src/components/Editor3/components/EditorComponents.stories.jsx[2m > [22m[2mAudio Multiple Tracks
[22m[39mMock getUrl called with: /story-mocks/cinematic-designed-sci-fi-whoosh-transition-nexawave-228295.mp3
[90mstdout[2m | src/components/Editor3/components/EditorComponents.stories.jsx[2m > [22m[2mAudio Multiple Tracks
[22m[39mMock getUrl called with: /story-mocks/descent-whoosh-long-cinematic-sound-effect-405921.mp3
[90mstdout[2m | src/components/Editor3/components/EditorComponents.stories.jsx[2m > [22m[2mAudio Multiple Tracks
[22m[39mMock getUrl called with: /story-mocks/sound-design-elements-sfx-ps-022-302865.mp3
[90mstdout[2m | src/components/Editor3/components/EditorComponents.stories.jsx[2m > [22m[2mAudio Multiple Tracks
[22m[39mMock Cache.setItem called with: getCachedUrl_/story-mocks/cinematic-designed-sci-fi-whoosh-transition-nexawave-228295.mp3 /story-mocks/cinematic-designed-sci-fi-whoosh-transition-nexawave-228295.mp3
[90mstdout[2m | src/components/Editor3/components/EditorComponents.stories.jsx[2m > [22m[2mAudio Multiple Tracks
[22m[39mMock Cache.setItem called with: getCachedUrl_/story-mocks/descent-whoosh-long-cinematic-sound-effect-405921.mp3 /story-mocks/descent-whoosh-long-cinematic-sound-effect-405921.mp3
[90mstdout[2m | src/components/Editor3/components/EditorComponents.stories.jsx[2m > [22m[2mAudio Multiple Tracks
[22m[39mMock Cache.setItem called with: getCachedUrl_/story-mocks/sound-design-elements-sfx-ps-022-302865.mp3 /story-mocks/sound-design-elements-sfx-ps-022-302865.mp3
[90mstdout[2m | src/components/Editor3/components/EditorComponents.stories.jsx[2m > [22m[2mAudio Multiple Tracks
[22m[39m[SectionContext] Section observeQuery update: 0
[90mstdout[2m | src/components/Editor3/components/EditorComponents.stories.jsx[2m > [22m[2mAudio Multiple Tracks
[22m[39m[FilesContext] File observeQuery update: 3 files
[90mstdout[2m | src/components/Editor3/components/EditorComponents.stories.jsx[2m > [22m[2mAudio Multiple Tracks
[22m[39m[ChatContext] AssistantChat initialized with 0 chats
[90mstdout[2m | src/components/Editor3/components/EditorComponents.stories.jsx[2m > [22m[2mAudio Multiple Tracks
[22m[39m[MOCK CourseVectorStore] Initialized with mock data
[90mstdout[2m | src/components/Editor3/components/EditorComponents.stories.jsx[2m > [22m[2mAudio Multiple Tracks
[22m[39m[FilesContext] Vector store population triggered {
  "currentVectorStoreSize": 3,
  "documentsCount": 0,
  "filesCount": 3,
  "isInitialLoad": true,
}
[90mstdout[2m | src/components/Editor3/components/EditorComponents.stories.jsx[2m > [22m[2mAudio Multiple Tracks
[22m[39m[FilesContext] Vector store population complete - 3 total embeddings
[90mstdout[2m | src/components/Editor3/components/EditorComponents.stories.jsx[2m > [22m[2mAudio Multiple Tracks
[22m[39m[ChatContext] No current chat available, will create one
[90mstdout[2m | src/components/Editor3/components/EditorComponents.stories.jsx[2m > [22m[2mAudio Multiple Tracks
[22m[39m[ChatContext] Creating AssistantChat with user: undefined
[90mstdout[2m | src/components/Editor3/components/EditorComponents.stories.jsx[2m > [22m[2mAudio Multiple Tracks
[22m[39m[Mock Data] AssistantChat created: mock-assistantchat-1790417492444 - notified 1 subscribers
[90mstdout[2m | src/components/Editor3/components/EditorComponents.stories.jsx[2m > [22m[2mAudio Multiple Tracks
[22m[39m[ChatContext] Create result: {
  "data": {
    "_version": 1,
    "archived": false,
    "chatFiles": [Function anonymous],
    "createdAt": "2026-09-26T10:11:32.444Z",
    "id": "mock-assistantchat-1790417492444",
    "model": "gpt-4",
    "updatedAt": "2026-09-26T10:11:32.444Z",
  },
  "errors": [],
  "hasData": true,
  "hasErrors": true,
}
[90mstdout[2m | src/components/Editor3/components/EditorComponents.stories.jsx[2m > [22m[2mAudio Multiple Tracks
[22m[39m[ChatContext] Created AssistantChat: mock-assistantchat-1790417492444 at: 2026-09-26T10:11:32.444Z
[90mstdout[2m | src/components/Editor3/components/EditorComponents.stories.jsx[2m > [22m[2mAudio Multiple Tracks
[22m[39m[Mock Storage] downloadData called with: undefined
[90mstdout[2m | src/components/Editor3/components/EditorComponents.stories.jsx[2m > [22m[2mAudio Multiple Tracks
[22m[39m[ChatContext] Setting initial chat: mock-assistantchat-1790417492444
[90mstdout[2m | src/components/Editor3/components/EditorComponents.stories.jsx[2m > [22m[2mAudio Multiple Tracks
[22m[39m[ChatContext] Chat exists and not archived, skipping creation
 [32m✓[39m [30m[45m storybook (chromium) [49m[39m src/components/Editor3/components/EditorComponents.stories.jsx [2m([22m[2m18 tests[22m[2m)[22m[33m 12674[2mms[22m[39m
   [33m[2m✓[22m[39m Visualization Rings [33m 589[2mms[22m[39m
   [33m[2m✓[22m[39m Visualization Spikes [33m 410[2mms[22m[39m
   [33m[2m✓[22m[39m Visualization Center Top [33m 609[2mms[22m[39m
   [33m[2m✓[22m[39m Audio Level Indicators [33m 474[2mms[22m[39m
   [33m[2m✓[22m[39m Quiz Default [33m 933[2mms[22m[39m
   [33m[2m✓[22m[39m Quiz Multiple Choice [33m 520[2mms[22m[39m
   [33m[2m✓[22m[39m Answer Input [33m 517[2mms[22m[39m
   [33m[2m✓[22m[39m Answer With Value [33m 392[2mms[22m[39m
   [33m[2m✓[22m[39m Audio Player [33m 1120[2mms[22m[39m
   [33m[2m✓[22m[39m Audio Player Long Whoosh [33m 759[2mms[22m[39m
   [33m[2m✓[22m[39m Audio Compact Recorder [33m 635[2mms[22m[39m
   [33m[2m✓[22m[39m Audio Player SFX [33m 697[2mms[22m[39m
   [33m[2m✓[22m[39m Video Player Component [33m 2199[2mms[22m[39m
   [33m[2m✓[22m[39m Video With Audio Recording [33m 1471[2mms[22m[39m
   [33m[2m✓[22m[39m Audio Multiple Tracks [33m 659[2mms[22m[39m
[90mstdout[2m | unknown test
[22m[39m[MOCK vectorStoreDB.js] Module loaded - mock IndexedDB operations
[90mstdout[2m | unknown test
[22m[39m[Task Completion] DOM action listeners initialized
[90mstdout[2m | unknown test
[22m[39m[Task Completion] Auto-completion detector initialized
[90mstdout[2m | unknown test
[22m[39m[Preview] Task completion detector initialized
[90mstdout[2m | src/components/RecordingStudio3Modal.stories.jsx[2m > [22m[2mWord Preset
[22m[39m[MOCK CourseVectorStore] Initialized with mock data
[90mstdout[2m | src/components/RecordingStudio3Modal.stories.jsx[2m > [22m[2mWord Preset
[22m[39m[TranslationModeController] Setting mode to: off
[90mstdout[2m | src/components/RecordingStudio3Modal.stories.jsx[2m > [22m[2mWord Preset
[22m[39m[UnitContext] useEffect triggered {
  "authLoading": false,
  "hasUser": true,
  "id": "mock-unit-id",
  "userSub": "mock-user-sub",
}
[90mstdout[2m | src/components/RecordingStudio3Modal.stories.jsx[2m > [22m[2mWord Preset
[22m[39m[UnitContext] Fetching unit data for id: mock-unit-id
[90mstdout[2m | src/components/RecordingStudio3Modal.stories.jsx[2m > [22m[2mWord Preset
[22m[39m[FilesContext] Initializing vector store from IndexedDB
[90mstdout[2m | src/components/RecordingStudio3Modal.stories.jsx[2m > [22m[2mWord Preset
[22m[39m[FilesContext] fetchFiles called
[90mstdout[2m | src/components/RecordingStudio3Modal.stories.jsx[2m > [22m[2mWord Preset
[22m[39m[FilesContext] User authenticated: mock-user-sub
[90mstdout[2m | src/components/RecordingStudio3Modal.stories.jsx[2m > [22m[2mWord Preset
[22m[39m[FilesContext] Identity ID: us-east-1:mock-identity-123
[90mstdout[2m | src/components/RecordingStudio3Modal.stories.jsx[2m > [22m[2mWord Preset
[22m[39m[FilesContext] About to set up File observeQuery
[90mstdout[2m | src/components/RecordingStudio3Modal.stories.jsx[2m > [22m[2mWord Preset
[22m[39m[ChatContext] Setting up AssistantChat observeQuery
[90mstdout[2m | src/components/RecordingStudio3Modal.stories.jsx[2m > [22m[2mWord Preset
[22m[39m[ChatContext] Waiting for subscription to initialize
[90mstdout[2m | src/components/RecordingStudio3Modal.stories.jsx[2m > [22m[2mWord Preset
[22m[39m[SettingsContext] Setting up Settings subscription for user: mock-user-sub
[90mstdout[2m | src/components/RecordingStudio3Modal.stories.jsx[2m > [22m[2mWord Preset
[22m[39m[Mock Data] Settings created: mock-settings-1790417501692 - notified 0 subscribers
[90mstdout[2m | src/components/RecordingStudio3Modal.stories.jsx[2m > [22m[2mWord Preset
[22m[39m[Mock Data] Unit.onUpdate() subscription added. Total: 1
[90mstdout[2m | src/components/RecordingStudio3Modal.stories.jsx[2m > [22m[2mWord Preset
[22m[39m[SectionContext] Section observeQuery update: 0
[90mstdout[2m | src/components/RecordingStudio3Modal.stories.jsx[2m > [22m[2mWord Preset
[22m[39m[FilesContext] File observeQuery update: 6 files
[90mstdout[2m | src/components/RecordingStudio3Modal.stories.jsx[2m > [22m[2mWord Preset
[22m[39m[ChatContext] AssistantChat initialized with 1 chats
[90mstdout[2m | src/components/RecordingStudio3Modal.stories.jsx[2m > [22m[2mWord Preset
[22m[39m[ChatContext] Setting initial chat: mock-assistant-chat-1
[90mstdout[2m | src/components/RecordingStudio3Modal.stories.jsx[2m > [22m[2mWord Preset
[22m[39mfilterWords {
  "filter": "",
  "wordsCount": 0,
}
[90mstdout[2m | src/components/RecordingStudio3Modal.stories.jsx[2m > [22m[2mWord Preset
[22m[39m[MOCK CourseVectorStore] Initialized with mock data
[90mstdout[2m | src/components/RecordingStudio3Modal.stories.jsx[2m > [22m[2mWord Preset
[22m[39m[FilesContext] Vector store population triggered {
  "currentVectorStoreSize": 3,
  "documentsCount": 0,
  "filesCount": 6,
  "isInitialLoad": true,
}
[90mstdout[2m | src/components/RecordingStudio3Modal.stories.jsx[2m > [22m[2mWord Preset
[22m[39m[FilesContext] Vector store population complete - 3 total embeddings
[90mstdout[2m | src/components/RecordingStudio3Modal.stories.jsx[2m > [22m[2mWord Preset
[22m[39m[ChatContext] Chat exists and not archived, skipping creation
[90mstdout[2m | src/components/RecordingStudio3Modal.stories.jsx[2m > [22m[2mWord Preset
[22m[39m[Mock Storage] downloadData called with: undefined
[90mstdout[2m | src/components/RecordingStudio3Modal.stories.jsx[2m > [22m[2mWord Preset
[22m[39mfilterWords {
  "filter": "",
  "wordsCount": 0,
}
[90mstdout[2m | src/components/RecordingStudio3Modal.stories.jsx[2m > [22m[2mConversation Preset
[22m[39m[ChatContext] Cleaning up subscriptions
[90mstdout[2m | src/components/RecordingStudio3Modal.stories.jsx[2m > [22m[2mConversation Preset
[22m[39m[Mock Data] Unit.onUpdate() subscription removed. Remaining: 0
[90mstdout[2m | src/components/RecordingStudio3Modal.stories.jsx[2m > [22m[2mConversation Preset
[22m[39m[MOCK CourseVectorStore] Initialized with mock data
[90mstdout[2m | src/components/RecordingStudio3Modal.stories.jsx[2m > [22m[2mConversation Preset
[22m[39m[TranslationModeController] Setting mode to: off
[90mstdout[2m | src/components/RecordingStudio3Modal.stories.jsx[2m > [22m[2mConversation Preset
[22m[39m[UnitContext] useEffect triggered {
  "authLoading": false,
  "hasUser": true,
  "id": "mock-unit-id",
  "userSub": "mock-user-sub",
}
[90mstdout[2m | src/components/RecordingStudio3Modal.stories.jsx[2m > [22m[2mConversation Preset
[22m[39m[UnitContext] Fetching unit data for id: mock-unit-id
[90mstdout[2m | src/components/RecordingStudio3Modal.stories.jsx[2m > [22m[2mConversation Preset
[22m[39m[FilesContext] Initializing vector store from IndexedDB
[90mstdout[2m | src/components/RecordingStudio3Modal.stories.jsx[2m > [22m[2mConversation Preset
[22m[39m[FilesContext] fetchFiles called
[90mstdout[2m | src/components/RecordingStudio3Modal.stories.jsx[2m > [22m[2mConversation Preset
[22m[39m[FilesContext] User authenticated: mock-user-sub
[90mstdout[2m | src/components/RecordingStudio3Modal.stories.jsx[2m > [22m[2mConversation Preset
[22m[39m[FilesContext] Identity ID: us-east-1:mock-identity-123
[90mstdout[2m | src/components/RecordingStudio3Modal.stories.jsx[2m > [22m[2mConversation Preset
[22m[39m[FilesContext] About to set up File observeQuery
[90mstdout[2m | src/components/RecordingStudio3Modal.stories.jsx[2m > [22m[2mConversation Preset
[22m[39m[ChatContext] Setting up AssistantChat observeQuery
[90mstdout[2m | src/components/RecordingStudio3Modal.stories.jsx[2m > [22m[2mConversation Preset
[22m[39m[ChatContext] Waiting for subscription to initialize
[90mstdout[2m | src/components/RecordingStudio3Modal.stories.jsx[2m > [22m[2mConversation Preset
[22m[39m[SettingsContext] Setting up Settings subscription for user: mock-user-sub
[90mstdout[2m | src/components/RecordingStudio3Modal.stories.jsx[2m > [22m[2mConversation Preset
[22m[39m[Mock Data] Settings created: mock-settings-1790417502983 - notified 0 subscribers
[90mstdout[2m | src/components/RecordingStudio3Modal.stories.jsx[2m > [22m[2mConversation Preset
[22m[39m[Mock Data] Unit.onUpdate() subscription added. Total: 1
[90mstdout[2m | src/components/RecordingStudio3Modal.stories.jsx[2m > [22m[2mConversation Preset
[22m[39m[SectionContext] Section observeQuery update: 0
[90mstdout[2m | src/components/RecordingStudio3Modal.stories.jsx[2m > [22m[2mConversation Preset
[22m[39m[FilesContext] File observeQuery update: 6 files
[90mstdout[2m | src/components/RecordingStudio3Modal.stories.jsx[2m > [22m[2mConversation Preset
[22m[39m[ChatContext] AssistantChat initialized with 1 chats
[90mstdout[2m | src/components/RecordingStudio3Modal.stories.jsx[2m > [22m[2mConversation Preset
[22m[39m[ChatContext] Setting initial chat: mock-assistant-chat-1
[90mstdout[2m | src/components/RecordingStudio3Modal.stories.jsx[2m > [22m[2mConversation Preset
[22m[39m[MOCK CourseVectorStore] Initialized with mock data
[90mstdout[2m | src/components/RecordingStudio3Modal.stories.jsx[2m > [22m[2mConversation Preset
[22m[39m[FilesContext] Vector store population triggered {
  "currentVectorStoreSize": 3,
  "documentsCount": 0,
  "filesCount": 6,
  "isInitialLoad": true,
}
[90mstdout[2m | src/components/RecordingStudio3Modal.stories.jsx[2m > [22m[2mConversation Preset
[22m[39m[FilesContext] Vector store population complete - 3 total embeddings
[90mstdout[2m | src/components/RecordingStudio3Modal.stories.jsx[2m > [22m[2mConversation Preset
[22m[39m[ChatContext] Chat exists and not archived, skipping creation
[90mstdout[2m | src/components/RecordingStudio3Modal.stories.jsx[2m > [22m[2mConversation Preset
[22m[39m[Mock Storage] downloadData called with: undefined
[90mstdout[2m | src/components/RecordingStudio3Modal.stories.jsx[2m > [22m[2mQuestion Preset
[22m[39m[ChatContext] Cleaning up subscriptions
[90mstdout[2m | src/components/RecordingStudio3Modal.stories.jsx[2m > [22m[2mQuestion Preset
[22m[39m[Mock Data] Unit.onUpdate() subscription removed. Remaining: 0
[90mstdout[2m | src/components/RecordingStudio3Modal.stories.jsx[2m > [22m[2mQuestion Preset
[22m[39m[MOCK CourseVectorStore] Initialized with mock data
[90mstdout[2m | src/components/RecordingStudio3Modal.stories.jsx[2m > [22m[2mQuestion Preset
[22m[39m[TranslationModeController] Setting mode to: off
[90mstdout[2m | src/components/RecordingStudio3Modal.stories.jsx[2m > [22m[2mQuestion Preset
[22m[39m[UnitContext] useEffect triggered {
  "authLoading": false,
  "hasUser": true,
  "id": "mock-unit-id",
  "userSub": "mock-user-sub",
}
[90mstdout[2m | src/components/RecordingStudio3Modal.stories.jsx[2m > [22m[2mQuestion Preset
[22m[39m[UnitContext] Fetching unit data for id: mock-unit-id
[90mstdout[2m | src/components/RecordingStudio3Modal.stories.jsx[2m > [22m[2mQuestion Preset
[22m[39m[FilesContext] Initializing vector store from IndexedDB
[90mstdout[2m | src/components/RecordingStudio3Modal.stories.jsx[2m > [22m[2mQuestion Preset
[22m[39m[FilesContext] fetchFiles called
[90mstdout[2m | src/components/RecordingStudio3Modal.stories.jsx[2m > [22m[2mQuestion Preset
[22m[39m[FilesContext] User authenticated: mock-user-sub
[90mstdout[2m | src/components/RecordingStudio3Modal.stories.jsx[2m > [22m[2mQuestion Preset
[22m[39m[FilesContext] Identity ID: us-east-1:mock-identity-123
[90mstdout[2m | src/components/RecordingStudio3Modal.stories.jsx[2m > [22m[2mQuestion Preset
[22m[39m[FilesContext] About to set up File observeQuery
[90mstdout[2m | src/components/RecordingStudio3Modal.stories.jsx[2m > [22m[2mQuestion Preset
[22m[39m[ChatContext] Setting up AssistantChat observeQuery
[90mstdout[2m | src/components/RecordingStudio3Modal.stories.jsx[2m > [22m[2mQuestion Preset
[22m[39m[ChatContext] Waiting for subscription to initialize
[90mstdout[2m | src/components/RecordingStudio3Modal.stories.jsx[2m > [22m[2mQuestion Preset
[22m[39m[SettingsContext] Setting up Settings subscription for user: mock-user-sub
[90mstdout[2m | src/components/RecordingStudio3Modal.stories.jsx[2m > [22m[2mQuestion Preset
[22m[39m[Mock Data] Settings created: mock-settings-1790417503548 - notified 0 subscribers
[90mstdout[2m | src/components/RecordingStudio3Modal.stories.jsx[2m > [22m[2mQuestion Preset
[22m[39m[Mock Data] Unit.onUpdate() subscription added. Total: 1
[90mstdout[2m | src/components/RecordingStudio3Modal.stories.jsx[2m > [22m[2mQuestion Preset
[22m[39m[SectionContext] Section observeQuery update: 0
[90mstdout[2m | src/components/RecordingStudio3Modal.stories.jsx[2m > [22m[2mQuestion Preset
[22m[39m[FilesContext] File observeQuery update: 6 files
[90mstdout[2m | src/components/RecordingStudio3Modal.stories.jsx[2m > [22m[2mQuestion Preset
[22m[39m[ChatContext] AssistantChat initialized with 1 chats
[90mstdout[2m | src/components/RecordingStudio3Modal.stories.jsx[2m > [22m[2mQuestion Preset
[22m[39m[ChatContext] Setting initial chat: mock-assistant-chat-1
[90mstdout[2m | src/components/RecordingStudio3Modal.stories.jsx[2m > [22m[2mQuestion Preset
[22m[39m[MOCK CourseVectorStore] Initialized with mock data
[90mstdout[2m | src/components/RecordingStudio3Modal.stories.jsx[2m > [22m[2mQuestion Preset
[22m[39m[FilesContext] Vector store population triggered {
  "currentVectorStoreSize": 3,
  "documentsCount": 0,
  "filesCount": 6,
  "isInitialLoad": true,
}
[90mstdout[2m | src/components/RecordingStudio3Modal.stories.jsx[2m > [22m[2mQuestion Preset
[22m[39m[FilesContext] Vector store population complete - 3 total embeddings
[90mstdout[2m | src/components/RecordingStudio3Modal.stories.jsx[2m > [22m[2mQuestion Preset
[22m[39m[ChatContext] Chat exists and not archived, skipping creation
[90mstdout[2m | src/components/RecordingStudio3Modal.stories.jsx[2m > [22m[2mQuestion Preset
[22m[39m[Mock Storage] downloadData called with: undefined
[90mstdout[2m | src/components/RecordingStudio3Modal.stories.jsx[2m > [22m[2mConfirmation Preview
[22m[39m[ChatContext] Cleaning up subscriptions
[90mstdout[2m | src/components/RecordingStudio3Modal.stories.jsx[2m > [22m[2mConfirmation Preview
[22m[39m[Mock Data] Unit.onUpdate() subscription removed. Remaining: 0
[90mstdout[2m | src/components/RecordingStudio3Modal.stories.jsx[2m > [22m[2mConfirmation Preview
[22m[39m[MOCK CourseVectorStore] Initialized with mock data
[90mstdout[2m | src/components/RecordingStudio3Modal.stories.jsx[2m > [22m[2mConfirmation Preview
[22m[39m[TranslationModeController] Setting mode to: off
[90mstdout[2m | src/components/RecordingStudio3Modal.stories.jsx[2m > [22m[2mConfirmation Preview
[22m[39m[UnitContext] useEffect triggered {
  "authLoading": false,
  "hasUser": true,
  "id": "mock-unit-id",
  "userSub": "mock-user-sub",
}
[90mstdout[2m | src/components/RecordingStudio3Modal.stories.jsx[2m > [22m[2mConfirmation Preview
[22m[39m[UnitContext] Fetching unit data for id: mock-unit-id
[90mstdout[2m | src/components/RecordingStudio3Modal.stories.jsx[2m > [22m[2mConfirmation Preview
[22m[39m[FilesContext] Initializing vector store from IndexedDB
[90mstdout[2m | src/components/RecordingStudio3Modal.stories.jsx[2m > [22m[2mConfirmation Preview
[22m[39m[FilesContext] fetchFiles called
[90mstdout[2m | src/components/RecordingStudio3Modal.stories.jsx[2m > [22m[2mConfirmation Preview
[22m[39m[FilesContext] User authenticated: mock-user-sub
[90mstdout[2m | src/components/RecordingStudio3Modal.stories.jsx[2m > [22m[2mConfirmation Preview
[22m[39m[FilesContext] Identity ID: us-east-1:mock-identity-123
[90mstdout[2m | src/components/RecordingStudio3Modal.stories.jsx[2m > [22m[2mConfirmation Preview
[22m[39m[FilesContext] About to set up File observeQuery
[90mstdout[2m | src/components/RecordingStudio3Modal.stories.jsx[2m > [22m[2mConfirmation Preview
[22m[39m[ChatContext] Setting up AssistantChat observeQuery
[90mstdout[2m | src/components/RecordingStudio3Modal.stories.jsx[2m > [22m[2mConfirmation Preview
[22m[39m[ChatContext] Waiting for subscription to initialize
[90mstdout[2m | src/components/RecordingStudio3Modal.stories.jsx[2m > [22m[2mConfirmation Preview
[22m[39m[SettingsContext] Setting up Settings subscription for user: mock-user-sub
[90mstdout[2m | src/components/RecordingStudio3Modal.stories.jsx[2m > [22m[2mConfirmation Preview
[22m[39m[Mock Data] Settings created: mock-settings-1790417504121 - notified 0 subscribers
[90mstdout[2m | src/components/RecordingStudio3Modal.stories.jsx[2m > [22m[2mConfirmation Preview
[22m[39m[Mock Data] Unit.onUpdate() subscription added. Total: 1
[90mstdout[2m | src/components/RecordingStudio3Modal.stories.jsx[2m > [22m[2mConfirmation Preview
[22m[39m[SectionContext] Section observeQuery update: 0
[90mstdout[2m | src/components/RecordingStudio3Modal.stories.jsx[2m > [22m[2mConfirmation Preview
[22m[39m[FilesContext] File observeQuery update: 6 files
[90mstdout[2m | src/components/RecordingStudio3Modal.stories.jsx[2m > [22m[2mConfirmation Preview
[22m[39m[ChatContext] AssistantChat initialized with 1 chats
[90mstdout[2m | src/components/RecordingStudio3Modal.stories.jsx[2m > [22m[2mConfirmation Preview
[22m[39m[ChatContext] Setting initial chat: mock-assistant-chat-1
[90mstdout[2m | src/components/RecordingStudio3Modal.stories.jsx[2m > [22m[2mConfirmation Preview
[22m[39m[MOCK CourseVectorStore] Initialized with mock data
[90mstdout[2m | src/components/RecordingStudio3Modal.stories.jsx[2m > [22m[2mConfirmation Preview
[22m[39m[FilesContext] Vector store population triggered {
  "currentVectorStoreSize": 3,
  "documentsCount": 0,
  "filesCount": 6,
  "isInitialLoad": true,
}
[90mstdout[2m | src/components/RecordingStudio3Modal.stories.jsx[2m > [22m[2mConfirmation Preview
[22m[39m[FilesContext] Vector store population complete - 3 total embeddings
[90mstdout[2m | src/components/RecordingStudio3Modal.stories.jsx[2m > [22m[2mConfirmation Preview
[22m[39m[ChatContext] Chat exists and not archived, skipping creation
[90mstdout[2m | src/components/RecordingStudio3Modal.stories.jsx[2m > [22m[2mConfirmation Preview
[22m[39m[Mock Storage] downloadData called with: undefined
[90mstdout[2m | src/components/RecordingStudio3Modal.stories.jsx[2m > [22m[2mRead Only
[22m[39m[ChatContext] Cleaning up subscriptions
[90mstdout[2m | src/components/RecordingStudio3Modal.stories.jsx[2m > [22m[2mRead Only
[22m[39m[Mock Data] Unit.onUpdate() subscription removed. Remaining: 0
[90mstdout[2m | src/components/RecordingStudio3Modal.stories.jsx[2m > [22m[2mRead Only
[22m[39m[MOCK CourseVectorStore] Initialized with mock data
[90mstdout[2m | src/components/RecordingStudio3Modal.stories.jsx[2m > [22m[2mRead Only
[22m[39m[TranslationModeController] Setting mode to: off
[90mstdout[2m | src/components/RecordingStudio3Modal.stories.jsx[2m > [22m[2mRead Only
[22m[39m[UnitContext] useEffect triggered {
  "authLoading": false,
  "hasUser": true,
  "id": "mock-unit-id",
  "userSub": "mock-user-sub",
}
[90mstdout[2m | src/components/RecordingStudio3Modal.stories.jsx[2m > [22m[2mRead Only
[22m[39m[UnitContext] Fetching unit data for id: mock-unit-id
[90mstdout[2m | src/components/RecordingStudio3Modal.stories.jsx[2m > [22m[2mRead Only
[22m[39m[FilesContext] Initializing vector store from IndexedDB
[90mstdout[2m | src/components/RecordingStudio3Modal.stories.jsx[2m > [22m[2mRead Only
[22m[39m[FilesContext] fetchFiles called
[90mstdout[2m | src/components/RecordingStudio3Modal.stories.jsx[2m > [22m[2mRead Only
[22m[39m[FilesContext] User authenticated: mock-user-sub
[90mstdout[2m | src/components/RecordingStudio3Modal.stories.jsx[2m > [22m[2mRead Only
[22m[39m[FilesContext] Identity ID: us-east-1:mock-identity-123
[90mstdout[2m | src/components/RecordingStudio3Modal.stories.jsx[2m > [22m[2mRead Only
[22m[39m[FilesContext] About to set up File observeQuery
[90mstdout[2m | src/components/RecordingStudio3Modal.stories.jsx[2m > [22m[2mRead Only
[22m[39m[ChatContext] Setting up AssistantChat observeQuery
[90mstdout[2m | src/components/RecordingStudio3Modal.stories.jsx[2m > [22m[2mRead Only
[22m[39m[ChatContext] Waiting for subscription to initialize
[90mstdout[2m | src/components/RecordingStudio3Modal.stories.jsx[2m > [22m[2mRead Only
[22m[39m[SettingsContext] Setting up Settings subscription for user: mock-user-sub
[90mstdout[2m | src/components/RecordingStudio3Modal.stories.jsx[2m > [22m[2mRead Only
[22m[39m[Mock Data] Settings created: mock-settings-1790417504732 - notified 0 subscribers
[90mstdout[2m | src/components/RecordingStudio3Modal.stories.jsx[2m > [22m[2mRead Only
[22m[39m[Mock Data] Unit.onUpdate() subscription added. Total: 1
[90mstdout[2m | src/components/RecordingStudio3Modal.stories.jsx[2m > [22m[2mRead Only
[22m[39m[SectionContext] Section observeQuery update: 0
[90mstdout[2m | src/components/RecordingStudio3Modal.stories.jsx[2m > [22m[2mRead Only
[22m[39m[FilesContext] File observeQuery update: 6 files
[90mstdout[2m | src/components/RecordingStudio3Modal.stories.jsx[2m > [22m[2mRead Only
[22m[39m[ChatContext] AssistantChat initialized with 1 chats
[90mstdout[2m | src/components/RecordingStudio3Modal.stories.jsx[2m > [22m[2mRead Only
[22m[39m[ChatContext] Setting initial chat: mock-assistant-chat-1
[90mstdout[2m | src/components/RecordingStudio3Modal.stories.jsx[2m > [22m[2mRead Only
[22m[39m[MOCK CourseVectorStore] Initialized with mock data
[90mstdout[2m | src/components/RecordingStudio3Modal.stories.jsx[2m > [22m[2mRead Only
[22m[39m[FilesContext] Vector store population triggered {
  "currentVectorStoreSize": 3,
  "documentsCount": 0,
  "filesCount": 6,
  "isInitialLoad": true,
}
[90mstdout[2m | src/components/RecordingStudio3Modal.stories.jsx[2m > [22m[2mRead Only
[22m[39m[FilesContext] Vector store population complete - 3 total embeddings
[90mstdout[2m | src/components/RecordingStudio3Modal.stories.jsx[2m > [22m[2mRead Only
[22m[39m[ChatContext] Chat exists and not archived, skipping creation
[90mstdout[2m | src/components/RecordingStudio3Modal.stories.jsx[2m > [22m[2mRead Only
[22m[39m[Mock Storage] downloadData called with: undefined
[90mstdout[2m | src/components/RecordingStudio3Modal.stories.jsx[2m > [22m[2mConversation With Recorded Takes
[22m[39m[ChatContext] Cleaning up subscriptions
[90mstdout[2m | src/components/RecordingStudio3Modal.stories.jsx[2m > [22m[2mConversation With Recorded Takes
[22m[39m[Mock Data] Unit.onUpdate() subscription removed. Remaining: 0
[90mstdout[2m | src/components/RecordingStudio3Modal.stories.jsx[2m > [22m[2mConversation With Recorded Takes
[22m[39m[MOCK CourseVectorStore] Initialized with mock data
[90mstdout[2m | src/components/RecordingStudio3Modal.stories.jsx[2m > [22m[2mConversation With Recorded Takes
[22m[39m[TranslationModeController] Setting mode to: off
[90mstdout[2m | src/components/RecordingStudio3Modal.stories.jsx[2m > [22m[2mConversation With Recorded Takes
[22m[39m[UnitContext] useEffect triggered {
  "authLoading": false,
  "hasUser": true,
  "id": "mock-unit-id",
  "userSub": "mock-user-sub",
}
[90mstdout[2m | src/components/RecordingStudio3Modal.stories.jsx[2m > [22m[2mConversation With Recorded Takes
[22m[39m[UnitContext] Fetching unit data for id: mock-unit-id
[90mstdout[2m | src/components/RecordingStudio3Modal.stories.jsx[2m > [22m[2mConversation With Recorded Takes
[22m[39m[FilesContext] Initializing vector store from IndexedDB
[90mstdout[2m | src/components/RecordingStudio3Modal.stories.jsx[2m > [22m[2mConversation With Recorded Takes
[22m[39m[FilesContext] fetchFiles called
[90mstdout[2m | src/components/RecordingStudio3Modal.stories.jsx[2m > [22m[2mConversation With Recorded Takes
[22m[39m[FilesContext] User authenticated: mock-user-sub
[90mstdout[2m | src/components/RecordingStudio3Modal.stories.jsx[2m > [22m[2mConversation With Recorded Takes
[22m[39m[FilesContext] Identity ID: us-east-1:mock-identity-123
[90mstdout[2m | src/components/RecordingStudio3Modal.stories.jsx[2m > [22m[2mConversation With Recorded Takes
[22m[39m[FilesContext] About to set up File observeQuery
[90mstdout[2m | src/components/RecordingStudio3Modal.stories.jsx[2m > [22m[2mConversation With Recorded Takes
[22m[39m[ChatContext] Setting up AssistantChat observeQuery
[90mstdout[2m | src/components/RecordingStudio3Modal.stories.jsx[2m > [22m[2mConversation With Recorded Takes
[22m[39m[ChatContext] Waiting for subscription to initialize
[90mstdout[2m | src/components/RecordingStudio3Modal.stories.jsx[2m > [22m[2mConversation With Recorded Takes
[22m[39m[SettingsContext] Setting up Settings subscription for user: mock-user-sub
[90mstdout[2m | src/components/RecordingStudio3Modal.stories.jsx[2m > [22m[2mConversation With Recorded Takes
[22m[39m[Mock Data] Settings created: mock-settings-1790417505938 - notified 0 subscribers
[90mstdout[2m | src/components/RecordingStudio3Modal.stories.jsx[2m > [22m[2mConversation With Recorded Takes
[22m[39m[Mock Data] Unit.onUpdate() subscription added. Total: 1
[90mstdout[2m | src/components/RecordingStudio3Modal.stories.jsx[2m > [22m[2mConversation With Recorded Takes
[22m[39m[SectionContext] Section observeQuery update: 0
[90mstdout[2m | src/components/RecordingStudio3Modal.stories.jsx[2m > [22m[2mConversation With Recorded Takes
[22m[39m[FilesContext] File observeQuery update: 6 files
[90mstdout[2m | src/components/RecordingStudio3Modal.stories.jsx[2m > [22m[2mConversation With Recorded Takes
[22m[39m[ChatContext] AssistantChat initialized with 1 chats
[90mstdout[2m | src/components/RecordingStudio3Modal.stories.jsx[2m > [22m[2mConversation With Recorded Takes
[22m[39m[ChatContext] Setting initial chat: mock-assistant-chat-1
[90mstdout[2m | src/components/RecordingStudio3Modal.stories.jsx[2m > [22m[2mConversation With Recorded Takes
[22m[39m[MOCK CourseVectorStore] Initialized with mock data
[90mstdout[2m | src/components/RecordingStudio3Modal.stories.jsx[2m > [22m[2mConversation With Recorded Takes
[22m[39m[FilesContext] Vector store population triggered {
  "currentVectorStoreSize": 3,
  "documentsCount": 0,
  "filesCount": 6,
  "isInitialLoad": true,
}
[90mstdout[2m | src/components/RecordingStudio3Modal.stories.jsx[2m > [22m[2mConversation With Recorded Takes
[22m[39m[FilesContext] Vector store population complete - 3 total embeddings
[90mstdout[2m | src/components/RecordingStudio3Modal.stories.jsx[2m > [22m[2mConversation With Recorded Takes
[22m[39m[ChatContext] Chat exists and not archived, skipping creation
[90mstdout[2m | src/components/RecordingStudio3Modal.stories.jsx[2m > [22m[2mConversation With Recorded Takes
[22m[39m[Mock Storage] downloadData called with: undefined
[90mstdout[2m | src/components/RecordingStudio3Modal.stories.jsx[2m > [22m[2mClosed
[22m[39m[ChatContext] Cleaning up subscriptions
[90mstdout[2m | src/components/RecordingStudio3Modal.stories.jsx[2m > [22m[2mClosed
[22m[39m[Mock Data] Unit.onUpdate() subscription removed. Remaining: 0
[90mstdout[2m | src/components/RecordingStudio3Modal.stories.jsx[2m > [22m[2mClosed
[22m[39m[MOCK CourseVectorStore] Initialized with mock data
[90mstdout[2m | src/components/RecordingStudio3Modal.stories.jsx[2m > [22m[2mClosed
[22m[39m[TranslationModeController] Setting mode to: off
[90mstdout[2m | src/components/RecordingStudio3Modal.stories.jsx[2m > [22m[2mClosed
[22m[39m[UnitContext] useEffect triggered {
  "authLoading": false,
  "hasUser": true,
  "id": "mock-unit-id",
  "userSub": "mock-user-sub",
}
[90mstdout[2m | src/components/RecordingStudio3Modal.stories.jsx[2m > [22m[2mClosed
[22m[39m[UnitContext] Fetching unit data for id: mock-unit-id
[90mstdout[2m | src/components/RecordingStudio3Modal.stories.jsx[2m > [22m[2mClosed
[22m[39m[FilesContext] Initializing vector store from IndexedDB
[90mstdout[2m | src/components/RecordingStudio3Modal.stories.jsx[2m > [22m[2mClosed
[22m[39m[FilesContext] fetchFiles called
[90mstdout[2m | src/components/RecordingStudio3Modal.stories.jsx[2m > [22m[2mClosed
[22m[39m[FilesContext] User authenticated: mock-user-sub
[90mstdout[2m | src/components/RecordingStudio3Modal.stories.jsx[2m > [22m[2mClosed
[22m[39m[FilesContext] Identity ID: us-east-1:mock-identity-123
[90mstdout[2m | src/components/RecordingStudio3Modal.stories.jsx[2m > [22m[2mClosed
[22m[39m[FilesContext] About to set up File observeQuery
[90mstdout[2m | src/components/RecordingStudio3Modal.stories.jsx[2m > [22m[2mClosed
[22m[39m[ChatContext] Setting up AssistantChat observeQuery
[90mstdout[2m | src/components/RecordingStudio3Modal.stories.jsx[2m > [22m[2mClosed
[22m[39m[ChatContext] Waiting for subscription to initialize
[90mstdout[2m | src/components/RecordingStudio3Modal.stories.jsx[2m > [22m[2mClosed
[22m[39m[SettingsContext] Setting up Settings subscription for user: mock-user-sub
[90mstdout[2m | src/components/RecordingStudio3Modal.stories.jsx[2m > [22m[2mClosed
[22m[39m[Mock Data] Settings created: mock-settings-1790417506513 - notified 0 subscribers
[90mstdout[2m | src/components/RecordingStudio3Modal.stories.jsx[2m > [22m[2mClosed
[22m[39m[Mock Data] Unit.onUpdate() subscription added. Total: 1
[90mstdout[2m | src/components/RecordingStudio3Modal.stories.jsx[2m > [22m[2mClosed
[22m[39m[SectionContext] Section observeQuery update: 0
[90mstdout[2m | src/components/RecordingStudio3Modal.stories.jsx[2m > [22m[2mClosed
[22m[39m[FilesContext] File observeQuery update: 6 files
[90mstdout[2m | src/components/RecordingStudio3Modal.stories.jsx[2m > [22m[2mClosed
[22m[39m[ChatContext] AssistantChat initialized with 1 chats
[90mstdout[2m | src/components/RecordingStudio3Modal.stories.jsx[2m > [22m[2mClosed
[22m[39m[ChatContext] Setting initial chat: mock-assistant-chat-1
[90mstdout[2m | src/components/RecordingStudio3Modal.stories.jsx[2m > [22m[2mClosed
[22m[39m[MOCK CourseVectorStore] Initialized with mock data
[90mstdout[2m | src/components/RecordingStudio3Modal.stories.jsx[2m > [22m[2mClosed
[22m[39m[FilesContext] Vector store population triggered {
  "currentVectorStoreSize": 3,
  "documentsCount": 0,
  "filesCount": 6,
  "isInitialLoad": true,
}
[90mstdout[2m | src/components/RecordingStudio3Modal.stories.jsx[2m > [22m[2mClosed
[22m[39m[FilesContext] Vector store population complete - 3 total embeddings
[90mstdout[2m | src/components/RecordingStudio3Modal.stories.jsx[2m > [22m[2mClosed
[22m[39m[ChatContext] Chat exists and not archived, skipping creation
[90mstdout[2m | src/components/RecordingStudio3Modal.stories.jsx[2m > [22m[2mClosed
[22m[39m[Mock Storage] downloadData called with: undefined
[90mstdout[2m | src/components/RecordingStudio3Modal.stories.jsx[2m > [22m[2mInteractive
[22m[39m[ChatContext] Cleaning up subscriptions
[90mstdout[2m | src/components/RecordingStudio3Modal.stories.jsx[2m > [22m[2mInteractive
[22m[39m[Mock Data] Unit.onUpdate() subscription removed. Remaining: 0
[90mstdout[2m | src/components/RecordingStudio3Modal.stories.jsx[2m > [22m[2mInteractive
[22m[39m[MOCK CourseVectorStore] Initialized with mock data
[90mstdout[2m | src/components/RecordingStudio3Modal.stories.jsx[2m > [22m[2mInteractive
[22m[39m[TranslationModeController] Setting mode to: off
[90mstdout[2m | src/components/RecordingStudio3Modal.stories.jsx[2m > [22m[2mInteractive
[22m[39m[UnitContext] useEffect triggered {
  "authLoading": false,
  "hasUser": true,
  "id": "mock-unit-id",
  "userSub": "mock-user-sub",
}
[90mstdout[2m | src/components/RecordingStudio3Modal.stories.jsx[2m > [22m[2mInteractive
[22m[39m[UnitContext] Fetching unit data for id: mock-unit-id
[90mstdout[2m | src/components/RecordingStudio3Modal.stories.jsx[2m > [22m[2mInteractive
[22m[39m[FilesContext] Initializing vector store from IndexedDB
[90mstdout[2m | src/components/RecordingStudio3Modal.stories.jsx[2m > [22m[2mInteractive
[22m[39m[FilesContext] fetchFiles called
[90mstdout[2m | src/components/RecordingStudio3Modal.stories.jsx[2m > [22m[2mInteractive
[22m[39m[FilesContext] User authenticated: mock-user-sub
[90mstdout[2m | src/components/RecordingStudio3Modal.stories.jsx[2m > [22m[2mInteractive
[22m[39m[FilesContext] Identity ID: us-east-1:mock-identity-123
[90mstdout[2m | src/components/RecordingStudio3Modal.stories.jsx[2m > [22m[2mInteractive
[22m[39m[FilesContext] About to set up File observeQuery
[90mstdout[2m | src/components/RecordingStudio3Modal.stories.jsx[2m > [22m[2mInteractive
[22m[39m[ChatContext] Setting up AssistantChat observeQuery
[90mstdout[2m | src/components/RecordingStudio3Modal.stories.jsx[2m > [22m[2mInteractive
[22m[39m[ChatContext] Waiting for subscription to initialize
[90mstdout[2m | src/components/RecordingStudio3Modal.stories.jsx[2m > [22m[2mInteractive
[22m[39m[SettingsContext] Setting up Settings subscription for user: mock-user-sub
[90mstdout[2m | src/components/RecordingStudio3Modal.stories.jsx[2m > [22m[2mInteractive
[22m[39m[Mock Data] Settings created: mock-settings-1790417506838 - notified 0 subscribers
[90mstdout[2m | src/components/RecordingStudio3Modal.stories.jsx[2m > [22m[2mInteractive
[22m[39m[Mock Data] Unit.onUpdate() subscription added. Total: 1
[90mstdout[2m | src/components/RecordingStudio3Modal.stories.jsx[2m > [22m[2mInteractive
[22m[39m[SectionContext] Section observeQuery update: 0
[90mstdout[2m | src/components/RecordingStudio3Modal.stories.jsx[2m > [22m[2mInteractive
[22m[39m[FilesContext] File observeQuery update: 6 files
[90mstdout[2m | src/components/RecordingStudio3Modal.stories.jsx[2m > [22m[2mInteractive
[22m[39m[ChatContext] AssistantChat initialized with 1 chats
[90mstdout[2m | src/components/RecordingStudio3Modal.stories.jsx[2m > [22m[2mInteractive
[22m[39m[ChatContext] Setting initial chat: mock-assistant-chat-1
[90mstdout[2m | src/components/RecordingStudio3Modal.stories.jsx[2m > [22m[2mInteractive
[22m[39m[MOCK CourseVectorStore] Initialized with mock data
[90mstdout[2m | src/components/RecordingStudio3Modal.stories.jsx[2m > [22m[2mInteractive
[22m[39m[FilesContext] Vector store population triggered {
  "currentVectorStoreSize": 3,
  "documentsCount": 0,
  "filesCount": 6,
  "isInitialLoad": true,
}
[90mstdout[2m | src/components/RecordingStudio3Modal.stories.jsx[2m > [22m[2mInteractive
[22m[39m[FilesContext] Vector store population complete - 3 total embeddings
[90mstdout[2m | src/components/RecordingStudio3Modal.stories.jsx[2m > [22m[2mInteractive
[22m[39m[ChatContext] Chat exists and not archived, skipping creation
[90mstdout[2m | src/components/RecordingStudio3Modal.stories.jsx[2m > [22m[2mInteractive
[22m[39m[Mock Storage] downloadData called with: undefined
[90mstdout[2m | src/components/RecordingStudio3Modal.stories.jsx
[22m[39m
════════════════════════════════════════════════════════════
[90mstdout[2m | src/components/RecordingStudio3Modal.stories.jsx
[22m[39m  STORYBOOK AUDIT — 1 issue(s) in 8 stories
[90mstdout[2m | src/components/RecordingStudio3Modal.stories.jsx
[22m[39m════════════════════════════════════════════════════════════
[90mstdout[2m | src/components/RecordingStudio3Modal.stories.jsx
[22m[39m  CONSOLE ERRORS (1 total across 1 unique):
[90mstdout[2m | src/components/RecordingStudio3Modal.stories.jsx
[22m[39m    [1x] Cannot update a component (`%s`) while rendering a different component (`%s`). To locate the bad set
[90mstdout[2m | src/components/RecordingStudio3Modal.stories.jsx
[22m[39m
[90mstdout[2m | src/components/RecordingStudio3Modal.stories.jsx
[22m[39m  STORIES WITH ISSUES:
[90mstdout[2m | src/components/RecordingStudio3Modal.stories.jsx
[22m[39m    • Conversation Preset (1 console)
[90mstdout[2m | src/components/RecordingStudio3Modal.stories.jsx
[22m[39m
[90mstdout[2m | src/components/RecordingStudio3Modal.stories.jsx
[22m[39m  VERDICT: ISSUES FOUND
[90mstdout[2m | src/components/RecordingStudio3Modal.stories.jsx
[22m[39m════════════════════════════════════════════════════════════

 [32m✓[39m [30m[45m storybook (chromium) [49m[39m src/components/RecordingStudio3Modal.stories.jsx [2m([22m[2m8 tests[22m[2m)[22m[33m 5983[2mms[22m[39m
   [33m[2m✓[22m[39m Word Preset [33m 1546[2mms[22m[39m
   [33m[2m✓[22m[39m Conversation Preset [33m 798[2mms[22m[39m
   [33m[2m✓[22m[39m Question Preset [33m 588[2mms[22m[39m
   [33m[2m✓[22m[39m Confirmation Preview [33m 565[2mms[22m[39m
   [33m[2m✓[22m[39m Read Only [33m 925[2mms[22m[39m
   [33m[2m✓[22m[39m Conversation With Recorded Takes [33m 1000[2mms[22m[39m
   [33m[2m✓[22m[39m Closed [33m 332[2mms[22m[39m
[90mstdout[2m | unknown test
[22m[39m[MOCK vectorStoreDB.js] Module loaded - mock IndexedDB operations
[90mstdout[2m | unknown test
[22m[39m[Task Completion] DOM action listeners initialized
[90mstdout[2m | unknown test
[22m[39m[Task Completion] Auto-completion detector initialized
[90mstdout[2m | unknown test
[22m[39m[Preview] Task completion detector initialized
[90mstdout[2m | src/components/InlineGradeCell.stories.tsx[2m > [22m[2mDefault
[22m[39m[TranslationModeController] Setting mode to: off
[90mstdout[2m | src/components/InlineGradeCell.stories.tsx[2m > [22m[2mWith Override
[22m[39m[TranslationModeController] Setting mode to: off
[90mstdout[2m | src/components/InlineGradeCell.stories.tsx[2m > [22m[2mNo Grade
[22m[39m[TranslationModeController] Setting mode to: off
[90mstdout[2m | src/components/InlineGradeCell.stories.tsx[2m > [22m[2mStudent View
[22m[39m[TranslationModeController] Setting mode to: off
[90mstdout[2m | src/components/InlineGradeCell.stories.tsx[2m > [22m[2mGradebook Table
[22m[39m[TranslationModeController] Setting mode to: off
 [32m✓[39m [30m[45m storybook (chromium) [49m[39m src/components/InlineGradeCell.stories.tsx [2m([22m[2m5 tests[22m[2m)[22m[33m 7450[2mms[22m[39m
   [33m[2m✓[22m[39m Default [33m 607[2mms[22m[39m
   [33m[2m✓[22m[39m With Override [33m 2285[2mms[22m[39m
   [33m[2m✓[22m[39m No Grade [33m 2464[2mms[22m[39m
   [33m[2m✓[22m[39m Student View [33m 1734[2mms[22m[39m
   [33m[2m✓[22m[39m Gradebook Table [33m 359[2mms[22m[39m
[90mstdout[2m | unknown test
[22m[39m[MOCK vectorStoreDB.js] Module loaded - mock IndexedDB operations
[90mstdout[2m | unknown test
[22m[39m[Task Completion] DOM action listeners initialized
[90mstdout[2m | unknown test
[22m[39m[Task Completion] Auto-completion detector initialized
[90mstdout[2m | unknown test
[22m[39m[Preview] Task completion detector initialized
[90mstdout[2m | src/components/Gamification/ArmorEditor.stories.tsx[2m > [22m[2mDefault
[22m[39m[TranslationModeController] Setting mode to: off
[90mstdout[2m | src/components/Gamification/ArmorEditor.stories.tsx[2m > [22m[2mWith Initial Config
[22m[39m[TranslationModeController] Setting mode to: off
[90mstdout[2m | src/components/Gamification/ArmorEditor.stories.tsx[2m > [22m[2mQuartered Shield
[22m[39m[TranslationModeController] Setting mode to: off
[90mstdout[2m | src/components/Gamification/ArmorEditor.stories.tsx[2m > [22m[2mChevron Band
[22m[39m[TranslationModeController] Setting mode to: off
[90mstdout[2m | src/components/Gamification/ArmorEditor.stories.tsx[2m > [22m[2mSaltire Cross
[22m[39m[TranslationModeController] Setting mode to: off
[90mstdout[2m | src/components/Gamification/ArmorEditor.stories.tsx[2m > [22m[2mBend With Border
[22m[39m[TranslationModeController] Setting mode to: off
[90mstdout[2m | src/components/Gamification/ArmorEditor.stories.tsx[2m > [22m[2mChief Band
[22m[39m[TranslationModeController] Setting mode to: off
[90mstdout[2m | src/components/Gamification/ArmorEditor.stories.tsx[2m > [22m[2mLarge Charge
[22m[39m[TranslationModeController] Setting mode to: off
[90mstdout[2m | src/components/Gamification/ArmorEditor.stories.tsx[2m > [22m[2mMultiple Charges
[22m[39m[TranslationModeController] Setting mode to: off
 [32m✓[39m [30m[45m storybook (chromium) [49m[39m src/components/Gamification/ArmorEditor.stories.tsx [2m([22m[2m9 tests[22m[2m)[22m[33m 7856[2mms[22m[39m
   [33m[2m✓[22m[39m Default [33m 677[2mms[22m[39m
   [33m[2m✓[22m[39m With Initial Config [33m 582[2mms[22m[39m
   [33m[2m✓[22m[39m Quartered Shield [33m 730[2mms[22m[39m
   [33m[2m✓[22m[39m Chevron Band [33m 1127[2mms[22m[39m
   [33m[2m✓[22m[39m Saltire Cross [33m 1829[2mms[22m[39m
   [33m[2m✓[22m[39m Bend With Border [33m 834[2mms[22m[39m
   [33m[2m✓[22m[39m Chief Band [33m 637[2mms[22m[39m
   [33m[2m✓[22m[39m Large Charge [33m 576[2mms[22m[39m
   [33m[2m✓[22m[39m Multiple Charges [33m 862[2mms[22m[39m
[90mstdout[2m | unknown test
[22m[39m[MOCK vectorStoreDB.js] Module loaded - mock IndexedDB operations
[90mstdout[2m | unknown test
[22m[39m[Task Completion] DOM action listeners initialized
[90mstdout[2m | unknown test
[22m[39m[Task Completion] Auto-completion detector initialized
[90mstdout[2m | unknown test
[22m[39m[Preview] Task completion detector initialized
[90mstdout[2m | src/components/VocabularyReview2.stories.tsx[2m > [22m[2mDefault
[22m[39m[Preview] Skipped initializing default mock data (initializeMockData=false)
[90mstdout[2m | src/components/VocabularyReview2.stories.tsx[2m > [22m[2mDefault
[22m[39m[Mock Data] seedMockDocuments: Adding 1 documents
[90mstdout[2m | src/components/VocabularyReview2.stories.tsx[2m > [22m[2mDefault
[22m[39m[Mock Data] seedMockParsedContent: Adding 1 parsed content records
[90mstdout[2m | src/components/VocabularyReview2.stories.tsx[2m > [22m[2mDefault
[22m[39m[MOCK CourseVectorStore] Initialized with mock data
[90mstdout[2m | src/components/VocabularyReview2.stories.tsx[2m > [22m[2mDefault
[22m[39m[VocabularyReview2] Setting up ParsedContent subscription for user: undefined
[90mstdout[2m | src/components/VocabularyReview2.stories.tsx[2m > [22m[2mDefault
[22m[39m[TranslationModeController] Setting mode to: off
[90mstdout[2m | src/components/VocabularyReview2.stories.tsx[2m > [22m[2mDefault
[22m[39m[UnitContext] useEffect triggered {
  "authLoading": false,
  "hasUser": true,
  "id": "mock-unit-1",
  "userSub": "mock-user-sub",
}
[90mstdout[2m | src/components/VocabularyReview2.stories.tsx[2m > [22m[2mDefault
[22m[39m[UnitContext] Fetching unit data for id: mock-unit-1
[90mstdout[2m | src/components/VocabularyReview2.stories.tsx[2m > [22m[2mDefault
[22m[39m[FilesContext] Initializing vector store from IndexedDB
[90mstdout[2m | src/components/VocabularyReview2.stories.tsx[2m > [22m[2mDefault
[22m[39m[FilesContext] fetchFiles called
[90mstdout[2m | src/components/VocabularyReview2.stories.tsx[2m > [22m[2mDefault
[22m[39m[FilesContext] User authenticated: mock-user-sub
[90mstdout[2m | src/components/VocabularyReview2.stories.tsx[2m > [22m[2mDefault
[22m[39m[FilesContext] Identity ID: us-east-1:mock-identity-123
[90mstdout[2m | src/components/VocabularyReview2.stories.tsx[2m > [22m[2mDefault
[22m[39m[FilesContext] About to set up File observeQuery
[90mstdout[2m | src/components/VocabularyReview2.stories.tsx[2m > [22m[2mDefault
[22m[39m[ChatContext] Setting up AssistantChat observeQuery
[90mstdout[2m | src/components/VocabularyReview2.stories.tsx[2m > [22m[2mDefault
[22m[39m[ChatContext] Waiting for subscription to initialize
[90mstdout[2m | src/components/VocabularyReview2.stories.tsx[2m > [22m[2mDefault
[22m[39m[SettingsContext] Setting up Settings subscription for user: mock-user-sub
[90mstdout[2m | src/components/VocabularyReview2.stories.tsx[2m > [22m[2mDefault
[22m[39m[Mock Data] Settings created: mock-settings-1790417533432 - notified 0 subscribers
[90mstdout[2m | src/components/VocabularyReview2.stories.tsx[2m > [22m[2mDefault
[22m[39m[Mock Data] Unit.onUpdate() subscription added. Total: 1
[90mstdout[2m | src/components/VocabularyReview2.stories.tsx[2m > [22m[2mDefault
[22m[39m[SectionContext] Section observeQuery update: 0
[90mstdout[2m | src/components/VocabularyReview2.stories.tsx[2m > [22m[2mDefault
[22m[39m[FilesContext] File observeQuery update: 0 files
[90mstdout[2m | src/components/VocabularyReview2.stories.tsx[2m > [22m[2mDefault
[22m[39m[ChatContext] AssistantChat initialized with 0 chats
[90mstdout[2m | src/components/VocabularyReview2.stories.tsx[2m > [22m[2mDefault
[22m[39m[MOCK CourseVectorStore] Initialized with mock data
[90mstdout[2m | src/components/VocabularyReview2.stories.tsx[2m > [22m[2mDefault
[22m[39m[ChatContext] No current chat available, will create one
[90mstdout[2m | src/components/VocabularyReview2.stories.tsx[2m > [22m[2mDefault
[22m[39m[ChatContext] Creating AssistantChat with user: undefined
[90mstdout[2m | src/components/VocabularyReview2.stories.tsx[2m > [22m[2mDefault
[22m[39m[Mock Data] AssistantChat created: mock-assistantchat-1790417534798 - notified 1 subscribers
[90mstdout[2m | src/components/VocabularyReview2.stories.tsx[2m > [22m[2mDefault
[22m[39m[ChatContext] Create result: {
  "data": {
    "_version": 1,
    "archived": false,
    "chatFiles": [Function anonymous],
    "createdAt": "2026-09-26T10:12:14.798Z",
    "id": "mock-assistantchat-1790417534798",
    "model": "gpt-4",
    "updatedAt": "2026-09-26T10:12:14.798Z",
  },
  "errors": [],
  "hasData": true,
  "hasErrors": true,
}
[90mstdout[2m | src/components/VocabularyReview2.stories.tsx[2m > [22m[2mDefault
[22m[39m[ChatContext] Created AssistantChat: mock-assistantchat-1790417534798 at: 2026-09-26T10:12:14.798Z
[90mstdout[2m | src/components/VocabularyReview2.stories.tsx[2m > [22m[2mDefault
[22m[39m[Mock Storage] downloadData called with: undefined
[90mstdout[2m | src/components/VocabularyReview2.stories.tsx[2m > [22m[2mDefault
[22m[39m[ChatContext] Setting initial chat: mock-assistantchat-1790417534798
[90mstdout[2m | src/components/VocabularyReview2.stories.tsx[2m > [22m[2mDefault
[22m[39m[ChatContext] Chat exists and not archived, skipping creation
[90mstdout[2m | src/components/VocabularyReview2.stories.tsx[2m > [22m[2mWith Search Highlight
[22m[39m[ChatContext] Cleaning up subscriptions
[90mstdout[2m | src/components/VocabularyReview2.stories.tsx[2m > [22m[2mWith Search Highlight
[22m[39m[Mock Data] Unit.onUpdate() subscription removed. Remaining: 0
[90mstdout[2m | src/components/VocabularyReview2.stories.tsx[2m > [22m[2mWith Search Highlight
[22m[39m[Preview] Skipped initializing default mock data (initializeMockData=false)
[90mstdout[2m | src/components/VocabularyReview2.stories.tsx[2m > [22m[2mWith Search Highlight
[22m[39m[Mock Data] seedMockDocuments: Adding 1 documents
[90mstdout[2m | src/components/VocabularyReview2.stories.tsx[2m > [22m[2mWith Search Highlight
[22m[39m[Mock Data] seedMockParsedContent: Adding 1 parsed content records
[90mstdout[2m | src/components/VocabularyReview2.stories.tsx[2m > [22m[2mWith Search Highlight
[22m[39m[MOCK CourseVectorStore] Initialized with mock data
[90mstdout[2m | src/components/VocabularyReview2.stories.tsx[2m > [22m[2mWith Search Highlight
[22m[39m[VocabularyReview2] Setting up ParsedContent subscription for user: undefined
[90mstdout[2m | src/components/VocabularyReview2.stories.tsx[2m > [22m[2mWith Search Highlight
[22m[39m[TranslationModeController] Setting mode to: off
[90mstdout[2m | src/components/VocabularyReview2.stories.tsx[2m > [22m[2mWith Search Highlight
[22m[39m[UnitContext] useEffect triggered {
  "authLoading": false,
  "hasUser": true,
  "id": "mock-unit-1",
  "userSub": "mock-user-sub",
}
[90mstdout[2m | src/components/VocabularyReview2.stories.tsx[2m > [22m[2mWith Search Highlight
[22m[39m[UnitContext] Fetching unit data for id: mock-unit-1
[90mstdout[2m | src/components/VocabularyReview2.stories.tsx[2m > [22m[2mWith Search Highlight
[22m[39m[FilesContext] Initializing vector store from IndexedDB
[90mstdout[2m | src/components/VocabularyReview2.stories.tsx[2m > [22m[2mWith Search Highlight
[22m[39m[FilesContext] fetchFiles called
[90mstdout[2m | src/components/VocabularyReview2.stories.tsx[2m > [22m[2mWith Search Highlight
[22m[39m[FilesContext] User authenticated: mock-user-sub
[90mstdout[2m | src/components/VocabularyReview2.stories.tsx[2m > [22m[2mWith Search Highlight
[22m[39m[FilesContext] Identity ID: us-east-1:mock-identity-123
[90mstdout[2m | src/components/VocabularyReview2.stories.tsx[2m > [22m[2mWith Search Highlight
[22m[39m[FilesContext] About to set up File observeQuery
[90mstdout[2m | src/components/VocabularyReview2.stories.tsx[2m > [22m[2mWith Search Highlight
[22m[39m[ChatContext] Setting up AssistantChat observeQuery
[90mstdout[2m | src/components/VocabularyReview2.stories.tsx[2m > [22m[2mWith Search Highlight
[22m[39m[ChatContext] Waiting for subscription to initialize
[90mstdout[2m | src/components/VocabularyReview2.stories.tsx[2m > [22m[2mWith Search Highlight
[22m[39m[SettingsContext] Setting up Settings subscription for user: mock-user-sub
[90mstdout[2m | src/components/VocabularyReview2.stories.tsx[2m > [22m[2mWith Search Highlight
[22m[39m[Mock Data] Settings created: mock-settings-1790417538832 - notified 0 subscribers
[90mstdout[2m | src/components/VocabularyReview2.stories.tsx[2m > [22m[2mWith Search Highlight
[22m[39m[Mock Data] Unit.onUpdate() subscription added. Total: 1
[90mstdout[2m | src/components/VocabularyReview2.stories.tsx[2m > [22m[2mWith Search Highlight
[22m[39m[SectionContext] Section observeQuery update: 0
[90mstdout[2m | src/components/VocabularyReview2.stories.tsx[2m > [22m[2mWith Search Highlight
[22m[39m[FilesContext] File observeQuery update: 0 files
[90mstdout[2m | src/components/VocabularyReview2.stories.tsx[2m > [22m[2mWith Search Highlight
[22m[39m[ChatContext] AssistantChat initialized with 0 chats
[90mstdout[2m | src/components/VocabularyReview2.stories.tsx[2m > [22m[2mWith Search Highlight
[22m[39m[MOCK CourseVectorStore] Initialized with mock data
[90mstdout[2m | src/components/VocabularyReview2.stories.tsx[2m > [22m[2mWith Search Highlight
[22m[39m[ChatContext] No current chat available, will create one
[90mstdout[2m | src/components/VocabularyReview2.stories.tsx[2m > [22m[2mWith Search Highlight
[22m[39m[ChatContext] Creating AssistantChat with user: undefined
[90mstdout[2m | src/components/VocabularyReview2.stories.tsx[2m > [22m[2mWith Search Highlight
[22m[39m[Mock Data] AssistantChat created: mock-assistantchat-1790417539140 - notified 1 subscribers
[90mstdout[2m | src/components/VocabularyReview2.stories.tsx[2m > [22m[2mWith Search Highlight
[22m[39m[ChatContext] Create result: {
  "data": {
    "_version": 1,
    "archived": false,
    "chatFiles": [Function anonymous],
    "createdAt": "2026-09-26T10:12:19.140Z",
    "id": "mock-assistantchat-1790417539140",
    "model": "gpt-4",
    "updatedAt": "2026-09-26T10:12:19.140Z",
  },
  "errors": [],
  "hasData": true,
  "hasErrors": true,
}
[90mstdout[2m | src/components/VocabularyReview2.stories.tsx[2m > [22m[2mWith Search Highlight
[22m[39m[ChatContext] Created AssistantChat: mock-assistantchat-1790417539140 at: 2026-09-26T10:12:19.140Z
[90mstdout[2m | src/components/VocabularyReview2.stories.tsx[2m > [22m[2mWith Search Highlight
[22m[39m[Mock Storage] downloadData called with: undefined
[90mstdout[2m | src/components/VocabularyReview2.stories.tsx[2m > [22m[2mWith Search Highlight
[22m[39m[ChatContext] Setting initial chat: mock-assistantchat-1790417539140
[90mstdout[2m | src/components/VocabularyReview2.stories.tsx[2m > [22m[2mWith Search Highlight
[22m[39m[ChatContext] Chat exists and not archived, skipping creation
[90mstdout[2m | src/components/VocabularyReview2.stories.tsx[2m > [22m[2mLarge List
[22m[39m[ChatContext] Cleaning up subscriptions
[90mstdout[2m | src/components/VocabularyReview2.stories.tsx[2m > [22m[2mLarge List
[22m[39m[Mock Data] Unit.onUpdate() subscription removed. Remaining: 0
[90mstdout[2m | src/components/VocabularyReview2.stories.tsx[2m > [22m[2mLarge List
[22m[39m[Preview] Skipped initializing default mock data (initializeMockData=false)
[90mstdout[2m | src/components/VocabularyReview2.stories.tsx[2m > [22m[2mLarge List
[22m[39m[Mock Data] seedMockDocuments: Adding 1 documents
[90mstdout[2m | src/components/VocabularyReview2.stories.tsx[2m > [22m[2mLarge List
[22m[39m[Mock Data] seedMockParsedContent: Adding 1 parsed content records
[90mstdout[2m | src/components/VocabularyReview2.stories.tsx[2m > [22m[2mLarge List
[22m[39m[MOCK CourseVectorStore] Initialized with mock data
[90mstdout[2m | src/components/VocabularyReview2.stories.tsx[2m > [22m[2mLarge List
[22m[39m[VocabularyReview2] Setting up ParsedContent subscription for user: undefined
[90mstdout[2m | src/components/VocabularyReview2.stories.tsx[2m > [22m[2mLarge List
[22m[39m[TranslationModeController] Setting mode to: off
[90mstdout[2m | src/components/VocabularyReview2.stories.tsx[2m > [22m[2mLarge List
[22m[39m[UnitContext] useEffect triggered {
  "authLoading": false,
  "hasUser": true,
  "id": "mock-unit-1",
  "userSub": "mock-user-sub",
}
[90mstdout[2m | src/components/VocabularyReview2.stories.tsx[2m > [22m[2mLarge List
[22m[39m[UnitContext] Fetching unit data for id: mock-unit-1
[90mstdout[2m | src/components/VocabularyReview2.stories.tsx[2m > [22m[2mLarge List
[22m[39m[FilesContext] Initializing vector store from IndexedDB
[90mstdout[2m | src/components/VocabularyReview2.stories.tsx[2m > [22m[2mLarge List
[22m[39m[FilesContext] fetchFiles called
[90mstdout[2m | src/components/VocabularyReview2.stories.tsx[2m > [22m[2mLarge List
[22m[39m[FilesContext] User authenticated: mock-user-sub
[90mstdout[2m | src/components/VocabularyReview2.stories.tsx[2m > [22m[2mLarge List
[22m[39m[FilesContext] Identity ID: us-east-1:mock-identity-123
[90mstdout[2m | src/components/VocabularyReview2.stories.tsx[2m > [22m[2mLarge List
[22m[39m[FilesContext] About to set up File observeQuery
[90mstdout[2m | src/components/VocabularyReview2.stories.tsx[2m > [22m[2mLarge List
[22m[39m[ChatContext] Setting up AssistantChat observeQuery
[90mstdout[2m | src/components/VocabularyReview2.stories.tsx[2m > [22m[2mLarge List
[22m[39m[ChatContext] Waiting for subscription to initialize
[90mstdout[2m | src/components/VocabularyReview2.stories.tsx[2m > [22m[2mLarge List
[22m[39m[SettingsContext] Setting up Settings subscription for user: mock-user-sub
[90mstdout[2m | src/components/VocabularyReview2.stories.tsx[2m > [22m[2mLarge List
[22m[39m[Mock Data] Settings created: mock-settings-1790417539805 - notified 0 subscribers
[90mstdout[2m | src/components/VocabularyReview2.stories.tsx[2m > [22m[2mLarge List
[22m[39m[Mock Data] Unit.onUpdate() subscription added. Total: 1
[90mstdout[2m | src/components/VocabularyReview2.stories.tsx[2m > [22m[2mLarge List
[22m[39m[SectionContext] Section observeQuery update: 0
[90mstdout[2m | src/components/VocabularyReview2.stories.tsx[2m > [22m[2mLarge List
[22m[39m[FilesContext] File observeQuery update: 0 files
[90mstdout[2m | src/components/VocabularyReview2.stories.tsx[2m > [22m[2mLarge List
[22m[39m[ChatContext] AssistantChat initialized with 0 chats
[90mstdout[2m | src/components/VocabularyReview2.stories.tsx[2m > [22m[2mLarge List
[22m[39m[MOCK CourseVectorStore] Initialized with mock data
[90mstdout[2m | src/components/VocabularyReview2.stories.tsx[2m > [22m[2mLarge List
[22m[39m[ChatContext] No current chat available, will create one
[90mstdout[2m | src/components/VocabularyReview2.stories.tsx[2m > [22m[2mLarge List
[22m[39m[ChatContext] Creating AssistantChat with user: undefined
[90mstdout[2m | src/components/VocabularyReview2.stories.tsx[2m > [22m[2mLarge List
[22m[39m[Mock Data] AssistantChat created: mock-assistantchat-1790417540652 - notified 1 subscribers
[90mstdout[2m | src/components/VocabularyReview2.stories.tsx[2m > [22m[2mLarge List
[22m[39m[ChatContext] Create result: {
  "data": {
    "_version": 1,
    "archived": false,
    "chatFiles": [Function anonymous],
    "createdAt": "2026-09-26T10:12:20.652Z",
    "id": "mock-assistantchat-1790417540652",
    "model": "gpt-4",
    "updatedAt": "2026-09-26T10:12:20.652Z",
  },
  "errors": [],
  "hasData": true,
  "hasErrors": true,
}
[90mstdout[2m | src/components/VocabularyReview2.stories.tsx[2m > [22m[2mLarge List
[22m[39m[ChatContext] Created AssistantChat: mock-assistantchat-1790417540652 at: 2026-09-26T10:12:20.652Z
[90mstdout[2m | src/components/VocabularyReview2.stories.tsx[2m > [22m[2mLarge List
[22m[39m[Mock Storage] downloadData called with: undefined
[90mstdout[2m | src/components/VocabularyReview2.stories.tsx[2m > [22m[2mLarge List
[22m[39m[ChatContext] Setting initial chat: mock-assistantchat-1790417540652
[90mstdout[2m | src/components/VocabularyReview2.stories.tsx[2m > [22m[2mLarge List
[22m[39m[ChatContext] Chat exists and not archived, skipping creation
[90mstdout[2m | src/components/VocabularyReview2.stories.tsx[2m > [22m[2mAlready Imported
[22m[39m[ChatContext] Cleaning up subscriptions
[90mstdout[2m | src/components/VocabularyReview2.stories.tsx[2m > [22m[2mAlready Imported
[22m[39m[Mock Data] Unit.onUpdate() subscription removed. Remaining: 0
[90mstdout[2m | src/components/VocabularyReview2.stories.tsx[2m > [22m[2mAlready Imported
[22m[39m[Preview] Skipped initializing default mock data (initializeMockData=false)
[90mstdout[2m | src/components/VocabularyReview2.stories.tsx[2m > [22m[2mAlready Imported
[22m[39m[Mock Data] seedMockDocuments: Adding 1 documents
[90mstdout[2m | src/components/VocabularyReview2.stories.tsx[2m > [22m[2mAlready Imported
[22m[39m[Mock Data] seedMockParsedContent: Adding 1 parsed content records
[90mstdout[2m | src/components/VocabularyReview2.stories.tsx[2m > [22m[2mAlready Imported
[22m[39m[MOCK CourseVectorStore] Initialized with mock data
[90mstdout[2m | src/components/VocabularyReview2.stories.tsx[2m > [22m[2mAlready Imported
[22m[39m[VocabularyReview2] Setting up ParsedContent subscription for user: undefined
[90mstdout[2m | src/components/VocabularyReview2.stories.tsx[2m > [22m[2mAlready Imported
[22m[39m[TranslationModeController] Setting mode to: off
[90mstdout[2m | src/components/VocabularyReview2.stories.tsx[2m > [22m[2mAlready Imported
[22m[39m[UnitContext] useEffect triggered {
  "authLoading": false,
  "hasUser": true,
  "id": "mock-unit-1",
  "userSub": "mock-user-sub",
}
[90mstdout[2m | src/components/VocabularyReview2.stories.tsx[2m > [22m[2mAlready Imported
[22m[39m[UnitContext] Fetching unit data for id: mock-unit-1
[90mstdout[2m | src/components/VocabularyReview2.stories.tsx[2m > [22m[2mAlready Imported
[22m[39m[FilesContext] Initializing vector store from IndexedDB
[90mstdout[2m | src/components/VocabularyReview2.stories.tsx[2m > [22m[2mAlready Imported
[22m[39m[FilesContext] fetchFiles called
[90mstdout[2m | src/components/VocabularyReview2.stories.tsx[2m > [22m[2mAlready Imported
[22m[39m[FilesContext] User authenticated: mock-user-sub
[90mstdout[2m | src/components/VocabularyReview2.stories.tsx[2m > [22m[2mAlready Imported
[22m[39m[FilesContext] Identity ID: us-east-1:mock-identity-123
[90mstdout[2m | src/components/VocabularyReview2.stories.tsx[2m > [22m[2mAlready Imported
[22m[39m[FilesContext] About to set up File observeQuery
[90mstdout[2m | src/components/VocabularyReview2.stories.tsx[2m > [22m[2mAlready Imported
[22m[39m[ChatContext] Setting up AssistantChat observeQuery
[90mstdout[2m | src/components/VocabularyReview2.stories.tsx[2m > [22m[2mAlready Imported
[22m[39m[ChatContext] Waiting for subscription to initialize
[90mstdout[2m | src/components/VocabularyReview2.stories.tsx[2m > [22m[2mAlready Imported
[22m[39m[SettingsContext] Setting up Settings subscription for user: mock-user-sub
[90mstdout[2m | src/components/VocabularyReview2.stories.tsx[2m > [22m[2mAlready Imported
[22m[39m[Mock Data] Settings created: mock-settings-1790417541629 - notified 0 subscribers
[90mstdout[2m | src/components/VocabularyReview2.stories.tsx[2m > [22m[2mAlready Imported
[22m[39m[Mock Data] Unit.onUpdate() subscription added. Total: 1
[90mstdout[2m | src/components/VocabularyReview2.stories.tsx[2m > [22m[2mAlready Imported
[22m[39m[SectionContext] Section observeQuery update: 0
[90mstdout[2m | src/components/VocabularyReview2.stories.tsx[2m > [22m[2mAlready Imported
[22m[39m[FilesContext] File observeQuery update: 0 files
[90mstdout[2m | src/components/VocabularyReview2.stories.tsx[2m > [22m[2mAlready Imported
[22m[39m[ChatContext] AssistantChat initialized with 0 chats
[90mstdout[2m | src/components/VocabularyReview2.stories.tsx[2m > [22m[2mAlready Imported
[22m[39m[MOCK CourseVectorStore] Initialized with mock data
[90mstdout[2m | src/components/VocabularyReview2.stories.tsx[2m > [22m[2mAlready Imported
[22m[39m[ChatContext] No current chat available, will create one
[90mstdout[2m | src/components/VocabularyReview2.stories.tsx[2m > [22m[2mAlready Imported
[22m[39m[ChatContext] Creating AssistantChat with user: undefined
[90mstdout[2m | src/components/VocabularyReview2.stories.tsx[2m > [22m[2mAlready Imported
[22m[39m[Mock Data] AssistantChat created: mock-assistantchat-1790417541713 - notified 1 subscribers
[90mstdout[2m | src/components/VocabularyReview2.stories.tsx[2m > [22m[2mAlready Imported
[22m[39m[ChatContext] Create result: {
  "data": {
    "_version": 1,
    "archived": false,
    "chatFiles": [Function anonymous],
    "createdAt": "2026-09-26T10:12:21.713Z",
    "id": "mock-assistantchat-1790417541713",
    "model": "gpt-4",
    "updatedAt": "2026-09-26T10:12:21.713Z",
  },
  "errors": [],
  "hasData": true,
  "hasErrors": true,
}
[90mstdout[2m | src/components/VocabularyReview2.stories.tsx[2m > [22m[2mAlready Imported
[22m[39m[ChatContext] Created AssistantChat: mock-assistantchat-1790417541713 at: 2026-09-26T10:12:21.713Z
[90mstdout[2m | src/components/VocabularyReview2.stories.tsx[2m > [22m[2mAlready Imported
[22m[39m[Mock Storage] downloadData called with: undefined
[90mstdout[2m | src/components/VocabularyReview2.stories.tsx[2m > [22m[2mAlready Imported
[22m[39m[ChatContext] Setting initial chat: mock-assistantchat-1790417541713
[90mstdout[2m | src/components/VocabularyReview2.stories.tsx[2m > [22m[2mAlready Imported
[22m[39m[ChatContext] Chat exists and not archived, skipping creation
[90mstdout[2m | src/components/VocabularyReview2.stories.tsx[2m > [22m[2mMinimal Data
[22m[39m[ChatContext] Cleaning up subscriptions
[90mstdout[2m | src/components/VocabularyReview2.stories.tsx[2m > [22m[2mMinimal Data
[22m[39m[Mock Data] Unit.onUpdate() subscription removed. Remaining: 0
[90mstdout[2m | src/components/VocabularyReview2.stories.tsx[2m > [22m[2mMinimal Data
[22m[39m[Preview] Skipped initializing default mock data (initializeMockData=false)
[90mstdout[2m | src/components/VocabularyReview2.stories.tsx[2m > [22m[2mMinimal Data
[22m[39m[Mock Data] seedMockDocuments: Adding 1 documents
[90mstdout[2m | src/components/VocabularyReview2.stories.tsx[2m > [22m[2mMinimal Data
[22m[39m[Mock Data] seedMockParsedContent: Adding 1 parsed content records
[90mstdout[2m | src/components/VocabularyReview2.stories.tsx[2m > [22m[2mMinimal Data
[22m[39m[MOCK CourseVectorStore] Initialized with mock data
[90mstdout[2m | src/components/VocabularyReview2.stories.tsx[2m > [22m[2mMinimal Data
[22m[39m[VocabularyReview2] Setting up ParsedContent subscription for user: undefined
[90mstdout[2m | src/components/VocabularyReview2.stories.tsx[2m > [22m[2mMinimal Data
[22m[39m[TranslationModeController] Setting mode to: off
[90mstdout[2m | src/components/VocabularyReview2.stories.tsx[2m > [22m[2mMinimal Data
[22m[39m[UnitContext] useEffect triggered {
  "authLoading": false,
  "hasUser": true,
  "id": "mock-unit-1",
  "userSub": "mock-user-sub",
}
[90mstdout[2m | src/components/VocabularyReview2.stories.tsx[2m > [22m[2mMinimal Data
[22m[39m[UnitContext] Fetching unit data for id: mock-unit-1
[90mstdout[2m | src/components/VocabularyReview2.stories.tsx[2m > [22m[2mMinimal Data
[22m[39m[FilesContext] Initializing vector store from IndexedDB
[90mstdout[2m | src/components/VocabularyReview2.stories.tsx[2m > [22m[2mMinimal Data
[22m[39m[FilesContext] fetchFiles called
[90mstdout[2m | src/components/VocabularyReview2.stories.tsx[2m > [22m[2mMinimal Data
[22m[39m[FilesContext] User authenticated: mock-user-sub
[90mstdout[2m | src/components/VocabularyReview2.stories.tsx[2m > [22m[2mMinimal Data
[22m[39m[FilesContext] Identity ID: us-east-1:mock-identity-123
[90mstdout[2m | src/components/VocabularyReview2.stories.tsx[2m > [22m[2mMinimal Data
[22m[39m[FilesContext] About to set up File observeQuery
[90mstdout[2m | src/components/VocabularyReview2.stories.tsx[2m > [22m[2mMinimal Data
[22m[39m[ChatContext] Setting up AssistantChat observeQuery
[90mstdout[2m | src/components/VocabularyReview2.stories.tsx[2m > [22m[2mMinimal Data
[22m[39m[ChatContext] Waiting for subscription to initialize
[90mstdout[2m | src/components/VocabularyReview2.stories.tsx[2m > [22m[2mMinimal Data
[22m[39m[SettingsContext] Setting up Settings subscription for user: mock-user-sub
[90mstdout[2m | src/components/VocabularyReview2.stories.tsx[2m > [22m[2mMinimal Data
[22m[39m[Mock Data] Settings created: mock-settings-1790417541964 - notified 0 subscribers
[90mstdout[2m | src/components/VocabularyReview2.stories.tsx[2m > [22m[2mMinimal Data
[22m[39m[Mock Data] Unit.onUpdate() subscription added. Total: 1
[90mstdout[2m | src/components/VocabularyReview2.stories.tsx[2m > [22m[2mMinimal Data
[22m[39m[SectionContext] Section observeQuery update: 0
[90mstdout[2m | src/components/VocabularyReview2.stories.tsx[2m > [22m[2mMinimal Data
[22m[39m[FilesContext] File observeQuery update: 0 files
[90mstdout[2m | src/components/VocabularyReview2.stories.tsx[2m > [22m[2mMinimal Data
[22m[39m[ChatContext] AssistantChat initialized with 0 chats
[90mstdout[2m | src/components/VocabularyReview2.stories.tsx[2m > [22m[2mMinimal Data
[22m[39m[MOCK CourseVectorStore] Initialized with mock data
[90mstdout[2m | src/components/VocabularyReview2.stories.tsx[2m > [22m[2mMinimal Data
[22m[39m[ChatContext] No current chat available, will create one
[90mstdout[2m | src/components/VocabularyReview2.stories.tsx[2m > [22m[2mMinimal Data
[22m[39m[ChatContext] Creating AssistantChat with user: undefined
[90mstdout[2m | src/components/VocabularyReview2.stories.tsx[2m > [22m[2mMinimal Data
[22m[39m[Mock Data] AssistantChat created: mock-assistantchat-1790417542149 - notified 1 subscribers
[90mstdout[2m | src/components/VocabularyReview2.stories.tsx[2m > [22m[2mMinimal Data
[22m[39m[ChatContext] Create result: {
  "data": {
    "_version": 1,
    "archived": false,
    "chatFiles": [Function anonymous],
    "createdAt": "2026-09-26T10:12:22.149Z",
    "id": "mock-assistantchat-1790417542149",
    "model": "gpt-4",
    "updatedAt": "2026-09-26T10:12:22.149Z",
  },
  "errors": [],
  "hasData": true,
  "hasErrors": true,
}
[90mstdout[2m | src/components/VocabularyReview2.stories.tsx[2m > [22m[2mMinimal Data
[22m[39m[ChatContext] Created AssistantChat: mock-assistantchat-1790417542149 at: 2026-09-26T10:12:22.149Z
[90mstdout[2m | src/components/VocabularyReview2.stories.tsx[2m > [22m[2mMinimal Data
[22m[39m[Mock Storage] downloadData called with: undefined
[90mstdout[2m | src/components/VocabularyReview2.stories.tsx[2m > [22m[2mMinimal Data
[22m[39m[ChatContext] Setting initial chat: mock-assistantchat-1790417542149
[90mstdout[2m | src/components/VocabularyReview2.stories.tsx[2m > [22m[2mMinimal Data
[22m[39m[ChatContext] Chat exists and not archived, skipping creation
[90mstdout[2m | src/components/VocabularyReview2.stories.tsx[2m > [22m[2mNo Vocabulary
[22m[39m[ChatContext] Cleaning up subscriptions
[90mstdout[2m | src/components/VocabularyReview2.stories.tsx[2m > [22m[2mNo Vocabulary
[22m[39m[Mock Data] Unit.onUpdate() subscription removed. Remaining: 0
[90mstdout[2m | src/components/VocabularyReview2.stories.tsx[2m > [22m[2mNo Vocabulary
[22m[39m[Preview] Skipped initializing default mock data (initializeMockData=false)
[90mstdout[2m | src/components/VocabularyReview2.stories.tsx[2m > [22m[2mNo Vocabulary
[22m[39m[Mock Data] seedMockDocuments: Adding 1 documents
[90mstdout[2m | src/components/VocabularyReview2.stories.tsx[2m > [22m[2mNo Vocabulary
[22m[39m[Mock Data] seedMockParsedContent: Adding 1 parsed content records
[90mstdout[2m | src/components/VocabularyReview2.stories.tsx[2m > [22m[2mNo Vocabulary
[22m[39m[MOCK CourseVectorStore] Initialized with mock data
[90mstdout[2m | src/components/VocabularyReview2.stories.tsx[2m > [22m[2mNo Vocabulary
[22m[39m[VocabularyReview2] Setting up ParsedContent subscription for user: undefined
[90mstdout[2m | src/components/VocabularyReview2.stories.tsx[2m > [22m[2mNo Vocabulary
[22m[39m[TranslationModeController] Setting mode to: off
[90mstdout[2m | src/components/VocabularyReview2.stories.tsx[2m > [22m[2mNo Vocabulary
[22m[39m[UnitContext] useEffect triggered {
  "authLoading": false,
  "hasUser": true,
  "id": "mock-unit-1",
  "userSub": "mock-user-sub",
}
[90mstdout[2m | src/components/VocabularyReview2.stories.tsx[2m > [22m[2mNo Vocabulary
[22m[39m[UnitContext] Fetching unit data for id: mock-unit-1
[90mstdout[2m | src/components/VocabularyReview2.stories.tsx[2m > [22m[2mNo Vocabulary
[22m[39m[FilesContext] Initializing vector store from IndexedDB
[90mstdout[2m | src/components/VocabularyReview2.stories.tsx[2m > [22m[2mNo Vocabulary
[22m[39m[FilesContext] fetchFiles called
[90mstdout[2m | src/components/VocabularyReview2.stories.tsx[2m > [22m[2mNo Vocabulary
[22m[39m[FilesContext] User authenticated: mock-user-sub
[90mstdout[2m | src/components/VocabularyReview2.stories.tsx[2m > [22m[2mNo Vocabulary
[22m[39m[FilesContext] Identity ID: us-east-1:mock-identity-123
[90mstdout[2m | src/components/VocabularyReview2.stories.tsx[2m > [22m[2mNo Vocabulary
[22m[39m[FilesContext] About to set up File observeQuery
[90mstdout[2m | src/components/VocabularyReview2.stories.tsx[2m > [22m[2mNo Vocabulary
[22m[39m[ChatContext] Setting up AssistantChat observeQuery
[90mstdout[2m | src/components/VocabularyReview2.stories.tsx[2m > [22m[2mNo Vocabulary
[22m[39m[ChatContext] Waiting for subscription to initialize
[90mstdout[2m | src/components/VocabularyReview2.stories.tsx[2m > [22m[2mNo Vocabulary
[22m[39m[SettingsContext] Setting up Settings subscription for user: mock-user-sub
[90mstdout[2m | src/components/VocabularyReview2.stories.tsx[2m > [22m[2mNo Vocabulary
[22m[39m[Mock Data] Settings created: mock-settings-1790417542512 - notified 0 subscribers
[90mstdout[2m | src/components/VocabularyReview2.stories.tsx[2m > [22m[2mNo Vocabulary
[22m[39m[Mock Data] Unit.onUpdate() subscription added. Total: 1
[90mstdout[2m | src/components/VocabularyReview2.stories.tsx[2m > [22m[2mNo Vocabulary
[22m[39m[SectionContext] Section observeQuery update: 0
[90mstdout[2m | src/components/VocabularyReview2.stories.tsx[2m > [22m[2mNo Vocabulary
[22m[39m[FilesContext] File observeQuery update: 0 files
[90mstdout[2m | src/components/VocabularyReview2.stories.tsx[2m > [22m[2mNo Vocabulary
[22m[39m[ChatContext] AssistantChat initialized with 0 chats
[90mstdout[2m | src/components/VocabularyReview2.stories.tsx[2m > [22m[2mNo Vocabulary
[22m[39m[MOCK CourseVectorStore] Initialized with mock data
[90mstdout[2m | src/components/VocabularyReview2.stories.tsx[2m > [22m[2mNo Vocabulary
[22m[39m[ChatContext] No current chat available, will create one
[90mstdout[2m | src/components/VocabularyReview2.stories.tsx[2m > [22m[2mNo Vocabulary
[22m[39m[ChatContext] Creating AssistantChat with user: undefined
[90mstdout[2m | src/components/VocabularyReview2.stories.tsx[2m > [22m[2mNo Vocabulary
[22m[39m[Mock Data] AssistantChat created: mock-assistantchat-1790417542545 - notified 1 subscribers
[90mstdout[2m | src/components/VocabularyReview2.stories.tsx[2m > [22m[2mNo Vocabulary
[22m[39m[ChatContext] Create result: {
  "data": {
    "_version": 1,
    "archived": false,
    "chatFiles": [Function anonymous],
    "createdAt": "2026-09-26T10:12:22.545Z",
    "id": "mock-assistantchat-1790417542545",
    "model": "gpt-4",
    "updatedAt": "2026-09-26T10:12:22.545Z",
  },
  "errors": [],
  "hasData": true,
  "hasErrors": true,
}
[90mstdout[2m | src/components/VocabularyReview2.stories.tsx[2m > [22m[2mNo Vocabulary
[22m[39m[ChatContext] Created AssistantChat: mock-assistantchat-1790417542545 at: 2026-09-26T10:12:22.545Z
[90mstdout[2m | src/components/VocabularyReview2.stories.tsx[2m > [22m[2mNo Vocabulary
[22m[39m[Mock Storage] downloadData called with: undefined
[90mstdout[2m | src/components/VocabularyReview2.stories.tsx[2m > [22m[2mNo Vocabulary
[22m[39m[ChatContext] Setting initial chat: mock-assistantchat-1790417542545
[90mstdout[2m | src/components/VocabularyReview2.stories.tsx[2m > [22m[2mNo Vocabulary
[22m[39m[ChatContext] Chat exists and not archived, skipping creation
[90mstdout[2m | src/components/VocabularyReview2.stories.tsx[2m > [22m[2mWith Summaries Expanded
[22m[39m[ChatContext] Cleaning up subscriptions
[90mstdout[2m | src/components/VocabularyReview2.stories.tsx[2m > [22m[2mWith Summaries Expanded
[22m[39m[Mock Data] Unit.onUpdate() subscription removed. Remaining: 0
[90mstdout[2m | src/components/VocabularyReview2.stories.tsx[2m > [22m[2mWith Summaries Expanded
[22m[39m[Preview] Skipped initializing default mock data (initializeMockData=false)
[90mstdout[2m | src/components/VocabularyReview2.stories.tsx[2m > [22m[2mWith Summaries Expanded
[22m[39m[MOCK CourseVectorStore] Initialized with mock data
[90mstdout[2m | src/components/VocabularyReview2.stories.tsx[2m > [22m[2mWith Summaries Expanded
[22m[39m[VocabularyReview2] Setting up ParsedContent subscription for user: undefined
[90mstdout[2m | src/components/VocabularyReview2.stories.tsx[2m > [22m[2mWith Summaries Expanded
[22m[39m[TranslationModeController] Setting mode to: off
[90mstdout[2m | src/components/VocabularyReview2.stories.tsx[2m > [22m[2mWith Summaries Expanded
[22m[39m[UnitContext] useEffect triggered {
  "authLoading": false,
  "hasUser": true,
  "id": "mock-unit-1",
  "userSub": "mock-user-sub",
}
[90mstdout[2m | src/components/VocabularyReview2.stories.tsx[2m > [22m[2mWith Summaries Expanded
[22m[39m[UnitContext] Fetching unit data for id: mock-unit-1
[90mstdout[2m | src/components/VocabularyReview2.stories.tsx[2m > [22m[2mWith Summaries Expanded
[22m[39m[FilesContext] Initializing vector store from IndexedDB
[90mstdout[2m | src/components/VocabularyReview2.stories.tsx[2m > [22m[2mWith Summaries Expanded
[22m[39m[FilesContext] fetchFiles called
[90mstdout[2m | src/components/VocabularyReview2.stories.tsx[2m > [22m[2mWith Summaries Expanded
[22m[39m[FilesContext] User authenticated: mock-user-sub
[90mstdout[2m | src/components/VocabularyReview2.stories.tsx[2m > [22m[2mWith Summaries Expanded
[22m[39m[FilesContext] Identity ID: us-east-1:mock-identity-123
[90mstdout[2m | src/components/VocabularyReview2.stories.tsx[2m > [22m[2mWith Summaries Expanded
[22m[39m[FilesContext] About to set up File observeQuery
[90mstdout[2m | src/components/VocabularyReview2.stories.tsx[2m > [22m[2mWith Summaries Expanded
[22m[39m[ChatContext] Setting up AssistantChat observeQuery
[90mstdout[2m | src/components/VocabularyReview2.stories.tsx[2m > [22m[2mWith Summaries Expanded
[22m[39m[ChatContext] Waiting for subscription to initialize
[90mstdout[2m | src/components/VocabularyReview2.stories.tsx[2m > [22m[2mWith Summaries Expanded
[22m[39m[SettingsContext] Setting up Settings subscription for user: mock-user-sub
[90mstdout[2m | src/components/VocabularyReview2.stories.tsx[2m > [22m[2mWith Summaries Expanded
[22m[39m[Mock Data] Settings created: mock-settings-1790417542697 - notified 0 subscribers
[90mstdout[2m | src/components/VocabularyReview2.stories.tsx[2m > [22m[2mWith Summaries Expanded
[22m[39m[Mock Data] Unit.onUpdate() subscription added. Total: 1
[90mstdout[2m | src/components/VocabularyReview2.stories.tsx[2m > [22m[2mWith Summaries Expanded
[22m[39m[SectionContext] Section observeQuery update: 0
[90mstdout[2m | src/components/VocabularyReview2.stories.tsx[2m > [22m[2mWith Summaries Expanded
[22m[39m[FilesContext] File observeQuery update: 0 files
[90mstdout[2m | src/components/VocabularyReview2.stories.tsx[2m > [22m[2mWith Summaries Expanded
[22m[39m[ChatContext] AssistantChat initialized with 0 chats
[90mstdout[2m | src/components/VocabularyReview2.stories.tsx[2m > [22m[2mWith Summaries Expanded
[22m[39m[MOCK CourseVectorStore] Initialized with mock data
[90mstdout[2m | src/components/VocabularyReview2.stories.tsx[2m > [22m[2mWith Summaries Expanded
[22m[39m[ChatContext] No current chat available, will create one
[90mstdout[2m | src/components/VocabularyReview2.stories.tsx[2m > [22m[2mWith Summaries Expanded
[22m[39m[ChatContext] Creating AssistantChat with user: undefined
[90mstdout[2m | src/components/VocabularyReview2.stories.tsx[2m > [22m[2mWith Summaries Expanded
[22m[39m[Mock Data] AssistantChat created: mock-assistantchat-1790417542726 - notified 1 subscribers
[90mstdout[2m | src/components/VocabularyReview2.stories.tsx[2m > [22m[2mWith Summaries Expanded
[22m[39m[ChatContext] Create result: {
  "data": {
    "_version": 1,
    "archived": false,
    "chatFiles": [Function anonymous],
    "createdAt": "2026-09-26T10:12:22.726Z",
    "id": "mock-assistantchat-1790417542726",
    "model": "gpt-4",
    "updatedAt": "2026-09-26T10:12:22.726Z",
  },
  "errors": [],
  "hasData": true,
  "hasErrors": true,
}
[90mstdout[2m | src/components/VocabularyReview2.stories.tsx[2m > [22m[2mWith Summaries Expanded
[22m[39m[ChatContext] Created AssistantChat: mock-assistantchat-1790417542726 at: 2026-09-26T10:12:22.726Z
[90mstdout[2m | src/components/VocabularyReview2.stories.tsx[2m > [22m[2mWith Summaries Expanded
[22m[39m[Mock Storage] downloadData called with: undefined
[90mstdout[2m | src/components/VocabularyReview2.stories.tsx[2m > [22m[2mWith Summaries Expanded
[22m[39m[ChatContext] Setting initial chat: mock-assistantchat-1790417542726
[90mstdout[2m | src/components/VocabularyReview2.stories.tsx[2m > [22m[2mWith Summaries Expanded
[22m[39m[ChatContext] Chat exists and not archived, skipping creation
[90mstdout[2m | src/components/VocabularyReview2.stories.tsx[2m > [22m[2mPlayground
[22m[39m[ChatContext] Cleaning up subscriptions
[90mstdout[2m | src/components/VocabularyReview2.stories.tsx[2m > [22m[2mPlayground
[22m[39m[Mock Data] Unit.onUpdate() subscription removed. Remaining: 0
[90mstdout[2m | src/components/VocabularyReview2.stories.tsx[2m > [22m[2mPlayground
[22m[39m[Preview] Skipped initializing default mock data (initializeMockData=false)
[90mstdout[2m | src/components/VocabularyReview2.stories.tsx[2m > [22m[2mPlayground
[22m[39m[Mock Data] seedMockDocuments: Adding 1 documents
[90mstdout[2m | src/components/VocabularyReview2.stories.tsx[2m > [22m[2mPlayground
[22m[39m[Mock Data] seedMockParsedContent: Adding 1 parsed content records
[90mstdout[2m | src/components/VocabularyReview2.stories.tsx[2m > [22m[2mPlayground
[22m[39m[MOCK CourseVectorStore] Initialized with mock data
[90mstdout[2m | src/components/VocabularyReview2.stories.tsx[2m > [22m[2mPlayground
[22m[39m[VocabularyReview2] Setting up ParsedContent subscription for user: undefined
[90mstdout[2m | src/components/VocabularyReview2.stories.tsx[2m > [22m[2mPlayground
[22m[39m[TranslationModeController] Setting mode to: off
[90mstdout[2m | src/components/VocabularyReview2.stories.tsx[2m > [22m[2mPlayground
[22m[39m[UnitContext] useEffect triggered {
  "authLoading": false,
  "hasUser": true,
  "id": "mock-unit-1",
  "userSub": "mock-user-sub",
}
[90mstdout[2m | src/components/VocabularyReview2.stories.tsx[2m > [22m[2mPlayground
[22m[39m[UnitContext] Fetching unit data for id: mock-unit-1
[90mstdout[2m | src/components/VocabularyReview2.stories.tsx[2m > [22m[2mPlayground
[22m[39m[FilesContext] Initializing vector store from IndexedDB
[90mstdout[2m | src/components/VocabularyReview2.stories.tsx[2m > [22m[2mPlayground
[22m[39m[FilesContext] fetchFiles called
[90mstdout[2m | src/components/VocabularyReview2.stories.tsx[2m > [22m[2mPlayground
[22m[39m[FilesContext] User authenticated: mock-user-sub
[90mstdout[2m | src/components/VocabularyReview2.stories.tsx[2m > [22m[2mPlayground
[22m[39m[FilesContext] Identity ID: us-east-1:mock-identity-123
[90mstdout[2m | src/components/VocabularyReview2.stories.tsx[2m > [22m[2mPlayground
[22m[39m[FilesContext] About to set up File observeQuery
[90mstdout[2m | src/components/VocabularyReview2.stories.tsx[2m > [22m[2mPlayground
[22m[39m[ChatContext] Setting up AssistantChat observeQuery
[90mstdout[2m | src/components/VocabularyReview2.stories.tsx[2m > [22m[2mPlayground
[22m[39m[ChatContext] Waiting for subscription to initialize
[90mstdout[2m | src/components/VocabularyReview2.stories.tsx[2m > [22m[2mPlayground
[22m[39m[SettingsContext] Setting up Settings subscription for user: mock-user-sub
[90mstdout[2m | src/components/VocabularyReview2.stories.tsx[2m > [22m[2mPlayground
[22m[39m[Mock Data] Settings created: mock-settings-1790417542959 - notified 0 subscribers
[90mstdout[2m | src/components/VocabularyReview2.stories.tsx[2m > [22m[2mPlayground
[22m[39m[Mock Data] Unit.onUpdate() subscription added. Total: 1
[90mstdout[2m | src/components/VocabularyReview2.stories.tsx[2m > [22m[2mPlayground
[22m[39m[SectionContext] Section observeQuery update: 0
[90mstdout[2m | src/components/VocabularyReview2.stories.tsx[2m > [22m[2mPlayground
[22m[39m[FilesContext] File observeQuery update: 0 files
[90mstdout[2m | src/components/VocabularyReview2.stories.tsx[2m > [22m[2mPlayground
[22m[39m[ChatContext] AssistantChat initialized with 0 chats
[90mstdout[2m | src/components/VocabularyReview2.stories.tsx[2m > [22m[2mPlayground
[22m[39m[MOCK CourseVectorStore] Initialized with mock data
[90mstdout[2m | src/components/VocabularyReview2.stories.tsx[2m > [22m[2mPlayground
[22m[39m[ChatContext] No current chat available, will create one
[90mstdout[2m | src/components/VocabularyReview2.stories.tsx[2m > [22m[2mPlayground
[22m[39m[ChatContext] Creating AssistantChat with user: undefined
[90mstdout[2m | src/components/VocabularyReview2.stories.tsx[2m > [22m[2mPlayground
[22m[39m[Mock Data] AssistantChat created: mock-assistantchat-1790417543107 - notified 1 subscribers
[90mstdout[2m | src/components/VocabularyReview2.stories.tsx[2m > [22m[2mPlayground
[22m[39m[ChatContext] Create result: {
  "data": {
    "_version": 1,
    "archived": false,
    "chatFiles": [Function anonymous],
    "createdAt": "2026-09-26T10:12:23.107Z",
    "id": "mock-assistantchat-1790417543107",
    "model": "gpt-4",
    "updatedAt": "2026-09-26T10:12:23.107Z",
  },
  "errors": [],
  "hasData": true,
  "hasErrors": true,
}
[90mstdout[2m | src/components/VocabularyReview2.stories.tsx[2m > [22m[2mPlayground
[22m[39m[ChatContext] Created AssistantChat: mock-assistantchat-1790417543107 at: 2026-09-26T10:12:23.107Z
[90mstdout[2m | src/components/VocabularyReview2.stories.tsx[2m > [22m[2mPlayground
[22m[39m[Mock Storage] downloadData called with: undefined
[90mstdout[2m | src/components/VocabularyReview2.stories.tsx[2m > [22m[2mPlayground
[22m[39m[ChatContext] Setting initial chat: mock-assistantchat-1790417543107
[90mstdout[2m | src/components/VocabularyReview2.stories.tsx[2m > [22m[2mPlayground
[22m[39m[ChatContext] Chat exists and not archived, skipping creation
 [32m✓[39m [30m[45m storybook (chromium) [49m[39m src/components/VocabularyReview2.stories.tsx [2m([22m[2m8 tests[22m[2m)[22m[33m 10010[2mms[22m[39m
   [33m[2m✓[22m[39m Default [33m 3202[2mms[22m[39m
   [33m[2m✓[22m[39m With Search Highlight [33m 3130[2mms[22m[39m
   [33m[2m✓[22m[39m Large List [33m 1671[2mms[22m[39m
   [33m[2m✓[22m[39m Already Imported [33m 578[2mms[22m[39m
   [33m[2m✓[22m[39m Minimal Data [33m 505[2mms[22m[39m
   [33m[2m✓[22m[39m Playground [33m 472[2mms[22m[39m
[90mstdout[2m | unknown test
[22m[39m[MOCK vectorStoreDB.js] Module loaded - mock IndexedDB operations
[90mstdout[2m | unknown test
[22m[39m[Task Completion] DOM action listeners initialized
[90mstdout[2m | unknown test
[22m[39m[Task Completion] Auto-completion detector initialized
[90mstdout[2m | unknown test
[22m[39m[Preview] Task completion detector initialized
[90mstdout[2m | src/components/ChatSidebar/EditableBlockPreview.stories.jsx[2m > [22m[2mQuiz Block
[22m[39m[MOCK CourseVectorStore] Initialized with mock data
[90mstdout[2m | src/components/ChatSidebar/EditableBlockPreview.stories.jsx[2m > [22m[2mQuiz Block
[22m[39m[TranslationModeController] Setting mode to: off
[90mstdout[2m | src/components/ChatSidebar/EditableBlockPreview.stories.jsx[2m > [22m[2mQuiz Block
[22m[39m[UnitContext] useEffect triggered {
  "authLoading": false,
  "hasUser": true,
  "id": "mock-unit-id",
  "userSub": "mock-user-sub",
}
[90mstdout[2m | src/components/ChatSidebar/EditableBlockPreview.stories.jsx[2m > [22m[2mQuiz Block
[22m[39m[UnitContext] Fetching unit data for id: mock-unit-id
[90mstdout[2m | src/components/ChatSidebar/EditableBlockPreview.stories.jsx[2m > [22m[2mQuiz Block
[22m[39m[FilesContext] Initializing vector store from IndexedDB
[90mstdout[2m | src/components/ChatSidebar/EditableBlockPreview.stories.jsx[2m > [22m[2mQuiz Block
[22m[39m[FilesContext] fetchFiles called
[90mstdout[2m | src/components/ChatSidebar/EditableBlockPreview.stories.jsx[2m > [22m[2mQuiz Block
[22m[39m[FilesContext] User authenticated: mock-user-sub
[90mstdout[2m | src/components/ChatSidebar/EditableBlockPreview.stories.jsx[2m > [22m[2mQuiz Block
[22m[39m[FilesContext] Identity ID: us-east-1:mock-identity-123
[90mstdout[2m | src/components/ChatSidebar/EditableBlockPreview.stories.jsx[2m > [22m[2mQuiz Block
[22m[39m[FilesContext] About to set up File observeQuery
[90mstdout[2m | src/components/ChatSidebar/EditableBlockPreview.stories.jsx[2m > [22m[2mQuiz Block
[22m[39m[ChatContext] Setting up AssistantChat observeQuery
[90mstdout[2m | src/components/ChatSidebar/EditableBlockPreview.stories.jsx[2m > [22m[2mQuiz Block
[22m[39m[ChatContext] Waiting for subscription to initialize
[90mstdout[2m | src/components/ChatSidebar/EditableBlockPreview.stories.jsx[2m > [22m[2mQuiz Block
[22m[39m[SettingsContext] Setting up Settings subscription for user: mock-user-sub
[90mstdout[2m | src/components/ChatSidebar/EditableBlockPreview.stories.jsx[2m > [22m[2mQuiz Block
[22m[39m[Mock Data] Settings created: mock-settings-1790417552362 - notified 0 subscribers
[90mstdout[2m | src/components/ChatSidebar/EditableBlockPreview.stories.jsx[2m > [22m[2mQuiz Block
[22m[39m[Mock Data] Unit.onUpdate() subscription added. Total: 1
[90mstdout[2m | src/components/ChatSidebar/EditableBlockPreview.stories.jsx[2m > [22m[2mQuiz Block
[22m[39m[SectionContext] Section observeQuery update: 0
[90mstdout[2m | src/components/ChatSidebar/EditableBlockPreview.stories.jsx[2m > [22m[2mQuiz Block
[22m[39m[FilesContext] File observeQuery update: 6 files
[90mstdout[2m | src/components/ChatSidebar/EditableBlockPreview.stories.jsx[2m > [22m[2mQuiz Block
[22m[39m[ChatContext] AssistantChat initialized with 1 chats
[90mstdout[2m | src/components/ChatSidebar/EditableBlockPreview.stories.jsx[2m > [22m[2mQuiz Block
[22m[39m[ChatContext] Setting initial chat: mock-assistant-chat-1
[90mstdout[2m | src/components/ChatSidebar/EditableBlockPreview.stories.jsx[2m > [22m[2mQuiz Block
[22m[39m[MOCK CourseVectorStore] Initialized with mock data
[90mstdout[2m | src/components/ChatSidebar/EditableBlockPreview.stories.jsx[2m > [22m[2mQuiz Block
[22m[39m[FilesContext] Vector store population triggered {
  "currentVectorStoreSize": 3,
  "documentsCount": 0,
  "filesCount": 6,
  "isInitialLoad": true,
}
[90mstdout[2m | src/components/ChatSidebar/EditableBlockPreview.stories.jsx[2m > [22m[2mQuiz Block
[22m[39m[FilesContext] Vector store population complete - 3 total embeddings
[90mstdout[2m | src/components/ChatSidebar/EditableBlockPreview.stories.jsx[2m > [22m[2mQuiz Block
[22m[39m[ChatContext] Chat exists and not archived, skipping creation
[90mstdout[2m | src/components/ChatSidebar/EditableBlockPreview.stories.jsx[2m > [22m[2mQuiz Block
[22m[39m[Mock Storage] downloadData called with: undefined
[90mstdout[2m | src/components/ChatSidebar/EditableBlockPreview.stories.jsx[2m > [22m[2mAnswer Block
[22m[39m[ChatContext] Cleaning up subscriptions
[90mstdout[2m | src/components/ChatSidebar/EditableBlockPreview.stories.jsx[2m > [22m[2mAnswer Block
[22m[39m[Mock Data] Unit.onUpdate() subscription removed. Remaining: 0
[90mstdout[2m | src/components/ChatSidebar/EditableBlockPreview.stories.jsx[2m > [22m[2mAnswer Block
[22m[39m[MOCK CourseVectorStore] Initialized with mock data
[90mstdout[2m | src/components/ChatSidebar/EditableBlockPreview.stories.jsx[2m > [22m[2mAnswer Block
[22m[39m[Mock Data] seedMockWords: Adding 2 words
[90mstdout[2m | src/components/ChatSidebar/EditableBlockPreview.stories.jsx[2m > [22m[2mAnswer Block
[22m[39m[TranslationModeController] Setting mode to: off
[90mstdout[2m | src/components/ChatSidebar/EditableBlockPreview.stories.jsx[2m > [22m[2mAnswer Block
[22m[39m[UnitContext] useEffect triggered {
  "authLoading": false,
  "hasUser": true,
  "id": "mock-unit-id",
  "userSub": "mock-user-sub",
}
[90mstdout[2m | src/components/ChatSidebar/EditableBlockPreview.stories.jsx[2m > [22m[2mAnswer Block
[22m[39m[UnitContext] Fetching unit data for id: mock-unit-id
[90mstdout[2m | src/components/ChatSidebar/EditableBlockPreview.stories.jsx[2m > [22m[2mAnswer Block
[22m[39m[FilesContext] Initializing vector store from IndexedDB
[90mstdout[2m | src/components/ChatSidebar/EditableBlockPreview.stories.jsx[2m > [22m[2mAnswer Block
[22m[39m[FilesContext] fetchFiles called
[90mstdout[2m | src/components/ChatSidebar/EditableBlockPreview.stories.jsx[2m > [22m[2mAnswer Block
[22m[39m[FilesContext] User authenticated: mock-user-sub
[90mstdout[2m | src/components/ChatSidebar/EditableBlockPreview.stories.jsx[2m > [22m[2mAnswer Block
[22m[39m[FilesContext] Identity ID: us-east-1:mock-identity-123
[90mstdout[2m | src/components/ChatSidebar/EditableBlockPreview.stories.jsx[2m > [22m[2mAnswer Block
[22m[39m[FilesContext] About to set up File observeQuery
[90mstdout[2m | src/components/ChatSidebar/EditableBlockPreview.stories.jsx[2m > [22m[2mAnswer Block
[22m[39m[ChatContext] Setting up AssistantChat observeQuery
[90mstdout[2m | src/components/ChatSidebar/EditableBlockPreview.stories.jsx[2m > [22m[2mAnswer Block
[22m[39m[ChatContext] Waiting for subscription to initialize
[90mstdout[2m | src/components/ChatSidebar/EditableBlockPreview.stories.jsx[2m > [22m[2mAnswer Block
[22m[39m[SettingsContext] Setting up Settings subscription for user: mock-user-sub
[90mstdout[2m | src/components/ChatSidebar/EditableBlockPreview.stories.jsx[2m > [22m[2mAnswer Block
[22m[39m[Mock Data] Settings created: mock-settings-1790417553333 - notified 0 subscribers
[90mstdout[2m | src/components/ChatSidebar/EditableBlockPreview.stories.jsx[2m > [22m[2mAnswer Block
[22m[39m[Mock Data] Unit.onUpdate() subscription added. Total: 1
[90mstdout[2m | src/components/ChatSidebar/EditableBlockPreview.stories.jsx[2m > [22m[2mAnswer Block
[22m[39m[SectionContext] Section observeQuery update: 0
[90mstdout[2m | src/components/ChatSidebar/EditableBlockPreview.stories.jsx[2m > [22m[2mAnswer Block
[22m[39m[FilesContext] File observeQuery update: 6 files
[90mstdout[2m | src/components/ChatSidebar/EditableBlockPreview.stories.jsx[2m > [22m[2mAnswer Block
[22m[39m[ChatContext] AssistantChat initialized with 1 chats
[90mstdout[2m | src/components/ChatSidebar/EditableBlockPreview.stories.jsx[2m > [22m[2mAnswer Block
[22m[39m[ChatContext] Setting initial chat: mock-assistant-chat-1
[90mstdout[2m | src/components/ChatSidebar/EditableBlockPreview.stories.jsx[2m > [22m[2mAnswer Block
[22m[39m[Mock Storage] downloadData called with: undefined
[90mstdout[2m | src/components/ChatSidebar/EditableBlockPreview.stories.jsx[2m > [22m[2mAnswer Block
[22m[39m[MOCK CourseVectorStore] Initialized with mock data
[90mstdout[2m | src/components/ChatSidebar/EditableBlockPreview.stories.jsx[2m > [22m[2mAnswer Block
[22m[39m[FilesContext] Vector store population triggered {
  "currentVectorStoreSize": 3,
  "documentsCount": 0,
  "filesCount": 6,
  "isInitialLoad": true,
}
[90mstdout[2m | src/components/ChatSidebar/EditableBlockPreview.stories.jsx[2m > [22m[2mAnswer Block
[22m[39m[FilesContext] Vector store population complete - 3 total embeddings
[90mstdout[2m | src/components/ChatSidebar/EditableBlockPreview.stories.jsx[2m > [22m[2mAnswer Block
[22m[39m[ChatContext] Chat exists and not archived, skipping creation
[90mstdout[2m | src/components/ChatSidebar/EditableBlockPreview.stories.jsx[2m > [22m[2mMeaning Association Block
[22m[39m[ChatContext] Cleaning up subscriptions
[90mstdout[2m | src/components/ChatSidebar/EditableBlockPreview.stories.jsx[2m > [22m[2mMeaning Association Block
[22m[39m[Mock Data] Unit.onUpdate() subscription removed. Remaining: 0
[90mstdout[2m | src/components/ChatSidebar/EditableBlockPreview.stories.jsx[2m > [22m[2mMeaning Association Block
[22m[39m[MOCK CourseVectorStore] Initialized with mock data
[90mstdout[2m | src/components/ChatSidebar/EditableBlockPreview.stories.jsx[2m > [22m[2mMeaning Association Block
[22m[39m[Mock Data] seedMockWords: Adding 2 words
[90mstdout[2m | src/components/ChatSidebar/EditableBlockPreview.stories.jsx[2m > [22m[2mMeaning Association Block
[22m[39m[TranslationModeController] Setting mode to: off
[90mstdout[2m | src/components/ChatSidebar/EditableBlockPreview.stories.jsx[2m > [22m[2mMeaning Association Block
[22m[39m[UnitContext] useEffect triggered {
  "authLoading": false,
  "hasUser": true,
  "id": "mock-unit-id",
  "userSub": "mock-user-sub",
}
[90mstdout[2m | src/components/ChatSidebar/EditableBlockPreview.stories.jsx[2m > [22m[2mMeaning Association Block
[22m[39m[UnitContext] Fetching unit data for id: mock-unit-id
[90mstdout[2m | src/components/ChatSidebar/EditableBlockPreview.stories.jsx[2m > [22m[2mMeaning Association Block
[22m[39m[FilesContext] Initializing vector store from IndexedDB
[90mstdout[2m | src/components/ChatSidebar/EditableBlockPreview.stories.jsx[2m > [22m[2mMeaning Association Block
[22m[39m[FilesContext] fetchFiles called
[90mstdout[2m | src/components/ChatSidebar/EditableBlockPreview.stories.jsx[2m > [22m[2mMeaning Association Block
[22m[39m[FilesContext] User authenticated: mock-user-sub
[90mstdout[2m | src/components/ChatSidebar/EditableBlockPreview.stories.jsx[2m > [22m[2mMeaning Association Block
[22m[39m[FilesContext] Identity ID: us-east-1:mock-identity-123
[90mstdout[2m | src/components/ChatSidebar/EditableBlockPreview.stories.jsx[2m > [22m[2mMeaning Association Block
[22m[39m[FilesContext] About to set up File observeQuery
[90mstdout[2m | src/components/ChatSidebar/EditableBlockPreview.stories.jsx[2m > [22m[2mMeaning Association Block
[22m[39m[ChatContext] Setting up AssistantChat observeQuery
[90mstdout[2m | src/components/ChatSidebar/EditableBlockPreview.stories.jsx[2m > [22m[2mMeaning Association Block
[22m[39m[ChatContext] Waiting for subscription to initialize
[90mstdout[2m | src/components/ChatSidebar/EditableBlockPreview.stories.jsx[2m > [22m[2mMeaning Association Block
[22m[39m[SettingsContext] Setting up Settings subscription for user: mock-user-sub
[90mstdout[2m | src/components/ChatSidebar/EditableBlockPreview.stories.jsx[2m > [22m[2mMeaning Association Block
[22m[39m[Mock Data] Settings created: mock-settings-1790417554180 - notified 0 subscribers
[90mstdout[2m | src/components/ChatSidebar/EditableBlockPreview.stories.jsx[2m > [22m[2mMeaning Association Block
[22m[39m[Mock Data] Unit.onUpdate() subscription added. Total: 1
[90mstdout[2m | src/components/ChatSidebar/EditableBlockPreview.stories.jsx[2m > [22m[2mMeaning Association Block
[22m[39m[SectionContext] Section observeQuery update: 0
[90mstdout[2m | src/components/ChatSidebar/EditableBlockPreview.stories.jsx[2m > [22m[2mMeaning Association Block
[22m[39m[FilesContext] File observeQuery update: 6 files
[90mstdout[2m | src/components/ChatSidebar/EditableBlockPreview.stories.jsx[2m > [22m[2mMeaning Association Block
[22m[39m[ChatContext] AssistantChat initialized with 1 chats
[90mstdout[2m | src/components/ChatSidebar/EditableBlockPreview.stories.jsx[2m > [22m[2mMeaning Association Block
[22m[39m[ChatContext] Setting initial chat: mock-assistant-chat-1
[90mstdout[2m | src/components/ChatSidebar/EditableBlockPreview.stories.jsx[2m > [22m[2mMeaning Association Block
[22m[39m[MOCK CourseVectorStore] Initialized with mock data
[90mstdout[2m | src/components/ChatSidebar/EditableBlockPreview.stories.jsx[2m > [22m[2mMeaning Association Block
[22m[39m[FilesContext] Vector store population triggered {
  "currentVectorStoreSize": 3,
  "documentsCount": 0,
  "filesCount": 6,
  "isInitialLoad": true,
}
[90mstdout[2m | src/components/ChatSidebar/EditableBlockPreview.stories.jsx[2m > [22m[2mMeaning Association Block
[22m[39m[FilesContext] Vector store population complete - 3 total embeddings
[90mstdout[2m | src/components/ChatSidebar/EditableBlockPreview.stories.jsx[2m > [22m[2mMeaning Association Block
[22m[39m[ChatContext] Chat exists and not archived, skipping creation
[90mstdout[2m | src/components/ChatSidebar/EditableBlockPreview.stories.jsx[2m > [22m[2mMeaning Association Block
[22m[39m[Mock Storage] downloadData called with: undefined
[90mstdout[2m | src/components/ChatSidebar/EditableBlockPreview.stories.jsx[2m > [22m[2mCustom Answer Block
[22m[39m[ChatContext] Cleaning up subscriptions
[90mstdout[2m | src/components/ChatSidebar/EditableBlockPreview.stories.jsx[2m > [22m[2mCustom Answer Block
[22m[39m[Mock Data] Unit.onUpdate() subscription removed. Remaining: 0
[90mstdout[2m | src/components/ChatSidebar/EditableBlockPreview.stories.jsx[2m > [22m[2mCustom Answer Block
[22m[39m[MOCK CourseVectorStore] Initialized with mock data
[90mstdout[2m | src/components/ChatSidebar/EditableBlockPreview.stories.jsx[2m > [22m[2mCustom Answer Block
[22m[39m[Mock Data] seedMockQuestions: Adding 1 questions
[90mstdout[2m | src/components/ChatSidebar/EditableBlockPreview.stories.jsx[2m > [22m[2mCustom Answer Block
[22m[39m[TranslationModeController] Setting mode to: off
[90mstdout[2m | src/components/ChatSidebar/EditableBlockPreview.stories.jsx[2m > [22m[2mCustom Answer Block
[22m[39m[UnitContext] useEffect triggered {
  "authLoading": false,
  "hasUser": true,
  "id": "mock-unit-id",
  "userSub": "mock-user-sub",
}
[90mstdout[2m | src/components/ChatSidebar/EditableBlockPreview.stories.jsx[2m > [22m[2mCustom Answer Block
[22m[39m[UnitContext] Fetching unit data for id: mock-unit-id
[90mstdout[2m | src/components/ChatSidebar/EditableBlockPreview.stories.jsx[2m > [22m[2mCustom Answer Block
[22m[39m[FilesContext] Initializing vector store from IndexedDB
[90mstdout[2m | src/components/ChatSidebar/EditableBlockPreview.stories.jsx[2m > [22m[2mCustom Answer Block
[22m[39m[FilesContext] fetchFiles called
[90mstdout[2m | src/components/ChatSidebar/EditableBlockPreview.stories.jsx[2m > [22m[2mCustom Answer Block
[22m[39m[FilesContext] User authenticated: mock-user-sub
[90mstdout[2m | src/components/ChatSidebar/EditableBlockPreview.stories.jsx[2m > [22m[2mCustom Answer Block
[22m[39m[FilesContext] Identity ID: us-east-1:mock-identity-123
[90mstdout[2m | src/components/ChatSidebar/EditableBlockPreview.stories.jsx[2m > [22m[2mCustom Answer Block
[22m[39m[FilesContext] About to set up File observeQuery
[90mstdout[2m | src/components/ChatSidebar/EditableBlockPreview.stories.jsx[2m > [22m[2mCustom Answer Block
[22m[39m[ChatContext] Setting up AssistantChat observeQuery
[90mstdout[2m | src/components/ChatSidebar/EditableBlockPreview.stories.jsx[2m > [22m[2mCustom Answer Block
[22m[39m[ChatContext] Waiting for subscription to initialize
[90mstdout[2m | src/components/ChatSidebar/EditableBlockPreview.stories.jsx[2m > [22m[2mCustom Answer Block
[22m[39m[SettingsContext] Setting up Settings subscription for user: mock-user-sub
[90mstdout[2m | src/components/ChatSidebar/EditableBlockPreview.stories.jsx[2m > [22m[2mCustom Answer Block
[22m[39m[Mock Data] Settings created: mock-settings-1790417554841 - notified 0 subscribers
[90mstdout[2m | src/components/ChatSidebar/EditableBlockPreview.stories.jsx[2m > [22m[2mCustom Answer Block
[22m[39m[Mock Data] Unit.onUpdate() subscription added. Total: 1
[90mstdout[2m | src/components/ChatSidebar/EditableBlockPreview.stories.jsx[2m > [22m[2mCustom Answer Block
[22m[39m[SectionContext] Section observeQuery update: 0
[90mstdout[2m | src/components/ChatSidebar/EditableBlockPreview.stories.jsx[2m > [22m[2mCustom Answer Block
[22m[39m[FilesContext] File observeQuery update: 6 files
[90mstdout[2m | src/components/ChatSidebar/EditableBlockPreview.stories.jsx[2m > [22m[2mCustom Answer Block
[22m[39m[ChatContext] AssistantChat initialized with 1 chats
[90mstdout[2m | src/components/ChatSidebar/EditableBlockPreview.stories.jsx[2m > [22m[2mCustom Answer Block
[22m[39m[ChatContext] Setting initial chat: mock-assistant-chat-1
[90mstdout[2m | src/components/ChatSidebar/EditableBlockPreview.stories.jsx[2m > [22m[2mCustom Answer Block
[22m[39m[MOCK CourseVectorStore] Initialized with mock data
[90mstdout[2m | src/components/ChatSidebar/EditableBlockPreview.stories.jsx[2m > [22m[2mCustom Answer Block
[22m[39m[FilesContext] Vector store population triggered {
  "currentVectorStoreSize": 3,
  "documentsCount": 0,
  "filesCount": 6,
  "isInitialLoad": true,
}
[90mstdout[2m | src/components/ChatSidebar/EditableBlockPreview.stories.jsx[2m > [22m[2mCustom Answer Block
[22m[39m[FilesContext] Vector store population complete - 3 total embeddings
[90mstdout[2m | src/components/ChatSidebar/EditableBlockPreview.stories.jsx[2m > [22m[2mCustom Answer Block
[22m[39m[ChatContext] Chat exists and not archived, skipping creation
[90mstdout[2m | src/components/ChatSidebar/EditableBlockPreview.stories.jsx[2m > [22m[2mCustom Answer Block
[22m[39m[Mock Storage] downloadData called with: undefined
[90mstdout[2m | src/components/ChatSidebar/EditableBlockPreview.stories.jsx[2m > [22m[2mWith Regenerate
[22m[39m[ChatContext] Cleaning up subscriptions
[90mstdout[2m | src/components/ChatSidebar/EditableBlockPreview.stories.jsx[2m > [22m[2mWith Regenerate
[22m[39m[Mock Data] Unit.onUpdate() subscription removed. Remaining: 0
[90mstdout[2m | src/components/ChatSidebar/EditableBlockPreview.stories.jsx[2m > [22m[2mWith Regenerate
[22m[39m[MOCK CourseVectorStore] Initialized with mock data
[90mstdout[2m | src/components/ChatSidebar/EditableBlockPreview.stories.jsx[2m > [22m[2mWith Regenerate
[22m[39m[TranslationModeController] Setting mode to: off
[90mstdout[2m | src/components/ChatSidebar/EditableBlockPreview.stories.jsx[2m > [22m[2mWith Regenerate
[22m[39m[UnitContext] useEffect triggered {
  "authLoading": false,
  "hasUser": true,
  "id": "mock-unit-id",
  "userSub": "mock-user-sub",
}
[90mstdout[2m | src/components/ChatSidebar/EditableBlockPreview.stories.jsx[2m > [22m[2mWith Regenerate
[22m[39m[UnitContext] Fetching unit data for id: mock-unit-id
[90mstdout[2m | src/components/ChatSidebar/EditableBlockPreview.stories.jsx[2m > [22m[2mWith Regenerate
[22m[39m[FilesContext] Initializing vector store from IndexedDB
[90mstdout[2m | src/components/ChatSidebar/EditableBlockPreview.stories.jsx[2m > [22m[2mWith Regenerate
[22m[39m[FilesContext] fetchFiles called
[90mstdout[2m | src/components/ChatSidebar/EditableBlockPreview.stories.jsx[2m > [22m[2mWith Regenerate
[22m[39m[FilesContext] User authenticated: mock-user-sub
[90mstdout[2m | src/components/ChatSidebar/EditableBlockPreview.stories.jsx[2m > [22m[2mWith Regenerate
[22m[39m[FilesContext] Identity ID: us-east-1:mock-identity-123
[90mstdout[2m | src/components/ChatSidebar/EditableBlockPreview.stories.jsx[2m > [22m[2mWith Regenerate
[22m[39m[FilesContext] About to set up File observeQuery
[90mstdout[2m | src/components/ChatSidebar/EditableBlockPreview.stories.jsx[2m > [22m[2mWith Regenerate
[22m[39m[ChatContext] Setting up AssistantChat observeQuery
[90mstdout[2m | src/components/ChatSidebar/EditableBlockPreview.stories.jsx[2m > [22m[2mWith Regenerate
[22m[39m[ChatContext] Waiting for subscription to initialize
[90mstdout[2m | src/components/ChatSidebar/EditableBlockPreview.stories.jsx[2m > [22m[2mWith Regenerate
[22m[39m[SettingsContext] Setting up Settings subscription for user: mock-user-sub
[90mstdout[2m | src/components/ChatSidebar/EditableBlockPreview.stories.jsx[2m > [22m[2mWith Regenerate
[22m[39m[Mock Data] Settings created: mock-settings-1790417555439 - notified 0 subscribers
[90mstdout[2m | src/components/ChatSidebar/EditableBlockPreview.stories.jsx[2m > [22m[2mWith Regenerate
[22m[39m[Mock Data] Unit.onUpdate() subscription added. Total: 1
[90mstdout[2m | src/components/ChatSidebar/EditableBlockPreview.stories.jsx[2m > [22m[2mWith Regenerate
[22m[39m[SectionContext] Section observeQuery update: 0
[90mstdout[2m | src/components/ChatSidebar/EditableBlockPreview.stories.jsx[2m > [22m[2mWith Regenerate
[22m[39m[FilesContext] File observeQuery update: 6 files
[90mstdout[2m | src/components/ChatSidebar/EditableBlockPreview.stories.jsx[2m > [22m[2mWith Regenerate
[22m[39m[ChatContext] AssistantChat initialized with 1 chats
[90mstdout[2m | src/components/ChatSidebar/EditableBlockPreview.stories.jsx[2m > [22m[2mWith Regenerate
[22m[39m[ChatContext] Setting initial chat: mock-assistant-chat-1
[90mstdout[2m | src/components/ChatSidebar/EditableBlockPreview.stories.jsx[2m > [22m[2mWith Regenerate
[22m[39m[MOCK CourseVectorStore] Initialized with mock data
[90mstdout[2m | src/components/ChatSidebar/EditableBlockPreview.stories.jsx[2m > [22m[2mWith Regenerate
[22m[39m[FilesContext] Vector store population triggered {
  "currentVectorStoreSize": 3,
  "documentsCount": 0,
  "filesCount": 6,
  "isInitialLoad": true,
}
[90mstdout[2m | src/components/ChatSidebar/EditableBlockPreview.stories.jsx[2m > [22m[2mWith Regenerate
[22m[39m[FilesContext] Vector store population complete - 3 total embeddings
[90mstdout[2m | src/components/ChatSidebar/EditableBlockPreview.stories.jsx[2m > [22m[2mWith Regenerate
[22m[39m[ChatContext] Chat exists and not archived, skipping creation
[90mstdout[2m | src/components/ChatSidebar/EditableBlockPreview.stories.jsx[2m > [22m[2mWith Regenerate
[22m[39m[Mock Storage] downloadData called with: undefined
 [32m✓[39m [30m[45m storybook (chromium) [49m[39m src/components/ChatSidebar/EditableBlockPreview.stories.jsx [2m([22m[2m5 tests[22m[2m)[22m[33m 3580[2mms[22m[39m
   [33m[2m✓[22m[39m Quiz Block [33m 926[2mms[22m[39m
   [33m[2m✓[22m[39m Answer Block [33m 924[2mms[22m[39m
   [33m[2m✓[22m[39m Meaning Association Block [33m 707[2mms[22m[39m
   [33m[2m✓[22m[39m Custom Answer Block [33m 649[2mms[22m[39m
   [33m[2m✓[22m[39m With Regenerate [33m 374[2mms[22m[39m
[90mstdout[2m | unknown test
[22m[39m[MOCK vectorStoreDB.js] Module loaded - mock IndexedDB operations
[90mstdout[2m | unknown test
[22m[39m[Task Completion] DOM action listeners initialized
[90mstdout[2m | unknown test
[22m[39m[Task Completion] Auto-completion detector initialized
[90mstdout[2m | unknown test
[22m[39m[Preview] Task completion detector initialized
[90mstdout[2m | src/components/Gamification/PixelSpriteMascot.stories.tsx[2m > [22m[2mDefault
[22m[39m[TranslationModeController] Setting mode to: off
[90mstdout[2m | src/components/Gamification/PixelSpriteMascot.stories.tsx[2m > [22m[2mAll Stages
[22m[39m[TranslationModeController] Setting mode to: off
[90mstdout[2m | src/components/Gamification/PixelSpriteMascot.stories.tsx[2m > [22m[2mDifferent Seeds
[22m[39m[TranslationModeController] Setting mode to: off
[90mstdout[2m | src/components/Gamification/PixelSpriteMascot.stories.tsx[2m > [22m[2mSleeping
[22m[39m[TranslationModeController] Setting mode to: off
[90mstdout[2m | src/components/Gamification/PixelSpriteMascot.stories.tsx[2m > [22m[2mSquad Pet
[22m[39m[TranslationModeController] Setting mode to: off
[90mstdout[2m | src/components/Gamification/PixelSpriteMascot.stories.tsx[2m > [22m[2mBoss Monster
[22m[39m[TranslationModeController] Setting mode to: off
[90mstdout[2m | src/components/Gamification/PixelSpriteMascot.stories.tsx[2m > [22m[2mBorrowed Accessories
[22m[39m[TranslationModeController] Setting mode to: off
[90mstdout[2m | src/components/Gamification/PixelSpriteMascot.stories.tsx[2m > [22m[2mBorrowed Hats
[22m[39m[TranslationModeController] Setting mode to: off
[90mstdout[2m | src/components/Gamification/PixelSpriteMascot.stories.tsx[2m > [22m[2mBorrowed Across Stages
[22m[39m[TranslationModeController] Setting mode to: off
 [32m✓[39m [30m[45m storybook (chromium) [49m[39m src/components/Gamification/PixelSpriteMascot.stories.tsx [2m([22m[2m9 tests[22m[2m)[22m[33m 5676[2mms[22m[39m
   [33m[2m✓[22m[39m All Stages [33m 895[2mms[22m[39m
   [33m[2m✓[22m[39m Different Seeds [33m 913[2mms[22m[39m
   [33m[2m✓[22m[39m Borrowed Accessories [33m 856[2mms[22m[39m
   [33m[2m✓[22m[39m Borrowed Hats [33m 1132[2mms[22m[39m
   [33m[2m✓[22m[39m Borrowed Across Stages [33m 836[2mms[22m[39m
[90mstdout[2m | unknown test
[22m[39m[MOCK vectorStoreDB.js] Module loaded - mock IndexedDB operations
[90mstdout[2m | unknown test
[22m[39m[Task Completion] DOM action listeners initialized
[90mstdout[2m | unknown test
[22m[39m[Task Completion] Auto-completion detector initialized
[90mstdout[2m | unknown test
[22m[39m[Preview] Task completion detector initialized
[90mstdout[2m | src/components/QuestionsReview2.stories.tsx[2m > [22m[2mDefault
[22m[39m[Preview] Skipped initializing default mock data (initializeMockData=false)
[90mstdout[2m | src/components/QuestionsReview2.stories.tsx[2m > [22m[2mDefault
[22m[39m[Mock Data] seedMockDocuments: Adding 1 documents
[90mstdout[2m | src/components/QuestionsReview2.stories.tsx[2m > [22m[2mDefault
[22m[39m[Mock Data] seedMockParsedContent: Adding 1 parsed content records
[90mstdout[2m | src/components/QuestionsReview2.stories.tsx[2m > [22m[2mDefault
[22m[39m[MOCK CourseVectorStore] Initialized with mock data
[90mstdout[2m | src/components/QuestionsReview2.stories.tsx[2m > [22m[2mDefault
[22m[39m[TranslationModeController] Setting mode to: off
[90mstdout[2m | src/components/QuestionsReview2.stories.tsx[2m > [22m[2mDefault
[22m[39m[UnitContext] useEffect triggered {
  "authLoading": false,
  "hasUser": true,
  "id": "mock-unit-1",
  "userSub": "mock-user-sub",
}
[90mstdout[2m | src/components/QuestionsReview2.stories.tsx[2m > [22m[2mDefault
[22m[39m[UnitContext] Fetching unit data for id: mock-unit-1
[90mstdout[2m | src/components/QuestionsReview2.stories.tsx[2m > [22m[2mDefault
[22m[39m[FilesContext] Initializing vector store from IndexedDB
[90mstdout[2m | src/components/QuestionsReview2.stories.tsx[2m > [22m[2mDefault
[22m[39m[FilesContext] fetchFiles called
[90mstdout[2m | src/components/QuestionsReview2.stories.tsx[2m > [22m[2mDefault
[22m[39m[FilesContext] User authenticated: mock-user-sub
[90mstdout[2m | src/components/QuestionsReview2.stories.tsx[2m > [22m[2mDefault
[22m[39m[FilesContext] Identity ID: us-east-1:mock-identity-123
[90mstdout[2m | src/components/QuestionsReview2.stories.tsx[2m > [22m[2mDefault
[22m[39m[FilesContext] About to set up File observeQuery
[90mstdout[2m | src/components/QuestionsReview2.stories.tsx[2m > [22m[2mDefault
[22m[39m[ChatContext] Setting up AssistantChat observeQuery
[90mstdout[2m | src/components/QuestionsReview2.stories.tsx[2m > [22m[2mDefault
[22m[39m[ChatContext] Waiting for subscription to initialize
[90mstdout[2m | src/components/QuestionsReview2.stories.tsx[2m > [22m[2mDefault
[22m[39m[SettingsContext] Setting up Settings subscription for user: mock-user-sub
[90mstdout[2m | src/components/QuestionsReview2.stories.tsx[2m > [22m[2mDefault
[22m[39m[Mock Data] Settings created: mock-settings-1790417569432 - notified 0 subscribers
[90mstdout[2m | src/components/QuestionsReview2.stories.tsx[2m > [22m[2mDefault
[22m[39m[Mock Data] Unit.onUpdate() subscription added. Total: 1
[90mstdout[2m | src/components/QuestionsReview2.stories.tsx[2m > [22m[2mDefault
[22m[39m[SectionContext] Section observeQuery update: 0
[90mstdout[2m | src/components/QuestionsReview2.stories.tsx[2m > [22m[2mDefault
[22m[39m[FilesContext] File observeQuery update: 0 files
[90mstdout[2m | src/components/QuestionsReview2.stories.tsx[2m > [22m[2mDefault
[22m[39m[ChatContext] AssistantChat initialized with 0 chats
[90mstdout[2m | src/components/QuestionsReview2.stories.tsx[2m > [22m[2mDefault
[22m[39m[Mock Storage] downloadData called with: undefined
[90mstdout[2m | src/components/QuestionsReview2.stories.tsx[2m > [22m[2mDefault
[22m[39m[MOCK CourseVectorStore] Initialized with mock data
[90mstdout[2m | src/components/QuestionsReview2.stories.tsx[2m > [22m[2mDefault
[22m[39m[ChatContext] No current chat available, will create one
[90mstdout[2m | src/components/QuestionsReview2.stories.tsx[2m > [22m[2mDefault
[22m[39m[ChatContext] Creating AssistantChat with user: undefined
[90mstdout[2m | src/components/QuestionsReview2.stories.tsx[2m > [22m[2mDefault
[22m[39m[Mock Data] AssistantChat created: mock-assistantchat-1790417569737 - notified 1 subscribers
[90mstdout[2m | src/components/QuestionsReview2.stories.tsx[2m > [22m[2mDefault
[22m[39m[ChatContext] Create result: {
  "data": {
    "_version": 1,
    "archived": false,
    "chatFiles": [Function anonymous],
    "createdAt": "2026-09-26T10:12:49.737Z",
    "id": "mock-assistantchat-1790417569737",
    "model": "gpt-4",
    "updatedAt": "2026-09-26T10:12:49.737Z",
  },
  "errors": [],
  "hasData": true,
  "hasErrors": true,
}
[90mstdout[2m | src/components/QuestionsReview2.stories.tsx[2m > [22m[2mDefault
[22m[39m[ChatContext] Created AssistantChat: mock-assistantchat-1790417569737 at: 2026-09-26T10:12:49.737Z
[90mstdout[2m | src/components/QuestionsReview2.stories.tsx[2m > [22m[2mDefault
[22m[39m[ChatContext] Setting initial chat: mock-assistantchat-1790417569737
[90mstdout[2m | src/components/QuestionsReview2.stories.tsx[2m > [22m[2mDefault
[22m[39m[ChatContext] Chat exists and not archived, skipping creation
[90mstdout[2m | src/components/QuestionsReview2.stories.tsx[2m > [22m[2mWith Search Highlight
[22m[39m[ChatContext] Cleaning up subscriptions
[90mstdout[2m | src/components/QuestionsReview2.stories.tsx[2m > [22m[2mWith Search Highlight
[22m[39m[Mock Data] Unit.onUpdate() subscription removed. Remaining: 0
[90mstdout[2m | src/components/QuestionsReview2.stories.tsx[2m > [22m[2mWith Search Highlight
[22m[39m[Preview] Skipped initializing default mock data (initializeMockData=false)
[90mstdout[2m | src/components/QuestionsReview2.stories.tsx[2m > [22m[2mWith Search Highlight
[22m[39m[Mock Data] seedMockDocuments: Adding 1 documents
[90mstdout[2m | src/components/QuestionsReview2.stories.tsx[2m > [22m[2mWith Search Highlight
[22m[39m[Mock Data] seedMockParsedContent: Adding 1 parsed content records
[90mstdout[2m | src/components/QuestionsReview2.stories.tsx[2m > [22m[2mWith Search Highlight
[22m[39m[MOCK CourseVectorStore] Initialized with mock data
[90mstdout[2m | src/components/QuestionsReview2.stories.tsx[2m > [22m[2mWith Search Highlight
[22m[39m[TranslationModeController] Setting mode to: off
[90mstdout[2m | src/components/QuestionsReview2.stories.tsx[2m > [22m[2mWith Search Highlight
[22m[39m[UnitContext] useEffect triggered {
  "authLoading": false,
  "hasUser": true,
  "id": "mock-unit-1",
  "userSub": "mock-user-sub",
}
[90mstdout[2m | src/components/QuestionsReview2.stories.tsx[2m > [22m[2mWith Search Highlight
[22m[39m[UnitContext] Fetching unit data for id: mock-unit-1
[90mstdout[2m | src/components/QuestionsReview2.stories.tsx[2m > [22m[2mWith Search Highlight
[22m[39m[FilesContext] Initializing vector store from IndexedDB
[90mstdout[2m | src/components/QuestionsReview2.stories.tsx[2m > [22m[2mWith Search Highlight
[22m[39m[FilesContext] fetchFiles called
[90mstdout[2m | src/components/QuestionsReview2.stories.tsx[2m > [22m[2mWith Search Highlight
[22m[39m[FilesContext] User authenticated: mock-user-sub
[90mstdout[2m | src/components/QuestionsReview2.stories.tsx[2m > [22m[2mWith Search Highlight
[22m[39m[FilesContext] Identity ID: us-east-1:mock-identity-123
[90mstdout[2m | src/components/QuestionsReview2.stories.tsx[2m > [22m[2mWith Search Highlight
[22m[39m[FilesContext] About to set up File observeQuery
[90mstdout[2m | src/components/QuestionsReview2.stories.tsx[2m > [22m[2mWith Search Highlight
[22m[39m[ChatContext] Setting up AssistantChat observeQuery
[90mstdout[2m | src/components/QuestionsReview2.stories.tsx[2m > [22m[2mWith Search Highlight
[22m[39m[ChatContext] Waiting for subscription to initialize
[90mstdout[2m | src/components/QuestionsReview2.stories.tsx[2m > [22m[2mWith Search Highlight
[22m[39m[SettingsContext] Setting up Settings subscription for user: mock-user-sub
[90mstdout[2m | src/components/QuestionsReview2.stories.tsx[2m > [22m[2mWith Search Highlight
[22m[39m[Mock Data] Settings created: mock-settings-1790417570200 - notified 0 subscribers
[90mstdout[2m | src/components/QuestionsReview2.stories.tsx[2m > [22m[2mWith Search Highlight
[22m[39m[Mock Data] Unit.onUpdate() subscription added. Total: 1
[90mstdout[2m | src/components/QuestionsReview2.stories.tsx[2m > [22m[2mWith Search Highlight
[22m[39m[SectionContext] Section observeQuery update: 0
[90mstdout[2m | src/components/QuestionsReview2.stories.tsx[2m > [22m[2mWith Search Highlight
[22m[39m[FilesContext] File observeQuery update: 0 files
[90mstdout[2m | src/components/QuestionsReview2.stories.tsx[2m > [22m[2mWith Search Highlight
[22m[39m[ChatContext] AssistantChat initialized with 0 chats
[90mstdout[2m | src/components/QuestionsReview2.stories.tsx[2m > [22m[2mWith Search Highlight
[22m[39m[MOCK CourseVectorStore] Initialized with mock data
[90mstdout[2m | src/components/QuestionsReview2.stories.tsx[2m > [22m[2mWith Search Highlight
[22m[39m[ChatContext] No current chat available, will create one
[90mstdout[2m | src/components/QuestionsReview2.stories.tsx[2m > [22m[2mWith Search Highlight
[22m[39m[ChatContext] Creating AssistantChat with user: undefined
[90mstdout[2m | src/components/QuestionsReview2.stories.tsx[2m > [22m[2mWith Search Highlight
[22m[39m[Mock Data] AssistantChat created: mock-assistantchat-1790417570361 - notified 1 subscribers
[90mstdout[2m | src/components/QuestionsReview2.stories.tsx[2m > [22m[2mWith Search Highlight
[22m[39m[ChatContext] Create result: {
  "data": {
    "_version": 1,
    "archived": false,
    "chatFiles": [Function anonymous],
    "createdAt": "2026-09-26T10:12:50.361Z",
    "id": "mock-assistantchat-1790417570361",
    "model": "gpt-4",
    "updatedAt": "2026-09-26T10:12:50.361Z",
  },
  "errors": [],
  "hasData": true,
  "hasErrors": true,
}
[90mstdout[2m | src/components/QuestionsReview2.stories.tsx[2m > [22m[2mWith Search Highlight
[22m[39m[ChatContext] Created AssistantChat: mock-assistantchat-1790417570361 at: 2026-09-26T10:12:50.361Z
[90mstdout[2m | src/components/QuestionsReview2.stories.tsx[2m > [22m[2mWith Search Highlight
[22m[39m[Mock Storage] downloadData called with: undefined
[90mstdout[2m | src/components/QuestionsReview2.stories.tsx[2m > [22m[2mWith Search Highlight
[22m[39m[ChatContext] Setting initial chat: mock-assistantchat-1790417570361
[90mstdout[2m | src/components/QuestionsReview2.stories.tsx[2m > [22m[2mWith Search Highlight
[22m[39m[ChatContext] Chat exists and not archived, skipping creation
[90mstdout[2m | src/components/QuestionsReview2.stories.tsx[2m > [22m[2mLarge List
[22m[39m[ChatContext] Cleaning up subscriptions
[90mstdout[2m | src/components/QuestionsReview2.stories.tsx[2m > [22m[2mLarge List
[22m[39m[Mock Data] Unit.onUpdate() subscription removed. Remaining: 0
[90mstdout[2m | src/components/QuestionsReview2.stories.tsx[2m > [22m[2mLarge List
[22m[39m[Preview] Skipped initializing default mock data (initializeMockData=false)
[90mstdout[2m | src/components/QuestionsReview2.stories.tsx[2m > [22m[2mLarge List
[22m[39m[Mock Data] seedMockDocuments: Adding 1 documents
[90mstdout[2m | src/components/QuestionsReview2.stories.tsx[2m > [22m[2mLarge List
[22m[39m[Mock Data] seedMockParsedContent: Adding 1 parsed content records
[90mstdout[2m | src/components/QuestionsReview2.stories.tsx[2m > [22m[2mLarge List
[22m[39m[MOCK CourseVectorStore] Initialized with mock data
[90mstdout[2m | src/components/QuestionsReview2.stories.tsx[2m > [22m[2mLarge List
[22m[39m[TranslationModeController] Setting mode to: off
[90mstdout[2m | src/components/QuestionsReview2.stories.tsx[2m > [22m[2mLarge List
[22m[39m[UnitContext] useEffect triggered {
  "authLoading": false,
  "hasUser": true,
  "id": "mock-unit-1",
  "userSub": "mock-user-sub",
}
[90mstdout[2m | src/components/QuestionsReview2.stories.tsx[2m > [22m[2mLarge List
[22m[39m[UnitContext] Fetching unit data for id: mock-unit-1
[90mstdout[2m | src/components/QuestionsReview2.stories.tsx[2m > [22m[2mLarge List
[22m[39m[FilesContext] Initializing vector store from IndexedDB
[90mstdout[2m | src/components/QuestionsReview2.stories.tsx[2m > [22m[2mLarge List
[22m[39m[FilesContext] fetchFiles called
[90mstdout[2m | src/components/QuestionsReview2.stories.tsx[2m > [22m[2mLarge List
[22m[39m[FilesContext] User authenticated: mock-user-sub
[90mstdout[2m | src/components/QuestionsReview2.stories.tsx[2m > [22m[2mLarge List
[22m[39m[FilesContext] Identity ID: us-east-1:mock-identity-123
[90mstdout[2m | src/components/QuestionsReview2.stories.tsx[2m > [22m[2mLarge List
[22m[39m[FilesContext] About to set up File observeQuery
[90mstdout[2m | src/components/QuestionsReview2.stories.tsx[2m > [22m[2mLarge List
[22m[39m[ChatContext] Setting up AssistantChat observeQuery
[90mstdout[2m | src/components/QuestionsReview2.stories.tsx[2m > [22m[2mLarge List
[22m[39m[ChatContext] Waiting for subscription to initialize
[90mstdout[2m | src/components/QuestionsReview2.stories.tsx[2m > [22m[2mLarge List
[22m[39m[SettingsContext] Setting up Settings subscription for user: mock-user-sub
[90mstdout[2m | src/components/QuestionsReview2.stories.tsx[2m > [22m[2mLarge List
[22m[39m[Mock Data] Settings created: mock-settings-1790417570625 - notified 0 subscribers
[90mstdout[2m | src/components/QuestionsReview2.stories.tsx[2m > [22m[2mLarge List
[22m[39m[Mock Data] Unit.onUpdate() subscription added. Total: 1
[90mstdout[2m | src/components/QuestionsReview2.stories.tsx[2m > [22m[2mLarge List
[22m[39m[SectionContext] Section observeQuery update: 0
[90mstdout[2m | src/components/QuestionsReview2.stories.tsx[2m > [22m[2mLarge List
[22m[39m[FilesContext] File observeQuery update: 0 files
[90mstdout[2m | src/components/QuestionsReview2.stories.tsx[2m > [22m[2mLarge List
[22m[39m[ChatContext] AssistantChat initialized with 0 chats
[90mstdout[2m | src/components/QuestionsReview2.stories.tsx[2m > [22m[2mLarge List
[22m[39m[MOCK CourseVectorStore] Initialized with mock data
[90mstdout[2m | src/components/QuestionsReview2.stories.tsx[2m > [22m[2mLarge List
[22m[39m[ChatContext] No current chat available, will create one
[90mstdout[2m | src/components/QuestionsReview2.stories.tsx[2m > [22m[2mLarge List
[22m[39m[ChatContext] Creating AssistantChat with user: undefined
[90mstdout[2m | src/components/QuestionsReview2.stories.tsx[2m > [22m[2mLarge List
[22m[39m[Mock Data] AssistantChat created: mock-assistantchat-1790417571057 - notified 1 subscribers
[90mstdout[2m | src/components/QuestionsReview2.stories.tsx[2m > [22m[2mLarge List
[22m[39m[ChatContext] Create result: {
  "data": {
    "_version": 1,
    "archived": false,
    "chatFiles": [Function anonymous],
    "createdAt": "2026-09-26T10:12:51.057Z",
    "id": "mock-assistantchat-1790417571057",
    "model": "gpt-4",
    "updatedAt": "2026-09-26T10:12:51.057Z",
  },
  "errors": [],
  "hasData": true,
  "hasErrors": true,
}
[90mstdout[2m | src/components/QuestionsReview2.stories.tsx[2m > [22m[2mLarge List
[22m[39m[ChatContext] Created AssistantChat: mock-assistantchat-1790417571057 at: 2026-09-26T10:12:51.057Z
[90mstdout[2m | src/components/QuestionsReview2.stories.tsx[2m > [22m[2mLarge List
[22m[39m[Mock Storage] downloadData called with: undefined
[90mstdout[2m | src/components/QuestionsReview2.stories.tsx[2m > [22m[2mLarge List
[22m[39m[ChatContext] Setting initial chat: mock-assistantchat-1790417571057
[90mstdout[2m | src/components/QuestionsReview2.stories.tsx[2m > [22m[2mLarge List
[22m[39m[ChatContext] Chat exists and not archived, skipping creation
[90mstdout[2m | src/components/QuestionsReview2.stories.tsx[2m > [22m[2mEssay Questions
[22m[39m[ChatContext] Cleaning up subscriptions
[90mstdout[2m | src/components/QuestionsReview2.stories.tsx[2m > [22m[2mEssay Questions
[22m[39m[Mock Data] Unit.onUpdate() subscription removed. Remaining: 0
[90mstdout[2m | src/components/QuestionsReview2.stories.tsx[2m > [22m[2mEssay Questions
[22m[39m[Preview] Skipped initializing default mock data (initializeMockData=false)
[90mstdout[2m | src/components/QuestionsReview2.stories.tsx[2m > [22m[2mEssay Questions
[22m[39m[Mock Data] seedMockDocuments: Adding 1 documents
[90mstdout[2m | src/components/QuestionsReview2.stories.tsx[2m > [22m[2mEssay Questions
[22m[39m[Mock Data] seedMockParsedContent: Adding 1 parsed content records
[90mstdout[2m | src/components/QuestionsReview2.stories.tsx[2m > [22m[2mEssay Questions
[22m[39m[MOCK CourseVectorStore] Initialized with mock data
[90mstdout[2m | src/components/QuestionsReview2.stories.tsx[2m > [22m[2mEssay Questions
[22m[39m[TranslationModeController] Setting mode to: off
[90mstdout[2m | src/components/QuestionsReview2.stories.tsx[2m > [22m[2mEssay Questions
[22m[39m[UnitContext] useEffect triggered {
  "authLoading": false,
  "hasUser": true,
  "id": "mock-unit-1",
  "userSub": "mock-user-sub",
}
[90mstdout[2m | src/components/QuestionsReview2.stories.tsx[2m > [22m[2mEssay Questions
[22m[39m[UnitContext] Fetching unit data for id: mock-unit-1
[90mstdout[2m | src/components/QuestionsReview2.stories.tsx[2m > [22m[2mEssay Questions
[22m[39m[FilesContext] Initializing vector store from IndexedDB
[90mstdout[2m | src/components/QuestionsReview2.stories.tsx[2m > [22m[2mEssay Questions
[22m[39m[FilesContext] fetchFiles called
[90mstdout[2m | src/components/QuestionsReview2.stories.tsx[2m > [22m[2mEssay Questions
[22m[39m[FilesContext] User authenticated: mock-user-sub
[90mstdout[2m | src/components/QuestionsReview2.stories.tsx[2m > [22m[2mEssay Questions
[22m[39m[FilesContext] Identity ID: us-east-1:mock-identity-123
[90mstdout[2m | src/components/QuestionsReview2.stories.tsx[2m > [22m[2mEssay Questions
[22m[39m[FilesContext] About to set up File observeQuery
[90mstdout[2m | src/components/QuestionsReview2.stories.tsx[2m > [22m[2mEssay Questions
[22m[39m[ChatContext] Setting up AssistantChat observeQuery
[90mstdout[2m | src/components/QuestionsReview2.stories.tsx[2m > [22m[2mEssay Questions
[22m[39m[ChatContext] Waiting for subscription to initialize
[90mstdout[2m | src/components/QuestionsReview2.stories.tsx[2m > [22m[2mEssay Questions
[22m[39m[SettingsContext] Setting up Settings subscription for user: mock-user-sub
[90mstdout[2m | src/components/QuestionsReview2.stories.tsx[2m > [22m[2mEssay Questions
[22m[39m[Mock Data] Settings created: mock-settings-1790417571612 - notified 0 subscribers
[90mstdout[2m | src/components/QuestionsReview2.stories.tsx[2m > [22m[2mEssay Questions
[22m[39m[Mock Data] Unit.onUpdate() subscription added. Total: 1
[90mstdout[2m | src/components/QuestionsReview2.stories.tsx[2m > [22m[2mEssay Questions
[22m[39m[SectionContext] Section observeQuery update: 0
[90mstdout[2m | src/components/QuestionsReview2.stories.tsx[2m > [22m[2mEssay Questions
[22m[39m[FilesContext] File observeQuery update: 0 files
[90mstdout[2m | src/components/QuestionsReview2.stories.tsx[2m > [22m[2mEssay Questions
[22m[39m[ChatContext] AssistantChat initialized with 0 chats
[90mstdout[2m | src/components/QuestionsReview2.stories.tsx[2m > [22m[2mEssay Questions
[22m[39m[MOCK CourseVectorStore] Initialized with mock data
[90mstdout[2m | src/components/QuestionsReview2.stories.tsx[2m > [22m[2mEssay Questions
[22m[39m[ChatContext] No current chat available, will create one
[90mstdout[2m | src/components/QuestionsReview2.stories.tsx[2m > [22m[2mEssay Questions
[22m[39m[ChatContext] Creating AssistantChat with user: undefined
[90mstdout[2m | src/components/QuestionsReview2.stories.tsx[2m > [22m[2mEssay Questions
[22m[39m[Mock Data] AssistantChat created: mock-assistantchat-1790417571770 - notified 1 subscribers
[90mstdout[2m | src/components/QuestionsReview2.stories.tsx[2m > [22m[2mEssay Questions
[22m[39m[ChatContext] Create result: {
  "data": {
    "_version": 1,
    "archived": false,
    "chatFiles": [Function anonymous],
    "createdAt": "2026-09-26T10:12:51.770Z",
    "id": "mock-assistantchat-1790417571770",
    "model": "gpt-4",
    "updatedAt": "2026-09-26T10:12:51.770Z",
  },
  "errors": [],
  "hasData": true,
  "hasErrors": true,
}
[90mstdout[2m | src/components/QuestionsReview2.stories.tsx[2m > [22m[2mEssay Questions
[22m[39m[ChatContext] Created AssistantChat: mock-assistantchat-1790417571770 at: 2026-09-26T10:12:51.770Z
[90mstdout[2m | src/components/QuestionsReview2.stories.tsx[2m > [22m[2mEssay Questions
[22m[39m[Mock Storage] downloadData called with: undefined
[90mstdout[2m | src/components/QuestionsReview2.stories.tsx[2m > [22m[2mEssay Questions
[22m[39m[ChatContext] Setting initial chat: mock-assistantchat-1790417571770
[90mstdout[2m | src/components/QuestionsReview2.stories.tsx[2m > [22m[2mEssay Questions
[22m[39m[ChatContext] Chat exists and not archived, skipping creation
[90mstdout[2m | src/components/QuestionsReview2.stories.tsx[2m > [22m[2mComprehension Questions
[22m[39m[ChatContext] Cleaning up subscriptions
[90mstdout[2m | src/components/QuestionsReview2.stories.tsx[2m > [22m[2mComprehension Questions
[22m[39m[Mock Data] Unit.onUpdate() subscription removed. Remaining: 0
[90mstdout[2m | src/components/QuestionsReview2.stories.tsx[2m > [22m[2mComprehension Questions
[22m[39m[Preview] Skipped initializing default mock data (initializeMockData=false)
[90mstdout[2m | src/components/QuestionsReview2.stories.tsx[2m > [22m[2mComprehension Questions
[22m[39m[Mock Data] seedMockDocuments: Adding 1 documents
[90mstdout[2m | src/components/QuestionsReview2.stories.tsx[2m > [22m[2mComprehension Questions
[22m[39m[Mock Data] seedMockParsedContent: Adding 1 parsed content records
[90mstdout[2m | src/components/QuestionsReview2.stories.tsx[2m > [22m[2mComprehension Questions
[22m[39m[MOCK CourseVectorStore] Initialized with mock data
[90mstdout[2m | src/components/QuestionsReview2.stories.tsx[2m > [22m[2mComprehension Questions
[22m[39m[TranslationModeController] Setting mode to: off
[90mstdout[2m | src/components/QuestionsReview2.stories.tsx[2m > [22m[2mComprehension Questions
[22m[39m[UnitContext] useEffect triggered {
  "authLoading": false,
  "hasUser": true,
  "id": "mock-unit-1",
  "userSub": "mock-user-sub",
}
[90mstdout[2m | src/components/QuestionsReview2.stories.tsx[2m > [22m[2mComprehension Questions
[22m[39m[UnitContext] Fetching unit data for id: mock-unit-1
[90mstdout[2m | src/components/QuestionsReview2.stories.tsx[2m > [22m[2mComprehension Questions
[22m[39m[FilesContext] Initializing vector store from IndexedDB
[90mstdout[2m | src/components/QuestionsReview2.stories.tsx[2m > [22m[2mComprehension Questions
[22m[39m[FilesContext] fetchFiles called
[90mstdout[2m | src/components/QuestionsReview2.stories.tsx[2m > [22m[2mComprehension Questions
[22m[39m[FilesContext] User authenticated: mock-user-sub
[90mstdout[2m | src/components/QuestionsReview2.stories.tsx[2m > [22m[2mComprehension Questions
[22m[39m[FilesContext] Identity ID: us-east-1:mock-identity-123
[90mstdout[2m | src/components/QuestionsReview2.stories.tsx[2m > [22m[2mComprehension Questions
[22m[39m[FilesContext] About to set up File observeQuery
[90mstdout[2m | src/components/QuestionsReview2.stories.tsx[2m > [22m[2mComprehension Questions
[22m[39m[ChatContext] Setting up AssistantChat observeQuery
[90mstdout[2m | src/components/QuestionsReview2.stories.tsx[2m > [22m[2mComprehension Questions
[22m[39m[ChatContext] Waiting for subscription to initialize
[90mstdout[2m | src/components/QuestionsReview2.stories.tsx[2m > [22m[2mComprehension Questions
[22m[39m[SettingsContext] Setting up Settings subscription for user: mock-user-sub
[90mstdout[2m | src/components/QuestionsReview2.stories.tsx[2m > [22m[2mComprehension Questions
[22m[39m[Mock Data] Settings created: mock-settings-1790417572061 - notified 0 subscribers
[90mstdout[2m | src/components/QuestionsReview2.stories.tsx[2m > [22m[2mComprehension Questions
[22m[39m[Mock Data] Unit.onUpdate() subscription added. Total: 1
[90mstdout[2m | src/components/QuestionsReview2.stories.tsx[2m > [22m[2mComprehension Questions
[22m[39m[SectionContext] Section observeQuery update: 0
[90mstdout[2m | src/components/QuestionsReview2.stories.tsx[2m > [22m[2mComprehension Questions
[22m[39m[FilesContext] File observeQuery update: 0 files
[90mstdout[2m | src/components/QuestionsReview2.stories.tsx[2m > [22m[2mComprehension Questions
[22m[39m[ChatContext] AssistantChat initialized with 0 chats
[90mstdout[2m | src/components/QuestionsReview2.stories.tsx[2m > [22m[2mComprehension Questions
[22m[39m[MOCK CourseVectorStore] Initialized with mock data
[90mstdout[2m | src/components/QuestionsReview2.stories.tsx[2m > [22m[2mComprehension Questions
[22m[39m[ChatContext] No current chat available, will create one
[90mstdout[2m | src/components/QuestionsReview2.stories.tsx[2m > [22m[2mComprehension Questions
[22m[39m[ChatContext] Creating AssistantChat with user: undefined
[90mstdout[2m | src/components/QuestionsReview2.stories.tsx[2m > [22m[2mComprehension Questions
[22m[39m[Mock Data] AssistantChat created: mock-assistantchat-1790417572314 - notified 1 subscribers
[90mstdout[2m | src/components/QuestionsReview2.stories.tsx[2m > [22m[2mComprehension Questions
[22m[39m[ChatContext] Create result: {
  "data": {
    "_version": 1,
    "archived": false,
    "chatFiles": [Function anonymous],
    "createdAt": "2026-09-26T10:12:52.314Z",
    "id": "mock-assistantchat-1790417572314",
    "model": "gpt-4",
    "updatedAt": "2026-09-26T10:12:52.314Z",
  },
  "errors": [],
  "hasData": true,
  "hasErrors": true,
}
[90mstdout[2m | src/components/QuestionsReview2.stories.tsx[2m > [22m[2mComprehension Questions
[22m[39m[ChatContext] Created AssistantChat: mock-assistantchat-1790417572314 at: 2026-09-26T10:12:52.314Z
[90mstdout[2m | src/components/QuestionsReview2.stories.tsx[2m > [22m[2mComprehension Questions
[22m[39m[Mock Storage] downloadData called with: undefined
[90mstdout[2m | src/components/QuestionsReview2.stories.tsx[2m > [22m[2mComprehension Questions
[22m[39m[ChatContext] Setting initial chat: mock-assistantchat-1790417572314
[90mstdout[2m | src/components/QuestionsReview2.stories.tsx[2m > [22m[2mComprehension Questions
[22m[39m[ChatContext] Chat exists and not archived, skipping creation
[90mstdout[2m | src/components/QuestionsReview2.stories.tsx[2m > [22m[2mMixed Difficulty
[22m[39m[ChatContext] Cleaning up subscriptions
[90mstdout[2m | src/components/QuestionsReview2.stories.tsx[2m > [22m[2mMixed Difficulty
[22m[39m[Mock Data] Unit.onUpdate() subscription removed. Remaining: 0
[90mstdout[2m | src/components/QuestionsReview2.stories.tsx[2m > [22m[2mMixed Difficulty
[22m[39m[Preview] Skipped initializing default mock data (initializeMockData=false)
[90mstdout[2m | src/components/QuestionsReview2.stories.tsx[2m > [22m[2mMixed Difficulty
[22m[39m[Mock Data] seedMockDocuments: Adding 1 documents
[90mstdout[2m | src/components/QuestionsReview2.stories.tsx[2m > [22m[2mMixed Difficulty
[22m[39m[Mock Data] seedMockParsedContent: Adding 1 parsed content records
[90mstdout[2m | src/components/QuestionsReview2.stories.tsx[2m > [22m[2mMixed Difficulty
[22m[39m[MOCK CourseVectorStore] Initialized with mock data
[90mstdout[2m | src/components/QuestionsReview2.stories.tsx[2m > [22m[2mMixed Difficulty
[22m[39m[TranslationModeController] Setting mode to: off
[90mstdout[2m | src/components/QuestionsReview2.stories.tsx[2m > [22m[2mMixed Difficulty
[22m[39m[UnitContext] useEffect triggered {
  "authLoading": false,
  "hasUser": true,
  "id": "mock-unit-1",
  "userSub": "mock-user-sub",
}
[90mstdout[2m | src/components/QuestionsReview2.stories.tsx[2m > [22m[2mMixed Difficulty
[22m[39m[UnitContext] Fetching unit data for id: mock-unit-1
[90mstdout[2m | src/components/QuestionsReview2.stories.tsx[2m > [22m[2mMixed Difficulty
[22m[39m[FilesContext] Initializing vector store from IndexedDB
[90mstdout[2m | src/components/QuestionsReview2.stories.tsx[2m > [22m[2mMixed Difficulty
[22m[39m[FilesContext] fetchFiles called
[90mstdout[2m | src/components/QuestionsReview2.stories.tsx[2m > [22m[2mMixed Difficulty
[22m[39m[FilesContext] User authenticated: mock-user-sub
[90mstdout[2m | src/components/QuestionsReview2.stories.tsx[2m > [22m[2mMixed Difficulty
[22m[39m[FilesContext] Identity ID: us-east-1:mock-identity-123
[90mstdout[2m | src/components/QuestionsReview2.stories.tsx[2m > [22m[2mMixed Difficulty
[22m[39m[FilesContext] About to set up File observeQuery
[90mstdout[2m | src/components/QuestionsReview2.stories.tsx[2m > [22m[2mMixed Difficulty
[22m[39m[ChatContext] Setting up AssistantChat observeQuery
[90mstdout[2m | src/components/QuestionsReview2.stories.tsx[2m > [22m[2mMixed Difficulty
[22m[39m[ChatContext] Waiting for subscription to initialize
[90mstdout[2m | src/components/QuestionsReview2.stories.tsx[2m > [22m[2mMixed Difficulty
[22m[39m[SettingsContext] Setting up Settings subscription for user: mock-user-sub
[90mstdout[2m | src/components/QuestionsReview2.stories.tsx[2m > [22m[2mMixed Difficulty
[22m[39m[Mock Data] Settings created: mock-settings-1790417572809 - notified 0 subscribers
[90mstdout[2m | src/components/QuestionsReview2.stories.tsx[2m > [22m[2mMixed Difficulty
[22m[39m[Mock Data] Unit.onUpdate() subscription added. Total: 1
[90mstdout[2m | src/components/QuestionsReview2.stories.tsx[2m > [22m[2mMixed Difficulty
[22m[39m[SectionContext] Section observeQuery update: 0
[90mstdout[2m | src/components/QuestionsReview2.stories.tsx[2m > [22m[2mMixed Difficulty
[22m[39m[FilesContext] File observeQuery update: 0 files
[90mstdout[2m | src/components/QuestionsReview2.stories.tsx[2m > [22m[2mMixed Difficulty
[22m[39m[ChatContext] AssistantChat initialized with 0 chats
[90mstdout[2m | src/components/QuestionsReview2.stories.tsx[2m > [22m[2mMixed Difficulty
[22m[39m[MOCK CourseVectorStore] Initialized with mock data
[90mstdout[2m | src/components/QuestionsReview2.stories.tsx[2m > [22m[2mMixed Difficulty
[22m[39m[ChatContext] No current chat available, will create one
[90mstdout[2m | src/components/QuestionsReview2.stories.tsx[2m > [22m[2mMixed Difficulty
[22m[39m[ChatContext] Creating AssistantChat with user: undefined
[90mstdout[2m | src/components/QuestionsReview2.stories.tsx[2m > [22m[2mMixed Difficulty
[22m[39m[Mock Data] AssistantChat created: mock-assistantchat-1790417573075 - notified 1 subscribers
[90mstdout[2m | src/components/QuestionsReview2.stories.tsx[2m > [22m[2mMixed Difficulty
[22m[39m[ChatContext] Create result: {
  "data": {
    "_version": 1,
    "archived": false,
    "chatFiles": [Function anonymous],
    "createdAt": "2026-09-26T10:12:53.075Z",
    "id": "mock-assistantchat-1790417573075",
    "model": "gpt-4",
    "updatedAt": "2026-09-26T10:12:53.075Z",
  },
  "errors": [],
  "hasData": true,
  "hasErrors": true,
}
[90mstdout[2m | src/components/QuestionsReview2.stories.tsx[2m > [22m[2mMixed Difficulty
[22m[39m[ChatContext] Created AssistantChat: mock-assistantchat-1790417573075 at: 2026-09-26T10:12:53.075Z
[90mstdout[2m | src/components/QuestionsReview2.stories.tsx[2m > [22m[2mMixed Difficulty
[22m[39m[Mock Storage] downloadData called with: undefined
[90mstdout[2m | src/components/QuestionsReview2.stories.tsx[2m > [22m[2mMixed Difficulty
[22m[39m[ChatContext] Setting initial chat: mock-assistantchat-1790417573075
[90mstdout[2m | src/components/QuestionsReview2.stories.tsx[2m > [22m[2mMixed Difficulty
[22m[39m[ChatContext] Chat exists and not archived, skipping creation
[90mstdout[2m | src/components/QuestionsReview2.stories.tsx[2m > [22m[2mWith Media Attachments
[22m[39m[ChatContext] Cleaning up subscriptions
[90mstdout[2m | src/components/QuestionsReview2.stories.tsx[2m > [22m[2mWith Media Attachments
[22m[39m[Mock Data] Unit.onUpdate() subscription removed. Remaining: 0
[90mstdout[2m | src/components/QuestionsReview2.stories.tsx[2m > [22m[2mWith Media Attachments
[22m[39m[Preview] Skipped initializing default mock data (initializeMockData=false)
[90mstdout[2m | src/components/QuestionsReview2.stories.tsx[2m > [22m[2mWith Media Attachments
[22m[39m[Mock Data] seedMockDocuments: Adding 1 documents
[90mstdout[2m | src/components/QuestionsReview2.stories.tsx[2m > [22m[2mWith Media Attachments
[22m[39m[Mock Data] seedMockParsedContent: Adding 1 parsed content records
[90mstdout[2m | src/components/QuestionsReview2.stories.tsx[2m > [22m[2mWith Media Attachments
[22m[39m[MOCK CourseVectorStore] Initialized with mock data
[90mstdout[2m | src/components/QuestionsReview2.stories.tsx[2m > [22m[2mWith Media Attachments
[22m[39m[TranslationModeController] Setting mode to: off
[90mstdout[2m | src/components/QuestionsReview2.stories.tsx[2m > [22m[2mWith Media Attachments
[22m[39m[UnitContext] useEffect triggered {
  "authLoading": false,
  "hasUser": true,
  "id": "mock-unit-1",
  "userSub": "mock-user-sub",
}
[90mstdout[2m | src/components/QuestionsReview2.stories.tsx[2m > [22m[2mWith Media Attachments
[22m[39m[UnitContext] Fetching unit data for id: mock-unit-1
[90mstdout[2m | src/components/QuestionsReview2.stories.tsx[2m > [22m[2mWith Media Attachments
[22m[39m[FilesContext] Initializing vector store from IndexedDB
[90mstdout[2m | src/components/QuestionsReview2.stories.tsx[2m > [22m[2mWith Media Attachments
[22m[39m[FilesContext] fetchFiles called
[90mstdout[2m | src/components/QuestionsReview2.stories.tsx[2m > [22m[2mWith Media Attachments
[22m[39m[FilesContext] User authenticated: mock-user-sub
[90mstdout[2m | src/components/QuestionsReview2.stories.tsx[2m > [22m[2mWith Media Attachments
[22m[39m[FilesContext] Identity ID: us-east-1:mock-identity-123
[90mstdout[2m | src/components/QuestionsReview2.stories.tsx[2m > [22m[2mWith Media Attachments
[22m[39m[FilesContext] About to set up File observeQuery
[90mstdout[2m | src/components/QuestionsReview2.stories.tsx[2m > [22m[2mWith Media Attachments
[22m[39m[ChatContext] Setting up AssistantChat observeQuery
[90mstdout[2m | src/components/QuestionsReview2.stories.tsx[2m > [22m[2mWith Media Attachments
[22m[39m[ChatContext] Waiting for subscription to initialize
[90mstdout[2m | src/components/QuestionsReview2.stories.tsx[2m > [22m[2mWith Media Attachments
[22m[39m[SettingsContext] Setting up Settings subscription for user: mock-user-sub
[90mstdout[2m | src/components/QuestionsReview2.stories.tsx[2m > [22m[2mWith Media Attachments
[22m[39m[Mock Data] Settings created: mock-settings-1790417573572 - notified 0 subscribers
[90mstdout[2m | src/components/QuestionsReview2.stories.tsx[2m > [22m[2mWith Media Attachments
[22m[39m[Mock Data] Unit.onUpdate() subscription added. Total: 1
[90mstdout[2m | src/components/QuestionsReview2.stories.tsx[2m > [22m[2mWith Media Attachments
[22m[39m[SectionContext] Section observeQuery update: 0
[90mstdout[2m | src/components/QuestionsReview2.stories.tsx[2m > [22m[2mWith Media Attachments
[22m[39m[FilesContext] File observeQuery update: 0 files
[90mstdout[2m | src/components/QuestionsReview2.stories.tsx[2m > [22m[2mWith Media Attachments
[22m[39m[ChatContext] AssistantChat initialized with 0 chats
[90mstdout[2m | src/components/QuestionsReview2.stories.tsx[2m > [22m[2mWith Media Attachments
[22m[39m[MOCK CourseVectorStore] Initialized with mock data
[90mstdout[2m | src/components/QuestionsReview2.stories.tsx[2m > [22m[2mWith Media Attachments
[22m[39m[ChatContext] No current chat available, will create one
[90mstdout[2m | src/components/QuestionsReview2.stories.tsx[2m > [22m[2mWith Media Attachments
[22m[39m[ChatContext] Creating AssistantChat with user: undefined
[90mstdout[2m | src/components/QuestionsReview2.stories.tsx[2m > [22m[2mWith Media Attachments
[22m[39m[Mock Data] AssistantChat created: mock-assistantchat-1790417573921 - notified 1 subscribers
[90mstdout[2m | src/components/QuestionsReview2.stories.tsx[2m > [22m[2mWith Media Attachments
[22m[39m[ChatContext] Create result: {
  "data": {
    "_version": 1,
    "archived": false,
    "chatFiles": [Function anonymous],
    "createdAt": "2026-09-26T10:12:53.921Z",
    "id": "mock-assistantchat-1790417573921",
    "model": "gpt-4",
    "updatedAt": "2026-09-26T10:12:53.921Z",
  },
  "errors": [],
  "hasData": true,
  "hasErrors": true,
}
[90mstdout[2m | src/components/QuestionsReview2.stories.tsx[2m > [22m[2mWith Media Attachments
[22m[39m[ChatContext] Created AssistantChat: mock-assistantchat-1790417573921 at: 2026-09-26T10:12:53.921Z
[90mstdout[2m | src/components/QuestionsReview2.stories.tsx[2m > [22m[2mWith Media Attachments
[22m[39m[Mock Storage] downloadData called with: undefined
[90mstdout[2m | src/components/QuestionsReview2.stories.tsx[2m > [22m[2mWith Media Attachments
[22m[39m[ChatContext] Setting initial chat: mock-assistantchat-1790417573921
[90mstdout[2m | src/components/QuestionsReview2.stories.tsx[2m > [22m[2mWith Media Attachments
[22m[39m[ChatContext] Chat exists and not archived, skipping creation
[90mstdout[2m | src/components/QuestionsReview2.stories.tsx[2m > [22m[2mAlready Imported
[22m[39m[ChatContext] Cleaning up subscriptions
[90mstdout[2m | src/components/QuestionsReview2.stories.tsx[2m > [22m[2mAlready Imported
[22m[39m[Mock Data] Unit.onUpdate() subscription removed. Remaining: 0
[90mstdout[2m | src/components/QuestionsReview2.stories.tsx[2m > [22m[2mAlready Imported
[22m[39m[Preview] Skipped initializing default mock data (initializeMockData=false)
[90mstdout[2m | src/components/QuestionsReview2.stories.tsx[2m > [22m[2mAlready Imported
[22m[39m[Mock Data] seedMockDocuments: Adding 1 documents
[90mstdout[2m | src/components/QuestionsReview2.stories.tsx[2m > [22m[2mAlready Imported
[22m[39m[Mock Data] seedMockParsedContent: Adding 1 parsed content records
[90mstdout[2m | src/components/QuestionsReview2.stories.tsx[2m > [22m[2mAlready Imported
[22m[39m[MOCK CourseVectorStore] Initialized with mock data
[90mstdout[2m | src/components/QuestionsReview2.stories.tsx[2m > [22m[2mAlready Imported
[22m[39m[TranslationModeController] Setting mode to: off
[90mstdout[2m | src/components/QuestionsReview2.stories.tsx[2m > [22m[2mAlready Imported
[22m[39m[UnitContext] useEffect triggered {
  "authLoading": false,
  "hasUser": true,
  "id": "mock-unit-1",
  "userSub": "mock-user-sub",
}
[90mstdout[2m | src/components/QuestionsReview2.stories.tsx[2m > [22m[2mAlready Imported
[22m[39m[UnitContext] Fetching unit data for id: mock-unit-1
[90mstdout[2m | src/components/QuestionsReview2.stories.tsx[2m > [22m[2mAlready Imported
[22m[39m[FilesContext] Initializing vector store from IndexedDB
[90mstdout[2m | src/components/QuestionsReview2.stories.tsx[2m > [22m[2mAlready Imported
[22m[39m[FilesContext] fetchFiles called
[90mstdout[2m | src/components/QuestionsReview2.stories.tsx[2m > [22m[2mAlready Imported
[22m[39m[FilesContext] User authenticated: mock-user-sub
[90mstdout[2m | src/components/QuestionsReview2.stories.tsx[2m > [22m[2mAlready Imported
[22m[39m[FilesContext] Identity ID: us-east-1:mock-identity-123
[90mstdout[2m | src/components/QuestionsReview2.stories.tsx[2m > [22m[2mAlready Imported
[22m[39m[FilesContext] About to set up File observeQuery
[90mstdout[2m | src/components/QuestionsReview2.stories.tsx[2m > [22m[2mAlready Imported
[22m[39m[ChatContext] Setting up AssistantChat observeQuery
[90mstdout[2m | src/components/QuestionsReview2.stories.tsx[2m > [22m[2mAlready Imported
[22m[39m[ChatContext] Waiting for subscription to initialize
[90mstdout[2m | src/components/QuestionsReview2.stories.tsx[2m > [22m[2mAlready Imported
[22m[39m[SettingsContext] Setting up Settings subscription for user: mock-user-sub
[90mstdout[2m | src/components/QuestionsReview2.stories.tsx[2m > [22m[2mAlready Imported
[22m[39m[Mock Data] Settings created: mock-settings-1790417574219 - notified 0 subscribers
[90mstdout[2m | src/components/QuestionsReview2.stories.tsx[2m > [22m[2mAlready Imported
[22m[39m[Mock Data] Unit.onUpdate() subscription added. Total: 1
[90mstdout[2m | src/components/QuestionsReview2.stories.tsx[2m > [22m[2mAlready Imported
[22m[39m[SectionContext] Section observeQuery update: 0
[90mstdout[2m | src/components/QuestionsReview2.stories.tsx[2m > [22m[2mAlready Imported
[22m[39m[FilesContext] File observeQuery update: 0 files
[90mstdout[2m | src/components/QuestionsReview2.stories.tsx[2m > [22m[2mAlready Imported
[22m[39m[ChatContext] AssistantChat initialized with 0 chats
[90mstdout[2m | src/components/QuestionsReview2.stories.tsx[2m > [22m[2mAlready Imported
[22m[39m[MOCK CourseVectorStore] Initialized with mock data
[90mstdout[2m | src/components/QuestionsReview2.stories.tsx[2m > [22m[2mAlready Imported
[22m[39m[ChatContext] No current chat available, will create one
[90mstdout[2m | src/components/QuestionsReview2.stories.tsx[2m > [22m[2mAlready Imported
[22m[39m[ChatContext] Creating AssistantChat with user: undefined
[90mstdout[2m | src/components/QuestionsReview2.stories.tsx[2m > [22m[2mAlready Imported
[22m[39m[Mock Data] AssistantChat created: mock-assistantchat-1790417574297 - notified 1 subscribers
[90mstdout[2m | src/components/QuestionsReview2.stories.tsx[2m > [22m[2mAlready Imported
[22m[39m[ChatContext] Create result: {
  "data": {
    "_version": 1,
    "archived": false,
    "chatFiles": [Function anonymous],
    "createdAt": "2026-09-26T10:12:54.297Z",
    "id": "mock-assistantchat-1790417574297",
    "model": "gpt-4",
    "updatedAt": "2026-09-26T10:12:54.297Z",
  },
  "errors": [],
  "hasData": true,
  "hasErrors": true,
}
[90mstdout[2m | src/components/QuestionsReview2.stories.tsx[2m > [22m[2mAlready Imported
[22m[39m[ChatContext] Created AssistantChat: mock-assistantchat-1790417574297 at: 2026-09-26T10:12:54.297Z
[90mstdout[2m | src/components/QuestionsReview2.stories.tsx[2m > [22m[2mAlready Imported
[22m[39m[Mock Storage] downloadData called with: undefined
[90mstdout[2m | src/components/QuestionsReview2.stories.tsx[2m > [22m[2mAlready Imported
[22m[39m[ChatContext] Setting initial chat: mock-assistantchat-1790417574297
[90mstdout[2m | src/components/QuestionsReview2.stories.tsx[2m > [22m[2mAlready Imported
[22m[39m[ChatContext] Chat exists and not archived, skipping creation
[90mstdout[2m | src/components/QuestionsReview2.stories.tsx[2m > [22m[2mMinimal Data
[22m[39m[ChatContext] Cleaning up subscriptions
[90mstdout[2m | src/components/QuestionsReview2.stories.tsx[2m > [22m[2mMinimal Data
[22m[39m[Mock Data] Unit.onUpdate() subscription removed. Remaining: 0
[90mstdout[2m | src/components/QuestionsReview2.stories.tsx[2m > [22m[2mMinimal Data
[22m[39m[Preview] Skipped initializing default mock data (initializeMockData=false)
[90mstdout[2m | src/components/QuestionsReview2.stories.tsx[2m > [22m[2mMinimal Data
[22m[39m[Mock Data] seedMockDocuments: Adding 1 documents
[90mstdout[2m | src/components/QuestionsReview2.stories.tsx[2m > [22m[2mMinimal Data
[22m[39m[Mock Data] seedMockParsedContent: Adding 1 parsed content records
[90mstdout[2m | src/components/QuestionsReview2.stories.tsx[2m > [22m[2mMinimal Data
[22m[39m[MOCK CourseVectorStore] Initialized with mock data
[90mstdout[2m | src/components/QuestionsReview2.stories.tsx[2m > [22m[2mMinimal Data
[22m[39m[TranslationModeController] Setting mode to: off
[90mstdout[2m | src/components/QuestionsReview2.stories.tsx[2m > [22m[2mMinimal Data
[22m[39m[UnitContext] useEffect triggered {
  "authLoading": false,
  "hasUser": true,
  "id": "mock-unit-1",
  "userSub": "mock-user-sub",
}
[90mstdout[2m | src/components/QuestionsReview2.stories.tsx[2m > [22m[2mMinimal Data
[22m[39m[UnitContext] Fetching unit data for id: mock-unit-1
[90mstdout[2m | src/components/QuestionsReview2.stories.tsx[2m > [22m[2mMinimal Data
[22m[39m[FilesContext] Initializing vector store from IndexedDB
[90mstdout[2m | src/components/QuestionsReview2.stories.tsx[2m > [22m[2mMinimal Data
[22m[39m[FilesContext] fetchFiles called
[90mstdout[2m | src/components/QuestionsReview2.stories.tsx[2m > [22m[2mMinimal Data
[22m[39m[FilesContext] User authenticated: mock-user-sub
[90mstdout[2m | src/components/QuestionsReview2.stories.tsx[2m > [22m[2mMinimal Data
[22m[39m[FilesContext] Identity ID: us-east-1:mock-identity-123
[90mstdout[2m | src/components/QuestionsReview2.stories.tsx[2m > [22m[2mMinimal Data
[22m[39m[FilesContext] About to set up File observeQuery
[90mstdout[2m | src/components/QuestionsReview2.stories.tsx[2m > [22m[2mMinimal Data
[22m[39m[ChatContext] Setting up AssistantChat observeQuery
[90mstdout[2m | src/components/QuestionsReview2.stories.tsx[2m > [22m[2mMinimal Data
[22m[39m[ChatContext] Waiting for subscription to initialize
[90mstdout[2m | src/components/QuestionsReview2.stories.tsx[2m > [22m[2mMinimal Data
[22m[39m[SettingsContext] Setting up Settings subscription for user: mock-user-sub
[90mstdout[2m | src/components/QuestionsReview2.stories.tsx[2m > [22m[2mMinimal Data
[22m[39m[Mock Data] Settings created: mock-settings-1790417574507 - notified 0 subscribers
[90mstdout[2m | src/components/QuestionsReview2.stories.tsx[2m > [22m[2mMinimal Data
[22m[39m[Mock Data] Unit.onUpdate() subscription added. Total: 1
[90mstdout[2m | src/components/QuestionsReview2.stories.tsx[2m > [22m[2mMinimal Data
[22m[39m[SectionContext] Section observeQuery update: 0
[90mstdout[2m | src/components/QuestionsReview2.stories.tsx[2m > [22m[2mMinimal Data
[22m[39m[FilesContext] File observeQuery update: 0 files
[90mstdout[2m | src/components/QuestionsReview2.stories.tsx[2m > [22m[2mMinimal Data
[22m[39m[ChatContext] AssistantChat initialized with 0 chats
[90mstdout[2m | src/components/QuestionsReview2.stories.tsx[2m > [22m[2mMinimal Data
[22m[39m[MOCK CourseVectorStore] Initialized with mock data
[90mstdout[2m | src/components/QuestionsReview2.stories.tsx[2m > [22m[2mMinimal Data
[22m[39m[ChatContext] No current chat available, will create one
[90mstdout[2m | src/components/QuestionsReview2.stories.tsx[2m > [22m[2mMinimal Data
[22m[39m[ChatContext] Creating AssistantChat with user: undefined
[90mstdout[2m | src/components/QuestionsReview2.stories.tsx[2m > [22m[2mMinimal Data
[22m[39m[Mock Data] AssistantChat created: mock-assistantchat-1790417574730 - notified 1 subscribers
[90mstdout[2m | src/components/QuestionsReview2.stories.tsx[2m > [22m[2mMinimal Data
[22m[39m[ChatContext] Create result: {
  "data": {
    "_version": 1,
    "archived": false,
    "chatFiles": [Function anonymous],
    "createdAt": "2026-09-26T10:12:54.730Z",
    "id": "mock-assistantchat-1790417574730",
    "model": "gpt-4",
    "updatedAt": "2026-09-26T10:12:54.730Z",
  },
  "errors": [],
  "hasData": true,
  "hasErrors": true,
}
[90mstdout[2m | src/components/QuestionsReview2.stories.tsx[2m > [22m[2mMinimal Data
[22m[39m[ChatContext] Created AssistantChat: mock-assistantchat-1790417574730 at: 2026-09-26T10:12:54.730Z
[90mstdout[2m | src/components/QuestionsReview2.stories.tsx[2m > [22m[2mMinimal Data
[22m[39m[Mock Storage] downloadData called with: undefined
[90mstdout[2m | src/components/QuestionsReview2.stories.tsx[2m > [22m[2mMinimal Data
[22m[39m[ChatContext] Setting initial chat: mock-assistantchat-1790417574730
[90mstdout[2m | src/components/QuestionsReview2.stories.tsx[2m > [22m[2mMinimal Data
[22m[39m[ChatContext] Chat exists and not archived, skipping creation
[90mstdout[2m | src/components/QuestionsReview2.stories.tsx[2m > [22m[2mNo Questions
[22m[39m[ChatContext] Cleaning up subscriptions
[90mstdout[2m | src/components/QuestionsReview2.stories.tsx[2m > [22m[2mNo Questions
[22m[39m[Mock Data] Unit.onUpdate() subscription removed. Remaining: 0
[90mstdout[2m | src/components/QuestionsReview2.stories.tsx[2m > [22m[2mNo Questions
[22m[39m[Preview] Skipped initializing default mock data (initializeMockData=false)
[90mstdout[2m | src/components/QuestionsReview2.stories.tsx[2m > [22m[2mNo Questions
[22m[39m[MOCK CourseVectorStore] Initialized with mock data
[90mstdout[2m | src/components/QuestionsReview2.stories.tsx[2m > [22m[2mNo Questions
[22m[39m[TranslationModeController] Setting mode to: off
[90mstdout[2m | src/components/QuestionsReview2.stories.tsx[2m > [22m[2mNo Questions
[22m[39m[UnitContext] useEffect triggered {
  "authLoading": false,
  "hasUser": true,
  "id": "mock-unit-1",
  "userSub": "mock-user-sub",
}
[90mstdout[2m | src/components/QuestionsReview2.stories.tsx[2m > [22m[2mNo Questions
[22m[39m[UnitContext] Fetching unit data for id: mock-unit-1
[90mstdout[2m | src/components/QuestionsReview2.stories.tsx[2m > [22m[2mNo Questions
[22m[39m[FilesContext] Initializing vector store from IndexedDB
[90mstdout[2m | src/components/QuestionsReview2.stories.tsx[2m > [22m[2mNo Questions
[22m[39m[FilesContext] fetchFiles called
[90mstdout[2m | src/components/QuestionsReview2.stories.tsx[2m > [22m[2mNo Questions
[22m[39m[FilesContext] User authenticated: mock-user-sub
[90mstdout[2m | src/components/QuestionsReview2.stories.tsx[2m > [22m[2mNo Questions
[22m[39m[FilesContext] Identity ID: us-east-1:mock-identity-123
[90mstdout[2m | src/components/QuestionsReview2.stories.tsx[2m > [22m[2mNo Questions
[22m[39m[FilesContext] About to set up File observeQuery
[90mstdout[2m | src/components/QuestionsReview2.stories.tsx[2m > [22m[2mNo Questions
[22m[39m[ChatContext] Setting up AssistantChat observeQuery
[90mstdout[2m | src/components/QuestionsReview2.stories.tsx[2m > [22m[2mNo Questions
[22m[39m[ChatContext] Waiting for subscription to initialize
[90mstdout[2m | src/components/QuestionsReview2.stories.tsx[2m > [22m[2mNo Questions
[22m[39m[SettingsContext] Setting up Settings subscription for user: mock-user-sub
[90mstdout[2m | src/components/QuestionsReview2.stories.tsx[2m > [22m[2mNo Questions
[22m[39m[Mock Data] Settings created: mock-settings-1790417574987 - notified 0 subscribers
[90mstdout[2m | src/components/QuestionsReview2.stories.tsx[2m > [22m[2mNo Questions
[22m[39m[Mock Data] Unit.onUpdate() subscription added. Total: 1
[90mstdout[2m | src/components/QuestionsReview2.stories.tsx[2m > [22m[2mNo Questions
[22m[39m[SectionContext] Section observeQuery update: 0
[90mstdout[2m | src/components/QuestionsReview2.stories.tsx[2m > [22m[2mNo Questions
[22m[39m[FilesContext] File observeQuery update: 0 files
[90mstdout[2m | src/components/QuestionsReview2.stories.tsx[2m > [22m[2mNo Questions
[22m[39m[ChatContext] AssistantChat initialized with 0 chats
[90mstdout[2m | src/components/QuestionsReview2.stories.tsx[2m > [22m[2mNo Questions
[22m[39m[MOCK CourseVectorStore] Initialized with mock data
[90mstdout[2m | src/components/QuestionsReview2.stories.tsx[2m > [22m[2mNo Questions
[22m[39m[ChatContext] No current chat available, will create one
[90mstdout[2m | src/components/QuestionsReview2.stories.tsx[2m > [22m[2mNo Questions
[22m[39m[ChatContext] Creating AssistantChat with user: undefined
[90mstdout[2m | src/components/QuestionsReview2.stories.tsx[2m > [22m[2mNo Questions
[22m[39m[Mock Data] AssistantChat created: mock-assistantchat-1790417575025 - notified 1 subscribers
[90mstdout[2m | src/components/QuestionsReview2.stories.tsx[2m > [22m[2mNo Questions
[22m[39m[ChatContext] Create result: {
  "data": {
    "_version": 1,
    "archived": false,
    "chatFiles": [Function anonymous],
    "createdAt": "2026-09-26T10:12:55.025Z",
    "id": "mock-assistantchat-1790417575025",
    "model": "gpt-4",
    "updatedAt": "2026-09-26T10:12:55.025Z",
  },
  "errors": [],
  "hasData": true,
  "hasErrors": true,
}
[90mstdout[2m | src/components/QuestionsReview2.stories.tsx[2m > [22m[2mNo Questions
[22m[39m[ChatContext] Created AssistantChat: mock-assistantchat-1790417575025 at: 2026-09-26T10:12:55.025Z
[90mstdout[2m | src/components/QuestionsReview2.stories.tsx[2m > [22m[2mNo Questions
[22m[39m[Mock Storage] downloadData called with: undefined
[90mstdout[2m | src/components/QuestionsReview2.stories.tsx[2m > [22m[2mNo Questions
[22m[39m[ChatContext] Setting initial chat: mock-assistantchat-1790417575025
[90mstdout[2m | src/components/QuestionsReview2.stories.tsx[2m > [22m[2mNo Questions
[22m[39m[ChatContext] Chat exists and not archived, skipping creation
[90mstdout[2m | src/components/QuestionsReview2.stories.tsx[2m > [22m[2mWith Summaries Expanded
[22m[39m[ChatContext] Cleaning up subscriptions
[90mstdout[2m | src/components/QuestionsReview2.stories.tsx[2m > [22m[2mWith Summaries Expanded
[22m[39m[Mock Data] Unit.onUpdate() subscription removed. Remaining: 0
[90mstdout[2m | src/components/QuestionsReview2.stories.tsx[2m > [22m[2mWith Summaries Expanded
[22m[39m[Preview] Skipped initializing default mock data (initializeMockData=false)
[90mstdout[2m | src/components/QuestionsReview2.stories.tsx[2m > [22m[2mWith Summaries Expanded
[22m[39m[MOCK CourseVectorStore] Initialized with mock data
[90mstdout[2m | src/components/QuestionsReview2.stories.tsx[2m > [22m[2mWith Summaries Expanded
[22m[39m[TranslationModeController] Setting mode to: off
[90mstdout[2m | src/components/QuestionsReview2.stories.tsx[2m > [22m[2mWith Summaries Expanded
[22m[39m[UnitContext] useEffect triggered {
  "authLoading": false,
  "hasUser": true,
  "id": "mock-unit-1",
  "userSub": "mock-user-sub",
}
[90mstdout[2m | src/components/QuestionsReview2.stories.tsx[2m > [22m[2mWith Summaries Expanded
[22m[39m[UnitContext] Fetching unit data for id: mock-unit-1
[90mstdout[2m | src/components/QuestionsReview2.stories.tsx[2m > [22m[2mWith Summaries Expanded
[22m[39m[FilesContext] Initializing vector store from IndexedDB
[90mstdout[2m | src/components/QuestionsReview2.stories.tsx[2m > [22m[2mWith Summaries Expanded
[22m[39m[FilesContext] fetchFiles called
[90mstdout[2m | src/components/QuestionsReview2.stories.tsx[2m > [22m[2mWith Summaries Expanded
[22m[39m[FilesContext] User authenticated: mock-user-sub
[90mstdout[2m | src/components/QuestionsReview2.stories.tsx[2m > [22m[2mWith Summaries Expanded
[22m[39m[FilesContext] Identity ID: us-east-1:mock-identity-123
[90mstdout[2m | src/components/QuestionsReview2.stories.tsx[2m > [22m[2mWith Summaries Expanded
[22m[39m[FilesContext] About to set up File observeQuery
[90mstdout[2m | src/components/QuestionsReview2.stories.tsx[2m > [22m[2mWith Summaries Expanded
[22m[39m[ChatContext] Setting up AssistantChat observeQuery
[90mstdout[2m | src/components/QuestionsReview2.stories.tsx[2m > [22m[2mWith Summaries Expanded
[22m[39m[ChatContext] Waiting for subscription to initialize
[90mstdout[2m | src/components/QuestionsReview2.stories.tsx[2m > [22m[2mWith Summaries Expanded
[22m[39m[SettingsContext] Setting up Settings subscription for user: mock-user-sub
[90mstdout[2m | src/components/QuestionsReview2.stories.tsx[2m > [22m[2mWith Summaries Expanded
[22m[39m[Mock Data] Settings created: mock-settings-1790417575178 - notified 0 subscribers
[90mstdout[2m | src/components/QuestionsReview2.stories.tsx[2m > [22m[2mWith Summaries Expanded
[22m[39m[Mock Data] Unit.onUpdate() subscription added. Total: 1
[90mstdout[2m | src/components/QuestionsReview2.stories.tsx[2m > [22m[2mWith Summaries Expanded
[22m[39m[SectionContext] Section observeQuery update: 0
[90mstdout[2m | src/components/QuestionsReview2.stories.tsx[2m > [22m[2mWith Summaries Expanded
[22m[39m[FilesContext] File observeQuery update: 0 files
[90mstdout[2m | src/components/QuestionsReview2.stories.tsx[2m > [22m[2mWith Summaries Expanded
[22m[39m[ChatContext] AssistantChat initialized with 0 chats
[90mstdout[2m | src/components/QuestionsReview2.stories.tsx[2m > [22m[2mWith Summaries Expanded
[22m[39m[MOCK CourseVectorStore] Initialized with mock data
[90mstdout[2m | src/components/QuestionsReview2.stories.tsx[2m > [22m[2mWith Summaries Expanded
[22m[39m[ChatContext] No current chat available, will create one
[90mstdout[2m | src/components/QuestionsReview2.stories.tsx[2m > [22m[2mWith Summaries Expanded
[22m[39m[ChatContext] Creating AssistantChat with user: undefined
[90mstdout[2m | src/components/QuestionsReview2.stories.tsx[2m > [22m[2mWith Summaries Expanded
[22m[39m[Mock Data] AssistantChat created: mock-assistantchat-1790417575206 - notified 1 subscribers
[90mstdout[2m | src/components/QuestionsReview2.stories.tsx[2m > [22m[2mWith Summaries Expanded
[22m[39m[ChatContext] Create result: {
  "data": {
    "_version": 1,
    "archived": false,
    "chatFiles": [Function anonymous],
    "createdAt": "2026-09-26T10:12:55.206Z",
    "id": "mock-assistantchat-1790417575206",
    "model": "gpt-4",
    "updatedAt": "2026-09-26T10:12:55.206Z",
  },
  "errors": [],
  "hasData": true,
  "hasErrors": true,
}
[90mstdout[2m | src/components/QuestionsReview2.stories.tsx[2m > [22m[2mWith Summaries Expanded
[22m[39m[ChatContext] Created AssistantChat: mock-assistantchat-1790417575206 at: 2026-09-26T10:12:55.206Z
[90mstdout[2m | src/components/QuestionsReview2.stories.tsx[2m > [22m[2mWith Summaries Expanded
[22m[39m[Mock Storage] downloadData called with: undefined
[90mstdout[2m | src/components/QuestionsReview2.stories.tsx[2m > [22m[2mWith Summaries Expanded
[22m[39m[ChatContext] Setting initial chat: mock-assistantchat-1790417575206
[90mstdout[2m | src/components/QuestionsReview2.stories.tsx[2m > [22m[2mWith Summaries Expanded
[22m[39m[ChatContext] Chat exists and not archived, skipping creation
[90mstdout[2m | src/components/QuestionsReview2.stories.tsx[2m > [22m[2mPlayground
[22m[39m[ChatContext] Cleaning up subscriptions
[90mstdout[2m | src/components/QuestionsReview2.stories.tsx[2m > [22m[2mPlayground
[22m[39m[Mock Data] Unit.onUpdate() subscription removed. Remaining: 0
[90mstdout[2m | src/components/QuestionsReview2.stories.tsx[2m > [22m[2mPlayground
[22m[39m[Preview] Skipped initializing default mock data (initializeMockData=false)
[90mstdout[2m | src/components/QuestionsReview2.stories.tsx[2m > [22m[2mPlayground
[22m[39m[MOCK CourseVectorStore] Initialized with mock data
[90mstdout[2m | src/components/QuestionsReview2.stories.tsx[2m > [22m[2mPlayground
[22m[39m[TranslationModeController] Setting mode to: off
[90mstdout[2m | src/components/QuestionsReview2.stories.tsx[2m > [22m[2mPlayground
[22m[39m[UnitContext] useEffect triggered {
  "authLoading": false,
  "hasUser": true,
  "id": "mock-unit-1",
  "userSub": "mock-user-sub",
}
[90mstdout[2m | src/components/QuestionsReview2.stories.tsx[2m > [22m[2mPlayground
[22m[39m[UnitContext] Fetching unit data for id: mock-unit-1
[90mstdout[2m | src/components/QuestionsReview2.stories.tsx[2m > [22m[2mPlayground
[22m[39m[FilesContext] Initializing vector store from IndexedDB
[90mstdout[2m | src/components/QuestionsReview2.stories.tsx[2m > [22m[2mPlayground
[22m[39m[FilesContext] fetchFiles called
[90mstdout[2m | src/components/QuestionsReview2.stories.tsx[2m > [22m[2mPlayground
[22m[39m[FilesContext] User authenticated: mock-user-sub
[90mstdout[2m | src/components/QuestionsReview2.stories.tsx[2m > [22m[2mPlayground
[22m[39m[FilesContext] Identity ID: us-east-1:mock-identity-123
[90mstdout[2m | src/components/QuestionsReview2.stories.tsx[2m > [22m[2mPlayground
[22m[39m[FilesContext] About to set up File observeQuery
[90mstdout[2m | src/components/QuestionsReview2.stories.tsx[2m > [22m[2mPlayground
[22m[39m[ChatContext] Setting up AssistantChat observeQuery
[90mstdout[2m | src/components/QuestionsReview2.stories.tsx[2m > [22m[2mPlayground
[22m[39m[ChatContext] Waiting for subscription to initialize
[90mstdout[2m | src/components/QuestionsReview2.stories.tsx[2m > [22m[2mPlayground
[22m[39m[SettingsContext] Setting up Settings subscription for user: mock-user-sub
[90mstdout[2m | src/components/QuestionsReview2.stories.tsx[2m > [22m[2mPlayground
[22m[39m[Mock Data] Settings created: mock-settings-1790417575322 - notified 0 subscribers
[90mstdout[2m | src/components/QuestionsReview2.stories.tsx[2m > [22m[2mPlayground
[22m[39m[Mock Data] Unit.onUpdate() subscription added. Total: 1
[90mstdout[2m | src/components/QuestionsReview2.stories.tsx[2m > [22m[2mPlayground
[22m[39m[SectionContext] Section observeQuery update: 0
[90mstdout[2m | src/components/QuestionsReview2.stories.tsx[2m > [22m[2mPlayground
[22m[39m[FilesContext] File observeQuery update: 0 files
[90mstdout[2m | src/components/QuestionsReview2.stories.tsx[2m > [22m[2mPlayground
[22m[39m[ChatContext] AssistantChat initialized with 0 chats
[90mstdout[2m | src/components/QuestionsReview2.stories.tsx[2m > [22m[2mPlayground
[22m[39m[MOCK CourseVectorStore] Initialized with mock data
[90mstdout[2m | src/components/QuestionsReview2.stories.tsx[2m > [22m[2mPlayground
[22m[39m[ChatContext] No current chat available, will create one
[90mstdout[2m | src/components/QuestionsReview2.stories.tsx[2m > [22m[2mPlayground
[22m[39m[ChatContext] Creating AssistantChat with user: undefined
[90mstdout[2m | src/components/QuestionsReview2.stories.tsx[2m > [22m[2mPlayground
[22m[39m[Mock Data] AssistantChat created: mock-assistantchat-1790417575350 - notified 1 subscribers
[90mstdout[2m | src/components/QuestionsReview2.stories.tsx[2m > [22m[2mPlayground
[22m[39m[ChatContext] Create result: {
  "data": {
    "_version": 1,
    "archived": false,
    "chatFiles": [Function anonymous],
    "createdAt": "2026-09-26T10:12:55.350Z",
    "id": "mock-assistantchat-1790417575350",
    "model": "gpt-4",
    "updatedAt": "2026-09-26T10:12:55.350Z",
  },
  "errors": [],
  "hasData": true,
  "hasErrors": true,
}
[90mstdout[2m | src/components/QuestionsReview2.stories.tsx[2m > [22m[2mPlayground
[22m[39m[ChatContext] Created AssistantChat: mock-assistantchat-1790417575350 at: 2026-09-26T10:12:55.350Z
[90mstdout[2m | src/components/QuestionsReview2.stories.tsx[2m > [22m[2mPlayground
[22m[39m[Mock Storage] downloadData called with: undefined
[90mstdout[2m | src/components/QuestionsReview2.stories.tsx[2m > [22m[2mPlayground
[22m[39m[ChatContext] Setting initial chat: mock-assistantchat-1790417575350
[90mstdout[2m | src/components/QuestionsReview2.stories.tsx[2m > [22m[2mPlayground
[22m[39m[ChatContext] Chat exists and not archived, skipping creation
[90mstdout[2m | src/components/QuestionsReview2.stories.tsx[2m > [22m[2mBadge Showcase
[22m[39m[ChatContext] Cleaning up subscriptions
[90mstdout[2m | src/components/QuestionsReview2.stories.tsx[2m > [22m[2mBadge Showcase
[22m[39m[Mock Data] Unit.onUpdate() subscription removed. Remaining: 0
[90mstdout[2m | src/components/QuestionsReview2.stories.tsx[2m > [22m[2mBadge Showcase
[22m[39m[Preview] Skipped initializing default mock data (initializeMockData=false)
[90mstdout[2m | src/components/QuestionsReview2.stories.tsx[2m > [22m[2mBadge Showcase
[22m[39m[MOCK CourseVectorStore] Initialized with mock data
[90mstdout[2m | src/components/QuestionsReview2.stories.tsx[2m > [22m[2mBadge Showcase
[22m[39m[TranslationModeController] Setting mode to: off
[90mstdout[2m | src/components/QuestionsReview2.stories.tsx[2m > [22m[2mBadge Showcase
[22m[39m[UnitContext] useEffect triggered {
  "authLoading": false,
  "hasUser": true,
  "id": "mock-unit-id",
  "userSub": "mock-user-sub",
}
[90mstdout[2m | src/components/QuestionsReview2.stories.tsx[2m > [22m[2mBadge Showcase
[22m[39m[UnitContext] Fetching unit data for id: mock-unit-id
[90mstdout[2m | src/components/QuestionsReview2.stories.tsx[2m > [22m[2mBadge Showcase
[22m[39m[FilesContext] Initializing vector store from IndexedDB
[90mstdout[2m | src/components/QuestionsReview2.stories.tsx[2m > [22m[2mBadge Showcase
[22m[39m[FilesContext] fetchFiles called
[90mstdout[2m | src/components/QuestionsReview2.stories.tsx[2m > [22m[2mBadge Showcase
[22m[39m[FilesContext] User authenticated: mock-user-sub
[90mstdout[2m | src/components/QuestionsReview2.stories.tsx[2m > [22m[2mBadge Showcase
[22m[39m[FilesContext] Identity ID: us-east-1:mock-identity-123
[90mstdout[2m | src/components/QuestionsReview2.stories.tsx[2m > [22m[2mBadge Showcase
[22m[39m[FilesContext] About to set up File observeQuery
[90mstdout[2m | src/components/QuestionsReview2.stories.tsx[2m > [22m[2mBadge Showcase
[22m[39m[ChatContext] Setting up AssistantChat observeQuery
[90mstdout[2m | src/components/QuestionsReview2.stories.tsx[2m > [22m[2mBadge Showcase
[22m[39m[ChatContext] Waiting for subscription to initialize
[90mstdout[2m | src/components/QuestionsReview2.stories.tsx[2m > [22m[2mBadge Showcase
[22m[39m[SettingsContext] Setting up Settings subscription for user: mock-user-sub
[90mstdout[2m | src/components/QuestionsReview2.stories.tsx[2m > [22m[2mBadge Showcase
[22m[39m[Mock Data] Settings created: mock-settings-1790417575484 - notified 0 subscribers
[90mstdout[2m | src/components/QuestionsReview2.stories.tsx[2m > [22m[2mBadge Showcase
[22m[39m[Mock Data] Unit.onUpdate() subscription added. Total: 1
[90mstdout[2m | src/components/QuestionsReview2.stories.tsx[2m > [22m[2mBadge Showcase
[22m[39m[SectionContext] Section observeQuery update: 0
[90mstdout[2m | src/components/QuestionsReview2.stories.tsx[2m > [22m[2mBadge Showcase
[22m[39m[FilesContext] File observeQuery update: 0 files
[90mstdout[2m | src/components/QuestionsReview2.stories.tsx[2m > [22m[2mBadge Showcase
[22m[39m[ChatContext] AssistantChat initialized with 0 chats
[90mstdout[2m | src/components/QuestionsReview2.stories.tsx[2m > [22m[2mBadge Showcase
[22m[39m[MOCK CourseVectorStore] Initialized with mock data
[90mstdout[2m | src/components/QuestionsReview2.stories.tsx[2m > [22m[2mBadge Showcase
[22m[39m[ChatContext] No current chat available, will create one
[90mstdout[2m | src/components/QuestionsReview2.stories.tsx[2m > [22m[2mBadge Showcase
[22m[39m[ChatContext] Creating AssistantChat with user: undefined
[90mstdout[2m | src/components/QuestionsReview2.stories.tsx[2m > [22m[2mBadge Showcase
[22m[39m[Mock Data] AssistantChat created: mock-assistantchat-1790417575507 - notified 1 subscribers
[90mstdout[2m | src/components/QuestionsReview2.stories.tsx[2m > [22m[2mBadge Showcase
[22m[39m[ChatContext] Create result: {
  "data": {
    "_version": 1,
    "archived": false,
    "chatFiles": [Function anonymous],
    "createdAt": "2026-09-26T10:12:55.507Z",
    "id": "mock-assistantchat-1790417575507",
    "model": "gpt-4",
    "updatedAt": "2026-09-26T10:12:55.507Z",
  },
  "errors": [],
  "hasData": true,
  "hasErrors": true,
}
[90mstdout[2m | src/components/QuestionsReview2.stories.tsx[2m > [22m[2mBadge Showcase
[22m[39m[ChatContext] Created AssistantChat: mock-assistantchat-1790417575507 at: 2026-09-26T10:12:55.507Z
[90mstdout[2m | src/components/QuestionsReview2.stories.tsx[2m > [22m[2mBadge Showcase
[22m[39m[Mock Storage] downloadData called with: undefined
[90mstdout[2m | src/components/QuestionsReview2.stories.tsx[2m > [22m[2mBadge Showcase
[22m[39m[ChatContext] Setting initial chat: mock-assistantchat-1790417575507
[90mstdout[2m | src/components/QuestionsReview2.stories.tsx[2m > [22m[2mBadge Showcase
[22m[39m[ChatContext] Chat exists and not archived, skipping creation
 [32m✓[39m [30m[45m storybook (chromium) [49m[39m src/components/QuestionsReview2.stories.tsx [2m([22m[2m13 tests[22m[2m)[22m[33m 6235[2mms[22m[39m
   [33m[2m✓[22m[39m Default [33m 777[2mms[22m[39m
   [33m[2m✓[22m[39m With Search Highlight [33m 444[2mms[22m[39m
   [33m[2m✓[22m[39m Large List [33m 904[2mms[22m[39m
   [33m[2m✓[22m[39m Essay Questions [33m 536[2mms[22m[39m
   [33m[2m✓[22m[39m Comprehension Questions [33m 580[2mms[22m[39m
   [33m[2m✓[22m[39m Mixed Difficulty [33m 890[2mms[22m[39m
   [33m[2m✓[22m[39m With Media Attachments [33m 659[2mms[22m[39m
   [33m[2m✓[22m[39m Minimal Data [33m 446[2mms[22m[39m
[90mstdout[2m | unknown test
[22m[39m[MOCK vectorStoreDB.js] Module loaded - mock IndexedDB operations
[90mstdout[2m | unknown test
[22m[39m[Task Completion] DOM action listeners initialized
[90mstdout[2m | unknown test
[22m[39m[Task Completion] Auto-completion detector initialized
[90mstdout[2m | unknown test
[22m[39m[Preview] Task completion detector initialized
[90mstdout[2m | src/components/PracticeDrill/PracticeDrillConfigPopup.stories.tsx[2m > [22m[2mDefault
[22m[39m[MOCK CourseVectorStore] Initialized with mock data
[90mstdout[2m | src/components/PracticeDrill/PracticeDrillConfigPopup.stories.tsx[2m > [22m[2mDefault
[22m[39m[TranslationModeController] Setting mode to: off
[90mstdout[2m | src/components/PracticeDrill/PracticeDrillConfigPopup.stories.tsx[2m > [22m[2mDefault
[22m[39m[UnitContext] useEffect triggered {
  "authLoading": false,
  "hasUser": true,
  "id": "mock-unit-id",
  "userSub": "mock-user-sub",
}
[90mstdout[2m | src/components/PracticeDrill/PracticeDrillConfigPopup.stories.tsx[2m > [22m[2mDefault
[22m[39m[UnitContext] Fetching unit data for id: mock-unit-id
[90mstdout[2m | src/components/PracticeDrill/PracticeDrillConfigPopup.stories.tsx[2m > [22m[2mDefault
[22m[39m[FilesContext] Initializing vector store from IndexedDB
[90mstdout[2m | src/components/PracticeDrill/PracticeDrillConfigPopup.stories.tsx[2m > [22m[2mDefault
[22m[39m[FilesContext] fetchFiles called
[90mstdout[2m | src/components/PracticeDrill/PracticeDrillConfigPopup.stories.tsx[2m > [22m[2mDefault
[22m[39m[FilesContext] User authenticated: mock-user-sub
[90mstdout[2m | src/components/PracticeDrill/PracticeDrillConfigPopup.stories.tsx[2m > [22m[2mDefault
[22m[39m[FilesContext] Identity ID: us-east-1:mock-identity-123
[90mstdout[2m | src/components/PracticeDrill/PracticeDrillConfigPopup.stories.tsx[2m > [22m[2mDefault
[22m[39m[FilesContext] About to set up File observeQuery
[90mstdout[2m | src/components/PracticeDrill/PracticeDrillConfigPopup.stories.tsx[2m > [22m[2mDefault
[22m[39m[ChatContext] Setting up AssistantChat observeQuery
[90mstdout[2m | src/components/PracticeDrill/PracticeDrillConfigPopup.stories.tsx[2m > [22m[2mDefault
[22m[39m[ChatContext] Waiting for subscription to initialize
[90mstdout[2m | src/components/PracticeDrill/PracticeDrillConfigPopup.stories.tsx[2m > [22m[2mDefault
[22m[39m[SettingsContext] Setting up Settings subscription for user: mock-user-sub
[90mstdout[2m | src/components/PracticeDrill/PracticeDrillConfigPopup.stories.tsx[2m > [22m[2mDefault
[22m[39m[Mock Data] Settings created: mock-settings-1790417577254 - notified 0 subscribers
[90mstdout[2m | src/components/PracticeDrill/PracticeDrillConfigPopup.stories.tsx[2m > [22m[2mDefault
[22m[39m[Mock Data] Unit.onUpdate() subscription added. Total: 1
[90mstdout[2m | src/components/PracticeDrill/PracticeDrillConfigPopup.stories.tsx[2m > [22m[2mDefault
[22m[39m[SectionContext] Section observeQuery update: 0
[90mstdout[2m | src/components/PracticeDrill/PracticeDrillConfigPopup.stories.tsx[2m > [22m[2mDefault
[22m[39m[FilesContext] File observeQuery update: 6 files
[90mstdout[2m | src/components/PracticeDrill/PracticeDrillConfigPopup.stories.tsx[2m > [22m[2mDefault
[22m[39m[ChatContext] AssistantChat initialized with 1 chats
[90mstdout[2m | src/components/PracticeDrill/PracticeDrillConfigPopup.stories.tsx[2m > [22m[2mDefault
[22m[39m[ChatContext] Setting initial chat: mock-assistant-chat-1
[90mstdout[2m | src/components/PracticeDrill/PracticeDrillConfigPopup.stories.tsx[2m > [22m[2mDefault
[22m[39m[MOCK CourseVectorStore] Initialized with mock data
[90mstdout[2m | src/components/PracticeDrill/PracticeDrillConfigPopup.stories.tsx[2m > [22m[2mDefault
[22m[39m[FilesContext] Vector store population triggered {
  "currentVectorStoreSize": 3,
  "documentsCount": 0,
  "filesCount": 6,
  "isInitialLoad": true,
}
[90mstdout[2m | src/components/PracticeDrill/PracticeDrillConfigPopup.stories.tsx[2m > [22m[2mDefault
[22m[39m[FilesContext] Vector store population complete - 3 total embeddings
[90mstdout[2m | src/components/PracticeDrill/PracticeDrillConfigPopup.stories.tsx[2m > [22m[2mDefault
[22m[39m[ChatContext] Chat exists and not archived, skipping creation
[90mstdout[2m | src/components/PracticeDrill/PracticeDrillConfigPopup.stories.tsx[2m > [22m[2mDefault
[22m[39m[Mock Storage] downloadData called with: undefined
[90mstdout[2m | src/components/PracticeDrill/PracticeDrillConfigPopup.stories.tsx[2m > [22m[2mWith Coverage
[22m[39m[ChatContext] Cleaning up subscriptions
[90mstdout[2m | src/components/PracticeDrill/PracticeDrillConfigPopup.stories.tsx[2m > [22m[2mWith Coverage
[22m[39m[Mock Data] Unit.onUpdate() subscription removed. Remaining: 0
[90mstdout[2m | src/components/PracticeDrill/PracticeDrillConfigPopup.stories.tsx[2m > [22m[2mWith Coverage
[22m[39m[MOCK CourseVectorStore] Initialized with mock data
[90mstdout[2m | src/components/PracticeDrill/PracticeDrillConfigPopup.stories.tsx[2m > [22m[2mWith Coverage
[22m[39m[TranslationModeController] Setting mode to: off
[90mstdout[2m | src/components/PracticeDrill/PracticeDrillConfigPopup.stories.tsx[2m > [22m[2mWith Coverage
[22m[39m[UnitContext] useEffect triggered {
  "authLoading": false,
  "hasUser": true,
  "id": "mock-unit-id",
  "userSub": "mock-user-sub",
}
[90mstdout[2m | src/components/PracticeDrill/PracticeDrillConfigPopup.stories.tsx[2m > [22m[2mWith Coverage
[22m[39m[UnitContext] Fetching unit data for id: mock-unit-id
[90mstdout[2m | src/components/PracticeDrill/PracticeDrillConfigPopup.stories.tsx[2m > [22m[2mWith Coverage
[22m[39m[FilesContext] Initializing vector store from IndexedDB
[90mstdout[2m | src/components/PracticeDrill/PracticeDrillConfigPopup.stories.tsx[2m > [22m[2mWith Coverage
[22m[39m[FilesContext] fetchFiles called
[90mstdout[2m | src/components/PracticeDrill/PracticeDrillConfigPopup.stories.tsx[2m > [22m[2mWith Coverage
[22m[39m[FilesContext] User authenticated: mock-user-sub
[90mstdout[2m | src/components/PracticeDrill/PracticeDrillConfigPopup.stories.tsx[2m > [22m[2mWith Coverage
[22m[39m[FilesContext] Identity ID: us-east-1:mock-identity-123
[90mstdout[2m | src/components/PracticeDrill/PracticeDrillConfigPopup.stories.tsx[2m > [22m[2mWith Coverage
[22m[39m[FilesContext] About to set up File observeQuery
[90mstdout[2m | src/components/PracticeDrill/PracticeDrillConfigPopup.stories.tsx[2m > [22m[2mWith Coverage
[22m[39m[ChatContext] Setting up AssistantChat observeQuery
[90mstdout[2m | src/components/PracticeDrill/PracticeDrillConfigPopup.stories.tsx[2m > [22m[2mWith Coverage
[22m[39m[ChatContext] Waiting for subscription to initialize
[90mstdout[2m | src/components/PracticeDrill/PracticeDrillConfigPopup.stories.tsx[2m > [22m[2mWith Coverage
[22m[39m[SettingsContext] Setting up Settings subscription for user: mock-user-sub
[90mstdout[2m | src/components/PracticeDrill/PracticeDrillConfigPopup.stories.tsx[2m > [22m[2mWith Coverage
[22m[39m[Mock Data] Settings created: mock-settings-1790417577892 - notified 0 subscribers
[90mstdout[2m | src/components/PracticeDrill/PracticeDrillConfigPopup.stories.tsx[2m > [22m[2mWith Coverage
[22m[39m[Mock Data] Unit.onUpdate() subscription added. Total: 1
[90mstdout[2m | src/components/PracticeDrill/PracticeDrillConfigPopup.stories.tsx[2m > [22m[2mWith Coverage
[22m[39m[SectionContext] Section observeQuery update: 0
[90mstdout[2m | src/components/PracticeDrill/PracticeDrillConfigPopup.stories.tsx[2m > [22m[2mWith Coverage
[22m[39m[FilesContext] File observeQuery update: 6 files
[90mstdout[2m | src/components/PracticeDrill/PracticeDrillConfigPopup.stories.tsx[2m > [22m[2mWith Coverage
[22m[39m[ChatContext] AssistantChat initialized with 1 chats
[90mstdout[2m | src/components/PracticeDrill/PracticeDrillConfigPopup.stories.tsx[2m > [22m[2mWith Coverage
[22m[39m[ChatContext] Setting initial chat: mock-assistant-chat-1
[90mstdout[2m | src/components/PracticeDrill/PracticeDrillConfigPopup.stories.tsx[2m > [22m[2mWith Coverage
[22m[39m[MOCK CourseVectorStore] Initialized with mock data
[90mstdout[2m | src/components/PracticeDrill/PracticeDrillConfigPopup.stories.tsx[2m > [22m[2mWith Coverage
[22m[39m[FilesContext] Vector store population triggered {
  "currentVectorStoreSize": 3,
  "documentsCount": 0,
  "filesCount": 6,
  "isInitialLoad": true,
}
[90mstdout[2m | src/components/PracticeDrill/PracticeDrillConfigPopup.stories.tsx[2m > [22m[2mWith Coverage
[22m[39m[FilesContext] Vector store population complete - 3 total embeddings
[90mstdout[2m | src/components/PracticeDrill/PracticeDrillConfigPopup.stories.tsx[2m > [22m[2mWith Coverage
[22m[39m[ChatContext] Chat exists and not archived, skipping creation
[90mstdout[2m | src/components/PracticeDrill/PracticeDrillConfigPopup.stories.tsx[2m > [22m[2mWith Coverage
[22m[39m[Mock Storage] downloadData called with: undefined
[90mstdout[2m | src/components/PracticeDrill/PracticeDrillConfigPopup.stories.tsx[2m > [22m[2mFull Coverage
[22m[39m[ChatContext] Cleaning up subscriptions
[90mstdout[2m | src/components/PracticeDrill/PracticeDrillConfigPopup.stories.tsx[2m > [22m[2mFull Coverage
[22m[39m[Mock Data] Unit.onUpdate() subscription removed. Remaining: 0
[90mstdout[2m | src/components/PracticeDrill/PracticeDrillConfigPopup.stories.tsx[2m > [22m[2mFull Coverage
[22m[39m[MOCK CourseVectorStore] Initialized with mock data
[90mstdout[2m | src/components/PracticeDrill/PracticeDrillConfigPopup.stories.tsx[2m > [22m[2mFull Coverage
[22m[39m[TranslationModeController] Setting mode to: off
[90mstdout[2m | src/components/PracticeDrill/PracticeDrillConfigPopup.stories.tsx[2m > [22m[2mFull Coverage
[22m[39m[UnitContext] useEffect triggered {
  "authLoading": false,
  "hasUser": true,
  "id": "mock-unit-id",
  "userSub": "mock-user-sub",
}
[90mstdout[2m | src/components/PracticeDrill/PracticeDrillConfigPopup.stories.tsx[2m > [22m[2mFull Coverage
[22m[39m[UnitContext] Fetching unit data for id: mock-unit-id
[90mstdout[2m | src/components/PracticeDrill/PracticeDrillConfigPopup.stories.tsx[2m > [22m[2mFull Coverage
[22m[39m[FilesContext] Initializing vector store from IndexedDB
[90mstdout[2m | src/components/PracticeDrill/PracticeDrillConfigPopup.stories.tsx[2m > [22m[2mFull Coverage
[22m[39m[FilesContext] fetchFiles called
[90mstdout[2m | src/components/PracticeDrill/PracticeDrillConfigPopup.stories.tsx[2m > [22m[2mFull Coverage
[22m[39m[FilesContext] User authenticated: mock-user-sub
[90mstdout[2m | src/components/PracticeDrill/PracticeDrillConfigPopup.stories.tsx[2m > [22m[2mFull Coverage
[22m[39m[FilesContext] Identity ID: us-east-1:mock-identity-123
[90mstdout[2m | src/components/PracticeDrill/PracticeDrillConfigPopup.stories.tsx[2m > [22m[2mFull Coverage
[22m[39m[FilesContext] About to set up File observeQuery
[90mstdout[2m | src/components/PracticeDrill/PracticeDrillConfigPopup.stories.tsx[2m > [22m[2mFull Coverage
[22m[39m[ChatContext] Setting up AssistantChat observeQuery
[90mstdout[2m | src/components/PracticeDrill/PracticeDrillConfigPopup.stories.tsx[2m > [22m[2mFull Coverage
[22m[39m[ChatContext] Waiting for subscription to initialize
[90mstdout[2m | src/components/PracticeDrill/PracticeDrillConfigPopup.stories.tsx[2m > [22m[2mFull Coverage
[22m[39m[SettingsContext] Setting up Settings subscription for user: mock-user-sub
[90mstdout[2m | src/components/PracticeDrill/PracticeDrillConfigPopup.stories.tsx[2m > [22m[2mFull Coverage
[22m[39m[Mock Data] Settings created: mock-settings-1790417578472 - notified 0 subscribers
[90mstdout[2m | src/components/PracticeDrill/PracticeDrillConfigPopup.stories.tsx[2m > [22m[2mFull Coverage
[22m[39m[Mock Data] Unit.onUpdate() subscription added. Total: 1
[90mstdout[2m | src/components/PracticeDrill/PracticeDrillConfigPopup.stories.tsx[2m > [22m[2mFull Coverage
[22m[39m[SectionContext] Section observeQuery update: 0
[90mstdout[2m | src/components/PracticeDrill/PracticeDrillConfigPopup.stories.tsx[2m > [22m[2mFull Coverage
[22m[39m[FilesContext] File observeQuery update: 6 files
[90mstdout[2m | src/components/PracticeDrill/PracticeDrillConfigPopup.stories.tsx[2m > [22m[2mFull Coverage
[22m[39m[ChatContext] AssistantChat initialized with 1 chats
[90mstdout[2m | src/components/PracticeDrill/PracticeDrillConfigPopup.stories.tsx[2m > [22m[2mFull Coverage
[22m[39m[ChatContext] Setting initial chat: mock-assistant-chat-1
[90mstdout[2m | src/components/PracticeDrill/PracticeDrillConfigPopup.stories.tsx[2m > [22m[2mFull Coverage
[22m[39m[MOCK CourseVectorStore] Initialized with mock data
[90mstdout[2m | src/components/PracticeDrill/PracticeDrillConfigPopup.stories.tsx[2m > [22m[2mFull Coverage
[22m[39m[FilesContext] Vector store population triggered {
  "currentVectorStoreSize": 3,
  "documentsCount": 0,
  "filesCount": 6,
  "isInitialLoad": true,
}
[90mstdout[2m | src/components/PracticeDrill/PracticeDrillConfigPopup.stories.tsx[2m > [22m[2mFull Coverage
[22m[39m[FilesContext] Vector store population complete - 3 total embeddings
[90mstdout[2m | src/components/PracticeDrill/PracticeDrillConfigPopup.stories.tsx[2m > [22m[2mFull Coverage
[22m[39m[ChatContext] Chat exists and not archived, skipping creation
[90mstdout[2m | src/components/PracticeDrill/PracticeDrillConfigPopup.stories.tsx[2m > [22m[2mFull Coverage
[22m[39m[Mock Storage] downloadData called with: undefined
[90mstdout[2m | src/components/PracticeDrill/PracticeDrillConfigPopup.stories.tsx[2m > [22m[2mVocabulary Only
[22m[39m[ChatContext] Cleaning up subscriptions
[90mstdout[2m | src/components/PracticeDrill/PracticeDrillConfigPopup.stories.tsx[2m > [22m[2mVocabulary Only
[22m[39m[Mock Data] Unit.onUpdate() subscription removed. Remaining: 0
[90mstdout[2m | src/components/PracticeDrill/PracticeDrillConfigPopup.stories.tsx[2m > [22m[2mVocabulary Only
[22m[39m[MOCK CourseVectorStore] Initialized with mock data
[90mstdout[2m | src/components/PracticeDrill/PracticeDrillConfigPopup.stories.tsx[2m > [22m[2mVocabulary Only
[22m[39m[TranslationModeController] Setting mode to: off
[90mstdout[2m | src/components/PracticeDrill/PracticeDrillConfigPopup.stories.tsx[2m > [22m[2mVocabulary Only
[22m[39m[UnitContext] useEffect triggered {
  "authLoading": false,
  "hasUser": true,
  "id": "mock-unit-id",
  "userSub": "mock-user-sub",
}
[90mstdout[2m | src/components/PracticeDrill/PracticeDrillConfigPopup.stories.tsx[2m > [22m[2mVocabulary Only
[22m[39m[UnitContext] Fetching unit data for id: mock-unit-id
[90mstdout[2m | src/components/PracticeDrill/PracticeDrillConfigPopup.stories.tsx[2m > [22m[2mVocabulary Only
[22m[39m[FilesContext] Initializing vector store from IndexedDB
[90mstdout[2m | src/components/PracticeDrill/PracticeDrillConfigPopup.stories.tsx[2m > [22m[2mVocabulary Only
[22m[39m[FilesContext] fetchFiles called
[90mstdout[2m | src/components/PracticeDrill/PracticeDrillConfigPopup.stories.tsx[2m > [22m[2mVocabulary Only
[22m[39m[FilesContext] User authenticated: mock-user-sub
[90mstdout[2m | src/components/PracticeDrill/PracticeDrillConfigPopup.stories.tsx[2m > [22m[2mVocabulary Only
[22m[39m[FilesContext] Identity ID: us-east-1:mock-identity-123
[90mstdout[2m | src/components/PracticeDrill/PracticeDrillConfigPopup.stories.tsx[2m > [22m[2mVocabulary Only
[22m[39m[FilesContext] About to set up File observeQuery
[90mstdout[2m | src/components/PracticeDrill/PracticeDrillConfigPopup.stories.tsx[2m > [22m[2mVocabulary Only
[22m[39m[ChatContext] Setting up AssistantChat observeQuery
[90mstdout[2m | src/components/PracticeDrill/PracticeDrillConfigPopup.stories.tsx[2m > [22m[2mVocabulary Only
[22m[39m[ChatContext] Waiting for subscription to initialize
[90mstdout[2m | src/components/PracticeDrill/PracticeDrillConfigPopup.stories.tsx[2m > [22m[2mVocabulary Only
[22m[39m[SettingsContext] Setting up Settings subscription for user: mock-user-sub
[90mstdout[2m | src/components/PracticeDrill/PracticeDrillConfigPopup.stories.tsx[2m > [22m[2mVocabulary Only
[22m[39m[Mock Data] Settings created: mock-settings-1790417578961 - notified 0 subscribers
[90mstdout[2m | src/components/PracticeDrill/PracticeDrillConfigPopup.stories.tsx[2m > [22m[2mVocabulary Only
[22m[39m[Mock Data] Unit.onUpdate() subscription added. Total: 1
[90mstdout[2m | src/components/PracticeDrill/PracticeDrillConfigPopup.stories.tsx[2m > [22m[2mVocabulary Only
[22m[39m[SectionContext] Section observeQuery update: 0
[90mstdout[2m | src/components/PracticeDrill/PracticeDrillConfigPopup.stories.tsx[2m > [22m[2mVocabulary Only
[22m[39m[FilesContext] File observeQuery update: 6 files
[90mstdout[2m | src/components/PracticeDrill/PracticeDrillConfigPopup.stories.tsx[2m > [22m[2mVocabulary Only
[22m[39m[ChatContext] AssistantChat initialized with 1 chats
[90mstdout[2m | src/components/PracticeDrill/PracticeDrillConfigPopup.stories.tsx[2m > [22m[2mVocabulary Only
[22m[39m[ChatContext] Setting initial chat: mock-assistant-chat-1
[90mstdout[2m | src/components/PracticeDrill/PracticeDrillConfigPopup.stories.tsx[2m > [22m[2mVocabulary Only
[22m[39m[MOCK CourseVectorStore] Initialized with mock data
[90mstdout[2m | src/components/PracticeDrill/PracticeDrillConfigPopup.stories.tsx[2m > [22m[2mVocabulary Only
[22m[39m[FilesContext] Vector store population triggered {
  "currentVectorStoreSize": 3,
  "documentsCount": 0,
  "filesCount": 6,
  "isInitialLoad": true,
}
[90mstdout[2m | src/components/PracticeDrill/PracticeDrillConfigPopup.stories.tsx[2m > [22m[2mVocabulary Only
[22m[39m[FilesContext] Vector store population complete - 3 total embeddings
[90mstdout[2m | src/components/PracticeDrill/PracticeDrillConfigPopup.stories.tsx[2m > [22m[2mVocabulary Only
[22m[39m[ChatContext] Chat exists and not archived, skipping creation
[90mstdout[2m | src/components/PracticeDrill/PracticeDrillConfigPopup.stories.tsx[2m > [22m[2mVocabulary Only
[22m[39m[Mock Storage] downloadData called with: undefined
[90mstdout[2m | src/components/PracticeDrill/PracticeDrillConfigPopup.stories.tsx[2m > [22m[2mNo Content
[22m[39m[ChatContext] Cleaning up subscriptions
[90mstdout[2m | src/components/PracticeDrill/PracticeDrillConfigPopup.stories.tsx[2m > [22m[2mNo Content
[22m[39m[Mock Data] Unit.onUpdate() subscription removed. Remaining: 0
[90mstdout[2m | src/components/PracticeDrill/PracticeDrillConfigPopup.stories.tsx[2m > [22m[2mNo Content
[22m[39m[MOCK CourseVectorStore] Initialized with mock data
[90mstdout[2m | src/components/PracticeDrill/PracticeDrillConfigPopup.stories.tsx[2m > [22m[2mNo Content
[22m[39m[TranslationModeController] Setting mode to: off
[90mstdout[2m | src/components/PracticeDrill/PracticeDrillConfigPopup.stories.tsx[2m > [22m[2mNo Content
[22m[39m[UnitContext] useEffect triggered {
  "authLoading": false,
  "hasUser": true,
  "id": "mock-unit-id",
  "userSub": "mock-user-sub",
}
[90mstdout[2m | src/components/PracticeDrill/PracticeDrillConfigPopup.stories.tsx[2m > [22m[2mNo Content
[22m[39m[UnitContext] Fetching unit data for id: mock-unit-id
[90mstdout[2m | src/components/PracticeDrill/PracticeDrillConfigPopup.stories.tsx[2m > [22m[2mNo Content
[22m[39m[FilesContext] Initializing vector store from IndexedDB
[90mstdout[2m | src/components/PracticeDrill/PracticeDrillConfigPopup.stories.tsx[2m > [22m[2mNo Content
[22m[39m[FilesContext] fetchFiles called
[90mstdout[2m | src/components/PracticeDrill/PracticeDrillConfigPopup.stories.tsx[2m > [22m[2mNo Content
[22m[39m[FilesContext] User authenticated: mock-user-sub
[90mstdout[2m | src/components/PracticeDrill/PracticeDrillConfigPopup.stories.tsx[2m > [22m[2mNo Content
[22m[39m[FilesContext] Identity ID: us-east-1:mock-identity-123
[90mstdout[2m | src/components/PracticeDrill/PracticeDrillConfigPopup.stories.tsx[2m > [22m[2mNo Content
[22m[39m[FilesContext] About to set up File observeQuery
[90mstdout[2m | src/components/PracticeDrill/PracticeDrillConfigPopup.stories.tsx[2m > [22m[2mNo Content
[22m[39m[ChatContext] Setting up AssistantChat observeQuery
[90mstdout[2m | src/components/PracticeDrill/PracticeDrillConfigPopup.stories.tsx[2m > [22m[2mNo Content
[22m[39m[ChatContext] Waiting for subscription to initialize
[90mstdout[2m | src/components/PracticeDrill/PracticeDrillConfigPopup.stories.tsx[2m > [22m[2mNo Content
[22m[39m[SettingsContext] Setting up Settings subscription for user: mock-user-sub
[90mstdout[2m | src/components/PracticeDrill/PracticeDrillConfigPopup.stories.tsx[2m > [22m[2mNo Content
[22m[39m[Mock Data] Settings created: mock-settings-1790417579418 - notified 0 subscribers
[90mstdout[2m | src/components/PracticeDrill/PracticeDrillConfigPopup.stories.tsx[2m > [22m[2mNo Content
[22m[39m[Mock Data] Unit.onUpdate() subscription added. Total: 1
[90mstdout[2m | src/components/PracticeDrill/PracticeDrillConfigPopup.stories.tsx[2m > [22m[2mNo Content
[22m[39m[SectionContext] Section observeQuery update: 0
[90mstdout[2m | src/components/PracticeDrill/PracticeDrillConfigPopup.stories.tsx[2m > [22m[2mNo Content
[22m[39m[FilesContext] File observeQuery update: 6 files
[90mstdout[2m | src/components/PracticeDrill/PracticeDrillConfigPopup.stories.tsx[2m > [22m[2mNo Content
[22m[39m[ChatContext] AssistantChat initialized with 1 chats
[90mstdout[2m | src/components/PracticeDrill/PracticeDrillConfigPopup.stories.tsx[2m > [22m[2mNo Content
[22m[39m[ChatContext] Setting initial chat: mock-assistant-chat-1
[90mstdout[2m | src/components/PracticeDrill/PracticeDrillConfigPopup.stories.tsx[2m > [22m[2mNo Content
[22m[39m[MOCK CourseVectorStore] Initialized with mock data
[90mstdout[2m | src/components/PracticeDrill/PracticeDrillConfigPopup.stories.tsx[2m > [22m[2mNo Content
[22m[39m[FilesContext] Vector store population triggered {
  "currentVectorStoreSize": 3,
  "documentsCount": 0,
  "filesCount": 6,
  "isInitialLoad": true,
}
[90mstdout[2m | src/components/PracticeDrill/PracticeDrillConfigPopup.stories.tsx[2m > [22m[2mNo Content
[22m[39m[FilesContext] Vector store population complete - 3 total embeddings
[90mstdout[2m | src/components/PracticeDrill/PracticeDrillConfigPopup.stories.tsx[2m > [22m[2mNo Content
[22m[39m[ChatContext] Chat exists and not archived, skipping creation
[90mstdout[2m | src/components/PracticeDrill/PracticeDrillConfigPopup.stories.tsx[2m > [22m[2mNo Content
[22m[39m[Mock Storage] downloadData called with: undefined
[90mstdout[2m | src/components/PracticeDrill/PracticeDrillConfigPopup.stories.tsx[2m > [22m[2mLoading
[22m[39m[ChatContext] Cleaning up subscriptions
[90mstdout[2m | src/components/PracticeDrill/PracticeDrillConfigPopup.stories.tsx[2m > [22m[2mLoading
[22m[39m[Mock Data] Unit.onUpdate() subscription removed. Remaining: 0
[90mstdout[2m | src/components/PracticeDrill/PracticeDrillConfigPopup.stories.tsx[2m > [22m[2mLoading
[22m[39m[MOCK CourseVectorStore] Initialized with mock data
[90mstdout[2m | src/components/PracticeDrill/PracticeDrillConfigPopup.stories.tsx[2m > [22m[2mLoading
[22m[39m[TranslationModeController] Setting mode to: off
[90mstdout[2m | src/components/PracticeDrill/PracticeDrillConfigPopup.stories.tsx[2m > [22m[2mLoading
[22m[39m[UnitContext] useEffect triggered {
  "authLoading": false,
  "hasUser": true,
  "id": "mock-unit-id",
  "userSub": "mock-user-sub",
}
[90mstdout[2m | src/components/PracticeDrill/PracticeDrillConfigPopup.stories.tsx[2m > [22m[2mLoading
[22m[39m[UnitContext] Fetching unit data for id: mock-unit-id
[90mstdout[2m | src/components/PracticeDrill/PracticeDrillConfigPopup.stories.tsx[2m > [22m[2mLoading
[22m[39m[FilesContext] Initializing vector store from IndexedDB
[90mstdout[2m | src/components/PracticeDrill/PracticeDrillConfigPopup.stories.tsx[2m > [22m[2mLoading
[22m[39m[FilesContext] fetchFiles called
[90mstdout[2m | src/components/PracticeDrill/PracticeDrillConfigPopup.stories.tsx[2m > [22m[2mLoading
[22m[39m[FilesContext] User authenticated: mock-user-sub
[90mstdout[2m | src/components/PracticeDrill/PracticeDrillConfigPopup.stories.tsx[2m > [22m[2mLoading
[22m[39m[FilesContext] Identity ID: us-east-1:mock-identity-123
[90mstdout[2m | src/components/PracticeDrill/PracticeDrillConfigPopup.stories.tsx[2m > [22m[2mLoading
[22m[39m[FilesContext] About to set up File observeQuery
[90mstdout[2m | src/components/PracticeDrill/PracticeDrillConfigPopup.stories.tsx[2m > [22m[2mLoading
[22m[39m[ChatContext] Setting up AssistantChat observeQuery
[90mstdout[2m | src/components/PracticeDrill/PracticeDrillConfigPopup.stories.tsx[2m > [22m[2mLoading
[22m[39m[ChatContext] Waiting for subscription to initialize
[90mstdout[2m | src/components/PracticeDrill/PracticeDrillConfigPopup.stories.tsx[2m > [22m[2mLoading
[22m[39m[SettingsContext] Setting up Settings subscription for user: mock-user-sub
[90mstdout[2m | src/components/PracticeDrill/PracticeDrillConfigPopup.stories.tsx[2m > [22m[2mLoading
[22m[39m[Mock Data] Settings created: mock-settings-1790417580030 - notified 0 subscribers
[90mstdout[2m | src/components/PracticeDrill/PracticeDrillConfigPopup.stories.tsx[2m > [22m[2mLoading
[22m[39m[Mock Data] Unit.onUpdate() subscription added. Total: 1
[90mstdout[2m | src/components/PracticeDrill/PracticeDrillConfigPopup.stories.tsx[2m > [22m[2mLoading
[22m[39m[SectionContext] Section observeQuery update: 0
[90mstdout[2m | src/components/PracticeDrill/PracticeDrillConfigPopup.stories.tsx[2m > [22m[2mLoading
[22m[39m[FilesContext] File observeQuery update: 6 files
[90mstdout[2m | src/components/PracticeDrill/PracticeDrillConfigPopup.stories.tsx[2m > [22m[2mLoading
[22m[39m[ChatContext] AssistantChat initialized with 1 chats
[90mstdout[2m | src/components/PracticeDrill/PracticeDrillConfigPopup.stories.tsx[2m > [22m[2mLoading
[22m[39m[ChatContext] Setting initial chat: mock-assistant-chat-1
[90mstdout[2m | src/components/PracticeDrill/PracticeDrillConfigPopup.stories.tsx[2m > [22m[2mLoading
[22m[39m[MOCK CourseVectorStore] Initialized with mock data
[90mstdout[2m | src/components/PracticeDrill/PracticeDrillConfigPopup.stories.tsx[2m > [22m[2mLoading
[22m[39m[FilesContext] Vector store population triggered {
  "currentVectorStoreSize": 3,
  "documentsCount": 0,
  "filesCount": 6,
  "isInitialLoad": true,
}
[90mstdout[2m | src/components/PracticeDrill/PracticeDrillConfigPopup.stories.tsx[2m > [22m[2mLoading
[22m[39m[FilesContext] Vector store population complete - 3 total embeddings
[90mstdout[2m | src/components/PracticeDrill/PracticeDrillConfigPopup.stories.tsx[2m > [22m[2mLoading
[22m[39m[ChatContext] Chat exists and not archived, skipping creation
[90mstdout[2m | src/components/PracticeDrill/PracticeDrillConfigPopup.stories.tsx[2m > [22m[2mLoading
[22m[39m[Mock Storage] downloadData called with: undefined
[90mstdout[2m | src/components/PracticeDrill/PracticeDrillConfigPopup.stories.tsx[2m > [22m[2mPre Configured From Chat
[22m[39m[ChatContext] Cleaning up subscriptions
[90mstdout[2m | src/components/PracticeDrill/PracticeDrillConfigPopup.stories.tsx[2m > [22m[2mPre Configured From Chat
[22m[39m[Mock Data] Unit.onUpdate() subscription removed. Remaining: 0
[90mstdout[2m | src/components/PracticeDrill/PracticeDrillConfigPopup.stories.tsx[2m > [22m[2mPre Configured From Chat
[22m[39m[MOCK CourseVectorStore] Initialized with mock data
[90mstdout[2m | src/components/PracticeDrill/PracticeDrillConfigPopup.stories.tsx[2m > [22m[2mPre Configured From Chat
[22m[39m[TranslationModeController] Setting mode to: off
[90mstdout[2m | src/components/PracticeDrill/PracticeDrillConfigPopup.stories.tsx[2m > [22m[2mPre Configured From Chat
[22m[39m[UnitContext] useEffect triggered {
  "authLoading": false,
  "hasUser": true,
  "id": "mock-unit-id",
  "userSub": "mock-user-sub",
}
[90mstdout[2m | src/components/PracticeDrill/PracticeDrillConfigPopup.stories.tsx[2m > [22m[2mPre Configured From Chat
[22m[39m[UnitContext] Fetching unit data for id: mock-unit-id
[90mstdout[2m | src/components/PracticeDrill/PracticeDrillConfigPopup.stories.tsx[2m > [22m[2mPre Configured From Chat
[22m[39m[FilesContext] Initializing vector store from IndexedDB
[90mstdout[2m | src/components/PracticeDrill/PracticeDrillConfigPopup.stories.tsx[2m > [22m[2mPre Configured From Chat
[22m[39m[FilesContext] fetchFiles called
[90mstdout[2m | src/components/PracticeDrill/PracticeDrillConfigPopup.stories.tsx[2m > [22m[2mPre Configured From Chat
[22m[39m[FilesContext] User authenticated: mock-user-sub
[90mstdout[2m | src/components/PracticeDrill/PracticeDrillConfigPopup.stories.tsx[2m > [22m[2mPre Configured From Chat
[22m[39m[FilesContext] Identity ID: us-east-1:mock-identity-123
[90mstdout[2m | src/components/PracticeDrill/PracticeDrillConfigPopup.stories.tsx[2m > [22m[2mPre Configured From Chat
[22m[39m[FilesContext] About to set up File observeQuery
[90mstdout[2m | src/components/PracticeDrill/PracticeDrillConfigPopup.stories.tsx[2m > [22m[2mPre Configured From Chat
[22m[39m[ChatContext] Setting up AssistantChat observeQuery
[90mstdout[2m | src/components/PracticeDrill/PracticeDrillConfigPopup.stories.tsx[2m > [22m[2mPre Configured From Chat
[22m[39m[ChatContext] Waiting for subscription to initialize
[90mstdout[2m | src/components/PracticeDrill/PracticeDrillConfigPopup.stories.tsx[2m > [22m[2mPre Configured From Chat
[22m[39m[SettingsContext] Setting up Settings subscription for user: mock-user-sub
[90mstdout[2m | src/components/PracticeDrill/PracticeDrillConfigPopup.stories.tsx[2m > [22m[2mPre Configured From Chat
[22m[39m[Mock Data] Settings created: mock-settings-1790417580533 - notified 0 subscribers
[90mstdout[2m | src/components/PracticeDrill/PracticeDrillConfigPopup.stories.tsx[2m > [22m[2mPre Configured From Chat
[22m[39m[Mock Data] Unit.onUpdate() subscription added. Total: 1
[90mstdout[2m | src/components/PracticeDrill/PracticeDrillConfigPopup.stories.tsx[2m > [22m[2mPre Configured From Chat
[22m[39m[SectionContext] Section observeQuery update: 0
[90mstdout[2m | src/components/PracticeDrill/PracticeDrillConfigPopup.stories.tsx[2m > [22m[2mPre Configured From Chat
[22m[39m[FilesContext] File observeQuery update: 6 files
[90mstdout[2m | src/components/PracticeDrill/PracticeDrillConfigPopup.stories.tsx[2m > [22m[2mPre Configured From Chat
[22m[39m[ChatContext] AssistantChat initialized with 1 chats
[90mstdout[2m | src/components/PracticeDrill/PracticeDrillConfigPopup.stories.tsx[2m > [22m[2mPre Configured From Chat
[22m[39m[ChatContext] Setting initial chat: mock-assistant-chat-1
[90mstdout[2m | src/components/PracticeDrill/PracticeDrillConfigPopup.stories.tsx[2m > [22m[2mPre Configured From Chat
[22m[39m[MOCK CourseVectorStore] Initialized with mock data
[90mstdout[2m | src/components/PracticeDrill/PracticeDrillConfigPopup.stories.tsx[2m > [22m[2mPre Configured From Chat
[22m[39m[FilesContext] Vector store population triggered {
  "currentVectorStoreSize": 3,
  "documentsCount": 0,
  "filesCount": 6,
  "isInitialLoad": true,
}
[90mstdout[2m | src/components/PracticeDrill/PracticeDrillConfigPopup.stories.tsx[2m > [22m[2mPre Configured From Chat
[22m[39m[FilesContext] Vector store population complete - 3 total embeddings
[90mstdout[2m | src/components/PracticeDrill/PracticeDrillConfigPopup.stories.tsx[2m > [22m[2mPre Configured From Chat
[22m[39m[ChatContext] Chat exists and not archived, skipping creation
[90mstdout[2m | src/components/PracticeDrill/PracticeDrillConfigPopup.stories.tsx[2m > [22m[2mPre Configured From Chat
[22m[39m[Mock Storage] downloadData called with: undefined
 [32m✓[39m [30m[45m storybook (chromium) [49m[39m src/components/PracticeDrill/PracticeDrillConfigPopup.stories.tsx [2m([22m[2m7 tests[22m[2m)[22m[33m 3873[2mms[22m[39m
   [33m[2m✓[22m[39m Default [33m 741[2mms[22m[39m
   [33m[2m✓[22m[39m With Coverage [33m 598[2mms[22m[39m
   [33m[2m✓[22m[39m Full Coverage [33m 498[2mms[22m[39m
   [33m[2m✓[22m[39m Vocabulary Only [33m 497[2mms[22m[39m
   [33m[2m✓[22m[39m No Content [33m 540[2mms[22m[39m
   [33m[2m✓[22m[39m Loading [33m 488[2mms[22m[39m
   [33m[2m✓[22m[39m Pre Configured From Chat [33m 510[2mms[22m[39m
[90mstdout[2m | unknown test
[22m[39m[MOCK vectorStoreDB.js] Module loaded - mock IndexedDB operations
[90mstdout[2m | unknown test
[22m[39m[Task Completion] DOM action listeners initialized
[90mstdout[2m | unknown test
[22m[39m[Task Completion] Auto-completion detector initialized
[90mstdout[2m | unknown test
[22m[39m[Preview] Task completion detector initialized
[90mstdout[2m | src/components/Dashboard/AssignmentCard.stories.tsx[2m > [22m[2mPending
[22m[39m[TranslationModeController] Setting mode to: off
[90mstdout[2m | src/components/Dashboard/AssignmentCard.stories.tsx[2m > [22m[2mOverdue
[22m[39m[TranslationModeController] Setting mode to: off
[90mstdout[2m | src/components/Dashboard/AssignmentCard.stories.tsx[2m > [22m[2mDue Soon
[22m[39m[TranslationModeController] Setting mode to: off
[90mstdout[2m | src/components/Dashboard/AssignmentCard.stories.tsx[2m > [22m[2mNo Due Date
[22m[39m[TranslationModeController] Setting mode to: off
[90mstdout[2m | src/components/Dashboard/AssignmentCard.stories.tsx[2m > [22m[2mExtended Accommodation
[22m[39m[TranslationModeController] Setting mode to: off
[90mstdout[2m | src/components/Dashboard/AssignmentCard.stories.tsx[2m > [22m[2mCompleted
[22m[39m[TranslationModeController] Setting mode to: off
[90mstdout[2m | src/components/Dashboard/AssignmentCard.stories.tsx[2m > [22m[2mCompleted Low Score
[22m[39m[TranslationModeController] Setting mode to: off
[90mstdout[2m | src/components/Dashboard/AssignmentCard.stories.tsx[2m > [22m[2mJust Completed (check pop)
[22m[39m[TranslationModeController] Setting mode to: off
[90mstdout[2m | src/components/Dashboard/AssignmentCard.stories.tsx[2m > [22m[2mLocked
[22m[39m[TranslationModeController] Setting mode to: off
[90mstdout[2m | src/components/Dashboard/AssignmentCard.stories.tsx[2m > [22m[2mLocked With Date
[22m[39m[TranslationModeController] Setting mode to: off
[90mstdout[2m | src/components/Dashboard/AssignmentCard.stories.tsx[2m > [22m[2mUp Next
[22m[39m[TranslationModeController] Setting mode to: off
[90mstdout[2m | src/components/Dashboard/AssignmentCard.stories.tsx[2m > [22m[2mEasy Difficulty
[22m[39m[TranslationModeController] Setting mode to: off
[90mstdout[2m | src/components/Dashboard/AssignmentCard.stories.tsx[2m > [22m[2mHard Difficulty
[22m[39m[TranslationModeController] Setting mode to: off
[90mstdout[2m | src/components/Dashboard/AssignmentCard.stories.tsx[2m > [22m[2mMobile Viewport
[22m[39m[TranslationModeController] Setting mode to: off
[90mstdout[2m | src/components/Dashboard/AssignmentCard.stories.tsx[2m > [22m[2mTablet Viewport
[22m[39m[TranslationModeController] Setting mode to: off
[90mstdout[2m | src/components/Dashboard/AssignmentCard.stories.tsx[2m > [22m[2mDesktop Viewport
[22m[39m[TranslationModeController] Setting mode to: off
 [32m✓[39m [30m[45m storybook (chromium) [49m[39m src/components/Dashboard/AssignmentCard.stories.tsx [2m([22m[2m16 tests[22m[2m)[22m[33m 5293[2mms[22m[39m
   [33m[2m✓[22m[39m Pending [33m 722[2mms[22m[39m
   [33m[2m✓[22m[39m Overdue [33m 511[2mms[22m[39m
   [33m[2m✓[22m[39m Due Soon [33m 431[2mms[22m[39m
   [33m[2m✓[22m[39m No Due Date [33m 301[2mms[22m[39m
   [33m[2m✓[22m[39m Extended Accommodation [33m 454[2mms[22m[39m
   [33m[2m✓[22m[39m Completed [33m 360[2mms[22m[39m
   [33m[2m✓[22m[39m Completed Low Score [33m 306[2mms[22m[39m
   [33m[2m✓[22m[39m Just Completed (check pop) [33m 602[2mms[22m[39m
[90mstdout[2m | unknown test
[22m[39m[MOCK vectorStoreDB.js] Module loaded - mock IndexedDB operations
[90mstdout[2m | unknown test
[22m[39m[Task Completion] DOM action listeners initialized
[90mstdout[2m | unknown test
[22m[39m[Task Completion] Auto-completion detector initialized
[90mstdout[2m | unknown test
[22m[39m[Preview] Task completion detector initialized
[90mstdout[2m | src/components/DictionaryEditor2.stories.jsx[2m > [22m[2mDefault
[22m[39m[Preview] Skipped initializing default mock data (initializeMockData=false)
[90mstdout[2m | src/components/DictionaryEditor2.stories.jsx[2m > [22m[2mDefault
[22m[39m[Mock Data] seedMockUnit: Adding unit unit-1
[90mstdout[2m | src/components/DictionaryEditor2.stories.jsx[2m > [22m[2mDefault
[22m[39m[Mock Data] seedMockWords: Adding 5 words
[90mstdout[2m | src/components/DictionaryEditor2.stories.jsx[2m > [22m[2mDefault
[22m[39m[MOCK CourseVectorStore] Initialized with mock data
[90mstdout[2m | src/components/DictionaryEditor2.stories.jsx[2m > [22m[2mDefault
[22m[39m[TranslationModeController] Setting mode to: off
[90mstdout[2m | src/components/DictionaryEditor2.stories.jsx[2m > [22m[2mDefault
[22m[39m[UnitContext] useEffect triggered {
  "authLoading": false,
  "hasUser": true,
  "id": "unit-1",
  "userSub": "mock-user-sub",
}
[90mstdout[2m | src/components/DictionaryEditor2.stories.jsx[2m > [22m[2mDefault
[22m[39m[UnitContext] Fetching unit data for id: unit-1
[90mstdout[2m | src/components/DictionaryEditor2.stories.jsx[2m > [22m[2mDefault
[22m[39m[FilesContext] Initializing vector store from IndexedDB
[90mstdout[2m | src/components/DictionaryEditor2.stories.jsx[2m > [22m[2mDefault
[22m[39m[FilesContext] fetchFiles called
[90mstdout[2m | src/components/DictionaryEditor2.stories.jsx[2m > [22m[2mDefault
[22m[39m[FilesContext] User authenticated: mock-user-sub
[90mstdout[2m | src/components/DictionaryEditor2.stories.jsx[2m > [22m[2mDefault
[22m[39m[FilesContext] Identity ID: us-east-1:mock-identity-123
[90mstdout[2m | src/components/DictionaryEditor2.stories.jsx[2m > [22m[2mDefault
[22m[39m[FilesContext] About to set up File observeQuery
[90mstdout[2m | src/components/DictionaryEditor2.stories.jsx[2m > [22m[2mDefault
[22m[39m[ChatContext] Setting up AssistantChat observeQuery
[90mstdout[2m | src/components/DictionaryEditor2.stories.jsx[2m > [22m[2mDefault
[22m[39m[ChatContext] Waiting for subscription to initialize
[90mstdout[2m | src/components/DictionaryEditor2.stories.jsx[2m > [22m[2mDefault
[22m[39m[SettingsContext] Setting up Settings subscription for user: mock-user-sub
[90mstdout[2m | src/components/DictionaryEditor2.stories.jsx[2m > [22m[2mDefault
[22m[39m[Mock Data] Settings created: mock-settings-1790417598438 - notified 0 subscribers
[90mstdout[2m | src/components/DictionaryEditor2.stories.jsx[2m > [22m[2mDefault
[22m[39m[Mock Data] Unit.onUpdate() subscription added. Total: 1
[90mstdout[2m | src/components/DictionaryEditor2.stories.jsx[2m > [22m[2mDefault
[22m[39m[SectionContext] Section observeQuery update: 0
[90mstdout[2m | src/components/DictionaryEditor2.stories.jsx[2m > [22m[2mDefault
[22m[39m[FilesContext] File observeQuery update: 0 files
[90mstdout[2m | src/components/DictionaryEditor2.stories.jsx[2m > [22m[2mDefault
[22m[39m[ChatContext] AssistantChat initialized with 0 chats
[90mstdout[2m | src/components/DictionaryEditor2.stories.jsx[2m > [22m[2mDefault
[22m[39m[MOCK CourseVectorStore] Initialized with mock data
[90mstdout[2m | src/components/DictionaryEditor2.stories.jsx[2m > [22m[2mDefault
[22m[39m[ChatContext] No current chat available, will create one
[90mstdout[2m | src/components/DictionaryEditor2.stories.jsx[2m > [22m[2mDefault
[22m[39m[ChatContext] Creating AssistantChat with user: undefined
[90mstdout[2m | src/components/DictionaryEditor2.stories.jsx[2m > [22m[2mDefault
[22m[39m[Mock Data] AssistantChat created: mock-assistantchat-1790417598542 - notified 1 subscribers
[90mstdout[2m | src/components/DictionaryEditor2.stories.jsx[2m > [22m[2mDefault
[22m[39m[ChatContext] Create result: {
  "data": {
    "_version": 1,
    "archived": false,
    "chatFiles": [Function anonymous],
    "createdAt": "2026-09-26T10:13:18.542Z",
    "id": "mock-assistantchat-1790417598542",
    "model": "gpt-4",
    "updatedAt": "2026-09-26T10:13:18.542Z",
  },
  "errors": [],
  "hasData": true,
  "hasErrors": true,
}
[90mstdout[2m | src/components/DictionaryEditor2.stories.jsx[2m > [22m[2mDefault
[22m[39m[ChatContext] Created AssistantChat: mock-assistantchat-1790417598542 at: 2026-09-26T10:13:18.542Z
[90mstdout[2m | src/components/DictionaryEditor2.stories.jsx[2m > [22m[2mDefault
[22m[39m[Mock Storage] downloadData called with: undefined
[90mstdout[2m | src/components/DictionaryEditor2.stories.jsx[2m > [22m[2mDefault
[22m[39m[ChatContext] Setting initial chat: mock-assistantchat-1790417598542
[90mstdout[2m | src/components/DictionaryEditor2.stories.jsx[2m > [22m[2mDefault
[22m[39m[ChatContext] Chat exists and not archived, skipping creation
[90mstdout[2m | src/components/DictionaryEditor2.stories.jsx[2m > [22m[2mEmpty
[22m[39m[ChatContext] Cleaning up subscriptions
[90mstdout[2m | src/components/DictionaryEditor2.stories.jsx[2m > [22m[2mEmpty
[22m[39m[Mock Data] Unit.onUpdate() subscription removed. Remaining: 0
[90mstdout[2m | src/components/DictionaryEditor2.stories.jsx[2m > [22m[2mEmpty
[22m[39m[Preview] Skipped initializing default mock data (initializeMockData=false)
[90mstdout[2m | src/components/DictionaryEditor2.stories.jsx[2m > [22m[2mEmpty
[22m[39m[Mock Data] seedMockUnit: Adding unit unit-1
[90mstdout[2m | src/components/DictionaryEditor2.stories.jsx[2m > [22m[2mEmpty
[22m[39m[Mock Data] seedMockWords: Adding 5 words
[90mstdout[2m | src/components/DictionaryEditor2.stories.jsx[2m > [22m[2mEmpty
[22m[39m[MOCK CourseVectorStore] Initialized with mock data
[90mstdout[2m | src/components/DictionaryEditor2.stories.jsx[2m > [22m[2mEmpty
[22m[39m[TranslationModeController] Setting mode to: off
[90mstdout[2m | src/components/DictionaryEditor2.stories.jsx[2m > [22m[2mEmpty
[22m[39m[UnitContext] useEffect triggered {
  "authLoading": false,
  "hasUser": true,
  "id": "unit-1",
  "userSub": "mock-user-sub",
}
[90mstdout[2m | src/components/DictionaryEditor2.stories.jsx[2m > [22m[2mEmpty
[22m[39m[UnitContext] Fetching unit data for id: unit-1
[90mstdout[2m | src/components/DictionaryEditor2.stories.jsx[2m > [22m[2mEmpty
[22m[39m[FilesContext] Initializing vector store from IndexedDB
[90mstdout[2m | src/components/DictionaryEditor2.stories.jsx[2m > [22m[2mEmpty
[22m[39m[FilesContext] fetchFiles called
[90mstdout[2m | src/components/DictionaryEditor2.stories.jsx[2m > [22m[2mEmpty
[22m[39m[FilesContext] User authenticated: mock-user-sub
[90mstdout[2m | src/components/DictionaryEditor2.stories.jsx[2m > [22m[2mEmpty
[22m[39m[FilesContext] Identity ID: us-east-1:mock-identity-123
[90mstdout[2m | src/components/DictionaryEditor2.stories.jsx[2m > [22m[2mEmpty
[22m[39m[FilesContext] About to set up File observeQuery
[90mstdout[2m | src/components/DictionaryEditor2.stories.jsx[2m > [22m[2mEmpty
[22m[39m[ChatContext] Setting up AssistantChat observeQuery
[90mstdout[2m | src/components/DictionaryEditor2.stories.jsx[2m > [22m[2mEmpty
[22m[39m[ChatContext] Waiting for subscription to initialize
[90mstdout[2m | src/components/DictionaryEditor2.stories.jsx[2m > [22m[2mEmpty
[22m[39m[SettingsContext] Setting up Settings subscription for user: mock-user-sub
[90mstdout[2m | src/components/DictionaryEditor2.stories.jsx[2m > [22m[2mEmpty
[22m[39m[Mock Data] Settings created: mock-settings-1790417599367 - notified 0 subscribers
[90mstdout[2m | src/components/DictionaryEditor2.stories.jsx[2m > [22m[2mEmpty
[22m[39m[Mock Data] Unit.onUpdate() subscription added. Total: 1
[90mstdout[2m | src/components/DictionaryEditor2.stories.jsx[2m > [22m[2mEmpty
[22m[39m[SectionContext] Section observeQuery update: 0
[90mstdout[2m | src/components/DictionaryEditor2.stories.jsx[2m > [22m[2mEmpty
[22m[39m[FilesContext] File observeQuery update: 0 files
[90mstdout[2m | src/components/DictionaryEditor2.stories.jsx[2m > [22m[2mEmpty
[22m[39m[ChatContext] AssistantChat initialized with 0 chats
[90mstdout[2m | src/components/DictionaryEditor2.stories.jsx[2m > [22m[2mEmpty
[22m[39m[MOCK CourseVectorStore] Initialized with mock data
[90mstdout[2m | src/components/DictionaryEditor2.stories.jsx[2m > [22m[2mEmpty
[22m[39m[ChatContext] No current chat available, will create one
[90mstdout[2m | src/components/DictionaryEditor2.stories.jsx[2m > [22m[2mEmpty
[22m[39m[ChatContext] Creating AssistantChat with user: undefined
[90mstdout[2m | src/components/DictionaryEditor2.stories.jsx[2m > [22m[2mEmpty
[22m[39m[Mock Data] AssistantChat created: mock-assistantchat-1790417599451 - notified 1 subscribers
[90mstdout[2m | src/components/DictionaryEditor2.stories.jsx[2m > [22m[2mEmpty
[22m[39m[ChatContext] Create result: {
  "data": {
    "_version": 1,
    "archived": false,
    "chatFiles": [Function anonymous],
    "createdAt": "2026-09-26T10:13:19.451Z",
    "id": "mock-assistantchat-1790417599451",
    "model": "gpt-4",
    "updatedAt": "2026-09-26T10:13:19.451Z",
  },
  "errors": [],
  "hasData": true,
  "hasErrors": true,
}
[90mstdout[2m | src/components/DictionaryEditor2.stories.jsx[2m > [22m[2mEmpty
[22m[39m[ChatContext] Created AssistantChat: mock-assistantchat-1790417599451 at: 2026-09-26T10:13:19.451Z
[90mstdout[2m | src/components/DictionaryEditor2.stories.jsx[2m > [22m[2mEmpty
[22m[39m[Mock Storage] downloadData called with: undefined
[90mstdout[2m | src/components/DictionaryEditor2.stories.jsx[2m > [22m[2mEmpty
[22m[39m[ChatContext] Setting initial chat: mock-assistantchat-1790417599451
[90mstdout[2m | src/components/DictionaryEditor2.stories.jsx[2m > [22m[2mEmpty
[22m[39m[ChatContext] Chat exists and not archived, skipping creation
[90mstdout[2m | src/components/DictionaryEditor2.stories.jsx[2m > [22m[2mBulk Imported
[22m[39m[ChatContext] Cleaning up subscriptions
[90mstdout[2m | src/components/DictionaryEditor2.stories.jsx[2m > [22m[2mBulk Imported
[22m[39m[Mock Data] Unit.onUpdate() subscription removed. Remaining: 0
[90mstdout[2m | src/components/DictionaryEditor2.stories.jsx[2m > [22m[2mBulk Imported
[22m[39m[Preview] Skipped initializing default mock data (initializeMockData=false)
[90mstdout[2m | src/components/DictionaryEditor2.stories.jsx[2m > [22m[2mBulk Imported
[22m[39m[Mock Data] seedMockUnit: Adding unit unit-1
[90mstdout[2m | src/components/DictionaryEditor2.stories.jsx[2m > [22m[2mBulk Imported
[22m[39m[Mock Data] seedMockWords: Adding 5 words
[90mstdout[2m | src/components/DictionaryEditor2.stories.jsx[2m > [22m[2mBulk Imported
[22m[39m[Mock Data] seedMockUnit: Adding unit unit-csv
[90mstdout[2m | src/components/DictionaryEditor2.stories.jsx[2m > [22m[2mBulk Imported
[22m[39m[Mock Data] seedMockWords: Adding 10 words
[90mstdout[2m | src/components/DictionaryEditor2.stories.jsx[2m > [22m[2mBulk Imported
[22m[39m[MOCK CourseVectorStore] Initialized with mock data
[90mstdout[2m | src/components/DictionaryEditor2.stories.jsx[2m > [22m[2mBulk Imported
[22m[39m[TranslationModeController] Setting mode to: off
[90mstdout[2m | src/components/DictionaryEditor2.stories.jsx[2m > [22m[2mBulk Imported
[22m[39m[UnitContext] useEffect triggered {
  "authLoading": false,
  "hasUser": true,
  "id": "unit-csv",
  "userSub": "mock-user-sub",
}
[90mstdout[2m | src/components/DictionaryEditor2.stories.jsx[2m > [22m[2mBulk Imported
[22m[39m[UnitContext] Fetching unit data for id: unit-csv
[90mstdout[2m | src/components/DictionaryEditor2.stories.jsx[2m > [22m[2mBulk Imported
[22m[39m[FilesContext] Initializing vector store from IndexedDB
[90mstdout[2m | src/components/DictionaryEditor2.stories.jsx[2m > [22m[2mBulk Imported
[22m[39m[FilesContext] fetchFiles called
[90mstdout[2m | src/components/DictionaryEditor2.stories.jsx[2m > [22m[2mBulk Imported
[22m[39m[FilesContext] User authenticated: mock-user-sub
[90mstdout[2m | src/components/DictionaryEditor2.stories.jsx[2m > [22m[2mBulk Imported
[22m[39m[FilesContext] Identity ID: us-east-1:mock-identity-123
[90mstdout[2m | src/components/DictionaryEditor2.stories.jsx[2m > [22m[2mBulk Imported
[22m[39m[FilesContext] About to set up File observeQuery
[90mstdout[2m | src/components/DictionaryEditor2.stories.jsx[2m > [22m[2mBulk Imported
[22m[39m[ChatContext] Setting up AssistantChat observeQuery
[90mstdout[2m | src/components/DictionaryEditor2.stories.jsx[2m > [22m[2mBulk Imported
[22m[39m[ChatContext] Waiting for subscription to initialize
[90mstdout[2m | src/components/DictionaryEditor2.stories.jsx[2m > [22m[2mBulk Imported
[22m[39m[SettingsContext] Setting up Settings subscription for user: mock-user-sub
[90mstdout[2m | src/components/DictionaryEditor2.stories.jsx[2m > [22m[2mBulk Imported
[22m[39m[Mock Data] Settings created: mock-settings-1790417599719 - notified 0 subscribers
[90mstdout[2m | src/components/DictionaryEditor2.stories.jsx[2m > [22m[2mBulk Imported
[22m[39m[Mock Data] Unit.onUpdate() subscription added. Total: 1
[90mstdout[2m | src/components/DictionaryEditor2.stories.jsx[2m > [22m[2mBulk Imported
[22m[39m[SectionContext] Section observeQuery update: 0
[90mstdout[2m | src/components/DictionaryEditor2.stories.jsx[2m > [22m[2mBulk Imported
[22m[39m[FilesContext] File observeQuery update: 0 files
[90mstdout[2m | src/components/DictionaryEditor2.stories.jsx[2m > [22m[2mBulk Imported
[22m[39m[ChatContext] AssistantChat initialized with 0 chats
[90mstdout[2m | src/components/DictionaryEditor2.stories.jsx[2m > [22m[2mBulk Imported
[22m[39m[MOCK CourseVectorStore] Initialized with mock data
[90mstdout[2m | src/components/DictionaryEditor2.stories.jsx[2m > [22m[2mBulk Imported
[22m[39m[ChatContext] No current chat available, will create one
[90mstdout[2m | src/components/DictionaryEditor2.stories.jsx[2m > [22m[2mBulk Imported
[22m[39m[ChatContext] Creating AssistantChat with user: undefined
[90mstdout[2m | src/components/DictionaryEditor2.stories.jsx[2m > [22m[2mBulk Imported
[22m[39m[Mock Data] AssistantChat created: mock-assistantchat-1790417599853 - notified 1 subscribers
[90mstdout[2m | src/components/DictionaryEditor2.stories.jsx[2m > [22m[2mBulk Imported
[22m[39m[ChatContext] Create result: {
  "data": {
    "_version": 1,
    "archived": false,
    "chatFiles": [Function anonymous],
    "createdAt": "2026-09-26T10:13:19.853Z",
    "id": "mock-assistantchat-1790417599853",
    "model": "gpt-4",
    "updatedAt": "2026-09-26T10:13:19.853Z",
  },
  "errors": [],
  "hasData": true,
  "hasErrors": true,
}
[90mstdout[2m | src/components/DictionaryEditor2.stories.jsx[2m > [22m[2mBulk Imported
[22m[39m[ChatContext] Created AssistantChat: mock-assistantchat-1790417599853 at: 2026-09-26T10:13:19.853Z
[90mstdout[2m | src/components/DictionaryEditor2.stories.jsx[2m > [22m[2mBulk Imported
[22m[39m[Mock Storage] downloadData called with: undefined
[90mstdout[2m | src/components/DictionaryEditor2.stories.jsx[2m > [22m[2mBulk Imported
[22m[39m[ChatContext] Setting initial chat: mock-assistantchat-1790417599853
[90mstdout[2m | src/components/DictionaryEditor2.stories.jsx[2m > [22m[2mBulk Imported
[22m[39m[ChatContext] Chat exists and not archived, skipping creation
 [32m✓[39m [30m[45m storybook (chromium) [49m[39m src/components/DictionaryEditor2.stories.jsx [2m([22m[2m3 tests[22m[2m)[22m[33m 2275[2mms[22m[39m
   [33m[2m✓[22m[39m Default [33m 1006[2mms[22m[39m
   [33m[2m✓[22m[39m Empty [33m 353[2mms[22m[39m
   [33m[2m✓[22m[39m Bulk Imported [33m 913[2mms[22m[39m
[90mstdout[2m | unknown test
[22m[39m[MOCK vectorStoreDB.js] Module loaded - mock IndexedDB operations
[90mstdout[2m | unknown test
[22m[39m[Task Completion] DOM action listeners initialized
[90mstdout[2m | unknown test
[22m[39m[Task Completion] Auto-completion detector initialized
[90mstdout[2m | unknown test
[22m[39m[Preview] Task completion detector initialized
[90mstdout[2m | src/components/ChatSidebar/VirtualizedMessageList.stories.jsx[2m > [22m[2mEmpty
[22m[39m[MOCK CourseVectorStore] Initialized with mock data
[90mstdout[2m | src/components/ChatSidebar/VirtualizedMessageList.stories.jsx[2m > [22m[2mEmpty
[22m[39m[TranslationModeController] Setting mode to: off
[90mstdout[2m | src/components/ChatSidebar/VirtualizedMessageList.stories.jsx[2m > [22m[2mEmpty
[22m[39m[UnitContext] useEffect triggered {
  "authLoading": false,
  "hasUser": true,
  "id": "mock-unit-id",
  "userSub": "mock-user-sub",
}
[90mstdout[2m | src/components/ChatSidebar/VirtualizedMessageList.stories.jsx[2m > [22m[2mEmpty
[22m[39m[UnitContext] Fetching unit data for id: mock-unit-id
[90mstdout[2m | src/components/ChatSidebar/VirtualizedMessageList.stories.jsx[2m > [22m[2mEmpty
[22m[39m[FilesContext] Initializing vector store from IndexedDB
[90mstdout[2m | src/components/ChatSidebar/VirtualizedMessageList.stories.jsx[2m > [22m[2mEmpty
[22m[39m[FilesContext] fetchFiles called
[90mstdout[2m | src/components/ChatSidebar/VirtualizedMessageList.stories.jsx[2m > [22m[2mEmpty
[22m[39m[FilesContext] User authenticated: mock-user-sub
[90mstdout[2m | src/components/ChatSidebar/VirtualizedMessageList.stories.jsx[2m > [22m[2mEmpty
[22m[39m[FilesContext] Identity ID: us-east-1:mock-identity-123
[90mstdout[2m | src/components/ChatSidebar/VirtualizedMessageList.stories.jsx[2m > [22m[2mEmpty
[22m[39m[FilesContext] About to set up File observeQuery
[90mstdout[2m | src/components/ChatSidebar/VirtualizedMessageList.stories.jsx[2m > [22m[2mEmpty
[22m[39m[ChatContext] Setting up AssistantChat observeQuery
[90mstdout[2m | src/components/ChatSidebar/VirtualizedMessageList.stories.jsx[2m > [22m[2mEmpty
[22m[39m[ChatContext] Waiting for subscription to initialize
[90mstdout[2m | src/components/ChatSidebar/VirtualizedMessageList.stories.jsx[2m > [22m[2mEmpty
[22m[39m[SettingsContext] Setting up Settings subscription for user: mock-user-sub
[90mstdout[2m | src/components/ChatSidebar/VirtualizedMessageList.stories.jsx[2m > [22m[2mEmpty
[22m[39m[Mock Data] Settings created: mock-settings-1790417613169 - notified 0 subscribers
[90mstdout[2m | src/components/ChatSidebar/VirtualizedMessageList.stories.jsx[2m > [22m[2mEmpty
[22m[39m[Mock Data] Unit.onUpdate() subscription added. Total: 1
[90mstdout[2m | src/components/ChatSidebar/VirtualizedMessageList.stories.jsx[2m > [22m[2mEmpty
[22m[39m[SectionContext] Section observeQuery update: 0
[90mstdout[2m | src/components/ChatSidebar/VirtualizedMessageList.stories.jsx[2m > [22m[2mEmpty
[22m[39m[FilesContext] File observeQuery update: 6 files
[90mstdout[2m | src/components/ChatSidebar/VirtualizedMessageList.stories.jsx[2m > [22m[2mEmpty
[22m[39m[ChatContext] AssistantChat initialized with 1 chats
[90mstdout[2m | src/components/ChatSidebar/VirtualizedMessageList.stories.jsx[2m > [22m[2mEmpty
[22m[39m[ChatContext] Setting initial chat: mock-assistant-chat-1
[90mstdout[2m | src/components/ChatSidebar/VirtualizedMessageList.stories.jsx[2m > [22m[2mEmpty
[22m[39m[MOCK CourseVectorStore] Initialized with mock data
[90mstdout[2m | src/components/ChatSidebar/VirtualizedMessageList.stories.jsx[2m > [22m[2mEmpty
[22m[39m[FilesContext] Vector store population triggered {
  "currentVectorStoreSize": 3,
  "documentsCount": 0,
  "filesCount": 6,
  "isInitialLoad": true,
}
[90mstdout[2m | src/components/ChatSidebar/VirtualizedMessageList.stories.jsx[2m > [22m[2mEmpty
[22m[39m[FilesContext] Vector store population complete - 3 total embeddings
[90mstdout[2m | src/components/ChatSidebar/VirtualizedMessageList.stories.jsx[2m > [22m[2mEmpty
[22m[39m[ChatContext] Chat exists and not archived, skipping creation
[90mstdout[2m | src/components/ChatSidebar/VirtualizedMessageList.stories.jsx[2m > [22m[2mEmpty
[22m[39m[Mock Storage] downloadData called with: undefined
[90mstdout[2m | src/components/ChatSidebar/VirtualizedMessageList.stories.jsx[2m > [22m[2mFew Messages
[22m[39m[ChatContext] Cleaning up subscriptions
[90mstdout[2m | src/components/ChatSidebar/VirtualizedMessageList.stories.jsx[2m > [22m[2mFew Messages
[22m[39m[Mock Data] Unit.onUpdate() subscription removed. Remaining: 0
[90mstdout[2m | src/components/ChatSidebar/VirtualizedMessageList.stories.jsx[2m > [22m[2mFew Messages
[22m[39m[MOCK CourseVectorStore] Initialized with mock data
[90mstdout[2m | src/components/ChatSidebar/VirtualizedMessageList.stories.jsx[2m > [22m[2mFew Messages
[22m[39m[TranslationModeController] Setting mode to: off
[90mstdout[2m | src/components/ChatSidebar/VirtualizedMessageList.stories.jsx[2m > [22m[2mFew Messages
[22m[39m[UnitContext] useEffect triggered {
  "authLoading": false,
  "hasUser": true,
  "id": "mock-unit-id",
  "userSub": "mock-user-sub",
}
[90mstdout[2m | src/components/ChatSidebar/VirtualizedMessageList.stories.jsx[2m > [22m[2mFew Messages
[22m[39m[UnitContext] Fetching unit data for id: mock-unit-id
[90mstdout[2m | src/components/ChatSidebar/VirtualizedMessageList.stories.jsx[2m > [22m[2mFew Messages
[22m[39m[FilesContext] Initializing vector store from IndexedDB
[90mstdout[2m | src/components/ChatSidebar/VirtualizedMessageList.stories.jsx[2m > [22m[2mFew Messages
[22m[39m[FilesContext] fetchFiles called
[90mstdout[2m | src/components/ChatSidebar/VirtualizedMessageList.stories.jsx[2m > [22m[2mFew Messages
[22m[39m[FilesContext] User authenticated: mock-user-sub
[90mstdout[2m | src/components/ChatSidebar/VirtualizedMessageList.stories.jsx[2m > [22m[2mFew Messages
[22m[39m[FilesContext] Identity ID: us-east-1:mock-identity-123
[90mstdout[2m | src/components/ChatSidebar/VirtualizedMessageList.stories.jsx[2m > [22m[2mFew Messages
[22m[39m[FilesContext] About to set up File observeQuery
[90mstdout[2m | src/components/ChatSidebar/VirtualizedMessageList.stories.jsx[2m > [22m[2mFew Messages
[22m[39m[ChatContext] Setting up AssistantChat observeQuery
[90mstdout[2m | src/components/ChatSidebar/VirtualizedMessageList.stories.jsx[2m > [22m[2mFew Messages
[22m[39m[ChatContext] Waiting for subscription to initialize
[90mstdout[2m | src/components/ChatSidebar/VirtualizedMessageList.stories.jsx[2m > [22m[2mFew Messages
[22m[39m[SettingsContext] Setting up Settings subscription for user: mock-user-sub
[90mstdout[2m | src/components/ChatSidebar/VirtualizedMessageList.stories.jsx[2m > [22m[2mFew Messages
[22m[39m[Mock Data] Settings created: mock-settings-1790417613559 - notified 0 subscribers
[90mstdout[2m | src/components/ChatSidebar/VirtualizedMessageList.stories.jsx[2m > [22m[2mFew Messages
[22m[39m[Mock Data] Unit.onUpdate() subscription added. Total: 1
[90mstdout[2m | src/components/ChatSidebar/VirtualizedMessageList.stories.jsx[2m > [22m[2mFew Messages
[22m[39m[SectionContext] Section observeQuery update: 0
[90mstdout[2m | src/components/ChatSidebar/VirtualizedMessageList.stories.jsx[2m > [22m[2mFew Messages
[22m[39m[FilesContext] File observeQuery update: 6 files
[90mstdout[2m | src/components/ChatSidebar/VirtualizedMessageList.stories.jsx[2m > [22m[2mFew Messages
[22m[39m[ChatContext] AssistantChat initialized with 1 chats
[90mstdout[2m | src/components/ChatSidebar/VirtualizedMessageList.stories.jsx[2m > [22m[2mFew Messages
[22m[39m[ChatContext] Setting initial chat: mock-assistant-chat-1
[90mstdout[2m | src/components/ChatSidebar/VirtualizedMessageList.stories.jsx[2m > [22m[2mFew Messages
[22m[39m[MOCK CourseVectorStore] Initialized with mock data
[90mstdout[2m | src/components/ChatSidebar/VirtualizedMessageList.stories.jsx[2m > [22m[2mFew Messages
[22m[39m[FilesContext] Vector store population triggered {
  "currentVectorStoreSize": 3,
  "documentsCount": 0,
  "filesCount": 6,
  "isInitialLoad": true,
}
[90mstdout[2m | src/components/ChatSidebar/VirtualizedMessageList.stories.jsx[2m > [22m[2mFew Messages
[22m[39m[FilesContext] Vector store population complete - 3 total embeddings
[90mstdout[2m | src/components/ChatSidebar/VirtualizedMessageList.stories.jsx[2m > [22m[2mFew Messages
[22m[39m[ChatContext] Chat exists and not archived, skipping creation
[90mstdout[2m | src/components/ChatSidebar/VirtualizedMessageList.stories.jsx[2m > [22m[2mFew Messages
[22m[39m[Mock Storage] downloadData called with: undefined
[90mstdout[2m | src/components/ChatSidebar/VirtualizedMessageList.stories.jsx[2m > [22m[2mMany Messages
[22m[39m[ChatContext] Cleaning up subscriptions
[90mstdout[2m | src/components/ChatSidebar/VirtualizedMessageList.stories.jsx[2m > [22m[2mMany Messages
[22m[39m[Mock Data] Unit.onUpdate() subscription removed. Remaining: 0
[90mstdout[2m | src/components/ChatSidebar/VirtualizedMessageList.stories.jsx[2m > [22m[2mMany Messages
[22m[39m[MOCK CourseVectorStore] Initialized with mock data
[90mstdout[2m | src/components/ChatSidebar/VirtualizedMessageList.stories.jsx[2m > [22m[2mMany Messages
[22m[39m[TranslationModeController] Setting mode to: off
[90mstdout[2m | src/components/ChatSidebar/VirtualizedMessageList.stories.jsx[2m > [22m[2mMany Messages
[22m[39m[UnitContext] useEffect triggered {
  "authLoading": false,
  "hasUser": true,
  "id": "mock-unit-id",
  "userSub": "mock-user-sub",
}
[90mstdout[2m | src/components/ChatSidebar/VirtualizedMessageList.stories.jsx[2m > [22m[2mMany Messages
[22m[39m[UnitContext] Fetching unit data for id: mock-unit-id
[90mstdout[2m | src/components/ChatSidebar/VirtualizedMessageList.stories.jsx[2m > [22m[2mMany Messages
[22m[39m[FilesContext] Initializing vector store from IndexedDB
[90mstdout[2m | src/components/ChatSidebar/VirtualizedMessageList.stories.jsx[2m > [22m[2mMany Messages
[22m[39m[FilesContext] fetchFiles called
[90mstdout[2m | src/components/ChatSidebar/VirtualizedMessageList.stories.jsx[2m > [22m[2mMany Messages
[22m[39m[FilesContext] User authenticated: mock-user-sub
[90mstdout[2m | src/components/ChatSidebar/VirtualizedMessageList.stories.jsx[2m > [22m[2mMany Messages
[22m[39m[FilesContext] Identity ID: us-east-1:mock-identity-123
[90mstdout[2m | src/components/ChatSidebar/VirtualizedMessageList.stories.jsx[2m > [22m[2mMany Messages
[22m[39m[FilesContext] About to set up File observeQuery
[90mstdout[2m | src/components/ChatSidebar/VirtualizedMessageList.stories.jsx[2m > [22m[2mMany Messages
[22m[39m[ChatContext] Setting up AssistantChat observeQuery
[90mstdout[2m | src/components/ChatSidebar/VirtualizedMessageList.stories.jsx[2m > [22m[2mMany Messages
[22m[39m[ChatContext] Waiting for subscription to initialize
[90mstdout[2m | src/components/ChatSidebar/VirtualizedMessageList.stories.jsx[2m > [22m[2mMany Messages
[22m[39m[SettingsContext] Setting up Settings subscription for user: mock-user-sub
[90mstdout[2m | src/components/ChatSidebar/VirtualizedMessageList.stories.jsx[2m > [22m[2mMany Messages
[22m[39m[Mock Data] Settings created: mock-settings-1790417613877 - notified 0 subscribers
[90mstdout[2m | src/components/ChatSidebar/VirtualizedMessageList.stories.jsx[2m > [22m[2mMany Messages
[22m[39m[Mock Data] Unit.onUpdate() subscription added. Total: 1
[90mstdout[2m | src/components/ChatSidebar/VirtualizedMessageList.stories.jsx[2m > [22m[2mMany Messages
[22m[39m[SectionContext] Section observeQuery update: 0
[90mstdout[2m | src/components/ChatSidebar/VirtualizedMessageList.stories.jsx[2m > [22m[2mMany Messages
[22m[39m[FilesContext] File observeQuery update: 6 files
[90mstdout[2m | src/components/ChatSidebar/VirtualizedMessageList.stories.jsx[2m > [22m[2mMany Messages
[22m[39m[ChatContext] AssistantChat initialized with 1 chats
[90mstdout[2m | src/components/ChatSidebar/VirtualizedMessageList.stories.jsx[2m > [22m[2mMany Messages
[22m[39m[ChatContext] Setting initial chat: mock-assistant-chat-1
[90mstdout[2m | src/components/ChatSidebar/VirtualizedMessageList.stories.jsx[2m > [22m[2mMany Messages
[22m[39m[MOCK CourseVectorStore] Initialized with mock data
[90mstdout[2m | src/components/ChatSidebar/VirtualizedMessageList.stories.jsx[2m > [22m[2mMany Messages
[22m[39m[FilesContext] Vector store population triggered {
  "currentVectorStoreSize": 3,
  "documentsCount": 0,
  "filesCount": 6,
  "isInitialLoad": true,
}
[90mstdout[2m | src/components/ChatSidebar/VirtualizedMessageList.stories.jsx[2m > [22m[2mMany Messages
[22m[39m[FilesContext] Vector store population complete - 3 total embeddings
[90mstdout[2m | src/components/ChatSidebar/VirtualizedMessageList.stories.jsx[2m > [22m[2mMany Messages
[22m[39m[ChatContext] Chat exists and not archived, skipping creation
[90mstdout[2m | src/components/ChatSidebar/VirtualizedMessageList.stories.jsx[2m > [22m[2mMany Messages
[22m[39m[Mock Storage] downloadData called with: undefined
[90mstdout[2m | src/components/ChatSidebar/VirtualizedMessageList.stories.jsx[2m > [22m[2mLarge Conversation
[22m[39m[ChatContext] Cleaning up subscriptions
[90mstdout[2m | src/components/ChatSidebar/VirtualizedMessageList.stories.jsx[2m > [22m[2mLarge Conversation
[22m[39m[Mock Data] Unit.onUpdate() subscription removed. Remaining: 0
[90mstdout[2m | src/components/ChatSidebar/VirtualizedMessageList.stories.jsx[2m > [22m[2mLarge Conversation
[22m[39m[MOCK CourseVectorStore] Initialized with mock data
[90mstdout[2m | src/components/ChatSidebar/VirtualizedMessageList.stories.jsx[2m > [22m[2mLarge Conversation
[22m[39m[TranslationModeController] Setting mode to: off
[90mstdout[2m | src/components/ChatSidebar/VirtualizedMessageList.stories.jsx[2m > [22m[2mLarge Conversation
[22m[39m[UnitContext] useEffect triggered {
  "authLoading": false,
  "hasUser": true,
  "id": "mock-unit-id",
  "userSub": "mock-user-sub",
}
[90mstdout[2m | src/components/ChatSidebar/VirtualizedMessageList.stories.jsx[2m > [22m[2mLarge Conversation
[22m[39m[UnitContext] Fetching unit data for id: mock-unit-id
[90mstdout[2m | src/components/ChatSidebar/VirtualizedMessageList.stories.jsx[2m > [22m[2mLarge Conversation
[22m[39m[FilesContext] Initializing vector store from IndexedDB
[90mstdout[2m | src/components/ChatSidebar/VirtualizedMessageList.stories.jsx[2m > [22m[2mLarge Conversation
[22m[39m[FilesContext] fetchFiles called
[90mstdout[2m | src/components/ChatSidebar/VirtualizedMessageList.stories.jsx[2m > [22m[2mLarge Conversation
[22m[39m[FilesContext] User authenticated: mock-user-sub
[90mstdout[2m | src/components/ChatSidebar/VirtualizedMessageList.stories.jsx[2m > [22m[2mLarge Conversation
[22m[39m[FilesContext] Identity ID: us-east-1:mock-identity-123
[90mstdout[2m | src/components/ChatSidebar/VirtualizedMessageList.stories.jsx[2m > [22m[2mLarge Conversation
[22m[39m[FilesContext] About to set up File observeQuery
[90mstdout[2m | src/components/ChatSidebar/VirtualizedMessageList.stories.jsx[2m > [22m[2mLarge Conversation
[22m[39m[ChatContext] Setting up AssistantChat observeQuery
[90mstdout[2m | src/components/ChatSidebar/VirtualizedMessageList.stories.jsx[2m > [22m[2mLarge Conversation
[22m[39m[ChatContext] Waiting for subscription to initialize
[90mstdout[2m | src/components/ChatSidebar/VirtualizedMessageList.stories.jsx[2m > [22m[2mLarge Conversation
[22m[39m[SettingsContext] Setting up Settings subscription for user: mock-user-sub
[90mstdout[2m | src/components/ChatSidebar/VirtualizedMessageList.stories.jsx[2m > [22m[2mLarge Conversation
[22m[39m[Mock Data] Settings created: mock-settings-1790417614741 - notified 0 subscribers
[90mstdout[2m | src/components/ChatSidebar/VirtualizedMessageList.stories.jsx[2m > [22m[2mLarge Conversation
[22m[39m[Mock Data] Unit.onUpdate() subscription added. Total: 1
[90mstdout[2m | src/components/ChatSidebar/VirtualizedMessageList.stories.jsx[2m > [22m[2mLarge Conversation
[22m[39m[SectionContext] Section observeQuery update: 0
[90mstdout[2m | src/components/ChatSidebar/VirtualizedMessageList.stories.jsx[2m > [22m[2mLarge Conversation
[22m[39m[FilesContext] File observeQuery update: 6 files
[90mstdout[2m | src/components/ChatSidebar/VirtualizedMessageList.stories.jsx[2m > [22m[2mLarge Conversation
[22m[39m[ChatContext] AssistantChat initialized with 1 chats
[90mstdout[2m | src/components/ChatSidebar/VirtualizedMessageList.stories.jsx[2m > [22m[2mLarge Conversation
[22m[39m[ChatContext] Setting initial chat: mock-assistant-chat-1
[90mstdout[2m | src/components/ChatSidebar/VirtualizedMessageList.stories.jsx[2m > [22m[2mLarge Conversation
[22m[39m[MOCK CourseVectorStore] Initialized with mock data
[90mstdout[2m | src/components/ChatSidebar/VirtualizedMessageList.stories.jsx[2m > [22m[2mLarge Conversation
[22m[39m[FilesContext] Vector store population triggered {
  "currentVectorStoreSize": 3,
  "documentsCount": 0,
  "filesCount": 6,
  "isInitialLoad": true,
}
[90mstdout[2m | src/components/ChatSidebar/VirtualizedMessageList.stories.jsx[2m > [22m[2mLarge Conversation
[22m[39m[FilesContext] Vector store population complete - 3 total embeddings
[90mstdout[2m | src/components/ChatSidebar/VirtualizedMessageList.stories.jsx[2m > [22m[2mLarge Conversation
[22m[39m[ChatContext] Chat exists and not archived, skipping creation
[90mstdout[2m | src/components/ChatSidebar/VirtualizedMessageList.stories.jsx[2m > [22m[2mLarge Conversation
[22m[39m[Mock Storage] downloadData called with: undefined
[90mstdout[2m | src/components/ChatSidebar/VirtualizedMessageList.stories.jsx[2m > [22m[2mWith Tool Calls
[22m[39m[ChatContext] Cleaning up subscriptions
[90mstdout[2m | src/components/ChatSidebar/VirtualizedMessageList.stories.jsx[2m > [22m[2mWith Tool Calls
[22m[39m[Mock Data] Unit.onUpdate() subscription removed. Remaining: 0
[90mstdout[2m | src/components/ChatSidebar/VirtualizedMessageList.stories.jsx[2m > [22m[2mWith Tool Calls
[22m[39m[MOCK CourseVectorStore] Initialized with mock data
[90mstdout[2m | src/components/ChatSidebar/VirtualizedMessageList.stories.jsx[2m > [22m[2mWith Tool Calls
[22m[39m[TranslationModeController] Setting mode to: off
[90mstdout[2m | src/components/ChatSidebar/VirtualizedMessageList.stories.jsx[2m > [22m[2mWith Tool Calls
[22m[39m[UnitContext] useEffect triggered {
  "authLoading": false,
  "hasUser": true,
  "id": "mock-unit-id",
  "userSub": "mock-user-sub",
}
[90mstdout[2m | src/components/ChatSidebar/VirtualizedMessageList.stories.jsx[2m > [22m[2mWith Tool Calls
[22m[39m[UnitContext] Fetching unit data for id: mock-unit-id
[90mstdout[2m | src/components/ChatSidebar/VirtualizedMessageList.stories.jsx[2m > [22m[2mWith Tool Calls
[22m[39m[FilesContext] Initializing vector store from IndexedDB
[90mstdout[2m | src/components/ChatSidebar/VirtualizedMessageList.stories.jsx[2m > [22m[2mWith Tool Calls
[22m[39m[FilesContext] fetchFiles called
[90mstdout[2m | src/components/ChatSidebar/VirtualizedMessageList.stories.jsx[2m > [22m[2mWith Tool Calls
[22m[39m[FilesContext] User authenticated: mock-user-sub
[90mstdout[2m | src/components/ChatSidebar/VirtualizedMessageList.stories.jsx[2m > [22m[2mWith Tool Calls
[22m[39m[FilesContext] Identity ID: us-east-1:mock-identity-123
[90mstdout[2m | src/components/ChatSidebar/VirtualizedMessageList.stories.jsx[2m > [22m[2mWith Tool Calls
[22m[39m[FilesContext] About to set up File observeQuery
[90mstdout[2m | src/components/ChatSidebar/VirtualizedMessageList.stories.jsx[2m > [22m[2mWith Tool Calls
[22m[39m[ChatContext] Setting up AssistantChat observeQuery
[90mstdout[2m | src/components/ChatSidebar/VirtualizedMessageList.stories.jsx[2m > [22m[2mWith Tool Calls
[22m[39m[ChatContext] Waiting for subscription to initialize
[90mstdout[2m | src/components/ChatSidebar/VirtualizedMessageList.stories.jsx[2m > [22m[2mWith Tool Calls
[22m[39m[SettingsContext] Setting up Settings subscription for user: mock-user-sub
[90mstdout[2m | src/components/ChatSidebar/VirtualizedMessageList.stories.jsx[2m > [22m[2mWith Tool Calls
[22m[39m[Mock Data] Settings created: mock-settings-1790417615705 - notified 0 subscribers
[90mstdout[2m | src/components/ChatSidebar/VirtualizedMessageList.stories.jsx[2m > [22m[2mWith Tool Calls
[22m[39m[Mock Data] Unit.onUpdate() subscription added. Total: 1
[90mstdout[2m | src/components/ChatSidebar/VirtualizedMessageList.stories.jsx[2m > [22m[2mWith Tool Calls
[22m[39m[SectionContext] Section observeQuery update: 0
[90mstdout[2m | src/components/ChatSidebar/VirtualizedMessageList.stories.jsx[2m > [22m[2mWith Tool Calls
[22m[39m[FilesContext] File observeQuery update: 6 files
[90mstdout[2m | src/components/ChatSidebar/VirtualizedMessageList.stories.jsx[2m > [22m[2mWith Tool Calls
[22m[39m[ChatContext] AssistantChat initialized with 1 chats
[90mstdout[2m | src/components/ChatSidebar/VirtualizedMessageList.stories.jsx[2m > [22m[2mWith Tool Calls
[22m[39m[ChatContext] Setting initial chat: mock-assistant-chat-1
[90mstdout[2m | src/components/ChatSidebar/VirtualizedMessageList.stories.jsx[2m > [22m[2mWith Tool Calls
[22m[39m[MOCK CourseVectorStore] Initialized with mock data
[90mstdout[2m | src/components/ChatSidebar/VirtualizedMessageList.stories.jsx[2m > [22m[2mWith Tool Calls
[22m[39m[FilesContext] Vector store population triggered {
  "currentVectorStoreSize": 3,
  "documentsCount": 0,
  "filesCount": 6,
  "isInitialLoad": true,
}
[90mstdout[2m | src/components/ChatSidebar/VirtualizedMessageList.stories.jsx[2m > [22m[2mWith Tool Calls
[22m[39m[FilesContext] Vector store population complete - 3 total embeddings
[90mstdout[2m | src/components/ChatSidebar/VirtualizedMessageList.stories.jsx[2m > [22m[2mWith Tool Calls
[22m[39m[ChatContext] Chat exists and not archived, skipping creation
[90mstdout[2m | src/components/ChatSidebar/VirtualizedMessageList.stories.jsx[2m > [22m[2mWith Tool Calls
[22m[39m[Mock Storage] downloadData called with: undefined
[90mstdout[2m | src/components/ChatSidebar/VirtualizedMessageList.stories.jsx[2m > [22m[2mStreaming Message
[22m[39m[ChatContext] Cleaning up subscriptions
[90mstdout[2m | src/components/ChatSidebar/VirtualizedMessageList.stories.jsx[2m > [22m[2mStreaming Message
[22m[39m[Mock Data] Unit.onUpdate() subscription removed. Remaining: 0
[90mstdout[2m | src/components/ChatSidebar/VirtualizedMessageList.stories.jsx[2m > [22m[2mStreaming Message
[22m[39m[MOCK CourseVectorStore] Initialized with mock data
[90mstdout[2m | src/components/ChatSidebar/VirtualizedMessageList.stories.jsx[2m > [22m[2mStreaming Message
[22m[39m[TranslationModeController] Setting mode to: off
[90mstdout[2m | src/components/ChatSidebar/VirtualizedMessageList.stories.jsx[2m > [22m[2mStreaming Message
[22m[39m[UnitContext] useEffect triggered {
  "authLoading": false,
  "hasUser": true,
  "id": "mock-unit-id",
  "userSub": "mock-user-sub",
}
[90mstdout[2m | src/components/ChatSidebar/VirtualizedMessageList.stories.jsx[2m > [22m[2mStreaming Message
[22m[39m[UnitContext] Fetching unit data for id: mock-unit-id
[90mstdout[2m | src/components/ChatSidebar/VirtualizedMessageList.stories.jsx[2m > [22m[2mStreaming Message
[22m[39m[FilesContext] Initializing vector store from IndexedDB
[90mstdout[2m | src/components/ChatSidebar/VirtualizedMessageList.stories.jsx[2m > [22m[2mStreaming Message
[22m[39m[FilesContext] fetchFiles called
[90mstdout[2m | src/components/ChatSidebar/VirtualizedMessageList.stories.jsx[2m > [22m[2mStreaming Message
[22m[39m[FilesContext] User authenticated: mock-user-sub
[90mstdout[2m | src/components/ChatSidebar/VirtualizedMessageList.stories.jsx[2m > [22m[2mStreaming Message
[22m[39m[FilesContext] Identity ID: us-east-1:mock-identity-123
[90mstdout[2m | src/components/ChatSidebar/VirtualizedMessageList.stories.jsx[2m > [22m[2mStreaming Message
[22m[39m[FilesContext] About to set up File observeQuery
[90mstdout[2m | src/components/ChatSidebar/VirtualizedMessageList.stories.jsx[2m > [22m[2mStreaming Message
[22m[39m[ChatContext] Setting up AssistantChat observeQuery
[90mstdout[2m | src/components/ChatSidebar/VirtualizedMessageList.stories.jsx[2m > [22m[2mStreaming Message
[22m[39m[ChatContext] Waiting for subscription to initialize
[90mstdout[2m | src/components/ChatSidebar/VirtualizedMessageList.stories.jsx[2m > [22m[2mStreaming Message
[22m[39m[SettingsContext] Setting up Settings subscription for user: mock-user-sub
[90mstdout[2m | src/components/ChatSidebar/VirtualizedMessageList.stories.jsx[2m > [22m[2mStreaming Message
[22m[39m[Mock Data] Settings created: mock-settings-1790417616254 - notified 0 subscribers
[90mstdout[2m | src/components/ChatSidebar/VirtualizedMessageList.stories.jsx[2m > [22m[2mStreaming Message
[22m[39m[Mock Data] Unit.onUpdate() subscription added. Total: 1
[90mstdout[2m | src/components/ChatSidebar/VirtualizedMessageList.stories.jsx[2m > [22m[2mStreaming Message
[22m[39m[SectionContext] Section observeQuery update: 0
[90mstdout[2m | src/components/ChatSidebar/VirtualizedMessageList.stories.jsx[2m > [22m[2mStreaming Message
[22m[39m[FilesContext] File observeQuery update: 6 files
[90mstdout[2m | src/components/ChatSidebar/VirtualizedMessageList.stories.jsx[2m > [22m[2mStreaming Message
[22m[39m[ChatContext] AssistantChat initialized with 1 chats
[90mstdout[2m | src/components/ChatSidebar/VirtualizedMessageList.stories.jsx[2m > [22m[2mStreaming Message
[22m[39m[ChatContext] Setting initial chat: mock-assistant-chat-1
[90mstdout[2m | src/components/ChatSidebar/VirtualizedMessageList.stories.jsx[2m > [22m[2mStreaming Message
[22m[39m[MOCK CourseVectorStore] Initialized with mock data
[90mstdout[2m | src/components/ChatSidebar/VirtualizedMessageList.stories.jsx[2m > [22m[2mStreaming Message
[22m[39m[FilesContext] Vector store population triggered {
  "currentVectorStoreSize": 3,
  "documentsCount": 0,
  "filesCount": 6,
  "isInitialLoad": true,
}
[90mstdout[2m | src/components/ChatSidebar/VirtualizedMessageList.stories.jsx[2m > [22m[2mStreaming Message
[22m[39m[FilesContext] Vector store population complete - 3 total embeddings
[90mstdout[2m | src/components/ChatSidebar/VirtualizedMessageList.stories.jsx[2m > [22m[2mStreaming Message
[22m[39m[ChatContext] Chat exists and not archived, skipping creation
[90mstdout[2m | src/components/ChatSidebar/VirtualizedMessageList.stories.jsx[2m > [22m[2mStreaming Message
[22m[39m[Mock Storage] downloadData called with: undefined
[90mstdout[2m | src/components/ChatSidebar/VirtualizedMessageList.stories.jsx[2m > [22m[2mCustom Rendering
[22m[39m[ChatContext] Cleaning up subscriptions
[90mstdout[2m | src/components/ChatSidebar/VirtualizedMessageList.stories.jsx[2m > [22m[2mCustom Rendering
[22m[39m[Mock Data] Unit.onUpdate() subscription removed. Remaining: 0
[90mstdout[2m | src/components/ChatSidebar/VirtualizedMessageList.stories.jsx[2m > [22m[2mCustom Rendering
[22m[39m[MOCK CourseVectorStore] Initialized with mock data
[90mstdout[2m | src/components/ChatSidebar/VirtualizedMessageList.stories.jsx[2m > [22m[2mCustom Rendering
[22m[39m[TranslationModeController] Setting mode to: off
[90mstdout[2m | src/components/ChatSidebar/VirtualizedMessageList.stories.jsx[2m > [22m[2mCustom Rendering
[22m[39m[UnitContext] useEffect triggered {
  "authLoading": false,
  "hasUser": true,
  "id": "mock-unit-id",
  "userSub": "mock-user-sub",
}
[90mstdout[2m | src/components/ChatSidebar/VirtualizedMessageList.stories.jsx[2m > [22m[2mCustom Rendering
[22m[39m[UnitContext] Fetching unit data for id: mock-unit-id
[90mstdout[2m | src/components/ChatSidebar/VirtualizedMessageList.stories.jsx[2m > [22m[2mCustom Rendering
[22m[39m[FilesContext] Initializing vector store from IndexedDB
[90mstdout[2m | src/components/ChatSidebar/VirtualizedMessageList.stories.jsx[2m > [22m[2mCustom Rendering
[22m[39m[FilesContext] fetchFiles called
[90mstdout[2m | src/components/ChatSidebar/VirtualizedMessageList.stories.jsx[2m > [22m[2mCustom Rendering
[22m[39m[FilesContext] User authenticated: mock-user-sub
[90mstdout[2m | src/components/ChatSidebar/VirtualizedMessageList.stories.jsx[2m > [22m[2mCustom Rendering
[22m[39m[FilesContext] Identity ID: us-east-1:mock-identity-123
[90mstdout[2m | src/components/ChatSidebar/VirtualizedMessageList.stories.jsx[2m > [22m[2mCustom Rendering
[22m[39m[FilesContext] About to set up File observeQuery
[90mstdout[2m | src/components/ChatSidebar/VirtualizedMessageList.stories.jsx[2m > [22m[2mCustom Rendering
[22m[39m[ChatContext] Setting up AssistantChat observeQuery
[90mstdout[2m | src/components/ChatSidebar/VirtualizedMessageList.stories.jsx[2m > [22m[2mCustom Rendering
[22m[39m[ChatContext] Waiting for subscription to initialize
[90mstdout[2m | src/components/ChatSidebar/VirtualizedMessageList.stories.jsx[2m > [22m[2mCustom Rendering
[22m[39m[SettingsContext] Setting up Settings subscription for user: mock-user-sub
[90mstdout[2m | src/components/ChatSidebar/VirtualizedMessageList.stories.jsx[2m > [22m[2mCustom Rendering
[22m[39m[Mock Data] Settings created: mock-settings-1790417616663 - notified 0 subscribers
[90mstdout[2m | src/components/ChatSidebar/VirtualizedMessageList.stories.jsx[2m > [22m[2mCustom Rendering
[22m[39m[Mock Data] Unit.onUpdate() subscription added. Total: 1
[90mstdout[2m | src/components/ChatSidebar/VirtualizedMessageList.stories.jsx[2m > [22m[2mCustom Rendering
[22m[39m[SectionContext] Section observeQuery update: 0
[90mstdout[2m | src/components/ChatSidebar/VirtualizedMessageList.stories.jsx[2m > [22m[2mCustom Rendering
[22m[39m[FilesContext] File observeQuery update: 6 files
[90mstdout[2m | src/components/ChatSidebar/VirtualizedMessageList.stories.jsx[2m > [22m[2mCustom Rendering
[22m[39m[ChatContext] AssistantChat initialized with 1 chats
[90mstdout[2m | src/components/ChatSidebar/VirtualizedMessageList.stories.jsx[2m > [22m[2mCustom Rendering
[22m[39m[ChatContext] Setting initial chat: mock-assistant-chat-1
[90mstdout[2m | src/components/ChatSidebar/VirtualizedMessageList.stories.jsx[2m > [22m[2mCustom Rendering
[22m[39m[MOCK CourseVectorStore] Initialized with mock data
[90mstdout[2m | src/components/ChatSidebar/VirtualizedMessageList.stories.jsx[2m > [22m[2mCustom Rendering
[22m[39m[FilesContext] Vector store population triggered {
  "currentVectorStoreSize": 3,
  "documentsCount": 0,
  "filesCount": 6,
  "isInitialLoad": true,
}
[90mstdout[2m | src/components/ChatSidebar/VirtualizedMessageList.stories.jsx[2m > [22m[2mCustom Rendering
[22m[39m[FilesContext] Vector store population complete - 3 total embeddings
[90mstdout[2m | src/components/ChatSidebar/VirtualizedMessageList.stories.jsx[2m > [22m[2mCustom Rendering
[22m[39m[ChatContext] Chat exists and not archived, skipping creation
[90mstdout[2m | src/components/ChatSidebar/VirtualizedMessageList.stories.jsx[2m > [22m[2mCustom Rendering
[22m[39m[Mock Storage] downloadData called with: undefined
[90mstdout[2m | src/components/ChatSidebar/VirtualizedMessageList.stories.jsx[2m > [22m[2mNo Scroll Button
[22m[39m[ChatContext] Cleaning up subscriptions
[90mstdout[2m | src/components/ChatSidebar/VirtualizedMessageList.stories.jsx[2m > [22m[2mNo Scroll Button
[22m[39m[Mock Data] Unit.onUpdate() subscription removed. Remaining: 0
[90mstdout[2m | src/components/ChatSidebar/VirtualizedMessageList.stories.jsx[2m > [22m[2mNo Scroll Button
[22m[39m[MOCK CourseVectorStore] Initialized with mock data
[90mstdout[2m | src/components/ChatSidebar/VirtualizedMessageList.stories.jsx[2m > [22m[2mNo Scroll Button
[22m[39m[TranslationModeController] Setting mode to: off
[90mstdout[2m | src/components/ChatSidebar/VirtualizedMessageList.stories.jsx[2m > [22m[2mNo Scroll Button
[22m[39m[UnitContext] useEffect triggered {
  "authLoading": false,
  "hasUser": true,
  "id": "mock-unit-id",
  "userSub": "mock-user-sub",
}
[90mstdout[2m | src/components/ChatSidebar/VirtualizedMessageList.stories.jsx[2m > [22m[2mNo Scroll Button
[22m[39m[UnitContext] Fetching unit data for id: mock-unit-id
[90mstdout[2m | src/components/ChatSidebar/VirtualizedMessageList.stories.jsx[2m > [22m[2mNo Scroll Button
[22m[39m[FilesContext] Initializing vector store from IndexedDB
[90mstdout[2m | src/components/ChatSidebar/VirtualizedMessageList.stories.jsx[2m > [22m[2mNo Scroll Button
[22m[39m[FilesContext] fetchFiles called
[90mstdout[2m | src/components/ChatSidebar/VirtualizedMessageList.stories.jsx[2m > [22m[2mNo Scroll Button
[22m[39m[FilesContext] User authenticated: mock-user-sub
[90mstdout[2m | src/components/ChatSidebar/VirtualizedMessageList.stories.jsx[2m > [22m[2mNo Scroll Button
[22m[39m[FilesContext] Identity ID: us-east-1:mock-identity-123
[90mstdout[2m | src/components/ChatSidebar/VirtualizedMessageList.stories.jsx[2m > [22m[2mNo Scroll Button
[22m[39m[FilesContext] About to set up File observeQuery
[90mstdout[2m | src/components/ChatSidebar/VirtualizedMessageList.stories.jsx[2m > [22m[2mNo Scroll Button
[22m[39m[ChatContext] Setting up AssistantChat observeQuery
[90mstdout[2m | src/components/ChatSidebar/VirtualizedMessageList.stories.jsx[2m > [22m[2mNo Scroll Button
[22m[39m[ChatContext] Waiting for subscription to initialize
[90mstdout[2m | src/components/ChatSidebar/VirtualizedMessageList.stories.jsx[2m > [22m[2mNo Scroll Button
[22m[39m[SettingsContext] Setting up Settings subscription for user: mock-user-sub
[90mstdout[2m | src/components/ChatSidebar/VirtualizedMessageList.stories.jsx[2m > [22m[2mNo Scroll Button
[22m[39m[Mock Data] Settings created: mock-settings-1790417617036 - notified 0 subscribers
[90mstdout[2m | src/components/ChatSidebar/VirtualizedMessageList.stories.jsx[2m > [22m[2mNo Scroll Button
[22m[39m[Mock Data] Unit.onUpdate() subscription added. Total: 1
[90mstdout[2m | src/components/ChatSidebar/VirtualizedMessageList.stories.jsx[2m > [22m[2mNo Scroll Button
[22m[39m[SectionContext] Section observeQuery update: 0
[90mstdout[2m | src/components/ChatSidebar/VirtualizedMessageList.stories.jsx[2m > [22m[2mNo Scroll Button
[22m[39m[FilesContext] File observeQuery update: 6 files
[90mstdout[2m | src/components/ChatSidebar/VirtualizedMessageList.stories.jsx[2m > [22m[2mNo Scroll Button
[22m[39m[ChatContext] AssistantChat initialized with 1 chats
[90mstdout[2m | src/components/ChatSidebar/VirtualizedMessageList.stories.jsx[2m > [22m[2mNo Scroll Button
[22m[39m[ChatContext] Setting initial chat: mock-assistant-chat-1
[90mstdout[2m | src/components/ChatSidebar/VirtualizedMessageList.stories.jsx[2m > [22m[2mNo Scroll Button
[22m[39m[MOCK CourseVectorStore] Initialized with mock data
[90mstdout[2m | src/components/ChatSidebar/VirtualizedMessageList.stories.jsx[2m > [22m[2mNo Scroll Button
[22m[39m[FilesContext] Vector store population triggered {
  "currentVectorStoreSize": 3,
  "documentsCount": 0,
  "filesCount": 6,
  "isInitialLoad": true,
}
[90mstdout[2m | src/components/ChatSidebar/VirtualizedMessageList.stories.jsx[2m > [22m[2mNo Scroll Button
[22m[39m[FilesContext] Vector store population complete - 3 total embeddings
[90mstdout[2m | src/components/ChatSidebar/VirtualizedMessageList.stories.jsx[2m > [22m[2mNo Scroll Button
[22m[39m[ChatContext] Chat exists and not archived, skipping creation
[90mstdout[2m | src/components/ChatSidebar/VirtualizedMessageList.stories.jsx[2m > [22m[2mNo Scroll Button
[22m[39m[Mock Storage] downloadData called with: undefined
[90mstdout[2m | src/components/ChatSidebar/VirtualizedMessageList.stories.jsx[2m > [22m[2mLarg Messages
[22m[39m[ChatContext] Cleaning up subscriptions
[90mstdout[2m | src/components/ChatSidebar/VirtualizedMessageList.stories.jsx[2m > [22m[2mLarg Messages
[22m[39m[Mock Data] Unit.onUpdate() subscription removed. Remaining: 0
[90mstdout[2m | src/components/ChatSidebar/VirtualizedMessageList.stories.jsx[2m > [22m[2mLarg Messages
[22m[39m[MOCK CourseVectorStore] Initialized with mock data
[90mstdout[2m | src/components/ChatSidebar/VirtualizedMessageList.stories.jsx[2m > [22m[2mLarg Messages
[22m[39m[TranslationModeController] Setting mode to: off
[90mstdout[2m | src/components/ChatSidebar/VirtualizedMessageList.stories.jsx[2m > [22m[2mLarg Messages
[22m[39m[UnitContext] useEffect triggered {
  "authLoading": false,
  "hasUser": true,
  "id": "mock-unit-id",
  "userSub": "mock-user-sub",
}
[90mstdout[2m | src/components/ChatSidebar/VirtualizedMessageList.stories.jsx[2m > [22m[2mLarg Messages
[22m[39m[UnitContext] Fetching unit data for id: mock-unit-id
[90mstdout[2m | src/components/ChatSidebar/VirtualizedMessageList.stories.jsx[2m > [22m[2mLarg Messages
[22m[39m[FilesContext] Initializing vector store from IndexedDB
[90mstdout[2m | src/components/ChatSidebar/VirtualizedMessageList.stories.jsx[2m > [22m[2mLarg Messages
[22m[39m[FilesContext] fetchFiles called
[90mstdout[2m | src/components/ChatSidebar/VirtualizedMessageList.stories.jsx[2m > [22m[2mLarg Messages
[22m[39m[FilesContext] User authenticated: mock-user-sub
[90mstdout[2m | src/components/ChatSidebar/VirtualizedMessageList.stories.jsx[2m > [22m[2mLarg Messages
[22m[39m[FilesContext] Identity ID: us-east-1:mock-identity-123
[90mstdout[2m | src/components/ChatSidebar/VirtualizedMessageList.stories.jsx[2m > [22m[2mLarg Messages
[22m[39m[FilesContext] About to set up File observeQuery
[90mstdout[2m | src/components/ChatSidebar/VirtualizedMessageList.stories.jsx[2m > [22m[2mLarg Messages
[22m[39m[ChatContext] Setting up AssistantChat observeQuery
[90mstdout[2m | src/components/ChatSidebar/VirtualizedMessageList.stories.jsx[2m > [22m[2mLarg Messages
[22m[39m[ChatContext] Waiting for subscription to initialize
[90mstdout[2m | src/components/ChatSidebar/VirtualizedMessageList.stories.jsx[2m > [22m[2mLarg Messages
[22m[39m[SettingsContext] Setting up Settings subscription for user: mock-user-sub
[90mstdout[2m | src/components/ChatSidebar/VirtualizedMessageList.stories.jsx[2m > [22m[2mLarg Messages
[22m[39m[Mock Data] Settings created: mock-settings-1790417617329 - notified 0 subscribers
[90mstdout[2m | src/components/ChatSidebar/VirtualizedMessageList.stories.jsx[2m > [22m[2mLarg Messages
[22m[39m[Mock Data] Unit.onUpdate() subscription added. Total: 1
[90mstdout[2m | src/components/ChatSidebar/VirtualizedMessageList.stories.jsx[2m > [22m[2mLarg Messages
[22m[39m[SectionContext] Section observeQuery update: 0
[90mstdout[2m | src/components/ChatSidebar/VirtualizedMessageList.stories.jsx[2m > [22m[2mLarg Messages
[22m[39m[FilesContext] File observeQuery update: 6 files
[90mstdout[2m | src/components/ChatSidebar/VirtualizedMessageList.stories.jsx[2m > [22m[2mLarg Messages
[22m[39m[ChatContext] AssistantChat initialized with 1 chats
[90mstdout[2m | src/components/ChatSidebar/VirtualizedMessageList.stories.jsx[2m > [22m[2mLarg Messages
[22m[39m[ChatContext] Setting initial chat: mock-assistant-chat-1
[90mstdout[2m | src/components/ChatSidebar/VirtualizedMessageList.stories.jsx[2m > [22m[2mLarg Messages
[22m[39m[MOCK CourseVectorStore] Initialized with mock data
[90mstdout[2m | src/components/ChatSidebar/VirtualizedMessageList.stories.jsx[2m > [22m[2mLarg Messages
[22m[39m[FilesContext] Vector store population triggered {
  "currentVectorStoreSize": 3,
  "documentsCount": 0,
  "filesCount": 6,
  "isInitialLoad": true,
}
[90mstdout[2m | src/components/ChatSidebar/VirtualizedMessageList.stories.jsx[2m > [22m[2mLarg Messages
[22m[39m[FilesContext] Vector store population complete - 3 total embeddings
[90mstdout[2m | src/components/ChatSidebar/VirtualizedMessageList.stories.jsx[2m > [22m[2mLarg Messages
[22m[39m[ChatContext] Chat exists and not archived, skipping creation
[90mstdout[2m | src/components/ChatSidebar/VirtualizedMessageList.stories.jsx[2m > [22m[2mLarg Messages
[22m[39m[Mock Storage] downloadData called with: undefined
 [32m✓[39m [30m[45m storybook (chromium) [49m[39m src/components/ChatSidebar/VirtualizedMessageList.stories.jsx [2m([22m[2m9 tests[22m[2m)[22m[33m 4599[2mms[22m[39m
   [33m[2m✓[22m[39m Empty [33m 422[2mms[22m[39m
   [33m[2m✓[22m[39m Many Messages [33m 459[2mms[22m[39m
   [33m[2m✓[22m[39m Large Conversation [33m 1304[2mms[22m[39m
   [33m[2m✓[22m[39m With Tool Calls [33m 557[2mms[22m[39m
   [33m[2m✓[22m[39m Streaming Message [33m 429[2mms[22m[39m
   [33m[2m✓[22m[39m Custom Rendering [33m 432[2mms[22m[39m
   [33m[2m✓[22m[39m Larg Messages [33m 396[2mms[22m[39m
[90mstdout[2m | unknown test
[22m[39m[MOCK vectorStoreDB.js] Module loaded - mock IndexedDB operations
[90mstdout[2m | unknown test
[22m[39m[Task Completion] DOM action listeners initialized
[90mstdout[2m | unknown test
[22m[39m[Task Completion] Auto-completion detector initialized
[90mstdout[2m | unknown test
[22m[39m[Preview] Task completion detector initialized
[90mstdout[2m | src/components/AIAgentConfig.stories.tsx[2m > [22m[2mPlatform Mode
[22m[39m[MOCK CourseVectorStore] Initialized with mock data
[90mstdout[2m | src/components/AIAgentConfig.stories.tsx[2m > [22m[2mPlatform Mode
[22m[39m[TranslationModeController] Setting mode to: off
[90mstdout[2m | src/components/AIAgentConfig.stories.tsx[2m > [22m[2mPlatform Mode
[22m[39m[UnitContext] useEffect triggered {
  "authLoading": false,
  "hasUser": true,
  "id": "mock-unit-id",
  "userSub": "mock-user-sub",
}
[90mstdout[2m | src/components/AIAgentConfig.stories.tsx[2m > [22m[2mPlatform Mode
[22m[39m[UnitContext] Fetching unit data for id: mock-unit-id
[90mstdout[2m | src/components/AIAgentConfig.stories.tsx[2m > [22m[2mPlatform Mode
[22m[39m[FilesContext] Initializing vector store from IndexedDB
[90mstdout[2m | src/components/AIAgentConfig.stories.tsx[2m > [22m[2mPlatform Mode
[22m[39m[FilesContext] fetchFiles called
[90mstdout[2m | src/components/AIAgentConfig.stories.tsx[2m > [22m[2mPlatform Mode
[22m[39m[FilesContext] User authenticated: mock-user-sub
[90mstdout[2m | src/components/AIAgentConfig.stories.tsx[2m > [22m[2mPlatform Mode
[22m[39m[FilesContext] Identity ID: us-east-1:mock-identity-123
[90mstdout[2m | src/components/AIAgentConfig.stories.tsx[2m > [22m[2mPlatform Mode
[22m[39m[FilesContext] About to set up File observeQuery
[90mstdout[2m | src/components/AIAgentConfig.stories.tsx[2m > [22m[2mPlatform Mode
[22m[39m[ChatContext] Setting up AssistantChat observeQuery
[90mstdout[2m | src/components/AIAgentConfig.stories.tsx[2m > [22m[2mPlatform Mode
[22m[39m[ChatContext] Waiting for subscription to initialize
[90mstdout[2m | src/components/AIAgentConfig.stories.tsx[2m > [22m[2mPlatform Mode
[22m[39m[SettingsContext] Setting up Settings subscription for user: mock-user-sub
[90mstdout[2m | src/components/AIAgentConfig.stories.tsx[2m > [22m[2mPlatform Mode
[22m[39m[Mock Data] Settings created: mock-settings-1790417619200 - notified 0 subscribers
[90mstdout[2m | src/components/AIAgentConfig.stories.tsx[2m > [22m[2mPlatform Mode
[22m[39m[Mock Data] Unit.onUpdate() subscription added. Total: 1
[90mstdout[2m | src/components/AIAgentConfig.stories.tsx[2m > [22m[2mPlatform Mode
[22m[39m[SectionContext] Section observeQuery update: 0
[90mstdout[2m | src/components/AIAgentConfig.stories.tsx[2m > [22m[2mPlatform Mode
[22m[39m[FilesContext] File observeQuery update: 6 files
[90mstdout[2m | src/components/AIAgentConfig.stories.tsx[2m > [22m[2mPlatform Mode
[22m[39m[ChatContext] AssistantChat initialized with 1 chats
[90mstdout[2m | src/components/AIAgentConfig.stories.tsx[2m > [22m[2mPlatform Mode
[22m[39m[ChatContext] Setting initial chat: mock-assistant-chat-1
[90mstdout[2m | src/components/AIAgentConfig.stories.tsx[2m > [22m[2mPlatform Mode
[22m[39m[MOCK CourseVectorStore] Initialized with mock data
[90mstdout[2m | src/components/AIAgentConfig.stories.tsx[2m > [22m[2mPlatform Mode
[22m[39m[FilesContext] Vector store population triggered {
  "currentVectorStoreSize": 3,
  "documentsCount": 0,
  "filesCount": 6,
  "isInitialLoad": true,
}
[90mstdout[2m | src/components/AIAgentConfig.stories.tsx[2m > [22m[2mPlatform Mode
[22m[39m[FilesContext] Vector store population complete - 3 total embeddings
[90mstdout[2m | src/components/AIAgentConfig.stories.tsx[2m > [22m[2mPlatform Mode
[22m[39m[ChatContext] Chat exists and not archived, skipping creation
[90mstdout[2m | src/components/AIAgentConfig.stories.tsx[2m > [22m[2mPlatform Mode
[22m[39m[Mock Storage] downloadData called with: undefined
[90mstdout[2m | src/components/AIAgentConfig.stories.tsx[2m > [22m[2mPlatform — Budget Enforcement Disabled
[22m[39m[ChatContext] Cleaning up subscriptions
[90mstdout[2m | src/components/AIAgentConfig.stories.tsx[2m > [22m[2mPlatform — Budget Enforcement Disabled
[22m[39m[Mock Data] Unit.onUpdate() subscription removed. Remaining: 0
[90mstdout[2m | src/components/AIAgentConfig.stories.tsx[2m > [22m[2mPlatform — Budget Enforcement Disabled
[22m[39m[MOCK CourseVectorStore] Initialized with mock data
[90mstdout[2m | src/components/AIAgentConfig.stories.tsx[2m > [22m[2mPlatform — Budget Enforcement Disabled
[22m[39m[TranslationModeController] Setting mode to: off
[90mstdout[2m | src/components/AIAgentConfig.stories.tsx[2m > [22m[2mPlatform — Budget Enforcement Disabled
[22m[39m[UnitContext] useEffect triggered {
  "authLoading": false,
  "hasUser": true,
  "id": "mock-unit-id",
  "userSub": "mock-user-sub",
}
[90mstdout[2m | src/components/AIAgentConfig.stories.tsx[2m > [22m[2mPlatform — Budget Enforcement Disabled
[22m[39m[UnitContext] Fetching unit data for id: mock-unit-id
[90mstdout[2m | src/components/AIAgentConfig.stories.tsx[2m > [22m[2mPlatform — Budget Enforcement Disabled
[22m[39m[FilesContext] Initializing vector store from IndexedDB
[90mstdout[2m | src/components/AIAgentConfig.stories.tsx[2m > [22m[2mPlatform — Budget Enforcement Disabled
[22m[39m[FilesContext] fetchFiles called
[90mstdout[2m | src/components/AIAgentConfig.stories.tsx[2m > [22m[2mPlatform — Budget Enforcement Disabled
[22m[39m[FilesContext] User authenticated: mock-user-sub
[90mstdout[2m | src/components/AIAgentConfig.stories.tsx[2m > [22m[2mPlatform — Budget Enforcement Disabled
[22m[39m[FilesContext] Identity ID: us-east-1:mock-identity-123
[90mstdout[2m | src/components/AIAgentConfig.stories.tsx[2m > [22m[2mPlatform — Budget Enforcement Disabled
[22m[39m[FilesContext] About to set up File observeQuery
[90mstdout[2m | src/components/AIAgentConfig.stories.tsx[2m > [22m[2mPlatform — Budget Enforcement Disabled
[22m[39m[ChatContext] Setting up AssistantChat observeQuery
[90mstdout[2m | src/components/AIAgentConfig.stories.tsx[2m > [22m[2mPlatform — Budget Enforcement Disabled
[22m[39m[ChatContext] Waiting for subscription to initialize
[90mstdout[2m | src/components/AIAgentConfig.stories.tsx[2m > [22m[2mPlatform — Budget Enforcement Disabled
[22m[39m[SettingsContext] Setting up Settings subscription for user: mock-user-sub
[90mstdout[2m | src/components/AIAgentConfig.stories.tsx[2m > [22m[2mPlatform — Budget Enforcement Disabled
[22m[39m[Mock Data] Settings created: mock-settings-1790417620341 - notified 0 subscribers
[90mstdout[2m | src/components/AIAgentConfig.stories.tsx[2m > [22m[2mPlatform — Budget Enforcement Disabled
[22m[39m[Mock Data] Unit.onUpdate() subscription added. Total: 1
[90mstdout[2m | src/components/AIAgentConfig.stories.tsx[2m > [22m[2mPlatform — Budget Enforcement Disabled
[22m[39m[SectionContext] Section observeQuery update: 0
[90mstdout[2m | src/components/AIAgentConfig.stories.tsx[2m > [22m[2mPlatform — Budget Enforcement Disabled
[22m[39m[FilesContext] File observeQuery update: 6 files
[90mstdout[2m | src/components/AIAgentConfig.stories.tsx[2m > [22m[2mPlatform — Budget Enforcement Disabled
[22m[39m[ChatContext] AssistantChat initialized with 1 chats
[90mstdout[2m | src/components/AIAgentConfig.stories.tsx[2m > [22m[2mPlatform — Budget Enforcement Disabled
[22m[39m[ChatContext] Setting initial chat: mock-assistant-chat-1
[90mstdout[2m | src/components/AIAgentConfig.stories.tsx[2m > [22m[2mPlatform — Budget Enforcement Disabled
[22m[39m[MOCK CourseVectorStore] Initialized with mock data
[90mstdout[2m | src/components/AIAgentConfig.stories.tsx[2m > [22m[2mPlatform — Budget Enforcement Disabled
[22m[39m[FilesContext] Vector store population triggered {
  "currentVectorStoreSize": 3,
  "documentsCount": 0,
  "filesCount": 6,
  "isInitialLoad": true,
}
[90mstdout[2m | src/components/AIAgentConfig.stories.tsx[2m > [22m[2mPlatform — Budget Enforcement Disabled
[22m[39m[FilesContext] Vector store population complete - 3 total embeddings
[90mstdout[2m | src/components/AIAgentConfig.stories.tsx[2m > [22m[2mPlatform — Budget Enforcement Disabled
[22m[39m[ChatContext] Chat exists and not archived, skipping creation
[90mstdout[2m | src/components/AIAgentConfig.stories.tsx[2m > [22m[2mPlatform — Budget Enforcement Disabled
[22m[39m[Mock Storage] downloadData called with: undefined
[90mstdout[2m | src/components/AIAgentConfig.stories.tsx[2m > [22m[2mPlatform — Custom Model Selection
[22m[39m[ChatContext] Cleaning up subscriptions
[90mstdout[2m | src/components/AIAgentConfig.stories.tsx[2m > [22m[2mPlatform — Custom Model Selection
[22m[39m[Mock Data] Unit.onUpdate() subscription removed. Remaining: 0
[90mstdout[2m | src/components/AIAgentConfig.stories.tsx[2m > [22m[2mPlatform — Custom Model Selection
[22m[39m[MOCK CourseVectorStore] Initialized with mock data
[90mstdout[2m | src/components/AIAgentConfig.stories.tsx[2m > [22m[2mPlatform — Custom Model Selection
[22m[39m[TranslationModeController] Setting mode to: off
[90mstdout[2m | src/components/AIAgentConfig.stories.tsx[2m > [22m[2mPlatform — Custom Model Selection
[22m[39m[UnitContext] useEffect triggered {
  "authLoading": false,
  "hasUser": true,
  "id": "mock-unit-id",
  "userSub": "mock-user-sub",
}
[90mstdout[2m | src/components/AIAgentConfig.stories.tsx[2m > [22m[2mPlatform — Custom Model Selection
[22m[39m[UnitContext] Fetching unit data for id: mock-unit-id
[90mstdout[2m | src/components/AIAgentConfig.stories.tsx[2m > [22m[2mPlatform — Custom Model Selection
[22m[39m[FilesContext] Initializing vector store from IndexedDB
[90mstdout[2m | src/components/AIAgentConfig.stories.tsx[2m > [22m[2mPlatform — Custom Model Selection
[22m[39m[FilesContext] fetchFiles called
[90mstdout[2m | src/components/AIAgentConfig.stories.tsx[2m > [22m[2mPlatform — Custom Model Selection
[22m[39m[FilesContext] User authenticated: mock-user-sub
[90mstdout[2m | src/components/AIAgentConfig.stories.tsx[2m > [22m[2mPlatform — Custom Model Selection
[22m[39m[FilesContext] Identity ID: us-east-1:mock-identity-123
[90mstdout[2m | src/components/AIAgentConfig.stories.tsx[2m > [22m[2mPlatform — Custom Model Selection
[22m[39m[FilesContext] About to set up File observeQuery
[90mstdout[2m | src/components/AIAgentConfig.stories.tsx[2m > [22m[2mPlatform — Custom Model Selection
[22m[39m[ChatContext] Setting up AssistantChat observeQuery
[90mstdout[2m | src/components/AIAgentConfig.stories.tsx[2m > [22m[2mPlatform — Custom Model Selection
[22m[39m[ChatContext] Waiting for subscription to initialize
[90mstdout[2m | src/components/AIAgentConfig.stories.tsx[2m > [22m[2mPlatform — Custom Model Selection
[22m[39m[SettingsContext] Setting up Settings subscription for user: mock-user-sub
[90mstdout[2m | src/components/AIAgentConfig.stories.tsx[2m > [22m[2mPlatform — Custom Model Selection
[22m[39m[Mock Data] Settings created: mock-settings-1790417621495 - notified 0 subscribers
[90mstdout[2m | src/components/AIAgentConfig.stories.tsx[2m > [22m[2mPlatform — Custom Model Selection
[22m[39m[Mock Data] Unit.onUpdate() subscription added. Total: 1
[90mstdout[2m | src/components/AIAgentConfig.stories.tsx[2m > [22m[2mPlatform — Custom Model Selection
[22m[39m[SectionContext] Section observeQuery update: 0
[90mstdout[2m | src/components/AIAgentConfig.stories.tsx[2m > [22m[2mPlatform — Custom Model Selection
[22m[39m[FilesContext] File observeQuery update: 6 files
[90mstdout[2m | src/components/AIAgentConfig.stories.tsx[2m > [22m[2mPlatform — Custom Model Selection
[22m[39m[ChatContext] AssistantChat initialized with 1 chats
[90mstdout[2m | src/components/AIAgentConfig.stories.tsx[2m > [22m[2mPlatform — Custom Model Selection
[22m[39m[ChatContext] Setting initial chat: mock-assistant-chat-1
[90mstdout[2m | src/components/AIAgentConfig.stories.tsx[2m > [22m[2mPlatform — Custom Model Selection
[22m[39m[MOCK CourseVectorStore] Initialized with mock data
[90mstdout[2m | src/components/AIAgentConfig.stories.tsx[2m > [22m[2mPlatform — Custom Model Selection
[22m[39m[FilesContext] Vector store population triggered {
  "currentVectorStoreSize": 3,
  "documentsCount": 0,
  "filesCount": 6,
  "isInitialLoad": true,
}
[90mstdout[2m | src/components/AIAgentConfig.stories.tsx[2m > [22m[2mPlatform — Custom Model Selection
[22m[39m[FilesContext] Vector store population complete - 3 total embeddings
[90mstdout[2m | src/components/AIAgentConfig.stories.tsx[2m > [22m[2mPlatform — Custom Model Selection
[22m[39m[ChatContext] Chat exists and not archived, skipping creation
[90mstdout[2m | src/components/AIAgentConfig.stories.tsx[2m > [22m[2mPlatform — Custom Model Selection
[22m[39m[Mock Storage] downloadData called with: undefined
[90mstdout[2m | src/components/AIAgentConfig.stories.tsx[2m > [22m[2mPlatform — Saving State
[22m[39m[ChatContext] Cleaning up subscriptions
[90mstdout[2m | src/components/AIAgentConfig.stories.tsx[2m > [22m[2mPlatform — Saving State
[22m[39m[Mock Data] Unit.onUpdate() subscription removed. Remaining: 0
[90mstdout[2m | src/components/AIAgentConfig.stories.tsx[2m > [22m[2mPlatform — Saving State
[22m[39m[MOCK CourseVectorStore] Initialized with mock data
[90mstdout[2m | src/components/AIAgentConfig.stories.tsx[2m > [22m[2mPlatform — Saving State
[22m[39m[TranslationModeController] Setting mode to: off
[90mstdout[2m | src/components/AIAgentConfig.stories.tsx[2m > [22m[2mPlatform — Saving State
[22m[39m[UnitContext] useEffect triggered {
  "authLoading": false,
  "hasUser": true,
  "id": "mock-unit-id",
  "userSub": "mock-user-sub",
}
[90mstdout[2m | src/components/AIAgentConfig.stories.tsx[2m > [22m[2mPlatform — Saving State
[22m[39m[UnitContext] Fetching unit data for id: mock-unit-id
[90mstdout[2m | src/components/AIAgentConfig.stories.tsx[2m > [22m[2mPlatform — Saving State
[22m[39m[FilesContext] Initializing vector store from IndexedDB
[90mstdout[2m | src/components/AIAgentConfig.stories.tsx[2m > [22m[2mPlatform — Saving State
[22m[39m[FilesContext] fetchFiles called
[90mstdout[2m | src/components/AIAgentConfig.stories.tsx[2m > [22m[2mPlatform — Saving State
[22m[39m[FilesContext] User authenticated: mock-user-sub
[90mstdout[2m | src/components/AIAgentConfig.stories.tsx[2m > [22m[2mPlatform — Saving State
[22m[39m[FilesContext] Identity ID: us-east-1:mock-identity-123
[90mstdout[2m | src/components/AIAgentConfig.stories.tsx[2m > [22m[2mPlatform — Saving State
[22m[39m[FilesContext] About to set up File observeQuery
[90mstdout[2m | src/components/AIAgentConfig.stories.tsx[2m > [22m[2mPlatform — Saving State
[22m[39m[ChatContext] Setting up AssistantChat observeQuery
[90mstdout[2m | src/components/AIAgentConfig.stories.tsx[2m > [22m[2mPlatform — Saving State
[22m[39m[ChatContext] Waiting for subscription to initialize
[90mstdout[2m | src/components/AIAgentConfig.stories.tsx[2m > [22m[2mPlatform — Saving State
[22m[39m[SettingsContext] Setting up Settings subscription for user: mock-user-sub
[90mstdout[2m | src/components/AIAgentConfig.stories.tsx[2m > [22m[2mPlatform — Saving State
[22m[39m[Mock Data] Settings created: mock-settings-1790417622305 - notified 0 subscribers
[90mstdout[2m | src/components/AIAgentConfig.stories.tsx[2m > [22m[2mPlatform — Saving State
[22m[39m[Mock Data] Unit.onUpdate() subscription added. Total: 1
[90mstdout[2m | src/components/AIAgentConfig.stories.tsx[2m > [22m[2mPlatform — Saving State
[22m[39m[SectionContext] Section observeQuery update: 0
[90mstdout[2m | src/components/AIAgentConfig.stories.tsx[2m > [22m[2mPlatform — Saving State
[22m[39m[FilesContext] File observeQuery update: 6 files
[90mstdout[2m | src/components/AIAgentConfig.stories.tsx[2m > [22m[2mPlatform — Saving State
[22m[39m[ChatContext] AssistantChat initialized with 1 chats
[90mstdout[2m | src/components/AIAgentConfig.stories.tsx[2m > [22m[2mPlatform — Saving State
[22m[39m[ChatContext] Setting initial chat: mock-assistant-chat-1
[90mstdout[2m | src/components/AIAgentConfig.stories.tsx[2m > [22m[2mPlatform — Saving State
[22m[39mfilterWords {
  "filter": "",
  "wordsCount": 0,
}
[90mstdout[2m | src/components/AIAgentConfig.stories.tsx[2m > [22m[2mPlatform — Saving State
[22m[39m[MOCK CourseVectorStore] Initialized with mock data
[90mstdout[2m | src/components/AIAgentConfig.stories.tsx[2m > [22m[2mPlatform — Saving State
[22m[39m[FilesContext] Vector store population triggered {
  "currentVectorStoreSize": 3,
  "documentsCount": 0,
  "filesCount": 6,
  "isInitialLoad": true,
}
[90mstdout[2m | src/components/AIAgentConfig.stories.tsx[2m > [22m[2mPlatform — Saving State
[22m[39m[FilesContext] Vector store population complete - 3 total embeddings
[90mstdout[2m | src/components/AIAgentConfig.stories.tsx[2m > [22m[2mPlatform — Saving State
[22m[39m[ChatContext] Chat exists and not archived, skipping creation
[90mstdout[2m | src/components/AIAgentConfig.stories.tsx[2m > [22m[2mPlatform — Saving State
[22m[39m[Mock Storage] downloadData called with: undefined
[90mstdout[2m | src/components/AIAgentConfig.stories.tsx[2m > [22m[2mSection Mode
[22m[39m[ChatContext] Cleaning up subscriptions
[90mstdout[2m | src/components/AIAgentConfig.stories.tsx[2m > [22m[2mSection Mode
[22m[39m[Mock Data] Unit.onUpdate() subscription removed. Remaining: 0
[90mstdout[2m | src/components/AIAgentConfig.stories.tsx[2m > [22m[2mSection Mode
[22m[39m[MOCK CourseVectorStore] Initialized with mock data
[90mstdout[2m | src/components/AIAgentConfig.stories.tsx[2m > [22m[2mSection Mode
[22m[39m[TranslationModeController] Setting mode to: off
[90mstdout[2m | src/components/AIAgentConfig.stories.tsx[2m > [22m[2mSection Mode
[22m[39m[UnitContext] useEffect triggered {
  "authLoading": false,
  "hasUser": true,
  "id": "mock-unit-id",
  "userSub": "mock-user-sub",
}
[90mstdout[2m | src/components/AIAgentConfig.stories.tsx[2m > [22m[2mSection Mode
[22m[39m[UnitContext] Fetching unit data for id: mock-unit-id
[90mstdout[2m | src/components/AIAgentConfig.stories.tsx[2m > [22m[2mSection Mode
[22m[39m[FilesContext] Initializing vector store from IndexedDB
[90mstdout[2m | src/components/AIAgentConfig.stories.tsx[2m > [22m[2mSection Mode
[22m[39m[FilesContext] fetchFiles called
[90mstdout[2m | src/components/AIAgentConfig.stories.tsx[2m > [22m[2mSection Mode
[22m[39m[FilesContext] User authenticated: mock-user-sub
[90mstdout[2m | src/components/AIAgentConfig.stories.tsx[2m > [22m[2mSection Mode
[22m[39m[FilesContext] Identity ID: us-east-1:mock-identity-123
[90mstdout[2m | src/components/AIAgentConfig.stories.tsx[2m > [22m[2mSection Mode
[22m[39m[FilesContext] About to set up File observeQuery
[90mstdout[2m | src/components/AIAgentConfig.stories.tsx[2m > [22m[2mSection Mode
[22m[39m[ChatContext] Setting up AssistantChat observeQuery
[90mstdout[2m | src/components/AIAgentConfig.stories.tsx[2m > [22m[2mSection Mode
[22m[39m[ChatContext] Waiting for subscription to initialize
[90mstdout[2m | src/components/AIAgentConfig.stories.tsx[2m > [22m[2mSection Mode
[22m[39m[SettingsContext] Setting up Settings subscription for user: mock-user-sub
[90mstdout[2m | src/components/AIAgentConfig.stories.tsx[2m > [22m[2mSection Mode
[22m[39m[Mock Data] Settings created: mock-settings-1790417622907 - notified 0 subscribers
[90mstdout[2m | src/components/AIAgentConfig.stories.tsx[2m > [22m[2mSection Mode
[22m[39m[Mock Data] Unit.onUpdate() subscription added. Total: 1
[90mstdout[2m | src/components/AIAgentConfig.stories.tsx[2m > [22m[2mSection Mode
[22m[39m[SectionContext] Section observeQuery update: 0
[90mstdout[2m | src/components/AIAgentConfig.stories.tsx[2m > [22m[2mSection Mode
[22m[39m[FilesContext] File observeQuery update: 6 files
[90mstdout[2m | src/components/AIAgentConfig.stories.tsx[2m > [22m[2mSection Mode
[22m[39m[ChatContext] AssistantChat initialized with 1 chats
[90mstdout[2m | src/components/AIAgentConfig.stories.tsx[2m > [22m[2mSection Mode
[22m[39m[ChatContext] Setting initial chat: mock-assistant-chat-1
[90mstdout[2m | src/components/AIAgentConfig.stories.tsx[2m > [22m[2mSection Mode
[22m[39m[MOCK CourseVectorStore] Initialized with mock data
[90mstdout[2m | src/components/AIAgentConfig.stories.tsx[2m > [22m[2mSection Mode
[22m[39m[FilesContext] Vector store population triggered {
  "currentVectorStoreSize": 3,
  "documentsCount": 0,
  "filesCount": 6,
  "isInitialLoad": true,
}
[90mstdout[2m | src/components/AIAgentConfig.stories.tsx[2m > [22m[2mSection Mode
[22m[39m[FilesContext] Vector store population complete - 3 total embeddings
[90mstdout[2m | src/components/AIAgentConfig.stories.tsx[2m > [22m[2mSection Mode
[22m[39m[ChatContext] Chat exists and not archived, skipping creation
[90mstdout[2m | src/components/AIAgentConfig.stories.tsx[2m > [22m[2mSection Mode
[22m[39m[Mock Storage] downloadData called with: undefined
[90mstdout[2m | src/components/AIAgentConfig.stories.tsx[2m > [22m[2mSection — With Overrides Applied
[22m[39m[ChatContext] Cleaning up subscriptions
[90mstdout[2m | src/components/AIAgentConfig.stories.tsx[2m > [22m[2mSection — With Overrides Applied
[22m[39m[Mock Data] Unit.onUpdate() subscription removed. Remaining: 0
[90mstdout[2m | src/components/AIAgentConfig.stories.tsx[2m > [22m[2mSection — With Overrides Applied
[22m[39m[MOCK CourseVectorStore] Initialized with mock data
[90mstdout[2m | src/components/AIAgentConfig.stories.tsx[2m > [22m[2mSection — With Overrides Applied
[22m[39m[TranslationModeController] Setting mode to: off
[90mstdout[2m | src/components/AIAgentConfig.stories.tsx[2m > [22m[2mSection — With Overrides Applied
[22m[39m[UnitContext] useEffect triggered {
  "authLoading": false,
  "hasUser": true,
  "id": "mock-unit-id",
  "userSub": "mock-user-sub",
}
[90mstdout[2m | src/components/AIAgentConfig.stories.tsx[2m > [22m[2mSection — With Overrides Applied
[22m[39m[UnitContext] Fetching unit data for id: mock-unit-id
[90mstdout[2m | src/components/AIAgentConfig.stories.tsx[2m > [22m[2mSection — With Overrides Applied
[22m[39m[FilesContext] Initializing vector store from IndexedDB
[90mstdout[2m | src/components/AIAgentConfig.stories.tsx[2m > [22m[2mSection — With Overrides Applied
[22m[39m[FilesContext] fetchFiles called
[90mstdout[2m | src/components/AIAgentConfig.stories.tsx[2m > [22m[2mSection — With Overrides Applied
[22m[39m[FilesContext] User authenticated: mock-user-sub
[90mstdout[2m | src/components/AIAgentConfig.stories.tsx[2m > [22m[2mSection — With Overrides Applied
[22m[39m[FilesContext] Identity ID: us-east-1:mock-identity-123
[90mstdout[2m | src/components/AIAgentConfig.stories.tsx[2m > [22m[2mSection — With Overrides Applied
[22m[39m[FilesContext] About to set up File observeQuery
[90mstdout[2m | src/components/AIAgentConfig.stories.tsx[2m > [22m[2mSection — With Overrides Applied
[22m[39m[ChatContext] Setting up AssistantChat observeQuery
[90mstdout[2m | src/components/AIAgentConfig.stories.tsx[2m > [22m[2mSection — With Overrides Applied
[22m[39m[ChatContext] Waiting for subscription to initialize
[90mstdout[2m | src/components/AIAgentConfig.stories.tsx[2m > [22m[2mSection — With Overrides Applied
[22m[39m[SettingsContext] Setting up Settings subscription for user: mock-user-sub
[90mstdout[2m | src/components/AIAgentConfig.stories.tsx[2m > [22m[2mSection — With Overrides Applied
[22m[39m[Mock Data] Settings created: mock-settings-1790417623456 - notified 0 subscribers
[90mstdout[2m | src/components/AIAgentConfig.stories.tsx[2m > [22m[2mSection — With Overrides Applied
[22m[39m[Mock Data] Unit.onUpdate() subscription added. Total: 1
[90mstdout[2m | src/components/AIAgentConfig.stories.tsx[2m > [22m[2mSection — With Overrides Applied
[22m[39m[SectionContext] Section observeQuery update: 0
[90mstdout[2m | src/components/AIAgentConfig.stories.tsx[2m > [22m[2mSection — With Overrides Applied
[22m[39m[FilesContext] File observeQuery update: 6 files
[90mstdout[2m | src/components/AIAgentConfig.stories.tsx[2m > [22m[2mSection — With Overrides Applied
[22m[39m[ChatContext] AssistantChat initialized with 1 chats
[90mstdout[2m | src/components/AIAgentConfig.stories.tsx[2m > [22m[2mSection — With Overrides Applied
[22m[39m[ChatContext] Setting initial chat: mock-assistant-chat-1
[90mstdout[2m | src/components/AIAgentConfig.stories.tsx[2m > [22m[2mSection — With Overrides Applied
[22m[39m[MOCK CourseVectorStore] Initialized with mock data
[90mstdout[2m | src/components/AIAgentConfig.stories.tsx[2m > [22m[2mSection — With Overrides Applied
[22m[39m[FilesContext] Vector store population triggered {
  "currentVectorStoreSize": 3,
  "documentsCount": 0,
  "filesCount": 6,
  "isInitialLoad": true,
}
[90mstdout[2m | src/components/AIAgentConfig.stories.tsx[2m > [22m[2mSection — With Overrides Applied
[22m[39m[FilesContext] Vector store population complete - 3 total embeddings
[90mstdout[2m | src/components/AIAgentConfig.stories.tsx[2m > [22m[2mSection — With Overrides Applied
[22m[39m[ChatContext] Chat exists and not archived, skipping creation
[90mstdout[2m | src/components/AIAgentConfig.stories.tsx[2m > [22m[2mSection — With Overrides Applied
[22m[39m[Mock Storage] downloadData called with: undefined
[90mstdout[2m | src/components/AIAgentConfig.stories.tsx[2m > [22m[2mPlatform — Empty/Default Values
[22m[39m[ChatContext] Cleaning up subscriptions
[90mstdout[2m | src/components/AIAgentConfig.stories.tsx[2m > [22m[2mPlatform — Empty/Default Values
[22m[39m[Mock Data] Unit.onUpdate() subscription removed. Remaining: 0
[90mstdout[2m | src/components/AIAgentConfig.stories.tsx[2m > [22m[2mPlatform — Empty/Default Values
[22m[39m[MOCK CourseVectorStore] Initialized with mock data
[90mstdout[2m | src/components/AIAgentConfig.stories.tsx[2m > [22m[2mPlatform — Empty/Default Values
[22m[39m[TranslationModeController] Setting mode to: off
[90mstdout[2m | src/components/AIAgentConfig.stories.tsx[2m > [22m[2mPlatform — Empty/Default Values
[22m[39m[UnitContext] useEffect triggered {
  "authLoading": false,
  "hasUser": true,
  "id": "mock-unit-id",
  "userSub": "mock-user-sub",
}
[90mstdout[2m | src/components/AIAgentConfig.stories.tsx[2m > [22m[2mPlatform — Empty/Default Values
[22m[39m[UnitContext] Fetching unit data for id: mock-unit-id
[90mstdout[2m | src/components/AIAgentConfig.stories.tsx[2m > [22m[2mPlatform — Empty/Default Values
[22m[39m[FilesContext] Initializing vector store from IndexedDB
[90mstdout[2m | src/components/AIAgentConfig.stories.tsx[2m > [22m[2mPlatform — Empty/Default Values
[22m[39m[FilesContext] fetchFiles called
[90mstdout[2m | src/components/AIAgentConfig.stories.tsx[2m > [22m[2mPlatform — Empty/Default Values
[22m[39m[FilesContext] User authenticated: mock-user-sub
[90mstdout[2m | src/components/AIAgentConfig.stories.tsx[2m > [22m[2mPlatform — Empty/Default Values
[22m[39m[FilesContext] Identity ID: us-east-1:mock-identity-123
[90mstdout[2m | src/components/AIAgentConfig.stories.tsx[2m > [22m[2mPlatform — Empty/Default Values
[22m[39m[FilesContext] About to set up File observeQuery
[90mstdout[2m | src/components/AIAgentConfig.stories.tsx[2m > [22m[2mPlatform — Empty/Default Values
[22m[39m[ChatContext] Setting up AssistantChat observeQuery
[90mstdout[2m | src/components/AIAgentConfig.stories.tsx[2m > [22m[2mPlatform — Empty/Default Values
[22m[39m[ChatContext] Waiting for subscription to initialize
[90mstdout[2m | src/components/AIAgentConfig.stories.tsx[2m > [22m[2mPlatform — Empty/Default Values
[22m[39m[SettingsContext] Setting up Settings subscription for user: mock-user-sub
[90mstdout[2m | src/components/AIAgentConfig.stories.tsx[2m > [22m[2mPlatform — Empty/Default Values
[22m[39m[Mock Data] Settings created: mock-settings-1790417624085 - notified 0 subscribers
[90mstdout[2m | src/components/AIAgentConfig.stories.tsx[2m > [22m[2mPlatform — Empty/Default Values
[22m[39m[Mock Data] Unit.onUpdate() subscription added. Total: 1
[90mstdout[2m | src/components/AIAgentConfig.stories.tsx[2m > [22m[2mPlatform — Empty/Default Values
[22m[39m[SectionContext] Section observeQuery update: 0
[90mstdout[2m | src/components/AIAgentConfig.stories.tsx[2m > [22m[2mPlatform — Empty/Default Values
[22m[39m[FilesContext] File observeQuery update: 6 files
[90mstdout[2m | src/components/AIAgentConfig.stories.tsx[2m > [22m[2mPlatform — Empty/Default Values
[22m[39m[ChatContext] AssistantChat initialized with 1 chats
[90mstdout[2m | src/components/AIAgentConfig.stories.tsx[2m > [22m[2mPlatform — Empty/Default Values
[22m[39m[ChatContext] Setting initial chat: mock-assistant-chat-1
[90mstdout[2m | src/components/AIAgentConfig.stories.tsx[2m > [22m[2mPlatform — Empty/Default Values
[22m[39m[MOCK CourseVectorStore] Initialized with mock data
[90mstdout[2m | src/components/AIAgentConfig.stories.tsx[2m > [22m[2mPlatform — Empty/Default Values
[22m[39m[FilesContext] Vector store population triggered {
  "currentVectorStoreSize": 3,
  "documentsCount": 0,
  "filesCount": 6,
  "isInitialLoad": true,
}
[90mstdout[2m | src/components/AIAgentConfig.stories.tsx[2m > [22m[2mPlatform — Empty/Default Values
[22m[39m[FilesContext] Vector store population complete - 3 total embeddings
[90mstdout[2m | src/components/AIAgentConfig.stories.tsx[2m > [22m[2mPlatform — Empty/Default Values
[22m[39m[ChatContext] Chat exists and not archived, skipping creation
[90mstdout[2m | src/components/AIAgentConfig.stories.tsx[2m > [22m[2mPlatform — Empty/Default Values
[22m[39m[Mock Storage] downloadData called with: undefined
 [32m✓[39m [30m[45m storybook (chromium) [49m[39m src/components/AIAgentConfig.stories.tsx [2m([22m[2m7 tests[22m[2m)[22m[33m 5623[2mms[22m[39m
   [33m[2m✓[22m[39m Platform Mode [33m 880[2mms[22m[39m
   [33m[2m✓[22m[39m Platform — Budget Enforcement Disabled [33m 1316[2mms[22m[39m
   [33m[2m✓[22m[39m Platform — Custom Model Selection [33m 953[2mms[22m[39m
   [33m[2m✓[22m[39m Platform — Saving State [33m 694[2mms[22m[39m
   [33m[2m✓[22m[39m Section Mode [33m 518[2mms[22m[39m
   [33m[2m✓[22m[39m Section — With Overrides Applied [33m 577[2mms[22m[39m
   [33m[2m✓[22m[39m Platform — Empty/Default Values [33m 685[2mms[22m[39m
[90mstdout[2m | unknown test
[22m[39m[MOCK vectorStoreDB.js] Module loaded - mock IndexedDB operations
[90mstdout[2m | unknown test
[22m[39m[Task Completion] DOM action listeners initialized
[90mstdout[2m | unknown test
[22m[39m[Task Completion] Auto-completion detector initialized
[90mstdout[2m | unknown test
[22m[39m[Preview] Task completion detector initialized
[90mstdout[2m | src/components/Editor3/components/AudioAnswerMedia.stories.tsx[2m > [22m[2mBy Word
[22m[39m[MOCK CourseVectorStore] Initialized with mock data
[90mstdout[2m | src/components/Editor3/components/AudioAnswerMedia.stories.tsx[2m > [22m[2mBy Word
[22m[39mMock Cache.getItem called with: getCachedUrl_/story-mocks/cinematic-designed-sci-fi-whoosh-transition-nexawave-228295.mp3
[90mstdout[2m | src/components/Editor3/components/AudioAnswerMedia.stories.tsx[2m > [22m[2mBy Word
[22m[39m[TranslationModeController] Setting mode to: off
[90mstdout[2m | src/components/Editor3/components/AudioAnswerMedia.stories.tsx[2m > [22m[2mBy Word
[22m[39m[UnitContext] useEffect triggered {
  "authLoading": false,
  "hasUser": true,
  "id": "mock-unit-id",
  "userSub": "mock-user-sub",
}
[90mstdout[2m | src/components/Editor3/components/AudioAnswerMedia.stories.tsx[2m > [22m[2mBy Word
[22m[39m[UnitContext] Fetching unit data for id: mock-unit-id
[90mstdout[2m | src/components/Editor3/components/AudioAnswerMedia.stories.tsx[2m > [22m[2mBy Word
[22m[39m[FilesContext] Initializing vector store from IndexedDB
[90mstdout[2m | src/components/Editor3/components/AudioAnswerMedia.stories.tsx[2m > [22m[2mBy Word
[22m[39m[FilesContext] fetchFiles called
[90mstdout[2m | src/components/Editor3/components/AudioAnswerMedia.stories.tsx[2m > [22m[2mBy Word
[22m[39m[FilesContext] User authenticated: mock-user-sub
[90mstdout[2m | src/components/Editor3/components/AudioAnswerMedia.stories.tsx[2m > [22m[2mBy Word
[22m[39m[FilesContext] Identity ID: us-east-1:mock-identity-123
[90mstdout[2m | src/components/Editor3/components/AudioAnswerMedia.stories.tsx[2m > [22m[2mBy Word
[22m[39m[FilesContext] About to set up File observeQuery
[90mstdout[2m | src/components/Editor3/components/AudioAnswerMedia.stories.tsx[2m > [22m[2mBy Word
[22m[39m[ChatContext] Setting up AssistantChat observeQuery
[90mstdout[2m | src/components/Editor3/components/AudioAnswerMedia.stories.tsx[2m > [22m[2mBy Word
[22m[39m[ChatContext] Waiting for subscription to initialize
[90mstdout[2m | src/components/Editor3/components/AudioAnswerMedia.stories.tsx[2m > [22m[2mBy Word
[22m[39m[SettingsContext] Setting up Settings subscription for user: mock-user-sub
[90mstdout[2m | src/components/Editor3/components/AudioAnswerMedia.stories.tsx[2m > [22m[2mBy Word
[22m[39mMock getUrl called with: /story-mocks/cinematic-designed-sci-fi-whoosh-transition-nexawave-228295.mp3
[90mstdout[2m | src/components/Editor3/components/AudioAnswerMedia.stories.tsx[2m > [22m[2mBy Word
[22m[39m[Mock Data] Settings created: mock-settings-1790417626075 - notified 0 subscribers
[90mstdout[2m | src/components/Editor3/components/AudioAnswerMedia.stories.tsx[2m > [22m[2mBy Word
[22m[39mMock Cache.setItem called with: getCachedUrl_/story-mocks/cinematic-designed-sci-fi-whoosh-transition-nexawave-228295.mp3 /story-mocks/cinematic-designed-sci-fi-whoosh-transition-nexawave-228295.mp3
[90mstdout[2m | src/components/Editor3/components/AudioAnswerMedia.stories.tsx[2m > [22m[2mBy Word
[22m[39m[Mock Data] Unit.onUpdate() subscription added. Total: 1
[90mstdout[2m | src/components/Editor3/components/AudioAnswerMedia.stories.tsx[2m > [22m[2mBy Word
[22m[39m[SectionContext] Section observeQuery update: 0
[90mstdout[2m | src/components/Editor3/components/AudioAnswerMedia.stories.tsx[2m > [22m[2mBy Word
[22m[39m[FilesContext] File observeQuery update: 6 files
[90mstdout[2m | src/components/Editor3/components/AudioAnswerMedia.stories.tsx[2m > [22m[2mBy Word
[22m[39m[ChatContext] AssistantChat initialized with 1 chats
[90mstdout[2m | src/components/Editor3/components/AudioAnswerMedia.stories.tsx[2m > [22m[2mBy Word
[22m[39m[ChatContext] Setting initial chat: mock-assistant-chat-1
[90mstdout[2m | src/components/Editor3/components/AudioAnswerMedia.stories.tsx[2m > [22m[2mBy Word
[22m[39m[MOCK CourseVectorStore] Initialized with mock data
[90mstdout[2m | src/components/Editor3/components/AudioAnswerMedia.stories.tsx[2m > [22m[2mBy Word
[22m[39m[FilesContext] Vector store population triggered {
  "currentVectorStoreSize": 3,
  "documentsCount": 0,
  "filesCount": 6,
  "isInitialLoad": true,
}
[90mstdout[2m | src/components/Editor3/components/AudioAnswerMedia.stories.tsx[2m > [22m[2mBy Word
[22m[39m[FilesContext] Vector store population complete - 3 total embeddings
[90mstdout[2m | src/components/Editor3/components/AudioAnswerMedia.stories.tsx[2m > [22m[2mBy Word
[22m[39m[ChatContext] Chat exists and not archived, skipping creation
[90mstdout[2m | src/components/Editor3/components/AudioAnswerMedia.stories.tsx[2m > [22m[2mBy Word
[22m[39m[Mock Storage] downloadData called with: undefined
[90mstdout[2m | src/components/Editor3/components/AudioAnswerMedia.stories.tsx[2m > [22m[2mBy Definition
[22m[39m[ChatContext] Cleaning up subscriptions
[90mstdout[2m | src/components/Editor3/components/AudioAnswerMedia.stories.tsx[2m > [22m[2mBy Definition
[22m[39m[Mock Data] Unit.onUpdate() subscription removed. Remaining: 0
[90mstdout[2m | src/components/Editor3/components/AudioAnswerMedia.stories.tsx[2m > [22m[2mBy Definition
[22m[39m[MOCK CourseVectorStore] Initialized with mock data
[90mstdout[2m | src/components/Editor3/components/AudioAnswerMedia.stories.tsx[2m > [22m[2mBy Definition
[22m[39mMock Cache.getItem called with: getCachedUrl_/story-mocks/cinematic-designed-sci-fi-whoosh-transition-nexawave-228295.mp3
[90mstdout[2m | src/components/Editor3/components/AudioAnswerMedia.stories.tsx[2m > [22m[2mBy Definition
[22m[39m[TranslationModeController] Setting mode to: off
[90mstdout[2m | src/components/Editor3/components/AudioAnswerMedia.stories.tsx[2m > [22m[2mBy Definition
[22m[39m[UnitContext] useEffect triggered {
  "authLoading": false,
  "hasUser": true,
  "id": "mock-unit-id",
  "userSub": "mock-user-sub",
}
[90mstdout[2m | src/components/Editor3/components/AudioAnswerMedia.stories.tsx[2m > [22m[2mBy Definition
[22m[39m[UnitContext] Fetching unit data for id: mock-unit-id
[90mstdout[2m | src/components/Editor3/components/AudioAnswerMedia.stories.tsx[2m > [22m[2mBy Definition
[22m[39m[FilesContext] Initializing vector store from IndexedDB
[90mstdout[2m | src/components/Editor3/components/AudioAnswerMedia.stories.tsx[2m > [22m[2mBy Definition
[22m[39m[FilesContext] fetchFiles called
[90mstdout[2m | src/components/Editor3/components/AudioAnswerMedia.stories.tsx[2m > [22m[2mBy Definition
[22m[39m[FilesContext] User authenticated: mock-user-sub
[90mstdout[2m | src/components/Editor3/components/AudioAnswerMedia.stories.tsx[2m > [22m[2mBy Definition
[22m[39m[FilesContext] Identity ID: us-east-1:mock-identity-123
[90mstdout[2m | src/components/Editor3/components/AudioAnswerMedia.stories.tsx[2m > [22m[2mBy Definition
[22m[39m[FilesContext] About to set up File observeQuery
[90mstdout[2m | src/components/Editor3/components/AudioAnswerMedia.stories.tsx[2m > [22m[2mBy Definition
[22m[39m[ChatContext] Setting up AssistantChat observeQuery
[90mstdout[2m | src/components/Editor3/components/AudioAnswerMedia.stories.tsx[2m > [22m[2mBy Definition
[22m[39m[ChatContext] Waiting for subscription to initialize
[90mstdout[2m | src/components/Editor3/components/AudioAnswerMedia.stories.tsx[2m > [22m[2mBy Definition
[22m[39m[SettingsContext] Setting up Settings subscription for user: mock-user-sub
[90mstdout[2m | src/components/Editor3/components/AudioAnswerMedia.stories.tsx[2m > [22m[2mBy Definition
[22m[39mMock getUrl called with: /story-mocks/cinematic-designed-sci-fi-whoosh-transition-nexawave-228295.mp3
[90mstdout[2m | src/components/Editor3/components/AudioAnswerMedia.stories.tsx[2m > [22m[2mBy Definition
[22m[39m[Mock Data] Settings created: mock-settings-1790417627764 - notified 0 subscribers
[90mstdout[2m | src/components/Editor3/components/AudioAnswerMedia.stories.tsx[2m > [22m[2mBy Definition
[22m[39mMock Cache.setItem called with: getCachedUrl_/story-mocks/cinematic-designed-sci-fi-whoosh-transition-nexawave-228295.mp3 /story-mocks/cinematic-designed-sci-fi-whoosh-transition-nexawave-228295.mp3
[90mstdout[2m | src/components/Editor3/components/AudioAnswerMedia.stories.tsx[2m > [22m[2mBy Definition
[22m[39m[Mock Data] Unit.onUpdate() subscription added. Total: 1
[90mstdout[2m | src/components/Editor3/components/AudioAnswerMedia.stories.tsx[2m > [22m[2mBy Definition
[22m[39m[SectionContext] Section observeQuery update: 0
[90mstdout[2m | src/components/Editor3/components/AudioAnswerMedia.stories.tsx[2m > [22m[2mBy Definition
[22m[39m[FilesContext] File observeQuery update: 6 files
[90mstdout[2m | src/components/Editor3/components/AudioAnswerMedia.stories.tsx[2m > [22m[2mBy Definition
[22m[39m[ChatContext] AssistantChat initialized with 1 chats
[90mstdout[2m | src/components/Editor3/components/AudioAnswerMedia.stories.tsx[2m > [22m[2mBy Definition
[22m[39m[ChatContext] Setting initial chat: mock-assistant-chat-1
[90mstdout[2m | src/components/Editor3/components/AudioAnswerMedia.stories.tsx[2m > [22m[2mBy Definition
[22m[39m[MOCK CourseVectorStore] Initialized with mock data
[90mstdout[2m | src/components/Editor3/components/AudioAnswerMedia.stories.tsx[2m > [22m[2mBy Definition
[22m[39m[FilesContext] Vector store population triggered {
  "currentVectorStoreSize": 3,
  "documentsCount": 0,
  "filesCount": 6,
  "isInitialLoad": true,
}
[90mstdout[2m | src/components/Editor3/components/AudioAnswerMedia.stories.tsx[2m > [22m[2mBy Definition
[22m[39m[FilesContext] Vector store population complete - 3 total embeddings
[90mstdout[2m | src/components/Editor3/components/AudioAnswerMedia.stories.tsx[2m > [22m[2mBy Definition
[22m[39m[ChatContext] Chat exists and not archived, skipping creation
[90mstdout[2m | src/components/Editor3/components/AudioAnswerMedia.stories.tsx[2m > [22m[2mBy Definition
[22m[39m[Mock Storage] downloadData called with: undefined
[90mstdout[2m | src/components/Editor3/components/AudioAnswerMedia.stories.tsx[2m > [22m[2mBy Question
[22m[39m[ChatContext] Cleaning up subscriptions
[90mstdout[2m | src/components/Editor3/components/AudioAnswerMedia.stories.tsx[2m > [22m[2mBy Question
[22m[39m[Mock Data] Unit.onUpdate() subscription removed. Remaining: 0
[90mstdout[2m | src/components/Editor3/components/AudioAnswerMedia.stories.tsx[2m > [22m[2mBy Question
[22m[39m[MOCK CourseVectorStore] Initialized with mock data
[90mstdout[2m | src/components/Editor3/components/AudioAnswerMedia.stories.tsx[2m > [22m[2mBy Question
[22m[39mMock Cache.getItem called with: getCachedUrl_/story-mocks/cinematic-designed-sci-fi-whoosh-transition-nexawave-228295.mp3
[90mstdout[2m | src/components/Editor3/components/AudioAnswerMedia.stories.tsx[2m > [22m[2mBy Question
[22m[39m[TranslationModeController] Setting mode to: off
[90mstdout[2m | src/components/Editor3/components/AudioAnswerMedia.stories.tsx[2m > [22m[2mBy Question
[22m[39m[UnitContext] useEffect triggered {
  "authLoading": false,
  "hasUser": true,
  "id": "mock-unit-id",
  "userSub": "mock-user-sub",
}
[90mstdout[2m | src/components/Editor3/components/AudioAnswerMedia.stories.tsx[2m > [22m[2mBy Question
[22m[39m[UnitContext] Fetching unit data for id: mock-unit-id
[90mstdout[2m | src/components/Editor3/components/AudioAnswerMedia.stories.tsx[2m > [22m[2mBy Question
[22m[39m[FilesContext] Initializing vector store from IndexedDB
[90mstdout[2m | src/components/Editor3/components/AudioAnswerMedia.stories.tsx[2m > [22m[2mBy Question
[22m[39m[FilesContext] fetchFiles called
[90mstdout[2m | src/components/Editor3/components/AudioAnswerMedia.stories.tsx[2m > [22m[2mBy Question
[22m[39m[FilesContext] User authenticated: mock-user-sub
[90mstdout[2m | src/components/Editor3/components/AudioAnswerMedia.stories.tsx[2m > [22m[2mBy Question
[22m[39m[FilesContext] Identity ID: us-east-1:mock-identity-123
[90mstdout[2m | src/components/Editor3/components/AudioAnswerMedia.stories.tsx[2m > [22m[2mBy Question
[22m[39m[FilesContext] About to set up File observeQuery
[90mstdout[2m | src/components/Editor3/components/AudioAnswerMedia.stories.tsx[2m > [22m[2mBy Question
[22m[39m[ChatContext] Setting up AssistantChat observeQuery
[90mstdout[2m | src/components/Editor3/components/AudioAnswerMedia.stories.tsx[2m > [22m[2mBy Question
[22m[39m[ChatContext] Waiting for subscription to initialize
[90mstdout[2m | src/components/Editor3/components/AudioAnswerMedia.stories.tsx[2m > [22m[2mBy Question
[22m[39m[SettingsContext] Setting up Settings subscription for user: mock-user-sub
[90mstdout[2m | src/components/Editor3/components/AudioAnswerMedia.stories.tsx[2m > [22m[2mBy Question
[22m[39mMock getUrl called with: /story-mocks/cinematic-designed-sci-fi-whoosh-transition-nexawave-228295.mp3
[90mstdout[2m | src/components/Editor3/components/AudioAnswerMedia.stories.tsx[2m > [22m[2mBy Question
[22m[39m[Mock Data] Settings created: mock-settings-1790417628564 - notified 0 subscribers
[90mstdout[2m | src/components/Editor3/components/AudioAnswerMedia.stories.tsx[2m > [22m[2mBy Question
[22m[39mMock Cache.setItem called with: getCachedUrl_/story-mocks/cinematic-designed-sci-fi-whoosh-transition-nexawave-228295.mp3 /story-mocks/cinematic-designed-sci-fi-whoosh-transition-nexawave-228295.mp3
[90mstdout[2m | src/components/Editor3/components/AudioAnswerMedia.stories.tsx[2m > [22m[2mBy Question
[22m[39m[Mock Data] Unit.onUpdate() subscription added. Total: 1
[90mstdout[2m | src/components/Editor3/components/AudioAnswerMedia.stories.tsx[2m > [22m[2mBy Question
[22m[39m[SectionContext] Section observeQuery update: 0
[90mstdout[2m | src/components/Editor3/components/AudioAnswerMedia.stories.tsx[2m > [22m[2mBy Question
[22m[39m[FilesContext] File observeQuery update: 6 files
[90mstdout[2m | src/components/Editor3/components/AudioAnswerMedia.stories.tsx[2m > [22m[2mBy Question
[22m[39m[ChatContext] AssistantChat initialized with 1 chats
[90mstdout[2m | src/components/Editor3/components/AudioAnswerMedia.stories.tsx[2m > [22m[2mBy Question
[22m[39m[ChatContext] Setting initial chat: mock-assistant-chat-1
[90mstdout[2m | src/components/Editor3/components/AudioAnswerMedia.stories.tsx[2m > [22m[2mBy Question
[22m[39m[MOCK CourseVectorStore] Initialized with mock data
[90mstdout[2m | src/components/Editor3/components/AudioAnswerMedia.stories.tsx[2m > [22m[2mBy Question
[22m[39m[FilesContext] Vector store population triggered {
  "currentVectorStoreSize": 3,
  "documentsCount": 0,
  "filesCount": 6,
  "isInitialLoad": true,
}
[90mstdout[2m | src/components/Editor3/components/AudioAnswerMedia.stories.tsx[2m > [22m[2mBy Question
[22m[39m[FilesContext] Vector store population complete - 3 total embeddings
[90mstdout[2m | src/components/Editor3/components/AudioAnswerMedia.stories.tsx[2m > [22m[2mBy Question
[22m[39m[ChatContext] Chat exists and not archived, skipping creation
[90mstdout[2m | src/components/Editor3/components/AudioAnswerMedia.stories.tsx[2m > [22m[2mBy Question
[22m[39m[Mock Storage] downloadData called with: undefined
[90mstdout[2m | src/components/Editor3/components/AudioAnswerMedia.stories.tsx[2m > [22m[2mBy Answer Graded
[22m[39m[ChatContext] Cleaning up subscriptions
[90mstdout[2m | src/components/Editor3/components/AudioAnswerMedia.stories.tsx[2m > [22m[2mBy Answer Graded
[22m[39m[Mock Data] Unit.onUpdate() subscription removed. Remaining: 0
[90mstdout[2m | src/components/Editor3/components/AudioAnswerMedia.stories.tsx[2m > [22m[2mBy Answer Graded
[22m[39m[MOCK CourseVectorStore] Initialized with mock data
[90mstdout[2m | src/components/Editor3/components/AudioAnswerMedia.stories.tsx[2m > [22m[2mBy Answer Graded
[22m[39mMock Cache.getItem called with: getCachedUrl_/story-mocks/cinematic-designed-sci-fi-whoosh-transition-nexawave-228295.mp3
[90mstdout[2m | src/components/Editor3/components/AudioAnswerMedia.stories.tsx[2m > [22m[2mBy Answer Graded
[22m[39m[TranslationModeController] Setting mode to: off
[90mstdout[2m | src/components/Editor3/components/AudioAnswerMedia.stories.tsx[2m > [22m[2mBy Answer Graded
[22m[39m[UnitContext] useEffect triggered {
  "authLoading": false,
  "hasUser": true,
  "id": "mock-unit-id",
  "userSub": "mock-user-sub",
}
[90mstdout[2m | src/components/Editor3/components/AudioAnswerMedia.stories.tsx[2m > [22m[2mBy Answer Graded
[22m[39m[UnitContext] Fetching unit data for id: mock-unit-id
[90mstdout[2m | src/components/Editor3/components/AudioAnswerMedia.stories.tsx[2m > [22m[2mBy Answer Graded
[22m[39m[FilesContext] Initializing vector store from IndexedDB
[90mstdout[2m | src/components/Editor3/components/AudioAnswerMedia.stories.tsx[2m > [22m[2mBy Answer Graded
[22m[39m[FilesContext] fetchFiles called
[90mstdout[2m | src/components/Editor3/components/AudioAnswerMedia.stories.tsx[2m > [22m[2mBy Answer Graded
[22m[39m[FilesContext] User authenticated: mock-user-sub
[90mstdout[2m | src/components/Editor3/components/AudioAnswerMedia.stories.tsx[2m > [22m[2mBy Answer Graded
[22m[39m[FilesContext] Identity ID: us-east-1:mock-identity-123
[90mstdout[2m | src/components/Editor3/components/AudioAnswerMedia.stories.tsx[2m > [22m[2mBy Answer Graded
[22m[39m[FilesContext] About to set up File observeQuery
[90mstdout[2m | src/components/Editor3/components/AudioAnswerMedia.stories.tsx[2m > [22m[2mBy Answer Graded
[22m[39m[ChatContext] Setting up AssistantChat observeQuery
[90mstdout[2m | src/components/Editor3/components/AudioAnswerMedia.stories.tsx[2m > [22m[2mBy Answer Graded
[22m[39m[ChatContext] Waiting for subscription to initialize
[90mstdout[2m | src/components/Editor3/components/AudioAnswerMedia.stories.tsx[2m > [22m[2mBy Answer Graded
[22m[39m[SettingsContext] Setting up Settings subscription for user: mock-user-sub
[90mstdout[2m | src/components/Editor3/components/AudioAnswerMedia.stories.tsx[2m > [22m[2mBy Answer Graded
[22m[39mMock getUrl called with: /story-mocks/cinematic-designed-sci-fi-whoosh-transition-nexawave-228295.mp3
[90mstdout[2m | src/components/Editor3/components/AudioAnswerMedia.stories.tsx[2m > [22m[2mBy Answer Graded
[22m[39m[Mock Data] Settings created: mock-settings-1790417629652 - notified 0 subscribers
[90mstdout[2m | src/components/Editor3/components/AudioAnswerMedia.stories.tsx[2m > [22m[2mBy Answer Graded
[22m[39mMock Cache.setItem called with: getCachedUrl_/story-mocks/cinematic-designed-sci-fi-whoosh-transition-nexawave-228295.mp3 /story-mocks/cinematic-designed-sci-fi-whoosh-transition-nexawave-228295.mp3
[90mstdout[2m | src/components/Editor3/components/AudioAnswerMedia.stories.tsx[2m > [22m[2mBy Answer Graded
[22m[39m[Mock Data] Unit.onUpdate() subscription added. Total: 1
[90mstdout[2m | src/components/Editor3/components/AudioAnswerMedia.stories.tsx[2m > [22m[2mBy Answer Graded
[22m[39m[SectionContext] Section observeQuery update: 0
[90mstdout[2m | src/components/Editor3/components/AudioAnswerMedia.stories.tsx[2m > [22m[2mBy Answer Graded
[22m[39m[FilesContext] File observeQuery update: 6 files
[90mstdout[2m | src/components/Editor3/components/AudioAnswerMedia.stories.tsx[2m > [22m[2mBy Answer Graded
[22m[39m[ChatContext] AssistantChat initialized with 1 chats
[90mstdout[2m | src/components/Editor3/components/AudioAnswerMedia.stories.tsx[2m > [22m[2mBy Answer Graded
[22m[39m[ChatContext] Setting initial chat: mock-assistant-chat-1
[90mstdout[2m | src/components/Editor3/components/AudioAnswerMedia.stories.tsx[2m > [22m[2mBy Answer Graded
[22m[39m[MOCK CourseVectorStore] Initialized with mock data
[90mstdout[2m | src/components/Editor3/components/AudioAnswerMedia.stories.tsx[2m > [22m[2mBy Answer Graded
[22m[39m[FilesContext] Vector store population triggered {
  "currentVectorStoreSize": 3,
  "documentsCount": 0,
  "filesCount": 6,
  "isInitialLoad": true,
}
[90mstdout[2m | src/components/Editor3/components/AudioAnswerMedia.stories.tsx[2m > [22m[2mBy Answer Graded
[22m[39m[FilesContext] Vector store population complete - 3 total embeddings
[90mstdout[2m | src/components/Editor3/components/AudioAnswerMedia.stories.tsx[2m > [22m[2mBy Answer Graded
[22m[39m[ChatContext] Chat exists and not archived, skipping creation
[90mstdout[2m | src/components/Editor3/components/AudioAnswerMedia.stories.tsx[2m > [22m[2mBy Answer Graded
[22m[39m[Mock Storage] downloadData called with: undefined
[90mstdout[2m | src/components/Editor3/components/AudioAnswerMedia.stories.tsx[2m > [22m[2mImage Output Audio
[22m[39m[ChatContext] Cleaning up subscriptions
[90mstdout[2m | src/components/Editor3/components/AudioAnswerMedia.stories.tsx[2m > [22m[2mImage Output Audio
[22m[39m[Mock Data] Unit.onUpdate() subscription removed. Remaining: 0
[90mstdout[2m | src/components/Editor3/components/AudioAnswerMedia.stories.tsx[2m > [22m[2mImage Output Audio
[22m[39m[MOCK CourseVectorStore] Initialized with mock data
[90mstdout[2m | src/components/Editor3/components/AudioAnswerMedia.stories.tsx[2m > [22m[2mImage Output Audio
[22m[39mMock Cache.getItem called with: getCachedUrl_/story-mocks/animals-10008941_1280.jpg
[90mstdout[2m | src/components/Editor3/components/AudioAnswerMedia.stories.tsx[2m > [22m[2mImage Output Audio
[22m[39m[TranslationModeController] Setting mode to: off
[90mstdout[2m | src/components/Editor3/components/AudioAnswerMedia.stories.tsx[2m > [22m[2mImage Output Audio
[22m[39m[UnitContext] useEffect triggered {
  "authLoading": false,
  "hasUser": true,
  "id": "mock-unit-id",
  "userSub": "mock-user-sub",
}
[90mstdout[2m | src/components/Editor3/components/AudioAnswerMedia.stories.tsx[2m > [22m[2mImage Output Audio
[22m[39m[UnitContext] Fetching unit data for id: mock-unit-id
[90mstdout[2m | src/components/Editor3/components/AudioAnswerMedia.stories.tsx[2m > [22m[2mImage Output Audio
[22m[39m[FilesContext] Initializing vector store from IndexedDB
[90mstdout[2m | src/components/Editor3/components/AudioAnswerMedia.stories.tsx[2m > [22m[2mImage Output Audio
[22m[39m[FilesContext] fetchFiles called
[90mstdout[2m | src/components/Editor3/components/AudioAnswerMedia.stories.tsx[2m > [22m[2mImage Output Audio
[22m[39m[FilesContext] User authenticated: mock-user-sub
[90mstdout[2m | src/components/Editor3/components/AudioAnswerMedia.stories.tsx[2m > [22m[2mImage Output Audio
[22m[39m[FilesContext] Identity ID: us-east-1:mock-identity-123
[90mstdout[2m | src/components/Editor3/components/AudioAnswerMedia.stories.tsx[2m > [22m[2mImage Output Audio
[22m[39m[FilesContext] About to set up File observeQuery
[90mstdout[2m | src/components/Editor3/components/AudioAnswerMedia.stories.tsx[2m > [22m[2mImage Output Audio
[22m[39m[ChatContext] Setting up AssistantChat observeQuery
[90mstdout[2m | src/components/Editor3/components/AudioAnswerMedia.stories.tsx[2m > [22m[2mImage Output Audio
[22m[39m[ChatContext] Waiting for subscription to initialize
[90mstdout[2m | src/components/Editor3/components/AudioAnswerMedia.stories.tsx[2m > [22m[2mImage Output Audio
[22m[39m[SettingsContext] Setting up Settings subscription for user: mock-user-sub
[90mstdout[2m | src/components/Editor3/components/AudioAnswerMedia.stories.tsx[2m > [22m[2mImage Output Audio
[22m[39mMock getUrl called with: /story-mocks/animals-10008941_1280.jpg
[90mstdout[2m | src/components/Editor3/components/AudioAnswerMedia.stories.tsx[2m > [22m[2mImage Output Audio
[22m[39m[Mock Data] Settings created: mock-settings-1790417630468 - notified 0 subscribers
[90mstdout[2m | src/components/Editor3/components/AudioAnswerMedia.stories.tsx[2m > [22m[2mImage Output Audio
[22m[39mMock Cache.setItem called with: getCachedUrl_/story-mocks/animals-10008941_1280.jpg /story-mocks/animals-10008941_1280.jpg
[90mstdout[2m | src/components/Editor3/components/AudioAnswerMedia.stories.tsx[2m > [22m[2mImage Output Audio
[22m[39m[Mock Data] Unit.onUpdate() subscription added. Total: 1
[90mstdout[2m | src/components/Editor3/components/AudioAnswerMedia.stories.tsx[2m > [22m[2mImage Output Audio
[22m[39m[SectionContext] Section observeQuery update: 0
[90mstdout[2m | src/components/Editor3/components/AudioAnswerMedia.stories.tsx[2m > [22m[2mImage Output Audio
[22m[39m[FilesContext] File observeQuery update: 6 files
[90mstdout[2m | src/components/Editor3/components/AudioAnswerMedia.stories.tsx[2m > [22m[2mImage Output Audio
[22m[39m[ChatContext] AssistantChat initialized with 1 chats
[90mstdout[2m | src/components/Editor3/components/AudioAnswerMedia.stories.tsx[2m > [22m[2mImage Output Audio
[22m[39m[ChatContext] Setting initial chat: mock-assistant-chat-1
[90mstdout[2m | src/components/Editor3/components/AudioAnswerMedia.stories.tsx[2m > [22m[2mImage Output Audio
[22m[39m[MOCK CourseVectorStore] Initialized with mock data
[90mstdout[2m | src/components/Editor3/components/AudioAnswerMedia.stories.tsx[2m > [22m[2mImage Output Audio
[22m[39m[FilesContext] Vector store population triggered {
  "currentVectorStoreSize": 3,
  "documentsCount": 0,
  "filesCount": 6,
  "isInitialLoad": true,
}
[90mstdout[2m | src/components/Editor3/components/AudioAnswerMedia.stories.tsx[2m > [22m[2mImage Output Audio
[22m[39m[FilesContext] Vector store population complete - 3 total embeddings
[90mstdout[2m | src/components/Editor3/components/AudioAnswerMedia.stories.tsx[2m > [22m[2mImage Output Audio
[22m[39m[ChatContext] Chat exists and not archived, skipping creation
[90mstdout[2m | src/components/Editor3/components/AudioAnswerMedia.stories.tsx[2m > [22m[2mImage Output Audio
[22m[39m[Mock Storage] downloadData called with: undefined
[90mstdout[2m | src/components/Editor3/components/AudioAnswerMedia.stories.tsx[2m > [22m[2mImage Input Drawing
[22m[39m[ChatContext] Cleaning up subscriptions
[90mstdout[2m | src/components/Editor3/components/AudioAnswerMedia.stories.tsx[2m > [22m[2mImage Input Drawing
[22m[39m[Mock Data] Unit.onUpdate() subscription removed. Remaining: 0
[90mstdout[2m | src/components/Editor3/components/AudioAnswerMedia.stories.tsx[2m > [22m[2mImage Input Drawing
[22m[39m[MOCK CourseVectorStore] Initialized with mock data
[90mstdout[2m | src/components/Editor3/components/AudioAnswerMedia.stories.tsx[2m > [22m[2mImage Input Drawing
[22m[39mMock Cache.getItem called with: getCachedUrl_/story-mocks/animals-10008941_1280.jpg
[90mstdout[2m | src/components/Editor3/components/AudioAnswerMedia.stories.tsx[2m > [22m[2mImage Input Drawing
[22m[39m[TranslationModeController] Setting mode to: off
[90mstdout[2m | src/components/Editor3/components/AudioAnswerMedia.stories.tsx[2m > [22m[2mImage Input Drawing
[22m[39m[UnitContext] useEffect triggered {
  "authLoading": false,
  "hasUser": true,
  "id": "mock-unit-id",
  "userSub": "mock-user-sub",
}
[90mstdout[2m | src/components/Editor3/components/AudioAnswerMedia.stories.tsx[2m > [22m[2mImage Input Drawing
[22m[39m[UnitContext] Fetching unit data for id: mock-unit-id
[90mstdout[2m | src/components/Editor3/components/AudioAnswerMedia.stories.tsx[2m > [22m[2mImage Input Drawing
[22m[39m[FilesContext] Initializing vector store from IndexedDB
[90mstdout[2m | src/components/Editor3/components/AudioAnswerMedia.stories.tsx[2m > [22m[2mImage Input Drawing
[22m[39m[FilesContext] fetchFiles called
[90mstdout[2m | src/components/Editor3/components/AudioAnswerMedia.stories.tsx[2m > [22m[2mImage Input Drawing
[22m[39m[FilesContext] User authenticated: mock-user-sub
[90mstdout[2m | src/components/Editor3/components/AudioAnswerMedia.stories.tsx[2m > [22m[2mImage Input Drawing
[22m[39m[FilesContext] Identity ID: us-east-1:mock-identity-123
[90mstdout[2m | src/components/Editor3/components/AudioAnswerMedia.stories.tsx[2m > [22m[2mImage Input Drawing
[22m[39m[FilesContext] About to set up File observeQuery
[90mstdout[2m | src/components/Editor3/components/AudioAnswerMedia.stories.tsx[2m > [22m[2mImage Input Drawing
[22m[39m[ChatContext] Setting up AssistantChat observeQuery
[90mstdout[2m | src/components/Editor3/components/AudioAnswerMedia.stories.tsx[2m > [22m[2mImage Input Drawing
[22m[39m[ChatContext] Waiting for subscription to initialize
[90mstdout[2m | src/components/Editor3/components/AudioAnswerMedia.stories.tsx[2m > [22m[2mImage Input Drawing
[22m[39m[SettingsContext] Setting up Settings subscription for user: mock-user-sub
[90mstdout[2m | src/components/Editor3/components/AudioAnswerMedia.stories.tsx[2m > [22m[2mImage Input Drawing
[22m[39mMock getUrl called with: /story-mocks/animals-10008941_1280.jpg
[90mstdout[2m | src/components/Editor3/components/AudioAnswerMedia.stories.tsx[2m > [22m[2mImage Input Drawing
[22m[39m[Mock Data] Settings created: mock-settings-1790417630793 - notified 0 subscribers
[90mstdout[2m | src/components/Editor3/components/AudioAnswerMedia.stories.tsx[2m > [22m[2mImage Input Drawing
[22m[39mMock Cache.setItem called with: getCachedUrl_/story-mocks/animals-10008941_1280.jpg /story-mocks/animals-10008941_1280.jpg
[90mstdout[2m | src/components/Editor3/components/AudioAnswerMedia.stories.tsx[2m > [22m[2mImage Input Drawing
[22m[39m[Mock Data] Unit.onUpdate() subscription added. Total: 1
[90mstdout[2m | src/components/Editor3/components/AudioAnswerMedia.stories.tsx[2m > [22m[2mImage Input Drawing
[22m[39m[SectionContext] Section observeQuery update: 0
[90mstdout[2m | src/components/Editor3/components/AudioAnswerMedia.stories.tsx[2m > [22m[2mImage Input Drawing
[22m[39m[FilesContext] File observeQuery update: 6 files
[90mstdout[2m | src/components/Editor3/components/AudioAnswerMedia.stories.tsx[2m > [22m[2mImage Input Drawing
[22m[39m[ChatContext] AssistantChat initialized with 1 chats
[90mstdout[2m | src/components/Editor3/components/AudioAnswerMedia.stories.tsx[2m > [22m[2mImage Input Drawing
[22m[39m[ChatContext] Setting initial chat: mock-assistant-chat-1
[90mstdout[2m | src/components/Editor3/components/AudioAnswerMedia.stories.tsx[2m > [22m[2mImage Input Drawing
[22m[39m[MOCK CourseVectorStore] Initialized with mock data
[90mstdout[2m | src/components/Editor3/components/AudioAnswerMedia.stories.tsx[2m > [22m[2mImage Input Drawing
[22m[39m[FilesContext] Vector store population triggered {
  "currentVectorStoreSize": 3,
  "documentsCount": 0,
  "filesCount": 6,
  "isInitialLoad": true,
}
[90mstdout[2m | src/components/Editor3/components/AudioAnswerMedia.stories.tsx[2m > [22m[2mImage Input Drawing
[22m[39m[FilesContext] Vector store population complete - 3 total embeddings
[90mstdout[2m | src/components/Editor3/components/AudioAnswerMedia.stories.tsx[2m > [22m[2mImage Input Drawing
[22m[39m[ChatContext] Chat exists and not archived, skipping creation
[90mstdout[2m | src/components/Editor3/components/AudioAnswerMedia.stories.tsx[2m > [22m[2mImage Input Drawing
[22m[39m[Mock Storage] downloadData called with: undefined
[90mstdout[2m | src/components/Editor3/components/AudioAnswerMedia.stories.tsx[2m > [22m[2mImage Input Text
[22m[39m[ChatContext] Cleaning up subscriptions
[90mstdout[2m | src/components/Editor3/components/AudioAnswerMedia.stories.tsx[2m > [22m[2mImage Input Text
[22m[39m[Mock Data] Unit.onUpdate() subscription removed. Remaining: 0
[90mstdout[2m | src/components/Editor3/components/AudioAnswerMedia.stories.tsx[2m > [22m[2mImage Input Text
[22m[39m[MOCK CourseVectorStore] Initialized with mock data
[90mstdout[2m | src/components/Editor3/components/AudioAnswerMedia.stories.tsx[2m > [22m[2mImage Input Text
[22m[39mMock Cache.getItem called with: getCachedUrl_/story-mocks/animals-10008941_1280.jpg
[90mstdout[2m | src/components/Editor3/components/AudioAnswerMedia.stories.tsx[2m > [22m[2mImage Input Text
[22m[39m[TranslationModeController] Setting mode to: off
[90mstdout[2m | src/components/Editor3/components/AudioAnswerMedia.stories.tsx[2m > [22m[2mImage Input Text
[22m[39m[UnitContext] useEffect triggered {
  "authLoading": false,
  "hasUser": true,
  "id": "mock-unit-id",
  "userSub": "mock-user-sub",
}
[90mstdout[2m | src/components/Editor3/components/AudioAnswerMedia.stories.tsx[2m > [22m[2mImage Input Text
[22m[39m[UnitContext] Fetching unit data for id: mock-unit-id
[90mstdout[2m | src/components/Editor3/components/AudioAnswerMedia.stories.tsx[2m > [22m[2mImage Input Text
[22m[39m[FilesContext] Initializing vector store from IndexedDB
[90mstdout[2m | src/components/Editor3/components/AudioAnswerMedia.stories.tsx[2m > [22m[2mImage Input Text
[22m[39m[FilesContext] fetchFiles called
[90mstdout[2m | src/components/Editor3/components/AudioAnswerMedia.stories.tsx[2m > [22m[2mImage Input Text
[22m[39m[FilesContext] User authenticated: mock-user-sub
[90mstdout[2m | src/components/Editor3/components/AudioAnswerMedia.stories.tsx[2m > [22m[2mImage Input Text
[22m[39m[FilesContext] Identity ID: us-east-1:mock-identity-123
[90mstdout[2m | src/components/Editor3/components/AudioAnswerMedia.stories.tsx[2m > [22m[2mImage Input Text
[22m[39m[FilesContext] About to set up File observeQuery
[90mstdout[2m | src/components/Editor3/components/AudioAnswerMedia.stories.tsx[2m > [22m[2mImage Input Text
[22m[39m[ChatContext] Setting up AssistantChat observeQuery
[90mstdout[2m | src/components/Editor3/components/AudioAnswerMedia.stories.tsx[2m > [22m[2mImage Input Text
[22m[39m[ChatContext] Waiting for subscription to initialize
[90mstdout[2m | src/components/Editor3/components/AudioAnswerMedia.stories.tsx[2m > [22m[2mImage Input Text
[22m[39m[SettingsContext] Setting up Settings subscription for user: mock-user-sub
[90mstdout[2m | src/components/Editor3/components/AudioAnswerMedia.stories.tsx[2m > [22m[2mImage Input Text
[22m[39mMock getUrl called with: /story-mocks/animals-10008941_1280.jpg
[90mstdout[2m | src/components/Editor3/components/AudioAnswerMedia.stories.tsx[2m > [22m[2mImage Input Text
[22m[39m[Mock Data] Settings created: mock-settings-1790417631040 - notified 0 subscribers
[90mstdout[2m | src/components/Editor3/components/AudioAnswerMedia.stories.tsx[2m > [22m[2mImage Input Text
[22m[39mMock Cache.setItem called with: getCachedUrl_/story-mocks/animals-10008941_1280.jpg /story-mocks/animals-10008941_1280.jpg
[90mstdout[2m | src/components/Editor3/components/AudioAnswerMedia.stories.tsx[2m > [22m[2mImage Input Text
[22m[39m[Mock Data] Unit.onUpdate() subscription added. Total: 1
[90mstdout[2m | src/components/Editor3/components/AudioAnswerMedia.stories.tsx[2m > [22m[2mImage Input Text
[22m[39m[SectionContext] Section observeQuery update: 0
[90mstdout[2m | src/components/Editor3/components/AudioAnswerMedia.stories.tsx[2m > [22m[2mImage Input Text
[22m[39m[FilesContext] File observeQuery update: 6 files
[90mstdout[2m | src/components/Editor3/components/AudioAnswerMedia.stories.tsx[2m > [22m[2mImage Input Text
[22m[39m[ChatContext] AssistantChat initialized with 1 chats
[90mstdout[2m | src/components/Editor3/components/AudioAnswerMedia.stories.tsx[2m > [22m[2mImage Input Text
[22m[39m[ChatContext] Setting initial chat: mock-assistant-chat-1
[90mstdout[2m | src/components/Editor3/components/AudioAnswerMedia.stories.tsx[2m > [22m[2mImage Input Text
[22m[39m[MOCK CourseVectorStore] Initialized with mock data
[90mstdout[2m | src/components/Editor3/components/AudioAnswerMedia.stories.tsx[2m > [22m[2mImage Input Text
[22m[39m[FilesContext] Vector store population triggered {
  "currentVectorStoreSize": 3,
  "documentsCount": 0,
  "filesCount": 6,
  "isInitialLoad": true,
}
[90mstdout[2m | src/components/Editor3/components/AudioAnswerMedia.stories.tsx[2m > [22m[2mImage Input Text
[22m[39m[FilesContext] Vector store population complete - 3 total embeddings
[90mstdout[2m | src/components/Editor3/components/AudioAnswerMedia.stories.tsx[2m > [22m[2mImage Input Text
[22m[39m[ChatContext] Chat exists and not archived, skipping creation
[90mstdout[2m | src/components/Editor3/components/AudioAnswerMedia.stories.tsx[2m > [22m[2mImage Input Text
[22m[39m[Mock Storage] downloadData called with: undefined
 [32m✓[39m [30m[45m storybook (chromium) [49m[39m src/components/Editor3/components/AudioAnswerMedia.stories.tsx [2m([22m[2m7 tests[22m[2m)[22m[33m 5511[2mms[22m[39m
   [33m[2m✓[22m[39m By Word [33m 1407[2mms[22m[39m
   [33m[2m✓[22m[39m By Definition [33m 1217[2mms[22m[39m
   [33m[2m✓[22m[39m By Question [33m 1025[2mms[22m[39m
   [33m[2m✓[22m[39m By Answer Graded [33m 910[2mms[22m[39m
   [33m[2m✓[22m[39m Image Output Audio [33m 449[2mms[22m[39m
[90mstdout[2m | unknown test
[22m[39m[MOCK vectorStoreDB.js] Module loaded - mock IndexedDB operations
[90mstdout[2m | unknown test
[22m[39m[Task Completion] DOM action listeners initialized
[90mstdout[2m | unknown test
[22m[39m[Task Completion] Auto-completion detector initialized
[90mstdout[2m | unknown test
[22m[39m[Preview] Task completion detector initialized
[90mstdout[2m | src/components/Editor3/plugins/CustomAnswerPlugin.stories.jsx[2m > [22m[2mEditable Empty
[22m[39m[Preview] Skipped initializing default mock data (initializeMockData=false)
[90mstdout[2m | src/components/Editor3/plugins/CustomAnswerPlugin.stories.jsx[2m > [22m[2mEditable Empty
[22m[39m[MOCK CourseVectorStore] Initialized with mock data
[90mstdout[2m | src/components/Editor3/plugins/CustomAnswerPlugin.stories.jsx[2m > [22m[2mEditable Empty
[22m[39m[Mock Data] seedMockUnit: Adding unit mock-unit-id
[90mstdout[2m | src/components/Editor3/plugins/CustomAnswerPlugin.stories.jsx[2m > [22m[2mEditable Empty
[22m[39m[TranslationModeController] Setting mode to: off
[90mstdout[2m | src/components/Editor3/plugins/CustomAnswerPlugin.stories.jsx[2m > [22m[2mEditable Empty
[22m[39m[UnitContext] useEffect triggered {
  "authLoading": false,
  "hasUser": true,
  "id": "mock-unit-id",
  "userSub": "mock-user-sub",
}
[90mstdout[2m | src/components/Editor3/plugins/CustomAnswerPlugin.stories.jsx[2m > [22m[2mEditable Empty
[22m[39m[UnitContext] Fetching unit data for id: mock-unit-id
[90mstdout[2m | src/components/Editor3/plugins/CustomAnswerPlugin.stories.jsx[2m > [22m[2mEditable Empty
[22m[39m[FilesContext] Initializing vector store from IndexedDB
[90mstdout[2m | src/components/Editor3/plugins/CustomAnswerPlugin.stories.jsx[2m > [22m[2mEditable Empty
[22m[39m[FilesContext] fetchFiles called
[90mstdout[2m | src/components/Editor3/plugins/CustomAnswerPlugin.stories.jsx[2m > [22m[2mEditable Empty
[22m[39m[FilesContext] User authenticated: mock-user-sub
[90mstdout[2m | src/components/Editor3/plugins/CustomAnswerPlugin.stories.jsx[2m > [22m[2mEditable Empty
[22m[39m[FilesContext] Identity ID: us-east-1:mock-identity-123
[90mstdout[2m | src/components/Editor3/plugins/CustomAnswerPlugin.stories.jsx[2m > [22m[2mEditable Empty
[22m[39m[FilesContext] About to set up File observeQuery
[90mstdout[2m | src/components/Editor3/plugins/CustomAnswerPlugin.stories.jsx[2m > [22m[2mEditable Empty
[22m[39m[ChatContext] Setting up AssistantChat observeQuery
[90mstdout[2m | src/components/Editor3/plugins/CustomAnswerPlugin.stories.jsx[2m > [22m[2mEditable Empty
[22m[39m[ChatContext] Waiting for subscription to initialize
[90mstdout[2m | src/components/Editor3/plugins/CustomAnswerPlugin.stories.jsx[2m > [22m[2mEditable Empty
[22m[39m[SettingsContext] Setting up Settings subscription for user: mock-user-sub
[90mstdout[2m | src/components/Editor3/plugins/CustomAnswerPlugin.stories.jsx[2m > [22m[2mEditable Empty
[22m[39m[Mock Data] Settings created: mock-settings-1790417640528 - notified 0 subscribers
[90mstdout[2m | src/components/Editor3/plugins/CustomAnswerPlugin.stories.jsx[2m > [22m[2mEditable Empty
[22m[39m[Mock Data] Unit.onUpdate() subscription added. Total: 1
[90mstdout[2m | src/components/Editor3/plugins/CustomAnswerPlugin.stories.jsx[2m > [22m[2mEditable Empty
[22m[39m[SectionContext] Section observeQuery update: 0
[90mstdout[2m | src/components/Editor3/plugins/CustomAnswerPlugin.stories.jsx[2m > [22m[2mEditable Empty
[22m[39m[FilesContext] File observeQuery update: 0 files
[90mstdout[2m | src/components/Editor3/plugins/CustomAnswerPlugin.stories.jsx[2m > [22m[2mEditable Empty
[22m[39m[ChatContext] AssistantChat initialized with 0 chats
[90mstdout[2m | src/components/Editor3/plugins/CustomAnswerPlugin.stories.jsx[2m > [22m[2mEditable Empty
[22m[39m[MOCK CourseVectorStore] Initialized with mock data
[90mstdout[2m | src/components/Editor3/plugins/CustomAnswerPlugin.stories.jsx[2m > [22m[2mEditable Empty
[22m[39m[ChatContext] No current chat available, will create one
[90mstdout[2m | src/components/Editor3/plugins/CustomAnswerPlugin.stories.jsx[2m > [22m[2mEditable Empty
[22m[39m[ChatContext] Creating AssistantChat with user: undefined
[90mstdout[2m | src/components/Editor3/plugins/CustomAnswerPlugin.stories.jsx[2m > [22m[2mEditable Empty
[22m[39m[Mock Data] AssistantChat created: mock-assistantchat-1790417640545 - notified 1 subscribers
[90mstdout[2m | src/components/Editor3/plugins/CustomAnswerPlugin.stories.jsx[2m > [22m[2mEditable Empty
[22m[39m[ChatContext] Create result: {
  "data": {
    "_version": 1,
    "archived": false,
    "chatFiles": [Function anonymous],
    "createdAt": "2026-09-26T10:14:00.545Z",
    "id": "mock-assistantchat-1790417640545",
    "model": "gpt-4",
    "updatedAt": "2026-09-26T10:14:00.545Z",
  },
  "errors": [],
  "hasData": true,
  "hasErrors": true,
}
[90mstdout[2m | src/components/Editor3/plugins/CustomAnswerPlugin.stories.jsx[2m > [22m[2mEditable Empty
[22m[39m[ChatContext] Created AssistantChat: mock-assistantchat-1790417640545 at: 2026-09-26T10:14:00.545Z
[90mstdout[2m | src/components/Editor3/plugins/CustomAnswerPlugin.stories.jsx[2m > [22m[2mEditable Empty
[22m[39m[Mock Storage] downloadData called with: undefined
[90mstdout[2m | src/components/Editor3/plugins/CustomAnswerPlugin.stories.jsx[2m > [22m[2mEditable Empty
[22m[39m[ChatContext] Setting initial chat: mock-assistantchat-1790417640545
[90mstdout[2m | src/components/Editor3/plugins/CustomAnswerPlugin.stories.jsx[2m > [22m[2mEditable Empty
[22m[39m[ChatContext] Chat exists and not archived, skipping creation
[90mstdout[2m | src/components/Editor3/plugins/CustomAnswerPlugin.stories.jsx[2m > [22m[2mEditable With Custom Answer
[22m[39m[ChatContext] Cleaning up subscriptions
[90mstdout[2m | src/components/Editor3/plugins/CustomAnswerPlugin.stories.jsx[2m > [22m[2mEditable With Custom Answer
[22m[39m[Mock Data] Unit.onUpdate() subscription removed. Remaining: 0
[90mstdout[2m | src/components/Editor3/plugins/CustomAnswerPlugin.stories.jsx[2m > [22m[2mEditable With Custom Answer
[22m[39m[Preview] Skipped initializing default mock data (initializeMockData=false)
[90mstdout[2m | src/components/Editor3/plugins/CustomAnswerPlugin.stories.jsx[2m > [22m[2mEditable With Custom Answer
[22m[39m[MOCK CourseVectorStore] Initialized with mock data
[90mstdout[2m | src/components/Editor3/plugins/CustomAnswerPlugin.stories.jsx[2m > [22m[2mEditable With Custom Answer
[22m[39m[Mock Data] seedMockUnit: Adding unit mock-unit-id
[90mstdout[2m | src/components/Editor3/plugins/CustomAnswerPlugin.stories.jsx[2m > [22m[2mEditable With Custom Answer
[22m[39m[TranslationModeController] Setting mode to: off
[90mstdout[2m | src/components/Editor3/plugins/CustomAnswerPlugin.stories.jsx[2m > [22m[2mEditable With Custom Answer
[22m[39m[UnitContext] useEffect triggered {
  "authLoading": false,
  "hasUser": true,
  "id": "mock-unit-id",
  "userSub": "mock-user-sub",
}
[90mstdout[2m | src/components/Editor3/plugins/CustomAnswerPlugin.stories.jsx[2m > [22m[2mEditable With Custom Answer
[22m[39m[UnitContext] Fetching unit data for id: mock-unit-id
[90mstdout[2m | src/components/Editor3/plugins/CustomAnswerPlugin.stories.jsx[2m > [22m[2mEditable With Custom Answer
[22m[39m[FilesContext] Initializing vector store from IndexedDB
[90mstdout[2m | src/components/Editor3/plugins/CustomAnswerPlugin.stories.jsx[2m > [22m[2mEditable With Custom Answer
[22m[39m[FilesContext] fetchFiles called
[90mstdout[2m | src/components/Editor3/plugins/CustomAnswerPlugin.stories.jsx[2m > [22m[2mEditable With Custom Answer
[22m[39m[FilesContext] User authenticated: mock-user-sub
[90mstdout[2m | src/components/Editor3/plugins/CustomAnswerPlugin.stories.jsx[2m > [22m[2mEditable With Custom Answer
[22m[39m[FilesContext] Identity ID: us-east-1:mock-identity-123
[90mstdout[2m | src/components/Editor3/plugins/CustomAnswerPlugin.stories.jsx[2m > [22m[2mEditable With Custom Answer
[22m[39m[FilesContext] About to set up File observeQuery
[90mstdout[2m | src/components/Editor3/plugins/CustomAnswerPlugin.stories.jsx[2m > [22m[2mEditable With Custom Answer
[22m[39m[ChatContext] Setting up AssistantChat observeQuery
[90mstdout[2m | src/components/Editor3/plugins/CustomAnswerPlugin.stories.jsx[2m > [22m[2mEditable With Custom Answer
[22m[39m[ChatContext] Waiting for subscription to initialize
[90mstdout[2m | src/components/Editor3/plugins/CustomAnswerPlugin.stories.jsx[2m > [22m[2mEditable With Custom Answer
[22m[39m[SettingsContext] Setting up Settings subscription for user: mock-user-sub
[90mstdout[2m | src/components/Editor3/plugins/CustomAnswerPlugin.stories.jsx[2m > [22m[2mEditable With Custom Answer
[22m[39m[Mock Data] Settings created: mock-settings-1790417640792 - notified 0 subscribers
[90mstdout[2m | src/components/Editor3/plugins/CustomAnswerPlugin.stories.jsx[2m > [22m[2mEditable With Custom Answer
[22m[39m[Mock Data] Unit.onUpdate() subscription added. Total: 1
[90mstdout[2m | src/components/Editor3/plugins/CustomAnswerPlugin.stories.jsx[2m > [22m[2mEditable With Custom Answer
[22m[39m[SectionContext] Section observeQuery update: 0
[90mstdout[2m | src/components/Editor3/plugins/CustomAnswerPlugin.stories.jsx[2m > [22m[2mEditable With Custom Answer
[22m[39m[FilesContext] File observeQuery update: 0 files
[90mstdout[2m | src/components/Editor3/plugins/CustomAnswerPlugin.stories.jsx[2m > [22m[2mEditable With Custom Answer
[22m[39m[ChatContext] AssistantChat initialized with 0 chats
[90mstdout[2m | src/components/Editor3/plugins/CustomAnswerPlugin.stories.jsx[2m > [22m[2mEditable With Custom Answer
[22m[39m[MOCK CourseVectorStore] Initialized with mock data
[90mstdout[2m | src/components/Editor3/plugins/CustomAnswerPlugin.stories.jsx[2m > [22m[2mEditable With Custom Answer
[22m[39m[ChatContext] No current chat available, will create one
[90mstdout[2m | src/components/Editor3/plugins/CustomAnswerPlugin.stories.jsx[2m > [22m[2mEditable With Custom Answer
[22m[39m[ChatContext] Creating AssistantChat with user: undefined
[90mstdout[2m | src/components/Editor3/plugins/CustomAnswerPlugin.stories.jsx[2m > [22m[2mEditable With Custom Answer
[22m[39m[Mock Data] AssistantChat created: mock-assistantchat-1790417640834 - notified 1 subscribers
[90mstdout[2m | src/components/Editor3/plugins/CustomAnswerPlugin.stories.jsx[2m > [22m[2mEditable With Custom Answer
[22m[39m[ChatContext] Create result: {
  "data": {
    "_version": 1,
    "archived": false,
    "chatFiles": [Function anonymous],
    "createdAt": "2026-09-26T10:14:00.834Z",
    "id": "mock-assistantchat-1790417640834",
    "model": "gpt-4",
    "updatedAt": "2026-09-26T10:14:00.834Z",
  },
  "errors": [],
  "hasData": true,
  "hasErrors": true,
}
[90mstdout[2m | src/components/Editor3/plugins/CustomAnswerPlugin.stories.jsx[2m > [22m[2mEditable With Custom Answer
[22m[39m[ChatContext] Created AssistantChat: mock-assistantchat-1790417640834 at: 2026-09-26T10:14:00.834Z
[90mstdout[2m | src/components/Editor3/plugins/CustomAnswerPlugin.stories.jsx[2m > [22m[2mEditable With Custom Answer
[22m[39m[Mock Storage] downloadData called with: undefined
[90mstdout[2m | src/components/Editor3/plugins/CustomAnswerPlugin.stories.jsx[2m > [22m[2mEditable With Custom Answer
[22m[39m[ChatContext] Setting initial chat: mock-assistantchat-1790417640834
[90mstdout[2m | src/components/Editor3/plugins/CustomAnswerPlugin.stories.jsx[2m > [22m[2mEditable With Custom Answer
[22m[39m[ChatContext] Chat exists and not archived, skipping creation
[90mstdout[2m | src/components/Editor3/plugins/CustomAnswerPlugin.stories.jsx[2m > [22m[2mRead Only With Custom Answer
[22m[39m[ChatContext] Cleaning up subscriptions
[90mstdout[2m | src/components/Editor3/plugins/CustomAnswerPlugin.stories.jsx[2m > [22m[2mRead Only With Custom Answer
[22m[39m[Mock Data] Unit.onUpdate() subscription removed. Remaining: 0
[90mstdout[2m | src/components/Editor3/plugins/CustomAnswerPlugin.stories.jsx[2m > [22m[2mRead Only With Custom Answer
[22m[39m[Preview] Skipped initializing default mock data (initializeMockData=false)
[90mstdout[2m | src/components/Editor3/plugins/CustomAnswerPlugin.stories.jsx[2m > [22m[2mRead Only With Custom Answer
[22m[39m[MOCK CourseVectorStore] Initialized with mock data
[90mstdout[2m | src/components/Editor3/plugins/CustomAnswerPlugin.stories.jsx[2m > [22m[2mRead Only With Custom Answer
[22m[39m[Mock Data] seedMockUnit: Adding unit mock-unit-id
[90mstdout[2m | src/components/Editor3/plugins/CustomAnswerPlugin.stories.jsx[2m > [22m[2mRead Only With Custom Answer
[22m[39m[TranslationModeController] Setting mode to: off
[90mstdout[2m | src/components/Editor3/plugins/CustomAnswerPlugin.stories.jsx[2m > [22m[2mRead Only With Custom Answer
[22m[39m[UnitContext] useEffect triggered {
  "authLoading": false,
  "hasUser": true,
  "id": "mock-unit-id",
  "userSub": "mock-user-sub",
}
[90mstdout[2m | src/components/Editor3/plugins/CustomAnswerPlugin.stories.jsx[2m > [22m[2mRead Only With Custom Answer
[22m[39m[UnitContext] Fetching unit data for id: mock-unit-id
[90mstdout[2m | src/components/Editor3/plugins/CustomAnswerPlugin.stories.jsx[2m > [22m[2mRead Only With Custom Answer
[22m[39m[FilesContext] Initializing vector store from IndexedDB
[90mstdout[2m | src/components/Editor3/plugins/CustomAnswerPlugin.stories.jsx[2m > [22m[2mRead Only With Custom Answer
[22m[39m[FilesContext] fetchFiles called
[90mstdout[2m | src/components/Editor3/plugins/CustomAnswerPlugin.stories.jsx[2m > [22m[2mRead Only With Custom Answer
[22m[39m[FilesContext] User authenticated: mock-user-sub
[90mstdout[2m | src/components/Editor3/plugins/CustomAnswerPlugin.stories.jsx[2m > [22m[2mRead Only With Custom Answer
[22m[39m[FilesContext] Identity ID: us-east-1:mock-identity-123
[90mstdout[2m | src/components/Editor3/plugins/CustomAnswerPlugin.stories.jsx[2m > [22m[2mRead Only With Custom Answer
[22m[39m[FilesContext] About to set up File observeQuery
[90mstdout[2m | src/components/Editor3/plugins/CustomAnswerPlugin.stories.jsx[2m > [22m[2mRead Only With Custom Answer
[22m[39m[ChatContext] Setting up AssistantChat observeQuery
[90mstdout[2m | src/components/Editor3/plugins/CustomAnswerPlugin.stories.jsx[2m > [22m[2mRead Only With Custom Answer
[22m[39m[ChatContext] Waiting for subscription to initialize
[90mstdout[2m | src/components/Editor3/plugins/CustomAnswerPlugin.stories.jsx[2m > [22m[2mRead Only With Custom Answer
[22m[39m[SettingsContext] Setting up Settings subscription for user: mock-user-sub
[90mstdout[2m | src/components/Editor3/plugins/CustomAnswerPlugin.stories.jsx[2m > [22m[2mRead Only With Custom Answer
[22m[39mCustomAnswerComponent.questionID question-1
[90mstdout[2m | src/components/Editor3/plugins/CustomAnswerPlugin.stories.jsx[2m > [22m[2mRead Only With Custom Answer
[22m[39mCustomAnswerComponent.questionBank []
[90mstdout[2m | src/components/Editor3/plugins/CustomAnswerPlugin.stories.jsx[2m > [22m[2mRead Only With Custom Answer
[22m[39mCustomAnswerComponent.question {}
[90mstdout[2m | src/components/Editor3/plugins/CustomAnswerPlugin.stories.jsx[2m > [22m[2mRead Only With Custom Answer
[22m[39mCustomAnswerComponent.question {}
[90mstdout[2m | src/components/Editor3/plugins/CustomAnswerPlugin.stories.jsx[2m > [22m[2mRead Only With Custom Answer
[22m[39mCustomAnswerComponent.prompt undefined
[90mstdout[2m | src/components/Editor3/plugins/CustomAnswerPlugin.stories.jsx[2m > [22m[2mRead Only With Custom Answer
[22m[39mCustomAnswerComponent.feedback[questionID] undefined
[90mstdout[2m | src/components/Editor3/plugins/CustomAnswerPlugin.stories.jsx[2m > [22m[2mRead Only With Custom Answer
[22m[39mCustomAnswerComponent.isCompleted undefined
[90mstdout[2m | src/components/Editor3/plugins/CustomAnswerPlugin.stories.jsx[2m > [22m[2mRead Only With Custom Answer
[22m[39mCustomAnswerComponent.currentPromptMethod text
[90mstdout[2m | src/components/Editor3/plugins/CustomAnswerPlugin.stories.jsx[2m > [22m[2mRead Only With Custom Answer
[22m[39mCustomAnswerComponent.displayPrompt undefined
[90mstdout[2m | src/components/Editor3/plugins/CustomAnswerPlugin.stories.jsx[2m > [22m[2mRead Only With Custom Answer
[22m[39mCustomAnswerComponent.questionID question-2
[90mstdout[2m | src/components/Editor3/plugins/CustomAnswerPlugin.stories.jsx[2m > [22m[2mRead Only With Custom Answer
[22m[39mCustomAnswerComponent.questionBank []
[90mstdout[2m | src/components/Editor3/plugins/CustomAnswerPlugin.stories.jsx[2m > [22m[2mRead Only With Custom Answer
[22m[39mCustomAnswerComponent.question {}
[90mstdout[2m | src/components/Editor3/plugins/CustomAnswerPlugin.stories.jsx[2m > [22m[2mRead Only With Custom Answer
[22m[39mCustomAnswerComponent.question {}
[90mstdout[2m | src/components/Editor3/plugins/CustomAnswerPlugin.stories.jsx[2m > [22m[2mRead Only With Custom Answer
[22m[39mCustomAnswerComponent.prompt undefined
[90mstdout[2m | src/components/Editor3/plugins/CustomAnswerPlugin.stories.jsx[2m > [22m[2mRead Only With Custom Answer
[22m[39mCustomAnswerComponent.feedback[questionID] undefined
[90mstdout[2m | src/components/Editor3/plugins/CustomAnswerPlugin.stories.jsx[2m > [22m[2mRead Only With Custom Answer
[22m[39mCustomAnswerComponent.isCompleted undefined
[90mstdout[2m | src/components/Editor3/plugins/CustomAnswerPlugin.stories.jsx[2m > [22m[2mRead Only With Custom Answer
[22m[39mCustomAnswerComponent.currentPromptMethod text
[90mstdout[2m | src/components/Editor3/plugins/CustomAnswerPlugin.stories.jsx[2m > [22m[2mRead Only With Custom Answer
[22m[39mCustomAnswerComponent.displayPrompt undefined
[90mstdout[2m | src/components/Editor3/plugins/CustomAnswerPlugin.stories.jsx[2m > [22m[2mRead Only With Custom Answer
[22m[39mallowedInput [
  "text",
  "audio",
]
[90mstdout[2m | src/components/Editor3/plugins/CustomAnswerPlugin.stories.jsx[2m > [22m[2mRead Only With Custom Answer
[22m[39mpromptMethod [
  "text",
]
[90mstdout[2m | src/components/Editor3/plugins/CustomAnswerPlugin.stories.jsx[2m > [22m[2mRead Only With Custom Answer
[22m[39mAnswerComponent.currentPromptMethod text
[90mstdout[2m | src/components/Editor3/plugins/CustomAnswerPlugin.stories.jsx[2m > [22m[2mRead Only With Custom Answer
[22m[39mAnswerComponent.promptMethod [
  "text",
]
[90mstdout[2m | src/components/Editor3/plugins/CustomAnswerPlugin.stories.jsx[2m > [22m[2mRead Only With Custom Answer
[22m[39mallowedInput [
  "text",
  "audio",
]
[90mstdout[2m | src/components/Editor3/plugins/CustomAnswerPlugin.stories.jsx[2m > [22m[2mRead Only With Custom Answer
[22m[39mpromptMethod [
  "text",
]
[90mstdout[2m | src/components/Editor3/plugins/CustomAnswerPlugin.stories.jsx[2m > [22m[2mRead Only With Custom Answer
[22m[39mAnswerComponent.currentPromptMethod text
[90mstdout[2m | src/components/Editor3/plugins/CustomAnswerPlugin.stories.jsx[2m > [22m[2mRead Only With Custom Answer
[22m[39m[Mock Data] Settings created: mock-settings-1790417641137 - notified 0 subscribers
[90mstdout[2m | src/components/Editor3/plugins/CustomAnswerPlugin.stories.jsx[2m > [22m[2mRead Only With Custom Answer
[22m[39m[Mock Data] Unit.onUpdate() subscription added. Total: 1
[90mstdout[2m | src/components/Editor3/plugins/CustomAnswerPlugin.stories.jsx[2m > [22m[2mRead Only With Custom Answer
[22m[39mCustomAnswerComponent.questionID question-1
[90mstdout[2m | src/components/Editor3/plugins/CustomAnswerPlugin.stories.jsx[2m > [22m[2mRead Only With Custom Answer
[22m[39mCustomAnswerComponent.questionBank []
[90mstdout[2m | src/components/Editor3/plugins/CustomAnswerPlugin.stories.jsx[2m > [22m[2mRead Only With Custom Answer
[22m[39mCustomAnswerComponent.question {}
[90mstdout[2m | src/components/Editor3/plugins/CustomAnswerPlugin.stories.jsx[2m > [22m[2mRead Only With Custom Answer
[22m[39mCustomAnswerComponent.question {}
[90mstdout[2m | src/components/Editor3/plugins/CustomAnswerPlugin.stories.jsx[2m > [22m[2mRead Only With Custom Answer
[22m[39mCustomAnswerComponent.prompt undefined
[90mstdout[2m | src/components/Editor3/plugins/CustomAnswerPlugin.stories.jsx[2m > [22m[2mRead Only With Custom Answer
[22m[39mCustomAnswerComponent.feedback[questionID] undefined
[90mstdout[2m | src/components/Editor3/plugins/CustomAnswerPlugin.stories.jsx[2m > [22m[2mRead Only With Custom Answer
[22m[39mCustomAnswerComponent.isCompleted undefined
[90mstdout[2m | src/components/Editor3/plugins/CustomAnswerPlugin.stories.jsx[2m > [22m[2mRead Only With Custom Answer
[22m[39mCustomAnswerComponent.currentPromptMethod text
[90mstdout[2m | src/components/Editor3/plugins/CustomAnswerPlugin.stories.jsx[2m > [22m[2mRead Only With Custom Answer
[22m[39mCustomAnswerComponent.displayPrompt undefined
[90mstdout[2m | src/components/Editor3/plugins/CustomAnswerPlugin.stories.jsx[2m > [22m[2mRead Only With Custom Answer
[22m[39mCustomAnswerComponent.questionID question-2
[90mstdout[2m | src/components/Editor3/plugins/CustomAnswerPlugin.stories.jsx[2m > [22m[2mRead Only With Custom Answer
[22m[39mCustomAnswerComponent.questionBank []
[90mstdout[2m | src/components/Editor3/plugins/CustomAnswerPlugin.stories.jsx[2m > [22m[2mRead Only With Custom Answer
[22m[39mCustomAnswerComponent.question {}
[90mstdout[2m | src/components/Editor3/plugins/CustomAnswerPlugin.stories.jsx[2m > [22m[2mRead Only With Custom Answer
[22m[39mCustomAnswerComponent.question {}
[90mstdout[2m | src/components/Editor3/plugins/CustomAnswerPlugin.stories.jsx[2m > [22m[2mRead Only With Custom Answer
[22m[39mCustomAnswerComponent.prompt undefined
[90mstdout[2m | src/components/Editor3/plugins/CustomAnswerPlugin.stories.jsx[2m > [22m[2mRead Only With Custom Answer
[22m[39mCustomAnswerComponent.feedback[questionID] undefined
[90mstdout[2m | src/components/Editor3/plugins/CustomAnswerPlugin.stories.jsx[2m > [22m[2mRead Only With Custom Answer
[22m[39mCustomAnswerComponent.isCompleted undefined
[90mstdout[2m | src/components/Editor3/plugins/CustomAnswerPlugin.stories.jsx[2m > [22m[2mRead Only With Custom Answer
[22m[39mCustomAnswerComponent.currentPromptMethod text
[90mstdout[2m | src/components/Editor3/plugins/CustomAnswerPlugin.stories.jsx[2m > [22m[2mRead Only With Custom Answer
[22m[39mCustomAnswerComponent.displayPrompt undefined
[90mstdout[2m | src/components/Editor3/plugins/CustomAnswerPlugin.stories.jsx[2m > [22m[2mRead Only With Custom Answer
[22m[39m[SectionContext] Section observeQuery update: 0
[90mstdout[2m | src/components/Editor3/plugins/CustomAnswerPlugin.stories.jsx[2m > [22m[2mRead Only With Custom Answer
[22m[39m[FilesContext] File observeQuery update: 0 files
[90mstdout[2m | src/components/Editor3/plugins/CustomAnswerPlugin.stories.jsx[2m > [22m[2mRead Only With Custom Answer
[22m[39m[ChatContext] AssistantChat initialized with 0 chats
[90mstdout[2m | src/components/Editor3/plugins/CustomAnswerPlugin.stories.jsx[2m > [22m[2mRead Only With Custom Answer
[22m[39m[MOCK CourseVectorStore] Initialized with mock data
[90mstdout[2m | src/components/Editor3/plugins/CustomAnswerPlugin.stories.jsx[2m > [22m[2mRead Only With Custom Answer
[22m[39mCustomAnswerComponent.questionID question-1
[90mstdout[2m | src/components/Editor3/plugins/CustomAnswerPlugin.stories.jsx[2m > [22m[2mRead Only With Custom Answer
[22m[39mCustomAnswerComponent.questionBank {}
[90mstdout[2m | src/components/Editor3/plugins/CustomAnswerPlugin.stories.jsx[2m > [22m[2mRead Only With Custom Answer
[22m[39mCustomAnswerComponent.question {}
[90mstdout[2m | src/components/Editor3/plugins/CustomAnswerPlugin.stories.jsx[2m > [22m[2mRead Only With Custom Answer
[22m[39mCustomAnswerComponent.question {}
[90mstdout[2m | src/components/Editor3/plugins/CustomAnswerPlugin.stories.jsx[2m > [22m[2mRead Only With Custom Answer
[22m[39mCustomAnswerComponent.prompt undefined
[90mstdout[2m | src/components/Editor3/plugins/CustomAnswerPlugin.stories.jsx[2m > [22m[2mRead Only With Custom Answer
[22m[39mCustomAnswerComponent.feedback[questionID] undefined
[90mstdout[2m | src/components/Editor3/plugins/CustomAnswerPlugin.stories.jsx[2m > [22m[2mRead Only With Custom Answer
[22m[39mCustomAnswerComponent.isCompleted undefined
[90mstdout[2m | src/components/Editor3/plugins/CustomAnswerPlugin.stories.jsx[2m > [22m[2mRead Only With Custom Answer
[22m[39mCustomAnswerComponent.currentPromptMethod text
[90mstdout[2m | src/components/Editor3/plugins/CustomAnswerPlugin.stories.jsx[2m > [22m[2mRead Only With Custom Answer
[22m[39mCustomAnswerComponent.displayPrompt undefined
[90mstdout[2m | src/components/Editor3/plugins/CustomAnswerPlugin.stories.jsx[2m > [22m[2mRead Only With Custom Answer
[22m[39mCustomAnswerComponent.questionID question-2
[90mstdout[2m | src/components/Editor3/plugins/CustomAnswerPlugin.stories.jsx[2m > [22m[2mRead Only With Custom Answer
[22m[39mCustomAnswerComponent.questionBank {}
[90mstdout[2m | src/components/Editor3/plugins/CustomAnswerPlugin.stories.jsx[2m > [22m[2mRead Only With Custom Answer
[22m[39mCustomAnswerComponent.question {}
[90mstdout[2m | src/components/Editor3/plugins/CustomAnswerPlugin.stories.jsx[2m > [22m[2mRead Only With Custom Answer
[22m[39mCustomAnswerComponent.question {}
[90mstdout[2m | src/components/Editor3/plugins/CustomAnswerPlugin.stories.jsx[2m > [22m[2mRead Only With Custom Answer
[22m[39mCustomAnswerComponent.prompt undefined
[90mstdout[2m | src/components/Editor3/plugins/CustomAnswerPlugin.stories.jsx[2m > [22m[2mRead Only With Custom Answer
[22m[39mCustomAnswerComponent.feedback[questionID] undefined
[90mstdout[2m | src/components/Editor3/plugins/CustomAnswerPlugin.stories.jsx[2m > [22m[2mRead Only With Custom Answer
[22m[39mCustomAnswerComponent.isCompleted undefined
[90mstdout[2m | src/components/Editor3/plugins/CustomAnswerPlugin.stories.jsx[2m > [22m[2mRead Only With Custom Answer
[22m[39mCustomAnswerComponent.currentPromptMethod text
[90mstdout[2m | src/components/Editor3/plugins/CustomAnswerPlugin.stories.jsx[2m > [22m[2mRead Only With Custom Answer
[22m[39mCustomAnswerComponent.displayPrompt undefined
[90mstdout[2m | src/components/Editor3/plugins/CustomAnswerPlugin.stories.jsx[2m > [22m[2mRead Only With Custom Answer
[22m[39m[ChatContext] No current chat available, will create one
[90mstdout[2m | src/components/Editor3/plugins/CustomAnswerPlugin.stories.jsx[2m > [22m[2mRead Only With Custom Answer
[22m[39m[ChatContext] Creating AssistantChat with user: undefined
[90mstdout[2m | src/components/Editor3/plugins/CustomAnswerPlugin.stories.jsx[2m > [22m[2mRead Only With Custom Answer
[22m[39m[Mock Data] AssistantChat created: mock-assistantchat-1790417641200 - notified 1 subscribers
[90mstdout[2m | src/components/Editor3/plugins/CustomAnswerPlugin.stories.jsx[2m > [22m[2mRead Only With Custom Answer
[22m[39m[ChatContext] Create result: {
  "data": {
    "_version": 1,
    "archived": false,
    "chatFiles": [Function anonymous],
    "createdAt": "2026-09-26T10:14:01.200Z",
    "id": "mock-assistantchat-1790417641200",
    "model": "gpt-4",
    "updatedAt": "2026-09-26T10:14:01.200Z",
  },
  "errors": [],
  "hasData": true,
  "hasErrors": true,
}
[90mstdout[2m | src/components/Editor3/plugins/CustomAnswerPlugin.stories.jsx[2m > [22m[2mRead Only With Custom Answer
[22m[39m[ChatContext] Created AssistantChat: mock-assistantchat-1790417641200 at: 2026-09-26T10:14:01.200Z
[90mstdout[2m | src/components/Editor3/plugins/CustomAnswerPlugin.stories.jsx[2m > [22m[2mRead Only With Custom Answer
[22m[39m[Mock Storage] downloadData called with: undefined
[90mstdout[2m | src/components/Editor3/plugins/CustomAnswerPlugin.stories.jsx[2m > [22m[2mRead Only With Custom Answer
[22m[39m[ChatContext] Setting initial chat: mock-assistantchat-1790417641200
[90mstdout[2m | src/components/Editor3/plugins/CustomAnswerPlugin.stories.jsx[2m > [22m[2mRead Only With Custom Answer
[22m[39m[ChatContext] Chat exists and not archived, skipping creation
 [32m✓[39m [30m[45m storybook (chromium) [49m[39m src/components/Editor3/plugins/CustomAnswerPlugin.stories.jsx [2m([22m[2m3 tests[22m[2m)[22m[33m 901[2mms[22m[39m
   [33m[2m✓[22m[39m Editable With Custom Answer [33m 309[2mms[22m[39m
   [33m[2m✓[22m[39m Read Only With Custom Answer [33m 333[2mms[22m[39m
[90mstdout[2m | unknown test
[22m[39m[MOCK vectorStoreDB.js] Module loaded - mock IndexedDB operations
[90mstdout[2m | unknown test
[22m[39m[Task Completion] DOM action listeners initialized
[90mstdout[2m | unknown test
[22m[39m[Task Completion] Auto-completion detector initialized
[90mstdout[2m | unknown test
[22m[39m[Preview] Task completion detector initialized
[90mstdout[2m | src/components/DebugPanel/LogViewer.stories.tsx[2m > [22m[2mDefault
[22m[39m[MOCK CourseVectorStore] Initialized with mock data
[90mstdout[2m | src/components/DebugPanel/LogViewer.stories.tsx[2m > [22m[2mDefault
[22m[39m[TranslationModeController] Setting mode to: off
[90mstdout[2m | src/components/DebugPanel/LogViewer.stories.tsx[2m > [22m[2mDefault
[22m[39m[UnitContext] useEffect triggered {
  "authLoading": false,
  "hasUser": true,
  "id": "mock-unit-id",
  "userSub": "mock-user-sub",
}
[90mstdout[2m | src/components/DebugPanel/LogViewer.stories.tsx[2m > [22m[2mDefault
[22m[39m[UnitContext] Fetching unit data for id: mock-unit-id
[90mstdout[2m | src/components/DebugPanel/LogViewer.stories.tsx[2m > [22m[2mDefault
[22m[39m[FilesContext] Initializing vector store from IndexedDB
[90mstdout[2m | src/components/DebugPanel/LogViewer.stories.tsx[2m > [22m[2mDefault
[22m[39m[FilesContext] fetchFiles called
[90mstdout[2m | src/components/DebugPanel/LogViewer.stories.tsx[2m > [22m[2mDefault
[22m[39m[FilesContext] User authenticated: mock-user-sub
[90mstdout[2m | src/components/DebugPanel/LogViewer.stories.tsx[2m > [22m[2mDefault
[22m[39m[FilesContext] Identity ID: us-east-1:mock-identity-123
[90mstdout[2m | src/components/DebugPanel/LogViewer.stories.tsx[2m > [22m[2mDefault
[22m[39m[FilesContext] About to set up File observeQuery
[90mstdout[2m | src/components/DebugPanel/LogViewer.stories.tsx[2m > [22m[2mDefault
[22m[39m[ChatContext] Setting up AssistantChat observeQuery
[90mstdout[2m | src/components/DebugPanel/LogViewer.stories.tsx[2m > [22m[2mDefault
[22m[39m[ChatContext] Waiting for subscription to initialize
[90mstdout[2m | src/components/DebugPanel/LogViewer.stories.tsx[2m > [22m[2mDefault
[22m[39m[SettingsContext] Setting up Settings subscription for user: mock-user-sub
[90mstdout[2m | src/components/DebugPanel/LogViewer.stories.tsx[2m > [22m[2mDefault
[22m[39m[Mock Data] Settings created: mock-settings-1790417642462 - notified 0 subscribers
[90mstdout[2m | src/components/DebugPanel/LogViewer.stories.tsx[2m > [22m[2mDefault
[22m[39m[Mock Data] Unit.onUpdate() subscription added. Total: 1
[90mstdout[2m | src/components/DebugPanel/LogViewer.stories.tsx[2m > [22m[2mDefault
[22m[39m[SectionContext] Section observeQuery update: 0
[90mstdout[2m | src/components/DebugPanel/LogViewer.stories.tsx[2m > [22m[2mDefault
[22m[39m[FilesContext] File observeQuery update: 6 files
[90mstdout[2m | src/components/DebugPanel/LogViewer.stories.tsx[2m > [22m[2mDefault
[22m[39m[ChatContext] AssistantChat initialized with 1 chats
[90mstdout[2m | src/components/DebugPanel/LogViewer.stories.tsx[2m > [22m[2mDefault
[22m[39m[ChatContext] Setting initial chat: mock-assistant-chat-1
[90mstdout[2m | src/components/DebugPanel/LogViewer.stories.tsx[2m > [22m[2mDefault
[22m[39m[MOCK CourseVectorStore] Initialized with mock data
[90mstdout[2m | src/components/DebugPanel/LogViewer.stories.tsx[2m > [22m[2mDefault
[22m[39m[FilesContext] Vector store population triggered {
  "currentVectorStoreSize": 3,
  "documentsCount": 0,
  "filesCount": 6,
  "isInitialLoad": true,
}
[90mstdout[2m | src/components/DebugPanel/LogViewer.stories.tsx[2m > [22m[2mDefault
[22m[39m[FilesContext] Vector store population complete - 3 total embeddings
[90mstdout[2m | src/components/DebugPanel/LogViewer.stories.tsx[2m > [22m[2mDefault
[22m[39m[ChatContext] Chat exists and not archived, skipping creation
[90mstdout[2m | src/components/DebugPanel/LogViewer.stories.tsx[2m > [22m[2mDefault
[22m[39m[Mock Storage] downloadData called with: undefined
[90mstdout[2m | src/components/DebugPanel/LogViewer.stories.tsx[2m > [22m[2mEmpty
[22m[39m[ChatContext] Cleaning up subscriptions
[90mstdout[2m | src/components/DebugPanel/LogViewer.stories.tsx[2m > [22m[2mEmpty
[22m[39m[Mock Data] Unit.onUpdate() subscription removed. Remaining: 0
[90mstdout[2m | src/components/DebugPanel/LogViewer.stories.tsx[2m > [22m[2mEmpty
[22m[39m[MOCK CourseVectorStore] Initialized with mock data
[90mstdout[2m | src/components/DebugPanel/LogViewer.stories.tsx[2m > [22m[2mEmpty
[22m[39m[TranslationModeController] Setting mode to: off
[90mstdout[2m | src/components/DebugPanel/LogViewer.stories.tsx[2m > [22m[2mEmpty
[22m[39m[UnitContext] useEffect triggered {
  "authLoading": false,
  "hasUser": true,
  "id": "mock-unit-id",
  "userSub": "mock-user-sub",
}
[90mstdout[2m | src/components/DebugPanel/LogViewer.stories.tsx[2m > [22m[2mEmpty
[22m[39m[UnitContext] Fetching unit data for id: mock-unit-id
[90mstdout[2m | src/components/DebugPanel/LogViewer.stories.tsx[2m > [22m[2mEmpty
[22m[39m[FilesContext] Initializing vector store from IndexedDB
[90mstdout[2m | src/components/DebugPanel/LogViewer.stories.tsx[2m > [22m[2mEmpty
[22m[39m[FilesContext] fetchFiles called
[90mstdout[2m | src/components/DebugPanel/LogViewer.stories.tsx[2m > [22m[2mEmpty
[22m[39m[FilesContext] User authenticated: mock-user-sub
[90mstdout[2m | src/components/DebugPanel/LogViewer.stories.tsx[2m > [22m[2mEmpty
[22m[39m[FilesContext] Identity ID: us-east-1:mock-identity-123
[90mstdout[2m | src/components/DebugPanel/LogViewer.stories.tsx[2m > [22m[2mEmpty
[22m[39m[FilesContext] About to set up File observeQuery
[90mstdout[2m | src/components/DebugPanel/LogViewer.stories.tsx[2m > [22m[2mEmpty
[22m[39m[ChatContext] Setting up AssistantChat observeQuery
[90mstdout[2m | src/components/DebugPanel/LogViewer.stories.tsx[2m > [22m[2mEmpty
[22m[39m[ChatContext] Waiting for subscription to initialize
[90mstdout[2m | src/components/DebugPanel/LogViewer.stories.tsx[2m > [22m[2mEmpty
[22m[39m[SettingsContext] Setting up Settings subscription for user: mock-user-sub
[90mstdout[2m | src/components/DebugPanel/LogViewer.stories.tsx[2m > [22m[2mEmpty
[22m[39m[Mock Data] Settings created: mock-settings-1790417643341 - notified 0 subscribers
[90mstdout[2m | src/components/DebugPanel/LogViewer.stories.tsx[2m > [22m[2mEmpty
[22m[39m[Mock Data] Unit.onUpdate() subscription added. Total: 1
[90mstdout[2m | src/components/DebugPanel/LogViewer.stories.tsx[2m > [22m[2mEmpty
[22m[39m[SectionContext] Section observeQuery update: 0
[90mstdout[2m | src/components/DebugPanel/LogViewer.stories.tsx[2m > [22m[2mEmpty
[22m[39m[FilesContext] File observeQuery update: 6 files
[90mstdout[2m | src/components/DebugPanel/LogViewer.stories.tsx[2m > [22m[2mEmpty
[22m[39m[ChatContext] AssistantChat initialized with 1 chats
[90mstdout[2m | src/components/DebugPanel/LogViewer.stories.tsx[2m > [22m[2mEmpty
[22m[39m[ChatContext] Setting initial chat: mock-assistant-chat-1
[90mstdout[2m | src/components/DebugPanel/LogViewer.stories.tsx[2m > [22m[2mEmpty
[22m[39m[MOCK CourseVectorStore] Initialized with mock data
[90mstdout[2m | src/components/DebugPanel/LogViewer.stories.tsx[2m > [22m[2mEmpty
[22m[39m[FilesContext] Vector store population triggered {
  "currentVectorStoreSize": 3,
  "documentsCount": 0,
  "filesCount": 6,
  "isInitialLoad": true,
}
[90mstdout[2m | src/components/DebugPanel/LogViewer.stories.tsx[2m > [22m[2mEmpty
[22m[39m[FilesContext] Vector store population complete - 3 total embeddings
[90mstdout[2m | src/components/DebugPanel/LogViewer.stories.tsx[2m > [22m[2mEmpty
[22m[39m[ChatContext] Chat exists and not archived, skipping creation
[90mstdout[2m | src/components/DebugPanel/LogViewer.stories.tsx[2m > [22m[2mEmpty
[22m[39m[Mock Storage] downloadData called with: undefined
[90mstdout[2m | src/components/DebugPanel/LogViewer.stories.tsx[2m > [22m[2mErrors Only
[22m[39m[ChatContext] Cleaning up subscriptions
[90mstdout[2m | src/components/DebugPanel/LogViewer.stories.tsx[2m > [22m[2mErrors Only
[22m[39m[Mock Data] Unit.onUpdate() subscription removed. Remaining: 0
[90mstdout[2m | src/components/DebugPanel/LogViewer.stories.tsx[2m > [22m[2mErrors Only
[22m[39m[MOCK CourseVectorStore] Initialized with mock data
[90mstdout[2m | src/components/DebugPanel/LogViewer.stories.tsx[2m > [22m[2mErrors Only
[22m[39m[TranslationModeController] Setting mode to: off
[90mstdout[2m | src/components/DebugPanel/LogViewer.stories.tsx[2m > [22m[2mErrors Only
[22m[39m[UnitContext] useEffect triggered {
  "authLoading": false,
  "hasUser": true,
  "id": "mock-unit-id",
  "userSub": "mock-user-sub",
}
[90mstdout[2m | src/components/DebugPanel/LogViewer.stories.tsx[2m > [22m[2mErrors Only
[22m[39m[UnitContext] Fetching unit data for id: mock-unit-id
[90mstdout[2m | src/components/DebugPanel/LogViewer.stories.tsx[2m > [22m[2mErrors Only
[22m[39m[FilesContext] Initializing vector store from IndexedDB
[90mstdout[2m | src/components/DebugPanel/LogViewer.stories.tsx[2m > [22m[2mErrors Only
[22m[39m[FilesContext] fetchFiles called
[90mstdout[2m | src/components/DebugPanel/LogViewer.stories.tsx[2m > [22m[2mErrors Only
[22m[39m[FilesContext] User authenticated: mock-user-sub
[90mstdout[2m | src/components/DebugPanel/LogViewer.stories.tsx[2m > [22m[2mErrors Only
[22m[39m[FilesContext] Identity ID: us-east-1:mock-identity-123
[90mstdout[2m | src/components/DebugPanel/LogViewer.stories.tsx[2m > [22m[2mErrors Only
[22m[39m[FilesContext] About to set up File observeQuery
[90mstdout[2m | src/components/DebugPanel/LogViewer.stories.tsx[2m > [22m[2mErrors Only
[22m[39m[ChatContext] Setting up AssistantChat observeQuery
[90mstdout[2m | src/components/DebugPanel/LogViewer.stories.tsx[2m > [22m[2mErrors Only
[22m[39m[ChatContext] Waiting for subscription to initialize
[90mstdout[2m | src/components/DebugPanel/LogViewer.stories.tsx[2m > [22m[2mErrors Only
[22m[39m[SettingsContext] Setting up Settings subscription for user: mock-user-sub
[90mstdout[2m | src/components/DebugPanel/LogViewer.stories.tsx[2m > [22m[2mErrors Only
[22m[39m[Mock Data] Settings created: mock-settings-1790417643736 - notified 0 subscribers
[90mstdout[2m | src/components/DebugPanel/LogViewer.stories.tsx[2m > [22m[2mErrors Only
[22m[39m[Mock Data] Unit.onUpdate() subscription added. Total: 1
[90mstdout[2m | src/components/DebugPanel/LogViewer.stories.tsx[2m > [22m[2mErrors Only
[22m[39m[SectionContext] Section observeQuery update: 0
[90mstdout[2m | src/components/DebugPanel/LogViewer.stories.tsx[2m > [22m[2mErrors Only
[22m[39m[FilesContext] File observeQuery update: 6 files
[90mstdout[2m | src/components/DebugPanel/LogViewer.stories.tsx[2m > [22m[2mErrors Only
[22m[39m[ChatContext] AssistantChat initialized with 1 chats
[90mstdout[2m | src/components/DebugPanel/LogViewer.stories.tsx[2m > [22m[2mErrors Only
[22m[39m[ChatContext] Setting initial chat: mock-assistant-chat-1
[90mstdout[2m | src/components/DebugPanel/LogViewer.stories.tsx[2m > [22m[2mErrors Only
[22m[39m[MOCK CourseVectorStore] Initialized with mock data
[90mstdout[2m | src/components/DebugPanel/LogViewer.stories.tsx[2m > [22m[2mErrors Only
[22m[39m[FilesContext] Vector store population triggered {
  "currentVectorStoreSize": 3,
  "documentsCount": 0,
  "filesCount": 6,
  "isInitialLoad": true,
}
[90mstdout[2m | src/components/DebugPanel/LogViewer.stories.tsx[2m > [22m[2mErrors Only
[22m[39m[FilesContext] Vector store population complete - 3 total embeddings
[90mstdout[2m | src/components/DebugPanel/LogViewer.stories.tsx[2m > [22m[2mErrors Only
[22m[39m[ChatContext] Chat exists and not archived, skipping creation
[90mstdout[2m | src/components/DebugPanel/LogViewer.stories.tsx[2m > [22m[2mErrors Only
[22m[39m[Mock Storage] downloadData called with: undefined
[90mstdout[2m | src/components/DebugPanel/LogViewer.stories.tsx[2m > [22m[2mMany Logs
[22m[39m[ChatContext] Cleaning up subscriptions
[90mstdout[2m | src/components/DebugPanel/LogViewer.stories.tsx[2m > [22m[2mMany Logs
[22m[39m[Mock Data] Unit.onUpdate() subscription removed. Remaining: 0
[90mstdout[2m | src/components/DebugPanel/LogViewer.stories.tsx[2m > [22m[2mMany Logs
[22m[39m[MOCK CourseVectorStore] Initialized with mock data
[90mstdout[2m | src/components/DebugPanel/LogViewer.stories.tsx[2m > [22m[2mMany Logs
[22m[39m[TranslationModeController] Setting mode to: off
[90mstdout[2m | src/components/DebugPanel/LogViewer.stories.tsx[2m > [22m[2mMany Logs
[22m[39m[UnitContext] useEffect triggered {
  "authLoading": false,
  "hasUser": true,
  "id": "mock-unit-id",
  "userSub": "mock-user-sub",
}
[90mstdout[2m | src/components/DebugPanel/LogViewer.stories.tsx[2m > [22m[2mMany Logs
[22m[39m[UnitContext] Fetching unit data for id: mock-unit-id
[90mstdout[2m | src/components/DebugPanel/LogViewer.stories.tsx[2m > [22m[2mMany Logs
[22m[39m[FilesContext] Initializing vector store from IndexedDB
[90mstdout[2m | src/components/DebugPanel/LogViewer.stories.tsx[2m > [22m[2mMany Logs
[22m[39m[FilesContext] fetchFiles called
[90mstdout[2m | src/components/DebugPanel/LogViewer.stories.tsx[2m > [22m[2mMany Logs
[22m[39m[FilesContext] User authenticated: mock-user-sub
[90mstdout[2m | src/components/DebugPanel/LogViewer.stories.tsx[2m > [22m[2mMany Logs
[22m[39m[FilesContext] Identity ID: us-east-1:mock-identity-123
[90mstdout[2m | src/components/DebugPanel/LogViewer.stories.tsx[2m > [22m[2mMany Logs
[22m[39m[FilesContext] About to set up File observeQuery
[90mstdout[2m | src/components/DebugPanel/LogViewer.stories.tsx[2m > [22m[2mMany Logs
[22m[39m[ChatContext] Setting up AssistantChat observeQuery
[90mstdout[2m | src/components/DebugPanel/LogViewer.stories.tsx[2m > [22m[2mMany Logs
[22m[39m[ChatContext] Waiting for subscription to initialize
[90mstdout[2m | src/components/DebugPanel/LogViewer.stories.tsx[2m > [22m[2mMany Logs
[22m[39m[SettingsContext] Setting up Settings subscription for user: mock-user-sub
[90mstdout[2m | src/components/DebugPanel/LogViewer.stories.tsx[2m > [22m[2mMany Logs
[22m[39m[Mock Data] Settings created: mock-settings-1790417644670 - notified 0 subscribers
[90mstdout[2m | src/components/DebugPanel/LogViewer.stories.tsx[2m > [22m[2mMany Logs
[22m[39m[Mock Data] Unit.onUpdate() subscription added. Total: 1
[90mstdout[2m | src/components/DebugPanel/LogViewer.stories.tsx[2m > [22m[2mMany Logs
[22m[39m[SectionContext] Section observeQuery update: 0
[90mstdout[2m | src/components/DebugPanel/LogViewer.stories.tsx[2m > [22m[2mMany Logs
[22m[39m[FilesContext] File observeQuery update: 6 files
[90mstdout[2m | src/components/DebugPanel/LogViewer.stories.tsx[2m > [22m[2mMany Logs
[22m[39m[ChatContext] AssistantChat initialized with 1 chats
[90mstdout[2m | src/components/DebugPanel/LogViewer.stories.tsx[2m > [22m[2mMany Logs
[22m[39m[ChatContext] Setting initial chat: mock-assistant-chat-1
[90mstdout[2m | src/components/DebugPanel/LogViewer.stories.tsx[2m > [22m[2mMany Logs
[22m[39m[MOCK CourseVectorStore] Initialized with mock data
[90mstdout[2m | src/components/DebugPanel/LogViewer.stories.tsx[2m > [22m[2mMany Logs
[22m[39m[FilesContext] Vector store population triggered {
  "currentVectorStoreSize": 3,
  "documentsCount": 0,
  "filesCount": 6,
  "isInitialLoad": true,
}
[90mstdout[2m | src/components/DebugPanel/LogViewer.stories.tsx[2m > [22m[2mMany Logs
[22m[39m[FilesContext] Vector store population complete - 3 total embeddings
[90mstdout[2m | src/components/DebugPanel/LogViewer.stories.tsx[2m > [22m[2mMany Logs
[22m[39m[ChatContext] Chat exists and not archived, skipping creation
[90mstdout[2m | src/components/DebugPanel/LogViewer.stories.tsx[2m > [22m[2mMany Logs
[22m[39m[Mock Storage] downloadData called with: undefined
[90mstdout[2m | src/components/DebugPanel/LogViewer.stories.tsx[2m > [22m[2mMany Logs
[22m[39mfilterWords {
  "filter": "",
  "wordsCount": 0,
}
[90mstdout[2m | src/components/DebugPanel/LogViewer.stories.tsx[2m > [22m[2mNo Auto Scroll
[22m[39m[ChatContext] Cleaning up subscriptions
[90mstdout[2m | src/components/DebugPanel/LogViewer.stories.tsx[2m > [22m[2mNo Auto Scroll
[22m[39m[Mock Data] Unit.onUpdate() subscription removed. Remaining: 0
[90mstdout[2m | src/components/DebugPanel/LogViewer.stories.tsx[2m > [22m[2mNo Auto Scroll
[22m[39m[MOCK CourseVectorStore] Initialized with mock data
[90mstdout[2m | src/components/DebugPanel/LogViewer.stories.tsx[2m > [22m[2mNo Auto Scroll
[22m[39m[TranslationModeController] Setting mode to: off
[90mstdout[2m | src/components/DebugPanel/LogViewer.stories.tsx[2m > [22m[2mNo Auto Scroll
[22m[39m[UnitContext] useEffect triggered {
  "authLoading": false,
  "hasUser": true,
  "id": "mock-unit-id",
  "userSub": "mock-user-sub",
}
[90mstdout[2m | src/components/DebugPanel/LogViewer.stories.tsx[2m > [22m[2mNo Auto Scroll
[22m[39m[UnitContext] Fetching unit data for id: mock-unit-id
[90mstdout[2m | src/components/DebugPanel/LogViewer.stories.tsx[2m > [22m[2mNo Auto Scroll
[22m[39m[FilesContext] Initializing vector store from IndexedDB
[90mstdout[2m | src/components/DebugPanel/LogViewer.stories.tsx[2m > [22m[2mNo Auto Scroll
[22m[39m[FilesContext] fetchFiles called
[90mstdout[2m | src/components/DebugPanel/LogViewer.stories.tsx[2m > [22m[2mNo Auto Scroll
[22m[39m[FilesContext] User authenticated: mock-user-sub
[90mstdout[2m | src/components/DebugPanel/LogViewer.stories.tsx[2m > [22m[2mNo Auto Scroll
[22m[39m[FilesContext] Identity ID: us-east-1:mock-identity-123
[90mstdout[2m | src/components/DebugPanel/LogViewer.stories.tsx[2m > [22m[2mNo Auto Scroll
[22m[39m[FilesContext] About to set up File observeQuery
[90mstdout[2m | src/components/DebugPanel/LogViewer.stories.tsx[2m > [22m[2mNo Auto Scroll
[22m[39m[ChatContext] Setting up AssistantChat observeQuery
[90mstdout[2m | src/components/DebugPanel/LogViewer.stories.tsx[2m > [22m[2mNo Auto Scroll
[22m[39m[ChatContext] Waiting for subscription to initialize
[90mstdout[2m | src/components/DebugPanel/LogViewer.stories.tsx[2m > [22m[2mNo Auto Scroll
[22m[39m[SettingsContext] Setting up Settings subscription for user: mock-user-sub
[90mstdout[2m | src/components/DebugPanel/LogViewer.stories.tsx[2m > [22m[2mNo Auto Scroll
[22m[39m[Mock Data] Settings created: mock-settings-1790417651089 - notified 0 subscribers
[90mstdout[2m | src/components/DebugPanel/LogViewer.stories.tsx[2m > [22m[2mNo Auto Scroll
[22m[39m[Mock Data] Unit.onUpdate() subscription added. Total: 1
[90mstdout[2m | src/components/DebugPanel/LogViewer.stories.tsx[2m > [22m[2mNo Auto Scroll
[22m[39m[SectionContext] Section observeQuery update: 0
[90mstdout[2m | src/components/DebugPanel/LogViewer.stories.tsx[2m > [22m[2mNo Auto Scroll
[22m[39m[FilesContext] File observeQuery update: 6 files
[90mstdout[2m | src/components/DebugPanel/LogViewer.stories.tsx[2m > [22m[2mNo Auto Scroll
[22m[39m[ChatContext] AssistantChat initialized with 1 chats
[90mstdout[2m | src/components/DebugPanel/LogViewer.stories.tsx[2m > [22m[2mNo Auto Scroll
[22m[39m[ChatContext] Setting initial chat: mock-assistant-chat-1
[90mstdout[2m | src/components/DebugPanel/LogViewer.stories.tsx[2m > [22m[2mNo Auto Scroll
[22m[39m[MOCK CourseVectorStore] Initialized with mock data
[90mstdout[2m | src/components/DebugPanel/LogViewer.stories.tsx[2m > [22m[2mNo Auto Scroll
[22m[39m[FilesContext] Vector store population triggered {
  "currentVectorStoreSize": 3,
  "documentsCount": 0,
  "filesCount": 6,
  "isInitialLoad": true,
}
[90mstdout[2m | src/components/DebugPanel/LogViewer.stories.tsx[2m > [22m[2mNo Auto Scroll
[22m[39m[FilesContext] Vector store population complete - 3 total embeddings
[90mstdout[2m | src/components/DebugPanel/LogViewer.stories.tsx[2m > [22m[2mNo Auto Scroll
[22m[39m[ChatContext] Chat exists and not archived, skipping creation
[90mstdout[2m | src/components/DebugPanel/LogViewer.stories.tsx[2m > [22m[2mNo Auto Scroll
[22m[39m[Mock Storage] downloadData called with: undefined
[90mstdout[2m | src/components/DebugPanel/LogViewer.stories.tsx[2m > [22m[2mWith Stack Traces
[22m[39m[ChatContext] Cleaning up subscriptions
[90mstdout[2m | src/components/DebugPanel/LogViewer.stories.tsx[2m > [22m[2mWith Stack Traces
[22m[39m[Mock Data] Unit.onUpdate() subscription removed. Remaining: 0
[90mstdout[2m | src/components/DebugPanel/LogViewer.stories.tsx[2m > [22m[2mWith Stack Traces
[22m[39m[MOCK CourseVectorStore] Initialized with mock data
[90mstdout[2m | src/components/DebugPanel/LogViewer.stories.tsx[2m > [22m[2mWith Stack Traces
[22m[39m[TranslationModeController] Setting mode to: off
[90mstdout[2m | src/components/DebugPanel/LogViewer.stories.tsx[2m > [22m[2mWith Stack Traces
[22m[39m[UnitContext] useEffect triggered {
  "authLoading": false,
  "hasUser": true,
  "id": "mock-unit-id",
  "userSub": "mock-user-sub",
}
[90mstdout[2m | src/components/DebugPanel/LogViewer.stories.tsx[2m > [22m[2mWith Stack Traces
[22m[39m[UnitContext] Fetching unit data for id: mock-unit-id
[90mstdout[2m | src/components/DebugPanel/LogViewer.stories.tsx[2m > [22m[2mWith Stack Traces
[22m[39m[FilesContext] Initializing vector store from IndexedDB
[90mstdout[2m | src/components/DebugPanel/LogViewer.stories.tsx[2m > [22m[2mWith Stack Traces
[22m[39m[FilesContext] fetchFiles called
[90mstdout[2m | src/components/DebugPanel/LogViewer.stories.tsx[2m > [22m[2mWith Stack Traces
[22m[39m[FilesContext] User authenticated: mock-user-sub
[90mstdout[2m | src/components/DebugPanel/LogViewer.stories.tsx[2m > [22m[2mWith Stack Traces
[22m[39m[FilesContext] Identity ID: us-east-1:mock-identity-123
[90mstdout[2m | src/components/DebugPanel/LogViewer.stories.tsx[2m > [22m[2mWith Stack Traces
[22m[39m[FilesContext] About to set up File observeQuery
[90mstdout[2m | src/components/DebugPanel/LogViewer.stories.tsx[2m > [22m[2mWith Stack Traces
[22m[39m[ChatContext] Setting up AssistantChat observeQuery
[90mstdout[2m | src/components/DebugPanel/LogViewer.stories.tsx[2m > [22m[2mWith Stack Traces
[22m[39m[ChatContext] Waiting for subscription to initialize
[90mstdout[2m | src/components/DebugPanel/LogViewer.stories.tsx[2m > [22m[2mWith Stack Traces
[22m[39m[SettingsContext] Setting up Settings subscription for user: mock-user-sub
[90mstdout[2m | src/components/DebugPanel/LogViewer.stories.tsx[2m > [22m[2mWith Stack Traces
[22m[39m[Mock Data] Settings created: mock-settings-1790417651855 - notified 0 subscribers
[90mstdout[2m | src/components/DebugPanel/LogViewer.stories.tsx[2m > [22m[2mWith Stack Traces
[22m[39m[Mock Data] Unit.onUpdate() subscription added. Total: 1
[90mstdout[2m | src/components/DebugPanel/LogViewer.stories.tsx[2m > [22m[2mWith Stack Traces
[22m[39m[SectionContext] Section observeQuery update: 0
[90mstdout[2m | src/components/DebugPanel/LogViewer.stories.tsx[2m > [22m[2mWith Stack Traces
[22m[39m[FilesContext] File observeQuery update: 6 files
[90mstdout[2m | src/components/DebugPanel/LogViewer.stories.tsx[2m > [22m[2mWith Stack Traces
[22m[39m[ChatContext] AssistantChat initialized with 1 chats
[90mstdout[2m | src/components/DebugPanel/LogViewer.stories.tsx[2m > [22m[2mWith Stack Traces
[22m[39m[ChatContext] Setting initial chat: mock-assistant-chat-1
[90mstdout[2m | src/components/DebugPanel/LogViewer.stories.tsx[2m > [22m[2mWith Stack Traces
[22m[39m[MOCK CourseVectorStore] Initialized with mock data
[90mstdout[2m | src/components/DebugPanel/LogViewer.stories.tsx[2m > [22m[2mWith Stack Traces
[22m[39m[FilesContext] Vector store population triggered {
  "currentVectorStoreSize": 3,
  "documentsCount": 0,
  "filesCount": 6,
  "isInitialLoad": true,
}
[90mstdout[2m | src/components/DebugPanel/LogViewer.stories.tsx[2m > [22m[2mWith Stack Traces
[22m[39m[FilesContext] Vector store population complete - 3 total embeddings
[90mstdout[2m | src/components/DebugPanel/LogViewer.stories.tsx[2m > [22m[2mWith Stack Traces
[22m[39m[ChatContext] Chat exists and not archived, skipping creation
[90mstdout[2m | src/components/DebugPanel/LogViewer.stories.tsx[2m > [22m[2mWith Stack Traces
[22m[39m[Mock Storage] downloadData called with: undefined
[90mstdout[2m | src/components/DebugPanel/LogViewer.stories.tsx[2m > [22m[2mMixed Levels
[22m[39m[ChatContext] Cleaning up subscriptions
[90mstdout[2m | src/components/DebugPanel/LogViewer.stories.tsx[2m > [22m[2mMixed Levels
[22m[39m[Mock Data] Unit.onUpdate() subscription removed. Remaining: 0
[90mstdout[2m | src/components/DebugPanel/LogViewer.stories.tsx[2m > [22m[2mMixed Levels
[22m[39m[MOCK CourseVectorStore] Initialized with mock data
[90mstdout[2m | src/components/DebugPanel/LogViewer.stories.tsx[2m > [22m[2mMixed Levels
[22m[39m[TranslationModeController] Setting mode to: off
[90mstdout[2m | src/components/DebugPanel/LogViewer.stories.tsx[2m > [22m[2mMixed Levels
[22m[39m[UnitContext] useEffect triggered {
  "authLoading": false,
  "hasUser": true,
  "id": "mock-unit-id",
  "userSub": "mock-user-sub",
}
[90mstdout[2m | src/components/DebugPanel/LogViewer.stories.tsx[2m > [22m[2mMixed Levels
[22m[39m[UnitContext] Fetching unit data for id: mock-unit-id
[90mstdout[2m | src/components/DebugPanel/LogViewer.stories.tsx[2m > [22m[2mMixed Levels
[22m[39m[FilesContext] Initializing vector store from IndexedDB
[90mstdout[2m | src/components/DebugPanel/LogViewer.stories.tsx[2m > [22m[2mMixed Levels
[22m[39m[FilesContext] fetchFiles called
[90mstdout[2m | src/components/DebugPanel/LogViewer.stories.tsx[2m > [22m[2mMixed Levels
[22m[39m[FilesContext] User authenticated: mock-user-sub
[90mstdout[2m | src/components/DebugPanel/LogViewer.stories.tsx[2m > [22m[2mMixed Levels
[22m[39m[FilesContext] Identity ID: us-east-1:mock-identity-123
[90mstdout[2m | src/components/DebugPanel/LogViewer.stories.tsx[2m > [22m[2mMixed Levels
[22m[39m[FilesContext] About to set up File observeQuery
[90mstdout[2m | src/components/DebugPanel/LogViewer.stories.tsx[2m > [22m[2mMixed Levels
[22m[39m[ChatContext] Setting up AssistantChat observeQuery
[90mstdout[2m | src/components/DebugPanel/LogViewer.stories.tsx[2m > [22m[2mMixed Levels
[22m[39m[ChatContext] Waiting for subscription to initialize
[90mstdout[2m | src/components/DebugPanel/LogViewer.stories.tsx[2m > [22m[2mMixed Levels
[22m[39m[SettingsContext] Setting up Settings subscription for user: mock-user-sub
[90mstdout[2m | src/components/DebugPanel/LogViewer.stories.tsx[2m > [22m[2mMixed Levels
[22m[39m[Mock Data] Settings created: mock-settings-1790417652341 - notified 0 subscribers
[90mstdout[2m | src/components/DebugPanel/LogViewer.stories.tsx[2m > [22m[2mMixed Levels
[22m[39m[Mock Data] Unit.onUpdate() subscription added. Total: 1
[90mstdout[2m | src/components/DebugPanel/LogViewer.stories.tsx[2m > [22m[2mMixed Levels
[22m[39m[SectionContext] Section observeQuery update: 0
[90mstdout[2m | src/components/DebugPanel/LogViewer.stories.tsx[2m > [22m[2mMixed Levels
[22m[39m[FilesContext] File observeQuery update: 6 files
[90mstdout[2m | src/components/DebugPanel/LogViewer.stories.tsx[2m > [22m[2mMixed Levels
[22m[39m[ChatContext] AssistantChat initialized with 1 chats
[90mstdout[2m | src/components/DebugPanel/LogViewer.stories.tsx[2m > [22m[2mMixed Levels
[22m[39m[ChatContext] Setting initial chat: mock-assistant-chat-1
[90mstdout[2m | src/components/DebugPanel/LogViewer.stories.tsx[2m > [22m[2mMixed Levels
[22m[39m[MOCK CourseVectorStore] Initialized with mock data
[90mstdout[2m | src/components/DebugPanel/LogViewer.stories.tsx[2m > [22m[2mMixed Levels
[22m[39m[FilesContext] Vector store population triggered {
  "currentVectorStoreSize": 3,
  "documentsCount": 0,
  "filesCount": 6,
  "isInitialLoad": true,
}
[90mstdout[2m | src/components/DebugPanel/LogViewer.stories.tsx[2m > [22m[2mMixed Levels
[22m[39m[FilesContext] Vector store population complete - 3 total embeddings
[90mstdout[2m | src/components/DebugPanel/LogViewer.stories.tsx[2m > [22m[2mMixed Levels
[22m[39m[ChatContext] Chat exists and not archived, skipping creation
[90mstdout[2m | src/components/DebugPanel/LogViewer.stories.tsx[2m > [22m[2mMixed Levels
[22m[39m[Mock Storage] downloadData called with: undefined
 [32m✓[39m [30m[45m storybook (chromium) [49m[39m src/components/DebugPanel/LogViewer.stories.tsx [2m([22m[2m7 tests[22m[2m)[22m[33m 10438[2mms[22m[39m
   [33m[2m✓[22m[39m Default [33m 895[2mms[22m[39m
   [33m[2m✓[22m[39m Empty [33m 406[2mms[22m[39m
   [33m[2m✓[22m[39m Errors Only [33m 344[2mms[22m[39m
   [33m[2m✓[22m[39m Many Logs [33m 6856[2mms[22m[39m
   [33m[2m✓[22m[39m No Auto Scroll [33m 897[2mms[22m[39m
   [33m[2m✓[22m[39m With Stack Traces [33m 452[2mms[22m[39m
   [33m[2m✓[22m[39m Mixed Levels [33m 587[2mms[22m[39m
[90mstdout[2m | unknown test
[22m[39m[MOCK vectorStoreDB.js] Module loaded - mock IndexedDB operations
[90mstdout[2m | unknown test
[22m[39m[Task Completion] DOM action listeners initialized
[90mstdout[2m | unknown test
[22m[39m[Task Completion] Auto-completion detector initialized
[90mstdout[2m | unknown test
[22m[39m[Preview] Task completion detector initialized
[90mstdout[2m | src/components/GradedWorkbookViewer/GradedWorkbookViewer.stories.tsx[2m > [22m[2mMultiple Attempts
[22m[39m[MOCK CourseVectorStore] Initialized with mock data
[90mstdout[2m | src/components/GradedWorkbookViewer/GradedWorkbookViewer.stories.tsx[2m > [22m[2mMultiple Attempts
[22m[39m[TranslationModeController] Setting mode to: off
[90mstdout[2m | src/components/GradedWorkbookViewer/GradedWorkbookViewer.stories.tsx[2m > [22m[2mMultiple Attempts
[22m[39m[UnitContext] useEffect triggered {
  "authLoading": false,
  "hasUser": true,
  "id": "mock-unit-id",
  "userSub": "mock-user-sub",
}
[90mstdout[2m | src/components/GradedWorkbookViewer/GradedWorkbookViewer.stories.tsx[2m > [22m[2mMultiple Attempts
[22m[39m[UnitContext] Fetching unit data for id: mock-unit-id
[90mstdout[2m | src/components/GradedWorkbookViewer/GradedWorkbookViewer.stories.tsx[2m > [22m[2mMultiple Attempts
[22m[39m[FilesContext] Initializing vector store from IndexedDB
[90mstdout[2m | src/components/GradedWorkbookViewer/GradedWorkbookViewer.stories.tsx[2m > [22m[2mMultiple Attempts
[22m[39m[FilesContext] fetchFiles called
[90mstdout[2m | src/components/GradedWorkbookViewer/GradedWorkbookViewer.stories.tsx[2m > [22m[2mMultiple Attempts
[22m[39m[FilesContext] User authenticated: mock-user-sub
[90mstdout[2m | src/components/GradedWorkbookViewer/GradedWorkbookViewer.stories.tsx[2m > [22m[2mMultiple Attempts
[22m[39m[FilesContext] Identity ID: us-east-1:mock-identity-123
[90mstdout[2m | src/components/GradedWorkbookViewer/GradedWorkbookViewer.stories.tsx[2m > [22m[2mMultiple Attempts
[22m[39m[FilesContext] About to set up File observeQuery
[90mstdout[2m | src/components/GradedWorkbookViewer/GradedWorkbookViewer.stories.tsx[2m > [22m[2mMultiple Attempts
[22m[39m[ChatContext] Setting up AssistantChat observeQuery
[90mstdout[2m | src/components/GradedWorkbookViewer/GradedWorkbookViewer.stories.tsx[2m > [22m[2mMultiple Attempts
[22m[39m[ChatContext] Waiting for subscription to initialize
[90mstdout[2m | src/components/GradedWorkbookViewer/GradedWorkbookViewer.stories.tsx[2m > [22m[2mMultiple Attempts
[22m[39m[SettingsContext] Setting up Settings subscription for user: mock-user-sub
[90mstdout[2m | src/components/GradedWorkbookViewer/GradedWorkbookViewer.stories.tsx[2m > [22m[2mMultiple Attempts
[22m[39m[Mock Data] Settings created: mock-settings-1790417669797 - notified 0 subscribers
[90mstdout[2m | src/components/GradedWorkbookViewer/GradedWorkbookViewer.stories.tsx[2m > [22m[2mMultiple Attempts
[22m[39m[Mock Data] Unit.onUpdate() subscription added. Total: 1
[90mstdout[2m | src/components/GradedWorkbookViewer/GradedWorkbookViewer.stories.tsx[2m > [22m[2mMultiple Attempts
[22m[39m[SectionContext] Section observeQuery update: 0
[90mstdout[2m | src/components/GradedWorkbookViewer/GradedWorkbookViewer.stories.tsx[2m > [22m[2mMultiple Attempts
[22m[39m[FilesContext] File observeQuery update: 6 files
[90mstdout[2m | src/components/GradedWorkbookViewer/GradedWorkbookViewer.stories.tsx[2m > [22m[2mMultiple Attempts
[22m[39m[ChatContext] AssistantChat initialized with 1 chats
[90mstdout[2m | src/components/GradedWorkbookViewer/GradedWorkbookViewer.stories.tsx[2m > [22m[2mMultiple Attempts
[22m[39m[ChatContext] Setting initial chat: mock-assistant-chat-1
[90mstdout[2m | src/components/GradedWorkbookViewer/GradedWorkbookViewer.stories.tsx[2m > [22m[2mMultiple Attempts
[22m[39m[Mock Storage] downloadData called with: undefined
[90mstdout[2m | src/components/GradedWorkbookViewer/GradedWorkbookViewer.stories.tsx[2m > [22m[2mMultiple Attempts
[22m[39m[MOCK CourseVectorStore] Initialized with mock data
[90mstdout[2m | src/components/GradedWorkbookViewer/GradedWorkbookViewer.stories.tsx[2m > [22m[2mMultiple Attempts
[22m[39m[FilesContext] Vector store population triggered {
  "currentVectorStoreSize": 3,
  "documentsCount": 0,
  "filesCount": 6,
  "isInitialLoad": true,
}
[90mstdout[2m | src/components/GradedWorkbookViewer/GradedWorkbookViewer.stories.tsx[2m > [22m[2mMultiple Attempts
[22m[39m[FilesContext] Vector store population complete - 3 total embeddings
[90mstdout[2m | src/components/GradedWorkbookViewer/GradedWorkbookViewer.stories.tsx[2m > [22m[2mMultiple Attempts
[22m[39m[ChatContext] Chat exists and not archived, skipping creation
[90mstdout[2m | src/components/GradedWorkbookViewer/GradedWorkbookViewer.stories.tsx[2m > [22m[2mFlagged Content
[22m[39m[ChatContext] Cleaning up subscriptions
[90mstdout[2m | src/components/GradedWorkbookViewer/GradedWorkbookViewer.stories.tsx[2m > [22m[2mFlagged Content
[22m[39m[Mock Data] Unit.onUpdate() subscription removed. Remaining: 0
[90mstdout[2m | src/components/GradedWorkbookViewer/GradedWorkbookViewer.stories.tsx[2m > [22m[2mFlagged Content
[22m[39m[MOCK CourseVectorStore] Initialized with mock data
[90mstdout[2m | src/components/GradedWorkbookViewer/GradedWorkbookViewer.stories.tsx[2m > [22m[2mFlagged Content
[22m[39m[TranslationModeController] Setting mode to: off
[90mstdout[2m | src/components/GradedWorkbookViewer/GradedWorkbookViewer.stories.tsx[2m > [22m[2mFlagged Content
[22m[39m[UnitContext] useEffect triggered {
  "authLoading": false,
  "hasUser": true,
  "id": "mock-unit-id",
  "userSub": "mock-user-sub",
}
[90mstdout[2m | src/components/GradedWorkbookViewer/GradedWorkbookViewer.stories.tsx[2m > [22m[2mFlagged Content
[22m[39m[UnitContext] Fetching unit data for id: mock-unit-id
[90mstdout[2m | src/components/GradedWorkbookViewer/GradedWorkbookViewer.stories.tsx[2m > [22m[2mFlagged Content
[22m[39m[FilesContext] Initializing vector store from IndexedDB
[90mstdout[2m | src/components/GradedWorkbookViewer/GradedWorkbookViewer.stories.tsx[2m > [22m[2mFlagged Content
[22m[39m[FilesContext] fetchFiles called
[90mstdout[2m | src/components/GradedWorkbookViewer/GradedWorkbookViewer.stories.tsx[2m > [22m[2mFlagged Content
[22m[39m[FilesContext] User authenticated: mock-user-sub
[90mstdout[2m | src/components/GradedWorkbookViewer/GradedWorkbookViewer.stories.tsx[2m > [22m[2mFlagged Content
[22m[39m[FilesContext] Identity ID: us-east-1:mock-identity-123
[90mstdout[2m | src/components/GradedWorkbookViewer/GradedWorkbookViewer.stories.tsx[2m > [22m[2mFlagged Content
[22m[39m[FilesContext] About to set up File observeQuery
[90mstdout[2m | src/components/GradedWorkbookViewer/GradedWorkbookViewer.stories.tsx[2m > [22m[2mFlagged Content
[22m[39m[ChatContext] Setting up AssistantChat observeQuery
[90mstdout[2m | src/components/GradedWorkbookViewer/GradedWorkbookViewer.stories.tsx[2m > [22m[2mFlagged Content
[22m[39m[ChatContext] Waiting for subscription to initialize
[90mstdout[2m | src/components/GradedWorkbookViewer/GradedWorkbookViewer.stories.tsx[2m > [22m[2mFlagged Content
[22m[39m[SettingsContext] Setting up Settings subscription for user: mock-user-sub
[90mstdout[2m | src/components/GradedWorkbookViewer/GradedWorkbookViewer.stories.tsx[2m > [22m[2mFlagged Content
[22m[39m[Mock Data] Settings created: mock-settings-1790417671087 - notified 0 subscribers
[90mstdout[2m | src/components/GradedWorkbookViewer/GradedWorkbookViewer.stories.tsx[2m > [22m[2mFlagged Content
[22m[39m[Mock Data] Unit.onUpdate() subscription added. Total: 1
[90mstdout[2m | src/components/GradedWorkbookViewer/GradedWorkbookViewer.stories.tsx[2m > [22m[2mFlagged Content
[22m[39m[SectionContext] Section observeQuery update: 0
[90mstdout[2m | src/components/GradedWorkbookViewer/GradedWorkbookViewer.stories.tsx[2m > [22m[2mFlagged Content
[22m[39m[FilesContext] File observeQuery update: 6 files
[90mstdout[2m | src/components/GradedWorkbookViewer/GradedWorkbookViewer.stories.tsx[2m > [22m[2mFlagged Content
[22m[39m[ChatContext] AssistantChat initialized with 1 chats
[90mstdout[2m | src/components/GradedWorkbookViewer/GradedWorkbookViewer.stories.tsx[2m > [22m[2mFlagged Content
[22m[39m[ChatContext] Setting initial chat: mock-assistant-chat-1
[90mstdout[2m | src/components/GradedWorkbookViewer/GradedWorkbookViewer.stories.tsx[2m > [22m[2mFlagged Content
[22m[39m[MOCK CourseVectorStore] Initialized with mock data
[90mstdout[2m | src/components/GradedWorkbookViewer/GradedWorkbookViewer.stories.tsx[2m > [22m[2mFlagged Content
[22m[39m[FilesContext] Vector store population triggered {
  "currentVectorStoreSize": 3,
  "documentsCount": 0,
  "filesCount": 6,
  "isInitialLoad": true,
}
[90mstdout[2m | src/components/GradedWorkbookViewer/GradedWorkbookViewer.stories.tsx[2m > [22m[2mFlagged Content
[22m[39m[FilesContext] Vector store population complete - 3 total embeddings
[90mstdout[2m | src/components/GradedWorkbookViewer/GradedWorkbookViewer.stories.tsx[2m > [22m[2mFlagged Content
[22m[39m[ChatContext] Chat exists and not archived, skipping creation
[90mstdout[2m | src/components/GradedWorkbookViewer/GradedWorkbookViewer.stories.tsx[2m > [22m[2mFlagged Content
[22m[39m[Mock Storage] downloadData called with: undefined
[90mstdout[2m | src/components/GradedWorkbookViewer/GradedWorkbookViewer.stories.tsx[2m > [22m[2mFlagged Content
[22m[39mfilterWords {
  "filter": "",
  "wordsCount": 0,
}
[90mstdout[2m | src/components/GradedWorkbookViewer/GradedWorkbookViewer.stories.tsx[2m > [22m[2mPending Moderation
[22m[39m[ChatContext] Cleaning up subscriptions
[90mstdout[2m | src/components/GradedWorkbookViewer/GradedWorkbookViewer.stories.tsx[2m > [22m[2mPending Moderation
[22m[39m[Mock Data] Unit.onUpdate() subscription removed. Remaining: 0
[90mstdout[2m | src/components/GradedWorkbookViewer/GradedWorkbookViewer.stories.tsx[2m > [22m[2mPending Moderation
[22m[39m[MOCK CourseVectorStore] Initialized with mock data
[90mstdout[2m | src/components/GradedWorkbookViewer/GradedWorkbookViewer.stories.tsx[2m > [22m[2mPending Moderation
[22m[39m[TranslationModeController] Setting mode to: off
[90mstdout[2m | src/components/GradedWorkbookViewer/GradedWorkbookViewer.stories.tsx[2m > [22m[2mPending Moderation
[22m[39m[UnitContext] useEffect triggered {
  "authLoading": false,
  "hasUser": true,
  "id": "mock-unit-id",
  "userSub": "mock-user-sub",
}
[90mstdout[2m | src/components/GradedWorkbookViewer/GradedWorkbookViewer.stories.tsx[2m > [22m[2mPending Moderation
[22m[39m[UnitContext] Fetching unit data for id: mock-unit-id
[90mstdout[2m | src/components/GradedWorkbookViewer/GradedWorkbookViewer.stories.tsx[2m > [22m[2mPending Moderation
[22m[39m[FilesContext] Initializing vector store from IndexedDB
[90mstdout[2m | src/components/GradedWorkbookViewer/GradedWorkbookViewer.stories.tsx[2m > [22m[2mPending Moderation
[22m[39m[FilesContext] fetchFiles called
[90mstdout[2m | src/components/GradedWorkbookViewer/GradedWorkbookViewer.stories.tsx[2m > [22m[2mPending Moderation
[22m[39m[FilesContext] User authenticated: mock-user-sub
[90mstdout[2m | src/components/GradedWorkbookViewer/GradedWorkbookViewer.stories.tsx[2m > [22m[2mPending Moderation
[22m[39m[FilesContext] Identity ID: us-east-1:mock-identity-123
[90mstdout[2m | src/components/GradedWorkbookViewer/GradedWorkbookViewer.stories.tsx[2m > [22m[2mPending Moderation
[22m[39m[FilesContext] About to set up File observeQuery
[90mstdout[2m | src/components/GradedWorkbookViewer/GradedWorkbookViewer.stories.tsx[2m > [22m[2mPending Moderation
[22m[39m[ChatContext] Setting up AssistantChat observeQuery
[90mstdout[2m | src/components/GradedWorkbookViewer/GradedWorkbookViewer.stories.tsx[2m > [22m[2mPending Moderation
[22m[39m[ChatContext] Waiting for subscription to initialize
[90mstdout[2m | src/components/GradedWorkbookViewer/GradedWorkbookViewer.stories.tsx[2m > [22m[2mPending Moderation
[22m[39m[SettingsContext] Setting up Settings subscription for user: mock-user-sub
[90mstdout[2m | src/components/GradedWorkbookViewer/GradedWorkbookViewer.stories.tsx[2m > [22m[2mPending Moderation
[22m[39m[Mock Data] Settings created: mock-settings-1790417671737 - notified 0 subscribers
[90mstdout[2m | src/components/GradedWorkbookViewer/GradedWorkbookViewer.stories.tsx[2m > [22m[2mPending Moderation
[22m[39m[Mock Data] Unit.onUpdate() subscription added. Total: 1
[90mstdout[2m | src/components/GradedWorkbookViewer/GradedWorkbookViewer.stories.tsx[2m > [22m[2mPending Moderation
[22m[39m[SectionContext] Section observeQuery update: 0
[90mstdout[2m | src/components/GradedWorkbookViewer/GradedWorkbookViewer.stories.tsx[2m > [22m[2mPending Moderation
[22m[39m[FilesContext] File observeQuery update: 6 files
[90mstdout[2m | src/components/GradedWorkbookViewer/GradedWorkbookViewer.stories.tsx[2m > [22m[2mPending Moderation
[22m[39m[ChatContext] AssistantChat initialized with 1 chats
[90mstdout[2m | src/components/GradedWorkbookViewer/GradedWorkbookViewer.stories.tsx[2m > [22m[2mPending Moderation
[22m[39m[ChatContext] Setting initial chat: mock-assistant-chat-1
[90mstdout[2m | src/components/GradedWorkbookViewer/GradedWorkbookViewer.stories.tsx[2m > [22m[2mPending Moderation
[22m[39m[MOCK CourseVectorStore] Initialized with mock data
[90mstdout[2m | src/components/GradedWorkbookViewer/GradedWorkbookViewer.stories.tsx[2m > [22m[2mPending Moderation
[22m[39m[FilesContext] Vector store population triggered {
  "currentVectorStoreSize": 3,
  "documentsCount": 0,
  "filesCount": 6,
  "isInitialLoad": true,
}
[90mstdout[2m | src/components/GradedWorkbookViewer/GradedWorkbookViewer.stories.tsx[2m > [22m[2mPending Moderation
[22m[39m[FilesContext] Vector store population complete - 3 total embeddings
[90mstdout[2m | src/components/GradedWorkbookViewer/GradedWorkbookViewer.stories.tsx[2m > [22m[2mPending Moderation
[22m[39m[ChatContext] Chat exists and not archived, skipping creation
[90mstdout[2m | src/components/GradedWorkbookViewer/GradedWorkbookViewer.stories.tsx[2m > [22m[2mPending Moderation
[22m[39m[Mock Storage] downloadData called with: undefined
[90mstdout[2m | src/components/GradedWorkbookViewer/GradedWorkbookViewer.stories.tsx[2m > [22m[2mSingle Attempt High Score
[22m[39m[ChatContext] Cleaning up subscriptions
[90mstdout[2m | src/components/GradedWorkbookViewer/GradedWorkbookViewer.stories.tsx[2m > [22m[2mSingle Attempt High Score
[22m[39m[Mock Data] Unit.onUpdate() subscription removed. Remaining: 0
[90mstdout[2m | src/components/GradedWorkbookViewer/GradedWorkbookViewer.stories.tsx[2m > [22m[2mSingle Attempt High Score
[22m[39m[MOCK CourseVectorStore] Initialized with mock data
[90mstdout[2m | src/components/GradedWorkbookViewer/GradedWorkbookViewer.stories.tsx[2m > [22m[2mSingle Attempt High Score
[22m[39m[TranslationModeController] Setting mode to: off
[90mstdout[2m | src/components/GradedWorkbookViewer/GradedWorkbookViewer.stories.tsx[2m > [22m[2mSingle Attempt High Score
[22m[39m[UnitContext] useEffect triggered {
  "authLoading": false,
  "hasUser": true,
  "id": "mock-unit-id",
  "userSub": "mock-user-sub",
}
[90mstdout[2m | src/components/GradedWorkbookViewer/GradedWorkbookViewer.stories.tsx[2m > [22m[2mSingle Attempt High Score
[22m[39m[UnitContext] Fetching unit data for id: mock-unit-id
[90mstdout[2m | src/components/GradedWorkbookViewer/GradedWorkbookViewer.stories.tsx[2m > [22m[2mSingle Attempt High Score
[22m[39m[FilesContext] Initializing vector store from IndexedDB
[90mstdout[2m | src/components/GradedWorkbookViewer/GradedWorkbookViewer.stories.tsx[2m > [22m[2mSingle Attempt High Score
[22m[39m[FilesContext] fetchFiles called
[90mstdout[2m | src/components/GradedWorkbookViewer/GradedWorkbookViewer.stories.tsx[2m > [22m[2mSingle Attempt High Score
[22m[39m[FilesContext] User authenticated: mock-user-sub
[90mstdout[2m | src/components/GradedWorkbookViewer/GradedWorkbookViewer.stories.tsx[2m > [22m[2mSingle Attempt High Score
[22m[39m[FilesContext] Identity ID: us-east-1:mock-identity-123
[90mstdout[2m | src/components/GradedWorkbookViewer/GradedWorkbookViewer.stories.tsx[2m > [22m[2mSingle Attempt High Score
[22m[39m[FilesContext] About to set up File observeQuery
[90mstdout[2m | src/components/GradedWorkbookViewer/GradedWorkbookViewer.stories.tsx[2m > [22m[2mSingle Attempt High Score
[22m[39m[ChatContext] Setting up AssistantChat observeQuery
[90mstdout[2m | src/components/GradedWorkbookViewer/GradedWorkbookViewer.stories.tsx[2m > [22m[2mSingle Attempt High Score
[22m[39m[ChatContext] Waiting for subscription to initialize
[90mstdout[2m | src/components/GradedWorkbookViewer/GradedWorkbookViewer.stories.tsx[2m > [22m[2mSingle Attempt High Score
[22m[39m[SettingsContext] Setting up Settings subscription for user: mock-user-sub
[90mstdout[2m | src/components/GradedWorkbookViewer/GradedWorkbookViewer.stories.tsx[2m > [22m[2mSingle Attempt High Score
[22m[39m[Mock Data] Settings created: mock-settings-1790417672228 - notified 0 subscribers
[90mstdout[2m | src/components/GradedWorkbookViewer/GradedWorkbookViewer.stories.tsx[2m > [22m[2mSingle Attempt High Score
[22m[39m[Mock Data] Unit.onUpdate() subscription added. Total: 1
[90mstdout[2m | src/components/GradedWorkbookViewer/GradedWorkbookViewer.stories.tsx[2m > [22m[2mSingle Attempt High Score
[22m[39m[SectionContext] Section observeQuery update: 0
[90mstdout[2m | src/components/GradedWorkbookViewer/GradedWorkbookViewer.stories.tsx[2m > [22m[2mSingle Attempt High Score
[22m[39m[FilesContext] File observeQuery update: 6 files
[90mstdout[2m | src/components/GradedWorkbookViewer/GradedWorkbookViewer.stories.tsx[2m > [22m[2mSingle Attempt High Score
[22m[39m[ChatContext] AssistantChat initialized with 1 chats
[90mstdout[2m | src/components/GradedWorkbookViewer/GradedWorkbookViewer.stories.tsx[2m > [22m[2mSingle Attempt High Score
[22m[39m[ChatContext] Setting initial chat: mock-assistant-chat-1
[90mstdout[2m | src/components/GradedWorkbookViewer/GradedWorkbookViewer.stories.tsx[2m > [22m[2mSingle Attempt High Score
[22m[39m[MOCK CourseVectorStore] Initialized with mock data
[90mstdout[2m | src/components/GradedWorkbookViewer/GradedWorkbookViewer.stories.tsx[2m > [22m[2mSingle Attempt High Score
[22m[39m[FilesContext] Vector store population triggered {
  "currentVectorStoreSize": 3,
  "documentsCount": 0,
  "filesCount": 6,
  "isInitialLoad": true,
}
[90mstdout[2m | src/components/GradedWorkbookViewer/GradedWorkbookViewer.stories.tsx[2m > [22m[2mSingle Attempt High Score
[22m[39m[FilesContext] Vector store population complete - 3 total embeddings
[90mstdout[2m | src/components/GradedWorkbookViewer/GradedWorkbookViewer.stories.tsx[2m > [22m[2mSingle Attempt High Score
[22m[39m[ChatContext] Chat exists and not archived, skipping creation
[90mstdout[2m | src/components/GradedWorkbookViewer/GradedWorkbookViewer.stories.tsx[2m > [22m[2mSingle Attempt High Score
[22m[39m[Mock Storage] downloadData called with: undefined
[90mstdout[2m | src/components/GradedWorkbookViewer/GradedWorkbookViewer.stories.tsx[2m > [22m[2mSingle Attempt Low Score
[22m[39m[ChatContext] Cleaning up subscriptions
[90mstdout[2m | src/components/GradedWorkbookViewer/GradedWorkbookViewer.stories.tsx[2m > [22m[2mSingle Attempt Low Score
[22m[39m[Mock Data] Unit.onUpdate() subscription removed. Remaining: 0
[90mstdout[2m | src/components/GradedWorkbookViewer/GradedWorkbookViewer.stories.tsx[2m > [22m[2mSingle Attempt Low Score
[22m[39m[MOCK CourseVectorStore] Initialized with mock data
[90mstdout[2m | src/components/GradedWorkbookViewer/GradedWorkbookViewer.stories.tsx[2m > [22m[2mSingle Attempt Low Score
[22m[39m[TranslationModeController] Setting mode to: off
[90mstdout[2m | src/components/GradedWorkbookViewer/GradedWorkbookViewer.stories.tsx[2m > [22m[2mSingle Attempt Low Score
[22m[39m[UnitContext] useEffect triggered {
  "authLoading": false,
  "hasUser": true,
  "id": "mock-unit-id",
  "userSub": "mock-user-sub",
}
[90mstdout[2m | src/components/GradedWorkbookViewer/GradedWorkbookViewer.stories.tsx[2m > [22m[2mSingle Attempt Low Score
[22m[39m[UnitContext] Fetching unit data for id: mock-unit-id
[90mstdout[2m | src/components/GradedWorkbookViewer/GradedWorkbookViewer.stories.tsx[2m > [22m[2mSingle Attempt Low Score
[22m[39m[FilesContext] Initializing vector store from IndexedDB
[90mstdout[2m | src/components/GradedWorkbookViewer/GradedWorkbookViewer.stories.tsx[2m > [22m[2mSingle Attempt Low Score
[22m[39m[FilesContext] fetchFiles called
[90mstdout[2m | src/components/GradedWorkbookViewer/GradedWorkbookViewer.stories.tsx[2m > [22m[2mSingle Attempt Low Score
[22m[39m[FilesContext] User authenticated: mock-user-sub
[90mstdout[2m | src/components/GradedWorkbookViewer/GradedWorkbookViewer.stories.tsx[2m > [22m[2mSingle Attempt Low Score
[22m[39m[FilesContext] Identity ID: us-east-1:mock-identity-123
[90mstdout[2m | src/components/GradedWorkbookViewer/GradedWorkbookViewer.stories.tsx[2m > [22m[2mSingle Attempt Low Score
[22m[39m[FilesContext] About to set up File observeQuery
[90mstdout[2m | src/components/GradedWorkbookViewer/GradedWorkbookViewer.stories.tsx[2m > [22m[2mSingle Attempt Low Score
[22m[39m[ChatContext] Setting up AssistantChat observeQuery
[90mstdout[2m | src/components/GradedWorkbookViewer/GradedWorkbookViewer.stories.tsx[2m > [22m[2mSingle Attempt Low Score
[22m[39m[ChatContext] Waiting for subscription to initialize
[90mstdout[2m | src/components/GradedWorkbookViewer/GradedWorkbookViewer.stories.tsx[2m > [22m[2mSingle Attempt Low Score
[22m[39m[SettingsContext] Setting up Settings subscription for user: mock-user-sub
[90mstdout[2m | src/components/GradedWorkbookViewer/GradedWorkbookViewer.stories.tsx[2m > [22m[2mSingle Attempt Low Score
[22m[39m[Mock Data] Settings created: mock-settings-1790417672911 - notified 0 subscribers
[90mstdout[2m | src/components/GradedWorkbookViewer/GradedWorkbookViewer.stories.tsx[2m > [22m[2mSingle Attempt Low Score
[22m[39m[Mock Data] Unit.onUpdate() subscription added. Total: 1
[90mstdout[2m | src/components/GradedWorkbookViewer/GradedWorkbookViewer.stories.tsx[2m > [22m[2mSingle Attempt Low Score
[22m[39m[SectionContext] Section observeQuery update: 0
[90mstdout[2m | src/components/GradedWorkbookViewer/GradedWorkbookViewer.stories.tsx[2m > [22m[2mSingle Attempt Low Score
[22m[39m[FilesContext] File observeQuery update: 6 files
[90mstdout[2m | src/components/GradedWorkbookViewer/GradedWorkbookViewer.stories.tsx[2m > [22m[2mSingle Attempt Low Score
[22m[39m[ChatContext] AssistantChat initialized with 1 chats
[90mstdout[2m | src/components/GradedWorkbookViewer/GradedWorkbookViewer.stories.tsx[2m > [22m[2mSingle Attempt Low Score
[22m[39m[ChatContext] Setting initial chat: mock-assistant-chat-1
[90mstdout[2m | src/components/GradedWorkbookViewer/GradedWorkbookViewer.stories.tsx[2m > [22m[2mSingle Attempt Low Score
[22m[39m[MOCK CourseVectorStore] Initialized with mock data
[90mstdout[2m | src/components/GradedWorkbookViewer/GradedWorkbookViewer.stories.tsx[2m > [22m[2mSingle Attempt Low Score
[22m[39m[FilesContext] Vector store population triggered {
  "currentVectorStoreSize": 3,
  "documentsCount": 0,
  "filesCount": 6,
  "isInitialLoad": true,
}
[90mstdout[2m | src/components/GradedWorkbookViewer/GradedWorkbookViewer.stories.tsx[2m > [22m[2mSingle Attempt Low Score
[22m[39m[FilesContext] Vector store population complete - 3 total embeddings
[90mstdout[2m | src/components/GradedWorkbookViewer/GradedWorkbookViewer.stories.tsx[2m > [22m[2mSingle Attempt Low Score
[22m[39m[ChatContext] Chat exists and not archived, skipping creation
[90mstdout[2m | src/components/GradedWorkbookViewer/GradedWorkbookViewer.stories.tsx[2m > [22m[2mSingle Attempt Low Score
[22m[39m[Mock Storage] downloadData called with: undefined
[90mstdout[2m | src/components/GradedWorkbookViewer/GradedWorkbookViewer.stories.tsx[2m > [22m[2mNo Moderation
[22m[39m[ChatContext] Cleaning up subscriptions
[90mstdout[2m | src/components/GradedWorkbookViewer/GradedWorkbookViewer.stories.tsx[2m > [22m[2mNo Moderation
[22m[39m[Mock Data] Unit.onUpdate() subscription removed. Remaining: 0
[90mstdout[2m | src/components/GradedWorkbookViewer/GradedWorkbookViewer.stories.tsx[2m > [22m[2mNo Moderation
[22m[39m[MOCK CourseVectorStore] Initialized with mock data
[90mstdout[2m | src/components/GradedWorkbookViewer/GradedWorkbookViewer.stories.tsx[2m > [22m[2mNo Moderation
[22m[39m[TranslationModeController] Setting mode to: off
[90mstdout[2m | src/components/GradedWorkbookViewer/GradedWorkbookViewer.stories.tsx[2m > [22m[2mNo Moderation
[22m[39m[UnitContext] useEffect triggered {
  "authLoading": false,
  "hasUser": true,
  "id": "mock-unit-id",
  "userSub": "mock-user-sub",
}
[90mstdout[2m | src/components/GradedWorkbookViewer/GradedWorkbookViewer.stories.tsx[2m > [22m[2mNo Moderation
[22m[39m[UnitContext] Fetching unit data for id: mock-unit-id
[90mstdout[2m | src/components/GradedWorkbookViewer/GradedWorkbookViewer.stories.tsx[2m > [22m[2mNo Moderation
[22m[39m[FilesContext] Initializing vector store from IndexedDB
[90mstdout[2m | src/components/GradedWorkbookViewer/GradedWorkbookViewer.stories.tsx[2m > [22m[2mNo Moderation
[22m[39m[FilesContext] fetchFiles called
[90mstdout[2m | src/components/GradedWorkbookViewer/GradedWorkbookViewer.stories.tsx[2m > [22m[2mNo Moderation
[22m[39m[FilesContext] User authenticated: mock-user-sub
[90mstdout[2m | src/components/GradedWorkbookViewer/GradedWorkbookViewer.stories.tsx[2m > [22m[2mNo Moderation
[22m[39m[FilesContext] Identity ID: us-east-1:mock-identity-123
[90mstdout[2m | src/components/GradedWorkbookViewer/GradedWorkbookViewer.stories.tsx[2m > [22m[2mNo Moderation
[22m[39m[FilesContext] About to set up File observeQuery
[90mstdout[2m | src/components/GradedWorkbookViewer/GradedWorkbookViewer.stories.tsx[2m > [22m[2mNo Moderation
[22m[39m[ChatContext] Setting up AssistantChat observeQuery
[90mstdout[2m | src/components/GradedWorkbookViewer/GradedWorkbookViewer.stories.tsx[2m > [22m[2mNo Moderation
[22m[39m[ChatContext] Waiting for subscription to initialize
[90mstdout[2m | src/components/GradedWorkbookViewer/GradedWorkbookViewer.stories.tsx[2m > [22m[2mNo Moderation
[22m[39m[SettingsContext] Setting up Settings subscription for user: mock-user-sub
[90mstdout[2m | src/components/GradedWorkbookViewer/GradedWorkbookViewer.stories.tsx[2m > [22m[2mNo Moderation
[22m[39m[Mock Data] Settings created: mock-settings-1790417673589 - notified 0 subscribers
[90mstdout[2m | src/components/GradedWorkbookViewer/GradedWorkbookViewer.stories.tsx[2m > [22m[2mNo Moderation
[22m[39m[Mock Data] Unit.onUpdate() subscription added. Total: 1
[90mstdout[2m | src/components/GradedWorkbookViewer/GradedWorkbookViewer.stories.tsx[2m > [22m[2mNo Moderation
[22m[39m[SectionContext] Section observeQuery update: 0
[90mstdout[2m | src/components/GradedWorkbookViewer/GradedWorkbookViewer.stories.tsx[2m > [22m[2mNo Moderation
[22m[39m[FilesContext] File observeQuery update: 6 files
[90mstdout[2m | src/components/GradedWorkbookViewer/GradedWorkbookViewer.stories.tsx[2m > [22m[2mNo Moderation
[22m[39m[ChatContext] AssistantChat initialized with 1 chats
[90mstdout[2m | src/components/GradedWorkbookViewer/GradedWorkbookViewer.stories.tsx[2m > [22m[2mNo Moderation
[22m[39m[ChatContext] Setting initial chat: mock-assistant-chat-1
[90mstdout[2m | src/components/GradedWorkbookViewer/GradedWorkbookViewer.stories.tsx[2m > [22m[2mNo Moderation
[22m[39m[MOCK CourseVectorStore] Initialized with mock data
[90mstdout[2m | src/components/GradedWorkbookViewer/GradedWorkbookViewer.stories.tsx[2m > [22m[2mNo Moderation
[22m[39m[FilesContext] Vector store population triggered {
  "currentVectorStoreSize": 3,
  "documentsCount": 0,
  "filesCount": 6,
  "isInitialLoad": true,
}
[90mstdout[2m | src/components/GradedWorkbookViewer/GradedWorkbookViewer.stories.tsx[2m > [22m[2mNo Moderation
[22m[39m[FilesContext] Vector store population complete - 3 total embeddings
[90mstdout[2m | src/components/GradedWorkbookViewer/GradedWorkbookViewer.stories.tsx[2m > [22m[2mNo Moderation
[22m[39m[ChatContext] Chat exists and not archived, skipping creation
[90mstdout[2m | src/components/GradedWorkbookViewer/GradedWorkbookViewer.stories.tsx[2m > [22m[2mNo Moderation
[22m[39m[Mock Storage] downloadData called with: undefined
 [32m✓[39m [30m[45m storybook (chromium) [49m[39m src/components/GradedWorkbookViewer/GradedWorkbookViewer.stories.tsx [2m([22m[2m6 tests[22m[2m)[22m[33m 6017[2mms[22m[39m
   [33m[2m✓[22m[39m Multiple Attempts [33m 2006[2mms[22m[39m
   [33m[2m✓[22m[39m Flagged Content [33m 731[2mms[22m[39m
   [33m[2m✓[22m[39m Pending Moderation [33m 578[2mms[22m[39m
   [33m[2m✓[22m[39m Single Attempt High Score [33m 641[2mms[22m[39m
   [33m[2m✓[22m[39m Single Attempt Low Score [33m 609[2mms[22m[39m
   [33m[2m✓[22m[39m No Moderation [33m 739[2mms[22m[39m
[90mstdout[2m | unknown test
[22m[39m[MOCK vectorStoreDB.js] Module loaded - mock IndexedDB operations
[90mstdout[2m | unknown test
[22m[39m[Task Completion] DOM action listeners initialized
[90mstdout[2m | unknown test
[22m[39m[Task Completion] Auto-completion detector initialized
[90mstdout[2m | unknown test
[22m[39m[Preview] Task completion detector initialized
[90mstdout[2m | src/components/GroupChallengeEditor.stories.tsx[2m > [22m[2mDefault
[22m[39m[MOCK CourseVectorStore] Initialized with mock data
[90mstdout[2m | src/components/GroupChallengeEditor.stories.tsx[2m > [22m[2mDefault
[22m[39m[TranslationModeController] Setting mode to: off
[90mstdout[2m | src/components/GroupChallengeEditor.stories.tsx[2m > [22m[2mDefault
[22m[39m[UnitContext] useEffect triggered {
  "authLoading": false,
  "hasUser": true,
  "id": "mock-unit-id",
  "userSub": "mock-user-sub",
}
[90mstdout[2m | src/components/GroupChallengeEditor.stories.tsx[2m > [22m[2mDefault
[22m[39m[UnitContext] Fetching unit data for id: mock-unit-id
[90mstdout[2m | src/components/GroupChallengeEditor.stories.tsx[2m > [22m[2mDefault
[22m[39m[FilesContext] Initializing vector store from IndexedDB
[90mstdout[2m | src/components/GroupChallengeEditor.stories.tsx[2m > [22m[2mDefault
[22m[39m[FilesContext] fetchFiles called
[90mstdout[2m | src/components/GroupChallengeEditor.stories.tsx[2m > [22m[2mDefault
[22m[39m[FilesContext] User authenticated: mock-user-sub
[90mstdout[2m | src/components/GroupChallengeEditor.stories.tsx[2m > [22m[2mDefault
[22m[39m[FilesContext] Identity ID: us-east-1:mock-identity-123
[90mstdout[2m | src/components/GroupChallengeEditor.stories.tsx[2m > [22m[2mDefault
[22m[39m[FilesContext] About to set up File observeQuery
[90mstdout[2m | src/components/GroupChallengeEditor.stories.tsx[2m > [22m[2mDefault
[22m[39m[ChatContext] Setting up AssistantChat observeQuery
[90mstdout[2m | src/components/GroupChallengeEditor.stories.tsx[2m > [22m[2mDefault
[22m[39m[ChatContext] Waiting for subscription to initialize
[90mstdout[2m | src/components/GroupChallengeEditor.stories.tsx[2m > [22m[2mDefault
[22m[39m[SettingsContext] Setting up Settings subscription for user: mock-user-sub
[90mstdout[2m | src/components/GroupChallengeEditor.stories.tsx[2m > [22m[2mDefault
[22m[39m[Mock Data] Settings created: mock-settings-1790417678224 - notified 0 subscribers
[90mstdout[2m | src/components/GroupChallengeEditor.stories.tsx[2m > [22m[2mDefault
[22m[39m[Mock Data] Unit.onUpdate() subscription added. Total: 1
[90mstdout[2m | src/components/GroupChallengeEditor.stories.tsx[2m > [22m[2mDefault
[22m[39m[SectionContext] Section observeQuery update: 0
[90mstdout[2m | src/components/GroupChallengeEditor.stories.tsx[2m > [22m[2mDefault
[22m[39m[FilesContext] File observeQuery update: 6 files
[90mstdout[2m | src/components/GroupChallengeEditor.stories.tsx[2m > [22m[2mDefault
[22m[39m[ChatContext] AssistantChat initialized with 1 chats
[90mstdout[2m | src/components/GroupChallengeEditor.stories.tsx[2m > [22m[2mDefault
[22m[39m[ChatContext] Setting initial chat: mock-assistant-chat-1
[90mstdout[2m | src/components/GroupChallengeEditor.stories.tsx[2m > [22m[2mDefault
[22m[39m[MOCK CourseVectorStore] Initialized with mock data
[90mstdout[2m | src/components/GroupChallengeEditor.stories.tsx[2m > [22m[2mDefault
[22m[39m[FilesContext] Vector store population triggered {
  "currentVectorStoreSize": 3,
  "documentsCount": 0,
  "filesCount": 6,
  "isInitialLoad": true,
}
[90mstdout[2m | src/components/GroupChallengeEditor.stories.tsx[2m > [22m[2mDefault
[22m[39m[FilesContext] Vector store population complete - 3 total embeddings
[90mstdout[2m | src/components/GroupChallengeEditor.stories.tsx[2m > [22m[2mDefault
[22m[39m[ChatContext] Chat exists and not archived, skipping creation
[90mstdout[2m | src/components/GroupChallengeEditor.stories.tsx[2m > [22m[2mDefault
[22m[39m[Mock Storage] downloadData called with: undefined
[90mstdout[2m | src/components/GroupChallengeEditor.stories.tsx[2m > [22m[2mEdit With Progress
[22m[39m[ChatContext] Cleaning up subscriptions
[90mstdout[2m | src/components/GroupChallengeEditor.stories.tsx[2m > [22m[2mEdit With Progress
[22m[39m[Mock Data] Unit.onUpdate() subscription removed. Remaining: 0
[90mstdout[2m | src/components/GroupChallengeEditor.stories.tsx[2m > [22m[2mEdit With Progress
[22m[39m[MOCK CourseVectorStore] Initialized with mock data
[90mstdout[2m | src/components/GroupChallengeEditor.stories.tsx[2m > [22m[2mEdit With Progress
[22m[39m[TranslationModeController] Setting mode to: off
[90mstdout[2m | src/components/GroupChallengeEditor.stories.tsx[2m > [22m[2mEdit With Progress
[22m[39m[UnitContext] useEffect triggered {
  "authLoading": false,
  "hasUser": true,
  "id": "mock-unit-id",
  "userSub": "mock-user-sub",
}
[90mstdout[2m | src/components/GroupChallengeEditor.stories.tsx[2m > [22m[2mEdit With Progress
[22m[39m[UnitContext] Fetching unit data for id: mock-unit-id
[90mstdout[2m | src/components/GroupChallengeEditor.stories.tsx[2m > [22m[2mEdit With Progress
[22m[39m[FilesContext] Initializing vector store from IndexedDB
[90mstdout[2m | src/components/GroupChallengeEditor.stories.tsx[2m > [22m[2mEdit With Progress
[22m[39m[FilesContext] fetchFiles called
[90mstdout[2m | src/components/GroupChallengeEditor.stories.tsx[2m > [22m[2mEdit With Progress
[22m[39m[FilesContext] User authenticated: mock-user-sub
[90mstdout[2m | src/components/GroupChallengeEditor.stories.tsx[2m > [22m[2mEdit With Progress
[22m[39m[FilesContext] Identity ID: us-east-1:mock-identity-123
[90mstdout[2m | src/components/GroupChallengeEditor.stories.tsx[2m > [22m[2mEdit With Progress
[22m[39m[FilesContext] About to set up File observeQuery
[90mstdout[2m | src/components/GroupChallengeEditor.stories.tsx[2m > [22m[2mEdit With Progress
[22m[39m[ChatContext] Setting up AssistantChat observeQuery
[90mstdout[2m | src/components/GroupChallengeEditor.stories.tsx[2m > [22m[2mEdit With Progress
[22m[39m[ChatContext] Waiting for subscription to initialize
[90mstdout[2m | src/components/GroupChallengeEditor.stories.tsx[2m > [22m[2mEdit With Progress
[22m[39m[SettingsContext] Setting up Settings subscription for user: mock-user-sub
[90mstdout[2m | src/components/GroupChallengeEditor.stories.tsx[2m > [22m[2mEdit With Progress
[22m[39m[Mock Data] Settings created: mock-settings-1790417679548 - notified 0 subscribers
[90mstdout[2m | src/components/GroupChallengeEditor.stories.tsx[2m > [22m[2mEdit With Progress
[22m[39m[Mock Data] Unit.onUpdate() subscription added. Total: 1
[90mstdout[2m | src/components/GroupChallengeEditor.stories.tsx[2m > [22m[2mEdit With Progress
[22m[39m[SectionContext] Section observeQuery update: 0
[90mstdout[2m | src/components/GroupChallengeEditor.stories.tsx[2m > [22m[2mEdit With Progress
[22m[39m[FilesContext] File observeQuery update: 6 files
[90mstdout[2m | src/components/GroupChallengeEditor.stories.tsx[2m > [22m[2mEdit With Progress
[22m[39m[ChatContext] AssistantChat initialized with 1 chats
[90mstdout[2m | src/components/GroupChallengeEditor.stories.tsx[2m > [22m[2mEdit With Progress
[22m[39m[ChatContext] Setting initial chat: mock-assistant-chat-1
[90mstdout[2m | src/components/GroupChallengeEditor.stories.tsx[2m > [22m[2mEdit With Progress
[22m[39m[MOCK CourseVectorStore] Initialized with mock data
[90mstdout[2m | src/components/GroupChallengeEditor.stories.tsx[2m > [22m[2mEdit With Progress
[22m[39m[FilesContext] Vector store population triggered {
  "currentVectorStoreSize": 3,
  "documentsCount": 0,
  "filesCount": 6,
  "isInitialLoad": true,
}
[90mstdout[2m | src/components/GroupChallengeEditor.stories.tsx[2m > [22m[2mEdit With Progress
[22m[39m[FilesContext] Vector store population complete - 3 total embeddings
[90mstdout[2m | src/components/GroupChallengeEditor.stories.tsx[2m > [22m[2mEdit With Progress
[22m[39m[ChatContext] Chat exists and not archived, skipping creation
[90mstdout[2m | src/components/GroupChallengeEditor.stories.tsx[2m > [22m[2mEdit With Progress
[22m[39m[Mock Storage] downloadData called with: undefined
[90mstdout[2m | src/components/GroupChallengeEditor.stories.tsx[2m > [22m[2mExpired Deadline
[22m[39m[ChatContext] Cleaning up subscriptions
[90mstdout[2m | src/components/GroupChallengeEditor.stories.tsx[2m > [22m[2mExpired Deadline
[22m[39m[Mock Data] Unit.onUpdate() subscription removed. Remaining: 0
[90mstdout[2m | src/components/GroupChallengeEditor.stories.tsx[2m > [22m[2mExpired Deadline
[22m[39m[MOCK CourseVectorStore] Initialized with mock data
[90mstdout[2m | src/components/GroupChallengeEditor.stories.tsx[2m > [22m[2mExpired Deadline
[22m[39m[TranslationModeController] Setting mode to: off
[90mstdout[2m | src/components/GroupChallengeEditor.stories.tsx[2m > [22m[2mExpired Deadline
[22m[39m[UnitContext] useEffect triggered {
  "authLoading": false,
  "hasUser": true,
  "id": "mock-unit-id",
  "userSub": "mock-user-sub",
}
[90mstdout[2m | src/components/GroupChallengeEditor.stories.tsx[2m > [22m[2mExpired Deadline
[22m[39m[UnitContext] Fetching unit data for id: mock-unit-id
[90mstdout[2m | src/components/GroupChallengeEditor.stories.tsx[2m > [22m[2mExpired Deadline
[22m[39m[FilesContext] Initializing vector store from IndexedDB
[90mstdout[2m | src/components/GroupChallengeEditor.stories.tsx[2m > [22m[2mExpired Deadline
[22m[39m[FilesContext] fetchFiles called
[90mstdout[2m | src/components/GroupChallengeEditor.stories.tsx[2m > [22m[2mExpired Deadline
[22m[39m[FilesContext] User authenticated: mock-user-sub
[90mstdout[2m | src/components/GroupChallengeEditor.stories.tsx[2m > [22m[2mExpired Deadline
[22m[39m[FilesContext] Identity ID: us-east-1:mock-identity-123
[90mstdout[2m | src/components/GroupChallengeEditor.stories.tsx[2m > [22m[2mExpired Deadline
[22m[39m[FilesContext] About to set up File observeQuery
[90mstdout[2m | src/components/GroupChallengeEditor.stories.tsx[2m > [22m[2mExpired Deadline
[22m[39m[ChatContext] Setting up AssistantChat observeQuery
[90mstdout[2m | src/components/GroupChallengeEditor.stories.tsx[2m > [22m[2mExpired Deadline
[22m[39m[ChatContext] Waiting for subscription to initialize
[90mstdout[2m | src/components/GroupChallengeEditor.stories.tsx[2m > [22m[2mExpired Deadline
[22m[39m[SettingsContext] Setting up Settings subscription for user: mock-user-sub
[90mstdout[2m | src/components/GroupChallengeEditor.stories.tsx[2m > [22m[2mExpired Deadline
[22m[39m[Mock Data] Settings created: mock-settings-1790417680941 - notified 0 subscribers
[90mstdout[2m | src/components/GroupChallengeEditor.stories.tsx[2m > [22m[2mExpired Deadline
[22m[39m[Mock Data] Unit.onUpdate() subscription added. Total: 1
[90mstdout[2m | src/components/GroupChallengeEditor.stories.tsx[2m > [22m[2mExpired Deadline
[22m[39m[SectionContext] Section observeQuery update: 0
[90mstdout[2m | src/components/GroupChallengeEditor.stories.tsx[2m > [22m[2mExpired Deadline
[22m[39m[FilesContext] File observeQuery update: 6 files
[90mstdout[2m | src/components/GroupChallengeEditor.stories.tsx[2m > [22m[2mExpired Deadline
[22m[39m[ChatContext] AssistantChat initialized with 1 chats
[90mstdout[2m | src/components/GroupChallengeEditor.stories.tsx[2m > [22m[2mExpired Deadline
[22m[39m[ChatContext] Setting initial chat: mock-assistant-chat-1
[90mstdout[2m | src/components/GroupChallengeEditor.stories.tsx[2m > [22m[2mExpired Deadline
[22m[39m[MOCK CourseVectorStore] Initialized with mock data
[90mstdout[2m | src/components/GroupChallengeEditor.stories.tsx[2m > [22m[2mExpired Deadline
[22m[39m[FilesContext] Vector store population triggered {
  "currentVectorStoreSize": 3,
  "documentsCount": 0,
  "filesCount": 6,
  "isInitialLoad": true,
}
[90mstdout[2m | src/components/GroupChallengeEditor.stories.tsx[2m > [22m[2mExpired Deadline
[22m[39m[FilesContext] Vector store population complete - 3 total embeddings
[90mstdout[2m | src/components/GroupChallengeEditor.stories.tsx[2m > [22m[2mExpired Deadline
[22m[39m[ChatContext] Chat exists and not archived, skipping creation
[90mstdout[2m | src/components/GroupChallengeEditor.stories.tsx[2m > [22m[2mExpired Deadline
[22m[39m[Mock Storage] downloadData called with: undefined
[90mstdout[2m | src/components/GroupChallengeEditor.stories.tsx[2m > [22m[2mCompleted Challenge
[22m[39m[ChatContext] Cleaning up subscriptions
[90mstdout[2m | src/components/GroupChallengeEditor.stories.tsx[2m > [22m[2mCompleted Challenge
[22m[39m[Mock Data] Unit.onUpdate() subscription removed. Remaining: 0
[90mstdout[2m | src/components/GroupChallengeEditor.stories.tsx[2m > [22m[2mCompleted Challenge
[22m[39m[MOCK CourseVectorStore] Initialized with mock data
[90mstdout[2m | src/components/GroupChallengeEditor.stories.tsx[2m > [22m[2mCompleted Challenge
[22m[39m[TranslationModeController] Setting mode to: off
[90mstdout[2m | src/components/GroupChallengeEditor.stories.tsx[2m > [22m[2mCompleted Challenge
[22m[39m[UnitContext] useEffect triggered {
  "authLoading": false,
  "hasUser": true,
  "id": "mock-unit-id",
  "userSub": "mock-user-sub",
}
[90mstdout[2m | src/components/GroupChallengeEditor.stories.tsx[2m > [22m[2mCompleted Challenge
[22m[39m[UnitContext] Fetching unit data for id: mock-unit-id
[90mstdout[2m | src/components/GroupChallengeEditor.stories.tsx[2m > [22m[2mCompleted Challenge
[22m[39m[FilesContext] Initializing vector store from IndexedDB
[90mstdout[2m | src/components/GroupChallengeEditor.stories.tsx[2m > [22m[2mCompleted Challenge
[22m[39m[FilesContext] fetchFiles called
[90mstdout[2m | src/components/GroupChallengeEditor.stories.tsx[2m > [22m[2mCompleted Challenge
[22m[39m[FilesContext] User authenticated: mock-user-sub
[90mstdout[2m | src/components/GroupChallengeEditor.stories.tsx[2m > [22m[2mCompleted Challenge
[22m[39m[FilesContext] Identity ID: us-east-1:mock-identity-123
[90mstdout[2m | src/components/GroupChallengeEditor.stories.tsx[2m > [22m[2mCompleted Challenge
[22m[39m[FilesContext] About to set up File observeQuery
[90mstdout[2m | src/components/GroupChallengeEditor.stories.tsx[2m > [22m[2mCompleted Challenge
[22m[39m[ChatContext] Setting up AssistantChat observeQuery
[90mstdout[2m | src/components/GroupChallengeEditor.stories.tsx[2m > [22m[2mCompleted Challenge
[22m[39m[ChatContext] Waiting for subscription to initialize
[90mstdout[2m | src/components/GroupChallengeEditor.stories.tsx[2m > [22m[2mCompleted Challenge
[22m[39m[SettingsContext] Setting up Settings subscription for user: mock-user-sub
[90mstdout[2m | src/components/GroupChallengeEditor.stories.tsx[2m > [22m[2mCompleted Challenge
[22m[39m[Mock Data] Settings created: mock-settings-1790417681788 - notified 0 subscribers
[90mstdout[2m | src/components/GroupChallengeEditor.stories.tsx[2m > [22m[2mCompleted Challenge
[22m[39m[Mock Data] Unit.onUpdate() subscription added. Total: 1
[90mstdout[2m | src/components/GroupChallengeEditor.stories.tsx[2m > [22m[2mCompleted Challenge
[22m[39m[SectionContext] Section observeQuery update: 0
[90mstdout[2m | src/components/GroupChallengeEditor.stories.tsx[2m > [22m[2mCompleted Challenge
[22m[39m[FilesContext] File observeQuery update: 6 files
[90mstdout[2m | src/components/GroupChallengeEditor.stories.tsx[2m > [22m[2mCompleted Challenge
[22m[39m[ChatContext] AssistantChat initialized with 1 chats
[90mstdout[2m | src/components/GroupChallengeEditor.stories.tsx[2m > [22m[2mCompleted Challenge
[22m[39m[ChatContext] Setting initial chat: mock-assistant-chat-1
[90mstdout[2m | src/components/GroupChallengeEditor.stories.tsx[2m > [22m[2mCompleted Challenge
[22m[39m[Mock Storage] downloadData called with: undefined
[90mstdout[2m | src/components/GroupChallengeEditor.stories.tsx[2m > [22m[2mCompleted Challenge
[22m[39m[MOCK CourseVectorStore] Initialized with mock data
[90mstdout[2m | src/components/GroupChallengeEditor.stories.tsx[2m > [22m[2mCompleted Challenge
[22m[39m[FilesContext] Vector store population triggered {
  "currentVectorStoreSize": 3,
  "documentsCount": 0,
  "filesCount": 6,
  "isInitialLoad": true,
}
[90mstdout[2m | src/components/GroupChallengeEditor.stories.tsx[2m > [22m[2mCompleted Challenge
[22m[39m[FilesContext] Vector store population complete - 3 total embeddings
[90mstdout[2m | src/components/GroupChallengeEditor.stories.tsx[2m > [22m[2mCompleted Challenge
[22m[39m[ChatContext] Chat exists and not archived, skipping creation
[90mstdout[2m | src/components/GroupChallengeEditor.stories.tsx[2m > [22m[2mSubmitting
[22m[39m[ChatContext] Cleaning up subscriptions
[90mstdout[2m | src/components/GroupChallengeEditor.stories.tsx[2m > [22m[2mSubmitting
[22m[39m[Mock Data] Unit.onUpdate() subscription removed. Remaining: 0
[90mstdout[2m | src/components/GroupChallengeEditor.stories.tsx[2m > [22m[2mSubmitting
[22m[39m[MOCK CourseVectorStore] Initialized with mock data
[90mstdout[2m | src/components/GroupChallengeEditor.stories.tsx[2m > [22m[2mSubmitting
[22m[39m[TranslationModeController] Setting mode to: off
[90mstdout[2m | src/components/GroupChallengeEditor.stories.tsx[2m > [22m[2mSubmitting
[22m[39m[UnitContext] useEffect triggered {
  "authLoading": false,
  "hasUser": true,
  "id": "mock-unit-id",
  "userSub": "mock-user-sub",
}
[90mstdout[2m | src/components/GroupChallengeEditor.stories.tsx[2m > [22m[2mSubmitting
[22m[39m[UnitContext] Fetching unit data for id: mock-unit-id
[90mstdout[2m | src/components/GroupChallengeEditor.stories.tsx[2m > [22m[2mSubmitting
[22m[39m[FilesContext] Initializing vector store from IndexedDB
[90mstdout[2m | src/components/GroupChallengeEditor.stories.tsx[2m > [22m[2mSubmitting
[22m[39m[FilesContext] fetchFiles called
[90mstdout[2m | src/components/GroupChallengeEditor.stories.tsx[2m > [22m[2mSubmitting
[22m[39m[FilesContext] User authenticated: mock-user-sub
[90mstdout[2m | src/components/GroupChallengeEditor.stories.tsx[2m > [22m[2mSubmitting
[22m[39m[FilesContext] Identity ID: us-east-1:mock-identity-123
[90mstdout[2m | src/components/GroupChallengeEditor.stories.tsx[2m > [22m[2mSubmitting
[22m[39m[FilesContext] About to set up File observeQuery
[90mstdout[2m | src/components/GroupChallengeEditor.stories.tsx[2m > [22m[2mSubmitting
[22m[39m[ChatContext] Setting up AssistantChat observeQuery
[90mstdout[2m | src/components/GroupChallengeEditor.stories.tsx[2m > [22m[2mSubmitting
[22m[39m[ChatContext] Waiting for subscription to initialize
[90mstdout[2m | src/components/GroupChallengeEditor.stories.tsx[2m > [22m[2mSubmitting
[22m[39m[SettingsContext] Setting up Settings subscription for user: mock-user-sub
[90mstdout[2m | src/components/GroupChallengeEditor.stories.tsx[2m > [22m[2mSubmitting
[22m[39m[Mock Data] Settings created: mock-settings-1790417682907 - notified 0 subscribers
[90mstdout[2m | src/components/GroupChallengeEditor.stories.tsx[2m > [22m[2mSubmitting
[22m[39m[Mock Data] Unit.onUpdate() subscription added. Total: 1
[90mstdout[2m | src/components/GroupChallengeEditor.stories.tsx[2m > [22m[2mSubmitting
[22m[39m[SectionContext] Section observeQuery update: 0
[90mstdout[2m | src/components/GroupChallengeEditor.stories.tsx[2m > [22m[2mSubmitting
[22m[39m[FilesContext] File observeQuery update: 6 files
[90mstdout[2m | src/components/GroupChallengeEditor.stories.tsx[2m > [22m[2mSubmitting
[22m[39m[ChatContext] AssistantChat initialized with 1 chats
[90mstdout[2m | src/components/GroupChallengeEditor.stories.tsx[2m > [22m[2mSubmitting
[22m[39m[ChatContext] Setting initial chat: mock-assistant-chat-1
[90mstdout[2m | src/components/GroupChallengeEditor.stories.tsx[2m > [22m[2mSubmitting
[22m[39m[MOCK CourseVectorStore] Initialized with mock data
[90mstdout[2m | src/components/GroupChallengeEditor.stories.tsx[2m > [22m[2mSubmitting
[22m[39m[FilesContext] Vector store population triggered {
  "currentVectorStoreSize": 3,
  "documentsCount": 0,
  "filesCount": 6,
  "isInitialLoad": true,
}
[90mstdout[2m | src/components/GroupChallengeEditor.stories.tsx[2m > [22m[2mSubmitting
[22m[39m[FilesContext] Vector store population complete - 3 total embeddings
[90mstdout[2m | src/components/GroupChallengeEditor.stories.tsx[2m > [22m[2mSubmitting
[22m[39m[ChatContext] Chat exists and not archived, skipping creation
[90mstdout[2m | src/components/GroupChallengeEditor.stories.tsx[2m > [22m[2mSubmitting
[22m[39m[Mock Storage] downloadData called with: undefined
 [32m✓[39m [30m[45m storybook (chromium) [49m[39m src/components/GroupChallengeEditor.stories.tsx [2m([22m[2m5 tests[22m[2m)[22m[33m 5619[2mms[22m[39m
   [33m[2m✓[22m[39m Default [33m 1148[2mms[22m[39m
   [33m[2m✓[22m[39m Edit With Progress [33m 1649[2mms[22m[39m
   [33m[2m✓[22m[39m Expired Deadline [33m 977[2mms[22m[39m
   [33m[2m✓[22m[39m Completed Challenge [33m 1120[2mms[22m[39m
   [33m[2m✓[22m[39m Submitting [33m 723[2mms[22m[39m
[90mstdout[2m | unknown test
[22m[39m[MOCK vectorStoreDB.js] Module loaded - mock IndexedDB operations
[90mstdout[2m | unknown test
[22m[39m[Task Completion] DOM action listeners initialized
[90mstdout[2m | unknown test
[22m[39m[Task Completion] Auto-completion detector initialized
[90mstdout[2m | unknown test
[22m[39m[Preview] Task completion detector initialized
[90mstdout[2m | src/components/Gamification/AntiBadges.stories.tsx[2m > [22m[2mGallery
[22m[39m[TranslationModeController] Setting mode to: off
[90mstdout[2m | src/components/Gamification/AntiBadges.stories.tsx[2m > [22m[2mIcon Shelf
[22m[39m[TranslationModeController] Setting mode to: off
[90mstdout[2m | src/components/Gamification/AntiBadges.stories.tsx[2m > [22m[2mLocked State
[22m[39m[TranslationModeController] Setting mode to: off
[90mstdout[2m | src/components/Gamification/AntiBadges.stories.tsx[2m > [22m[2mMeta Badges
[22m[39m[TranslationModeController] Setting mode to: off
 [32m✓[39m [30m[45m storybook (chromium) [49m[39m src/components/Gamification/AntiBadges.stories.tsx [2m([22m[2m4 tests[22m[2m)[22m[33m 9338[2mms[22m[39m
   [33m[2m✓[22m[39m Gallery [33m 5722[2mms[22m[39m
   [33m[2m✓[22m[39m Icon Shelf [33m 1842[2mms[22m[39m
   [33m[2m✓[22m[39m Locked State [33m 984[2mms[22m[39m
   [33m[2m✓[22m[39m Meta Badges [33m 787[2mms[22m[39m
[90mstdout[2m | unknown test
[22m[39m[MOCK vectorStoreDB.js] Module loaded - mock IndexedDB operations
[90mstdout[2m | unknown test
[22m[39m[Task Completion] DOM action listeners initialized
[90mstdout[2m | unknown test
[22m[39m[Task Completion] Auto-completion detector initialized
[90mstdout[2m | unknown test
[22m[39m[Preview] Task completion detector initialized
[90mstdout[2m | src/components/Editor3/components/AudioWaveformPlayer.stories.jsx[2m > [22m[2mWith Waveform Data
[22m[39m[MOCK CourseVectorStore] Initialized with mock data
[90mstdout[2m | src/components/Editor3/components/AudioWaveformPlayer.stories.jsx[2m > [22m[2mWith Waveform Data
[22m[39m[AudioPlayerContext] Loading new source: /story-mocks/cinematic-designed-sci-fi-whoosh-tran...
[90mstdout[2m | src/components/Editor3/components/AudioWaveformPlayer.stories.jsx[2m > [22m[2mWith Waveform Data
[22m[39m[TranslationModeController] Setting mode to: off
[90mstdout[2m | src/components/Editor3/components/AudioWaveformPlayer.stories.jsx[2m > [22m[2mWith Waveform Data
[22m[39m[FilesContext] Initializing vector store from IndexedDB
[90mstdout[2m | src/components/Editor3/components/AudioWaveformPlayer.stories.jsx[2m > [22m[2mWith Waveform Data
[22m[39m[FilesContext] fetchFiles called
[90mstdout[2m | src/components/Editor3/components/AudioWaveformPlayer.stories.jsx[2m > [22m[2mWith Waveform Data
[22m[39m[FilesContext] User authenticated: mock-user-sub
[90mstdout[2m | src/components/Editor3/components/AudioWaveformPlayer.stories.jsx[2m > [22m[2mWith Waveform Data
[22m[39m[FilesContext] Identity ID: us-east-1:mock-identity-123
[90mstdout[2m | src/components/Editor3/components/AudioWaveformPlayer.stories.jsx[2m > [22m[2mWith Waveform Data
[22m[39m[FilesContext] About to set up File observeQuery
[90mstdout[2m | src/components/Editor3/components/AudioWaveformPlayer.stories.jsx[2m > [22m[2mWith Waveform Data
[22m[39m[ChatContext] Setting up AssistantChat observeQuery
[90mstdout[2m | src/components/Editor3/components/AudioWaveformPlayer.stories.jsx[2m > [22m[2mWith Waveform Data
[22m[39m[ChatContext] Waiting for subscription to initialize
[90mstdout[2m | src/components/Editor3/components/AudioWaveformPlayer.stories.jsx[2m > [22m[2mWith Waveform Data
[22m[39m[SettingsContext] Setting up Settings subscription for user: mock-user-sub
[90mstdout[2m | src/components/Editor3/components/AudioWaveformPlayer.stories.jsx[2m > [22m[2mWith Waveform Data
[22m[39m[Mock Data] Settings created: mock-settings-1790417698635 - notified 0 subscribers
[90mstdout[2m | src/components/Editor3/components/AudioWaveformPlayer.stories.jsx[2m > [22m[2mWith Waveform Data
[22m[39m[FilesContext] File observeQuery update: 6 files
[90mstdout[2m | src/components/Editor3/components/AudioWaveformPlayer.stories.jsx[2m > [22m[2mWith Waveform Data
[22m[39m[ChatContext] AssistantChat initialized with 1 chats
[90mstdout[2m | src/components/Editor3/components/AudioWaveformPlayer.stories.jsx[2m > [22m[2mWith Waveform Data
[22m[39m[ChatContext] Setting initial chat: mock-assistant-chat-1
[90mstdout[2m | src/components/Editor3/components/AudioWaveformPlayer.stories.jsx[2m > [22m[2mWith Waveform Data
[22m[39m[MOCK CourseVectorStore] Initialized with mock data
[90mstdout[2m | src/components/Editor3/components/AudioWaveformPlayer.stories.jsx[2m > [22m[2mWith Waveform Data
[22m[39m[FilesContext] Vector store population triggered {
  "currentVectorStoreSize": 3,
  "documentsCount": 0,
  "filesCount": 6,
  "isInitialLoad": true,
}
[90mstdout[2m | src/components/Editor3/components/AudioWaveformPlayer.stories.jsx[2m > [22m[2mWith Waveform Data
[22m[39m[FilesContext] Vector store population complete - 3 total embeddings
[90mstdout[2m | src/components/Editor3/components/AudioWaveformPlayer.stories.jsx[2m > [22m[2mWith Waveform Data
[22m[39m[ChatContext] Chat exists and not archived, skipping creation
[90mstdout[2m | src/components/Editor3/components/AudioWaveformPlayer.stories.jsx[2m > [22m[2mWith Waveform Data
[22m[39m[Mock Storage] downloadData called with: undefined
[90mstdout[2m | src/components/Editor3/components/AudioWaveformPlayer.stories.jsx[2m > [22m[2mCompact Player
[22m[39m[ChatContext] Cleaning up subscriptions
[90mstdout[2m | src/components/Editor3/components/AudioWaveformPlayer.stories.jsx[2m > [22m[2mCompact Player
[22m[39m[MOCK CourseVectorStore] Initialized with mock data
[90mstdout[2m | src/components/Editor3/components/AudioWaveformPlayer.stories.jsx[2m > [22m[2mCompact Player
[22m[39m[AudioPlayerContext] Loading new source: /story-mocks/cinematic-designed-sci-fi-whoosh-tran...
[90mstdout[2m | src/components/Editor3/components/AudioWaveformPlayer.stories.jsx[2m > [22m[2mCompact Player
[22m[39m[TranslationModeController] Setting mode to: off
[90mstdout[2m | src/components/Editor3/components/AudioWaveformPlayer.stories.jsx[2m > [22m[2mCompact Player
[22m[39m[FilesContext] Initializing vector store from IndexedDB
[90mstdout[2m | src/components/Editor3/components/AudioWaveformPlayer.stories.jsx[2m > [22m[2mCompact Player
[22m[39m[FilesContext] fetchFiles called
[90mstdout[2m | src/components/Editor3/components/AudioWaveformPlayer.stories.jsx[2m > [22m[2mCompact Player
[22m[39m[FilesContext] User authenticated: mock-user-sub
[90mstdout[2m | src/components/Editor3/components/AudioWaveformPlayer.stories.jsx[2m > [22m[2mCompact Player
[22m[39m[FilesContext] Identity ID: us-east-1:mock-identity-123
[90mstdout[2m | src/components/Editor3/components/AudioWaveformPlayer.stories.jsx[2m > [22m[2mCompact Player
[22m[39m[FilesContext] About to set up File observeQuery
[90mstdout[2m | src/components/Editor3/components/AudioWaveformPlayer.stories.jsx[2m > [22m[2mCompact Player
[22m[39m[ChatContext] Setting up AssistantChat observeQuery
[90mstdout[2m | src/components/Editor3/components/AudioWaveformPlayer.stories.jsx[2m > [22m[2mCompact Player
[22m[39m[ChatContext] Waiting for subscription to initialize
[90mstdout[2m | src/components/Editor3/components/AudioWaveformPlayer.stories.jsx[2m > [22m[2mCompact Player
[22m[39m[SettingsContext] Setting up Settings subscription for user: mock-user-sub
[90mstdout[2m | src/components/Editor3/components/AudioWaveformPlayer.stories.jsx[2m > [22m[2mCompact Player
[22m[39m[Mock Data] Settings created: mock-settings-1790417699058 - notified 0 subscribers
[90mstdout[2m | src/components/Editor3/components/AudioWaveformPlayer.stories.jsx[2m > [22m[2mCompact Player
[22m[39m[FilesContext] File observeQuery update: 6 files
[90mstdout[2m | src/components/Editor3/components/AudioWaveformPlayer.stories.jsx[2m > [22m[2mCompact Player
[22m[39m[ChatContext] AssistantChat initialized with 1 chats
[90mstdout[2m | src/components/Editor3/components/AudioWaveformPlayer.stories.jsx[2m > [22m[2mCompact Player
[22m[39m[ChatContext] Setting initial chat: mock-assistant-chat-1
[90mstdout[2m | src/components/Editor3/components/AudioWaveformPlayer.stories.jsx[2m > [22m[2mCompact Player
[22m[39m[MOCK CourseVectorStore] Initialized with mock data
[90mstdout[2m | src/components/Editor3/components/AudioWaveformPlayer.stories.jsx[2m > [22m[2mCompact Player
[22m[39m[FilesContext] Vector store population triggered {
  "currentVectorStoreSize": 3,
  "documentsCount": 0,
  "filesCount": 6,
  "isInitialLoad": true,
}
[90mstdout[2m | src/components/Editor3/components/AudioWaveformPlayer.stories.jsx[2m > [22m[2mCompact Player
[22m[39m[FilesContext] Vector store population complete - 3 total embeddings
[90mstdout[2m | src/components/Editor3/components/AudioWaveformPlayer.stories.jsx[2m > [22m[2mCompact Player
[22m[39m[ChatContext] Chat exists and not archived, skipping creation
[90mstdout[2m | src/components/Editor3/components/AudioWaveformPlayer.stories.jsx[2m > [22m[2mCompact Player
[22m[39m[Mock Storage] downloadData called with: undefined
[90mstdout[2m | src/components/Editor3/components/AudioWaveformPlayer.stories.jsx[2m > [22m[2mWith Prompt
[22m[39m[ChatContext] Cleaning up subscriptions
[90mstdout[2m | src/components/Editor3/components/AudioWaveformPlayer.stories.jsx[2m > [22m[2mWith Prompt
[22m[39m[MOCK CourseVectorStore] Initialized with mock data
[90mstdout[2m | src/components/Editor3/components/AudioWaveformPlayer.stories.jsx[2m > [22m[2mWith Prompt
[22m[39m[AudioPlayerContext] Loading new source: /story-mocks/cinematic-designed-sci-fi-whoosh-tran...
[90mstdout[2m | src/components/Editor3/components/AudioWaveformPlayer.stories.jsx[2m > [22m[2mWith Prompt
[22m[39m[TranslationModeController] Setting mode to: off
[90mstdout[2m | src/components/Editor3/components/AudioWaveformPlayer.stories.jsx[2m > [22m[2mWith Prompt
[22m[39m[FilesContext] Initializing vector store from IndexedDB
[90mstdout[2m | src/components/Editor3/components/AudioWaveformPlayer.stories.jsx[2m > [22m[2mWith Prompt
[22m[39m[FilesContext] fetchFiles called
[90mstdout[2m | src/components/Editor3/components/AudioWaveformPlayer.stories.jsx[2m > [22m[2mWith Prompt
[22m[39m[FilesContext] User authenticated: mock-user-sub
[90mstdout[2m | src/components/Editor3/components/AudioWaveformPlayer.stories.jsx[2m > [22m[2mWith Prompt
[22m[39m[FilesContext] Identity ID: us-east-1:mock-identity-123
[90mstdout[2m | src/components/Editor3/components/AudioWaveformPlayer.stories.jsx[2m > [22m[2mWith Prompt
[22m[39m[FilesContext] About to set up File observeQuery
[90mstdout[2m | src/components/Editor3/components/AudioWaveformPlayer.stories.jsx[2m > [22m[2mWith Prompt
[22m[39m[ChatContext] Setting up AssistantChat observeQuery
[90mstdout[2m | src/components/Editor3/components/AudioWaveformPlayer.stories.jsx[2m > [22m[2mWith Prompt
[22m[39m[ChatContext] Waiting for subscription to initialize
[90mstdout[2m | src/components/Editor3/components/AudioWaveformPlayer.stories.jsx[2m > [22m[2mWith Prompt
[22m[39m[SettingsContext] Setting up Settings subscription for user: mock-user-sub
[90mstdout[2m | src/components/Editor3/components/AudioWaveformPlayer.stories.jsx[2m > [22m[2mWith Prompt
[22m[39m[Mock Data] Settings created: mock-settings-1790417699374 - notified 0 subscribers
[90mstdout[2m | src/components/Editor3/components/AudioWaveformPlayer.stories.jsx[2m > [22m[2mWith Prompt
[22m[39m[FilesContext] File observeQuery update: 6 files
[90mstdout[2m | src/components/Editor3/components/AudioWaveformPlayer.stories.jsx[2m > [22m[2mWith Prompt
[22m[39m[ChatContext] AssistantChat initialized with 1 chats
[90mstdout[2m | src/components/Editor3/components/AudioWaveformPlayer.stories.jsx[2m > [22m[2mWith Prompt
[22m[39m[ChatContext] Setting initial chat: mock-assistant-chat-1
[90mstdout[2m | src/components/Editor3/components/AudioWaveformPlayer.stories.jsx[2m > [22m[2mWith Prompt
[22m[39m[MOCK CourseVectorStore] Initialized with mock data
[90mstdout[2m | src/components/Editor3/components/AudioWaveformPlayer.stories.jsx[2m > [22m[2mWith Prompt
[22m[39m[FilesContext] Vector store population triggered {
  "currentVectorStoreSize": 3,
  "documentsCount": 0,
  "filesCount": 6,
  "isInitialLoad": true,
}
[90mstdout[2m | src/components/Editor3/components/AudioWaveformPlayer.stories.jsx[2m > [22m[2mWith Prompt
[22m[39m[FilesContext] Vector store population complete - 3 total embeddings
[90mstdout[2m | src/components/Editor3/components/AudioWaveformPlayer.stories.jsx[2m > [22m[2mWith Prompt
[22m[39m[ChatContext] Chat exists and not archived, skipping creation
[90mstdout[2m | src/components/Editor3/components/AudioWaveformPlayer.stories.jsx[2m > [22m[2mWith Prompt
[22m[39m[Mock Storage] downloadData called with: undefined
[90mstdout[2m | src/components/Editor3/components/AudioWaveformPlayer.stories.jsx[2m > [22m[2mWith Audio Prompt
[22m[39m[ChatContext] Cleaning up subscriptions
[90mstdout[2m | src/components/Editor3/components/AudioWaveformPlayer.stories.jsx[2m > [22m[2mWith Audio Prompt
[22m[39m[MOCK CourseVectorStore] Initialized with mock data
[90mstdout[2m | src/components/Editor3/components/AudioWaveformPlayer.stories.jsx[2m > [22m[2mWith Audio Prompt
[22m[39mMock Cache.getItem called with: getCachedUrl_/story-mocks/cinematic-designed-sci-fi-whoosh-transition-nexawave-228295.mp3
[90mstdout[2m | src/components/Editor3/components/AudioWaveformPlayer.stories.jsx[2m > [22m[2mWith Audio Prompt
[22m[39mMock Cache.getItem called with: getCachedUrl_/story-mocks/cinematic-designed-sci-fi-whoosh-transition-nexawave-228295.mp3
[90mstdout[2m | src/components/Editor3/components/AudioWaveformPlayer.stories.jsx[2m > [22m[2mWith Audio Prompt
[22m[39m[TranslationModeController] Setting mode to: off
[90mstdout[2m | src/components/Editor3/components/AudioWaveformPlayer.stories.jsx[2m > [22m[2mWith Audio Prompt
[22m[39m[FilesContext] Initializing vector store from IndexedDB
[90mstdout[2m | src/components/Editor3/components/AudioWaveformPlayer.stories.jsx[2m > [22m[2mWith Audio Prompt
[22m[39m[FilesContext] fetchFiles called
[90mstdout[2m | src/components/Editor3/components/AudioWaveformPlayer.stories.jsx[2m > [22m[2mWith Audio Prompt
[22m[39m[FilesContext] User authenticated: mock-user-sub
[90mstdout[2m | src/components/Editor3/components/AudioWaveformPlayer.stories.jsx[2m > [22m[2mWith Audio Prompt
[22m[39m[FilesContext] Identity ID: us-east-1:mock-identity-123
[90mstdout[2m | src/components/Editor3/components/AudioWaveformPlayer.stories.jsx[2m > [22m[2mWith Audio Prompt
[22m[39m[FilesContext] About to set up File observeQuery
[90mstdout[2m | src/components/Editor3/components/AudioWaveformPlayer.stories.jsx[2m > [22m[2mWith Audio Prompt
[22m[39m[ChatContext] Setting up AssistantChat observeQuery
[90mstdout[2m | src/components/Editor3/components/AudioWaveformPlayer.stories.jsx[2m > [22m[2mWith Audio Prompt
[22m[39m[ChatContext] Waiting for subscription to initialize
[90mstdout[2m | src/components/Editor3/components/AudioWaveformPlayer.stories.jsx[2m > [22m[2mWith Audio Prompt
[22m[39m[SettingsContext] Setting up Settings subscription for user: mock-user-sub
[90mstdout[2m | src/components/Editor3/components/AudioWaveformPlayer.stories.jsx[2m > [22m[2mWith Audio Prompt
[22m[39mMock Cache.getItem called with: getCachedUrl_/story-mocks/cinematic-designed-sci-fi-whoosh-transition-nexawave-228295.mp3
[90mstdout[2m | src/components/Editor3/components/AudioWaveformPlayer.stories.jsx[2m > [22m[2mWith Audio Prompt
[22m[39mMock getUrl called with: /story-mocks/cinematic-designed-sci-fi-whoosh-transition-nexawave-228295.mp3
[90mstdout[2m | src/components/Editor3/components/AudioWaveformPlayer.stories.jsx[2m > [22m[2mWith Audio Prompt
[22m[39mMock getUrl called with: /story-mocks/cinematic-designed-sci-fi-whoosh-transition-nexawave-228295.mp3
[90mstdout[2m | src/components/Editor3/components/AudioWaveformPlayer.stories.jsx[2m > [22m[2mWith Audio Prompt
[22m[39m[Mock Data] Settings created: mock-settings-1790417699805 - notified 0 subscribers
[90mstdout[2m | src/components/Editor3/components/AudioWaveformPlayer.stories.jsx[2m > [22m[2mWith Audio Prompt
[22m[39mMock getUrl called with: /story-mocks/cinematic-designed-sci-fi-whoosh-transition-nexawave-228295.mp3
[90mstdout[2m | src/components/Editor3/components/AudioWaveformPlayer.stories.jsx[2m > [22m[2mWith Audio Prompt
[22m[39mMock Cache.setItem called with: getCachedUrl_/story-mocks/cinematic-designed-sci-fi-whoosh-transition-nexawave-228295.mp3 /story-mocks/cinematic-designed-sci-fi-whoosh-transition-nexawave-228295.mp3
[90mstdout[2m | src/components/Editor3/components/AudioWaveformPlayer.stories.jsx[2m > [22m[2mWith Audio Prompt
[22m[39mMock Cache.setItem called with: getCachedUrl_/story-mocks/cinematic-designed-sci-fi-whoosh-transition-nexawave-228295.mp3 /story-mocks/cinematic-designed-sci-fi-whoosh-transition-nexawave-228295.mp3
[90mstdout[2m | src/components/Editor3/components/AudioWaveformPlayer.stories.jsx[2m > [22m[2mWith Audio Prompt
[22m[39mMock Cache.setItem called with: getCachedUrl_/story-mocks/cinematic-designed-sci-fi-whoosh-transition-nexawave-228295.mp3 /story-mocks/cinematic-designed-sci-fi-whoosh-transition-nexawave-228295.mp3
[90mstdout[2m | src/components/Editor3/components/AudioWaveformPlayer.stories.jsx[2m > [22m[2mWith Audio Prompt
[22m[39mMock Cache.getItem called with: getCachedUrl_/story-mocks/cinematic-designed-sci-fi-whoosh-transition-nexawave-228295.mp3
[90mstdout[2m | src/components/Editor3/components/AudioWaveformPlayer.stories.jsx[2m > [22m[2mWith Audio Prompt
[22m[39mMock getUrl called with: /story-mocks/cinematic-designed-sci-fi-whoosh-transition-nexawave-228295.mp3
[90mstdout[2m | src/components/Editor3/components/AudioWaveformPlayer.stories.jsx[2m > [22m[2mWith Audio Prompt
[22m[39mMock Cache.setItem called with: getCachedUrl_/story-mocks/cinematic-designed-sci-fi-whoosh-transition-nexawave-228295.mp3 /story-mocks/cinematic-designed-sci-fi-whoosh-transition-nexawave-228295.mp3
[90mstdout[2m | src/components/Editor3/components/AudioWaveformPlayer.stories.jsx[2m > [22m[2mWith Audio Prompt
[22m[39m[FilesContext] File observeQuery update: 6 files
[90mstdout[2m | src/components/Editor3/components/AudioWaveformPlayer.stories.jsx[2m > [22m[2mWith Audio Prompt
[22m[39m[ChatContext] AssistantChat initialized with 1 chats
[90mstdout[2m | src/components/Editor3/components/AudioWaveformPlayer.stories.jsx[2m > [22m[2mWith Audio Prompt
[22m[39m[ChatContext] Setting initial chat: mock-assistant-chat-1
[90mstdout[2m | src/components/Editor3/components/AudioWaveformPlayer.stories.jsx[2m > [22m[2mWith Audio Prompt
[22m[39m[MOCK CourseVectorStore] Initialized with mock data
[90mstdout[2m | src/components/Editor3/components/AudioWaveformPlayer.stories.jsx[2m > [22m[2mWith Audio Prompt
[22m[39mMock Cache.getItem called with: getCachedUrl_/story-mocks/cinematic-designed-sci-fi-whoosh-transition-nexawave-228295.mp3
[90mstdout[2m | src/components/Editor3/components/AudioWaveformPlayer.stories.jsx[2m > [22m[2mWith Audio Prompt
[22m[39m[FilesContext] Vector store population triggered {
  "currentVectorStoreSize": 3,
  "documentsCount": 0,
  "filesCount": 6,
  "isInitialLoad": true,
}
[90mstdout[2m | src/components/Editor3/components/AudioWaveformPlayer.stories.jsx[2m > [22m[2mWith Audio Prompt
[22m[39m[FilesContext] Vector store population complete - 3 total embeddings
[90mstdout[2m | src/components/Editor3/components/AudioWaveformPlayer.stories.jsx[2m > [22m[2mWith Audio Prompt
[22m[39m[ChatContext] Chat exists and not archived, skipping creation
[90mstdout[2m | src/components/Editor3/components/AudioWaveformPlayer.stories.jsx[2m > [22m[2mWith Audio Prompt
[22m[39mMock getUrl called with: /story-mocks/cinematic-designed-sci-fi-whoosh-transition-nexawave-228295.mp3
[90mstdout[2m | src/components/Editor3/components/AudioWaveformPlayer.stories.jsx[2m > [22m[2mWith Audio Prompt
[22m[39mMock Cache.setItem called with: getCachedUrl_/story-mocks/cinematic-designed-sci-fi-whoosh-transition-nexawave-228295.mp3 /story-mocks/cinematic-designed-sci-fi-whoosh-transition-nexawave-228295.mp3
[90mstdout[2m | src/components/Editor3/components/AudioWaveformPlayer.stories.jsx[2m > [22m[2mWith Audio Prompt
[22m[39m[Mock Storage] downloadData called with: undefined
[90mstdout[2m | src/components/Editor3/components/AudioWaveformPlayer.stories.jsx[2m > [22m[2mNo Duration
[22m[39m[ChatContext] Cleaning up subscriptions
[90mstdout[2m | src/components/Editor3/components/AudioWaveformPlayer.stories.jsx[2m > [22m[2mNo Duration
[22m[39m[MOCK CourseVectorStore] Initialized with mock data
[90mstdout[2m | src/components/Editor3/components/AudioWaveformPlayer.stories.jsx[2m > [22m[2mNo Duration
[22m[39m[AudioPlayerContext] Loading new source: /story-mocks/cinematic-designed-sci-fi-whoosh-tran...
[90mstdout[2m | src/components/Editor3/components/AudioWaveformPlayer.stories.jsx[2m > [22m[2mNo Duration
[22m[39m[TranslationModeController] Setting mode to: off
[90mstdout[2m | src/components/Editor3/components/AudioWaveformPlayer.stories.jsx[2m > [22m[2mNo Duration
[22m[39m[FilesContext] Initializing vector store from IndexedDB
[90mstdout[2m | src/components/Editor3/components/AudioWaveformPlayer.stories.jsx[2m > [22m[2mNo Duration
[22m[39m[FilesContext] fetchFiles called
[90mstdout[2m | src/components/Editor3/components/AudioWaveformPlayer.stories.jsx[2m > [22m[2mNo Duration
[22m[39m[FilesContext] User authenticated: mock-user-sub
[90mstdout[2m | src/components/Editor3/components/AudioWaveformPlayer.stories.jsx[2m > [22m[2mNo Duration
[22m[39m[FilesContext] Identity ID: us-east-1:mock-identity-123
[90mstdout[2m | src/components/Editor3/components/AudioWaveformPlayer.stories.jsx[2m > [22m[2mNo Duration
[22m[39m[FilesContext] About to set up File observeQuery
[90mstdout[2m | src/components/Editor3/components/AudioWaveformPlayer.stories.jsx[2m > [22m[2mNo Duration
[22m[39m[ChatContext] Setting up AssistantChat observeQuery
[90mstdout[2m | src/components/Editor3/components/AudioWaveformPlayer.stories.jsx[2m > [22m[2mNo Duration
[22m[39m[ChatContext] Waiting for subscription to initialize
[90mstdout[2m | src/components/Editor3/components/AudioWaveformPlayer.stories.jsx[2m > [22m[2mNo Duration
[22m[39m[SettingsContext] Setting up Settings subscription for user: mock-user-sub
[90mstdout[2m | src/components/Editor3/components/AudioWaveformPlayer.stories.jsx[2m > [22m[2mNo Duration
[22m[39m[Mock Data] Settings created: mock-settings-1790417700423 - notified 0 subscribers
[90mstdout[2m | src/components/Editor3/components/AudioWaveformPlayer.stories.jsx[2m > [22m[2mNo Duration
[22m[39m[FilesContext] File observeQuery update: 6 files
[90mstdout[2m | src/components/Editor3/components/AudioWaveformPlayer.stories.jsx[2m > [22m[2mNo Duration
[22m[39m[ChatContext] AssistantChat initialized with 1 chats
[90mstdout[2m | src/components/Editor3/components/AudioWaveformPlayer.stories.jsx[2m > [22m[2mNo Duration
[22m[39m[ChatContext] Setting initial chat: mock-assistant-chat-1
[90mstdout[2m | src/components/Editor3/components/AudioWaveformPlayer.stories.jsx[2m > [22m[2mNo Duration
[22m[39m[MOCK CourseVectorStore] Initialized with mock data
[90mstdout[2m | src/components/Editor3/components/AudioWaveformPlayer.stories.jsx[2m > [22m[2mNo Duration
[22m[39m[FilesContext] Vector store population triggered {
  "currentVectorStoreSize": 3,
  "documentsCount": 0,
  "filesCount": 6,
  "isInitialLoad": true,
}
[90mstdout[2m | src/components/Editor3/components/AudioWaveformPlayer.stories.jsx[2m > [22m[2mNo Duration
[22m[39m[FilesContext] Vector store population complete - 3 total embeddings
[90mstdout[2m | src/components/Editor3/components/AudioWaveformPlayer.stories.jsx[2m > [22m[2mNo Duration
[22m[39m[ChatContext] Chat exists and not archived, skipping creation
[90mstdout[2m | src/components/Editor3/components/AudioWaveformPlayer.stories.jsx[2m > [22m[2mNo Duration
[22m[39m[Mock Storage] downloadData called with: undefined
[90mstdout[2m | src/components/Editor3/components/AudioWaveformPlayer.stories.jsx[2m > [22m[2mVarious Sizes
[22m[39m[ChatContext] Cleaning up subscriptions
[90mstdout[2m | src/components/Editor3/components/AudioWaveformPlayer.stories.jsx[2m > [22m[2mVarious Sizes
[22m[39m[MOCK CourseVectorStore] Initialized with mock data
[90mstdout[2m | src/components/Editor3/components/AudioWaveformPlayer.stories.jsx[2m > [22m[2mVarious Sizes
[22m[39m[AudioPlayerContext] Loading new source: /story-mocks/cinematic-designed-sci-fi-whoosh-tran...
[90mstdout[2m | src/components/Editor3/components/AudioWaveformPlayer.stories.jsx[2m > [22m[2mVarious Sizes
[22m[39m[AudioPlayerContext] Loading new source: /story-mocks/cinematic-designed-sci-fi-whoosh-tran...
[90mstdout[2m | src/components/Editor3/components/AudioWaveformPlayer.stories.jsx[2m > [22m[2mVarious Sizes
[22m[39m[AudioPlayerContext] Loading new source: /story-mocks/cinematic-designed-sci-fi-whoosh-tran...
[90mstdout[2m | src/components/Editor3/components/AudioWaveformPlayer.stories.jsx[2m > [22m[2mVarious Sizes
[22m[39m[TranslationModeController] Setting mode to: off
[90mstdout[2m | src/components/Editor3/components/AudioWaveformPlayer.stories.jsx[2m > [22m[2mVarious Sizes
[22m[39m[FilesContext] Initializing vector store from IndexedDB
[90mstdout[2m | src/components/Editor3/components/AudioWaveformPlayer.stories.jsx[2m > [22m[2mVarious Sizes
[22m[39m[FilesContext] fetchFiles called
[90mstdout[2m | src/components/Editor3/components/AudioWaveformPlayer.stories.jsx[2m > [22m[2mVarious Sizes
[22m[39m[FilesContext] User authenticated: mock-user-sub
[90mstdout[2m | src/components/Editor3/components/AudioWaveformPlayer.stories.jsx[2m > [22m[2mVarious Sizes
[22m[39m[FilesContext] Identity ID: us-east-1:mock-identity-123
[90mstdout[2m | src/components/Editor3/components/AudioWaveformPlayer.stories.jsx[2m > [22m[2mVarious Sizes
[22m[39m[FilesContext] About to set up File observeQuery
[90mstdout[2m | src/components/Editor3/components/AudioWaveformPlayer.stories.jsx[2m > [22m[2mVarious Sizes
[22m[39m[ChatContext] Setting up AssistantChat observeQuery
[90mstdout[2m | src/components/Editor3/components/AudioWaveformPlayer.stories.jsx[2m > [22m[2mVarious Sizes
[22m[39m[ChatContext] Waiting for subscription to initialize
[90mstdout[2m | src/components/Editor3/components/AudioWaveformPlayer.stories.jsx[2m > [22m[2mVarious Sizes
[22m[39m[SettingsContext] Setting up Settings subscription for user: mock-user-sub
[90mstdout[2m | src/components/Editor3/components/AudioWaveformPlayer.stories.jsx[2m > [22m[2mVarious Sizes
[22m[39m[Mock Data] Settings created: mock-settings-1790417700932 - notified 0 subscribers
[90mstdout[2m | src/components/Editor3/components/AudioWaveformPlayer.stories.jsx[2m > [22m[2mVarious Sizes
[22m[39m[FilesContext] File observeQuery update: 6 files
[90mstdout[2m | src/components/Editor3/components/AudioWaveformPlayer.stories.jsx[2m > [22m[2mVarious Sizes
[22m[39m[ChatContext] AssistantChat initialized with 1 chats
[90mstdout[2m | src/components/Editor3/components/AudioWaveformPlayer.stories.jsx[2m > [22m[2mVarious Sizes
[22m[39m[ChatContext] Setting initial chat: mock-assistant-chat-1
[90mstdout[2m | src/components/Editor3/components/AudioWaveformPlayer.stories.jsx[2m > [22m[2mVarious Sizes
[22m[39m[MOCK CourseVectorStore] Initialized with mock data
[90mstdout[2m | src/components/Editor3/components/AudioWaveformPlayer.stories.jsx[2m > [22m[2mVarious Sizes
[22m[39m[FilesContext] Vector store population triggered {
  "currentVectorStoreSize": 3,
  "documentsCount": 0,
  "filesCount": 6,
  "isInitialLoad": true,
}
[90mstdout[2m | src/components/Editor3/components/AudioWaveformPlayer.stories.jsx[2m > [22m[2mVarious Sizes
[22m[39m[FilesContext] Vector store population complete - 3 total embeddings
[90mstdout[2m | src/components/Editor3/components/AudioWaveformPlayer.stories.jsx[2m > [22m[2mVarious Sizes
[22m[39m[ChatContext] Chat exists and not archived, skipping creation
[90mstdout[2m | src/components/Editor3/components/AudioWaveformPlayer.stories.jsx[2m > [22m[2mVarious Sizes
[22m[39m[Mock Storage] downloadData called with: undefined
[90mstdout[2m | src/components/Editor3/components/AudioWaveformPlayer.stories.jsx[2m > [22m[2mMultiple Players In List
[22m[39m[ChatContext] Cleaning up subscriptions
[90mstdout[2m | src/components/Editor3/components/AudioWaveformPlayer.stories.jsx[2m > [22m[2mMultiple Players In List
[22m[39m[MOCK CourseVectorStore] Initialized with mock data
[90mstdout[2m | src/components/Editor3/components/AudioWaveformPlayer.stories.jsx[2m > [22m[2mMultiple Players In List
[22m[39m[AudioPlayerContext] Loading new source: /story-mocks/cinematic-designed-sci-fi-whoosh-tran...
[90mstdout[2m | src/components/Editor3/components/AudioWaveformPlayer.stories.jsx[2m > [22m[2mMultiple Players In List
[22m[39m[AudioPlayerContext] Loading new source: /story-mocks/cinematic-designed-sci-fi-whoosh-tran...
[90mstdout[2m | src/components/Editor3/components/AudioWaveformPlayer.stories.jsx[2m > [22m[2mMultiple Players In List
[22m[39m[AudioPlayerContext] Loading new source: /story-mocks/cinematic-designed-sci-fi-whoosh-tran...
[90mstdout[2m | src/components/Editor3/components/AudioWaveformPlayer.stories.jsx[2m > [22m[2mMultiple Players In List
[22m[39m[TranslationModeController] Setting mode to: off
[90mstdout[2m | src/components/Editor3/components/AudioWaveformPlayer.stories.jsx[2m > [22m[2mMultiple Players In List
[22m[39m[FilesContext] Initializing vector store from IndexedDB
[90mstdout[2m | src/components/Editor3/components/AudioWaveformPlayer.stories.jsx[2m > [22m[2mMultiple Players In List
[22m[39m[FilesContext] fetchFiles called
[90mstdout[2m | src/components/Editor3/components/AudioWaveformPlayer.stories.jsx[2m > [22m[2mMultiple Players In List
[22m[39m[FilesContext] User authenticated: mock-user-sub
[90mstdout[2m | src/components/Editor3/components/AudioWaveformPlayer.stories.jsx[2m > [22m[2mMultiple Players In List
[22m[39m[FilesContext] Identity ID: us-east-1:mock-identity-123
[90mstdout[2m | src/components/Editor3/components/AudioWaveformPlayer.stories.jsx[2m > [22m[2mMultiple Players In List
[22m[39m[FilesContext] About to set up File observeQuery
[90mstdout[2m | src/components/Editor3/components/AudioWaveformPlayer.stories.jsx[2m > [22m[2mMultiple Players In List
[22m[39m[ChatContext] Setting up AssistantChat observeQuery
[90mstdout[2m | src/components/Editor3/components/AudioWaveformPlayer.stories.jsx[2m > [22m[2mMultiple Players In List
[22m[39m[ChatContext] Waiting for subscription to initialize
[90mstdout[2m | src/components/Editor3/components/AudioWaveformPlayer.stories.jsx[2m > [22m[2mMultiple Players In List
[22m[39m[SettingsContext] Setting up Settings subscription for user: mock-user-sub
[90mstdout[2m | src/components/Editor3/components/AudioWaveformPlayer.stories.jsx[2m > [22m[2mMultiple Players In List
[22m[39m[Mock Data] Settings created: mock-settings-1790417701623 - notified 0 subscribers
[90mstdout[2m | src/components/Editor3/components/AudioWaveformPlayer.stories.jsx[2m > [22m[2mMultiple Players In List
[22m[39m[FilesContext] File observeQuery update: 6 files
[90mstdout[2m | src/components/Editor3/components/AudioWaveformPlayer.stories.jsx[2m > [22m[2mMultiple Players In List
[22m[39m[ChatContext] AssistantChat initialized with 1 chats
[90mstdout[2m | src/components/Editor3/components/AudioWaveformPlayer.stories.jsx[2m > [22m[2mMultiple Players In List
[22m[39m[ChatContext] Setting initial chat: mock-assistant-chat-1
[90mstdout[2m | src/components/Editor3/components/AudioWaveformPlayer.stories.jsx[2m > [22m[2mMultiple Players In List
[22m[39m[MOCK CourseVectorStore] Initialized with mock data
[90mstdout[2m | src/components/Editor3/components/AudioWaveformPlayer.stories.jsx[2m > [22m[2mMultiple Players In List
[22m[39m[FilesContext] Vector store population triggered {
  "currentVectorStoreSize": 3,
  "documentsCount": 0,
  "filesCount": 6,
  "isInitialLoad": true,
}
[90mstdout[2m | src/components/Editor3/components/AudioWaveformPlayer.stories.jsx[2m > [22m[2mMultiple Players In List
[22m[39m[FilesContext] Vector store population complete - 3 total embeddings
[90mstdout[2m | src/components/Editor3/components/AudioWaveformPlayer.stories.jsx[2m > [22m[2mMultiple Players In List
[22m[39m[ChatContext] Chat exists and not archived, skipping creation
[90mstdout[2m | src/components/Editor3/components/AudioWaveformPlayer.stories.jsx[2m > [22m[2mMultiple Players In List
[22m[39m[Mock Storage] downloadData called with: undefined
[90mstdout[2m | src/components/Editor3/components/AudioWaveformPlayer.stories.jsx[2m > [22m[2mNo Audio Source
[22m[39m[ChatContext] Cleaning up subscriptions
[90mstdout[2m | src/components/Editor3/components/AudioWaveformPlayer.stories.jsx[2m > [22m[2mNo Audio Source
[22m[39m[MOCK CourseVectorStore] Initialized with mock data
[90mstdout[2m | src/components/Editor3/components/AudioWaveformPlayer.stories.jsx[2m > [22m[2mNo Audio Source
[22m[39m[TranslationModeController] Setting mode to: off
[90mstdout[2m | src/components/Editor3/components/AudioWaveformPlayer.stories.jsx[2m > [22m[2mNo Audio Source
[22m[39m[FilesContext] Initializing vector store from IndexedDB
[90mstdout[2m | src/components/Editor3/components/AudioWaveformPlayer.stories.jsx[2m > [22m[2mNo Audio Source
[22m[39m[FilesContext] fetchFiles called
[90mstdout[2m | src/components/Editor3/components/AudioWaveformPlayer.stories.jsx[2m > [22m[2mNo Audio Source
[22m[39m[FilesContext] User authenticated: mock-user-sub
[90mstdout[2m | src/components/Editor3/components/AudioWaveformPlayer.stories.jsx[2m > [22m[2mNo Audio Source
[22m[39m[FilesContext] Identity ID: us-east-1:mock-identity-123
[90mstdout[2m | src/components/Editor3/components/AudioWaveformPlayer.stories.jsx[2m > [22m[2mNo Audio Source
[22m[39m[FilesContext] About to set up File observeQuery
[90mstdout[2m | src/components/Editor3/components/AudioWaveformPlayer.stories.jsx[2m > [22m[2mNo Audio Source
[22m[39m[ChatContext] Setting up AssistantChat observeQuery
[90mstdout[2m | src/components/Editor3/components/AudioWaveformPlayer.stories.jsx[2m > [22m[2mNo Audio Source
[22m[39m[ChatContext] Waiting for subscription to initialize
[90mstdout[2m | src/components/Editor3/components/AudioWaveformPlayer.stories.jsx[2m > [22m[2mNo Audio Source
[22m[39m[SettingsContext] Setting up Settings subscription for user: mock-user-sub
[90mstdout[2m | src/components/Editor3/components/AudioWaveformPlayer.stories.jsx[2m > [22m[2mNo Audio Source
[22m[39m[Mock Data] Settings created: mock-settings-1790417702247 - notified 0 subscribers
[90mstdout[2m | src/components/Editor3/components/AudioWaveformPlayer.stories.jsx[2m > [22m[2mNo Audio Source
[22m[39m[FilesContext] File observeQuery update: 6 files
[90mstdout[2m | src/components/Editor3/components/AudioWaveformPlayer.stories.jsx[2m > [22m[2mNo Audio Source
[22m[39m[ChatContext] AssistantChat initialized with 1 chats
[90mstdout[2m | src/components/Editor3/components/AudioWaveformPlayer.stories.jsx[2m > [22m[2mNo Audio Source
[22m[39m[ChatContext] Setting initial chat: mock-assistant-chat-1
[90mstdout[2m | src/components/Editor3/components/AudioWaveformPlayer.stories.jsx[2m > [22m[2mNo Audio Source
[22m[39m[MOCK CourseVectorStore] Initialized with mock data
[90mstdout[2m | src/components/Editor3/components/AudioWaveformPlayer.stories.jsx[2m > [22m[2mNo Audio Source
[22m[39m[FilesContext] Vector store population triggered {
  "currentVectorStoreSize": 3,
  "documentsCount": 0,
  "filesCount": 6,
  "isInitialLoad": true,
}
[90mstdout[2m | src/components/Editor3/components/AudioWaveformPlayer.stories.jsx[2m > [22m[2mNo Audio Source
[22m[39m[FilesContext] Vector store population complete - 3 total embeddings
[90mstdout[2m | src/components/Editor3/components/AudioWaveformPlayer.stories.jsx[2m > [22m[2mNo Audio Source
[22m[39m[ChatContext] Chat exists and not archived, skipping creation
[90mstdout[2m | src/components/Editor3/components/AudioWaveformPlayer.stories.jsx[2m > [22m[2mNo Audio Source
[22m[39m[Mock Storage] downloadData called with: undefined
[90mstdout[2m | src/components/Editor3/components/AudioWaveformPlayer.stories.jsx[2m > [22m[2mWith Recording
[22m[39m[ChatContext] Cleaning up subscriptions
[90mstdout[2m | src/components/Editor3/components/AudioWaveformPlayer.stories.jsx[2m > [22m[2mWith Recording
[22m[39m[MOCK CourseVectorStore] Initialized with mock data
[90mstdout[2m | src/components/Editor3/components/AudioWaveformPlayer.stories.jsx[2m > [22m[2mWith Recording
[22m[39m[TranslationModeController] Setting mode to: off
[90mstdout[2m | src/components/Editor3/components/AudioWaveformPlayer.stories.jsx[2m > [22m[2mWith Recording
[22m[39m[FilesContext] Initializing vector store from IndexedDB
[90mstdout[2m | src/components/Editor3/components/AudioWaveformPlayer.stories.jsx[2m > [22m[2mWith Recording
[22m[39m[FilesContext] fetchFiles called
[90mstdout[2m | src/components/Editor3/components/AudioWaveformPlayer.stories.jsx[2m > [22m[2mWith Recording
[22m[39m[FilesContext] User authenticated: mock-user-sub
[90mstdout[2m | src/components/Editor3/components/AudioWaveformPlayer.stories.jsx[2m > [22m[2mWith Recording
[22m[39m[FilesContext] Identity ID: us-east-1:mock-identity-123
[90mstdout[2m | src/components/Editor3/components/AudioWaveformPlayer.stories.jsx[2m > [22m[2mWith Recording
[22m[39m[FilesContext] About to set up File observeQuery
[90mstdout[2m | src/components/Editor3/components/AudioWaveformPlayer.stories.jsx[2m > [22m[2mWith Recording
[22m[39m[ChatContext] Setting up AssistantChat observeQuery
[90mstdout[2m | src/components/Editor3/components/AudioWaveformPlayer.stories.jsx[2m > [22m[2mWith Recording
[22m[39m[ChatContext] Waiting for subscription to initialize
[90mstdout[2m | src/components/Editor3/components/AudioWaveformPlayer.stories.jsx[2m > [22m[2mWith Recording
[22m[39m[SettingsContext] Setting up Settings subscription for user: mock-user-sub
[90mstdout[2m | src/components/Editor3/components/AudioWaveformPlayer.stories.jsx[2m > [22m[2mWith Recording
[22m[39m[Mock Data] Settings created: mock-settings-1790417702708 - notified 0 subscribers
[90mstdout[2m | src/components/Editor3/components/AudioWaveformPlayer.stories.jsx[2m > [22m[2mWith Recording
[22m[39m[FilesContext] File observeQuery update: 6 files
[90mstdout[2m | src/components/Editor3/components/AudioWaveformPlayer.stories.jsx[2m > [22m[2mWith Recording
[22m[39m[ChatContext] AssistantChat initialized with 1 chats
[90mstdout[2m | src/components/Editor3/components/AudioWaveformPlayer.stories.jsx[2m > [22m[2mWith Recording
[22m[39m[ChatContext] Setting initial chat: mock-assistant-chat-1
[90mstdout[2m | src/components/Editor3/components/AudioWaveformPlayer.stories.jsx[2m > [22m[2mWith Recording
[22m[39m[MOCK CourseVectorStore] Initialized with mock data
[90mstdout[2m | src/components/Editor3/components/AudioWaveformPlayer.stories.jsx[2m > [22m[2mWith Recording
[22m[39m[FilesContext] Vector store population triggered {
  "currentVectorStoreSize": 3,
  "documentsCount": 0,
  "filesCount": 6,
  "isInitialLoad": true,
}
[90mstdout[2m | src/components/Editor3/components/AudioWaveformPlayer.stories.jsx[2m > [22m[2mWith Recording
[22m[39m[FilesContext] Vector store population complete - 3 total embeddings
[90mstdout[2m | src/components/Editor3/components/AudioWaveformPlayer.stories.jsx[2m > [22m[2mWith Recording
[22m[39m[ChatContext] Chat exists and not archived, skipping creation
[90mstdout[2m | src/components/Editor3/components/AudioWaveformPlayer.stories.jsx[2m > [22m[2mWith Recording
[22m[39m[Mock Storage] downloadData called with: undefined
[90mstdout[2m | src/components/Editor3/components/AudioWaveformPlayer.stories.jsx[2m > [22m[2mRecording With Callback
[22m[39m[ChatContext] Cleaning up subscriptions
[90mstdout[2m | src/components/Editor3/components/AudioWaveformPlayer.stories.jsx[2m > [22m[2mRecording With Callback
[22m[39m[MOCK CourseVectorStore] Initialized with mock data
[90mstdout[2m | src/components/Editor3/components/AudioWaveformPlayer.stories.jsx[2m > [22m[2mRecording With Callback
[22m[39m[TranslationModeController] Setting mode to: off
[90mstdout[2m | src/components/Editor3/components/AudioWaveformPlayer.stories.jsx[2m > [22m[2mRecording With Callback
[22m[39m[FilesContext] Initializing vector store from IndexedDB
[90mstdout[2m | src/components/Editor3/components/AudioWaveformPlayer.stories.jsx[2m > [22m[2mRecording With Callback
[22m[39m[FilesContext] fetchFiles called
[90mstdout[2m | src/components/Editor3/components/AudioWaveformPlayer.stories.jsx[2m > [22m[2mRecording With Callback
[22m[39m[FilesContext] User authenticated: mock-user-sub
[90mstdout[2m | src/components/Editor3/components/AudioWaveformPlayer.stories.jsx[2m > [22m[2mRecording With Callback
[22m[39m[FilesContext] Identity ID: us-east-1:mock-identity-123
[90mstdout[2m | src/components/Editor3/components/AudioWaveformPlayer.stories.jsx[2m > [22m[2mRecording With Callback
[22m[39m[FilesContext] About to set up File observeQuery
[90mstdout[2m | src/components/Editor3/components/AudioWaveformPlayer.stories.jsx[2m > [22m[2mRecording With Callback
[22m[39m[ChatContext] Setting up AssistantChat observeQuery
[90mstdout[2m | src/components/Editor3/components/AudioWaveformPlayer.stories.jsx[2m > [22m[2mRecording With Callback
[22m[39m[ChatContext] Waiting for subscription to initialize
[90mstdout[2m | src/components/Editor3/components/AudioWaveformPlayer.stories.jsx[2m > [22m[2mRecording With Callback
[22m[39m[SettingsContext] Setting up Settings subscription for user: mock-user-sub
[90mstdout[2m | src/components/Editor3/components/AudioWaveformPlayer.stories.jsx[2m > [22m[2mRecording With Callback
[22m[39m[Mock Data] Settings created: mock-settings-1790417703001 - notified 0 subscribers
[90mstdout[2m | src/components/Editor3/components/AudioWaveformPlayer.stories.jsx[2m > [22m[2mRecording With Callback
[22m[39m[FilesContext] File observeQuery update: 6 files
[90mstdout[2m | src/components/Editor3/components/AudioWaveformPlayer.stories.jsx[2m > [22m[2mRecording With Callback
[22m[39m[ChatContext] AssistantChat initialized with 1 chats
[90mstdout[2m | src/components/Editor3/components/AudioWaveformPlayer.stories.jsx[2m > [22m[2mRecording With Callback
[22m[39m[ChatContext] Setting initial chat: mock-assistant-chat-1
[90mstdout[2m | src/components/Editor3/components/AudioWaveformPlayer.stories.jsx[2m > [22m[2mRecording With Callback
[22m[39m[MOCK CourseVectorStore] Initialized with mock data
[90mstdout[2m | src/components/Editor3/components/AudioWaveformPlayer.stories.jsx[2m > [22m[2mRecording With Callback
[22m[39m[FilesContext] Vector store population triggered {
  "currentVectorStoreSize": 3,
  "documentsCount": 0,
  "filesCount": 6,
  "isInitialLoad": true,
}
[90mstdout[2m | src/components/Editor3/components/AudioWaveformPlayer.stories.jsx[2m > [22m[2mRecording With Callback
[22m[39m[FilesContext] Vector store population complete - 3 total embeddings
[90mstdout[2m | src/components/Editor3/components/AudioWaveformPlayer.stories.jsx[2m > [22m[2mRecording With Callback
[22m[39m[ChatContext] Chat exists and not archived, skipping creation
[90mstdout[2m | src/components/Editor3/components/AudioWaveformPlayer.stories.jsx[2m > [22m[2mRecording With Callback
[22m[39m[Mock Storage] downloadData called with: undefined
[90mstdout[2m | src/components/Editor3/components/AudioWaveformPlayer.stories.jsx[2m > [22m[2mRecording With Callback
[22m[39m[AudioWaveformPlayer] Starting real-time waveform visualization
[90mstdout[2m | src/components/Editor3/components/AudioWaveformPlayer.stories.jsx[2m > [22m[2mRecording With Callback
[22m[39m[Mock Auth] getCurrentUser returning: {
  "attributes": {
    "email": "alice@example.com",
    "sub": "student-alice-sub",
  },
  "userId": "student-alice-sub",
  "username": "student-alice-sub",
}
[90mstdout[2m | src/components/Editor3/components/AudioWaveformPlayer.stories.jsx[2m > [22m[2mRecording With Callback
[22m[39m[UserSubmission] Uploading to: private/student-alice-sub/user-submissions/test-grade-123/pronunciation-practice/test-grade-123_pronunciation-practice_1790417703561.mp3
[90mstdout[2m | src/components/Editor3/components/AudioWaveformPlayer.stories.jsx[2m > [22m[2mRecording With Callback
[22m[39m[Mock Storage] uploadData called with: {
  "key": undefined,
  "options": {
    "contentType": "audio/webm;codecs=opus",
  },
  "path": "private/student-alice-sub/user-submissions/test-grade-123/pronunciation-practice/test-grade-123_pronunciation-practice_1790417703561.mp3",
}
[90mstdout[2m | src/components/Editor3/components/AudioWaveformPlayer.stories.jsx[2m > [22m[2mRecording With Callback
[22m[39m[Mock Storage] Stored blob as data URL for path: private/student-alice-sub/user-submissions/test-grade-123/pronunciation-practice/test-grade-123_pronunciation-practice_1790417703561.mp3 (110 bytes, audio/webm;codecs=opus)
[90mstdout[2m | src/components/Editor3/components/AudioWaveformPlayer.stories.jsx[2m > [22m[2mRecording With Callback
[22m[39m[UserSubmission] Upload successful: private/student-alice-sub/user-submissions/test-grade-123/pronunciation-practice/test-grade-123_pronunciation-practice_1790417703561.mp3
[90mstdout[2m | src/components/Editor3/components/AudioWaveformPlayer.stories.jsx[2m > [22m[2mRecording With Callback
[22m[39m[Mock Auth] getCurrentUser returning: {
  "attributes": {
    "email": "alice@example.com",
    "sub": "student-alice-sub",
  },
  "userId": "student-alice-sub",
  "username": "student-alice-sub",
}
[90mstdout[2m | src/components/Editor3/components/AudioWaveformPlayer.stories.jsx[2m > [22m[2mRecording With Callback
[22m[39m[Mock Data] File created: mock-file-1790417703674 - notified 1 subscribers
[90mstdout[2m | src/components/Editor3/components/AudioWaveformPlayer.stories.jsx[2m > [22m[2mRecording With Callback
[22m[39mRecording complete: {
  "_version": 1,
  "createdAt": "2026-09-26T10:15:03.674Z",
  "id": "mock-file-1790417703674",
  "identityId": "us-east-1:mock-identity-123",
  "level": "PRIVATE",
  "mimeType": "audio/webm;codecs=opus",
  "name": "test-grade-123_pronunciation-practice_1790417703561.mp3",
  "owner": "student-alice-sub",
  "parsedContent": [Function anonymous],
  "path": "private/student-alice-sub/user-submissions/test-grade-123/pronunciation-practice/test-grade-123_pronunciation-practice_1790417703561.mp3",
  "size": 110,
  "updatedAt": "2026-09-26T10:15:03.674Z",
} {
  "filename": "test-grade-123_pronunciation-practice_1790417703561.mp3",
  "gradeId": "test-grade-123",
  "metadata": {
    "definition": "Hello (Japanese)",
    "phrase": "こんにちは",
    "uploadedAt": "2026-09-26T10:15:03.575Z",
    "uploadedBy": "student-alice-sub",
    "userId": "student-alice-sub",
    "username": "student-alice-sub",
  },
  "nodeKey": "pronunciation-practice",
  "path": "private/student-alice-sub/user-submissions/test-grade-123/pronunciation-practice/test-grade-123_pronunciation-practice_1790417703561.mp3",
  "uploadedAt": 1790417703561,
}
[90mstdout[2m | src/components/Editor3/components/AudioWaveformPlayer.stories.jsx[2m > [22m[2mRecording With Callback
[22m[39m[FilesContext] File observeQuery update: 7 files
[90mstdout[2m | src/components/Editor3/components/AudioWaveformPlayer.stories.jsx[2m > [22m[2mRecording With Callback
[22m[39m[MOCK CourseVectorStore] Initialized with mock data
[90mstdout[2m | src/components/Editor3/components/AudioWaveformPlayer.stories.jsx[2m > [22m[2mRecording With Callback
[22m[39m[FilesContext] Vector store population triggered {
  "currentVectorStoreSize": 3,
  "documentsCount": 0,
  "filesCount": 7,
  "isInitialLoad": false,
}
[90mstdout[2m | src/components/Editor3/components/AudioWaveformPlayer.stories.jsx[2m > [22m[2mRecording With Callback
[22m[39m[FilesContext] Vector store population complete - 3 total embeddings
[90mstdout[2m | src/components/Editor3/components/AudioWaveformPlayer.stories.jsx[2m > [22m[2mRecording Only
[22m[39m[ChatContext] Cleaning up subscriptions
[90mstdout[2m | src/components/Editor3/components/AudioWaveformPlayer.stories.jsx[2m > [22m[2mRecording Only
[22m[39m[MOCK CourseVectorStore] Initialized with mock data
[90mstdout[2m | src/components/Editor3/components/AudioWaveformPlayer.stories.jsx[2m > [22m[2mRecording Only
[22m[39m[TranslationModeController] Setting mode to: off
[90mstdout[2m | src/components/Editor3/components/AudioWaveformPlayer.stories.jsx[2m > [22m[2mRecording Only
[22m[39m[FilesContext] Initializing vector store from IndexedDB
[90mstdout[2m | src/components/Editor3/components/AudioWaveformPlayer.stories.jsx[2m > [22m[2mRecording Only
[22m[39m[FilesContext] fetchFiles called
[90mstdout[2m | src/components/Editor3/components/AudioWaveformPlayer.stories.jsx[2m > [22m[2mRecording Only
[22m[39m[FilesContext] User authenticated: mock-user-sub
[90mstdout[2m | src/components/Editor3/components/AudioWaveformPlayer.stories.jsx[2m > [22m[2mRecording Only
[22m[39m[FilesContext] Identity ID: us-east-1:mock-identity-123
[90mstdout[2m | src/components/Editor3/components/AudioWaveformPlayer.stories.jsx[2m > [22m[2mRecording Only
[22m[39m[FilesContext] About to set up File observeQuery
[90mstdout[2m | src/components/Editor3/components/AudioWaveformPlayer.stories.jsx[2m > [22m[2mRecording Only
[22m[39m[ChatContext] Setting up AssistantChat observeQuery
[90mstdout[2m | src/components/Editor3/components/AudioWaveformPlayer.stories.jsx[2m > [22m[2mRecording Only
[22m[39m[ChatContext] Waiting for subscription to initialize
[90mstdout[2m | src/components/Editor3/components/AudioWaveformPlayer.stories.jsx[2m > [22m[2mRecording Only
[22m[39m[SettingsContext] Setting up Settings subscription for user: mock-user-sub
[90mstdout[2m | src/components/Editor3/components/AudioWaveformPlayer.stories.jsx[2m > [22m[2mRecording Only
[22m[39m[Mock Data] Settings created: mock-settings-1790417704054 - notified 0 subscribers
[90mstdout[2m | src/components/Editor3/components/AudioWaveformPlayer.stories.jsx[2m > [22m[2mRecording Only
[22m[39m[FilesContext] File observeQuery update: 6 files
[90mstdout[2m | src/components/Editor3/components/AudioWaveformPlayer.stories.jsx[2m > [22m[2mRecording Only
[22m[39m[ChatContext] AssistantChat initialized with 1 chats
[90mstdout[2m | src/components/Editor3/components/AudioWaveformPlayer.stories.jsx[2m > [22m[2mRecording Only
[22m[39m[ChatContext] Setting initial chat: mock-assistant-chat-1
[90mstdout[2m | src/components/Editor3/components/AudioWaveformPlayer.stories.jsx[2m > [22m[2mRecording Only
[22m[39m[Mock Storage] downloadData called with: undefined
[90mstdout[2m | src/components/Editor3/components/AudioWaveformPlayer.stories.jsx[2m > [22m[2mRecording Only
[22m[39m[MOCK CourseVectorStore] Initialized with mock data
[90mstdout[2m | src/components/Editor3/components/AudioWaveformPlayer.stories.jsx[2m > [22m[2mRecording Only
[22m[39m[FilesContext] Vector store population triggered {
  "currentVectorStoreSize": 3,
  "documentsCount": 0,
  "filesCount": 6,
  "isInitialLoad": true,
}
[90mstdout[2m | src/components/Editor3/components/AudioWaveformPlayer.stories.jsx[2m > [22m[2mRecording Only
[22m[39m[FilesContext] Vector store population complete - 3 total embeddings
[90mstdout[2m | src/components/Editor3/components/AudioWaveformPlayer.stories.jsx[2m > [22m[2mRecording Only
[22m[39m[ChatContext] Chat exists and not archived, skipping creation
[90mstdout[2m | src/components/Editor3/components/AudioWaveformPlayer.stories.jsx[2m > [22m[2mDocumentation
[22m[39m[ChatContext] Cleaning up subscriptions
[90mstdout[2m | src/components/Editor3/components/AudioWaveformPlayer.stories.jsx[2m > [22m[2mDocumentation
[22m[39m[MOCK CourseVectorStore] Initialized with mock data
[90mstdout[2m | src/components/Editor3/components/AudioWaveformPlayer.stories.jsx[2m > [22m[2mDocumentation
[22m[39m[TranslationModeController] Setting mode to: off
[90mstdout[2m | src/components/Editor3/components/AudioWaveformPlayer.stories.jsx[2m > [22m[2mDocumentation
[22m[39m[FilesContext] Initializing vector store from IndexedDB
[90mstdout[2m | src/components/Editor3/components/AudioWaveformPlayer.stories.jsx[2m > [22m[2mDocumentation
[22m[39m[FilesContext] fetchFiles called
[90mstdout[2m | src/components/Editor3/components/AudioWaveformPlayer.stories.jsx[2m > [22m[2mDocumentation
[22m[39m[FilesContext] User authenticated: mock-user-sub
[90mstdout[2m | src/components/Editor3/components/AudioWaveformPlayer.stories.jsx[2m > [22m[2mDocumentation
[22m[39m[FilesContext] Identity ID: us-east-1:mock-identity-123
[90mstdout[2m | src/components/Editor3/components/AudioWaveformPlayer.stories.jsx[2m > [22m[2mDocumentation
[22m[39m[FilesContext] About to set up File observeQuery
[90mstdout[2m | src/components/Editor3/components/AudioWaveformPlayer.stories.jsx[2m > [22m[2mDocumentation
[22m[39m[ChatContext] Setting up AssistantChat observeQuery
[90mstdout[2m | src/components/Editor3/components/AudioWaveformPlayer.stories.jsx[2m > [22m[2mDocumentation
[22m[39m[ChatContext] Waiting for subscription to initialize
[90mstdout[2m | src/components/Editor3/components/AudioWaveformPlayer.stories.jsx[2m > [22m[2mDocumentation
[22m[39m[SettingsContext] Setting up Settings subscription for user: mock-user-sub
[90mstdout[2m | src/components/Editor3/components/AudioWaveformPlayer.stories.jsx[2m > [22m[2mDocumentation
[22m[39m[Mock Data] Settings created: mock-settings-1790417704419 - notified 0 subscribers
[90mstdout[2m | src/components/Editor3/components/AudioWaveformPlayer.stories.jsx[2m > [22m[2mDocumentation
[22m[39m[FilesContext] File observeQuery update: 6 files
[90mstdout[2m | src/components/Editor3/components/AudioWaveformPlayer.stories.jsx[2m > [22m[2mDocumentation
[22m[39m[ChatContext] AssistantChat initialized with 1 chats
[90mstdout[2m | src/components/Editor3/components/AudioWaveformPlayer.stories.jsx[2m > [22m[2mDocumentation
[22m[39m[ChatContext] Setting initial chat: mock-assistant-chat-1
[90mstdout[2m | src/components/Editor3/components/AudioWaveformPlayer.stories.jsx[2m > [22m[2mDocumentation
[22m[39m[MOCK CourseVectorStore] Initialized with mock data
[90mstdout[2m | src/components/Editor3/components/AudioWaveformPlayer.stories.jsx[2m > [22m[2mDocumentation
[22m[39m[FilesContext] Vector store population triggered {
  "currentVectorStoreSize": 3,
  "documentsCount": 0,
  "filesCount": 6,
  "isInitialLoad": true,
}
[90mstdout[2m | src/components/Editor3/components/AudioWaveformPlayer.stories.jsx[2m > [22m[2mDocumentation
[22m[39m[FilesContext] Vector store population complete - 3 total embeddings
[90mstdout[2m | src/components/Editor3/components/AudioWaveformPlayer.stories.jsx[2m > [22m[2mDocumentation
[22m[39m[ChatContext] Chat exists and not archived, skipping creation
[90mstdout[2m | src/components/Editor3/components/AudioWaveformPlayer.stories.jsx[2m > [22m[2mDocumentation
[22m[39m[Mock Storage] downloadData called with: undefined
[90mstdout[2m | src/components/Editor3/components/AudioWaveformPlayer.stories.jsx
[22m[39m
════════════════════════════════════════════════════════════
[90mstdout[2m | src/components/Editor3/components/AudioWaveformPlayer.stories.jsx
[22m[39m  STORYBOOK AUDIT — 1 issue(s) in 12 stories
[90mstdout[2m | src/components/Editor3/components/AudioWaveformPlayer.stories.jsx
[22m[39m════════════════════════════════════════════════════════════
[90mstdout[2m | src/components/Editor3/components/AudioWaveformPlayer.stories.jsx
[22m[39m  CONSOLE ERRORS (1 total across 1 unique):
[90mstdout[2m | src/components/Editor3/components/AudioWaveformPlayer.stories.jsx
[22m[39m    [1x] Error calculating waveform data: Unable to decode audio data
[90mstdout[2m | src/components/Editor3/components/AudioWaveformPlayer.stories.jsx
[22m[39m
[90mstdout[2m | src/components/Editor3/components/AudioWaveformPlayer.stories.jsx
[22m[39m  STORIES WITH ISSUES:
[90mstdout[2m | src/components/Editor3/components/AudioWaveformPlayer.stories.jsx
[22m[39m    • Recording With Callback (1 console)
[90mstdout[2m | src/components/Editor3/components/AudioWaveformPlayer.stories.jsx
[22m[39m
[90mstdout[2m | src/components/Editor3/components/AudioWaveformPlayer.stories.jsx
[22m[39m  VERDICT: ISSUES FOUND
[90mstdout[2m | src/components/Editor3/components/AudioWaveformPlayer.stories.jsx
[22m[39m════════════════════════════════════════════════════════════

 [32m✓[39m [30m[45m storybook (chromium) [49m[39m src/components/Editor3/components/AudioWaveformPlayer.stories.jsx [2m([22m[2m12 tests[22m[2m)[22m[33m 6164[2mms[22m[39m
   [33m[2m✓[22m[39m With Waveform Data [33m 441[2mms[22m[39m
   [33m[2m✓[22m[39m Compact Player [33m 304[2mms[22m[39m
   [33m[2m✓[22m[39m With Prompt [33m 367[2mms[22m[39m
   [33m[2m✓[22m[39m With Audio Prompt [33m 552[2mms[22m[39m
   [33m[2m✓[22m[39m No Duration [33m 499[2mms[22m[39m
   [33m[2m✓[22m[39m Various Sizes [33m 696[2mms[22m[39m
   [33m[2m✓[22m[39m Multiple Players In List [33m 716[2mms[22m[39m
   [33m[2m✓[22m[39m No Audio Source [33m 365[2mms[22m[39m
   [33m[2m✓[22m[39m With Recording [33m 495[2mms[22m[39m
   [33m[2m✓[22m[39m Recording With Callback [33m 970[2mms[22m[39m
   [33m[2m✓[22m[39m Recording Only [33m 438[2mms[22m[39m
   [33m[2m✓[22m[39m Documentation [33m 314[2mms[22m[39m
[90mstdout[2m | unknown test
[22m[39m[MOCK vectorStoreDB.js] Module loaded - mock IndexedDB operations
[90mstdout[2m | unknown test
[22m[39m[Task Completion] DOM action listeners initialized
[90mstdout[2m | unknown test
[22m[39m[Task Completion] Auto-completion detector initialized
[90mstdout[2m | unknown test
[22m[39m[Preview] Task completion detector initialized
[90mstdout[2m | src/stories/root-components-with-providers.stories.tsx[2m > [22m[2mAppShell / Default
[22m[39m[MOCK CourseVectorStore] Initialized with mock data
[90mstdout[2m | src/stories/root-components-with-providers.stories.tsx[2m > [22m[2mAppShell / Default
[22m[39m[Mock Auth] setMockUser: {
  "attributes": {
    "email": "alice@example.com",
    "sub": "student-alice-sub",
  },
  "groups": [
    "section-jpn-101-learners",
    "section-jpn-102-learners",
  ],
  "userId": "student-alice-sub",
  "username": "student-alice-sub",
}
[90mstdout[2m | src/stories/root-components-with-providers.stories.tsx[2m > [22m[2mAppShell / Default
[22m[39m[Mock Data] seedMockUnit: Adding unit unit-japanese-1
[90mstdout[2m | src/stories/root-components-with-providers.stories.tsx[2m > [22m[2mAppShell / Default
[22m[39m[Mock Data] seedMockUnit: Adding unit unit-japanese-2
[90mstdout[2m | src/stories/root-components-with-providers.stories.tsx[2m > [22m[2mAppShell / Default
[22m[39m[Mock Data] seedMockUnit: Adding unit unit-japanese-3
[90mstdout[2m | src/stories/root-components-with-providers.stories.tsx[2m > [22m[2mAppShell / Default
[22m[39m[Mock Data] seedMockUnit: Adding unit unit-kanji-basics
[90mstdout[2m | src/stories/root-components-with-providers.stories.tsx[2m > [22m[2mAppShell / Default
[22m[39m[Mock Data] seedMockSections: Adding 2 sections
[90mstdout[2m | src/stories/root-components-with-providers.stories.tsx[2m > [22m[2mAppShell / Default
[22m[39m[Mock Data] Seeding section: section-jpn-101 with owner: teacher-1
[90mstdout[2m | src/stories/root-components-with-providers.stories.tsx[2m > [22m[2mAppShell / Default
[22m[39m[Mock Data] Seeding section: section-jpn-102 with owner: teacher-2
[90mstdout[2m | src/stories/root-components-with-providers.stories.tsx[2m > [22m[2mAppShell / Default
[22m[39m[Mock Data] Total sections in store: 2
[90mstdout[2m | src/stories/root-components-with-providers.stories.tsx[2m > [22m[2mAppShell / Default
[22m[39m[Mock Data] Sections in store: [
  {
    "id": "section-jpn-101",
    "name": "Japanese 101 - Spring 2024",
    "owner": "teacher-1",
  },
  {
    "id": "section-jpn-102",
    "name": "Japanese 102 - Advanced",
    "owner": "teacher-2",
  },
]
[90mstdout[2m | src/stories/root-components-with-providers.stories.tsx[2m > [22m[2mAppShell / Default
[22m[39m[Mock Data] No active Section subscriptions to notify yet
[90mstdout[2m | src/stories/root-components-with-providers.stories.tsx[2m > [22m[2mAppShell / Default
[22m[39m[Mock Data] seedMockAssignments: Adding 4 assignments
[90mstdout[2m | src/stories/root-components-with-providers.stories.tsx[2m > [22m[2mAppShell / Default
[22m[39m[Mock Data] Total assignments in store: 4
[90mstdout[2m | src/stories/root-components-with-providers.stories.tsx[2m > [22m[2mAppShell / Default
[22m[39m[Mock Data] Seeded grade: grade-alice-1 for unit: unit-japanese-1
[90mstdout[2m | src/stories/root-components-with-providers.stories.tsx[2m > [22m[2mAppShell / Default
[22m[39m[Mock Data] Grade has data: true
[90mstdout[2m | src/stories/root-components-with-providers.stories.tsx[2m > [22m[2mAppShell / Default
[22m[39m[Mock Data] Total grades in store: 1
[90mstdout[2m | src/stories/root-components-with-providers.stories.tsx[2m > [22m[2mAppShell / Default
[22m[39m[Mock Data] Seeded grade: grade-alice-1-attempt2 for unit: unit-japanese-1
[90mstdout[2m | src/stories/root-components-with-providers.stories.tsx[2m > [22m[2mAppShell / Default
[22m[39m[Mock Data] Grade has data: true
[90mstdout[2m | src/stories/root-components-with-providers.stories.tsx[2m > [22m[2mAppShell / Default
[22m[39m[Mock Data] Total grades in store: 2
[90mstdout[2m | src/stories/root-components-with-providers.stories.tsx[2m > [22m[2mAppShell / Default
[22m[39m[Mock Data] Seeded grade: grade-alice-2 for unit: unit-japanese-2
[90mstdout[2m | src/stories/root-components-with-providers.stories.tsx[2m > [22m[2mAppShell / Default
[22m[39m[Mock Data] Grade has data: true
[90mstdout[2m | src/stories/root-components-with-providers.stories.tsx[2m > [22m[2mAppShell / Default
[22m[39m[Mock Data] Total grades in store: 3
[90mstdout[2m | src/stories/root-components-with-providers.stories.tsx[2m > [22m[2mAppShell / Default
[22m[39m[Mock Data] seedMockStudentProfiles: Adding 6 student profiles
[90mstdout[2m | src/stories/root-components-with-providers.stories.tsx[2m > [22m[2mAppShell / Default
[22m[39m[Mock Data] seedMockHomeworkRooms: Adding 2 homework rooms
[90mstdout[2m | src/stories/root-components-with-providers.stories.tsx[2m > [22m[2mAppShell / Default
[22m[39m[IndexPageData] Seeded student dashboard with {
  "assignments": 4,
  "grades": 3,
  "sections": 2,
  "units": 4,
}
[90mstdout[2m | src/stories/root-components-with-providers.stories.tsx[2m > [22m[2mAppShell / Default
[22m[39m[MOCK CourseVectorStore] Initialized with mock data
[90mstdout[2m | src/stories/root-components-with-providers.stories.tsx[2m > [22m[2mAppShell / Default
[22m[39m[MOCK CourseVectorStore] Initialized with mock data
[90mstdout[2m | src/stories/root-components-with-providers.stories.tsx[2m > [22m[2mAppShell / Default
[22m[39m[useChatPageContext] Registering page context: {
  "dictionaryCount": 0,
  "filesCount": 0,
  "hasEditorRef": false,
  "hasUnit": false,
  "hasVectorStoreSearch": false,
  "questionsCount": 0,
  "sectionsCount": 0,
}
[90mstdout[2m | src/stories/root-components-with-providers.stories.tsx[2m > [22m[2mAppShell / Default
[22m[39m[FilesContext] Initializing vector store from IndexedDB
[90mstdout[2m | src/stories/root-components-with-providers.stories.tsx[2m > [22m[2mAppShell / Default
[22m[39m[FilesContext] fetchFiles called
[90mstdout[2m | src/stories/root-components-with-providers.stories.tsx[2m > [22m[2mAppShell / Default
[22m[39m[FilesContext] User authenticated: student-alice-sub
[90mstdout[2m | src/stories/root-components-with-providers.stories.tsx[2m > [22m[2mAppShell / Default
[22m[39m[FilesContext] Identity ID: identity-alice
[90mstdout[2m | src/stories/root-components-with-providers.stories.tsx[2m > [22m[2mAppShell / Default
[22m[39m[FilesContext] About to set up File observeQuery
[90mstdout[2m | src/stories/root-components-with-providers.stories.tsx[2m > [22m[2mAppShell / Default
[22m[39m[FilesContext] Initializing vector store from IndexedDB
[90mstdout[2m | src/stories/root-components-with-providers.stories.tsx[2m > [22m[2mAppShell / Default
[22m[39m[FilesContext] fetchFiles called
[90mstdout[2m | src/stories/root-components-with-providers.stories.tsx[2m > [22m[2mAppShell / Default
[22m[39m[FilesContext] User authenticated: student-alice-sub
[90mstdout[2m | src/stories/root-components-with-providers.stories.tsx[2m > [22m[2mAppShell / Default
[22m[39m[FilesContext] Identity ID: identity-alice
[90mstdout[2m | src/stories/root-components-with-providers.stories.tsx[2m > [22m[2mAppShell / Default
[22m[39m[FilesContext] About to set up File observeQuery
[90mstdout[2m | src/stories/root-components-with-providers.stories.tsx[2m > [22m[2mAppShell / Default
[22m[39m[TranslationModeController] Setting mode to: off
[90mstdout[2m | src/stories/root-components-with-providers.stories.tsx[2m > [22m[2mAppShell / Default
[22m[39m[UnitContext] useEffect triggered {
  "authLoading": false,
  "hasUser": true,
  "id": "mock-unit-id",
  "userSub": "student-alice-sub",
}
[90mstdout[2m | src/stories/root-components-with-providers.stories.tsx[2m > [22m[2mAppShell / Default
[22m[39m[UnitContext] Fetching unit data for id: mock-unit-id
[90mstdout[2m | src/stories/root-components-with-providers.stories.tsx[2m > [22m[2mAppShell / Default
[22m[39m[FilesContext] Initializing vector store from IndexedDB
[90mstdout[2m | src/stories/root-components-with-providers.stories.tsx[2m > [22m[2mAppShell / Default
[22m[39m[FilesContext] fetchFiles called
[90mstdout[2m | src/stories/root-components-with-providers.stories.tsx[2m > [22m[2mAppShell / Default
[22m[39m[FilesContext] User authenticated: student-alice-sub
[90mstdout[2m | src/stories/root-components-with-providers.stories.tsx[2m > [22m[2mAppShell / Default
[22m[39m[FilesContext] Identity ID: identity-alice
[90mstdout[2m | src/stories/root-components-with-providers.stories.tsx[2m > [22m[2mAppShell / Default
[22m[39m[FilesContext] About to set up File observeQuery
[90mstdout[2m | src/stories/root-components-with-providers.stories.tsx[2m > [22m[2mAppShell / Default
[22m[39m[ChatContext] Setting up AssistantChat observeQuery
[90mstdout[2m | src/stories/root-components-with-providers.stories.tsx[2m > [22m[2mAppShell / Default
[22m[39m[ChatContext] Waiting for subscription to initialize
[90mstdout[2m | src/stories/root-components-with-providers.stories.tsx[2m > [22m[2mAppShell / Default
[22m[39m[SettingsContext] Setting up Settings subscription for user: student-alice-sub
[90mstdout[2m | src/stories/root-components-with-providers.stories.tsx[2m > [22m[2mAppShell / Default
[22m[39m[Mock Data] Settings created: mock-settings-1790417725432 - notified 0 subscribers
[90mstdout[2m | src/stories/root-components-with-providers.stories.tsx[2m > [22m[2mAppShell / Default
[22m[39m[Mock Data] Unit.onUpdate() subscription added. Total: 1
[90mstdout[2m | src/stories/root-components-with-providers.stories.tsx[2m > [22m[2mAppShell / Default
[22m[39m[FilesContext] File observeQuery update: 6 files
[90mstdout[2m | src/stories/root-components-with-providers.stories.tsx[2m > [22m[2mAppShell / Default
[22m[39m[FilesContext] File observeQuery update: 6 files
[90mstdout[2m | src/stories/root-components-with-providers.stories.tsx[2m > [22m[2mAppShell / Default
[22m[39m[SectionContext] Section observeQuery update: 2
[90mstdout[2m | src/stories/root-components-with-providers.stories.tsx[2m > [22m[2mAppShell / Default
[22m[39m[FilesContext] File observeQuery update: 6 files
[90mstdout[2m | src/stories/root-components-with-providers.stories.tsx[2m > [22m[2mAppShell / Default
[22m[39m[ChatContext] AssistantChat initialized with 1 chats
[90mstdout[2m | src/stories/root-components-with-providers.stories.tsx[2m > [22m[2mAppShell / Default
[22m[39m[ChatContext] Setting initial chat: mock-assistant-chat-1
[90mstdout[2m | src/stories/root-components-with-providers.stories.tsx[2m > [22m[2mAppShell / Default
[22m[39m[MOCK CourseVectorStore] Initialized with mock data
[90mstdout[2m | src/stories/root-components-with-providers.stories.tsx[2m > [22m[2mAppShell / Default
[22m[39m[MOCK CourseVectorStore] Initialized with mock data
[90mstdout[2m | src/stories/root-components-with-providers.stories.tsx[2m > [22m[2mAppShell / Default
[22m[39m[MOCK CourseVectorStore] Initialized with mock data
[90mstdout[2m | src/stories/root-components-with-providers.stories.tsx[2m > [22m[2mAppShell / Default
[22m[39m[FilesContext] Vector store population triggered {
  "currentVectorStoreSize": 3,
  "documentsCount": 0,
  "filesCount": 6,
  "isInitialLoad": true,
}
[90mstdout[2m | src/stories/root-components-with-providers.stories.tsx[2m > [22m[2mAppShell / Default
[22m[39m[FilesContext] Vector store population complete - 3 total embeddings
[90mstdout[2m | src/stories/root-components-with-providers.stories.tsx[2m > [22m[2mAppShell / Default
[22m[39m[FilesContext] Vector store population triggered {
  "currentVectorStoreSize": 3,
  "documentsCount": 0,
  "filesCount": 6,
  "isInitialLoad": true,
}
[90mstdout[2m | src/stories/root-components-with-providers.stories.tsx[2m > [22m[2mAppShell / Default
[22m[39m[FilesContext] Vector store population complete - 3 total embeddings
[90mstdout[2m | src/stories/root-components-with-providers.stories.tsx[2m > [22m[2mAppShell / Default
[22m[39m[FilesContext] Vector store population triggered {
  "currentVectorStoreSize": 3,
  "documentsCount": 0,
  "filesCount": 6,
  "isInitialLoad": true,
}
[90mstdout[2m | src/stories/root-components-with-providers.stories.tsx[2m > [22m[2mAppShell / Default
[22m[39m[FilesContext] Vector store population complete - 3 total embeddings
[90mstdout[2m | src/stories/root-components-with-providers.stories.tsx[2m > [22m[2mAppShell / Default
[22m[39m[ChatContext] Chat exists and not archived, skipping creation
[90mstdout[2m | src/stories/root-components-with-providers.stories.tsx[2m > [22m[2mAppShell / Default
[22m[39m[YjsProvider] chat-section-section-jpn-101 connection status: connected
[90mstdout[2m | src/stories/root-components-with-providers.stories.tsx[2m > [22m[2mAppShell / Default
[22m[39m[YjsProvider] chat-section-section-jpn-101 synced with server
[90mstdout[2m | src/stories/root-components-with-providers.stories.tsx[2m > [22m[2mAppShell / Default
[22m[39mMock Cache.getItem called with: getCachedUrl_/story-mocks/animals-10008941_1280.jpg
[90mstdout[2m | src/stories/root-components-with-providers.stories.tsx[2m > [22m[2mAppShell / Default
[22m[39mMock getUrl called with: /story-mocks/animals-10008941_1280.jpg
[90mstdout[2m | src/stories/root-components-with-providers.stories.tsx[2m > [22m[2mAppShell / Default
[22m[39mMock Cache.setItem called with: getCachedUrl_/story-mocks/animals-10008941_1280.jpg /story-mocks/animals-10008941_1280.jpg
[90mstdout[2m | src/stories/root-components-with-providers.stories.tsx[2m > [22m[2mGradeReviewDrawer / Open
[22m[39m[ChatContext] Cleaning up subscriptions
[90mstdout[2m | src/stories/root-components-with-providers.stories.tsx[2m > [22m[2mGradeReviewDrawer / Open
[22m[39m[Mock Data] Unit.onUpdate() subscription removed. Remaining: 0
[90mstdout[2m | src/stories/root-components-with-providers.stories.tsx[2m > [22m[2mGradeReviewDrawer / Open
[22m[39m[useChatPageContext] Cleaning up page context
[90mstdout[2m | src/stories/root-components-with-providers.stories.tsx[2m > [22m[2mGradeReviewDrawer / Open
[22m[39m[YjsProvider] chat-section-section-jpn-101 connection status: disconnected
[90mstdout[2m | src/stories/root-components-with-providers.stories.tsx[2m > [22m[2mGradeReviewDrawer / Open
[22m[39m[MOCK CourseVectorStore] Initialized with mock data
[90mstdout[2m | src/stories/root-components-with-providers.stories.tsx[2m > [22m[2mGradeReviewDrawer / Open
[22m[39m[Mock Auth] setMockUser: {
  "attributes": {
    "email": "teacher@example.com",
    "sub": "teacher-1",
  },
  "groups": [
    "Instructors",
  ],
  "userId": "teacher-1",
  "username": "teacher-1",
}
[90mstdout[2m | src/stories/root-components-with-providers.stories.tsx[2m > [22m[2mGradeReviewDrawer / Open
[22m[39m[Mock Data] seedMockUnit: Adding unit unit-japanese-1
[90mstdout[2m | src/stories/root-components-with-providers.stories.tsx[2m > [22m[2mGradeReviewDrawer / Open
[22m[39m[Mock Data] seedMockUnit: Adding unit unit-japanese-2
[90mstdout[2m | src/stories/root-components-with-providers.stories.tsx[2m > [22m[2mGradeReviewDrawer / Open
[22m[39m[Mock Data] seedMockUnit: Adding unit unit-japanese-3
[90mstdout[2m | src/stories/root-components-with-providers.stories.tsx[2m > [22m[2mGradeReviewDrawer / Open
[22m[39m[Mock Data] seedMockUnit: Adding unit unit-kanji-basics
[90mstdout[2m | src/stories/root-components-with-providers.stories.tsx[2m > [22m[2mGradeReviewDrawer / Open
[22m[39m[Mock Data] seedMockSections: Adding 1 sections
[90mstdout[2m | src/stories/root-components-with-providers.stories.tsx[2m > [22m[2mGradeReviewDrawer / Open
[22m[39m[Mock Data] Seeding section: section-jpn-101 with owner: teacher-1
[90mstdout[2m | src/stories/root-components-with-providers.stories.tsx[2m > [22m[2mGradeReviewDrawer / Open
[22m[39m[Mock Data] Total sections in store: 1
[90mstdout[2m | src/stories/root-components-with-providers.stories.tsx[2m > [22m[2mGradeReviewDrawer / Open
[22m[39m[Mock Data] Sections in store: [
  {
    "id": "section-jpn-101",
    "name": "Japanese 101 - Spring 2024",
    "owner": "teacher-1",
  },
]
[90mstdout[2m | src/stories/root-components-with-providers.stories.tsx[2m > [22m[2mGradeReviewDrawer / Open
[22m[39m[Mock Data] No active Section subscriptions to notify yet
[90mstdout[2m | src/stories/root-components-with-providers.stories.tsx[2m > [22m[2mGradeReviewDrawer / Open
[22m[39m[Mock Data] seedMockAssignments: Adding 5 assignments
[90mstdout[2m | src/stories/root-components-with-providers.stories.tsx[2m > [22m[2mGradeReviewDrawer / Open
[22m[39m[Mock Data] Total assignments in store: 5
[90mstdout[2m | src/stories/root-components-with-providers.stories.tsx[2m > [22m[2mGradeReviewDrawer / Open
[22m[39m[Mock Data] Seeded grade: grade-alice-1 for unit: unit-japanese-1
[90mstdout[2m | src/stories/root-components-with-providers.stories.tsx[2m > [22m[2mGradeReviewDrawer / Open
[22m[39m[Mock Data] Grade has data: true
[90mstdout[2m | src/stories/root-components-with-providers.stories.tsx[2m > [22m[2mGradeReviewDrawer / Open
[22m[39m[Mock Data] Total grades in store: 1
[90mstdout[2m | src/stories/root-components-with-providers.stories.tsx[2m > [22m[2mGradeReviewDrawer / Open
[22m[39m[Mock Data] Seeded grade: grade-alice-1-attempt2 for unit: unit-japanese-1
[90mstdout[2m | src/stories/root-components-with-providers.stories.tsx[2m > [22m[2mGradeReviewDrawer / Open
[22m[39m[Mock Data] Grade has data: true
[90mstdout[2m | src/stories/root-components-with-providers.stories.tsx[2m > [22m[2mGradeReviewDrawer / Open
[22m[39m[Mock Data] Total grades in store: 2
[90mstdout[2m | src/stories/root-components-with-providers.stories.tsx[2m > [22m[2mGradeReviewDrawer / Open
[22m[39m[Mock Data] Seeded grade: grade-alice-2 for unit: unit-japanese-2
[90mstdout[2m | src/stories/root-components-with-providers.stories.tsx[2m > [22m[2mGradeReviewDrawer / Open
[22m[39m[Mock Data] Grade has data: true
[90mstdout[2m | src/stories/root-components-with-providers.stories.tsx[2m > [22m[2mGradeReviewDrawer / Open
[22m[39m[Mock Data] Total grades in store: 3
[90mstdout[2m | src/stories/root-components-with-providers.stories.tsx[2m > [22m[2mGradeReviewDrawer / Open
[22m[39m[Mock Data] Seeded grade: grade-bob-1 for unit: unit-japanese-1
[90mstdout[2m | src/stories/root-components-with-providers.stories.tsx[2m > [22m[2mGradeReviewDrawer / Open
[22m[39m[Mock Data] Grade has data: true
[90mstdout[2m | src/stories/root-components-with-providers.stories.tsx[2m > [22m[2mGradeReviewDrawer / Open
[22m[39m[Mock Data] Total grades in store: 4
[90mstdout[2m | src/stories/root-components-with-providers.stories.tsx[2m > [22m[2mGradeReviewDrawer / Open
[22m[39m[Mock Data] Seeded grade: grade-bob-2 for unit: unit-japanese-2
[90mstdout[2m | src/stories/root-components-with-providers.stories.tsx[2m > [22m[2mGradeReviewDrawer / Open
[22m[39m[Mock Data] Grade has data: true
[90mstdout[2m | src/stories/root-components-with-providers.stories.tsx[2m > [22m[2mGradeReviewDrawer / Open
[22m[39m[Mock Data] Total grades in store: 5
[90mstdout[2m | src/stories/root-components-with-providers.stories.tsx[2m > [22m[2mGradeReviewDrawer / Open
[22m[39m[Mock Data] Seeded grade: grade-carol-1 for unit: unit-japanese-1
[90mstdout[2m | src/stories/root-components-with-providers.stories.tsx[2m > [22m[2mGradeReviewDrawer / Open
[22m[39m[Mock Data] Grade has data: true
[90mstdout[2m | src/stories/root-components-with-providers.stories.tsx[2m > [22m[2mGradeReviewDrawer / Open
[22m[39m[Mock Data] Total grades in store: 6
[90mstdout[2m | src/stories/root-components-with-providers.stories.tsx[2m > [22m[2mGradeReviewDrawer / Open
[22m[39m[Mock Data] Seeded grade: grade-carol-2 for unit: unit-japanese-2
[90mstdout[2m | src/stories/root-components-with-providers.stories.tsx[2m > [22m[2mGradeReviewDrawer / Open
[22m[39m[Mock Data] Grade has data: true
[90mstdout[2m | src/stories/root-components-with-providers.stories.tsx[2m > [22m[2mGradeReviewDrawer / Open
[22m[39m[Mock Data] Total grades in store: 7
[90mstdout[2m | src/stories/root-components-with-providers.stories.tsx[2m > [22m[2mGradeReviewDrawer / Open
[22m[39m[Mock Data] Seeded grade: grade-dave-1 for unit: unit-japanese-1
[90mstdout[2m | src/stories/root-components-with-providers.stories.tsx[2m > [22m[2mGradeReviewDrawer / Open
[22m[39m[Mock Data] Grade has data: true
[90mstdout[2m | src/stories/root-components-with-providers.stories.tsx[2m > [22m[2mGradeReviewDrawer / Open
[22m[39m[Mock Data] Total grades in store: 8
[90mstdout[2m | src/stories/root-components-with-providers.stories.tsx[2m > [22m[2mGradeReviewDrawer / Open
[22m[39m[Mock Data] Seeded grade: grade-dave-2 for unit: unit-japanese-2
[90mstdout[2m | src/stories/root-components-with-providers.stories.tsx[2m > [22m[2mGradeReviewDrawer / Open
[22m[39m[Mock Data] Grade has data: true
[90mstdout[2m | src/stories/root-components-with-providers.stories.tsx[2m > [22m[2mGradeReviewDrawer / Open
[22m[39m[Mock Data] Total grades in store: 9
[90mstdout[2m | src/stories/root-components-with-providers.stories.tsx[2m > [22m[2mGradeReviewDrawer / Open
[22m[39m[Mock Data] Seeded grade: grade-eve-1 for unit: unit-japanese-1
[90mstdout[2m | src/stories/root-components-with-providers.stories.tsx[2m > [22m[2mGradeReviewDrawer / Open
[22m[39m[Mock Data] Grade has data: true
[90mstdout[2m | src/stories/root-components-with-providers.stories.tsx[2m > [22m[2mGradeReviewDrawer / Open
[22m[39m[Mock Data] Total grades in store: 10
[90mstdout[2m | src/stories/root-components-with-providers.stories.tsx[2m > [22m[2mGradeReviewDrawer / Open
[22m[39m[Mock Data] Seeded grade: grade-eve-2 for unit: unit-japanese-2
[90mstdout[2m | src/stories/root-components-with-providers.stories.tsx[2m > [22m[2mGradeReviewDrawer / Open
[22m[39m[Mock Data] Grade has data: true
[90mstdout[2m | src/stories/root-components-with-providers.stories.tsx[2m > [22m[2mGradeReviewDrawer / Open
[22m[39m[Mock Data] Total grades in store: 11
[90mstdout[2m | src/stories/root-components-with-providers.stories.tsx[2m > [22m[2mGradeReviewDrawer / Open
[22m[39m[Mock Data] Seeded grade: grade-frank-1 for unit: unit-japanese-1
[90mstdout[2m | src/stories/root-components-with-providers.stories.tsx[2m > [22m[2mGradeReviewDrawer / Open
[22m[39m[Mock Data] Grade has data: true
[90mstdout[2m | src/stories/root-components-with-providers.stories.tsx[2m > [22m[2mGradeReviewDrawer / Open
[22m[39m[Mock Data] Total grades in store: 12
[90mstdout[2m | src/stories/root-components-with-providers.stories.tsx[2m > [22m[2mGradeReviewDrawer / Open
[22m[39m[Mock Data] Seeded grade: grade-frank-2 for unit: unit-japanese-3
[90mstdout[2m | src/stories/root-components-with-providers.stories.tsx[2m > [22m[2mGradeReviewDrawer / Open
[22m[39m[Mock Data] Grade has data: true
[90mstdout[2m | src/stories/root-components-with-providers.stories.tsx[2m > [22m[2mGradeReviewDrawer / Open
[22m[39m[Mock Data] Total grades in store: 13
[90mstdout[2m | src/stories/root-components-with-providers.stories.tsx[2m > [22m[2mGradeReviewDrawer / Open
[22m[39m[Mock Data] seedMockStudentProfiles: Adding 6 student profiles
[90mstdout[2m | src/stories/root-components-with-providers.stories.tsx[2m > [22m[2mGradeReviewDrawer / Open
[22m[39m[Mock Data] seedMockHomeworkRooms: Adding 2 homework rooms
[90mstdout[2m | src/stories/root-components-with-providers.stories.tsx[2m > [22m[2mGradeReviewDrawer / Open
[22m[39m[IndexPageData] Seeded instructor dashboard with {
  "assignments": 5,
  "grades": 13,
  "sections": 1,
  "units": 4,
}
[90mstdout[2m | src/stories/root-components-with-providers.stories.tsx[2m > [22m[2mGradeReviewDrawer / Open
[22m[39m[MOCK CourseVectorStore] Initialized with mock data
[90mstdout[2m | src/stories/root-components-with-providers.stories.tsx[2m > [22m[2mGradeReviewDrawer / Open
[22m[39m[FilesContext] Initializing vector store from IndexedDB
[90mstdout[2m | src/stories/root-components-with-providers.stories.tsx[2m > [22m[2mGradeReviewDrawer / Open
[22m[39m[FilesContext] fetchFiles called
[90mstdout[2m | src/stories/root-components-with-providers.stories.tsx[2m > [22m[2mGradeReviewDrawer / Open
[22m[39m[FilesContext] User authenticated: teacher-1
[90mstdout[2m | src/stories/root-components-with-providers.stories.tsx[2m > [22m[2mGradeReviewDrawer / Open
[22m[39m[FilesContext] Identity ID: identity-teacher-1
[90mstdout[2m | src/stories/root-components-with-providers.stories.tsx[2m > [22m[2mGradeReviewDrawer / Open
[22m[39m[FilesContext] About to set up File observeQuery
[90mstdout[2m | src/stories/root-components-with-providers.stories.tsx[2m > [22m[2mGradeReviewDrawer / Open
[22m[39m[TranslationModeController] Setting mode to: off
[90mstdout[2m | src/stories/root-components-with-providers.stories.tsx[2m > [22m[2mGradeReviewDrawer / Open
[22m[39m[UnitContext] useEffect triggered {
  "authLoading": false,
  "hasUser": true,
  "id": "mock-unit-id",
  "userSub": "teacher-1",
}
[90mstdout[2m | src/stories/root-components-with-providers.stories.tsx[2m > [22m[2mGradeReviewDrawer / Open
[22m[39m[UnitContext] Fetching unit data for id: mock-unit-id
[90mstdout[2m | src/stories/root-components-with-providers.stories.tsx[2m > [22m[2mGradeReviewDrawer / Open
[22m[39m[FilesContext] Initializing vector store from IndexedDB
[90mstdout[2m | src/stories/root-components-with-providers.stories.tsx[2m > [22m[2mGradeReviewDrawer / Open
[22m[39m[FilesContext] fetchFiles called
[90mstdout[2m | src/stories/root-components-with-providers.stories.tsx[2m > [22m[2mGradeReviewDrawer / Open
[22m[39m[FilesContext] User authenticated: teacher-1
[90mstdout[2m | src/stories/root-components-with-providers.stories.tsx[2m > [22m[2mGradeReviewDrawer / Open
[22m[39m[FilesContext] Identity ID: identity-teacher-1
[90mstdout[2m | src/stories/root-components-with-providers.stories.tsx[2m > [22m[2mGradeReviewDrawer / Open
[22m[39m[FilesContext] About to set up File observeQuery
[90mstdout[2m | src/stories/root-components-with-providers.stories.tsx[2m > [22m[2mGradeReviewDrawer / Open
[22m[39m[ChatContext] Setting up AssistantChat observeQuery
[90mstdout[2m | src/stories/root-components-with-providers.stories.tsx[2m > [22m[2mGradeReviewDrawer / Open
[22m[39m[ChatContext] Waiting for subscription to initialize
[90mstdout[2m | src/stories/root-components-with-providers.stories.tsx[2m > [22m[2mGradeReviewDrawer / Open
[22m[39m[SettingsContext] Setting up Settings subscription for user: teacher-1
[90mstdout[2m | src/stories/root-components-with-providers.stories.tsx[2m > [22m[2mGradeReviewDrawer / Open
[22m[39m[Mock Data] Settings created: mock-settings-1790417728838 - notified 0 subscribers
[90mstdout[2m | src/stories/root-components-with-providers.stories.tsx[2m > [22m[2mGradeReviewDrawer / Open
[22m[39m[Mock Data] Unit.onUpdate() subscription added. Total: 1
[90mstdout[2m | src/stories/root-components-with-providers.stories.tsx[2m > [22m[2mGradeReviewDrawer / Open
[22m[39m[FilesContext] File observeQuery update: 6 files
[90mstdout[2m | src/stories/root-components-with-providers.stories.tsx[2m > [22m[2mGradeReviewDrawer / Open
[22m[39m[SectionContext] Section observeQuery update: 1
[90mstdout[2m | src/stories/root-components-with-providers.stories.tsx[2m > [22m[2mGradeReviewDrawer / Open
[22m[39m[FilesContext] File observeQuery update: 6 files
[90mstdout[2m | src/stories/root-components-with-providers.stories.tsx[2m > [22m[2mGradeReviewDrawer / Open
[22m[39m[ChatContext] AssistantChat initialized with 1 chats
[90mstdout[2m | src/stories/root-components-with-providers.stories.tsx[2m > [22m[2mGradeReviewDrawer / Open
[22m[39m[ChatContext] Setting initial chat: mock-assistant-chat-1
[90mstdout[2m | src/stories/root-components-with-providers.stories.tsx[2m > [22m[2mGradeReviewDrawer / Open
[22m[39m[MOCK CourseVectorStore] Initialized with mock data
[90mstdout[2m | src/stories/root-components-with-providers.stories.tsx[2m > [22m[2mGradeReviewDrawer / Open
[22m[39m[MOCK CourseVectorStore] Initialized with mock data
[90mstdout[2m | src/stories/root-components-with-providers.stories.tsx[2m > [22m[2mGradeReviewDrawer / Open
[22m[39m[FilesContext] Vector store population triggered {
  "currentVectorStoreSize": 3,
  "documentsCount": 0,
  "filesCount": 6,
  "isInitialLoad": true,
}
[90mstdout[2m | src/stories/root-components-with-providers.stories.tsx[2m > [22m[2mGradeReviewDrawer / Open
[22m[39m[FilesContext] Vector store population complete - 3 total embeddings
[90mstdout[2m | src/stories/root-components-with-providers.stories.tsx[2m > [22m[2mGradeReviewDrawer / Open
[22m[39m[FilesContext] Vector store population triggered {
  "currentVectorStoreSize": 3,
  "documentsCount": 0,
  "filesCount": 6,
  "isInitialLoad": true,
}
[90mstdout[2m | src/stories/root-components-with-providers.stories.tsx[2m > [22m[2mGradeReviewDrawer / Open
[22m[39m[FilesContext] Vector store population complete - 3 total embeddings
[90mstdout[2m | src/stories/root-components-with-providers.stories.tsx[2m > [22m[2mGradeReviewDrawer / Open
[22m[39m[ChatContext] Chat exists and not archived, skipping creation
[90mstdout[2m | src/stories/root-components-with-providers.stories.tsx[2m > [22m[2mGradeReviewDrawer / Open
[22m[39m[Mock Storage] downloadData called with: undefined
[90mstdout[2m | src/stories/root-components-with-providers.stories.tsx[2m > [22m[2mGradeReviewDrawer / Open
[22m[39m[Mock Storage] downloadData called with: undefined
[90mstdout[2m | src/stories/root-components-with-providers.stories.tsx[2m > [22m[2mGradeReviewDrawer / Closed
[22m[39m[ChatContext] Cleaning up subscriptions
[90mstdout[2m | src/stories/root-components-with-providers.stories.tsx[2m > [22m[2mGradeReviewDrawer / Closed
[22m[39m[Mock Data] Unit.onUpdate() subscription removed. Remaining: 0
[90mstdout[2m | src/stories/root-components-with-providers.stories.tsx[2m > [22m[2mGradeReviewDrawer / Closed
[22m[39m[MOCK CourseVectorStore] Initialized with mock data
[90mstdout[2m | src/stories/root-components-with-providers.stories.tsx[2m > [22m[2mGradeReviewDrawer / Closed
[22m[39m[TranslationModeController] Setting mode to: off
[90mstdout[2m | src/stories/root-components-with-providers.stories.tsx[2m > [22m[2mGradeReviewDrawer / Closed
[22m[39m[UnitContext] useEffect triggered {
  "authLoading": false,
  "hasUser": true,
  "id": "mock-unit-id",
  "userSub": "mock-user-sub",
}
[90mstdout[2m | src/stories/root-components-with-providers.stories.tsx[2m > [22m[2mGradeReviewDrawer / Closed
[22m[39m[UnitContext] Fetching unit data for id: mock-unit-id
[90mstdout[2m | src/stories/root-components-with-providers.stories.tsx[2m > [22m[2mGradeReviewDrawer / Closed
[22m[39m[FilesContext] Initializing vector store from IndexedDB
[90mstdout[2m | src/stories/root-components-with-providers.stories.tsx[2m > [22m[2mGradeReviewDrawer / Closed
[22m[39m[FilesContext] fetchFiles called
[90mstdout[2m | src/stories/root-components-with-providers.stories.tsx[2m > [22m[2mGradeReviewDrawer / Closed
[22m[39m[FilesContext] User authenticated: mock-user-sub
[90mstdout[2m | src/stories/root-components-with-providers.stories.tsx[2m > [22m[2mGradeReviewDrawer / Closed
[22m[39m[FilesContext] Identity ID: us-east-1:mock-identity-123
[90mstdout[2m | src/stories/root-components-with-providers.stories.tsx[2m > [22m[2mGradeReviewDrawer / Closed
[22m[39m[FilesContext] About to set up File observeQuery
[90mstdout[2m | src/stories/root-components-with-providers.stories.tsx[2m > [22m[2mGradeReviewDrawer / Closed
[22m[39m[ChatContext] Setting up AssistantChat observeQuery
[90mstdout[2m | src/stories/root-components-with-providers.stories.tsx[2m > [22m[2mGradeReviewDrawer / Closed
[22m[39m[ChatContext] Waiting for subscription to initialize
[90mstdout[2m | src/stories/root-components-with-providers.stories.tsx[2m > [22m[2mGradeReviewDrawer / Closed
[22m[39m[SettingsContext] Setting up Settings subscription for user: mock-user-sub
[90mstdout[2m | src/stories/root-components-with-providers.stories.tsx[2m > [22m[2mGradeReviewDrawer / Closed
[22m[39m[Mock Data] Settings created: mock-settings-1790417729403 - notified 0 subscribers
[90mstdout[2m | src/stories/root-components-with-providers.stories.tsx[2m > [22m[2mGradeReviewDrawer / Closed
[22m[39m[Mock Data] Unit.onUpdate() subscription added. Total: 1
[90mstdout[2m | src/stories/root-components-with-providers.stories.tsx[2m > [22m[2mGradeReviewDrawer / Closed
[22m[39m[SectionContext] Section observeQuery update: 0
[90mstdout[2m | src/stories/root-components-with-providers.stories.tsx[2m > [22m[2mGradeReviewDrawer / Closed
[22m[39m[FilesContext] File observeQuery update: 6 files
[90mstdout[2m | src/stories/root-components-with-providers.stories.tsx[2m > [22m[2mGradeReviewDrawer / Closed
[22m[39m[ChatContext] AssistantChat initialized with 1 chats
[90mstdout[2m | src/stories/root-components-with-providers.stories.tsx[2m > [22m[2mGradeReviewDrawer / Closed
[22m[39m[ChatContext] Setting initial chat: mock-assistant-chat-1
[90mstdout[2m | src/stories/root-components-with-providers.stories.tsx[2m > [22m[2mGradeReviewDrawer / Closed
[22m[39m[MOCK CourseVectorStore] Initialized with mock data
[90mstdout[2m | src/stories/root-components-with-providers.stories.tsx[2m > [22m[2mGradeReviewDrawer / Closed
[22m[39m[FilesContext] Vector store population triggered {
  "currentVectorStoreSize": 3,
  "documentsCount": 0,
  "filesCount": 6,
  "isInitialLoad": true,
}
[90mstdout[2m | src/stories/root-components-with-providers.stories.tsx[2m > [22m[2mGradeReviewDrawer / Closed
[22m[39m[FilesContext] Vector store population complete - 3 total embeddings
[90mstdout[2m | src/stories/root-components-with-providers.stories.tsx[2m > [22m[2mGradeReviewDrawer / Closed
[22m[39m[ChatContext] Chat exists and not archived, skipping creation
[90mstdout[2m | src/stories/root-components-with-providers.stories.tsx[2m > [22m[2mGradeReviewDrawer / Closed
[22m[39m[Mock Storage] downloadData called with: undefined
[90mstdout[2m | src/stories/root-components-with-providers.stories.tsx[2m > [22m[2mCollaboratorManager / Owner View
[22m[39m[ChatContext] Cleaning up subscriptions
[90mstdout[2m | src/stories/root-components-with-providers.stories.tsx[2m > [22m[2mCollaboratorManager / Owner View
[22m[39m[Mock Data] Unit.onUpdate() subscription removed. Remaining: 0
[90mstdout[2m | src/stories/root-components-with-providers.stories.tsx[2m > [22m[2mCollaboratorManager / Owner View
[22m[39m[MOCK CourseVectorStore] Initialized with mock data
[90mstdout[2m | src/stories/root-components-with-providers.stories.tsx[2m > [22m[2mCollaboratorManager / Owner View
[22m[39m[Mock Auth] setMockUser: {
  "attributes": {
    "email": "teacher@example.com",
    "sub": "teacher-1",
  },
  "groups": [
    "Instructors",
  ],
  "userId": "teacher-1",
  "username": "teacher-1",
}
[90mstdout[2m | src/stories/root-components-with-providers.stories.tsx[2m > [22m[2mCollaboratorManager / Owner View
[22m[39m[TranslationModeController] Setting mode to: off
[90mstdout[2m | src/stories/root-components-with-providers.stories.tsx[2m > [22m[2mCollaboratorManager / Owner View
[22m[39m[UnitContext] useEffect triggered {
  "authLoading": false,
  "hasUser": true,
  "id": "mock-unit-id",
  "userSub": "teacher-1",
}
[90mstdout[2m | src/stories/root-components-with-providers.stories.tsx[2m > [22m[2mCollaboratorManager / Owner View
[22m[39m[UnitContext] Fetching unit data for id: mock-unit-id
[90mstdout[2m | src/stories/root-components-with-providers.stories.tsx[2m > [22m[2mCollaboratorManager / Owner View
[22m[39m[FilesContext] Initializing vector store from IndexedDB
[90mstdout[2m | src/stories/root-components-with-providers.stories.tsx[2m > [22m[2mCollaboratorManager / Owner View
[22m[39m[FilesContext] fetchFiles called
[90mstdout[2m | src/stories/root-components-with-providers.stories.tsx[2m > [22m[2mCollaboratorManager / Owner View
[22m[39m[FilesContext] User authenticated: teacher-1
[90mstdout[2m | src/stories/root-components-with-providers.stories.tsx[2m > [22m[2mCollaboratorManager / Owner View
[22m[39m[FilesContext] Identity ID: identity-teacher-1
[90mstdout[2m | src/stories/root-components-with-providers.stories.tsx[2m > [22m[2mCollaboratorManager / Owner View
[22m[39m[FilesContext] About to set up File observeQuery
[90mstdout[2m | src/stories/root-components-with-providers.stories.tsx[2m > [22m[2mCollaboratorManager / Owner View
[22m[39m[ChatContext] Setting up AssistantChat observeQuery
[90mstdout[2m | src/stories/root-components-with-providers.stories.tsx[2m > [22m[2mCollaboratorManager / Owner View
[22m[39m[ChatContext] Waiting for subscription to initialize
[90mstdout[2m | src/stories/root-components-with-providers.stories.tsx[2m > [22m[2mCollaboratorManager / Owner View
[22m[39m[SettingsContext] Setting up Settings subscription for user: teacher-1
[90mstdout[2m | src/stories/root-components-with-providers.stories.tsx[2m > [22m[2mCollaboratorManager / Owner View
[22m[39m[Mock Data] Settings created: mock-settings-1790417729798 - notified 0 subscribers
[90mstdout[2m | src/stories/root-components-with-providers.stories.tsx[2m > [22m[2mCollaboratorManager / Owner View
[22m[39m[Mock Data] Unit.onUpdate() subscription added. Total: 1
[90mstdout[2m | src/stories/root-components-with-providers.stories.tsx[2m > [22m[2mCollaboratorManager / Owner View
[22m[39m[SectionContext] Section observeQuery update: 0
[90mstdout[2m | src/stories/root-components-with-providers.stories.tsx[2m > [22m[2mCollaboratorManager / Owner View
[22m[39m[FilesContext] File observeQuery update: 6 files
[90mstdout[2m | src/stories/root-components-with-providers.stories.tsx[2m > [22m[2mCollaboratorManager / Owner View
[22m[39m[ChatContext] AssistantChat initialized with 1 chats
[90mstdout[2m | src/stories/root-components-with-providers.stories.tsx[2m > [22m[2mCollaboratorManager / Owner View
[22m[39m[ChatContext] Setting initial chat: mock-assistant-chat-1
[90mstdout[2m | src/stories/root-components-with-providers.stories.tsx[2m > [22m[2mCollaboratorManager / Owner View
[22m[39m[MOCK CourseVectorStore] Initialized with mock data
[90mstdout[2m | src/stories/root-components-with-providers.stories.tsx[2m > [22m[2mCollaboratorManager / Owner View
[22m[39m[FilesContext] Vector store population triggered {
  "currentVectorStoreSize": 3,
  "documentsCount": 0,
  "filesCount": 6,
  "isInitialLoad": true,
}
[90mstdout[2m | src/stories/root-components-with-providers.stories.tsx[2m > [22m[2mCollaboratorManager / Owner View
[22m[39m[FilesContext] Vector store population complete - 3 total embeddings
[90mstdout[2m | src/stories/root-components-with-providers.stories.tsx[2m > [22m[2mCollaboratorManager / Owner View
[22m[39m[ChatContext] Chat exists and not archived, skipping creation
[90mstdout[2m | src/stories/root-components-with-providers.stories.tsx[2m > [22m[2mCollaboratorManager / Owner View
[22m[39m[Mock Storage] downloadData called with: undefined
[90mstdout[2m | src/stories/root-components-with-providers.stories.tsx[2m > [22m[2mCollaboratorManager / Read-Only (non-owner)
[22m[39m[ChatContext] Cleaning up subscriptions
[90mstdout[2m | src/stories/root-components-with-providers.stories.tsx[2m > [22m[2mCollaboratorManager / Read-Only (non-owner)
[22m[39m[Mock Data] Unit.onUpdate() subscription removed. Remaining: 0
[90mstdout[2m | src/stories/root-components-with-providers.stories.tsx[2m > [22m[2mCollaboratorManager / Read-Only (non-owner)
[22m[39m[MOCK CourseVectorStore] Initialized with mock data
[90mstdout[2m | src/stories/root-components-with-providers.stories.tsx[2m > [22m[2mCollaboratorManager / Read-Only (non-owner)
[22m[39m[Mock Auth] setMockUser: {
  "attributes": {
    "email": "teacher2@example.com",
    "sub": "teacher-2",
  },
  "groups": [
    "Instructors",
  ],
  "userId": "teacher-2",
  "username": "teacher-2",
}
[90mstdout[2m | src/stories/root-components-with-providers.stories.tsx[2m > [22m[2mCollaboratorManager / Read-Only (non-owner)
[22m[39m[TranslationModeController] Setting mode to: off
[90mstdout[2m | src/stories/root-components-with-providers.stories.tsx[2m > [22m[2mCollaboratorManager / Read-Only (non-owner)
[22m[39m[UnitContext] useEffect triggered {
  "authLoading": false,
  "hasUser": true,
  "id": "mock-unit-id",
  "userSub": "teacher-2",
}
[90mstdout[2m | src/stories/root-components-with-providers.stories.tsx[2m > [22m[2mCollaboratorManager / Read-Only (non-owner)
[22m[39m[UnitContext] Fetching unit data for id: mock-unit-id
[90mstdout[2m | src/stories/root-components-with-providers.stories.tsx[2m > [22m[2mCollaboratorManager / Read-Only (non-owner)
[22m[39m[FilesContext] Initializing vector store from IndexedDB
[90mstdout[2m | src/stories/root-components-with-providers.stories.tsx[2m > [22m[2mCollaboratorManager / Read-Only (non-owner)
[22m[39m[FilesContext] fetchFiles called
[90mstdout[2m | src/stories/root-components-with-providers.stories.tsx[2m > [22m[2mCollaboratorManager / Read-Only (non-owner)
[22m[39m[FilesContext] User authenticated: teacher-2
[90mstdout[2m | src/stories/root-components-with-providers.stories.tsx[2m > [22m[2mCollaboratorManager / Read-Only (non-owner)
[22m[39m[FilesContext] Identity ID: us-east-1:mock-identity-123
[90mstdout[2m | src/stories/root-components-with-providers.stories.tsx[2m > [22m[2mCollaboratorManager / Read-Only (non-owner)
[22m[39m[FilesContext] About to set up File observeQuery
[90mstdout[2m | src/stories/root-components-with-providers.stories.tsx[2m > [22m[2mCollaboratorManager / Read-Only (non-owner)
[22m[39m[ChatContext] Setting up AssistantChat observeQuery
[90mstdout[2m | src/stories/root-components-with-providers.stories.tsx[2m > [22m[2mCollaboratorManager / Read-Only (non-owner)
[22m[39m[ChatContext] Waiting for subscription to initialize
[90mstdout[2m | src/stories/root-components-with-providers.stories.tsx[2m > [22m[2mCollaboratorManager / Read-Only (non-owner)
[22m[39m[SettingsContext] Setting up Settings subscription for user: teacher-2
[90mstdout[2m | src/stories/root-components-with-providers.stories.tsx[2m > [22m[2mCollaboratorManager / Read-Only (non-owner)
[22m[39m[Mock Data] Settings created: mock-settings-1790417730619 - notified 0 subscribers
[90mstdout[2m | src/stories/root-components-with-providers.stories.tsx[2m > [22m[2mCollaboratorManager / Read-Only (non-owner)
[22m[39m[Mock Data] Unit.onUpdate() subscription added. Total: 1
[90mstdout[2m | src/stories/root-components-with-providers.stories.tsx[2m > [22m[2mCollaboratorManager / Read-Only (non-owner)
[22m[39m[SectionContext] Section observeQuery update: 0
[90mstdout[2m | src/stories/root-components-with-providers.stories.tsx[2m > [22m[2mCollaboratorManager / Read-Only (non-owner)
[22m[39m[FilesContext] File observeQuery update: 6 files
[90mstdout[2m | src/stories/root-components-with-providers.stories.tsx[2m > [22m[2mCollaboratorManager / Read-Only (non-owner)
[22m[39m[ChatContext] AssistantChat initialized with 1 chats
[90mstdout[2m | src/stories/root-components-with-providers.stories.tsx[2m > [22m[2mCollaboratorManager / Read-Only (non-owner)
[22m[39m[ChatContext] Setting initial chat: mock-assistant-chat-1
[90mstdout[2m | src/stories/root-components-with-providers.stories.tsx[2m > [22m[2mCollaboratorManager / Read-Only (non-owner)
[22m[39m[MOCK CourseVectorStore] Initialized with mock data
[90mstdout[2m | src/stories/root-components-with-providers.stories.tsx[2m > [22m[2mCollaboratorManager / Read-Only (non-owner)
[22m[39m[FilesContext] Vector store population triggered {
  "currentVectorStoreSize": 3,
  "documentsCount": 0,
  "filesCount": 6,
  "isInitialLoad": true,
}
[90mstdout[2m | src/stories/root-components-with-providers.stories.tsx[2m > [22m[2mCollaboratorManager / Read-Only (non-owner)
[22m[39m[FilesContext] Vector store population complete - 3 total embeddings
[90mstdout[2m | src/stories/root-components-with-providers.stories.tsx[2m > [22m[2mCollaboratorManager / Read-Only (non-owner)
[22m[39m[ChatContext] Chat exists and not archived, skipping creation
[90mstdout[2m | src/stories/root-components-with-providers.stories.tsx[2m > [22m[2mCollaboratorManager / Read-Only (non-owner)
[22m[39m[Mock Storage] downloadData called with: undefined
[90mstdout[2m | src/stories/root-components-with-providers.stories.tsx[2m > [22m[2mRecordingStudioEnhancedModal / Open
[22m[39m[ChatContext] Cleaning up subscriptions
[90mstdout[2m | src/stories/root-components-with-providers.stories.tsx[2m > [22m[2mRecordingStudioEnhancedModal / Open
[22m[39m[Mock Data] Unit.onUpdate() subscription removed. Remaining: 0
[90mstdout[2m | src/stories/root-components-with-providers.stories.tsx[2m > [22m[2mRecordingStudioEnhancedModal / Open
[22m[39m[MOCK CourseVectorStore] Initialized with mock data
[90mstdout[2m | src/stories/root-components-with-providers.stories.tsx[2m > [22m[2mRecordingStudioEnhancedModal / Open
[22m[39m[Mock Auth] setMockUser: {
  "attributes": {
    "email": "alice@example.com",
    "sub": "student-alice-sub",
  },
  "groups": [
    "section-jpn-101-learners",
  ],
  "userId": "student-alice-sub",
  "username": "student-alice-sub",
}
[90mstdout[2m | src/stories/root-components-with-providers.stories.tsx[2m > [22m[2mRecordingStudioEnhancedModal / Open
[22m[39m[MOCK CourseVectorStore] Initialized with mock data
[90mstdout[2m | src/stories/root-components-with-providers.stories.tsx[2m > [22m[2mRecordingStudioEnhancedModal / Open
[22m[39m[FilesContext] Initializing vector store from IndexedDB
[90mstdout[2m | src/stories/root-components-with-providers.stories.tsx[2m > [22m[2mRecordingStudioEnhancedModal / Open
[22m[39m[FilesContext] fetchFiles called
[90mstdout[2m | src/stories/root-components-with-providers.stories.tsx[2m > [22m[2mRecordingStudioEnhancedModal / Open
[22m[39m[FilesContext] User authenticated: student-alice-sub
[90mstdout[2m | src/stories/root-components-with-providers.stories.tsx[2m > [22m[2mRecordingStudioEnhancedModal / Open
[22m[39m[FilesContext] Identity ID: identity-alice
[90mstdout[2m | src/stories/root-components-with-providers.stories.tsx[2m > [22m[2mRecordingStudioEnhancedModal / Open
[22m[39m[FilesContext] About to set up File observeQuery
[90mstdout[2m | src/stories/root-components-with-providers.stories.tsx[2m > [22m[2mRecordingStudioEnhancedModal / Open
[22m[39m[TranslationModeController] Setting mode to: off
[90mstdout[2m | src/stories/root-components-with-providers.stories.tsx[2m > [22m[2mRecordingStudioEnhancedModal / Open
[22m[39m[UnitContext] useEffect triggered {
  "authLoading": false,
  "hasUser": true,
  "id": "mock-unit-id",
  "userSub": "student-alice-sub",
}
[90mstdout[2m | src/stories/root-components-with-providers.stories.tsx[2m > [22m[2mRecordingStudioEnhancedModal / Open
[22m[39m[UnitContext] Fetching unit data for id: mock-unit-id
[90mstdout[2m | src/stories/root-components-with-providers.stories.tsx[2m > [22m[2mRecordingStudioEnhancedModal / Open
[22m[39m[FilesContext] Initializing vector store from IndexedDB
[90mstdout[2m | src/stories/root-components-with-providers.stories.tsx[2m > [22m[2mRecordingStudioEnhancedModal / Open
[22m[39m[FilesContext] fetchFiles called
[90mstdout[2m | src/stories/root-components-with-providers.stories.tsx[2m > [22m[2mRecordingStudioEnhancedModal / Open
[22m[39m[FilesContext] User authenticated: student-alice-sub
[90mstdout[2m | src/stories/root-components-with-providers.stories.tsx[2m > [22m[2mRecordingStudioEnhancedModal / Open
[22m[39m[FilesContext] Identity ID: identity-alice
[90mstdout[2m | src/stories/root-components-with-providers.stories.tsx[2m > [22m[2mRecordingStudioEnhancedModal / Open
[22m[39m[FilesContext] About to set up File observeQuery
[90mstdout[2m | src/stories/root-components-with-providers.stories.tsx[2m > [22m[2mRecordingStudioEnhancedModal / Open
[22m[39m[ChatContext] Setting up AssistantChat observeQuery
[90mstdout[2m | src/stories/root-components-with-providers.stories.tsx[2m > [22m[2mRecordingStudioEnhancedModal / Open
[22m[39m[ChatContext] Waiting for subscription to initialize
[90mstdout[2m | src/stories/root-components-with-providers.stories.tsx[2m > [22m[2mRecordingStudioEnhancedModal / Open
[22m[39m[SettingsContext] Setting up Settings subscription for user: student-alice-sub
[90mstdout[2m | src/stories/root-components-with-providers.stories.tsx[2m > [22m[2mRecordingStudioEnhancedModal / Open
[22m[39m[Mock Data] Settings created: mock-settings-1790417731785 - notified 0 subscribers
[90mstdout[2m | src/stories/root-components-with-providers.stories.tsx[2m > [22m[2mRecordingStudioEnhancedModal / Open
[22m[39m[Mock Data] Unit.onUpdate() subscription added. Total: 1
[90mstdout[2m | src/stories/root-components-with-providers.stories.tsx[2m > [22m[2mRecordingStudioEnhancedModal / Open
[22m[39m[FilesContext] File observeQuery update: 6 files
[90mstdout[2m | src/stories/root-components-with-providers.stories.tsx[2m > [22m[2mRecordingStudioEnhancedModal / Open
[22m[39m[SectionContext] Section observeQuery update: 0
[90mstdout[2m | src/stories/root-components-with-providers.stories.tsx[2m > [22m[2mRecordingStudioEnhancedModal / Open
[22m[39m[FilesContext] File observeQuery update: 6 files
[90mstdout[2m | src/stories/root-components-with-providers.stories.tsx[2m > [22m[2mRecordingStudioEnhancedModal / Open
[22m[39m[ChatContext] AssistantChat initialized with 1 chats
[90mstdout[2m | src/stories/root-components-with-providers.stories.tsx[2m > [22m[2mRecordingStudioEnhancedModal / Open
[22m[39m[ChatContext] Setting initial chat: mock-assistant-chat-1
[90mstdout[2m | src/stories/root-components-with-providers.stories.tsx[2m > [22m[2mRecordingStudioEnhancedModal / Open
[22m[39m[MOCK CourseVectorStore] Initialized with mock data
[90mstdout[2m | src/stories/root-components-with-providers.stories.tsx[2m > [22m[2mRecordingStudioEnhancedModal / Open
[22m[39m[MOCK CourseVectorStore] Initialized with mock data
[90mstdout[2m | src/stories/root-components-with-providers.stories.tsx[2m > [22m[2mRecordingStudioEnhancedModal / Open
[22m[39m[FilesContext] Vector store population triggered {
  "currentVectorStoreSize": 3,
  "documentsCount": 0,
  "filesCount": 6,
  "isInitialLoad": true,
}
[90mstdout[2m | src/stories/root-components-with-providers.stories.tsx[2m > [22m[2mRecordingStudioEnhancedModal / Open
[22m[39m[FilesContext] Vector store population complete - 3 total embeddings
[90mstdout[2m | src/stories/root-components-with-providers.stories.tsx[2m > [22m[2mRecordingStudioEnhancedModal / Open
[22m[39m[FilesContext] Vector store population triggered {
  "currentVectorStoreSize": 3,
  "documentsCount": 0,
  "filesCount": 6,
  "isInitialLoad": true,
}
[90mstdout[2m | src/stories/root-components-with-providers.stories.tsx[2m > [22m[2mRecordingStudioEnhancedModal / Open
[22m[39m[FilesContext] Vector store population complete - 3 total embeddings
[90mstdout[2m | src/stories/root-components-with-providers.stories.tsx[2m > [22m[2mRecordingStudioEnhancedModal / Open
[22m[39m[ChatContext] Chat exists and not archived, skipping creation
[90mstdout[2m | src/stories/root-components-with-providers.stories.tsx[2m > [22m[2mRecordingStudioEnhancedModal / Closed
[22m[39m[ChatContext] Cleaning up subscriptions
[90mstdout[2m | src/stories/root-components-with-providers.stories.tsx[2m > [22m[2mRecordingStudioEnhancedModal / Closed
[22m[39m[Mock Data] Unit.onUpdate() subscription removed. Remaining: 0
[90mstdout[2m | src/stories/root-components-with-providers.stories.tsx[2m > [22m[2mRecordingStudioEnhancedModal / Closed
[22m[39m[MOCK CourseVectorStore] Initialized with mock data
[90mstdout[2m | src/stories/root-components-with-providers.stories.tsx[2m > [22m[2mRecordingStudioEnhancedModal / Closed
[22m[39m[TranslationModeController] Setting mode to: off
[90mstdout[2m | src/stories/root-components-with-providers.stories.tsx[2m > [22m[2mRecordingStudioEnhancedModal / Closed
[22m[39m[UnitContext] useEffect triggered {
  "authLoading": false,
  "hasUser": true,
  "id": "mock-unit-id",
  "userSub": "mock-user-sub",
}
[90mstdout[2m | src/stories/root-components-with-providers.stories.tsx[2m > [22m[2mRecordingStudioEnhancedModal / Closed
[22m[39m[UnitContext] Fetching unit data for id: mock-unit-id
[90mstdout[2m | src/stories/root-components-with-providers.stories.tsx[2m > [22m[2mRecordingStudioEnhancedModal / Closed
[22m[39m[FilesContext] Initializing vector store from IndexedDB
[90mstdout[2m | src/stories/root-components-with-providers.stories.tsx[2m > [22m[2mRecordingStudioEnhancedModal / Closed
[22m[39m[FilesContext] fetchFiles called
[90mstdout[2m | src/stories/root-components-with-providers.stories.tsx[2m > [22m[2mRecordingStudioEnhancedModal / Closed
[22m[39m[FilesContext] User authenticated: mock-user-sub
[90mstdout[2m | src/stories/root-components-with-providers.stories.tsx[2m > [22m[2mRecordingStudioEnhancedModal / Closed
[22m[39m[FilesContext] Identity ID: us-east-1:mock-identity-123
[90mstdout[2m | src/stories/root-components-with-providers.stories.tsx[2m > [22m[2mRecordingStudioEnhancedModal / Closed
[22m[39m[FilesContext] About to set up File observeQuery
[90mstdout[2m | src/stories/root-components-with-providers.stories.tsx[2m > [22m[2mRecordingStudioEnhancedModal / Closed
[22m[39m[ChatContext] Setting up AssistantChat observeQuery
[90mstdout[2m | src/stories/root-components-with-providers.stories.tsx[2m > [22m[2mRecordingStudioEnhancedModal / Closed
[22m[39m[ChatContext] Waiting for subscription to initialize
[90mstdout[2m | src/stories/root-components-with-providers.stories.tsx[2m > [22m[2mRecordingStudioEnhancedModal / Closed
[22m[39m[SettingsContext] Setting up Settings subscription for user: mock-user-sub
[90mstdout[2m | src/stories/root-components-with-providers.stories.tsx[2m > [22m[2mRecordingStudioEnhancedModal / Closed
[22m[39m[Mock Data] Settings created: mock-settings-1790417732563 - notified 0 subscribers
[90mstdout[2m | src/stories/root-components-with-providers.stories.tsx[2m > [22m[2mRecordingStudioEnhancedModal / Closed
[22m[39m[Mock Data] Unit.onUpdate() subscription added. Total: 1
[90mstdout[2m | src/stories/root-components-with-providers.stories.tsx[2m > [22m[2mRecordingStudioEnhancedModal / Closed
[22m[39m[SectionContext] Section observeQuery update: 0
[90mstdout[2m | src/stories/root-components-with-providers.stories.tsx[2m > [22m[2mRecordingStudioEnhancedModal / Closed
[22m[39m[FilesContext] File observeQuery update: 6 files
[90mstdout[2m | src/stories/root-components-with-providers.stories.tsx[2m > [22m[2mRecordingStudioEnhancedModal / Closed
[22m[39m[ChatContext] AssistantChat initialized with 1 chats
[90mstdout[2m | src/stories/root-components-with-providers.stories.tsx[2m > [22m[2mRecordingStudioEnhancedModal / Closed
[22m[39m[ChatContext] Setting initial chat: mock-assistant-chat-1
[90mstdout[2m | src/stories/root-components-with-providers.stories.tsx[2m > [22m[2mRecordingStudioEnhancedModal / Closed
[22m[39m[MOCK CourseVectorStore] Initialized with mock data
[90mstdout[2m | src/stories/root-components-with-providers.stories.tsx[2m > [22m[2mRecordingStudioEnhancedModal / Closed
[22m[39m[FilesContext] Vector store population triggered {
  "currentVectorStoreSize": 3,
  "documentsCount": 0,
  "filesCount": 6,
  "isInitialLoad": true,
}
[90mstdout[2m | src/stories/root-components-with-providers.stories.tsx[2m > [22m[2mRecordingStudioEnhancedModal / Closed
[22m[39m[FilesContext] Vector store population complete - 3 total embeddings
[90mstdout[2m | src/stories/root-components-with-providers.stories.tsx[2m > [22m[2mRecordingStudioEnhancedModal / Closed
[22m[39m[ChatContext] Chat exists and not archived, skipping creation
[90mstdout[2m | src/stories/root-components-with-providers.stories.tsx[2m > [22m[2mRecordingStudioEnhancedModal / Closed
[22m[39m[Mock Storage] downloadData called with: undefined
 [32m✓[39m [30m[45m storybook (chromium) [49m[39m src/stories/root-components-with-providers.stories.tsx [2m([22m[2m7 tests[22m[2m)[22m[33m 9471[2mms[22m[39m
   [33m[2m✓[22m[39m AppShell / Default [33m 5062[2mms[22m[39m
   [33m[2m✓[22m[39m GradeReviewDrawer / Open [33m 864[2mms[22m[39m
   [33m[2m✓[22m[39m GradeReviewDrawer / Closed [33m 359[2mms[22m[39m
   [33m[2m✓[22m[39m CollaboratorManager / Owner View [33m 780[2mms[22m[39m
   [33m[2m✓[22m[39m CollaboratorManager / Read-Only (non-owner) [33m 766[2mms[22m[39m
   [33m[2m✓[22m[39m RecordingStudioEnhancedModal / Open [33m 1198[2mms[22m[39m
   [33m[2m✓[22m[39m RecordingStudioEnhancedModal / Closed [33m 438[2mms[22m[39m
[90mstdout[2m | unknown test
[22m[39m[MOCK vectorStoreDB.js] Module loaded - mock IndexedDB operations
[90mstdout[2m | unknown test
[22m[39m[Task Completion] DOM action listeners initialized
[90mstdout[2m | unknown test
[22m[39m[Task Completion] Auto-completion detector initialized
[90mstdout[2m | unknown test
[22m[39m[Preview] Task completion detector initialized
[90mstdout[2m | src/components/Gamification/ThemeMixer.stories.tsx[2m > [22m[2mDefault
[22m[39m[TranslationModeController] Setting mode to: off
[90mstdout[2m | src/components/Gamification/ThemeMixer.stories.tsx[2m > [22m[2mWith Custom Palette
[22m[39m[TranslationModeController] Setting mode to: off
[90mstdout[2m | src/components/Gamification/ThemeMixer.stories.tsx[2m > [22m[2mWarm Palette
[22m[39m[TranslationModeController] Setting mode to: off
[90mstdout[2m | src/components/Gamification/ThemeMixer.stories.tsx[2m > [22m[2mInteraction
[22m[39m[TranslationModeController] Setting mode to: off
 [32m✓[39m [30m[45m storybook (chromium) [49m[39m src/components/Gamification/ThemeMixer.stories.tsx [2m([22m[2m4 tests[22m[2m)[22m[33m 9775[2mms[22m[39m
   [33m[2m✓[22m[39m Default [33m 2795[2mms[22m[39m
   [33m[2m✓[22m[39m With Custom Palette [33m 2235[2mms[22m[39m
   [33m[2m✓[22m[39m Warm Palette [33m 1703[2mms[22m[39m
   [33m[2m✓[22m[39m Interaction [33m 3041[2mms[22m[39m
[90mstdout[2m | unknown test
[22m[39m[MOCK vectorStoreDB.js] Module loaded - mock IndexedDB operations
[90mstdout[2m | unknown test
[22m[39m[Task Completion] DOM action listeners initialized
[90mstdout[2m | unknown test
[22m[39m[Task Completion] Auto-completion detector initialized
[90mstdout[2m | unknown test
[22m[39m[Preview] Task completion detector initialized
[90mstdout[2m | src/components/ChatSidebar/BlockInsertPreview.stories.jsx[2m > [22m[2mQuiz Block
[22m[39m[MOCK CourseVectorStore] Initialized with mock data
[90mstdout[2m | src/components/ChatSidebar/BlockInsertPreview.stories.jsx[2m > [22m[2mQuiz Block
[22m[39mQuestionBlockRo.grade {}
[90mstdout[2m | src/components/ChatSidebar/BlockInsertPreview.stories.jsx[2m > [22m[2mQuiz Block
[22m[39m......!q {
  "answer": "き (ki)",
  "correct": false,
  "id": "q1-a",
  "question": "Which hiragana character represents the sound "ka"?",
}
[90mstdout[2m | src/components/ChatSidebar/BlockInsertPreview.stories.jsx[2m > [22m[2mQuiz Block
[22m[39m......!q {
  "answer": "か (ka)",
  "correct": true,
  "id": "q1-b",
  "question": "Which hiragana character represents the sound "ka"?",
}
[90mstdout[2m | src/components/ChatSidebar/BlockInsertPreview.stories.jsx[2m > [22m[2mQuiz Block
[22m[39m......!q {
  "answer": "く (ku)",
  "correct": false,
  "id": "q1-c",
  "question": "Which hiragana character represents the sound "ka"?",
}
[90mstdout[2m | src/components/ChatSidebar/BlockInsertPreview.stories.jsx[2m > [22m[2mQuiz Block
[22m[39m......!q {
  "answer": "け (ke)",
  "correct": false,
  "id": "q1-d",
  "question": "Which hiragana character represents the sound "ka"?",
}
[90mstdout[2m | src/components/ChatSidebar/BlockInsertPreview.stories.jsx[2m > [22m[2mQuiz Block
[22m[39mQuestionBlock.nodeKey preview-quiz-0 type: string
[90mstdout[2m | src/components/ChatSidebar/BlockInsertPreview.stories.jsx[2m > [22m[2mQuiz Block
[22m[39mQuestionBlock.questionContent [
  {
    "answer": "き (ki)",
    "correct": false,
    "id": "q1-a",
    "question": "Which hiragana character represents the sound "ka"?",
  },
  {
    "answer": "か (ka)",
    "correct": true,
    "id": "q1-b",
    "question": "Which hiragana character represents the sound "ka"?",
  },
  {
    "answer": "く (ku)",
    "correct": false,
    "id": "q1-c",
    "question": "Which hiragana character represents the sound "ka"?",
  },
  {
    "answer": "け (ke)",
    "correct": false,
    "id": "q1-d",
    "question": "Which hiragana character represents the sound "ka"?",
  },
]
[90mstdout[2m | src/components/ChatSidebar/BlockInsertPreview.stories.jsx[2m > [22m[2mQuiz Block
[22m[39mQuestionBlock.grade.data keys: []
[90mstdout[2m | src/components/ChatSidebar/BlockInsertPreview.stories.jsx[2m > [22m[2mQuiz Block
[22m[39mQuestionBlock.grade.data[nodeKey]: undefined
[90mstdout[2m | src/components/ChatSidebar/BlockInsertPreview.stories.jsx[2m > [22m[2mQuiz Block
[22m[39mQuestionBlockRo.inProgress {}
[90mstdout[2m | src/components/ChatSidebar/BlockInsertPreview.stories.jsx[2m > [22m[2mQuiz Block
[22m[39mQuestionBlockRo.grade {}
[90mstdout[2m | src/components/ChatSidebar/BlockInsertPreview.stories.jsx[2m > [22m[2mQuiz Block
[22m[39m......!q {
  "answer": "shi",
  "correct": false,
  "id": "q2-a",
  "question": "What sound does the hiragana "す" make?",
}
[90mstdout[2m | src/components/ChatSidebar/BlockInsertPreview.stories.jsx[2m > [22m[2mQuiz Block
[22m[39m......!q {
  "answer": "su",
  "correct": true,
  "id": "q2-b",
  "question": "What sound does the hiragana "す" make?",
}
[90mstdout[2m | src/components/ChatSidebar/BlockInsertPreview.stories.jsx[2m > [22m[2mQuiz Block
[22m[39m......!q {
  "answer": "sa",
  "correct": false,
  "id": "q2-c",
  "question": "What sound does the hiragana "す" make?",
}
[90mstdout[2m | src/components/ChatSidebar/BlockInsertPreview.stories.jsx[2m > [22m[2mQuiz Block
[22m[39m......!q {
  "answer": "se",
  "correct": false,
  "id": "q2-d",
  "question": "What sound does the hiragana "す" make?",
}
[90mstdout[2m | src/components/ChatSidebar/BlockInsertPreview.stories.jsx[2m > [22m[2mQuiz Block
[22m[39mQuestionBlock.nodeKey preview-quiz-1 type: string
[90mstdout[2m | src/components/ChatSidebar/BlockInsertPreview.stories.jsx[2m > [22m[2mQuiz Block
[22m[39mQuestionBlock.questionContent [
  {
    "answer": "shi",
    "correct": false,
    "id": "q2-a",
    "question": "What sound does the hiragana "す" make?",
  },
  {
    "answer": "su",
    "correct": true,
    "id": "q2-b",
    "question": "What sound does the hiragana "す" make?",
  },
  {
    "answer": "sa",
    "correct": false,
    "id": "q2-c",
    "question": "What sound does the hiragana "す" make?",
  },
  {
    "answer": "se",
    "correct": false,
    "id": "q2-d",
    "question": "What sound does the hiragana "す" make?",
  },
]
[90mstdout[2m | src/components/ChatSidebar/BlockInsertPreview.stories.jsx[2m > [22m[2mQuiz Block
[22m[39mQuestionBlock.grade.data keys: []
[90mstdout[2m | src/components/ChatSidebar/BlockInsertPreview.stories.jsx[2m > [22m[2mQuiz Block
[22m[39mQuestionBlock.grade.data[nodeKey]: undefined
[90mstdout[2m | src/components/ChatSidebar/BlockInsertPreview.stories.jsx[2m > [22m[2mQuiz Block
[22m[39mQuestionBlockRo.inProgress {}
[90mstdout[2m | src/components/ChatSidebar/BlockInsertPreview.stories.jsx[2m > [22m[2mQuiz Block
[22m[39mQuestionBlockRo.grade {}
[90mstdout[2m | src/components/ChatSidebar/BlockInsertPreview.stories.jsx[2m > [22m[2mQuiz Block
[22m[39m......!q {
  "answer": "ん",
  "correct": true,
  "id": "q3-a",
  "question": "Which of these is the correct hiragana for "n"?",
}
[90mstdout[2m | src/components/ChatSidebar/BlockInsertPreview.stories.jsx[2m > [22m[2mQuiz Block
[22m[39m......!q {
  "answer": "を",
  "correct": false,
  "id": "q3-b",
  "question": "Which of these is the correct hiragana for "n"?",
}
[90mstdout[2m | src/components/ChatSidebar/BlockInsertPreview.stories.jsx[2m > [22m[2mQuiz Block
[22m[39m......!q {
  "answer": "ね",
  "correct": false,
  "id": "q3-c",
  "question": "Which of these is the correct hiragana for "n"?",
}
[90mstdout[2m | src/components/ChatSidebar/BlockInsertPreview.stories.jsx[2m > [22m[2mQuiz Block
[22m[39m......!q {
  "answer": "に",
  "correct": false,
  "id": "q3-d",
  "question": "Which of these is the correct hiragana for "n"?",
}
[90mstdout[2m | src/components/ChatSidebar/BlockInsertPreview.stories.jsx[2m > [22m[2mQuiz Block
[22m[39mQuestionBlock.nodeKey preview-quiz-2 type: string
[90mstdout[2m | src/components/ChatSidebar/BlockInsertPreview.stories.jsx[2m > [22m[2mQuiz Block
[22m[39mQuestionBlock.questionContent [
  {
    "answer": "ん",
    "correct": true,
    "id": "q3-a",
    "question": "Which of these is the correct hiragana for "n"?",
  },
  {
    "answer": "を",
    "correct": false,
    "id": "q3-b",
    "question": "Which of these is the correct hiragana for "n"?",
  },
  {
    "answer": "ね",
    "correct": false,
    "id": "q3-c",
    "question": "Which of these is the correct hiragana for "n"?",
  },
  {
    "answer": "に",
    "correct": false,
    "id": "q3-d",
    "question": "Which of these is the correct hiragana for "n"?",
  },
]
[90mstdout[2m | src/components/ChatSidebar/BlockInsertPreview.stories.jsx[2m > [22m[2mQuiz Block
[22m[39mQuestionBlock.grade.data keys: []
[90mstdout[2m | src/components/ChatSidebar/BlockInsertPreview.stories.jsx[2m > [22m[2mQuiz Block
[22m[39mQuestionBlock.grade.data[nodeKey]: undefined
[90mstdout[2m | src/components/ChatSidebar/BlockInsertPreview.stories.jsx[2m > [22m[2mQuiz Block
[22m[39mQuestionBlockRo.inProgress {}
[90mstdout[2m | src/components/ChatSidebar/BlockInsertPreview.stories.jsx[2m > [22m[2mQuiz Block
[22m[39m[TranslationModeController] Setting mode to: off
[90mstdout[2m | src/components/ChatSidebar/BlockInsertPreview.stories.jsx[2m > [22m[2mQuiz Block
[22m[39m[UnitContext] useEffect triggered {
  "authLoading": false,
  "hasUser": true,
  "id": "mock-unit-id",
  "userSub": "mock-user-sub",
}
[90mstdout[2m | src/components/ChatSidebar/BlockInsertPreview.stories.jsx[2m > [22m[2mQuiz Block
[22m[39m[UnitContext] Fetching unit data for id: mock-unit-id
[90mstdout[2m | src/components/ChatSidebar/BlockInsertPreview.stories.jsx[2m > [22m[2mQuiz Block
[22m[39m[FilesContext] Initializing vector store from IndexedDB
[90mstdout[2m | src/components/ChatSidebar/BlockInsertPreview.stories.jsx[2m > [22m[2mQuiz Block
[22m[39m[FilesContext] fetchFiles called
[90mstdout[2m | src/components/ChatSidebar/BlockInsertPreview.stories.jsx[2m > [22m[2mQuiz Block
[22m[39m[FilesContext] User authenticated: mock-user-sub
[90mstdout[2m | src/components/ChatSidebar/BlockInsertPreview.stories.jsx[2m > [22m[2mQuiz Block
[22m[39m[FilesContext] Identity ID: us-east-1:mock-identity-123
[90mstdout[2m | src/components/ChatSidebar/BlockInsertPreview.stories.jsx[2m > [22m[2mQuiz Block
[22m[39m[FilesContext] About to set up File observeQuery
[90mstdout[2m | src/components/ChatSidebar/BlockInsertPreview.stories.jsx[2m > [22m[2mQuiz Block
[22m[39m[ChatContext] Setting up AssistantChat observeQuery
[90mstdout[2m | src/components/ChatSidebar/BlockInsertPreview.stories.jsx[2m > [22m[2mQuiz Block
[22m[39m[ChatContext] Waiting for subscription to initialize
[90mstdout[2m | src/components/ChatSidebar/BlockInsertPreview.stories.jsx[2m > [22m[2mQuiz Block
[22m[39m[SettingsContext] Setting up Settings subscription for user: mock-user-sub
[90mstdout[2m | src/components/ChatSidebar/BlockInsertPreview.stories.jsx[2m > [22m[2mQuiz Block
[22m[39mQuestionBlockRo.grade {}
[90mstdout[2m | src/components/ChatSidebar/BlockInsertPreview.stories.jsx[2m > [22m[2mQuiz Block
[22m[39m......!q {
  "answer": "き (ki)",
  "correct": false,
  "id": "q1-a",
  "question": "Which hiragana character represents the sound "ka"?",
}
[90mstdout[2m | src/components/ChatSidebar/BlockInsertPreview.stories.jsx[2m > [22m[2mQuiz Block
[22m[39m......!q {
  "answer": "か (ka)",
  "correct": true,
  "id": "q1-b",
  "question": "Which hiragana character represents the sound "ka"?",
}
[90mstdout[2m | src/components/ChatSidebar/BlockInsertPreview.stories.jsx[2m > [22m[2mQuiz Block
[22m[39m......!q {
  "answer": "く (ku)",
  "correct": false,
  "id": "q1-c",
  "question": "Which hiragana character represents the sound "ka"?",
}
[90mstdout[2m | src/components/ChatSidebar/BlockInsertPreview.stories.jsx[2m > [22m[2mQuiz Block
[22m[39m......!q {
  "answer": "け (ke)",
  "correct": false,
  "id": "q1-d",
  "question": "Which hiragana character represents the sound "ka"?",
}
[90mstdout[2m | src/components/ChatSidebar/BlockInsertPreview.stories.jsx[2m > [22m[2mQuiz Block
[22m[39mQuestionBlock.nodeKey preview-quiz-0 type: string
[90mstdout[2m | src/components/ChatSidebar/BlockInsertPreview.stories.jsx[2m > [22m[2mQuiz Block
[22m[39mQuestionBlock.questionContent [
  {
    "answer": "き (ki)",
    "correct": false,
    "id": "q1-a",
    "question": "Which hiragana character represents the sound "ka"?",
  },
  {
    "answer": "か (ka)",
    "correct": true,
    "id": "q1-b",
    "question": "Which hiragana character represents the sound "ka"?",
  },
  {
    "answer": "く (ku)",
    "correct": false,
    "id": "q1-c",
    "question": "Which hiragana character represents the sound "ka"?",
  },
  {
    "answer": "け (ke)",
    "correct": false,
    "id": "q1-d",
    "question": "Which hiragana character represents the sound "ka"?",
  },
]
[90mstdout[2m | src/components/ChatSidebar/BlockInsertPreview.stories.jsx[2m > [22m[2mQuiz Block
[22m[39mQuestionBlock.grade.data keys: []
[90mstdout[2m | src/components/ChatSidebar/BlockInsertPreview.stories.jsx[2m > [22m[2mQuiz Block
[22m[39mQuestionBlock.grade.data[nodeKey]: undefined
[90mstdout[2m | src/components/ChatSidebar/BlockInsertPreview.stories.jsx[2m > [22m[2mQuiz Block
[22m[39mQuestionBlockRo.inProgress {}
[90mstdout[2m | src/components/ChatSidebar/BlockInsertPreview.stories.jsx[2m > [22m[2mQuiz Block
[22m[39mQuestionBlockRo.grade {}
[90mstdout[2m | src/components/ChatSidebar/BlockInsertPreview.stories.jsx[2m > [22m[2mQuiz Block
[22m[39m......!q {
  "answer": "shi",
  "correct": false,
  "id": "q2-a",
  "question": "What sound does the hiragana "す" make?",
}
[90mstdout[2m | src/components/ChatSidebar/BlockInsertPreview.stories.jsx[2m > [22m[2mQuiz Block
[22m[39m......!q {
  "answer": "su",
  "correct": true,
  "id": "q2-b",
  "question": "What sound does the hiragana "す" make?",
}
[90mstdout[2m | src/components/ChatSidebar/BlockInsertPreview.stories.jsx[2m > [22m[2mQuiz Block
[22m[39m......!q {
  "answer": "sa",
  "correct": false,
  "id": "q2-c",
  "question": "What sound does the hiragana "す" make?",
}
[90mstdout[2m | src/components/ChatSidebar/BlockInsertPreview.stories.jsx[2m > [22m[2mQuiz Block
[22m[39m......!q {
  "answer": "se",
  "correct": false,
  "id": "q2-d",
  "question": "What sound does the hiragana "す" make?",
}
[90mstdout[2m | src/components/ChatSidebar/BlockInsertPreview.stories.jsx[2m > [22m[2mQuiz Block
[22m[39mQuestionBlock.nodeKey preview-quiz-1 type: string
[90mstdout[2m | src/components/ChatSidebar/BlockInsertPreview.stories.jsx[2m > [22m[2mQuiz Block
[22m[39mQuestionBlock.questionContent [
  {
    "answer": "shi",
    "correct": false,
    "id": "q2-a",
    "question": "What sound does the hiragana "す" make?",
  },
  {
    "answer": "su",
    "correct": true,
    "id": "q2-b",
    "question": "What sound does the hiragana "す" make?",
  },
  {
    "answer": "sa",
    "correct": false,
    "id": "q2-c",
    "question": "What sound does the hiragana "す" make?",
  },
  {
    "answer": "se",
    "correct": false,
    "id": "q2-d",
    "question": "What sound does the hiragana "す" make?",
  },
]
[90mstdout[2m | src/components/ChatSidebar/BlockInsertPreview.stories.jsx[2m > [22m[2mQuiz Block
[22m[39mQuestionBlock.grade.data keys: []
[90mstdout[2m | src/components/ChatSidebar/BlockInsertPreview.stories.jsx[2m > [22m[2mQuiz Block
[22m[39mQuestionBlock.grade.data[nodeKey]: undefined
[90mstdout[2m | src/components/ChatSidebar/BlockInsertPreview.stories.jsx[2m > [22m[2mQuiz Block
[22m[39mQuestionBlockRo.inProgress {}
[90mstdout[2m | src/components/ChatSidebar/BlockInsertPreview.stories.jsx[2m > [22m[2mQuiz Block
[22m[39mQuestionBlockRo.grade {}
[90mstdout[2m | src/components/ChatSidebar/BlockInsertPreview.stories.jsx[2m > [22m[2mQuiz Block
[22m[39m......!q {
  "answer": "ん",
  "correct": true,
  "id": "q3-a",
  "question": "Which of these is the correct hiragana for "n"?",
}
[90mstdout[2m | src/components/ChatSidebar/BlockInsertPreview.stories.jsx[2m > [22m[2mQuiz Block
[22m[39m......!q {
  "answer": "を",
  "correct": false,
  "id": "q3-b",
  "question": "Which of these is the correct hiragana for "n"?",
}
[90mstdout[2m | src/components/ChatSidebar/BlockInsertPreview.stories.jsx[2m > [22m[2mQuiz Block
[22m[39m......!q {
  "answer": "ね",
  "correct": false,
  "id": "q3-c",
  "question": "Which of these is the correct hiragana for "n"?",
}
[90mstdout[2m | src/components/ChatSidebar/BlockInsertPreview.stories.jsx[2m > [22m[2mQuiz Block
[22m[39m......!q {
  "answer": "に",
  "correct": false,
  "id": "q3-d",
  "question": "Which of these is the correct hiragana for "n"?",
}
[90mstdout[2m | src/components/ChatSidebar/BlockInsertPreview.stories.jsx[2m > [22m[2mQuiz Block
[22m[39mQuestionBlock.nodeKey preview-quiz-2 type: string
[90mstdout[2m | src/components/ChatSidebar/BlockInsertPreview.stories.jsx[2m > [22m[2mQuiz Block
[22m[39mQuestionBlock.questionContent [
  {
    "answer": "ん",
    "correct": true,
    "id": "q3-a",
    "question": "Which of these is the correct hiragana for "n"?",
  },
  {
    "answer": "を",
    "correct": false,
    "id": "q3-b",
    "question": "Which of these is the correct hiragana for "n"?",
  },
  {
    "answer": "ね",
    "correct": false,
    "id": "q3-c",
    "question": "Which of these is the correct hiragana for "n"?",
  },
  {
    "answer": "に",
    "correct": false,
    "id": "q3-d",
    "question": "Which of these is the correct hiragana for "n"?",
  },
]
[90mstdout[2m | src/components/ChatSidebar/BlockInsertPreview.stories.jsx[2m > [22m[2mQuiz Block
[22m[39mQuestionBlock.grade.data keys: []
[90mstdout[2m | src/components/ChatSidebar/BlockInsertPreview.stories.jsx[2m > [22m[2mQuiz Block
[22m[39mQuestionBlock.grade.data[nodeKey]: undefined
[90mstdout[2m | src/components/ChatSidebar/BlockInsertPreview.stories.jsx[2m > [22m[2mQuiz Block
[22m[39mQuestionBlockRo.inProgress {}
[90mstdout[2m | src/components/ChatSidebar/BlockInsertPreview.stories.jsx[2m > [22m[2mQuiz Block
[22m[39m[Mock Data] Settings created: mock-settings-1790417763344 - notified 0 subscribers
[90mstdout[2m | src/components/ChatSidebar/BlockInsertPreview.stories.jsx[2m > [22m[2mQuiz Block
[22m[39m[Mock Data] Unit.onUpdate() subscription added. Total: 1
[90mstdout[2m | src/components/ChatSidebar/BlockInsertPreview.stories.jsx[2m > [22m[2mQuiz Block
[22m[39mQuestionBlockRo.grade {}
[90mstdout[2m | src/components/ChatSidebar/BlockInsertPreview.stories.jsx[2m > [22m[2mQuiz Block
[22m[39m......!q {
  "answer": "き (ki)",
  "correct": false,
  "id": "q1-a",
  "question": "Which hiragana character represents the sound "ka"?",
}
[90mstdout[2m | src/components/ChatSidebar/BlockInsertPreview.stories.jsx[2m > [22m[2mQuiz Block
[22m[39m......!q {
  "answer": "か (ka)",
  "correct": true,
  "id": "q1-b",
  "question": "Which hiragana character represents the sound "ka"?",
}
[90mstdout[2m | src/components/ChatSidebar/BlockInsertPreview.stories.jsx[2m > [22m[2mQuiz Block
[22m[39m......!q {
  "answer": "く (ku)",
  "correct": false,
  "id": "q1-c",
  "question": "Which hiragana character represents the sound "ka"?",
}
[90mstdout[2m | src/components/ChatSidebar/BlockInsertPreview.stories.jsx[2m > [22m[2mQuiz Block
[22m[39m......!q {
  "answer": "け (ke)",
  "correct": false,
  "id": "q1-d",
  "question": "Which hiragana character represents the sound "ka"?",
}
[90mstdout[2m | src/components/ChatSidebar/BlockInsertPreview.stories.jsx[2m > [22m[2mQuiz Block
[22m[39mQuestionBlock.nodeKey preview-quiz-0 type: string
[90mstdout[2m | src/components/ChatSidebar/BlockInsertPreview.stories.jsx[2m > [22m[2mQuiz Block
[22m[39mQuestionBlock.questionContent [
  {
    "answer": "き (ki)",
    "correct": false,
    "id": "q1-a",
    "question": "Which hiragana character represents the sound "ka"?",
  },
  {
    "answer": "か (ka)",
    "correct": true,
    "id": "q1-b",
    "question": "Which hiragana character represents the sound "ka"?",
  },
  {
    "answer": "く (ku)",
    "correct": false,
    "id": "q1-c",
    "question": "Which hiragana character represents the sound "ka"?",
  },
  {
    "answer": "け (ke)",
    "correct": false,
    "id": "q1-d",
    "question": "Which hiragana character represents the sound "ka"?",
  },
]
[90mstdout[2m | src/components/ChatSidebar/BlockInsertPreview.stories.jsx[2m > [22m[2mQuiz Block
[22m[39mQuestionBlock.grade.data keys: []
[90mstdout[2m | src/components/ChatSidebar/BlockInsertPreview.stories.jsx[2m > [22m[2mQuiz Block
[22m[39mQuestionBlock.grade.data[nodeKey]: undefined
[90mstdout[2m | src/components/ChatSidebar/BlockInsertPreview.stories.jsx[2m > [22m[2mQuiz Block
[22m[39mQuestionBlockRo.inProgress {}
[90mstdout[2m | src/components/ChatSidebar/BlockInsertPreview.stories.jsx[2m > [22m[2mQuiz Block
[22m[39mQuestionBlockRo.grade {}
[90mstdout[2m | src/components/ChatSidebar/BlockInsertPreview.stories.jsx[2m > [22m[2mQuiz Block
[22m[39m......!q {
  "answer": "shi",
  "correct": false,
  "id": "q2-a",
  "question": "What sound does the hiragana "す" make?",
}
[90mstdout[2m | src/components/ChatSidebar/BlockInsertPreview.stories.jsx[2m > [22m[2mQuiz Block
[22m[39m......!q {
  "answer": "su",
  "correct": true,
  "id": "q2-b",
  "question": "What sound does the hiragana "す" make?",
}
[90mstdout[2m | src/components/ChatSidebar/BlockInsertPreview.stories.jsx[2m > [22m[2mQuiz Block
[22m[39m......!q {
  "answer": "sa",
  "correct": false,
  "id": "q2-c",
  "question": "What sound does the hiragana "す" make?",
}
[90mstdout[2m | src/components/ChatSidebar/BlockInsertPreview.stories.jsx[2m > [22m[2mQuiz Block
[22m[39m......!q {
  "answer": "se",
  "correct": false,
  "id": "q2-d",
  "question": "What sound does the hiragana "す" make?",
}
[90mstdout[2m | src/components/ChatSidebar/BlockInsertPreview.stories.jsx[2m > [22m[2mQuiz Block
[22m[39mQuestionBlock.nodeKey preview-quiz-1 type: string
[90mstdout[2m | src/components/ChatSidebar/BlockInsertPreview.stories.jsx[2m > [22m[2mQuiz Block
[22m[39mQuestionBlock.questionContent [
  {
    "answer": "shi",
    "correct": false,
    "id": "q2-a",
    "question": "What sound does the hiragana "す" make?",
  },
  {
    "answer": "su",
    "correct": true,
    "id": "q2-b",
    "question": "What sound does the hiragana "す" make?",
  },
  {
    "answer": "sa",
    "correct": false,
    "id": "q2-c",
    "question": "What sound does the hiragana "す" make?",
  },
  {
    "answer": "se",
    "correct": false,
    "id": "q2-d",
    "question": "What sound does the hiragana "す" make?",
  },
]
[90mstdout[2m | src/components/ChatSidebar/BlockInsertPreview.stories.jsx[2m > [22m[2mQuiz Block
[22m[39mQuestionBlock.grade.data keys: []
[90mstdout[2m | src/components/ChatSidebar/BlockInsertPreview.stories.jsx[2m > [22m[2mQuiz Block
[22m[39mQuestionBlock.grade.data[nodeKey]: undefined
[90mstdout[2m | src/components/ChatSidebar/BlockInsertPreview.stories.jsx[2m > [22m[2mQuiz Block
[22m[39mQuestionBlockRo.inProgress {}
[90mstdout[2m | src/components/ChatSidebar/BlockInsertPreview.stories.jsx[2m > [22m[2mQuiz Block
[22m[39mQuestionBlockRo.grade {}
[90mstdout[2m | src/components/ChatSidebar/BlockInsertPreview.stories.jsx[2m > [22m[2mQuiz Block
[22m[39m......!q {
  "answer": "ん",
  "correct": true,
  "id": "q3-a",
  "question": "Which of these is the correct hiragana for "n"?",
}
[90mstdout[2m | src/components/ChatSidebar/BlockInsertPreview.stories.jsx[2m > [22m[2mQuiz Block
[22m[39m......!q {
  "answer": "を",
  "correct": false,
  "id": "q3-b",
  "question": "Which of these is the correct hiragana for "n"?",
}
[90mstdout[2m | src/components/ChatSidebar/BlockInsertPreview.stories.jsx[2m > [22m[2mQuiz Block
[22m[39m......!q {
  "answer": "ね",
  "correct": false,
  "id": "q3-c",
  "question": "Which of these is the correct hiragana for "n"?",
}
[90mstdout[2m | src/components/ChatSidebar/BlockInsertPreview.stories.jsx[2m > [22m[2mQuiz Block
[22m[39m......!q {
  "answer": "に",
  "correct": false,
  "id": "q3-d",
  "question": "Which of these is the correct hiragana for "n"?",
}
[90mstdout[2m | src/components/ChatSidebar/BlockInsertPreview.stories.jsx[2m > [22m[2mQuiz Block
[22m[39mQuestionBlock.nodeKey preview-quiz-2 type: string
[90mstdout[2m | src/components/ChatSidebar/BlockInsertPreview.stories.jsx[2m > [22m[2mQuiz Block
[22m[39mQuestionBlock.questionContent [
  {
    "answer": "ん",
    "correct": true,
    "id": "q3-a",
    "question": "Which of these is the correct hiragana for "n"?",
  },
  {
    "answer": "を",
    "correct": false,
    "id": "q3-b",
    "question": "Which of these is the correct hiragana for "n"?",
  },
  {
    "answer": "ね",
    "correct": false,
    "id": "q3-c",
    "question": "Which of these is the correct hiragana for "n"?",
  },
  {
    "answer": "に",
    "correct": false,
    "id": "q3-d",
    "question": "Which of these is the correct hiragana for "n"?",
  },
]
[90mstdout[2m | src/components/ChatSidebar/BlockInsertPreview.stories.jsx[2m > [22m[2mQuiz Block
[22m[39mQuestionBlock.grade.data keys: []
[90mstdout[2m | src/components/ChatSidebar/BlockInsertPreview.stories.jsx[2m > [22m[2mQuiz Block
[22m[39mQuestionBlock.grade.data[nodeKey]: undefined
[90mstdout[2m | src/components/ChatSidebar/BlockInsertPreview.stories.jsx[2m > [22m[2mQuiz Block
[22m[39mQuestionBlockRo.inProgress {}
[90mstdout[2m | src/components/ChatSidebar/BlockInsertPreview.stories.jsx[2m > [22m[2mQuiz Block
[22m[39m[SectionContext] Section observeQuery update: 0
[90mstdout[2m | src/components/ChatSidebar/BlockInsertPreview.stories.jsx[2m > [22m[2mQuiz Block
[22m[39m[FilesContext] File observeQuery update: 6 files
[90mstdout[2m | src/components/ChatSidebar/BlockInsertPreview.stories.jsx[2m > [22m[2mQuiz Block
[22m[39m[ChatContext] AssistantChat initialized with 1 chats
[90mstdout[2m | src/components/ChatSidebar/BlockInsertPreview.stories.jsx[2m > [22m[2mQuiz Block
[22m[39m[ChatContext] Setting initial chat: mock-assistant-chat-1
[90mstdout[2m | src/components/ChatSidebar/BlockInsertPreview.stories.jsx[2m > [22m[2mQuiz Block
[22m[39m[MOCK CourseVectorStore] Initialized with mock data
[90mstdout[2m | src/components/ChatSidebar/BlockInsertPreview.stories.jsx[2m > [22m[2mQuiz Block
[22m[39mQuestionBlockRo.grade undefined
[90mstdout[2m | src/components/ChatSidebar/BlockInsertPreview.stories.jsx[2m > [22m[2mQuiz Block
[22m[39m......!q {
  "answer": "き (ki)",
  "correct": false,
  "id": "q1-a",
  "question": "Which hiragana character represents the sound "ka"?",
}
[90mstdout[2m | src/components/ChatSidebar/BlockInsertPreview.stories.jsx[2m > [22m[2mQuiz Block
[22m[39m......!q {
  "answer": "か (ka)",
  "correct": true,
  "id": "q1-b",
  "question": "Which hiragana character represents the sound "ka"?",
}
[90mstdout[2m | src/components/ChatSidebar/BlockInsertPreview.stories.jsx[2m > [22m[2mQuiz Block
[22m[39m......!q {
  "answer": "く (ku)",
  "correct": false,
  "id": "q1-c",
  "question": "Which hiragana character represents the sound "ka"?",
}
[90mstdout[2m | src/components/ChatSidebar/BlockInsertPreview.stories.jsx[2m > [22m[2mQuiz Block
[22m[39m......!q {
  "answer": "け (ke)",
  "correct": false,
  "id": "q1-d",
  "question": "Which hiragana character represents the sound "ka"?",
}
[90mstdout[2m | src/components/ChatSidebar/BlockInsertPreview.stories.jsx[2m > [22m[2mQuiz Block
[22m[39mQuestionBlock.nodeKey preview-quiz-0 type: string
[90mstdout[2m | src/components/ChatSidebar/BlockInsertPreview.stories.jsx[2m > [22m[2mQuiz Block
[22m[39mQuestionBlock.questionContent [
  {
    "answer": "き (ki)",
    "correct": false,
    "id": "q1-a",
    "question": "Which hiragana character represents the sound "ka"?",
  },
  {
    "answer": "か (ka)",
    "correct": true,
    "id": "q1-b",
    "question": "Which hiragana character represents the sound "ka"?",
  },
  {
    "answer": "く (ku)",
    "correct": false,
    "id": "q1-c",
    "question": "Which hiragana character represents the sound "ka"?",
  },
  {
    "answer": "け (ke)",
    "correct": false,
    "id": "q1-d",
    "question": "Which hiragana character represents the sound "ka"?",
  },
]
[90mstdout[2m | src/components/ChatSidebar/BlockInsertPreview.stories.jsx[2m > [22m[2mQuiz Block
[22m[39mQuestionBlock.grade.data keys: []
[90mstdout[2m | src/components/ChatSidebar/BlockInsertPreview.stories.jsx[2m > [22m[2mQuiz Block
[22m[39mQuestionBlock.grade.data[nodeKey]: undefined
[90mstdout[2m | src/components/ChatSidebar/BlockInsertPreview.stories.jsx[2m > [22m[2mQuiz Block
[22m[39mQuestionBlockRo.inProgress {}
[90mstdout[2m | src/components/ChatSidebar/BlockInsertPreview.stories.jsx[2m > [22m[2mQuiz Block
[22m[39mQuestionBlockRo.grade undefined
[90mstdout[2m | src/components/ChatSidebar/BlockInsertPreview.stories.jsx[2m > [22m[2mQuiz Block
[22m[39m......!q {
  "answer": "shi",
  "correct": false,
  "id": "q2-a",
  "question": "What sound does the hiragana "す" make?",
}
[90mstdout[2m | src/components/ChatSidebar/BlockInsertPreview.stories.jsx[2m > [22m[2mQuiz Block
[22m[39m......!q {
  "answer": "su",
  "correct": true,
  "id": "q2-b",
  "question": "What sound does the hiragana "す" make?",
}
[90mstdout[2m | src/components/ChatSidebar/BlockInsertPreview.stories.jsx[2m > [22m[2mQuiz Block
[22m[39m......!q {
  "answer": "sa",
  "correct": false,
  "id": "q2-c",
  "question": "What sound does the hiragana "す" make?",
}
[90mstdout[2m | src/components/ChatSidebar/BlockInsertPreview.stories.jsx[2m > [22m[2mQuiz Block
[22m[39m......!q {
  "answer": "se",
  "correct": false,
  "id": "q2-d",
  "question": "What sound does the hiragana "す" make?",
}
[90mstdout[2m | src/components/ChatSidebar/BlockInsertPreview.stories.jsx[2m > [22m[2mQuiz Block
[22m[39mQuestionBlock.nodeKey preview-quiz-1 type: string
[90mstdout[2m | src/components/ChatSidebar/BlockInsertPreview.stories.jsx[2m > [22m[2mQuiz Block
[22m[39mQuestionBlock.questionContent [
  {
    "answer": "shi",
    "correct": false,
    "id": "q2-a",
    "question": "What sound does the hiragana "す" make?",
  },
  {
    "answer": "su",
    "correct": true,
    "id": "q2-b",
    "question": "What sound does the hiragana "す" make?",
  },
  {
    "answer": "sa",
    "correct": false,
    "id": "q2-c",
    "question": "What sound does the hiragana "す" make?",
  },
  {
    "answer": "se",
    "correct": false,
    "id": "q2-d",
    "question": "What sound does the hiragana "す" make?",
  },
]
[90mstdout[2m | src/components/ChatSidebar/BlockInsertPreview.stories.jsx[2m > [22m[2mQuiz Block
[22m[39mQuestionBlock.grade.data keys: []
[90mstdout[2m | src/components/ChatSidebar/BlockInsertPreview.stories.jsx[2m > [22m[2mQuiz Block
[22m[39mQuestionBlock.grade.data[nodeKey]: undefined
[90mstdout[2m | src/components/ChatSidebar/BlockInsertPreview.stories.jsx[2m > [22m[2mQuiz Block
[22m[39mQuestionBlockRo.inProgress {}
[90mstdout[2m | src/components/ChatSidebar/BlockInsertPreview.stories.jsx[2m > [22m[2mQuiz Block
[22m[39mQuestionBlockRo.grade undefined
[90mstdout[2m | src/components/ChatSidebar/BlockInsertPreview.stories.jsx[2m > [22m[2mQuiz Block
[22m[39m......!q {
  "answer": "ん",
  "correct": true,
  "id": "q3-a",
  "question": "Which of these is the correct hiragana for "n"?",
}
[90mstdout[2m | src/components/ChatSidebar/BlockInsertPreview.stories.jsx[2m > [22m[2mQuiz Block
[22m[39m......!q {
  "answer": "を",
  "correct": false,
  "id": "q3-b",
  "question": "Which of these is the correct hiragana for "n"?",
}
[90mstdout[2m | src/components/ChatSidebar/BlockInsertPreview.stories.jsx[2m > [22m[2mQuiz Block
[22m[39m......!q {
  "answer": "ね",
  "correct": false,
  "id": "q3-c",
  "question": "Which of these is the correct hiragana for "n"?",
}
[90mstdout[2m | src/components/ChatSidebar/BlockInsertPreview.stories.jsx[2m > [22m[2mQuiz Block
[22m[39m......!q {
  "answer": "に",
  "correct": false,
  "id": "q3-d",
  "question": "Which of these is the correct hiragana for "n"?",
}
[90mstdout[2m | src/components/ChatSidebar/BlockInsertPreview.stories.jsx[2m > [22m[2mQuiz Block
[22m[39mQuestionBlock.nodeKey preview-quiz-2 type: string
[90mstdout[2m | src/components/ChatSidebar/BlockInsertPreview.stories.jsx[2m > [22m[2mQuiz Block
[22m[39mQuestionBlock.questionContent [
  {
    "answer": "ん",
    "correct": true,
    "id": "q3-a",
    "question": "Which of these is the correct hiragana for "n"?",
  },
  {
    "answer": "を",
    "correct": false,
    "id": "q3-b",
    "question": "Which of these is the correct hiragana for "n"?",
  },
  {
    "answer": "ね",
    "correct": false,
    "id": "q3-c",
    "question": "Which of these is the correct hiragana for "n"?",
  },
  {
    "answer": "に",
    "correct": false,
    "id": "q3-d",
    "question": "Which of these is the correct hiragana for "n"?",
  },
]
[90mstdout[2m | src/components/ChatSidebar/BlockInsertPreview.stories.jsx[2m > [22m[2mQuiz Block
[22m[39mQuestionBlock.grade.data keys: []
[90mstdout[2m | src/components/ChatSidebar/BlockInsertPreview.stories.jsx[2m > [22m[2mQuiz Block
[22m[39mQuestionBlock.grade.data[nodeKey]: undefined
[90mstdout[2m | src/components/ChatSidebar/BlockInsertPreview.stories.jsx[2m > [22m[2mQuiz Block
[22m[39mQuestionBlockRo.inProgress {}
[90mstdout[2m | src/components/ChatSidebar/BlockInsertPreview.stories.jsx[2m > [22m[2mQuiz Block
[22m[39m[FilesContext] Vector store population triggered {
  "currentVectorStoreSize": 3,
  "documentsCount": 0,
  "filesCount": 6,
  "isInitialLoad": true,
}
[90mstdout[2m | src/components/ChatSidebar/BlockInsertPreview.stories.jsx[2m > [22m[2mQuiz Block
[22m[39m[FilesContext] Vector store population complete - 3 total embeddings
[90mstdout[2m | src/components/ChatSidebar/BlockInsertPreview.stories.jsx[2m > [22m[2mQuiz Block
[22m[39m[ChatContext] Chat exists and not archived, skipping creation
[90mstdout[2m | src/components/ChatSidebar/BlockInsertPreview.stories.jsx[2m > [22m[2mQuiz Block
[22m[39m[Mock Storage] downloadData called with: undefined
[90mstdout[2m | src/components/ChatSidebar/BlockInsertPreview.stories.jsx[2m > [22m[2mAnswer Block
[22m[39m[ChatContext] Cleaning up subscriptions
[90mstdout[2m | src/components/ChatSidebar/BlockInsertPreview.stories.jsx[2m > [22m[2mAnswer Block
[22m[39m[Mock Data] Unit.onUpdate() subscription removed. Remaining: 0
[90mstdout[2m | src/components/ChatSidebar/BlockInsertPreview.stories.jsx[2m > [22m[2mAnswer Block
[22m[39m[MOCK CourseVectorStore] Initialized with mock data
[90mstdout[2m | src/components/ChatSidebar/BlockInsertPreview.stories.jsx[2m > [22m[2mAnswer Block
[22m[39m[Mock Data] seedMockWords: Adding 3 words
[90mstdout[2m | src/components/ChatSidebar/BlockInsertPreview.stories.jsx[2m > [22m[2mAnswer Block
[22m[39m[TranslationModeController] Setting mode to: off
[90mstdout[2m | src/components/ChatSidebar/BlockInsertPreview.stories.jsx[2m > [22m[2mAnswer Block
[22m[39m[UnitContext] useEffect triggered {
  "authLoading": false,
  "hasUser": true,
  "id": "mock-unit-id",
  "userSub": "mock-user-sub",
}
[90mstdout[2m | src/components/ChatSidebar/BlockInsertPreview.stories.jsx[2m > [22m[2mAnswer Block
[22m[39m[UnitContext] Fetching unit data for id: mock-unit-id
[90mstdout[2m | src/components/ChatSidebar/BlockInsertPreview.stories.jsx[2m > [22m[2mAnswer Block
[22m[39m[FilesContext] Initializing vector store from IndexedDB
[90mstdout[2m | src/components/ChatSidebar/BlockInsertPreview.stories.jsx[2m > [22m[2mAnswer Block
[22m[39m[FilesContext] fetchFiles called
[90mstdout[2m | src/components/ChatSidebar/BlockInsertPreview.stories.jsx[2m > [22m[2mAnswer Block
[22m[39m[FilesContext] User authenticated: mock-user-sub
[90mstdout[2m | src/components/ChatSidebar/BlockInsertPreview.stories.jsx[2m > [22m[2mAnswer Block
[22m[39m[FilesContext] Identity ID: us-east-1:mock-identity-123
[90mstdout[2m | src/components/ChatSidebar/BlockInsertPreview.stories.jsx[2m > [22m[2mAnswer Block
[22m[39m[FilesContext] About to set up File observeQuery
[90mstdout[2m | src/components/ChatSidebar/BlockInsertPreview.stories.jsx[2m > [22m[2mAnswer Block
[22m[39m[ChatContext] Setting up AssistantChat observeQuery
[90mstdout[2m | src/components/ChatSidebar/BlockInsertPreview.stories.jsx[2m > [22m[2mAnswer Block
[22m[39m[ChatContext] Waiting for subscription to initialize
[90mstdout[2m | src/components/ChatSidebar/BlockInsertPreview.stories.jsx[2m > [22m[2mAnswer Block
[22m[39m[SettingsContext] Setting up Settings subscription for user: mock-user-sub
[90mstdout[2m | src/components/ChatSidebar/BlockInsertPreview.stories.jsx[2m > [22m[2mAnswer Block
[22m[39m[Mock Data] Settings created: mock-settings-1790417765653 - notified 0 subscribers
[90mstdout[2m | src/components/ChatSidebar/BlockInsertPreview.stories.jsx[2m > [22m[2mAnswer Block
[22m[39m[Mock Data] Unit.onUpdate() subscription added. Total: 1
[90mstdout[2m | src/components/ChatSidebar/BlockInsertPreview.stories.jsx[2m > [22m[2mAnswer Block
[22m[39m[SectionContext] Section observeQuery update: 0
[90mstdout[2m | src/components/ChatSidebar/BlockInsertPreview.stories.jsx[2m > [22m[2mAnswer Block
[22m[39m[FilesContext] File observeQuery update: 6 files
[90mstdout[2m | src/components/ChatSidebar/BlockInsertPreview.stories.jsx[2m > [22m[2mAnswer Block
[22m[39m[ChatContext] AssistantChat initialized with 1 chats
[90mstdout[2m | src/components/ChatSidebar/BlockInsertPreview.stories.jsx[2m > [22m[2mAnswer Block
[22m[39m[ChatContext] Setting initial chat: mock-assistant-chat-1
[90mstdout[2m | src/components/ChatSidebar/BlockInsertPreview.stories.jsx[2m > [22m[2mAnswer Block
[22m[39m[MOCK CourseVectorStore] Initialized with mock data
[90mstdout[2m | src/components/ChatSidebar/BlockInsertPreview.stories.jsx[2m > [22m[2mAnswer Block
[22m[39m[FilesContext] Vector store population triggered {
  "currentVectorStoreSize": 3,
  "documentsCount": 0,
  "filesCount": 6,
  "isInitialLoad": true,
}
[90mstdout[2m | src/components/ChatSidebar/BlockInsertPreview.stories.jsx[2m > [22m[2mAnswer Block
[22m[39m[FilesContext] Vector store population complete - 3 total embeddings
[90mstdout[2m | src/components/ChatSidebar/BlockInsertPreview.stories.jsx[2m > [22m[2mAnswer Block
[22m[39m[ChatContext] Chat exists and not archived, skipping creation
[90mstdout[2m | src/components/ChatSidebar/BlockInsertPreview.stories.jsx[2m > [22m[2mAnswer Block
[22m[39m[Mock Storage] downloadData called with: undefined
[90mstdout[2m | src/components/ChatSidebar/BlockInsertPreview.stories.jsx[2m > [22m[2mMeaning Association Block
[22m[39m[ChatContext] Cleaning up subscriptions
[90mstdout[2m | src/components/ChatSidebar/BlockInsertPreview.stories.jsx[2m > [22m[2mMeaning Association Block
[22m[39m[Mock Data] Unit.onUpdate() subscription removed. Remaining: 0
[90mstdout[2m | src/components/ChatSidebar/BlockInsertPreview.stories.jsx[2m > [22m[2mMeaning Association Block
[22m[39m[MOCK CourseVectorStore] Initialized with mock data
[90mstdout[2m | src/components/ChatSidebar/BlockInsertPreview.stories.jsx[2m > [22m[2mMeaning Association Block
[22m[39m[Mock Data] seedMockWords: Adding 4 words
[90mstdout[2m | src/components/ChatSidebar/BlockInsertPreview.stories.jsx[2m > [22m[2mMeaning Association Block
[22m[39mEasy.nodeKey preview-meaning-association type: string
[90mstdout[2m | src/components/ChatSidebar/BlockInsertPreview.stories.jsx[2m > [22m[2mMeaning Association Block
[22m[39mEasy.grade: {}
[90mstdout[2m | src/components/ChatSidebar/BlockInsertPreview.stories.jsx[2m > [22m[2mMeaning Association Block
[22m[39mEasy.grade.data: undefined
[90mstdout[2m | src/components/ChatSidebar/BlockInsertPreview.stories.jsx[2m > [22m[2mMeaning Association Block
[22m[39mEasy.grade.data === grade? false
[90mstdout[2m | src/components/ChatSidebar/BlockInsertPreview.stories.jsx[2m > [22m[2mMeaning Association Block
[22m[39mEasy.grade.data keys: no data
[90mstdout[2m | src/components/ChatSidebar/BlockInsertPreview.stories.jsx[2m > [22m[2mMeaning Association Block
[22m[39mEasy.grade.data[nodeKey]: undefined
[90mstdout[2m | src/components/ChatSidebar/BlockInsertPreview.stories.jsx[2m > [22m[2mMeaning Association Block
[22m[39mEasy.inProgress {}
[90mstdout[2m | src/components/ChatSidebar/BlockInsertPreview.stories.jsx[2m > [22m[2mMeaning Association Block
[22m[39mHard.attemptedAnswers {}
[90mstdout[2m | src/components/ChatSidebar/BlockInsertPreview.stories.jsx[2m > [22m[2mMeaning Association Block
[22m[39mLearn._vocabulary []
[90mstdout[2m | src/components/ChatSidebar/BlockInsertPreview.stories.jsx[2m > [22m[2mMeaning Association Block
[22m[39mMeaningAssociationExercise._vocabulary []
[90mstdout[2m | src/components/ChatSidebar/BlockInsertPreview.stories.jsx[2m > [22m[2mMeaning Association Block
[22m[39mHard._vocabulary []
[90mstdout[2m | src/components/ChatSidebar/BlockInsertPreview.stories.jsx[2m > [22m[2mMeaning Association Block
[22m[39m[TranslationModeController] Setting mode to: off
[90mstdout[2m | src/components/ChatSidebar/BlockInsertPreview.stories.jsx[2m > [22m[2mMeaning Association Block
[22m[39m[UnitContext] useEffect triggered {
  "authLoading": false,
  "hasUser": true,
  "id": "mock-unit-id",
  "userSub": "mock-user-sub",
}
[90mstdout[2m | src/components/ChatSidebar/BlockInsertPreview.stories.jsx[2m > [22m[2mMeaning Association Block
[22m[39m[UnitContext] Fetching unit data for id: mock-unit-id
[90mstdout[2m | src/components/ChatSidebar/BlockInsertPreview.stories.jsx[2m > [22m[2mMeaning Association Block
[22m[39m[FilesContext] Initializing vector store from IndexedDB
[90mstdout[2m | src/components/ChatSidebar/BlockInsertPreview.stories.jsx[2m > [22m[2mMeaning Association Block
[22m[39m[FilesContext] fetchFiles called
[90mstdout[2m | src/components/ChatSidebar/BlockInsertPreview.stories.jsx[2m > [22m[2mMeaning Association Block
[22m[39m[FilesContext] User authenticated: mock-user-sub
[90mstdout[2m | src/components/ChatSidebar/BlockInsertPreview.stories.jsx[2m > [22m[2mMeaning Association Block
[22m[39m[FilesContext] Identity ID: us-east-1:mock-identity-123
[90mstdout[2m | src/components/ChatSidebar/BlockInsertPreview.stories.jsx[2m > [22m[2mMeaning Association Block
[22m[39m[FilesContext] About to set up File observeQuery
[90mstdout[2m | src/components/ChatSidebar/BlockInsertPreview.stories.jsx[2m > [22m[2mMeaning Association Block
[22m[39m[ChatContext] Setting up AssistantChat observeQuery
[90mstdout[2m | src/components/ChatSidebar/BlockInsertPreview.stories.jsx[2m > [22m[2mMeaning Association Block
[22m[39m[ChatContext] Waiting for subscription to initialize
[90mstdout[2m | src/components/ChatSidebar/BlockInsertPreview.stories.jsx[2m > [22m[2mMeaning Association Block
[22m[39m[SettingsContext] Setting up Settings subscription for user: mock-user-sub
[90mstdout[2m | src/components/ChatSidebar/BlockInsertPreview.stories.jsx[2m > [22m[2mMeaning Association Block
[22m[39mEasy.nodeKey preview-meaning-association type: string
[90mstdout[2m | src/components/ChatSidebar/BlockInsertPreview.stories.jsx[2m > [22m[2mMeaning Association Block
[22m[39mEasy.grade: {}
[90mstdout[2m | src/components/ChatSidebar/BlockInsertPreview.stories.jsx[2m > [22m[2mMeaning Association Block
[22m[39mEasy.grade.data: undefined
[90mstdout[2m | src/components/ChatSidebar/BlockInsertPreview.stories.jsx[2m > [22m[2mMeaning Association Block
[22m[39mEasy.grade.data === grade? false
[90mstdout[2m | src/components/ChatSidebar/BlockInsertPreview.stories.jsx[2m > [22m[2mMeaning Association Block
[22m[39mEasy.grade.data keys: no data
[90mstdout[2m | src/components/ChatSidebar/BlockInsertPreview.stories.jsx[2m > [22m[2mMeaning Association Block
[22m[39mEasy.grade.data[nodeKey]: undefined
[90mstdout[2m | src/components/ChatSidebar/BlockInsertPreview.stories.jsx[2m > [22m[2mMeaning Association Block
[22m[39mEasy.inProgress {}
[90mstdout[2m | src/components/ChatSidebar/BlockInsertPreview.stories.jsx[2m > [22m[2mMeaning Association Block
[22m[39mHard.attemptedAnswers {}
[90mstdout[2m | src/components/ChatSidebar/BlockInsertPreview.stories.jsx[2m > [22m[2mMeaning Association Block
[22m[39m[Mock Data] Settings created: mock-settings-1790417766832 - notified 0 subscribers
[90mstdout[2m | src/components/ChatSidebar/BlockInsertPreview.stories.jsx[2m > [22m[2mMeaning Association Block
[22m[39m[Mock Data] Unit.onUpdate() subscription added. Total: 1
[90mstdout[2m | src/components/ChatSidebar/BlockInsertPreview.stories.jsx[2m > [22m[2mMeaning Association Block
[22m[39mEasy.nodeKey preview-meaning-association type: string
[90mstdout[2m | src/components/ChatSidebar/BlockInsertPreview.stories.jsx[2m > [22m[2mMeaning Association Block
[22m[39mEasy.grade: {}
[90mstdout[2m | src/components/ChatSidebar/BlockInsertPreview.stories.jsx[2m > [22m[2mMeaning Association Block
[22m[39mEasy.grade.data: undefined
[90mstdout[2m | src/components/ChatSidebar/BlockInsertPreview.stories.jsx[2m > [22m[2mMeaning Association Block
[22m[39mEasy.grade.data === grade? false
[90mstdout[2m | src/components/ChatSidebar/BlockInsertPreview.stories.jsx[2m > [22m[2mMeaning Association Block
[22m[39mEasy.grade.data keys: no data
[90mstdout[2m | src/components/ChatSidebar/BlockInsertPreview.stories.jsx[2m > [22m[2mMeaning Association Block
[22m[39mEasy.grade.data[nodeKey]: undefined
[90mstdout[2m | src/components/ChatSidebar/BlockInsertPreview.stories.jsx[2m > [22m[2mMeaning Association Block
[22m[39mEasy.inProgress {}
[90mstdout[2m | src/components/ChatSidebar/BlockInsertPreview.stories.jsx[2m > [22m[2mMeaning Association Block
[22m[39mHard.attemptedAnswers {}
[90mstdout[2m | src/components/ChatSidebar/BlockInsertPreview.stories.jsx[2m > [22m[2mMeaning Association Block
[22m[39m[SectionContext] Section observeQuery update: 0
[90mstdout[2m | src/components/ChatSidebar/BlockInsertPreview.stories.jsx[2m > [22m[2mMeaning Association Block
[22m[39m[FilesContext] File observeQuery update: 6 files
[90mstdout[2m | src/components/ChatSidebar/BlockInsertPreview.stories.jsx[2m > [22m[2mMeaning Association Block
[22m[39m[ChatContext] AssistantChat initialized with 1 chats
[90mstdout[2m | src/components/ChatSidebar/BlockInsertPreview.stories.jsx[2m > [22m[2mMeaning Association Block
[22m[39m[ChatContext] Setting initial chat: mock-assistant-chat-1
[90mstdout[2m | src/components/ChatSidebar/BlockInsertPreview.stories.jsx[2m > [22m[2mMeaning Association Block
[22m[39m[MOCK CourseVectorStore] Initialized with mock data
[90mstdout[2m | src/components/ChatSidebar/BlockInsertPreview.stories.jsx[2m > [22m[2mMeaning Association Block
[22m[39mEasy.nodeKey preview-meaning-association type: string
[90mstdout[2m | src/components/ChatSidebar/BlockInsertPreview.stories.jsx[2m > [22m[2mMeaning Association Block
[22m[39mEasy.grade: undefined
[90mstdout[2m | src/components/ChatSidebar/BlockInsertPreview.stories.jsx[2m > [22m[2mMeaning Association Block
[22m[39mEasy.grade.data: undefined
[90mstdout[2m | src/components/ChatSidebar/BlockInsertPreview.stories.jsx[2m > [22m[2mMeaning Association Block
[22m[39mEasy.grade.data === grade? true
[90mstdout[2m | src/components/ChatSidebar/BlockInsertPreview.stories.jsx[2m > [22m[2mMeaning Association Block
[22m[39mEasy.grade.data keys: no data
[90mstdout[2m | src/components/ChatSidebar/BlockInsertPreview.stories.jsx[2m > [22m[2mMeaning Association Block
[22m[39mEasy.grade.data[nodeKey]: undefined
[90mstdout[2m | src/components/ChatSidebar/BlockInsertPreview.stories.jsx[2m > [22m[2mMeaning Association Block
[22m[39mEasy.inProgress {}
[90mstdout[2m | src/components/ChatSidebar/BlockInsertPreview.stories.jsx[2m > [22m[2mMeaning Association Block
[22m[39mHard.attemptedAnswers {}
[90mstdout[2m | src/components/ChatSidebar/BlockInsertPreview.stories.jsx[2m > [22m[2mMeaning Association Block
[22m[39mLearn._vocabulary [
  {
    "definition": "red",
    "id": "word-aka",
    "owner": "mock-user",
    "phonetic": "aka",
    "phrase": "赤",
  },
  {
    "definition": "blue",
    "id": "word-ao",
    "owner": "mock-user",
    "phonetic": "ao",
    "phrase": "青",
  },
  {
    "definition": "green",
    "id": "word-midori",
    "owner": "mock-user",
    "phonetic": "midori",
    "phrase": "緑",
  },
  {
    "definition": "yellow",
    "id": "word-kiiro",
    "owner": "mock-user",
    "phonetic": "kiiro",
    "phrase": "黄色",
  },
]
[90mstdout[2m | src/components/ChatSidebar/BlockInsertPreview.stories.jsx[2m > [22m[2mMeaning Association Block
[22m[39mMeaningAssociationExercise._vocabulary [
  {
    "definition": "red",
    "id": "word-aka",
    "owner": "mock-user",
    "phonetic": "aka",
    "phrase": "赤",
  },
  {
    "definition": "blue",
    "id": "word-ao",
    "owner": "mock-user",
    "phonetic": "ao",
    "phrase": "青",
  },
  {
    "definition": "green",
    "id": "word-midori",
    "owner": "mock-user",
    "phonetic": "midori",
    "phrase": "緑",
  },
  {
    "definition": "yellow",
    "id": "word-kiiro",
    "owner": "mock-user",
    "phonetic": "kiiro",
    "phrase": "黄色",
  },
]
[90mstdout[2m | src/components/ChatSidebar/BlockInsertPreview.stories.jsx[2m > [22m[2mMeaning Association Block
[22m[39mHard._vocabulary [
  {
    "definition": "red",
    "id": "word-aka",
    "owner": "mock-user",
    "phonetic": "aka",
    "phrase": "赤",
  },
  {
    "definition": "blue",
    "id": "word-ao",
    "owner": "mock-user",
    "phonetic": "ao",
    "phrase": "青",
  },
  {
    "definition": "green",
    "id": "word-midori",
    "owner": "mock-user",
    "phonetic": "midori",
    "phrase": "緑",
  },
  {
    "definition": "yellow",
    "id": "word-kiiro",
    "owner": "mock-user",
    "phonetic": "kiiro",
    "phrase": "黄色",
  },
]
[90mstdout[2m | src/components/ChatSidebar/BlockInsertPreview.stories.jsx[2m > [22m[2mMeaning Association Block
[22m[39m[FilesContext] Vector store population triggered {
  "currentVectorStoreSize": 3,
  "documentsCount": 0,
  "filesCount": 6,
  "isInitialLoad": true,
}
[90mstdout[2m | src/components/ChatSidebar/BlockInsertPreview.stories.jsx[2m > [22m[2mMeaning Association Block
[22m[39m[FilesContext] Vector store population complete - 3 total embeddings
[90mstdout[2m | src/components/ChatSidebar/BlockInsertPreview.stories.jsx[2m > [22m[2mMeaning Association Block
[22m[39m[ChatContext] Chat exists and not archived, skipping creation
[90mstdout[2m | src/components/ChatSidebar/BlockInsertPreview.stories.jsx[2m > [22m[2mMeaning Association Block
[22m[39mEasy.nodeKey preview-meaning-association type: string
[90mstdout[2m | src/components/ChatSidebar/BlockInsertPreview.stories.jsx[2m > [22m[2mMeaning Association Block
[22m[39mEasy.grade: undefined
[90mstdout[2m | src/components/ChatSidebar/BlockInsertPreview.stories.jsx[2m > [22m[2mMeaning Association Block
[22m[39mEasy.grade.data: undefined
[90mstdout[2m | src/components/ChatSidebar/BlockInsertPreview.stories.jsx[2m > [22m[2mMeaning Association Block
[22m[39mEasy.grade.data === grade? true
[90mstdout[2m | src/components/ChatSidebar/BlockInsertPreview.stories.jsx[2m > [22m[2mMeaning Association Block
[22m[39mEasy.grade.data keys: no data
[90mstdout[2m | src/components/ChatSidebar/BlockInsertPreview.stories.jsx[2m > [22m[2mMeaning Association Block
[22m[39mEasy.grade.data[nodeKey]: undefined
[90mstdout[2m | src/components/ChatSidebar/BlockInsertPreview.stories.jsx[2m > [22m[2mMeaning Association Block
[22m[39mEasy.inProgress {}
[90mstdout[2m | src/components/ChatSidebar/BlockInsertPreview.stories.jsx[2m > [22m[2mMeaning Association Block
[22m[39mHard.attemptedAnswers {}
[90mstdout[2m | src/components/ChatSidebar/BlockInsertPreview.stories.jsx[2m > [22m[2mMeaning Association Block
[22m[39m[Mock Storage] downloadData called with: undefined
[90mstdout[2m | src/components/ChatSidebar/BlockInsertPreview.stories.jsx[2m > [22m[2mMeaning Association Block
[22m[39mEasy.nodeKey preview-meaning-association type: string
[90mstdout[2m | src/components/ChatSidebar/BlockInsertPreview.stories.jsx[2m > [22m[2mMeaning Association Block
[22m[39mEasy.grade: undefined
[90mstdout[2m | src/components/ChatSidebar/BlockInsertPreview.stories.jsx[2m > [22m[2mMeaning Association Block
[22m[39mEasy.grade.data: undefined
[90mstdout[2m | src/components/ChatSidebar/BlockInsertPreview.stories.jsx[2m > [22m[2mMeaning Association Block
[22m[39mEasy.grade.data === grade? true
[90mstdout[2m | src/components/ChatSidebar/BlockInsertPreview.stories.jsx[2m > [22m[2mMeaning Association Block
[22m[39mEasy.grade.data keys: no data
[90mstdout[2m | src/components/ChatSidebar/BlockInsertPreview.stories.jsx[2m > [22m[2mMeaning Association Block
[22m[39mEasy.grade.data[nodeKey]: undefined
[90mstdout[2m | src/components/ChatSidebar/BlockInsertPreview.stories.jsx[2m > [22m[2mMeaning Association Block
[22m[39mEasy.inProgress {}
[90mstdout[2m | src/components/ChatSidebar/BlockInsertPreview.stories.jsx[2m > [22m[2mMeaning Association Block
[22m[39mHard.attemptedAnswers {}
[90mstdout[2m | src/components/ChatSidebar/BlockInsertPreview.stories.jsx[2m > [22m[2mCustom Answer Block
[22m[39m[ChatContext] Cleaning up subscriptions
[90mstdout[2m | src/components/ChatSidebar/BlockInsertPreview.stories.jsx[2m > [22m[2mCustom Answer Block
[22m[39m[Mock Data] Unit.onUpdate() subscription removed. Remaining: 0
[90mstdout[2m | src/components/ChatSidebar/BlockInsertPreview.stories.jsx[2m > [22m[2mCustom Answer Block
[22m[39m[MOCK CourseVectorStore] Initialized with mock data
[90mstdout[2m | src/components/ChatSidebar/BlockInsertPreview.stories.jsx[2m > [22m[2mCustom Answer Block
[22m[39m[Mock Data] seedMockQuestions: Adding 2 questions
[90mstdout[2m | src/components/ChatSidebar/BlockInsertPreview.stories.jsx[2m > [22m[2mCustom Answer Block
[22m[39mCustomAnswerComponent.questionID q-1
[90mstdout[2m | src/components/ChatSidebar/BlockInsertPreview.stories.jsx[2m > [22m[2mCustom Answer Block
[22m[39mCustomAnswerComponent.questionBank []
[90mstdout[2m | src/components/ChatSidebar/BlockInsertPreview.stories.jsx[2m > [22m[2mCustom Answer Block
[22m[39mCustomAnswerComponent.question {}
[90mstdout[2m | src/components/ChatSidebar/BlockInsertPreview.stories.jsx[2m > [22m[2mCustom Answer Block
[22m[39mCustomAnswerComponent.question {}
[90mstdout[2m | src/components/ChatSidebar/BlockInsertPreview.stories.jsx[2m > [22m[2mCustom Answer Block
[22m[39mCustomAnswerComponent.prompt undefined
[90mstdout[2m | src/components/ChatSidebar/BlockInsertPreview.stories.jsx[2m > [22m[2mCustom Answer Block
[22m[39mCustomAnswerComponent.feedback[questionID] undefined
[90mstdout[2m | src/components/ChatSidebar/BlockInsertPreview.stories.jsx[2m > [22m[2mCustom Answer Block
[22m[39mCustomAnswerComponent.isCompleted undefined
[90mstdout[2m | src/components/ChatSidebar/BlockInsertPreview.stories.jsx[2m > [22m[2mCustom Answer Block
[22m[39mCustomAnswerComponent.currentPromptMethod text
[90mstdout[2m | src/components/ChatSidebar/BlockInsertPreview.stories.jsx[2m > [22m[2mCustom Answer Block
[22m[39mCustomAnswerComponent.displayPrompt undefined
[90mstdout[2m | src/components/ChatSidebar/BlockInsertPreview.stories.jsx[2m > [22m[2mCustom Answer Block
[22m[39mCustomAnswerComponent.questionID q-2
[90mstdout[2m | src/components/ChatSidebar/BlockInsertPreview.stories.jsx[2m > [22m[2mCustom Answer Block
[22m[39mCustomAnswerComponent.questionBank []
[90mstdout[2m | src/components/ChatSidebar/BlockInsertPreview.stories.jsx[2m > [22m[2mCustom Answer Block
[22m[39mCustomAnswerComponent.question {}
[90mstdout[2m | src/components/ChatSidebar/BlockInsertPreview.stories.jsx[2m > [22m[2mCustom Answer Block
[22m[39mCustomAnswerComponent.question {}
[90mstdout[2m | src/components/ChatSidebar/BlockInsertPreview.stories.jsx[2m > [22m[2mCustom Answer Block
[22m[39mCustomAnswerComponent.prompt undefined
[90mstdout[2m | src/components/ChatSidebar/BlockInsertPreview.stories.jsx[2m > [22m[2mCustom Answer Block
[22m[39mCustomAnswerComponent.feedback[questionID] undefined
[90mstdout[2m | src/components/ChatSidebar/BlockInsertPreview.stories.jsx[2m > [22m[2mCustom Answer Block
[22m[39mCustomAnswerComponent.isCompleted undefined
[90mstdout[2m | src/components/ChatSidebar/BlockInsertPreview.stories.jsx[2m > [22m[2mCustom Answer Block
[22m[39mCustomAnswerComponent.currentPromptMethod text
[90mstdout[2m | src/components/ChatSidebar/BlockInsertPreview.stories.jsx[2m > [22m[2mCustom Answer Block
[22m[39mCustomAnswerComponent.displayPrompt undefined
[90mstdout[2m | src/components/ChatSidebar/BlockInsertPreview.stories.jsx[2m > [22m[2mCustom Answer Block
[22m[39mallowedInput [
  "text",
]
[90mstdout[2m | src/components/ChatSidebar/BlockInsertPreview.stories.jsx[2m > [22m[2mCustom Answer Block
[22m[39mpromptMethod [
  "text",
]
[90mstdout[2m | src/components/ChatSidebar/BlockInsertPreview.stories.jsx[2m > [22m[2mCustom Answer Block
[22m[39mAnswerComponent.currentPromptMethod text
[90mstdout[2m | src/components/ChatSidebar/BlockInsertPreview.stories.jsx[2m > [22m[2mCustom Answer Block
[22m[39mAnswerComponent.promptMethod [
  "text",
]
[90mstdout[2m | src/components/ChatSidebar/BlockInsertPreview.stories.jsx[2m > [22m[2mCustom Answer Block
[22m[39mallowedInput [
  "text",
]
[90mstdout[2m | src/components/ChatSidebar/BlockInsertPreview.stories.jsx[2m > [22m[2mCustom Answer Block
[22m[39mpromptMethod [
  "text",
]
[90mstdout[2m | src/components/ChatSidebar/BlockInsertPreview.stories.jsx[2m > [22m[2mCustom Answer Block
[22m[39mAnswerComponent.currentPromptMethod text
[90mstdout[2m | src/components/ChatSidebar/BlockInsertPreview.stories.jsx[2m > [22m[2mCustom Answer Block
[22m[39m[TranslationModeController] Setting mode to: off
[90mstdout[2m | src/components/ChatSidebar/BlockInsertPreview.stories.jsx[2m > [22m[2mCustom Answer Block
[22m[39m[UnitContext] useEffect triggered {
  "authLoading": false,
  "hasUser": true,
  "id": "mock-unit-id",
  "userSub": "mock-user-sub",
}
[90mstdout[2m | src/components/ChatSidebar/BlockInsertPreview.stories.jsx[2m > [22m[2mCustom Answer Block
[22m[39m[UnitContext] Fetching unit data for id: mock-unit-id
[90mstdout[2m | src/components/ChatSidebar/BlockInsertPreview.stories.jsx[2m > [22m[2mCustom Answer Block
[22m[39m[FilesContext] Initializing vector store from IndexedDB
[90mstdout[2m | src/components/ChatSidebar/BlockInsertPreview.stories.jsx[2m > [22m[2mCustom Answer Block
[22m[39m[FilesContext] fetchFiles called
[90mstdout[2m | src/components/ChatSidebar/BlockInsertPreview.stories.jsx[2m > [22m[2mCustom Answer Block
[22m[39m[FilesContext] User authenticated: mock-user-sub
[90mstdout[2m | src/components/ChatSidebar/BlockInsertPreview.stories.jsx[2m > [22m[2mCustom Answer Block
[22m[39m[FilesContext] Identity ID: us-east-1:mock-identity-123
[90mstdout[2m | src/components/ChatSidebar/BlockInsertPreview.stories.jsx[2m > [22m[2mCustom Answer Block
[22m[39m[FilesContext] About to set up File observeQuery
[90mstdout[2m | src/components/ChatSidebar/BlockInsertPreview.stories.jsx[2m > [22m[2mCustom Answer Block
[22m[39m[ChatContext] Setting up AssistantChat observeQuery
[90mstdout[2m | src/components/ChatSidebar/BlockInsertPreview.stories.jsx[2m > [22m[2mCustom Answer Block
[22m[39m[ChatContext] Waiting for subscription to initialize
[90mstdout[2m | src/components/ChatSidebar/BlockInsertPreview.stories.jsx[2m > [22m[2mCustom Answer Block
[22m[39m[SettingsContext] Setting up Settings subscription for user: mock-user-sub
[90mstdout[2m | src/components/ChatSidebar/BlockInsertPreview.stories.jsx[2m > [22m[2mCustom Answer Block
[22m[39mCustomAnswerComponent.questionID q-1
[90mstdout[2m | src/components/ChatSidebar/BlockInsertPreview.stories.jsx[2m > [22m[2mCustom Answer Block
[22m[39mCustomAnswerComponent.questionBank []
[90mstdout[2m | src/components/ChatSidebar/BlockInsertPreview.stories.jsx[2m > [22m[2mCustom Answer Block
[22m[39mCustomAnswerComponent.question {}
[90mstdout[2m | src/components/ChatSidebar/BlockInsertPreview.stories.jsx[2m > [22m[2mCustom Answer Block
[22m[39mCustomAnswerComponent.question {}
[90mstdout[2m | src/components/ChatSidebar/BlockInsertPreview.stories.jsx[2m > [22m[2mCustom Answer Block
[22m[39mCustomAnswerComponent.prompt undefined
[90mstdout[2m | src/components/ChatSidebar/BlockInsertPreview.stories.jsx[2m > [22m[2mCustom Answer Block
[22m[39mCustomAnswerComponent.feedback[questionID] undefined
[90mstdout[2m | src/components/ChatSidebar/BlockInsertPreview.stories.jsx[2m > [22m[2mCustom Answer Block
[22m[39mCustomAnswerComponent.isCompleted undefined
[90mstdout[2m | src/components/ChatSidebar/BlockInsertPreview.stories.jsx[2m > [22m[2mCustom Answer Block
[22m[39mCustomAnswerComponent.currentPromptMethod text
[90mstdout[2m | src/components/ChatSidebar/BlockInsertPreview.stories.jsx[2m > [22m[2mCustom Answer Block
[22m[39mCustomAnswerComponent.displayPrompt undefined
[90mstdout[2m | src/components/ChatSidebar/BlockInsertPreview.stories.jsx[2m > [22m[2mCustom Answer Block
[22m[39mCustomAnswerComponent.questionID q-2
[90mstdout[2m | src/components/ChatSidebar/BlockInsertPreview.stories.jsx[2m > [22m[2mCustom Answer Block
[22m[39mCustomAnswerComponent.questionBank []
[90mstdout[2m | src/components/ChatSidebar/BlockInsertPreview.stories.jsx[2m > [22m[2mCustom Answer Block
[22m[39mCustomAnswerComponent.question {}
[90mstdout[2m | src/components/ChatSidebar/BlockInsertPreview.stories.jsx[2m > [22m[2mCustom Answer Block
[22m[39mCustomAnswerComponent.question {}
[90mstdout[2m | src/components/ChatSidebar/BlockInsertPreview.stories.jsx[2m > [22m[2mCustom Answer Block
[22m[39mCustomAnswerComponent.prompt undefined
[90mstdout[2m | src/components/ChatSidebar/BlockInsertPreview.stories.jsx[2m > [22m[2mCustom Answer Block
[22m[39mCustomAnswerComponent.feedback[questionID] undefined
[90mstdout[2m | src/components/ChatSidebar/BlockInsertPreview.stories.jsx[2m > [22m[2mCustom Answer Block
[22m[39mCustomAnswerComponent.isCompleted undefined
[90mstdout[2m | src/components/ChatSidebar/BlockInsertPreview.stories.jsx[2m > [22m[2mCustom Answer Block
[22m[39mCustomAnswerComponent.currentPromptMethod text
[90mstdout[2m | src/components/ChatSidebar/BlockInsertPreview.stories.jsx[2m > [22m[2mCustom Answer Block
[22m[39mCustomAnswerComponent.displayPrompt undefined
[90mstdout[2m | src/components/ChatSidebar/BlockInsertPreview.stories.jsx[2m > [22m[2mCustom Answer Block
[22m[39m[Mock Data] Settings created: mock-settings-1790417769705 - notified 0 subscribers
[90mstdout[2m | src/components/ChatSidebar/BlockInsertPreview.stories.jsx[2m > [22m[2mCustom Answer Block
[22m[39m[Mock Data] Unit.onUpdate() subscription added. Total: 1
[90mstdout[2m | src/components/ChatSidebar/BlockInsertPreview.stories.jsx[2m > [22m[2mCustom Answer Block
[22m[39mCustomAnswerComponent.questionID q-1
[90mstdout[2m | src/components/ChatSidebar/BlockInsertPreview.stories.jsx[2m > [22m[2mCustom Answer Block
[22m[39mCustomAnswerComponent.questionBank []
[90mstdout[2m | src/components/ChatSidebar/BlockInsertPreview.stories.jsx[2m > [22m[2mCustom Answer Block
[22m[39mCustomAnswerComponent.question {}
[90mstdout[2m | src/components/ChatSidebar/BlockInsertPreview.stories.jsx[2m > [22m[2mCustom Answer Block
[22m[39mCustomAnswerComponent.question {}
[90mstdout[2m | src/components/ChatSidebar/BlockInsertPreview.stories.jsx[2m > [22m[2mCustom Answer Block
[22m[39mCustomAnswerComponent.prompt undefined
[90mstdout[2m | src/components/ChatSidebar/BlockInsertPreview.stories.jsx[2m > [22m[2mCustom Answer Block
[22m[39mCustomAnswerComponent.feedback[questionID] undefined
[90mstdout[2m | src/components/ChatSidebar/BlockInsertPreview.stories.jsx[2m > [22m[2mCustom Answer Block
[22m[39mCustomAnswerComponent.isCompleted undefined
[90mstdout[2m | src/components/ChatSidebar/BlockInsertPreview.stories.jsx[2m > [22m[2mCustom Answer Block
[22m[39mCustomAnswerComponent.currentPromptMethod text
[90mstdout[2m | src/components/ChatSidebar/BlockInsertPreview.stories.jsx[2m > [22m[2mCustom Answer Block
[22m[39mCustomAnswerComponent.displayPrompt undefined
[90mstdout[2m | src/components/ChatSidebar/BlockInsertPreview.stories.jsx[2m > [22m[2mCustom Answer Block
[22m[39mCustomAnswerComponent.questionID q-2
[90mstdout[2m | src/components/ChatSidebar/BlockInsertPreview.stories.jsx[2m > [22m[2mCustom Answer Block
[22m[39mCustomAnswerComponent.questionBank []
[90mstdout[2m | src/components/ChatSidebar/BlockInsertPreview.stories.jsx[2m > [22m[2mCustom Answer Block
[22m[39mCustomAnswerComponent.question {}
[90mstdout[2m | src/components/ChatSidebar/BlockInsertPreview.stories.jsx[2m > [22m[2mCustom Answer Block
[22m[39mCustomAnswerComponent.question {}
[90mstdout[2m | src/components/ChatSidebar/BlockInsertPreview.stories.jsx[2m > [22m[2mCustom Answer Block
[22m[39mCustomAnswerComponent.prompt undefined
[90mstdout[2m | src/components/ChatSidebar/BlockInsertPreview.stories.jsx[2m > [22m[2mCustom Answer Block
[22m[39mCustomAnswerComponent.feedback[questionID] undefined
[90mstdout[2m | src/components/ChatSidebar/BlockInsertPreview.stories.jsx[2m > [22m[2mCustom Answer Block
[22m[39mCustomAnswerComponent.isCompleted undefined
[90mstdout[2m | src/components/ChatSidebar/BlockInsertPreview.stories.jsx[2m > [22m[2mCustom Answer Block
[22m[39mCustomAnswerComponent.currentPromptMethod text
[90mstdout[2m | src/components/ChatSidebar/BlockInsertPreview.stories.jsx[2m > [22m[2mCustom Answer Block
[22m[39mCustomAnswerComponent.displayPrompt undefined
[90mstdout[2m | src/components/ChatSidebar/BlockInsertPreview.stories.jsx[2m > [22m[2mCustom Answer Block
[22m[39m[SectionContext] Section observeQuery update: 0
[90mstdout[2m | src/components/ChatSidebar/BlockInsertPreview.stories.jsx[2m > [22m[2mCustom Answer Block
[22m[39m[FilesContext] File observeQuery update: 6 files
[90mstdout[2m | src/components/ChatSidebar/BlockInsertPreview.stories.jsx[2m > [22m[2mCustom Answer Block
[22m[39m[ChatContext] AssistantChat initialized with 1 chats
[90mstdout[2m | src/components/ChatSidebar/BlockInsertPreview.stories.jsx[2m > [22m[2mCustom Answer Block
[22m[39m[ChatContext] Setting initial chat: mock-assistant-chat-1
[90mstdout[2m | src/components/ChatSidebar/BlockInsertPreview.stories.jsx[2m > [22m[2mCustom Answer Block
[22m[39mfilterWords {
  "filter": "",
  "wordsCount": 0,
}
[90mstdout[2m | src/components/ChatSidebar/BlockInsertPreview.stories.jsx[2m > [22m[2mCustom Answer Block
[22m[39m[MOCK CourseVectorStore] Initialized with mock data
[90mstdout[2m | src/components/ChatSidebar/BlockInsertPreview.stories.jsx[2m > [22m[2mCustom Answer Block
[22m[39mCustomAnswerComponent.questionID q-1
[90mstdout[2m | src/components/ChatSidebar/BlockInsertPreview.stories.jsx[2m > [22m[2mCustom Answer Block
[22m[39mCustomAnswerComponent.questionBank {
  "q-1": {
    "answer": "おはよう",
    "id": "q-1",
    "owner": "mock-user",
    "phonetic": "ohayou",
    "prompt": "Listen and type what you hear",
  },
  "q-2": {
    "answer": "おやすみ",
    "id": "q-2",
    "owner": "mock-user",
    "phonetic": "oyasumi",
    "prompt": "Listen and type what you hear",
  },
}
[90mstdout[2m | src/components/ChatSidebar/BlockInsertPreview.stories.jsx[2m > [22m[2mCustom Answer Block
[22m[39mCustomAnswerComponent.question {
  "answer": "おはよう",
  "id": "q-1",
  "owner": "mock-user",
  "phonetic": "ohayou",
  "prompt": "Listen and type what you hear",
}
[90mstdout[2m | src/components/ChatSidebar/BlockInsertPreview.stories.jsx[2m > [22m[2mCustom Answer Block
[22m[39mCustomAnswerComponent.question {
  "answer": "おはよう",
  "id": "q-1",
  "owner": "mock-user",
  "phonetic": "ohayou",
  "prompt": "Listen and type what you hear",
}
[90mstdout[2m | src/components/ChatSidebar/BlockInsertPreview.stories.jsx[2m > [22m[2mCustom Answer Block
[22m[39mCustomAnswerComponent.prompt Listen and type what you hear
[90mstdout[2m | src/components/ChatSidebar/BlockInsertPreview.stories.jsx[2m > [22m[2mCustom Answer Block
[22m[39mCustomAnswerComponent.feedback[questionID] undefined
[90mstdout[2m | src/components/ChatSidebar/BlockInsertPreview.stories.jsx[2m > [22m[2mCustom Answer Block
[22m[39mCustomAnswerComponent.isCompleted undefined
[90mstdout[2m | src/components/ChatSidebar/BlockInsertPreview.stories.jsx[2m > [22m[2mCustom Answer Block
[22m[39mCustomAnswerComponent.currentPromptMethod text
[90mstdout[2m | src/components/ChatSidebar/BlockInsertPreview.stories.jsx[2m > [22m[2mCustom Answer Block
[22m[39mCustomAnswerComponent.displayPrompt Listen and type what you hear
[90mstdout[2m | src/components/ChatSidebar/BlockInsertPreview.stories.jsx[2m > [22m[2mCustom Answer Block
[22m[39mCustomAnswerComponent.questionID q-2
[90mstdout[2m | src/components/ChatSidebar/BlockInsertPreview.stories.jsx[2m > [22m[2mCustom Answer Block
[22m[39mCustomAnswerComponent.questionBank {
  "q-1": {
    "answer": "おはよう",
    "id": "q-1",
    "owner": "mock-user",
    "phonetic": "ohayou",
    "prompt": "Listen and type what you hear",
  },
  "q-2": {
    "answer": "おやすみ",
    "id": "q-2",
    "owner": "mock-user",
    "phonetic": "oyasumi",
    "prompt": "Listen and type what you hear",
  },
}
[90mstdout[2m | src/components/ChatSidebar/BlockInsertPreview.stories.jsx[2m > [22m[2mCustom Answer Block
[22m[39mCustomAnswerComponent.question {
  "answer": "おやすみ",
  "id": "q-2",
  "owner": "mock-user",
  "phonetic": "oyasumi",
  "prompt": "Listen and type what you hear",
}
[90mstdout[2m | src/components/ChatSidebar/BlockInsertPreview.stories.jsx[2m > [22m[2mCustom Answer Block
[22m[39mCustomAnswerComponent.question {
  "answer": "おやすみ",
  "id": "q-2",
  "owner": "mock-user",
  "phonetic": "oyasumi",
  "prompt": "Listen and type what you hear",
}
[90mstdout[2m | src/components/ChatSidebar/BlockInsertPreview.stories.jsx[2m > [22m[2mCustom Answer Block
[22m[39mCustomAnswerComponent.prompt Listen and type what you hear
[90mstdout[2m | src/components/ChatSidebar/BlockInsertPreview.stories.jsx[2m > [22m[2mCustom Answer Block
[22m[39mCustomAnswerComponent.feedback[questionID] undefined
[90mstdout[2m | src/components/ChatSidebar/BlockInsertPreview.stories.jsx[2m > [22m[2mCustom Answer Block
[22m[39mCustomAnswerComponent.isCompleted undefined
[90mstdout[2m | src/components/ChatSidebar/BlockInsertPreview.stories.jsx[2m > [22m[2mCustom Answer Block
[22m[39mCustomAnswerComponent.currentPromptMethod text
[90mstdout[2m | src/components/ChatSidebar/BlockInsertPreview.stories.jsx[2m > [22m[2mCustom Answer Block
[22m[39mCustomAnswerComponent.displayPrompt Listen and type what you hear
[90mstdout[2m | src/components/ChatSidebar/BlockInsertPreview.stories.jsx[2m > [22m[2mCustom Answer Block
[22m[39m[FilesContext] Vector store population triggered {
  "currentVectorStoreSize": 3,
  "documentsCount": 0,
  "filesCount": 6,
  "isInitialLoad": true,
}
[90mstdout[2m | src/components/ChatSidebar/BlockInsertPreview.stories.jsx[2m > [22m[2mCustom Answer Block
[22m[39m[FilesContext] Vector store population complete - 3 total embeddings
[90mstdout[2m | src/components/ChatSidebar/BlockInsertPreview.stories.jsx[2m > [22m[2mCustom Answer Block
[22m[39m[ChatContext] Chat exists and not archived, skipping creation
[90mstdout[2m | src/components/ChatSidebar/BlockInsertPreview.stories.jsx[2m > [22m[2mCustom Answer Block
[22m[39m[Mock Storage] downloadData called with: undefined
[90mstdout[2m | src/components/ChatSidebar/BlockInsertPreview.stories.jsx[2m > [22m[2mContent Block
[22m[39mCustomAnswerComponent.questionID q-1
[90mstdout[2m | src/components/ChatSidebar/BlockInsertPreview.stories.jsx[2m > [22m[2mContent Block
[22m[39mCustomAnswerComponent.questionBank {
  "q-1": {
    "answer": "おはよう",
    "id": "q-1",
    "owner": "mock-user",
    "phonetic": "ohayou",
    "prompt": "Listen and type what you hear",
  },
  "q-2": {
    "answer": "おやすみ",
    "id": "q-2",
    "owner": "mock-user",
    "phonetic": "oyasumi",
    "prompt": "Listen and type what you hear",
  },
}
[90mstdout[2m | src/components/ChatSidebar/BlockInsertPreview.stories.jsx[2m > [22m[2mContent Block
[22m[39mCustomAnswerComponent.question {
  "answer": "おはよう",
  "id": "q-1",
  "owner": "mock-user",
  "phonetic": "ohayou",
  "prompt": "Listen and type what you hear",
}
[90mstdout[2m | src/components/ChatSidebar/BlockInsertPreview.stories.jsx[2m > [22m[2mContent Block
[22m[39mCustomAnswerComponent.question {
  "answer": "おはよう",
  "id": "q-1",
  "owner": "mock-user",
  "phonetic": "ohayou",
  "prompt": "Listen and type what you hear",
}
[90mstdout[2m | src/components/ChatSidebar/BlockInsertPreview.stories.jsx[2m > [22m[2mContent Block
[22m[39mCustomAnswerComponent.prompt Listen and type what you hear
[90mstdout[2m | src/components/ChatSidebar/BlockInsertPreview.stories.jsx[2m > [22m[2mContent Block
[22m[39mCustomAnswerComponent.feedback[questionID] undefined
[90mstdout[2m | src/components/ChatSidebar/BlockInsertPreview.stories.jsx[2m > [22m[2mContent Block
[22m[39mCustomAnswerComponent.isCompleted undefined
[90mstdout[2m | src/components/ChatSidebar/BlockInsertPreview.stories.jsx[2m > [22m[2mContent Block
[22m[39mCustomAnswerComponent.currentPromptMethod text
[90mstdout[2m | src/components/ChatSidebar/BlockInsertPreview.stories.jsx[2m > [22m[2mContent Block
[22m[39mCustomAnswerComponent.displayPrompt Listen and type what you hear
[90mstdout[2m | src/components/ChatSidebar/BlockInsertPreview.stories.jsx[2m > [22m[2mContent Block
[22m[39mCustomAnswerComponent.questionID q-2
[90mstdout[2m | src/components/ChatSidebar/BlockInsertPreview.stories.jsx[2m > [22m[2mContent Block
[22m[39mCustomAnswerComponent.questionBank {
  "q-1": {
    "answer": "おはよう",
    "id": "q-1",
    "owner": "mock-user",
    "phonetic": "ohayou",
    "prompt": "Listen and type what you hear",
  },
  "q-2": {
    "answer": "おやすみ",
    "id": "q-2",
    "owner": "mock-user",
    "phonetic": "oyasumi",
    "prompt": "Listen and type what you hear",
  },
}
[90mstdout[2m | src/components/ChatSidebar/BlockInsertPreview.stories.jsx[2m > [22m[2mContent Block
[22m[39mCustomAnswerComponent.question {
  "answer": "おやすみ",
  "id": "q-2",
  "owner": "mock-user",
  "phonetic": "oyasumi",
  "prompt": "Listen and type what you hear",
}
[90mstdout[2m | src/components/ChatSidebar/BlockInsertPreview.stories.jsx[2m > [22m[2mContent Block
[22m[39mCustomAnswerComponent.question {
  "answer": "おやすみ",
  "id": "q-2",
  "owner": "mock-user",
  "phonetic": "oyasumi",
  "prompt": "Listen and type what you hear",
}
[90mstdout[2m | src/components/ChatSidebar/BlockInsertPreview.stories.jsx[2m > [22m[2mContent Block
[22m[39mCustomAnswerComponent.prompt Listen and type what you hear
[90mstdout[2m | src/components/ChatSidebar/BlockInsertPreview.stories.jsx[2m > [22m[2mContent Block
[22m[39mCustomAnswerComponent.feedback[questionID] undefined
[90mstdout[2m | src/components/ChatSidebar/BlockInsertPreview.stories.jsx[2m > [22m[2mContent Block
[22m[39mCustomAnswerComponent.isCompleted undefined
[90mstdout[2m | src/components/ChatSidebar/BlockInsertPreview.stories.jsx[2m > [22m[2mContent Block
[22m[39mCustomAnswerComponent.currentPromptMethod text
[90mstdout[2m | src/components/ChatSidebar/BlockInsertPreview.stories.jsx[2m > [22m[2mContent Block
[22m[39mCustomAnswerComponent.displayPrompt Listen and type what you hear
[90mstdout[2m | src/components/ChatSidebar/BlockInsertPreview.stories.jsx[2m > [22m[2mContent Block
[22m[39m[ChatContext] Cleaning up subscriptions
[90mstdout[2m | src/components/ChatSidebar/BlockInsertPreview.stories.jsx[2m > [22m[2mContent Block
[22m[39m[Mock Data] Unit.onUpdate() subscription removed. Remaining: 0
[90mstdout[2m | src/components/ChatSidebar/BlockInsertPreview.stories.jsx[2m > [22m[2mContent Block
[22m[39m[MOCK CourseVectorStore] Initialized with mock data
[90mstdout[2m | src/components/ChatSidebar/BlockInsertPreview.stories.jsx[2m > [22m[2mContent Block
[22m[39m[TranslationModeController] Setting mode to: off
[90mstdout[2m | src/components/ChatSidebar/BlockInsertPreview.stories.jsx[2m > [22m[2mContent Block
[22m[39m[UnitContext] useEffect triggered {
  "authLoading": false,
  "hasUser": true,
  "id": "mock-unit-id",
  "userSub": "mock-user-sub",
}
[90mstdout[2m | src/components/ChatSidebar/BlockInsertPreview.stories.jsx[2m > [22m[2mContent Block
[22m[39m[UnitContext] Fetching unit data for id: mock-unit-id
[90mstdout[2m | src/components/ChatSidebar/BlockInsertPreview.stories.jsx[2m > [22m[2mContent Block
[22m[39m[FilesContext] Initializing vector store from IndexedDB
[90mstdout[2m | src/components/ChatSidebar/BlockInsertPreview.stories.jsx[2m > [22m[2mContent Block
[22m[39m[FilesContext] fetchFiles called
[90mstdout[2m | src/components/ChatSidebar/BlockInsertPreview.stories.jsx[2m > [22m[2mContent Block
[22m[39m[FilesContext] User authenticated: mock-user-sub
[90mstdout[2m | src/components/ChatSidebar/BlockInsertPreview.stories.jsx[2m > [22m[2mContent Block
[22m[39m[FilesContext] Identity ID: us-east-1:mock-identity-123
[90mstdout[2m | src/components/ChatSidebar/BlockInsertPreview.stories.jsx[2m > [22m[2mContent Block
[22m[39m[FilesContext] About to set up File observeQuery
[90mstdout[2m | src/components/ChatSidebar/BlockInsertPreview.stories.jsx[2m > [22m[2mContent Block
[22m[39m[ChatContext] Setting up AssistantChat observeQuery
[90mstdout[2m | src/components/ChatSidebar/BlockInsertPreview.stories.jsx[2m > [22m[2mContent Block
[22m[39m[ChatContext] Waiting for subscription to initialize
[90mstdout[2m | src/components/ChatSidebar/BlockInsertPreview.stories.jsx[2m > [22m[2mContent Block
[22m[39m[SettingsContext] Setting up Settings subscription for user: mock-user-sub
[90mstdout[2m | src/components/ChatSidebar/BlockInsertPreview.stories.jsx[2m > [22m[2mContent Block
[22m[39m[Mock Data] Settings created: mock-settings-1790417772957 - notified 0 subscribers
[90mstdout[2m | src/components/ChatSidebar/BlockInsertPreview.stories.jsx[2m > [22m[2mContent Block
[22m[39m[Mock Data] Unit.onUpdate() subscription added. Total: 1
[90mstdout[2m | src/components/ChatSidebar/BlockInsertPreview.stories.jsx[2m > [22m[2mContent Block
[22m[39m[SectionContext] Section observeQuery update: 0
[90mstdout[2m | src/components/ChatSidebar/BlockInsertPreview.stories.jsx[2m > [22m[2mContent Block
[22m[39m[FilesContext] File observeQuery update: 6 files
[90mstdout[2m | src/components/ChatSidebar/BlockInsertPreview.stories.jsx[2m > [22m[2mContent Block
[22m[39m[ChatContext] AssistantChat initialized with 1 chats
[90mstdout[2m | src/components/ChatSidebar/BlockInsertPreview.stories.jsx[2m > [22m[2mContent Block
[22m[39m[ChatContext] Setting initial chat: mock-assistant-chat-1
[90mstdout[2m | src/components/ChatSidebar/BlockInsertPreview.stories.jsx[2m > [22m[2mContent Block
[22m[39m[MOCK CourseVectorStore] Initialized with mock data
[90mstdout[2m | src/components/ChatSidebar/BlockInsertPreview.stories.jsx[2m > [22m[2mContent Block
[22m[39m[FilesContext] Vector store population triggered {
  "currentVectorStoreSize": 3,
  "documentsCount": 0,
  "filesCount": 6,
  "isInitialLoad": true,
}
[90mstdout[2m | src/components/ChatSidebar/BlockInsertPreview.stories.jsx[2m > [22m[2mContent Block
[22m[39m[FilesContext] Vector store population complete - 3 total embeddings
[90mstdout[2m | src/components/ChatSidebar/BlockInsertPreview.stories.jsx[2m > [22m[2mContent Block
[22m[39m[ChatContext] Chat exists and not archived, skipping creation
[90mstdout[2m | src/components/ChatSidebar/BlockInsertPreview.stories.jsx[2m > [22m[2mContent Block
[22m[39m[Mock Storage] downloadData called with: undefined
[90mstdout[2m | src/components/ChatSidebar/BlockInsertPreview.stories.jsx[2m > [22m[2mAll Block Types
[22m[39m[ChatContext] Cleaning up subscriptions
[90mstdout[2m | src/components/ChatSidebar/BlockInsertPreview.stories.jsx[2m > [22m[2mAll Block Types
[22m[39m[Mock Data] Unit.onUpdate() subscription removed. Remaining: 0
[90mstdout[2m | src/components/ChatSidebar/BlockInsertPreview.stories.jsx[2m > [22m[2mAll Block Types
[22m[39m[MOCK CourseVectorStore] Initialized with mock data
[90mstdout[2m | src/components/ChatSidebar/BlockInsertPreview.stories.jsx[2m > [22m[2mAll Block Types
[22m[39m[Mock Data] seedMockWords: Adding 3 words
[90mstdout[2m | src/components/ChatSidebar/BlockInsertPreview.stories.jsx[2m > [22m[2mAll Block Types
[22m[39mQuestionBlockRo.grade {}
[90mstdout[2m | src/components/ChatSidebar/BlockInsertPreview.stories.jsx[2m > [22m[2mAll Block Types
[22m[39m......!q {
  "answer": "か (ka)",
  "correct": true,
  "id": "q1-a",
  "question": "Which character is "ka"?",
}
[90mstdout[2m | src/components/ChatSidebar/BlockInsertPreview.stories.jsx[2m > [22m[2mAll Block Types
[22m[39m......!q {
  "answer": "き (ki)",
  "correct": false,
  "id": "q1-b",
  "question": "Which character is "ka"?",
}
[90mstdout[2m | src/components/ChatSidebar/BlockInsertPreview.stories.jsx[2m > [22m[2mAll Block Types
[22m[39m......!q {
  "answer": "く (ku)",
  "correct": false,
  "id": "q1-c",
  "question": "Which character is "ka"?",
}
[90mstdout[2m | src/components/ChatSidebar/BlockInsertPreview.stories.jsx[2m > [22m[2mAll Block Types
[22m[39mQuestionBlock.nodeKey preview-quiz-0 type: string
[90mstdout[2m | src/components/ChatSidebar/BlockInsertPreview.stories.jsx[2m > [22m[2mAll Block Types
[22m[39mQuestionBlock.questionContent [
  {
    "answer": "か (ka)",
    "correct": true,
    "id": "q1-a",
    "question": "Which character is "ka"?",
  },
  {
    "answer": "き (ki)",
    "correct": false,
    "id": "q1-b",
    "question": "Which character is "ka"?",
  },
  {
    "answer": "く (ku)",
    "correct": false,
    "id": "q1-c",
    "question": "Which character is "ka"?",
  },
]
[90mstdout[2m | src/components/ChatSidebar/BlockInsertPreview.stories.jsx[2m > [22m[2mAll Block Types
[22m[39mQuestionBlock.grade.data keys: []
[90mstdout[2m | src/components/ChatSidebar/BlockInsertPreview.stories.jsx[2m > [22m[2mAll Block Types
[22m[39mQuestionBlock.grade.data[nodeKey]: undefined
[90mstdout[2m | src/components/ChatSidebar/BlockInsertPreview.stories.jsx[2m > [22m[2mAll Block Types
[22m[39mQuestionBlockRo.inProgress {}
[90mstdout[2m | src/components/ChatSidebar/BlockInsertPreview.stories.jsx[2m > [22m[2mAll Block Types
[22m[39mEasy.nodeKey preview-meaning-association type: string
[90mstdout[2m | src/components/ChatSidebar/BlockInsertPreview.stories.jsx[2m > [22m[2mAll Block Types
[22m[39mEasy.grade: {}
[90mstdout[2m | src/components/ChatSidebar/BlockInsertPreview.stories.jsx[2m > [22m[2mAll Block Types
[22m[39mEasy.grade.data: undefined
[90mstdout[2m | src/components/ChatSidebar/BlockInsertPreview.stories.jsx[2m > [22m[2mAll Block Types
[22m[39mEasy.grade.data === grade? false
[90mstdout[2m | src/components/ChatSidebar/BlockInsertPreview.stories.jsx[2m > [22m[2mAll Block Types
[22m[39mEasy.grade.data keys: no data
[90mstdout[2m | src/components/ChatSidebar/BlockInsertPreview.stories.jsx[2m > [22m[2mAll Block Types
[22m[39mEasy.grade.data[nodeKey]: undefined
[90mstdout[2m | src/components/ChatSidebar/BlockInsertPreview.stories.jsx[2m > [22m[2mAll Block Types
[22m[39mEasy.inProgress {}
[90mstdout[2m | src/components/ChatSidebar/BlockInsertPreview.stories.jsx[2m > [22m[2mAll Block Types
[22m[39mLearn._vocabulary []
[90mstdout[2m | src/components/ChatSidebar/BlockInsertPreview.stories.jsx[2m > [22m[2mAll Block Types
[22m[39mMeaningAssociationExercise._vocabulary []
[90mstdout[2m | src/components/ChatSidebar/BlockInsertPreview.stories.jsx[2m > [22m[2mAll Block Types
[22m[39m[TranslationModeController] Setting mode to: off
[90mstdout[2m | src/components/ChatSidebar/BlockInsertPreview.stories.jsx[2m > [22m[2mAll Block Types
[22m[39m[UnitContext] useEffect triggered {
  "authLoading": false,
  "hasUser": true,
  "id": "mock-unit-id",
  "userSub": "mock-user-sub",
}
[90mstdout[2m | src/components/ChatSidebar/BlockInsertPreview.stories.jsx[2m > [22m[2mAll Block Types
[22m[39m[UnitContext] Fetching unit data for id: mock-unit-id
[90mstdout[2m | src/components/ChatSidebar/BlockInsertPreview.stories.jsx[2m > [22m[2mAll Block Types
[22m[39m[FilesContext] Initializing vector store from IndexedDB
[90mstdout[2m | src/components/ChatSidebar/BlockInsertPreview.stories.jsx[2m > [22m[2mAll Block Types
[22m[39m[FilesContext] fetchFiles called
[90mstdout[2m | src/components/ChatSidebar/BlockInsertPreview.stories.jsx[2m > [22m[2mAll Block Types
[22m[39m[FilesContext] User authenticated: mock-user-sub
[90mstdout[2m | src/components/ChatSidebar/BlockInsertPreview.stories.jsx[2m > [22m[2mAll Block Types
[22m[39m[FilesContext] Identity ID: us-east-1:mock-identity-123
[90mstdout[2m | src/components/ChatSidebar/BlockInsertPreview.stories.jsx[2m > [22m[2mAll Block Types
[22m[39m[FilesContext] About to set up File observeQuery
[90mstdout[2m | src/components/ChatSidebar/BlockInsertPreview.stories.jsx[2m > [22m[2mAll Block Types
[22m[39m[ChatContext] Setting up AssistantChat observeQuery
[90mstdout[2m | src/components/ChatSidebar/BlockInsertPreview.stories.jsx[2m > [22m[2mAll Block Types
[22m[39m[ChatContext] Waiting for subscription to initialize
[90mstdout[2m | src/components/ChatSidebar/BlockInsertPreview.stories.jsx[2m > [22m[2mAll Block Types
[22m[39m[SettingsContext] Setting up Settings subscription for user: mock-user-sub
[90mstdout[2m | src/components/ChatSidebar/BlockInsertPreview.stories.jsx[2m > [22m[2mAll Block Types
[22m[39mQuestionBlockRo.grade {}
[90mstdout[2m | src/components/ChatSidebar/BlockInsertPreview.stories.jsx[2m > [22m[2mAll Block Types
[22m[39m......!q {
  "answer": "か (ka)",
  "correct": true,
  "id": "q1-a",
  "question": "Which character is "ka"?",
}
[90mstdout[2m | src/components/ChatSidebar/BlockInsertPreview.stories.jsx[2m > [22m[2mAll Block Types
[22m[39m......!q {
  "answer": "き (ki)",
  "correct": false,
  "id": "q1-b",
  "question": "Which character is "ka"?",
}
[90mstdout[2m | src/components/ChatSidebar/BlockInsertPreview.stories.jsx[2m > [22m[2mAll Block Types
[22m[39m......!q {
  "answer": "く (ku)",
  "correct": false,
  "id": "q1-c",
  "question": "Which character is "ka"?",
}
[90mstdout[2m | src/components/ChatSidebar/BlockInsertPreview.stories.jsx[2m > [22m[2mAll Block Types
[22m[39mQuestionBlock.nodeKey preview-quiz-0 type: string
[90mstdout[2m | src/components/ChatSidebar/BlockInsertPreview.stories.jsx[2m > [22m[2mAll Block Types
[22m[39mQuestionBlock.questionContent [
  {
    "answer": "か (ka)",
    "correct": true,
    "id": "q1-a",
    "question": "Which character is "ka"?",
  },
  {
    "answer": "き (ki)",
    "correct": false,
    "id": "q1-b",
    "question": "Which character is "ka"?",
  },
  {
    "answer": "く (ku)",
    "correct": false,
    "id": "q1-c",
    "question": "Which character is "ka"?",
  },
]
[90mstdout[2m | src/components/ChatSidebar/BlockInsertPreview.stories.jsx[2m > [22m[2mAll Block Types
[22m[39mQuestionBlock.grade.data keys: []
[90mstdout[2m | src/components/ChatSidebar/BlockInsertPreview.stories.jsx[2m > [22m[2mAll Block Types
[22m[39mQuestionBlock.grade.data[nodeKey]: undefined
[90mstdout[2m | src/components/ChatSidebar/BlockInsertPreview.stories.jsx[2m > [22m[2mAll Block Types
[22m[39mQuestionBlockRo.inProgress {}
[90mstdout[2m | src/components/ChatSidebar/BlockInsertPreview.stories.jsx[2m > [22m[2mAll Block Types
[22m[39mEasy.nodeKey preview-meaning-association type: string
[90mstdout[2m | src/components/ChatSidebar/BlockInsertPreview.stories.jsx[2m > [22m[2mAll Block Types
[22m[39mEasy.grade: {}
[90mstdout[2m | src/components/ChatSidebar/BlockInsertPreview.stories.jsx[2m > [22m[2mAll Block Types
[22m[39mEasy.grade.data: undefined
[90mstdout[2m | src/components/ChatSidebar/BlockInsertPreview.stories.jsx[2m > [22m[2mAll Block Types
[22m[39mEasy.grade.data === grade? false
[90mstdout[2m | src/components/ChatSidebar/BlockInsertPreview.stories.jsx[2m > [22m[2mAll Block Types
[22m[39mEasy.grade.data keys: no data
[90mstdout[2m | src/components/ChatSidebar/BlockInsertPreview.stories.jsx[2m > [22m[2mAll Block Types
[22m[39mEasy.grade.data[nodeKey]: undefined
[90mstdout[2m | src/components/ChatSidebar/BlockInsertPreview.stories.jsx[2m > [22m[2mAll Block Types
[22m[39mEasy.inProgress {}
[90mstdout[2m | src/components/ChatSidebar/BlockInsertPreview.stories.jsx[2m > [22m[2mAll Block Types
[22m[39m[Mock Data] Settings created: mock-settings-1790417774044 - notified 0 subscribers
[90mstdout[2m | src/components/ChatSidebar/BlockInsertPreview.stories.jsx[2m > [22m[2mAll Block Types
[22m[39m[Mock Data] Unit.onUpdate() subscription added. Total: 1
[90mstdout[2m | src/components/ChatSidebar/BlockInsertPreview.stories.jsx[2m > [22m[2mAll Block Types
[22m[39mQuestionBlockRo.grade {}
[90mstdout[2m | src/components/ChatSidebar/BlockInsertPreview.stories.jsx[2m > [22m[2mAll Block Types
[22m[39m......!q {
  "answer": "か (ka)",
  "correct": true,
  "id": "q1-a",
  "question": "Which character is "ka"?",
}
[90mstdout[2m | src/components/ChatSidebar/BlockInsertPreview.stories.jsx[2m > [22m[2mAll Block Types
[22m[39m......!q {
  "answer": "き (ki)",
  "correct": false,
  "id": "q1-b",
  "question": "Which character is "ka"?",
}
[90mstdout[2m | src/components/ChatSidebar/BlockInsertPreview.stories.jsx[2m > [22m[2mAll Block Types
[22m[39m......!q {
  "answer": "く (ku)",
  "correct": false,
  "id": "q1-c",
  "question": "Which character is "ka"?",
}
[90mstdout[2m | src/components/ChatSidebar/BlockInsertPreview.stories.jsx[2m > [22m[2mAll Block Types
[22m[39mQuestionBlock.nodeKey preview-quiz-0 type: string
[90mstdout[2m | src/components/ChatSidebar/BlockInsertPreview.stories.jsx[2m > [22m[2mAll Block Types
[22m[39mQuestionBlock.questionContent [
  {
    "answer": "か (ka)",
    "correct": true,
    "id": "q1-a",
    "question": "Which character is "ka"?",
  },
  {
    "answer": "き (ki)",
    "correct": false,
    "id": "q1-b",
    "question": "Which character is "ka"?",
  },
  {
    "answer": "く (ku)",
    "correct": false,
    "id": "q1-c",
    "question": "Which character is "ka"?",
  },
]
[90mstdout[2m | src/components/ChatSidebar/BlockInsertPreview.stories.jsx[2m > [22m[2mAll Block Types
[22m[39mQuestionBlock.grade.data keys: []
[90mstdout[2m | src/components/ChatSidebar/BlockInsertPreview.stories.jsx[2m > [22m[2mAll Block Types
[22m[39mQuestionBlock.grade.data[nodeKey]: undefined
[90mstdout[2m | src/components/ChatSidebar/BlockInsertPreview.stories.jsx[2m > [22m[2mAll Block Types
[22m[39mQuestionBlockRo.inProgress {}
[90mstdout[2m | src/components/ChatSidebar/BlockInsertPreview.stories.jsx[2m > [22m[2mAll Block Types
[22m[39mEasy.nodeKey preview-meaning-association type: string
[90mstdout[2m | src/components/ChatSidebar/BlockInsertPreview.stories.jsx[2m > [22m[2mAll Block Types
[22m[39mEasy.grade: {}
[90mstdout[2m | src/components/ChatSidebar/BlockInsertPreview.stories.jsx[2m > [22m[2mAll Block Types
[22m[39mEasy.grade.data: undefined
[90mstdout[2m | src/components/ChatSidebar/BlockInsertPreview.stories.jsx[2m > [22m[2mAll Block Types
[22m[39mEasy.grade.data === grade? false
[90mstdout[2m | src/components/ChatSidebar/BlockInsertPreview.stories.jsx[2m > [22m[2mAll Block Types
[22m[39mEasy.grade.data keys: no data
[90mstdout[2m | src/components/ChatSidebar/BlockInsertPreview.stories.jsx[2m > [22m[2mAll Block Types
[22m[39mEasy.grade.data[nodeKey]: undefined
[90mstdout[2m | src/components/ChatSidebar/BlockInsertPreview.stories.jsx[2m > [22m[2mAll Block Types
[22m[39mEasy.inProgress {}
[90mstdout[2m | src/components/ChatSidebar/BlockInsertPreview.stories.jsx[2m > [22m[2mAll Block Types
[22m[39m[SectionContext] Section observeQuery update: 0
[90mstdout[2m | src/components/ChatSidebar/BlockInsertPreview.stories.jsx[2m > [22m[2mAll Block Types
[22m[39m[FilesContext] File observeQuery update: 6 files
[90mstdout[2m | src/components/ChatSidebar/BlockInsertPreview.stories.jsx[2m > [22m[2mAll Block Types
[22m[39m[ChatContext] AssistantChat initialized with 1 chats
[90mstdout[2m | src/components/ChatSidebar/BlockInsertPreview.stories.jsx[2m > [22m[2mAll Block Types
[22m[39m[ChatContext] Setting initial chat: mock-assistant-chat-1
[90mstdout[2m | src/components/ChatSidebar/BlockInsertPreview.stories.jsx[2m > [22m[2mAll Block Types
[22m[39m[MOCK CourseVectorStore] Initialized with mock data
[90mstdout[2m | src/components/ChatSidebar/BlockInsertPreview.stories.jsx[2m > [22m[2mAll Block Types
[22m[39mQuestionBlockRo.grade undefined
[90mstdout[2m | src/components/ChatSidebar/BlockInsertPreview.stories.jsx[2m > [22m[2mAll Block Types
[22m[39m......!q {
  "answer": "か (ka)",
  "correct": true,
  "id": "q1-a",
  "question": "Which character is "ka"?",
}
[90mstdout[2m | src/components/ChatSidebar/BlockInsertPreview.stories.jsx[2m > [22m[2mAll Block Types
[22m[39m......!q {
  "answer": "き (ki)",
  "correct": false,
  "id": "q1-b",
  "question": "Which character is "ka"?",
}
[90mstdout[2m | src/components/ChatSidebar/BlockInsertPreview.stories.jsx[2m > [22m[2mAll Block Types
[22m[39m......!q {
  "answer": "く (ku)",
  "correct": false,
  "id": "q1-c",
  "question": "Which character is "ka"?",
}
[90mstdout[2m | src/components/ChatSidebar/BlockInsertPreview.stories.jsx[2m > [22m[2mAll Block Types
[22m[39mQuestionBlock.nodeKey preview-quiz-0 type: string
[90mstdout[2m | src/components/ChatSidebar/BlockInsertPreview.stories.jsx[2m > [22m[2mAll Block Types
[22m[39mQuestionBlock.questionContent [
  {
    "answer": "か (ka)",
    "correct": true,
    "id": "q1-a",
    "question": "Which character is "ka"?",
  },
  {
    "answer": "き (ki)",
    "correct": false,
    "id": "q1-b",
    "question": "Which character is "ka"?",
  },
  {
    "answer": "く (ku)",
    "correct": false,
    "id": "q1-c",
    "question": "Which character is "ka"?",
  },
]
[90mstdout[2m | src/components/ChatSidebar/BlockInsertPreview.stories.jsx[2m > [22m[2mAll Block Types
[22m[39mQuestionBlock.grade.data keys: []
[90mstdout[2m | src/components/ChatSidebar/BlockInsertPreview.stories.jsx[2m > [22m[2mAll Block Types
[22m[39mQuestionBlock.grade.data[nodeKey]: undefined
[90mstdout[2m | src/components/ChatSidebar/BlockInsertPreview.stories.jsx[2m > [22m[2mAll Block Types
[22m[39mQuestionBlockRo.inProgress {}
[90mstdout[2m | src/components/ChatSidebar/BlockInsertPreview.stories.jsx[2m > [22m[2mAll Block Types
[22m[39mEasy.nodeKey preview-meaning-association type: string
[90mstdout[2m | src/components/ChatSidebar/BlockInsertPreview.stories.jsx[2m > [22m[2mAll Block Types
[22m[39mEasy.grade: undefined
[90mstdout[2m | src/components/ChatSidebar/BlockInsertPreview.stories.jsx[2m > [22m[2mAll Block Types
[22m[39mEasy.grade.data: undefined
[90mstdout[2m | src/components/ChatSidebar/BlockInsertPreview.stories.jsx[2m > [22m[2mAll Block Types
[22m[39mEasy.grade.data === grade? true
[90mstdout[2m | src/components/ChatSidebar/BlockInsertPreview.stories.jsx[2m > [22m[2mAll Block Types
[22m[39mEasy.grade.data keys: no data
[90mstdout[2m | src/components/ChatSidebar/BlockInsertPreview.stories.jsx[2m > [22m[2mAll Block Types
[22m[39mEasy.grade.data[nodeKey]: undefined
[90mstdout[2m | src/components/ChatSidebar/BlockInsertPreview.stories.jsx[2m > [22m[2mAll Block Types
[22m[39mEasy.inProgress {}
[90mstdout[2m | src/components/ChatSidebar/BlockInsertPreview.stories.jsx[2m > [22m[2mAll Block Types
[22m[39mLearn._vocabulary [
  {
    "definition": "red",
    "id": "word-aka",
    "owner": "mock-user",
    "phonetic": "aka",
    "phrase": "赤",
  },
  {
    "definition": "blue",
    "id": "word-ao",
    "owner": "mock-user",
    "phonetic": "ao",
    "phrase": "青",
  },
  {
    "definition": "green",
    "id": "word-midori",
    "owner": "mock-user",
    "phonetic": "midori",
    "phrase": "緑",
  },
]
[90mstdout[2m | src/components/ChatSidebar/BlockInsertPreview.stories.jsx[2m > [22m[2mAll Block Types
[22m[39mMeaningAssociationExercise._vocabulary [
  {
    "definition": "red",
    "id": "word-aka",
    "owner": "mock-user",
    "phonetic": "aka",
    "phrase": "赤",
  },
  {
    "definition": "blue",
    "id": "word-ao",
    "owner": "mock-user",
    "phonetic": "ao",
    "phrase": "青",
  },
  {
    "definition": "green",
    "id": "word-midori",
    "owner": "mock-user",
    "phonetic": "midori",
    "phrase": "緑",
  },
]
[90mstdout[2m | src/components/ChatSidebar/BlockInsertPreview.stories.jsx[2m > [22m[2mAll Block Types
[22m[39m[FilesContext] Vector store population triggered {
  "currentVectorStoreSize": 3,
  "documentsCount": 0,
  "filesCount": 6,
  "isInitialLoad": true,
}
[90mstdout[2m | src/components/ChatSidebar/BlockInsertPreview.stories.jsx[2m > [22m[2mAll Block Types
[22m[39m[FilesContext] Vector store population complete - 3 total embeddings
[90mstdout[2m | src/components/ChatSidebar/BlockInsertPreview.stories.jsx[2m > [22m[2mAll Block Types
[22m[39m[ChatContext] Chat exists and not archived, skipping creation
[90mstdout[2m | src/components/ChatSidebar/BlockInsertPreview.stories.jsx[2m > [22m[2mAll Block Types
[22m[39mEasy.nodeKey preview-meaning-association type: string
[90mstdout[2m | src/components/ChatSidebar/BlockInsertPreview.stories.jsx[2m > [22m[2mAll Block Types
[22m[39mEasy.grade: undefined
[90mstdout[2m | src/components/ChatSidebar/BlockInsertPreview.stories.jsx[2m > [22m[2mAll Block Types
[22m[39mEasy.grade.data: undefined
[90mstdout[2m | src/components/ChatSidebar/BlockInsertPreview.stories.jsx[2m > [22m[2mAll Block Types
[22m[39mEasy.grade.data === grade? true
[90mstdout[2m | src/components/ChatSidebar/BlockInsertPreview.stories.jsx[2m > [22m[2mAll Block Types
[22m[39mEasy.grade.data keys: no data
[90mstdout[2m | src/components/ChatSidebar/BlockInsertPreview.stories.jsx[2m > [22m[2mAll Block Types
[22m[39mEasy.grade.data[nodeKey]: undefined
[90mstdout[2m | src/components/ChatSidebar/BlockInsertPreview.stories.jsx[2m > [22m[2mAll Block Types
[22m[39mEasy.inProgress {}
[90mstdout[2m | src/components/ChatSidebar/BlockInsertPreview.stories.jsx[2m > [22m[2mAll Block Types
[22m[39m[Mock Storage] downloadData called with: undefined
[90mstdout[2m | src/components/ChatSidebar/BlockInsertPreview.stories.jsx[2m > [22m[2mAll Block Types
[22m[39mEasy.nodeKey preview-meaning-association type: string
[90mstdout[2m | src/components/ChatSidebar/BlockInsertPreview.stories.jsx[2m > [22m[2mAll Block Types
[22m[39mEasy.grade: undefined
[90mstdout[2m | src/components/ChatSidebar/BlockInsertPreview.stories.jsx[2m > [22m[2mAll Block Types
[22m[39mEasy.grade.data: undefined
[90mstdout[2m | src/components/ChatSidebar/BlockInsertPreview.stories.jsx[2m > [22m[2mAll Block Types
[22m[39mEasy.grade.data === grade? true
[90mstdout[2m | src/components/ChatSidebar/BlockInsertPreview.stories.jsx[2m > [22m[2mAll Block Types
[22m[39mEasy.grade.data keys: no data
[90mstdout[2m | src/components/ChatSidebar/BlockInsertPreview.stories.jsx[2m > [22m[2mAll Block Types
[22m[39mEasy.grade.data[nodeKey]: undefined
[90mstdout[2m | src/components/ChatSidebar/BlockInsertPreview.stories.jsx[2m > [22m[2mAll Block Types
[22m[39mEasy.inProgress {}
 [32m✓[39m [30m[45m storybook (chromium) [49m[39m src/components/ChatSidebar/BlockInsertPreview.stories.jsx [2m([22m[2m6 tests[22m[2m)[22m[33m 13313[2mms[22m[39m
   [33m[2m✓[22m[39m Quiz Block [33m 3310[2mms[22m[39m
   [33m[2m✓[22m[39m Answer Block [33m 830[2mms[22m[39m
   [33m[2m✓[22m[39m Meaning Association Block [33m 3148[2mms[22m[39m
   [33m[2m✓[22m[39m Custom Answer Block [33m 1384[2mms[22m[39m
   [33m[2m✓[22m[39m Content Block [33m 2740[2mms[22m[39m
   [33m[2m✓[22m[39m All Block Types [33m 1889[2mms[22m[39m
[90mstdout[2m | unknown test
[22m[39m[MOCK vectorStoreDB.js] Module loaded - mock IndexedDB operations
[90mstdout[2m | unknown test
[22m[39m[Task Completion] DOM action listeners initialized
[90mstdout[2m | unknown test
[22m[39m[Task Completion] Auto-completion detector initialized
[90mstdout[2m | unknown test
[22m[39m[Preview] Task completion detector initialized
[90mstdout[2m | src/components/PracticeDrill/PracticeDrillDialog.stories.tsx[2m > [22m[2mDefault
[22m[39m[Preview] Skipped initializing default mock data (initializeMockData=false)
[90mstdout[2m | src/components/PracticeDrill/PracticeDrillDialog.stories.tsx[2m > [22m[2mDefault
[22m[39m[Mock Data] seedMockWords: Adding 1 words
[90mstdout[2m | src/components/PracticeDrill/PracticeDrillDialog.stories.tsx[2m > [22m[2mDefault
[22m[39m[Mock Data] seedMockUnit: Adding unit unit-abc-123
[90mstdout[2m | src/components/PracticeDrill/PracticeDrillDialog.stories.tsx[2m > [22m[2mDefault
[22m[39m[MOCK CourseVectorStore] Initialized with mock data
[90mstdout[2m | src/components/PracticeDrill/PracticeDrillDialog.stories.tsx[2m > [22m[2mDefault
[22m[39m[TranslationModeController] Setting mode to: off
[90mstdout[2m | src/components/PracticeDrill/PracticeDrillDialog.stories.tsx[2m > [22m[2mDefault
[22m[39m[UnitContext] useEffect triggered {
  "authLoading": false,
  "hasUser": true,
  "id": "unit-abc-123",
  "userSub": "mock-user-sub",
}
[90mstdout[2m | src/components/PracticeDrill/PracticeDrillDialog.stories.tsx[2m > [22m[2mDefault
[22m[39m[UnitContext] Fetching unit data for id: unit-abc-123
[90mstdout[2m | src/components/PracticeDrill/PracticeDrillDialog.stories.tsx[2m > [22m[2mDefault
[22m[39m[FilesContext] Initializing vector store from IndexedDB
[90mstdout[2m | src/components/PracticeDrill/PracticeDrillDialog.stories.tsx[2m > [22m[2mDefault
[22m[39m[FilesContext] fetchFiles called
[90mstdout[2m | src/components/PracticeDrill/PracticeDrillDialog.stories.tsx[2m > [22m[2mDefault
[22m[39m[FilesContext] User authenticated: mock-user-sub
[90mstdout[2m | src/components/PracticeDrill/PracticeDrillDialog.stories.tsx[2m > [22m[2mDefault
[22m[39m[FilesContext] Identity ID: us-east-1:mock-identity-123
[90mstdout[2m | src/components/PracticeDrill/PracticeDrillDialog.stories.tsx[2m > [22m[2mDefault
[22m[39m[FilesContext] About to set up File observeQuery
[90mstdout[2m | src/components/PracticeDrill/PracticeDrillDialog.stories.tsx[2m > [22m[2mDefault
[22m[39m[ChatContext] Setting up AssistantChat observeQuery
[90mstdout[2m | src/components/PracticeDrill/PracticeDrillDialog.stories.tsx[2m > [22m[2mDefault
[22m[39m[ChatContext] Waiting for subscription to initialize
[90mstdout[2m | src/components/PracticeDrill/PracticeDrillDialog.stories.tsx[2m > [22m[2mDefault
[22m[39m[SettingsContext] Setting up Settings subscription for user: mock-user-sub
[90mstdout[2m | src/components/PracticeDrill/PracticeDrillDialog.stories.tsx[2m > [22m[2mDefault
[22m[39m[Mock Data] PracticeSession created: mock-practicesession-1790417806791 - notified 1 subscribers
[90mstdout[2m | src/components/PracticeDrill/PracticeDrillDialog.stories.tsx[2m > [22m[2mDefault
[22m[39m[Mock Data] Settings created: mock-settings-1790417806794 - notified 0 subscribers
[90mstdout[2m | src/components/PracticeDrill/PracticeDrillDialog.stories.tsx[2m > [22m[2mDefault
[22m[39m[Mock Data] Unit.onUpdate() subscription added. Total: 1
[90mstdout[2m | src/components/PracticeDrill/PracticeDrillDialog.stories.tsx[2m > [22m[2mDefault
[22m[39m[MOCK CourseVectorStore] Initialized with mock data
[90mstdout[2m | src/components/PracticeDrill/PracticeDrillDialog.stories.tsx[2m > [22m[2mDefault
[22m[39m[WorkbookStatePlugin] Loading unit content into read-only workbook: drill-mock-practicesession-1790417806791
[90mstdout[2m | src/components/PracticeDrill/PracticeDrillDialog.stories.tsx[2m > [22m[2mDefault
[22m[39m[FilesContext] Initializing vector store from IndexedDB
[90mstdout[2m | src/components/PracticeDrill/PracticeDrillDialog.stories.tsx[2m > [22m[2mDefault
[22m[39m[FilesContext] fetchFiles called
[90mstdout[2m | src/components/PracticeDrill/PracticeDrillDialog.stories.tsx[2m > [22m[2mDefault
[22m[39m[FilesContext] User authenticated: mock-user-sub
[90mstdout[2m | src/components/PracticeDrill/PracticeDrillDialog.stories.tsx[2m > [22m[2mDefault
[22m[39m[FilesContext] Identity ID: us-east-1:mock-identity-123
[90mstdout[2m | src/components/PracticeDrill/PracticeDrillDialog.stories.tsx[2m > [22m[2mDefault
[22m[39m[FilesContext] About to set up File observeQuery
[90mstdout[2m | src/components/PracticeDrill/PracticeDrillDialog.stories.tsx[2m > [22m[2mDefault
[22m[39mQuestionBlockRo.grade {
  "_version": 1,
  "accuracy": null,
  "complete": false,
  "data": {},
  "id": "drill-grade-mock-practicesession-1790417806791",
}
[90mstdout[2m | src/components/PracticeDrill/PracticeDrillDialog.stories.tsx[2m > [22m[2mDefault
[22m[39m......!q {
  "answer": "Mitochondria",
  "correct": true,
}
[90mstdout[2m | src/components/PracticeDrill/PracticeDrillDialog.stories.tsx[2m > [22m[2mDefault
[22m[39m......!q {
  "answer": "Nucleus",
  "correct": false,
}
[90mstdout[2m | src/components/PracticeDrill/PracticeDrillDialog.stories.tsx[2m > [22m[2mDefault
[22m[39m......!q {
  "answer": "Ribosome",
  "correct": false,
}
[90mstdout[2m | src/components/PracticeDrill/PracticeDrillDialog.stories.tsx[2m > [22m[2mDefault
[22m[39mQuestionBlock.nodeKey 3 type: string
[90mstdout[2m | src/components/PracticeDrill/PracticeDrillDialog.stories.tsx[2m > [22m[2mDefault
[22m[39mQuestionBlock.questionContent [
  {
    "answer": "Mitochondria",
    "correct": true,
  },
  {
    "answer": "Nucleus",
    "correct": false,
  },
  {
    "answer": "Ribosome",
    "correct": false,
  },
]
[90mstdout[2m | src/components/PracticeDrill/PracticeDrillDialog.stories.tsx[2m > [22m[2mDefault
[22m[39mQuestionBlock.grade.data keys: []
[90mstdout[2m | src/components/PracticeDrill/PracticeDrillDialog.stories.tsx[2m > [22m[2mDefault
[22m[39mQuestionBlock.grade.data[nodeKey]: undefined
[90mstdout[2m | src/components/PracticeDrill/PracticeDrillDialog.stories.tsx[2m > [22m[2mDefault
[22m[39mQuestionBlockRo.inProgress {}
[90mstdout[2m | src/components/PracticeDrill/PracticeDrillDialog.stories.tsx[2m > [22m[2mDefault
[22m[39m[SectionContext] Section observeQuery update: 0
[90mstdout[2m | src/components/PracticeDrill/PracticeDrillDialog.stories.tsx[2m > [22m[2mDefault
[22m[39m[FilesContext] File observeQuery update: 0 files
[90mstdout[2m | src/components/PracticeDrill/PracticeDrillDialog.stories.tsx[2m > [22m[2mDefault
[22m[39m[ChatContext] AssistantChat initialized with 0 chats
[90mstdout[2m | src/components/PracticeDrill/PracticeDrillDialog.stories.tsx[2m > [22m[2mDefault
[22m[39m[MOCK CourseVectorStore] Initialized with mock data
[90mstdout[2m | src/components/PracticeDrill/PracticeDrillDialog.stories.tsx[2m > [22m[2mDefault
[22m[39mQuestionBlockRo.grade {
  "_version": 1,
  "accuracy": null,
  "complete": false,
  "data": {},
  "id": "drill-grade-mock-practicesession-1790417806791",
}
[90mstdout[2m | src/components/PracticeDrill/PracticeDrillDialog.stories.tsx[2m > [22m[2mDefault
[22m[39m......!q {
  "answer": "Mitochondria",
  "correct": true,
}
[90mstdout[2m | src/components/PracticeDrill/PracticeDrillDialog.stories.tsx[2m > [22m[2mDefault
[22m[39m......!q {
  "answer": "Nucleus",
  "correct": false,
}
[90mstdout[2m | src/components/PracticeDrill/PracticeDrillDialog.stories.tsx[2m > [22m[2mDefault
[22m[39m......!q {
  "answer": "Ribosome",
  "correct": false,
}
[90mstdout[2m | src/components/PracticeDrill/PracticeDrillDialog.stories.tsx[2m > [22m[2mDefault
[22m[39mQuestionBlock.nodeKey 3 type: string
[90mstdout[2m | src/components/PracticeDrill/PracticeDrillDialog.stories.tsx[2m > [22m[2mDefault
[22m[39mQuestionBlock.questionContent [
  {
    "answer": "Mitochondria",
    "correct": true,
  },
  {
    "answer": "Nucleus",
    "correct": false,
  },
  {
    "answer": "Ribosome",
    "correct": false,
  },
]
[90mstdout[2m | src/components/PracticeDrill/PracticeDrillDialog.stories.tsx[2m > [22m[2mDefault
[22m[39mQuestionBlock.grade.data keys: []
[90mstdout[2m | src/components/PracticeDrill/PracticeDrillDialog.stories.tsx[2m > [22m[2mDefault
[22m[39mQuestionBlock.grade.data[nodeKey]: undefined
[90mstdout[2m | src/components/PracticeDrill/PracticeDrillDialog.stories.tsx[2m > [22m[2mDefault
[22m[39mQuestionBlockRo.inProgress {}
[90mstdout[2m | src/components/PracticeDrill/PracticeDrillDialog.stories.tsx[2m > [22m[2mDefault
[22m[39m[ChatContext] No current chat available, will create one
[90mstdout[2m | src/components/PracticeDrill/PracticeDrillDialog.stories.tsx[2m > [22m[2mDefault
[22m[39m[ChatContext] Creating AssistantChat with user: undefined
[90mstdout[2m | src/components/PracticeDrill/PracticeDrillDialog.stories.tsx[2m > [22m[2mDefault
[22m[39m[Mock Data] AssistantChat created: mock-assistantchat-1790417807629 - notified 1 subscribers
[90mstdout[2m | src/components/PracticeDrill/PracticeDrillDialog.stories.tsx[2m > [22m[2mDefault
[22m[39m[ChatContext] Create result: {
  "data": {
    "_version": 1,
    "archived": false,
    "chatFiles": [Function anonymous],
    "createdAt": "2026-09-26T10:16:47.629Z",
    "id": "mock-assistantchat-1790417807629",
    "model": "gpt-4",
    "updatedAt": "2026-09-26T10:16:47.629Z",
  },
  "errors": [],
  "hasData": true,
  "hasErrors": true,
}
[90mstdout[2m | src/components/PracticeDrill/PracticeDrillDialog.stories.tsx[2m > [22m[2mDefault
[22m[39m[ChatContext] Created AssistantChat: mock-assistantchat-1790417807629 at: 2026-09-26T10:16:47.629Z
[90mstdout[2m | src/components/PracticeDrill/PracticeDrillDialog.stories.tsx[2m > [22m[2mDefault
[22m[39m[FilesContext] File observeQuery update: 0 files
[90mstdout[2m | src/components/PracticeDrill/PracticeDrillDialog.stories.tsx[2m > [22m[2mDefault
[22m[39m[Mock Storage] downloadData called with: undefined
[90mstdout[2m | src/components/PracticeDrill/PracticeDrillDialog.stories.tsx[2m > [22m[2mDefault
[22m[39m[ChatContext] Setting initial chat: mock-assistantchat-1790417807629
[90mstdout[2m | src/components/PracticeDrill/PracticeDrillDialog.stories.tsx[2m > [22m[2mDefault
[22m[39m[MOCK CourseVectorStore] Initialized with mock data
[90mstdout[2m | src/components/PracticeDrill/PracticeDrillDialog.stories.tsx[2m > [22m[2mDefault
[22m[39m[ChatContext] Chat exists and not archived, skipping creation
[90mstdout[2m | src/components/PracticeDrill/PracticeDrillDialog.stories.tsx[2m > [22m[2mDefault
[22m[39m[Mock Storage] downloadData called with: undefined
[90mstdout[2m | src/components/PracticeDrill/PracticeDrillDialog.stories.tsx[2m > [22m[2mVocabulary Only
[22m[39m[ChatContext] Cleaning up subscriptions
[90mstdout[2m | src/components/PracticeDrill/PracticeDrillDialog.stories.tsx[2m > [22m[2mVocabulary Only
[22m[39m[Mock Data] Unit.onUpdate() subscription removed. Remaining: 0
[90mstdout[2m | src/components/PracticeDrill/PracticeDrillDialog.stories.tsx[2m > [22m[2mVocabulary Only
[22m[39m[Preview] Skipped initializing default mock data (initializeMockData=false)
[90mstdout[2m | src/components/PracticeDrill/PracticeDrillDialog.stories.tsx[2m > [22m[2mVocabulary Only
[22m[39m[Mock Data] seedMockWords: Adding 1 words
[90mstdout[2m | src/components/PracticeDrill/PracticeDrillDialog.stories.tsx[2m > [22m[2mVocabulary Only
[22m[39m[Mock Data] seedMockUnit: Adding unit unit-abc-123
[90mstdout[2m | src/components/PracticeDrill/PracticeDrillDialog.stories.tsx[2m > [22m[2mVocabulary Only
[22m[39m[MOCK CourseVectorStore] Initialized with mock data
[90mstdout[2m | src/components/PracticeDrill/PracticeDrillDialog.stories.tsx[2m > [22m[2mVocabulary Only
[22m[39m[TranslationModeController] Setting mode to: off
[90mstdout[2m | src/components/PracticeDrill/PracticeDrillDialog.stories.tsx[2m > [22m[2mVocabulary Only
[22m[39m[UnitContext] useEffect triggered {
  "authLoading": false,
  "hasUser": true,
  "id": "unit-abc-123",
  "userSub": "mock-user-sub",
}
[90mstdout[2m | src/components/PracticeDrill/PracticeDrillDialog.stories.tsx[2m > [22m[2mVocabulary Only
[22m[39m[UnitContext] Fetching unit data for id: unit-abc-123
[90mstdout[2m | src/components/PracticeDrill/PracticeDrillDialog.stories.tsx[2m > [22m[2mVocabulary Only
[22m[39m[FilesContext] Initializing vector store from IndexedDB
[90mstdout[2m | src/components/PracticeDrill/PracticeDrillDialog.stories.tsx[2m > [22m[2mVocabulary Only
[22m[39m[FilesContext] fetchFiles called
[90mstdout[2m | src/components/PracticeDrill/PracticeDrillDialog.stories.tsx[2m > [22m[2mVocabulary Only
[22m[39m[FilesContext] User authenticated: mock-user-sub
[90mstdout[2m | src/components/PracticeDrill/PracticeDrillDialog.stories.tsx[2m > [22m[2mVocabulary Only
[22m[39m[FilesContext] Identity ID: us-east-1:mock-identity-123
[90mstdout[2m | src/components/PracticeDrill/PracticeDrillDialog.stories.tsx[2m > [22m[2mVocabulary Only
[22m[39m[FilesContext] About to set up File observeQuery
[90mstdout[2m | src/components/PracticeDrill/PracticeDrillDialog.stories.tsx[2m > [22m[2mVocabulary Only
[22m[39m[ChatContext] Setting up AssistantChat observeQuery
[90mstdout[2m | src/components/PracticeDrill/PracticeDrillDialog.stories.tsx[2m > [22m[2mVocabulary Only
[22m[39m[ChatContext] Waiting for subscription to initialize
[90mstdout[2m | src/components/PracticeDrill/PracticeDrillDialog.stories.tsx[2m > [22m[2mVocabulary Only
[22m[39m[SettingsContext] Setting up Settings subscription for user: mock-user-sub
[90mstdout[2m | src/components/PracticeDrill/PracticeDrillDialog.stories.tsx[2m > [22m[2mVocabulary Only
[22m[39m[Mock Data] PracticeSession created: mock-practicesession-1790417808605 - notified 1 subscribers
[90mstdout[2m | src/components/PracticeDrill/PracticeDrillDialog.stories.tsx[2m > [22m[2mVocabulary Only
[22m[39m[Mock Data] Settings created: mock-settings-1790417808609 - notified 0 subscribers
[90mstdout[2m | src/components/PracticeDrill/PracticeDrillDialog.stories.tsx[2m > [22m[2mVocabulary Only
[22m[39m[Mock Data] Unit.onUpdate() subscription added. Total: 1
[90mstdout[2m | src/components/PracticeDrill/PracticeDrillDialog.stories.tsx[2m > [22m[2mVocabulary Only
[22m[39m[MOCK CourseVectorStore] Initialized with mock data
[90mstdout[2m | src/components/PracticeDrill/PracticeDrillDialog.stories.tsx[2m > [22m[2mVocabulary Only
[22m[39m[WorkbookStatePlugin] Loading unit content into read-only workbook: drill-mock-practicesession-1790417808605
[90mstdout[2m | src/components/PracticeDrill/PracticeDrillDialog.stories.tsx[2m > [22m[2mVocabulary Only
[22m[39m[FilesContext] Initializing vector store from IndexedDB
[90mstdout[2m | src/components/PracticeDrill/PracticeDrillDialog.stories.tsx[2m > [22m[2mVocabulary Only
[22m[39m[FilesContext] fetchFiles called
[90mstdout[2m | src/components/PracticeDrill/PracticeDrillDialog.stories.tsx[2m > [22m[2mVocabulary Only
[22m[39m[FilesContext] User authenticated: mock-user-sub
[90mstdout[2m | src/components/PracticeDrill/PracticeDrillDialog.stories.tsx[2m > [22m[2mVocabulary Only
[22m[39m[FilesContext] Identity ID: us-east-1:mock-identity-123
[90mstdout[2m | src/components/PracticeDrill/PracticeDrillDialog.stories.tsx[2m > [22m[2mVocabulary Only
[22m[39m[FilesContext] About to set up File observeQuery
[90mstdout[2m | src/components/PracticeDrill/PracticeDrillDialog.stories.tsx[2m > [22m[2mVocabulary Only
[22m[39mQuestionBlockRo.grade {
  "_version": 1,
  "accuracy": null,
  "complete": false,
  "data": {},
  "id": "drill-grade-mock-practicesession-1790417808605",
}
[90mstdout[2m | src/components/PracticeDrill/PracticeDrillDialog.stories.tsx[2m > [22m[2mVocabulary Only
[22m[39m......!q {
  "answer": "Mitochondria",
  "correct": true,
}
[90mstdout[2m | src/components/PracticeDrill/PracticeDrillDialog.stories.tsx[2m > [22m[2mVocabulary Only
[22m[39m......!q {
  "answer": "Nucleus",
  "correct": false,
}
[90mstdout[2m | src/components/PracticeDrill/PracticeDrillDialog.stories.tsx[2m > [22m[2mVocabulary Only
[22m[39m......!q {
  "answer": "Ribosome",
  "correct": false,
}
[90mstdout[2m | src/components/PracticeDrill/PracticeDrillDialog.stories.tsx[2m > [22m[2mVocabulary Only
[22m[39mQuestionBlock.nodeKey 10 type: string
[90mstdout[2m | src/components/PracticeDrill/PracticeDrillDialog.stories.tsx[2m > [22m[2mVocabulary Only
[22m[39mQuestionBlock.questionContent [
  {
    "answer": "Mitochondria",
    "correct": true,
  },
  {
    "answer": "Nucleus",
    "correct": false,
  },
  {
    "answer": "Ribosome",
    "correct": false,
  },
]
[90mstdout[2m | src/components/PracticeDrill/PracticeDrillDialog.stories.tsx[2m > [22m[2mVocabulary Only
[22m[39mQuestionBlock.grade.data keys: []
[90mstdout[2m | src/components/PracticeDrill/PracticeDrillDialog.stories.tsx[2m > [22m[2mVocabulary Only
[22m[39mQuestionBlock.grade.data[nodeKey]: undefined
[90mstdout[2m | src/components/PracticeDrill/PracticeDrillDialog.stories.tsx[2m > [22m[2mVocabulary Only
[22m[39mQuestionBlockRo.inProgress {}
[90mstdout[2m | src/components/PracticeDrill/PracticeDrillDialog.stories.tsx[2m > [22m[2mVocabulary Only
[22m[39m[SectionContext] Section observeQuery update: 0
[90mstdout[2m | src/components/PracticeDrill/PracticeDrillDialog.stories.tsx[2m > [22m[2mVocabulary Only
[22m[39m[FilesContext] File observeQuery update: 0 files
[90mstdout[2m | src/components/PracticeDrill/PracticeDrillDialog.stories.tsx[2m > [22m[2mVocabulary Only
[22m[39m[ChatContext] AssistantChat initialized with 0 chats
[90mstdout[2m | src/components/PracticeDrill/PracticeDrillDialog.stories.tsx[2m > [22m[2mVocabulary Only
[22m[39m[MOCK CourseVectorStore] Initialized with mock data
[90mstdout[2m | src/components/PracticeDrill/PracticeDrillDialog.stories.tsx[2m > [22m[2mVocabulary Only
[22m[39mQuestionBlockRo.grade {
  "_version": 1,
  "accuracy": null,
  "complete": false,
  "data": {},
  "id": "drill-grade-mock-practicesession-1790417808605",
}
[90mstdout[2m | src/components/PracticeDrill/PracticeDrillDialog.stories.tsx[2m > [22m[2mVocabulary Only
[22m[39m......!q {
  "answer": "Mitochondria",
  "correct": true,
}
[90mstdout[2m | src/components/PracticeDrill/PracticeDrillDialog.stories.tsx[2m > [22m[2mVocabulary Only
[22m[39m......!q {
  "answer": "Nucleus",
  "correct": false,
}
[90mstdout[2m | src/components/PracticeDrill/PracticeDrillDialog.stories.tsx[2m > [22m[2mVocabulary Only
[22m[39m......!q {
  "answer": "Ribosome",
  "correct": false,
}
[90mstdout[2m | src/components/PracticeDrill/PracticeDrillDialog.stories.tsx[2m > [22m[2mVocabulary Only
[22m[39mQuestionBlock.nodeKey 10 type: string
[90mstdout[2m | src/components/PracticeDrill/PracticeDrillDialog.stories.tsx[2m > [22m[2mVocabulary Only
[22m[39mQuestionBlock.questionContent [
  {
    "answer": "Mitochondria",
    "correct": true,
  },
  {
    "answer": "Nucleus",
    "correct": false,
  },
  {
    "answer": "Ribosome",
    "correct": false,
  },
]
[90mstdout[2m | src/components/PracticeDrill/PracticeDrillDialog.stories.tsx[2m > [22m[2mVocabulary Only
[22m[39mQuestionBlock.grade.data keys: []
[90mstdout[2m | src/components/PracticeDrill/PracticeDrillDialog.stories.tsx[2m > [22m[2mVocabulary Only
[22m[39mQuestionBlock.grade.data[nodeKey]: undefined
[90mstdout[2m | src/components/PracticeDrill/PracticeDrillDialog.stories.tsx[2m > [22m[2mVocabulary Only
[22m[39mQuestionBlockRo.inProgress {}
[90mstdout[2m | src/components/PracticeDrill/PracticeDrillDialog.stories.tsx[2m > [22m[2mVocabulary Only
[22m[39m[ChatContext] No current chat available, will create one
[90mstdout[2m | src/components/PracticeDrill/PracticeDrillDialog.stories.tsx[2m > [22m[2mVocabulary Only
[22m[39m[ChatContext] Creating AssistantChat with user: undefined
[90mstdout[2m | src/components/PracticeDrill/PracticeDrillDialog.stories.tsx[2m > [22m[2mVocabulary Only
[22m[39m[Mock Data] AssistantChat created: mock-assistantchat-1790417809067 - notified 1 subscribers
[90mstdout[2m | src/components/PracticeDrill/PracticeDrillDialog.stories.tsx[2m > [22m[2mVocabulary Only
[22m[39m[ChatContext] Create result: {
  "data": {
    "_version": 1,
    "archived": false,
    "chatFiles": [Function anonymous],
    "createdAt": "2026-09-26T10:16:49.067Z",
    "id": "mock-assistantchat-1790417809067",
    "model": "gpt-4",
    "updatedAt": "2026-09-26T10:16:49.067Z",
  },
  "errors": [],
  "hasData": true,
  "hasErrors": true,
}
[90mstdout[2m | src/components/PracticeDrill/PracticeDrillDialog.stories.tsx[2m > [22m[2mVocabulary Only
[22m[39m[ChatContext] Created AssistantChat: mock-assistantchat-1790417809067 at: 2026-09-26T10:16:49.067Z
[90mstdout[2m | src/components/PracticeDrill/PracticeDrillDialog.stories.tsx[2m > [22m[2mVocabulary Only
[22m[39m[FilesContext] File observeQuery update: 0 files
[90mstdout[2m | src/components/PracticeDrill/PracticeDrillDialog.stories.tsx[2m > [22m[2mVocabulary Only
[22m[39m[Mock Storage] downloadData called with: undefined
[90mstdout[2m | src/components/PracticeDrill/PracticeDrillDialog.stories.tsx[2m > [22m[2mVocabulary Only
[22m[39m[ChatContext] Setting initial chat: mock-assistantchat-1790417809067
[90mstdout[2m | src/components/PracticeDrill/PracticeDrillDialog.stories.tsx[2m > [22m[2mVocabulary Only
[22m[39m[MOCK CourseVectorStore] Initialized with mock data
[90mstdout[2m | src/components/PracticeDrill/PracticeDrillDialog.stories.tsx[2m > [22m[2mVocabulary Only
[22m[39m[ChatContext] Chat exists and not archived, skipping creation
[90mstdout[2m | src/components/PracticeDrill/PracticeDrillDialog.stories.tsx[2m > [22m[2mVocabulary Only
[22m[39m[Mock Storage] downloadData called with: undefined
[90mstdout[2m | src/components/PracticeDrill/PracticeDrillDialog.stories.tsx[2m > [22m[2mDiminished XP
[22m[39m[ChatContext] Cleaning up subscriptions
[90mstdout[2m | src/components/PracticeDrill/PracticeDrillDialog.stories.tsx[2m > [22m[2mDiminished XP
[22m[39m[Mock Data] Unit.onUpdate() subscription removed. Remaining: 0
[90mstdout[2m | src/components/PracticeDrill/PracticeDrillDialog.stories.tsx[2m > [22m[2mDiminished XP
[22m[39m[Preview] Skipped initializing default mock data (initializeMockData=false)
[90mstdout[2m | src/components/PracticeDrill/PracticeDrillDialog.stories.tsx[2m > [22m[2mDiminished XP
[22m[39m[Mock Data] seedMockWords: Adding 1 words
[90mstdout[2m | src/components/PracticeDrill/PracticeDrillDialog.stories.tsx[2m > [22m[2mDiminished XP
[22m[39m[Mock Data] seedMockUnit: Adding unit unit-abc-123
[90mstdout[2m | src/components/PracticeDrill/PracticeDrillDialog.stories.tsx[2m > [22m[2mDiminished XP
[22m[39m[MOCK CourseVectorStore] Initialized with mock data
[90mstdout[2m | src/components/PracticeDrill/PracticeDrillDialog.stories.tsx[2m > [22m[2mDiminished XP
[22m[39m[TranslationModeController] Setting mode to: off
[90mstdout[2m | src/components/PracticeDrill/PracticeDrillDialog.stories.tsx[2m > [22m[2mDiminished XP
[22m[39m[UnitContext] useEffect triggered {
  "authLoading": false,
  "hasUser": true,
  "id": "unit-abc-123",
  "userSub": "mock-user-sub",
}
[90mstdout[2m | src/components/PracticeDrill/PracticeDrillDialog.stories.tsx[2m > [22m[2mDiminished XP
[22m[39m[UnitContext] Fetching unit data for id: unit-abc-123
[90mstdout[2m | src/components/PracticeDrill/PracticeDrillDialog.stories.tsx[2m > [22m[2mDiminished XP
[22m[39m[FilesContext] Initializing vector store from IndexedDB
[90mstdout[2m | src/components/PracticeDrill/PracticeDrillDialog.stories.tsx[2m > [22m[2mDiminished XP
[22m[39m[FilesContext] fetchFiles called
[90mstdout[2m | src/components/PracticeDrill/PracticeDrillDialog.stories.tsx[2m > [22m[2mDiminished XP
[22m[39m[FilesContext] User authenticated: mock-user-sub
[90mstdout[2m | src/components/PracticeDrill/PracticeDrillDialog.stories.tsx[2m > [22m[2mDiminished XP
[22m[39m[FilesContext] Identity ID: us-east-1:mock-identity-123
[90mstdout[2m | src/components/PracticeDrill/PracticeDrillDialog.stories.tsx[2m > [22m[2mDiminished XP
[22m[39m[FilesContext] About to set up File observeQuery
[90mstdout[2m | src/components/PracticeDrill/PracticeDrillDialog.stories.tsx[2m > [22m[2mDiminished XP
[22m[39m[ChatContext] Setting up AssistantChat observeQuery
[90mstdout[2m | src/components/PracticeDrill/PracticeDrillDialog.stories.tsx[2m > [22m[2mDiminished XP
[22m[39m[ChatContext] Waiting for subscription to initialize
[90mstdout[2m | src/components/PracticeDrill/PracticeDrillDialog.stories.tsx[2m > [22m[2mDiminished XP
[22m[39m[SettingsContext] Setting up Settings subscription for user: mock-user-sub
[90mstdout[2m | src/components/PracticeDrill/PracticeDrillDialog.stories.tsx[2m > [22m[2mDiminished XP
[22m[39m[Mock Data] PracticeSession created: mock-practicesession-1790417809728 - notified 1 subscribers
[90mstdout[2m | src/components/PracticeDrill/PracticeDrillDialog.stories.tsx[2m > [22m[2mDiminished XP
[22m[39m[Mock Data] Settings created: mock-settings-1790417809729 - notified 0 subscribers
[90mstdout[2m | src/components/PracticeDrill/PracticeDrillDialog.stories.tsx[2m > [22m[2mDiminished XP
[22m[39m[Mock Data] Unit.onUpdate() subscription added. Total: 1
[90mstdout[2m | src/components/PracticeDrill/PracticeDrillDialog.stories.tsx[2m > [22m[2mDiminished XP
[22m[39m[MOCK CourseVectorStore] Initialized with mock data
[90mstdout[2m | src/components/PracticeDrill/PracticeDrillDialog.stories.tsx[2m > [22m[2mDiminished XP
[22m[39m[WorkbookStatePlugin] Loading unit content into read-only workbook: drill-mock-practicesession-1790417809728
[90mstdout[2m | src/components/PracticeDrill/PracticeDrillDialog.stories.tsx[2m > [22m[2mDiminished XP
[22m[39m[FilesContext] Initializing vector store from IndexedDB
[90mstdout[2m | src/components/PracticeDrill/PracticeDrillDialog.stories.tsx[2m > [22m[2mDiminished XP
[22m[39m[FilesContext] fetchFiles called
[90mstdout[2m | src/components/PracticeDrill/PracticeDrillDialog.stories.tsx[2m > [22m[2mDiminished XP
[22m[39m[FilesContext] User authenticated: mock-user-sub
[90mstdout[2m | src/components/PracticeDrill/PracticeDrillDialog.stories.tsx[2m > [22m[2mDiminished XP
[22m[39m[FilesContext] Identity ID: us-east-1:mock-identity-123
[90mstdout[2m | src/components/PracticeDrill/PracticeDrillDialog.stories.tsx[2m > [22m[2mDiminished XP
[22m[39m[FilesContext] About to set up File observeQuery
[90mstdout[2m | src/components/PracticeDrill/PracticeDrillDialog.stories.tsx[2m > [22m[2mDiminished XP
[22m[39mQuestionBlockRo.grade {
  "_version": 1,
  "accuracy": null,
  "complete": false,
  "data": {},
  "id": "drill-grade-mock-practicesession-1790417809728",
}
[90mstdout[2m | src/components/PracticeDrill/PracticeDrillDialog.stories.tsx[2m > [22m[2mDiminished XP
[22m[39m......!q {
  "answer": "Mitochondria",
  "correct": true,
}
[90mstdout[2m | src/components/PracticeDrill/PracticeDrillDialog.stories.tsx[2m > [22m[2mDiminished XP
[22m[39m......!q {
  "answer": "Nucleus",
  "correct": false,
}
[90mstdout[2m | src/components/PracticeDrill/PracticeDrillDialog.stories.tsx[2m > [22m[2mDiminished XP
[22m[39m......!q {
  "answer": "Ribosome",
  "correct": false,
}
[90mstdout[2m | src/components/PracticeDrill/PracticeDrillDialog.stories.tsx[2m > [22m[2mDiminished XP
[22m[39mQuestionBlock.nodeKey 17 type: string
[90mstdout[2m | src/components/PracticeDrill/PracticeDrillDialog.stories.tsx[2m > [22m[2mDiminished XP
[22m[39mQuestionBlock.questionContent [
  {
    "answer": "Mitochondria",
    "correct": true,
  },
  {
    "answer": "Nucleus",
    "correct": false,
  },
  {
    "answer": "Ribosome",
    "correct": false,
  },
]
[90mstdout[2m | src/components/PracticeDrill/PracticeDrillDialog.stories.tsx[2m > [22m[2mDiminished XP
[22m[39mQuestionBlock.grade.data keys: []
[90mstdout[2m | src/components/PracticeDrill/PracticeDrillDialog.stories.tsx[2m > [22m[2mDiminished XP
[22m[39mQuestionBlock.grade.data[nodeKey]: undefined
[90mstdout[2m | src/components/PracticeDrill/PracticeDrillDialog.stories.tsx[2m > [22m[2mDiminished XP
[22m[39mQuestionBlockRo.inProgress {}
[90mstdout[2m | src/components/PracticeDrill/PracticeDrillDialog.stories.tsx[2m > [22m[2mDiminished XP
[22m[39m[SectionContext] Section observeQuery update: 0
[90mstdout[2m | src/components/PracticeDrill/PracticeDrillDialog.stories.tsx[2m > [22m[2mDiminished XP
[22m[39m[FilesContext] File observeQuery update: 0 files
[90mstdout[2m | src/components/PracticeDrill/PracticeDrillDialog.stories.tsx[2m > [22m[2mDiminished XP
[22m[39m[ChatContext] AssistantChat initialized with 0 chats
[90mstdout[2m | src/components/PracticeDrill/PracticeDrillDialog.stories.tsx[2m > [22m[2mDiminished XP
[22m[39m[MOCK CourseVectorStore] Initialized with mock data
[90mstdout[2m | src/components/PracticeDrill/PracticeDrillDialog.stories.tsx[2m > [22m[2mDiminished XP
[22m[39mQuestionBlockRo.grade {
  "_version": 1,
  "accuracy": null,
  "complete": false,
  "data": {},
  "id": "drill-grade-mock-practicesession-1790417809728",
}
[90mstdout[2m | src/components/PracticeDrill/PracticeDrillDialog.stories.tsx[2m > [22m[2mDiminished XP
[22m[39m......!q {
  "answer": "Mitochondria",
  "correct": true,
}
[90mstdout[2m | src/components/PracticeDrill/PracticeDrillDialog.stories.tsx[2m > [22m[2mDiminished XP
[22m[39m......!q {
  "answer": "Nucleus",
  "correct": false,
}
[90mstdout[2m | src/components/PracticeDrill/PracticeDrillDialog.stories.tsx[2m > [22m[2mDiminished XP
[22m[39m......!q {
  "answer": "Ribosome",
  "correct": false,
}
[90mstdout[2m | src/components/PracticeDrill/PracticeDrillDialog.stories.tsx[2m > [22m[2mDiminished XP
[22m[39mQuestionBlock.nodeKey 17 type: string
[90mstdout[2m | src/components/PracticeDrill/PracticeDrillDialog.stories.tsx[2m > [22m[2mDiminished XP
[22m[39mQuestionBlock.questionContent [
  {
    "answer": "Mitochondria",
    "correct": true,
  },
  {
    "answer": "Nucleus",
    "correct": false,
  },
  {
    "answer": "Ribosome",
    "correct": false,
  },
]
[90mstdout[2m | src/components/PracticeDrill/PracticeDrillDialog.stories.tsx[2m > [22m[2mDiminished XP
[22m[39mQuestionBlock.grade.data keys: []
[90mstdout[2m | src/components/PracticeDrill/PracticeDrillDialog.stories.tsx[2m > [22m[2mDiminished XP
[22m[39mQuestionBlock.grade.data[nodeKey]: undefined
[90mstdout[2m | src/components/PracticeDrill/PracticeDrillDialog.stories.tsx[2m > [22m[2mDiminished XP
[22m[39mQuestionBlockRo.inProgress {}
[90mstdout[2m | src/components/PracticeDrill/PracticeDrillDialog.stories.tsx[2m > [22m[2mDiminished XP
[22m[39m[ChatContext] No current chat available, will create one
[90mstdout[2m | src/components/PracticeDrill/PracticeDrillDialog.stories.tsx[2m > [22m[2mDiminished XP
[22m[39m[ChatContext] Creating AssistantChat with user: undefined
[90mstdout[2m | src/components/PracticeDrill/PracticeDrillDialog.stories.tsx[2m > [22m[2mDiminished XP
[22m[39m[Mock Data] AssistantChat created: mock-assistantchat-1790417810274 - notified 1 subscribers
[90mstdout[2m | src/components/PracticeDrill/PracticeDrillDialog.stories.tsx[2m > [22m[2mDiminished XP
[22m[39m[ChatContext] Create result: {
  "data": {
    "_version": 1,
    "archived": false,
    "chatFiles": [Function anonymous],
    "createdAt": "2026-09-26T10:16:50.274Z",
    "id": "mock-assistantchat-1790417810274",
    "model": "gpt-4",
    "updatedAt": "2026-09-26T10:16:50.274Z",
  },
  "errors": [],
  "hasData": true,
  "hasErrors": true,
}
[90mstdout[2m | src/components/PracticeDrill/PracticeDrillDialog.stories.tsx[2m > [22m[2mDiminished XP
[22m[39m[ChatContext] Created AssistantChat: mock-assistantchat-1790417810274 at: 2026-09-26T10:16:50.274Z
[90mstdout[2m | src/components/PracticeDrill/PracticeDrillDialog.stories.tsx[2m > [22m[2mDiminished XP
[22m[39m[FilesContext] File observeQuery update: 0 files
[90mstdout[2m | src/components/PracticeDrill/PracticeDrillDialog.stories.tsx[2m > [22m[2mDiminished XP
[22m[39m[Mock Storage] downloadData called with: undefined
[90mstdout[2m | src/components/PracticeDrill/PracticeDrillDialog.stories.tsx[2m > [22m[2mDiminished XP
[22m[39m[ChatContext] Setting initial chat: mock-assistantchat-1790417810274
[90mstdout[2m | src/components/PracticeDrill/PracticeDrillDialog.stories.tsx[2m > [22m[2mDiminished XP
[22m[39m[MOCK CourseVectorStore] Initialized with mock data
[90mstdout[2m | src/components/PracticeDrill/PracticeDrillDialog.stories.tsx[2m > [22m[2mDiminished XP
[22m[39m[ChatContext] Chat exists and not archived, skipping creation
[90mstdout[2m | src/components/PracticeDrill/PracticeDrillDialog.stories.tsx[2m > [22m[2mDiminished XP
[22m[39m[Mock Storage] downloadData called with: undefined
[90mstdout[2m | src/components/PracticeDrill/PracticeDrillDialog.stories.tsx[2m > [22m[2mReview Drill
[22m[39m[ChatContext] Cleaning up subscriptions
[90mstdout[2m | src/components/PracticeDrill/PracticeDrillDialog.stories.tsx[2m > [22m[2mReview Drill
[22m[39m[Mock Data] Unit.onUpdate() subscription removed. Remaining: 0
[90mstdout[2m | src/components/PracticeDrill/PracticeDrillDialog.stories.tsx[2m > [22m[2mReview Drill
[22m[39m[Preview] Skipped initializing default mock data (initializeMockData=false)
[90mstdout[2m | src/components/PracticeDrill/PracticeDrillDialog.stories.tsx[2m > [22m[2mReview Drill
[22m[39m[Mock Data] seedMockWords: Adding 1 words
[90mstdout[2m | src/components/PracticeDrill/PracticeDrillDialog.stories.tsx[2m > [22m[2mReview Drill
[22m[39m[Mock Data] seedMockUnit: Adding unit unit-abc-123
[90mstdout[2m | src/components/PracticeDrill/PracticeDrillDialog.stories.tsx[2m > [22m[2mReview Drill
[22m[39m[MOCK CourseVectorStore] Initialized with mock data
[90mstdout[2m | src/components/PracticeDrill/PracticeDrillDialog.stories.tsx[2m > [22m[2mReview Drill
[22m[39m[TranslationModeController] Setting mode to: off
[90mstdout[2m | src/components/PracticeDrill/PracticeDrillDialog.stories.tsx[2m > [22m[2mReview Drill
[22m[39m[UnitContext] useEffect triggered {
  "authLoading": false,
  "hasUser": true,
  "id": "unit-abc-123",
  "userSub": "mock-user-sub",
}
[90mstdout[2m | src/components/PracticeDrill/PracticeDrillDialog.stories.tsx[2m > [22m[2mReview Drill
[22m[39m[UnitContext] Fetching unit data for id: unit-abc-123
[90mstdout[2m | src/components/PracticeDrill/PracticeDrillDialog.stories.tsx[2m > [22m[2mReview Drill
[22m[39m[FilesContext] Initializing vector store from IndexedDB
[90mstdout[2m | src/components/PracticeDrill/PracticeDrillDialog.stories.tsx[2m > [22m[2mReview Drill
[22m[39m[FilesContext] fetchFiles called
[90mstdout[2m | src/components/PracticeDrill/PracticeDrillDialog.stories.tsx[2m > [22m[2mReview Drill
[22m[39m[FilesContext] User authenticated: mock-user-sub
[90mstdout[2m | src/components/PracticeDrill/PracticeDrillDialog.stories.tsx[2m > [22m[2mReview Drill
[22m[39m[FilesContext] Identity ID: us-east-1:mock-identity-123
[90mstdout[2m | src/components/PracticeDrill/PracticeDrillDialog.stories.tsx[2m > [22m[2mReview Drill
[22m[39m[FilesContext] About to set up File observeQuery
[90mstdout[2m | src/components/PracticeDrill/PracticeDrillDialog.stories.tsx[2m > [22m[2mReview Drill
[22m[39m[ChatContext] Setting up AssistantChat observeQuery
[90mstdout[2m | src/components/PracticeDrill/PracticeDrillDialog.stories.tsx[2m > [22m[2mReview Drill
[22m[39m[ChatContext] Waiting for subscription to initialize
[90mstdout[2m | src/components/PracticeDrill/PracticeDrillDialog.stories.tsx[2m > [22m[2mReview Drill
[22m[39m[SettingsContext] Setting up Settings subscription for user: mock-user-sub
[90mstdout[2m | src/components/PracticeDrill/PracticeDrillDialog.stories.tsx[2m > [22m[2mReview Drill
[22m[39m[Mock Data] PracticeSession created: mock-practicesession-1790417810837 - notified 1 subscribers
[90mstdout[2m | src/components/PracticeDrill/PracticeDrillDialog.stories.tsx[2m > [22m[2mReview Drill
[22m[39m[Mock Data] Settings created: mock-settings-1790417810838 - notified 0 subscribers
[90mstdout[2m | src/components/PracticeDrill/PracticeDrillDialog.stories.tsx[2m > [22m[2mReview Drill
[22m[39m[Mock Data] Unit.onUpdate() subscription added. Total: 1
[90mstdout[2m | src/components/PracticeDrill/PracticeDrillDialog.stories.tsx[2m > [22m[2mReview Drill
[22m[39m[MOCK CourseVectorStore] Initialized with mock data
[90mstdout[2m | src/components/PracticeDrill/PracticeDrillDialog.stories.tsx[2m > [22m[2mReview Drill
[22m[39m[WorkbookStatePlugin] Loading unit content into read-only workbook: drill-mock-practicesession-1790417810837
[90mstdout[2m | src/components/PracticeDrill/PracticeDrillDialog.stories.tsx[2m > [22m[2mReview Drill
[22m[39m[FilesContext] Initializing vector store from IndexedDB
[90mstdout[2m | src/components/PracticeDrill/PracticeDrillDialog.stories.tsx[2m > [22m[2mReview Drill
[22m[39m[FilesContext] fetchFiles called
[90mstdout[2m | src/components/PracticeDrill/PracticeDrillDialog.stories.tsx[2m > [22m[2mReview Drill
[22m[39m[FilesContext] User authenticated: mock-user-sub
[90mstdout[2m | src/components/PracticeDrill/PracticeDrillDialog.stories.tsx[2m > [22m[2mReview Drill
[22m[39m[FilesContext] Identity ID: us-east-1:mock-identity-123
[90mstdout[2m | src/components/PracticeDrill/PracticeDrillDialog.stories.tsx[2m > [22m[2mReview Drill
[22m[39m[FilesContext] About to set up File observeQuery
[90mstdout[2m | src/components/PracticeDrill/PracticeDrillDialog.stories.tsx[2m > [22m[2mReview Drill
[22m[39mQuestionBlockRo.grade {
  "_version": 1,
  "accuracy": null,
  "complete": false,
  "data": {},
  "id": "drill-grade-mock-practicesession-1790417810837",
}
[90mstdout[2m | src/components/PracticeDrill/PracticeDrillDialog.stories.tsx[2m > [22m[2mReview Drill
[22m[39m......!q {
  "answer": "Mitochondria",
  "correct": true,
}
[90mstdout[2m | src/components/PracticeDrill/PracticeDrillDialog.stories.tsx[2m > [22m[2mReview Drill
[22m[39m......!q {
  "answer": "Nucleus",
  "correct": false,
}
[90mstdout[2m | src/components/PracticeDrill/PracticeDrillDialog.stories.tsx[2m > [22m[2mReview Drill
[22m[39m......!q {
  "answer": "Ribosome",
  "correct": false,
}
[90mstdout[2m | src/components/PracticeDrill/PracticeDrillDialog.stories.tsx[2m > [22m[2mReview Drill
[22m[39mQuestionBlock.nodeKey 24 type: string
[90mstdout[2m | src/components/PracticeDrill/PracticeDrillDialog.stories.tsx[2m > [22m[2mReview Drill
[22m[39mQuestionBlock.questionContent [
  {
    "answer": "Mitochondria",
    "correct": true,
  },
  {
    "answer": "Nucleus",
    "correct": false,
  },
  {
    "answer": "Ribosome",
    "correct": false,
  },
]
[90mstdout[2m | src/components/PracticeDrill/PracticeDrillDialog.stories.tsx[2m > [22m[2mReview Drill
[22m[39mQuestionBlock.grade.data keys: []
[90mstdout[2m | src/components/PracticeDrill/PracticeDrillDialog.stories.tsx[2m > [22m[2mReview Drill
[22m[39mQuestionBlock.grade.data[nodeKey]: undefined
[90mstdout[2m | src/components/PracticeDrill/PracticeDrillDialog.stories.tsx[2m > [22m[2mReview Drill
[22m[39mQuestionBlockRo.inProgress {}
[90mstdout[2m | src/components/PracticeDrill/PracticeDrillDialog.stories.tsx[2m > [22m[2mReview Drill
[22m[39m[SectionContext] Section observeQuery update: 0
[90mstdout[2m | src/components/PracticeDrill/PracticeDrillDialog.stories.tsx[2m > [22m[2mReview Drill
[22m[39m[FilesContext] File observeQuery update: 0 files
[90mstdout[2m | src/components/PracticeDrill/PracticeDrillDialog.stories.tsx[2m > [22m[2mReview Drill
[22m[39m[ChatContext] AssistantChat initialized with 0 chats
[90mstdout[2m | src/components/PracticeDrill/PracticeDrillDialog.stories.tsx[2m > [22m[2mReview Drill
[22m[39m[MOCK CourseVectorStore] Initialized with mock data
[90mstdout[2m | src/components/PracticeDrill/PracticeDrillDialog.stories.tsx[2m > [22m[2mReview Drill
[22m[39mQuestionBlockRo.grade {
  "_version": 1,
  "accuracy": null,
  "complete": false,
  "data": {},
  "id": "drill-grade-mock-practicesession-1790417810837",
}
[90mstdout[2m | src/components/PracticeDrill/PracticeDrillDialog.stories.tsx[2m > [22m[2mReview Drill
[22m[39m......!q {
  "answer": "Mitochondria",
  "correct": true,
}
[90mstdout[2m | src/components/PracticeDrill/PracticeDrillDialog.stories.tsx[2m > [22m[2mReview Drill
[22m[39m......!q {
  "answer": "Nucleus",
  "correct": false,
}
[90mstdout[2m | src/components/PracticeDrill/PracticeDrillDialog.stories.tsx[2m > [22m[2mReview Drill
[22m[39m......!q {
  "answer": "Ribosome",
  "correct": false,
}
[90mstdout[2m | src/components/PracticeDrill/PracticeDrillDialog.stories.tsx[2m > [22m[2mReview Drill
[22m[39mQuestionBlock.nodeKey 24 type: string
[90mstdout[2m | src/components/PracticeDrill/PracticeDrillDialog.stories.tsx[2m > [22m[2mReview Drill
[22m[39mQuestionBlock.questionContent [
  {
    "answer": "Mitochondria",
    "correct": true,
  },
  {
    "answer": "Nucleus",
    "correct": false,
  },
  {
    "answer": "Ribosome",
    "correct": false,
  },
]
[90mstdout[2m | src/components/PracticeDrill/PracticeDrillDialog.stories.tsx[2m > [22m[2mReview Drill
[22m[39mQuestionBlock.grade.data keys: []
[90mstdout[2m | src/components/PracticeDrill/PracticeDrillDialog.stories.tsx[2m > [22m[2mReview Drill
[22m[39mQuestionBlock.grade.data[nodeKey]: undefined
[90mstdout[2m | src/components/PracticeDrill/PracticeDrillDialog.stories.tsx[2m > [22m[2mReview Drill
[22m[39mQuestionBlockRo.inProgress {}
[90mstdout[2m | src/components/PracticeDrill/PracticeDrillDialog.stories.tsx[2m > [22m[2mReview Drill
[22m[39m[ChatContext] No current chat available, will create one
[90mstdout[2m | src/components/PracticeDrill/PracticeDrillDialog.stories.tsx[2m > [22m[2mReview Drill
[22m[39m[ChatContext] Creating AssistantChat with user: undefined
[90mstdout[2m | src/components/PracticeDrill/PracticeDrillDialog.stories.tsx[2m > [22m[2mReview Drill
[22m[39m[Mock Data] AssistantChat created: mock-assistantchat-1790417811144 - notified 1 subscribers
[90mstdout[2m | src/components/PracticeDrill/PracticeDrillDialog.stories.tsx[2m > [22m[2mReview Drill
[22m[39m[ChatContext] Create result: {
  "data": {
    "_version": 1,
    "archived": false,
    "chatFiles": [Function anonymous],
    "createdAt": "2026-09-26T10:16:51.144Z",
    "id": "mock-assistantchat-1790417811144",
    "model": "gpt-4",
    "updatedAt": "2026-09-26T10:16:51.144Z",
  },
  "errors": [],
  "hasData": true,
  "hasErrors": true,
}
[90mstdout[2m | src/components/PracticeDrill/PracticeDrillDialog.stories.tsx[2m > [22m[2mReview Drill
[22m[39m[ChatContext] Created AssistantChat: mock-assistantchat-1790417811144 at: 2026-09-26T10:16:51.144Z
[90mstdout[2m | src/components/PracticeDrill/PracticeDrillDialog.stories.tsx[2m > [22m[2mReview Drill
[22m[39m[FilesContext] File observeQuery update: 0 files
[90mstdout[2m | src/components/PracticeDrill/PracticeDrillDialog.stories.tsx[2m > [22m[2mReview Drill
[22m[39m[Mock Storage] downloadData called with: undefined
[90mstdout[2m | src/components/PracticeDrill/PracticeDrillDialog.stories.tsx[2m > [22m[2mReview Drill
[22m[39m[ChatContext] Setting initial chat: mock-assistantchat-1790417811144
[90mstdout[2m | src/components/PracticeDrill/PracticeDrillDialog.stories.tsx[2m > [22m[2mReview Drill
[22m[39m[MOCK CourseVectorStore] Initialized with mock data
[90mstdout[2m | src/components/PracticeDrill/PracticeDrillDialog.stories.tsx[2m > [22m[2mReview Drill
[22m[39m[ChatContext] Chat exists and not archived, skipping creation
[90mstdout[2m | src/components/PracticeDrill/PracticeDrillDialog.stories.tsx[2m > [22m[2mReview Drill
[22m[39m[Mock Storage] downloadData called with: undefined
[90mstdout[2m | src/components/PracticeDrill/PracticeDrillDialog.stories.tsx[2m > [22m[2mClosed
[22m[39m[ChatContext] Cleaning up subscriptions
[90mstdout[2m | src/components/PracticeDrill/PracticeDrillDialog.stories.tsx[2m > [22m[2mClosed
[22m[39m[Mock Data] Unit.onUpdate() subscription removed. Remaining: 0
[90mstdout[2m | src/components/PracticeDrill/PracticeDrillDialog.stories.tsx[2m > [22m[2mClosed
[22m[39m[Preview] Skipped initializing default mock data (initializeMockData=false)
[90mstdout[2m | src/components/PracticeDrill/PracticeDrillDialog.stories.tsx[2m > [22m[2mClosed
[22m[39m[Mock Data] seedMockWords: Adding 1 words
[90mstdout[2m | src/components/PracticeDrill/PracticeDrillDialog.stories.tsx[2m > [22m[2mClosed
[22m[39m[Mock Data] seedMockUnit: Adding unit unit-abc-123
[90mstdout[2m | src/components/PracticeDrill/PracticeDrillDialog.stories.tsx[2m > [22m[2mClosed
[22m[39m[MOCK CourseVectorStore] Initialized with mock data
[90mstdout[2m | src/components/PracticeDrill/PracticeDrillDialog.stories.tsx[2m > [22m[2mClosed
[22m[39m[TranslationModeController] Setting mode to: off
[90mstdout[2m | src/components/PracticeDrill/PracticeDrillDialog.stories.tsx[2m > [22m[2mClosed
[22m[39m[UnitContext] useEffect triggered {
  "authLoading": false,
  "hasUser": true,
  "id": "unit-abc-123",
  "userSub": "mock-user-sub",
}
[90mstdout[2m | src/components/PracticeDrill/PracticeDrillDialog.stories.tsx[2m > [22m[2mClosed
[22m[39m[UnitContext] Fetching unit data for id: unit-abc-123
[90mstdout[2m | src/components/PracticeDrill/PracticeDrillDialog.stories.tsx[2m > [22m[2mClosed
[22m[39m[FilesContext] Initializing vector store from IndexedDB
[90mstdout[2m | src/components/PracticeDrill/PracticeDrillDialog.stories.tsx[2m > [22m[2mClosed
[22m[39m[FilesContext] fetchFiles called
[90mstdout[2m | src/components/PracticeDrill/PracticeDrillDialog.stories.tsx[2m > [22m[2mClosed
[22m[39m[FilesContext] User authenticated: mock-user-sub
[90mstdout[2m | src/components/PracticeDrill/PracticeDrillDialog.stories.tsx[2m > [22m[2mClosed
[22m[39m[FilesContext] Identity ID: us-east-1:mock-identity-123
[90mstdout[2m | src/components/PracticeDrill/PracticeDrillDialog.stories.tsx[2m > [22m[2mClosed
[22m[39m[FilesContext] About to set up File observeQuery
[90mstdout[2m | src/components/PracticeDrill/PracticeDrillDialog.stories.tsx[2m > [22m[2mClosed
[22m[39m[ChatContext] Setting up AssistantChat observeQuery
[90mstdout[2m | src/components/PracticeDrill/PracticeDrillDialog.stories.tsx[2m > [22m[2mClosed
[22m[39m[ChatContext] Waiting for subscription to initialize
[90mstdout[2m | src/components/PracticeDrill/PracticeDrillDialog.stories.tsx[2m > [22m[2mClosed
[22m[39m[SettingsContext] Setting up Settings subscription for user: mock-user-sub
[90mstdout[2m | src/components/PracticeDrill/PracticeDrillDialog.stories.tsx[2m > [22m[2mClosed
[22m[39m[Mock Data] Settings created: mock-settings-1790417811629 - notified 0 subscribers
[90mstdout[2m | src/components/PracticeDrill/PracticeDrillDialog.stories.tsx[2m > [22m[2mClosed
[22m[39m[Mock Data] Unit.onUpdate() subscription added. Total: 1
[90mstdout[2m | src/components/PracticeDrill/PracticeDrillDialog.stories.tsx[2m > [22m[2mClosed
[22m[39m[SectionContext] Section observeQuery update: 0
[90mstdout[2m | src/components/PracticeDrill/PracticeDrillDialog.stories.tsx[2m > [22m[2mClosed
[22m[39m[FilesContext] File observeQuery update: 0 files
[90mstdout[2m | src/components/PracticeDrill/PracticeDrillDialog.stories.tsx[2m > [22m[2mClosed
[22m[39m[ChatContext] AssistantChat initialized with 0 chats
[90mstdout[2m | src/components/PracticeDrill/PracticeDrillDialog.stories.tsx[2m > [22m[2mClosed
[22m[39m[MOCK CourseVectorStore] Initialized with mock data
[90mstdout[2m | src/components/PracticeDrill/PracticeDrillDialog.stories.tsx[2m > [22m[2mClosed
[22m[39m[ChatContext] No current chat available, will create one
[90mstdout[2m | src/components/PracticeDrill/PracticeDrillDialog.stories.tsx[2m > [22m[2mClosed
[22m[39m[ChatContext] Creating AssistantChat with user: undefined
[90mstdout[2m | src/components/PracticeDrill/PracticeDrillDialog.stories.tsx[2m > [22m[2mClosed
[22m[39m[Mock Data] AssistantChat created: mock-assistantchat-1790417811645 - notified 1 subscribers
[90mstdout[2m | src/components/PracticeDrill/PracticeDrillDialog.stories.tsx[2m > [22m[2mClosed
[22m[39m[ChatContext] Create result: {
  "data": {
    "_version": 1,
    "archived": false,
    "chatFiles": [Function anonymous],
    "createdAt": "2026-09-26T10:16:51.645Z",
    "id": "mock-assistantchat-1790417811645",
    "model": "gpt-4",
    "updatedAt": "2026-09-26T10:16:51.645Z",
  },
  "errors": [],
  "hasData": true,
  "hasErrors": true,
}
[90mstdout[2m | src/components/PracticeDrill/PracticeDrillDialog.stories.tsx[2m > [22m[2mClosed
[22m[39m[ChatContext] Created AssistantChat: mock-assistantchat-1790417811645 at: 2026-09-26T10:16:51.645Z
[90mstdout[2m | src/components/PracticeDrill/PracticeDrillDialog.stories.tsx[2m > [22m[2mClosed
[22m[39m[Mock Storage] downloadData called with: undefined
[90mstdout[2m | src/components/PracticeDrill/PracticeDrillDialog.stories.tsx[2m > [22m[2mClosed
[22m[39m[ChatContext] Setting initial chat: mock-assistantchat-1790417811645
[90mstdout[2m | src/components/PracticeDrill/PracticeDrillDialog.stories.tsx[2m > [22m[2mClosed
[22m[39m[ChatContext] Chat exists and not archived, skipping creation
[90mstdout[2m | src/components/PracticeDrill/PracticeDrillDialog.stories.tsx[2m > [22m[2mError State
[22m[39m[ChatContext] Cleaning up subscriptions
[90mstdout[2m | src/components/PracticeDrill/PracticeDrillDialog.stories.tsx[2m > [22m[2mError State
[22m[39m[Mock Data] Unit.onUpdate() subscription removed. Remaining: 0
[90mstdout[2m | src/components/PracticeDrill/PracticeDrillDialog.stories.tsx[2m > [22m[2mError State
[22m[39m[Preview] Skipped initializing default mock data (initializeMockData=false)
[90mstdout[2m | src/components/PracticeDrill/PracticeDrillDialog.stories.tsx[2m > [22m[2mError State
[22m[39m[Mock Data] seedMockWords: Adding 1 words
[90mstdout[2m | src/components/PracticeDrill/PracticeDrillDialog.stories.tsx[2m > [22m[2mError State
[22m[39m[Mock Data] seedMockUnit: Adding unit unit-abc-123
[90mstdout[2m | src/components/PracticeDrill/PracticeDrillDialog.stories.tsx[2m > [22m[2mError State
[22m[39m[MOCK CourseVectorStore] Initialized with mock data
[90mstdout[2m | src/components/PracticeDrill/PracticeDrillDialog.stories.tsx[2m > [22m[2mError State
[22m[39m[TranslationModeController] Setting mode to: off
[90mstdout[2m | src/components/PracticeDrill/PracticeDrillDialog.stories.tsx[2m > [22m[2mError State
[22m[39m[UnitContext] useEffect triggered {
  "authLoading": false,
  "hasUser": true,
  "id": "nonexistent-unit",
  "userSub": "mock-user-sub",
}
[90mstdout[2m | src/components/PracticeDrill/PracticeDrillDialog.stories.tsx[2m > [22m[2mError State
[22m[39m[UnitContext] Fetching unit data for id: nonexistent-unit
[90mstdout[2m | src/components/PracticeDrill/PracticeDrillDialog.stories.tsx[2m > [22m[2mError State
[22m[39m[FilesContext] Initializing vector store from IndexedDB
[90mstdout[2m | src/components/PracticeDrill/PracticeDrillDialog.stories.tsx[2m > [22m[2mError State
[22m[39m[FilesContext] fetchFiles called
[90mstdout[2m | src/components/PracticeDrill/PracticeDrillDialog.stories.tsx[2m > [22m[2mError State
[22m[39m[FilesContext] User authenticated: mock-user-sub
[90mstdout[2m | src/components/PracticeDrill/PracticeDrillDialog.stories.tsx[2m > [22m[2mError State
[22m[39m[FilesContext] Identity ID: us-east-1:mock-identity-123
[90mstdout[2m | src/components/PracticeDrill/PracticeDrillDialog.stories.tsx[2m > [22m[2mError State
[22m[39m[FilesContext] About to set up File observeQuery
[90mstdout[2m | src/components/PracticeDrill/PracticeDrillDialog.stories.tsx[2m > [22m[2mError State
[22m[39m[ChatContext] Setting up AssistantChat observeQuery
[90mstdout[2m | src/components/PracticeDrill/PracticeDrillDialog.stories.tsx[2m > [22m[2mError State
[22m[39m[ChatContext] Waiting for subscription to initialize
[90mstdout[2m | src/components/PracticeDrill/PracticeDrillDialog.stories.tsx[2m > [22m[2mError State
[22m[39m[SettingsContext] Setting up Settings subscription for user: mock-user-sub
[90mstdout[2m | src/components/PracticeDrill/PracticeDrillDialog.stories.tsx[2m > [22m[2mError State
[22m[39m[Mock Data] PracticeSession created: mock-practicesession-1790417811849 - notified 1 subscribers
[90mstdout[2m | src/components/PracticeDrill/PracticeDrillDialog.stories.tsx[2m > [22m[2mError State
[22m[39m[Mock Data] Settings created: mock-settings-1790417811852 - notified 0 subscribers
[90mstdout[2m | src/components/PracticeDrill/PracticeDrillDialog.stories.tsx[2m > [22m[2mError State
[22m[39m[Mock Data] Unit.onUpdate() subscription added. Total: 1
[90mstdout[2m | src/components/PracticeDrill/PracticeDrillDialog.stories.tsx[2m > [22m[2mError State
[22m[39m[MOCK CourseVectorStore] Initialized with mock data
[90mstdout[2m | src/components/PracticeDrill/PracticeDrillDialog.stories.tsx[2m > [22m[2mError State
[22m[39m[WorkbookStatePlugin] Loading unit content into read-only workbook: drill-mock-practicesession-1790417811849
[90mstdout[2m | src/components/PracticeDrill/PracticeDrillDialog.stories.tsx[2m > [22m[2mError State
[22m[39m[FilesContext] Initializing vector store from IndexedDB
[90mstdout[2m | src/components/PracticeDrill/PracticeDrillDialog.stories.tsx[2m > [22m[2mError State
[22m[39m[FilesContext] fetchFiles called
[90mstdout[2m | src/components/PracticeDrill/PracticeDrillDialog.stories.tsx[2m > [22m[2mError State
[22m[39m[FilesContext] User authenticated: mock-user-sub
[90mstdout[2m | src/components/PracticeDrill/PracticeDrillDialog.stories.tsx[2m > [22m[2mError State
[22m[39m[FilesContext] Identity ID: us-east-1:mock-identity-123
[90mstdout[2m | src/components/PracticeDrill/PracticeDrillDialog.stories.tsx[2m > [22m[2mError State
[22m[39m[FilesContext] About to set up File observeQuery
[90mstdout[2m | src/components/PracticeDrill/PracticeDrillDialog.stories.tsx[2m > [22m[2mError State
[22m[39mQuestionBlockRo.grade {
  "_version": 1,
  "accuracy": null,
  "complete": false,
  "data": {},
  "id": "drill-grade-mock-practicesession-1790417811849",
}
[90mstdout[2m | src/components/PracticeDrill/PracticeDrillDialog.stories.tsx[2m > [22m[2mError State
[22m[39m......!q {
  "answer": "Mitochondria",
  "correct": true,
}
[90mstdout[2m | src/components/PracticeDrill/PracticeDrillDialog.stories.tsx[2m > [22m[2mError State
[22m[39m......!q {
  "answer": "Nucleus",
  "correct": false,
}
[90mstdout[2m | src/components/PracticeDrill/PracticeDrillDialog.stories.tsx[2m > [22m[2mError State
[22m[39m......!q {
  "answer": "Ribosome",
  "correct": false,
}
[90mstdout[2m | src/components/PracticeDrill/PracticeDrillDialog.stories.tsx[2m > [22m[2mError State
[22m[39mQuestionBlock.nodeKey 31 type: string
[90mstdout[2m | src/components/PracticeDrill/PracticeDrillDialog.stories.tsx[2m > [22m[2mError State
[22m[39mQuestionBlock.questionContent [
  {
    "answer": "Mitochondria",
    "correct": true,
  },
  {
    "answer": "Nucleus",
    "correct": false,
  },
  {
    "answer": "Ribosome",
    "correct": false,
  },
]
[90mstdout[2m | src/components/PracticeDrill/PracticeDrillDialog.stories.tsx[2m > [22m[2mError State
[22m[39mQuestionBlock.grade.data keys: []
[90mstdout[2m | src/components/PracticeDrill/PracticeDrillDialog.stories.tsx[2m > [22m[2mError State
[22m[39mQuestionBlock.grade.data[nodeKey]: undefined
[90mstdout[2m | src/components/PracticeDrill/PracticeDrillDialog.stories.tsx[2m > [22m[2mError State
[22m[39mQuestionBlockRo.inProgress {}
[90mstdout[2m | src/components/PracticeDrill/PracticeDrillDialog.stories.tsx[2m > [22m[2mError State
[22m[39m[SectionContext] Section observeQuery update: 0
[90mstdout[2m | src/components/PracticeDrill/PracticeDrillDialog.stories.tsx[2m > [22m[2mError State
[22m[39m[FilesContext] File observeQuery update: 0 files
[90mstdout[2m | src/components/PracticeDrill/PracticeDrillDialog.stories.tsx[2m > [22m[2mError State
[22m[39m[ChatContext] AssistantChat initialized with 0 chats
[90mstdout[2m | src/components/PracticeDrill/PracticeDrillDialog.stories.tsx[2m > [22m[2mError State
[22m[39m[MOCK CourseVectorStore] Initialized with mock data
[90mstdout[2m | src/components/PracticeDrill/PracticeDrillDialog.stories.tsx[2m > [22m[2mError State
[22m[39mQuestionBlockRo.grade {
  "_version": 1,
  "accuracy": null,
  "complete": false,
  "data": {},
  "id": "drill-grade-mock-practicesession-1790417811849",
}
[90mstdout[2m | src/components/PracticeDrill/PracticeDrillDialog.stories.tsx[2m > [22m[2mError State
[22m[39m......!q {
  "answer": "Mitochondria",
  "correct": true,
}
[90mstdout[2m | src/components/PracticeDrill/PracticeDrillDialog.stories.tsx[2m > [22m[2mError State
[22m[39m......!q {
  "answer": "Nucleus",
  "correct": false,
}
[90mstdout[2m | src/components/PracticeDrill/PracticeDrillDialog.stories.tsx[2m > [22m[2mError State
[22m[39m......!q {
  "answer": "Ribosome",
  "correct": false,
}
[90mstdout[2m | src/components/PracticeDrill/PracticeDrillDialog.stories.tsx[2m > [22m[2mError State
[22m[39mQuestionBlock.nodeKey 31 type: string
[90mstdout[2m | src/components/PracticeDrill/PracticeDrillDialog.stories.tsx[2m > [22m[2mError State
[22m[39mQuestionBlock.questionContent [
  {
    "answer": "Mitochondria",
    "correct": true,
  },
  {
    "answer": "Nucleus",
    "correct": false,
  },
  {
    "answer": "Ribosome",
    "correct": false,
  },
]
[90mstdout[2m | src/components/PracticeDrill/PracticeDrillDialog.stories.tsx[2m > [22m[2mError State
[22m[39mQuestionBlock.grade.data keys: []
[90mstdout[2m | src/components/PracticeDrill/PracticeDrillDialog.stories.tsx[2m > [22m[2mError State
[22m[39mQuestionBlock.grade.data[nodeKey]: undefined
[90mstdout[2m | src/components/PracticeDrill/PracticeDrillDialog.stories.tsx[2m > [22m[2mError State
[22m[39mQuestionBlockRo.inProgress {}
[90mstdout[2m | src/components/PracticeDrill/PracticeDrillDialog.stories.tsx[2m > [22m[2mError State
[22m[39m[ChatContext] No current chat available, will create one
[90mstdout[2m | src/components/PracticeDrill/PracticeDrillDialog.stories.tsx[2m > [22m[2mError State
[22m[39m[ChatContext] Creating AssistantChat with user: undefined
[90mstdout[2m | src/components/PracticeDrill/PracticeDrillDialog.stories.tsx[2m > [22m[2mError State
[22m[39m[Mock Data] AssistantChat created: mock-assistantchat-1790417812303 - notified 1 subscribers
[90mstdout[2m | src/components/PracticeDrill/PracticeDrillDialog.stories.tsx[2m > [22m[2mError State
[22m[39m[ChatContext] Create result: {
  "data": {
    "_version": 1,
    "archived": false,
    "chatFiles": [Function anonymous],
    "createdAt": "2026-09-26T10:16:52.303Z",
    "id": "mock-assistantchat-1790417812303",
    "model": "gpt-4",
    "updatedAt": "2026-09-26T10:16:52.303Z",
  },
  "errors": [],
  "hasData": true,
  "hasErrors": true,
}
[90mstdout[2m | src/components/PracticeDrill/PracticeDrillDialog.stories.tsx[2m > [22m[2mError State
[22m[39m[ChatContext] Created AssistantChat: mock-assistantchat-1790417812303 at: 2026-09-26T10:16:52.303Z
[90mstdout[2m | src/components/PracticeDrill/PracticeDrillDialog.stories.tsx[2m > [22m[2mError State
[22m[39m[FilesContext] File observeQuery update: 0 files
[90mstdout[2m | src/components/PracticeDrill/PracticeDrillDialog.stories.tsx[2m > [22m[2mError State
[22m[39m[Mock Storage] downloadData called with: undefined
[90mstdout[2m | src/components/PracticeDrill/PracticeDrillDialog.stories.tsx[2m > [22m[2mError State
[22m[39m[ChatContext] Setting initial chat: mock-assistantchat-1790417812303
[90mstdout[2m | src/components/PracticeDrill/PracticeDrillDialog.stories.tsx[2m > [22m[2mError State
[22m[39m[MOCK CourseVectorStore] Initialized with mock data
[90mstdout[2m | src/components/PracticeDrill/PracticeDrillDialog.stories.tsx[2m > [22m[2mError State
[22m[39m[ChatContext] Chat exists and not archived, skipping creation
[90mstdout[2m | src/components/PracticeDrill/PracticeDrillDialog.stories.tsx[2m > [22m[2mError State
[22m[39mfilterWords {
  "filter": "",
  "wordsCount": 0,
}
[90mstdout[2m | src/components/PracticeDrill/PracticeDrillDialog.stories.tsx[2m > [22m[2mError State
[22m[39m[Mock Storage] downloadData called with: undefined
 [32m✓[39m [30m[45m storybook (chromium) [49m[39m src/components/PracticeDrill/PracticeDrillDialog.stories.tsx [2m([22m[2m6 tests[22m[2m)[22m[33m 6665[2mms[22m[39m
   [33m[2m✓[22m[39m Default [33m 2427[2mms[22m[39m
   [33m[2m✓[22m[39m Vocabulary Only [33m 1174[2mms[22m[39m
   [33m[2m✓[22m[39m Diminished XP [33m 1087[2mms[22m[39m
   [33m[2m✓[22m[39m Review Drill [33m 865[2mms[22m[39m
   [33m[2m✓[22m[39m Error State [33m 921[2mms[22m[39m
[90mstdout[2m | unknown test
[22m[39m[MOCK vectorStoreDB.js] Module loaded - mock IndexedDB operations
[90mstdout[2m | unknown test
[22m[39m[Task Completion] DOM action listeners initialized
[90mstdout[2m | unknown test
[22m[39m[Task Completion] Auto-completion detector initialized
[90mstdout[2m | unknown test
[22m[39m[Preview] Task completion detector initialized
[90mstdout[2m | src/components/PracticeDrill/PracticeDrillWorkbook.stories.tsx[2m > [22m[2mDefault
[22m[39m[Preview] Skipped initializing default mock data (initializeMockData=false)
[90mstdout[2m | src/components/PracticeDrill/PracticeDrillWorkbook.stories.tsx[2m > [22m[2mDefault
[22m[39m[Mock Data] seedMockWords: Adding 5 words
[90mstdout[2m | src/components/PracticeDrill/PracticeDrillWorkbook.stories.tsx[2m > [22m[2mDefault
[22m[39m[Mock Data] seedMockUnit: Adding unit drill-workbook-story-unit
[90mstdout[2m | src/components/PracticeDrill/PracticeDrillWorkbook.stories.tsx[2m > [22m[2mDefault
[22m[39m[MOCK CourseVectorStore] Initialized with mock data
[90mstdout[2m | src/components/PracticeDrill/PracticeDrillWorkbook.stories.tsx[2m > [22m[2mDefault
[22m[39m[TranslationModeController] Setting mode to: off
[90mstdout[2m | src/components/PracticeDrill/PracticeDrillWorkbook.stories.tsx[2m > [22m[2mDefault
[22m[39m[UnitContext] useEffect triggered {
  "authLoading": false,
  "hasUser": true,
  "id": "drill-workbook-story-unit",
  "userSub": "mock-user-sub",
}
[90mstdout[2m | src/components/PracticeDrill/PracticeDrillWorkbook.stories.tsx[2m > [22m[2mDefault
[22m[39m[UnitContext] Fetching unit data for id: drill-workbook-story-unit
[90mstdout[2m | src/components/PracticeDrill/PracticeDrillWorkbook.stories.tsx[2m > [22m[2mDefault
[22m[39m[FilesContext] Initializing vector store from IndexedDB
[90mstdout[2m | src/components/PracticeDrill/PracticeDrillWorkbook.stories.tsx[2m > [22m[2mDefault
[22m[39m[FilesContext] fetchFiles called
[90mstdout[2m | src/components/PracticeDrill/PracticeDrillWorkbook.stories.tsx[2m > [22m[2mDefault
[22m[39m[FilesContext] User authenticated: mock-user-sub
[90mstdout[2m | src/components/PracticeDrill/PracticeDrillWorkbook.stories.tsx[2m > [22m[2mDefault
[22m[39m[FilesContext] Identity ID: us-east-1:mock-identity-123
[90mstdout[2m | src/components/PracticeDrill/PracticeDrillWorkbook.stories.tsx[2m > [22m[2mDefault
[22m[39m[FilesContext] About to set up File observeQuery
[90mstdout[2m | src/components/PracticeDrill/PracticeDrillWorkbook.stories.tsx[2m > [22m[2mDefault
[22m[39m[ChatContext] Setting up AssistantChat observeQuery
[90mstdout[2m | src/components/PracticeDrill/PracticeDrillWorkbook.stories.tsx[2m > [22m[2mDefault
[22m[39m[ChatContext] Waiting for subscription to initialize
[90mstdout[2m | src/components/PracticeDrill/PracticeDrillWorkbook.stories.tsx[2m > [22m[2mDefault
[22m[39m[SettingsContext] Setting up Settings subscription for user: mock-user-sub
[90mstdout[2m | src/components/PracticeDrill/PracticeDrillWorkbook.stories.tsx[2m > [22m[2mDefault
[22m[39mQuestionBlockRo.grade {
  "_version": 1,
  "accuracy": null,
  "complete": false,
  "data": {},
  "id": "drill-grade-story-session-1",
}
[90mstdout[2m | src/components/PracticeDrill/PracticeDrillWorkbook.stories.tsx[2m > [22m[2mDefault
[22m[39m......!q {
  "answer": "Mitochondria",
  "correct": true,
}
[90mstdout[2m | src/components/PracticeDrill/PracticeDrillWorkbook.stories.tsx[2m > [22m[2mDefault
[22m[39m......!q {
  "answer": "Nucleus",
  "correct": false,
}
[90mstdout[2m | src/components/PracticeDrill/PracticeDrillWorkbook.stories.tsx[2m > [22m[2mDefault
[22m[39m......!q {
  "answer": "Ribosome",
  "correct": false,
}
[90mstdout[2m | src/components/PracticeDrill/PracticeDrillWorkbook.stories.tsx[2m > [22m[2mDefault
[22m[39m......!q {
  "answer": "Golgi apparatus",
  "correct": false,
}
[90mstdout[2m | src/components/PracticeDrill/PracticeDrillWorkbook.stories.tsx[2m > [22m[2mDefault
[22m[39mQuestionBlock.nodeKey 3 type: string
[90mstdout[2m | src/components/PracticeDrill/PracticeDrillWorkbook.stories.tsx[2m > [22m[2mDefault
[22m[39mQuestionBlock.questionContent [
  {
    "answer": "Mitochondria",
    "correct": true,
  },
  {
    "answer": "Nucleus",
    "correct": false,
  },
  {
    "answer": "Ribosome",
    "correct": false,
  },
  {
    "answer": "Golgi apparatus",
    "correct": false,
  },
]
[90mstdout[2m | src/components/PracticeDrill/PracticeDrillWorkbook.stories.tsx[2m > [22m[2mDefault
[22m[39mQuestionBlock.grade.data keys: []
[90mstdout[2m | src/components/PracticeDrill/PracticeDrillWorkbook.stories.tsx[2m > [22m[2mDefault
[22m[39mQuestionBlock.grade.data[nodeKey]: undefined
[90mstdout[2m | src/components/PracticeDrill/PracticeDrillWorkbook.stories.tsx[2m > [22m[2mDefault
[22m[39mQuestionBlockRo.inProgress {}
[90mstdout[2m | src/components/PracticeDrill/PracticeDrillWorkbook.stories.tsx[2m > [22m[2mDefault
[22m[39mEasy.nodeKey 11 type: string
[90mstdout[2m | src/components/PracticeDrill/PracticeDrillWorkbook.stories.tsx[2m > [22m[2mDefault
[22m[39mEasy.grade: {
  "_version": 1,
  "accuracy": null,
  "complete": false,
  "data": {},
  "id": "drill-grade-story-session-1",
}
[90mstdout[2m | src/components/PracticeDrill/PracticeDrillWorkbook.stories.tsx[2m > [22m[2mDefault
[22m[39mEasy.grade.data: {}
[90mstdout[2m | src/components/PracticeDrill/PracticeDrillWorkbook.stories.tsx[2m > [22m[2mDefault
[22m[39mEasy.grade.data === grade? false
[90mstdout[2m | src/components/PracticeDrill/PracticeDrillWorkbook.stories.tsx[2m > [22m[2mDefault
[22m[39mEasy.grade.data keys: []
[90mstdout[2m | src/components/PracticeDrill/PracticeDrillWorkbook.stories.tsx[2m > [22m[2mDefault
[22m[39mEasy.grade.data[nodeKey]: undefined
[90mstdout[2m | src/components/PracticeDrill/PracticeDrillWorkbook.stories.tsx[2m > [22m[2mDefault
[22m[39mEasy.inProgress {}
[90mstdout[2m | src/components/PracticeDrill/PracticeDrillWorkbook.stories.tsx[2m > [22m[2mDefault
[22m[39mHard.attemptedAnswers {}
[90mstdout[2m | src/components/PracticeDrill/PracticeDrillWorkbook.stories.tsx[2m > [22m[2mDefault
[22m[39mLearn._vocabulary []
[90mstdout[2m | src/components/PracticeDrill/PracticeDrillWorkbook.stories.tsx[2m > [22m[2mDefault
[22m[39mMeaningAssociationExercise._vocabulary []
[90mstdout[2m | src/components/PracticeDrill/PracticeDrillWorkbook.stories.tsx[2m > [22m[2mDefault
[22m[39mHard._vocabulary []
[90mstdout[2m | src/components/PracticeDrill/PracticeDrillWorkbook.stories.tsx[2m > [22m[2mDefault
[22m[39mEasy.nodeKey 11 type: string
[90mstdout[2m | src/components/PracticeDrill/PracticeDrillWorkbook.stories.tsx[2m > [22m[2mDefault
[22m[39mEasy.grade: {
  "_version": 1,
  "accuracy": null,
  "complete": false,
  "data": {},
  "id": "drill-grade-story-session-1",
}
[90mstdout[2m | src/components/PracticeDrill/PracticeDrillWorkbook.stories.tsx[2m > [22m[2mDefault
[22m[39mEasy.grade.data: {}
[90mstdout[2m | src/components/PracticeDrill/PracticeDrillWorkbook.stories.tsx[2m > [22m[2mDefault
[22m[39mEasy.grade.data === grade? false
[90mstdout[2m | src/components/PracticeDrill/PracticeDrillWorkbook.stories.tsx[2m > [22m[2mDefault
[22m[39mEasy.grade.data keys: []
[90mstdout[2m | src/components/PracticeDrill/PracticeDrillWorkbook.stories.tsx[2m > [22m[2mDefault
[22m[39mEasy.grade.data[nodeKey]: undefined
[90mstdout[2m | src/components/PracticeDrill/PracticeDrillWorkbook.stories.tsx[2m > [22m[2mDefault
[22m[39mEasy.inProgress {}
[90mstdout[2m | src/components/PracticeDrill/PracticeDrillWorkbook.stories.tsx[2m > [22m[2mDefault
[22m[39mHard.attemptedAnswers {}
[90mstdout[2m | src/components/PracticeDrill/PracticeDrillWorkbook.stories.tsx[2m > [22m[2mDefault
[22m[39m[Mock Data] Settings created: mock-settings-1790417824725 - notified 0 subscribers
[90mstdout[2m | src/components/PracticeDrill/PracticeDrillWorkbook.stories.tsx[2m > [22m[2mDefault
[22m[39m[Mock Data] Unit.onUpdate() subscription added. Total: 1
[90mstdout[2m | src/components/PracticeDrill/PracticeDrillWorkbook.stories.tsx[2m > [22m[2mDefault
[22m[39mQuestionBlockRo.grade {
  "_version": 1,
  "accuracy": null,
  "complete": false,
  "data": {},
  "id": "drill-grade-story-session-1",
}
[90mstdout[2m | src/components/PracticeDrill/PracticeDrillWorkbook.stories.tsx[2m > [22m[2mDefault
[22m[39m......!q {
  "answer": "Mitochondria",
  "correct": true,
}
[90mstdout[2m | src/components/PracticeDrill/PracticeDrillWorkbook.stories.tsx[2m > [22m[2mDefault
[22m[39m......!q {
  "answer": "Nucleus",
  "correct": false,
}
[90mstdout[2m | src/components/PracticeDrill/PracticeDrillWorkbook.stories.tsx[2m > [22m[2mDefault
[22m[39m......!q {
  "answer": "Ribosome",
  "correct": false,
}
[90mstdout[2m | src/components/PracticeDrill/PracticeDrillWorkbook.stories.tsx[2m > [22m[2mDefault
[22m[39m......!q {
  "answer": "Golgi apparatus",
  "correct": false,
}
[90mstdout[2m | src/components/PracticeDrill/PracticeDrillWorkbook.stories.tsx[2m > [22m[2mDefault
[22m[39mQuestionBlock.nodeKey 3 type: string
[90mstdout[2m | src/components/PracticeDrill/PracticeDrillWorkbook.stories.tsx[2m > [22m[2mDefault
[22m[39mQuestionBlock.questionContent [
  {
    "answer": "Mitochondria",
    "correct": true,
  },
  {
    "answer": "Nucleus",
    "correct": false,
  },
  {
    "answer": "Ribosome",
    "correct": false,
  },
  {
    "answer": "Golgi apparatus",
    "correct": false,
  },
]
[90mstdout[2m | src/components/PracticeDrill/PracticeDrillWorkbook.stories.tsx[2m > [22m[2mDefault
[22m[39mQuestionBlock.grade.data keys: []
[90mstdout[2m | src/components/PracticeDrill/PracticeDrillWorkbook.stories.tsx[2m > [22m[2mDefault
[22m[39mQuestionBlock.grade.data[nodeKey]: undefined
[90mstdout[2m | src/components/PracticeDrill/PracticeDrillWorkbook.stories.tsx[2m > [22m[2mDefault
[22m[39mQuestionBlockRo.inProgress {}
[90mstdout[2m | src/components/PracticeDrill/PracticeDrillWorkbook.stories.tsx[2m > [22m[2mDefault
[22m[39mEasy.nodeKey 11 type: string
[90mstdout[2m | src/components/PracticeDrill/PracticeDrillWorkbook.stories.tsx[2m > [22m[2mDefault
[22m[39mEasy.grade: {
  "_version": 1,
  "accuracy": null,
  "complete": false,
  "data": {},
  "id": "drill-grade-story-session-1",
}
[90mstdout[2m | src/components/PracticeDrill/PracticeDrillWorkbook.stories.tsx[2m > [22m[2mDefault
[22m[39mEasy.grade.data: {}
[90mstdout[2m | src/components/PracticeDrill/PracticeDrillWorkbook.stories.tsx[2m > [22m[2mDefault
[22m[39mEasy.grade.data === grade? false
[90mstdout[2m | src/components/PracticeDrill/PracticeDrillWorkbook.stories.tsx[2m > [22m[2mDefault
[22m[39mEasy.grade.data keys: []
[90mstdout[2m | src/components/PracticeDrill/PracticeDrillWorkbook.stories.tsx[2m > [22m[2mDefault
[22m[39mEasy.grade.data[nodeKey]: undefined
[90mstdout[2m | src/components/PracticeDrill/PracticeDrillWorkbook.stories.tsx[2m > [22m[2mDefault
[22m[39mEasy.inProgress {}
[90mstdout[2m | src/components/PracticeDrill/PracticeDrillWorkbook.stories.tsx[2m > [22m[2mDefault
[22m[39mHard.attemptedAnswers {}
[90mstdout[2m | src/components/PracticeDrill/PracticeDrillWorkbook.stories.tsx[2m > [22m[2mDefault
[22m[39m[SectionContext] Section observeQuery update: 0
[90mstdout[2m | src/components/PracticeDrill/PracticeDrillWorkbook.stories.tsx[2m > [22m[2mDefault
[22m[39m[FilesContext] File observeQuery update: 0 files
[90mstdout[2m | src/components/PracticeDrill/PracticeDrillWorkbook.stories.tsx[2m > [22m[2mDefault
[22m[39m[ChatContext] AssistantChat initialized with 0 chats
[90mstdout[2m | src/components/PracticeDrill/PracticeDrillWorkbook.stories.tsx[2m > [22m[2mDefault
[22m[39m[MOCK CourseVectorStore] Initialized with mock data
[90mstdout[2m | src/components/PracticeDrill/PracticeDrillWorkbook.stories.tsx[2m > [22m[2mDefault
[22m[39mQuestionBlockRo.grade {
  "_version": 1,
  "accuracy": null,
  "complete": false,
  "data": {},
  "id": "drill-grade-story-session-1",
}
[90mstdout[2m | src/components/PracticeDrill/PracticeDrillWorkbook.stories.tsx[2m > [22m[2mDefault
[22m[39m......!q {
  "answer": "Mitochondria",
  "correct": true,
}
[90mstdout[2m | src/components/PracticeDrill/PracticeDrillWorkbook.stories.tsx[2m > [22m[2mDefault
[22m[39m......!q {
  "answer": "Nucleus",
  "correct": false,
}
[90mstdout[2m | src/components/PracticeDrill/PracticeDrillWorkbook.stories.tsx[2m > [22m[2mDefault
[22m[39m......!q {
  "answer": "Ribosome",
  "correct": false,
}
[90mstdout[2m | src/components/PracticeDrill/PracticeDrillWorkbook.stories.tsx[2m > [22m[2mDefault
[22m[39m......!q {
  "answer": "Golgi apparatus",
  "correct": false,
}
[90mstdout[2m | src/components/PracticeDrill/PracticeDrillWorkbook.stories.tsx[2m > [22m[2mDefault
[22m[39mQuestionBlock.nodeKey 3 type: string
[90mstdout[2m | src/components/PracticeDrill/PracticeDrillWorkbook.stories.tsx[2m > [22m[2mDefault
[22m[39mQuestionBlock.questionContent [
  {
    "answer": "Mitochondria",
    "correct": true,
  },
  {
    "answer": "Nucleus",
    "correct": false,
  },
  {
    "answer": "Ribosome",
    "correct": false,
  },
  {
    "answer": "Golgi apparatus",
    "correct": false,
  },
]
[90mstdout[2m | src/components/PracticeDrill/PracticeDrillWorkbook.stories.tsx[2m > [22m[2mDefault
[22m[39mQuestionBlock.grade.data keys: []
[90mstdout[2m | src/components/PracticeDrill/PracticeDrillWorkbook.stories.tsx[2m > [22m[2mDefault
[22m[39mQuestionBlock.grade.data[nodeKey]: undefined
[90mstdout[2m | src/components/PracticeDrill/PracticeDrillWorkbook.stories.tsx[2m > [22m[2mDefault
[22m[39mQuestionBlockRo.inProgress {}
[90mstdout[2m | src/components/PracticeDrill/PracticeDrillWorkbook.stories.tsx[2m > [22m[2mDefault
[22m[39mEasy.nodeKey 11 type: string
[90mstdout[2m | src/components/PracticeDrill/PracticeDrillWorkbook.stories.tsx[2m > [22m[2mDefault
[22m[39mEasy.grade: {
  "_version": 1,
  "accuracy": null,
  "complete": false,
  "data": {},
  "id": "drill-grade-story-session-1",
}
[90mstdout[2m | src/components/PracticeDrill/PracticeDrillWorkbook.stories.tsx[2m > [22m[2mDefault
[22m[39mEasy.grade.data: {}
[90mstdout[2m | src/components/PracticeDrill/PracticeDrillWorkbook.stories.tsx[2m > [22m[2mDefault
[22m[39mEasy.grade.data === grade? false
[90mstdout[2m | src/components/PracticeDrill/PracticeDrillWorkbook.stories.tsx[2m > [22m[2mDefault
[22m[39mEasy.grade.data keys: []
[90mstdout[2m | src/components/PracticeDrill/PracticeDrillWorkbook.stories.tsx[2m > [22m[2mDefault
[22m[39mEasy.grade.data[nodeKey]: undefined
[90mstdout[2m | src/components/PracticeDrill/PracticeDrillWorkbook.stories.tsx[2m > [22m[2mDefault
[22m[39mEasy.inProgress {}
[90mstdout[2m | src/components/PracticeDrill/PracticeDrillWorkbook.stories.tsx[2m > [22m[2mDefault
[22m[39mHard.attemptedAnswers {}
[90mstdout[2m | src/components/PracticeDrill/PracticeDrillWorkbook.stories.tsx[2m > [22m[2mDefault
[22m[39mLearn._vocabulary []
[90mstdout[2m | src/components/PracticeDrill/PracticeDrillWorkbook.stories.tsx[2m > [22m[2mDefault
[22m[39mMeaningAssociationExercise._vocabulary []
[90mstdout[2m | src/components/PracticeDrill/PracticeDrillWorkbook.stories.tsx[2m > [22m[2mDefault
[22m[39mHard._vocabulary []
[90mstdout[2m | src/components/PracticeDrill/PracticeDrillWorkbook.stories.tsx[2m > [22m[2mDefault
[22m[39m[ChatContext] No current chat available, will create one
[90mstdout[2m | src/components/PracticeDrill/PracticeDrillWorkbook.stories.tsx[2m > [22m[2mDefault
[22m[39m[ChatContext] Creating AssistantChat with user: undefined
[90mstdout[2m | src/components/PracticeDrill/PracticeDrillWorkbook.stories.tsx[2m > [22m[2mDefault
[22m[39m[Mock Data] AssistantChat created: mock-assistantchat-1790417825082 - notified 1 subscribers
[90mstdout[2m | src/components/PracticeDrill/PracticeDrillWorkbook.stories.tsx[2m > [22m[2mDefault
[22m[39mEasy.nodeKey 11 type: string
[90mstdout[2m | src/components/PracticeDrill/PracticeDrillWorkbook.stories.tsx[2m > [22m[2mDefault
[22m[39mEasy.grade: {
  "_version": 1,
  "accuracy": null,
  "complete": false,
  "data": {},
  "id": "drill-grade-story-session-1",
}
[90mstdout[2m | src/components/PracticeDrill/PracticeDrillWorkbook.stories.tsx[2m > [22m[2mDefault
[22m[39mEasy.grade.data: {}
[90mstdout[2m | src/components/PracticeDrill/PracticeDrillWorkbook.stories.tsx[2m > [22m[2mDefault
[22m[39mEasy.grade.data === grade? false
[90mstdout[2m | src/components/PracticeDrill/PracticeDrillWorkbook.stories.tsx[2m > [22m[2mDefault
[22m[39mEasy.grade.data keys: []
[90mstdout[2m | src/components/PracticeDrill/PracticeDrillWorkbook.stories.tsx[2m > [22m[2mDefault
[22m[39mEasy.grade.data[nodeKey]: undefined
[90mstdout[2m | src/components/PracticeDrill/PracticeDrillWorkbook.stories.tsx[2m > [22m[2mDefault
[22m[39mEasy.inProgress {}
[90mstdout[2m | src/components/PracticeDrill/PracticeDrillWorkbook.stories.tsx[2m > [22m[2mDefault
[22m[39mHard.attemptedAnswers {}
[90mstdout[2m | src/components/PracticeDrill/PracticeDrillWorkbook.stories.tsx[2m > [22m[2mDefault
[22m[39mQuestionBlockRo.grade {
  "_version": 1,
  "accuracy": null,
  "complete": false,
  "data": {},
  "id": "drill-grade-story-session-1",
}
[90mstdout[2m | src/components/PracticeDrill/PracticeDrillWorkbook.stories.tsx[2m > [22m[2mDefault
[22m[39m......!q {
  "answer": "Mitochondria",
  "correct": true,
}
[90mstdout[2m | src/components/PracticeDrill/PracticeDrillWorkbook.stories.tsx[2m > [22m[2mDefault
[22m[39m......!q {
  "answer": "Nucleus",
  "correct": false,
}
[90mstdout[2m | src/components/PracticeDrill/PracticeDrillWorkbook.stories.tsx[2m > [22m[2mDefault
[22m[39m......!q {
  "answer": "Ribosome",
  "correct": false,
}
[90mstdout[2m | src/components/PracticeDrill/PracticeDrillWorkbook.stories.tsx[2m > [22m[2mDefault
[22m[39m......!q {
  "answer": "Golgi apparatus",
  "correct": false,
}
[90mstdout[2m | src/components/PracticeDrill/PracticeDrillWorkbook.stories.tsx[2m > [22m[2mDefault
[22m[39mQuestionBlock.nodeKey 14 type: string
[90mstdout[2m | src/components/PracticeDrill/PracticeDrillWorkbook.stories.tsx[2m > [22m[2mDefault
[22m[39mQuestionBlock.questionContent [
  {
    "answer": "Mitochondria",
    "correct": true,
  },
  {
    "answer": "Nucleus",
    "correct": false,
  },
  {
    "answer": "Ribosome",
    "correct": false,
  },
  {
    "answer": "Golgi apparatus",
    "correct": false,
  },
]
[90mstdout[2m | src/components/PracticeDrill/PracticeDrillWorkbook.stories.tsx[2m > [22m[2mDefault
[22m[39mQuestionBlock.grade.data keys: []
[90mstdout[2m | src/components/PracticeDrill/PracticeDrillWorkbook.stories.tsx[2m > [22m[2mDefault
[22m[39mQuestionBlock.grade.data[nodeKey]: undefined
[90mstdout[2m | src/components/PracticeDrill/PracticeDrillWorkbook.stories.tsx[2m > [22m[2mDefault
[22m[39mQuestionBlockRo.inProgress {}
[90mstdout[2m | src/components/PracticeDrill/PracticeDrillWorkbook.stories.tsx[2m > [22m[2mDefault
[22m[39mEasy.nodeKey 22 type: string
[90mstdout[2m | src/components/PracticeDrill/PracticeDrillWorkbook.stories.tsx[2m > [22m[2mDefault
[22m[39mEasy.grade: {
  "_version": 1,
  "accuracy": null,
  "complete": false,
  "data": {},
  "id": "drill-grade-story-session-1",
}
[90mstdout[2m | src/components/PracticeDrill/PracticeDrillWorkbook.stories.tsx[2m > [22m[2mDefault
[22m[39mEasy.grade.data: {}
[90mstdout[2m | src/components/PracticeDrill/PracticeDrillWorkbook.stories.tsx[2m > [22m[2mDefault
[22m[39mEasy.grade.data === grade? false
[90mstdout[2m | src/components/PracticeDrill/PracticeDrillWorkbook.stories.tsx[2m > [22m[2mDefault
[22m[39mEasy.grade.data keys: []
[90mstdout[2m | src/components/PracticeDrill/PracticeDrillWorkbook.stories.tsx[2m > [22m[2mDefault
[22m[39mEasy.grade.data[nodeKey]: undefined
[90mstdout[2m | src/components/PracticeDrill/PracticeDrillWorkbook.stories.tsx[2m > [22m[2mDefault
[22m[39mEasy.inProgress {}
[90mstdout[2m | src/components/PracticeDrill/PracticeDrillWorkbook.stories.tsx[2m > [22m[2mDefault
[22m[39mHard.attemptedAnswers {}
[90mstdout[2m | src/components/PracticeDrill/PracticeDrillWorkbook.stories.tsx[2m > [22m[2mDefault
[22m[39mLearn._vocabulary [
  {
    "_version": 1,
    "definition": "Process of converting light to energy",
    "id": "word-3",
    "owner": "mock-user-sub",
    "phrase": "Photosynthesis",
    "pronunciation": "foh-toh-SIN-thuh-sis",
  },
  {
    "_version": 1,
    "definition": "Process of converting glucose to ATP",
    "id": "word-4",
    "owner": "mock-user-sub",
    "phrase": "Respiration",
    "pronunciation": "res-puh-RAY-shun",
  },
  {
    "_version": 1,
    "definition": "Movement of water across a membrane",
    "id": "word-5",
    "owner": "mock-user-sub",
    "phrase": "Osmosis",
    "pronunciation": "oz-MOH-sis",
  },
]
[90mstdout[2m | src/components/PracticeDrill/PracticeDrillWorkbook.stories.tsx[2m > [22m[2mDefault
[22m[39mMeaningAssociationExercise._vocabulary [
  {
    "_version": 1,
    "definition": "Process of converting light to energy",
    "id": "word-3",
    "owner": "mock-user-sub",
    "phrase": "Photosynthesis",
    "pronunciation": "foh-toh-SIN-thuh-sis",
  },
  {
    "_version": 1,
    "definition": "Process of converting glucose to ATP",
    "id": "word-4",
    "owner": "mock-user-sub",
    "phrase": "Respiration",
    "pronunciation": "res-puh-RAY-shun",
  },
  {
    "_version": 1,
    "definition": "Movement of water across a membrane",
    "id": "word-5",
    "owner": "mock-user-sub",
    "phrase": "Osmosis",
    "pronunciation": "oz-MOH-sis",
  },
]
[90mstdout[2m | src/components/PracticeDrill/PracticeDrillWorkbook.stories.tsx[2m > [22m[2mDefault
[22m[39mHard._vocabulary [
  {
    "_version": 1,
    "definition": "Process of converting light to energy",
    "id": "word-3",
    "owner": "mock-user-sub",
    "phrase": "Photosynthesis",
    "pronunciation": "foh-toh-SIN-thuh-sis",
  },
  {
    "_version": 1,
    "definition": "Process of converting glucose to ATP",
    "id": "word-4",
    "owner": "mock-user-sub",
    "phrase": "Respiration",
    "pronunciation": "res-puh-RAY-shun",
  },
  {
    "_version": 1,
    "definition": "Movement of water across a membrane",
    "id": "word-5",
    "owner": "mock-user-sub",
    "phrase": "Osmosis",
    "pronunciation": "oz-MOH-sis",
  },
]
[90mstdout[2m | src/components/PracticeDrill/PracticeDrillWorkbook.stories.tsx[2m > [22m[2mDefault
[22m[39mEasy.nodeKey 22 type: string
[90mstdout[2m | src/components/PracticeDrill/PracticeDrillWorkbook.stories.tsx[2m > [22m[2mDefault
[22m[39mEasy.grade: {
  "_version": 1,
  "accuracy": null,
  "complete": false,
  "data": {},
  "id": "drill-grade-story-session-1",
}
[90mstdout[2m | src/components/PracticeDrill/PracticeDrillWorkbook.stories.tsx[2m > [22m[2mDefault
[22m[39mEasy.grade.data: {}
[90mstdout[2m | src/components/PracticeDrill/PracticeDrillWorkbook.stories.tsx[2m > [22m[2mDefault
[22m[39mEasy.grade.data === grade? false
[90mstdout[2m | src/components/PracticeDrill/PracticeDrillWorkbook.stories.tsx[2m > [22m[2mDefault
[22m[39mEasy.grade.data keys: []
[90mstdout[2m | src/components/PracticeDrill/PracticeDrillWorkbook.stories.tsx[2m > [22m[2mDefault
[22m[39mEasy.grade.data[nodeKey]: undefined
[90mstdout[2m | src/components/PracticeDrill/PracticeDrillWorkbook.stories.tsx[2m > [22m[2mDefault
[22m[39mEasy.inProgress {}
[90mstdout[2m | src/components/PracticeDrill/PracticeDrillWorkbook.stories.tsx[2m > [22m[2mDefault
[22m[39mHard.attemptedAnswers {}
[90mstdout[2m | src/components/PracticeDrill/PracticeDrillWorkbook.stories.tsx[2m > [22m[2mDefault
[22m[39m[ChatContext] Create result: {
  "data": {
    "_version": 1,
    "archived": false,
    "chatFiles": [Function anonymous],
    "createdAt": "2026-09-26T10:17:05.082Z",
    "id": "mock-assistantchat-1790417825082",
    "model": "gpt-4",
    "updatedAt": "2026-09-26T10:17:05.082Z",
  },
  "errors": [],
  "hasData": true,
  "hasErrors": true,
}
[90mstdout[2m | src/components/PracticeDrill/PracticeDrillWorkbook.stories.tsx[2m > [22m[2mDefault
[22m[39m[ChatContext] Created AssistantChat: mock-assistantchat-1790417825082 at: 2026-09-26T10:17:05.082Z
[90mstdout[2m | src/components/PracticeDrill/PracticeDrillWorkbook.stories.tsx[2m > [22m[2mDefault
[22m[39m[Mock Storage] downloadData called with: undefined
[90mstdout[2m | src/components/PracticeDrill/PracticeDrillWorkbook.stories.tsx[2m > [22m[2mDefault
[22m[39m[ChatContext] Setting initial chat: mock-assistantchat-1790417825082
[90mstdout[2m | src/components/PracticeDrill/PracticeDrillWorkbook.stories.tsx[2m > [22m[2mDefault
[22m[39m[ChatContext] Chat exists and not archived, skipping creation
[90mstdout[2m | src/components/PracticeDrill/PracticeDrillWorkbook.stories.tsx[2m > [22m[2mDefault
[22m[39mEasy.nodeKey 22 type: string
[90mstdout[2m | src/components/PracticeDrill/PracticeDrillWorkbook.stories.tsx[2m > [22m[2mDefault
[22m[39mEasy.grade: {
  "_version": 1,
  "accuracy": null,
  "complete": false,
  "data": {},
  "id": "drill-grade-story-session-1",
}
[90mstdout[2m | src/components/PracticeDrill/PracticeDrillWorkbook.stories.tsx[2m > [22m[2mDefault
[22m[39mEasy.grade.data: {}
[90mstdout[2m | src/components/PracticeDrill/PracticeDrillWorkbook.stories.tsx[2m > [22m[2mDefault
[22m[39mEasy.grade.data === grade? false
[90mstdout[2m | src/components/PracticeDrill/PracticeDrillWorkbook.stories.tsx[2m > [22m[2mDefault
[22m[39mEasy.grade.data keys: []
[90mstdout[2m | src/components/PracticeDrill/PracticeDrillWorkbook.stories.tsx[2m > [22m[2mDefault
[22m[39mEasy.grade.data[nodeKey]: undefined
[90mstdout[2m | src/components/PracticeDrill/PracticeDrillWorkbook.stories.tsx[2m > [22m[2mDefault
[22m[39mEasy.inProgress {}
[90mstdout[2m | src/components/PracticeDrill/PracticeDrillWorkbook.stories.tsx[2m > [22m[2mDefault
[22m[39mHard.attemptedAnswers {}
[90mstdout[2m | src/components/PracticeDrill/PracticeDrillWorkbook.stories.tsx[2m > [22m[2mEmpty
[22m[39m[ChatContext] Cleaning up subscriptions
[90mstdout[2m | src/components/PracticeDrill/PracticeDrillWorkbook.stories.tsx[2m > [22m[2mEmpty
[22m[39m[Mock Data] Unit.onUpdate() subscription removed. Remaining: 0
[90mstdout[2m | src/components/PracticeDrill/PracticeDrillWorkbook.stories.tsx[2m > [22m[2mEmpty
[22m[39m[Preview] Skipped initializing default mock data (initializeMockData=false)
[90mstdout[2m | src/components/PracticeDrill/PracticeDrillWorkbook.stories.tsx[2m > [22m[2mEmpty
[22m[39m[Mock Data] seedMockWords: Adding 5 words
[90mstdout[2m | src/components/PracticeDrill/PracticeDrillWorkbook.stories.tsx[2m > [22m[2mEmpty
[22m[39m[Mock Data] seedMockUnit: Adding unit drill-workbook-story-unit
[90mstdout[2m | src/components/PracticeDrill/PracticeDrillWorkbook.stories.tsx[2m > [22m[2mEmpty
[22m[39m[MOCK CourseVectorStore] Initialized with mock data
[90mstdout[2m | src/components/PracticeDrill/PracticeDrillWorkbook.stories.tsx[2m > [22m[2mEmpty
[22m[39m[TranslationModeController] Setting mode to: off
[90mstdout[2m | src/components/PracticeDrill/PracticeDrillWorkbook.stories.tsx[2m > [22m[2mEmpty
[22m[39m[UnitContext] useEffect triggered {
  "authLoading": false,
  "hasUser": true,
  "id": "drill-workbook-story-unit",
  "userSub": "mock-user-sub",
}
[90mstdout[2m | src/components/PracticeDrill/PracticeDrillWorkbook.stories.tsx[2m > [22m[2mEmpty
[22m[39m[UnitContext] Fetching unit data for id: drill-workbook-story-unit
[90mstdout[2m | src/components/PracticeDrill/PracticeDrillWorkbook.stories.tsx[2m > [22m[2mEmpty
[22m[39m[FilesContext] Initializing vector store from IndexedDB
[90mstdout[2m | src/components/PracticeDrill/PracticeDrillWorkbook.stories.tsx[2m > [22m[2mEmpty
[22m[39m[FilesContext] fetchFiles called
[90mstdout[2m | src/components/PracticeDrill/PracticeDrillWorkbook.stories.tsx[2m > [22m[2mEmpty
[22m[39m[FilesContext] User authenticated: mock-user-sub
[90mstdout[2m | src/components/PracticeDrill/PracticeDrillWorkbook.stories.tsx[2m > [22m[2mEmpty
[22m[39m[FilesContext] Identity ID: us-east-1:mock-identity-123
[90mstdout[2m | src/components/PracticeDrill/PracticeDrillWorkbook.stories.tsx[2m > [22m[2mEmpty
[22m[39m[FilesContext] About to set up File observeQuery
[90mstdout[2m | src/components/PracticeDrill/PracticeDrillWorkbook.stories.tsx[2m > [22m[2mEmpty
[22m[39m[ChatContext] Setting up AssistantChat observeQuery
[90mstdout[2m | src/components/PracticeDrill/PracticeDrillWorkbook.stories.tsx[2m > [22m[2mEmpty
[22m[39m[ChatContext] Waiting for subscription to initialize
[90mstdout[2m | src/components/PracticeDrill/PracticeDrillWorkbook.stories.tsx[2m > [22m[2mEmpty
[22m[39m[SettingsContext] Setting up Settings subscription for user: mock-user-sub
[90mstdout[2m | src/components/PracticeDrill/PracticeDrillWorkbook.stories.tsx[2m > [22m[2mEmpty
[22m[39m[Mock Data] Settings created: mock-settings-1790417826670 - notified 0 subscribers
[90mstdout[2m | src/components/PracticeDrill/PracticeDrillWorkbook.stories.tsx[2m > [22m[2mEmpty
[22m[39m[Mock Data] Unit.onUpdate() subscription added. Total: 1
[90mstdout[2m | src/components/PracticeDrill/PracticeDrillWorkbook.stories.tsx[2m > [22m[2mEmpty
[22m[39m[SectionContext] Section observeQuery update: 0
[90mstdout[2m | src/components/PracticeDrill/PracticeDrillWorkbook.stories.tsx[2m > [22m[2mEmpty
[22m[39m[FilesContext] File observeQuery update: 0 files
[90mstdout[2m | src/components/PracticeDrill/PracticeDrillWorkbook.stories.tsx[2m > [22m[2mEmpty
[22m[39m[ChatContext] AssistantChat initialized with 0 chats
[90mstdout[2m | src/components/PracticeDrill/PracticeDrillWorkbook.stories.tsx[2m > [22m[2mEmpty
[22m[39m[MOCK CourseVectorStore] Initialized with mock data
[90mstdout[2m | src/components/PracticeDrill/PracticeDrillWorkbook.stories.tsx[2m > [22m[2mEmpty
[22m[39m[ChatContext] No current chat available, will create one
[90mstdout[2m | src/components/PracticeDrill/PracticeDrillWorkbook.stories.tsx[2m > [22m[2mEmpty
[22m[39m[ChatContext] Creating AssistantChat with user: undefined
[90mstdout[2m | src/components/PracticeDrill/PracticeDrillWorkbook.stories.tsx[2m > [22m[2mEmpty
[22m[39m[Mock Data] AssistantChat created: mock-assistantchat-1790417826736 - notified 1 subscribers
[90mstdout[2m | src/components/PracticeDrill/PracticeDrillWorkbook.stories.tsx[2m > [22m[2mEmpty
[22m[39m[ChatContext] Create result: {
  "data": {
    "_version": 1,
    "archived": false,
    "chatFiles": [Function anonymous],
    "createdAt": "2026-09-26T10:17:06.736Z",
    "id": "mock-assistantchat-1790417826736",
    "model": "gpt-4",
    "updatedAt": "2026-09-26T10:17:06.736Z",
  },
  "errors": [],
  "hasData": true,
  "hasErrors": true,
}
[90mstdout[2m | src/components/PracticeDrill/PracticeDrillWorkbook.stories.tsx[2m > [22m[2mEmpty
[22m[39m[ChatContext] Created AssistantChat: mock-assistantchat-1790417826736 at: 2026-09-26T10:17:06.736Z
[90mstdout[2m | src/components/PracticeDrill/PracticeDrillWorkbook.stories.tsx[2m > [22m[2mEmpty
[22m[39m[Mock Storage] downloadData called with: undefined
[90mstdout[2m | src/components/PracticeDrill/PracticeDrillWorkbook.stories.tsx[2m > [22m[2mEmpty
[22m[39m[ChatContext] Setting initial chat: mock-assistantchat-1790417826736
[90mstdout[2m | src/components/PracticeDrill/PracticeDrillWorkbook.stories.tsx[2m > [22m[2mEmpty
[22m[39m[ChatContext] Chat exists and not archived, skipping creation
[90mstdout[2m | src/components/PracticeDrill/PracticeDrillWorkbook.stories.tsx[2m > [22m[2mWith Document Refs
[22m[39m[ChatContext] Cleaning up subscriptions
[90mstdout[2m | src/components/PracticeDrill/PracticeDrillWorkbook.stories.tsx[2m > [22m[2mWith Document Refs
[22m[39m[Mock Data] Unit.onUpdate() subscription removed. Remaining: 0
[90mstdout[2m | src/components/PracticeDrill/PracticeDrillWorkbook.stories.tsx[2m > [22m[2mWith Document Refs
[22m[39m[Preview] Skipped initializing default mock data (initializeMockData=false)
[90mstdout[2m | src/components/PracticeDrill/PracticeDrillWorkbook.stories.tsx[2m > [22m[2mWith Document Refs
[22m[39m[Mock Data] seedMockWords: Adding 5 words
[90mstdout[2m | src/components/PracticeDrill/PracticeDrillWorkbook.stories.tsx[2m > [22m[2mWith Document Refs
[22m[39m[Mock Data] seedMockUnit: Adding unit drill-workbook-story-unit
[90mstdout[2m | src/components/PracticeDrill/PracticeDrillWorkbook.stories.tsx[2m > [22m[2mWith Document Refs
[22m[39m[MOCK CourseVectorStore] Initialized with mock data
[90mstdout[2m | src/components/PracticeDrill/PracticeDrillWorkbook.stories.tsx[2m > [22m[2mWith Document Refs
[22m[39m[TranslationModeController] Setting mode to: off
[90mstdout[2m | src/components/PracticeDrill/PracticeDrillWorkbook.stories.tsx[2m > [22m[2mWith Document Refs
[22m[39m[UnitContext] useEffect triggered {
  "authLoading": false,
  "hasUser": true,
  "id": "drill-workbook-story-unit",
  "userSub": "mock-user-sub",
}
[90mstdout[2m | src/components/PracticeDrill/PracticeDrillWorkbook.stories.tsx[2m > [22m[2mWith Document Refs
[22m[39m[UnitContext] Fetching unit data for id: drill-workbook-story-unit
[90mstdout[2m | src/components/PracticeDrill/PracticeDrillWorkbook.stories.tsx[2m > [22m[2mWith Document Refs
[22m[39m[FilesContext] Initializing vector store from IndexedDB
[90mstdout[2m | src/components/PracticeDrill/PracticeDrillWorkbook.stories.tsx[2m > [22m[2mWith Document Refs
[22m[39m[FilesContext] fetchFiles called
[90mstdout[2m | src/components/PracticeDrill/PracticeDrillWorkbook.stories.tsx[2m > [22m[2mWith Document Refs
[22m[39m[FilesContext] User authenticated: mock-user-sub
[90mstdout[2m | src/components/PracticeDrill/PracticeDrillWorkbook.stories.tsx[2m > [22m[2mWith Document Refs
[22m[39m[FilesContext] Identity ID: us-east-1:mock-identity-123
[90mstdout[2m | src/components/PracticeDrill/PracticeDrillWorkbook.stories.tsx[2m > [22m[2mWith Document Refs
[22m[39m[FilesContext] About to set up File observeQuery
[90mstdout[2m | src/components/PracticeDrill/PracticeDrillWorkbook.stories.tsx[2m > [22m[2mWith Document Refs
[22m[39m[ChatContext] Setting up AssistantChat observeQuery
[90mstdout[2m | src/components/PracticeDrill/PracticeDrillWorkbook.stories.tsx[2m > [22m[2mWith Document Refs
[22m[39m[ChatContext] Waiting for subscription to initialize
[90mstdout[2m | src/components/PracticeDrill/PracticeDrillWorkbook.stories.tsx[2m > [22m[2mWith Document Refs
[22m[39m[SettingsContext] Setting up Settings subscription for user: mock-user-sub
[90mstdout[2m | src/components/PracticeDrill/PracticeDrillWorkbook.stories.tsx[2m > [22m[2mWith Document Refs
[22m[39mQuestionBlockRo.grade {
  "_version": 1,
  "accuracy": null,
  "complete": false,
  "data": {},
  "id": "drill-grade-story-session-5",
}
[90mstdout[2m | src/components/PracticeDrill/PracticeDrillWorkbook.stories.tsx[2m > [22m[2mWith Document Refs
[22m[39m......!q {
  "answer": "Mitochondria",
  "correct": true,
}
[90mstdout[2m | src/components/PracticeDrill/PracticeDrillWorkbook.stories.tsx[2m > [22m[2mWith Document Refs
[22m[39m......!q {
  "answer": "Nucleus",
  "correct": false,
}
[90mstdout[2m | src/components/PracticeDrill/PracticeDrillWorkbook.stories.tsx[2m > [22m[2mWith Document Refs
[22m[39m......!q {
  "answer": "Ribosome",
  "correct": false,
}
[90mstdout[2m | src/components/PracticeDrill/PracticeDrillWorkbook.stories.tsx[2m > [22m[2mWith Document Refs
[22m[39m......!q {
  "answer": "Golgi apparatus",
  "correct": false,
}
[90mstdout[2m | src/components/PracticeDrill/PracticeDrillWorkbook.stories.tsx[2m > [22m[2mWith Document Refs
[22m[39mQuestionBlock.nodeKey 27 type: string
[90mstdout[2m | src/components/PracticeDrill/PracticeDrillWorkbook.stories.tsx[2m > [22m[2mWith Document Refs
[22m[39mQuestionBlock.questionContent [
  {
    "answer": "Mitochondria",
    "correct": true,
  },
  {
    "answer": "Nucleus",
    "correct": false,
  },
  {
    "answer": "Ribosome",
    "correct": false,
  },
  {
    "answer": "Golgi apparatus",
    "correct": false,
  },
]
[90mstdout[2m | src/components/PracticeDrill/PracticeDrillWorkbook.stories.tsx[2m > [22m[2mWith Document Refs
[22m[39mQuestionBlock.grade.data keys: []
[90mstdout[2m | src/components/PracticeDrill/PracticeDrillWorkbook.stories.tsx[2m > [22m[2mWith Document Refs
[22m[39mQuestionBlock.grade.data[nodeKey]: undefined
[90mstdout[2m | src/components/PracticeDrill/PracticeDrillWorkbook.stories.tsx[2m > [22m[2mWith Document Refs
[22m[39mQuestionBlockRo.inProgress {}
[90mstdout[2m | src/components/PracticeDrill/PracticeDrillWorkbook.stories.tsx[2m > [22m[2mWith Document Refs
[22m[39m[Mock Data] Settings created: mock-settings-1790417827291 - notified 0 subscribers
[90mstdout[2m | src/components/PracticeDrill/PracticeDrillWorkbook.stories.tsx[2m > [22m[2mWith Document Refs
[22m[39m[Mock Data] Unit.onUpdate() subscription added. Total: 1
[90mstdout[2m | src/components/PracticeDrill/PracticeDrillWorkbook.stories.tsx[2m > [22m[2mWith Document Refs
[22m[39mQuestionBlockRo.grade {
  "_version": 1,
  "accuracy": null,
  "complete": false,
  "data": {},
  "id": "drill-grade-story-session-5",
}
[90mstdout[2m | src/components/PracticeDrill/PracticeDrillWorkbook.stories.tsx[2m > [22m[2mWith Document Refs
[22m[39m......!q {
  "answer": "Mitochondria",
  "correct": true,
}
[90mstdout[2m | src/components/PracticeDrill/PracticeDrillWorkbook.stories.tsx[2m > [22m[2mWith Document Refs
[22m[39m......!q {
  "answer": "Nucleus",
  "correct": false,
}
[90mstdout[2m | src/components/PracticeDrill/PracticeDrillWorkbook.stories.tsx[2m > [22m[2mWith Document Refs
[22m[39m......!q {
  "answer": "Ribosome",
  "correct": false,
}
[90mstdout[2m | src/components/PracticeDrill/PracticeDrillWorkbook.stories.tsx[2m > [22m[2mWith Document Refs
[22m[39m......!q {
  "answer": "Golgi apparatus",
  "correct": false,
}
[90mstdout[2m | src/components/PracticeDrill/PracticeDrillWorkbook.stories.tsx[2m > [22m[2mWith Document Refs
[22m[39mQuestionBlock.nodeKey 27 type: string
[90mstdout[2m | src/components/PracticeDrill/PracticeDrillWorkbook.stories.tsx[2m > [22m[2mWith Document Refs
[22m[39mQuestionBlock.questionContent [
  {
    "answer": "Mitochondria",
    "correct": true,
  },
  {
    "answer": "Nucleus",
    "correct": false,
  },
  {
    "answer": "Ribosome",
    "correct": false,
  },
  {
    "answer": "Golgi apparatus",
    "correct": false,
  },
]
[90mstdout[2m | src/components/PracticeDrill/PracticeDrillWorkbook.stories.tsx[2m > [22m[2mWith Document Refs
[22m[39mQuestionBlock.grade.data keys: []
[90mstdout[2m | src/components/PracticeDrill/PracticeDrillWorkbook.stories.tsx[2m > [22m[2mWith Document Refs
[22m[39mQuestionBlock.grade.data[nodeKey]: undefined
[90mstdout[2m | src/components/PracticeDrill/PracticeDrillWorkbook.stories.tsx[2m > [22m[2mWith Document Refs
[22m[39mQuestionBlockRo.inProgress {}
[90mstdout[2m | src/components/PracticeDrill/PracticeDrillWorkbook.stories.tsx[2m > [22m[2mWith Document Refs
[22m[39m[SectionContext] Section observeQuery update: 0
[90mstdout[2m | src/components/PracticeDrill/PracticeDrillWorkbook.stories.tsx[2m > [22m[2mWith Document Refs
[22m[39m[FilesContext] File observeQuery update: 0 files
[90mstdout[2m | src/components/PracticeDrill/PracticeDrillWorkbook.stories.tsx[2m > [22m[2mWith Document Refs
[22m[39m[ChatContext] AssistantChat initialized with 0 chats
[90mstdout[2m | src/components/PracticeDrill/PracticeDrillWorkbook.stories.tsx[2m > [22m[2mWith Document Refs
[22m[39m[MOCK CourseVectorStore] Initialized with mock data
[90mstdout[2m | src/components/PracticeDrill/PracticeDrillWorkbook.stories.tsx[2m > [22m[2mWith Document Refs
[22m[39mQuestionBlockRo.grade {
  "_version": 1,
  "accuracy": null,
  "complete": false,
  "data": {},
  "id": "drill-grade-story-session-5",
}
[90mstdout[2m | src/components/PracticeDrill/PracticeDrillWorkbook.stories.tsx[2m > [22m[2mWith Document Refs
[22m[39m......!q {
  "answer": "Mitochondria",
  "correct": true,
}
[90mstdout[2m | src/components/PracticeDrill/PracticeDrillWorkbook.stories.tsx[2m > [22m[2mWith Document Refs
[22m[39m......!q {
  "answer": "Nucleus",
  "correct": false,
}
[90mstdout[2m | src/components/PracticeDrill/PracticeDrillWorkbook.stories.tsx[2m > [22m[2mWith Document Refs
[22m[39m......!q {
  "answer": "Ribosome",
  "correct": false,
}
[90mstdout[2m | src/components/PracticeDrill/PracticeDrillWorkbook.stories.tsx[2m > [22m[2mWith Document Refs
[22m[39m......!q {
  "answer": "Golgi apparatus",
  "correct": false,
}
[90mstdout[2m | src/components/PracticeDrill/PracticeDrillWorkbook.stories.tsx[2m > [22m[2mWith Document Refs
[22m[39mQuestionBlock.nodeKey 27 type: string
[90mstdout[2m | src/components/PracticeDrill/PracticeDrillWorkbook.stories.tsx[2m > [22m[2mWith Document Refs
[22m[39mQuestionBlock.questionContent [
  {
    "answer": "Mitochondria",
    "correct": true,
  },
  {
    "answer": "Nucleus",
    "correct": false,
  },
  {
    "answer": "Ribosome",
    "correct": false,
  },
  {
    "answer": "Golgi apparatus",
    "correct": false,
  },
]
[90mstdout[2m | src/components/PracticeDrill/PracticeDrillWorkbook.stories.tsx[2m > [22m[2mWith Document Refs
[22m[39mQuestionBlock.grade.data keys: []
[90mstdout[2m | src/components/PracticeDrill/PracticeDrillWorkbook.stories.tsx[2m > [22m[2mWith Document Refs
[22m[39mQuestionBlock.grade.data[nodeKey]: undefined
[90mstdout[2m | src/components/PracticeDrill/PracticeDrillWorkbook.stories.tsx[2m > [22m[2mWith Document Refs
[22m[39mQuestionBlockRo.inProgress {}
[90mstdout[2m | src/components/PracticeDrill/PracticeDrillWorkbook.stories.tsx[2m > [22m[2mWith Document Refs
[22m[39m[ChatContext] No current chat available, will create one
[90mstdout[2m | src/components/PracticeDrill/PracticeDrillWorkbook.stories.tsx[2m > [22m[2mWith Document Refs
[22m[39m[ChatContext] Creating AssistantChat with user: undefined
[90mstdout[2m | src/components/PracticeDrill/PracticeDrillWorkbook.stories.tsx[2m > [22m[2mWith Document Refs
[22m[39m[Mock Data] AssistantChat created: mock-assistantchat-1790417827688 - notified 1 subscribers
[90mstdout[2m | src/components/PracticeDrill/PracticeDrillWorkbook.stories.tsx[2m > [22m[2mWith Document Refs
[22m[39mQuestionBlockRo.grade {
  "_version": 1,
  "accuracy": null,
  "complete": false,
  "data": {},
  "id": "drill-grade-story-session-5",
}
[90mstdout[2m | src/components/PracticeDrill/PracticeDrillWorkbook.stories.tsx[2m > [22m[2mWith Document Refs
[22m[39m......!q {
  "answer": "Mitochondria",
  "correct": true,
}
[90mstdout[2m | src/components/PracticeDrill/PracticeDrillWorkbook.stories.tsx[2m > [22m[2mWith Document Refs
[22m[39m......!q {
  "answer": "Nucleus",
  "correct": false,
}
[90mstdout[2m | src/components/PracticeDrill/PracticeDrillWorkbook.stories.tsx[2m > [22m[2mWith Document Refs
[22m[39m......!q {
  "answer": "Ribosome",
  "correct": false,
}
[90mstdout[2m | src/components/PracticeDrill/PracticeDrillWorkbook.stories.tsx[2m > [22m[2mWith Document Refs
[22m[39m......!q {
  "answer": "Golgi apparatus",
  "correct": false,
}
[90mstdout[2m | src/components/PracticeDrill/PracticeDrillWorkbook.stories.tsx[2m > [22m[2mWith Document Refs
[22m[39mQuestionBlock.nodeKey 38 type: string
[90mstdout[2m | src/components/PracticeDrill/PracticeDrillWorkbook.stories.tsx[2m > [22m[2mWith Document Refs
[22m[39mQuestionBlock.questionContent [
  {
    "answer": "Mitochondria",
    "correct": true,
  },
  {
    "answer": "Nucleus",
    "correct": false,
  },
  {
    "answer": "Ribosome",
    "correct": false,
  },
  {
    "answer": "Golgi apparatus",
    "correct": false,
  },
]
[90mstdout[2m | src/components/PracticeDrill/PracticeDrillWorkbook.stories.tsx[2m > [22m[2mWith Document Refs
[22m[39mQuestionBlock.grade.data keys: []
[90mstdout[2m | src/components/PracticeDrill/PracticeDrillWorkbook.stories.tsx[2m > [22m[2mWith Document Refs
[22m[39mQuestionBlock.grade.data[nodeKey]: undefined
[90mstdout[2m | src/components/PracticeDrill/PracticeDrillWorkbook.stories.tsx[2m > [22m[2mWith Document Refs
[22m[39mQuestionBlockRo.inProgress {}
[90mstdout[2m | src/components/PracticeDrill/PracticeDrillWorkbook.stories.tsx[2m > [22m[2mWith Document Refs
[22m[39m[ChatContext] Create result: {
  "data": {
    "_version": 1,
    "archived": false,
    "chatFiles": [Function anonymous],
    "createdAt": "2026-09-26T10:17:07.688Z",
    "id": "mock-assistantchat-1790417827688",
    "model": "gpt-4",
    "updatedAt": "2026-09-26T10:17:07.688Z",
  },
  "errors": [],
  "hasData": true,
  "hasErrors": true,
}
[90mstdout[2m | src/components/PracticeDrill/PracticeDrillWorkbook.stories.tsx[2m > [22m[2mWith Document Refs
[22m[39m[ChatContext] Created AssistantChat: mock-assistantchat-1790417827688 at: 2026-09-26T10:17:07.688Z
[90mstdout[2m | src/components/PracticeDrill/PracticeDrillWorkbook.stories.tsx[2m > [22m[2mWith Document Refs
[22m[39m[Mock Storage] downloadData called with: undefined
[90mstdout[2m | src/components/PracticeDrill/PracticeDrillWorkbook.stories.tsx[2m > [22m[2mWith Document Refs
[22m[39m[ChatContext] Setting initial chat: mock-assistantchat-1790417827688
[90mstdout[2m | src/components/PracticeDrill/PracticeDrillWorkbook.stories.tsx[2m > [22m[2mWith Document Refs
[22m[39m[ChatContext] Chat exists and not archived, skipping creation
 [32m✓[39m [30m[45m storybook (chromium) [49m[39m src/components/PracticeDrill/PracticeDrillWorkbook.stories.tsx [2m([22m[2m3 tests[22m[2m)[22m[33m 4743[2mms[22m[39m
   [33m[2m✓[22m[39m Default [33m 2293[2mms[22m[39m
   [33m[2m✓[22m[39m Empty [33m 692[2mms[22m[39m
   [33m[2m✓[22m[39m With Document Refs [33m 1755[2mms[22m[39m
[90mstdout[2m | unknown test
[22m[39m[MOCK vectorStoreDB.js] Module loaded - mock IndexedDB operations
[90mstdout[2m | unknown test
[22m[39m[Task Completion] DOM action listeners initialized
[90mstdout[2m | unknown test
[22m[39m[Task Completion] Auto-completion detector initialized
[90mstdout[2m | unknown test
[22m[39m[Preview] Task completion detector initialized
[90mstdout[2m | src/components/Editor3/plugins/AnswerPlugin.stories.jsx[2m > [22m[2mEditable Empty
[22m[39m[Preview] Skipped initializing default mock data (initializeMockData=false)
[90mstdout[2m | src/components/Editor3/plugins/AnswerPlugin.stories.jsx[2m > [22m[2mEditable Empty
[22m[39m[MOCK CourseVectorStore] Initialized with mock data
[90mstdout[2m | src/components/Editor3/plugins/AnswerPlugin.stories.jsx[2m > [22m[2mEditable Empty
[22m[39m[Mock Data] seedMockUnit: Adding unit mock-unit-id
[90mstdout[2m | src/components/Editor3/plugins/AnswerPlugin.stories.jsx[2m > [22m[2mEditable Empty
[22m[39m[TranslationModeController] Setting mode to: off
[90mstdout[2m | src/components/Editor3/plugins/AnswerPlugin.stories.jsx[2m > [22m[2mEditable Empty
[22m[39m[UnitContext] useEffect triggered {
  "authLoading": false,
  "hasUser": true,
  "id": "mock-unit-id",
  "userSub": "mock-user-sub",
}
[90mstdout[2m | src/components/Editor3/plugins/AnswerPlugin.stories.jsx[2m > [22m[2mEditable Empty
[22m[39m[UnitContext] Fetching unit data for id: mock-unit-id
[90mstdout[2m | src/components/Editor3/plugins/AnswerPlugin.stories.jsx[2m > [22m[2mEditable Empty
[22m[39m[FilesContext] Initializing vector store from IndexedDB
[90mstdout[2m | src/components/Editor3/plugins/AnswerPlugin.stories.jsx[2m > [22m[2mEditable Empty
[22m[39m[FilesContext] fetchFiles called
[90mstdout[2m | src/components/Editor3/plugins/AnswerPlugin.stories.jsx[2m > [22m[2mEditable Empty
[22m[39m[FilesContext] User authenticated: mock-user-sub
[90mstdout[2m | src/components/Editor3/plugins/AnswerPlugin.stories.jsx[2m > [22m[2mEditable Empty
[22m[39m[FilesContext] Identity ID: us-east-1:mock-identity-123
[90mstdout[2m | src/components/Editor3/plugins/AnswerPlugin.stories.jsx[2m > [22m[2mEditable Empty
[22m[39m[FilesContext] About to set up File observeQuery
[90mstdout[2m | src/components/Editor3/plugins/AnswerPlugin.stories.jsx[2m > [22m[2mEditable Empty
[22m[39m[ChatContext] Setting up AssistantChat observeQuery
[90mstdout[2m | src/components/Editor3/plugins/AnswerPlugin.stories.jsx[2m > [22m[2mEditable Empty
[22m[39m[ChatContext] Waiting for subscription to initialize
[90mstdout[2m | src/components/Editor3/plugins/AnswerPlugin.stories.jsx[2m > [22m[2mEditable Empty
[22m[39m[SettingsContext] Setting up Settings subscription for user: mock-user-sub
[90mstdout[2m | src/components/Editor3/plugins/AnswerPlugin.stories.jsx[2m > [22m[2mEditable Empty
[22m[39m[Mock Data] Settings created: mock-settings-1790417841157 - notified 0 subscribers
[90mstdout[2m | src/components/Editor3/plugins/AnswerPlugin.stories.jsx[2m > [22m[2mEditable Empty
[22m[39m[Mock Data] Unit.onUpdate() subscription added. Total: 1
[90mstdout[2m | src/components/Editor3/plugins/AnswerPlugin.stories.jsx[2m > [22m[2mEditable Empty
[22m[39m[SectionContext] Section observeQuery update: 0
[90mstdout[2m | src/components/Editor3/plugins/AnswerPlugin.stories.jsx[2m > [22m[2mEditable Empty
[22m[39m[FilesContext] File observeQuery update: 0 files
[90mstdout[2m | src/components/Editor3/plugins/AnswerPlugin.stories.jsx[2m > [22m[2mEditable Empty
[22m[39m[ChatContext] AssistantChat initialized with 0 chats
[90mstdout[2m | src/components/Editor3/plugins/AnswerPlugin.stories.jsx[2m > [22m[2mEditable Empty
[22m[39m[MOCK CourseVectorStore] Initialized with mock data
[90mstdout[2m | src/components/Editor3/plugins/AnswerPlugin.stories.jsx[2m > [22m[2mEditable Empty
[22m[39m[ChatContext] No current chat available, will create one
[90mstdout[2m | src/components/Editor3/plugins/AnswerPlugin.stories.jsx[2m > [22m[2mEditable Empty
[22m[39m[ChatContext] Creating AssistantChat with user: undefined
[90mstdout[2m | src/components/Editor3/plugins/AnswerPlugin.stories.jsx[2m > [22m[2mEditable Empty
[22m[39m[Mock Data] AssistantChat created: mock-assistantchat-1790417841186 - notified 1 subscribers
[90mstdout[2m | src/components/Editor3/plugins/AnswerPlugin.stories.jsx[2m > [22m[2mEditable Empty
[22m[39m[ChatContext] Create result: {
  "data": {
    "_version": 1,
    "archived": false,
    "chatFiles": [Function anonymous],
    "createdAt": "2026-09-26T10:17:21.186Z",
    "id": "mock-assistantchat-1790417841186",
    "model": "gpt-4",
    "updatedAt": "2026-09-26T10:17:21.186Z",
  },
  "errors": [],
  "hasData": true,
  "hasErrors": true,
}
[90mstdout[2m | src/components/Editor3/plugins/AnswerPlugin.stories.jsx[2m > [22m[2mEditable Empty
[22m[39m[ChatContext] Created AssistantChat: mock-assistantchat-1790417841186 at: 2026-09-26T10:17:21.186Z
[90mstdout[2m | src/components/Editor3/plugins/AnswerPlugin.stories.jsx[2m > [22m[2mEditable Empty
[22m[39m[Mock Storage] downloadData called with: undefined
[90mstdout[2m | src/components/Editor3/plugins/AnswerPlugin.stories.jsx[2m > [22m[2mEditable Empty
[22m[39m[ChatContext] Setting initial chat: mock-assistantchat-1790417841186
[90mstdout[2m | src/components/Editor3/plugins/AnswerPlugin.stories.jsx[2m > [22m[2mEditable Empty
[22m[39m[ChatContext] Chat exists and not archived, skipping creation
[90mstdout[2m | src/components/Editor3/plugins/AnswerPlugin.stories.jsx[2m > [22m[2mEditable With Answer
[22m[39m[ChatContext] Cleaning up subscriptions
[90mstdout[2m | src/components/Editor3/plugins/AnswerPlugin.stories.jsx[2m > [22m[2mEditable With Answer
[22m[39m[Mock Data] Unit.onUpdate() subscription removed. Remaining: 0
[90mstdout[2m | src/components/Editor3/plugins/AnswerPlugin.stories.jsx[2m > [22m[2mEditable With Answer
[22m[39m[Preview] Skipped initializing default mock data (initializeMockData=false)
[90mstdout[2m | src/components/Editor3/plugins/AnswerPlugin.stories.jsx[2m > [22m[2mEditable With Answer
[22m[39m[MOCK CourseVectorStore] Initialized with mock data
[90mstdout[2m | src/components/Editor3/plugins/AnswerPlugin.stories.jsx[2m > [22m[2mEditable With Answer
[22m[39m[Mock Data] seedMockUnit: Adding unit mock-unit-id
[90mstdout[2m | src/components/Editor3/plugins/AnswerPlugin.stories.jsx[2m > [22m[2mEditable With Answer
[22m[39m[TranslationModeController] Setting mode to: off
[90mstdout[2m | src/components/Editor3/plugins/AnswerPlugin.stories.jsx[2m > [22m[2mEditable With Answer
[22m[39m[UnitContext] useEffect triggered {
  "authLoading": false,
  "hasUser": true,
  "id": "mock-unit-id",
  "userSub": "mock-user-sub",
}
[90mstdout[2m | src/components/Editor3/plugins/AnswerPlugin.stories.jsx[2m > [22m[2mEditable With Answer
[22m[39m[UnitContext] Fetching unit data for id: mock-unit-id
[90mstdout[2m | src/components/Editor3/plugins/AnswerPlugin.stories.jsx[2m > [22m[2mEditable With Answer
[22m[39m[FilesContext] Initializing vector store from IndexedDB
[90mstdout[2m | src/components/Editor3/plugins/AnswerPlugin.stories.jsx[2m > [22m[2mEditable With Answer
[22m[39m[FilesContext] fetchFiles called
[90mstdout[2m | src/components/Editor3/plugins/AnswerPlugin.stories.jsx[2m > [22m[2mEditable With Answer
[22m[39m[FilesContext] User authenticated: mock-user-sub
[90mstdout[2m | src/components/Editor3/plugins/AnswerPlugin.stories.jsx[2m > [22m[2mEditable With Answer
[22m[39m[FilesContext] Identity ID: us-east-1:mock-identity-123
[90mstdout[2m | src/components/Editor3/plugins/AnswerPlugin.stories.jsx[2m > [22m[2mEditable With Answer
[22m[39m[FilesContext] About to set up File observeQuery
[90mstdout[2m | src/components/Editor3/plugins/AnswerPlugin.stories.jsx[2m > [22m[2mEditable With Answer
[22m[39m[ChatContext] Setting up AssistantChat observeQuery
[90mstdout[2m | src/components/Editor3/plugins/AnswerPlugin.stories.jsx[2m > [22m[2mEditable With Answer
[22m[39m[ChatContext] Waiting for subscription to initialize
[90mstdout[2m | src/components/Editor3/plugins/AnswerPlugin.stories.jsx[2m > [22m[2mEditable With Answer
[22m[39m[SettingsContext] Setting up Settings subscription for user: mock-user-sub
[90mstdout[2m | src/components/Editor3/plugins/AnswerPlugin.stories.jsx[2m > [22m[2mEditable With Answer
[22m[39m[Mock Data] Settings created: mock-settings-1790417841796 - notified 0 subscribers
[90mstdout[2m | src/components/Editor3/plugins/AnswerPlugin.stories.jsx[2m > [22m[2mEditable With Answer
[22m[39m[Mock Data] Unit.onUpdate() subscription added. Total: 1
[90mstdout[2m | src/components/Editor3/plugins/AnswerPlugin.stories.jsx[2m > [22m[2mEditable With Answer
[22m[39m[SectionContext] Section observeQuery update: 0
[90mstdout[2m | src/components/Editor3/plugins/AnswerPlugin.stories.jsx[2m > [22m[2mEditable With Answer
[22m[39m[FilesContext] File observeQuery update: 0 files
[90mstdout[2m | src/components/Editor3/plugins/AnswerPlugin.stories.jsx[2m > [22m[2mEditable With Answer
[22m[39m[ChatContext] AssistantChat initialized with 0 chats
[90mstdout[2m | src/components/Editor3/plugins/AnswerPlugin.stories.jsx[2m > [22m[2mEditable With Answer
[22m[39m[MOCK CourseVectorStore] Initialized with mock data
[90mstdout[2m | src/components/Editor3/plugins/AnswerPlugin.stories.jsx[2m > [22m[2mEditable With Answer
[22m[39m[ChatContext] No current chat available, will create one
[90mstdout[2m | src/components/Editor3/plugins/AnswerPlugin.stories.jsx[2m > [22m[2mEditable With Answer
[22m[39m[ChatContext] Creating AssistantChat with user: undefined
[90mstdout[2m | src/components/Editor3/plugins/AnswerPlugin.stories.jsx[2m > [22m[2mEditable With Answer
[22m[39m[Mock Data] AssistantChat created: mock-assistantchat-1790417841931 - notified 1 subscribers
[90mstdout[2m | src/components/Editor3/plugins/AnswerPlugin.stories.jsx[2m > [22m[2mEditable With Answer
[22m[39m[ChatContext] Create result: {
  "data": {
    "_version": 1,
    "archived": false,
    "chatFiles": [Function anonymous],
    "createdAt": "2026-09-26T10:17:21.931Z",
    "id": "mock-assistantchat-1790417841931",
    "model": "gpt-4",
    "updatedAt": "2026-09-26T10:17:21.931Z",
  },
  "errors": [],
  "hasData": true,
  "hasErrors": true,
}
[90mstdout[2m | src/components/Editor3/plugins/AnswerPlugin.stories.jsx[2m > [22m[2mEditable With Answer
[22m[39m[ChatContext] Created AssistantChat: mock-assistantchat-1790417841931 at: 2026-09-26T10:17:21.931Z
[90mstdout[2m | src/components/Editor3/plugins/AnswerPlugin.stories.jsx[2m > [22m[2mEditable With Answer
[22m[39m[Mock Storage] downloadData called with: undefined
[90mstdout[2m | src/components/Editor3/plugins/AnswerPlugin.stories.jsx[2m > [22m[2mEditable With Answer
[22m[39m[ChatContext] Setting initial chat: mock-assistantchat-1790417841931
[90mstdout[2m | src/components/Editor3/plugins/AnswerPlugin.stories.jsx[2m > [22m[2mEditable With Answer
[22m[39m[ChatContext] Chat exists and not archived, skipping creation
[90mstdout[2m | src/components/Editor3/plugins/AnswerPlugin.stories.jsx[2m > [22m[2mRead Only With Answer
[22m[39m[ChatContext] Cleaning up subscriptions
[90mstdout[2m | src/components/Editor3/plugins/AnswerPlugin.stories.jsx[2m > [22m[2mRead Only With Answer
[22m[39m[Mock Data] Unit.onUpdate() subscription removed. Remaining: 0
[90mstdout[2m | src/components/Editor3/plugins/AnswerPlugin.stories.jsx[2m > [22m[2mRead Only With Answer
[22m[39m[Preview] Skipped initializing default mock data (initializeMockData=false)
[90mstdout[2m | src/components/Editor3/plugins/AnswerPlugin.stories.jsx[2m > [22m[2mRead Only With Answer
[22m[39m[MOCK CourseVectorStore] Initialized with mock data
[90mstdout[2m | src/components/Editor3/plugins/AnswerPlugin.stories.jsx[2m > [22m[2mRead Only With Answer
[22m[39m[Mock Data] seedMockUnit: Adding unit mock-unit-id
[90mstdout[2m | src/components/Editor3/plugins/AnswerPlugin.stories.jsx[2m > [22m[2mRead Only With Answer
[22m[39m[TranslationModeController] Setting mode to: off
[90mstdout[2m | src/components/Editor3/plugins/AnswerPlugin.stories.jsx[2m > [22m[2mRead Only With Answer
[22m[39m[UnitContext] useEffect triggered {
  "authLoading": false,
  "hasUser": true,
  "id": "mock-unit-id",
  "userSub": "mock-user-sub",
}
[90mstdout[2m | src/components/Editor3/plugins/AnswerPlugin.stories.jsx[2m > [22m[2mRead Only With Answer
[22m[39m[UnitContext] Fetching unit data for id: mock-unit-id
[90mstdout[2m | src/components/Editor3/plugins/AnswerPlugin.stories.jsx[2m > [22m[2mRead Only With Answer
[22m[39m[FilesContext] Initializing vector store from IndexedDB
[90mstdout[2m | src/components/Editor3/plugins/AnswerPlugin.stories.jsx[2m > [22m[2mRead Only With Answer
[22m[39m[FilesContext] fetchFiles called
[90mstdout[2m | src/components/Editor3/plugins/AnswerPlugin.stories.jsx[2m > [22m[2mRead Only With Answer
[22m[39m[FilesContext] User authenticated: mock-user-sub
[90mstdout[2m | src/components/Editor3/plugins/AnswerPlugin.stories.jsx[2m > [22m[2mRead Only With Answer
[22m[39m[FilesContext] Identity ID: us-east-1:mock-identity-123
[90mstdout[2m | src/components/Editor3/plugins/AnswerPlugin.stories.jsx[2m > [22m[2mRead Only With Answer
[22m[39m[FilesContext] About to set up File observeQuery
[90mstdout[2m | src/components/Editor3/plugins/AnswerPlugin.stories.jsx[2m > [22m[2mRead Only With Answer
[22m[39m[ChatContext] Setting up AssistantChat observeQuery
[90mstdout[2m | src/components/Editor3/plugins/AnswerPlugin.stories.jsx[2m > [22m[2mRead Only With Answer
[22m[39m[ChatContext] Waiting for subscription to initialize
[90mstdout[2m | src/components/Editor3/plugins/AnswerPlugin.stories.jsx[2m > [22m[2mRead Only With Answer
[22m[39m[SettingsContext] Setting up Settings subscription for user: mock-user-sub
[90mstdout[2m | src/components/Editor3/plugins/AnswerPlugin.stories.jsx[2m > [22m[2mRead Only With Answer
[22m[39m[Mock Data] Settings created: mock-settings-1790417842951 - notified 0 subscribers
[90mstdout[2m | src/components/Editor3/plugins/AnswerPlugin.stories.jsx[2m > [22m[2mRead Only With Answer
[22m[39m[Mock Data] Unit.onUpdate() subscription added. Total: 1
[90mstdout[2m | src/components/Editor3/plugins/AnswerPlugin.stories.jsx[2m > [22m[2mRead Only With Answer
[22m[39m[SectionContext] Section observeQuery update: 0
[90mstdout[2m | src/components/Editor3/plugins/AnswerPlugin.stories.jsx[2m > [22m[2mRead Only With Answer
[22m[39m[FilesContext] File observeQuery update: 0 files
[90mstdout[2m | src/components/Editor3/plugins/AnswerPlugin.stories.jsx[2m > [22m[2mRead Only With Answer
[22m[39m[ChatContext] AssistantChat initialized with 0 chats
[90mstdout[2m | src/components/Editor3/plugins/AnswerPlugin.stories.jsx[2m > [22m[2mRead Only With Answer
[22m[39m[MOCK CourseVectorStore] Initialized with mock data
[90mstdout[2m | src/components/Editor3/plugins/AnswerPlugin.stories.jsx[2m > [22m[2mRead Only With Answer
[22m[39m[ChatContext] No current chat available, will create one
[90mstdout[2m | src/components/Editor3/plugins/AnswerPlugin.stories.jsx[2m > [22m[2mRead Only With Answer
[22m[39m[ChatContext] Creating AssistantChat with user: undefined
[90mstdout[2m | src/components/Editor3/plugins/AnswerPlugin.stories.jsx[2m > [22m[2mRead Only With Answer
[22m[39m[Mock Data] AssistantChat created: mock-assistantchat-1790417843036 - notified 1 subscribers
[90mstdout[2m | src/components/Editor3/plugins/AnswerPlugin.stories.jsx[2m > [22m[2mRead Only With Answer
[22m[39m[ChatContext] Create result: {
  "data": {
    "_version": 1,
    "archived": false,
    "chatFiles": [Function anonymous],
    "createdAt": "2026-09-26T10:17:23.036Z",
    "id": "mock-assistantchat-1790417843036",
    "model": "gpt-4",
    "updatedAt": "2026-09-26T10:17:23.036Z",
  },
  "errors": [],
  "hasData": true,
  "hasErrors": true,
}
[90mstdout[2m | src/components/Editor3/plugins/AnswerPlugin.stories.jsx[2m > [22m[2mRead Only With Answer
[22m[39m[ChatContext] Created AssistantChat: mock-assistantchat-1790417843036 at: 2026-09-26T10:17:23.036Z
[90mstdout[2m | src/components/Editor3/plugins/AnswerPlugin.stories.jsx[2m > [22m[2mRead Only With Answer
[22m[39m[Mock Storage] downloadData called with: undefined
[90mstdout[2m | src/components/Editor3/plugins/AnswerPlugin.stories.jsx[2m > [22m[2mRead Only With Answer
[22m[39m[ChatContext] Setting initial chat: mock-assistantchat-1790417843036
[90mstdout[2m | src/components/Editor3/plugins/AnswerPlugin.stories.jsx[2m > [22m[2mRead Only With Answer
[22m[39m[ChatContext] Chat exists and not archived, skipping creation
 [32m✓[39m [30m[45m storybook (chromium) [49m[39m src/components/Editor3/plugins/AnswerPlugin.stories.jsx [2m([22m[2m3 tests[22m[2m)[22m[33m 2408[2mms[22m[39m
   [33m[2m✓[22m[39m Editable Empty [33m 530[2mms[22m[39m
   [33m[2m✓[22m[39m Editable With Answer [33m 788[2mms[22m[39m
   [33m[2m✓[22m[39m Read Only With Answer [33m 1088[2mms[22m[39m
[90mstdout[2m | unknown test
[22m[39m[MOCK vectorStoreDB.js] Module loaded - mock IndexedDB operations
[90mstdout[2m | unknown test
[22m[39m[Task Completion] DOM action listeners initialized
[90mstdout[2m | unknown test
[22m[39m[Task Completion] Auto-completion detector initialized
[90mstdout[2m | unknown test
[22m[39m[Preview] Task completion detector initialized
[90mstdout[2m | src/stories/root-components.stories.tsx[2m > [22m[2mAuthFormSkeleton
[22m[39m[MOCK CourseVectorStore] Initialized with mock data
[90mstdout[2m | src/stories/root-components.stories.tsx[2m > [22m[2mAuthFormSkeleton
[22m[39m[TranslationModeController] Setting mode to: off
[90mstdout[2m | src/stories/root-components.stories.tsx[2m > [22m[2mAuthFormSkeleton
[22m[39m[UnitContext] useEffect triggered {
  "authLoading": false,
  "hasUser": true,
  "id": "mock-unit-id",
  "userSub": "mock-user-sub",
}
[90mstdout[2m | src/stories/root-components.stories.tsx[2m > [22m[2mAuthFormSkeleton
[22m[39m[UnitContext] Fetching unit data for id: mock-unit-id
[90mstdout[2m | src/stories/root-components.stories.tsx[2m > [22m[2mAuthFormSkeleton
[22m[39m[FilesContext] Initializing vector store from IndexedDB
[90mstdout[2m | src/stories/root-components.stories.tsx[2m > [22m[2mAuthFormSkeleton
[22m[39m[FilesContext] fetchFiles called
[90mstdout[2m | src/stories/root-components.stories.tsx[2m > [22m[2mAuthFormSkeleton
[22m[39m[FilesContext] User authenticated: mock-user-sub
[90mstdout[2m | src/stories/root-components.stories.tsx[2m > [22m[2mAuthFormSkeleton
[22m[39m[FilesContext] Identity ID: us-east-1:mock-identity-123
[90mstdout[2m | src/stories/root-components.stories.tsx[2m > [22m[2mAuthFormSkeleton
[22m[39m[FilesContext] About to set up File observeQuery
[90mstdout[2m | src/stories/root-components.stories.tsx[2m > [22m[2mAuthFormSkeleton
[22m[39m[ChatContext] Setting up AssistantChat observeQuery
[90mstdout[2m | src/stories/root-components.stories.tsx[2m > [22m[2mAuthFormSkeleton
[22m[39m[ChatContext] Waiting for subscription to initialize
[90mstdout[2m | src/stories/root-components.stories.tsx[2m > [22m[2mAuthFormSkeleton
[22m[39m[SettingsContext] Setting up Settings subscription for user: mock-user-sub
[90mstdout[2m | src/stories/root-components.stories.tsx[2m > [22m[2mAuthFormSkeleton
[22m[39m[Mock Data] Settings created: mock-settings-1790417847955 - notified 0 subscribers
[90mstdout[2m | src/stories/root-components.stories.tsx[2m > [22m[2mAuthFormSkeleton
[22m[39m[Mock Data] Unit.onUpdate() subscription added. Total: 1
[90mstdout[2m | src/stories/root-components.stories.tsx[2m > [22m[2mAuthFormSkeleton
[22m[39m[SectionContext] Section observeQuery update: 0
[90mstdout[2m | src/stories/root-components.stories.tsx[2m > [22m[2mAuthFormSkeleton
[22m[39m[FilesContext] File observeQuery update: 6 files
[90mstdout[2m | src/stories/root-components.stories.tsx[2m > [22m[2mAuthFormSkeleton
[22m[39m[ChatContext] AssistantChat initialized with 1 chats
[90mstdout[2m | src/stories/root-components.stories.tsx[2m > [22m[2mAuthFormSkeleton
[22m[39m[ChatContext] Setting initial chat: mock-assistant-chat-1
[90mstdout[2m | src/stories/root-components.stories.tsx[2m > [22m[2mAuthFormSkeleton
[22m[39m[MOCK CourseVectorStore] Initialized with mock data
[90mstdout[2m | src/stories/root-components.stories.tsx[2m > [22m[2mAuthFormSkeleton
[22m[39m[FilesContext] Vector store population triggered {
  "currentVectorStoreSize": 3,
  "documentsCount": 0,
  "filesCount": 6,
  "isInitialLoad": true,
}
[90mstdout[2m | src/stories/root-components.stories.tsx[2m > [22m[2mAuthFormSkeleton
[22m[39m[FilesContext] Vector store population complete - 3 total embeddings
[90mstdout[2m | src/stories/root-components.stories.tsx[2m > [22m[2mAuthFormSkeleton
[22m[39m[ChatContext] Chat exists and not archived, skipping creation
[90mstdout[2m | src/stories/root-components.stories.tsx[2m > [22m[2mAuthFormSkeleton
[22m[39m[Mock Storage] downloadData called with: undefined
[90mstdout[2m | src/stories/root-components.stories.tsx[2m > [22m[2mAppSkeleton
[22m[39m[ChatContext] Cleaning up subscriptions
[90mstdout[2m | src/stories/root-components.stories.tsx[2m > [22m[2mAppSkeleton
[22m[39m[Mock Data] Unit.onUpdate() subscription removed. Remaining: 0
[90mstdout[2m | src/stories/root-components.stories.tsx[2m > [22m[2mAppSkeleton
[22m[39m[MOCK CourseVectorStore] Initialized with mock data
[90mstdout[2m | src/stories/root-components.stories.tsx[2m > [22m[2mAppSkeleton
[22m[39m[TranslationModeController] Setting mode to: off
[90mstdout[2m | src/stories/root-components.stories.tsx[2m > [22m[2mAppSkeleton
[22m[39m[UnitContext] useEffect triggered {
  "authLoading": false,
  "hasUser": true,
  "id": "mock-unit-id",
  "userSub": "mock-user-sub",
}
[90mstdout[2m | src/stories/root-components.stories.tsx[2m > [22m[2mAppSkeleton
[22m[39m[UnitContext] Fetching unit data for id: mock-unit-id
[90mstdout[2m | src/stories/root-components.stories.tsx[2m > [22m[2mAppSkeleton
[22m[39m[FilesContext] Initializing vector store from IndexedDB
[90mstdout[2m | src/stories/root-components.stories.tsx[2m > [22m[2mAppSkeleton
[22m[39m[FilesContext] fetchFiles called
[90mstdout[2m | src/stories/root-components.stories.tsx[2m > [22m[2mAppSkeleton
[22m[39m[FilesContext] User authenticated: mock-user-sub
[90mstdout[2m | src/stories/root-components.stories.tsx[2m > [22m[2mAppSkeleton
[22m[39m[FilesContext] Identity ID: us-east-1:mock-identity-123
[90mstdout[2m | src/stories/root-components.stories.tsx[2m > [22m[2mAppSkeleton
[22m[39m[FilesContext] About to set up File observeQuery
[90mstdout[2m | src/stories/root-components.stories.tsx[2m > [22m[2mAppSkeleton
[22m[39m[ChatContext] Setting up AssistantChat observeQuery
[90mstdout[2m | src/stories/root-components.stories.tsx[2m > [22m[2mAppSkeleton
[22m[39m[ChatContext] Waiting for subscription to initialize
[90mstdout[2m | src/stories/root-components.stories.tsx[2m > [22m[2mAppSkeleton
[22m[39m[SettingsContext] Setting up Settings subscription for user: mock-user-sub
[90mstdout[2m | src/stories/root-components.stories.tsx[2m > [22m[2mAppSkeleton
[22m[39m[Mock Data] Settings created: mock-settings-1790417848302 - notified 0 subscribers
[90mstdout[2m | src/stories/root-components.stories.tsx[2m > [22m[2mAppSkeleton
[22m[39m[Mock Data] Unit.onUpdate() subscription added. Total: 1
[90mstdout[2m | src/stories/root-components.stories.tsx[2m > [22m[2mAppSkeleton
[22m[39m[SectionContext] Section observeQuery update: 0
[90mstdout[2m | src/stories/root-components.stories.tsx[2m > [22m[2mAppSkeleton
[22m[39m[FilesContext] File observeQuery update: 6 files
[90mstdout[2m | src/stories/root-components.stories.tsx[2m > [22m[2mAppSkeleton
[22m[39m[ChatContext] AssistantChat initialized with 1 chats
[90mstdout[2m | src/stories/root-components.stories.tsx[2m > [22m[2mAppSkeleton
[22m[39m[ChatContext] Setting initial chat: mock-assistant-chat-1
[90mstdout[2m | src/stories/root-components.stories.tsx[2m > [22m[2mAppSkeleton
[22m[39m[Mock Storage] downloadData called with: undefined
[90mstdout[2m | src/stories/root-components.stories.tsx[2m > [22m[2mAppSkeleton
[22m[39m[MOCK CourseVectorStore] Initialized with mock data
[90mstdout[2m | src/stories/root-components.stories.tsx[2m > [22m[2mAppSkeleton
[22m[39m[FilesContext] Vector store population triggered {
  "currentVectorStoreSize": 3,
  "documentsCount": 0,
  "filesCount": 6,
  "isInitialLoad": true,
}
[90mstdout[2m | src/stories/root-components.stories.tsx[2m > [22m[2mAppSkeleton
[22m[39m[FilesContext] Vector store population complete - 3 total embeddings
[90mstdout[2m | src/stories/root-components.stories.tsx[2m > [22m[2mAppSkeleton
[22m[39m[ChatContext] Chat exists and not archived, skipping creation
[90mstdout[2m | src/stories/root-components.stories.tsx[2m > [22m[2mBotAvatar / Default
[22m[39m[ChatContext] Cleaning up subscriptions
[90mstdout[2m | src/stories/root-components.stories.tsx[2m > [22m[2mBotAvatar / Default
[22m[39m[Mock Data] Unit.onUpdate() subscription removed. Remaining: 0
[90mstdout[2m | src/stories/root-components.stories.tsx[2m > [22m[2mBotAvatar / Default
[22m[39m[MOCK CourseVectorStore] Initialized with mock data
[90mstdout[2m | src/stories/root-components.stories.tsx[2m > [22m[2mBotAvatar / Default
[22m[39m[TranslationModeController] Setting mode to: off
[90mstdout[2m | src/stories/root-components.stories.tsx[2m > [22m[2mBotAvatar / Default
[22m[39m[UnitContext] useEffect triggered {
  "authLoading": false,
  "hasUser": true,
  "id": "mock-unit-id",
  "userSub": "mock-user-sub",
}
[90mstdout[2m | src/stories/root-components.stories.tsx[2m > [22m[2mBotAvatar / Default
[22m[39m[UnitContext] Fetching unit data for id: mock-unit-id
[90mstdout[2m | src/stories/root-components.stories.tsx[2m > [22m[2mBotAvatar / Default
[22m[39m[FilesContext] Initializing vector store from IndexedDB
[90mstdout[2m | src/stories/root-components.stories.tsx[2m > [22m[2mBotAvatar / Default
[22m[39m[FilesContext] fetchFiles called
[90mstdout[2m | src/stories/root-components.stories.tsx[2m > [22m[2mBotAvatar / Default
[22m[39m[FilesContext] User authenticated: mock-user-sub
[90mstdout[2m | src/stories/root-components.stories.tsx[2m > [22m[2mBotAvatar / Default
[22m[39m[FilesContext] Identity ID: us-east-1:mock-identity-123
[90mstdout[2m | src/stories/root-components.stories.tsx[2m > [22m[2mBotAvatar / Default
[22m[39m[FilesContext] About to set up File observeQuery
[90mstdout[2m | src/stories/root-components.stories.tsx[2m > [22m[2mBotAvatar / Default
[22m[39m[ChatContext] Setting up AssistantChat observeQuery
[90mstdout[2m | src/stories/root-components.stories.tsx[2m > [22m[2mBotAvatar / Default
[22m[39m[ChatContext] Waiting for subscription to initialize
[90mstdout[2m | src/stories/root-components.stories.tsx[2m > [22m[2mBotAvatar / Default
[22m[39m[SettingsContext] Setting up Settings subscription for user: mock-user-sub
[90mstdout[2m | src/stories/root-components.stories.tsx[2m > [22m[2mBotAvatar / Default
[22m[39m[Mock Data] Settings created: mock-settings-1790417848696 - notified 0 subscribers
[90mstdout[2m | src/stories/root-components.stories.tsx[2m > [22m[2mBotAvatar / Default
[22m[39m[Mock Data] Unit.onUpdate() subscription added. Total: 1
[90mstdout[2m | src/stories/root-components.stories.tsx[2m > [22m[2mBotAvatar / Default
[22m[39m[SectionContext] Section observeQuery update: 0
[90mstdout[2m | src/stories/root-components.stories.tsx[2m > [22m[2mBotAvatar / Default
[22m[39m[FilesContext] File observeQuery update: 6 files
[90mstdout[2m | src/stories/root-components.stories.tsx[2m > [22m[2mBotAvatar / Default
[22m[39m[ChatContext] AssistantChat initialized with 1 chats
[90mstdout[2m | src/stories/root-components.stories.tsx[2m > [22m[2mBotAvatar / Default
[22m[39m[ChatContext] Setting initial chat: mock-assistant-chat-1
[90mstdout[2m | src/stories/root-components.stories.tsx[2m > [22m[2mBotAvatar / Default
[22m[39m[MOCK CourseVectorStore] Initialized with mock data
[90mstdout[2m | src/stories/root-components.stories.tsx[2m > [22m[2mBotAvatar / Default
[22m[39m[FilesContext] Vector store population triggered {
  "currentVectorStoreSize": 3,
  "documentsCount": 0,
  "filesCount": 6,
  "isInitialLoad": true,
}
[90mstdout[2m | src/stories/root-components.stories.tsx[2m > [22m[2mBotAvatar / Default
[22m[39m[FilesContext] Vector store population complete - 3 total embeddings
[90mstdout[2m | src/stories/root-components.stories.tsx[2m > [22m[2mBotAvatar / Default
[22m[39m[ChatContext] Chat exists and not archived, skipping creation
[90mstdout[2m | src/stories/root-components.stories.tsx[2m > [22m[2mBotAvatar / Default
[22m[39m[Mock Storage] downloadData called with: undefined
[90mstdout[2m | src/stories/root-components.stories.tsx[2m > [22m[2mBotAvatar / Large
[22m[39m[ChatContext] Cleaning up subscriptions
[90mstdout[2m | src/stories/root-components.stories.tsx[2m > [22m[2mBotAvatar / Large
[22m[39m[Mock Data] Unit.onUpdate() subscription removed. Remaining: 0
[90mstdout[2m | src/stories/root-components.stories.tsx[2m > [22m[2mBotAvatar / Large
[22m[39m[MOCK CourseVectorStore] Initialized with mock data
[90mstdout[2m | src/stories/root-components.stories.tsx[2m > [22m[2mBotAvatar / Large
[22m[39m[TranslationModeController] Setting mode to: off
[90mstdout[2m | src/stories/root-components.stories.tsx[2m > [22m[2mBotAvatar / Large
[22m[39m[UnitContext] useEffect triggered {
  "authLoading": false,
  "hasUser": true,
  "id": "mock-unit-id",
  "userSub": "mock-user-sub",
}
[90mstdout[2m | src/stories/root-components.stories.tsx[2m > [22m[2mBotAvatar / Large
[22m[39m[UnitContext] Fetching unit data for id: mock-unit-id
[90mstdout[2m | src/stories/root-components.stories.tsx[2m > [22m[2mBotAvatar / Large
[22m[39m[FilesContext] Initializing vector store from IndexedDB
[90mstdout[2m | src/stories/root-components.stories.tsx[2m > [22m[2mBotAvatar / Large
[22m[39m[FilesContext] fetchFiles called
[90mstdout[2m | src/stories/root-components.stories.tsx[2m > [22m[2mBotAvatar / Large
[22m[39m[FilesContext] User authenticated: mock-user-sub
[90mstdout[2m | src/stories/root-components.stories.tsx[2m > [22m[2mBotAvatar / Large
[22m[39m[FilesContext] Identity ID: us-east-1:mock-identity-123
[90mstdout[2m | src/stories/root-components.stories.tsx[2m > [22m[2mBotAvatar / Large
[22m[39m[FilesContext] About to set up File observeQuery
[90mstdout[2m | src/stories/root-components.stories.tsx[2m > [22m[2mBotAvatar / Large
[22m[39m[ChatContext] Setting up AssistantChat observeQuery
[90mstdout[2m | src/stories/root-components.stories.tsx[2m > [22m[2mBotAvatar / Large
[22m[39m[ChatContext] Waiting for subscription to initialize
[90mstdout[2m | src/stories/root-components.stories.tsx[2m > [22m[2mBotAvatar / Large
[22m[39m[SettingsContext] Setting up Settings subscription for user: mock-user-sub
[90mstdout[2m | src/stories/root-components.stories.tsx[2m > [22m[2mBotAvatar / Large
[22m[39m[Mock Data] Settings created: mock-settings-1790417848958 - notified 0 subscribers
[90mstdout[2m | src/stories/root-components.stories.tsx[2m > [22m[2mBotAvatar / Large
[22m[39m[Mock Data] Unit.onUpdate() subscription added. Total: 1
[90mstdout[2m | src/stories/root-components.stories.tsx[2m > [22m[2mBotAvatar / Large
[22m[39m[SectionContext] Section observeQuery update: 0
[90mstdout[2m | src/stories/root-components.stories.tsx[2m > [22m[2mBotAvatar / Large
[22m[39m[FilesContext] File observeQuery update: 6 files
[90mstdout[2m | src/stories/root-components.stories.tsx[2m > [22m[2mBotAvatar / Large
[22m[39m[ChatContext] AssistantChat initialized with 1 chats
[90mstdout[2m | src/stories/root-components.stories.tsx[2m > [22m[2mBotAvatar / Large
[22m[39m[ChatContext] Setting initial chat: mock-assistant-chat-1
[90mstdout[2m | src/stories/root-components.stories.tsx[2m > [22m[2mBotAvatar / Large
[22m[39m[MOCK CourseVectorStore] Initialized with mock data
[90mstdout[2m | src/stories/root-components.stories.tsx[2m > [22m[2mBotAvatar / Large
[22m[39m[FilesContext] Vector store population triggered {
  "currentVectorStoreSize": 3,
  "documentsCount": 0,
  "filesCount": 6,
  "isInitialLoad": true,
}
[90mstdout[2m | src/stories/root-components.stories.tsx[2m > [22m[2mBotAvatar / Large
[22m[39m[FilesContext] Vector store population complete - 3 total embeddings
[90mstdout[2m | src/stories/root-components.stories.tsx[2m > [22m[2mBotAvatar / Large
[22m[39m[ChatContext] Chat exists and not archived, skipping creation
[90mstdout[2m | src/stories/root-components.stories.tsx[2m > [22m[2mBotAvatar / Large
[22m[39m[Mock Storage] downloadData called with: undefined
[90mstdout[2m | src/stories/root-components.stories.tsx[2m > [22m[2mBotCustomizer / Locked (Tier 0)
[22m[39m[ChatContext] Cleaning up subscriptions
[90mstdout[2m | src/stories/root-components.stories.tsx[2m > [22m[2mBotCustomizer / Locked (Tier 0)
[22m[39m[Mock Data] Unit.onUpdate() subscription removed. Remaining: 0
[90mstdout[2m | src/stories/root-components.stories.tsx[2m > [22m[2mBotCustomizer / Locked (Tier 0)
[22m[39m[MOCK CourseVectorStore] Initialized with mock data
[90mstdout[2m | src/stories/root-components.stories.tsx[2m > [22m[2mBotCustomizer / Locked (Tier 0)
[22m[39m[TranslationModeController] Setting mode to: off
[90mstdout[2m | src/stories/root-components.stories.tsx[2m > [22m[2mBotCustomizer / Locked (Tier 0)
[22m[39m[UnitContext] useEffect triggered {
  "authLoading": false,
  "hasUser": true,
  "id": "mock-unit-id",
  "userSub": "mock-user-sub",
}
[90mstdout[2m | src/stories/root-components.stories.tsx[2m > [22m[2mBotCustomizer / Locked (Tier 0)
[22m[39m[UnitContext] Fetching unit data for id: mock-unit-id
[90mstdout[2m | src/stories/root-components.stories.tsx[2m > [22m[2mBotCustomizer / Locked (Tier 0)
[22m[39m[FilesContext] Initializing vector store from IndexedDB
[90mstdout[2m | src/stories/root-components.stories.tsx[2m > [22m[2mBotCustomizer / Locked (Tier 0)
[22m[39m[FilesContext] fetchFiles called
[90mstdout[2m | src/stories/root-components.stories.tsx[2m > [22m[2mBotCustomizer / Locked (Tier 0)
[22m[39m[FilesContext] User authenticated: mock-user-sub
[90mstdout[2m | src/stories/root-components.stories.tsx[2m > [22m[2mBotCustomizer / Locked (Tier 0)
[22m[39m[FilesContext] Identity ID: us-east-1:mock-identity-123
[90mstdout[2m | src/stories/root-components.stories.tsx[2m > [22m[2mBotCustomizer / Locked (Tier 0)
[22m[39m[FilesContext] About to set up File observeQuery
[90mstdout[2m | src/stories/root-components.stories.tsx[2m > [22m[2mBotCustomizer / Locked (Tier 0)
[22m[39m[ChatContext] Setting up AssistantChat observeQuery
[90mstdout[2m | src/stories/root-components.stories.tsx[2m > [22m[2mBotCustomizer / Locked (Tier 0)
[22m[39m[ChatContext] Waiting for subscription to initialize
[90mstdout[2m | src/stories/root-components.stories.tsx[2m > [22m[2mBotCustomizer / Locked (Tier 0)
[22m[39m[SettingsContext] Setting up Settings subscription for user: mock-user-sub
[90mstdout[2m | src/stories/root-components.stories.tsx[2m > [22m[2mBotCustomizer / Locked (Tier 0)
[22m[39m[Mock Data] Settings created: mock-settings-1790417849373 - notified 0 subscribers
[90mstdout[2m | src/stories/root-components.stories.tsx[2m > [22m[2mBotCustomizer / Locked (Tier 0)
[22m[39m[Mock Data] Unit.onUpdate() subscription added. Total: 1
[90mstdout[2m | src/stories/root-components.stories.tsx[2m > [22m[2mBotCustomizer / Locked (Tier 0)
[22m[39m[SectionContext] Section observeQuery update: 0
[90mstdout[2m | src/stories/root-components.stories.tsx[2m > [22m[2mBotCustomizer / Locked (Tier 0)
[22m[39m[FilesContext] File observeQuery update: 6 files
[90mstdout[2m | src/stories/root-components.stories.tsx[2m > [22m[2mBotCustomizer / Locked (Tier 0)
[22m[39m[ChatContext] AssistantChat initialized with 1 chats
[90mstdout[2m | src/stories/root-components.stories.tsx[2m > [22m[2mBotCustomizer / Locked (Tier 0)
[22m[39m[ChatContext] Setting initial chat: mock-assistant-chat-1
[90mstdout[2m | src/stories/root-components.stories.tsx[2m > [22m[2mBotCustomizer / Locked (Tier 0)
[22m[39m[MOCK CourseVectorStore] Initialized with mock data
[90mstdout[2m | src/stories/root-components.stories.tsx[2m > [22m[2mBotCustomizer / Locked (Tier 0)
[22m[39m[FilesContext] Vector store population triggered {
  "currentVectorStoreSize": 3,
  "documentsCount": 0,
  "filesCount": 6,
  "isInitialLoad": true,
}
[90mstdout[2m | src/stories/root-components.stories.tsx[2m > [22m[2mBotCustomizer / Locked (Tier 0)
[22m[39m[FilesContext] Vector store population complete - 3 total embeddings
[90mstdout[2m | src/stories/root-components.stories.tsx[2m > [22m[2mBotCustomizer / Locked (Tier 0)
[22m[39m[ChatContext] Chat exists and not archived, skipping creation
[90mstdout[2m | src/stories/root-components.stories.tsx[2m > [22m[2mBotCustomizer / Locked (Tier 0)
[22m[39m[Mock Storage] downloadData called with: undefined
[90mstdout[2m | src/stories/root-components.stories.tsx[2m > [22m[2mBotCustomizer / Tier 2
[22m[39m[ChatContext] Cleaning up subscriptions
[90mstdout[2m | src/stories/root-components.stories.tsx[2m > [22m[2mBotCustomizer / Tier 2
[22m[39m[Mock Data] Unit.onUpdate() subscription removed. Remaining: 0
[90mstdout[2m | src/stories/root-components.stories.tsx[2m > [22m[2mBotCustomizer / Tier 2
[22m[39m[MOCK CourseVectorStore] Initialized with mock data
[90mstdout[2m | src/stories/root-components.stories.tsx[2m > [22m[2mBotCustomizer / Tier 2
[22m[39m[TranslationModeController] Setting mode to: off
[90mstdout[2m | src/stories/root-components.stories.tsx[2m > [22m[2mBotCustomizer / Tier 2
[22m[39m[UnitContext] useEffect triggered {
  "authLoading": false,
  "hasUser": true,
  "id": "mock-unit-id",
  "userSub": "mock-user-sub",
}
[90mstdout[2m | src/stories/root-components.stories.tsx[2m > [22m[2mBotCustomizer / Tier 2
[22m[39m[UnitContext] Fetching unit data for id: mock-unit-id
[90mstdout[2m | src/stories/root-components.stories.tsx[2m > [22m[2mBotCustomizer / Tier 2
[22m[39m[FilesContext] Initializing vector store from IndexedDB
[90mstdout[2m | src/stories/root-components.stories.tsx[2m > [22m[2mBotCustomizer / Tier 2
[22m[39m[FilesContext] fetchFiles called
[90mstdout[2m | src/stories/root-components.stories.tsx[2m > [22m[2mBotCustomizer / Tier 2
[22m[39m[FilesContext] User authenticated: mock-user-sub
[90mstdout[2m | src/stories/root-components.stories.tsx[2m > [22m[2mBotCustomizer / Tier 2
[22m[39m[FilesContext] Identity ID: us-east-1:mock-identity-123
[90mstdout[2m | src/stories/root-components.stories.tsx[2m > [22m[2mBotCustomizer / Tier 2
[22m[39m[FilesContext] About to set up File observeQuery
[90mstdout[2m | src/stories/root-components.stories.tsx[2m > [22m[2mBotCustomizer / Tier 2
[22m[39m[ChatContext] Setting up AssistantChat observeQuery
[90mstdout[2m | src/stories/root-components.stories.tsx[2m > [22m[2mBotCustomizer / Tier 2
[22m[39m[ChatContext] Waiting for subscription to initialize
[90mstdout[2m | src/stories/root-components.stories.tsx[2m > [22m[2mBotCustomizer / Tier 2
[22m[39m[SettingsContext] Setting up Settings subscription for user: mock-user-sub
[90mstdout[2m | src/stories/root-components.stories.tsx[2m > [22m[2mBotCustomizer / Tier 2
[22m[39m[Mock Data] Settings created: mock-settings-1790417849627 - notified 0 subscribers
[90mstdout[2m | src/stories/root-components.stories.tsx[2m > [22m[2mBotCustomizer / Tier 2
[22m[39m[Mock Data] Unit.onUpdate() subscription added. Total: 1
[90mstdout[2m | src/stories/root-components.stories.tsx[2m > [22m[2mBotCustomizer / Tier 2
[22m[39m[SectionContext] Section observeQuery update: 0
[90mstdout[2m | src/stories/root-components.stories.tsx[2m > [22m[2mBotCustomizer / Tier 2
[22m[39m[FilesContext] File observeQuery update: 6 files
[90mstdout[2m | src/stories/root-components.stories.tsx[2m > [22m[2mBotCustomizer / Tier 2
[22m[39m[ChatContext] AssistantChat initialized with 1 chats
[90mstdout[2m | src/stories/root-components.stories.tsx[2m > [22m[2mBotCustomizer / Tier 2
[22m[39m[ChatContext] Setting initial chat: mock-assistant-chat-1
[90mstdout[2m | src/stories/root-components.stories.tsx[2m > [22m[2mBotCustomizer / Tier 2
[22m[39m[MOCK CourseVectorStore] Initialized with mock data
[90mstdout[2m | src/stories/root-components.stories.tsx[2m > [22m[2mBotCustomizer / Tier 2
[22m[39m[FilesContext] Vector store population triggered {
  "currentVectorStoreSize": 3,
  "documentsCount": 0,
  "filesCount": 6,
  "isInitialLoad": true,
}
[90mstdout[2m | src/stories/root-components.stories.tsx[2m > [22m[2mBotCustomizer / Tier 2
[22m[39m[FilesContext] Vector store population complete - 3 total embeddings
[90mstdout[2m | src/stories/root-components.stories.tsx[2m > [22m[2mBotCustomizer / Tier 2
[22m[39m[ChatContext] Chat exists and not archived, skipping creation
[90mstdout[2m | src/stories/root-components.stories.tsx[2m > [22m[2mBotCustomizer / Tier 2
[22m[39m[Mock Storage] downloadData called with: undefined
[90mstdout[2m | src/stories/root-components.stories.tsx[2m > [22m[2mBotCustomizer / Full Unlock
[22m[39m[ChatContext] Cleaning up subscriptions
[90mstdout[2m | src/stories/root-components.stories.tsx[2m > [22m[2mBotCustomizer / Full Unlock
[22m[39m[Mock Data] Unit.onUpdate() subscription removed. Remaining: 0
[90mstdout[2m | src/stories/root-components.stories.tsx[2m > [22m[2mBotCustomizer / Full Unlock
[22m[39m[MOCK CourseVectorStore] Initialized with mock data
[90mstdout[2m | src/stories/root-components.stories.tsx[2m > [22m[2mBotCustomizer / Full Unlock
[22m[39m[TranslationModeController] Setting mode to: off
[90mstdout[2m | src/stories/root-components.stories.tsx[2m > [22m[2mBotCustomizer / Full Unlock
[22m[39m[UnitContext] useEffect triggered {
  "authLoading": false,
  "hasUser": true,
  "id": "mock-unit-id",
  "userSub": "mock-user-sub",
}
[90mstdout[2m | src/stories/root-components.stories.tsx[2m > [22m[2mBotCustomizer / Full Unlock
[22m[39m[UnitContext] Fetching unit data for id: mock-unit-id
[90mstdout[2m | src/stories/root-components.stories.tsx[2m > [22m[2mBotCustomizer / Full Unlock
[22m[39m[FilesContext] Initializing vector store from IndexedDB
[90mstdout[2m | src/stories/root-components.stories.tsx[2m > [22m[2mBotCustomizer / Full Unlock
[22m[39m[FilesContext] fetchFiles called
[90mstdout[2m | src/stories/root-components.stories.tsx[2m > [22m[2mBotCustomizer / Full Unlock
[22m[39m[FilesContext] User authenticated: mock-user-sub
[90mstdout[2m | src/stories/root-components.stories.tsx[2m > [22m[2mBotCustomizer / Full Unlock
[22m[39m[FilesContext] Identity ID: us-east-1:mock-identity-123
[90mstdout[2m | src/stories/root-components.stories.tsx[2m > [22m[2mBotCustomizer / Full Unlock
[22m[39m[FilesContext] About to set up File observeQuery
[90mstdout[2m | src/stories/root-components.stories.tsx[2m > [22m[2mBotCustomizer / Full Unlock
[22m[39m[ChatContext] Setting up AssistantChat observeQuery
[90mstdout[2m | src/stories/root-components.stories.tsx[2m > [22m[2mBotCustomizer / Full Unlock
[22m[39m[ChatContext] Waiting for subscription to initialize
[90mstdout[2m | src/stories/root-components.stories.tsx[2m > [22m[2mBotCustomizer / Full Unlock
[22m[39m[SettingsContext] Setting up Settings subscription for user: mock-user-sub
[90mstdout[2m | src/stories/root-components.stories.tsx[2m > [22m[2mBotCustomizer / Full Unlock
[22m[39m[Mock Data] Settings created: mock-settings-1790417850261 - notified 0 subscribers
[90mstdout[2m | src/stories/root-components.stories.tsx[2m > [22m[2mBotCustomizer / Full Unlock
[22m[39m[Mock Data] Unit.onUpdate() subscription added. Total: 1
[90mstdout[2m | src/stories/root-components.stories.tsx[2m > [22m[2mBotCustomizer / Full Unlock
[22m[39m[SectionContext] Section observeQuery update: 0
[90mstdout[2m | src/stories/root-components.stories.tsx[2m > [22m[2mBotCustomizer / Full Unlock
[22m[39m[FilesContext] File observeQuery update: 6 files
[90mstdout[2m | src/stories/root-components.stories.tsx[2m > [22m[2mBotCustomizer / Full Unlock
[22m[39m[ChatContext] AssistantChat initialized with 1 chats
[90mstdout[2m | src/stories/root-components.stories.tsx[2m > [22m[2mBotCustomizer / Full Unlock
[22m[39m[ChatContext] Setting initial chat: mock-assistant-chat-1
[90mstdout[2m | src/stories/root-components.stories.tsx[2m > [22m[2mBotCustomizer / Full Unlock
[22m[39m[MOCK CourseVectorStore] Initialized with mock data
[90mstdout[2m | src/stories/root-components.stories.tsx[2m > [22m[2mBotCustomizer / Full Unlock
[22m[39m[FilesContext] Vector store population triggered {
  "currentVectorStoreSize": 3,
  "documentsCount": 0,
  "filesCount": 6,
  "isInitialLoad": true,
}
[90mstdout[2m | src/stories/root-components.stories.tsx[2m > [22m[2mBotCustomizer / Full Unlock
[22m[39m[FilesContext] Vector store population complete - 3 total embeddings
[90mstdout[2m | src/stories/root-components.stories.tsx[2m > [22m[2mBotCustomizer / Full Unlock
[22m[39m[ChatContext] Chat exists and not archived, skipping creation
[90mstdout[2m | src/stories/root-components.stories.tsx[2m > [22m[2mBotCustomizer / Full Unlock
[22m[39m[Mock Storage] downloadData called with: undefined
[90mstdout[2m | src/stories/root-components.stories.tsx[2m > [22m[2mCommunityUnitCard
[22m[39m[ChatContext] Cleaning up subscriptions
[90mstdout[2m | src/stories/root-components.stories.tsx[2m > [22m[2mCommunityUnitCard
[22m[39m[Mock Data] Unit.onUpdate() subscription removed. Remaining: 0
[90mstdout[2m | src/stories/root-components.stories.tsx[2m > [22m[2mCommunityUnitCard
[22m[39m[MOCK CourseVectorStore] Initialized with mock data
[90mstdout[2m | src/stories/root-components.stories.tsx[2m > [22m[2mCommunityUnitCard
[22m[39m[TranslationModeController] Setting mode to: off
[90mstdout[2m | src/stories/root-components.stories.tsx[2m > [22m[2mCommunityUnitCard
[22m[39m[UnitContext] useEffect triggered {
  "authLoading": false,
  "hasUser": true,
  "id": "mock-unit-id",
  "userSub": "mock-user-sub",
}
[90mstdout[2m | src/stories/root-components.stories.tsx[2m > [22m[2mCommunityUnitCard
[22m[39m[UnitContext] Fetching unit data for id: mock-unit-id
[90mstdout[2m | src/stories/root-components.stories.tsx[2m > [22m[2mCommunityUnitCard
[22m[39m[FilesContext] Initializing vector store from IndexedDB
[90mstdout[2m | src/stories/root-components.stories.tsx[2m > [22m[2mCommunityUnitCard
[22m[39m[FilesContext] fetchFiles called
[90mstdout[2m | src/stories/root-components.stories.tsx[2m > [22m[2mCommunityUnitCard
[22m[39m[FilesContext] User authenticated: mock-user-sub
[90mstdout[2m | src/stories/root-components.stories.tsx[2m > [22m[2mCommunityUnitCard
[22m[39m[FilesContext] Identity ID: us-east-1:mock-identity-123
[90mstdout[2m | src/stories/root-components.stories.tsx[2m > [22m[2mCommunityUnitCard
[22m[39m[FilesContext] About to set up File observeQuery
[90mstdout[2m | src/stories/root-components.stories.tsx[2m > [22m[2mCommunityUnitCard
[22m[39m[ChatContext] Setting up AssistantChat observeQuery
[90mstdout[2m | src/stories/root-components.stories.tsx[2m > [22m[2mCommunityUnitCard
[22m[39m[ChatContext] Waiting for subscription to initialize
[90mstdout[2m | src/stories/root-components.stories.tsx[2m > [22m[2mCommunityUnitCard
[22m[39m[SettingsContext] Setting up Settings subscription for user: mock-user-sub
[90mstdout[2m | src/stories/root-components.stories.tsx[2m > [22m[2mCommunityUnitCard
[22m[39m[Mock Data] Settings created: mock-settings-1790417851184 - notified 0 subscribers
[90mstdout[2m | src/stories/root-components.stories.tsx[2m > [22m[2mCommunityUnitCard
[22m[39m[Mock Data] Unit.onUpdate() subscription added. Total: 1
[90mstdout[2m | src/stories/root-components.stories.tsx[2m > [22m[2mCommunityUnitCard
[22m[39m[SectionContext] Section observeQuery update: 0
[90mstdout[2m | src/stories/root-components.stories.tsx[2m > [22m[2mCommunityUnitCard
[22m[39m[FilesContext] File observeQuery update: 6 files
[90mstdout[2m | src/stories/root-components.stories.tsx[2m > [22m[2mCommunityUnitCard
[22m[39m[ChatContext] AssistantChat initialized with 1 chats
[90mstdout[2m | src/stories/root-components.stories.tsx[2m > [22m[2mCommunityUnitCard
[22m[39m[ChatContext] Setting initial chat: mock-assistant-chat-1
[90mstdout[2m | src/stories/root-components.stories.tsx[2m > [22m[2mCommunityUnitCard
[22m[39m[MOCK CourseVectorStore] Initialized with mock data
[90mstdout[2m | src/stories/root-components.stories.tsx[2m > [22m[2mCommunityUnitCard
[22m[39m[FilesContext] Vector store population triggered {
  "currentVectorStoreSize": 3,
  "documentsCount": 0,
  "filesCount": 6,
  "isInitialLoad": true,
}
[90mstdout[2m | src/stories/root-components.stories.tsx[2m > [22m[2mCommunityUnitCard
[22m[39m[FilesContext] Vector store population complete - 3 total embeddings
[90mstdout[2m | src/stories/root-components.stories.tsx[2m > [22m[2mCommunityUnitCard
[22m[39m[ChatContext] Chat exists and not archived, skipping creation
[90mstdout[2m | src/stories/root-components.stories.tsx[2m > [22m[2mCommunityUnitCard
[22m[39m[Mock Storage] downloadData called with: undefined
[90mstdout[2m | src/stories/root-components.stories.tsx[2m > [22m[2mCommunityUnitCard / Forking
[22m[39m[ChatContext] Cleaning up subscriptions
[90mstdout[2m | src/stories/root-components.stories.tsx[2m > [22m[2mCommunityUnitCard / Forking
[22m[39m[Mock Data] Unit.onUpdate() subscription removed. Remaining: 0
[90mstdout[2m | src/stories/root-components.stories.tsx[2m > [22m[2mCommunityUnitCard / Forking
[22m[39m[MOCK CourseVectorStore] Initialized with mock data
[90mstdout[2m | src/stories/root-components.stories.tsx[2m > [22m[2mCommunityUnitCard / Forking
[22m[39m[TranslationModeController] Setting mode to: off
[90mstdout[2m | src/stories/root-components.stories.tsx[2m > [22m[2mCommunityUnitCard / Forking
[22m[39m[UnitContext] useEffect triggered {
  "authLoading": false,
  "hasUser": true,
  "id": "mock-unit-id",
  "userSub": "mock-user-sub",
}
[90mstdout[2m | src/stories/root-components.stories.tsx[2m > [22m[2mCommunityUnitCard / Forking
[22m[39m[UnitContext] Fetching unit data for id: mock-unit-id
[90mstdout[2m | src/stories/root-components.stories.tsx[2m > [22m[2mCommunityUnitCard / Forking
[22m[39m[FilesContext] Initializing vector store from IndexedDB
[90mstdout[2m | src/stories/root-components.stories.tsx[2m > [22m[2mCommunityUnitCard / Forking
[22m[39m[FilesContext] fetchFiles called
[90mstdout[2m | src/stories/root-components.stories.tsx[2m > [22m[2mCommunityUnitCard / Forking
[22m[39m[FilesContext] User authenticated: mock-user-sub
[90mstdout[2m | src/stories/root-components.stories.tsx[2m > [22m[2mCommunityUnitCard / Forking
[22m[39m[FilesContext] Identity ID: us-east-1:mock-identity-123
[90mstdout[2m | src/stories/root-components.stories.tsx[2m > [22m[2mCommunityUnitCard / Forking
[22m[39m[FilesContext] About to set up File observeQuery
[90mstdout[2m | src/stories/root-components.stories.tsx[2m > [22m[2mCommunityUnitCard / Forking
[22m[39m[ChatContext] Setting up AssistantChat observeQuery
[90mstdout[2m | src/stories/root-components.stories.tsx[2m > [22m[2mCommunityUnitCard / Forking
[22m[39m[ChatContext] Waiting for subscription to initialize
[90mstdout[2m | src/stories/root-components.stories.tsx[2m > [22m[2mCommunityUnitCard / Forking
[22m[39m[SettingsContext] Setting up Settings subscription for user: mock-user-sub
[90mstdout[2m | src/stories/root-components.stories.tsx[2m > [22m[2mCommunityUnitCard / Forking
[22m[39m[Mock Data] Settings created: mock-settings-1790417851849 - notified 0 subscribers
[90mstdout[2m | src/stories/root-components.stories.tsx[2m > [22m[2mCommunityUnitCard / Forking
[22m[39m[Mock Data] Unit.onUpdate() subscription added. Total: 1
[90mstdout[2m | src/stories/root-components.stories.tsx[2m > [22m[2mCommunityUnitCard / Forking
[22m[39m[SectionContext] Section observeQuery update: 0
[90mstdout[2m | src/stories/root-components.stories.tsx[2m > [22m[2mCommunityUnitCard / Forking
[22m[39m[FilesContext] File observeQuery update: 6 files
[90mstdout[2m | src/stories/root-components.stories.tsx[2m > [22m[2mCommunityUnitCard / Forking
[22m[39m[ChatContext] AssistantChat initialized with 1 chats
[90mstdout[2m | src/stories/root-components.stories.tsx[2m > [22m[2mCommunityUnitCard / Forking
[22m[39m[ChatContext] Setting initial chat: mock-assistant-chat-1
[90mstdout[2m | src/stories/root-components.stories.tsx[2m > [22m[2mCommunityUnitCard / Forking
[22m[39m[MOCK CourseVectorStore] Initialized with mock data
[90mstdout[2m | src/stories/root-components.stories.tsx[2m > [22m[2mCommunityUnitCard / Forking
[22m[39m[FilesContext] Vector store population triggered {
  "currentVectorStoreSize": 3,
  "documentsCount": 0,
  "filesCount": 6,
  "isInitialLoad": true,
}
[90mstdout[2m | src/stories/root-components.stories.tsx[2m > [22m[2mCommunityUnitCard / Forking
[22m[39m[FilesContext] Vector store population complete - 3 total embeddings
[90mstdout[2m | src/stories/root-components.stories.tsx[2m > [22m[2mCommunityUnitCard / Forking
[22m[39m[ChatContext] Chat exists and not archived, skipping creation
[90mstdout[2m | src/stories/root-components.stories.tsx[2m > [22m[2mCommunityUnitCard / Forking
[22m[39m[Mock Storage] downloadData called with: undefined
[90mstdout[2m | src/stories/root-components.stories.tsx[2m > [22m[2mLazyCardMedia
[22m[39m[ChatContext] Cleaning up subscriptions
[90mstdout[2m | src/stories/root-components.stories.tsx[2m > [22m[2mLazyCardMedia
[22m[39m[Mock Data] Unit.onUpdate() subscription removed. Remaining: 0
[90mstdout[2m | src/stories/root-components.stories.tsx[2m > [22m[2mLazyCardMedia
[22m[39m[MOCK CourseVectorStore] Initialized with mock data
[90mstdout[2m | src/stories/root-components.stories.tsx[2m > [22m[2mLazyCardMedia
[22m[39m[TranslationModeController] Setting mode to: off
[90mstdout[2m | src/stories/root-components.stories.tsx[2m > [22m[2mLazyCardMedia
[22m[39m[UnitContext] useEffect triggered {
  "authLoading": false,
  "hasUser": true,
  "id": "mock-unit-id",
  "userSub": "mock-user-sub",
}
[90mstdout[2m | src/stories/root-components.stories.tsx[2m > [22m[2mLazyCardMedia
[22m[39m[UnitContext] Fetching unit data for id: mock-unit-id
[90mstdout[2m | src/stories/root-components.stories.tsx[2m > [22m[2mLazyCardMedia
[22m[39m[FilesContext] Initializing vector store from IndexedDB
[90mstdout[2m | src/stories/root-components.stories.tsx[2m > [22m[2mLazyCardMedia
[22m[39m[FilesContext] fetchFiles called
[90mstdout[2m | src/stories/root-components.stories.tsx[2m > [22m[2mLazyCardMedia
[22m[39m[FilesContext] User authenticated: mock-user-sub
[90mstdout[2m | src/stories/root-components.stories.tsx[2m > [22m[2mLazyCardMedia
[22m[39m[FilesContext] Identity ID: us-east-1:mock-identity-123
[90mstdout[2m | src/stories/root-components.stories.tsx[2m > [22m[2mLazyCardMedia
[22m[39m[FilesContext] About to set up File observeQuery
[90mstdout[2m | src/stories/root-components.stories.tsx[2m > [22m[2mLazyCardMedia
[22m[39m[ChatContext] Setting up AssistantChat observeQuery
[90mstdout[2m | src/stories/root-components.stories.tsx[2m > [22m[2mLazyCardMedia
[22m[39m[ChatContext] Waiting for subscription to initialize
[90mstdout[2m | src/stories/root-components.stories.tsx[2m > [22m[2mLazyCardMedia
[22m[39m[SettingsContext] Setting up Settings subscription for user: mock-user-sub
[90mstdout[2m | src/stories/root-components.stories.tsx[2m > [22m[2mLazyCardMedia
[22m[39m[Mock Data] Settings created: mock-settings-1790417852280 - notified 0 subscribers
[90mstdout[2m | src/stories/root-components.stories.tsx[2m > [22m[2mLazyCardMedia
[22m[39m[Mock Data] Unit.onUpdate() subscription added. Total: 1
[90mstdout[2m | src/stories/root-components.stories.tsx[2m > [22m[2mLazyCardMedia
[22m[39m[SectionContext] Section observeQuery update: 0
[90mstdout[2m | src/stories/root-components.stories.tsx[2m > [22m[2mLazyCardMedia
[22m[39m[FilesContext] File observeQuery update: 6 files
[90mstdout[2m | src/stories/root-components.stories.tsx[2m > [22m[2mLazyCardMedia
[22m[39m[ChatContext] AssistantChat initialized with 1 chats
[90mstdout[2m | src/stories/root-components.stories.tsx[2m > [22m[2mLazyCardMedia
[22m[39m[ChatContext] Setting initial chat: mock-assistant-chat-1
[90mstdout[2m | src/stories/root-components.stories.tsx[2m > [22m[2mLazyCardMedia
[22m[39m[MOCK CourseVectorStore] Initialized with mock data
[90mstdout[2m | src/stories/root-components.stories.tsx[2m > [22m[2mLazyCardMedia
[22m[39mMock Cache.getItem called with: getCachedUrl_public/images/sample-thumbnail.jpg
[90mstdout[2m | src/stories/root-components.stories.tsx[2m > [22m[2mLazyCardMedia
[22m[39mMock Cache.getItem called with: getCachedUrl_protected/us-east-1:identity-teacher-1/file-sample-1/small.webp
[90mstdout[2m | src/stories/root-components.stories.tsx[2m > [22m[2mLazyCardMedia
[22m[39mMock Cache.getItem called with: getCachedUrl_protected/us-east-1:identity-teacher-1/file-sample-1/medium.webp
[90mstdout[2m | src/stories/root-components.stories.tsx[2m > [22m[2mLazyCardMedia
[22m[39mMock Cache.getItem called with: getCachedUrl_protected/us-east-1:identity-teacher-1/file-sample-1/large.webp
[90mstdout[2m | src/stories/root-components.stories.tsx[2m > [22m[2mLazyCardMedia
[22m[39m[FilesContext] Vector store population triggered {
  "currentVectorStoreSize": 3,
  "documentsCount": 0,
  "filesCount": 6,
  "isInitialLoad": true,
}
[90mstdout[2m | src/stories/root-components.stories.tsx[2m > [22m[2mLazyCardMedia
[22m[39m[FilesContext] Vector store population complete - 3 total embeddings
[90mstdout[2m | src/stories/root-components.stories.tsx[2m > [22m[2mLazyCardMedia
[22m[39m[ChatContext] Chat exists and not archived, skipping creation
[90mstdout[2m | src/stories/root-components.stories.tsx[2m > [22m[2mLazyCardMedia
[22m[39mMock getUrl called with: public/images/sample-thumbnail.jpg
[90mstdout[2m | src/stories/root-components.stories.tsx[2m > [22m[2mLazyCardMedia
[22m[39mMock getUrl called with: protected/us-east-1:identity-teacher-1/file-sample-1/small.webp
[90mstdout[2m | src/stories/root-components.stories.tsx[2m > [22m[2mLazyCardMedia
[22m[39mMock getUrl called with: protected/us-east-1:identity-teacher-1/file-sample-1/medium.webp
[90mstdout[2m | src/stories/root-components.stories.tsx[2m > [22m[2mLazyCardMedia
[22m[39mMock getUrl called with: protected/us-east-1:identity-teacher-1/file-sample-1/large.webp
[90mstdout[2m | src/stories/root-components.stories.tsx[2m > [22m[2mLazyCardMedia
[22m[39mMock Cache.setItem called with: getCachedUrl_public/images/sample-thumbnail.jpg public/images/sample-thumbnail.jpg
[90mstdout[2m | src/stories/root-components.stories.tsx[2m > [22m[2mLazyCardMedia
[22m[39mMock Cache.setItem called with: getCachedUrl_protected/us-east-1:identity-teacher-1/file-sample-1/small.webp protected/us-east-1:identity-teacher-1/file-sample-1/small.webp
[90mstdout[2m | src/stories/root-components.stories.tsx[2m > [22m[2mLazyCardMedia
[22m[39mMock Cache.setItem called with: getCachedUrl_protected/us-east-1:identity-teacher-1/file-sample-1/medium.webp protected/us-east-1:identity-teacher-1/file-sample-1/medium.webp
[90mstdout[2m | src/stories/root-components.stories.tsx[2m > [22m[2mLazyCardMedia
[22m[39mMock Cache.setItem called with: getCachedUrl_protected/us-east-1:identity-teacher-1/file-sample-1/large.webp protected/us-east-1:identity-teacher-1/file-sample-1/large.webp
[90mstdout[2m | src/stories/root-components.stories.tsx[2m > [22m[2mLazyCardMedia
[22m[39m[Mock Storage] downloadData called with: undefined
[90mstdout[2m | src/stories/root-components.stories.tsx[2m > [22m[2mPrefetchButton
[22m[39m[ChatContext] Cleaning up subscriptions
[90mstdout[2m | src/stories/root-components.stories.tsx[2m > [22m[2mPrefetchButton
[22m[39m[Mock Data] Unit.onUpdate() subscription removed. Remaining: 0
[90mstdout[2m | src/stories/root-components.stories.tsx[2m > [22m[2mPrefetchButton
[22m[39m[MOCK CourseVectorStore] Initialized with mock data
[90mstdout[2m | src/stories/root-components.stories.tsx[2m > [22m[2mPrefetchButton
[22m[39m[TranslationModeController] Setting mode to: off
[90mstdout[2m | src/stories/root-components.stories.tsx[2m > [22m[2mPrefetchButton
[22m[39m[UnitContext] useEffect triggered {
  "authLoading": false,
  "hasUser": true,
  "id": "mock-unit-id",
  "userSub": "mock-user-sub",
}
[90mstdout[2m | src/stories/root-components.stories.tsx[2m > [22m[2mPrefetchButton
[22m[39m[UnitContext] Fetching unit data for id: mock-unit-id
[90mstdout[2m | src/stories/root-components.stories.tsx[2m > [22m[2mPrefetchButton
[22m[39m[FilesContext] Initializing vector store from IndexedDB
[90mstdout[2m | src/stories/root-components.stories.tsx[2m > [22m[2mPrefetchButton
[22m[39m[FilesContext] fetchFiles called
[90mstdout[2m | src/stories/root-components.stories.tsx[2m > [22m[2mPrefetchButton
[22m[39m[FilesContext] User authenticated: mock-user-sub
[90mstdout[2m | src/stories/root-components.stories.tsx[2m > [22m[2mPrefetchButton
[22m[39m[FilesContext] Identity ID: us-east-1:mock-identity-123
[90mstdout[2m | src/stories/root-components.stories.tsx[2m > [22m[2mPrefetchButton
[22m[39m[FilesContext] About to set up File observeQuery
[90mstdout[2m | src/stories/root-components.stories.tsx[2m > [22m[2mPrefetchButton
[22m[39m[ChatContext] Setting up AssistantChat observeQuery
[90mstdout[2m | src/stories/root-components.stories.tsx[2m > [22m[2mPrefetchButton
[22m[39m[ChatContext] Waiting for subscription to initialize
[90mstdout[2m | src/stories/root-components.stories.tsx[2m > [22m[2mPrefetchButton
[22m[39m[SettingsContext] Setting up Settings subscription for user: mock-user-sub
[90mstdout[2m | src/stories/root-components.stories.tsx[2m > [22m[2mPrefetchButton
[22m[39m[Mock Data] Settings created: mock-settings-1790417852661 - notified 0 subscribers
[90mstdout[2m | src/stories/root-components.stories.tsx[2m > [22m[2mPrefetchButton
[22m[39m[Mock Data] Unit.onUpdate() subscription added. Total: 1
[90mstdout[2m | src/stories/root-components.stories.tsx[2m > [22m[2mPrefetchButton
[22m[39m[SectionContext] Section observeQuery update: 0
[90mstdout[2m | src/stories/root-components.stories.tsx[2m > [22m[2mPrefetchButton
[22m[39m[FilesContext] File observeQuery update: 6 files
[90mstdout[2m | src/stories/root-components.stories.tsx[2m > [22m[2mPrefetchButton
[22m[39m[ChatContext] AssistantChat initialized with 1 chats
[90mstdout[2m | src/stories/root-components.stories.tsx[2m > [22m[2mPrefetchButton
[22m[39m[ChatContext] Setting initial chat: mock-assistant-chat-1
[90mstdout[2m | src/stories/root-components.stories.tsx[2m > [22m[2mPrefetchButton
[22m[39m[MOCK CourseVectorStore] Initialized with mock data
[90mstdout[2m | src/stories/root-components.stories.tsx[2m > [22m[2mPrefetchButton
[22m[39m[FilesContext] Vector store population triggered {
  "currentVectorStoreSize": 3,
  "documentsCount": 0,
  "filesCount": 6,
  "isInitialLoad": true,
}
[90mstdout[2m | src/stories/root-components.stories.tsx[2m > [22m[2mPrefetchButton
[22m[39m[FilesContext] Vector store population complete - 3 total embeddings
[90mstdout[2m | src/stories/root-components.stories.tsx[2m > [22m[2mPrefetchButton
[22m[39m[ChatContext] Chat exists and not archived, skipping creation
[90mstdout[2m | src/stories/root-components.stories.tsx[2m > [22m[2mPrefetchButton
[22m[39m[Mock Storage] downloadData called with: undefined
[90mstdout[2m | src/stories/root-components.stories.tsx[2m > [22m[2mPrefetchButton / Outlined
[22m[39m[ChatContext] Cleaning up subscriptions
[90mstdout[2m | src/stories/root-components.stories.tsx[2m > [22m[2mPrefetchButton / Outlined
[22m[39m[Mock Data] Unit.onUpdate() subscription removed. Remaining: 0
[90mstdout[2m | src/stories/root-components.stories.tsx[2m > [22m[2mPrefetchButton / Outlined
[22m[39m[MOCK CourseVectorStore] Initialized with mock data
[90mstdout[2m | src/stories/root-components.stories.tsx[2m > [22m[2mPrefetchButton / Outlined
[22m[39m[TranslationModeController] Setting mode to: off
[90mstdout[2m | src/stories/root-components.stories.tsx[2m > [22m[2mPrefetchButton / Outlined
[22m[39m[UnitContext] useEffect triggered {
  "authLoading": false,
  "hasUser": true,
  "id": "mock-unit-id",
  "userSub": "mock-user-sub",
}
[90mstdout[2m | src/stories/root-components.stories.tsx[2m > [22m[2mPrefetchButton / Outlined
[22m[39m[UnitContext] Fetching unit data for id: mock-unit-id
[90mstdout[2m | src/stories/root-components.stories.tsx[2m > [22m[2mPrefetchButton / Outlined
[22m[39m[FilesContext] Initializing vector store from IndexedDB
[90mstdout[2m | src/stories/root-components.stories.tsx[2m > [22m[2mPrefetchButton / Outlined
[22m[39m[FilesContext] fetchFiles called
[90mstdout[2m | src/stories/root-components.stories.tsx[2m > [22m[2mPrefetchButton / Outlined
[22m[39m[FilesContext] User authenticated: mock-user-sub
[90mstdout[2m | src/stories/root-components.stories.tsx[2m > [22m[2mPrefetchButton / Outlined
[22m[39m[FilesContext] Identity ID: us-east-1:mock-identity-123
[90mstdout[2m | src/stories/root-components.stories.tsx[2m > [22m[2mPrefetchButton / Outlined
[22m[39m[FilesContext] About to set up File observeQuery
[90mstdout[2m | src/stories/root-components.stories.tsx[2m > [22m[2mPrefetchButton / Outlined
[22m[39m[ChatContext] Setting up AssistantChat observeQuery
[90mstdout[2m | src/stories/root-components.stories.tsx[2m > [22m[2mPrefetchButton / Outlined
[22m[39m[ChatContext] Waiting for subscription to initialize
[90mstdout[2m | src/stories/root-components.stories.tsx[2m > [22m[2mPrefetchButton / Outlined
[22m[39m[SettingsContext] Setting up Settings subscription for user: mock-user-sub
[90mstdout[2m | src/stories/root-components.stories.tsx[2m > [22m[2mPrefetchButton / Outlined
[22m[39m[Mock Data] Settings created: mock-settings-1790417852880 - notified 0 subscribers
[90mstdout[2m | src/stories/root-components.stories.tsx[2m > [22m[2mPrefetchButton / Outlined
[22m[39m[Mock Data] Unit.onUpdate() subscription added. Total: 1
[90mstdout[2m | src/stories/root-components.stories.tsx[2m > [22m[2mPrefetchButton / Outlined
[22m[39m[SectionContext] Section observeQuery update: 0
[90mstdout[2m | src/stories/root-components.stories.tsx[2m > [22m[2mPrefetchButton / Outlined
[22m[39m[FilesContext] File observeQuery update: 6 files
[90mstdout[2m | src/stories/root-components.stories.tsx[2m > [22m[2mPrefetchButton / Outlined
[22m[39m[ChatContext] AssistantChat initialized with 1 chats
[90mstdout[2m | src/stories/root-components.stories.tsx[2m > [22m[2mPrefetchButton / Outlined
[22m[39m[ChatContext] Setting initial chat: mock-assistant-chat-1
[90mstdout[2m | src/stories/root-components.stories.tsx[2m > [22m[2mPrefetchButton / Outlined
[22m[39m[MOCK CourseVectorStore] Initialized with mock data
[90mstdout[2m | src/stories/root-components.stories.tsx[2m > [22m[2mPrefetchButton / Outlined
[22m[39m[FilesContext] Vector store population triggered {
  "currentVectorStoreSize": 3,
  "documentsCount": 0,
  "filesCount": 6,
  "isInitialLoad": true,
}
[90mstdout[2m | src/stories/root-components.stories.tsx[2m > [22m[2mPrefetchButton / Outlined
[22m[39m[FilesContext] Vector store population complete - 3 total embeddings
[90mstdout[2m | src/stories/root-components.stories.tsx[2m > [22m[2mPrefetchButton / Outlined
[22m[39m[ChatContext] Chat exists and not archived, skipping creation
[90mstdout[2m | src/stories/root-components.stories.tsx[2m > [22m[2mPrefetchButton / Outlined
[22m[39m[Mock Storage] downloadData called with: undefined
[90mstdout[2m | src/stories/root-components.stories.tsx[2m > [22m[2mSharedUnitCard / Edit Permission
[22m[39m[ChatContext] Cleaning up subscriptions
[90mstdout[2m | src/stories/root-components.stories.tsx[2m > [22m[2mSharedUnitCard / Edit Permission
[22m[39m[Mock Data] Unit.onUpdate() subscription removed. Remaining: 0
[90mstdout[2m | src/stories/root-components.stories.tsx[2m > [22m[2mSharedUnitCard / Edit Permission
[22m[39m[MOCK CourseVectorStore] Initialized with mock data
[90mstdout[2m | src/stories/root-components.stories.tsx[2m > [22m[2mSharedUnitCard / Edit Permission
[22m[39m[TranslationModeController] Setting mode to: off
[90mstdout[2m | src/stories/root-components.stories.tsx[2m > [22m[2mSharedUnitCard / Edit Permission
[22m[39m[UnitContext] useEffect triggered {
  "authLoading": false,
  "hasUser": true,
  "id": "mock-unit-id",
  "userSub": "mock-user-sub",
}
[90mstdout[2m | src/stories/root-components.stories.tsx[2m > [22m[2mSharedUnitCard / Edit Permission
[22m[39m[UnitContext] Fetching unit data for id: mock-unit-id
[90mstdout[2m | src/stories/root-components.stories.tsx[2m > [22m[2mSharedUnitCard / Edit Permission
[22m[39m[FilesContext] Initializing vector store from IndexedDB
[90mstdout[2m | src/stories/root-components.stories.tsx[2m > [22m[2mSharedUnitCard / Edit Permission
[22m[39m[FilesContext] fetchFiles called
[90mstdout[2m | src/stories/root-components.stories.tsx[2m > [22m[2mSharedUnitCard / Edit Permission
[22m[39m[FilesContext] User authenticated: mock-user-sub
[90mstdout[2m | src/stories/root-components.stories.tsx[2m > [22m[2mSharedUnitCard / Edit Permission
[22m[39m[FilesContext] Identity ID: us-east-1:mock-identity-123
[90mstdout[2m | src/stories/root-components.stories.tsx[2m > [22m[2mSharedUnitCard / Edit Permission
[22m[39m[FilesContext] About to set up File observeQuery
[90mstdout[2m | src/stories/root-components.stories.tsx[2m > [22m[2mSharedUnitCard / Edit Permission
[22m[39m[ChatContext] Setting up AssistantChat observeQuery
[90mstdout[2m | src/stories/root-components.stories.tsx[2m > [22m[2mSharedUnitCard / Edit Permission
[22m[39m[ChatContext] Waiting for subscription to initialize
[90mstdout[2m | src/stories/root-components.stories.tsx[2m > [22m[2mSharedUnitCard / Edit Permission
[22m[39m[SettingsContext] Setting up Settings subscription for user: mock-user-sub
[90mstdout[2m | src/stories/root-components.stories.tsx[2m > [22m[2mSharedUnitCard / Edit Permission
[22m[39m[Mock Data] Settings created: mock-settings-1790417853133 - notified 0 subscribers
[90mstdout[2m | src/stories/root-components.stories.tsx[2m > [22m[2mSharedUnitCard / Edit Permission
[22m[39m[Mock Data] Unit.onUpdate() subscription added. Total: 1
[90mstdout[2m | src/stories/root-components.stories.tsx[2m > [22m[2mSharedUnitCard / Edit Permission
[22m[39m[SectionContext] Section observeQuery update: 0
[90mstdout[2m | src/stories/root-components.stories.tsx[2m > [22m[2mSharedUnitCard / Edit Permission
[22m[39m[FilesContext] File observeQuery update: 6 files
[90mstdout[2m | src/stories/root-components.stories.tsx[2m > [22m[2mSharedUnitCard / Edit Permission
[22m[39m[ChatContext] AssistantChat initialized with 1 chats
[90mstdout[2m | src/stories/root-components.stories.tsx[2m > [22m[2mSharedUnitCard / Edit Permission
[22m[39m[ChatContext] Setting initial chat: mock-assistant-chat-1
[90mstdout[2m | src/stories/root-components.stories.tsx[2m > [22m[2mSharedUnitCard / Edit Permission
[22m[39m[MOCK CourseVectorStore] Initialized with mock data
[90mstdout[2m | src/stories/root-components.stories.tsx[2m > [22m[2mSharedUnitCard / Edit Permission
[22m[39m[FilesContext] Vector store population triggered {
  "currentVectorStoreSize": 3,
  "documentsCount": 0,
  "filesCount": 6,
  "isInitialLoad": true,
}
[90mstdout[2m | src/stories/root-components.stories.tsx[2m > [22m[2mSharedUnitCard / Edit Permission
[22m[39m[FilesContext] Vector store population complete - 3 total embeddings
[90mstdout[2m | src/stories/root-components.stories.tsx[2m > [22m[2mSharedUnitCard / Edit Permission
[22m[39m[ChatContext] Chat exists and not archived, skipping creation
[90mstdout[2m | src/stories/root-components.stories.tsx[2m > [22m[2mSharedUnitCard / Edit Permission
[22m[39m[Mock Storage] downloadData called with: undefined
[90mstdout[2m | src/stories/root-components.stories.tsx[2m > [22m[2mSharedUnitCard / Read-Only
[22m[39m[ChatContext] Cleaning up subscriptions
[90mstdout[2m | src/stories/root-components.stories.tsx[2m > [22m[2mSharedUnitCard / Read-Only
[22m[39m[Mock Data] Unit.onUpdate() subscription removed. Remaining: 0
[90mstdout[2m | src/stories/root-components.stories.tsx[2m > [22m[2mSharedUnitCard / Read-Only
[22m[39m[MOCK CourseVectorStore] Initialized with mock data
[90mstdout[2m | src/stories/root-components.stories.tsx[2m > [22m[2mSharedUnitCard / Read-Only
[22m[39m[TranslationModeController] Setting mode to: off
[90mstdout[2m | src/stories/root-components.stories.tsx[2m > [22m[2mSharedUnitCard / Read-Only
[22m[39m[UnitContext] useEffect triggered {
  "authLoading": false,
  "hasUser": true,
  "id": "mock-unit-id",
  "userSub": "mock-user-sub",
}
[90mstdout[2m | src/stories/root-components.stories.tsx[2m > [22m[2mSharedUnitCard / Read-Only
[22m[39m[UnitContext] Fetching unit data for id: mock-unit-id
[90mstdout[2m | src/stories/root-components.stories.tsx[2m > [22m[2mSharedUnitCard / Read-Only
[22m[39m[FilesContext] Initializing vector store from IndexedDB
[90mstdout[2m | src/stories/root-components.stories.tsx[2m > [22m[2mSharedUnitCard / Read-Only
[22m[39m[FilesContext] fetchFiles called
[90mstdout[2m | src/stories/root-components.stories.tsx[2m > [22m[2mSharedUnitCard / Read-Only
[22m[39m[FilesContext] User authenticated: mock-user-sub
[90mstdout[2m | src/stories/root-components.stories.tsx[2m > [22m[2mSharedUnitCard / Read-Only
[22m[39m[FilesContext] Identity ID: us-east-1:mock-identity-123
[90mstdout[2m | src/stories/root-components.stories.tsx[2m > [22m[2mSharedUnitCard / Read-Only
[22m[39m[FilesContext] About to set up File observeQuery
[90mstdout[2m | src/stories/root-components.stories.tsx[2m > [22m[2mSharedUnitCard / Read-Only
[22m[39m[ChatContext] Setting up AssistantChat observeQuery
[90mstdout[2m | src/stories/root-components.stories.tsx[2m > [22m[2mSharedUnitCard / Read-Only
[22m[39m[ChatContext] Waiting for subscription to initialize
[90mstdout[2m | src/stories/root-components.stories.tsx[2m > [22m[2mSharedUnitCard / Read-Only
[22m[39m[SettingsContext] Setting up Settings subscription for user: mock-user-sub
[90mstdout[2m | src/stories/root-components.stories.tsx[2m > [22m[2mSharedUnitCard / Read-Only
[22m[39m[Mock Data] Settings created: mock-settings-1790417853428 - notified 0 subscribers
[90mstdout[2m | src/stories/root-components.stories.tsx[2m > [22m[2mSharedUnitCard / Read-Only
[22m[39m[Mock Data] Unit.onUpdate() subscription added. Total: 1
[90mstdout[2m | src/stories/root-components.stories.tsx[2m > [22m[2mSharedUnitCard / Read-Only
[22m[39m[SectionContext] Section observeQuery update: 0
[90mstdout[2m | src/stories/root-components.stories.tsx[2m > [22m[2mSharedUnitCard / Read-Only
[22m[39m[FilesContext] File observeQuery update: 6 files
[90mstdout[2m | src/stories/root-components.stories.tsx[2m > [22m[2mSharedUnitCard / Read-Only
[22m[39m[ChatContext] AssistantChat initialized with 1 chats
[90mstdout[2m | src/stories/root-components.stories.tsx[2m > [22m[2mSharedUnitCard / Read-Only
[22m[39m[ChatContext] Setting initial chat: mock-assistant-chat-1
[90mstdout[2m | src/stories/root-components.stories.tsx[2m > [22m[2mSharedUnitCard / Read-Only
[22m[39m[MOCK CourseVectorStore] Initialized with mock data
[90mstdout[2m | src/stories/root-components.stories.tsx[2m > [22m[2mSharedUnitCard / Read-Only
[22m[39m[FilesContext] Vector store population triggered {
  "currentVectorStoreSize": 3,
  "documentsCount": 0,
  "filesCount": 6,
  "isInitialLoad": true,
}
[90mstdout[2m | src/stories/root-components.stories.tsx[2m > [22m[2mSharedUnitCard / Read-Only
[22m[39m[FilesContext] Vector store population complete - 3 total embeddings
[90mstdout[2m | src/stories/root-components.stories.tsx[2m > [22m[2mSharedUnitCard / Read-Only
[22m[39m[ChatContext] Chat exists and not archived, skipping creation
[90mstdout[2m | src/stories/root-components.stories.tsx[2m > [22m[2mSharedUnitCard / Read-Only
[22m[39m[Mock Storage] downloadData called with: undefined
[90mstdout[2m | src/stories/root-components.stories.tsx[2m > [22m[2mShowDeletedToggle / Off
[22m[39m[ChatContext] Cleaning up subscriptions
[90mstdout[2m | src/stories/root-components.stories.tsx[2m > [22m[2mShowDeletedToggle / Off
[22m[39m[Mock Data] Unit.onUpdate() subscription removed. Remaining: 0
[90mstdout[2m | src/stories/root-components.stories.tsx[2m > [22m[2mShowDeletedToggle / Off
[22m[39m[MOCK CourseVectorStore] Initialized with mock data
[90mstdout[2m | src/stories/root-components.stories.tsx[2m > [22m[2mShowDeletedToggle / Off
[22m[39m[TranslationModeController] Setting mode to: off
[90mstdout[2m | src/stories/root-components.stories.tsx[2m > [22m[2mShowDeletedToggle / Off
[22m[39m[UnitContext] useEffect triggered {
  "authLoading": false,
  "hasUser": true,
  "id": "mock-unit-id",
  "userSub": "mock-user-sub",
}
[90mstdout[2m | src/stories/root-components.stories.tsx[2m > [22m[2mShowDeletedToggle / Off
[22m[39m[UnitContext] Fetching unit data for id: mock-unit-id
[90mstdout[2m | src/stories/root-components.stories.tsx[2m > [22m[2mShowDeletedToggle / Off
[22m[39m[FilesContext] Initializing vector store from IndexedDB
[90mstdout[2m | src/stories/root-components.stories.tsx[2m > [22m[2mShowDeletedToggle / Off
[22m[39m[FilesContext] fetchFiles called
[90mstdout[2m | src/stories/root-components.stories.tsx[2m > [22m[2mShowDeletedToggle / Off
[22m[39m[FilesContext] User authenticated: mock-user-sub
[90mstdout[2m | src/stories/root-components.stories.tsx[2m > [22m[2mShowDeletedToggle / Off
[22m[39m[FilesContext] Identity ID: us-east-1:mock-identity-123
[90mstdout[2m | src/stories/root-components.stories.tsx[2m > [22m[2mShowDeletedToggle / Off
[22m[39m[FilesContext] About to set up File observeQuery
[90mstdout[2m | src/stories/root-components.stories.tsx[2m > [22m[2mShowDeletedToggle / Off
[22m[39m[ChatContext] Setting up AssistantChat observeQuery
[90mstdout[2m | src/stories/root-components.stories.tsx[2m > [22m[2mShowDeletedToggle / Off
[22m[39m[ChatContext] Waiting for subscription to initialize
[90mstdout[2m | src/stories/root-components.stories.tsx[2m > [22m[2mShowDeletedToggle / Off
[22m[39m[SettingsContext] Setting up Settings subscription for user: mock-user-sub
[90mstdout[2m | src/stories/root-components.stories.tsx[2m > [22m[2mShowDeletedToggle / Off
[22m[39m[Mock Data] Settings created: mock-settings-1790417853658 - notified 0 subscribers
[90mstdout[2m | src/stories/root-components.stories.tsx[2m > [22m[2mShowDeletedToggle / Off
[22m[39m[Mock Data] Unit.onUpdate() subscription added. Total: 1
[90mstdout[2m | src/stories/root-components.stories.tsx[2m > [22m[2mShowDeletedToggle / Off
[22m[39m[SectionContext] Section observeQuery update: 0
[90mstdout[2m | src/stories/root-components.stories.tsx[2m > [22m[2mShowDeletedToggle / Off
[22m[39m[FilesContext] File observeQuery update: 6 files
[90mstdout[2m | src/stories/root-components.stories.tsx[2m > [22m[2mShowDeletedToggle / Off
[22m[39m[ChatContext] AssistantChat initialized with 1 chats
[90mstdout[2m | src/stories/root-components.stories.tsx[2m > [22m[2mShowDeletedToggle / Off
[22m[39m[ChatContext] Setting initial chat: mock-assistant-chat-1
[90mstdout[2m | src/stories/root-components.stories.tsx[2m > [22m[2mShowDeletedToggle / Off
[22m[39m[MOCK CourseVectorStore] Initialized with mock data
[90mstdout[2m | src/stories/root-components.stories.tsx[2m > [22m[2mShowDeletedToggle / Off
[22m[39m[FilesContext] Vector store population triggered {
  "currentVectorStoreSize": 3,
  "documentsCount": 0,
  "filesCount": 6,
  "isInitialLoad": true,
}
[90mstdout[2m | src/stories/root-components.stories.tsx[2m > [22m[2mShowDeletedToggle / Off
[22m[39m[FilesContext] Vector store population complete - 3 total embeddings
[90mstdout[2m | src/stories/root-components.stories.tsx[2m > [22m[2mShowDeletedToggle / Off
[22m[39m[ChatContext] Chat exists and not archived, skipping creation
[90mstdout[2m | src/stories/root-components.stories.tsx[2m > [22m[2mShowDeletedToggle / Off
[22m[39m[Mock Storage] downloadData called with: undefined
[90mstdout[2m | src/stories/root-components.stories.tsx[2m > [22m[2mShowDeletedToggle / On
[22m[39m[ChatContext] Cleaning up subscriptions
[90mstdout[2m | src/stories/root-components.stories.tsx[2m > [22m[2mShowDeletedToggle / On
[22m[39m[Mock Data] Unit.onUpdate() subscription removed. Remaining: 0
[90mstdout[2m | src/stories/root-components.stories.tsx[2m > [22m[2mShowDeletedToggle / On
[22m[39m[MOCK CourseVectorStore] Initialized with mock data
[90mstdout[2m | src/stories/root-components.stories.tsx[2m > [22m[2mShowDeletedToggle / On
[22m[39m[TranslationModeController] Setting mode to: off
[90mstdout[2m | src/stories/root-components.stories.tsx[2m > [22m[2mShowDeletedToggle / On
[22m[39m[UnitContext] useEffect triggered {
  "authLoading": false,
  "hasUser": true,
  "id": "mock-unit-id",
  "userSub": "mock-user-sub",
}
[90mstdout[2m | src/stories/root-components.stories.tsx[2m > [22m[2mShowDeletedToggle / On
[22m[39m[UnitContext] Fetching unit data for id: mock-unit-id
[90mstdout[2m | src/stories/root-components.stories.tsx[2m > [22m[2mShowDeletedToggle / On
[22m[39m[FilesContext] Initializing vector store from IndexedDB
[90mstdout[2m | src/stories/root-components.stories.tsx[2m > [22m[2mShowDeletedToggle / On
[22m[39m[FilesContext] fetchFiles called
[90mstdout[2m | src/stories/root-components.stories.tsx[2m > [22m[2mShowDeletedToggle / On
[22m[39m[FilesContext] User authenticated: mock-user-sub
[90mstdout[2m | src/stories/root-components.stories.tsx[2m > [22m[2mShowDeletedToggle / On
[22m[39m[FilesContext] Identity ID: us-east-1:mock-identity-123
[90mstdout[2m | src/stories/root-components.stories.tsx[2m > [22m[2mShowDeletedToggle / On
[22m[39m[FilesContext] About to set up File observeQuery
[90mstdout[2m | src/stories/root-components.stories.tsx[2m > [22m[2mShowDeletedToggle / On
[22m[39m[ChatContext] Setting up AssistantChat observeQuery
[90mstdout[2m | src/stories/root-components.stories.tsx[2m > [22m[2mShowDeletedToggle / On
[22m[39m[ChatContext] Waiting for subscription to initialize
[90mstdout[2m | src/stories/root-components.stories.tsx[2m > [22m[2mShowDeletedToggle / On
[22m[39m[SettingsContext] Setting up Settings subscription for user: mock-user-sub
[90mstdout[2m | src/stories/root-components.stories.tsx[2m > [22m[2mShowDeletedToggle / On
[22m[39m[Mock Data] Settings created: mock-settings-1790417853909 - notified 0 subscribers
[90mstdout[2m | src/stories/root-components.stories.tsx[2m > [22m[2mShowDeletedToggle / On
[22m[39m[Mock Data] Unit.onUpdate() subscription added. Total: 1
[90mstdout[2m | src/stories/root-components.stories.tsx[2m > [22m[2mShowDeletedToggle / On
[22m[39m[SectionContext] Section observeQuery update: 0
[90mstdout[2m | src/stories/root-components.stories.tsx[2m > [22m[2mShowDeletedToggle / On
[22m[39m[FilesContext] File observeQuery update: 6 files
[90mstdout[2m | src/stories/root-components.stories.tsx[2m > [22m[2mShowDeletedToggle / On
[22m[39m[ChatContext] AssistantChat initialized with 1 chats
[90mstdout[2m | src/stories/root-components.stories.tsx[2m > [22m[2mShowDeletedToggle / On
[22m[39m[ChatContext] Setting initial chat: mock-assistant-chat-1
[90mstdout[2m | src/stories/root-components.stories.tsx[2m > [22m[2mShowDeletedToggle / On
[22m[39m[MOCK CourseVectorStore] Initialized with mock data
[90mstdout[2m | src/stories/root-components.stories.tsx[2m > [22m[2mShowDeletedToggle / On
[22m[39m[FilesContext] Vector store population triggered {
  "currentVectorStoreSize": 3,
  "documentsCount": 0,
  "filesCount": 6,
  "isInitialLoad": true,
}
[90mstdout[2m | src/stories/root-components.stories.tsx[2m > [22m[2mShowDeletedToggle / On
[22m[39m[FilesContext] Vector store population complete - 3 total embeddings
[90mstdout[2m | src/stories/root-components.stories.tsx[2m > [22m[2mShowDeletedToggle / On
[22m[39m[ChatContext] Chat exists and not archived, skipping creation
[90mstdout[2m | src/stories/root-components.stories.tsx[2m > [22m[2mShowDeletedToggle / On
[22m[39m[Mock Storage] downloadData called with: undefined
[90mstdout[2m | src/stories/root-components.stories.tsx[2m > [22m[2mToolbarScrollButton / Left
[22m[39m[ChatContext] Cleaning up subscriptions
[90mstdout[2m | src/stories/root-components.stories.tsx[2m > [22m[2mToolbarScrollButton / Left
[22m[39m[Mock Data] Unit.onUpdate() subscription removed. Remaining: 0
[90mstdout[2m | src/stories/root-components.stories.tsx[2m > [22m[2mToolbarScrollButton / Left
[22m[39m[MOCK CourseVectorStore] Initialized with mock data
[90mstdout[2m | src/stories/root-components.stories.tsx[2m > [22m[2mToolbarScrollButton / Left
[22m[39m[TranslationModeController] Setting mode to: off
[90mstdout[2m | src/stories/root-components.stories.tsx[2m > [22m[2mToolbarScrollButton / Left
[22m[39m[UnitContext] useEffect triggered {
  "authLoading": false,
  "hasUser": true,
  "id": "mock-unit-id",
  "userSub": "mock-user-sub",
}
[90mstdout[2m | src/stories/root-components.stories.tsx[2m > [22m[2mToolbarScrollButton / Left
[22m[39m[UnitContext] Fetching unit data for id: mock-unit-id
[90mstdout[2m | src/stories/root-components.stories.tsx[2m > [22m[2mToolbarScrollButton / Left
[22m[39m[FilesContext] Initializing vector store from IndexedDB
[90mstdout[2m | src/stories/root-components.stories.tsx[2m > [22m[2mToolbarScrollButton / Left
[22m[39m[FilesContext] fetchFiles called
[90mstdout[2m | src/stories/root-components.stories.tsx[2m > [22m[2mToolbarScrollButton / Left
[22m[39m[FilesContext] User authenticated: mock-user-sub
[90mstdout[2m | src/stories/root-components.stories.tsx[2m > [22m[2mToolbarScrollButton / Left
[22m[39m[FilesContext] Identity ID: us-east-1:mock-identity-123
[90mstdout[2m | src/stories/root-components.stories.tsx[2m > [22m[2mToolbarScrollButton / Left
[22m[39m[FilesContext] About to set up File observeQuery
[90mstdout[2m | src/stories/root-components.stories.tsx[2m > [22m[2mToolbarScrollButton / Left
[22m[39m[ChatContext] Setting up AssistantChat observeQuery
[90mstdout[2m | src/stories/root-components.stories.tsx[2m > [22m[2mToolbarScrollButton / Left
[22m[39m[ChatContext] Waiting for subscription to initialize
[90mstdout[2m | src/stories/root-components.stories.tsx[2m > [22m[2mToolbarScrollButton / Left
[22m[39m[SettingsContext] Setting up Settings subscription for user: mock-user-sub
[90mstdout[2m | src/stories/root-components.stories.tsx[2m > [22m[2mToolbarScrollButton / Left
[22m[39m[Mock Data] Settings created: mock-settings-1790417854228 - notified 0 subscribers
[90mstdout[2m | src/stories/root-components.stories.tsx[2m > [22m[2mToolbarScrollButton / Left
[22m[39m[Mock Data] Unit.onUpdate() subscription added. Total: 1
[90mstdout[2m | src/stories/root-components.stories.tsx[2m > [22m[2mToolbarScrollButton / Left
[22m[39m[SectionContext] Section observeQuery update: 0
[90mstdout[2m | src/stories/root-components.stories.tsx[2m > [22m[2mToolbarScrollButton / Left
[22m[39m[FilesContext] File observeQuery update: 6 files
[90mstdout[2m | src/stories/root-components.stories.tsx[2m > [22m[2mToolbarScrollButton / Left
[22m[39m[ChatContext] AssistantChat initialized with 1 chats
[90mstdout[2m | src/stories/root-components.stories.tsx[2m > [22m[2mToolbarScrollButton / Left
[22m[39m[ChatContext] Setting initial chat: mock-assistant-chat-1
[90mstdout[2m | src/stories/root-components.stories.tsx[2m > [22m[2mToolbarScrollButton / Left
[22m[39m[MOCK CourseVectorStore] Initialized with mock data
[90mstdout[2m | src/stories/root-components.stories.tsx[2m > [22m[2mToolbarScrollButton / Left
[22m[39m[FilesContext] Vector store population triggered {
  "currentVectorStoreSize": 3,
  "documentsCount": 0,
  "filesCount": 6,
  "isInitialLoad": true,
}
[90mstdout[2m | src/stories/root-components.stories.tsx[2m > [22m[2mToolbarScrollButton / Left
[22m[39m[FilesContext] Vector store population complete - 3 total embeddings
[90mstdout[2m | src/stories/root-components.stories.tsx[2m > [22m[2mToolbarScrollButton / Left
[22m[39m[ChatContext] Chat exists and not archived, skipping creation
[90mstdout[2m | src/stories/root-components.stories.tsx[2m > [22m[2mToolbarScrollButton / Left
[22m[39m[Mock Storage] downloadData called with: undefined
[90mstdout[2m | src/stories/root-components.stories.tsx[2m > [22m[2mToolbarScrollButton / Right
[22m[39m[ChatContext] Cleaning up subscriptions
[90mstdout[2m | src/stories/root-components.stories.tsx[2m > [22m[2mToolbarScrollButton / Right
[22m[39m[Mock Data] Unit.onUpdate() subscription removed. Remaining: 0
[90mstdout[2m | src/stories/root-components.stories.tsx[2m > [22m[2mToolbarScrollButton / Right
[22m[39m[MOCK CourseVectorStore] Initialized with mock data
[90mstdout[2m | src/stories/root-components.stories.tsx[2m > [22m[2mToolbarScrollButton / Right
[22m[39m[TranslationModeController] Setting mode to: off
[90mstdout[2m | src/stories/root-components.stories.tsx[2m > [22m[2mToolbarScrollButton / Right
[22m[39m[UnitContext] useEffect triggered {
  "authLoading": false,
  "hasUser": true,
  "id": "mock-unit-id",
  "userSub": "mock-user-sub",
}
[90mstdout[2m | src/stories/root-components.stories.tsx[2m > [22m[2mToolbarScrollButton / Right
[22m[39m[UnitContext] Fetching unit data for id: mock-unit-id
[90mstdout[2m | src/stories/root-components.stories.tsx[2m > [22m[2mToolbarScrollButton / Right
[22m[39m[FilesContext] Initializing vector store from IndexedDB
[90mstdout[2m | src/stories/root-components.stories.tsx[2m > [22m[2mToolbarScrollButton / Right
[22m[39m[FilesContext] fetchFiles called
[90mstdout[2m | src/stories/root-components.stories.tsx[2m > [22m[2mToolbarScrollButton / Right
[22m[39m[FilesContext] User authenticated: mock-user-sub
[90mstdout[2m | src/stories/root-components.stories.tsx[2m > [22m[2mToolbarScrollButton / Right
[22m[39m[FilesContext] Identity ID: us-east-1:mock-identity-123
[90mstdout[2m | src/stories/root-components.stories.tsx[2m > [22m[2mToolbarScrollButton / Right
[22m[39m[FilesContext] About to set up File observeQuery
[90mstdout[2m | src/stories/root-components.stories.tsx[2m > [22m[2mToolbarScrollButton / Right
[22m[39m[ChatContext] Setting up AssistantChat observeQuery
[90mstdout[2m | src/stories/root-components.stories.tsx[2m > [22m[2mToolbarScrollButton / Right
[22m[39m[ChatContext] Waiting for subscription to initialize
[90mstdout[2m | src/stories/root-components.stories.tsx[2m > [22m[2mToolbarScrollButton / Right
[22m[39m[SettingsContext] Setting up Settings subscription for user: mock-user-sub
[90mstdout[2m | src/stories/root-components.stories.tsx[2m > [22m[2mToolbarScrollButton / Right
[22m[39m[Mock Data] Settings created: mock-settings-1790417854388 - notified 0 subscribers
[90mstdout[2m | src/stories/root-components.stories.tsx[2m > [22m[2mToolbarScrollButton / Right
[22m[39m[Mock Data] Unit.onUpdate() subscription added. Total: 1
[90mstdout[2m | src/stories/root-components.stories.tsx[2m > [22m[2mToolbarScrollButton / Right
[22m[39m[SectionContext] Section observeQuery update: 0
[90mstdout[2m | src/stories/root-components.stories.tsx[2m > [22m[2mToolbarScrollButton / Right
[22m[39m[FilesContext] File observeQuery update: 6 files
[90mstdout[2m | src/stories/root-components.stories.tsx[2m > [22m[2mToolbarScrollButton / Right
[22m[39m[ChatContext] AssistantChat initialized with 1 chats
[90mstdout[2m | src/stories/root-components.stories.tsx[2m > [22m[2mToolbarScrollButton / Right
[22m[39m[ChatContext] Setting initial chat: mock-assistant-chat-1
[90mstdout[2m | src/stories/root-components.stories.tsx[2m > [22m[2mToolbarScrollButton / Right
[22m[39m[MOCK CourseVectorStore] Initialized with mock data
[90mstdout[2m | src/stories/root-components.stories.tsx[2m > [22m[2mToolbarScrollButton / Right
[22m[39m[FilesContext] Vector store population triggered {
  "currentVectorStoreSize": 3,
  "documentsCount": 0,
  "filesCount": 6,
  "isInitialLoad": true,
}
[90mstdout[2m | src/stories/root-components.stories.tsx[2m > [22m[2mToolbarScrollButton / Right
[22m[39m[FilesContext] Vector store population complete - 3 total embeddings
[90mstdout[2m | src/stories/root-components.stories.tsx[2m > [22m[2mToolbarScrollButton / Right
[22m[39m[ChatContext] Chat exists and not archived, skipping creation
[90mstdout[2m | src/stories/root-components.stories.tsx[2m > [22m[2mToolbarScrollButton / Right
[22m[39m[Mock Storage] downloadData called with: undefined
[90mstdout[2m | src/stories/root-components.stories.tsx[2m > [22m[2mToolbarScrollButton / Disabled
[22m[39m[ChatContext] Cleaning up subscriptions
[90mstdout[2m | src/stories/root-components.stories.tsx[2m > [22m[2mToolbarScrollButton / Disabled
[22m[39m[Mock Data] Unit.onUpdate() subscription removed. Remaining: 0
[90mstdout[2m | src/stories/root-components.stories.tsx[2m > [22m[2mToolbarScrollButton / Disabled
[22m[39m[MOCK CourseVectorStore] Initialized with mock data
[90mstdout[2m | src/stories/root-components.stories.tsx[2m > [22m[2mToolbarScrollButton / Disabled
[22m[39m[TranslationModeController] Setting mode to: off
[90mstdout[2m | src/stories/root-components.stories.tsx[2m > [22m[2mToolbarScrollButton / Disabled
[22m[39m[UnitContext] useEffect triggered {
  "authLoading": false,
  "hasUser": true,
  "id": "mock-unit-id",
  "userSub": "mock-user-sub",
}
[90mstdout[2m | src/stories/root-components.stories.tsx[2m > [22m[2mToolbarScrollButton / Disabled
[22m[39m[UnitContext] Fetching unit data for id: mock-unit-id
[90mstdout[2m | src/stories/root-components.stories.tsx[2m > [22m[2mToolbarScrollButton / Disabled
[22m[39m[FilesContext] Initializing vector store from IndexedDB
[90mstdout[2m | src/stories/root-components.stories.tsx[2m > [22m[2mToolbarScrollButton / Disabled
[22m[39m[FilesContext] fetchFiles called
[90mstdout[2m | src/stories/root-components.stories.tsx[2m > [22m[2mToolbarScrollButton / Disabled
[22m[39m[FilesContext] User authenticated: mock-user-sub
[90mstdout[2m | src/stories/root-components.stories.tsx[2m > [22m[2mToolbarScrollButton / Disabled
[22m[39m[FilesContext] Identity ID: us-east-1:mock-identity-123
[90mstdout[2m | src/stories/root-components.stories.tsx[2m > [22m[2mToolbarScrollButton / Disabled
[22m[39m[FilesContext] About to set up File observeQuery
[90mstdout[2m | src/stories/root-components.stories.tsx[2m > [22m[2mToolbarScrollButton / Disabled
[22m[39m[ChatContext] Setting up AssistantChat observeQuery
[90mstdout[2m | src/stories/root-components.stories.tsx[2m > [22m[2mToolbarScrollButton / Disabled
[22m[39m[ChatContext] Waiting for subscription to initialize
[90mstdout[2m | src/stories/root-components.stories.tsx[2m > [22m[2mToolbarScrollButton / Disabled
[22m[39m[SettingsContext] Setting up Settings subscription for user: mock-user-sub
[90mstdout[2m | src/stories/root-components.stories.tsx[2m > [22m[2mToolbarScrollButton / Disabled
[22m[39m[Mock Data] Settings created: mock-settings-1790417854564 - notified 0 subscribers
[90mstdout[2m | src/stories/root-components.stories.tsx[2m > [22m[2mToolbarScrollButton / Disabled
[22m[39m[Mock Data] Unit.onUpdate() subscription added. Total: 1
[90mstdout[2m | src/stories/root-components.stories.tsx[2m > [22m[2mToolbarScrollButton / Disabled
[22m[39m[SectionContext] Section observeQuery update: 0
[90mstdout[2m | src/stories/root-components.stories.tsx[2m > [22m[2mToolbarScrollButton / Disabled
[22m[39m[FilesContext] File observeQuery update: 6 files
[90mstdout[2m | src/stories/root-components.stories.tsx[2m > [22m[2mToolbarScrollButton / Disabled
[22m[39m[ChatContext] AssistantChat initialized with 1 chats
[90mstdout[2m | src/stories/root-components.stories.tsx[2m > [22m[2mToolbarScrollButton / Disabled
[22m[39m[ChatContext] Setting initial chat: mock-assistant-chat-1
[90mstdout[2m | src/stories/root-components.stories.tsx[2m > [22m[2mToolbarScrollButton / Disabled
[22m[39m[MOCK CourseVectorStore] Initialized with mock data
[90mstdout[2m | src/stories/root-components.stories.tsx[2m > [22m[2mToolbarScrollButton / Disabled
[22m[39m[FilesContext] Vector store population triggered {
  "currentVectorStoreSize": 3,
  "documentsCount": 0,
  "filesCount": 6,
  "isInitialLoad": true,
}
[90mstdout[2m | src/stories/root-components.stories.tsx[2m > [22m[2mToolbarScrollButton / Disabled
[22m[39m[FilesContext] Vector store population complete - 3 total embeddings
[90mstdout[2m | src/stories/root-components.stories.tsx[2m > [22m[2mToolbarScrollButton / Disabled
[22m[39m[ChatContext] Chat exists and not archived, skipping creation
[90mstdout[2m | src/stories/root-components.stories.tsx[2m > [22m[2mToolbarScrollButton / Disabled
[22m[39m[Mock Storage] downloadData called with: undefined
[90mstdout[2m | src/stories/root-components.stories.tsx
[22m[39m
════════════════════════════════════════════════════════════
[90mstdout[2m | src/stories/root-components.stories.tsx
[22m[39m  STORYBOOK AUDIT — 1 issue(s) in 19 stories
[90mstdout[2m | src/stories/root-components.stories.tsx
[22m[39m════════════════════════════════════════════════════════════
[90mstdout[2m | src/stories/root-components.stories.tsx
[22m[39m  NETWORK FAILURES / 404s (1 total):
[90mstdout[2m | src/stories/root-components.stories.tsx
[22m[39m    [1x] http://localhost:63315/public/images/sample-thumbnail.jpg: Resource load failed: img
[90mstdout[2m | src/stories/root-components.stories.tsx
[22m[39m
[90mstdout[2m | src/stories/root-components.stories.tsx
[22m[39m  STORIES WITH ISSUES:
[90mstdout[2m | src/stories/root-components.stories.tsx
[22m[39m    • LazyCardMedia (1 network)
[90mstdout[2m | src/stories/root-components.stories.tsx
[22m[39m
[90mstdout[2m | src/stories/root-components.stories.tsx
[22m[39m  VERDICT: ISSUES FOUND
[90mstdout[2m | src/stories/root-components.stories.tsx
[22m[39m════════════════════════════════════════════════════════════

 [32m✓[39m [30m[45m storybook (chromium) [49m[39m src/stories/root-components.stories.tsx [2m([22m[2m19 tests[22m[2m)[22m[33m 6826[2mms[22m[39m
   [33m[2m✓[22m[39m AuthFormSkeleton [33m 378[2mms[22m[39m
   [33m[2m✓[22m[39m AppSkeleton [33m 309[2mms[22m[39m
   [33m[2m✓[22m[39m BotAvatar / Large [33m 359[2mms[22m[39m
   [33m[2m✓[22m[39m BotCustomizer / Locked (Tier 0) [33m 386[2mms[22m[39m
   [33m[2m✓[22m[39m BotCustomizer / Tier 2 [33m 376[2mms[22m[39m
   [33m[2m✓[22m[39m BotCustomizer / Full Unlock [33m 1060[2mms[22m[39m
   [33m[2m✓[22m[39m CommunityUnitCard [33m 637[2mms[22m[39m
   [33m[2m✓[22m[39m CommunityUnitCard / Forking [33m 499[2mms[22m[39m
   [33m[2m✓[22m[39m LazyCardMedia [33m 407[2mms[22m[39m
[90mstdout[2m | unknown test
[22m[39m[MOCK vectorStoreDB.js] Module loaded - mock IndexedDB operations
[90mstdout[2m | unknown test
[22m[39m[Task Completion] DOM action listeners initialized
[90mstdout[2m | unknown test
[22m[39m[Task Completion] Auto-completion detector initialized
[90mstdout[2m | unknown test
[22m[39m[Preview] Task completion detector initialized
[90mstdout[2m | src/components/NotificationList.stories.tsx[2m > [22m[2mWith Notifications
[22m[39m[TranslationModeController] Setting mode to: off
[90mstdout[2m | src/components/NotificationList.stories.tsx[2m > [22m[2mEmpty State
[22m[39m[TranslationModeController] Setting mode to: off
[90mstdout[2m | src/components/NotificationList.stories.tsx[2m > [22m[2mLoading
[22m[39m[TranslationModeController] Setting mode to: off
[90mstdout[2m | src/components/NotificationList.stories.tsx[2m > [22m[2mAll Read
[22m[39m[TranslationModeController] Setting mode to: off
[90mstdout[2m | src/components/NotificationList.stories.tsx[2m > [22m[2mOnly Gamification
[22m[39m[TranslationModeController] Setting mode to: off
 [32m✓[39m [30m[45m storybook (chromium) [49m[39m src/components/NotificationList.stories.tsx [2m([22m[2m5 tests[22m[2m)[22m[33m 3502[2mms[22m[39m
   [33m[2m✓[22m[39m With Notifications [33m 2274[2mms[22m[39m
   [33m[2m✓[22m[39m All Read [33m 448[2mms[22m[39m
   [33m[2m✓[22m[39m Only Gamification [33m 392[2mms[22m[39m
[90mstdout[2m | unknown test
[22m[39m[MOCK vectorStoreDB.js] Module loaded - mock IndexedDB operations
[90mstdout[2m | unknown test
[22m[39m[Task Completion] DOM action listeners initialized
[90mstdout[2m | unknown test
[22m[39m[Task Completion] Auto-completion detector initialized
[90mstdout[2m | unknown test
[22m[39m[Preview] Task completion detector initialized
[90mstdout[2m | src/components/Gamification/BadgeShelf.stories.tsx[2m > [22m[2mAll Earned
[22m[39m[TranslationModeController] Setting mode to: off
[90mstdout[2m | src/components/Gamification/BadgeShelf.stories.tsx[2m > [22m[2mPartially Earned
[22m[39m[TranslationModeController] Setting mode to: off
[90mstdout[2m | src/components/Gamification/BadgeShelf.stories.tsx[2m > [22m[2mEmpty
[22m[39m[TranslationModeController] Setting mode to: off
[90mstdout[2m | src/components/Gamification/BadgeShelf.stories.tsx[2m > [22m[2mTwo Columns
[22m[39m[TranslationModeController] Setting mode to: off
[90mstdout[2m | src/components/Gamification/BadgeShelf.stories.tsx[2m > [22m[2mEarned Only
[22m[39m[TranslationModeController] Setting mode to: off
[90mstdout[2m | src/components/Gamification/BadgeShelf.stories.tsx[2m > [22m[2mWith Multipliers
[22m[39m[TranslationModeController] Setting mode to: off
[90mstdout[2m | src/components/Gamification/BadgeShelf.stories.tsx[2m > [22m[2mEarned Only Empty
[22m[39m[TranslationModeController] Setting mode to: off
[90mstdout[2m | src/components/Gamification/BadgeShelf.stories.tsx[2m > [22m[2mAvatar Progression
[22m[39m[TranslationModeController] Setting mode to: off
 [32m✓[39m [30m[45m storybook (chromium) [49m[39m src/components/Gamification/BadgeShelf.stories.tsx [2m([22m[2m8 tests[22m[2m)[22m[33m 4280[2mms[22m[39m
   [33m[2m✓[22m[39m All Earned [33m 1474[2mms[22m[39m
   [33m[2m✓[22m[39m Partially Earned [33m 711[2mms[22m[39m
   [33m[2m✓[22m[39m Empty [33m 399[2mms[22m[39m
   [33m[2m✓[22m[39m Two Columns [33m 434[2mms[22m[39m
   [33m[2m✓[22m[39m Avatar Progression [33m 813[2mms[22m[39m
[90mstdout[2m | unknown test
[22m[39m[MOCK vectorStoreDB.js] Module loaded - mock IndexedDB operations
[90mstdout[2m | unknown test
[22m[39m[Task Completion] DOM action listeners initialized
[90mstdout[2m | unknown test
[22m[39m[Task Completion] Auto-completion detector initialized
[90mstdout[2m | unknown test
[22m[39m[Preview] Task completion detector initialized
[90mstdout[2m | src/components/Editor3/components/MetadataEditor.stories.tsx[2m > [22m[2mDefault
[22m[39m[MOCK CourseVectorStore] Initialized with mock data
[90mstdout[2m | src/components/Editor3/components/MetadataEditor.stories.tsx[2m > [22m[2mDefault
[22m[39m[TranslationModeController] Setting mode to: off
[90mstdout[2m | src/components/Editor3/components/MetadataEditor.stories.tsx[2m > [22m[2mDefault
[22m[39m[UnitContext] useEffect triggered {
  "authLoading": false,
  "hasUser": true,
  "id": "mock-unit-id",
  "userSub": "mock-user-sub",
}
[90mstdout[2m | src/components/Editor3/components/MetadataEditor.stories.tsx[2m > [22m[2mDefault
[22m[39m[UnitContext] Fetching unit data for id: mock-unit-id
[90mstdout[2m | src/components/Editor3/components/MetadataEditor.stories.tsx[2m > [22m[2mDefault
[22m[39m[FilesContext] Initializing vector store from IndexedDB
[90mstdout[2m | src/components/Editor3/components/MetadataEditor.stories.tsx[2m > [22m[2mDefault
[22m[39m[FilesContext] fetchFiles called
[90mstdout[2m | src/components/Editor3/components/MetadataEditor.stories.tsx[2m > [22m[2mDefault
[22m[39m[FilesContext] User authenticated: mock-user-sub
[90mstdout[2m | src/components/Editor3/components/MetadataEditor.stories.tsx[2m > [22m[2mDefault
[22m[39m[FilesContext] Identity ID: us-east-1:mock-identity-123
[90mstdout[2m | src/components/Editor3/components/MetadataEditor.stories.tsx[2m > [22m[2mDefault
[22m[39m[FilesContext] About to set up File observeQuery
[90mstdout[2m | src/components/Editor3/components/MetadataEditor.stories.tsx[2m > [22m[2mDefault
[22m[39m[ChatContext] Setting up AssistantChat observeQuery
[90mstdout[2m | src/components/Editor3/components/MetadataEditor.stories.tsx[2m > [22m[2mDefault
[22m[39m[ChatContext] Waiting for subscription to initialize
[90mstdout[2m | src/components/Editor3/components/MetadataEditor.stories.tsx[2m > [22m[2mDefault
[22m[39m[SettingsContext] Setting up Settings subscription for user: mock-user-sub
[90mstdout[2m | src/components/Editor3/components/MetadataEditor.stories.tsx[2m > [22m[2mDefault
[22m[39m[Mock Data] Settings created: mock-settings-1790417878834 - notified 0 subscribers
[90mstdout[2m | src/components/Editor3/components/MetadataEditor.stories.tsx[2m > [22m[2mDefault
[22m[39m[Mock Data] Unit.onUpdate() subscription added. Total: 1
[90mstdout[2m | src/components/Editor3/components/MetadataEditor.stories.tsx[2m > [22m[2mDefault
[22m[39m[SectionContext] Section observeQuery update: 0
[90mstdout[2m | src/components/Editor3/components/MetadataEditor.stories.tsx[2m > [22m[2mDefault
[22m[39m[FilesContext] File observeQuery update: 6 files
[90mstdout[2m | src/components/Editor3/components/MetadataEditor.stories.tsx[2m > [22m[2mDefault
[22m[39m[ChatContext] AssistantChat initialized with 1 chats
[90mstdout[2m | src/components/Editor3/components/MetadataEditor.stories.tsx[2m > [22m[2mDefault
[22m[39m[ChatContext] Setting initial chat: mock-assistant-chat-1
[90mstdout[2m | src/components/Editor3/components/MetadataEditor.stories.tsx[2m > [22m[2mDefault
[22m[39m[MOCK CourseVectorStore] Initialized with mock data
[90mstdout[2m | src/components/Editor3/components/MetadataEditor.stories.tsx[2m > [22m[2mDefault
[22m[39m[FilesContext] Vector store population triggered {
  "currentVectorStoreSize": 3,
  "documentsCount": 0,
  "filesCount": 6,
  "isInitialLoad": true,
}
[90mstdout[2m | src/components/Editor3/components/MetadataEditor.stories.tsx[2m > [22m[2mDefault
[22m[39m[FilesContext] Vector store population complete - 3 total embeddings
[90mstdout[2m | src/components/Editor3/components/MetadataEditor.stories.tsx[2m > [22m[2mDefault
[22m[39m[ChatContext] Chat exists and not archived, skipping creation
[90mstdout[2m | src/components/Editor3/components/MetadataEditor.stories.tsx[2m > [22m[2mDefault
[22m[39m[Mock Storage] downloadData called with: undefined
[90mstdout[2m | src/components/Editor3/components/MetadataEditor.stories.tsx[2m > [22m[2mQuick Auto Save
[22m[39m[ChatContext] Cleaning up subscriptions
[90mstdout[2m | src/components/Editor3/components/MetadataEditor.stories.tsx[2m > [22m[2mQuick Auto Save
[22m[39m[Mock Data] Unit.onUpdate() subscription removed. Remaining: 0
[90mstdout[2m | src/components/Editor3/components/MetadataEditor.stories.tsx[2m > [22m[2mQuick Auto Save
[22m[39m[MOCK CourseVectorStore] Initialized with mock data
[90mstdout[2m | src/components/Editor3/components/MetadataEditor.stories.tsx[2m > [22m[2mQuick Auto Save
[22m[39m[TranslationModeController] Setting mode to: off
[90mstdout[2m | src/components/Editor3/components/MetadataEditor.stories.tsx[2m > [22m[2mQuick Auto Save
[22m[39m[UnitContext] useEffect triggered {
  "authLoading": false,
  "hasUser": true,
  "id": "mock-unit-id",
  "userSub": "mock-user-sub",
}
[90mstdout[2m | src/components/Editor3/components/MetadataEditor.stories.tsx[2m > [22m[2mQuick Auto Save
[22m[39m[UnitContext] Fetching unit data for id: mock-unit-id
[90mstdout[2m | src/components/Editor3/components/MetadataEditor.stories.tsx[2m > [22m[2mQuick Auto Save
[22m[39m[FilesContext] Initializing vector store from IndexedDB
[90mstdout[2m | src/components/Editor3/components/MetadataEditor.stories.tsx[2m > [22m[2mQuick Auto Save
[22m[39m[FilesContext] fetchFiles called
[90mstdout[2m | src/components/Editor3/components/MetadataEditor.stories.tsx[2m > [22m[2mQuick Auto Save
[22m[39m[FilesContext] User authenticated: mock-user-sub
[90mstdout[2m | src/components/Editor3/components/MetadataEditor.stories.tsx[2m > [22m[2mQuick Auto Save
[22m[39m[FilesContext] Identity ID: us-east-1:mock-identity-123
[90mstdout[2m | src/components/Editor3/components/MetadataEditor.stories.tsx[2m > [22m[2mQuick Auto Save
[22m[39m[FilesContext] About to set up File observeQuery
[90mstdout[2m | src/components/Editor3/components/MetadataEditor.stories.tsx[2m > [22m[2mQuick Auto Save
[22m[39m[ChatContext] Setting up AssistantChat observeQuery
[90mstdout[2m | src/components/Editor3/components/MetadataEditor.stories.tsx[2m > [22m[2mQuick Auto Save
[22m[39m[ChatContext] Waiting for subscription to initialize
[90mstdout[2m | src/components/Editor3/components/MetadataEditor.stories.tsx[2m > [22m[2mQuick Auto Save
[22m[39m[SettingsContext] Setting up Settings subscription for user: mock-user-sub
[90mstdout[2m | src/components/Editor3/components/MetadataEditor.stories.tsx[2m > [22m[2mQuick Auto Save
[22m[39m[Mock Data] Settings created: mock-settings-1790417879693 - notified 0 subscribers
[90mstdout[2m | src/components/Editor3/components/MetadataEditor.stories.tsx[2m > [22m[2mQuick Auto Save
[22m[39m[Mock Data] Unit.onUpdate() subscription added. Total: 1
[90mstdout[2m | src/components/Editor3/components/MetadataEditor.stories.tsx[2m > [22m[2mQuick Auto Save
[22m[39m[SectionContext] Section observeQuery update: 0
[90mstdout[2m | src/components/Editor3/components/MetadataEditor.stories.tsx[2m > [22m[2mQuick Auto Save
[22m[39m[FilesContext] File observeQuery update: 6 files
[90mstdout[2m | src/components/Editor3/components/MetadataEditor.stories.tsx[2m > [22m[2mQuick Auto Save
[22m[39m[ChatContext] AssistantChat initialized with 1 chats
[90mstdout[2m | src/components/Editor3/components/MetadataEditor.stories.tsx[2m > [22m[2mQuick Auto Save
[22m[39m[ChatContext] Setting initial chat: mock-assistant-chat-1
[90mstdout[2m | src/components/Editor3/components/MetadataEditor.stories.tsx[2m > [22m[2mQuick Auto Save
[22m[39m[MOCK CourseVectorStore] Initialized with mock data
[90mstdout[2m | src/components/Editor3/components/MetadataEditor.stories.tsx[2m > [22m[2mQuick Auto Save
[22m[39m[FilesContext] Vector store population triggered {
  "currentVectorStoreSize": 3,
  "documentsCount": 0,
  "filesCount": 6,
  "isInitialLoad": true,
}
[90mstdout[2m | src/components/Editor3/components/MetadataEditor.stories.tsx[2m > [22m[2mQuick Auto Save
[22m[39m[FilesContext] Vector store population complete - 3 total embeddings
[90mstdout[2m | src/components/Editor3/components/MetadataEditor.stories.tsx[2m > [22m[2mQuick Auto Save
[22m[39m[ChatContext] Chat exists and not archived, skipping creation
[90mstdout[2m | src/components/Editor3/components/MetadataEditor.stories.tsx[2m > [22m[2mQuick Auto Save
[22m[39m[Mock Storage] downloadData called with: undefined
[90mstdout[2m | src/components/Editor3/components/MetadataEditor.stories.tsx[2m > [22m[2mMinimal File
[22m[39m[ChatContext] Cleaning up subscriptions
[90mstdout[2m | src/components/Editor3/components/MetadataEditor.stories.tsx[2m > [22m[2mMinimal File
[22m[39m[Mock Data] Unit.onUpdate() subscription removed. Remaining: 0
[90mstdout[2m | src/components/Editor3/components/MetadataEditor.stories.tsx[2m > [22m[2mMinimal File
[22m[39m[MOCK CourseVectorStore] Initialized with mock data
[90mstdout[2m | src/components/Editor3/components/MetadataEditor.stories.tsx[2m > [22m[2mMinimal File
[22m[39m[TranslationModeController] Setting mode to: off
[90mstdout[2m | src/components/Editor3/components/MetadataEditor.stories.tsx[2m > [22m[2mMinimal File
[22m[39m[UnitContext] useEffect triggered {
  "authLoading": false,
  "hasUser": true,
  "id": "mock-unit-id",
  "userSub": "mock-user-sub",
}
[90mstdout[2m | src/components/Editor3/components/MetadataEditor.stories.tsx[2m > [22m[2mMinimal File
[22m[39m[UnitContext] Fetching unit data for id: mock-unit-id
[90mstdout[2m | src/components/Editor3/components/MetadataEditor.stories.tsx[2m > [22m[2mMinimal File
[22m[39m[FilesContext] Initializing vector store from IndexedDB
[90mstdout[2m | src/components/Editor3/components/MetadataEditor.stories.tsx[2m > [22m[2mMinimal File
[22m[39m[FilesContext] fetchFiles called
[90mstdout[2m | src/components/Editor3/components/MetadataEditor.stories.tsx[2m > [22m[2mMinimal File
[22m[39m[FilesContext] User authenticated: mock-user-sub
[90mstdout[2m | src/components/Editor3/components/MetadataEditor.stories.tsx[2m > [22m[2mMinimal File
[22m[39m[FilesContext] Identity ID: us-east-1:mock-identity-123
[90mstdout[2m | src/components/Editor3/components/MetadataEditor.stories.tsx[2m > [22m[2mMinimal File
[22m[39m[FilesContext] About to set up File observeQuery
[90mstdout[2m | src/components/Editor3/components/MetadataEditor.stories.tsx[2m > [22m[2mMinimal File
[22m[39m[ChatContext] Setting up AssistantChat observeQuery
[90mstdout[2m | src/components/Editor3/components/MetadataEditor.stories.tsx[2m > [22m[2mMinimal File
[22m[39m[ChatContext] Waiting for subscription to initialize
[90mstdout[2m | src/components/Editor3/components/MetadataEditor.stories.tsx[2m > [22m[2mMinimal File
[22m[39m[SettingsContext] Setting up Settings subscription for user: mock-user-sub
[90mstdout[2m | src/components/Editor3/components/MetadataEditor.stories.tsx[2m > [22m[2mMinimal File
[22m[39m[Mock Data] Settings created: mock-settings-1790417880193 - notified 0 subscribers
[90mstdout[2m | src/components/Editor3/components/MetadataEditor.stories.tsx[2m > [22m[2mMinimal File
[22m[39m[Mock Data] Unit.onUpdate() subscription added. Total: 1
[90mstdout[2m | src/components/Editor3/components/MetadataEditor.stories.tsx[2m > [22m[2mMinimal File
[22m[39m[SectionContext] Section observeQuery update: 0
[90mstdout[2m | src/components/Editor3/components/MetadataEditor.stories.tsx[2m > [22m[2mMinimal File
[22m[39m[FilesContext] File observeQuery update: 6 files
[90mstdout[2m | src/components/Editor3/components/MetadataEditor.stories.tsx[2m > [22m[2mMinimal File
[22m[39m[ChatContext] AssistantChat initialized with 1 chats
[90mstdout[2m | src/components/Editor3/components/MetadataEditor.stories.tsx[2m > [22m[2mMinimal File
[22m[39m[ChatContext] Setting initial chat: mock-assistant-chat-1
[90mstdout[2m | src/components/Editor3/components/MetadataEditor.stories.tsx[2m > [22m[2mMinimal File
[22m[39m[MOCK CourseVectorStore] Initialized with mock data
[90mstdout[2m | src/components/Editor3/components/MetadataEditor.stories.tsx[2m > [22m[2mMinimal File
[22m[39m[FilesContext] Vector store population triggered {
  "currentVectorStoreSize": 3,
  "documentsCount": 0,
  "filesCount": 6,
  "isInitialLoad": true,
}
[90mstdout[2m | src/components/Editor3/components/MetadataEditor.stories.tsx[2m > [22m[2mMinimal File
[22m[39m[FilesContext] Vector store population complete - 3 total embeddings
[90mstdout[2m | src/components/Editor3/components/MetadataEditor.stories.tsx[2m > [22m[2mMinimal File
[22m[39m[ChatContext] Chat exists and not archived, skipping creation
[90mstdout[2m | src/components/Editor3/components/MetadataEditor.stories.tsx[2m > [22m[2mMinimal File
[22m[39m[Mock Storage] downloadData called with: undefined
[90mstdout[2m | src/components/Editor3/components/MetadataEditor.stories.tsx[2m > [22m[2mLarge Metadata
[22m[39m[ChatContext] Cleaning up subscriptions
[90mstdout[2m | src/components/Editor3/components/MetadataEditor.stories.tsx[2m > [22m[2mLarge Metadata
[22m[39m[Mock Data] Unit.onUpdate() subscription removed. Remaining: 0
[90mstdout[2m | src/components/Editor3/components/MetadataEditor.stories.tsx[2m > [22m[2mLarge Metadata
[22m[39m[MOCK CourseVectorStore] Initialized with mock data
[90mstdout[2m | src/components/Editor3/components/MetadataEditor.stories.tsx[2m > [22m[2mLarge Metadata
[22m[39m[TranslationModeController] Setting mode to: off
[90mstdout[2m | src/components/Editor3/components/MetadataEditor.stories.tsx[2m > [22m[2mLarge Metadata
[22m[39m[UnitContext] useEffect triggered {
  "authLoading": false,
  "hasUser": true,
  "id": "mock-unit-id",
  "userSub": "mock-user-sub",
}
[90mstdout[2m | src/components/Editor3/components/MetadataEditor.stories.tsx[2m > [22m[2mLarge Metadata
[22m[39m[UnitContext] Fetching unit data for id: mock-unit-id
[90mstdout[2m | src/components/Editor3/components/MetadataEditor.stories.tsx[2m > [22m[2mLarge Metadata
[22m[39m[FilesContext] Initializing vector store from IndexedDB
[90mstdout[2m | src/components/Editor3/components/MetadataEditor.stories.tsx[2m > [22m[2mLarge Metadata
[22m[39m[FilesContext] fetchFiles called
[90mstdout[2m | src/components/Editor3/components/MetadataEditor.stories.tsx[2m > [22m[2mLarge Metadata
[22m[39m[FilesContext] User authenticated: mock-user-sub
[90mstdout[2m | src/components/Editor3/components/MetadataEditor.stories.tsx[2m > [22m[2mLarge Metadata
[22m[39m[FilesContext] Identity ID: us-east-1:mock-identity-123
[90mstdout[2m | src/components/Editor3/components/MetadataEditor.stories.tsx[2m > [22m[2mLarge Metadata
[22m[39m[FilesContext] About to set up File observeQuery
[90mstdout[2m | src/components/Editor3/components/MetadataEditor.stories.tsx[2m > [22m[2mLarge Metadata
[22m[39m[ChatContext] Setting up AssistantChat observeQuery
[90mstdout[2m | src/components/Editor3/components/MetadataEditor.stories.tsx[2m > [22m[2mLarge Metadata
[22m[39m[ChatContext] Waiting for subscription to initialize
[90mstdout[2m | src/components/Editor3/components/MetadataEditor.stories.tsx[2m > [22m[2mLarge Metadata
[22m[39m[SettingsContext] Setting up Settings subscription for user: mock-user-sub
[90mstdout[2m | src/components/Editor3/components/MetadataEditor.stories.tsx[2m > [22m[2mLarge Metadata
[22m[39m[Mock Data] Settings created: mock-settings-1790417880768 - notified 0 subscribers
[90mstdout[2m | src/components/Editor3/components/MetadataEditor.stories.tsx[2m > [22m[2mLarge Metadata
[22m[39m[Mock Data] Unit.onUpdate() subscription added. Total: 1
[90mstdout[2m | src/components/Editor3/components/MetadataEditor.stories.tsx[2m > [22m[2mLarge Metadata
[22m[39m[SectionContext] Section observeQuery update: 0
[90mstdout[2m | src/components/Editor3/components/MetadataEditor.stories.tsx[2m > [22m[2mLarge Metadata
[22m[39m[FilesContext] File observeQuery update: 6 files
[90mstdout[2m | src/components/Editor3/components/MetadataEditor.stories.tsx[2m > [22m[2mLarge Metadata
[22m[39m[ChatContext] AssistantChat initialized with 1 chats
[90mstdout[2m | src/components/Editor3/components/MetadataEditor.stories.tsx[2m > [22m[2mLarge Metadata
[22m[39m[ChatContext] Setting initial chat: mock-assistant-chat-1
[90mstdout[2m | src/components/Editor3/components/MetadataEditor.stories.tsx[2m > [22m[2mLarge Metadata
[22m[39m[MOCK CourseVectorStore] Initialized with mock data
[90mstdout[2m | src/components/Editor3/components/MetadataEditor.stories.tsx[2m > [22m[2mLarge Metadata
[22m[39m[FilesContext] Vector store population triggered {
  "currentVectorStoreSize": 3,
  "documentsCount": 0,
  "filesCount": 6,
  "isInitialLoad": true,
}
[90mstdout[2m | src/components/Editor3/components/MetadataEditor.stories.tsx[2m > [22m[2mLarge Metadata
[22m[39m[FilesContext] Vector store population complete - 3 total embeddings
[90mstdout[2m | src/components/Editor3/components/MetadataEditor.stories.tsx[2m > [22m[2mLarge Metadata
[22m[39m[ChatContext] Chat exists and not archived, skipping creation
[90mstdout[2m | src/components/Editor3/components/MetadataEditor.stories.tsx[2m > [22m[2mLarge Metadata
[22m[39m[Mock Storage] downloadData called with: undefined
[90mstdout[2m | src/components/Editor3/components/MetadataEditor.stories.tsx[2m > [22m[2mAI Generated Image
[22m[39m[ChatContext] Cleaning up subscriptions
[90mstdout[2m | src/components/Editor3/components/MetadataEditor.stories.tsx[2m > [22m[2mAI Generated Image
[22m[39m[Mock Data] Unit.onUpdate() subscription removed. Remaining: 0
[90mstdout[2m | src/components/Editor3/components/MetadataEditor.stories.tsx[2m > [22m[2mAI Generated Image
[22m[39m[MOCK CourseVectorStore] Initialized with mock data
[90mstdout[2m | src/components/Editor3/components/MetadataEditor.stories.tsx[2m > [22m[2mAI Generated Image
[22m[39m[TranslationModeController] Setting mode to: off
[90mstdout[2m | src/components/Editor3/components/MetadataEditor.stories.tsx[2m > [22m[2mAI Generated Image
[22m[39m[UnitContext] useEffect triggered {
  "authLoading": false,
  "hasUser": true,
  "id": "mock-unit-id",
  "userSub": "mock-user-sub",
}
[90mstdout[2m | src/components/Editor3/components/MetadataEditor.stories.tsx[2m > [22m[2mAI Generated Image
[22m[39m[UnitContext] Fetching unit data for id: mock-unit-id
[90mstdout[2m | src/components/Editor3/components/MetadataEditor.stories.tsx[2m > [22m[2mAI Generated Image
[22m[39m[FilesContext] Initializing vector store from IndexedDB
[90mstdout[2m | src/components/Editor3/components/MetadataEditor.stories.tsx[2m > [22m[2mAI Generated Image
[22m[39m[FilesContext] fetchFiles called
[90mstdout[2m | src/components/Editor3/components/MetadataEditor.stories.tsx[2m > [22m[2mAI Generated Image
[22m[39m[FilesContext] User authenticated: mock-user-sub
[90mstdout[2m | src/components/Editor3/components/MetadataEditor.stories.tsx[2m > [22m[2mAI Generated Image
[22m[39m[FilesContext] Identity ID: us-east-1:mock-identity-123
[90mstdout[2m | src/components/Editor3/components/MetadataEditor.stories.tsx[2m > [22m[2mAI Generated Image
[22m[39m[FilesContext] About to set up File observeQuery
[90mstdout[2m | src/components/Editor3/components/MetadataEditor.stories.tsx[2m > [22m[2mAI Generated Image
[22m[39m[ChatContext] Setting up AssistantChat observeQuery
[90mstdout[2m | src/components/Editor3/components/MetadataEditor.stories.tsx[2m > [22m[2mAI Generated Image
[22m[39m[ChatContext] Waiting for subscription to initialize
[90mstdout[2m | src/components/Editor3/components/MetadataEditor.stories.tsx[2m > [22m[2mAI Generated Image
[22m[39m[SettingsContext] Setting up Settings subscription for user: mock-user-sub
[90mstdout[2m | src/components/Editor3/components/MetadataEditor.stories.tsx[2m > [22m[2mAI Generated Image
[22m[39m[Mock Data] Settings created: mock-settings-1790417881449 - notified 0 subscribers
[90mstdout[2m | src/components/Editor3/components/MetadataEditor.stories.tsx[2m > [22m[2mAI Generated Image
[22m[39m[Mock Data] Unit.onUpdate() subscription added. Total: 1
[90mstdout[2m | src/components/Editor3/components/MetadataEditor.stories.tsx[2m > [22m[2mAI Generated Image
[22m[39m[SectionContext] Section observeQuery update: 0
[90mstdout[2m | src/components/Editor3/components/MetadataEditor.stories.tsx[2m > [22m[2mAI Generated Image
[22m[39m[FilesContext] File observeQuery update: 6 files
[90mstdout[2m | src/components/Editor3/components/MetadataEditor.stories.tsx[2m > [22m[2mAI Generated Image
[22m[39m[ChatContext] AssistantChat initialized with 1 chats
[90mstdout[2m | src/components/Editor3/components/MetadataEditor.stories.tsx[2m > [22m[2mAI Generated Image
[22m[39m[ChatContext] Setting initial chat: mock-assistant-chat-1
[90mstdout[2m | src/components/Editor3/components/MetadataEditor.stories.tsx[2m > [22m[2mAI Generated Image
[22m[39m[MOCK CourseVectorStore] Initialized with mock data
[90mstdout[2m | src/components/Editor3/components/MetadataEditor.stories.tsx[2m > [22m[2mAI Generated Image
[22m[39m[FilesContext] Vector store population triggered {
  "currentVectorStoreSize": 3,
  "documentsCount": 0,
  "filesCount": 6,
  "isInitialLoad": true,
}
[90mstdout[2m | src/components/Editor3/components/MetadataEditor.stories.tsx[2m > [22m[2mAI Generated Image
[22m[39m[FilesContext] Vector store population complete - 3 total embeddings
[90mstdout[2m | src/components/Editor3/components/MetadataEditor.stories.tsx[2m > [22m[2mAI Generated Image
[22m[39m[ChatContext] Chat exists and not archived, skipping creation
[90mstdout[2m | src/components/Editor3/components/MetadataEditor.stories.tsx[2m > [22m[2mAI Generated Image
[22m[39m[Mock Storage] downloadData called with: undefined
[90mstdout[2m | src/components/Editor3/components/MetadataEditor.stories.tsx[2m > [22m[2mTTS Audio File
[22m[39m[ChatContext] Cleaning up subscriptions
[90mstdout[2m | src/components/Editor3/components/MetadataEditor.stories.tsx[2m > [22m[2mTTS Audio File
[22m[39m[Mock Data] Unit.onUpdate() subscription removed. Remaining: 0
[90mstdout[2m | src/components/Editor3/components/MetadataEditor.stories.tsx[2m > [22m[2mTTS Audio File
[22m[39m[MOCK CourseVectorStore] Initialized with mock data
[90mstdout[2m | src/components/Editor3/components/MetadataEditor.stories.tsx[2m > [22m[2mTTS Audio File
[22m[39m[TranslationModeController] Setting mode to: off
[90mstdout[2m | src/components/Editor3/components/MetadataEditor.stories.tsx[2m > [22m[2mTTS Audio File
[22m[39m[UnitContext] useEffect triggered {
  "authLoading": false,
  "hasUser": true,
  "id": "mock-unit-id",
  "userSub": "mock-user-sub",
}
[90mstdout[2m | src/components/Editor3/components/MetadataEditor.stories.tsx[2m > [22m[2mTTS Audio File
[22m[39m[UnitContext] Fetching unit data for id: mock-unit-id
[90mstdout[2m | src/components/Editor3/components/MetadataEditor.stories.tsx[2m > [22m[2mTTS Audio File
[22m[39m[FilesContext] Initializing vector store from IndexedDB
[90mstdout[2m | src/components/Editor3/components/MetadataEditor.stories.tsx[2m > [22m[2mTTS Audio File
[22m[39m[FilesContext] fetchFiles called
[90mstdout[2m | src/components/Editor3/components/MetadataEditor.stories.tsx[2m > [22m[2mTTS Audio File
[22m[39m[FilesContext] User authenticated: mock-user-sub
[90mstdout[2m | src/components/Editor3/components/MetadataEditor.stories.tsx[2m > [22m[2mTTS Audio File
[22m[39m[FilesContext] Identity ID: us-east-1:mock-identity-123
[90mstdout[2m | src/components/Editor3/components/MetadataEditor.stories.tsx[2m > [22m[2mTTS Audio File
[22m[39m[FilesContext] About to set up File observeQuery
[90mstdout[2m | src/components/Editor3/components/MetadataEditor.stories.tsx[2m > [22m[2mTTS Audio File
[22m[39m[ChatContext] Setting up AssistantChat observeQuery
[90mstdout[2m | src/components/Editor3/components/MetadataEditor.stories.tsx[2m > [22m[2mTTS Audio File
[22m[39m[ChatContext] Waiting for subscription to initialize
[90mstdout[2m | src/components/Editor3/components/MetadataEditor.stories.tsx[2m > [22m[2mTTS Audio File
[22m[39m[SettingsContext] Setting up Settings subscription for user: mock-user-sub
[90mstdout[2m | src/components/Editor3/components/MetadataEditor.stories.tsx[2m > [22m[2mTTS Audio File
[22m[39m[Mock Data] Settings created: mock-settings-1790417881884 - notified 0 subscribers
[90mstdout[2m | src/components/Editor3/components/MetadataEditor.stories.tsx[2m > [22m[2mTTS Audio File
[22m[39m[Mock Data] Unit.onUpdate() subscription added. Total: 1
[90mstdout[2m | src/components/Editor3/components/MetadataEditor.stories.tsx[2m > [22m[2mTTS Audio File
[22m[39m[SectionContext] Section observeQuery update: 0
[90mstdout[2m | src/components/Editor3/components/MetadataEditor.stories.tsx[2m > [22m[2mTTS Audio File
[22m[39m[FilesContext] File observeQuery update: 6 files
[90mstdout[2m | src/components/Editor3/components/MetadataEditor.stories.tsx[2m > [22m[2mTTS Audio File
[22m[39m[ChatContext] AssistantChat initialized with 1 chats
[90mstdout[2m | src/components/Editor3/components/MetadataEditor.stories.tsx[2m > [22m[2mTTS Audio File
[22m[39m[ChatContext] Setting initial chat: mock-assistant-chat-1
[90mstdout[2m | src/components/Editor3/components/MetadataEditor.stories.tsx[2m > [22m[2mTTS Audio File
[22m[39m[MOCK CourseVectorStore] Initialized with mock data
[90mstdout[2m | src/components/Editor3/components/MetadataEditor.stories.tsx[2m > [22m[2mTTS Audio File
[22m[39m[FilesContext] Vector store population triggered {
  "currentVectorStoreSize": 3,
  "documentsCount": 0,
  "filesCount": 6,
  "isInitialLoad": true,
}
[90mstdout[2m | src/components/Editor3/components/MetadataEditor.stories.tsx[2m > [22m[2mTTS Audio File
[22m[39m[FilesContext] Vector store population complete - 3 total embeddings
[90mstdout[2m | src/components/Editor3/components/MetadataEditor.stories.tsx[2m > [22m[2mTTS Audio File
[22m[39m[ChatContext] Chat exists and not archived, skipping creation
[90mstdout[2m | src/components/Editor3/components/MetadataEditor.stories.tsx[2m > [22m[2mTTS Audio File
[22m[39m[Mock Storage] downloadData called with: undefined
[90mstdout[2m | src/components/Editor3/components/MetadataEditor.stories.tsx[2m > [22m[2mAll File Types
[22m[39m[ChatContext] Cleaning up subscriptions
[90mstdout[2m | src/components/Editor3/components/MetadataEditor.stories.tsx[2m > [22m[2mAll File Types
[22m[39m[Mock Data] Unit.onUpdate() subscription removed. Remaining: 0
[90mstdout[2m | src/components/Editor3/components/MetadataEditor.stories.tsx[2m > [22m[2mAll File Types
[22m[39m[MOCK CourseVectorStore] Initialized with mock data
[90mstdout[2m | src/components/Editor3/components/MetadataEditor.stories.tsx[2m > [22m[2mAll File Types
[22m[39m[TranslationModeController] Setting mode to: off
[90mstdout[2m | src/components/Editor3/components/MetadataEditor.stories.tsx[2m > [22m[2mAll File Types
[22m[39m[UnitContext] useEffect triggered {
  "authLoading": false,
  "hasUser": true,
  "id": "mock-unit-id",
  "userSub": "mock-user-sub",
}
[90mstdout[2m | src/components/Editor3/components/MetadataEditor.stories.tsx[2m > [22m[2mAll File Types
[22m[39m[UnitContext] Fetching unit data for id: mock-unit-id
[90mstdout[2m | src/components/Editor3/components/MetadataEditor.stories.tsx[2m > [22m[2mAll File Types
[22m[39m[FilesContext] Initializing vector store from IndexedDB
[90mstdout[2m | src/components/Editor3/components/MetadataEditor.stories.tsx[2m > [22m[2mAll File Types
[22m[39m[FilesContext] fetchFiles called
[90mstdout[2m | src/components/Editor3/components/MetadataEditor.stories.tsx[2m > [22m[2mAll File Types
[22m[39m[FilesContext] User authenticated: mock-user-sub
[90mstdout[2m | src/components/Editor3/components/MetadataEditor.stories.tsx[2m > [22m[2mAll File Types
[22m[39m[FilesContext] Identity ID: us-east-1:mock-identity-123
[90mstdout[2m | src/components/Editor3/components/MetadataEditor.stories.tsx[2m > [22m[2mAll File Types
[22m[39m[FilesContext] About to set up File observeQuery
[90mstdout[2m | src/components/Editor3/components/MetadataEditor.stories.tsx[2m > [22m[2mAll File Types
[22m[39m[ChatContext] Setting up AssistantChat observeQuery
[90mstdout[2m | src/components/Editor3/components/MetadataEditor.stories.tsx[2m > [22m[2mAll File Types
[22m[39m[ChatContext] Waiting for subscription to initialize
[90mstdout[2m | src/components/Editor3/components/MetadataEditor.stories.tsx[2m > [22m[2mAll File Types
[22m[39m[SettingsContext] Setting up Settings subscription for user: mock-user-sub
[90mstdout[2m | src/components/Editor3/components/MetadataEditor.stories.tsx[2m > [22m[2mAll File Types
[22m[39m[Mock Data] Settings created: mock-settings-1790417882837 - notified 0 subscribers
[90mstdout[2m | src/components/Editor3/components/MetadataEditor.stories.tsx[2m > [22m[2mAll File Types
[22m[39m[Mock Data] Unit.onUpdate() subscription added. Total: 1
[90mstdout[2m | src/components/Editor3/components/MetadataEditor.stories.tsx[2m > [22m[2mAll File Types
[22m[39m[SectionContext] Section observeQuery update: 0
[90mstdout[2m | src/components/Editor3/components/MetadataEditor.stories.tsx[2m > [22m[2mAll File Types
[22m[39m[FilesContext] File observeQuery update: 6 files
[90mstdout[2m | src/components/Editor3/components/MetadataEditor.stories.tsx[2m > [22m[2mAll File Types
[22m[39m[ChatContext] AssistantChat initialized with 1 chats
[90mstdout[2m | src/components/Editor3/components/MetadataEditor.stories.tsx[2m > [22m[2mAll File Types
[22m[39m[ChatContext] Setting initial chat: mock-assistant-chat-1
[90mstdout[2m | src/components/Editor3/components/MetadataEditor.stories.tsx[2m > [22m[2mAll File Types
[22m[39m[MOCK CourseVectorStore] Initialized with mock data
[90mstdout[2m | src/components/Editor3/components/MetadataEditor.stories.tsx[2m > [22m[2mAll File Types
[22m[39m[FilesContext] Vector store population triggered {
  "currentVectorStoreSize": 3,
  "documentsCount": 0,
  "filesCount": 6,
  "isInitialLoad": true,
}
[90mstdout[2m | src/components/Editor3/components/MetadataEditor.stories.tsx[2m > [22m[2mAll File Types
[22m[39m[FilesContext] Vector store population complete - 3 total embeddings
[90mstdout[2m | src/components/Editor3/components/MetadataEditor.stories.tsx[2m > [22m[2mAll File Types
[22m[39m[ChatContext] Chat exists and not archived, skipping creation
[90mstdout[2m | src/components/Editor3/components/MetadataEditor.stories.tsx[2m > [22m[2mAll File Types
[22m[39m[Mock Storage] downloadData called with: undefined
[90mstdout[2m | src/components/Editor3/components/MetadataEditor.stories.tsx[2m > [22m[2mPlayground
[22m[39m[ChatContext] Cleaning up subscriptions
[90mstdout[2m | src/components/Editor3/components/MetadataEditor.stories.tsx[2m > [22m[2mPlayground
[22m[39m[Mock Data] Unit.onUpdate() subscription removed. Remaining: 0
[90mstdout[2m | src/components/Editor3/components/MetadataEditor.stories.tsx[2m > [22m[2mPlayground
[22m[39m[MOCK CourseVectorStore] Initialized with mock data
[90mstdout[2m | src/components/Editor3/components/MetadataEditor.stories.tsx[2m > [22m[2mPlayground
[22m[39m[TranslationModeController] Setting mode to: off
[90mstdout[2m | src/components/Editor3/components/MetadataEditor.stories.tsx[2m > [22m[2mPlayground
[22m[39m[UnitContext] useEffect triggered {
  "authLoading": false,
  "hasUser": true,
  "id": "mock-unit-id",
  "userSub": "mock-user-sub",
}
[90mstdout[2m | src/components/Editor3/components/MetadataEditor.stories.tsx[2m > [22m[2mPlayground
[22m[39m[UnitContext] Fetching unit data for id: mock-unit-id
[90mstdout[2m | src/components/Editor3/components/MetadataEditor.stories.tsx[2m > [22m[2mPlayground
[22m[39m[FilesContext] Initializing vector store from IndexedDB
[90mstdout[2m | src/components/Editor3/components/MetadataEditor.stories.tsx[2m > [22m[2mPlayground
[22m[39m[FilesContext] fetchFiles called
[90mstdout[2m | src/components/Editor3/components/MetadataEditor.stories.tsx[2m > [22m[2mPlayground
[22m[39m[FilesContext] User authenticated: mock-user-sub
[90mstdout[2m | src/components/Editor3/components/MetadataEditor.stories.tsx[2m > [22m[2mPlayground
[22m[39m[FilesContext] Identity ID: us-east-1:mock-identity-123
[90mstdout[2m | src/components/Editor3/components/MetadataEditor.stories.tsx[2m > [22m[2mPlayground
[22m[39m[FilesContext] About to set up File observeQuery
[90mstdout[2m | src/components/Editor3/components/MetadataEditor.stories.tsx[2m > [22m[2mPlayground
[22m[39m[ChatContext] Setting up AssistantChat observeQuery
[90mstdout[2m | src/components/Editor3/components/MetadataEditor.stories.tsx[2m > [22m[2mPlayground
[22m[39m[ChatContext] Waiting for subscription to initialize
[90mstdout[2m | src/components/Editor3/components/MetadataEditor.stories.tsx[2m > [22m[2mPlayground
[22m[39m[SettingsContext] Setting up Settings subscription for user: mock-user-sub
[90mstdout[2m | src/components/Editor3/components/MetadataEditor.stories.tsx[2m > [22m[2mPlayground
[22m[39m[Mock Data] Settings created: mock-settings-1790417883721 - notified 0 subscribers
[90mstdout[2m | src/components/Editor3/components/MetadataEditor.stories.tsx[2m > [22m[2mPlayground
[22m[39m[Mock Data] Unit.onUpdate() subscription added. Total: 1
[90mstdout[2m | src/components/Editor3/components/MetadataEditor.stories.tsx[2m > [22m[2mPlayground
[22m[39m[SectionContext] Section observeQuery update: 0
[90mstdout[2m | src/components/Editor3/components/MetadataEditor.stories.tsx[2m > [22m[2mPlayground
[22m[39m[FilesContext] File observeQuery update: 6 files
[90mstdout[2m | src/components/Editor3/components/MetadataEditor.stories.tsx[2m > [22m[2mPlayground
[22m[39m[ChatContext] AssistantChat initialized with 1 chats
[90mstdout[2m | src/components/Editor3/components/MetadataEditor.stories.tsx[2m > [22m[2mPlayground
[22m[39m[ChatContext] Setting initial chat: mock-assistant-chat-1
[90mstdout[2m | src/components/Editor3/components/MetadataEditor.stories.tsx[2m > [22m[2mPlayground
[22m[39m[MOCK CourseVectorStore] Initialized with mock data
[90mstdout[2m | src/components/Editor3/components/MetadataEditor.stories.tsx[2m > [22m[2mPlayground
[22m[39m[FilesContext] Vector store population triggered {
  "currentVectorStoreSize": 3,
  "documentsCount": 0,
  "filesCount": 6,
  "isInitialLoad": true,
}
[90mstdout[2m | src/components/Editor3/components/MetadataEditor.stories.tsx[2m > [22m[2mPlayground
[22m[39m[FilesContext] Vector store population complete - 3 total embeddings
[90mstdout[2m | src/components/Editor3/components/MetadataEditor.stories.tsx[2m > [22m[2mPlayground
[22m[39m[ChatContext] Chat exists and not archived, skipping creation
[90mstdout[2m | src/components/Editor3/components/MetadataEditor.stories.tsx[2m > [22m[2mPlayground
[22m[39m[Mock Storage] downloadData called with: undefined
[90mstdout[2m | src/components/Editor3/components/MetadataEditor.stories.tsx[2m > [22m[2mNear Character Limits
[22m[39m[ChatContext] Cleaning up subscriptions
[90mstdout[2m | src/components/Editor3/components/MetadataEditor.stories.tsx[2m > [22m[2mNear Character Limits
[22m[39m[Mock Data] Unit.onUpdate() subscription removed. Remaining: 0
[90mstdout[2m | src/components/Editor3/components/MetadataEditor.stories.tsx[2m > [22m[2mNear Character Limits
[22m[39m[MOCK CourseVectorStore] Initialized with mock data
[90mstdout[2m | src/components/Editor3/components/MetadataEditor.stories.tsx[2m > [22m[2mNear Character Limits
[22m[39m[TranslationModeController] Setting mode to: off
[90mstdout[2m | src/components/Editor3/components/MetadataEditor.stories.tsx[2m > [22m[2mNear Character Limits
[22m[39m[UnitContext] useEffect triggered {
  "authLoading": false,
  "hasUser": true,
  "id": "mock-unit-id",
  "userSub": "mock-user-sub",
}
[90mstdout[2m | src/components/Editor3/components/MetadataEditor.stories.tsx[2m > [22m[2mNear Character Limits
[22m[39m[UnitContext] Fetching unit data for id: mock-unit-id
[90mstdout[2m | src/components/Editor3/components/MetadataEditor.stories.tsx[2m > [22m[2mNear Character Limits
[22m[39m[FilesContext] Initializing vector store from IndexedDB
[90mstdout[2m | src/components/Editor3/components/MetadataEditor.stories.tsx[2m > [22m[2mNear Character Limits
[22m[39m[FilesContext] fetchFiles called
[90mstdout[2m | src/components/Editor3/components/MetadataEditor.stories.tsx[2m > [22m[2mNear Character Limits
[22m[39m[FilesContext] User authenticated: mock-user-sub
[90mstdout[2m | src/components/Editor3/components/MetadataEditor.stories.tsx[2m > [22m[2mNear Character Limits
[22m[39m[FilesContext] Identity ID: us-east-1:mock-identity-123
[90mstdout[2m | src/components/Editor3/components/MetadataEditor.stories.tsx[2m > [22m[2mNear Character Limits
[22m[39m[FilesContext] About to set up File observeQuery
[90mstdout[2m | src/components/Editor3/components/MetadataEditor.stories.tsx[2m > [22m[2mNear Character Limits
[22m[39m[ChatContext] Setting up AssistantChat observeQuery
[90mstdout[2m | src/components/Editor3/components/MetadataEditor.stories.tsx[2m > [22m[2mNear Character Limits
[22m[39m[ChatContext] Waiting for subscription to initialize
[90mstdout[2m | src/components/Editor3/components/MetadataEditor.stories.tsx[2m > [22m[2mNear Character Limits
[22m[39m[SettingsContext] Setting up Settings subscription for user: mock-user-sub
[90mstdout[2m | src/components/Editor3/components/MetadataEditor.stories.tsx[2m > [22m[2mNear Character Limits
[22m[39m[Mock Data] Settings created: mock-settings-1790417884232 - notified 0 subscribers
[90mstdout[2m | src/components/Editor3/components/MetadataEditor.stories.tsx[2m > [22m[2mNear Character Limits
[22m[39m[Mock Data] Unit.onUpdate() subscription added. Total: 1
[90mstdout[2m | src/components/Editor3/components/MetadataEditor.stories.tsx[2m > [22m[2mNear Character Limits
[22m[39m[SectionContext] Section observeQuery update: 0
[90mstdout[2m | src/components/Editor3/components/MetadataEditor.stories.tsx[2m > [22m[2mNear Character Limits
[22m[39m[FilesContext] File observeQuery update: 6 files
[90mstdout[2m | src/components/Editor3/components/MetadataEditor.stories.tsx[2m > [22m[2mNear Character Limits
[22m[39m[ChatContext] AssistantChat initialized with 1 chats
[90mstdout[2m | src/components/Editor3/components/MetadataEditor.stories.tsx[2m > [22m[2mNear Character Limits
[22m[39m[ChatContext] Setting initial chat: mock-assistant-chat-1
[90mstdout[2m | src/components/Editor3/components/MetadataEditor.stories.tsx[2m > [22m[2mNear Character Limits
[22m[39m[MOCK CourseVectorStore] Initialized with mock data
[90mstdout[2m | src/components/Editor3/components/MetadataEditor.stories.tsx[2m > [22m[2mNear Character Limits
[22m[39m[FilesContext] Vector store population triggered {
  "currentVectorStoreSize": 3,
  "documentsCount": 0,
  "filesCount": 6,
  "isInitialLoad": true,
}
[90mstdout[2m | src/components/Editor3/components/MetadataEditor.stories.tsx[2m > [22m[2mNear Character Limits
[22m[39m[FilesContext] Vector store population complete - 3 total embeddings
[90mstdout[2m | src/components/Editor3/components/MetadataEditor.stories.tsx[2m > [22m[2mNear Character Limits
[22m[39m[ChatContext] Chat exists and not archived, skipping creation
[90mstdout[2m | src/components/Editor3/components/MetadataEditor.stories.tsx[2m > [22m[2mNear Character Limits
[22m[39m[Mock Storage] downloadData called with: undefined
 [32m✓[39m [30m[45m storybook (chromium) [49m[39m src/components/Editor3/components/MetadataEditor.stories.tsx [2m([22m[2m9 tests[22m[2m)[22m[33m 6128[2mms[22m[39m
   [33m[2m✓[22m[39m Default [33m 915[2mms[22m[39m
   [33m[2m✓[22m[39m Quick Auto Save [33m 668[2mms[22m[39m
   [33m[2m✓[22m[39m Minimal File [33m 442[2mms[22m[39m
   [33m[2m✓[22m[39m Large Metadata [33m 802[2mms[22m[39m
   [33m[2m✓[22m[39m AI Generated Image [33m 354[2mms[22m[39m
   [33m[2m✓[22m[39m TTS Audio File [33m 673[2mms[22m[39m
   [33m[2m✓[22m[39m All File Types [33m 1267[2mms[22m[39m
   [33m[2m✓[22m[39m Playground [33m 386[2mms[22m[39m
   [33m[2m✓[22m[39m Near Character Limits [33m 616[2mms[22m[39m
[90mstdout[2m | unknown test
[22m[39m[MOCK vectorStoreDB.js] Module loaded - mock IndexedDB operations
[90mstdout[2m | unknown test
[22m[39m[Task Completion] DOM action listeners initialized
[90mstdout[2m | unknown test
[22m[39m[Task Completion] Auto-completion detector initialized
[90mstdout[2m | unknown test
[22m[39m[Preview] Task completion detector initialized
[90mstdout[2m | src/components/Editor3/components/FileManager2.stories.jsx[2m > [22m[2mDefault
[22m[39m[Preview] Skipped initializing default mock data (initializeMockData=false)
[90mstdout[2m | src/components/Editor3/components/FileManager2.stories.jsx[2m > [22m[2mDefault
[22m[39m[FileManager2.stories] Starting to seed mock data...
[90mstdout[2m | src/components/Editor3/components/FileManager2.stories.jsx[2m > [22m[2mDefault
[22m[39m[FileManager2.stories] Mock imports complete
[90mstdout[2m | src/components/Editor3/components/FileManager2.stories.jsx[2m > [22m[2mDefault
[22m[39m[FileManager2.stories] Seeding files...
[90mstdout[2m | src/components/Editor3/components/FileManager2.stories.jsx[2m > [22m[2mDefault
[22m[39m[FileManager2.stories] Files seeded
[90mstdout[2m | src/components/Editor3/components/FileManager2.stories.jsx[2m > [22m[2mDefault
[22m[39m[FileManager2.stories] Seeding documents...
[90mstdout[2m | src/components/Editor3/components/FileManager2.stories.jsx[2m > [22m[2mDefault
[22m[39m[Mock Data] seedMockDocuments: Adding 2 documents
[90mstdout[2m | src/components/Editor3/components/FileManager2.stories.jsx[2m > [22m[2mDefault
[22m[39m[FileManager2.stories] Documents seeded
[90mstdout[2m | src/components/Editor3/components/FileManager2.stories.jsx[2m > [22m[2mDefault
[22m[39m[FileManager2.stories] Seeding parsed content...
[90mstdout[2m | src/components/Editor3/components/FileManager2.stories.jsx[2m > [22m[2mDefault
[22m[39m[Mock Data] seedMockParsedContent: Adding 2 parsed content records
[90mstdout[2m | src/components/Editor3/components/FileManager2.stories.jsx[2m > [22m[2mDefault
[22m[39m[FileManager2.stories] ParsedContent seeded
[90mstdout[2m | src/components/Editor3/components/FileManager2.stories.jsx[2m > [22m[2mDefault
[22m[39m[FileManager2.stories] All mock data seeded successfully!
[90mstdout[2m | src/components/Editor3/components/FileManager2.stories.jsx[2m > [22m[2mDefault
[22m[39m[MOCK CourseVectorStore] Initialized with mock data
[90mstdout[2m | src/components/Editor3/components/FileManager2.stories.jsx[2m > [22m[2mDefault
[22m[39m[FilesDebug] Files in context: 0 []
[90mstdout[2m | src/components/Editor3/components/FileManager2.stories.jsx[2m > [22m[2mDefault
[22m[39m[FilesDebug] FilesContext: {
  "audioFiles": {},
  "bumpDocumentVersion": [Function anonymous],
  "bumpFileVersion": [Function anonymous],
  "deletedDocuments": [],
  "deletedFiles": [],
  "documents": {},
  "files": [],
  "filesVersion": 0,
  "myFiles": [],
  "myPdfs": {},
  "myPlaylistFiles": {},
  "myPlaylistUrls": {},
  "refreshAudioFiles": [Function refreshAudioFiles],
  "session": {
    "groups": [Array],
    "idToken": [Object],
    "identityId": "us-east-1:mock-identity-123",
    "username": "mock-user-sub",
  },
  "setShowDeleted": [Function bound dispatchSetState],
  "showDeleted": false,
  "vectorStore": CourseVectorStore {
    "items": [Array],
    "loadPromise": null,
    "loaded": true,
  },
  "vectorStoreReady": false,
}
[90mstdout[2m | src/components/Editor3/components/FileManager2.stories.jsx[2m > [22m[2mDefault
[22m[39m[FilesDebug] UnitContext: {
  "session": {
    "identityId": "us-east-1:mock-identity-123",
    "username": "mock-user-sub",
  },
  "unit": {
    "data": null,
    "id": "mock-unit-id",
    "name": "Mock Unit",
  },
}
[90mstdout[2m | src/components/Editor3/components/FileManager2.stories.jsx[2m > [22m[2mDefault
[22m[39m[FileManager2] Files received from context: 0 []
[90mstdout[2m | src/components/Editor3/components/FileManager2.stories.jsx[2m > [22m[2mDefault
[22m[39m[FileManager2] Upload useEffect triggered. filesToUpload: 0 uploadInProgress: false
[90mstdout[2m | src/components/Editor3/components/FileManager2.stories.jsx[2m > [22m[2mDefault
[22m[39m[FileManager2] Skipping upload - no files or already in progress
[90mstdout[2m | src/components/Editor3/components/FileManager2.stories.jsx[2m > [22m[2mDefault
[22m[39m[TranslationModeController] Setting mode to: off
[90mstdout[2m | src/components/Editor3/components/FileManager2.stories.jsx[2m > [22m[2mDefault
[22m[39m[UnitContext] useEffect triggered {
  "authLoading": false,
  "hasUser": true,
  "id": "mock-unit-id",
  "userSub": "mock-user-sub",
}
[90mstdout[2m | src/components/Editor3/components/FileManager2.stories.jsx[2m > [22m[2mDefault
[22m[39m[UnitContext] Fetching unit data for id: mock-unit-id
[90mstdout[2m | src/components/Editor3/components/FileManager2.stories.jsx[2m > [22m[2mDefault
[22m[39m[FilesContext] Initializing vector store from IndexedDB
[90mstdout[2m | src/components/Editor3/components/FileManager2.stories.jsx[2m > [22m[2mDefault
[22m[39m[FilesContext] fetchFiles called
[90mstdout[2m | src/components/Editor3/components/FileManager2.stories.jsx[2m > [22m[2mDefault
[22m[39m[FilesContext] User authenticated: mock-user-sub
[90mstdout[2m | src/components/Editor3/components/FileManager2.stories.jsx[2m > [22m[2mDefault
[22m[39m[FilesContext] Identity ID: us-east-1:mock-identity-123
[90mstdout[2m | src/components/Editor3/components/FileManager2.stories.jsx[2m > [22m[2mDefault
[22m[39m[FilesContext] About to set up File observeQuery
[90mstdout[2m | src/components/Editor3/components/FileManager2.stories.jsx[2m > [22m[2mDefault
[22m[39m[ChatContext] Setting up AssistantChat observeQuery
[90mstdout[2m | src/components/Editor3/components/FileManager2.stories.jsx[2m > [22m[2mDefault
[22m[39m[ChatContext] Waiting for subscription to initialize
[90mstdout[2m | src/components/Editor3/components/FileManager2.stories.jsx[2m > [22m[2mDefault
[22m[39m[SettingsContext] Setting up Settings subscription for user: mock-user-sub
[90mstdout[2m | src/components/Editor3/components/FileManager2.stories.jsx[2m > [22m[2mDefault
[22m[39m[Mock Data] Settings created: mock-settings-1790417896587 - notified 0 subscribers
[90mstdout[2m | src/components/Editor3/components/FileManager2.stories.jsx[2m > [22m[2mDefault
[22m[39m[Mock Data] Unit.onUpdate() subscription added. Total: 1
[90mstdout[2m | src/components/Editor3/components/FileManager2.stories.jsx[2m > [22m[2mDefault
[22m[39m[SectionContext] Section observeQuery update: 0
[90mstdout[2m | src/components/Editor3/components/FileManager2.stories.jsx[2m > [22m[2mDefault
[22m[39m[FilesContext] File observeQuery update: 6 files
[90mstdout[2m | src/components/Editor3/components/FileManager2.stories.jsx[2m > [22m[2mDefault
[22m[39m[ChatContext] AssistantChat initialized with 0 chats
[90mstdout[2m | src/components/Editor3/components/FileManager2.stories.jsx[2m > [22m[2mDefault
[22m[39m[MOCK CourseVectorStore] Initialized with mock data
[90mstdout[2m | src/components/Editor3/components/FileManager2.stories.jsx[2m > [22m[2mDefault
[22m[39m[FilesDebug] Files in context: 6 [
  {
    "createdAt": "2026-09-26T08:18:15.764Z",
    "document": Promise {},
    "documentID": "mock-doc-japanese-photosynthesis",
    "id": "mock-file-pdf-1",
    "identityId": "us-east-1:mock-identity-123",
    "level": "PROTECTED",
    "mimeType": "application/pdf",
    "name": "japanese-lesson-photosynthesis.pdf",
    "owner": "mock-user-sub",
    "parsedContent": [Function anonymous],
    "path": "/story-mocks/cinematic-designed-sci-fi-whoosh-transition-nexawave-228295.mp3",
    "size": 1234567,
    "updatedAt": "2026-09-26T08:18:15.764Z",
  },
  {
    "createdAt": "2026-09-26T09:18:15.764Z",
    "document": Promise {},
    "documentID": "mock-doc-french-seasons",
    "id": "mock-file-pdf-2",
    "identityId": "us-east-1:mock-identity-123",
    "level": "PROTECTED",
    "mimeType": "application/pdf",
    "name": "french-seasons-vocabulary.pdf",
    "owner": "mock-user-sub",
    "parsedContent": [Function anonymous],
    "path": "/story-mocks/descent-whoosh-long-cinematic-sound-effect-405921.mp3",
    "size": 456789,
    "updatedAt": "2026-09-26T09:18:15.764Z",
  },
  {
    "createdAt": "2026-09-26T08:48:15.764Z",
    "id": "mock-file-image-1",
    "identityId": "us-east-1:mock-identity-123",
    "level": "PUBLIC",
    "metadata": "{"analysis":{"description":"A detailed biological diagram showing the internal structure of a plant cell, including organelles such as the nucleus, chloroplasts, mitochondria, and cell wall."}}",
    "mimeType": "image/jpeg",
    "name": "cell-diagram.jpg",
    "owner": "mock-user-sub",
    "parsedContent": [Function anonymous],
    "path": "/story-mocks/piano-10046998_1280.jpg",
    "size": 234567,
    "updatedAt": "2026-09-26T08:48:15.764Z",
  },
  {
    "createdAt": "2026-09-26T09:48:15.764Z",
    "id": "mock-file-image-2",
    "identityId": "us-east-1:mock-identity-123",
    "level": "PUBLIC",
    "metadata": "{"analysis":{"description":"An illustration depicting the four seasons with representative landscapes and weather patterns for spring, summer, autumn, and winter."}}",
    "mimeType": "image/png",
    "name": "seasons-illustration.png",
    "owner": "mock-user-sub",
    "parsedContent": [Function anonymous],
    "path": "/story-mocks/animals-10008941_1280.jpg",
    "size": 345678,
    "updatedAt": "2026-09-26T09:48:15.764Z",
  },
  {
    "createdAt": "2026-09-26T07:48:15.764Z",
    "duration": 12,
    "id": "mock-file-audio-1",
    "identityId": "us-east-1:mock-identity-123",
    "level": "PROTECTED",
    "metadata": "{"analysis":{"transcription":"Kougousei wa shokubutsu ga hikari enerugi wo riyou shite nisan katanso to mizu kara tou wo tsukuru purosesu desu.","description":"Audio pronunciation of Japanese photosynthesis vocabulary terms."}}",
    "mimeType": "audio/mpeg",
    "name": "photosynthesis-pronunciation.mp3",
    "owner": "mock-user-sub",
    "parsedContent": [Function anonymous],
    "path": "/story-mocks/cinematic-designed-sci-fi-whoosh-transition-nexawave-228295.mp3",
    "size": 123456,
    "updatedAt": "2026-09-26T07:48:15.764Z",
  },
  {
    "createdAt": "2026-09-26T09:33:15.764Z",
    "duration": 8,
    "id": "mock-file-audio-2",
    "identityId": "us-east-1:mock-identity-123",
    "level": "PROTECTED",
    "metadata": "{"analysis":{"transcription":"Le printemps, l'été, l'automne, l'hiver. Les quatre saisons de l'année.","description":"Audio pronunciation of French seasonal vocabulary."}}",
    "mimeType": "audio/mpeg",
    "name": "seasons-audio.mp3",
    "owner": "mock-user-sub",
    "parsedContent": [Function anonymous],
    "path": "/story-mocks/descent-whoosh-long-cinematic-sound-effect-405921.mp3",
    "size": 98765,
    "updatedAt": "2026-09-26T09:33:15.764Z",
  },
]
[90mstdout[2m | src/components/Editor3/components/FileManager2.stories.jsx[2m > [22m[2mDefault
[22m[39m[FilesDebug] FilesContext: {
  "audioFiles": {},
  "bumpDocumentVersion": [Function anonymous],
  "bumpFileVersion": [Function anonymous],
  "deletedDocuments": [],
  "deletedFiles": [],
  "documents": {
    "mock-doc-french-seasons": [Object],
    "mock-doc-japanese-photosynthesis": [Object],
  },
  "files": [
    [Object],
    [Object],
    [Object],
    [Object],
    [Object],
    [Object],
  ],
  "filesVersion": 1,
  "myFiles": [
    [Object],
    [Object],
    [Object],
    [Object],
    [Object],
    [Object],
  ],
  "myPdfs": {
    "mock-file-pdf-1": [Object],
    "mock-file-pdf-2": [Object],
  },
  "myPlaylistFiles": {
    "mock-file-audio-1": [Object],
    "mock-file-audio-2": [Object],
  },
  "myPlaylistUrls": {},
  "refreshAudioFiles": [Function refreshAudioFiles],
  "session": {
    "groups": [Array],
    "idToken": [Object],
    "identityId": "us-east-1:mock-identity-123",
    "username": "mock-user-sub",
  },
  "setShowDeleted": [Function bound dispatchSetState],
  "showDeleted": false,
  "vectorStore": CourseVectorStore {
    "items": [Array],
    "loadPromise": null,
    "loaded": true,
  },
  "vectorStoreReady": false,
}
[90mstdout[2m | src/components/Editor3/components/FileManager2.stories.jsx[2m > [22m[2mDefault
[22m[39m[FilesDebug] UnitContext: {
  "session": {
    "identityId": "us-east-1:mock-identity-123",
    "username": "mock-user-sub",
  },
  "unit": {
    "data": null,
    "id": "mock-unit-id",
    "name": "Mock Unit",
  },
}
[90mstdout[2m | src/components/Editor3/components/FileManager2.stories.jsx[2m > [22m[2mDefault
[22m[39m[FileManager2] Files received from context: 6 [
  {
    "createdAt": "2026-09-26T08:18:15.764Z",
    "document": Promise {},
    "documentID": "mock-doc-japanese-photosynthesis",
    "id": "mock-file-pdf-1",
    "identityId": "us-east-1:mock-identity-123",
    "level": "PROTECTED",
    "mimeType": "application/pdf",
    "name": "japanese-lesson-photosynthesis.pdf",
    "owner": "mock-user-sub",
    "parsedContent": [Function anonymous],
    "path": "/story-mocks/cinematic-designed-sci-fi-whoosh-transition-nexawave-228295.mp3",
    "size": 1234567,
    "updatedAt": "2026-09-26T08:18:15.764Z",
  },
  {
    "createdAt": "2026-09-26T09:18:15.764Z",
    "document": Promise {},
    "documentID": "mock-doc-french-seasons",
    "id": "mock-file-pdf-2",
    "identityId": "us-east-1:mock-identity-123",
    "level": "PROTECTED",
    "mimeType": "application/pdf",
    "name": "french-seasons-vocabulary.pdf",
    "owner": "mock-user-sub",
    "parsedContent": [Function anonymous],
    "path": "/story-mocks/descent-whoosh-long-cinematic-sound-effect-405921.mp3",
    "size": 456789,
    "updatedAt": "2026-09-26T09:18:15.764Z",
  },
  {
    "createdAt": "2026-09-26T08:48:15.764Z",
    "id": "mock-file-image-1",
    "identityId": "us-east-1:mock-identity-123",
    "level": "PUBLIC",
    "metadata": "{"analysis":{"description":"A detailed biological diagram showing the internal structure of a plant cell, including organelles such as the nucleus, chloroplasts, mitochondria, and cell wall."}}",
    "mimeType": "image/jpeg",
    "name": "cell-diagram.jpg",
    "owner": "mock-user-sub",
    "parsedContent": [Function anonymous],
    "path": "/story-mocks/piano-10046998_1280.jpg",
    "size": 234567,
    "updatedAt": "2026-09-26T08:48:15.764Z",
  },
  {
    "createdAt": "2026-09-26T09:48:15.764Z",
    "id": "mock-file-image-2",
    "identityId": "us-east-1:mock-identity-123",
    "level": "PUBLIC",
    "metadata": "{"analysis":{"description":"An illustration depicting the four seasons with representative landscapes and weather patterns for spring, summer, autumn, and winter."}}",
    "mimeType": "image/png",
    "name": "seasons-illustration.png",
    "owner": "mock-user-sub",
    "parsedContent": [Function anonymous],
    "path": "/story-mocks/animals-10008941_1280.jpg",
    "size": 345678,
    "updatedAt": "2026-09-26T09:48:15.764Z",
  },
  {
    "createdAt": "2026-09-26T07:48:15.764Z",
    "duration": 12,
    "id": "mock-file-audio-1",
    "identityId": "us-east-1:mock-identity-123",
    "level": "PROTECTED",
    "metadata": "{"analysis":{"transcription":"Kougousei wa shokubutsu ga hikari enerugi wo riyou shite nisan katanso to mizu kara tou wo tsukuru purosesu desu.","description":"Audio pronunciation of Japanese photosynthesis vocabulary terms."}}",
    "mimeType": "audio/mpeg",
    "name": "photosynthesis-pronunciation.mp3",
    "owner": "mock-user-sub",
    "parsedContent": [Function anonymous],
    "path": "/story-mocks/cinematic-designed-sci-fi-whoosh-transition-nexawave-228295.mp3",
    "size": 123456,
    "updatedAt": "2026-09-26T07:48:15.764Z",
  },
  {
    "createdAt": "2026-09-26T09:33:15.764Z",
    "duration": 8,
    "id": "mock-file-audio-2",
    "identityId": "us-east-1:mock-identity-123",
    "level": "PROTECTED",
    "metadata": "{"analysis":{"transcription":"Le printemps, l'été, l'automne, l'hiver. Les quatre saisons de l'année.","description":"Audio pronunciation of French seasonal vocabulary."}}",
    "mimeType": "audio/mpeg",
    "name": "seasons-audio.mp3",
    "owner": "mock-user-sub",
    "parsedContent": [Function anonymous],
    "path": "/story-mocks/descent-whoosh-long-cinematic-sound-effect-405921.mp3",
    "size": 98765,
    "updatedAt": "2026-09-26T09:33:15.764Z",
  },
]
[90mstdout[2m | src/components/Editor3/components/FileManager2.stories.jsx[2m > [22m[2mDefault
[22m[39m[FilesContext] Vector store population triggered {
  "currentVectorStoreSize": 3,
  "documentsCount": 2,
  "filesCount": 6,
  "isInitialLoad": true,
}
[90mstdout[2m | src/components/Editor3/components/FileManager2.stories.jsx[2m > [22m[2mDefault
[22m[39m[FilesContext] Vector store population complete - 3 total embeddings
[90mstdout[2m | src/components/Editor3/components/FileManager2.stories.jsx[2m > [22m[2mDefault
[22m[39m[ChatContext] No current chat available, will create one
[90mstdout[2m | src/components/Editor3/components/FileManager2.stories.jsx[2m > [22m[2mDefault
[22m[39m[ChatContext] Creating AssistantChat with user: undefined
[90mstdout[2m | src/components/Editor3/components/FileManager2.stories.jsx[2m > [22m[2mDefault
[22m[39m[Mock Data] AssistantChat created: mock-assistantchat-1790417896916 - notified 1 subscribers
[90mstdout[2m | src/components/Editor3/components/FileManager2.stories.jsx[2m > [22m[2mDefault
[22m[39m[ChatContext] Create result: {
  "data": {
    "_version": 1,
    "archived": false,
    "chatFiles": [Function anonymous],
    "createdAt": "2026-09-26T10:18:16.916Z",
    "id": "mock-assistantchat-1790417896916",
    "model": "gpt-4",
    "updatedAt": "2026-09-26T10:18:16.916Z",
  },
  "errors": [],
  "hasData": true,
  "hasErrors": true,
}
[90mstdout[2m | src/components/Editor3/components/FileManager2.stories.jsx[2m > [22m[2mDefault
[22m[39m[ChatContext] Created AssistantChat: mock-assistantchat-1790417896916 at: 2026-09-26T10:18:16.916Z
[90mstdout[2m | src/components/Editor3/components/FileManager2.stories.jsx[2m > [22m[2mDefault
[22m[39m[Mock Storage] downloadData called with: undefined
[90mstdout[2m | src/components/Editor3/components/FileManager2.stories.jsx[2m > [22m[2mDefault
[22m[39m[ChatContext] Setting initial chat: mock-assistantchat-1790417896916
[90mstdout[2m | src/components/Editor3/components/FileManager2.stories.jsx[2m > [22m[2mDefault
[22m[39m[ChatContext] Chat exists and not archived, skipping creation
[90mstdout[2m | src/components/Editor3/components/FileManager2.stories.jsx[2m > [22m[2mWith Expanded Content
[22m[39m[ChatContext] Cleaning up subscriptions
[90mstdout[2m | src/components/Editor3/components/FileManager2.stories.jsx[2m > [22m[2mWith Expanded Content
[22m[39m[Mock Data] Unit.onUpdate() subscription removed. Remaining: 0
[90mstdout[2m | src/components/Editor3/components/FileManager2.stories.jsx[2m > [22m[2mWith Expanded Content
[22m[39m[Preview] Skipped initializing default mock data (initializeMockData=false)
[90mstdout[2m | src/components/Editor3/components/FileManager2.stories.jsx[2m > [22m[2mWith Expanded Content
[22m[39m[FileManager2.stories] Starting to seed mock data...
[90mstdout[2m | src/components/Editor3/components/FileManager2.stories.jsx[2m > [22m[2mWith Expanded Content
[22m[39m[FileManager2.stories] Mock imports complete
[90mstdout[2m | src/components/Editor3/components/FileManager2.stories.jsx[2m > [22m[2mWith Expanded Content
[22m[39m[FileManager2.stories] Seeding files...
[90mstdout[2m | src/components/Editor3/components/FileManager2.stories.jsx[2m > [22m[2mWith Expanded Content
[22m[39m[FileManager2.stories] Files seeded
[90mstdout[2m | src/components/Editor3/components/FileManager2.stories.jsx[2m > [22m[2mWith Expanded Content
[22m[39m[FileManager2.stories] Seeding documents...
[90mstdout[2m | src/components/Editor3/components/FileManager2.stories.jsx[2m > [22m[2mWith Expanded Content
[22m[39m[Mock Data] seedMockDocuments: Adding 2 documents
[90mstdout[2m | src/components/Editor3/components/FileManager2.stories.jsx[2m > [22m[2mWith Expanded Content
[22m[39m[FileManager2.stories] Documents seeded
[90mstdout[2m | src/components/Editor3/components/FileManager2.stories.jsx[2m > [22m[2mWith Expanded Content
[22m[39m[FileManager2.stories] Seeding parsed content...
[90mstdout[2m | src/components/Editor3/components/FileManager2.stories.jsx[2m > [22m[2mWith Expanded Content
[22m[39m[Mock Data] seedMockParsedContent: Adding 2 parsed content records
[90mstdout[2m | src/components/Editor3/components/FileManager2.stories.jsx[2m > [22m[2mWith Expanded Content
[22m[39m[FileManager2.stories] ParsedContent seeded
[90mstdout[2m | src/components/Editor3/components/FileManager2.stories.jsx[2m > [22m[2mWith Expanded Content
[22m[39m[FileManager2.stories] All mock data seeded successfully!
[90mstdout[2m | src/components/Editor3/components/FileManager2.stories.jsx[2m > [22m[2mWith Expanded Content
[22m[39m[MOCK CourseVectorStore] Initialized with mock data
[90mstdout[2m | src/components/Editor3/components/FileManager2.stories.jsx[2m > [22m[2mWith Expanded Content
[22m[39m[FileManager2] Files received from context: 0 []
[90mstdout[2m | src/components/Editor3/components/FileManager2.stories.jsx[2m > [22m[2mWith Expanded Content
[22m[39m[FileManager2] Upload useEffect triggered. filesToUpload: 0 uploadInProgress: false
[90mstdout[2m | src/components/Editor3/components/FileManager2.stories.jsx[2m > [22m[2mWith Expanded Content
[22m[39m[FileManager2] Skipping upload - no files or already in progress
[90mstdout[2m | src/components/Editor3/components/FileManager2.stories.jsx[2m > [22m[2mWith Expanded Content
[22m[39m[TranslationModeController] Setting mode to: off
[90mstdout[2m | src/components/Editor3/components/FileManager2.stories.jsx[2m > [22m[2mWith Expanded Content
[22m[39m[UnitContext] useEffect triggered {
  "authLoading": false,
  "hasUser": true,
  "id": "mock-unit-id",
  "userSub": "mock-user-sub",
}
[90mstdout[2m | src/components/Editor3/components/FileManager2.stories.jsx[2m > [22m[2mWith Expanded Content
[22m[39m[UnitContext] Fetching unit data for id: mock-unit-id
[90mstdout[2m | src/components/Editor3/components/FileManager2.stories.jsx[2m > [22m[2mWith Expanded Content
[22m[39m[FilesContext] Initializing vector store from IndexedDB
[90mstdout[2m | src/components/Editor3/components/FileManager2.stories.jsx[2m > [22m[2mWith Expanded Content
[22m[39m[FilesContext] fetchFiles called
[90mstdout[2m | src/components/Editor3/components/FileManager2.stories.jsx[2m > [22m[2mWith Expanded Content
[22m[39m[FilesContext] User authenticated: mock-user-sub
[90mstdout[2m | src/components/Editor3/components/FileManager2.stories.jsx[2m > [22m[2mWith Expanded Content
[22m[39m[FilesContext] Identity ID: us-east-1:mock-identity-123
[90mstdout[2m | src/components/Editor3/components/FileManager2.stories.jsx[2m > [22m[2mWith Expanded Content
[22m[39m[FilesContext] About to set up File observeQuery
[90mstdout[2m | src/components/Editor3/components/FileManager2.stories.jsx[2m > [22m[2mWith Expanded Content
[22m[39m[ChatContext] Setting up AssistantChat observeQuery
[90mstdout[2m | src/components/Editor3/components/FileManager2.stories.jsx[2m > [22m[2mWith Expanded Content
[22m[39m[ChatContext] Waiting for subscription to initialize
[90mstdout[2m | src/components/Editor3/components/FileManager2.stories.jsx[2m > [22m[2mWith Expanded Content
[22m[39m[SettingsContext] Setting up Settings subscription for user: mock-user-sub
[90mstdout[2m | src/components/Editor3/components/FileManager2.stories.jsx[2m > [22m[2mWith Expanded Content
[22m[39m[Mock Data] Settings created: mock-settings-1790417900822 - notified 0 subscribers
[90mstdout[2m | src/components/Editor3/components/FileManager2.stories.jsx[2m > [22m[2mWith Expanded Content
[22m[39m[Mock Data] Unit.onUpdate() subscription added. Total: 1
[90mstdout[2m | src/components/Editor3/components/FileManager2.stories.jsx[2m > [22m[2mWith Expanded Content
[22m[39m[SectionContext] Section observeQuery update: 0
[90mstdout[2m | src/components/Editor3/components/FileManager2.stories.jsx[2m > [22m[2mWith Expanded Content
[22m[39m[FilesContext] File observeQuery update: 6 files
[90mstdout[2m | src/components/Editor3/components/FileManager2.stories.jsx[2m > [22m[2mWith Expanded Content
[22m[39m[ChatContext] AssistantChat initialized with 0 chats
[90mstdout[2m | src/components/Editor3/components/FileManager2.stories.jsx[2m > [22m[2mWith Expanded Content
[22m[39m[MOCK CourseVectorStore] Initialized with mock data
[90mstdout[2m | src/components/Editor3/components/FileManager2.stories.jsx[2m > [22m[2mWith Expanded Content
[22m[39m[FileManager2] Files received from context: 6 [
  {
    "createdAt": "2026-09-26T08:18:20.245Z",
    "document": Promise {},
    "documentID": "mock-doc-japanese-photosynthesis",
    "id": "mock-file-pdf-1",
    "identityId": "us-east-1:mock-identity-123",
    "level": "PROTECTED",
    "mimeType": "application/pdf",
    "name": "japanese-lesson-photosynthesis.pdf",
    "owner": "mock-user-sub",
    "parsedContent": [Function anonymous],
    "path": "/story-mocks/cinematic-designed-sci-fi-whoosh-transition-nexawave-228295.mp3",
    "size": 1234567,
    "updatedAt": "2026-09-26T08:18:20.245Z",
  },
  {
    "createdAt": "2026-09-26T09:18:20.245Z",
    "document": Promise {},
    "documentID": "mock-doc-french-seasons",
    "id": "mock-file-pdf-2",
    "identityId": "us-east-1:mock-identity-123",
    "level": "PROTECTED",
    "mimeType": "application/pdf",
    "name": "french-seasons-vocabulary.pdf",
    "owner": "mock-user-sub",
    "parsedContent": [Function anonymous],
    "path": "/story-mocks/descent-whoosh-long-cinematic-sound-effect-405921.mp3",
    "size": 456789,
    "updatedAt": "2026-09-26T09:18:20.245Z",
  },
  {
    "createdAt": "2026-09-26T08:48:20.245Z",
    "id": "mock-file-image-1",
    "identityId": "us-east-1:mock-identity-123",
    "level": "PUBLIC",
    "metadata": "{"analysis":{"description":"A detailed biological diagram showing the internal structure of a plant cell, including organelles such as the nucleus, chloroplasts, mitochondria, and cell wall."}}",
    "mimeType": "image/jpeg",
    "name": "cell-diagram.jpg",
    "owner": "mock-user-sub",
    "parsedContent": [Function anonymous],
    "path": "/story-mocks/piano-10046998_1280.jpg",
    "size": 234567,
    "updatedAt": "2026-09-26T08:48:20.245Z",
  },
  {
    "createdAt": "2026-09-26T09:48:20.245Z",
    "id": "mock-file-image-2",
    "identityId": "us-east-1:mock-identity-123",
    "level": "PUBLIC",
    "metadata": "{"analysis":{"description":"An illustration depicting the four seasons with representative landscapes and weather patterns for spring, summer, autumn, and winter."}}",
    "mimeType": "image/png",
    "name": "seasons-illustration.png",
    "owner": "mock-user-sub",
    "parsedContent": [Function anonymous],
    "path": "/story-mocks/animals-10008941_1280.jpg",
    "size": 345678,
    "updatedAt": "2026-09-26T09:48:20.245Z",
  },
  {
    "createdAt": "2026-09-26T07:48:20.245Z",
    "duration": 12,
    "id": "mock-file-audio-1",
    "identityId": "us-east-1:mock-identity-123",
    "level": "PROTECTED",
    "metadata": "{"analysis":{"transcription":"Kougousei wa shokubutsu ga hikari enerugi wo riyou shite nisan katanso to mizu kara tou wo tsukuru purosesu desu.","description":"Audio pronunciation of Japanese photosynthesis vocabulary terms."}}",
    "mimeType": "audio/mpeg",
    "name": "photosynthesis-pronunciation.mp3",
    "owner": "mock-user-sub",
    "parsedContent": [Function anonymous],
    "path": "/story-mocks/cinematic-designed-sci-fi-whoosh-transition-nexawave-228295.mp3",
    "size": 123456,
    "updatedAt": "2026-09-26T07:48:20.245Z",
  },
  {
    "createdAt": "2026-09-26T09:33:20.245Z",
    "duration": 8,
    "id": "mock-file-audio-2",
    "identityId": "us-east-1:mock-identity-123",
    "level": "PROTECTED",
    "metadata": "{"analysis":{"transcription":"Le printemps, l'été, l'automne, l'hiver. Les quatre saisons de l'année.","description":"Audio pronunciation of French seasonal vocabulary."}}",
    "mimeType": "audio/mpeg",
    "name": "seasons-audio.mp3",
    "owner": "mock-user-sub",
    "parsedContent": [Function anonymous],
    "path": "/story-mocks/descent-whoosh-long-cinematic-sound-effect-405921.mp3",
    "size": 98765,
    "updatedAt": "2026-09-26T09:33:20.245Z",
  },
]
[90mstdout[2m | src/components/Editor3/components/FileManager2.stories.jsx[2m > [22m[2mWith Expanded Content
[22m[39m[FilesContext] Vector store population triggered {
  "currentVectorStoreSize": 3,
  "documentsCount": 2,
  "filesCount": 6,
  "isInitialLoad": true,
}
[90mstdout[2m | src/components/Editor3/components/FileManager2.stories.jsx[2m > [22m[2mWith Expanded Content
[22m[39m[FilesContext] Vector store population complete - 3 total embeddings
[90mstdout[2m | src/components/Editor3/components/FileManager2.stories.jsx[2m > [22m[2mWith Expanded Content
[22m[39m[ChatContext] No current chat available, will create one
[90mstdout[2m | src/components/Editor3/components/FileManager2.stories.jsx[2m > [22m[2mWith Expanded Content
[22m[39m[ChatContext] Creating AssistantChat with user: undefined
[90mstdout[2m | src/components/Editor3/components/FileManager2.stories.jsx[2m > [22m[2mWith Expanded Content
[22m[39m[Mock Data] AssistantChat created: mock-assistantchat-1790417901308 - notified 1 subscribers
[90mstdout[2m | src/components/Editor3/components/FileManager2.stories.jsx[2m > [22m[2mWith Expanded Content
[22m[39m[ChatContext] Create result: {
  "data": {
    "_version": 1,
    "archived": false,
    "chatFiles": [Function anonymous],
    "createdAt": "2026-09-26T10:18:21.309Z",
    "id": "mock-assistantchat-1790417901308",
    "model": "gpt-4",
    "updatedAt": "2026-09-26T10:18:21.309Z",
  },
  "errors": [],
  "hasData": true,
  "hasErrors": true,
}
[90mstdout[2m | src/components/Editor3/components/FileManager2.stories.jsx[2m > [22m[2mWith Expanded Content
[22m[39m[ChatContext] Created AssistantChat: mock-assistantchat-1790417901308 at: 2026-09-26T10:18:21.309Z
[90mstdout[2m | src/components/Editor3/components/FileManager2.stories.jsx[2m > [22m[2mWith Expanded Content
[22m[39m[Mock Storage] downloadData called with: undefined
[90mstdout[2m | src/components/Editor3/components/FileManager2.stories.jsx[2m > [22m[2mWith Expanded Content
[22m[39m[ChatContext] Setting initial chat: mock-assistantchat-1790417901308
[90mstdout[2m | src/components/Editor3/components/FileManager2.stories.jsx[2m > [22m[2mWith Expanded Content
[22m[39m[ChatContext] Chat exists and not archived, skipping creation
[90mstdout[2m | src/components/Editor3/components/FileManager2.stories.jsx[2m > [22m[2mEmpty State
[22m[39m[ChatContext] Cleaning up subscriptions
[90mstdout[2m | src/components/Editor3/components/FileManager2.stories.jsx[2m > [22m[2mEmpty State
[22m[39m[Mock Data] Unit.onUpdate() subscription removed. Remaining: 0
[90mstdout[2m | src/components/Editor3/components/FileManager2.stories.jsx[2m > [22m[2mEmpty State
[22m[39m[MOCK CourseVectorStore] Initialized with mock data
[90mstdout[2m | src/components/Editor3/components/FileManager2.stories.jsx[2m > [22m[2mEmpty State
[22m[39m[FileManager2] Files received from context: 0 []
[90mstdout[2m | src/components/Editor3/components/FileManager2.stories.jsx[2m > [22m[2mEmpty State
[22m[39m[FileManager2] Upload useEffect triggered. filesToUpload: 0 uploadInProgress: false
[90mstdout[2m | src/components/Editor3/components/FileManager2.stories.jsx[2m > [22m[2mEmpty State
[22m[39m[FileManager2] Skipping upload - no files or already in progress
[90mstdout[2m | src/components/Editor3/components/FileManager2.stories.jsx[2m > [22m[2mEmpty State
[22m[39m[TranslationModeController] Setting mode to: off
[90mstdout[2m | src/components/Editor3/components/FileManager2.stories.jsx[2m > [22m[2mEmpty State
[22m[39m[UnitContext] useEffect triggered {
  "authLoading": false,
  "hasUser": true,
  "id": "mock-unit-id",
  "userSub": "mock-user-sub",
}
[90mstdout[2m | src/components/Editor3/components/FileManager2.stories.jsx[2m > [22m[2mEmpty State
[22m[39m[UnitContext] Fetching unit data for id: mock-unit-id
[90mstdout[2m | src/components/Editor3/components/FileManager2.stories.jsx[2m > [22m[2mEmpty State
[22m[39m[FilesContext] Initializing vector store from IndexedDB
[90mstdout[2m | src/components/Editor3/components/FileManager2.stories.jsx[2m > [22m[2mEmpty State
[22m[39m[FilesContext] fetchFiles called
[90mstdout[2m | src/components/Editor3/components/FileManager2.stories.jsx[2m > [22m[2mEmpty State
[22m[39m[FilesContext] User authenticated: mock-user-sub
[90mstdout[2m | src/components/Editor3/components/FileManager2.stories.jsx[2m > [22m[2mEmpty State
[22m[39m[FilesContext] Identity ID: us-east-1:mock-identity-123
[90mstdout[2m | src/components/Editor3/components/FileManager2.stories.jsx[2m > [22m[2mEmpty State
[22m[39m[FilesContext] About to set up File observeQuery
[90mstdout[2m | src/components/Editor3/components/FileManager2.stories.jsx[2m > [22m[2mEmpty State
[22m[39m[ChatContext] Setting up AssistantChat observeQuery
[90mstdout[2m | src/components/Editor3/components/FileManager2.stories.jsx[2m > [22m[2mEmpty State
[22m[39m[ChatContext] Waiting for subscription to initialize
[90mstdout[2m | src/components/Editor3/components/FileManager2.stories.jsx[2m > [22m[2mEmpty State
[22m[39m[SettingsContext] Setting up Settings subscription for user: mock-user-sub
[90mstdout[2m | src/components/Editor3/components/FileManager2.stories.jsx[2m > [22m[2mEmpty State
[22m[39m[Mock Data] Settings created: mock-settings-1790417903989 - notified 0 subscribers
[90mstdout[2m | src/components/Editor3/components/FileManager2.stories.jsx[2m > [22m[2mEmpty State
[22m[39m[Mock Data] Unit.onUpdate() subscription added. Total: 1
[90mstdout[2m | src/components/Editor3/components/FileManager2.stories.jsx[2m > [22m[2mEmpty State
[22m[39m[SectionContext] Section observeQuery update: 0
[90mstdout[2m | src/components/Editor3/components/FileManager2.stories.jsx[2m > [22m[2mEmpty State
[22m[39m[FilesContext] File observeQuery update: 6 files
[90mstdout[2m | src/components/Editor3/components/FileManager2.stories.jsx[2m > [22m[2mEmpty State
[22m[39m[ChatContext] AssistantChat initialized with 1 chats
[90mstdout[2m | src/components/Editor3/components/FileManager2.stories.jsx[2m > [22m[2mEmpty State
[22m[39m[ChatContext] Setting initial chat: mock-assistant-chat-1
[90mstdout[2m | src/components/Editor3/components/FileManager2.stories.jsx[2m > [22m[2mEmpty State
[22m[39m[MOCK CourseVectorStore] Initialized with mock data
[90mstdout[2m | src/components/Editor3/components/FileManager2.stories.jsx[2m > [22m[2mEmpty State
[22m[39m[FileManager2] Files received from context: 6 [
  {
    "_deleted": null,
    "_lastChangedAt": 1767711773285,
    "_version": 1,
    "byHex": null,
    "createdAt": "2026-01-06T15:02:53.253Z",
    "description": "Japanese language textbook - Chapter 1",
    "document": Promise {},
    "documentID": "e01017e1-fe7a-4521-b71c-09ec31b18639",
    "duration": null,
    "embedding": null,
    "generated": null,
    "hex": null,
    "id": "a57d7833-5fa7-4cb7-8b7a-ce7c6e10e551",
    "identityId": "us-east-1:b0eadde9-f02c-c71b-17a6-22ffd37d89c8",
    "key": "files/Japanese Wind 1.pdf",
    "level": "protected",
    "mimeType": "application/pdf",
    "model": null,
    "name": "Japanese Wind 1.pdf",
    "owner": "64d81418-7021-701d-9fed-a4c2e0735711",
    "parsedContent": [Function anonymous],
    "parsedContentID": null,
    "path": "files/Japanese Wind 1.pdf",
    "prompt": null,
    "size": 4706654,
    "thumbnail": null,
    "type": "pdf",
    "updatedAt": "2026-01-06T15:02:53.253Z",
    "variant": null,
  },
  {
    "_version": 2,
    "createdAt": "2026-01-15T10:00:00.000Z",
    "description": "Sample report with vocabulary",
    "document": Promise {},
    "documentID": "cd824b5b-2c66-41f8-8571-aa6794ff590c",
    "generated": false,
    "id": "mock-pdf-file-2",
    "identityId": "us-east-1:mock-identity",
    "key": "files/report.pdf",
    "level": "protected",
    "mimeType": "application/pdf",
    "name": "report.pdf",
    "owner": "mock-user-id",
    "parsedContent": [Function anonymous],
    "path": "files/report.pdf",
    "size": 123456,
    "type": "pdf",
    "updatedAt": "2026-01-15T10:30:00.000Z",
  },
  {
    "_version": 3,
    "createdAt": "2026-01-14T08:00:00.000Z",
    "description": "Vocabulary lesson PDF with extracted content",
    "document": Promise {},
    "documentID": "mock-document-3",
    "generated": false,
    "id": "mock-pdf-file-3",
    "identityId": "us-east-1:mock-identity",
    "key": "files/vocabulary-lesson.pdf",
    "level": "public",
    "mimeType": "application/pdf",
    "name": "vocabulary-lesson.pdf",
    "owner": "mock-user-id",
    "parsedContent": [Function anonymous],
    "path": "files/vocabulary-lesson.pdf",
    "size": 567890,
    "type": "pdf",
    "updatedAt": "2026-01-14T08:45:00.000Z",
  },
  {
    "_version": 1,
    "createdAt": "2026-01-20T10:00:00.000Z",
    "description": "Sample pronunciation audio",
    "documentID": null,
    "duration": 3.5,
    "generated": true,
    "id": "mock-audio-file-1",
    "identityId": "us-east-1:mock-identity",
    "key": "audio/pronunciation-demo.mp3",
    "level": "public",
    "mimeType": "audio/mpeg",
    "name": "pronunciation-demo.mp3",
    "owner": "mock-user-id",
    "parsedContent": [Function anonymous],
    "path": "/story-mocks/cinematic-designed-sci-fi-whoosh-transition-nexawave-228295.mp3",
    "size": 56789,
    "type": "audio",
    "updatedAt": "2026-01-20T10:00:00.000Z",
  },
  {
    "_version": 1,
    "createdAt": "2026-01-19T14:30:00.000Z",
    "description": "Lesson introduction audio",
    "documentID": null,
    "duration": 5.2,
    "generated": false,
    "id": "mock-audio-file-2",
    "identityId": "us-east-1:mock-identity",
    "key": "audio/lesson-intro.mp3",
    "level": "public",
    "mimeType": "audio/mpeg",
    "name": "lesson-intro.mp3",
    "owner": "mock-user-id",
    "parsedContent": [Function anonymous],
    "path": "/story-mocks/descent-whoosh-long-cinematic-sound-effect-405921.mp3",
    "size": 87654,
    "type": "audio",
    "updatedAt": "2026-01-19T14:30:00.000Z",
  },
  {
    "_version": 1,
    "createdAt": "2026-01-18T09:15:00.000Z",
    "description": "Hiragana character chart",
    "documentID": null,
    "generated": false,
    "id": "mock-image-file-1",
    "identityId": "us-east-1:mock-identity",
    "key": "images/hiragana-chart.png",
    "level": "public",
    "mimeType": "image/png",
    "name": "hiragana-chart.png",
    "owner": "mock-user-id",
    "parsedContent": [Function anonymous],
    "path": "images/hiragana-chart.png",
    "size": 234567,
    "thumbnail": "thumbnails/hiragana-chart-thumb.png",
    "type": "image",
    "updatedAt": "2026-01-18T09:15:00.000Z",
  },
]
[90mstdout[2m | src/components/Editor3/components/FileManager2.stories.jsx[2m > [22m[2mEmpty State
[22m[39m[FilesContext] Vector store population triggered {
  "currentVectorStoreSize": 3,
  "documentsCount": 0,
  "filesCount": 6,
  "isInitialLoad": true,
}
[90mstdout[2m | src/components/Editor3/components/FileManager2.stories.jsx[2m > [22m[2mEmpty State
[22m[39m[FilesContext] Vector store population complete - 3 total embeddings
[90mstdout[2m | src/components/Editor3/components/FileManager2.stories.jsx[2m > [22m[2mEmpty State
[22m[39m[ChatContext] Chat exists and not archived, skipping creation
[90mstdout[2m | src/components/Editor3/components/FileManager2.stories.jsx[2m > [22m[2mEmpty State
[22m[39mMock Cache.getItem called with: getCachedUrl_thumbnails/hiragana-chart-thumb.png
[90mstdout[2m | src/components/Editor3/components/FileManager2.stories.jsx[2m > [22m[2mEmpty State
[22m[39mMock getUrl called with: thumbnails/hiragana-chart-thumb.png
[90mstdout[2m | src/components/Editor3/components/FileManager2.stories.jsx[2m > [22m[2mEmpty State
[22m[39mMock Cache.setItem called with: getCachedUrl_thumbnails/hiragana-chart-thumb.png thumbnails/hiragana-chart-thumb.png
[90mstdout[2m | src/components/Editor3/components/FileManager2.stories.jsx[2m > [22m[2mEmpty State
[22m[39m[Mock Storage] downloadData called with: undefined
[90mstdout[2m | src/components/Editor3/components/FileManager2.stories.jsx[2m > [22m[2mExpanded PDF Content
[22m[39m[ChatContext] Cleaning up subscriptions
[90mstdout[2m | src/components/Editor3/components/FileManager2.stories.jsx[2m > [22m[2mExpanded PDF Content
[22m[39m[Mock Data] Unit.onUpdate() subscription removed. Remaining: 0
[90mstdout[2m | src/components/Editor3/components/FileManager2.stories.jsx[2m > [22m[2mExpanded PDF Content
[22m[39m[Preview] Skipped initializing default mock data (initializeMockData=false)
[90mstdout[2m | src/components/Editor3/components/FileManager2.stories.jsx[2m > [22m[2mExpanded PDF Content
[22m[39m[FileManager2.stories] Starting to seed mock data...
[90mstdout[2m | src/components/Editor3/components/FileManager2.stories.jsx[2m > [22m[2mExpanded PDF Content
[22m[39m[FileManager2.stories] Mock imports complete
[90mstdout[2m | src/components/Editor3/components/FileManager2.stories.jsx[2m > [22m[2mExpanded PDF Content
[22m[39m[FileManager2.stories] Seeding files...
[90mstdout[2m | src/components/Editor3/components/FileManager2.stories.jsx[2m > [22m[2mExpanded PDF Content
[22m[39m[FileManager2.stories] Files seeded
[90mstdout[2m | src/components/Editor3/components/FileManager2.stories.jsx[2m > [22m[2mExpanded PDF Content
[22m[39m[FileManager2.stories] Seeding documents...
[90mstdout[2m | src/components/Editor3/components/FileManager2.stories.jsx[2m > [22m[2mExpanded PDF Content
[22m[39m[Mock Data] seedMockDocuments: Adding 2 documents
[90mstdout[2m | src/components/Editor3/components/FileManager2.stories.jsx[2m > [22m[2mExpanded PDF Content
[22m[39m[FileManager2.stories] Documents seeded
[90mstdout[2m | src/components/Editor3/components/FileManager2.stories.jsx[2m > [22m[2mExpanded PDF Content
[22m[39m[FileManager2.stories] Seeding parsed content...
[90mstdout[2m | src/components/Editor3/components/FileManager2.stories.jsx[2m > [22m[2mExpanded PDF Content
[22m[39m[Mock Data] seedMockParsedContent: Adding 2 parsed content records
[90mstdout[2m | src/components/Editor3/components/FileManager2.stories.jsx[2m > [22m[2mExpanded PDF Content
[22m[39m[FileManager2.stories] ParsedContent seeded
[90mstdout[2m | src/components/Editor3/components/FileManager2.stories.jsx[2m > [22m[2mExpanded PDF Content
[22m[39m[FileManager2.stories] All mock data seeded successfully!
[90mstdout[2m | src/components/Editor3/components/FileManager2.stories.jsx[2m > [22m[2mExpanded PDF Content
[22m[39m[MOCK CourseVectorStore] Initialized with mock data
[90mstdout[2m | src/components/Editor3/components/FileManager2.stories.jsx[2m > [22m[2mExpanded PDF Content
[22m[39m[FileManager2] Files received from context: 0 []
[90mstdout[2m | src/components/Editor3/components/FileManager2.stories.jsx[2m > [22m[2mExpanded PDF Content
[22m[39m[FileManager2] Upload useEffect triggered. filesToUpload: 0 uploadInProgress: false
[90mstdout[2m | src/components/Editor3/components/FileManager2.stories.jsx[2m > [22m[2mExpanded PDF Content
[22m[39m[FileManager2] Skipping upload - no files or already in progress
[90mstdout[2m | src/components/Editor3/components/FileManager2.stories.jsx[2m > [22m[2mExpanded PDF Content
[22m[39m[TranslationModeController] Setting mode to: off
[90mstdout[2m | src/components/Editor3/components/FileManager2.stories.jsx[2m > [22m[2mExpanded PDF Content
[22m[39m[UnitContext] useEffect triggered {
  "authLoading": false,
  "hasUser": true,
  "id": "mock-unit-id",
  "userSub": "mock-user-sub",
}
[90mstdout[2m | src/components/Editor3/components/FileManager2.stories.jsx[2m > [22m[2mExpanded PDF Content
[22m[39m[UnitContext] Fetching unit data for id: mock-unit-id
[90mstdout[2m | src/components/Editor3/components/FileManager2.stories.jsx[2m > [22m[2mExpanded PDF Content
[22m[39m[FilesContext] Initializing vector store from IndexedDB
[90mstdout[2m | src/components/Editor3/components/FileManager2.stories.jsx[2m > [22m[2mExpanded PDF Content
[22m[39m[FilesContext] fetchFiles called
[90mstdout[2m | src/components/Editor3/components/FileManager2.stories.jsx[2m > [22m[2mExpanded PDF Content
[22m[39m[FilesContext] User authenticated: mock-user-sub
[90mstdout[2m | src/components/Editor3/components/FileManager2.stories.jsx[2m > [22m[2mExpanded PDF Content
[22m[39m[FilesContext] Identity ID: us-east-1:mock-identity-123
[90mstdout[2m | src/components/Editor3/components/FileManager2.stories.jsx[2m > [22m[2mExpanded PDF Content
[22m[39m[FilesContext] About to set up File observeQuery
[90mstdout[2m | src/components/Editor3/components/FileManager2.stories.jsx[2m > [22m[2mExpanded PDF Content
[22m[39m[ChatContext] Setting up AssistantChat observeQuery
[90mstdout[2m | src/components/Editor3/components/FileManager2.stories.jsx[2m > [22m[2mExpanded PDF Content
[22m[39m[ChatContext] Waiting for subscription to initialize
[90mstdout[2m | src/components/Editor3/components/FileManager2.stories.jsx[2m > [22m[2mExpanded PDF Content
[22m[39m[SettingsContext] Setting up Settings subscription for user: mock-user-sub
[90mstdout[2m | src/components/Editor3/components/FileManager2.stories.jsx[2m > [22m[2mExpanded PDF Content
[22m[39m[Mock Data] Settings created: mock-settings-1790417906624 - notified 0 subscribers
[90mstdout[2m | src/components/Editor3/components/FileManager2.stories.jsx[2m > [22m[2mExpanded PDF Content
[22m[39m[Mock Data] Unit.onUpdate() subscription added. Total: 1
[90mstdout[2m | src/components/Editor3/components/FileManager2.stories.jsx[2m > [22m[2mExpanded PDF Content
[22m[39m[SectionContext] Section observeQuery update: 0
[90mstdout[2m | src/components/Editor3/components/FileManager2.stories.jsx[2m > [22m[2mExpanded PDF Content
[22m[39m[FilesContext] File observeQuery update: 6 files
[90mstdout[2m | src/components/Editor3/components/FileManager2.stories.jsx[2m > [22m[2mExpanded PDF Content
[22m[39m[ChatContext] AssistantChat initialized with 0 chats
[90mstdout[2m | src/components/Editor3/components/FileManager2.stories.jsx[2m > [22m[2mExpanded PDF Content
[22m[39m[MOCK CourseVectorStore] Initialized with mock data
[90mstdout[2m | src/components/Editor3/components/FileManager2.stories.jsx[2m > [22m[2mExpanded PDF Content
[22m[39m[FileManager2] Files received from context: 6 [
  {
    "createdAt": "2026-09-26T08:18:26.137Z",
    "document": Promise {},
    "documentID": "mock-doc-japanese-photosynthesis",
    "id": "mock-file-pdf-1",
    "identityId": "us-east-1:mock-identity-123",
    "level": "PROTECTED",
    "mimeType": "application/pdf",
    "name": "japanese-lesson-photosynthesis.pdf",
    "owner": "mock-user-sub",
    "parsedContent": [Function anonymous],
    "path": "/story-mocks/cinematic-designed-sci-fi-whoosh-transition-nexawave-228295.mp3",
    "size": 1234567,
    "updatedAt": "2026-09-26T08:18:26.137Z",
  },
  {
    "createdAt": "2026-09-26T09:18:26.137Z",
    "document": Promise {},
    "documentID": "mock-doc-french-seasons",
    "id": "mock-file-pdf-2",
    "identityId": "us-east-1:mock-identity-123",
    "level": "PROTECTED",
    "mimeType": "application/pdf",
    "name": "french-seasons-vocabulary.pdf",
    "owner": "mock-user-sub",
    "parsedContent": [Function anonymous],
    "path": "/story-mocks/descent-whoosh-long-cinematic-sound-effect-405921.mp3",
    "size": 456789,
    "updatedAt": "2026-09-26T09:18:26.137Z",
  },
  {
    "createdAt": "2026-09-26T08:48:26.137Z",
    "id": "mock-file-image-1",
    "identityId": "us-east-1:mock-identity-123",
    "level": "PUBLIC",
    "metadata": "{"analysis":{"description":"A detailed biological diagram showing the internal structure of a plant cell, including organelles such as the nucleus, chloroplasts, mitochondria, and cell wall."}}",
    "mimeType": "image/jpeg",
    "name": "cell-diagram.jpg",
    "owner": "mock-user-sub",
    "parsedContent": [Function anonymous],
    "path": "/story-mocks/piano-10046998_1280.jpg",
    "size": 234567,
    "updatedAt": "2026-09-26T08:48:26.137Z",
  },
  {
    "createdAt": "2026-09-26T09:48:26.137Z",
    "id": "mock-file-image-2",
    "identityId": "us-east-1:mock-identity-123",
    "level": "PUBLIC",
    "metadata": "{"analysis":{"description":"An illustration depicting the four seasons with representative landscapes and weather patterns for spring, summer, autumn, and winter."}}",
    "mimeType": "image/png",
    "name": "seasons-illustration.png",
    "owner": "mock-user-sub",
    "parsedContent": [Function anonymous],
    "path": "/story-mocks/animals-10008941_1280.jpg",
    "size": 345678,
    "updatedAt": "2026-09-26T09:48:26.137Z",
  },
  {
    "createdAt": "2026-09-26T07:48:26.137Z",
    "duration": 12,
    "id": "mock-file-audio-1",
    "identityId": "us-east-1:mock-identity-123",
    "level": "PROTECTED",
    "metadata": "{"analysis":{"transcription":"Kougousei wa shokubutsu ga hikari enerugi wo riyou shite nisan katanso to mizu kara tou wo tsukuru purosesu desu.","description":"Audio pronunciation of Japanese photosynthesis vocabulary terms."}}",
    "mimeType": "audio/mpeg",
    "name": "photosynthesis-pronunciation.mp3",
    "owner": "mock-user-sub",
    "parsedContent": [Function anonymous],
    "path": "/story-mocks/cinematic-designed-sci-fi-whoosh-transition-nexawave-228295.mp3",
    "size": 123456,
    "updatedAt": "2026-09-26T07:48:26.137Z",
  },
  {
    "createdAt": "2026-09-26T09:33:26.137Z",
    "duration": 8,
    "id": "mock-file-audio-2",
    "identityId": "us-east-1:mock-identity-123",
    "level": "PROTECTED",
    "metadata": "{"analysis":{"transcription":"Le printemps, l'été, l'automne, l'hiver. Les quatre saisons de l'année.","description":"Audio pronunciation of French seasonal vocabulary."}}",
    "mimeType": "audio/mpeg",
    "name": "seasons-audio.mp3",
    "owner": "mock-user-sub",
    "parsedContent": [Function anonymous],
    "path": "/story-mocks/descent-whoosh-long-cinematic-sound-effect-405921.mp3",
    "size": 98765,
    "updatedAt": "2026-09-26T09:33:26.137Z",
  },
]
[90mstdout[2m | src/components/Editor3/components/FileManager2.stories.jsx[2m > [22m[2mExpanded PDF Content
[22m[39m[FilesContext] Vector store population triggered {
  "currentVectorStoreSize": 3,
  "documentsCount": 2,
  "filesCount": 6,
  "isInitialLoad": true,
}
[90mstdout[2m | src/components/Editor3/components/FileManager2.stories.jsx[2m > [22m[2mExpanded PDF Content
[22m[39m[FilesContext] Vector store population complete - 3 total embeddings
[90mstdout[2m | src/components/Editor3/components/FileManager2.stories.jsx[2m > [22m[2mExpanded PDF Content
[22m[39m[ChatContext] No current chat available, will create one
[90mstdout[2m | src/components/Editor3/components/FileManager2.stories.jsx[2m > [22m[2mExpanded PDF Content
[22m[39m[ChatContext] Creating AssistantChat with user: undefined
[90mstdout[2m | src/components/Editor3/components/FileManager2.stories.jsx[2m > [22m[2mExpanded PDF Content
[22m[39m[Mock Data] AssistantChat created: mock-assistantchat-1790417906958 - notified 1 subscribers
[90mstdout[2m | src/components/Editor3/components/FileManager2.stories.jsx[2m > [22m[2mExpanded PDF Content
[22m[39m[ChatContext] Create result: {
  "data": {
    "_version": 1,
    "archived": false,
    "chatFiles": [Function anonymous],
    "createdAt": "2026-09-26T10:18:26.958Z",
    "id": "mock-assistantchat-1790417906958",
    "model": "gpt-4",
    "updatedAt": "2026-09-26T10:18:26.958Z",
  },
  "errors": [],
  "hasData": true,
  "hasErrors": true,
}
[90mstdout[2m | src/components/Editor3/components/FileManager2.stories.jsx[2m > [22m[2mExpanded PDF Content
[22m[39m[ChatContext] Created AssistantChat: mock-assistantchat-1790417906958 at: 2026-09-26T10:18:26.958Z
[90mstdout[2m | src/components/Editor3/components/FileManager2.stories.jsx[2m > [22m[2mExpanded PDF Content
[22m[39m[Mock Storage] downloadData called with: undefined
[90mstdout[2m | src/components/Editor3/components/FileManager2.stories.jsx[2m > [22m[2mExpanded PDF Content
[22m[39m[ChatContext] Setting initial chat: mock-assistantchat-1790417906958
[90mstdout[2m | src/components/Editor3/components/FileManager2.stories.jsx[2m > [22m[2mExpanded PDF Content
[22m[39m[ChatContext] Chat exists and not archived, skipping creation
 [32m✓[39m [30m[45m storybook (chromium) [49m[39m src/components/Editor3/components/FileManager2.stories.jsx [2m([22m[2m4 tests[22m[2m)[22m[33m 13143[2mms[22m[39m
   [33m[2m✓[22m[39m Default [33m 4426[2mms[22m[39m
   [33m[2m✓[22m[39m With Expanded Content [33m 3300[2mms[22m[39m
   [33m[2m✓[22m[39m Empty State [33m 2775[2mms[22m[39m
   [33m[2m✓[22m[39m Expanded PDF Content [33m 2629[2mms[22m[39m
[90mstdout[2m | unknown test
[22m[39m[MOCK vectorStoreDB.js] Module loaded - mock IndexedDB operations
[90mstdout[2m | unknown test
[22m[39m[Task Completion] DOM action listeners initialized
[90mstdout[2m | unknown test
[22m[39m[Task Completion] Auto-completion detector initialized
[90mstdout[2m | unknown test
[22m[39m[Preview] Task completion detector initialized
[90mstdout[2m | src/components/GlobalSearchBar.stories.tsx[2m > [22m[2mDefault
[22m[39m[MOCK CourseVectorStore] Initialized with mock data
[90mstdout[2m | src/components/GlobalSearchBar.stories.tsx[2m > [22m[2mDefault
[22m[39m[TranslationModeController] Setting mode to: off
[90mstdout[2m | src/components/GlobalSearchBar.stories.tsx[2m > [22m[2mDefault
[22m[39m[UnitContext] useEffect triggered {
  "authLoading": false,
  "hasUser": true,
  "id": "mock-unit-id",
  "userSub": "mock-user-sub",
}
[90mstdout[2m | src/components/GlobalSearchBar.stories.tsx[2m > [22m[2mDefault
[22m[39m[UnitContext] Fetching unit data for id: mock-unit-id
[90mstdout[2m | src/components/GlobalSearchBar.stories.tsx[2m > [22m[2mDefault
[22m[39m[FilesContext] Initializing vector store from IndexedDB
[90mstdout[2m | src/components/GlobalSearchBar.stories.tsx[2m > [22m[2mDefault
[22m[39m[FilesContext] fetchFiles called
[90mstdout[2m | src/components/GlobalSearchBar.stories.tsx[2m > [22m[2mDefault
[22m[39m[FilesContext] User authenticated: mock-user-sub
[90mstdout[2m | src/components/GlobalSearchBar.stories.tsx[2m > [22m[2mDefault
[22m[39m[FilesContext] Identity ID: us-east-1:mock-identity-123
[90mstdout[2m | src/components/GlobalSearchBar.stories.tsx[2m > [22m[2mDefault
[22m[39m[FilesContext] About to set up File observeQuery
[90mstdout[2m | src/components/GlobalSearchBar.stories.tsx[2m > [22m[2mDefault
[22m[39m[ChatContext] Setting up AssistantChat observeQuery
[90mstdout[2m | src/components/GlobalSearchBar.stories.tsx[2m > [22m[2mDefault
[22m[39m[ChatContext] Waiting for subscription to initialize
[90mstdout[2m | src/components/GlobalSearchBar.stories.tsx[2m > [22m[2mDefault
[22m[39m[SettingsContext] Setting up Settings subscription for user: mock-user-sub
[90mstdout[2m | src/components/GlobalSearchBar.stories.tsx[2m > [22m[2mDefault
[22m[39m[Mock Data] Settings created: mock-settings-1790417912935 - notified 0 subscribers
[90mstdout[2m | src/components/GlobalSearchBar.stories.tsx[2m > [22m[2mDefault
[22m[39m[Mock Data] Unit.onUpdate() subscription added. Total: 1
[90mstdout[2m | src/components/GlobalSearchBar.stories.tsx[2m > [22m[2mDefault
[22m[39m[SectionContext] Section observeQuery update: 0
[90mstdout[2m | src/components/GlobalSearchBar.stories.tsx[2m > [22m[2mDefault
[22m[39m[FilesContext] File observeQuery update: 6 files
[90mstdout[2m | src/components/GlobalSearchBar.stories.tsx[2m > [22m[2mDefault
[22m[39m[ChatContext] AssistantChat initialized with 1 chats
[90mstdout[2m | src/components/GlobalSearchBar.stories.tsx[2m > [22m[2mDefault
[22m[39m[ChatContext] Setting initial chat: mock-assistant-chat-1
[90mstdout[2m | src/components/GlobalSearchBar.stories.tsx[2m > [22m[2mDefault
[22m[39m[MOCK CourseVectorStore] Initialized with mock data
[90mstdout[2m | src/components/GlobalSearchBar.stories.tsx[2m > [22m[2mDefault
[22m[39m[FilesContext] Vector store population triggered {
  "currentVectorStoreSize": 3,
  "documentsCount": 0,
  "filesCount": 6,
  "isInitialLoad": true,
}
[90mstdout[2m | src/components/GlobalSearchBar.stories.tsx[2m > [22m[2mDefault
[22m[39m[FilesContext] Vector store population complete - 3 total embeddings
[90mstdout[2m | src/components/GlobalSearchBar.stories.tsx[2m > [22m[2mDefault
[22m[39m[ChatContext] Chat exists and not archived, skipping creation
[90mstdout[2m | src/components/GlobalSearchBar.stories.tsx[2m > [22m[2mDefault
[22m[39m[Mock Storage] downloadData called with: undefined
[90mstdout[2m | src/components/GlobalSearchBar.stories.tsx[2m > [22m[2mWith Results
[22m[39m[ChatContext] Cleaning up subscriptions
[90mstdout[2m | src/components/GlobalSearchBar.stories.tsx[2m > [22m[2mWith Results
[22m[39m[Mock Data] Unit.onUpdate() subscription removed. Remaining: 0
[90mstdout[2m | src/components/GlobalSearchBar.stories.tsx[2m > [22m[2mWith Results
[22m[39m[MOCK CourseVectorStore] Initialized with mock data
[90mstdout[2m | src/components/GlobalSearchBar.stories.tsx[2m > [22m[2mWith Results
[22m[39m[TranslationModeController] Setting mode to: off
[90mstdout[2m | src/components/GlobalSearchBar.stories.tsx[2m > [22m[2mWith Results
[22m[39m[UnitContext] useEffect triggered {
  "authLoading": false,
  "hasUser": true,
  "id": "mock-unit-id",
  "userSub": "mock-user-sub",
}
[90mstdout[2m | src/components/GlobalSearchBar.stories.tsx[2m > [22m[2mWith Results
[22m[39m[UnitContext] Fetching unit data for id: mock-unit-id
[90mstdout[2m | src/components/GlobalSearchBar.stories.tsx[2m > [22m[2mWith Results
[22m[39m[FilesContext] Initializing vector store from IndexedDB
[90mstdout[2m | src/components/GlobalSearchBar.stories.tsx[2m > [22m[2mWith Results
[22m[39m[FilesContext] fetchFiles called
[90mstdout[2m | src/components/GlobalSearchBar.stories.tsx[2m > [22m[2mWith Results
[22m[39m[FilesContext] User authenticated: mock-user-sub
[90mstdout[2m | src/components/GlobalSearchBar.stories.tsx[2m > [22m[2mWith Results
[22m[39m[FilesContext] Identity ID: us-east-1:mock-identity-123
[90mstdout[2m | src/components/GlobalSearchBar.stories.tsx[2m > [22m[2mWith Results
[22m[39m[FilesContext] About to set up File observeQuery
[90mstdout[2m | src/components/GlobalSearchBar.stories.tsx[2m > [22m[2mWith Results
[22m[39m[ChatContext] Setting up AssistantChat observeQuery
[90mstdout[2m | src/components/GlobalSearchBar.stories.tsx[2m > [22m[2mWith Results
[22m[39m[ChatContext] Waiting for subscription to initialize
[90mstdout[2m | src/components/GlobalSearchBar.stories.tsx[2m > [22m[2mWith Results
[22m[39m[SettingsContext] Setting up Settings subscription for user: mock-user-sub
[90mstdout[2m | src/components/GlobalSearchBar.stories.tsx[2m > [22m[2mWith Results
[22m[39m[Mock Data] Settings created: mock-settings-1790417920117 - notified 0 subscribers
[90mstdout[2m | src/components/GlobalSearchBar.stories.tsx[2m > [22m[2mWith Results
[22m[39m[Mock Data] Unit.onUpdate() subscription added. Total: 1
[90mstdout[2m | src/components/GlobalSearchBar.stories.tsx[2m > [22m[2mWith Results
[22m[39m[SectionContext] Section observeQuery update: 0
[90mstdout[2m | src/components/GlobalSearchBar.stories.tsx[2m > [22m[2mWith Results
[22m[39m[FilesContext] File observeQuery update: 6 files
[90mstdout[2m | src/components/GlobalSearchBar.stories.tsx[2m > [22m[2mWith Results
[22m[39m[ChatContext] AssistantChat initialized with 1 chats
[90mstdout[2m | src/components/GlobalSearchBar.stories.tsx[2m > [22m[2mWith Results
[22m[39m[ChatContext] Setting initial chat: mock-assistant-chat-1
[90mstdout[2m | src/components/GlobalSearchBar.stories.tsx[2m > [22m[2mWith Results
[22m[39m[MOCK CourseVectorStore] Initialized with mock data
[90mstdout[2m | src/components/GlobalSearchBar.stories.tsx[2m > [22m[2mWith Results
[22m[39m[FilesContext] Vector store population triggered {
  "currentVectorStoreSize": 3,
  "documentsCount": 0,
  "filesCount": 6,
  "isInitialLoad": true,
}
[90mstdout[2m | src/components/GlobalSearchBar.stories.tsx[2m > [22m[2mWith Results
[22m[39m[FilesContext] Vector store population complete - 3 total embeddings
[90mstdout[2m | src/components/GlobalSearchBar.stories.tsx[2m > [22m[2mWith Results
[22m[39m[ChatContext] Chat exists and not archived, skipping creation
[90mstdout[2m | src/components/GlobalSearchBar.stories.tsx[2m > [22m[2mWith Results
[22m[39m[Mock Storage] downloadData called with: undefined
[90mstdout[2m | src/components/GlobalSearchBar.stories.tsx[2m > [22m[2mWith Results
[22m[39mfilterWords {
  "filter": "",
  "wordsCount": 0,
}
[90mstdout[2m | src/components/GlobalSearchBar.stories.tsx[2m > [22m[2mIn Toolbar
[22m[39m[ChatContext] Cleaning up subscriptions
[90mstdout[2m | src/components/GlobalSearchBar.stories.tsx[2m > [22m[2mIn Toolbar
[22m[39m[Mock Data] Unit.onUpdate() subscription removed. Remaining: 0
[90mstdout[2m | src/components/GlobalSearchBar.stories.tsx[2m > [22m[2mIn Toolbar
[22m[39m[MOCK CourseVectorStore] Initialized with mock data
[90mstdout[2m | src/components/GlobalSearchBar.stories.tsx[2m > [22m[2mIn Toolbar
[22m[39m[TranslationModeController] Setting mode to: off
[90mstdout[2m | src/components/GlobalSearchBar.stories.tsx[2m > [22m[2mIn Toolbar
[22m[39m[UnitContext] useEffect triggered {
  "authLoading": false,
  "hasUser": true,
  "id": "mock-unit-id",
  "userSub": "mock-user-sub",
}
[90mstdout[2m | src/components/GlobalSearchBar.stories.tsx[2m > [22m[2mIn Toolbar
[22m[39m[UnitContext] Fetching unit data for id: mock-unit-id
[90mstdout[2m | src/components/GlobalSearchBar.stories.tsx[2m > [22m[2mIn Toolbar
[22m[39m[FilesContext] Initializing vector store from IndexedDB
[90mstdout[2m | src/components/GlobalSearchBar.stories.tsx[2m > [22m[2mIn Toolbar
[22m[39m[FilesContext] fetchFiles called
[90mstdout[2m | src/components/GlobalSearchBar.stories.tsx[2m > [22m[2mIn Toolbar
[22m[39m[FilesContext] User authenticated: mock-user-sub
[90mstdout[2m | src/components/GlobalSearchBar.stories.tsx[2m > [22m[2mIn Toolbar
[22m[39m[FilesContext] Identity ID: us-east-1:mock-identity-123
[90mstdout[2m | src/components/GlobalSearchBar.stories.tsx[2m > [22m[2mIn Toolbar
[22m[39m[FilesContext] About to set up File observeQuery
[90mstdout[2m | src/components/GlobalSearchBar.stories.tsx[2m > [22m[2mIn Toolbar
[22m[39m[ChatContext] Setting up AssistantChat observeQuery
[90mstdout[2m | src/components/GlobalSearchBar.stories.tsx[2m > [22m[2mIn Toolbar
[22m[39m[ChatContext] Waiting for subscription to initialize
[90mstdout[2m | src/components/GlobalSearchBar.stories.tsx[2m > [22m[2mIn Toolbar
[22m[39m[SettingsContext] Setting up Settings subscription for user: mock-user-sub
[90mstdout[2m | src/components/GlobalSearchBar.stories.tsx[2m > [22m[2mIn Toolbar
[22m[39m[Mock Data] Settings created: mock-settings-1790417921997 - notified 0 subscribers
[90mstdout[2m | src/components/GlobalSearchBar.stories.tsx[2m > [22m[2mIn Toolbar
[22m[39m[Mock Data] Unit.onUpdate() subscription added. Total: 1
[90mstdout[2m | src/components/GlobalSearchBar.stories.tsx[2m > [22m[2mIn Toolbar
[22m[39m[SectionContext] Section observeQuery update: 0
[90mstdout[2m | src/components/GlobalSearchBar.stories.tsx[2m > [22m[2mIn Toolbar
[22m[39m[FilesContext] File observeQuery update: 6 files
[90mstdout[2m | src/components/GlobalSearchBar.stories.tsx[2m > [22m[2mIn Toolbar
[22m[39m[ChatContext] AssistantChat initialized with 1 chats
[90mstdout[2m | src/components/GlobalSearchBar.stories.tsx[2m > [22m[2mIn Toolbar
[22m[39m[ChatContext] Setting initial chat: mock-assistant-chat-1
[90mstdout[2m | src/components/GlobalSearchBar.stories.tsx[2m > [22m[2mIn Toolbar
[22m[39m[MOCK CourseVectorStore] Initialized with mock data
[90mstdout[2m | src/components/GlobalSearchBar.stories.tsx[2m > [22m[2mIn Toolbar
[22m[39m[FilesContext] Vector store population triggered {
  "currentVectorStoreSize": 3,
  "documentsCount": 0,
  "filesCount": 6,
  "isInitialLoad": true,
}
[90mstdout[2m | src/components/GlobalSearchBar.stories.tsx[2m > [22m[2mIn Toolbar
[22m[39m[FilesContext] Vector store population complete - 3 total embeddings
[90mstdout[2m | src/components/GlobalSearchBar.stories.tsx[2m > [22m[2mIn Toolbar
[22m[39m[ChatContext] Chat exists and not archived, skipping creation
[90mstdout[2m | src/components/GlobalSearchBar.stories.tsx[2m > [22m[2mIn Toolbar
[22m[39m[Mock Storage] downloadData called with: undefined
[90mstdout[2m | src/components/GlobalSearchBar.stories.tsx[2m > [22m[2mLoading
[22m[39m[ChatContext] Cleaning up subscriptions
[90mstdout[2m | src/components/GlobalSearchBar.stories.tsx[2m > [22m[2mLoading
[22m[39m[Mock Data] Unit.onUpdate() subscription removed. Remaining: 0
[90mstdout[2m | src/components/GlobalSearchBar.stories.tsx[2m > [22m[2mLoading
[22m[39m[MOCK CourseVectorStore] Initialized with mock data
[90mstdout[2m | src/components/GlobalSearchBar.stories.tsx[2m > [22m[2mLoading
[22m[39m[TranslationModeController] Setting mode to: off
[90mstdout[2m | src/components/GlobalSearchBar.stories.tsx[2m > [22m[2mLoading
[22m[39m[UnitContext] useEffect triggered {
  "authLoading": false,
  "hasUser": true,
  "id": "mock-unit-id",
  "userSub": "mock-user-sub",
}
[90mstdout[2m | src/components/GlobalSearchBar.stories.tsx[2m > [22m[2mLoading
[22m[39m[UnitContext] Fetching unit data for id: mock-unit-id
[90mstdout[2m | src/components/GlobalSearchBar.stories.tsx[2m > [22m[2mLoading
[22m[39m[FilesContext] Initializing vector store from IndexedDB
[90mstdout[2m | src/components/GlobalSearchBar.stories.tsx[2m > [22m[2mLoading
[22m[39m[FilesContext] fetchFiles called
[90mstdout[2m | src/components/GlobalSearchBar.stories.tsx[2m > [22m[2mLoading
[22m[39m[FilesContext] User authenticated: mock-user-sub
[90mstdout[2m | src/components/GlobalSearchBar.stories.tsx[2m > [22m[2mLoading
[22m[39m[FilesContext] Identity ID: us-east-1:mock-identity-123
[90mstdout[2m | src/components/GlobalSearchBar.stories.tsx[2m > [22m[2mLoading
[22m[39m[FilesContext] About to set up File observeQuery
[90mstdout[2m | src/components/GlobalSearchBar.stories.tsx[2m > [22m[2mLoading
[22m[39m[ChatContext] Setting up AssistantChat observeQuery
[90mstdout[2m | src/components/GlobalSearchBar.stories.tsx[2m > [22m[2mLoading
[22m[39m[ChatContext] Waiting for subscription to initialize
[90mstdout[2m | src/components/GlobalSearchBar.stories.tsx[2m > [22m[2mLoading
[22m[39m[SettingsContext] Setting up Settings subscription for user: mock-user-sub
[90mstdout[2m | src/components/GlobalSearchBar.stories.tsx[2m > [22m[2mLoading
[22m[39m[Mock Data] Settings created: mock-settings-1790417925065 - notified 0 subscribers
[90mstdout[2m | src/components/GlobalSearchBar.stories.tsx[2m > [22m[2mLoading
[22m[39m[Mock Data] Unit.onUpdate() subscription added. Total: 1
[90mstdout[2m | src/components/GlobalSearchBar.stories.tsx[2m > [22m[2mLoading
[22m[39m[SectionContext] Section observeQuery update: 0
[90mstdout[2m | src/components/GlobalSearchBar.stories.tsx[2m > [22m[2mLoading
[22m[39m[FilesContext] File observeQuery update: 6 files
[90mstdout[2m | src/components/GlobalSearchBar.stories.tsx[2m > [22m[2mLoading
[22m[39m[ChatContext] AssistantChat initialized with 1 chats
[90mstdout[2m | src/components/GlobalSearchBar.stories.tsx[2m > [22m[2mLoading
[22m[39m[ChatContext] Setting initial chat: mock-assistant-chat-1
[90mstdout[2m | src/components/GlobalSearchBar.stories.tsx[2m > [22m[2mLoading
[22m[39m[MOCK CourseVectorStore] Initialized with mock data
[90mstdout[2m | src/components/GlobalSearchBar.stories.tsx[2m > [22m[2mLoading
[22m[39m[FilesContext] Vector store population triggered {
  "currentVectorStoreSize": 3,
  "documentsCount": 0,
  "filesCount": 6,
  "isInitialLoad": true,
}
[90mstdout[2m | src/components/GlobalSearchBar.stories.tsx[2m > [22m[2mLoading
[22m[39m[FilesContext] Vector store population complete - 3 total embeddings
[90mstdout[2m | src/components/GlobalSearchBar.stories.tsx[2m > [22m[2mLoading
[22m[39m[ChatContext] Chat exists and not archived, skipping creation
[90mstdout[2m | src/components/GlobalSearchBar.stories.tsx[2m > [22m[2mLoading
[22m[39m[Mock Storage] downloadData called with: undefined
[90mstdout[2m | src/components/GlobalSearchBar.stories.tsx[2m > [22m[2mError
[22m[39m[ChatContext] Cleaning up subscriptions
[90mstdout[2m | src/components/GlobalSearchBar.stories.tsx[2m > [22m[2mError
[22m[39m[Mock Data] Unit.onUpdate() subscription removed. Remaining: 0
[90mstdout[2m | src/components/GlobalSearchBar.stories.tsx[2m > [22m[2mError
[22m[39m[MOCK CourseVectorStore] Initialized with mock data
[90mstdout[2m | src/components/GlobalSearchBar.stories.tsx[2m > [22m[2mError
[22m[39m[TranslationModeController] Setting mode to: off
[90mstdout[2m | src/components/GlobalSearchBar.stories.tsx[2m > [22m[2mError
[22m[39m[UnitContext] useEffect triggered {
  "authLoading": false,
  "hasUser": true,
  "id": "mock-unit-id",
  "userSub": "mock-user-sub",
}
[90mstdout[2m | src/components/GlobalSearchBar.stories.tsx[2m > [22m[2mError
[22m[39m[UnitContext] Fetching unit data for id: mock-unit-id
[90mstdout[2m | src/components/GlobalSearchBar.stories.tsx[2m > [22m[2mError
[22m[39m[FilesContext] Initializing vector store from IndexedDB
[90mstdout[2m | src/components/GlobalSearchBar.stories.tsx[2m > [22m[2mError
[22m[39m[FilesContext] fetchFiles called
[90mstdout[2m | src/components/GlobalSearchBar.stories.tsx[2m > [22m[2mError
[22m[39m[FilesContext] User authenticated: mock-user-sub
[90mstdout[2m | src/components/GlobalSearchBar.stories.tsx[2m > [22m[2mError
[22m[39m[FilesContext] Identity ID: us-east-1:mock-identity-123
[90mstdout[2m | src/components/GlobalSearchBar.stories.tsx[2m > [22m[2mError
[22m[39m[FilesContext] About to set up File observeQuery
[90mstdout[2m | src/components/GlobalSearchBar.stories.tsx[2m > [22m[2mError
[22m[39m[ChatContext] Setting up AssistantChat observeQuery
[90mstdout[2m | src/components/GlobalSearchBar.stories.tsx[2m > [22m[2mError
[22m[39m[ChatContext] Waiting for subscription to initialize
[90mstdout[2m | src/components/GlobalSearchBar.stories.tsx[2m > [22m[2mError
[22m[39m[SettingsContext] Setting up Settings subscription for user: mock-user-sub
[90mstdout[2m | src/components/GlobalSearchBar.stories.tsx[2m > [22m[2mError
[22m[39m[Mock Data] Settings created: mock-settings-1790417925495 - notified 0 subscribers
[90mstdout[2m | src/components/GlobalSearchBar.stories.tsx[2m > [22m[2mError
[22m[39m[Mock Data] Unit.onUpdate() subscription added. Total: 1
[90mstdout[2m | src/components/GlobalSearchBar.stories.tsx[2m > [22m[2mError
[22m[39m[SectionContext] Section observeQuery update: 0
[90mstdout[2m | src/components/GlobalSearchBar.stories.tsx[2m > [22m[2mError
[22m[39m[FilesContext] File observeQuery update: 6 files
[90mstdout[2m | src/components/GlobalSearchBar.stories.tsx[2m > [22m[2mError
[22m[39m[ChatContext] AssistantChat initialized with 1 chats
[90mstdout[2m | src/components/GlobalSearchBar.stories.tsx[2m > [22m[2mError
[22m[39m[ChatContext] Setting initial chat: mock-assistant-chat-1
[90mstdout[2m | src/components/GlobalSearchBar.stories.tsx[2m > [22m[2mError
[22m[39m[MOCK CourseVectorStore] Initialized with mock data
[90mstdout[2m | src/components/GlobalSearchBar.stories.tsx[2m > [22m[2mError
[22m[39m[FilesContext] Vector store population triggered {
  "currentVectorStoreSize": 3,
  "documentsCount": 0,
  "filesCount": 6,
  "isInitialLoad": true,
}
[90mstdout[2m | src/components/GlobalSearchBar.stories.tsx[2m > [22m[2mError
[22m[39m[FilesContext] Vector store population complete - 3 total embeddings
[90mstdout[2m | src/components/GlobalSearchBar.stories.tsx[2m > [22m[2mError
[22m[39m[ChatContext] Chat exists and not archived, skipping creation
[90mstdout[2m | src/components/GlobalSearchBar.stories.tsx[2m > [22m[2mError
[22m[39m[Mock Storage] downloadData called with: undefined
 [32m✓[39m [30m[45m storybook (chromium) [49m[39m src/components/GlobalSearchBar.stories.tsx [2m([22m[2m5 tests[22m[2m)[22m[33m 14508[2mms[22m[39m
   [33m[2m✓[22m[39m Default [33m 7325[2mms[22m[39m
   [33m[2m✓[22m[39m With Results [33m 1843[2mms[22m[39m
   [33m[2m✓[22m[39m In Toolbar [33m 3184[2mms[22m[39m
   [33m[2m✓[22m[39m Loading [33m 334[2mms[22m[39m
   [33m[2m✓[22m[39m Error [33m 1821[2mms[22m[39m
[90mstdout[2m | unknown test
[22m[39m[MOCK vectorStoreDB.js] Module loaded - mock IndexedDB operations
[90mstdout[2m | unknown test
[22m[39m[Task Completion] DOM action listeners initialized
[90mstdout[2m | unknown test
[22m[39m[Task Completion] Auto-completion detector initialized
[90mstdout[2m | unknown test
[22m[39m[Preview] Task completion detector initialized
[90mstdout[2m | src/components/Gamification/AvatarUnlockEditor.stories.tsx[2m > [22m[2mDefault
[22m[39m[MOCK CourseVectorStore] Initialized with mock data
[90mstdout[2m | src/components/Gamification/AvatarUnlockEditor.stories.tsx[2m > [22m[2mDefault
[22m[39m[TranslationModeController] Setting mode to: off
[90mstdout[2m | src/components/Gamification/AvatarUnlockEditor.stories.tsx[2m > [22m[2mDefault
[22m[39m[UnitContext] useEffect triggered {
  "authLoading": false,
  "hasUser": true,
  "id": "mock-unit-id",
  "userSub": "mock-user-sub",
}
[90mstdout[2m | src/components/Gamification/AvatarUnlockEditor.stories.tsx[2m > [22m[2mDefault
[22m[39m[UnitContext] Fetching unit data for id: mock-unit-id
[90mstdout[2m | src/components/Gamification/AvatarUnlockEditor.stories.tsx[2m > [22m[2mDefault
[22m[39m[FilesContext] Initializing vector store from IndexedDB
[90mstdout[2m | src/components/Gamification/AvatarUnlockEditor.stories.tsx[2m > [22m[2mDefault
[22m[39m[FilesContext] fetchFiles called
[90mstdout[2m | src/components/Gamification/AvatarUnlockEditor.stories.tsx[2m > [22m[2mDefault
[22m[39m[FilesContext] User authenticated: mock-user-sub
[90mstdout[2m | src/components/Gamification/AvatarUnlockEditor.stories.tsx[2m > [22m[2mDefault
[22m[39m[FilesContext] Identity ID: us-east-1:mock-identity-123
[90mstdout[2m | src/components/Gamification/AvatarUnlockEditor.stories.tsx[2m > [22m[2mDefault
[22m[39m[FilesContext] About to set up File observeQuery
[90mstdout[2m | src/components/Gamification/AvatarUnlockEditor.stories.tsx[2m > [22m[2mDefault
[22m[39m[ChatContext] Setting up AssistantChat observeQuery
[90mstdout[2m | src/components/Gamification/AvatarUnlockEditor.stories.tsx[2m > [22m[2mDefault
[22m[39m[ChatContext] Waiting for subscription to initialize
[90mstdout[2m | src/components/Gamification/AvatarUnlockEditor.stories.tsx[2m > [22m[2mDefault
[22m[39m[SettingsContext] Setting up Settings subscription for user: mock-user-sub
[90mstdout[2m | src/components/Gamification/AvatarUnlockEditor.stories.tsx[2m > [22m[2mDefault
[22m[39m[Mock Data] Settings created: mock-settings-1790417930892 - notified 0 subscribers
[90mstdout[2m | src/components/Gamification/AvatarUnlockEditor.stories.tsx[2m > [22m[2mDefault
[22m[39m[Mock Data] Unit.onUpdate() subscription added. Total: 1
[90mstdout[2m | src/components/Gamification/AvatarUnlockEditor.stories.tsx[2m > [22m[2mDefault
[22m[39m[SectionContext] Section observeQuery update: 0
[90mstdout[2m | src/components/Gamification/AvatarUnlockEditor.stories.tsx[2m > [22m[2mDefault
[22m[39m[FilesContext] File observeQuery update: 6 files
[90mstdout[2m | src/components/Gamification/AvatarUnlockEditor.stories.tsx[2m > [22m[2mDefault
[22m[39m[ChatContext] AssistantChat initialized with 1 chats
[90mstdout[2m | src/components/Gamification/AvatarUnlockEditor.stories.tsx[2m > [22m[2mDefault
[22m[39m[ChatContext] Setting initial chat: mock-assistant-chat-1
[90mstdout[2m | src/components/Gamification/AvatarUnlockEditor.stories.tsx[2m > [22m[2mDefault
[22m[39m[MOCK CourseVectorStore] Initialized with mock data
[90mstdout[2m | src/components/Gamification/AvatarUnlockEditor.stories.tsx[2m > [22m[2mDefault
[22m[39m[FilesContext] Vector store population triggered {
  "currentVectorStoreSize": 3,
  "documentsCount": 0,
  "filesCount": 6,
  "isInitialLoad": true,
}
[90mstdout[2m | src/components/Gamification/AvatarUnlockEditor.stories.tsx[2m > [22m[2mDefault
[22m[39m[FilesContext] Vector store population complete - 3 total embeddings
[90mstdout[2m | src/components/Gamification/AvatarUnlockEditor.stories.tsx[2m > [22m[2mDefault
[22m[39m[ChatContext] Chat exists and not archived, skipping creation
[90mstdout[2m | src/components/Gamification/AvatarUnlockEditor.stories.tsx[2m > [22m[2mDefault
[22m[39m[Mock Storage] downloadData called with: undefined
[90mstdout[2m | src/components/Gamification/AvatarUnlockEditor.stories.tsx[2m > [22m[2mCustom Config
[22m[39m[ChatContext] Cleaning up subscriptions
[90mstdout[2m | src/components/Gamification/AvatarUnlockEditor.stories.tsx[2m > [22m[2mCustom Config
[22m[39m[Mock Data] Unit.onUpdate() subscription removed. Remaining: 0
[90mstdout[2m | src/components/Gamification/AvatarUnlockEditor.stories.tsx[2m > [22m[2mCustom Config
[22m[39m[MOCK CourseVectorStore] Initialized with mock data
[90mstdout[2m | src/components/Gamification/AvatarUnlockEditor.stories.tsx[2m > [22m[2mCustom Config
[22m[39m[TranslationModeController] Setting mode to: off
[90mstdout[2m | src/components/Gamification/AvatarUnlockEditor.stories.tsx[2m > [22m[2mCustom Config
[22m[39m[UnitContext] useEffect triggered {
  "authLoading": false,
  "hasUser": true,
  "id": "mock-unit-id",
  "userSub": "mock-user-sub",
}
[90mstdout[2m | src/components/Gamification/AvatarUnlockEditor.stories.tsx[2m > [22m[2mCustom Config
[22m[39m[UnitContext] Fetching unit data for id: mock-unit-id
[90mstdout[2m | src/components/Gamification/AvatarUnlockEditor.stories.tsx[2m > [22m[2mCustom Config
[22m[39m[FilesContext] Initializing vector store from IndexedDB
[90mstdout[2m | src/components/Gamification/AvatarUnlockEditor.stories.tsx[2m > [22m[2mCustom Config
[22m[39m[FilesContext] fetchFiles called
[90mstdout[2m | src/components/Gamification/AvatarUnlockEditor.stories.tsx[2m > [22m[2mCustom Config
[22m[39m[FilesContext] User authenticated: mock-user-sub
[90mstdout[2m | src/components/Gamification/AvatarUnlockEditor.stories.tsx[2m > [22m[2mCustom Config
[22m[39m[FilesContext] Identity ID: us-east-1:mock-identity-123
[90mstdout[2m | src/components/Gamification/AvatarUnlockEditor.stories.tsx[2m > [22m[2mCustom Config
[22m[39m[FilesContext] About to set up File observeQuery
[90mstdout[2m | src/components/Gamification/AvatarUnlockEditor.stories.tsx[2m > [22m[2mCustom Config
[22m[39m[ChatContext] Setting up AssistantChat observeQuery
[90mstdout[2m | src/components/Gamification/AvatarUnlockEditor.stories.tsx[2m > [22m[2mCustom Config
[22m[39m[ChatContext] Waiting for subscription to initialize
[90mstdout[2m | src/components/Gamification/AvatarUnlockEditor.stories.tsx[2m > [22m[2mCustom Config
[22m[39m[SettingsContext] Setting up Settings subscription for user: mock-user-sub
[90mstdout[2m | src/components/Gamification/AvatarUnlockEditor.stories.tsx[2m > [22m[2mCustom Config
[22m[39m[Mock Data] Settings created: mock-settings-1790417932076 - notified 0 subscribers
[90mstdout[2m | src/components/Gamification/AvatarUnlockEditor.stories.tsx[2m > [22m[2mCustom Config
[22m[39m[Mock Data] Unit.onUpdate() subscription added. Total: 1
[90mstdout[2m | src/components/Gamification/AvatarUnlockEditor.stories.tsx[2m > [22m[2mCustom Config
[22m[39m[SectionContext] Section observeQuery update: 0
[90mstdout[2m | src/components/Gamification/AvatarUnlockEditor.stories.tsx[2m > [22m[2mCustom Config
[22m[39m[FilesContext] File observeQuery update: 6 files
[90mstdout[2m | src/components/Gamification/AvatarUnlockEditor.stories.tsx[2m > [22m[2mCustom Config
[22m[39m[ChatContext] AssistantChat initialized with 1 chats
[90mstdout[2m | src/components/Gamification/AvatarUnlockEditor.stories.tsx[2m > [22m[2mCustom Config
[22m[39m[ChatContext] Setting initial chat: mock-assistant-chat-1
[90mstdout[2m | src/components/Gamification/AvatarUnlockEditor.stories.tsx[2m > [22m[2mCustom Config
[22m[39m[MOCK CourseVectorStore] Initialized with mock data
[90mstdout[2m | src/components/Gamification/AvatarUnlockEditor.stories.tsx[2m > [22m[2mCustom Config
[22m[39m[FilesContext] Vector store population triggered {
  "currentVectorStoreSize": 3,
  "documentsCount": 0,
  "filesCount": 6,
  "isInitialLoad": true,
}
[90mstdout[2m | src/components/Gamification/AvatarUnlockEditor.stories.tsx[2m > [22m[2mCustom Config
[22m[39m[FilesContext] Vector store population complete - 3 total embeddings
[90mstdout[2m | src/components/Gamification/AvatarUnlockEditor.stories.tsx[2m > [22m[2mCustom Config
[22m[39m[ChatContext] Chat exists and not archived, skipping creation
[90mstdout[2m | src/components/Gamification/AvatarUnlockEditor.stories.tsx[2m > [22m[2mCustom Config
[22m[39m[Mock Storage] downloadData called with: undefined
[90mstdout[2m | src/components/Gamification/AvatarUnlockEditor.stories.tsx[2m > [22m[2mAll Styles Assigned
[22m[39m[ChatContext] Cleaning up subscriptions
[90mstdout[2m | src/components/Gamification/AvatarUnlockEditor.stories.tsx[2m > [22m[2mAll Styles Assigned
[22m[39m[Mock Data] Unit.onUpdate() subscription removed. Remaining: 0
[90mstdout[2m | src/components/Gamification/AvatarUnlockEditor.stories.tsx[2m > [22m[2mAll Styles Assigned
[22m[39m[MOCK CourseVectorStore] Initialized with mock data
[90mstdout[2m | src/components/Gamification/AvatarUnlockEditor.stories.tsx[2m > [22m[2mAll Styles Assigned
[22m[39m[TranslationModeController] Setting mode to: off
[90mstdout[2m | src/components/Gamification/AvatarUnlockEditor.stories.tsx[2m > [22m[2mAll Styles Assigned
[22m[39m[UnitContext] useEffect triggered {
  "authLoading": false,
  "hasUser": true,
  "id": "mock-unit-id",
  "userSub": "mock-user-sub",
}
[90mstdout[2m | src/components/Gamification/AvatarUnlockEditor.stories.tsx[2m > [22m[2mAll Styles Assigned
[22m[39m[UnitContext] Fetching unit data for id: mock-unit-id
[90mstdout[2m | src/components/Gamification/AvatarUnlockEditor.stories.tsx[2m > [22m[2mAll Styles Assigned
[22m[39m[FilesContext] Initializing vector store from IndexedDB
[90mstdout[2m | src/components/Gamification/AvatarUnlockEditor.stories.tsx[2m > [22m[2mAll Styles Assigned
[22m[39m[FilesContext] fetchFiles called
[90mstdout[2m | src/components/Gamification/AvatarUnlockEditor.stories.tsx[2m > [22m[2mAll Styles Assigned
[22m[39m[FilesContext] User authenticated: mock-user-sub
[90mstdout[2m | src/components/Gamification/AvatarUnlockEditor.stories.tsx[2m > [22m[2mAll Styles Assigned
[22m[39m[FilesContext] Identity ID: us-east-1:mock-identity-123
[90mstdout[2m | src/components/Gamification/AvatarUnlockEditor.stories.tsx[2m > [22m[2mAll Styles Assigned
[22m[39m[FilesContext] About to set up File observeQuery
[90mstdout[2m | src/components/Gamification/AvatarUnlockEditor.stories.tsx[2m > [22m[2mAll Styles Assigned
[22m[39m[ChatContext] Setting up AssistantChat observeQuery
[90mstdout[2m | src/components/Gamification/AvatarUnlockEditor.stories.tsx[2m > [22m[2mAll Styles Assigned
[22m[39m[ChatContext] Waiting for subscription to initialize
[90mstdout[2m | src/components/Gamification/AvatarUnlockEditor.stories.tsx[2m > [22m[2mAll Styles Assigned
[22m[39m[SettingsContext] Setting up Settings subscription for user: mock-user-sub
[90mstdout[2m | src/components/Gamification/AvatarUnlockEditor.stories.tsx[2m > [22m[2mAll Styles Assigned
[22m[39m[Mock Data] Settings created: mock-settings-1790417934061 - notified 0 subscribers
[90mstdout[2m | src/components/Gamification/AvatarUnlockEditor.stories.tsx[2m > [22m[2mAll Styles Assigned
[22m[39m[Mock Data] Unit.onUpdate() subscription added. Total: 1
[90mstdout[2m | src/components/Gamification/AvatarUnlockEditor.stories.tsx[2m > [22m[2mAll Styles Assigned
[22m[39m[SectionContext] Section observeQuery update: 0
[90mstdout[2m | src/components/Gamification/AvatarUnlockEditor.stories.tsx[2m > [22m[2mAll Styles Assigned
[22m[39m[FilesContext] File observeQuery update: 6 files
[90mstdout[2m | src/components/Gamification/AvatarUnlockEditor.stories.tsx[2m > [22m[2mAll Styles Assigned
[22m[39m[ChatContext] AssistantChat initialized with 1 chats
[90mstdout[2m | src/components/Gamification/AvatarUnlockEditor.stories.tsx[2m > [22m[2mAll Styles Assigned
[22m[39m[ChatContext] Setting initial chat: mock-assistant-chat-1
[90mstdout[2m | src/components/Gamification/AvatarUnlockEditor.stories.tsx[2m > [22m[2mAll Styles Assigned
[22m[39m[MOCK CourseVectorStore] Initialized with mock data
[90mstdout[2m | src/components/Gamification/AvatarUnlockEditor.stories.tsx[2m > [22m[2mAll Styles Assigned
[22m[39m[FilesContext] Vector store population triggered {
  "currentVectorStoreSize": 3,
  "documentsCount": 0,
  "filesCount": 6,
  "isInitialLoad": true,
}
[90mstdout[2m | src/components/Gamification/AvatarUnlockEditor.stories.tsx[2m > [22m[2mAll Styles Assigned
[22m[39m[FilesContext] Vector store population complete - 3 total embeddings
[90mstdout[2m | src/components/Gamification/AvatarUnlockEditor.stories.tsx[2m > [22m[2mAll Styles Assigned
[22m[39m[ChatContext] Chat exists and not archived, skipping creation
[90mstdout[2m | src/components/Gamification/AvatarUnlockEditor.stories.tsx[2m > [22m[2mAll Styles Assigned
[22m[39m[Mock Storage] downloadData called with: undefined
[90mstdout[2m | src/components/Gamification/AvatarUnlockEditor.stories.tsx[2m > [22m[2mGlow Ring Disabled
[22m[39m[ChatContext] Cleaning up subscriptions
[90mstdout[2m | src/components/Gamification/AvatarUnlockEditor.stories.tsx[2m > [22m[2mGlow Ring Disabled
[22m[39m[Mock Data] Unit.onUpdate() subscription removed. Remaining: 0
[90mstdout[2m | src/components/Gamification/AvatarUnlockEditor.stories.tsx[2m > [22m[2mGlow Ring Disabled
[22m[39m[MOCK CourseVectorStore] Initialized with mock data
[90mstdout[2m | src/components/Gamification/AvatarUnlockEditor.stories.tsx[2m > [22m[2mGlow Ring Disabled
[22m[39m[TranslationModeController] Setting mode to: off
[90mstdout[2m | src/components/Gamification/AvatarUnlockEditor.stories.tsx[2m > [22m[2mGlow Ring Disabled
[22m[39m[UnitContext] useEffect triggered {
  "authLoading": false,
  "hasUser": true,
  "id": "mock-unit-id",
  "userSub": "mock-user-sub",
}
[90mstdout[2m | src/components/Gamification/AvatarUnlockEditor.stories.tsx[2m > [22m[2mGlow Ring Disabled
[22m[39m[UnitContext] Fetching unit data for id: mock-unit-id
[90mstdout[2m | src/components/Gamification/AvatarUnlockEditor.stories.tsx[2m > [22m[2mGlow Ring Disabled
[22m[39m[FilesContext] Initializing vector store from IndexedDB
[90mstdout[2m | src/components/Gamification/AvatarUnlockEditor.stories.tsx[2m > [22m[2mGlow Ring Disabled
[22m[39m[FilesContext] fetchFiles called
[90mstdout[2m | src/components/Gamification/AvatarUnlockEditor.stories.tsx[2m > [22m[2mGlow Ring Disabled
[22m[39m[FilesContext] User authenticated: mock-user-sub
[90mstdout[2m | src/components/Gamification/AvatarUnlockEditor.stories.tsx[2m > [22m[2mGlow Ring Disabled
[22m[39m[FilesContext] Identity ID: us-east-1:mock-identity-123
[90mstdout[2m | src/components/Gamification/AvatarUnlockEditor.stories.tsx[2m > [22m[2mGlow Ring Disabled
[22m[39m[FilesContext] About to set up File observeQuery
[90mstdout[2m | src/components/Gamification/AvatarUnlockEditor.stories.tsx[2m > [22m[2mGlow Ring Disabled
[22m[39m[ChatContext] Setting up AssistantChat observeQuery
[90mstdout[2m | src/components/Gamification/AvatarUnlockEditor.stories.tsx[2m > [22m[2mGlow Ring Disabled
[22m[39m[ChatContext] Waiting for subscription to initialize
[90mstdout[2m | src/components/Gamification/AvatarUnlockEditor.stories.tsx[2m > [22m[2mGlow Ring Disabled
[22m[39m[SettingsContext] Setting up Settings subscription for user: mock-user-sub
[90mstdout[2m | src/components/Gamification/AvatarUnlockEditor.stories.tsx[2m > [22m[2mGlow Ring Disabled
[22m[39m[Mock Data] Settings created: mock-settings-1790417935764 - notified 0 subscribers
[90mstdout[2m | src/components/Gamification/AvatarUnlockEditor.stories.tsx[2m > [22m[2mGlow Ring Disabled
[22m[39m[Mock Data] Unit.onUpdate() subscription added. Total: 1
[90mstdout[2m | src/components/Gamification/AvatarUnlockEditor.stories.tsx[2m > [22m[2mGlow Ring Disabled
[22m[39m[SectionContext] Section observeQuery update: 0
[90mstdout[2m | src/components/Gamification/AvatarUnlockEditor.stories.tsx[2m > [22m[2mGlow Ring Disabled
[22m[39m[FilesContext] File observeQuery update: 6 files
[90mstdout[2m | src/components/Gamification/AvatarUnlockEditor.stories.tsx[2m > [22m[2mGlow Ring Disabled
[22m[39m[ChatContext] AssistantChat initialized with 1 chats
[90mstdout[2m | src/components/Gamification/AvatarUnlockEditor.stories.tsx[2m > [22m[2mGlow Ring Disabled
[22m[39m[ChatContext] Setting initial chat: mock-assistant-chat-1
[90mstdout[2m | src/components/Gamification/AvatarUnlockEditor.stories.tsx[2m > [22m[2mGlow Ring Disabled
[22m[39m[MOCK CourseVectorStore] Initialized with mock data
[90mstdout[2m | src/components/Gamification/AvatarUnlockEditor.stories.tsx[2m > [22m[2mGlow Ring Disabled
[22m[39m[FilesContext] Vector store population triggered {
  "currentVectorStoreSize": 3,
  "documentsCount": 0,
  "filesCount": 6,
  "isInitialLoad": true,
}
[90mstdout[2m | src/components/Gamification/AvatarUnlockEditor.stories.tsx[2m > [22m[2mGlow Ring Disabled
[22m[39m[FilesContext] Vector store population complete - 3 total embeddings
[90mstdout[2m | src/components/Gamification/AvatarUnlockEditor.stories.tsx[2m > [22m[2mGlow Ring Disabled
[22m[39m[ChatContext] Chat exists and not archived, skipping creation
[90mstdout[2m | src/components/Gamification/AvatarUnlockEditor.stories.tsx[2m > [22m[2mGlow Ring Disabled
[22m[39m[Mock Storage] downloadData called with: undefined
 [32m✓[39m [30m[45m storybook (chromium) [49m[39m src/components/Gamification/AvatarUnlockEditor.stories.tsx [2m([22m[2m4 tests[22m[2m)[22m[33m 6122[2mms[22m[39m
   [33m[2m✓[22m[39m Default [33m 1084[2mms[22m[39m
   [33m[2m✓[22m[39m Custom Config [33m 1594[2mms[22m[39m
   [33m[2m✓[22m[39m All Styles Assigned [33m 1965[2mms[22m[39m
   [33m[2m✓[22m[39m Glow Ring Disabled [33m 1477[2mms[22m[39m
[90mstdout[2m | unknown test
[22m[39m[MOCK vectorStoreDB.js] Module loaded - mock IndexedDB operations
[90mstdout[2m | unknown test
[22m[39m[Task Completion] DOM action listeners initialized
[90mstdout[2m | unknown test
[22m[39m[Task Completion] Auto-completion detector initialized
[90mstdout[2m | unknown test
[22m[39m[Preview] Task completion detector initialized
[90mstdout[2m | src/components/JobsDashboard.stories.tsx[2m > [22m[2mDefault
[22m[39m[MOCK CourseVectorStore] Initialized with mock data
[90mstdout[2m | src/components/JobsDashboard.stories.tsx[2m > [22m[2mDefault
[22m[39m[TranslationModeController] Setting mode to: off
[90mstdout[2m | src/components/JobsDashboard.stories.tsx[2m > [22m[2mDefault
[22m[39m[UnitContext] useEffect triggered {
  "authLoading": false,
  "hasUser": true,
  "id": "mock-unit-id",
  "userSub": "mock-user-sub",
}
[90mstdout[2m | src/components/JobsDashboard.stories.tsx[2m > [22m[2mDefault
[22m[39m[UnitContext] Fetching unit data for id: mock-unit-id
[90mstdout[2m | src/components/JobsDashboard.stories.tsx[2m > [22m[2mDefault
[22m[39m[FilesContext] Initializing vector store from IndexedDB
[90mstdout[2m | src/components/JobsDashboard.stories.tsx[2m > [22m[2mDefault
[22m[39m[FilesContext] fetchFiles called
[90mstdout[2m | src/components/JobsDashboard.stories.tsx[2m > [22m[2mDefault
[22m[39m[FilesContext] User authenticated: mock-user-sub
[90mstdout[2m | src/components/JobsDashboard.stories.tsx[2m > [22m[2mDefault
[22m[39m[FilesContext] Identity ID: us-east-1:mock-identity-123
[90mstdout[2m | src/components/JobsDashboard.stories.tsx[2m > [22m[2mDefault
[22m[39m[FilesContext] About to set up File observeQuery
[90mstdout[2m | src/components/JobsDashboard.stories.tsx[2m > [22m[2mDefault
[22m[39m[ChatContext] Setting up AssistantChat observeQuery
[90mstdout[2m | src/components/JobsDashboard.stories.tsx[2m > [22m[2mDefault
[22m[39m[ChatContext] Waiting for subscription to initialize
[90mstdout[2m | src/components/JobsDashboard.stories.tsx[2m > [22m[2mDefault
[22m[39m[SettingsContext] Setting up Settings subscription for user: mock-user-sub
[90mstdout[2m | src/components/JobsDashboard.stories.tsx[2m > [22m[2mDefault
[22m[39m[Mock Data] Settings created: mock-settings-1790417941394 - notified 0 subscribers
[90mstdout[2m | src/components/JobsDashboard.stories.tsx[2m > [22m[2mDefault
[22m[39m[Mock Data] Unit.onUpdate() subscription added. Total: 1
[90mstdout[2m | src/components/JobsDashboard.stories.tsx[2m > [22m[2mDefault
[22m[39m[SectionContext] Section observeQuery update: 0
[90mstdout[2m | src/components/JobsDashboard.stories.tsx[2m > [22m[2mDefault
[22m[39m[FilesContext] File observeQuery update: 6 files
[90mstdout[2m | src/components/JobsDashboard.stories.tsx[2m > [22m[2mDefault
[22m[39m[ChatContext] AssistantChat initialized with 1 chats
[90mstdout[2m | src/components/JobsDashboard.stories.tsx[2m > [22m[2mDefault
[22m[39m[ChatContext] Setting initial chat: mock-assistant-chat-1
[90mstdout[2m | src/components/JobsDashboard.stories.tsx[2m > [22m[2mDefault
[22m[39m[MOCK CourseVectorStore] Initialized with mock data
[90mstdout[2m | src/components/JobsDashboard.stories.tsx[2m > [22m[2mDefault
[22m[39m[FilesContext] Vector store population triggered {
  "currentVectorStoreSize": 3,
  "documentsCount": 0,
  "filesCount": 6,
  "isInitialLoad": true,
}
[90mstdout[2m | src/components/JobsDashboard.stories.tsx[2m > [22m[2mDefault
[22m[39m[FilesContext] Vector store population complete - 3 total embeddings
[90mstdout[2m | src/components/JobsDashboard.stories.tsx[2m > [22m[2mDefault
[22m[39m[ChatContext] Chat exists and not archived, skipping creation
[90mstdout[2m | src/components/JobsDashboard.stories.tsx[2m > [22m[2mDefault
[22m[39m[Mock Storage] downloadData called with: undefined
[90mstdout[2m | src/components/JobsDashboard.stories.tsx[2m > [22m[2mCompact
[22m[39m[ChatContext] Cleaning up subscriptions
[90mstdout[2m | src/components/JobsDashboard.stories.tsx[2m > [22m[2mCompact
[22m[39m[Mock Data] Unit.onUpdate() subscription removed. Remaining: 0
[90mstdout[2m | src/components/JobsDashboard.stories.tsx[2m > [22m[2mCompact
[22m[39m[MOCK CourseVectorStore] Initialized with mock data
[90mstdout[2m | src/components/JobsDashboard.stories.tsx[2m > [22m[2mCompact
[22m[39m[TranslationModeController] Setting mode to: off
[90mstdout[2m | src/components/JobsDashboard.stories.tsx[2m > [22m[2mCompact
[22m[39m[UnitContext] useEffect triggered {
  "authLoading": false,
  "hasUser": true,
  "id": "mock-unit-id",
  "userSub": "mock-user-sub",
}
[90mstdout[2m | src/components/JobsDashboard.stories.tsx[2m > [22m[2mCompact
[22m[39m[UnitContext] Fetching unit data for id: mock-unit-id
[90mstdout[2m | src/components/JobsDashboard.stories.tsx[2m > [22m[2mCompact
[22m[39m[FilesContext] Initializing vector store from IndexedDB
[90mstdout[2m | src/components/JobsDashboard.stories.tsx[2m > [22m[2mCompact
[22m[39m[FilesContext] fetchFiles called
[90mstdout[2m | src/components/JobsDashboard.stories.tsx[2m > [22m[2mCompact
[22m[39m[FilesContext] User authenticated: mock-user-sub
[90mstdout[2m | src/components/JobsDashboard.stories.tsx[2m > [22m[2mCompact
[22m[39m[FilesContext] Identity ID: us-east-1:mock-identity-123
[90mstdout[2m | src/components/JobsDashboard.stories.tsx[2m > [22m[2mCompact
[22m[39m[FilesContext] About to set up File observeQuery
[90mstdout[2m | src/components/JobsDashboard.stories.tsx[2m > [22m[2mCompact
[22m[39m[ChatContext] Setting up AssistantChat observeQuery
[90mstdout[2m | src/components/JobsDashboard.stories.tsx[2m > [22m[2mCompact
[22m[39m[ChatContext] Waiting for subscription to initialize
[90mstdout[2m | src/components/JobsDashboard.stories.tsx[2m > [22m[2mCompact
[22m[39m[SettingsContext] Setting up Settings subscription for user: mock-user-sub
[90mstdout[2m | src/components/JobsDashboard.stories.tsx[2m > [22m[2mCompact
[22m[39m[Mock Data] Settings created: mock-settings-1790417944232 - notified 0 subscribers
[90mstdout[2m | src/components/JobsDashboard.stories.tsx[2m > [22m[2mCompact
[22m[39m[Mock Data] Unit.onUpdate() subscription added. Total: 1
[90mstdout[2m | src/components/JobsDashboard.stories.tsx[2m > [22m[2mCompact
[22m[39m[SectionContext] Section observeQuery update: 0
[90mstdout[2m | src/components/JobsDashboard.stories.tsx[2m > [22m[2mCompact
[22m[39m[FilesContext] File observeQuery update: 6 files
[90mstdout[2m | src/components/JobsDashboard.stories.tsx[2m > [22m[2mCompact
[22m[39m[ChatContext] AssistantChat initialized with 1 chats
[90mstdout[2m | src/components/JobsDashboard.stories.tsx[2m > [22m[2mCompact
[22m[39m[ChatContext] Setting initial chat: mock-assistant-chat-1
[90mstdout[2m | src/components/JobsDashboard.stories.tsx[2m > [22m[2mCompact
[22m[39m[MOCK CourseVectorStore] Initialized with mock data
[90mstdout[2m | src/components/JobsDashboard.stories.tsx[2m > [22m[2mCompact
[22m[39m[FilesContext] Vector store population triggered {
  "currentVectorStoreSize": 3,
  "documentsCount": 0,
  "filesCount": 6,
  "isInitialLoad": true,
}
[90mstdout[2m | src/components/JobsDashboard.stories.tsx[2m > [22m[2mCompact
[22m[39m[FilesContext] Vector store population complete - 3 total embeddings
[90mstdout[2m | src/components/JobsDashboard.stories.tsx[2m > [22m[2mCompact
[22m[39m[ChatContext] Chat exists and not archived, skipping creation
[90mstdout[2m | src/components/JobsDashboard.stories.tsx[2m > [22m[2mCompact
[22m[39m[Mock Storage] downloadData called with: undefined
[90mstdout[2m | src/components/JobsDashboard.stories.tsx[2m > [22m[2mWith Jobs
[22m[39m[ChatContext] Cleaning up subscriptions
[90mstdout[2m | src/components/JobsDashboard.stories.tsx[2m > [22m[2mWith Jobs
[22m[39m[Mock Data] Unit.onUpdate() subscription removed. Remaining: 0
[90mstdout[2m | src/components/JobsDashboard.stories.tsx[2m > [22m[2mWith Jobs
[22m[39m[MOCK CourseVectorStore] Initialized with mock data
[90mstdout[2m | src/components/JobsDashboard.stories.tsx[2m > [22m[2mWith Jobs
[22m[39m[TranslationModeController] Setting mode to: off
[90mstdout[2m | src/components/JobsDashboard.stories.tsx[2m > [22m[2mWith Jobs
[22m[39m[UnitContext] useEffect triggered {
  "authLoading": false,
  "hasUser": true,
  "id": "mock-unit-id",
  "userSub": "mock-user-sub",
}
[90mstdout[2m | src/components/JobsDashboard.stories.tsx[2m > [22m[2mWith Jobs
[22m[39m[UnitContext] Fetching unit data for id: mock-unit-id
[90mstdout[2m | src/components/JobsDashboard.stories.tsx[2m > [22m[2mWith Jobs
[22m[39m[FilesContext] Initializing vector store from IndexedDB
[90mstdout[2m | src/components/JobsDashboard.stories.tsx[2m > [22m[2mWith Jobs
[22m[39m[FilesContext] fetchFiles called
[90mstdout[2m | src/components/JobsDashboard.stories.tsx[2m > [22m[2mWith Jobs
[22m[39m[FilesContext] User authenticated: mock-user-sub
[90mstdout[2m | src/components/JobsDashboard.stories.tsx[2m > [22m[2mWith Jobs
[22m[39m[FilesContext] Identity ID: us-east-1:mock-identity-123
[90mstdout[2m | src/components/JobsDashboard.stories.tsx[2m > [22m[2mWith Jobs
[22m[39m[FilesContext] About to set up File observeQuery
[90mstdout[2m | src/components/JobsDashboard.stories.tsx[2m > [22m[2mWith Jobs
[22m[39m[ChatContext] Setting up AssistantChat observeQuery
[90mstdout[2m | src/components/JobsDashboard.stories.tsx[2m > [22m[2mWith Jobs
[22m[39m[ChatContext] Waiting for subscription to initialize
[90mstdout[2m | src/components/JobsDashboard.stories.tsx[2m > [22m[2mWith Jobs
[22m[39m[SettingsContext] Setting up Settings subscription for user: mock-user-sub
[90mstdout[2m | src/components/JobsDashboard.stories.tsx[2m > [22m[2mWith Jobs
[22m[39m[Mock Data] Settings created: mock-settings-1790417945202 - notified 0 subscribers
[90mstdout[2m | src/components/JobsDashboard.stories.tsx[2m > [22m[2mWith Jobs
[22m[39m[Mock Data] Unit.onUpdate() subscription added. Total: 1
[90mstdout[2m | src/components/JobsDashboard.stories.tsx[2m > [22m[2mWith Jobs
[22m[39m[SectionContext] Section observeQuery update: 0
[90mstdout[2m | src/components/JobsDashboard.stories.tsx[2m > [22m[2mWith Jobs
[22m[39m[FilesContext] File observeQuery update: 6 files
[90mstdout[2m | src/components/JobsDashboard.stories.tsx[2m > [22m[2mWith Jobs
[22m[39m[ChatContext] AssistantChat initialized with 1 chats
[90mstdout[2m | src/components/JobsDashboard.stories.tsx[2m > [22m[2mWith Jobs
[22m[39m[ChatContext] Setting initial chat: mock-assistant-chat-1
[90mstdout[2m | src/components/JobsDashboard.stories.tsx[2m > [22m[2mWith Jobs
[22m[39m[MOCK CourseVectorStore] Initialized with mock data
[90mstdout[2m | src/components/JobsDashboard.stories.tsx[2m > [22m[2mWith Jobs
[22m[39m[FilesContext] Vector store population triggered {
  "currentVectorStoreSize": 3,
  "documentsCount": 0,
  "filesCount": 6,
  "isInitialLoad": true,
}
[90mstdout[2m | src/components/JobsDashboard.stories.tsx[2m > [22m[2mWith Jobs
[22m[39m[FilesContext] Vector store population complete - 3 total embeddings
[90mstdout[2m | src/components/JobsDashboard.stories.tsx[2m > [22m[2mWith Jobs
[22m[39m[ChatContext] Chat exists and not archived, skipping creation
[90mstdout[2m | src/components/JobsDashboard.stories.tsx[2m > [22m[2mWith Jobs
[22m[39m[Mock Storage] downloadData called with: undefined
 [32m✓[39m [30m[45m storybook (chromium) [49m[39m src/components/JobsDashboard.stories.tsx [2m([22m[2m3 tests[22m[2m)[22m[33m 5924[2mms[22m[39m
   [33m[2m✓[22m[39m Default [33m 3498[2mms[22m[39m
   [33m[2m✓[22m[39m Compact [33m 1123[2mms[22m[39m
   [33m[2m✓[22m[39m With Jobs [33m 1302[2mms[22m[39m
[90mstdout[2m | unknown test
[22m[39m[MOCK vectorStoreDB.js] Module loaded - mock IndexedDB operations
[90mstdout[2m | unknown test
[22m[39m[Task Completion] DOM action listeners initialized
[90mstdout[2m | unknown test
[22m[39m[Task Completion] Auto-completion detector initialized
[90mstdout[2m | unknown test
[22m[39m[Preview] Task completion detector initialized
[90mstdout[2m | src/components/Chat/Chat.stories.tsx[2m > [22m[2mDefault
[22m[39m[MOCK CourseVectorStore] Initialized with mock data
[90mstdout[2m | src/components/Chat/Chat.stories.tsx[2m > [22m[2mDefault
[22m[39m[TranslationModeController] Setting mode to: off
[90mstdout[2m | src/components/Chat/Chat.stories.tsx[2m > [22m[2mDefault
[22m[39m[UnitContext] useEffect triggered {
  "authLoading": false,
  "hasUser": true,
  "id": "mock-unit-id",
  "userSub": "mock-user-sub",
}
[90mstdout[2m | src/components/Chat/Chat.stories.tsx[2m > [22m[2mDefault
[22m[39m[UnitContext] Fetching unit data for id: mock-unit-id
[90mstdout[2m | src/components/Chat/Chat.stories.tsx[2m > [22m[2mDefault
[22m[39m[FilesContext] Initializing vector store from IndexedDB
[90mstdout[2m | src/components/Chat/Chat.stories.tsx[2m > [22m[2mDefault
[22m[39m[FilesContext] fetchFiles called
[90mstdout[2m | src/components/Chat/Chat.stories.tsx[2m > [22m[2mDefault
[22m[39m[FilesContext] User authenticated: mock-user-sub
[90mstdout[2m | src/components/Chat/Chat.stories.tsx[2m > [22m[2mDefault
[22m[39m[FilesContext] Identity ID: us-east-1:mock-identity-123
[90mstdout[2m | src/components/Chat/Chat.stories.tsx[2m > [22m[2mDefault
[22m[39m[FilesContext] About to set up File observeQuery
[90mstdout[2m | src/components/Chat/Chat.stories.tsx[2m > [22m[2mDefault
[22m[39m[ChatContext] Setting up AssistantChat observeQuery
[90mstdout[2m | src/components/Chat/Chat.stories.tsx[2m > [22m[2mDefault
[22m[39m[ChatContext] Waiting for subscription to initialize
[90mstdout[2m | src/components/Chat/Chat.stories.tsx[2m > [22m[2mDefault
[22m[39m[SettingsContext] Setting up Settings subscription for user: mock-user-sub
[90mstdout[2m | src/components/Chat/Chat.stories.tsx[2m > [22m[2mDefault
[22m[39m[Mock Data] Settings created: mock-settings-1790417948855 - notified 0 subscribers
[90mstdout[2m | src/components/Chat/Chat.stories.tsx[2m > [22m[2mDefault
[22m[39m[Mock Data] Unit.onUpdate() subscription added. Total: 1
[90mstdout[2m | src/components/Chat/Chat.stories.tsx[2m > [22m[2mDefault
[22m[39m[YjsProvider] chat-section-section-123 connection status: connected
[90mstdout[2m | src/components/Chat/Chat.stories.tsx[2m > [22m[2mDefault
[22m[39m[YjsProvider] chat-section-section-123 synced with server
[90mstdout[2m | src/components/Chat/Chat.stories.tsx[2m > [22m[2mDefault
[22m[39m[SectionContext] Section observeQuery update: 0
[90mstdout[2m | src/components/Chat/Chat.stories.tsx[2m > [22m[2mDefault
[22m[39m[FilesContext] File observeQuery update: 6 files
[90mstdout[2m | src/components/Chat/Chat.stories.tsx[2m > [22m[2mDefault
[22m[39m[ChatContext] AssistantChat initialized with 1 chats
[90mstdout[2m | src/components/Chat/Chat.stories.tsx[2m > [22m[2mDefault
[22m[39m[ChatContext] Setting initial chat: mock-assistant-chat-1
[90mstdout[2m | src/components/Chat/Chat.stories.tsx[2m > [22m[2mDefault
[22m[39m[MOCK CourseVectorStore] Initialized with mock data
[90mstdout[2m | src/components/Chat/Chat.stories.tsx[2m > [22m[2mDefault
[22m[39m[FilesContext] Vector store population triggered {
  "currentVectorStoreSize": 3,
  "documentsCount": 0,
  "filesCount": 6,
  "isInitialLoad": true,
}
[90mstdout[2m | src/components/Chat/Chat.stories.tsx[2m > [22m[2mDefault
[22m[39m[FilesContext] Vector store population complete - 3 total embeddings
[90mstdout[2m | src/components/Chat/Chat.stories.tsx[2m > [22m[2mDefault
[22m[39m[ChatContext] Chat exists and not archived, skipping creation
[90mstdout[2m | src/components/Chat/Chat.stories.tsx[2m > [22m[2mDefault
[22m[39m[Mock Storage] downloadData called with: undefined
[90mstdout[2m | src/components/Chat/Chat.stories.tsx[2m > [22m[2mTopic List Default
[22m[39m[ChatContext] Cleaning up subscriptions
[90mstdout[2m | src/components/Chat/Chat.stories.tsx[2m > [22m[2mTopic List Default
[22m[39m[Mock Data] Unit.onUpdate() subscription removed. Remaining: 0
[90mstdout[2m | src/components/Chat/Chat.stories.tsx[2m > [22m[2mTopic List Default
[22m[39m[YjsProvider] chat-section-section-123 connection status: disconnected
[90mstdout[2m | src/components/Chat/Chat.stories.tsx[2m > [22m[2mTopic List Default
[22m[39m[MOCK CourseVectorStore] Initialized with mock data
[90mstdout[2m | src/components/Chat/Chat.stories.tsx[2m > [22m[2mTopic List Default
[22m[39m[TranslationModeController] Setting mode to: off
[90mstdout[2m | src/components/Chat/Chat.stories.tsx[2m > [22m[2mTopic List Default
[22m[39m[UnitContext] useEffect triggered {
  "authLoading": false,
  "hasUser": true,
  "id": "mock-unit-id",
  "userSub": "mock-user-sub",
}
[90mstdout[2m | src/components/Chat/Chat.stories.tsx[2m > [22m[2mTopic List Default
[22m[39m[UnitContext] Fetching unit data for id: mock-unit-id
[90mstdout[2m | src/components/Chat/Chat.stories.tsx[2m > [22m[2mTopic List Default
[22m[39m[FilesContext] Initializing vector store from IndexedDB
[90mstdout[2m | src/components/Chat/Chat.stories.tsx[2m > [22m[2mTopic List Default
[22m[39m[FilesContext] fetchFiles called
[90mstdout[2m | src/components/Chat/Chat.stories.tsx[2m > [22m[2mTopic List Default
[22m[39m[FilesContext] User authenticated: mock-user-sub
[90mstdout[2m | src/components/Chat/Chat.stories.tsx[2m > [22m[2mTopic List Default
[22m[39m[FilesContext] Identity ID: us-east-1:mock-identity-123
[90mstdout[2m | src/components/Chat/Chat.stories.tsx[2m > [22m[2mTopic List Default
[22m[39m[FilesContext] About to set up File observeQuery
[90mstdout[2m | src/components/Chat/Chat.stories.tsx[2m > [22m[2mTopic List Default
[22m[39m[ChatContext] Setting up AssistantChat observeQuery
[90mstdout[2m | src/components/Chat/Chat.stories.tsx[2m > [22m[2mTopic List Default
[22m[39m[ChatContext] Waiting for subscription to initialize
[90mstdout[2m | src/components/Chat/Chat.stories.tsx[2m > [22m[2mTopic List Default
[22m[39m[SettingsContext] Setting up Settings subscription for user: mock-user-sub
[90mstdout[2m | src/components/Chat/Chat.stories.tsx[2m > [22m[2mTopic List Default
[22m[39m[Mock Data] Settings created: mock-settings-1790417949565 - notified 0 subscribers
[90mstdout[2m | src/components/Chat/Chat.stories.tsx[2m > [22m[2mTopic List Default
[22m[39m[Mock Data] Unit.onUpdate() subscription added. Total: 1
[90mstdout[2m | src/components/Chat/Chat.stories.tsx[2m > [22m[2mTopic List Default
[22m[39m[SectionContext] Section observeQuery update: 0
[90mstdout[2m | src/components/Chat/Chat.stories.tsx[2m > [22m[2mTopic List Default
[22m[39m[FilesContext] File observeQuery update: 6 files
[90mstdout[2m | src/components/Chat/Chat.stories.tsx[2m > [22m[2mTopic List Default
[22m[39m[ChatContext] AssistantChat initialized with 1 chats
[90mstdout[2m | src/components/Chat/Chat.stories.tsx[2m > [22m[2mTopic List Default
[22m[39m[ChatContext] Setting initial chat: mock-assistant-chat-1
[90mstdout[2m | src/components/Chat/Chat.stories.tsx[2m > [22m[2mTopic List Default
[22m[39m[MOCK CourseVectorStore] Initialized with mock data
[90mstdout[2m | src/components/Chat/Chat.stories.tsx[2m > [22m[2mTopic List Default
[22m[39m[FilesContext] Vector store population triggered {
  "currentVectorStoreSize": 3,
  "documentsCount": 0,
  "filesCount": 6,
  "isInitialLoad": true,
}
[90mstdout[2m | src/components/Chat/Chat.stories.tsx[2m > [22m[2mTopic List Default
[22m[39m[FilesContext] Vector store population complete - 3 total embeddings
[90mstdout[2m | src/components/Chat/Chat.stories.tsx[2m > [22m[2mTopic List Default
[22m[39m[ChatContext] Chat exists and not archived, skipping creation
[90mstdout[2m | src/components/Chat/Chat.stories.tsx[2m > [22m[2mTopic List Default
[22m[39m[Mock Storage] downloadData called with: undefined
[90mstdout[2m | src/components/Chat/Chat.stories.tsx[2m > [22m[2mTopic List With Active
[22m[39m[ChatContext] Cleaning up subscriptions
[90mstdout[2m | src/components/Chat/Chat.stories.tsx[2m > [22m[2mTopic List With Active
[22m[39m[Mock Data] Unit.onUpdate() subscription removed. Remaining: 0
[90mstdout[2m | src/components/Chat/Chat.stories.tsx[2m > [22m[2mTopic List With Active
[22m[39m[MOCK CourseVectorStore] Initialized with mock data
[90mstdout[2m | src/components/Chat/Chat.stories.tsx[2m > [22m[2mTopic List With Active
[22m[39m[TranslationModeController] Setting mode to: off
[90mstdout[2m | src/components/Chat/Chat.stories.tsx[2m > [22m[2mTopic List With Active
[22m[39m[UnitContext] useEffect triggered {
  "authLoading": false,
  "hasUser": true,
  "id": "mock-unit-id",
  "userSub": "mock-user-sub",
}
[90mstdout[2m | src/components/Chat/Chat.stories.tsx[2m > [22m[2mTopic List With Active
[22m[39m[UnitContext] Fetching unit data for id: mock-unit-id
[90mstdout[2m | src/components/Chat/Chat.stories.tsx[2m > [22m[2mTopic List With Active
[22m[39m[FilesContext] Initializing vector store from IndexedDB
[90mstdout[2m | src/components/Chat/Chat.stories.tsx[2m > [22m[2mTopic List With Active
[22m[39m[FilesContext] fetchFiles called
[90mstdout[2m | src/components/Chat/Chat.stories.tsx[2m > [22m[2mTopic List With Active
[22m[39m[FilesContext] User authenticated: mock-user-sub
[90mstdout[2m | src/components/Chat/Chat.stories.tsx[2m > [22m[2mTopic List With Active
[22m[39m[FilesContext] Identity ID: us-east-1:mock-identity-123
[90mstdout[2m | src/components/Chat/Chat.stories.tsx[2m > [22m[2mTopic List With Active
[22m[39m[FilesContext] About to set up File observeQuery
[90mstdout[2m | src/components/Chat/Chat.stories.tsx[2m > [22m[2mTopic List With Active
[22m[39m[ChatContext] Setting up AssistantChat observeQuery
[90mstdout[2m | src/components/Chat/Chat.stories.tsx[2m > [22m[2mTopic List With Active
[22m[39m[ChatContext] Waiting for subscription to initialize
[90mstdout[2m | src/components/Chat/Chat.stories.tsx[2m > [22m[2mTopic List With Active
[22m[39m[SettingsContext] Setting up Settings subscription for user: mock-user-sub
[90mstdout[2m | src/components/Chat/Chat.stories.tsx[2m > [22m[2mTopic List With Active
[22m[39m[Mock Data] Settings created: mock-settings-1790417950225 - notified 0 subscribers
[90mstdout[2m | src/components/Chat/Chat.stories.tsx[2m > [22m[2mTopic List With Active
[22m[39m[Mock Data] Unit.onUpdate() subscription added. Total: 1
[90mstdout[2m | src/components/Chat/Chat.stories.tsx[2m > [22m[2mTopic List With Active
[22m[39m[SectionContext] Section observeQuery update: 0
[90mstdout[2m | src/components/Chat/Chat.stories.tsx[2m > [22m[2mTopic List With Active
[22m[39m[FilesContext] File observeQuery update: 6 files
[90mstdout[2m | src/components/Chat/Chat.stories.tsx[2m > [22m[2mTopic List With Active
[22m[39m[ChatContext] AssistantChat initialized with 1 chats
[90mstdout[2m | src/components/Chat/Chat.stories.tsx[2m > [22m[2mTopic List With Active
[22m[39m[ChatContext] Setting initial chat: mock-assistant-chat-1
[90mstdout[2m | src/components/Chat/Chat.stories.tsx[2m > [22m[2mTopic List With Active
[22m[39m[MOCK CourseVectorStore] Initialized with mock data
[90mstdout[2m | src/components/Chat/Chat.stories.tsx[2m > [22m[2mTopic List With Active
[22m[39m[FilesContext] Vector store population triggered {
  "currentVectorStoreSize": 3,
  "documentsCount": 0,
  "filesCount": 6,
  "isInitialLoad": true,
}
[90mstdout[2m | src/components/Chat/Chat.stories.tsx[2m > [22m[2mTopic List With Active
[22m[39m[FilesContext] Vector store population complete - 3 total embeddings
[90mstdout[2m | src/components/Chat/Chat.stories.tsx[2m > [22m[2mTopic List With Active
[22m[39m[ChatContext] Chat exists and not archived, skipping creation
[90mstdout[2m | src/components/Chat/Chat.stories.tsx[2m > [22m[2mTopic List With Active
[22m[39m[Mock Storage] downloadData called with: undefined
[90mstdout[2m | src/components/Chat/Chat.stories.tsx[2m > [22m[2mTopic List Empty
[22m[39m[ChatContext] Cleaning up subscriptions
[90mstdout[2m | src/components/Chat/Chat.stories.tsx[2m > [22m[2mTopic List Empty
[22m[39m[Mock Data] Unit.onUpdate() subscription removed. Remaining: 0
[90mstdout[2m | src/components/Chat/Chat.stories.tsx[2m > [22m[2mTopic List Empty
[22m[39m[MOCK CourseVectorStore] Initialized with mock data
[90mstdout[2m | src/components/Chat/Chat.stories.tsx[2m > [22m[2mTopic List Empty
[22m[39m[TranslationModeController] Setting mode to: off
[90mstdout[2m | src/components/Chat/Chat.stories.tsx[2m > [22m[2mTopic List Empty
[22m[39m[UnitContext] useEffect triggered {
  "authLoading": false,
  "hasUser": true,
  "id": "mock-unit-id",
  "userSub": "mock-user-sub",
}
[90mstdout[2m | src/components/Chat/Chat.stories.tsx[2m > [22m[2mTopic List Empty
[22m[39m[UnitContext] Fetching unit data for id: mock-unit-id
[90mstdout[2m | src/components/Chat/Chat.stories.tsx[2m > [22m[2mTopic List Empty
[22m[39m[FilesContext] Initializing vector store from IndexedDB
[90mstdout[2m | src/components/Chat/Chat.stories.tsx[2m > [22m[2mTopic List Empty
[22m[39m[FilesContext] fetchFiles called
[90mstdout[2m | src/components/Chat/Chat.stories.tsx[2m > [22m[2mTopic List Empty
[22m[39m[FilesContext] User authenticated: mock-user-sub
[90mstdout[2m | src/components/Chat/Chat.stories.tsx[2m > [22m[2mTopic List Empty
[22m[39m[FilesContext] Identity ID: us-east-1:mock-identity-123
[90mstdout[2m | src/components/Chat/Chat.stories.tsx[2m > [22m[2mTopic List Empty
[22m[39m[FilesContext] About to set up File observeQuery
[90mstdout[2m | src/components/Chat/Chat.stories.tsx[2m > [22m[2mTopic List Empty
[22m[39m[ChatContext] Setting up AssistantChat observeQuery
[90mstdout[2m | src/components/Chat/Chat.stories.tsx[2m > [22m[2mTopic List Empty
[22m[39m[ChatContext] Waiting for subscription to initialize
[90mstdout[2m | src/components/Chat/Chat.stories.tsx[2m > [22m[2mTopic List Empty
[22m[39m[SettingsContext] Setting up Settings subscription for user: mock-user-sub
[90mstdout[2m | src/components/Chat/Chat.stories.tsx[2m > [22m[2mTopic List Empty
[22m[39m[Mock Data] Settings created: mock-settings-1790417950574 - notified 0 subscribers
[90mstdout[2m | src/components/Chat/Chat.stories.tsx[2m > [22m[2mTopic List Empty
[22m[39m[Mock Data] Unit.onUpdate() subscription added. Total: 1
[90mstdout[2m | src/components/Chat/Chat.stories.tsx[2m > [22m[2mTopic List Empty
[22m[39m[SectionContext] Section observeQuery update: 0
[90mstdout[2m | src/components/Chat/Chat.stories.tsx[2m > [22m[2mTopic List Empty
[22m[39m[FilesContext] File observeQuery update: 6 files
[90mstdout[2m | src/components/Chat/Chat.stories.tsx[2m > [22m[2mTopic List Empty
[22m[39m[ChatContext] AssistantChat initialized with 1 chats
[90mstdout[2m | src/components/Chat/Chat.stories.tsx[2m > [22m[2mTopic List Empty
[22m[39m[ChatContext] Setting initial chat: mock-assistant-chat-1
[90mstdout[2m | src/components/Chat/Chat.stories.tsx[2m > [22m[2mTopic List Empty
[22m[39m[MOCK CourseVectorStore] Initialized with mock data
[90mstdout[2m | src/components/Chat/Chat.stories.tsx[2m > [22m[2mTopic List Empty
[22m[39m[FilesContext] Vector store population triggered {
  "currentVectorStoreSize": 3,
  "documentsCount": 0,
  "filesCount": 6,
  "isInitialLoad": true,
}
[90mstdout[2m | src/components/Chat/Chat.stories.tsx[2m > [22m[2mTopic List Empty
[22m[39m[FilesContext] Vector store population complete - 3 total embeddings
[90mstdout[2m | src/components/Chat/Chat.stories.tsx[2m > [22m[2mTopic List Empty
[22m[39m[ChatContext] Chat exists and not archived, skipping creation
[90mstdout[2m | src/components/Chat/Chat.stories.tsx[2m > [22m[2mTopic List Empty
[22m[39m[Mock Storage] downloadData called with: undefined
[90mstdout[2m | src/components/Chat/Chat.stories.tsx[2m > [22m[2mThread View With Messages
[22m[39m[ChatContext] Cleaning up subscriptions
[90mstdout[2m | src/components/Chat/Chat.stories.tsx[2m > [22m[2mThread View With Messages
[22m[39m[Mock Data] Unit.onUpdate() subscription removed. Remaining: 0
[90mstdout[2m | src/components/Chat/Chat.stories.tsx[2m > [22m[2mThread View With Messages
[22m[39m[MOCK CourseVectorStore] Initialized with mock data
[90mstdout[2m | src/components/Chat/Chat.stories.tsx[2m > [22m[2mThread View With Messages
[22m[39m[TranslationModeController] Setting mode to: off
[90mstdout[2m | src/components/Chat/Chat.stories.tsx[2m > [22m[2mThread View With Messages
[22m[39m[UnitContext] useEffect triggered {
  "authLoading": false,
  "hasUser": true,
  "id": "mock-unit-id",
  "userSub": "mock-user-sub",
}
[90mstdout[2m | src/components/Chat/Chat.stories.tsx[2m > [22m[2mThread View With Messages
[22m[39m[UnitContext] Fetching unit data for id: mock-unit-id
[90mstdout[2m | src/components/Chat/Chat.stories.tsx[2m > [22m[2mThread View With Messages
[22m[39m[FilesContext] Initializing vector store from IndexedDB
[90mstdout[2m | src/components/Chat/Chat.stories.tsx[2m > [22m[2mThread View With Messages
[22m[39m[FilesContext] fetchFiles called
[90mstdout[2m | src/components/Chat/Chat.stories.tsx[2m > [22m[2mThread View With Messages
[22m[39m[FilesContext] User authenticated: mock-user-sub
[90mstdout[2m | src/components/Chat/Chat.stories.tsx[2m > [22m[2mThread View With Messages
[22m[39m[FilesContext] Identity ID: us-east-1:mock-identity-123
[90mstdout[2m | src/components/Chat/Chat.stories.tsx[2m > [22m[2mThread View With Messages
[22m[39m[FilesContext] About to set up File observeQuery
[90mstdout[2m | src/components/Chat/Chat.stories.tsx[2m > [22m[2mThread View With Messages
[22m[39m[ChatContext] Setting up AssistantChat observeQuery
[90mstdout[2m | src/components/Chat/Chat.stories.tsx[2m > [22m[2mThread View With Messages
[22m[39m[ChatContext] Waiting for subscription to initialize
[90mstdout[2m | src/components/Chat/Chat.stories.tsx[2m > [22m[2mThread View With Messages
[22m[39m[SettingsContext] Setting up Settings subscription for user: mock-user-sub
[90mstdout[2m | src/components/Chat/Chat.stories.tsx[2m > [22m[2mThread View With Messages
[22m[39m[Mock Data] Settings created: mock-settings-1790417951023 - notified 0 subscribers
[90mstdout[2m | src/components/Chat/Chat.stories.tsx[2m > [22m[2mThread View With Messages
[22m[39m[Mock Data] Unit.onUpdate() subscription added. Total: 1
[90mstdout[2m | src/components/Chat/Chat.stories.tsx[2m > [22m[2mThread View With Messages
[22m[39m[SectionContext] Section observeQuery update: 0
[90mstdout[2m | src/components/Chat/Chat.stories.tsx[2m > [22m[2mThread View With Messages
[22m[39m[FilesContext] File observeQuery update: 6 files
[90mstdout[2m | src/components/Chat/Chat.stories.tsx[2m > [22m[2mThread View With Messages
[22m[39m[ChatContext] AssistantChat initialized with 1 chats
[90mstdout[2m | src/components/Chat/Chat.stories.tsx[2m > [22m[2mThread View With Messages
[22m[39m[ChatContext] Setting initial chat: mock-assistant-chat-1
[90mstdout[2m | src/components/Chat/Chat.stories.tsx[2m > [22m[2mThread View With Messages
[22m[39m[MOCK CourseVectorStore] Initialized with mock data
[90mstdout[2m | src/components/Chat/Chat.stories.tsx[2m > [22m[2mThread View With Messages
[22m[39m[FilesContext] Vector store population triggered {
  "currentVectorStoreSize": 3,
  "documentsCount": 0,
  "filesCount": 6,
  "isInitialLoad": true,
}
[90mstdout[2m | src/components/Chat/Chat.stories.tsx[2m > [22m[2mThread View With Messages
[22m[39m[FilesContext] Vector store population complete - 3 total embeddings
[90mstdout[2m | src/components/Chat/Chat.stories.tsx[2m > [22m[2mThread View With Messages
[22m[39m[ChatContext] Chat exists and not archived, skipping creation
[90mstdout[2m | src/components/Chat/Chat.stories.tsx[2m > [22m[2mThread View With Messages
[22m[39m[Mock Storage] downloadData called with: undefined
[90mstdout[2m | src/components/Chat/Chat.stories.tsx[2m > [22m[2mThread View With Typing
[22m[39m[ChatContext] Cleaning up subscriptions
[90mstdout[2m | src/components/Chat/Chat.stories.tsx[2m > [22m[2mThread View With Typing
[22m[39m[Mock Data] Unit.onUpdate() subscription removed. Remaining: 0
[90mstdout[2m | src/components/Chat/Chat.stories.tsx[2m > [22m[2mThread View With Typing
[22m[39m[MOCK CourseVectorStore] Initialized with mock data
[90mstdout[2m | src/components/Chat/Chat.stories.tsx[2m > [22m[2mThread View With Typing
[22m[39m[TranslationModeController] Setting mode to: off
[90mstdout[2m | src/components/Chat/Chat.stories.tsx[2m > [22m[2mThread View With Typing
[22m[39m[UnitContext] useEffect triggered {
  "authLoading": false,
  "hasUser": true,
  "id": "mock-unit-id",
  "userSub": "mock-user-sub",
}
[90mstdout[2m | src/components/Chat/Chat.stories.tsx[2m > [22m[2mThread View With Typing
[22m[39m[UnitContext] Fetching unit data for id: mock-unit-id
[90mstdout[2m | src/components/Chat/Chat.stories.tsx[2m > [22m[2mThread View With Typing
[22m[39m[FilesContext] Initializing vector store from IndexedDB
[90mstdout[2m | src/components/Chat/Chat.stories.tsx[2m > [22m[2mThread View With Typing
[22m[39m[FilesContext] fetchFiles called
[90mstdout[2m | src/components/Chat/Chat.stories.tsx[2m > [22m[2mThread View With Typing
[22m[39m[FilesContext] User authenticated: mock-user-sub
[90mstdout[2m | src/components/Chat/Chat.stories.tsx[2m > [22m[2mThread View With Typing
[22m[39m[FilesContext] Identity ID: us-east-1:mock-identity-123
[90mstdout[2m | src/components/Chat/Chat.stories.tsx[2m > [22m[2mThread View With Typing
[22m[39m[FilesContext] About to set up File observeQuery
[90mstdout[2m | src/components/Chat/Chat.stories.tsx[2m > [22m[2mThread View With Typing
[22m[39m[ChatContext] Setting up AssistantChat observeQuery
[90mstdout[2m | src/components/Chat/Chat.stories.tsx[2m > [22m[2mThread View With Typing
[22m[39m[ChatContext] Waiting for subscription to initialize
[90mstdout[2m | src/components/Chat/Chat.stories.tsx[2m > [22m[2mThread View With Typing
[22m[39m[SettingsContext] Setting up Settings subscription for user: mock-user-sub
[90mstdout[2m | src/components/Chat/Chat.stories.tsx[2m > [22m[2mThread View With Typing
[22m[39m[Mock Data] Settings created: mock-settings-1790417951446 - notified 0 subscribers
[90mstdout[2m | src/components/Chat/Chat.stories.tsx[2m > [22m[2mThread View With Typing
[22m[39m[Mock Data] Unit.onUpdate() subscription added. Total: 1
[90mstdout[2m | src/components/Chat/Chat.stories.tsx[2m > [22m[2mThread View With Typing
[22m[39m[SectionContext] Section observeQuery update: 0
[90mstdout[2m | src/components/Chat/Chat.stories.tsx[2m > [22m[2mThread View With Typing
[22m[39m[FilesContext] File observeQuery update: 6 files
[90mstdout[2m | src/components/Chat/Chat.stories.tsx[2m > [22m[2mThread View With Typing
[22m[39m[ChatContext] AssistantChat initialized with 1 chats
[90mstdout[2m | src/components/Chat/Chat.stories.tsx[2m > [22m[2mThread View With Typing
[22m[39m[ChatContext] Setting initial chat: mock-assistant-chat-1
[90mstdout[2m | src/components/Chat/Chat.stories.tsx[2m > [22m[2mThread View With Typing
[22m[39m[MOCK CourseVectorStore] Initialized with mock data
[90mstdout[2m | src/components/Chat/Chat.stories.tsx[2m > [22m[2mThread View With Typing
[22m[39m[FilesContext] Vector store population triggered {
  "currentVectorStoreSize": 3,
  "documentsCount": 0,
  "filesCount": 6,
  "isInitialLoad": true,
}
[90mstdout[2m | src/components/Chat/Chat.stories.tsx[2m > [22m[2mThread View With Typing
[22m[39m[FilesContext] Vector store population complete - 3 total embeddings
[90mstdout[2m | src/components/Chat/Chat.stories.tsx[2m > [22m[2mThread View With Typing
[22m[39m[ChatContext] Chat exists and not archived, skipping creation
[90mstdout[2m | src/components/Chat/Chat.stories.tsx[2m > [22m[2mThread View With Typing
[22m[39m[Mock Storage] downloadData called with: undefined
[90mstdout[2m | src/components/Chat/Chat.stories.tsx[2m > [22m[2mThread View Empty
[22m[39m[ChatContext] Cleaning up subscriptions
[90mstdout[2m | src/components/Chat/Chat.stories.tsx[2m > [22m[2mThread View Empty
[22m[39m[Mock Data] Unit.onUpdate() subscription removed. Remaining: 0
[90mstdout[2m | src/components/Chat/Chat.stories.tsx[2m > [22m[2mThread View Empty
[22m[39m[MOCK CourseVectorStore] Initialized with mock data
[90mstdout[2m | src/components/Chat/Chat.stories.tsx[2m > [22m[2mThread View Empty
[22m[39m[TranslationModeController] Setting mode to: off
[90mstdout[2m | src/components/Chat/Chat.stories.tsx[2m > [22m[2mThread View Empty
[22m[39m[UnitContext] useEffect triggered {
  "authLoading": false,
  "hasUser": true,
  "id": "mock-unit-id",
  "userSub": "mock-user-sub",
}
[90mstdout[2m | src/components/Chat/Chat.stories.tsx[2m > [22m[2mThread View Empty
[22m[39m[UnitContext] Fetching unit data for id: mock-unit-id
[90mstdout[2m | src/components/Chat/Chat.stories.tsx[2m > [22m[2mThread View Empty
[22m[39m[FilesContext] Initializing vector store from IndexedDB
[90mstdout[2m | src/components/Chat/Chat.stories.tsx[2m > [22m[2mThread View Empty
[22m[39m[FilesContext] fetchFiles called
[90mstdout[2m | src/components/Chat/Chat.stories.tsx[2m > [22m[2mThread View Empty
[22m[39m[FilesContext] User authenticated: mock-user-sub
[90mstdout[2m | src/components/Chat/Chat.stories.tsx[2m > [22m[2mThread View Empty
[22m[39m[FilesContext] Identity ID: us-east-1:mock-identity-123
[90mstdout[2m | src/components/Chat/Chat.stories.tsx[2m > [22m[2mThread View Empty
[22m[39m[FilesContext] About to set up File observeQuery
[90mstdout[2m | src/components/Chat/Chat.stories.tsx[2m > [22m[2mThread View Empty
[22m[39m[ChatContext] Setting up AssistantChat observeQuery
[90mstdout[2m | src/components/Chat/Chat.stories.tsx[2m > [22m[2mThread View Empty
[22m[39m[ChatContext] Waiting for subscription to initialize
[90mstdout[2m | src/components/Chat/Chat.stories.tsx[2m > [22m[2mThread View Empty
[22m[39m[SettingsContext] Setting up Settings subscription for user: mock-user-sub
[90mstdout[2m | src/components/Chat/Chat.stories.tsx[2m > [22m[2mThread View Empty
[22m[39m[Mock Data] Settings created: mock-settings-1790417951960 - notified 0 subscribers
[90mstdout[2m | src/components/Chat/Chat.stories.tsx[2m > [22m[2mThread View Empty
[22m[39m[Mock Data] Unit.onUpdate() subscription added. Total: 1
[90mstdout[2m | src/components/Chat/Chat.stories.tsx[2m > [22m[2mThread View Empty
[22m[39m[SectionContext] Section observeQuery update: 0
[90mstdout[2m | src/components/Chat/Chat.stories.tsx[2m > [22m[2mThread View Empty
[22m[39m[FilesContext] File observeQuery update: 6 files
[90mstdout[2m | src/components/Chat/Chat.stories.tsx[2m > [22m[2mThread View Empty
[22m[39m[ChatContext] AssistantChat initialized with 1 chats
[90mstdout[2m | src/components/Chat/Chat.stories.tsx[2m > [22m[2mThread View Empty
[22m[39m[ChatContext] Setting initial chat: mock-assistant-chat-1
[90mstdout[2m | src/components/Chat/Chat.stories.tsx[2m > [22m[2mThread View Empty
[22m[39m[MOCK CourseVectorStore] Initialized with mock data
[90mstdout[2m | src/components/Chat/Chat.stories.tsx[2m > [22m[2mThread View Empty
[22m[39m[FilesContext] Vector store population triggered {
  "currentVectorStoreSize": 3,
  "documentsCount": 0,
  "filesCount": 6,
  "isInitialLoad": true,
}
[90mstdout[2m | src/components/Chat/Chat.stories.tsx[2m > [22m[2mThread View Empty
[22m[39m[FilesContext] Vector store population complete - 3 total embeddings
[90mstdout[2m | src/components/Chat/Chat.stories.tsx[2m > [22m[2mThread View Empty
[22m[39m[ChatContext] Chat exists and not archived, skipping creation
[90mstdout[2m | src/components/Chat/Chat.stories.tsx[2m > [22m[2mThread View Empty
[22m[39m[Mock Storage] downloadData called with: undefined
[90mstdout[2m | src/components/Chat/Chat.stories.tsx[2m > [22m[2mComposer Default
[22m[39m[ChatContext] Cleaning up subscriptions
[90mstdout[2m | src/components/Chat/Chat.stories.tsx[2m > [22m[2mComposer Default
[22m[39m[Mock Data] Unit.onUpdate() subscription removed. Remaining: 0
[90mstdout[2m | src/components/Chat/Chat.stories.tsx[2m > [22m[2mComposer Default
[22m[39m[MOCK CourseVectorStore] Initialized with mock data
[90mstdout[2m | src/components/Chat/Chat.stories.tsx[2m > [22m[2mComposer Default
[22m[39m[TranslationModeController] Setting mode to: off
[90mstdout[2m | src/components/Chat/Chat.stories.tsx[2m > [22m[2mComposer Default
[22m[39m[UnitContext] useEffect triggered {
  "authLoading": false,
  "hasUser": true,
  "id": "mock-unit-id",
  "userSub": "mock-user-sub",
}
[90mstdout[2m | src/components/Chat/Chat.stories.tsx[2m > [22m[2mComposer Default
[22m[39m[UnitContext] Fetching unit data for id: mock-unit-id
[90mstdout[2m | src/components/Chat/Chat.stories.tsx[2m > [22m[2mComposer Default
[22m[39m[FilesContext] Initializing vector store from IndexedDB
[90mstdout[2m | src/components/Chat/Chat.stories.tsx[2m > [22m[2mComposer Default
[22m[39m[FilesContext] fetchFiles called
[90mstdout[2m | src/components/Chat/Chat.stories.tsx[2m > [22m[2mComposer Default
[22m[39m[FilesContext] User authenticated: mock-user-sub
[90mstdout[2m | src/components/Chat/Chat.stories.tsx[2m > [22m[2mComposer Default
[22m[39m[FilesContext] Identity ID: us-east-1:mock-identity-123
[90mstdout[2m | src/components/Chat/Chat.stories.tsx[2m > [22m[2mComposer Default
[22m[39m[FilesContext] About to set up File observeQuery
[90mstdout[2m | src/components/Chat/Chat.stories.tsx[2m > [22m[2mComposer Default
[22m[39m[ChatContext] Setting up AssistantChat observeQuery
[90mstdout[2m | src/components/Chat/Chat.stories.tsx[2m > [22m[2mComposer Default
[22m[39m[ChatContext] Waiting for subscription to initialize
[90mstdout[2m | src/components/Chat/Chat.stories.tsx[2m > [22m[2mComposer Default
[22m[39m[SettingsContext] Setting up Settings subscription for user: mock-user-sub
[90mstdout[2m | src/components/Chat/Chat.stories.tsx[2m > [22m[2mComposer Default
[22m[39m[Mock Data] Settings created: mock-settings-1790417952176 - notified 0 subscribers
[90mstdout[2m | src/components/Chat/Chat.stories.tsx[2m > [22m[2mComposer Default
[22m[39m[Mock Data] Unit.onUpdate() subscription added. Total: 1
[90mstdout[2m | src/components/Chat/Chat.stories.tsx[2m > [22m[2mComposer Default
[22m[39m[SectionContext] Section observeQuery update: 0
[90mstdout[2m | src/components/Chat/Chat.stories.tsx[2m > [22m[2mComposer Default
[22m[39m[FilesContext] File observeQuery update: 6 files
[90mstdout[2m | src/components/Chat/Chat.stories.tsx[2m > [22m[2mComposer Default
[22m[39m[ChatContext] AssistantChat initialized with 1 chats
[90mstdout[2m | src/components/Chat/Chat.stories.tsx[2m > [22m[2mComposer Default
[22m[39m[ChatContext] Setting initial chat: mock-assistant-chat-1
[90mstdout[2m | src/components/Chat/Chat.stories.tsx[2m > [22m[2mComposer Default
[22m[39m[MOCK CourseVectorStore] Initialized with mock data
[90mstdout[2m | src/components/Chat/Chat.stories.tsx[2m > [22m[2mComposer Default
[22m[39m[FilesContext] Vector store population triggered {
  "currentVectorStoreSize": 3,
  "documentsCount": 0,
  "filesCount": 6,
  "isInitialLoad": true,
}
[90mstdout[2m | src/components/Chat/Chat.stories.tsx[2m > [22m[2mComposer Default
[22m[39m[FilesContext] Vector store population complete - 3 total embeddings
[90mstdout[2m | src/components/Chat/Chat.stories.tsx[2m > [22m[2mComposer Default
[22m[39m[ChatContext] Chat exists and not archived, skipping creation
[90mstdout[2m | src/components/Chat/Chat.stories.tsx[2m > [22m[2mComposer Default
[22m[39m[Mock Storage] downloadData called with: undefined
[90mstdout[2m | src/components/Chat/Chat.stories.tsx[2m > [22m[2mComposer With Reply
[22m[39m[ChatContext] Cleaning up subscriptions
[90mstdout[2m | src/components/Chat/Chat.stories.tsx[2m > [22m[2mComposer With Reply
[22m[39m[Mock Data] Unit.onUpdate() subscription removed. Remaining: 0
[90mstdout[2m | src/components/Chat/Chat.stories.tsx[2m > [22m[2mComposer With Reply
[22m[39m[MOCK CourseVectorStore] Initialized with mock data
[90mstdout[2m | src/components/Chat/Chat.stories.tsx[2m > [22m[2mComposer With Reply
[22m[39m[TranslationModeController] Setting mode to: off
[90mstdout[2m | src/components/Chat/Chat.stories.tsx[2m > [22m[2mComposer With Reply
[22m[39m[UnitContext] useEffect triggered {
  "authLoading": false,
  "hasUser": true,
  "id": "mock-unit-id",
  "userSub": "mock-user-sub",
}
[90mstdout[2m | src/components/Chat/Chat.stories.tsx[2m > [22m[2mComposer With Reply
[22m[39m[UnitContext] Fetching unit data for id: mock-unit-id
[90mstdout[2m | src/components/Chat/Chat.stories.tsx[2m > [22m[2mComposer With Reply
[22m[39m[FilesContext] Initializing vector store from IndexedDB
[90mstdout[2m | src/components/Chat/Chat.stories.tsx[2m > [22m[2mComposer With Reply
[22m[39m[FilesContext] fetchFiles called
[90mstdout[2m | src/components/Chat/Chat.stories.tsx[2m > [22m[2mComposer With Reply
[22m[39m[FilesContext] User authenticated: mock-user-sub
[90mstdout[2m | src/components/Chat/Chat.stories.tsx[2m > [22m[2mComposer With Reply
[22m[39m[FilesContext] Identity ID: us-east-1:mock-identity-123
[90mstdout[2m | src/components/Chat/Chat.stories.tsx[2m > [22m[2mComposer With Reply
[22m[39m[FilesContext] About to set up File observeQuery
[90mstdout[2m | src/components/Chat/Chat.stories.tsx[2m > [22m[2mComposer With Reply
[22m[39m[ChatContext] Setting up AssistantChat observeQuery
[90mstdout[2m | src/components/Chat/Chat.stories.tsx[2m > [22m[2mComposer With Reply
[22m[39m[ChatContext] Waiting for subscription to initialize
[90mstdout[2m | src/components/Chat/Chat.stories.tsx[2m > [22m[2mComposer With Reply
[22m[39m[SettingsContext] Setting up Settings subscription for user: mock-user-sub
[90mstdout[2m | src/components/Chat/Chat.stories.tsx[2m > [22m[2mComposer With Reply
[22m[39m[Mock Data] Settings created: mock-settings-1790417952723 - notified 0 subscribers
[90mstdout[2m | src/components/Chat/Chat.stories.tsx[2m > [22m[2mComposer With Reply
[22m[39m[Mock Data] Unit.onUpdate() subscription added. Total: 1
[90mstdout[2m | src/components/Chat/Chat.stories.tsx[2m > [22m[2mComposer With Reply
[22m[39m[SectionContext] Section observeQuery update: 0
[90mstdout[2m | src/components/Chat/Chat.stories.tsx[2m > [22m[2mComposer With Reply
[22m[39m[FilesContext] File observeQuery update: 6 files
[90mstdout[2m | src/components/Chat/Chat.stories.tsx[2m > [22m[2mComposer With Reply
[22m[39m[ChatContext] AssistantChat initialized with 1 chats
[90mstdout[2m | src/components/Chat/Chat.stories.tsx[2m > [22m[2mComposer With Reply
[22m[39m[ChatContext] Setting initial chat: mock-assistant-chat-1
[90mstdout[2m | src/components/Chat/Chat.stories.tsx[2m > [22m[2mComposer With Reply
[22m[39m[MOCK CourseVectorStore] Initialized with mock data
[90mstdout[2m | src/components/Chat/Chat.stories.tsx[2m > [22m[2mComposer With Reply
[22m[39m[FilesContext] Vector store population triggered {
  "currentVectorStoreSize": 3,
  "documentsCount": 0,
  "filesCount": 6,
  "isInitialLoad": true,
}
[90mstdout[2m | src/components/Chat/Chat.stories.tsx[2m > [22m[2mComposer With Reply
[22m[39m[FilesContext] Vector store population complete - 3 total embeddings
[90mstdout[2m | src/components/Chat/Chat.stories.tsx[2m > [22m[2mComposer With Reply
[22m[39m[ChatContext] Chat exists and not archived, skipping creation
[90mstdout[2m | src/components/Chat/Chat.stories.tsx[2m > [22m[2mComposer With Reply
[22m[39m[Mock Storage] downloadData called with: undefined
[90mstdout[2m | src/components/Chat/Chat.stories.tsx[2m > [22m[2mMention Chip Bot
[22m[39m[ChatContext] Cleaning up subscriptions
[90mstdout[2m | src/components/Chat/Chat.stories.tsx[2m > [22m[2mMention Chip Bot
[22m[39m[Mock Data] Unit.onUpdate() subscription removed. Remaining: 0
[90mstdout[2m | src/components/Chat/Chat.stories.tsx[2m > [22m[2mMention Chip Bot
[22m[39m[MOCK CourseVectorStore] Initialized with mock data
[90mstdout[2m | src/components/Chat/Chat.stories.tsx[2m > [22m[2mMention Chip Bot
[22m[39m[TranslationModeController] Setting mode to: off
[90mstdout[2m | src/components/Chat/Chat.stories.tsx[2m > [22m[2mMention Chip Bot
[22m[39m[UnitContext] useEffect triggered {
  "authLoading": false,
  "hasUser": true,
  "id": "mock-unit-id",
  "userSub": "mock-user-sub",
}
[90mstdout[2m | src/components/Chat/Chat.stories.tsx[2m > [22m[2mMention Chip Bot
[22m[39m[UnitContext] Fetching unit data for id: mock-unit-id
[90mstdout[2m | src/components/Chat/Chat.stories.tsx[2m > [22m[2mMention Chip Bot
[22m[39m[FilesContext] Initializing vector store from IndexedDB
[90mstdout[2m | src/components/Chat/Chat.stories.tsx[2m > [22m[2mMention Chip Bot
[22m[39m[FilesContext] fetchFiles called
[90mstdout[2m | src/components/Chat/Chat.stories.tsx[2m > [22m[2mMention Chip Bot
[22m[39m[FilesContext] User authenticated: mock-user-sub
[90mstdout[2m | src/components/Chat/Chat.stories.tsx[2m > [22m[2mMention Chip Bot
[22m[39m[FilesContext] Identity ID: us-east-1:mock-identity-123
[90mstdout[2m | src/components/Chat/Chat.stories.tsx[2m > [22m[2mMention Chip Bot
[22m[39m[FilesContext] About to set up File observeQuery
[90mstdout[2m | src/components/Chat/Chat.stories.tsx[2m > [22m[2mMention Chip Bot
[22m[39m[ChatContext] Setting up AssistantChat observeQuery
[90mstdout[2m | src/components/Chat/Chat.stories.tsx[2m > [22m[2mMention Chip Bot
[22m[39m[ChatContext] Waiting for subscription to initialize
[90mstdout[2m | src/components/Chat/Chat.stories.tsx[2m > [22m[2mMention Chip Bot
[22m[39m[SettingsContext] Setting up Settings subscription for user: mock-user-sub
[90mstdout[2m | src/components/Chat/Chat.stories.tsx[2m > [22m[2mMention Chip Bot
[22m[39m[Mock Data] Settings created: mock-settings-1790417952922 - notified 0 subscribers
[90mstdout[2m | src/components/Chat/Chat.stories.tsx[2m > [22m[2mMention Chip Bot
[22m[39m[Mock Data] Unit.onUpdate() subscription added. Total: 1
[90mstdout[2m | src/components/Chat/Chat.stories.tsx[2m > [22m[2mMention Chip Bot
[22m[39m[SectionContext] Section observeQuery update: 0
[90mstdout[2m | src/components/Chat/Chat.stories.tsx[2m > [22m[2mMention Chip Bot
[22m[39m[FilesContext] File observeQuery update: 6 files
[90mstdout[2m | src/components/Chat/Chat.stories.tsx[2m > [22m[2mMention Chip Bot
[22m[39m[ChatContext] AssistantChat initialized with 1 chats
[90mstdout[2m | src/components/Chat/Chat.stories.tsx[2m > [22m[2mMention Chip Bot
[22m[39m[ChatContext] Setting initial chat: mock-assistant-chat-1
[90mstdout[2m | src/components/Chat/Chat.stories.tsx[2m > [22m[2mMention Chip Bot
[22m[39m[MOCK CourseVectorStore] Initialized with mock data
[90mstdout[2m | src/components/Chat/Chat.stories.tsx[2m > [22m[2mMention Chip Bot
[22m[39m[FilesContext] Vector store population triggered {
  "currentVectorStoreSize": 3,
  "documentsCount": 0,
  "filesCount": 6,
  "isInitialLoad": true,
}
[90mstdout[2m | src/components/Chat/Chat.stories.tsx[2m > [22m[2mMention Chip Bot
[22m[39m[FilesContext] Vector store population complete - 3 total embeddings
[90mstdout[2m | src/components/Chat/Chat.stories.tsx[2m > [22m[2mMention Chip Bot
[22m[39m[ChatContext] Chat exists and not archived, skipping creation
[90mstdout[2m | src/components/Chat/Chat.stories.tsx[2m > [22m[2mMention Chip Bot
[22m[39m[Mock Storage] downloadData called with: undefined
 [32m✓[39m [30m[45m storybook (chromium) [49m[39m src/components/Chat/Chat.stories.tsx [2m([22m[2m10 tests[22m[2m)[22m[33m 4544[2mms[22m[39m
   [33m[2m✓[22m[39m Default [33m 830[2mms[22m[39m
   [33m[2m✓[22m[39m Topic List Default [33m 535[2mms[22m[39m
   [33m[2m✓[22m[39m Topic List With Active [33m 523[2mms[22m[39m
   [33m[2m✓[22m[39m Topic List Empty [33m 411[2mms[22m[39m
   [33m[2m✓[22m[39m Thread View With Messages [33m 534[2mms[22m[39m
   [33m[2m✓[22m[39m Thread View With Typing [33m 492[2mms[22m[39m
   [33m[2m✓[22m[39m Composer Default [33m 493[2mms[22m[39m
[90mstdout[2m | unknown test
[22m[39m[MOCK vectorStoreDB.js] Module loaded - mock IndexedDB operations
[90mstdout[2m | unknown test
[22m[39m[Task Completion] DOM action listeners initialized
[90mstdout[2m | unknown test
[22m[39m[Task Completion] Auto-completion detector initialized
[90mstdout[2m | unknown test
[22m[39m[Preview] Task completion detector initialized
[90mstdout[2m | src/components/SkillTreeEditor.stories.tsx[2m > [22m[2mDefault
[22m[39m[TranslationModeController] Setting mode to: off
[90mstdout[2m | src/components/SkillTreeEditor.stories.tsx[2m > [22m[2mEdit Existing
[22m[39m[TranslationModeController] Setting mode to: off
[90mstdout[2m | src/components/SkillTreeEditor.stories.tsx[2m > [22m[2mEmpty Section
[22m[39m[TranslationModeController] Setting mode to: off
[90mstdout[2m | src/components/SkillTreeEditor.stories.tsx[2m > [22m[2mSubmitting
[22m[39m[TranslationModeController] Setting mode to: off
[90mstdout[2m | src/components/SkillTreeEditor.stories.tsx[2m > [22m[2mHigh Accuracy
[22m[39m[TranslationModeController] Setting mode to: off
 [32m✓[39m [30m[45m storybook (chromium) [49m[39m src/components/SkillTreeEditor.stories.tsx [2m([22m[2m5 tests[22m[2m)[22m[33m 2421[2mms[22m[39m
   [33m[2m✓[22m[39m Default [33m 436[2mms[22m[39m
   [33m[2m✓[22m[39m Edit Existing [33m 528[2mms[22m[39m
   [33m[2m✓[22m[39m Empty Section [33m 544[2mms[22m[39m
   [33m[2m✓[22m[39m Submitting [33m 385[2mms[22m[39m
   [33m[2m✓[22m[39m High Accuracy [33m 527[2mms[22m[39m
[90mstdout[2m | unknown test
[22m[39m[MOCK vectorStoreDB.js] Module loaded - mock IndexedDB operations
[90mstdout[2m | unknown test
[22m[39m[Task Completion] DOM action listeners initialized
[90mstdout[2m | unknown test
[22m[39m[Task Completion] Auto-completion detector initialized
[90mstdout[2m | unknown test
[22m[39m[Preview] Task completion detector initialized
[90mstdout[2m | src/components/ChatSidebar/ToolCallPreview.stories.tsx[2m > [22m[2mSearch Content Pending
[22m[39m[MOCK CourseVectorStore] Initialized with mock data
[90mstdout[2m | src/components/ChatSidebar/ToolCallPreview.stories.tsx[2m > [22m[2mSearch Content Pending
[22m[39m[TranslationModeController] Setting mode to: off
[90mstdout[2m | src/components/ChatSidebar/ToolCallPreview.stories.tsx[2m > [22m[2mSearch Content Pending
[22m[39m[UnitContext] useEffect triggered {
  "authLoading": false,
  "hasUser": true,
  "id": "mock-unit-id",
  "userSub": "mock-user-sub",
}
[90mstdout[2m | src/components/ChatSidebar/ToolCallPreview.stories.tsx[2m > [22m[2mSearch Content Pending
[22m[39m[UnitContext] Fetching unit data for id: mock-unit-id
[90mstdout[2m | src/components/ChatSidebar/ToolCallPreview.stories.tsx[2m > [22m[2mSearch Content Pending
[22m[39m[FilesContext] Initializing vector store from IndexedDB
[90mstdout[2m | src/components/ChatSidebar/ToolCallPreview.stories.tsx[2m > [22m[2mSearch Content Pending
[22m[39m[FilesContext] fetchFiles called
[90mstdout[2m | src/components/ChatSidebar/ToolCallPreview.stories.tsx[2m > [22m[2mSearch Content Pending
[22m[39m[FilesContext] User authenticated: mock-user-sub
[90mstdout[2m | src/components/ChatSidebar/ToolCallPreview.stories.tsx[2m > [22m[2mSearch Content Pending
[22m[39m[FilesContext] Identity ID: us-east-1:mock-identity-123
[90mstdout[2m | src/components/ChatSidebar/ToolCallPreview.stories.tsx[2m > [22m[2mSearch Content Pending
[22m[39m[FilesContext] About to set up File observeQuery
[90mstdout[2m | src/components/ChatSidebar/ToolCallPreview.stories.tsx[2m > [22m[2mSearch Content Pending
[22m[39m[ChatContext] Setting up AssistantChat observeQuery
[90mstdout[2m | src/components/ChatSidebar/ToolCallPreview.stories.tsx[2m > [22m[2mSearch Content Pending
[22m[39m[ChatContext] Waiting for subscription to initialize
[90mstdout[2m | src/components/ChatSidebar/ToolCallPreview.stories.tsx[2m > [22m[2mSearch Content Pending
[22m[39m[SettingsContext] Setting up Settings subscription for user: mock-user-sub
[90mstdout[2m | src/components/ChatSidebar/ToolCallPreview.stories.tsx[2m > [22m[2mSearch Content Pending
[22m[39m[Mock Data] Settings created: mock-settings-1790417959051 - notified 0 subscribers
[90mstdout[2m | src/components/ChatSidebar/ToolCallPreview.stories.tsx[2m > [22m[2mSearch Content Pending
[22m[39m[Mock Data] Unit.onUpdate() subscription added. Total: 1
[90mstdout[2m | src/components/ChatSidebar/ToolCallPreview.stories.tsx[2m > [22m[2mSearch Content Pending
[22m[39m[SectionContext] Section observeQuery update: 0
[90mstdout[2m | src/components/ChatSidebar/ToolCallPreview.stories.tsx[2m > [22m[2mSearch Content Pending
[22m[39m[FilesContext] File observeQuery update: 6 files
[90mstdout[2m | src/components/ChatSidebar/ToolCallPreview.stories.tsx[2m > [22m[2mSearch Content Pending
[22m[39m[ChatContext] AssistantChat initialized with 1 chats
[90mstdout[2m | src/components/ChatSidebar/ToolCallPreview.stories.tsx[2m > [22m[2mSearch Content Pending
[22m[39m[ChatContext] Setting initial chat: mock-assistant-chat-1
[90mstdout[2m | src/components/ChatSidebar/ToolCallPreview.stories.tsx[2m > [22m[2mSearch Content Pending
[22m[39m[MOCK CourseVectorStore] Initialized with mock data
[90mstdout[2m | src/components/ChatSidebar/ToolCallPreview.stories.tsx[2m > [22m[2mSearch Content Pending
[22m[39m[FilesContext] Vector store population triggered {
  "currentVectorStoreSize": 3,
  "documentsCount": 0,
  "filesCount": 6,
  "isInitialLoad": true,
}
[90mstdout[2m | src/components/ChatSidebar/ToolCallPreview.stories.tsx[2m > [22m[2mSearch Content Pending
[22m[39m[FilesContext] Vector store population complete - 3 total embeddings
[90mstdout[2m | src/components/ChatSidebar/ToolCallPreview.stories.tsx[2m > [22m[2mSearch Content Pending
[22m[39m[ChatContext] Chat exists and not archived, skipping creation
[90mstdout[2m | src/components/ChatSidebar/ToolCallPreview.stories.tsx[2m > [22m[2mSearch Content Pending
[22m[39m[Mock Storage] downloadData called with: undefined
[90mstdout[2m | src/components/ChatSidebar/ToolCallPreview.stories.tsx[2m > [22m[2mCreate Section Pending
[22m[39m[ChatContext] Cleaning up subscriptions
[90mstdout[2m | src/components/ChatSidebar/ToolCallPreview.stories.tsx[2m > [22m[2mCreate Section Pending
[22m[39m[Mock Data] Unit.onUpdate() subscription removed. Remaining: 0
[90mstdout[2m | src/components/ChatSidebar/ToolCallPreview.stories.tsx[2m > [22m[2mCreate Section Pending
[22m[39m[MOCK CourseVectorStore] Initialized with mock data
[90mstdout[2m | src/components/ChatSidebar/ToolCallPreview.stories.tsx[2m > [22m[2mCreate Section Pending
[22m[39m[TranslationModeController] Setting mode to: off
[90mstdout[2m | src/components/ChatSidebar/ToolCallPreview.stories.tsx[2m > [22m[2mCreate Section Pending
[22m[39m[UnitContext] useEffect triggered {
  "authLoading": false,
  "hasUser": true,
  "id": "mock-unit-id",
  "userSub": "mock-user-sub",
}
[90mstdout[2m | src/components/ChatSidebar/ToolCallPreview.stories.tsx[2m > [22m[2mCreate Section Pending
[22m[39m[UnitContext] Fetching unit data for id: mock-unit-id
[90mstdout[2m | src/components/ChatSidebar/ToolCallPreview.stories.tsx[2m > [22m[2mCreate Section Pending
[22m[39m[FilesContext] Initializing vector store from IndexedDB
[90mstdout[2m | src/components/ChatSidebar/ToolCallPreview.stories.tsx[2m > [22m[2mCreate Section Pending
[22m[39m[FilesContext] fetchFiles called
[90mstdout[2m | src/components/ChatSidebar/ToolCallPreview.stories.tsx[2m > [22m[2mCreate Section Pending
[22m[39m[FilesContext] User authenticated: mock-user-sub
[90mstdout[2m | src/components/ChatSidebar/ToolCallPreview.stories.tsx[2m > [22m[2mCreate Section Pending
[22m[39m[FilesContext] Identity ID: us-east-1:mock-identity-123
[90mstdout[2m | src/components/ChatSidebar/ToolCallPreview.stories.tsx[2m > [22m[2mCreate Section Pending
[22m[39m[FilesContext] About to set up File observeQuery
[90mstdout[2m | src/components/ChatSidebar/ToolCallPreview.stories.tsx[2m > [22m[2mCreate Section Pending
[22m[39m[ChatContext] Setting up AssistantChat observeQuery
[90mstdout[2m | src/components/ChatSidebar/ToolCallPreview.stories.tsx[2m > [22m[2mCreate Section Pending
[22m[39m[ChatContext] Waiting for subscription to initialize
[90mstdout[2m | src/components/ChatSidebar/ToolCallPreview.stories.tsx[2m > [22m[2mCreate Section Pending
[22m[39m[SettingsContext] Setting up Settings subscription for user: mock-user-sub
[90mstdout[2m | src/components/ChatSidebar/ToolCallPreview.stories.tsx[2m > [22m[2mCreate Section Pending
[22m[39m[Mock Data] Settings created: mock-settings-1790417959382 - notified 0 subscribers
[90mstdout[2m | src/components/ChatSidebar/ToolCallPreview.stories.tsx[2m > [22m[2mCreate Section Pending
[22m[39m[Mock Data] Unit.onUpdate() subscription added. Total: 1
[90mstdout[2m | src/components/ChatSidebar/ToolCallPreview.stories.tsx[2m > [22m[2mCreate Section Pending
[22m[39m[SectionContext] Section observeQuery update: 0
[90mstdout[2m | src/components/ChatSidebar/ToolCallPreview.stories.tsx[2m > [22m[2mCreate Section Pending
[22m[39m[FilesContext] File observeQuery update: 6 files
[90mstdout[2m | src/components/ChatSidebar/ToolCallPreview.stories.tsx[2m > [22m[2mCreate Section Pending
[22m[39m[ChatContext] AssistantChat initialized with 1 chats
[90mstdout[2m | src/components/ChatSidebar/ToolCallPreview.stories.tsx[2m > [22m[2mCreate Section Pending
[22m[39m[ChatContext] Setting initial chat: mock-assistant-chat-1
[90mstdout[2m | src/components/ChatSidebar/ToolCallPreview.stories.tsx[2m > [22m[2mCreate Section Pending
[22m[39m[MOCK CourseVectorStore] Initialized with mock data
[90mstdout[2m | src/components/ChatSidebar/ToolCallPreview.stories.tsx[2m > [22m[2mCreate Section Pending
[22m[39m[FilesContext] Vector store population triggered {
  "currentVectorStoreSize": 3,
  "documentsCount": 0,
  "filesCount": 6,
  "isInitialLoad": true,
}
[90mstdout[2m | src/components/ChatSidebar/ToolCallPreview.stories.tsx[2m > [22m[2mCreate Section Pending
[22m[39m[FilesContext] Vector store population complete - 3 total embeddings
[90mstdout[2m | src/components/ChatSidebar/ToolCallPreview.stories.tsx[2m > [22m[2mCreate Section Pending
[22m[39m[ChatContext] Chat exists and not archived, skipping creation
[90mstdout[2m | src/components/ChatSidebar/ToolCallPreview.stories.tsx[2m > [22m[2mCreate Section Pending
[22m[39m[Mock Storage] downloadData called with: undefined
[90mstdout[2m | src/components/ChatSidebar/ToolCallPreview.stories.tsx[2m > [22m[2mGenerate Content Pending
[22m[39m[ChatContext] Cleaning up subscriptions
[90mstdout[2m | src/components/ChatSidebar/ToolCallPreview.stories.tsx[2m > [22m[2mGenerate Content Pending
[22m[39m[Mock Data] Unit.onUpdate() subscription removed. Remaining: 0
[90mstdout[2m | src/components/ChatSidebar/ToolCallPreview.stories.tsx[2m > [22m[2mGenerate Content Pending
[22m[39m[MOCK CourseVectorStore] Initialized with mock data
[90mstdout[2m | src/components/ChatSidebar/ToolCallPreview.stories.tsx[2m > [22m[2mGenerate Content Pending
[22m[39m[TranslationModeController] Setting mode to: off
[90mstdout[2m | src/components/ChatSidebar/ToolCallPreview.stories.tsx[2m > [22m[2mGenerate Content Pending
[22m[39m[UnitContext] useEffect triggered {
  "authLoading": false,
  "hasUser": true,
  "id": "mock-unit-id",
  "userSub": "mock-user-sub",
}
[90mstdout[2m | src/components/ChatSidebar/ToolCallPreview.stories.tsx[2m > [22m[2mGenerate Content Pending
[22m[39m[UnitContext] Fetching unit data for id: mock-unit-id
[90mstdout[2m | src/components/ChatSidebar/ToolCallPreview.stories.tsx[2m > [22m[2mGenerate Content Pending
[22m[39m[FilesContext] Initializing vector store from IndexedDB
[90mstdout[2m | src/components/ChatSidebar/ToolCallPreview.stories.tsx[2m > [22m[2mGenerate Content Pending
[22m[39m[FilesContext] fetchFiles called
[90mstdout[2m | src/components/ChatSidebar/ToolCallPreview.stories.tsx[2m > [22m[2mGenerate Content Pending
[22m[39m[FilesContext] User authenticated: mock-user-sub
[90mstdout[2m | src/components/ChatSidebar/ToolCallPreview.stories.tsx[2m > [22m[2mGenerate Content Pending
[22m[39m[FilesContext] Identity ID: us-east-1:mock-identity-123
[90mstdout[2m | src/components/ChatSidebar/ToolCallPreview.stories.tsx[2m > [22m[2mGenerate Content Pending
[22m[39m[FilesContext] About to set up File observeQuery
[90mstdout[2m | src/components/ChatSidebar/ToolCallPreview.stories.tsx[2m > [22m[2mGenerate Content Pending
[22m[39m[ChatContext] Setting up AssistantChat observeQuery
[90mstdout[2m | src/components/ChatSidebar/ToolCallPreview.stories.tsx[2m > [22m[2mGenerate Content Pending
[22m[39m[ChatContext] Waiting for subscription to initialize
[90mstdout[2m | src/components/ChatSidebar/ToolCallPreview.stories.tsx[2m > [22m[2mGenerate Content Pending
[22m[39m[SettingsContext] Setting up Settings subscription for user: mock-user-sub
[90mstdout[2m | src/components/ChatSidebar/ToolCallPreview.stories.tsx[2m > [22m[2mGenerate Content Pending
[22m[39m[Mock Data] Settings created: mock-settings-1790417959834 - notified 0 subscribers
[90mstdout[2m | src/components/ChatSidebar/ToolCallPreview.stories.tsx[2m > [22m[2mGenerate Content Pending
[22m[39m[Mock Data] Unit.onUpdate() subscription added. Total: 1
[90mstdout[2m | src/components/ChatSidebar/ToolCallPreview.stories.tsx[2m > [22m[2mGenerate Content Pending
[22m[39m[SectionContext] Section observeQuery update: 0
[90mstdout[2m | src/components/ChatSidebar/ToolCallPreview.stories.tsx[2m > [22m[2mGenerate Content Pending
[22m[39m[FilesContext] File observeQuery update: 6 files
[90mstdout[2m | src/components/ChatSidebar/ToolCallPreview.stories.tsx[2m > [22m[2mGenerate Content Pending
[22m[39m[ChatContext] AssistantChat initialized with 1 chats
[90mstdout[2m | src/components/ChatSidebar/ToolCallPreview.stories.tsx[2m > [22m[2mGenerate Content Pending
[22m[39m[ChatContext] Setting initial chat: mock-assistant-chat-1
[90mstdout[2m | src/components/ChatSidebar/ToolCallPreview.stories.tsx[2m > [22m[2mGenerate Content Pending
[22m[39m[MOCK CourseVectorStore] Initialized with mock data
[90mstdout[2m | src/components/ChatSidebar/ToolCallPreview.stories.tsx[2m > [22m[2mGenerate Content Pending
[22m[39m[FilesContext] Vector store population triggered {
  "currentVectorStoreSize": 3,
  "documentsCount": 0,
  "filesCount": 6,
  "isInitialLoad": true,
}
[90mstdout[2m | src/components/ChatSidebar/ToolCallPreview.stories.tsx[2m > [22m[2mGenerate Content Pending
[22m[39m[FilesContext] Vector store population complete - 3 total embeddings
[90mstdout[2m | src/components/ChatSidebar/ToolCallPreview.stories.tsx[2m > [22m[2mGenerate Content Pending
[22m[39m[ChatContext] Chat exists and not archived, skipping creation
[90mstdout[2m | src/components/ChatSidebar/ToolCallPreview.stories.tsx[2m > [22m[2mGenerate Content Pending
[22m[39m[Mock Storage] downloadData called with: undefined
[90mstdout[2m | src/components/ChatSidebar/ToolCallPreview.stories.tsx[2m > [22m[2mTool Executing
[22m[39m[ChatContext] Cleaning up subscriptions
[90mstdout[2m | src/components/ChatSidebar/ToolCallPreview.stories.tsx[2m > [22m[2mTool Executing
[22m[39m[Mock Data] Unit.onUpdate() subscription removed. Remaining: 0
[90mstdout[2m | src/components/ChatSidebar/ToolCallPreview.stories.tsx[2m > [22m[2mTool Executing
[22m[39m[MOCK CourseVectorStore] Initialized with mock data
[90mstdout[2m | src/components/ChatSidebar/ToolCallPreview.stories.tsx[2m > [22m[2mTool Executing
[22m[39m[TranslationModeController] Setting mode to: off
[90mstdout[2m | src/components/ChatSidebar/ToolCallPreview.stories.tsx[2m > [22m[2mTool Executing
[22m[39m[UnitContext] useEffect triggered {
  "authLoading": false,
  "hasUser": true,
  "id": "mock-unit-id",
  "userSub": "mock-user-sub",
}
[90mstdout[2m | src/components/ChatSidebar/ToolCallPreview.stories.tsx[2m > [22m[2mTool Executing
[22m[39m[UnitContext] Fetching unit data for id: mock-unit-id
[90mstdout[2m | src/components/ChatSidebar/ToolCallPreview.stories.tsx[2m > [22m[2mTool Executing
[22m[39m[FilesContext] Initializing vector store from IndexedDB
[90mstdout[2m | src/components/ChatSidebar/ToolCallPreview.stories.tsx[2m > [22m[2mTool Executing
[22m[39m[FilesContext] fetchFiles called
[90mstdout[2m | src/components/ChatSidebar/ToolCallPreview.stories.tsx[2m > [22m[2mTool Executing
[22m[39m[FilesContext] User authenticated: mock-user-sub
[90mstdout[2m | src/components/ChatSidebar/ToolCallPreview.stories.tsx[2m > [22m[2mTool Executing
[22m[39m[FilesContext] Identity ID: us-east-1:mock-identity-123
[90mstdout[2m | src/components/ChatSidebar/ToolCallPreview.stories.tsx[2m > [22m[2mTool Executing
[22m[39m[FilesContext] About to set up File observeQuery
[90mstdout[2m | src/components/ChatSidebar/ToolCallPreview.stories.tsx[2m > [22m[2mTool Executing
[22m[39m[ChatContext] Setting up AssistantChat observeQuery
[90mstdout[2m | src/components/ChatSidebar/ToolCallPreview.stories.tsx[2m > [22m[2mTool Executing
[22m[39m[ChatContext] Waiting for subscription to initialize
[90mstdout[2m | src/components/ChatSidebar/ToolCallPreview.stories.tsx[2m > [22m[2mTool Executing
[22m[39m[SettingsContext] Setting up Settings subscription for user: mock-user-sub
[90mstdout[2m | src/components/ChatSidebar/ToolCallPreview.stories.tsx[2m > [22m[2mTool Executing
[22m[39m[Mock Data] Settings created: mock-settings-1790417960352 - notified 0 subscribers
[90mstdout[2m | src/components/ChatSidebar/ToolCallPreview.stories.tsx[2m > [22m[2mTool Executing
[22m[39m[Mock Data] Unit.onUpdate() subscription added. Total: 1
[90mstdout[2m | src/components/ChatSidebar/ToolCallPreview.stories.tsx[2m > [22m[2mTool Executing
[22m[39m[SectionContext] Section observeQuery update: 0
[90mstdout[2m | src/components/ChatSidebar/ToolCallPreview.stories.tsx[2m > [22m[2mTool Executing
[22m[39m[FilesContext] File observeQuery update: 6 files
[90mstdout[2m | src/components/ChatSidebar/ToolCallPreview.stories.tsx[2m > [22m[2mTool Executing
[22m[39m[ChatContext] AssistantChat initialized with 1 chats
[90mstdout[2m | src/components/ChatSidebar/ToolCallPreview.stories.tsx[2m > [22m[2mTool Executing
[22m[39m[ChatContext] Setting initial chat: mock-assistant-chat-1
[90mstdout[2m | src/components/ChatSidebar/ToolCallPreview.stories.tsx[2m > [22m[2mTool Executing
[22m[39m[MOCK CourseVectorStore] Initialized with mock data
[90mstdout[2m | src/components/ChatSidebar/ToolCallPreview.stories.tsx[2m > [22m[2mTool Executing
[22m[39m[FilesContext] Vector store population triggered {
  "currentVectorStoreSize": 3,
  "documentsCount": 0,
  "filesCount": 6,
  "isInitialLoad": true,
}
[90mstdout[2m | src/components/ChatSidebar/ToolCallPreview.stories.tsx[2m > [22m[2mTool Executing
[22m[39m[FilesContext] Vector store population complete - 3 total embeddings
[90mstdout[2m | src/components/ChatSidebar/ToolCallPreview.stories.tsx[2m > [22m[2mTool Executing
[22m[39m[ChatContext] Chat exists and not archived, skipping creation
[90mstdout[2m | src/components/ChatSidebar/ToolCallPreview.stories.tsx[2m > [22m[2mTool Executing
[22m[39m[Mock Storage] downloadData called with: undefined
[90mstdout[2m | src/components/ChatSidebar/ToolCallPreview.stories.tsx[2m > [22m[2mTool Executed
[22m[39m[ChatContext] Cleaning up subscriptions
[90mstdout[2m | src/components/ChatSidebar/ToolCallPreview.stories.tsx[2m > [22m[2mTool Executed
[22m[39m[Mock Data] Unit.onUpdate() subscription removed. Remaining: 0
[90mstdout[2m | src/components/ChatSidebar/ToolCallPreview.stories.tsx[2m > [22m[2mTool Executed
[22m[39m[MOCK CourseVectorStore] Initialized with mock data
[90mstdout[2m | src/components/ChatSidebar/ToolCallPreview.stories.tsx[2m > [22m[2mTool Executed
[22m[39m[TranslationModeController] Setting mode to: off
[90mstdout[2m | src/components/ChatSidebar/ToolCallPreview.stories.tsx[2m > [22m[2mTool Executed
[22m[39m[UnitContext] useEffect triggered {
  "authLoading": false,
  "hasUser": true,
  "id": "mock-unit-id",
  "userSub": "mock-user-sub",
}
[90mstdout[2m | src/components/ChatSidebar/ToolCallPreview.stories.tsx[2m > [22m[2mTool Executed
[22m[39m[UnitContext] Fetching unit data for id: mock-unit-id
[90mstdout[2m | src/components/ChatSidebar/ToolCallPreview.stories.tsx[2m > [22m[2mTool Executed
[22m[39m[FilesContext] Initializing vector store from IndexedDB
[90mstdout[2m | src/components/ChatSidebar/ToolCallPreview.stories.tsx[2m > [22m[2mTool Executed
[22m[39m[FilesContext] fetchFiles called
[90mstdout[2m | src/components/ChatSidebar/ToolCallPreview.stories.tsx[2m > [22m[2mTool Executed
[22m[39m[FilesContext] User authenticated: mock-user-sub
[90mstdout[2m | src/components/ChatSidebar/ToolCallPreview.stories.tsx[2m > [22m[2mTool Executed
[22m[39m[FilesContext] Identity ID: us-east-1:mock-identity-123
[90mstdout[2m | src/components/ChatSidebar/ToolCallPreview.stories.tsx[2m > [22m[2mTool Executed
[22m[39m[FilesContext] About to set up File observeQuery
[90mstdout[2m | src/components/ChatSidebar/ToolCallPreview.stories.tsx[2m > [22m[2mTool Executed
[22m[39m[ChatContext] Setting up AssistantChat observeQuery
[90mstdout[2m | src/components/ChatSidebar/ToolCallPreview.stories.tsx[2m > [22m[2mTool Executed
[22m[39m[ChatContext] Waiting for subscription to initialize
[90mstdout[2m | src/components/ChatSidebar/ToolCallPreview.stories.tsx[2m > [22m[2mTool Executed
[22m[39m[SettingsContext] Setting up Settings subscription for user: mock-user-sub
[90mstdout[2m | src/components/ChatSidebar/ToolCallPreview.stories.tsx[2m > [22m[2mTool Executed
[22m[39m[Mock Data] Settings created: mock-settings-1790417961463 - notified 0 subscribers
[90mstdout[2m | src/components/ChatSidebar/ToolCallPreview.stories.tsx[2m > [22m[2mTool Executed
[22m[39m[Mock Data] Unit.onUpdate() subscription added. Total: 1
[90mstdout[2m | src/components/ChatSidebar/ToolCallPreview.stories.tsx[2m > [22m[2mTool Executed
[22m[39m[SectionContext] Section observeQuery update: 0
[90mstdout[2m | src/components/ChatSidebar/ToolCallPreview.stories.tsx[2m > [22m[2mTool Executed
[22m[39m[FilesContext] File observeQuery update: 6 files
[90mstdout[2m | src/components/ChatSidebar/ToolCallPreview.stories.tsx[2m > [22m[2mTool Executed
[22m[39m[ChatContext] AssistantChat initialized with 1 chats
[90mstdout[2m | src/components/ChatSidebar/ToolCallPreview.stories.tsx[2m > [22m[2mTool Executed
[22m[39m[ChatContext] Setting initial chat: mock-assistant-chat-1
[90mstdout[2m | src/components/ChatSidebar/ToolCallPreview.stories.tsx[2m > [22m[2mTool Executed
[22m[39m[MOCK CourseVectorStore] Initialized with mock data
[90mstdout[2m | src/components/ChatSidebar/ToolCallPreview.stories.tsx[2m > [22m[2mTool Executed
[22m[39m[FilesContext] Vector store population triggered {
  "currentVectorStoreSize": 3,
  "documentsCount": 0,
  "filesCount": 6,
  "isInitialLoad": true,
}
[90mstdout[2m | src/components/ChatSidebar/ToolCallPreview.stories.tsx[2m > [22m[2mTool Executed
[22m[39m[FilesContext] Vector store population complete - 3 total embeddings
[90mstdout[2m | src/components/ChatSidebar/ToolCallPreview.stories.tsx[2m > [22m[2mTool Executed
[22m[39m[ChatContext] Chat exists and not archived, skipping creation
[90mstdout[2m | src/components/ChatSidebar/ToolCallPreview.stories.tsx[2m > [22m[2mTool Executed
[22m[39m[Mock Storage] downloadData called with: undefined
[90mstdout[2m | src/components/ChatSidebar/ToolCallPreview.stories.tsx[2m > [22m[2mTool Error
[22m[39m[ChatContext] Cleaning up subscriptions
[90mstdout[2m | src/components/ChatSidebar/ToolCallPreview.stories.tsx[2m > [22m[2mTool Error
[22m[39m[Mock Data] Unit.onUpdate() subscription removed. Remaining: 0
[90mstdout[2m | src/components/ChatSidebar/ToolCallPreview.stories.tsx[2m > [22m[2mTool Error
[22m[39m[MOCK CourseVectorStore] Initialized with mock data
[90mstdout[2m | src/components/ChatSidebar/ToolCallPreview.stories.tsx[2m > [22m[2mTool Error
[22m[39m[TranslationModeController] Setting mode to: off
[90mstdout[2m | src/components/ChatSidebar/ToolCallPreview.stories.tsx[2m > [22m[2mTool Error
[22m[39m[UnitContext] useEffect triggered {
  "authLoading": false,
  "hasUser": true,
  "id": "mock-unit-id",
  "userSub": "mock-user-sub",
}
[90mstdout[2m | src/components/ChatSidebar/ToolCallPreview.stories.tsx[2m > [22m[2mTool Error
[22m[39m[UnitContext] Fetching unit data for id: mock-unit-id
[90mstdout[2m | src/components/ChatSidebar/ToolCallPreview.stories.tsx[2m > [22m[2mTool Error
[22m[39m[FilesContext] Initializing vector store from IndexedDB
[90mstdout[2m | src/components/ChatSidebar/ToolCallPreview.stories.tsx[2m > [22m[2mTool Error
[22m[39m[FilesContext] fetchFiles called
[90mstdout[2m | src/components/ChatSidebar/ToolCallPreview.stories.tsx[2m > [22m[2mTool Error
[22m[39m[FilesContext] User authenticated: mock-user-sub
[90mstdout[2m | src/components/ChatSidebar/ToolCallPreview.stories.tsx[2m > [22m[2mTool Error
[22m[39m[FilesContext] Identity ID: us-east-1:mock-identity-123
[90mstdout[2m | src/components/ChatSidebar/ToolCallPreview.stories.tsx[2m > [22m[2mTool Error
[22m[39m[FilesContext] About to set up File observeQuery
[90mstdout[2m | src/components/ChatSidebar/ToolCallPreview.stories.tsx[2m > [22m[2mTool Error
[22m[39m[ChatContext] Setting up AssistantChat observeQuery
[90mstdout[2m | src/components/ChatSidebar/ToolCallPreview.stories.tsx[2m > [22m[2mTool Error
[22m[39m[ChatContext] Waiting for subscription to initialize
[90mstdout[2m | src/components/ChatSidebar/ToolCallPreview.stories.tsx[2m > [22m[2mTool Error
[22m[39m[SettingsContext] Setting up Settings subscription for user: mock-user-sub
[90mstdout[2m | src/components/ChatSidebar/ToolCallPreview.stories.tsx[2m > [22m[2mTool Error
[22m[39m[Mock Data] Settings created: mock-settings-1790417962052 - notified 0 subscribers
[90mstdout[2m | src/components/ChatSidebar/ToolCallPreview.stories.tsx[2m > [22m[2mTool Error
[22m[39m[Mock Data] Unit.onUpdate() subscription added. Total: 1
[90mstdout[2m | src/components/ChatSidebar/ToolCallPreview.stories.tsx[2m > [22m[2mTool Error
[22m[39m[SectionContext] Section observeQuery update: 0
[90mstdout[2m | src/components/ChatSidebar/ToolCallPreview.stories.tsx[2m > [22m[2mTool Error
[22m[39m[FilesContext] File observeQuery update: 6 files
[90mstdout[2m | src/components/ChatSidebar/ToolCallPreview.stories.tsx[2m > [22m[2mTool Error
[22m[39m[ChatContext] AssistantChat initialized with 1 chats
[90mstdout[2m | src/components/ChatSidebar/ToolCallPreview.stories.tsx[2m > [22m[2mTool Error
[22m[39m[ChatContext] Setting initial chat: mock-assistant-chat-1
[90mstdout[2m | src/components/ChatSidebar/ToolCallPreview.stories.tsx[2m > [22m[2mTool Error
[22m[39m[MOCK CourseVectorStore] Initialized with mock data
[90mstdout[2m | src/components/ChatSidebar/ToolCallPreview.stories.tsx[2m > [22m[2mTool Error
[22m[39m[FilesContext] Vector store population triggered {
  "currentVectorStoreSize": 3,
  "documentsCount": 0,
  "filesCount": 6,
  "isInitialLoad": true,
}
[90mstdout[2m | src/components/ChatSidebar/ToolCallPreview.stories.tsx[2m > [22m[2mTool Error
[22m[39m[FilesContext] Vector store population complete - 3 total embeddings
[90mstdout[2m | src/components/ChatSidebar/ToolCallPreview.stories.tsx[2m > [22m[2mTool Error
[22m[39m[ChatContext] Chat exists and not archived, skipping creation
[90mstdout[2m | src/components/ChatSidebar/ToolCallPreview.stories.tsx[2m > [22m[2mTool Error
[22m[39m[Mock Storage] downloadData called with: undefined
[90mstdout[2m | src/components/ChatSidebar/ToolCallPreview.stories.tsx[2m > [22m[2mCompact View
[22m[39m[ChatContext] Cleaning up subscriptions
[90mstdout[2m | src/components/ChatSidebar/ToolCallPreview.stories.tsx[2m > [22m[2mCompact View
[22m[39m[Mock Data] Unit.onUpdate() subscription removed. Remaining: 0
[90mstdout[2m | src/components/ChatSidebar/ToolCallPreview.stories.tsx[2m > [22m[2mCompact View
[22m[39m[MOCK CourseVectorStore] Initialized with mock data
[90mstdout[2m | src/components/ChatSidebar/ToolCallPreview.stories.tsx[2m > [22m[2mCompact View
[22m[39m[TranslationModeController] Setting mode to: off
[90mstdout[2m | src/components/ChatSidebar/ToolCallPreview.stories.tsx[2m > [22m[2mCompact View
[22m[39m[UnitContext] useEffect triggered {
  "authLoading": false,
  "hasUser": true,
  "id": "mock-unit-id",
  "userSub": "mock-user-sub",
}
[90mstdout[2m | src/components/ChatSidebar/ToolCallPreview.stories.tsx[2m > [22m[2mCompact View
[22m[39m[UnitContext] Fetching unit data for id: mock-unit-id
[90mstdout[2m | src/components/ChatSidebar/ToolCallPreview.stories.tsx[2m > [22m[2mCompact View
[22m[39m[FilesContext] Initializing vector store from IndexedDB
[90mstdout[2m | src/components/ChatSidebar/ToolCallPreview.stories.tsx[2m > [22m[2mCompact View
[22m[39m[FilesContext] fetchFiles called
[90mstdout[2m | src/components/ChatSidebar/ToolCallPreview.stories.tsx[2m > [22m[2mCompact View
[22m[39m[FilesContext] User authenticated: mock-user-sub
[90mstdout[2m | src/components/ChatSidebar/ToolCallPreview.stories.tsx[2m > [22m[2mCompact View
[22m[39m[FilesContext] Identity ID: us-east-1:mock-identity-123
[90mstdout[2m | src/components/ChatSidebar/ToolCallPreview.stories.tsx[2m > [22m[2mCompact View
[22m[39m[FilesContext] About to set up File observeQuery
[90mstdout[2m | src/components/ChatSidebar/ToolCallPreview.stories.tsx[2m > [22m[2mCompact View
[22m[39m[ChatContext] Setting up AssistantChat observeQuery
[90mstdout[2m | src/components/ChatSidebar/ToolCallPreview.stories.tsx[2m > [22m[2mCompact View
[22m[39m[ChatContext] Waiting for subscription to initialize
[90mstdout[2m | src/components/ChatSidebar/ToolCallPreview.stories.tsx[2m > [22m[2mCompact View
[22m[39m[SettingsContext] Setting up Settings subscription for user: mock-user-sub
[90mstdout[2m | src/components/ChatSidebar/ToolCallPreview.stories.tsx[2m > [22m[2mCompact View
[22m[39m[Mock Data] Settings created: mock-settings-1790417962768 - notified 0 subscribers
[90mstdout[2m | src/components/ChatSidebar/ToolCallPreview.stories.tsx[2m > [22m[2mCompact View
[22m[39m[Mock Data] Unit.onUpdate() subscription added. Total: 1
[90mstdout[2m | src/components/ChatSidebar/ToolCallPreview.stories.tsx[2m > [22m[2mCompact View
[22m[39m[SectionContext] Section observeQuery update: 0
[90mstdout[2m | src/components/ChatSidebar/ToolCallPreview.stories.tsx[2m > [22m[2mCompact View
[22m[39m[FilesContext] File observeQuery update: 6 files
[90mstdout[2m | src/components/ChatSidebar/ToolCallPreview.stories.tsx[2m > [22m[2mCompact View
[22m[39m[ChatContext] AssistantChat initialized with 1 chats
[90mstdout[2m | src/components/ChatSidebar/ToolCallPreview.stories.tsx[2m > [22m[2mCompact View
[22m[39m[ChatContext] Setting initial chat: mock-assistant-chat-1
[90mstdout[2m | src/components/ChatSidebar/ToolCallPreview.stories.tsx[2m > [22m[2mCompact View
[22m[39m[MOCK CourseVectorStore] Initialized with mock data
[90mstdout[2m | src/components/ChatSidebar/ToolCallPreview.stories.tsx[2m > [22m[2mCompact View
[22m[39m[FilesContext] Vector store population triggered {
  "currentVectorStoreSize": 3,
  "documentsCount": 0,
  "filesCount": 6,
  "isInitialLoad": true,
}
[90mstdout[2m | src/components/ChatSidebar/ToolCallPreview.stories.tsx[2m > [22m[2mCompact View
[22m[39m[FilesContext] Vector store population complete - 3 total embeddings
[90mstdout[2m | src/components/ChatSidebar/ToolCallPreview.stories.tsx[2m > [22m[2mCompact View
[22m[39m[ChatContext] Chat exists and not archived, skipping creation
[90mstdout[2m | src/components/ChatSidebar/ToolCallPreview.stories.tsx[2m > [22m[2mCompact View
[22m[39m[Mock Storage] downloadData called with: undefined
[90mstdout[2m | src/components/ChatSidebar/ToolCallPreview.stories.tsx[2m > [22m[2mAll Tool Types
[22m[39m[ChatContext] Cleaning up subscriptions
[90mstdout[2m | src/components/ChatSidebar/ToolCallPreview.stories.tsx[2m > [22m[2mAll Tool Types
[22m[39m[Mock Data] Unit.onUpdate() subscription removed. Remaining: 0
[90mstdout[2m | src/components/ChatSidebar/ToolCallPreview.stories.tsx[2m > [22m[2mAll Tool Types
[22m[39m[MOCK CourseVectorStore] Initialized with mock data
[90mstdout[2m | src/components/ChatSidebar/ToolCallPreview.stories.tsx[2m > [22m[2mAll Tool Types
[22m[39m[TranslationModeController] Setting mode to: off
[90mstdout[2m | src/components/ChatSidebar/ToolCallPreview.stories.tsx[2m > [22m[2mAll Tool Types
[22m[39m[UnitContext] useEffect triggered {
  "authLoading": false,
  "hasUser": true,
  "id": "mock-unit-id",
  "userSub": "mock-user-sub",
}
[90mstdout[2m | src/components/ChatSidebar/ToolCallPreview.stories.tsx[2m > [22m[2mAll Tool Types
[22m[39m[UnitContext] Fetching unit data for id: mock-unit-id
[90mstdout[2m | src/components/ChatSidebar/ToolCallPreview.stories.tsx[2m > [22m[2mAll Tool Types
[22m[39m[FilesContext] Initializing vector store from IndexedDB
[90mstdout[2m | src/components/ChatSidebar/ToolCallPreview.stories.tsx[2m > [22m[2mAll Tool Types
[22m[39m[FilesContext] fetchFiles called
[90mstdout[2m | src/components/ChatSidebar/ToolCallPreview.stories.tsx[2m > [22m[2mAll Tool Types
[22m[39m[FilesContext] User authenticated: mock-user-sub
[90mstdout[2m | src/components/ChatSidebar/ToolCallPreview.stories.tsx[2m > [22m[2mAll Tool Types
[22m[39m[FilesContext] Identity ID: us-east-1:mock-identity-123
[90mstdout[2m | src/components/ChatSidebar/ToolCallPreview.stories.tsx[2m > [22m[2mAll Tool Types
[22m[39m[FilesContext] About to set up File observeQuery
[90mstdout[2m | src/components/ChatSidebar/ToolCallPreview.stories.tsx[2m > [22m[2mAll Tool Types
[22m[39m[ChatContext] Setting up AssistantChat observeQuery
[90mstdout[2m | src/components/ChatSidebar/ToolCallPreview.stories.tsx[2m > [22m[2mAll Tool Types
[22m[39m[ChatContext] Waiting for subscription to initialize
[90mstdout[2m | src/components/ChatSidebar/ToolCallPreview.stories.tsx[2m > [22m[2mAll Tool Types
[22m[39m[SettingsContext] Setting up Settings subscription for user: mock-user-sub
[90mstdout[2m | src/components/ChatSidebar/ToolCallPreview.stories.tsx[2m > [22m[2mAll Tool Types
[22m[39m[Mock Data] Settings created: mock-settings-1790417963931 - notified 0 subscribers
[90mstdout[2m | src/components/ChatSidebar/ToolCallPreview.stories.tsx[2m > [22m[2mAll Tool Types
[22m[39m[Mock Data] Unit.onUpdate() subscription added. Total: 1
[90mstdout[2m | src/components/ChatSidebar/ToolCallPreview.stories.tsx[2m > [22m[2mAll Tool Types
[22m[39m[SectionContext] Section observeQuery update: 0
[90mstdout[2m | src/components/ChatSidebar/ToolCallPreview.stories.tsx[2m > [22m[2mAll Tool Types
[22m[39m[FilesContext] File observeQuery update: 6 files
[90mstdout[2m | src/components/ChatSidebar/ToolCallPreview.stories.tsx[2m > [22m[2mAll Tool Types
[22m[39m[ChatContext] AssistantChat initialized with 1 chats
[90mstdout[2m | src/components/ChatSidebar/ToolCallPreview.stories.tsx[2m > [22m[2mAll Tool Types
[22m[39m[ChatContext] Setting initial chat: mock-assistant-chat-1
[90mstdout[2m | src/components/ChatSidebar/ToolCallPreview.stories.tsx[2m > [22m[2mAll Tool Types
[22m[39m[MOCK CourseVectorStore] Initialized with mock data
[90mstdout[2m | src/components/ChatSidebar/ToolCallPreview.stories.tsx[2m > [22m[2mAll Tool Types
[22m[39m[FilesContext] Vector store population triggered {
  "currentVectorStoreSize": 3,
  "documentsCount": 0,
  "filesCount": 6,
  "isInitialLoad": true,
}
[90mstdout[2m | src/components/ChatSidebar/ToolCallPreview.stories.tsx[2m > [22m[2mAll Tool Types
[22m[39m[FilesContext] Vector store population complete - 3 total embeddings
[90mstdout[2m | src/components/ChatSidebar/ToolCallPreview.stories.tsx[2m > [22m[2mAll Tool Types
[22m[39m[ChatContext] Chat exists and not archived, skipping creation
[90mstdout[2m | src/components/ChatSidebar/ToolCallPreview.stories.tsx[2m > [22m[2mAll Tool Types
[22m[39m[Mock Storage] downloadData called with: undefined
 [32m✓[39m [30m[45m storybook (chromium) [49m[39m src/components/ChatSidebar/ToolCallPreview.stories.tsx [2m([22m[2m8 tests[22m[2m)[22m[33m 5570[2mms[22m[39m
   [33m[2m✓[22m[39m Search Content Pending [33m 334[2mms[22m[39m
   [33m[2m✓[22m[39m Create Section Pending [33m 344[2mms[22m[39m
   [33m[2m✓[22m[39m Generate Content Pending [33m 506[2mms[22m[39m
   [33m[2m✓[22m[39m Tool Executing [33m 1012[2mms[22m[39m
   [33m[2m✓[22m[39m Tool Executed [33m 780[2mms[22m[39m
   [33m[2m✓[22m[39m Tool Error [33m 485[2mms[22m[39m
   [33m[2m✓[22m[39m Compact View [33m 1003[2mms[22m[39m
   [33m[2m✓[22m[39m All Tool Types [33m 1104[2mms[22m[39m
[90mstdout[2m | unknown test
[22m[39m[MOCK vectorStoreDB.js] Module loaded - mock IndexedDB operations
[90mstdout[2m | unknown test
[22m[39m[Task Completion] DOM action listeners initialized
[90mstdout[2m | unknown test
[22m[39m[Task Completion] Auto-completion detector initialized
[90mstdout[2m | unknown test
[22m[39m[Preview] Task completion detector initialized
[90mstdout[2m | src/components/Editor3/plugins/AnswerPlugin.audio-drawing.stories.jsx[2m > [22m[2mAudio Pronunciation
[22m[39m[Preview] Skipped initializing default mock data (initializeMockData=false)
[90mstdout[2m | src/components/Editor3/plugins/AnswerPlugin.audio-drawing.stories.jsx[2m > [22m[2mAudio Pronunciation
[22m[39m[Mock Data] seedMockWords: Adding 5 words
[90mstdout[2m | src/components/Editor3/plugins/AnswerPlugin.audio-drawing.stories.jsx[2m > [22m[2mAudio Pronunciation
[22m[39m[Mock Data] seedMockUnit: Adding unit mock-unit-id
[90mstdout[2m | src/components/Editor3/plugins/AnswerPlugin.audio-drawing.stories.jsx[2m > [22m[2mAudio Pronunciation
[22m[39m[MOCK CourseVectorStore] Initialized with mock data
[90mstdout[2m | src/components/Editor3/plugins/AnswerPlugin.audio-drawing.stories.jsx[2m > [22m[2mAudio Pronunciation
[22m[39m[TranslationModeController] Setting mode to: off
[90mstdout[2m | src/components/Editor3/plugins/AnswerPlugin.audio-drawing.stories.jsx[2m > [22m[2mAudio Pronunciation
[22m[39m[UnitContext] useEffect triggered {
  "authLoading": false,
  "hasUser": true,
  "id": "mock-unit-id",
  "userSub": "mock-user-sub",
}
[90mstdout[2m | src/components/Editor3/plugins/AnswerPlugin.audio-drawing.stories.jsx[2m > [22m[2mAudio Pronunciation
[22m[39m[UnitContext] Fetching unit data for id: mock-unit-id
[90mstdout[2m | src/components/Editor3/plugins/AnswerPlugin.audio-drawing.stories.jsx[2m > [22m[2mAudio Pronunciation
[22m[39m[FilesContext] Initializing vector store from IndexedDB
[90mstdout[2m | src/components/Editor3/plugins/AnswerPlugin.audio-drawing.stories.jsx[2m > [22m[2mAudio Pronunciation
[22m[39m[FilesContext] fetchFiles called
[90mstdout[2m | src/components/Editor3/plugins/AnswerPlugin.audio-drawing.stories.jsx[2m > [22m[2mAudio Pronunciation
[22m[39m[FilesContext] User authenticated: mock-user-sub
[90mstdout[2m | src/components/Editor3/plugins/AnswerPlugin.audio-drawing.stories.jsx[2m > [22m[2mAudio Pronunciation
[22m[39m[FilesContext] Identity ID: us-east-1:mock-identity-123
[90mstdout[2m | src/components/Editor3/plugins/AnswerPlugin.audio-drawing.stories.jsx[2m > [22m[2mAudio Pronunciation
[22m[39m[FilesContext] About to set up File observeQuery
[90mstdout[2m | src/components/Editor3/plugins/AnswerPlugin.audio-drawing.stories.jsx[2m > [22m[2mAudio Pronunciation
[22m[39m[ChatContext] Setting up AssistantChat observeQuery
[90mstdout[2m | src/components/Editor3/plugins/AnswerPlugin.audio-drawing.stories.jsx[2m > [22m[2mAudio Pronunciation
[22m[39m[ChatContext] Waiting for subscription to initialize
[90mstdout[2m | src/components/Editor3/plugins/AnswerPlugin.audio-drawing.stories.jsx[2m > [22m[2mAudio Pronunciation
[22m[39m[SettingsContext] Setting up Settings subscription for user: mock-user-sub
[90mstdout[2m | src/components/Editor3/plugins/AnswerPlugin.audio-drawing.stories.jsx[2m > [22m[2mAudio Pronunciation
[22m[39m[Mock Data] Settings created: mock-settings-1790417978025 - notified 0 subscribers
[90mstdout[2m | src/components/Editor3/plugins/AnswerPlugin.audio-drawing.stories.jsx[2m > [22m[2mAudio Pronunciation
[22m[39m[Mock Data] Unit.onUpdate() subscription added. Total: 1
[90mstdout[2m | src/components/Editor3/plugins/AnswerPlugin.audio-drawing.stories.jsx[2m > [22m[2mAudio Pronunciation
[22m[39m[SectionContext] Section observeQuery update: 0
[90mstdout[2m | src/components/Editor3/plugins/AnswerPlugin.audio-drawing.stories.jsx[2m > [22m[2mAudio Pronunciation
[22m[39m[FilesContext] File observeQuery update: 0 files
[90mstdout[2m | src/components/Editor3/plugins/AnswerPlugin.audio-drawing.stories.jsx[2m > [22m[2mAudio Pronunciation
[22m[39m[ChatContext] AssistantChat initialized with 0 chats
[90mstdout[2m | src/components/Editor3/plugins/AnswerPlugin.audio-drawing.stories.jsx[2m > [22m[2mAudio Pronunciation
[22m[39m[MOCK CourseVectorStore] Initialized with mock data
[90mstdout[2m | src/components/Editor3/plugins/AnswerPlugin.audio-drawing.stories.jsx[2m > [22m[2mAudio Pronunciation
[22m[39m[ChatContext] No current chat available, will create one
[90mstdout[2m | src/components/Editor3/plugins/AnswerPlugin.audio-drawing.stories.jsx[2m > [22m[2mAudio Pronunciation
[22m[39m[ChatContext] Creating AssistantChat with user: undefined
[90mstdout[2m | src/components/Editor3/plugins/AnswerPlugin.audio-drawing.stories.jsx[2m > [22m[2mAudio Pronunciation
[22m[39m[Mock Data] AssistantChat created: mock-assistantchat-1790417978870 - notified 1 subscribers
[90mstdout[2m | src/components/Editor3/plugins/AnswerPlugin.audio-drawing.stories.jsx[2m > [22m[2mAudio Pronunciation
[22m[39m[ChatContext] Create result: {
  "data": {
    "_version": 1,
    "archived": false,
    "chatFiles": [Function anonymous],
    "createdAt": "2026-09-26T10:19:38.870Z",
    "id": "mock-assistantchat-1790417978870",
    "model": "gpt-4",
    "updatedAt": "2026-09-26T10:19:38.870Z",
  },
  "errors": [],
  "hasData": true,
  "hasErrors": true,
}
[90mstdout[2m | src/components/Editor3/plugins/AnswerPlugin.audio-drawing.stories.jsx[2m > [22m[2mAudio Pronunciation
[22m[39m[ChatContext] Created AssistantChat: mock-assistantchat-1790417978870 at: 2026-09-26T10:19:38.870Z
[90mstdout[2m | src/components/Editor3/plugins/AnswerPlugin.audio-drawing.stories.jsx[2m > [22m[2mAudio Pronunciation
[22m[39m[Mock Storage] downloadData called with: undefined
[90mstdout[2m | src/components/Editor3/plugins/AnswerPlugin.audio-drawing.stories.jsx[2m > [22m[2mAudio Pronunciation
[22m[39m[ChatContext] Setting initial chat: mock-assistantchat-1790417978870
[90mstdout[2m | src/components/Editor3/plugins/AnswerPlugin.audio-drawing.stories.jsx[2m > [22m[2mAudio Pronunciation
[22m[39m[ChatContext] Chat exists and not archived, skipping creation
[90mstdout[2m | src/components/Editor3/plugins/AnswerPlugin.audio-drawing.stories.jsx[2m > [22m[2mDrawing Vocabulary
[22m[39m[ChatContext] Cleaning up subscriptions
[90mstdout[2m | src/components/Editor3/plugins/AnswerPlugin.audio-drawing.stories.jsx[2m > [22m[2mDrawing Vocabulary
[22m[39m[Mock Data] Unit.onUpdate() subscription removed. Remaining: 0
[90mstdout[2m | src/components/Editor3/plugins/AnswerPlugin.audio-drawing.stories.jsx[2m > [22m[2mDrawing Vocabulary
[22m[39m[Preview] Skipped initializing default mock data (initializeMockData=false)
[90mstdout[2m | src/components/Editor3/plugins/AnswerPlugin.audio-drawing.stories.jsx[2m > [22m[2mDrawing Vocabulary
[22m[39m[Mock Data] seedMockWords: Adding 5 words
[90mstdout[2m | src/components/Editor3/plugins/AnswerPlugin.audio-drawing.stories.jsx[2m > [22m[2mDrawing Vocabulary
[22m[39m[Mock Data] seedMockUnit: Adding unit mock-unit-id
[90mstdout[2m | src/components/Editor3/plugins/AnswerPlugin.audio-drawing.stories.jsx[2m > [22m[2mDrawing Vocabulary
[22m[39m[MOCK CourseVectorStore] Initialized with mock data
[90mstdout[2m | src/components/Editor3/plugins/AnswerPlugin.audio-drawing.stories.jsx[2m > [22m[2mDrawing Vocabulary
[22m[39m[TranslationModeController] Setting mode to: off
[90mstdout[2m | src/components/Editor3/plugins/AnswerPlugin.audio-drawing.stories.jsx[2m > [22m[2mDrawing Vocabulary
[22m[39m[UnitContext] useEffect triggered {
  "authLoading": false,
  "hasUser": true,
  "id": "mock-unit-id",
  "userSub": "mock-user-sub",
}
[90mstdout[2m | src/components/Editor3/plugins/AnswerPlugin.audio-drawing.stories.jsx[2m > [22m[2mDrawing Vocabulary
[22m[39m[UnitContext] Fetching unit data for id: mock-unit-id
[90mstdout[2m | src/components/Editor3/plugins/AnswerPlugin.audio-drawing.stories.jsx[2m > [22m[2mDrawing Vocabulary
[22m[39m[FilesContext] Initializing vector store from IndexedDB
[90mstdout[2m | src/components/Editor3/plugins/AnswerPlugin.audio-drawing.stories.jsx[2m > [22m[2mDrawing Vocabulary
[22m[39m[FilesContext] fetchFiles called
[90mstdout[2m | src/components/Editor3/plugins/AnswerPlugin.audio-drawing.stories.jsx[2m > [22m[2mDrawing Vocabulary
[22m[39m[FilesContext] User authenticated: mock-user-sub
[90mstdout[2m | src/components/Editor3/plugins/AnswerPlugin.audio-drawing.stories.jsx[2m > [22m[2mDrawing Vocabulary
[22m[39m[FilesContext] Identity ID: us-east-1:mock-identity-123
[90mstdout[2m | src/components/Editor3/plugins/AnswerPlugin.audio-drawing.stories.jsx[2m > [22m[2mDrawing Vocabulary
[22m[39m[FilesContext] About to set up File observeQuery
[90mstdout[2m | src/components/Editor3/plugins/AnswerPlugin.audio-drawing.stories.jsx[2m > [22m[2mDrawing Vocabulary
[22m[39m[ChatContext] Setting up AssistantChat observeQuery
[90mstdout[2m | src/components/Editor3/plugins/AnswerPlugin.audio-drawing.stories.jsx[2m > [22m[2mDrawing Vocabulary
[22m[39m[ChatContext] Waiting for subscription to initialize
[90mstdout[2m | src/components/Editor3/plugins/AnswerPlugin.audio-drawing.stories.jsx[2m > [22m[2mDrawing Vocabulary
[22m[39m[SettingsContext] Setting up Settings subscription for user: mock-user-sub
[90mstdout[2m | src/components/Editor3/plugins/AnswerPlugin.audio-drawing.stories.jsx[2m > [22m[2mDrawing Vocabulary
[22m[39m[Mock Data] Settings created: mock-settings-1790417979965 - notified 0 subscribers
[90mstdout[2m | src/components/Editor3/plugins/AnswerPlugin.audio-drawing.stories.jsx[2m > [22m[2mDrawing Vocabulary
[22m[39m[Mock Data] Unit.onUpdate() subscription added. Total: 1
[90mstdout[2m | src/components/Editor3/plugins/AnswerPlugin.audio-drawing.stories.jsx[2m > [22m[2mDrawing Vocabulary
[22m[39m[SectionContext] Section observeQuery update: 0
[90mstdout[2m | src/components/Editor3/plugins/AnswerPlugin.audio-drawing.stories.jsx[2m > [22m[2mDrawing Vocabulary
[22m[39m[FilesContext] File observeQuery update: 0 files
[90mstdout[2m | src/components/Editor3/plugins/AnswerPlugin.audio-drawing.stories.jsx[2m > [22m[2mDrawing Vocabulary
[22m[39m[ChatContext] AssistantChat initialized with 0 chats
[90mstdout[2m | src/components/Editor3/plugins/AnswerPlugin.audio-drawing.stories.jsx[2m > [22m[2mDrawing Vocabulary
[22m[39m[MOCK CourseVectorStore] Initialized with mock data
[90mstdout[2m | src/components/Editor3/plugins/AnswerPlugin.audio-drawing.stories.jsx[2m > [22m[2mDrawing Vocabulary
[22m[39m[ChatContext] No current chat available, will create one
[90mstdout[2m | src/components/Editor3/plugins/AnswerPlugin.audio-drawing.stories.jsx[2m > [22m[2mDrawing Vocabulary
[22m[39m[ChatContext] Creating AssistantChat with user: undefined
[90mstdout[2m | src/components/Editor3/plugins/AnswerPlugin.audio-drawing.stories.jsx[2m > [22m[2mDrawing Vocabulary
[22m[39m[Mock Data] AssistantChat created: mock-assistantchat-1790417980090 - notified 1 subscribers
[90mstdout[2m | src/components/Editor3/plugins/AnswerPlugin.audio-drawing.stories.jsx[2m > [22m[2mDrawing Vocabulary
[22m[39m[ChatContext] Create result: {
  "data": {
    "_version": 1,
    "archived": false,
    "chatFiles": [Function anonymous],
    "createdAt": "2026-09-26T10:19:40.090Z",
    "id": "mock-assistantchat-1790417980090",
    "model": "gpt-4",
    "updatedAt": "2026-09-26T10:19:40.090Z",
  },
  "errors": [],
  "hasData": true,
  "hasErrors": true,
}
[90mstdout[2m | src/components/Editor3/plugins/AnswerPlugin.audio-drawing.stories.jsx[2m > [22m[2mDrawing Vocabulary
[22m[39m[ChatContext] Created AssistantChat: mock-assistantchat-1790417980090 at: 2026-09-26T10:19:40.090Z
[90mstdout[2m | src/components/Editor3/plugins/AnswerPlugin.audio-drawing.stories.jsx[2m > [22m[2mDrawing Vocabulary
[22m[39m[Mock Storage] downloadData called with: undefined
[90mstdout[2m | src/components/Editor3/plugins/AnswerPlugin.audio-drawing.stories.jsx[2m > [22m[2mDrawing Vocabulary
[22m[39m[ChatContext] Setting initial chat: mock-assistantchat-1790417980090
[90mstdout[2m | src/components/Editor3/plugins/AnswerPlugin.audio-drawing.stories.jsx[2m > [22m[2mDrawing Vocabulary
[22m[39m[ChatContext] Chat exists and not archived, skipping creation
[90mstdout[2m | src/components/Editor3/plugins/AnswerPlugin.audio-drawing.stories.jsx[2m > [22m[2mMulti Modal Vocabulary
[22m[39m[ChatContext] Cleaning up subscriptions
[90mstdout[2m | src/components/Editor3/plugins/AnswerPlugin.audio-drawing.stories.jsx[2m > [22m[2mMulti Modal Vocabulary
[22m[39m[Mock Data] Unit.onUpdate() subscription removed. Remaining: 0
[90mstdout[2m | src/components/Editor3/plugins/AnswerPlugin.audio-drawing.stories.jsx[2m > [22m[2mMulti Modal Vocabulary
[22m[39m[Preview] Skipped initializing default mock data (initializeMockData=false)
[90mstdout[2m | src/components/Editor3/plugins/AnswerPlugin.audio-drawing.stories.jsx[2m > [22m[2mMulti Modal Vocabulary
[22m[39m[Mock Data] seedMockWords: Adding 5 words
[90mstdout[2m | src/components/Editor3/plugins/AnswerPlugin.audio-drawing.stories.jsx[2m > [22m[2mMulti Modal Vocabulary
[22m[39m[Mock Data] seedMockUnit: Adding unit mock-unit-id
[90mstdout[2m | src/components/Editor3/plugins/AnswerPlugin.audio-drawing.stories.jsx[2m > [22m[2mMulti Modal Vocabulary
[22m[39m[MOCK CourseVectorStore] Initialized with mock data
[90mstdout[2m | src/components/Editor3/plugins/AnswerPlugin.audio-drawing.stories.jsx[2m > [22m[2mMulti Modal Vocabulary
[22m[39m[TranslationModeController] Setting mode to: off
[90mstdout[2m | src/components/Editor3/plugins/AnswerPlugin.audio-drawing.stories.jsx[2m > [22m[2mMulti Modal Vocabulary
[22m[39m[UnitContext] useEffect triggered {
  "authLoading": false,
  "hasUser": true,
  "id": "mock-unit-id",
  "userSub": "mock-user-sub",
}
[90mstdout[2m | src/components/Editor3/plugins/AnswerPlugin.audio-drawing.stories.jsx[2m > [22m[2mMulti Modal Vocabulary
[22m[39m[UnitContext] Fetching unit data for id: mock-unit-id
[90mstdout[2m | src/components/Editor3/plugins/AnswerPlugin.audio-drawing.stories.jsx[2m > [22m[2mMulti Modal Vocabulary
[22m[39m[FilesContext] Initializing vector store from IndexedDB
[90mstdout[2m | src/components/Editor3/plugins/AnswerPlugin.audio-drawing.stories.jsx[2m > [22m[2mMulti Modal Vocabulary
[22m[39m[FilesContext] fetchFiles called
[90mstdout[2m | src/components/Editor3/plugins/AnswerPlugin.audio-drawing.stories.jsx[2m > [22m[2mMulti Modal Vocabulary
[22m[39m[FilesContext] User authenticated: mock-user-sub
[90mstdout[2m | src/components/Editor3/plugins/AnswerPlugin.audio-drawing.stories.jsx[2m > [22m[2mMulti Modal Vocabulary
[22m[39m[FilesContext] Identity ID: us-east-1:mock-identity-123
[90mstdout[2m | src/components/Editor3/plugins/AnswerPlugin.audio-drawing.stories.jsx[2m > [22m[2mMulti Modal Vocabulary
[22m[39m[FilesContext] About to set up File observeQuery
[90mstdout[2m | src/components/Editor3/plugins/AnswerPlugin.audio-drawing.stories.jsx[2m > [22m[2mMulti Modal Vocabulary
[22m[39m[ChatContext] Setting up AssistantChat observeQuery
[90mstdout[2m | src/components/Editor3/plugins/AnswerPlugin.audio-drawing.stories.jsx[2m > [22m[2mMulti Modal Vocabulary
[22m[39m[ChatContext] Waiting for subscription to initialize
[90mstdout[2m | src/components/Editor3/plugins/AnswerPlugin.audio-drawing.stories.jsx[2m > [22m[2mMulti Modal Vocabulary
[22m[39m[SettingsContext] Setting up Settings subscription for user: mock-user-sub
[90mstdout[2m | src/components/Editor3/plugins/AnswerPlugin.audio-drawing.stories.jsx[2m > [22m[2mMulti Modal Vocabulary
[22m[39m[Mock Data] Settings created: mock-settings-1790417980517 - notified 0 subscribers
[90mstdout[2m | src/components/Editor3/plugins/AnswerPlugin.audio-drawing.stories.jsx[2m > [22m[2mMulti Modal Vocabulary
[22m[39m[Mock Data] Unit.onUpdate() subscription added. Total: 1
[90mstdout[2m | src/components/Editor3/plugins/AnswerPlugin.audio-drawing.stories.jsx[2m > [22m[2mMulti Modal Vocabulary
[22m[39m[SectionContext] Section observeQuery update: 0
[90mstdout[2m | src/components/Editor3/plugins/AnswerPlugin.audio-drawing.stories.jsx[2m > [22m[2mMulti Modal Vocabulary
[22m[39m[FilesContext] File observeQuery update: 0 files
[90mstdout[2m | src/components/Editor3/plugins/AnswerPlugin.audio-drawing.stories.jsx[2m > [22m[2mMulti Modal Vocabulary
[22m[39m[ChatContext] AssistantChat initialized with 0 chats
[90mstdout[2m | src/components/Editor3/plugins/AnswerPlugin.audio-drawing.stories.jsx[2m > [22m[2mMulti Modal Vocabulary
[22m[39m[MOCK CourseVectorStore] Initialized with mock data
[90mstdout[2m | src/components/Editor3/plugins/AnswerPlugin.audio-drawing.stories.jsx[2m > [22m[2mMulti Modal Vocabulary
[22m[39m[ChatContext] No current chat available, will create one
[90mstdout[2m | src/components/Editor3/plugins/AnswerPlugin.audio-drawing.stories.jsx[2m > [22m[2mMulti Modal Vocabulary
[22m[39m[ChatContext] Creating AssistantChat with user: undefined
[90mstdout[2m | src/components/Editor3/plugins/AnswerPlugin.audio-drawing.stories.jsx[2m > [22m[2mMulti Modal Vocabulary
[22m[39m[Mock Data] AssistantChat created: mock-assistantchat-1790417980651 - notified 1 subscribers
[90mstdout[2m | src/components/Editor3/plugins/AnswerPlugin.audio-drawing.stories.jsx[2m > [22m[2mMulti Modal Vocabulary
[22m[39m[ChatContext] Create result: {
  "data": {
    "_version": 1,
    "archived": false,
    "chatFiles": [Function anonymous],
    "createdAt": "2026-09-26T10:19:40.651Z",
    "id": "mock-assistantchat-1790417980651",
    "model": "gpt-4",
    "updatedAt": "2026-09-26T10:19:40.651Z",
  },
  "errors": [],
  "hasData": true,
  "hasErrors": true,
}
[90mstdout[2m | src/components/Editor3/plugins/AnswerPlugin.audio-drawing.stories.jsx[2m > [22m[2mMulti Modal Vocabulary
[22m[39m[ChatContext] Created AssistantChat: mock-assistantchat-1790417980651 at: 2026-09-26T10:19:40.651Z
[90mstdout[2m | src/components/Editor3/plugins/AnswerPlugin.audio-drawing.stories.jsx[2m > [22m[2mMulti Modal Vocabulary
[22m[39m[Mock Storage] downloadData called with: undefined
[90mstdout[2m | src/components/Editor3/plugins/AnswerPlugin.audio-drawing.stories.jsx[2m > [22m[2mMulti Modal Vocabulary
[22m[39m[ChatContext] Setting initial chat: mock-assistantchat-1790417980651
[90mstdout[2m | src/components/Editor3/plugins/AnswerPlugin.audio-drawing.stories.jsx[2m > [22m[2mMulti Modal Vocabulary
[22m[39m[ChatContext] Chat exists and not archived, skipping creation
[90mstdout[2m | src/components/Editor3/plugins/AnswerPlugin.audio-drawing.stories.jsx[2m > [22m[2mListening Comprehension
[22m[39m[ChatContext] Cleaning up subscriptions
[90mstdout[2m | src/components/Editor3/plugins/AnswerPlugin.audio-drawing.stories.jsx[2m > [22m[2mListening Comprehension
[22m[39m[Mock Data] Unit.onUpdate() subscription removed. Remaining: 0
[90mstdout[2m | src/components/Editor3/plugins/AnswerPlugin.audio-drawing.stories.jsx[2m > [22m[2mListening Comprehension
[22m[39m[Preview] Skipped initializing default mock data (initializeMockData=false)
[90mstdout[2m | src/components/Editor3/plugins/AnswerPlugin.audio-drawing.stories.jsx[2m > [22m[2mListening Comprehension
[22m[39m[Mock Data] seedMockWords: Adding 5 words
[90mstdout[2m | src/components/Editor3/plugins/AnswerPlugin.audio-drawing.stories.jsx[2m > [22m[2mListening Comprehension
[22m[39m[Mock Data] seedMockUnit: Adding unit mock-unit-id
[90mstdout[2m | src/components/Editor3/plugins/AnswerPlugin.audio-drawing.stories.jsx[2m > [22m[2mListening Comprehension
[22m[39m[MOCK CourseVectorStore] Initialized with mock data
[90mstdout[2m | src/components/Editor3/plugins/AnswerPlugin.audio-drawing.stories.jsx[2m > [22m[2mListening Comprehension
[22m[39m[TranslationModeController] Setting mode to: off
[90mstdout[2m | src/components/Editor3/plugins/AnswerPlugin.audio-drawing.stories.jsx[2m > [22m[2mListening Comprehension
[22m[39m[UnitContext] useEffect triggered {
  "authLoading": false,
  "hasUser": true,
  "id": "mock-unit-id",
  "userSub": "mock-user-sub",
}
[90mstdout[2m | src/components/Editor3/plugins/AnswerPlugin.audio-drawing.stories.jsx[2m > [22m[2mListening Comprehension
[22m[39m[UnitContext] Fetching unit data for id: mock-unit-id
[90mstdout[2m | src/components/Editor3/plugins/AnswerPlugin.audio-drawing.stories.jsx[2m > [22m[2mListening Comprehension
[22m[39m[FilesContext] Initializing vector store from IndexedDB
[90mstdout[2m | src/components/Editor3/plugins/AnswerPlugin.audio-drawing.stories.jsx[2m > [22m[2mListening Comprehension
[22m[39m[FilesContext] fetchFiles called
[90mstdout[2m | src/components/Editor3/plugins/AnswerPlugin.audio-drawing.stories.jsx[2m > [22m[2mListening Comprehension
[22m[39m[FilesContext] User authenticated: mock-user-sub
[90mstdout[2m | src/components/Editor3/plugins/AnswerPlugin.audio-drawing.stories.jsx[2m > [22m[2mListening Comprehension
[22m[39m[FilesContext] Identity ID: us-east-1:mock-identity-123
[90mstdout[2m | src/components/Editor3/plugins/AnswerPlugin.audio-drawing.stories.jsx[2m > [22m[2mListening Comprehension
[22m[39m[FilesContext] About to set up File observeQuery
[90mstdout[2m | src/components/Editor3/plugins/AnswerPlugin.audio-drawing.stories.jsx[2m > [22m[2mListening Comprehension
[22m[39m[ChatContext] Setting up AssistantChat observeQuery
[90mstdout[2m | src/components/Editor3/plugins/AnswerPlugin.audio-drawing.stories.jsx[2m > [22m[2mListening Comprehension
[22m[39m[ChatContext] Waiting for subscription to initialize
[90mstdout[2m | src/components/Editor3/plugins/AnswerPlugin.audio-drawing.stories.jsx[2m > [22m[2mListening Comprehension
[22m[39m[SettingsContext] Setting up Settings subscription for user: mock-user-sub
[90mstdout[2m | src/components/Editor3/plugins/AnswerPlugin.audio-drawing.stories.jsx[2m > [22m[2mListening Comprehension
[22m[39m[Mock Data] Settings created: mock-settings-1790417981145 - notified 0 subscribers
[90mstdout[2m | src/components/Editor3/plugins/AnswerPlugin.audio-drawing.stories.jsx[2m > [22m[2mListening Comprehension
[22m[39m[Mock Data] Unit.onUpdate() subscription added. Total: 1
[90mstdout[2m | src/components/Editor3/plugins/AnswerPlugin.audio-drawing.stories.jsx[2m > [22m[2mListening Comprehension
[22m[39mMock Cache.getItem called with: getCachedUrl_/story-mocks/sound-design-elements-sfx-ps-022-302865.mp3
[90mstdout[2m | src/components/Editor3/plugins/AnswerPlugin.audio-drawing.stories.jsx[2m > [22m[2mListening Comprehension
[22m[39mMock Cache.getItem called with: getCachedUrl_/story-mocks/descent-whoosh-long-cinematic-sound-effect-405921.mp3
[90mstdout[2m | src/components/Editor3/plugins/AnswerPlugin.audio-drawing.stories.jsx[2m > [22m[2mListening Comprehension
[22m[39mMock Cache.getItem called with: getCachedUrl_/story-mocks/cinematic-designed-sci-fi-whoosh-transition-nexawave-228295.mp3
[90mstdout[2m | src/components/Editor3/plugins/AnswerPlugin.audio-drawing.stories.jsx[2m > [22m[2mListening Comprehension
[22m[39mMock getUrl called with: /story-mocks/sound-design-elements-sfx-ps-022-302865.mp3
[90mstdout[2m | src/components/Editor3/plugins/AnswerPlugin.audio-drawing.stories.jsx[2m > [22m[2mListening Comprehension
[22m[39mMock getUrl called with: /story-mocks/descent-whoosh-long-cinematic-sound-effect-405921.mp3
[90mstdout[2m | src/components/Editor3/plugins/AnswerPlugin.audio-drawing.stories.jsx[2m > [22m[2mListening Comprehension
[22m[39mMock getUrl called with: /story-mocks/cinematic-designed-sci-fi-whoosh-transition-nexawave-228295.mp3
[90mstdout[2m | src/components/Editor3/plugins/AnswerPlugin.audio-drawing.stories.jsx[2m > [22m[2mListening Comprehension
[22m[39mMock Cache.setItem called with: getCachedUrl_/story-mocks/sound-design-elements-sfx-ps-022-302865.mp3 /story-mocks/sound-design-elements-sfx-ps-022-302865.mp3
[90mstdout[2m | src/components/Editor3/plugins/AnswerPlugin.audio-drawing.stories.jsx[2m > [22m[2mListening Comprehension
[22m[39mMock Cache.setItem called with: getCachedUrl_/story-mocks/descent-whoosh-long-cinematic-sound-effect-405921.mp3 /story-mocks/descent-whoosh-long-cinematic-sound-effect-405921.mp3
[90mstdout[2m | src/components/Editor3/plugins/AnswerPlugin.audio-drawing.stories.jsx[2m > [22m[2mListening Comprehension
[22m[39mMock Cache.setItem called with: getCachedUrl_/story-mocks/cinematic-designed-sci-fi-whoosh-transition-nexawave-228295.mp3 /story-mocks/cinematic-designed-sci-fi-whoosh-transition-nexawave-228295.mp3
[90mstdout[2m | src/components/Editor3/plugins/AnswerPlugin.audio-drawing.stories.jsx[2m > [22m[2mListening Comprehension
[22m[39m[SectionContext] Section observeQuery update: 0
[90mstdout[2m | src/components/Editor3/plugins/AnswerPlugin.audio-drawing.stories.jsx[2m > [22m[2mListening Comprehension
[22m[39m[FilesContext] File observeQuery update: 0 files
[90mstdout[2m | src/components/Editor3/plugins/AnswerPlugin.audio-drawing.stories.jsx[2m > [22m[2mListening Comprehension
[22m[39m[ChatContext] AssistantChat initialized with 0 chats
[90mstdout[2m | src/components/Editor3/plugins/AnswerPlugin.audio-drawing.stories.jsx[2m > [22m[2mListening Comprehension
[22m[39m[MOCK CourseVectorStore] Initialized with mock data
[90mstdout[2m | src/components/Editor3/plugins/AnswerPlugin.audio-drawing.stories.jsx[2m > [22m[2mListening Comprehension
[22m[39m[AudioPlayerContext] Loading new source: /story-mocks/sound-design-elements-sfx-ps-022-3028...
[90mstdout[2m | src/components/Editor3/plugins/AnswerPlugin.audio-drawing.stories.jsx[2m > [22m[2mListening Comprehension
[22m[39m[AudioPlayerContext] Loading new source: /story-mocks/descent-whoosh-long-cinematic-sound-e...
[90mstdout[2m | src/components/Editor3/plugins/AnswerPlugin.audio-drawing.stories.jsx[2m > [22m[2mListening Comprehension
[22m[39m[AudioPlayerContext] Loading new source: /story-mocks/cinematic-designed-sci-fi-whoosh-tran...
[90mstdout[2m | src/components/Editor3/plugins/AnswerPlugin.audio-drawing.stories.jsx[2m > [22m[2mListening Comprehension
[22m[39m[ChatContext] No current chat available, will create one
[90mstdout[2m | src/components/Editor3/plugins/AnswerPlugin.audio-drawing.stories.jsx[2m > [22m[2mListening Comprehension
[22m[39m[ChatContext] Creating AssistantChat with user: undefined
[90mstdout[2m | src/components/Editor3/plugins/AnswerPlugin.audio-drawing.stories.jsx[2m > [22m[2mListening Comprehension
[22m[39m[Mock Data] AssistantChat created: mock-assistantchat-1790417981426 - notified 1 subscribers
[90mstdout[2m | src/components/Editor3/plugins/AnswerPlugin.audio-drawing.stories.jsx[2m > [22m[2mListening Comprehension
[22m[39m[ChatContext] Create result: {
  "data": {
    "_version": 1,
    "archived": false,
    "chatFiles": [Function anonymous],
    "createdAt": "2026-09-26T10:19:41.426Z",
    "id": "mock-assistantchat-1790417981426",
    "model": "gpt-4",
    "updatedAt": "2026-09-26T10:19:41.426Z",
  },
  "errors": [],
  "hasData": true,
  "hasErrors": true,
}
[90mstdout[2m | src/components/Editor3/plugins/AnswerPlugin.audio-drawing.stories.jsx[2m > [22m[2mListening Comprehension
[22m[39m[ChatContext] Created AssistantChat: mock-assistantchat-1790417981426 at: 2026-09-26T10:19:41.426Z
[90mstdout[2m | src/components/Editor3/plugins/AnswerPlugin.audio-drawing.stories.jsx[2m > [22m[2mListening Comprehension
[22m[39m[Mock Storage] downloadData called with: undefined
[90mstdout[2m | src/components/Editor3/plugins/AnswerPlugin.audio-drawing.stories.jsx[2m > [22m[2mListening Comprehension
[22m[39m[ChatContext] Setting initial chat: mock-assistantchat-1790417981426
[90mstdout[2m | src/components/Editor3/plugins/AnswerPlugin.audio-drawing.stories.jsx[2m > [22m[2mListening Comprehension
[22m[39m[ChatContext] Chat exists and not archived, skipping creation
[90mstdout[2m | src/components/Editor3/plugins/AnswerPlugin.audio-drawing.stories.jsx[2m > [22m[2mDefinition To Drawing
[22m[39m[ChatContext] Cleaning up subscriptions
[90mstdout[2m | src/components/Editor3/plugins/AnswerPlugin.audio-drawing.stories.jsx[2m > [22m[2mDefinition To Drawing
[22m[39m[Mock Data] Unit.onUpdate() subscription removed. Remaining: 0
[90mstdout[2m | src/components/Editor3/plugins/AnswerPlugin.audio-drawing.stories.jsx[2m > [22m[2mDefinition To Drawing
[22m[39m[Preview] Skipped initializing default mock data (initializeMockData=false)
[90mstdout[2m | src/components/Editor3/plugins/AnswerPlugin.audio-drawing.stories.jsx[2m > [22m[2mDefinition To Drawing
[22m[39m[Mock Data] seedMockWords: Adding 5 words
[90mstdout[2m | src/components/Editor3/plugins/AnswerPlugin.audio-drawing.stories.jsx[2m > [22m[2mDefinition To Drawing
[22m[39m[Mock Data] seedMockUnit: Adding unit mock-unit-id
[90mstdout[2m | src/components/Editor3/plugins/AnswerPlugin.audio-drawing.stories.jsx[2m > [22m[2mDefinition To Drawing
[22m[39m[MOCK CourseVectorStore] Initialized with mock data
[90mstdout[2m | src/components/Editor3/plugins/AnswerPlugin.audio-drawing.stories.jsx[2m > [22m[2mDefinition To Drawing
[22m[39m[TranslationModeController] Setting mode to: off
[90mstdout[2m | src/components/Editor3/plugins/AnswerPlugin.audio-drawing.stories.jsx[2m > [22m[2mDefinition To Drawing
[22m[39m[UnitContext] useEffect triggered {
  "authLoading": false,
  "hasUser": true,
  "id": "mock-unit-id",
  "userSub": "mock-user-sub",
}
[90mstdout[2m | src/components/Editor3/plugins/AnswerPlugin.audio-drawing.stories.jsx[2m > [22m[2mDefinition To Drawing
[22m[39m[UnitContext] Fetching unit data for id: mock-unit-id
[90mstdout[2m | src/components/Editor3/plugins/AnswerPlugin.audio-drawing.stories.jsx[2m > [22m[2mDefinition To Drawing
[22m[39m[FilesContext] Initializing vector store from IndexedDB
[90mstdout[2m | src/components/Editor3/plugins/AnswerPlugin.audio-drawing.stories.jsx[2m > [22m[2mDefinition To Drawing
[22m[39m[FilesContext] fetchFiles called
[90mstdout[2m | src/components/Editor3/plugins/AnswerPlugin.audio-drawing.stories.jsx[2m > [22m[2mDefinition To Drawing
[22m[39m[FilesContext] User authenticated: mock-user-sub
[90mstdout[2m | src/components/Editor3/plugins/AnswerPlugin.audio-drawing.stories.jsx[2m > [22m[2mDefinition To Drawing
[22m[39m[FilesContext] Identity ID: us-east-1:mock-identity-123
[90mstdout[2m | src/components/Editor3/plugins/AnswerPlugin.audio-drawing.stories.jsx[2m > [22m[2mDefinition To Drawing
[22m[39m[FilesContext] About to set up File observeQuery
[90mstdout[2m | src/components/Editor3/plugins/AnswerPlugin.audio-drawing.stories.jsx[2m > [22m[2mDefinition To Drawing
[22m[39m[ChatContext] Setting up AssistantChat observeQuery
[90mstdout[2m | src/components/Editor3/plugins/AnswerPlugin.audio-drawing.stories.jsx[2m > [22m[2mDefinition To Drawing
[22m[39m[ChatContext] Waiting for subscription to initialize
[90mstdout[2m | src/components/Editor3/plugins/AnswerPlugin.audio-drawing.stories.jsx[2m > [22m[2mDefinition To Drawing
[22m[39m[SettingsContext] Setting up Settings subscription for user: mock-user-sub
[90mstdout[2m | src/components/Editor3/plugins/AnswerPlugin.audio-drawing.stories.jsx[2m > [22m[2mDefinition To Drawing
[22m[39m[Mock Data] Settings created: mock-settings-1790417982732 - notified 0 subscribers
[90mstdout[2m | src/components/Editor3/plugins/AnswerPlugin.audio-drawing.stories.jsx[2m > [22m[2mDefinition To Drawing
[22m[39m[Mock Data] Unit.onUpdate() subscription added. Total: 1
[90mstdout[2m | src/components/Editor3/plugins/AnswerPlugin.audio-drawing.stories.jsx[2m > [22m[2mDefinition To Drawing
[22m[39m[SectionContext] Section observeQuery update: 0
[90mstdout[2m | src/components/Editor3/plugins/AnswerPlugin.audio-drawing.stories.jsx[2m > [22m[2mDefinition To Drawing
[22m[39m[FilesContext] File observeQuery update: 0 files
[90mstdout[2m | src/components/Editor3/plugins/AnswerPlugin.audio-drawing.stories.jsx[2m > [22m[2mDefinition To Drawing
[22m[39m[ChatContext] AssistantChat initialized with 0 chats
[90mstdout[2m | src/components/Editor3/plugins/AnswerPlugin.audio-drawing.stories.jsx[2m > [22m[2mDefinition To Drawing
[22m[39m[MOCK CourseVectorStore] Initialized with mock data
[90mstdout[2m | src/components/Editor3/plugins/AnswerPlugin.audio-drawing.stories.jsx[2m > [22m[2mDefinition To Drawing
[22m[39m[ChatContext] No current chat available, will create one
[90mstdout[2m | src/components/Editor3/plugins/AnswerPlugin.audio-drawing.stories.jsx[2m > [22m[2mDefinition To Drawing
[22m[39m[ChatContext] Creating AssistantChat with user: undefined
[90mstdout[2m | src/components/Editor3/plugins/AnswerPlugin.audio-drawing.stories.jsx[2m > [22m[2mDefinition To Drawing
[22m[39m[Mock Data] AssistantChat created: mock-assistantchat-1790417982816 - notified 1 subscribers
[90mstdout[2m | src/components/Editor3/plugins/AnswerPlugin.audio-drawing.stories.jsx[2m > [22m[2mDefinition To Drawing
[22m[39m[ChatContext] Create result: {
  "data": {
    "_version": 1,
    "archived": false,
    "chatFiles": [Function anonymous],
    "createdAt": "2026-09-26T10:19:42.816Z",
    "id": "mock-assistantchat-1790417982816",
    "model": "gpt-4",
    "updatedAt": "2026-09-26T10:19:42.816Z",
  },
  "errors": [],
  "hasData": true,
  "hasErrors": true,
}
[90mstdout[2m | src/components/Editor3/plugins/AnswerPlugin.audio-drawing.stories.jsx[2m > [22m[2mDefinition To Drawing
[22m[39m[ChatContext] Created AssistantChat: mock-assistantchat-1790417982816 at: 2026-09-26T10:19:42.816Z
[90mstdout[2m | src/components/Editor3/plugins/AnswerPlugin.audio-drawing.stories.jsx[2m > [22m[2mDefinition To Drawing
[22m[39m[Mock Storage] downloadData called with: undefined
[90mstdout[2m | src/components/Editor3/plugins/AnswerPlugin.audio-drawing.stories.jsx[2m > [22m[2mDefinition To Drawing
[22m[39m[ChatContext] Setting initial chat: mock-assistantchat-1790417982816
[90mstdout[2m | src/components/Editor3/plugins/AnswerPlugin.audio-drawing.stories.jsx[2m > [22m[2mDefinition To Drawing
[22m[39m[ChatContext] Chat exists and not archived, skipping creation
 [32m✓[39m [30m[45m storybook (chromium) [49m[39m src/components/Editor3/plugins/AnswerPlugin.audio-drawing.stories.jsx [2m([22m[2m5 tests[22m[2m)[22m[33m 5386[2mms[22m[39m
   [33m[2m✓[22m[39m Audio Pronunciation [33m 2069[2mms[22m[39m
   [33m[2m✓[22m[39m Drawing Vocabulary [33m 561[2mms[22m[39m
   [33m[2m✓[22m[39m Multi Modal Vocabulary [33m 627[2mms[22m[39m
   [33m[2m✓[22m[39m Listening Comprehension [33m 1381[2mms[22m[39m
   [33m[2m✓[22m[39m Definition To Drawing [33m 743[2mms[22m[39m
[90mstdout[2m | unknown test
[22m[39m[MOCK vectorStoreDB.js] Module loaded - mock IndexedDB operations
[90mstdout[2m | unknown test
[22m[39m[Task Completion] DOM action listeners initialized
[90mstdout[2m | unknown test
[22m[39m[Task Completion] Auto-completion detector initialized
[90mstdout[2m | unknown test
[22m[39m[Preview] Task completion detector initialized
[90mstdout[2m | src/components/PrefetchBadge.stories.tsx[2m > [22m[2mNot Cached
[22m[39m[TranslationModeController] Setting mode to: off
[90mstdout[2m | src/components/PrefetchBadge.stories.tsx[2m > [22m[2mWith Client (clickable)
[22m[39m[TranslationModeController] Setting mode to: off
 [32m✓[39m [30m[45m storybook (chromium) [49m[39m src/components/PrefetchBadge.stories.tsx [2m([22m[2m2 tests[22m[2m)[22m[33m 417[2mms[22m[39m
[90mstdout[2m | unknown test
[22m[39m[MOCK vectorStoreDB.js] Module loaded - mock IndexedDB operations
[90mstdout[2m | unknown test
[22m[39m[Task Completion] DOM action listeners initialized
[90mstdout[2m | unknown test
[22m[39m[Task Completion] Auto-completion detector initialized
[90mstdout[2m | unknown test
[22m[39m[Preview] Task completion detector initialized
[90mstdout[2m | src/components/Editor3/plugins/CustomAnswerPlugin.audio-drawing.stories.jsx[2m > [22m[2mAudio Only Question
[22m[39m[Preview] Skipped initializing default mock data (initializeMockData=false)
[90mstdout[2m | src/components/Editor3/plugins/CustomAnswerPlugin.audio-drawing.stories.jsx[2m > [22m[2mAudio Only Question
[22m[39m[MOCK CourseVectorStore] Initialized with mock data
[90mstdout[2m | src/components/Editor3/plugins/CustomAnswerPlugin.audio-drawing.stories.jsx[2m > [22m[2mAudio Only Question
[22m[39m[Mock Data] seedMockUnit: Adding unit mock-unit-id
[90mstdout[2m | src/components/Editor3/plugins/CustomAnswerPlugin.audio-drawing.stories.jsx[2m > [22m[2mAudio Only Question
[22m[39m[Mock Data] seedMockQuestions: Adding 2 questions
[90mstdout[2m | src/components/Editor3/plugins/CustomAnswerPlugin.audio-drawing.stories.jsx[2m > [22m[2mAudio Only Question
[22m[39m[TranslationModeController] Setting mode to: off
[90mstdout[2m | src/components/Editor3/plugins/CustomAnswerPlugin.audio-drawing.stories.jsx[2m > [22m[2mAudio Only Question
[22m[39m[UnitContext] useEffect triggered {
  "authLoading": false,
  "hasUser": true,
  "id": "mock-unit-id",
  "userSub": "mock-user-sub",
}
[90mstdout[2m | src/components/Editor3/plugins/CustomAnswerPlugin.audio-drawing.stories.jsx[2m > [22m[2mAudio Only Question
[22m[39m[UnitContext] Fetching unit data for id: mock-unit-id
[90mstdout[2m | src/components/Editor3/plugins/CustomAnswerPlugin.audio-drawing.stories.jsx[2m > [22m[2mAudio Only Question
[22m[39m[FilesContext] Initializing vector store from IndexedDB
[90mstdout[2m | src/components/Editor3/plugins/CustomAnswerPlugin.audio-drawing.stories.jsx[2m > [22m[2mAudio Only Question
[22m[39m[FilesContext] fetchFiles called
[90mstdout[2m | src/components/Editor3/plugins/CustomAnswerPlugin.audio-drawing.stories.jsx[2m > [22m[2mAudio Only Question
[22m[39m[FilesContext] User authenticated: mock-user-sub
[90mstdout[2m | src/components/Editor3/plugins/CustomAnswerPlugin.audio-drawing.stories.jsx[2m > [22m[2mAudio Only Question
[22m[39m[FilesContext] Identity ID: us-east-1:mock-identity-123
[90mstdout[2m | src/components/Editor3/plugins/CustomAnswerPlugin.audio-drawing.stories.jsx[2m > [22m[2mAudio Only Question
[22m[39m[FilesContext] About to set up File observeQuery
[90mstdout[2m | src/components/Editor3/plugins/CustomAnswerPlugin.audio-drawing.stories.jsx[2m > [22m[2mAudio Only Question
[22m[39m[ChatContext] Setting up AssistantChat observeQuery
[90mstdout[2m | src/components/Editor3/plugins/CustomAnswerPlugin.audio-drawing.stories.jsx[2m > [22m[2mAudio Only Question
[22m[39m[ChatContext] Waiting for subscription to initialize
[90mstdout[2m | src/components/Editor3/plugins/CustomAnswerPlugin.audio-drawing.stories.jsx[2m > [22m[2mAudio Only Question
[22m[39m[SettingsContext] Setting up Settings subscription for user: mock-user-sub
[90mstdout[2m | src/components/Editor3/plugins/CustomAnswerPlugin.audio-drawing.stories.jsx[2m > [22m[2mAudio Only Question
[22m[39mCustomAnswerComponent.questionID audio-q1
[90mstdout[2m | src/components/Editor3/plugins/CustomAnswerPlugin.audio-drawing.stories.jsx[2m > [22m[2mAudio Only Question
[22m[39mCustomAnswerComponent.questionBank []
[90mstdout[2m | src/components/Editor3/plugins/CustomAnswerPlugin.audio-drawing.stories.jsx[2m > [22m[2mAudio Only Question
[22m[39mCustomAnswerComponent.question {}
[90mstdout[2m | src/components/Editor3/plugins/CustomAnswerPlugin.audio-drawing.stories.jsx[2m > [22m[2mAudio Only Question
[22m[39mCustomAnswerComponent.question {}
[90mstdout[2m | src/components/Editor3/plugins/CustomAnswerPlugin.audio-drawing.stories.jsx[2m > [22m[2mAudio Only Question
[22m[39mCustomAnswerComponent.prompt undefined
[90mstdout[2m | src/components/Editor3/plugins/CustomAnswerPlugin.audio-drawing.stories.jsx[2m > [22m[2mAudio Only Question
[22m[39mCustomAnswerComponent.feedback[questionID] undefined
[90mstdout[2m | src/components/Editor3/plugins/CustomAnswerPlugin.audio-drawing.stories.jsx[2m > [22m[2mAudio Only Question
[22m[39mCustomAnswerComponent.isCompleted undefined
[90mstdout[2m | src/components/Editor3/plugins/CustomAnswerPlugin.audio-drawing.stories.jsx[2m > [22m[2mAudio Only Question
[22m[39mCustomAnswerComponent.currentPromptMethod text
[90mstdout[2m | src/components/Editor3/plugins/CustomAnswerPlugin.audio-drawing.stories.jsx[2m > [22m[2mAudio Only Question
[22m[39mCustomAnswerComponent.displayPrompt undefined
[90mstdout[2m | src/components/Editor3/plugins/CustomAnswerPlugin.audio-drawing.stories.jsx[2m > [22m[2mAudio Only Question
[22m[39mCustomAnswerComponent.questionID audio-q2
[90mstdout[2m | src/components/Editor3/plugins/CustomAnswerPlugin.audio-drawing.stories.jsx[2m > [22m[2mAudio Only Question
[22m[39mCustomAnswerComponent.questionBank []
[90mstdout[2m | src/components/Editor3/plugins/CustomAnswerPlugin.audio-drawing.stories.jsx[2m > [22m[2mAudio Only Question
[22m[39mCustomAnswerComponent.question {}
[90mstdout[2m | src/components/Editor3/plugins/CustomAnswerPlugin.audio-drawing.stories.jsx[2m > [22m[2mAudio Only Question
[22m[39mCustomAnswerComponent.question {}
[90mstdout[2m | src/components/Editor3/plugins/CustomAnswerPlugin.audio-drawing.stories.jsx[2m > [22m[2mAudio Only Question
[22m[39mCustomAnswerComponent.prompt undefined
[90mstdout[2m | src/components/Editor3/plugins/CustomAnswerPlugin.audio-drawing.stories.jsx[2m > [22m[2mAudio Only Question
[22m[39mCustomAnswerComponent.feedback[questionID] undefined
[90mstdout[2m | src/components/Editor3/plugins/CustomAnswerPlugin.audio-drawing.stories.jsx[2m > [22m[2mAudio Only Question
[22m[39mCustomAnswerComponent.isCompleted undefined
[90mstdout[2m | src/components/Editor3/plugins/CustomAnswerPlugin.audio-drawing.stories.jsx[2m > [22m[2mAudio Only Question
[22m[39mCustomAnswerComponent.currentPromptMethod text
[90mstdout[2m | src/components/Editor3/plugins/CustomAnswerPlugin.audio-drawing.stories.jsx[2m > [22m[2mAudio Only Question
[22m[39mCustomAnswerComponent.displayPrompt undefined
[90mstdout[2m | src/components/Editor3/plugins/CustomAnswerPlugin.audio-drawing.stories.jsx[2m > [22m[2mAudio Only Question
[22m[39mallowedInput [
  "audio",
]
[90mstdout[2m | src/components/Editor3/plugins/CustomAnswerPlugin.audio-drawing.stories.jsx[2m > [22m[2mAudio Only Question
[22m[39mpromptMethod [
  "text",
]
[90mstdout[2m | src/components/Editor3/plugins/CustomAnswerPlugin.audio-drawing.stories.jsx[2m > [22m[2mAudio Only Question
[22m[39mAnswerComponent.currentPromptMethod text
[90mstdout[2m | src/components/Editor3/plugins/CustomAnswerPlugin.audio-drawing.stories.jsx[2m > [22m[2mAudio Only Question
[22m[39mAnswerComponent.promptMethod [
  "text",
]
[90mstdout[2m | src/components/Editor3/plugins/CustomAnswerPlugin.audio-drawing.stories.jsx[2m > [22m[2mAudio Only Question
[22m[39mallowedInput [
  "audio",
]
[90mstdout[2m | src/components/Editor3/plugins/CustomAnswerPlugin.audio-drawing.stories.jsx[2m > [22m[2mAudio Only Question
[22m[39mpromptMethod [
  "text",
]
[90mstdout[2m | src/components/Editor3/plugins/CustomAnswerPlugin.audio-drawing.stories.jsx[2m > [22m[2mAudio Only Question
[22m[39mAnswerComponent.currentPromptMethod text
[90mstdout[2m | src/components/Editor3/plugins/CustomAnswerPlugin.audio-drawing.stories.jsx[2m > [22m[2mAudio Only Question
[22m[39m[Mock Data] Settings created: mock-settings-1790417998884 - notified 0 subscribers
[90mstdout[2m | src/components/Editor3/plugins/CustomAnswerPlugin.audio-drawing.stories.jsx[2m > [22m[2mAudio Only Question
[22m[39m[Mock Data] Unit.onUpdate() subscription added. Total: 1
[90mstdout[2m | src/components/Editor3/plugins/CustomAnswerPlugin.audio-drawing.stories.jsx[2m > [22m[2mAudio Only Question
[22m[39mCustomAnswerComponent.questionID audio-q1
[90mstdout[2m | src/components/Editor3/plugins/CustomAnswerPlugin.audio-drawing.stories.jsx[2m > [22m[2mAudio Only Question
[22m[39mCustomAnswerComponent.questionBank []
[90mstdout[2m | src/components/Editor3/plugins/CustomAnswerPlugin.audio-drawing.stories.jsx[2m > [22m[2mAudio Only Question
[22m[39mCustomAnswerComponent.question {}
[90mstdout[2m | src/components/Editor3/plugins/CustomAnswerPlugin.audio-drawing.stories.jsx[2m > [22m[2mAudio Only Question
[22m[39mCustomAnswerComponent.question {}
[90mstdout[2m | src/components/Editor3/plugins/CustomAnswerPlugin.audio-drawing.stories.jsx[2m > [22m[2mAudio Only Question
[22m[39mCustomAnswerComponent.prompt undefined
[90mstdout[2m | src/components/Editor3/plugins/CustomAnswerPlugin.audio-drawing.stories.jsx[2m > [22m[2mAudio Only Question
[22m[39mCustomAnswerComponent.feedback[questionID] undefined
[90mstdout[2m | src/components/Editor3/plugins/CustomAnswerPlugin.audio-drawing.stories.jsx[2m > [22m[2mAudio Only Question
[22m[39mCustomAnswerComponent.isCompleted undefined
[90mstdout[2m | src/components/Editor3/plugins/CustomAnswerPlugin.audio-drawing.stories.jsx[2m > [22m[2mAudio Only Question
[22m[39mCustomAnswerComponent.currentPromptMethod text
[90mstdout[2m | src/components/Editor3/plugins/CustomAnswerPlugin.audio-drawing.stories.jsx[2m > [22m[2mAudio Only Question
[22m[39mCustomAnswerComponent.displayPrompt undefined
[90mstdout[2m | src/components/Editor3/plugins/CustomAnswerPlugin.audio-drawing.stories.jsx[2m > [22m[2mAudio Only Question
[22m[39mCustomAnswerComponent.questionID audio-q2
[90mstdout[2m | src/components/Editor3/plugins/CustomAnswerPlugin.audio-drawing.stories.jsx[2m > [22m[2mAudio Only Question
[22m[39mCustomAnswerComponent.questionBank []
[90mstdout[2m | src/components/Editor3/plugins/CustomAnswerPlugin.audio-drawing.stories.jsx[2m > [22m[2mAudio Only Question
[22m[39mCustomAnswerComponent.question {}
[90mstdout[2m | src/components/Editor3/plugins/CustomAnswerPlugin.audio-drawing.stories.jsx[2m > [22m[2mAudio Only Question
[22m[39mCustomAnswerComponent.question {}
[90mstdout[2m | src/components/Editor3/plugins/CustomAnswerPlugin.audio-drawing.stories.jsx[2m > [22m[2mAudio Only Question
[22m[39mCustomAnswerComponent.prompt undefined
[90mstdout[2m | src/components/Editor3/plugins/CustomAnswerPlugin.audio-drawing.stories.jsx[2m > [22m[2mAudio Only Question
[22m[39mCustomAnswerComponent.feedback[questionID] undefined
[90mstdout[2m | src/components/Editor3/plugins/CustomAnswerPlugin.audio-drawing.stories.jsx[2m > [22m[2mAudio Only Question
[22m[39mCustomAnswerComponent.isCompleted undefined
[90mstdout[2m | src/components/Editor3/plugins/CustomAnswerPlugin.audio-drawing.stories.jsx[2m > [22m[2mAudio Only Question
[22m[39mCustomAnswerComponent.currentPromptMethod text
[90mstdout[2m | src/components/Editor3/plugins/CustomAnswerPlugin.audio-drawing.stories.jsx[2m > [22m[2mAudio Only Question
[22m[39mCustomAnswerComponent.displayPrompt undefined
[90mstdout[2m | src/components/Editor3/plugins/CustomAnswerPlugin.audio-drawing.stories.jsx[2m > [22m[2mAudio Only Question
[22m[39m[SectionContext] Section observeQuery update: 0
[90mstdout[2m | src/components/Editor3/plugins/CustomAnswerPlugin.audio-drawing.stories.jsx[2m > [22m[2mAudio Only Question
[22m[39m[FilesContext] File observeQuery update: 0 files
[90mstdout[2m | src/components/Editor3/plugins/CustomAnswerPlugin.audio-drawing.stories.jsx[2m > [22m[2mAudio Only Question
[22m[39m[ChatContext] AssistantChat initialized with 0 chats
[90mstdout[2m | src/components/Editor3/plugins/CustomAnswerPlugin.audio-drawing.stories.jsx[2m > [22m[2mAudio Only Question
[22m[39m[MOCK CourseVectorStore] Initialized with mock data
[90mstdout[2m | src/components/Editor3/plugins/CustomAnswerPlugin.audio-drawing.stories.jsx[2m > [22m[2mAudio Only Question
[22m[39mCustomAnswerComponent.questionID audio-q1
[90mstdout[2m | src/components/Editor3/plugins/CustomAnswerPlugin.audio-drawing.stories.jsx[2m > [22m[2mAudio Only Question
[22m[39mCustomAnswerComponent.questionBank {
  "audio-q1": {
    "answer": "bonjour",
    "id": "audio-q1",
    "prompt": "Say "Bonjour"",
    "type": "audio",
  },
  "audio-q2": {
    "answer": "merci",
    "id": "audio-q2",
    "prompt": "Say "Merci"",
    "type": "audio",
  },
}
[90mstdout[2m | src/components/Editor3/plugins/CustomAnswerPlugin.audio-drawing.stories.jsx[2m > [22m[2mAudio Only Question
[22m[39mCustomAnswerComponent.question {
  "answer": "bonjour",
  "id": "audio-q1",
  "prompt": "Say "Bonjour"",
  "type": "audio",
}
[90mstdout[2m | src/components/Editor3/plugins/CustomAnswerPlugin.audio-drawing.stories.jsx[2m > [22m[2mAudio Only Question
[22m[39mCustomAnswerComponent.question {
  "answer": "bonjour",
  "id": "audio-q1",
  "prompt": "Say "Bonjour"",
  "type": "audio",
}
[90mstdout[2m | src/components/Editor3/plugins/CustomAnswerPlugin.audio-drawing.stories.jsx[2m > [22m[2mAudio Only Question
[22m[39mCustomAnswerComponent.prompt Say "Bonjour"
[90mstdout[2m | src/components/Editor3/plugins/CustomAnswerPlugin.audio-drawing.stories.jsx[2m > [22m[2mAudio Only Question
[22m[39mCustomAnswerComponent.feedback[questionID] undefined
[90mstdout[2m | src/components/Editor3/plugins/CustomAnswerPlugin.audio-drawing.stories.jsx[2m > [22m[2mAudio Only Question
[22m[39mCustomAnswerComponent.isCompleted undefined
[90mstdout[2m | src/components/Editor3/plugins/CustomAnswerPlugin.audio-drawing.stories.jsx[2m > [22m[2mAudio Only Question
[22m[39mCustomAnswerComponent.currentPromptMethod text
[90mstdout[2m | src/components/Editor3/plugins/CustomAnswerPlugin.audio-drawing.stories.jsx[2m > [22m[2mAudio Only Question
[22m[39mCustomAnswerComponent.displayPrompt Say "Bonjour"
[90mstdout[2m | src/components/Editor3/plugins/CustomAnswerPlugin.audio-drawing.stories.jsx[2m > [22m[2mAudio Only Question
[22m[39mCustomAnswerComponent.questionID audio-q2
[90mstdout[2m | src/components/Editor3/plugins/CustomAnswerPlugin.audio-drawing.stories.jsx[2m > [22m[2mAudio Only Question
[22m[39mCustomAnswerComponent.questionBank {
  "audio-q1": {
    "answer": "bonjour",
    "id": "audio-q1",
    "prompt": "Say "Bonjour"",
    "type": "audio",
  },
  "audio-q2": {
    "answer": "merci",
    "id": "audio-q2",
    "prompt": "Say "Merci"",
    "type": "audio",
  },
}
[90mstdout[2m | src/components/Editor3/plugins/CustomAnswerPlugin.audio-drawing.stories.jsx[2m > [22m[2mAudio Only Question
[22m[39mCustomAnswerComponent.question {
  "answer": "merci",
  "id": "audio-q2",
  "prompt": "Say "Merci"",
  "type": "audio",
}
[90mstdout[2m | src/components/Editor3/plugins/CustomAnswerPlugin.audio-drawing.stories.jsx[2m > [22m[2mAudio Only Question
[22m[39mCustomAnswerComponent.question {
  "answer": "merci",
  "id": "audio-q2",
  "prompt": "Say "Merci"",
  "type": "audio",
}
[90mstdout[2m | src/components/Editor3/plugins/CustomAnswerPlugin.audio-drawing.stories.jsx[2m > [22m[2mAudio Only Question
[22m[39mCustomAnswerComponent.prompt Say "Merci"
[90mstdout[2m | src/components/Editor3/plugins/CustomAnswerPlugin.audio-drawing.stories.jsx[2m > [22m[2mAudio Only Question
[22m[39mCustomAnswerComponent.feedback[questionID] undefined
[90mstdout[2m | src/components/Editor3/plugins/CustomAnswerPlugin.audio-drawing.stories.jsx[2m > [22m[2mAudio Only Question
[22m[39mCustomAnswerComponent.isCompleted undefined
[90mstdout[2m | src/components/Editor3/plugins/CustomAnswerPlugin.audio-drawing.stories.jsx[2m > [22m[2mAudio Only Question
[22m[39mCustomAnswerComponent.currentPromptMethod text
[90mstdout[2m | src/components/Editor3/plugins/CustomAnswerPlugin.audio-drawing.stories.jsx[2m > [22m[2mAudio Only Question
[22m[39mCustomAnswerComponent.displayPrompt Say "Merci"
[90mstdout[2m | src/components/Editor3/plugins/CustomAnswerPlugin.audio-drawing.stories.jsx[2m > [22m[2mAudio Only Question
[22m[39m[ChatContext] No current chat available, will create one
[90mstdout[2m | src/components/Editor3/plugins/CustomAnswerPlugin.audio-drawing.stories.jsx[2m > [22m[2mAudio Only Question
[22m[39m[ChatContext] Creating AssistantChat with user: undefined
[90mstdout[2m | src/components/Editor3/plugins/CustomAnswerPlugin.audio-drawing.stories.jsx[2m > [22m[2mAudio Only Question
[22m[39m[Mock Data] AssistantChat created: mock-assistantchat-1790417999172 - notified 1 subscribers
[90mstdout[2m | src/components/Editor3/plugins/CustomAnswerPlugin.audio-drawing.stories.jsx[2m > [22m[2mAudio Only Question
[22m[39m[ChatContext] Create result: {
  "data": {
    "_version": 1,
    "archived": false,
    "chatFiles": [Function anonymous],
    "createdAt": "2026-09-26T10:19:59.172Z",
    "id": "mock-assistantchat-1790417999172",
    "model": "gpt-4",
    "updatedAt": "2026-09-26T10:19:59.172Z",
  },
  "errors": [],
  "hasData": true,
  "hasErrors": true,
}
[90mstdout[2m | src/components/Editor3/plugins/CustomAnswerPlugin.audio-drawing.stories.jsx[2m > [22m[2mAudio Only Question
[22m[39m[ChatContext] Created AssistantChat: mock-assistantchat-1790417999172 at: 2026-09-26T10:19:59.172Z
[90mstdout[2m | src/components/Editor3/plugins/CustomAnswerPlugin.audio-drawing.stories.jsx[2m > [22m[2mAudio Only Question
[22m[39m[Mock Storage] downloadData called with: undefined
[90mstdout[2m | src/components/Editor3/plugins/CustomAnswerPlugin.audio-drawing.stories.jsx[2m > [22m[2mAudio Only Question
[22m[39m[ChatContext] Setting initial chat: mock-assistantchat-1790417999172
[90mstdout[2m | src/components/Editor3/plugins/CustomAnswerPlugin.audio-drawing.stories.jsx[2m > [22m[2mAudio Only Question
[22m[39m[ChatContext] Chat exists and not archived, skipping creation
[90mstdout[2m | src/components/Editor3/plugins/CustomAnswerPlugin.audio-drawing.stories.jsx[2m > [22m[2mDrawing Only Question
[22m[39mCustomAnswerComponent.questionID audio-q1
[90mstdout[2m | src/components/Editor3/plugins/CustomAnswerPlugin.audio-drawing.stories.jsx[2m > [22m[2mDrawing Only Question
[22m[39mCustomAnswerComponent.questionBank {
  "audio-q1": {
    "answer": "bonjour",
    "id": "audio-q1",
    "prompt": "Say "Bonjour"",
    "type": "audio",
  },
  "audio-q2": {
    "answer": "merci",
    "id": "audio-q2",
    "prompt": "Say "Merci"",
    "type": "audio",
  },
}
[90mstdout[2m | src/components/Editor3/plugins/CustomAnswerPlugin.audio-drawing.stories.jsx[2m > [22m[2mDrawing Only Question
[22m[39mCustomAnswerComponent.question {
  "answer": "bonjour",
  "id": "audio-q1",
  "prompt": "Say "Bonjour"",
  "type": "audio",
}
[90mstdout[2m | src/components/Editor3/plugins/CustomAnswerPlugin.audio-drawing.stories.jsx[2m > [22m[2mDrawing Only Question
[22m[39mCustomAnswerComponent.question {
  "answer": "bonjour",
  "id": "audio-q1",
  "prompt": "Say "Bonjour"",
  "type": "audio",
}
[90mstdout[2m | src/components/Editor3/plugins/CustomAnswerPlugin.audio-drawing.stories.jsx[2m > [22m[2mDrawing Only Question
[22m[39mCustomAnswerComponent.prompt Say "Bonjour"
[90mstdout[2m | src/components/Editor3/plugins/CustomAnswerPlugin.audio-drawing.stories.jsx[2m > [22m[2mDrawing Only Question
[22m[39mCustomAnswerComponent.feedback[questionID] undefined
[90mstdout[2m | src/components/Editor3/plugins/CustomAnswerPlugin.audio-drawing.stories.jsx[2m > [22m[2mDrawing Only Question
[22m[39mCustomAnswerComponent.isCompleted undefined
[90mstdout[2m | src/components/Editor3/plugins/CustomAnswerPlugin.audio-drawing.stories.jsx[2m > [22m[2mDrawing Only Question
[22m[39mCustomAnswerComponent.currentPromptMethod text
[90mstdout[2m | src/components/Editor3/plugins/CustomAnswerPlugin.audio-drawing.stories.jsx[2m > [22m[2mDrawing Only Question
[22m[39mCustomAnswerComponent.displayPrompt Say "Bonjour"
[90mstdout[2m | src/components/Editor3/plugins/CustomAnswerPlugin.audio-drawing.stories.jsx[2m > [22m[2mDrawing Only Question
[22m[39mCustomAnswerComponent.questionID audio-q2
[90mstdout[2m | src/components/Editor3/plugins/CustomAnswerPlugin.audio-drawing.stories.jsx[2m > [22m[2mDrawing Only Question
[22m[39mCustomAnswerComponent.questionBank {
  "audio-q1": {
    "answer": "bonjour",
    "id": "audio-q1",
    "prompt": "Say "Bonjour"",
    "type": "audio",
  },
  "audio-q2": {
    "answer": "merci",
    "id": "audio-q2",
    "prompt": "Say "Merci"",
    "type": "audio",
  },
}
[90mstdout[2m | src/components/Editor3/plugins/CustomAnswerPlugin.audio-drawing.stories.jsx[2m > [22m[2mDrawing Only Question
[22m[39mCustomAnswerComponent.question {
  "answer": "merci",
  "id": "audio-q2",
  "prompt": "Say "Merci"",
  "type": "audio",
}
[90mstdout[2m | src/components/Editor3/plugins/CustomAnswerPlugin.audio-drawing.stories.jsx[2m > [22m[2mDrawing Only Question
[22m[39mCustomAnswerComponent.question {
  "answer": "merci",
  "id": "audio-q2",
  "prompt": "Say "Merci"",
  "type": "audio",
}
[90mstdout[2m | src/components/Editor3/plugins/CustomAnswerPlugin.audio-drawing.stories.jsx[2m > [22m[2mDrawing Only Question
[22m[39mCustomAnswerComponent.prompt Say "Merci"
[90mstdout[2m | src/components/Editor3/plugins/CustomAnswerPlugin.audio-drawing.stories.jsx[2m > [22m[2mDrawing Only Question
[22m[39mCustomAnswerComponent.feedback[questionID] undefined
[90mstdout[2m | src/components/Editor3/plugins/CustomAnswerPlugin.audio-drawing.stories.jsx[2m > [22m[2mDrawing Only Question
[22m[39mCustomAnswerComponent.isCompleted undefined
[90mstdout[2m | src/components/Editor3/plugins/CustomAnswerPlugin.audio-drawing.stories.jsx[2m > [22m[2mDrawing Only Question
[22m[39mCustomAnswerComponent.currentPromptMethod text
[90mstdout[2m | src/components/Editor3/plugins/CustomAnswerPlugin.audio-drawing.stories.jsx[2m > [22m[2mDrawing Only Question
[22m[39mCustomAnswerComponent.displayPrompt Say "Merci"
[90mstdout[2m | src/components/Editor3/plugins/CustomAnswerPlugin.audio-drawing.stories.jsx[2m > [22m[2mDrawing Only Question
[22m[39m[ChatContext] Cleaning up subscriptions
[90mstdout[2m | src/components/Editor3/plugins/CustomAnswerPlugin.audio-drawing.stories.jsx[2m > [22m[2mDrawing Only Question
[22m[39m[Mock Data] Unit.onUpdate() subscription removed. Remaining: 0
[90mstdout[2m | src/components/Editor3/plugins/CustomAnswerPlugin.audio-drawing.stories.jsx[2m > [22m[2mDrawing Only Question
[22m[39m[Preview] Skipped initializing default mock data (initializeMockData=false)
[90mstdout[2m | src/components/Editor3/plugins/CustomAnswerPlugin.audio-drawing.stories.jsx[2m > [22m[2mDrawing Only Question
[22m[39m[MOCK CourseVectorStore] Initialized with mock data
[90mstdout[2m | src/components/Editor3/plugins/CustomAnswerPlugin.audio-drawing.stories.jsx[2m > [22m[2mDrawing Only Question
[22m[39m[Mock Data] seedMockUnit: Adding unit mock-unit-id
[90mstdout[2m | src/components/Editor3/plugins/CustomAnswerPlugin.audio-drawing.stories.jsx[2m > [22m[2mDrawing Only Question
[22m[39m[Mock Data] seedMockQuestions: Adding 2 questions
[90mstdout[2m | src/components/Editor3/plugins/CustomAnswerPlugin.audio-drawing.stories.jsx[2m > [22m[2mDrawing Only Question
[22m[39m[TranslationModeController] Setting mode to: off
[90mstdout[2m | src/components/Editor3/plugins/CustomAnswerPlugin.audio-drawing.stories.jsx[2m > [22m[2mDrawing Only Question
[22m[39m[UnitContext] useEffect triggered {
  "authLoading": false,
  "hasUser": true,
  "id": "mock-unit-id",
  "userSub": "mock-user-sub",
}
[90mstdout[2m | src/components/Editor3/plugins/CustomAnswerPlugin.audio-drawing.stories.jsx[2m > [22m[2mDrawing Only Question
[22m[39m[UnitContext] Fetching unit data for id: mock-unit-id
[90mstdout[2m | src/components/Editor3/plugins/CustomAnswerPlugin.audio-drawing.stories.jsx[2m > [22m[2mDrawing Only Question
[22m[39m[FilesContext] Initializing vector store from IndexedDB
[90mstdout[2m | src/components/Editor3/plugins/CustomAnswerPlugin.audio-drawing.stories.jsx[2m > [22m[2mDrawing Only Question
[22m[39m[FilesContext] fetchFiles called
[90mstdout[2m | src/components/Editor3/plugins/CustomAnswerPlugin.audio-drawing.stories.jsx[2m > [22m[2mDrawing Only Question
[22m[39m[FilesContext] User authenticated: mock-user-sub
[90mstdout[2m | src/components/Editor3/plugins/CustomAnswerPlugin.audio-drawing.stories.jsx[2m > [22m[2mDrawing Only Question
[22m[39m[FilesContext] Identity ID: us-east-1:mock-identity-123
[90mstdout[2m | src/components/Editor3/plugins/CustomAnswerPlugin.audio-drawing.stories.jsx[2m > [22m[2mDrawing Only Question
[22m[39m[FilesContext] About to set up File observeQuery
[90mstdout[2m | src/components/Editor3/plugins/CustomAnswerPlugin.audio-drawing.stories.jsx[2m > [22m[2mDrawing Only Question
[22m[39m[ChatContext] Setting up AssistantChat observeQuery
[90mstdout[2m | src/components/Editor3/plugins/CustomAnswerPlugin.audio-drawing.stories.jsx[2m > [22m[2mDrawing Only Question
[22m[39m[ChatContext] Waiting for subscription to initialize
[90mstdout[2m | src/components/Editor3/plugins/CustomAnswerPlugin.audio-drawing.stories.jsx[2m > [22m[2mDrawing Only Question
[22m[39m[SettingsContext] Setting up Settings subscription for user: mock-user-sub
[90mstdout[2m | src/components/Editor3/plugins/CustomAnswerPlugin.audio-drawing.stories.jsx[2m > [22m[2mDrawing Only Question
[22m[39mCustomAnswerComponent.questionID drawing-q1
[90mstdout[2m | src/components/Editor3/plugins/CustomAnswerPlugin.audio-drawing.stories.jsx[2m > [22m[2mDrawing Only Question
[22m[39mCustomAnswerComponent.questionBank []
[90mstdout[2m | src/components/Editor3/plugins/CustomAnswerPlugin.audio-drawing.stories.jsx[2m > [22m[2mDrawing Only Question
[22m[39mCustomAnswerComponent.question {}
[90mstdout[2m | src/components/Editor3/plugins/CustomAnswerPlugin.audio-drawing.stories.jsx[2m > [22m[2mDrawing Only Question
[22m[39mCustomAnswerComponent.question {}
[90mstdout[2m | src/components/Editor3/plugins/CustomAnswerPlugin.audio-drawing.stories.jsx[2m > [22m[2mDrawing Only Question
[22m[39mCustomAnswerComponent.prompt undefined
[90mstdout[2m | src/components/Editor3/plugins/CustomAnswerPlugin.audio-drawing.stories.jsx[2m > [22m[2mDrawing Only Question
[22m[39mCustomAnswerComponent.feedback[questionID] undefined
[90mstdout[2m | src/components/Editor3/plugins/CustomAnswerPlugin.audio-drawing.stories.jsx[2m > [22m[2mDrawing Only Question
[22m[39mCustomAnswerComponent.isCompleted undefined
[90mstdout[2m | src/components/Editor3/plugins/CustomAnswerPlugin.audio-drawing.stories.jsx[2m > [22m[2mDrawing Only Question
[22m[39mCustomAnswerComponent.currentPromptMethod text
[90mstdout[2m | src/components/Editor3/plugins/CustomAnswerPlugin.audio-drawing.stories.jsx[2m > [22m[2mDrawing Only Question
[22m[39mCustomAnswerComponent.displayPrompt undefined
[90mstdout[2m | src/components/Editor3/plugins/CustomAnswerPlugin.audio-drawing.stories.jsx[2m > [22m[2mDrawing Only Question
[22m[39mCustomAnswerComponent.questionID drawing-q2
[90mstdout[2m | src/components/Editor3/plugins/CustomAnswerPlugin.audio-drawing.stories.jsx[2m > [22m[2mDrawing Only Question
[22m[39mCustomAnswerComponent.questionBank []
[90mstdout[2m | src/components/Editor3/plugins/CustomAnswerPlugin.audio-drawing.stories.jsx[2m > [22m[2mDrawing Only Question
[22m[39mCustomAnswerComponent.question {}
[90mstdout[2m | src/components/Editor3/plugins/CustomAnswerPlugin.audio-drawing.stories.jsx[2m > [22m[2mDrawing Only Question
[22m[39mCustomAnswerComponent.question {}
[90mstdout[2m | src/components/Editor3/plugins/CustomAnswerPlugin.audio-drawing.stories.jsx[2m > [22m[2mDrawing Only Question
[22m[39mCustomAnswerComponent.prompt undefined
[90mstdout[2m | src/components/Editor3/plugins/CustomAnswerPlugin.audio-drawing.stories.jsx[2m > [22m[2mDrawing Only Question
[22m[39mCustomAnswerComponent.feedback[questionID] undefined
[90mstdout[2m | src/components/Editor3/plugins/CustomAnswerPlugin.audio-drawing.stories.jsx[2m > [22m[2mDrawing Only Question
[22m[39mCustomAnswerComponent.isCompleted undefined
[90mstdout[2m | src/components/Editor3/plugins/CustomAnswerPlugin.audio-drawing.stories.jsx[2m > [22m[2mDrawing Only Question
[22m[39mCustomAnswerComponent.currentPromptMethod text
[90mstdout[2m | src/components/Editor3/plugins/CustomAnswerPlugin.audio-drawing.stories.jsx[2m > [22m[2mDrawing Only Question
[22m[39mCustomAnswerComponent.displayPrompt undefined
[90mstdout[2m | src/components/Editor3/plugins/CustomAnswerPlugin.audio-drawing.stories.jsx[2m > [22m[2mDrawing Only Question
[22m[39mallowedInput [
  "writing",
]
[90mstdout[2m | src/components/Editor3/plugins/CustomAnswerPlugin.audio-drawing.stories.jsx[2m > [22m[2mDrawing Only Question
[22m[39mpromptMethod [
  "text",
]
[90mstdout[2m | src/components/Editor3/plugins/CustomAnswerPlugin.audio-drawing.stories.jsx[2m > [22m[2mDrawing Only Question
[22m[39mAnswerComponent.currentPromptMethod text
[90mstdout[2m | src/components/Editor3/plugins/CustomAnswerPlugin.audio-drawing.stories.jsx[2m > [22m[2mDrawing Only Question
[22m[39mAnswerComponent.promptMethod [
  "text",
]
[90mstdout[2m | src/components/Editor3/plugins/CustomAnswerPlugin.audio-drawing.stories.jsx[2m > [22m[2mDrawing Only Question
[22m[39mallowedInput [
  "writing",
]
[90mstdout[2m | src/components/Editor3/plugins/CustomAnswerPlugin.audio-drawing.stories.jsx[2m > [22m[2mDrawing Only Question
[22m[39mpromptMethod [
  "text",
]
[90mstdout[2m | src/components/Editor3/plugins/CustomAnswerPlugin.audio-drawing.stories.jsx[2m > [22m[2mDrawing Only Question
[22m[39mAnswerComponent.currentPromptMethod text
[90mstdout[2m | src/components/Editor3/plugins/CustomAnswerPlugin.audio-drawing.stories.jsx[2m > [22m[2mDrawing Only Question
[22m[39m[Mock Data] Settings created: mock-settings-1790418001190 - notified 0 subscribers
[90mstdout[2m | src/components/Editor3/plugins/CustomAnswerPlugin.audio-drawing.stories.jsx[2m > [22m[2mDrawing Only Question
[22m[39m[Mock Data] Unit.onUpdate() subscription added. Total: 1
[90mstdout[2m | src/components/Editor3/plugins/CustomAnswerPlugin.audio-drawing.stories.jsx[2m > [22m[2mDrawing Only Question
[22m[39mCustomAnswerComponent.questionID drawing-q1
[90mstdout[2m | src/components/Editor3/plugins/CustomAnswerPlugin.audio-drawing.stories.jsx[2m > [22m[2mDrawing Only Question
[22m[39mCustomAnswerComponent.questionBank []
[90mstdout[2m | src/components/Editor3/plugins/CustomAnswerPlugin.audio-drawing.stories.jsx[2m > [22m[2mDrawing Only Question
[22m[39mCustomAnswerComponent.question {}
[90mstdout[2m | src/components/Editor3/plugins/CustomAnswerPlugin.audio-drawing.stories.jsx[2m > [22m[2mDrawing Only Question
[22m[39mCustomAnswerComponent.question {}
[90mstdout[2m | src/components/Editor3/plugins/CustomAnswerPlugin.audio-drawing.stories.jsx[2m > [22m[2mDrawing Only Question
[22m[39mCustomAnswerComponent.prompt undefined
[90mstdout[2m | src/components/Editor3/plugins/CustomAnswerPlugin.audio-drawing.stories.jsx[2m > [22m[2mDrawing Only Question
[22m[39mCustomAnswerComponent.feedback[questionID] undefined
[90mstdout[2m | src/components/Editor3/plugins/CustomAnswerPlugin.audio-drawing.stories.jsx[2m > [22m[2mDrawing Only Question
[22m[39mCustomAnswerComponent.isCompleted undefined
[90mstdout[2m | src/components/Editor3/plugins/CustomAnswerPlugin.audio-drawing.stories.jsx[2m > [22m[2mDrawing Only Question
[22m[39mCustomAnswerComponent.currentPromptMethod text
[90mstdout[2m | src/components/Editor3/plugins/CustomAnswerPlugin.audio-drawing.stories.jsx[2m > [22m[2mDrawing Only Question
[22m[39mCustomAnswerComponent.displayPrompt undefined
[90mstdout[2m | src/components/Editor3/plugins/CustomAnswerPlugin.audio-drawing.stories.jsx[2m > [22m[2mDrawing Only Question
[22m[39mCustomAnswerComponent.questionID drawing-q2
[90mstdout[2m | src/components/Editor3/plugins/CustomAnswerPlugin.audio-drawing.stories.jsx[2m > [22m[2mDrawing Only Question
[22m[39mCustomAnswerComponent.questionBank []
[90mstdout[2m | src/components/Editor3/plugins/CustomAnswerPlugin.audio-drawing.stories.jsx[2m > [22m[2mDrawing Only Question
[22m[39mCustomAnswerComponent.question {}
[90mstdout[2m | src/components/Editor3/plugins/CustomAnswerPlugin.audio-drawing.stories.jsx[2m > [22m[2mDrawing Only Question
[22m[39mCustomAnswerComponent.question {}
[90mstdout[2m | src/components/Editor3/plugins/CustomAnswerPlugin.audio-drawing.stories.jsx[2m > [22m[2mDrawing Only Question
[22m[39mCustomAnswerComponent.prompt undefined
[90mstdout[2m | src/components/Editor3/plugins/CustomAnswerPlugin.audio-drawing.stories.jsx[2m > [22m[2mDrawing Only Question
[22m[39mCustomAnswerComponent.feedback[questionID] undefined
[90mstdout[2m | src/components/Editor3/plugins/CustomAnswerPlugin.audio-drawing.stories.jsx[2m > [22m[2mDrawing Only Question
[22m[39mCustomAnswerComponent.isCompleted undefined
[90mstdout[2m | src/components/Editor3/plugins/CustomAnswerPlugin.audio-drawing.stories.jsx[2m > [22m[2mDrawing Only Question
[22m[39mCustomAnswerComponent.currentPromptMethod text
[90mstdout[2m | src/components/Editor3/plugins/CustomAnswerPlugin.audio-drawing.stories.jsx[2m > [22m[2mDrawing Only Question
[22m[39mCustomAnswerComponent.displayPrompt undefined
[90mstdout[2m | src/components/Editor3/plugins/CustomAnswerPlugin.audio-drawing.stories.jsx[2m > [22m[2mDrawing Only Question
[22m[39m[SectionContext] Section observeQuery update: 0
[90mstdout[2m | src/components/Editor3/plugins/CustomAnswerPlugin.audio-drawing.stories.jsx[2m > [22m[2mDrawing Only Question
[22m[39m[FilesContext] File observeQuery update: 0 files
[90mstdout[2m | src/components/Editor3/plugins/CustomAnswerPlugin.audio-drawing.stories.jsx[2m > [22m[2mDrawing Only Question
[22m[39m[ChatContext] AssistantChat initialized with 0 chats
[90mstdout[2m | src/components/Editor3/plugins/CustomAnswerPlugin.audio-drawing.stories.jsx[2m > [22m[2mDrawing Only Question
[22m[39m[MOCK CourseVectorStore] Initialized with mock data
[90mstdout[2m | src/components/Editor3/plugins/CustomAnswerPlugin.audio-drawing.stories.jsx[2m > [22m[2mDrawing Only Question
[22m[39mCustomAnswerComponent.questionID drawing-q1
[90mstdout[2m | src/components/Editor3/plugins/CustomAnswerPlugin.audio-drawing.stories.jsx[2m > [22m[2mDrawing Only Question
[22m[39mCustomAnswerComponent.questionBank {
  "drawing-q1": {
    "answer": "A house with roof, walls, door, and windows",
    "id": "drawing-q1",
    "prompt": "Draw a house",
    "type": "drawing",
  },
  "drawing-q2": {
    "answer": "A tree with trunk and branches",
    "id": "drawing-q2",
    "prompt": "Draw a tree",
    "type": "drawing",
  },
}
[90mstdout[2m | src/components/Editor3/plugins/CustomAnswerPlugin.audio-drawing.stories.jsx[2m > [22m[2mDrawing Only Question
[22m[39mCustomAnswerComponent.question {
  "answer": "A house with roof, walls, door, and windows",
  "id": "drawing-q1",
  "prompt": "Draw a house",
  "type": "drawing",
}
[90mstdout[2m | src/components/Editor3/plugins/CustomAnswerPlugin.audio-drawing.stories.jsx[2m > [22m[2mDrawing Only Question
[22m[39mCustomAnswerComponent.question {
  "answer": "A house with roof, walls, door, and windows",
  "id": "drawing-q1",
  "prompt": "Draw a house",
  "type": "drawing",
}
[90mstdout[2m | src/components/Editor3/plugins/CustomAnswerPlugin.audio-drawing.stories.jsx[2m > [22m[2mDrawing Only Question
[22m[39mCustomAnswerComponent.prompt Draw a house
[90mstdout[2m | src/components/Editor3/plugins/CustomAnswerPlugin.audio-drawing.stories.jsx[2m > [22m[2mDrawing Only Question
[22m[39mCustomAnswerComponent.feedback[questionID] undefined
[90mstdout[2m | src/components/Editor3/plugins/CustomAnswerPlugin.audio-drawing.stories.jsx[2m > [22m[2mDrawing Only Question
[22m[39mCustomAnswerComponent.isCompleted undefined
[90mstdout[2m | src/components/Editor3/plugins/CustomAnswerPlugin.audio-drawing.stories.jsx[2m > [22m[2mDrawing Only Question
[22m[39mCustomAnswerComponent.currentPromptMethod text
[90mstdout[2m | src/components/Editor3/plugins/CustomAnswerPlugin.audio-drawing.stories.jsx[2m > [22m[2mDrawing Only Question
[22m[39mCustomAnswerComponent.displayPrompt Draw a house
[90mstdout[2m | src/components/Editor3/plugins/CustomAnswerPlugin.audio-drawing.stories.jsx[2m > [22m[2mDrawing Only Question
[22m[39mCustomAnswerComponent.questionID drawing-q2
[90mstdout[2m | src/components/Editor3/plugins/CustomAnswerPlugin.audio-drawing.stories.jsx[2m > [22m[2mDrawing Only Question
[22m[39mCustomAnswerComponent.questionBank {
  "drawing-q1": {
    "answer": "A house with roof, walls, door, and windows",
    "id": "drawing-q1",
    "prompt": "Draw a house",
    "type": "drawing",
  },
  "drawing-q2": {
    "answer": "A tree with trunk and branches",
    "id": "drawing-q2",
    "prompt": "Draw a tree",
    "type": "drawing",
  },
}
[90mstdout[2m | src/components/Editor3/plugins/CustomAnswerPlugin.audio-drawing.stories.jsx[2m > [22m[2mDrawing Only Question
[22m[39mCustomAnswerComponent.question {
  "answer": "A tree with trunk and branches",
  "id": "drawing-q2",
  "prompt": "Draw a tree",
  "type": "drawing",
}
[90mstdout[2m | src/components/Editor3/plugins/CustomAnswerPlugin.audio-drawing.stories.jsx[2m > [22m[2mDrawing Only Question
[22m[39mCustomAnswerComponent.question {
  "answer": "A tree with trunk and branches",
  "id": "drawing-q2",
  "prompt": "Draw a tree",
  "type": "drawing",
}
[90mstdout[2m | src/components/Editor3/plugins/CustomAnswerPlugin.audio-drawing.stories.jsx[2m > [22m[2mDrawing Only Question
[22m[39mCustomAnswerComponent.prompt Draw a tree
[90mstdout[2m | src/components/Editor3/plugins/CustomAnswerPlugin.audio-drawing.stories.jsx[2m > [22m[2mDrawing Only Question
[22m[39mCustomAnswerComponent.feedback[questionID] undefined
[90mstdout[2m | src/components/Editor3/plugins/CustomAnswerPlugin.audio-drawing.stories.jsx[2m > [22m[2mDrawing Only Question
[22m[39mCustomAnswerComponent.isCompleted undefined
[90mstdout[2m | src/components/Editor3/plugins/CustomAnswerPlugin.audio-drawing.stories.jsx[2m > [22m[2mDrawing Only Question
[22m[39mCustomAnswerComponent.currentPromptMethod text
[90mstdout[2m | src/components/Editor3/plugins/CustomAnswerPlugin.audio-drawing.stories.jsx[2m > [22m[2mDrawing Only Question
[22m[39mCustomAnswerComponent.displayPrompt Draw a tree
[90mstdout[2m | src/components/Editor3/plugins/CustomAnswerPlugin.audio-drawing.stories.jsx[2m > [22m[2mDrawing Only Question
[22m[39m[ChatContext] No current chat available, will create one
[90mstdout[2m | src/components/Editor3/plugins/CustomAnswerPlugin.audio-drawing.stories.jsx[2m > [22m[2mDrawing Only Question
[22m[39m[ChatContext] Creating AssistantChat with user: undefined
[90mstdout[2m | src/components/Editor3/plugins/CustomAnswerPlugin.audio-drawing.stories.jsx[2m > [22m[2mDrawing Only Question
[22m[39m[Mock Data] AssistantChat created: mock-assistantchat-1790418001274 - notified 1 subscribers
[90mstdout[2m | src/components/Editor3/plugins/CustomAnswerPlugin.audio-drawing.stories.jsx[2m > [22m[2mDrawing Only Question
[22m[39m[ChatContext] Create result: {
  "data": {
    "_version": 1,
    "archived": false,
    "chatFiles": [Function anonymous],
    "createdAt": "2026-09-26T10:20:01.274Z",
    "id": "mock-assistantchat-1790418001274",
    "model": "gpt-4",
    "updatedAt": "2026-09-26T10:20:01.274Z",
  },
  "errors": [],
  "hasData": true,
  "hasErrors": true,
}
[90mstdout[2m | src/components/Editor3/plugins/CustomAnswerPlugin.audio-drawing.stories.jsx[2m > [22m[2mDrawing Only Question
[22m[39m[ChatContext] Created AssistantChat: mock-assistantchat-1790418001274 at: 2026-09-26T10:20:01.274Z
[90mstdout[2m | src/components/Editor3/plugins/CustomAnswerPlugin.audio-drawing.stories.jsx[2m > [22m[2mDrawing Only Question
[22m[39m[Mock Storage] downloadData called with: undefined
[90mstdout[2m | src/components/Editor3/plugins/CustomAnswerPlugin.audio-drawing.stories.jsx[2m > [22m[2mDrawing Only Question
[22m[39m[ChatContext] Setting initial chat: mock-assistantchat-1790418001274
[90mstdout[2m | src/components/Editor3/plugins/CustomAnswerPlugin.audio-drawing.stories.jsx[2m > [22m[2mDrawing Only Question
[22m[39m[ChatContext] Chat exists and not archived, skipping creation
[90mstdout[2m | src/components/Editor3/plugins/CustomAnswerPlugin.audio-drawing.stories.jsx[2m > [22m[2mDrawing Only Question
[22m[39mCustomAnswerComponent.questionID drawing-q1
[90mstdout[2m | src/components/Editor3/plugins/CustomAnswerPlugin.audio-drawing.stories.jsx[2m > [22m[2mDrawing Only Question
[22m[39mCustomAnswerComponent.questionBank {
  "drawing-q1": {
    "answer": "A house with roof, walls, door, and windows",
    "id": "drawing-q1",
    "prompt": "Draw a house",
    "type": "drawing",
  },
  "drawing-q2": {
    "answer": "A tree with trunk and branches",
    "id": "drawing-q2",
    "prompt": "Draw a tree",
    "type": "drawing",
  },
}
[90mstdout[2m | src/components/Editor3/plugins/CustomAnswerPlugin.audio-drawing.stories.jsx[2m > [22m[2mDrawing Only Question
[22m[39mCustomAnswerComponent.question {
  "answer": "A house with roof, walls, door, and windows",
  "id": "drawing-q1",
  "prompt": "Draw a house",
  "type": "drawing",
}
[90mstdout[2m | src/components/Editor3/plugins/CustomAnswerPlugin.audio-drawing.stories.jsx[2m > [22m[2mDrawing Only Question
[22m[39mCustomAnswerComponent.question {
  "answer": "A house with roof, walls, door, and windows",
  "id": "drawing-q1",
  "prompt": "Draw a house",
  "type": "drawing",
}
[90mstdout[2m | src/components/Editor3/plugins/CustomAnswerPlugin.audio-drawing.stories.jsx[2m > [22m[2mDrawing Only Question
[22m[39mCustomAnswerComponent.prompt Draw a house
[90mstdout[2m | src/components/Editor3/plugins/CustomAnswerPlugin.audio-drawing.stories.jsx[2m > [22m[2mDrawing Only Question
[22m[39mCustomAnswerComponent.feedback[questionID] undefined
[90mstdout[2m | src/components/Editor3/plugins/CustomAnswerPlugin.audio-drawing.stories.jsx[2m > [22m[2mDrawing Only Question
[22m[39mCustomAnswerComponent.isCompleted undefined
[90mstdout[2m | src/components/Editor3/plugins/CustomAnswerPlugin.audio-drawing.stories.jsx[2m > [22m[2mDrawing Only Question
[22m[39mCustomAnswerComponent.currentPromptMethod text
[90mstdout[2m | src/components/Editor3/plugins/CustomAnswerPlugin.audio-drawing.stories.jsx[2m > [22m[2mDrawing Only Question
[22m[39mCustomAnswerComponent.displayPrompt Draw a house
[90mstdout[2m | src/components/Editor3/plugins/CustomAnswerPlugin.audio-drawing.stories.jsx[2m > [22m[2mDrawing Only Question
[22m[39mCustomAnswerComponent.questionID drawing-q2
[90mstdout[2m | src/components/Editor3/plugins/CustomAnswerPlugin.audio-drawing.stories.jsx[2m > [22m[2mDrawing Only Question
[22m[39mCustomAnswerComponent.questionBank {
  "drawing-q1": {
    "answer": "A house with roof, walls, door, and windows",
    "id": "drawing-q1",
    "prompt": "Draw a house",
    "type": "drawing",
  },
  "drawing-q2": {
    "answer": "A tree with trunk and branches",
    "id": "drawing-q2",
    "prompt": "Draw a tree",
    "type": "drawing",
  },
}
[90mstdout[2m | src/components/Editor3/plugins/CustomAnswerPlugin.audio-drawing.stories.jsx[2m > [22m[2mDrawing Only Question
[22m[39mCustomAnswerComponent.question {
  "answer": "A tree with trunk and branches",
  "id": "drawing-q2",
  "prompt": "Draw a tree",
  "type": "drawing",
}
[90mstdout[2m | src/components/Editor3/plugins/CustomAnswerPlugin.audio-drawing.stories.jsx[2m > [22m[2mDrawing Only Question
[22m[39mCustomAnswerComponent.question {
  "answer": "A tree with trunk and branches",
  "id": "drawing-q2",
  "prompt": "Draw a tree",
  "type": "drawing",
}
[90mstdout[2m | src/components/Editor3/plugins/CustomAnswerPlugin.audio-drawing.stories.jsx[2m > [22m[2mDrawing Only Question
[22m[39mCustomAnswerComponent.prompt Draw a tree
[90mstdout[2m | src/components/Editor3/plugins/CustomAnswerPlugin.audio-drawing.stories.jsx[2m > [22m[2mDrawing Only Question
[22m[39mCustomAnswerComponent.feedback[questionID] undefined
[90mstdout[2m | src/components/Editor3/plugins/CustomAnswerPlugin.audio-drawing.stories.jsx[2m > [22m[2mDrawing Only Question
[22m[39mCustomAnswerComponent.isCompleted undefined
[90mstdout[2m | src/components/Editor3/plugins/CustomAnswerPlugin.audio-drawing.stories.jsx[2m > [22m[2mDrawing Only Question
[22m[39mCustomAnswerComponent.currentPromptMethod text
[90mstdout[2m | src/components/Editor3/plugins/CustomAnswerPlugin.audio-drawing.stories.jsx[2m > [22m[2mDrawing Only Question
[22m[39mCustomAnswerComponent.displayPrompt Draw a tree
[90mstdout[2m | src/components/Editor3/plugins/CustomAnswerPlugin.audio-drawing.stories.jsx[2m > [22m[2mMulti Modal Question
[22m[39m[ChatContext] Cleaning up subscriptions
[90mstdout[2m | src/components/Editor3/plugins/CustomAnswerPlugin.audio-drawing.stories.jsx[2m > [22m[2mMulti Modal Question
[22m[39m[Mock Data] Unit.onUpdate() subscription removed. Remaining: 0
[90mstdout[2m | src/components/Editor3/plugins/CustomAnswerPlugin.audio-drawing.stories.jsx[2m > [22m[2mMulti Modal Question
[22m[39m[Preview] Skipped initializing default mock data (initializeMockData=false)
[90mstdout[2m | src/components/Editor3/plugins/CustomAnswerPlugin.audio-drawing.stories.jsx[2m > [22m[2mMulti Modal Question
[22m[39m[MOCK CourseVectorStore] Initialized with mock data
[90mstdout[2m | src/components/Editor3/plugins/CustomAnswerPlugin.audio-drawing.stories.jsx[2m > [22m[2mMulti Modal Question
[22m[39m[Mock Data] seedMockUnit: Adding unit mock-unit-id
[90mstdout[2m | src/components/Editor3/plugins/CustomAnswerPlugin.audio-drawing.stories.jsx[2m > [22m[2mMulti Modal Question
[22m[39m[Mock Data] seedMockQuestions: Adding 1 questions
[90mstdout[2m | src/components/Editor3/plugins/CustomAnswerPlugin.audio-drawing.stories.jsx[2m > [22m[2mMulti Modal Question
[22m[39m[TranslationModeController] Setting mode to: off
[90mstdout[2m | src/components/Editor3/plugins/CustomAnswerPlugin.audio-drawing.stories.jsx[2m > [22m[2mMulti Modal Question
[22m[39m[UnitContext] useEffect triggered {
  "authLoading": false,
  "hasUser": true,
  "id": "mock-unit-id",
  "userSub": "mock-user-sub",
}
[90mstdout[2m | src/components/Editor3/plugins/CustomAnswerPlugin.audio-drawing.stories.jsx[2m > [22m[2mMulti Modal Question
[22m[39m[UnitContext] Fetching unit data for id: mock-unit-id
[90mstdout[2m | src/components/Editor3/plugins/CustomAnswerPlugin.audio-drawing.stories.jsx[2m > [22m[2mMulti Modal Question
[22m[39m[FilesContext] Initializing vector store from IndexedDB
[90mstdout[2m | src/components/Editor3/plugins/CustomAnswerPlugin.audio-drawing.stories.jsx[2m > [22m[2mMulti Modal Question
[22m[39m[FilesContext] fetchFiles called
[90mstdout[2m | src/components/Editor3/plugins/CustomAnswerPlugin.audio-drawing.stories.jsx[2m > [22m[2mMulti Modal Question
[22m[39m[FilesContext] User authenticated: mock-user-sub
[90mstdout[2m | src/components/Editor3/plugins/CustomAnswerPlugin.audio-drawing.stories.jsx[2m > [22m[2mMulti Modal Question
[22m[39m[FilesContext] Identity ID: us-east-1:mock-identity-123
[90mstdout[2m | src/components/Editor3/plugins/CustomAnswerPlugin.audio-drawing.stories.jsx[2m > [22m[2mMulti Modal Question
[22m[39m[FilesContext] About to set up File observeQuery
[90mstdout[2m | src/components/Editor3/plugins/CustomAnswerPlugin.audio-drawing.stories.jsx[2m > [22m[2mMulti Modal Question
[22m[39m[ChatContext] Setting up AssistantChat observeQuery
[90mstdout[2m | src/components/Editor3/plugins/CustomAnswerPlugin.audio-drawing.stories.jsx[2m > [22m[2mMulti Modal Question
[22m[39m[ChatContext] Waiting for subscription to initialize
[90mstdout[2m | src/components/Editor3/plugins/CustomAnswerPlugin.audio-drawing.stories.jsx[2m > [22m[2mMulti Modal Question
[22m[39m[SettingsContext] Setting up Settings subscription for user: mock-user-sub
[90mstdout[2m | src/components/Editor3/plugins/CustomAnswerPlugin.audio-drawing.stories.jsx[2m > [22m[2mMulti Modal Question
[22m[39mCustomAnswerComponent.questionID multi-q1
[90mstdout[2m | src/components/Editor3/plugins/CustomAnswerPlugin.audio-drawing.stories.jsx[2m > [22m[2mMulti Modal Question
[22m[39mCustomAnswerComponent.questionBank []
[90mstdout[2m | src/components/Editor3/plugins/CustomAnswerPlugin.audio-drawing.stories.jsx[2m > [22m[2mMulti Modal Question
[22m[39mCustomAnswerComponent.question {}
[90mstdout[2m | src/components/Editor3/plugins/CustomAnswerPlugin.audio-drawing.stories.jsx[2m > [22m[2mMulti Modal Question
[22m[39mCustomAnswerComponent.question {}
[90mstdout[2m | src/components/Editor3/plugins/CustomAnswerPlugin.audio-drawing.stories.jsx[2m > [22m[2mMulti Modal Question
[22m[39mCustomAnswerComponent.prompt undefined
[90mstdout[2m | src/components/Editor3/plugins/CustomAnswerPlugin.audio-drawing.stories.jsx[2m > [22m[2mMulti Modal Question
[22m[39mCustomAnswerComponent.feedback[questionID] undefined
[90mstdout[2m | src/components/Editor3/plugins/CustomAnswerPlugin.audio-drawing.stories.jsx[2m > [22m[2mMulti Modal Question
[22m[39mCustomAnswerComponent.isCompleted undefined
[90mstdout[2m | src/components/Editor3/plugins/CustomAnswerPlugin.audio-drawing.stories.jsx[2m > [22m[2mMulti Modal Question
[22m[39mCustomAnswerComponent.currentPromptMethod text
[90mstdout[2m | src/components/Editor3/plugins/CustomAnswerPlugin.audio-drawing.stories.jsx[2m > [22m[2mMulti Modal Question
[22m[39mCustomAnswerComponent.displayPrompt undefined
[90mstdout[2m | src/components/Editor3/plugins/CustomAnswerPlugin.audio-drawing.stories.jsx[2m > [22m[2mMulti Modal Question
[22m[39mallowedInput [
  "text",
  "audio",
  "writing",
]
[90mstdout[2m | src/components/Editor3/plugins/CustomAnswerPlugin.audio-drawing.stories.jsx[2m > [22m[2mMulti Modal Question
[22m[39mpromptMethod [
  "text",
]
[90mstdout[2m | src/components/Editor3/plugins/CustomAnswerPlugin.audio-drawing.stories.jsx[2m > [22m[2mMulti Modal Question
[22m[39mAnswerComponent.currentPromptMethod text
[90mstdout[2m | src/components/Editor3/plugins/CustomAnswerPlugin.audio-drawing.stories.jsx[2m > [22m[2mMulti Modal Question
[22m[39mAnswerComponent.promptMethod [
  "text",
]
[90mstdout[2m | src/components/Editor3/plugins/CustomAnswerPlugin.audio-drawing.stories.jsx[2m > [22m[2mMulti Modal Question
[22m[39mallowedInput [
  "text",
  "audio",
  "writing",
]
[90mstdout[2m | src/components/Editor3/plugins/CustomAnswerPlugin.audio-drawing.stories.jsx[2m > [22m[2mMulti Modal Question
[22m[39mpromptMethod [
  "text",
]
[90mstdout[2m | src/components/Editor3/plugins/CustomAnswerPlugin.audio-drawing.stories.jsx[2m > [22m[2mMulti Modal Question
[22m[39mAnswerComponent.currentPromptMethod text
[90mstdout[2m | src/components/Editor3/plugins/CustomAnswerPlugin.audio-drawing.stories.jsx[2m > [22m[2mMulti Modal Question
[22m[39m[Mock Data] Settings created: mock-settings-1790418001751 - notified 0 subscribers
[90mstdout[2m | src/components/Editor3/plugins/CustomAnswerPlugin.audio-drawing.stories.jsx[2m > [22m[2mMulti Modal Question
[22m[39m[Mock Data] Unit.onUpdate() subscription added. Total: 1
[90mstdout[2m | src/components/Editor3/plugins/CustomAnswerPlugin.audio-drawing.stories.jsx[2m > [22m[2mMulti Modal Question
[22m[39mCustomAnswerComponent.questionID multi-q1
[90mstdout[2m | src/components/Editor3/plugins/CustomAnswerPlugin.audio-drawing.stories.jsx[2m > [22m[2mMulti Modal Question
[22m[39mCustomAnswerComponent.questionBank []
[90mstdout[2m | src/components/Editor3/plugins/CustomAnswerPlugin.audio-drawing.stories.jsx[2m > [22m[2mMulti Modal Question
[22m[39mCustomAnswerComponent.question {}
[90mstdout[2m | src/components/Editor3/plugins/CustomAnswerPlugin.audio-drawing.stories.jsx[2m > [22m[2mMulti Modal Question
[22m[39mCustomAnswerComponent.question {}
[90mstdout[2m | src/components/Editor3/plugins/CustomAnswerPlugin.audio-drawing.stories.jsx[2m > [22m[2mMulti Modal Question
[22m[39mCustomAnswerComponent.prompt undefined
[90mstdout[2m | src/components/Editor3/plugins/CustomAnswerPlugin.audio-drawing.stories.jsx[2m > [22m[2mMulti Modal Question
[22m[39mCustomAnswerComponent.feedback[questionID] undefined
[90mstdout[2m | src/components/Editor3/plugins/CustomAnswerPlugin.audio-drawing.stories.jsx[2m > [22m[2mMulti Modal Question
[22m[39mCustomAnswerComponent.isCompleted undefined
[90mstdout[2m | src/components/Editor3/plugins/CustomAnswerPlugin.audio-drawing.stories.jsx[2m > [22m[2mMulti Modal Question
[22m[39mCustomAnswerComponent.currentPromptMethod text
[90mstdout[2m | src/components/Editor3/plugins/CustomAnswerPlugin.audio-drawing.stories.jsx[2m > [22m[2mMulti Modal Question
[22m[39mCustomAnswerComponent.displayPrompt undefined
[90mstdout[2m | src/components/Editor3/plugins/CustomAnswerPlugin.audio-drawing.stories.jsx[2m > [22m[2mMulti Modal Question
[22m[39m[SectionContext] Section observeQuery update: 0
[90mstdout[2m | src/components/Editor3/plugins/CustomAnswerPlugin.audio-drawing.stories.jsx[2m > [22m[2mMulti Modal Question
[22m[39m[FilesContext] File observeQuery update: 0 files
[90mstdout[2m | src/components/Editor3/plugins/CustomAnswerPlugin.audio-drawing.stories.jsx[2m > [22m[2mMulti Modal Question
[22m[39m[ChatContext] AssistantChat initialized with 0 chats
[90mstdout[2m | src/components/Editor3/plugins/CustomAnswerPlugin.audio-drawing.stories.jsx[2m > [22m[2mMulti Modal Question
[22m[39m[MOCK CourseVectorStore] Initialized with mock data
[90mstdout[2m | src/components/Editor3/plugins/CustomAnswerPlugin.audio-drawing.stories.jsx[2m > [22m[2mMulti Modal Question
[22m[39mCustomAnswerComponent.questionID multi-q1
[90mstdout[2m | src/components/Editor3/plugins/CustomAnswerPlugin.audio-drawing.stories.jsx[2m > [22m[2mMulti Modal Question
[22m[39mCustomAnswerComponent.questionBank {
  "multi-q1": {
    "answer": "The process by which plants convert light energy into chemical energy",
    "id": "multi-q1",
    "prompt": "Explain photosynthesis",
    "type": "multi",
  },
}
[90mstdout[2m | src/components/Editor3/plugins/CustomAnswerPlugin.audio-drawing.stories.jsx[2m > [22m[2mMulti Modal Question
[22m[39mCustomAnswerComponent.question {
  "answer": "The process by which plants convert light energy into chemical energy",
  "id": "multi-q1",
  "prompt": "Explain photosynthesis",
  "type": "multi",
}
[90mstdout[2m | src/components/Editor3/plugins/CustomAnswerPlugin.audio-drawing.stories.jsx[2m > [22m[2mMulti Modal Question
[22m[39mCustomAnswerComponent.question {
  "answer": "The process by which plants convert light energy into chemical energy",
  "id": "multi-q1",
  "prompt": "Explain photosynthesis",
  "type": "multi",
}
[90mstdout[2m | src/components/Editor3/plugins/CustomAnswerPlugin.audio-drawing.stories.jsx[2m > [22m[2mMulti Modal Question
[22m[39mCustomAnswerComponent.prompt Explain photosynthesis
[90mstdout[2m | src/components/Editor3/plugins/CustomAnswerPlugin.audio-drawing.stories.jsx[2m > [22m[2mMulti Modal Question
[22m[39mCustomAnswerComponent.feedback[questionID] undefined
[90mstdout[2m | src/components/Editor3/plugins/CustomAnswerPlugin.audio-drawing.stories.jsx[2m > [22m[2mMulti Modal Question
[22m[39mCustomAnswerComponent.isCompleted undefined
[90mstdout[2m | src/components/Editor3/plugins/CustomAnswerPlugin.audio-drawing.stories.jsx[2m > [22m[2mMulti Modal Question
[22m[39mCustomAnswerComponent.currentPromptMethod text
[90mstdout[2m | src/components/Editor3/plugins/CustomAnswerPlugin.audio-drawing.stories.jsx[2m > [22m[2mMulti Modal Question
[22m[39mCustomAnswerComponent.displayPrompt Explain photosynthesis
[90mstdout[2m | src/components/Editor3/plugins/CustomAnswerPlugin.audio-drawing.stories.jsx[2m > [22m[2mMulti Modal Question
[22m[39m[ChatContext] No current chat available, will create one
[90mstdout[2m | src/components/Editor3/plugins/CustomAnswerPlugin.audio-drawing.stories.jsx[2m > [22m[2mMulti Modal Question
[22m[39m[ChatContext] Creating AssistantChat with user: undefined
[90mstdout[2m | src/components/Editor3/plugins/CustomAnswerPlugin.audio-drawing.stories.jsx[2m > [22m[2mMulti Modal Question
[22m[39m[Mock Data] AssistantChat created: mock-assistantchat-1790418001814 - notified 1 subscribers
[90mstdout[2m | src/components/Editor3/plugins/CustomAnswerPlugin.audio-drawing.stories.jsx[2m > [22m[2mMulti Modal Question
[22m[39m[ChatContext] Create result: {
  "data": {
    "_version": 1,
    "archived": false,
    "chatFiles": [Function anonymous],
    "createdAt": "2026-09-26T10:20:01.814Z",
    "id": "mock-assistantchat-1790418001814",
    "model": "gpt-4",
    "updatedAt": "2026-09-26T10:20:01.815Z",
  },
  "errors": [],
  "hasData": true,
  "hasErrors": true,
}
[90mstdout[2m | src/components/Editor3/plugins/CustomAnswerPlugin.audio-drawing.stories.jsx[2m > [22m[2mMulti Modal Question
[22m[39m[ChatContext] Created AssistantChat: mock-assistantchat-1790418001814 at: 2026-09-26T10:20:01.814Z
[90mstdout[2m | src/components/Editor3/plugins/CustomAnswerPlugin.audio-drawing.stories.jsx[2m > [22m[2mMulti Modal Question
[22m[39m[Mock Storage] downloadData called with: undefined
[90mstdout[2m | src/components/Editor3/plugins/CustomAnswerPlugin.audio-drawing.stories.jsx[2m > [22m[2mMulti Modal Question
[22m[39m[ChatContext] Setting initial chat: mock-assistantchat-1790418001814
[90mstdout[2m | src/components/Editor3/plugins/CustomAnswerPlugin.audio-drawing.stories.jsx[2m > [22m[2mMulti Modal Question
[22m[39m[ChatContext] Chat exists and not archived, skipping creation
[90mstdout[2m | src/components/Editor3/plugins/CustomAnswerPlugin.audio-drawing.stories.jsx[2m > [22m[2mLanguage Pronunciation
[22m[39m[ChatContext] Cleaning up subscriptions
[90mstdout[2m | src/components/Editor3/plugins/CustomAnswerPlugin.audio-drawing.stories.jsx[2m > [22m[2mLanguage Pronunciation
[22m[39m[Mock Data] Unit.onUpdate() subscription removed. Remaining: 0
[90mstdout[2m | src/components/Editor3/plugins/CustomAnswerPlugin.audio-drawing.stories.jsx[2m > [22m[2mLanguage Pronunciation
[22m[39m[Preview] Skipped initializing default mock data (initializeMockData=false)
[90mstdout[2m | src/components/Editor3/plugins/CustomAnswerPlugin.audio-drawing.stories.jsx[2m > [22m[2mLanguage Pronunciation
[22m[39m[MOCK CourseVectorStore] Initialized with mock data
[90mstdout[2m | src/components/Editor3/plugins/CustomAnswerPlugin.audio-drawing.stories.jsx[2m > [22m[2mLanguage Pronunciation
[22m[39m[Mock Data] seedMockUnit: Adding unit mock-unit-id
[90mstdout[2m | src/components/Editor3/plugins/CustomAnswerPlugin.audio-drawing.stories.jsx[2m > [22m[2mLanguage Pronunciation
[22m[39m[Mock Data] seedMockQuestions: Adding 2 questions
[90mstdout[2m | src/components/Editor3/plugins/CustomAnswerPlugin.audio-drawing.stories.jsx[2m > [22m[2mLanguage Pronunciation
[22m[39m[TranslationModeController] Setting mode to: off
[90mstdout[2m | src/components/Editor3/plugins/CustomAnswerPlugin.audio-drawing.stories.jsx[2m > [22m[2mLanguage Pronunciation
[22m[39m[UnitContext] useEffect triggered {
  "authLoading": false,
  "hasUser": true,
  "id": "mock-unit-id",
  "userSub": "mock-user-sub",
}
[90mstdout[2m | src/components/Editor3/plugins/CustomAnswerPlugin.audio-drawing.stories.jsx[2m > [22m[2mLanguage Pronunciation
[22m[39m[UnitContext] Fetching unit data for id: mock-unit-id
[90mstdout[2m | src/components/Editor3/plugins/CustomAnswerPlugin.audio-drawing.stories.jsx[2m > [22m[2mLanguage Pronunciation
[22m[39m[FilesContext] Initializing vector store from IndexedDB
[90mstdout[2m | src/components/Editor3/plugins/CustomAnswerPlugin.audio-drawing.stories.jsx[2m > [22m[2mLanguage Pronunciation
[22m[39m[FilesContext] fetchFiles called
[90mstdout[2m | src/components/Editor3/plugins/CustomAnswerPlugin.audio-drawing.stories.jsx[2m > [22m[2mLanguage Pronunciation
[22m[39m[FilesContext] User authenticated: mock-user-sub
[90mstdout[2m | src/components/Editor3/plugins/CustomAnswerPlugin.audio-drawing.stories.jsx[2m > [22m[2mLanguage Pronunciation
[22m[39m[FilesContext] Identity ID: us-east-1:mock-identity-123
[90mstdout[2m | src/components/Editor3/plugins/CustomAnswerPlugin.audio-drawing.stories.jsx[2m > [22m[2mLanguage Pronunciation
[22m[39m[FilesContext] About to set up File observeQuery
[90mstdout[2m | src/components/Editor3/plugins/CustomAnswerPlugin.audio-drawing.stories.jsx[2m > [22m[2mLanguage Pronunciation
[22m[39m[ChatContext] Setting up AssistantChat observeQuery
[90mstdout[2m | src/components/Editor3/plugins/CustomAnswerPlugin.audio-drawing.stories.jsx[2m > [22m[2mLanguage Pronunciation
[22m[39m[ChatContext] Waiting for subscription to initialize
[90mstdout[2m | src/components/Editor3/plugins/CustomAnswerPlugin.audio-drawing.stories.jsx[2m > [22m[2mLanguage Pronunciation
[22m[39m[SettingsContext] Setting up Settings subscription for user: mock-user-sub
[90mstdout[2m | src/components/Editor3/plugins/CustomAnswerPlugin.audio-drawing.stories.jsx[2m > [22m[2mLanguage Pronunciation
[22m[39mCustomAnswerComponent.questionID lang-audio-q1
[90mstdout[2m | src/components/Editor3/plugins/CustomAnswerPlugin.audio-drawing.stories.jsx[2m > [22m[2mLanguage Pronunciation
[22m[39mCustomAnswerComponent.questionBank []
[90mstdout[2m | src/components/Editor3/plugins/CustomAnswerPlugin.audio-drawing.stories.jsx[2m > [22m[2mLanguage Pronunciation
[22m[39mCustomAnswerComponent.question {}
[90mstdout[2m | src/components/Editor3/plugins/CustomAnswerPlugin.audio-drawing.stories.jsx[2m > [22m[2mLanguage Pronunciation
[22m[39mCustomAnswerComponent.question {}
[90mstdout[2m | src/components/Editor3/plugins/CustomAnswerPlugin.audio-drawing.stories.jsx[2m > [22m[2mLanguage Pronunciation
[22m[39mCustomAnswerComponent.prompt undefined
[90mstdout[2m | src/components/Editor3/plugins/CustomAnswerPlugin.audio-drawing.stories.jsx[2m > [22m[2mLanguage Pronunciation
[22m[39mCustomAnswerComponent.feedback[questionID] undefined
[90mstdout[2m | src/components/Editor3/plugins/CustomAnswerPlugin.audio-drawing.stories.jsx[2m > [22m[2mLanguage Pronunciation
[22m[39mCustomAnswerComponent.isCompleted undefined
[90mstdout[2m | src/components/Editor3/plugins/CustomAnswerPlugin.audio-drawing.stories.jsx[2m > [22m[2mLanguage Pronunciation
[22m[39mCustomAnswerComponent.currentPromptMethod audio
[90mstdout[2m | src/components/Editor3/plugins/CustomAnswerPlugin.audio-drawing.stories.jsx[2m > [22m[2mLanguage Pronunciation
[22m[39mCustomAnswerComponent.displayPrompt undefined
[90mstdout[2m | src/components/Editor3/plugins/CustomAnswerPlugin.audio-drawing.stories.jsx[2m > [22m[2mLanguage Pronunciation
[22m[39mCustomAnswerComponent.questionID lang-audio-q2
[90mstdout[2m | src/components/Editor3/plugins/CustomAnswerPlugin.audio-drawing.stories.jsx[2m > [22m[2mLanguage Pronunciation
[22m[39mCustomAnswerComponent.questionBank []
[90mstdout[2m | src/components/Editor3/plugins/CustomAnswerPlugin.audio-drawing.stories.jsx[2m > [22m[2mLanguage Pronunciation
[22m[39mCustomAnswerComponent.question {}
[90mstdout[2m | src/components/Editor3/plugins/CustomAnswerPlugin.audio-drawing.stories.jsx[2m > [22m[2mLanguage Pronunciation
[22m[39mCustomAnswerComponent.question {}
[90mstdout[2m | src/components/Editor3/plugins/CustomAnswerPlugin.audio-drawing.stories.jsx[2m > [22m[2mLanguage Pronunciation
[22m[39mCustomAnswerComponent.prompt undefined
[90mstdout[2m | src/components/Editor3/plugins/CustomAnswerPlugin.audio-drawing.stories.jsx[2m > [22m[2mLanguage Pronunciation
[22m[39mCustomAnswerComponent.feedback[questionID] undefined
[90mstdout[2m | src/components/Editor3/plugins/CustomAnswerPlugin.audio-drawing.stories.jsx[2m > [22m[2mLanguage Pronunciation
[22m[39mCustomAnswerComponent.isCompleted undefined
[90mstdout[2m | src/components/Editor3/plugins/CustomAnswerPlugin.audio-drawing.stories.jsx[2m > [22m[2mLanguage Pronunciation
[22m[39mCustomAnswerComponent.currentPromptMethod audio
[90mstdout[2m | src/components/Editor3/plugins/CustomAnswerPlugin.audio-drawing.stories.jsx[2m > [22m[2mLanguage Pronunciation
[22m[39mCustomAnswerComponent.displayPrompt undefined
[90mstdout[2m | src/components/Editor3/plugins/CustomAnswerPlugin.audio-drawing.stories.jsx[2m > [22m[2mLanguage Pronunciation
[22m[39mallowedInput [
  "audio",
]
[90mstdout[2m | src/components/Editor3/plugins/CustomAnswerPlugin.audio-drawing.stories.jsx[2m > [22m[2mLanguage Pronunciation
[22m[39mpromptMethod [
  "audio",
]
[90mstdout[2m | src/components/Editor3/plugins/CustomAnswerPlugin.audio-drawing.stories.jsx[2m > [22m[2mLanguage Pronunciation
[22m[39mAnswerComponent.currentPromptMethod audio
[90mstdout[2m | src/components/Editor3/plugins/CustomAnswerPlugin.audio-drawing.stories.jsx[2m > [22m[2mLanguage Pronunciation
[22m[39mAnswerComponent.promptMethod [
  "audio",
]
[90mstdout[2m | src/components/Editor3/plugins/CustomAnswerPlugin.audio-drawing.stories.jsx[2m > [22m[2mLanguage Pronunciation
[22m[39mallowedInput [
  "audio",
]
[90mstdout[2m | src/components/Editor3/plugins/CustomAnswerPlugin.audio-drawing.stories.jsx[2m > [22m[2mLanguage Pronunciation
[22m[39mpromptMethod [
  "audio",
]
[90mstdout[2m | src/components/Editor3/plugins/CustomAnswerPlugin.audio-drawing.stories.jsx[2m > [22m[2mLanguage Pronunciation
[22m[39mAnswerComponent.currentPromptMethod audio
[90mstdout[2m | src/components/Editor3/plugins/CustomAnswerPlugin.audio-drawing.stories.jsx[2m > [22m[2mLanguage Pronunciation
[22m[39m[Mock Data] Settings created: mock-settings-1790418002103 - notified 0 subscribers
[90mstdout[2m | src/components/Editor3/plugins/CustomAnswerPlugin.audio-drawing.stories.jsx[2m > [22m[2mLanguage Pronunciation
[22m[39m[Mock Data] Unit.onUpdate() subscription added. Total: 1
[90mstdout[2m | src/components/Editor3/plugins/CustomAnswerPlugin.audio-drawing.stories.jsx[2m > [22m[2mLanguage Pronunciation
[22m[39mCustomAnswerComponent.questionID lang-audio-q1
[90mstdout[2m | src/components/Editor3/plugins/CustomAnswerPlugin.audio-drawing.stories.jsx[2m > [22m[2mLanguage Pronunciation
[22m[39mCustomAnswerComponent.questionBank []
[90mstdout[2m | src/components/Editor3/plugins/CustomAnswerPlugin.audio-drawing.stories.jsx[2m > [22m[2mLanguage Pronunciation
[22m[39mCustomAnswerComponent.question {}
[90mstdout[2m | src/components/Editor3/plugins/CustomAnswerPlugin.audio-drawing.stories.jsx[2m > [22m[2mLanguage Pronunciation
[22m[39mCustomAnswerComponent.question {}
[90mstdout[2m | src/components/Editor3/plugins/CustomAnswerPlugin.audio-drawing.stories.jsx[2m > [22m[2mLanguage Pronunciation
[22m[39mCustomAnswerComponent.prompt undefined
[90mstdout[2m | src/components/Editor3/plugins/CustomAnswerPlugin.audio-drawing.stories.jsx[2m > [22m[2mLanguage Pronunciation
[22m[39mCustomAnswerComponent.feedback[questionID] undefined
[90mstdout[2m | src/components/Editor3/plugins/CustomAnswerPlugin.audio-drawing.stories.jsx[2m > [22m[2mLanguage Pronunciation
[22m[39mCustomAnswerComponent.isCompleted undefined
[90mstdout[2m | src/components/Editor3/plugins/CustomAnswerPlugin.audio-drawing.stories.jsx[2m > [22m[2mLanguage Pronunciation
[22m[39mCustomAnswerComponent.currentPromptMethod audio
[90mstdout[2m | src/components/Editor3/plugins/CustomAnswerPlugin.audio-drawing.stories.jsx[2m > [22m[2mLanguage Pronunciation
[22m[39mCustomAnswerComponent.displayPrompt undefined
[90mstdout[2m | src/components/Editor3/plugins/CustomAnswerPlugin.audio-drawing.stories.jsx[2m > [22m[2mLanguage Pronunciation
[22m[39mCustomAnswerComponent.questionID lang-audio-q2
[90mstdout[2m | src/components/Editor3/plugins/CustomAnswerPlugin.audio-drawing.stories.jsx[2m > [22m[2mLanguage Pronunciation
[22m[39mCustomAnswerComponent.questionBank []
[90mstdout[2m | src/components/Editor3/plugins/CustomAnswerPlugin.audio-drawing.stories.jsx[2m > [22m[2mLanguage Pronunciation
[22m[39mCustomAnswerComponent.question {}
[90mstdout[2m | src/components/Editor3/plugins/CustomAnswerPlugin.audio-drawing.stories.jsx[2m > [22m[2mLanguage Pronunciation
[22m[39mCustomAnswerComponent.question {}
[90mstdout[2m | src/components/Editor3/plugins/CustomAnswerPlugin.audio-drawing.stories.jsx[2m > [22m[2mLanguage Pronunciation
[22m[39mCustomAnswerComponent.prompt undefined
[90mstdout[2m | src/components/Editor3/plugins/CustomAnswerPlugin.audio-drawing.stories.jsx[2m > [22m[2mLanguage Pronunciation
[22m[39mCustomAnswerComponent.feedback[questionID] undefined
[90mstdout[2m | src/components/Editor3/plugins/CustomAnswerPlugin.audio-drawing.stories.jsx[2m > [22m[2mLanguage Pronunciation
[22m[39mCustomAnswerComponent.isCompleted undefined
[90mstdout[2m | src/components/Editor3/plugins/CustomAnswerPlugin.audio-drawing.stories.jsx[2m > [22m[2mLanguage Pronunciation
[22m[39mCustomAnswerComponent.currentPromptMethod audio
[90mstdout[2m | src/components/Editor3/plugins/CustomAnswerPlugin.audio-drawing.stories.jsx[2m > [22m[2mLanguage Pronunciation
[22m[39mCustomAnswerComponent.displayPrompt undefined
[90mstdout[2m | src/components/Editor3/plugins/CustomAnswerPlugin.audio-drawing.stories.jsx[2m > [22m[2mLanguage Pronunciation
[22m[39m[SectionContext] Section observeQuery update: 0
[90mstdout[2m | src/components/Editor3/plugins/CustomAnswerPlugin.audio-drawing.stories.jsx[2m > [22m[2mLanguage Pronunciation
[22m[39m[FilesContext] File observeQuery update: 0 files
[90mstdout[2m | src/components/Editor3/plugins/CustomAnswerPlugin.audio-drawing.stories.jsx[2m > [22m[2mLanguage Pronunciation
[22m[39m[ChatContext] AssistantChat initialized with 0 chats
[90mstdout[2m | src/components/Editor3/plugins/CustomAnswerPlugin.audio-drawing.stories.jsx[2m > [22m[2mLanguage Pronunciation
[22m[39m[MOCK CourseVectorStore] Initialized with mock data
[90mstdout[2m | src/components/Editor3/plugins/CustomAnswerPlugin.audio-drawing.stories.jsx[2m > [22m[2mLanguage Pronunciation
[22m[39mCustomAnswerComponent.questionID lang-audio-q1
[90mstdout[2m | src/components/Editor3/plugins/CustomAnswerPlugin.audio-drawing.stories.jsx[2m > [22m[2mLanguage Pronunciation
[22m[39mCustomAnswerComponent.questionBank {
  "lang-audio-q1": {
    "answer": "konnichiwa",
    "id": "lang-audio-q1",
    "prompt": "こんにちは",
    "type": "audio",
  },
  "lang-audio-q2": {
    "answer": "arigatou",
    "id": "lang-audio-q2",
    "prompt": "ありがとう",
    "type": "audio",
  },
}
[90mstdout[2m | src/components/Editor3/plugins/CustomAnswerPlugin.audio-drawing.stories.jsx[2m > [22m[2mLanguage Pronunciation
[22m[39mCustomAnswerComponent.question {
  "answer": "konnichiwa",
  "id": "lang-audio-q1",
  "prompt": "こんにちは",
  "type": "audio",
}
[90mstdout[2m | src/components/Editor3/plugins/CustomAnswerPlugin.audio-drawing.stories.jsx[2m > [22m[2mLanguage Pronunciation
[22m[39mCustomAnswerComponent.question {
  "answer": "konnichiwa",
  "id": "lang-audio-q1",
  "prompt": "こんにちは",
  "type": "audio",
}
[90mstdout[2m | src/components/Editor3/plugins/CustomAnswerPlugin.audio-drawing.stories.jsx[2m > [22m[2mLanguage Pronunciation
[22m[39mCustomAnswerComponent.prompt こんにちは
[90mstdout[2m | src/components/Editor3/plugins/CustomAnswerPlugin.audio-drawing.stories.jsx[2m > [22m[2mLanguage Pronunciation
[22m[39mCustomAnswerComponent.feedback[questionID] undefined
[90mstdout[2m | src/components/Editor3/plugins/CustomAnswerPlugin.audio-drawing.stories.jsx[2m > [22m[2mLanguage Pronunciation
[22m[39mCustomAnswerComponent.isCompleted undefined
[90mstdout[2m | src/components/Editor3/plugins/CustomAnswerPlugin.audio-drawing.stories.jsx[2m > [22m[2mLanguage Pronunciation
[22m[39mCustomAnswerComponent.currentPromptMethod audio
[90mstdout[2m | src/components/Editor3/plugins/CustomAnswerPlugin.audio-drawing.stories.jsx[2m > [22m[2mLanguage Pronunciation
[22m[39mCustomAnswerComponent.displayPrompt こんにちは
[90mstdout[2m | src/components/Editor3/plugins/CustomAnswerPlugin.audio-drawing.stories.jsx[2m > [22m[2mLanguage Pronunciation
[22m[39mCustomAnswerComponent.questionID lang-audio-q2
[90mstdout[2m | src/components/Editor3/plugins/CustomAnswerPlugin.audio-drawing.stories.jsx[2m > [22m[2mLanguage Pronunciation
[22m[39mCustomAnswerComponent.questionBank {
  "lang-audio-q1": {
    "answer": "konnichiwa",
    "id": "lang-audio-q1",
    "prompt": "こんにちは",
    "type": "audio",
  },
  "lang-audio-q2": {
    "answer": "arigatou",
    "id": "lang-audio-q2",
    "prompt": "ありがとう",
    "type": "audio",
  },
}
[90mstdout[2m | src/components/Editor3/plugins/CustomAnswerPlugin.audio-drawing.stories.jsx[2m > [22m[2mLanguage Pronunciation
[22m[39mCustomAnswerComponent.question {
  "answer": "arigatou",
  "id": "lang-audio-q2",
  "prompt": "ありがとう",
  "type": "audio",
}
[90mstdout[2m | src/components/Editor3/plugins/CustomAnswerPlugin.audio-drawing.stories.jsx[2m > [22m[2mLanguage Pronunciation
[22m[39mCustomAnswerComponent.question {
  "answer": "arigatou",
  "id": "lang-audio-q2",
  "prompt": "ありがとう",
  "type": "audio",
}
[90mstdout[2m | src/components/Editor3/plugins/CustomAnswerPlugin.audio-drawing.stories.jsx[2m > [22m[2mLanguage Pronunciation
[22m[39mCustomAnswerComponent.prompt ありがとう
[90mstdout[2m | src/components/Editor3/plugins/CustomAnswerPlugin.audio-drawing.stories.jsx[2m > [22m[2mLanguage Pronunciation
[22m[39mCustomAnswerComponent.feedback[questionID] undefined
[90mstdout[2m | src/components/Editor3/plugins/CustomAnswerPlugin.audio-drawing.stories.jsx[2m > [22m[2mLanguage Pronunciation
[22m[39mCustomAnswerComponent.isCompleted undefined
[90mstdout[2m | src/components/Editor3/plugins/CustomAnswerPlugin.audio-drawing.stories.jsx[2m > [22m[2mLanguage Pronunciation
[22m[39mCustomAnswerComponent.currentPromptMethod audio
[90mstdout[2m | src/components/Editor3/plugins/CustomAnswerPlugin.audio-drawing.stories.jsx[2m > [22m[2mLanguage Pronunciation
[22m[39mCustomAnswerComponent.displayPrompt ありがとう
[90mstdout[2m | src/components/Editor3/plugins/CustomAnswerPlugin.audio-drawing.stories.jsx[2m > [22m[2mLanguage Pronunciation
[22m[39m[ChatContext] No current chat available, will create one
[90mstdout[2m | src/components/Editor3/plugins/CustomAnswerPlugin.audio-drawing.stories.jsx[2m > [22m[2mLanguage Pronunciation
[22m[39m[ChatContext] Creating AssistantChat with user: undefined
[90mstdout[2m | src/components/Editor3/plugins/CustomAnswerPlugin.audio-drawing.stories.jsx[2m > [22m[2mLanguage Pronunciation
[22m[39m[Mock Data] AssistantChat created: mock-assistantchat-1790418002206 - notified 1 subscribers
[90mstdout[2m | src/components/Editor3/plugins/CustomAnswerPlugin.audio-drawing.stories.jsx[2m > [22m[2mLanguage Pronunciation
[22m[39m[ChatContext] Create result: {
  "data": {
    "_version": 1,
    "archived": false,
    "chatFiles": [Function anonymous],
    "createdAt": "2026-09-26T10:20:02.206Z",
    "id": "mock-assistantchat-1790418002206",
    "model": "gpt-4",
    "updatedAt": "2026-09-26T10:20:02.206Z",
  },
  "errors": [],
  "hasData": true,
  "hasErrors": true,
}
[90mstdout[2m | src/components/Editor3/plugins/CustomAnswerPlugin.audio-drawing.stories.jsx[2m > [22m[2mLanguage Pronunciation
[22m[39m[ChatContext] Created AssistantChat: mock-assistantchat-1790418002206 at: 2026-09-26T10:20:02.206Z
[90mstdout[2m | src/components/Editor3/plugins/CustomAnswerPlugin.audio-drawing.stories.jsx[2m > [22m[2mLanguage Pronunciation
[22m[39m[Mock Storage] downloadData called with: undefined
[90mstdout[2m | src/components/Editor3/plugins/CustomAnswerPlugin.audio-drawing.stories.jsx[2m > [22m[2mLanguage Pronunciation
[22m[39m[ChatContext] Setting initial chat: mock-assistantchat-1790418002206
[90mstdout[2m | src/components/Editor3/plugins/CustomAnswerPlugin.audio-drawing.stories.jsx[2m > [22m[2mLanguage Pronunciation
[22m[39m[ChatContext] Chat exists and not archived, skipping creation
[90mstdout[2m | src/components/Editor3/plugins/CustomAnswerPlugin.audio-drawing.stories.jsx[2m > [22m[2mFeature Documentation
[22m[39m[ChatContext] Cleaning up subscriptions
[90mstdout[2m | src/components/Editor3/plugins/CustomAnswerPlugin.audio-drawing.stories.jsx[2m > [22m[2mFeature Documentation
[22m[39m[Mock Data] Unit.onUpdate() subscription removed. Remaining: 0
[90mstdout[2m | src/components/Editor3/plugins/CustomAnswerPlugin.audio-drawing.stories.jsx[2m > [22m[2mFeature Documentation
[22m[39m[Preview] Skipped initializing default mock data (initializeMockData=false)
[90mstdout[2m | src/components/Editor3/plugins/CustomAnswerPlugin.audio-drawing.stories.jsx[2m > [22m[2mFeature Documentation
[22m[39m[MOCK CourseVectorStore] Initialized with mock data
[90mstdout[2m | src/components/Editor3/plugins/CustomAnswerPlugin.audio-drawing.stories.jsx[2m > [22m[2mFeature Documentation
[22m[39m[TranslationModeController] Setting mode to: off
[90mstdout[2m | src/components/Editor3/plugins/CustomAnswerPlugin.audio-drawing.stories.jsx[2m > [22m[2mFeature Documentation
[22m[39m[UnitContext] useEffect triggered {
  "authLoading": false,
  "hasUser": true,
  "id": "mock-unit-id",
  "userSub": "mock-user-sub",
}
[90mstdout[2m | src/components/Editor3/plugins/CustomAnswerPlugin.audio-drawing.stories.jsx[2m > [22m[2mFeature Documentation
[22m[39m[UnitContext] Fetching unit data for id: mock-unit-id
[90mstdout[2m | src/components/Editor3/plugins/CustomAnswerPlugin.audio-drawing.stories.jsx[2m > [22m[2mFeature Documentation
[22m[39m[FilesContext] Initializing vector store from IndexedDB
[90mstdout[2m | src/components/Editor3/plugins/CustomAnswerPlugin.audio-drawing.stories.jsx[2m > [22m[2mFeature Documentation
[22m[39m[FilesContext] fetchFiles called
[90mstdout[2m | src/components/Editor3/plugins/CustomAnswerPlugin.audio-drawing.stories.jsx[2m > [22m[2mFeature Documentation
[22m[39m[FilesContext] User authenticated: mock-user-sub
[90mstdout[2m | src/components/Editor3/plugins/CustomAnswerPlugin.audio-drawing.stories.jsx[2m > [22m[2mFeature Documentation
[22m[39m[FilesContext] Identity ID: us-east-1:mock-identity-123
[90mstdout[2m | src/components/Editor3/plugins/CustomAnswerPlugin.audio-drawing.stories.jsx[2m > [22m[2mFeature Documentation
[22m[39m[FilesContext] About to set up File observeQuery
[90mstdout[2m | src/components/Editor3/plugins/CustomAnswerPlugin.audio-drawing.stories.jsx[2m > [22m[2mFeature Documentation
[22m[39m[ChatContext] Setting up AssistantChat observeQuery
[90mstdout[2m | src/components/Editor3/plugins/CustomAnswerPlugin.audio-drawing.stories.jsx[2m > [22m[2mFeature Documentation
[22m[39m[ChatContext] Waiting for subscription to initialize
[90mstdout[2m | src/components/Editor3/plugins/CustomAnswerPlugin.audio-drawing.stories.jsx[2m > [22m[2mFeature Documentation
[22m[39m[SettingsContext] Setting up Settings subscription for user: mock-user-sub
[90mstdout[2m | src/components/Editor3/plugins/CustomAnswerPlugin.audio-drawing.stories.jsx[2m > [22m[2mFeature Documentation
[22m[39m[Mock Data] Settings created: mock-settings-1790418002517 - notified 0 subscribers
[90mstdout[2m | src/components/Editor3/plugins/CustomAnswerPlugin.audio-drawing.stories.jsx[2m > [22m[2mFeature Documentation
[22m[39m[Mock Data] Unit.onUpdate() subscription added. Total: 1
[90mstdout[2m | src/components/Editor3/plugins/CustomAnswerPlugin.audio-drawing.stories.jsx[2m > [22m[2mFeature Documentation
[22m[39m[SectionContext] Section observeQuery update: 0
[90mstdout[2m | src/components/Editor3/plugins/CustomAnswerPlugin.audio-drawing.stories.jsx[2m > [22m[2mFeature Documentation
[22m[39m[FilesContext] File observeQuery update: 0 files
[90mstdout[2m | src/components/Editor3/plugins/CustomAnswerPlugin.audio-drawing.stories.jsx[2m > [22m[2mFeature Documentation
[22m[39m[ChatContext] AssistantChat initialized with 0 chats
[90mstdout[2m | src/components/Editor3/plugins/CustomAnswerPlugin.audio-drawing.stories.jsx[2m > [22m[2mFeature Documentation
[22m[39m[MOCK CourseVectorStore] Initialized with mock data
[90mstdout[2m | src/components/Editor3/plugins/CustomAnswerPlugin.audio-drawing.stories.jsx[2m > [22m[2mFeature Documentation
[22m[39m[ChatContext] No current chat available, will create one
[90mstdout[2m | src/components/Editor3/plugins/CustomAnswerPlugin.audio-drawing.stories.jsx[2m > [22m[2mFeature Documentation
[22m[39m[ChatContext] Creating AssistantChat with user: undefined
[90mstdout[2m | src/components/Editor3/plugins/CustomAnswerPlugin.audio-drawing.stories.jsx[2m > [22m[2mFeature Documentation
[22m[39m[Mock Data] AssistantChat created: mock-assistantchat-1790418002615 - notified 1 subscribers
[90mstdout[2m | src/components/Editor3/plugins/CustomAnswerPlugin.audio-drawing.stories.jsx[2m > [22m[2mFeature Documentation
[22m[39m[ChatContext] Create result: {
  "data": {
    "_version": 1,
    "archived": false,
    "chatFiles": [Function anonymous],
    "createdAt": "2026-09-26T10:20:02.615Z",
    "id": "mock-assistantchat-1790418002615",
    "model": "gpt-4",
    "updatedAt": "2026-09-26T10:20:02.615Z",
  },
  "errors": [],
  "hasData": true,
  "hasErrors": true,
}
[90mstdout[2m | src/components/Editor3/plugins/CustomAnswerPlugin.audio-drawing.stories.jsx[2m > [22m[2mFeature Documentation
[22m[39m[ChatContext] Created AssistantChat: mock-assistantchat-1790418002615 at: 2026-09-26T10:20:02.615Z
[90mstdout[2m | src/components/Editor3/plugins/CustomAnswerPlugin.audio-drawing.stories.jsx[2m > [22m[2mFeature Documentation
[22m[39m[Mock Storage] downloadData called with: undefined
[90mstdout[2m | src/components/Editor3/plugins/CustomAnswerPlugin.audio-drawing.stories.jsx[2m > [22m[2mFeature Documentation
[22m[39m[ChatContext] Setting initial chat: mock-assistantchat-1790418002615
[90mstdout[2m | src/components/Editor3/plugins/CustomAnswerPlugin.audio-drawing.stories.jsx[2m > [22m[2mFeature Documentation
[22m[39m[ChatContext] Chat exists and not archived, skipping creation
[90mstdout[2m | src/components/Editor3/plugins/CustomAnswerPlugin.audio-drawing.stories.jsx[2m > [22m[2mAnswered Audio Question
[22m[39m[ChatContext] Cleaning up subscriptions
[90mstdout[2m | src/components/Editor3/plugins/CustomAnswerPlugin.audio-drawing.stories.jsx[2m > [22m[2mAnswered Audio Question
[22m[39m[Mock Data] Unit.onUpdate() subscription removed. Remaining: 0
[90mstdout[2m | src/components/Editor3/plugins/CustomAnswerPlugin.audio-drawing.stories.jsx[2m > [22m[2mAnswered Audio Question
[22m[39m[Preview] Skipped initializing default mock data (initializeMockData=false)
[90mstdout[2m | src/components/Editor3/plugins/CustomAnswerPlugin.audio-drawing.stories.jsx[2m > [22m[2mAnswered Audio Question
[22m[39m[MOCK CourseVectorStore] Initialized with mock data
[90mstdout[2m | src/components/Editor3/plugins/CustomAnswerPlugin.audio-drawing.stories.jsx[2m > [22m[2mAnswered Audio Question
[22m[39m[Mock Data] seedMockUnit: Adding unit mock-unit-id
[90mstdout[2m | src/components/Editor3/plugins/CustomAnswerPlugin.audio-drawing.stories.jsx[2m > [22m[2mAnswered Audio Question
[22m[39m[Mock Data] seedMockQuestions: Adding 1 questions
[90mstdout[2m | src/components/Editor3/plugins/CustomAnswerPlugin.audio-drawing.stories.jsx[2m > [22m[2mAnswered Audio Question
[22m[39m[TranslationModeController] Setting mode to: off
[90mstdout[2m | src/components/Editor3/plugins/CustomAnswerPlugin.audio-drawing.stories.jsx[2m > [22m[2mAnswered Audio Question
[22m[39m[UnitContext] useEffect triggered {
  "authLoading": false,
  "hasUser": true,
  "id": "mock-unit-id",
  "userSub": "mock-user-sub",
}
[90mstdout[2m | src/components/Editor3/plugins/CustomAnswerPlugin.audio-drawing.stories.jsx[2m > [22m[2mAnswered Audio Question
[22m[39m[UnitContext] Fetching unit data for id: mock-unit-id
[90mstdout[2m | src/components/Editor3/plugins/CustomAnswerPlugin.audio-drawing.stories.jsx[2m > [22m[2mAnswered Audio Question
[22m[39m[FilesContext] Initializing vector store from IndexedDB
[90mstdout[2m | src/components/Editor3/plugins/CustomAnswerPlugin.audio-drawing.stories.jsx[2m > [22m[2mAnswered Audio Question
[22m[39m[FilesContext] fetchFiles called
[90mstdout[2m | src/components/Editor3/plugins/CustomAnswerPlugin.audio-drawing.stories.jsx[2m > [22m[2mAnswered Audio Question
[22m[39m[FilesContext] User authenticated: mock-user-sub
[90mstdout[2m | src/components/Editor3/plugins/CustomAnswerPlugin.audio-drawing.stories.jsx[2m > [22m[2mAnswered Audio Question
[22m[39m[FilesContext] Identity ID: us-east-1:mock-identity-123
[90mstdout[2m | src/components/Editor3/plugins/CustomAnswerPlugin.audio-drawing.stories.jsx[2m > [22m[2mAnswered Audio Question
[22m[39m[FilesContext] About to set up File observeQuery
[90mstdout[2m | src/components/Editor3/plugins/CustomAnswerPlugin.audio-drawing.stories.jsx[2m > [22m[2mAnswered Audio Question
[22m[39m[ChatContext] Setting up AssistantChat observeQuery
[90mstdout[2m | src/components/Editor3/plugins/CustomAnswerPlugin.audio-drawing.stories.jsx[2m > [22m[2mAnswered Audio Question
[22m[39m[ChatContext] Waiting for subscription to initialize
[90mstdout[2m | src/components/Editor3/plugins/CustomAnswerPlugin.audio-drawing.stories.jsx[2m > [22m[2mAnswered Audio Question
[22m[39m[SettingsContext] Setting up Settings subscription for user: mock-user-sub
[90mstdout[2m | src/components/Editor3/plugins/CustomAnswerPlugin.audio-drawing.stories.jsx[2m > [22m[2mAnswered Audio Question
[22m[39mCustomAnswerComponent.questionID audio-q1
[90mstdout[2m | src/components/Editor3/plugins/CustomAnswerPlugin.audio-drawing.stories.jsx[2m > [22m[2mAnswered Audio Question
[22m[39mCustomAnswerComponent.questionBank []
[90mstdout[2m | src/components/Editor3/plugins/CustomAnswerPlugin.audio-drawing.stories.jsx[2m > [22m[2mAnswered Audio Question
[22m[39mCustomAnswerComponent.question {}
[90mstdout[2m | src/components/Editor3/plugins/CustomAnswerPlugin.audio-drawing.stories.jsx[2m > [22m[2mAnswered Audio Question
[22m[39mCustomAnswerComponent.question {}
[90mstdout[2m | src/components/Editor3/plugins/CustomAnswerPlugin.audio-drawing.stories.jsx[2m > [22m[2mAnswered Audio Question
[22m[39mCustomAnswerComponent.prompt undefined
[90mstdout[2m | src/components/Editor3/plugins/CustomAnswerPlugin.audio-drawing.stories.jsx[2m > [22m[2mAnswered Audio Question
[22m[39mCustomAnswerComponent.feedback[questionID] undefined
[90mstdout[2m | src/components/Editor3/plugins/CustomAnswerPlugin.audio-drawing.stories.jsx[2m > [22m[2mAnswered Audio Question
[22m[39mCustomAnswerComponent.isCompleted undefined
[90mstdout[2m | src/components/Editor3/plugins/CustomAnswerPlugin.audio-drawing.stories.jsx[2m > [22m[2mAnswered Audio Question
[22m[39mCustomAnswerComponent.currentPromptMethod prompt-text
[90mstdout[2m | src/components/Editor3/plugins/CustomAnswerPlugin.audio-drawing.stories.jsx[2m > [22m[2mAnswered Audio Question
[22m[39mCustomAnswerComponent.displayPrompt undefined
[90mstdout[2m | src/components/Editor3/plugins/CustomAnswerPlugin.audio-drawing.stories.jsx[2m > [22m[2mAnswered Audio Question
[22m[39mallowedInput [
  "audio",
]
[90mstdout[2m | src/components/Editor3/plugins/CustomAnswerPlugin.audio-drawing.stories.jsx[2m > [22m[2mAnswered Audio Question
[22m[39mpromptMethod [
  "prompt-text",
]
[90mstdout[2m | src/components/Editor3/plugins/CustomAnswerPlugin.audio-drawing.stories.jsx[2m > [22m[2mAnswered Audio Question
[22m[39mAnswerComponent.currentPromptMethod prompt-text
[90mstdout[2m | src/components/Editor3/plugins/CustomAnswerPlugin.audio-drawing.stories.jsx[2m > [22m[2mAnswered Audio Question
[22m[39mAnswerComponent.promptMethod [
  "prompt-text",
]
[90mstdout[2m | src/components/Editor3/plugins/CustomAnswerPlugin.audio-drawing.stories.jsx[2m > [22m[2mAnswered Audio Question
[22m[39mallowedInput [
  "audio",
]
[90mstdout[2m | src/components/Editor3/plugins/CustomAnswerPlugin.audio-drawing.stories.jsx[2m > [22m[2mAnswered Audio Question
[22m[39mpromptMethod [
  "prompt-text",
]
[90mstdout[2m | src/components/Editor3/plugins/CustomAnswerPlugin.audio-drawing.stories.jsx[2m > [22m[2mAnswered Audio Question
[22m[39mAnswerComponent.currentPromptMethod prompt-text
[90mstdout[2m | src/components/Editor3/plugins/CustomAnswerPlugin.audio-drawing.stories.jsx[2m > [22m[2mAnswered Audio Question
[22m[39m[Mock Data] Settings created: mock-settings-1790418003066 - notified 0 subscribers
[90mstdout[2m | src/components/Editor3/plugins/CustomAnswerPlugin.audio-drawing.stories.jsx[2m > [22m[2mAnswered Audio Question
[22m[39m[Mock Data] Unit.onUpdate() subscription added. Total: 1
[90mstdout[2m | src/components/Editor3/plugins/CustomAnswerPlugin.audio-drawing.stories.jsx[2m > [22m[2mAnswered Audio Question
[22m[39mCustomAnswerComponent.questionID audio-q1
[90mstdout[2m | src/components/Editor3/plugins/CustomAnswerPlugin.audio-drawing.stories.jsx[2m > [22m[2mAnswered Audio Question
[22m[39mCustomAnswerComponent.questionBank []
[90mstdout[2m | src/components/Editor3/plugins/CustomAnswerPlugin.audio-drawing.stories.jsx[2m > [22m[2mAnswered Audio Question
[22m[39mCustomAnswerComponent.question {}
[90mstdout[2m | src/components/Editor3/plugins/CustomAnswerPlugin.audio-drawing.stories.jsx[2m > [22m[2mAnswered Audio Question
[22m[39mCustomAnswerComponent.question {}
[90mstdout[2m | src/components/Editor3/plugins/CustomAnswerPlugin.audio-drawing.stories.jsx[2m > [22m[2mAnswered Audio Question
[22m[39mCustomAnswerComponent.prompt undefined
[90mstdout[2m | src/components/Editor3/plugins/CustomAnswerPlugin.audio-drawing.stories.jsx[2m > [22m[2mAnswered Audio Question
[22m[39mCustomAnswerComponent.feedback[questionID] undefined
[90mstdout[2m | src/components/Editor3/plugins/CustomAnswerPlugin.audio-drawing.stories.jsx[2m > [22m[2mAnswered Audio Question
[22m[39mCustomAnswerComponent.isCompleted undefined
[90mstdout[2m | src/components/Editor3/plugins/CustomAnswerPlugin.audio-drawing.stories.jsx[2m > [22m[2mAnswered Audio Question
[22m[39mCustomAnswerComponent.currentPromptMethod prompt-text
[90mstdout[2m | src/components/Editor3/plugins/CustomAnswerPlugin.audio-drawing.stories.jsx[2m > [22m[2mAnswered Audio Question
[22m[39mCustomAnswerComponent.displayPrompt undefined
[90mstdout[2m | src/components/Editor3/plugins/CustomAnswerPlugin.audio-drawing.stories.jsx[2m > [22m[2mAnswered Audio Question
[22m[39m[SectionContext] Section observeQuery update: 0
[90mstdout[2m | src/components/Editor3/plugins/CustomAnswerPlugin.audio-drawing.stories.jsx[2m > [22m[2mAnswered Audio Question
[22m[39m[FilesContext] File observeQuery update: 0 files
[90mstdout[2m | src/components/Editor3/plugins/CustomAnswerPlugin.audio-drawing.stories.jsx[2m > [22m[2mAnswered Audio Question
[22m[39m[ChatContext] AssistantChat initialized with 0 chats
[90mstdout[2m | src/components/Editor3/plugins/CustomAnswerPlugin.audio-drawing.stories.jsx[2m > [22m[2mAnswered Audio Question
[22m[39m[MOCK CourseVectorStore] Initialized with mock data
[90mstdout[2m | src/components/Editor3/plugins/CustomAnswerPlugin.audio-drawing.stories.jsx[2m > [22m[2mAnswered Audio Question
[22m[39mCustomAnswerComponent.questionID audio-q1
[90mstdout[2m | src/components/Editor3/plugins/CustomAnswerPlugin.audio-drawing.stories.jsx[2m > [22m[2mAnswered Audio Question
[22m[39mCustomAnswerComponent.questionBank {
  "audio-q1": {
    "answer": "bonjour",
    "id": "audio-q1",
    "prompt": "Say "Bonjour"",
    "type": "audio",
  },
}
[90mstdout[2m | src/components/Editor3/plugins/CustomAnswerPlugin.audio-drawing.stories.jsx[2m > [22m[2mAnswered Audio Question
[22m[39mCustomAnswerComponent.question {
  "answer": "bonjour",
  "id": "audio-q1",
  "prompt": "Say "Bonjour"",
  "type": "audio",
}
[90mstdout[2m | src/components/Editor3/plugins/CustomAnswerPlugin.audio-drawing.stories.jsx[2m > [22m[2mAnswered Audio Question
[22m[39mCustomAnswerComponent.question {
  "answer": "bonjour",
  "id": "audio-q1",
  "prompt": "Say "Bonjour"",
  "type": "audio",
}
[90mstdout[2m | src/components/Editor3/plugins/CustomAnswerPlugin.audio-drawing.stories.jsx[2m > [22m[2mAnswered Audio Question
[22m[39mCustomAnswerComponent.prompt Say "Bonjour"
[90mstdout[2m | src/components/Editor3/plugins/CustomAnswerPlugin.audio-drawing.stories.jsx[2m > [22m[2mAnswered Audio Question
[22m[39mCustomAnswerComponent.feedback[questionID] undefined
[90mstdout[2m | src/components/Editor3/plugins/CustomAnswerPlugin.audio-drawing.stories.jsx[2m > [22m[2mAnswered Audio Question
[22m[39mCustomAnswerComponent.isCompleted undefined
[90mstdout[2m | src/components/Editor3/plugins/CustomAnswerPlugin.audio-drawing.stories.jsx[2m > [22m[2mAnswered Audio Question
[22m[39mCustomAnswerComponent.currentPromptMethod prompt-text
[90mstdout[2m | src/components/Editor3/plugins/CustomAnswerPlugin.audio-drawing.stories.jsx[2m > [22m[2mAnswered Audio Question
[22m[39mCustomAnswerComponent.displayPrompt Say "Bonjour"
[90mstdout[2m | src/components/Editor3/plugins/CustomAnswerPlugin.audio-drawing.stories.jsx[2m > [22m[2mAnswered Audio Question
[22m[39m[ChatContext] No current chat available, will create one
[90mstdout[2m | src/components/Editor3/plugins/CustomAnswerPlugin.audio-drawing.stories.jsx[2m > [22m[2mAnswered Audio Question
[22m[39m[ChatContext] Creating AssistantChat with user: undefined
[90mstdout[2m | src/components/Editor3/plugins/CustomAnswerPlugin.audio-drawing.stories.jsx[2m > [22m[2mAnswered Audio Question
[22m[39m[Mock Data] AssistantChat created: mock-assistantchat-1790418003207 - notified 1 subscribers
[90mstdout[2m | src/components/Editor3/plugins/CustomAnswerPlugin.audio-drawing.stories.jsx[2m > [22m[2mAnswered Audio Question
[22m[39m[ChatContext] Create result: {
  "data": {
    "_version": 1,
    "archived": false,
    "chatFiles": [Function anonymous],
    "createdAt": "2026-09-26T10:20:03.207Z",
    "id": "mock-assistantchat-1790418003207",
    "model": "gpt-4",
    "updatedAt": "2026-09-26T10:20:03.207Z",
  },
  "errors": [],
  "hasData": true,
  "hasErrors": true,
}
[90mstdout[2m | src/components/Editor3/plugins/CustomAnswerPlugin.audio-drawing.stories.jsx[2m > [22m[2mAnswered Audio Question
[22m[39m[ChatContext] Created AssistantChat: mock-assistantchat-1790418003207 at: 2026-09-26T10:20:03.207Z
[90mstdout[2m | src/components/Editor3/plugins/CustomAnswerPlugin.audio-drawing.stories.jsx[2m > [22m[2mAnswered Audio Question
[22m[39m[Mock Storage] downloadData called with: undefined
[90mstdout[2m | src/components/Editor3/plugins/CustomAnswerPlugin.audio-drawing.stories.jsx[2m > [22m[2mAnswered Audio Question
[22m[39m[ChatContext] Setting initial chat: mock-assistantchat-1790418003207
[90mstdout[2m | src/components/Editor3/plugins/CustomAnswerPlugin.audio-drawing.stories.jsx[2m > [22m[2mAnswered Audio Question
[22m[39m[ChatContext] Chat exists and not archived, skipping creation
[90mstdout[2m | src/components/Editor3/plugins/CustomAnswerPlugin.audio-drawing.stories.jsx[2m > [22m[2mAnswered Drawing Question
[22m[39m[ChatContext] Cleaning up subscriptions
[90mstdout[2m | src/components/Editor3/plugins/CustomAnswerPlugin.audio-drawing.stories.jsx[2m > [22m[2mAnswered Drawing Question
[22m[39m[Mock Data] Unit.onUpdate() subscription removed. Remaining: 0
[90mstdout[2m | src/components/Editor3/plugins/CustomAnswerPlugin.audio-drawing.stories.jsx[2m > [22m[2mAnswered Drawing Question
[22m[39m[Preview] Skipped initializing default mock data (initializeMockData=false)
[90mstdout[2m | src/components/Editor3/plugins/CustomAnswerPlugin.audio-drawing.stories.jsx[2m > [22m[2mAnswered Drawing Question
[22m[39m[MOCK CourseVectorStore] Initialized with mock data
[90mstdout[2m | src/components/Editor3/plugins/CustomAnswerPlugin.audio-drawing.stories.jsx[2m > [22m[2mAnswered Drawing Question
[22m[39m[Mock Data] seedMockUnit: Adding unit mock-unit-id
[90mstdout[2m | src/components/Editor3/plugins/CustomAnswerPlugin.audio-drawing.stories.jsx[2m > [22m[2mAnswered Drawing Question
[22m[39m[Mock Data] seedMockQuestions: Adding 1 questions
[90mstdout[2m | src/components/Editor3/plugins/CustomAnswerPlugin.audio-drawing.stories.jsx[2m > [22m[2mAnswered Drawing Question
[22m[39m[TranslationModeController] Setting mode to: off
[90mstdout[2m | src/components/Editor3/plugins/CustomAnswerPlugin.audio-drawing.stories.jsx[2m > [22m[2mAnswered Drawing Question
[22m[39m[UnitContext] useEffect triggered {
  "authLoading": false,
  "hasUser": true,
  "id": "mock-unit-id",
  "userSub": "mock-user-sub",
}
[90mstdout[2m | src/components/Editor3/plugins/CustomAnswerPlugin.audio-drawing.stories.jsx[2m > [22m[2mAnswered Drawing Question
[22m[39m[UnitContext] Fetching unit data for id: mock-unit-id
[90mstdout[2m | src/components/Editor3/plugins/CustomAnswerPlugin.audio-drawing.stories.jsx[2m > [22m[2mAnswered Drawing Question
[22m[39m[FilesContext] Initializing vector store from IndexedDB
[90mstdout[2m | src/components/Editor3/plugins/CustomAnswerPlugin.audio-drawing.stories.jsx[2m > [22m[2mAnswered Drawing Question
[22m[39m[FilesContext] fetchFiles called
[90mstdout[2m | src/components/Editor3/plugins/CustomAnswerPlugin.audio-drawing.stories.jsx[2m > [22m[2mAnswered Drawing Question
[22m[39m[FilesContext] User authenticated: mock-user-sub
[90mstdout[2m | src/components/Editor3/plugins/CustomAnswerPlugin.audio-drawing.stories.jsx[2m > [22m[2mAnswered Drawing Question
[22m[39m[FilesContext] Identity ID: us-east-1:mock-identity-123
[90mstdout[2m | src/components/Editor3/plugins/CustomAnswerPlugin.audio-drawing.stories.jsx[2m > [22m[2mAnswered Drawing Question
[22m[39m[FilesContext] About to set up File observeQuery
[90mstdout[2m | src/components/Editor3/plugins/CustomAnswerPlugin.audio-drawing.stories.jsx[2m > [22m[2mAnswered Drawing Question
[22m[39m[ChatContext] Setting up AssistantChat observeQuery
[90mstdout[2m | src/components/Editor3/plugins/CustomAnswerPlugin.audio-drawing.stories.jsx[2m > [22m[2mAnswered Drawing Question
[22m[39m[ChatContext] Waiting for subscription to initialize
[90mstdout[2m | src/components/Editor3/plugins/CustomAnswerPlugin.audio-drawing.stories.jsx[2m > [22m[2mAnswered Drawing Question
[22m[39m[SettingsContext] Setting up Settings subscription for user: mock-user-sub
[90mstdout[2m | src/components/Editor3/plugins/CustomAnswerPlugin.audio-drawing.stories.jsx[2m > [22m[2mAnswered Drawing Question
[22m[39mCustomAnswerComponent.questionID drawing-q1
[90mstdout[2m | src/components/Editor3/plugins/CustomAnswerPlugin.audio-drawing.stories.jsx[2m > [22m[2mAnswered Drawing Question
[22m[39mCustomAnswerComponent.questionBank []
[90mstdout[2m | src/components/Editor3/plugins/CustomAnswerPlugin.audio-drawing.stories.jsx[2m > [22m[2mAnswered Drawing Question
[22m[39mCustomAnswerComponent.question {}
[90mstdout[2m | src/components/Editor3/plugins/CustomAnswerPlugin.audio-drawing.stories.jsx[2m > [22m[2mAnswered Drawing Question
[22m[39mCustomAnswerComponent.question {}
[90mstdout[2m | src/components/Editor3/plugins/CustomAnswerPlugin.audio-drawing.stories.jsx[2m > [22m[2mAnswered Drawing Question
[22m[39mCustomAnswerComponent.prompt undefined
[90mstdout[2m | src/components/Editor3/plugins/CustomAnswerPlugin.audio-drawing.stories.jsx[2m > [22m[2mAnswered Drawing Question
[22m[39mCustomAnswerComponent.feedback[questionID] undefined
[90mstdout[2m | src/components/Editor3/plugins/CustomAnswerPlugin.audio-drawing.stories.jsx[2m > [22m[2mAnswered Drawing Question
[22m[39mCustomAnswerComponent.isCompleted undefined
[90mstdout[2m | src/components/Editor3/plugins/CustomAnswerPlugin.audio-drawing.stories.jsx[2m > [22m[2mAnswered Drawing Question
[22m[39mCustomAnswerComponent.currentPromptMethod prompt-text
[90mstdout[2m | src/components/Editor3/plugins/CustomAnswerPlugin.audio-drawing.stories.jsx[2m > [22m[2mAnswered Drawing Question
[22m[39mCustomAnswerComponent.displayPrompt undefined
[90mstdout[2m | src/components/Editor3/plugins/CustomAnswerPlugin.audio-drawing.stories.jsx[2m > [22m[2mAnswered Drawing Question
[22m[39mallowedInput [
  "writing",
]
[90mstdout[2m | src/components/Editor3/plugins/CustomAnswerPlugin.audio-drawing.stories.jsx[2m > [22m[2mAnswered Drawing Question
[22m[39mpromptMethod [
  "prompt-text",
]
[90mstdout[2m | src/components/Editor3/plugins/CustomAnswerPlugin.audio-drawing.stories.jsx[2m > [22m[2mAnswered Drawing Question
[22m[39mAnswerComponent.currentPromptMethod prompt-text
[90mstdout[2m | src/components/Editor3/plugins/CustomAnswerPlugin.audio-drawing.stories.jsx[2m > [22m[2mAnswered Drawing Question
[22m[39mAnswerComponent.promptMethod [
  "prompt-text",
]
[90mstdout[2m | src/components/Editor3/plugins/CustomAnswerPlugin.audio-drawing.stories.jsx[2m > [22m[2mAnswered Drawing Question
[22m[39mallowedInput [
  "writing",
]
[90mstdout[2m | src/components/Editor3/plugins/CustomAnswerPlugin.audio-drawing.stories.jsx[2m > [22m[2mAnswered Drawing Question
[22m[39mpromptMethod [
  "prompt-text",
]
[90mstdout[2m | src/components/Editor3/plugins/CustomAnswerPlugin.audio-drawing.stories.jsx[2m > [22m[2mAnswered Drawing Question
[22m[39mAnswerComponent.currentPromptMethod prompt-text
[90mstdout[2m | src/components/Editor3/plugins/CustomAnswerPlugin.audio-drawing.stories.jsx[2m > [22m[2mAnswered Drawing Question
[22m[39m[Mock Data] Settings created: mock-settings-1790418004145 - notified 0 subscribers
[90mstdout[2m | src/components/Editor3/plugins/CustomAnswerPlugin.audio-drawing.stories.jsx[2m > [22m[2mAnswered Drawing Question
[22m[39m[Mock Data] Unit.onUpdate() subscription added. Total: 1
[90mstdout[2m | src/components/Editor3/plugins/CustomAnswerPlugin.audio-drawing.stories.jsx[2m > [22m[2mAnswered Drawing Question
[22m[39mCustomAnswerComponent.questionID drawing-q1
[90mstdout[2m | src/components/Editor3/plugins/CustomAnswerPlugin.audio-drawing.stories.jsx[2m > [22m[2mAnswered Drawing Question
[22m[39mCustomAnswerComponent.questionBank []
[90mstdout[2m | src/components/Editor3/plugins/CustomAnswerPlugin.audio-drawing.stories.jsx[2m > [22m[2mAnswered Drawing Question
[22m[39mCustomAnswerComponent.question {}
[90mstdout[2m | src/components/Editor3/plugins/CustomAnswerPlugin.audio-drawing.stories.jsx[2m > [22m[2mAnswered Drawing Question
[22m[39mCustomAnswerComponent.question {}
[90mstdout[2m | src/components/Editor3/plugins/CustomAnswerPlugin.audio-drawing.stories.jsx[2m > [22m[2mAnswered Drawing Question
[22m[39mCustomAnswerComponent.prompt undefined
[90mstdout[2m | src/components/Editor3/plugins/CustomAnswerPlugin.audio-drawing.stories.jsx[2m > [22m[2mAnswered Drawing Question
[22m[39mCustomAnswerComponent.feedback[questionID] undefined
[90mstdout[2m | src/components/Editor3/plugins/CustomAnswerPlugin.audio-drawing.stories.jsx[2m > [22m[2mAnswered Drawing Question
[22m[39mCustomAnswerComponent.isCompleted undefined
[90mstdout[2m | src/components/Editor3/plugins/CustomAnswerPlugin.audio-drawing.stories.jsx[2m > [22m[2mAnswered Drawing Question
[22m[39mCustomAnswerComponent.currentPromptMethod prompt-text
[90mstdout[2m | src/components/Editor3/plugins/CustomAnswerPlugin.audio-drawing.stories.jsx[2m > [22m[2mAnswered Drawing Question
[22m[39mCustomAnswerComponent.displayPrompt undefined
[90mstdout[2m | src/components/Editor3/plugins/CustomAnswerPlugin.audio-drawing.stories.jsx[2m > [22m[2mAnswered Drawing Question
[22m[39m[SectionContext] Section observeQuery update: 0
[90mstdout[2m | src/components/Editor3/plugins/CustomAnswerPlugin.audio-drawing.stories.jsx[2m > [22m[2mAnswered Drawing Question
[22m[39m[FilesContext] File observeQuery update: 0 files
[90mstdout[2m | src/components/Editor3/plugins/CustomAnswerPlugin.audio-drawing.stories.jsx[2m > [22m[2mAnswered Drawing Question
[22m[39m[ChatContext] AssistantChat initialized with 0 chats
[90mstdout[2m | src/components/Editor3/plugins/CustomAnswerPlugin.audio-drawing.stories.jsx[2m > [22m[2mAnswered Drawing Question
[22m[39m[MOCK CourseVectorStore] Initialized with mock data
[90mstdout[2m | src/components/Editor3/plugins/CustomAnswerPlugin.audio-drawing.stories.jsx[2m > [22m[2mAnswered Drawing Question
[22m[39mCustomAnswerComponent.questionID drawing-q1
[90mstdout[2m | src/components/Editor3/plugins/CustomAnswerPlugin.audio-drawing.stories.jsx[2m > [22m[2mAnswered Drawing Question
[22m[39mCustomAnswerComponent.questionBank {
  "drawing-q1": {
    "answer": "A house with roof, walls, door, and windows",
    "id": "drawing-q1",
    "prompt": "Draw a house",
    "type": "drawing",
  },
}
[90mstdout[2m | src/components/Editor3/plugins/CustomAnswerPlugin.audio-drawing.stories.jsx[2m > [22m[2mAnswered Drawing Question
[22m[39mCustomAnswerComponent.question {
  "answer": "A house with roof, walls, door, and windows",
  "id": "drawing-q1",
  "prompt": "Draw a house",
  "type": "drawing",
}
[90mstdout[2m | src/components/Editor3/plugins/CustomAnswerPlugin.audio-drawing.stories.jsx[2m > [22m[2mAnswered Drawing Question
[22m[39mCustomAnswerComponent.question {
  "answer": "A house with roof, walls, door, and windows",
  "id": "drawing-q1",
  "prompt": "Draw a house",
  "type": "drawing",
}
[90mstdout[2m | src/components/Editor3/plugins/CustomAnswerPlugin.audio-drawing.stories.jsx[2m > [22m[2mAnswered Drawing Question
[22m[39mCustomAnswerComponent.prompt Draw a house
[90mstdout[2m | src/components/Editor3/plugins/CustomAnswerPlugin.audio-drawing.stories.jsx[2m > [22m[2mAnswered Drawing Question
[22m[39mCustomAnswerComponent.feedback[questionID] undefined
[90mstdout[2m | src/components/Editor3/plugins/CustomAnswerPlugin.audio-drawing.stories.jsx[2m > [22m[2mAnswered Drawing Question
[22m[39mCustomAnswerComponent.isCompleted undefined
[90mstdout[2m | src/components/Editor3/plugins/CustomAnswerPlugin.audio-drawing.stories.jsx[2m > [22m[2mAnswered Drawing Question
[22m[39mCustomAnswerComponent.currentPromptMethod prompt-text
[90mstdout[2m | src/components/Editor3/plugins/CustomAnswerPlugin.audio-drawing.stories.jsx[2m > [22m[2mAnswered Drawing Question
[22m[39mCustomAnswerComponent.displayPrompt Draw a house
[90mstdout[2m | src/components/Editor3/plugins/CustomAnswerPlugin.audio-drawing.stories.jsx[2m > [22m[2mAnswered Drawing Question
[22m[39m[ChatContext] No current chat available, will create one
[90mstdout[2m | src/components/Editor3/plugins/CustomAnswerPlugin.audio-drawing.stories.jsx[2m > [22m[2mAnswered Drawing Question
[22m[39m[ChatContext] Creating AssistantChat with user: undefined
[90mstdout[2m | src/components/Editor3/plugins/CustomAnswerPlugin.audio-drawing.stories.jsx[2m > [22m[2mAnswered Drawing Question
[22m[39m[Mock Data] AssistantChat created: mock-assistantchat-1790418004373 - notified 1 subscribers
[90mstdout[2m | src/components/Editor3/plugins/CustomAnswerPlugin.audio-drawing.stories.jsx[2m > [22m[2mAnswered Drawing Question
[22m[39m[ChatContext] Create result: {
  "data": {
    "_version": 1,
    "archived": false,
    "chatFiles": [Function anonymous],
    "createdAt": "2026-09-26T10:20:04.373Z",
    "id": "mock-assistantchat-1790418004373",
    "model": "gpt-4",
    "updatedAt": "2026-09-26T10:20:04.373Z",
  },
  "errors": [],
  "hasData": true,
  "hasErrors": true,
}
[90mstdout[2m | src/components/Editor3/plugins/CustomAnswerPlugin.audio-drawing.stories.jsx[2m > [22m[2mAnswered Drawing Question
[22m[39m[ChatContext] Created AssistantChat: mock-assistantchat-1790418004373 at: 2026-09-26T10:20:04.373Z
[90mstdout[2m | src/components/Editor3/plugins/CustomAnswerPlugin.audio-drawing.stories.jsx[2m > [22m[2mAnswered Drawing Question
[22m[39m[Mock Storage] downloadData called with: undefined
[90mstdout[2m | src/components/Editor3/plugins/CustomAnswerPlugin.audio-drawing.stories.jsx[2m > [22m[2mAnswered Drawing Question
[22m[39m[ChatContext] Setting initial chat: mock-assistantchat-1790418004373
[90mstdout[2m | src/components/Editor3/plugins/CustomAnswerPlugin.audio-drawing.stories.jsx[2m > [22m[2mAnswered Drawing Question
[22m[39m[ChatContext] Chat exists and not archived, skipping creation
 [32m✓[39m [30m[45m storybook (chromium) [49m[39m src/components/Editor3/plugins/CustomAnswerPlugin.audio-drawing.stories.jsx [2m([22m[2m7 tests[22m[2m)[22m[33m 5989[2mms[22m[39m
   [33m[2m✓[22m[39m Audio Only Question [33m 716[2mms[22m[39m
   [33m[2m✓[22m[39m Drawing Only Question [33m 2209[2mms[22m[39m
   [33m[2m✓[22m[39m Multi Modal Question [33m 335[2mms[22m[39m
   [33m[2m✓[22m[39m Language Pronunciation [33m 463[2mms[22m[39m
   [33m[2m✓[22m[39m Feature Documentation [33m 521[2mms[22m[39m
   [33m[2m✓[22m[39m Answered Audio Question [33m 908[2mms[22m[39m
   [33m[2m✓[22m[39m Answered Drawing Question [33m 836[2mms[22m[39m
[90mstdout[2m | unknown test
[22m[39m[MOCK vectorStoreDB.js] Module loaded - mock IndexedDB operations
[90mstdout[2m | unknown test
[22m[39m[Task Completion] DOM action listeners initialized
[90mstdout[2m | unknown test
[22m[39m[Task Completion] Auto-completion detector initialized
[90mstdout[2m | unknown test
[22m[39m[Preview] Task completion detector initialized
[90mstdout[2m | src/components/PeerReview/PeerReviewInvitations.stories.tsx[2m > [22m[2mInvitations Story
[22m[39m[MOCK CourseVectorStore] Initialized with mock data
[90mstdout[2m | src/components/PeerReview/PeerReviewInvitations.stories.tsx[2m > [22m[2mInvitations Story
[22m[39m[TranslationModeController] Setting mode to: off
[90mstdout[2m | src/components/PeerReview/PeerReviewInvitations.stories.tsx[2m > [22m[2mInvitations Story
[22m[39m[UnitContext] useEffect triggered {
  "authLoading": false,
  "hasUser": true,
  "id": "mock-unit-id",
  "userSub": "mock-user-sub",
}
[90mstdout[2m | src/components/PeerReview/PeerReviewInvitations.stories.tsx[2m > [22m[2mInvitations Story
[22m[39m[UnitContext] Fetching unit data for id: mock-unit-id
[90mstdout[2m | src/components/PeerReview/PeerReviewInvitations.stories.tsx[2m > [22m[2mInvitations Story
[22m[39m[FilesContext] Initializing vector store from IndexedDB
[90mstdout[2m | src/components/PeerReview/PeerReviewInvitations.stories.tsx[2m > [22m[2mInvitations Story
[22m[39m[FilesContext] fetchFiles called
[90mstdout[2m | src/components/PeerReview/PeerReviewInvitations.stories.tsx[2m > [22m[2mInvitations Story
[22m[39m[FilesContext] User authenticated: mock-user-sub
[90mstdout[2m | src/components/PeerReview/PeerReviewInvitations.stories.tsx[2m > [22m[2mInvitations Story
[22m[39m[FilesContext] Identity ID: us-east-1:mock-identity-123
[90mstdout[2m | src/components/PeerReview/PeerReviewInvitations.stories.tsx[2m > [22m[2mInvitations Story
[22m[39m[FilesContext] About to set up File observeQuery
[90mstdout[2m | src/components/PeerReview/PeerReviewInvitations.stories.tsx[2m > [22m[2mInvitations Story
[22m[39m[ChatContext] Setting up AssistantChat observeQuery
[90mstdout[2m | src/components/PeerReview/PeerReviewInvitations.stories.tsx[2m > [22m[2mInvitations Story
[22m[39m[ChatContext] Waiting for subscription to initialize
[90mstdout[2m | src/components/PeerReview/PeerReviewInvitations.stories.tsx[2m > [22m[2mInvitations Story
[22m[39m[SettingsContext] Setting up Settings subscription for user: mock-user-sub
[90mstdout[2m | src/components/PeerReview/PeerReviewInvitations.stories.tsx[2m > [22m[2mInvitations Story
[22m[39m[Mock Data] Settings created: mock-settings-1790418006738 - notified 0 subscribers
[90mstdout[2m | src/components/PeerReview/PeerReviewInvitations.stories.tsx[2m > [22m[2mInvitations Story
[22m[39m[Mock Data] Unit.onUpdate() subscription added. Total: 1
[90mstdout[2m | src/components/PeerReview/PeerReviewInvitations.stories.tsx[2m > [22m[2mInvitations Story
[22m[39m[SectionContext] Section observeQuery update: 0
[90mstdout[2m | src/components/PeerReview/PeerReviewInvitations.stories.tsx[2m > [22m[2mInvitations Story
[22m[39m[FilesContext] File observeQuery update: 6 files
[90mstdout[2m | src/components/PeerReview/PeerReviewInvitations.stories.tsx[2m > [22m[2mInvitations Story
[22m[39m[ChatContext] AssistantChat initialized with 1 chats
[90mstdout[2m | src/components/PeerReview/PeerReviewInvitations.stories.tsx[2m > [22m[2mInvitations Story
[22m[39m[ChatContext] Setting initial chat: mock-assistant-chat-1
[90mstdout[2m | src/components/PeerReview/PeerReviewInvitations.stories.tsx[2m > [22m[2mInvitations Story
[22m[39m[MOCK CourseVectorStore] Initialized with mock data
[90mstdout[2m | src/components/PeerReview/PeerReviewInvitations.stories.tsx[2m > [22m[2mInvitations Story
[22m[39m[FilesContext] Vector store population triggered {
  "currentVectorStoreSize": 3,
  "documentsCount": 0,
  "filesCount": 6,
  "isInitialLoad": true,
}
[90mstdout[2m | src/components/PeerReview/PeerReviewInvitations.stories.tsx[2m > [22m[2mInvitations Story
[22m[39m[FilesContext] Vector store population complete - 3 total embeddings
[90mstdout[2m | src/components/PeerReview/PeerReviewInvitations.stories.tsx[2m > [22m[2mInvitations Story
[22m[39m[ChatContext] Chat exists and not archived, skipping creation
[90mstdout[2m | src/components/PeerReview/PeerReviewInvitations.stories.tsx[2m > [22m[2mInvitations Story
[22m[39m[Mock Storage] downloadData called with: undefined
[90mstdout[2m | src/components/PeerReview/PeerReviewInvitations.stories.tsx[2m > [22m[2mNo Invitations
[22m[39m[ChatContext] Cleaning up subscriptions
[90mstdout[2m | src/components/PeerReview/PeerReviewInvitations.stories.tsx[2m > [22m[2mNo Invitations
[22m[39m[Mock Data] Unit.onUpdate() subscription removed. Remaining: 0
[90mstdout[2m | src/components/PeerReview/PeerReviewInvitations.stories.tsx[2m > [22m[2mNo Invitations
[22m[39m[MOCK CourseVectorStore] Initialized with mock data
[90mstdout[2m | src/components/PeerReview/PeerReviewInvitations.stories.tsx[2m > [22m[2mNo Invitations
[22m[39m[TranslationModeController] Setting mode to: off
[90mstdout[2m | src/components/PeerReview/PeerReviewInvitations.stories.tsx[2m > [22m[2mNo Invitations
[22m[39m[UnitContext] useEffect triggered {
  "authLoading": false,
  "hasUser": true,
  "id": "mock-unit-id",
  "userSub": "mock-user-sub",
}
[90mstdout[2m | src/components/PeerReview/PeerReviewInvitations.stories.tsx[2m > [22m[2mNo Invitations
[22m[39m[UnitContext] Fetching unit data for id: mock-unit-id
[90mstdout[2m | src/components/PeerReview/PeerReviewInvitations.stories.tsx[2m > [22m[2mNo Invitations
[22m[39m[FilesContext] Initializing vector store from IndexedDB
[90mstdout[2m | src/components/PeerReview/PeerReviewInvitations.stories.tsx[2m > [22m[2mNo Invitations
[22m[39m[FilesContext] fetchFiles called
[90mstdout[2m | src/components/PeerReview/PeerReviewInvitations.stories.tsx[2m > [22m[2mNo Invitations
[22m[39m[FilesContext] User authenticated: mock-user-sub
[90mstdout[2m | src/components/PeerReview/PeerReviewInvitations.stories.tsx[2m > [22m[2mNo Invitations
[22m[39m[FilesContext] Identity ID: us-east-1:mock-identity-123
[90mstdout[2m | src/components/PeerReview/PeerReviewInvitations.stories.tsx[2m > [22m[2mNo Invitations
[22m[39m[FilesContext] About to set up File observeQuery
[90mstdout[2m | src/components/PeerReview/PeerReviewInvitations.stories.tsx[2m > [22m[2mNo Invitations
[22m[39m[ChatContext] Setting up AssistantChat observeQuery
[90mstdout[2m | src/components/PeerReview/PeerReviewInvitations.stories.tsx[2m > [22m[2mNo Invitations
[22m[39m[ChatContext] Waiting for subscription to initialize
[90mstdout[2m | src/components/PeerReview/PeerReviewInvitations.stories.tsx[2m > [22m[2mNo Invitations
[22m[39m[SettingsContext] Setting up Settings subscription for user: mock-user-sub
[90mstdout[2m | src/components/PeerReview/PeerReviewInvitations.stories.tsx[2m > [22m[2mNo Invitations
[22m[39m[Mock Data] Settings created: mock-settings-1790418007059 - notified 0 subscribers
[90mstdout[2m | src/components/PeerReview/PeerReviewInvitations.stories.tsx[2m > [22m[2mNo Invitations
[22m[39m[Mock Data] Unit.onUpdate() subscription added. Total: 1
[90mstdout[2m | src/components/PeerReview/PeerReviewInvitations.stories.tsx[2m > [22m[2mNo Invitations
[22m[39m[SectionContext] Section observeQuery update: 0
[90mstdout[2m | src/components/PeerReview/PeerReviewInvitations.stories.tsx[2m > [22m[2mNo Invitations
[22m[39m[FilesContext] File observeQuery update: 6 files
[90mstdout[2m | src/components/PeerReview/PeerReviewInvitations.stories.tsx[2m > [22m[2mNo Invitations
[22m[39m[ChatContext] AssistantChat initialized with 1 chats
[90mstdout[2m | src/components/PeerReview/PeerReviewInvitations.stories.tsx[2m > [22m[2mNo Invitations
[22m[39m[ChatContext] Setting initial chat: mock-assistant-chat-1
[90mstdout[2m | src/components/PeerReview/PeerReviewInvitations.stories.tsx[2m > [22m[2mNo Invitations
[22m[39m[Mock Storage] downloadData called with: undefined
[90mstdout[2m | src/components/PeerReview/PeerReviewInvitations.stories.tsx[2m > [22m[2mNo Invitations
[22m[39m[MOCK CourseVectorStore] Initialized with mock data
[90mstdout[2m | src/components/PeerReview/PeerReviewInvitations.stories.tsx[2m > [22m[2mNo Invitations
[22m[39m[FilesContext] Vector store population triggered {
  "currentVectorStoreSize": 3,
  "documentsCount": 0,
  "filesCount": 6,
  "isInitialLoad": true,
}
[90mstdout[2m | src/components/PeerReview/PeerReviewInvitations.stories.tsx[2m > [22m[2mNo Invitations
[22m[39m[FilesContext] Vector store population complete - 3 total embeddings
[90mstdout[2m | src/components/PeerReview/PeerReviewInvitations.stories.tsx[2m > [22m[2mNo Invitations
[22m[39m[ChatContext] Chat exists and not archived, skipping creation
 [32m✓[39m [30m[45m storybook (chromium) [49m[39m src/components/PeerReview/PeerReviewInvitations.stories.tsx [2m([22m[2m2 tests[22m[2m)[22m[33m 502[2mms[22m[39m
   [33m[2m✓[22m[39m Invitations Story [33m 332[2mms[22m[39m
[90mstdout[2m | unknown test
[22m[39m[MOCK vectorStoreDB.js] Module loaded - mock IndexedDB operations
[90mstdout[2m | unknown test
[22m[39m[Task Completion] DOM action listeners initialized
[90mstdout[2m | unknown test
[22m[39m[Task Completion] Auto-completion detector initialized
[90mstdout[2m | unknown test
[22m[39m[Preview] Task completion detector initialized
[90mstdout[2m | src/components/Editor3/plugins/LinkPlugin.stories.jsx[2m > [22m[2mEditable Empty
[22m[39m[Preview] Skipped initializing default mock data (initializeMockData=false)
[90mstdout[2m | src/components/Editor3/plugins/LinkPlugin.stories.jsx[2m > [22m[2mEditable Empty
[22m[39m[Mock Data] seedMockUnit: Adding unit link-plugin-story-unit
[90mstdout[2m | src/components/Editor3/plugins/LinkPlugin.stories.jsx[2m > [22m[2mEditable Empty
[22m[39m[MOCK CourseVectorStore] Initialized with mock data
[90mstdout[2m | src/components/Editor3/plugins/LinkPlugin.stories.jsx[2m > [22m[2mEditable Empty
[22m[39m[TranslationModeController] Setting mode to: off
[90mstdout[2m | src/components/Editor3/plugins/LinkPlugin.stories.jsx[2m > [22m[2mEditable Empty
[22m[39m[UnitContext] useEffect triggered {
  "authLoading": false,
  "hasUser": true,
  "id": "link-plugin-story-unit",
  "userSub": "mock-user-sub",
}
[90mstdout[2m | src/components/Editor3/plugins/LinkPlugin.stories.jsx[2m > [22m[2mEditable Empty
[22m[39m[UnitContext] Fetching unit data for id: link-plugin-story-unit
[90mstdout[2m | src/components/Editor3/plugins/LinkPlugin.stories.jsx[2m > [22m[2mEditable Empty
[22m[39m[FilesContext] Initializing vector store from IndexedDB
[90mstdout[2m | src/components/Editor3/plugins/LinkPlugin.stories.jsx[2m > [22m[2mEditable Empty
[22m[39m[FilesContext] fetchFiles called
[90mstdout[2m | src/components/Editor3/plugins/LinkPlugin.stories.jsx[2m > [22m[2mEditable Empty
[22m[39m[FilesContext] User authenticated: mock-user-sub
[90mstdout[2m | src/components/Editor3/plugins/LinkPlugin.stories.jsx[2m > [22m[2mEditable Empty
[22m[39m[FilesContext] Identity ID: us-east-1:mock-identity-123
[90mstdout[2m | src/components/Editor3/plugins/LinkPlugin.stories.jsx[2m > [22m[2mEditable Empty
[22m[39m[FilesContext] About to set up File observeQuery
[90mstdout[2m | src/components/Editor3/plugins/LinkPlugin.stories.jsx[2m > [22m[2mEditable Empty
[22m[39m[ChatContext] Setting up AssistantChat observeQuery
[90mstdout[2m | src/components/Editor3/plugins/LinkPlugin.stories.jsx[2m > [22m[2mEditable Empty
[22m[39m[ChatContext] Waiting for subscription to initialize
[90mstdout[2m | src/components/Editor3/plugins/LinkPlugin.stories.jsx[2m > [22m[2mEditable Empty
[22m[39m[SettingsContext] Setting up Settings subscription for user: mock-user-sub
[90mstdout[2m | src/components/Editor3/plugins/LinkPlugin.stories.jsx[2m > [22m[2mEditable Empty
[22m[39m[Mock Data] Settings created: mock-settings-1790418008595 - notified 0 subscribers
[90mstdout[2m | src/components/Editor3/plugins/LinkPlugin.stories.jsx[2m > [22m[2mEditable Empty
[22m[39m[Mock Data] Unit.onUpdate() subscription added. Total: 1
[90mstdout[2m | src/components/Editor3/plugins/LinkPlugin.stories.jsx[2m > [22m[2mEditable Empty
[22m[39m[SectionContext] Section observeQuery update: 0
[90mstdout[2m | src/components/Editor3/plugins/LinkPlugin.stories.jsx[2m > [22m[2mEditable Empty
[22m[39m[FilesContext] File observeQuery update: 0 files
[90mstdout[2m | src/components/Editor3/plugins/LinkPlugin.stories.jsx[2m > [22m[2mEditable Empty
[22m[39m[ChatContext] AssistantChat initialized with 0 chats
[90mstdout[2m | src/components/Editor3/plugins/LinkPlugin.stories.jsx[2m > [22m[2mEditable Empty
[22m[39m[MOCK CourseVectorStore] Initialized with mock data
[90mstdout[2m | src/components/Editor3/plugins/LinkPlugin.stories.jsx[2m > [22m[2mEditable Empty
[22m[39m[ChatContext] No current chat available, will create one
[90mstdout[2m | src/components/Editor3/plugins/LinkPlugin.stories.jsx[2m > [22m[2mEditable Empty
[22m[39m[ChatContext] Creating AssistantChat with user: undefined
[90mstdout[2m | src/components/Editor3/plugins/LinkPlugin.stories.jsx[2m > [22m[2mEditable Empty
[22m[39m[Mock Data] AssistantChat created: mock-assistantchat-1790418008616 - notified 1 subscribers
[90mstdout[2m | src/components/Editor3/plugins/LinkPlugin.stories.jsx[2m > [22m[2mEditable Empty
[22m[39m[ChatContext] Create result: {
  "data": {
    "_version": 1,
    "archived": false,
    "chatFiles": [Function anonymous],
    "createdAt": "2026-09-26T10:20:08.616Z",
    "id": "mock-assistantchat-1790418008616",
    "model": "gpt-4",
    "updatedAt": "2026-09-26T10:20:08.616Z",
  },
  "errors": [],
  "hasData": true,
  "hasErrors": true,
}
[90mstdout[2m | src/components/Editor3/plugins/LinkPlugin.stories.jsx[2m > [22m[2mEditable Empty
[22m[39m[ChatContext] Created AssistantChat: mock-assistantchat-1790418008616 at: 2026-09-26T10:20:08.616Z
[90mstdout[2m | src/components/Editor3/plugins/LinkPlugin.stories.jsx[2m > [22m[2mEditable Empty
[22m[39m[Mock Storage] downloadData called with: undefined
[90mstdout[2m | src/components/Editor3/plugins/LinkPlugin.stories.jsx[2m > [22m[2mEditable Empty
[22m[39m[ChatContext] Setting initial chat: mock-assistantchat-1790418008616
[90mstdout[2m | src/components/Editor3/plugins/LinkPlugin.stories.jsx[2m > [22m[2mEditable Empty
[22m[39m[ChatContext] Chat exists and not archived, skipping creation
[90mstdout[2m | src/components/Editor3/plugins/LinkPlugin.stories.jsx[2m > [22m[2mEditable With Links
[22m[39m[ChatContext] Cleaning up subscriptions
[90mstdout[2m | src/components/Editor3/plugins/LinkPlugin.stories.jsx[2m > [22m[2mEditable With Links
[22m[39m[Mock Data] Unit.onUpdate() subscription removed. Remaining: 0
[90mstdout[2m | src/components/Editor3/plugins/LinkPlugin.stories.jsx[2m > [22m[2mEditable With Links
[22m[39m[Preview] Skipped initializing default mock data (initializeMockData=false)
[90mstdout[2m | src/components/Editor3/plugins/LinkPlugin.stories.jsx[2m > [22m[2mEditable With Links
[22m[39m[Mock Data] seedMockUnit: Adding unit link-plugin-story-unit
[90mstdout[2m | src/components/Editor3/plugins/LinkPlugin.stories.jsx[2m > [22m[2mEditable With Links
[22m[39m[MOCK CourseVectorStore] Initialized with mock data
[90mstdout[2m | src/components/Editor3/plugins/LinkPlugin.stories.jsx[2m > [22m[2mEditable With Links
[22m[39m[TranslationModeController] Setting mode to: off
[90mstdout[2m | src/components/Editor3/plugins/LinkPlugin.stories.jsx[2m > [22m[2mEditable With Links
[22m[39m[UnitContext] useEffect triggered {
  "authLoading": false,
  "hasUser": true,
  "id": "link-plugin-story-unit",
  "userSub": "mock-user-sub",
}
[90mstdout[2m | src/components/Editor3/plugins/LinkPlugin.stories.jsx[2m > [22m[2mEditable With Links
[22m[39m[UnitContext] Fetching unit data for id: link-plugin-story-unit
[90mstdout[2m | src/components/Editor3/plugins/LinkPlugin.stories.jsx[2m > [22m[2mEditable With Links
[22m[39m[FilesContext] Initializing vector store from IndexedDB
[90mstdout[2m | src/components/Editor3/plugins/LinkPlugin.stories.jsx[2m > [22m[2mEditable With Links
[22m[39m[FilesContext] fetchFiles called
[90mstdout[2m | src/components/Editor3/plugins/LinkPlugin.stories.jsx[2m > [22m[2mEditable With Links
[22m[39m[FilesContext] User authenticated: mock-user-sub
[90mstdout[2m | src/components/Editor3/plugins/LinkPlugin.stories.jsx[2m > [22m[2mEditable With Links
[22m[39m[FilesContext] Identity ID: us-east-1:mock-identity-123
[90mstdout[2m | src/components/Editor3/plugins/LinkPlugin.stories.jsx[2m > [22m[2mEditable With Links
[22m[39m[FilesContext] About to set up File observeQuery
[90mstdout[2m | src/components/Editor3/plugins/LinkPlugin.stories.jsx[2m > [22m[2mEditable With Links
[22m[39m[ChatContext] Setting up AssistantChat observeQuery
[90mstdout[2m | src/components/Editor3/plugins/LinkPlugin.stories.jsx[2m > [22m[2mEditable With Links
[22m[39m[ChatContext] Waiting for subscription to initialize
[90mstdout[2m | src/components/Editor3/plugins/LinkPlugin.stories.jsx[2m > [22m[2mEditable With Links
[22m[39m[SettingsContext] Setting up Settings subscription for user: mock-user-sub
[90mstdout[2m | src/components/Editor3/plugins/LinkPlugin.stories.jsx[2m > [22m[2mEditable With Links
[22m[39m[Mock Data] Settings created: mock-settings-1790418008894 - notified 0 subscribers
[90mstdout[2m | src/components/Editor3/plugins/LinkPlugin.stories.jsx[2m > [22m[2mEditable With Links
[22m[39m[Mock Data] Unit.onUpdate() subscription added. Total: 1
[90mstdout[2m | src/components/Editor3/plugins/LinkPlugin.stories.jsx[2m > [22m[2mEditable With Links
[22m[39m[SectionContext] Section observeQuery update: 0
[90mstdout[2m | src/components/Editor3/plugins/LinkPlugin.stories.jsx[2m > [22m[2mEditable With Links
[22m[39m[FilesContext] File observeQuery update: 0 files
[90mstdout[2m | src/components/Editor3/plugins/LinkPlugin.stories.jsx[2m > [22m[2mEditable With Links
[22m[39m[ChatContext] AssistantChat initialized with 0 chats
[90mstdout[2m | src/components/Editor3/plugins/LinkPlugin.stories.jsx[2m > [22m[2mEditable With Links
[22m[39m[MOCK CourseVectorStore] Initialized with mock data
[90mstdout[2m | src/components/Editor3/plugins/LinkPlugin.stories.jsx[2m > [22m[2mEditable With Links
[22m[39m[ChatContext] No current chat available, will create one
[90mstdout[2m | src/components/Editor3/plugins/LinkPlugin.stories.jsx[2m > [22m[2mEditable With Links
[22m[39m[ChatContext] Creating AssistantChat with user: undefined
[90mstdout[2m | src/components/Editor3/plugins/LinkPlugin.stories.jsx[2m > [22m[2mEditable With Links
[22m[39m[Mock Data] AssistantChat created: mock-assistantchat-1790418008915 - notified 1 subscribers
[90mstdout[2m | src/components/Editor3/plugins/LinkPlugin.stories.jsx[2m > [22m[2mEditable With Links
[22m[39m[ChatContext] Create result: {
  "data": {
    "_version": 1,
    "archived": false,
    "chatFiles": [Function anonymous],
    "createdAt": "2026-09-26T10:20:08.915Z",
    "id": "mock-assistantchat-1790418008915",
    "model": "gpt-4",
    "updatedAt": "2026-09-26T10:20:08.915Z",
  },
  "errors": [],
  "hasData": true,
  "hasErrors": true,
}
[90mstdout[2m | src/components/Editor3/plugins/LinkPlugin.stories.jsx[2m > [22m[2mEditable With Links
[22m[39m[ChatContext] Created AssistantChat: mock-assistantchat-1790418008915 at: 2026-09-26T10:20:08.915Z
[90mstdout[2m | src/components/Editor3/plugins/LinkPlugin.stories.jsx[2m > [22m[2mEditable With Links
[22m[39m[Mock Storage] downloadData called with: undefined
[90mstdout[2m | src/components/Editor3/plugins/LinkPlugin.stories.jsx[2m > [22m[2mEditable With Links
[22m[39m[ChatContext] Setting initial chat: mock-assistantchat-1790418008915
[90mstdout[2m | src/components/Editor3/plugins/LinkPlugin.stories.jsx[2m > [22m[2mEditable With Links
[22m[39m[ChatContext] Chat exists and not archived, skipping creation
[90mstdout[2m | src/components/Editor3/plugins/LinkPlugin.stories.jsx[2m > [22m[2mRead Only With Links
[22m[39m[ChatContext] Cleaning up subscriptions
[90mstdout[2m | src/components/Editor3/plugins/LinkPlugin.stories.jsx[2m > [22m[2mRead Only With Links
[22m[39m[Mock Data] Unit.onUpdate() subscription removed. Remaining: 0
[90mstdout[2m | src/components/Editor3/plugins/LinkPlugin.stories.jsx[2m > [22m[2mRead Only With Links
[22m[39m[Preview] Skipped initializing default mock data (initializeMockData=false)
[90mstdout[2m | src/components/Editor3/plugins/LinkPlugin.stories.jsx[2m > [22m[2mRead Only With Links
[22m[39m[Mock Data] seedMockUnit: Adding unit link-plugin-story-unit
[90mstdout[2m | src/components/Editor3/plugins/LinkPlugin.stories.jsx[2m > [22m[2mRead Only With Links
[22m[39m[MOCK CourseVectorStore] Initialized with mock data
[90mstdout[2m | src/components/Editor3/plugins/LinkPlugin.stories.jsx[2m > [22m[2mRead Only With Links
[22m[39m[TranslationModeController] Setting mode to: off
[90mstdout[2m | src/components/Editor3/plugins/LinkPlugin.stories.jsx[2m > [22m[2mRead Only With Links
[22m[39m[UnitContext] useEffect triggered {
  "authLoading": false,
  "hasUser": true,
  "id": "link-plugin-story-unit",
  "userSub": "mock-user-sub",
}
[90mstdout[2m | src/components/Editor3/plugins/LinkPlugin.stories.jsx[2m > [22m[2mRead Only With Links
[22m[39m[UnitContext] Fetching unit data for id: link-plugin-story-unit
[90mstdout[2m | src/components/Editor3/plugins/LinkPlugin.stories.jsx[2m > [22m[2mRead Only With Links
[22m[39m[FilesContext] Initializing vector store from IndexedDB
[90mstdout[2m | src/components/Editor3/plugins/LinkPlugin.stories.jsx[2m > [22m[2mRead Only With Links
[22m[39m[FilesContext] fetchFiles called
[90mstdout[2m | src/components/Editor3/plugins/LinkPlugin.stories.jsx[2m > [22m[2mRead Only With Links
[22m[39m[FilesContext] User authenticated: mock-user-sub
[90mstdout[2m | src/components/Editor3/plugins/LinkPlugin.stories.jsx[2m > [22m[2mRead Only With Links
[22m[39m[FilesContext] Identity ID: us-east-1:mock-identity-123
[90mstdout[2m | src/components/Editor3/plugins/LinkPlugin.stories.jsx[2m > [22m[2mRead Only With Links
[22m[39m[FilesContext] About to set up File observeQuery
[90mstdout[2m | src/components/Editor3/plugins/LinkPlugin.stories.jsx[2m > [22m[2mRead Only With Links
[22m[39m[ChatContext] Setting up AssistantChat observeQuery
[90mstdout[2m | src/components/Editor3/plugins/LinkPlugin.stories.jsx[2m > [22m[2mRead Only With Links
[22m[39m[ChatContext] Waiting for subscription to initialize
[90mstdout[2m | src/components/Editor3/plugins/LinkPlugin.stories.jsx[2m > [22m[2mRead Only With Links
[22m[39m[SettingsContext] Setting up Settings subscription for user: mock-user-sub
[90mstdout[2m | src/components/Editor3/plugins/LinkPlugin.stories.jsx[2m > [22m[2mRead Only With Links
[22m[39m[Mock Data] Settings created: mock-settings-1790418009281 - notified 0 subscribers
[90mstdout[2m | src/components/Editor3/plugins/LinkPlugin.stories.jsx[2m > [22m[2mRead Only With Links
[22m[39m[Mock Data] Unit.onUpdate() subscription added. Total: 1
[90mstdout[2m | src/components/Editor3/plugins/LinkPlugin.stories.jsx[2m > [22m[2mRead Only With Links
[22m[39m[SectionContext] Section observeQuery update: 0
[90mstdout[2m | src/components/Editor3/plugins/LinkPlugin.stories.jsx[2m > [22m[2mRead Only With Links
[22m[39m[FilesContext] File observeQuery update: 0 files
[90mstdout[2m | src/components/Editor3/plugins/LinkPlugin.stories.jsx[2m > [22m[2mRead Only With Links
[22m[39m[ChatContext] AssistantChat initialized with 0 chats
[90mstdout[2m | src/components/Editor3/plugins/LinkPlugin.stories.jsx[2m > [22m[2mRead Only With Links
[22m[39m[MOCK CourseVectorStore] Initialized with mock data
[90mstdout[2m | src/components/Editor3/plugins/LinkPlugin.stories.jsx[2m > [22m[2mRead Only With Links
[22m[39m[ChatContext] No current chat available, will create one
[90mstdout[2m | src/components/Editor3/plugins/LinkPlugin.stories.jsx[2m > [22m[2mRead Only With Links
[22m[39m[ChatContext] Creating AssistantChat with user: undefined
[90mstdout[2m | src/components/Editor3/plugins/LinkPlugin.stories.jsx[2m > [22m[2mRead Only With Links
[22m[39m[Mock Data] AssistantChat created: mock-assistantchat-1790418009324 - notified 1 subscribers
[90mstdout[2m | src/components/Editor3/plugins/LinkPlugin.stories.jsx[2m > [22m[2mRead Only With Links
[22m[39m[ChatContext] Create result: {
  "data": {
    "_version": 1,
    "archived": false,
    "chatFiles": [Function anonymous],
    "createdAt": "2026-09-26T10:20:09.324Z",
    "id": "mock-assistantchat-1790418009324",
    "model": "gpt-4",
    "updatedAt": "2026-09-26T10:20:09.324Z",
  },
  "errors": [],
  "hasData": true,
  "hasErrors": true,
}
[90mstdout[2m | src/components/Editor3/plugins/LinkPlugin.stories.jsx[2m > [22m[2mRead Only With Links
[22m[39m[ChatContext] Created AssistantChat: mock-assistantchat-1790418009324 at: 2026-09-26T10:20:09.324Z
[90mstdout[2m | src/components/Editor3/plugins/LinkPlugin.stories.jsx[2m > [22m[2mRead Only With Links
[22m[39m[Mock Storage] downloadData called with: undefined
[90mstdout[2m | src/components/Editor3/plugins/LinkPlugin.stories.jsx[2m > [22m[2mRead Only With Links
[22m[39m[ChatContext] Setting initial chat: mock-assistantchat-1790418009324
[90mstdout[2m | src/components/Editor3/plugins/LinkPlugin.stories.jsx[2m > [22m[2mRead Only With Links
[22m[39m[ChatContext] Chat exists and not archived, skipping creation
 [32m✓[39m [30m[45m storybook (chromium) [49m[39m src/components/Editor3/plugins/LinkPlugin.stories.jsx [2m([22m[2m3 tests[22m[2m)[22m[33m 957[2mms[22m[39m
   [33m[2m✓[22m[39m Editable Empty [33m 324[2mms[22m[39m
   [33m[2m✓[22m[39m Read Only With Links [33m 411[2mms[22m[39m
[90mstdout[2m | unknown test
[22m[39m[MOCK vectorStoreDB.js] Module loaded - mock IndexedDB operations
[90mstdout[2m | unknown test
[22m[39m[Task Completion] DOM action listeners initialized
[90mstdout[2m | unknown test
[22m[39m[Task Completion] Auto-completion detector initialized
[90mstdout[2m | unknown test
[22m[39m[Preview] Task completion detector initialized
[90mstdout[2m | src/components/MeaningAssociationExercise/MeaningAssociation.stories.jsx[2m > [22m[2mEasy Exercise
[22m[39m[MOCK CourseVectorStore] Initialized with mock data
[90mstdout[2m | src/components/MeaningAssociationExercise/MeaningAssociation.stories.jsx[2m > [22m[2mEasy Exercise
[22m[39mEasy.nodeKey easy-1 type: string
[90mstdout[2m | src/components/MeaningAssociationExercise/MeaningAssociation.stories.jsx[2m > [22m[2mEasy Exercise
[22m[39mEasy.grade: {
  "data": null,
}
[90mstdout[2m | src/components/MeaningAssociationExercise/MeaningAssociation.stories.jsx[2m > [22m[2mEasy Exercise
[22m[39mEasy.grade.data: null
[90mstdout[2m | src/components/MeaningAssociationExercise/MeaningAssociation.stories.jsx[2m > [22m[2mEasy Exercise
[22m[39mEasy.grade.data === grade? false
[90mstdout[2m | src/components/MeaningAssociationExercise/MeaningAssociation.stories.jsx[2m > [22m[2mEasy Exercise
[22m[39mEasy.grade.data keys: no data
[90mstdout[2m | src/components/MeaningAssociationExercise/MeaningAssociation.stories.jsx[2m > [22m[2mEasy Exercise
[22m[39mEasy.grade.data[nodeKey]: undefined
[90mstdout[2m | src/components/MeaningAssociationExercise/MeaningAssociation.stories.jsx[2m > [22m[2mEasy Exercise
[22m[39mEasy.inProgress {}
[90mstdout[2m | src/components/MeaningAssociationExercise/MeaningAssociation.stories.jsx[2m > [22m[2mEasy Exercise
[22m[39mMeaningAssociationExercise._vocabulary [
  {
    "definition": "A greeting",
    "id": "1",
    "phrase": "Hello",
  },
  {
    "definition": "A farewell",
    "id": "2",
    "phrase": "Goodbye",
  },
  {
    "definition": "Expression of gratitude",
    "id": "3",
    "phrase": "Thank you",
  },
  {
    "definition": "Polite request",
    "id": "4",
    "phrase": "Please",
  },
]
[90mstdout[2m | src/components/MeaningAssociationExercise/MeaningAssociation.stories.jsx[2m > [22m[2mEasy Exercise
[22m[39m[TranslationModeController] Setting mode to: off
[90mstdout[2m | src/components/MeaningAssociationExercise/MeaningAssociation.stories.jsx[2m > [22m[2mEasy Exercise
[22m[39m[UnitContext] useEffect triggered {
  "authLoading": false,
  "hasUser": true,
  "id": "mock-unit-id",
  "userSub": "mock-user-sub",
}
[90mstdout[2m | src/components/MeaningAssociationExercise/MeaningAssociation.stories.jsx[2m > [22m[2mEasy Exercise
[22m[39m[UnitContext] Fetching unit data for id: mock-unit-id
[90mstdout[2m | src/components/MeaningAssociationExercise/MeaningAssociation.stories.jsx[2m > [22m[2mEasy Exercise
[22m[39m[FilesContext] Initializing vector store from IndexedDB
[90mstdout[2m | src/components/MeaningAssociationExercise/MeaningAssociation.stories.jsx[2m > [22m[2mEasy Exercise
[22m[39m[FilesContext] fetchFiles called
[90mstdout[2m | src/components/MeaningAssociationExercise/MeaningAssociation.stories.jsx[2m > [22m[2mEasy Exercise
[22m[39m[FilesContext] User authenticated: mock-user-sub
[90mstdout[2m | src/components/MeaningAssociationExercise/MeaningAssociation.stories.jsx[2m > [22m[2mEasy Exercise
[22m[39m[FilesContext] Identity ID: us-east-1:mock-identity-123
[90mstdout[2m | src/components/MeaningAssociationExercise/MeaningAssociation.stories.jsx[2m > [22m[2mEasy Exercise
[22m[39m[FilesContext] About to set up File observeQuery
[90mstdout[2m | src/components/MeaningAssociationExercise/MeaningAssociation.stories.jsx[2m > [22m[2mEasy Exercise
[22m[39m[ChatContext] Setting up AssistantChat observeQuery
[90mstdout[2m | src/components/MeaningAssociationExercise/MeaningAssociation.stories.jsx[2m > [22m[2mEasy Exercise
[22m[39m[ChatContext] Waiting for subscription to initialize
[90mstdout[2m | src/components/MeaningAssociationExercise/MeaningAssociation.stories.jsx[2m > [22m[2mEasy Exercise
[22m[39m[SettingsContext] Setting up Settings subscription for user: mock-user-sub
[90mstdout[2m | src/components/MeaningAssociationExercise/MeaningAssociation.stories.jsx[2m > [22m[2mEasy Exercise
[22m[39mEasy.nodeKey easy-1 type: string
[90mstdout[2m | src/components/MeaningAssociationExercise/MeaningAssociation.stories.jsx[2m > [22m[2mEasy Exercise
[22m[39mEasy.grade: {
  "data": null,
}
[90mstdout[2m | src/components/MeaningAssociationExercise/MeaningAssociation.stories.jsx[2m > [22m[2mEasy Exercise
[22m[39mEasy.grade.data: null
[90mstdout[2m | src/components/MeaningAssociationExercise/MeaningAssociation.stories.jsx[2m > [22m[2mEasy Exercise
[22m[39mEasy.grade.data === grade? false
[90mstdout[2m | src/components/MeaningAssociationExercise/MeaningAssociation.stories.jsx[2m > [22m[2mEasy Exercise
[22m[39mEasy.grade.data keys: no data
[90mstdout[2m | src/components/MeaningAssociationExercise/MeaningAssociation.stories.jsx[2m > [22m[2mEasy Exercise
[22m[39mEasy.grade.data[nodeKey]: undefined
[90mstdout[2m | src/components/MeaningAssociationExercise/MeaningAssociation.stories.jsx[2m > [22m[2mEasy Exercise
[22m[39mEasy.inProgress {}
[90mstdout[2m | src/components/MeaningAssociationExercise/MeaningAssociation.stories.jsx[2m > [22m[2mEasy Exercise
[22m[39m[Mock Data] Settings created: mock-settings-1790418010591 - notified 0 subscribers
[90mstdout[2m | src/components/MeaningAssociationExercise/MeaningAssociation.stories.jsx[2m > [22m[2mEasy Exercise
[22m[39m[Mock Data] Unit.onUpdate() subscription added. Total: 1
[90mstdout[2m | src/components/MeaningAssociationExercise/MeaningAssociation.stories.jsx[2m > [22m[2mEasy Exercise
[22m[39mEasy.nodeKey easy-1 type: string
[90mstdout[2m | src/components/MeaningAssociationExercise/MeaningAssociation.stories.jsx[2m > [22m[2mEasy Exercise
[22m[39mEasy.grade: {
  "data": null,
}
[90mstdout[2m | src/components/MeaningAssociationExercise/MeaningAssociation.stories.jsx[2m > [22m[2mEasy Exercise
[22m[39mEasy.grade.data: null
[90mstdout[2m | src/components/MeaningAssociationExercise/MeaningAssociation.stories.jsx[2m > [22m[2mEasy Exercise
[22m[39mEasy.grade.data === grade? false
[90mstdout[2m | src/components/MeaningAssociationExercise/MeaningAssociation.stories.jsx[2m > [22m[2mEasy Exercise
[22m[39mEasy.grade.data keys: no data
[90mstdout[2m | src/components/MeaningAssociationExercise/MeaningAssociation.stories.jsx[2m > [22m[2mEasy Exercise
[22m[39mEasy.grade.data[nodeKey]: undefined
[90mstdout[2m | src/components/MeaningAssociationExercise/MeaningAssociation.stories.jsx[2m > [22m[2mEasy Exercise
[22m[39mEasy.inProgress {}
[90mstdout[2m | src/components/MeaningAssociationExercise/MeaningAssociation.stories.jsx[2m > [22m[2mEasy Exercise
[22m[39m[SectionContext] Section observeQuery update: 0
[90mstdout[2m | src/components/MeaningAssociationExercise/MeaningAssociation.stories.jsx[2m > [22m[2mEasy Exercise
[22m[39m[FilesContext] File observeQuery update: 6 files
[90mstdout[2m | src/components/MeaningAssociationExercise/MeaningAssociation.stories.jsx[2m > [22m[2mEasy Exercise
[22m[39m[ChatContext] AssistantChat initialized with 1 chats
[90mstdout[2m | src/components/MeaningAssociationExercise/MeaningAssociation.stories.jsx[2m > [22m[2mEasy Exercise
[22m[39m[ChatContext] Setting initial chat: mock-assistant-chat-1
[90mstdout[2m | src/components/MeaningAssociationExercise/MeaningAssociation.stories.jsx[2m > [22m[2mEasy Exercise
[22m[39m[MOCK CourseVectorStore] Initialized with mock data
[90mstdout[2m | src/components/MeaningAssociationExercise/MeaningAssociation.stories.jsx[2m > [22m[2mEasy Exercise
[22m[39mEasy.nodeKey easy-1 type: string
[90mstdout[2m | src/components/MeaningAssociationExercise/MeaningAssociation.stories.jsx[2m > [22m[2mEasy Exercise
[22m[39mEasy.grade: {
  "data": null,
}
[90mstdout[2m | src/components/MeaningAssociationExercise/MeaningAssociation.stories.jsx[2m > [22m[2mEasy Exercise
[22m[39mEasy.grade.data: null
[90mstdout[2m | src/components/MeaningAssociationExercise/MeaningAssociation.stories.jsx[2m > [22m[2mEasy Exercise
[22m[39mEasy.grade.data === grade? false
[90mstdout[2m | src/components/MeaningAssociationExercise/MeaningAssociation.stories.jsx[2m > [22m[2mEasy Exercise
[22m[39mEasy.grade.data keys: no data
[90mstdout[2m | src/components/MeaningAssociationExercise/MeaningAssociation.stories.jsx[2m > [22m[2mEasy Exercise
[22m[39mEasy.grade.data[nodeKey]: undefined
[90mstdout[2m | src/components/MeaningAssociationExercise/MeaningAssociation.stories.jsx[2m > [22m[2mEasy Exercise
[22m[39mEasy.inProgress {}
[90mstdout[2m | src/components/MeaningAssociationExercise/MeaningAssociation.stories.jsx[2m > [22m[2mEasy Exercise
[22m[39m[FilesContext] Vector store population triggered {
  "currentVectorStoreSize": 3,
  "documentsCount": 0,
  "filesCount": 6,
  "isInitialLoad": true,
}
[90mstdout[2m | src/components/MeaningAssociationExercise/MeaningAssociation.stories.jsx[2m > [22m[2mEasy Exercise
[22m[39m[FilesContext] Vector store population complete - 3 total embeddings
[90mstdout[2m | src/components/MeaningAssociationExercise/MeaningAssociation.stories.jsx[2m > [22m[2mEasy Exercise
[22m[39m[ChatContext] Chat exists and not archived, skipping creation
[90mstdout[2m | src/components/MeaningAssociationExercise/MeaningAssociation.stories.jsx[2m > [22m[2mEasy Exercise
[22m[39m[Mock Storage] downloadData called with: undefined
[90mstdout[2m | src/components/MeaningAssociationExercise/MeaningAssociation.stories.jsx[2m > [22m[2mEasy Exercise Completed
[22m[39m[ChatContext] Cleaning up subscriptions
[90mstdout[2m | src/components/MeaningAssociationExercise/MeaningAssociation.stories.jsx[2m > [22m[2mEasy Exercise Completed
[22m[39m[Mock Data] Unit.onUpdate() subscription removed. Remaining: 0
[90mstdout[2m | src/components/MeaningAssociationExercise/MeaningAssociation.stories.jsx[2m > [22m[2mEasy Exercise Completed
[22m[39m[MOCK CourseVectorStore] Initialized with mock data
[90mstdout[2m | src/components/MeaningAssociationExercise/MeaningAssociation.stories.jsx[2m > [22m[2mEasy Exercise Completed
[22m[39mEasy.nodeKey easy-2 type: string
[90mstdout[2m | src/components/MeaningAssociationExercise/MeaningAssociation.stories.jsx[2m > [22m[2mEasy Exercise Completed
[22m[39mEasy.grade: {
  "data": "{"easy-2":{"complete":true,"tabIndex":0,"easy":{"verifiedAnswers":["1","2","3","4"],"attemptedAnswers":{"1":["1"],"2":["2"],"3":["3"],"4":["4"]},"attemptsCount":4,"accuracy":1,"percentComplete":1,"complete":true},"hard":{"verifiedAnswers":["1","2","3","4"],"attemptedAnswers":{"1":["1"],"2":["2"],"3":["3"],"4":["4"]},"attemptsCount":4,"accuracy":1,"percentComplete":1,"complete":true},"learn":{"verifiedAnswers":["1","2","3","4"],"attemptedAnswers":{"1":["1"],"2":["2"],"3":["3"],"4":["4"]},"attemptsCount":4,"accuracy":1,"percentComplete":1,"complete":true,"droppedPairs":{"1":"1","2":"2","3":"3","4":"4"}}}}",
}
[90mstdout[2m | src/components/MeaningAssociationExercise/MeaningAssociation.stories.jsx[2m > [22m[2mEasy Exercise Completed
[22m[39mEasy.grade.data: {"easy-2":{"complete":true,"tabIndex":0,"easy":{"verifiedAnswers":["1","2","3","4"],"attemptedAnswers":{"1":["1"],"2":["2"],"3":["3"],"4":["4"]},"attemptsCount":4,"accuracy":1,"percentComplete":1,"complete":true},"hard":{"verifiedAnswers":["1","2","3","4"],"attemptedAnswers":{"1":["1"],"2":["2"],"3":["3"],"4":["4"]},"attemptsCount":4,"accuracy":1,"percentComplete":1,"complete":true},"learn":{"verifiedAnswers":["1","2","3","4"],"attemptedAnswers":{"1":["1"],"2":["2"],"3":["3"],"4":["4"]},"attemptsCount":4,"accuracy":1,"percentComplete":1,"complete":true,"droppedPairs":{"1":"1","2":"2","3":"3","4":"4"}}}}
[90mstdout[2m | src/components/MeaningAssociationExercise/MeaningAssociation.stories.jsx[2m > [22m[2mEasy Exercise Completed
[22m[39mEasy.grade.data === grade? false
[90mstdout[2m | src/components/MeaningAssociationExercise/MeaningAssociation.stories.jsx[2m > [22m[2mEasy Exercise Completed
[22m[39mEasy.grade.data keys: [
  "0",
  "1",
  "2",
  "3",
  "4",
  "5",
  "6",
  "7",
  "8",
  "9",
  "10",
  "11",
  "12",
  "13",
  "14",
  "15",
  "16",
  "17",
  "18",
  "19",
  "20",
  "21",
  "22",
  "23",
  "24",
  "25",
  "26",
  "27",
  "28",
  "29",
  "30",
  "31",
  "32",
  "33",
  "34",
  "35",
  "36",
  "37",
  "38",
  "39",
  "40",
  "41",
  "42",
  "43",
  "44",
  "45",
  "46",
  "47",
  "48",
  "49",
  "50",
  "51",
  "52",
  "53",
  "54",
  "55",
  "56",
  "57",
  "58",
  "59",
  "60",
  "61",
  "62",
  "63",
  "64",
  "65",
  "66",
  "67",
  "68",
  "69",
  "70",
  "71",
  "72",
  "73",
  "74",
  "75",
  "76",
  "77",
  "78",
  "79",
  "80",
  "81",
  "82",
  "83",
  "84",
  "85",
  "86",
  "87",
  "88",
  "89",
  "90",
  "91",
  "92",
  "93",
  "94",
  "95",
  "96",
  "97",
  "98",
  "99",
  "100",
  "101",
  "102",
  "103",
  "104",
  "105",
  "106",
  "107",
  "108",
  "109",
  "110",
  "111",
  "112",
  "113",
  "114",
  "115",
  "116",
  "117",
  "118",
  "119",
  "120",
  "121",
  "122",
  "123",
  "124",
  "125",
  "126",
  "127",
  "128",
  "129",
  "130",
  "131",
  "132",
  "133",
  "134",
  "135",
  "136",
  "137",
  "138",
  "139",
  "140",
  "141",
  "142",
  "143",
  "144",
  "145",
  "146",
  "147",
  "148",
  "149",
  "150",
  "151",
  "152",
  "153",
  "154",
  "155",
  "156",
  "157",
  "158",
  "159",
  "160",
  "161",
  "162",
  "163",
  "164",
  "165",
  "166",
  "167",
  "168",
  "169",
  "170",
  "171",
  "172",
  "173",
  "174",
  "175",
  "176",
  "177",
  "178",
  "179",
  "180",
  "181",
  "182",
  "183",
  "184",
  "185",
  "186",
  "187",
  "188",
  "189",
  "190",
  "191",
  "192",
  "193",
  "194",
  "195",
  "196",
  "197",
  "198",
  "199",
  "200",
  "201",
  "202",
  "203",
  "204",
  "205",
  "206",
  "207",
  "208",
  "209",
  "210",
  "211",
  "212",
  "213",
  "214",
  "215",
  "216",
  "217",
  "218",
  "219",
  "220",
  "221",
  "222",
  "223",
  "224",
  "225",
  "226",
  "227",
  "228",
  "229",
  "230",
  "231",
  "232",
  "233",
  "234",
  "235",
  "236",
  "237",
  "238",
  "239",
  "240",
  "241",
  "242",
  "243",
  "244",
  "245",
  "246",
  "247",
  "248",
  "249",
  "250",
  "251",
  "252",
  "253",
  "254",
  "255",
  "256",
  "257",
  "258",
  "259",
  "260",
  "261",
  "262",
  "263",
  "264",
  "265",
  "266",
  "267",
  "268",
  "269",
  "270",
  "271",
  "272",
  "273",
  "274",
  "275",
  "276",
  "277",
  "278",
  "279",
  "280",
  "281",
  "282",
  "283",
  "284",
  "285",
  "286",
  "287",
  "288",
  "289",
  "290",
  "291",
  "292",
  "293",
  "294",
  "295",
  "296",
  "297",
  "298",
  "299",
  "300",
  "301",
  "302",
  "303",
  "304",
  "305",
  "306",
  "307",
  "308",
  "309",
  "310",
  "311",
  "312",
  "313",
  "314",
  "315",
  "316",
  "317",
  "318",
  "319",
  "320",
  "321",
  "322",
  "323",
  "324",
  "325",
  "326",
  "327",
  "328",
  "329",
  "330",
  "331",
  "332",
  "333",
  "334",
  "335",
  "336",
  "337",
  "338",
  "339",
  "340",
  "341",
  "342",
  "343",
  "344",
  "345",
  "346",
  "347",
  "348",
  "349",
  "350",
  "351",
  "352",
  "353",
  "354",
  "355",
  "356",
  "357",
  "358",
  "359",
  "360",
  "361",
  "362",
  "363",
  "364",
  "365",
  "366",
  "367",
  "368",
  "369",
  "370",
  "371",
  "372",
  "373",
  "374",
  "375",
  "376",
  "377",
  "378",
  "379",
  "380",
  "381",
  "382",
  "383",
  "384",
  "385",
  "386",
  "387",
  "388",
  "389",
  "390",
  "391",
  "392",
  "393",
  "394",
  "395",
  "396",
  "397",
  "398",
  "399",
  "400",
  "401",
  "402",
  "403",
  "404",
  "405",
  "406",
  "407",
  "408",
  "409",
  "410",
  "411",
  "412",
  "413",
  "414",
  "415",
  "416",
  "417",
  "418",
  "419",
  "420",
  "421",
  "422",
  "423",
  "424",
  "425",
  "426",
  "427",
  "428",
  "429",
  "430",
  "431",
  "432",
  "433",
  "434",
  "435",
  "436",
  "437",
  "438",
  "439",
  "440",
  "441",
  "442",
  "443",
  "444",
  "445",
  "446",
  "447",
  "448",
  "449",
  "450",
  "451",
  "452",
  "453",
  "454",
  "455",
  "456",
  "457",
  "458",
  "459",
  "460",
  "461",
  "462",
  "463",
  "464",
  "465",
  "466",
  "467",
  "468",
  "469",
  "470",
  "471",
  "472",
  "473",
  "474",
  "475",
  "476",
  "477",
  "478",
  "479",
  "480",
  "481",
  "482",
  "483",
  "484",
  "485",
  "486",
  "487",
  "488",
  "489",
  "490",
  "491",
  "492",
  "493",
  "494",
  "495",
  "496",
  "497",
  "498",
  "499",
  "500",
  "501",
  "502",
  "503",
  "504",
  "505",
  "506",
  "507",
  "508",
  "509",
  "510",
  "511",
  "512",
  "513",
  "514",
  "515",
  "516",
  "517",
  "518",
  "519",
  "520",
  "521",
  "522",
  "523",
  "524",
  "525",
  "526",
  "527",
  "528",
  "529",
  "530",
  "531",
  "532",
  "533",
  "534",
  "535",
  "536",
  "537",
  "538",
  "539",
  "540",
  "541",
  "542",
  "543",
  "544",
  "545",
  "546",
  "547",
  "548",
  "549",
  "550",
  "551",
  "552",
  "553",
  "554",
  "555",
  "556",
  "557",
  "558",
  "559",
  "560",
  "561",
  "562",
  "563",
  "564",
  "565",
  "566",
  "567",
  "568",
  "569",
  "570",
  "571",
  "572",
  "573",
  "574",
  "575",
  "576",
  "577",
  "578",
  "579",
  "580",
  "581",
  "582",
  "583",
  "584",
  "585",
  "586",
  "587",
  "588",
  "589",
  "590",
  "591",
  "592",
  "593",
  "594",
  "595",
  "596",
  "597",
  "598",
  "599",
  "600",
  "601",
  "602",
  "603",
  "604",
  "605",
  "606",
  "607",
  "608",
  "609",
]
[90mstdout[2m | src/components/MeaningAssociationExercise/MeaningAssociation.stories.jsx[2m > [22m[2mEasy Exercise Completed
[22m[39mEasy.grade.data[nodeKey]: undefined
[90mstdout[2m | src/components/MeaningAssociationExercise/MeaningAssociation.stories.jsx[2m > [22m[2mEasy Exercise Completed
[22m[39mEasy.inProgress {
  "complete": true,
  "easy": {
    "accuracy": 1,
    "attemptedAnswers": {
      "1": [
        "1",
      ],
      "2": [
        "2",
      ],
      "3": [
        "3",
      ],
      "4": [
        "4",
      ],
    },
    "attemptsCount": 4,
    "complete": true,
    "percentComplete": 1,
    "verifiedAnswers": [
      "1",
      "2",
      "3",
      "4",
    ],
  },
  "hard": {
    "accuracy": 1,
    "attemptedAnswers": {
      "1": [
        "1",
      ],
      "2": [
        "2",
      ],
      "3": [
        "3",
      ],
      "4": [
        "4",
      ],
    },
    "attemptsCount": 4,
    "complete": true,
    "percentComplete": 1,
    "verifiedAnswers": [
      "1",
      "2",
      "3",
      "4",
    ],
  },
  "learn": {
    "accuracy": 1,
    "attemptedAnswers": {
      "1": [
        "1",
      ],
      "2": [
        "2",
      ],
      "3": [
        "3",
      ],
      "4": [
        "4",
      ],
    },
    "attemptsCount": 4,
    "complete": true,
    "droppedPairs": {
      "1": "1",
      "2": "2",
      "3": "3",
      "4": "4",
    },
    "percentComplete": 1,
    "verifiedAnswers": [
      "1",
      "2",
      "3",
      "4",
    ],
  },
  "tabIndex": 0,
}
[90mstdout[2m | src/components/MeaningAssociationExercise/MeaningAssociation.stories.jsx[2m > [22m[2mEasy Exercise Completed
[22m[39mMeaningAssociationExercise._vocabulary [
  {
    "definition": "A greeting",
    "id": "1",
    "phrase": "Hello",
  },
  {
    "definition": "A farewell",
    "id": "2",
    "phrase": "Goodbye",
  },
  {
    "definition": "Expression of gratitude",
    "id": "3",
    "phrase": "Thank you",
  },
  {
    "definition": "Polite request",
    "id": "4",
    "phrase": "Please",
  },
]
[90mstdout[2m | src/components/MeaningAssociationExercise/MeaningAssociation.stories.jsx[2m > [22m[2mEasy Exercise Completed
[22m[39m[TranslationModeController] Setting mode to: off
[90mstdout[2m | src/components/MeaningAssociationExercise/MeaningAssociation.stories.jsx[2m > [22m[2mEasy Exercise Completed
[22m[39m[UnitContext] useEffect triggered {
  "authLoading": false,
  "hasUser": true,
  "id": "mock-unit-id",
  "userSub": "mock-user-sub",
}
[90mstdout[2m | src/components/MeaningAssociationExercise/MeaningAssociation.stories.jsx[2m > [22m[2mEasy Exercise Completed
[22m[39m[UnitContext] Fetching unit data for id: mock-unit-id
[90mstdout[2m | src/components/MeaningAssociationExercise/MeaningAssociation.stories.jsx[2m > [22m[2mEasy Exercise Completed
[22m[39m[FilesContext] Initializing vector store from IndexedDB
[90mstdout[2m | src/components/MeaningAssociationExercise/MeaningAssociation.stories.jsx[2m > [22m[2mEasy Exercise Completed
[22m[39m[FilesContext] fetchFiles called
[90mstdout[2m | src/components/MeaningAssociationExercise/MeaningAssociation.stories.jsx[2m > [22m[2mEasy Exercise Completed
[22m[39m[FilesContext] User authenticated: mock-user-sub
[90mstdout[2m | src/components/MeaningAssociationExercise/MeaningAssociation.stories.jsx[2m > [22m[2mEasy Exercise Completed
[22m[39m[FilesContext] Identity ID: us-east-1:mock-identity-123
[90mstdout[2m | src/components/MeaningAssociationExercise/MeaningAssociation.stories.jsx[2m > [22m[2mEasy Exercise Completed
[22m[39m[FilesContext] About to set up File observeQuery
[90mstdout[2m | src/components/MeaningAssociationExercise/MeaningAssociation.stories.jsx[2m > [22m[2mEasy Exercise Completed
[22m[39m[ChatContext] Setting up AssistantChat observeQuery
[90mstdout[2m | src/components/MeaningAssociationExercise/MeaningAssociation.stories.jsx[2m > [22m[2mEasy Exercise Completed
[22m[39m[ChatContext] Waiting for subscription to initialize
[90mstdout[2m | src/components/MeaningAssociationExercise/MeaningAssociation.stories.jsx[2m > [22m[2mEasy Exercise Completed
[22m[39m[SettingsContext] Setting up Settings subscription for user: mock-user-sub
[90mstdout[2m | src/components/MeaningAssociationExercise/MeaningAssociation.stories.jsx[2m > [22m[2mEasy Exercise Completed
[22m[39mEasy.nodeKey easy-2 type: string
[90mstdout[2m | src/components/MeaningAssociationExercise/MeaningAssociation.stories.jsx[2m > [22m[2mEasy Exercise Completed
[22m[39mEasy.grade: {
  "data": "{"easy-2":{"complete":true,"tabIndex":0,"easy":{"verifiedAnswers":["1","2","3","4"],"attemptedAnswers":{"1":["1"],"2":["2"],"3":["3"],"4":["4"]},"attemptsCount":4,"accuracy":1,"percentComplete":1,"complete":true},"hard":{"verifiedAnswers":["1","2","3","4"],"attemptedAnswers":{"1":["1"],"2":["2"],"3":["3"],"4":["4"]},"attemptsCount":4,"accuracy":1,"percentComplete":1,"complete":true},"learn":{"verifiedAnswers":["1","2","3","4"],"attemptedAnswers":{"1":["1"],"2":["2"],"3":["3"],"4":["4"]},"attemptsCount":4,"accuracy":1,"percentComplete":1,"complete":true,"droppedPairs":{"1":"1","2":"2","3":"3","4":"4"}}}}",
}
[90mstdout[2m | src/components/MeaningAssociationExercise/MeaningAssociation.stories.jsx[2m > [22m[2mEasy Exercise Completed
[22m[39mEasy.grade.data: {"easy-2":{"complete":true,"tabIndex":0,"easy":{"verifiedAnswers":["1","2","3","4"],"attemptedAnswers":{"1":["1"],"2":["2"],"3":["3"],"4":["4"]},"attemptsCount":4,"accuracy":1,"percentComplete":1,"complete":true},"hard":{"verifiedAnswers":["1","2","3","4"],"attemptedAnswers":{"1":["1"],"2":["2"],"3":["3"],"4":["4"]},"attemptsCount":4,"accuracy":1,"percentComplete":1,"complete":true},"learn":{"verifiedAnswers":["1","2","3","4"],"attemptedAnswers":{"1":["1"],"2":["2"],"3":["3"],"4":["4"]},"attemptsCount":4,"accuracy":1,"percentComplete":1,"complete":true,"droppedPairs":{"1":"1","2":"2","3":"3","4":"4"}}}}
[90mstdout[2m | src/components/MeaningAssociationExercise/MeaningAssociation.stories.jsx[2m > [22m[2mEasy Exercise Completed
[22m[39mEasy.grade.data === grade? false
[90mstdout[2m | src/components/MeaningAssociationExercise/MeaningAssociation.stories.jsx[2m > [22m[2mEasy Exercise Completed
[22m[39mEasy.grade.data keys: [
  "0",
  "1",
  "2",
  "3",
  "4",
  "5",
  "6",
  "7",
  "8",
  "9",
  "10",
  "11",
  "12",
  "13",
  "14",
  "15",
  "16",
  "17",
  "18",
  "19",
  "20",
  "21",
  "22",
  "23",
  "24",
  "25",
  "26",
  "27",
  "28",
  "29",
  "30",
  "31",
  "32",
  "33",
  "34",
  "35",
  "36",
  "37",
  "38",
  "39",
  "40",
  "41",
  "42",
  "43",
  "44",
  "45",
  "46",
  "47",
  "48",
  "49",
  "50",
  "51",
  "52",
  "53",
  "54",
  "55",
  "56",
  "57",
  "58",
  "59",
  "60",
  "61",
  "62",
  "63",
  "64",
  "65",
  "66",
  "67",
  "68",
  "69",
  "70",
  "71",
  "72",
  "73",
  "74",
  "75",
  "76",
  "77",
  "78",
  "79",
  "80",
  "81",
  "82",
  "83",
  "84",
  "85",
  "86",
  "87",
  "88",
  "89",
  "90",
  "91",
  "92",
  "93",
  "94",
  "95",
  "96",
  "97",
  "98",
  "99",
  "100",
  "101",
  "102",
  "103",
  "104",
  "105",
  "106",
  "107",
  "108",
  "109",
  "110",
  "111",
  "112",
  "113",
  "114",
  "115",
  "116",
  "117",
  "118",
  "119",
  "120",
  "121",
  "122",
  "123",
  "124",
  "125",
  "126",
  "127",
  "128",
  "129",
  "130",
  "131",
  "132",
  "133",
  "134",
  "135",
  "136",
  "137",
  "138",
  "139",
  "140",
  "141",
  "142",
  "143",
  "144",
  "145",
  "146",
  "147",
  "148",
  "149",
  "150",
  "151",
  "152",
  "153",
  "154",
  "155",
  "156",
  "157",
  "158",
  "159",
  "160",
  "161",
  "162",
  "163",
  "164",
  "165",
  "166",
  "167",
  "168",
  "169",
  "170",
  "171",
  "172",
  "173",
  "174",
  "175",
  "176",
  "177",
  "178",
  "179",
  "180",
  "181",
  "182",
  "183",
  "184",
  "185",
  "186",
  "187",
  "188",
  "189",
  "190",
  "191",
  "192",
  "193",
  "194",
  "195",
  "196",
  "197",
  "198",
  "199",
  "200",
  "201",
  "202",
  "203",
  "204",
  "205",
  "206",
  "207",
  "208",
  "209",
  "210",
  "211",
  "212",
  "213",
  "214",
  "215",
  "216",
  "217",
  "218",
  "219",
  "220",
  "221",
  "222",
  "223",
  "224",
  "225",
  "226",
  "227",
  "228",
  "229",
  "230",
  "231",
  "232",
  "233",
  "234",
  "235",
  "236",
  "237",
  "238",
  "239",
  "240",
  "241",
  "242",
  "243",
  "244",
  "245",
  "246",
  "247",
  "248",
  "249",
  "250",
  "251",
  "252",
  "253",
  "254",
  "255",
  "256",
  "257",
  "258",
  "259",
  "260",
  "261",
  "262",
  "263",
  "264",
  "265",
  "266",
  "267",
  "268",
  "269",
  "270",
  "271",
  "272",
  "273",
  "274",
  "275",
  "276",
  "277",
  "278",
  "279",
  "280",
  "281",
  "282",
  "283",
  "284",
  "285",
  "286",
  "287",
  "288",
  "289",
  "290",
  "291",
  "292",
  "293",
  "294",
  "295",
  "296",
  "297",
  "298",
  "299",
  "300",
  "301",
  "302",
  "303",
  "304",
  "305",
  "306",
  "307",
  "308",
  "309",
  "310",
  "311",
  "312",
  "313",
  "314",
  "315",
  "316",
  "317",
  "318",
  "319",
  "320",
  "321",
  "322",
  "323",
  "324",
  "325",
  "326",
  "327",
  "328",
  "329",
  "330",
  "331",
  "332",
  "333",
  "334",
  "335",
  "336",
  "337",
  "338",
  "339",
  "340",
  "341",
  "342",
  "343",
  "344",
  "345",
  "346",
  "347",
  "348",
  "349",
  "350",
  "351",
  "352",
  "353",
  "354",
  "355",
  "356",
  "357",
  "358",
  "359",
  "360",
  "361",
  "362",
  "363",
  "364",
  "365",
  "366",
  "367",
  "368",
  "369",
  "370",
  "371",
  "372",
  "373",
  "374",
  "375",
  "376",
  "377",
  "378",
  "379",
  "380",
  "381",
  "382",
  "383",
  "384",
  "385",
  "386",
  "387",
  "388",
  "389",
  "390",
  "391",
  "392",
  "393",
  "394",
  "395",
  "396",
  "397",
  "398",
  "399",
  "400",
  "401",
  "402",
  "403",
  "404",
  "405",
  "406",
  "407",
  "408",
  "409",
  "410",
  "411",
  "412",
  "413",
  "414",
  "415",
  "416",
  "417",
  "418",
  "419",
  "420",
  "421",
  "422",
  "423",
  "424",
  "425",
  "426",
  "427",
  "428",
  "429",
  "430",
  "431",
  "432",
  "433",
  "434",
  "435",
  "436",
  "437",
  "438",
  "439",
  "440",
  "441",
  "442",
  "443",
  "444",
  "445",
  "446",
  "447",
  "448",
  "449",
  "450",
  "451",
  "452",
  "453",
  "454",
  "455",
  "456",
  "457",
  "458",
  "459",
  "460",
  "461",
  "462",
  "463",
  "464",
  "465",
  "466",
  "467",
  "468",
  "469",
  "470",
  "471",
  "472",
  "473",
  "474",
  "475",
  "476",
  "477",
  "478",
  "479",
  "480",
  "481",
  "482",
  "483",
  "484",
  "485",
  "486",
  "487",
  "488",
  "489",
  "490",
  "491",
  "492",
  "493",
  "494",
  "495",
  "496",
  "497",
  "498",
  "499",
  "500",
  "501",
  "502",
  "503",
  "504",
  "505",
  "506",
  "507",
  "508",
  "509",
  "510",
  "511",
  "512",
  "513",
  "514",
  "515",
  "516",
  "517",
  "518",
  "519",
  "520",
  "521",
  "522",
  "523",
  "524",
  "525",
  "526",
  "527",
  "528",
  "529",
  "530",
  "531",
  "532",
  "533",
  "534",
  "535",
  "536",
  "537",
  "538",
  "539",
  "540",
  "541",
  "542",
  "543",
  "544",
  "545",
  "546",
  "547",
  "548",
  "549",
  "550",
  "551",
  "552",
  "553",
  "554",
  "555",
  "556",
  "557",
  "558",
  "559",
  "560",
  "561",
  "562",
  "563",
  "564",
  "565",
  "566",
  "567",
  "568",
  "569",
  "570",
  "571",
  "572",
  "573",
  "574",
  "575",
  "576",
  "577",
  "578",
  "579",
  "580",
  "581",
  "582",
  "583",
  "584",
  "585",
  "586",
  "587",
  "588",
  "589",
  "590",
  "591",
  "592",
  "593",
  "594",
  "595",
  "596",
  "597",
  "598",
  "599",
  "600",
  "601",
  "602",
  "603",
  "604",
  "605",
  "606",
  "607",
  "608",
  "609",
]
[90mstdout[2m | src/components/MeaningAssociationExercise/MeaningAssociation.stories.jsx[2m > [22m[2mEasy Exercise Completed
[22m[39mEasy.grade.data[nodeKey]: undefined
[90mstdout[2m | src/components/MeaningAssociationExercise/MeaningAssociation.stories.jsx[2m > [22m[2mEasy Exercise Completed
[22m[39mEasy.inProgress {
  "complete": true,
  "easy": {
    "accuracy": 1,
    "attemptedAnswers": {
      "1": [
        "1",
      ],
      "2": [
        "2",
      ],
      "3": [
        "3",
      ],
      "4": [
        "4",
      ],
    },
    "attemptsCount": 4,
    "complete": true,
    "percentComplete": 1,
    "verifiedAnswers": [
      "1",
      "2",
      "3",
      "4",
    ],
  },
  "hard": {
    "accuracy": 1,
    "attemptedAnswers": {
      "1": [
        "1",
      ],
      "2": [
        "2",
      ],
      "3": [
        "3",
      ],
      "4": [
        "4",
      ],
    },
    "attemptsCount": 4,
    "complete": true,
    "percentComplete": 1,
    "verifiedAnswers": [
      "1",
      "2",
      "3",
      "4",
    ],
  },
  "learn": {
    "accuracy": 1,
    "attemptedAnswers": {
      "1": [
        "1",
      ],
      "2": [
        "2",
      ],
      "3": [
        "3",
      ],
      "4": [
        "4",
      ],
    },
    "attemptsCount": 4,
    "complete": true,
    "droppedPairs": {
      "1": "1",
      "2": "2",
      "3": "3",
      "4": "4",
    },
    "percentComplete": 1,
    "verifiedAnswers": [
      "1",
      "2",
      "3",
      "4",
    ],
  },
  "tabIndex": 0,
}
[90mstdout[2m | src/components/MeaningAssociationExercise/MeaningAssociation.stories.jsx[2m > [22m[2mEasy Exercise Completed
[22m[39m[Mock Data] Settings created: mock-settings-1790418010830 - notified 0 subscribers
[90mstdout[2m | src/components/MeaningAssociationExercise/MeaningAssociation.stories.jsx[2m > [22m[2mEasy Exercise Completed
[22m[39m[Mock Data] Unit.onUpdate() subscription added. Total: 1
[90mstdout[2m | src/components/MeaningAssociationExercise/MeaningAssociation.stories.jsx[2m > [22m[2mEasy Exercise Completed
[22m[39mEasy.nodeKey easy-2 type: string
[90mstdout[2m | src/components/MeaningAssociationExercise/MeaningAssociation.stories.jsx[2m > [22m[2mEasy Exercise Completed
[22m[39mEasy.grade: {
  "data": "{"easy-2":{"complete":true,"tabIndex":0,"easy":{"verifiedAnswers":["1","2","3","4"],"attemptedAnswers":{"1":["1"],"2":["2"],"3":["3"],"4":["4"]},"attemptsCount":4,"accuracy":1,"percentComplete":1,"complete":true},"hard":{"verifiedAnswers":["1","2","3","4"],"attemptedAnswers":{"1":["1"],"2":["2"],"3":["3"],"4":["4"]},"attemptsCount":4,"accuracy":1,"percentComplete":1,"complete":true},"learn":{"verifiedAnswers":["1","2","3","4"],"attemptedAnswers":{"1":["1"],"2":["2"],"3":["3"],"4":["4"]},"attemptsCount":4,"accuracy":1,"percentComplete":1,"complete":true,"droppedPairs":{"1":"1","2":"2","3":"3","4":"4"}}}}",
}
[90mstdout[2m | src/components/MeaningAssociationExercise/MeaningAssociation.stories.jsx[2m > [22m[2mEasy Exercise Completed
[22m[39mEasy.grade.data: {"easy-2":{"complete":true,"tabIndex":0,"easy":{"verifiedAnswers":["1","2","3","4"],"attemptedAnswers":{"1":["1"],"2":["2"],"3":["3"],"4":["4"]},"attemptsCount":4,"accuracy":1,"percentComplete":1,"complete":true},"hard":{"verifiedAnswers":["1","2","3","4"],"attemptedAnswers":{"1":["1"],"2":["2"],"3":["3"],"4":["4"]},"attemptsCount":4,"accuracy":1,"percentComplete":1,"complete":true},"learn":{"verifiedAnswers":["1","2","3","4"],"attemptedAnswers":{"1":["1"],"2":["2"],"3":["3"],"4":["4"]},"attemptsCount":4,"accuracy":1,"percentComplete":1,"complete":true,"droppedPairs":{"1":"1","2":"2","3":"3","4":"4"}}}}
[90mstdout[2m | src/components/MeaningAssociationExercise/MeaningAssociation.stories.jsx[2m > [22m[2mEasy Exercise Completed
[22m[39mEasy.grade.data === grade? false
[90mstdout[2m | src/components/MeaningAssociationExercise/MeaningAssociation.stories.jsx[2m > [22m[2mEasy Exercise Completed
[22m[39mEasy.grade.data keys: [
  "0",
  "1",
  "2",
  "3",
  "4",
  "5",
  "6",
  "7",
  "8",
  "9",
  "10",
  "11",
  "12",
  "13",
  "14",
  "15",
  "16",
  "17",
  "18",
  "19",
  "20",
  "21",
  "22",
  "23",
  "24",
  "25",
  "26",
  "27",
  "28",
  "29",
  "30",
  "31",
  "32",
  "33",
  "34",
  "35",
  "36",
  "37",
  "38",
  "39",
  "40",
  "41",
  "42",
  "43",
  "44",
  "45",
  "46",
  "47",
  "48",
  "49",
  "50",
  "51",
  "52",
  "53",
  "54",
  "55",
  "56",
  "57",
  "58",
  "59",
  "60",
  "61",
  "62",
  "63",
  "64",
  "65",
  "66",
  "67",
  "68",
  "69",
  "70",
  "71",
  "72",
  "73",
  "74",
  "75",
  "76",
  "77",
  "78",
  "79",
  "80",
  "81",
  "82",
  "83",
  "84",
  "85",
  "86",
  "87",
  "88",
  "89",
  "90",
  "91",
  "92",
  "93",
  "94",
  "95",
  "96",
  "97",
  "98",
  "99",
  "100",
  "101",
  "102",
  "103",
  "104",
  "105",
  "106",
  "107",
  "108",
  "109",
  "110",
  "111",
  "112",
  "113",
  "114",
  "115",
  "116",
  "117",
  "118",
  "119",
  "120",
  "121",
  "122",
  "123",
  "124",
  "125",
  "126",
  "127",
  "128",
  "129",
  "130",
  "131",
  "132",
  "133",
  "134",
  "135",
  "136",
  "137",
  "138",
  "139",
  "140",
  "141",
  "142",
  "143",
  "144",
  "145",
  "146",
  "147",
  "148",
  "149",
  "150",
  "151",
  "152",
  "153",
  "154",
  "155",
  "156",
  "157",
  "158",
  "159",
  "160",
  "161",
  "162",
  "163",
  "164",
  "165",
  "166",
  "167",
  "168",
  "169",
  "170",
  "171",
  "172",
  "173",
  "174",
  "175",
  "176",
  "177",
  "178",
  "179",
  "180",
  "181",
  "182",
  "183",
  "184",
  "185",
  "186",
  "187",
  "188",
  "189",
  "190",
  "191",
  "192",
  "193",
  "194",
  "195",
  "196",
  "197",
  "198",
  "199",
  "200",
  "201",
  "202",
  "203",
  "204",
  "205",
  "206",
  "207",
  "208",
  "209",
  "210",
  "211",
  "212",
  "213",
  "214",
  "215",
  "216",
  "217",
  "218",
  "219",
  "220",
  "221",
  "222",
  "223",
  "224",
  "225",
  "226",
  "227",
  "228",
  "229",
  "230",
  "231",
  "232",
  "233",
  "234",
  "235",
  "236",
  "237",
  "238",
  "239",
  "240",
  "241",
  "242",
  "243",
  "244",
  "245",
  "246",
  "247",
  "248",
  "249",
  "250",
  "251",
  "252",
  "253",
  "254",
  "255",
  "256",
  "257",
  "258",
  "259",
  "260",
  "261",
  "262",
  "263",
  "264",
  "265",
  "266",
  "267",
  "268",
  "269",
  "270",
  "271",
  "272",
  "273",
  "274",
  "275",
  "276",
  "277",
  "278",
  "279",
  "280",
  "281",
  "282",
  "283",
  "284",
  "285",
  "286",
  "287",
  "288",
  "289",
  "290",
  "291",
  "292",
  "293",
  "294",
  "295",
  "296",
  "297",
  "298",
  "299",
  "300",
  "301",
  "302",
  "303",
  "304",
  "305",
  "306",
  "307",
  "308",
  "309",
  "310",
  "311",
  "312",
  "313",
  "314",
  "315",
  "316",
  "317",
  "318",
  "319",
  "320",
  "321",
  "322",
  "323",
  "324",
  "325",
  "326",
  "327",
  "328",
  "329",
  "330",
  "331",
  "332",
  "333",
  "334",
  "335",
  "336",
  "337",
  "338",
  "339",
  "340",
  "341",
  "342",
  "343",
  "344",
  "345",
  "346",
  "347",
  "348",
  "349",
  "350",
  "351",
  "352",
  "353",
  "354",
  "355",
  "356",
  "357",
  "358",
  "359",
  "360",
  "361",
  "362",
  "363",
  "364",
  "365",
  "366",
  "367",
  "368",
  "369",
  "370",
  "371",
  "372",
  "373",
  "374",
  "375",
  "376",
  "377",
  "378",
  "379",
  "380",
  "381",
  "382",
  "383",
  "384",
  "385",
  "386",
  "387",
  "388",
  "389",
  "390",
  "391",
  "392",
  "393",
  "394",
  "395",
  "396",
  "397",
  "398",
  "399",
  "400",
  "401",
  "402",
  "403",
  "404",
  "405",
  "406",
  "407",
  "408",
  "409",
  "410",
  "411",
  "412",
  "413",
  "414",
  "415",
  "416",
  "417",
  "418",
  "419",
  "420",
  "421",
  "422",
  "423",
  "424",
  "425",
  "426",
  "427",
  "428",
  "429",
  "430",
  "431",
  "432",
  "433",
  "434",
  "435",
  "436",
  "437",
  "438",
  "439",
  "440",
  "441",
  "442",
  "443",
  "444",
  "445",
  "446",
  "447",
  "448",
  "449",
  "450",
  "451",
  "452",
  "453",
  "454",
  "455",
  "456",
  "457",
  "458",
  "459",
  "460",
  "461",
  "462",
  "463",
  "464",
  "465",
  "466",
  "467",
  "468",
  "469",
  "470",
  "471",
  "472",
  "473",
  "474",
  "475",
  "476",
  "477",
  "478",
  "479",
  "480",
  "481",
  "482",
  "483",
  "484",
  "485",
  "486",
  "487",
  "488",
  "489",
  "490",
  "491",
  "492",
  "493",
  "494",
  "495",
  "496",
  "497",
  "498",
  "499",
  "500",
  "501",
  "502",
  "503",
  "504",
  "505",
  "506",
  "507",
  "508",
  "509",
  "510",
  "511",
  "512",
  "513",
  "514",
  "515",
  "516",
  "517",
  "518",
  "519",
  "520",
  "521",
  "522",
  "523",
  "524",
  "525",
  "526",
  "527",
  "528",
  "529",
  "530",
  "531",
  "532",
  "533",
  "534",
  "535",
  "536",
  "537",
  "538",
  "539",
  "540",
  "541",
  "542",
  "543",
  "544",
  "545",
  "546",
  "547",
  "548",
  "549",
  "550",
  "551",
  "552",
  "553",
  "554",
  "555",
  "556",
  "557",
  "558",
  "559",
  "560",
  "561",
  "562",
  "563",
  "564",
  "565",
  "566",
  "567",
  "568",
  "569",
  "570",
  "571",
  "572",
  "573",
  "574",
  "575",
  "576",
  "577",
  "578",
  "579",
  "580",
  "581",
  "582",
  "583",
  "584",
  "585",
  "586",
  "587",
  "588",
  "589",
  "590",
  "591",
  "592",
  "593",
  "594",
  "595",
  "596",
  "597",
  "598",
  "599",
  "600",
  "601",
  "602",
  "603",
  "604",
  "605",
  "606",
  "607",
  "608",
  "609",
]
[90mstdout[2m | src/components/MeaningAssociationExercise/MeaningAssociation.stories.jsx[2m > [22m[2mEasy Exercise Completed
[22m[39mEasy.grade.data[nodeKey]: undefined
[90mstdout[2m | src/components/MeaningAssociationExercise/MeaningAssociation.stories.jsx[2m > [22m[2mEasy Exercise Completed
[22m[39mEasy.inProgress {
  "complete": true,
  "easy": {
    "accuracy": 1,
    "attemptedAnswers": {
      "1": [
        "1",
      ],
      "2": [
        "2",
      ],
      "3": [
        "3",
      ],
      "4": [
        "4",
      ],
    },
    "attemptsCount": 4,
    "complete": true,
    "percentComplete": 1,
    "verifiedAnswers": [
      "1",
      "2",
      "3",
      "4",
    ],
  },
  "hard": {
    "accuracy": 1,
    "attemptedAnswers": {
      "1": [
        "1",
      ],
      "2": [
        "2",
      ],
      "3": [
        "3",
      ],
      "4": [
        "4",
      ],
    },
    "attemptsCount": 4,
    "complete": true,
    "percentComplete": 1,
    "verifiedAnswers": [
      "1",
      "2",
      "3",
      "4",
    ],
  },
  "learn": {
    "accuracy": 1,
    "attemptedAnswers": {
      "1": [
        "1",
      ],
      "2": [
        "2",
      ],
      "3": [
        "3",
      ],
      "4": [
        "4",
      ],
    },
    "attemptsCount": 4,
    "complete": true,
    "droppedPairs": {
      "1": "1",
      "2": "2",
      "3": "3",
      "4": "4",
    },
    "percentComplete": 1,
    "verifiedAnswers": [
      "1",
      "2",
      "3",
      "4",
    ],
  },
  "tabIndex": 0,
}
[90mstdout[2m | src/components/MeaningAssociationExercise/MeaningAssociation.stories.jsx[2m > [22m[2mEasy Exercise Completed
[22m[39m[SectionContext] Section observeQuery update: 0
[90mstdout[2m | src/components/MeaningAssociationExercise/MeaningAssociation.stories.jsx[2m > [22m[2mEasy Exercise Completed
[22m[39m[FilesContext] File observeQuery update: 6 files
[90mstdout[2m | src/components/MeaningAssociationExercise/MeaningAssociation.stories.jsx[2m > [22m[2mEasy Exercise Completed
[22m[39m[ChatContext] AssistantChat initialized with 1 chats
[90mstdout[2m | src/components/MeaningAssociationExercise/MeaningAssociation.stories.jsx[2m > [22m[2mEasy Exercise Completed
[22m[39m[ChatContext] Setting initial chat: mock-assistant-chat-1
[90mstdout[2m | src/components/MeaningAssociationExercise/MeaningAssociation.stories.jsx[2m > [22m[2mEasy Exercise Completed
[22m[39m[MOCK CourseVectorStore] Initialized with mock data
[90mstdout[2m | src/components/MeaningAssociationExercise/MeaningAssociation.stories.jsx[2m > [22m[2mEasy Exercise Completed
[22m[39mEasy.nodeKey easy-2 type: string
[90mstdout[2m | src/components/MeaningAssociationExercise/MeaningAssociation.stories.jsx[2m > [22m[2mEasy Exercise Completed
[22m[39mEasy.grade: {
  "data": "{"easy-2":{"complete":true,"tabIndex":0,"easy":{"verifiedAnswers":["1","2","3","4"],"attemptedAnswers":{"1":["1"],"2":["2"],"3":["3"],"4":["4"]},"attemptsCount":4,"accuracy":1,"percentComplete":1,"complete":true},"hard":{"verifiedAnswers":["1","2","3","4"],"attemptedAnswers":{"1":["1"],"2":["2"],"3":["3"],"4":["4"]},"attemptsCount":4,"accuracy":1,"percentComplete":1,"complete":true},"learn":{"verifiedAnswers":["1","2","3","4"],"attemptedAnswers":{"1":["1"],"2":["2"],"3":["3"],"4":["4"]},"attemptsCount":4,"accuracy":1,"percentComplete":1,"complete":true,"droppedPairs":{"1":"1","2":"2","3":"3","4":"4"}}}}",
}
[90mstdout[2m | src/components/MeaningAssociationExercise/MeaningAssociation.stories.jsx[2m > [22m[2mEasy Exercise Completed
[22m[39mEasy.grade.data: {"easy-2":{"complete":true,"tabIndex":0,"easy":{"verifiedAnswers":["1","2","3","4"],"attemptedAnswers":{"1":["1"],"2":["2"],"3":["3"],"4":["4"]},"attemptsCount":4,"accuracy":1,"percentComplete":1,"complete":true},"hard":{"verifiedAnswers":["1","2","3","4"],"attemptedAnswers":{"1":["1"],"2":["2"],"3":["3"],"4":["4"]},"attemptsCount":4,"accuracy":1,"percentComplete":1,"complete":true},"learn":{"verifiedAnswers":["1","2","3","4"],"attemptedAnswers":{"1":["1"],"2":["2"],"3":["3"],"4":["4"]},"attemptsCount":4,"accuracy":1,"percentComplete":1,"complete":true,"droppedPairs":{"1":"1","2":"2","3":"3","4":"4"}}}}
[90mstdout[2m | src/components/MeaningAssociationExercise/MeaningAssociation.stories.jsx[2m > [22m[2mEasy Exercise Completed
[22m[39mEasy.grade.data === grade? false
[90mstdout[2m | src/components/MeaningAssociationExercise/MeaningAssociation.stories.jsx[2m > [22m[2mEasy Exercise Completed
[22m[39mEasy.grade.data keys: [
  "0",
  "1",
  "2",
  "3",
  "4",
  "5",
  "6",
  "7",
  "8",
  "9",
  "10",
  "11",
  "12",
  "13",
  "14",
  "15",
  "16",
  "17",
  "18",
  "19",
  "20",
  "21",
  "22",
  "23",
  "24",
  "25",
  "26",
  "27",
  "28",
  "29",
  "30",
  "31",
  "32",
  "33",
  "34",
  "35",
  "36",
  "37",
  "38",
  "39",
  "40",
  "41",
  "42",
  "43",
  "44",
  "45",
  "46",
  "47",
  "48",
  "49",
  "50",
  "51",
  "52",
  "53",
  "54",
  "55",
  "56",
  "57",
  "58",
  "59",
  "60",
  "61",
  "62",
  "63",
  "64",
  "65",
  "66",
  "67",
  "68",
  "69",
  "70",
  "71",
  "72",
  "73",
  "74",
  "75",
  "76",
  "77",
  "78",
  "79",
  "80",
  "81",
  "82",
  "83",
  "84",
  "85",
  "86",
  "87",
  "88",
  "89",
  "90",
  "91",
  "92",
  "93",
  "94",
  "95",
  "96",
  "97",
  "98",
  "99",
  "100",
  "101",
  "102",
  "103",
  "104",
  "105",
  "106",
  "107",
  "108",
  "109",
  "110",
  "111",
  "112",
  "113",
  "114",
  "115",
  "116",
  "117",
  "118",
  "119",
  "120",
  "121",
  "122",
  "123",
  "124",
  "125",
  "126",
  "127",
  "128",
  "129",
  "130",
  "131",
  "132",
  "133",
  "134",
  "135",
  "136",
  "137",
  "138",
  "139",
  "140",
  "141",
  "142",
  "143",
  "144",
  "145",
  "146",
  "147",
  "148",
  "149",
  "150",
  "151",
  "152",
  "153",
  "154",
  "155",
  "156",
  "157",
  "158",
  "159",
  "160",
  "161",
  "162",
  "163",
  "164",
  "165",
  "166",
  "167",
  "168",
  "169",
  "170",
  "171",
  "172",
  "173",
  "174",
  "175",
  "176",
  "177",
  "178",
  "179",
  "180",
  "181",
  "182",
  "183",
  "184",
  "185",
  "186",
  "187",
  "188",
  "189",
  "190",
  "191",
  "192",
  "193",
  "194",
  "195",
  "196",
  "197",
  "198",
  "199",
  "200",
  "201",
  "202",
  "203",
  "204",
  "205",
  "206",
  "207",
  "208",
  "209",
  "210",
  "211",
  "212",
  "213",
  "214",
  "215",
  "216",
  "217",
  "218",
  "219",
  "220",
  "221",
  "222",
  "223",
  "224",
  "225",
  "226",
  "227",
  "228",
  "229",
  "230",
  "231",
  "232",
  "233",
  "234",
  "235",
  "236",
  "237",
  "238",
  "239",
  "240",
  "241",
  "242",
  "243",
  "244",
  "245",
  "246",
  "247",
  "248",
  "249",
  "250",
  "251",
  "252",
  "253",
  "254",
  "255",
  "256",
  "257",
  "258",
  "259",
  "260",
  "261",
  "262",
  "263",
  "264",
  "265",
  "266",
  "267",
  "268",
  "269",
  "270",
  "271",
  "272",
  "273",
  "274",
  "275",
  "276",
  "277",
  "278",
  "279",
  "280",
  "281",
  "282",
  "283",
  "284",
  "285",
  "286",
  "287",
  "288",
  "289",
  "290",
  "291",
  "292",
  "293",
  "294",
  "295",
  "296",
  "297",
  "298",
  "299",
  "300",
  "301",
  "302",
  "303",
  "304",
  "305",
  "306",
  "307",
  "308",
  "309",
  "310",
  "311",
  "312",
  "313",
  "314",
  "315",
  "316",
  "317",
  "318",
  "319",
  "320",
  "321",
  "322",
  "323",
  "324",
  "325",
  "326",
  "327",
  "328",
  "329",
  "330",
  "331",
  "332",
  "333",
  "334",
  "335",
  "336",
  "337",
  "338",
  "339",
  "340",
  "341",
  "342",
  "343",
  "344",
  "345",
  "346",
  "347",
  "348",
  "349",
  "350",
  "351",
  "352",
  "353",
  "354",
  "355",
  "356",
  "357",
  "358",
  "359",
  "360",
  "361",
  "362",
  "363",
  "364",
  "365",
  "366",
  "367",
  "368",
  "369",
  "370",
  "371",
  "372",
  "373",
  "374",
  "375",
  "376",
  "377",
  "378",
  "379",
  "380",
  "381",
  "382",
  "383",
  "384",
  "385",
  "386",
  "387",
  "388",
  "389",
  "390",
  "391",
  "392",
  "393",
  "394",
  "395",
  "396",
  "397",
  "398",
  "399",
  "400",
  "401",
  "402",
  "403",
  "404",
  "405",
  "406",
  "407",
  "408",
  "409",
  "410",
  "411",
  "412",
  "413",
  "414",
  "415",
  "416",
  "417",
  "418",
  "419",
  "420",
  "421",
  "422",
  "423",
  "424",
  "425",
  "426",
  "427",
  "428",
  "429",
  "430",
  "431",
  "432",
  "433",
  "434",
  "435",
  "436",
  "437",
  "438",
  "439",
  "440",
  "441",
  "442",
  "443",
  "444",
  "445",
  "446",
  "447",
  "448",
  "449",
  "450",
  "451",
  "452",
  "453",
  "454",
  "455",
  "456",
  "457",
  "458",
  "459",
  "460",
  "461",
  "462",
  "463",
  "464",
  "465",
  "466",
  "467",
  "468",
  "469",
  "470",
  "471",
  "472",
  "473",
  "474",
  "475",
  "476",
  "477",
  "478",
  "479",
  "480",
  "481",
  "482",
  "483",
  "484",
  "485",
  "486",
  "487",
  "488",
  "489",
  "490",
  "491",
  "492",
  "493",
  "494",
  "495",
  "496",
  "497",
  "498",
  "499",
  "500",
  "501",
  "502",
  "503",
  "504",
  "505",
  "506",
  "507",
  "508",
  "509",
  "510",
  "511",
  "512",
  "513",
  "514",
  "515",
  "516",
  "517",
  "518",
  "519",
  "520",
  "521",
  "522",
  "523",
  "524",
  "525",
  "526",
  "527",
  "528",
  "529",
  "530",
  "531",
  "532",
  "533",
  "534",
  "535",
  "536",
  "537",
  "538",
  "539",
  "540",
  "541",
  "542",
  "543",
  "544",
  "545",
  "546",
  "547",
  "548",
  "549",
  "550",
  "551",
  "552",
  "553",
  "554",
  "555",
  "556",
  "557",
  "558",
  "559",
  "560",
  "561",
  "562",
  "563",
  "564",
  "565",
  "566",
  "567",
  "568",
  "569",
  "570",
  "571",
  "572",
  "573",
  "574",
  "575",
  "576",
  "577",
  "578",
  "579",
  "580",
  "581",
  "582",
  "583",
  "584",
  "585",
  "586",
  "587",
  "588",
  "589",
  "590",
  "591",
  "592",
  "593",
  "594",
  "595",
  "596",
  "597",
  "598",
  "599",
  "600",
  "601",
  "602",
  "603",
  "604",
  "605",
  "606",
  "607",
  "608",
  "609",
]
[90mstdout[2m | src/components/MeaningAssociationExercise/MeaningAssociation.stories.jsx[2m > [22m[2mEasy Exercise Completed
[22m[39mEasy.grade.data[nodeKey]: undefined
[90mstdout[2m | src/components/MeaningAssociationExercise/MeaningAssociation.stories.jsx[2m > [22m[2mEasy Exercise Completed
[22m[39mEasy.inProgress {
  "complete": true,
  "easy": {
    "accuracy": 1,
    "attemptedAnswers": {
      "1": [
        "1",
      ],
      "2": [
        "2",
      ],
      "3": [
        "3",
      ],
      "4": [
        "4",
      ],
    },
    "attemptsCount": 4,
    "complete": true,
    "percentComplete": 1,
    "verifiedAnswers": [
      "1",
      "2",
      "3",
      "4",
    ],
  },
  "hard": {
    "accuracy": 1,
    "attemptedAnswers": {
      "1": [
        "1",
      ],
      "2": [
        "2",
      ],
      "3": [
        "3",
      ],
      "4": [
        "4",
      ],
    },
    "attemptsCount": 4,
    "complete": true,
    "percentComplete": 1,
    "verifiedAnswers": [
      "1",
      "2",
      "3",
      "4",
    ],
  },
  "learn": {
    "accuracy": 1,
    "attemptedAnswers": {
      "1": [
        "1",
      ],
      "2": [
        "2",
      ],
      "3": [
        "3",
      ],
      "4": [
        "4",
      ],
    },
    "attemptsCount": 4,
    "complete": true,
    "droppedPairs": {
      "1": "1",
      "2": "2",
      "3": "3",
      "4": "4",
    },
    "percentComplete": 1,
    "verifiedAnswers": [
      "1",
      "2",
      "3",
      "4",
    ],
  },
  "tabIndex": 0,
}
[90mstdout[2m | src/components/MeaningAssociationExercise/MeaningAssociation.stories.jsx[2m > [22m[2mEasy Exercise Completed
[22m[39m[FilesContext] Vector store population triggered {
  "currentVectorStoreSize": 3,
  "documentsCount": 0,
  "filesCount": 6,
  "isInitialLoad": true,
}
[90mstdout[2m | src/components/MeaningAssociationExercise/MeaningAssociation.stories.jsx[2m > [22m[2mEasy Exercise Completed
[22m[39m[FilesContext] Vector store population complete - 3 total embeddings
[90mstdout[2m | src/components/MeaningAssociationExercise/MeaningAssociation.stories.jsx[2m > [22m[2mEasy Exercise Completed
[22m[39m[ChatContext] Chat exists and not archived, skipping creation
[90mstdout[2m | src/components/MeaningAssociationExercise/MeaningAssociation.stories.jsx[2m > [22m[2mEasy Exercise Completed
[22m[39m[Mock Storage] downloadData called with: undefined
[90mstdout[2m | src/components/MeaningAssociationExercise/MeaningAssociation.stories.jsx[2m > [22m[2mHard Exercise
[22m[39m[ChatContext] Cleaning up subscriptions
[90mstdout[2m | src/components/MeaningAssociationExercise/MeaningAssociation.stories.jsx[2m > [22m[2mHard Exercise
[22m[39m[Mock Data] Unit.onUpdate() subscription removed. Remaining: 0
[90mstdout[2m | src/components/MeaningAssociationExercise/MeaningAssociation.stories.jsx[2m > [22m[2mHard Exercise
[22m[39m[MOCK CourseVectorStore] Initialized with mock data
[90mstdout[2m | src/components/MeaningAssociationExercise/MeaningAssociation.stories.jsx[2m > [22m[2mHard Exercise
[22m[39mHard.attemptedAnswers {}
[90mstdout[2m | src/components/MeaningAssociationExercise/MeaningAssociation.stories.jsx[2m > [22m[2mHard Exercise
[22m[39mHard._vocabulary [
  {
    "definition": "A greeting",
    "id": "1",
    "phrase": "Hello",
  },
  {
    "definition": "A farewell",
    "id": "2",
    "phrase": "Goodbye",
  },
  {
    "definition": "Expression of gratitude",
    "id": "3",
    "phrase": "Thank you",
  },
  {
    "definition": "Polite request",
    "id": "4",
    "phrase": "Please",
  },
]
[90mstdout[2m | src/components/MeaningAssociationExercise/MeaningAssociation.stories.jsx[2m > [22m[2mHard Exercise
[22m[39m[TranslationModeController] Setting mode to: off
[90mstdout[2m | src/components/MeaningAssociationExercise/MeaningAssociation.stories.jsx[2m > [22m[2mHard Exercise
[22m[39m[UnitContext] useEffect triggered {
  "authLoading": false,
  "hasUser": true,
  "id": "mock-unit-id",
  "userSub": "mock-user-sub",
}
[90mstdout[2m | src/components/MeaningAssociationExercise/MeaningAssociation.stories.jsx[2m > [22m[2mHard Exercise
[22m[39m[UnitContext] Fetching unit data for id: mock-unit-id
[90mstdout[2m | src/components/MeaningAssociationExercise/MeaningAssociation.stories.jsx[2m > [22m[2mHard Exercise
[22m[39m[FilesContext] Initializing vector store from IndexedDB
[90mstdout[2m | src/components/MeaningAssociationExercise/MeaningAssociation.stories.jsx[2m > [22m[2mHard Exercise
[22m[39m[FilesContext] fetchFiles called
[90mstdout[2m | src/components/MeaningAssociationExercise/MeaningAssociation.stories.jsx[2m > [22m[2mHard Exercise
[22m[39m[FilesContext] User authenticated: mock-user-sub
[90mstdout[2m | src/components/MeaningAssociationExercise/MeaningAssociation.stories.jsx[2m > [22m[2mHard Exercise
[22m[39m[FilesContext] Identity ID: us-east-1:mock-identity-123
[90mstdout[2m | src/components/MeaningAssociationExercise/MeaningAssociation.stories.jsx[2m > [22m[2mHard Exercise
[22m[39m[FilesContext] About to set up File observeQuery
[90mstdout[2m | src/components/MeaningAssociationExercise/MeaningAssociation.stories.jsx[2m > [22m[2mHard Exercise
[22m[39m[ChatContext] Setting up AssistantChat observeQuery
[90mstdout[2m | src/components/MeaningAssociationExercise/MeaningAssociation.stories.jsx[2m > [22m[2mHard Exercise
[22m[39m[ChatContext] Waiting for subscription to initialize
[90mstdout[2m | src/components/MeaningAssociationExercise/MeaningAssociation.stories.jsx[2m > [22m[2mHard Exercise
[22m[39m[SettingsContext] Setting up Settings subscription for user: mock-user-sub
[90mstdout[2m | src/components/MeaningAssociationExercise/MeaningAssociation.stories.jsx[2m > [22m[2mHard Exercise
[22m[39mHard.attemptedAnswers {}
[90mstdout[2m | src/components/MeaningAssociationExercise/MeaningAssociation.stories.jsx[2m > [22m[2mHard Exercise
[22m[39m[Mock Data] Settings created: mock-settings-1790418011041 - notified 0 subscribers
[90mstdout[2m | src/components/MeaningAssociationExercise/MeaningAssociation.stories.jsx[2m > [22m[2mHard Exercise
[22m[39m[Mock Data] Unit.onUpdate() subscription added. Total: 1
[90mstdout[2m | src/components/MeaningAssociationExercise/MeaningAssociation.stories.jsx[2m > [22m[2mHard Exercise
[22m[39mHard.attemptedAnswers {}
[90mstdout[2m | src/components/MeaningAssociationExercise/MeaningAssociation.stories.jsx[2m > [22m[2mHard Exercise
[22m[39m[SectionContext] Section observeQuery update: 0
[90mstdout[2m | src/components/MeaningAssociationExercise/MeaningAssociation.stories.jsx[2m > [22m[2mHard Exercise
[22m[39m[FilesContext] File observeQuery update: 6 files
[90mstdout[2m | src/components/MeaningAssociationExercise/MeaningAssociation.stories.jsx[2m > [22m[2mHard Exercise
[22m[39m[ChatContext] AssistantChat initialized with 1 chats
[90mstdout[2m | src/components/MeaningAssociationExercise/MeaningAssociation.stories.jsx[2m > [22m[2mHard Exercise
[22m[39m[ChatContext] Setting initial chat: mock-assistant-chat-1
[90mstdout[2m | src/components/MeaningAssociationExercise/MeaningAssociation.stories.jsx[2m > [22m[2mHard Exercise
[22m[39m[MOCK CourseVectorStore] Initialized with mock data
[90mstdout[2m | src/components/MeaningAssociationExercise/MeaningAssociation.stories.jsx[2m > [22m[2mHard Exercise
[22m[39mHard.attemptedAnswers {}
[90mstdout[2m | src/components/MeaningAssociationExercise/MeaningAssociation.stories.jsx[2m > [22m[2mHard Exercise
[22m[39m[FilesContext] Vector store population triggered {
  "currentVectorStoreSize": 3,
  "documentsCount": 0,
  "filesCount": 6,
  "isInitialLoad": true,
}
[90mstdout[2m | src/components/MeaningAssociationExercise/MeaningAssociation.stories.jsx[2m > [22m[2mHard Exercise
[22m[39m[FilesContext] Vector store population complete - 3 total embeddings
[90mstdout[2m | src/components/MeaningAssociationExercise/MeaningAssociation.stories.jsx[2m > [22m[2mHard Exercise
[22m[39m[ChatContext] Chat exists and not archived, skipping creation
[90mstdout[2m | src/components/MeaningAssociationExercise/MeaningAssociation.stories.jsx[2m > [22m[2mHard Exercise
[22m[39m[Mock Storage] downloadData called with: undefined
[90mstdout[2m | src/components/MeaningAssociationExercise/MeaningAssociation.stories.jsx[2m > [22m[2mHard Exercise Completed
[22m[39m[ChatContext] Cleaning up subscriptions
[90mstdout[2m | src/components/MeaningAssociationExercise/MeaningAssociation.stories.jsx[2m > [22m[2mHard Exercise Completed
[22m[39m[Mock Data] Unit.onUpdate() subscription removed. Remaining: 0
[90mstdout[2m | src/components/MeaningAssociationExercise/MeaningAssociation.stories.jsx[2m > [22m[2mHard Exercise Completed
[22m[39m[MOCK CourseVectorStore] Initialized with mock data
[90mstdout[2m | src/components/MeaningAssociationExercise/MeaningAssociation.stories.jsx[2m > [22m[2mHard Exercise Completed
[22m[39mHard.attemptedAnswers {}
[90mstdout[2m | src/components/MeaningAssociationExercise/MeaningAssociation.stories.jsx[2m > [22m[2mHard Exercise Completed
[22m[39mHard._vocabulary [
  {
    "definition": "A greeting",
    "id": "1",
    "phrase": "Hello",
  },
  {
    "definition": "A farewell",
    "id": "2",
    "phrase": "Goodbye",
  },
  {
    "definition": "Expression of gratitude",
    "id": "3",
    "phrase": "Thank you",
  },
  {
    "definition": "Polite request",
    "id": "4",
    "phrase": "Please",
  },
]
[90mstdout[2m | src/components/MeaningAssociationExercise/MeaningAssociation.stories.jsx[2m > [22m[2mHard Exercise Completed
[22m[39m[TranslationModeController] Setting mode to: off
[90mstdout[2m | src/components/MeaningAssociationExercise/MeaningAssociation.stories.jsx[2m > [22m[2mHard Exercise Completed
[22m[39m[UnitContext] useEffect triggered {
  "authLoading": false,
  "hasUser": true,
  "id": "mock-unit-id",
  "userSub": "mock-user-sub",
}
[90mstdout[2m | src/components/MeaningAssociationExercise/MeaningAssociation.stories.jsx[2m > [22m[2mHard Exercise Completed
[22m[39m[UnitContext] Fetching unit data for id: mock-unit-id
[90mstdout[2m | src/components/MeaningAssociationExercise/MeaningAssociation.stories.jsx[2m > [22m[2mHard Exercise Completed
[22m[39m[FilesContext] Initializing vector store from IndexedDB
[90mstdout[2m | src/components/MeaningAssociationExercise/MeaningAssociation.stories.jsx[2m > [22m[2mHard Exercise Completed
[22m[39m[FilesContext] fetchFiles called
[90mstdout[2m | src/components/MeaningAssociationExercise/MeaningAssociation.stories.jsx[2m > [22m[2mHard Exercise Completed
[22m[39m[FilesContext] User authenticated: mock-user-sub
[90mstdout[2m | src/components/MeaningAssociationExercise/MeaningAssociation.stories.jsx[2m > [22m[2mHard Exercise Completed
[22m[39m[FilesContext] Identity ID: us-east-1:mock-identity-123
[90mstdout[2m | src/components/MeaningAssociationExercise/MeaningAssociation.stories.jsx[2m > [22m[2mHard Exercise Completed
[22m[39m[FilesContext] About to set up File observeQuery
[90mstdout[2m | src/components/MeaningAssociationExercise/MeaningAssociation.stories.jsx[2m > [22m[2mHard Exercise Completed
[22m[39m[ChatContext] Setting up AssistantChat observeQuery
[90mstdout[2m | src/components/MeaningAssociationExercise/MeaningAssociation.stories.jsx[2m > [22m[2mHard Exercise Completed
[22m[39m[ChatContext] Waiting for subscription to initialize
[90mstdout[2m | src/components/MeaningAssociationExercise/MeaningAssociation.stories.jsx[2m > [22m[2mHard Exercise Completed
[22m[39m[SettingsContext] Setting up Settings subscription for user: mock-user-sub
[90mstdout[2m | src/components/MeaningAssociationExercise/MeaningAssociation.stories.jsx[2m > [22m[2mHard Exercise Completed
[22m[39mHard.attemptedAnswers {
  "1": [
    "1",
  ],
  "2": [
    "2",
  ],
  "3": [
    "3",
  ],
  "4": [
    "4",
  ],
}
[90mstdout[2m | src/components/MeaningAssociationExercise/MeaningAssociation.stories.jsx[2m > [22m[2mHard Exercise Completed
[22m[39m[Mock Data] Settings created: mock-settings-1790418011261 - notified 0 subscribers
[90mstdout[2m | src/components/MeaningAssociationExercise/MeaningAssociation.stories.jsx[2m > [22m[2mHard Exercise Completed
[22m[39m[Mock Data] Unit.onUpdate() subscription added. Total: 1
[90mstdout[2m | src/components/MeaningAssociationExercise/MeaningAssociation.stories.jsx[2m > [22m[2mHard Exercise Completed
[22m[39mHard.attemptedAnswers {
  "1": [
    "1",
  ],
  "2": [
    "2",
  ],
  "3": [
    "3",
  ],
  "4": [
    "4",
  ],
}
[90mstdout[2m | src/components/MeaningAssociationExercise/MeaningAssociation.stories.jsx[2m > [22m[2mHard Exercise Completed
[22m[39m[SectionContext] Section observeQuery update: 0
[90mstdout[2m | src/components/MeaningAssociationExercise/MeaningAssociation.stories.jsx[2m > [22m[2mHard Exercise Completed
[22m[39m[FilesContext] File observeQuery update: 6 files
[90mstdout[2m | src/components/MeaningAssociationExercise/MeaningAssociation.stories.jsx[2m > [22m[2mHard Exercise Completed
[22m[39m[ChatContext] AssistantChat initialized with 1 chats
[90mstdout[2m | src/components/MeaningAssociationExercise/MeaningAssociation.stories.jsx[2m > [22m[2mHard Exercise Completed
[22m[39m[ChatContext] Setting initial chat: mock-assistant-chat-1
[90mstdout[2m | src/components/MeaningAssociationExercise/MeaningAssociation.stories.jsx[2m > [22m[2mHard Exercise Completed
[22m[39m[MOCK CourseVectorStore] Initialized with mock data
[90mstdout[2m | src/components/MeaningAssociationExercise/MeaningAssociation.stories.jsx[2m > [22m[2mHard Exercise Completed
[22m[39mHard.attemptedAnswers {
  "1": [
    "1",
  ],
  "2": [
    "2",
  ],
  "3": [
    "3",
  ],
  "4": [
    "4",
  ],
}
[90mstdout[2m | src/components/MeaningAssociationExercise/MeaningAssociation.stories.jsx[2m > [22m[2mHard Exercise Completed
[22m[39m[FilesContext] Vector store population triggered {
  "currentVectorStoreSize": 3,
  "documentsCount": 0,
  "filesCount": 6,
  "isInitialLoad": true,
}
[90mstdout[2m | src/components/MeaningAssociationExercise/MeaningAssociation.stories.jsx[2m > [22m[2mHard Exercise Completed
[22m[39m[FilesContext] Vector store population complete - 3 total embeddings
[90mstdout[2m | src/components/MeaningAssociationExercise/MeaningAssociation.stories.jsx[2m > [22m[2mHard Exercise Completed
[22m[39m[ChatContext] Chat exists and not archived, skipping creation
[90mstdout[2m | src/components/MeaningAssociationExercise/MeaningAssociation.stories.jsx[2m > [22m[2mHard Exercise Completed
[22m[39m[Mock Storage] downloadData called with: undefined
[90mstdout[2m | src/components/MeaningAssociationExercise/MeaningAssociation.stories.jsx[2m > [22m[2mLearn Exercise
[22m[39m[ChatContext] Cleaning up subscriptions
[90mstdout[2m | src/components/MeaningAssociationExercise/MeaningAssociation.stories.jsx[2m > [22m[2mLearn Exercise
[22m[39m[Mock Data] Unit.onUpdate() subscription removed. Remaining: 0
[90mstdout[2m | src/components/MeaningAssociationExercise/MeaningAssociation.stories.jsx[2m > [22m[2mLearn Exercise
[22m[39m[MOCK CourseVectorStore] Initialized with mock data
[90mstdout[2m | src/components/MeaningAssociationExercise/MeaningAssociation.stories.jsx[2m > [22m[2mLearn Exercise
[22m[39mLearn._vocabulary [
  {
    "definition": "A greeting",
    "id": "1",
    "phrase": "Hello",
  },
  {
    "definition": "A farewell",
    "id": "2",
    "phrase": "Goodbye",
  },
  {
    "definition": "Expression of gratitude",
    "id": "3",
    "phrase": "Thank you",
  },
  {
    "definition": "Polite request",
    "id": "4",
    "phrase": "Please",
  },
]
[90mstdout[2m | src/components/MeaningAssociationExercise/MeaningAssociation.stories.jsx[2m > [22m[2mLearn Exercise
[22m[39m[TranslationModeController] Setting mode to: off
[90mstdout[2m | src/components/MeaningAssociationExercise/MeaningAssociation.stories.jsx[2m > [22m[2mLearn Exercise
[22m[39m[UnitContext] useEffect triggered {
  "authLoading": false,
  "hasUser": true,
  "id": "mock-unit-id",
  "userSub": "mock-user-sub",
}
[90mstdout[2m | src/components/MeaningAssociationExercise/MeaningAssociation.stories.jsx[2m > [22m[2mLearn Exercise
[22m[39m[UnitContext] Fetching unit data for id: mock-unit-id
[90mstdout[2m | src/components/MeaningAssociationExercise/MeaningAssociation.stories.jsx[2m > [22m[2mLearn Exercise
[22m[39m[FilesContext] Initializing vector store from IndexedDB
[90mstdout[2m | src/components/MeaningAssociationExercise/MeaningAssociation.stories.jsx[2m > [22m[2mLearn Exercise
[22m[39m[FilesContext] fetchFiles called
[90mstdout[2m | src/components/MeaningAssociationExercise/MeaningAssociation.stories.jsx[2m > [22m[2mLearn Exercise
[22m[39m[FilesContext] User authenticated: mock-user-sub
[90mstdout[2m | src/components/MeaningAssociationExercise/MeaningAssociation.stories.jsx[2m > [22m[2mLearn Exercise
[22m[39m[FilesContext] Identity ID: us-east-1:mock-identity-123
[90mstdout[2m | src/components/MeaningAssociationExercise/MeaningAssociation.stories.jsx[2m > [22m[2mLearn Exercise
[22m[39m[FilesContext] About to set up File observeQuery
[90mstdout[2m | src/components/MeaningAssociationExercise/MeaningAssociation.stories.jsx[2m > [22m[2mLearn Exercise
[22m[39m[ChatContext] Setting up AssistantChat observeQuery
[90mstdout[2m | src/components/MeaningAssociationExercise/MeaningAssociation.stories.jsx[2m > [22m[2mLearn Exercise
[22m[39m[ChatContext] Waiting for subscription to initialize
[90mstdout[2m | src/components/MeaningAssociationExercise/MeaningAssociation.stories.jsx[2m > [22m[2mLearn Exercise
[22m[39m[SettingsContext] Setting up Settings subscription for user: mock-user-sub
[90mstdout[2m | src/components/MeaningAssociationExercise/MeaningAssociation.stories.jsx[2m > [22m[2mLearn Exercise
[22m[39m[Mock Data] Settings created: mock-settings-1790418011529 - notified 0 subscribers
[90mstdout[2m | src/components/MeaningAssociationExercise/MeaningAssociation.stories.jsx[2m > [22m[2mLearn Exercise
[22m[39m[Mock Data] Unit.onUpdate() subscription added. Total: 1
[90mstdout[2m | src/components/MeaningAssociationExercise/MeaningAssociation.stories.jsx[2m > [22m[2mLearn Exercise
[22m[39m[SectionContext] Section observeQuery update: 0
[90mstdout[2m | src/components/MeaningAssociationExercise/MeaningAssociation.stories.jsx[2m > [22m[2mLearn Exercise
[22m[39m[FilesContext] File observeQuery update: 6 files
[90mstdout[2m | src/components/MeaningAssociationExercise/MeaningAssociation.stories.jsx[2m > [22m[2mLearn Exercise
[22m[39m[ChatContext] AssistantChat initialized with 1 chats
[90mstdout[2m | src/components/MeaningAssociationExercise/MeaningAssociation.stories.jsx[2m > [22m[2mLearn Exercise
[22m[39m[ChatContext] Setting initial chat: mock-assistant-chat-1
[90mstdout[2m | src/components/MeaningAssociationExercise/MeaningAssociation.stories.jsx[2m > [22m[2mLearn Exercise
[22m[39m[MOCK CourseVectorStore] Initialized with mock data
[90mstdout[2m | src/components/MeaningAssociationExercise/MeaningAssociation.stories.jsx[2m > [22m[2mLearn Exercise
[22m[39m[FilesContext] Vector store population triggered {
  "currentVectorStoreSize": 3,
  "documentsCount": 0,
  "filesCount": 6,
  "isInitialLoad": true,
}
[90mstdout[2m | src/components/MeaningAssociationExercise/MeaningAssociation.stories.jsx[2m > [22m[2mLearn Exercise
[22m[39m[FilesContext] Vector store population complete - 3 total embeddings
[90mstdout[2m | src/components/MeaningAssociationExercise/MeaningAssociation.stories.jsx[2m > [22m[2mLearn Exercise
[22m[39m[ChatContext] Chat exists and not archived, skipping creation
[90mstdout[2m | src/components/MeaningAssociationExercise/MeaningAssociation.stories.jsx[2m > [22m[2mLearn Exercise
[22m[39m[Mock Storage] downloadData called with: undefined
[90mstdout[2m | src/components/MeaningAssociationExercise/MeaningAssociation.stories.jsx[2m > [22m[2mLearn Exercise Completed
[22m[39m[ChatContext] Cleaning up subscriptions
[90mstdout[2m | src/components/MeaningAssociationExercise/MeaningAssociation.stories.jsx[2m > [22m[2mLearn Exercise Completed
[22m[39m[Mock Data] Unit.onUpdate() subscription removed. Remaining: 0
[90mstdout[2m | src/components/MeaningAssociationExercise/MeaningAssociation.stories.jsx[2m > [22m[2mLearn Exercise Completed
[22m[39m[MOCK CourseVectorStore] Initialized with mock data
[90mstdout[2m | src/components/MeaningAssociationExercise/MeaningAssociation.stories.jsx[2m > [22m[2mLearn Exercise Completed
[22m[39mLearn._vocabulary [
  {
    "definition": "A greeting",
    "id": "1",
    "phrase": "Hello",
  },
  {
    "definition": "A farewell",
    "id": "2",
    "phrase": "Goodbye",
  },
  {
    "definition": "Expression of gratitude",
    "id": "3",
    "phrase": "Thank you",
  },
  {
    "definition": "Polite request",
    "id": "4",
    "phrase": "Please",
  },
]
[90mstdout[2m | src/components/MeaningAssociationExercise/MeaningAssociation.stories.jsx[2m > [22m[2mLearn Exercise Completed
[22m[39m[TranslationModeController] Setting mode to: off
[90mstdout[2m | src/components/MeaningAssociationExercise/MeaningAssociation.stories.jsx[2m > [22m[2mLearn Exercise Completed
[22m[39m[UnitContext] useEffect triggered {
  "authLoading": false,
  "hasUser": true,
  "id": "mock-unit-id",
  "userSub": "mock-user-sub",
}
[90mstdout[2m | src/components/MeaningAssociationExercise/MeaningAssociation.stories.jsx[2m > [22m[2mLearn Exercise Completed
[22m[39m[UnitContext] Fetching unit data for id: mock-unit-id
[90mstdout[2m | src/components/MeaningAssociationExercise/MeaningAssociation.stories.jsx[2m > [22m[2mLearn Exercise Completed
[22m[39m[FilesContext] Initializing vector store from IndexedDB
[90mstdout[2m | src/components/MeaningAssociationExercise/MeaningAssociation.stories.jsx[2m > [22m[2mLearn Exercise Completed
[22m[39m[FilesContext] fetchFiles called
[90mstdout[2m | src/components/MeaningAssociationExercise/MeaningAssociation.stories.jsx[2m > [22m[2mLearn Exercise Completed
[22m[39m[FilesContext] User authenticated: mock-user-sub
[90mstdout[2m | src/components/MeaningAssociationExercise/MeaningAssociation.stories.jsx[2m > [22m[2mLearn Exercise Completed
[22m[39m[FilesContext] Identity ID: us-east-1:mock-identity-123
[90mstdout[2m | src/components/MeaningAssociationExercise/MeaningAssociation.stories.jsx[2m > [22m[2mLearn Exercise Completed
[22m[39m[FilesContext] About to set up File observeQuery
[90mstdout[2m | src/components/MeaningAssociationExercise/MeaningAssociation.stories.jsx[2m > [22m[2mLearn Exercise Completed
[22m[39m[ChatContext] Setting up AssistantChat observeQuery
[90mstdout[2m | src/components/MeaningAssociationExercise/MeaningAssociation.stories.jsx[2m > [22m[2mLearn Exercise Completed
[22m[39m[ChatContext] Waiting for subscription to initialize
[90mstdout[2m | src/components/MeaningAssociationExercise/MeaningAssociation.stories.jsx[2m > [22m[2mLearn Exercise Completed
[22m[39m[SettingsContext] Setting up Settings subscription for user: mock-user-sub
[90mstdout[2m | src/components/MeaningAssociationExercise/MeaningAssociation.stories.jsx[2m > [22m[2mLearn Exercise Completed
[22m[39m[Mock Data] Settings created: mock-settings-1790418011752 - notified 0 subscribers
[90mstdout[2m | src/components/MeaningAssociationExercise/MeaningAssociation.stories.jsx[2m > [22m[2mLearn Exercise Completed
[22m[39m[Mock Data] Unit.onUpdate() subscription added. Total: 1
[90mstdout[2m | src/components/MeaningAssociationExercise/MeaningAssociation.stories.jsx[2m > [22m[2mLearn Exercise Completed
[22m[39m[SectionContext] Section observeQuery update: 0
[90mstdout[2m | src/components/MeaningAssociationExercise/MeaningAssociation.stories.jsx[2m > [22m[2mLearn Exercise Completed
[22m[39m[FilesContext] File observeQuery update: 6 files
[90mstdout[2m | src/components/MeaningAssociationExercise/MeaningAssociation.stories.jsx[2m > [22m[2mLearn Exercise Completed
[22m[39m[ChatContext] AssistantChat initialized with 1 chats
[90mstdout[2m | src/components/MeaningAssociationExercise/MeaningAssociation.stories.jsx[2m > [22m[2mLearn Exercise Completed
[22m[39m[ChatContext] Setting initial chat: mock-assistant-chat-1
[90mstdout[2m | src/components/MeaningAssociationExercise/MeaningAssociation.stories.jsx[2m > [22m[2mLearn Exercise Completed
[22m[39m[MOCK CourseVectorStore] Initialized with mock data
[90mstdout[2m | src/components/MeaningAssociationExercise/MeaningAssociation.stories.jsx[2m > [22m[2mLearn Exercise Completed
[22m[39m[FilesContext] Vector store population triggered {
  "currentVectorStoreSize": 3,
  "documentsCount": 0,
  "filesCount": 6,
  "isInitialLoad": true,
}
[90mstdout[2m | src/components/MeaningAssociationExercise/MeaningAssociation.stories.jsx[2m > [22m[2mLearn Exercise Completed
[22m[39m[FilesContext] Vector store population complete - 3 total embeddings
[90mstdout[2m | src/components/MeaningAssociationExercise/MeaningAssociation.stories.jsx[2m > [22m[2mLearn Exercise Completed
[22m[39m[ChatContext] Chat exists and not archived, skipping creation
[90mstdout[2m | src/components/MeaningAssociationExercise/MeaningAssociation.stories.jsx[2m > [22m[2mLearn Exercise Completed
[22m[39m[Mock Storage] downloadData called with: undefined
[90mstdout[2m | src/components/MeaningAssociationExercise/MeaningAssociation.stories.jsx[2m > [22m[2mCompletion Screen Learn
[22m[39m[ChatContext] Cleaning up subscriptions
[90mstdout[2m | src/components/MeaningAssociationExercise/MeaningAssociation.stories.jsx[2m > [22m[2mCompletion Screen Learn
[22m[39m[Mock Data] Unit.onUpdate() subscription removed. Remaining: 0
[90mstdout[2m | src/components/MeaningAssociationExercise/MeaningAssociation.stories.jsx[2m > [22m[2mCompletion Screen Learn
[22m[39m[MOCK CourseVectorStore] Initialized with mock data
[90mstdout[2m | src/components/MeaningAssociationExercise/MeaningAssociation.stories.jsx[2m > [22m[2mCompletion Screen Learn
[22m[39m[TranslationModeController] Setting mode to: off
[90mstdout[2m | src/components/MeaningAssociationExercise/MeaningAssociation.stories.jsx[2m > [22m[2mCompletion Screen Learn
[22m[39m[UnitContext] useEffect triggered {
  "authLoading": false,
  "hasUser": true,
  "id": "mock-unit-id",
  "userSub": "mock-user-sub",
}
[90mstdout[2m | src/components/MeaningAssociationExercise/MeaningAssociation.stories.jsx[2m > [22m[2mCompletion Screen Learn
[22m[39m[UnitContext] Fetching unit data for id: mock-unit-id
[90mstdout[2m | src/components/MeaningAssociationExercise/MeaningAssociation.stories.jsx[2m > [22m[2mCompletion Screen Learn
[22m[39m[FilesContext] Initializing vector store from IndexedDB
[90mstdout[2m | src/components/MeaningAssociationExercise/MeaningAssociation.stories.jsx[2m > [22m[2mCompletion Screen Learn
[22m[39m[FilesContext] fetchFiles called
[90mstdout[2m | src/components/MeaningAssociationExercise/MeaningAssociation.stories.jsx[2m > [22m[2mCompletion Screen Learn
[22m[39m[FilesContext] User authenticated: mock-user-sub
[90mstdout[2m | src/components/MeaningAssociationExercise/MeaningAssociation.stories.jsx[2m > [22m[2mCompletion Screen Learn
[22m[39m[FilesContext] Identity ID: us-east-1:mock-identity-123
[90mstdout[2m | src/components/MeaningAssociationExercise/MeaningAssociation.stories.jsx[2m > [22m[2mCompletion Screen Learn
[22m[39m[FilesContext] About to set up File observeQuery
[90mstdout[2m | src/components/MeaningAssociationExercise/MeaningAssociation.stories.jsx[2m > [22m[2mCompletion Screen Learn
[22m[39m[ChatContext] Setting up AssistantChat observeQuery
[90mstdout[2m | src/components/MeaningAssociationExercise/MeaningAssociation.stories.jsx[2m > [22m[2mCompletion Screen Learn
[22m[39m[ChatContext] Waiting for subscription to initialize
[90mstdout[2m | src/components/MeaningAssociationExercise/MeaningAssociation.stories.jsx[2m > [22m[2mCompletion Screen Learn
[22m[39m[SettingsContext] Setting up Settings subscription for user: mock-user-sub
[90mstdout[2m | src/components/MeaningAssociationExercise/MeaningAssociation.stories.jsx[2m > [22m[2mCompletion Screen Learn
[22m[39m[Mock Data] Settings created: mock-settings-1790418011950 - notified 0 subscribers
[90mstdout[2m | src/components/MeaningAssociationExercise/MeaningAssociation.stories.jsx[2m > [22m[2mCompletion Screen Learn
[22m[39m[Mock Data] Unit.onUpdate() subscription added. Total: 1
[90mstdout[2m | src/components/MeaningAssociationExercise/MeaningAssociation.stories.jsx[2m > [22m[2mCompletion Screen Learn
[22m[39m[SectionContext] Section observeQuery update: 0
[90mstdout[2m | src/components/MeaningAssociationExercise/MeaningAssociation.stories.jsx[2m > [22m[2mCompletion Screen Learn
[22m[39m[FilesContext] File observeQuery update: 6 files
[90mstdout[2m | src/components/MeaningAssociationExercise/MeaningAssociation.stories.jsx[2m > [22m[2mCompletion Screen Learn
[22m[39m[ChatContext] AssistantChat initialized with 1 chats
[90mstdout[2m | src/components/MeaningAssociationExercise/MeaningAssociation.stories.jsx[2m > [22m[2mCompletion Screen Learn
[22m[39m[ChatContext] Setting initial chat: mock-assistant-chat-1
[90mstdout[2m | src/components/MeaningAssociationExercise/MeaningAssociation.stories.jsx[2m > [22m[2mCompletion Screen Learn
[22m[39m[MOCK CourseVectorStore] Initialized with mock data
[90mstdout[2m | src/components/MeaningAssociationExercise/MeaningAssociation.stories.jsx[2m > [22m[2mCompletion Screen Learn
[22m[39m[FilesContext] Vector store population triggered {
  "currentVectorStoreSize": 3,
  "documentsCount": 0,
  "filesCount": 6,
  "isInitialLoad": true,
}
[90mstdout[2m | src/components/MeaningAssociationExercise/MeaningAssociation.stories.jsx[2m > [22m[2mCompletion Screen Learn
[22m[39m[FilesContext] Vector store population complete - 3 total embeddings
[90mstdout[2m | src/components/MeaningAssociationExercise/MeaningAssociation.stories.jsx[2m > [22m[2mCompletion Screen Learn
[22m[39m[ChatContext] Chat exists and not archived, skipping creation
[90mstdout[2m | src/components/MeaningAssociationExercise/MeaningAssociation.stories.jsx[2m > [22m[2mCompletion Screen Learn
[22m[39m[Mock Storage] downloadData called with: undefined
[90mstdout[2m | src/components/MeaningAssociationExercise/MeaningAssociation.stories.jsx[2m > [22m[2mCompletion Screen Easy
[22m[39m[ChatContext] Cleaning up subscriptions
[90mstdout[2m | src/components/MeaningAssociationExercise/MeaningAssociation.stories.jsx[2m > [22m[2mCompletion Screen Easy
[22m[39m[Mock Data] Unit.onUpdate() subscription removed. Remaining: 0
[90mstdout[2m | src/components/MeaningAssociationExercise/MeaningAssociation.stories.jsx[2m > [22m[2mCompletion Screen Easy
[22m[39m[MOCK CourseVectorStore] Initialized with mock data
[90mstdout[2m | src/components/MeaningAssociationExercise/MeaningAssociation.stories.jsx[2m > [22m[2mCompletion Screen Easy
[22m[39m[TranslationModeController] Setting mode to: off
[90mstdout[2m | src/components/MeaningAssociationExercise/MeaningAssociation.stories.jsx[2m > [22m[2mCompletion Screen Easy
[22m[39m[UnitContext] useEffect triggered {
  "authLoading": false,
  "hasUser": true,
  "id": "mock-unit-id",
  "userSub": "mock-user-sub",
}
[90mstdout[2m | src/components/MeaningAssociationExercise/MeaningAssociation.stories.jsx[2m > [22m[2mCompletion Screen Easy
[22m[39m[UnitContext] Fetching unit data for id: mock-unit-id
[90mstdout[2m | src/components/MeaningAssociationExercise/MeaningAssociation.stories.jsx[2m > [22m[2mCompletion Screen Easy
[22m[39m[FilesContext] Initializing vector store from IndexedDB
[90mstdout[2m | src/components/MeaningAssociationExercise/MeaningAssociation.stories.jsx[2m > [22m[2mCompletion Screen Easy
[22m[39m[FilesContext] fetchFiles called
[90mstdout[2m | src/components/MeaningAssociationExercise/MeaningAssociation.stories.jsx[2m > [22m[2mCompletion Screen Easy
[22m[39m[FilesContext] User authenticated: mock-user-sub
[90mstdout[2m | src/components/MeaningAssociationExercise/MeaningAssociation.stories.jsx[2m > [22m[2mCompletion Screen Easy
[22m[39m[FilesContext] Identity ID: us-east-1:mock-identity-123
[90mstdout[2m | src/components/MeaningAssociationExercise/MeaningAssociation.stories.jsx[2m > [22m[2mCompletion Screen Easy
[22m[39m[FilesContext] About to set up File observeQuery
[90mstdout[2m | src/components/MeaningAssociationExercise/MeaningAssociation.stories.jsx[2m > [22m[2mCompletion Screen Easy
[22m[39m[ChatContext] Setting up AssistantChat observeQuery
[90mstdout[2m | src/components/MeaningAssociationExercise/MeaningAssociation.stories.jsx[2m > [22m[2mCompletion Screen Easy
[22m[39m[ChatContext] Waiting for subscription to initialize
[90mstdout[2m | src/components/MeaningAssociationExercise/MeaningAssociation.stories.jsx[2m > [22m[2mCompletion Screen Easy
[22m[39m[SettingsContext] Setting up Settings subscription for user: mock-user-sub
[90mstdout[2m | src/components/MeaningAssociationExercise/MeaningAssociation.stories.jsx[2m > [22m[2mCompletion Screen Easy
[22m[39m[Mock Data] Settings created: mock-settings-1790418012112 - notified 0 subscribers
[90mstdout[2m | src/components/MeaningAssociationExercise/MeaningAssociation.stories.jsx[2m > [22m[2mCompletion Screen Easy
[22m[39m[Mock Data] Unit.onUpdate() subscription added. Total: 1
[90mstdout[2m | src/components/MeaningAssociationExercise/MeaningAssociation.stories.jsx[2m > [22m[2mCompletion Screen Easy
[22m[39m[SectionContext] Section observeQuery update: 0
[90mstdout[2m | src/components/MeaningAssociationExercise/MeaningAssociation.stories.jsx[2m > [22m[2mCompletion Screen Easy
[22m[39m[FilesContext] File observeQuery update: 6 files
[90mstdout[2m | src/components/MeaningAssociationExercise/MeaningAssociation.stories.jsx[2m > [22m[2mCompletion Screen Easy
[22m[39m[ChatContext] AssistantChat initialized with 1 chats
[90mstdout[2m | src/components/MeaningAssociationExercise/MeaningAssociation.stories.jsx[2m > [22m[2mCompletion Screen Easy
[22m[39m[ChatContext] Setting initial chat: mock-assistant-chat-1
[90mstdout[2m | src/components/MeaningAssociationExercise/MeaningAssociation.stories.jsx[2m > [22m[2mCompletion Screen Easy
[22m[39m[Mock Storage] downloadData called with: undefined
[90mstdout[2m | src/components/MeaningAssociationExercise/MeaningAssociation.stories.jsx[2m > [22m[2mCompletion Screen Easy
[22m[39m[MOCK CourseVectorStore] Initialized with mock data
[90mstdout[2m | src/components/MeaningAssociationExercise/MeaningAssociation.stories.jsx[2m > [22m[2mCompletion Screen Easy
[22m[39m[FilesContext] Vector store population triggered {
  "currentVectorStoreSize": 3,
  "documentsCount": 0,
  "filesCount": 6,
  "isInitialLoad": true,
}
[90mstdout[2m | src/components/MeaningAssociationExercise/MeaningAssociation.stories.jsx[2m > [22m[2mCompletion Screen Easy
[22m[39m[FilesContext] Vector store population complete - 3 total embeddings
[90mstdout[2m | src/components/MeaningAssociationExercise/MeaningAssociation.stories.jsx[2m > [22m[2mCompletion Screen Easy
[22m[39m[ChatContext] Chat exists and not archived, skipping creation
[90mstdout[2m | src/components/MeaningAssociationExercise/MeaningAssociation.stories.jsx[2m > [22m[2mCompletion Screen Hard
[22m[39m[ChatContext] Cleaning up subscriptions
[90mstdout[2m | src/components/MeaningAssociationExercise/MeaningAssociation.stories.jsx[2m > [22m[2mCompletion Screen Hard
[22m[39m[Mock Data] Unit.onUpdate() subscription removed. Remaining: 0
[90mstdout[2m | src/components/MeaningAssociationExercise/MeaningAssociation.stories.jsx[2m > [22m[2mCompletion Screen Hard
[22m[39m[MOCK CourseVectorStore] Initialized with mock data
[90mstdout[2m | src/components/MeaningAssociationExercise/MeaningAssociation.stories.jsx[2m > [22m[2mCompletion Screen Hard
[22m[39m[TranslationModeController] Setting mode to: off
[90mstdout[2m | src/components/MeaningAssociationExercise/MeaningAssociation.stories.jsx[2m > [22m[2mCompletion Screen Hard
[22m[39m[UnitContext] useEffect triggered {
  "authLoading": false,
  "hasUser": true,
  "id": "mock-unit-id",
  "userSub": "mock-user-sub",
}
[90mstdout[2m | src/components/MeaningAssociationExercise/MeaningAssociation.stories.jsx[2m > [22m[2mCompletion Screen Hard
[22m[39m[UnitContext] Fetching unit data for id: mock-unit-id
[90mstdout[2m | src/components/MeaningAssociationExercise/MeaningAssociation.stories.jsx[2m > [22m[2mCompletion Screen Hard
[22m[39m[FilesContext] Initializing vector store from IndexedDB
[90mstdout[2m | src/components/MeaningAssociationExercise/MeaningAssociation.stories.jsx[2m > [22m[2mCompletion Screen Hard
[22m[39m[FilesContext] fetchFiles called
[90mstdout[2m | src/components/MeaningAssociationExercise/MeaningAssociation.stories.jsx[2m > [22m[2mCompletion Screen Hard
[22m[39m[FilesContext] User authenticated: mock-user-sub
[90mstdout[2m | src/components/MeaningAssociationExercise/MeaningAssociation.stories.jsx[2m > [22m[2mCompletion Screen Hard
[22m[39m[FilesContext] Identity ID: us-east-1:mock-identity-123
[90mstdout[2m | src/components/MeaningAssociationExercise/MeaningAssociation.stories.jsx[2m > [22m[2mCompletion Screen Hard
[22m[39m[FilesContext] About to set up File observeQuery
[90mstdout[2m | src/components/MeaningAssociationExercise/MeaningAssociation.stories.jsx[2m > [22m[2mCompletion Screen Hard
[22m[39m[ChatContext] Setting up AssistantChat observeQuery
[90mstdout[2m | src/components/MeaningAssociationExercise/MeaningAssociation.stories.jsx[2m > [22m[2mCompletion Screen Hard
[22m[39m[ChatContext] Waiting for subscription to initialize
[90mstdout[2m | src/components/MeaningAssociationExercise/MeaningAssociation.stories.jsx[2m > [22m[2mCompletion Screen Hard
[22m[39m[SettingsContext] Setting up Settings subscription for user: mock-user-sub
[90mstdout[2m | src/components/MeaningAssociationExercise/MeaningAssociation.stories.jsx[2m > [22m[2mCompletion Screen Hard
[22m[39m[Mock Data] Settings created: mock-settings-1790418012255 - notified 0 subscribers
[90mstdout[2m | src/components/MeaningAssociationExercise/MeaningAssociation.stories.jsx[2m > [22m[2mCompletion Screen Hard
[22m[39m[Mock Data] Unit.onUpdate() subscription added. Total: 1
[90mstdout[2m | src/components/MeaningAssociationExercise/MeaningAssociation.stories.jsx[2m > [22m[2mCompletion Screen Hard
[22m[39m[SectionContext] Section observeQuery update: 0
[90mstdout[2m | src/components/MeaningAssociationExercise/MeaningAssociation.stories.jsx[2m > [22m[2mCompletion Screen Hard
[22m[39m[FilesContext] File observeQuery update: 6 files
[90mstdout[2m | src/components/MeaningAssociationExercise/MeaningAssociation.stories.jsx[2m > [22m[2mCompletion Screen Hard
[22m[39m[ChatContext] AssistantChat initialized with 1 chats
[90mstdout[2m | src/components/MeaningAssociationExercise/MeaningAssociation.stories.jsx[2m > [22m[2mCompletion Screen Hard
[22m[39m[ChatContext] Setting initial chat: mock-assistant-chat-1
[90mstdout[2m | src/components/MeaningAssociationExercise/MeaningAssociation.stories.jsx[2m > [22m[2mCompletion Screen Hard
[22m[39m[MOCK CourseVectorStore] Initialized with mock data
[90mstdout[2m | src/components/MeaningAssociationExercise/MeaningAssociation.stories.jsx[2m > [22m[2mCompletion Screen Hard
[22m[39m[FilesContext] Vector store population triggered {
  "currentVectorStoreSize": 3,
  "documentsCount": 0,
  "filesCount": 6,
  "isInitialLoad": true,
}
[90mstdout[2m | src/components/MeaningAssociationExercise/MeaningAssociation.stories.jsx[2m > [22m[2mCompletion Screen Hard
[22m[39m[FilesContext] Vector store population complete - 3 total embeddings
[90mstdout[2m | src/components/MeaningAssociationExercise/MeaningAssociation.stories.jsx[2m > [22m[2mCompletion Screen Hard
[22m[39m[ChatContext] Chat exists and not archived, skipping creation
[90mstdout[2m | src/components/MeaningAssociationExercise/MeaningAssociation.stories.jsx[2m > [22m[2mCompletion Screen Hard
[22m[39m[Mock Storage] downloadData called with: undefined
 [32m✓[39m [30m[45m storybook (chromium) [49m[39m src/components/MeaningAssociationExercise/MeaningAssociation.stories.jsx [2m([22m[2m9 tests[22m[2m)[22m[33m 1879[2mms[22m[39m
   [33m[2m✓[22m[39m Learn Exercise [33m 311[2mms[22m[39m
[90mstdout[2m | unknown test
[22m[39m[MOCK vectorStoreDB.js] Module loaded - mock IndexedDB operations
[90mstdout[2m | unknown test
[22m[39m[Task Completion] DOM action listeners initialized
[90mstdout[2m | unknown test
[22m[39m[Task Completion] Auto-completion detector initialized
[90mstdout[2m | unknown test
[22m[39m[Preview] Task completion detector initialized
[90mstdout[2m | src/components/Gamification/BadgeIcon.stories.tsx[2m > [22m[2mDefault
[22m[39m[TranslationModeController] Setting mode to: off
[90mstdout[2m | src/components/Gamification/BadgeIcon.stories.tsx[2m > [22m[2mLocked
[22m[39m[TranslationModeController] Setting mode to: off
[90mstdout[2m | src/components/Gamification/BadgeIcon.stories.tsx[2m > [22m[2mLarge Epic
[22m[39m[TranslationModeController] Setting mode to: off
[90mstdout[2m | src/components/Gamification/BadgeIcon.stories.tsx[2m > [22m[2mLegendary Bot Whisperer
[22m[39m[TranslationModeController] Setting mode to: off
[90mstdout[2m | src/components/Gamification/BadgeIcon.stories.tsx[2m > [22m[2mAll Badges
[22m[39m[TranslationModeController] Setting mode to: off
[90mstdout[2m | src/components/Gamification/BadgeIcon.stories.tsx[2m > [22m[2mEarned Vs Locked
[22m[39m[TranslationModeController] Setting mode to: off
[90mstdout[2m | src/components/Gamification/BadgeIcon.stories.tsx[2m > [22m[2mSizes
[22m[39m[TranslationModeController] Setting mode to: off
[90mstdout[2m | src/components/Gamification/BadgeIcon.stories.tsx[2m > [22m[2mShapes
[22m[39m[TranslationModeController] Setting mode to: off
[90mstdout[2m | src/components/Gamification/BadgeIcon.stories.tsx[2m > [22m[2mStaggered Grid
[22m[39m[TranslationModeController] Setting mode to: off
[90mstdout[2m | src/components/Gamification/BadgeIcon.stories.tsx[2m > [22m[2mBot Whisperer Progression
[22m[39m[TranslationModeController] Setting mode to: off
 [32m✓[39m [30m[45m storybook (chromium) [49m[39m src/components/Gamification/BadgeIcon.stories.tsx [2m([22m[2m10 tests[22m[2m)[22m[33m 2457[2mms[22m[39m
   [33m[2m✓[22m[39m All Badges [33m 768[2mms[22m[39m
   [33m[2m✓[22m[39m Earned Vs Locked [33m 384[2mms[22m[39m
[90mstdout[2m | unknown test
[22m[39m[MOCK vectorStoreDB.js] Module loaded - mock IndexedDB operations
[90mstdout[2m | unknown test
[22m[39m[Task Completion] DOM action listeners initialized
[90mstdout[2m | unknown test
[22m[39m[Task Completion] Auto-completion detector initialized
[90mstdout[2m | unknown test
[22m[39m[Preview] Task completion detector initialized
[90mstdout[2m | src/components/Editor3/plugins/YouTubePlugin.stories.jsx[2m > [22m[2mEditable Empty
[22m[39m[Preview] Skipped initializing default mock data (initializeMockData=false)
[90mstdout[2m | src/components/Editor3/plugins/YouTubePlugin.stories.jsx[2m > [22m[2mEditable Empty
[22m[39m[Mock Data] seedMockUnit: Adding unit youtube-plugin-story-unit
[90mstdout[2m | src/components/Editor3/plugins/YouTubePlugin.stories.jsx[2m > [22m[2mEditable Empty
[22m[39m[MOCK CourseVectorStore] Initialized with mock data
[90mstdout[2m | src/components/Editor3/plugins/YouTubePlugin.stories.jsx[2m > [22m[2mEditable Empty
[22m[39m[TranslationModeController] Setting mode to: off
[90mstdout[2m | src/components/Editor3/plugins/YouTubePlugin.stories.jsx[2m > [22m[2mEditable Empty
[22m[39m[UnitContext] useEffect triggered {
  "authLoading": false,
  "hasUser": true,
  "id": "youtube-plugin-story-unit",
  "userSub": "mock-user-sub",
}
[90mstdout[2m | src/components/Editor3/plugins/YouTubePlugin.stories.jsx[2m > [22m[2mEditable Empty
[22m[39m[UnitContext] Fetching unit data for id: youtube-plugin-story-unit
[90mstdout[2m | src/components/Editor3/plugins/YouTubePlugin.stories.jsx[2m > [22m[2mEditable Empty
[22m[39m[FilesContext] Initializing vector store from IndexedDB
[90mstdout[2m | src/components/Editor3/plugins/YouTubePlugin.stories.jsx[2m > [22m[2mEditable Empty
[22m[39m[FilesContext] fetchFiles called
[90mstdout[2m | src/components/Editor3/plugins/YouTubePlugin.stories.jsx[2m > [22m[2mEditable Empty
[22m[39m[FilesContext] User authenticated: mock-user-sub
[90mstdout[2m | src/components/Editor3/plugins/YouTubePlugin.stories.jsx[2m > [22m[2mEditable Empty
[22m[39m[FilesContext] Identity ID: us-east-1:mock-identity-123
[90mstdout[2m | src/components/Editor3/plugins/YouTubePlugin.stories.jsx[2m > [22m[2mEditable Empty
[22m[39m[FilesContext] About to set up File observeQuery
[90mstdout[2m | src/components/Editor3/plugins/YouTubePlugin.stories.jsx[2m > [22m[2mEditable Empty
[22m[39m[ChatContext] Setting up AssistantChat observeQuery
[90mstdout[2m | src/components/Editor3/plugins/YouTubePlugin.stories.jsx[2m > [22m[2mEditable Empty
[22m[39m[ChatContext] Waiting for subscription to initialize
[90mstdout[2m | src/components/Editor3/plugins/YouTubePlugin.stories.jsx[2m > [22m[2mEditable Empty
[22m[39m[SettingsContext] Setting up Settings subscription for user: mock-user-sub
[90mstdout[2m | src/components/Editor3/plugins/YouTubePlugin.stories.jsx[2m > [22m[2mEditable Empty
[22m[39m[Mock Data] Settings created: mock-settings-1790418017056 - notified 0 subscribers
[90mstdout[2m | src/components/Editor3/plugins/YouTubePlugin.stories.jsx[2m > [22m[2mEditable Empty
[22m[39m[Mock Data] Unit.onUpdate() subscription added. Total: 1
[90mstdout[2m | src/components/Editor3/plugins/YouTubePlugin.stories.jsx[2m > [22m[2mEditable Empty
[22m[39m[SectionContext] Section observeQuery update: 0
[90mstdout[2m | src/components/Editor3/plugins/YouTubePlugin.stories.jsx[2m > [22m[2mEditable Empty
[22m[39m[FilesContext] File observeQuery update: 0 files
[90mstdout[2m | src/components/Editor3/plugins/YouTubePlugin.stories.jsx[2m > [22m[2mEditable Empty
[22m[39m[ChatContext] AssistantChat initialized with 0 chats
[90mstdout[2m | src/components/Editor3/plugins/YouTubePlugin.stories.jsx[2m > [22m[2mEditable Empty
[22m[39m[MOCK CourseVectorStore] Initialized with mock data
[90mstdout[2m | src/components/Editor3/plugins/YouTubePlugin.stories.jsx[2m > [22m[2mEditable Empty
[22m[39m[ChatContext] No current chat available, will create one
[90mstdout[2m | src/components/Editor3/plugins/YouTubePlugin.stories.jsx[2m > [22m[2mEditable Empty
[22m[39m[ChatContext] Creating AssistantChat with user: undefined
[90mstdout[2m | src/components/Editor3/plugins/YouTubePlugin.stories.jsx[2m > [22m[2mEditable Empty
[22m[39m[Mock Data] AssistantChat created: mock-assistantchat-1790418017073 - notified 1 subscribers
[90mstdout[2m | src/components/Editor3/plugins/YouTubePlugin.stories.jsx[2m > [22m[2mEditable Empty
[22m[39m[ChatContext] Create result: {
  "data": {
    "_version": 1,
    "archived": false,
    "chatFiles": [Function anonymous],
    "createdAt": "2026-09-26T10:20:17.073Z",
    "id": "mock-assistantchat-1790418017073",
    "model": "gpt-4",
    "updatedAt": "2026-09-26T10:20:17.073Z",
  },
  "errors": [],
  "hasData": true,
  "hasErrors": true,
}
[90mstdout[2m | src/components/Editor3/plugins/YouTubePlugin.stories.jsx[2m > [22m[2mEditable Empty
[22m[39m[ChatContext] Created AssistantChat: mock-assistantchat-1790418017073 at: 2026-09-26T10:20:17.073Z
[90mstdout[2m | src/components/Editor3/plugins/YouTubePlugin.stories.jsx[2m > [22m[2mEditable Empty
[22m[39m[Mock Storage] downloadData called with: undefined
[90mstdout[2m | src/components/Editor3/plugins/YouTubePlugin.stories.jsx[2m > [22m[2mEditable Empty
[22m[39m[ChatContext] Setting initial chat: mock-assistantchat-1790418017073
[90mstdout[2m | src/components/Editor3/plugins/YouTubePlugin.stories.jsx[2m > [22m[2mEditable Empty
[22m[39m[ChatContext] Chat exists and not archived, skipping creation
[90mstdout[2m | src/components/Editor3/plugins/YouTubePlugin.stories.jsx[2m > [22m[2mEditable With Video
[22m[39m[ChatContext] Cleaning up subscriptions
[90mstdout[2m | src/components/Editor3/plugins/YouTubePlugin.stories.jsx[2m > [22m[2mEditable With Video
[22m[39m[Mock Data] Unit.onUpdate() subscription removed. Remaining: 0
[90mstdout[2m | src/components/Editor3/plugins/YouTubePlugin.stories.jsx[2m > [22m[2mEditable With Video
[22m[39m[Preview] Skipped initializing default mock data (initializeMockData=false)
[90mstdout[2m | src/components/Editor3/plugins/YouTubePlugin.stories.jsx[2m > [22m[2mEditable With Video
[22m[39m[Mock Data] seedMockUnit: Adding unit youtube-plugin-story-unit
[90mstdout[2m | src/components/Editor3/plugins/YouTubePlugin.stories.jsx[2m > [22m[2mEditable With Video
[22m[39m[MOCK CourseVectorStore] Initialized with mock data
[90mstdout[2m | src/components/Editor3/plugins/YouTubePlugin.stories.jsx[2m > [22m[2mEditable With Video
[22m[39m[TranslationModeController] Setting mode to: off
[90mstdout[2m | src/components/Editor3/plugins/YouTubePlugin.stories.jsx[2m > [22m[2mEditable With Video
[22m[39m[UnitContext] useEffect triggered {
  "authLoading": false,
  "hasUser": true,
  "id": "youtube-plugin-story-unit",
  "userSub": "mock-user-sub",
}
[90mstdout[2m | src/components/Editor3/plugins/YouTubePlugin.stories.jsx[2m > [22m[2mEditable With Video
[22m[39m[UnitContext] Fetching unit data for id: youtube-plugin-story-unit
[90mstdout[2m | src/components/Editor3/plugins/YouTubePlugin.stories.jsx[2m > [22m[2mEditable With Video
[22m[39m[FilesContext] Initializing vector store from IndexedDB
[90mstdout[2m | src/components/Editor3/plugins/YouTubePlugin.stories.jsx[2m > [22m[2mEditable With Video
[22m[39m[FilesContext] fetchFiles called
[90mstdout[2m | src/components/Editor3/plugins/YouTubePlugin.stories.jsx[2m > [22m[2mEditable With Video
[22m[39m[FilesContext] User authenticated: mock-user-sub
[90mstdout[2m | src/components/Editor3/plugins/YouTubePlugin.stories.jsx[2m > [22m[2mEditable With Video
[22m[39m[FilesContext] Identity ID: us-east-1:mock-identity-123
[90mstdout[2m | src/components/Editor3/plugins/YouTubePlugin.stories.jsx[2m > [22m[2mEditable With Video
[22m[39m[FilesContext] About to set up File observeQuery
[90mstdout[2m | src/components/Editor3/plugins/YouTubePlugin.stories.jsx[2m > [22m[2mEditable With Video
[22m[39m[ChatContext] Setting up AssistantChat observeQuery
[90mstdout[2m | src/components/Editor3/plugins/YouTubePlugin.stories.jsx[2m > [22m[2mEditable With Video
[22m[39m[ChatContext] Waiting for subscription to initialize
[90mstdout[2m | src/components/Editor3/plugins/YouTubePlugin.stories.jsx[2m > [22m[2mEditable With Video
[22m[39m[SettingsContext] Setting up Settings subscription for user: mock-user-sub
[90mstdout[2m | src/components/Editor3/plugins/YouTubePlugin.stories.jsx[2m > [22m[2mEditable With Video
[22m[39m[Mock Data] Settings created: mock-settings-1790418017355 - notified 0 subscribers
[90mstdout[2m | src/components/Editor3/plugins/YouTubePlugin.stories.jsx[2m > [22m[2mEditable With Video
[22m[39m[Mock Data] Unit.onUpdate() subscription added. Total: 1
[90mstdout[2m | src/components/Editor3/plugins/YouTubePlugin.stories.jsx[2m > [22m[2mEditable With Video
[22m[39m[SectionContext] Section observeQuery update: 0
[90mstdout[2m | src/components/Editor3/plugins/YouTubePlugin.stories.jsx[2m > [22m[2mEditable With Video
[22m[39m[FilesContext] File observeQuery update: 0 files
[90mstdout[2m | src/components/Editor3/plugins/YouTubePlugin.stories.jsx[2m > [22m[2mEditable With Video
[22m[39m[ChatContext] AssistantChat initialized with 0 chats
[90mstdout[2m | src/components/Editor3/plugins/YouTubePlugin.stories.jsx[2m > [22m[2mEditable With Video
[22m[39m[MOCK CourseVectorStore] Initialized with mock data
[90mstdout[2m | src/components/Editor3/plugins/YouTubePlugin.stories.jsx[2m > [22m[2mEditable With Video
[22m[39m[ChatContext] No current chat available, will create one
[90mstdout[2m | src/components/Editor3/plugins/YouTubePlugin.stories.jsx[2m > [22m[2mEditable With Video
[22m[39m[ChatContext] Creating AssistantChat with user: undefined
[90mstdout[2m | src/components/Editor3/plugins/YouTubePlugin.stories.jsx[2m > [22m[2mEditable With Video
[22m[39m[Mock Data] AssistantChat created: mock-assistantchat-1790418017375 - notified 1 subscribers
[90mstdout[2m | src/components/Editor3/plugins/YouTubePlugin.stories.jsx[2m > [22m[2mEditable With Video
[22m[39m[ChatContext] Create result: {
  "data": {
    "_version": 1,
    "archived": false,
    "chatFiles": [Function anonymous],
    "createdAt": "2026-09-26T10:20:17.375Z",
    "id": "mock-assistantchat-1790418017375",
    "model": "gpt-4",
    "updatedAt": "2026-09-26T10:20:17.375Z",
  },
  "errors": [],
  "hasData": true,
  "hasErrors": true,
}
[90mstdout[2m | src/components/Editor3/plugins/YouTubePlugin.stories.jsx[2m > [22m[2mEditable With Video
[22m[39m[ChatContext] Created AssistantChat: mock-assistantchat-1790418017375 at: 2026-09-26T10:20:17.375Z
[90mstdout[2m | src/components/Editor3/plugins/YouTubePlugin.stories.jsx[2m > [22m[2mEditable With Video
[22m[39m[Mock Storage] downloadData called with: undefined
[90mstdout[2m | src/components/Editor3/plugins/YouTubePlugin.stories.jsx[2m > [22m[2mEditable With Video
[22m[39m[ChatContext] Setting initial chat: mock-assistantchat-1790418017375
[90mstdout[2m | src/components/Editor3/plugins/YouTubePlugin.stories.jsx[2m > [22m[2mEditable With Video
[22m[39m[ChatContext] Chat exists and not archived, skipping creation
[90mstdout[2m | src/components/Editor3/plugins/YouTubePlugin.stories.jsx[2m > [22m[2mRead Only With Video
[22m[39m[ChatContext] Cleaning up subscriptions
[90mstdout[2m | src/components/Editor3/plugins/YouTubePlugin.stories.jsx[2m > [22m[2mRead Only With Video
[22m[39m[Mock Data] Unit.onUpdate() subscription removed. Remaining: 0
[90mstdout[2m | src/components/Editor3/plugins/YouTubePlugin.stories.jsx[2m > [22m[2mRead Only With Video
[22m[39m[Preview] Skipped initializing default mock data (initializeMockData=false)
[90mstdout[2m | src/components/Editor3/plugins/YouTubePlugin.stories.jsx[2m > [22m[2mRead Only With Video
[22m[39m[Mock Data] seedMockUnit: Adding unit youtube-plugin-story-unit
[90mstdout[2m | src/components/Editor3/plugins/YouTubePlugin.stories.jsx[2m > [22m[2mRead Only With Video
[22m[39m[MOCK CourseVectorStore] Initialized with mock data
[90mstdout[2m | src/components/Editor3/plugins/YouTubePlugin.stories.jsx[2m > [22m[2mRead Only With Video
[22m[39m[TranslationModeController] Setting mode to: off
[90mstdout[2m | src/components/Editor3/plugins/YouTubePlugin.stories.jsx[2m > [22m[2mRead Only With Video
[22m[39m[UnitContext] useEffect triggered {
  "authLoading": false,
  "hasUser": true,
  "id": "youtube-plugin-story-unit",
  "userSub": "mock-user-sub",
}
[90mstdout[2m | src/components/Editor3/plugins/YouTubePlugin.stories.jsx[2m > [22m[2mRead Only With Video
[22m[39m[UnitContext] Fetching unit data for id: youtube-plugin-story-unit
[90mstdout[2m | src/components/Editor3/plugins/YouTubePlugin.stories.jsx[2m > [22m[2mRead Only With Video
[22m[39m[FilesContext] Initializing vector store from IndexedDB
[90mstdout[2m | src/components/Editor3/plugins/YouTubePlugin.stories.jsx[2m > [22m[2mRead Only With Video
[22m[39m[FilesContext] fetchFiles called
[90mstdout[2m | src/components/Editor3/plugins/YouTubePlugin.stories.jsx[2m > [22m[2mRead Only With Video
[22m[39m[FilesContext] User authenticated: mock-user-sub
[90mstdout[2m | src/components/Editor3/plugins/YouTubePlugin.stories.jsx[2m > [22m[2mRead Only With Video
[22m[39m[FilesContext] Identity ID: us-east-1:mock-identity-123
[90mstdout[2m | src/components/Editor3/plugins/YouTubePlugin.stories.jsx[2m > [22m[2mRead Only With Video
[22m[39m[FilesContext] About to set up File observeQuery
[90mstdout[2m | src/components/Editor3/plugins/YouTubePlugin.stories.jsx[2m > [22m[2mRead Only With Video
[22m[39m[ChatContext] Setting up AssistantChat observeQuery
[90mstdout[2m | src/components/Editor3/plugins/YouTubePlugin.stories.jsx[2m > [22m[2mRead Only With Video
[22m[39m[ChatContext] Waiting for subscription to initialize
[90mstdout[2m | src/components/Editor3/plugins/YouTubePlugin.stories.jsx[2m > [22m[2mRead Only With Video
[22m[39m[SettingsContext] Setting up Settings subscription for user: mock-user-sub
[90mstdout[2m | src/components/Editor3/plugins/YouTubePlugin.stories.jsx[2m > [22m[2mRead Only With Video
[22m[39m[Mock Data] Settings created: mock-settings-1790418018533 - notified 0 subscribers
[90mstdout[2m | src/components/Editor3/plugins/YouTubePlugin.stories.jsx[2m > [22m[2mRead Only With Video
[22m[39m[Mock Data] Unit.onUpdate() subscription added. Total: 1
[90mstdout[2m | src/components/Editor3/plugins/YouTubePlugin.stories.jsx[2m > [22m[2mRead Only With Video
[22m[39m[SectionContext] Section observeQuery update: 0
[90mstdout[2m | src/components/Editor3/plugins/YouTubePlugin.stories.jsx[2m > [22m[2mRead Only With Video
[22m[39m[FilesContext] File observeQuery update: 0 files
[90mstdout[2m | src/components/Editor3/plugins/YouTubePlugin.stories.jsx[2m > [22m[2mRead Only With Video
[22m[39m[ChatContext] AssistantChat initialized with 0 chats
[90mstdout[2m | src/components/Editor3/plugins/YouTubePlugin.stories.jsx[2m > [22m[2mRead Only With Video
[22m[39m[MOCK CourseVectorStore] Initialized with mock data
[90mstdout[2m | src/components/Editor3/plugins/YouTubePlugin.stories.jsx[2m > [22m[2mRead Only With Video
[22m[39m[ChatContext] No current chat available, will create one
[90mstdout[2m | src/components/Editor3/plugins/YouTubePlugin.stories.jsx[2m > [22m[2mRead Only With Video
[22m[39m[ChatContext] Creating AssistantChat with user: undefined
[90mstdout[2m | src/components/Editor3/plugins/YouTubePlugin.stories.jsx[2m > [22m[2mRead Only With Video
[22m[39m[Mock Data] AssistantChat created: mock-assistantchat-1790418018546 - notified 1 subscribers
[90mstdout[2m | src/components/Editor3/plugins/YouTubePlugin.stories.jsx[2m > [22m[2mRead Only With Video
[22m[39m[ChatContext] Create result: {
  "data": {
    "_version": 1,
    "archived": false,
    "chatFiles": [Function anonymous],
    "createdAt": "2026-09-26T10:20:18.546Z",
    "id": "mock-assistantchat-1790418018546",
    "model": "gpt-4",
    "updatedAt": "2026-09-26T10:20:18.546Z",
  },
  "errors": [],
  "hasData": true,
  "hasErrors": true,
}
[90mstdout[2m | src/components/Editor3/plugins/YouTubePlugin.stories.jsx[2m > [22m[2mRead Only With Video
[22m[39m[ChatContext] Created AssistantChat: mock-assistantchat-1790418018546 at: 2026-09-26T10:20:18.546Z
[90mstdout[2m | src/components/Editor3/plugins/YouTubePlugin.stories.jsx[2m > [22m[2mRead Only With Video
[22m[39m[Mock Storage] downloadData called with: undefined
[90mstdout[2m | src/components/Editor3/plugins/YouTubePlugin.stories.jsx[2m > [22m[2mRead Only With Video
[22m[39m[ChatContext] Setting initial chat: mock-assistantchat-1790418018546
[90mstdout[2m | src/components/Editor3/plugins/YouTubePlugin.stories.jsx[2m > [22m[2mRead Only With Video
[22m[39m[ChatContext] Chat exists and not archived, skipping creation
 [32m✓[39m [30m[45m storybook (chromium) [49m[39m src/components/Editor3/plugins/YouTubePlugin.stories.jsx [2m([22m[2m3 tests[22m[2m)[22m[33m 2164[2mms[22m[39m
   [33m[2m✓[22m[39m Editable With Video [33m 1075[2mms[22m[39m
   [33m[2m✓[22m[39m Read Only With Video [33m 809[2mms[22m[39m
[90mstdout[2m | unknown test
[22m[39m[MOCK vectorStoreDB.js] Module loaded - mock IndexedDB operations
[90mstdout[2m | unknown test
[22m[39m[Task Completion] DOM action listeners initialized
[90mstdout[2m | unknown test
[22m[39m[Task Completion] Auto-completion detector initialized
[90mstdout[2m | unknown test
[22m[39m[Preview] Task completion detector initialized
[90mstdout[2m | src/stories/chat-components.stories.tsx[2m > [22m[2mMentionChip / User
[22m[39m[MOCK CourseVectorStore] Initialized with mock data
[90mstdout[2m | src/stories/chat-components.stories.tsx[2m > [22m[2mMentionChip / User
[22m[39m[TranslationModeController] Setting mode to: off
[90mstdout[2m | src/stories/chat-components.stories.tsx[2m > [22m[2mMentionChip / User
[22m[39m[UnitContext] useEffect triggered {
  "authLoading": false,
  "hasUser": true,
  "id": "mock-unit-id",
  "userSub": "mock-user-sub",
}
[90mstdout[2m | src/stories/chat-components.stories.tsx[2m > [22m[2mMentionChip / User
[22m[39m[UnitContext] Fetching unit data for id: mock-unit-id
[90mstdout[2m | src/stories/chat-components.stories.tsx[2m > [22m[2mMentionChip / User
[22m[39m[FilesContext] Initializing vector store from IndexedDB
[90mstdout[2m | src/stories/chat-components.stories.tsx[2m > [22m[2mMentionChip / User
[22m[39m[FilesContext] fetchFiles called
[90mstdout[2m | src/stories/chat-components.stories.tsx[2m > [22m[2mMentionChip / User
[22m[39m[FilesContext] User authenticated: mock-user-sub
[90mstdout[2m | src/stories/chat-components.stories.tsx[2m > [22m[2mMentionChip / User
[22m[39m[FilesContext] Identity ID: us-east-1:mock-identity-123
[90mstdout[2m | src/stories/chat-components.stories.tsx[2m > [22m[2mMentionChip / User
[22m[39m[FilesContext] About to set up File observeQuery
[90mstdout[2m | src/stories/chat-components.stories.tsx[2m > [22m[2mMentionChip / User
[22m[39m[ChatContext] Setting up AssistantChat observeQuery
[90mstdout[2m | src/stories/chat-components.stories.tsx[2m > [22m[2mMentionChip / User
[22m[39m[ChatContext] Waiting for subscription to initialize
[90mstdout[2m | src/stories/chat-components.stories.tsx[2m > [22m[2mMentionChip / User
[22m[39m[SettingsContext] Setting up Settings subscription for user: mock-user-sub
[90mstdout[2m | src/stories/chat-components.stories.tsx[2m > [22m[2mMentionChip / User
[22m[39m[Mock Data] Settings created: mock-settings-1790418027148 - notified 0 subscribers
[90mstdout[2m | src/stories/chat-components.stories.tsx[2m > [22m[2mMentionChip / User
[22m[39m[Mock Data] Unit.onUpdate() subscription added. Total: 1
[90mstdout[2m | src/stories/chat-components.stories.tsx[2m > [22m[2mMentionChip / User
[22m[39m[SectionContext] Section observeQuery update: 0
[90mstdout[2m | src/stories/chat-components.stories.tsx[2m > [22m[2mMentionChip / User
[22m[39m[FilesContext] File observeQuery update: 6 files
[90mstdout[2m | src/stories/chat-components.stories.tsx[2m > [22m[2mMentionChip / User
[22m[39m[ChatContext] AssistantChat initialized with 1 chats
[90mstdout[2m | src/stories/chat-components.stories.tsx[2m > [22m[2mMentionChip / User
[22m[39m[ChatContext] Setting initial chat: mock-assistant-chat-1
[90mstdout[2m | src/stories/chat-components.stories.tsx[2m > [22m[2mMentionChip / User
[22m[39m[MOCK CourseVectorStore] Initialized with mock data
[90mstdout[2m | src/stories/chat-components.stories.tsx[2m > [22m[2mMentionChip / User
[22m[39m[FilesContext] Vector store population triggered {
  "currentVectorStoreSize": 3,
  "documentsCount": 0,
  "filesCount": 6,
  "isInitialLoad": true,
}
[90mstdout[2m | src/stories/chat-components.stories.tsx[2m > [22m[2mMentionChip / User
[22m[39m[FilesContext] Vector store population complete - 3 total embeddings
[90mstdout[2m | src/stories/chat-components.stories.tsx[2m > [22m[2mMentionChip / User
[22m[39m[ChatContext] Chat exists and not archived, skipping creation
[90mstdout[2m | src/stories/chat-components.stories.tsx[2m > [22m[2mMentionChip / User
[22m[39m[Mock Storage] downloadData called with: undefined
[90mstdout[2m | src/stories/chat-components.stories.tsx[2m > [22m[2mMentionChip / Bot (Kai)
[22m[39m[ChatContext] Cleaning up subscriptions
[90mstdout[2m | src/stories/chat-components.stories.tsx[2m > [22m[2mMentionChip / Bot (Kai)
[22m[39m[Mock Data] Unit.onUpdate() subscription removed. Remaining: 0
[90mstdout[2m | src/stories/chat-components.stories.tsx[2m > [22m[2mMentionChip / Bot (Kai)
[22m[39m[MOCK CourseVectorStore] Initialized with mock data
[90mstdout[2m | src/stories/chat-components.stories.tsx[2m > [22m[2mMentionChip / Bot (Kai)
[22m[39m[TranslationModeController] Setting mode to: off
[90mstdout[2m | src/stories/chat-components.stories.tsx[2m > [22m[2mMentionChip / Bot (Kai)
[22m[39m[UnitContext] useEffect triggered {
  "authLoading": false,
  "hasUser": true,
  "id": "mock-unit-id",
  "userSub": "mock-user-sub",
}
[90mstdout[2m | src/stories/chat-components.stories.tsx[2m > [22m[2mMentionChip / Bot (Kai)
[22m[39m[UnitContext] Fetching unit data for id: mock-unit-id
[90mstdout[2m | src/stories/chat-components.stories.tsx[2m > [22m[2mMentionChip / Bot (Kai)
[22m[39m[FilesContext] Initializing vector store from IndexedDB
[90mstdout[2m | src/stories/chat-components.stories.tsx[2m > [22m[2mMentionChip / Bot (Kai)
[22m[39m[FilesContext] fetchFiles called
[90mstdout[2m | src/stories/chat-components.stories.tsx[2m > [22m[2mMentionChip / Bot (Kai)
[22m[39m[FilesContext] User authenticated: mock-user-sub
[90mstdout[2m | src/stories/chat-components.stories.tsx[2m > [22m[2mMentionChip / Bot (Kai)
[22m[39m[FilesContext] Identity ID: us-east-1:mock-identity-123
[90mstdout[2m | src/stories/chat-components.stories.tsx[2m > [22m[2mMentionChip / Bot (Kai)
[22m[39m[FilesContext] About to set up File observeQuery
[90mstdout[2m | src/stories/chat-components.stories.tsx[2m > [22m[2mMentionChip / Bot (Kai)
[22m[39m[ChatContext] Setting up AssistantChat observeQuery
[90mstdout[2m | src/stories/chat-components.stories.tsx[2m > [22m[2mMentionChip / Bot (Kai)
[22m[39m[ChatContext] Waiting for subscription to initialize
[90mstdout[2m | src/stories/chat-components.stories.tsx[2m > [22m[2mMentionChip / Bot (Kai)
[22m[39m[SettingsContext] Setting up Settings subscription for user: mock-user-sub
[90mstdout[2m | src/stories/chat-components.stories.tsx[2m > [22m[2mMentionChip / Bot (Kai)
[22m[39m[Mock Data] Settings created: mock-settings-1790418027345 - notified 0 subscribers
[90mstdout[2m | src/stories/chat-components.stories.tsx[2m > [22m[2mMentionChip / Bot (Kai)
[22m[39m[Mock Data] Unit.onUpdate() subscription added. Total: 1
[90mstdout[2m | src/stories/chat-components.stories.tsx[2m > [22m[2mMentionChip / Bot (Kai)
[22m[39m[SectionContext] Section observeQuery update: 0
[90mstdout[2m | src/stories/chat-components.stories.tsx[2m > [22m[2mMentionChip / Bot (Kai)
[22m[39m[FilesContext] File observeQuery update: 6 files
[90mstdout[2m | src/stories/chat-components.stories.tsx[2m > [22m[2mMentionChip / Bot (Kai)
[22m[39m[ChatContext] AssistantChat initialized with 1 chats
[90mstdout[2m | src/stories/chat-components.stories.tsx[2m > [22m[2mMentionChip / Bot (Kai)
[22m[39m[ChatContext] Setting initial chat: mock-assistant-chat-1
[90mstdout[2m | src/stories/chat-components.stories.tsx[2m > [22m[2mMentionChip / Bot (Kai)
[22m[39m[Mock Storage] downloadData called with: undefined
[90mstdout[2m | src/stories/chat-components.stories.tsx[2m > [22m[2mMentionChip / Bot (Kai)
[22m[39m[MOCK CourseVectorStore] Initialized with mock data
[90mstdout[2m | src/stories/chat-components.stories.tsx[2m > [22m[2mMentionChip / Bot (Kai)
[22m[39m[FilesContext] Vector store population triggered {
  "currentVectorStoreSize": 3,
  "documentsCount": 0,
  "filesCount": 6,
  "isInitialLoad": true,
}
[90mstdout[2m | src/stories/chat-components.stories.tsx[2m > [22m[2mMentionChip / Bot (Kai)
[22m[39m[FilesContext] Vector store population complete - 3 total embeddings
[90mstdout[2m | src/stories/chat-components.stories.tsx[2m > [22m[2mMentionChip / Bot (Kai)
[22m[39m[ChatContext] Chat exists and not archived, skipping creation
[90mstdout[2m | src/stories/chat-components.stories.tsx[2m > [22m[2mMentionChip / Non-clickable
[22m[39m[ChatContext] Cleaning up subscriptions
[90mstdout[2m | src/stories/chat-components.stories.tsx[2m > [22m[2mMentionChip / Non-clickable
[22m[39m[Mock Data] Unit.onUpdate() subscription removed. Remaining: 0
[90mstdout[2m | src/stories/chat-components.stories.tsx[2m > [22m[2mMentionChip / Non-clickable
[22m[39m[MOCK CourseVectorStore] Initialized with mock data
[90mstdout[2m | src/stories/chat-components.stories.tsx[2m > [22m[2mMentionChip / Non-clickable
[22m[39m[TranslationModeController] Setting mode to: off
[90mstdout[2m | src/stories/chat-components.stories.tsx[2m > [22m[2mMentionChip / Non-clickable
[22m[39m[UnitContext] useEffect triggered {
  "authLoading": false,
  "hasUser": true,
  "id": "mock-unit-id",
  "userSub": "mock-user-sub",
}
[90mstdout[2m | src/stories/chat-components.stories.tsx[2m > [22m[2mMentionChip / Non-clickable
[22m[39m[UnitContext] Fetching unit data for id: mock-unit-id
[90mstdout[2m | src/stories/chat-components.stories.tsx[2m > [22m[2mMentionChip / Non-clickable
[22m[39m[FilesContext] Initializing vector store from IndexedDB
[90mstdout[2m | src/stories/chat-components.stories.tsx[2m > [22m[2mMentionChip / Non-clickable
[22m[39m[FilesContext] fetchFiles called
[90mstdout[2m | src/stories/chat-components.stories.tsx[2m > [22m[2mMentionChip / Non-clickable
[22m[39m[FilesContext] User authenticated: mock-user-sub
[90mstdout[2m | src/stories/chat-components.stories.tsx[2m > [22m[2mMentionChip / Non-clickable
[22m[39m[FilesContext] Identity ID: us-east-1:mock-identity-123
[90mstdout[2m | src/stories/chat-components.stories.tsx[2m > [22m[2mMentionChip / Non-clickable
[22m[39m[FilesContext] About to set up File observeQuery
[90mstdout[2m | src/stories/chat-components.stories.tsx[2m > [22m[2mMentionChip / Non-clickable
[22m[39m[ChatContext] Setting up AssistantChat observeQuery
[90mstdout[2m | src/stories/chat-components.stories.tsx[2m > [22m[2mMentionChip / Non-clickable
[22m[39m[ChatContext] Waiting for subscription to initialize
[90mstdout[2m | src/stories/chat-components.stories.tsx[2m > [22m[2mMentionChip / Non-clickable
[22m[39m[SettingsContext] Setting up Settings subscription for user: mock-user-sub
[90mstdout[2m | src/stories/chat-components.stories.tsx[2m > [22m[2mMentionChip / Non-clickable
[22m[39m[Mock Data] Settings created: mock-settings-1790418027482 - notified 0 subscribers
[90mstdout[2m | src/stories/chat-components.stories.tsx[2m > [22m[2mMentionChip / Non-clickable
[22m[39m[Mock Data] Unit.onUpdate() subscription added. Total: 1
[90mstdout[2m | src/stories/chat-components.stories.tsx[2m > [22m[2mMentionChip / Non-clickable
[22m[39m[SectionContext] Section observeQuery update: 0
[90mstdout[2m | src/stories/chat-components.stories.tsx[2m > [22m[2mMentionChip / Non-clickable
[22m[39m[FilesContext] File observeQuery update: 6 files
[90mstdout[2m | src/stories/chat-components.stories.tsx[2m > [22m[2mMentionChip / Non-clickable
[22m[39m[ChatContext] AssistantChat initialized with 1 chats
[90mstdout[2m | src/stories/chat-components.stories.tsx[2m > [22m[2mMentionChip / Non-clickable
[22m[39m[ChatContext] Setting initial chat: mock-assistant-chat-1
[90mstdout[2m | src/stories/chat-components.stories.tsx[2m > [22m[2mMentionChip / Non-clickable
[22m[39m[MOCK CourseVectorStore] Initialized with mock data
[90mstdout[2m | src/stories/chat-components.stories.tsx[2m > [22m[2mMentionChip / Non-clickable
[22m[39m[FilesContext] Vector store population triggered {
  "currentVectorStoreSize": 3,
  "documentsCount": 0,
  "filesCount": 6,
  "isInitialLoad": true,
}
[90mstdout[2m | src/stories/chat-components.stories.tsx[2m > [22m[2mMentionChip / Non-clickable
[22m[39m[FilesContext] Vector store population complete - 3 total embeddings
[90mstdout[2m | src/stories/chat-components.stories.tsx[2m > [22m[2mMentionChip / Non-clickable
[22m[39m[ChatContext] Chat exists and not archived, skipping creation
[90mstdout[2m | src/stories/chat-components.stories.tsx[2m > [22m[2mMentionChip / Non-clickable
[22m[39m[Mock Storage] downloadData called with: undefined
[90mstdout[2m | src/stories/chat-components.stories.tsx[2m > [22m[2mMessageComposer / Default
[22m[39m[ChatContext] Cleaning up subscriptions
[90mstdout[2m | src/stories/chat-components.stories.tsx[2m > [22m[2mMessageComposer / Default
[22m[39m[Mock Data] Unit.onUpdate() subscription removed. Remaining: 0
[90mstdout[2m | src/stories/chat-components.stories.tsx[2m > [22m[2mMessageComposer / Default
[22m[39m[MOCK CourseVectorStore] Initialized with mock data
[90mstdout[2m | src/stories/chat-components.stories.tsx[2m > [22m[2mMessageComposer / Default
[22m[39m[TranslationModeController] Setting mode to: off
[90mstdout[2m | src/stories/chat-components.stories.tsx[2m > [22m[2mMessageComposer / Default
[22m[39m[UnitContext] useEffect triggered {
  "authLoading": false,
  "hasUser": true,
  "id": "mock-unit-id",
  "userSub": "mock-user-sub",
}
[90mstdout[2m | src/stories/chat-components.stories.tsx[2m > [22m[2mMessageComposer / Default
[22m[39m[UnitContext] Fetching unit data for id: mock-unit-id
[90mstdout[2m | src/stories/chat-components.stories.tsx[2m > [22m[2mMessageComposer / Default
[22m[39m[FilesContext] Initializing vector store from IndexedDB
[90mstdout[2m | src/stories/chat-components.stories.tsx[2m > [22m[2mMessageComposer / Default
[22m[39m[FilesContext] fetchFiles called
[90mstdout[2m | src/stories/chat-components.stories.tsx[2m > [22m[2mMessageComposer / Default
[22m[39m[FilesContext] User authenticated: mock-user-sub
[90mstdout[2m | src/stories/chat-components.stories.tsx[2m > [22m[2mMessageComposer / Default
[22m[39m[FilesContext] Identity ID: us-east-1:mock-identity-123
[90mstdout[2m | src/stories/chat-components.stories.tsx[2m > [22m[2mMessageComposer / Default
[22m[39m[FilesContext] About to set up File observeQuery
[90mstdout[2m | src/stories/chat-components.stories.tsx[2m > [22m[2mMessageComposer / Default
[22m[39m[ChatContext] Setting up AssistantChat observeQuery
[90mstdout[2m | src/stories/chat-components.stories.tsx[2m > [22m[2mMessageComposer / Default
[22m[39m[ChatContext] Waiting for subscription to initialize
[90mstdout[2m | src/stories/chat-components.stories.tsx[2m > [22m[2mMessageComposer / Default
[22m[39m[SettingsContext] Setting up Settings subscription for user: mock-user-sub
[90mstdout[2m | src/stories/chat-components.stories.tsx[2m > [22m[2mMessageComposer / Default
[22m[39m[Mock Data] Settings created: mock-settings-1790418027663 - notified 0 subscribers
[90mstdout[2m | src/stories/chat-components.stories.tsx[2m > [22m[2mMessageComposer / Default
[22m[39m[Mock Data] Unit.onUpdate() subscription added. Total: 1
[90mstdout[2m | src/stories/chat-components.stories.tsx[2m > [22m[2mMessageComposer / Default
[22m[39m[SectionContext] Section observeQuery update: 0
[90mstdout[2m | src/stories/chat-components.stories.tsx[2m > [22m[2mMessageComposer / Default
[22m[39m[FilesContext] File observeQuery update: 6 files
[90mstdout[2m | src/stories/chat-components.stories.tsx[2m > [22m[2mMessageComposer / Default
[22m[39m[ChatContext] AssistantChat initialized with 1 chats
[90mstdout[2m | src/stories/chat-components.stories.tsx[2m > [22m[2mMessageComposer / Default
[22m[39m[ChatContext] Setting initial chat: mock-assistant-chat-1
[90mstdout[2m | src/stories/chat-components.stories.tsx[2m > [22m[2mMessageComposer / Default
[22m[39m[MOCK CourseVectorStore] Initialized with mock data
[90mstdout[2m | src/stories/chat-components.stories.tsx[2m > [22m[2mMessageComposer / Default
[22m[39m[FilesContext] Vector store population triggered {
  "currentVectorStoreSize": 3,
  "documentsCount": 0,
  "filesCount": 6,
  "isInitialLoad": true,
}
[90mstdout[2m | src/stories/chat-components.stories.tsx[2m > [22m[2mMessageComposer / Default
[22m[39m[FilesContext] Vector store population complete - 3 total embeddings
[90mstdout[2m | src/stories/chat-components.stories.tsx[2m > [22m[2mMessageComposer / Default
[22m[39m[ChatContext] Chat exists and not archived, skipping creation
[90mstdout[2m | src/stories/chat-components.stories.tsx[2m > [22m[2mMessageComposer / Default
[22m[39m[Mock Storage] downloadData called with: undefined
[90mstdout[2m | src/stories/chat-components.stories.tsx[2m > [22m[2mMessageComposer / With Reply
[22m[39m[ChatContext] Cleaning up subscriptions
[90mstdout[2m | src/stories/chat-components.stories.tsx[2m > [22m[2mMessageComposer / With Reply
[22m[39m[Mock Data] Unit.onUpdate() subscription removed. Remaining: 0
[90mstdout[2m | src/stories/chat-components.stories.tsx[2m > [22m[2mMessageComposer / With Reply
[22m[39m[MOCK CourseVectorStore] Initialized with mock data
[90mstdout[2m | src/stories/chat-components.stories.tsx[2m > [22m[2mMessageComposer / With Reply
[22m[39m[TranslationModeController] Setting mode to: off
[90mstdout[2m | src/stories/chat-components.stories.tsx[2m > [22m[2mMessageComposer / With Reply
[22m[39m[UnitContext] useEffect triggered {
  "authLoading": false,
  "hasUser": true,
  "id": "mock-unit-id",
  "userSub": "mock-user-sub",
}
[90mstdout[2m | src/stories/chat-components.stories.tsx[2m > [22m[2mMessageComposer / With Reply
[22m[39m[UnitContext] Fetching unit data for id: mock-unit-id
[90mstdout[2m | src/stories/chat-components.stories.tsx[2m > [22m[2mMessageComposer / With Reply
[22m[39m[FilesContext] Initializing vector store from IndexedDB
[90mstdout[2m | src/stories/chat-components.stories.tsx[2m > [22m[2mMessageComposer / With Reply
[22m[39m[FilesContext] fetchFiles called
[90mstdout[2m | src/stories/chat-components.stories.tsx[2m > [22m[2mMessageComposer / With Reply
[22m[39m[FilesContext] User authenticated: mock-user-sub
[90mstdout[2m | src/stories/chat-components.stories.tsx[2m > [22m[2mMessageComposer / With Reply
[22m[39m[FilesContext] Identity ID: us-east-1:mock-identity-123
[90mstdout[2m | src/stories/chat-components.stories.tsx[2m > [22m[2mMessageComposer / With Reply
[22m[39m[FilesContext] About to set up File observeQuery
[90mstdout[2m | src/stories/chat-components.stories.tsx[2m > [22m[2mMessageComposer / With Reply
[22m[39m[ChatContext] Setting up AssistantChat observeQuery
[90mstdout[2m | src/stories/chat-components.stories.tsx[2m > [22m[2mMessageComposer / With Reply
[22m[39m[ChatContext] Waiting for subscription to initialize
[90mstdout[2m | src/stories/chat-components.stories.tsx[2m > [22m[2mMessageComposer / With Reply
[22m[39m[SettingsContext] Setting up Settings subscription for user: mock-user-sub
[90mstdout[2m | src/stories/chat-components.stories.tsx[2m > [22m[2mMessageComposer / With Reply
[22m[39m[Mock Data] Settings created: mock-settings-1790418027954 - notified 0 subscribers
[90mstdout[2m | src/stories/chat-components.stories.tsx[2m > [22m[2mMessageComposer / With Reply
[22m[39m[Mock Data] Unit.onUpdate() subscription added. Total: 1
[90mstdout[2m | src/stories/chat-components.stories.tsx[2m > [22m[2mMessageComposer / With Reply
[22m[39m[SectionContext] Section observeQuery update: 0
[90mstdout[2m | src/stories/chat-components.stories.tsx[2m > [22m[2mMessageComposer / With Reply
[22m[39m[FilesContext] File observeQuery update: 6 files
[90mstdout[2m | src/stories/chat-components.stories.tsx[2m > [22m[2mMessageComposer / With Reply
[22m[39m[ChatContext] AssistantChat initialized with 1 chats
[90mstdout[2m | src/stories/chat-components.stories.tsx[2m > [22m[2mMessageComposer / With Reply
[22m[39m[ChatContext] Setting initial chat: mock-assistant-chat-1
[90mstdout[2m | src/stories/chat-components.stories.tsx[2m > [22m[2mMessageComposer / With Reply
[22m[39m[MOCK CourseVectorStore] Initialized with mock data
[90mstdout[2m | src/stories/chat-components.stories.tsx[2m > [22m[2mMessageComposer / With Reply
[22m[39m[FilesContext] Vector store population triggered {
  "currentVectorStoreSize": 3,
  "documentsCount": 0,
  "filesCount": 6,
  "isInitialLoad": true,
}
[90mstdout[2m | src/stories/chat-components.stories.tsx[2m > [22m[2mMessageComposer / With Reply
[22m[39m[FilesContext] Vector store population complete - 3 total embeddings
[90mstdout[2m | src/stories/chat-components.stories.tsx[2m > [22m[2mMessageComposer / With Reply
[22m[39m[ChatContext] Chat exists and not archived, skipping creation
[90mstdout[2m | src/stories/chat-components.stories.tsx[2m > [22m[2mMessageComposer / With Reply
[22m[39m[Mock Storage] downloadData called with: undefined
[90mstdout[2m | src/stories/chat-components.stories.tsx[2m > [22m[2mLexicalMessageRenderer / Markdown
[22m[39m[ChatContext] Cleaning up subscriptions
[90mstdout[2m | src/stories/chat-components.stories.tsx[2m > [22m[2mLexicalMessageRenderer / Markdown
[22m[39m[Mock Data] Unit.onUpdate() subscription removed. Remaining: 0
[90mstdout[2m | src/stories/chat-components.stories.tsx[2m > [22m[2mLexicalMessageRenderer / Markdown
[22m[39m[MOCK CourseVectorStore] Initialized with mock data
[90mstdout[2m | src/stories/chat-components.stories.tsx[2m > [22m[2mLexicalMessageRenderer / Markdown
[22m[39m[TranslationModeController] Setting mode to: off
[90mstdout[2m | src/stories/chat-components.stories.tsx[2m > [22m[2mLexicalMessageRenderer / Markdown
[22m[39m[UnitContext] useEffect triggered {
  "authLoading": false,
  "hasUser": true,
  "id": "mock-unit-id",
  "userSub": "mock-user-sub",
}
[90mstdout[2m | src/stories/chat-components.stories.tsx[2m > [22m[2mLexicalMessageRenderer / Markdown
[22m[39m[UnitContext] Fetching unit data for id: mock-unit-id
[90mstdout[2m | src/stories/chat-components.stories.tsx[2m > [22m[2mLexicalMessageRenderer / Markdown
[22m[39m[FilesContext] Initializing vector store from IndexedDB
[90mstdout[2m | src/stories/chat-components.stories.tsx[2m > [22m[2mLexicalMessageRenderer / Markdown
[22m[39m[FilesContext] fetchFiles called
[90mstdout[2m | src/stories/chat-components.stories.tsx[2m > [22m[2mLexicalMessageRenderer / Markdown
[22m[39m[FilesContext] User authenticated: mock-user-sub
[90mstdout[2m | src/stories/chat-components.stories.tsx[2m > [22m[2mLexicalMessageRenderer / Markdown
[22m[39m[FilesContext] Identity ID: us-east-1:mock-identity-123
[90mstdout[2m | src/stories/chat-components.stories.tsx[2m > [22m[2mLexicalMessageRenderer / Markdown
[22m[39m[FilesContext] About to set up File observeQuery
[90mstdout[2m | src/stories/chat-components.stories.tsx[2m > [22m[2mLexicalMessageRenderer / Markdown
[22m[39m[ChatContext] Setting up AssistantChat observeQuery
[90mstdout[2m | src/stories/chat-components.stories.tsx[2m > [22m[2mLexicalMessageRenderer / Markdown
[22m[39m[ChatContext] Waiting for subscription to initialize
[90mstdout[2m | src/stories/chat-components.stories.tsx[2m > [22m[2mLexicalMessageRenderer / Markdown
[22m[39m[SettingsContext] Setting up Settings subscription for user: mock-user-sub
[90mstdout[2m | src/stories/chat-components.stories.tsx[2m > [22m[2mLexicalMessageRenderer / Markdown
[22m[39m[Mock Data] Settings created: mock-settings-1790418028161 - notified 0 subscribers
[90mstdout[2m | src/stories/chat-components.stories.tsx[2m > [22m[2mLexicalMessageRenderer / Markdown
[22m[39m[Mock Data] Unit.onUpdate() subscription added. Total: 1
[90mstdout[2m | src/stories/chat-components.stories.tsx[2m > [22m[2mLexicalMessageRenderer / Markdown
[22m[39m[SectionContext] Section observeQuery update: 0
[90mstdout[2m | src/stories/chat-components.stories.tsx[2m > [22m[2mLexicalMessageRenderer / Markdown
[22m[39m[FilesContext] File observeQuery update: 6 files
[90mstdout[2m | src/stories/chat-components.stories.tsx[2m > [22m[2mLexicalMessageRenderer / Markdown
[22m[39m[ChatContext] AssistantChat initialized with 1 chats
[90mstdout[2m | src/stories/chat-components.stories.tsx[2m > [22m[2mLexicalMessageRenderer / Markdown
[22m[39m[ChatContext] Setting initial chat: mock-assistant-chat-1
[90mstdout[2m | src/stories/chat-components.stories.tsx[2m > [22m[2mLexicalMessageRenderer / Markdown
[22m[39m[MOCK CourseVectorStore] Initialized with mock data
[90mstdout[2m | src/stories/chat-components.stories.tsx[2m > [22m[2mLexicalMessageRenderer / Markdown
[22m[39m[FilesContext] Vector store population triggered {
  "currentVectorStoreSize": 3,
  "documentsCount": 0,
  "filesCount": 6,
  "isInitialLoad": true,
}
[90mstdout[2m | src/stories/chat-components.stories.tsx[2m > [22m[2mLexicalMessageRenderer / Markdown
[22m[39m[FilesContext] Vector store population complete - 3 total embeddings
[90mstdout[2m | src/stories/chat-components.stories.tsx[2m > [22m[2mLexicalMessageRenderer / Markdown
[22m[39m[ChatContext] Chat exists and not archived, skipping creation
[90mstdout[2m | src/stories/chat-components.stories.tsx[2m > [22m[2mLexicalMessageRenderer / Markdown
[22m[39m[Mock Storage] downloadData called with: undefined
[90mstdout[2m | src/stories/chat-components.stories.tsx[2m > [22m[2mLexicalMessageRenderer / Plain Text
[22m[39m[ChatContext] Cleaning up subscriptions
[90mstdout[2m | src/stories/chat-components.stories.tsx[2m > [22m[2mLexicalMessageRenderer / Plain Text
[22m[39m[Mock Data] Unit.onUpdate() subscription removed. Remaining: 0
[90mstdout[2m | src/stories/chat-components.stories.tsx[2m > [22m[2mLexicalMessageRenderer / Plain Text
[22m[39m[MOCK CourseVectorStore] Initialized with mock data
[90mstdout[2m | src/stories/chat-components.stories.tsx[2m > [22m[2mLexicalMessageRenderer / Plain Text
[22m[39m[TranslationModeController] Setting mode to: off
[90mstdout[2m | src/stories/chat-components.stories.tsx[2m > [22m[2mLexicalMessageRenderer / Plain Text
[22m[39m[UnitContext] useEffect triggered {
  "authLoading": false,
  "hasUser": true,
  "id": "mock-unit-id",
  "userSub": "mock-user-sub",
}
[90mstdout[2m | src/stories/chat-components.stories.tsx[2m > [22m[2mLexicalMessageRenderer / Plain Text
[22m[39m[UnitContext] Fetching unit data for id: mock-unit-id
[90mstdout[2m | src/stories/chat-components.stories.tsx[2m > [22m[2mLexicalMessageRenderer / Plain Text
[22m[39m[FilesContext] Initializing vector store from IndexedDB
[90mstdout[2m | src/stories/chat-components.stories.tsx[2m > [22m[2mLexicalMessageRenderer / Plain Text
[22m[39m[FilesContext] fetchFiles called
[90mstdout[2m | src/stories/chat-components.stories.tsx[2m > [22m[2mLexicalMessageRenderer / Plain Text
[22m[39m[FilesContext] User authenticated: mock-user-sub
[90mstdout[2m | src/stories/chat-components.stories.tsx[2m > [22m[2mLexicalMessageRenderer / Plain Text
[22m[39m[FilesContext] Identity ID: us-east-1:mock-identity-123
[90mstdout[2m | src/stories/chat-components.stories.tsx[2m > [22m[2mLexicalMessageRenderer / Plain Text
[22m[39m[FilesContext] About to set up File observeQuery
[90mstdout[2m | src/stories/chat-components.stories.tsx[2m > [22m[2mLexicalMessageRenderer / Plain Text
[22m[39m[ChatContext] Setting up AssistantChat observeQuery
[90mstdout[2m | src/stories/chat-components.stories.tsx[2m > [22m[2mLexicalMessageRenderer / Plain Text
[22m[39m[ChatContext] Waiting for subscription to initialize
[90mstdout[2m | src/stories/chat-components.stories.tsx[2m > [22m[2mLexicalMessageRenderer / Plain Text
[22m[39m[SettingsContext] Setting up Settings subscription for user: mock-user-sub
[90mstdout[2m | src/stories/chat-components.stories.tsx[2m > [22m[2mLexicalMessageRenderer / Plain Text
[22m[39m[Mock Data] Settings created: mock-settings-1790418028320 - notified 0 subscribers
[90mstdout[2m | src/stories/chat-components.stories.tsx[2m > [22m[2mLexicalMessageRenderer / Plain Text
[22m[39m[Mock Data] Unit.onUpdate() subscription added. Total: 1
[90mstdout[2m | src/stories/chat-components.stories.tsx[2m > [22m[2mLexicalMessageRenderer / Plain Text
[22m[39m[SectionContext] Section observeQuery update: 0
[90mstdout[2m | src/stories/chat-components.stories.tsx[2m > [22m[2mLexicalMessageRenderer / Plain Text
[22m[39m[FilesContext] File observeQuery update: 6 files
[90mstdout[2m | src/stories/chat-components.stories.tsx[2m > [22m[2mLexicalMessageRenderer / Plain Text
[22m[39m[ChatContext] AssistantChat initialized with 1 chats
[90mstdout[2m | src/stories/chat-components.stories.tsx[2m > [22m[2mLexicalMessageRenderer / Plain Text
[22m[39m[ChatContext] Setting initial chat: mock-assistant-chat-1
[90mstdout[2m | src/stories/chat-components.stories.tsx[2m > [22m[2mLexicalMessageRenderer / Plain Text
[22m[39m[MOCK CourseVectorStore] Initialized with mock data
[90mstdout[2m | src/stories/chat-components.stories.tsx[2m > [22m[2mLexicalMessageRenderer / Plain Text
[22m[39m[FilesContext] Vector store population triggered {
  "currentVectorStoreSize": 3,
  "documentsCount": 0,
  "filesCount": 6,
  "isInitialLoad": true,
}
[90mstdout[2m | src/stories/chat-components.stories.tsx[2m > [22m[2mLexicalMessageRenderer / Plain Text
[22m[39m[FilesContext] Vector store population complete - 3 total embeddings
[90mstdout[2m | src/stories/chat-components.stories.tsx[2m > [22m[2mLexicalMessageRenderer / Plain Text
[22m[39m[ChatContext] Chat exists and not archived, skipping creation
[90mstdout[2m | src/stories/chat-components.stories.tsx[2m > [22m[2mLexicalMessageRenderer / Plain Text
[22m[39m[Mock Storage] downloadData called with: undefined
[90mstdout[2m | src/stories/chat-components.stories.tsx[2m > [22m[2mNavigationPrompt / Editor Context
[22m[39m[ChatContext] Cleaning up subscriptions
[90mstdout[2m | src/stories/chat-components.stories.tsx[2m > [22m[2mNavigationPrompt / Editor Context
[22m[39m[Mock Data] Unit.onUpdate() subscription removed. Remaining: 0
[90mstdout[2m | src/stories/chat-components.stories.tsx[2m > [22m[2mNavigationPrompt / Editor Context
[22m[39m[MOCK CourseVectorStore] Initialized with mock data
[90mstdout[2m | src/stories/chat-components.stories.tsx[2m > [22m[2mNavigationPrompt / Editor Context
[22m[39m[TranslationModeController] Setting mode to: off
[90mstdout[2m | src/stories/chat-components.stories.tsx[2m > [22m[2mNavigationPrompt / Editor Context
[22m[39m[UnitContext] useEffect triggered {
  "authLoading": false,
  "hasUser": true,
  "id": "mock-unit-id",
  "userSub": "mock-user-sub",
}
[90mstdout[2m | src/stories/chat-components.stories.tsx[2m > [22m[2mNavigationPrompt / Editor Context
[22m[39m[UnitContext] Fetching unit data for id: mock-unit-id
[90mstdout[2m | src/stories/chat-components.stories.tsx[2m > [22m[2mNavigationPrompt / Editor Context
[22m[39m[FilesContext] Initializing vector store from IndexedDB
[90mstdout[2m | src/stories/chat-components.stories.tsx[2m > [22m[2mNavigationPrompt / Editor Context
[22m[39m[FilesContext] fetchFiles called
[90mstdout[2m | src/stories/chat-components.stories.tsx[2m > [22m[2mNavigationPrompt / Editor Context
[22m[39m[FilesContext] User authenticated: mock-user-sub
[90mstdout[2m | src/stories/chat-components.stories.tsx[2m > [22m[2mNavigationPrompt / Editor Context
[22m[39m[FilesContext] Identity ID: us-east-1:mock-identity-123
[90mstdout[2m | src/stories/chat-components.stories.tsx[2m > [22m[2mNavigationPrompt / Editor Context
[22m[39m[FilesContext] About to set up File observeQuery
[90mstdout[2m | src/stories/chat-components.stories.tsx[2m > [22m[2mNavigationPrompt / Editor Context
[22m[39m[ChatContext] Setting up AssistantChat observeQuery
[90mstdout[2m | src/stories/chat-components.stories.tsx[2m > [22m[2mNavigationPrompt / Editor Context
[22m[39m[ChatContext] Waiting for subscription to initialize
[90mstdout[2m | src/stories/chat-components.stories.tsx[2m > [22m[2mNavigationPrompt / Editor Context
[22m[39m[SettingsContext] Setting up Settings subscription for user: mock-user-sub
[90mstdout[2m | src/stories/chat-components.stories.tsx[2m > [22m[2mNavigationPrompt / Editor Context
[22m[39m[Mock Data] Settings created: mock-settings-1790418028462 - notified 0 subscribers
[90mstdout[2m | src/stories/chat-components.stories.tsx[2m > [22m[2mNavigationPrompt / Editor Context
[22m[39m[Mock Data] Unit.onUpdate() subscription added. Total: 1
[90mstdout[2m | src/stories/chat-components.stories.tsx[2m > [22m[2mNavigationPrompt / Editor Context
[22m[39m[SectionContext] Section observeQuery update: 0
[90mstdout[2m | src/stories/chat-components.stories.tsx[2m > [22m[2mNavigationPrompt / Editor Context
[22m[39m[FilesContext] File observeQuery update: 6 files
[90mstdout[2m | src/stories/chat-components.stories.tsx[2m > [22m[2mNavigationPrompt / Editor Context
[22m[39m[ChatContext] AssistantChat initialized with 1 chats
[90mstdout[2m | src/stories/chat-components.stories.tsx[2m > [22m[2mNavigationPrompt / Editor Context
[22m[39m[ChatContext] Setting initial chat: mock-assistant-chat-1
[90mstdout[2m | src/stories/chat-components.stories.tsx[2m > [22m[2mNavigationPrompt / Editor Context
[22m[39m[MOCK CourseVectorStore] Initialized with mock data
[90mstdout[2m | src/stories/chat-components.stories.tsx[2m > [22m[2mNavigationPrompt / Editor Context
[22m[39m[FilesContext] Vector store population triggered {
  "currentVectorStoreSize": 3,
  "documentsCount": 0,
  "filesCount": 6,
  "isInitialLoad": true,
}
[90mstdout[2m | src/stories/chat-components.stories.tsx[2m > [22m[2mNavigationPrompt / Editor Context
[22m[39m[FilesContext] Vector store population complete - 3 total embeddings
[90mstdout[2m | src/stories/chat-components.stories.tsx[2m > [22m[2mNavigationPrompt / Editor Context
[22m[39m[ChatContext] Chat exists and not archived, skipping creation
[90mstdout[2m | src/stories/chat-components.stories.tsx[2m > [22m[2mNavigationPrompt / Editor Context
[22m[39m[Mock Storage] downloadData called with: undefined
[90mstdout[2m | src/stories/chat-components.stories.tsx[2m > [22m[2mNavigationPrompt / Sections Context
[22m[39m[ChatContext] Cleaning up subscriptions
[90mstdout[2m | src/stories/chat-components.stories.tsx[2m > [22m[2mNavigationPrompt / Sections Context
[22m[39m[Mock Data] Unit.onUpdate() subscription removed. Remaining: 0
[90mstdout[2m | src/stories/chat-components.stories.tsx[2m > [22m[2mNavigationPrompt / Sections Context
[22m[39m[MOCK CourseVectorStore] Initialized with mock data
[90mstdout[2m | src/stories/chat-components.stories.tsx[2m > [22m[2mNavigationPrompt / Sections Context
[22m[39m[TranslationModeController] Setting mode to: off
[90mstdout[2m | src/stories/chat-components.stories.tsx[2m > [22m[2mNavigationPrompt / Sections Context
[22m[39m[UnitContext] useEffect triggered {
  "authLoading": false,
  "hasUser": true,
  "id": "mock-unit-id",
  "userSub": "mock-user-sub",
}
[90mstdout[2m | src/stories/chat-components.stories.tsx[2m > [22m[2mNavigationPrompt / Sections Context
[22m[39m[UnitContext] Fetching unit data for id: mock-unit-id
[90mstdout[2m | src/stories/chat-components.stories.tsx[2m > [22m[2mNavigationPrompt / Sections Context
[22m[39m[FilesContext] Initializing vector store from IndexedDB
[90mstdout[2m | src/stories/chat-components.stories.tsx[2m > [22m[2mNavigationPrompt / Sections Context
[22m[39m[FilesContext] fetchFiles called
[90mstdout[2m | src/stories/chat-components.stories.tsx[2m > [22m[2mNavigationPrompt / Sections Context
[22m[39m[FilesContext] User authenticated: mock-user-sub
[90mstdout[2m | src/stories/chat-components.stories.tsx[2m > [22m[2mNavigationPrompt / Sections Context
[22m[39m[FilesContext] Identity ID: us-east-1:mock-identity-123
[90mstdout[2m | src/stories/chat-components.stories.tsx[2m > [22m[2mNavigationPrompt / Sections Context
[22m[39m[FilesContext] About to set up File observeQuery
[90mstdout[2m | src/stories/chat-components.stories.tsx[2m > [22m[2mNavigationPrompt / Sections Context
[22m[39m[ChatContext] Setting up AssistantChat observeQuery
[90mstdout[2m | src/stories/chat-components.stories.tsx[2m > [22m[2mNavigationPrompt / Sections Context
[22m[39m[ChatContext] Waiting for subscription to initialize
[90mstdout[2m | src/stories/chat-components.stories.tsx[2m > [22m[2mNavigationPrompt / Sections Context
[22m[39m[SettingsContext] Setting up Settings subscription for user: mock-user-sub
[90mstdout[2m | src/stories/chat-components.stories.tsx[2m > [22m[2mNavigationPrompt / Sections Context
[22m[39m[Mock Data] Settings created: mock-settings-1790418028597 - notified 0 subscribers
[90mstdout[2m | src/stories/chat-components.stories.tsx[2m > [22m[2mNavigationPrompt / Sections Context
[22m[39m[Mock Data] Unit.onUpdate() subscription added. Total: 1
[90mstdout[2m | src/stories/chat-components.stories.tsx[2m > [22m[2mNavigationPrompt / Sections Context
[22m[39m[SectionContext] Section observeQuery update: 0
[90mstdout[2m | src/stories/chat-components.stories.tsx[2m > [22m[2mNavigationPrompt / Sections Context
[22m[39m[FilesContext] File observeQuery update: 6 files
[90mstdout[2m | src/stories/chat-components.stories.tsx[2m > [22m[2mNavigationPrompt / Sections Context
[22m[39m[ChatContext] AssistantChat initialized with 1 chats
[90mstdout[2m | src/stories/chat-components.stories.tsx[2m > [22m[2mNavigationPrompt / Sections Context
[22m[39m[ChatContext] Setting initial chat: mock-assistant-chat-1
[90mstdout[2m | src/stories/chat-components.stories.tsx[2m > [22m[2mNavigationPrompt / Sections Context
[22m[39m[MOCK CourseVectorStore] Initialized with mock data
[90mstdout[2m | src/stories/chat-components.stories.tsx[2m > [22m[2mNavigationPrompt / Sections Context
[22m[39m[FilesContext] Vector store population triggered {
  "currentVectorStoreSize": 3,
  "documentsCount": 0,
  "filesCount": 6,
  "isInitialLoad": true,
}
[90mstdout[2m | src/stories/chat-components.stories.tsx[2m > [22m[2mNavigationPrompt / Sections Context
[22m[39m[FilesContext] Vector store population complete - 3 total embeddings
[90mstdout[2m | src/stories/chat-components.stories.tsx[2m > [22m[2mNavigationPrompt / Sections Context
[22m[39m[ChatContext] Chat exists and not archived, skipping creation
[90mstdout[2m | src/stories/chat-components.stories.tsx[2m > [22m[2mNavigationPrompt / Sections Context
[22m[39m[Mock Storage] downloadData called with: undefined
[90mstdout[2m | src/stories/chat-components.stories.tsx[2m > [22m[2mRecordingScriptPreview / Word Preset
[22m[39m[ChatContext] Cleaning up subscriptions
[90mstdout[2m | src/stories/chat-components.stories.tsx[2m > [22m[2mRecordingScriptPreview / Word Preset
[22m[39m[Mock Data] Unit.onUpdate() subscription removed. Remaining: 0
[90mstdout[2m | src/stories/chat-components.stories.tsx[2m > [22m[2mRecordingScriptPreview / Word Preset
[22m[39m[MOCK CourseVectorStore] Initialized with mock data
[90mstdout[2m | src/stories/chat-components.stories.tsx[2m > [22m[2mRecordingScriptPreview / Word Preset
[22m[39m[TranslationModeController] Setting mode to: off
[90mstdout[2m | src/stories/chat-components.stories.tsx[2m > [22m[2mRecordingScriptPreview / Word Preset
[22m[39m[UnitContext] useEffect triggered {
  "authLoading": false,
  "hasUser": true,
  "id": "mock-unit-id",
  "userSub": "mock-user-sub",
}
[90mstdout[2m | src/stories/chat-components.stories.tsx[2m > [22m[2mRecordingScriptPreview / Word Preset
[22m[39m[UnitContext] Fetching unit data for id: mock-unit-id
[90mstdout[2m | src/stories/chat-components.stories.tsx[2m > [22m[2mRecordingScriptPreview / Word Preset
[22m[39m[FilesContext] Initializing vector store from IndexedDB
[90mstdout[2m | src/stories/chat-components.stories.tsx[2m > [22m[2mRecordingScriptPreview / Word Preset
[22m[39m[FilesContext] fetchFiles called
[90mstdout[2m | src/stories/chat-components.stories.tsx[2m > [22m[2mRecordingScriptPreview / Word Preset
[22m[39m[FilesContext] User authenticated: mock-user-sub
[90mstdout[2m | src/stories/chat-components.stories.tsx[2m > [22m[2mRecordingScriptPreview / Word Preset
[22m[39m[FilesContext] Identity ID: us-east-1:mock-identity-123
[90mstdout[2m | src/stories/chat-components.stories.tsx[2m > [22m[2mRecordingScriptPreview / Word Preset
[22m[39m[FilesContext] About to set up File observeQuery
[90mstdout[2m | src/stories/chat-components.stories.tsx[2m > [22m[2mRecordingScriptPreview / Word Preset
[22m[39m[ChatContext] Setting up AssistantChat observeQuery
[90mstdout[2m | src/stories/chat-components.stories.tsx[2m > [22m[2mRecordingScriptPreview / Word Preset
[22m[39m[ChatContext] Waiting for subscription to initialize
[90mstdout[2m | src/stories/chat-components.stories.tsx[2m > [22m[2mRecordingScriptPreview / Word Preset
[22m[39m[SettingsContext] Setting up Settings subscription for user: mock-user-sub
[90mstdout[2m | src/stories/chat-components.stories.tsx[2m > [22m[2mRecordingScriptPreview / Word Preset
[22m[39m[Mock Data] Settings created: mock-settings-1790418028760 - notified 0 subscribers
[90mstdout[2m | src/stories/chat-components.stories.tsx[2m > [22m[2mRecordingScriptPreview / Word Preset
[22m[39m[Mock Data] Unit.onUpdate() subscription added. Total: 1
[90mstdout[2m | src/stories/chat-components.stories.tsx[2m > [22m[2mRecordingScriptPreview / Word Preset
[22m[39m[SectionContext] Section observeQuery update: 0
[90mstdout[2m | src/stories/chat-components.stories.tsx[2m > [22m[2mRecordingScriptPreview / Word Preset
[22m[39m[FilesContext] File observeQuery update: 6 files
[90mstdout[2m | src/stories/chat-components.stories.tsx[2m > [22m[2mRecordingScriptPreview / Word Preset
[22m[39m[ChatContext] AssistantChat initialized with 1 chats
[90mstdout[2m | src/stories/chat-components.stories.tsx[2m > [22m[2mRecordingScriptPreview / Word Preset
[22m[39m[ChatContext] Setting initial chat: mock-assistant-chat-1
[90mstdout[2m | src/stories/chat-components.stories.tsx[2m > [22m[2mRecordingScriptPreview / Word Preset
[22m[39m[MOCK CourseVectorStore] Initialized with mock data
[90mstdout[2m | src/stories/chat-components.stories.tsx[2m > [22m[2mRecordingScriptPreview / Word Preset
[22m[39m[FilesContext] Vector store population triggered {
  "currentVectorStoreSize": 3,
  "documentsCount": 0,
  "filesCount": 6,
  "isInitialLoad": true,
}
[90mstdout[2m | src/stories/chat-components.stories.tsx[2m > [22m[2mRecordingScriptPreview / Word Preset
[22m[39m[FilesContext] Vector store population complete - 3 total embeddings
[90mstdout[2m | src/stories/chat-components.stories.tsx[2m > [22m[2mRecordingScriptPreview / Word Preset
[22m[39m[ChatContext] Chat exists and not archived, skipping creation
[90mstdout[2m | src/stories/chat-components.stories.tsx[2m > [22m[2mRecordingScriptPreview / Word Preset
[22m[39m[Mock Storage] downloadData called with: undefined
[90mstdout[2m | src/stories/chat-components.stories.tsx[2m > [22m[2mRecordingScriptPreview / Conversation Preset
[22m[39m[ChatContext] Cleaning up subscriptions
[90mstdout[2m | src/stories/chat-components.stories.tsx[2m > [22m[2mRecordingScriptPreview / Conversation Preset
[22m[39m[Mock Data] Unit.onUpdate() subscription removed. Remaining: 0
[90mstdout[2m | src/stories/chat-components.stories.tsx[2m > [22m[2mRecordingScriptPreview / Conversation Preset
[22m[39m[MOCK CourseVectorStore] Initialized with mock data
[90mstdout[2m | src/stories/chat-components.stories.tsx[2m > [22m[2mRecordingScriptPreview / Conversation Preset
[22m[39m[TranslationModeController] Setting mode to: off
[90mstdout[2m | src/stories/chat-components.stories.tsx[2m > [22m[2mRecordingScriptPreview / Conversation Preset
[22m[39m[UnitContext] useEffect triggered {
  "authLoading": false,
  "hasUser": true,
  "id": "mock-unit-id",
  "userSub": "mock-user-sub",
}
[90mstdout[2m | src/stories/chat-components.stories.tsx[2m > [22m[2mRecordingScriptPreview / Conversation Preset
[22m[39m[UnitContext] Fetching unit data for id: mock-unit-id
[90mstdout[2m | src/stories/chat-components.stories.tsx[2m > [22m[2mRecordingScriptPreview / Conversation Preset
[22m[39m[FilesContext] Initializing vector store from IndexedDB
[90mstdout[2m | src/stories/chat-components.stories.tsx[2m > [22m[2mRecordingScriptPreview / Conversation Preset
[22m[39m[FilesContext] fetchFiles called
[90mstdout[2m | src/stories/chat-components.stories.tsx[2m > [22m[2mRecordingScriptPreview / Conversation Preset
[22m[39m[FilesContext] User authenticated: mock-user-sub
[90mstdout[2m | src/stories/chat-components.stories.tsx[2m > [22m[2mRecordingScriptPreview / Conversation Preset
[22m[39m[FilesContext] Identity ID: us-east-1:mock-identity-123
[90mstdout[2m | src/stories/chat-components.stories.tsx[2m > [22m[2mRecordingScriptPreview / Conversation Preset
[22m[39m[FilesContext] About to set up File observeQuery
[90mstdout[2m | src/stories/chat-components.stories.tsx[2m > [22m[2mRecordingScriptPreview / Conversation Preset
[22m[39m[ChatContext] Setting up AssistantChat observeQuery
[90mstdout[2m | src/stories/chat-components.stories.tsx[2m > [22m[2mRecordingScriptPreview / Conversation Preset
[22m[39m[ChatContext] Waiting for subscription to initialize
[90mstdout[2m | src/stories/chat-components.stories.tsx[2m > [22m[2mRecordingScriptPreview / Conversation Preset
[22m[39m[SettingsContext] Setting up Settings subscription for user: mock-user-sub
[90mstdout[2m | src/stories/chat-components.stories.tsx[2m > [22m[2mRecordingScriptPreview / Conversation Preset
[22m[39m[Mock Data] Settings created: mock-settings-1790418028989 - notified 0 subscribers
[90mstdout[2m | src/stories/chat-components.stories.tsx[2m > [22m[2mRecordingScriptPreview / Conversation Preset
[22m[39m[Mock Data] Unit.onUpdate() subscription added. Total: 1
[90mstdout[2m | src/stories/chat-components.stories.tsx[2m > [22m[2mRecordingScriptPreview / Conversation Preset
[22m[39m[SectionContext] Section observeQuery update: 0
[90mstdout[2m | src/stories/chat-components.stories.tsx[2m > [22m[2mRecordingScriptPreview / Conversation Preset
[22m[39m[FilesContext] File observeQuery update: 6 files
[90mstdout[2m | src/stories/chat-components.stories.tsx[2m > [22m[2mRecordingScriptPreview / Conversation Preset
[22m[39m[ChatContext] AssistantChat initialized with 1 chats
[90mstdout[2m | src/stories/chat-components.stories.tsx[2m > [22m[2mRecordingScriptPreview / Conversation Preset
[22m[39m[ChatContext] Setting initial chat: mock-assistant-chat-1
[90mstdout[2m | src/stories/chat-components.stories.tsx[2m > [22m[2mRecordingScriptPreview / Conversation Preset
[22m[39m[MOCK CourseVectorStore] Initialized with mock data
[90mstdout[2m | src/stories/chat-components.stories.tsx[2m > [22m[2mRecordingScriptPreview / Conversation Preset
[22m[39m[FilesContext] Vector store population triggered {
  "currentVectorStoreSize": 3,
  "documentsCount": 0,
  "filesCount": 6,
  "isInitialLoad": true,
}
[90mstdout[2m | src/stories/chat-components.stories.tsx[2m > [22m[2mRecordingScriptPreview / Conversation Preset
[22m[39m[FilesContext] Vector store population complete - 3 total embeddings
[90mstdout[2m | src/stories/chat-components.stories.tsx[2m > [22m[2mRecordingScriptPreview / Conversation Preset
[22m[39m[ChatContext] Chat exists and not archived, skipping creation
[90mstdout[2m | src/stories/chat-components.stories.tsx[2m > [22m[2mRecordingScriptPreview / Conversation Preset
[22m[39m[Mock Storage] downloadData called with: undefined
 [32m✓[39m [30m[45m storybook (chromium) [49m[39m src/stories/chat-components.stories.tsx [2m([22m[2m11 tests[22m[2m)[22m[33m 2112[2mms[22m[39m
[90mstdout[2m | unknown test
[22m[39m[MOCK vectorStoreDB.js] Module loaded - mock IndexedDB operations
[90mstdout[2m | unknown test
[22m[39m[Task Completion] DOM action listeners initialized
[90mstdout[2m | unknown test
[22m[39m[Task Completion] Auto-completion detector initialized
[90mstdout[2m | unknown test
[22m[39m[Preview] Task completion detector initialized
[90mstdout[2m | src/components/Gamification/BadgeVisualPicker.stories.tsx[2m > [22m[2mDefault
[22m[39m[TranslationModeController] Setting mode to: off
[90mstdout[2m | src/components/Gamification/BadgeVisualPicker.stories.tsx[2m > [22m[2mFire Shield
[22m[39m[TranslationModeController] Setting mode to: off
[90mstdout[2m | src/components/Gamification/BadgeVisualPicker.stories.tsx[2m > [22m[2mCosmic Diamond
[22m[39m[TranslationModeController] Setting mode to: off
 [32m✓[39m [30m[45m storybook (chromium) [49m[39m src/components/Gamification/BadgeVisualPicker.stories.tsx [2m([22m[2m3 tests[22m[2m)[22m[33m 1354[2mms[22m[39m
   [33m[2m✓[22m[39m Default [33m 531[2mms[22m[39m
   [33m[2m✓[22m[39m Fire Shield [33m 439[2mms[22m[39m
   [33m[2m✓[22m[39m Cosmic Diamond [33m 377[2mms[22m[39m
[90mstdout[2m | unknown test
[22m[39m[MOCK vectorStoreDB.js] Module loaded - mock IndexedDB operations
[90mstdout[2m | unknown test
[22m[39m[Task Completion] DOM action listeners initialized
[90mstdout[2m | unknown test
[22m[39m[Task Completion] Auto-completion detector initialized
[90mstdout[2m | unknown test
[22m[39m[Preview] Task completion detector initialized
[90mstdout[2m | src/components/Gamification/DiceBearAvatar.stories.tsx[2m > [22m[2mDefault
[22m[39m[TranslationModeController] Setting mode to: off
[90mstdout[2m | src/components/Gamification/DiceBearAvatar.stories.tsx[2m > [22m[2mAll Styles
[22m[39m[TranslationModeController] Setting mode to: off
[90mstdout[2m | src/components/Gamification/DiceBearAvatar.stories.tsx[2m > [22m[2mLocked Vs Unlocked
[22m[39m[TranslationModeController] Setting mode to: off
[90mstdout[2m | src/components/Gamification/DiceBearAvatar.stories.tsx[2m > [22m[2mTier Progression
[22m[39m[TranslationModeController] Setting mode to: off
[90mstdout[2m | src/components/Gamification/DiceBearAvatar.stories.tsx[2m > [22m[2mDifferent Seeds
[22m[39m[TranslationModeController] Setting mode to: off
 [32m✓[39m [30m[45m storybook (chromium) [49m[39m src/components/Gamification/DiceBearAvatar.stories.tsx [2m([22m[2m5 tests[22m[2m)[22m[33m 478[2mms[22m[39m
[90mstdout[2m | unknown test
[22m[39m[MOCK vectorStoreDB.js] Module loaded - mock IndexedDB operations
[90mstdout[2m | unknown test
[22m[39m[Task Completion] DOM action listeners initialized
[90mstdout[2m | unknown test
[22m[39m[Task Completion] Auto-completion detector initialized
[90mstdout[2m | unknown test
[22m[39m[Preview] Task completion detector initialized
[90mstdout[2m | src/components/DebugPanel/DebugPanel.stories.tsx[2m > [22m[2mDefault
[22m[39m[MOCK CourseVectorStore] Initialized with mock data
[90mstdout[2m | src/components/DebugPanel/DebugPanel.stories.tsx[2m > [22m[2mDefault
[22m[39m[TranslationModeController] Setting mode to: off
[90mstdout[2m | src/components/DebugPanel/DebugPanel.stories.tsx[2m > [22m[2mDefault
[22m[39m[UnitContext] useEffect triggered {
  "authLoading": false,
  "hasUser": true,
  "id": "mock-unit-id",
  "userSub": "mock-user-sub",
}
[90mstdout[2m | src/components/DebugPanel/DebugPanel.stories.tsx[2m > [22m[2mDefault
[22m[39m[UnitContext] Fetching unit data for id: mock-unit-id
[90mstdout[2m | src/components/DebugPanel/DebugPanel.stories.tsx[2m > [22m[2mDefault
[22m[39m[FilesContext] Initializing vector store from IndexedDB
[90mstdout[2m | src/components/DebugPanel/DebugPanel.stories.tsx[2m > [22m[2mDefault
[22m[39m[FilesContext] fetchFiles called
[90mstdout[2m | src/components/DebugPanel/DebugPanel.stories.tsx[2m > [22m[2mDefault
[22m[39m[FilesContext] User authenticated: mock-user-sub
[90mstdout[2m | src/components/DebugPanel/DebugPanel.stories.tsx[2m > [22m[2mDefault
[22m[39m[FilesContext] Identity ID: us-east-1:mock-identity-123
[90mstdout[2m | src/components/DebugPanel/DebugPanel.stories.tsx[2m > [22m[2mDefault
[22m[39m[FilesContext] About to set up File observeQuery
[90mstdout[2m | src/components/DebugPanel/DebugPanel.stories.tsx[2m > [22m[2mDefault
[22m[39m[ChatContext] Setting up AssistantChat observeQuery
[90mstdout[2m | src/components/DebugPanel/DebugPanel.stories.tsx[2m > [22m[2mDefault
[22m[39m[ChatContext] Waiting for subscription to initialize
[90mstdout[2m | src/components/DebugPanel/DebugPanel.stories.tsx[2m > [22m[2mDefault
[22m[39m[SettingsContext] Setting up Settings subscription for user: mock-user-sub
[90mstdout[2m | src/components/DebugPanel/DebugPanel.stories.tsx[2m > [22m[2mDefault
[22m[39m[Mock Data] Settings created: mock-settings-1790418033368 - notified 0 subscribers
[90mstdout[2m | src/components/DebugPanel/DebugPanel.stories.tsx[2m > [22m[2mDefault
[22m[39m[Mock Data] Unit.onUpdate() subscription added. Total: 1
[90mstdout[2m | src/components/DebugPanel/DebugPanel.stories.tsx[2m > [22m[2mDefault
[22m[39m[SectionContext] Section observeQuery update: 0
[90mstdout[2m | src/components/DebugPanel/DebugPanel.stories.tsx[2m > [22m[2mDefault
[22m[39m[FilesContext] File observeQuery update: 6 files
[90mstdout[2m | src/components/DebugPanel/DebugPanel.stories.tsx[2m > [22m[2mDefault
[22m[39m[ChatContext] AssistantChat initialized with 1 chats
[90mstdout[2m | src/components/DebugPanel/DebugPanel.stories.tsx[2m > [22m[2mDefault
[22m[39m[ChatContext] Setting initial chat: mock-assistant-chat-1
[90mstdout[2m | src/components/DebugPanel/DebugPanel.stories.tsx[2m > [22m[2mDefault
[22m[39m[MOCK CourseVectorStore] Initialized with mock data
[90mstdout[2m | src/components/DebugPanel/DebugPanel.stories.tsx[2m > [22m[2mDefault
[22m[39m[FilesContext] Vector store population triggered {
  "currentVectorStoreSize": 3,
  "documentsCount": 0,
  "filesCount": 6,
  "isInitialLoad": true,
}
[90mstdout[2m | src/components/DebugPanel/DebugPanel.stories.tsx[2m > [22m[2mDefault
[22m[39m[FilesContext] Vector store population complete - 3 total embeddings
[90mstdout[2m | src/components/DebugPanel/DebugPanel.stories.tsx[2m > [22m[2mDefault
[22m[39m[ChatContext] Chat exists and not archived, skipping creation
[90mstdout[2m | src/components/DebugPanel/DebugPanel.stories.tsx[2m > [22m[2mDefault
[22m[39m[Mock Storage] downloadData called with: undefined
[90mstdout[2m | src/components/DebugPanel/DebugPanel.stories.tsx[2m > [22m[2mLogs Tab
[22m[39m[ChatContext] Cleaning up subscriptions
[90mstdout[2m | src/components/DebugPanel/DebugPanel.stories.tsx[2m > [22m[2mLogs Tab
[22m[39m[Mock Data] Unit.onUpdate() subscription removed. Remaining: 0
[90mstdout[2m | src/components/DebugPanel/DebugPanel.stories.tsx[2m > [22m[2mLogs Tab
[22m[39m[MOCK CourseVectorStore] Initialized with mock data
[90mstdout[2m | src/components/DebugPanel/DebugPanel.stories.tsx[2m > [22m[2mLogs Tab
[22m[39m[TranslationModeController] Setting mode to: off
[90mstdout[2m | src/components/DebugPanel/DebugPanel.stories.tsx[2m > [22m[2mLogs Tab
[22m[39m[UnitContext] useEffect triggered {
  "authLoading": false,
  "hasUser": true,
  "id": "mock-unit-id",
  "userSub": "mock-user-sub",
}
[90mstdout[2m | src/components/DebugPanel/DebugPanel.stories.tsx[2m > [22m[2mLogs Tab
[22m[39m[UnitContext] Fetching unit data for id: mock-unit-id
[90mstdout[2m | src/components/DebugPanel/DebugPanel.stories.tsx[2m > [22m[2mLogs Tab
[22m[39m[FilesContext] Initializing vector store from IndexedDB
[90mstdout[2m | src/components/DebugPanel/DebugPanel.stories.tsx[2m > [22m[2mLogs Tab
[22m[39m[FilesContext] fetchFiles called
[90mstdout[2m | src/components/DebugPanel/DebugPanel.stories.tsx[2m > [22m[2mLogs Tab
[22m[39m[FilesContext] User authenticated: mock-user-sub
[90mstdout[2m | src/components/DebugPanel/DebugPanel.stories.tsx[2m > [22m[2mLogs Tab
[22m[39m[FilesContext] Identity ID: us-east-1:mock-identity-123
[90mstdout[2m | src/components/DebugPanel/DebugPanel.stories.tsx[2m > [22m[2mLogs Tab
[22m[39m[FilesContext] About to set up File observeQuery
[90mstdout[2m | src/components/DebugPanel/DebugPanel.stories.tsx[2m > [22m[2mLogs Tab
[22m[39m[ChatContext] Setting up AssistantChat observeQuery
[90mstdout[2m | src/components/DebugPanel/DebugPanel.stories.tsx[2m > [22m[2mLogs Tab
[22m[39m[ChatContext] Waiting for subscription to initialize
[90mstdout[2m | src/components/DebugPanel/DebugPanel.stories.tsx[2m > [22m[2mLogs Tab
[22m[39m[SettingsContext] Setting up Settings subscription for user: mock-user-sub
[90mstdout[2m | src/components/DebugPanel/DebugPanel.stories.tsx[2m > [22m[2mLogs Tab
[22m[39m[Mock Data] Settings created: mock-settings-1790418033823 - notified 0 subscribers
[90mstdout[2m | src/components/DebugPanel/DebugPanel.stories.tsx[2m > [22m[2mLogs Tab
[22m[39m[Mock Data] Unit.onUpdate() subscription added. Total: 1
[90mstdout[2m | src/components/DebugPanel/DebugPanel.stories.tsx[2m > [22m[2mLogs Tab
[22m[39m[SectionContext] Section observeQuery update: 0
[90mstdout[2m | src/components/DebugPanel/DebugPanel.stories.tsx[2m > [22m[2mLogs Tab
[22m[39m[FilesContext] File observeQuery update: 6 files
[90mstdout[2m | src/components/DebugPanel/DebugPanel.stories.tsx[2m > [22m[2mLogs Tab
[22m[39m[ChatContext] AssistantChat initialized with 1 chats
[90mstdout[2m | src/components/DebugPanel/DebugPanel.stories.tsx[2m > [22m[2mLogs Tab
[22m[39m[ChatContext] Setting initial chat: mock-assistant-chat-1
[90mstdout[2m | src/components/DebugPanel/DebugPanel.stories.tsx[2m > [22m[2mLogs Tab
[22m[39m[MOCK CourseVectorStore] Initialized with mock data
[90mstdout[2m | src/components/DebugPanel/DebugPanel.stories.tsx[2m > [22m[2mLogs Tab
[22m[39m[FilesContext] Vector store population triggered {
  "currentVectorStoreSize": 3,
  "documentsCount": 0,
  "filesCount": 6,
  "isInitialLoad": true,
}
[90mstdout[2m | src/components/DebugPanel/DebugPanel.stories.tsx[2m > [22m[2mLogs Tab
[22m[39m[FilesContext] Vector store population complete - 3 total embeddings
[90mstdout[2m | src/components/DebugPanel/DebugPanel.stories.tsx[2m > [22m[2mLogs Tab
[22m[39m[ChatContext] Chat exists and not archived, skipping creation
[90mstdout[2m | src/components/DebugPanel/DebugPanel.stories.tsx[2m > [22m[2mLogs Tab
[22m[39m[Mock Storage] downloadData called with: undefined
[90mstdout[2m | src/components/DebugPanel/DebugPanel.stories.tsx[2m > [22m[2mState Tab
[22m[39m[ChatContext] Cleaning up subscriptions
[90mstdout[2m | src/components/DebugPanel/DebugPanel.stories.tsx[2m > [22m[2mState Tab
[22m[39m[Mock Data] Unit.onUpdate() subscription removed. Remaining: 0
[90mstdout[2m | src/components/DebugPanel/DebugPanel.stories.tsx[2m > [22m[2mState Tab
[22m[39m[MOCK CourseVectorStore] Initialized with mock data
[90mstdout[2m | src/components/DebugPanel/DebugPanel.stories.tsx[2m > [22m[2mState Tab
[22m[39m[TranslationModeController] Setting mode to: off
[90mstdout[2m | src/components/DebugPanel/DebugPanel.stories.tsx[2m > [22m[2mState Tab
[22m[39m[UnitContext] useEffect triggered {
  "authLoading": false,
  "hasUser": true,
  "id": "mock-unit-id",
  "userSub": "mock-user-sub",
}
[90mstdout[2m | src/components/DebugPanel/DebugPanel.stories.tsx[2m > [22m[2mState Tab
[22m[39m[UnitContext] Fetching unit data for id: mock-unit-id
[90mstdout[2m | src/components/DebugPanel/DebugPanel.stories.tsx[2m > [22m[2mState Tab
[22m[39m[FilesContext] Initializing vector store from IndexedDB
[90mstdout[2m | src/components/DebugPanel/DebugPanel.stories.tsx[2m > [22m[2mState Tab
[22m[39m[FilesContext] fetchFiles called
[90mstdout[2m | src/components/DebugPanel/DebugPanel.stories.tsx[2m > [22m[2mState Tab
[22m[39m[FilesContext] User authenticated: mock-user-sub
[90mstdout[2m | src/components/DebugPanel/DebugPanel.stories.tsx[2m > [22m[2mState Tab
[22m[39m[FilesContext] Identity ID: us-east-1:mock-identity-123
[90mstdout[2m | src/components/DebugPanel/DebugPanel.stories.tsx[2m > [22m[2mState Tab
[22m[39m[FilesContext] About to set up File observeQuery
[90mstdout[2m | src/components/DebugPanel/DebugPanel.stories.tsx[2m > [22m[2mState Tab
[22m[39m[ChatContext] Setting up AssistantChat observeQuery
[90mstdout[2m | src/components/DebugPanel/DebugPanel.stories.tsx[2m > [22m[2mState Tab
[22m[39m[ChatContext] Waiting for subscription to initialize
[90mstdout[2m | src/components/DebugPanel/DebugPanel.stories.tsx[2m > [22m[2mState Tab
[22m[39m[SettingsContext] Setting up Settings subscription for user: mock-user-sub
[90mstdout[2m | src/components/DebugPanel/DebugPanel.stories.tsx[2m > [22m[2mState Tab
[22m[39m[Mock Data] Settings created: mock-settings-1790418034038 - notified 0 subscribers
[90mstdout[2m | src/components/DebugPanel/DebugPanel.stories.tsx[2m > [22m[2mState Tab
[22m[39m[Mock Data] Unit.onUpdate() subscription added. Total: 1
[90mstdout[2m | src/components/DebugPanel/DebugPanel.stories.tsx[2m > [22m[2mState Tab
[22m[39m[SectionContext] Section observeQuery update: 0
[90mstdout[2m | src/components/DebugPanel/DebugPanel.stories.tsx[2m > [22m[2mState Tab
[22m[39m[FilesContext] File observeQuery update: 6 files
[90mstdout[2m | src/components/DebugPanel/DebugPanel.stories.tsx[2m > [22m[2mState Tab
[22m[39m[ChatContext] AssistantChat initialized with 1 chats
[90mstdout[2m | src/components/DebugPanel/DebugPanel.stories.tsx[2m > [22m[2mState Tab
[22m[39m[ChatContext] Setting initial chat: mock-assistant-chat-1
[90mstdout[2m | src/components/DebugPanel/DebugPanel.stories.tsx[2m > [22m[2mState Tab
[22m[39m[MOCK CourseVectorStore] Initialized with mock data
[90mstdout[2m | src/components/DebugPanel/DebugPanel.stories.tsx[2m > [22m[2mState Tab
[22m[39m[FilesContext] Vector store population triggered {
  "currentVectorStoreSize": 3,
  "documentsCount": 0,
  "filesCount": 6,
  "isInitialLoad": true,
}
[90mstdout[2m | src/components/DebugPanel/DebugPanel.stories.tsx[2m > [22m[2mState Tab
[22m[39m[FilesContext] Vector store population complete - 3 total embeddings
[90mstdout[2m | src/components/DebugPanel/DebugPanel.stories.tsx[2m > [22m[2mState Tab
[22m[39m[ChatContext] Chat exists and not archived, skipping creation
[90mstdout[2m | src/components/DebugPanel/DebugPanel.stories.tsx[2m > [22m[2mState Tab
[22m[39m[Mock Storage] downloadData called with: undefined
[90mstdout[2m | src/components/DebugPanel/DebugPanel.stories.tsx[2m > [22m[2mBottom Position
[22m[39m[ChatContext] Cleaning up subscriptions
[90mstdout[2m | src/components/DebugPanel/DebugPanel.stories.tsx[2m > [22m[2mBottom Position
[22m[39m[Mock Data] Unit.onUpdate() subscription removed. Remaining: 0
[90mstdout[2m | src/components/DebugPanel/DebugPanel.stories.tsx[2m > [22m[2mBottom Position
[22m[39m[MOCK CourseVectorStore] Initialized with mock data
[90mstdout[2m | src/components/DebugPanel/DebugPanel.stories.tsx[2m > [22m[2mBottom Position
[22m[39m[TranslationModeController] Setting mode to: off
[90mstdout[2m | src/components/DebugPanel/DebugPanel.stories.tsx[2m > [22m[2mBottom Position
[22m[39m[UnitContext] useEffect triggered {
  "authLoading": false,
  "hasUser": true,
  "id": "mock-unit-id",
  "userSub": "mock-user-sub",
}
[90mstdout[2m | src/components/DebugPanel/DebugPanel.stories.tsx[2m > [22m[2mBottom Position
[22m[39m[UnitContext] Fetching unit data for id: mock-unit-id
[90mstdout[2m | src/components/DebugPanel/DebugPanel.stories.tsx[2m > [22m[2mBottom Position
[22m[39m[FilesContext] Initializing vector store from IndexedDB
[90mstdout[2m | src/components/DebugPanel/DebugPanel.stories.tsx[2m > [22m[2mBottom Position
[22m[39m[FilesContext] fetchFiles called
[90mstdout[2m | src/components/DebugPanel/DebugPanel.stories.tsx[2m > [22m[2mBottom Position
[22m[39m[FilesContext] User authenticated: mock-user-sub
[90mstdout[2m | src/components/DebugPanel/DebugPanel.stories.tsx[2m > [22m[2mBottom Position
[22m[39m[FilesContext] Identity ID: us-east-1:mock-identity-123
[90mstdout[2m | src/components/DebugPanel/DebugPanel.stories.tsx[2m > [22m[2mBottom Position
[22m[39m[FilesContext] About to set up File observeQuery
[90mstdout[2m | src/components/DebugPanel/DebugPanel.stories.tsx[2m > [22m[2mBottom Position
[22m[39m[ChatContext] Setting up AssistantChat observeQuery
[90mstdout[2m | src/components/DebugPanel/DebugPanel.stories.tsx[2m > [22m[2mBottom Position
[22m[39m[ChatContext] Waiting for subscription to initialize
[90mstdout[2m | src/components/DebugPanel/DebugPanel.stories.tsx[2m > [22m[2mBottom Position
[22m[39m[SettingsContext] Setting up Settings subscription for user: mock-user-sub
[90mstdout[2m | src/components/DebugPanel/DebugPanel.stories.tsx[2m > [22m[2mBottom Position
[22m[39m[Mock Data] Settings created: mock-settings-1790418034237 - notified 0 subscribers
[90mstdout[2m | src/components/DebugPanel/DebugPanel.stories.tsx[2m > [22m[2mBottom Position
[22m[39m[Mock Data] Unit.onUpdate() subscription added. Total: 1
[90mstdout[2m | src/components/DebugPanel/DebugPanel.stories.tsx[2m > [22m[2mBottom Position
[22m[39m[SectionContext] Section observeQuery update: 0
[90mstdout[2m | src/components/DebugPanel/DebugPanel.stories.tsx[2m > [22m[2mBottom Position
[22m[39m[FilesContext] File observeQuery update: 6 files
[90mstdout[2m | src/components/DebugPanel/DebugPanel.stories.tsx[2m > [22m[2mBottom Position
[22m[39m[ChatContext] AssistantChat initialized with 1 chats
[90mstdout[2m | src/components/DebugPanel/DebugPanel.stories.tsx[2m > [22m[2mBottom Position
[22m[39m[ChatContext] Setting initial chat: mock-assistant-chat-1
[90mstdout[2m | src/components/DebugPanel/DebugPanel.stories.tsx[2m > [22m[2mBottom Position
[22m[39m[MOCK CourseVectorStore] Initialized with mock data
[90mstdout[2m | src/components/DebugPanel/DebugPanel.stories.tsx[2m > [22m[2mBottom Position
[22m[39m[FilesContext] Vector store population triggered {
  "currentVectorStoreSize": 3,
  "documentsCount": 0,
  "filesCount": 6,
  "isInitialLoad": true,
}
[90mstdout[2m | src/components/DebugPanel/DebugPanel.stories.tsx[2m > [22m[2mBottom Position
[22m[39m[FilesContext] Vector store population complete - 3 total embeddings
[90mstdout[2m | src/components/DebugPanel/DebugPanel.stories.tsx[2m > [22m[2mBottom Position
[22m[39m[ChatContext] Chat exists and not archived, skipping creation
[90mstdout[2m | src/components/DebugPanel/DebugPanel.stories.tsx[2m > [22m[2mBottom Position
[22m[39m[Mock Storage] downloadData called with: undefined
[90mstdout[2m | src/components/DebugPanel/DebugPanel.stories.tsx[2m > [22m[2mInteractive
[22m[39m[ChatContext] Cleaning up subscriptions
[90mstdout[2m | src/components/DebugPanel/DebugPanel.stories.tsx[2m > [22m[2mInteractive
[22m[39m[Mock Data] Unit.onUpdate() subscription removed. Remaining: 0
[90mstdout[2m | src/components/DebugPanel/DebugPanel.stories.tsx[2m > [22m[2mInteractive
[22m[39m[MOCK CourseVectorStore] Initialized with mock data
[90mstdout[2m | src/components/DebugPanel/DebugPanel.stories.tsx[2m > [22m[2mInteractive
[22m[39m[TranslationModeController] Setting mode to: off
[90mstdout[2m | src/components/DebugPanel/DebugPanel.stories.tsx[2m > [22m[2mInteractive
[22m[39m[UnitContext] useEffect triggered {
  "authLoading": false,
  "hasUser": true,
  "id": "mock-unit-id",
  "userSub": "mock-user-sub",
}
[90mstdout[2m | src/components/DebugPanel/DebugPanel.stories.tsx[2m > [22m[2mInteractive
[22m[39m[UnitContext] Fetching unit data for id: mock-unit-id
[90mstdout[2m | src/components/DebugPanel/DebugPanel.stories.tsx[2m > [22m[2mInteractive
[22m[39m[FilesContext] Initializing vector store from IndexedDB
[90mstdout[2m | src/components/DebugPanel/DebugPanel.stories.tsx[2m > [22m[2mInteractive
[22m[39m[FilesContext] fetchFiles called
[90mstdout[2m | src/components/DebugPanel/DebugPanel.stories.tsx[2m > [22m[2mInteractive
[22m[39m[FilesContext] User authenticated: mock-user-sub
[90mstdout[2m | src/components/DebugPanel/DebugPanel.stories.tsx[2m > [22m[2mInteractive
[22m[39m[FilesContext] Identity ID: us-east-1:mock-identity-123
[90mstdout[2m | src/components/DebugPanel/DebugPanel.stories.tsx[2m > [22m[2mInteractive
[22m[39m[FilesContext] About to set up File observeQuery
[90mstdout[2m | src/components/DebugPanel/DebugPanel.stories.tsx[2m > [22m[2mInteractive
[22m[39m[ChatContext] Setting up AssistantChat observeQuery
[90mstdout[2m | src/components/DebugPanel/DebugPanel.stories.tsx[2m > [22m[2mInteractive
[22m[39m[ChatContext] Waiting for subscription to initialize
[90mstdout[2m | src/components/DebugPanel/DebugPanel.stories.tsx[2m > [22m[2mInteractive
[22m[39m[SettingsContext] Setting up Settings subscription for user: mock-user-sub
[90mstdout[2m | src/components/DebugPanel/DebugPanel.stories.tsx[2m > [22m[2mInteractive
[22m[39m[Mock Data] Settings created: mock-settings-1790418034388 - notified 0 subscribers
[90mstdout[2m | src/components/DebugPanel/DebugPanel.stories.tsx[2m > [22m[2mInteractive
[22m[39m[Mock Data] Unit.onUpdate() subscription added. Total: 1
[90mstdout[2m | src/components/DebugPanel/DebugPanel.stories.tsx[2m > [22m[2mInteractive
[22m[39m[SectionContext] Section observeQuery update: 0
[90mstdout[2m | src/components/DebugPanel/DebugPanel.stories.tsx[2m > [22m[2mInteractive
[22m[39m[FilesContext] File observeQuery update: 6 files
[90mstdout[2m | src/components/DebugPanel/DebugPanel.stories.tsx[2m > [22m[2mInteractive
[22m[39m[ChatContext] AssistantChat initialized with 1 chats
[90mstdout[2m | src/components/DebugPanel/DebugPanel.stories.tsx[2m > [22m[2mInteractive
[22m[39m[ChatContext] Setting initial chat: mock-assistant-chat-1
[90mstdout[2m | src/components/DebugPanel/DebugPanel.stories.tsx[2m > [22m[2mInteractive
[22m[39m[MOCK CourseVectorStore] Initialized with mock data
[90mstdout[2m | src/components/DebugPanel/DebugPanel.stories.tsx[2m > [22m[2mInteractive
[22m[39m[FilesContext] Vector store population triggered {
  "currentVectorStoreSize": 3,
  "documentsCount": 0,
  "filesCount": 6,
  "isInitialLoad": true,
}
[90mstdout[2m | src/components/DebugPanel/DebugPanel.stories.tsx[2m > [22m[2mInteractive
[22m[39m[FilesContext] Vector store population complete - 3 total embeddings
[90mstdout[2m | src/components/DebugPanel/DebugPanel.stories.tsx[2m > [22m[2mInteractive
[22m[39m[ChatContext] Chat exists and not archived, skipping creation
[90mstdout[2m | src/components/DebugPanel/DebugPanel.stories.tsx[2m > [22m[2mInteractive
[22m[39m[Mock Storage] downloadData called with: undefined
[90mstdout[2m | src/components/DebugPanel/DebugPanel.stories.tsx[2m > [22m[2mLeft Position
[22m[39m[ChatContext] Cleaning up subscriptions
[90mstdout[2m | src/components/DebugPanel/DebugPanel.stories.tsx[2m > [22m[2mLeft Position
[22m[39m[Mock Data] Unit.onUpdate() subscription removed. Remaining: 0
[90mstdout[2m | src/components/DebugPanel/DebugPanel.stories.tsx[2m > [22m[2mLeft Position
[22m[39m[MOCK CourseVectorStore] Initialized with mock data
[90mstdout[2m | src/components/DebugPanel/DebugPanel.stories.tsx[2m > [22m[2mLeft Position
[22m[39m[TranslationModeController] Setting mode to: off
[90mstdout[2m | src/components/DebugPanel/DebugPanel.stories.tsx[2m > [22m[2mLeft Position
[22m[39m[UnitContext] useEffect triggered {
  "authLoading": false,
  "hasUser": true,
  "id": "mock-unit-id",
  "userSub": "mock-user-sub",
}
[90mstdout[2m | src/components/DebugPanel/DebugPanel.stories.tsx[2m > [22m[2mLeft Position
[22m[39m[UnitContext] Fetching unit data for id: mock-unit-id
[90mstdout[2m | src/components/DebugPanel/DebugPanel.stories.tsx[2m > [22m[2mLeft Position
[22m[39m[FilesContext] Initializing vector store from IndexedDB
[90mstdout[2m | src/components/DebugPanel/DebugPanel.stories.tsx[2m > [22m[2mLeft Position
[22m[39m[FilesContext] fetchFiles called
[90mstdout[2m | src/components/DebugPanel/DebugPanel.stories.tsx[2m > [22m[2mLeft Position
[22m[39m[FilesContext] User authenticated: mock-user-sub
[90mstdout[2m | src/components/DebugPanel/DebugPanel.stories.tsx[2m > [22m[2mLeft Position
[22m[39m[FilesContext] Identity ID: us-east-1:mock-identity-123
[90mstdout[2m | src/components/DebugPanel/DebugPanel.stories.tsx[2m > [22m[2mLeft Position
[22m[39m[FilesContext] About to set up File observeQuery
[90mstdout[2m | src/components/DebugPanel/DebugPanel.stories.tsx[2m > [22m[2mLeft Position
[22m[39m[ChatContext] Setting up AssistantChat observeQuery
[90mstdout[2m | src/components/DebugPanel/DebugPanel.stories.tsx[2m > [22m[2mLeft Position
[22m[39m[ChatContext] Waiting for subscription to initialize
[90mstdout[2m | src/components/DebugPanel/DebugPanel.stories.tsx[2m > [22m[2mLeft Position
[22m[39m[SettingsContext] Setting up Settings subscription for user: mock-user-sub
[90mstdout[2m | src/components/DebugPanel/DebugPanel.stories.tsx[2m > [22m[2mLeft Position
[22m[39m[Mock Data] Settings created: mock-settings-1790418034614 - notified 0 subscribers
[90mstdout[2m | src/components/DebugPanel/DebugPanel.stories.tsx[2m > [22m[2mLeft Position
[22m[39m[Mock Data] Unit.onUpdate() subscription added. Total: 1
[90mstdout[2m | src/components/DebugPanel/DebugPanel.stories.tsx[2m > [22m[2mLeft Position
[22m[39m[SectionContext] Section observeQuery update: 0
[90mstdout[2m | src/components/DebugPanel/DebugPanel.stories.tsx[2m > [22m[2mLeft Position
[22m[39m[FilesContext] File observeQuery update: 6 files
[90mstdout[2m | src/components/DebugPanel/DebugPanel.stories.tsx[2m > [22m[2mLeft Position
[22m[39m[ChatContext] AssistantChat initialized with 1 chats
[90mstdout[2m | src/components/DebugPanel/DebugPanel.stories.tsx[2m > [22m[2mLeft Position
[22m[39m[ChatContext] Setting initial chat: mock-assistant-chat-1
[90mstdout[2m | src/components/DebugPanel/DebugPanel.stories.tsx[2m > [22m[2mLeft Position
[22m[39m[MOCK CourseVectorStore] Initialized with mock data
[90mstdout[2m | src/components/DebugPanel/DebugPanel.stories.tsx[2m > [22m[2mLeft Position
[22m[39m[FilesContext] Vector store population triggered {
  "currentVectorStoreSize": 3,
  "documentsCount": 0,
  "filesCount": 6,
  "isInitialLoad": true,
}
[90mstdout[2m | src/components/DebugPanel/DebugPanel.stories.tsx[2m > [22m[2mLeft Position
[22m[39m[FilesContext] Vector store population complete - 3 total embeddings
[90mstdout[2m | src/components/DebugPanel/DebugPanel.stories.tsx[2m > [22m[2mLeft Position
[22m[39m[ChatContext] Chat exists and not archived, skipping creation
[90mstdout[2m | src/components/DebugPanel/DebugPanel.stories.tsx[2m > [22m[2mLeft Position
[22m[39m[Mock Storage] downloadData called with: undefined
 [32m✓[39m [30m[45m storybook (chromium) [49m[39m src/components/DebugPanel/DebugPanel.stories.tsx [2m([22m[2m6 tests[22m[2m)[22m[33m 1465[2mms[22m[39m
   [33m[2m✓[22m[39m Default [33m 402[2mms[22m[39m
[90mstdout[2m | unknown test
[22m[39m[MOCK vectorStoreDB.js] Module loaded - mock IndexedDB operations
[90mstdout[2m | unknown test
[22m[39m[Task Completion] DOM action listeners initialized
[90mstdout[2m | unknown test
[22m[39m[Task Completion] Auto-completion detector initialized
[90mstdout[2m | unknown test
[22m[39m[Preview] Task completion detector initialized
[90mstdout[2m | src/components/Gamification/BossBattleCard.stories.tsx[2m > [22m[2mActive
[22m[39m[MOCK CourseVectorStore] Initialized with mock data
[90mstdout[2m | src/components/Gamification/BossBattleCard.stories.tsx[2m > [22m[2mActive
[22m[39m[TranslationModeController] Setting mode to: off
[90mstdout[2m | src/components/Gamification/BossBattleCard.stories.tsx[2m > [22m[2mActive
[22m[39m[UnitContext] useEffect triggered {
  "authLoading": false,
  "hasUser": true,
  "id": "mock-unit-id",
  "userSub": "mock-user-sub",
}
[90mstdout[2m | src/components/Gamification/BossBattleCard.stories.tsx[2m > [22m[2mActive
[22m[39m[UnitContext] Fetching unit data for id: mock-unit-id
[90mstdout[2m | src/components/Gamification/BossBattleCard.stories.tsx[2m > [22m[2mActive
[22m[39m[FilesContext] Initializing vector store from IndexedDB
[90mstdout[2m | src/components/Gamification/BossBattleCard.stories.tsx[2m > [22m[2mActive
[22m[39m[FilesContext] fetchFiles called
[90mstdout[2m | src/components/Gamification/BossBattleCard.stories.tsx[2m > [22m[2mActive
[22m[39m[FilesContext] User authenticated: mock-user-sub
[90mstdout[2m | src/components/Gamification/BossBattleCard.stories.tsx[2m > [22m[2mActive
[22m[39m[FilesContext] Identity ID: us-east-1:mock-identity-123
[90mstdout[2m | src/components/Gamification/BossBattleCard.stories.tsx[2m > [22m[2mActive
[22m[39m[FilesContext] About to set up File observeQuery
[90mstdout[2m | src/components/Gamification/BossBattleCard.stories.tsx[2m > [22m[2mActive
[22m[39m[ChatContext] Setting up AssistantChat observeQuery
[90mstdout[2m | src/components/Gamification/BossBattleCard.stories.tsx[2m > [22m[2mActive
[22m[39m[ChatContext] Waiting for subscription to initialize
[90mstdout[2m | src/components/Gamification/BossBattleCard.stories.tsx[2m > [22m[2mActive
[22m[39m[SettingsContext] Setting up Settings subscription for user: mock-user-sub
[90mstdout[2m | src/components/Gamification/BossBattleCard.stories.tsx[2m > [22m[2mActive
[22m[39m[Mock Data] Settings created: mock-settings-1790418035948 - notified 0 subscribers
[90mstdout[2m | src/components/Gamification/BossBattleCard.stories.tsx[2m > [22m[2mActive
[22m[39m[Mock Data] Unit.onUpdate() subscription added. Total: 1
[90mstdout[2m | src/components/Gamification/BossBattleCard.stories.tsx[2m > [22m[2mActive
[22m[39m[SectionContext] Section observeQuery update: 0
[90mstdout[2m | src/components/Gamification/BossBattleCard.stories.tsx[2m > [22m[2mActive
[22m[39m[FilesContext] File observeQuery update: 6 files
[90mstdout[2m | src/components/Gamification/BossBattleCard.stories.tsx[2m > [22m[2mActive
[22m[39m[ChatContext] AssistantChat initialized with 1 chats
[90mstdout[2m | src/components/Gamification/BossBattleCard.stories.tsx[2m > [22m[2mActive
[22m[39m[ChatContext] Setting initial chat: mock-assistant-chat-1
[90mstdout[2m | src/components/Gamification/BossBattleCard.stories.tsx[2m > [22m[2mActive
[22m[39m[MOCK CourseVectorStore] Initialized with mock data
[90mstdout[2m | src/components/Gamification/BossBattleCard.stories.tsx[2m > [22m[2mActive
[22m[39m[FilesContext] Vector store population triggered {
  "currentVectorStoreSize": 3,
  "documentsCount": 0,
  "filesCount": 6,
  "isInitialLoad": true,
}
[90mstdout[2m | src/components/Gamification/BossBattleCard.stories.tsx[2m > [22m[2mActive
[22m[39m[FilesContext] Vector store population complete - 3 total embeddings
[90mstdout[2m | src/components/Gamification/BossBattleCard.stories.tsx[2m > [22m[2mActive
[22m[39m[ChatContext] Chat exists and not archived, skipping creation
[90mstdout[2m | src/components/Gamification/BossBattleCard.stories.tsx[2m > [22m[2mActive
[22m[39m[Mock Storage] downloadData called with: undefined
[90mstdout[2m | src/components/Gamification/BossBattleCard.stories.tsx[2m > [22m[2mActive
[22m[39mfilterWords {
  "filter": "",
  "wordsCount": 0,
}
[90mstdout[2m | src/components/Gamification/BossBattleCard.stories.tsx[2m > [22m[2mDefeated
[22m[39m[ChatContext] Cleaning up subscriptions
[90mstdout[2m | src/components/Gamification/BossBattleCard.stories.tsx[2m > [22m[2mDefeated
[22m[39m[Mock Data] Unit.onUpdate() subscription removed. Remaining: 0
[90mstdout[2m | src/components/Gamification/BossBattleCard.stories.tsx[2m > [22m[2mDefeated
[22m[39m[MOCK CourseVectorStore] Initialized with mock data
[90mstdout[2m | src/components/Gamification/BossBattleCard.stories.tsx[2m > [22m[2mDefeated
[22m[39m[TranslationModeController] Setting mode to: off
[90mstdout[2m | src/components/Gamification/BossBattleCard.stories.tsx[2m > [22m[2mDefeated
[22m[39m[UnitContext] useEffect triggered {
  "authLoading": false,
  "hasUser": true,
  "id": "mock-unit-id",
  "userSub": "mock-user-sub",
}
[90mstdout[2m | src/components/Gamification/BossBattleCard.stories.tsx[2m > [22m[2mDefeated
[22m[39m[UnitContext] Fetching unit data for id: mock-unit-id
[90mstdout[2m | src/components/Gamification/BossBattleCard.stories.tsx[2m > [22m[2mDefeated
[22m[39m[FilesContext] Initializing vector store from IndexedDB
[90mstdout[2m | src/components/Gamification/BossBattleCard.stories.tsx[2m > [22m[2mDefeated
[22m[39m[FilesContext] fetchFiles called
[90mstdout[2m | src/components/Gamification/BossBattleCard.stories.tsx[2m > [22m[2mDefeated
[22m[39m[FilesContext] User authenticated: mock-user-sub
[90mstdout[2m | src/components/Gamification/BossBattleCard.stories.tsx[2m > [22m[2mDefeated
[22m[39m[FilesContext] Identity ID: us-east-1:mock-identity-123
[90mstdout[2m | src/components/Gamification/BossBattleCard.stories.tsx[2m > [22m[2mDefeated
[22m[39m[FilesContext] About to set up File observeQuery
[90mstdout[2m | src/components/Gamification/BossBattleCard.stories.tsx[2m > [22m[2mDefeated
[22m[39m[ChatContext] Setting up AssistantChat observeQuery
[90mstdout[2m | src/components/Gamification/BossBattleCard.stories.tsx[2m > [22m[2mDefeated
[22m[39m[ChatContext] Waiting for subscription to initialize
[90mstdout[2m | src/components/Gamification/BossBattleCard.stories.tsx[2m > [22m[2mDefeated
[22m[39m[SettingsContext] Setting up Settings subscription for user: mock-user-sub
[90mstdout[2m | src/components/Gamification/BossBattleCard.stories.tsx[2m > [22m[2mDefeated
[22m[39m[Mock Data] Settings created: mock-settings-1790418036304 - notified 0 subscribers
[90mstdout[2m | src/components/Gamification/BossBattleCard.stories.tsx[2m > [22m[2mDefeated
[22m[39m[Mock Data] Unit.onUpdate() subscription added. Total: 1
[90mstdout[2m | src/components/Gamification/BossBattleCard.stories.tsx[2m > [22m[2mDefeated
[22m[39m[SectionContext] Section observeQuery update: 0
[90mstdout[2m | src/components/Gamification/BossBattleCard.stories.tsx[2m > [22m[2mDefeated
[22m[39m[FilesContext] File observeQuery update: 6 files
[90mstdout[2m | src/components/Gamification/BossBattleCard.stories.tsx[2m > [22m[2mDefeated
[22m[39m[ChatContext] AssistantChat initialized with 1 chats
[90mstdout[2m | src/components/Gamification/BossBattleCard.stories.tsx[2m > [22m[2mDefeated
[22m[39m[ChatContext] Setting initial chat: mock-assistant-chat-1
[90mstdout[2m | src/components/Gamification/BossBattleCard.stories.tsx[2m > [22m[2mDefeated
[22m[39m[MOCK CourseVectorStore] Initialized with mock data
[90mstdout[2m | src/components/Gamification/BossBattleCard.stories.tsx[2m > [22m[2mDefeated
[22m[39m[FilesContext] Vector store population triggered {
  "currentVectorStoreSize": 3,
  "documentsCount": 0,
  "filesCount": 6,
  "isInitialLoad": true,
}
[90mstdout[2m | src/components/Gamification/BossBattleCard.stories.tsx[2m > [22m[2mDefeated
[22m[39m[FilesContext] Vector store population complete - 3 total embeddings
[90mstdout[2m | src/components/Gamification/BossBattleCard.stories.tsx[2m > [22m[2mDefeated
[22m[39m[ChatContext] Chat exists and not archived, skipping creation
[90mstdout[2m | src/components/Gamification/BossBattleCard.stories.tsx[2m > [22m[2mDefeated
[22m[39m[Mock Storage] downloadData called with: undefined
[90mstdout[2m | src/components/Gamification/BossBattleCard.stories.tsx[2m > [22m[2mSingle Phase
[22m[39m[ChatContext] Cleaning up subscriptions
[90mstdout[2m | src/components/Gamification/BossBattleCard.stories.tsx[2m > [22m[2mSingle Phase
[22m[39m[Mock Data] Unit.onUpdate() subscription removed. Remaining: 0
[90mstdout[2m | src/components/Gamification/BossBattleCard.stories.tsx[2m > [22m[2mSingle Phase
[22m[39m[MOCK CourseVectorStore] Initialized with mock data
[90mstdout[2m | src/components/Gamification/BossBattleCard.stories.tsx[2m > [22m[2mSingle Phase
[22m[39m[TranslationModeController] Setting mode to: off
[90mstdout[2m | src/components/Gamification/BossBattleCard.stories.tsx[2m > [22m[2mSingle Phase
[22m[39m[UnitContext] useEffect triggered {
  "authLoading": false,
  "hasUser": true,
  "id": "mock-unit-id",
  "userSub": "mock-user-sub",
}
[90mstdout[2m | src/components/Gamification/BossBattleCard.stories.tsx[2m > [22m[2mSingle Phase
[22m[39m[UnitContext] Fetching unit data for id: mock-unit-id
[90mstdout[2m | src/components/Gamification/BossBattleCard.stories.tsx[2m > [22m[2mSingle Phase
[22m[39m[FilesContext] Initializing vector store from IndexedDB
[90mstdout[2m | src/components/Gamification/BossBattleCard.stories.tsx[2m > [22m[2mSingle Phase
[22m[39m[FilesContext] fetchFiles called
[90mstdout[2m | src/components/Gamification/BossBattleCard.stories.tsx[2m > [22m[2mSingle Phase
[22m[39m[FilesContext] User authenticated: mock-user-sub
[90mstdout[2m | src/components/Gamification/BossBattleCard.stories.tsx[2m > [22m[2mSingle Phase
[22m[39m[FilesContext] Identity ID: us-east-1:mock-identity-123
[90mstdout[2m | src/components/Gamification/BossBattleCard.stories.tsx[2m > [22m[2mSingle Phase
[22m[39m[FilesContext] About to set up File observeQuery
[90mstdout[2m | src/components/Gamification/BossBattleCard.stories.tsx[2m > [22m[2mSingle Phase
[22m[39m[ChatContext] Setting up AssistantChat observeQuery
[90mstdout[2m | src/components/Gamification/BossBattleCard.stories.tsx[2m > [22m[2mSingle Phase
[22m[39m[ChatContext] Waiting for subscription to initialize
[90mstdout[2m | src/components/Gamification/BossBattleCard.stories.tsx[2m > [22m[2mSingle Phase
[22m[39m[SettingsContext] Setting up Settings subscription for user: mock-user-sub
[90mstdout[2m | src/components/Gamification/BossBattleCard.stories.tsx[2m > [22m[2mSingle Phase
[22m[39m[Mock Data] Settings created: mock-settings-1790418036493 - notified 0 subscribers
[90mstdout[2m | src/components/Gamification/BossBattleCard.stories.tsx[2m > [22m[2mSingle Phase
[22m[39m[Mock Data] Unit.onUpdate() subscription added. Total: 1
[90mstdout[2m | src/components/Gamification/BossBattleCard.stories.tsx[2m > [22m[2mSingle Phase
[22m[39m[SectionContext] Section observeQuery update: 0
[90mstdout[2m | src/components/Gamification/BossBattleCard.stories.tsx[2m > [22m[2mSingle Phase
[22m[39m[FilesContext] File observeQuery update: 6 files
[90mstdout[2m | src/components/Gamification/BossBattleCard.stories.tsx[2m > [22m[2mSingle Phase
[22m[39m[ChatContext] AssistantChat initialized with 1 chats
[90mstdout[2m | src/components/Gamification/BossBattleCard.stories.tsx[2m > [22m[2mSingle Phase
[22m[39m[ChatContext] Setting initial chat: mock-assistant-chat-1
[90mstdout[2m | src/components/Gamification/BossBattleCard.stories.tsx[2m > [22m[2mSingle Phase
[22m[39m[MOCK CourseVectorStore] Initialized with mock data
[90mstdout[2m | src/components/Gamification/BossBattleCard.stories.tsx[2m > [22m[2mSingle Phase
[22m[39m[FilesContext] Vector store population triggered {
  "currentVectorStoreSize": 3,
  "documentsCount": 0,
  "filesCount": 6,
  "isInitialLoad": true,
}
[90mstdout[2m | src/components/Gamification/BossBattleCard.stories.tsx[2m > [22m[2mSingle Phase
[22m[39m[FilesContext] Vector store population complete - 3 total embeddings
[90mstdout[2m | src/components/Gamification/BossBattleCard.stories.tsx[2m > [22m[2mSingle Phase
[22m[39m[ChatContext] Chat exists and not archived, skipping creation
[90mstdout[2m | src/components/Gamification/BossBattleCard.stories.tsx[2m > [22m[2mSingle Phase
[22m[39m[Mock Storage] downloadData called with: undefined
[90mstdout[2m | src/components/Gamification/BossBattleCard.stories.tsx[2m > [22m[2mActive Interaction
[22m[39m[ChatContext] Cleaning up subscriptions
[90mstdout[2m | src/components/Gamification/BossBattleCard.stories.tsx[2m > [22m[2mActive Interaction
[22m[39m[Mock Data] Unit.onUpdate() subscription removed. Remaining: 0
[90mstdout[2m | src/components/Gamification/BossBattleCard.stories.tsx[2m > [22m[2mActive Interaction
[22m[39m[MOCK CourseVectorStore] Initialized with mock data
[90mstdout[2m | src/components/Gamification/BossBattleCard.stories.tsx[2m > [22m[2mActive Interaction
[22m[39m[TranslationModeController] Setting mode to: off
[90mstdout[2m | src/components/Gamification/BossBattleCard.stories.tsx[2m > [22m[2mActive Interaction
[22m[39m[UnitContext] useEffect triggered {
  "authLoading": false,
  "hasUser": true,
  "id": "mock-unit-id",
  "userSub": "mock-user-sub",
}
[90mstdout[2m | src/components/Gamification/BossBattleCard.stories.tsx[2m > [22m[2mActive Interaction
[22m[39m[UnitContext] Fetching unit data for id: mock-unit-id
[90mstdout[2m | src/components/Gamification/BossBattleCard.stories.tsx[2m > [22m[2mActive Interaction
[22m[39m[FilesContext] Initializing vector store from IndexedDB
[90mstdout[2m | src/components/Gamification/BossBattleCard.stories.tsx[2m > [22m[2mActive Interaction
[22m[39m[FilesContext] fetchFiles called
[90mstdout[2m | src/components/Gamification/BossBattleCard.stories.tsx[2m > [22m[2mActive Interaction
[22m[39m[FilesContext] User authenticated: mock-user-sub
[90mstdout[2m | src/components/Gamification/BossBattleCard.stories.tsx[2m > [22m[2mActive Interaction
[22m[39m[FilesContext] Identity ID: us-east-1:mock-identity-123
[90mstdout[2m | src/components/Gamification/BossBattleCard.stories.tsx[2m > [22m[2mActive Interaction
[22m[39m[FilesContext] About to set up File observeQuery
[90mstdout[2m | src/components/Gamification/BossBattleCard.stories.tsx[2m > [22m[2mActive Interaction
[22m[39m[ChatContext] Setting up AssistantChat observeQuery
[90mstdout[2m | src/components/Gamification/BossBattleCard.stories.tsx[2m > [22m[2mActive Interaction
[22m[39m[ChatContext] Waiting for subscription to initialize
[90mstdout[2m | src/components/Gamification/BossBattleCard.stories.tsx[2m > [22m[2mActive Interaction
[22m[39m[SettingsContext] Setting up Settings subscription for user: mock-user-sub
[90mstdout[2m | src/components/Gamification/BossBattleCard.stories.tsx[2m > [22m[2mActive Interaction
[22m[39m[Mock Data] Settings created: mock-settings-1790418036665 - notified 0 subscribers
[90mstdout[2m | src/components/Gamification/BossBattleCard.stories.tsx[2m > [22m[2mActive Interaction
[22m[39m[Mock Data] Unit.onUpdate() subscription added. Total: 1
[90mstdout[2m | src/components/Gamification/BossBattleCard.stories.tsx[2m > [22m[2mActive Interaction
[22m[39m[SectionContext] Section observeQuery update: 0
[90mstdout[2m | src/components/Gamification/BossBattleCard.stories.tsx[2m > [22m[2mActive Interaction
[22m[39m[FilesContext] File observeQuery update: 6 files
[90mstdout[2m | src/components/Gamification/BossBattleCard.stories.tsx[2m > [22m[2mActive Interaction
[22m[39m[ChatContext] AssistantChat initialized with 1 chats
[90mstdout[2m | src/components/Gamification/BossBattleCard.stories.tsx[2m > [22m[2mActive Interaction
[22m[39m[ChatContext] Setting initial chat: mock-assistant-chat-1
[90mstdout[2m | src/components/Gamification/BossBattleCard.stories.tsx[2m > [22m[2mActive Interaction
[22m[39m[MOCK CourseVectorStore] Initialized with mock data
[90mstdout[2m | src/components/Gamification/BossBattleCard.stories.tsx[2m > [22m[2mActive Interaction
[22m[39m[FilesContext] Vector store population triggered {
  "currentVectorStoreSize": 3,
  "documentsCount": 0,
  "filesCount": 6,
  "isInitialLoad": true,
}
[90mstdout[2m | src/components/Gamification/BossBattleCard.stories.tsx[2m > [22m[2mActive Interaction
[22m[39m[FilesContext] Vector store population complete - 3 total embeddings
[90mstdout[2m | src/components/Gamification/BossBattleCard.stories.tsx[2m > [22m[2mActive Interaction
[22m[39m[ChatContext] Chat exists and not archived, skipping creation
[90mstdout[2m | src/components/Gamification/BossBattleCard.stories.tsx[2m > [22m[2mActive Interaction
[22m[39m[Mock Storage] downloadData called with: undefined
 [32m✓[39m [30m[45m storybook (chromium) [49m[39m src/components/Gamification/BossBattleCard.stories.tsx [2m([22m[2m4 tests[22m[2m)[22m[33m 956[2mms[22m[39m
   [33m[2m✓[22m[39m Active [33m 310[2mms[22m[39m
[90mstdout[2m | unknown test
[22m[39m[MOCK vectorStoreDB.js] Module loaded - mock IndexedDB operations
[90mstdout[2m | unknown test
[22m[39m[Task Completion] DOM action listeners initialized
[90mstdout[2m | unknown test
[22m[39m[Task Completion] Auto-completion detector initialized
[90mstdout[2m | unknown test
[22m[39m[Preview] Task completion detector initialized
[90mstdout[2m | src/components/Editor3/components/EnhancedGeneration.stories.jsx[2m > [22m[2mUnified Image Generation
[22m[39m[MOCK CourseVectorStore] Initialized with mock data
[90mstdout[2m | src/components/Editor3/components/EnhancedGeneration.stories.jsx[2m > [22m[2mUnified Image Generation
[22m[39m[TranslationModeController] Setting mode to: off
[90mstdout[2m | src/components/Editor3/components/EnhancedGeneration.stories.jsx[2m > [22m[2mUnified Image Generation
[22m[39m[UnitContext] useEffect triggered {
  "authLoading": false,
  "hasUser": true,
  "id": "mock-unit-id",
  "userSub": "mock-user-sub",
}
[90mstdout[2m | src/components/Editor3/components/EnhancedGeneration.stories.jsx[2m > [22m[2mUnified Image Generation
[22m[39m[UnitContext] Fetching unit data for id: mock-unit-id
[90mstdout[2m | src/components/Editor3/components/EnhancedGeneration.stories.jsx[2m > [22m[2mUnified Image Generation
[22m[39m[FilesContext] Initializing vector store from IndexedDB
[90mstdout[2m | src/components/Editor3/components/EnhancedGeneration.stories.jsx[2m > [22m[2mUnified Image Generation
[22m[39m[FilesContext] fetchFiles called
[90mstdout[2m | src/components/Editor3/components/EnhancedGeneration.stories.jsx[2m > [22m[2mUnified Image Generation
[22m[39m[FilesContext] User authenticated: mock-user-sub
[90mstdout[2m | src/components/Editor3/components/EnhancedGeneration.stories.jsx[2m > [22m[2mUnified Image Generation
[22m[39m[FilesContext] Identity ID: us-east-1:mock-identity-123
[90mstdout[2m | src/components/Editor3/components/EnhancedGeneration.stories.jsx[2m > [22m[2mUnified Image Generation
[22m[39m[FilesContext] About to set up File observeQuery
[90mstdout[2m | src/components/Editor3/components/EnhancedGeneration.stories.jsx[2m > [22m[2mUnified Image Generation
[22m[39m[ChatContext] Setting up AssistantChat observeQuery
[90mstdout[2m | src/components/Editor3/components/EnhancedGeneration.stories.jsx[2m > [22m[2mUnified Image Generation
[22m[39m[ChatContext] Waiting for subscription to initialize
[90mstdout[2m | src/components/Editor3/components/EnhancedGeneration.stories.jsx[2m > [22m[2mUnified Image Generation
[22m[39m[SettingsContext] Setting up Settings subscription for user: mock-user-sub
[90mstdout[2m | src/components/Editor3/components/EnhancedGeneration.stories.jsx[2m > [22m[2mUnified Image Generation
[22m[39m[Mock Data] Settings created: mock-settings-1790418037506 - notified 0 subscribers
[90mstdout[2m | src/components/Editor3/components/EnhancedGeneration.stories.jsx[2m > [22m[2mUnified Image Generation
[22m[39m[Mock Data] Unit.onUpdate() subscription added. Total: 1
[90mstdout[2m | src/components/Editor3/components/EnhancedGeneration.stories.jsx[2m > [22m[2mUnified Image Generation
[22m[39m[SectionContext] Section observeQuery update: 0
[90mstdout[2m | src/components/Editor3/components/EnhancedGeneration.stories.jsx[2m > [22m[2mUnified Image Generation
[22m[39m[FilesContext] File observeQuery update: 6 files
[90mstdout[2m | src/components/Editor3/components/EnhancedGeneration.stories.jsx[2m > [22m[2mUnified Image Generation
[22m[39m[ChatContext] AssistantChat initialized with 1 chats
[90mstdout[2m | src/components/Editor3/components/EnhancedGeneration.stories.jsx[2m > [22m[2mUnified Image Generation
[22m[39m[ChatContext] Setting initial chat: mock-assistant-chat-1
[90mstdout[2m | src/components/Editor3/components/EnhancedGeneration.stories.jsx[2m > [22m[2mUnified Image Generation
[22m[39m[MOCK CourseVectorStore] Initialized with mock data
[90mstdout[2m | src/components/Editor3/components/EnhancedGeneration.stories.jsx[2m > [22m[2mUnified Image Generation
[22m[39m[FilesContext] Vector store population triggered {
  "currentVectorStoreSize": 3,
  "documentsCount": 0,
  "filesCount": 6,
  "isInitialLoad": true,
}
[90mstdout[2m | src/components/Editor3/components/EnhancedGeneration.stories.jsx[2m > [22m[2mUnified Image Generation
[22m[39m[FilesContext] Vector store population complete - 3 total embeddings
[90mstdout[2m | src/components/Editor3/components/EnhancedGeneration.stories.jsx[2m > [22m[2mUnified Image Generation
[22m[39m[ChatContext] Chat exists and not archived, skipping creation
[90mstdout[2m | src/components/Editor3/components/EnhancedGeneration.stories.jsx[2m > [22m[2mUnified Image Generation
[22m[39m[Mock Storage] downloadData called with: undefined
[90mstdout[2m | src/components/Editor3/components/EnhancedGeneration.stories.jsx[2m > [22m[2mUnified Audio Generation
[22m[39m[ChatContext] Cleaning up subscriptions
[90mstdout[2m | src/components/Editor3/components/EnhancedGeneration.stories.jsx[2m > [22m[2mUnified Audio Generation
[22m[39m[Mock Data] Unit.onUpdate() subscription removed. Remaining: 0
[90mstdout[2m | src/components/Editor3/components/EnhancedGeneration.stories.jsx[2m > [22m[2mUnified Audio Generation
[22m[39m[MOCK CourseVectorStore] Initialized with mock data
[90mstdout[2m | src/components/Editor3/components/EnhancedGeneration.stories.jsx[2m > [22m[2mUnified Audio Generation
[22m[39m[TranslationModeController] Setting mode to: off
[90mstdout[2m | src/components/Editor3/components/EnhancedGeneration.stories.jsx[2m > [22m[2mUnified Audio Generation
[22m[39m[UnitContext] useEffect triggered {
  "authLoading": false,
  "hasUser": true,
  "id": "mock-unit-id",
  "userSub": "mock-user-sub",
}
[90mstdout[2m | src/components/Editor3/components/EnhancedGeneration.stories.jsx[2m > [22m[2mUnified Audio Generation
[22m[39m[UnitContext] Fetching unit data for id: mock-unit-id
[90mstdout[2m | src/components/Editor3/components/EnhancedGeneration.stories.jsx[2m > [22m[2mUnified Audio Generation
[22m[39m[FilesContext] Initializing vector store from IndexedDB
[90mstdout[2m | src/components/Editor3/components/EnhancedGeneration.stories.jsx[2m > [22m[2mUnified Audio Generation
[22m[39m[FilesContext] fetchFiles called
[90mstdout[2m | src/components/Editor3/components/EnhancedGeneration.stories.jsx[2m > [22m[2mUnified Audio Generation
[22m[39m[FilesContext] User authenticated: mock-user-sub
[90mstdout[2m | src/components/Editor3/components/EnhancedGeneration.stories.jsx[2m > [22m[2mUnified Audio Generation
[22m[39m[FilesContext] Identity ID: us-east-1:mock-identity-123
[90mstdout[2m | src/components/Editor3/components/EnhancedGeneration.stories.jsx[2m > [22m[2mUnified Audio Generation
[22m[39m[FilesContext] About to set up File observeQuery
[90mstdout[2m | src/components/Editor3/components/EnhancedGeneration.stories.jsx[2m > [22m[2mUnified Audio Generation
[22m[39m[ChatContext] Setting up AssistantChat observeQuery
[90mstdout[2m | src/components/Editor3/components/EnhancedGeneration.stories.jsx[2m > [22m[2mUnified Audio Generation
[22m[39m[ChatContext] Waiting for subscription to initialize
[90mstdout[2m | src/components/Editor3/components/EnhancedGeneration.stories.jsx[2m > [22m[2mUnified Audio Generation
[22m[39m[SettingsContext] Setting up Settings subscription for user: mock-user-sub
[90mstdout[2m | src/components/Editor3/components/EnhancedGeneration.stories.jsx[2m > [22m[2mUnified Audio Generation
[22m[39m[Mock Data] Settings created: mock-settings-1790418037802 - notified 0 subscribers
[90mstdout[2m | src/components/Editor3/components/EnhancedGeneration.stories.jsx[2m > [22m[2mUnified Audio Generation
[22m[39m[Mock Data] Unit.onUpdate() subscription added. Total: 1
[90mstdout[2m | src/components/Editor3/components/EnhancedGeneration.stories.jsx[2m > [22m[2mUnified Audio Generation
[22m[39m[SectionContext] Section observeQuery update: 0
[90mstdout[2m | src/components/Editor3/components/EnhancedGeneration.stories.jsx[2m > [22m[2mUnified Audio Generation
[22m[39m[FilesContext] File observeQuery update: 6 files
[90mstdout[2m | src/components/Editor3/components/EnhancedGeneration.stories.jsx[2m > [22m[2mUnified Audio Generation
[22m[39m[ChatContext] AssistantChat initialized with 1 chats
[90mstdout[2m | src/components/Editor3/components/EnhancedGeneration.stories.jsx[2m > [22m[2mUnified Audio Generation
[22m[39m[ChatContext] Setting initial chat: mock-assistant-chat-1
[90mstdout[2m | src/components/Editor3/components/EnhancedGeneration.stories.jsx[2m > [22m[2mUnified Audio Generation
[22m[39m[MOCK CourseVectorStore] Initialized with mock data
[90mstdout[2m | src/components/Editor3/components/EnhancedGeneration.stories.jsx[2m > [22m[2mUnified Audio Generation
[22m[39m[FilesContext] Vector store population triggered {
  "currentVectorStoreSize": 3,
  "documentsCount": 0,
  "filesCount": 6,
  "isInitialLoad": true,
}
[90mstdout[2m | src/components/Editor3/components/EnhancedGeneration.stories.jsx[2m > [22m[2mUnified Audio Generation
[22m[39m[FilesContext] Vector store population complete - 3 total embeddings
[90mstdout[2m | src/components/Editor3/components/EnhancedGeneration.stories.jsx[2m > [22m[2mUnified Audio Generation
[22m[39m[ChatContext] Chat exists and not archived, skipping creation
[90mstdout[2m | src/components/Editor3/components/EnhancedGeneration.stories.jsx[2m > [22m[2mUnified Audio Generation
[22m[39m[Mock Storage] downloadData called with: undefined
[90mstdout[2m | src/components/Editor3/components/EnhancedGeneration.stories.jsx[2m > [22m[2mImage Mask Editor Demo
[22m[39m[ChatContext] Cleaning up subscriptions
[90mstdout[2m | src/components/Editor3/components/EnhancedGeneration.stories.jsx[2m > [22m[2mImage Mask Editor Demo
[22m[39m[Mock Data] Unit.onUpdate() subscription removed. Remaining: 0
[90mstdout[2m | src/components/Editor3/components/EnhancedGeneration.stories.jsx[2m > [22m[2mImage Mask Editor Demo
[22m[39m[MOCK CourseVectorStore] Initialized with mock data
[90mstdout[2m | src/components/Editor3/components/EnhancedGeneration.stories.jsx[2m > [22m[2mImage Mask Editor Demo
[22m[39m[TranslationModeController] Setting mode to: off
[90mstdout[2m | src/components/Editor3/components/EnhancedGeneration.stories.jsx[2m > [22m[2mImage Mask Editor Demo
[22m[39m[UnitContext] useEffect triggered {
  "authLoading": false,
  "hasUser": true,
  "id": "mock-unit-id",
  "userSub": "mock-user-sub",
}
[90mstdout[2m | src/components/Editor3/components/EnhancedGeneration.stories.jsx[2m > [22m[2mImage Mask Editor Demo
[22m[39m[UnitContext] Fetching unit data for id: mock-unit-id
[90mstdout[2m | src/components/Editor3/components/EnhancedGeneration.stories.jsx[2m > [22m[2mImage Mask Editor Demo
[22m[39m[FilesContext] Initializing vector store from IndexedDB
[90mstdout[2m | src/components/Editor3/components/EnhancedGeneration.stories.jsx[2m > [22m[2mImage Mask Editor Demo
[22m[39m[FilesContext] fetchFiles called
[90mstdout[2m | src/components/Editor3/components/EnhancedGeneration.stories.jsx[2m > [22m[2mImage Mask Editor Demo
[22m[39m[FilesContext] User authenticated: mock-user-sub
[90mstdout[2m | src/components/Editor3/components/EnhancedGeneration.stories.jsx[2m > [22m[2mImage Mask Editor Demo
[22m[39m[FilesContext] Identity ID: us-east-1:mock-identity-123
[90mstdout[2m | src/components/Editor3/components/EnhancedGeneration.stories.jsx[2m > [22m[2mImage Mask Editor Demo
[22m[39m[FilesContext] About to set up File observeQuery
[90mstdout[2m | src/components/Editor3/components/EnhancedGeneration.stories.jsx[2m > [22m[2mImage Mask Editor Demo
[22m[39m[ChatContext] Setting up AssistantChat observeQuery
[90mstdout[2m | src/components/Editor3/components/EnhancedGeneration.stories.jsx[2m > [22m[2mImage Mask Editor Demo
[22m[39m[ChatContext] Waiting for subscription to initialize
[90mstdout[2m | src/components/Editor3/components/EnhancedGeneration.stories.jsx[2m > [22m[2mImage Mask Editor Demo
[22m[39m[SettingsContext] Setting up Settings subscription for user: mock-user-sub
[90mstdout[2m | src/components/Editor3/components/EnhancedGeneration.stories.jsx[2m > [22m[2mImage Mask Editor Demo
[22m[39m[Mock Data] Settings created: mock-settings-1790418038013 - notified 0 subscribers
[90mstdout[2m | src/components/Editor3/components/EnhancedGeneration.stories.jsx[2m > [22m[2mImage Mask Editor Demo
[22m[39m[Mock Data] Unit.onUpdate() subscription added. Total: 1
[90mstdout[2m | src/components/Editor3/components/EnhancedGeneration.stories.jsx[2m > [22m[2mImage Mask Editor Demo
[22m[39m[SectionContext] Section observeQuery update: 0
[90mstdout[2m | src/components/Editor3/components/EnhancedGeneration.stories.jsx[2m > [22m[2mImage Mask Editor Demo
[22m[39m[FilesContext] File observeQuery update: 6 files
[90mstdout[2m | src/components/Editor3/components/EnhancedGeneration.stories.jsx[2m > [22m[2mImage Mask Editor Demo
[22m[39m[ChatContext] AssistantChat initialized with 1 chats
[90mstdout[2m | src/components/Editor3/components/EnhancedGeneration.stories.jsx[2m > [22m[2mImage Mask Editor Demo
[22m[39m[ChatContext] Setting initial chat: mock-assistant-chat-1
[90mstdout[2m | src/components/Editor3/components/EnhancedGeneration.stories.jsx[2m > [22m[2mImage Mask Editor Demo
[22m[39m[Mock Storage] downloadData called with: undefined
[90mstdout[2m | src/components/Editor3/components/EnhancedGeneration.stories.jsx[2m > [22m[2mImage Mask Editor Demo
[22m[39m[MOCK CourseVectorStore] Initialized with mock data
[90mstdout[2m | src/components/Editor3/components/EnhancedGeneration.stories.jsx[2m > [22m[2mImage Mask Editor Demo
[22m[39m[FilesContext] Vector store population triggered {
  "currentVectorStoreSize": 3,
  "documentsCount": 0,
  "filesCount": 6,
  "isInitialLoad": true,
}
[90mstdout[2m | src/components/Editor3/components/EnhancedGeneration.stories.jsx[2m > [22m[2mImage Mask Editor Demo
[22m[39m[FilesContext] Vector store population complete - 3 total embeddings
[90mstdout[2m | src/components/Editor3/components/EnhancedGeneration.stories.jsx[2m > [22m[2mImage Mask Editor Demo
[22m[39m[ChatContext] Chat exists and not archived, skipping creation
[90mstdout[2m | src/components/Editor3/components/EnhancedGeneration.stories.jsx[2m > [22m[2mComplete Workflow
[22m[39m[ChatContext] Cleaning up subscriptions
[90mstdout[2m | src/components/Editor3/components/EnhancedGeneration.stories.jsx[2m > [22m[2mComplete Workflow
[22m[39m[Mock Data] Unit.onUpdate() subscription removed. Remaining: 0
[90mstdout[2m | src/components/Editor3/components/EnhancedGeneration.stories.jsx[2m > [22m[2mComplete Workflow
[22m[39m[MOCK CourseVectorStore] Initialized with mock data
[90mstdout[2m | src/components/Editor3/components/EnhancedGeneration.stories.jsx[2m > [22m[2mComplete Workflow
[22m[39m[TranslationModeController] Setting mode to: off
[90mstdout[2m | src/components/Editor3/components/EnhancedGeneration.stories.jsx[2m > [22m[2mComplete Workflow
[22m[39m[UnitContext] useEffect triggered {
  "authLoading": false,
  "hasUser": true,
  "id": "mock-unit-id",
  "userSub": "mock-user-sub",
}
[90mstdout[2m | src/components/Editor3/components/EnhancedGeneration.stories.jsx[2m > [22m[2mComplete Workflow
[22m[39m[UnitContext] Fetching unit data for id: mock-unit-id
[90mstdout[2m | src/components/Editor3/components/EnhancedGeneration.stories.jsx[2m > [22m[2mComplete Workflow
[22m[39m[FilesContext] Initializing vector store from IndexedDB
[90mstdout[2m | src/components/Editor3/components/EnhancedGeneration.stories.jsx[2m > [22m[2mComplete Workflow
[22m[39m[FilesContext] fetchFiles called
[90mstdout[2m | src/components/Editor3/components/EnhancedGeneration.stories.jsx[2m > [22m[2mComplete Workflow
[22m[39m[FilesContext] User authenticated: mock-user-sub
[90mstdout[2m | src/components/Editor3/components/EnhancedGeneration.stories.jsx[2m > [22m[2mComplete Workflow
[22m[39m[FilesContext] Identity ID: us-east-1:mock-identity-123
[90mstdout[2m | src/components/Editor3/components/EnhancedGeneration.stories.jsx[2m > [22m[2mComplete Workflow
[22m[39m[FilesContext] About to set up File observeQuery
[90mstdout[2m | src/components/Editor3/components/EnhancedGeneration.stories.jsx[2m > [22m[2mComplete Workflow
[22m[39m[ChatContext] Setting up AssistantChat observeQuery
[90mstdout[2m | src/components/Editor3/components/EnhancedGeneration.stories.jsx[2m > [22m[2mComplete Workflow
[22m[39m[ChatContext] Waiting for subscription to initialize
[90mstdout[2m | src/components/Editor3/components/EnhancedGeneration.stories.jsx[2m > [22m[2mComplete Workflow
[22m[39m[SettingsContext] Setting up Settings subscription for user: mock-user-sub
[90mstdout[2m | src/components/Editor3/components/EnhancedGeneration.stories.jsx[2m > [22m[2mComplete Workflow
[22m[39m[Mock Data] Settings created: mock-settings-1790418038374 - notified 0 subscribers
[90mstdout[2m | src/components/Editor3/components/EnhancedGeneration.stories.jsx[2m > [22m[2mComplete Workflow
[22m[39m[Mock Data] Unit.onUpdate() subscription added. Total: 1
[90mstdout[2m | src/components/Editor3/components/EnhancedGeneration.stories.jsx[2m > [22m[2mComplete Workflow
[22m[39m[SectionContext] Section observeQuery update: 0
[90mstdout[2m | src/components/Editor3/components/EnhancedGeneration.stories.jsx[2m > [22m[2mComplete Workflow
[22m[39m[FilesContext] File observeQuery update: 6 files
[90mstdout[2m | src/components/Editor3/components/EnhancedGeneration.stories.jsx[2m > [22m[2mComplete Workflow
[22m[39m[ChatContext] AssistantChat initialized with 1 chats
[90mstdout[2m | src/components/Editor3/components/EnhancedGeneration.stories.jsx[2m > [22m[2mComplete Workflow
[22m[39m[ChatContext] Setting initial chat: mock-assistant-chat-1
[90mstdout[2m | src/components/Editor3/components/EnhancedGeneration.stories.jsx[2m > [22m[2mComplete Workflow
[22m[39m[MOCK CourseVectorStore] Initialized with mock data
[90mstdout[2m | src/components/Editor3/components/EnhancedGeneration.stories.jsx[2m > [22m[2mComplete Workflow
[22m[39m[FilesContext] Vector store population triggered {
  "currentVectorStoreSize": 3,
  "documentsCount": 0,
  "filesCount": 6,
  "isInitialLoad": true,
}
[90mstdout[2m | src/components/Editor3/components/EnhancedGeneration.stories.jsx[2m > [22m[2mComplete Workflow
[22m[39m[FilesContext] Vector store population complete - 3 total embeddings
[90mstdout[2m | src/components/Editor3/components/EnhancedGeneration.stories.jsx[2m > [22m[2mComplete Workflow
[22m[39m[ChatContext] Chat exists and not archived, skipping creation
[90mstdout[2m | src/components/Editor3/components/EnhancedGeneration.stories.jsx[2m > [22m[2mComplete Workflow
[22m[39m[Mock Storage] downloadData called with: undefined
[90mstdout[2m | src/components/Editor3/components/EnhancedGeneration.stories.jsx[2m > [22m[2mFeature Documentation
[22m[39m[ChatContext] Cleaning up subscriptions
[90mstdout[2m | src/components/Editor3/components/EnhancedGeneration.stories.jsx[2m > [22m[2mFeature Documentation
[22m[39m[Mock Data] Unit.onUpdate() subscription removed. Remaining: 0
[90mstdout[2m | src/components/Editor3/components/EnhancedGeneration.stories.jsx[2m > [22m[2mFeature Documentation
[22m[39m[MOCK CourseVectorStore] Initialized with mock data
[90mstdout[2m | src/components/Editor3/components/EnhancedGeneration.stories.jsx[2m > [22m[2mFeature Documentation
[22m[39m[TranslationModeController] Setting mode to: off
[90mstdout[2m | src/components/Editor3/components/EnhancedGeneration.stories.jsx[2m > [22m[2mFeature Documentation
[22m[39m[UnitContext] useEffect triggered {
  "authLoading": false,
  "hasUser": true,
  "id": "mock-unit-id",
  "userSub": "mock-user-sub",
}
[90mstdout[2m | src/components/Editor3/components/EnhancedGeneration.stories.jsx[2m > [22m[2mFeature Documentation
[22m[39m[UnitContext] Fetching unit data for id: mock-unit-id
[90mstdout[2m | src/components/Editor3/components/EnhancedGeneration.stories.jsx[2m > [22m[2mFeature Documentation
[22m[39m[FilesContext] Initializing vector store from IndexedDB
[90mstdout[2m | src/components/Editor3/components/EnhancedGeneration.stories.jsx[2m > [22m[2mFeature Documentation
[22m[39m[FilesContext] fetchFiles called
[90mstdout[2m | src/components/Editor3/components/EnhancedGeneration.stories.jsx[2m > [22m[2mFeature Documentation
[22m[39m[FilesContext] User authenticated: mock-user-sub
[90mstdout[2m | src/components/Editor3/components/EnhancedGeneration.stories.jsx[2m > [22m[2mFeature Documentation
[22m[39m[FilesContext] Identity ID: us-east-1:mock-identity-123
[90mstdout[2m | src/components/Editor3/components/EnhancedGeneration.stories.jsx[2m > [22m[2mFeature Documentation
[22m[39m[FilesContext] About to set up File observeQuery
[90mstdout[2m | src/components/Editor3/components/EnhancedGeneration.stories.jsx[2m > [22m[2mFeature Documentation
[22m[39m[ChatContext] Setting up AssistantChat observeQuery
[90mstdout[2m | src/components/Editor3/components/EnhancedGeneration.stories.jsx[2m > [22m[2mFeature Documentation
[22m[39m[ChatContext] Waiting for subscription to initialize
[90mstdout[2m | src/components/Editor3/components/EnhancedGeneration.stories.jsx[2m > [22m[2mFeature Documentation
[22m[39m[SettingsContext] Setting up Settings subscription for user: mock-user-sub
[90mstdout[2m | src/components/Editor3/components/EnhancedGeneration.stories.jsx[2m > [22m[2mFeature Documentation
[22m[39m[Mock Data] Settings created: mock-settings-1790418038569 - notified 0 subscribers
[90mstdout[2m | src/components/Editor3/components/EnhancedGeneration.stories.jsx[2m > [22m[2mFeature Documentation
[22m[39m[Mock Data] Unit.onUpdate() subscription added. Total: 1
[90mstdout[2m | src/components/Editor3/components/EnhancedGeneration.stories.jsx[2m > [22m[2mFeature Documentation
[22m[39m[SectionContext] Section observeQuery update: 0
[90mstdout[2m | src/components/Editor3/components/EnhancedGeneration.stories.jsx[2m > [22m[2mFeature Documentation
[22m[39m[FilesContext] File observeQuery update: 6 files
[90mstdout[2m | src/components/Editor3/components/EnhancedGeneration.stories.jsx[2m > [22m[2mFeature Documentation
[22m[39m[ChatContext] AssistantChat initialized with 1 chats
[90mstdout[2m | src/components/Editor3/components/EnhancedGeneration.stories.jsx[2m > [22m[2mFeature Documentation
[22m[39m[ChatContext] Setting initial chat: mock-assistant-chat-1
[90mstdout[2m | src/components/Editor3/components/EnhancedGeneration.stories.jsx[2m > [22m[2mFeature Documentation
[22m[39m[MOCK CourseVectorStore] Initialized with mock data
[90mstdout[2m | src/components/Editor3/components/EnhancedGeneration.stories.jsx[2m > [22m[2mFeature Documentation
[22m[39m[FilesContext] Vector store population triggered {
  "currentVectorStoreSize": 3,
  "documentsCount": 0,
  "filesCount": 6,
  "isInitialLoad": true,
}
[90mstdout[2m | src/components/Editor3/components/EnhancedGeneration.stories.jsx[2m > [22m[2mFeature Documentation
[22m[39m[FilesContext] Vector store population complete - 3 total embeddings
[90mstdout[2m | src/components/Editor3/components/EnhancedGeneration.stories.jsx[2m > [22m[2mFeature Documentation
[22m[39m[ChatContext] Chat exists and not archived, skipping creation
[90mstdout[2m | src/components/Editor3/components/EnhancedGeneration.stories.jsx[2m > [22m[2mFeature Documentation
[22m[39m[Mock Storage] downloadData called with: undefined
 [32m✓[39m [30m[45m storybook (chromium) [49m[39m src/components/Editor3/components/EnhancedGeneration.stories.jsx [2m([22m[2m5 tests[22m[2m)[22m[33m 1376[2mms[22m[39m
   [33m[2m✓[22m[39m Unified Image Generation [33m 317[2mms[22m[39m
   [33m[2m✓[22m[39m Image Mask Editor Demo [33m 309[2mms[22m[39m
   [33m[2m✓[22m[39m Feature Documentation [33m 315[2mms[22m[39m
[90mstdout[2m | unknown test
[22m[39m[MOCK vectorStoreDB.js] Module loaded - mock IndexedDB operations
[90mstdout[2m | unknown test
[22m[39m[Task Completion] DOM action listeners initialized
[90mstdout[2m | unknown test
[22m[39m[Task Completion] Auto-completion detector initialized
[90mstdout[2m | unknown test
[22m[39m[Preview] Task completion detector initialized
[90mstdout[2m | src/components/MainToolbar.stories.jsx[2m > [22m[2mFull Toolbar
[22m[39m[MOCK CourseVectorStore] Initialized with mock data
[90mstdout[2m | src/components/MainToolbar.stories.jsx[2m > [22m[2mFull Toolbar
[22m[39m[TranslationModeController] Setting mode to: off
[90mstdout[2m | src/components/MainToolbar.stories.jsx[2m > [22m[2mFull Toolbar
[22m[39m[UnitContext] useEffect triggered {
  "authLoading": false,
  "hasUser": true,
  "id": "mock-unit-id",
  "userSub": "mock-user-sub",
}
[90mstdout[2m | src/components/MainToolbar.stories.jsx[2m > [22m[2mFull Toolbar
[22m[39m[UnitContext] Fetching unit data for id: mock-unit-id
[90mstdout[2m | src/components/MainToolbar.stories.jsx[2m > [22m[2mFull Toolbar
[22m[39m[FilesContext] Initializing vector store from IndexedDB
[90mstdout[2m | src/components/MainToolbar.stories.jsx[2m > [22m[2mFull Toolbar
[22m[39m[FilesContext] fetchFiles called
[90mstdout[2m | src/components/MainToolbar.stories.jsx[2m > [22m[2mFull Toolbar
[22m[39m[FilesContext] User authenticated: mock-user-sub
[90mstdout[2m | src/components/MainToolbar.stories.jsx[2m > [22m[2mFull Toolbar
[22m[39m[FilesContext] Identity ID: us-east-1:mock-identity-123
[90mstdout[2m | src/components/MainToolbar.stories.jsx[2m > [22m[2mFull Toolbar
[22m[39m[FilesContext] About to set up File observeQuery
[90mstdout[2m | src/components/MainToolbar.stories.jsx[2m > [22m[2mFull Toolbar
[22m[39m[ChatContext] Setting up AssistantChat observeQuery
[90mstdout[2m | src/components/MainToolbar.stories.jsx[2m > [22m[2mFull Toolbar
[22m[39m[ChatContext] Waiting for subscription to initialize
[90mstdout[2m | src/components/MainToolbar.stories.jsx[2m > [22m[2mFull Toolbar
[22m[39m[SettingsContext] Setting up Settings subscription for user: mock-user-sub
[90mstdout[2m | src/components/MainToolbar.stories.jsx[2m > [22m[2mFull Toolbar
[22m[39m[Mock Data] Settings created: mock-settings-1790418044275 - notified 0 subscribers
[90mstdout[2m | src/components/MainToolbar.stories.jsx[2m > [22m[2mFull Toolbar
[22m[39m[Mock Data] Unit.onUpdate() subscription added. Total: 1
[90mstdout[2m | src/components/MainToolbar.stories.jsx[2m > [22m[2mFull Toolbar
[22m[39m[SectionContext] Section observeQuery update: 0
[90mstdout[2m | src/components/MainToolbar.stories.jsx[2m > [22m[2mFull Toolbar
[22m[39m[FilesContext] File observeQuery update: 6 files
[90mstdout[2m | src/components/MainToolbar.stories.jsx[2m > [22m[2mFull Toolbar
[22m[39m[ChatContext] AssistantChat initialized with 1 chats
[90mstdout[2m | src/components/MainToolbar.stories.jsx[2m > [22m[2mFull Toolbar
[22m[39m[ChatContext] Setting initial chat: mock-assistant-chat-1
[90mstdout[2m | src/components/MainToolbar.stories.jsx[2m > [22m[2mFull Toolbar
[22m[39m[MOCK CourseVectorStore] Initialized with mock data
[90mstdout[2m | src/components/MainToolbar.stories.jsx[2m > [22m[2mFull Toolbar
[22m[39m[FilesContext] Vector store population triggered {
  "currentVectorStoreSize": 3,
  "documentsCount": 0,
  "filesCount": 6,
  "isInitialLoad": true,
}
[90mstdout[2m | src/components/MainToolbar.stories.jsx[2m > [22m[2mFull Toolbar
[22m[39m[FilesContext] Vector store population complete - 3 total embeddings
[90mstdout[2m | src/components/MainToolbar.stories.jsx[2m > [22m[2mFull Toolbar
[22m[39m[ChatContext] Chat exists and not archived, skipping creation
[90mstdout[2m | src/components/MainToolbar.stories.jsx[2m > [22m[2mFull Toolbar
[22m[39m[Mock Storage] downloadData called with: undefined
[90mstdout[2m | src/components/MainToolbar.stories.jsx[2m > [22m[2mSettings Menu Only
[22m[39m[ChatContext] Cleaning up subscriptions
[90mstdout[2m | src/components/MainToolbar.stories.jsx[2m > [22m[2mSettings Menu Only
[22m[39m[Mock Data] Unit.onUpdate() subscription removed. Remaining: 0
[90mstdout[2m | src/components/MainToolbar.stories.jsx[2m > [22m[2mSettings Menu Only
[22m[39m[MOCK CourseVectorStore] Initialized with mock data
[90mstdout[2m | src/components/MainToolbar.stories.jsx[2m > [22m[2mSettings Menu Only
[22m[39m[TranslationModeController] Setting mode to: off
[90mstdout[2m | src/components/MainToolbar.stories.jsx[2m > [22m[2mSettings Menu Only
[22m[39m[UnitContext] useEffect triggered {
  "authLoading": false,
  "hasUser": true,
  "id": "mock-unit-id",
  "userSub": "mock-user-sub",
}
[90mstdout[2m | src/components/MainToolbar.stories.jsx[2m > [22m[2mSettings Menu Only
[22m[39m[UnitContext] Fetching unit data for id: mock-unit-id
[90mstdout[2m | src/components/MainToolbar.stories.jsx[2m > [22m[2mSettings Menu Only
[22m[39m[FilesContext] Initializing vector store from IndexedDB
[90mstdout[2m | src/components/MainToolbar.stories.jsx[2m > [22m[2mSettings Menu Only
[22m[39m[FilesContext] fetchFiles called
[90mstdout[2m | src/components/MainToolbar.stories.jsx[2m > [22m[2mSettings Menu Only
[22m[39m[FilesContext] User authenticated: mock-user-sub
[90mstdout[2m | src/components/MainToolbar.stories.jsx[2m > [22m[2mSettings Menu Only
[22m[39m[FilesContext] Identity ID: us-east-1:mock-identity-123
[90mstdout[2m | src/components/MainToolbar.stories.jsx[2m > [22m[2mSettings Menu Only
[22m[39m[FilesContext] About to set up File observeQuery
[90mstdout[2m | src/components/MainToolbar.stories.jsx[2m > [22m[2mSettings Menu Only
[22m[39m[ChatContext] Setting up AssistantChat observeQuery
[90mstdout[2m | src/components/MainToolbar.stories.jsx[2m > [22m[2mSettings Menu Only
[22m[39m[ChatContext] Waiting for subscription to initialize
[90mstdout[2m | src/components/MainToolbar.stories.jsx[2m > [22m[2mSettings Menu Only
[22m[39m[SettingsContext] Setting up Settings subscription for user: mock-user-sub
[90mstdout[2m | src/components/MainToolbar.stories.jsx[2m > [22m[2mSettings Menu Only
[22m[39m[Mock Data] Settings created: mock-settings-1790418044655 - notified 0 subscribers
[90mstdout[2m | src/components/MainToolbar.stories.jsx[2m > [22m[2mSettings Menu Only
[22m[39m[Mock Data] Unit.onUpdate() subscription added. Total: 1
[90mstdout[2m | src/components/MainToolbar.stories.jsx[2m > [22m[2mSettings Menu Only
[22m[39m[SectionContext] Section observeQuery update: 0
[90mstdout[2m | src/components/MainToolbar.stories.jsx[2m > [22m[2mSettings Menu Only
[22m[39m[FilesContext] File observeQuery update: 6 files
[90mstdout[2m | src/components/MainToolbar.stories.jsx[2m > [22m[2mSettings Menu Only
[22m[39m[ChatContext] AssistantChat initialized with 1 chats
[90mstdout[2m | src/components/MainToolbar.stories.jsx[2m > [22m[2mSettings Menu Only
[22m[39m[ChatContext] Setting initial chat: mock-assistant-chat-1
[90mstdout[2m | src/components/MainToolbar.stories.jsx[2m > [22m[2mSettings Menu Only
[22m[39m[MOCK CourseVectorStore] Initialized with mock data
[90mstdout[2m | src/components/MainToolbar.stories.jsx[2m > [22m[2mSettings Menu Only
[22m[39m[FilesContext] Vector store population triggered {
  "currentVectorStoreSize": 3,
  "documentsCount": 0,
  "filesCount": 6,
  "isInitialLoad": true,
}
[90mstdout[2m | src/components/MainToolbar.stories.jsx[2m > [22m[2mSettings Menu Only
[22m[39m[FilesContext] Vector store population complete - 3 total embeddings
[90mstdout[2m | src/components/MainToolbar.stories.jsx[2m > [22m[2mSettings Menu Only
[22m[39m[ChatContext] Chat exists and not archived, skipping creation
[90mstdout[2m | src/components/MainToolbar.stories.jsx[2m > [22m[2mSettings Menu Only
[22m[39m[Mock Storage] downloadData called with: undefined
[90mstdout[2m | src/components/MainToolbar.stories.jsx[2m > [22m[2mHelp Menu Only
[22m[39m[ChatContext] Cleaning up subscriptions
[90mstdout[2m | src/components/MainToolbar.stories.jsx[2m > [22m[2mHelp Menu Only
[22m[39m[Mock Data] Unit.onUpdate() subscription removed. Remaining: 0
[90mstdout[2m | src/components/MainToolbar.stories.jsx[2m > [22m[2mHelp Menu Only
[22m[39m[MOCK CourseVectorStore] Initialized with mock data
[90mstdout[2m | src/components/MainToolbar.stories.jsx[2m > [22m[2mHelp Menu Only
[22m[39m[TranslationModeController] Setting mode to: off
[90mstdout[2m | src/components/MainToolbar.stories.jsx[2m > [22m[2mHelp Menu Only
[22m[39m[UnitContext] useEffect triggered {
  "authLoading": false,
  "hasUser": true,
  "id": "mock-unit-id",
  "userSub": "mock-user-sub",
}
[90mstdout[2m | src/components/MainToolbar.stories.jsx[2m > [22m[2mHelp Menu Only
[22m[39m[UnitContext] Fetching unit data for id: mock-unit-id
[90mstdout[2m | src/components/MainToolbar.stories.jsx[2m > [22m[2mHelp Menu Only
[22m[39m[FilesContext] Initializing vector store from IndexedDB
[90mstdout[2m | src/components/MainToolbar.stories.jsx[2m > [22m[2mHelp Menu Only
[22m[39m[FilesContext] fetchFiles called
[90mstdout[2m | src/components/MainToolbar.stories.jsx[2m > [22m[2mHelp Menu Only
[22m[39m[FilesContext] User authenticated: mock-user-sub
[90mstdout[2m | src/components/MainToolbar.stories.jsx[2m > [22m[2mHelp Menu Only
[22m[39m[FilesContext] Identity ID: us-east-1:mock-identity-123
[90mstdout[2m | src/components/MainToolbar.stories.jsx[2m > [22m[2mHelp Menu Only
[22m[39m[FilesContext] About to set up File observeQuery
[90mstdout[2m | src/components/MainToolbar.stories.jsx[2m > [22m[2mHelp Menu Only
[22m[39m[ChatContext] Setting up AssistantChat observeQuery
[90mstdout[2m | src/components/MainToolbar.stories.jsx[2m > [22m[2mHelp Menu Only
[22m[39m[ChatContext] Waiting for subscription to initialize
[90mstdout[2m | src/components/MainToolbar.stories.jsx[2m > [22m[2mHelp Menu Only
[22m[39m[SettingsContext] Setting up Settings subscription for user: mock-user-sub
[90mstdout[2m | src/components/MainToolbar.stories.jsx[2m > [22m[2mHelp Menu Only
[22m[39m[Mock Data] Settings created: mock-settings-1790418044892 - notified 0 subscribers
[90mstdout[2m | src/components/MainToolbar.stories.jsx[2m > [22m[2mHelp Menu Only
[22m[39m[Mock Data] Unit.onUpdate() subscription added. Total: 1
[90mstdout[2m | src/components/MainToolbar.stories.jsx[2m > [22m[2mHelp Menu Only
[22m[39m[SectionContext] Section observeQuery update: 0
[90mstdout[2m | src/components/MainToolbar.stories.jsx[2m > [22m[2mHelp Menu Only
[22m[39m[FilesContext] File observeQuery update: 6 files
[90mstdout[2m | src/components/MainToolbar.stories.jsx[2m > [22m[2mHelp Menu Only
[22m[39m[ChatContext] AssistantChat initialized with 1 chats
[90mstdout[2m | src/components/MainToolbar.stories.jsx[2m > [22m[2mHelp Menu Only
[22m[39m[ChatContext] Setting initial chat: mock-assistant-chat-1
[90mstdout[2m | src/components/MainToolbar.stories.jsx[2m > [22m[2mHelp Menu Only
[22m[39m[MOCK CourseVectorStore] Initialized with mock data
[90mstdout[2m | src/components/MainToolbar.stories.jsx[2m > [22m[2mHelp Menu Only
[22m[39m[FilesContext] Vector store population triggered {
  "currentVectorStoreSize": 3,
  "documentsCount": 0,
  "filesCount": 6,
  "isInitialLoad": true,
}
[90mstdout[2m | src/components/MainToolbar.stories.jsx[2m > [22m[2mHelp Menu Only
[22m[39m[FilesContext] Vector store population complete - 3 total embeddings
[90mstdout[2m | src/components/MainToolbar.stories.jsx[2m > [22m[2mHelp Menu Only
[22m[39m[ChatContext] Chat exists and not archived, skipping creation
[90mstdout[2m | src/components/MainToolbar.stories.jsx[2m > [22m[2mHelp Menu Only
[22m[39m[Mock Storage] downloadData called with: undefined
[90mstdout[2m | src/components/MainToolbar.stories.jsx[2m > [22m[2mUser Menu Only
[22m[39m[ChatContext] Cleaning up subscriptions
[90mstdout[2m | src/components/MainToolbar.stories.jsx[2m > [22m[2mUser Menu Only
[22m[39m[Mock Data] Unit.onUpdate() subscription removed. Remaining: 0
[90mstdout[2m | src/components/MainToolbar.stories.jsx[2m > [22m[2mUser Menu Only
[22m[39m[MOCK CourseVectorStore] Initialized with mock data
[90mstdout[2m | src/components/MainToolbar.stories.jsx[2m > [22m[2mUser Menu Only
[22m[39m[TranslationModeController] Setting mode to: off
[90mstdout[2m | src/components/MainToolbar.stories.jsx[2m > [22m[2mUser Menu Only
[22m[39m[UnitContext] useEffect triggered {
  "authLoading": false,
  "hasUser": true,
  "id": "mock-unit-id",
  "userSub": "mock-user-sub",
}
[90mstdout[2m | src/components/MainToolbar.stories.jsx[2m > [22m[2mUser Menu Only
[22m[39m[UnitContext] Fetching unit data for id: mock-unit-id
[90mstdout[2m | src/components/MainToolbar.stories.jsx[2m > [22m[2mUser Menu Only
[22m[39m[FilesContext] Initializing vector store from IndexedDB
[90mstdout[2m | src/components/MainToolbar.stories.jsx[2m > [22m[2mUser Menu Only
[22m[39m[FilesContext] fetchFiles called
[90mstdout[2m | src/components/MainToolbar.stories.jsx[2m > [22m[2mUser Menu Only
[22m[39m[FilesContext] User authenticated: mock-user-sub
[90mstdout[2m | src/components/MainToolbar.stories.jsx[2m > [22m[2mUser Menu Only
[22m[39m[FilesContext] Identity ID: us-east-1:mock-identity-123
[90mstdout[2m | src/components/MainToolbar.stories.jsx[2m > [22m[2mUser Menu Only
[22m[39m[FilesContext] About to set up File observeQuery
[90mstdout[2m | src/components/MainToolbar.stories.jsx[2m > [22m[2mUser Menu Only
[22m[39m[ChatContext] Setting up AssistantChat observeQuery
[90mstdout[2m | src/components/MainToolbar.stories.jsx[2m > [22m[2mUser Menu Only
[22m[39m[ChatContext] Waiting for subscription to initialize
[90mstdout[2m | src/components/MainToolbar.stories.jsx[2m > [22m[2mUser Menu Only
[22m[39m[SettingsContext] Setting up Settings subscription for user: mock-user-sub
[90mstdout[2m | src/components/MainToolbar.stories.jsx[2m > [22m[2mUser Menu Only
[22m[39m[Mock Data] Settings created: mock-settings-1790418045074 - notified 0 subscribers
[90mstdout[2m | src/components/MainToolbar.stories.jsx[2m > [22m[2mUser Menu Only
[22m[39m[Mock Data] Unit.onUpdate() subscription added. Total: 1
[90mstdout[2m | src/components/MainToolbar.stories.jsx[2m > [22m[2mUser Menu Only
[22m[39m[SectionContext] Section observeQuery update: 0
[90mstdout[2m | src/components/MainToolbar.stories.jsx[2m > [22m[2mUser Menu Only
[22m[39m[FilesContext] File observeQuery update: 6 files
[90mstdout[2m | src/components/MainToolbar.stories.jsx[2m > [22m[2mUser Menu Only
[22m[39m[MOCK CourseVectorStore] Initialized with mock data
[90mstdout[2m | src/components/MainToolbar.stories.jsx[2m > [22m[2mUser Menu Only
[22m[39m[FilesContext] Vector store population triggered {
  "currentVectorStoreSize": 3,
  "documentsCount": 0,
  "filesCount": 6,
  "isInitialLoad": true,
}
[90mstdout[2m | src/components/MainToolbar.stories.jsx[2m > [22m[2mUser Menu Only
[22m[39m[FilesContext] Vector store population complete - 3 total embeddings
[90mstdout[2m | src/components/MainToolbar.stories.jsx[2m > [22m[2mUser Menu Only
[22m[39m[ChatContext] AssistantChat initialized with 1 chats
[90mstdout[2m | src/components/MainToolbar.stories.jsx[2m > [22m[2mUser Menu Only
[22m[39m[ChatContext] Setting initial chat: mock-assistant-chat-1
[90mstdout[2m | src/components/MainToolbar.stories.jsx[2m > [22m[2mUser Menu Only
[22m[39m[Mock Storage] downloadData called with: undefined
[90mstdout[2m | src/components/MainToolbar.stories.jsx[2m > [22m[2mUser Menu Only
[22m[39m[ChatContext] Chat exists and not archived, skipping creation
[90mstdout[2m | src/components/MainToolbar.stories.jsx[2m > [22m[2mJoin Section Demo
[22m[39m[ChatContext] Cleaning up subscriptions
[90mstdout[2m | src/components/MainToolbar.stories.jsx[2m > [22m[2mJoin Section Demo
[22m[39m[Mock Data] Unit.onUpdate() subscription removed. Remaining: 0
[90mstdout[2m | src/components/MainToolbar.stories.jsx[2m > [22m[2mJoin Section Demo
[22m[39m[MOCK CourseVectorStore] Initialized with mock data
[90mstdout[2m | src/components/MainToolbar.stories.jsx[2m > [22m[2mJoin Section Demo
[22m[39m[TranslationModeController] Setting mode to: off
[90mstdout[2m | src/components/MainToolbar.stories.jsx[2m > [22m[2mJoin Section Demo
[22m[39m[UnitContext] useEffect triggered {
  "authLoading": false,
  "hasUser": true,
  "id": "mock-unit-id",
  "userSub": "mock-user-sub",
}
[90mstdout[2m | src/components/MainToolbar.stories.jsx[2m > [22m[2mJoin Section Demo
[22m[39m[UnitContext] Fetching unit data for id: mock-unit-id
[90mstdout[2m | src/components/MainToolbar.stories.jsx[2m > [22m[2mJoin Section Demo
[22m[39m[FilesContext] Initializing vector store from IndexedDB
[90mstdout[2m | src/components/MainToolbar.stories.jsx[2m > [22m[2mJoin Section Demo
[22m[39m[FilesContext] fetchFiles called
[90mstdout[2m | src/components/MainToolbar.stories.jsx[2m > [22m[2mJoin Section Demo
[22m[39m[FilesContext] User authenticated: mock-user-sub
[90mstdout[2m | src/components/MainToolbar.stories.jsx[2m > [22m[2mJoin Section Demo
[22m[39m[FilesContext] Identity ID: us-east-1:mock-identity-123
[90mstdout[2m | src/components/MainToolbar.stories.jsx[2m > [22m[2mJoin Section Demo
[22m[39m[FilesContext] About to set up File observeQuery
[90mstdout[2m | src/components/MainToolbar.stories.jsx[2m > [22m[2mJoin Section Demo
[22m[39m[ChatContext] Setting up AssistantChat observeQuery
[90mstdout[2m | src/components/MainToolbar.stories.jsx[2m > [22m[2mJoin Section Demo
[22m[39m[ChatContext] Waiting for subscription to initialize
[90mstdout[2m | src/components/MainToolbar.stories.jsx[2m > [22m[2mJoin Section Demo
[22m[39m[SettingsContext] Setting up Settings subscription for user: mock-user-sub
[90mstdout[2m | src/components/MainToolbar.stories.jsx[2m > [22m[2mJoin Section Demo
[22m[39m[Mock Data] Settings created: mock-settings-1790418045400 - notified 0 subscribers
[90mstdout[2m | src/components/MainToolbar.stories.jsx[2m > [22m[2mJoin Section Demo
[22m[39m[Mock Data] Unit.onUpdate() subscription added. Total: 1
[90mstdout[2m | src/components/MainToolbar.stories.jsx[2m > [22m[2mJoin Section Demo
[22m[39m[SectionContext] Section observeQuery update: 0
[90mstdout[2m | src/components/MainToolbar.stories.jsx[2m > [22m[2mJoin Section Demo
[22m[39m[FilesContext] File observeQuery update: 6 files
[90mstdout[2m | src/components/MainToolbar.stories.jsx[2m > [22m[2mJoin Section Demo
[22m[39m[ChatContext] AssistantChat initialized with 1 chats
[90mstdout[2m | src/components/MainToolbar.stories.jsx[2m > [22m[2mJoin Section Demo
[22m[39m[ChatContext] Setting initial chat: mock-assistant-chat-1
[90mstdout[2m | src/components/MainToolbar.stories.jsx[2m > [22m[2mJoin Section Demo
[22m[39m[MOCK CourseVectorStore] Initialized with mock data
[90mstdout[2m | src/components/MainToolbar.stories.jsx[2m > [22m[2mJoin Section Demo
[22m[39m[FilesContext] Vector store population triggered {
  "currentVectorStoreSize": 3,
  "documentsCount": 0,
  "filesCount": 6,
  "isInitialLoad": true,
}
[90mstdout[2m | src/components/MainToolbar.stories.jsx[2m > [22m[2mJoin Section Demo
[22m[39m[FilesContext] Vector store population complete - 3 total embeddings
[90mstdout[2m | src/components/MainToolbar.stories.jsx[2m > [22m[2mJoin Section Demo
[22m[39m[ChatContext] Chat exists and not archived, skipping creation
[90mstdout[2m | src/components/MainToolbar.stories.jsx[2m > [22m[2mJoin Section Demo
[22m[39m[Mock Storage] downloadData called with: undefined
 [32m✓[39m [30m[45m storybook (chromium) [49m[39m src/components/MainToolbar.stories.jsx [2m([22m[2m5 tests[22m[2m)[22m[33m 1896[2mms[22m[39m
   [33m[2m✓[22m[39m Full Toolbar [33m 632[2mms[22m[39m
   [33m[2m✓[22m[39m Join Section Demo [33m 620[2mms[22m[39m
[90mstdout[2m | unknown test
[22m[39m[MOCK vectorStoreDB.js] Module loaded - mock IndexedDB operations
[90mstdout[2m | unknown test
[22m[39m[Task Completion] DOM action listeners initialized
[90mstdout[2m | unknown test
[22m[39m[Task Completion] Auto-completion detector initialized
[90mstdout[2m | unknown test
[22m[39m[Preview] Task completion detector initialized
[90mstdout[2m | src/components/Editor3/components/AssignmentConfiguration.stories.jsx[2m > [22m[2mWith Existing Assignment
[22m[39m[MOCK CourseVectorStore] Initialized with mock data
[90mstdout[2m | src/components/Editor3/components/AssignmentConfiguration.stories.jsx[2m > [22m[2mWith Existing Assignment
[22m[39m[TranslationModeController] Setting mode to: off
[90mstdout[2m | src/components/Editor3/components/AssignmentConfiguration.stories.jsx[2m > [22m[2mWith Existing Assignment
[22m[39m[FilesContext] Initializing vector store from IndexedDB
[90mstdout[2m | src/components/Editor3/components/AssignmentConfiguration.stories.jsx[2m > [22m[2mWith Existing Assignment
[22m[39m[FilesContext] fetchFiles called
[90mstdout[2m | src/components/Editor3/components/AssignmentConfiguration.stories.jsx[2m > [22m[2mWith Existing Assignment
[22m[39m[FilesContext] User authenticated: mock-user-sub
[90mstdout[2m | src/components/Editor3/components/AssignmentConfiguration.stories.jsx[2m > [22m[2mWith Existing Assignment
[22m[39m[FilesContext] Identity ID: us-east-1:mock-identity-123
[90mstdout[2m | src/components/Editor3/components/AssignmentConfiguration.stories.jsx[2m > [22m[2mWith Existing Assignment
[22m[39m[FilesContext] About to set up File observeQuery
[90mstdout[2m | src/components/Editor3/components/AssignmentConfiguration.stories.jsx[2m > [22m[2mWith Existing Assignment
[22m[39m[ChatContext] Setting up AssistantChat observeQuery
[90mstdout[2m | src/components/Editor3/components/AssignmentConfiguration.stories.jsx[2m > [22m[2mWith Existing Assignment
[22m[39m[ChatContext] Waiting for subscription to initialize
[90mstdout[2m | src/components/Editor3/components/AssignmentConfiguration.stories.jsx[2m > [22m[2mWith Existing Assignment
[22m[39m[SettingsContext] Setting up Settings subscription for user: mock-user-sub
[90mstdout[2m | src/components/Editor3/components/AssignmentConfiguration.stories.jsx[2m > [22m[2mWith Existing Assignment
[22m[39m[Mock Data] Settings created: mock-settings-1790418053042 - notified 0 subscribers
[90mstdout[2m | src/components/Editor3/components/AssignmentConfiguration.stories.jsx[2m > [22m[2mWith Existing Assignment
[22m[39m[FilesContext] File observeQuery update: 6 files
[90mstdout[2m | src/components/Editor3/components/AssignmentConfiguration.stories.jsx[2m > [22m[2mWith Existing Assignment
[22m[39m[ChatContext] AssistantChat initialized with 1 chats
[90mstdout[2m | src/components/Editor3/components/AssignmentConfiguration.stories.jsx[2m > [22m[2mWith Existing Assignment
[22m[39m[ChatContext] Setting initial chat: mock-assistant-chat-1
[90mstdout[2m | src/components/Editor3/components/AssignmentConfiguration.stories.jsx[2m > [22m[2mWith Existing Assignment
[22m[39m[MOCK CourseVectorStore] Initialized with mock data
[90mstdout[2m | src/components/Editor3/components/AssignmentConfiguration.stories.jsx[2m > [22m[2mWith Existing Assignment
[22m[39m[FilesContext] Vector store population triggered {
  "currentVectorStoreSize": 3,
  "documentsCount": 0,
  "filesCount": 6,
  "isInitialLoad": true,
}
[90mstdout[2m | src/components/Editor3/components/AssignmentConfiguration.stories.jsx[2m > [22m[2mWith Existing Assignment
[22m[39m[FilesContext] Vector store population complete - 3 total embeddings
[90mstdout[2m | src/components/Editor3/components/AssignmentConfiguration.stories.jsx[2m > [22m[2mWith Existing Assignment
[22m[39m[ChatContext] Chat exists and not archived, skipping creation
[90mstdout[2m | src/components/Editor3/components/AssignmentConfiguration.stories.jsx[2m > [22m[2mWith Existing Assignment
[22m[39m[Mock Storage] downloadData called with: undefined
[90mstdout[2m | src/components/Editor3/components/AssignmentConfiguration.stories.jsx[2m > [22m[2mNo Assignments
[22m[39m[ChatContext] Cleaning up subscriptions
[90mstdout[2m | src/components/Editor3/components/AssignmentConfiguration.stories.jsx[2m > [22m[2mNo Assignments
[22m[39m[MOCK CourseVectorStore] Initialized with mock data
[90mstdout[2m | src/components/Editor3/components/AssignmentConfiguration.stories.jsx[2m > [22m[2mNo Assignments
[22m[39m[TranslationModeController] Setting mode to: off
[90mstdout[2m | src/components/Editor3/components/AssignmentConfiguration.stories.jsx[2m > [22m[2mNo Assignments
[22m[39m[FilesContext] Initializing vector store from IndexedDB
[90mstdout[2m | src/components/Editor3/components/AssignmentConfiguration.stories.jsx[2m > [22m[2mNo Assignments
[22m[39m[FilesContext] fetchFiles called
[90mstdout[2m | src/components/Editor3/components/AssignmentConfiguration.stories.jsx[2m > [22m[2mNo Assignments
[22m[39m[FilesContext] User authenticated: mock-user-sub
[90mstdout[2m | src/components/Editor3/components/AssignmentConfiguration.stories.jsx[2m > [22m[2mNo Assignments
[22m[39m[FilesContext] Identity ID: us-east-1:mock-identity-123
[90mstdout[2m | src/components/Editor3/components/AssignmentConfiguration.stories.jsx[2m > [22m[2mNo Assignments
[22m[39m[FilesContext] About to set up File observeQuery
[90mstdout[2m | src/components/Editor3/components/AssignmentConfiguration.stories.jsx[2m > [22m[2mNo Assignments
[22m[39m[ChatContext] Setting up AssistantChat observeQuery
[90mstdout[2m | src/components/Editor3/components/AssignmentConfiguration.stories.jsx[2m > [22m[2mNo Assignments
[22m[39m[ChatContext] Waiting for subscription to initialize
[90mstdout[2m | src/components/Editor3/components/AssignmentConfiguration.stories.jsx[2m > [22m[2mNo Assignments
[22m[39m[SettingsContext] Setting up Settings subscription for user: mock-user-sub
[90mstdout[2m | src/components/Editor3/components/AssignmentConfiguration.stories.jsx[2m > [22m[2mNo Assignments
[22m[39m[Mock Data] Settings created: mock-settings-1790418053627 - notified 0 subscribers
[90mstdout[2m | src/components/Editor3/components/AssignmentConfiguration.stories.jsx[2m > [22m[2mNo Assignments
[22m[39m[FilesContext] File observeQuery update: 6 files
[90mstdout[2m | src/components/Editor3/components/AssignmentConfiguration.stories.jsx[2m > [22m[2mNo Assignments
[22m[39m[ChatContext] AssistantChat initialized with 1 chats
[90mstdout[2m | src/components/Editor3/components/AssignmentConfiguration.stories.jsx[2m > [22m[2mNo Assignments
[22m[39m[ChatContext] Setting initial chat: mock-assistant-chat-1
[90mstdout[2m | src/components/Editor3/components/AssignmentConfiguration.stories.jsx[2m > [22m[2mNo Assignments
[22m[39m[MOCK CourseVectorStore] Initialized with mock data
[90mstdout[2m | src/components/Editor3/components/AssignmentConfiguration.stories.jsx[2m > [22m[2mNo Assignments
[22m[39m[FilesContext] Vector store population triggered {
  "currentVectorStoreSize": 3,
  "documentsCount": 0,
  "filesCount": 6,
  "isInitialLoad": true,
}
[90mstdout[2m | src/components/Editor3/components/AssignmentConfiguration.stories.jsx[2m > [22m[2mNo Assignments
[22m[39m[FilesContext] Vector store population complete - 3 total embeddings
[90mstdout[2m | src/components/Editor3/components/AssignmentConfiguration.stories.jsx[2m > [22m[2mNo Assignments
[22m[39m[ChatContext] Chat exists and not archived, skipping creation
[90mstdout[2m | src/components/Editor3/components/AssignmentConfiguration.stories.jsx[2m > [22m[2mNo Assignments
[22m[39m[Mock Storage] downloadData called with: undefined
[90mstdout[2m | src/components/Editor3/components/AssignmentConfiguration.stories.jsx[2m > [22m[2mNo Sections
[22m[39m[ChatContext] Cleaning up subscriptions
[90mstdout[2m | src/components/Editor3/components/AssignmentConfiguration.stories.jsx[2m > [22m[2mNo Sections
[22m[39m[MOCK CourseVectorStore] Initialized with mock data
[90mstdout[2m | src/components/Editor3/components/AssignmentConfiguration.stories.jsx[2m > [22m[2mNo Sections
[22m[39m[TranslationModeController] Setting mode to: off
[90mstdout[2m | src/components/Editor3/components/AssignmentConfiguration.stories.jsx[2m > [22m[2mNo Sections
[22m[39m[FilesContext] Initializing vector store from IndexedDB
[90mstdout[2m | src/components/Editor3/components/AssignmentConfiguration.stories.jsx[2m > [22m[2mNo Sections
[22m[39m[FilesContext] fetchFiles called
[90mstdout[2m | src/components/Editor3/components/AssignmentConfiguration.stories.jsx[2m > [22m[2mNo Sections
[22m[39m[FilesContext] User authenticated: mock-user-sub
[90mstdout[2m | src/components/Editor3/components/AssignmentConfiguration.stories.jsx[2m > [22m[2mNo Sections
[22m[39m[FilesContext] Identity ID: us-east-1:mock-identity-123
[90mstdout[2m | src/components/Editor3/components/AssignmentConfiguration.stories.jsx[2m > [22m[2mNo Sections
[22m[39m[FilesContext] About to set up File observeQuery
[90mstdout[2m | src/components/Editor3/components/AssignmentConfiguration.stories.jsx[2m > [22m[2mNo Sections
[22m[39m[ChatContext] Setting up AssistantChat observeQuery
[90mstdout[2m | src/components/Editor3/components/AssignmentConfiguration.stories.jsx[2m > [22m[2mNo Sections
[22m[39m[ChatContext] Waiting for subscription to initialize
[90mstdout[2m | src/components/Editor3/components/AssignmentConfiguration.stories.jsx[2m > [22m[2mNo Sections
[22m[39m[SettingsContext] Setting up Settings subscription for user: mock-user-sub
[90mstdout[2m | src/components/Editor3/components/AssignmentConfiguration.stories.jsx[2m > [22m[2mNo Sections
[22m[39m[Mock Data] Settings created: mock-settings-1790418054083 - notified 0 subscribers
[90mstdout[2m | src/components/Editor3/components/AssignmentConfiguration.stories.jsx[2m > [22m[2mNo Sections
[22m[39m[FilesContext] File observeQuery update: 6 files
[90mstdout[2m | src/components/Editor3/components/AssignmentConfiguration.stories.jsx[2m > [22m[2mNo Sections
[22m[39m[ChatContext] AssistantChat initialized with 1 chats
[90mstdout[2m | src/components/Editor3/components/AssignmentConfiguration.stories.jsx[2m > [22m[2mNo Sections
[22m[39m[ChatContext] Setting initial chat: mock-assistant-chat-1
[90mstdout[2m | src/components/Editor3/components/AssignmentConfiguration.stories.jsx[2m > [22m[2mNo Sections
[22m[39m[MOCK CourseVectorStore] Initialized with mock data
[90mstdout[2m | src/components/Editor3/components/AssignmentConfiguration.stories.jsx[2m > [22m[2mNo Sections
[22m[39m[FilesContext] Vector store population triggered {
  "currentVectorStoreSize": 3,
  "documentsCount": 0,
  "filesCount": 6,
  "isInitialLoad": true,
}
[90mstdout[2m | src/components/Editor3/components/AssignmentConfiguration.stories.jsx[2m > [22m[2mNo Sections
[22m[39m[FilesContext] Vector store population complete - 3 total embeddings
[90mstdout[2m | src/components/Editor3/components/AssignmentConfiguration.stories.jsx[2m > [22m[2mNo Sections
[22m[39m[ChatContext] Chat exists and not archived, skipping creation
[90mstdout[2m | src/components/Editor3/components/AssignmentConfiguration.stories.jsx[2m > [22m[2mNo Sections
[22m[39m[Mock Storage] downloadData called with: undefined
 [32m✓[39m [30m[45m storybook (chromium) [49m[39m src/components/Editor3/components/AssignmentConfiguration.stories.jsx [2m([22m[2m3 tests[22m[2m)[22m[33m 2013[2mms[22m[39m
   [33m[2m✓[22m[39m With Existing Assignment [33m 1002[2mms[22m[39m
   [33m[2m✓[22m[39m No Assignments [33m 451[2mms[22m[39m
   [33m[2m✓[22m[39m No Sections [33m 558[2mms[22m[39m
[90mstdout[2m | unknown test
[22m[39m[MOCK vectorStoreDB.js] Module loaded - mock IndexedDB operations
[90mstdout[2m | unknown test
[22m[39m[Task Completion] DOM action listeners initialized
[90mstdout[2m | unknown test
[22m[39m[Task Completion] Auto-completion detector initialized
[90mstdout[2m | unknown test
[22m[39m[Preview] Task completion detector initialized
[90mstdout[2m | src/components/Gamification/AvatarCustomizer.stories.tsx[2m > [22m[2mLevel 2 Colors
[22m[39m[TranslationModeController] Setting mode to: off
[90mstdout[2m | src/components/Gamification/AvatarCustomizer.stories.tsx[2m > [22m[2mLevel 4 Accessories
[22m[39m[TranslationModeController] Setting mode to: off
[90mstdout[2m | src/components/Gamification/AvatarCustomizer.stories.tsx[2m > [22m[2mLevel 5 Full
[22m[39m[TranslationModeController] Setting mode to: off
[90mstdout[2m | src/components/Gamification/AvatarCustomizer.stories.tsx[2m > [22m[2mLevel 1 All Locked
[22m[39m[TranslationModeController] Setting mode to: off
[90mstdout[2m | src/components/Gamification/AvatarCustomizer.stories.tsx[2m > [22m[2mWith Existing Overrides
[22m[39m[TranslationModeController] Setting mode to: off
 [32m✓[39m [30m[45m storybook (chromium) [49m[39m src/components/Gamification/AvatarCustomizer.stories.tsx [2m([22m[2m5 tests[22m[2m)[22m[33m 1823[2mms[22m[39m
   [33m[2m✓[22m[39m Level 2 Colors [33m 467[2mms[22m[39m
   [33m[2m✓[22m[39m Level 4 Accessories [33m 367[2mms[22m[39m
   [33m[2m✓[22m[39m Level 5 Full [33m 340[2mms[22m[39m
   [33m[2m✓[22m[39m Level 1 All Locked [33m 325[2mms[22m[39m
   [33m[2m✓[22m[39m With Existing Overrides [33m 323[2mms[22m[39m
[90mstdout[2m | unknown test
[22m[39m[MOCK vectorStoreDB.js] Module loaded - mock IndexedDB operations
[90mstdout[2m | unknown test
[22m[39m[Task Completion] DOM action listeners initialized
[90mstdout[2m | unknown test
[22m[39m[Task Completion] Auto-completion detector initialized
[90mstdout[2m | unknown test
[22m[39m[Preview] Task completion detector initialized
[90mstdout[2m | src/components/NotificationCard.stories.tsx[2m > [22m[2mUnseen
[22m[39m[TranslationModeController] Setting mode to: off
[90mstdout[2m | src/components/NotificationCard.stories.tsx[2m > [22m[2mSeen
[22m[39m[TranslationModeController] Setting mode to: off
[90mstdout[2m | src/components/NotificationCard.stories.tsx[2m > [22m[2mInteracted
[22m[39m[TranslationModeController] Setting mode to: off
[90mstdout[2m | src/components/NotificationCard.stories.tsx[2m > [22m[2mAssignment Category
[22m[39m[TranslationModeController] Setting mode to: off
[90mstdout[2m | src/components/NotificationCard.stories.tsx[2m > [22m[2mCollaboration Category
[22m[39m[TranslationModeController] Setting mode to: off
[90mstdout[2m | src/components/NotificationCard.stories.tsx[2m > [22m[2mSquad Category
[22m[39m[TranslationModeController] Setting mode to: off
[90mstdout[2m | src/components/NotificationCard.stories.tsx[2m > [22m[2mSystem Category
[22m[39m[TranslationModeController] Setting mode to: off
[90mstdout[2m | src/components/NotificationCard.stories.tsx[2m > [22m[2mTitle Only (no body)
[22m[39m[TranslationModeController] Setting mode to: off
[90mstdout[2m | src/components/NotificationCard.stories.tsx[2m > [22m[2mAll Categories (stacked)
[22m[39m[TranslationModeController] Setting mode to: off
 [32m✓[39m [30m[45m storybook (chromium) [49m[39m src/components/NotificationCard.stories.tsx [2m([22m[2m9 tests[22m[2m)[22m[33m 1245[2mms[22m[39m
[90mstdout[2m | unknown test
[22m[39m[MOCK vectorStoreDB.js] Module loaded - mock IndexedDB operations
[90mstdout[2m | unknown test
[22m[39m[Task Completion] DOM action listeners initialized
[90mstdout[2m | unknown test
[22m[39m[Task Completion] Auto-completion detector initialized
[90mstdout[2m | unknown test
[22m[39m[Preview] Task completion detector initialized
[90mstdout[2m | src/components/CollaborativeChat/TopicList.stories.tsx[2m > [22m[2mSection Scope
[22m[39m[TranslationModeController] Setting mode to: off
[90mstdout[2m | src/components/CollaborativeChat/TopicList.stories.tsx[2m > [22m[2mUnit Scope
[22m[39m[TranslationModeController] Setting mode to: off
[90mstdout[2m | src/components/CollaborativeChat/TopicList.stories.tsx[2m > [22m[2mEmpty Topics
[22m[39m[TranslationModeController] Setting mode to: off
[90mstdout[2m | src/components/CollaborativeChat/TopicList.stories.tsx[2m > [22m[2mNo Selection
[22m[39m[TranslationModeController] Setting mode to: off
 [32m✓[39m [30m[45m storybook (chromium) [49m[39m src/components/CollaborativeChat/TopicList.stories.tsx [2m([22m[2m4 tests[22m[2m)[22m[33m 1571[2mms[22m[39m
   [33m[2m✓[22m[39m Section Scope [33m 812[2mms[22m[39m
   [33m[2m✓[22m[39m Empty Topics [33m 459[2mms[22m[39m
[90mstdout[2m | unknown test
[22m[39m[MOCK vectorStoreDB.js] Module loaded - mock IndexedDB operations
[90mstdout[2m | unknown test
[22m[39m[Task Completion] DOM action listeners initialized
[90mstdout[2m | unknown test
[22m[39m[Task Completion] Auto-completion detector initialized
[90mstdout[2m | unknown test
[22m[39m[Preview] Task completion detector initialized
[90mstdout[2m | src/components/Gamification/EasterEggForm.stories.tsx[2m > [22m[2mDefault
[22m[39m[TranslationModeController] Setting mode to: off
[90mstdout[2m | src/components/Gamification/EasterEggForm.stories.tsx[2m > [22m[2mSubmitting
[22m[39m[TranslationModeController] Setting mode to: off
 [32m✓[39m [30m[45m storybook (chromium) [49m[39m src/components/Gamification/EasterEggForm.stories.tsx [2m([22m[2m2 tests[22m[2m)[22m[33m 1370[2mms[22m[39m
   [33m[2m✓[22m[39m Default [33m 1181[2mms[22m[39m
[90mstdout[2m | unknown test
[22m[39m[MOCK vectorStoreDB.js] Module loaded - mock IndexedDB operations
[90mstdout[2m | unknown test
[22m[39m[Task Completion] DOM action listeners initialized
[90mstdout[2m | unknown test
[22m[39m[Task Completion] Auto-completion detector initialized
[90mstdout[2m | unknown test
[22m[39m[Preview] Task completion detector initialized
[90mstdout[2m | src/components/MiniEditor/MiniEditor.stories.tsx[2m > [22m[2mRead Only
[22m[39m[MOCK CourseVectorStore] Initialized with mock data
[90mstdout[2m | src/components/MiniEditor/MiniEditor.stories.tsx[2m > [22m[2mRead Only
[22m[39m[TranslationModeController] Setting mode to: off
[90mstdout[2m | src/components/MiniEditor/MiniEditor.stories.tsx[2m > [22m[2mRead Only
[22m[39m[UnitContext] useEffect triggered {
  "authLoading": false,
  "hasUser": true,
  "id": "mock-unit-id",
  "userSub": "mock-user-sub",
}
[90mstdout[2m | src/components/MiniEditor/MiniEditor.stories.tsx[2m > [22m[2mRead Only
[22m[39m[UnitContext] Fetching unit data for id: mock-unit-id
[90mstdout[2m | src/components/MiniEditor/MiniEditor.stories.tsx[2m > [22m[2mRead Only
[22m[39m[FilesContext] Initializing vector store from IndexedDB
[90mstdout[2m | src/components/MiniEditor/MiniEditor.stories.tsx[2m > [22m[2mRead Only
[22m[39m[FilesContext] fetchFiles called
[90mstdout[2m | src/components/MiniEditor/MiniEditor.stories.tsx[2m > [22m[2mRead Only
[22m[39m[FilesContext] User authenticated: mock-user-sub
[90mstdout[2m | src/components/MiniEditor/MiniEditor.stories.tsx[2m > [22m[2mRead Only
[22m[39m[FilesContext] Identity ID: us-east-1:mock-identity-123
[90mstdout[2m | src/components/MiniEditor/MiniEditor.stories.tsx[2m > [22m[2mRead Only
[22m[39m[FilesContext] About to set up File observeQuery
[90mstdout[2m | src/components/MiniEditor/MiniEditor.stories.tsx[2m > [22m[2mRead Only
[22m[39m[ChatContext] Setting up AssistantChat observeQuery
[90mstdout[2m | src/components/MiniEditor/MiniEditor.stories.tsx[2m > [22m[2mRead Only
[22m[39m[ChatContext] Waiting for subscription to initialize
[90mstdout[2m | src/components/MiniEditor/MiniEditor.stories.tsx[2m > [22m[2mRead Only
[22m[39m[SettingsContext] Setting up Settings subscription for user: mock-user-sub
[90mstdout[2m | src/components/MiniEditor/MiniEditor.stories.tsx[2m > [22m[2mRead Only
[22m[39m[Mock Data] Settings created: mock-settings-1790418071030 - notified 0 subscribers
[90mstdout[2m | src/components/MiniEditor/MiniEditor.stories.tsx[2m > [22m[2mRead Only
[22m[39m[Mock Data] Unit.onUpdate() subscription added. Total: 1
[90mstdout[2m | src/components/MiniEditor/MiniEditor.stories.tsx[2m > [22m[2mRead Only
[22m[39m[SectionContext] Section observeQuery update: 0
[90mstdout[2m | src/components/MiniEditor/MiniEditor.stories.tsx[2m > [22m[2mRead Only
[22m[39m[FilesContext] File observeQuery update: 6 files
[90mstdout[2m | src/components/MiniEditor/MiniEditor.stories.tsx[2m > [22m[2mRead Only
[22m[39m[ChatContext] AssistantChat initialized with 1 chats
[90mstdout[2m | src/components/MiniEditor/MiniEditor.stories.tsx[2m > [22m[2mRead Only
[22m[39m[ChatContext] Setting initial chat: mock-assistant-chat-1
[90mstdout[2m | src/components/MiniEditor/MiniEditor.stories.tsx[2m > [22m[2mRead Only
[22m[39m[MOCK CourseVectorStore] Initialized with mock data
[90mstdout[2m | src/components/MiniEditor/MiniEditor.stories.tsx[2m > [22m[2mRead Only
[22m[39m[FilesContext] Vector store population triggered {
  "currentVectorStoreSize": 3,
  "documentsCount": 0,
  "filesCount": 6,
  "isInitialLoad": true,
}
[90mstdout[2m | src/components/MiniEditor/MiniEditor.stories.tsx[2m > [22m[2mRead Only
[22m[39m[FilesContext] Vector store population complete - 3 total embeddings
[90mstdout[2m | src/components/MiniEditor/MiniEditor.stories.tsx[2m > [22m[2mRead Only
[22m[39m[ChatContext] Chat exists and not archived, skipping creation
[90mstdout[2m | src/components/MiniEditor/MiniEditor.stories.tsx[2m > [22m[2mRead Only
[22m[39m[Mock Storage] downloadData called with: undefined
[90mstdout[2m | src/components/MiniEditor/MiniEditor.stories.tsx[2m > [22m[2mRead-Only (Compact)
[22m[39m[ChatContext] Cleaning up subscriptions
[90mstdout[2m | src/components/MiniEditor/MiniEditor.stories.tsx[2m > [22m[2mRead-Only (Compact)
[22m[39m[Mock Data] Unit.onUpdate() subscription removed. Remaining: 0
[90mstdout[2m | src/components/MiniEditor/MiniEditor.stories.tsx[2m > [22m[2mRead-Only (Compact)
[22m[39m[MOCK CourseVectorStore] Initialized with mock data
[90mstdout[2m | src/components/MiniEditor/MiniEditor.stories.tsx[2m > [22m[2mRead-Only (Compact)
[22m[39m[TranslationModeController] Setting mode to: off
[90mstdout[2m | src/components/MiniEditor/MiniEditor.stories.tsx[2m > [22m[2mRead-Only (Compact)
[22m[39m[UnitContext] useEffect triggered {
  "authLoading": false,
  "hasUser": true,
  "id": "mock-unit-id",
  "userSub": "mock-user-sub",
}
[90mstdout[2m | src/components/MiniEditor/MiniEditor.stories.tsx[2m > [22m[2mRead-Only (Compact)
[22m[39m[UnitContext] Fetching unit data for id: mock-unit-id
[90mstdout[2m | src/components/MiniEditor/MiniEditor.stories.tsx[2m > [22m[2mRead-Only (Compact)
[22m[39m[FilesContext] Initializing vector store from IndexedDB
[90mstdout[2m | src/components/MiniEditor/MiniEditor.stories.tsx[2m > [22m[2mRead-Only (Compact)
[22m[39m[FilesContext] fetchFiles called
[90mstdout[2m | src/components/MiniEditor/MiniEditor.stories.tsx[2m > [22m[2mRead-Only (Compact)
[22m[39m[FilesContext] User authenticated: mock-user-sub
[90mstdout[2m | src/components/MiniEditor/MiniEditor.stories.tsx[2m > [22m[2mRead-Only (Compact)
[22m[39m[FilesContext] Identity ID: us-east-1:mock-identity-123
[90mstdout[2m | src/components/MiniEditor/MiniEditor.stories.tsx[2m > [22m[2mRead-Only (Compact)
[22m[39m[FilesContext] About to set up File observeQuery
[90mstdout[2m | src/components/MiniEditor/MiniEditor.stories.tsx[2m > [22m[2mRead-Only (Compact)
[22m[39m[ChatContext] Setting up AssistantChat observeQuery
[90mstdout[2m | src/components/MiniEditor/MiniEditor.stories.tsx[2m > [22m[2mRead-Only (Compact)
[22m[39m[ChatContext] Waiting for subscription to initialize
[90mstdout[2m | src/components/MiniEditor/MiniEditor.stories.tsx[2m > [22m[2mRead-Only (Compact)
[22m[39m[SettingsContext] Setting up Settings subscription for user: mock-user-sub
[90mstdout[2m | src/components/MiniEditor/MiniEditor.stories.tsx[2m > [22m[2mRead-Only (Compact)
[22m[39m[Mock Data] Settings created: mock-settings-1790418071215 - notified 0 subscribers
[90mstdout[2m | src/components/MiniEditor/MiniEditor.stories.tsx[2m > [22m[2mRead-Only (Compact)
[22m[39m[Mock Data] Unit.onUpdate() subscription added. Total: 1
[90mstdout[2m | src/components/MiniEditor/MiniEditor.stories.tsx[2m > [22m[2mRead-Only (Compact)
[22m[39m[SectionContext] Section observeQuery update: 0
[90mstdout[2m | src/components/MiniEditor/MiniEditor.stories.tsx[2m > [22m[2mRead-Only (Compact)
[22m[39m[FilesContext] File observeQuery update: 6 files
[90mstdout[2m | src/components/MiniEditor/MiniEditor.stories.tsx[2m > [22m[2mRead-Only (Compact)
[22m[39m[ChatContext] AssistantChat initialized with 1 chats
[90mstdout[2m | src/components/MiniEditor/MiniEditor.stories.tsx[2m > [22m[2mRead-Only (Compact)
[22m[39m[ChatContext] Setting initial chat: mock-assistant-chat-1
[90mstdout[2m | src/components/MiniEditor/MiniEditor.stories.tsx[2m > [22m[2mRead-Only (Compact)
[22m[39m[Mock Storage] downloadData called with: undefined
[90mstdout[2m | src/components/MiniEditor/MiniEditor.stories.tsx[2m > [22m[2mRead-Only (Compact)
[22m[39m[MOCK CourseVectorStore] Initialized with mock data
[90mstdout[2m | src/components/MiniEditor/MiniEditor.stories.tsx[2m > [22m[2mRead-Only (Compact)
[22m[39m[FilesContext] Vector store population triggered {
  "currentVectorStoreSize": 3,
  "documentsCount": 0,
  "filesCount": 6,
  "isInitialLoad": true,
}
[90mstdout[2m | src/components/MiniEditor/MiniEditor.stories.tsx[2m > [22m[2mRead-Only (Compact)
[22m[39m[FilesContext] Vector store population complete - 3 total embeddings
[90mstdout[2m | src/components/MiniEditor/MiniEditor.stories.tsx[2m > [22m[2mRead-Only (Compact)
[22m[39m[ChatContext] Chat exists and not archived, skipping creation
[90mstdout[2m | src/components/MiniEditor/MiniEditor.stories.tsx[2m > [22m[2mRead-Only (Scrollable)
[22m[39m[ChatContext] Cleaning up subscriptions
[90mstdout[2m | src/components/MiniEditor/MiniEditor.stories.tsx[2m > [22m[2mRead-Only (Scrollable)
[22m[39m[Mock Data] Unit.onUpdate() subscription removed. Remaining: 0
[90mstdout[2m | src/components/MiniEditor/MiniEditor.stories.tsx[2m > [22m[2mRead-Only (Scrollable)
[22m[39m[MOCK CourseVectorStore] Initialized with mock data
[90mstdout[2m | src/components/MiniEditor/MiniEditor.stories.tsx[2m > [22m[2mRead-Only (Scrollable)
[22m[39m[TranslationModeController] Setting mode to: off
[90mstdout[2m | src/components/MiniEditor/MiniEditor.stories.tsx[2m > [22m[2mRead-Only (Scrollable)
[22m[39m[UnitContext] useEffect triggered {
  "authLoading": false,
  "hasUser": true,
  "id": "mock-unit-id",
  "userSub": "mock-user-sub",
}
[90mstdout[2m | src/components/MiniEditor/MiniEditor.stories.tsx[2m > [22m[2mRead-Only (Scrollable)
[22m[39m[UnitContext] Fetching unit data for id: mock-unit-id
[90mstdout[2m | src/components/MiniEditor/MiniEditor.stories.tsx[2m > [22m[2mRead-Only (Scrollable)
[22m[39m[FilesContext] Initializing vector store from IndexedDB
[90mstdout[2m | src/components/MiniEditor/MiniEditor.stories.tsx[2m > [22m[2mRead-Only (Scrollable)
[22m[39m[FilesContext] fetchFiles called
[90mstdout[2m | src/components/MiniEditor/MiniEditor.stories.tsx[2m > [22m[2mRead-Only (Scrollable)
[22m[39m[FilesContext] User authenticated: mock-user-sub
[90mstdout[2m | src/components/MiniEditor/MiniEditor.stories.tsx[2m > [22m[2mRead-Only (Scrollable)
[22m[39m[FilesContext] Identity ID: us-east-1:mock-identity-123
[90mstdout[2m | src/components/MiniEditor/MiniEditor.stories.tsx[2m > [22m[2mRead-Only (Scrollable)
[22m[39m[FilesContext] About to set up File observeQuery
[90mstdout[2m | src/components/MiniEditor/MiniEditor.stories.tsx[2m > [22m[2mRead-Only (Scrollable)
[22m[39m[ChatContext] Setting up AssistantChat observeQuery
[90mstdout[2m | src/components/MiniEditor/MiniEditor.stories.tsx[2m > [22m[2mRead-Only (Scrollable)
[22m[39m[ChatContext] Waiting for subscription to initialize
[90mstdout[2m | src/components/MiniEditor/MiniEditor.stories.tsx[2m > [22m[2mRead-Only (Scrollable)
[22m[39m[SettingsContext] Setting up Settings subscription for user: mock-user-sub
[90mstdout[2m | src/components/MiniEditor/MiniEditor.stories.tsx[2m > [22m[2mRead-Only (Scrollable)
[22m[39m[Mock Data] Settings created: mock-settings-1790418071356 - notified 0 subscribers
[90mstdout[2m | src/components/MiniEditor/MiniEditor.stories.tsx[2m > [22m[2mRead-Only (Scrollable)
[22m[39m[Mock Data] Unit.onUpdate() subscription added. Total: 1
[90mstdout[2m | src/components/MiniEditor/MiniEditor.stories.tsx[2m > [22m[2mRead-Only (Scrollable)
[22m[39m[SectionContext] Section observeQuery update: 0
[90mstdout[2m | src/components/MiniEditor/MiniEditor.stories.tsx[2m > [22m[2mRead-Only (Scrollable)
[22m[39m[FilesContext] File observeQuery update: 6 files
[90mstdout[2m | src/components/MiniEditor/MiniEditor.stories.tsx[2m > [22m[2mRead-Only (Scrollable)
[22m[39m[ChatContext] AssistantChat initialized with 1 chats
[90mstdout[2m | src/components/MiniEditor/MiniEditor.stories.tsx[2m > [22m[2mRead-Only (Scrollable)
[22m[39m[ChatContext] Setting initial chat: mock-assistant-chat-1
[90mstdout[2m | src/components/MiniEditor/MiniEditor.stories.tsx[2m > [22m[2mRead-Only (Scrollable)
[22m[39m[MOCK CourseVectorStore] Initialized with mock data
[90mstdout[2m | src/components/MiniEditor/MiniEditor.stories.tsx[2m > [22m[2mRead-Only (Scrollable)
[22m[39m[FilesContext] Vector store population triggered {
  "currentVectorStoreSize": 3,
  "documentsCount": 0,
  "filesCount": 6,
  "isInitialLoad": true,
}
[90mstdout[2m | src/components/MiniEditor/MiniEditor.stories.tsx[2m > [22m[2mRead-Only (Scrollable)
[22m[39m[FilesContext] Vector store population complete - 3 total embeddings
[90mstdout[2m | src/components/MiniEditor/MiniEditor.stories.tsx[2m > [22m[2mRead-Only (Scrollable)
[22m[39m[ChatContext] Chat exists and not archived, skipping creation
[90mstdout[2m | src/components/MiniEditor/MiniEditor.stories.tsx[2m > [22m[2mRead-Only (Scrollable)
[22m[39m[Mock Storage] downloadData called with: undefined
[90mstdout[2m | src/components/MiniEditor/MiniEditor.stories.tsx[2m > [22m[2mRead-Only (Scrollable)
[22m[39mfilterWords {
  "filter": "",
  "wordsCount": 0,
}
[90mstdout[2m | src/components/MiniEditor/MiniEditor.stories.tsx[2m > [22m[2mRead-Only (No content)
[22m[39m[ChatContext] Cleaning up subscriptions
[90mstdout[2m | src/components/MiniEditor/MiniEditor.stories.tsx[2m > [22m[2mRead-Only (No content)
[22m[39m[Mock Data] Unit.onUpdate() subscription removed. Remaining: 0
[90mstdout[2m | src/components/MiniEditor/MiniEditor.stories.tsx[2m > [22m[2mRead-Only (No content)
[22m[39m[MOCK CourseVectorStore] Initialized with mock data
[90mstdout[2m | src/components/MiniEditor/MiniEditor.stories.tsx[2m > [22m[2mRead-Only (No content)
[22m[39m[TranslationModeController] Setting mode to: off
[90mstdout[2m | src/components/MiniEditor/MiniEditor.stories.tsx[2m > [22m[2mRead-Only (No content)
[22m[39m[UnitContext] useEffect triggered {
  "authLoading": false,
  "hasUser": true,
  "id": "mock-unit-id",
  "userSub": "mock-user-sub",
}
[90mstdout[2m | src/components/MiniEditor/MiniEditor.stories.tsx[2m > [22m[2mRead-Only (No content)
[22m[39m[UnitContext] Fetching unit data for id: mock-unit-id
[90mstdout[2m | src/components/MiniEditor/MiniEditor.stories.tsx[2m > [22m[2mRead-Only (No content)
[22m[39m[FilesContext] Initializing vector store from IndexedDB
[90mstdout[2m | src/components/MiniEditor/MiniEditor.stories.tsx[2m > [22m[2mRead-Only (No content)
[22m[39m[FilesContext] fetchFiles called
[90mstdout[2m | src/components/MiniEditor/MiniEditor.stories.tsx[2m > [22m[2mRead-Only (No content)
[22m[39m[FilesContext] User authenticated: mock-user-sub
[90mstdout[2m | src/components/MiniEditor/MiniEditor.stories.tsx[2m > [22m[2mRead-Only (No content)
[22m[39m[FilesContext] Identity ID: us-east-1:mock-identity-123
[90mstdout[2m | src/components/MiniEditor/MiniEditor.stories.tsx[2m > [22m[2mRead-Only (No content)
[22m[39m[FilesContext] About to set up File observeQuery
[90mstdout[2m | src/components/MiniEditor/MiniEditor.stories.tsx[2m > [22m[2mRead-Only (No content)
[22m[39m[ChatContext] Setting up AssistantChat observeQuery
[90mstdout[2m | src/components/MiniEditor/MiniEditor.stories.tsx[2m > [22m[2mRead-Only (No content)
[22m[39m[ChatContext] Waiting for subscription to initialize
[90mstdout[2m | src/components/MiniEditor/MiniEditor.stories.tsx[2m > [22m[2mRead-Only (No content)
[22m[39m[SettingsContext] Setting up Settings subscription for user: mock-user-sub
[90mstdout[2m | src/components/MiniEditor/MiniEditor.stories.tsx[2m > [22m[2mRead-Only (No content)
[22m[39m[Mock Data] Settings created: mock-settings-1790418071626 - notified 0 subscribers
[90mstdout[2m | src/components/MiniEditor/MiniEditor.stories.tsx[2m > [22m[2mRead-Only (No content)
[22m[39m[Mock Data] Unit.onUpdate() subscription added. Total: 1
[90mstdout[2m | src/components/MiniEditor/MiniEditor.stories.tsx[2m > [22m[2mRead-Only (No content)
[22m[39m[SectionContext] Section observeQuery update: 0
[90mstdout[2m | src/components/MiniEditor/MiniEditor.stories.tsx[2m > [22m[2mRead-Only (No content)
[22m[39m[FilesContext] File observeQuery update: 6 files
[90mstdout[2m | src/components/MiniEditor/MiniEditor.stories.tsx[2m > [22m[2mRead-Only (No content)
[22m[39m[ChatContext] AssistantChat initialized with 1 chats
[90mstdout[2m | src/components/MiniEditor/MiniEditor.stories.tsx[2m > [22m[2mRead-Only (No content)
[22m[39m[ChatContext] Setting initial chat: mock-assistant-chat-1
[90mstdout[2m | src/components/MiniEditor/MiniEditor.stories.tsx[2m > [22m[2mRead-Only (No content)
[22m[39m[MOCK CourseVectorStore] Initialized with mock data
[90mstdout[2m | src/components/MiniEditor/MiniEditor.stories.tsx[2m > [22m[2mRead-Only (No content)
[22m[39m[FilesContext] Vector store population triggered {
  "currentVectorStoreSize": 3,
  "documentsCount": 0,
  "filesCount": 6,
  "isInitialLoad": true,
}
[90mstdout[2m | src/components/MiniEditor/MiniEditor.stories.tsx[2m > [22m[2mRead-Only (No content)
[22m[39m[FilesContext] Vector store population complete - 3 total embeddings
[90mstdout[2m | src/components/MiniEditor/MiniEditor.stories.tsx[2m > [22m[2mRead-Only (No content)
[22m[39m[ChatContext] Chat exists and not archived, skipping creation
[90mstdout[2m | src/components/MiniEditor/MiniEditor.stories.tsx[2m > [22m[2mRead-Only (No content)
[22m[39m[Mock Storage] downloadData called with: undefined
[90mstdout[2m | src/components/MiniEditor/MiniEditor.stories.tsx[2m > [22m[2mEditable
[22m[39m[ChatContext] Cleaning up subscriptions
[90mstdout[2m | src/components/MiniEditor/MiniEditor.stories.tsx[2m > [22m[2mEditable
[22m[39m[Mock Data] Unit.onUpdate() subscription removed. Remaining: 0
[90mstdout[2m | src/components/MiniEditor/MiniEditor.stories.tsx[2m > [22m[2mEditable
[22m[39m[MOCK CourseVectorStore] Initialized with mock data
[90mstdout[2m | src/components/MiniEditor/MiniEditor.stories.tsx[2m > [22m[2mEditable
[22m[39m[TranslationModeController] Setting mode to: off
[90mstdout[2m | src/components/MiniEditor/MiniEditor.stories.tsx[2m > [22m[2mEditable
[22m[39m[UnitContext] useEffect triggered {
  "authLoading": false,
  "hasUser": true,
  "id": "mock-unit-id",
  "userSub": "mock-user-sub",
}
[90mstdout[2m | src/components/MiniEditor/MiniEditor.stories.tsx[2m > [22m[2mEditable
[22m[39m[UnitContext] Fetching unit data for id: mock-unit-id
[90mstdout[2m | src/components/MiniEditor/MiniEditor.stories.tsx[2m > [22m[2mEditable
[22m[39m[FilesContext] Initializing vector store from IndexedDB
[90mstdout[2m | src/components/MiniEditor/MiniEditor.stories.tsx[2m > [22m[2mEditable
[22m[39m[FilesContext] fetchFiles called
[90mstdout[2m | src/components/MiniEditor/MiniEditor.stories.tsx[2m > [22m[2mEditable
[22m[39m[FilesContext] User authenticated: mock-user-sub
[90mstdout[2m | src/components/MiniEditor/MiniEditor.stories.tsx[2m > [22m[2mEditable
[22m[39m[FilesContext] Identity ID: us-east-1:mock-identity-123
[90mstdout[2m | src/components/MiniEditor/MiniEditor.stories.tsx[2m > [22m[2mEditable
[22m[39m[FilesContext] About to set up File observeQuery
[90mstdout[2m | src/components/MiniEditor/MiniEditor.stories.tsx[2m > [22m[2mEditable
[22m[39m[ChatContext] Setting up AssistantChat observeQuery
[90mstdout[2m | src/components/MiniEditor/MiniEditor.stories.tsx[2m > [22m[2mEditable
[22m[39m[ChatContext] Waiting for subscription to initialize
[90mstdout[2m | src/components/MiniEditor/MiniEditor.stories.tsx[2m > [22m[2mEditable
[22m[39m[SettingsContext] Setting up Settings subscription for user: mock-user-sub
[90mstdout[2m | src/components/MiniEditor/MiniEditor.stories.tsx[2m > [22m[2mEditable
[22m[39m[Mock Data] Settings created: mock-settings-1790418071773 - notified 0 subscribers
[90mstdout[2m | src/components/MiniEditor/MiniEditor.stories.tsx[2m > [22m[2mEditable
[22m[39m[Mock Data] Unit.onUpdate() subscription added. Total: 1
[90mstdout[2m | src/components/MiniEditor/MiniEditor.stories.tsx[2m > [22m[2mEditable
[22m[39m[SectionContext] Section observeQuery update: 0
[90mstdout[2m | src/components/MiniEditor/MiniEditor.stories.tsx[2m > [22m[2mEditable
[22m[39m[FilesContext] File observeQuery update: 6 files
[90mstdout[2m | src/components/MiniEditor/MiniEditor.stories.tsx[2m > [22m[2mEditable
[22m[39m[ChatContext] AssistantChat initialized with 1 chats
[90mstdout[2m | src/components/MiniEditor/MiniEditor.stories.tsx[2m > [22m[2mEditable
[22m[39m[ChatContext] Setting initial chat: mock-assistant-chat-1
[90mstdout[2m | src/components/MiniEditor/MiniEditor.stories.tsx[2m > [22m[2mEditable
[22m[39m[MOCK CourseVectorStore] Initialized with mock data
[90mstdout[2m | src/components/MiniEditor/MiniEditor.stories.tsx[2m > [22m[2mEditable
[22m[39m[FilesContext] Vector store population triggered {
  "currentVectorStoreSize": 3,
  "documentsCount": 0,
  "filesCount": 6,
  "isInitialLoad": true,
}
[90mstdout[2m | src/components/MiniEditor/MiniEditor.stories.tsx[2m > [22m[2mEditable
[22m[39m[FilesContext] Vector store population complete - 3 total embeddings
[90mstdout[2m | src/components/MiniEditor/MiniEditor.stories.tsx[2m > [22m[2mEditable
[22m[39m[ChatContext] Chat exists and not archived, skipping creation
[90mstdout[2m | src/components/MiniEditor/MiniEditor.stories.tsx[2m > [22m[2mEditable
[22m[39m[Mock Storage] downloadData called with: undefined
[90mstdout[2m | src/components/MiniEditor/MiniEditor.stories.tsx[2m > [22m[2mEditable (Pre-filled)
[22m[39m[ChatContext] Cleaning up subscriptions
[90mstdout[2m | src/components/MiniEditor/MiniEditor.stories.tsx[2m > [22m[2mEditable (Pre-filled)
[22m[39m[Mock Data] Unit.onUpdate() subscription removed. Remaining: 0
[90mstdout[2m | src/components/MiniEditor/MiniEditor.stories.tsx[2m > [22m[2mEditable (Pre-filled)
[22m[39m[MOCK CourseVectorStore] Initialized with mock data
[90mstdout[2m | src/components/MiniEditor/MiniEditor.stories.tsx[2m > [22m[2mEditable (Pre-filled)
[22m[39m[TranslationModeController] Setting mode to: off
[90mstdout[2m | src/components/MiniEditor/MiniEditor.stories.tsx[2m > [22m[2mEditable (Pre-filled)
[22m[39m[UnitContext] useEffect triggered {
  "authLoading": false,
  "hasUser": true,
  "id": "mock-unit-id",
  "userSub": "mock-user-sub",
}
[90mstdout[2m | src/components/MiniEditor/MiniEditor.stories.tsx[2m > [22m[2mEditable (Pre-filled)
[22m[39m[UnitContext] Fetching unit data for id: mock-unit-id
[90mstdout[2m | src/components/MiniEditor/MiniEditor.stories.tsx[2m > [22m[2mEditable (Pre-filled)
[22m[39m[FilesContext] Initializing vector store from IndexedDB
[90mstdout[2m | src/components/MiniEditor/MiniEditor.stories.tsx[2m > [22m[2mEditable (Pre-filled)
[22m[39m[FilesContext] fetchFiles called
[90mstdout[2m | src/components/MiniEditor/MiniEditor.stories.tsx[2m > [22m[2mEditable (Pre-filled)
[22m[39m[FilesContext] User authenticated: mock-user-sub
[90mstdout[2m | src/components/MiniEditor/MiniEditor.stories.tsx[2m > [22m[2mEditable (Pre-filled)
[22m[39m[FilesContext] Identity ID: us-east-1:mock-identity-123
[90mstdout[2m | src/components/MiniEditor/MiniEditor.stories.tsx[2m > [22m[2mEditable (Pre-filled)
[22m[39m[FilesContext] About to set up File observeQuery
[90mstdout[2m | src/components/MiniEditor/MiniEditor.stories.tsx[2m > [22m[2mEditable (Pre-filled)
[22m[39m[ChatContext] Setting up AssistantChat observeQuery
[90mstdout[2m | src/components/MiniEditor/MiniEditor.stories.tsx[2m > [22m[2mEditable (Pre-filled)
[22m[39m[ChatContext] Waiting for subscription to initialize
[90mstdout[2m | src/components/MiniEditor/MiniEditor.stories.tsx[2m > [22m[2mEditable (Pre-filled)
[22m[39m[SettingsContext] Setting up Settings subscription for user: mock-user-sub
[90mstdout[2m | src/components/MiniEditor/MiniEditor.stories.tsx[2m > [22m[2mEditable (Pre-filled)
[22m[39m[Mock Data] Settings created: mock-settings-1790418071911 - notified 0 subscribers
[90mstdout[2m | src/components/MiniEditor/MiniEditor.stories.tsx[2m > [22m[2mEditable (Pre-filled)
[22m[39m[Mock Data] Unit.onUpdate() subscription added. Total: 1
[90mstdout[2m | src/components/MiniEditor/MiniEditor.stories.tsx[2m > [22m[2mEditable (Pre-filled)
[22m[39m[SectionContext] Section observeQuery update: 0
[90mstdout[2m | src/components/MiniEditor/MiniEditor.stories.tsx[2m > [22m[2mEditable (Pre-filled)
[22m[39m[FilesContext] File observeQuery update: 6 files
[90mstdout[2m | src/components/MiniEditor/MiniEditor.stories.tsx[2m > [22m[2mEditable (Pre-filled)
[22m[39m[ChatContext] AssistantChat initialized with 1 chats
[90mstdout[2m | src/components/MiniEditor/MiniEditor.stories.tsx[2m > [22m[2mEditable (Pre-filled)
[22m[39m[ChatContext] Setting initial chat: mock-assistant-chat-1
[90mstdout[2m | src/components/MiniEditor/MiniEditor.stories.tsx[2m > [22m[2mEditable (Pre-filled)
[22m[39m[MOCK CourseVectorStore] Initialized with mock data
[90mstdout[2m | src/components/MiniEditor/MiniEditor.stories.tsx[2m > [22m[2mEditable (Pre-filled)
[22m[39m[FilesContext] Vector store population triggered {
  "currentVectorStoreSize": 3,
  "documentsCount": 0,
  "filesCount": 6,
  "isInitialLoad": true,
}
[90mstdout[2m | src/components/MiniEditor/MiniEditor.stories.tsx[2m > [22m[2mEditable (Pre-filled)
[22m[39m[FilesContext] Vector store population complete - 3 total embeddings
[90mstdout[2m | src/components/MiniEditor/MiniEditor.stories.tsx[2m > [22m[2mEditable (Pre-filled)
[22m[39m[ChatContext] Chat exists and not archived, skipping creation
[90mstdout[2m | src/components/MiniEditor/MiniEditor.stories.tsx[2m > [22m[2mEditable (Pre-filled)
[22m[39m[Mock Storage] downloadData called with: undefined
[90mstdout[2m | src/components/MiniEditor/MiniEditor.stories.tsx[2m > [22m[2mEditable (Chat Mode)
[22m[39m[ChatContext] Cleaning up subscriptions
[90mstdout[2m | src/components/MiniEditor/MiniEditor.stories.tsx[2m > [22m[2mEditable (Chat Mode)
[22m[39m[Mock Data] Unit.onUpdate() subscription removed. Remaining: 0
[90mstdout[2m | src/components/MiniEditor/MiniEditor.stories.tsx[2m > [22m[2mEditable (Chat Mode)
[22m[39m[MOCK CourseVectorStore] Initialized with mock data
[90mstdout[2m | src/components/MiniEditor/MiniEditor.stories.tsx[2m > [22m[2mEditable (Chat Mode)
[22m[39m[TranslationModeController] Setting mode to: off
[90mstdout[2m | src/components/MiniEditor/MiniEditor.stories.tsx[2m > [22m[2mEditable (Chat Mode)
[22m[39m[UnitContext] useEffect triggered {
  "authLoading": false,
  "hasUser": true,
  "id": "mock-unit-id",
  "userSub": "mock-user-sub",
}
[90mstdout[2m | src/components/MiniEditor/MiniEditor.stories.tsx[2m > [22m[2mEditable (Chat Mode)
[22m[39m[UnitContext] Fetching unit data for id: mock-unit-id
[90mstdout[2m | src/components/MiniEditor/MiniEditor.stories.tsx[2m > [22m[2mEditable (Chat Mode)
[22m[39m[FilesContext] Initializing vector store from IndexedDB
[90mstdout[2m | src/components/MiniEditor/MiniEditor.stories.tsx[2m > [22m[2mEditable (Chat Mode)
[22m[39m[FilesContext] fetchFiles called
[90mstdout[2m | src/components/MiniEditor/MiniEditor.stories.tsx[2m > [22m[2mEditable (Chat Mode)
[22m[39m[FilesContext] User authenticated: mock-user-sub
[90mstdout[2m | src/components/MiniEditor/MiniEditor.stories.tsx[2m > [22m[2mEditable (Chat Mode)
[22m[39m[FilesContext] Identity ID: us-east-1:mock-identity-123
[90mstdout[2m | src/components/MiniEditor/MiniEditor.stories.tsx[2m > [22m[2mEditable (Chat Mode)
[22m[39m[FilesContext] About to set up File observeQuery
[90mstdout[2m | src/components/MiniEditor/MiniEditor.stories.tsx[2m > [22m[2mEditable (Chat Mode)
[22m[39m[ChatContext] Setting up AssistantChat observeQuery
[90mstdout[2m | src/components/MiniEditor/MiniEditor.stories.tsx[2m > [22m[2mEditable (Chat Mode)
[22m[39m[ChatContext] Waiting for subscription to initialize
[90mstdout[2m | src/components/MiniEditor/MiniEditor.stories.tsx[2m > [22m[2mEditable (Chat Mode)
[22m[39m[SettingsContext] Setting up Settings subscription for user: mock-user-sub
[90mstdout[2m | src/components/MiniEditor/MiniEditor.stories.tsx[2m > [22m[2mEditable (Chat Mode)
[22m[39m[Mock Data] Settings created: mock-settings-1790418072044 - notified 0 subscribers
[90mstdout[2m | src/components/MiniEditor/MiniEditor.stories.tsx[2m > [22m[2mEditable (Chat Mode)
[22m[39m[Mock Data] Unit.onUpdate() subscription added. Total: 1
[90mstdout[2m | src/components/MiniEditor/MiniEditor.stories.tsx[2m > [22m[2mEditable (Chat Mode)
[22m[39m[SectionContext] Section observeQuery update: 0
[90mstdout[2m | src/components/MiniEditor/MiniEditor.stories.tsx[2m > [22m[2mEditable (Chat Mode)
[22m[39m[FilesContext] File observeQuery update: 6 files
[90mstdout[2m | src/components/MiniEditor/MiniEditor.stories.tsx[2m > [22m[2mEditable (Chat Mode)
[22m[39m[ChatContext] AssistantChat initialized with 1 chats
[90mstdout[2m | src/components/MiniEditor/MiniEditor.stories.tsx[2m > [22m[2mEditable (Chat Mode)
[22m[39m[ChatContext] Setting initial chat: mock-assistant-chat-1
[90mstdout[2m | src/components/MiniEditor/MiniEditor.stories.tsx[2m > [22m[2mEditable (Chat Mode)
[22m[39m[MOCK CourseVectorStore] Initialized with mock data
[90mstdout[2m | src/components/MiniEditor/MiniEditor.stories.tsx[2m > [22m[2mEditable (Chat Mode)
[22m[39m[FilesContext] Vector store population triggered {
  "currentVectorStoreSize": 3,
  "documentsCount": 0,
  "filesCount": 6,
  "isInitialLoad": true,
}
[90mstdout[2m | src/components/MiniEditor/MiniEditor.stories.tsx[2m > [22m[2mEditable (Chat Mode)
[22m[39m[FilesContext] Vector store population complete - 3 total embeddings
[90mstdout[2m | src/components/MiniEditor/MiniEditor.stories.tsx[2m > [22m[2mEditable (Chat Mode)
[22m[39m[ChatContext] Chat exists and not archived, skipping creation
[90mstdout[2m | src/components/MiniEditor/MiniEditor.stories.tsx[2m > [22m[2mEditable (Chat Mode)
[22m[39m[Mock Storage] downloadData called with: undefined
[90mstdout[2m | src/components/MiniEditor/MiniEditor.stories.tsx[2m > [22m[2mChat Mode (No Block Inserter)
[22m[39m[ChatContext] Cleaning up subscriptions
[90mstdout[2m | src/components/MiniEditor/MiniEditor.stories.tsx[2m > [22m[2mChat Mode (No Block Inserter)
[22m[39m[Mock Data] Unit.onUpdate() subscription removed. Remaining: 0
[90mstdout[2m | src/components/MiniEditor/MiniEditor.stories.tsx[2m > [22m[2mChat Mode (No Block Inserter)
[22m[39m[MOCK CourseVectorStore] Initialized with mock data
[90mstdout[2m | src/components/MiniEditor/MiniEditor.stories.tsx[2m > [22m[2mChat Mode (No Block Inserter)
[22m[39m[TranslationModeController] Setting mode to: off
[90mstdout[2m | src/components/MiniEditor/MiniEditor.stories.tsx[2m > [22m[2mChat Mode (No Block Inserter)
[22m[39m[UnitContext] useEffect triggered {
  "authLoading": false,
  "hasUser": true,
  "id": "mock-unit-id",
  "userSub": "mock-user-sub",
}
[90mstdout[2m | src/components/MiniEditor/MiniEditor.stories.tsx[2m > [22m[2mChat Mode (No Block Inserter)
[22m[39m[UnitContext] Fetching unit data for id: mock-unit-id
[90mstdout[2m | src/components/MiniEditor/MiniEditor.stories.tsx[2m > [22m[2mChat Mode (No Block Inserter)
[22m[39m[FilesContext] Initializing vector store from IndexedDB
[90mstdout[2m | src/components/MiniEditor/MiniEditor.stories.tsx[2m > [22m[2mChat Mode (No Block Inserter)
[22m[39m[FilesContext] fetchFiles called
[90mstdout[2m | src/components/MiniEditor/MiniEditor.stories.tsx[2m > [22m[2mChat Mode (No Block Inserter)
[22m[39m[FilesContext] User authenticated: mock-user-sub
[90mstdout[2m | src/components/MiniEditor/MiniEditor.stories.tsx[2m > [22m[2mChat Mode (No Block Inserter)
[22m[39m[FilesContext] Identity ID: us-east-1:mock-identity-123
[90mstdout[2m | src/components/MiniEditor/MiniEditor.stories.tsx[2m > [22m[2mChat Mode (No Block Inserter)
[22m[39m[FilesContext] About to set up File observeQuery
[90mstdout[2m | src/components/MiniEditor/MiniEditor.stories.tsx[2m > [22m[2mChat Mode (No Block Inserter)
[22m[39m[ChatContext] Setting up AssistantChat observeQuery
[90mstdout[2m | src/components/MiniEditor/MiniEditor.stories.tsx[2m > [22m[2mChat Mode (No Block Inserter)
[22m[39m[ChatContext] Waiting for subscription to initialize
[90mstdout[2m | src/components/MiniEditor/MiniEditor.stories.tsx[2m > [22m[2mChat Mode (No Block Inserter)
[22m[39m[SettingsContext] Setting up Settings subscription for user: mock-user-sub
[90mstdout[2m | src/components/MiniEditor/MiniEditor.stories.tsx[2m > [22m[2mChat Mode (No Block Inserter)
[22m[39m[Mock Data] Settings created: mock-settings-1790418072202 - notified 0 subscribers
[90mstdout[2m | src/components/MiniEditor/MiniEditor.stories.tsx[2m > [22m[2mChat Mode (No Block Inserter)
[22m[39m[Mock Data] Unit.onUpdate() subscription added. Total: 1
[90mstdout[2m | src/components/MiniEditor/MiniEditor.stories.tsx[2m > [22m[2mChat Mode (No Block Inserter)
[22m[39m[SectionContext] Section observeQuery update: 0
[90mstdout[2m | src/components/MiniEditor/MiniEditor.stories.tsx[2m > [22m[2mChat Mode (No Block Inserter)
[22m[39m[FilesContext] File observeQuery update: 6 files
[90mstdout[2m | src/components/MiniEditor/MiniEditor.stories.tsx[2m > [22m[2mChat Mode (No Block Inserter)
[22m[39m[ChatContext] AssistantChat initialized with 1 chats
[90mstdout[2m | src/components/MiniEditor/MiniEditor.stories.tsx[2m > [22m[2mChat Mode (No Block Inserter)
[22m[39m[ChatContext] Setting initial chat: mock-assistant-chat-1
[90mstdout[2m | src/components/MiniEditor/MiniEditor.stories.tsx[2m > [22m[2mChat Mode (No Block Inserter)
[22m[39m[MOCK CourseVectorStore] Initialized with mock data
[90mstdout[2m | src/components/MiniEditor/MiniEditor.stories.tsx[2m > [22m[2mChat Mode (No Block Inserter)
[22m[39m[FilesContext] Vector store population triggered {
  "currentVectorStoreSize": 3,
  "documentsCount": 0,
  "filesCount": 6,
  "isInitialLoad": true,
}
[90mstdout[2m | src/components/MiniEditor/MiniEditor.stories.tsx[2m > [22m[2mChat Mode (No Block Inserter)
[22m[39m[FilesContext] Vector store population complete - 3 total embeddings
[90mstdout[2m | src/components/MiniEditor/MiniEditor.stories.tsx[2m > [22m[2mChat Mode (No Block Inserter)
[22m[39m[ChatContext] Chat exists and not archived, skipping creation
[90mstdout[2m | src/components/MiniEditor/MiniEditor.stories.tsx[2m > [22m[2mChat Mode (No Block Inserter)
[22m[39m[Mock Storage] downloadData called with: undefined
[90mstdout[2m | src/components/MiniEditor/MiniEditor.stories.tsx[2m > [22m[2mUse Case: Squad Description
[22m[39m[ChatContext] Cleaning up subscriptions
[90mstdout[2m | src/components/MiniEditor/MiniEditor.stories.tsx[2m > [22m[2mUse Case: Squad Description
[22m[39m[Mock Data] Unit.onUpdate() subscription removed. Remaining: 0
[90mstdout[2m | src/components/MiniEditor/MiniEditor.stories.tsx[2m > [22m[2mUse Case: Squad Description
[22m[39m[MOCK CourseVectorStore] Initialized with mock data
[90mstdout[2m | src/components/MiniEditor/MiniEditor.stories.tsx[2m > [22m[2mUse Case: Squad Description
[22m[39m[TranslationModeController] Setting mode to: off
[90mstdout[2m | src/components/MiniEditor/MiniEditor.stories.tsx[2m > [22m[2mUse Case: Squad Description
[22m[39m[UnitContext] useEffect triggered {
  "authLoading": false,
  "hasUser": true,
  "id": "mock-unit-id",
  "userSub": "mock-user-sub",
}
[90mstdout[2m | src/components/MiniEditor/MiniEditor.stories.tsx[2m > [22m[2mUse Case: Squad Description
[22m[39m[UnitContext] Fetching unit data for id: mock-unit-id
[90mstdout[2m | src/components/MiniEditor/MiniEditor.stories.tsx[2m > [22m[2mUse Case: Squad Description
[22m[39m[FilesContext] Initializing vector store from IndexedDB
[90mstdout[2m | src/components/MiniEditor/MiniEditor.stories.tsx[2m > [22m[2mUse Case: Squad Description
[22m[39m[FilesContext] fetchFiles called
[90mstdout[2m | src/components/MiniEditor/MiniEditor.stories.tsx[2m > [22m[2mUse Case: Squad Description
[22m[39m[FilesContext] User authenticated: mock-user-sub
[90mstdout[2m | src/components/MiniEditor/MiniEditor.stories.tsx[2m > [22m[2mUse Case: Squad Description
[22m[39m[FilesContext] Identity ID: us-east-1:mock-identity-123
[90mstdout[2m | src/components/MiniEditor/MiniEditor.stories.tsx[2m > [22m[2mUse Case: Squad Description
[22m[39m[FilesContext] About to set up File observeQuery
[90mstdout[2m | src/components/MiniEditor/MiniEditor.stories.tsx[2m > [22m[2mUse Case: Squad Description
[22m[39m[ChatContext] Setting up AssistantChat observeQuery
[90mstdout[2m | src/components/MiniEditor/MiniEditor.stories.tsx[2m > [22m[2mUse Case: Squad Description
[22m[39m[ChatContext] Waiting for subscription to initialize
[90mstdout[2m | src/components/MiniEditor/MiniEditor.stories.tsx[2m > [22m[2mUse Case: Squad Description
[22m[39m[SettingsContext] Setting up Settings subscription for user: mock-user-sub
[90mstdout[2m | src/components/MiniEditor/MiniEditor.stories.tsx[2m > [22m[2mUse Case: Squad Description
[22m[39m[Mock Data] Settings created: mock-settings-1790418072315 - notified 0 subscribers
[90mstdout[2m | src/components/MiniEditor/MiniEditor.stories.tsx[2m > [22m[2mUse Case: Squad Description
[22m[39m[Mock Data] Unit.onUpdate() subscription added. Total: 1
[90mstdout[2m | src/components/MiniEditor/MiniEditor.stories.tsx[2m > [22m[2mUse Case: Squad Description
[22m[39m[SectionContext] Section observeQuery update: 0
[90mstdout[2m | src/components/MiniEditor/MiniEditor.stories.tsx[2m > [22m[2mUse Case: Squad Description
[22m[39m[FilesContext] File observeQuery update: 6 files
[90mstdout[2m | src/components/MiniEditor/MiniEditor.stories.tsx[2m > [22m[2mUse Case: Squad Description
[22m[39m[ChatContext] AssistantChat initialized with 1 chats
[90mstdout[2m | src/components/MiniEditor/MiniEditor.stories.tsx[2m > [22m[2mUse Case: Squad Description
[22m[39m[ChatContext] Setting initial chat: mock-assistant-chat-1
[90mstdout[2m | src/components/MiniEditor/MiniEditor.stories.tsx[2m > [22m[2mUse Case: Squad Description
[22m[39m[MOCK CourseVectorStore] Initialized with mock data
[90mstdout[2m | src/components/MiniEditor/MiniEditor.stories.tsx[2m > [22m[2mUse Case: Squad Description
[22m[39m[FilesContext] Vector store population triggered {
  "currentVectorStoreSize": 3,
  "documentsCount": 0,
  "filesCount": 6,
  "isInitialLoad": true,
}
[90mstdout[2m | src/components/MiniEditor/MiniEditor.stories.tsx[2m > [22m[2mUse Case: Squad Description
[22m[39m[FilesContext] Vector store population complete - 3 total embeddings
[90mstdout[2m | src/components/MiniEditor/MiniEditor.stories.tsx[2m > [22m[2mUse Case: Squad Description
[22m[39m[ChatContext] Chat exists and not archived, skipping creation
[90mstdout[2m | src/components/MiniEditor/MiniEditor.stories.tsx[2m > [22m[2mUse Case: Squad Description
[22m[39m[Mock Storage] downloadData called with: undefined
[90mstdout[2m | src/components/MiniEditor/MiniEditor.stories.tsx[2m > [22m[2mUse Case: Campaign Briefing
[22m[39m[ChatContext] Cleaning up subscriptions
[90mstdout[2m | src/components/MiniEditor/MiniEditor.stories.tsx[2m > [22m[2mUse Case: Campaign Briefing
[22m[39m[Mock Data] Unit.onUpdate() subscription removed. Remaining: 0
[90mstdout[2m | src/components/MiniEditor/MiniEditor.stories.tsx[2m > [22m[2mUse Case: Campaign Briefing
[22m[39m[MOCK CourseVectorStore] Initialized with mock data
[90mstdout[2m | src/components/MiniEditor/MiniEditor.stories.tsx[2m > [22m[2mUse Case: Campaign Briefing
[22m[39m[TranslationModeController] Setting mode to: off
[90mstdout[2m | src/components/MiniEditor/MiniEditor.stories.tsx[2m > [22m[2mUse Case: Campaign Briefing
[22m[39m[UnitContext] useEffect triggered {
  "authLoading": false,
  "hasUser": true,
  "id": "mock-unit-id",
  "userSub": "mock-user-sub",
}
[90mstdout[2m | src/components/MiniEditor/MiniEditor.stories.tsx[2m > [22m[2mUse Case: Campaign Briefing
[22m[39m[UnitContext] Fetching unit data for id: mock-unit-id
[90mstdout[2m | src/components/MiniEditor/MiniEditor.stories.tsx[2m > [22m[2mUse Case: Campaign Briefing
[22m[39m[FilesContext] Initializing vector store from IndexedDB
[90mstdout[2m | src/components/MiniEditor/MiniEditor.stories.tsx[2m > [22m[2mUse Case: Campaign Briefing
[22m[39m[FilesContext] fetchFiles called
[90mstdout[2m | src/components/MiniEditor/MiniEditor.stories.tsx[2m > [22m[2mUse Case: Campaign Briefing
[22m[39m[FilesContext] User authenticated: mock-user-sub
[90mstdout[2m | src/components/MiniEditor/MiniEditor.stories.tsx[2m > [22m[2mUse Case: Campaign Briefing
[22m[39m[FilesContext] Identity ID: us-east-1:mock-identity-123
[90mstdout[2m | src/components/MiniEditor/MiniEditor.stories.tsx[2m > [22m[2mUse Case: Campaign Briefing
[22m[39m[FilesContext] About to set up File observeQuery
[90mstdout[2m | src/components/MiniEditor/MiniEditor.stories.tsx[2m > [22m[2mUse Case: Campaign Briefing
[22m[39m[ChatContext] Setting up AssistantChat observeQuery
[90mstdout[2m | src/components/MiniEditor/MiniEditor.stories.tsx[2m > [22m[2mUse Case: Campaign Briefing
[22m[39m[ChatContext] Waiting for subscription to initialize
[90mstdout[2m | src/components/MiniEditor/MiniEditor.stories.tsx[2m > [22m[2mUse Case: Campaign Briefing
[22m[39m[SettingsContext] Setting up Settings subscription for user: mock-user-sub
[90mstdout[2m | src/components/MiniEditor/MiniEditor.stories.tsx[2m > [22m[2mUse Case: Campaign Briefing
[22m[39m[Mock Data] Settings created: mock-settings-1790418072539 - notified 0 subscribers
[90mstdout[2m | src/components/MiniEditor/MiniEditor.stories.tsx[2m > [22m[2mUse Case: Campaign Briefing
[22m[39m[Mock Data] Unit.onUpdate() subscription added. Total: 1
[90mstdout[2m | src/components/MiniEditor/MiniEditor.stories.tsx[2m > [22m[2mUse Case: Campaign Briefing
[22m[39m[SectionContext] Section observeQuery update: 0
[90mstdout[2m | src/components/MiniEditor/MiniEditor.stories.tsx[2m > [22m[2mUse Case: Campaign Briefing
[22m[39m[FilesContext] File observeQuery update: 6 files
[90mstdout[2m | src/components/MiniEditor/MiniEditor.stories.tsx[2m > [22m[2mUse Case: Campaign Briefing
[22m[39m[ChatContext] AssistantChat initialized with 1 chats
[90mstdout[2m | src/components/MiniEditor/MiniEditor.stories.tsx[2m > [22m[2mUse Case: Campaign Briefing
[22m[39m[ChatContext] Setting initial chat: mock-assistant-chat-1
[90mstdout[2m | src/components/MiniEditor/MiniEditor.stories.tsx[2m > [22m[2mUse Case: Campaign Briefing
[22m[39m[MOCK CourseVectorStore] Initialized with mock data
[90mstdout[2m | src/components/MiniEditor/MiniEditor.stories.tsx[2m > [22m[2mUse Case: Campaign Briefing
[22m[39m[FilesContext] Vector store population triggered {
  "currentVectorStoreSize": 3,
  "documentsCount": 0,
  "filesCount": 6,
  "isInitialLoad": true,
}
[90mstdout[2m | src/components/MiniEditor/MiniEditor.stories.tsx[2m > [22m[2mUse Case: Campaign Briefing
[22m[39m[FilesContext] Vector store population complete - 3 total embeddings
[90mstdout[2m | src/components/MiniEditor/MiniEditor.stories.tsx[2m > [22m[2mUse Case: Campaign Briefing
[22m[39m[ChatContext] Chat exists and not archived, skipping creation
[90mstdout[2m | src/components/MiniEditor/MiniEditor.stories.tsx[2m > [22m[2mUse Case: Campaign Briefing
[22m[39m[Mock Storage] downloadData called with: undefined
 [32m✓[39m [30m[45m storybook (chromium) [49m[39m src/components/MiniEditor/MiniEditor.stories.tsx [2m([22m[2m10 tests[22m[2m)[22m[33m 1670[2mms[22m[39m
[90mstdout[2m | unknown test
[22m[39m[MOCK vectorStoreDB.js] Module loaded - mock IndexedDB operations
[90mstdout[2m | unknown test
[22m[39m[Task Completion] DOM action listeners initialized
[90mstdout[2m | unknown test
[22m[39m[Task Completion] Auto-completion detector initialized
[90mstdout[2m | unknown test
[22m[39m[Preview] Task completion detector initialized
[90mstdout[2m | src/components/EasterEggEditor.stories.tsx[2m > [22m[2mDefault
[22m[39m[MOCK CourseVectorStore] Initialized with mock data
[90mstdout[2m | src/components/EasterEggEditor.stories.tsx[2m > [22m[2mDefault
[22m[39m[TranslationModeController] Setting mode to: off
[90mstdout[2m | src/components/EasterEggEditor.stories.tsx[2m > [22m[2mDefault
[22m[39m[UnitContext] useEffect triggered {
  "authLoading": false,
  "hasUser": true,
  "id": "mock-unit-id",
  "userSub": "mock-user-sub",
}
[90mstdout[2m | src/components/EasterEggEditor.stories.tsx[2m > [22m[2mDefault
[22m[39m[UnitContext] Fetching unit data for id: mock-unit-id
[90mstdout[2m | src/components/EasterEggEditor.stories.tsx[2m > [22m[2mDefault
[22m[39m[FilesContext] Initializing vector store from IndexedDB
[90mstdout[2m | src/components/EasterEggEditor.stories.tsx[2m > [22m[2mDefault
[22m[39m[FilesContext] fetchFiles called
[90mstdout[2m | src/components/EasterEggEditor.stories.tsx[2m > [22m[2mDefault
[22m[39m[FilesContext] User authenticated: mock-user-sub
[90mstdout[2m | src/components/EasterEggEditor.stories.tsx[2m > [22m[2mDefault
[22m[39m[FilesContext] Identity ID: us-east-1:mock-identity-123
[90mstdout[2m | src/components/EasterEggEditor.stories.tsx[2m > [22m[2mDefault
[22m[39m[FilesContext] About to set up File observeQuery
[90mstdout[2m | src/components/EasterEggEditor.stories.tsx[2m > [22m[2mDefault
[22m[39m[ChatContext] Setting up AssistantChat observeQuery
[90mstdout[2m | src/components/EasterEggEditor.stories.tsx[2m > [22m[2mDefault
[22m[39m[ChatContext] Waiting for subscription to initialize
[90mstdout[2m | src/components/EasterEggEditor.stories.tsx[2m > [22m[2mDefault
[22m[39m[SettingsContext] Setting up Settings subscription for user: mock-user-sub
[90mstdout[2m | src/components/EasterEggEditor.stories.tsx[2m > [22m[2mDefault
[22m[39m[Mock Data] Settings created: mock-settings-1790418073323 - notified 0 subscribers
[90mstdout[2m | src/components/EasterEggEditor.stories.tsx[2m > [22m[2mDefault
[22m[39m[Mock Data] Unit.onUpdate() subscription added. Total: 1
[90mstdout[2m | src/components/EasterEggEditor.stories.tsx[2m > [22m[2mDefault
[22m[39m[SectionContext] Section observeQuery update: 0
[90mstdout[2m | src/components/EasterEggEditor.stories.tsx[2m > [22m[2mDefault
[22m[39m[FilesContext] File observeQuery update: 6 files
[90mstdout[2m | src/components/EasterEggEditor.stories.tsx[2m > [22m[2mDefault
[22m[39m[ChatContext] AssistantChat initialized with 1 chats
[90mstdout[2m | src/components/EasterEggEditor.stories.tsx[2m > [22m[2mDefault
[22m[39m[ChatContext] Setting initial chat: mock-assistant-chat-1
[90mstdout[2m | src/components/EasterEggEditor.stories.tsx[2m > [22m[2mDefault
[22m[39m[MOCK CourseVectorStore] Initialized with mock data
[90mstdout[2m | src/components/EasterEggEditor.stories.tsx[2m > [22m[2mDefault
[22m[39m[FilesContext] Vector store population triggered {
  "currentVectorStoreSize": 3,
  "documentsCount": 0,
  "filesCount": 6,
  "isInitialLoad": true,
}
[90mstdout[2m | src/components/EasterEggEditor.stories.tsx[2m > [22m[2mDefault
[22m[39m[FilesContext] Vector store population complete - 3 total embeddings
[90mstdout[2m | src/components/EasterEggEditor.stories.tsx[2m > [22m[2mDefault
[22m[39m[ChatContext] Chat exists and not archived, skipping creation
[90mstdout[2m | src/components/EasterEggEditor.stories.tsx[2m > [22m[2mDefault
[22m[39m[Mock Storage] downloadData called with: undefined
[90mstdout[2m | src/components/EasterEggEditor.stories.tsx[2m > [22m[2mEdit Keyword Egg
[22m[39m[ChatContext] Cleaning up subscriptions
[90mstdout[2m | src/components/EasterEggEditor.stories.tsx[2m > [22m[2mEdit Keyword Egg
[22m[39m[Mock Data] Unit.onUpdate() subscription removed. Remaining: 0
[90mstdout[2m | src/components/EasterEggEditor.stories.tsx[2m > [22m[2mEdit Keyword Egg
[22m[39m[MOCK CourseVectorStore] Initialized with mock data
[90mstdout[2m | src/components/EasterEggEditor.stories.tsx[2m > [22m[2mEdit Keyword Egg
[22m[39m[TranslationModeController] Setting mode to: off
[90mstdout[2m | src/components/EasterEggEditor.stories.tsx[2m > [22m[2mEdit Keyword Egg
[22m[39m[UnitContext] useEffect triggered {
  "authLoading": false,
  "hasUser": true,
  "id": "mock-unit-id",
  "userSub": "mock-user-sub",
}
[90mstdout[2m | src/components/EasterEggEditor.stories.tsx[2m > [22m[2mEdit Keyword Egg
[22m[39m[UnitContext] Fetching unit data for id: mock-unit-id
[90mstdout[2m | src/components/EasterEggEditor.stories.tsx[2m > [22m[2mEdit Keyword Egg
[22m[39m[FilesContext] Initializing vector store from IndexedDB
[90mstdout[2m | src/components/EasterEggEditor.stories.tsx[2m > [22m[2mEdit Keyword Egg
[22m[39m[FilesContext] fetchFiles called
[90mstdout[2m | src/components/EasterEggEditor.stories.tsx[2m > [22m[2mEdit Keyword Egg
[22m[39m[FilesContext] User authenticated: mock-user-sub
[90mstdout[2m | src/components/EasterEggEditor.stories.tsx[2m > [22m[2mEdit Keyword Egg
[22m[39m[FilesContext] Identity ID: us-east-1:mock-identity-123
[90mstdout[2m | src/components/EasterEggEditor.stories.tsx[2m > [22m[2mEdit Keyword Egg
[22m[39m[FilesContext] About to set up File observeQuery
[90mstdout[2m | src/components/EasterEggEditor.stories.tsx[2m > [22m[2mEdit Keyword Egg
[22m[39m[ChatContext] Setting up AssistantChat observeQuery
[90mstdout[2m | src/components/EasterEggEditor.stories.tsx[2m > [22m[2mEdit Keyword Egg
[22m[39m[ChatContext] Waiting for subscription to initialize
[90mstdout[2m | src/components/EasterEggEditor.stories.tsx[2m > [22m[2mEdit Keyword Egg
[22m[39m[SettingsContext] Setting up Settings subscription for user: mock-user-sub
[90mstdout[2m | src/components/EasterEggEditor.stories.tsx[2m > [22m[2mEdit Keyword Egg
[22m[39m[Mock Data] Settings created: mock-settings-1790418073599 - notified 0 subscribers
[90mstdout[2m | src/components/EasterEggEditor.stories.tsx[2m > [22m[2mEdit Keyword Egg
[22m[39m[Mock Data] Unit.onUpdate() subscription added. Total: 1
[90mstdout[2m | src/components/EasterEggEditor.stories.tsx[2m > [22m[2mEdit Keyword Egg
[22m[39m[SectionContext] Section observeQuery update: 0
[90mstdout[2m | src/components/EasterEggEditor.stories.tsx[2m > [22m[2mEdit Keyword Egg
[22m[39m[FilesContext] File observeQuery update: 6 files
[90mstdout[2m | src/components/EasterEggEditor.stories.tsx[2m > [22m[2mEdit Keyword Egg
[22m[39m[ChatContext] AssistantChat initialized with 1 chats
[90mstdout[2m | src/components/EasterEggEditor.stories.tsx[2m > [22m[2mEdit Keyword Egg
[22m[39m[ChatContext] Setting initial chat: mock-assistant-chat-1
[90mstdout[2m | src/components/EasterEggEditor.stories.tsx[2m > [22m[2mEdit Keyword Egg
[22m[39m[MOCK CourseVectorStore] Initialized with mock data
[90mstdout[2m | src/components/EasterEggEditor.stories.tsx[2m > [22m[2mEdit Keyword Egg
[22m[39m[FilesContext] Vector store population triggered {
  "currentVectorStoreSize": 3,
  "documentsCount": 0,
  "filesCount": 6,
  "isInitialLoad": true,
}
[90mstdout[2m | src/components/EasterEggEditor.stories.tsx[2m > [22m[2mEdit Keyword Egg
[22m[39m[FilesContext] Vector store population complete - 3 total embeddings
[90mstdout[2m | src/components/EasterEggEditor.stories.tsx[2m > [22m[2mEdit Keyword Egg
[22m[39m[ChatContext] Chat exists and not archived, skipping creation
[90mstdout[2m | src/components/EasterEggEditor.stories.tsx[2m > [22m[2mEdit Keyword Egg
[22m[39m[Mock Storage] downloadData called with: undefined
[90mstdout[2m | src/components/EasterEggEditor.stories.tsx[2m > [22m[2mSchedule Trigger
[22m[39m[ChatContext] Cleaning up subscriptions
[90mstdout[2m | src/components/EasterEggEditor.stories.tsx[2m > [22m[2mSchedule Trigger
[22m[39m[Mock Data] Unit.onUpdate() subscription removed. Remaining: 0
[90mstdout[2m | src/components/EasterEggEditor.stories.tsx[2m > [22m[2mSchedule Trigger
[22m[39m[MOCK CourseVectorStore] Initialized with mock data
[90mstdout[2m | src/components/EasterEggEditor.stories.tsx[2m > [22m[2mSchedule Trigger
[22m[39m[TranslationModeController] Setting mode to: off
[90mstdout[2m | src/components/EasterEggEditor.stories.tsx[2m > [22m[2mSchedule Trigger
[22m[39m[UnitContext] useEffect triggered {
  "authLoading": false,
  "hasUser": true,
  "id": "mock-unit-id",
  "userSub": "mock-user-sub",
}
[90mstdout[2m | src/components/EasterEggEditor.stories.tsx[2m > [22m[2mSchedule Trigger
[22m[39m[UnitContext] Fetching unit data for id: mock-unit-id
[90mstdout[2m | src/components/EasterEggEditor.stories.tsx[2m > [22m[2mSchedule Trigger
[22m[39m[FilesContext] Initializing vector store from IndexedDB
[90mstdout[2m | src/components/EasterEggEditor.stories.tsx[2m > [22m[2mSchedule Trigger
[22m[39m[FilesContext] fetchFiles called
[90mstdout[2m | src/components/EasterEggEditor.stories.tsx[2m > [22m[2mSchedule Trigger
[22m[39m[FilesContext] User authenticated: mock-user-sub
[90mstdout[2m | src/components/EasterEggEditor.stories.tsx[2m > [22m[2mSchedule Trigger
[22m[39m[FilesContext] Identity ID: us-east-1:mock-identity-123
[90mstdout[2m | src/components/EasterEggEditor.stories.tsx[2m > [22m[2mSchedule Trigger
[22m[39m[FilesContext] About to set up File observeQuery
[90mstdout[2m | src/components/EasterEggEditor.stories.tsx[2m > [22m[2mSchedule Trigger
[22m[39m[ChatContext] Setting up AssistantChat observeQuery
[90mstdout[2m | src/components/EasterEggEditor.stories.tsx[2m > [22m[2mSchedule Trigger
[22m[39m[ChatContext] Waiting for subscription to initialize
[90mstdout[2m | src/components/EasterEggEditor.stories.tsx[2m > [22m[2mSchedule Trigger
[22m[39m[SettingsContext] Setting up Settings subscription for user: mock-user-sub
[90mstdout[2m | src/components/EasterEggEditor.stories.tsx[2m > [22m[2mSchedule Trigger
[22m[39m[Mock Data] Settings created: mock-settings-1790418073876 - notified 0 subscribers
[90mstdout[2m | src/components/EasterEggEditor.stories.tsx[2m > [22m[2mSchedule Trigger
[22m[39m[Mock Data] Unit.onUpdate() subscription added. Total: 1
[90mstdout[2m | src/components/EasterEggEditor.stories.tsx[2m > [22m[2mSchedule Trigger
[22m[39m[SectionContext] Section observeQuery update: 0
[90mstdout[2m | src/components/EasterEggEditor.stories.tsx[2m > [22m[2mSchedule Trigger
[22m[39m[FilesContext] File observeQuery update: 6 files
[90mstdout[2m | src/components/EasterEggEditor.stories.tsx[2m > [22m[2mSchedule Trigger
[22m[39m[ChatContext] AssistantChat initialized with 1 chats
[90mstdout[2m | src/components/EasterEggEditor.stories.tsx[2m > [22m[2mSchedule Trigger
[22m[39m[ChatContext] Setting initial chat: mock-assistant-chat-1
[90mstdout[2m | src/components/EasterEggEditor.stories.tsx[2m > [22m[2mSchedule Trigger
[22m[39m[MOCK CourseVectorStore] Initialized with mock data
[90mstdout[2m | src/components/EasterEggEditor.stories.tsx[2m > [22m[2mSchedule Trigger
[22m[39m[FilesContext] Vector store population triggered {
  "currentVectorStoreSize": 3,
  "documentsCount": 0,
  "filesCount": 6,
  "isInitialLoad": true,
}
[90mstdout[2m | src/components/EasterEggEditor.stories.tsx[2m > [22m[2mSchedule Trigger
[22m[39m[FilesContext] Vector store population complete - 3 total embeddings
[90mstdout[2m | src/components/EasterEggEditor.stories.tsx[2m > [22m[2mSchedule Trigger
[22m[39m[ChatContext] Chat exists and not archived, skipping creation
[90mstdout[2m | src/components/EasterEggEditor.stories.tsx[2m > [22m[2mSchedule Trigger
[22m[39m[Mock Storage] downloadData called with: undefined
[90mstdout[2m | src/components/EasterEggEditor.stories.tsx[2m > [22m[2mAchievement Trigger
[22m[39m[ChatContext] Cleaning up subscriptions
[90mstdout[2m | src/components/EasterEggEditor.stories.tsx[2m > [22m[2mAchievement Trigger
[22m[39m[Mock Data] Unit.onUpdate() subscription removed. Remaining: 0
[90mstdout[2m | src/components/EasterEggEditor.stories.tsx[2m > [22m[2mAchievement Trigger
[22m[39m[MOCK CourseVectorStore] Initialized with mock data
[90mstdout[2m | src/components/EasterEggEditor.stories.tsx[2m > [22m[2mAchievement Trigger
[22m[39m[TranslationModeController] Setting mode to: off
[90mstdout[2m | src/components/EasterEggEditor.stories.tsx[2m > [22m[2mAchievement Trigger
[22m[39m[UnitContext] useEffect triggered {
  "authLoading": false,
  "hasUser": true,
  "id": "mock-unit-id",
  "userSub": "mock-user-sub",
}
[90mstdout[2m | src/components/EasterEggEditor.stories.tsx[2m > [22m[2mAchievement Trigger
[22m[39m[UnitContext] Fetching unit data for id: mock-unit-id
[90mstdout[2m | src/components/EasterEggEditor.stories.tsx[2m > [22m[2mAchievement Trigger
[22m[39m[FilesContext] Initializing vector store from IndexedDB
[90mstdout[2m | src/components/EasterEggEditor.stories.tsx[2m > [22m[2mAchievement Trigger
[22m[39m[FilesContext] fetchFiles called
[90mstdout[2m | src/components/EasterEggEditor.stories.tsx[2m > [22m[2mAchievement Trigger
[22m[39m[FilesContext] User authenticated: mock-user-sub
[90mstdout[2m | src/components/EasterEggEditor.stories.tsx[2m > [22m[2mAchievement Trigger
[22m[39m[FilesContext] Identity ID: us-east-1:mock-identity-123
[90mstdout[2m | src/components/EasterEggEditor.stories.tsx[2m > [22m[2mAchievement Trigger
[22m[39m[FilesContext] About to set up File observeQuery
[90mstdout[2m | src/components/EasterEggEditor.stories.tsx[2m > [22m[2mAchievement Trigger
[22m[39m[ChatContext] Setting up AssistantChat observeQuery
[90mstdout[2m | src/components/EasterEggEditor.stories.tsx[2m > [22m[2mAchievement Trigger
[22m[39m[ChatContext] Waiting for subscription to initialize
[90mstdout[2m | src/components/EasterEggEditor.stories.tsx[2m > [22m[2mAchievement Trigger
[22m[39m[SettingsContext] Setting up Settings subscription for user: mock-user-sub
[90mstdout[2m | src/components/EasterEggEditor.stories.tsx[2m > [22m[2mAchievement Trigger
[22m[39m[Mock Data] Settings created: mock-settings-1790418074137 - notified 0 subscribers
[90mstdout[2m | src/components/EasterEggEditor.stories.tsx[2m > [22m[2mAchievement Trigger
[22m[39m[Mock Data] Unit.onUpdate() subscription added. Total: 1
[90mstdout[2m | src/components/EasterEggEditor.stories.tsx[2m > [22m[2mAchievement Trigger
[22m[39m[SectionContext] Section observeQuery update: 0
[90mstdout[2m | src/components/EasterEggEditor.stories.tsx[2m > [22m[2mAchievement Trigger
[22m[39m[FilesContext] File observeQuery update: 6 files
[90mstdout[2m | src/components/EasterEggEditor.stories.tsx[2m > [22m[2mAchievement Trigger
[22m[39m[ChatContext] AssistantChat initialized with 1 chats
[90mstdout[2m | src/components/EasterEggEditor.stories.tsx[2m > [22m[2mAchievement Trigger
[22m[39m[ChatContext] Setting initial chat: mock-assistant-chat-1
[90mstdout[2m | src/components/EasterEggEditor.stories.tsx[2m > [22m[2mAchievement Trigger
[22m[39m[MOCK CourseVectorStore] Initialized with mock data
[90mstdout[2m | src/components/EasterEggEditor.stories.tsx[2m > [22m[2mAchievement Trigger
[22m[39m[FilesContext] Vector store population triggered {
  "currentVectorStoreSize": 3,
  "documentsCount": 0,
  "filesCount": 6,
  "isInitialLoad": true,
}
[90mstdout[2m | src/components/EasterEggEditor.stories.tsx[2m > [22m[2mAchievement Trigger
[22m[39m[FilesContext] Vector store population complete - 3 total embeddings
[90mstdout[2m | src/components/EasterEggEditor.stories.tsx[2m > [22m[2mAchievement Trigger
[22m[39m[ChatContext] Chat exists and not archived, skipping creation
[90mstdout[2m | src/components/EasterEggEditor.stories.tsx[2m > [22m[2mAchievement Trigger
[22m[39m[Mock Storage] downloadData called with: undefined
[90mstdout[2m | src/components/EasterEggEditor.stories.tsx[2m > [22m[2mInactive Egg
[22m[39m[ChatContext] Cleaning up subscriptions
[90mstdout[2m | src/components/EasterEggEditor.stories.tsx[2m > [22m[2mInactive Egg
[22m[39m[Mock Data] Unit.onUpdate() subscription removed. Remaining: 0
[90mstdout[2m | src/components/EasterEggEditor.stories.tsx[2m > [22m[2mInactive Egg
[22m[39m[MOCK CourseVectorStore] Initialized with mock data
[90mstdout[2m | src/components/EasterEggEditor.stories.tsx[2m > [22m[2mInactive Egg
[22m[39m[TranslationModeController] Setting mode to: off
[90mstdout[2m | src/components/EasterEggEditor.stories.tsx[2m > [22m[2mInactive Egg
[22m[39m[UnitContext] useEffect triggered {
  "authLoading": false,
  "hasUser": true,
  "id": "mock-unit-id",
  "userSub": "mock-user-sub",
}
[90mstdout[2m | src/components/EasterEggEditor.stories.tsx[2m > [22m[2mInactive Egg
[22m[39m[UnitContext] Fetching unit data for id: mock-unit-id
[90mstdout[2m | src/components/EasterEggEditor.stories.tsx[2m > [22m[2mInactive Egg
[22m[39m[FilesContext] Initializing vector store from IndexedDB
[90mstdout[2m | src/components/EasterEggEditor.stories.tsx[2m > [22m[2mInactive Egg
[22m[39m[FilesContext] fetchFiles called
[90mstdout[2m | src/components/EasterEggEditor.stories.tsx[2m > [22m[2mInactive Egg
[22m[39m[FilesContext] User authenticated: mock-user-sub
[90mstdout[2m | src/components/EasterEggEditor.stories.tsx[2m > [22m[2mInactive Egg
[22m[39m[FilesContext] Identity ID: us-east-1:mock-identity-123
[90mstdout[2m | src/components/EasterEggEditor.stories.tsx[2m > [22m[2mInactive Egg
[22m[39m[FilesContext] About to set up File observeQuery
[90mstdout[2m | src/components/EasterEggEditor.stories.tsx[2m > [22m[2mInactive Egg
[22m[39m[ChatContext] Setting up AssistantChat observeQuery
[90mstdout[2m | src/components/EasterEggEditor.stories.tsx[2m > [22m[2mInactive Egg
[22m[39m[ChatContext] Waiting for subscription to initialize
[90mstdout[2m | src/components/EasterEggEditor.stories.tsx[2m > [22m[2mInactive Egg
[22m[39m[SettingsContext] Setting up Settings subscription for user: mock-user-sub
[90mstdout[2m | src/components/EasterEggEditor.stories.tsx[2m > [22m[2mInactive Egg
[22m[39m[Mock Data] Settings created: mock-settings-1790418074357 - notified 0 subscribers
[90mstdout[2m | src/components/EasterEggEditor.stories.tsx[2m > [22m[2mInactive Egg
[22m[39m[Mock Data] Unit.onUpdate() subscription added. Total: 1
[90mstdout[2m | src/components/EasterEggEditor.stories.tsx[2m > [22m[2mInactive Egg
[22m[39m[SectionContext] Section observeQuery update: 0
[90mstdout[2m | src/components/EasterEggEditor.stories.tsx[2m > [22m[2mInactive Egg
[22m[39m[FilesContext] File observeQuery update: 6 files
[90mstdout[2m | src/components/EasterEggEditor.stories.tsx[2m > [22m[2mInactive Egg
[22m[39m[ChatContext] AssistantChat initialized with 1 chats
[90mstdout[2m | src/components/EasterEggEditor.stories.tsx[2m > [22m[2mInactive Egg
[22m[39m[ChatContext] Setting initial chat: mock-assistant-chat-1
[90mstdout[2m | src/components/EasterEggEditor.stories.tsx[2m > [22m[2mInactive Egg
[22m[39m[MOCK CourseVectorStore] Initialized with mock data
[90mstdout[2m | src/components/EasterEggEditor.stories.tsx[2m > [22m[2mInactive Egg
[22m[39m[FilesContext] Vector store population triggered {
  "currentVectorStoreSize": 3,
  "documentsCount": 0,
  "filesCount": 6,
  "isInitialLoad": true,
}
[90mstdout[2m | src/components/EasterEggEditor.stories.tsx[2m > [22m[2mInactive Egg
[22m[39m[FilesContext] Vector store population complete - 3 total embeddings
[90mstdout[2m | src/components/EasterEggEditor.stories.tsx[2m > [22m[2mInactive Egg
[22m[39m[ChatContext] Chat exists and not archived, skipping creation
[90mstdout[2m | src/components/EasterEggEditor.stories.tsx[2m > [22m[2mInactive Egg
[22m[39m[Mock Storage] downloadData called with: undefined
[90mstdout[2m | src/components/EasterEggEditor.stories.tsx[2m > [22m[2mSubmitting
[22m[39m[ChatContext] Cleaning up subscriptions
[90mstdout[2m | src/components/EasterEggEditor.stories.tsx[2m > [22m[2mSubmitting
[22m[39m[Mock Data] Unit.onUpdate() subscription removed. Remaining: 0
[90mstdout[2m | src/components/EasterEggEditor.stories.tsx[2m > [22m[2mSubmitting
[22m[39m[MOCK CourseVectorStore] Initialized with mock data
[90mstdout[2m | src/components/EasterEggEditor.stories.tsx[2m > [22m[2mSubmitting
[22m[39m[TranslationModeController] Setting mode to: off
[90mstdout[2m | src/components/EasterEggEditor.stories.tsx[2m > [22m[2mSubmitting
[22m[39m[UnitContext] useEffect triggered {
  "authLoading": false,
  "hasUser": true,
  "id": "mock-unit-id",
  "userSub": "mock-user-sub",
}
[90mstdout[2m | src/components/EasterEggEditor.stories.tsx[2m > [22m[2mSubmitting
[22m[39m[UnitContext] Fetching unit data for id: mock-unit-id
[90mstdout[2m | src/components/EasterEggEditor.stories.tsx[2m > [22m[2mSubmitting
[22m[39m[FilesContext] Initializing vector store from IndexedDB
[90mstdout[2m | src/components/EasterEggEditor.stories.tsx[2m > [22m[2mSubmitting
[22m[39m[FilesContext] fetchFiles called
[90mstdout[2m | src/components/EasterEggEditor.stories.tsx[2m > [22m[2mSubmitting
[22m[39m[FilesContext] User authenticated: mock-user-sub
[90mstdout[2m | src/components/EasterEggEditor.stories.tsx[2m > [22m[2mSubmitting
[22m[39m[FilesContext] Identity ID: us-east-1:mock-identity-123
[90mstdout[2m | src/components/EasterEggEditor.stories.tsx[2m > [22m[2mSubmitting
[22m[39m[FilesContext] About to set up File observeQuery
[90mstdout[2m | src/components/EasterEggEditor.stories.tsx[2m > [22m[2mSubmitting
[22m[39m[ChatContext] Setting up AssistantChat observeQuery
[90mstdout[2m | src/components/EasterEggEditor.stories.tsx[2m > [22m[2mSubmitting
[22m[39m[ChatContext] Waiting for subscription to initialize
[90mstdout[2m | src/components/EasterEggEditor.stories.tsx[2m > [22m[2mSubmitting
[22m[39m[SettingsContext] Setting up Settings subscription for user: mock-user-sub
[90mstdout[2m | src/components/EasterEggEditor.stories.tsx[2m > [22m[2mSubmitting
[22m[39m[Mock Data] Settings created: mock-settings-1790418074578 - notified 0 subscribers
[90mstdout[2m | src/components/EasterEggEditor.stories.tsx[2m > [22m[2mSubmitting
[22m[39m[Mock Data] Unit.onUpdate() subscription added. Total: 1
[90mstdout[2m | src/components/EasterEggEditor.stories.tsx[2m > [22m[2mSubmitting
[22m[39m[SectionContext] Section observeQuery update: 0
[90mstdout[2m | src/components/EasterEggEditor.stories.tsx[2m > [22m[2mSubmitting
[22m[39m[FilesContext] File observeQuery update: 6 files
[90mstdout[2m | src/components/EasterEggEditor.stories.tsx[2m > [22m[2mSubmitting
[22m[39m[ChatContext] AssistantChat initialized with 1 chats
[90mstdout[2m | src/components/EasterEggEditor.stories.tsx[2m > [22m[2mSubmitting
[22m[39m[ChatContext] Setting initial chat: mock-assistant-chat-1
[90mstdout[2m | src/components/EasterEggEditor.stories.tsx[2m > [22m[2mSubmitting
[22m[39m[MOCK CourseVectorStore] Initialized with mock data
[90mstdout[2m | src/components/EasterEggEditor.stories.tsx[2m > [22m[2mSubmitting
[22m[39m[FilesContext] Vector store population triggered {
  "currentVectorStoreSize": 3,
  "documentsCount": 0,
  "filesCount": 6,
  "isInitialLoad": true,
}
[90mstdout[2m | src/components/EasterEggEditor.stories.tsx[2m > [22m[2mSubmitting
[22m[39m[FilesContext] Vector store population complete - 3 total embeddings
[90mstdout[2m | src/components/EasterEggEditor.stories.tsx[2m > [22m[2mSubmitting
[22m[39m[ChatContext] Chat exists and not archived, skipping creation
[90mstdout[2m | src/components/EasterEggEditor.stories.tsx[2m > [22m[2mSubmitting
[22m[39m[Mock Storage] downloadData called with: undefined
 [32m✓[39m [30m[45m storybook (chromium) [49m[39m src/components/EasterEggEditor.stories.tsx [2m([22m[2m6 tests[22m[2m)[22m[33m 1566[2mms[22m[39m
[90mstdout[2m | unknown test
[22m[39m[MOCK vectorStoreDB.js] Module loaded - mock IndexedDB operations
[90mstdout[2m | unknown test
[22m[39m[Task Completion] DOM action listeners initialized
[90mstdout[2m | unknown test
[22m[39m[Task Completion] Auto-completion detector initialized
[90mstdout[2m | unknown test
[22m[39m[Preview] Task completion detector initialized
[90mstdout[2m | src/components/Gamification/SectionSelector.stories.tsx[2m > [22m[2mDefault
[22m[39m[TranslationModeController] Setting mode to: off
[90mstdout[2m | src/components/Gamification/SectionSelector.stories.tsx[2m > [22m[2mWith Selection
[22m[39m[TranslationModeController] Setting mode to: off
[90mstdout[2m | src/components/Gamification/SectionSelector.stories.tsx[2m > [22m[2mEmpty
[22m[39m[TranslationModeController] Setting mode to: off
[90mstdout[2m | src/components/Gamification/SectionSelector.stories.tsx[2m > [22m[2mSingle Section
[22m[39m[TranslationModeController] Setting mode to: off
[90mstdout[2m | src/components/Gamification/SectionSelector.stories.tsx[2m > [22m[2mMany Sections
[22m[39m[TranslationModeController] Setting mode to: off
[90mstdout[2m | src/components/Gamification/SectionSelector.stories.tsx[2m > [22m[2mLoading
[22m[39m[TranslationModeController] Setting mode to: off
[90mstdout[2m | src/components/Gamification/SectionSelector.stories.tsx[2m > [22m[2mDisabled
[22m[39m[TranslationModeController] Setting mode to: off
[90mstdout[2m | src/components/Gamification/SectionSelector.stories.tsx[2m > [22m[2mSelect Section
[22m[39m[TranslationModeController] Setting mode to: off
[90mstdout[2m | src/components/Gamification/SectionSelector.stories.tsx[2m > [22m[2mClear Selection
[22m[39m[TranslationModeController] Setting mode to: off
 [32m✓[39m [30m[45m storybook (chromium) [49m[39m src/components/Gamification/SectionSelector.stories.tsx [2m([22m[2m9 tests[22m[2m)[22m[33m 1485[2mms[22m[39m
   [33m[2m✓[22m[39m Select Section [33m 459[2mms[22m[39m
[90mstdout[2m | unknown test
[22m[39m[MOCK vectorStoreDB.js] Module loaded - mock IndexedDB operations
[90mstdout[2m | unknown test
[22m[39m[Task Completion] DOM action listeners initialized
[90mstdout[2m | unknown test
[22m[39m[Task Completion] Auto-completion detector initialized
[90mstdout[2m | unknown test
[22m[39m[Preview] Task completion detector initialized
[90mstdout[2m | src/stories/section-settings.stories.tsx[2m > [22m[2mAI Settings
[22m[39m[MOCK CourseVectorStore] Initialized with mock data
[90mstdout[2m | src/stories/section-settings.stories.tsx[2m > [22m[2mAI Settings
[22m[39m[TranslationModeController] Setting mode to: off
[90mstdout[2m | src/stories/section-settings.stories.tsx[2m > [22m[2mAI Settings
[22m[39m[UnitContext] useEffect triggered {
  "authLoading": false,
  "hasUser": true,
  "id": "mock-unit-id",
  "userSub": "mock-user-sub",
}
[90mstdout[2m | src/stories/section-settings.stories.tsx[2m > [22m[2mAI Settings
[22m[39m[UnitContext] Fetching unit data for id: mock-unit-id
[90mstdout[2m | src/stories/section-settings.stories.tsx[2m > [22m[2mAI Settings
[22m[39m[FilesContext] Initializing vector store from IndexedDB
[90mstdout[2m | src/stories/section-settings.stories.tsx[2m > [22m[2mAI Settings
[22m[39m[FilesContext] fetchFiles called
[90mstdout[2m | src/stories/section-settings.stories.tsx[2m > [22m[2mAI Settings
[22m[39m[FilesContext] User authenticated: mock-user-sub
[90mstdout[2m | src/stories/section-settings.stories.tsx[2m > [22m[2mAI Settings
[22m[39m[FilesContext] Identity ID: us-east-1:mock-identity-123
[90mstdout[2m | src/stories/section-settings.stories.tsx[2m > [22m[2mAI Settings
[22m[39m[FilesContext] About to set up File observeQuery
[90mstdout[2m | src/stories/section-settings.stories.tsx[2m > [22m[2mAI Settings
[22m[39m[ChatContext] Setting up AssistantChat observeQuery
[90mstdout[2m | src/stories/section-settings.stories.tsx[2m > [22m[2mAI Settings
[22m[39m[ChatContext] Waiting for subscription to initialize
[90mstdout[2m | src/stories/section-settings.stories.tsx[2m > [22m[2mAI Settings
[22m[39m[SettingsContext] Setting up Settings subscription for user: mock-user-sub
[90mstdout[2m | src/stories/section-settings.stories.tsx[2m > [22m[2mAI Settings
[22m[39m[Mock Data] Settings created: mock-settings-1790418078089 - notified 0 subscribers
[90mstdout[2m | src/stories/section-settings.stories.tsx[2m > [22m[2mAI Settings
[22m[39m[Mock Data] Unit.onUpdate() subscription added. Total: 1
[90mstdout[2m | src/stories/section-settings.stories.tsx[2m > [22m[2mAI Settings
[22m[39m[SectionContext] Section observeQuery update: 0
[90mstdout[2m | src/stories/section-settings.stories.tsx[2m > [22m[2mAI Settings
[22m[39m[FilesContext] File observeQuery update: 6 files
[90mstdout[2m | src/stories/section-settings.stories.tsx[2m > [22m[2mAI Settings
[22m[39m[ChatContext] AssistantChat initialized with 1 chats
[90mstdout[2m | src/stories/section-settings.stories.tsx[2m > [22m[2mAI Settings
[22m[39m[ChatContext] Setting initial chat: mock-assistant-chat-1
[90mstdout[2m | src/stories/section-settings.stories.tsx[2m > [22m[2mAI Settings
[22m[39m[MOCK CourseVectorStore] Initialized with mock data
[90mstdout[2m | src/stories/section-settings.stories.tsx[2m > [22m[2mAI Settings
[22m[39m[FilesContext] Vector store population triggered {
  "currentVectorStoreSize": 3,
  "documentsCount": 0,
  "filesCount": 6,
  "isInitialLoad": true,
}
[90mstdout[2m | src/stories/section-settings.stories.tsx[2m > [22m[2mAI Settings
[22m[39m[FilesContext] Vector store population complete - 3 total embeddings
[90mstdout[2m | src/stories/section-settings.stories.tsx[2m > [22m[2mAI Settings
[22m[39m[ChatContext] Chat exists and not archived, skipping creation
[90mstdout[2m | src/stories/section-settings.stories.tsx[2m > [22m[2mAI Settings
[22m[39m[Mock Storage] downloadData called with: undefined
[90mstdout[2m | src/stories/section-settings.stories.tsx[2m > [22m[2mGamification Settings
[22m[39m[ChatContext] Cleaning up subscriptions
[90mstdout[2m | src/stories/section-settings.stories.tsx[2m > [22m[2mGamification Settings
[22m[39m[Mock Data] Unit.onUpdate() subscription removed. Remaining: 0
[90mstdout[2m | src/stories/section-settings.stories.tsx[2m > [22m[2mGamification Settings
[22m[39m[MOCK CourseVectorStore] Initialized with mock data
[90mstdout[2m | src/stories/section-settings.stories.tsx[2m > [22m[2mGamification Settings
[22m[39m[TranslationModeController] Setting mode to: off
[90mstdout[2m | src/stories/section-settings.stories.tsx[2m > [22m[2mGamification Settings
[22m[39m[UnitContext] useEffect triggered {
  "authLoading": false,
  "hasUser": true,
  "id": "mock-unit-id",
  "userSub": "mock-user-sub",
}
[90mstdout[2m | src/stories/section-settings.stories.tsx[2m > [22m[2mGamification Settings
[22m[39m[UnitContext] Fetching unit data for id: mock-unit-id
[90mstdout[2m | src/stories/section-settings.stories.tsx[2m > [22m[2mGamification Settings
[22m[39m[FilesContext] Initializing vector store from IndexedDB
[90mstdout[2m | src/stories/section-settings.stories.tsx[2m > [22m[2mGamification Settings
[22m[39m[FilesContext] fetchFiles called
[90mstdout[2m | src/stories/section-settings.stories.tsx[2m > [22m[2mGamification Settings
[22m[39m[FilesContext] User authenticated: mock-user-sub
[90mstdout[2m | src/stories/section-settings.stories.tsx[2m > [22m[2mGamification Settings
[22m[39m[FilesContext] Identity ID: us-east-1:mock-identity-123
[90mstdout[2m | src/stories/section-settings.stories.tsx[2m > [22m[2mGamification Settings
[22m[39m[FilesContext] About to set up File observeQuery
[90mstdout[2m | src/stories/section-settings.stories.tsx[2m > [22m[2mGamification Settings
[22m[39m[ChatContext] Setting up AssistantChat observeQuery
[90mstdout[2m | src/stories/section-settings.stories.tsx[2m > [22m[2mGamification Settings
[22m[39m[ChatContext] Waiting for subscription to initialize
[90mstdout[2m | src/stories/section-settings.stories.tsx[2m > [22m[2mGamification Settings
[22m[39m[SettingsContext] Setting up Settings subscription for user: mock-user-sub
[90mstdout[2m | src/stories/section-settings.stories.tsx[2m > [22m[2mGamification Settings
[22m[39m[Mock Data] Settings created: mock-settings-1790418078534 - notified 0 subscribers
[90mstdout[2m | src/stories/section-settings.stories.tsx[2m > [22m[2mGamification Settings
[22m[39m[Mock Data] Unit.onUpdate() subscription added. Total: 1
[90mstdout[2m | src/stories/section-settings.stories.tsx[2m > [22m[2mGamification Settings
[22m[39m[SectionContext] Section observeQuery update: 0
[90mstdout[2m | src/stories/section-settings.stories.tsx[2m > [22m[2mGamification Settings
[22m[39m[FilesContext] File observeQuery update: 6 files
[90mstdout[2m | src/stories/section-settings.stories.tsx[2m > [22m[2mGamification Settings
[22m[39m[ChatContext] AssistantChat initialized with 1 chats
[90mstdout[2m | src/stories/section-settings.stories.tsx[2m > [22m[2mGamification Settings
[22m[39m[ChatContext] Setting initial chat: mock-assistant-chat-1
[90mstdout[2m | src/stories/section-settings.stories.tsx[2m > [22m[2mGamification Settings
[22m[39m[MOCK CourseVectorStore] Initialized with mock data
[90mstdout[2m | src/stories/section-settings.stories.tsx[2m > [22m[2mGamification Settings
[22m[39m[FilesContext] Vector store population triggered {
  "currentVectorStoreSize": 3,
  "documentsCount": 0,
  "filesCount": 6,
  "isInitialLoad": true,
}
[90mstdout[2m | src/stories/section-settings.stories.tsx[2m > [22m[2mGamification Settings
[22m[39m[FilesContext] Vector store population complete - 3 total embeddings
[90mstdout[2m | src/stories/section-settings.stories.tsx[2m > [22m[2mGamification Settings
[22m[39m[ChatContext] Chat exists and not archived, skipping creation
[90mstdout[2m | src/stories/section-settings.stories.tsx[2m > [22m[2mGamification Settings
[22m[39m[Mock Storage] downloadData called with: undefined
 [32m✓[39m [30m[45m storybook (chromium) [49m[39m src/stories/section-settings.stories.tsx [2m([22m[2m2 tests[22m[2m)[22m[33m 1193[2mms[22m[39m
   [33m[2m✓[22m[39m Gamification Settings [33m 1034[2mms[22m[39m
[90mstdout[2m | unknown test
[22m[39m[MOCK vectorStoreDB.js] Module loaded - mock IndexedDB operations
[90mstdout[2m | unknown test
[22m[39m[Task Completion] DOM action listeners initialized
[90mstdout[2m | unknown test
[22m[39m[Task Completion] Auto-completion detector initialized
[90mstdout[2m | unknown test
[22m[39m[Preview] Task completion detector initialized
[90mstdout[2m | src/components/CollaborativeChat/MessageInput.stories.tsx[2m > [22m[2mDefault
[22m[39m[TranslationModeController] Setting mode to: off
[90mstdout[2m | src/components/CollaborativeChat/MessageInput.stories.tsx[2m > [22m[2mWith Reply
[22m[39m[TranslationModeController] Setting mode to: off
[90mstdout[2m | src/components/CollaborativeChat/MessageInput.stories.tsx[2m > [22m[2mDisabled
[22m[39m[TranslationModeController] Setting mode to: off
[90mstdout[2m | src/components/CollaborativeChat/MessageInput.stories.tsx[2m > [22m[2mNo Members
[22m[39m[TranslationModeController] Setting mode to: off
 [32m✓[39m [30m[45m storybook (chromium) [49m[39m src/components/CollaborativeChat/MessageInput.stories.tsx [2m([22m[2m4 tests[22m[2m)[22m[33m 945[2mms[22m[39m
   [33m[2m✓[22m[39m Default [33m 367[2mms[22m[39m
   [33m[2m✓[22m[39m No Members [33m 390[2mms[22m[39m
[90mstdout[2m | unknown test
[22m[39m[MOCK vectorStoreDB.js] Module loaded - mock IndexedDB operations
[90mstdout[2m | unknown test
[22m[39m[Task Completion] DOM action listeners initialized
[90mstdout[2m | unknown test
[22m[39m[Task Completion] Auto-completion detector initialized
[90mstdout[2m | unknown test
[22m[39m[Preview] Task completion detector initialized
[90mstdout[2m | src/components/Dashboard/UpNextCard.stories.tsx[2m > [22m[2mDefault
[22m[39m[TranslationModeController] Setting mode to: off
[90mstdout[2m | src/components/Dashboard/UpNextCard.stories.tsx[2m > [22m[2mWith Chapter Context
[22m[39m[TranslationModeController] Setting mode to: off
[90mstdout[2m | src/components/Dashboard/UpNextCard.stories.tsx[2m > [22m[2mWith Nailed It
[22m[39m[TranslationModeController] Setting mode to: off
[90mstdout[2m | src/components/Dashboard/UpNextCard.stories.tsx[2m > [22m[2mNo Due Date
[22m[39m[TranslationModeController] Setting mode to: off
[90mstdout[2m | src/components/Dashboard/UpNextCard.stories.tsx[2m > [22m[2mMobile Viewport
[22m[39m[TranslationModeController] Setting mode to: off
[90mstdout[2m | src/components/Dashboard/UpNextCard.stories.tsx[2m > [22m[2mTablet Viewport
[22m[39m[TranslationModeController] Setting mode to: off
[90mstdout[2m | src/components/Dashboard/UpNextCard.stories.tsx[2m > [22m[2mDesktop Viewport
[22m[39m[TranslationModeController] Setting mode to: off
 [32m✓[39m [30m[45m storybook (chromium) [49m[39m src/components/Dashboard/UpNextCard.stories.tsx [2m([22m[2m7 tests[22m[2m)[22m[33m 1232[2mms[22m[39m
[90mstdout[2m | unknown test
[22m[39m[MOCK vectorStoreDB.js] Module loaded - mock IndexedDB operations
[90mstdout[2m | unknown test
[22m[39m[Task Completion] DOM action listeners initialized
[90mstdout[2m | unknown test
[22m[39m[Task Completion] Auto-completion detector initialized
[90mstdout[2m | unknown test
[22m[39m[Preview] Task completion detector initialized
[90mstdout[2m | src/components/Gamification/SectionXPGauge.stories.tsx[2m > [22m[2mFew Units
[22m[39m[TranslationModeController] Setting mode to: off
[90mstdout[2m | src/components/Gamification/SectionXPGauge.stories.tsx[2m > [22m[2mModerate Units
[22m[39m[TranslationModeController] Setting mode to: off
[90mstdout[2m | src/components/Gamification/SectionXPGauge.stories.tsx[2m > [22m[2mMany Units
[22m[39m[TranslationModeController] Setting mode to: off
[90mstdout[2m | src/components/Gamification/SectionXPGauge.stories.tsx[2m > [22m[2mCustom Level Config
[22m[39m[TranslationModeController] Setting mode to: off
[90mstdout[2m | src/components/Gamification/SectionXPGauge.stories.tsx[2m > [22m[2mWith Multipliers
[22m[39m[TranslationModeController] Setting mode to: off
[90mstdout[2m | src/components/Gamification/SectionXPGauge.stories.tsx[2m > [22m[2mAll Levels Reachable
[22m[39m[TranslationModeController] Setting mode to: off
[90mstdout[2m | src/components/Gamification/SectionXPGauge.stories.tsx[2m > [22m[2mNo Tuner
[22m[39m[TranslationModeController] Setting mode to: off
 [32m✓[39m [30m[45m storybook (chromium) [49m[39m src/components/Gamification/SectionXPGauge.stories.tsx [2m([22m[2m7 tests[22m[2m)[22m[33m 1325[2mms[22m[39m
[90mstdout[2m | unknown test
[22m[39m[MOCK vectorStoreDB.js] Module loaded - mock IndexedDB operations
[90mstdout[2m | unknown test
[22m[39m[Task Completion] DOM action listeners initialized
[90mstdout[2m | unknown test
[22m[39m[Task Completion] Auto-completion detector initialized
[90mstdout[2m | unknown test
[22m[39m[Preview] Task completion detector initialized
[90mstdout[2m | .storybook/TranslationMode.stories.tsx[2m > [22m[2mDefault
[22m[39m[MOCK CourseVectorStore] Initialized with mock data
[90mstdout[2m | .storybook/TranslationMode.stories.tsx[2m > [22m[2mDefault
[22m[39m[TranslationOverlay] Mode changed to: off for key: demo.title
[90mstdout[2m | .storybook/TranslationMode.stories.tsx[2m > [22m[2mDefault
[22m[39m[TranslationOverlay] Mode changed to: off for key: demo.description
[90mstdout[2m | .storybook/TranslationMode.stories.tsx[2m > [22m[2mDefault
[22m[39m[TranslationOverlay] Mode changed to: off for key: demo.instructions
[90mstdout[2m | .storybook/TranslationMode.stories.tsx[2m > [22m[2mDefault
[22m[39m[TranslationOverlay] Mode changed to: off for key: demo.auth_form_heading
[90mstdout[2m | .storybook/TranslationMode.stories.tsx[2m > [22m[2mDefault
[22m[39m[TranslationOverlay] Mode changed to: off for key: username
[90mstdout[2m | .storybook/TranslationMode.stories.tsx[2m > [22m[2mDefault
[22m[39m[TranslationOverlay] Mode changed to: off for key: username
[90mstdout[2m | .storybook/TranslationMode.stories.tsx[2m > [22m[2mDefault
[22m[39m[TranslationOverlay] Mode changed to: off for key: password
[90mstdout[2m | .storybook/TranslationMode.stories.tsx[2m > [22m[2mDefault
[22m[39m[TranslationOverlay] Mode changed to: off for key: password
[90mstdout[2m | .storybook/TranslationMode.stories.tsx[2m > [22m[2mDefault
[22m[39m[TranslationOverlay] Mode changed to: off for key: email
[90mstdout[2m | .storybook/TranslationMode.stories.tsx[2m > [22m[2mDefault
[22m[39m[TranslationOverlay] Mode changed to: off for key: email
[90mstdout[2m | .storybook/TranslationMode.stories.tsx[2m > [22m[2mDefault
[22m[39m[TranslationOverlay] Mode changed to: off for key: sign_in
[90mstdout[2m | .storybook/TranslationMode.stories.tsx[2m > [22m[2mDefault
[22m[39m[TranslationOverlay] Mode changed to: off for key: sign_up
[90mstdout[2m | .storybook/TranslationMode.stories.tsx[2m > [22m[2mDefault
[22m[39m[TranslationOverlay] Mode changed to: off for key: forgot_password
[90mstdout[2m | .storybook/TranslationMode.stories.tsx[2m > [22m[2mDefault
[22m[39m[TranslationOverlay] Mode changed to: off for key: reset_password
[90mstdout[2m | .storybook/TranslationMode.stories.tsx[2m > [22m[2mDefault
[22m[39m[TranslationOverlay] Mode changed to: off for key: sign_out
[90mstdout[2m | .storybook/TranslationMode.stories.tsx[2m > [22m[2mDefault
[22m[39m[TranslationOverlay] Mode changed to: off for key: demo.password_reset_heading
[90mstdout[2m | .storybook/TranslationMode.stories.tsx[2m > [22m[2mDefault
[22m[39m[TranslationOverlay] Mode changed to: off for key: confirm_password
[90mstdout[2m | .storybook/TranslationMode.stories.tsx[2m > [22m[2mDefault
[22m[39m[TranslationOverlay] Mode changed to: off for key: confirm_password
[90mstdout[2m | .storybook/TranslationMode.stories.tsx[2m > [22m[2mDefault
[22m[39m[TranslationOverlay] Mode changed to: off for key: confirm_password_placeholder
[90mstdout[2m | .storybook/TranslationMode.stories.tsx[2m > [22m[2mDefault
[22m[39m[TranslationModeController] Setting mode to: off
[90mstdout[2m | .storybook/TranslationMode.stories.tsx[2m > [22m[2mDefault
[22m[39m[TranslationModeController] Setting mode to: off
[90mstdout[2m | .storybook/TranslationMode.stories.tsx[2m > [22m[2mDefault
[22m[39m[UnitContext] useEffect triggered {
  "authLoading": false,
  "hasUser": true,
  "id": "mock-unit-id",
  "userSub": "mock-user-sub",
}
[90mstdout[2m | .storybook/TranslationMode.stories.tsx[2m > [22m[2mDefault
[22m[39m[UnitContext] Fetching unit data for id: mock-unit-id
[90mstdout[2m | .storybook/TranslationMode.stories.tsx[2m > [22m[2mDefault
[22m[39m[FilesContext] Initializing vector store from IndexedDB
[90mstdout[2m | .storybook/TranslationMode.stories.tsx[2m > [22m[2mDefault
[22m[39m[FilesContext] fetchFiles called
[90mstdout[2m | .storybook/TranslationMode.stories.tsx[2m > [22m[2mDefault
[22m[39m[FilesContext] User authenticated: mock-user-sub
[90mstdout[2m | .storybook/TranslationMode.stories.tsx[2m > [22m[2mDefault
[22m[39m[FilesContext] Identity ID: us-east-1:mock-identity-123
[90mstdout[2m | .storybook/TranslationMode.stories.tsx[2m > [22m[2mDefault
[22m[39m[FilesContext] About to set up File observeQuery
[90mstdout[2m | .storybook/TranslationMode.stories.tsx[2m > [22m[2mDefault
[22m[39m[ChatContext] Setting up AssistantChat observeQuery
[90mstdout[2m | .storybook/TranslationMode.stories.tsx[2m > [22m[2mDefault
[22m[39m[ChatContext] Waiting for subscription to initialize
[90mstdout[2m | .storybook/TranslationMode.stories.tsx[2m > [22m[2mDefault
[22m[39m[SettingsContext] Setting up Settings subscription for user: mock-user-sub
[90mstdout[2m | .storybook/TranslationMode.stories.tsx[2m > [22m[2mDefault
[22m[39m[Mock Data] Settings created: mock-settings-1790418089349 - notified 0 subscribers
[90mstdout[2m | .storybook/TranslationMode.stories.tsx[2m > [22m[2mDefault
[22m[39m[Mock Data] Unit.onUpdate() subscription added. Total: 1
[90mstdout[2m | .storybook/TranslationMode.stories.tsx[2m > [22m[2mDefault
[22m[39m[SectionContext] Section observeQuery update: 0
[90mstdout[2m | .storybook/TranslationMode.stories.tsx[2m > [22m[2mDefault
[22m[39m[FilesContext] File observeQuery update: 6 files
[90mstdout[2m | .storybook/TranslationMode.stories.tsx[2m > [22m[2mDefault
[22m[39m[ChatContext] AssistantChat initialized with 1 chats
[90mstdout[2m | .storybook/TranslationMode.stories.tsx[2m > [22m[2mDefault
[22m[39m[ChatContext] Setting initial chat: mock-assistant-chat-1
[90mstdout[2m | .storybook/TranslationMode.stories.tsx[2m > [22m[2mDefault
[22m[39m[MOCK CourseVectorStore] Initialized with mock data
[90mstdout[2m | .storybook/TranslationMode.stories.tsx[2m > [22m[2mDefault
[22m[39m[FilesContext] Vector store population triggered {
  "currentVectorStoreSize": 3,
  "documentsCount": 0,
  "filesCount": 6,
  "isInitialLoad": true,
}
[90mstdout[2m | .storybook/TranslationMode.stories.tsx[2m > [22m[2mDefault
[22m[39m[FilesContext] Vector store population complete - 3 total embeddings
[90mstdout[2m | .storybook/TranslationMode.stories.tsx[2m > [22m[2mDefault
[22m[39m[ChatContext] Chat exists and not archived, skipping creation
[90mstdout[2m | .storybook/TranslationMode.stories.tsx[2m > [22m[2mDefault
[22m[39m[Mock Storage] downloadData called with: undefined
[90mstdout[2m | .storybook/TranslationMode.stories.tsx[2m > [22m[2mDefault
[22m[39mfilterWords {
  "filter": "",
  "wordsCount": 0,
}
[90mstdout[2m | .storybook/TranslationMode.stories.tsx[2m > [22m[2mEditor Namespace
[22m[39m[ChatContext] Cleaning up subscriptions
[90mstdout[2m | .storybook/TranslationMode.stories.tsx[2m > [22m[2mEditor Namespace
[22m[39m[Mock Data] Unit.onUpdate() subscription removed. Remaining: 0
[90mstdout[2m | .storybook/TranslationMode.stories.tsx[2m > [22m[2mEditor Namespace
[22m[39m[MOCK CourseVectorStore] Initialized with mock data
[90mstdout[2m | .storybook/TranslationMode.stories.tsx[2m > [22m[2mEditor Namespace
[22m[39m[TranslationOverlay] Mode changed to: off for key: demo.title
[90mstdout[2m | .storybook/TranslationMode.stories.tsx[2m > [22m[2mEditor Namespace
[22m[39m[TranslationOverlay] Mode changed to: off for key: demo.description
[90mstdout[2m | .storybook/TranslationMode.stories.tsx[2m > [22m[2mEditor Namespace
[22m[39m[TranslationOverlay] Mode changed to: off for key: demo.instructions
[90mstdout[2m | .storybook/TranslationMode.stories.tsx[2m > [22m[2mEditor Namespace
[22m[39m[TranslationOverlay] Mode changed to: off for key: demo.auth_form_heading
[90mstdout[2m | .storybook/TranslationMode.stories.tsx[2m > [22m[2mEditor Namespace
[22m[39m[TranslationOverlay] Mode changed to: off for key: username
[90mstdout[2m | .storybook/TranslationMode.stories.tsx[2m > [22m[2mEditor Namespace
[22m[39m[TranslationOverlay] Mode changed to: off for key: username
[90mstdout[2m | .storybook/TranslationMode.stories.tsx[2m > [22m[2mEditor Namespace
[22m[39m[TranslationOverlay] Mode changed to: off for key: password
[90mstdout[2m | .storybook/TranslationMode.stories.tsx[2m > [22m[2mEditor Namespace
[22m[39m[TranslationOverlay] Mode changed to: off for key: password
[90mstdout[2m | .storybook/TranslationMode.stories.tsx[2m > [22m[2mEditor Namespace
[22m[39m[TranslationOverlay] Mode changed to: off for key: email
[90mstdout[2m | .storybook/TranslationMode.stories.tsx[2m > [22m[2mEditor Namespace
[22m[39m[TranslationOverlay] Mode changed to: off for key: email
[90mstdout[2m | .storybook/TranslationMode.stories.tsx[2m > [22m[2mEditor Namespace
[22m[39m[TranslationOverlay] Mode changed to: off for key: sign_in
[90mstdout[2m | .storybook/TranslationMode.stories.tsx[2m > [22m[2mEditor Namespace
[22m[39m[TranslationOverlay] Mode changed to: off for key: sign_up
[90mstdout[2m | .storybook/TranslationMode.stories.tsx[2m > [22m[2mEditor Namespace
[22m[39m[TranslationOverlay] Mode changed to: off for key: forgot_password
[90mstdout[2m | .storybook/TranslationMode.stories.tsx[2m > [22m[2mEditor Namespace
[22m[39m[TranslationOverlay] Mode changed to: off for key: reset_password
[90mstdout[2m | .storybook/TranslationMode.stories.tsx[2m > [22m[2mEditor Namespace
[22m[39m[TranslationOverlay] Mode changed to: off for key: sign_out
[90mstdout[2m | .storybook/TranslationMode.stories.tsx[2m > [22m[2mEditor Namespace
[22m[39m[TranslationOverlay] Mode changed to: off for key: demo.password_reset_heading
[90mstdout[2m | .storybook/TranslationMode.stories.tsx[2m > [22m[2mEditor Namespace
[22m[39m[TranslationOverlay] Mode changed to: off for key: confirm_password
[90mstdout[2m | .storybook/TranslationMode.stories.tsx[2m > [22m[2mEditor Namespace
[22m[39m[TranslationOverlay] Mode changed to: off for key: confirm_password
[90mstdout[2m | .storybook/TranslationMode.stories.tsx[2m > [22m[2mEditor Namespace
[22m[39m[TranslationOverlay] Mode changed to: off for key: confirm_password_placeholder
[90mstdout[2m | .storybook/TranslationMode.stories.tsx[2m > [22m[2mEditor Namespace
[22m[39m[TranslationModeController] Setting mode to: off
[90mstdout[2m | .storybook/TranslationMode.stories.tsx[2m > [22m[2mEditor Namespace
[22m[39m[TranslationModeController] Setting mode to: off
[90mstdout[2m | .storybook/TranslationMode.stories.tsx[2m > [22m[2mEditor Namespace
[22m[39m[UnitContext] useEffect triggered {
  "authLoading": false,
  "hasUser": true,
  "id": "mock-unit-id",
  "userSub": "mock-user-sub",
}
[90mstdout[2m | .storybook/TranslationMode.stories.tsx[2m > [22m[2mEditor Namespace
[22m[39m[UnitContext] Fetching unit data for id: mock-unit-id
[90mstdout[2m | .storybook/TranslationMode.stories.tsx[2m > [22m[2mEditor Namespace
[22m[39m[FilesContext] Initializing vector store from IndexedDB
[90mstdout[2m | .storybook/TranslationMode.stories.tsx[2m > [22m[2mEditor Namespace
[22m[39m[FilesContext] fetchFiles called
[90mstdout[2m | .storybook/TranslationMode.stories.tsx[2m > [22m[2mEditor Namespace
[22m[39m[FilesContext] User authenticated: mock-user-sub
[90mstdout[2m | .storybook/TranslationMode.stories.tsx[2m > [22m[2mEditor Namespace
[22m[39m[FilesContext] Identity ID: us-east-1:mock-identity-123
[90mstdout[2m | .storybook/TranslationMode.stories.tsx[2m > [22m[2mEditor Namespace
[22m[39m[FilesContext] About to set up File observeQuery
[90mstdout[2m | .storybook/TranslationMode.stories.tsx[2m > [22m[2mEditor Namespace
[22m[39m[ChatContext] Setting up AssistantChat observeQuery
[90mstdout[2m | .storybook/TranslationMode.stories.tsx[2m > [22m[2mEditor Namespace
[22m[39m[ChatContext] Waiting for subscription to initialize
[90mstdout[2m | .storybook/TranslationMode.stories.tsx[2m > [22m[2mEditor Namespace
[22m[39m[SettingsContext] Setting up Settings subscription for user: mock-user-sub
[90mstdout[2m | .storybook/TranslationMode.stories.tsx[2m > [22m[2mEditor Namespace
[22m[39m[Mock Data] Settings created: mock-settings-1790418089819 - notified 0 subscribers
[90mstdout[2m | .storybook/TranslationMode.stories.tsx[2m > [22m[2mEditor Namespace
[22m[39m[Mock Data] Unit.onUpdate() subscription added. Total: 1
[90mstdout[2m | .storybook/TranslationMode.stories.tsx[2m > [22m[2mEditor Namespace
[22m[39m[SectionContext] Section observeQuery update: 0
[90mstdout[2m | .storybook/TranslationMode.stories.tsx[2m > [22m[2mEditor Namespace
[22m[39m[FilesContext] File observeQuery update: 6 files
[90mstdout[2m | .storybook/TranslationMode.stories.tsx[2m > [22m[2mEditor Namespace
[22m[39m[ChatContext] AssistantChat initialized with 1 chats
[90mstdout[2m | .storybook/TranslationMode.stories.tsx[2m > [22m[2mEditor Namespace
[22m[39m[ChatContext] Setting initial chat: mock-assistant-chat-1
[90mstdout[2m | .storybook/TranslationMode.stories.tsx[2m > [22m[2mEditor Namespace
[22m[39m[MOCK CourseVectorStore] Initialized with mock data
[90mstdout[2m | .storybook/TranslationMode.stories.tsx[2m > [22m[2mEditor Namespace
[22m[39m[FilesContext] Vector store population triggered {
  "currentVectorStoreSize": 3,
  "documentsCount": 0,
  "filesCount": 6,
  "isInitialLoad": true,
}
[90mstdout[2m | .storybook/TranslationMode.stories.tsx[2m > [22m[2mEditor Namespace
[22m[39m[FilesContext] Vector store population complete - 3 total embeddings
[90mstdout[2m | .storybook/TranslationMode.stories.tsx[2m > [22m[2mEditor Namespace
[22m[39m[ChatContext] Chat exists and not archived, skipping creation
[90mstdout[2m | .storybook/TranslationMode.stories.tsx[2m > [22m[2mEditor Namespace
[22m[39m[Mock Storage] downloadData called with: undefined
[90mstdout[2m | .storybook/TranslationMode.stories.tsx[2m > [22m[2mAuth Namespace
[22m[39m[ChatContext] Cleaning up subscriptions
[90mstdout[2m | .storybook/TranslationMode.stories.tsx[2m > [22m[2mAuth Namespace
[22m[39m[Mock Data] Unit.onUpdate() subscription removed. Remaining: 0
[90mstdout[2m | .storybook/TranslationMode.stories.tsx[2m > [22m[2mAuth Namespace
[22m[39m[MOCK CourseVectorStore] Initialized with mock data
[90mstdout[2m | .storybook/TranslationMode.stories.tsx[2m > [22m[2mAuth Namespace
[22m[39m[TranslationOverlay] Mode changed to: off for key: demo.title
[90mstdout[2m | .storybook/TranslationMode.stories.tsx[2m > [22m[2mAuth Namespace
[22m[39m[TranslationOverlay] Mode changed to: off for key: demo.description
[90mstdout[2m | .storybook/TranslationMode.stories.tsx[2m > [22m[2mAuth Namespace
[22m[39m[TranslationOverlay] Mode changed to: off for key: demo.instructions
[90mstdout[2m | .storybook/TranslationMode.stories.tsx[2m > [22m[2mAuth Namespace
[22m[39m[TranslationOverlay] Mode changed to: off for key: demo.auth_form_heading
[90mstdout[2m | .storybook/TranslationMode.stories.tsx[2m > [22m[2mAuth Namespace
[22m[39m[TranslationOverlay] Mode changed to: off for key: username
[90mstdout[2m | .storybook/TranslationMode.stories.tsx[2m > [22m[2mAuth Namespace
[22m[39m[TranslationOverlay] Mode changed to: off for key: username
[90mstdout[2m | .storybook/TranslationMode.stories.tsx[2m > [22m[2mAuth Namespace
[22m[39m[TranslationOverlay] Mode changed to: off for key: password
[90mstdout[2m | .storybook/TranslationMode.stories.tsx[2m > [22m[2mAuth Namespace
[22m[39m[TranslationOverlay] Mode changed to: off for key: password
[90mstdout[2m | .storybook/TranslationMode.stories.tsx[2m > [22m[2mAuth Namespace
[22m[39m[TranslationOverlay] Mode changed to: off for key: email
[90mstdout[2m | .storybook/TranslationMode.stories.tsx[2m > [22m[2mAuth Namespace
[22m[39m[TranslationOverlay] Mode changed to: off for key: email
[90mstdout[2m | .storybook/TranslationMode.stories.tsx[2m > [22m[2mAuth Namespace
[22m[39m[TranslationOverlay] Mode changed to: off for key: sign_in
[90mstdout[2m | .storybook/TranslationMode.stories.tsx[2m > [22m[2mAuth Namespace
[22m[39m[TranslationOverlay] Mode changed to: off for key: sign_up
[90mstdout[2m | .storybook/TranslationMode.stories.tsx[2m > [22m[2mAuth Namespace
[22m[39m[TranslationOverlay] Mode changed to: off for key: forgot_password
[90mstdout[2m | .storybook/TranslationMode.stories.tsx[2m > [22m[2mAuth Namespace
[22m[39m[TranslationOverlay] Mode changed to: off for key: reset_password
[90mstdout[2m | .storybook/TranslationMode.stories.tsx[2m > [22m[2mAuth Namespace
[22m[39m[TranslationOverlay] Mode changed to: off for key: sign_out
[90mstdout[2m | .storybook/TranslationMode.stories.tsx[2m > [22m[2mAuth Namespace
[22m[39m[TranslationOverlay] Mode changed to: off for key: demo.password_reset_heading
[90mstdout[2m | .storybook/TranslationMode.stories.tsx[2m > [22m[2mAuth Namespace
[22m[39m[TranslationOverlay] Mode changed to: off for key: confirm_password
[90mstdout[2m | .storybook/TranslationMode.stories.tsx[2m > [22m[2mAuth Namespace
[22m[39m[TranslationOverlay] Mode changed to: off for key: confirm_password
[90mstdout[2m | .storybook/TranslationMode.stories.tsx[2m > [22m[2mAuth Namespace
[22m[39m[TranslationOverlay] Mode changed to: off for key: confirm_password_placeholder
[90mstdout[2m | .storybook/TranslationMode.stories.tsx[2m > [22m[2mAuth Namespace
[22m[39m[TranslationModeController] Setting mode to: off
[90mstdout[2m | .storybook/TranslationMode.stories.tsx[2m > [22m[2mAuth Namespace
[22m[39m[TranslationModeController] Setting mode to: off
[90mstdout[2m | .storybook/TranslationMode.stories.tsx[2m > [22m[2mAuth Namespace
[22m[39m[UnitContext] useEffect triggered {
  "authLoading": false,
  "hasUser": true,
  "id": "mock-unit-id",
  "userSub": "mock-user-sub",
}
[90mstdout[2m | .storybook/TranslationMode.stories.tsx[2m > [22m[2mAuth Namespace
[22m[39m[UnitContext] Fetching unit data for id: mock-unit-id
[90mstdout[2m | .storybook/TranslationMode.stories.tsx[2m > [22m[2mAuth Namespace
[22m[39m[FilesContext] Initializing vector store from IndexedDB
[90mstdout[2m | .storybook/TranslationMode.stories.tsx[2m > [22m[2mAuth Namespace
[22m[39m[FilesContext] fetchFiles called
[90mstdout[2m | .storybook/TranslationMode.stories.tsx[2m > [22m[2mAuth Namespace
[22m[39m[FilesContext] User authenticated: mock-user-sub
[90mstdout[2m | .storybook/TranslationMode.stories.tsx[2m > [22m[2mAuth Namespace
[22m[39m[FilesContext] Identity ID: us-east-1:mock-identity-123
[90mstdout[2m | .storybook/TranslationMode.stories.tsx[2m > [22m[2mAuth Namespace
[22m[39m[FilesContext] About to set up File observeQuery
[90mstdout[2m | .storybook/TranslationMode.stories.tsx[2m > [22m[2mAuth Namespace
[22m[39m[ChatContext] Setting up AssistantChat observeQuery
[90mstdout[2m | .storybook/TranslationMode.stories.tsx[2m > [22m[2mAuth Namespace
[22m[39m[ChatContext] Waiting for subscription to initialize
[90mstdout[2m | .storybook/TranslationMode.stories.tsx[2m > [22m[2mAuth Namespace
[22m[39m[SettingsContext] Setting up Settings subscription for user: mock-user-sub
[90mstdout[2m | .storybook/TranslationMode.stories.tsx[2m > [22m[2mAuth Namespace
[22m[39m[Mock Data] Settings created: mock-settings-1790418090069 - notified 0 subscribers
[90mstdout[2m | .storybook/TranslationMode.stories.tsx[2m > [22m[2mAuth Namespace
[22m[39m[Mock Data] Unit.onUpdate() subscription added. Total: 1
[90mstdout[2m | .storybook/TranslationMode.stories.tsx[2m > [22m[2mAuth Namespace
[22m[39m[SectionContext] Section observeQuery update: 0
[90mstdout[2m | .storybook/TranslationMode.stories.tsx[2m > [22m[2mAuth Namespace
[22m[39m[FilesContext] File observeQuery update: 6 files
[90mstdout[2m | .storybook/TranslationMode.stories.tsx[2m > [22m[2mAuth Namespace
[22m[39m[ChatContext] AssistantChat initialized with 1 chats
[90mstdout[2m | .storybook/TranslationMode.stories.tsx[2m > [22m[2mAuth Namespace
[22m[39m[ChatContext] Setting initial chat: mock-assistant-chat-1
[90mstdout[2m | .storybook/TranslationMode.stories.tsx[2m > [22m[2mAuth Namespace
[22m[39m[MOCK CourseVectorStore] Initialized with mock data
[90mstdout[2m | .storybook/TranslationMode.stories.tsx[2m > [22m[2mAuth Namespace
[22m[39m[FilesContext] Vector store population triggered {
  "currentVectorStoreSize": 3,
  "documentsCount": 0,
  "filesCount": 6,
  "isInitialLoad": true,
}
[90mstdout[2m | .storybook/TranslationMode.stories.tsx[2m > [22m[2mAuth Namespace
[22m[39m[FilesContext] Vector store population complete - 3 total embeddings
[90mstdout[2m | .storybook/TranslationMode.stories.tsx[2m > [22m[2mAuth Namespace
[22m[39m[ChatContext] Chat exists and not archived, skipping creation
[90mstdout[2m | .storybook/TranslationMode.stories.tsx[2m > [22m[2mAuth Namespace
[22m[39m[Mock Storage] downloadData called with: undefined
 [32m✓[39m [30m[45m storybook (chromium) [49m[39m .storybook/TranslationMode.stories.tsx [2m([22m[2m3 tests[22m[2m)[22m[33m 1102[2mms[22m[39m
   [33m[2m✓[22m[39m Default [33m 474[2mms[22m[39m
   [33m[2m✓[22m[39m Editor Namespace [33m 306[2mms[22m[39m
   [33m[2m✓[22m[39m Auth Namespace [33m 322[2mms[22m[39m
[90mstdout[2m | unknown test
[22m[39m[MOCK vectorStoreDB.js] Module loaded - mock IndexedDB operations
[90mstdout[2m | unknown test
[22m[39m[Task Completion] DOM action listeners initialized
[90mstdout[2m | unknown test
[22m[39m[Task Completion] Auto-completion detector initialized
[90mstdout[2m | unknown test
[22m[39m[Preview] Task completion detector initialized
[90mstdout[2m | src/components/ModerationPanel.stories.jsx[2m > [22m[2mSingle Category Flagged
[22m[39m[MOCK CourseVectorStore] Initialized with mock data
[90mstdout[2m | src/components/ModerationPanel.stories.jsx[2m > [22m[2mSingle Category Flagged
[22m[39m[TranslationModeController] Setting mode to: off
[90mstdout[2m | src/components/ModerationPanel.stories.jsx[2m > [22m[2mSingle Category Flagged
[22m[39m[UnitContext] useEffect triggered {
  "authLoading": false,
  "hasUser": true,
  "id": "mock-unit-id",
  "userSub": "mock-user-sub",
}
[90mstdout[2m | src/components/ModerationPanel.stories.jsx[2m > [22m[2mSingle Category Flagged
[22m[39m[UnitContext] Fetching unit data for id: mock-unit-id
[90mstdout[2m | src/components/ModerationPanel.stories.jsx[2m > [22m[2mSingle Category Flagged
[22m[39m[FilesContext] Initializing vector store from IndexedDB
[90mstdout[2m | src/components/ModerationPanel.stories.jsx[2m > [22m[2mSingle Category Flagged
[22m[39m[FilesContext] fetchFiles called
[90mstdout[2m | src/components/ModerationPanel.stories.jsx[2m > [22m[2mSingle Category Flagged
[22m[39m[FilesContext] User authenticated: mock-user-sub
[90mstdout[2m | src/components/ModerationPanel.stories.jsx[2m > [22m[2mSingle Category Flagged
[22m[39m[FilesContext] Identity ID: us-east-1:mock-identity-123
[90mstdout[2m | src/components/ModerationPanel.stories.jsx[2m > [22m[2mSingle Category Flagged
[22m[39m[FilesContext] About to set up File observeQuery
[90mstdout[2m | src/components/ModerationPanel.stories.jsx[2m > [22m[2mSingle Category Flagged
[22m[39m[ChatContext] Setting up AssistantChat observeQuery
[90mstdout[2m | src/components/ModerationPanel.stories.jsx[2m > [22m[2mSingle Category Flagged
[22m[39m[ChatContext] Waiting for subscription to initialize
[90mstdout[2m | src/components/ModerationPanel.stories.jsx[2m > [22m[2mSingle Category Flagged
[22m[39m[SettingsContext] Setting up Settings subscription for user: mock-user-sub
[90mstdout[2m | src/components/ModerationPanel.stories.jsx[2m > [22m[2mSingle Category Flagged
[22m[39m[Mock Data] Settings created: mock-settings-1790418091054 - notified 0 subscribers
[90mstdout[2m | src/components/ModerationPanel.stories.jsx[2m > [22m[2mSingle Category Flagged
[22m[39m[Mock Data] Unit.onUpdate() subscription added. Total: 1
[90mstdout[2m | src/components/ModerationPanel.stories.jsx[2m > [22m[2mSingle Category Flagged
[22m[39m[SectionContext] Section observeQuery update: 0
[90mstdout[2m | src/components/ModerationPanel.stories.jsx[2m > [22m[2mSingle Category Flagged
[22m[39m[FilesContext] File observeQuery update: 6 files
[90mstdout[2m | src/components/ModerationPanel.stories.jsx[2m > [22m[2mSingle Category Flagged
[22m[39m[ChatContext] AssistantChat initialized with 1 chats
[90mstdout[2m | src/components/ModerationPanel.stories.jsx[2m > [22m[2mSingle Category Flagged
[22m[39m[ChatContext] Setting initial chat: mock-assistant-chat-1
[90mstdout[2m | src/components/ModerationPanel.stories.jsx[2m > [22m[2mSingle Category Flagged
[22m[39m[MOCK CourseVectorStore] Initialized with mock data
[90mstdout[2m | src/components/ModerationPanel.stories.jsx[2m > [22m[2mSingle Category Flagged
[22m[39m[FilesContext] Vector store population triggered {
  "currentVectorStoreSize": 3,
  "documentsCount": 0,
  "filesCount": 6,
  "isInitialLoad": true,
}
[90mstdout[2m | src/components/ModerationPanel.stories.jsx[2m > [22m[2mSingle Category Flagged
[22m[39m[FilesContext] Vector store population complete - 3 total embeddings
[90mstdout[2m | src/components/ModerationPanel.stories.jsx[2m > [22m[2mSingle Category Flagged
[22m[39m[ChatContext] Chat exists and not archived, skipping creation
[90mstdout[2m | src/components/ModerationPanel.stories.jsx[2m > [22m[2mSingle Category Flagged
[22m[39m[Mock Storage] downloadData called with: undefined
[90mstdout[2m | src/components/ModerationPanel.stories.jsx[2m > [22m[2mMultiple Categories Flagged
[22m[39m[ChatContext] Cleaning up subscriptions
[90mstdout[2m | src/components/ModerationPanel.stories.jsx[2m > [22m[2mMultiple Categories Flagged
[22m[39m[Mock Data] Unit.onUpdate() subscription removed. Remaining: 0
[90mstdout[2m | src/components/ModerationPanel.stories.jsx[2m > [22m[2mMultiple Categories Flagged
[22m[39m[MOCK CourseVectorStore] Initialized with mock data
[90mstdout[2m | src/components/ModerationPanel.stories.jsx[2m > [22m[2mMultiple Categories Flagged
[22m[39m[TranslationModeController] Setting mode to: off
[90mstdout[2m | src/components/ModerationPanel.stories.jsx[2m > [22m[2mMultiple Categories Flagged
[22m[39m[UnitContext] useEffect triggered {
  "authLoading": false,
  "hasUser": true,
  "id": "mock-unit-id",
  "userSub": "mock-user-sub",
}
[90mstdout[2m | src/components/ModerationPanel.stories.jsx[2m > [22m[2mMultiple Categories Flagged
[22m[39m[UnitContext] Fetching unit data for id: mock-unit-id
[90mstdout[2m | src/components/ModerationPanel.stories.jsx[2m > [22m[2mMultiple Categories Flagged
[22m[39m[FilesContext] Initializing vector store from IndexedDB
[90mstdout[2m | src/components/ModerationPanel.stories.jsx[2m > [22m[2mMultiple Categories Flagged
[22m[39m[FilesContext] fetchFiles called
[90mstdout[2m | src/components/ModerationPanel.stories.jsx[2m > [22m[2mMultiple Categories Flagged
[22m[39m[FilesContext] User authenticated: mock-user-sub
[90mstdout[2m | src/components/ModerationPanel.stories.jsx[2m > [22m[2mMultiple Categories Flagged
[22m[39m[FilesContext] Identity ID: us-east-1:mock-identity-123
[90mstdout[2m | src/components/ModerationPanel.stories.jsx[2m > [22m[2mMultiple Categories Flagged
[22m[39m[FilesContext] About to set up File observeQuery
[90mstdout[2m | src/components/ModerationPanel.stories.jsx[2m > [22m[2mMultiple Categories Flagged
[22m[39m[ChatContext] Setting up AssistantChat observeQuery
[90mstdout[2m | src/components/ModerationPanel.stories.jsx[2m > [22m[2mMultiple Categories Flagged
[22m[39m[ChatContext] Waiting for subscription to initialize
[90mstdout[2m | src/components/ModerationPanel.stories.jsx[2m > [22m[2mMultiple Categories Flagged
[22m[39m[SettingsContext] Setting up Settings subscription for user: mock-user-sub
[90mstdout[2m | src/components/ModerationPanel.stories.jsx[2m > [22m[2mMultiple Categories Flagged
[22m[39m[Mock Data] Settings created: mock-settings-1790418091296 - notified 0 subscribers
[90mstdout[2m | src/components/ModerationPanel.stories.jsx[2m > [22m[2mMultiple Categories Flagged
[22m[39m[Mock Data] Unit.onUpdate() subscription added. Total: 1
[90mstdout[2m | src/components/ModerationPanel.stories.jsx[2m > [22m[2mMultiple Categories Flagged
[22m[39m[SectionContext] Section observeQuery update: 0
[90mstdout[2m | src/components/ModerationPanel.stories.jsx[2m > [22m[2mMultiple Categories Flagged
[22m[39m[FilesContext] File observeQuery update: 6 files
[90mstdout[2m | src/components/ModerationPanel.stories.jsx[2m > [22m[2mMultiple Categories Flagged
[22m[39m[ChatContext] AssistantChat initialized with 1 chats
[90mstdout[2m | src/components/ModerationPanel.stories.jsx[2m > [22m[2mMultiple Categories Flagged
[22m[39m[ChatContext] Setting initial chat: mock-assistant-chat-1
[90mstdout[2m | src/components/ModerationPanel.stories.jsx[2m > [22m[2mMultiple Categories Flagged
[22m[39m[MOCK CourseVectorStore] Initialized with mock data
[90mstdout[2m | src/components/ModerationPanel.stories.jsx[2m > [22m[2mMultiple Categories Flagged
[22m[39m[FilesContext] Vector store population triggered {
  "currentVectorStoreSize": 3,
  "documentsCount": 0,
  "filesCount": 6,
  "isInitialLoad": true,
}
[90mstdout[2m | src/components/ModerationPanel.stories.jsx[2m > [22m[2mMultiple Categories Flagged
[22m[39m[FilesContext] Vector store population complete - 3 total embeddings
[90mstdout[2m | src/components/ModerationPanel.stories.jsx[2m > [22m[2mMultiple Categories Flagged
[22m[39m[ChatContext] Chat exists and not archived, skipping creation
[90mstdout[2m | src/components/ModerationPanel.stories.jsx[2m > [22m[2mMultiple Categories Flagged
[22m[39m[Mock Storage] downloadData called with: undefined
[90mstdout[2m | src/components/ModerationPanel.stories.jsx[2m > [22m[2mLow Confidence Flag
[22m[39m[ChatContext] Cleaning up subscriptions
[90mstdout[2m | src/components/ModerationPanel.stories.jsx[2m > [22m[2mLow Confidence Flag
[22m[39m[Mock Data] Unit.onUpdate() subscription removed. Remaining: 0
[90mstdout[2m | src/components/ModerationPanel.stories.jsx[2m > [22m[2mLow Confidence Flag
[22m[39m[MOCK CourseVectorStore] Initialized with mock data
[90mstdout[2m | src/components/ModerationPanel.stories.jsx[2m > [22m[2mLow Confidence Flag
[22m[39m[TranslationModeController] Setting mode to: off
[90mstdout[2m | src/components/ModerationPanel.stories.jsx[2m > [22m[2mLow Confidence Flag
[22m[39m[UnitContext] useEffect triggered {
  "authLoading": false,
  "hasUser": true,
  "id": "mock-unit-id",
  "userSub": "mock-user-sub",
}
[90mstdout[2m | src/components/ModerationPanel.stories.jsx[2m > [22m[2mLow Confidence Flag
[22m[39m[UnitContext] Fetching unit data for id: mock-unit-id
[90mstdout[2m | src/components/ModerationPanel.stories.jsx[2m > [22m[2mLow Confidence Flag
[22m[39m[FilesContext] Initializing vector store from IndexedDB
[90mstdout[2m | src/components/ModerationPanel.stories.jsx[2m > [22m[2mLow Confidence Flag
[22m[39m[FilesContext] fetchFiles called
[90mstdout[2m | src/components/ModerationPanel.stories.jsx[2m > [22m[2mLow Confidence Flag
[22m[39m[FilesContext] User authenticated: mock-user-sub
[90mstdout[2m | src/components/ModerationPanel.stories.jsx[2m > [22m[2mLow Confidence Flag
[22m[39m[FilesContext] Identity ID: us-east-1:mock-identity-123
[90mstdout[2m | src/components/ModerationPanel.stories.jsx[2m > [22m[2mLow Confidence Flag
[22m[39m[FilesContext] About to set up File observeQuery
[90mstdout[2m | src/components/ModerationPanel.stories.jsx[2m > [22m[2mLow Confidence Flag
[22m[39m[ChatContext] Setting up AssistantChat observeQuery
[90mstdout[2m | src/components/ModerationPanel.stories.jsx[2m > [22m[2mLow Confidence Flag
[22m[39m[ChatContext] Waiting for subscription to initialize
[90mstdout[2m | src/components/ModerationPanel.stories.jsx[2m > [22m[2mLow Confidence Flag
[22m[39m[SettingsContext] Setting up Settings subscription for user: mock-user-sub
[90mstdout[2m | src/components/ModerationPanel.stories.jsx[2m > [22m[2mLow Confidence Flag
[22m[39m[Mock Data] Settings created: mock-settings-1790418091457 - notified 0 subscribers
[90mstdout[2m | src/components/ModerationPanel.stories.jsx[2m > [22m[2mLow Confidence Flag
[22m[39m[Mock Data] Unit.onUpdate() subscription added. Total: 1
[90mstdout[2m | src/components/ModerationPanel.stories.jsx[2m > [22m[2mLow Confidence Flag
[22m[39m[SectionContext] Section observeQuery update: 0
[90mstdout[2m | src/components/ModerationPanel.stories.jsx[2m > [22m[2mLow Confidence Flag
[22m[39m[FilesContext] File observeQuery update: 6 files
[90mstdout[2m | src/components/ModerationPanel.stories.jsx[2m > [22m[2mLow Confidence Flag
[22m[39m[ChatContext] AssistantChat initialized with 1 chats
[90mstdout[2m | src/components/ModerationPanel.stories.jsx[2m > [22m[2mLow Confidence Flag
[22m[39m[ChatContext] Setting initial chat: mock-assistant-chat-1
[90mstdout[2m | src/components/ModerationPanel.stories.jsx[2m > [22m[2mLow Confidence Flag
[22m[39m[MOCK CourseVectorStore] Initialized with mock data
[90mstdout[2m | src/components/ModerationPanel.stories.jsx[2m > [22m[2mLow Confidence Flag
[22m[39m[FilesContext] Vector store population triggered {
  "currentVectorStoreSize": 3,
  "documentsCount": 0,
  "filesCount": 6,
  "isInitialLoad": true,
}
[90mstdout[2m | src/components/ModerationPanel.stories.jsx[2m > [22m[2mLow Confidence Flag
[22m[39m[FilesContext] Vector store population complete - 3 total embeddings
[90mstdout[2m | src/components/ModerationPanel.stories.jsx[2m > [22m[2mLow Confidence Flag
[22m[39m[ChatContext] Chat exists and not archived, skipping creation
[90mstdout[2m | src/components/ModerationPanel.stories.jsx[2m > [22m[2mLow Confidence Flag
[22m[39m[Mock Storage] downloadData called with: undefined
[90mstdout[2m | src/components/ModerationPanel.stories.jsx[2m > [22m[2mApproved Content
[22m[39m[ChatContext] Cleaning up subscriptions
[90mstdout[2m | src/components/ModerationPanel.stories.jsx[2m > [22m[2mApproved Content
[22m[39m[Mock Data] Unit.onUpdate() subscription removed. Remaining: 0
[90mstdout[2m | src/components/ModerationPanel.stories.jsx[2m > [22m[2mApproved Content
[22m[39m[MOCK CourseVectorStore] Initialized with mock data
[90mstdout[2m | src/components/ModerationPanel.stories.jsx[2m > [22m[2mApproved Content
[22m[39m[TranslationModeController] Setting mode to: off
[90mstdout[2m | src/components/ModerationPanel.stories.jsx[2m > [22m[2mApproved Content
[22m[39m[UnitContext] useEffect triggered {
  "authLoading": false,
  "hasUser": true,
  "id": "mock-unit-id",
  "userSub": "mock-user-sub",
}
[90mstdout[2m | src/components/ModerationPanel.stories.jsx[2m > [22m[2mApproved Content
[22m[39m[UnitContext] Fetching unit data for id: mock-unit-id
[90mstdout[2m | src/components/ModerationPanel.stories.jsx[2m > [22m[2mApproved Content
[22m[39m[FilesContext] Initializing vector store from IndexedDB
[90mstdout[2m | src/components/ModerationPanel.stories.jsx[2m > [22m[2mApproved Content
[22m[39m[FilesContext] fetchFiles called
[90mstdout[2m | src/components/ModerationPanel.stories.jsx[2m > [22m[2mApproved Content
[22m[39m[FilesContext] User authenticated: mock-user-sub
[90mstdout[2m | src/components/ModerationPanel.stories.jsx[2m > [22m[2mApproved Content
[22m[39m[FilesContext] Identity ID: us-east-1:mock-identity-123
[90mstdout[2m | src/components/ModerationPanel.stories.jsx[2m > [22m[2mApproved Content
[22m[39m[FilesContext] About to set up File observeQuery
[90mstdout[2m | src/components/ModerationPanel.stories.jsx[2m > [22m[2mApproved Content
[22m[39m[ChatContext] Setting up AssistantChat observeQuery
[90mstdout[2m | src/components/ModerationPanel.stories.jsx[2m > [22m[2mApproved Content
[22m[39m[ChatContext] Waiting for subscription to initialize
[90mstdout[2m | src/components/ModerationPanel.stories.jsx[2m > [22m[2mApproved Content
[22m[39m[SettingsContext] Setting up Settings subscription for user: mock-user-sub
[90mstdout[2m | src/components/ModerationPanel.stories.jsx[2m > [22m[2mApproved Content
[22m[39m[Mock Data] Settings created: mock-settings-1790418091593 - notified 0 subscribers
[90mstdout[2m | src/components/ModerationPanel.stories.jsx[2m > [22m[2mApproved Content
[22m[39m[Mock Data] Unit.onUpdate() subscription added. Total: 1
[90mstdout[2m | src/components/ModerationPanel.stories.jsx[2m > [22m[2mApproved Content
[22m[39m[SectionContext] Section observeQuery update: 0
[90mstdout[2m | src/components/ModerationPanel.stories.jsx[2m > [22m[2mApproved Content
[22m[39m[Mock Storage] downloadData called with: undefined
[90mstdout[2m | src/components/ModerationPanel.stories.jsx[2m > [22m[2mApproved Content
[22m[39m[FilesContext] File observeQuery update: 6 files
[90mstdout[2m | src/components/ModerationPanel.stories.jsx[2m > [22m[2mApproved Content
[22m[39m[ChatContext] AssistantChat initialized with 1 chats
[90mstdout[2m | src/components/ModerationPanel.stories.jsx[2m > [22m[2mApproved Content
[22m[39m[ChatContext] Setting initial chat: mock-assistant-chat-1
[90mstdout[2m | src/components/ModerationPanel.stories.jsx[2m > [22m[2mApproved Content
[22m[39m[MOCK CourseVectorStore] Initialized with mock data
[90mstdout[2m | src/components/ModerationPanel.stories.jsx[2m > [22m[2mApproved Content
[22m[39m[FilesContext] Vector store population triggered {
  "currentVectorStoreSize": 3,
  "documentsCount": 0,
  "filesCount": 6,
  "isInitialLoad": true,
}
[90mstdout[2m | src/components/ModerationPanel.stories.jsx[2m > [22m[2mApproved Content
[22m[39m[FilesContext] Vector store population complete - 3 total embeddings
[90mstdout[2m | src/components/ModerationPanel.stories.jsx[2m > [22m[2mApproved Content
[22m[39m[ChatContext] Chat exists and not archived, skipping creation
[90mstdout[2m | src/components/ModerationPanel.stories.jsx[2m > [22m[2mUnchecked Content
[22m[39m[ChatContext] Cleaning up subscriptions
[90mstdout[2m | src/components/ModerationPanel.stories.jsx[2m > [22m[2mUnchecked Content
[22m[39m[Mock Data] Unit.onUpdate() subscription removed. Remaining: 0
[90mstdout[2m | src/components/ModerationPanel.stories.jsx[2m > [22m[2mUnchecked Content
[22m[39m[MOCK CourseVectorStore] Initialized with mock data
[90mstdout[2m | src/components/ModerationPanel.stories.jsx[2m > [22m[2mUnchecked Content
[22m[39m[TranslationModeController] Setting mode to: off
[90mstdout[2m | src/components/ModerationPanel.stories.jsx[2m > [22m[2mUnchecked Content
[22m[39m[UnitContext] useEffect triggered {
  "authLoading": false,
  "hasUser": true,
  "id": "mock-unit-id",
  "userSub": "mock-user-sub",
}
[90mstdout[2m | src/components/ModerationPanel.stories.jsx[2m > [22m[2mUnchecked Content
[22m[39m[UnitContext] Fetching unit data for id: mock-unit-id
[90mstdout[2m | src/components/ModerationPanel.stories.jsx[2m > [22m[2mUnchecked Content
[22m[39m[FilesContext] Initializing vector store from IndexedDB
[90mstdout[2m | src/components/ModerationPanel.stories.jsx[2m > [22m[2mUnchecked Content
[22m[39m[FilesContext] fetchFiles called
[90mstdout[2m | src/components/ModerationPanel.stories.jsx[2m > [22m[2mUnchecked Content
[22m[39m[FilesContext] User authenticated: mock-user-sub
[90mstdout[2m | src/components/ModerationPanel.stories.jsx[2m > [22m[2mUnchecked Content
[22m[39m[FilesContext] Identity ID: us-east-1:mock-identity-123
[90mstdout[2m | src/components/ModerationPanel.stories.jsx[2m > [22m[2mUnchecked Content
[22m[39m[FilesContext] About to set up File observeQuery
[90mstdout[2m | src/components/ModerationPanel.stories.jsx[2m > [22m[2mUnchecked Content
[22m[39m[ChatContext] Setting up AssistantChat observeQuery
[90mstdout[2m | src/components/ModerationPanel.stories.jsx[2m > [22m[2mUnchecked Content
[22m[39m[ChatContext] Waiting for subscription to initialize
[90mstdout[2m | src/components/ModerationPanel.stories.jsx[2m > [22m[2mUnchecked Content
[22m[39m[SettingsContext] Setting up Settings subscription for user: mock-user-sub
[90mstdout[2m | src/components/ModerationPanel.stories.jsx[2m > [22m[2mUnchecked Content
[22m[39m[Mock Data] Settings created: mock-settings-1790418091725 - notified 0 subscribers
[90mstdout[2m | src/components/ModerationPanel.stories.jsx[2m > [22m[2mUnchecked Content
[22m[39m[Mock Data] Unit.onUpdate() subscription added. Total: 1
[90mstdout[2m | src/components/ModerationPanel.stories.jsx[2m > [22m[2mUnchecked Content
[22m[39m[SectionContext] Section observeQuery update: 0
[90mstdout[2m | src/components/ModerationPanel.stories.jsx[2m > [22m[2mUnchecked Content
[22m[39m[FilesContext] File observeQuery update: 6 files
[90mstdout[2m | src/components/ModerationPanel.stories.jsx[2m > [22m[2mUnchecked Content
[22m[39m[ChatContext] AssistantChat initialized with 1 chats
[90mstdout[2m | src/components/ModerationPanel.stories.jsx[2m > [22m[2mUnchecked Content
[22m[39m[ChatContext] Setting initial chat: mock-assistant-chat-1
[90mstdout[2m | src/components/ModerationPanel.stories.jsx[2m > [22m[2mUnchecked Content
[22m[39m[MOCK CourseVectorStore] Initialized with mock data
[90mstdout[2m | src/components/ModerationPanel.stories.jsx[2m > [22m[2mUnchecked Content
[22m[39m[FilesContext] Vector store population triggered {
  "currentVectorStoreSize": 3,
  "documentsCount": 0,
  "filesCount": 6,
  "isInitialLoad": true,
}
[90mstdout[2m | src/components/ModerationPanel.stories.jsx[2m > [22m[2mUnchecked Content
[22m[39m[FilesContext] Vector store population complete - 3 total embeddings
[90mstdout[2m | src/components/ModerationPanel.stories.jsx[2m > [22m[2mUnchecked Content
[22m[39m[ChatContext] Chat exists and not archived, skipping creation
[90mstdout[2m | src/components/ModerationPanel.stories.jsx[2m > [22m[2mUnchecked Content
[22m[39m[Mock Storage] downloadData called with: undefined
[90mstdout[2m | src/components/ModerationPanel.stories.jsx[2m > [22m[2mCustom Title
[22m[39m[ChatContext] Cleaning up subscriptions
[90mstdout[2m | src/components/ModerationPanel.stories.jsx[2m > [22m[2mCustom Title
[22m[39m[Mock Data] Unit.onUpdate() subscription removed. Remaining: 0
[90mstdout[2m | src/components/ModerationPanel.stories.jsx[2m > [22m[2mCustom Title
[22m[39m[MOCK CourseVectorStore] Initialized with mock data
[90mstdout[2m | src/components/ModerationPanel.stories.jsx[2m > [22m[2mCustom Title
[22m[39m[TranslationModeController] Setting mode to: off
[90mstdout[2m | src/components/ModerationPanel.stories.jsx[2m > [22m[2mCustom Title
[22m[39m[UnitContext] useEffect triggered {
  "authLoading": false,
  "hasUser": true,
  "id": "mock-unit-id",
  "userSub": "mock-user-sub",
}
[90mstdout[2m | src/components/ModerationPanel.stories.jsx[2m > [22m[2mCustom Title
[22m[39m[UnitContext] Fetching unit data for id: mock-unit-id
[90mstdout[2m | src/components/ModerationPanel.stories.jsx[2m > [22m[2mCustom Title
[22m[39m[FilesContext] Initializing vector store from IndexedDB
[90mstdout[2m | src/components/ModerationPanel.stories.jsx[2m > [22m[2mCustom Title
[22m[39m[FilesContext] fetchFiles called
[90mstdout[2m | src/components/ModerationPanel.stories.jsx[2m > [22m[2mCustom Title
[22m[39m[FilesContext] User authenticated: mock-user-sub
[90mstdout[2m | src/components/ModerationPanel.stories.jsx[2m > [22m[2mCustom Title
[22m[39m[FilesContext] Identity ID: us-east-1:mock-identity-123
[90mstdout[2m | src/components/ModerationPanel.stories.jsx[2m > [22m[2mCustom Title
[22m[39m[FilesContext] About to set up File observeQuery
[90mstdout[2m | src/components/ModerationPanel.stories.jsx[2m > [22m[2mCustom Title
[22m[39m[ChatContext] Setting up AssistantChat observeQuery
[90mstdout[2m | src/components/ModerationPanel.stories.jsx[2m > [22m[2mCustom Title
[22m[39m[ChatContext] Waiting for subscription to initialize
[90mstdout[2m | src/components/ModerationPanel.stories.jsx[2m > [22m[2mCustom Title
[22m[39m[SettingsContext] Setting up Settings subscription for user: mock-user-sub
[90mstdout[2m | src/components/ModerationPanel.stories.jsx[2m > [22m[2mCustom Title
[22m[39m[Mock Data] Settings created: mock-settings-1790418091870 - notified 0 subscribers
[90mstdout[2m | src/components/ModerationPanel.stories.jsx[2m > [22m[2mCustom Title
[22m[39m[Mock Data] Unit.onUpdate() subscription added. Total: 1
[90mstdout[2m | src/components/ModerationPanel.stories.jsx[2m > [22m[2mCustom Title
[22m[39m[SectionContext] Section observeQuery update: 0
[90mstdout[2m | src/components/ModerationPanel.stories.jsx[2m > [22m[2mCustom Title
[22m[39m[FilesContext] File observeQuery update: 6 files
[90mstdout[2m | src/components/ModerationPanel.stories.jsx[2m > [22m[2mCustom Title
[22m[39m[ChatContext] AssistantChat initialized with 1 chats
[90mstdout[2m | src/components/ModerationPanel.stories.jsx[2m > [22m[2mCustom Title
[22m[39m[ChatContext] Setting initial chat: mock-assistant-chat-1
[90mstdout[2m | src/components/ModerationPanel.stories.jsx[2m > [22m[2mCustom Title
[22m[39m[MOCK CourseVectorStore] Initialized with mock data
[90mstdout[2m | src/components/ModerationPanel.stories.jsx[2m > [22m[2mCustom Title
[22m[39m[FilesContext] Vector store population triggered {
  "currentVectorStoreSize": 3,
  "documentsCount": 0,
  "filesCount": 6,
  "isInitialLoad": true,
}
[90mstdout[2m | src/components/ModerationPanel.stories.jsx[2m > [22m[2mCustom Title
[22m[39m[FilesContext] Vector store population complete - 3 total embeddings
[90mstdout[2m | src/components/ModerationPanel.stories.jsx[2m > [22m[2mCustom Title
[22m[39m[ChatContext] Chat exists and not archived, skipping creation
[90mstdout[2m | src/components/ModerationPanel.stories.jsx[2m > [22m[2mCustom Title
[22m[39m[Mock Storage] downloadData called with: undefined
[90mstdout[2m | src/components/ModerationPanel.stories.jsx[2m > [22m[2mInstructor Review Workflow
[22m[39m[ChatContext] Cleaning up subscriptions
[90mstdout[2m | src/components/ModerationPanel.stories.jsx[2m > [22m[2mInstructor Review Workflow
[22m[39m[Mock Data] Unit.onUpdate() subscription removed. Remaining: 0
[90mstdout[2m | src/components/ModerationPanel.stories.jsx[2m > [22m[2mInstructor Review Workflow
[22m[39m[MOCK CourseVectorStore] Initialized with mock data
[90mstdout[2m | src/components/ModerationPanel.stories.jsx[2m > [22m[2mInstructor Review Workflow
[22m[39m[TranslationModeController] Setting mode to: off
[90mstdout[2m | src/components/ModerationPanel.stories.jsx[2m > [22m[2mInstructor Review Workflow
[22m[39m[UnitContext] useEffect triggered {
  "authLoading": false,
  "hasUser": true,
  "id": "mock-unit-id",
  "userSub": "mock-user-sub",
}
[90mstdout[2m | src/components/ModerationPanel.stories.jsx[2m > [22m[2mInstructor Review Workflow
[22m[39m[UnitContext] Fetching unit data for id: mock-unit-id
[90mstdout[2m | src/components/ModerationPanel.stories.jsx[2m > [22m[2mInstructor Review Workflow
[22m[39m[FilesContext] Initializing vector store from IndexedDB
[90mstdout[2m | src/components/ModerationPanel.stories.jsx[2m > [22m[2mInstructor Review Workflow
[22m[39m[FilesContext] fetchFiles called
[90mstdout[2m | src/components/ModerationPanel.stories.jsx[2m > [22m[2mInstructor Review Workflow
[22m[39m[FilesContext] User authenticated: mock-user-sub
[90mstdout[2m | src/components/ModerationPanel.stories.jsx[2m > [22m[2mInstructor Review Workflow
[22m[39m[FilesContext] Identity ID: us-east-1:mock-identity-123
[90mstdout[2m | src/components/ModerationPanel.stories.jsx[2m > [22m[2mInstructor Review Workflow
[22m[39m[FilesContext] About to set up File observeQuery
[90mstdout[2m | src/components/ModerationPanel.stories.jsx[2m > [22m[2mInstructor Review Workflow
[22m[39m[ChatContext] Setting up AssistantChat observeQuery
[90mstdout[2m | src/components/ModerationPanel.stories.jsx[2m > [22m[2mInstructor Review Workflow
[22m[39m[ChatContext] Waiting for subscription to initialize
[90mstdout[2m | src/components/ModerationPanel.stories.jsx[2m > [22m[2mInstructor Review Workflow
[22m[39m[SettingsContext] Setting up Settings subscription for user: mock-user-sub
[90mstdout[2m | src/components/ModerationPanel.stories.jsx[2m > [22m[2mInstructor Review Workflow
[22m[39m[Mock Data] Settings created: mock-settings-1790418092075 - notified 0 subscribers
[90mstdout[2m | src/components/ModerationPanel.stories.jsx[2m > [22m[2mInstructor Review Workflow
[22m[39m[Mock Data] Unit.onUpdate() subscription added. Total: 1
[90mstdout[2m | src/components/ModerationPanel.stories.jsx[2m > [22m[2mInstructor Review Workflow
[22m[39m[SectionContext] Section observeQuery update: 0
[90mstdout[2m | src/components/ModerationPanel.stories.jsx[2m > [22m[2mInstructor Review Workflow
[22m[39m[FilesContext] File observeQuery update: 6 files
[90mstdout[2m | src/components/ModerationPanel.stories.jsx[2m > [22m[2mInstructor Review Workflow
[22m[39m[ChatContext] AssistantChat initialized with 1 chats
[90mstdout[2m | src/components/ModerationPanel.stories.jsx[2m > [22m[2mInstructor Review Workflow
[22m[39m[ChatContext] Setting initial chat: mock-assistant-chat-1
[90mstdout[2m | src/components/ModerationPanel.stories.jsx[2m > [22m[2mInstructor Review Workflow
[22m[39m[MOCK CourseVectorStore] Initialized with mock data
[90mstdout[2m | src/components/ModerationPanel.stories.jsx[2m > [22m[2mInstructor Review Workflow
[22m[39m[FilesContext] Vector store population triggered {
  "currentVectorStoreSize": 3,
  "documentsCount": 0,
  "filesCount": 6,
  "isInitialLoad": true,
}
[90mstdout[2m | src/components/ModerationPanel.stories.jsx[2m > [22m[2mInstructor Review Workflow
[22m[39m[FilesContext] Vector store population complete - 3 total embeddings
[90mstdout[2m | src/components/ModerationPanel.stories.jsx[2m > [22m[2mInstructor Review Workflow
[22m[39m[ChatContext] Chat exists and not archived, skipping creation
[90mstdout[2m | src/components/ModerationPanel.stories.jsx[2m > [22m[2mInstructor Review Workflow
[22m[39m[Mock Storage] downloadData called with: undefined
[90mstdout[2m | src/components/ModerationPanel.stories.jsx[2m > [22m[2mMalformed Flags
[22m[39m[ChatContext] Cleaning up subscriptions
[90mstdout[2m | src/components/ModerationPanel.stories.jsx[2m > [22m[2mMalformed Flags
[22m[39m[Mock Data] Unit.onUpdate() subscription removed. Remaining: 0
[90mstdout[2m | src/components/ModerationPanel.stories.jsx[2m > [22m[2mMalformed Flags
[22m[39m[MOCK CourseVectorStore] Initialized with mock data
[90mstdout[2m | src/components/ModerationPanel.stories.jsx[2m > [22m[2mMalformed Flags
[22m[39m[TranslationModeController] Setting mode to: off
[90mstdout[2m | src/components/ModerationPanel.stories.jsx[2m > [22m[2mMalformed Flags
[22m[39m[UnitContext] useEffect triggered {
  "authLoading": false,
  "hasUser": true,
  "id": "mock-unit-id",
  "userSub": "mock-user-sub",
}
[90mstdout[2m | src/components/ModerationPanel.stories.jsx[2m > [22m[2mMalformed Flags
[22m[39m[UnitContext] Fetching unit data for id: mock-unit-id
[90mstdout[2m | src/components/ModerationPanel.stories.jsx[2m > [22m[2mMalformed Flags
[22m[39m[FilesContext] Initializing vector store from IndexedDB
[90mstdout[2m | src/components/ModerationPanel.stories.jsx[2m > [22m[2mMalformed Flags
[22m[39m[FilesContext] fetchFiles called
[90mstdout[2m | src/components/ModerationPanel.stories.jsx[2m > [22m[2mMalformed Flags
[22m[39m[FilesContext] User authenticated: mock-user-sub
[90mstdout[2m | src/components/ModerationPanel.stories.jsx[2m > [22m[2mMalformed Flags
[22m[39m[FilesContext] Identity ID: us-east-1:mock-identity-123
[90mstdout[2m | src/components/ModerationPanel.stories.jsx[2m > [22m[2mMalformed Flags
[22m[39m[FilesContext] About to set up File observeQuery
[90mstdout[2m | src/components/ModerationPanel.stories.jsx[2m > [22m[2mMalformed Flags
[22m[39m[ChatContext] Setting up AssistantChat observeQuery
[90mstdout[2m | src/components/ModerationPanel.stories.jsx[2m > [22m[2mMalformed Flags
[22m[39m[ChatContext] Waiting for subscription to initialize
[90mstdout[2m | src/components/ModerationPanel.stories.jsx[2m > [22m[2mMalformed Flags
[22m[39m[SettingsContext] Setting up Settings subscription for user: mock-user-sub
[90mstdout[2m | src/components/ModerationPanel.stories.jsx[2m > [22m[2mMalformed Flags
[22m[39m[Mock Data] Settings created: mock-settings-1790418092286 - notified 0 subscribers
[90mstdout[2m | src/components/ModerationPanel.stories.jsx[2m > [22m[2mMalformed Flags
[22m[39m[Mock Data] Unit.onUpdate() subscription added. Total: 1
[90mstdout[2m | src/components/ModerationPanel.stories.jsx[2m > [22m[2mMalformed Flags
[22m[39m[SectionContext] Section observeQuery update: 0
[90mstdout[2m | src/components/ModerationPanel.stories.jsx[2m > [22m[2mMalformed Flags
[22m[39m[Mock Storage] downloadData called with: undefined
[90mstdout[2m | src/components/ModerationPanel.stories.jsx[2m > [22m[2mMalformed Flags
[22m[39m[FilesContext] File observeQuery update: 6 files
[90mstdout[2m | src/components/ModerationPanel.stories.jsx[2m > [22m[2mMalformed Flags
[22m[39m[MOCK CourseVectorStore] Initialized with mock data
[90mstdout[2m | src/components/ModerationPanel.stories.jsx[2m > [22m[2mMalformed Flags
[22m[39m[FilesContext] Vector store population triggered {
  "currentVectorStoreSize": 3,
  "documentsCount": 0,
  "filesCount": 6,
  "isInitialLoad": true,
}
[90mstdout[2m | src/components/ModerationPanel.stories.jsx[2m > [22m[2mMalformed Flags
[22m[39m[FilesContext] Vector store population complete - 3 total embeddings
[90mstdout[2m | src/components/ModerationPanel.stories.jsx[2m > [22m[2mMalformed Flags
[22m[39m[ChatContext] AssistantChat initialized with 1 chats
[90mstdout[2m | src/components/ModerationPanel.stories.jsx[2m > [22m[2mMalformed Flags
[22m[39m[ChatContext] Setting initial chat: mock-assistant-chat-1
[90mstdout[2m | src/components/ModerationPanel.stories.jsx[2m > [22m[2mMalformed Flags
[22m[39m[ChatContext] Chat exists and not archived, skipping creation
 [32m✓[39m [30m[45m storybook (chromium) [49m[39m src/components/ModerationPanel.stories.jsx [2m([22m[2m8 tests[22m[2m)[22m[33m 1370[2mms[22m[39m
[90mstdout[2m | unknown test
[22m[39m[MOCK vectorStoreDB.js] Module loaded - mock IndexedDB operations
[90mstdout[2m | unknown test
[22m[39m[Task Completion] DOM action listeners initialized
[90mstdout[2m | unknown test
[22m[39m[Task Completion] Auto-completion detector initialized
[90mstdout[2m | unknown test
[22m[39m[Preview] Task completion detector initialized
[90mstdout[2m | src/components/Gamification/AvatarDisplay.stories.tsx[2m > [22m[2mDefault
[22m[39m[TranslationModeController] Setting mode to: off
[90mstdout[2m | src/components/Gamification/AvatarDisplay.stories.tsx[2m > [22m[2mWith Glow Ring
[22m[39m[TranslationModeController] Setting mode to: off
[90mstdout[2m | src/components/Gamification/AvatarDisplay.stories.tsx[2m > [22m[2mFire Border
[22m[39m[TranslationModeController] Setting mode to: off
[90mstdout[2m | src/components/Gamification/AvatarDisplay.stories.tsx[2m > [22m[2mIce Border
[22m[39m[TranslationModeController] Setting mode to: off
[90mstdout[2m | src/components/Gamification/AvatarDisplay.stories.tsx[2m > [22m[2mGold Border
[22m[39m[TranslationModeController] Setting mode to: off
[90mstdout[2m | src/components/Gamification/AvatarDisplay.stories.tsx[2m > [22m[2mRainbow Border
[22m[39m[TranslationModeController] Setting mode to: off
[90mstdout[2m | src/components/Gamification/AvatarDisplay.stories.tsx[2m > [22m[2mNo Badge
[22m[39m[TranslationModeController] Setting mode to: off
[90mstdout[2m | src/components/Gamification/AvatarDisplay.stories.tsx[2m > [22m[2mMinimal
[22m[39m[TranslationModeController] Setting mode to: off
[90mstdout[2m | src/components/Gamification/AvatarDisplay.stories.tsx[2m > [22m[2mWith Guild Crest
[22m[39m[TranslationModeController] Setting mode to: off
[90mstdout[2m | src/components/Gamification/AvatarDisplay.stories.tsx[2m > [22m[2mAll Border Effects
[22m[39m[TranslationModeController] Setting mode to: off
 [32m✓[39m [30m[45m storybook (chromium) [49m[39m src/components/Gamification/AvatarDisplay.stories.tsx [2m([22m[2m10 tests[22m[2m)[22m[33m 1121[2mms[22m[39m
[90mstdout[2m | unknown test
[22m[39m[MOCK vectorStoreDB.js] Module loaded - mock IndexedDB operations
[90mstdout[2m | unknown test
[22m[39m[Task Completion] DOM action listeners initialized
[90mstdout[2m | unknown test
[22m[39m[Task Completion] Auto-completion detector initialized
[90mstdout[2m | unknown test
[22m[39m[Preview] Task completion detector initialized
[90mstdout[2m | src/components/Gamification/SquadMessagePanel.stories.tsx[2m > [22m[2mDefault
[22m[39m[TranslationModeController] Setting mode to: off
[90mstdout[2m | src/components/Gamification/SquadMessagePanel.stories.tsx[2m > [22m[2mTwo Squads
[22m[39m[TranslationModeController] Setting mode to: off
[90mstdout[2m | src/components/Gamification/SquadMessagePanel.stories.tsx[2m > [22m[2mSubmitting
[22m[39m[TranslationModeController] Setting mode to: off
 [32m✓[39m [30m[45m storybook (chromium) [49m[39m src/components/Gamification/SquadMessagePanel.stories.tsx [2m([22m[2m3 tests[22m[2m)[22m[33m 787[2mms[22m[39m
   [33m[2m✓[22m[39m Default [33m 362[2mms[22m[39m
[90mstdout[2m | unknown test
[22m[39m[MOCK vectorStoreDB.js] Module loaded - mock IndexedDB operations
[90mstdout[2m | unknown test
[22m[39m[Task Completion] DOM action listeners initialized
[90mstdout[2m | unknown test
[22m[39m[Task Completion] Auto-completion detector initialized
[90mstdout[2m | unknown test
[22m[39m[Preview] Task completion detector initialized
[90mstdout[2m | src/components/Gamification/SkillTree.stories.tsx[2m > [22m[2mDefault
[22m[39m[TranslationModeController] Setting mode to: off
[90mstdout[2m | src/components/Gamification/SkillTree.stories.tsx[2m > [22m[2mAll Mastered
[22m[39m[TranslationModeController] Setting mode to: off
[90mstdout[2m | src/components/Gamification/SkillTree.stories.tsx[2m > [22m[2mAll Locked
[22m[39m[TranslationModeController] Setting mode to: off
[90mstdout[2m | src/components/Gamification/SkillTree.stories.tsx[2m > [22m[2mEmpty
[22m[39m[TranslationModeController] Setting mode to: off
[90mstdout[2m | src/components/Gamification/SkillTree.stories.tsx[2m > [22m[2mWith Generate
[22m[39m[TranslationModeController] Setting mode to: off
[90mstdout[2m | src/components/Gamification/SkillTree.stories.tsx[2m > [22m[2mDefault Interaction
[22m[39m[TranslationModeController] Setting mode to: off
[90mstdout[2m | src/components/Gamification/SkillTree.stories.tsx[2m > [22m[2mEmpty Interaction
[22m[39m[TranslationModeController] Setting mode to: off
 [32m✓[39m [30m[45m storybook (chromium) [49m[39m src/components/Gamification/SkillTree.stories.tsx [2m([22m[2m7 tests[22m[2m)[22m[33m 1004[2mms[22m[39m
[90mstdout[2m | unknown test
[22m[39m[MOCK vectorStoreDB.js] Module loaded - mock IndexedDB operations
[90mstdout[2m | unknown test
[22m[39m[Task Completion] DOM action listeners initialized
[90mstdout[2m | unknown test
[22m[39m[Task Completion] Auto-completion detector initialized
[90mstdout[2m | unknown test
[22m[39m[Preview] Task completion detector initialized
[90mstdout[2m | src/components/PdfThumbnail.stories.tsx[2m > [22m[2mDefault
[22m[39m[TranslationModeController] Setting mode to: off
[90mstdout[2m | src/components/PdfThumbnail.stories.tsx[2m > [22m[2mWith Page Number
[22m[39m[TranslationModeController] Setting mode to: off
[90mstdout[2m | src/components/PdfThumbnail.stories.tsx[2m > [22m[2mLarge Thumbnail
[22m[39m[TranslationModeController] Setting mode to: off
[90mstdout[2m | src/components/PdfThumbnail.stories.tsx[2m > [22m[2mSmall Thumbnail
[22m[39m[TranslationModeController] Setting mode to: off
[90mstdout[2m | src/components/PdfThumbnail.stories.tsx[2m > [22m[2mClickable
[22m[39m[TranslationModeController] Setting mode to: off
[90mstdout[2m | src/components/PdfThumbnail.stories.tsx[2m > [22m[2mFile List Example
[22m[39m[TranslationModeController] Setting mode to: off
[90mstdout[2m | src/components/PdfThumbnail.stories.tsx[2m > [22m[2mThumbnail Grid
[22m[39m[TranslationModeController] Setting mode to: off
[90mstdout[2m | src/components/PdfThumbnail.stories.tsx[2m > [22m[2mLoading State
[22m[39m[TranslationModeController] Setting mode to: off
[90mstdout[2m | src/components/PdfThumbnail.stories.tsx[2m > [22m[2mError State
[22m[39m[TranslationModeController] Setting mode to: off
[90mstdout[2m | src/components/PdfThumbnail.stories.tsx[2m > [22m[2mNo Border
[22m[39m[TranslationModeController] Setting mode to: off
[90mstdout[2m | src/components/PdfThumbnail.stories.tsx[2m > [22m[2mDocument Reference Badge
[22m[39m[TranslationModeController] Setting mode to: off
[90mstdout[2m | src/components/PdfThumbnail.stories.tsx
[22m[39m
════════════════════════════════════════════════════════════
[90mstdout[2m | src/components/PdfThumbnail.stories.tsx
[22m[39m  STORYBOOK AUDIT — 1 issue(s) in 11 stories
[90mstdout[2m | src/components/PdfThumbnail.stories.tsx
[22m[39m════════════════════════════════════════════════════════════
[90mstdout[2m | src/components/PdfThumbnail.stories.tsx
[22m[39m  NETWORK FAILURES / 404s (1 total):
[90mstdout[2m | src/components/PdfThumbnail.stories.tsx
[22m[39m    [1x] https://example.com/invalid.pdf: Failed to fetch
[90mstdout[2m | src/components/PdfThumbnail.stories.tsx
[22m[39m
[90mstdout[2m | src/components/PdfThumbnail.stories.tsx
[22m[39m  STORIES WITH ISSUES:
[90mstdout[2m | src/components/PdfThumbnail.stories.tsx
[22m[39m    • No Border (1 network)
[90mstdout[2m | src/components/PdfThumbnail.stories.tsx
[22m[39m
[90mstdout[2m | src/components/PdfThumbnail.stories.tsx
[22m[39m  VERDICT: ISSUES FOUND
[90mstdout[2m | src/components/PdfThumbnail.stories.tsx
[22m[39m════════════════════════════════════════════════════════════

 [32m✓[39m [30m[45m storybook (chromium) [49m[39m src/components/PdfThumbnail.stories.tsx [2m([22m[2m11 tests[22m[2m)[22m[33m 1343[2mms[22m[39m
[90mstdout[2m | unknown test
[22m[39m[MOCK vectorStoreDB.js] Module loaded - mock IndexedDB operations
[90mstdout[2m | unknown test
[22m[39m[Task Completion] DOM action listeners initialized
[90mstdout[2m | unknown test
[22m[39m[Task Completion] Auto-completion detector initialized
[90mstdout[2m | unknown test
[22m[39m[Preview] Task completion detector initialized
[90mstdout[2m | src/components/DebugPanel/ComponentTreeView.stories.tsx[2m > [22m[2mDefault
[22m[39m[MOCK CourseVectorStore] Initialized with mock data
[90mstdout[2m | src/components/DebugPanel/ComponentTreeView.stories.tsx[2m > [22m[2mDefault
[22m[39m[TranslationModeController] Setting mode to: off
[90mstdout[2m | src/components/DebugPanel/ComponentTreeView.stories.tsx[2m > [22m[2mDefault
[22m[39m[UnitContext] useEffect triggered {
  "authLoading": false,
  "hasUser": true,
  "id": "mock-unit-id",
  "userSub": "mock-user-sub",
}
[90mstdout[2m | src/components/DebugPanel/ComponentTreeView.stories.tsx[2m > [22m[2mDefault
[22m[39m[UnitContext] Fetching unit data for id: mock-unit-id
[90mstdout[2m | src/components/DebugPanel/ComponentTreeView.stories.tsx[2m > [22m[2mDefault
[22m[39m[FilesContext] Initializing vector store from IndexedDB
[90mstdout[2m | src/components/DebugPanel/ComponentTreeView.stories.tsx[2m > [22m[2mDefault
[22m[39m[FilesContext] fetchFiles called
[90mstdout[2m | src/components/DebugPanel/ComponentTreeView.stories.tsx[2m > [22m[2mDefault
[22m[39m[FilesContext] User authenticated: mock-user-sub
[90mstdout[2m | src/components/DebugPanel/ComponentTreeView.stories.tsx[2m > [22m[2mDefault
[22m[39m[FilesContext] Identity ID: us-east-1:mock-identity-123
[90mstdout[2m | src/components/DebugPanel/ComponentTreeView.stories.tsx[2m > [22m[2mDefault
[22m[39m[FilesContext] About to set up File observeQuery
[90mstdout[2m | src/components/DebugPanel/ComponentTreeView.stories.tsx[2m > [22m[2mDefault
[22m[39m[ChatContext] Setting up AssistantChat observeQuery
[90mstdout[2m | src/components/DebugPanel/ComponentTreeView.stories.tsx[2m > [22m[2mDefault
[22m[39m[ChatContext] Waiting for subscription to initialize
[90mstdout[2m | src/components/DebugPanel/ComponentTreeView.stories.tsx[2m > [22m[2mDefault
[22m[39m[SettingsContext] Setting up Settings subscription for user: mock-user-sub
[90mstdout[2m | src/components/DebugPanel/ComponentTreeView.stories.tsx[2m > [22m[2mDefault
[22m[39m[Mock Data] Settings created: mock-settings-1790418103845 - notified 0 subscribers
[90mstdout[2m | src/components/DebugPanel/ComponentTreeView.stories.tsx[2m > [22m[2mDefault
[22m[39m[Mock Data] Unit.onUpdate() subscription added. Total: 1
[90mstdout[2m | src/components/DebugPanel/ComponentTreeView.stories.tsx[2m > [22m[2mDefault
[22m[39m[SectionContext] Section observeQuery update: 0
[90mstdout[2m | src/components/DebugPanel/ComponentTreeView.stories.tsx[2m > [22m[2mDefault
[22m[39m[FilesContext] File observeQuery update: 6 files
[90mstdout[2m | src/components/DebugPanel/ComponentTreeView.stories.tsx[2m > [22m[2mDefault
[22m[39m[ChatContext] AssistantChat initialized with 1 chats
[90mstdout[2m | src/components/DebugPanel/ComponentTreeView.stories.tsx[2m > [22m[2mDefault
[22m[39m[ChatContext] Setting initial chat: mock-assistant-chat-1
[90mstdout[2m | src/components/DebugPanel/ComponentTreeView.stories.tsx[2m > [22m[2mDefault
[22m[39m[MOCK CourseVectorStore] Initialized with mock data
[90mstdout[2m | src/components/DebugPanel/ComponentTreeView.stories.tsx[2m > [22m[2mDefault
[22m[39m[FilesContext] Vector store population triggered {
  "currentVectorStoreSize": 3,
  "documentsCount": 0,
  "filesCount": 6,
  "isInitialLoad": true,
}
[90mstdout[2m | src/components/DebugPanel/ComponentTreeView.stories.tsx[2m > [22m[2mDefault
[22m[39m[FilesContext] Vector store population complete - 3 total embeddings
[90mstdout[2m | src/components/DebugPanel/ComponentTreeView.stories.tsx[2m > [22m[2mDefault
[22m[39m[ChatContext] Chat exists and not archived, skipping creation
[90mstdout[2m | src/components/DebugPanel/ComponentTreeView.stories.tsx[2m > [22m[2mDefault
[22m[39m[Mock Storage] downloadData called with: undefined
[90mstdout[2m | src/components/DebugPanel/ComponentTreeView.stories.tsx[2m > [22m[2mEmpty Tree
[22m[39m[ChatContext] Cleaning up subscriptions
[90mstdout[2m | src/components/DebugPanel/ComponentTreeView.stories.tsx[2m > [22m[2mEmpty Tree
[22m[39m[Mock Data] Unit.onUpdate() subscription removed. Remaining: 0
[90mstdout[2m | src/components/DebugPanel/ComponentTreeView.stories.tsx[2m > [22m[2mEmpty Tree
[22m[39m[MOCK CourseVectorStore] Initialized with mock data
[90mstdout[2m | src/components/DebugPanel/ComponentTreeView.stories.tsx[2m > [22m[2mEmpty Tree
[22m[39m[TranslationModeController] Setting mode to: off
[90mstdout[2m | src/components/DebugPanel/ComponentTreeView.stories.tsx[2m > [22m[2mEmpty Tree
[22m[39m[UnitContext] useEffect triggered {
  "authLoading": false,
  "hasUser": true,
  "id": "mock-unit-id",
  "userSub": "mock-user-sub",
}
[90mstdout[2m | src/components/DebugPanel/ComponentTreeView.stories.tsx[2m > [22m[2mEmpty Tree
[22m[39m[UnitContext] Fetching unit data for id: mock-unit-id
[90mstdout[2m | src/components/DebugPanel/ComponentTreeView.stories.tsx[2m > [22m[2mEmpty Tree
[22m[39m[FilesContext] Initializing vector store from IndexedDB
[90mstdout[2m | src/components/DebugPanel/ComponentTreeView.stories.tsx[2m > [22m[2mEmpty Tree
[22m[39m[FilesContext] fetchFiles called
[90mstdout[2m | src/components/DebugPanel/ComponentTreeView.stories.tsx[2m > [22m[2mEmpty Tree
[22m[39m[FilesContext] User authenticated: mock-user-sub
[90mstdout[2m | src/components/DebugPanel/ComponentTreeView.stories.tsx[2m > [22m[2mEmpty Tree
[22m[39m[FilesContext] Identity ID: us-east-1:mock-identity-123
[90mstdout[2m | src/components/DebugPanel/ComponentTreeView.stories.tsx[2m > [22m[2mEmpty Tree
[22m[39m[FilesContext] About to set up File observeQuery
[90mstdout[2m | src/components/DebugPanel/ComponentTreeView.stories.tsx[2m > [22m[2mEmpty Tree
[22m[39m[ChatContext] Setting up AssistantChat observeQuery
[90mstdout[2m | src/components/DebugPanel/ComponentTreeView.stories.tsx[2m > [22m[2mEmpty Tree
[22m[39m[ChatContext] Waiting for subscription to initialize
[90mstdout[2m | src/components/DebugPanel/ComponentTreeView.stories.tsx[2m > [22m[2mEmpty Tree
[22m[39m[SettingsContext] Setting up Settings subscription for user: mock-user-sub
[90mstdout[2m | src/components/DebugPanel/ComponentTreeView.stories.tsx[2m > [22m[2mEmpty Tree
[22m[39m[Mock Data] Settings created: mock-settings-1790418104099 - notified 0 subscribers
[90mstdout[2m | src/components/DebugPanel/ComponentTreeView.stories.tsx[2m > [22m[2mEmpty Tree
[22m[39m[Mock Data] Unit.onUpdate() subscription added. Total: 1
[90mstdout[2m | src/components/DebugPanel/ComponentTreeView.stories.tsx[2m > [22m[2mEmpty Tree
[22m[39m[SectionContext] Section observeQuery update: 0
[90mstdout[2m | src/components/DebugPanel/ComponentTreeView.stories.tsx[2m > [22m[2mEmpty Tree
[22m[39m[FilesContext] File observeQuery update: 6 files
[90mstdout[2m | src/components/DebugPanel/ComponentTreeView.stories.tsx[2m > [22m[2mEmpty Tree
[22m[39m[ChatContext] AssistantChat initialized with 1 chats
[90mstdout[2m | src/components/DebugPanel/ComponentTreeView.stories.tsx[2m > [22m[2mEmpty Tree
[22m[39m[ChatContext] Setting initial chat: mock-assistant-chat-1
[90mstdout[2m | src/components/DebugPanel/ComponentTreeView.stories.tsx[2m > [22m[2mEmpty Tree
[22m[39m[Mock Storage] downloadData called with: undefined
[90mstdout[2m | src/components/DebugPanel/ComponentTreeView.stories.tsx[2m > [22m[2mEmpty Tree
[22m[39m[MOCK CourseVectorStore] Initialized with mock data
[90mstdout[2m | src/components/DebugPanel/ComponentTreeView.stories.tsx[2m > [22m[2mEmpty Tree
[22m[39m[FilesContext] Vector store population triggered {
  "currentVectorStoreSize": 3,
  "documentsCount": 0,
  "filesCount": 6,
  "isInitialLoad": true,
}
[90mstdout[2m | src/components/DebugPanel/ComponentTreeView.stories.tsx[2m > [22m[2mEmpty Tree
[22m[39m[FilesContext] Vector store population complete - 3 total embeddings
[90mstdout[2m | src/components/DebugPanel/ComponentTreeView.stories.tsx[2m > [22m[2mEmpty Tree
[22m[39m[ChatContext] Chat exists and not archived, skipping creation
[90mstdout[2m | src/components/DebugPanel/ComponentTreeView.stories.tsx[2m > [22m[2mSingle Component
[22m[39m[ChatContext] Cleaning up subscriptions
[90mstdout[2m | src/components/DebugPanel/ComponentTreeView.stories.tsx[2m > [22m[2mSingle Component
[22m[39m[Mock Data] Unit.onUpdate() subscription removed. Remaining: 0
[90mstdout[2m | src/components/DebugPanel/ComponentTreeView.stories.tsx[2m > [22m[2mSingle Component
[22m[39m[MOCK CourseVectorStore] Initialized with mock data
[90mstdout[2m | src/components/DebugPanel/ComponentTreeView.stories.tsx[2m > [22m[2mSingle Component
[22m[39m[TranslationModeController] Setting mode to: off
[90mstdout[2m | src/components/DebugPanel/ComponentTreeView.stories.tsx[2m > [22m[2mSingle Component
[22m[39m[UnitContext] useEffect triggered {
  "authLoading": false,
  "hasUser": true,
  "id": "mock-unit-id",
  "userSub": "mock-user-sub",
}
[90mstdout[2m | src/components/DebugPanel/ComponentTreeView.stories.tsx[2m > [22m[2mSingle Component
[22m[39m[UnitContext] Fetching unit data for id: mock-unit-id
[90mstdout[2m | src/components/DebugPanel/ComponentTreeView.stories.tsx[2m > [22m[2mSingle Component
[22m[39m[FilesContext] Initializing vector store from IndexedDB
[90mstdout[2m | src/components/DebugPanel/ComponentTreeView.stories.tsx[2m > [22m[2mSingle Component
[22m[39m[FilesContext] fetchFiles called
[90mstdout[2m | src/components/DebugPanel/ComponentTreeView.stories.tsx[2m > [22m[2mSingle Component
[22m[39m[FilesContext] User authenticated: mock-user-sub
[90mstdout[2m | src/components/DebugPanel/ComponentTreeView.stories.tsx[2m > [22m[2mSingle Component
[22m[39m[FilesContext] Identity ID: us-east-1:mock-identity-123
[90mstdout[2m | src/components/DebugPanel/ComponentTreeView.stories.tsx[2m > [22m[2mSingle Component
[22m[39m[FilesContext] About to set up File observeQuery
[90mstdout[2m | src/components/DebugPanel/ComponentTreeView.stories.tsx[2m > [22m[2mSingle Component
[22m[39m[ChatContext] Setting up AssistantChat observeQuery
[90mstdout[2m | src/components/DebugPanel/ComponentTreeView.stories.tsx[2m > [22m[2mSingle Component
[22m[39m[ChatContext] Waiting for subscription to initialize
[90mstdout[2m | src/components/DebugPanel/ComponentTreeView.stories.tsx[2m > [22m[2mSingle Component
[22m[39m[SettingsContext] Setting up Settings subscription for user: mock-user-sub
[90mstdout[2m | src/components/DebugPanel/ComponentTreeView.stories.tsx[2m > [22m[2mSingle Component
[22m[39m[Mock Data] Settings created: mock-settings-1790418104220 - notified 0 subscribers
[90mstdout[2m | src/components/DebugPanel/ComponentTreeView.stories.tsx[2m > [22m[2mSingle Component
[22m[39m[Mock Data] Unit.onUpdate() subscription added. Total: 1
[90mstdout[2m | src/components/DebugPanel/ComponentTreeView.stories.tsx[2m > [22m[2mSingle Component
[22m[39m[SectionContext] Section observeQuery update: 0
[90mstdout[2m | src/components/DebugPanel/ComponentTreeView.stories.tsx[2m > [22m[2mSingle Component
[22m[39m[FilesContext] File observeQuery update: 6 files
[90mstdout[2m | src/components/DebugPanel/ComponentTreeView.stories.tsx[2m > [22m[2mSingle Component
[22m[39m[ChatContext] AssistantChat initialized with 1 chats
[90mstdout[2m | src/components/DebugPanel/ComponentTreeView.stories.tsx[2m > [22m[2mSingle Component
[22m[39m[ChatContext] Setting initial chat: mock-assistant-chat-1
[90mstdout[2m | src/components/DebugPanel/ComponentTreeView.stories.tsx[2m > [22m[2mSingle Component
[22m[39m[Mock Storage] downloadData called with: undefined
[90mstdout[2m | src/components/DebugPanel/ComponentTreeView.stories.tsx[2m > [22m[2mSingle Component
[22m[39m[MOCK CourseVectorStore] Initialized with mock data
[90mstdout[2m | src/components/DebugPanel/ComponentTreeView.stories.tsx[2m > [22m[2mSingle Component
[22m[39m[FilesContext] Vector store population triggered {
  "currentVectorStoreSize": 3,
  "documentsCount": 0,
  "filesCount": 6,
  "isInitialLoad": true,
}
[90mstdout[2m | src/components/DebugPanel/ComponentTreeView.stories.tsx[2m > [22m[2mSingle Component
[22m[39m[FilesContext] Vector store population complete - 3 total embeddings
[90mstdout[2m | src/components/DebugPanel/ComponentTreeView.stories.tsx[2m > [22m[2mSingle Component
[22m[39m[ChatContext] Chat exists and not archived, skipping creation
[90mstdout[2m | src/components/DebugPanel/ComponentTreeView.stories.tsx[2m > [22m[2mWith Selection
[22m[39m[ChatContext] Cleaning up subscriptions
[90mstdout[2m | src/components/DebugPanel/ComponentTreeView.stories.tsx[2m > [22m[2mWith Selection
[22m[39m[Mock Data] Unit.onUpdate() subscription removed. Remaining: 0
[90mstdout[2m | src/components/DebugPanel/ComponentTreeView.stories.tsx[2m > [22m[2mWith Selection
[22m[39m[MOCK CourseVectorStore] Initialized with mock data
[90mstdout[2m | src/components/DebugPanel/ComponentTreeView.stories.tsx[2m > [22m[2mWith Selection
[22m[39m[TranslationModeController] Setting mode to: off
[90mstdout[2m | src/components/DebugPanel/ComponentTreeView.stories.tsx[2m > [22m[2mWith Selection
[22m[39m[UnitContext] useEffect triggered {
  "authLoading": false,
  "hasUser": true,
  "id": "mock-unit-id",
  "userSub": "mock-user-sub",
}
[90mstdout[2m | src/components/DebugPanel/ComponentTreeView.stories.tsx[2m > [22m[2mWith Selection
[22m[39m[UnitContext] Fetching unit data for id: mock-unit-id
[90mstdout[2m | src/components/DebugPanel/ComponentTreeView.stories.tsx[2m > [22m[2mWith Selection
[22m[39m[FilesContext] Initializing vector store from IndexedDB
[90mstdout[2m | src/components/DebugPanel/ComponentTreeView.stories.tsx[2m > [22m[2mWith Selection
[22m[39m[FilesContext] fetchFiles called
[90mstdout[2m | src/components/DebugPanel/ComponentTreeView.stories.tsx[2m > [22m[2mWith Selection
[22m[39m[FilesContext] User authenticated: mock-user-sub
[90mstdout[2m | src/components/DebugPanel/ComponentTreeView.stories.tsx[2m > [22m[2mWith Selection
[22m[39m[FilesContext] Identity ID: us-east-1:mock-identity-123
[90mstdout[2m | src/components/DebugPanel/ComponentTreeView.stories.tsx[2m > [22m[2mWith Selection
[22m[39m[FilesContext] About to set up File observeQuery
[90mstdout[2m | src/components/DebugPanel/ComponentTreeView.stories.tsx[2m > [22m[2mWith Selection
[22m[39m[ChatContext] Setting up AssistantChat observeQuery
[90mstdout[2m | src/components/DebugPanel/ComponentTreeView.stories.tsx[2m > [22m[2mWith Selection
[22m[39m[ChatContext] Waiting for subscription to initialize
[90mstdout[2m | src/components/DebugPanel/ComponentTreeView.stories.tsx[2m > [22m[2mWith Selection
[22m[39m[SettingsContext] Setting up Settings subscription for user: mock-user-sub
[90mstdout[2m | src/components/DebugPanel/ComponentTreeView.stories.tsx[2m > [22m[2mWith Selection
[22m[39m[Mock Data] Settings created: mock-settings-1790418104396 - notified 0 subscribers
[90mstdout[2m | src/components/DebugPanel/ComponentTreeView.stories.tsx[2m > [22m[2mWith Selection
[22m[39m[Mock Data] Unit.onUpdate() subscription added. Total: 1
[90mstdout[2m | src/components/DebugPanel/ComponentTreeView.stories.tsx[2m > [22m[2mWith Selection
[22m[39m[SectionContext] Section observeQuery update: 0
[90mstdout[2m | src/components/DebugPanel/ComponentTreeView.stories.tsx[2m > [22m[2mWith Selection
[22m[39m[FilesContext] File observeQuery update: 6 files
[90mstdout[2m | src/components/DebugPanel/ComponentTreeView.stories.tsx[2m > [22m[2mWith Selection
[22m[39m[ChatContext] AssistantChat initialized with 1 chats
[90mstdout[2m | src/components/DebugPanel/ComponentTreeView.stories.tsx[2m > [22m[2mWith Selection
[22m[39m[ChatContext] Setting initial chat: mock-assistant-chat-1
[90mstdout[2m | src/components/DebugPanel/ComponentTreeView.stories.tsx[2m > [22m[2mWith Selection
[22m[39m[MOCK CourseVectorStore] Initialized with mock data
[90mstdout[2m | src/components/DebugPanel/ComponentTreeView.stories.tsx[2m > [22m[2mWith Selection
[22m[39m[FilesContext] Vector store population triggered {
  "currentVectorStoreSize": 3,
  "documentsCount": 0,
  "filesCount": 6,
  "isInitialLoad": true,
}
[90mstdout[2m | src/components/DebugPanel/ComponentTreeView.stories.tsx[2m > [22m[2mWith Selection
[22m[39m[FilesContext] Vector store population complete - 3 total embeddings
[90mstdout[2m | src/components/DebugPanel/ComponentTreeView.stories.tsx[2m > [22m[2mWith Selection
[22m[39m[ChatContext] Chat exists and not archived, skipping creation
[90mstdout[2m | src/components/DebugPanel/ComponentTreeView.stories.tsx[2m > [22m[2mWith Selection
[22m[39m[Mock Storage] downloadData called with: undefined
[90mstdout[2m | src/components/DebugPanel/ComponentTreeView.stories.tsx[2m > [22m[2mMany Instances
[22m[39m[ChatContext] Cleaning up subscriptions
[90mstdout[2m | src/components/DebugPanel/ComponentTreeView.stories.tsx[2m > [22m[2mMany Instances
[22m[39m[Mock Data] Unit.onUpdate() subscription removed. Remaining: 0
[90mstdout[2m | src/components/DebugPanel/ComponentTreeView.stories.tsx[2m > [22m[2mMany Instances
[22m[39m[MOCK CourseVectorStore] Initialized with mock data
[90mstdout[2m | src/components/DebugPanel/ComponentTreeView.stories.tsx[2m > [22m[2mMany Instances
[22m[39m[TranslationModeController] Setting mode to: off
[90mstdout[2m | src/components/DebugPanel/ComponentTreeView.stories.tsx[2m > [22m[2mMany Instances
[22m[39m[UnitContext] useEffect triggered {
  "authLoading": false,
  "hasUser": true,
  "id": "mock-unit-id",
  "userSub": "mock-user-sub",
}
[90mstdout[2m | src/components/DebugPanel/ComponentTreeView.stories.tsx[2m > [22m[2mMany Instances
[22m[39m[UnitContext] Fetching unit data for id: mock-unit-id
[90mstdout[2m | src/components/DebugPanel/ComponentTreeView.stories.tsx[2m > [22m[2mMany Instances
[22m[39m[FilesContext] Initializing vector store from IndexedDB
[90mstdout[2m | src/components/DebugPanel/ComponentTreeView.stories.tsx[2m > [22m[2mMany Instances
[22m[39m[FilesContext] fetchFiles called
[90mstdout[2m | src/components/DebugPanel/ComponentTreeView.stories.tsx[2m > [22m[2mMany Instances
[22m[39m[FilesContext] User authenticated: mock-user-sub
[90mstdout[2m | src/components/DebugPanel/ComponentTreeView.stories.tsx[2m > [22m[2mMany Instances
[22m[39m[FilesContext] Identity ID: us-east-1:mock-identity-123
[90mstdout[2m | src/components/DebugPanel/ComponentTreeView.stories.tsx[2m > [22m[2mMany Instances
[22m[39m[FilesContext] About to set up File observeQuery
[90mstdout[2m | src/components/DebugPanel/ComponentTreeView.stories.tsx[2m > [22m[2mMany Instances
[22m[39m[ChatContext] Setting up AssistantChat observeQuery
[90mstdout[2m | src/components/DebugPanel/ComponentTreeView.stories.tsx[2m > [22m[2mMany Instances
[22m[39m[ChatContext] Waiting for subscription to initialize
[90mstdout[2m | src/components/DebugPanel/ComponentTreeView.stories.tsx[2m > [22m[2mMany Instances
[22m[39m[SettingsContext] Setting up Settings subscription for user: mock-user-sub
[90mstdout[2m | src/components/DebugPanel/ComponentTreeView.stories.tsx[2m > [22m[2mMany Instances
[22m[39m[Mock Data] Settings created: mock-settings-1790418104685 - notified 0 subscribers
[90mstdout[2m | src/components/DebugPanel/ComponentTreeView.stories.tsx[2m > [22m[2mMany Instances
[22m[39m[Mock Data] Unit.onUpdate() subscription added. Total: 1
[90mstdout[2m | src/components/DebugPanel/ComponentTreeView.stories.tsx[2m > [22m[2mMany Instances
[22m[39m[SectionContext] Section observeQuery update: 0
[90mstdout[2m | src/components/DebugPanel/ComponentTreeView.stories.tsx[2m > [22m[2mMany Instances
[22m[39m[FilesContext] File observeQuery update: 6 files
[90mstdout[2m | src/components/DebugPanel/ComponentTreeView.stories.tsx[2m > [22m[2mMany Instances
[22m[39m[ChatContext] AssistantChat initialized with 1 chats
[90mstdout[2m | src/components/DebugPanel/ComponentTreeView.stories.tsx[2m > [22m[2mMany Instances
[22m[39m[ChatContext] Setting initial chat: mock-assistant-chat-1
[90mstdout[2m | src/components/DebugPanel/ComponentTreeView.stories.tsx[2m > [22m[2mMany Instances
[22m[39m[MOCK CourseVectorStore] Initialized with mock data
[90mstdout[2m | src/components/DebugPanel/ComponentTreeView.stories.tsx[2m > [22m[2mMany Instances
[22m[39m[FilesContext] Vector store population triggered {
  "currentVectorStoreSize": 3,
  "documentsCount": 0,
  "filesCount": 6,
  "isInitialLoad": true,
}
[90mstdout[2m | src/components/DebugPanel/ComponentTreeView.stories.tsx[2m > [22m[2mMany Instances
[22m[39m[FilesContext] Vector store population complete - 3 total embeddings
[90mstdout[2m | src/components/DebugPanel/ComponentTreeView.stories.tsx[2m > [22m[2mMany Instances
[22m[39m[ChatContext] Chat exists and not archived, skipping creation
[90mstdout[2m | src/components/DebugPanel/ComponentTreeView.stories.tsx[2m > [22m[2mMany Instances
[22m[39m[Mock Storage] downloadData called with: undefined
[90mstdout[2m | src/components/DebugPanel/ComponentTreeView.stories.tsx[2m > [22m[2mHigh Render Count
[22m[39m[ChatContext] Cleaning up subscriptions
[90mstdout[2m | src/components/DebugPanel/ComponentTreeView.stories.tsx[2m > [22m[2mHigh Render Count
[22m[39m[Mock Data] Unit.onUpdate() subscription removed. Remaining: 0
[90mstdout[2m | src/components/DebugPanel/ComponentTreeView.stories.tsx[2m > [22m[2mHigh Render Count
[22m[39m[MOCK CourseVectorStore] Initialized with mock data
[90mstdout[2m | src/components/DebugPanel/ComponentTreeView.stories.tsx[2m > [22m[2mHigh Render Count
[22m[39m[TranslationModeController] Setting mode to: off
[90mstdout[2m | src/components/DebugPanel/ComponentTreeView.stories.tsx[2m > [22m[2mHigh Render Count
[22m[39m[UnitContext] useEffect triggered {
  "authLoading": false,
  "hasUser": true,
  "id": "mock-unit-id",
  "userSub": "mock-user-sub",
}
[90mstdout[2m | src/components/DebugPanel/ComponentTreeView.stories.tsx[2m > [22m[2mHigh Render Count
[22m[39m[UnitContext] Fetching unit data for id: mock-unit-id
[90mstdout[2m | src/components/DebugPanel/ComponentTreeView.stories.tsx[2m > [22m[2mHigh Render Count
[22m[39m[FilesContext] Initializing vector store from IndexedDB
[90mstdout[2m | src/components/DebugPanel/ComponentTreeView.stories.tsx[2m > [22m[2mHigh Render Count
[22m[39m[FilesContext] fetchFiles called
[90mstdout[2m | src/components/DebugPanel/ComponentTreeView.stories.tsx[2m > [22m[2mHigh Render Count
[22m[39m[FilesContext] User authenticated: mock-user-sub
[90mstdout[2m | src/components/DebugPanel/ComponentTreeView.stories.tsx[2m > [22m[2mHigh Render Count
[22m[39m[FilesContext] Identity ID: us-east-1:mock-identity-123
[90mstdout[2m | src/components/DebugPanel/ComponentTreeView.stories.tsx[2m > [22m[2mHigh Render Count
[22m[39m[FilesContext] About to set up File observeQuery
[90mstdout[2m | src/components/DebugPanel/ComponentTreeView.stories.tsx[2m > [22m[2mHigh Render Count
[22m[39m[ChatContext] Setting up AssistantChat observeQuery
[90mstdout[2m | src/components/DebugPanel/ComponentTreeView.stories.tsx[2m > [22m[2mHigh Render Count
[22m[39m[ChatContext] Waiting for subscription to initialize
[90mstdout[2m | src/components/DebugPanel/ComponentTreeView.stories.tsx[2m > [22m[2mHigh Render Count
[22m[39m[SettingsContext] Setting up Settings subscription for user: mock-user-sub
[90mstdout[2m | src/components/DebugPanel/ComponentTreeView.stories.tsx[2m > [22m[2mHigh Render Count
[22m[39m[Mock Data] Settings created: mock-settings-1790418104928 - notified 0 subscribers
[90mstdout[2m | src/components/DebugPanel/ComponentTreeView.stories.tsx[2m > [22m[2mHigh Render Count
[22m[39m[Mock Data] Unit.onUpdate() subscription added. Total: 1
[90mstdout[2m | src/components/DebugPanel/ComponentTreeView.stories.tsx[2m > [22m[2mHigh Render Count
[22m[39m[SectionContext] Section observeQuery update: 0
[90mstdout[2m | src/components/DebugPanel/ComponentTreeView.stories.tsx[2m > [22m[2mHigh Render Count
[22m[39m[FilesContext] File observeQuery update: 6 files
[90mstdout[2m | src/components/DebugPanel/ComponentTreeView.stories.tsx[2m > [22m[2mHigh Render Count
[22m[39m[ChatContext] AssistantChat initialized with 1 chats
[90mstdout[2m | src/components/DebugPanel/ComponentTreeView.stories.tsx[2m > [22m[2mHigh Render Count
[22m[39m[ChatContext] Setting initial chat: mock-assistant-chat-1
[90mstdout[2m | src/components/DebugPanel/ComponentTreeView.stories.tsx[2m > [22m[2mHigh Render Count
[22m[39m[MOCK CourseVectorStore] Initialized with mock data
[90mstdout[2m | src/components/DebugPanel/ComponentTreeView.stories.tsx[2m > [22m[2mHigh Render Count
[22m[39m[FilesContext] Vector store population triggered {
  "currentVectorStoreSize": 3,
  "documentsCount": 0,
  "filesCount": 6,
  "isInitialLoad": true,
}
[90mstdout[2m | src/components/DebugPanel/ComponentTreeView.stories.tsx[2m > [22m[2mHigh Render Count
[22m[39m[FilesContext] Vector store population complete - 3 total embeddings
[90mstdout[2m | src/components/DebugPanel/ComponentTreeView.stories.tsx[2m > [22m[2mHigh Render Count
[22m[39m[ChatContext] Chat exists and not archived, skipping creation
[90mstdout[2m | src/components/DebugPanel/ComponentTreeView.stories.tsx[2m > [22m[2mHigh Render Count
[22m[39m[Mock Storage] downloadData called with: undefined
[90mstdout[2m | src/components/DebugPanel/ComponentTreeView.stories.tsx[2m > [22m[2mComplex Props
[22m[39m[ChatContext] Cleaning up subscriptions
[90mstdout[2m | src/components/DebugPanel/ComponentTreeView.stories.tsx[2m > [22m[2mComplex Props
[22m[39m[Mock Data] Unit.onUpdate() subscription removed. Remaining: 0
[90mstdout[2m | src/components/DebugPanel/ComponentTreeView.stories.tsx[2m > [22m[2mComplex Props
[22m[39m[MOCK CourseVectorStore] Initialized with mock data
[90mstdout[2m | src/components/DebugPanel/ComponentTreeView.stories.tsx[2m > [22m[2mComplex Props
[22m[39m[TranslationModeController] Setting mode to: off
[90mstdout[2m | src/components/DebugPanel/ComponentTreeView.stories.tsx[2m > [22m[2mComplex Props
[22m[39m[UnitContext] useEffect triggered {
  "authLoading": false,
  "hasUser": true,
  "id": "mock-unit-id",
  "userSub": "mock-user-sub",
}
[90mstdout[2m | src/components/DebugPanel/ComponentTreeView.stories.tsx[2m > [22m[2mComplex Props
[22m[39m[UnitContext] Fetching unit data for id: mock-unit-id
[90mstdout[2m | src/components/DebugPanel/ComponentTreeView.stories.tsx[2m > [22m[2mComplex Props
[22m[39m[FilesContext] Initializing vector store from IndexedDB
[90mstdout[2m | src/components/DebugPanel/ComponentTreeView.stories.tsx[2m > [22m[2mComplex Props
[22m[39m[FilesContext] fetchFiles called
[90mstdout[2m | src/components/DebugPanel/ComponentTreeView.stories.tsx[2m > [22m[2mComplex Props
[22m[39m[FilesContext] User authenticated: mock-user-sub
[90mstdout[2m | src/components/DebugPanel/ComponentTreeView.stories.tsx[2m > [22m[2mComplex Props
[22m[39m[FilesContext] Identity ID: us-east-1:mock-identity-123
[90mstdout[2m | src/components/DebugPanel/ComponentTreeView.stories.tsx[2m > [22m[2mComplex Props
[22m[39m[FilesContext] About to set up File observeQuery
[90mstdout[2m | src/components/DebugPanel/ComponentTreeView.stories.tsx[2m > [22m[2mComplex Props
[22m[39m[ChatContext] Setting up AssistantChat observeQuery
[90mstdout[2m | src/components/DebugPanel/ComponentTreeView.stories.tsx[2m > [22m[2mComplex Props
[22m[39m[ChatContext] Waiting for subscription to initialize
[90mstdout[2m | src/components/DebugPanel/ComponentTreeView.stories.tsx[2m > [22m[2mComplex Props
[22m[39m[SettingsContext] Setting up Settings subscription for user: mock-user-sub
[90mstdout[2m | src/components/DebugPanel/ComponentTreeView.stories.tsx[2m > [22m[2mComplex Props
[22m[39m[Mock Data] Settings created: mock-settings-1790418105133 - notified 0 subscribers
[90mstdout[2m | src/components/DebugPanel/ComponentTreeView.stories.tsx[2m > [22m[2mComplex Props
[22m[39m[Mock Data] Unit.onUpdate() subscription added. Total: 1
[90mstdout[2m | src/components/DebugPanel/ComponentTreeView.stories.tsx[2m > [22m[2mComplex Props
[22m[39m[SectionContext] Section observeQuery update: 0
[90mstdout[2m | src/components/DebugPanel/ComponentTreeView.stories.tsx[2m > [22m[2mComplex Props
[22m[39m[FilesContext] File observeQuery update: 6 files
[90mstdout[2m | src/components/DebugPanel/ComponentTreeView.stories.tsx[2m > [22m[2mComplex Props
[22m[39m[MOCK CourseVectorStore] Initialized with mock data
[90mstdout[2m | src/components/DebugPanel/ComponentTreeView.stories.tsx[2m > [22m[2mComplex Props
[22m[39m[FilesContext] Vector store population triggered {
  "currentVectorStoreSize": 3,
  "documentsCount": 0,
  "filesCount": 6,
  "isInitialLoad": true,
}
[90mstdout[2m | src/components/DebugPanel/ComponentTreeView.stories.tsx[2m > [22m[2mComplex Props
[22m[39m[FilesContext] Vector store population complete - 3 total embeddings
[90mstdout[2m | src/components/DebugPanel/ComponentTreeView.stories.tsx[2m > [22m[2mComplex Props
[22m[39m[ChatContext] AssistantChat initialized with 1 chats
[90mstdout[2m | src/components/DebugPanel/ComponentTreeView.stories.tsx[2m > [22m[2mComplex Props
[22m[39m[ChatContext] Setting initial chat: mock-assistant-chat-1
[90mstdout[2m | src/components/DebugPanel/ComponentTreeView.stories.tsx[2m > [22m[2mComplex Props
[22m[39m[Mock Storage] downloadData called with: undefined
[90mstdout[2m | src/components/DebugPanel/ComponentTreeView.stories.tsx[2m > [22m[2mComplex Props
[22m[39m[ChatContext] Chat exists and not archived, skipping creation
 [32m✓[39m [30m[45m storybook (chromium) [49m[39m src/components/DebugPanel/ComponentTreeView.stories.tsx [2m([22m[2m7 tests[22m[2m)[22m[33m 1475[2mms[22m[39m
   [33m[2m✓[22m[39m With Selection [33m 311[2mms[22m[39m
[90mstdout[2m | unknown test
[22m[39m[MOCK vectorStoreDB.js] Module loaded - mock IndexedDB operations
[90mstdout[2m | unknown test
[22m[39m[Task Completion] DOM action listeners initialized
[90mstdout[2m | unknown test
[22m[39m[Task Completion] Auto-completion detector initialized
[90mstdout[2m | unknown test
[22m[39m[Preview] Task completion detector initialized
[90mstdout[2m | src/components/Editor3/plugins/BlockSuggestionPluginAI.stories.jsx[2m > [22m[2mCompare A Ivs Rules
[22m[39m[Preview] Skipped initializing default mock data (initializeMockData=false)
[90mstdout[2m | src/components/Editor3/plugins/BlockSuggestionPluginAI.stories.jsx[2m > [22m[2mCompare A Ivs Rules
[22m[39m[Mock Data] seedMockUnit: Adding unit block-suggestion-ai-story-unit
[90mstdout[2m | src/components/Editor3/plugins/BlockSuggestionPluginAI.stories.jsx[2m > [22m[2mCompare A Ivs Rules
[22m[39m[MOCK CourseVectorStore] Initialized with mock data
[90mstdout[2m | src/components/Editor3/plugins/BlockSuggestionPluginAI.stories.jsx[2m > [22m[2mCompare A Ivs Rules
[22m[39m[TranslationModeController] Setting mode to: off
[90mstdout[2m | src/components/Editor3/plugins/BlockSuggestionPluginAI.stories.jsx[2m > [22m[2mCompare A Ivs Rules
[22m[39m[UnitContext] useEffect triggered {
  "authLoading": false,
  "hasUser": true,
  "id": "block-suggestion-ai-story-unit",
  "userSub": "mock-user-sub",
}
[90mstdout[2m | src/components/Editor3/plugins/BlockSuggestionPluginAI.stories.jsx[2m > [22m[2mCompare A Ivs Rules
[22m[39m[UnitContext] Fetching unit data for id: block-suggestion-ai-story-unit
[90mstdout[2m | src/components/Editor3/plugins/BlockSuggestionPluginAI.stories.jsx[2m > [22m[2mCompare A Ivs Rules
[22m[39m[FilesContext] Initializing vector store from IndexedDB
[90mstdout[2m | src/components/Editor3/plugins/BlockSuggestionPluginAI.stories.jsx[2m > [22m[2mCompare A Ivs Rules
[22m[39m[FilesContext] fetchFiles called
[90mstdout[2m | src/components/Editor3/plugins/BlockSuggestionPluginAI.stories.jsx[2m > [22m[2mCompare A Ivs Rules
[22m[39m[FilesContext] User authenticated: mock-user-sub
[90mstdout[2m | src/components/Editor3/plugins/BlockSuggestionPluginAI.stories.jsx[2m > [22m[2mCompare A Ivs Rules
[22m[39m[FilesContext] Identity ID: us-east-1:mock-identity-123
[90mstdout[2m | src/components/Editor3/plugins/BlockSuggestionPluginAI.stories.jsx[2m > [22m[2mCompare A Ivs Rules
[22m[39m[FilesContext] About to set up File observeQuery
[90mstdout[2m | src/components/Editor3/plugins/BlockSuggestionPluginAI.stories.jsx[2m > [22m[2mCompare A Ivs Rules
[22m[39m[ChatContext] Setting up AssistantChat observeQuery
[90mstdout[2m | src/components/Editor3/plugins/BlockSuggestionPluginAI.stories.jsx[2m > [22m[2mCompare A Ivs Rules
[22m[39m[ChatContext] Waiting for subscription to initialize
[90mstdout[2m | src/components/Editor3/plugins/BlockSuggestionPluginAI.stories.jsx[2m > [22m[2mCompare A Ivs Rules
[22m[39m[SettingsContext] Setting up Settings subscription for user: mock-user-sub
[90mstdout[2m | src/components/Editor3/plugins/BlockSuggestionPluginAI.stories.jsx[2m > [22m[2mCompare A Ivs Rules
[22m[39m[Mock Data] Settings created: mock-settings-1790418109624 - notified 0 subscribers
[90mstdout[2m | src/components/Editor3/plugins/BlockSuggestionPluginAI.stories.jsx[2m > [22m[2mCompare A Ivs Rules
[22m[39m[Mock Data] Unit.onUpdate() subscription added. Total: 1
[90mstdout[2m | src/components/Editor3/plugins/BlockSuggestionPluginAI.stories.jsx[2m > [22m[2mCompare A Ivs Rules
[22m[39m[SectionContext] Section observeQuery update: 0
[90mstdout[2m | src/components/Editor3/plugins/BlockSuggestionPluginAI.stories.jsx[2m > [22m[2mCompare A Ivs Rules
[22m[39m[FilesContext] File observeQuery update: 0 files
[90mstdout[2m | src/components/Editor3/plugins/BlockSuggestionPluginAI.stories.jsx[2m > [22m[2mCompare A Ivs Rules
[22m[39m[ChatContext] AssistantChat initialized with 0 chats
[90mstdout[2m | src/components/Editor3/plugins/BlockSuggestionPluginAI.stories.jsx[2m > [22m[2mCompare A Ivs Rules
[22m[39m[MOCK CourseVectorStore] Initialized with mock data
[90mstdout[2m | src/components/Editor3/plugins/BlockSuggestionPluginAI.stories.jsx[2m > [22m[2mCompare A Ivs Rules
[22m[39m[ChatContext] No current chat available, will create one
[90mstdout[2m | src/components/Editor3/plugins/BlockSuggestionPluginAI.stories.jsx[2m > [22m[2mCompare A Ivs Rules
[22m[39m[ChatContext] Creating AssistantChat with user: undefined
[90mstdout[2m | src/components/Editor3/plugins/BlockSuggestionPluginAI.stories.jsx[2m > [22m[2mCompare A Ivs Rules
[22m[39m[Mock Data] AssistantChat created: mock-assistantchat-1790418109647 - notified 1 subscribers
[90mstdout[2m | src/components/Editor3/plugins/BlockSuggestionPluginAI.stories.jsx[2m > [22m[2mCompare A Ivs Rules
[22m[39m[ChatContext] Create result: {
  "data": {
    "_version": 1,
    "archived": false,
    "chatFiles": [Function anonymous],
    "createdAt": "2026-09-26T10:21:49.647Z",
    "id": "mock-assistantchat-1790418109647",
    "model": "gpt-4",
    "updatedAt": "2026-09-26T10:21:49.647Z",
  },
  "errors": [],
  "hasData": true,
  "hasErrors": true,
}
[90mstdout[2m | src/components/Editor3/plugins/BlockSuggestionPluginAI.stories.jsx[2m > [22m[2mCompare A Ivs Rules
[22m[39m[ChatContext] Created AssistantChat: mock-assistantchat-1790418109647 at: 2026-09-26T10:21:49.647Z
[90mstdout[2m | src/components/Editor3/plugins/BlockSuggestionPluginAI.stories.jsx[2m > [22m[2mCompare A Ivs Rules
[22m[39m[Mock Storage] downloadData called with: undefined
[90mstdout[2m | src/components/Editor3/plugins/BlockSuggestionPluginAI.stories.jsx[2m > [22m[2mCompare A Ivs Rules
[22m[39m[ChatContext] Setting initial chat: mock-assistantchat-1790418109647
[90mstdout[2m | src/components/Editor3/plugins/BlockSuggestionPluginAI.stories.jsx[2m > [22m[2mCompare A Ivs Rules
[22m[39m[ChatContext] Chat exists and not archived, skipping creation
[90mstdout[2m | src/components/Editor3/plugins/BlockSuggestionPluginAI.stories.jsx[2m > [22m[2mAfter Explanation
[22m[39m[ChatContext] Cleaning up subscriptions
[90mstdout[2m | src/components/Editor3/plugins/BlockSuggestionPluginAI.stories.jsx[2m > [22m[2mAfter Explanation
[22m[39m[Mock Data] Unit.onUpdate() subscription removed. Remaining: 0
[90mstdout[2m | src/components/Editor3/plugins/BlockSuggestionPluginAI.stories.jsx[2m > [22m[2mAfter Explanation
[22m[39m[Preview] Skipped initializing default mock data (initializeMockData=false)
[90mstdout[2m | src/components/Editor3/plugins/BlockSuggestionPluginAI.stories.jsx[2m > [22m[2mAfter Explanation
[22m[39m[Mock Data] seedMockUnit: Adding unit block-suggestion-ai-story-unit
[90mstdout[2m | src/components/Editor3/plugins/BlockSuggestionPluginAI.stories.jsx[2m > [22m[2mAfter Explanation
[22m[39m[MOCK CourseVectorStore] Initialized with mock data
[90mstdout[2m | src/components/Editor3/plugins/BlockSuggestionPluginAI.stories.jsx[2m > [22m[2mAfter Explanation
[22m[39m[TranslationModeController] Setting mode to: off
[90mstdout[2m | src/components/Editor3/plugins/BlockSuggestionPluginAI.stories.jsx[2m > [22m[2mAfter Explanation
[22m[39m[UnitContext] useEffect triggered {
  "authLoading": false,
  "hasUser": true,
  "id": "block-suggestion-ai-story-unit",
  "userSub": "mock-user-sub",
}
[90mstdout[2m | src/components/Editor3/plugins/BlockSuggestionPluginAI.stories.jsx[2m > [22m[2mAfter Explanation
[22m[39m[UnitContext] Fetching unit data for id: block-suggestion-ai-story-unit
[90mstdout[2m | src/components/Editor3/plugins/BlockSuggestionPluginAI.stories.jsx[2m > [22m[2mAfter Explanation
[22m[39m[FilesContext] Initializing vector store from IndexedDB
[90mstdout[2m | src/components/Editor3/plugins/BlockSuggestionPluginAI.stories.jsx[2m > [22m[2mAfter Explanation
[22m[39m[FilesContext] fetchFiles called
[90mstdout[2m | src/components/Editor3/plugins/BlockSuggestionPluginAI.stories.jsx[2m > [22m[2mAfter Explanation
[22m[39m[FilesContext] User authenticated: mock-user-sub
[90mstdout[2m | src/components/Editor3/plugins/BlockSuggestionPluginAI.stories.jsx[2m > [22m[2mAfter Explanation
[22m[39m[FilesContext] Identity ID: us-east-1:mock-identity-123
[90mstdout[2m | src/components/Editor3/plugins/BlockSuggestionPluginAI.stories.jsx[2m > [22m[2mAfter Explanation
[22m[39m[FilesContext] About to set up File observeQuery
[90mstdout[2m | src/components/Editor3/plugins/BlockSuggestionPluginAI.stories.jsx[2m > [22m[2mAfter Explanation
[22m[39m[ChatContext] Setting up AssistantChat observeQuery
[90mstdout[2m | src/components/Editor3/plugins/BlockSuggestionPluginAI.stories.jsx[2m > [22m[2mAfter Explanation
[22m[39m[ChatContext] Waiting for subscription to initialize
[90mstdout[2m | src/components/Editor3/plugins/BlockSuggestionPluginAI.stories.jsx[2m > [22m[2mAfter Explanation
[22m[39m[SettingsContext] Setting up Settings subscription for user: mock-user-sub
[90mstdout[2m | src/components/Editor3/plugins/BlockSuggestionPluginAI.stories.jsx[2m > [22m[2mAfter Explanation
[22m[39m[Mock Data] Settings created: mock-settings-1790418109853 - notified 0 subscribers
[90mstdout[2m | src/components/Editor3/plugins/BlockSuggestionPluginAI.stories.jsx[2m > [22m[2mAfter Explanation
[22m[39m[Mock Data] Unit.onUpdate() subscription added. Total: 1
[90mstdout[2m | src/components/Editor3/plugins/BlockSuggestionPluginAI.stories.jsx[2m > [22m[2mAfter Explanation
[22m[39m[SectionContext] Section observeQuery update: 0
[90mstdout[2m | src/components/Editor3/plugins/BlockSuggestionPluginAI.stories.jsx[2m > [22m[2mAfter Explanation
[22m[39m[FilesContext] File observeQuery update: 0 files
[90mstdout[2m | src/components/Editor3/plugins/BlockSuggestionPluginAI.stories.jsx[2m > [22m[2mAfter Explanation
[22m[39m[ChatContext] AssistantChat initialized with 0 chats
[90mstdout[2m | src/components/Editor3/plugins/BlockSuggestionPluginAI.stories.jsx[2m > [22m[2mAfter Explanation
[22m[39m[MOCK CourseVectorStore] Initialized with mock data
[90mstdout[2m | src/components/Editor3/plugins/BlockSuggestionPluginAI.stories.jsx[2m > [22m[2mAfter Explanation
[22m[39m[ChatContext] No current chat available, will create one
[90mstdout[2m | src/components/Editor3/plugins/BlockSuggestionPluginAI.stories.jsx[2m > [22m[2mAfter Explanation
[22m[39m[ChatContext] Creating AssistantChat with user: undefined
[90mstdout[2m | src/components/Editor3/plugins/BlockSuggestionPluginAI.stories.jsx[2m > [22m[2mAfter Explanation
[22m[39m[Mock Data] AssistantChat created: mock-assistantchat-1790418109866 - notified 1 subscribers
[90mstdout[2m | src/components/Editor3/plugins/BlockSuggestionPluginAI.stories.jsx[2m > [22m[2mAfter Explanation
[22m[39m[ChatContext] Create result: {
  "data": {
    "_version": 1,
    "archived": false,
    "chatFiles": [Function anonymous],
    "createdAt": "2026-09-26T10:21:49.866Z",
    "id": "mock-assistantchat-1790418109866",
    "model": "gpt-4",
    "updatedAt": "2026-09-26T10:21:49.866Z",
  },
  "errors": [],
  "hasData": true,
  "hasErrors": true,
}
[90mstdout[2m | src/components/Editor3/plugins/BlockSuggestionPluginAI.stories.jsx[2m > [22m[2mAfter Explanation
[22m[39m[ChatContext] Created AssistantChat: mock-assistantchat-1790418109866 at: 2026-09-26T10:21:49.866Z
[90mstdout[2m | src/components/Editor3/plugins/BlockSuggestionPluginAI.stories.jsx[2m > [22m[2mAfter Explanation
[22m[39m[Mock Storage] downloadData called with: undefined
[90mstdout[2m | src/components/Editor3/plugins/BlockSuggestionPluginAI.stories.jsx[2m > [22m[2mAfter Explanation
[22m[39m[ChatContext] Setting initial chat: mock-assistantchat-1790418109866
[90mstdout[2m | src/components/Editor3/plugins/BlockSuggestionPluginAI.stories.jsx[2m > [22m[2mAfter Explanation
[22m[39m[ChatContext] Chat exists and not archived, skipping creation
[90mstdout[2m | src/components/Editor3/plugins/BlockSuggestionPluginAI.stories.jsx[2m > [22m[2mComplex Lesson Structure
[22m[39m[ChatContext] Cleaning up subscriptions
[90mstdout[2m | src/components/Editor3/plugins/BlockSuggestionPluginAI.stories.jsx[2m > [22m[2mComplex Lesson Structure
[22m[39m[Mock Data] Unit.onUpdate() subscription removed. Remaining: 0
[90mstdout[2m | src/components/Editor3/plugins/BlockSuggestionPluginAI.stories.jsx[2m > [22m[2mComplex Lesson Structure
[22m[39m[Preview] Skipped initializing default mock data (initializeMockData=false)
[90mstdout[2m | src/components/Editor3/plugins/BlockSuggestionPluginAI.stories.jsx[2m > [22m[2mComplex Lesson Structure
[22m[39m[Mock Data] seedMockUnit: Adding unit block-suggestion-ai-story-unit
[90mstdout[2m | src/components/Editor3/plugins/BlockSuggestionPluginAI.stories.jsx[2m > [22m[2mComplex Lesson Structure
[22m[39m[MOCK CourseVectorStore] Initialized with mock data
[90mstdout[2m | src/components/Editor3/plugins/BlockSuggestionPluginAI.stories.jsx[2m > [22m[2mComplex Lesson Structure
[22m[39m[TranslationModeController] Setting mode to: off
[90mstdout[2m | src/components/Editor3/plugins/BlockSuggestionPluginAI.stories.jsx[2m > [22m[2mComplex Lesson Structure
[22m[39m[UnitContext] useEffect triggered {
  "authLoading": false,
  "hasUser": true,
  "id": "block-suggestion-ai-story-unit",
  "userSub": "mock-user-sub",
}
[90mstdout[2m | src/components/Editor3/plugins/BlockSuggestionPluginAI.stories.jsx[2m > [22m[2mComplex Lesson Structure
[22m[39m[UnitContext] Fetching unit data for id: block-suggestion-ai-story-unit
[90mstdout[2m | src/components/Editor3/plugins/BlockSuggestionPluginAI.stories.jsx[2m > [22m[2mComplex Lesson Structure
[22m[39m[FilesContext] Initializing vector store from IndexedDB
[90mstdout[2m | src/components/Editor3/plugins/BlockSuggestionPluginAI.stories.jsx[2m > [22m[2mComplex Lesson Structure
[22m[39m[FilesContext] fetchFiles called
[90mstdout[2m | src/components/Editor3/plugins/BlockSuggestionPluginAI.stories.jsx[2m > [22m[2mComplex Lesson Structure
[22m[39m[FilesContext] User authenticated: mock-user-sub
[90mstdout[2m | src/components/Editor3/plugins/BlockSuggestionPluginAI.stories.jsx[2m > [22m[2mComplex Lesson Structure
[22m[39m[FilesContext] Identity ID: us-east-1:mock-identity-123
[90mstdout[2m | src/components/Editor3/plugins/BlockSuggestionPluginAI.stories.jsx[2m > [22m[2mComplex Lesson Structure
[22m[39m[FilesContext] About to set up File observeQuery
[90mstdout[2m | src/components/Editor3/plugins/BlockSuggestionPluginAI.stories.jsx[2m > [22m[2mComplex Lesson Structure
[22m[39m[ChatContext] Setting up AssistantChat observeQuery
[90mstdout[2m | src/components/Editor3/plugins/BlockSuggestionPluginAI.stories.jsx[2m > [22m[2mComplex Lesson Structure
[22m[39m[ChatContext] Waiting for subscription to initialize
[90mstdout[2m | src/components/Editor3/plugins/BlockSuggestionPluginAI.stories.jsx[2m > [22m[2mComplex Lesson Structure
[22m[39m[SettingsContext] Setting up Settings subscription for user: mock-user-sub
[90mstdout[2m | src/components/Editor3/plugins/BlockSuggestionPluginAI.stories.jsx[2m > [22m[2mComplex Lesson Structure
[22m[39m[Mock Data] Settings created: mock-settings-1790418110022 - notified 0 subscribers
[90mstdout[2m | src/components/Editor3/plugins/BlockSuggestionPluginAI.stories.jsx[2m > [22m[2mComplex Lesson Structure
[22m[39m[Mock Data] Unit.onUpdate() subscription added. Total: 1
[90mstdout[2m | src/components/Editor3/plugins/BlockSuggestionPluginAI.stories.jsx[2m > [22m[2mComplex Lesson Structure
[22m[39m[SectionContext] Section observeQuery update: 0
[90mstdout[2m | src/components/Editor3/plugins/BlockSuggestionPluginAI.stories.jsx[2m > [22m[2mComplex Lesson Structure
[22m[39m[FilesContext] File observeQuery update: 0 files
[90mstdout[2m | src/components/Editor3/plugins/BlockSuggestionPluginAI.stories.jsx[2m > [22m[2mComplex Lesson Structure
[22m[39m[ChatContext] AssistantChat initialized with 0 chats
[90mstdout[2m | src/components/Editor3/plugins/BlockSuggestionPluginAI.stories.jsx[2m > [22m[2mComplex Lesson Structure
[22m[39m[MOCK CourseVectorStore] Initialized with mock data
[90mstdout[2m | src/components/Editor3/plugins/BlockSuggestionPluginAI.stories.jsx[2m > [22m[2mComplex Lesson Structure
[22m[39m[ChatContext] No current chat available, will create one
[90mstdout[2m | src/components/Editor3/plugins/BlockSuggestionPluginAI.stories.jsx[2m > [22m[2mComplex Lesson Structure
[22m[39m[ChatContext] Creating AssistantChat with user: undefined
[90mstdout[2m | src/components/Editor3/plugins/BlockSuggestionPluginAI.stories.jsx[2m > [22m[2mComplex Lesson Structure
[22m[39m[Mock Data] AssistantChat created: mock-assistantchat-1790418110036 - notified 1 subscribers
[90mstdout[2m | src/components/Editor3/plugins/BlockSuggestionPluginAI.stories.jsx[2m > [22m[2mComplex Lesson Structure
[22m[39m[ChatContext] Create result: {
  "data": {
    "_version": 1,
    "archived": false,
    "chatFiles": [Function anonymous],
    "createdAt": "2026-09-26T10:21:50.036Z",
    "id": "mock-assistantchat-1790418110036",
    "model": "gpt-4",
    "updatedAt": "2026-09-26T10:21:50.036Z",
  },
  "errors": [],
  "hasData": true,
  "hasErrors": true,
}
[90mstdout[2m | src/components/Editor3/plugins/BlockSuggestionPluginAI.stories.jsx[2m > [22m[2mComplex Lesson Structure
[22m[39m[ChatContext] Created AssistantChat: mock-assistantchat-1790418110036 at: 2026-09-26T10:21:50.036Z
[90mstdout[2m | src/components/Editor3/plugins/BlockSuggestionPluginAI.stories.jsx[2m > [22m[2mComplex Lesson Structure
[22m[39m[Mock Storage] downloadData called with: undefined
[90mstdout[2m | src/components/Editor3/plugins/BlockSuggestionPluginAI.stories.jsx[2m > [22m[2mComplex Lesson Structure
[22m[39m[ChatContext] Setting initial chat: mock-assistantchat-1790418110036
[90mstdout[2m | src/components/Editor3/plugins/BlockSuggestionPluginAI.stories.jsx[2m > [22m[2mComplex Lesson Structure
[22m[39m[ChatContext] Chat exists and not archived, skipping creation
[90mstdout[2m | src/components/Editor3/plugins/BlockSuggestionPluginAI.stories.jsx[2m > [22m[2mAfter Quiz
[22m[39m[ChatContext] Cleaning up subscriptions
[90mstdout[2m | src/components/Editor3/plugins/BlockSuggestionPluginAI.stories.jsx[2m > [22m[2mAfter Quiz
[22m[39m[Mock Data] Unit.onUpdate() subscription removed. Remaining: 0
[90mstdout[2m | src/components/Editor3/plugins/BlockSuggestionPluginAI.stories.jsx[2m > [22m[2mAfter Quiz
[22m[39m[Preview] Skipped initializing default mock data (initializeMockData=false)
[90mstdout[2m | src/components/Editor3/plugins/BlockSuggestionPluginAI.stories.jsx[2m > [22m[2mAfter Quiz
[22m[39m[Mock Data] seedMockUnit: Adding unit block-suggestion-ai-story-unit
[90mstdout[2m | src/components/Editor3/plugins/BlockSuggestionPluginAI.stories.jsx[2m > [22m[2mAfter Quiz
[22m[39m[MOCK CourseVectorStore] Initialized with mock data
[90mstdout[2m | src/components/Editor3/plugins/BlockSuggestionPluginAI.stories.jsx[2m > [22m[2mAfter Quiz
[22m[39m[TranslationModeController] Setting mode to: off
[90mstdout[2m | src/components/Editor3/plugins/BlockSuggestionPluginAI.stories.jsx[2m > [22m[2mAfter Quiz
[22m[39m[UnitContext] useEffect triggered {
  "authLoading": false,
  "hasUser": true,
  "id": "block-suggestion-ai-story-unit",
  "userSub": "mock-user-sub",
}
[90mstdout[2m | src/components/Editor3/plugins/BlockSuggestionPluginAI.stories.jsx[2m > [22m[2mAfter Quiz
[22m[39m[UnitContext] Fetching unit data for id: block-suggestion-ai-story-unit
[90mstdout[2m | src/components/Editor3/plugins/BlockSuggestionPluginAI.stories.jsx[2m > [22m[2mAfter Quiz
[22m[39m[FilesContext] Initializing vector store from IndexedDB
[90mstdout[2m | src/components/Editor3/plugins/BlockSuggestionPluginAI.stories.jsx[2m > [22m[2mAfter Quiz
[22m[39m[FilesContext] fetchFiles called
[90mstdout[2m | src/components/Editor3/plugins/BlockSuggestionPluginAI.stories.jsx[2m > [22m[2mAfter Quiz
[22m[39m[FilesContext] User authenticated: mock-user-sub
[90mstdout[2m | src/components/Editor3/plugins/BlockSuggestionPluginAI.stories.jsx[2m > [22m[2mAfter Quiz
[22m[39m[FilesContext] Identity ID: us-east-1:mock-identity-123
[90mstdout[2m | src/components/Editor3/plugins/BlockSuggestionPluginAI.stories.jsx[2m > [22m[2mAfter Quiz
[22m[39m[FilesContext] About to set up File observeQuery
[90mstdout[2m | src/components/Editor3/plugins/BlockSuggestionPluginAI.stories.jsx[2m > [22m[2mAfter Quiz
[22m[39m[ChatContext] Setting up AssistantChat observeQuery
[90mstdout[2m | src/components/Editor3/plugins/BlockSuggestionPluginAI.stories.jsx[2m > [22m[2mAfter Quiz
[22m[39m[ChatContext] Waiting for subscription to initialize
[90mstdout[2m | src/components/Editor3/plugins/BlockSuggestionPluginAI.stories.jsx[2m > [22m[2mAfter Quiz
[22m[39m[SettingsContext] Setting up Settings subscription for user: mock-user-sub
[90mstdout[2m | src/components/Editor3/plugins/BlockSuggestionPluginAI.stories.jsx[2m > [22m[2mAfter Quiz
[22m[39m[Mock Data] Settings created: mock-settings-1790418110235 - notified 0 subscribers
[90mstdout[2m | src/components/Editor3/plugins/BlockSuggestionPluginAI.stories.jsx[2m > [22m[2mAfter Quiz
[22m[39m[Mock Data] Unit.onUpdate() subscription added. Total: 1
[90mstdout[2m | src/components/Editor3/plugins/BlockSuggestionPluginAI.stories.jsx[2m > [22m[2mAfter Quiz
[22m[39m[SectionContext] Section observeQuery update: 0
[90mstdout[2m | src/components/Editor3/plugins/BlockSuggestionPluginAI.stories.jsx[2m > [22m[2mAfter Quiz
[22m[39m[FilesContext] File observeQuery update: 0 files
[90mstdout[2m | src/components/Editor3/plugins/BlockSuggestionPluginAI.stories.jsx[2m > [22m[2mAfter Quiz
[22m[39m[ChatContext] AssistantChat initialized with 0 chats
[90mstdout[2m | src/components/Editor3/plugins/BlockSuggestionPluginAI.stories.jsx[2m > [22m[2mAfter Quiz
[22m[39m[MOCK CourseVectorStore] Initialized with mock data
[90mstdout[2m | src/components/Editor3/plugins/BlockSuggestionPluginAI.stories.jsx[2m > [22m[2mAfter Quiz
[22m[39m[ChatContext] No current chat available, will create one
[90mstdout[2m | src/components/Editor3/plugins/BlockSuggestionPluginAI.stories.jsx[2m > [22m[2mAfter Quiz
[22m[39m[ChatContext] Creating AssistantChat with user: undefined
[90mstdout[2m | src/components/Editor3/plugins/BlockSuggestionPluginAI.stories.jsx[2m > [22m[2mAfter Quiz
[22m[39m[Mock Data] AssistantChat created: mock-assistantchat-1790418110295 - notified 1 subscribers
[90mstdout[2m | src/components/Editor3/plugins/BlockSuggestionPluginAI.stories.jsx[2m > [22m[2mAfter Quiz
[22m[39m[ChatContext] Create result: {
  "data": {
    "_version": 1,
    "archived": false,
    "chatFiles": [Function anonymous],
    "createdAt": "2026-09-26T10:21:50.295Z",
    "id": "mock-assistantchat-1790418110295",
    "model": "gpt-4",
    "updatedAt": "2026-09-26T10:21:50.295Z",
  },
  "errors": [],
  "hasData": true,
  "hasErrors": true,
}
[90mstdout[2m | src/components/Editor3/plugins/BlockSuggestionPluginAI.stories.jsx[2m > [22m[2mAfter Quiz
[22m[39m[ChatContext] Created AssistantChat: mock-assistantchat-1790418110295 at: 2026-09-26T10:21:50.295Z
[90mstdout[2m | src/components/Editor3/plugins/BlockSuggestionPluginAI.stories.jsx[2m > [22m[2mAfter Quiz
[22m[39m[Mock Storage] downloadData called with: undefined
[90mstdout[2m | src/components/Editor3/plugins/BlockSuggestionPluginAI.stories.jsx[2m > [22m[2mAfter Quiz
[22m[39m[ChatContext] Setting initial chat: mock-assistantchat-1790418110295
[90mstdout[2m | src/components/Editor3/plugins/BlockSuggestionPluginAI.stories.jsx[2m > [22m[2mAfter Quiz
[22m[39m[ChatContext] Chat exists and not archived, skipping creation
[90mstdout[2m | src/components/Editor3/plugins/BlockSuggestionPluginAI.stories.jsx[2m > [22m[2mEmpty Lesson
[22m[39m[ChatContext] Cleaning up subscriptions
[90mstdout[2m | src/components/Editor3/plugins/BlockSuggestionPluginAI.stories.jsx[2m > [22m[2mEmpty Lesson
[22m[39m[Mock Data] Unit.onUpdate() subscription removed. Remaining: 0
[90mstdout[2m | src/components/Editor3/plugins/BlockSuggestionPluginAI.stories.jsx[2m > [22m[2mEmpty Lesson
[22m[39m[Preview] Skipped initializing default mock data (initializeMockData=false)
[90mstdout[2m | src/components/Editor3/plugins/BlockSuggestionPluginAI.stories.jsx[2m > [22m[2mEmpty Lesson
[22m[39m[Mock Data] seedMockUnit: Adding unit block-suggestion-ai-story-unit
[90mstdout[2m | src/components/Editor3/plugins/BlockSuggestionPluginAI.stories.jsx[2m > [22m[2mEmpty Lesson
[22m[39m[MOCK CourseVectorStore] Initialized with mock data
[90mstdout[2m | src/components/Editor3/plugins/BlockSuggestionPluginAI.stories.jsx[2m > [22m[2mEmpty Lesson
[22m[39m[TranslationModeController] Setting mode to: off
[90mstdout[2m | src/components/Editor3/plugins/BlockSuggestionPluginAI.stories.jsx[2m > [22m[2mEmpty Lesson
[22m[39m[UnitContext] useEffect triggered {
  "authLoading": false,
  "hasUser": true,
  "id": "block-suggestion-ai-story-unit",
  "userSub": "mock-user-sub",
}
[90mstdout[2m | src/components/Editor3/plugins/BlockSuggestionPluginAI.stories.jsx[2m > [22m[2mEmpty Lesson
[22m[39m[UnitContext] Fetching unit data for id: block-suggestion-ai-story-unit
[90mstdout[2m | src/components/Editor3/plugins/BlockSuggestionPluginAI.stories.jsx[2m > [22m[2mEmpty Lesson
[22m[39m[FilesContext] Initializing vector store from IndexedDB
[90mstdout[2m | src/components/Editor3/plugins/BlockSuggestionPluginAI.stories.jsx[2m > [22m[2mEmpty Lesson
[22m[39m[FilesContext] fetchFiles called
[90mstdout[2m | src/components/Editor3/plugins/BlockSuggestionPluginAI.stories.jsx[2m > [22m[2mEmpty Lesson
[22m[39m[FilesContext] User authenticated: mock-user-sub
[90mstdout[2m | src/components/Editor3/plugins/BlockSuggestionPluginAI.stories.jsx[2m > [22m[2mEmpty Lesson
[22m[39m[FilesContext] Identity ID: us-east-1:mock-identity-123
[90mstdout[2m | src/components/Editor3/plugins/BlockSuggestionPluginAI.stories.jsx[2m > [22m[2mEmpty Lesson
[22m[39m[FilesContext] About to set up File observeQuery
[90mstdout[2m | src/components/Editor3/plugins/BlockSuggestionPluginAI.stories.jsx[2m > [22m[2mEmpty Lesson
[22m[39m[ChatContext] Setting up AssistantChat observeQuery
[90mstdout[2m | src/components/Editor3/plugins/BlockSuggestionPluginAI.stories.jsx[2m > [22m[2mEmpty Lesson
[22m[39m[ChatContext] Waiting for subscription to initialize
[90mstdout[2m | src/components/Editor3/plugins/BlockSuggestionPluginAI.stories.jsx[2m > [22m[2mEmpty Lesson
[22m[39m[SettingsContext] Setting up Settings subscription for user: mock-user-sub
[90mstdout[2m | src/components/Editor3/plugins/BlockSuggestionPluginAI.stories.jsx[2m > [22m[2mEmpty Lesson
[22m[39m[Mock Data] Settings created: mock-settings-1790418110431 - notified 0 subscribers
[90mstdout[2m | src/components/Editor3/plugins/BlockSuggestionPluginAI.stories.jsx[2m > [22m[2mEmpty Lesson
[22m[39m[Mock Data] Unit.onUpdate() subscription added. Total: 1
[90mstdout[2m | src/components/Editor3/plugins/BlockSuggestionPluginAI.stories.jsx[2m > [22m[2mEmpty Lesson
[22m[39m[SectionContext] Section observeQuery update: 0
[90mstdout[2m | src/components/Editor3/plugins/BlockSuggestionPluginAI.stories.jsx[2m > [22m[2mEmpty Lesson
[22m[39m[Mock Storage] downloadData called with: undefined
[90mstdout[2m | src/components/Editor3/plugins/BlockSuggestionPluginAI.stories.jsx[2m > [22m[2mEmpty Lesson
[22m[39m[FilesContext] File observeQuery update: 0 files
[90mstdout[2m | src/components/Editor3/plugins/BlockSuggestionPluginAI.stories.jsx[2m > [22m[2mEmpty Lesson
[22m[39m[MOCK CourseVectorStore] Initialized with mock data
[90mstdout[2m | src/components/Editor3/plugins/BlockSuggestionPluginAI.stories.jsx[2m > [22m[2mEmpty Lesson
[22m[39m[ChatContext] AssistantChat initialized with 0 chats
[90mstdout[2m | src/components/Editor3/plugins/BlockSuggestionPluginAI.stories.jsx[2m > [22m[2mEmpty Lesson
[22m[39m[ChatContext] No current chat available, will create one
[90mstdout[2m | src/components/Editor3/plugins/BlockSuggestionPluginAI.stories.jsx[2m > [22m[2mEmpty Lesson
[22m[39m[ChatContext] Creating AssistantChat with user: undefined
[90mstdout[2m | src/components/Editor3/plugins/BlockSuggestionPluginAI.stories.jsx[2m > [22m[2mEmpty Lesson
[22m[39m[Mock Data] AssistantChat created: mock-assistantchat-1790418110445 - notified 1 subscribers
[90mstdout[2m | src/components/Editor3/plugins/BlockSuggestionPluginAI.stories.jsx[2m > [22m[2mEmpty Lesson
[22m[39m[ChatContext] Create result: {
  "data": {
    "_version": 1,
    "archived": false,
    "chatFiles": [Function anonymous],
    "createdAt": "2026-09-26T10:21:50.445Z",
    "id": "mock-assistantchat-1790418110445",
    "model": "gpt-4",
    "updatedAt": "2026-09-26T10:21:50.445Z",
  },
  "errors": [],
  "hasData": true,
  "hasErrors": true,
}
[90mstdout[2m | src/components/Editor3/plugins/BlockSuggestionPluginAI.stories.jsx[2m > [22m[2mEmpty Lesson
[22m[39m[ChatContext] Created AssistantChat: mock-assistantchat-1790418110445 at: 2026-09-26T10:21:50.445Z
[90mstdout[2m | src/components/Editor3/plugins/BlockSuggestionPluginAI.stories.jsx[2m > [22m[2mEmpty Lesson
[22m[39m[ChatContext] Setting initial chat: mock-assistantchat-1790418110445
[90mstdout[2m | src/components/Editor3/plugins/BlockSuggestionPluginAI.stories.jsx[2m > [22m[2mEmpty Lesson
[22m[39m[ChatContext] Chat exists and not archived, skipping creation
 [32m✓[39m [30m[45m storybook (chromium) [49m[39m src/components/Editor3/plugins/BlockSuggestionPluginAI.stories.jsx [2m([22m[2m5 tests[22m[2m)[22m[33m 1018[2mms[22m[39m
[90mstdout[2m | unknown test
[22m[39m[MOCK vectorStoreDB.js] Module loaded - mock IndexedDB operations
[90mstdout[2m | unknown test
[22m[39m[Task Completion] DOM action listeners initialized
[90mstdout[2m | unknown test
[22m[39m[Task Completion] Auto-completion detector initialized
[90mstdout[2m | unknown test
[22m[39m[Preview] Task completion detector initialized
[90mstdout[2m | src/components/Gamification/StreakCalendar.stories.tsx[2m > [22m[2mEmpty
[22m[39m[TranslationModeController] Setting mode to: off
[90mstdout[2m | src/components/Gamification/StreakCalendar.stories.tsx[2m > [22m[2mFew Active Days
[22m[39m[TranslationModeController] Setting mode to: off
[90mstdout[2m | src/components/Gamification/StreakCalendar.stories.tsx[2m > [22m[2mMost Days Active
[22m[39m[TranslationModeController] Setting mode to: off
[90mstdout[2m | src/components/Gamification/StreakCalendar.stories.tsx[2m > [22m[2mEvery Day
[22m[39m[TranslationModeController] Setting mode to: off
[90mstdout[2m | src/components/Gamification/StreakCalendar.stories.tsx[2m > [22m[2mSpecific Month
[22m[39m[TranslationModeController] Setting mode to: off
 [32m✓[39m [30m[45m storybook (chromium) [49m[39m src/components/Gamification/StreakCalendar.stories.tsx [2m([22m[2m5 tests[22m[2m)[22m[33m 987[2mms[22m[39m
[90mstdout[2m | unknown test
[22m[39m[MOCK vectorStoreDB.js] Module loaded - mock IndexedDB operations
[90mstdout[2m | unknown test
[22m[39m[Task Completion] DOM action listeners initialized
[90mstdout[2m | unknown test
[22m[39m[Task Completion] Auto-completion detector initialized
[90mstdout[2m | unknown test
[22m[39m[Preview] Task completion detector initialized
[90mstdout[2m | src/components/Gamification/SquadLeaderboard.stories.tsx[2m > [22m[2mFull
[22m[39m[TranslationModeController] Setting mode to: off
[90mstdout[2m | src/components/Gamification/SquadLeaderboard.stories.tsx[2m > [22m[2mNo Highlight
[22m[39m[TranslationModeController] Setting mode to: off
[90mstdout[2m | src/components/Gamification/SquadLeaderboard.stories.tsx[2m > [22m[2mEmpty
[22m[39m[TranslationModeController] Setting mode to: off
 [32m✓[39m [30m[45m storybook (chromium) [49m[39m src/components/Gamification/SquadLeaderboard.stories.tsx [2m([22m[2m3 tests[22m[2m)[22m[33m 479[2mms[22m[39m
[90mstdout[2m | unknown test
[22m[39m[MOCK vectorStoreDB.js] Module loaded - mock IndexedDB operations
[90mstdout[2m | unknown test
[22m[39m[Task Completion] DOM action listeners initialized
[90mstdout[2m | unknown test
[22m[39m[Task Completion] Auto-completion detector initialized
[90mstdout[2m | unknown test
[22m[39m[Preview] Task completion detector initialized
[90mstdout[2m | src/components/Gamification/SquadPostEditor.stories.tsx[2m > [22m[2mDefault
[22m[39m[TranslationModeController] Setting mode to: off
[90mstdout[2m | src/components/Gamification/SquadPostEditor.stories.tsx[2m > [22m[2mWith Initial Content
[22m[39m[TranslationModeController] Setting mode to: off
[90mstdout[2m | src/components/Gamification/SquadPostEditor.stories.tsx[2m > [22m[2mDisabled
[22m[39m[TranslationModeController] Setting mode to: off
 [32m✓[39m [30m[45m storybook (chromium) [49m[39m src/components/Gamification/SquadPostEditor.stories.tsx [2m([22m[2m3 tests[22m[2m)[22m[33m 1478[2mms[22m[39m
   [33m[2m✓[22m[39m Default [33m 634[2mms[22m[39m
   [33m[2m✓[22m[39m With Initial Content [33m 694[2mms[22m[39m
[90mstdout[2m | unknown test
[22m[39m[MOCK vectorStoreDB.js] Module loaded - mock IndexedDB operations
[90mstdout[2m | unknown test
[22m[39m[Task Completion] DOM action listeners initialized
[90mstdout[2m | unknown test
[22m[39m[Task Completion] Auto-completion detector initialized
[90mstdout[2m | unknown test
[22m[39m[Preview] Task completion detector initialized
[90mstdout[2m | src/components/Editor3/plugins/SearchHighlightPlugin.stories.jsx[2m > [22m[2mDefault
[22m[39m[Preview] Skipped initializing default mock data (initializeMockData=false)
[90mstdout[2m | src/components/Editor3/plugins/SearchHighlightPlugin.stories.jsx[2m > [22m[2mDefault
[22m[39m[MOCK CourseVectorStore] Initialized with mock data
[90mstdout[2m | src/components/Editor3/plugins/SearchHighlightPlugin.stories.jsx[2m > [22m[2mDefault
[22m[39m[TranslationModeController] Setting mode to: off
[90mstdout[2m | src/components/Editor3/plugins/SearchHighlightPlugin.stories.jsx[2m > [22m[2mDefault
[22m[39m[UnitContext] useEffect triggered {
  "authLoading": false,
  "hasUser": true,
  "id": "mock-unit-id",
  "userSub": "mock-user-sub",
}
[90mstdout[2m | src/components/Editor3/plugins/SearchHighlightPlugin.stories.jsx[2m > [22m[2mDefault
[22m[39m[UnitContext] Fetching unit data for id: mock-unit-id
[90mstdout[2m | src/components/Editor3/plugins/SearchHighlightPlugin.stories.jsx[2m > [22m[2mDefault
[22m[39m[FilesContext] Initializing vector store from IndexedDB
[90mstdout[2m | src/components/Editor3/plugins/SearchHighlightPlugin.stories.jsx[2m > [22m[2mDefault
[22m[39m[FilesContext] fetchFiles called
[90mstdout[2m | src/components/Editor3/plugins/SearchHighlightPlugin.stories.jsx[2m > [22m[2mDefault
[22m[39m[FilesContext] User authenticated: mock-user-sub
[90mstdout[2m | src/components/Editor3/plugins/SearchHighlightPlugin.stories.jsx[2m > [22m[2mDefault
[22m[39m[FilesContext] Identity ID: us-east-1:mock-identity-123
[90mstdout[2m | src/components/Editor3/plugins/SearchHighlightPlugin.stories.jsx[2m > [22m[2mDefault
[22m[39m[FilesContext] About to set up File observeQuery
[90mstdout[2m | src/components/Editor3/plugins/SearchHighlightPlugin.stories.jsx[2m > [22m[2mDefault
[22m[39m[ChatContext] Setting up AssistantChat observeQuery
[90mstdout[2m | src/components/Editor3/plugins/SearchHighlightPlugin.stories.jsx[2m > [22m[2mDefault
[22m[39m[ChatContext] Waiting for subscription to initialize
[90mstdout[2m | src/components/Editor3/plugins/SearchHighlightPlugin.stories.jsx[2m > [22m[2mDefault
[22m[39m[SettingsContext] Setting up Settings subscription for user: mock-user-sub
[90mstdout[2m | src/components/Editor3/plugins/SearchHighlightPlugin.stories.jsx[2m > [22m[2mDefault
[22m[39m[Mock Data] Settings created: mock-settings-1790418120122 - notified 0 subscribers
[90mstdout[2m | src/components/Editor3/plugins/SearchHighlightPlugin.stories.jsx[2m > [22m[2mDefault
[22m[39m[Mock Data] Unit.onUpdate() subscription added. Total: 1
[90mstdout[2m | src/components/Editor3/plugins/SearchHighlightPlugin.stories.jsx[2m > [22m[2mDefault
[22m[39m[SectionContext] Section observeQuery update: 0
[90mstdout[2m | src/components/Editor3/plugins/SearchHighlightPlugin.stories.jsx[2m > [22m[2mDefault
[22m[39m[FilesContext] File observeQuery update: 0 files
[90mstdout[2m | src/components/Editor3/plugins/SearchHighlightPlugin.stories.jsx[2m > [22m[2mDefault
[22m[39m[ChatContext] AssistantChat initialized with 0 chats
[90mstdout[2m | src/components/Editor3/plugins/SearchHighlightPlugin.stories.jsx[2m > [22m[2mDefault
[22m[39m[MOCK CourseVectorStore] Initialized with mock data
[90mstdout[2m | src/components/Editor3/plugins/SearchHighlightPlugin.stories.jsx[2m > [22m[2mDefault
[22m[39m[ChatContext] No current chat available, will create one
[90mstdout[2m | src/components/Editor3/plugins/SearchHighlightPlugin.stories.jsx[2m > [22m[2mDefault
[22m[39m[ChatContext] Creating AssistantChat with user: undefined
[90mstdout[2m | src/components/Editor3/plugins/SearchHighlightPlugin.stories.jsx[2m > [22m[2mDefault
[22m[39m[Mock Data] AssistantChat created: mock-assistantchat-1790418120142 - notified 1 subscribers
[90mstdout[2m | src/components/Editor3/plugins/SearchHighlightPlugin.stories.jsx[2m > [22m[2mDefault
[22m[39m[ChatContext] Create result: {
  "data": {
    "_version": 1,
    "archived": false,
    "chatFiles": [Function anonymous],
    "createdAt": "2026-09-26T10:22:00.142Z",
    "id": "mock-assistantchat-1790418120142",
    "model": "gpt-4",
    "updatedAt": "2026-09-26T10:22:00.142Z",
  },
  "errors": [],
  "hasData": true,
  "hasErrors": true,
}
[90mstdout[2m | src/components/Editor3/plugins/SearchHighlightPlugin.stories.jsx[2m > [22m[2mDefault
[22m[39m[ChatContext] Created AssistantChat: mock-assistantchat-1790418120142 at: 2026-09-26T10:22:00.142Z
[90mstdout[2m | src/components/Editor3/plugins/SearchHighlightPlugin.stories.jsx[2m > [22m[2mDefault
[22m[39m[Mock Storage] downloadData called with: undefined
[90mstdout[2m | src/components/Editor3/plugins/SearchHighlightPlugin.stories.jsx[2m > [22m[2mDefault
[22m[39m[ChatContext] Setting initial chat: mock-assistantchat-1790418120142
[90mstdout[2m | src/components/Editor3/plugins/SearchHighlightPlugin.stories.jsx[2m > [22m[2mDefault
[22m[39m[ChatContext] Chat exists and not archived, skipping creation
[90mstdout[2m | src/components/Editor3/plugins/SearchHighlightPlugin.stories.jsx[2m > [22m[2mWith Multiple Matches
[22m[39m[ChatContext] Cleaning up subscriptions
[90mstdout[2m | src/components/Editor3/plugins/SearchHighlightPlugin.stories.jsx[2m > [22m[2mWith Multiple Matches
[22m[39m[Mock Data] Unit.onUpdate() subscription removed. Remaining: 0
[90mstdout[2m | src/components/Editor3/plugins/SearchHighlightPlugin.stories.jsx[2m > [22m[2mWith Multiple Matches
[22m[39m[Preview] Skipped initializing default mock data (initializeMockData=false)
[90mstdout[2m | src/components/Editor3/plugins/SearchHighlightPlugin.stories.jsx[2m > [22m[2mWith Multiple Matches
[22m[39m[MOCK CourseVectorStore] Initialized with mock data
[90mstdout[2m | src/components/Editor3/plugins/SearchHighlightPlugin.stories.jsx[2m > [22m[2mWith Multiple Matches
[22m[39m[TranslationModeController] Setting mode to: off
[90mstdout[2m | src/components/Editor3/plugins/SearchHighlightPlugin.stories.jsx[2m > [22m[2mWith Multiple Matches
[22m[39m[UnitContext] useEffect triggered {
  "authLoading": false,
  "hasUser": true,
  "id": "mock-unit-id",
  "userSub": "mock-user-sub",
}
[90mstdout[2m | src/components/Editor3/plugins/SearchHighlightPlugin.stories.jsx[2m > [22m[2mWith Multiple Matches
[22m[39m[UnitContext] Fetching unit data for id: mock-unit-id
[90mstdout[2m | src/components/Editor3/plugins/SearchHighlightPlugin.stories.jsx[2m > [22m[2mWith Multiple Matches
[22m[39m[FilesContext] Initializing vector store from IndexedDB
[90mstdout[2m | src/components/Editor3/plugins/SearchHighlightPlugin.stories.jsx[2m > [22m[2mWith Multiple Matches
[22m[39m[FilesContext] fetchFiles called
[90mstdout[2m | src/components/Editor3/plugins/SearchHighlightPlugin.stories.jsx[2m > [22m[2mWith Multiple Matches
[22m[39m[FilesContext] User authenticated: mock-user-sub
[90mstdout[2m | src/components/Editor3/plugins/SearchHighlightPlugin.stories.jsx[2m > [22m[2mWith Multiple Matches
[22m[39m[FilesContext] Identity ID: us-east-1:mock-identity-123
[90mstdout[2m | src/components/Editor3/plugins/SearchHighlightPlugin.stories.jsx[2m > [22m[2mWith Multiple Matches
[22m[39m[FilesContext] About to set up File observeQuery
[90mstdout[2m | src/components/Editor3/plugins/SearchHighlightPlugin.stories.jsx[2m > [22m[2mWith Multiple Matches
[22m[39m[ChatContext] Setting up AssistantChat observeQuery
[90mstdout[2m | src/components/Editor3/plugins/SearchHighlightPlugin.stories.jsx[2m > [22m[2mWith Multiple Matches
[22m[39m[ChatContext] Waiting for subscription to initialize
[90mstdout[2m | src/components/Editor3/plugins/SearchHighlightPlugin.stories.jsx[2m > [22m[2mWith Multiple Matches
[22m[39m[SettingsContext] Setting up Settings subscription for user: mock-user-sub
[90mstdout[2m | src/components/Editor3/plugins/SearchHighlightPlugin.stories.jsx[2m > [22m[2mWith Multiple Matches
[22m[39m[Mock Data] Settings created: mock-settings-1790418120403 - notified 0 subscribers
[90mstdout[2m | src/components/Editor3/plugins/SearchHighlightPlugin.stories.jsx[2m > [22m[2mWith Multiple Matches
[22m[39m[Mock Data] Unit.onUpdate() subscription added. Total: 1
[90mstdout[2m | src/components/Editor3/plugins/SearchHighlightPlugin.stories.jsx[2m > [22m[2mWith Multiple Matches
[22m[39m[SectionContext] Section observeQuery update: 0
[90mstdout[2m | src/components/Editor3/plugins/SearchHighlightPlugin.stories.jsx[2m > [22m[2mWith Multiple Matches
[22m[39m[FilesContext] File observeQuery update: 0 files
[90mstdout[2m | src/components/Editor3/plugins/SearchHighlightPlugin.stories.jsx[2m > [22m[2mWith Multiple Matches
[22m[39m[ChatContext] AssistantChat initialized with 0 chats
[90mstdout[2m | src/components/Editor3/plugins/SearchHighlightPlugin.stories.jsx[2m > [22m[2mWith Multiple Matches
[22m[39m[Mock Storage] downloadData called with: undefined
[90mstdout[2m | src/components/Editor3/plugins/SearchHighlightPlugin.stories.jsx[2m > [22m[2mWith Multiple Matches
[22m[39m[MOCK CourseVectorStore] Initialized with mock data
[90mstdout[2m | src/components/Editor3/plugins/SearchHighlightPlugin.stories.jsx[2m > [22m[2mWith Multiple Matches
[22m[39m[ChatContext] No current chat available, will create one
[90mstdout[2m | src/components/Editor3/plugins/SearchHighlightPlugin.stories.jsx[2m > [22m[2mWith Multiple Matches
[22m[39m[ChatContext] Creating AssistantChat with user: undefined
[90mstdout[2m | src/components/Editor3/plugins/SearchHighlightPlugin.stories.jsx[2m > [22m[2mWith Multiple Matches
[22m[39m[Mock Data] AssistantChat created: mock-assistantchat-1790418120414 - notified 1 subscribers
[90mstdout[2m | src/components/Editor3/plugins/SearchHighlightPlugin.stories.jsx[2m > [22m[2mWith Multiple Matches
[22m[39m[ChatContext] Create result: {
  "data": {
    "_version": 1,
    "archived": false,
    "chatFiles": [Function anonymous],
    "createdAt": "2026-09-26T10:22:00.414Z",
    "id": "mock-assistantchat-1790418120414",
    "model": "gpt-4",
    "updatedAt": "2026-09-26T10:22:00.414Z",
  },
  "errors": [],
  "hasData": true,
  "hasErrors": true,
}
[90mstdout[2m | src/components/Editor3/plugins/SearchHighlightPlugin.stories.jsx[2m > [22m[2mWith Multiple Matches
[22m[39m[ChatContext] Created AssistantChat: mock-assistantchat-1790418120414 at: 2026-09-26T10:22:00.414Z
[90mstdout[2m | src/components/Editor3/plugins/SearchHighlightPlugin.stories.jsx[2m > [22m[2mWith Multiple Matches
[22m[39m[ChatContext] Setting initial chat: mock-assistantchat-1790418120414
[90mstdout[2m | src/components/Editor3/plugins/SearchHighlightPlugin.stories.jsx[2m > [22m[2mWith Multiple Matches
[22m[39m[ChatContext] Chat exists and not archived, skipping creation
[90mstdout[2m | src/components/Editor3/plugins/SearchHighlightPlugin.stories.jsx[2m > [22m[2mCase Insensitive
[22m[39m[ChatContext] Cleaning up subscriptions
[90mstdout[2m | src/components/Editor3/plugins/SearchHighlightPlugin.stories.jsx[2m > [22m[2mCase Insensitive
[22m[39m[Mock Data] Unit.onUpdate() subscription removed. Remaining: 0
[90mstdout[2m | src/components/Editor3/plugins/SearchHighlightPlugin.stories.jsx[2m > [22m[2mCase Insensitive
[22m[39m[Preview] Skipped initializing default mock data (initializeMockData=false)
[90mstdout[2m | src/components/Editor3/plugins/SearchHighlightPlugin.stories.jsx[2m > [22m[2mCase Insensitive
[22m[39m[MOCK CourseVectorStore] Initialized with mock data
[90mstdout[2m | src/components/Editor3/plugins/SearchHighlightPlugin.stories.jsx[2m > [22m[2mCase Insensitive
[22m[39m[TranslationModeController] Setting mode to: off
[90mstdout[2m | src/components/Editor3/plugins/SearchHighlightPlugin.stories.jsx[2m > [22m[2mCase Insensitive
[22m[39m[UnitContext] useEffect triggered {
  "authLoading": false,
  "hasUser": true,
  "id": "mock-unit-id",
  "userSub": "mock-user-sub",
}
[90mstdout[2m | src/components/Editor3/plugins/SearchHighlightPlugin.stories.jsx[2m > [22m[2mCase Insensitive
[22m[39m[UnitContext] Fetching unit data for id: mock-unit-id
[90mstdout[2m | src/components/Editor3/plugins/SearchHighlightPlugin.stories.jsx[2m > [22m[2mCase Insensitive
[22m[39m[FilesContext] Initializing vector store from IndexedDB
[90mstdout[2m | src/components/Editor3/plugins/SearchHighlightPlugin.stories.jsx[2m > [22m[2mCase Insensitive
[22m[39m[FilesContext] fetchFiles called
[90mstdout[2m | src/components/Editor3/plugins/SearchHighlightPlugin.stories.jsx[2m > [22m[2mCase Insensitive
[22m[39m[FilesContext] User authenticated: mock-user-sub
[90mstdout[2m | src/components/Editor3/plugins/SearchHighlightPlugin.stories.jsx[2m > [22m[2mCase Insensitive
[22m[39m[FilesContext] Identity ID: us-east-1:mock-identity-123
[90mstdout[2m | src/components/Editor3/plugins/SearchHighlightPlugin.stories.jsx[2m > [22m[2mCase Insensitive
[22m[39m[FilesContext] About to set up File observeQuery
[90mstdout[2m | src/components/Editor3/plugins/SearchHighlightPlugin.stories.jsx[2m > [22m[2mCase Insensitive
[22m[39m[ChatContext] Setting up AssistantChat observeQuery
[90mstdout[2m | src/components/Editor3/plugins/SearchHighlightPlugin.stories.jsx[2m > [22m[2mCase Insensitive
[22m[39m[ChatContext] Waiting for subscription to initialize
[90mstdout[2m | src/components/Editor3/plugins/SearchHighlightPlugin.stories.jsx[2m > [22m[2mCase Insensitive
[22m[39m[SettingsContext] Setting up Settings subscription for user: mock-user-sub
[90mstdout[2m | src/components/Editor3/plugins/SearchHighlightPlugin.stories.jsx[2m > [22m[2mCase Insensitive
[22m[39m[Mock Data] Settings created: mock-settings-1790418120543 - notified 0 subscribers
[90mstdout[2m | src/components/Editor3/plugins/SearchHighlightPlugin.stories.jsx[2m > [22m[2mCase Insensitive
[22m[39m[Mock Data] Unit.onUpdate() subscription added. Total: 1
[90mstdout[2m | src/components/Editor3/plugins/SearchHighlightPlugin.stories.jsx[2m > [22m[2mCase Insensitive
[22m[39m[SectionContext] Section observeQuery update: 0
[90mstdout[2m | src/components/Editor3/plugins/SearchHighlightPlugin.stories.jsx[2m > [22m[2mCase Insensitive
[22m[39m[FilesContext] File observeQuery update: 0 files
[90mstdout[2m | src/components/Editor3/plugins/SearchHighlightPlugin.stories.jsx[2m > [22m[2mCase Insensitive
[22m[39m[ChatContext] AssistantChat initialized with 0 chats
[90mstdout[2m | src/components/Editor3/plugins/SearchHighlightPlugin.stories.jsx[2m > [22m[2mCase Insensitive
[22m[39m[Mock Storage] downloadData called with: undefined
[90mstdout[2m | src/components/Editor3/plugins/SearchHighlightPlugin.stories.jsx[2m > [22m[2mCase Insensitive
[22m[39m[MOCK CourseVectorStore] Initialized with mock data
[90mstdout[2m | src/components/Editor3/plugins/SearchHighlightPlugin.stories.jsx[2m > [22m[2mCase Insensitive
[22m[39m[ChatContext] No current chat available, will create one
[90mstdout[2m | src/components/Editor3/plugins/SearchHighlightPlugin.stories.jsx[2m > [22m[2mCase Insensitive
[22m[39m[ChatContext] Creating AssistantChat with user: undefined
[90mstdout[2m | src/components/Editor3/plugins/SearchHighlightPlugin.stories.jsx[2m > [22m[2mCase Insensitive
[22m[39m[Mock Data] AssistantChat created: mock-assistantchat-1790418120555 - notified 1 subscribers
[90mstdout[2m | src/components/Editor3/plugins/SearchHighlightPlugin.stories.jsx[2m > [22m[2mCase Insensitive
[22m[39m[ChatContext] Create result: {
  "data": {
    "_version": 1,
    "archived": false,
    "chatFiles": [Function anonymous],
    "createdAt": "2026-09-26T10:22:00.555Z",
    "id": "mock-assistantchat-1790418120555",
    "model": "gpt-4",
    "updatedAt": "2026-09-26T10:22:00.555Z",
  },
  "errors": [],
  "hasData": true,
  "hasErrors": true,
}
[90mstdout[2m | src/components/Editor3/plugins/SearchHighlightPlugin.stories.jsx[2m > [22m[2mCase Insensitive
[22m[39m[ChatContext] Created AssistantChat: mock-assistantchat-1790418120555 at: 2026-09-26T10:22:00.555Z
[90mstdout[2m | src/components/Editor3/plugins/SearchHighlightPlugin.stories.jsx[2m > [22m[2mCase Insensitive
[22m[39m[ChatContext] Setting initial chat: mock-assistantchat-1790418120555
[90mstdout[2m | src/components/Editor3/plugins/SearchHighlightPlugin.stories.jsx[2m > [22m[2mCase Insensitive
[22m[39m[ChatContext] Chat exists and not archived, skipping creation
 [32m✓[39m [30m[45m storybook (chromium) [49m[39m src/components/Editor3/plugins/SearchHighlightPlugin.stories.jsx [2m([22m[2m3 tests[22m[2m)[22m[33m 622[2mms[22m[39m
   [33m[2m✓[22m[39m Default [33m 330[2mms[22m[39m
[90mstdout[2m | unknown test
[22m[39m[MOCK vectorStoreDB.js] Module loaded - mock IndexedDB operations
[90mstdout[2m | unknown test
[22m[39m[Task Completion] DOM action listeners initialized
[90mstdout[2m | unknown test
[22m[39m[Task Completion] Auto-completion detector initialized
[90mstdout[2m | unknown test
[22m[39m[Preview] Task completion detector initialized
[90mstdout[2m | src/components/ModerationBadge.stories.jsx[2m > [22m[2mApproved Content
[22m[39m[MOCK CourseVectorStore] Initialized with mock data
[90mstdout[2m | src/components/ModerationBadge.stories.jsx[2m > [22m[2mApproved Content
[22m[39m[TranslationModeController] Setting mode to: off
[90mstdout[2m | src/components/ModerationBadge.stories.jsx[2m > [22m[2mApproved Content
[22m[39m[UnitContext] useEffect triggered {
  "authLoading": false,
  "hasUser": true,
  "id": "mock-unit-id",
  "userSub": "mock-user-sub",
}
[90mstdout[2m | src/components/ModerationBadge.stories.jsx[2m > [22m[2mApproved Content
[22m[39m[UnitContext] Fetching unit data for id: mock-unit-id
[90mstdout[2m | src/components/ModerationBadge.stories.jsx[2m > [22m[2mApproved Content
[22m[39m[FilesContext] Initializing vector store from IndexedDB
[90mstdout[2m | src/components/ModerationBadge.stories.jsx[2m > [22m[2mApproved Content
[22m[39m[FilesContext] fetchFiles called
[90mstdout[2m | src/components/ModerationBadge.stories.jsx[2m > [22m[2mApproved Content
[22m[39m[FilesContext] User authenticated: mock-user-sub
[90mstdout[2m | src/components/ModerationBadge.stories.jsx[2m > [22m[2mApproved Content
[22m[39m[FilesContext] Identity ID: us-east-1:mock-identity-123
[90mstdout[2m | src/components/ModerationBadge.stories.jsx[2m > [22m[2mApproved Content
[22m[39m[FilesContext] About to set up File observeQuery
[90mstdout[2m | src/components/ModerationBadge.stories.jsx[2m > [22m[2mApproved Content
[22m[39m[ChatContext] Setting up AssistantChat observeQuery
[90mstdout[2m | src/components/ModerationBadge.stories.jsx[2m > [22m[2mApproved Content
[22m[39m[ChatContext] Waiting for subscription to initialize
[90mstdout[2m | src/components/ModerationBadge.stories.jsx[2m > [22m[2mApproved Content
[22m[39m[SettingsContext] Setting up Settings subscription for user: mock-user-sub
[90mstdout[2m | src/components/ModerationBadge.stories.jsx[2m > [22m[2mApproved Content
[22m[39m[Mock Data] Settings created: mock-settings-1790418121409 - notified 0 subscribers
[90mstdout[2m | src/components/ModerationBadge.stories.jsx[2m > [22m[2mApproved Content
[22m[39m[Mock Data] Unit.onUpdate() subscription added. Total: 1
[90mstdout[2m | src/components/ModerationBadge.stories.jsx[2m > [22m[2mApproved Content
[22m[39m[SectionContext] Section observeQuery update: 0
[90mstdout[2m | src/components/ModerationBadge.stories.jsx[2m > [22m[2mApproved Content
[22m[39m[FilesContext] File observeQuery update: 6 files
[90mstdout[2m | src/components/ModerationBadge.stories.jsx[2m > [22m[2mApproved Content
[22m[39m[MOCK CourseVectorStore] Initialized with mock data
[90mstdout[2m | src/components/ModerationBadge.stories.jsx[2m > [22m[2mApproved Content
[22m[39m[FilesContext] Vector store population triggered {
  "currentVectorStoreSize": 3,
  "documentsCount": 0,
  "filesCount": 6,
  "isInitialLoad": true,
}
[90mstdout[2m | src/components/ModerationBadge.stories.jsx[2m > [22m[2mApproved Content
[22m[39m[FilesContext] Vector store population complete - 3 total embeddings
[90mstdout[2m | src/components/ModerationBadge.stories.jsx[2m > [22m[2mApproved Content
[22m[39m[ChatContext] AssistantChat initialized with 1 chats
[90mstdout[2m | src/components/ModerationBadge.stories.jsx[2m > [22m[2mApproved Content
[22m[39m[ChatContext] Setting initial chat: mock-assistant-chat-1
[90mstdout[2m | src/components/ModerationBadge.stories.jsx[2m > [22m[2mApproved Content
[22m[39m[Mock Storage] downloadData called with: undefined
[90mstdout[2m | src/components/ModerationBadge.stories.jsx[2m > [22m[2mApproved Content
[22m[39m[ChatContext] Chat exists and not archived, skipping creation
[90mstdout[2m | src/components/ModerationBadge.stories.jsx[2m > [22m[2mApproved With Details
[22m[39m[ChatContext] Cleaning up subscriptions
[90mstdout[2m | src/components/ModerationBadge.stories.jsx[2m > [22m[2mApproved With Details
[22m[39m[Mock Data] Unit.onUpdate() subscription removed. Remaining: 0
[90mstdout[2m | src/components/ModerationBadge.stories.jsx[2m > [22m[2mApproved With Details
[22m[39m[MOCK CourseVectorStore] Initialized with mock data
[90mstdout[2m | src/components/ModerationBadge.stories.jsx[2m > [22m[2mApproved With Details
[22m[39m[TranslationModeController] Setting mode to: off
[90mstdout[2m | src/components/ModerationBadge.stories.jsx[2m > [22m[2mApproved With Details
[22m[39m[UnitContext] useEffect triggered {
  "authLoading": false,
  "hasUser": true,
  "id": "mock-unit-id",
  "userSub": "mock-user-sub",
}
[90mstdout[2m | src/components/ModerationBadge.stories.jsx[2m > [22m[2mApproved With Details
[22m[39m[UnitContext] Fetching unit data for id: mock-unit-id
[90mstdout[2m | src/components/ModerationBadge.stories.jsx[2m > [22m[2mApproved With Details
[22m[39m[FilesContext] Initializing vector store from IndexedDB
[90mstdout[2m | src/components/ModerationBadge.stories.jsx[2m > [22m[2mApproved With Details
[22m[39m[FilesContext] fetchFiles called
[90mstdout[2m | src/components/ModerationBadge.stories.jsx[2m > [22m[2mApproved With Details
[22m[39m[FilesContext] User authenticated: mock-user-sub
[90mstdout[2m | src/components/ModerationBadge.stories.jsx[2m > [22m[2mApproved With Details
[22m[39m[FilesContext] Identity ID: us-east-1:mock-identity-123
[90mstdout[2m | src/components/ModerationBadge.stories.jsx[2m > [22m[2mApproved With Details
[22m[39m[FilesContext] About to set up File observeQuery
[90mstdout[2m | src/components/ModerationBadge.stories.jsx[2m > [22m[2mApproved With Details
[22m[39m[ChatContext] Setting up AssistantChat observeQuery
[90mstdout[2m | src/components/ModerationBadge.stories.jsx[2m > [22m[2mApproved With Details
[22m[39m[ChatContext] Waiting for subscription to initialize
[90mstdout[2m | src/components/ModerationBadge.stories.jsx[2m > [22m[2mApproved With Details
[22m[39m[SettingsContext] Setting up Settings subscription for user: mock-user-sub
[90mstdout[2m | src/components/ModerationBadge.stories.jsx[2m > [22m[2mApproved With Details
[22m[39m[Mock Data] Settings created: mock-settings-1790418121532 - notified 0 subscribers
[90mstdout[2m | src/components/ModerationBadge.stories.jsx[2m > [22m[2mApproved With Details
[22m[39m[Mock Data] Unit.onUpdate() subscription added. Total: 1
[90mstdout[2m | src/components/ModerationBadge.stories.jsx[2m > [22m[2mApproved With Details
[22m[39m[SectionContext] Section observeQuery update: 0
[90mstdout[2m | src/components/ModerationBadge.stories.jsx[2m > [22m[2mApproved With Details
[22m[39m[FilesContext] File observeQuery update: 6 files
[90mstdout[2m | src/components/ModerationBadge.stories.jsx[2m > [22m[2mApproved With Details
[22m[39m[ChatContext] AssistantChat initialized with 1 chats
[90mstdout[2m | src/components/ModerationBadge.stories.jsx[2m > [22m[2mApproved With Details
[22m[39m[ChatContext] Setting initial chat: mock-assistant-chat-1
[90mstdout[2m | src/components/ModerationBadge.stories.jsx[2m > [22m[2mApproved With Details
[22m[39m[MOCK CourseVectorStore] Initialized with mock data
[90mstdout[2m | src/components/ModerationBadge.stories.jsx[2m > [22m[2mApproved With Details
[22m[39m[FilesContext] Vector store population triggered {
  "currentVectorStoreSize": 3,
  "documentsCount": 0,
  "filesCount": 6,
  "isInitialLoad": true,
}
[90mstdout[2m | src/components/ModerationBadge.stories.jsx[2m > [22m[2mApproved With Details
[22m[39m[FilesContext] Vector store population complete - 3 total embeddings
[90mstdout[2m | src/components/ModerationBadge.stories.jsx[2m > [22m[2mApproved With Details
[22m[39m[ChatContext] Chat exists and not archived, skipping creation
[90mstdout[2m | src/components/ModerationBadge.stories.jsx[2m > [22m[2mApproved With Details
[22m[39m[Mock Storage] downloadData called with: undefined
[90mstdout[2m | src/components/ModerationBadge.stories.jsx[2m > [22m[2mFlagged Single Category
[22m[39m[ChatContext] Cleaning up subscriptions
[90mstdout[2m | src/components/ModerationBadge.stories.jsx[2m > [22m[2mFlagged Single Category
[22m[39m[Mock Data] Unit.onUpdate() subscription removed. Remaining: 0
[90mstdout[2m | src/components/ModerationBadge.stories.jsx[2m > [22m[2mFlagged Single Category
[22m[39m[MOCK CourseVectorStore] Initialized with mock data
[90mstdout[2m | src/components/ModerationBadge.stories.jsx[2m > [22m[2mFlagged Single Category
[22m[39m[TranslationModeController] Setting mode to: off
[90mstdout[2m | src/components/ModerationBadge.stories.jsx[2m > [22m[2mFlagged Single Category
[22m[39m[UnitContext] useEffect triggered {
  "authLoading": false,
  "hasUser": true,
  "id": "mock-unit-id",
  "userSub": "mock-user-sub",
}
[90mstdout[2m | src/components/ModerationBadge.stories.jsx[2m > [22m[2mFlagged Single Category
[22m[39m[UnitContext] Fetching unit data for id: mock-unit-id
[90mstdout[2m | src/components/ModerationBadge.stories.jsx[2m > [22m[2mFlagged Single Category
[22m[39m[FilesContext] Initializing vector store from IndexedDB
[90mstdout[2m | src/components/ModerationBadge.stories.jsx[2m > [22m[2mFlagged Single Category
[22m[39m[FilesContext] fetchFiles called
[90mstdout[2m | src/components/ModerationBadge.stories.jsx[2m > [22m[2mFlagged Single Category
[22m[39m[FilesContext] User authenticated: mock-user-sub
[90mstdout[2m | src/components/ModerationBadge.stories.jsx[2m > [22m[2mFlagged Single Category
[22m[39m[FilesContext] Identity ID: us-east-1:mock-identity-123
[90mstdout[2m | src/components/ModerationBadge.stories.jsx[2m > [22m[2mFlagged Single Category
[22m[39m[FilesContext] About to set up File observeQuery
[90mstdout[2m | src/components/ModerationBadge.stories.jsx[2m > [22m[2mFlagged Single Category
[22m[39m[ChatContext] Setting up AssistantChat observeQuery
[90mstdout[2m | src/components/ModerationBadge.stories.jsx[2m > [22m[2mFlagged Single Category
[22m[39m[ChatContext] Waiting for subscription to initialize
[90mstdout[2m | src/components/ModerationBadge.stories.jsx[2m > [22m[2mFlagged Single Category
[22m[39m[SettingsContext] Setting up Settings subscription for user: mock-user-sub
[90mstdout[2m | src/components/ModerationBadge.stories.jsx[2m > [22m[2mFlagged Single Category
[22m[39m[Mock Data] Settings created: mock-settings-1790418121647 - notified 0 subscribers
[90mstdout[2m | src/components/ModerationBadge.stories.jsx[2m > [22m[2mFlagged Single Category
[22m[39m[Mock Data] Unit.onUpdate() subscription added. Total: 1
[90mstdout[2m | src/components/ModerationBadge.stories.jsx[2m > [22m[2mFlagged Single Category
[22m[39m[SectionContext] Section observeQuery update: 0
[90mstdout[2m | src/components/ModerationBadge.stories.jsx[2m > [22m[2mFlagged Single Category
[22m[39m[FilesContext] File observeQuery update: 6 files
[90mstdout[2m | src/components/ModerationBadge.stories.jsx[2m > [22m[2mFlagged Single Category
[22m[39m[ChatContext] AssistantChat initialized with 1 chats
[90mstdout[2m | src/components/ModerationBadge.stories.jsx[2m > [22m[2mFlagged Single Category
[22m[39m[ChatContext] Setting initial chat: mock-assistant-chat-1
[90mstdout[2m | src/components/ModerationBadge.stories.jsx[2m > [22m[2mFlagged Single Category
[22m[39m[MOCK CourseVectorStore] Initialized with mock data
[90mstdout[2m | src/components/ModerationBadge.stories.jsx[2m > [22m[2mFlagged Single Category
[22m[39m[FilesContext] Vector store population triggered {
  "currentVectorStoreSize": 3,
  "documentsCount": 0,
  "filesCount": 6,
  "isInitialLoad": true,
}
[90mstdout[2m | src/components/ModerationBadge.stories.jsx[2m > [22m[2mFlagged Single Category
[22m[39m[FilesContext] Vector store population complete - 3 total embeddings
[90mstdout[2m | src/components/ModerationBadge.stories.jsx[2m > [22m[2mFlagged Single Category
[22m[39m[ChatContext] Chat exists and not archived, skipping creation
[90mstdout[2m | src/components/ModerationBadge.stories.jsx[2m > [22m[2mFlagged Single Category
[22m[39m[Mock Storage] downloadData called with: undefined
[90mstdout[2m | src/components/ModerationBadge.stories.jsx[2m > [22m[2mFlagged With Details
[22m[39m[ChatContext] Cleaning up subscriptions
[90mstdout[2m | src/components/ModerationBadge.stories.jsx[2m > [22m[2mFlagged With Details
[22m[39m[Mock Data] Unit.onUpdate() subscription removed. Remaining: 0
[90mstdout[2m | src/components/ModerationBadge.stories.jsx[2m > [22m[2mFlagged With Details
[22m[39m[MOCK CourseVectorStore] Initialized with mock data
[90mstdout[2m | src/components/ModerationBadge.stories.jsx[2m > [22m[2mFlagged With Details
[22m[39m[TranslationModeController] Setting mode to: off
[90mstdout[2m | src/components/ModerationBadge.stories.jsx[2m > [22m[2mFlagged With Details
[22m[39m[UnitContext] useEffect triggered {
  "authLoading": false,
  "hasUser": true,
  "id": "mock-unit-id",
  "userSub": "mock-user-sub",
}
[90mstdout[2m | src/components/ModerationBadge.stories.jsx[2m > [22m[2mFlagged With Details
[22m[39m[UnitContext] Fetching unit data for id: mock-unit-id
[90mstdout[2m | src/components/ModerationBadge.stories.jsx[2m > [22m[2mFlagged With Details
[22m[39m[FilesContext] Initializing vector store from IndexedDB
[90mstdout[2m | src/components/ModerationBadge.stories.jsx[2m > [22m[2mFlagged With Details
[22m[39m[FilesContext] fetchFiles called
[90mstdout[2m | src/components/ModerationBadge.stories.jsx[2m > [22m[2mFlagged With Details
[22m[39m[FilesContext] User authenticated: mock-user-sub
[90mstdout[2m | src/components/ModerationBadge.stories.jsx[2m > [22m[2mFlagged With Details
[22m[39m[FilesContext] Identity ID: us-east-1:mock-identity-123
[90mstdout[2m | src/components/ModerationBadge.stories.jsx[2m > [22m[2mFlagged With Details
[22m[39m[FilesContext] About to set up File observeQuery
[90mstdout[2m | src/components/ModerationBadge.stories.jsx[2m > [22m[2mFlagged With Details
[22m[39m[ChatContext] Setting up AssistantChat observeQuery
[90mstdout[2m | src/components/ModerationBadge.stories.jsx[2m > [22m[2mFlagged With Details
[22m[39m[ChatContext] Waiting for subscription to initialize
[90mstdout[2m | src/components/ModerationBadge.stories.jsx[2m > [22m[2mFlagged With Details
[22m[39m[SettingsContext] Setting up Settings subscription for user: mock-user-sub
[90mstdout[2m | src/components/ModerationBadge.stories.jsx[2m > [22m[2mFlagged With Details
[22m[39m[Mock Data] Settings created: mock-settings-1790418121747 - notified 0 subscribers
[90mstdout[2m | src/components/ModerationBadge.stories.jsx[2m > [22m[2mFlagged With Details
[22m[39m[Mock Data] Unit.onUpdate() subscription added. Total: 1
[90mstdout[2m | src/components/ModerationBadge.stories.jsx[2m > [22m[2mFlagged With Details
[22m[39m[SectionContext] Section observeQuery update: 0
[90mstdout[2m | src/components/ModerationBadge.stories.jsx[2m > [22m[2mFlagged With Details
[22m[39m[FilesContext] File observeQuery update: 6 files
[90mstdout[2m | src/components/ModerationBadge.stories.jsx[2m > [22m[2mFlagged With Details
[22m[39m[ChatContext] AssistantChat initialized with 1 chats
[90mstdout[2m | src/components/ModerationBadge.stories.jsx[2m > [22m[2mFlagged With Details
[22m[39m[ChatContext] Setting initial chat: mock-assistant-chat-1
[90mstdout[2m | src/components/ModerationBadge.stories.jsx[2m > [22m[2mFlagged With Details
[22m[39m[Mock Storage] downloadData called with: undefined
[90mstdout[2m | src/components/ModerationBadge.stories.jsx[2m > [22m[2mFlagged With Details
[22m[39m[MOCK CourseVectorStore] Initialized with mock data
[90mstdout[2m | src/components/ModerationBadge.stories.jsx[2m > [22m[2mFlagged With Details
[22m[39m[FilesContext] Vector store population triggered {
  "currentVectorStoreSize": 3,
  "documentsCount": 0,
  "filesCount": 6,
  "isInitialLoad": true,
}
[90mstdout[2m | src/components/ModerationBadge.stories.jsx[2m > [22m[2mFlagged With Details
[22m[39m[FilesContext] Vector store population complete - 3 total embeddings
[90mstdout[2m | src/components/ModerationBadge.stories.jsx[2m > [22m[2mFlagged With Details
[22m[39m[ChatContext] Chat exists and not archived, skipping creation
[90mstdout[2m | src/components/ModerationBadge.stories.jsx[2m > [22m[2mFlagged Multiple Categories
[22m[39m[ChatContext] Cleaning up subscriptions
[90mstdout[2m | src/components/ModerationBadge.stories.jsx[2m > [22m[2mFlagged Multiple Categories
[22m[39m[Mock Data] Unit.onUpdate() subscription removed. Remaining: 0
[90mstdout[2m | src/components/ModerationBadge.stories.jsx[2m > [22m[2mFlagged Multiple Categories
[22m[39m[MOCK CourseVectorStore] Initialized with mock data
[90mstdout[2m | src/components/ModerationBadge.stories.jsx[2m > [22m[2mFlagged Multiple Categories
[22m[39m[TranslationModeController] Setting mode to: off
[90mstdout[2m | src/components/ModerationBadge.stories.jsx[2m > [22m[2mFlagged Multiple Categories
[22m[39m[UnitContext] useEffect triggered {
  "authLoading": false,
  "hasUser": true,
  "id": "mock-unit-id",
  "userSub": "mock-user-sub",
}
[90mstdout[2m | src/components/ModerationBadge.stories.jsx[2m > [22m[2mFlagged Multiple Categories
[22m[39m[UnitContext] Fetching unit data for id: mock-unit-id
[90mstdout[2m | src/components/ModerationBadge.stories.jsx[2m > [22m[2mFlagged Multiple Categories
[22m[39m[FilesContext] Initializing vector store from IndexedDB
[90mstdout[2m | src/components/ModerationBadge.stories.jsx[2m > [22m[2mFlagged Multiple Categories
[22m[39m[FilesContext] fetchFiles called
[90mstdout[2m | src/components/ModerationBadge.stories.jsx[2m > [22m[2mFlagged Multiple Categories
[22m[39m[FilesContext] User authenticated: mock-user-sub
[90mstdout[2m | src/components/ModerationBadge.stories.jsx[2m > [22m[2mFlagged Multiple Categories
[22m[39m[FilesContext] Identity ID: us-east-1:mock-identity-123
[90mstdout[2m | src/components/ModerationBadge.stories.jsx[2m > [22m[2mFlagged Multiple Categories
[22m[39m[FilesContext] About to set up File observeQuery
[90mstdout[2m | src/components/ModerationBadge.stories.jsx[2m > [22m[2mFlagged Multiple Categories
[22m[39m[ChatContext] Setting up AssistantChat observeQuery
[90mstdout[2m | src/components/ModerationBadge.stories.jsx[2m > [22m[2mFlagged Multiple Categories
[22m[39m[ChatContext] Waiting for subscription to initialize
[90mstdout[2m | src/components/ModerationBadge.stories.jsx[2m > [22m[2mFlagged Multiple Categories
[22m[39m[SettingsContext] Setting up Settings subscription for user: mock-user-sub
[90mstdout[2m | src/components/ModerationBadge.stories.jsx[2m > [22m[2mFlagged Multiple Categories
[22m[39m[Mock Data] Settings created: mock-settings-1790418121848 - notified 0 subscribers
[90mstdout[2m | src/components/ModerationBadge.stories.jsx[2m > [22m[2mFlagged Multiple Categories
[22m[39m[Mock Data] Unit.onUpdate() subscription added. Total: 1
[90mstdout[2m | src/components/ModerationBadge.stories.jsx[2m > [22m[2mFlagged Multiple Categories
[22m[39m[SectionContext] Section observeQuery update: 0
[90mstdout[2m | src/components/ModerationBadge.stories.jsx[2m > [22m[2mFlagged Multiple Categories
[22m[39m[FilesContext] File observeQuery update: 6 files
[90mstdout[2m | src/components/ModerationBadge.stories.jsx[2m > [22m[2mFlagged Multiple Categories
[22m[39m[ChatContext] AssistantChat initialized with 1 chats
[90mstdout[2m | src/components/ModerationBadge.stories.jsx[2m > [22m[2mFlagged Multiple Categories
[22m[39m[ChatContext] Setting initial chat: mock-assistant-chat-1
[90mstdout[2m | src/components/ModerationBadge.stories.jsx[2m > [22m[2mFlagged Multiple Categories
[22m[39m[MOCK CourseVectorStore] Initialized with mock data
[90mstdout[2m | src/components/ModerationBadge.stories.jsx[2m > [22m[2mFlagged Multiple Categories
[22m[39m[FilesContext] Vector store population triggered {
  "currentVectorStoreSize": 3,
  "documentsCount": 0,
  "filesCount": 6,
  "isInitialLoad": true,
}
[90mstdout[2m | src/components/ModerationBadge.stories.jsx[2m > [22m[2mFlagged Multiple Categories
[22m[39m[FilesContext] Vector store population complete - 3 total embeddings
[90mstdout[2m | src/components/ModerationBadge.stories.jsx[2m > [22m[2mFlagged Multiple Categories
[22m[39m[ChatContext] Chat exists and not archived, skipping creation
[90mstdout[2m | src/components/ModerationBadge.stories.jsx[2m > [22m[2mFlagged Multiple Categories
[22m[39m[Mock Storage] downloadData called with: undefined
[90mstdout[2m | src/components/ModerationBadge.stories.jsx[2m > [22m[2mUnchecked Content
[22m[39m[ChatContext] Cleaning up subscriptions
[90mstdout[2m | src/components/ModerationBadge.stories.jsx[2m > [22m[2mUnchecked Content
[22m[39m[Mock Data] Unit.onUpdate() subscription removed. Remaining: 0
[90mstdout[2m | src/components/ModerationBadge.stories.jsx[2m > [22m[2mUnchecked Content
[22m[39m[MOCK CourseVectorStore] Initialized with mock data
[90mstdout[2m | src/components/ModerationBadge.stories.jsx[2m > [22m[2mUnchecked Content
[22m[39m[TranslationModeController] Setting mode to: off
[90mstdout[2m | src/components/ModerationBadge.stories.jsx[2m > [22m[2mUnchecked Content
[22m[39m[UnitContext] useEffect triggered {
  "authLoading": false,
  "hasUser": true,
  "id": "mock-unit-id",
  "userSub": "mock-user-sub",
}
[90mstdout[2m | src/components/ModerationBadge.stories.jsx[2m > [22m[2mUnchecked Content
[22m[39m[UnitContext] Fetching unit data for id: mock-unit-id
[90mstdout[2m | src/components/ModerationBadge.stories.jsx[2m > [22m[2mUnchecked Content
[22m[39m[FilesContext] Initializing vector store from IndexedDB
[90mstdout[2m | src/components/ModerationBadge.stories.jsx[2m > [22m[2mUnchecked Content
[22m[39m[FilesContext] fetchFiles called
[90mstdout[2m | src/components/ModerationBadge.stories.jsx[2m > [22m[2mUnchecked Content
[22m[39m[FilesContext] User authenticated: mock-user-sub
[90mstdout[2m | src/components/ModerationBadge.stories.jsx[2m > [22m[2mUnchecked Content
[22m[39m[FilesContext] Identity ID: us-east-1:mock-identity-123
[90mstdout[2m | src/components/ModerationBadge.stories.jsx[2m > [22m[2mUnchecked Content
[22m[39m[FilesContext] About to set up File observeQuery
[90mstdout[2m | src/components/ModerationBadge.stories.jsx[2m > [22m[2mUnchecked Content
[22m[39m[ChatContext] Setting up AssistantChat observeQuery
[90mstdout[2m | src/components/ModerationBadge.stories.jsx[2m > [22m[2mUnchecked Content
[22m[39m[ChatContext] Waiting for subscription to initialize
[90mstdout[2m | src/components/ModerationBadge.stories.jsx[2m > [22m[2mUnchecked Content
[22m[39m[SettingsContext] Setting up Settings subscription for user: mock-user-sub
[90mstdout[2m | src/components/ModerationBadge.stories.jsx[2m > [22m[2mUnchecked Content
[22m[39m[Mock Data] Settings created: mock-settings-1790418121963 - notified 0 subscribers
[90mstdout[2m | src/components/ModerationBadge.stories.jsx[2m > [22m[2mUnchecked Content
[22m[39m[Mock Data] Unit.onUpdate() subscription added. Total: 1
[90mstdout[2m | src/components/ModerationBadge.stories.jsx[2m > [22m[2mUnchecked Content
[22m[39m[SectionContext] Section observeQuery update: 0
[90mstdout[2m | src/components/ModerationBadge.stories.jsx[2m > [22m[2mUnchecked Content
[22m[39m[FilesContext] File observeQuery update: 6 files
[90mstdout[2m | src/components/ModerationBadge.stories.jsx[2m > [22m[2mUnchecked Content
[22m[39m[ChatContext] AssistantChat initialized with 1 chats
[90mstdout[2m | src/components/ModerationBadge.stories.jsx[2m > [22m[2mUnchecked Content
[22m[39m[ChatContext] Setting initial chat: mock-assistant-chat-1
[90mstdout[2m | src/components/ModerationBadge.stories.jsx[2m > [22m[2mUnchecked Content
[22m[39m[Mock Storage] downloadData called with: undefined
[90mstdout[2m | src/components/ModerationBadge.stories.jsx[2m > [22m[2mUnchecked Content
[22m[39m[MOCK CourseVectorStore] Initialized with mock data
[90mstdout[2m | src/components/ModerationBadge.stories.jsx[2m > [22m[2mUnchecked Content
[22m[39m[FilesContext] Vector store population triggered {
  "currentVectorStoreSize": 3,
  "documentsCount": 0,
  "filesCount": 6,
  "isInitialLoad": true,
}
[90mstdout[2m | src/components/ModerationBadge.stories.jsx[2m > [22m[2mUnchecked Content
[22m[39m[FilesContext] Vector store population complete - 3 total embeddings
[90mstdout[2m | src/components/ModerationBadge.stories.jsx[2m > [22m[2mUnchecked Content
[22m[39m[ChatContext] Chat exists and not archived, skipping creation
[90mstdout[2m | src/components/ModerationBadge.stories.jsx[2m > [22m[2mIcon Only
[22m[39m[ChatContext] Cleaning up subscriptions
[90mstdout[2m | src/components/ModerationBadge.stories.jsx[2m > [22m[2mIcon Only
[22m[39m[Mock Data] Unit.onUpdate() subscription removed. Remaining: 0
[90mstdout[2m | src/components/ModerationBadge.stories.jsx[2m > [22m[2mIcon Only
[22m[39m[MOCK CourseVectorStore] Initialized with mock data
[90mstdout[2m | src/components/ModerationBadge.stories.jsx[2m > [22m[2mIcon Only
[22m[39m[TranslationModeController] Setting mode to: off
[90mstdout[2m | src/components/ModerationBadge.stories.jsx[2m > [22m[2mIcon Only
[22m[39m[UnitContext] useEffect triggered {
  "authLoading": false,
  "hasUser": true,
  "id": "mock-unit-id",
  "userSub": "mock-user-sub",
}
[90mstdout[2m | src/components/ModerationBadge.stories.jsx[2m > [22m[2mIcon Only
[22m[39m[UnitContext] Fetching unit data for id: mock-unit-id
[90mstdout[2m | src/components/ModerationBadge.stories.jsx[2m > [22m[2mIcon Only
[22m[39m[FilesContext] Initializing vector store from IndexedDB
[90mstdout[2m | src/components/ModerationBadge.stories.jsx[2m > [22m[2mIcon Only
[22m[39m[FilesContext] fetchFiles called
[90mstdout[2m | src/components/ModerationBadge.stories.jsx[2m > [22m[2mIcon Only
[22m[39m[FilesContext] User authenticated: mock-user-sub
[90mstdout[2m | src/components/ModerationBadge.stories.jsx[2m > [22m[2mIcon Only
[22m[39m[FilesContext] Identity ID: us-east-1:mock-identity-123
[90mstdout[2m | src/components/ModerationBadge.stories.jsx[2m > [22m[2mIcon Only
[22m[39m[FilesContext] About to set up File observeQuery
[90mstdout[2m | src/components/ModerationBadge.stories.jsx[2m > [22m[2mIcon Only
[22m[39m[ChatContext] Setting up AssistantChat observeQuery
[90mstdout[2m | src/components/ModerationBadge.stories.jsx[2m > [22m[2mIcon Only
[22m[39m[ChatContext] Waiting for subscription to initialize
[90mstdout[2m | src/components/ModerationBadge.stories.jsx[2m > [22m[2mIcon Only
[22m[39m[SettingsContext] Setting up Settings subscription for user: mock-user-sub
[90mstdout[2m | src/components/ModerationBadge.stories.jsx[2m > [22m[2mIcon Only
[22m[39m[Mock Data] Settings created: mock-settings-1790418122074 - notified 0 subscribers
[90mstdout[2m | src/components/ModerationBadge.stories.jsx[2m > [22m[2mIcon Only
[22m[39m[Mock Data] Unit.onUpdate() subscription added. Total: 1
[90mstdout[2m | src/components/ModerationBadge.stories.jsx[2m > [22m[2mIcon Only
[22m[39m[SectionContext] Section observeQuery update: 0
[90mstdout[2m | src/components/ModerationBadge.stories.jsx[2m > [22m[2mIcon Only
[22m[39m[FilesContext] File observeQuery update: 6 files
[90mstdout[2m | src/components/ModerationBadge.stories.jsx[2m > [22m[2mIcon Only
[22m[39m[ChatContext] AssistantChat initialized with 1 chats
[90mstdout[2m | src/components/ModerationBadge.stories.jsx[2m > [22m[2mIcon Only
[22m[39m[ChatContext] Setting initial chat: mock-assistant-chat-1
[90mstdout[2m | src/components/ModerationBadge.stories.jsx[2m > [22m[2mIcon Only
[22m[39m[MOCK CourseVectorStore] Initialized with mock data
[90mstdout[2m | src/components/ModerationBadge.stories.jsx[2m > [22m[2mIcon Only
[22m[39m[FilesContext] Vector store population triggered {
  "currentVectorStoreSize": 3,
  "documentsCount": 0,
  "filesCount": 6,
  "isInitialLoad": true,
}
[90mstdout[2m | src/components/ModerationBadge.stories.jsx[2m > [22m[2mIcon Only
[22m[39m[FilesContext] Vector store population complete - 3 total embeddings
[90mstdout[2m | src/components/ModerationBadge.stories.jsx[2m > [22m[2mIcon Only
[22m[39m[ChatContext] Chat exists and not archived, skipping creation
[90mstdout[2m | src/components/ModerationBadge.stories.jsx[2m > [22m[2mIcon Only
[22m[39m[Mock Storage] downloadData called with: undefined
[90mstdout[2m | src/components/ModerationBadge.stories.jsx[2m > [22m[2mIn Content List
[22m[39m[ChatContext] Cleaning up subscriptions
[90mstdout[2m | src/components/ModerationBadge.stories.jsx[2m > [22m[2mIn Content List
[22m[39m[Mock Data] Unit.onUpdate() subscription removed. Remaining: 0
[90mstdout[2m | src/components/ModerationBadge.stories.jsx[2m > [22m[2mIn Content List
[22m[39m[MOCK CourseVectorStore] Initialized with mock data
[90mstdout[2m | src/components/ModerationBadge.stories.jsx[2m > [22m[2mIn Content List
[22m[39m[TranslationModeController] Setting mode to: off
[90mstdout[2m | src/components/ModerationBadge.stories.jsx[2m > [22m[2mIn Content List
[22m[39m[UnitContext] useEffect triggered {
  "authLoading": false,
  "hasUser": true,
  "id": "mock-unit-id",
  "userSub": "mock-user-sub",
}
[90mstdout[2m | src/components/ModerationBadge.stories.jsx[2m > [22m[2mIn Content List
[22m[39m[UnitContext] Fetching unit data for id: mock-unit-id
[90mstdout[2m | src/components/ModerationBadge.stories.jsx[2m > [22m[2mIn Content List
[22m[39m[FilesContext] Initializing vector store from IndexedDB
[90mstdout[2m | src/components/ModerationBadge.stories.jsx[2m > [22m[2mIn Content List
[22m[39m[FilesContext] fetchFiles called
[90mstdout[2m | src/components/ModerationBadge.stories.jsx[2m > [22m[2mIn Content List
[22m[39m[FilesContext] User authenticated: mock-user-sub
[90mstdout[2m | src/components/ModerationBadge.stories.jsx[2m > [22m[2mIn Content List
[22m[39m[FilesContext] Identity ID: us-east-1:mock-identity-123
[90mstdout[2m | src/components/ModerationBadge.stories.jsx[2m > [22m[2mIn Content List
[22m[39m[FilesContext] About to set up File observeQuery
[90mstdout[2m | src/components/ModerationBadge.stories.jsx[2m > [22m[2mIn Content List
[22m[39m[ChatContext] Setting up AssistantChat observeQuery
[90mstdout[2m | src/components/ModerationBadge.stories.jsx[2m > [22m[2mIn Content List
[22m[39m[ChatContext] Waiting for subscription to initialize
[90mstdout[2m | src/components/ModerationBadge.stories.jsx[2m > [22m[2mIn Content List
[22m[39m[SettingsContext] Setting up Settings subscription for user: mock-user-sub
[90mstdout[2m | src/components/ModerationBadge.stories.jsx[2m > [22m[2mIn Content List
[22m[39m[Mock Data] Settings created: mock-settings-1790418122195 - notified 0 subscribers
[90mstdout[2m | src/components/ModerationBadge.stories.jsx[2m > [22m[2mIn Content List
[22m[39m[Mock Data] Unit.onUpdate() subscription added. Total: 1
[90mstdout[2m | src/components/ModerationBadge.stories.jsx[2m > [22m[2mIn Content List
[22m[39m[SectionContext] Section observeQuery update: 0
[90mstdout[2m | src/components/ModerationBadge.stories.jsx[2m > [22m[2mIn Content List
[22m[39m[FilesContext] File observeQuery update: 6 files
[90mstdout[2m | src/components/ModerationBadge.stories.jsx[2m > [22m[2mIn Content List
[22m[39m[ChatContext] AssistantChat initialized with 1 chats
[90mstdout[2m | src/components/ModerationBadge.stories.jsx[2m > [22m[2mIn Content List
[22m[39m[ChatContext] Setting initial chat: mock-assistant-chat-1
[90mstdout[2m | src/components/ModerationBadge.stories.jsx[2m > [22m[2mIn Content List
[22m[39m[MOCK CourseVectorStore] Initialized with mock data
[90mstdout[2m | src/components/ModerationBadge.stories.jsx[2m > [22m[2mIn Content List
[22m[39m[FilesContext] Vector store population triggered {
  "currentVectorStoreSize": 3,
  "documentsCount": 0,
  "filesCount": 6,
  "isInitialLoad": true,
}
[90mstdout[2m | src/components/ModerationBadge.stories.jsx[2m > [22m[2mIn Content List
[22m[39m[FilesContext] Vector store population complete - 3 total embeddings
[90mstdout[2m | src/components/ModerationBadge.stories.jsx[2m > [22m[2mIn Content List
[22m[39m[ChatContext] Chat exists and not archived, skipping creation
[90mstdout[2m | src/components/ModerationBadge.stories.jsx[2m > [22m[2mIn Content List
[22m[39m[Mock Storage] downloadData called with: undefined
 [32m✓[39m [30m[45m storybook (chromium) [49m[39m src/components/ModerationBadge.stories.jsx [2m([22m[2m8 tests[22m[2m)[22m[33m 943[2mms[22m[39m
[90mstdout[2m | unknown test
[22m[39m[MOCK vectorStoreDB.js] Module loaded - mock IndexedDB operations
[90mstdout[2m | unknown test
[22m[39m[Task Completion] DOM action listeners initialized
[90mstdout[2m | unknown test
[22m[39m[Task Completion] Auto-completion detector initialized
[90mstdout[2m | unknown test
[22m[39m[Preview] Task completion detector initialized
[90mstdout[2m | src/components/Editor3/plugins/MeaningAssociationPlugin.stories.jsx[2m > [22m[2mEditable Empty
[22m[39m[Preview] Skipped initializing default mock data (initializeMockData=false)
[90mstdout[2m | src/components/Editor3/plugins/MeaningAssociationPlugin.stories.jsx[2m > [22m[2mEditable Empty
[22m[39m[Mock Data] seedMockUnit: Adding unit meaning-association-story-unit
[90mstdout[2m | src/components/Editor3/plugins/MeaningAssociationPlugin.stories.jsx[2m > [22m[2mEditable Empty
[22m[39m[MOCK CourseVectorStore] Initialized with mock data
[90mstdout[2m | src/components/Editor3/plugins/MeaningAssociationPlugin.stories.jsx[2m > [22m[2mEditable Empty
[22m[39m[TranslationModeController] Setting mode to: off
[90mstdout[2m | src/components/Editor3/plugins/MeaningAssociationPlugin.stories.jsx[2m > [22m[2mEditable Empty
[22m[39m[UnitContext] useEffect triggered {
  "authLoading": false,
  "hasUser": true,
  "id": "meaning-association-story-unit",
  "userSub": "mock-user-sub",
}
[90mstdout[2m | src/components/Editor3/plugins/MeaningAssociationPlugin.stories.jsx[2m > [22m[2mEditable Empty
[22m[39m[UnitContext] Fetching unit data for id: meaning-association-story-unit
[90mstdout[2m | src/components/Editor3/plugins/MeaningAssociationPlugin.stories.jsx[2m > [22m[2mEditable Empty
[22m[39m[FilesContext] Initializing vector store from IndexedDB
[90mstdout[2m | src/components/Editor3/plugins/MeaningAssociationPlugin.stories.jsx[2m > [22m[2mEditable Empty
[22m[39m[FilesContext] fetchFiles called
[90mstdout[2m | src/components/Editor3/plugins/MeaningAssociationPlugin.stories.jsx[2m > [22m[2mEditable Empty
[22m[39m[FilesContext] User authenticated: mock-user-sub
[90mstdout[2m | src/components/Editor3/plugins/MeaningAssociationPlugin.stories.jsx[2m > [22m[2mEditable Empty
[22m[39m[FilesContext] Identity ID: us-east-1:mock-identity-123
[90mstdout[2m | src/components/Editor3/plugins/MeaningAssociationPlugin.stories.jsx[2m > [22m[2mEditable Empty
[22m[39m[FilesContext] About to set up File observeQuery
[90mstdout[2m | src/components/Editor3/plugins/MeaningAssociationPlugin.stories.jsx[2m > [22m[2mEditable Empty
[22m[39m[ChatContext] Setting up AssistantChat observeQuery
[90mstdout[2m | src/components/Editor3/plugins/MeaningAssociationPlugin.stories.jsx[2m > [22m[2mEditable Empty
[22m[39m[ChatContext] Waiting for subscription to initialize
[90mstdout[2m | src/components/Editor3/plugins/MeaningAssociationPlugin.stories.jsx[2m > [22m[2mEditable Empty
[22m[39m[SettingsContext] Setting up Settings subscription for user: mock-user-sub
[90mstdout[2m | src/components/Editor3/plugins/MeaningAssociationPlugin.stories.jsx[2m > [22m[2mEditable Empty
[22m[39m[Mock Data] Settings created: mock-settings-1790418126712 - notified 0 subscribers
[90mstdout[2m | src/components/Editor3/plugins/MeaningAssociationPlugin.stories.jsx[2m > [22m[2mEditable Empty
[22m[39m[Mock Data] Unit.onUpdate() subscription added. Total: 1
[90mstdout[2m | src/components/Editor3/plugins/MeaningAssociationPlugin.stories.jsx[2m > [22m[2mEditable Empty
[22m[39m[SectionContext] Section observeQuery update: 0
[90mstdout[2m | src/components/Editor3/plugins/MeaningAssociationPlugin.stories.jsx[2m > [22m[2mEditable Empty
[22m[39m[FilesContext] File observeQuery update: 0 files
[90mstdout[2m | src/components/Editor3/plugins/MeaningAssociationPlugin.stories.jsx[2m > [22m[2mEditable Empty
[22m[39m[ChatContext] AssistantChat initialized with 0 chats
[90mstdout[2m | src/components/Editor3/plugins/MeaningAssociationPlugin.stories.jsx[2m > [22m[2mEditable Empty
[22m[39m[MOCK CourseVectorStore] Initialized with mock data
[90mstdout[2m | src/components/Editor3/plugins/MeaningAssociationPlugin.stories.jsx[2m > [22m[2mEditable Empty
[22m[39m[ChatContext] No current chat available, will create one
[90mstdout[2m | src/components/Editor3/plugins/MeaningAssociationPlugin.stories.jsx[2m > [22m[2mEditable Empty
[22m[39m[ChatContext] Creating AssistantChat with user: undefined
[90mstdout[2m | src/components/Editor3/plugins/MeaningAssociationPlugin.stories.jsx[2m > [22m[2mEditable Empty
[22m[39m[Mock Data] AssistantChat created: mock-assistantchat-1790418126728 - notified 1 subscribers
[90mstdout[2m | src/components/Editor3/plugins/MeaningAssociationPlugin.stories.jsx[2m > [22m[2mEditable Empty
[22m[39m[ChatContext] Create result: {
  "data": {
    "_version": 1,
    "archived": false,
    "chatFiles": [Function anonymous],
    "createdAt": "2026-09-26T10:22:06.728Z",
    "id": "mock-assistantchat-1790418126728",
    "model": "gpt-4",
    "updatedAt": "2026-09-26T10:22:06.728Z",
  },
  "errors": [],
  "hasData": true,
  "hasErrors": true,
}
[90mstdout[2m | src/components/Editor3/plugins/MeaningAssociationPlugin.stories.jsx[2m > [22m[2mEditable Empty
[22m[39m[ChatContext] Created AssistantChat: mock-assistantchat-1790418126728 at: 2026-09-26T10:22:06.728Z
[90mstdout[2m | src/components/Editor3/plugins/MeaningAssociationPlugin.stories.jsx[2m > [22m[2mEditable Empty
[22m[39m[Mock Storage] downloadData called with: undefined
[90mstdout[2m | src/components/Editor3/plugins/MeaningAssociationPlugin.stories.jsx[2m > [22m[2mEditable Empty
[22m[39m[ChatContext] Setting initial chat: mock-assistantchat-1790418126728
[90mstdout[2m | src/components/Editor3/plugins/MeaningAssociationPlugin.stories.jsx[2m > [22m[2mEditable Empty
[22m[39m[ChatContext] Chat exists and not archived, skipping creation
[90mstdout[2m | src/components/Editor3/plugins/MeaningAssociationPlugin.stories.jsx[2m > [22m[2mEditable With Exercise
[22m[39m[ChatContext] Cleaning up subscriptions
[90mstdout[2m | src/components/Editor3/plugins/MeaningAssociationPlugin.stories.jsx[2m > [22m[2mEditable With Exercise
[22m[39m[Mock Data] Unit.onUpdate() subscription removed. Remaining: 0
[90mstdout[2m | src/components/Editor3/plugins/MeaningAssociationPlugin.stories.jsx[2m > [22m[2mEditable With Exercise
[22m[39m[Preview] Skipped initializing default mock data (initializeMockData=false)
[90mstdout[2m | src/components/Editor3/plugins/MeaningAssociationPlugin.stories.jsx[2m > [22m[2mEditable With Exercise
[22m[39m[Mock Data] seedMockUnit: Adding unit meaning-association-story-unit
[90mstdout[2m | src/components/Editor3/plugins/MeaningAssociationPlugin.stories.jsx[2m > [22m[2mEditable With Exercise
[22m[39m[MOCK CourseVectorStore] Initialized with mock data
[90mstdout[2m | src/components/Editor3/plugins/MeaningAssociationPlugin.stories.jsx[2m > [22m[2mEditable With Exercise
[22m[39m[TranslationModeController] Setting mode to: off
[90mstdout[2m | src/components/Editor3/plugins/MeaningAssociationPlugin.stories.jsx[2m > [22m[2mEditable With Exercise
[22m[39m[UnitContext] useEffect triggered {
  "authLoading": false,
  "hasUser": true,
  "id": "meaning-association-story-unit",
  "userSub": "mock-user-sub",
}
[90mstdout[2m | src/components/Editor3/plugins/MeaningAssociationPlugin.stories.jsx[2m > [22m[2mEditable With Exercise
[22m[39m[UnitContext] Fetching unit data for id: meaning-association-story-unit
[90mstdout[2m | src/components/Editor3/plugins/MeaningAssociationPlugin.stories.jsx[2m > [22m[2mEditable With Exercise
[22m[39m[FilesContext] Initializing vector store from IndexedDB
[90mstdout[2m | src/components/Editor3/plugins/MeaningAssociationPlugin.stories.jsx[2m > [22m[2mEditable With Exercise
[22m[39m[FilesContext] fetchFiles called
[90mstdout[2m | src/components/Editor3/plugins/MeaningAssociationPlugin.stories.jsx[2m > [22m[2mEditable With Exercise
[22m[39m[FilesContext] User authenticated: mock-user-sub
[90mstdout[2m | src/components/Editor3/plugins/MeaningAssociationPlugin.stories.jsx[2m > [22m[2mEditable With Exercise
[22m[39m[FilesContext] Identity ID: us-east-1:mock-identity-123
[90mstdout[2m | src/components/Editor3/plugins/MeaningAssociationPlugin.stories.jsx[2m > [22m[2mEditable With Exercise
[22m[39m[FilesContext] About to set up File observeQuery
[90mstdout[2m | src/components/Editor3/plugins/MeaningAssociationPlugin.stories.jsx[2m > [22m[2mEditable With Exercise
[22m[39m[ChatContext] Setting up AssistantChat observeQuery
[90mstdout[2m | src/components/Editor3/plugins/MeaningAssociationPlugin.stories.jsx[2m > [22m[2mEditable With Exercise
[22m[39m[ChatContext] Waiting for subscription to initialize
[90mstdout[2m | src/components/Editor3/plugins/MeaningAssociationPlugin.stories.jsx[2m > [22m[2mEditable With Exercise
[22m[39m[SettingsContext] Setting up Settings subscription for user: mock-user-sub
[90mstdout[2m | src/components/Editor3/plugins/MeaningAssociationPlugin.stories.jsx[2m > [22m[2mEditable With Exercise
[22m[39m[Mock Data] Settings created: mock-settings-1790418126939 - notified 0 subscribers
[90mstdout[2m | src/components/Editor3/plugins/MeaningAssociationPlugin.stories.jsx[2m > [22m[2mEditable With Exercise
[22m[39m[Mock Data] Unit.onUpdate() subscription added. Total: 1
[90mstdout[2m | src/components/Editor3/plugins/MeaningAssociationPlugin.stories.jsx[2m > [22m[2mEditable With Exercise
[22m[39m[SectionContext] Section observeQuery update: 0
[90mstdout[2m | src/components/Editor3/plugins/MeaningAssociationPlugin.stories.jsx[2m > [22m[2mEditable With Exercise
[22m[39m[FilesContext] File observeQuery update: 0 files
[90mstdout[2m | src/components/Editor3/plugins/MeaningAssociationPlugin.stories.jsx[2m > [22m[2mEditable With Exercise
[22m[39m[ChatContext] AssistantChat initialized with 0 chats
[90mstdout[2m | src/components/Editor3/plugins/MeaningAssociationPlugin.stories.jsx[2m > [22m[2mEditable With Exercise
[22m[39m[MOCK CourseVectorStore] Initialized with mock data
[90mstdout[2m | src/components/Editor3/plugins/MeaningAssociationPlugin.stories.jsx[2m > [22m[2mEditable With Exercise
[22m[39m[ChatContext] No current chat available, will create one
[90mstdout[2m | src/components/Editor3/plugins/MeaningAssociationPlugin.stories.jsx[2m > [22m[2mEditable With Exercise
[22m[39m[ChatContext] Creating AssistantChat with user: undefined
[90mstdout[2m | src/components/Editor3/plugins/MeaningAssociationPlugin.stories.jsx[2m > [22m[2mEditable With Exercise
[22m[39m[Mock Data] AssistantChat created: mock-assistantchat-1790418127006 - notified 1 subscribers
[90mstdout[2m | src/components/Editor3/plugins/MeaningAssociationPlugin.stories.jsx[2m > [22m[2mEditable With Exercise
[22m[39m[ChatContext] Create result: {
  "data": {
    "_version": 1,
    "archived": false,
    "chatFiles": [Function anonymous],
    "createdAt": "2026-09-26T10:22:07.006Z",
    "id": "mock-assistantchat-1790418127006",
    "model": "gpt-4",
    "updatedAt": "2026-09-26T10:22:07.006Z",
  },
  "errors": [],
  "hasData": true,
  "hasErrors": true,
}
[90mstdout[2m | src/components/Editor3/plugins/MeaningAssociationPlugin.stories.jsx[2m > [22m[2mEditable With Exercise
[22m[39m[ChatContext] Created AssistantChat: mock-assistantchat-1790418127006 at: 2026-09-26T10:22:07.006Z
[90mstdout[2m | src/components/Editor3/plugins/MeaningAssociationPlugin.stories.jsx[2m > [22m[2mEditable With Exercise
[22m[39m[Mock Storage] downloadData called with: undefined
[90mstdout[2m | src/components/Editor3/plugins/MeaningAssociationPlugin.stories.jsx[2m > [22m[2mEditable With Exercise
[22m[39m[ChatContext] Setting initial chat: mock-assistantchat-1790418127006
[90mstdout[2m | src/components/Editor3/plugins/MeaningAssociationPlugin.stories.jsx[2m > [22m[2mEditable With Exercise
[22m[39m[ChatContext] Chat exists and not archived, skipping creation
[90mstdout[2m | src/components/Editor3/plugins/MeaningAssociationPlugin.stories.jsx[2m > [22m[2mRead Only With Exercise
[22m[39m[ChatContext] Cleaning up subscriptions
[90mstdout[2m | src/components/Editor3/plugins/MeaningAssociationPlugin.stories.jsx[2m > [22m[2mRead Only With Exercise
[22m[39m[Mock Data] Unit.onUpdate() subscription removed. Remaining: 0
[90mstdout[2m | src/components/Editor3/plugins/MeaningAssociationPlugin.stories.jsx[2m > [22m[2mRead Only With Exercise
[22m[39m[Preview] Skipped initializing default mock data (initializeMockData=false)
[90mstdout[2m | src/components/Editor3/plugins/MeaningAssociationPlugin.stories.jsx[2m > [22m[2mRead Only With Exercise
[22m[39m[Mock Data] seedMockUnit: Adding unit meaning-association-story-unit
[90mstdout[2m | src/components/Editor3/plugins/MeaningAssociationPlugin.stories.jsx[2m > [22m[2mRead Only With Exercise
[22m[39m[MOCK CourseVectorStore] Initialized with mock data
[90mstdout[2m | src/components/Editor3/plugins/MeaningAssociationPlugin.stories.jsx[2m > [22m[2mRead Only With Exercise
[22m[39m[TranslationModeController] Setting mode to: off
[90mstdout[2m | src/components/Editor3/plugins/MeaningAssociationPlugin.stories.jsx[2m > [22m[2mRead Only With Exercise
[22m[39m[UnitContext] useEffect triggered {
  "authLoading": false,
  "hasUser": true,
  "id": "meaning-association-story-unit",
  "userSub": "mock-user-sub",
}
[90mstdout[2m | src/components/Editor3/plugins/MeaningAssociationPlugin.stories.jsx[2m > [22m[2mRead Only With Exercise
[22m[39m[UnitContext] Fetching unit data for id: meaning-association-story-unit
[90mstdout[2m | src/components/Editor3/plugins/MeaningAssociationPlugin.stories.jsx[2m > [22m[2mRead Only With Exercise
[22m[39m[FilesContext] Initializing vector store from IndexedDB
[90mstdout[2m | src/components/Editor3/plugins/MeaningAssociationPlugin.stories.jsx[2m > [22m[2mRead Only With Exercise
[22m[39m[FilesContext] fetchFiles called
[90mstdout[2m | src/components/Editor3/plugins/MeaningAssociationPlugin.stories.jsx[2m > [22m[2mRead Only With Exercise
[22m[39m[FilesContext] User authenticated: mock-user-sub
[90mstdout[2m | src/components/Editor3/plugins/MeaningAssociationPlugin.stories.jsx[2m > [22m[2mRead Only With Exercise
[22m[39m[FilesContext] Identity ID: us-east-1:mock-identity-123
[90mstdout[2m | src/components/Editor3/plugins/MeaningAssociationPlugin.stories.jsx[2m > [22m[2mRead Only With Exercise
[22m[39m[FilesContext] About to set up File observeQuery
[90mstdout[2m | src/components/Editor3/plugins/MeaningAssociationPlugin.stories.jsx[2m > [22m[2mRead Only With Exercise
[22m[39m[ChatContext] Setting up AssistantChat observeQuery
[90mstdout[2m | src/components/Editor3/plugins/MeaningAssociationPlugin.stories.jsx[2m > [22m[2mRead Only With Exercise
[22m[39m[ChatContext] Waiting for subscription to initialize
[90mstdout[2m | src/components/Editor3/plugins/MeaningAssociationPlugin.stories.jsx[2m > [22m[2mRead Only With Exercise
[22m[39m[SettingsContext] Setting up Settings subscription for user: mock-user-sub
[90mstdout[2m | src/components/Editor3/plugins/MeaningAssociationPlugin.stories.jsx[2m > [22m[2mRead Only With Exercise
[22m[39mEasy.nodeKey 11 type: string
[90mstdout[2m | src/components/Editor3/plugins/MeaningAssociationPlugin.stories.jsx[2m > [22m[2mRead Only With Exercise
[22m[39mEasy.grade: {}
[90mstdout[2m | src/components/Editor3/plugins/MeaningAssociationPlugin.stories.jsx[2m > [22m[2mRead Only With Exercise
[22m[39mEasy.grade.data: undefined
[90mstdout[2m | src/components/Editor3/plugins/MeaningAssociationPlugin.stories.jsx[2m > [22m[2mRead Only With Exercise
[22m[39mEasy.grade.data === grade? false
[90mstdout[2m | src/components/Editor3/plugins/MeaningAssociationPlugin.stories.jsx[2m > [22m[2mRead Only With Exercise
[22m[39mEasy.grade.data keys: no data
[90mstdout[2m | src/components/Editor3/plugins/MeaningAssociationPlugin.stories.jsx[2m > [22m[2mRead Only With Exercise
[22m[39mEasy.grade.data[nodeKey]: undefined
[90mstdout[2m | src/components/Editor3/plugins/MeaningAssociationPlugin.stories.jsx[2m > [22m[2mRead Only With Exercise
[22m[39mEasy.inProgress {}
[90mstdout[2m | src/components/Editor3/plugins/MeaningAssociationPlugin.stories.jsx[2m > [22m[2mRead Only With Exercise
[22m[39mHard.attemptedAnswers {}
[90mstdout[2m | src/components/Editor3/plugins/MeaningAssociationPlugin.stories.jsx[2m > [22m[2mRead Only With Exercise
[22m[39mLearn._vocabulary [
  {
    "audio": [
      "/story-mocks/cinematic-designed-sci-fi-whoosh-transition-nexawave-228295.mp3",
    ],
    "definition": "a greeting or expression of goodwill",
    "id": "word-1",
    "phrase": "hello",
    "pronunciation": "heh-LOH",
  },
  {
    "audio": [
      "/story-mocks/descent-whoosh-long-cinematic-sound-effect-405921.mp3",
    ],
    "definition": "a parting phrase",
    "id": "word-2",
    "phrase": "goodbye",
    "pronunciation": "good-BYE",
  },
  {
    "audio": [
      "/story-mocks/sound-design-elements-sfx-ps-022-302865.mp3",
    ],
    "definition": "an expression of gratitude",
    "id": "word-3",
    "phrase": "thank you",
    "pronunciation": "THANK yoo",
  },
  {
    "audio": [
      "/story-mocks/cinematic-designed-sci-fi-whoosh-transition-nexawave-228295.mp3",
    ],
    "definition": "used to make a polite request",
    "id": "word-4",
    "phrase": "please",
    "pronunciation": "PLEEZ",
  },
]
[90mstdout[2m | src/components/Editor3/plugins/MeaningAssociationPlugin.stories.jsx[2m > [22m[2mRead Only With Exercise
[22m[39mMeaningAssociationExercise._vocabulary [
  {
    "audio": [
      "/story-mocks/cinematic-designed-sci-fi-whoosh-transition-nexawave-228295.mp3",
    ],
    "definition": "a greeting or expression of goodwill",
    "id": "word-1",
    "phrase": "hello",
    "pronunciation": "heh-LOH",
  },
  {
    "audio": [
      "/story-mocks/descent-whoosh-long-cinematic-sound-effect-405921.mp3",
    ],
    "definition": "a parting phrase",
    "id": "word-2",
    "phrase": "goodbye",
    "pronunciation": "good-BYE",
  },
  {
    "audio": [
      "/story-mocks/sound-design-elements-sfx-ps-022-302865.mp3",
    ],
    "definition": "an expression of gratitude",
    "id": "word-3",
    "phrase": "thank you",
    "pronunciation": "THANK yoo",
  },
  {
    "audio": [
      "/story-mocks/cinematic-designed-sci-fi-whoosh-transition-nexawave-228295.mp3",
    ],
    "definition": "used to make a polite request",
    "id": "word-4",
    "phrase": "please",
    "pronunciation": "PLEEZ",
  },
]
[90mstdout[2m | src/components/Editor3/plugins/MeaningAssociationPlugin.stories.jsx[2m > [22m[2mRead Only With Exercise
[22m[39mHard._vocabulary [
  {
    "audio": [
      "/story-mocks/cinematic-designed-sci-fi-whoosh-transition-nexawave-228295.mp3",
    ],
    "definition": "a greeting or expression of goodwill",
    "id": "word-1",
    "phrase": "hello",
    "pronunciation": "heh-LOH",
  },
  {
    "audio": [
      "/story-mocks/descent-whoosh-long-cinematic-sound-effect-405921.mp3",
    ],
    "definition": "a parting phrase",
    "id": "word-2",
    "phrase": "goodbye",
    "pronunciation": "good-BYE",
  },
  {
    "audio": [
      "/story-mocks/sound-design-elements-sfx-ps-022-302865.mp3",
    ],
    "definition": "an expression of gratitude",
    "id": "word-3",
    "phrase": "thank you",
    "pronunciation": "THANK yoo",
  },
  {
    "audio": [
      "/story-mocks/cinematic-designed-sci-fi-whoosh-transition-nexawave-228295.mp3",
    ],
    "definition": "used to make a polite request",
    "id": "word-4",
    "phrase": "please",
    "pronunciation": "PLEEZ",
  },
]
[90mstdout[2m | src/components/Editor3/plugins/MeaningAssociationPlugin.stories.jsx[2m > [22m[2mRead Only With Exercise
[22m[39mEasy.nodeKey 11 type: string
[90mstdout[2m | src/components/Editor3/plugins/MeaningAssociationPlugin.stories.jsx[2m > [22m[2mRead Only With Exercise
[22m[39mEasy.grade: {}
[90mstdout[2m | src/components/Editor3/plugins/MeaningAssociationPlugin.stories.jsx[2m > [22m[2mRead Only With Exercise
[22m[39mEasy.grade.data: undefined
[90mstdout[2m | src/components/Editor3/plugins/MeaningAssociationPlugin.stories.jsx[2m > [22m[2mRead Only With Exercise
[22m[39mEasy.grade.data === grade? false
[90mstdout[2m | src/components/Editor3/plugins/MeaningAssociationPlugin.stories.jsx[2m > [22m[2mRead Only With Exercise
[22m[39mEasy.grade.data keys: no data
[90mstdout[2m | src/components/Editor3/plugins/MeaningAssociationPlugin.stories.jsx[2m > [22m[2mRead Only With Exercise
[22m[39mEasy.grade.data[nodeKey]: undefined
[90mstdout[2m | src/components/Editor3/plugins/MeaningAssociationPlugin.stories.jsx[2m > [22m[2mRead Only With Exercise
[22m[39mEasy.inProgress {}
[90mstdout[2m | src/components/Editor3/plugins/MeaningAssociationPlugin.stories.jsx[2m > [22m[2mRead Only With Exercise
[22m[39mHard.attemptedAnswers {}
[90mstdout[2m | src/components/Editor3/plugins/MeaningAssociationPlugin.stories.jsx[2m > [22m[2mRead Only With Exercise
[22m[39m[Mock Data] Settings created: mock-settings-1790418127585 - notified 0 subscribers
[90mstdout[2m | src/components/Editor3/plugins/MeaningAssociationPlugin.stories.jsx[2m > [22m[2mRead Only With Exercise
[22m[39m[Mock Data] Unit.onUpdate() subscription added. Total: 1
[90mstdout[2m | src/components/Editor3/plugins/MeaningAssociationPlugin.stories.jsx[2m > [22m[2mRead Only With Exercise
[22m[39mEasy.nodeKey 11 type: string
[90mstdout[2m | src/components/Editor3/plugins/MeaningAssociationPlugin.stories.jsx[2m > [22m[2mRead Only With Exercise
[22m[39mEasy.grade: {}
[90mstdout[2m | src/components/Editor3/plugins/MeaningAssociationPlugin.stories.jsx[2m > [22m[2mRead Only With Exercise
[22m[39mEasy.grade.data: undefined
[90mstdout[2m | src/components/Editor3/plugins/MeaningAssociationPlugin.stories.jsx[2m > [22m[2mRead Only With Exercise
[22m[39mEasy.grade.data === grade? false
[90mstdout[2m | src/components/Editor3/plugins/MeaningAssociationPlugin.stories.jsx[2m > [22m[2mRead Only With Exercise
[22m[39mEasy.grade.data keys: no data
[90mstdout[2m | src/components/Editor3/plugins/MeaningAssociationPlugin.stories.jsx[2m > [22m[2mRead Only With Exercise
[22m[39mEasy.grade.data[nodeKey]: undefined
[90mstdout[2m | src/components/Editor3/plugins/MeaningAssociationPlugin.stories.jsx[2m > [22m[2mRead Only With Exercise
[22m[39mEasy.inProgress {}
[90mstdout[2m | src/components/Editor3/plugins/MeaningAssociationPlugin.stories.jsx[2m > [22m[2mRead Only With Exercise
[22m[39mHard.attemptedAnswers {}
[90mstdout[2m | src/components/Editor3/plugins/MeaningAssociationPlugin.stories.jsx[2m > [22m[2mRead Only With Exercise
[22m[39m[SectionContext] Section observeQuery update: 0
[90mstdout[2m | src/components/Editor3/plugins/MeaningAssociationPlugin.stories.jsx[2m > [22m[2mRead Only With Exercise
[22m[39m[FilesContext] File observeQuery update: 0 files
[90mstdout[2m | src/components/Editor3/plugins/MeaningAssociationPlugin.stories.jsx[2m > [22m[2mRead Only With Exercise
[22m[39m[ChatContext] AssistantChat initialized with 0 chats
[90mstdout[2m | src/components/Editor3/plugins/MeaningAssociationPlugin.stories.jsx[2m > [22m[2mRead Only With Exercise
[22m[39m[MOCK CourseVectorStore] Initialized with mock data
[90mstdout[2m | src/components/Editor3/plugins/MeaningAssociationPlugin.stories.jsx[2m > [22m[2mRead Only With Exercise
[22m[39mEasy.nodeKey 11 type: string
[90mstdout[2m | src/components/Editor3/plugins/MeaningAssociationPlugin.stories.jsx[2m > [22m[2mRead Only With Exercise
[22m[39mEasy.grade: undefined
[90mstdout[2m | src/components/Editor3/plugins/MeaningAssociationPlugin.stories.jsx[2m > [22m[2mRead Only With Exercise
[22m[39mEasy.grade.data: undefined
[90mstdout[2m | src/components/Editor3/plugins/MeaningAssociationPlugin.stories.jsx[2m > [22m[2mRead Only With Exercise
[22m[39mEasy.grade.data === grade? true
[90mstdout[2m | src/components/Editor3/plugins/MeaningAssociationPlugin.stories.jsx[2m > [22m[2mRead Only With Exercise
[22m[39mEasy.grade.data keys: no data
[90mstdout[2m | src/components/Editor3/plugins/MeaningAssociationPlugin.stories.jsx[2m > [22m[2mRead Only With Exercise
[22m[39mEasy.grade.data[nodeKey]: undefined
[90mstdout[2m | src/components/Editor3/plugins/MeaningAssociationPlugin.stories.jsx[2m > [22m[2mRead Only With Exercise
[22m[39mEasy.inProgress {}
[90mstdout[2m | src/components/Editor3/plugins/MeaningAssociationPlugin.stories.jsx[2m > [22m[2mRead Only With Exercise
[22m[39mHard.attemptedAnswers {}
[90mstdout[2m | src/components/Editor3/plugins/MeaningAssociationPlugin.stories.jsx[2m > [22m[2mRead Only With Exercise
[22m[39m[ChatContext] No current chat available, will create one
[90mstdout[2m | src/components/Editor3/plugins/MeaningAssociationPlugin.stories.jsx[2m > [22m[2mRead Only With Exercise
[22m[39m[ChatContext] Creating AssistantChat with user: undefined
[90mstdout[2m | src/components/Editor3/plugins/MeaningAssociationPlugin.stories.jsx[2m > [22m[2mRead Only With Exercise
[22m[39m[Mock Data] AssistantChat created: mock-assistantchat-1790418127713 - notified 1 subscribers
[90mstdout[2m | src/components/Editor3/plugins/MeaningAssociationPlugin.stories.jsx[2m > [22m[2mRead Only With Exercise
[22m[39m[ChatContext] Create result: {
  "data": {
    "_version": 1,
    "archived": false,
    "chatFiles": [Function anonymous],
    "createdAt": "2026-09-26T10:22:07.713Z",
    "id": "mock-assistantchat-1790418127713",
    "model": "gpt-4",
    "updatedAt": "2026-09-26T10:22:07.713Z",
  },
  "errors": [],
  "hasData": true,
  "hasErrors": true,
}
[90mstdout[2m | src/components/Editor3/plugins/MeaningAssociationPlugin.stories.jsx[2m > [22m[2mRead Only With Exercise
[22m[39m[ChatContext] Created AssistantChat: mock-assistantchat-1790418127713 at: 2026-09-26T10:22:07.713Z
[90mstdout[2m | src/components/Editor3/plugins/MeaningAssociationPlugin.stories.jsx[2m > [22m[2mRead Only With Exercise
[22m[39m[Mock Storage] downloadData called with: undefined
[90mstdout[2m | src/components/Editor3/plugins/MeaningAssociationPlugin.stories.jsx[2m > [22m[2mRead Only With Exercise
[22m[39m[ChatContext] Setting initial chat: mock-assistantchat-1790418127713
[90mstdout[2m | src/components/Editor3/plugins/MeaningAssociationPlugin.stories.jsx[2m > [22m[2mRead Only With Exercise
[22m[39m[ChatContext] Chat exists and not archived, skipping creation
[90mstdout[2m | src/components/Editor3/plugins/MeaningAssociationPlugin.stories.jsx
[22m[39mEasy.nodeKey 11 type: string
[90mstdout[2m | src/components/Editor3/plugins/MeaningAssociationPlugin.stories.jsx
[22m[39mEasy.grade: undefined
[90mstdout[2m | src/components/Editor3/plugins/MeaningAssociationPlugin.stories.jsx
[22m[39mEasy.grade.data: undefined
[90mstdout[2m | src/components/Editor3/plugins/MeaningAssociationPlugin.stories.jsx
[22m[39mEasy.grade.data === grade? true
[90mstdout[2m | src/components/Editor3/plugins/MeaningAssociationPlugin.stories.jsx
[22m[39mEasy.grade.data keys: no data
[90mstdout[2m | src/components/Editor3/plugins/MeaningAssociationPlugin.stories.jsx
[22m[39mEasy.grade.data[nodeKey]: undefined
[90mstdout[2m | src/components/Editor3/plugins/MeaningAssociationPlugin.stories.jsx
[22m[39mEasy.inProgress {}
[90mstdout[2m | src/components/Editor3/plugins/MeaningAssociationPlugin.stories.jsx
[22m[39mHard.attemptedAnswers {}
 [32m✓[39m [30m[45m storybook (chromium) [49m[39m src/components/Editor3/plugins/MeaningAssociationPlugin.stories.jsx [2m([22m[2m3 tests[22m[2m)[22m[33m 1269[2mms[22m[39m
   [33m[2m✓[22m[39m Editable With Exercise [33m 342[2mms[22m[39m
   [33m[2m✓[22m[39m Read Only With Exercise [33m 736[2mms[22m[39m
[90mstdout[2m | unknown test
[22m[39m[MOCK vectorStoreDB.js] Module loaded - mock IndexedDB operations
[90mstdout[2m | unknown test
[22m[39m[Task Completion] DOM action listeners initialized
[90mstdout[2m | unknown test
[22m[39m[Task Completion] Auto-completion detector initialized
[90mstdout[2m | unknown test
[22m[39m[Preview] Task completion detector initialized
[90mstdout[2m | src/components/Gamification/RedemptionConditionForm.stories.tsx[2m > [22m[2mEmpty
[22m[39m[TranslationModeController] Setting mode to: off
[90mstdout[2m | src/components/Gamification/RedemptionConditionForm.stories.tsx[2m > [22m[2mPrefilled
[22m[39m[TranslationModeController] Setting mode to: off
[90mstdout[2m | src/components/Gamification/RedemptionConditionForm.stories.tsx[2m > [22m[2mDisabled
[22m[39m[TranslationModeController] Setting mode to: off
 [32m✓[39m [30m[45m storybook (chromium) [49m[39m src/components/Gamification/RedemptionConditionForm.stories.tsx [2m([22m[2m3 tests[22m[2m)[22m[33m 802[2mms[22m[39m
   [33m[2m✓[22m[39m Empty [33m 450[2mms[22m[39m
[90mstdout[2m | unknown test
[22m[39m[MOCK vectorStoreDB.js] Module loaded - mock IndexedDB operations
[90mstdout[2m | unknown test
[22m[39m[Task Completion] DOM action listeners initialized
[90mstdout[2m | unknown test
[22m[39m[Task Completion] Auto-completion detector initialized
[90mstdout[2m | unknown test
[22m[39m[Preview] Task completion detector initialized
[90mstdout[2m | src/components/Gamification/BossBattleProgress.stories.tsx[2m > [22m[2mHalf Progress
[22m[39m[TranslationModeController] Setting mode to: off
[90mstdout[2m | src/components/Gamification/BossBattleProgress.stories.tsx[2m > [22m[2mNearly Complete
[22m[39m[TranslationModeController] Setting mode to: off
[90mstdout[2m | src/components/Gamification/BossBattleProgress.stories.tsx[2m > [22m[2mCompleted
[22m[39m[TranslationModeController] Setting mode to: off
[90mstdout[2m | src/components/Gamification/BossBattleProgress.stories.tsx[2m > [22m[2mExpired
[22m[39m[TranslationModeController] Setting mode to: off
[90mstdout[2m | src/components/Gamification/BossBattleProgress.stories.tsx[2m > [22m[2mInactive
[22m[39m[TranslationModeController] Setting mode to: off
[90mstdout[2m | src/components/Gamification/BossBattleProgress.stories.tsx[2m > [22m[2mMinimal
[22m[39m[TranslationModeController] Setting mode to: off
[90mstdout[2m | src/components/Gamification/BossBattleProgress.stories.tsx[2m > [22m[2mToggle Active
[22m[39m[TranslationModeController] Setting mode to: off
[90mstdout[2m | src/components/Gamification/BossBattleProgress.stories.tsx[2m > [22m[2mDelete Battle
[22m[39m[TranslationModeController] Setting mode to: off
 [32m✓[39m [30m[45m storybook (chromium) [49m[39m src/components/Gamification/BossBattleProgress.stories.tsx [2m([22m[2m8 tests[22m[2m)[22m[33m 818[2mms[22m[39m
[90mstdout[2m | unknown test
[22m[39m[MOCK vectorStoreDB.js] Module loaded - mock IndexedDB operations
[90mstdout[2m | unknown test
[22m[39m[Task Completion] DOM action listeners initialized
[90mstdout[2m | unknown test
[22m[39m[Task Completion] Auto-completion detector initialized
[90mstdout[2m | unknown test
[22m[39m[Preview] Task completion detector initialized
[90mstdout[2m | src/components/Editor3/plugins/CustomAIPlugin.stories.tsx[2m > [22m[2mEditor: Empty + Insert Button
[22m[39m[Preview] Skipped initializing default mock data (initializeMockData=false)
[90mstdout[2m | src/components/Editor3/plugins/CustomAIPlugin.stories.tsx[2m > [22m[2mEditor: Empty + Insert Button
[22m[39m[MOCK CourseVectorStore] Initialized with mock data
[90mstdout[2m | src/components/Editor3/plugins/CustomAIPlugin.stories.tsx[2m > [22m[2mEditor: Empty + Insert Button
[22m[39m[Mock Data] seedMockUnit: Adding unit mock-unit-id
[90mstdout[2m | src/components/Editor3/plugins/CustomAIPlugin.stories.tsx[2m > [22m[2mEditor: Empty + Insert Button
[22m[39m[TranslationModeController] Setting mode to: off
[90mstdout[2m | src/components/Editor3/plugins/CustomAIPlugin.stories.tsx[2m > [22m[2mEditor: Empty + Insert Button
[22m[39m[UnitContext] useEffect triggered {
  "authLoading": false,
  "hasUser": true,
  "id": "mock-unit-id",
  "userSub": "mock-user-sub",
}
[90mstdout[2m | src/components/Editor3/plugins/CustomAIPlugin.stories.tsx[2m > [22m[2mEditor: Empty + Insert Button
[22m[39m[UnitContext] Fetching unit data for id: mock-unit-id
[90mstdout[2m | src/components/Editor3/plugins/CustomAIPlugin.stories.tsx[2m > [22m[2mEditor: Empty + Insert Button
[22m[39m[FilesContext] Initializing vector store from IndexedDB
[90mstdout[2m | src/components/Editor3/plugins/CustomAIPlugin.stories.tsx[2m > [22m[2mEditor: Empty + Insert Button
[22m[39m[FilesContext] fetchFiles called
[90mstdout[2m | src/components/Editor3/plugins/CustomAIPlugin.stories.tsx[2m > [22m[2mEditor: Empty + Insert Button
[22m[39m[FilesContext] User authenticated: mock-user-sub
[90mstdout[2m | src/components/Editor3/plugins/CustomAIPlugin.stories.tsx[2m > [22m[2mEditor: Empty + Insert Button
[22m[39m[FilesContext] Identity ID: us-east-1:mock-identity-123
[90mstdout[2m | src/components/Editor3/plugins/CustomAIPlugin.stories.tsx[2m > [22m[2mEditor: Empty + Insert Button
[22m[39m[FilesContext] About to set up File observeQuery
[90mstdout[2m | src/components/Editor3/plugins/CustomAIPlugin.stories.tsx[2m > [22m[2mEditor: Empty + Insert Button
[22m[39m[ChatContext] Setting up AssistantChat observeQuery
[90mstdout[2m | src/components/Editor3/plugins/CustomAIPlugin.stories.tsx[2m > [22m[2mEditor: Empty + Insert Button
[22m[39m[ChatContext] Waiting for subscription to initialize
[90mstdout[2m | src/components/Editor3/plugins/CustomAIPlugin.stories.tsx[2m > [22m[2mEditor: Empty + Insert Button
[22m[39m[SettingsContext] Setting up Settings subscription for user: mock-user-sub
[90mstdout[2m | src/components/Editor3/plugins/CustomAIPlugin.stories.tsx[2m > [22m[2mEditor: Empty + Insert Button
[22m[39m[Mock Data] Settings created: mock-settings-1790418131330 - notified 0 subscribers
[90mstdout[2m | src/components/Editor3/plugins/CustomAIPlugin.stories.tsx[2m > [22m[2mEditor: Empty + Insert Button
[22m[39m[Mock Data] Unit.onUpdate() subscription added. Total: 1
[90mstdout[2m | src/components/Editor3/plugins/CustomAIPlugin.stories.tsx[2m > [22m[2mEditor: Empty + Insert Button
[22m[39m[SectionContext] Section observeQuery update: 0
[90mstdout[2m | src/components/Editor3/plugins/CustomAIPlugin.stories.tsx[2m > [22m[2mEditor: Empty + Insert Button
[22m[39m[FilesContext] File observeQuery update: 0 files
[90mstdout[2m | src/components/Editor3/plugins/CustomAIPlugin.stories.tsx[2m > [22m[2mEditor: Empty + Insert Button
[22m[39m[ChatContext] AssistantChat initialized with 0 chats
[90mstdout[2m | src/components/Editor3/plugins/CustomAIPlugin.stories.tsx[2m > [22m[2mEditor: Empty + Insert Button
[22m[39m[Mock Storage] downloadData called with: undefined
[90mstdout[2m | src/components/Editor3/plugins/CustomAIPlugin.stories.tsx[2m > [22m[2mEditor: Empty + Insert Button
[22m[39m[MOCK CourseVectorStore] Initialized with mock data
[90mstdout[2m | src/components/Editor3/plugins/CustomAIPlugin.stories.tsx[2m > [22m[2mEditor: Empty + Insert Button
[22m[39m[ChatContext] No current chat available, will create one
[90mstdout[2m | src/components/Editor3/plugins/CustomAIPlugin.stories.tsx[2m > [22m[2mEditor: Empty + Insert Button
[22m[39m[ChatContext] Creating AssistantChat with user: undefined
[90mstdout[2m | src/components/Editor3/plugins/CustomAIPlugin.stories.tsx[2m > [22m[2mEditor: Empty + Insert Button
[22m[39m[Mock Data] AssistantChat created: mock-assistantchat-1790418131346 - notified 1 subscribers
[90mstdout[2m | src/components/Editor3/plugins/CustomAIPlugin.stories.tsx[2m > [22m[2mEditor: Empty + Insert Button
[22m[39m[ChatContext] Create result: {
  "data": {
    "_version": 1,
    "archived": false,
    "chatFiles": [Function anonymous],
    "createdAt": "2026-09-26T10:22:11.346Z",
    "id": "mock-assistantchat-1790418131346",
    "model": "gpt-4",
    "updatedAt": "2026-09-26T10:22:11.346Z",
  },
  "errors": [],
  "hasData": true,
  "hasErrors": true,
}
[90mstdout[2m | src/components/Editor3/plugins/CustomAIPlugin.stories.tsx[2m > [22m[2mEditor: Empty + Insert Button
[22m[39m[ChatContext] Created AssistantChat: mock-assistantchat-1790418131346 at: 2026-09-26T10:22:11.346Z
[90mstdout[2m | src/components/Editor3/plugins/CustomAIPlugin.stories.tsx[2m > [22m[2mEditor: Empty + Insert Button
[22m[39m[ChatContext] Setting initial chat: mock-assistantchat-1790418131346
[90mstdout[2m | src/components/Editor3/plugins/CustomAIPlugin.stories.tsx[2m > [22m[2mEditor: Empty + Insert Button
[22m[39m[ChatContext] Chat exists and not archived, skipping creation
[90mstdout[2m | src/components/Editor3/plugins/CustomAIPlugin.stories.tsx[2m > [22m[2mEditor: With Questions & Criteria
[22m[39m[ChatContext] Cleaning up subscriptions
[90mstdout[2m | src/components/Editor3/plugins/CustomAIPlugin.stories.tsx[2m > [22m[2mEditor: With Questions & Criteria
[22m[39m[Mock Data] Unit.onUpdate() subscription removed. Remaining: 0
[90mstdout[2m | src/components/Editor3/plugins/CustomAIPlugin.stories.tsx[2m > [22m[2mEditor: With Questions & Criteria
[22m[39m[Preview] Skipped initializing default mock data (initializeMockData=false)
[90mstdout[2m | src/components/Editor3/plugins/CustomAIPlugin.stories.tsx[2m > [22m[2mEditor: With Questions & Criteria
[22m[39m[MOCK CourseVectorStore] Initialized with mock data
[90mstdout[2m | src/components/Editor3/plugins/CustomAIPlugin.stories.tsx[2m > [22m[2mEditor: With Questions & Criteria
[22m[39m[Mock Data] seedMockUnit: Adding unit mock-unit-id
[90mstdout[2m | src/components/Editor3/plugins/CustomAIPlugin.stories.tsx[2m > [22m[2mEditor: With Questions & Criteria
[22m[39m[TranslationModeController] Setting mode to: off
[90mstdout[2m | src/components/Editor3/plugins/CustomAIPlugin.stories.tsx[2m > [22m[2mEditor: With Questions & Criteria
[22m[39m[UnitContext] useEffect triggered {
  "authLoading": false,
  "hasUser": true,
  "id": "mock-unit-id",
  "userSub": "mock-user-sub",
}
[90mstdout[2m | src/components/Editor3/plugins/CustomAIPlugin.stories.tsx[2m > [22m[2mEditor: With Questions & Criteria
[22m[39m[UnitContext] Fetching unit data for id: mock-unit-id
[90mstdout[2m | src/components/Editor3/plugins/CustomAIPlugin.stories.tsx[2m > [22m[2mEditor: With Questions & Criteria
[22m[39m[FilesContext] Initializing vector store from IndexedDB
[90mstdout[2m | src/components/Editor3/plugins/CustomAIPlugin.stories.tsx[2m > [22m[2mEditor: With Questions & Criteria
[22m[39m[FilesContext] fetchFiles called
[90mstdout[2m | src/components/Editor3/plugins/CustomAIPlugin.stories.tsx[2m > [22m[2mEditor: With Questions & Criteria
[22m[39m[FilesContext] User authenticated: mock-user-sub
[90mstdout[2m | src/components/Editor3/plugins/CustomAIPlugin.stories.tsx[2m > [22m[2mEditor: With Questions & Criteria
[22m[39m[FilesContext] Identity ID: us-east-1:mock-identity-123
[90mstdout[2m | src/components/Editor3/plugins/CustomAIPlugin.stories.tsx[2m > [22m[2mEditor: With Questions & Criteria
[22m[39m[FilesContext] About to set up File observeQuery
[90mstdout[2m | src/components/Editor3/plugins/CustomAIPlugin.stories.tsx[2m > [22m[2mEditor: With Questions & Criteria
[22m[39m[ChatContext] Setting up AssistantChat observeQuery
[90mstdout[2m | src/components/Editor3/plugins/CustomAIPlugin.stories.tsx[2m > [22m[2mEditor: With Questions & Criteria
[22m[39m[ChatContext] Waiting for subscription to initialize
[90mstdout[2m | src/components/Editor3/plugins/CustomAIPlugin.stories.tsx[2m > [22m[2mEditor: With Questions & Criteria
[22m[39m[SettingsContext] Setting up Settings subscription for user: mock-user-sub
[90mstdout[2m | src/components/Editor3/plugins/CustomAIPlugin.stories.tsx[2m > [22m[2mEditor: With Questions & Criteria
[22m[39m[Mock Data] Settings created: mock-settings-1790418131498 - notified 0 subscribers
[90mstdout[2m | src/components/Editor3/plugins/CustomAIPlugin.stories.tsx[2m > [22m[2mEditor: With Questions & Criteria
[22m[39m[Mock Data] Unit.onUpdate() subscription added. Total: 1
[90mstdout[2m | src/components/Editor3/plugins/CustomAIPlugin.stories.tsx[2m > [22m[2mEditor: With Questions & Criteria
[22m[39m[SectionContext] Section observeQuery update: 0
[90mstdout[2m | src/components/Editor3/plugins/CustomAIPlugin.stories.tsx[2m > [22m[2mEditor: With Questions & Criteria
[22m[39m[FilesContext] File observeQuery update: 0 files
[90mstdout[2m | src/components/Editor3/plugins/CustomAIPlugin.stories.tsx[2m > [22m[2mEditor: With Questions & Criteria
[22m[39m[ChatContext] AssistantChat initialized with 0 chats
[90mstdout[2m | src/components/Editor3/plugins/CustomAIPlugin.stories.tsx[2m > [22m[2mEditor: With Questions & Criteria
[22m[39m[MOCK CourseVectorStore] Initialized with mock data
[90mstdout[2m | src/components/Editor3/plugins/CustomAIPlugin.stories.tsx[2m > [22m[2mEditor: With Questions & Criteria
[22m[39m[ChatContext] No current chat available, will create one
[90mstdout[2m | src/components/Editor3/plugins/CustomAIPlugin.stories.tsx[2m > [22m[2mEditor: With Questions & Criteria
[22m[39m[ChatContext] Creating AssistantChat with user: undefined
[90mstdout[2m | src/components/Editor3/plugins/CustomAIPlugin.stories.tsx[2m > [22m[2mEditor: With Questions & Criteria
[22m[39m[Mock Data] AssistantChat created: mock-assistantchat-1790418131511 - notified 1 subscribers
[90mstdout[2m | src/components/Editor3/plugins/CustomAIPlugin.stories.tsx[2m > [22m[2mEditor: With Questions & Criteria
[22m[39m[ChatContext] Create result: {
  "data": {
    "_version": 1,
    "archived": false,
    "chatFiles": [Function anonymous],
    "createdAt": "2026-09-26T10:22:11.511Z",
    "id": "mock-assistantchat-1790418131511",
    "model": "gpt-4",
    "updatedAt": "2026-09-26T10:22:11.511Z",
  },
  "errors": [],
  "hasData": true,
  "hasErrors": true,
}
[90mstdout[2m | src/components/Editor3/plugins/CustomAIPlugin.stories.tsx[2m > [22m[2mEditor: With Questions & Criteria
[22m[39m[ChatContext] Created AssistantChat: mock-assistantchat-1790418131511 at: 2026-09-26T10:22:11.511Z
[90mstdout[2m | src/components/Editor3/plugins/CustomAIPlugin.stories.tsx[2m > [22m[2mEditor: With Questions & Criteria
[22m[39m[Mock Storage] downloadData called with: undefined
[90mstdout[2m | src/components/Editor3/plugins/CustomAIPlugin.stories.tsx[2m > [22m[2mEditor: With Questions & Criteria
[22m[39m[ChatContext] Setting initial chat: mock-assistantchat-1790418131511
[90mstdout[2m | src/components/Editor3/plugins/CustomAIPlugin.stories.tsx[2m > [22m[2mEditor: With Questions & Criteria
[22m[39m[ChatContext] Chat exists and not archived, skipping creation
[90mstdout[2m | src/components/Editor3/plugins/CustomAIPlugin.stories.tsx[2m > [22m[2mStudent: Text Input Mode
[22m[39m[ChatContext] Cleaning up subscriptions
[90mstdout[2m | src/components/Editor3/plugins/CustomAIPlugin.stories.tsx[2m > [22m[2mStudent: Text Input Mode
[22m[39m[Mock Data] Unit.onUpdate() subscription removed. Remaining: 0
[90mstdout[2m | src/components/Editor3/plugins/CustomAIPlugin.stories.tsx[2m > [22m[2mStudent: Text Input Mode
[22m[39m[Preview] Skipped initializing default mock data (initializeMockData=false)
[90mstdout[2m | src/components/Editor3/plugins/CustomAIPlugin.stories.tsx[2m > [22m[2mStudent: Text Input Mode
[22m[39m[MOCK CourseVectorStore] Initialized with mock data
[90mstdout[2m | src/components/Editor3/plugins/CustomAIPlugin.stories.tsx[2m > [22m[2mStudent: Text Input Mode
[22m[39m[Mock Data] seedMockUnit: Adding unit mock-unit-id
[90mstdout[2m | src/components/Editor3/plugins/CustomAIPlugin.stories.tsx[2m > [22m[2mStudent: Text Input Mode
[22m[39m[TranslationModeController] Setting mode to: off
[90mstdout[2m | src/components/Editor3/plugins/CustomAIPlugin.stories.tsx[2m > [22m[2mStudent: Text Input Mode
[22m[39m[UnitContext] useEffect triggered {
  "authLoading": false,
  "hasUser": true,
  "id": "mock-unit-id",
  "userSub": "mock-user-sub",
}
[90mstdout[2m | src/components/Editor3/plugins/CustomAIPlugin.stories.tsx[2m > [22m[2mStudent: Text Input Mode
[22m[39m[UnitContext] Fetching unit data for id: mock-unit-id
[90mstdout[2m | src/components/Editor3/plugins/CustomAIPlugin.stories.tsx[2m > [22m[2mStudent: Text Input Mode
[22m[39m[FilesContext] Initializing vector store from IndexedDB
[90mstdout[2m | src/components/Editor3/plugins/CustomAIPlugin.stories.tsx[2m > [22m[2mStudent: Text Input Mode
[22m[39m[FilesContext] fetchFiles called
[90mstdout[2m | src/components/Editor3/plugins/CustomAIPlugin.stories.tsx[2m > [22m[2mStudent: Text Input Mode
[22m[39m[FilesContext] User authenticated: mock-user-sub
[90mstdout[2m | src/components/Editor3/plugins/CustomAIPlugin.stories.tsx[2m > [22m[2mStudent: Text Input Mode
[22m[39m[FilesContext] Identity ID: us-east-1:mock-identity-123
[90mstdout[2m | src/components/Editor3/plugins/CustomAIPlugin.stories.tsx[2m > [22m[2mStudent: Text Input Mode
[22m[39m[FilesContext] About to set up File observeQuery
[90mstdout[2m | src/components/Editor3/plugins/CustomAIPlugin.stories.tsx[2m > [22m[2mStudent: Text Input Mode
[22m[39m[ChatContext] Setting up AssistantChat observeQuery
[90mstdout[2m | src/components/Editor3/plugins/CustomAIPlugin.stories.tsx[2m > [22m[2mStudent: Text Input Mode
[22m[39m[ChatContext] Waiting for subscription to initialize
[90mstdout[2m | src/components/Editor3/plugins/CustomAIPlugin.stories.tsx[2m > [22m[2mStudent: Text Input Mode
[22m[39m[SettingsContext] Setting up Settings subscription for user: mock-user-sub
[90mstdout[2m | src/components/Editor3/plugins/CustomAIPlugin.stories.tsx[2m > [22m[2mStudent: Text Input Mode
[22m[39m[Mock Data] Settings created: mock-settings-1790418131655 - notified 0 subscribers
[90mstdout[2m | src/components/Editor3/plugins/CustomAIPlugin.stories.tsx[2m > [22m[2mStudent: Text Input Mode
[22m[39m[Mock Data] Unit.onUpdate() subscription added. Total: 1
[90mstdout[2m | src/components/Editor3/plugins/CustomAIPlugin.stories.tsx[2m > [22m[2mStudent: Text Input Mode
[22m[39m[SectionContext] Section observeQuery update: 0
[90mstdout[2m | src/components/Editor3/plugins/CustomAIPlugin.stories.tsx[2m > [22m[2mStudent: Text Input Mode
[22m[39m[FilesContext] File observeQuery update: 0 files
[90mstdout[2m | src/components/Editor3/plugins/CustomAIPlugin.stories.tsx[2m > [22m[2mStudent: Text Input Mode
[22m[39m[ChatContext] AssistantChat initialized with 0 chats
[90mstdout[2m | src/components/Editor3/plugins/CustomAIPlugin.stories.tsx[2m > [22m[2mStudent: Text Input Mode
[22m[39m[MOCK CourseVectorStore] Initialized with mock data
[90mstdout[2m | src/components/Editor3/plugins/CustomAIPlugin.stories.tsx[2m > [22m[2mStudent: Text Input Mode
[22m[39m[ChatContext] No current chat available, will create one
[90mstdout[2m | src/components/Editor3/plugins/CustomAIPlugin.stories.tsx[2m > [22m[2mStudent: Text Input Mode
[22m[39m[ChatContext] Creating AssistantChat with user: undefined
[90mstdout[2m | src/components/Editor3/plugins/CustomAIPlugin.stories.tsx[2m > [22m[2mStudent: Text Input Mode
[22m[39m[Mock Data] AssistantChat created: mock-assistantchat-1790418131670 - notified 1 subscribers
[90mstdout[2m | src/components/Editor3/plugins/CustomAIPlugin.stories.tsx[2m > [22m[2mStudent: Text Input Mode
[22m[39m[ChatContext] Create result: {
  "data": {
    "_version": 1,
    "archived": false,
    "chatFiles": [Function anonymous],
    "createdAt": "2026-09-26T10:22:11.670Z",
    "id": "mock-assistantchat-1790418131670",
    "model": "gpt-4",
    "updatedAt": "2026-09-26T10:22:11.670Z",
  },
  "errors": [],
  "hasData": true,
  "hasErrors": true,
}
[90mstdout[2m | src/components/Editor3/plugins/CustomAIPlugin.stories.tsx[2m > [22m[2mStudent: Text Input Mode
[22m[39m[ChatContext] Created AssistantChat: mock-assistantchat-1790418131670 at: 2026-09-26T10:22:11.670Z
[90mstdout[2m | src/components/Editor3/plugins/CustomAIPlugin.stories.tsx[2m > [22m[2mStudent: Text Input Mode
[22m[39m[Mock Storage] downloadData called with: undefined
[90mstdout[2m | src/components/Editor3/plugins/CustomAIPlugin.stories.tsx[2m > [22m[2mStudent: Text Input Mode
[22m[39m[ChatContext] Setting initial chat: mock-assistantchat-1790418131670
[90mstdout[2m | src/components/Editor3/plugins/CustomAIPlugin.stories.tsx[2m > [22m[2mStudent: Text Input Mode
[22m[39m[ChatContext] Chat exists and not archived, skipping creation
[90mstdout[2m | src/components/Editor3/plugins/CustomAIPlugin.stories.tsx[2m > [22m[2mStudent: All Input Modes
[22m[39m[ChatContext] Cleaning up subscriptions
[90mstdout[2m | src/components/Editor3/plugins/CustomAIPlugin.stories.tsx[2m > [22m[2mStudent: All Input Modes
[22m[39m[Mock Data] Unit.onUpdate() subscription removed. Remaining: 0
[90mstdout[2m | src/components/Editor3/plugins/CustomAIPlugin.stories.tsx[2m > [22m[2mStudent: All Input Modes
[22m[39m[Preview] Skipped initializing default mock data (initializeMockData=false)
[90mstdout[2m | src/components/Editor3/plugins/CustomAIPlugin.stories.tsx[2m > [22m[2mStudent: All Input Modes
[22m[39m[MOCK CourseVectorStore] Initialized with mock data
[90mstdout[2m | src/components/Editor3/plugins/CustomAIPlugin.stories.tsx[2m > [22m[2mStudent: All Input Modes
[22m[39m[Mock Data] seedMockUnit: Adding unit mock-unit-id
[90mstdout[2m | src/components/Editor3/plugins/CustomAIPlugin.stories.tsx[2m > [22m[2mStudent: All Input Modes
[22m[39m[TranslationModeController] Setting mode to: off
[90mstdout[2m | src/components/Editor3/plugins/CustomAIPlugin.stories.tsx[2m > [22m[2mStudent: All Input Modes
[22m[39m[UnitContext] useEffect triggered {
  "authLoading": false,
  "hasUser": true,
  "id": "mock-unit-id",
  "userSub": "mock-user-sub",
}
[90mstdout[2m | src/components/Editor3/plugins/CustomAIPlugin.stories.tsx[2m > [22m[2mStudent: All Input Modes
[22m[39m[UnitContext] Fetching unit data for id: mock-unit-id
[90mstdout[2m | src/components/Editor3/plugins/CustomAIPlugin.stories.tsx[2m > [22m[2mStudent: All Input Modes
[22m[39m[FilesContext] Initializing vector store from IndexedDB
[90mstdout[2m | src/components/Editor3/plugins/CustomAIPlugin.stories.tsx[2m > [22m[2mStudent: All Input Modes
[22m[39m[FilesContext] fetchFiles called
[90mstdout[2m | src/components/Editor3/plugins/CustomAIPlugin.stories.tsx[2m > [22m[2mStudent: All Input Modes
[22m[39m[FilesContext] User authenticated: mock-user-sub
[90mstdout[2m | src/components/Editor3/plugins/CustomAIPlugin.stories.tsx[2m > [22m[2mStudent: All Input Modes
[22m[39m[FilesContext] Identity ID: us-east-1:mock-identity-123
[90mstdout[2m | src/components/Editor3/plugins/CustomAIPlugin.stories.tsx[2m > [22m[2mStudent: All Input Modes
[22m[39m[FilesContext] About to set up File observeQuery
[90mstdout[2m | src/components/Editor3/plugins/CustomAIPlugin.stories.tsx[2m > [22m[2mStudent: All Input Modes
[22m[39m[ChatContext] Setting up AssistantChat observeQuery
[90mstdout[2m | src/components/Editor3/plugins/CustomAIPlugin.stories.tsx[2m > [22m[2mStudent: All Input Modes
[22m[39m[ChatContext] Waiting for subscription to initialize
[90mstdout[2m | src/components/Editor3/plugins/CustomAIPlugin.stories.tsx[2m > [22m[2mStudent: All Input Modes
[22m[39m[SettingsContext] Setting up Settings subscription for user: mock-user-sub
[90mstdout[2m | src/components/Editor3/plugins/CustomAIPlugin.stories.tsx[2m > [22m[2mStudent: All Input Modes
[22m[39m[Mock Data] Settings created: mock-settings-1790418131831 - notified 0 subscribers
[90mstdout[2m | src/components/Editor3/plugins/CustomAIPlugin.stories.tsx[2m > [22m[2mStudent: All Input Modes
[22m[39m[Mock Data] Unit.onUpdate() subscription added. Total: 1
[90mstdout[2m | src/components/Editor3/plugins/CustomAIPlugin.stories.tsx[2m > [22m[2mStudent: All Input Modes
[22m[39m[SectionContext] Section observeQuery update: 0
[90mstdout[2m | src/components/Editor3/plugins/CustomAIPlugin.stories.tsx[2m > [22m[2mStudent: All Input Modes
[22m[39m[FilesContext] File observeQuery update: 0 files
[90mstdout[2m | src/components/Editor3/plugins/CustomAIPlugin.stories.tsx[2m > [22m[2mStudent: All Input Modes
[22m[39m[ChatContext] AssistantChat initialized with 0 chats
[90mstdout[2m | src/components/Editor3/plugins/CustomAIPlugin.stories.tsx[2m > [22m[2mStudent: All Input Modes
[22m[39m[MOCK CourseVectorStore] Initialized with mock data
[90mstdout[2m | src/components/Editor3/plugins/CustomAIPlugin.stories.tsx[2m > [22m[2mStudent: All Input Modes
[22m[39m[ChatContext] No current chat available, will create one
[90mstdout[2m | src/components/Editor3/plugins/CustomAIPlugin.stories.tsx[2m > [22m[2mStudent: All Input Modes
[22m[39m[ChatContext] Creating AssistantChat with user: undefined
[90mstdout[2m | src/components/Editor3/plugins/CustomAIPlugin.stories.tsx[2m > [22m[2mStudent: All Input Modes
[22m[39m[Mock Data] AssistantChat created: mock-assistantchat-1790418131864 - notified 1 subscribers
[90mstdout[2m | src/components/Editor3/plugins/CustomAIPlugin.stories.tsx[2m > [22m[2mStudent: All Input Modes
[22m[39m[ChatContext] Create result: {
  "data": {
    "_version": 1,
    "archived": false,
    "chatFiles": [Function anonymous],
    "createdAt": "2026-09-26T10:22:11.864Z",
    "id": "mock-assistantchat-1790418131864",
    "model": "gpt-4",
    "updatedAt": "2026-09-26T10:22:11.864Z",
  },
  "errors": [],
  "hasData": true,
  "hasErrors": true,
}
[90mstdout[2m | src/components/Editor3/plugins/CustomAIPlugin.stories.tsx[2m > [22m[2mStudent: All Input Modes
[22m[39m[ChatContext] Created AssistantChat: mock-assistantchat-1790418131864 at: 2026-09-26T10:22:11.864Z
[90mstdout[2m | src/components/Editor3/plugins/CustomAIPlugin.stories.tsx[2m > [22m[2mStudent: All Input Modes
[22m[39m[Mock Storage] downloadData called with: undefined
[90mstdout[2m | src/components/Editor3/plugins/CustomAIPlugin.stories.tsx[2m > [22m[2mStudent: All Input Modes
[22m[39m[ChatContext] Setting initial chat: mock-assistantchat-1790418131864
[90mstdout[2m | src/components/Editor3/plugins/CustomAIPlugin.stories.tsx[2m > [22m[2mStudent: All Input Modes
[22m[39m[ChatContext] Chat exists and not archived, skipping creation
[90mstdout[2m | src/components/Editor3/plugins/CustomAIPlugin.stories.tsx[2m > [22m[2mEditor: Empty Block (No Questions)
[22m[39m[ChatContext] Cleaning up subscriptions
[90mstdout[2m | src/components/Editor3/plugins/CustomAIPlugin.stories.tsx[2m > [22m[2mEditor: Empty Block (No Questions)
[22m[39m[Mock Data] Unit.onUpdate() subscription removed. Remaining: 0
[90mstdout[2m | src/components/Editor3/plugins/CustomAIPlugin.stories.tsx[2m > [22m[2mEditor: Empty Block (No Questions)
[22m[39m[Preview] Skipped initializing default mock data (initializeMockData=false)
[90mstdout[2m | src/components/Editor3/plugins/CustomAIPlugin.stories.tsx[2m > [22m[2mEditor: Empty Block (No Questions)
[22m[39m[MOCK CourseVectorStore] Initialized with mock data
[90mstdout[2m | src/components/Editor3/plugins/CustomAIPlugin.stories.tsx[2m > [22m[2mEditor: Empty Block (No Questions)
[22m[39m[Mock Data] seedMockUnit: Adding unit mock-unit-id
[90mstdout[2m | src/components/Editor3/plugins/CustomAIPlugin.stories.tsx[2m > [22m[2mEditor: Empty Block (No Questions)
[22m[39m[TranslationModeController] Setting mode to: off
[90mstdout[2m | src/components/Editor3/plugins/CustomAIPlugin.stories.tsx[2m > [22m[2mEditor: Empty Block (No Questions)
[22m[39m[UnitContext] useEffect triggered {
  "authLoading": false,
  "hasUser": true,
  "id": "mock-unit-id",
  "userSub": "mock-user-sub",
}
[90mstdout[2m | src/components/Editor3/plugins/CustomAIPlugin.stories.tsx[2m > [22m[2mEditor: Empty Block (No Questions)
[22m[39m[UnitContext] Fetching unit data for id: mock-unit-id
[90mstdout[2m | src/components/Editor3/plugins/CustomAIPlugin.stories.tsx[2m > [22m[2mEditor: Empty Block (No Questions)
[22m[39m[FilesContext] Initializing vector store from IndexedDB
[90mstdout[2m | src/components/Editor3/plugins/CustomAIPlugin.stories.tsx[2m > [22m[2mEditor: Empty Block (No Questions)
[22m[39m[FilesContext] fetchFiles called
[90mstdout[2m | src/components/Editor3/plugins/CustomAIPlugin.stories.tsx[2m > [22m[2mEditor: Empty Block (No Questions)
[22m[39m[FilesContext] User authenticated: mock-user-sub
[90mstdout[2m | src/components/Editor3/plugins/CustomAIPlugin.stories.tsx[2m > [22m[2mEditor: Empty Block (No Questions)
[22m[39m[FilesContext] Identity ID: us-east-1:mock-identity-123
[90mstdout[2m | src/components/Editor3/plugins/CustomAIPlugin.stories.tsx[2m > [22m[2mEditor: Empty Block (No Questions)
[22m[39m[FilesContext] About to set up File observeQuery
[90mstdout[2m | src/components/Editor3/plugins/CustomAIPlugin.stories.tsx[2m > [22m[2mEditor: Empty Block (No Questions)
[22m[39m[ChatContext] Setting up AssistantChat observeQuery
[90mstdout[2m | src/components/Editor3/plugins/CustomAIPlugin.stories.tsx[2m > [22m[2mEditor: Empty Block (No Questions)
[22m[39m[ChatContext] Waiting for subscription to initialize
[90mstdout[2m | src/components/Editor3/plugins/CustomAIPlugin.stories.tsx[2m > [22m[2mEditor: Empty Block (No Questions)
[22m[39m[SettingsContext] Setting up Settings subscription for user: mock-user-sub
[90mstdout[2m | src/components/Editor3/plugins/CustomAIPlugin.stories.tsx[2m > [22m[2mEditor: Empty Block (No Questions)
[22m[39m[Mock Data] Settings created: mock-settings-1790418132061 - notified 0 subscribers
[90mstdout[2m | src/components/Editor3/plugins/CustomAIPlugin.stories.tsx[2m > [22m[2mEditor: Empty Block (No Questions)
[22m[39m[Mock Data] Unit.onUpdate() subscription added. Total: 1
[90mstdout[2m | src/components/Editor3/plugins/CustomAIPlugin.stories.tsx[2m > [22m[2mEditor: Empty Block (No Questions)
[22m[39m[SectionContext] Section observeQuery update: 0
[90mstdout[2m | src/components/Editor3/plugins/CustomAIPlugin.stories.tsx[2m > [22m[2mEditor: Empty Block (No Questions)
[22m[39m[FilesContext] File observeQuery update: 0 files
[90mstdout[2m | src/components/Editor3/plugins/CustomAIPlugin.stories.tsx[2m > [22m[2mEditor: Empty Block (No Questions)
[22m[39m[ChatContext] AssistantChat initialized with 0 chats
[90mstdout[2m | src/components/Editor3/plugins/CustomAIPlugin.stories.tsx[2m > [22m[2mEditor: Empty Block (No Questions)
[22m[39m[MOCK CourseVectorStore] Initialized with mock data
[90mstdout[2m | src/components/Editor3/plugins/CustomAIPlugin.stories.tsx[2m > [22m[2mEditor: Empty Block (No Questions)
[22m[39m[ChatContext] No current chat available, will create one
[90mstdout[2m | src/components/Editor3/plugins/CustomAIPlugin.stories.tsx[2m > [22m[2mEditor: Empty Block (No Questions)
[22m[39m[ChatContext] Creating AssistantChat with user: undefined
[90mstdout[2m | src/components/Editor3/plugins/CustomAIPlugin.stories.tsx[2m > [22m[2mEditor: Empty Block (No Questions)
[22m[39m[Mock Data] AssistantChat created: mock-assistantchat-1790418132101 - notified 1 subscribers
[90mstdout[2m | src/components/Editor3/plugins/CustomAIPlugin.stories.tsx[2m > [22m[2mEditor: Empty Block (No Questions)
[22m[39m[ChatContext] Create result: {
  "data": {
    "_version": 1,
    "archived": false,
    "chatFiles": [Function anonymous],
    "createdAt": "2026-09-26T10:22:12.101Z",
    "id": "mock-assistantchat-1790418132101",
    "model": "gpt-4",
    "updatedAt": "2026-09-26T10:22:12.101Z",
  },
  "errors": [],
  "hasData": true,
  "hasErrors": true,
}
[90mstdout[2m | src/components/Editor3/plugins/CustomAIPlugin.stories.tsx[2m > [22m[2mEditor: Empty Block (No Questions)
[22m[39m[ChatContext] Created AssistantChat: mock-assistantchat-1790418132101 at: 2026-09-26T10:22:12.101Z
[90mstdout[2m | src/components/Editor3/plugins/CustomAIPlugin.stories.tsx[2m > [22m[2mEditor: Empty Block (No Questions)
[22m[39m[Mock Storage] downloadData called with: undefined
[90mstdout[2m | src/components/Editor3/plugins/CustomAIPlugin.stories.tsx[2m > [22m[2mEditor: Empty Block (No Questions)
[22m[39m[ChatContext] Setting initial chat: mock-assistantchat-1790418132101
[90mstdout[2m | src/components/Editor3/plugins/CustomAIPlugin.stories.tsx[2m > [22m[2mEditor: Empty Block (No Questions)
[22m[39m[ChatContext] Chat exists and not archived, skipping creation
 [32m✓[39m [30m[45m storybook (chromium) [49m[39m src/components/Editor3/plugins/CustomAIPlugin.stories.tsx [2m([22m[2m5 tests[22m[2m)[22m[33m 952[2mms[22m[39m
[90mstdout[2m | unknown test
[22m[39m[MOCK vectorStoreDB.js] Module loaded - mock IndexedDB operations
[90mstdout[2m | unknown test
[22m[39m[Task Completion] DOM action listeners initialized
[90mstdout[2m | unknown test
[22m[39m[Task Completion] Auto-completion detector initialized
[90mstdout[2m | unknown test
[22m[39m[Preview] Task completion detector initialized
[90mstdout[2m | src/components/Gamification/ChallengeRecapCard.stories.tsx[2m > [22m[2mWith Recaps
[22m[39m[MOCK CourseVectorStore] Initialized with mock data
[90mstdout[2m | src/components/Gamification/ChallengeRecapCard.stories.tsx[2m > [22m[2mWith Recaps
[22m[39m[TranslationModeController] Setting mode to: off
[90mstdout[2m | src/components/Gamification/ChallengeRecapCard.stories.tsx[2m > [22m[2mWith Recaps
[22m[39m[UnitContext] useEffect triggered {
  "authLoading": false,
  "hasUser": true,
  "id": "mock-unit-id",
  "userSub": "mock-user-sub",
}
[90mstdout[2m | src/components/Gamification/ChallengeRecapCard.stories.tsx[2m > [22m[2mWith Recaps
[22m[39m[UnitContext] Fetching unit data for id: mock-unit-id
[90mstdout[2m | src/components/Gamification/ChallengeRecapCard.stories.tsx[2m > [22m[2mWith Recaps
[22m[39m[FilesContext] Initializing vector store from IndexedDB
[90mstdout[2m | src/components/Gamification/ChallengeRecapCard.stories.tsx[2m > [22m[2mWith Recaps
[22m[39m[FilesContext] fetchFiles called
[90mstdout[2m | src/components/Gamification/ChallengeRecapCard.stories.tsx[2m > [22m[2mWith Recaps
[22m[39m[FilesContext] User authenticated: mock-user-sub
[90mstdout[2m | src/components/Gamification/ChallengeRecapCard.stories.tsx[2m > [22m[2mWith Recaps
[22m[39m[FilesContext] Identity ID: us-east-1:mock-identity-123
[90mstdout[2m | src/components/Gamification/ChallengeRecapCard.stories.tsx[2m > [22m[2mWith Recaps
[22m[39m[FilesContext] About to set up File observeQuery
[90mstdout[2m | src/components/Gamification/ChallengeRecapCard.stories.tsx[2m > [22m[2mWith Recaps
[22m[39m[ChatContext] Setting up AssistantChat observeQuery
[90mstdout[2m | src/components/Gamification/ChallengeRecapCard.stories.tsx[2m > [22m[2mWith Recaps
[22m[39m[ChatContext] Waiting for subscription to initialize
[90mstdout[2m | src/components/Gamification/ChallengeRecapCard.stories.tsx[2m > [22m[2mWith Recaps
[22m[39m[SettingsContext] Setting up Settings subscription for user: mock-user-sub
[90mstdout[2m | src/components/Gamification/ChallengeRecapCard.stories.tsx[2m > [22m[2mWith Recaps
[22m[39m[Mock Data] Settings created: mock-settings-1790418132920 - notified 0 subscribers
[90mstdout[2m | src/components/Gamification/ChallengeRecapCard.stories.tsx[2m > [22m[2mWith Recaps
[22m[39m[Mock Data] Unit.onUpdate() subscription added. Total: 1
[90mstdout[2m | src/components/Gamification/ChallengeRecapCard.stories.tsx[2m > [22m[2mWith Recaps
[22m[39m[SectionContext] Section observeQuery update: 0
[90mstdout[2m | src/components/Gamification/ChallengeRecapCard.stories.tsx[2m > [22m[2mWith Recaps
[22m[39m[FilesContext] File observeQuery update: 6 files
[90mstdout[2m | src/components/Gamification/ChallengeRecapCard.stories.tsx[2m > [22m[2mWith Recaps
[22m[39m[ChatContext] AssistantChat initialized with 1 chats
[90mstdout[2m | src/components/Gamification/ChallengeRecapCard.stories.tsx[2m > [22m[2mWith Recaps
[22m[39m[ChatContext] Setting initial chat: mock-assistant-chat-1
[90mstdout[2m | src/components/Gamification/ChallengeRecapCard.stories.tsx[2m > [22m[2mWith Recaps
[22m[39m[MOCK CourseVectorStore] Initialized with mock data
[90mstdout[2m | src/components/Gamification/ChallengeRecapCard.stories.tsx[2m > [22m[2mWith Recaps
[22m[39m[FilesContext] Vector store population triggered {
  "currentVectorStoreSize": 3,
  "documentsCount": 0,
  "filesCount": 6,
  "isInitialLoad": true,
}
[90mstdout[2m | src/components/Gamification/ChallengeRecapCard.stories.tsx[2m > [22m[2mWith Recaps
[22m[39m[FilesContext] Vector store population complete - 3 total embeddings
[90mstdout[2m | src/components/Gamification/ChallengeRecapCard.stories.tsx[2m > [22m[2mWith Recaps
[22m[39m[ChatContext] Chat exists and not archived, skipping creation
[90mstdout[2m | src/components/Gamification/ChallengeRecapCard.stories.tsx[2m > [22m[2mWith Recaps
[22m[39m[Mock Storage] downloadData called with: undefined
[90mstdout[2m | src/components/Gamification/ChallengeRecapCard.stories.tsx[2m > [22m[2mNo Recaps
[22m[39m[ChatContext] Cleaning up subscriptions
[90mstdout[2m | src/components/Gamification/ChallengeRecapCard.stories.tsx[2m > [22m[2mNo Recaps
[22m[39m[Mock Data] Unit.onUpdate() subscription removed. Remaining: 0
[90mstdout[2m | src/components/Gamification/ChallengeRecapCard.stories.tsx[2m > [22m[2mNo Recaps
[22m[39m[MOCK CourseVectorStore] Initialized with mock data
[90mstdout[2m | src/components/Gamification/ChallengeRecapCard.stories.tsx[2m > [22m[2mNo Recaps
[22m[39m[TranslationModeController] Setting mode to: off
[90mstdout[2m | src/components/Gamification/ChallengeRecapCard.stories.tsx[2m > [22m[2mNo Recaps
[22m[39m[UnitContext] useEffect triggered {
  "authLoading": false,
  "hasUser": true,
  "id": "mock-unit-id",
  "userSub": "mock-user-sub",
}
[90mstdout[2m | src/components/Gamification/ChallengeRecapCard.stories.tsx[2m > [22m[2mNo Recaps
[22m[39m[UnitContext] Fetching unit data for id: mock-unit-id
[90mstdout[2m | src/components/Gamification/ChallengeRecapCard.stories.tsx[2m > [22m[2mNo Recaps
[22m[39m[FilesContext] Initializing vector store from IndexedDB
[90mstdout[2m | src/components/Gamification/ChallengeRecapCard.stories.tsx[2m > [22m[2mNo Recaps
[22m[39m[FilesContext] fetchFiles called
[90mstdout[2m | src/components/Gamification/ChallengeRecapCard.stories.tsx[2m > [22m[2mNo Recaps
[22m[39m[FilesContext] User authenticated: mock-user-sub
[90mstdout[2m | src/components/Gamification/ChallengeRecapCard.stories.tsx[2m > [22m[2mNo Recaps
[22m[39m[FilesContext] Identity ID: us-east-1:mock-identity-123
[90mstdout[2m | src/components/Gamification/ChallengeRecapCard.stories.tsx[2m > [22m[2mNo Recaps
[22m[39m[FilesContext] About to set up File observeQuery
[90mstdout[2m | src/components/Gamification/ChallengeRecapCard.stories.tsx[2m > [22m[2mNo Recaps
[22m[39m[ChatContext] Setting up AssistantChat observeQuery
[90mstdout[2m | src/components/Gamification/ChallengeRecapCard.stories.tsx[2m > [22m[2mNo Recaps
[22m[39m[ChatContext] Waiting for subscription to initialize
[90mstdout[2m | src/components/Gamification/ChallengeRecapCard.stories.tsx[2m > [22m[2mNo Recaps
[22m[39m[SettingsContext] Setting up Settings subscription for user: mock-user-sub
[90mstdout[2m | src/components/Gamification/ChallengeRecapCard.stories.tsx[2m > [22m[2mNo Recaps
[22m[39m[Mock Data] Settings created: mock-settings-1790418133177 - notified 0 subscribers
[90mstdout[2m | src/components/Gamification/ChallengeRecapCard.stories.tsx[2m > [22m[2mNo Recaps
[22m[39m[Mock Data] Unit.onUpdate() subscription added. Total: 1
[90mstdout[2m | src/components/Gamification/ChallengeRecapCard.stories.tsx[2m > [22m[2mNo Recaps
[22m[39m[SectionContext] Section observeQuery update: 0
[90mstdout[2m | src/components/Gamification/ChallengeRecapCard.stories.tsx[2m > [22m[2mNo Recaps
[22m[39m[FilesContext] File observeQuery update: 6 files
[90mstdout[2m | src/components/Gamification/ChallengeRecapCard.stories.tsx[2m > [22m[2mNo Recaps
[22m[39m[Mock Storage] downloadData called with: undefined
[90mstdout[2m | src/components/Gamification/ChallengeRecapCard.stories.tsx[2m > [22m[2mNo Recaps
[22m[39m[MOCK CourseVectorStore] Initialized with mock data
[90mstdout[2m | src/components/Gamification/ChallengeRecapCard.stories.tsx[2m > [22m[2mNo Recaps
[22m[39m[FilesContext] Vector store population triggered {
  "currentVectorStoreSize": 3,
  "documentsCount": 0,
  "filesCount": 6,
  "isInitialLoad": true,
}
[90mstdout[2m | src/components/Gamification/ChallengeRecapCard.stories.tsx[2m > [22m[2mNo Recaps
[22m[39m[FilesContext] Vector store population complete - 3 total embeddings
[90mstdout[2m | src/components/Gamification/ChallengeRecapCard.stories.tsx[2m > [22m[2mNo Recaps
[22m[39m[ChatContext] AssistantChat initialized with 1 chats
[90mstdout[2m | src/components/Gamification/ChallengeRecapCard.stories.tsx[2m > [22m[2mNo Recaps
[22m[39m[ChatContext] Setting initial chat: mock-assistant-chat-1
[90mstdout[2m | src/components/Gamification/ChallengeRecapCard.stories.tsx[2m > [22m[2mNo Recaps
[22m[39m[ChatContext] Chat exists and not archived, skipping creation
[90mstdout[2m | src/components/Gamification/ChallengeRecapCard.stories.tsx[2m > [22m[2mNo Recaps Learner View
[22m[39m[ChatContext] Cleaning up subscriptions
[90mstdout[2m | src/components/Gamification/ChallengeRecapCard.stories.tsx[2m > [22m[2mNo Recaps Learner View
[22m[39m[Mock Data] Unit.onUpdate() subscription removed. Remaining: 0
[90mstdout[2m | src/components/Gamification/ChallengeRecapCard.stories.tsx[2m > [22m[2mNo Recaps Learner View
[22m[39m[MOCK CourseVectorStore] Initialized with mock data
[90mstdout[2m | src/components/Gamification/ChallengeRecapCard.stories.tsx[2m > [22m[2mNo Recaps Learner View
[22m[39m[TranslationModeController] Setting mode to: off
[90mstdout[2m | src/components/Gamification/ChallengeRecapCard.stories.tsx[2m > [22m[2mNo Recaps Learner View
[22m[39m[UnitContext] useEffect triggered {
  "authLoading": false,
  "hasUser": true,
  "id": "mock-unit-id",
  "userSub": "mock-user-sub",
}
[90mstdout[2m | src/components/Gamification/ChallengeRecapCard.stories.tsx[2m > [22m[2mNo Recaps Learner View
[22m[39m[UnitContext] Fetching unit data for id: mock-unit-id
[90mstdout[2m | src/components/Gamification/ChallengeRecapCard.stories.tsx[2m > [22m[2mNo Recaps Learner View
[22m[39m[FilesContext] Initializing vector store from IndexedDB
[90mstdout[2m | src/components/Gamification/ChallengeRecapCard.stories.tsx[2m > [22m[2mNo Recaps Learner View
[22m[39m[FilesContext] fetchFiles called
[90mstdout[2m | src/components/Gamification/ChallengeRecapCard.stories.tsx[2m > [22m[2mNo Recaps Learner View
[22m[39m[FilesContext] User authenticated: mock-user-sub
[90mstdout[2m | src/components/Gamification/ChallengeRecapCard.stories.tsx[2m > [22m[2mNo Recaps Learner View
[22m[39m[FilesContext] Identity ID: us-east-1:mock-identity-123
[90mstdout[2m | src/components/Gamification/ChallengeRecapCard.stories.tsx[2m > [22m[2mNo Recaps Learner View
[22m[39m[FilesContext] About to set up File observeQuery
[90mstdout[2m | src/components/Gamification/ChallengeRecapCard.stories.tsx[2m > [22m[2mNo Recaps Learner View
[22m[39m[ChatContext] Setting up AssistantChat observeQuery
[90mstdout[2m | src/components/Gamification/ChallengeRecapCard.stories.tsx[2m > [22m[2mNo Recaps Learner View
[22m[39m[ChatContext] Waiting for subscription to initialize
[90mstdout[2m | src/components/Gamification/ChallengeRecapCard.stories.tsx[2m > [22m[2mNo Recaps Learner View
[22m[39m[SettingsContext] Setting up Settings subscription for user: mock-user-sub
[90mstdout[2m | src/components/Gamification/ChallengeRecapCard.stories.tsx[2m > [22m[2mNo Recaps Learner View
[22m[39m[Mock Data] Settings created: mock-settings-1790418133294 - notified 0 subscribers
[90mstdout[2m | src/components/Gamification/ChallengeRecapCard.stories.tsx[2m > [22m[2mNo Recaps Learner View
[22m[39m[Mock Data] Unit.onUpdate() subscription added. Total: 1
[90mstdout[2m | src/components/Gamification/ChallengeRecapCard.stories.tsx[2m > [22m[2mNo Recaps Learner View
[22m[39m[SectionContext] Section observeQuery update: 0
[90mstdout[2m | src/components/Gamification/ChallengeRecapCard.stories.tsx[2m > [22m[2mNo Recaps Learner View
[22m[39m[FilesContext] File observeQuery update: 6 files
[90mstdout[2m | src/components/Gamification/ChallengeRecapCard.stories.tsx[2m > [22m[2mNo Recaps Learner View
[22m[39m[ChatContext] AssistantChat initialized with 1 chats
[90mstdout[2m | src/components/Gamification/ChallengeRecapCard.stories.tsx[2m > [22m[2mNo Recaps Learner View
[22m[39m[ChatContext] Setting initial chat: mock-assistant-chat-1
[90mstdout[2m | src/components/Gamification/ChallengeRecapCard.stories.tsx[2m > [22m[2mNo Recaps Learner View
[22m[39m[Mock Storage] downloadData called with: undefined
[90mstdout[2m | src/components/Gamification/ChallengeRecapCard.stories.tsx[2m > [22m[2mNo Recaps Learner View
[22m[39m[MOCK CourseVectorStore] Initialized with mock data
[90mstdout[2m | src/components/Gamification/ChallengeRecapCard.stories.tsx[2m > [22m[2mNo Recaps Learner View
[22m[39m[FilesContext] Vector store population triggered {
  "currentVectorStoreSize": 3,
  "documentsCount": 0,
  "filesCount": 6,
  "isInitialLoad": true,
}
[90mstdout[2m | src/components/Gamification/ChallengeRecapCard.stories.tsx[2m > [22m[2mNo Recaps Learner View
[22m[39m[FilesContext] Vector store population complete - 3 total embeddings
[90mstdout[2m | src/components/Gamification/ChallengeRecapCard.stories.tsx[2m > [22m[2mNo Recaps Learner View
[22m[39m[ChatContext] Chat exists and not archived, skipping creation
[90mstdout[2m | src/components/Gamification/ChallengeRecapCard.stories.tsx[2m > [22m[2mGenerating
[22m[39m[ChatContext] Cleaning up subscriptions
[90mstdout[2m | src/components/Gamification/ChallengeRecapCard.stories.tsx[2m > [22m[2mGenerating
[22m[39m[Mock Data] Unit.onUpdate() subscription removed. Remaining: 0
[90mstdout[2m | src/components/Gamification/ChallengeRecapCard.stories.tsx[2m > [22m[2mGenerating
[22m[39m[MOCK CourseVectorStore] Initialized with mock data
[90mstdout[2m | src/components/Gamification/ChallengeRecapCard.stories.tsx[2m > [22m[2mGenerating
[22m[39m[TranslationModeController] Setting mode to: off
[90mstdout[2m | src/components/Gamification/ChallengeRecapCard.stories.tsx[2m > [22m[2mGenerating
[22m[39m[UnitContext] useEffect triggered {
  "authLoading": false,
  "hasUser": true,
  "id": "mock-unit-id",
  "userSub": "mock-user-sub",
}
[90mstdout[2m | src/components/Gamification/ChallengeRecapCard.stories.tsx[2m > [22m[2mGenerating
[22m[39m[UnitContext] Fetching unit data for id: mock-unit-id
[90mstdout[2m | src/components/Gamification/ChallengeRecapCard.stories.tsx[2m > [22m[2mGenerating
[22m[39m[FilesContext] Initializing vector store from IndexedDB
[90mstdout[2m | src/components/Gamification/ChallengeRecapCard.stories.tsx[2m > [22m[2mGenerating
[22m[39m[FilesContext] fetchFiles called
[90mstdout[2m | src/components/Gamification/ChallengeRecapCard.stories.tsx[2m > [22m[2mGenerating
[22m[39m[FilesContext] User authenticated: mock-user-sub
[90mstdout[2m | src/components/Gamification/ChallengeRecapCard.stories.tsx[2m > [22m[2mGenerating
[22m[39m[FilesContext] Identity ID: us-east-1:mock-identity-123
[90mstdout[2m | src/components/Gamification/ChallengeRecapCard.stories.tsx[2m > [22m[2mGenerating
[22m[39m[FilesContext] About to set up File observeQuery
[90mstdout[2m | src/components/Gamification/ChallengeRecapCard.stories.tsx[2m > [22m[2mGenerating
[22m[39m[ChatContext] Setting up AssistantChat observeQuery
[90mstdout[2m | src/components/Gamification/ChallengeRecapCard.stories.tsx[2m > [22m[2mGenerating
[22m[39m[ChatContext] Waiting for subscription to initialize
[90mstdout[2m | src/components/Gamification/ChallengeRecapCard.stories.tsx[2m > [22m[2mGenerating
[22m[39m[SettingsContext] Setting up Settings subscription for user: mock-user-sub
[90mstdout[2m | src/components/Gamification/ChallengeRecapCard.stories.tsx[2m > [22m[2mGenerating
[22m[39m[Mock Data] Settings created: mock-settings-1790418133403 - notified 0 subscribers
[90mstdout[2m | src/components/Gamification/ChallengeRecapCard.stories.tsx[2m > [22m[2mGenerating
[22m[39m[Mock Data] Unit.onUpdate() subscription added. Total: 1
[90mstdout[2m | src/components/Gamification/ChallengeRecapCard.stories.tsx[2m > [22m[2mGenerating
[22m[39m[SectionContext] Section observeQuery update: 0
[90mstdout[2m | src/components/Gamification/ChallengeRecapCard.stories.tsx[2m > [22m[2mGenerating
[22m[39m[FilesContext] File observeQuery update: 6 files
[90mstdout[2m | src/components/Gamification/ChallengeRecapCard.stories.tsx[2m > [22m[2mGenerating
[22m[39m[MOCK CourseVectorStore] Initialized with mock data
[90mstdout[2m | src/components/Gamification/ChallengeRecapCard.stories.tsx[2m > [22m[2mGenerating
[22m[39m[FilesContext] Vector store population triggered {
  "currentVectorStoreSize": 3,
  "documentsCount": 0,
  "filesCount": 6,
  "isInitialLoad": true,
}
[90mstdout[2m | src/components/Gamification/ChallengeRecapCard.stories.tsx[2m > [22m[2mGenerating
[22m[39m[FilesContext] Vector store population complete - 3 total embeddings
[90mstdout[2m | src/components/Gamification/ChallengeRecapCard.stories.tsx[2m > [22m[2mGenerating
[22m[39m[ChatContext] AssistantChat initialized with 1 chats
[90mstdout[2m | src/components/Gamification/ChallengeRecapCard.stories.tsx[2m > [22m[2mGenerating
[22m[39m[ChatContext] Setting initial chat: mock-assistant-chat-1
[90mstdout[2m | src/components/Gamification/ChallengeRecapCard.stories.tsx[2m > [22m[2mGenerating
[22m[39m[Mock Storage] downloadData called with: undefined
[90mstdout[2m | src/components/Gamification/ChallengeRecapCard.stories.tsx[2m > [22m[2mGenerating
[22m[39m[ChatContext] Chat exists and not archived, skipping creation
[90mstdout[2m | src/components/Gamification/ChallengeRecapCard.stories.tsx[2m > [22m[2mLearner View
[22m[39m[ChatContext] Cleaning up subscriptions
[90mstdout[2m | src/components/Gamification/ChallengeRecapCard.stories.tsx[2m > [22m[2mLearner View
[22m[39m[Mock Data] Unit.onUpdate() subscription removed. Remaining: 0
[90mstdout[2m | src/components/Gamification/ChallengeRecapCard.stories.tsx[2m > [22m[2mLearner View
[22m[39m[MOCK CourseVectorStore] Initialized with mock data
[90mstdout[2m | src/components/Gamification/ChallengeRecapCard.stories.tsx[2m > [22m[2mLearner View
[22m[39m[TranslationModeController] Setting mode to: off
[90mstdout[2m | src/components/Gamification/ChallengeRecapCard.stories.tsx[2m > [22m[2mLearner View
[22m[39m[UnitContext] useEffect triggered {
  "authLoading": false,
  "hasUser": true,
  "id": "mock-unit-id",
  "userSub": "mock-user-sub",
}
[90mstdout[2m | src/components/Gamification/ChallengeRecapCard.stories.tsx[2m > [22m[2mLearner View
[22m[39m[UnitContext] Fetching unit data for id: mock-unit-id
[90mstdout[2m | src/components/Gamification/ChallengeRecapCard.stories.tsx[2m > [22m[2mLearner View
[22m[39m[FilesContext] Initializing vector store from IndexedDB
[90mstdout[2m | src/components/Gamification/ChallengeRecapCard.stories.tsx[2m > [22m[2mLearner View
[22m[39m[FilesContext] fetchFiles called
[90mstdout[2m | src/components/Gamification/ChallengeRecapCard.stories.tsx[2m > [22m[2mLearner View
[22m[39m[FilesContext] User authenticated: mock-user-sub
[90mstdout[2m | src/components/Gamification/ChallengeRecapCard.stories.tsx[2m > [22m[2mLearner View
[22m[39m[FilesContext] Identity ID: us-east-1:mock-identity-123
[90mstdout[2m | src/components/Gamification/ChallengeRecapCard.stories.tsx[2m > [22m[2mLearner View
[22m[39m[FilesContext] About to set up File observeQuery
[90mstdout[2m | src/components/Gamification/ChallengeRecapCard.stories.tsx[2m > [22m[2mLearner View
[22m[39m[ChatContext] Setting up AssistantChat observeQuery
[90mstdout[2m | src/components/Gamification/ChallengeRecapCard.stories.tsx[2m > [22m[2mLearner View
[22m[39m[ChatContext] Waiting for subscription to initialize
[90mstdout[2m | src/components/Gamification/ChallengeRecapCard.stories.tsx[2m > [22m[2mLearner View
[22m[39m[SettingsContext] Setting up Settings subscription for user: mock-user-sub
[90mstdout[2m | src/components/Gamification/ChallengeRecapCard.stories.tsx[2m > [22m[2mLearner View
[22m[39m[Mock Data] Settings created: mock-settings-1790418133552 - notified 0 subscribers
[90mstdout[2m | src/components/Gamification/ChallengeRecapCard.stories.tsx[2m > [22m[2mLearner View
[22m[39m[Mock Data] Unit.onUpdate() subscription added. Total: 1
[90mstdout[2m | src/components/Gamification/ChallengeRecapCard.stories.tsx[2m > [22m[2mLearner View
[22m[39m[SectionContext] Section observeQuery update: 0
[90mstdout[2m | src/components/Gamification/ChallengeRecapCard.stories.tsx[2m > [22m[2mLearner View
[22m[39m[FilesContext] File observeQuery update: 6 files
[90mstdout[2m | src/components/Gamification/ChallengeRecapCard.stories.tsx[2m > [22m[2mLearner View
[22m[39m[ChatContext] AssistantChat initialized with 1 chats
[90mstdout[2m | src/components/Gamification/ChallengeRecapCard.stories.tsx[2m > [22m[2mLearner View
[22m[39m[ChatContext] Setting initial chat: mock-assistant-chat-1
[90mstdout[2m | src/components/Gamification/ChallengeRecapCard.stories.tsx[2m > [22m[2mLearner View
[22m[39m[MOCK CourseVectorStore] Initialized with mock data
[90mstdout[2m | src/components/Gamification/ChallengeRecapCard.stories.tsx[2m > [22m[2mLearner View
[22m[39m[FilesContext] Vector store population triggered {
  "currentVectorStoreSize": 3,
  "documentsCount": 0,
  "filesCount": 6,
  "isInitialLoad": true,
}
[90mstdout[2m | src/components/Gamification/ChallengeRecapCard.stories.tsx[2m > [22m[2mLearner View
[22m[39m[FilesContext] Vector store population complete - 3 total embeddings
[90mstdout[2m | src/components/Gamification/ChallengeRecapCard.stories.tsx[2m > [22m[2mLearner View
[22m[39m[ChatContext] Chat exists and not archived, skipping creation
[90mstdout[2m | src/components/Gamification/ChallengeRecapCard.stories.tsx[2m > [22m[2mLearner View
[22m[39m[Mock Storage] downloadData called with: undefined
 [32m✓[39m [30m[45m storybook (chromium) [49m[39m src/components/Gamification/ChallengeRecapCard.stories.tsx [2m([22m[2m5 tests[22m[2m)[22m[33m 931[2mms[22m[39m
   [33m[2m✓[22m[39m With Recaps [33m 355[2mms[22m[39m
[90mstdout[2m | unknown test
[22m[39m[MOCK vectorStoreDB.js] Module loaded - mock IndexedDB operations
[90mstdout[2m | unknown test
[22m[39m[Task Completion] DOM action listeners initialized
[90mstdout[2m | unknown test
[22m[39m[Task Completion] Auto-completion detector initialized
[90mstdout[2m | unknown test
[22m[39m[Preview] Task completion detector initialized
[90mstdout[2m | src/components/Gamification/LevelBadge.stories.tsx[2m > [22m[2mBeginner
[22m[39m[MOCK CourseVectorStore] Initialized with mock data
[90mstdout[2m | src/components/Gamification/LevelBadge.stories.tsx[2m > [22m[2mBeginner
[22m[39m[TranslationModeController] Setting mode to: off
[90mstdout[2m | src/components/Gamification/LevelBadge.stories.tsx[2m > [22m[2mBeginner
[22m[39m[UnitContext] useEffect triggered {
  "authLoading": false,
  "hasUser": true,
  "id": "mock-unit-id",
  "userSub": "mock-user-sub",
}
[90mstdout[2m | src/components/Gamification/LevelBadge.stories.tsx[2m > [22m[2mBeginner
[22m[39m[UnitContext] Fetching unit data for id: mock-unit-id
[90mstdout[2m | src/components/Gamification/LevelBadge.stories.tsx[2m > [22m[2mBeginner
[22m[39m[FilesContext] Initializing vector store from IndexedDB
[90mstdout[2m | src/components/Gamification/LevelBadge.stories.tsx[2m > [22m[2mBeginner
[22m[39m[FilesContext] fetchFiles called
[90mstdout[2m | src/components/Gamification/LevelBadge.stories.tsx[2m > [22m[2mBeginner
[22m[39m[FilesContext] User authenticated: mock-user-sub
[90mstdout[2m | src/components/Gamification/LevelBadge.stories.tsx[2m > [22m[2mBeginner
[22m[39m[FilesContext] Identity ID: us-east-1:mock-identity-123
[90mstdout[2m | src/components/Gamification/LevelBadge.stories.tsx[2m > [22m[2mBeginner
[22m[39m[FilesContext] About to set up File observeQuery
[90mstdout[2m | src/components/Gamification/LevelBadge.stories.tsx[2m > [22m[2mBeginner
[22m[39m[ChatContext] Setting up AssistantChat observeQuery
[90mstdout[2m | src/components/Gamification/LevelBadge.stories.tsx[2m > [22m[2mBeginner
[22m[39m[ChatContext] Waiting for subscription to initialize
[90mstdout[2m | src/components/Gamification/LevelBadge.stories.tsx[2m > [22m[2mBeginner
[22m[39m[SettingsContext] Setting up Settings subscription for user: mock-user-sub
[90mstdout[2m | src/components/Gamification/LevelBadge.stories.tsx[2m > [22m[2mBeginner
[22m[39m[Mock Data] Settings created: mock-settings-1790418134269 - notified 0 subscribers
[90mstdout[2m | src/components/Gamification/LevelBadge.stories.tsx[2m > [22m[2mBeginner
[22m[39m[Mock Data] Unit.onUpdate() subscription added. Total: 1
[90mstdout[2m | src/components/Gamification/LevelBadge.stories.tsx[2m > [22m[2mBeginner
[22m[39m[SectionContext] Section observeQuery update: 0
[90mstdout[2m | src/components/Gamification/LevelBadge.stories.tsx[2m > [22m[2mBeginner
[22m[39m[FilesContext] File observeQuery update: 6 files
[90mstdout[2m | src/components/Gamification/LevelBadge.stories.tsx[2m > [22m[2mBeginner
[22m[39m[ChatContext] AssistantChat initialized with 1 chats
[90mstdout[2m | src/components/Gamification/LevelBadge.stories.tsx[2m > [22m[2mBeginner
[22m[39m[ChatContext] Setting initial chat: mock-assistant-chat-1
[90mstdout[2m | src/components/Gamification/LevelBadge.stories.tsx[2m > [22m[2mBeginner
[22m[39m[MOCK CourseVectorStore] Initialized with mock data
[90mstdout[2m | src/components/Gamification/LevelBadge.stories.tsx[2m > [22m[2mBeginner
[22m[39m[FilesContext] Vector store population triggered {
  "currentVectorStoreSize": 3,
  "documentsCount": 0,
  "filesCount": 6,
  "isInitialLoad": true,
}
[90mstdout[2m | src/components/Gamification/LevelBadge.stories.tsx[2m > [22m[2mBeginner
[22m[39m[FilesContext] Vector store population complete - 3 total embeddings
[90mstdout[2m | src/components/Gamification/LevelBadge.stories.tsx[2m > [22m[2mBeginner
[22m[39m[ChatContext] Chat exists and not archived, skipping creation
[90mstdout[2m | src/components/Gamification/LevelBadge.stories.tsx[2m > [22m[2mBeginner
[22m[39m[Mock Storage] downloadData called with: undefined
[90mstdout[2m | src/components/Gamification/LevelBadge.stories.tsx[2m > [22m[2mExplorer
[22m[39m[ChatContext] Cleaning up subscriptions
[90mstdout[2m | src/components/Gamification/LevelBadge.stories.tsx[2m > [22m[2mExplorer
[22m[39m[Mock Data] Unit.onUpdate() subscription removed. Remaining: 0
[90mstdout[2m | src/components/Gamification/LevelBadge.stories.tsx[2m > [22m[2mExplorer
[22m[39m[MOCK CourseVectorStore] Initialized with mock data
[90mstdout[2m | src/components/Gamification/LevelBadge.stories.tsx[2m > [22m[2mExplorer
[22m[39m[TranslationModeController] Setting mode to: off
[90mstdout[2m | src/components/Gamification/LevelBadge.stories.tsx[2m > [22m[2mExplorer
[22m[39m[UnitContext] useEffect triggered {
  "authLoading": false,
  "hasUser": true,
  "id": "mock-unit-id",
  "userSub": "mock-user-sub",
}
[90mstdout[2m | src/components/Gamification/LevelBadge.stories.tsx[2m > [22m[2mExplorer
[22m[39m[UnitContext] Fetching unit data for id: mock-unit-id
[90mstdout[2m | src/components/Gamification/LevelBadge.stories.tsx[2m > [22m[2mExplorer
[22m[39m[FilesContext] Initializing vector store from IndexedDB
[90mstdout[2m | src/components/Gamification/LevelBadge.stories.tsx[2m > [22m[2mExplorer
[22m[39m[FilesContext] fetchFiles called
[90mstdout[2m | src/components/Gamification/LevelBadge.stories.tsx[2m > [22m[2mExplorer
[22m[39m[FilesContext] User authenticated: mock-user-sub
[90mstdout[2m | src/components/Gamification/LevelBadge.stories.tsx[2m > [22m[2mExplorer
[22m[39m[FilesContext] Identity ID: us-east-1:mock-identity-123
[90mstdout[2m | src/components/Gamification/LevelBadge.stories.tsx[2m > [22m[2mExplorer
[22m[39m[FilesContext] About to set up File observeQuery
[90mstdout[2m | src/components/Gamification/LevelBadge.stories.tsx[2m > [22m[2mExplorer
[22m[39m[ChatContext] Setting up AssistantChat observeQuery
[90mstdout[2m | src/components/Gamification/LevelBadge.stories.tsx[2m > [22m[2mExplorer
[22m[39m[ChatContext] Waiting for subscription to initialize
[90mstdout[2m | src/components/Gamification/LevelBadge.stories.tsx[2m > [22m[2mExplorer
[22m[39m[SettingsContext] Setting up Settings subscription for user: mock-user-sub
[90mstdout[2m | src/components/Gamification/LevelBadge.stories.tsx[2m > [22m[2mExplorer
[22m[39m[Mock Data] Settings created: mock-settings-1790418134402 - notified 0 subscribers
[90mstdout[2m | src/components/Gamification/LevelBadge.stories.tsx[2m > [22m[2mExplorer
[22m[39m[Mock Data] Unit.onUpdate() subscription added. Total: 1
[90mstdout[2m | src/components/Gamification/LevelBadge.stories.tsx[2m > [22m[2mExplorer
[22m[39m[SectionContext] Section observeQuery update: 0
[90mstdout[2m | src/components/Gamification/LevelBadge.stories.tsx[2m > [22m[2mExplorer
[22m[39m[FilesContext] File observeQuery update: 6 files
[90mstdout[2m | src/components/Gamification/LevelBadge.stories.tsx[2m > [22m[2mExplorer
[22m[39m[MOCK CourseVectorStore] Initialized with mock data
[90mstdout[2m | src/components/Gamification/LevelBadge.stories.tsx[2m > [22m[2mExplorer
[22m[39m[FilesContext] Vector store population triggered {
  "currentVectorStoreSize": 3,
  "documentsCount": 0,
  "filesCount": 6,
  "isInitialLoad": true,
}
[90mstdout[2m | src/components/Gamification/LevelBadge.stories.tsx[2m > [22m[2mExplorer
[22m[39m[FilesContext] Vector store population complete - 3 total embeddings
[90mstdout[2m | src/components/Gamification/LevelBadge.stories.tsx[2m > [22m[2mExplorer
[22m[39m[ChatContext] AssistantChat initialized with 1 chats
[90mstdout[2m | src/components/Gamification/LevelBadge.stories.tsx[2m > [22m[2mExplorer
[22m[39m[ChatContext] Setting initial chat: mock-assistant-chat-1
[90mstdout[2m | src/components/Gamification/LevelBadge.stories.tsx[2m > [22m[2mExplorer
[22m[39m[Mock Storage] downloadData called with: undefined
[90mstdout[2m | src/components/Gamification/LevelBadge.stories.tsx[2m > [22m[2mExplorer
[22m[39m[ChatContext] Chat exists and not archived, skipping creation
[90mstdout[2m | src/components/Gamification/LevelBadge.stories.tsx[2m > [22m[2mPractitioner
[22m[39m[ChatContext] Cleaning up subscriptions
[90mstdout[2m | src/components/Gamification/LevelBadge.stories.tsx[2m > [22m[2mPractitioner
[22m[39m[Mock Data] Unit.onUpdate() subscription removed. Remaining: 0
[90mstdout[2m | src/components/Gamification/LevelBadge.stories.tsx[2m > [22m[2mPractitioner
[22m[39m[MOCK CourseVectorStore] Initialized with mock data
[90mstdout[2m | src/components/Gamification/LevelBadge.stories.tsx[2m > [22m[2mPractitioner
[22m[39m[TranslationModeController] Setting mode to: off
[90mstdout[2m | src/components/Gamification/LevelBadge.stories.tsx[2m > [22m[2mPractitioner
[22m[39m[UnitContext] useEffect triggered {
  "authLoading": false,
  "hasUser": true,
  "id": "mock-unit-id",
  "userSub": "mock-user-sub",
}
[90mstdout[2m | src/components/Gamification/LevelBadge.stories.tsx[2m > [22m[2mPractitioner
[22m[39m[UnitContext] Fetching unit data for id: mock-unit-id
[90mstdout[2m | src/components/Gamification/LevelBadge.stories.tsx[2m > [22m[2mPractitioner
[22m[39m[FilesContext] Initializing vector store from IndexedDB
[90mstdout[2m | src/components/Gamification/LevelBadge.stories.tsx[2m > [22m[2mPractitioner
[22m[39m[FilesContext] fetchFiles called
[90mstdout[2m | src/components/Gamification/LevelBadge.stories.tsx[2m > [22m[2mPractitioner
[22m[39m[FilesContext] User authenticated: mock-user-sub
[90mstdout[2m | src/components/Gamification/LevelBadge.stories.tsx[2m > [22m[2mPractitioner
[22m[39m[FilesContext] Identity ID: us-east-1:mock-identity-123
[90mstdout[2m | src/components/Gamification/LevelBadge.stories.tsx[2m > [22m[2mPractitioner
[22m[39m[FilesContext] About to set up File observeQuery
[90mstdout[2m | src/components/Gamification/LevelBadge.stories.tsx[2m > [22m[2mPractitioner
[22m[39m[ChatContext] Setting up AssistantChat observeQuery
[90mstdout[2m | src/components/Gamification/LevelBadge.stories.tsx[2m > [22m[2mPractitioner
[22m[39m[ChatContext] Waiting for subscription to initialize
[90mstdout[2m | src/components/Gamification/LevelBadge.stories.tsx[2m > [22m[2mPractitioner
[22m[39m[SettingsContext] Setting up Settings subscription for user: mock-user-sub
[90mstdout[2m | src/components/Gamification/LevelBadge.stories.tsx[2m > [22m[2mPractitioner
[22m[39m[Mock Data] Settings created: mock-settings-1790418134500 - notified 0 subscribers
[90mstdout[2m | src/components/Gamification/LevelBadge.stories.tsx[2m > [22m[2mPractitioner
[22m[39m[Mock Data] Unit.onUpdate() subscription added. Total: 1
[90mstdout[2m | src/components/Gamification/LevelBadge.stories.tsx[2m > [22m[2mPractitioner
[22m[39m[SectionContext] Section observeQuery update: 0
[90mstdout[2m | src/components/Gamification/LevelBadge.stories.tsx[2m > [22m[2mPractitioner
[22m[39m[FilesContext] File observeQuery update: 6 files
[90mstdout[2m | src/components/Gamification/LevelBadge.stories.tsx[2m > [22m[2mPractitioner
[22m[39m[ChatContext] AssistantChat initialized with 1 chats
[90mstdout[2m | src/components/Gamification/LevelBadge.stories.tsx[2m > [22m[2mPractitioner
[22m[39m[ChatContext] Setting initial chat: mock-assistant-chat-1
[90mstdout[2m | src/components/Gamification/LevelBadge.stories.tsx[2m > [22m[2mPractitioner
[22m[39m[MOCK CourseVectorStore] Initialized with mock data
[90mstdout[2m | src/components/Gamification/LevelBadge.stories.tsx[2m > [22m[2mPractitioner
[22m[39m[FilesContext] Vector store population triggered {
  "currentVectorStoreSize": 3,
  "documentsCount": 0,
  "filesCount": 6,
  "isInitialLoad": true,
}
[90mstdout[2m | src/components/Gamification/LevelBadge.stories.tsx[2m > [22m[2mPractitioner
[22m[39m[FilesContext] Vector store population complete - 3 total embeddings
[90mstdout[2m | src/components/Gamification/LevelBadge.stories.tsx[2m > [22m[2mPractitioner
[22m[39m[ChatContext] Chat exists and not archived, skipping creation
[90mstdout[2m | src/components/Gamification/LevelBadge.stories.tsx[2m > [22m[2mPractitioner
[22m[39m[Mock Storage] downloadData called with: undefined
[90mstdout[2m | src/components/Gamification/LevelBadge.stories.tsx[2m > [22m[2mContributor
[22m[39m[ChatContext] Cleaning up subscriptions
[90mstdout[2m | src/components/Gamification/LevelBadge.stories.tsx[2m > [22m[2mContributor
[22m[39m[Mock Data] Unit.onUpdate() subscription removed. Remaining: 0
[90mstdout[2m | src/components/Gamification/LevelBadge.stories.tsx[2m > [22m[2mContributor
[22m[39m[MOCK CourseVectorStore] Initialized with mock data
[90mstdout[2m | src/components/Gamification/LevelBadge.stories.tsx[2m > [22m[2mContributor
[22m[39m[TranslationModeController] Setting mode to: off
[90mstdout[2m | src/components/Gamification/LevelBadge.stories.tsx[2m > [22m[2mContributor
[22m[39m[UnitContext] useEffect triggered {
  "authLoading": false,
  "hasUser": true,
  "id": "mock-unit-id",
  "userSub": "mock-user-sub",
}
[90mstdout[2m | src/components/Gamification/LevelBadge.stories.tsx[2m > [22m[2mContributor
[22m[39m[UnitContext] Fetching unit data for id: mock-unit-id
[90mstdout[2m | src/components/Gamification/LevelBadge.stories.tsx[2m > [22m[2mContributor
[22m[39m[FilesContext] Initializing vector store from IndexedDB
[90mstdout[2m | src/components/Gamification/LevelBadge.stories.tsx[2m > [22m[2mContributor
[22m[39m[FilesContext] fetchFiles called
[90mstdout[2m | src/components/Gamification/LevelBadge.stories.tsx[2m > [22m[2mContributor
[22m[39m[FilesContext] User authenticated: mock-user-sub
[90mstdout[2m | src/components/Gamification/LevelBadge.stories.tsx[2m > [22m[2mContributor
[22m[39m[FilesContext] Identity ID: us-east-1:mock-identity-123
[90mstdout[2m | src/components/Gamification/LevelBadge.stories.tsx[2m > [22m[2mContributor
[22m[39m[FilesContext] About to set up File observeQuery
[90mstdout[2m | src/components/Gamification/LevelBadge.stories.tsx[2m > [22m[2mContributor
[22m[39m[ChatContext] Setting up AssistantChat observeQuery
[90mstdout[2m | src/components/Gamification/LevelBadge.stories.tsx[2m > [22m[2mContributor
[22m[39m[ChatContext] Waiting for subscription to initialize
[90mstdout[2m | src/components/Gamification/LevelBadge.stories.tsx[2m > [22m[2mContributor
[22m[39m[SettingsContext] Setting up Settings subscription for user: mock-user-sub
[90mstdout[2m | src/components/Gamification/LevelBadge.stories.tsx[2m > [22m[2mContributor
[22m[39m[Mock Data] Settings created: mock-settings-1790418134600 - notified 0 subscribers
[90mstdout[2m | src/components/Gamification/LevelBadge.stories.tsx[2m > [22m[2mContributor
[22m[39m[Mock Data] Unit.onUpdate() subscription added. Total: 1
[90mstdout[2m | src/components/Gamification/LevelBadge.stories.tsx[2m > [22m[2mContributor
[22m[39m[SectionContext] Section observeQuery update: 0
[90mstdout[2m | src/components/Gamification/LevelBadge.stories.tsx[2m > [22m[2mContributor
[22m[39m[FilesContext] File observeQuery update: 6 files
[90mstdout[2m | src/components/Gamification/LevelBadge.stories.tsx[2m > [22m[2mContributor
[22m[39m[ChatContext] AssistantChat initialized with 1 chats
[90mstdout[2m | src/components/Gamification/LevelBadge.stories.tsx[2m > [22m[2mContributor
[22m[39m[ChatContext] Setting initial chat: mock-assistant-chat-1
[90mstdout[2m | src/components/Gamification/LevelBadge.stories.tsx[2m > [22m[2mContributor
[22m[39m[MOCK CourseVectorStore] Initialized with mock data
[90mstdout[2m | src/components/Gamification/LevelBadge.stories.tsx[2m > [22m[2mContributor
[22m[39m[FilesContext] Vector store population triggered {
  "currentVectorStoreSize": 3,
  "documentsCount": 0,
  "filesCount": 6,
  "isInitialLoad": true,
}
[90mstdout[2m | src/components/Gamification/LevelBadge.stories.tsx[2m > [22m[2mContributor
[22m[39m[FilesContext] Vector store population complete - 3 total embeddings
[90mstdout[2m | src/components/Gamification/LevelBadge.stories.tsx[2m > [22m[2mContributor
[22m[39m[ChatContext] Chat exists and not archived, skipping creation
[90mstdout[2m | src/components/Gamification/LevelBadge.stories.tsx[2m > [22m[2mContributor
[22m[39m[Mock Storage] downloadData called with: undefined
[90mstdout[2m | src/components/Gamification/LevelBadge.stories.tsx[2m > [22m[2mExpert
[22m[39m[ChatContext] Cleaning up subscriptions
[90mstdout[2m | src/components/Gamification/LevelBadge.stories.tsx[2m > [22m[2mExpert
[22m[39m[Mock Data] Unit.onUpdate() subscription removed. Remaining: 0
[90mstdout[2m | src/components/Gamification/LevelBadge.stories.tsx[2m > [22m[2mExpert
[22m[39m[MOCK CourseVectorStore] Initialized with mock data
[90mstdout[2m | src/components/Gamification/LevelBadge.stories.tsx[2m > [22m[2mExpert
[22m[39m[TranslationModeController] Setting mode to: off
[90mstdout[2m | src/components/Gamification/LevelBadge.stories.tsx[2m > [22m[2mExpert
[22m[39m[UnitContext] useEffect triggered {
  "authLoading": false,
  "hasUser": true,
  "id": "mock-unit-id",
  "userSub": "mock-user-sub",
}
[90mstdout[2m | src/components/Gamification/LevelBadge.stories.tsx[2m > [22m[2mExpert
[22m[39m[UnitContext] Fetching unit data for id: mock-unit-id
[90mstdout[2m | src/components/Gamification/LevelBadge.stories.tsx[2m > [22m[2mExpert
[22m[39m[FilesContext] Initializing vector store from IndexedDB
[90mstdout[2m | src/components/Gamification/LevelBadge.stories.tsx[2m > [22m[2mExpert
[22m[39m[FilesContext] fetchFiles called
[90mstdout[2m | src/components/Gamification/LevelBadge.stories.tsx[2m > [22m[2mExpert
[22m[39m[FilesContext] User authenticated: mock-user-sub
[90mstdout[2m | src/components/Gamification/LevelBadge.stories.tsx[2m > [22m[2mExpert
[22m[39m[FilesContext] Identity ID: us-east-1:mock-identity-123
[90mstdout[2m | src/components/Gamification/LevelBadge.stories.tsx[2m > [22m[2mExpert
[22m[39m[FilesContext] About to set up File observeQuery
[90mstdout[2m | src/components/Gamification/LevelBadge.stories.tsx[2m > [22m[2mExpert
[22m[39m[ChatContext] Setting up AssistantChat observeQuery
[90mstdout[2m | src/components/Gamification/LevelBadge.stories.tsx[2m > [22m[2mExpert
[22m[39m[ChatContext] Waiting for subscription to initialize
[90mstdout[2m | src/components/Gamification/LevelBadge.stories.tsx[2m > [22m[2mExpert
[22m[39m[SettingsContext] Setting up Settings subscription for user: mock-user-sub
[90mstdout[2m | src/components/Gamification/LevelBadge.stories.tsx[2m > [22m[2mExpert
[22m[39m[Mock Data] Settings created: mock-settings-1790418134712 - notified 0 subscribers
[90mstdout[2m | src/components/Gamification/LevelBadge.stories.tsx[2m > [22m[2mExpert
[22m[39m[Mock Data] Unit.onUpdate() subscription added. Total: 1
[90mstdout[2m | src/components/Gamification/LevelBadge.stories.tsx[2m > [22m[2mExpert
[22m[39m[SectionContext] Section observeQuery update: 0
[90mstdout[2m | src/components/Gamification/LevelBadge.stories.tsx[2m > [22m[2mExpert
[22m[39m[FilesContext] File observeQuery update: 6 files
[90mstdout[2m | src/components/Gamification/LevelBadge.stories.tsx[2m > [22m[2mExpert
[22m[39m[MOCK CourseVectorStore] Initialized with mock data
[90mstdout[2m | src/components/Gamification/LevelBadge.stories.tsx[2m > [22m[2mExpert
[22m[39m[FilesContext] Vector store population triggered {
  "currentVectorStoreSize": 3,
  "documentsCount": 0,
  "filesCount": 6,
  "isInitialLoad": true,
}
[90mstdout[2m | src/components/Gamification/LevelBadge.stories.tsx[2m > [22m[2mExpert
[22m[39m[FilesContext] Vector store population complete - 3 total embeddings
[90mstdout[2m | src/components/Gamification/LevelBadge.stories.tsx[2m > [22m[2mExpert
[22m[39m[ChatContext] AssistantChat initialized with 1 chats
[90mstdout[2m | src/components/Gamification/LevelBadge.stories.tsx[2m > [22m[2mExpert
[22m[39m[ChatContext] Setting initial chat: mock-assistant-chat-1
[90mstdout[2m | src/components/Gamification/LevelBadge.stories.tsx[2m > [22m[2mExpert
[22m[39m[ChatContext] Chat exists and not archived, skipping creation
[90mstdout[2m | src/components/Gamification/LevelBadge.stories.tsx[2m > [22m[2mExpert
[22m[39m[Mock Storage] downloadData called with: undefined
[90mstdout[2m | src/components/Gamification/LevelBadge.stories.tsx[2m > [22m[2mMaster
[22m[39m[ChatContext] Cleaning up subscriptions
[90mstdout[2m | src/components/Gamification/LevelBadge.stories.tsx[2m > [22m[2mMaster
[22m[39m[Mock Data] Unit.onUpdate() subscription removed. Remaining: 0
[90mstdout[2m | src/components/Gamification/LevelBadge.stories.tsx[2m > [22m[2mMaster
[22m[39m[MOCK CourseVectorStore] Initialized with mock data
[90mstdout[2m | src/components/Gamification/LevelBadge.stories.tsx[2m > [22m[2mMaster
[22m[39m[TranslationModeController] Setting mode to: off
[90mstdout[2m | src/components/Gamification/LevelBadge.stories.tsx[2m > [22m[2mMaster
[22m[39m[UnitContext] useEffect triggered {
  "authLoading": false,
  "hasUser": true,
  "id": "mock-unit-id",
  "userSub": "mock-user-sub",
}
[90mstdout[2m | src/components/Gamification/LevelBadge.stories.tsx[2m > [22m[2mMaster
[22m[39m[UnitContext] Fetching unit data for id: mock-unit-id
[90mstdout[2m | src/components/Gamification/LevelBadge.stories.tsx[2m > [22m[2mMaster
[22m[39m[FilesContext] Initializing vector store from IndexedDB
[90mstdout[2m | src/components/Gamification/LevelBadge.stories.tsx[2m > [22m[2mMaster
[22m[39m[FilesContext] fetchFiles called
[90mstdout[2m | src/components/Gamification/LevelBadge.stories.tsx[2m > [22m[2mMaster
[22m[39m[FilesContext] User authenticated: mock-user-sub
[90mstdout[2m | src/components/Gamification/LevelBadge.stories.tsx[2m > [22m[2mMaster
[22m[39m[FilesContext] Identity ID: us-east-1:mock-identity-123
[90mstdout[2m | src/components/Gamification/LevelBadge.stories.tsx[2m > [22m[2mMaster
[22m[39m[FilesContext] About to set up File observeQuery
[90mstdout[2m | src/components/Gamification/LevelBadge.stories.tsx[2m > [22m[2mMaster
[22m[39m[ChatContext] Setting up AssistantChat observeQuery
[90mstdout[2m | src/components/Gamification/LevelBadge.stories.tsx[2m > [22m[2mMaster
[22m[39m[ChatContext] Waiting for subscription to initialize
[90mstdout[2m | src/components/Gamification/LevelBadge.stories.tsx[2m > [22m[2mMaster
[22m[39m[SettingsContext] Setting up Settings subscription for user: mock-user-sub
[90mstdout[2m | src/components/Gamification/LevelBadge.stories.tsx[2m > [22m[2mMaster
[22m[39m[Mock Data] Settings created: mock-settings-1790418134794 - notified 0 subscribers
[90mstdout[2m | src/components/Gamification/LevelBadge.stories.tsx[2m > [22m[2mMaster
[22m[39m[Mock Data] Unit.onUpdate() subscription added. Total: 1
[90mstdout[2m | src/components/Gamification/LevelBadge.stories.tsx[2m > [22m[2mMaster
[22m[39m[SectionContext] Section observeQuery update: 0
[90mstdout[2m | src/components/Gamification/LevelBadge.stories.tsx[2m > [22m[2mMaster
[22m[39m[FilesContext] File observeQuery update: 6 files
[90mstdout[2m | src/components/Gamification/LevelBadge.stories.tsx[2m > [22m[2mMaster
[22m[39m[MOCK CourseVectorStore] Initialized with mock data
[90mstdout[2m | src/components/Gamification/LevelBadge.stories.tsx[2m > [22m[2mMaster
[22m[39m[FilesContext] Vector store population triggered {
  "currentVectorStoreSize": 3,
  "documentsCount": 0,
  "filesCount": 6,
  "isInitialLoad": true,
}
[90mstdout[2m | src/components/Gamification/LevelBadge.stories.tsx[2m > [22m[2mMaster
[22m[39m[FilesContext] Vector store population complete - 3 total embeddings
[90mstdout[2m | src/components/Gamification/LevelBadge.stories.tsx[2m > [22m[2mMaster
[22m[39m[ChatContext] AssistantChat initialized with 1 chats
[90mstdout[2m | src/components/Gamification/LevelBadge.stories.tsx[2m > [22m[2mMaster
[22m[39m[ChatContext] Setting initial chat: mock-assistant-chat-1
[90mstdout[2m | src/components/Gamification/LevelBadge.stories.tsx[2m > [22m[2mMaster
[22m[39m[ChatContext] Chat exists and not archived, skipping creation
[90mstdout[2m | src/components/Gamification/LevelBadge.stories.tsx[2m > [22m[2mMaster
[22m[39m[Mock Storage] downloadData called with: undefined
[90mstdout[2m | src/components/Gamification/LevelBadge.stories.tsx[2m > [22m[2mSmall
[22m[39m[ChatContext] Cleaning up subscriptions
[90mstdout[2m | src/components/Gamification/LevelBadge.stories.tsx[2m > [22m[2mSmall
[22m[39m[Mock Data] Unit.onUpdate() subscription removed. Remaining: 0
[90mstdout[2m | src/components/Gamification/LevelBadge.stories.tsx[2m > [22m[2mSmall
[22m[39m[MOCK CourseVectorStore] Initialized with mock data
[90mstdout[2m | src/components/Gamification/LevelBadge.stories.tsx[2m > [22m[2mSmall
[22m[39m[TranslationModeController] Setting mode to: off
[90mstdout[2m | src/components/Gamification/LevelBadge.stories.tsx[2m > [22m[2mSmall
[22m[39m[UnitContext] useEffect triggered {
  "authLoading": false,
  "hasUser": true,
  "id": "mock-unit-id",
  "userSub": "mock-user-sub",
}
[90mstdout[2m | src/components/Gamification/LevelBadge.stories.tsx[2m > [22m[2mSmall
[22m[39m[UnitContext] Fetching unit data for id: mock-unit-id
[90mstdout[2m | src/components/Gamification/LevelBadge.stories.tsx[2m > [22m[2mSmall
[22m[39m[FilesContext] Initializing vector store from IndexedDB
[90mstdout[2m | src/components/Gamification/LevelBadge.stories.tsx[2m > [22m[2mSmall
[22m[39m[FilesContext] fetchFiles called
[90mstdout[2m | src/components/Gamification/LevelBadge.stories.tsx[2m > [22m[2mSmall
[22m[39m[FilesContext] User authenticated: mock-user-sub
[90mstdout[2m | src/components/Gamification/LevelBadge.stories.tsx[2m > [22m[2mSmall
[22m[39m[FilesContext] Identity ID: us-east-1:mock-identity-123
[90mstdout[2m | src/components/Gamification/LevelBadge.stories.tsx[2m > [22m[2mSmall
[22m[39m[FilesContext] About to set up File observeQuery
[90mstdout[2m | src/components/Gamification/LevelBadge.stories.tsx[2m > [22m[2mSmall
[22m[39m[ChatContext] Setting up AssistantChat observeQuery
[90mstdout[2m | src/components/Gamification/LevelBadge.stories.tsx[2m > [22m[2mSmall
[22m[39m[ChatContext] Waiting for subscription to initialize
[90mstdout[2m | src/components/Gamification/LevelBadge.stories.tsx[2m > [22m[2mSmall
[22m[39m[SettingsContext] Setting up Settings subscription for user: mock-user-sub
[90mstdout[2m | src/components/Gamification/LevelBadge.stories.tsx[2m > [22m[2mSmall
[22m[39m[Mock Data] Settings created: mock-settings-1790418134877 - notified 0 subscribers
[90mstdout[2m | src/components/Gamification/LevelBadge.stories.tsx[2m > [22m[2mSmall
[22m[39m[Mock Data] Unit.onUpdate() subscription added. Total: 1
[90mstdout[2m | src/components/Gamification/LevelBadge.stories.tsx[2m > [22m[2mSmall
[22m[39m[SectionContext] Section observeQuery update: 0
[90mstdout[2m | src/components/Gamification/LevelBadge.stories.tsx[2m > [22m[2mSmall
[22m[39m[FilesContext] File observeQuery update: 6 files
[90mstdout[2m | src/components/Gamification/LevelBadge.stories.tsx[2m > [22m[2mSmall
[22m[39m[ChatContext] AssistantChat initialized with 1 chats
[90mstdout[2m | src/components/Gamification/LevelBadge.stories.tsx[2m > [22m[2mSmall
[22m[39m[ChatContext] Setting initial chat: mock-assistant-chat-1
[90mstdout[2m | src/components/Gamification/LevelBadge.stories.tsx[2m > [22m[2mSmall
[22m[39m[MOCK CourseVectorStore] Initialized with mock data
[90mstdout[2m | src/components/Gamification/LevelBadge.stories.tsx[2m > [22m[2mSmall
[22m[39m[FilesContext] Vector store population triggered {
  "currentVectorStoreSize": 3,
  "documentsCount": 0,
  "filesCount": 6,
  "isInitialLoad": true,
}
[90mstdout[2m | src/components/Gamification/LevelBadge.stories.tsx[2m > [22m[2mSmall
[22m[39m[FilesContext] Vector store population complete - 3 total embeddings
[90mstdout[2m | src/components/Gamification/LevelBadge.stories.tsx[2m > [22m[2mSmall
[22m[39m[ChatContext] Chat exists and not archived, skipping creation
[90mstdout[2m | src/components/Gamification/LevelBadge.stories.tsx[2m > [22m[2mSmall
[22m[39m[Mock Storage] downloadData called with: undefined
[90mstdout[2m | src/components/Gamification/LevelBadge.stories.tsx[2m > [22m[2mNo Progress
[22m[39m[ChatContext] Cleaning up subscriptions
[90mstdout[2m | src/components/Gamification/LevelBadge.stories.tsx[2m > [22m[2mNo Progress
[22m[39m[Mock Data] Unit.onUpdate() subscription removed. Remaining: 0
[90mstdout[2m | src/components/Gamification/LevelBadge.stories.tsx[2m > [22m[2mNo Progress
[22m[39m[MOCK CourseVectorStore] Initialized with mock data
[90mstdout[2m | src/components/Gamification/LevelBadge.stories.tsx[2m > [22m[2mNo Progress
[22m[39m[TranslationModeController] Setting mode to: off
[90mstdout[2m | src/components/Gamification/LevelBadge.stories.tsx[2m > [22m[2mNo Progress
[22m[39m[UnitContext] useEffect triggered {
  "authLoading": false,
  "hasUser": true,
  "id": "mock-unit-id",
  "userSub": "mock-user-sub",
}
[90mstdout[2m | src/components/Gamification/LevelBadge.stories.tsx[2m > [22m[2mNo Progress
[22m[39m[UnitContext] Fetching unit data for id: mock-unit-id
[90mstdout[2m | src/components/Gamification/LevelBadge.stories.tsx[2m > [22m[2mNo Progress
[22m[39m[FilesContext] Initializing vector store from IndexedDB
[90mstdout[2m | src/components/Gamification/LevelBadge.stories.tsx[2m > [22m[2mNo Progress
[22m[39m[FilesContext] fetchFiles called
[90mstdout[2m | src/components/Gamification/LevelBadge.stories.tsx[2m > [22m[2mNo Progress
[22m[39m[FilesContext] User authenticated: mock-user-sub
[90mstdout[2m | src/components/Gamification/LevelBadge.stories.tsx[2m > [22m[2mNo Progress
[22m[39m[FilesContext] Identity ID: us-east-1:mock-identity-123
[90mstdout[2m | src/components/Gamification/LevelBadge.stories.tsx[2m > [22m[2mNo Progress
[22m[39m[FilesContext] About to set up File observeQuery
[90mstdout[2m | src/components/Gamification/LevelBadge.stories.tsx[2m > [22m[2mNo Progress
[22m[39m[ChatContext] Setting up AssistantChat observeQuery
[90mstdout[2m | src/components/Gamification/LevelBadge.stories.tsx[2m > [22m[2mNo Progress
[22m[39m[ChatContext] Waiting for subscription to initialize
[90mstdout[2m | src/components/Gamification/LevelBadge.stories.tsx[2m > [22m[2mNo Progress
[22m[39m[SettingsContext] Setting up Settings subscription for user: mock-user-sub
[90mstdout[2m | src/components/Gamification/LevelBadge.stories.tsx[2m > [22m[2mNo Progress
[22m[39m[Mock Data] Settings created: mock-settings-1790418135003 - notified 0 subscribers
[90mstdout[2m | src/components/Gamification/LevelBadge.stories.tsx[2m > [22m[2mNo Progress
[22m[39m[Mock Data] Unit.onUpdate() subscription added. Total: 1
[90mstdout[2m | src/components/Gamification/LevelBadge.stories.tsx[2m > [22m[2mNo Progress
[22m[39m[SectionContext] Section observeQuery update: 0
[90mstdout[2m | src/components/Gamification/LevelBadge.stories.tsx[2m > [22m[2mNo Progress
[22m[39m[FilesContext] File observeQuery update: 6 files
[90mstdout[2m | src/components/Gamification/LevelBadge.stories.tsx[2m > [22m[2mNo Progress
[22m[39m[ChatContext] AssistantChat initialized with 1 chats
[90mstdout[2m | src/components/Gamification/LevelBadge.stories.tsx[2m > [22m[2mNo Progress
[22m[39m[ChatContext] Setting initial chat: mock-assistant-chat-1
[90mstdout[2m | src/components/Gamification/LevelBadge.stories.tsx[2m > [22m[2mNo Progress
[22m[39m[MOCK CourseVectorStore] Initialized with mock data
[90mstdout[2m | src/components/Gamification/LevelBadge.stories.tsx[2m > [22m[2mNo Progress
[22m[39m[FilesContext] Vector store population triggered {
  "currentVectorStoreSize": 3,
  "documentsCount": 0,
  "filesCount": 6,
  "isInitialLoad": true,
}
[90mstdout[2m | src/components/Gamification/LevelBadge.stories.tsx[2m > [22m[2mNo Progress
[22m[39m[FilesContext] Vector store population complete - 3 total embeddings
[90mstdout[2m | src/components/Gamification/LevelBadge.stories.tsx[2m > [22m[2mNo Progress
[22m[39m[ChatContext] Chat exists and not archived, skipping creation
[90mstdout[2m | src/components/Gamification/LevelBadge.stories.tsx[2m > [22m[2mNo Progress
[22m[39m[Mock Storage] downloadData called with: undefined
 [32m✓[39m [30m[45m storybook (chromium) [49m[39m src/components/Gamification/LevelBadge.stories.tsx [2m([22m[2m8 tests[22m[2m)[22m[33m 866[2mms[22m[39m
[90mstdout[2m | unknown test
[22m[39m[MOCK vectorStoreDB.js] Module loaded - mock IndexedDB operations
[90mstdout[2m | unknown test
[22m[39m[Task Completion] DOM action listeners initialized
[90mstdout[2m | unknown test
[22m[39m[Task Completion] Auto-completion detector initialized
[90mstdout[2m | unknown test
[22m[39m[Preview] Task completion detector initialized
[90mstdout[2m | src/components/RecordingStudioEnhanced.stories.tsx[2m > [22m[2mDefault
[22m[39m[MOCK CourseVectorStore] Initialized with mock data
[90mstdout[2m | src/components/RecordingStudioEnhanced.stories.tsx[2m > [22m[2mDefault
[22m[39m[TranslationModeController] Setting mode to: off
[90mstdout[2m | src/components/RecordingStudioEnhanced.stories.tsx[2m > [22m[2mDefault
[22m[39m[UnitContext] useEffect triggered {
  "authLoading": false,
  "hasUser": true,
  "id": "mock-unit-id",
  "userSub": "mock-user-sub",
}
[90mstdout[2m | src/components/RecordingStudioEnhanced.stories.tsx[2m > [22m[2mDefault
[22m[39m[UnitContext] Fetching unit data for id: mock-unit-id
[90mstdout[2m | src/components/RecordingStudioEnhanced.stories.tsx[2m > [22m[2mDefault
[22m[39m[FilesContext] Initializing vector store from IndexedDB
[90mstdout[2m | src/components/RecordingStudioEnhanced.stories.tsx[2m > [22m[2mDefault
[22m[39m[FilesContext] fetchFiles called
[90mstdout[2m | src/components/RecordingStudioEnhanced.stories.tsx[2m > [22m[2mDefault
[22m[39m[FilesContext] User authenticated: mock-user-sub
[90mstdout[2m | src/components/RecordingStudioEnhanced.stories.tsx[2m > [22m[2mDefault
[22m[39m[FilesContext] Identity ID: us-east-1:mock-identity-123
[90mstdout[2m | src/components/RecordingStudioEnhanced.stories.tsx[2m > [22m[2mDefault
[22m[39m[FilesContext] About to set up File observeQuery
[90mstdout[2m | src/components/RecordingStudioEnhanced.stories.tsx[2m > [22m[2mDefault
[22m[39m[ChatContext] Setting up AssistantChat observeQuery
[90mstdout[2m | src/components/RecordingStudioEnhanced.stories.tsx[2m > [22m[2mDefault
[22m[39m[ChatContext] Waiting for subscription to initialize
[90mstdout[2m | src/components/RecordingStudioEnhanced.stories.tsx[2m > [22m[2mDefault
[22m[39m[SettingsContext] Setting up Settings subscription for user: mock-user-sub
[90mstdout[2m | src/components/RecordingStudioEnhanced.stories.tsx[2m > [22m[2mDefault
[22m[39m[Mock Data] Settings created: mock-settings-1790418136070 - notified 0 subscribers
[90mstdout[2m | src/components/RecordingStudioEnhanced.stories.tsx[2m > [22m[2mDefault
[22m[39m[Mock Data] Unit.onUpdate() subscription added. Total: 1
[90mstdout[2m | src/components/RecordingStudioEnhanced.stories.tsx[2m > [22m[2mDefault
[22m[39m[SectionContext] Section observeQuery update: 0
[90mstdout[2m | src/components/RecordingStudioEnhanced.stories.tsx[2m > [22m[2mDefault
[22m[39m[FilesContext] File observeQuery update: 6 files
[90mstdout[2m | src/components/RecordingStudioEnhanced.stories.tsx[2m > [22m[2mDefault
[22m[39m[ChatContext] AssistantChat initialized with 1 chats
[90mstdout[2m | src/components/RecordingStudioEnhanced.stories.tsx[2m > [22m[2mDefault
[22m[39m[ChatContext] Setting initial chat: mock-assistant-chat-1
[90mstdout[2m | src/components/RecordingStudioEnhanced.stories.tsx[2m > [22m[2mDefault
[22m[39m[MOCK CourseVectorStore] Initialized with mock data
[90mstdout[2m | src/components/RecordingStudioEnhanced.stories.tsx[2m > [22m[2mDefault
[22m[39m[FilesContext] Vector store population triggered {
  "currentVectorStoreSize": 3,
  "documentsCount": 0,
  "filesCount": 6,
  "isInitialLoad": true,
}
[90mstdout[2m | src/components/RecordingStudioEnhanced.stories.tsx[2m > [22m[2mDefault
[22m[39m[FilesContext] Vector store population complete - 3 total embeddings
[90mstdout[2m | src/components/RecordingStudioEnhanced.stories.tsx[2m > [22m[2mDefault
[22m[39m[ChatContext] Chat exists and not archived, skipping creation
[90mstdout[2m | src/components/RecordingStudioEnhanced.stories.tsx[2m > [22m[2mDefault
[22m[39m[Mock Storage] downloadData called with: undefined
[90mstdout[2m | src/components/RecordingStudioEnhanced.stories.tsx[2m > [22m[2mWith Metadata
[22m[39m[ChatContext] Cleaning up subscriptions
[90mstdout[2m | src/components/RecordingStudioEnhanced.stories.tsx[2m > [22m[2mWith Metadata
[22m[39m[Mock Data] Unit.onUpdate() subscription removed. Remaining: 0
[90mstdout[2m | src/components/RecordingStudioEnhanced.stories.tsx[2m > [22m[2mWith Metadata
[22m[39m[MOCK CourseVectorStore] Initialized with mock data
[90mstdout[2m | src/components/RecordingStudioEnhanced.stories.tsx[2m > [22m[2mWith Metadata
[22m[39m[TranslationModeController] Setting mode to: off
[90mstdout[2m | src/components/RecordingStudioEnhanced.stories.tsx[2m > [22m[2mWith Metadata
[22m[39m[UnitContext] useEffect triggered {
  "authLoading": false,
  "hasUser": true,
  "id": "mock-unit-id",
  "userSub": "mock-user-sub",
}
[90mstdout[2m | src/components/RecordingStudioEnhanced.stories.tsx[2m > [22m[2mWith Metadata
[22m[39m[UnitContext] Fetching unit data for id: mock-unit-id
[90mstdout[2m | src/components/RecordingStudioEnhanced.stories.tsx[2m > [22m[2mWith Metadata
[22m[39m[FilesContext] Initializing vector store from IndexedDB
[90mstdout[2m | src/components/RecordingStudioEnhanced.stories.tsx[2m > [22m[2mWith Metadata
[22m[39m[FilesContext] fetchFiles called
[90mstdout[2m | src/components/RecordingStudioEnhanced.stories.tsx[2m > [22m[2mWith Metadata
[22m[39m[FilesContext] User authenticated: mock-user-sub
[90mstdout[2m | src/components/RecordingStudioEnhanced.stories.tsx[2m > [22m[2mWith Metadata
[22m[39m[FilesContext] Identity ID: us-east-1:mock-identity-123
[90mstdout[2m | src/components/RecordingStudioEnhanced.stories.tsx[2m > [22m[2mWith Metadata
[22m[39m[FilesContext] About to set up File observeQuery
[90mstdout[2m | src/components/RecordingStudioEnhanced.stories.tsx[2m > [22m[2mWith Metadata
[22m[39m[ChatContext] Setting up AssistantChat observeQuery
[90mstdout[2m | src/components/RecordingStudioEnhanced.stories.tsx[2m > [22m[2mWith Metadata
[22m[39m[ChatContext] Waiting for subscription to initialize
[90mstdout[2m | src/components/RecordingStudioEnhanced.stories.tsx[2m > [22m[2mWith Metadata
[22m[39m[SettingsContext] Setting up Settings subscription for user: mock-user-sub
[90mstdout[2m | src/components/RecordingStudioEnhanced.stories.tsx[2m > [22m[2mWith Metadata
[22m[39m[Mock Data] Settings created: mock-settings-1790418136489 - notified 0 subscribers
[90mstdout[2m | src/components/RecordingStudioEnhanced.stories.tsx[2m > [22m[2mWith Metadata
[22m[39m[Mock Data] Unit.onUpdate() subscription added. Total: 1
[90mstdout[2m | src/components/RecordingStudioEnhanced.stories.tsx[2m > [22m[2mWith Metadata
[22m[39m[SectionContext] Section observeQuery update: 0
[90mstdout[2m | src/components/RecordingStudioEnhanced.stories.tsx[2m > [22m[2mWith Metadata
[22m[39m[FilesContext] File observeQuery update: 6 files
[90mstdout[2m | src/components/RecordingStudioEnhanced.stories.tsx[2m > [22m[2mWith Metadata
[22m[39m[ChatContext] AssistantChat initialized with 1 chats
[90mstdout[2m | src/components/RecordingStudioEnhanced.stories.tsx[2m > [22m[2mWith Metadata
[22m[39m[ChatContext] Setting initial chat: mock-assistant-chat-1
[90mstdout[2m | src/components/RecordingStudioEnhanced.stories.tsx[2m > [22m[2mWith Metadata
[22m[39m[MOCK CourseVectorStore] Initialized with mock data
[90mstdout[2m | src/components/RecordingStudioEnhanced.stories.tsx[2m > [22m[2mWith Metadata
[22m[39m[FilesContext] Vector store population triggered {
  "currentVectorStoreSize": 3,
  "documentsCount": 0,
  "filesCount": 6,
  "isInitialLoad": true,
}
[90mstdout[2m | src/components/RecordingStudioEnhanced.stories.tsx[2m > [22m[2mWith Metadata
[22m[39m[FilesContext] Vector store population complete - 3 total embeddings
[90mstdout[2m | src/components/RecordingStudioEnhanced.stories.tsx[2m > [22m[2mWith Metadata
[22m[39m[ChatContext] Chat exists and not archived, skipping creation
[90mstdout[2m | src/components/RecordingStudioEnhanced.stories.tsx[2m > [22m[2mWith Metadata
[22m[39m[Mock Storage] downloadData called with: undefined
[90mstdout[2m | src/components/RecordingStudioEnhanced.stories.tsx[2m > [22m[2mMinimal Props
[22m[39m[ChatContext] Cleaning up subscriptions
[90mstdout[2m | src/components/RecordingStudioEnhanced.stories.tsx[2m > [22m[2mMinimal Props
[22m[39m[Mock Data] Unit.onUpdate() subscription removed. Remaining: 0
[90mstdout[2m | src/components/RecordingStudioEnhanced.stories.tsx[2m > [22m[2mMinimal Props
[22m[39m[MOCK CourseVectorStore] Initialized with mock data
[90mstdout[2m | src/components/RecordingStudioEnhanced.stories.tsx[2m > [22m[2mMinimal Props
[22m[39m[TranslationModeController] Setting mode to: off
[90mstdout[2m | src/components/RecordingStudioEnhanced.stories.tsx[2m > [22m[2mMinimal Props
[22m[39m[UnitContext] useEffect triggered {
  "authLoading": false,
  "hasUser": true,
  "id": "mock-unit-id",
  "userSub": "mock-user-sub",
}
[90mstdout[2m | src/components/RecordingStudioEnhanced.stories.tsx[2m > [22m[2mMinimal Props
[22m[39m[UnitContext] Fetching unit data for id: mock-unit-id
[90mstdout[2m | src/components/RecordingStudioEnhanced.stories.tsx[2m > [22m[2mMinimal Props
[22m[39m[FilesContext] Initializing vector store from IndexedDB
[90mstdout[2m | src/components/RecordingStudioEnhanced.stories.tsx[2m > [22m[2mMinimal Props
[22m[39m[FilesContext] fetchFiles called
[90mstdout[2m | src/components/RecordingStudioEnhanced.stories.tsx[2m > [22m[2mMinimal Props
[22m[39m[FilesContext] User authenticated: mock-user-sub
[90mstdout[2m | src/components/RecordingStudioEnhanced.stories.tsx[2m > [22m[2mMinimal Props
[22m[39m[FilesContext] Identity ID: us-east-1:mock-identity-123
[90mstdout[2m | src/components/RecordingStudioEnhanced.stories.tsx[2m > [22m[2mMinimal Props
[22m[39m[FilesContext] About to set up File observeQuery
[90mstdout[2m | src/components/RecordingStudioEnhanced.stories.tsx[2m > [22m[2mMinimal Props
[22m[39m[ChatContext] Setting up AssistantChat observeQuery
[90mstdout[2m | src/components/RecordingStudioEnhanced.stories.tsx[2m > [22m[2mMinimal Props
[22m[39m[ChatContext] Waiting for subscription to initialize
[90mstdout[2m | src/components/RecordingStudioEnhanced.stories.tsx[2m > [22m[2mMinimal Props
[22m[39m[SettingsContext] Setting up Settings subscription for user: mock-user-sub
[90mstdout[2m | src/components/RecordingStudioEnhanced.stories.tsx[2m > [22m[2mMinimal Props
[22m[39m[Mock Data] Settings created: mock-settings-1790418136749 - notified 0 subscribers
[90mstdout[2m | src/components/RecordingStudioEnhanced.stories.tsx[2m > [22m[2mMinimal Props
[22m[39m[Mock Data] Unit.onUpdate() subscription added. Total: 1
[90mstdout[2m | src/components/RecordingStudioEnhanced.stories.tsx[2m > [22m[2mMinimal Props
[22m[39m[SectionContext] Section observeQuery update: 0
[90mstdout[2m | src/components/RecordingStudioEnhanced.stories.tsx[2m > [22m[2mMinimal Props
[22m[39m[FilesContext] File observeQuery update: 6 files
[90mstdout[2m | src/components/RecordingStudioEnhanced.stories.tsx[2m > [22m[2mMinimal Props
[22m[39m[ChatContext] AssistantChat initialized with 1 chats
[90mstdout[2m | src/components/RecordingStudioEnhanced.stories.tsx[2m > [22m[2mMinimal Props
[22m[39m[ChatContext] Setting initial chat: mock-assistant-chat-1
[90mstdout[2m | src/components/RecordingStudioEnhanced.stories.tsx[2m > [22m[2mMinimal Props
[22m[39m[MOCK CourseVectorStore] Initialized with mock data
[90mstdout[2m | src/components/RecordingStudioEnhanced.stories.tsx[2m > [22m[2mMinimal Props
[22m[39m[FilesContext] Vector store population triggered {
  "currentVectorStoreSize": 3,
  "documentsCount": 0,
  "filesCount": 6,
  "isInitialLoad": true,
}
[90mstdout[2m | src/components/RecordingStudioEnhanced.stories.tsx[2m > [22m[2mMinimal Props
[22m[39m[FilesContext] Vector store population complete - 3 total embeddings
[90mstdout[2m | src/components/RecordingStudioEnhanced.stories.tsx[2m > [22m[2mMinimal Props
[22m[39m[ChatContext] Chat exists and not archived, skipping creation
[90mstdout[2m | src/components/RecordingStudioEnhanced.stories.tsx[2m > [22m[2mMinimal Props
[22m[39m[Mock Storage] downloadData called with: undefined
 [32m✓[39m [30m[45m storybook (chromium) [49m[39m src/components/RecordingStudioEnhanced.stories.tsx [2m([22m[2m3 tests[22m[2m)[22m[33m 973[2mms[22m[39m
   [33m[2m✓[22m[39m Default [33m 403[2mms[22m[39m
   [33m[2m✓[22m[39m With Metadata [33m 318[2mms[22m[39m
[90mstdout[2m | unknown test
[22m[39m[MOCK vectorStoreDB.js] Module loaded - mock IndexedDB operations
[90mstdout[2m | unknown test
[22m[39m[Task Completion] DOM action listeners initialized
[90mstdout[2m | unknown test
[22m[39m[Task Completion] Auto-completion detector initialized
[90mstdout[2m | unknown test
[22m[39m[Preview] Task completion detector initialized
[90mstdout[2m | src/components/PeerReview/PeerReviewAssignmentDialog.stories.tsx[2m > [22m[2mDefault
[22m[39m[MOCK CourseVectorStore] Initialized with mock data
[90mstdout[2m | src/components/PeerReview/PeerReviewAssignmentDialog.stories.tsx[2m > [22m[2mDefault
[22m[39m[TranslationModeController] Setting mode to: off
[90mstdout[2m | src/components/PeerReview/PeerReviewAssignmentDialog.stories.tsx[2m > [22m[2mDefault
[22m[39m[UnitContext] useEffect triggered {
  "authLoading": false,
  "hasUser": true,
  "id": "mock-unit-id",
  "userSub": "mock-user-sub",
}
[90mstdout[2m | src/components/PeerReview/PeerReviewAssignmentDialog.stories.tsx[2m > [22m[2mDefault
[22m[39m[UnitContext] Fetching unit data for id: mock-unit-id
[90mstdout[2m | src/components/PeerReview/PeerReviewAssignmentDialog.stories.tsx[2m > [22m[2mDefault
[22m[39m[FilesContext] Initializing vector store from IndexedDB
[90mstdout[2m | src/components/PeerReview/PeerReviewAssignmentDialog.stories.tsx[2m > [22m[2mDefault
[22m[39m[FilesContext] fetchFiles called
[90mstdout[2m | src/components/PeerReview/PeerReviewAssignmentDialog.stories.tsx[2m > [22m[2mDefault
[22m[39m[FilesContext] User authenticated: mock-user-sub
[90mstdout[2m | src/components/PeerReview/PeerReviewAssignmentDialog.stories.tsx[2m > [22m[2mDefault
[22m[39m[FilesContext] Identity ID: us-east-1:mock-identity-123
[90mstdout[2m | src/components/PeerReview/PeerReviewAssignmentDialog.stories.tsx[2m > [22m[2mDefault
[22m[39m[FilesContext] About to set up File observeQuery
[90mstdout[2m | src/components/PeerReview/PeerReviewAssignmentDialog.stories.tsx[2m > [22m[2mDefault
[22m[39m[ChatContext] Setting up AssistantChat observeQuery
[90mstdout[2m | src/components/PeerReview/PeerReviewAssignmentDialog.stories.tsx[2m > [22m[2mDefault
[22m[39m[ChatContext] Waiting for subscription to initialize
[90mstdout[2m | src/components/PeerReview/PeerReviewAssignmentDialog.stories.tsx[2m > [22m[2mDefault
[22m[39m[SettingsContext] Setting up Settings subscription for user: mock-user-sub
[90mstdout[2m | src/components/PeerReview/PeerReviewAssignmentDialog.stories.tsx[2m > [22m[2mDefault
[22m[39m[Mock Data] Settings created: mock-settings-1790418137523 - notified 0 subscribers
[90mstdout[2m | src/components/PeerReview/PeerReviewAssignmentDialog.stories.tsx[2m > [22m[2mDefault
[22m[39m[Mock Data] Unit.onUpdate() subscription added. Total: 1
[90mstdout[2m | src/components/PeerReview/PeerReviewAssignmentDialog.stories.tsx[2m > [22m[2mDefault
[22m[39m[SectionContext] Section observeQuery update: 0
[90mstdout[2m | src/components/PeerReview/PeerReviewAssignmentDialog.stories.tsx[2m > [22m[2mDefault
[22m[39m[FilesContext] File observeQuery update: 6 files
[90mstdout[2m | src/components/PeerReview/PeerReviewAssignmentDialog.stories.tsx[2m > [22m[2mDefault
[22m[39m[ChatContext] AssistantChat initialized with 1 chats
[90mstdout[2m | src/components/PeerReview/PeerReviewAssignmentDialog.stories.tsx[2m > [22m[2mDefault
[22m[39m[ChatContext] Setting initial chat: mock-assistant-chat-1
[90mstdout[2m | src/components/PeerReview/PeerReviewAssignmentDialog.stories.tsx[2m > [22m[2mDefault
[22m[39m[MOCK CourseVectorStore] Initialized with mock data
[90mstdout[2m | src/components/PeerReview/PeerReviewAssignmentDialog.stories.tsx[2m > [22m[2mDefault
[22m[39m[FilesContext] Vector store population triggered {
  "currentVectorStoreSize": 3,
  "documentsCount": 0,
  "filesCount": 6,
  "isInitialLoad": true,
}
[90mstdout[2m | src/components/PeerReview/PeerReviewAssignmentDialog.stories.tsx[2m > [22m[2mDefault
[22m[39m[FilesContext] Vector store population complete - 3 total embeddings
[90mstdout[2m | src/components/PeerReview/PeerReviewAssignmentDialog.stories.tsx[2m > [22m[2mDefault
[22m[39m[ChatContext] Chat exists and not archived, skipping creation
[90mstdout[2m | src/components/PeerReview/PeerReviewAssignmentDialog.stories.tsx[2m > [22m[2mDefault
[22m[39m[Mock Storage] downloadData called with: undefined
[90mstdout[2m | src/components/PeerReview/PeerReviewAssignmentDialog.stories.tsx[2m > [22m[2mSingle Grade
[22m[39m[ChatContext] Cleaning up subscriptions
[90mstdout[2m | src/components/PeerReview/PeerReviewAssignmentDialog.stories.tsx[2m > [22m[2mSingle Grade
[22m[39m[Mock Data] Unit.onUpdate() subscription removed. Remaining: 0
[90mstdout[2m | src/components/PeerReview/PeerReviewAssignmentDialog.stories.tsx[2m > [22m[2mSingle Grade
[22m[39m[MOCK CourseVectorStore] Initialized with mock data
[90mstdout[2m | src/components/PeerReview/PeerReviewAssignmentDialog.stories.tsx[2m > [22m[2mSingle Grade
[22m[39m[TranslationModeController] Setting mode to: off
[90mstdout[2m | src/components/PeerReview/PeerReviewAssignmentDialog.stories.tsx[2m > [22m[2mSingle Grade
[22m[39m[UnitContext] useEffect triggered {
  "authLoading": false,
  "hasUser": true,
  "id": "mock-unit-id",
  "userSub": "mock-user-sub",
}
[90mstdout[2m | src/components/PeerReview/PeerReviewAssignmentDialog.stories.tsx[2m > [22m[2mSingle Grade
[22m[39m[UnitContext] Fetching unit data for id: mock-unit-id
[90mstdout[2m | src/components/PeerReview/PeerReviewAssignmentDialog.stories.tsx[2m > [22m[2mSingle Grade
[22m[39m[FilesContext] Initializing vector store from IndexedDB
[90mstdout[2m | src/components/PeerReview/PeerReviewAssignmentDialog.stories.tsx[2m > [22m[2mSingle Grade
[22m[39m[FilesContext] fetchFiles called
[90mstdout[2m | src/components/PeerReview/PeerReviewAssignmentDialog.stories.tsx[2m > [22m[2mSingle Grade
[22m[39m[FilesContext] User authenticated: mock-user-sub
[90mstdout[2m | src/components/PeerReview/PeerReviewAssignmentDialog.stories.tsx[2m > [22m[2mSingle Grade
[22m[39m[FilesContext] Identity ID: us-east-1:mock-identity-123
[90mstdout[2m | src/components/PeerReview/PeerReviewAssignmentDialog.stories.tsx[2m > [22m[2mSingle Grade
[22m[39m[FilesContext] About to set up File observeQuery
[90mstdout[2m | src/components/PeerReview/PeerReviewAssignmentDialog.stories.tsx[2m > [22m[2mSingle Grade
[22m[39m[ChatContext] Setting up AssistantChat observeQuery
[90mstdout[2m | src/components/PeerReview/PeerReviewAssignmentDialog.stories.tsx[2m > [22m[2mSingle Grade
[22m[39m[ChatContext] Waiting for subscription to initialize
[90mstdout[2m | src/components/PeerReview/PeerReviewAssignmentDialog.stories.tsx[2m > [22m[2mSingle Grade
[22m[39m[SettingsContext] Setting up Settings subscription for user: mock-user-sub
[90mstdout[2m | src/components/PeerReview/PeerReviewAssignmentDialog.stories.tsx[2m > [22m[2mSingle Grade
[22m[39m[Mock Data] Settings created: mock-settings-1790418137717 - notified 0 subscribers
[90mstdout[2m | src/components/PeerReview/PeerReviewAssignmentDialog.stories.tsx[2m > [22m[2mSingle Grade
[22m[39m[Mock Data] Unit.onUpdate() subscription added. Total: 1
[90mstdout[2m | src/components/PeerReview/PeerReviewAssignmentDialog.stories.tsx[2m > [22m[2mSingle Grade
[22m[39m[SectionContext] Section observeQuery update: 0
[90mstdout[2m | src/components/PeerReview/PeerReviewAssignmentDialog.stories.tsx[2m > [22m[2mSingle Grade
[22m[39m[FilesContext] File observeQuery update: 6 files
[90mstdout[2m | src/components/PeerReview/PeerReviewAssignmentDialog.stories.tsx[2m > [22m[2mSingle Grade
[22m[39m[ChatContext] AssistantChat initialized with 1 chats
[90mstdout[2m | src/components/PeerReview/PeerReviewAssignmentDialog.stories.tsx[2m > [22m[2mSingle Grade
[22m[39m[ChatContext] Setting initial chat: mock-assistant-chat-1
[90mstdout[2m | src/components/PeerReview/PeerReviewAssignmentDialog.stories.tsx[2m > [22m[2mSingle Grade
[22m[39m[MOCK CourseVectorStore] Initialized with mock data
[90mstdout[2m | src/components/PeerReview/PeerReviewAssignmentDialog.stories.tsx[2m > [22m[2mSingle Grade
[22m[39m[FilesContext] Vector store population triggered {
  "currentVectorStoreSize": 3,
  "documentsCount": 0,
  "filesCount": 6,
  "isInitialLoad": true,
}
[90mstdout[2m | src/components/PeerReview/PeerReviewAssignmentDialog.stories.tsx[2m > [22m[2mSingle Grade
[22m[39m[FilesContext] Vector store population complete - 3 total embeddings
[90mstdout[2m | src/components/PeerReview/PeerReviewAssignmentDialog.stories.tsx[2m > [22m[2mSingle Grade
[22m[39m[ChatContext] Chat exists and not archived, skipping creation
[90mstdout[2m | src/components/PeerReview/PeerReviewAssignmentDialog.stories.tsx[2m > [22m[2mSingle Grade
[22m[39m[Mock Storage] downloadData called with: undefined
[90mstdout[2m | src/components/PeerReview/PeerReviewAssignmentDialog.stories.tsx[2m > [22m[2mMany Students
[22m[39m[ChatContext] Cleaning up subscriptions
[90mstdout[2m | src/components/PeerReview/PeerReviewAssignmentDialog.stories.tsx[2m > [22m[2mMany Students
[22m[39m[Mock Data] Unit.onUpdate() subscription removed. Remaining: 0
[90mstdout[2m | src/components/PeerReview/PeerReviewAssignmentDialog.stories.tsx[2m > [22m[2mMany Students
[22m[39m[MOCK CourseVectorStore] Initialized with mock data
[90mstdout[2m | src/components/PeerReview/PeerReviewAssignmentDialog.stories.tsx[2m > [22m[2mMany Students
[22m[39m[TranslationModeController] Setting mode to: off
[90mstdout[2m | src/components/PeerReview/PeerReviewAssignmentDialog.stories.tsx[2m > [22m[2mMany Students
[22m[39m[UnitContext] useEffect triggered {
  "authLoading": false,
  "hasUser": true,
  "id": "mock-unit-id",
  "userSub": "mock-user-sub",
}
[90mstdout[2m | src/components/PeerReview/PeerReviewAssignmentDialog.stories.tsx[2m > [22m[2mMany Students
[22m[39m[UnitContext] Fetching unit data for id: mock-unit-id
[90mstdout[2m | src/components/PeerReview/PeerReviewAssignmentDialog.stories.tsx[2m > [22m[2mMany Students
[22m[39m[FilesContext] Initializing vector store from IndexedDB
[90mstdout[2m | src/components/PeerReview/PeerReviewAssignmentDialog.stories.tsx[2m > [22m[2mMany Students
[22m[39m[FilesContext] fetchFiles called
[90mstdout[2m | src/components/PeerReview/PeerReviewAssignmentDialog.stories.tsx[2m > [22m[2mMany Students
[22m[39m[FilesContext] User authenticated: mock-user-sub
[90mstdout[2m | src/components/PeerReview/PeerReviewAssignmentDialog.stories.tsx[2m > [22m[2mMany Students
[22m[39m[FilesContext] Identity ID: us-east-1:mock-identity-123
[90mstdout[2m | src/components/PeerReview/PeerReviewAssignmentDialog.stories.tsx[2m > [22m[2mMany Students
[22m[39m[FilesContext] About to set up File observeQuery
[90mstdout[2m | src/components/PeerReview/PeerReviewAssignmentDialog.stories.tsx[2m > [22m[2mMany Students
[22m[39m[ChatContext] Setting up AssistantChat observeQuery
[90mstdout[2m | src/components/PeerReview/PeerReviewAssignmentDialog.stories.tsx[2m > [22m[2mMany Students
[22m[39m[ChatContext] Waiting for subscription to initialize
[90mstdout[2m | src/components/PeerReview/PeerReviewAssignmentDialog.stories.tsx[2m > [22m[2mMany Students
[22m[39m[SettingsContext] Setting up Settings subscription for user: mock-user-sub
[90mstdout[2m | src/components/PeerReview/PeerReviewAssignmentDialog.stories.tsx[2m > [22m[2mMany Students
[22m[39m[Mock Data] Settings created: mock-settings-1790418137960 - notified 0 subscribers
[90mstdout[2m | src/components/PeerReview/PeerReviewAssignmentDialog.stories.tsx[2m > [22m[2mMany Students
[22m[39m[Mock Data] Unit.onUpdate() subscription added. Total: 1
[90mstdout[2m | src/components/PeerReview/PeerReviewAssignmentDialog.stories.tsx[2m > [22m[2mMany Students
[22m[39m[SectionContext] Section observeQuery update: 0
[90mstdout[2m | src/components/PeerReview/PeerReviewAssignmentDialog.stories.tsx[2m > [22m[2mMany Students
[22m[39m[FilesContext] File observeQuery update: 6 files
[90mstdout[2m | src/components/PeerReview/PeerReviewAssignmentDialog.stories.tsx[2m > [22m[2mMany Students
[22m[39m[ChatContext] AssistantChat initialized with 1 chats
[90mstdout[2m | src/components/PeerReview/PeerReviewAssignmentDialog.stories.tsx[2m > [22m[2mMany Students
[22m[39m[ChatContext] Setting initial chat: mock-assistant-chat-1
[90mstdout[2m | src/components/PeerReview/PeerReviewAssignmentDialog.stories.tsx[2m > [22m[2mMany Students
[22m[39m[MOCK CourseVectorStore] Initialized with mock data
[90mstdout[2m | src/components/PeerReview/PeerReviewAssignmentDialog.stories.tsx[2m > [22m[2mMany Students
[22m[39m[FilesContext] Vector store population triggered {
  "currentVectorStoreSize": 3,
  "documentsCount": 0,
  "filesCount": 6,
  "isInitialLoad": true,
}
[90mstdout[2m | src/components/PeerReview/PeerReviewAssignmentDialog.stories.tsx[2m > [22m[2mMany Students
[22m[39m[FilesContext] Vector store population complete - 3 total embeddings
[90mstdout[2m | src/components/PeerReview/PeerReviewAssignmentDialog.stories.tsx[2m > [22m[2mMany Students
[22m[39m[ChatContext] Chat exists and not archived, skipping creation
[90mstdout[2m | src/components/PeerReview/PeerReviewAssignmentDialog.stories.tsx[2m > [22m[2mMany Students
[22m[39m[Mock Storage] downloadData called with: undefined
[90mstdout[2m | src/components/PeerReview/PeerReviewAssignmentDialog.stories.tsx[2m > [22m[2mClosed
[22m[39m[ChatContext] Cleaning up subscriptions
[90mstdout[2m | src/components/PeerReview/PeerReviewAssignmentDialog.stories.tsx[2m > [22m[2mClosed
[22m[39m[Mock Data] Unit.onUpdate() subscription removed. Remaining: 0
[90mstdout[2m | src/components/PeerReview/PeerReviewAssignmentDialog.stories.tsx[2m > [22m[2mClosed
[22m[39m[MOCK CourseVectorStore] Initialized with mock data
[90mstdout[2m | src/components/PeerReview/PeerReviewAssignmentDialog.stories.tsx[2m > [22m[2mClosed
[22m[39m[TranslationModeController] Setting mode to: off
[90mstdout[2m | src/components/PeerReview/PeerReviewAssignmentDialog.stories.tsx[2m > [22m[2mClosed
[22m[39m[UnitContext] useEffect triggered {
  "authLoading": false,
  "hasUser": true,
  "id": "mock-unit-id",
  "userSub": "mock-user-sub",
}
[90mstdout[2m | src/components/PeerReview/PeerReviewAssignmentDialog.stories.tsx[2m > [22m[2mClosed
[22m[39m[UnitContext] Fetching unit data for id: mock-unit-id
[90mstdout[2m | src/components/PeerReview/PeerReviewAssignmentDialog.stories.tsx[2m > [22m[2mClosed
[22m[39m[FilesContext] Initializing vector store from IndexedDB
[90mstdout[2m | src/components/PeerReview/PeerReviewAssignmentDialog.stories.tsx[2m > [22m[2mClosed
[22m[39m[FilesContext] fetchFiles called
[90mstdout[2m | src/components/PeerReview/PeerReviewAssignmentDialog.stories.tsx[2m > [22m[2mClosed
[22m[39m[FilesContext] User authenticated: mock-user-sub
[90mstdout[2m | src/components/PeerReview/PeerReviewAssignmentDialog.stories.tsx[2m > [22m[2mClosed
[22m[39m[FilesContext] Identity ID: us-east-1:mock-identity-123
[90mstdout[2m | src/components/PeerReview/PeerReviewAssignmentDialog.stories.tsx[2m > [22m[2mClosed
[22m[39m[FilesContext] About to set up File observeQuery
[90mstdout[2m | src/components/PeerReview/PeerReviewAssignmentDialog.stories.tsx[2m > [22m[2mClosed
[22m[39m[ChatContext] Setting up AssistantChat observeQuery
[90mstdout[2m | src/components/PeerReview/PeerReviewAssignmentDialog.stories.tsx[2m > [22m[2mClosed
[22m[39m[ChatContext] Waiting for subscription to initialize
[90mstdout[2m | src/components/PeerReview/PeerReviewAssignmentDialog.stories.tsx[2m > [22m[2mClosed
[22m[39m[SettingsContext] Setting up Settings subscription for user: mock-user-sub
[90mstdout[2m | src/components/PeerReview/PeerReviewAssignmentDialog.stories.tsx[2m > [22m[2mClosed
[22m[39m[Mock Data] Settings created: mock-settings-1790418138284 - notified 0 subscribers
[90mstdout[2m | src/components/PeerReview/PeerReviewAssignmentDialog.stories.tsx[2m > [22m[2mClosed
[22m[39m[Mock Data] Unit.onUpdate() subscription added. Total: 1
[90mstdout[2m | src/components/PeerReview/PeerReviewAssignmentDialog.stories.tsx[2m > [22m[2mClosed
[22m[39m[SectionContext] Section observeQuery update: 0
[90mstdout[2m | src/components/PeerReview/PeerReviewAssignmentDialog.stories.tsx[2m > [22m[2mClosed
[22m[39m[FilesContext] File observeQuery update: 6 files
[90mstdout[2m | src/components/PeerReview/PeerReviewAssignmentDialog.stories.tsx[2m > [22m[2mClosed
[22m[39m[ChatContext] AssistantChat initialized with 1 chats
[90mstdout[2m | src/components/PeerReview/PeerReviewAssignmentDialog.stories.tsx[2m > [22m[2mClosed
[22m[39m[ChatContext] Setting initial chat: mock-assistant-chat-1
[90mstdout[2m | src/components/PeerReview/PeerReviewAssignmentDialog.stories.tsx[2m > [22m[2mClosed
[22m[39m[Mock Storage] downloadData called with: undefined
[90mstdout[2m | src/components/PeerReview/PeerReviewAssignmentDialog.stories.tsx[2m > [22m[2mClosed
[22m[39m[MOCK CourseVectorStore] Initialized with mock data
[90mstdout[2m | src/components/PeerReview/PeerReviewAssignmentDialog.stories.tsx[2m > [22m[2mClosed
[22m[39m[FilesContext] Vector store population triggered {
  "currentVectorStoreSize": 3,
  "documentsCount": 0,
  "filesCount": 6,
  "isInitialLoad": true,
}
[90mstdout[2m | src/components/PeerReview/PeerReviewAssignmentDialog.stories.tsx[2m > [22m[2mClosed
[22m[39m[FilesContext] Vector store population complete - 3 total embeddings
[90mstdout[2m | src/components/PeerReview/PeerReviewAssignmentDialog.stories.tsx[2m > [22m[2mClosed
[22m[39m[ChatContext] Chat exists and not archived, skipping creation
 [32m✓[39m [30m[45m storybook (chromium) [49m[39m src/components/PeerReview/PeerReviewAssignmentDialog.stories.tsx [2m([22m[2m4 tests[22m[2m)[22m[33m 899[2mms[22m[39m
   [33m[2m✓[22m[39m Many Students [33m 401[2mms[22m[39m
[90mstdout[2m | unknown test
[22m[39m[MOCK vectorStoreDB.js] Module loaded - mock IndexedDB operations
[90mstdout[2m | unknown test
[22m[39m[Task Completion] DOM action listeners initialized
[90mstdout[2m | unknown test
[22m[39m[Task Completion] Auto-completion detector initialized
[90mstdout[2m | unknown test
[22m[39m[Preview] Task completion detector initialized
[90mstdout[2m | src/components/PeerReview/OpenCollaborationRooms.stories.tsx[2m > [22m[2mInstructor View
[22m[39m[MOCK CourseVectorStore] Initialized with mock data
[90mstdout[2m | src/components/PeerReview/OpenCollaborationRooms.stories.tsx[2m > [22m[2mInstructor View
[22m[39m[TranslationModeController] Setting mode to: off
[90mstdout[2m | src/components/PeerReview/OpenCollaborationRooms.stories.tsx[2m > [22m[2mInstructor View
[22m[39m[UnitContext] useEffect triggered {
  "authLoading": false,
  "hasUser": true,
  "id": "mock-unit-id",
  "userSub": "mock-user-sub",
}
[90mstdout[2m | src/components/PeerReview/OpenCollaborationRooms.stories.tsx[2m > [22m[2mInstructor View
[22m[39m[UnitContext] Fetching unit data for id: mock-unit-id
[90mstdout[2m | src/components/PeerReview/OpenCollaborationRooms.stories.tsx[2m > [22m[2mInstructor View
[22m[39m[FilesContext] Initializing vector store from IndexedDB
[90mstdout[2m | src/components/PeerReview/OpenCollaborationRooms.stories.tsx[2m > [22m[2mInstructor View
[22m[39m[FilesContext] fetchFiles called
[90mstdout[2m | src/components/PeerReview/OpenCollaborationRooms.stories.tsx[2m > [22m[2mInstructor View
[22m[39m[FilesContext] User authenticated: mock-user-sub
[90mstdout[2m | src/components/PeerReview/OpenCollaborationRooms.stories.tsx[2m > [22m[2mInstructor View
[22m[39m[FilesContext] Identity ID: us-east-1:mock-identity-123
[90mstdout[2m | src/components/PeerReview/OpenCollaborationRooms.stories.tsx[2m > [22m[2mInstructor View
[22m[39m[FilesContext] About to set up File observeQuery
[90mstdout[2m | src/components/PeerReview/OpenCollaborationRooms.stories.tsx[2m > [22m[2mInstructor View
[22m[39m[ChatContext] Setting up AssistantChat observeQuery
[90mstdout[2m | src/components/PeerReview/OpenCollaborationRooms.stories.tsx[2m > [22m[2mInstructor View
[22m[39m[ChatContext] Waiting for subscription to initialize
[90mstdout[2m | src/components/PeerReview/OpenCollaborationRooms.stories.tsx[2m > [22m[2mInstructor View
[22m[39m[SettingsContext] Setting up Settings subscription for user: mock-user-sub
[90mstdout[2m | src/components/PeerReview/OpenCollaborationRooms.stories.tsx[2m > [22m[2mInstructor View
[22m[39m[Mock Data] Settings created: mock-settings-1790418139506 - notified 0 subscribers
[90mstdout[2m | src/components/PeerReview/OpenCollaborationRooms.stories.tsx[2m > [22m[2mInstructor View
[22m[39m[Mock Data] Unit.onUpdate() subscription added. Total: 1
[90mstdout[2m | src/components/PeerReview/OpenCollaborationRooms.stories.tsx[2m > [22m[2mInstructor View
[22m[39m[SectionContext] Section observeQuery update: 0
[90mstdout[2m | src/components/PeerReview/OpenCollaborationRooms.stories.tsx[2m > [22m[2mInstructor View
[22m[39m[FilesContext] File observeQuery update: 6 files
[90mstdout[2m | src/components/PeerReview/OpenCollaborationRooms.stories.tsx[2m > [22m[2mInstructor View
[22m[39m[ChatContext] AssistantChat initialized with 1 chats
[90mstdout[2m | src/components/PeerReview/OpenCollaborationRooms.stories.tsx[2m > [22m[2mInstructor View
[22m[39m[ChatContext] Setting initial chat: mock-assistant-chat-1
[90mstdout[2m | src/components/PeerReview/OpenCollaborationRooms.stories.tsx[2m > [22m[2mInstructor View
[22m[39m[MOCK CourseVectorStore] Initialized with mock data
[90mstdout[2m | src/components/PeerReview/OpenCollaborationRooms.stories.tsx[2m > [22m[2mInstructor View
[22m[39m[FilesContext] Vector store population triggered {
  "currentVectorStoreSize": 3,
  "documentsCount": 0,
  "filesCount": 6,
  "isInitialLoad": true,
}
[90mstdout[2m | src/components/PeerReview/OpenCollaborationRooms.stories.tsx[2m > [22m[2mInstructor View
[22m[39m[FilesContext] Vector store population complete - 3 total embeddings
[90mstdout[2m | src/components/PeerReview/OpenCollaborationRooms.stories.tsx[2m > [22m[2mInstructor View
[22m[39m[ChatContext] Chat exists and not archived, skipping creation
[90mstdout[2m | src/components/PeerReview/OpenCollaborationRooms.stories.tsx[2m > [22m[2mInstructor View
[22m[39m[Mock Storage] downloadData called with: undefined
[90mstdout[2m | src/components/PeerReview/OpenCollaborationRooms.stories.tsx[2m > [22m[2mStudent View
[22m[39m[ChatContext] Cleaning up subscriptions
[90mstdout[2m | src/components/PeerReview/OpenCollaborationRooms.stories.tsx[2m > [22m[2mStudent View
[22m[39m[Mock Data] Unit.onUpdate() subscription removed. Remaining: 0
[90mstdout[2m | src/components/PeerReview/OpenCollaborationRooms.stories.tsx[2m > [22m[2mStudent View
[22m[39m[MOCK CourseVectorStore] Initialized with mock data
[90mstdout[2m | src/components/PeerReview/OpenCollaborationRooms.stories.tsx[2m > [22m[2mStudent View
[22m[39m[TranslationModeController] Setting mode to: off
[90mstdout[2m | src/components/PeerReview/OpenCollaborationRooms.stories.tsx[2m > [22m[2mStudent View
[22m[39m[UnitContext] useEffect triggered {
  "authLoading": false,
  "hasUser": true,
  "id": "mock-unit-id",
  "userSub": "mock-user-sub",
}
[90mstdout[2m | src/components/PeerReview/OpenCollaborationRooms.stories.tsx[2m > [22m[2mStudent View
[22m[39m[UnitContext] Fetching unit data for id: mock-unit-id
[90mstdout[2m | src/components/PeerReview/OpenCollaborationRooms.stories.tsx[2m > [22m[2mStudent View
[22m[39m[FilesContext] Initializing vector store from IndexedDB
[90mstdout[2m | src/components/PeerReview/OpenCollaborationRooms.stories.tsx[2m > [22m[2mStudent View
[22m[39m[FilesContext] fetchFiles called
[90mstdout[2m | src/components/PeerReview/OpenCollaborationRooms.stories.tsx[2m > [22m[2mStudent View
[22m[39m[FilesContext] User authenticated: mock-user-sub
[90mstdout[2m | src/components/PeerReview/OpenCollaborationRooms.stories.tsx[2m > [22m[2mStudent View
[22m[39m[FilesContext] Identity ID: us-east-1:mock-identity-123
[90mstdout[2m | src/components/PeerReview/OpenCollaborationRooms.stories.tsx[2m > [22m[2mStudent View
[22m[39m[FilesContext] About to set up File observeQuery
[90mstdout[2m | src/components/PeerReview/OpenCollaborationRooms.stories.tsx[2m > [22m[2mStudent View
[22m[39m[ChatContext] Setting up AssistantChat observeQuery
[90mstdout[2m | src/components/PeerReview/OpenCollaborationRooms.stories.tsx[2m > [22m[2mStudent View
[22m[39m[ChatContext] Waiting for subscription to initialize
[90mstdout[2m | src/components/PeerReview/OpenCollaborationRooms.stories.tsx[2m > [22m[2mStudent View
[22m[39m[SettingsContext] Setting up Settings subscription for user: mock-user-sub
[90mstdout[2m | src/components/PeerReview/OpenCollaborationRooms.stories.tsx[2m > [22m[2mStudent View
[22m[39m[Mock Data] Settings created: mock-settings-1790418140070 - notified 0 subscribers
[90mstdout[2m | src/components/PeerReview/OpenCollaborationRooms.stories.tsx[2m > [22m[2mStudent View
[22m[39m[Mock Data] Unit.onUpdate() subscription added. Total: 1
[90mstdout[2m | src/components/PeerReview/OpenCollaborationRooms.stories.tsx[2m > [22m[2mStudent View
[22m[39m[SectionContext] Section observeQuery update: 0
[90mstdout[2m | src/components/PeerReview/OpenCollaborationRooms.stories.tsx[2m > [22m[2mStudent View
[22m[39m[FilesContext] File observeQuery update: 6 files
[90mstdout[2m | src/components/PeerReview/OpenCollaborationRooms.stories.tsx[2m > [22m[2mStudent View
[22m[39m[ChatContext] AssistantChat initialized with 1 chats
[90mstdout[2m | src/components/PeerReview/OpenCollaborationRooms.stories.tsx[2m > [22m[2mStudent View
[22m[39m[ChatContext] Setting initial chat: mock-assistant-chat-1
[90mstdout[2m | src/components/PeerReview/OpenCollaborationRooms.stories.tsx[2m > [22m[2mStudent View
[22m[39m[MOCK CourseVectorStore] Initialized with mock data
[90mstdout[2m | src/components/PeerReview/OpenCollaborationRooms.stories.tsx[2m > [22m[2mStudent View
[22m[39m[FilesContext] Vector store population triggered {
  "currentVectorStoreSize": 3,
  "documentsCount": 0,
  "filesCount": 6,
  "isInitialLoad": true,
}
[90mstdout[2m | src/components/PeerReview/OpenCollaborationRooms.stories.tsx[2m > [22m[2mStudent View
[22m[39m[FilesContext] Vector store population complete - 3 total embeddings
[90mstdout[2m | src/components/PeerReview/OpenCollaborationRooms.stories.tsx[2m > [22m[2mStudent View
[22m[39m[ChatContext] Chat exists and not archived, skipping creation
[90mstdout[2m | src/components/PeerReview/OpenCollaborationRooms.stories.tsx[2m > [22m[2mStudent View
[22m[39m[Mock Storage] downloadData called with: undefined
[90mstdout[2m | src/components/PeerReview/OpenCollaborationRooms.stories.tsx[2m > [22m[2mOnly Tutoring Rooms
[22m[39m[ChatContext] Cleaning up subscriptions
[90mstdout[2m | src/components/PeerReview/OpenCollaborationRooms.stories.tsx[2m > [22m[2mOnly Tutoring Rooms
[22m[39m[Mock Data] Unit.onUpdate() subscription removed. Remaining: 0
[90mstdout[2m | src/components/PeerReview/OpenCollaborationRooms.stories.tsx[2m > [22m[2mOnly Tutoring Rooms
[22m[39m[MOCK CourseVectorStore] Initialized with mock data
[90mstdout[2m | src/components/PeerReview/OpenCollaborationRooms.stories.tsx[2m > [22m[2mOnly Tutoring Rooms
[22m[39m[TranslationModeController] Setting mode to: off
[90mstdout[2m | src/components/PeerReview/OpenCollaborationRooms.stories.tsx[2m > [22m[2mOnly Tutoring Rooms
[22m[39m[UnitContext] useEffect triggered {
  "authLoading": false,
  "hasUser": true,
  "id": "mock-unit-id",
  "userSub": "mock-user-sub",
}
[90mstdout[2m | src/components/PeerReview/OpenCollaborationRooms.stories.tsx[2m > [22m[2mOnly Tutoring Rooms
[22m[39m[UnitContext] Fetching unit data for id: mock-unit-id
[90mstdout[2m | src/components/PeerReview/OpenCollaborationRooms.stories.tsx[2m > [22m[2mOnly Tutoring Rooms
[22m[39m[FilesContext] Initializing vector store from IndexedDB
[90mstdout[2m | src/components/PeerReview/OpenCollaborationRooms.stories.tsx[2m > [22m[2mOnly Tutoring Rooms
[22m[39m[FilesContext] fetchFiles called
[90mstdout[2m | src/components/PeerReview/OpenCollaborationRooms.stories.tsx[2m > [22m[2mOnly Tutoring Rooms
[22m[39m[FilesContext] User authenticated: mock-user-sub
[90mstdout[2m | src/components/PeerReview/OpenCollaborationRooms.stories.tsx[2m > [22m[2mOnly Tutoring Rooms
[22m[39m[FilesContext] Identity ID: us-east-1:mock-identity-123
[90mstdout[2m | src/components/PeerReview/OpenCollaborationRooms.stories.tsx[2m > [22m[2mOnly Tutoring Rooms
[22m[39m[FilesContext] About to set up File observeQuery
[90mstdout[2m | src/components/PeerReview/OpenCollaborationRooms.stories.tsx[2m > [22m[2mOnly Tutoring Rooms
[22m[39m[ChatContext] Setting up AssistantChat observeQuery
[90mstdout[2m | src/components/PeerReview/OpenCollaborationRooms.stories.tsx[2m > [22m[2mOnly Tutoring Rooms
[22m[39m[ChatContext] Waiting for subscription to initialize
[90mstdout[2m | src/components/PeerReview/OpenCollaborationRooms.stories.tsx[2m > [22m[2mOnly Tutoring Rooms
[22m[39m[SettingsContext] Setting up Settings subscription for user: mock-user-sub
[90mstdout[2m | src/components/PeerReview/OpenCollaborationRooms.stories.tsx[2m > [22m[2mOnly Tutoring Rooms
[22m[39m[Mock Data] Settings created: mock-settings-1790418140473 - notified 0 subscribers
[90mstdout[2m | src/components/PeerReview/OpenCollaborationRooms.stories.tsx[2m > [22m[2mOnly Tutoring Rooms
[22m[39m[Mock Data] Unit.onUpdate() subscription added. Total: 1
[90mstdout[2m | src/components/PeerReview/OpenCollaborationRooms.stories.tsx[2m > [22m[2mOnly Tutoring Rooms
[22m[39m[SectionContext] Section observeQuery update: 0
[90mstdout[2m | src/components/PeerReview/OpenCollaborationRooms.stories.tsx[2m > [22m[2mOnly Tutoring Rooms
[22m[39m[FilesContext] File observeQuery update: 6 files
[90mstdout[2m | src/components/PeerReview/OpenCollaborationRooms.stories.tsx[2m > [22m[2mOnly Tutoring Rooms
[22m[39m[ChatContext] AssistantChat initialized with 1 chats
[90mstdout[2m | src/components/PeerReview/OpenCollaborationRooms.stories.tsx[2m > [22m[2mOnly Tutoring Rooms
[22m[39m[ChatContext] Setting initial chat: mock-assistant-chat-1
[90mstdout[2m | src/components/PeerReview/OpenCollaborationRooms.stories.tsx[2m > [22m[2mOnly Tutoring Rooms
[22m[39m[MOCK CourseVectorStore] Initialized with mock data
[90mstdout[2m | src/components/PeerReview/OpenCollaborationRooms.stories.tsx[2m > [22m[2mOnly Tutoring Rooms
[22m[39m[FilesContext] Vector store population triggered {
  "currentVectorStoreSize": 3,
  "documentsCount": 0,
  "filesCount": 6,
  "isInitialLoad": true,
}
[90mstdout[2m | src/components/PeerReview/OpenCollaborationRooms.stories.tsx[2m > [22m[2mOnly Tutoring Rooms
[22m[39m[FilesContext] Vector store population complete - 3 total embeddings
[90mstdout[2m | src/components/PeerReview/OpenCollaborationRooms.stories.tsx[2m > [22m[2mOnly Tutoring Rooms
[22m[39m[ChatContext] Chat exists and not archived, skipping creation
[90mstdout[2m | src/components/PeerReview/OpenCollaborationRooms.stories.tsx[2m > [22m[2mOnly Tutoring Rooms
[22m[39m[Mock Storage] downloadData called with: undefined
[90mstdout[2m | src/components/PeerReview/OpenCollaborationRooms.stories.tsx[2m > [22m[2mEmpty Rooms
[22m[39m[ChatContext] Cleaning up subscriptions
[90mstdout[2m | src/components/PeerReview/OpenCollaborationRooms.stories.tsx[2m > [22m[2mEmpty Rooms
[22m[39m[Mock Data] Unit.onUpdate() subscription removed. Remaining: 0
[90mstdout[2m | src/components/PeerReview/OpenCollaborationRooms.stories.tsx[2m > [22m[2mEmpty Rooms
[22m[39m[MOCK CourseVectorStore] Initialized with mock data
[90mstdout[2m | src/components/PeerReview/OpenCollaborationRooms.stories.tsx[2m > [22m[2mEmpty Rooms
[22m[39m[TranslationModeController] Setting mode to: off
[90mstdout[2m | src/components/PeerReview/OpenCollaborationRooms.stories.tsx[2m > [22m[2mEmpty Rooms
[22m[39m[UnitContext] useEffect triggered {
  "authLoading": false,
  "hasUser": true,
  "id": "mock-unit-id",
  "userSub": "mock-user-sub",
}
[90mstdout[2m | src/components/PeerReview/OpenCollaborationRooms.stories.tsx[2m > [22m[2mEmpty Rooms
[22m[39m[UnitContext] Fetching unit data for id: mock-unit-id
[90mstdout[2m | src/components/PeerReview/OpenCollaborationRooms.stories.tsx[2m > [22m[2mEmpty Rooms
[22m[39m[FilesContext] Initializing vector store from IndexedDB
[90mstdout[2m | src/components/PeerReview/OpenCollaborationRooms.stories.tsx[2m > [22m[2mEmpty Rooms
[22m[39m[FilesContext] fetchFiles called
[90mstdout[2m | src/components/PeerReview/OpenCollaborationRooms.stories.tsx[2m > [22m[2mEmpty Rooms
[22m[39m[FilesContext] User authenticated: mock-user-sub
[90mstdout[2m | src/components/PeerReview/OpenCollaborationRooms.stories.tsx[2m > [22m[2mEmpty Rooms
[22m[39m[FilesContext] Identity ID: us-east-1:mock-identity-123
[90mstdout[2m | src/components/PeerReview/OpenCollaborationRooms.stories.tsx[2m > [22m[2mEmpty Rooms
[22m[39m[FilesContext] About to set up File observeQuery
[90mstdout[2m | src/components/PeerReview/OpenCollaborationRooms.stories.tsx[2m > [22m[2mEmpty Rooms
[22m[39m[ChatContext] Setting up AssistantChat observeQuery
[90mstdout[2m | src/components/PeerReview/OpenCollaborationRooms.stories.tsx[2m > [22m[2mEmpty Rooms
[22m[39m[ChatContext] Waiting for subscription to initialize
[90mstdout[2m | src/components/PeerReview/OpenCollaborationRooms.stories.tsx[2m > [22m[2mEmpty Rooms
[22m[39m[SettingsContext] Setting up Settings subscription for user: mock-user-sub
[90mstdout[2m | src/components/PeerReview/OpenCollaborationRooms.stories.tsx[2m > [22m[2mEmpty Rooms
[22m[39m[Mock Data] Settings created: mock-settings-1790418140822 - notified 0 subscribers
[90mstdout[2m | src/components/PeerReview/OpenCollaborationRooms.stories.tsx[2m > [22m[2mEmpty Rooms
[22m[39m[Mock Data] Unit.onUpdate() subscription added. Total: 1
[90mstdout[2m | src/components/PeerReview/OpenCollaborationRooms.stories.tsx[2m > [22m[2mEmpty Rooms
[22m[39m[SectionContext] Section observeQuery update: 0
[90mstdout[2m | src/components/PeerReview/OpenCollaborationRooms.stories.tsx[2m > [22m[2mEmpty Rooms
[22m[39m[FilesContext] File observeQuery update: 6 files
[90mstdout[2m | src/components/PeerReview/OpenCollaborationRooms.stories.tsx[2m > [22m[2mEmpty Rooms
[22m[39m[ChatContext] AssistantChat initialized with 1 chats
[90mstdout[2m | src/components/PeerReview/OpenCollaborationRooms.stories.tsx[2m > [22m[2mEmpty Rooms
[22m[39m[ChatContext] Setting initial chat: mock-assistant-chat-1
[90mstdout[2m | src/components/PeerReview/OpenCollaborationRooms.stories.tsx[2m > [22m[2mEmpty Rooms
[22m[39m[MOCK CourseVectorStore] Initialized with mock data
[90mstdout[2m | src/components/PeerReview/OpenCollaborationRooms.stories.tsx[2m > [22m[2mEmpty Rooms
[22m[39m[FilesContext] Vector store population triggered {
  "currentVectorStoreSize": 3,
  "documentsCount": 0,
  "filesCount": 6,
  "isInitialLoad": true,
}
[90mstdout[2m | src/components/PeerReview/OpenCollaborationRooms.stories.tsx[2m > [22m[2mEmpty Rooms
[22m[39m[FilesContext] Vector store population complete - 3 total embeddings
[90mstdout[2m | src/components/PeerReview/OpenCollaborationRooms.stories.tsx[2m > [22m[2mEmpty Rooms
[22m[39m[ChatContext] Chat exists and not archived, skipping creation
[90mstdout[2m | src/components/PeerReview/OpenCollaborationRooms.stories.tsx[2m > [22m[2mEmpty Rooms
[22m[39m[Mock Storage] downloadData called with: undefined
 [32m✓[39m [30m[45m storybook (chromium) [49m[39m src/components/PeerReview/OpenCollaborationRooms.stories.tsx [2m([22m[2m4 tests[22m[2m)[22m[33m 1717[2mms[22m[39m
   [33m[2m✓[22m[39m Instructor View [33m 675[2mms[22m[39m
   [33m[2m✓[22m[39m Student View [33m 383[2mms[22m[39m
   [33m[2m✓[22m[39m Only Tutoring Rooms [33m 359[2mms[22m[39m
[90mstdout[2m | unknown test
[22m[39m[MOCK vectorStoreDB.js] Module loaded - mock IndexedDB operations
[90mstdout[2m | unknown test
[22m[39m[Task Completion] DOM action listeners initialized
[90mstdout[2m | unknown test
[22m[39m[Task Completion] Auto-completion detector initialized
[90mstdout[2m | unknown test
[22m[39m[Preview] Task completion detector initialized
[90mstdout[2m | src/components/DebugPanel/StateInspector.stories.tsx[2m > [22m[2mDefault
[22m[39m[MOCK CourseVectorStore] Initialized with mock data
[90mstdout[2m | src/components/DebugPanel/StateInspector.stories.tsx[2m > [22m[2mDefault
[22m[39m[TranslationModeController] Setting mode to: off
[90mstdout[2m | src/components/DebugPanel/StateInspector.stories.tsx[2m > [22m[2mDefault
[22m[39m[UnitContext] useEffect triggered {
  "authLoading": false,
  "hasUser": true,
  "id": "mock-unit-id",
  "userSub": "mock-user-sub",
}
[90mstdout[2m | src/components/DebugPanel/StateInspector.stories.tsx[2m > [22m[2mDefault
[22m[39m[UnitContext] Fetching unit data for id: mock-unit-id
[90mstdout[2m | src/components/DebugPanel/StateInspector.stories.tsx[2m > [22m[2mDefault
[22m[39m[FilesContext] Initializing vector store from IndexedDB
[90mstdout[2m | src/components/DebugPanel/StateInspector.stories.tsx[2m > [22m[2mDefault
[22m[39m[FilesContext] fetchFiles called
[90mstdout[2m | src/components/DebugPanel/StateInspector.stories.tsx[2m > [22m[2mDefault
[22m[39m[FilesContext] User authenticated: mock-user-sub
[90mstdout[2m | src/components/DebugPanel/StateInspector.stories.tsx[2m > [22m[2mDefault
[22m[39m[FilesContext] Identity ID: us-east-1:mock-identity-123
[90mstdout[2m | src/components/DebugPanel/StateInspector.stories.tsx[2m > [22m[2mDefault
[22m[39m[FilesContext] About to set up File observeQuery
[90mstdout[2m | src/components/DebugPanel/StateInspector.stories.tsx[2m > [22m[2mDefault
[22m[39m[ChatContext] Setting up AssistantChat observeQuery
[90mstdout[2m | src/components/DebugPanel/StateInspector.stories.tsx[2m > [22m[2mDefault
[22m[39m[ChatContext] Waiting for subscription to initialize
[90mstdout[2m | src/components/DebugPanel/StateInspector.stories.tsx[2m > [22m[2mDefault
[22m[39m[SettingsContext] Setting up Settings subscription for user: mock-user-sub
[90mstdout[2m | src/components/DebugPanel/StateInspector.stories.tsx[2m > [22m[2mDefault
[22m[39m[Mock Data] Settings created: mock-settings-1790418141881 - notified 0 subscribers
[90mstdout[2m | src/components/DebugPanel/StateInspector.stories.tsx[2m > [22m[2mDefault
[22m[39m[Mock Data] Unit.onUpdate() subscription added. Total: 1
[90mstdout[2m | src/components/DebugPanel/StateInspector.stories.tsx[2m > [22m[2mDefault
[22m[39m[SectionContext] Section observeQuery update: 0
[90mstdout[2m | src/components/DebugPanel/StateInspector.stories.tsx[2m > [22m[2mDefault
[22m[39m[FilesContext] File observeQuery update: 6 files
[90mstdout[2m | src/components/DebugPanel/StateInspector.stories.tsx[2m > [22m[2mDefault
[22m[39m[ChatContext] AssistantChat initialized with 1 chats
[90mstdout[2m | src/components/DebugPanel/StateInspector.stories.tsx[2m > [22m[2mDefault
[22m[39m[ChatContext] Setting initial chat: mock-assistant-chat-1
[90mstdout[2m | src/components/DebugPanel/StateInspector.stories.tsx[2m > [22m[2mDefault
[22m[39m[MOCK CourseVectorStore] Initialized with mock data
[90mstdout[2m | src/components/DebugPanel/StateInspector.stories.tsx[2m > [22m[2mDefault
[22m[39m[FilesContext] Vector store population triggered {
  "currentVectorStoreSize": 3,
  "documentsCount": 0,
  "filesCount": 6,
  "isInitialLoad": true,
}
[90mstdout[2m | src/components/DebugPanel/StateInspector.stories.tsx[2m > [22m[2mDefault
[22m[39m[FilesContext] Vector store population complete - 3 total embeddings
[90mstdout[2m | src/components/DebugPanel/StateInspector.stories.tsx[2m > [22m[2mDefault
[22m[39m[ChatContext] Chat exists and not archived, skipping creation
[90mstdout[2m | src/components/DebugPanel/StateInspector.stories.tsx[2m > [22m[2mDefault
[22m[39m[Mock Storage] downloadData called with: undefined
[90mstdout[2m | src/components/DebugPanel/StateInspector.stories.tsx[2m > [22m[2mEmpty State
[22m[39m[ChatContext] Cleaning up subscriptions
[90mstdout[2m | src/components/DebugPanel/StateInspector.stories.tsx[2m > [22m[2mEmpty State
[22m[39m[Mock Data] Unit.onUpdate() subscription removed. Remaining: 0
[90mstdout[2m | src/components/DebugPanel/StateInspector.stories.tsx[2m > [22m[2mEmpty State
[22m[39m[MOCK CourseVectorStore] Initialized with mock data
[90mstdout[2m | src/components/DebugPanel/StateInspector.stories.tsx[2m > [22m[2mEmpty State
[22m[39m[TranslationModeController] Setting mode to: off
[90mstdout[2m | src/components/DebugPanel/StateInspector.stories.tsx[2m > [22m[2mEmpty State
[22m[39m[UnitContext] useEffect triggered {
  "authLoading": false,
  "hasUser": true,
  "id": "mock-unit-id",
  "userSub": "mock-user-sub",
}
[90mstdout[2m | src/components/DebugPanel/StateInspector.stories.tsx[2m > [22m[2mEmpty State
[22m[39m[UnitContext] Fetching unit data for id: mock-unit-id
[90mstdout[2m | src/components/DebugPanel/StateInspector.stories.tsx[2m > [22m[2mEmpty State
[22m[39m[FilesContext] Initializing vector store from IndexedDB
[90mstdout[2m | src/components/DebugPanel/StateInspector.stories.tsx[2m > [22m[2mEmpty State
[22m[39m[FilesContext] fetchFiles called
[90mstdout[2m | src/components/DebugPanel/StateInspector.stories.tsx[2m > [22m[2mEmpty State
[22m[39m[FilesContext] User authenticated: mock-user-sub
[90mstdout[2m | src/components/DebugPanel/StateInspector.stories.tsx[2m > [22m[2mEmpty State
[22m[39m[FilesContext] Identity ID: us-east-1:mock-identity-123
[90mstdout[2m | src/components/DebugPanel/StateInspector.stories.tsx[2m > [22m[2mEmpty State
[22m[39m[FilesContext] About to set up File observeQuery
[90mstdout[2m | src/components/DebugPanel/StateInspector.stories.tsx[2m > [22m[2mEmpty State
[22m[39m[ChatContext] Setting up AssistantChat observeQuery
[90mstdout[2m | src/components/DebugPanel/StateInspector.stories.tsx[2m > [22m[2mEmpty State
[22m[39m[ChatContext] Waiting for subscription to initialize
[90mstdout[2m | src/components/DebugPanel/StateInspector.stories.tsx[2m > [22m[2mEmpty State
[22m[39m[SettingsContext] Setting up Settings subscription for user: mock-user-sub
[90mstdout[2m | src/components/DebugPanel/StateInspector.stories.tsx[2m > [22m[2mEmpty State
[22m[39m[Mock Data] Settings created: mock-settings-1790418142176 - notified 0 subscribers
[90mstdout[2m | src/components/DebugPanel/StateInspector.stories.tsx[2m > [22m[2mEmpty State
[22m[39m[Mock Data] Unit.onUpdate() subscription added. Total: 1
[90mstdout[2m | src/components/DebugPanel/StateInspector.stories.tsx[2m > [22m[2mEmpty State
[22m[39m[SectionContext] Section observeQuery update: 0
[90mstdout[2m | src/components/DebugPanel/StateInspector.stories.tsx[2m > [22m[2mEmpty State
[22m[39m[FilesContext] File observeQuery update: 6 files
[90mstdout[2m | src/components/DebugPanel/StateInspector.stories.tsx[2m > [22m[2mEmpty State
[22m[39m[ChatContext] AssistantChat initialized with 1 chats
[90mstdout[2m | src/components/DebugPanel/StateInspector.stories.tsx[2m > [22m[2mEmpty State
[22m[39m[ChatContext] Setting initial chat: mock-assistant-chat-1
[90mstdout[2m | src/components/DebugPanel/StateInspector.stories.tsx[2m > [22m[2mEmpty State
[22m[39m[MOCK CourseVectorStore] Initialized with mock data
[90mstdout[2m | src/components/DebugPanel/StateInspector.stories.tsx[2m > [22m[2mEmpty State
[22m[39m[FilesContext] Vector store population triggered {
  "currentVectorStoreSize": 3,
  "documentsCount": 0,
  "filesCount": 6,
  "isInitialLoad": true,
}
[90mstdout[2m | src/components/DebugPanel/StateInspector.stories.tsx[2m > [22m[2mEmpty State
[22m[39m[FilesContext] Vector store population complete - 3 total embeddings
[90mstdout[2m | src/components/DebugPanel/StateInspector.stories.tsx[2m > [22m[2mEmpty State
[22m[39m[ChatContext] Chat exists and not archived, skipping creation
[90mstdout[2m | src/components/DebugPanel/StateInspector.stories.tsx[2m > [22m[2mEmpty State
[22m[39m[Mock Storage] downloadData called with: undefined
[90mstdout[2m | src/components/DebugPanel/StateInspector.stories.tsx[2m > [22m[2mWith Errors
[22m[39m[ChatContext] Cleaning up subscriptions
[90mstdout[2m | src/components/DebugPanel/StateInspector.stories.tsx[2m > [22m[2mWith Errors
[22m[39m[Mock Data] Unit.onUpdate() subscription removed. Remaining: 0
[90mstdout[2m | src/components/DebugPanel/StateInspector.stories.tsx[2m > [22m[2mWith Errors
[22m[39m[MOCK CourseVectorStore] Initialized with mock data
[90mstdout[2m | src/components/DebugPanel/StateInspector.stories.tsx[2m > [22m[2mWith Errors
[22m[39m[TranslationModeController] Setting mode to: off
[90mstdout[2m | src/components/DebugPanel/StateInspector.stories.tsx[2m > [22m[2mWith Errors
[22m[39m[UnitContext] useEffect triggered {
  "authLoading": false,
  "hasUser": true,
  "id": "mock-unit-id",
  "userSub": "mock-user-sub",
}
[90mstdout[2m | src/components/DebugPanel/StateInspector.stories.tsx[2m > [22m[2mWith Errors
[22m[39m[UnitContext] Fetching unit data for id: mock-unit-id
[90mstdout[2m | src/components/DebugPanel/StateInspector.stories.tsx[2m > [22m[2mWith Errors
[22m[39m[FilesContext] Initializing vector store from IndexedDB
[90mstdout[2m | src/components/DebugPanel/StateInspector.stories.tsx[2m > [22m[2mWith Errors
[22m[39m[FilesContext] fetchFiles called
[90mstdout[2m | src/components/DebugPanel/StateInspector.stories.tsx[2m > [22m[2mWith Errors
[22m[39m[FilesContext] User authenticated: mock-user-sub
[90mstdout[2m | src/components/DebugPanel/StateInspector.stories.tsx[2m > [22m[2mWith Errors
[22m[39m[FilesContext] Identity ID: us-east-1:mock-identity-123
[90mstdout[2m | src/components/DebugPanel/StateInspector.stories.tsx[2m > [22m[2mWith Errors
[22m[39m[FilesContext] About to set up File observeQuery
[90mstdout[2m | src/components/DebugPanel/StateInspector.stories.tsx[2m > [22m[2mWith Errors
[22m[39m[ChatContext] Setting up AssistantChat observeQuery
[90mstdout[2m | src/components/DebugPanel/StateInspector.stories.tsx[2m > [22m[2mWith Errors
[22m[39m[ChatContext] Waiting for subscription to initialize
[90mstdout[2m | src/components/DebugPanel/StateInspector.stories.tsx[2m > [22m[2mWith Errors
[22m[39m[SettingsContext] Setting up Settings subscription for user: mock-user-sub
[90mstdout[2m | src/components/DebugPanel/StateInspector.stories.tsx[2m > [22m[2mWith Errors
[22m[39m[Mock Data] Settings created: mock-settings-1790418142442 - notified 0 subscribers
[90mstdout[2m | src/components/DebugPanel/StateInspector.stories.tsx[2m > [22m[2mWith Errors
[22m[39m[Mock Data] Unit.onUpdate() subscription added. Total: 1
[90mstdout[2m | src/components/DebugPanel/StateInspector.stories.tsx[2m > [22m[2mWith Errors
[22m[39m[SectionContext] Section observeQuery update: 0
[90mstdout[2m | src/components/DebugPanel/StateInspector.stories.tsx[2m > [22m[2mWith Errors
[22m[39m[FilesContext] File observeQuery update: 6 files
[90mstdout[2m | src/components/DebugPanel/StateInspector.stories.tsx[2m > [22m[2mWith Errors
[22m[39m[ChatContext] AssistantChat initialized with 1 chats
[90mstdout[2m | src/components/DebugPanel/StateInspector.stories.tsx[2m > [22m[2mWith Errors
[22m[39m[ChatContext] Setting initial chat: mock-assistant-chat-1
[90mstdout[2m | src/components/DebugPanel/StateInspector.stories.tsx[2m > [22m[2mWith Errors
[22m[39m[MOCK CourseVectorStore] Initialized with mock data
[90mstdout[2m | src/components/DebugPanel/StateInspector.stories.tsx[2m > [22m[2mWith Errors
[22m[39m[FilesContext] Vector store population triggered {
  "currentVectorStoreSize": 3,
  "documentsCount": 0,
  "filesCount": 6,
  "isInitialLoad": true,
}
[90mstdout[2m | src/components/DebugPanel/StateInspector.stories.tsx[2m > [22m[2mWith Errors
[22m[39m[FilesContext] Vector store population complete - 3 total embeddings
[90mstdout[2m | src/components/DebugPanel/StateInspector.stories.tsx[2m > [22m[2mWith Errors
[22m[39m[ChatContext] Chat exists and not archived, skipping creation
[90mstdout[2m | src/components/DebugPanel/StateInspector.stories.tsx[2m > [22m[2mWith Errors
[22m[39m[Mock Storage] downloadData called with: undefined
[90mstdout[2m | src/components/DebugPanel/StateInspector.stories.tsx[2m > [22m[2mLarge Data Set
[22m[39m[ChatContext] Cleaning up subscriptions
[90mstdout[2m | src/components/DebugPanel/StateInspector.stories.tsx[2m > [22m[2mLarge Data Set
[22m[39m[Mock Data] Unit.onUpdate() subscription removed. Remaining: 0
[90mstdout[2m | src/components/DebugPanel/StateInspector.stories.tsx[2m > [22m[2mLarge Data Set
[22m[39m[MOCK CourseVectorStore] Initialized with mock data
[90mstdout[2m | src/components/DebugPanel/StateInspector.stories.tsx[2m > [22m[2mLarge Data Set
[22m[39m[TranslationModeController] Setting mode to: off
[90mstdout[2m | src/components/DebugPanel/StateInspector.stories.tsx[2m > [22m[2mLarge Data Set
[22m[39m[UnitContext] useEffect triggered {
  "authLoading": false,
  "hasUser": true,
  "id": "mock-unit-id",
  "userSub": "mock-user-sub",
}
[90mstdout[2m | src/components/DebugPanel/StateInspector.stories.tsx[2m > [22m[2mLarge Data Set
[22m[39m[UnitContext] Fetching unit data for id: mock-unit-id
[90mstdout[2m | src/components/DebugPanel/StateInspector.stories.tsx[2m > [22m[2mLarge Data Set
[22m[39m[FilesContext] Initializing vector store from IndexedDB
[90mstdout[2m | src/components/DebugPanel/StateInspector.stories.tsx[2m > [22m[2mLarge Data Set
[22m[39m[FilesContext] fetchFiles called
[90mstdout[2m | src/components/DebugPanel/StateInspector.stories.tsx[2m > [22m[2mLarge Data Set
[22m[39m[FilesContext] User authenticated: mock-user-sub
[90mstdout[2m | src/components/DebugPanel/StateInspector.stories.tsx[2m > [22m[2mLarge Data Set
[22m[39m[FilesContext] Identity ID: us-east-1:mock-identity-123
[90mstdout[2m | src/components/DebugPanel/StateInspector.stories.tsx[2m > [22m[2mLarge Data Set
[22m[39m[FilesContext] About to set up File observeQuery
[90mstdout[2m | src/components/DebugPanel/StateInspector.stories.tsx[2m > [22m[2mLarge Data Set
[22m[39m[ChatContext] Setting up AssistantChat observeQuery
[90mstdout[2m | src/components/DebugPanel/StateInspector.stories.tsx[2m > [22m[2mLarge Data Set
[22m[39m[ChatContext] Waiting for subscription to initialize
[90mstdout[2m | src/components/DebugPanel/StateInspector.stories.tsx[2m > [22m[2mLarge Data Set
[22m[39m[SettingsContext] Setting up Settings subscription for user: mock-user-sub
[90mstdout[2m | src/components/DebugPanel/StateInspector.stories.tsx[2m > [22m[2mLarge Data Set
[22m[39m[Mock Data] Settings created: mock-settings-1790418142672 - notified 0 subscribers
[90mstdout[2m | src/components/DebugPanel/StateInspector.stories.tsx[2m > [22m[2mLarge Data Set
[22m[39m[Mock Data] Unit.onUpdate() subscription added. Total: 1
[90mstdout[2m | src/components/DebugPanel/StateInspector.stories.tsx[2m > [22m[2mLarge Data Set
[22m[39m[SectionContext] Section observeQuery update: 0
[90mstdout[2m | src/components/DebugPanel/StateInspector.stories.tsx[2m > [22m[2mLarge Data Set
[22m[39m[FilesContext] File observeQuery update: 6 files
[90mstdout[2m | src/components/DebugPanel/StateInspector.stories.tsx[2m > [22m[2mLarge Data Set
[22m[39m[ChatContext] AssistantChat initialized with 1 chats
[90mstdout[2m | src/components/DebugPanel/StateInspector.stories.tsx[2m > [22m[2mLarge Data Set
[22m[39m[ChatContext] Setting initial chat: mock-assistant-chat-1
[90mstdout[2m | src/components/DebugPanel/StateInspector.stories.tsx[2m > [22m[2mLarge Data Set
[22m[39m[MOCK CourseVectorStore] Initialized with mock data
[90mstdout[2m | src/components/DebugPanel/StateInspector.stories.tsx[2m > [22m[2mLarge Data Set
[22m[39m[FilesContext] Vector store population triggered {
  "currentVectorStoreSize": 3,
  "documentsCount": 0,
  "filesCount": 6,
  "isInitialLoad": true,
}
[90mstdout[2m | src/components/DebugPanel/StateInspector.stories.tsx[2m > [22m[2mLarge Data Set
[22m[39m[FilesContext] Vector store population complete - 3 total embeddings
[90mstdout[2m | src/components/DebugPanel/StateInspector.stories.tsx[2m > [22m[2mLarge Data Set
[22m[39m[ChatContext] Chat exists and not archived, skipping creation
[90mstdout[2m | src/components/DebugPanel/StateInspector.stories.tsx[2m > [22m[2mLarge Data Set
[22m[39m[Mock Storage] downloadData called with: undefined
 [32m✓[39m [30m[45m storybook (chromium) [49m[39m src/components/DebugPanel/StateInspector.stories.tsx [2m([22m[2m4 tests[22m[2m)[22m[33m 1086[2mms[22m[39m
   [33m[2m✓[22m[39m Default [33m 358[2mms[22m[39m
[90mstdout[2m | unknown test
[22m[39m[MOCK vectorStoreDB.js] Module loaded - mock IndexedDB operations
[90mstdout[2m | unknown test
[22m[39m[Task Completion] DOM action listeners initialized
[90mstdout[2m | unknown test
[22m[39m[Task Completion] Auto-completion detector initialized
[90mstdout[2m | unknown test
[22m[39m[Preview] Task completion detector initialized
[90mstdout[2m | src/components/AIFeedbackWidget.stories.jsx[2m > [22m[2mChat Message
[22m[39m[MOCK CourseVectorStore] Initialized with mock data
[90mstdout[2m | src/components/AIFeedbackWidget.stories.jsx[2m > [22m[2mChat Message
[22m[39m[TranslationModeController] Setting mode to: off
[90mstdout[2m | src/components/AIFeedbackWidget.stories.jsx[2m > [22m[2mChat Message
[22m[39m[UnitContext] useEffect triggered {
  "authLoading": false,
  "hasUser": true,
  "id": "mock-unit-id",
  "userSub": "mock-user-sub",
}
[90mstdout[2m | src/components/AIFeedbackWidget.stories.jsx[2m > [22m[2mChat Message
[22m[39m[UnitContext] Fetching unit data for id: mock-unit-id
[90mstdout[2m | src/components/AIFeedbackWidget.stories.jsx[2m > [22m[2mChat Message
[22m[39m[FilesContext] Initializing vector store from IndexedDB
[90mstdout[2m | src/components/AIFeedbackWidget.stories.jsx[2m > [22m[2mChat Message
[22m[39m[FilesContext] fetchFiles called
[90mstdout[2m | src/components/AIFeedbackWidget.stories.jsx[2m > [22m[2mChat Message
[22m[39m[FilesContext] User authenticated: mock-user-sub
[90mstdout[2m | src/components/AIFeedbackWidget.stories.jsx[2m > [22m[2mChat Message
[22m[39m[FilesContext] Identity ID: us-east-1:mock-identity-123
[90mstdout[2m | src/components/AIFeedbackWidget.stories.jsx[2m > [22m[2mChat Message
[22m[39m[FilesContext] About to set up File observeQuery
[90mstdout[2m | src/components/AIFeedbackWidget.stories.jsx[2m > [22m[2mChat Message
[22m[39m[ChatContext] Setting up AssistantChat observeQuery
[90mstdout[2m | src/components/AIFeedbackWidget.stories.jsx[2m > [22m[2mChat Message
[22m[39m[ChatContext] Waiting for subscription to initialize
[90mstdout[2m | src/components/AIFeedbackWidget.stories.jsx[2m > [22m[2mChat Message
[22m[39m[SettingsContext] Setting up Settings subscription for user: mock-user-sub
[90mstdout[2m | src/components/AIFeedbackWidget.stories.jsx[2m > [22m[2mChat Message
[22m[39m[Mock Data] Settings created: mock-settings-1790418143376 - notified 0 subscribers
[90mstdout[2m | src/components/AIFeedbackWidget.stories.jsx[2m > [22m[2mChat Message
[22m[39m[Mock Data] Unit.onUpdate() subscription added. Total: 1
[90mstdout[2m | src/components/AIFeedbackWidget.stories.jsx[2m > [22m[2mChat Message
[22m[39m[SectionContext] Section observeQuery update: 0
[90mstdout[2m | src/components/AIFeedbackWidget.stories.jsx[2m > [22m[2mChat Message
[22m[39m[FilesContext] File observeQuery update: 6 files
[90mstdout[2m | src/components/AIFeedbackWidget.stories.jsx[2m > [22m[2mChat Message
[22m[39m[ChatContext] AssistantChat initialized with 1 chats
[90mstdout[2m | src/components/AIFeedbackWidget.stories.jsx[2m > [22m[2mChat Message
[22m[39m[ChatContext] Setting initial chat: mock-assistant-chat-1
[90mstdout[2m | src/components/AIFeedbackWidget.stories.jsx[2m > [22m[2mChat Message
[22m[39m[MOCK CourseVectorStore] Initialized with mock data
[90mstdout[2m | src/components/AIFeedbackWidget.stories.jsx[2m > [22m[2mChat Message
[22m[39m[FilesContext] Vector store population triggered {
  "currentVectorStoreSize": 3,
  "documentsCount": 0,
  "filesCount": 6,
  "isInitialLoad": true,
}
[90mstdout[2m | src/components/AIFeedbackWidget.stories.jsx[2m > [22m[2mChat Message
[22m[39m[FilesContext] Vector store population complete - 3 total embeddings
[90mstdout[2m | src/components/AIFeedbackWidget.stories.jsx[2m > [22m[2mChat Message
[22m[39m[ChatContext] Chat exists and not archived, skipping creation
[90mstdout[2m | src/components/AIFeedbackWidget.stories.jsx[2m > [22m[2mChat Message
[22m[39m[Mock Storage] downloadData called with: undefined
[90mstdout[2m | src/components/AIFeedbackWidget.stories.jsx[2m > [22m[2mChat Message
[22m[39m[Mock Data] AIFeedback created: mock-aifeedback-1790418143413 - notified 0 subscribers
[90mstdout[2m | src/components/AIFeedbackWidget.stories.jsx[2m > [22m[2mContent Completion
[22m[39m[ChatContext] Cleaning up subscriptions
[90mstdout[2m | src/components/AIFeedbackWidget.stories.jsx[2m > [22m[2mContent Completion
[22m[39m[Mock Data] Unit.onUpdate() subscription removed. Remaining: 0
[90mstdout[2m | src/components/AIFeedbackWidget.stories.jsx[2m > [22m[2mContent Completion
[22m[39m[MOCK CourseVectorStore] Initialized with mock data
[90mstdout[2m | src/components/AIFeedbackWidget.stories.jsx[2m > [22m[2mContent Completion
[22m[39m[TranslationModeController] Setting mode to: off
[90mstdout[2m | src/components/AIFeedbackWidget.stories.jsx[2m > [22m[2mContent Completion
[22m[39m[UnitContext] useEffect triggered {
  "authLoading": false,
  "hasUser": true,
  "id": "mock-unit-id",
  "userSub": "mock-user-sub",
}
[90mstdout[2m | src/components/AIFeedbackWidget.stories.jsx[2m > [22m[2mContent Completion
[22m[39m[UnitContext] Fetching unit data for id: mock-unit-id
[90mstdout[2m | src/components/AIFeedbackWidget.stories.jsx[2m > [22m[2mContent Completion
[22m[39m[FilesContext] Initializing vector store from IndexedDB
[90mstdout[2m | src/components/AIFeedbackWidget.stories.jsx[2m > [22m[2mContent Completion
[22m[39m[FilesContext] fetchFiles called
[90mstdout[2m | src/components/AIFeedbackWidget.stories.jsx[2m > [22m[2mContent Completion
[22m[39m[FilesContext] User authenticated: mock-user-sub
[90mstdout[2m | src/components/AIFeedbackWidget.stories.jsx[2m > [22m[2mContent Completion
[22m[39m[FilesContext] Identity ID: us-east-1:mock-identity-123
[90mstdout[2m | src/components/AIFeedbackWidget.stories.jsx[2m > [22m[2mContent Completion
[22m[39m[FilesContext] About to set up File observeQuery
[90mstdout[2m | src/components/AIFeedbackWidget.stories.jsx[2m > [22m[2mContent Completion
[22m[39m[ChatContext] Setting up AssistantChat observeQuery
[90mstdout[2m | src/components/AIFeedbackWidget.stories.jsx[2m > [22m[2mContent Completion
[22m[39m[ChatContext] Waiting for subscription to initialize
[90mstdout[2m | src/components/AIFeedbackWidget.stories.jsx[2m > [22m[2mContent Completion
[22m[39m[SettingsContext] Setting up Settings subscription for user: mock-user-sub
[90mstdout[2m | src/components/AIFeedbackWidget.stories.jsx[2m > [22m[2mContent Completion
[22m[39m[Mock Data] Settings created: mock-settings-1790418143609 - notified 0 subscribers
[90mstdout[2m | src/components/AIFeedbackWidget.stories.jsx[2m > [22m[2mContent Completion
[22m[39m[Mock Data] Unit.onUpdate() subscription added. Total: 1
[90mstdout[2m | src/components/AIFeedbackWidget.stories.jsx[2m > [22m[2mContent Completion
[22m[39m[SectionContext] Section observeQuery update: 0
[90mstdout[2m | src/components/AIFeedbackWidget.stories.jsx[2m > [22m[2mContent Completion
[22m[39m[FilesContext] File observeQuery update: 6 files
[90mstdout[2m | src/components/AIFeedbackWidget.stories.jsx[2m > [22m[2mContent Completion
[22m[39m[ChatContext] AssistantChat initialized with 1 chats
[90mstdout[2m | src/components/AIFeedbackWidget.stories.jsx[2m > [22m[2mContent Completion
[22m[39m[ChatContext] Setting initial chat: mock-assistant-chat-1
[90mstdout[2m | src/components/AIFeedbackWidget.stories.jsx[2m > [22m[2mContent Completion
[22m[39m[MOCK CourseVectorStore] Initialized with mock data
[90mstdout[2m | src/components/AIFeedbackWidget.stories.jsx[2m > [22m[2mContent Completion
[22m[39m[FilesContext] Vector store population triggered {
  "currentVectorStoreSize": 3,
  "documentsCount": 0,
  "filesCount": 6,
  "isInitialLoad": true,
}
[90mstdout[2m | src/components/AIFeedbackWidget.stories.jsx[2m > [22m[2mContent Completion
[22m[39m[FilesContext] Vector store population complete - 3 total embeddings
[90mstdout[2m | src/components/AIFeedbackWidget.stories.jsx[2m > [22m[2mContent Completion
[22m[39m[ChatContext] Chat exists and not archived, skipping creation
[90mstdout[2m | src/components/AIFeedbackWidget.stories.jsx[2m > [22m[2mContent Completion
[22m[39m[Mock Storage] downloadData called with: undefined
[90mstdout[2m | src/components/AIFeedbackWidget.stories.jsx[2m > [22m[2mWith Labels
[22m[39m[ChatContext] Cleaning up subscriptions
[90mstdout[2m | src/components/AIFeedbackWidget.stories.jsx[2m > [22m[2mWith Labels
[22m[39m[Mock Data] Unit.onUpdate() subscription removed. Remaining: 0
[90mstdout[2m | src/components/AIFeedbackWidget.stories.jsx[2m > [22m[2mWith Labels
[22m[39m[MOCK CourseVectorStore] Initialized with mock data
[90mstdout[2m | src/components/AIFeedbackWidget.stories.jsx[2m > [22m[2mWith Labels
[22m[39m[TranslationModeController] Setting mode to: off
[90mstdout[2m | src/components/AIFeedbackWidget.stories.jsx[2m > [22m[2mWith Labels
[22m[39m[UnitContext] useEffect triggered {
  "authLoading": false,
  "hasUser": true,
  "id": "mock-unit-id",
  "userSub": "mock-user-sub",
}
[90mstdout[2m | src/components/AIFeedbackWidget.stories.jsx[2m > [22m[2mWith Labels
[22m[39m[UnitContext] Fetching unit data for id: mock-unit-id
[90mstdout[2m | src/components/AIFeedbackWidget.stories.jsx[2m > [22m[2mWith Labels
[22m[39m[FilesContext] Initializing vector store from IndexedDB
[90mstdout[2m | src/components/AIFeedbackWidget.stories.jsx[2m > [22m[2mWith Labels
[22m[39m[FilesContext] fetchFiles called
[90mstdout[2m | src/components/AIFeedbackWidget.stories.jsx[2m > [22m[2mWith Labels
[22m[39m[FilesContext] User authenticated: mock-user-sub
[90mstdout[2m | src/components/AIFeedbackWidget.stories.jsx[2m > [22m[2mWith Labels
[22m[39m[FilesContext] Identity ID: us-east-1:mock-identity-123
[90mstdout[2m | src/components/AIFeedbackWidget.stories.jsx[2m > [22m[2mWith Labels
[22m[39m[FilesContext] About to set up File observeQuery
[90mstdout[2m | src/components/AIFeedbackWidget.stories.jsx[2m > [22m[2mWith Labels
[22m[39m[ChatContext] Setting up AssistantChat observeQuery
[90mstdout[2m | src/components/AIFeedbackWidget.stories.jsx[2m > [22m[2mWith Labels
[22m[39m[ChatContext] Waiting for subscription to initialize
[90mstdout[2m | src/components/AIFeedbackWidget.stories.jsx[2m > [22m[2mWith Labels
[22m[39m[SettingsContext] Setting up Settings subscription for user: mock-user-sub
[90mstdout[2m | src/components/AIFeedbackWidget.stories.jsx[2m > [22m[2mWith Labels
[22m[39m[Mock Data] Settings created: mock-settings-1790418143744 - notified 0 subscribers
[90mstdout[2m | src/components/AIFeedbackWidget.stories.jsx[2m > [22m[2mWith Labels
[22m[39m[Mock Data] Unit.onUpdate() subscription added. Total: 1
[90mstdout[2m | src/components/AIFeedbackWidget.stories.jsx[2m > [22m[2mWith Labels
[22m[39m[SectionContext] Section observeQuery update: 0
[90mstdout[2m | src/components/AIFeedbackWidget.stories.jsx[2m > [22m[2mWith Labels
[22m[39m[FilesContext] File observeQuery update: 6 files
[90mstdout[2m | src/components/AIFeedbackWidget.stories.jsx[2m > [22m[2mWith Labels
[22m[39m[ChatContext] AssistantChat initialized with 1 chats
[90mstdout[2m | src/components/AIFeedbackWidget.stories.jsx[2m > [22m[2mWith Labels
[22m[39m[ChatContext] Setting initial chat: mock-assistant-chat-1
[90mstdout[2m | src/components/AIFeedbackWidget.stories.jsx[2m > [22m[2mWith Labels
[22m[39m[MOCK CourseVectorStore] Initialized with mock data
[90mstdout[2m | src/components/AIFeedbackWidget.stories.jsx[2m > [22m[2mWith Labels
[22m[39m[FilesContext] Vector store population triggered {
  "currentVectorStoreSize": 3,
  "documentsCount": 0,
  "filesCount": 6,
  "isInitialLoad": true,
}
[90mstdout[2m | src/components/AIFeedbackWidget.stories.jsx[2m > [22m[2mWith Labels
[22m[39m[FilesContext] Vector store population complete - 3 total embeddings
[90mstdout[2m | src/components/AIFeedbackWidget.stories.jsx[2m > [22m[2mWith Labels
[22m[39m[ChatContext] Chat exists and not archived, skipping creation
[90mstdout[2m | src/components/AIFeedbackWidget.stories.jsx[2m > [22m[2mWith Labels
[22m[39m[Mock Storage] downloadData called with: undefined
[90mstdout[2m | src/components/AIFeedbackWidget.stories.jsx[2m > [22m[2mLarge Buttons
[22m[39m[ChatContext] Cleaning up subscriptions
[90mstdout[2m | src/components/AIFeedbackWidget.stories.jsx[2m > [22m[2mLarge Buttons
[22m[39m[Mock Data] Unit.onUpdate() subscription removed. Remaining: 0
[90mstdout[2m | src/components/AIFeedbackWidget.stories.jsx[2m > [22m[2mLarge Buttons
[22m[39m[MOCK CourseVectorStore] Initialized with mock data
[90mstdout[2m | src/components/AIFeedbackWidget.stories.jsx[2m > [22m[2mLarge Buttons
[22m[39m[TranslationModeController] Setting mode to: off
[90mstdout[2m | src/components/AIFeedbackWidget.stories.jsx[2m > [22m[2mLarge Buttons
[22m[39m[UnitContext] useEffect triggered {
  "authLoading": false,
  "hasUser": true,
  "id": "mock-unit-id",
  "userSub": "mock-user-sub",
}
[90mstdout[2m | src/components/AIFeedbackWidget.stories.jsx[2m > [22m[2mLarge Buttons
[22m[39m[UnitContext] Fetching unit data for id: mock-unit-id
[90mstdout[2m | src/components/AIFeedbackWidget.stories.jsx[2m > [22m[2mLarge Buttons
[22m[39m[FilesContext] Initializing vector store from IndexedDB
[90mstdout[2m | src/components/AIFeedbackWidget.stories.jsx[2m > [22m[2mLarge Buttons
[22m[39m[FilesContext] fetchFiles called
[90mstdout[2m | src/components/AIFeedbackWidget.stories.jsx[2m > [22m[2mLarge Buttons
[22m[39m[FilesContext] User authenticated: mock-user-sub
[90mstdout[2m | src/components/AIFeedbackWidget.stories.jsx[2m > [22m[2mLarge Buttons
[22m[39m[FilesContext] Identity ID: us-east-1:mock-identity-123
[90mstdout[2m | src/components/AIFeedbackWidget.stories.jsx[2m > [22m[2mLarge Buttons
[22m[39m[FilesContext] About to set up File observeQuery
[90mstdout[2m | src/components/AIFeedbackWidget.stories.jsx[2m > [22m[2mLarge Buttons
[22m[39m[ChatContext] Setting up AssistantChat observeQuery
[90mstdout[2m | src/components/AIFeedbackWidget.stories.jsx[2m > [22m[2mLarge Buttons
[22m[39m[ChatContext] Waiting for subscription to initialize
[90mstdout[2m | src/components/AIFeedbackWidget.stories.jsx[2m > [22m[2mLarge Buttons
[22m[39m[SettingsContext] Setting up Settings subscription for user: mock-user-sub
[90mstdout[2m | src/components/AIFeedbackWidget.stories.jsx[2m > [22m[2mLarge Buttons
[22m[39m[Mock Data] Settings created: mock-settings-1790418143895 - notified 0 subscribers
[90mstdout[2m | src/components/AIFeedbackWidget.stories.jsx[2m > [22m[2mLarge Buttons
[22m[39m[Mock Data] Unit.onUpdate() subscription added. Total: 1
[90mstdout[2m | src/components/AIFeedbackWidget.stories.jsx[2m > [22m[2mLarge Buttons
[22m[39m[SectionContext] Section observeQuery update: 0
[90mstdout[2m | src/components/AIFeedbackWidget.stories.jsx[2m > [22m[2mLarge Buttons
[22m[39m[FilesContext] File observeQuery update: 6 files
[90mstdout[2m | src/components/AIFeedbackWidget.stories.jsx[2m > [22m[2mLarge Buttons
[22m[39m[ChatContext] AssistantChat initialized with 1 chats
[90mstdout[2m | src/components/AIFeedbackWidget.stories.jsx[2m > [22m[2mLarge Buttons
[22m[39m[ChatContext] Setting initial chat: mock-assistant-chat-1
[90mstdout[2m | src/components/AIFeedbackWidget.stories.jsx[2m > [22m[2mLarge Buttons
[22m[39m[MOCK CourseVectorStore] Initialized with mock data
[90mstdout[2m | src/components/AIFeedbackWidget.stories.jsx[2m > [22m[2mLarge Buttons
[22m[39m[FilesContext] Vector store population triggered {
  "currentVectorStoreSize": 3,
  "documentsCount": 0,
  "filesCount": 6,
  "isInitialLoad": true,
}
[90mstdout[2m | src/components/AIFeedbackWidget.stories.jsx[2m > [22m[2mLarge Buttons
[22m[39m[FilesContext] Vector store population complete - 3 total embeddings
[90mstdout[2m | src/components/AIFeedbackWidget.stories.jsx[2m > [22m[2mLarge Buttons
[22m[39m[ChatContext] Chat exists and not archived, skipping creation
[90mstdout[2m | src/components/AIFeedbackWidget.stories.jsx[2m > [22m[2mLarge Buttons
[22m[39m[Mock Storage] downloadData called with: undefined
[90mstdout[2m | src/components/AIFeedbackWidget.stories.jsx[2m > [22m[2mIn Chat Context
[22m[39m[ChatContext] Cleaning up subscriptions
[90mstdout[2m | src/components/AIFeedbackWidget.stories.jsx[2m > [22m[2mIn Chat Context
[22m[39m[Mock Data] Unit.onUpdate() subscription removed. Remaining: 0
[90mstdout[2m | src/components/AIFeedbackWidget.stories.jsx[2m > [22m[2mIn Chat Context
[22m[39m[MOCK CourseVectorStore] Initialized with mock data
[90mstdout[2m | src/components/AIFeedbackWidget.stories.jsx[2m > [22m[2mIn Chat Context
[22m[39m[TranslationModeController] Setting mode to: off
[90mstdout[2m | src/components/AIFeedbackWidget.stories.jsx[2m > [22m[2mIn Chat Context
[22m[39m[UnitContext] useEffect triggered {
  "authLoading": false,
  "hasUser": true,
  "id": "mock-unit-id",
  "userSub": "mock-user-sub",
}
[90mstdout[2m | src/components/AIFeedbackWidget.stories.jsx[2m > [22m[2mIn Chat Context
[22m[39m[UnitContext] Fetching unit data for id: mock-unit-id
[90mstdout[2m | src/components/AIFeedbackWidget.stories.jsx[2m > [22m[2mIn Chat Context
[22m[39m[FilesContext] Initializing vector store from IndexedDB
[90mstdout[2m | src/components/AIFeedbackWidget.stories.jsx[2m > [22m[2mIn Chat Context
[22m[39m[FilesContext] fetchFiles called
[90mstdout[2m | src/components/AIFeedbackWidget.stories.jsx[2m > [22m[2mIn Chat Context
[22m[39m[FilesContext] User authenticated: mock-user-sub
[90mstdout[2m | src/components/AIFeedbackWidget.stories.jsx[2m > [22m[2mIn Chat Context
[22m[39m[FilesContext] Identity ID: us-east-1:mock-identity-123
[90mstdout[2m | src/components/AIFeedbackWidget.stories.jsx[2m > [22m[2mIn Chat Context
[22m[39m[FilesContext] About to set up File observeQuery
[90mstdout[2m | src/components/AIFeedbackWidget.stories.jsx[2m > [22m[2mIn Chat Context
[22m[39m[ChatContext] Setting up AssistantChat observeQuery
[90mstdout[2m | src/components/AIFeedbackWidget.stories.jsx[2m > [22m[2mIn Chat Context
[22m[39m[ChatContext] Waiting for subscription to initialize
[90mstdout[2m | src/components/AIFeedbackWidget.stories.jsx[2m > [22m[2mIn Chat Context
[22m[39m[SettingsContext] Setting up Settings subscription for user: mock-user-sub
[90mstdout[2m | src/components/AIFeedbackWidget.stories.jsx[2m > [22m[2mIn Chat Context
[22m[39m[Mock Data] Settings created: mock-settings-1790418144061 - notified 0 subscribers
[90mstdout[2m | src/components/AIFeedbackWidget.stories.jsx[2m > [22m[2mIn Chat Context
[22m[39m[Mock Data] Unit.onUpdate() subscription added. Total: 1
[90mstdout[2m | src/components/AIFeedbackWidget.stories.jsx[2m > [22m[2mIn Chat Context
[22m[39m[SectionContext] Section observeQuery update: 0
[90mstdout[2m | src/components/AIFeedbackWidget.stories.jsx[2m > [22m[2mIn Chat Context
[22m[39m[FilesContext] File observeQuery update: 6 files
[90mstdout[2m | src/components/AIFeedbackWidget.stories.jsx[2m > [22m[2mIn Chat Context
[22m[39m[ChatContext] AssistantChat initialized with 1 chats
[90mstdout[2m | src/components/AIFeedbackWidget.stories.jsx[2m > [22m[2mIn Chat Context
[22m[39m[ChatContext] Setting initial chat: mock-assistant-chat-1
[90mstdout[2m | src/components/AIFeedbackWidget.stories.jsx[2m > [22m[2mIn Chat Context
[22m[39m[MOCK CourseVectorStore] Initialized with mock data
[90mstdout[2m | src/components/AIFeedbackWidget.stories.jsx[2m > [22m[2mIn Chat Context
[22m[39m[FilesContext] Vector store population triggered {
  "currentVectorStoreSize": 3,
  "documentsCount": 0,
  "filesCount": 6,
  "isInitialLoad": true,
}
[90mstdout[2m | src/components/AIFeedbackWidget.stories.jsx[2m > [22m[2mIn Chat Context
[22m[39m[FilesContext] Vector store population complete - 3 total embeddings
[90mstdout[2m | src/components/AIFeedbackWidget.stories.jsx[2m > [22m[2mIn Chat Context
[22m[39m[ChatContext] Chat exists and not archived, skipping creation
[90mstdout[2m | src/components/AIFeedbackWidget.stories.jsx[2m > [22m[2mIn Chat Context
[22m[39m[Mock Storage] downloadData called with: undefined
[90mstdout[2m | src/components/AIFeedbackWidget.stories.jsx[2m > [22m[2mWith Callback
[22m[39m[ChatContext] Cleaning up subscriptions
[90mstdout[2m | src/components/AIFeedbackWidget.stories.jsx[2m > [22m[2mWith Callback
[22m[39m[Mock Data] Unit.onUpdate() subscription removed. Remaining: 0
[90mstdout[2m | src/components/AIFeedbackWidget.stories.jsx[2m > [22m[2mWith Callback
[22m[39m[MOCK CourseVectorStore] Initialized with mock data
[90mstdout[2m | src/components/AIFeedbackWidget.stories.jsx[2m > [22m[2mWith Callback
[22m[39m[TranslationModeController] Setting mode to: off
[90mstdout[2m | src/components/AIFeedbackWidget.stories.jsx[2m > [22m[2mWith Callback
[22m[39m[UnitContext] useEffect triggered {
  "authLoading": false,
  "hasUser": true,
  "id": "mock-unit-id",
  "userSub": "mock-user-sub",
}
[90mstdout[2m | src/components/AIFeedbackWidget.stories.jsx[2m > [22m[2mWith Callback
[22m[39m[UnitContext] Fetching unit data for id: mock-unit-id
[90mstdout[2m | src/components/AIFeedbackWidget.stories.jsx[2m > [22m[2mWith Callback
[22m[39m[FilesContext] Initializing vector store from IndexedDB
[90mstdout[2m | src/components/AIFeedbackWidget.stories.jsx[2m > [22m[2mWith Callback
[22m[39m[FilesContext] fetchFiles called
[90mstdout[2m | src/components/AIFeedbackWidget.stories.jsx[2m > [22m[2mWith Callback
[22m[39m[FilesContext] User authenticated: mock-user-sub
[90mstdout[2m | src/components/AIFeedbackWidget.stories.jsx[2m > [22m[2mWith Callback
[22m[39m[FilesContext] Identity ID: us-east-1:mock-identity-123
[90mstdout[2m | src/components/AIFeedbackWidget.stories.jsx[2m > [22m[2mWith Callback
[22m[39m[FilesContext] About to set up File observeQuery
[90mstdout[2m | src/components/AIFeedbackWidget.stories.jsx[2m > [22m[2mWith Callback
[22m[39m[ChatContext] Setting up AssistantChat observeQuery
[90mstdout[2m | src/components/AIFeedbackWidget.stories.jsx[2m > [22m[2mWith Callback
[22m[39m[ChatContext] Waiting for subscription to initialize
[90mstdout[2m | src/components/AIFeedbackWidget.stories.jsx[2m > [22m[2mWith Callback
[22m[39m[SettingsContext] Setting up Settings subscription for user: mock-user-sub
[90mstdout[2m | src/components/AIFeedbackWidget.stories.jsx[2m > [22m[2mWith Callback
[22m[39m[Mock Data] Settings created: mock-settings-1790418144324 - notified 0 subscribers
[90mstdout[2m | src/components/AIFeedbackWidget.stories.jsx[2m > [22m[2mWith Callback
[22m[39m[Mock Data] Unit.onUpdate() subscription added. Total: 1
[90mstdout[2m | src/components/AIFeedbackWidget.stories.jsx[2m > [22m[2mWith Callback
[22m[39m[SectionContext] Section observeQuery update: 0
[90mstdout[2m | src/components/AIFeedbackWidget.stories.jsx[2m > [22m[2mWith Callback
[22m[39m[FilesContext] File observeQuery update: 6 files
[90mstdout[2m | src/components/AIFeedbackWidget.stories.jsx[2m > [22m[2mWith Callback
[22m[39m[ChatContext] AssistantChat initialized with 1 chats
[90mstdout[2m | src/components/AIFeedbackWidget.stories.jsx[2m > [22m[2mWith Callback
[22m[39m[ChatContext] Setting initial chat: mock-assistant-chat-1
[90mstdout[2m | src/components/AIFeedbackWidget.stories.jsx[2m > [22m[2mWith Callback
[22m[39m[MOCK CourseVectorStore] Initialized with mock data
[90mstdout[2m | src/components/AIFeedbackWidget.stories.jsx[2m > [22m[2mWith Callback
[22m[39m[FilesContext] Vector store population triggered {
  "currentVectorStoreSize": 3,
  "documentsCount": 0,
  "filesCount": 6,
  "isInitialLoad": true,
}
[90mstdout[2m | src/components/AIFeedbackWidget.stories.jsx[2m > [22m[2mWith Callback
[22m[39m[FilesContext] Vector store population complete - 3 total embeddings
[90mstdout[2m | src/components/AIFeedbackWidget.stories.jsx[2m > [22m[2mWith Callback
[22m[39m[ChatContext] Chat exists and not archived, skipping creation
[90mstdout[2m | src/components/AIFeedbackWidget.stories.jsx[2m > [22m[2mWith Callback
[22m[39m[Mock Storage] downloadData called with: undefined
[90mstdout[2m | src/components/AIFeedbackWidget.stories.jsx[2m > [22m[2mWith Callback
[22m[39m[Mock Data] AIFeedback created: mock-aifeedback-1790418144384 - notified 0 subscribers
[90mstdout[2m | src/components/AIFeedbackWidget.stories.jsx[2m > [22m[2mWith Callback
[22m[39mFeedback submitted: {
  "_version": 1,
  "comment": undefined,
  "contentType": "VOCABULARY_EXTRACTION",
  "createdAt": "2026-09-26T10:22:24.384Z",
  "documentID": undefined,
  "feedbackType": "POSITIVE",
  "generatedContent": "食べる (taberu) - to eat",
  "gradeID": undefined,
  "id": "mock-aifeedback-1790418144384",
  "messageId": undefined,
  "metadata": undefined,
  "model": "gpt-4",
  "prompt": undefined,
  "reasons": undefined,
  "sessionId": undefined,
  "unitID": undefined,
  "updatedAt": "2026-09-26T10:22:24.384Z",
}
 [32m✓[39m [30m[45m storybook (chromium) [49m[39m src/components/AIFeedbackWidget.stories.jsx [2m([22m[2m6 tests[22m[2m)[22m[33m 1223[2mms[22m[39m
   [33m[2m✓[22m[39m With Callback [33m 308[2mms[22m[39m
[90mstdout[2m | unknown test
[22m[39m[MOCK vectorStoreDB.js] Module loaded - mock IndexedDB operations
[90mstdout[2m | unknown test
[22m[39m[Task Completion] DOM action listeners initialized
[90mstdout[2m | unknown test
[22m[39m[Task Completion] Auto-completion detector initialized
[90mstdout[2m | unknown test
[22m[39m[Preview] Task completion detector initialized
[90mstdout[2m | src/components/Editor3/components/PdfViewerComponent.stories.jsx[2m > [22m[2mDefault
[22m[39m[MOCK CourseVectorStore] Initialized with mock data
[90mstdout[2m | src/components/Editor3/components/PdfViewerComponent.stories.jsx[2m > [22m[2mDefault
[22m[39mMock Cache.getItem called with: getCachedUrl_public/documents/sample.pdf
[90mstdout[2m | src/components/Editor3/components/PdfViewerComponent.stories.jsx[2m > [22m[2mDefault
[22m[39m[TranslationModeController] Setting mode to: off
[90mstdout[2m | src/components/Editor3/components/PdfViewerComponent.stories.jsx[2m > [22m[2mDefault
[22m[39m[FilesContext] Initializing vector store from IndexedDB
[90mstdout[2m | src/components/Editor3/components/PdfViewerComponent.stories.jsx[2m > [22m[2mDefault
[22m[39m[FilesContext] fetchFiles called
[90mstdout[2m | src/components/Editor3/components/PdfViewerComponent.stories.jsx[2m > [22m[2mDefault
[22m[39m[FilesContext] User authenticated: mock-user-sub
[90mstdout[2m | src/components/Editor3/components/PdfViewerComponent.stories.jsx[2m > [22m[2mDefault
[22m[39m[FilesContext] Identity ID: us-east-1:mock-identity-123
[90mstdout[2m | src/components/Editor3/components/PdfViewerComponent.stories.jsx[2m > [22m[2mDefault
[22m[39m[FilesContext] About to set up File observeQuery
[90mstdout[2m | src/components/Editor3/components/PdfViewerComponent.stories.jsx[2m > [22m[2mDefault
[22m[39m[ChatContext] Setting up AssistantChat observeQuery
[90mstdout[2m | src/components/Editor3/components/PdfViewerComponent.stories.jsx[2m > [22m[2mDefault
[22m[39m[ChatContext] Waiting for subscription to initialize
[90mstdout[2m | src/components/Editor3/components/PdfViewerComponent.stories.jsx[2m > [22m[2mDefault
[22m[39m[SettingsContext] Setting up Settings subscription for user: mock-user-sub
[90mstdout[2m | src/components/Editor3/components/PdfViewerComponent.stories.jsx[2m > [22m[2mDefault
[22m[39mMock getUrl called with: public/documents/sample.pdf
[90mstdout[2m | src/components/Editor3/components/PdfViewerComponent.stories.jsx[2m > [22m[2mDefault
[22m[39m[Mock Data] Settings created: mock-settings-1790418148452 - notified 0 subscribers
[90mstdout[2m | src/components/Editor3/components/PdfViewerComponent.stories.jsx[2m > [22m[2mDefault
[22m[39mMock Cache.setItem called with: getCachedUrl_public/documents/sample.pdf blob:http://localhost:63315/dc74ed98-3df3-42f2-a1d5-e484069a0d5e
[90mstdout[2m | src/components/Editor3/components/PdfViewerComponent.stories.jsx[2m > [22m[2mDefault
[22m[39m[FilesContext] File observeQuery update: 6 files
[90mstdout[2m | src/components/Editor3/components/PdfViewerComponent.stories.jsx[2m > [22m[2mDefault
[22m[39m[ChatContext] AssistantChat initialized with 1 chats
[90mstdout[2m | src/components/Editor3/components/PdfViewerComponent.stories.jsx[2m > [22m[2mDefault
[22m[39m[ChatContext] Setting initial chat: mock-assistant-chat-1
[90mstdout[2m | src/components/Editor3/components/PdfViewerComponent.stories.jsx[2m > [22m[2mDefault
[22m[39m[MOCK CourseVectorStore] Initialized with mock data
[90mstdout[2m | src/components/Editor3/components/PdfViewerComponent.stories.jsx[2m > [22m[2mDefault
[22m[39m[FilesContext] Vector store population triggered {
  "currentVectorStoreSize": 3,
  "documentsCount": 0,
  "filesCount": 6,
  "isInitialLoad": true,
}
[90mstdout[2m | src/components/Editor3/components/PdfViewerComponent.stories.jsx[2m > [22m[2mDefault
[22m[39m[FilesContext] Vector store population complete - 3 total embeddings
[90mstdout[2m | src/components/Editor3/components/PdfViewerComponent.stories.jsx[2m > [22m[2mDefault
[22m[39m[ChatContext] Chat exists and not archived, skipping creation
[90mstdout[2m | src/components/Editor3/components/PdfViewerComponent.stories.jsx[2m > [22m[2mDefault
[22m[39m[Mock Storage] downloadData called with: undefined
[90mstdout[2m | src/components/Editor3/components/PdfViewerComponent.stories.jsx[2m > [22m[2mLong Filename
[22m[39m[ChatContext] Cleaning up subscriptions
[90mstdout[2m | src/components/Editor3/components/PdfViewerComponent.stories.jsx[2m > [22m[2mLong Filename
[22m[39m[MOCK CourseVectorStore] Initialized with mock data
[90mstdout[2m | src/components/Editor3/components/PdfViewerComponent.stories.jsx[2m > [22m[2mLong Filename
[22m[39mMock Cache.getItem called with: getCachedUrl_public/documents/very-long-filename-that-might-truncate.pdf
[90mstdout[2m | src/components/Editor3/components/PdfViewerComponent.stories.jsx[2m > [22m[2mLong Filename
[22m[39m[TranslationModeController] Setting mode to: off
[90mstdout[2m | src/components/Editor3/components/PdfViewerComponent.stories.jsx[2m > [22m[2mLong Filename
[22m[39m[FilesContext] Initializing vector store from IndexedDB
[90mstdout[2m | src/components/Editor3/components/PdfViewerComponent.stories.jsx[2m > [22m[2mLong Filename
[22m[39m[FilesContext] fetchFiles called
[90mstdout[2m | src/components/Editor3/components/PdfViewerComponent.stories.jsx[2m > [22m[2mLong Filename
[22m[39m[FilesContext] User authenticated: mock-user-sub
[90mstdout[2m | src/components/Editor3/components/PdfViewerComponent.stories.jsx[2m > [22m[2mLong Filename
[22m[39m[FilesContext] Identity ID: us-east-1:mock-identity-123
[90mstdout[2m | src/components/Editor3/components/PdfViewerComponent.stories.jsx[2m > [22m[2mLong Filename
[22m[39m[FilesContext] About to set up File observeQuery
[90mstdout[2m | src/components/Editor3/components/PdfViewerComponent.stories.jsx[2m > [22m[2mLong Filename
[22m[39m[ChatContext] Setting up AssistantChat observeQuery
[90mstdout[2m | src/components/Editor3/components/PdfViewerComponent.stories.jsx[2m > [22m[2mLong Filename
[22m[39m[ChatContext] Waiting for subscription to initialize
[90mstdout[2m | src/components/Editor3/components/PdfViewerComponent.stories.jsx[2m > [22m[2mLong Filename
[22m[39m[SettingsContext] Setting up Settings subscription for user: mock-user-sub
[90mstdout[2m | src/components/Editor3/components/PdfViewerComponent.stories.jsx[2m > [22m[2mLong Filename
[22m[39mMock getUrl called with: public/documents/very-long-filename-that-might-truncate.pdf
[90mstdout[2m | src/components/Editor3/components/PdfViewerComponent.stories.jsx[2m > [22m[2mLong Filename
[22m[39m[Mock Data] Settings created: mock-settings-1790418148779 - notified 0 subscribers
[90mstdout[2m | src/components/Editor3/components/PdfViewerComponent.stories.jsx[2m > [22m[2mLong Filename
[22m[39mMock Cache.setItem called with: getCachedUrl_public/documents/very-long-filename-that-might-truncate.pdf blob:http://localhost:63315/c18a939b-41da-4be1-802d-74ba3258bab8
[90mstdout[2m | src/components/Editor3/components/PdfViewerComponent.stories.jsx[2m > [22m[2mLong Filename
[22m[39m[FilesContext] File observeQuery update: 6 files
[90mstdout[2m | src/components/Editor3/components/PdfViewerComponent.stories.jsx[2m > [22m[2mLong Filename
[22m[39m[ChatContext] AssistantChat initialized with 1 chats
[90mstdout[2m | src/components/Editor3/components/PdfViewerComponent.stories.jsx[2m > [22m[2mLong Filename
[22m[39m[ChatContext] Setting initial chat: mock-assistant-chat-1
[90mstdout[2m | src/components/Editor3/components/PdfViewerComponent.stories.jsx[2m > [22m[2mLong Filename
[22m[39m[MOCK CourseVectorStore] Initialized with mock data
[90mstdout[2m | src/components/Editor3/components/PdfViewerComponent.stories.jsx[2m > [22m[2mLong Filename
[22m[39m[FilesContext] Vector store population triggered {
  "currentVectorStoreSize": 3,
  "documentsCount": 0,
  "filesCount": 6,
  "isInitialLoad": true,
}
[90mstdout[2m | src/components/Editor3/components/PdfViewerComponent.stories.jsx[2m > [22m[2mLong Filename
[22m[39m[FilesContext] Vector store population complete - 3 total embeddings
[90mstdout[2m | src/components/Editor3/components/PdfViewerComponent.stories.jsx[2m > [22m[2mLong Filename
[22m[39m[ChatContext] Chat exists and not archived, skipping creation
[90mstdout[2m | src/components/Editor3/components/PdfViewerComponent.stories.jsx[2m > [22m[2mLong Filename
[22m[39m[Mock Storage] downloadData called with: undefined
 [32m✓[39m [30m[45m storybook (chromium) [49m[39m src/components/Editor3/components/PdfViewerComponent.stories.jsx [2m([22m[2m2 tests[22m[2m)[22m[33m 526[2mms[22m[39m
   [33m[2m✓[22m[39m Default [33m 333[2mms[22m[39m
[90mstdout[2m | unknown test
[22m[39m[MOCK vectorStoreDB.js] Module loaded - mock IndexedDB operations
[90mstdout[2m | unknown test
[22m[39m[Task Completion] DOM action listeners initialized
[90mstdout[2m | unknown test
[22m[39m[Task Completion] Auto-completion detector initialized
[90mstdout[2m | unknown test
[22m[39m[Preview] Task completion detector initialized
[90mstdout[2m | src/components/UserAvatar.stories.tsx[2m > [22m[2mDefault
[22m[39m[MOCK CourseVectorStore] Initialized with mock data
[90mstdout[2m | src/components/UserAvatar.stories.tsx[2m > [22m[2mDefault
[22m[39m[TranslationModeController] Setting mode to: off
[90mstdout[2m | src/components/UserAvatar.stories.tsx[2m > [22m[2mDefault
[22m[39m[UnitContext] useEffect triggered {
  "authLoading": false,
  "hasUser": true,
  "id": "mock-unit-id",
  "userSub": "mock-user-sub",
}
[90mstdout[2m | src/components/UserAvatar.stories.tsx[2m > [22m[2mDefault
[22m[39m[UnitContext] Fetching unit data for id: mock-unit-id
[90mstdout[2m | src/components/UserAvatar.stories.tsx[2m > [22m[2mDefault
[22m[39m[FilesContext] Initializing vector store from IndexedDB
[90mstdout[2m | src/components/UserAvatar.stories.tsx[2m > [22m[2mDefault
[22m[39m[FilesContext] fetchFiles called
[90mstdout[2m | src/components/UserAvatar.stories.tsx[2m > [22m[2mDefault
[22m[39m[FilesContext] User authenticated: mock-user-sub
[90mstdout[2m | src/components/UserAvatar.stories.tsx[2m > [22m[2mDefault
[22m[39m[FilesContext] Identity ID: us-east-1:mock-identity-123
[90mstdout[2m | src/components/UserAvatar.stories.tsx[2m > [22m[2mDefault
[22m[39m[FilesContext] About to set up File observeQuery
[90mstdout[2m | src/components/UserAvatar.stories.tsx[2m > [22m[2mDefault
[22m[39m[ChatContext] Setting up AssistantChat observeQuery
[90mstdout[2m | src/components/UserAvatar.stories.tsx[2m > [22m[2mDefault
[22m[39m[ChatContext] Waiting for subscription to initialize
[90mstdout[2m | src/components/UserAvatar.stories.tsx[2m > [22m[2mDefault
[22m[39m[SettingsContext] Setting up Settings subscription for user: mock-user-sub
[90mstdout[2m | src/components/UserAvatar.stories.tsx[2m > [22m[2mDefault
[22m[39m[Mock Data] Settings created: mock-settings-1790418149498 - notified 0 subscribers
[90mstdout[2m | src/components/UserAvatar.stories.tsx[2m > [22m[2mDefault
[22m[39m[Mock Data] Unit.onUpdate() subscription added. Total: 1
[90mstdout[2m | src/components/UserAvatar.stories.tsx[2m > [22m[2mDefault
[22m[39m[SectionContext] Section observeQuery update: 0
[90mstdout[2m | src/components/UserAvatar.stories.tsx[2m > [22m[2mDefault
[22m[39m[FilesContext] File observeQuery update: 6 files
[90mstdout[2m | src/components/UserAvatar.stories.tsx[2m > [22m[2mDefault
[22m[39m[Mock Storage] downloadData called with: undefined
[90mstdout[2m | src/components/UserAvatar.stories.tsx[2m > [22m[2mDefault
[22m[39m[ChatContext] AssistantChat initialized with 1 chats
[90mstdout[2m | src/components/UserAvatar.stories.tsx[2m > [22m[2mDefault
[22m[39m[ChatContext] Setting initial chat: mock-assistant-chat-1
[90mstdout[2m | src/components/UserAvatar.stories.tsx[2m > [22m[2mDefault
[22m[39m[MOCK CourseVectorStore] Initialized with mock data
[90mstdout[2m | src/components/UserAvatar.stories.tsx[2m > [22m[2mDefault
[22m[39m[FilesContext] Vector store population triggered {
  "currentVectorStoreSize": 3,
  "documentsCount": 0,
  "filesCount": 6,
  "isInitialLoad": true,
}
[90mstdout[2m | src/components/UserAvatar.stories.tsx[2m > [22m[2mDefault
[22m[39m[FilesContext] Vector store population complete - 3 total embeddings
[90mstdout[2m | src/components/UserAvatar.stories.tsx[2m > [22m[2mDefault
[22m[39m[ChatContext] Chat exists and not archived, skipping creation
[90mstdout[2m | src/components/UserAvatar.stories.tsx[2m > [22m[2mSmall
[22m[39m[ChatContext] Cleaning up subscriptions
[90mstdout[2m | src/components/UserAvatar.stories.tsx[2m > [22m[2mSmall
[22m[39m[Mock Data] Unit.onUpdate() subscription removed. Remaining: 0
[90mstdout[2m | src/components/UserAvatar.stories.tsx[2m > [22m[2mSmall
[22m[39m[MOCK CourseVectorStore] Initialized with mock data
[90mstdout[2m | src/components/UserAvatar.stories.tsx[2m > [22m[2mSmall
[22m[39m[TranslationModeController] Setting mode to: off
[90mstdout[2m | src/components/UserAvatar.stories.tsx[2m > [22m[2mSmall
[22m[39m[UnitContext] useEffect triggered {
  "authLoading": false,
  "hasUser": true,
  "id": "mock-unit-id",
  "userSub": "mock-user-sub",
}
[90mstdout[2m | src/components/UserAvatar.stories.tsx[2m > [22m[2mSmall
[22m[39m[UnitContext] Fetching unit data for id: mock-unit-id
[90mstdout[2m | src/components/UserAvatar.stories.tsx[2m > [22m[2mSmall
[22m[39m[FilesContext] Initializing vector store from IndexedDB
[90mstdout[2m | src/components/UserAvatar.stories.tsx[2m > [22m[2mSmall
[22m[39m[FilesContext] fetchFiles called
[90mstdout[2m | src/components/UserAvatar.stories.tsx[2m > [22m[2mSmall
[22m[39m[FilesContext] User authenticated: mock-user-sub
[90mstdout[2m | src/components/UserAvatar.stories.tsx[2m > [22m[2mSmall
[22m[39m[FilesContext] Identity ID: us-east-1:mock-identity-123
[90mstdout[2m | src/components/UserAvatar.stories.tsx[2m > [22m[2mSmall
[22m[39m[FilesContext] About to set up File observeQuery
[90mstdout[2m | src/components/UserAvatar.stories.tsx[2m > [22m[2mSmall
[22m[39m[ChatContext] Setting up AssistantChat observeQuery
[90mstdout[2m | src/components/UserAvatar.stories.tsx[2m > [22m[2mSmall
[22m[39m[ChatContext] Waiting for subscription to initialize
[90mstdout[2m | src/components/UserAvatar.stories.tsx[2m > [22m[2mSmall
[22m[39m[SettingsContext] Setting up Settings subscription for user: mock-user-sub
[90mstdout[2m | src/components/UserAvatar.stories.tsx[2m > [22m[2mSmall
[22m[39m[Mock Data] Settings created: mock-settings-1790418149587 - notified 0 subscribers
[90mstdout[2m | src/components/UserAvatar.stories.tsx[2m > [22m[2mSmall
[22m[39m[Mock Data] Unit.onUpdate() subscription added. Total: 1
[90mstdout[2m | src/components/UserAvatar.stories.tsx[2m > [22m[2mSmall
[22m[39m[SectionContext] Section observeQuery update: 0
[90mstdout[2m | src/components/UserAvatar.stories.tsx[2m > [22m[2mSmall
[22m[39m[Mock Storage] downloadData called with: undefined
[90mstdout[2m | src/components/UserAvatar.stories.tsx[2m > [22m[2mSmall
[22m[39m[FilesContext] File observeQuery update: 6 files
[90mstdout[2m | src/components/UserAvatar.stories.tsx[2m > [22m[2mSmall
[22m[39m[ChatContext] AssistantChat initialized with 1 chats
[90mstdout[2m | src/components/UserAvatar.stories.tsx[2m > [22m[2mSmall
[22m[39m[ChatContext] Setting initial chat: mock-assistant-chat-1
[90mstdout[2m | src/components/UserAvatar.stories.tsx[2m > [22m[2mSmall
[22m[39m[MOCK CourseVectorStore] Initialized with mock data
[90mstdout[2m | src/components/UserAvatar.stories.tsx[2m > [22m[2mSmall
[22m[39m[FilesContext] Vector store population triggered {
  "currentVectorStoreSize": 3,
  "documentsCount": 0,
  "filesCount": 6,
  "isInitialLoad": true,
}
[90mstdout[2m | src/components/UserAvatar.stories.tsx[2m > [22m[2mSmall
[22m[39m[FilesContext] Vector store population complete - 3 total embeddings
[90mstdout[2m | src/components/UserAvatar.stories.tsx[2m > [22m[2mSmall
[22m[39m[ChatContext] Chat exists and not archived, skipping creation
[90mstdout[2m | src/components/UserAvatar.stories.tsx[2m > [22m[2mLarge
[22m[39m[ChatContext] Cleaning up subscriptions
[90mstdout[2m | src/components/UserAvatar.stories.tsx[2m > [22m[2mLarge
[22m[39m[Mock Data] Unit.onUpdate() subscription removed. Remaining: 0
[90mstdout[2m | src/components/UserAvatar.stories.tsx[2m > [22m[2mLarge
[22m[39m[MOCK CourseVectorStore] Initialized with mock data
[90mstdout[2m | src/components/UserAvatar.stories.tsx[2m > [22m[2mLarge
[22m[39m[TranslationModeController] Setting mode to: off
[90mstdout[2m | src/components/UserAvatar.stories.tsx[2m > [22m[2mLarge
[22m[39m[UnitContext] useEffect triggered {
  "authLoading": false,
  "hasUser": true,
  "id": "mock-unit-id",
  "userSub": "mock-user-sub",
}
[90mstdout[2m | src/components/UserAvatar.stories.tsx[2m > [22m[2mLarge
[22m[39m[UnitContext] Fetching unit data for id: mock-unit-id
[90mstdout[2m | src/components/UserAvatar.stories.tsx[2m > [22m[2mLarge
[22m[39m[FilesContext] Initializing vector store from IndexedDB
[90mstdout[2m | src/components/UserAvatar.stories.tsx[2m > [22m[2mLarge
[22m[39m[FilesContext] fetchFiles called
[90mstdout[2m | src/components/UserAvatar.stories.tsx[2m > [22m[2mLarge
[22m[39m[FilesContext] User authenticated: mock-user-sub
[90mstdout[2m | src/components/UserAvatar.stories.tsx[2m > [22m[2mLarge
[22m[39m[FilesContext] Identity ID: us-east-1:mock-identity-123
[90mstdout[2m | src/components/UserAvatar.stories.tsx[2m > [22m[2mLarge
[22m[39m[FilesContext] About to set up File observeQuery
[90mstdout[2m | src/components/UserAvatar.stories.tsx[2m > [22m[2mLarge
[22m[39m[ChatContext] Setting up AssistantChat observeQuery
[90mstdout[2m | src/components/UserAvatar.stories.tsx[2m > [22m[2mLarge
[22m[39m[ChatContext] Waiting for subscription to initialize
[90mstdout[2m | src/components/UserAvatar.stories.tsx[2m > [22m[2mLarge
[22m[39m[SettingsContext] Setting up Settings subscription for user: mock-user-sub
[90mstdout[2m | src/components/UserAvatar.stories.tsx[2m > [22m[2mLarge
[22m[39m[Mock Data] Settings created: mock-settings-1790418149671 - notified 0 subscribers
[90mstdout[2m | src/components/UserAvatar.stories.tsx[2m > [22m[2mLarge
[22m[39m[Mock Data] Unit.onUpdate() subscription added. Total: 1
[90mstdout[2m | src/components/UserAvatar.stories.tsx[2m > [22m[2mLarge
[22m[39m[SectionContext] Section observeQuery update: 0
[90mstdout[2m | src/components/UserAvatar.stories.tsx[2m > [22m[2mLarge
[22m[39m[FilesContext] File observeQuery update: 6 files
[90mstdout[2m | src/components/UserAvatar.stories.tsx[2m > [22m[2mLarge
[22m[39m[ChatContext] AssistantChat initialized with 1 chats
[90mstdout[2m | src/components/UserAvatar.stories.tsx[2m > [22m[2mLarge
[22m[39m[ChatContext] Setting initial chat: mock-assistant-chat-1
[90mstdout[2m | src/components/UserAvatar.stories.tsx[2m > [22m[2mLarge
[22m[39m[MOCK CourseVectorStore] Initialized with mock data
[90mstdout[2m | src/components/UserAvatar.stories.tsx[2m > [22m[2mLarge
[22m[39m[FilesContext] Vector store population triggered {
  "currentVectorStoreSize": 3,
  "documentsCount": 0,
  "filesCount": 6,
  "isInitialLoad": true,
}
[90mstdout[2m | src/components/UserAvatar.stories.tsx[2m > [22m[2mLarge
[22m[39m[FilesContext] Vector store population complete - 3 total embeddings
[90mstdout[2m | src/components/UserAvatar.stories.tsx[2m > [22m[2mLarge
[22m[39m[ChatContext] Chat exists and not archived, skipping creation
[90mstdout[2m | src/components/UserAvatar.stories.tsx[2m > [22m[2mLarge
[22m[39m[Mock Storage] downloadData called with: undefined
[90mstdout[2m | src/components/UserAvatar.stories.tsx[2m > [22m[2mWith Streak
[22m[39m[ChatContext] Cleaning up subscriptions
[90mstdout[2m | src/components/UserAvatar.stories.tsx[2m > [22m[2mWith Streak
[22m[39m[Mock Data] Unit.onUpdate() subscription removed. Remaining: 0
[90mstdout[2m | src/components/UserAvatar.stories.tsx[2m > [22m[2mWith Streak
[22m[39m[MOCK CourseVectorStore] Initialized with mock data
[90mstdout[2m | src/components/UserAvatar.stories.tsx[2m > [22m[2mWith Streak
[22m[39m[TranslationModeController] Setting mode to: off
[90mstdout[2m | src/components/UserAvatar.stories.tsx[2m > [22m[2mWith Streak
[22m[39m[UnitContext] useEffect triggered {
  "authLoading": false,
  "hasUser": true,
  "id": "mock-unit-id",
  "userSub": "mock-user-sub",
}
[90mstdout[2m | src/components/UserAvatar.stories.tsx[2m > [22m[2mWith Streak
[22m[39m[UnitContext] Fetching unit data for id: mock-unit-id
[90mstdout[2m | src/components/UserAvatar.stories.tsx[2m > [22m[2mWith Streak
[22m[39m[FilesContext] Initializing vector store from IndexedDB
[90mstdout[2m | src/components/UserAvatar.stories.tsx[2m > [22m[2mWith Streak
[22m[39m[FilesContext] fetchFiles called
[90mstdout[2m | src/components/UserAvatar.stories.tsx[2m > [22m[2mWith Streak
[22m[39m[FilesContext] User authenticated: mock-user-sub
[90mstdout[2m | src/components/UserAvatar.stories.tsx[2m > [22m[2mWith Streak
[22m[39m[FilesContext] Identity ID: us-east-1:mock-identity-123
[90mstdout[2m | src/components/UserAvatar.stories.tsx[2m > [22m[2mWith Streak
[22m[39m[FilesContext] About to set up File observeQuery
[90mstdout[2m | src/components/UserAvatar.stories.tsx[2m > [22m[2mWith Streak
[22m[39m[ChatContext] Setting up AssistantChat observeQuery
[90mstdout[2m | src/components/UserAvatar.stories.tsx[2m > [22m[2mWith Streak
[22m[39m[ChatContext] Waiting for subscription to initialize
[90mstdout[2m | src/components/UserAvatar.stories.tsx[2m > [22m[2mWith Streak
[22m[39m[SettingsContext] Setting up Settings subscription for user: mock-user-sub
[90mstdout[2m | src/components/UserAvatar.stories.tsx[2m > [22m[2mWith Streak
[22m[39m[Mock Data] Settings created: mock-settings-1790418149803 - notified 0 subscribers
[90mstdout[2m | src/components/UserAvatar.stories.tsx[2m > [22m[2mWith Streak
[22m[39m[Mock Data] Unit.onUpdate() subscription added. Total: 1
[90mstdout[2m | src/components/UserAvatar.stories.tsx[2m > [22m[2mWith Streak
[22m[39m[SectionContext] Section observeQuery update: 0
[90mstdout[2m | src/components/UserAvatar.stories.tsx[2m > [22m[2mWith Streak
[22m[39m[FilesContext] File observeQuery update: 6 files
[90mstdout[2m | src/components/UserAvatar.stories.tsx[2m > [22m[2mWith Streak
[22m[39m[ChatContext] AssistantChat initialized with 1 chats
[90mstdout[2m | src/components/UserAvatar.stories.tsx[2m > [22m[2mWith Streak
[22m[39m[ChatContext] Setting initial chat: mock-assistant-chat-1
[90mstdout[2m | src/components/UserAvatar.stories.tsx[2m > [22m[2mWith Streak
[22m[39m[MOCK CourseVectorStore] Initialized with mock data
[90mstdout[2m | src/components/UserAvatar.stories.tsx[2m > [22m[2mWith Streak
[22m[39m[FilesContext] Vector store population triggered {
  "currentVectorStoreSize": 3,
  "documentsCount": 0,
  "filesCount": 6,
  "isInitialLoad": true,
}
[90mstdout[2m | src/components/UserAvatar.stories.tsx[2m > [22m[2mWith Streak
[22m[39m[FilesContext] Vector store population complete - 3 total embeddings
[90mstdout[2m | src/components/UserAvatar.stories.tsx[2m > [22m[2mWith Streak
[22m[39m[ChatContext] Chat exists and not archived, skipping creation
[90mstdout[2m | src/components/UserAvatar.stories.tsx[2m > [22m[2mWith Streak
[22m[39m[Mock Storage] downloadData called with: undefined
[90mstdout[2m | src/components/UserAvatar.stories.tsx[2m > [22m[2mStreak Milestone
[22m[39m[ChatContext] Cleaning up subscriptions
[90mstdout[2m | src/components/UserAvatar.stories.tsx[2m > [22m[2mStreak Milestone
[22m[39m[Mock Data] Unit.onUpdate() subscription removed. Remaining: 0
[90mstdout[2m | src/components/UserAvatar.stories.tsx[2m > [22m[2mStreak Milestone
[22m[39m[MOCK CourseVectorStore] Initialized with mock data
[90mstdout[2m | src/components/UserAvatar.stories.tsx[2m > [22m[2mStreak Milestone
[22m[39m[TranslationModeController] Setting mode to: off
[90mstdout[2m | src/components/UserAvatar.stories.tsx[2m > [22m[2mStreak Milestone
[22m[39m[UnitContext] useEffect triggered {
  "authLoading": false,
  "hasUser": true,
  "id": "mock-unit-id",
  "userSub": "mock-user-sub",
}
[90mstdout[2m | src/components/UserAvatar.stories.tsx[2m > [22m[2mStreak Milestone
[22m[39m[UnitContext] Fetching unit data for id: mock-unit-id
[90mstdout[2m | src/components/UserAvatar.stories.tsx[2m > [22m[2mStreak Milestone
[22m[39m[FilesContext] Initializing vector store from IndexedDB
[90mstdout[2m | src/components/UserAvatar.stories.tsx[2m > [22m[2mStreak Milestone
[22m[39m[FilesContext] fetchFiles called
[90mstdout[2m | src/components/UserAvatar.stories.tsx[2m > [22m[2mStreak Milestone
[22m[39m[FilesContext] User authenticated: mock-user-sub
[90mstdout[2m | src/components/UserAvatar.stories.tsx[2m > [22m[2mStreak Milestone
[22m[39m[FilesContext] Identity ID: us-east-1:mock-identity-123
[90mstdout[2m | src/components/UserAvatar.stories.tsx[2m > [22m[2mStreak Milestone
[22m[39m[FilesContext] About to set up File observeQuery
[90mstdout[2m | src/components/UserAvatar.stories.tsx[2m > [22m[2mStreak Milestone
[22m[39m[ChatContext] Setting up AssistantChat observeQuery
[90mstdout[2m | src/components/UserAvatar.stories.tsx[2m > [22m[2mStreak Milestone
[22m[39m[ChatContext] Waiting for subscription to initialize
[90mstdout[2m | src/components/UserAvatar.stories.tsx[2m > [22m[2mStreak Milestone
[22m[39m[SettingsContext] Setting up Settings subscription for user: mock-user-sub
[90mstdout[2m | src/components/UserAvatar.stories.tsx[2m > [22m[2mStreak Milestone
[22m[39m[Mock Data] Settings created: mock-settings-1790418149944 - notified 0 subscribers
[90mstdout[2m | src/components/UserAvatar.stories.tsx[2m > [22m[2mStreak Milestone
[22m[39m[Mock Data] Unit.onUpdate() subscription added. Total: 1
[90mstdout[2m | src/components/UserAvatar.stories.tsx[2m > [22m[2mStreak Milestone
[22m[39m[SectionContext] Section observeQuery update: 0
[90mstdout[2m | src/components/UserAvatar.stories.tsx[2m > [22m[2mStreak Milestone
[22m[39m[FilesContext] File observeQuery update: 6 files
[90mstdout[2m | src/components/UserAvatar.stories.tsx[2m > [22m[2mStreak Milestone
[22m[39m[ChatContext] AssistantChat initialized with 1 chats
[90mstdout[2m | src/components/UserAvatar.stories.tsx[2m > [22m[2mStreak Milestone
[22m[39m[ChatContext] Setting initial chat: mock-assistant-chat-1
[90mstdout[2m | src/components/UserAvatar.stories.tsx[2m > [22m[2mStreak Milestone
[22m[39m[MOCK CourseVectorStore] Initialized with mock data
[90mstdout[2m | src/components/UserAvatar.stories.tsx[2m > [22m[2mStreak Milestone
[22m[39m[FilesContext] Vector store population triggered {
  "currentVectorStoreSize": 3,
  "documentsCount": 0,
  "filesCount": 6,
  "isInitialLoad": true,
}
[90mstdout[2m | src/components/UserAvatar.stories.tsx[2m > [22m[2mStreak Milestone
[22m[39m[FilesContext] Vector store population complete - 3 total embeddings
[90mstdout[2m | src/components/UserAvatar.stories.tsx[2m > [22m[2mStreak Milestone
[22m[39m[ChatContext] Chat exists and not archived, skipping creation
[90mstdout[2m | src/components/UserAvatar.stories.tsx[2m > [22m[2mStreak Milestone
[22m[39m[Mock Storage] downloadData called with: undefined
[90mstdout[2m | src/components/UserAvatar.stories.tsx[2m > [22m[2mLarge With Streak
[22m[39m[ChatContext] Cleaning up subscriptions
[90mstdout[2m | src/components/UserAvatar.stories.tsx[2m > [22m[2mLarge With Streak
[22m[39m[Mock Data] Unit.onUpdate() subscription removed. Remaining: 0
[90mstdout[2m | src/components/UserAvatar.stories.tsx[2m > [22m[2mLarge With Streak
[22m[39m[MOCK CourseVectorStore] Initialized with mock data
[90mstdout[2m | src/components/UserAvatar.stories.tsx[2m > [22m[2mLarge With Streak
[22m[39m[TranslationModeController] Setting mode to: off
[90mstdout[2m | src/components/UserAvatar.stories.tsx[2m > [22m[2mLarge With Streak
[22m[39m[UnitContext] useEffect triggered {
  "authLoading": false,
  "hasUser": true,
  "id": "mock-unit-id",
  "userSub": "mock-user-sub",
}
[90mstdout[2m | src/components/UserAvatar.stories.tsx[2m > [22m[2mLarge With Streak
[22m[39m[UnitContext] Fetching unit data for id: mock-unit-id
[90mstdout[2m | src/components/UserAvatar.stories.tsx[2m > [22m[2mLarge With Streak
[22m[39m[FilesContext] Initializing vector store from IndexedDB
[90mstdout[2m | src/components/UserAvatar.stories.tsx[2m > [22m[2mLarge With Streak
[22m[39m[FilesContext] fetchFiles called
[90mstdout[2m | src/components/UserAvatar.stories.tsx[2m > [22m[2mLarge With Streak
[22m[39m[FilesContext] User authenticated: mock-user-sub
[90mstdout[2m | src/components/UserAvatar.stories.tsx[2m > [22m[2mLarge With Streak
[22m[39m[FilesContext] Identity ID: us-east-1:mock-identity-123
[90mstdout[2m | src/components/UserAvatar.stories.tsx[2m > [22m[2mLarge With Streak
[22m[39m[FilesContext] About to set up File observeQuery
[90mstdout[2m | src/components/UserAvatar.stories.tsx[2m > [22m[2mLarge With Streak
[22m[39m[ChatContext] Setting up AssistantChat observeQuery
[90mstdout[2m | src/components/UserAvatar.stories.tsx[2m > [22m[2mLarge With Streak
[22m[39m[ChatContext] Waiting for subscription to initialize
[90mstdout[2m | src/components/UserAvatar.stories.tsx[2m > [22m[2mLarge With Streak
[22m[39m[SettingsContext] Setting up Settings subscription for user: mock-user-sub
[90mstdout[2m | src/components/UserAvatar.stories.tsx[2m > [22m[2mLarge With Streak
[22m[39m[Mock Data] Settings created: mock-settings-1790418150052 - notified 0 subscribers
[90mstdout[2m | src/components/UserAvatar.stories.tsx[2m > [22m[2mLarge With Streak
[22m[39m[Mock Data] Unit.onUpdate() subscription added. Total: 1
[90mstdout[2m | src/components/UserAvatar.stories.tsx[2m > [22m[2mLarge With Streak
[22m[39m[SectionContext] Section observeQuery update: 0
[90mstdout[2m | src/components/UserAvatar.stories.tsx[2m > [22m[2mLarge With Streak
[22m[39m[FilesContext] File observeQuery update: 6 files
[90mstdout[2m | src/components/UserAvatar.stories.tsx[2m > [22m[2mLarge With Streak
[22m[39m[MOCK CourseVectorStore] Initialized with mock data
[90mstdout[2m | src/components/UserAvatar.stories.tsx[2m > [22m[2mLarge With Streak
[22m[39m[FilesContext] Vector store population triggered {
  "currentVectorStoreSize": 3,
  "documentsCount": 0,
  "filesCount": 6,
  "isInitialLoad": true,
}
[90mstdout[2m | src/components/UserAvatar.stories.tsx[2m > [22m[2mLarge With Streak
[22m[39m[FilesContext] Vector store population complete - 3 total embeddings
[90mstdout[2m | src/components/UserAvatar.stories.tsx[2m > [22m[2mLarge With Streak
[22m[39m[ChatContext] AssistantChat initialized with 1 chats
[90mstdout[2m | src/components/UserAvatar.stories.tsx[2m > [22m[2mLarge With Streak
[22m[39m[ChatContext] Setting initial chat: mock-assistant-chat-1
[90mstdout[2m | src/components/UserAvatar.stories.tsx[2m > [22m[2mLarge With Streak
[22m[39m[Mock Storage] downloadData called with: undefined
[90mstdout[2m | src/components/UserAvatar.stories.tsx[2m > [22m[2mLarge With Streak
[22m[39m[ChatContext] Chat exists and not archived, skipping creation
[90mstdout[2m | src/components/UserAvatar.stories.tsx[2m > [22m[2mSmall With Streak
[22m[39m[ChatContext] Cleaning up subscriptions
[90mstdout[2m | src/components/UserAvatar.stories.tsx[2m > [22m[2mSmall With Streak
[22m[39m[Mock Data] Unit.onUpdate() subscription removed. Remaining: 0
[90mstdout[2m | src/components/UserAvatar.stories.tsx[2m > [22m[2mSmall With Streak
[22m[39m[MOCK CourseVectorStore] Initialized with mock data
[90mstdout[2m | src/components/UserAvatar.stories.tsx[2m > [22m[2mSmall With Streak
[22m[39m[TranslationModeController] Setting mode to: off
[90mstdout[2m | src/components/UserAvatar.stories.tsx[2m > [22m[2mSmall With Streak
[22m[39m[UnitContext] useEffect triggered {
  "authLoading": false,
  "hasUser": true,
  "id": "mock-unit-id",
  "userSub": "mock-user-sub",
}
[90mstdout[2m | src/components/UserAvatar.stories.tsx[2m > [22m[2mSmall With Streak
[22m[39m[UnitContext] Fetching unit data for id: mock-unit-id
[90mstdout[2m | src/components/UserAvatar.stories.tsx[2m > [22m[2mSmall With Streak
[22m[39m[FilesContext] Initializing vector store from IndexedDB
[90mstdout[2m | src/components/UserAvatar.stories.tsx[2m > [22m[2mSmall With Streak
[22m[39m[FilesContext] fetchFiles called
[90mstdout[2m | src/components/UserAvatar.stories.tsx[2m > [22m[2mSmall With Streak
[22m[39m[FilesContext] User authenticated: mock-user-sub
[90mstdout[2m | src/components/UserAvatar.stories.tsx[2m > [22m[2mSmall With Streak
[22m[39m[FilesContext] Identity ID: us-east-1:mock-identity-123
[90mstdout[2m | src/components/UserAvatar.stories.tsx[2m > [22m[2mSmall With Streak
[22m[39m[FilesContext] About to set up File observeQuery
[90mstdout[2m | src/components/UserAvatar.stories.tsx[2m > [22m[2mSmall With Streak
[22m[39m[ChatContext] Setting up AssistantChat observeQuery
[90mstdout[2m | src/components/UserAvatar.stories.tsx[2m > [22m[2mSmall With Streak
[22m[39m[ChatContext] Waiting for subscription to initialize
[90mstdout[2m | src/components/UserAvatar.stories.tsx[2m > [22m[2mSmall With Streak
[22m[39m[SettingsContext] Setting up Settings subscription for user: mock-user-sub
[90mstdout[2m | src/components/UserAvatar.stories.tsx[2m > [22m[2mSmall With Streak
[22m[39m[Mock Data] Settings created: mock-settings-1790418150235 - notified 0 subscribers
[90mstdout[2m | src/components/UserAvatar.stories.tsx[2m > [22m[2mSmall With Streak
[22m[39m[Mock Data] Unit.onUpdate() subscription added. Total: 1
[90mstdout[2m | src/components/UserAvatar.stories.tsx[2m > [22m[2mSmall With Streak
[22m[39m[SectionContext] Section observeQuery update: 0
[90mstdout[2m | src/components/UserAvatar.stories.tsx[2m > [22m[2mSmall With Streak
[22m[39m[FilesContext] File observeQuery update: 6 files
[90mstdout[2m | src/components/UserAvatar.stories.tsx[2m > [22m[2mSmall With Streak
[22m[39m[ChatContext] AssistantChat initialized with 1 chats
[90mstdout[2m | src/components/UserAvatar.stories.tsx[2m > [22m[2mSmall With Streak
[22m[39m[ChatContext] Setting initial chat: mock-assistant-chat-1
[90mstdout[2m | src/components/UserAvatar.stories.tsx[2m > [22m[2mSmall With Streak
[22m[39m[MOCK CourseVectorStore] Initialized with mock data
[90mstdout[2m | src/components/UserAvatar.stories.tsx[2m > [22m[2mSmall With Streak
[22m[39m[FilesContext] Vector store population triggered {
  "currentVectorStoreSize": 3,
  "documentsCount": 0,
  "filesCount": 6,
  "isInitialLoad": true,
}
[90mstdout[2m | src/components/UserAvatar.stories.tsx[2m > [22m[2mSmall With Streak
[22m[39m[FilesContext] Vector store population complete - 3 total embeddings
[90mstdout[2m | src/components/UserAvatar.stories.tsx[2m > [22m[2mSmall With Streak
[22m[39m[ChatContext] Chat exists and not archived, skipping creation
[90mstdout[2m | src/components/UserAvatar.stories.tsx[2m > [22m[2mSmall With Streak
[22m[39m[Mock Storage] downloadData called with: undefined
[90mstdout[2m | src/components/UserAvatar.stories.tsx[2m > [22m[2mZero Streak
[22m[39m[ChatContext] Cleaning up subscriptions
[90mstdout[2m | src/components/UserAvatar.stories.tsx[2m > [22m[2mZero Streak
[22m[39m[Mock Data] Unit.onUpdate() subscription removed. Remaining: 0
[90mstdout[2m | src/components/UserAvatar.stories.tsx[2m > [22m[2mZero Streak
[22m[39m[MOCK CourseVectorStore] Initialized with mock data
[90mstdout[2m | src/components/UserAvatar.stories.tsx[2m > [22m[2mZero Streak
[22m[39m[TranslationModeController] Setting mode to: off
[90mstdout[2m | src/components/UserAvatar.stories.tsx[2m > [22m[2mZero Streak
[22m[39m[UnitContext] useEffect triggered {
  "authLoading": false,
  "hasUser": true,
  "id": "mock-unit-id",
  "userSub": "mock-user-sub",
}
[90mstdout[2m | src/components/UserAvatar.stories.tsx[2m > [22m[2mZero Streak
[22m[39m[UnitContext] Fetching unit data for id: mock-unit-id
[90mstdout[2m | src/components/UserAvatar.stories.tsx[2m > [22m[2mZero Streak
[22m[39m[FilesContext] Initializing vector store from IndexedDB
[90mstdout[2m | src/components/UserAvatar.stories.tsx[2m > [22m[2mZero Streak
[22m[39m[FilesContext] fetchFiles called
[90mstdout[2m | src/components/UserAvatar.stories.tsx[2m > [22m[2mZero Streak
[22m[39m[FilesContext] User authenticated: mock-user-sub
[90mstdout[2m | src/components/UserAvatar.stories.tsx[2m > [22m[2mZero Streak
[22m[39m[FilesContext] Identity ID: us-east-1:mock-identity-123
[90mstdout[2m | src/components/UserAvatar.stories.tsx[2m > [22m[2mZero Streak
[22m[39m[FilesContext] About to set up File observeQuery
[90mstdout[2m | src/components/UserAvatar.stories.tsx[2m > [22m[2mZero Streak
[22m[39m[ChatContext] Setting up AssistantChat observeQuery
[90mstdout[2m | src/components/UserAvatar.stories.tsx[2m > [22m[2mZero Streak
[22m[39m[ChatContext] Waiting for subscription to initialize
[90mstdout[2m | src/components/UserAvatar.stories.tsx[2m > [22m[2mZero Streak
[22m[39m[SettingsContext] Setting up Settings subscription for user: mock-user-sub
[90mstdout[2m | src/components/UserAvatar.stories.tsx[2m > [22m[2mZero Streak
[22m[39m[Mock Data] Settings created: mock-settings-1790418150343 - notified 0 subscribers
[90mstdout[2m | src/components/UserAvatar.stories.tsx[2m > [22m[2mZero Streak
[22m[39m[Mock Data] Unit.onUpdate() subscription added. Total: 1
[90mstdout[2m | src/components/UserAvatar.stories.tsx[2m > [22m[2mZero Streak
[22m[39m[SectionContext] Section observeQuery update: 0
[90mstdout[2m | src/components/UserAvatar.stories.tsx[2m > [22m[2mZero Streak
[22m[39m[FilesContext] File observeQuery update: 6 files
[90mstdout[2m | src/components/UserAvatar.stories.tsx[2m > [22m[2mZero Streak
[22m[39m[ChatContext] AssistantChat initialized with 1 chats
[90mstdout[2m | src/components/UserAvatar.stories.tsx[2m > [22m[2mZero Streak
[22m[39m[ChatContext] Setting initial chat: mock-assistant-chat-1
[90mstdout[2m | src/components/UserAvatar.stories.tsx[2m > [22m[2mZero Streak
[22m[39m[MOCK CourseVectorStore] Initialized with mock data
[90mstdout[2m | src/components/UserAvatar.stories.tsx[2m > [22m[2mZero Streak
[22m[39m[FilesContext] Vector store population triggered {
  "currentVectorStoreSize": 3,
  "documentsCount": 0,
  "filesCount": 6,
  "isInitialLoad": true,
}
[90mstdout[2m | src/components/UserAvatar.stories.tsx[2m > [22m[2mZero Streak
[22m[39m[FilesContext] Vector store population complete - 3 total embeddings
[90mstdout[2m | src/components/UserAvatar.stories.tsx[2m > [22m[2mZero Streak
[22m[39m[ChatContext] Chat exists and not archived, skipping creation
[90mstdout[2m | src/components/UserAvatar.stories.tsx[2m > [22m[2mZero Streak
[22m[39m[Mock Storage] downloadData called with: undefined
[90mstdout[2m | src/components/UserAvatar.stories.tsx[2m > [22m[2mWith External Src
[22m[39m[ChatContext] Cleaning up subscriptions
[90mstdout[2m | src/components/UserAvatar.stories.tsx[2m > [22m[2mWith External Src
[22m[39m[Mock Data] Unit.onUpdate() subscription removed. Remaining: 0
[90mstdout[2m | src/components/UserAvatar.stories.tsx[2m > [22m[2mWith External Src
[22m[39m[MOCK CourseVectorStore] Initialized with mock data
[90mstdout[2m | src/components/UserAvatar.stories.tsx[2m > [22m[2mWith External Src
[22m[39m[TranslationModeController] Setting mode to: off
[90mstdout[2m | src/components/UserAvatar.stories.tsx[2m > [22m[2mWith External Src
[22m[39m[UnitContext] useEffect triggered {
  "authLoading": false,
  "hasUser": true,
  "id": "mock-unit-id",
  "userSub": "mock-user-sub",
}
[90mstdout[2m | src/components/UserAvatar.stories.tsx[2m > [22m[2mWith External Src
[22m[39m[UnitContext] Fetching unit data for id: mock-unit-id
[90mstdout[2m | src/components/UserAvatar.stories.tsx[2m > [22m[2mWith External Src
[22m[39m[FilesContext] Initializing vector store from IndexedDB
[90mstdout[2m | src/components/UserAvatar.stories.tsx[2m > [22m[2mWith External Src
[22m[39m[FilesContext] fetchFiles called
[90mstdout[2m | src/components/UserAvatar.stories.tsx[2m > [22m[2mWith External Src
[22m[39m[FilesContext] User authenticated: mock-user-sub
[90mstdout[2m | src/components/UserAvatar.stories.tsx[2m > [22m[2mWith External Src
[22m[39m[FilesContext] Identity ID: us-east-1:mock-identity-123
[90mstdout[2m | src/components/UserAvatar.stories.tsx[2m > [22m[2mWith External Src
[22m[39m[FilesContext] About to set up File observeQuery
[90mstdout[2m | src/components/UserAvatar.stories.tsx[2m > [22m[2mWith External Src
[22m[39m[ChatContext] Setting up AssistantChat observeQuery
[90mstdout[2m | src/components/UserAvatar.stories.tsx[2m > [22m[2mWith External Src
[22m[39m[ChatContext] Waiting for subscription to initialize
[90mstdout[2m | src/components/UserAvatar.stories.tsx[2m > [22m[2mWith External Src
[22m[39m[SettingsContext] Setting up Settings subscription for user: mock-user-sub
[90mstdout[2m | src/components/UserAvatar.stories.tsx[2m > [22m[2mWith External Src
[22m[39m[Mock Data] Settings created: mock-settings-1790418150454 - notified 0 subscribers
[90mstdout[2m | src/components/UserAvatar.stories.tsx[2m > [22m[2mWith External Src
[22m[39m[Mock Data] Unit.onUpdate() subscription added. Total: 1
[90mstdout[2m | src/components/UserAvatar.stories.tsx[2m > [22m[2mWith External Src
[22m[39m[SectionContext] Section observeQuery update: 0
[90mstdout[2m | src/components/UserAvatar.stories.tsx[2m > [22m[2mWith External Src
[22m[39m[FilesContext] File observeQuery update: 6 files
[90mstdout[2m | src/components/UserAvatar.stories.tsx[2m > [22m[2mWith External Src
[22m[39m[ChatContext] AssistantChat initialized with 1 chats
[90mstdout[2m | src/components/UserAvatar.stories.tsx[2m > [22m[2mWith External Src
[22m[39m[ChatContext] Setting initial chat: mock-assistant-chat-1
[90mstdout[2m | src/components/UserAvatar.stories.tsx[2m > [22m[2mWith External Src
[22m[39m[MOCK CourseVectorStore] Initialized with mock data
[90mstdout[2m | src/components/UserAvatar.stories.tsx[2m > [22m[2mWith External Src
[22m[39m[FilesContext] Vector store population triggered {
  "currentVectorStoreSize": 3,
  "documentsCount": 0,
  "filesCount": 6,
  "isInitialLoad": true,
}
[90mstdout[2m | src/components/UserAvatar.stories.tsx[2m > [22m[2mWith External Src
[22m[39m[FilesContext] Vector store population complete - 3 total embeddings
[90mstdout[2m | src/components/UserAvatar.stories.tsx[2m > [22m[2mWith External Src
[22m[39m[ChatContext] Chat exists and not archived, skipping creation
[90mstdout[2m | src/components/UserAvatar.stories.tsx[2m > [22m[2mWith External Src
[22m[39m[Mock Storage] downloadData called with: undefined
 [32m✓[39m [30m[45m storybook (chromium) [49m[39m src/components/UserAvatar.stories.tsx [2m([22m[2m9 tests[22m[2m)[22m[33m 1092[2mms[22m[39m
[90mstdout[2m | unknown test
[22m[39m[MOCK vectorStoreDB.js] Module loaded - mock IndexedDB operations
[90mstdout[2m | unknown test
[22m[39m[Task Completion] DOM action listeners initialized
[90mstdout[2m | unknown test
[22m[39m[Task Completion] Auto-completion detector initialized
[90mstdout[2m | unknown test
[22m[39m[Preview] Task completion detector initialized
[90mstdout[2m | src/components/Gamification/SquadJoinPanel.stories.tsx[2m > [22m[2mBrowse Squads
[22m[39m[TranslationModeController] Setting mode to: off
[90mstdout[2m | src/components/Gamification/SquadJoinPanel.stories.tsx[2m > [22m[2mIn Squad
[22m[39m[TranslationModeController] Setting mode to: off
[90mstdout[2m | src/components/Gamification/SquadJoinPanel.stories.tsx[2m > [22m[2mIn Squad As Member
[22m[39m[TranslationModeController] Setting mode to: off
[90mstdout[2m | src/components/Gamification/SquadJoinPanel.stories.tsx[2m > [22m[2mEmpty State
[22m[39m[TranslationModeController] Setting mode to: off
[90mstdout[2m | src/components/Gamification/SquadJoinPanel.stories.tsx[2m > [22m[2mLoading
[22m[39m[TranslationModeController] Setting mode to: off
 [32m✓[39m [30m[45m storybook (chromium) [49m[39m src/components/Gamification/SquadJoinPanel.stories.tsx [2m([22m[2m5 tests[22m[2m)[22m[33m 906[2mms[22m[39m
[90mstdout[2m | unknown test
[22m[39m[MOCK vectorStoreDB.js] Module loaded - mock IndexedDB operations
[90mstdout[2m | unknown test
[22m[39m[Task Completion] DOM action listeners initialized
[90mstdout[2m | unknown test
[22m[39m[Task Completion] Auto-completion detector initialized
[90mstdout[2m | unknown test
[22m[39m[Preview] Task completion detector initialized
[90mstdout[2m | src/components/Section/BulkDueDateDialog.stories.jsx[2m > [22m[2mDefault
[22m[39m[MOCK CourseVectorStore] Initialized with mock data
[90mstdout[2m | src/components/Section/BulkDueDateDialog.stories.jsx[2m > [22m[2mDefault
[22m[39m[Mock Data] seedMockAssignments: Adding 3 assignments
[90mstdout[2m | src/components/Section/BulkDueDateDialog.stories.jsx[2m > [22m[2mDefault
[22m[39m[Mock Data] Total assignments in store: 3
[90mstdout[2m | src/components/Section/BulkDueDateDialog.stories.jsx[2m > [22m[2mDefault
[22m[39m[TranslationModeController] Setting mode to: off
[90mstdout[2m | src/components/Section/BulkDueDateDialog.stories.jsx[2m > [22m[2mDefault
[22m[39m[UnitContext] useEffect triggered {
  "authLoading": false,
  "hasUser": true,
  "id": "mock-unit-id",
  "userSub": "mock-user-sub",
}
[90mstdout[2m | src/components/Section/BulkDueDateDialog.stories.jsx[2m > [22m[2mDefault
[22m[39m[UnitContext] Fetching unit data for id: mock-unit-id
[90mstdout[2m | src/components/Section/BulkDueDateDialog.stories.jsx[2m > [22m[2mDefault
[22m[39m[FilesContext] Initializing vector store from IndexedDB
[90mstdout[2m | src/components/Section/BulkDueDateDialog.stories.jsx[2m > [22m[2mDefault
[22m[39m[FilesContext] fetchFiles called
[90mstdout[2m | src/components/Section/BulkDueDateDialog.stories.jsx[2m > [22m[2mDefault
[22m[39m[FilesContext] User authenticated: mock-user-sub
[90mstdout[2m | src/components/Section/BulkDueDateDialog.stories.jsx[2m > [22m[2mDefault
[22m[39m[FilesContext] Identity ID: us-east-1:mock-identity-123
[90mstdout[2m | src/components/Section/BulkDueDateDialog.stories.jsx[2m > [22m[2mDefault
[22m[39m[FilesContext] About to set up File observeQuery
[90mstdout[2m | src/components/Section/BulkDueDateDialog.stories.jsx[2m > [22m[2mDefault
[22m[39m[ChatContext] Setting up AssistantChat observeQuery
[90mstdout[2m | src/components/Section/BulkDueDateDialog.stories.jsx[2m > [22m[2mDefault
[22m[39m[ChatContext] Waiting for subscription to initialize
[90mstdout[2m | src/components/Section/BulkDueDateDialog.stories.jsx[2m > [22m[2mDefault
[22m[39m[SettingsContext] Setting up Settings subscription for user: mock-user-sub
[90mstdout[2m | src/components/Section/BulkDueDateDialog.stories.jsx[2m > [22m[2mDefault
[22m[39m[Mock Data] Settings created: mock-settings-1790418156749 - notified 0 subscribers
[90mstdout[2m | src/components/Section/BulkDueDateDialog.stories.jsx[2m > [22m[2mDefault
[22m[39m[Mock Data] Unit.onUpdate() subscription added. Total: 1
[90mstdout[2m | src/components/Section/BulkDueDateDialog.stories.jsx[2m > [22m[2mDefault
[22m[39m[SectionContext] Section observeQuery update: 0
[90mstdout[2m | src/components/Section/BulkDueDateDialog.stories.jsx[2m > [22m[2mDefault
[22m[39m[FilesContext] File observeQuery update: 0 files
[90mstdout[2m | src/components/Section/BulkDueDateDialog.stories.jsx[2m > [22m[2mDefault
[22m[39m[ChatContext] AssistantChat initialized with 0 chats
[90mstdout[2m | src/components/Section/BulkDueDateDialog.stories.jsx[2m > [22m[2mDefault
[22m[39m[MOCK CourseVectorStore] Initialized with mock data
[90mstdout[2m | src/components/Section/BulkDueDateDialog.stories.jsx[2m > [22m[2mDefault
[22m[39m[ChatContext] No current chat available, will create one
[90mstdout[2m | src/components/Section/BulkDueDateDialog.stories.jsx[2m > [22m[2mDefault
[22m[39m[ChatContext] Creating AssistantChat with user: undefined
[90mstdout[2m | src/components/Section/BulkDueDateDialog.stories.jsx[2m > [22m[2mDefault
[22m[39m[Mock Data] AssistantChat created: mock-assistantchat-1790418156767 - notified 1 subscribers
[90mstdout[2m | src/components/Section/BulkDueDateDialog.stories.jsx[2m > [22m[2mDefault
[22m[39m[ChatContext] Create result: {
  "data": {
    "_version": 1,
    "archived": false,
    "chatFiles": [Function anonymous],
    "createdAt": "2026-09-26T10:22:36.767Z",
    "id": "mock-assistantchat-1790418156767",
    "model": "gpt-4",
    "updatedAt": "2026-09-26T10:22:36.767Z",
  },
  "errors": [],
  "hasData": true,
  "hasErrors": true,
}
[90mstdout[2m | src/components/Section/BulkDueDateDialog.stories.jsx[2m > [22m[2mDefault
[22m[39m[ChatContext] Created AssistantChat: mock-assistantchat-1790418156767 at: 2026-09-26T10:22:36.767Z
[90mstdout[2m | src/components/Section/BulkDueDateDialog.stories.jsx[2m > [22m[2mDefault
[22m[39m[Mock Storage] downloadData called with: undefined
[90mstdout[2m | src/components/Section/BulkDueDateDialog.stories.jsx[2m > [22m[2mDefault
[22m[39m[ChatContext] Setting initial chat: mock-assistantchat-1790418156767
[90mstdout[2m | src/components/Section/BulkDueDateDialog.stories.jsx[2m > [22m[2mDefault
[22m[39m[ChatContext] Chat exists and not archived, skipping creation
[90mstdout[2m | src/components/Section/BulkDueDateDialog.stories.jsx[2m > [22m[2mNo Assignments
[22m[39m[ChatContext] Cleaning up subscriptions
[90mstdout[2m | src/components/Section/BulkDueDateDialog.stories.jsx[2m > [22m[2mNo Assignments
[22m[39m[Mock Data] Unit.onUpdate() subscription removed. Remaining: 0
[90mstdout[2m | src/components/Section/BulkDueDateDialog.stories.jsx[2m > [22m[2mNo Assignments
[22m[39m[MOCK CourseVectorStore] Initialized with mock data
[90mstdout[2m | src/components/Section/BulkDueDateDialog.stories.jsx[2m > [22m[2mNo Assignments
[22m[39m[Mock Data] seedMockAssignments: Adding 3 assignments
[90mstdout[2m | src/components/Section/BulkDueDateDialog.stories.jsx[2m > [22m[2mNo Assignments
[22m[39m[Mock Data] Total assignments in store: 3
[90mstdout[2m | src/components/Section/BulkDueDateDialog.stories.jsx[2m > [22m[2mNo Assignments
[22m[39m[TranslationModeController] Setting mode to: off
[90mstdout[2m | src/components/Section/BulkDueDateDialog.stories.jsx[2m > [22m[2mNo Assignments
[22m[39m[UnitContext] useEffect triggered {
  "authLoading": false,
  "hasUser": true,
  "id": "mock-unit-id",
  "userSub": "mock-user-sub",
}
[90mstdout[2m | src/components/Section/BulkDueDateDialog.stories.jsx[2m > [22m[2mNo Assignments
[22m[39m[UnitContext] Fetching unit data for id: mock-unit-id
[90mstdout[2m | src/components/Section/BulkDueDateDialog.stories.jsx[2m > [22m[2mNo Assignments
[22m[39m[FilesContext] Initializing vector store from IndexedDB
[90mstdout[2m | src/components/Section/BulkDueDateDialog.stories.jsx[2m > [22m[2mNo Assignments
[22m[39m[FilesContext] fetchFiles called
[90mstdout[2m | src/components/Section/BulkDueDateDialog.stories.jsx[2m > [22m[2mNo Assignments
[22m[39m[FilesContext] User authenticated: mock-user-sub
[90mstdout[2m | src/components/Section/BulkDueDateDialog.stories.jsx[2m > [22m[2mNo Assignments
[22m[39m[FilesContext] Identity ID: us-east-1:mock-identity-123
[90mstdout[2m | src/components/Section/BulkDueDateDialog.stories.jsx[2m > [22m[2mNo Assignments
[22m[39m[FilesContext] About to set up File observeQuery
[90mstdout[2m | src/components/Section/BulkDueDateDialog.stories.jsx[2m > [22m[2mNo Assignments
[22m[39m[ChatContext] Setting up AssistantChat observeQuery
[90mstdout[2m | src/components/Section/BulkDueDateDialog.stories.jsx[2m > [22m[2mNo Assignments
[22m[39m[ChatContext] Waiting for subscription to initialize
[90mstdout[2m | src/components/Section/BulkDueDateDialog.stories.jsx[2m > [22m[2mNo Assignments
[22m[39m[SettingsContext] Setting up Settings subscription for user: mock-user-sub
[90mstdout[2m | src/components/Section/BulkDueDateDialog.stories.jsx[2m > [22m[2mNo Assignments
[22m[39m[Mock Data] Settings created: mock-settings-1790418156997 - notified 0 subscribers
[90mstdout[2m | src/components/Section/BulkDueDateDialog.stories.jsx[2m > [22m[2mNo Assignments
[22m[39m[Mock Data] Unit.onUpdate() subscription added. Total: 1
[90mstdout[2m | src/components/Section/BulkDueDateDialog.stories.jsx[2m > [22m[2mNo Assignments
[22m[39m[SectionContext] Section observeQuery update: 0
[90mstdout[2m | src/components/Section/BulkDueDateDialog.stories.jsx[2m > [22m[2mNo Assignments
[22m[39m[FilesContext] File observeQuery update: 0 files
[90mstdout[2m | src/components/Section/BulkDueDateDialog.stories.jsx[2m > [22m[2mNo Assignments
[22m[39m[ChatContext] AssistantChat initialized with 0 chats
[90mstdout[2m | src/components/Section/BulkDueDateDialog.stories.jsx[2m > [22m[2mNo Assignments
[22m[39m[MOCK CourseVectorStore] Initialized with mock data
[90mstdout[2m | src/components/Section/BulkDueDateDialog.stories.jsx[2m > [22m[2mNo Assignments
[22m[39m[ChatContext] No current chat available, will create one
[90mstdout[2m | src/components/Section/BulkDueDateDialog.stories.jsx[2m > [22m[2mNo Assignments
[22m[39m[ChatContext] Creating AssistantChat with user: undefined
[90mstdout[2m | src/components/Section/BulkDueDateDialog.stories.jsx[2m > [22m[2mNo Assignments
[22m[39m[Mock Data] AssistantChat created: mock-assistantchat-1790418157013 - notified 1 subscribers
[90mstdout[2m | src/components/Section/BulkDueDateDialog.stories.jsx[2m > [22m[2mNo Assignments
[22m[39m[ChatContext] Create result: {
  "data": {
    "_version": 1,
    "archived": false,
    "chatFiles": [Function anonymous],
    "createdAt": "2026-09-26T10:22:37.013Z",
    "id": "mock-assistantchat-1790418157013",
    "model": "gpt-4",
    "updatedAt": "2026-09-26T10:22:37.013Z",
  },
  "errors": [],
  "hasData": true,
  "hasErrors": true,
}
[90mstdout[2m | src/components/Section/BulkDueDateDialog.stories.jsx[2m > [22m[2mNo Assignments
[22m[39m[ChatContext] Created AssistantChat: mock-assistantchat-1790418157013 at: 2026-09-26T10:22:37.013Z
[90mstdout[2m | src/components/Section/BulkDueDateDialog.stories.jsx[2m > [22m[2mNo Assignments
[22m[39m[Mock Storage] downloadData called with: undefined
[90mstdout[2m | src/components/Section/BulkDueDateDialog.stories.jsx[2m > [22m[2mNo Assignments
[22m[39m[ChatContext] Setting initial chat: mock-assistantchat-1790418157013
[90mstdout[2m | src/components/Section/BulkDueDateDialog.stories.jsx[2m > [22m[2mNo Assignments
[22m[39m[ChatContext] Chat exists and not archived, skipping creation
 [32m✓[39m [30m[45m storybook (chromium) [49m[39m src/components/Section/BulkDueDateDialog.stories.jsx [2m([22m[2m2 tests[22m[2m)[22m[33m 486[2mms[22m[39m
   [33m[2m✓[22m[39m Default [33m 303[2mms[22m[39m
[90mstdout[2m | unknown test
[22m[39m[MOCK vectorStoreDB.js] Module loaded - mock IndexedDB operations
[90mstdout[2m | unknown test
[22m[39m[Task Completion] DOM action listeners initialized
[90mstdout[2m | unknown test
[22m[39m[Task Completion] Auto-completion detector initialized
[90mstdout[2m | unknown test
[22m[39m[Preview] Task completion detector initialized
[90mstdout[2m | src/components/SkillTreePopupButton.stories.tsx[2m > [22m[2mDefault
[22m[39m[MOCK CourseVectorStore] Initialized with mock data
[90mstdout[2m | src/components/SkillTreePopupButton.stories.tsx[2m > [22m[2mDefault
[22m[39m[TranslationModeController] Setting mode to: off
[90mstdout[2m | src/components/SkillTreePopupButton.stories.tsx[2m > [22m[2mDefault
[22m[39m[UnitContext] useEffect triggered {
  "authLoading": false,
  "hasUser": true,
  "id": "mock-unit-id",
  "userSub": "mock-user-sub",
}
[90mstdout[2m | src/components/SkillTreePopupButton.stories.tsx[2m > [22m[2mDefault
[22m[39m[UnitContext] Fetching unit data for id: mock-unit-id
[90mstdout[2m | src/components/SkillTreePopupButton.stories.tsx[2m > [22m[2mDefault
[22m[39m[FilesContext] Initializing vector store from IndexedDB
[90mstdout[2m | src/components/SkillTreePopupButton.stories.tsx[2m > [22m[2mDefault
[22m[39m[FilesContext] fetchFiles called
[90mstdout[2m | src/components/SkillTreePopupButton.stories.tsx[2m > [22m[2mDefault
[22m[39m[FilesContext] User authenticated: mock-user-sub
[90mstdout[2m | src/components/SkillTreePopupButton.stories.tsx[2m > [22m[2mDefault
[22m[39m[FilesContext] Identity ID: us-east-1:mock-identity-123
[90mstdout[2m | src/components/SkillTreePopupButton.stories.tsx[2m > [22m[2mDefault
[22m[39m[FilesContext] About to set up File observeQuery
[90mstdout[2m | src/components/SkillTreePopupButton.stories.tsx[2m > [22m[2mDefault
[22m[39m[ChatContext] Setting up AssistantChat observeQuery
[90mstdout[2m | src/components/SkillTreePopupButton.stories.tsx[2m > [22m[2mDefault
[22m[39m[ChatContext] Waiting for subscription to initialize
[90mstdout[2m | src/components/SkillTreePopupButton.stories.tsx[2m > [22m[2mDefault
[22m[39m[SettingsContext] Setting up Settings subscription for user: mock-user-sub
[90mstdout[2m | src/components/SkillTreePopupButton.stories.tsx[2m > [22m[2mDefault
[22m[39m[Mock Data] Settings created: mock-settings-1790418157766 - notified 0 subscribers
[90mstdout[2m | src/components/SkillTreePopupButton.stories.tsx[2m > [22m[2mDefault
[22m[39m[Mock Data] Unit.onUpdate() subscription added. Total: 1
[90mstdout[2m | src/components/SkillTreePopupButton.stories.tsx[2m > [22m[2mDefault
[22m[39m[SectionContext] Section observeQuery update: 0
[90mstdout[2m | src/components/SkillTreePopupButton.stories.tsx[2m > [22m[2mDefault
[22m[39m[FilesContext] File observeQuery update: 6 files
[90mstdout[2m | src/components/SkillTreePopupButton.stories.tsx[2m > [22m[2mDefault
[22m[39m[ChatContext] AssistantChat initialized with 1 chats
[90mstdout[2m | src/components/SkillTreePopupButton.stories.tsx[2m > [22m[2mDefault
[22m[39m[ChatContext] Setting initial chat: mock-assistant-chat-1
[90mstdout[2m | src/components/SkillTreePopupButton.stories.tsx[2m > [22m[2mDefault
[22m[39m[MOCK CourseVectorStore] Initialized with mock data
[90mstdout[2m | src/components/SkillTreePopupButton.stories.tsx[2m > [22m[2mDefault
[22m[39m[FilesContext] Vector store population triggered {
  "currentVectorStoreSize": 3,
  "documentsCount": 0,
  "filesCount": 6,
  "isInitialLoad": true,
}
[90mstdout[2m | src/components/SkillTreePopupButton.stories.tsx[2m > [22m[2mDefault
[22m[39m[FilesContext] Vector store population complete - 3 total embeddings
[90mstdout[2m | src/components/SkillTreePopupButton.stories.tsx[2m > [22m[2mDefault
[22m[39m[ChatContext] Chat exists and not archived, skipping creation
[90mstdout[2m | src/components/SkillTreePopupButton.stories.tsx[2m > [22m[2mDefault
[22m[39m[Mock Storage] downloadData called with: undefined
[90mstdout[2m | src/components/SkillTreePopupButton.stories.tsx[2m > [22m[2mCustom Label
[22m[39m[ChatContext] Cleaning up subscriptions
[90mstdout[2m | src/components/SkillTreePopupButton.stories.tsx[2m > [22m[2mCustom Label
[22m[39m[Mock Data] Unit.onUpdate() subscription removed. Remaining: 0
[90mstdout[2m | src/components/SkillTreePopupButton.stories.tsx[2m > [22m[2mCustom Label
[22m[39m[MOCK CourseVectorStore] Initialized with mock data
[90mstdout[2m | src/components/SkillTreePopupButton.stories.tsx[2m > [22m[2mCustom Label
[22m[39m[TranslationModeController] Setting mode to: off
[90mstdout[2m | src/components/SkillTreePopupButton.stories.tsx[2m > [22m[2mCustom Label
[22m[39m[UnitContext] useEffect triggered {
  "authLoading": false,
  "hasUser": true,
  "id": "mock-unit-id",
  "userSub": "mock-user-sub",
}
[90mstdout[2m | src/components/SkillTreePopupButton.stories.tsx[2m > [22m[2mCustom Label
[22m[39m[UnitContext] Fetching unit data for id: mock-unit-id
[90mstdout[2m | src/components/SkillTreePopupButton.stories.tsx[2m > [22m[2mCustom Label
[22m[39m[FilesContext] Initializing vector store from IndexedDB
[90mstdout[2m | src/components/SkillTreePopupButton.stories.tsx[2m > [22m[2mCustom Label
[22m[39m[FilesContext] fetchFiles called
[90mstdout[2m | src/components/SkillTreePopupButton.stories.tsx[2m > [22m[2mCustom Label
[22m[39m[FilesContext] User authenticated: mock-user-sub
[90mstdout[2m | src/components/SkillTreePopupButton.stories.tsx[2m > [22m[2mCustom Label
[22m[39m[FilesContext] Identity ID: us-east-1:mock-identity-123
[90mstdout[2m | src/components/SkillTreePopupButton.stories.tsx[2m > [22m[2mCustom Label
[22m[39m[FilesContext] About to set up File observeQuery
[90mstdout[2m | src/components/SkillTreePopupButton.stories.tsx[2m > [22m[2mCustom Label
[22m[39m[ChatContext] Setting up AssistantChat observeQuery
[90mstdout[2m | src/components/SkillTreePopupButton.stories.tsx[2m > [22m[2mCustom Label
[22m[39m[ChatContext] Waiting for subscription to initialize
[90mstdout[2m | src/components/SkillTreePopupButton.stories.tsx[2m > [22m[2mCustom Label
[22m[39m[SettingsContext] Setting up Settings subscription for user: mock-user-sub
[90mstdout[2m | src/components/SkillTreePopupButton.stories.tsx[2m > [22m[2mCustom Label
[22m[39m[Mock Data] Settings created: mock-settings-1790418157891 - notified 0 subscribers
[90mstdout[2m | src/components/SkillTreePopupButton.stories.tsx[2m > [22m[2mCustom Label
[22m[39m[Mock Data] Unit.onUpdate() subscription added. Total: 1
[90mstdout[2m | src/components/SkillTreePopupButton.stories.tsx[2m > [22m[2mCustom Label
[22m[39m[SectionContext] Section observeQuery update: 0
[90mstdout[2m | src/components/SkillTreePopupButton.stories.tsx[2m > [22m[2mCustom Label
[22m[39m[FilesContext] File observeQuery update: 6 files
[90mstdout[2m | src/components/SkillTreePopupButton.stories.tsx[2m > [22m[2mCustom Label
[22m[39m[ChatContext] AssistantChat initialized with 1 chats
[90mstdout[2m | src/components/SkillTreePopupButton.stories.tsx[2m > [22m[2mCustom Label
[22m[39m[ChatContext] Setting initial chat: mock-assistant-chat-1
[90mstdout[2m | src/components/SkillTreePopupButton.stories.tsx[2m > [22m[2mCustom Label
[22m[39m[MOCK CourseVectorStore] Initialized with mock data
[90mstdout[2m | src/components/SkillTreePopupButton.stories.tsx[2m > [22m[2mCustom Label
[22m[39m[FilesContext] Vector store population triggered {
  "currentVectorStoreSize": 3,
  "documentsCount": 0,
  "filesCount": 6,
  "isInitialLoad": true,
}
[90mstdout[2m | src/components/SkillTreePopupButton.stories.tsx[2m > [22m[2mCustom Label
[22m[39m[FilesContext] Vector store population complete - 3 total embeddings
[90mstdout[2m | src/components/SkillTreePopupButton.stories.tsx[2m > [22m[2mCustom Label
[22m[39m[ChatContext] Chat exists and not archived, skipping creation
[90mstdout[2m | src/components/SkillTreePopupButton.stories.tsx[2m > [22m[2mCustom Label
[22m[39m[Mock Storage] downloadData called with: undefined
[90mstdout[2m | src/components/SkillTreePopupButton.stories.tsx[2m > [22m[2mInstructor Empty State
[22m[39m[ChatContext] Cleaning up subscriptions
[90mstdout[2m | src/components/SkillTreePopupButton.stories.tsx[2m > [22m[2mInstructor Empty State
[22m[39m[Mock Data] Unit.onUpdate() subscription removed. Remaining: 0
[90mstdout[2m | src/components/SkillTreePopupButton.stories.tsx[2m > [22m[2mInstructor Empty State
[22m[39m[MOCK CourseVectorStore] Initialized with mock data
[90mstdout[2m | src/components/SkillTreePopupButton.stories.tsx[2m > [22m[2mInstructor Empty State
[22m[39m[TranslationModeController] Setting mode to: off
[90mstdout[2m | src/components/SkillTreePopupButton.stories.tsx[2m > [22m[2mInstructor Empty State
[22m[39m[UnitContext] useEffect triggered {
  "authLoading": false,
  "hasUser": true,
  "id": "mock-unit-id",
  "userSub": "mock-user-sub",
}
[90mstdout[2m | src/components/SkillTreePopupButton.stories.tsx[2m > [22m[2mInstructor Empty State
[22m[39m[UnitContext] Fetching unit data for id: mock-unit-id
[90mstdout[2m | src/components/SkillTreePopupButton.stories.tsx[2m > [22m[2mInstructor Empty State
[22m[39m[FilesContext] Initializing vector store from IndexedDB
[90mstdout[2m | src/components/SkillTreePopupButton.stories.tsx[2m > [22m[2mInstructor Empty State
[22m[39m[FilesContext] fetchFiles called
[90mstdout[2m | src/components/SkillTreePopupButton.stories.tsx[2m > [22m[2mInstructor Empty State
[22m[39m[FilesContext] User authenticated: mock-user-sub
[90mstdout[2m | src/components/SkillTreePopupButton.stories.tsx[2m > [22m[2mInstructor Empty State
[22m[39m[FilesContext] Identity ID: us-east-1:mock-identity-123
[90mstdout[2m | src/components/SkillTreePopupButton.stories.tsx[2m > [22m[2mInstructor Empty State
[22m[39m[FilesContext] About to set up File observeQuery
[90mstdout[2m | src/components/SkillTreePopupButton.stories.tsx[2m > [22m[2mInstructor Empty State
[22m[39m[ChatContext] Setting up AssistantChat observeQuery
[90mstdout[2m | src/components/SkillTreePopupButton.stories.tsx[2m > [22m[2mInstructor Empty State
[22m[39m[ChatContext] Waiting for subscription to initialize
[90mstdout[2m | src/components/SkillTreePopupButton.stories.tsx[2m > [22m[2mInstructor Empty State
[22m[39m[SettingsContext] Setting up Settings subscription for user: mock-user-sub
[90mstdout[2m | src/components/SkillTreePopupButton.stories.tsx[2m > [22m[2mInstructor Empty State
[22m[39m[Mock Data] Settings created: mock-settings-1790418157995 - notified 0 subscribers
[90mstdout[2m | src/components/SkillTreePopupButton.stories.tsx[2m > [22m[2mInstructor Empty State
[22m[39m[Mock Data] Unit.onUpdate() subscription added. Total: 1
[90mstdout[2m | src/components/SkillTreePopupButton.stories.tsx[2m > [22m[2mInstructor Empty State
[22m[39m[SectionContext] Section observeQuery update: 0
[90mstdout[2m | src/components/SkillTreePopupButton.stories.tsx[2m > [22m[2mInstructor Empty State
[22m[39m[FilesContext] File observeQuery update: 6 files
[90mstdout[2m | src/components/SkillTreePopupButton.stories.tsx[2m > [22m[2mInstructor Empty State
[22m[39m[ChatContext] AssistantChat initialized with 1 chats
[90mstdout[2m | src/components/SkillTreePopupButton.stories.tsx[2m > [22m[2mInstructor Empty State
[22m[39m[ChatContext] Setting initial chat: mock-assistant-chat-1
[90mstdout[2m | src/components/SkillTreePopupButton.stories.tsx[2m > [22m[2mInstructor Empty State
[22m[39m[Mock Storage] downloadData called with: undefined
[90mstdout[2m | src/components/SkillTreePopupButton.stories.tsx[2m > [22m[2mInstructor Empty State
[22m[39m[MOCK CourseVectorStore] Initialized with mock data
[90mstdout[2m | src/components/SkillTreePopupButton.stories.tsx[2m > [22m[2mInstructor Empty State
[22m[39m[FilesContext] Vector store population triggered {
  "currentVectorStoreSize": 3,
  "documentsCount": 0,
  "filesCount": 6,
  "isInitialLoad": true,
}
[90mstdout[2m | src/components/SkillTreePopupButton.stories.tsx[2m > [22m[2mInstructor Empty State
[22m[39m[FilesContext] Vector store population complete - 3 total embeddings
[90mstdout[2m | src/components/SkillTreePopupButton.stories.tsx[2m > [22m[2mInstructor Empty State
[22m[39m[ChatContext] Chat exists and not archived, skipping creation
 [32m✓[39m [30m[45m storybook (chromium) [49m[39m src/components/SkillTreePopupButton.stories.tsx [2m([22m[2m3 tests[22m[2m)[22m[33m 332[2mms[22m[39m
[90mstdout[2m | unknown test
[22m[39m[MOCK vectorStoreDB.js] Module loaded - mock IndexedDB operations
[90mstdout[2m | unknown test
[22m[39m[Task Completion] DOM action listeners initialized
[90mstdout[2m | unknown test
[22m[39m[Task Completion] Auto-completion detector initialized
[90mstdout[2m | unknown test
[22m[39m[Preview] Task completion detector initialized
[90mstdout[2m | .storybook/components/BadgeClaimPanel.stories.tsx[2m > [22m[2mDefault
[22m[39m[MOCK CourseVectorStore] Initialized with mock data
[90mstdout[2m | .storybook/components/BadgeClaimPanel.stories.tsx[2m > [22m[2mDefault
[22m[39m[TranslationModeController] Setting mode to: off
[90mstdout[2m | .storybook/components/BadgeClaimPanel.stories.tsx[2m > [22m[2mDefault
[22m[39m[UnitContext] useEffect triggered {
  "authLoading": false,
  "hasUser": true,
  "id": "mock-unit-id",
  "userSub": "mock-user-sub",
}
[90mstdout[2m | .storybook/components/BadgeClaimPanel.stories.tsx[2m > [22m[2mDefault
[22m[39m[UnitContext] Fetching unit data for id: mock-unit-id
[90mstdout[2m | .storybook/components/BadgeClaimPanel.stories.tsx[2m > [22m[2mDefault
[22m[39m[FilesContext] Initializing vector store from IndexedDB
[90mstdout[2m | .storybook/components/BadgeClaimPanel.stories.tsx[2m > [22m[2mDefault
[22m[39m[FilesContext] fetchFiles called
[90mstdout[2m | .storybook/components/BadgeClaimPanel.stories.tsx[2m > [22m[2mDefault
[22m[39m[FilesContext] User authenticated: mock-user-sub
[90mstdout[2m | .storybook/components/BadgeClaimPanel.stories.tsx[2m > [22m[2mDefault
[22m[39m[FilesContext] Identity ID: us-east-1:mock-identity-123
[90mstdout[2m | .storybook/components/BadgeClaimPanel.stories.tsx[2m > [22m[2mDefault
[22m[39m[FilesContext] About to set up File observeQuery
[90mstdout[2m | .storybook/components/BadgeClaimPanel.stories.tsx[2m > [22m[2mDefault
[22m[39m[ChatContext] Setting up AssistantChat observeQuery
[90mstdout[2m | .storybook/components/BadgeClaimPanel.stories.tsx[2m > [22m[2mDefault
[22m[39m[ChatContext] Waiting for subscription to initialize
[90mstdout[2m | .storybook/components/BadgeClaimPanel.stories.tsx[2m > [22m[2mDefault
[22m[39m[SettingsContext] Setting up Settings subscription for user: mock-user-sub
[90mstdout[2m | .storybook/components/BadgeClaimPanel.stories.tsx[2m > [22m[2mDefault
[22m[39m[Mock Data] Settings created: mock-settings-1790418158872 - notified 0 subscribers
[90mstdout[2m | .storybook/components/BadgeClaimPanel.stories.tsx[2m > [22m[2mDefault
[22m[39m[Mock Data] Unit.onUpdate() subscription added. Total: 1
[90mstdout[2m | .storybook/components/BadgeClaimPanel.stories.tsx[2m > [22m[2mDefault
[22m[39m[SectionContext] Section observeQuery update: 0
[90mstdout[2m | .storybook/components/BadgeClaimPanel.stories.tsx[2m > [22m[2mDefault
[22m[39m[FilesContext] File observeQuery update: 6 files
[90mstdout[2m | .storybook/components/BadgeClaimPanel.stories.tsx[2m > [22m[2mDefault
[22m[39m[ChatContext] AssistantChat initialized with 1 chats
[90mstdout[2m | .storybook/components/BadgeClaimPanel.stories.tsx[2m > [22m[2mDefault
[22m[39m[ChatContext] Setting initial chat: mock-assistant-chat-1
[90mstdout[2m | .storybook/components/BadgeClaimPanel.stories.tsx[2m > [22m[2mDefault
[22m[39m[MOCK CourseVectorStore] Initialized with mock data
[90mstdout[2m | .storybook/components/BadgeClaimPanel.stories.tsx[2m > [22m[2mDefault
[22m[39m[FilesContext] Vector store population triggered {
  "currentVectorStoreSize": 3,
  "documentsCount": 0,
  "filesCount": 6,
  "isInitialLoad": true,
}
[90mstdout[2m | .storybook/components/BadgeClaimPanel.stories.tsx[2m > [22m[2mDefault
[22m[39m[FilesContext] Vector store population complete - 3 total embeddings
[90mstdout[2m | .storybook/components/BadgeClaimPanel.stories.tsx[2m > [22m[2mDefault
[22m[39m[ChatContext] Chat exists and not archived, skipping creation
[90mstdout[2m | .storybook/components/BadgeClaimPanel.stories.tsx[2m > [22m[2mDefault
[22m[39m[Mock Auth] getCurrentUser returning: {
  "attributes": {
    "email": "alice@example.com",
    "sub": "student-alice-sub",
  },
  "userId": "student-alice-sub",
  "username": "student-alice-sub",
}
[90mstdout[2m | .storybook/components/BadgeClaimPanel.stories.tsx[2m > [22m[2mDefault
[22m[39m[Mock Storage] downloadData called with: undefined
 [32m✓[39m [30m[45m storybook (chromium) [49m[39m .storybook/components/BadgeClaimPanel.stories.tsx [2m([22m[2m1 test[22m[2m)[22m[32m 252[2mms[22m[39m
[90mstdout[2m | unknown test
[22m[39m[MOCK vectorStoreDB.js] Module loaded - mock IndexedDB operations
[90mstdout[2m | unknown test
[22m[39m[Task Completion] DOM action listeners initialized
[90mstdout[2m | unknown test
[22m[39m[Task Completion] Auto-completion detector initialized
[90mstdout[2m | unknown test
[22m[39m[Preview] Task completion detector initialized
[90mstdout[2m | src/components/Gamification/ContentUnlockAnimation.stories.tsx[2m > [22m[2mPlaying
[22m[39m[MOCK CourseVectorStore] Initialized with mock data
[90mstdout[2m | src/components/Gamification/ContentUnlockAnimation.stories.tsx[2m > [22m[2mPlaying
[22m[39m[TranslationModeController] Setting mode to: off
[90mstdout[2m | src/components/Gamification/ContentUnlockAnimation.stories.tsx[2m > [22m[2mPlaying
[22m[39m[UnitContext] useEffect triggered {
  "authLoading": false,
  "hasUser": true,
  "id": "mock-unit-id",
  "userSub": "mock-user-sub",
}
[90mstdout[2m | src/components/Gamification/ContentUnlockAnimation.stories.tsx[2m > [22m[2mPlaying
[22m[39m[UnitContext] Fetching unit data for id: mock-unit-id
[90mstdout[2m | src/components/Gamification/ContentUnlockAnimation.stories.tsx[2m > [22m[2mPlaying
[22m[39m[FilesContext] Initializing vector store from IndexedDB
[90mstdout[2m | src/components/Gamification/ContentUnlockAnimation.stories.tsx[2m > [22m[2mPlaying
[22m[39m[FilesContext] fetchFiles called
[90mstdout[2m | src/components/Gamification/ContentUnlockAnimation.stories.tsx[2m > [22m[2mPlaying
[22m[39m[FilesContext] User authenticated: mock-user-sub
[90mstdout[2m | src/components/Gamification/ContentUnlockAnimation.stories.tsx[2m > [22m[2mPlaying
[22m[39m[FilesContext] Identity ID: us-east-1:mock-identity-123
[90mstdout[2m | src/components/Gamification/ContentUnlockAnimation.stories.tsx[2m > [22m[2mPlaying
[22m[39m[FilesContext] About to set up File observeQuery
[90mstdout[2m | src/components/Gamification/ContentUnlockAnimation.stories.tsx[2m > [22m[2mPlaying
[22m[39m[ChatContext] Setting up AssistantChat observeQuery
[90mstdout[2m | src/components/Gamification/ContentUnlockAnimation.stories.tsx[2m > [22m[2mPlaying
[22m[39m[ChatContext] Waiting for subscription to initialize
[90mstdout[2m | src/components/Gamification/ContentUnlockAnimation.stories.tsx[2m > [22m[2mPlaying
[22m[39m[SettingsContext] Setting up Settings subscription for user: mock-user-sub
[90mstdout[2m | src/components/Gamification/ContentUnlockAnimation.stories.tsx[2m > [22m[2mPlaying
[22m[39m[Mock Data] Settings created: mock-settings-1790418159750 - notified 0 subscribers
[90mstdout[2m | src/components/Gamification/ContentUnlockAnimation.stories.tsx[2m > [22m[2mPlaying
[22m[39m[Mock Data] Unit.onUpdate() subscription added. Total: 1
[90mstdout[2m | src/components/Gamification/ContentUnlockAnimation.stories.tsx[2m > [22m[2mPlaying
[22m[39m[SectionContext] Section observeQuery update: 0
[90mstdout[2m | src/components/Gamification/ContentUnlockAnimation.stories.tsx[2m > [22m[2mPlaying
[22m[39m[FilesContext] File observeQuery update: 6 files
[90mstdout[2m | src/components/Gamification/ContentUnlockAnimation.stories.tsx[2m > [22m[2mPlaying
[22m[39m[ChatContext] AssistantChat initialized with 1 chats
[90mstdout[2m | src/components/Gamification/ContentUnlockAnimation.stories.tsx[2m > [22m[2mPlaying
[22m[39m[ChatContext] Setting initial chat: mock-assistant-chat-1
[90mstdout[2m | src/components/Gamification/ContentUnlockAnimation.stories.tsx[2m > [22m[2mPlaying
[22m[39m[MOCK CourseVectorStore] Initialized with mock data
[90mstdout[2m | src/components/Gamification/ContentUnlockAnimation.stories.tsx[2m > [22m[2mPlaying
[22m[39m[FilesContext] Vector store population triggered {
  "currentVectorStoreSize": 3,
  "documentsCount": 0,
  "filesCount": 6,
  "isInitialLoad": true,
}
[90mstdout[2m | src/components/Gamification/ContentUnlockAnimation.stories.tsx[2m > [22m[2mPlaying
[22m[39m[FilesContext] Vector store population complete - 3 total embeddings
[90mstdout[2m | src/components/Gamification/ContentUnlockAnimation.stories.tsx[2m > [22m[2mPlaying
[22m[39m[ChatContext] Chat exists and not archived, skipping creation
[90mstdout[2m | src/components/Gamification/ContentUnlockAnimation.stories.tsx[2m > [22m[2mPlaying
[22m[39m[Mock Storage] downloadData called with: undefined
[90mstdout[2m | src/components/Gamification/ContentUnlockAnimation.stories.tsx[2m > [22m[2mIdle
[22m[39m[ChatContext] Cleaning up subscriptions
[90mstdout[2m | src/components/Gamification/ContentUnlockAnimation.stories.tsx[2m > [22m[2mIdle
[22m[39m[Mock Data] Unit.onUpdate() subscription removed. Remaining: 0
[90mstdout[2m | src/components/Gamification/ContentUnlockAnimation.stories.tsx[2m > [22m[2mIdle
[22m[39m[MOCK CourseVectorStore] Initialized with mock data
[90mstdout[2m | src/components/Gamification/ContentUnlockAnimation.stories.tsx[2m > [22m[2mIdle
[22m[39m[TranslationModeController] Setting mode to: off
[90mstdout[2m | src/components/Gamification/ContentUnlockAnimation.stories.tsx[2m > [22m[2mIdle
[22m[39m[UnitContext] useEffect triggered {
  "authLoading": false,
  "hasUser": true,
  "id": "mock-unit-id",
  "userSub": "mock-user-sub",
}
[90mstdout[2m | src/components/Gamification/ContentUnlockAnimation.stories.tsx[2m > [22m[2mIdle
[22m[39m[UnitContext] Fetching unit data for id: mock-unit-id
[90mstdout[2m | src/components/Gamification/ContentUnlockAnimation.stories.tsx[2m > [22m[2mIdle
[22m[39m[FilesContext] Initializing vector store from IndexedDB
[90mstdout[2m | src/components/Gamification/ContentUnlockAnimation.stories.tsx[2m > [22m[2mIdle
[22m[39m[FilesContext] fetchFiles called
[90mstdout[2m | src/components/Gamification/ContentUnlockAnimation.stories.tsx[2m > [22m[2mIdle
[22m[39m[FilesContext] User authenticated: mock-user-sub
[90mstdout[2m | src/components/Gamification/ContentUnlockAnimation.stories.tsx[2m > [22m[2mIdle
[22m[39m[FilesContext] Identity ID: us-east-1:mock-identity-123
[90mstdout[2m | src/components/Gamification/ContentUnlockAnimation.stories.tsx[2m > [22m[2mIdle
[22m[39m[FilesContext] About to set up File observeQuery
[90mstdout[2m | src/components/Gamification/ContentUnlockAnimation.stories.tsx[2m > [22m[2mIdle
[22m[39m[ChatContext] Setting up AssistantChat observeQuery
[90mstdout[2m | src/components/Gamification/ContentUnlockAnimation.stories.tsx[2m > [22m[2mIdle
[22m[39m[ChatContext] Waiting for subscription to initialize
[90mstdout[2m | src/components/Gamification/ContentUnlockAnimation.stories.tsx[2m > [22m[2mIdle
[22m[39m[SettingsContext] Setting up Settings subscription for user: mock-user-sub
[90mstdout[2m | src/components/Gamification/ContentUnlockAnimation.stories.tsx[2m > [22m[2mIdle
[22m[39m[Mock Data] Settings created: mock-settings-1790418160468 - notified 0 subscribers
[90mstdout[2m | src/components/Gamification/ContentUnlockAnimation.stories.tsx[2m > [22m[2mIdle
[22m[39m[Mock Data] Unit.onUpdate() subscription added. Total: 1
[90mstdout[2m | src/components/Gamification/ContentUnlockAnimation.stories.tsx[2m > [22m[2mIdle
[22m[39m[SectionContext] Section observeQuery update: 0
[90mstdout[2m | src/components/Gamification/ContentUnlockAnimation.stories.tsx[2m > [22m[2mIdle
[22m[39m[Mock Storage] downloadData called with: undefined
[90mstdout[2m | src/components/Gamification/ContentUnlockAnimation.stories.tsx[2m > [22m[2mIdle
[22m[39m[FilesContext] File observeQuery update: 6 files
[90mstdout[2m | src/components/Gamification/ContentUnlockAnimation.stories.tsx[2m > [22m[2mIdle
[22m[39m[ChatContext] AssistantChat initialized with 1 chats
[90mstdout[2m | src/components/Gamification/ContentUnlockAnimation.stories.tsx[2m > [22m[2mIdle
[22m[39m[ChatContext] Setting initial chat: mock-assistant-chat-1
[90mstdout[2m | src/components/Gamification/ContentUnlockAnimation.stories.tsx[2m > [22m[2mIdle
[22m[39m[MOCK CourseVectorStore] Initialized with mock data
[90mstdout[2m | src/components/Gamification/ContentUnlockAnimation.stories.tsx[2m > [22m[2mIdle
[22m[39m[FilesContext] Vector store population triggered {
  "currentVectorStoreSize": 3,
  "documentsCount": 0,
  "filesCount": 6,
  "isInitialLoad": true,
}
[90mstdout[2m | src/components/Gamification/ContentUnlockAnimation.stories.tsx[2m > [22m[2mIdle
[22m[39m[FilesContext] Vector store population complete - 3 total embeddings
[90mstdout[2m | src/components/Gamification/ContentUnlockAnimation.stories.tsx[2m > [22m[2mIdle
[22m[39m[ChatContext] Chat exists and not archived, skipping creation
 [32m✓[39m [30m[45m storybook (chromium) [49m[39m src/components/Gamification/ContentUnlockAnimation.stories.tsx [2m([22m[2m2 tests[22m[2m)[22m[33m 856[2mms[22m[39m
   [33m[2m✓[22m[39m Playing [33m 721[2mms[22m[39m
[90mstdout[2m | unknown test
[22m[39m[MOCK vectorStoreDB.js] Module loaded - mock IndexedDB operations
[90mstdout[2m | unknown test
[22m[39m[Task Completion] DOM action listeners initialized
[90mstdout[2m | unknown test
[22m[39m[Task Completion] Auto-completion detector initialized
[90mstdout[2m | unknown test
[22m[39m[Preview] Task completion detector initialized
[90mstdout[2m | src/components/Editor3/plugins/AIContentCompletionPlugin.stories.jsx[2m > [22m[2mEmpty Editor
[22m[39m[Preview] Skipped initializing default mock data (initializeMockData=false)
[90mstdout[2m | src/components/Editor3/plugins/AIContentCompletionPlugin.stories.jsx[2m > [22m[2mEmpty Editor
[22m[39m[Mock Data] seedMockUnit: Adding unit ai-completion-story-unit
[90mstdout[2m | src/components/Editor3/plugins/AIContentCompletionPlugin.stories.jsx[2m > [22m[2mEmpty Editor
[22m[39m[MOCK CourseVectorStore] Initialized with mock data
[90mstdout[2m | src/components/Editor3/plugins/AIContentCompletionPlugin.stories.jsx[2m > [22m[2mEmpty Editor
[22m[39m[TranslationModeController] Setting mode to: off
[90mstdout[2m | src/components/Editor3/plugins/AIContentCompletionPlugin.stories.jsx[2m > [22m[2mEmpty Editor
[22m[39m[UnitContext] useEffect triggered {
  "authLoading": false,
  "hasUser": true,
  "id": "ai-completion-story-unit",
  "userSub": "mock-user-sub",
}
[90mstdout[2m | src/components/Editor3/plugins/AIContentCompletionPlugin.stories.jsx[2m > [22m[2mEmpty Editor
[22m[39m[UnitContext] Fetching unit data for id: ai-completion-story-unit
[90mstdout[2m | src/components/Editor3/plugins/AIContentCompletionPlugin.stories.jsx[2m > [22m[2mEmpty Editor
[22m[39m[FilesContext] Initializing vector store from IndexedDB
[90mstdout[2m | src/components/Editor3/plugins/AIContentCompletionPlugin.stories.jsx[2m > [22m[2mEmpty Editor
[22m[39m[FilesContext] fetchFiles called
[90mstdout[2m | src/components/Editor3/plugins/AIContentCompletionPlugin.stories.jsx[2m > [22m[2mEmpty Editor
[22m[39m[FilesContext] User authenticated: mock-user-sub
[90mstdout[2m | src/components/Editor3/plugins/AIContentCompletionPlugin.stories.jsx[2m > [22m[2mEmpty Editor
[22m[39m[FilesContext] Identity ID: us-east-1:mock-identity-123
[90mstdout[2m | src/components/Editor3/plugins/AIContentCompletionPlugin.stories.jsx[2m > [22m[2mEmpty Editor
[22m[39m[FilesContext] About to set up File observeQuery
[90mstdout[2m | src/components/Editor3/plugins/AIContentCompletionPlugin.stories.jsx[2m > [22m[2mEmpty Editor
[22m[39m[ChatContext] Setting up AssistantChat observeQuery
[90mstdout[2m | src/components/Editor3/plugins/AIContentCompletionPlugin.stories.jsx[2m > [22m[2mEmpty Editor
[22m[39m[ChatContext] Waiting for subscription to initialize
[90mstdout[2m | src/components/Editor3/plugins/AIContentCompletionPlugin.stories.jsx[2m > [22m[2mEmpty Editor
[22m[39m[SettingsContext] Setting up Settings subscription for user: mock-user-sub
[90mstdout[2m | src/components/Editor3/plugins/AIContentCompletionPlugin.stories.jsx[2m > [22m[2mEmpty Editor
[22m[39m[Mock Data] Settings created: mock-settings-1790418161257 - notified 0 subscribers
[90mstdout[2m | src/components/Editor3/plugins/AIContentCompletionPlugin.stories.jsx[2m > [22m[2mEmpty Editor
[22m[39m[Mock Data] Unit.onUpdate() subscription added. Total: 1
[90mstdout[2m | src/components/Editor3/plugins/AIContentCompletionPlugin.stories.jsx[2m > [22m[2mEmpty Editor
[22m[39m[SectionContext] Section observeQuery update: 0
[90mstdout[2m | src/components/Editor3/plugins/AIContentCompletionPlugin.stories.jsx[2m > [22m[2mEmpty Editor
[22m[39m[FilesContext] File observeQuery update: 0 files
[90mstdout[2m | src/components/Editor3/plugins/AIContentCompletionPlugin.stories.jsx[2m > [22m[2mEmpty Editor
[22m[39m[ChatContext] AssistantChat initialized with 0 chats
[90mstdout[2m | src/components/Editor3/plugins/AIContentCompletionPlugin.stories.jsx[2m > [22m[2mEmpty Editor
[22m[39m[MOCK CourseVectorStore] Initialized with mock data
[90mstdout[2m | src/components/Editor3/plugins/AIContentCompletionPlugin.stories.jsx[2m > [22m[2mEmpty Editor
[22m[39m[ChatContext] No current chat available, will create one
[90mstdout[2m | src/components/Editor3/plugins/AIContentCompletionPlugin.stories.jsx[2m > [22m[2mEmpty Editor
[22m[39m[ChatContext] Creating AssistantChat with user: undefined
[90mstdout[2m | src/components/Editor3/plugins/AIContentCompletionPlugin.stories.jsx[2m > [22m[2mEmpty Editor
[22m[39m[Mock Data] AssistantChat created: mock-assistantchat-1790418161268 - notified 1 subscribers
[90mstdout[2m | src/components/Editor3/plugins/AIContentCompletionPlugin.stories.jsx[2m > [22m[2mEmpty Editor
[22m[39m[ChatContext] Create result: {
  "data": {
    "_version": 1,
    "archived": false,
    "chatFiles": [Function anonymous],
    "createdAt": "2026-09-26T10:22:41.268Z",
    "id": "mock-assistantchat-1790418161268",
    "model": "gpt-4",
    "updatedAt": "2026-09-26T10:22:41.268Z",
  },
  "errors": [],
  "hasData": true,
  "hasErrors": true,
}
[90mstdout[2m | src/components/Editor3/plugins/AIContentCompletionPlugin.stories.jsx[2m > [22m[2mEmpty Editor
[22m[39m[ChatContext] Created AssistantChat: mock-assistantchat-1790418161268 at: 2026-09-26T10:22:41.268Z
[90mstdout[2m | src/components/Editor3/plugins/AIContentCompletionPlugin.stories.jsx[2m > [22m[2mEmpty Editor
[22m[39m[Mock Storage] downloadData called with: undefined
[90mstdout[2m | src/components/Editor3/plugins/AIContentCompletionPlugin.stories.jsx[2m > [22m[2mEmpty Editor
[22m[39m[ChatContext] Setting initial chat: mock-assistantchat-1790418161268
[90mstdout[2m | src/components/Editor3/plugins/AIContentCompletionPlugin.stories.jsx[2m > [22m[2mEmpty Editor
[22m[39m[ChatContext] Chat exists and not archived, skipping creation
[90mstdout[2m | src/components/Editor3/plugins/AIContentCompletionPlugin.stories.jsx[2m > [22m[2mPartial Explanation
[22m[39m[ChatContext] Cleaning up subscriptions
[90mstdout[2m | src/components/Editor3/plugins/AIContentCompletionPlugin.stories.jsx[2m > [22m[2mPartial Explanation
[22m[39m[Mock Data] Unit.onUpdate() subscription removed. Remaining: 0
[90mstdout[2m | src/components/Editor3/plugins/AIContentCompletionPlugin.stories.jsx[2m > [22m[2mPartial Explanation
[22m[39m[Preview] Skipped initializing default mock data (initializeMockData=false)
[90mstdout[2m | src/components/Editor3/plugins/AIContentCompletionPlugin.stories.jsx[2m > [22m[2mPartial Explanation
[22m[39m[Mock Data] seedMockUnit: Adding unit ai-completion-story-unit
[90mstdout[2m | src/components/Editor3/plugins/AIContentCompletionPlugin.stories.jsx[2m > [22m[2mPartial Explanation
[22m[39m[MOCK CourseVectorStore] Initialized with mock data
[90mstdout[2m | src/components/Editor3/plugins/AIContentCompletionPlugin.stories.jsx[2m > [22m[2mPartial Explanation
[22m[39m[TranslationModeController] Setting mode to: off
[90mstdout[2m | src/components/Editor3/plugins/AIContentCompletionPlugin.stories.jsx[2m > [22m[2mPartial Explanation
[22m[39m[UnitContext] useEffect triggered {
  "authLoading": false,
  "hasUser": true,
  "id": "ai-completion-story-unit",
  "userSub": "mock-user-sub",
}
[90mstdout[2m | src/components/Editor3/plugins/AIContentCompletionPlugin.stories.jsx[2m > [22m[2mPartial Explanation
[22m[39m[UnitContext] Fetching unit data for id: ai-completion-story-unit
[90mstdout[2m | src/components/Editor3/plugins/AIContentCompletionPlugin.stories.jsx[2m > [22m[2mPartial Explanation
[22m[39m[FilesContext] Initializing vector store from IndexedDB
[90mstdout[2m | src/components/Editor3/plugins/AIContentCompletionPlugin.stories.jsx[2m > [22m[2mPartial Explanation
[22m[39m[FilesContext] fetchFiles called
[90mstdout[2m | src/components/Editor3/plugins/AIContentCompletionPlugin.stories.jsx[2m > [22m[2mPartial Explanation
[22m[39m[FilesContext] User authenticated: mock-user-sub
[90mstdout[2m | src/components/Editor3/plugins/AIContentCompletionPlugin.stories.jsx[2m > [22m[2mPartial Explanation
[22m[39m[FilesContext] Identity ID: us-east-1:mock-identity-123
[90mstdout[2m | src/components/Editor3/plugins/AIContentCompletionPlugin.stories.jsx[2m > [22m[2mPartial Explanation
[22m[39m[FilesContext] About to set up File observeQuery
[90mstdout[2m | src/components/Editor3/plugins/AIContentCompletionPlugin.stories.jsx[2m > [22m[2mPartial Explanation
[22m[39m[ChatContext] Setting up AssistantChat observeQuery
[90mstdout[2m | src/components/Editor3/plugins/AIContentCompletionPlugin.stories.jsx[2m > [22m[2mPartial Explanation
[22m[39m[ChatContext] Waiting for subscription to initialize
[90mstdout[2m | src/components/Editor3/plugins/AIContentCompletionPlugin.stories.jsx[2m > [22m[2mPartial Explanation
[22m[39m[SettingsContext] Setting up Settings subscription for user: mock-user-sub
[90mstdout[2m | src/components/Editor3/plugins/AIContentCompletionPlugin.stories.jsx[2m > [22m[2mPartial Explanation
[22m[39m[Mock Data] Settings created: mock-settings-1790418161432 - notified 0 subscribers
[90mstdout[2m | src/components/Editor3/plugins/AIContentCompletionPlugin.stories.jsx[2m > [22m[2mPartial Explanation
[22m[39m[Mock Data] Unit.onUpdate() subscription added. Total: 1
[90mstdout[2m | src/components/Editor3/plugins/AIContentCompletionPlugin.stories.jsx[2m > [22m[2mPartial Explanation
[22m[39m[SectionContext] Section observeQuery update: 0
[90mstdout[2m | src/components/Editor3/plugins/AIContentCompletionPlugin.stories.jsx[2m > [22m[2mPartial Explanation
[22m[39m[FilesContext] File observeQuery update: 0 files
[90mstdout[2m | src/components/Editor3/plugins/AIContentCompletionPlugin.stories.jsx[2m > [22m[2mPartial Explanation
[22m[39m[ChatContext] AssistantChat initialized with 0 chats
[90mstdout[2m | src/components/Editor3/plugins/AIContentCompletionPlugin.stories.jsx[2m > [22m[2mPartial Explanation
[22m[39m[Mock Storage] downloadData called with: undefined
[90mstdout[2m | src/components/Editor3/plugins/AIContentCompletionPlugin.stories.jsx[2m > [22m[2mPartial Explanation
[22m[39m[MOCK CourseVectorStore] Initialized with mock data
[90mstdout[2m | src/components/Editor3/plugins/AIContentCompletionPlugin.stories.jsx[2m > [22m[2mPartial Explanation
[22m[39m[ChatContext] No current chat available, will create one
[90mstdout[2m | src/components/Editor3/plugins/AIContentCompletionPlugin.stories.jsx[2m > [22m[2mPartial Explanation
[22m[39m[ChatContext] Creating AssistantChat with user: undefined
[90mstdout[2m | src/components/Editor3/plugins/AIContentCompletionPlugin.stories.jsx[2m > [22m[2mPartial Explanation
[22m[39m[Mock Data] AssistantChat created: mock-assistantchat-1790418161446 - notified 1 subscribers
[90mstdout[2m | src/components/Editor3/plugins/AIContentCompletionPlugin.stories.jsx[2m > [22m[2mPartial Explanation
[22m[39m[ChatContext] Create result: {
  "data": {
    "_version": 1,
    "archived": false,
    "chatFiles": [Function anonymous],
    "createdAt": "2026-09-26T10:22:41.446Z",
    "id": "mock-assistantchat-1790418161446",
    "model": "gpt-4",
    "updatedAt": "2026-09-26T10:22:41.446Z",
  },
  "errors": [],
  "hasData": true,
  "hasErrors": true,
}
[90mstdout[2m | src/components/Editor3/plugins/AIContentCompletionPlugin.stories.jsx[2m > [22m[2mPartial Explanation
[22m[39m[ChatContext] Created AssistantChat: mock-assistantchat-1790418161446 at: 2026-09-26T10:22:41.446Z
[90mstdout[2m | src/components/Editor3/plugins/AIContentCompletionPlugin.stories.jsx[2m > [22m[2mPartial Explanation
[22m[39m[ChatContext] Setting initial chat: mock-assistantchat-1790418161446
[90mstdout[2m | src/components/Editor3/plugins/AIContentCompletionPlugin.stories.jsx[2m > [22m[2mPartial Explanation
[22m[39m[ChatContext] Chat exists and not archived, skipping creation
[90mstdout[2m | src/components/Editor3/plugins/AIContentCompletionPlugin.stories.jsx[2m > [22m[2mMid Lesson
[22m[39m[ChatContext] Cleaning up subscriptions
[90mstdout[2m | src/components/Editor3/plugins/AIContentCompletionPlugin.stories.jsx[2m > [22m[2mMid Lesson
[22m[39m[Mock Data] Unit.onUpdate() subscription removed. Remaining: 0
[90mstdout[2m | src/components/Editor3/plugins/AIContentCompletionPlugin.stories.jsx[2m > [22m[2mMid Lesson
[22m[39m[Preview] Skipped initializing default mock data (initializeMockData=false)
[90mstdout[2m | src/components/Editor3/plugins/AIContentCompletionPlugin.stories.jsx[2m > [22m[2mMid Lesson
[22m[39m[Mock Data] seedMockUnit: Adding unit ai-completion-story-unit
[90mstdout[2m | src/components/Editor3/plugins/AIContentCompletionPlugin.stories.jsx[2m > [22m[2mMid Lesson
[22m[39m[MOCK CourseVectorStore] Initialized with mock data
[90mstdout[2m | src/components/Editor3/plugins/AIContentCompletionPlugin.stories.jsx[2m > [22m[2mMid Lesson
[22m[39m[TranslationModeController] Setting mode to: off
[90mstdout[2m | src/components/Editor3/plugins/AIContentCompletionPlugin.stories.jsx[2m > [22m[2mMid Lesson
[22m[39m[UnitContext] useEffect triggered {
  "authLoading": false,
  "hasUser": true,
  "id": "ai-completion-story-unit",
  "userSub": "mock-user-sub",
}
[90mstdout[2m | src/components/Editor3/plugins/AIContentCompletionPlugin.stories.jsx[2m > [22m[2mMid Lesson
[22m[39m[UnitContext] Fetching unit data for id: ai-completion-story-unit
[90mstdout[2m | src/components/Editor3/plugins/AIContentCompletionPlugin.stories.jsx[2m > [22m[2mMid Lesson
[22m[39m[FilesContext] Initializing vector store from IndexedDB
[90mstdout[2m | src/components/Editor3/plugins/AIContentCompletionPlugin.stories.jsx[2m > [22m[2mMid Lesson
[22m[39m[FilesContext] fetchFiles called
[90mstdout[2m | src/components/Editor3/plugins/AIContentCompletionPlugin.stories.jsx[2m > [22m[2mMid Lesson
[22m[39m[FilesContext] User authenticated: mock-user-sub
[90mstdout[2m | src/components/Editor3/plugins/AIContentCompletionPlugin.stories.jsx[2m > [22m[2mMid Lesson
[22m[39m[FilesContext] Identity ID: us-east-1:mock-identity-123
[90mstdout[2m | src/components/Editor3/plugins/AIContentCompletionPlugin.stories.jsx[2m > [22m[2mMid Lesson
[22m[39m[FilesContext] About to set up File observeQuery
[90mstdout[2m | src/components/Editor3/plugins/AIContentCompletionPlugin.stories.jsx[2m > [22m[2mMid Lesson
[22m[39m[ChatContext] Setting up AssistantChat observeQuery
[90mstdout[2m | src/components/Editor3/plugins/AIContentCompletionPlugin.stories.jsx[2m > [22m[2mMid Lesson
[22m[39m[ChatContext] Waiting for subscription to initialize
[90mstdout[2m | src/components/Editor3/plugins/AIContentCompletionPlugin.stories.jsx[2m > [22m[2mMid Lesson
[22m[39m[SettingsContext] Setting up Settings subscription for user: mock-user-sub
[90mstdout[2m | src/components/Editor3/plugins/AIContentCompletionPlugin.stories.jsx[2m > [22m[2mMid Lesson
[22m[39m[Mock Data] Settings created: mock-settings-1790418161626 - notified 0 subscribers
[90mstdout[2m | src/components/Editor3/plugins/AIContentCompletionPlugin.stories.jsx[2m > [22m[2mMid Lesson
[22m[39m[Mock Data] Unit.onUpdate() subscription added. Total: 1
[90mstdout[2m | src/components/Editor3/plugins/AIContentCompletionPlugin.stories.jsx[2m > [22m[2mMid Lesson
[22m[39m[SectionContext] Section observeQuery update: 0
[90mstdout[2m | src/components/Editor3/plugins/AIContentCompletionPlugin.stories.jsx[2m > [22m[2mMid Lesson
[22m[39m[FilesContext] File observeQuery update: 0 files
[90mstdout[2m | src/components/Editor3/plugins/AIContentCompletionPlugin.stories.jsx[2m > [22m[2mMid Lesson
[22m[39m[ChatContext] AssistantChat initialized with 0 chats
[90mstdout[2m | src/components/Editor3/plugins/AIContentCompletionPlugin.stories.jsx[2m > [22m[2mMid Lesson
[22m[39m[Mock Storage] downloadData called with: undefined
[90mstdout[2m | src/components/Editor3/plugins/AIContentCompletionPlugin.stories.jsx[2m > [22m[2mMid Lesson
[22m[39m[MOCK CourseVectorStore] Initialized with mock data
[90mstdout[2m | src/components/Editor3/plugins/AIContentCompletionPlugin.stories.jsx[2m > [22m[2mMid Lesson
[22m[39m[ChatContext] No current chat available, will create one
[90mstdout[2m | src/components/Editor3/plugins/AIContentCompletionPlugin.stories.jsx[2m > [22m[2mMid Lesson
[22m[39m[ChatContext] Creating AssistantChat with user: undefined
[90mstdout[2m | src/components/Editor3/plugins/AIContentCompletionPlugin.stories.jsx[2m > [22m[2mMid Lesson
[22m[39m[Mock Data] AssistantChat created: mock-assistantchat-1790418161639 - notified 1 subscribers
[90mstdout[2m | src/components/Editor3/plugins/AIContentCompletionPlugin.stories.jsx[2m > [22m[2mMid Lesson
[22m[39m[ChatContext] Create result: {
  "data": {
    "_version": 1,
    "archived": false,
    "chatFiles": [Function anonymous],
    "createdAt": "2026-09-26T10:22:41.639Z",
    "id": "mock-assistantchat-1790418161639",
    "model": "gpt-4",
    "updatedAt": "2026-09-26T10:22:41.639Z",
  },
  "errors": [],
  "hasData": true,
  "hasErrors": true,
}
[90mstdout[2m | src/components/Editor3/plugins/AIContentCompletionPlugin.stories.jsx[2m > [22m[2mMid Lesson
[22m[39m[ChatContext] Created AssistantChat: mock-assistantchat-1790418161639 at: 2026-09-26T10:22:41.639Z
[90mstdout[2m | src/components/Editor3/plugins/AIContentCompletionPlugin.stories.jsx[2m > [22m[2mMid Lesson
[22m[39m[ChatContext] Setting initial chat: mock-assistantchat-1790418161639
[90mstdout[2m | src/components/Editor3/plugins/AIContentCompletionPlugin.stories.jsx[2m > [22m[2mMid Lesson
[22m[39m[ChatContext] Chat exists and not archived, skipping creation
[90mstdout[2m | src/components/Editor3/plugins/AIContentCompletionPlugin.stories.jsx[2m > [22m[2mStreaming Demo
[22m[39m[ChatContext] Cleaning up subscriptions
[90mstdout[2m | src/components/Editor3/plugins/AIContentCompletionPlugin.stories.jsx[2m > [22m[2mStreaming Demo
[22m[39m[Mock Data] Unit.onUpdate() subscription removed. Remaining: 0
[90mstdout[2m | src/components/Editor3/plugins/AIContentCompletionPlugin.stories.jsx[2m > [22m[2mStreaming Demo
[22m[39m[Preview] Skipped initializing default mock data (initializeMockData=false)
[90mstdout[2m | src/components/Editor3/plugins/AIContentCompletionPlugin.stories.jsx[2m > [22m[2mStreaming Demo
[22m[39m[Mock Data] seedMockUnit: Adding unit ai-completion-story-unit
[90mstdout[2m | src/components/Editor3/plugins/AIContentCompletionPlugin.stories.jsx[2m > [22m[2mStreaming Demo
[22m[39m[MOCK CourseVectorStore] Initialized with mock data
[90mstdout[2m | src/components/Editor3/plugins/AIContentCompletionPlugin.stories.jsx[2m > [22m[2mStreaming Demo
[22m[39m[TranslationModeController] Setting mode to: off
[90mstdout[2m | src/components/Editor3/plugins/AIContentCompletionPlugin.stories.jsx[2m > [22m[2mStreaming Demo
[22m[39m[UnitContext] useEffect triggered {
  "authLoading": false,
  "hasUser": true,
  "id": "ai-completion-story-unit",
  "userSub": "mock-user-sub",
}
[90mstdout[2m | src/components/Editor3/plugins/AIContentCompletionPlugin.stories.jsx[2m > [22m[2mStreaming Demo
[22m[39m[UnitContext] Fetching unit data for id: ai-completion-story-unit
[90mstdout[2m | src/components/Editor3/plugins/AIContentCompletionPlugin.stories.jsx[2m > [22m[2mStreaming Demo
[22m[39m[FilesContext] Initializing vector store from IndexedDB
[90mstdout[2m | src/components/Editor3/plugins/AIContentCompletionPlugin.stories.jsx[2m > [22m[2mStreaming Demo
[22m[39m[FilesContext] fetchFiles called
[90mstdout[2m | src/components/Editor3/plugins/AIContentCompletionPlugin.stories.jsx[2m > [22m[2mStreaming Demo
[22m[39m[FilesContext] User authenticated: mock-user-sub
[90mstdout[2m | src/components/Editor3/plugins/AIContentCompletionPlugin.stories.jsx[2m > [22m[2mStreaming Demo
[22m[39m[FilesContext] Identity ID: us-east-1:mock-identity-123
[90mstdout[2m | src/components/Editor3/plugins/AIContentCompletionPlugin.stories.jsx[2m > [22m[2mStreaming Demo
[22m[39m[FilesContext] About to set up File observeQuery
[90mstdout[2m | src/components/Editor3/plugins/AIContentCompletionPlugin.stories.jsx[2m > [22m[2mStreaming Demo
[22m[39m[ChatContext] Setting up AssistantChat observeQuery
[90mstdout[2m | src/components/Editor3/plugins/AIContentCompletionPlugin.stories.jsx[2m > [22m[2mStreaming Demo
[22m[39m[ChatContext] Waiting for subscription to initialize
[90mstdout[2m | src/components/Editor3/plugins/AIContentCompletionPlugin.stories.jsx[2m > [22m[2mStreaming Demo
[22m[39m[SettingsContext] Setting up Settings subscription for user: mock-user-sub
[90mstdout[2m | src/components/Editor3/plugins/AIContentCompletionPlugin.stories.jsx[2m > [22m[2mStreaming Demo
[22m[39m[Mock Data] Settings created: mock-settings-1790418161960 - notified 0 subscribers
[90mstdout[2m | src/components/Editor3/plugins/AIContentCompletionPlugin.stories.jsx[2m > [22m[2mStreaming Demo
[22m[39m[Mock Data] Unit.onUpdate() subscription added. Total: 1
[90mstdout[2m | src/components/Editor3/plugins/AIContentCompletionPlugin.stories.jsx[2m > [22m[2mStreaming Demo
[22m[39m[SectionContext] Section observeQuery update: 0
[90mstdout[2m | src/components/Editor3/plugins/AIContentCompletionPlugin.stories.jsx[2m > [22m[2mStreaming Demo
[22m[39m[FilesContext] File observeQuery update: 0 files
[90mstdout[2m | src/components/Editor3/plugins/AIContentCompletionPlugin.stories.jsx[2m > [22m[2mStreaming Demo
[22m[39m[MOCK CourseVectorStore] Initialized with mock data
[90mstdout[2m | src/components/Editor3/plugins/AIContentCompletionPlugin.stories.jsx[2m > [22m[2mStreaming Demo
[22m[39m[ChatContext] AssistantChat initialized with 0 chats
[90mstdout[2m | src/components/Editor3/plugins/AIContentCompletionPlugin.stories.jsx[2m > [22m[2mStreaming Demo
[22m[39m[Mock Storage] downloadData called with: undefined
[90mstdout[2m | src/components/Editor3/plugins/AIContentCompletionPlugin.stories.jsx[2m > [22m[2mStreaming Demo
[22m[39m[ChatContext] No current chat available, will create one
[90mstdout[2m | src/components/Editor3/plugins/AIContentCompletionPlugin.stories.jsx[2m > [22m[2mStreaming Demo
[22m[39m[ChatContext] Creating AssistantChat with user: undefined
[90mstdout[2m | src/components/Editor3/plugins/AIContentCompletionPlugin.stories.jsx[2m > [22m[2mStreaming Demo
[22m[39m[Mock Data] AssistantChat created: mock-assistantchat-1790418161976 - notified 1 subscribers
[90mstdout[2m | src/components/Editor3/plugins/AIContentCompletionPlugin.stories.jsx[2m > [22m[2mStreaming Demo
[22m[39m[ChatContext] Create result: {
  "data": {
    "_version": 1,
    "archived": false,
    "chatFiles": [Function anonymous],
    "createdAt": "2026-09-26T10:22:41.976Z",
    "id": "mock-assistantchat-1790418161976",
    "model": "gpt-4",
    "updatedAt": "2026-09-26T10:22:41.976Z",
  },
  "errors": [],
  "hasData": true,
  "hasErrors": true,
}
[90mstdout[2m | src/components/Editor3/plugins/AIContentCompletionPlugin.stories.jsx[2m > [22m[2mStreaming Demo
[22m[39m[ChatContext] Created AssistantChat: mock-assistantchat-1790418161976 at: 2026-09-26T10:22:41.976Z
[90mstdout[2m | src/components/Editor3/plugins/AIContentCompletionPlugin.stories.jsx[2m > [22m[2mStreaming Demo
[22m[39m[ChatContext] Setting initial chat: mock-assistantchat-1790418161976
[90mstdout[2m | src/components/Editor3/plugins/AIContentCompletionPlugin.stories.jsx[2m > [22m[2mStreaming Demo
[22m[39m[ChatContext] Chat exists and not archived, skipping creation
[90mstdout[2m | src/components/Editor3/plugins/AIContentCompletionPlugin.stories.jsx[2m > [22m[2mAI Unavailable
[22m[39m[ChatContext] Cleaning up subscriptions
[90mstdout[2m | src/components/Editor3/plugins/AIContentCompletionPlugin.stories.jsx[2m > [22m[2mAI Unavailable
[22m[39m[Mock Data] Unit.onUpdate() subscription removed. Remaining: 0
[90mstdout[2m | src/components/Editor3/plugins/AIContentCompletionPlugin.stories.jsx[2m > [22m[2mAI Unavailable
[22m[39m[Preview] Skipped initializing default mock data (initializeMockData=false)
[90mstdout[2m | src/components/Editor3/plugins/AIContentCompletionPlugin.stories.jsx[2m > [22m[2mAI Unavailable
[22m[39m[Mock Data] seedMockUnit: Adding unit ai-completion-story-unit
[90mstdout[2m | src/components/Editor3/plugins/AIContentCompletionPlugin.stories.jsx[2m > [22m[2mAI Unavailable
[22m[39m[MOCK CourseVectorStore] Initialized with mock data
[90mstdout[2m | src/components/Editor3/plugins/AIContentCompletionPlugin.stories.jsx[2m > [22m[2mAI Unavailable
[22m[39m[TranslationModeController] Setting mode to: off
[90mstdout[2m | src/components/Editor3/plugins/AIContentCompletionPlugin.stories.jsx[2m > [22m[2mAI Unavailable
[22m[39m[UnitContext] useEffect triggered {
  "authLoading": false,
  "hasUser": true,
  "id": "ai-completion-story-unit",
  "userSub": "mock-user-sub",
}
[90mstdout[2m | src/components/Editor3/plugins/AIContentCompletionPlugin.stories.jsx[2m > [22m[2mAI Unavailable
[22m[39m[UnitContext] Fetching unit data for id: ai-completion-story-unit
[90mstdout[2m | src/components/Editor3/plugins/AIContentCompletionPlugin.stories.jsx[2m > [22m[2mAI Unavailable
[22m[39m[FilesContext] Initializing vector store from IndexedDB
[90mstdout[2m | src/components/Editor3/plugins/AIContentCompletionPlugin.stories.jsx[2m > [22m[2mAI Unavailable
[22m[39m[FilesContext] fetchFiles called
[90mstdout[2m | src/components/Editor3/plugins/AIContentCompletionPlugin.stories.jsx[2m > [22m[2mAI Unavailable
[22m[39m[FilesContext] User authenticated: mock-user-sub
[90mstdout[2m | src/components/Editor3/plugins/AIContentCompletionPlugin.stories.jsx[2m > [22m[2mAI Unavailable
[22m[39m[FilesContext] Identity ID: us-east-1:mock-identity-123
[90mstdout[2m | src/components/Editor3/plugins/AIContentCompletionPlugin.stories.jsx[2m > [22m[2mAI Unavailable
[22m[39m[FilesContext] About to set up File observeQuery
[90mstdout[2m | src/components/Editor3/plugins/AIContentCompletionPlugin.stories.jsx[2m > [22m[2mAI Unavailable
[22m[39m[ChatContext] Setting up AssistantChat observeQuery
[90mstdout[2m | src/components/Editor3/plugins/AIContentCompletionPlugin.stories.jsx[2m > [22m[2mAI Unavailable
[22m[39m[ChatContext] Waiting for subscription to initialize
[90mstdout[2m | src/components/Editor3/plugins/AIContentCompletionPlugin.stories.jsx[2m > [22m[2mAI Unavailable
[22m[39m[SettingsContext] Setting up Settings subscription for user: mock-user-sub
[90mstdout[2m | src/components/Editor3/plugins/AIContentCompletionPlugin.stories.jsx[2m > [22m[2mAI Unavailable
[22m[39m[Mock Data] Settings created: mock-settings-1790418162163 - notified 0 subscribers
[90mstdout[2m | src/components/Editor3/plugins/AIContentCompletionPlugin.stories.jsx[2m > [22m[2mAI Unavailable
[22m[39m[Mock Data] Unit.onUpdate() subscription added. Total: 1
[90mstdout[2m | src/components/Editor3/plugins/AIContentCompletionPlugin.stories.jsx[2m > [22m[2mAI Unavailable
[22m[39m[SectionContext] Section observeQuery update: 0
[90mstdout[2m | src/components/Editor3/plugins/AIContentCompletionPlugin.stories.jsx[2m > [22m[2mAI Unavailable
[22m[39m[FilesContext] File observeQuery update: 0 files
[90mstdout[2m | src/components/Editor3/plugins/AIContentCompletionPlugin.stories.jsx[2m > [22m[2mAI Unavailable
[22m[39m[ChatContext] AssistantChat initialized with 0 chats
[90mstdout[2m | src/components/Editor3/plugins/AIContentCompletionPlugin.stories.jsx[2m > [22m[2mAI Unavailable
[22m[39m[MOCK CourseVectorStore] Initialized with mock data
[90mstdout[2m | src/components/Editor3/plugins/AIContentCompletionPlugin.stories.jsx[2m > [22m[2mAI Unavailable
[22m[39m[ChatContext] No current chat available, will create one
[90mstdout[2m | src/components/Editor3/plugins/AIContentCompletionPlugin.stories.jsx[2m > [22m[2mAI Unavailable
[22m[39m[ChatContext] Creating AssistantChat with user: undefined
[90mstdout[2m | src/components/Editor3/plugins/AIContentCompletionPlugin.stories.jsx[2m > [22m[2mAI Unavailable
[22m[39m[Mock Data] AssistantChat created: mock-assistantchat-1790418162185 - notified 1 subscribers
[90mstdout[2m | src/components/Editor3/plugins/AIContentCompletionPlugin.stories.jsx[2m > [22m[2mAI Unavailable
[22m[39m[ChatContext] Create result: {
  "data": {
    "_version": 1,
    "archived": false,
    "chatFiles": [Function anonymous],
    "createdAt": "2026-09-26T10:22:42.185Z",
    "id": "mock-assistantchat-1790418162185",
    "model": "gpt-4",
    "updatedAt": "2026-09-26T10:22:42.185Z",
  },
  "errors": [],
  "hasData": true,
  "hasErrors": true,
}
[90mstdout[2m | src/components/Editor3/plugins/AIContentCompletionPlugin.stories.jsx[2m > [22m[2mAI Unavailable
[22m[39m[ChatContext] Created AssistantChat: mock-assistantchat-1790418162185 at: 2026-09-26T10:22:42.185Z
[90mstdout[2m | src/components/Editor3/plugins/AIContentCompletionPlugin.stories.jsx[2m > [22m[2mAI Unavailable
[22m[39m[Mock Storage] downloadData called with: undefined
[90mstdout[2m | src/components/Editor3/plugins/AIContentCompletionPlugin.stories.jsx[2m > [22m[2mAI Unavailable
[22m[39m[ChatContext] Setting initial chat: mock-assistantchat-1790418162185
[90mstdout[2m | src/components/Editor3/plugins/AIContentCompletionPlugin.stories.jsx[2m > [22m[2mAI Unavailable
[22m[39m[ChatContext] Chat exists and not archived, skipping creation
 [32m✓[39m [30m[45m storybook (chromium) [49m[39m src/components/Editor3/plugins/AIContentCompletionPlugin.stories.jsx [2m([22m[2m5 tests[22m[2m)[22m[33m 1124[2mms[22m[39m
   [33m[2m✓[22m[39m Streaming Demo [33m 314[2mms[22m[39m
[90mstdout[2m | unknown test
[22m[39m[MOCK vectorStoreDB.js] Module loaded - mock IndexedDB operations
[90mstdout[2m | unknown test
[22m[39m[Task Completion] DOM action listeners initialized
[90mstdout[2m | unknown test
[22m[39m[Task Completion] Auto-completion detector initialized
[90mstdout[2m | unknown test
[22m[39m[Preview] Task completion detector initialized
[90mstdout[2m | src/components/ChatSidebar/ContentPreview.stories.tsx[2m > [22m[2mMarkdown Format
[22m[39m[MOCK CourseVectorStore] Initialized with mock data
[90mstdout[2m | src/components/ChatSidebar/ContentPreview.stories.tsx[2m > [22m[2mMarkdown Format
[22m[39m[TranslationModeController] Setting mode to: off
[90mstdout[2m | src/components/ChatSidebar/ContentPreview.stories.tsx[2m > [22m[2mMarkdown Format
[22m[39m[UnitContext] useEffect triggered {
  "authLoading": false,
  "hasUser": true,
  "id": "mock-unit-id",
  "userSub": "mock-user-sub",
}
[90mstdout[2m | src/components/ChatSidebar/ContentPreview.stories.tsx[2m > [22m[2mMarkdown Format
[22m[39m[UnitContext] Fetching unit data for id: mock-unit-id
[90mstdout[2m | src/components/ChatSidebar/ContentPreview.stories.tsx[2m > [22m[2mMarkdown Format
[22m[39m[FilesContext] Initializing vector store from IndexedDB
[90mstdout[2m | src/components/ChatSidebar/ContentPreview.stories.tsx[2m > [22m[2mMarkdown Format
[22m[39m[FilesContext] fetchFiles called
[90mstdout[2m | src/components/ChatSidebar/ContentPreview.stories.tsx[2m > [22m[2mMarkdown Format
[22m[39m[FilesContext] User authenticated: mock-user-sub
[90mstdout[2m | src/components/ChatSidebar/ContentPreview.stories.tsx[2m > [22m[2mMarkdown Format
[22m[39m[FilesContext] Identity ID: us-east-1:mock-identity-123
[90mstdout[2m | src/components/ChatSidebar/ContentPreview.stories.tsx[2m > [22m[2mMarkdown Format
[22m[39m[FilesContext] About to set up File observeQuery
[90mstdout[2m | src/components/ChatSidebar/ContentPreview.stories.tsx[2m > [22m[2mMarkdown Format
[22m[39m[ChatContext] Setting up AssistantChat observeQuery
[90mstdout[2m | src/components/ChatSidebar/ContentPreview.stories.tsx[2m > [22m[2mMarkdown Format
[22m[39m[ChatContext] Waiting for subscription to initialize
[90mstdout[2m | src/components/ChatSidebar/ContentPreview.stories.tsx[2m > [22m[2mMarkdown Format
[22m[39m[SettingsContext] Setting up Settings subscription for user: mock-user-sub
[90mstdout[2m | src/components/ChatSidebar/ContentPreview.stories.tsx[2m > [22m[2mMarkdown Format
[22m[39m[Mock Data] Settings created: mock-settings-1790418163033 - notified 0 subscribers
[90mstdout[2m | src/components/ChatSidebar/ContentPreview.stories.tsx[2m > [22m[2mMarkdown Format
[22m[39m[Mock Data] Unit.onUpdate() subscription added. Total: 1
[90mstdout[2m | src/components/ChatSidebar/ContentPreview.stories.tsx[2m > [22m[2mMarkdown Format
[22m[39m[SectionContext] Section observeQuery update: 0
[90mstdout[2m | src/components/ChatSidebar/ContentPreview.stories.tsx[2m > [22m[2mMarkdown Format
[22m[39m[FilesContext] File observeQuery update: 6 files
[90mstdout[2m | src/components/ChatSidebar/ContentPreview.stories.tsx[2m > [22m[2mMarkdown Format
[22m[39m[ChatContext] AssistantChat initialized with 1 chats
[90mstdout[2m | src/components/ChatSidebar/ContentPreview.stories.tsx[2m > [22m[2mMarkdown Format
[22m[39m[ChatContext] Setting initial chat: mock-assistant-chat-1
[90mstdout[2m | src/components/ChatSidebar/ContentPreview.stories.tsx[2m > [22m[2mMarkdown Format
[22m[39m[MOCK CourseVectorStore] Initialized with mock data
[90mstdout[2m | src/components/ChatSidebar/ContentPreview.stories.tsx[2m > [22m[2mMarkdown Format
[22m[39m[FilesContext] Vector store population triggered {
  "currentVectorStoreSize": 3,
  "documentsCount": 0,
  "filesCount": 6,
  "isInitialLoad": true,
}
[90mstdout[2m | src/components/ChatSidebar/ContentPreview.stories.tsx[2m > [22m[2mMarkdown Format
[22m[39m[FilesContext] Vector store population complete - 3 total embeddings
[90mstdout[2m | src/components/ChatSidebar/ContentPreview.stories.tsx[2m > [22m[2mMarkdown Format
[22m[39m[ChatContext] Chat exists and not archived, skipping creation
[90mstdout[2m | src/components/ChatSidebar/ContentPreview.stories.tsx[2m > [22m[2mMarkdown Format
[22m[39m[Mock Storage] downloadData called with: undefined
[90mstdout[2m | src/components/ChatSidebar/ContentPreview.stories.tsx[2m > [22m[2mCompact
[22m[39m[ChatContext] Cleaning up subscriptions
[90mstdout[2m | src/components/ChatSidebar/ContentPreview.stories.tsx[2m > [22m[2mCompact
[22m[39m[Mock Data] Unit.onUpdate() subscription removed. Remaining: 0
[90mstdout[2m | src/components/ChatSidebar/ContentPreview.stories.tsx[2m > [22m[2mCompact
[22m[39m[MOCK CourseVectorStore] Initialized with mock data
[90mstdout[2m | src/components/ChatSidebar/ContentPreview.stories.tsx[2m > [22m[2mCompact
[22m[39m[TranslationModeController] Setting mode to: off
[90mstdout[2m | src/components/ChatSidebar/ContentPreview.stories.tsx[2m > [22m[2mCompact
[22m[39m[UnitContext] useEffect triggered {
  "authLoading": false,
  "hasUser": true,
  "id": "mock-unit-id",
  "userSub": "mock-user-sub",
}
[90mstdout[2m | src/components/ChatSidebar/ContentPreview.stories.tsx[2m > [22m[2mCompact
[22m[39m[UnitContext] Fetching unit data for id: mock-unit-id
[90mstdout[2m | src/components/ChatSidebar/ContentPreview.stories.tsx[2m > [22m[2mCompact
[22m[39m[FilesContext] Initializing vector store from IndexedDB
[90mstdout[2m | src/components/ChatSidebar/ContentPreview.stories.tsx[2m > [22m[2mCompact
[22m[39m[FilesContext] fetchFiles called
[90mstdout[2m | src/components/ChatSidebar/ContentPreview.stories.tsx[2m > [22m[2mCompact
[22m[39m[FilesContext] User authenticated: mock-user-sub
[90mstdout[2m | src/components/ChatSidebar/ContentPreview.stories.tsx[2m > [22m[2mCompact
[22m[39m[FilesContext] Identity ID: us-east-1:mock-identity-123
[90mstdout[2m | src/components/ChatSidebar/ContentPreview.stories.tsx[2m > [22m[2mCompact
[22m[39m[FilesContext] About to set up File observeQuery
[90mstdout[2m | src/components/ChatSidebar/ContentPreview.stories.tsx[2m > [22m[2mCompact
[22m[39m[ChatContext] Setting up AssistantChat observeQuery
[90mstdout[2m | src/components/ChatSidebar/ContentPreview.stories.tsx[2m > [22m[2mCompact
[22m[39m[ChatContext] Waiting for subscription to initialize
[90mstdout[2m | src/components/ChatSidebar/ContentPreview.stories.tsx[2m > [22m[2mCompact
[22m[39m[SettingsContext] Setting up Settings subscription for user: mock-user-sub
[90mstdout[2m | src/components/ChatSidebar/ContentPreview.stories.tsx[2m > [22m[2mCompact
[22m[39m[Mock Data] Settings created: mock-settings-1790418163998 - notified 0 subscribers
[90mstdout[2m | src/components/ChatSidebar/ContentPreview.stories.tsx[2m > [22m[2mCompact
[22m[39m[Mock Data] Unit.onUpdate() subscription added. Total: 1
[90mstdout[2m | src/components/ChatSidebar/ContentPreview.stories.tsx[2m > [22m[2mCompact
[22m[39m[SectionContext] Section observeQuery update: 0
[90mstdout[2m | src/components/ChatSidebar/ContentPreview.stories.tsx[2m > [22m[2mCompact
[22m[39m[FilesContext] File observeQuery update: 6 files
[90mstdout[2m | src/components/ChatSidebar/ContentPreview.stories.tsx[2m > [22m[2mCompact
[22m[39m[ChatContext] AssistantChat initialized with 1 chats
[90mstdout[2m | src/components/ChatSidebar/ContentPreview.stories.tsx[2m > [22m[2mCompact
[22m[39m[ChatContext] Setting initial chat: mock-assistant-chat-1
[90mstdout[2m | src/components/ChatSidebar/ContentPreview.stories.tsx[2m > [22m[2mCompact
[22m[39m[MOCK CourseVectorStore] Initialized with mock data
[90mstdout[2m | src/components/ChatSidebar/ContentPreview.stories.tsx[2m > [22m[2mCompact
[22m[39m[FilesContext] Vector store population triggered {
  "currentVectorStoreSize": 3,
  "documentsCount": 0,
  "filesCount": 6,
  "isInitialLoad": true,
}
[90mstdout[2m | src/components/ChatSidebar/ContentPreview.stories.tsx[2m > [22m[2mCompact
[22m[39m[FilesContext] Vector store population complete - 3 total embeddings
[90mstdout[2m | src/components/ChatSidebar/ContentPreview.stories.tsx[2m > [22m[2mCompact
[22m[39m[ChatContext] Chat exists and not archived, skipping creation
[90mstdout[2m | src/components/ChatSidebar/ContentPreview.stories.tsx[2m > [22m[2mCompact
[22m[39m[Mock Storage] downloadData called with: undefined
[90mstdout[2m | src/components/ChatSidebar/ContentPreview.stories.tsx[2m > [22m[2mNo Actions
[22m[39m[ChatContext] Cleaning up subscriptions
[90mstdout[2m | src/components/ChatSidebar/ContentPreview.stories.tsx[2m > [22m[2mNo Actions
[22m[39m[Mock Data] Unit.onUpdate() subscription removed. Remaining: 0
[90mstdout[2m | src/components/ChatSidebar/ContentPreview.stories.tsx[2m > [22m[2mNo Actions
[22m[39m[MOCK CourseVectorStore] Initialized with mock data
[90mstdout[2m | src/components/ChatSidebar/ContentPreview.stories.tsx[2m > [22m[2mNo Actions
[22m[39m[TranslationModeController] Setting mode to: off
[90mstdout[2m | src/components/ChatSidebar/ContentPreview.stories.tsx[2m > [22m[2mNo Actions
[22m[39m[UnitContext] useEffect triggered {
  "authLoading": false,
  "hasUser": true,
  "id": "mock-unit-id",
  "userSub": "mock-user-sub",
}
[90mstdout[2m | src/components/ChatSidebar/ContentPreview.stories.tsx[2m > [22m[2mNo Actions
[22m[39m[UnitContext] Fetching unit data for id: mock-unit-id
[90mstdout[2m | src/components/ChatSidebar/ContentPreview.stories.tsx[2m > [22m[2mNo Actions
[22m[39m[FilesContext] Initializing vector store from IndexedDB
[90mstdout[2m | src/components/ChatSidebar/ContentPreview.stories.tsx[2m > [22m[2mNo Actions
[22m[39m[FilesContext] fetchFiles called
[90mstdout[2m | src/components/ChatSidebar/ContentPreview.stories.tsx[2m > [22m[2mNo Actions
[22m[39m[FilesContext] User authenticated: mock-user-sub
[90mstdout[2m | src/components/ChatSidebar/ContentPreview.stories.tsx[2m > [22m[2mNo Actions
[22m[39m[FilesContext] Identity ID: us-east-1:mock-identity-123
[90mstdout[2m | src/components/ChatSidebar/ContentPreview.stories.tsx[2m > [22m[2mNo Actions
[22m[39m[FilesContext] About to set up File observeQuery
[90mstdout[2m | src/components/ChatSidebar/ContentPreview.stories.tsx[2m > [22m[2mNo Actions
[22m[39m[ChatContext] Setting up AssistantChat observeQuery
[90mstdout[2m | src/components/ChatSidebar/ContentPreview.stories.tsx[2m > [22m[2mNo Actions
[22m[39m[ChatContext] Waiting for subscription to initialize
[90mstdout[2m | src/components/ChatSidebar/ContentPreview.stories.tsx[2m > [22m[2mNo Actions
[22m[39m[SettingsContext] Setting up Settings subscription for user: mock-user-sub
[90mstdout[2m | src/components/ChatSidebar/ContentPreview.stories.tsx[2m > [22m[2mNo Actions
[22m[39m[Mock Data] Settings created: mock-settings-1790418164255 - notified 0 subscribers
[90mstdout[2m | src/components/ChatSidebar/ContentPreview.stories.tsx[2m > [22m[2mNo Actions
[22m[39m[Mock Data] Unit.onUpdate() subscription added. Total: 1
[90mstdout[2m | src/components/ChatSidebar/ContentPreview.stories.tsx[2m > [22m[2mNo Actions
[22m[39m[SectionContext] Section observeQuery update: 0
[90mstdout[2m | src/components/ChatSidebar/ContentPreview.stories.tsx[2m > [22m[2mNo Actions
[22m[39m[FilesContext] File observeQuery update: 6 files
[90mstdout[2m | src/components/ChatSidebar/ContentPreview.stories.tsx[2m > [22m[2mNo Actions
[22m[39m[ChatContext] AssistantChat initialized with 1 chats
[90mstdout[2m | src/components/ChatSidebar/ContentPreview.stories.tsx[2m > [22m[2mNo Actions
[22m[39m[ChatContext] Setting initial chat: mock-assistant-chat-1
[90mstdout[2m | src/components/ChatSidebar/ContentPreview.stories.tsx[2m > [22m[2mNo Actions
[22m[39m[MOCK CourseVectorStore] Initialized with mock data
[90mstdout[2m | src/components/ChatSidebar/ContentPreview.stories.tsx[2m > [22m[2mNo Actions
[22m[39m[FilesContext] Vector store population triggered {
  "currentVectorStoreSize": 3,
  "documentsCount": 0,
  "filesCount": 6,
  "isInitialLoad": true,
}
[90mstdout[2m | src/components/ChatSidebar/ContentPreview.stories.tsx[2m > [22m[2mNo Actions
[22m[39m[FilesContext] Vector store population complete - 3 total embeddings
[90mstdout[2m | src/components/ChatSidebar/ContentPreview.stories.tsx[2m > [22m[2mNo Actions
[22m[39m[ChatContext] Chat exists and not archived, skipping creation
[90mstdout[2m | src/components/ChatSidebar/ContentPreview.stories.tsx[2m > [22m[2mNo Actions
[22m[39m[Mock Storage] downloadData called with: undefined
[90mstdout[2m | src/components/ChatSidebar/ContentPreview.stories.tsx[2m > [22m[2mHTML Format
[22m[39m[ChatContext] Cleaning up subscriptions
[90mstdout[2m | src/components/ChatSidebar/ContentPreview.stories.tsx[2m > [22m[2mHTML Format
[22m[39m[Mock Data] Unit.onUpdate() subscription removed. Remaining: 0
[90mstdout[2m | src/components/ChatSidebar/ContentPreview.stories.tsx[2m > [22m[2mHTML Format
[22m[39m[MOCK CourseVectorStore] Initialized with mock data
[90mstdout[2m | src/components/ChatSidebar/ContentPreview.stories.tsx[2m > [22m[2mHTML Format
[22m[39m[TranslationModeController] Setting mode to: off
[90mstdout[2m | src/components/ChatSidebar/ContentPreview.stories.tsx[2m > [22m[2mHTML Format
[22m[39m[UnitContext] useEffect triggered {
  "authLoading": false,
  "hasUser": true,
  "id": "mock-unit-id",
  "userSub": "mock-user-sub",
}
[90mstdout[2m | src/components/ChatSidebar/ContentPreview.stories.tsx[2m > [22m[2mHTML Format
[22m[39m[UnitContext] Fetching unit data for id: mock-unit-id
[90mstdout[2m | src/components/ChatSidebar/ContentPreview.stories.tsx[2m > [22m[2mHTML Format
[22m[39m[FilesContext] Initializing vector store from IndexedDB
[90mstdout[2m | src/components/ChatSidebar/ContentPreview.stories.tsx[2m > [22m[2mHTML Format
[22m[39m[FilesContext] fetchFiles called
[90mstdout[2m | src/components/ChatSidebar/ContentPreview.stories.tsx[2m > [22m[2mHTML Format
[22m[39m[FilesContext] User authenticated: mock-user-sub
[90mstdout[2m | src/components/ChatSidebar/ContentPreview.stories.tsx[2m > [22m[2mHTML Format
[22m[39m[FilesContext] Identity ID: us-east-1:mock-identity-123
[90mstdout[2m | src/components/ChatSidebar/ContentPreview.stories.tsx[2m > [22m[2mHTML Format
[22m[39m[FilesContext] About to set up File observeQuery
[90mstdout[2m | src/components/ChatSidebar/ContentPreview.stories.tsx[2m > [22m[2mHTML Format
[22m[39m[ChatContext] Setting up AssistantChat observeQuery
[90mstdout[2m | src/components/ChatSidebar/ContentPreview.stories.tsx[2m > [22m[2mHTML Format
[22m[39m[ChatContext] Waiting for subscription to initialize
[90mstdout[2m | src/components/ChatSidebar/ContentPreview.stories.tsx[2m > [22m[2mHTML Format
[22m[39m[SettingsContext] Setting up Settings subscription for user: mock-user-sub
[90mstdout[2m | src/components/ChatSidebar/ContentPreview.stories.tsx[2m > [22m[2mHTML Format
[22m[39m[Mock Data] Settings created: mock-settings-1790418164492 - notified 0 subscribers
[90mstdout[2m | src/components/ChatSidebar/ContentPreview.stories.tsx[2m > [22m[2mHTML Format
[22m[39m[Mock Data] Unit.onUpdate() subscription added. Total: 1
[90mstdout[2m | src/components/ChatSidebar/ContentPreview.stories.tsx[2m > [22m[2mHTML Format
[22m[39m[SectionContext] Section observeQuery update: 0
[90mstdout[2m | src/components/ChatSidebar/ContentPreview.stories.tsx[2m > [22m[2mHTML Format
[22m[39m[FilesContext] File observeQuery update: 6 files
[90mstdout[2m | src/components/ChatSidebar/ContentPreview.stories.tsx[2m > [22m[2mHTML Format
[22m[39m[ChatContext] AssistantChat initialized with 1 chats
[90mstdout[2m | src/components/ChatSidebar/ContentPreview.stories.tsx[2m > [22m[2mHTML Format
[22m[39m[ChatContext] Setting initial chat: mock-assistant-chat-1
[90mstdout[2m | src/components/ChatSidebar/ContentPreview.stories.tsx[2m > [22m[2mHTML Format
[22m[39m[MOCK CourseVectorStore] Initialized with mock data
[90mstdout[2m | src/components/ChatSidebar/ContentPreview.stories.tsx[2m > [22m[2mHTML Format
[22m[39m[FilesContext] Vector store population triggered {
  "currentVectorStoreSize": 3,
  "documentsCount": 0,
  "filesCount": 6,
  "isInitialLoad": true,
}
[90mstdout[2m | src/components/ChatSidebar/ContentPreview.stories.tsx[2m > [22m[2mHTML Format
[22m[39m[FilesContext] Vector store population complete - 3 total embeddings
[90mstdout[2m | src/components/ChatSidebar/ContentPreview.stories.tsx[2m > [22m[2mHTML Format
[22m[39m[ChatContext] Chat exists and not archived, skipping creation
[90mstdout[2m | src/components/ChatSidebar/ContentPreview.stories.tsx[2m > [22m[2mHTML Format
[22m[39m[Mock Storage] downloadData called with: undefined
[90mstdout[2m | src/components/ChatSidebar/ContentPreview.stories.tsx[2m > [22m[2mLong Content
[22m[39m[ChatContext] Cleaning up subscriptions
[90mstdout[2m | src/components/ChatSidebar/ContentPreview.stories.tsx[2m > [22m[2mLong Content
[22m[39m[Mock Data] Unit.onUpdate() subscription removed. Remaining: 0
[90mstdout[2m | src/components/ChatSidebar/ContentPreview.stories.tsx[2m > [22m[2mLong Content
[22m[39m[MOCK CourseVectorStore] Initialized with mock data
[90mstdout[2m | src/components/ChatSidebar/ContentPreview.stories.tsx[2m > [22m[2mLong Content
[22m[39m[TranslationModeController] Setting mode to: off
[90mstdout[2m | src/components/ChatSidebar/ContentPreview.stories.tsx[2m > [22m[2mLong Content
[22m[39m[UnitContext] useEffect triggered {
  "authLoading": false,
  "hasUser": true,
  "id": "mock-unit-id",
  "userSub": "mock-user-sub",
}
[90mstdout[2m | src/components/ChatSidebar/ContentPreview.stories.tsx[2m > [22m[2mLong Content
[22m[39m[UnitContext] Fetching unit data for id: mock-unit-id
[90mstdout[2m | src/components/ChatSidebar/ContentPreview.stories.tsx[2m > [22m[2mLong Content
[22m[39m[FilesContext] Initializing vector store from IndexedDB
[90mstdout[2m | src/components/ChatSidebar/ContentPreview.stories.tsx[2m > [22m[2mLong Content
[22m[39m[FilesContext] fetchFiles called
[90mstdout[2m | src/components/ChatSidebar/ContentPreview.stories.tsx[2m > [22m[2mLong Content
[22m[39m[FilesContext] User authenticated: mock-user-sub
[90mstdout[2m | src/components/ChatSidebar/ContentPreview.stories.tsx[2m > [22m[2mLong Content
[22m[39m[FilesContext] Identity ID: us-east-1:mock-identity-123
[90mstdout[2m | src/components/ChatSidebar/ContentPreview.stories.tsx[2m > [22m[2mLong Content
[22m[39m[FilesContext] About to set up File observeQuery
[90mstdout[2m | src/components/ChatSidebar/ContentPreview.stories.tsx[2m > [22m[2mLong Content
[22m[39m[ChatContext] Setting up AssistantChat observeQuery
[90mstdout[2m | src/components/ChatSidebar/ContentPreview.stories.tsx[2m > [22m[2mLong Content
[22m[39m[ChatContext] Waiting for subscription to initialize
[90mstdout[2m | src/components/ChatSidebar/ContentPreview.stories.tsx[2m > [22m[2mLong Content
[22m[39m[SettingsContext] Setting up Settings subscription for user: mock-user-sub
[90mstdout[2m | src/components/ChatSidebar/ContentPreview.stories.tsx[2m > [22m[2mLong Content
[22m[39m[Mock Data] Settings created: mock-settings-1790418164676 - notified 0 subscribers
[90mstdout[2m | src/components/ChatSidebar/ContentPreview.stories.tsx[2m > [22m[2mLong Content
[22m[39m[Mock Data] Unit.onUpdate() subscription added. Total: 1
[90mstdout[2m | src/components/ChatSidebar/ContentPreview.stories.tsx[2m > [22m[2mLong Content
[22m[39m[SectionContext] Section observeQuery update: 0
[90mstdout[2m | src/components/ChatSidebar/ContentPreview.stories.tsx[2m > [22m[2mLong Content
[22m[39m[FilesContext] File observeQuery update: 6 files
[90mstdout[2m | src/components/ChatSidebar/ContentPreview.stories.tsx[2m > [22m[2mLong Content
[22m[39m[ChatContext] AssistantChat initialized with 1 chats
[90mstdout[2m | src/components/ChatSidebar/ContentPreview.stories.tsx[2m > [22m[2mLong Content
[22m[39m[ChatContext] Setting initial chat: mock-assistant-chat-1
[90mstdout[2m | src/components/ChatSidebar/ContentPreview.stories.tsx[2m > [22m[2mLong Content
[22m[39m[MOCK CourseVectorStore] Initialized with mock data
[90mstdout[2m | src/components/ChatSidebar/ContentPreview.stories.tsx[2m > [22m[2mLong Content
[22m[39m[FilesContext] Vector store population triggered {
  "currentVectorStoreSize": 3,
  "documentsCount": 0,
  "filesCount": 6,
  "isInitialLoad": true,
}
[90mstdout[2m | src/components/ChatSidebar/ContentPreview.stories.tsx[2m > [22m[2mLong Content
[22m[39m[FilesContext] Vector store population complete - 3 total embeddings
[90mstdout[2m | src/components/ChatSidebar/ContentPreview.stories.tsx[2m > [22m[2mLong Content
[22m[39m[ChatContext] Chat exists and not archived, skipping creation
[90mstdout[2m | src/components/ChatSidebar/ContentPreview.stories.tsx[2m > [22m[2mLong Content
[22m[39m[Mock Storage] downloadData called with: undefined
 [32m✓[39m [30m[45m storybook (chromium) [49m[39m src/components/ChatSidebar/ContentPreview.stories.tsx [2m([22m[2m5 tests[22m[2m)[22m[33m 1917[2mms[22m[39m
   [33m[2m✓[22m[39m Markdown Format [33m 331[2mms[22m[39m
   [33m[2m✓[22m[39m Compact [33m 916[2mms[22m[39m
[90mstdout[2m | unknown test
[22m[39m[MOCK vectorStoreDB.js] Module loaded - mock IndexedDB operations
[90mstdout[2m | unknown test
[22m[39m[Task Completion] DOM action listeners initialized
[90mstdout[2m | unknown test
[22m[39m[Task Completion] Auto-completion detector initialized
[90mstdout[2m | unknown test
[22m[39m[Preview] Task completion detector initialized
[90mstdout[2m | src/components/AvatarEditor.stories.tsx[2m > [22m[2mDefault
[22m[39m[MOCK CourseVectorStore] Initialized with mock data
[90mstdout[2m | src/components/AvatarEditor.stories.tsx[2m > [22m[2mDefault
[22m[39m[TranslationModeController] Setting mode to: off
[90mstdout[2m | src/components/AvatarEditor.stories.tsx[2m > [22m[2mDefault
[22m[39m[UnitContext] useEffect triggered {
  "authLoading": false,
  "hasUser": true,
  "id": "mock-unit-id",
  "userSub": "mock-user-sub",
}
[90mstdout[2m | src/components/AvatarEditor.stories.tsx[2m > [22m[2mDefault
[22m[39m[UnitContext] Fetching unit data for id: mock-unit-id
[90mstdout[2m | src/components/AvatarEditor.stories.tsx[2m > [22m[2mDefault
[22m[39m[FilesContext] Initializing vector store from IndexedDB
[90mstdout[2m | src/components/AvatarEditor.stories.tsx[2m > [22m[2mDefault
[22m[39m[FilesContext] fetchFiles called
[90mstdout[2m | src/components/AvatarEditor.stories.tsx[2m > [22m[2mDefault
[22m[39m[FilesContext] User authenticated: mock-user-sub
[90mstdout[2m | src/components/AvatarEditor.stories.tsx[2m > [22m[2mDefault
[22m[39m[FilesContext] Identity ID: us-east-1:mock-identity-123
[90mstdout[2m | src/components/AvatarEditor.stories.tsx[2m > [22m[2mDefault
[22m[39m[FilesContext] About to set up File observeQuery
[90mstdout[2m | src/components/AvatarEditor.stories.tsx[2m > [22m[2mDefault
[22m[39m[ChatContext] Setting up AssistantChat observeQuery
[90mstdout[2m | src/components/AvatarEditor.stories.tsx[2m > [22m[2mDefault
[22m[39m[ChatContext] Waiting for subscription to initialize
[90mstdout[2m | src/components/AvatarEditor.stories.tsx[2m > [22m[2mDefault
[22m[39m[SettingsContext] Setting up Settings subscription for user: mock-user-sub
[90mstdout[2m | src/components/AvatarEditor.stories.tsx[2m > [22m[2mDefault
[22m[39m[Mock Data] Settings created: mock-settings-1790418166389 - notified 0 subscribers
[90mstdout[2m | src/components/AvatarEditor.stories.tsx[2m > [22m[2mDefault
[22m[39m[Mock Data] Unit.onUpdate() subscription added. Total: 1
[90mstdout[2m | src/components/AvatarEditor.stories.tsx[2m > [22m[2mDefault
[22m[39m[SectionContext] Section observeQuery update: 0
[90mstdout[2m | src/components/AvatarEditor.stories.tsx[2m > [22m[2mDefault
[22m[39m[FilesContext] File observeQuery update: 6 files
[90mstdout[2m | src/components/AvatarEditor.stories.tsx[2m > [22m[2mDefault
[22m[39m[ChatContext] AssistantChat initialized with 1 chats
[90mstdout[2m | src/components/AvatarEditor.stories.tsx[2m > [22m[2mDefault
[22m[39m[ChatContext] Setting initial chat: mock-assistant-chat-1
[90mstdout[2m | src/components/AvatarEditor.stories.tsx[2m > [22m[2mDefault
[22m[39m[MOCK CourseVectorStore] Initialized with mock data
[90mstdout[2m | src/components/AvatarEditor.stories.tsx[2m > [22m[2mDefault
[22m[39m[FilesContext] Vector store population triggered {
  "currentVectorStoreSize": 3,
  "documentsCount": 0,
  "filesCount": 6,
  "isInitialLoad": true,
}
[90mstdout[2m | src/components/AvatarEditor.stories.tsx[2m > [22m[2mDefault
[22m[39m[FilesContext] Vector store population complete - 3 total embeddings
[90mstdout[2m | src/components/AvatarEditor.stories.tsx[2m > [22m[2mDefault
[22m[39m[ChatContext] Chat exists and not archived, skipping creation
[90mstdout[2m | src/components/AvatarEditor.stories.tsx[2m > [22m[2mDefault
[22m[39m[Mock Storage] downloadData called with: undefined
[90mstdout[2m | src/components/AvatarEditor.stories.tsx[2m > [22m[2mLevel 1
[22m[39m[ChatContext] Cleaning up subscriptions
[90mstdout[2m | src/components/AvatarEditor.stories.tsx[2m > [22m[2mLevel 1
[22m[39m[Mock Data] Unit.onUpdate() subscription removed. Remaining: 0
[90mstdout[2m | src/components/AvatarEditor.stories.tsx[2m > [22m[2mLevel 1
[22m[39m[MOCK CourseVectorStore] Initialized with mock data
[90mstdout[2m | src/components/AvatarEditor.stories.tsx[2m > [22m[2mLevel 1
[22m[39m[TranslationModeController] Setting mode to: off
[90mstdout[2m | src/components/AvatarEditor.stories.tsx[2m > [22m[2mLevel 1
[22m[39m[UnitContext] useEffect triggered {
  "authLoading": false,
  "hasUser": true,
  "id": "mock-unit-id",
  "userSub": "mock-user-sub",
}
[90mstdout[2m | src/components/AvatarEditor.stories.tsx[2m > [22m[2mLevel 1
[22m[39m[UnitContext] Fetching unit data for id: mock-unit-id
[90mstdout[2m | src/components/AvatarEditor.stories.tsx[2m > [22m[2mLevel 1
[22m[39m[FilesContext] Initializing vector store from IndexedDB
[90mstdout[2m | src/components/AvatarEditor.stories.tsx[2m > [22m[2mLevel 1
[22m[39m[FilesContext] fetchFiles called
[90mstdout[2m | src/components/AvatarEditor.stories.tsx[2m > [22m[2mLevel 1
[22m[39m[FilesContext] User authenticated: mock-user-sub
[90mstdout[2m | src/components/AvatarEditor.stories.tsx[2m > [22m[2mLevel 1
[22m[39m[FilesContext] Identity ID: us-east-1:mock-identity-123
[90mstdout[2m | src/components/AvatarEditor.stories.tsx[2m > [22m[2mLevel 1
[22m[39m[FilesContext] About to set up File observeQuery
[90mstdout[2m | src/components/AvatarEditor.stories.tsx[2m > [22m[2mLevel 1
[22m[39m[ChatContext] Setting up AssistantChat observeQuery
[90mstdout[2m | src/components/AvatarEditor.stories.tsx[2m > [22m[2mLevel 1
[22m[39m[ChatContext] Waiting for subscription to initialize
[90mstdout[2m | src/components/AvatarEditor.stories.tsx[2m > [22m[2mLevel 1
[22m[39m[SettingsContext] Setting up Settings subscription for user: mock-user-sub
[90mstdout[2m | src/components/AvatarEditor.stories.tsx[2m > [22m[2mLevel 1
[22m[39m[Mock Data] Settings created: mock-settings-1790418166662 - notified 0 subscribers
[90mstdout[2m | src/components/AvatarEditor.stories.tsx[2m > [22m[2mLevel 1
[22m[39m[Mock Data] Unit.onUpdate() subscription added. Total: 1
[90mstdout[2m | src/components/AvatarEditor.stories.tsx[2m > [22m[2mLevel 1
[22m[39m[SectionContext] Section observeQuery update: 0
[90mstdout[2m | src/components/AvatarEditor.stories.tsx[2m > [22m[2mLevel 1
[22m[39m[FilesContext] File observeQuery update: 6 files
[90mstdout[2m | src/components/AvatarEditor.stories.tsx[2m > [22m[2mLevel 1
[22m[39m[ChatContext] AssistantChat initialized with 1 chats
[90mstdout[2m | src/components/AvatarEditor.stories.tsx[2m > [22m[2mLevel 1
[22m[39m[ChatContext] Setting initial chat: mock-assistant-chat-1
[90mstdout[2m | src/components/AvatarEditor.stories.tsx[2m > [22m[2mLevel 1
[22m[39m[MOCK CourseVectorStore] Initialized with mock data
[90mstdout[2m | src/components/AvatarEditor.stories.tsx[2m > [22m[2mLevel 1
[22m[39m[FilesContext] Vector store population triggered {
  "currentVectorStoreSize": 3,
  "documentsCount": 0,
  "filesCount": 6,
  "isInitialLoad": true,
}
[90mstdout[2m | src/components/AvatarEditor.stories.tsx[2m > [22m[2mLevel 1
[22m[39m[FilesContext] Vector store population complete - 3 total embeddings
[90mstdout[2m | src/components/AvatarEditor.stories.tsx[2m > [22m[2mLevel 1
[22m[39m[ChatContext] Chat exists and not archived, skipping creation
[90mstdout[2m | src/components/AvatarEditor.stories.tsx[2m > [22m[2mLevel 1
[22m[39m[Mock Storage] downloadData called with: undefined
[90mstdout[2m | src/components/AvatarEditor.stories.tsx[2m > [22m[2mLevel 2 Detailed
[22m[39m[ChatContext] Cleaning up subscriptions
[90mstdout[2m | src/components/AvatarEditor.stories.tsx[2m > [22m[2mLevel 2 Detailed
[22m[39m[Mock Data] Unit.onUpdate() subscription removed. Remaining: 0
[90mstdout[2m | src/components/AvatarEditor.stories.tsx[2m > [22m[2mLevel 2 Detailed
[22m[39m[MOCK CourseVectorStore] Initialized with mock data
[90mstdout[2m | src/components/AvatarEditor.stories.tsx[2m > [22m[2mLevel 2 Detailed
[22m[39m[TranslationModeController] Setting mode to: off
[90mstdout[2m | src/components/AvatarEditor.stories.tsx[2m > [22m[2mLevel 2 Detailed
[22m[39m[UnitContext] useEffect triggered {
  "authLoading": false,
  "hasUser": true,
  "id": "mock-unit-id",
  "userSub": "mock-user-sub",
}
[90mstdout[2m | src/components/AvatarEditor.stories.tsx[2m > [22m[2mLevel 2 Detailed
[22m[39m[UnitContext] Fetching unit data for id: mock-unit-id
[90mstdout[2m | src/components/AvatarEditor.stories.tsx[2m > [22m[2mLevel 2 Detailed
[22m[39m[FilesContext] Initializing vector store from IndexedDB
[90mstdout[2m | src/components/AvatarEditor.stories.tsx[2m > [22m[2mLevel 2 Detailed
[22m[39m[FilesContext] fetchFiles called
[90mstdout[2m | src/components/AvatarEditor.stories.tsx[2m > [22m[2mLevel 2 Detailed
[22m[39m[FilesContext] User authenticated: mock-user-sub
[90mstdout[2m | src/components/AvatarEditor.stories.tsx[2m > [22m[2mLevel 2 Detailed
[22m[39m[FilesContext] Identity ID: us-east-1:mock-identity-123
[90mstdout[2m | src/components/AvatarEditor.stories.tsx[2m > [22m[2mLevel 2 Detailed
[22m[39m[FilesContext] About to set up File observeQuery
[90mstdout[2m | src/components/AvatarEditor.stories.tsx[2m > [22m[2mLevel 2 Detailed
[22m[39m[ChatContext] Setting up AssistantChat observeQuery
[90mstdout[2m | src/components/AvatarEditor.stories.tsx[2m > [22m[2mLevel 2 Detailed
[22m[39m[ChatContext] Waiting for subscription to initialize
[90mstdout[2m | src/components/AvatarEditor.stories.tsx[2m > [22m[2mLevel 2 Detailed
[22m[39m[SettingsContext] Setting up Settings subscription for user: mock-user-sub
[90mstdout[2m | src/components/AvatarEditor.stories.tsx[2m > [22m[2mLevel 2 Detailed
[22m[39m[Mock Data] Settings created: mock-settings-1790418166798 - notified 0 subscribers
[90mstdout[2m | src/components/AvatarEditor.stories.tsx[2m > [22m[2mLevel 2 Detailed
[22m[39m[Mock Data] Unit.onUpdate() subscription added. Total: 1
[90mstdout[2m | src/components/AvatarEditor.stories.tsx[2m > [22m[2mLevel 2 Detailed
[22m[39m[SectionContext] Section observeQuery update: 0
[90mstdout[2m | src/components/AvatarEditor.stories.tsx[2m > [22m[2mLevel 2 Detailed
[22m[39m[FilesContext] File observeQuery update: 6 files
[90mstdout[2m | src/components/AvatarEditor.stories.tsx[2m > [22m[2mLevel 2 Detailed
[22m[39m[ChatContext] AssistantChat initialized with 1 chats
[90mstdout[2m | src/components/AvatarEditor.stories.tsx[2m > [22m[2mLevel 2 Detailed
[22m[39m[ChatContext] Setting initial chat: mock-assistant-chat-1
[90mstdout[2m | src/components/AvatarEditor.stories.tsx[2m > [22m[2mLevel 2 Detailed
[22m[39m[MOCK CourseVectorStore] Initialized with mock data
[90mstdout[2m | src/components/AvatarEditor.stories.tsx[2m > [22m[2mLevel 2 Detailed
[22m[39m[FilesContext] Vector store population triggered {
  "currentVectorStoreSize": 3,
  "documentsCount": 0,
  "filesCount": 6,
  "isInitialLoad": true,
}
[90mstdout[2m | src/components/AvatarEditor.stories.tsx[2m > [22m[2mLevel 2 Detailed
[22m[39m[FilesContext] Vector store population complete - 3 total embeddings
[90mstdout[2m | src/components/AvatarEditor.stories.tsx[2m > [22m[2mLevel 2 Detailed
[22m[39m[ChatContext] Chat exists and not archived, skipping creation
[90mstdout[2m | src/components/AvatarEditor.stories.tsx[2m > [22m[2mLevel 2 Detailed
[22m[39m[Mock Storage] downloadData called with: undefined
[90mstdout[2m | src/components/AvatarEditor.stories.tsx[2m > [22m[2mLevel 3 Toon Head
[22m[39m[ChatContext] Cleaning up subscriptions
[90mstdout[2m | src/components/AvatarEditor.stories.tsx[2m > [22m[2mLevel 3 Toon Head
[22m[39m[Mock Data] Unit.onUpdate() subscription removed. Remaining: 0
[90mstdout[2m | src/components/AvatarEditor.stories.tsx[2m > [22m[2mLevel 3 Toon Head
[22m[39m[MOCK CourseVectorStore] Initialized with mock data
[90mstdout[2m | src/components/AvatarEditor.stories.tsx[2m > [22m[2mLevel 3 Toon Head
[22m[39m[TranslationModeController] Setting mode to: off
[90mstdout[2m | src/components/AvatarEditor.stories.tsx[2m > [22m[2mLevel 3 Toon Head
[22m[39m[UnitContext] useEffect triggered {
  "authLoading": false,
  "hasUser": true,
  "id": "mock-unit-id",
  "userSub": "mock-user-sub",
}
[90mstdout[2m | src/components/AvatarEditor.stories.tsx[2m > [22m[2mLevel 3 Toon Head
[22m[39m[UnitContext] Fetching unit data for id: mock-unit-id
[90mstdout[2m | src/components/AvatarEditor.stories.tsx[2m > [22m[2mLevel 3 Toon Head
[22m[39m[FilesContext] Initializing vector store from IndexedDB
[90mstdout[2m | src/components/AvatarEditor.stories.tsx[2m > [22m[2mLevel 3 Toon Head
[22m[39m[FilesContext] fetchFiles called
[90mstdout[2m | src/components/AvatarEditor.stories.tsx[2m > [22m[2mLevel 3 Toon Head
[22m[39m[FilesContext] User authenticated: mock-user-sub
[90mstdout[2m | src/components/AvatarEditor.stories.tsx[2m > [22m[2mLevel 3 Toon Head
[22m[39m[FilesContext] Identity ID: us-east-1:mock-identity-123
[90mstdout[2m | src/components/AvatarEditor.stories.tsx[2m > [22m[2mLevel 3 Toon Head
[22m[39m[FilesContext] About to set up File observeQuery
[90mstdout[2m | src/components/AvatarEditor.stories.tsx[2m > [22m[2mLevel 3 Toon Head
[22m[39m[ChatContext] Setting up AssistantChat observeQuery
[90mstdout[2m | src/components/AvatarEditor.stories.tsx[2m > [22m[2mLevel 3 Toon Head
[22m[39m[ChatContext] Waiting for subscription to initialize
[90mstdout[2m | src/components/AvatarEditor.stories.tsx[2m > [22m[2mLevel 3 Toon Head
[22m[39m[SettingsContext] Setting up Settings subscription for user: mock-user-sub
[90mstdout[2m | src/components/AvatarEditor.stories.tsx[2m > [22m[2mLevel 3 Toon Head
[22m[39m[Mock Data] Settings created: mock-settings-1790418166982 - notified 0 subscribers
[90mstdout[2m | src/components/AvatarEditor.stories.tsx[2m > [22m[2mLevel 3 Toon Head
[22m[39m[Mock Data] Unit.onUpdate() subscription added. Total: 1
[90mstdout[2m | src/components/AvatarEditor.stories.tsx[2m > [22m[2mLevel 3 Toon Head
[22m[39m[SectionContext] Section observeQuery update: 0
[90mstdout[2m | src/components/AvatarEditor.stories.tsx[2m > [22m[2mLevel 3 Toon Head
[22m[39m[FilesContext] File observeQuery update: 6 files
[90mstdout[2m | src/components/AvatarEditor.stories.tsx[2m > [22m[2mLevel 3 Toon Head
[22m[39m[ChatContext] AssistantChat initialized with 1 chats
[90mstdout[2m | src/components/AvatarEditor.stories.tsx[2m > [22m[2mLevel 3 Toon Head
[22m[39m[ChatContext] Setting initial chat: mock-assistant-chat-1
[90mstdout[2m | src/components/AvatarEditor.stories.tsx[2m > [22m[2mLevel 3 Toon Head
[22m[39m[MOCK CourseVectorStore] Initialized with mock data
[90mstdout[2m | src/components/AvatarEditor.stories.tsx[2m > [22m[2mLevel 3 Toon Head
[22m[39m[FilesContext] Vector store population triggered {
  "currentVectorStoreSize": 3,
  "documentsCount": 0,
  "filesCount": 6,
  "isInitialLoad": true,
}
[90mstdout[2m | src/components/AvatarEditor.stories.tsx[2m > [22m[2mLevel 3 Toon Head
[22m[39m[FilesContext] Vector store population complete - 3 total embeddings
[90mstdout[2m | src/components/AvatarEditor.stories.tsx[2m > [22m[2mLevel 3 Toon Head
[22m[39m[ChatContext] Chat exists and not archived, skipping creation
[90mstdout[2m | src/components/AvatarEditor.stories.tsx[2m > [22m[2mLevel 3 Toon Head
[22m[39m[Mock Storage] downloadData called with: undefined
[90mstdout[2m | src/components/AvatarEditor.stories.tsx[2m > [22m[2mWith Overrides
[22m[39m[ChatContext] Cleaning up subscriptions
[90mstdout[2m | src/components/AvatarEditor.stories.tsx[2m > [22m[2mWith Overrides
[22m[39m[Mock Data] Unit.onUpdate() subscription removed. Remaining: 0
[90mstdout[2m | src/components/AvatarEditor.stories.tsx[2m > [22m[2mWith Overrides
[22m[39m[MOCK CourseVectorStore] Initialized with mock data
[90mstdout[2m | src/components/AvatarEditor.stories.tsx[2m > [22m[2mWith Overrides
[22m[39m[TranslationModeController] Setting mode to: off
[90mstdout[2m | src/components/AvatarEditor.stories.tsx[2m > [22m[2mWith Overrides
[22m[39m[UnitContext] useEffect triggered {
  "authLoading": false,
  "hasUser": true,
  "id": "mock-unit-id",
  "userSub": "mock-user-sub",
}
[90mstdout[2m | src/components/AvatarEditor.stories.tsx[2m > [22m[2mWith Overrides
[22m[39m[UnitContext] Fetching unit data for id: mock-unit-id
[90mstdout[2m | src/components/AvatarEditor.stories.tsx[2m > [22m[2mWith Overrides
[22m[39m[FilesContext] Initializing vector store from IndexedDB
[90mstdout[2m | src/components/AvatarEditor.stories.tsx[2m > [22m[2mWith Overrides
[22m[39m[FilesContext] fetchFiles called
[90mstdout[2m | src/components/AvatarEditor.stories.tsx[2m > [22m[2mWith Overrides
[22m[39m[FilesContext] User authenticated: mock-user-sub
[90mstdout[2m | src/components/AvatarEditor.stories.tsx[2m > [22m[2mWith Overrides
[22m[39m[FilesContext] Identity ID: us-east-1:mock-identity-123
[90mstdout[2m | src/components/AvatarEditor.stories.tsx[2m > [22m[2mWith Overrides
[22m[39m[FilesContext] About to set up File observeQuery
[90mstdout[2m | src/components/AvatarEditor.stories.tsx[2m > [22m[2mWith Overrides
[22m[39m[ChatContext] Setting up AssistantChat observeQuery
[90mstdout[2m | src/components/AvatarEditor.stories.tsx[2m > [22m[2mWith Overrides
[22m[39m[ChatContext] Waiting for subscription to initialize
[90mstdout[2m | src/components/AvatarEditor.stories.tsx[2m > [22m[2mWith Overrides
[22m[39m[SettingsContext] Setting up Settings subscription for user: mock-user-sub
[90mstdout[2m | src/components/AvatarEditor.stories.tsx[2m > [22m[2mWith Overrides
[22m[39m[Mock Data] Settings created: mock-settings-1790418167138 - notified 0 subscribers
[90mstdout[2m | src/components/AvatarEditor.stories.tsx[2m > [22m[2mWith Overrides
[22m[39m[Mock Data] Unit.onUpdate() subscription added. Total: 1
[90mstdout[2m | src/components/AvatarEditor.stories.tsx[2m > [22m[2mWith Overrides
[22m[39m[SectionContext] Section observeQuery update: 0
[90mstdout[2m | src/components/AvatarEditor.stories.tsx[2m > [22m[2mWith Overrides
[22m[39m[FilesContext] File observeQuery update: 6 files
[90mstdout[2m | src/components/AvatarEditor.stories.tsx[2m > [22m[2mWith Overrides
[22m[39m[ChatContext] AssistantChat initialized with 1 chats
[90mstdout[2m | src/components/AvatarEditor.stories.tsx[2m > [22m[2mWith Overrides
[22m[39m[ChatContext] Setting initial chat: mock-assistant-chat-1
[90mstdout[2m | src/components/AvatarEditor.stories.tsx[2m > [22m[2mWith Overrides
[22m[39m[MOCK CourseVectorStore] Initialized with mock data
[90mstdout[2m | src/components/AvatarEditor.stories.tsx[2m > [22m[2mWith Overrides
[22m[39m[FilesContext] Vector store population triggered {
  "currentVectorStoreSize": 3,
  "documentsCount": 0,
  "filesCount": 6,
  "isInitialLoad": true,
}
[90mstdout[2m | src/components/AvatarEditor.stories.tsx[2m > [22m[2mWith Overrides
[22m[39m[FilesContext] Vector store population complete - 3 total embeddings
[90mstdout[2m | src/components/AvatarEditor.stories.tsx[2m > [22m[2mWith Overrides
[22m[39m[ChatContext] Chat exists and not archived, skipping creation
[90mstdout[2m | src/components/AvatarEditor.stories.tsx[2m > [22m[2mWith Overrides
[22m[39m[Mock Storage] downloadData called with: undefined
 [32m✓[39m [30m[45m storybook (chromium) [49m[39m src/components/AvatarEditor.stories.tsx [2m([22m[2m5 tests[22m[2m)[22m[33m 947[2mms[22m[39m
   [33m[2m✓[22m[39m Default [33m 357[2mms[22m[39m
[90mstdout[2m | unknown test
[22m[39m[MOCK vectorStoreDB.js] Module loaded - mock IndexedDB operations
[90mstdout[2m | unknown test
[22m[39m[Task Completion] DOM action listeners initialized
[90mstdout[2m | unknown test
[22m[39m[Task Completion] Auto-completion detector initialized
[90mstdout[2m | unknown test
[22m[39m[Preview] Task completion detector initialized
[90mstdout[2m | src/components/SortableAnswers.stories.jsx[2m > [22m[2mDefault
[22m[39m[MOCK CourseVectorStore] Initialized with mock data
[90mstdout[2m | src/components/SortableAnswers.stories.jsx[2m > [22m[2mDefault
[22m[39manswers [
  {
    "answer": "Paris",
    "correct": true,
  },
  {
    "answer": "London",
    "correct": false,
  },
  {
    "answer": "Berlin",
    "correct": false,
  },
  {
    "answer": "Madrid",
    "correct": false,
  },
]
[90mstdout[2m | src/components/SortableAnswers.stories.jsx[2m > [22m[2mDefault
[22m[39mAnswer {
  "answer": "Paris",
  "correct": true,
}
[90mstdout[2m | src/components/SortableAnswers.stories.jsx[2m > [22m[2mDefault
[22m[39mAnswer {
  "answer": "London",
  "correct": false,
}
[90mstdout[2m | src/components/SortableAnswers.stories.jsx[2m > [22m[2mDefault
[22m[39mAnswer {
  "answer": "Berlin",
  "correct": false,
}
[90mstdout[2m | src/components/SortableAnswers.stories.jsx[2m > [22m[2mDefault
[22m[39mAnswer {
  "answer": "Madrid",
  "correct": false,
}
[90mstdout[2m | src/components/SortableAnswers.stories.jsx[2m > [22m[2mDefault
[22m[39m[TranslationModeController] Setting mode to: off
[90mstdout[2m | src/components/SortableAnswers.stories.jsx[2m > [22m[2mDefault
[22m[39m[UnitContext] useEffect triggered {
  "authLoading": false,
  "hasUser": true,
  "id": "mock-unit-id",
  "userSub": "mock-user-sub",
}
[90mstdout[2m | src/components/SortableAnswers.stories.jsx[2m > [22m[2mDefault
[22m[39m[UnitContext] Fetching unit data for id: mock-unit-id
[90mstdout[2m | src/components/SortableAnswers.stories.jsx[2m > [22m[2mDefault
[22m[39m[FilesContext] Initializing vector store from IndexedDB
[90mstdout[2m | src/components/SortableAnswers.stories.jsx[2m > [22m[2mDefault
[22m[39m[FilesContext] fetchFiles called
[90mstdout[2m | src/components/SortableAnswers.stories.jsx[2m > [22m[2mDefault
[22m[39m[FilesContext] User authenticated: mock-user-sub
[90mstdout[2m | src/components/SortableAnswers.stories.jsx[2m > [22m[2mDefault
[22m[39m[FilesContext] Identity ID: us-east-1:mock-identity-123
[90mstdout[2m | src/components/SortableAnswers.stories.jsx[2m > [22m[2mDefault
[22m[39m[FilesContext] About to set up File observeQuery
[90mstdout[2m | src/components/SortableAnswers.stories.jsx[2m > [22m[2mDefault
[22m[39m[ChatContext] Setting up AssistantChat observeQuery
[90mstdout[2m | src/components/SortableAnswers.stories.jsx[2m > [22m[2mDefault
[22m[39m[ChatContext] Waiting for subscription to initialize
[90mstdout[2m | src/components/SortableAnswers.stories.jsx[2m > [22m[2mDefault
[22m[39m[SettingsContext] Setting up Settings subscription for user: mock-user-sub
[90mstdout[2m | src/components/SortableAnswers.stories.jsx[2m > [22m[2mDefault
[22m[39mAnswer {
  "answer": "Paris",
  "correct": true,
}
[90mstdout[2m | src/components/SortableAnswers.stories.jsx[2m > [22m[2mDefault
[22m[39mAnswer {
  "answer": "London",
  "correct": false,
}
[90mstdout[2m | src/components/SortableAnswers.stories.jsx[2m > [22m[2mDefault
[22m[39mAnswer {
  "answer": "Berlin",
  "correct": false,
}
[90mstdout[2m | src/components/SortableAnswers.stories.jsx[2m > [22m[2mDefault
[22m[39mAnswer {
  "answer": "Madrid",
  "correct": false,
}
[90mstdout[2m | src/components/SortableAnswers.stories.jsx[2m > [22m[2mDefault
[22m[39m[Mock Data] Settings created: mock-settings-1790418169438 - notified 0 subscribers
[90mstdout[2m | src/components/SortableAnswers.stories.jsx[2m > [22m[2mDefault
[22m[39m[Mock Data] Unit.onUpdate() subscription added. Total: 1
[90mstdout[2m | src/components/SortableAnswers.stories.jsx[2m > [22m[2mDefault
[22m[39m[SectionContext] Section observeQuery update: 0
[90mstdout[2m | src/components/SortableAnswers.stories.jsx[2m > [22m[2mDefault
[22m[39m[FilesContext] File observeQuery update: 6 files
[90mstdout[2m | src/components/SortableAnswers.stories.jsx[2m > [22m[2mDefault
[22m[39m[ChatContext] AssistantChat initialized with 1 chats
[90mstdout[2m | src/components/SortableAnswers.stories.jsx[2m > [22m[2mDefault
[22m[39m[ChatContext] Setting initial chat: mock-assistant-chat-1
[90mstdout[2m | src/components/SortableAnswers.stories.jsx[2m > [22m[2mDefault
[22m[39m[MOCK CourseVectorStore] Initialized with mock data
[90mstdout[2m | src/components/SortableAnswers.stories.jsx[2m > [22m[2mDefault
[22m[39m[FilesContext] Vector store population triggered {
  "currentVectorStoreSize": 3,
  "documentsCount": 0,
  "filesCount": 6,
  "isInitialLoad": true,
}
[90mstdout[2m | src/components/SortableAnswers.stories.jsx[2m > [22m[2mDefault
[22m[39m[FilesContext] Vector store population complete - 3 total embeddings
[90mstdout[2m | src/components/SortableAnswers.stories.jsx[2m > [22m[2mDefault
[22m[39m[ChatContext] Chat exists and not archived, skipping creation
[90mstdout[2m | src/components/SortableAnswers.stories.jsx[2m > [22m[2mDefault
[22m[39m[Mock Storage] downloadData called with: undefined
[90mstdout[2m | src/components/SortableAnswers.stories.jsx[2m > [22m[2mSingle Answer
[22m[39m[ChatContext] Cleaning up subscriptions
[90mstdout[2m | src/components/SortableAnswers.stories.jsx[2m > [22m[2mSingle Answer
[22m[39m[Mock Data] Unit.onUpdate() subscription removed. Remaining: 0
[90mstdout[2m | src/components/SortableAnswers.stories.jsx[2m > [22m[2mSingle Answer
[22m[39m[MOCK CourseVectorStore] Initialized with mock data
[90mstdout[2m | src/components/SortableAnswers.stories.jsx[2m > [22m[2mSingle Answer
[22m[39manswers [
  {
    "answer": "Single answer",
    "correct": true,
  },
]
[90mstdout[2m | src/components/SortableAnswers.stories.jsx[2m > [22m[2mSingle Answer
[22m[39mAnswer {
  "answer": "Single answer",
  "correct": true,
}
[90mstdout[2m | src/components/SortableAnswers.stories.jsx[2m > [22m[2mSingle Answer
[22m[39m[TranslationModeController] Setting mode to: off
[90mstdout[2m | src/components/SortableAnswers.stories.jsx[2m > [22m[2mSingle Answer
[22m[39m[UnitContext] useEffect triggered {
  "authLoading": false,
  "hasUser": true,
  "id": "mock-unit-id",
  "userSub": "mock-user-sub",
}
[90mstdout[2m | src/components/SortableAnswers.stories.jsx[2m > [22m[2mSingle Answer
[22m[39m[UnitContext] Fetching unit data for id: mock-unit-id
[90mstdout[2m | src/components/SortableAnswers.stories.jsx[2m > [22m[2mSingle Answer
[22m[39m[FilesContext] Initializing vector store from IndexedDB
[90mstdout[2m | src/components/SortableAnswers.stories.jsx[2m > [22m[2mSingle Answer
[22m[39m[FilesContext] fetchFiles called
[90mstdout[2m | src/components/SortableAnswers.stories.jsx[2m > [22m[2mSingle Answer
[22m[39m[FilesContext] User authenticated: mock-user-sub
[90mstdout[2m | src/components/SortableAnswers.stories.jsx[2m > [22m[2mSingle Answer
[22m[39m[FilesContext] Identity ID: us-east-1:mock-identity-123
[90mstdout[2m | src/components/SortableAnswers.stories.jsx[2m > [22m[2mSingle Answer
[22m[39m[FilesContext] About to set up File observeQuery
[90mstdout[2m | src/components/SortableAnswers.stories.jsx[2m > [22m[2mSingle Answer
[22m[39m[ChatContext] Setting up AssistantChat observeQuery
[90mstdout[2m | src/components/SortableAnswers.stories.jsx[2m > [22m[2mSingle Answer
[22m[39m[ChatContext] Waiting for subscription to initialize
[90mstdout[2m | src/components/SortableAnswers.stories.jsx[2m > [22m[2mSingle Answer
[22m[39m[SettingsContext] Setting up Settings subscription for user: mock-user-sub
[90mstdout[2m | src/components/SortableAnswers.stories.jsx[2m > [22m[2mSingle Answer
[22m[39mAnswer {
  "answer": "Single answer",
  "correct": true,
}
[90mstdout[2m | src/components/SortableAnswers.stories.jsx[2m > [22m[2mSingle Answer
[22m[39m[Mock Data] Settings created: mock-settings-1790418169796 - notified 0 subscribers
[90mstdout[2m | src/components/SortableAnswers.stories.jsx[2m > [22m[2mSingle Answer
[22m[39m[Mock Data] Unit.onUpdate() subscription added. Total: 1
[90mstdout[2m | src/components/SortableAnswers.stories.jsx[2m > [22m[2mSingle Answer
[22m[39m[SectionContext] Section observeQuery update: 0
[90mstdout[2m | src/components/SortableAnswers.stories.jsx[2m > [22m[2mSingle Answer
[22m[39m[FilesContext] File observeQuery update: 6 files
[90mstdout[2m | src/components/SortableAnswers.stories.jsx[2m > [22m[2mSingle Answer
[22m[39m[ChatContext] AssistantChat initialized with 1 chats
[90mstdout[2m | src/components/SortableAnswers.stories.jsx[2m > [22m[2mSingle Answer
[22m[39m[ChatContext] Setting initial chat: mock-assistant-chat-1
[90mstdout[2m | src/components/SortableAnswers.stories.jsx[2m > [22m[2mSingle Answer
[22m[39m[MOCK CourseVectorStore] Initialized with mock data
[90mstdout[2m | src/components/SortableAnswers.stories.jsx[2m > [22m[2mSingle Answer
[22m[39m[FilesContext] Vector store population triggered {
  "currentVectorStoreSize": 3,
  "documentsCount": 0,
  "filesCount": 6,
  "isInitialLoad": true,
}
[90mstdout[2m | src/components/SortableAnswers.stories.jsx[2m > [22m[2mSingle Answer
[22m[39m[FilesContext] Vector store population complete - 3 total embeddings
[90mstdout[2m | src/components/SortableAnswers.stories.jsx[2m > [22m[2mSingle Answer
[22m[39m[ChatContext] Chat exists and not archived, skipping creation
[90mstdout[2m | src/components/SortableAnswers.stories.jsx[2m > [22m[2mSingle Answer
[22m[39m[Mock Storage] downloadData called with: undefined
[90mstdout[2m | src/components/SortableAnswers.stories.jsx[2m > [22m[2mMany Answers
[22m[39m[ChatContext] Cleaning up subscriptions
[90mstdout[2m | src/components/SortableAnswers.stories.jsx[2m > [22m[2mMany Answers
[22m[39m[Mock Data] Unit.onUpdate() subscription removed. Remaining: 0
[90mstdout[2m | src/components/SortableAnswers.stories.jsx[2m > [22m[2mMany Answers
[22m[39m[MOCK CourseVectorStore] Initialized with mock data
[90mstdout[2m | src/components/SortableAnswers.stories.jsx[2m > [22m[2mMany Answers
[22m[39manswers [
  {
    "answer": "Answer 1",
    "correct": false,
  },
  {
    "answer": "Answer 2",
    "correct": true,
  },
  {
    "answer": "Answer 3",
    "correct": false,
  },
  {
    "answer": "Answer 4",
    "correct": false,
  },
  {
    "answer": "Answer 5",
    "correct": false,
  },
  {
    "answer": "Answer 6",
    "correct": false,
  },
]
[90mstdout[2m | src/components/SortableAnswers.stories.jsx[2m > [22m[2mMany Answers
[22m[39mAnswer {
  "answer": "Answer 1",
  "correct": false,
}
[90mstdout[2m | src/components/SortableAnswers.stories.jsx[2m > [22m[2mMany Answers
[22m[39mAnswer {
  "answer": "Answer 2",
  "correct": true,
}
[90mstdout[2m | src/components/SortableAnswers.stories.jsx[2m > [22m[2mMany Answers
[22m[39mAnswer {
  "answer": "Answer 3",
  "correct": false,
}
[90mstdout[2m | src/components/SortableAnswers.stories.jsx[2m > [22m[2mMany Answers
[22m[39mAnswer {
  "answer": "Answer 4",
  "correct": false,
}
[90mstdout[2m | src/components/SortableAnswers.stories.jsx[2m > [22m[2mMany Answers
[22m[39mAnswer {
  "answer": "Answer 5",
  "correct": false,
}
[90mstdout[2m | src/components/SortableAnswers.stories.jsx[2m > [22m[2mMany Answers
[22m[39mAnswer {
  "answer": "Answer 6",
  "correct": false,
}
[90mstdout[2m | src/components/SortableAnswers.stories.jsx[2m > [22m[2mMany Answers
[22m[39m[TranslationModeController] Setting mode to: off
[90mstdout[2m | src/components/SortableAnswers.stories.jsx[2m > [22m[2mMany Answers
[22m[39m[UnitContext] useEffect triggered {
  "authLoading": false,
  "hasUser": true,
  "id": "mock-unit-id",
  "userSub": "mock-user-sub",
}
[90mstdout[2m | src/components/SortableAnswers.stories.jsx[2m > [22m[2mMany Answers
[22m[39m[UnitContext] Fetching unit data for id: mock-unit-id
[90mstdout[2m | src/components/SortableAnswers.stories.jsx[2m > [22m[2mMany Answers
[22m[39m[FilesContext] Initializing vector store from IndexedDB
[90mstdout[2m | src/components/SortableAnswers.stories.jsx[2m > [22m[2mMany Answers
[22m[39m[FilesContext] fetchFiles called
[90mstdout[2m | src/components/SortableAnswers.stories.jsx[2m > [22m[2mMany Answers
[22m[39m[FilesContext] User authenticated: mock-user-sub
[90mstdout[2m | src/components/SortableAnswers.stories.jsx[2m > [22m[2mMany Answers
[22m[39m[FilesContext] Identity ID: us-east-1:mock-identity-123
[90mstdout[2m | src/components/SortableAnswers.stories.jsx[2m > [22m[2mMany Answers
[22m[39m[FilesContext] About to set up File observeQuery
[90mstdout[2m | src/components/SortableAnswers.stories.jsx[2m > [22m[2mMany Answers
[22m[39m[ChatContext] Setting up AssistantChat observeQuery
[90mstdout[2m | src/components/SortableAnswers.stories.jsx[2m > [22m[2mMany Answers
[22m[39m[ChatContext] Waiting for subscription to initialize
[90mstdout[2m | src/components/SortableAnswers.stories.jsx[2m > [22m[2mMany Answers
[22m[39m[SettingsContext] Setting up Settings subscription for user: mock-user-sub
[90mstdout[2m | src/components/SortableAnswers.stories.jsx[2m > [22m[2mMany Answers
[22m[39mAnswer {
  "answer": "Answer 1",
  "correct": false,
}
[90mstdout[2m | src/components/SortableAnswers.stories.jsx[2m > [22m[2mMany Answers
[22m[39mAnswer {
  "answer": "Answer 2",
  "correct": true,
}
[90mstdout[2m | src/components/SortableAnswers.stories.jsx[2m > [22m[2mMany Answers
[22m[39mAnswer {
  "answer": "Answer 3",
  "correct": false,
}
[90mstdout[2m | src/components/SortableAnswers.stories.jsx[2m > [22m[2mMany Answers
[22m[39mAnswer {
  "answer": "Answer 4",
  "correct": false,
}
[90mstdout[2m | src/components/SortableAnswers.stories.jsx[2m > [22m[2mMany Answers
[22m[39mAnswer {
  "answer": "Answer 5",
  "correct": false,
}
[90mstdout[2m | src/components/SortableAnswers.stories.jsx[2m > [22m[2mMany Answers
[22m[39mAnswer {
  "answer": "Answer 6",
  "correct": false,
}
[90mstdout[2m | src/components/SortableAnswers.stories.jsx[2m > [22m[2mMany Answers
[22m[39m[Mock Data] Settings created: mock-settings-1790418170029 - notified 0 subscribers
[90mstdout[2m | src/components/SortableAnswers.stories.jsx[2m > [22m[2mMany Answers
[22m[39m[Mock Data] Unit.onUpdate() subscription added. Total: 1
[90mstdout[2m | src/components/SortableAnswers.stories.jsx[2m > [22m[2mMany Answers
[22m[39m[SectionContext] Section observeQuery update: 0
[90mstdout[2m | src/components/SortableAnswers.stories.jsx[2m > [22m[2mMany Answers
[22m[39m[FilesContext] File observeQuery update: 6 files
[90mstdout[2m | src/components/SortableAnswers.stories.jsx[2m > [22m[2mMany Answers
[22m[39m[ChatContext] AssistantChat initialized with 1 chats
[90mstdout[2m | src/components/SortableAnswers.stories.jsx[2m > [22m[2mMany Answers
[22m[39m[ChatContext] Setting initial chat: mock-assistant-chat-1
[90mstdout[2m | src/components/SortableAnswers.stories.jsx[2m > [22m[2mMany Answers
[22m[39m[MOCK CourseVectorStore] Initialized with mock data
[90mstdout[2m | src/components/SortableAnswers.stories.jsx[2m > [22m[2mMany Answers
[22m[39m[FilesContext] Vector store population triggered {
  "currentVectorStoreSize": 3,
  "documentsCount": 0,
  "filesCount": 6,
  "isInitialLoad": true,
}
[90mstdout[2m | src/components/SortableAnswers.stories.jsx[2m > [22m[2mMany Answers
[22m[39m[FilesContext] Vector store population complete - 3 total embeddings
[90mstdout[2m | src/components/SortableAnswers.stories.jsx[2m > [22m[2mMany Answers
[22m[39m[ChatContext] Chat exists and not archived, skipping creation
[90mstdout[2m | src/components/SortableAnswers.stories.jsx[2m > [22m[2mMany Answers
[22m[39m[Mock Storage] downloadData called with: undefined
 [32m✓[39m [30m[45m storybook (chromium) [49m[39m src/components/SortableAnswers.stories.jsx [2m([22m[2m3 tests[22m[2m)[22m[33m 918[2mms[22m[39m
   [33m[2m✓[22m[39m Default [33m 431[2mms[22m[39m
   [33m[2m✓[22m[39m Many Answers [33m 325[2mms[22m[39m
[90mstdout[2m | unknown test
[22m[39m[MOCK vectorStoreDB.js] Module loaded - mock IndexedDB operations
[90mstdout[2m | unknown test
[22m[39m[Task Completion] DOM action listeners initialized
[90mstdout[2m | unknown test
[22m[39m[Task Completion] Auto-completion detector initialized
[90mstdout[2m | unknown test
[22m[39m[Preview] Task completion detector initialized
[90mstdout[2m | src/components/Gamification/SquadMentionPill.stories.tsx[2m > [22m[2mDefault
[22m[39m[TranslationModeController] Setting mode to: off
[90mstdout[2m | src/components/Gamification/SquadMentionPill.stories.tsx[2m > [22m[2mMedium
[22m[39m[TranslationModeController] Setting mode to: off
[90mstdout[2m | src/components/Gamification/SquadMentionPill.stories.tsx[2m > [22m[2mWith Svg Crest
[22m[39m[TranslationModeController] Setting mode to: off
[90mstdout[2m | src/components/Gamification/SquadMentionPill.stories.tsx[2m > [22m[2mClickable
[22m[39m[TranslationModeController] Setting mode to: off
[90mstdout[2m | src/components/Gamification/SquadMentionPill.stories.tsx[2m > [22m[2mMultiple Inline
[22m[39m[TranslationModeController] Setting mode to: off
[90mstdout[2m | src/components/Gamification/SquadMentionPill.stories.tsx[2m > [22m[2mParsed From Template
[22m[39m[TranslationModeController] Setting mode to: off
 [32m✓[39m [30m[45m storybook (chromium) [49m[39m src/components/Gamification/SquadMentionPill.stories.tsx [2m([22m[2m6 tests[22m[2m)[22m[33m 642[2mms[22m[39m
[90mstdout[2m | unknown test
[22m[39m[MOCK vectorStoreDB.js] Module loaded - mock IndexedDB operations
[90mstdout[2m | unknown test
[22m[39m[Task Completion] DOM action listeners initialized
[90mstdout[2m | unknown test
[22m[39m[Task Completion] Auto-completion detector initialized
[90mstdout[2m | unknown test
[22m[39m[Preview] Task completion detector initialized
[90mstdout[2m | src/components/Editor3/plugins/FloatingLinkEditorPlugin.stories.jsx[2m > [22m[2mEditable Empty
[22m[39m[Preview] Skipped initializing default mock data (initializeMockData=false)
[90mstdout[2m | src/components/Editor3/plugins/FloatingLinkEditorPlugin.stories.jsx[2m > [22m[2mEditable Empty
[22m[39m[Mock Data] seedMockUnit: Adding unit floating-link-story-unit
[90mstdout[2m | src/components/Editor3/plugins/FloatingLinkEditorPlugin.stories.jsx[2m > [22m[2mEditable Empty
[22m[39m[MOCK CourseVectorStore] Initialized with mock data
[90mstdout[2m | src/components/Editor3/plugins/FloatingLinkEditorPlugin.stories.jsx[2m > [22m[2mEditable Empty
[22m[39m[TranslationModeController] Setting mode to: off
[90mstdout[2m | src/components/Editor3/plugins/FloatingLinkEditorPlugin.stories.jsx[2m > [22m[2mEditable Empty
[22m[39m[UnitContext] useEffect triggered {
  "authLoading": false,
  "hasUser": true,
  "id": "floating-link-story-unit",
  "userSub": "mock-user-sub",
}
[90mstdout[2m | src/components/Editor3/plugins/FloatingLinkEditorPlugin.stories.jsx[2m > [22m[2mEditable Empty
[22m[39m[UnitContext] Fetching unit data for id: floating-link-story-unit
[90mstdout[2m | src/components/Editor3/plugins/FloatingLinkEditorPlugin.stories.jsx[2m > [22m[2mEditable Empty
[22m[39m[FilesContext] Initializing vector store from IndexedDB
[90mstdout[2m | src/components/Editor3/plugins/FloatingLinkEditorPlugin.stories.jsx[2m > [22m[2mEditable Empty
[22m[39m[FilesContext] fetchFiles called
[90mstdout[2m | src/components/Editor3/plugins/FloatingLinkEditorPlugin.stories.jsx[2m > [22m[2mEditable Empty
[22m[39m[FilesContext] User authenticated: mock-user-sub
[90mstdout[2m | src/components/Editor3/plugins/FloatingLinkEditorPlugin.stories.jsx[2m > [22m[2mEditable Empty
[22m[39m[FilesContext] Identity ID: us-east-1:mock-identity-123
[90mstdout[2m | src/components/Editor3/plugins/FloatingLinkEditorPlugin.stories.jsx[2m > [22m[2mEditable Empty
[22m[39m[FilesContext] About to set up File observeQuery
[90mstdout[2m | src/components/Editor3/plugins/FloatingLinkEditorPlugin.stories.jsx[2m > [22m[2mEditable Empty
[22m[39m[ChatContext] Setting up AssistantChat observeQuery
[90mstdout[2m | src/components/Editor3/plugins/FloatingLinkEditorPlugin.stories.jsx[2m > [22m[2mEditable Empty
[22m[39m[ChatContext] Waiting for subscription to initialize
[90mstdout[2m | src/components/Editor3/plugins/FloatingLinkEditorPlugin.stories.jsx[2m > [22m[2mEditable Empty
[22m[39m[SettingsContext] Setting up Settings subscription for user: mock-user-sub
[90mstdout[2m | src/components/Editor3/plugins/FloatingLinkEditorPlugin.stories.jsx[2m > [22m[2mEditable Empty
[22m[39m[Mock Data] Settings created: mock-settings-1790418172712 - notified 0 subscribers
[90mstdout[2m | src/components/Editor3/plugins/FloatingLinkEditorPlugin.stories.jsx[2m > [22m[2mEditable Empty
[22m[39m[Mock Data] Unit.onUpdate() subscription added. Total: 1
[90mstdout[2m | src/components/Editor3/plugins/FloatingLinkEditorPlugin.stories.jsx[2m > [22m[2mEditable Empty
[22m[39m[SectionContext] Section observeQuery update: 0
[90mstdout[2m | src/components/Editor3/plugins/FloatingLinkEditorPlugin.stories.jsx[2m > [22m[2mEditable Empty
[22m[39m[FilesContext] File observeQuery update: 0 files
[90mstdout[2m | src/components/Editor3/plugins/FloatingLinkEditorPlugin.stories.jsx[2m > [22m[2mEditable Empty
[22m[39m[ChatContext] AssistantChat initialized with 0 chats
[90mstdout[2m | src/components/Editor3/plugins/FloatingLinkEditorPlugin.stories.jsx[2m > [22m[2mEditable Empty
[22m[39m[MOCK CourseVectorStore] Initialized with mock data
[90mstdout[2m | src/components/Editor3/plugins/FloatingLinkEditorPlugin.stories.jsx[2m > [22m[2mEditable Empty
[22m[39m[ChatContext] No current chat available, will create one
[90mstdout[2m | src/components/Editor3/plugins/FloatingLinkEditorPlugin.stories.jsx[2m > [22m[2mEditable Empty
[22m[39m[ChatContext] Creating AssistantChat with user: undefined
[90mstdout[2m | src/components/Editor3/plugins/FloatingLinkEditorPlugin.stories.jsx[2m > [22m[2mEditable Empty
[22m[39m[Mock Data] AssistantChat created: mock-assistantchat-1790418172723 - notified 1 subscribers
[90mstdout[2m | src/components/Editor3/plugins/FloatingLinkEditorPlugin.stories.jsx[2m > [22m[2mEditable Empty
[22m[39m[ChatContext] Create result: {
  "data": {
    "_version": 1,
    "archived": false,
    "chatFiles": [Function anonymous],
    "createdAt": "2026-09-26T10:22:52.723Z",
    "id": "mock-assistantchat-1790418172723",
    "model": "gpt-4",
    "updatedAt": "2026-09-26T10:22:52.723Z",
  },
  "errors": [],
  "hasData": true,
  "hasErrors": true,
}
[90mstdout[2m | src/components/Editor3/plugins/FloatingLinkEditorPlugin.stories.jsx[2m > [22m[2mEditable Empty
[22m[39m[ChatContext] Created AssistantChat: mock-assistantchat-1790418172723 at: 2026-09-26T10:22:52.723Z
[90mstdout[2m | src/components/Editor3/plugins/FloatingLinkEditorPlugin.stories.jsx[2m > [22m[2mEditable Empty
[22m[39m[Mock Storage] downloadData called with: undefined
[90mstdout[2m | src/components/Editor3/plugins/FloatingLinkEditorPlugin.stories.jsx[2m > [22m[2mEditable Empty
[22m[39m[ChatContext] Setting initial chat: mock-assistantchat-1790418172723
[90mstdout[2m | src/components/Editor3/plugins/FloatingLinkEditorPlugin.stories.jsx[2m > [22m[2mEditable Empty
[22m[39m[ChatContext] Chat exists and not archived, skipping creation
[90mstdout[2m | src/components/Editor3/plugins/FloatingLinkEditorPlugin.stories.jsx[2m > [22m[2mEditable With Links
[22m[39m[ChatContext] Cleaning up subscriptions
[90mstdout[2m | src/components/Editor3/plugins/FloatingLinkEditorPlugin.stories.jsx[2m > [22m[2mEditable With Links
[22m[39m[Mock Data] Unit.onUpdate() subscription removed. Remaining: 0
[90mstdout[2m | src/components/Editor3/plugins/FloatingLinkEditorPlugin.stories.jsx[2m > [22m[2mEditable With Links
[22m[39m[Preview] Skipped initializing default mock data (initializeMockData=false)
[90mstdout[2m | src/components/Editor3/plugins/FloatingLinkEditorPlugin.stories.jsx[2m > [22m[2mEditable With Links
[22m[39m[Mock Data] seedMockUnit: Adding unit floating-link-story-unit
[90mstdout[2m | src/components/Editor3/plugins/FloatingLinkEditorPlugin.stories.jsx[2m > [22m[2mEditable With Links
[22m[39m[MOCK CourseVectorStore] Initialized with mock data
[90mstdout[2m | src/components/Editor3/plugins/FloatingLinkEditorPlugin.stories.jsx[2m > [22m[2mEditable With Links
[22m[39m[TranslationModeController] Setting mode to: off
[90mstdout[2m | src/components/Editor3/plugins/FloatingLinkEditorPlugin.stories.jsx[2m > [22m[2mEditable With Links
[22m[39m[UnitContext] useEffect triggered {
  "authLoading": false,
  "hasUser": true,
  "id": "floating-link-story-unit",
  "userSub": "mock-user-sub",
}
[90mstdout[2m | src/components/Editor3/plugins/FloatingLinkEditorPlugin.stories.jsx[2m > [22m[2mEditable With Links
[22m[39m[UnitContext] Fetching unit data for id: floating-link-story-unit
[90mstdout[2m | src/components/Editor3/plugins/FloatingLinkEditorPlugin.stories.jsx[2m > [22m[2mEditable With Links
[22m[39m[FilesContext] Initializing vector store from IndexedDB
[90mstdout[2m | src/components/Editor3/plugins/FloatingLinkEditorPlugin.stories.jsx[2m > [22m[2mEditable With Links
[22m[39m[FilesContext] fetchFiles called
[90mstdout[2m | src/components/Editor3/plugins/FloatingLinkEditorPlugin.stories.jsx[2m > [22m[2mEditable With Links
[22m[39m[FilesContext] User authenticated: mock-user-sub
[90mstdout[2m | src/components/Editor3/plugins/FloatingLinkEditorPlugin.stories.jsx[2m > [22m[2mEditable With Links
[22m[39m[FilesContext] Identity ID: us-east-1:mock-identity-123
[90mstdout[2m | src/components/Editor3/plugins/FloatingLinkEditorPlugin.stories.jsx[2m > [22m[2mEditable With Links
[22m[39m[FilesContext] About to set up File observeQuery
[90mstdout[2m | src/components/Editor3/plugins/FloatingLinkEditorPlugin.stories.jsx[2m > [22m[2mEditable With Links
[22m[39m[ChatContext] Setting up AssistantChat observeQuery
[90mstdout[2m | src/components/Editor3/plugins/FloatingLinkEditorPlugin.stories.jsx[2m > [22m[2mEditable With Links
[22m[39m[ChatContext] Waiting for subscription to initialize
[90mstdout[2m | src/components/Editor3/plugins/FloatingLinkEditorPlugin.stories.jsx[2m > [22m[2mEditable With Links
[22m[39m[SettingsContext] Setting up Settings subscription for user: mock-user-sub
[90mstdout[2m | src/components/Editor3/plugins/FloatingLinkEditorPlugin.stories.jsx[2m > [22m[2mEditable With Links
[22m[39m[Mock Data] Settings created: mock-settings-1790418172871 - notified 0 subscribers
[90mstdout[2m | src/components/Editor3/plugins/FloatingLinkEditorPlugin.stories.jsx[2m > [22m[2mEditable With Links
[22m[39m[Mock Data] Unit.onUpdate() subscription added. Total: 1
[90mstdout[2m | src/components/Editor3/plugins/FloatingLinkEditorPlugin.stories.jsx[2m > [22m[2mEditable With Links
[22m[39m[SectionContext] Section observeQuery update: 0
[90mstdout[2m | src/components/Editor3/plugins/FloatingLinkEditorPlugin.stories.jsx[2m > [22m[2mEditable With Links
[22m[39m[FilesContext] File observeQuery update: 0 files
[90mstdout[2m | src/components/Editor3/plugins/FloatingLinkEditorPlugin.stories.jsx[2m > [22m[2mEditable With Links
[22m[39m[ChatContext] AssistantChat initialized with 0 chats
[90mstdout[2m | src/components/Editor3/plugins/FloatingLinkEditorPlugin.stories.jsx[2m > [22m[2mEditable With Links
[22m[39m[MOCK CourseVectorStore] Initialized with mock data
[90mstdout[2m | src/components/Editor3/plugins/FloatingLinkEditorPlugin.stories.jsx[2m > [22m[2mEditable With Links
[22m[39m[ChatContext] No current chat available, will create one
[90mstdout[2m | src/components/Editor3/plugins/FloatingLinkEditorPlugin.stories.jsx[2m > [22m[2mEditable With Links
[22m[39m[ChatContext] Creating AssistantChat with user: undefined
[90mstdout[2m | src/components/Editor3/plugins/FloatingLinkEditorPlugin.stories.jsx[2m > [22m[2mEditable With Links
[22m[39m[Mock Data] AssistantChat created: mock-assistantchat-1790418172881 - notified 1 subscribers
[90mstdout[2m | src/components/Editor3/plugins/FloatingLinkEditorPlugin.stories.jsx[2m > [22m[2mEditable With Links
[22m[39m[ChatContext] Create result: {
  "data": {
    "_version": 1,
    "archived": false,
    "chatFiles": [Function anonymous],
    "createdAt": "2026-09-26T10:22:52.881Z",
    "id": "mock-assistantchat-1790418172881",
    "model": "gpt-4",
    "updatedAt": "2026-09-26T10:22:52.881Z",
  },
  "errors": [],
  "hasData": true,
  "hasErrors": true,
}
[90mstdout[2m | src/components/Editor3/plugins/FloatingLinkEditorPlugin.stories.jsx[2m > [22m[2mEditable With Links
[22m[39m[ChatContext] Created AssistantChat: mock-assistantchat-1790418172881 at: 2026-09-26T10:22:52.881Z
[90mstdout[2m | src/components/Editor3/plugins/FloatingLinkEditorPlugin.stories.jsx[2m > [22m[2mEditable With Links
[22m[39m[Mock Storage] downloadData called with: undefined
[90mstdout[2m | src/components/Editor3/plugins/FloatingLinkEditorPlugin.stories.jsx[2m > [22m[2mEditable With Links
[22m[39m[ChatContext] Setting initial chat: mock-assistantchat-1790418172881
[90mstdout[2m | src/components/Editor3/plugins/FloatingLinkEditorPlugin.stories.jsx[2m > [22m[2mEditable With Links
[22m[39m[ChatContext] Chat exists and not archived, skipping creation
 [32m✓[39m [30m[45m storybook (chromium) [49m[39m src/components/Editor3/plugins/FloatingLinkEditorPlugin.stories.jsx [2m([22m[2m2 tests[22m[2m)[22m[33m 337[2mms[22m[39m
[90mstdout[2m | unknown test
[22m[39m[MOCK vectorStoreDB.js] Module loaded - mock IndexedDB operations
[90mstdout[2m | unknown test
[22m[39m[Task Completion] DOM action listeners initialized
[90mstdout[2m | unknown test
[22m[39m[Task Completion] Auto-completion detector initialized
[90mstdout[2m | unknown test
[22m[39m[Preview] Task completion detector initialized
[90mstdout[2m | .storybook/components/Welcome.stories.tsx[2m > [22m[2mWelcome
[22m[39m[MOCK CourseVectorStore] Initialized with mock data
[90mstdout[2m | .storybook/components/Welcome.stories.tsx[2m > [22m[2mWelcome
[22m[39m[TranslationModeController] Setting mode to: off
[90mstdout[2m | .storybook/components/Welcome.stories.tsx[2m > [22m[2mWelcome
[22m[39m[UnitContext] useEffect triggered {
  "authLoading": false,
  "hasUser": true,
  "id": "mock-unit-id",
  "userSub": "mock-user-sub",
}
[90mstdout[2m | .storybook/components/Welcome.stories.tsx[2m > [22m[2mWelcome
[22m[39m[UnitContext] Fetching unit data for id: mock-unit-id
[90mstdout[2m | .storybook/components/Welcome.stories.tsx[2m > [22m[2mWelcome
[22m[39m[FilesContext] Initializing vector store from IndexedDB
[90mstdout[2m | .storybook/components/Welcome.stories.tsx[2m > [22m[2mWelcome
[22m[39m[FilesContext] fetchFiles called
[90mstdout[2m | .storybook/components/Welcome.stories.tsx[2m > [22m[2mWelcome
[22m[39m[FilesContext] User authenticated: mock-user-sub
[90mstdout[2m | .storybook/components/Welcome.stories.tsx[2m > [22m[2mWelcome
[22m[39m[FilesContext] Identity ID: us-east-1:mock-identity-123
[90mstdout[2m | .storybook/components/Welcome.stories.tsx[2m > [22m[2mWelcome
[22m[39m[FilesContext] About to set up File observeQuery
[90mstdout[2m | .storybook/components/Welcome.stories.tsx[2m > [22m[2mWelcome
[22m[39m[ChatContext] Setting up AssistantChat observeQuery
[90mstdout[2m | .storybook/components/Welcome.stories.tsx[2m > [22m[2mWelcome
[22m[39m[ChatContext] Waiting for subscription to initialize
[90mstdout[2m | .storybook/components/Welcome.stories.tsx[2m > [22m[2mWelcome
[22m[39m[SettingsContext] Setting up Settings subscription for user: mock-user-sub
[90mstdout[2m | .storybook/components/Welcome.stories.tsx[2m > [22m[2mWelcome
[22m[39m[Mock Data] Settings created: mock-settings-1790418174001 - notified 0 subscribers
[90mstdout[2m | .storybook/components/Welcome.stories.tsx[2m > [22m[2mWelcome
[22m[39m[Mock Data] Unit.onUpdate() subscription added. Total: 1
[90mstdout[2m | .storybook/components/Welcome.stories.tsx[2m > [22m[2mWelcome
[22m[39m[SectionContext] Section observeQuery update: 0
[90mstdout[2m | .storybook/components/Welcome.stories.tsx[2m > [22m[2mWelcome
[22m[39m[FilesContext] File observeQuery update: 6 files
[90mstdout[2m | .storybook/components/Welcome.stories.tsx[2m > [22m[2mWelcome
[22m[39m[ChatContext] AssistantChat initialized with 1 chats
[90mstdout[2m | .storybook/components/Welcome.stories.tsx[2m > [22m[2mWelcome
[22m[39m[ChatContext] Setting initial chat: mock-assistant-chat-1
[90mstdout[2m | .storybook/components/Welcome.stories.tsx[2m > [22m[2mWelcome
[22m[39m[MOCK CourseVectorStore] Initialized with mock data
[90mstdout[2m | .storybook/components/Welcome.stories.tsx[2m > [22m[2mWelcome
[22m[39m[FilesContext] Vector store population triggered {
  "currentVectorStoreSize": 3,
  "documentsCount": 0,
  "filesCount": 6,
  "isInitialLoad": true,
}
[90mstdout[2m | .storybook/components/Welcome.stories.tsx[2m > [22m[2mWelcome
[22m[39m[FilesContext] Vector store population complete - 3 total embeddings
[90mstdout[2m | .storybook/components/Welcome.stories.tsx[2m > [22m[2mWelcome
[22m[39m[ChatContext] Chat exists and not archived, skipping creation
[90mstdout[2m | .storybook/components/Welcome.stories.tsx[2m > [22m[2mWelcome
[22m[39m[Mock Storage] downloadData called with: undefined
 [32m✓[39m [30m[45m storybook (chromium) [49m[39m .storybook/components/Welcome.stories.tsx [2m([22m[2m1 test[22m[2m)[22m[33m 876[2mms[22m[39m
   [33m[2m✓[22m[39m Welcome [33m 875[2mms[22m[39m
[90mstdout[2m | unknown test
[22m[39m[MOCK vectorStoreDB.js] Module loaded - mock IndexedDB operations
[90mstdout[2m | unknown test
[22m[39m[Task Completion] DOM action listeners initialized
[90mstdout[2m | unknown test
[22m[39m[Task Completion] Auto-completion detector initialized
[90mstdout[2m | unknown test
[22m[39m[Preview] Task completion detector initialized
[90mstdout[2m | src/components/PracticeDrill/PracticeDrillProgress.stories.tsx[2m > [22m[2mDefault
[22m[39m[MOCK CourseVectorStore] Initialized with mock data
[90mstdout[2m | src/components/PracticeDrill/PracticeDrillProgress.stories.tsx[2m > [22m[2mDefault
[22m[39m[TranslationModeController] Setting mode to: off
[90mstdout[2m | src/components/PracticeDrill/PracticeDrillProgress.stories.tsx[2m > [22m[2mDefault
[22m[39m[UnitContext] useEffect triggered {
  "authLoading": false,
  "hasUser": true,
  "id": "mock-unit-id",
  "userSub": "mock-user-sub",
}
[90mstdout[2m | src/components/PracticeDrill/PracticeDrillProgress.stories.tsx[2m > [22m[2mDefault
[22m[39m[UnitContext] Fetching unit data for id: mock-unit-id
[90mstdout[2m | src/components/PracticeDrill/PracticeDrillProgress.stories.tsx[2m > [22m[2mDefault
[22m[39m[FilesContext] Initializing vector store from IndexedDB
[90mstdout[2m | src/components/PracticeDrill/PracticeDrillProgress.stories.tsx[2m > [22m[2mDefault
[22m[39m[FilesContext] fetchFiles called
[90mstdout[2m | src/components/PracticeDrill/PracticeDrillProgress.stories.tsx[2m > [22m[2mDefault
[22m[39m[FilesContext] User authenticated: mock-user-sub
[90mstdout[2m | src/components/PracticeDrill/PracticeDrillProgress.stories.tsx[2m > [22m[2mDefault
[22m[39m[FilesContext] Identity ID: us-east-1:mock-identity-123
[90mstdout[2m | src/components/PracticeDrill/PracticeDrillProgress.stories.tsx[2m > [22m[2mDefault
[22m[39m[FilesContext] About to set up File observeQuery
[90mstdout[2m | src/components/PracticeDrill/PracticeDrillProgress.stories.tsx[2m > [22m[2mDefault
[22m[39m[ChatContext] Setting up AssistantChat observeQuery
[90mstdout[2m | src/components/PracticeDrill/PracticeDrillProgress.stories.tsx[2m > [22m[2mDefault
[22m[39m[ChatContext] Waiting for subscription to initialize
[90mstdout[2m | src/components/PracticeDrill/PracticeDrillProgress.stories.tsx[2m > [22m[2mDefault
[22m[39m[SettingsContext] Setting up Settings subscription for user: mock-user-sub
[90mstdout[2m | src/components/PracticeDrill/PracticeDrillProgress.stories.tsx[2m > [22m[2mDefault
[22m[39m[Mock Data] Settings created: mock-settings-1790418175353 - notified 0 subscribers
[90mstdout[2m | src/components/PracticeDrill/PracticeDrillProgress.stories.tsx[2m > [22m[2mDefault
[22m[39m[Mock Data] Unit.onUpdate() subscription added. Total: 1
[90mstdout[2m | src/components/PracticeDrill/PracticeDrillProgress.stories.tsx[2m > [22m[2mDefault
[22m[39m[SectionContext] Section observeQuery update: 0
[90mstdout[2m | src/components/PracticeDrill/PracticeDrillProgress.stories.tsx[2m > [22m[2mDefault
[22m[39m[FilesContext] File observeQuery update: 6 files
[90mstdout[2m | src/components/PracticeDrill/PracticeDrillProgress.stories.tsx[2m > [22m[2mDefault
[22m[39m[ChatContext] AssistantChat initialized with 1 chats
[90mstdout[2m | src/components/PracticeDrill/PracticeDrillProgress.stories.tsx[2m > [22m[2mDefault
[22m[39m[ChatContext] Setting initial chat: mock-assistant-chat-1
[90mstdout[2m | src/components/PracticeDrill/PracticeDrillProgress.stories.tsx[2m > [22m[2mDefault
[22m[39m[MOCK CourseVectorStore] Initialized with mock data
[90mstdout[2m | src/components/PracticeDrill/PracticeDrillProgress.stories.tsx[2m > [22m[2mDefault
[22m[39m[FilesContext] Vector store population triggered {
  "currentVectorStoreSize": 3,
  "documentsCount": 0,
  "filesCount": 6,
  "isInitialLoad": true,
}
[90mstdout[2m | src/components/PracticeDrill/PracticeDrillProgress.stories.tsx[2m > [22m[2mDefault
[22m[39m[FilesContext] Vector store population complete - 3 total embeddings
[90mstdout[2m | src/components/PracticeDrill/PracticeDrillProgress.stories.tsx[2m > [22m[2mDefault
[22m[39m[ChatContext] Chat exists and not archived, skipping creation
[90mstdout[2m | src/components/PracticeDrill/PracticeDrillProgress.stories.tsx[2m > [22m[2mDefault
[22m[39m[Mock Storage] downloadData called with: undefined
[90mstdout[2m | src/components/PracticeDrill/PracticeDrillProgress.stories.tsx[2m > [22m[2mHalf Complete
[22m[39m[ChatContext] Cleaning up subscriptions
[90mstdout[2m | src/components/PracticeDrill/PracticeDrillProgress.stories.tsx[2m > [22m[2mHalf Complete
[22m[39m[Mock Data] Unit.onUpdate() subscription removed. Remaining: 0
[90mstdout[2m | src/components/PracticeDrill/PracticeDrillProgress.stories.tsx[2m > [22m[2mHalf Complete
[22m[39m[MOCK CourseVectorStore] Initialized with mock data
[90mstdout[2m | src/components/PracticeDrill/PracticeDrillProgress.stories.tsx[2m > [22m[2mHalf Complete
[22m[39m[TranslationModeController] Setting mode to: off
[90mstdout[2m | src/components/PracticeDrill/PracticeDrillProgress.stories.tsx[2m > [22m[2mHalf Complete
[22m[39m[UnitContext] useEffect triggered {
  "authLoading": false,
  "hasUser": true,
  "id": "mock-unit-id",
  "userSub": "mock-user-sub",
}
[90mstdout[2m | src/components/PracticeDrill/PracticeDrillProgress.stories.tsx[2m > [22m[2mHalf Complete
[22m[39m[UnitContext] Fetching unit data for id: mock-unit-id
[90mstdout[2m | src/components/PracticeDrill/PracticeDrillProgress.stories.tsx[2m > [22m[2mHalf Complete
[22m[39m[FilesContext] Initializing vector store from IndexedDB
[90mstdout[2m | src/components/PracticeDrill/PracticeDrillProgress.stories.tsx[2m > [22m[2mHalf Complete
[22m[39m[FilesContext] fetchFiles called
[90mstdout[2m | src/components/PracticeDrill/PracticeDrillProgress.stories.tsx[2m > [22m[2mHalf Complete
[22m[39m[FilesContext] User authenticated: mock-user-sub
[90mstdout[2m | src/components/PracticeDrill/PracticeDrillProgress.stories.tsx[2m > [22m[2mHalf Complete
[22m[39m[FilesContext] Identity ID: us-east-1:mock-identity-123
[90mstdout[2m | src/components/PracticeDrill/PracticeDrillProgress.stories.tsx[2m > [22m[2mHalf Complete
[22m[39m[FilesContext] About to set up File observeQuery
[90mstdout[2m | src/components/PracticeDrill/PracticeDrillProgress.stories.tsx[2m > [22m[2mHalf Complete
[22m[39m[ChatContext] Setting up AssistantChat observeQuery
[90mstdout[2m | src/components/PracticeDrill/PracticeDrillProgress.stories.tsx[2m > [22m[2mHalf Complete
[22m[39m[ChatContext] Waiting for subscription to initialize
[90mstdout[2m | src/components/PracticeDrill/PracticeDrillProgress.stories.tsx[2m > [22m[2mHalf Complete
[22m[39m[SettingsContext] Setting up Settings subscription for user: mock-user-sub
[90mstdout[2m | src/components/PracticeDrill/PracticeDrillProgress.stories.tsx[2m > [22m[2mHalf Complete
[22m[39m[Mock Data] Settings created: mock-settings-1790418175596 - notified 0 subscribers
[90mstdout[2m | src/components/PracticeDrill/PracticeDrillProgress.stories.tsx[2m > [22m[2mHalf Complete
[22m[39m[Mock Data] Unit.onUpdate() subscription added. Total: 1
[90mstdout[2m | src/components/PracticeDrill/PracticeDrillProgress.stories.tsx[2m > [22m[2mHalf Complete
[22m[39m[SectionContext] Section observeQuery update: 0
[90mstdout[2m | src/components/PracticeDrill/PracticeDrillProgress.stories.tsx[2m > [22m[2mHalf Complete
[22m[39m[FilesContext] File observeQuery update: 6 files
[90mstdout[2m | src/components/PracticeDrill/PracticeDrillProgress.stories.tsx[2m > [22m[2mHalf Complete
[22m[39m[ChatContext] AssistantChat initialized with 1 chats
[90mstdout[2m | src/components/PracticeDrill/PracticeDrillProgress.stories.tsx[2m > [22m[2mHalf Complete
[22m[39m[ChatContext] Setting initial chat: mock-assistant-chat-1
[90mstdout[2m | src/components/PracticeDrill/PracticeDrillProgress.stories.tsx[2m > [22m[2mHalf Complete
[22m[39m[MOCK CourseVectorStore] Initialized with mock data
[90mstdout[2m | src/components/PracticeDrill/PracticeDrillProgress.stories.tsx[2m > [22m[2mHalf Complete
[22m[39m[FilesContext] Vector store population triggered {
  "currentVectorStoreSize": 3,
  "documentsCount": 0,
  "filesCount": 6,
  "isInitialLoad": true,
}
[90mstdout[2m | src/components/PracticeDrill/PracticeDrillProgress.stories.tsx[2m > [22m[2mHalf Complete
[22m[39m[FilesContext] Vector store population complete - 3 total embeddings
[90mstdout[2m | src/components/PracticeDrill/PracticeDrillProgress.stories.tsx[2m > [22m[2mHalf Complete
[22m[39m[ChatContext] Chat exists and not archived, skipping creation
[90mstdout[2m | src/components/PracticeDrill/PracticeDrillProgress.stories.tsx[2m > [22m[2mHalf Complete
[22m[39m[Mock Storage] downloadData called with: undefined
[90mstdout[2m | src/components/PracticeDrill/PracticeDrillProgress.stories.tsx[2m > [22m[2mAll Complete
[22m[39m[ChatContext] Cleaning up subscriptions
[90mstdout[2m | src/components/PracticeDrill/PracticeDrillProgress.stories.tsx[2m > [22m[2mAll Complete
[22m[39m[Mock Data] Unit.onUpdate() subscription removed. Remaining: 0
[90mstdout[2m | src/components/PracticeDrill/PracticeDrillProgress.stories.tsx[2m > [22m[2mAll Complete
[22m[39m[MOCK CourseVectorStore] Initialized with mock data
[90mstdout[2m | src/components/PracticeDrill/PracticeDrillProgress.stories.tsx[2m > [22m[2mAll Complete
[22m[39m[TranslationModeController] Setting mode to: off
[90mstdout[2m | src/components/PracticeDrill/PracticeDrillProgress.stories.tsx[2m > [22m[2mAll Complete
[22m[39m[UnitContext] useEffect triggered {
  "authLoading": false,
  "hasUser": true,
  "id": "mock-unit-id",
  "userSub": "mock-user-sub",
}
[90mstdout[2m | src/components/PracticeDrill/PracticeDrillProgress.stories.tsx[2m > [22m[2mAll Complete
[22m[39m[UnitContext] Fetching unit data for id: mock-unit-id
[90mstdout[2m | src/components/PracticeDrill/PracticeDrillProgress.stories.tsx[2m > [22m[2mAll Complete
[22m[39m[FilesContext] Initializing vector store from IndexedDB
[90mstdout[2m | src/components/PracticeDrill/PracticeDrillProgress.stories.tsx[2m > [22m[2mAll Complete
[22m[39m[FilesContext] fetchFiles called
[90mstdout[2m | src/components/PracticeDrill/PracticeDrillProgress.stories.tsx[2m > [22m[2mAll Complete
[22m[39m[FilesContext] User authenticated: mock-user-sub
[90mstdout[2m | src/components/PracticeDrill/PracticeDrillProgress.stories.tsx[2m > [22m[2mAll Complete
[22m[39m[FilesContext] Identity ID: us-east-1:mock-identity-123
[90mstdout[2m | src/components/PracticeDrill/PracticeDrillProgress.stories.tsx[2m > [22m[2mAll Complete
[22m[39m[FilesContext] About to set up File observeQuery
[90mstdout[2m | src/components/PracticeDrill/PracticeDrillProgress.stories.tsx[2m > [22m[2mAll Complete
[22m[39m[ChatContext] Setting up AssistantChat observeQuery
[90mstdout[2m | src/components/PracticeDrill/PracticeDrillProgress.stories.tsx[2m > [22m[2mAll Complete
[22m[39m[ChatContext] Waiting for subscription to initialize
[90mstdout[2m | src/components/PracticeDrill/PracticeDrillProgress.stories.tsx[2m > [22m[2mAll Complete
[22m[39m[SettingsContext] Setting up Settings subscription for user: mock-user-sub
[90mstdout[2m | src/components/PracticeDrill/PracticeDrillProgress.stories.tsx[2m > [22m[2mAll Complete
[22m[39m[Mock Data] Settings created: mock-settings-1790418175738 - notified 0 subscribers
[90mstdout[2m | src/components/PracticeDrill/PracticeDrillProgress.stories.tsx[2m > [22m[2mAll Complete
[22m[39m[Mock Data] Unit.onUpdate() subscription added. Total: 1
[90mstdout[2m | src/components/PracticeDrill/PracticeDrillProgress.stories.tsx[2m > [22m[2mAll Complete
[22m[39m[SectionContext] Section observeQuery update: 0
[90mstdout[2m | src/components/PracticeDrill/PracticeDrillProgress.stories.tsx[2m > [22m[2mAll Complete
[22m[39m[FilesContext] File observeQuery update: 6 files
[90mstdout[2m | src/components/PracticeDrill/PracticeDrillProgress.stories.tsx[2m > [22m[2mAll Complete
[22m[39m[ChatContext] AssistantChat initialized with 1 chats
[90mstdout[2m | src/components/PracticeDrill/PracticeDrillProgress.stories.tsx[2m > [22m[2mAll Complete
[22m[39m[ChatContext] Setting initial chat: mock-assistant-chat-1
[90mstdout[2m | src/components/PracticeDrill/PracticeDrillProgress.stories.tsx[2m > [22m[2mAll Complete
[22m[39m[MOCK CourseVectorStore] Initialized with mock data
[90mstdout[2m | src/components/PracticeDrill/PracticeDrillProgress.stories.tsx[2m > [22m[2mAll Complete
[22m[39m[FilesContext] Vector store population triggered {
  "currentVectorStoreSize": 3,
  "documentsCount": 0,
  "filesCount": 6,
  "isInitialLoad": true,
}
[90mstdout[2m | src/components/PracticeDrill/PracticeDrillProgress.stories.tsx[2m > [22m[2mAll Complete
[22m[39m[FilesContext] Vector store population complete - 3 total embeddings
[90mstdout[2m | src/components/PracticeDrill/PracticeDrillProgress.stories.tsx[2m > [22m[2mAll Complete
[22m[39m[ChatContext] Chat exists and not archived, skipping creation
[90mstdout[2m | src/components/PracticeDrill/PracticeDrillProgress.stories.tsx[2m > [22m[2mAll Complete
[22m[39m[Mock Storage] downloadData called with: undefined
[90mstdout[2m | src/components/PracticeDrill/PracticeDrillProgress.stories.tsx[2m > [22m[2mDiminished XP
[22m[39m[ChatContext] Cleaning up subscriptions
[90mstdout[2m | src/components/PracticeDrill/PracticeDrillProgress.stories.tsx[2m > [22m[2mDiminished XP
[22m[39m[Mock Data] Unit.onUpdate() subscription removed. Remaining: 0
[90mstdout[2m | src/components/PracticeDrill/PracticeDrillProgress.stories.tsx[2m > [22m[2mDiminished XP
[22m[39m[MOCK CourseVectorStore] Initialized with mock data
[90mstdout[2m | src/components/PracticeDrill/PracticeDrillProgress.stories.tsx[2m > [22m[2mDiminished XP
[22m[39m[TranslationModeController] Setting mode to: off
[90mstdout[2m | src/components/PracticeDrill/PracticeDrillProgress.stories.tsx[2m > [22m[2mDiminished XP
[22m[39m[UnitContext] useEffect triggered {
  "authLoading": false,
  "hasUser": true,
  "id": "mock-unit-id",
  "userSub": "mock-user-sub",
}
[90mstdout[2m | src/components/PracticeDrill/PracticeDrillProgress.stories.tsx[2m > [22m[2mDiminished XP
[22m[39m[UnitContext] Fetching unit data for id: mock-unit-id
[90mstdout[2m | src/components/PracticeDrill/PracticeDrillProgress.stories.tsx[2m > [22m[2mDiminished XP
[22m[39m[FilesContext] Initializing vector store from IndexedDB
[90mstdout[2m | src/components/PracticeDrill/PracticeDrillProgress.stories.tsx[2m > [22m[2mDiminished XP
[22m[39m[FilesContext] fetchFiles called
[90mstdout[2m | src/components/PracticeDrill/PracticeDrillProgress.stories.tsx[2m > [22m[2mDiminished XP
[22m[39m[FilesContext] User authenticated: mock-user-sub
[90mstdout[2m | src/components/PracticeDrill/PracticeDrillProgress.stories.tsx[2m > [22m[2mDiminished XP
[22m[39m[FilesContext] Identity ID: us-east-1:mock-identity-123
[90mstdout[2m | src/components/PracticeDrill/PracticeDrillProgress.stories.tsx[2m > [22m[2mDiminished XP
[22m[39m[FilesContext] About to set up File observeQuery
[90mstdout[2m | src/components/PracticeDrill/PracticeDrillProgress.stories.tsx[2m > [22m[2mDiminished XP
[22m[39m[ChatContext] Setting up AssistantChat observeQuery
[90mstdout[2m | src/components/PracticeDrill/PracticeDrillProgress.stories.tsx[2m > [22m[2mDiminished XP
[22m[39m[ChatContext] Waiting for subscription to initialize
[90mstdout[2m | src/components/PracticeDrill/PracticeDrillProgress.stories.tsx[2m > [22m[2mDiminished XP
[22m[39m[SettingsContext] Setting up Settings subscription for user: mock-user-sub
[90mstdout[2m | src/components/PracticeDrill/PracticeDrillProgress.stories.tsx[2m > [22m[2mDiminished XP
[22m[39m[Mock Data] Settings created: mock-settings-1790418175851 - notified 0 subscribers
[90mstdout[2m | src/components/PracticeDrill/PracticeDrillProgress.stories.tsx[2m > [22m[2mDiminished XP
[22m[39m[Mock Data] Unit.onUpdate() subscription added. Total: 1
[90mstdout[2m | src/components/PracticeDrill/PracticeDrillProgress.stories.tsx[2m > [22m[2mDiminished XP
[22m[39m[SectionContext] Section observeQuery update: 0
[90mstdout[2m | src/components/PracticeDrill/PracticeDrillProgress.stories.tsx[2m > [22m[2mDiminished XP
[22m[39m[FilesContext] File observeQuery update: 6 files
[90mstdout[2m | src/components/PracticeDrill/PracticeDrillProgress.stories.tsx[2m > [22m[2mDiminished XP
[22m[39m[ChatContext] AssistantChat initialized with 1 chats
[90mstdout[2m | src/components/PracticeDrill/PracticeDrillProgress.stories.tsx[2m > [22m[2mDiminished XP
[22m[39m[ChatContext] Setting initial chat: mock-assistant-chat-1
[90mstdout[2m | src/components/PracticeDrill/PracticeDrillProgress.stories.tsx[2m > [22m[2mDiminished XP
[22m[39m[MOCK CourseVectorStore] Initialized with mock data
[90mstdout[2m | src/components/PracticeDrill/PracticeDrillProgress.stories.tsx[2m > [22m[2mDiminished XP
[22m[39m[FilesContext] Vector store population triggered {
  "currentVectorStoreSize": 3,
  "documentsCount": 0,
  "filesCount": 6,
  "isInitialLoad": true,
}
[90mstdout[2m | src/components/PracticeDrill/PracticeDrillProgress.stories.tsx[2m > [22m[2mDiminished XP
[22m[39m[FilesContext] Vector store population complete - 3 total embeddings
[90mstdout[2m | src/components/PracticeDrill/PracticeDrillProgress.stories.tsx[2m > [22m[2mDiminished XP
[22m[39m[ChatContext] Chat exists and not archived, skipping creation
[90mstdout[2m | src/components/PracticeDrill/PracticeDrillProgress.stories.tsx[2m > [22m[2mDiminished XP
[22m[39m[Mock Storage] downloadData called with: undefined
[90mstdout[2m | src/components/PracticeDrill/PracticeDrillProgress.stories.tsx[2m > [22m[2mWith Streak
[22m[39m[ChatContext] Cleaning up subscriptions
[90mstdout[2m | src/components/PracticeDrill/PracticeDrillProgress.stories.tsx[2m > [22m[2mWith Streak
[22m[39m[Mock Data] Unit.onUpdate() subscription removed. Remaining: 0
[90mstdout[2m | src/components/PracticeDrill/PracticeDrillProgress.stories.tsx[2m > [22m[2mWith Streak
[22m[39m[MOCK CourseVectorStore] Initialized with mock data
[90mstdout[2m | src/components/PracticeDrill/PracticeDrillProgress.stories.tsx[2m > [22m[2mWith Streak
[22m[39m[TranslationModeController] Setting mode to: off
[90mstdout[2m | src/components/PracticeDrill/PracticeDrillProgress.stories.tsx[2m > [22m[2mWith Streak
[22m[39m[UnitContext] useEffect triggered {
  "authLoading": false,
  "hasUser": true,
  "id": "mock-unit-id",
  "userSub": "mock-user-sub",
}
[90mstdout[2m | src/components/PracticeDrill/PracticeDrillProgress.stories.tsx[2m > [22m[2mWith Streak
[22m[39m[UnitContext] Fetching unit data for id: mock-unit-id
[90mstdout[2m | src/components/PracticeDrill/PracticeDrillProgress.stories.tsx[2m > [22m[2mWith Streak
[22m[39m[FilesContext] Initializing vector store from IndexedDB
[90mstdout[2m | src/components/PracticeDrill/PracticeDrillProgress.stories.tsx[2m > [22m[2mWith Streak
[22m[39m[FilesContext] fetchFiles called
[90mstdout[2m | src/components/PracticeDrill/PracticeDrillProgress.stories.tsx[2m > [22m[2mWith Streak
[22m[39m[FilesContext] User authenticated: mock-user-sub
[90mstdout[2m | src/components/PracticeDrill/PracticeDrillProgress.stories.tsx[2m > [22m[2mWith Streak
[22m[39m[FilesContext] Identity ID: us-east-1:mock-identity-123
[90mstdout[2m | src/components/PracticeDrill/PracticeDrillProgress.stories.tsx[2m > [22m[2mWith Streak
[22m[39m[FilesContext] About to set up File observeQuery
[90mstdout[2m | src/components/PracticeDrill/PracticeDrillProgress.stories.tsx[2m > [22m[2mWith Streak
[22m[39m[ChatContext] Setting up AssistantChat observeQuery
[90mstdout[2m | src/components/PracticeDrill/PracticeDrillProgress.stories.tsx[2m > [22m[2mWith Streak
[22m[39m[ChatContext] Waiting for subscription to initialize
[90mstdout[2m | src/components/PracticeDrill/PracticeDrillProgress.stories.tsx[2m > [22m[2mWith Streak
[22m[39m[SettingsContext] Setting up Settings subscription for user: mock-user-sub
[90mstdout[2m | src/components/PracticeDrill/PracticeDrillProgress.stories.tsx[2m > [22m[2mWith Streak
[22m[39m[Mock Data] Settings created: mock-settings-1790418175975 - notified 0 subscribers
[90mstdout[2m | src/components/PracticeDrill/PracticeDrillProgress.stories.tsx[2m > [22m[2mWith Streak
[22m[39m[Mock Data] Unit.onUpdate() subscription added. Total: 1
[90mstdout[2m | src/components/PracticeDrill/PracticeDrillProgress.stories.tsx[2m > [22m[2mWith Streak
[22m[39m[SectionContext] Section observeQuery update: 0
[90mstdout[2m | src/components/PracticeDrill/PracticeDrillProgress.stories.tsx[2m > [22m[2mWith Streak
[22m[39m[FilesContext] File observeQuery update: 6 files
[90mstdout[2m | src/components/PracticeDrill/PracticeDrillProgress.stories.tsx[2m > [22m[2mWith Streak
[22m[39m[ChatContext] AssistantChat initialized with 1 chats
[90mstdout[2m | src/components/PracticeDrill/PracticeDrillProgress.stories.tsx[2m > [22m[2mWith Streak
[22m[39m[ChatContext] Setting initial chat: mock-assistant-chat-1
[90mstdout[2m | src/components/PracticeDrill/PracticeDrillProgress.stories.tsx[2m > [22m[2mWith Streak
[22m[39m[MOCK CourseVectorStore] Initialized with mock data
[90mstdout[2m | src/components/PracticeDrill/PracticeDrillProgress.stories.tsx[2m > [22m[2mWith Streak
[22m[39m[FilesContext] Vector store population triggered {
  "currentVectorStoreSize": 3,
  "documentsCount": 0,
  "filesCount": 6,
  "isInitialLoad": true,
}
[90mstdout[2m | src/components/PracticeDrill/PracticeDrillProgress.stories.tsx[2m > [22m[2mWith Streak
[22m[39m[FilesContext] Vector store population complete - 3 total embeddings
[90mstdout[2m | src/components/PracticeDrill/PracticeDrillProgress.stories.tsx[2m > [22m[2mWith Streak
[22m[39m[ChatContext] Chat exists and not archived, skipping creation
[90mstdout[2m | src/components/PracticeDrill/PracticeDrillProgress.stories.tsx[2m > [22m[2mWith Streak
[22m[39m[Mock Storage] downloadData called with: undefined
 [32m✓[39m [30m[45m storybook (chromium) [49m[39m src/components/PracticeDrill/PracticeDrillProgress.stories.tsx [2m([22m[2m5 tests[22m[2m)[22m[33m 759[2mms[22m[39m
[90mstdout[2m | unknown test
[22m[39m[MOCK vectorStoreDB.js] Module loaded - mock IndexedDB operations
[90mstdout[2m | unknown test
[22m[39m[Task Completion] DOM action listeners initialized
[90mstdout[2m | unknown test
[22m[39m[Task Completion] Auto-completion detector initialized
[90mstdout[2m | unknown test
[22m[39m[Preview] Task completion detector initialized
[90mstdout[2m | src/components/CampaignProgress.stories.tsx[2m > [22m[2mIn Progress
[22m[39m[MOCK CourseVectorStore] Initialized with mock data
[90mstdout[2m | src/components/CampaignProgress.stories.tsx[2m > [22m[2mIn Progress
[22m[39m[TranslationModeController] Setting mode to: off
[90mstdout[2m | src/components/CampaignProgress.stories.tsx[2m > [22m[2mIn Progress
[22m[39m[UnitContext] useEffect triggered {
  "authLoading": false,
  "hasUser": true,
  "id": "mock-unit-id",
  "userSub": "mock-user-sub",
}
[90mstdout[2m | src/components/CampaignProgress.stories.tsx[2m > [22m[2mIn Progress
[22m[39m[UnitContext] Fetching unit data for id: mock-unit-id
[90mstdout[2m | src/components/CampaignProgress.stories.tsx[2m > [22m[2mIn Progress
[22m[39m[FilesContext] Initializing vector store from IndexedDB
[90mstdout[2m | src/components/CampaignProgress.stories.tsx[2m > [22m[2mIn Progress
[22m[39m[FilesContext] fetchFiles called
[90mstdout[2m | src/components/CampaignProgress.stories.tsx[2m > [22m[2mIn Progress
[22m[39m[FilesContext] User authenticated: mock-user-sub
[90mstdout[2m | src/components/CampaignProgress.stories.tsx[2m > [22m[2mIn Progress
[22m[39m[FilesContext] Identity ID: us-east-1:mock-identity-123
[90mstdout[2m | src/components/CampaignProgress.stories.tsx[2m > [22m[2mIn Progress
[22m[39m[FilesContext] About to set up File observeQuery
[90mstdout[2m | src/components/CampaignProgress.stories.tsx[2m > [22m[2mIn Progress
[22m[39m[ChatContext] Setting up AssistantChat observeQuery
[90mstdout[2m | src/components/CampaignProgress.stories.tsx[2m > [22m[2mIn Progress
[22m[39m[ChatContext] Waiting for subscription to initialize
[90mstdout[2m | src/components/CampaignProgress.stories.tsx[2m > [22m[2mIn Progress
[22m[39m[SettingsContext] Setting up Settings subscription for user: mock-user-sub
[90mstdout[2m | src/components/CampaignProgress.stories.tsx[2m > [22m[2mIn Progress
[22m[39m[Mock Data] Settings created: mock-settings-1790418176785 - notified 0 subscribers
[90mstdout[2m | src/components/CampaignProgress.stories.tsx[2m > [22m[2mIn Progress
[22m[39m[Mock Data] Unit.onUpdate() subscription added. Total: 1
[90mstdout[2m | src/components/CampaignProgress.stories.tsx[2m > [22m[2mIn Progress
[22m[39m[SectionContext] Section observeQuery update: 0
[90mstdout[2m | src/components/CampaignProgress.stories.tsx[2m > [22m[2mIn Progress
[22m[39m[FilesContext] File observeQuery update: 6 files
[90mstdout[2m | src/components/CampaignProgress.stories.tsx[2m > [22m[2mIn Progress
[22m[39m[ChatContext] AssistantChat initialized with 1 chats
[90mstdout[2m | src/components/CampaignProgress.stories.tsx[2m > [22m[2mIn Progress
[22m[39m[ChatContext] Setting initial chat: mock-assistant-chat-1
[90mstdout[2m | src/components/CampaignProgress.stories.tsx[2m > [22m[2mIn Progress
[22m[39m[MOCK CourseVectorStore] Initialized with mock data
[90mstdout[2m | src/components/CampaignProgress.stories.tsx[2m > [22m[2mIn Progress
[22m[39m[FilesContext] Vector store population triggered {
  "currentVectorStoreSize": 3,
  "documentsCount": 0,
  "filesCount": 6,
  "isInitialLoad": true,
}
[90mstdout[2m | src/components/CampaignProgress.stories.tsx[2m > [22m[2mIn Progress
[22m[39m[FilesContext] Vector store population complete - 3 total embeddings
[90mstdout[2m | src/components/CampaignProgress.stories.tsx[2m > [22m[2mIn Progress
[22m[39m[ChatContext] Chat exists and not archived, skipping creation
[90mstdout[2m | src/components/CampaignProgress.stories.tsx[2m > [22m[2mIn Progress
[22m[39m[Mock Storage] downloadData called with: undefined
[90mstdout[2m | src/components/CampaignProgress.stories.tsx[2m > [22m[2mCompleted
[22m[39m[ChatContext] Cleaning up subscriptions
[90mstdout[2m | src/components/CampaignProgress.stories.tsx[2m > [22m[2mCompleted
[22m[39m[Mock Data] Unit.onUpdate() subscription removed. Remaining: 0
[90mstdout[2m | src/components/CampaignProgress.stories.tsx[2m > [22m[2mCompleted
[22m[39m[MOCK CourseVectorStore] Initialized with mock data
[90mstdout[2m | src/components/CampaignProgress.stories.tsx[2m > [22m[2mCompleted
[22m[39m[TranslationModeController] Setting mode to: off
[90mstdout[2m | src/components/CampaignProgress.stories.tsx[2m > [22m[2mCompleted
[22m[39m[UnitContext] useEffect triggered {
  "authLoading": false,
  "hasUser": true,
  "id": "mock-unit-id",
  "userSub": "mock-user-sub",
}
[90mstdout[2m | src/components/CampaignProgress.stories.tsx[2m > [22m[2mCompleted
[22m[39m[UnitContext] Fetching unit data for id: mock-unit-id
[90mstdout[2m | src/components/CampaignProgress.stories.tsx[2m > [22m[2mCompleted
[22m[39m[FilesContext] Initializing vector store from IndexedDB
[90mstdout[2m | src/components/CampaignProgress.stories.tsx[2m > [22m[2mCompleted
[22m[39m[FilesContext] fetchFiles called
[90mstdout[2m | src/components/CampaignProgress.stories.tsx[2m > [22m[2mCompleted
[22m[39m[FilesContext] User authenticated: mock-user-sub
[90mstdout[2m | src/components/CampaignProgress.stories.tsx[2m > [22m[2mCompleted
[22m[39m[FilesContext] Identity ID: us-east-1:mock-identity-123
[90mstdout[2m | src/components/CampaignProgress.stories.tsx[2m > [22m[2mCompleted
[22m[39m[FilesContext] About to set up File observeQuery
[90mstdout[2m | src/components/CampaignProgress.stories.tsx[2m > [22m[2mCompleted
[22m[39m[ChatContext] Setting up AssistantChat observeQuery
[90mstdout[2m | src/components/CampaignProgress.stories.tsx[2m > [22m[2mCompleted
[22m[39m[ChatContext] Waiting for subscription to initialize
[90mstdout[2m | src/components/CampaignProgress.stories.tsx[2m > [22m[2mCompleted
[22m[39m[SettingsContext] Setting up Settings subscription for user: mock-user-sub
[90mstdout[2m | src/components/CampaignProgress.stories.tsx[2m > [22m[2mCompleted
[22m[39m[Mock Data] Settings created: mock-settings-1790418177046 - notified 0 subscribers
[90mstdout[2m | src/components/CampaignProgress.stories.tsx[2m > [22m[2mCompleted
[22m[39m[Mock Data] Unit.onUpdate() subscription added. Total: 1
[90mstdout[2m | src/components/CampaignProgress.stories.tsx[2m > [22m[2mCompleted
[22m[39m[SectionContext] Section observeQuery update: 0
[90mstdout[2m | src/components/CampaignProgress.stories.tsx[2m > [22m[2mCompleted
[22m[39m[FilesContext] File observeQuery update: 6 files
[90mstdout[2m | src/components/CampaignProgress.stories.tsx[2m > [22m[2mCompleted
[22m[39m[ChatContext] AssistantChat initialized with 1 chats
[90mstdout[2m | src/components/CampaignProgress.stories.tsx[2m > [22m[2mCompleted
[22m[39m[ChatContext] Setting initial chat: mock-assistant-chat-1
[90mstdout[2m | src/components/CampaignProgress.stories.tsx[2m > [22m[2mCompleted
[22m[39m[MOCK CourseVectorStore] Initialized with mock data
[90mstdout[2m | src/components/CampaignProgress.stories.tsx[2m > [22m[2mCompleted
[22m[39m[FilesContext] Vector store population triggered {
  "currentVectorStoreSize": 3,
  "documentsCount": 0,
  "filesCount": 6,
  "isInitialLoad": true,
}
[90mstdout[2m | src/components/CampaignProgress.stories.tsx[2m > [22m[2mCompleted
[22m[39m[FilesContext] Vector store population complete - 3 total embeddings
[90mstdout[2m | src/components/CampaignProgress.stories.tsx[2m > [22m[2mCompleted
[22m[39m[ChatContext] Chat exists and not archived, skipping creation
[90mstdout[2m | src/components/CampaignProgress.stories.tsx[2m > [22m[2mCompleted
[22m[39m[Mock Storage] downloadData called with: undefined
[90mstdout[2m | src/components/CampaignProgress.stories.tsx[2m > [22m[2mUrgent Deadline
[22m[39m[ChatContext] Cleaning up subscriptions
[90mstdout[2m | src/components/CampaignProgress.stories.tsx[2m > [22m[2mUrgent Deadline
[22m[39m[Mock Data] Unit.onUpdate() subscription removed. Remaining: 0
[90mstdout[2m | src/components/CampaignProgress.stories.tsx[2m > [22m[2mUrgent Deadline
[22m[39m[MOCK CourseVectorStore] Initialized with mock data
[90mstdout[2m | src/components/CampaignProgress.stories.tsx[2m > [22m[2mUrgent Deadline
[22m[39m[TranslationModeController] Setting mode to: off
[90mstdout[2m | src/components/CampaignProgress.stories.tsx[2m > [22m[2mUrgent Deadline
[22m[39m[UnitContext] useEffect triggered {
  "authLoading": false,
  "hasUser": true,
  "id": "mock-unit-id",
  "userSub": "mock-user-sub",
}
[90mstdout[2m | src/components/CampaignProgress.stories.tsx[2m > [22m[2mUrgent Deadline
[22m[39m[UnitContext] Fetching unit data for id: mock-unit-id
[90mstdout[2m | src/components/CampaignProgress.stories.tsx[2m > [22m[2mUrgent Deadline
[22m[39m[FilesContext] Initializing vector store from IndexedDB
[90mstdout[2m | src/components/CampaignProgress.stories.tsx[2m > [22m[2mUrgent Deadline
[22m[39m[FilesContext] fetchFiles called
[90mstdout[2m | src/components/CampaignProgress.stories.tsx[2m > [22m[2mUrgent Deadline
[22m[39m[FilesContext] User authenticated: mock-user-sub
[90mstdout[2m | src/components/CampaignProgress.stories.tsx[2m > [22m[2mUrgent Deadline
[22m[39m[FilesContext] Identity ID: us-east-1:mock-identity-123
[90mstdout[2m | src/components/CampaignProgress.stories.tsx[2m > [22m[2mUrgent Deadline
[22m[39m[FilesContext] About to set up File observeQuery
[90mstdout[2m | src/components/CampaignProgress.stories.tsx[2m > [22m[2mUrgent Deadline
[22m[39m[ChatContext] Setting up AssistantChat observeQuery
[90mstdout[2m | src/components/CampaignProgress.stories.tsx[2m > [22m[2mUrgent Deadline
[22m[39m[ChatContext] Waiting for subscription to initialize
[90mstdout[2m | src/components/CampaignProgress.stories.tsx[2m > [22m[2mUrgent Deadline
[22m[39m[SettingsContext] Setting up Settings subscription for user: mock-user-sub
[90mstdout[2m | src/components/CampaignProgress.stories.tsx[2m > [22m[2mUrgent Deadline
[22m[39m[Mock Data] Settings created: mock-settings-1790418177206 - notified 0 subscribers
[90mstdout[2m | src/components/CampaignProgress.stories.tsx[2m > [22m[2mUrgent Deadline
[22m[39m[Mock Data] Unit.onUpdate() subscription added. Total: 1
[90mstdout[2m | src/components/CampaignProgress.stories.tsx[2m > [22m[2mUrgent Deadline
[22m[39m[SectionContext] Section observeQuery update: 0
[90mstdout[2m | src/components/CampaignProgress.stories.tsx[2m > [22m[2mUrgent Deadline
[22m[39m[FilesContext] File observeQuery update: 6 files
[90mstdout[2m | src/components/CampaignProgress.stories.tsx[2m > [22m[2mUrgent Deadline
[22m[39m[ChatContext] AssistantChat initialized with 1 chats
[90mstdout[2m | src/components/CampaignProgress.stories.tsx[2m > [22m[2mUrgent Deadline
[22m[39m[ChatContext] Setting initial chat: mock-assistant-chat-1
[90mstdout[2m | src/components/CampaignProgress.stories.tsx[2m > [22m[2mUrgent Deadline
[22m[39m[MOCK CourseVectorStore] Initialized with mock data
[90mstdout[2m | src/components/CampaignProgress.stories.tsx[2m > [22m[2mUrgent Deadline
[22m[39m[FilesContext] Vector store population triggered {
  "currentVectorStoreSize": 3,
  "documentsCount": 0,
  "filesCount": 6,
  "isInitialLoad": true,
}
[90mstdout[2m | src/components/CampaignProgress.stories.tsx[2m > [22m[2mUrgent Deadline
[22m[39m[FilesContext] Vector store population complete - 3 total embeddings
[90mstdout[2m | src/components/CampaignProgress.stories.tsx[2m > [22m[2mUrgent Deadline
[22m[39m[ChatContext] Chat exists and not archived, skipping creation
[90mstdout[2m | src/components/CampaignProgress.stories.tsx[2m > [22m[2mUrgent Deadline
[22m[39m[Mock Storage] downloadData called with: undefined
[90mstdout[2m | src/components/CampaignProgress.stories.tsx[2m > [22m[2mSimple Progress
[22m[39m[ChatContext] Cleaning up subscriptions
[90mstdout[2m | src/components/CampaignProgress.stories.tsx[2m > [22m[2mSimple Progress
[22m[39m[Mock Data] Unit.onUpdate() subscription removed. Remaining: 0
[90mstdout[2m | src/components/CampaignProgress.stories.tsx[2m > [22m[2mSimple Progress
[22m[39m[MOCK CourseVectorStore] Initialized with mock data
[90mstdout[2m | src/components/CampaignProgress.stories.tsx[2m > [22m[2mSimple Progress
[22m[39m[TranslationModeController] Setting mode to: off
[90mstdout[2m | src/components/CampaignProgress.stories.tsx[2m > [22m[2mSimple Progress
[22m[39m[UnitContext] useEffect triggered {
  "authLoading": false,
  "hasUser": true,
  "id": "mock-unit-id",
  "userSub": "mock-user-sub",
}
[90mstdout[2m | src/components/CampaignProgress.stories.tsx[2m > [22m[2mSimple Progress
[22m[39m[UnitContext] Fetching unit data for id: mock-unit-id
[90mstdout[2m | src/components/CampaignProgress.stories.tsx[2m > [22m[2mSimple Progress
[22m[39m[FilesContext] Initializing vector store from IndexedDB
[90mstdout[2m | src/components/CampaignProgress.stories.tsx[2m > [22m[2mSimple Progress
[22m[39m[FilesContext] fetchFiles called
[90mstdout[2m | src/components/CampaignProgress.stories.tsx[2m > [22m[2mSimple Progress
[22m[39m[FilesContext] User authenticated: mock-user-sub
[90mstdout[2m | src/components/CampaignProgress.stories.tsx[2m > [22m[2mSimple Progress
[22m[39m[FilesContext] Identity ID: us-east-1:mock-identity-123
[90mstdout[2m | src/components/CampaignProgress.stories.tsx[2m > [22m[2mSimple Progress
[22m[39m[FilesContext] About to set up File observeQuery
[90mstdout[2m | src/components/CampaignProgress.stories.tsx[2m > [22m[2mSimple Progress
[22m[39m[ChatContext] Setting up AssistantChat observeQuery
[90mstdout[2m | src/components/CampaignProgress.stories.tsx[2m > [22m[2mSimple Progress
[22m[39m[ChatContext] Waiting for subscription to initialize
[90mstdout[2m | src/components/CampaignProgress.stories.tsx[2m > [22m[2mSimple Progress
[22m[39m[SettingsContext] Setting up Settings subscription for user: mock-user-sub
[90mstdout[2m | src/components/CampaignProgress.stories.tsx[2m > [22m[2mSimple Progress
[22m[39m[Mock Data] Settings created: mock-settings-1790418177422 - notified 0 subscribers
[90mstdout[2m | src/components/CampaignProgress.stories.tsx[2m > [22m[2mSimple Progress
[22m[39m[Mock Data] Unit.onUpdate() subscription added. Total: 1
[90mstdout[2m | src/components/CampaignProgress.stories.tsx[2m > [22m[2mSimple Progress
[22m[39m[SectionContext] Section observeQuery update: 0
[90mstdout[2m | src/components/CampaignProgress.stories.tsx[2m > [22m[2mSimple Progress
[22m[39m[FilesContext] File observeQuery update: 6 files
[90mstdout[2m | src/components/CampaignProgress.stories.tsx[2m > [22m[2mSimple Progress
[22m[39m[ChatContext] AssistantChat initialized with 1 chats
[90mstdout[2m | src/components/CampaignProgress.stories.tsx[2m > [22m[2mSimple Progress
[22m[39m[ChatContext] Setting initial chat: mock-assistant-chat-1
[90mstdout[2m | src/components/CampaignProgress.stories.tsx[2m > [22m[2mSimple Progress
[22m[39m[MOCK CourseVectorStore] Initialized with mock data
[90mstdout[2m | src/components/CampaignProgress.stories.tsx[2m > [22m[2mSimple Progress
[22m[39m[FilesContext] Vector store population triggered {
  "currentVectorStoreSize": 3,
  "documentsCount": 0,
  "filesCount": 6,
  "isInitialLoad": true,
}
[90mstdout[2m | src/components/CampaignProgress.stories.tsx[2m > [22m[2mSimple Progress
[22m[39m[FilesContext] Vector store population complete - 3 total embeddings
[90mstdout[2m | src/components/CampaignProgress.stories.tsx[2m > [22m[2mSimple Progress
[22m[39m[ChatContext] Chat exists and not archived, skipping creation
[90mstdout[2m | src/components/CampaignProgress.stories.tsx[2m > [22m[2mSimple Progress
[22m[39m[Mock Storage] downloadData called with: undefined
[90mstdout[2m | src/components/CampaignProgress.stories.tsx[2m > [22m[2mEnded Campaign
[22m[39m[ChatContext] Cleaning up subscriptions
[90mstdout[2m | src/components/CampaignProgress.stories.tsx[2m > [22m[2mEnded Campaign
[22m[39m[Mock Data] Unit.onUpdate() subscription removed. Remaining: 0
[90mstdout[2m | src/components/CampaignProgress.stories.tsx[2m > [22m[2mEnded Campaign
[22m[39m[MOCK CourseVectorStore] Initialized with mock data
[90mstdout[2m | src/components/CampaignProgress.stories.tsx[2m > [22m[2mEnded Campaign
[22m[39m[TranslationModeController] Setting mode to: off
[90mstdout[2m | src/components/CampaignProgress.stories.tsx[2m > [22m[2mEnded Campaign
[22m[39m[UnitContext] useEffect triggered {
  "authLoading": false,
  "hasUser": true,
  "id": "mock-unit-id",
  "userSub": "mock-user-sub",
}
[90mstdout[2m | src/components/CampaignProgress.stories.tsx[2m > [22m[2mEnded Campaign
[22m[39m[UnitContext] Fetching unit data for id: mock-unit-id
[90mstdout[2m | src/components/CampaignProgress.stories.tsx[2m > [22m[2mEnded Campaign
[22m[39m[FilesContext] Initializing vector store from IndexedDB
[90mstdout[2m | src/components/CampaignProgress.stories.tsx[2m > [22m[2mEnded Campaign
[22m[39m[FilesContext] fetchFiles called
[90mstdout[2m | src/components/CampaignProgress.stories.tsx[2m > [22m[2mEnded Campaign
[22m[39m[FilesContext] User authenticated: mock-user-sub
[90mstdout[2m | src/components/CampaignProgress.stories.tsx[2m > [22m[2mEnded Campaign
[22m[39m[FilesContext] Identity ID: us-east-1:mock-identity-123
[90mstdout[2m | src/components/CampaignProgress.stories.tsx[2m > [22m[2mEnded Campaign
[22m[39m[FilesContext] About to set up File observeQuery
[90mstdout[2m | src/components/CampaignProgress.stories.tsx[2m > [22m[2mEnded Campaign
[22m[39m[ChatContext] Setting up AssistantChat observeQuery
[90mstdout[2m | src/components/CampaignProgress.stories.tsx[2m > [22m[2mEnded Campaign
[22m[39m[ChatContext] Waiting for subscription to initialize
[90mstdout[2m | src/components/CampaignProgress.stories.tsx[2m > [22m[2mEnded Campaign
[22m[39m[SettingsContext] Setting up Settings subscription for user: mock-user-sub
[90mstdout[2m | src/components/CampaignProgress.stories.tsx[2m > [22m[2mEnded Campaign
[22m[39m[Mock Data] Settings created: mock-settings-1790418177597 - notified 0 subscribers
[90mstdout[2m | src/components/CampaignProgress.stories.tsx[2m > [22m[2mEnded Campaign
[22m[39m[Mock Data] Unit.onUpdate() subscription added. Total: 1
[90mstdout[2m | src/components/CampaignProgress.stories.tsx[2m > [22m[2mEnded Campaign
[22m[39m[SectionContext] Section observeQuery update: 0
[90mstdout[2m | src/components/CampaignProgress.stories.tsx[2m > [22m[2mEnded Campaign
[22m[39m[FilesContext] File observeQuery update: 6 files
[90mstdout[2m | src/components/CampaignProgress.stories.tsx[2m > [22m[2mEnded Campaign
[22m[39m[ChatContext] AssistantChat initialized with 1 chats
[90mstdout[2m | src/components/CampaignProgress.stories.tsx[2m > [22m[2mEnded Campaign
[22m[39m[ChatContext] Setting initial chat: mock-assistant-chat-1
[90mstdout[2m | src/components/CampaignProgress.stories.tsx[2m > [22m[2mEnded Campaign
[22m[39m[MOCK CourseVectorStore] Initialized with mock data
[90mstdout[2m | src/components/CampaignProgress.stories.tsx[2m > [22m[2mEnded Campaign
[22m[39m[FilesContext] Vector store population triggered {
  "currentVectorStoreSize": 3,
  "documentsCount": 0,
  "filesCount": 6,
  "isInitialLoad": true,
}
[90mstdout[2m | src/components/CampaignProgress.stories.tsx[2m > [22m[2mEnded Campaign
[22m[39m[FilesContext] Vector store population complete - 3 total embeddings
[90mstdout[2m | src/components/CampaignProgress.stories.tsx[2m > [22m[2mEnded Campaign
[22m[39m[ChatContext] Chat exists and not archived, skipping creation
[90mstdout[2m | src/components/CampaignProgress.stories.tsx[2m > [22m[2mEnded Campaign
[22m[39m[Mock Storage] downloadData called with: undefined
 [32m✓[39m [30m[45m storybook (chromium) [49m[39m src/components/CampaignProgress.stories.tsx [2m([22m[2m5 tests[22m[2m)[22m[33m 1049[2mms[22m[39m
   [33m[2m✓[22m[39m In Progress [33m 302[2mms[22m[39m
[90mstdout[2m | unknown test
[22m[39m[MOCK vectorStoreDB.js] Module loaded - mock IndexedDB operations
[90mstdout[2m | unknown test
[22m[39m[Task Completion] DOM action listeners initialized
[90mstdout[2m | unknown test
[22m[39m[Task Completion] Auto-completion detector initialized
[90mstdout[2m | unknown test
[22m[39m[Preview] Task completion detector initialized
[90mstdout[2m | .storybook/components/SpotlightOverlay.stories.tsx[2m > [22m[2mTutorial Mode
[22m[39m[MOCK CourseVectorStore] Initialized with mock data
[90mstdout[2m | .storybook/components/SpotlightOverlay.stories.tsx[2m > [22m[2mTutorial Mode
[22m[39m[TranslationModeController] Setting mode to: off
[90mstdout[2m | .storybook/components/SpotlightOverlay.stories.tsx[2m > [22m[2mTutorial Mode
[22m[39m[UnitContext] useEffect triggered {
  "authLoading": false,
  "hasUser": true,
  "id": "mock-unit-id",
  "userSub": "mock-user-sub",
}
[90mstdout[2m | .storybook/components/SpotlightOverlay.stories.tsx[2m > [22m[2mTutorial Mode
[22m[39m[UnitContext] Fetching unit data for id: mock-unit-id
[90mstdout[2m | .storybook/components/SpotlightOverlay.stories.tsx[2m > [22m[2mTutorial Mode
[22m[39m[FilesContext] Initializing vector store from IndexedDB
[90mstdout[2m | .storybook/components/SpotlightOverlay.stories.tsx[2m > [22m[2mTutorial Mode
[22m[39m[FilesContext] fetchFiles called
[90mstdout[2m | .storybook/components/SpotlightOverlay.stories.tsx[2m > [22m[2mTutorial Mode
[22m[39m[FilesContext] User authenticated: mock-user-sub
[90mstdout[2m | .storybook/components/SpotlightOverlay.stories.tsx[2m > [22m[2mTutorial Mode
[22m[39m[FilesContext] Identity ID: us-east-1:mock-identity-123
[90mstdout[2m | .storybook/components/SpotlightOverlay.stories.tsx[2m > [22m[2mTutorial Mode
[22m[39m[FilesContext] About to set up File observeQuery
[90mstdout[2m | .storybook/components/SpotlightOverlay.stories.tsx[2m > [22m[2mTutorial Mode
[22m[39m[ChatContext] Setting up AssistantChat observeQuery
[90mstdout[2m | .storybook/components/SpotlightOverlay.stories.tsx[2m > [22m[2mTutorial Mode
[22m[39m[ChatContext] Waiting for subscription to initialize
[90mstdout[2m | .storybook/components/SpotlightOverlay.stories.tsx[2m > [22m[2mTutorial Mode
[22m[39m[SettingsContext] Setting up Settings subscription for user: mock-user-sub
[90mstdout[2m | .storybook/components/SpotlightOverlay.stories.tsx[2m > [22m[2mTutorial Mode
[22m[39m[Mock Data] Settings created: mock-settings-1790418178374 - notified 0 subscribers
[90mstdout[2m | .storybook/components/SpotlightOverlay.stories.tsx[2m > [22m[2mTutorial Mode
[22m[39m[Mock Data] Unit.onUpdate() subscription added. Total: 1
[90mstdout[2m | .storybook/components/SpotlightOverlay.stories.tsx[2m > [22m[2mTutorial Mode
[22m[39m[SectionContext] Section observeQuery update: 0
[90mstdout[2m | .storybook/components/SpotlightOverlay.stories.tsx[2m > [22m[2mTutorial Mode
[22m[39m[FilesContext] File observeQuery update: 6 files
[90mstdout[2m | .storybook/components/SpotlightOverlay.stories.tsx[2m > [22m[2mTutorial Mode
[22m[39m[ChatContext] AssistantChat initialized with 1 chats
[90mstdout[2m | .storybook/components/SpotlightOverlay.stories.tsx[2m > [22m[2mTutorial Mode
[22m[39m[ChatContext] Setting initial chat: mock-assistant-chat-1
[90mstdout[2m | .storybook/components/SpotlightOverlay.stories.tsx[2m > [22m[2mTutorial Mode
[22m[39m[MOCK CourseVectorStore] Initialized with mock data
[90mstdout[2m | .storybook/components/SpotlightOverlay.stories.tsx[2m > [22m[2mTutorial Mode
[22m[39m[FilesContext] Vector store population triggered {
  "currentVectorStoreSize": 3,
  "documentsCount": 0,
  "filesCount": 6,
  "isInitialLoad": true,
}
[90mstdout[2m | .storybook/components/SpotlightOverlay.stories.tsx[2m > [22m[2mTutorial Mode
[22m[39m[FilesContext] Vector store population complete - 3 total embeddings
[90mstdout[2m | .storybook/components/SpotlightOverlay.stories.tsx[2m > [22m[2mTutorial Mode
[22m[39m[ChatContext] Chat exists and not archived, skipping creation
[90mstdout[2m | .storybook/components/SpotlightOverlay.stories.tsx[2m > [22m[2mTutorial Mode
[22m[39m[Mock Storage] downloadData called with: undefined
[90mstdout[2m | .storybook/components/SpotlightOverlay.stories.tsx[2m > [22m[2mQuiz Mode
[22m[39m[ChatContext] Cleaning up subscriptions
[90mstdout[2m | .storybook/components/SpotlightOverlay.stories.tsx[2m > [22m[2mQuiz Mode
[22m[39m[Mock Data] Unit.onUpdate() subscription removed. Remaining: 0
[90mstdout[2m | .storybook/components/SpotlightOverlay.stories.tsx[2m > [22m[2mQuiz Mode
[22m[39m[MOCK CourseVectorStore] Initialized with mock data
[90mstdout[2m | .storybook/components/SpotlightOverlay.stories.tsx[2m > [22m[2mQuiz Mode
[22m[39m[TranslationModeController] Setting mode to: off
[90mstdout[2m | .storybook/components/SpotlightOverlay.stories.tsx[2m > [22m[2mQuiz Mode
[22m[39m[UnitContext] useEffect triggered {
  "authLoading": false,
  "hasUser": true,
  "id": "mock-unit-id",
  "userSub": "mock-user-sub",
}
[90mstdout[2m | .storybook/components/SpotlightOverlay.stories.tsx[2m > [22m[2mQuiz Mode
[22m[39m[UnitContext] Fetching unit data for id: mock-unit-id
[90mstdout[2m | .storybook/components/SpotlightOverlay.stories.tsx[2m > [22m[2mQuiz Mode
[22m[39m[FilesContext] Initializing vector store from IndexedDB
[90mstdout[2m | .storybook/components/SpotlightOverlay.stories.tsx[2m > [22m[2mQuiz Mode
[22m[39m[FilesContext] fetchFiles called
[90mstdout[2m | .storybook/components/SpotlightOverlay.stories.tsx[2m > [22m[2mQuiz Mode
[22m[39m[FilesContext] User authenticated: mock-user-sub
[90mstdout[2m | .storybook/components/SpotlightOverlay.stories.tsx[2m > [22m[2mQuiz Mode
[22m[39m[FilesContext] Identity ID: us-east-1:mock-identity-123
[90mstdout[2m | .storybook/components/SpotlightOverlay.stories.tsx[2m > [22m[2mQuiz Mode
[22m[39m[FilesContext] About to set up File observeQuery
[90mstdout[2m | .storybook/components/SpotlightOverlay.stories.tsx[2m > [22m[2mQuiz Mode
[22m[39m[ChatContext] Setting up AssistantChat observeQuery
[90mstdout[2m | .storybook/components/SpotlightOverlay.stories.tsx[2m > [22m[2mQuiz Mode
[22m[39m[ChatContext] Waiting for subscription to initialize
[90mstdout[2m | .storybook/components/SpotlightOverlay.stories.tsx[2m > [22m[2mQuiz Mode
[22m[39m[SettingsContext] Setting up Settings subscription for user: mock-user-sub
[90mstdout[2m | .storybook/components/SpotlightOverlay.stories.tsx[2m > [22m[2mQuiz Mode
[22m[39m[Mock Data] Settings created: mock-settings-1790418178568 - notified 0 subscribers
[90mstdout[2m | .storybook/components/SpotlightOverlay.stories.tsx[2m > [22m[2mQuiz Mode
[22m[39m[Mock Data] Unit.onUpdate() subscription added. Total: 1
[90mstdout[2m | .storybook/components/SpotlightOverlay.stories.tsx[2m > [22m[2mQuiz Mode
[22m[39m[SectionContext] Section observeQuery update: 0
[90mstdout[2m | .storybook/components/SpotlightOverlay.stories.tsx[2m > [22m[2mQuiz Mode
[22m[39m[FilesContext] File observeQuery update: 6 files
[90mstdout[2m | .storybook/components/SpotlightOverlay.stories.tsx[2m > [22m[2mQuiz Mode
[22m[39m[MOCK CourseVectorStore] Initialized with mock data
[90mstdout[2m | .storybook/components/SpotlightOverlay.stories.tsx[2m > [22m[2mQuiz Mode
[22m[39m[FilesContext] Vector store population triggered {
  "currentVectorStoreSize": 3,
  "documentsCount": 0,
  "filesCount": 6,
  "isInitialLoad": true,
}
[90mstdout[2m | .storybook/components/SpotlightOverlay.stories.tsx[2m > [22m[2mQuiz Mode
[22m[39m[FilesContext] Vector store population complete - 3 total embeddings
[90mstdout[2m | .storybook/components/SpotlightOverlay.stories.tsx[2m > [22m[2mQuiz Mode
[22m[39m[ChatContext] AssistantChat initialized with 1 chats
[90mstdout[2m | .storybook/components/SpotlightOverlay.stories.tsx[2m > [22m[2mQuiz Mode
[22m[39m[ChatContext] Setting initial chat: mock-assistant-chat-1
[90mstdout[2m | .storybook/components/SpotlightOverlay.stories.tsx[2m > [22m[2mQuiz Mode
[22m[39m[Mock Storage] downloadData called with: undefined
[90mstdout[2m | .storybook/components/SpotlightOverlay.stories.tsx[2m > [22m[2mQuiz Mode
[22m[39m[ChatContext] Chat exists and not archived, skipping creation
[90mstdout[2m | .storybook/components/SpotlightOverlay.stories.tsx[2m > [22m[2mSingle Step
[22m[39m[ChatContext] Cleaning up subscriptions
[90mstdout[2m | .storybook/components/SpotlightOverlay.stories.tsx[2m > [22m[2mSingle Step
[22m[39m[Mock Data] Unit.onUpdate() subscription removed. Remaining: 0
[90mstdout[2m | .storybook/components/SpotlightOverlay.stories.tsx[2m > [22m[2mSingle Step
[22m[39m[MOCK CourseVectorStore] Initialized with mock data
[90mstdout[2m | .storybook/components/SpotlightOverlay.stories.tsx[2m > [22m[2mSingle Step
[22m[39m[SpotlightOverlay] Looking for selector: #start-tour-button in manager
[90mstdout[2m | .storybook/components/SpotlightOverlay.stories.tsx[2m > [22m[2mSingle Step
[22m[39m[SpotlightOverlay] Element found: true
[90mstdout[2m | .storybook/components/SpotlightOverlay.stories.tsx[2m > [22m[2mSingle Step
[22m[39m[SpotlightOverlay] Target rect (manager): {
  "height": 36.5,
  "left": 48,
  "top": 125.5,
  "width": 118.078125,
}
[90mstdout[2m | .storybook/components/SpotlightOverlay.stories.tsx[2m > [22m[2mSingle Step
[22m[39m[TranslationModeController] Setting mode to: off
[90mstdout[2m | .storybook/components/SpotlightOverlay.stories.tsx[2m > [22m[2mSingle Step
[22m[39m[UnitContext] useEffect triggered {
  "authLoading": false,
  "hasUser": true,
  "id": "mock-unit-id",
  "userSub": "mock-user-sub",
}
[90mstdout[2m | .storybook/components/SpotlightOverlay.stories.tsx[2m > [22m[2mSingle Step
[22m[39m[UnitContext] Fetching unit data for id: mock-unit-id
[90mstdout[2m | .storybook/components/SpotlightOverlay.stories.tsx[2m > [22m[2mSingle Step
[22m[39m[FilesContext] Initializing vector store from IndexedDB
[90mstdout[2m | .storybook/components/SpotlightOverlay.stories.tsx[2m > [22m[2mSingle Step
[22m[39m[FilesContext] fetchFiles called
[90mstdout[2m | .storybook/components/SpotlightOverlay.stories.tsx[2m > [22m[2mSingle Step
[22m[39m[FilesContext] User authenticated: mock-user-sub
[90mstdout[2m | .storybook/components/SpotlightOverlay.stories.tsx[2m > [22m[2mSingle Step
[22m[39m[FilesContext] Identity ID: us-east-1:mock-identity-123
[90mstdout[2m | .storybook/components/SpotlightOverlay.stories.tsx[2m > [22m[2mSingle Step
[22m[39m[FilesContext] About to set up File observeQuery
[90mstdout[2m | .storybook/components/SpotlightOverlay.stories.tsx[2m > [22m[2mSingle Step
[22m[39m[ChatContext] Setting up AssistantChat observeQuery
[90mstdout[2m | .storybook/components/SpotlightOverlay.stories.tsx[2m > [22m[2mSingle Step
[22m[39m[ChatContext] Waiting for subscription to initialize
[90mstdout[2m | .storybook/components/SpotlightOverlay.stories.tsx[2m > [22m[2mSingle Step
[22m[39m[SettingsContext] Setting up Settings subscription for user: mock-user-sub
[90mstdout[2m | .storybook/components/SpotlightOverlay.stories.tsx[2m > [22m[2mSingle Step
[22m[39m[Mock Data] Settings created: mock-settings-1790418178753 - notified 0 subscribers
[90mstdout[2m | .storybook/components/SpotlightOverlay.stories.tsx[2m > [22m[2mSingle Step
[22m[39m[Mock Data] Unit.onUpdate() subscription added. Total: 1
[90mstdout[2m | .storybook/components/SpotlightOverlay.stories.tsx[2m > [22m[2mSingle Step
[22m[39m[SectionContext] Section observeQuery update: 0
[90mstdout[2m | .storybook/components/SpotlightOverlay.stories.tsx[2m > [22m[2mSingle Step
[22m[39m[FilesContext] File observeQuery update: 6 files
[90mstdout[2m | .storybook/components/SpotlightOverlay.stories.tsx[2m > [22m[2mSingle Step
[22m[39m[ChatContext] AssistantChat initialized with 1 chats
[90mstdout[2m | .storybook/components/SpotlightOverlay.stories.tsx[2m > [22m[2mSingle Step
[22m[39m[ChatContext] Setting initial chat: mock-assistant-chat-1
[90mstdout[2m | .storybook/components/SpotlightOverlay.stories.tsx[2m > [22m[2mSingle Step
[22m[39m[MOCK CourseVectorStore] Initialized with mock data
[90mstdout[2m | .storybook/components/SpotlightOverlay.stories.tsx[2m > [22m[2mSingle Step
[22m[39m[FilesContext] Vector store population triggered {
  "currentVectorStoreSize": 3,
  "documentsCount": 0,
  "filesCount": 6,
  "isInitialLoad": true,
}
[90mstdout[2m | .storybook/components/SpotlightOverlay.stories.tsx[2m > [22m[2mSingle Step
[22m[39m[FilesContext] Vector store population complete - 3 total embeddings
[90mstdout[2m | .storybook/components/SpotlightOverlay.stories.tsx[2m > [22m[2mSingle Step
[22m[39m[ChatContext] Chat exists and not archived, skipping creation
[90mstdout[2m | .storybook/components/SpotlightOverlay.stories.tsx[2m > [22m[2mSingle Step
[22m[39m[Mock Storage] downloadData called with: undefined
[90mstdout[2m | .storybook/components/SpotlightOverlay.stories.tsx[2m > [22m[2mSingle Step
[22m[39m[SpotlightOverlay] ⏱️ Retry attempt after 100 ms
[90mstdout[2m | .storybook/components/SpotlightOverlay.stories.tsx[2m > [22m[2mSingle Step
[22m[39m[SpotlightOverlay] Looking for selector: #start-tour-button in manager
[90mstdout[2m | .storybook/components/SpotlightOverlay.stories.tsx[2m > [22m[2mSingle Step
[22m[39m[SpotlightOverlay] Element found: true
[90mstdout[2m | .storybook/components/SpotlightOverlay.stories.tsx[2m > [22m[2mSingle Step
[22m[39m[SpotlightOverlay] Target rect (manager): {
  "height": 36.5,
  "left": 48,
  "top": 125.5,
  "width": 118.078125,
}
[90mstdout[2m | .storybook/components/SpotlightOverlay.stories.tsx[2m > [22m[2mNo Target Element
[22m[39m[ChatContext] Cleaning up subscriptions
[90mstdout[2m | .storybook/components/SpotlightOverlay.stories.tsx[2m > [22m[2mNo Target Element
[22m[39m[Mock Data] Unit.onUpdate() subscription removed. Remaining: 0
[90mstdout[2m | .storybook/components/SpotlightOverlay.stories.tsx[2m > [22m[2mNo Target Element
[22m[39m[MOCK CourseVectorStore] Initialized with mock data
[90mstdout[2m | .storybook/components/SpotlightOverlay.stories.tsx[2m > [22m[2mNo Target Element
[22m[39m[SpotlightOverlay] No target selector or position, centering
[90mstdout[2m | .storybook/components/SpotlightOverlay.stories.tsx[2m > [22m[2mNo Target Element
[22m[39m[TranslationModeController] Setting mode to: off
[90mstdout[2m | .storybook/components/SpotlightOverlay.stories.tsx[2m > [22m[2mNo Target Element
[22m[39m[UnitContext] useEffect triggered {
  "authLoading": false,
  "hasUser": true,
  "id": "mock-unit-id",
  "userSub": "mock-user-sub",
}
[90mstdout[2m | .storybook/components/SpotlightOverlay.stories.tsx[2m > [22m[2mNo Target Element
[22m[39m[UnitContext] Fetching unit data for id: mock-unit-id
[90mstdout[2m | .storybook/components/SpotlightOverlay.stories.tsx[2m > [22m[2mNo Target Element
[22m[39m[FilesContext] Initializing vector store from IndexedDB
[90mstdout[2m | .storybook/components/SpotlightOverlay.stories.tsx[2m > [22m[2mNo Target Element
[22m[39m[FilesContext] fetchFiles called
[90mstdout[2m | .storybook/components/SpotlightOverlay.stories.tsx[2m > [22m[2mNo Target Element
[22m[39m[FilesContext] User authenticated: mock-user-sub
[90mstdout[2m | .storybook/components/SpotlightOverlay.stories.tsx[2m > [22m[2mNo Target Element
[22m[39m[FilesContext] Identity ID: us-east-1:mock-identity-123
[90mstdout[2m | .storybook/components/SpotlightOverlay.stories.tsx[2m > [22m[2mNo Target Element
[22m[39m[FilesContext] About to set up File observeQuery
[90mstdout[2m | .storybook/components/SpotlightOverlay.stories.tsx[2m > [22m[2mNo Target Element
[22m[39m[ChatContext] Setting up AssistantChat observeQuery
[90mstdout[2m | .storybook/components/SpotlightOverlay.stories.tsx[2m > [22m[2mNo Target Element
[22m[39m[ChatContext] Waiting for subscription to initialize
[90mstdout[2m | .storybook/components/SpotlightOverlay.stories.tsx[2m > [22m[2mNo Target Element
[22m[39m[SettingsContext] Setting up Settings subscription for user: mock-user-sub
[90mstdout[2m | .storybook/components/SpotlightOverlay.stories.tsx[2m > [22m[2mNo Target Element
[22m[39m[Mock Data] Settings created: mock-settings-1790418179019 - notified 0 subscribers
[90mstdout[2m | .storybook/components/SpotlightOverlay.stories.tsx[2m > [22m[2mNo Target Element
[22m[39m[Mock Data] Unit.onUpdate() subscription added. Total: 1
[90mstdout[2m | .storybook/components/SpotlightOverlay.stories.tsx[2m > [22m[2mNo Target Element
[22m[39m[SectionContext] Section observeQuery update: 0
[90mstdout[2m | .storybook/components/SpotlightOverlay.stories.tsx[2m > [22m[2mNo Target Element
[22m[39m[FilesContext] File observeQuery update: 6 files
[90mstdout[2m | .storybook/components/SpotlightOverlay.stories.tsx[2m > [22m[2mNo Target Element
[22m[39m[ChatContext] AssistantChat initialized with 1 chats
[90mstdout[2m | .storybook/components/SpotlightOverlay.stories.tsx[2m > [22m[2mNo Target Element
[22m[39m[ChatContext] Setting initial chat: mock-assistant-chat-1
[90mstdout[2m | .storybook/components/SpotlightOverlay.stories.tsx[2m > [22m[2mNo Target Element
[22m[39m[MOCK CourseVectorStore] Initialized with mock data
[90mstdout[2m | .storybook/components/SpotlightOverlay.stories.tsx[2m > [22m[2mNo Target Element
[22m[39m[FilesContext] Vector store population triggered {
  "currentVectorStoreSize": 3,
  "documentsCount": 0,
  "filesCount": 6,
  "isInitialLoad": true,
}
[90mstdout[2m | .storybook/components/SpotlightOverlay.stories.tsx[2m > [22m[2mNo Target Element
[22m[39m[FilesContext] Vector store population complete - 3 total embeddings
[90mstdout[2m | .storybook/components/SpotlightOverlay.stories.tsx[2m > [22m[2mNo Target Element
[22m[39m[ChatContext] Chat exists and not archived, skipping creation
[90mstdout[2m | .storybook/components/SpotlightOverlay.stories.tsx[2m > [22m[2mNo Target Element
[22m[39m[Mock Storage] downloadData called with: undefined
[90mstdout[2m | .storybook/components/SpotlightOverlay.stories.tsx[2m > [22m[2mNo Target Element
[22m[39m[SpotlightOverlay] ⏱️ Retry attempt after 100 ms
[90mstdout[2m | .storybook/components/SpotlightOverlay.stories.tsx[2m > [22m[2mNo Target Element
[22m[39m[SpotlightOverlay] No target selector or position, centering
[90mstdout[2m | .storybook/components/SpotlightOverlay.stories.tsx[2m > [22m[2mManual Positioning
[22m[39m[ChatContext] Cleaning up subscriptions
[90mstdout[2m | .storybook/components/SpotlightOverlay.stories.tsx[2m > [22m[2mManual Positioning
[22m[39m[Mock Data] Unit.onUpdate() subscription removed. Remaining: 0
[90mstdout[2m | .storybook/components/SpotlightOverlay.stories.tsx[2m > [22m[2mManual Positioning
[22m[39m[MOCK CourseVectorStore] Initialized with mock data
[90mstdout[2m | .storybook/components/SpotlightOverlay.stories.tsx[2m > [22m[2mManual Positioning
[22m[39m[SpotlightOverlay] Using manual position: {
  "height": 100,
  "left": 300,
  "top": 200,
  "width": 200,
}
[90mstdout[2m | .storybook/components/SpotlightOverlay.stories.tsx[2m > [22m[2mManual Positioning
[22m[39m[TranslationModeController] Setting mode to: off
[90mstdout[2m | .storybook/components/SpotlightOverlay.stories.tsx[2m > [22m[2mManual Positioning
[22m[39m[UnitContext] useEffect triggered {
  "authLoading": false,
  "hasUser": true,
  "id": "mock-unit-id",
  "userSub": "mock-user-sub",
}
[90mstdout[2m | .storybook/components/SpotlightOverlay.stories.tsx[2m > [22m[2mManual Positioning
[22m[39m[UnitContext] Fetching unit data for id: mock-unit-id
[90mstdout[2m | .storybook/components/SpotlightOverlay.stories.tsx[2m > [22m[2mManual Positioning
[22m[39m[FilesContext] Initializing vector store from IndexedDB
[90mstdout[2m | .storybook/components/SpotlightOverlay.stories.tsx[2m > [22m[2mManual Positioning
[22m[39m[FilesContext] fetchFiles called
[90mstdout[2m | .storybook/components/SpotlightOverlay.stories.tsx[2m > [22m[2mManual Positioning
[22m[39m[FilesContext] User authenticated: mock-user-sub
[90mstdout[2m | .storybook/components/SpotlightOverlay.stories.tsx[2m > [22m[2mManual Positioning
[22m[39m[FilesContext] Identity ID: us-east-1:mock-identity-123
[90mstdout[2m | .storybook/components/SpotlightOverlay.stories.tsx[2m > [22m[2mManual Positioning
[22m[39m[FilesContext] About to set up File observeQuery
[90mstdout[2m | .storybook/components/SpotlightOverlay.stories.tsx[2m > [22m[2mManual Positioning
[22m[39m[ChatContext] Setting up AssistantChat observeQuery
[90mstdout[2m | .storybook/components/SpotlightOverlay.stories.tsx[2m > [22m[2mManual Positioning
[22m[39m[ChatContext] Waiting for subscription to initialize
[90mstdout[2m | .storybook/components/SpotlightOverlay.stories.tsx[2m > [22m[2mManual Positioning
[22m[39m[SettingsContext] Setting up Settings subscription for user: mock-user-sub
[90mstdout[2m | .storybook/components/SpotlightOverlay.stories.tsx[2m > [22m[2mManual Positioning
[22m[39m[Mock Data] Settings created: mock-settings-1790418179193 - notified 0 subscribers
[90mstdout[2m | .storybook/components/SpotlightOverlay.stories.tsx[2m > [22m[2mManual Positioning
[22m[39m[Mock Data] Unit.onUpdate() subscription added. Total: 1
[90mstdout[2m | .storybook/components/SpotlightOverlay.stories.tsx[2m > [22m[2mManual Positioning
[22m[39m[SectionContext] Section observeQuery update: 0
[90mstdout[2m | .storybook/components/SpotlightOverlay.stories.tsx[2m > [22m[2mManual Positioning
[22m[39m[FilesContext] File observeQuery update: 6 files
[90mstdout[2m | .storybook/components/SpotlightOverlay.stories.tsx[2m > [22m[2mManual Positioning
[22m[39m[ChatContext] AssistantChat initialized with 1 chats
[90mstdout[2m | .storybook/components/SpotlightOverlay.stories.tsx[2m > [22m[2mManual Positioning
[22m[39m[ChatContext] Setting initial chat: mock-assistant-chat-1
[90mstdout[2m | .storybook/components/SpotlightOverlay.stories.tsx[2m > [22m[2mManual Positioning
[22m[39m[MOCK CourseVectorStore] Initialized with mock data
[90mstdout[2m | .storybook/components/SpotlightOverlay.stories.tsx[2m > [22m[2mManual Positioning
[22m[39m[FilesContext] Vector store population triggered {
  "currentVectorStoreSize": 3,
  "documentsCount": 0,
  "filesCount": 6,
  "isInitialLoad": true,
}
[90mstdout[2m | .storybook/components/SpotlightOverlay.stories.tsx[2m > [22m[2mManual Positioning
[22m[39m[FilesContext] Vector store population complete - 3 total embeddings
[90mstdout[2m | .storybook/components/SpotlightOverlay.stories.tsx[2m > [22m[2mManual Positioning
[22m[39m[ChatContext] Chat exists and not archived, skipping creation
[90mstdout[2m | .storybook/components/SpotlightOverlay.stories.tsx[2m > [22m[2mManual Positioning
[22m[39m[Mock Storage] downloadData called with: undefined
[90mstdout[2m | .storybook/components/SpotlightOverlay.stories.tsx[2m > [22m[2mManual Positioning
[22m[39m[SpotlightOverlay] ⏱️ Retry attempt after 100 ms
[90mstdout[2m | .storybook/components/SpotlightOverlay.stories.tsx[2m > [22m[2mManual Positioning
[22m[39m[SpotlightOverlay] Using manual position: {
  "height": 100,
  "left": 300,
  "top": 200,
  "width": 200,
}
 [32m✓[39m [30m[45m storybook (chromium) [49m[39m .storybook/components/SpotlightOverlay.stories.tsx [2m([22m[2m5 tests[22m[2m)[22m[33m 1027[2mms[22m[39m
   [33m[2m✓[22m[39m Single Step [33m 304[2mms[22m[39m
[90mstdout[2m | unknown test
[22m[39m[MOCK vectorStoreDB.js] Module loaded - mock IndexedDB operations
[90mstdout[2m | unknown test
[22m[39m[Task Completion] DOM action listeners initialized
[90mstdout[2m | unknown test
[22m[39m[Task Completion] Auto-completion detector initialized
[90mstdout[2m | unknown test
[22m[39m[Preview] Task completion detector initialized
[90mstdout[2m | src/components/Editor3/nodes/FileMetadataNode/FileMetadataComponent.stories.jsx[2m > [22m[2mPdf With Parsed Content
[22m[39m[MOCK CourseVectorStore] Initialized with mock data
[90mstdout[2m | src/components/Editor3/nodes/FileMetadataNode/FileMetadataComponent.stories.jsx[2m > [22m[2mPdf With Parsed Content
[22m[39m[TranslationModeController] Setting mode to: off
[90mstdout[2m | src/components/Editor3/nodes/FileMetadataNode/FileMetadataComponent.stories.jsx[2m > [22m[2mPdf With Parsed Content
[22m[39m[FilesContext] Initializing vector store from IndexedDB
[90mstdout[2m | src/components/Editor3/nodes/FileMetadataNode/FileMetadataComponent.stories.jsx[2m > [22m[2mPdf With Parsed Content
[22m[39m[FilesContext] fetchFiles called
[90mstdout[2m | src/components/Editor3/nodes/FileMetadataNode/FileMetadataComponent.stories.jsx[2m > [22m[2mPdf With Parsed Content
[22m[39m[FilesContext] User authenticated: mock-user-sub
[90mstdout[2m | src/components/Editor3/nodes/FileMetadataNode/FileMetadataComponent.stories.jsx[2m > [22m[2mPdf With Parsed Content
[22m[39m[FilesContext] Identity ID: us-east-1:mock-identity-123
[90mstdout[2m | src/components/Editor3/nodes/FileMetadataNode/FileMetadataComponent.stories.jsx[2m > [22m[2mPdf With Parsed Content
[22m[39m[FilesContext] About to set up File observeQuery
[90mstdout[2m | src/components/Editor3/nodes/FileMetadataNode/FileMetadataComponent.stories.jsx[2m > [22m[2mPdf With Parsed Content
[22m[39m[ChatContext] Setting up AssistantChat observeQuery
[90mstdout[2m | src/components/Editor3/nodes/FileMetadataNode/FileMetadataComponent.stories.jsx[2m > [22m[2mPdf With Parsed Content
[22m[39m[ChatContext] Waiting for subscription to initialize
[90mstdout[2m | src/components/Editor3/nodes/FileMetadataNode/FileMetadataComponent.stories.jsx[2m > [22m[2mPdf With Parsed Content
[22m[39m[SettingsContext] Setting up Settings subscription for user: mock-user-sub
[90mstdout[2m | src/components/Editor3/nodes/FileMetadataNode/FileMetadataComponent.stories.jsx[2m > [22m[2mPdf With Parsed Content
[22m[39m[Mock Data] Settings created: mock-settings-1790418184418 - notified 0 subscribers
[90mstdout[2m | src/components/Editor3/nodes/FileMetadataNode/FileMetadataComponent.stories.jsx[2m > [22m[2mPdf With Parsed Content
[22m[39m[FilesContext] File observeQuery update: 6 files
[90mstdout[2m | src/components/Editor3/nodes/FileMetadataNode/FileMetadataComponent.stories.jsx[2m > [22m[2mPdf With Parsed Content
[22m[39m[ChatContext] AssistantChat initialized with 1 chats
[90mstdout[2m | src/components/Editor3/nodes/FileMetadataNode/FileMetadataComponent.stories.jsx[2m > [22m[2mPdf With Parsed Content
[22m[39m[ChatContext] Setting initial chat: mock-assistant-chat-1
[90mstdout[2m | src/components/Editor3/nodes/FileMetadataNode/FileMetadataComponent.stories.jsx[2m > [22m[2mPdf With Parsed Content
[22m[39m[MOCK CourseVectorStore] Initialized with mock data
[90mstdout[2m | src/components/Editor3/nodes/FileMetadataNode/FileMetadataComponent.stories.jsx[2m > [22m[2mPdf With Parsed Content
[22m[39m[FilesContext] Vector store population triggered {
  "currentVectorStoreSize": 3,
  "documentsCount": 0,
  "filesCount": 6,
  "isInitialLoad": true,
}
[90mstdout[2m | src/components/Editor3/nodes/FileMetadataNode/FileMetadataComponent.stories.jsx[2m > [22m[2mPdf With Parsed Content
[22m[39m[FilesContext] Vector store population complete - 3 total embeddings
[90mstdout[2m | src/components/Editor3/nodes/FileMetadataNode/FileMetadataComponent.stories.jsx[2m > [22m[2mPdf With Parsed Content
[22m[39m[ChatContext] Chat exists and not archived, skipping creation
[90mstdout[2m | src/components/Editor3/nodes/FileMetadataNode/FileMetadataComponent.stories.jsx[2m > [22m[2mPdf With Parsed Content
[22m[39m[Mock Storage] downloadData called with: undefined
[90mstdout[2m | src/components/Editor3/nodes/FileMetadataNode/FileMetadataComponent.stories.jsx[2m > [22m[2mImage File
[22m[39m[ChatContext] Cleaning up subscriptions
[90mstdout[2m | src/components/Editor3/nodes/FileMetadataNode/FileMetadataComponent.stories.jsx[2m > [22m[2mImage File
[22m[39m[MOCK CourseVectorStore] Initialized with mock data
[90mstdout[2m | src/components/Editor3/nodes/FileMetadataNode/FileMetadataComponent.stories.jsx[2m > [22m[2mImage File
[22m[39m[TranslationModeController] Setting mode to: off
[90mstdout[2m | src/components/Editor3/nodes/FileMetadataNode/FileMetadataComponent.stories.jsx[2m > [22m[2mImage File
[22m[39m[FilesContext] Initializing vector store from IndexedDB
[90mstdout[2m | src/components/Editor3/nodes/FileMetadataNode/FileMetadataComponent.stories.jsx[2m > [22m[2mImage File
[22m[39m[FilesContext] fetchFiles called
[90mstdout[2m | src/components/Editor3/nodes/FileMetadataNode/FileMetadataComponent.stories.jsx[2m > [22m[2mImage File
[22m[39m[FilesContext] User authenticated: mock-user-sub
[90mstdout[2m | src/components/Editor3/nodes/FileMetadataNode/FileMetadataComponent.stories.jsx[2m > [22m[2mImage File
[22m[39m[FilesContext] Identity ID: us-east-1:mock-identity-123
[90mstdout[2m | src/components/Editor3/nodes/FileMetadataNode/FileMetadataComponent.stories.jsx[2m > [22m[2mImage File
[22m[39m[FilesContext] About to set up File observeQuery
[90mstdout[2m | src/components/Editor3/nodes/FileMetadataNode/FileMetadataComponent.stories.jsx[2m > [22m[2mImage File
[22m[39m[ChatContext] Setting up AssistantChat observeQuery
[90mstdout[2m | src/components/Editor3/nodes/FileMetadataNode/FileMetadataComponent.stories.jsx[2m > [22m[2mImage File
[22m[39m[ChatContext] Waiting for subscription to initialize
[90mstdout[2m | src/components/Editor3/nodes/FileMetadataNode/FileMetadataComponent.stories.jsx[2m > [22m[2mImage File
[22m[39m[SettingsContext] Setting up Settings subscription for user: mock-user-sub
[90mstdout[2m | src/components/Editor3/nodes/FileMetadataNode/FileMetadataComponent.stories.jsx[2m > [22m[2mImage File
[22m[39m[Mock Data] Settings created: mock-settings-1790418184618 - notified 0 subscribers
[90mstdout[2m | src/components/Editor3/nodes/FileMetadataNode/FileMetadataComponent.stories.jsx[2m > [22m[2mImage File
[22m[39m[FilesContext] File observeQuery update: 6 files
[90mstdout[2m | src/components/Editor3/nodes/FileMetadataNode/FileMetadataComponent.stories.jsx[2m > [22m[2mImage File
[22m[39m[ChatContext] AssistantChat initialized with 1 chats
[90mstdout[2m | src/components/Editor3/nodes/FileMetadataNode/FileMetadataComponent.stories.jsx[2m > [22m[2mImage File
[22m[39m[ChatContext] Setting initial chat: mock-assistant-chat-1
[90mstdout[2m | src/components/Editor3/nodes/FileMetadataNode/FileMetadataComponent.stories.jsx[2m > [22m[2mImage File
[22m[39m[MOCK CourseVectorStore] Initialized with mock data
[90mstdout[2m | src/components/Editor3/nodes/FileMetadataNode/FileMetadataComponent.stories.jsx[2m > [22m[2mImage File
[22m[39m[FilesContext] Vector store population triggered {
  "currentVectorStoreSize": 3,
  "documentsCount": 0,
  "filesCount": 6,
  "isInitialLoad": true,
}
[90mstdout[2m | src/components/Editor3/nodes/FileMetadataNode/FileMetadataComponent.stories.jsx[2m > [22m[2mImage File
[22m[39m[FilesContext] Vector store population complete - 3 total embeddings
[90mstdout[2m | src/components/Editor3/nodes/FileMetadataNode/FileMetadataComponent.stories.jsx[2m > [22m[2mImage File
[22m[39m[ChatContext] Chat exists and not archived, skipping creation
[90mstdout[2m | src/components/Editor3/nodes/FileMetadataNode/FileMetadataComponent.stories.jsx[2m > [22m[2mImage File
[22m[39m[Mock Storage] downloadData called with: undefined
[90mstdout[2m | src/components/Editor3/nodes/FileMetadataNode/FileMetadataComponent.stories.jsx[2m > [22m[2mWith Search
[22m[39m[ChatContext] Cleaning up subscriptions
[90mstdout[2m | src/components/Editor3/nodes/FileMetadataNode/FileMetadataComponent.stories.jsx[2m > [22m[2mWith Search
[22m[39m[MOCK CourseVectorStore] Initialized with mock data
[90mstdout[2m | src/components/Editor3/nodes/FileMetadataNode/FileMetadataComponent.stories.jsx[2m > [22m[2mWith Search
[22m[39m[TranslationModeController] Setting mode to: off
[90mstdout[2m | src/components/Editor3/nodes/FileMetadataNode/FileMetadataComponent.stories.jsx[2m > [22m[2mWith Search
[22m[39m[FilesContext] Initializing vector store from IndexedDB
[90mstdout[2m | src/components/Editor3/nodes/FileMetadataNode/FileMetadataComponent.stories.jsx[2m > [22m[2mWith Search
[22m[39m[FilesContext] fetchFiles called
[90mstdout[2m | src/components/Editor3/nodes/FileMetadataNode/FileMetadataComponent.stories.jsx[2m > [22m[2mWith Search
[22m[39m[FilesContext] User authenticated: mock-user-sub
[90mstdout[2m | src/components/Editor3/nodes/FileMetadataNode/FileMetadataComponent.stories.jsx[2m > [22m[2mWith Search
[22m[39m[FilesContext] Identity ID: us-east-1:mock-identity-123
[90mstdout[2m | src/components/Editor3/nodes/FileMetadataNode/FileMetadataComponent.stories.jsx[2m > [22m[2mWith Search
[22m[39m[FilesContext] About to set up File observeQuery
[90mstdout[2m | src/components/Editor3/nodes/FileMetadataNode/FileMetadataComponent.stories.jsx[2m > [22m[2mWith Search
[22m[39m[ChatContext] Setting up AssistantChat observeQuery
[90mstdout[2m | src/components/Editor3/nodes/FileMetadataNode/FileMetadataComponent.stories.jsx[2m > [22m[2mWith Search
[22m[39m[ChatContext] Waiting for subscription to initialize
[90mstdout[2m | src/components/Editor3/nodes/FileMetadataNode/FileMetadataComponent.stories.jsx[2m > [22m[2mWith Search
[22m[39m[SettingsContext] Setting up Settings subscription for user: mock-user-sub
[90mstdout[2m | src/components/Editor3/nodes/FileMetadataNode/FileMetadataComponent.stories.jsx[2m > [22m[2mWith Search
[22m[39m[Mock Data] Settings created: mock-settings-1790418184771 - notified 0 subscribers
[90mstdout[2m | src/components/Editor3/nodes/FileMetadataNode/FileMetadataComponent.stories.jsx[2m > [22m[2mWith Search
[22m[39m[FilesContext] File observeQuery update: 6 files
[90mstdout[2m | src/components/Editor3/nodes/FileMetadataNode/FileMetadataComponent.stories.jsx[2m > [22m[2mWith Search
[22m[39m[ChatContext] AssistantChat initialized with 1 chats
[90mstdout[2m | src/components/Editor3/nodes/FileMetadataNode/FileMetadataComponent.stories.jsx[2m > [22m[2mWith Search
[22m[39m[ChatContext] Setting initial chat: mock-assistant-chat-1
[90mstdout[2m | src/components/Editor3/nodes/FileMetadataNode/FileMetadataComponent.stories.jsx[2m > [22m[2mWith Search
[22m[39m[MOCK CourseVectorStore] Initialized with mock data
[90mstdout[2m | src/components/Editor3/nodes/FileMetadataNode/FileMetadataComponent.stories.jsx[2m > [22m[2mWith Search
[22m[39m[FilesContext] Vector store population triggered {
  "currentVectorStoreSize": 3,
  "documentsCount": 0,
  "filesCount": 6,
  "isInitialLoad": true,
}
[90mstdout[2m | src/components/Editor3/nodes/FileMetadataNode/FileMetadataComponent.stories.jsx[2m > [22m[2mWith Search
[22m[39m[FilesContext] Vector store population complete - 3 total embeddings
[90mstdout[2m | src/components/Editor3/nodes/FileMetadataNode/FileMetadataComponent.stories.jsx[2m > [22m[2mWith Search
[22m[39m[ChatContext] Chat exists and not archived, skipping creation
[90mstdout[2m | src/components/Editor3/nodes/FileMetadataNode/FileMetadataComponent.stories.jsx[2m > [22m[2mWith Search
[22m[39m[Mock Storage] downloadData called with: undefined
[90mstdout[2m | src/components/Editor3/nodes/FileMetadataNode/FileMetadataComponent.stories.jsx[2m > [22m[2mNo Parsed Content
[22m[39m[ChatContext] Cleaning up subscriptions
[90mstdout[2m | src/components/Editor3/nodes/FileMetadataNode/FileMetadataComponent.stories.jsx[2m > [22m[2mNo Parsed Content
[22m[39m[MOCK CourseVectorStore] Initialized with mock data
[90mstdout[2m | src/components/Editor3/nodes/FileMetadataNode/FileMetadataComponent.stories.jsx[2m > [22m[2mNo Parsed Content
[22m[39m[TranslationModeController] Setting mode to: off
[90mstdout[2m | src/components/Editor3/nodes/FileMetadataNode/FileMetadataComponent.stories.jsx[2m > [22m[2mNo Parsed Content
[22m[39m[FilesContext] Initializing vector store from IndexedDB
[90mstdout[2m | src/components/Editor3/nodes/FileMetadataNode/FileMetadataComponent.stories.jsx[2m > [22m[2mNo Parsed Content
[22m[39m[FilesContext] fetchFiles called
[90mstdout[2m | src/components/Editor3/nodes/FileMetadataNode/FileMetadataComponent.stories.jsx[2m > [22m[2mNo Parsed Content
[22m[39m[FilesContext] User authenticated: mock-user-sub
[90mstdout[2m | src/components/Editor3/nodes/FileMetadataNode/FileMetadataComponent.stories.jsx[2m > [22m[2mNo Parsed Content
[22m[39m[FilesContext] Identity ID: us-east-1:mock-identity-123
[90mstdout[2m | src/components/Editor3/nodes/FileMetadataNode/FileMetadataComponent.stories.jsx[2m > [22m[2mNo Parsed Content
[22m[39m[FilesContext] About to set up File observeQuery
[90mstdout[2m | src/components/Editor3/nodes/FileMetadataNode/FileMetadataComponent.stories.jsx[2m > [22m[2mNo Parsed Content
[22m[39m[ChatContext] Setting up AssistantChat observeQuery
[90mstdout[2m | src/components/Editor3/nodes/FileMetadataNode/FileMetadataComponent.stories.jsx[2m > [22m[2mNo Parsed Content
[22m[39m[ChatContext] Waiting for subscription to initialize
[90mstdout[2m | src/components/Editor3/nodes/FileMetadataNode/FileMetadataComponent.stories.jsx[2m > [22m[2mNo Parsed Content
[22m[39m[SettingsContext] Setting up Settings subscription for user: mock-user-sub
[90mstdout[2m | src/components/Editor3/nodes/FileMetadataNode/FileMetadataComponent.stories.jsx[2m > [22m[2mNo Parsed Content
[22m[39m[Mock Data] Settings created: mock-settings-1790418184928 - notified 0 subscribers
[90mstdout[2m | src/components/Editor3/nodes/FileMetadataNode/FileMetadataComponent.stories.jsx[2m > [22m[2mNo Parsed Content
[22m[39m[FilesContext] File observeQuery update: 6 files
[90mstdout[2m | src/components/Editor3/nodes/FileMetadataNode/FileMetadataComponent.stories.jsx[2m > [22m[2mNo Parsed Content
[22m[39m[ChatContext] AssistantChat initialized with 1 chats
[90mstdout[2m | src/components/Editor3/nodes/FileMetadataNode/FileMetadataComponent.stories.jsx[2m > [22m[2mNo Parsed Content
[22m[39m[ChatContext] Setting initial chat: mock-assistant-chat-1
[90mstdout[2m | src/components/Editor3/nodes/FileMetadataNode/FileMetadataComponent.stories.jsx[2m > [22m[2mNo Parsed Content
[22m[39m[MOCK CourseVectorStore] Initialized with mock data
[90mstdout[2m | src/components/Editor3/nodes/FileMetadataNode/FileMetadataComponent.stories.jsx[2m > [22m[2mNo Parsed Content
[22m[39m[FilesContext] Vector store population triggered {
  "currentVectorStoreSize": 3,
  "documentsCount": 0,
  "filesCount": 6,
  "isInitialLoad": true,
}
[90mstdout[2m | src/components/Editor3/nodes/FileMetadataNode/FileMetadataComponent.stories.jsx[2m > [22m[2mNo Parsed Content
[22m[39m[FilesContext] Vector store population complete - 3 total embeddings
[90mstdout[2m | src/components/Editor3/nodes/FileMetadataNode/FileMetadataComponent.stories.jsx[2m > [22m[2mNo Parsed Content
[22m[39m[ChatContext] Chat exists and not archived, skipping creation
[90mstdout[2m | src/components/Editor3/nodes/FileMetadataNode/FileMetadataComponent.stories.jsx[2m > [22m[2mNo Parsed Content
[22m[39m[Mock Storage] downloadData called with: undefined
 [32m✓[39m [30m[45m storybook (chromium) [49m[39m src/components/Editor3/nodes/FileMetadataNode/FileMetadataComponent.stories.jsx [2m([22m[2m4 tests[22m[2m)[22m[33m 687[2mms[22m[39m
[90mstdout[2m | unknown test
[22m[39m[MOCK vectorStoreDB.js] Module loaded - mock IndexedDB operations
[90mstdout[2m | unknown test
[22m[39m[Task Completion] DOM action listeners initialized
[90mstdout[2m | unknown test
[22m[39m[Task Completion] Auto-completion detector initialized
[90mstdout[2m | unknown test
[22m[39m[Preview] Task completion detector initialized
[90mstdout[2m | src/components/RecordingStudio3/HorizontalTimeline.stories.tsx[2m > [22m[2mTwo Speakers
[22m[39m[TranslationModeController] Setting mode to: off
[90mstdout[2m | src/components/RecordingStudio3/HorizontalTimeline.stories.tsx[2m > [22m[2mThree Speakers
[22m[39m[TranslationModeController] Setting mode to: off
[90mstdout[2m | src/components/RecordingStudio3/HorizontalTimeline.stories.tsx[2m > [22m[2mEmpty Timeline
[22m[39m[TranslationModeController] Setting mode to: off
[90mstdout[2m | src/components/RecordingStudio3/HorizontalTimeline.stories.tsx[2m > [22m[2mRecording State
[22m[39m[TranslationModeController] Setting mode to: off
 [32m✓[39m [30m[45m storybook (chromium) [49m[39m src/components/RecordingStudio3/HorizontalTimeline.stories.tsx [2m([22m[2m4 tests[22m[2m)[22m[33m 737[2mms[22m[39m
[90mstdout[2m | unknown test
[22m[39m[MOCK vectorStoreDB.js] Module loaded - mock IndexedDB operations
[90mstdout[2m | unknown test
[22m[39m[Task Completion] DOM action listeners initialized
[90mstdout[2m | unknown test
[22m[39m[Task Completion] Auto-completion detector initialized
[90mstdout[2m | unknown test
[22m[39m[Preview] Task completion detector initialized
[90mstdout[2m | src/components/NotificationInvitations.stories.tsx[2m > [22m[2mPeer Review Invitations
[22m[39m[MOCK CourseVectorStore] Initialized with mock data
[90mstdout[2m | src/components/NotificationInvitations.stories.tsx[2m > [22m[2mPeer Review Invitations
[22m[39m[TranslationModeController] Setting mode to: off
[90mstdout[2m | src/components/NotificationInvitations.stories.tsx[2m > [22m[2mPeer Review Invitations
[22m[39m[UnitContext] useEffect triggered {
  "authLoading": false,
  "hasUser": true,
  "id": "mock-unit-id",
  "userSub": "mock-user-sub",
}
[90mstdout[2m | src/components/NotificationInvitations.stories.tsx[2m > [22m[2mPeer Review Invitations
[22m[39m[UnitContext] Fetching unit data for id: mock-unit-id
[90mstdout[2m | src/components/NotificationInvitations.stories.tsx[2m > [22m[2mPeer Review Invitations
[22m[39m[FilesContext] Initializing vector store from IndexedDB
[90mstdout[2m | src/components/NotificationInvitations.stories.tsx[2m > [22m[2mPeer Review Invitations
[22m[39m[FilesContext] fetchFiles called
[90mstdout[2m | src/components/NotificationInvitations.stories.tsx[2m > [22m[2mPeer Review Invitations
[22m[39m[FilesContext] User authenticated: mock-user-sub
[90mstdout[2m | src/components/NotificationInvitations.stories.tsx[2m > [22m[2mPeer Review Invitations
[22m[39m[FilesContext] Identity ID: us-east-1:mock-identity-123
[90mstdout[2m | src/components/NotificationInvitations.stories.tsx[2m > [22m[2mPeer Review Invitations
[22m[39m[FilesContext] About to set up File observeQuery
[90mstdout[2m | src/components/NotificationInvitations.stories.tsx[2m > [22m[2mPeer Review Invitations
[22m[39m[ChatContext] Setting up AssistantChat observeQuery
[90mstdout[2m | src/components/NotificationInvitations.stories.tsx[2m > [22m[2mPeer Review Invitations
[22m[39m[ChatContext] Waiting for subscription to initialize
[90mstdout[2m | src/components/NotificationInvitations.stories.tsx[2m > [22m[2mPeer Review Invitations
[22m[39m[SettingsContext] Setting up Settings subscription for user: mock-user-sub
[90mstdout[2m | src/components/NotificationInvitations.stories.tsx[2m > [22m[2mPeer Review Invitations
[22m[39m[Mock Data] Settings created: mock-settings-1790418190545 - notified 0 subscribers
[90mstdout[2m | src/components/NotificationInvitations.stories.tsx[2m > [22m[2mPeer Review Invitations
[22m[39m[Mock Data] Unit.onUpdate() subscription added. Total: 1
[90mstdout[2m | src/components/NotificationInvitations.stories.tsx[2m > [22m[2mPeer Review Invitations
[22m[39m[SectionContext] Section observeQuery update: 0
[90mstdout[2m | src/components/NotificationInvitations.stories.tsx[2m > [22m[2mPeer Review Invitations
[22m[39m[FilesContext] File observeQuery update: 6 files
[90mstdout[2m | src/components/NotificationInvitations.stories.tsx[2m > [22m[2mPeer Review Invitations
[22m[39m[ChatContext] AssistantChat initialized with 1 chats
[90mstdout[2m | src/components/NotificationInvitations.stories.tsx[2m > [22m[2mPeer Review Invitations
[22m[39m[ChatContext] Setting initial chat: mock-assistant-chat-1
[90mstdout[2m | src/components/NotificationInvitations.stories.tsx[2m > [22m[2mPeer Review Invitations
[22m[39m[MOCK CourseVectorStore] Initialized with mock data
[90mstdout[2m | src/components/NotificationInvitations.stories.tsx[2m > [22m[2mPeer Review Invitations
[22m[39m[FilesContext] Vector store population triggered {
  "currentVectorStoreSize": 3,
  "documentsCount": 0,
  "filesCount": 6,
  "isInitialLoad": true,
}
[90mstdout[2m | src/components/NotificationInvitations.stories.tsx[2m > [22m[2mPeer Review Invitations
[22m[39m[FilesContext] Vector store population complete - 3 total embeddings
[90mstdout[2m | src/components/NotificationInvitations.stories.tsx[2m > [22m[2mPeer Review Invitations
[22m[39m[ChatContext] Chat exists and not archived, skipping creation
[90mstdout[2m | src/components/NotificationInvitations.stories.tsx[2m > [22m[2mPeer Review Invitations
[22m[39m[Mock Storage] downloadData called with: undefined
[90mstdout[2m | src/components/NotificationInvitations.stories.tsx[2m > [22m[2mPractice Session Invitations
[22m[39m[ChatContext] Cleaning up subscriptions
[90mstdout[2m | src/components/NotificationInvitations.stories.tsx[2m > [22m[2mPractice Session Invitations
[22m[39m[Mock Data] Unit.onUpdate() subscription removed. Remaining: 0
[90mstdout[2m | src/components/NotificationInvitations.stories.tsx[2m > [22m[2mPractice Session Invitations
[22m[39m[MOCK CourseVectorStore] Initialized with mock data
[90mstdout[2m | src/components/NotificationInvitations.stories.tsx[2m > [22m[2mPractice Session Invitations
[22m[39m[TranslationModeController] Setting mode to: off
[90mstdout[2m | src/components/NotificationInvitations.stories.tsx[2m > [22m[2mPractice Session Invitations
[22m[39m[UnitContext] useEffect triggered {
  "authLoading": false,
  "hasUser": true,
  "id": "mock-unit-id",
  "userSub": "mock-user-sub",
}
[90mstdout[2m | src/components/NotificationInvitations.stories.tsx[2m > [22m[2mPractice Session Invitations
[22m[39m[UnitContext] Fetching unit data for id: mock-unit-id
[90mstdout[2m | src/components/NotificationInvitations.stories.tsx[2m > [22m[2mPractice Session Invitations
[22m[39m[FilesContext] Initializing vector store from IndexedDB
[90mstdout[2m | src/components/NotificationInvitations.stories.tsx[2m > [22m[2mPractice Session Invitations
[22m[39m[FilesContext] fetchFiles called
[90mstdout[2m | src/components/NotificationInvitations.stories.tsx[2m > [22m[2mPractice Session Invitations
[22m[39m[FilesContext] User authenticated: mock-user-sub
[90mstdout[2m | src/components/NotificationInvitations.stories.tsx[2m > [22m[2mPractice Session Invitations
[22m[39m[FilesContext] Identity ID: us-east-1:mock-identity-123
[90mstdout[2m | src/components/NotificationInvitations.stories.tsx[2m > [22m[2mPractice Session Invitations
[22m[39m[FilesContext] About to set up File observeQuery
[90mstdout[2m | src/components/NotificationInvitations.stories.tsx[2m > [22m[2mPractice Session Invitations
[22m[39m[ChatContext] Setting up AssistantChat observeQuery
[90mstdout[2m | src/components/NotificationInvitations.stories.tsx[2m > [22m[2mPractice Session Invitations
[22m[39m[ChatContext] Waiting for subscription to initialize
[90mstdout[2m | src/components/NotificationInvitations.stories.tsx[2m > [22m[2mPractice Session Invitations
[22m[39m[SettingsContext] Setting up Settings subscription for user: mock-user-sub
[90mstdout[2m | src/components/NotificationInvitations.stories.tsx[2m > [22m[2mPractice Session Invitations
[22m[39m[Mock Data] Settings created: mock-settings-1790418190729 - notified 0 subscribers
[90mstdout[2m | src/components/NotificationInvitations.stories.tsx[2m > [22m[2mPractice Session Invitations
[22m[39m[Mock Data] Unit.onUpdate() subscription added. Total: 1
[90mstdout[2m | src/components/NotificationInvitations.stories.tsx[2m > [22m[2mPractice Session Invitations
[22m[39m[SectionContext] Section observeQuery update: 0
[90mstdout[2m | src/components/NotificationInvitations.stories.tsx[2m > [22m[2mPractice Session Invitations
[22m[39m[FilesContext] File observeQuery update: 6 files
[90mstdout[2m | src/components/NotificationInvitations.stories.tsx[2m > [22m[2mPractice Session Invitations
[22m[39m[MOCK CourseVectorStore] Initialized with mock data
[90mstdout[2m | src/components/NotificationInvitations.stories.tsx[2m > [22m[2mPractice Session Invitations
[22m[39m[FilesContext] Vector store population triggered {
  "currentVectorStoreSize": 3,
  "documentsCount": 0,
  "filesCount": 6,
  "isInitialLoad": true,
}
[90mstdout[2m | src/components/NotificationInvitations.stories.tsx[2m > [22m[2mPractice Session Invitations
[22m[39m[FilesContext] Vector store population complete - 3 total embeddings
[90mstdout[2m | src/components/NotificationInvitations.stories.tsx[2m > [22m[2mPractice Session Invitations
[22m[39m[ChatContext] AssistantChat initialized with 1 chats
[90mstdout[2m | src/components/NotificationInvitations.stories.tsx[2m > [22m[2mPractice Session Invitations
[22m[39m[ChatContext] Setting initial chat: mock-assistant-chat-1
[90mstdout[2m | src/components/NotificationInvitations.stories.tsx[2m > [22m[2mPractice Session Invitations
[22m[39m[Mock Storage] downloadData called with: undefined
[90mstdout[2m | src/components/NotificationInvitations.stories.tsx[2m > [22m[2mPractice Session Invitations
[22m[39m[ChatContext] Chat exists and not archived, skipping creation
[90mstdout[2m | src/components/NotificationInvitations.stories.tsx[2m > [22m[2mWorkbook Invitations
[22m[39m[ChatContext] Cleaning up subscriptions
[90mstdout[2m | src/components/NotificationInvitations.stories.tsx[2m > [22m[2mWorkbook Invitations
[22m[39m[Mock Data] Unit.onUpdate() subscription removed. Remaining: 0
[90mstdout[2m | src/components/NotificationInvitations.stories.tsx[2m > [22m[2mWorkbook Invitations
[22m[39m[MOCK CourseVectorStore] Initialized with mock data
[90mstdout[2m | src/components/NotificationInvitations.stories.tsx[2m > [22m[2mWorkbook Invitations
[22m[39m[TranslationModeController] Setting mode to: off
[90mstdout[2m | src/components/NotificationInvitations.stories.tsx[2m > [22m[2mWorkbook Invitations
[22m[39m[UnitContext] useEffect triggered {
  "authLoading": false,
  "hasUser": true,
  "id": "mock-unit-id",
  "userSub": "mock-user-sub",
}
[90mstdout[2m | src/components/NotificationInvitations.stories.tsx[2m > [22m[2mWorkbook Invitations
[22m[39m[UnitContext] Fetching unit data for id: mock-unit-id
[90mstdout[2m | src/components/NotificationInvitations.stories.tsx[2m > [22m[2mWorkbook Invitations
[22m[39m[FilesContext] Initializing vector store from IndexedDB
[90mstdout[2m | src/components/NotificationInvitations.stories.tsx[2m > [22m[2mWorkbook Invitations
[22m[39m[FilesContext] fetchFiles called
[90mstdout[2m | src/components/NotificationInvitations.stories.tsx[2m > [22m[2mWorkbook Invitations
[22m[39m[FilesContext] User authenticated: mock-user-sub
[90mstdout[2m | src/components/NotificationInvitations.stories.tsx[2m > [22m[2mWorkbook Invitations
[22m[39m[FilesContext] Identity ID: us-east-1:mock-identity-123
[90mstdout[2m | src/components/NotificationInvitations.stories.tsx[2m > [22m[2mWorkbook Invitations
[22m[39m[FilesContext] About to set up File observeQuery
[90mstdout[2m | src/components/NotificationInvitations.stories.tsx[2m > [22m[2mWorkbook Invitations
[22m[39m[ChatContext] Setting up AssistantChat observeQuery
[90mstdout[2m | src/components/NotificationInvitations.stories.tsx[2m > [22m[2mWorkbook Invitations
[22m[39m[ChatContext] Waiting for subscription to initialize
[90mstdout[2m | src/components/NotificationInvitations.stories.tsx[2m > [22m[2mWorkbook Invitations
[22m[39m[SettingsContext] Setting up Settings subscription for user: mock-user-sub
[90mstdout[2m | src/components/NotificationInvitations.stories.tsx[2m > [22m[2mWorkbook Invitations
[22m[39m[Mock Data] Settings created: mock-settings-1790418190853 - notified 0 subscribers
[90mstdout[2m | src/components/NotificationInvitations.stories.tsx[2m > [22m[2mWorkbook Invitations
[22m[39m[Mock Data] Unit.onUpdate() subscription added. Total: 1
[90mstdout[2m | src/components/NotificationInvitations.stories.tsx[2m > [22m[2mWorkbook Invitations
[22m[39m[SectionContext] Section observeQuery update: 0
[90mstdout[2m | src/components/NotificationInvitations.stories.tsx[2m > [22m[2mWorkbook Invitations
[22m[39m[FilesContext] File observeQuery update: 6 files
[90mstdout[2m | src/components/NotificationInvitations.stories.tsx[2m > [22m[2mWorkbook Invitations
[22m[39m[ChatContext] AssistantChat initialized with 1 chats
[90mstdout[2m | src/components/NotificationInvitations.stories.tsx[2m > [22m[2mWorkbook Invitations
[22m[39m[ChatContext] Setting initial chat: mock-assistant-chat-1
[90mstdout[2m | src/components/NotificationInvitations.stories.tsx[2m > [22m[2mWorkbook Invitations
[22m[39m[MOCK CourseVectorStore] Initialized with mock data
[90mstdout[2m | src/components/NotificationInvitations.stories.tsx[2m > [22m[2mWorkbook Invitations
[22m[39m[FilesContext] Vector store population triggered {
  "currentVectorStoreSize": 3,
  "documentsCount": 0,
  "filesCount": 6,
  "isInitialLoad": true,
}
[90mstdout[2m | src/components/NotificationInvitations.stories.tsx[2m > [22m[2mWorkbook Invitations
[22m[39m[FilesContext] Vector store population complete - 3 total embeddings
[90mstdout[2m | src/components/NotificationInvitations.stories.tsx[2m > [22m[2mWorkbook Invitations
[22m[39m[ChatContext] Chat exists and not archived, skipping creation
[90mstdout[2m | src/components/NotificationInvitations.stories.tsx[2m > [22m[2mWorkbook Invitations
[22m[39m[Mock Storage] downloadData called with: undefined
[90mstdout[2m | src/components/NotificationInvitations.stories.tsx[2m > [22m[2mAll Collaboration Types
[22m[39m[ChatContext] Cleaning up subscriptions
[90mstdout[2m | src/components/NotificationInvitations.stories.tsx[2m > [22m[2mAll Collaboration Types
[22m[39m[Mock Data] Unit.onUpdate() subscription removed. Remaining: 0
[90mstdout[2m | src/components/NotificationInvitations.stories.tsx[2m > [22m[2mAll Collaboration Types
[22m[39m[MOCK CourseVectorStore] Initialized with mock data
[90mstdout[2m | src/components/NotificationInvitations.stories.tsx[2m > [22m[2mAll Collaboration Types
[22m[39m[TranslationModeController] Setting mode to: off
[90mstdout[2m | src/components/NotificationInvitations.stories.tsx[2m > [22m[2mAll Collaboration Types
[22m[39m[UnitContext] useEffect triggered {
  "authLoading": false,
  "hasUser": true,
  "id": "mock-unit-id",
  "userSub": "mock-user-sub",
}
[90mstdout[2m | src/components/NotificationInvitations.stories.tsx[2m > [22m[2mAll Collaboration Types
[22m[39m[UnitContext] Fetching unit data for id: mock-unit-id
[90mstdout[2m | src/components/NotificationInvitations.stories.tsx[2m > [22m[2mAll Collaboration Types
[22m[39m[FilesContext] Initializing vector store from IndexedDB
[90mstdout[2m | src/components/NotificationInvitations.stories.tsx[2m > [22m[2mAll Collaboration Types
[22m[39m[FilesContext] fetchFiles called
[90mstdout[2m | src/components/NotificationInvitations.stories.tsx[2m > [22m[2mAll Collaboration Types
[22m[39m[FilesContext] User authenticated: mock-user-sub
[90mstdout[2m | src/components/NotificationInvitations.stories.tsx[2m > [22m[2mAll Collaboration Types
[22m[39m[FilesContext] Identity ID: us-east-1:mock-identity-123
[90mstdout[2m | src/components/NotificationInvitations.stories.tsx[2m > [22m[2mAll Collaboration Types
[22m[39m[FilesContext] About to set up File observeQuery
[90mstdout[2m | src/components/NotificationInvitations.stories.tsx[2m > [22m[2mAll Collaboration Types
[22m[39m[ChatContext] Setting up AssistantChat observeQuery
[90mstdout[2m | src/components/NotificationInvitations.stories.tsx[2m > [22m[2mAll Collaboration Types
[22m[39m[ChatContext] Waiting for subscription to initialize
[90mstdout[2m | src/components/NotificationInvitations.stories.tsx[2m > [22m[2mAll Collaboration Types
[22m[39m[SettingsContext] Setting up Settings subscription for user: mock-user-sub
[90mstdout[2m | src/components/NotificationInvitations.stories.tsx[2m > [22m[2mAll Collaboration Types
[22m[39m[Mock Data] Settings created: mock-settings-1790418190999 - notified 0 subscribers
[90mstdout[2m | src/components/NotificationInvitations.stories.tsx[2m > [22m[2mAll Collaboration Types
[22m[39m[Mock Data] Unit.onUpdate() subscription added. Total: 1
[90mstdout[2m | src/components/NotificationInvitations.stories.tsx[2m > [22m[2mAll Collaboration Types
[22m[39m[SectionContext] Section observeQuery update: 0
[90mstdout[2m | src/components/NotificationInvitations.stories.tsx[2m > [22m[2mAll Collaboration Types
[22m[39m[FilesContext] File observeQuery update: 6 files
[90mstdout[2m | src/components/NotificationInvitations.stories.tsx[2m > [22m[2mAll Collaboration Types
[22m[39m[ChatContext] AssistantChat initialized with 1 chats
[90mstdout[2m | src/components/NotificationInvitations.stories.tsx[2m > [22m[2mAll Collaboration Types
[22m[39m[ChatContext] Setting initial chat: mock-assistant-chat-1
[90mstdout[2m | src/components/NotificationInvitations.stories.tsx[2m > [22m[2mAll Collaboration Types
[22m[39m[MOCK CourseVectorStore] Initialized with mock data
[90mstdout[2m | src/components/NotificationInvitations.stories.tsx[2m > [22m[2mAll Collaboration Types
[22m[39m[FilesContext] Vector store population triggered {
  "currentVectorStoreSize": 3,
  "documentsCount": 0,
  "filesCount": 6,
  "isInitialLoad": true,
}
[90mstdout[2m | src/components/NotificationInvitations.stories.tsx[2m > [22m[2mAll Collaboration Types
[22m[39m[FilesContext] Vector store population complete - 3 total embeddings
[90mstdout[2m | src/components/NotificationInvitations.stories.tsx[2m > [22m[2mAll Collaboration Types
[22m[39m[ChatContext] Chat exists and not archived, skipping creation
[90mstdout[2m | src/components/NotificationInvitations.stories.tsx[2m > [22m[2mAll Collaboration Types
[22m[39m[Mock Storage] downloadData called with: undefined
[90mstdout[2m | src/components/NotificationInvitations.stories.tsx[2m > [22m[2mNo Invitations
[22m[39m[ChatContext] Cleaning up subscriptions
[90mstdout[2m | src/components/NotificationInvitations.stories.tsx[2m > [22m[2mNo Invitations
[22m[39m[Mock Data] Unit.onUpdate() subscription removed. Remaining: 0
[90mstdout[2m | src/components/NotificationInvitations.stories.tsx[2m > [22m[2mNo Invitations
[22m[39m[MOCK CourseVectorStore] Initialized with mock data
[90mstdout[2m | src/components/NotificationInvitations.stories.tsx[2m > [22m[2mNo Invitations
[22m[39m[TranslationModeController] Setting mode to: off
[90mstdout[2m | src/components/NotificationInvitations.stories.tsx[2m > [22m[2mNo Invitations
[22m[39m[UnitContext] useEffect triggered {
  "authLoading": false,
  "hasUser": true,
  "id": "mock-unit-id",
  "userSub": "mock-user-sub",
}
[90mstdout[2m | src/components/NotificationInvitations.stories.tsx[2m > [22m[2mNo Invitations
[22m[39m[UnitContext] Fetching unit data for id: mock-unit-id
[90mstdout[2m | src/components/NotificationInvitations.stories.tsx[2m > [22m[2mNo Invitations
[22m[39m[FilesContext] Initializing vector store from IndexedDB
[90mstdout[2m | src/components/NotificationInvitations.stories.tsx[2m > [22m[2mNo Invitations
[22m[39m[FilesContext] fetchFiles called
[90mstdout[2m | src/components/NotificationInvitations.stories.tsx[2m > [22m[2mNo Invitations
[22m[39m[FilesContext] User authenticated: mock-user-sub
[90mstdout[2m | src/components/NotificationInvitations.stories.tsx[2m > [22m[2mNo Invitations
[22m[39m[FilesContext] Identity ID: us-east-1:mock-identity-123
[90mstdout[2m | src/components/NotificationInvitations.stories.tsx[2m > [22m[2mNo Invitations
[22m[39m[FilesContext] About to set up File observeQuery
[90mstdout[2m | src/components/NotificationInvitations.stories.tsx[2m > [22m[2mNo Invitations
[22m[39m[ChatContext] Setting up AssistantChat observeQuery
[90mstdout[2m | src/components/NotificationInvitations.stories.tsx[2m > [22m[2mNo Invitations
[22m[39m[ChatContext] Waiting for subscription to initialize
[90mstdout[2m | src/components/NotificationInvitations.stories.tsx[2m > [22m[2mNo Invitations
[22m[39m[SettingsContext] Setting up Settings subscription for user: mock-user-sub
[90mstdout[2m | src/components/NotificationInvitations.stories.tsx[2m > [22m[2mNo Invitations
[22m[39m[Mock Data] Settings created: mock-settings-1790418191153 - notified 0 subscribers
[90mstdout[2m | src/components/NotificationInvitations.stories.tsx[2m > [22m[2mNo Invitations
[22m[39m[Mock Data] Unit.onUpdate() subscription added. Total: 1
[90mstdout[2m | src/components/NotificationInvitations.stories.tsx[2m > [22m[2mNo Invitations
[22m[39m[SectionContext] Section observeQuery update: 0
[90mstdout[2m | src/components/NotificationInvitations.stories.tsx[2m > [22m[2mNo Invitations
[22m[39m[Mock Storage] downloadData called with: undefined
[90mstdout[2m | src/components/NotificationInvitations.stories.tsx[2m > [22m[2mNo Invitations
[22m[39m[FilesContext] File observeQuery update: 6 files
[90mstdout[2m | src/components/NotificationInvitations.stories.tsx[2m > [22m[2mNo Invitations
[22m[39m[MOCK CourseVectorStore] Initialized with mock data
[90mstdout[2m | src/components/NotificationInvitations.stories.tsx[2m > [22m[2mNo Invitations
[22m[39m[FilesContext] Vector store population triggered {
  "currentVectorStoreSize": 3,
  "documentsCount": 0,
  "filesCount": 6,
  "isInitialLoad": true,
}
[90mstdout[2m | src/components/NotificationInvitations.stories.tsx[2m > [22m[2mNo Invitations
[22m[39m[FilesContext] Vector store population complete - 3 total embeddings
[90mstdout[2m | src/components/NotificationInvitations.stories.tsx[2m > [22m[2mNo Invitations
[22m[39m[ChatContext] AssistantChat initialized with 1 chats
[90mstdout[2m | src/components/NotificationInvitations.stories.tsx[2m > [22m[2mNo Invitations
[22m[39m[ChatContext] Setting initial chat: mock-assistant-chat-1
[90mstdout[2m | src/components/NotificationInvitations.stories.tsx[2m > [22m[2mNo Invitations
[22m[39m[ChatContext] Chat exists and not archived, skipping creation
[90mstdout[2m | src/components/NotificationInvitations.stories.tsx[2m > [22m[2mLoading
[22m[39m[ChatContext] Cleaning up subscriptions
[90mstdout[2m | src/components/NotificationInvitations.stories.tsx[2m > [22m[2mLoading
[22m[39m[Mock Data] Unit.onUpdate() subscription removed. Remaining: 0
[90mstdout[2m | src/components/NotificationInvitations.stories.tsx[2m > [22m[2mLoading
[22m[39m[MOCK CourseVectorStore] Initialized with mock data
[90mstdout[2m | src/components/NotificationInvitations.stories.tsx[2m > [22m[2mLoading
[22m[39m[TranslationModeController] Setting mode to: off
[90mstdout[2m | src/components/NotificationInvitations.stories.tsx[2m > [22m[2mLoading
[22m[39m[UnitContext] useEffect triggered {
  "authLoading": false,
  "hasUser": true,
  "id": "mock-unit-id",
  "userSub": "mock-user-sub",
}
[90mstdout[2m | src/components/NotificationInvitations.stories.tsx[2m > [22m[2mLoading
[22m[39m[UnitContext] Fetching unit data for id: mock-unit-id
[90mstdout[2m | src/components/NotificationInvitations.stories.tsx[2m > [22m[2mLoading
[22m[39m[FilesContext] Initializing vector store from IndexedDB
[90mstdout[2m | src/components/NotificationInvitations.stories.tsx[2m > [22m[2mLoading
[22m[39m[FilesContext] fetchFiles called
[90mstdout[2m | src/components/NotificationInvitations.stories.tsx[2m > [22m[2mLoading
[22m[39m[FilesContext] User authenticated: mock-user-sub
[90mstdout[2m | src/components/NotificationInvitations.stories.tsx[2m > [22m[2mLoading
[22m[39m[FilesContext] Identity ID: us-east-1:mock-identity-123
[90mstdout[2m | src/components/NotificationInvitations.stories.tsx[2m > [22m[2mLoading
[22m[39m[FilesContext] About to set up File observeQuery
[90mstdout[2m | src/components/NotificationInvitations.stories.tsx[2m > [22m[2mLoading
[22m[39m[ChatContext] Setting up AssistantChat observeQuery
[90mstdout[2m | src/components/NotificationInvitations.stories.tsx[2m > [22m[2mLoading
[22m[39m[ChatContext] Waiting for subscription to initialize
[90mstdout[2m | src/components/NotificationInvitations.stories.tsx[2m > [22m[2mLoading
[22m[39m[SettingsContext] Setting up Settings subscription for user: mock-user-sub
[90mstdout[2m | src/components/NotificationInvitations.stories.tsx[2m > [22m[2mLoading
[22m[39m[Mock Data] Settings created: mock-settings-1790418191273 - notified 0 subscribers
[90mstdout[2m | src/components/NotificationInvitations.stories.tsx[2m > [22m[2mLoading
[22m[39m[Mock Data] Unit.onUpdate() subscription added. Total: 1
[90mstdout[2m | src/components/NotificationInvitations.stories.tsx[2m > [22m[2mLoading
[22m[39m[SectionContext] Section observeQuery update: 0
[90mstdout[2m | src/components/NotificationInvitations.stories.tsx[2m > [22m[2mLoading
[22m[39m[FilesContext] File observeQuery update: 6 files
[90mstdout[2m | src/components/NotificationInvitations.stories.tsx[2m > [22m[2mLoading
[22m[39m[ChatContext] AssistantChat initialized with 1 chats
[90mstdout[2m | src/components/NotificationInvitations.stories.tsx[2m > [22m[2mLoading
[22m[39m[ChatContext] Setting initial chat: mock-assistant-chat-1
[90mstdout[2m | src/components/NotificationInvitations.stories.tsx[2m > [22m[2mLoading
[22m[39m[MOCK CourseVectorStore] Initialized with mock data
[90mstdout[2m | src/components/NotificationInvitations.stories.tsx[2m > [22m[2mLoading
[22m[39m[FilesContext] Vector store population triggered {
  "currentVectorStoreSize": 3,
  "documentsCount": 0,
  "filesCount": 6,
  "isInitialLoad": true,
}
[90mstdout[2m | src/components/NotificationInvitations.stories.tsx[2m > [22m[2mLoading
[22m[39m[FilesContext] Vector store population complete - 3 total embeddings
[90mstdout[2m | src/components/NotificationInvitations.stories.tsx[2m > [22m[2mLoading
[22m[39m[ChatContext] Chat exists and not archived, skipping creation
[90mstdout[2m | src/components/NotificationInvitations.stories.tsx[2m > [22m[2mLoading
[22m[39m[Mock Storage] downloadData called with: undefined
 [32m✓[39m [30m[45m storybook (chromium) [49m[39m src/components/NotificationInvitations.stories.tsx [2m([22m[2m6 tests[22m[2m)[22m[33m 875[2mms[22m[39m
[90mstdout[2m | unknown test
[22m[39m[MOCK vectorStoreDB.js] Module loaded - mock IndexedDB operations
[90mstdout[2m | unknown test
[22m[39m[Task Completion] DOM action listeners initialized
[90mstdout[2m | unknown test
[22m[39m[Task Completion] Auto-completion detector initialized
[90mstdout[2m | unknown test
[22m[39m[Preview] Task completion detector initialized
[90mstdout[2m | src/components/Gamification/SquadEditor.stories.tsx[2m > [22m[2mNew Squad
[22m[39m[TranslationModeController] Setting mode to: off
[90mstdout[2m | src/components/Gamification/SquadEditor.stories.tsx[2m > [22m[2mExisting Squad
[22m[39m[TranslationModeController] Setting mode to: off
[90mstdout[2m | src/components/Gamification/SquadEditor.stories.tsx[2m > [22m[2mManual Save Only
[22m[39m[TranslationModeController] Setting mode to: off
 [32m✓[39m [30m[45m storybook (chromium) [49m[39m src/components/Gamification/SquadEditor.stories.tsx [2m([22m[2m3 tests[22m[2m)[22m[33m 718[2mms[22m[39m
[90mstdout[2m | unknown test
[22m[39m[MOCK vectorStoreDB.js] Module loaded - mock IndexedDB operations
[90mstdout[2m | unknown test
[22m[39m[Task Completion] DOM action listeners initialized
[90mstdout[2m | unknown test
[22m[39m[Task Completion] Auto-completion detector initialized
[90mstdout[2m | unknown test
[22m[39m[Preview] Task completion detector initialized
[90mstdout[2m | src/components/Editor3/plugins/ColorPicker.stories.jsx[2m > [22m[2mStandalone
[22m[39m[Preview] Skipped initializing default mock data (initializeMockData=false)
[90mstdout[2m | src/components/Editor3/plugins/ColorPicker.stories.jsx[2m > [22m[2mStandalone
[22m[39m[Mock Data] seedMockUnit: Adding unit color-picker-story-unit
[90mstdout[2m | src/components/Editor3/plugins/ColorPicker.stories.jsx[2m > [22m[2mStandalone
[22m[39m[MOCK CourseVectorStore] Initialized with mock data
[90mstdout[2m | src/components/Editor3/plugins/ColorPicker.stories.jsx[2m > [22m[2mStandalone
[22m[39m[TranslationModeController] Setting mode to: off
[90mstdout[2m | src/components/Editor3/plugins/ColorPicker.stories.jsx[2m > [22m[2mStandalone
[22m[39m[UnitContext] useEffect triggered {
  "authLoading": false,
  "hasUser": true,
  "id": "color-picker-story-unit",
  "userSub": "mock-user-sub",
}
[90mstdout[2m | src/components/Editor3/plugins/ColorPicker.stories.jsx[2m > [22m[2mStandalone
[22m[39m[UnitContext] Fetching unit data for id: color-picker-story-unit
[90mstdout[2m | src/components/Editor3/plugins/ColorPicker.stories.jsx[2m > [22m[2mStandalone
[22m[39m[FilesContext] Initializing vector store from IndexedDB
[90mstdout[2m | src/components/Editor3/plugins/ColorPicker.stories.jsx[2m > [22m[2mStandalone
[22m[39m[FilesContext] fetchFiles called
[90mstdout[2m | src/components/Editor3/plugins/ColorPicker.stories.jsx[2m > [22m[2mStandalone
[22m[39m[FilesContext] User authenticated: mock-user-sub
[90mstdout[2m | src/components/Editor3/plugins/ColorPicker.stories.jsx[2m > [22m[2mStandalone
[22m[39m[FilesContext] Identity ID: us-east-1:mock-identity-123
[90mstdout[2m | src/components/Editor3/plugins/ColorPicker.stories.jsx[2m > [22m[2mStandalone
[22m[39m[FilesContext] About to set up File observeQuery
[90mstdout[2m | src/components/Editor3/plugins/ColorPicker.stories.jsx[2m > [22m[2mStandalone
[22m[39m[ChatContext] Setting up AssistantChat observeQuery
[90mstdout[2m | src/components/Editor3/plugins/ColorPicker.stories.jsx[2m > [22m[2mStandalone
[22m[39m[ChatContext] Waiting for subscription to initialize
[90mstdout[2m | src/components/Editor3/plugins/ColorPicker.stories.jsx[2m > [22m[2mStandalone
[22m[39m[SettingsContext] Setting up Settings subscription for user: mock-user-sub
[90mstdout[2m | src/components/Editor3/plugins/ColorPicker.stories.jsx[2m > [22m[2mStandalone
[22m[39m[Mock Data] Settings created: mock-settings-1790418197558 - notified 0 subscribers
[90mstdout[2m | src/components/Editor3/plugins/ColorPicker.stories.jsx[2m > [22m[2mStandalone
[22m[39m[Mock Data] Unit.onUpdate() subscription added. Total: 1
[90mstdout[2m | src/components/Editor3/plugins/ColorPicker.stories.jsx[2m > [22m[2mStandalone
[22m[39m[SectionContext] Section observeQuery update: 0
[90mstdout[2m | src/components/Editor3/plugins/ColorPicker.stories.jsx[2m > [22m[2mStandalone
[22m[39m[FilesContext] File observeQuery update: 0 files
[90mstdout[2m | src/components/Editor3/plugins/ColorPicker.stories.jsx[2m > [22m[2mStandalone
[22m[39m[ChatContext] AssistantChat initialized with 0 chats
[90mstdout[2m | src/components/Editor3/plugins/ColorPicker.stories.jsx[2m > [22m[2mStandalone
[22m[39m[MOCK CourseVectorStore] Initialized with mock data
[90mstdout[2m | src/components/Editor3/plugins/ColorPicker.stories.jsx[2m > [22m[2mStandalone
[22m[39m[ChatContext] No current chat available, will create one
[90mstdout[2m | src/components/Editor3/plugins/ColorPicker.stories.jsx[2m > [22m[2mStandalone
[22m[39m[ChatContext] Creating AssistantChat with user: undefined
[90mstdout[2m | src/components/Editor3/plugins/ColorPicker.stories.jsx[2m > [22m[2mStandalone
[22m[39m[Mock Data] AssistantChat created: mock-assistantchat-1790418197584 - notified 1 subscribers
[90mstdout[2m | src/components/Editor3/plugins/ColorPicker.stories.jsx[2m > [22m[2mStandalone
[22m[39m[ChatContext] Create result: {
  "data": {
    "_version": 1,
    "archived": false,
    "chatFiles": [Function anonymous],
    "createdAt": "2026-09-26T10:23:17.584Z",
    "id": "mock-assistantchat-1790418197584",
    "model": "gpt-4",
    "updatedAt": "2026-09-26T10:23:17.584Z",
  },
  "errors": [],
  "hasData": true,
  "hasErrors": true,
}
[90mstdout[2m | src/components/Editor3/plugins/ColorPicker.stories.jsx[2m > [22m[2mStandalone
[22m[39m[ChatContext] Created AssistantChat: mock-assistantchat-1790418197584 at: 2026-09-26T10:23:17.584Z
[90mstdout[2m | src/components/Editor3/plugins/ColorPicker.stories.jsx[2m > [22m[2mStandalone
[22m[39m[Mock Storage] downloadData called with: undefined
[90mstdout[2m | src/components/Editor3/plugins/ColorPicker.stories.jsx[2m > [22m[2mStandalone
[22m[39m[ChatContext] Setting initial chat: mock-assistantchat-1790418197584
[90mstdout[2m | src/components/Editor3/plugins/ColorPicker.stories.jsx[2m > [22m[2mStandalone
[22m[39m[ChatContext] Chat exists and not archived, skipping creation
[90mstdout[2m | src/components/Editor3/plugins/ColorPicker.stories.jsx[2m > [22m[2mEditor Integration
[22m[39m[ChatContext] Cleaning up subscriptions
[90mstdout[2m | src/components/Editor3/plugins/ColorPicker.stories.jsx[2m > [22m[2mEditor Integration
[22m[39m[Mock Data] Unit.onUpdate() subscription removed. Remaining: 0
[90mstdout[2m | src/components/Editor3/plugins/ColorPicker.stories.jsx[2m > [22m[2mEditor Integration
[22m[39m[Preview] Skipped initializing default mock data (initializeMockData=false)
[90mstdout[2m | src/components/Editor3/plugins/ColorPicker.stories.jsx[2m > [22m[2mEditor Integration
[22m[39m[Mock Data] seedMockUnit: Adding unit color-picker-story-unit
[90mstdout[2m | src/components/Editor3/plugins/ColorPicker.stories.jsx[2m > [22m[2mEditor Integration
[22m[39m[MOCK CourseVectorStore] Initialized with mock data
[90mstdout[2m | src/components/Editor3/plugins/ColorPicker.stories.jsx[2m > [22m[2mEditor Integration
[22m[39m[TranslationModeController] Setting mode to: off
[90mstdout[2m | src/components/Editor3/plugins/ColorPicker.stories.jsx[2m > [22m[2mEditor Integration
[22m[39m[UnitContext] useEffect triggered {
  "authLoading": false,
  "hasUser": true,
  "id": "color-picker-story-unit",
  "userSub": "mock-user-sub",
}
[90mstdout[2m | src/components/Editor3/plugins/ColorPicker.stories.jsx[2m > [22m[2mEditor Integration
[22m[39m[UnitContext] Fetching unit data for id: color-picker-story-unit
[90mstdout[2m | src/components/Editor3/plugins/ColorPicker.stories.jsx[2m > [22m[2mEditor Integration
[22m[39m[FilesContext] Initializing vector store from IndexedDB
[90mstdout[2m | src/components/Editor3/plugins/ColorPicker.stories.jsx[2m > [22m[2mEditor Integration
[22m[39m[FilesContext] fetchFiles called
[90mstdout[2m | src/components/Editor3/plugins/ColorPicker.stories.jsx[2m > [22m[2mEditor Integration
[22m[39m[FilesContext] User authenticated: mock-user-sub
[90mstdout[2m | src/components/Editor3/plugins/ColorPicker.stories.jsx[2m > [22m[2mEditor Integration
[22m[39m[FilesContext] Identity ID: us-east-1:mock-identity-123
[90mstdout[2m | src/components/Editor3/plugins/ColorPicker.stories.jsx[2m > [22m[2mEditor Integration
[22m[39m[FilesContext] About to set up File observeQuery
[90mstdout[2m | src/components/Editor3/plugins/ColorPicker.stories.jsx[2m > [22m[2mEditor Integration
[22m[39m[ChatContext] Setting up AssistantChat observeQuery
[90mstdout[2m | src/components/Editor3/plugins/ColorPicker.stories.jsx[2m > [22m[2mEditor Integration
[22m[39m[ChatContext] Waiting for subscription to initialize
[90mstdout[2m | src/components/Editor3/plugins/ColorPicker.stories.jsx[2m > [22m[2mEditor Integration
[22m[39m[SettingsContext] Setting up Settings subscription for user: mock-user-sub
[90mstdout[2m | src/components/Editor3/plugins/ColorPicker.stories.jsx[2m > [22m[2mEditor Integration
[22m[39m[Mock Data] Settings created: mock-settings-1790418197805 - notified 0 subscribers
[90mstdout[2m | src/components/Editor3/plugins/ColorPicker.stories.jsx[2m > [22m[2mEditor Integration
[22m[39m[Mock Data] Unit.onUpdate() subscription added. Total: 1
[90mstdout[2m | src/components/Editor3/plugins/ColorPicker.stories.jsx[2m > [22m[2mEditor Integration
[22m[39m[SectionContext] Section observeQuery update: 0
[90mstdout[2m | src/components/Editor3/plugins/ColorPicker.stories.jsx[2m > [22m[2mEditor Integration
[22m[39m[FilesContext] File observeQuery update: 0 files
[90mstdout[2m | src/components/Editor3/plugins/ColorPicker.stories.jsx[2m > [22m[2mEditor Integration
[22m[39m[ChatContext] AssistantChat initialized with 0 chats
[90mstdout[2m | src/components/Editor3/plugins/ColorPicker.stories.jsx[2m > [22m[2mEditor Integration
[22m[39m[Mock Storage] downloadData called with: undefined
[90mstdout[2m | src/components/Editor3/plugins/ColorPicker.stories.jsx[2m > [22m[2mEditor Integration
[22m[39m[MOCK CourseVectorStore] Initialized with mock data
[90mstdout[2m | src/components/Editor3/plugins/ColorPicker.stories.jsx[2m > [22m[2mEditor Integration
[22m[39m[ChatContext] No current chat available, will create one
[90mstdout[2m | src/components/Editor3/plugins/ColorPicker.stories.jsx[2m > [22m[2mEditor Integration
[22m[39m[ChatContext] Creating AssistantChat with user: undefined
[90mstdout[2m | src/components/Editor3/plugins/ColorPicker.stories.jsx[2m > [22m[2mEditor Integration
[22m[39m[Mock Data] AssistantChat created: mock-assistantchat-1790418197819 - notified 1 subscribers
[90mstdout[2m | src/components/Editor3/plugins/ColorPicker.stories.jsx[2m > [22m[2mEditor Integration
[22m[39m[ChatContext] Create result: {
  "data": {
    "_version": 1,
    "archived": false,
    "chatFiles": [Function anonymous],
    "createdAt": "2026-09-26T10:23:17.819Z",
    "id": "mock-assistantchat-1790418197819",
    "model": "gpt-4",
    "updatedAt": "2026-09-26T10:23:17.819Z",
  },
  "errors": [],
  "hasData": true,
  "hasErrors": true,
}
[90mstdout[2m | src/components/Editor3/plugins/ColorPicker.stories.jsx[2m > [22m[2mEditor Integration
[22m[39m[ChatContext] Created AssistantChat: mock-assistantchat-1790418197819 at: 2026-09-26T10:23:17.819Z
[90mstdout[2m | src/components/Editor3/plugins/ColorPicker.stories.jsx[2m > [22m[2mEditor Integration
[22m[39m[ChatContext] Setting initial chat: mock-assistantchat-1790418197819
[90mstdout[2m | src/components/Editor3/plugins/ColorPicker.stories.jsx[2m > [22m[2mEditor Integration
[22m[39m[ChatContext] Chat exists and not archived, skipping creation
[90mstdout[2m | src/components/Editor3/plugins/ColorPicker.stories.jsx[2m > [22m[2mEditor With Colorful Text
[22m[39m[ChatContext] Cleaning up subscriptions
[90mstdout[2m | src/components/Editor3/plugins/ColorPicker.stories.jsx[2m > [22m[2mEditor With Colorful Text
[22m[39m[Mock Data] Unit.onUpdate() subscription removed. Remaining: 0
[90mstdout[2m | src/components/Editor3/plugins/ColorPicker.stories.jsx[2m > [22m[2mEditor With Colorful Text
[22m[39m[Preview] Skipped initializing default mock data (initializeMockData=false)
[90mstdout[2m | src/components/Editor3/plugins/ColorPicker.stories.jsx[2m > [22m[2mEditor With Colorful Text
[22m[39m[Mock Data] seedMockUnit: Adding unit color-picker-story-unit
[90mstdout[2m | src/components/Editor3/plugins/ColorPicker.stories.jsx[2m > [22m[2mEditor With Colorful Text
[22m[39m[MOCK CourseVectorStore] Initialized with mock data
[90mstdout[2m | src/components/Editor3/plugins/ColorPicker.stories.jsx[2m > [22m[2mEditor With Colorful Text
[22m[39m[TranslationModeController] Setting mode to: off
[90mstdout[2m | src/components/Editor3/plugins/ColorPicker.stories.jsx[2m > [22m[2mEditor With Colorful Text
[22m[39m[UnitContext] useEffect triggered {
  "authLoading": false,
  "hasUser": true,
  "id": "color-picker-story-unit",
  "userSub": "mock-user-sub",
}
[90mstdout[2m | src/components/Editor3/plugins/ColorPicker.stories.jsx[2m > [22m[2mEditor With Colorful Text
[22m[39m[UnitContext] Fetching unit data for id: color-picker-story-unit
[90mstdout[2m | src/components/Editor3/plugins/ColorPicker.stories.jsx[2m > [22m[2mEditor With Colorful Text
[22m[39m[FilesContext] Initializing vector store from IndexedDB
[90mstdout[2m | src/components/Editor3/plugins/ColorPicker.stories.jsx[2m > [22m[2mEditor With Colorful Text
[22m[39m[FilesContext] fetchFiles called
[90mstdout[2m | src/components/Editor3/plugins/ColorPicker.stories.jsx[2m > [22m[2mEditor With Colorful Text
[22m[39m[FilesContext] User authenticated: mock-user-sub
[90mstdout[2m | src/components/Editor3/plugins/ColorPicker.stories.jsx[2m > [22m[2mEditor With Colorful Text
[22m[39m[FilesContext] Identity ID: us-east-1:mock-identity-123
[90mstdout[2m | src/components/Editor3/plugins/ColorPicker.stories.jsx[2m > [22m[2mEditor With Colorful Text
[22m[39m[FilesContext] About to set up File observeQuery
[90mstdout[2m | src/components/Editor3/plugins/ColorPicker.stories.jsx[2m > [22m[2mEditor With Colorful Text
[22m[39m[ChatContext] Setting up AssistantChat observeQuery
[90mstdout[2m | src/components/Editor3/plugins/ColorPicker.stories.jsx[2m > [22m[2mEditor With Colorful Text
[22m[39m[ChatContext] Waiting for subscription to initialize
[90mstdout[2m | src/components/Editor3/plugins/ColorPicker.stories.jsx[2m > [22m[2mEditor With Colorful Text
[22m[39m[SettingsContext] Setting up Settings subscription for user: mock-user-sub
[90mstdout[2m | src/components/Editor3/plugins/ColorPicker.stories.jsx[2m > [22m[2mEditor With Colorful Text
[22m[39m[Mock Data] Settings created: mock-settings-1790418197959 - notified 0 subscribers
[90mstdout[2m | src/components/Editor3/plugins/ColorPicker.stories.jsx[2m > [22m[2mEditor With Colorful Text
[22m[39m[Mock Data] Unit.onUpdate() subscription added. Total: 1
[90mstdout[2m | src/components/Editor3/plugins/ColorPicker.stories.jsx[2m > [22m[2mEditor With Colorful Text
[22m[39m[SectionContext] Section observeQuery update: 0
[90mstdout[2m | src/components/Editor3/plugins/ColorPicker.stories.jsx[2m > [22m[2mEditor With Colorful Text
[22m[39m[FilesContext] File observeQuery update: 0 files
[90mstdout[2m | src/components/Editor3/plugins/ColorPicker.stories.jsx[2m > [22m[2mEditor With Colorful Text
[22m[39m[ChatContext] AssistantChat initialized with 0 chats
[90mstdout[2m | src/components/Editor3/plugins/ColorPicker.stories.jsx[2m > [22m[2mEditor With Colorful Text
[22m[39m[Mock Storage] downloadData called with: undefined
[90mstdout[2m | src/components/Editor3/plugins/ColorPicker.stories.jsx[2m > [22m[2mEditor With Colorful Text
[22m[39m[MOCK CourseVectorStore] Initialized with mock data
[90mstdout[2m | src/components/Editor3/plugins/ColorPicker.stories.jsx[2m > [22m[2mEditor With Colorful Text
[22m[39m[ChatContext] No current chat available, will create one
[90mstdout[2m | src/components/Editor3/plugins/ColorPicker.stories.jsx[2m > [22m[2mEditor With Colorful Text
[22m[39m[ChatContext] Creating AssistantChat with user: undefined
[90mstdout[2m | src/components/Editor3/plugins/ColorPicker.stories.jsx[2m > [22m[2mEditor With Colorful Text
[22m[39m[Mock Data] AssistantChat created: mock-assistantchat-1790418197971 - notified 1 subscribers
[90mstdout[2m | src/components/Editor3/plugins/ColorPicker.stories.jsx[2m > [22m[2mEditor With Colorful Text
[22m[39m[ChatContext] Create result: {
  "data": {
    "_version": 1,
    "archived": false,
    "chatFiles": [Function anonymous],
    "createdAt": "2026-09-26T10:23:17.971Z",
    "id": "mock-assistantchat-1790418197971",
    "model": "gpt-4",
    "updatedAt": "2026-09-26T10:23:17.971Z",
  },
  "errors": [],
  "hasData": true,
  "hasErrors": true,
}
[90mstdout[2m | src/components/Editor3/plugins/ColorPicker.stories.jsx[2m > [22m[2mEditor With Colorful Text
[22m[39m[ChatContext] Created AssistantChat: mock-assistantchat-1790418197971 at: 2026-09-26T10:23:17.971Z
[90mstdout[2m | src/components/Editor3/plugins/ColorPicker.stories.jsx[2m > [22m[2mEditor With Colorful Text
[22m[39m[ChatContext] Setting initial chat: mock-assistantchat-1790418197971
[90mstdout[2m | src/components/Editor3/plugins/ColorPicker.stories.jsx[2m > [22m[2mEditor With Colorful Text
[22m[39m[ChatContext] Chat exists and not archived, skipping creation
 [32m✓[39m [30m[45m storybook (chromium) [49m[39m src/components/Editor3/plugins/ColorPicker.stories.jsx [2m([22m[2m3 tests[22m[2m)[22m[33m 570[2mms[22m[39m
[90mstdout[2m | unknown test
[22m[39m[MOCK vectorStoreDB.js] Module loaded - mock IndexedDB operations
[90mstdout[2m | unknown test
[22m[39m[Task Completion] DOM action listeners initialized
[90mstdout[2m | unknown test
[22m[39m[Task Completion] Auto-completion detector initialized
[90mstdout[2m | unknown test
[22m[39m[Preview] Task completion detector initialized
[90mstdout[2m | src/components/GradedWorkbookViewer/GutterAnnotations.stories.tsx[2m > [22m[2mMultiple Blocks
[22m[39m[MOCK CourseVectorStore] Initialized with mock data
[90mstdout[2m | src/components/GradedWorkbookViewer/GutterAnnotations.stories.tsx[2m > [22m[2mMultiple Blocks
[22m[39m[TranslationModeController] Setting mode to: off
[90mstdout[2m | src/components/GradedWorkbookViewer/GutterAnnotations.stories.tsx[2m > [22m[2mMultiple Blocks
[22m[39m[UnitContext] useEffect triggered {
  "authLoading": false,
  "hasUser": true,
  "id": "mock-unit-id",
  "userSub": "mock-user-sub",
}
[90mstdout[2m | src/components/GradedWorkbookViewer/GutterAnnotations.stories.tsx[2m > [22m[2mMultiple Blocks
[22m[39m[UnitContext] Fetching unit data for id: mock-unit-id
[90mstdout[2m | src/components/GradedWorkbookViewer/GutterAnnotations.stories.tsx[2m > [22m[2mMultiple Blocks
[22m[39m[FilesContext] Initializing vector store from IndexedDB
[90mstdout[2m | src/components/GradedWorkbookViewer/GutterAnnotations.stories.tsx[2m > [22m[2mMultiple Blocks
[22m[39m[FilesContext] fetchFiles called
[90mstdout[2m | src/components/GradedWorkbookViewer/GutterAnnotations.stories.tsx[2m > [22m[2mMultiple Blocks
[22m[39m[FilesContext] User authenticated: mock-user-sub
[90mstdout[2m | src/components/GradedWorkbookViewer/GutterAnnotations.stories.tsx[2m > [22m[2mMultiple Blocks
[22m[39m[FilesContext] Identity ID: us-east-1:mock-identity-123
[90mstdout[2m | src/components/GradedWorkbookViewer/GutterAnnotations.stories.tsx[2m > [22m[2mMultiple Blocks
[22m[39m[FilesContext] About to set up File observeQuery
[90mstdout[2m | src/components/GradedWorkbookViewer/GutterAnnotations.stories.tsx[2m > [22m[2mMultiple Blocks
[22m[39m[ChatContext] Setting up AssistantChat observeQuery
[90mstdout[2m | src/components/GradedWorkbookViewer/GutterAnnotations.stories.tsx[2m > [22m[2mMultiple Blocks
[22m[39m[ChatContext] Waiting for subscription to initialize
[90mstdout[2m | src/components/GradedWorkbookViewer/GutterAnnotations.stories.tsx[2m > [22m[2mMultiple Blocks
[22m[39m[SettingsContext] Setting up Settings subscription for user: mock-user-sub
[90mstdout[2m | src/components/GradedWorkbookViewer/GutterAnnotations.stories.tsx[2m > [22m[2mMultiple Blocks
[22m[39m[Mock Data] Settings created: mock-settings-1790418198817 - notified 0 subscribers
[90mstdout[2m | src/components/GradedWorkbookViewer/GutterAnnotations.stories.tsx[2m > [22m[2mMultiple Blocks
[22m[39m[Mock Data] Unit.onUpdate() subscription added. Total: 1
[90mstdout[2m | src/components/GradedWorkbookViewer/GutterAnnotations.stories.tsx[2m > [22m[2mMultiple Blocks
[22m[39m[SectionContext] Section observeQuery update: 0
[90mstdout[2m | src/components/GradedWorkbookViewer/GutterAnnotations.stories.tsx[2m > [22m[2mMultiple Blocks
[22m[39m[FilesContext] File observeQuery update: 6 files
[90mstdout[2m | src/components/GradedWorkbookViewer/GutterAnnotations.stories.tsx[2m > [22m[2mMultiple Blocks
[22m[39m[ChatContext] AssistantChat initialized with 1 chats
[90mstdout[2m | src/components/GradedWorkbookViewer/GutterAnnotations.stories.tsx[2m > [22m[2mMultiple Blocks
[22m[39m[ChatContext] Setting initial chat: mock-assistant-chat-1
[90mstdout[2m | src/components/GradedWorkbookViewer/GutterAnnotations.stories.tsx[2m > [22m[2mMultiple Blocks
[22m[39m[MOCK CourseVectorStore] Initialized with mock data
[90mstdout[2m | src/components/GradedWorkbookViewer/GutterAnnotations.stories.tsx[2m > [22m[2mMultiple Blocks
[22m[39m[FilesContext] Vector store population triggered {
  "currentVectorStoreSize": 3,
  "documentsCount": 0,
  "filesCount": 6,
  "isInitialLoad": true,
}
[90mstdout[2m | src/components/GradedWorkbookViewer/GutterAnnotations.stories.tsx[2m > [22m[2mMultiple Blocks
[22m[39m[FilesContext] Vector store population complete - 3 total embeddings
[90mstdout[2m | src/components/GradedWorkbookViewer/GutterAnnotations.stories.tsx[2m > [22m[2mMultiple Blocks
[22m[39m[ChatContext] Chat exists and not archived, skipping creation
[90mstdout[2m | src/components/GradedWorkbookViewer/GutterAnnotations.stories.tsx[2m > [22m[2mMultiple Blocks
[22m[39m[Mock Storage] downloadData called with: undefined
[90mstdout[2m | src/components/GradedWorkbookViewer/GutterAnnotations.stories.tsx[2m > [22m[2mSingle Block
[22m[39m[ChatContext] Cleaning up subscriptions
[90mstdout[2m | src/components/GradedWorkbookViewer/GutterAnnotations.stories.tsx[2m > [22m[2mSingle Block
[22m[39m[Mock Data] Unit.onUpdate() subscription removed. Remaining: 0
[90mstdout[2m | src/components/GradedWorkbookViewer/GutterAnnotations.stories.tsx[2m > [22m[2mSingle Block
[22m[39m[MOCK CourseVectorStore] Initialized with mock data
[90mstdout[2m | src/components/GradedWorkbookViewer/GutterAnnotations.stories.tsx[2m > [22m[2mSingle Block
[22m[39m[TranslationModeController] Setting mode to: off
[90mstdout[2m | src/components/GradedWorkbookViewer/GutterAnnotations.stories.tsx[2m > [22m[2mSingle Block
[22m[39m[UnitContext] useEffect triggered {
  "authLoading": false,
  "hasUser": true,
  "id": "mock-unit-id",
  "userSub": "mock-user-sub",
}
[90mstdout[2m | src/components/GradedWorkbookViewer/GutterAnnotations.stories.tsx[2m > [22m[2mSingle Block
[22m[39m[UnitContext] Fetching unit data for id: mock-unit-id
[90mstdout[2m | src/components/GradedWorkbookViewer/GutterAnnotations.stories.tsx[2m > [22m[2mSingle Block
[22m[39m[FilesContext] Initializing vector store from IndexedDB
[90mstdout[2m | src/components/GradedWorkbookViewer/GutterAnnotations.stories.tsx[2m > [22m[2mSingle Block
[22m[39m[FilesContext] fetchFiles called
[90mstdout[2m | src/components/GradedWorkbookViewer/GutterAnnotations.stories.tsx[2m > [22m[2mSingle Block
[22m[39m[FilesContext] User authenticated: mock-user-sub
[90mstdout[2m | src/components/GradedWorkbookViewer/GutterAnnotations.stories.tsx[2m > [22m[2mSingle Block
[22m[39m[FilesContext] Identity ID: us-east-1:mock-identity-123
[90mstdout[2m | src/components/GradedWorkbookViewer/GutterAnnotations.stories.tsx[2m > [22m[2mSingle Block
[22m[39m[FilesContext] About to set up File observeQuery
[90mstdout[2m | src/components/GradedWorkbookViewer/GutterAnnotations.stories.tsx[2m > [22m[2mSingle Block
[22m[39m[ChatContext] Setting up AssistantChat observeQuery
[90mstdout[2m | src/components/GradedWorkbookViewer/GutterAnnotations.stories.tsx[2m > [22m[2mSingle Block
[22m[39m[ChatContext] Waiting for subscription to initialize
[90mstdout[2m | src/components/GradedWorkbookViewer/GutterAnnotations.stories.tsx[2m > [22m[2mSingle Block
[22m[39m[SettingsContext] Setting up Settings subscription for user: mock-user-sub
[90mstdout[2m | src/components/GradedWorkbookViewer/GutterAnnotations.stories.tsx[2m > [22m[2mSingle Block
[22m[39m[Mock Data] Settings created: mock-settings-1790418199082 - notified 0 subscribers
[90mstdout[2m | src/components/GradedWorkbookViewer/GutterAnnotations.stories.tsx[2m > [22m[2mSingle Block
[22m[39m[Mock Data] Unit.onUpdate() subscription added. Total: 1
[90mstdout[2m | src/components/GradedWorkbookViewer/GutterAnnotations.stories.tsx[2m > [22m[2mSingle Block
[22m[39m[SectionContext] Section observeQuery update: 0
[90mstdout[2m | src/components/GradedWorkbookViewer/GutterAnnotations.stories.tsx[2m > [22m[2mSingle Block
[22m[39m[FilesContext] File observeQuery update: 6 files
[90mstdout[2m | src/components/GradedWorkbookViewer/GutterAnnotations.stories.tsx[2m > [22m[2mSingle Block
[22m[39m[ChatContext] AssistantChat initialized with 1 chats
[90mstdout[2m | src/components/GradedWorkbookViewer/GutterAnnotations.stories.tsx[2m > [22m[2mSingle Block
[22m[39m[ChatContext] Setting initial chat: mock-assistant-chat-1
[90mstdout[2m | src/components/GradedWorkbookViewer/GutterAnnotations.stories.tsx[2m > [22m[2mSingle Block
[22m[39m[MOCK CourseVectorStore] Initialized with mock data
[90mstdout[2m | src/components/GradedWorkbookViewer/GutterAnnotations.stories.tsx[2m > [22m[2mSingle Block
[22m[39m[FilesContext] Vector store population triggered {
  "currentVectorStoreSize": 3,
  "documentsCount": 0,
  "filesCount": 6,
  "isInitialLoad": true,
}
[90mstdout[2m | src/components/GradedWorkbookViewer/GutterAnnotations.stories.tsx[2m > [22m[2mSingle Block
[22m[39m[FilesContext] Vector store population complete - 3 total embeddings
[90mstdout[2m | src/components/GradedWorkbookViewer/GutterAnnotations.stories.tsx[2m > [22m[2mSingle Block
[22m[39m[ChatContext] Chat exists and not archived, skipping creation
[90mstdout[2m | src/components/GradedWorkbookViewer/GutterAnnotations.stories.tsx[2m > [22m[2mSingle Block
[22m[39m[Mock Storage] downloadData called with: undefined
[90mstdout[2m | src/components/GradedWorkbookViewer/GutterAnnotations.stories.tsx[2m > [22m[2mNo Wrong Answers
[22m[39m[ChatContext] Cleaning up subscriptions
[90mstdout[2m | src/components/GradedWorkbookViewer/GutterAnnotations.stories.tsx[2m > [22m[2mNo Wrong Answers
[22m[39m[Mock Data] Unit.onUpdate() subscription removed. Remaining: 0
[90mstdout[2m | src/components/GradedWorkbookViewer/GutterAnnotations.stories.tsx[2m > [22m[2mNo Wrong Answers
[22m[39m[MOCK CourseVectorStore] Initialized with mock data
[90mstdout[2m | src/components/GradedWorkbookViewer/GutterAnnotations.stories.tsx[2m > [22m[2mNo Wrong Answers
[22m[39m[TranslationModeController] Setting mode to: off
[90mstdout[2m | src/components/GradedWorkbookViewer/GutterAnnotations.stories.tsx[2m > [22m[2mNo Wrong Answers
[22m[39m[UnitContext] useEffect triggered {
  "authLoading": false,
  "hasUser": true,
  "id": "mock-unit-id",
  "userSub": "mock-user-sub",
}
[90mstdout[2m | src/components/GradedWorkbookViewer/GutterAnnotations.stories.tsx[2m > [22m[2mNo Wrong Answers
[22m[39m[UnitContext] Fetching unit data for id: mock-unit-id
[90mstdout[2m | src/components/GradedWorkbookViewer/GutterAnnotations.stories.tsx[2m > [22m[2mNo Wrong Answers
[22m[39m[FilesContext] Initializing vector store from IndexedDB
[90mstdout[2m | src/components/GradedWorkbookViewer/GutterAnnotations.stories.tsx[2m > [22m[2mNo Wrong Answers
[22m[39m[FilesContext] fetchFiles called
[90mstdout[2m | src/components/GradedWorkbookViewer/GutterAnnotations.stories.tsx[2m > [22m[2mNo Wrong Answers
[22m[39m[FilesContext] User authenticated: mock-user-sub
[90mstdout[2m | src/components/GradedWorkbookViewer/GutterAnnotations.stories.tsx[2m > [22m[2mNo Wrong Answers
[22m[39m[FilesContext] Identity ID: us-east-1:mock-identity-123
[90mstdout[2m | src/components/GradedWorkbookViewer/GutterAnnotations.stories.tsx[2m > [22m[2mNo Wrong Answers
[22m[39m[FilesContext] About to set up File observeQuery
[90mstdout[2m | src/components/GradedWorkbookViewer/GutterAnnotations.stories.tsx[2m > [22m[2mNo Wrong Answers
[22m[39m[ChatContext] Setting up AssistantChat observeQuery
[90mstdout[2m | src/components/GradedWorkbookViewer/GutterAnnotations.stories.tsx[2m > [22m[2mNo Wrong Answers
[22m[39m[ChatContext] Waiting for subscription to initialize
[90mstdout[2m | src/components/GradedWorkbookViewer/GutterAnnotations.stories.tsx[2m > [22m[2mNo Wrong Answers
[22m[39m[SettingsContext] Setting up Settings subscription for user: mock-user-sub
[90mstdout[2m | src/components/GradedWorkbookViewer/GutterAnnotations.stories.tsx[2m > [22m[2mNo Wrong Answers
[22m[39m[Mock Data] Settings created: mock-settings-1790418199210 - notified 0 subscribers
[90mstdout[2m | src/components/GradedWorkbookViewer/GutterAnnotations.stories.tsx[2m > [22m[2mNo Wrong Answers
[22m[39m[Mock Data] Unit.onUpdate() subscription added. Total: 1
[90mstdout[2m | src/components/GradedWorkbookViewer/GutterAnnotations.stories.tsx[2m > [22m[2mNo Wrong Answers
[22m[39m[SectionContext] Section observeQuery update: 0
[90mstdout[2m | src/components/GradedWorkbookViewer/GutterAnnotations.stories.tsx[2m > [22m[2mNo Wrong Answers
[22m[39m[FilesContext] File observeQuery update: 6 files
[90mstdout[2m | src/components/GradedWorkbookViewer/GutterAnnotations.stories.tsx[2m > [22m[2mNo Wrong Answers
[22m[39m[ChatContext] AssistantChat initialized with 1 chats
[90mstdout[2m | src/components/GradedWorkbookViewer/GutterAnnotations.stories.tsx[2m > [22m[2mNo Wrong Answers
[22m[39m[ChatContext] Setting initial chat: mock-assistant-chat-1
[90mstdout[2m | src/components/GradedWorkbookViewer/GutterAnnotations.stories.tsx[2m > [22m[2mNo Wrong Answers
[22m[39m[Mock Storage] downloadData called with: undefined
[90mstdout[2m | src/components/GradedWorkbookViewer/GutterAnnotations.stories.tsx[2m > [22m[2mNo Wrong Answers
[22m[39m[MOCK CourseVectorStore] Initialized with mock data
[90mstdout[2m | src/components/GradedWorkbookViewer/GutterAnnotations.stories.tsx[2m > [22m[2mNo Wrong Answers
[22m[39m[FilesContext] Vector store population triggered {
  "currentVectorStoreSize": 3,
  "documentsCount": 0,
  "filesCount": 6,
  "isInitialLoad": true,
}
[90mstdout[2m | src/components/GradedWorkbookViewer/GutterAnnotations.stories.tsx[2m > [22m[2mNo Wrong Answers
[22m[39m[FilesContext] Vector store population complete - 3 total embeddings
[90mstdout[2m | src/components/GradedWorkbookViewer/GutterAnnotations.stories.tsx[2m > [22m[2mNo Wrong Answers
[22m[39m[ChatContext] Chat exists and not archived, skipping creation
[90mstdout[2m | src/components/GradedWorkbookViewer/GutterAnnotations.stories.tsx[2m > [22m[2mFirst Attempt
[22m[39m[ChatContext] Cleaning up subscriptions
[90mstdout[2m | src/components/GradedWorkbookViewer/GutterAnnotations.stories.tsx[2m > [22m[2mFirst Attempt
[22m[39m[Mock Data] Unit.onUpdate() subscription removed. Remaining: 0
[90mstdout[2m | src/components/GradedWorkbookViewer/GutterAnnotations.stories.tsx[2m > [22m[2mFirst Attempt
[22m[39m[MOCK CourseVectorStore] Initialized with mock data
[90mstdout[2m | src/components/GradedWorkbookViewer/GutterAnnotations.stories.tsx[2m > [22m[2mFirst Attempt
[22m[39m[TranslationModeController] Setting mode to: off
[90mstdout[2m | src/components/GradedWorkbookViewer/GutterAnnotations.stories.tsx[2m > [22m[2mFirst Attempt
[22m[39m[UnitContext] useEffect triggered {
  "authLoading": false,
  "hasUser": true,
  "id": "mock-unit-id",
  "userSub": "mock-user-sub",
}
[90mstdout[2m | src/components/GradedWorkbookViewer/GutterAnnotations.stories.tsx[2m > [22m[2mFirst Attempt
[22m[39m[UnitContext] Fetching unit data for id: mock-unit-id
[90mstdout[2m | src/components/GradedWorkbookViewer/GutterAnnotations.stories.tsx[2m > [22m[2mFirst Attempt
[22m[39m[FilesContext] Initializing vector store from IndexedDB
[90mstdout[2m | src/components/GradedWorkbookViewer/GutterAnnotations.stories.tsx[2m > [22m[2mFirst Attempt
[22m[39m[FilesContext] fetchFiles called
[90mstdout[2m | src/components/GradedWorkbookViewer/GutterAnnotations.stories.tsx[2m > [22m[2mFirst Attempt
[22m[39m[FilesContext] User authenticated: mock-user-sub
[90mstdout[2m | src/components/GradedWorkbookViewer/GutterAnnotations.stories.tsx[2m > [22m[2mFirst Attempt
[22m[39m[FilesContext] Identity ID: us-east-1:mock-identity-123
[90mstdout[2m | src/components/GradedWorkbookViewer/GutterAnnotations.stories.tsx[2m > [22m[2mFirst Attempt
[22m[39m[FilesContext] About to set up File observeQuery
[90mstdout[2m | src/components/GradedWorkbookViewer/GutterAnnotations.stories.tsx[2m > [22m[2mFirst Attempt
[22m[39m[ChatContext] Setting up AssistantChat observeQuery
[90mstdout[2m | src/components/GradedWorkbookViewer/GutterAnnotations.stories.tsx[2m > [22m[2mFirst Attempt
[22m[39m[ChatContext] Waiting for subscription to initialize
[90mstdout[2m | src/components/GradedWorkbookViewer/GutterAnnotations.stories.tsx[2m > [22m[2mFirst Attempt
[22m[39m[SettingsContext] Setting up Settings subscription for user: mock-user-sub
[90mstdout[2m | src/components/GradedWorkbookViewer/GutterAnnotations.stories.tsx[2m > [22m[2mFirst Attempt
[22m[39m[Mock Data] Settings created: mock-settings-1790418199345 - notified 0 subscribers
[90mstdout[2m | src/components/GradedWorkbookViewer/GutterAnnotations.stories.tsx[2m > [22m[2mFirst Attempt
[22m[39m[Mock Data] Unit.onUpdate() subscription added. Total: 1
[90mstdout[2m | src/components/GradedWorkbookViewer/GutterAnnotations.stories.tsx[2m > [22m[2mFirst Attempt
[22m[39m[SectionContext] Section observeQuery update: 0
[90mstdout[2m | src/components/GradedWorkbookViewer/GutterAnnotations.stories.tsx[2m > [22m[2mFirst Attempt
[22m[39m[FilesContext] File observeQuery update: 6 files
[90mstdout[2m | src/components/GradedWorkbookViewer/GutterAnnotations.stories.tsx[2m > [22m[2mFirst Attempt
[22m[39m[MOCK CourseVectorStore] Initialized with mock data
[90mstdout[2m | src/components/GradedWorkbookViewer/GutterAnnotations.stories.tsx[2m > [22m[2mFirst Attempt
[22m[39m[FilesContext] Vector store population triggered {
  "currentVectorStoreSize": 3,
  "documentsCount": 0,
  "filesCount": 6,
  "isInitialLoad": true,
}
[90mstdout[2m | src/components/GradedWorkbookViewer/GutterAnnotations.stories.tsx[2m > [22m[2mFirst Attempt
[22m[39m[FilesContext] Vector store population complete - 3 total embeddings
[90mstdout[2m | src/components/GradedWorkbookViewer/GutterAnnotations.stories.tsx[2m > [22m[2mFirst Attempt
[22m[39m[ChatContext] AssistantChat initialized with 1 chats
[90mstdout[2m | src/components/GradedWorkbookViewer/GutterAnnotations.stories.tsx[2m > [22m[2mFirst Attempt
[22m[39m[ChatContext] Setting initial chat: mock-assistant-chat-1
[90mstdout[2m | src/components/GradedWorkbookViewer/GutterAnnotations.stories.tsx[2m > [22m[2mFirst Attempt
[22m[39m[Mock Storage] downloadData called with: undefined
[90mstdout[2m | src/components/GradedWorkbookViewer/GutterAnnotations.stories.tsx[2m > [22m[2mFirst Attempt
[22m[39m[ChatContext] Chat exists and not archived, skipping creation
 [32m✓[39m [30m[45m storybook (chromium) [49m[39m src/components/GradedWorkbookViewer/GutterAnnotations.stories.tsx [2m([22m[2m4 tests[22m[2m)[22m[33m 718[2mms[22m[39m
   [33m[2m✓[22m[39m Multiple Blocks [33m 309[2mms[22m[39m
[90mstdout[2m | unknown test
[22m[39m[MOCK vectorStoreDB.js] Module loaded - mock IndexedDB operations
[90mstdout[2m | unknown test
[22m[39m[Task Completion] DOM action listeners initialized
[90mstdout[2m | unknown test
[22m[39m[Task Completion] Auto-completion detector initialized
[90mstdout[2m | unknown test
[22m[39m[Preview] Task completion detector initialized
[90mstdout[2m | src/stories/OnboardingExamples.stories.tsx[2m > [22m[2mAuto Detect Task Completion
[22m[39m[MOCK CourseVectorStore] Initialized with mock data
[90mstdout[2m | src/stories/OnboardingExamples.stories.tsx[2m > [22m[2mAuto Detect Task Completion
[22m[39m[TranslationModeController] Setting mode to: off
[90mstdout[2m | src/stories/OnboardingExamples.stories.tsx[2m > [22m[2mAuto Detect Task Completion
[22m[39m[UnitContext] useEffect triggered {
  "authLoading": false,
  "hasUser": true,
  "id": "mock-unit-id",
  "userSub": "mock-user-sub",
}
[90mstdout[2m | src/stories/OnboardingExamples.stories.tsx[2m > [22m[2mAuto Detect Task Completion
[22m[39m[UnitContext] Fetching unit data for id: mock-unit-id
[90mstdout[2m | src/stories/OnboardingExamples.stories.tsx[2m > [22m[2mAuto Detect Task Completion
[22m[39m[FilesContext] Initializing vector store from IndexedDB
[90mstdout[2m | src/stories/OnboardingExamples.stories.tsx[2m > [22m[2mAuto Detect Task Completion
[22m[39m[FilesContext] fetchFiles called
[90mstdout[2m | src/stories/OnboardingExamples.stories.tsx[2m > [22m[2mAuto Detect Task Completion
[22m[39m[FilesContext] User authenticated: mock-user-sub
[90mstdout[2m | src/stories/OnboardingExamples.stories.tsx[2m > [22m[2mAuto Detect Task Completion
[22m[39m[FilesContext] Identity ID: us-east-1:mock-identity-123
[90mstdout[2m | src/stories/OnboardingExamples.stories.tsx[2m > [22m[2mAuto Detect Task Completion
[22m[39m[FilesContext] About to set up File observeQuery
[90mstdout[2m | src/stories/OnboardingExamples.stories.tsx[2m > [22m[2mAuto Detect Task Completion
[22m[39m[ChatContext] Setting up AssistantChat observeQuery
[90mstdout[2m | src/stories/OnboardingExamples.stories.tsx[2m > [22m[2mAuto Detect Task Completion
[22m[39m[ChatContext] Waiting for subscription to initialize
[90mstdout[2m | src/stories/OnboardingExamples.stories.tsx[2m > [22m[2mAuto Detect Task Completion
[22m[39m[SettingsContext] Setting up Settings subscription for user: mock-user-sub
[90mstdout[2m | src/stories/OnboardingExamples.stories.tsx[2m > [22m[2mAuto Detect Task Completion
[22m[39m[Mock Data] Settings created: mock-settings-1790418200193 - notified 0 subscribers
[90mstdout[2m | src/stories/OnboardingExamples.stories.tsx[2m > [22m[2mAuto Detect Task Completion
[22m[39m[Mock Data] Unit.onUpdate() subscription added. Total: 1
[90mstdout[2m | src/stories/OnboardingExamples.stories.tsx[2m > [22m[2mAuto Detect Task Completion
[22m[39m[SectionContext] Section observeQuery update: 0
[90mstdout[2m | src/stories/OnboardingExamples.stories.tsx[2m > [22m[2mAuto Detect Task Completion
[22m[39m[FilesContext] File observeQuery update: 6 files
[90mstdout[2m | src/stories/OnboardingExamples.stories.tsx[2m > [22m[2mAuto Detect Task Completion
[22m[39m[ChatContext] AssistantChat initialized with 1 chats
[90mstdout[2m | src/stories/OnboardingExamples.stories.tsx[2m > [22m[2mAuto Detect Task Completion
[22m[39m[ChatContext] Setting initial chat: mock-assistant-chat-1
[90mstdout[2m | src/stories/OnboardingExamples.stories.tsx[2m > [22m[2mAuto Detect Task Completion
[22m[39m[MOCK CourseVectorStore] Initialized with mock data
[90mstdout[2m | src/stories/OnboardingExamples.stories.tsx[2m > [22m[2mAuto Detect Task Completion
[22m[39m[FilesContext] Vector store population triggered {
  "currentVectorStoreSize": 3,
  "documentsCount": 0,
  "filesCount": 6,
  "isInitialLoad": true,
}
[90mstdout[2m | src/stories/OnboardingExamples.stories.tsx[2m > [22m[2mAuto Detect Task Completion
[22m[39m[FilesContext] Vector store population complete - 3 total embeddings
[90mstdout[2m | src/stories/OnboardingExamples.stories.tsx[2m > [22m[2mAuto Detect Task Completion
[22m[39m[ChatContext] Chat exists and not archived, skipping creation
[90mstdout[2m | src/stories/OnboardingExamples.stories.tsx[2m > [22m[2mAuto Detect Task Completion
[22m[39m[Mock Storage] downloadData called with: undefined
[90mstdout[2m | src/stories/OnboardingExamples.stories.tsx[2m > [22m[2mManual Task Tracking
[22m[39m[ChatContext] Cleaning up subscriptions
[90mstdout[2m | src/stories/OnboardingExamples.stories.tsx[2m > [22m[2mManual Task Tracking
[22m[39m[Mock Data] Unit.onUpdate() subscription removed. Remaining: 0
[90mstdout[2m | src/stories/OnboardingExamples.stories.tsx[2m > [22m[2mManual Task Tracking
[22m[39m[MOCK CourseVectorStore] Initialized with mock data
[90mstdout[2m | src/stories/OnboardingExamples.stories.tsx[2m > [22m[2mManual Task Tracking
[22m[39m[TranslationModeController] Setting mode to: off
[90mstdout[2m | src/stories/OnboardingExamples.stories.tsx[2m > [22m[2mManual Task Tracking
[22m[39m[UnitContext] useEffect triggered {
  "authLoading": false,
  "hasUser": true,
  "id": "mock-unit-id",
  "userSub": "mock-user-sub",
}
[90mstdout[2m | src/stories/OnboardingExamples.stories.tsx[2m > [22m[2mManual Task Tracking
[22m[39m[UnitContext] Fetching unit data for id: mock-unit-id
[90mstdout[2m | src/stories/OnboardingExamples.stories.tsx[2m > [22m[2mManual Task Tracking
[22m[39m[FilesContext] Initializing vector store from IndexedDB
[90mstdout[2m | src/stories/OnboardingExamples.stories.tsx[2m > [22m[2mManual Task Tracking
[22m[39m[FilesContext] fetchFiles called
[90mstdout[2m | src/stories/OnboardingExamples.stories.tsx[2m > [22m[2mManual Task Tracking
[22m[39m[FilesContext] User authenticated: mock-user-sub
[90mstdout[2m | src/stories/OnboardingExamples.stories.tsx[2m > [22m[2mManual Task Tracking
[22m[39m[FilesContext] Identity ID: us-east-1:mock-identity-123
[90mstdout[2m | src/stories/OnboardingExamples.stories.tsx[2m > [22m[2mManual Task Tracking
[22m[39m[FilesContext] About to set up File observeQuery
[90mstdout[2m | src/stories/OnboardingExamples.stories.tsx[2m > [22m[2mManual Task Tracking
[22m[39m[ChatContext] Setting up AssistantChat observeQuery
[90mstdout[2m | src/stories/OnboardingExamples.stories.tsx[2m > [22m[2mManual Task Tracking
[22m[39m[ChatContext] Waiting for subscription to initialize
[90mstdout[2m | src/stories/OnboardingExamples.stories.tsx[2m > [22m[2mManual Task Tracking
[22m[39m[SettingsContext] Setting up Settings subscription for user: mock-user-sub
[90mstdout[2m | src/stories/OnboardingExamples.stories.tsx[2m > [22m[2mManual Task Tracking
[22m[39m[Mock Data] Settings created: mock-settings-1790418200367 - notified 0 subscribers
[90mstdout[2m | src/stories/OnboardingExamples.stories.tsx[2m > [22m[2mManual Task Tracking
[22m[39m[Mock Data] Unit.onUpdate() subscription added. Total: 1
[90mstdout[2m | src/stories/OnboardingExamples.stories.tsx[2m > [22m[2mManual Task Tracking
[22m[39m[SectionContext] Section observeQuery update: 0
[90mstdout[2m | src/stories/OnboardingExamples.stories.tsx[2m > [22m[2mManual Task Tracking
[22m[39m[FilesContext] File observeQuery update: 6 files
[90mstdout[2m | src/stories/OnboardingExamples.stories.tsx[2m > [22m[2mManual Task Tracking
[22m[39m[ChatContext] AssistantChat initialized with 1 chats
[90mstdout[2m | src/stories/OnboardingExamples.stories.tsx[2m > [22m[2mManual Task Tracking
[22m[39m[ChatContext] Setting initial chat: mock-assistant-chat-1
[90mstdout[2m | src/stories/OnboardingExamples.stories.tsx[2m > [22m[2mManual Task Tracking
[22m[39m[Mock Storage] downloadData called with: undefined
[90mstdout[2m | src/stories/OnboardingExamples.stories.tsx[2m > [22m[2mManual Task Tracking
[22m[39m[MOCK CourseVectorStore] Initialized with mock data
[90mstdout[2m | src/stories/OnboardingExamples.stories.tsx[2m > [22m[2mManual Task Tracking
[22m[39m[FilesContext] Vector store population triggered {
  "currentVectorStoreSize": 3,
  "documentsCount": 0,
  "filesCount": 6,
  "isInitialLoad": true,
}
[90mstdout[2m | src/stories/OnboardingExamples.stories.tsx[2m > [22m[2mManual Task Tracking
[22m[39m[FilesContext] Vector store population complete - 3 total embeddings
[90mstdout[2m | src/stories/OnboardingExamples.stories.tsx[2m > [22m[2mManual Task Tracking
[22m[39m[ChatContext] Chat exists and not archived, skipping creation
[90mstdout[2m | src/stories/OnboardingExamples.stories.tsx[2m > [22m[2mDisplay Onboarding Status
[22m[39m[ChatContext] Cleaning up subscriptions
[90mstdout[2m | src/stories/OnboardingExamples.stories.tsx[2m > [22m[2mDisplay Onboarding Status
[22m[39m[Mock Data] Unit.onUpdate() subscription removed. Remaining: 0
[90mstdout[2m | src/stories/OnboardingExamples.stories.tsx[2m > [22m[2mDisplay Onboarding Status
[22m[39m[MOCK CourseVectorStore] Initialized with mock data
[90mstdout[2m | src/stories/OnboardingExamples.stories.tsx[2m > [22m[2mDisplay Onboarding Status
[22m[39m[TranslationModeController] Setting mode to: off
[90mstdout[2m | src/stories/OnboardingExamples.stories.tsx[2m > [22m[2mDisplay Onboarding Status
[22m[39m[UnitContext] useEffect triggered {
  "authLoading": false,
  "hasUser": true,
  "id": "mock-unit-id",
  "userSub": "mock-user-sub",
}
[90mstdout[2m | src/stories/OnboardingExamples.stories.tsx[2m > [22m[2mDisplay Onboarding Status
[22m[39m[UnitContext] Fetching unit data for id: mock-unit-id
[90mstdout[2m | src/stories/OnboardingExamples.stories.tsx[2m > [22m[2mDisplay Onboarding Status
[22m[39m[FilesContext] Initializing vector store from IndexedDB
[90mstdout[2m | src/stories/OnboardingExamples.stories.tsx[2m > [22m[2mDisplay Onboarding Status
[22m[39m[FilesContext] fetchFiles called
[90mstdout[2m | src/stories/OnboardingExamples.stories.tsx[2m > [22m[2mDisplay Onboarding Status
[22m[39m[FilesContext] User authenticated: mock-user-sub
[90mstdout[2m | src/stories/OnboardingExamples.stories.tsx[2m > [22m[2mDisplay Onboarding Status
[22m[39m[FilesContext] Identity ID: us-east-1:mock-identity-123
[90mstdout[2m | src/stories/OnboardingExamples.stories.tsx[2m > [22m[2mDisplay Onboarding Status
[22m[39m[FilesContext] About to set up File observeQuery
[90mstdout[2m | src/stories/OnboardingExamples.stories.tsx[2m > [22m[2mDisplay Onboarding Status
[22m[39m[ChatContext] Setting up AssistantChat observeQuery
[90mstdout[2m | src/stories/OnboardingExamples.stories.tsx[2m > [22m[2mDisplay Onboarding Status
[22m[39m[ChatContext] Waiting for subscription to initialize
[90mstdout[2m | src/stories/OnboardingExamples.stories.tsx[2m > [22m[2mDisplay Onboarding Status
[22m[39m[SettingsContext] Setting up Settings subscription for user: mock-user-sub
[90mstdout[2m | src/stories/OnboardingExamples.stories.tsx[2m > [22m[2mDisplay Onboarding Status
[22m[39m[Mock Data] Settings created: mock-settings-1790418200519 - notified 0 subscribers
[90mstdout[2m | src/stories/OnboardingExamples.stories.tsx[2m > [22m[2mDisplay Onboarding Status
[22m[39m[Mock Data] Unit.onUpdate() subscription added. Total: 1
[90mstdout[2m | src/stories/OnboardingExamples.stories.tsx[2m > [22m[2mDisplay Onboarding Status
[22m[39m[SectionContext] Section observeQuery update: 0
[90mstdout[2m | src/stories/OnboardingExamples.stories.tsx[2m > [22m[2mDisplay Onboarding Status
[22m[39m[FilesContext] File observeQuery update: 6 files
[90mstdout[2m | src/stories/OnboardingExamples.stories.tsx[2m > [22m[2mDisplay Onboarding Status
[22m[39m[ChatContext] AssistantChat initialized with 1 chats
[90mstdout[2m | src/stories/OnboardingExamples.stories.tsx[2m > [22m[2mDisplay Onboarding Status
[22m[39m[ChatContext] Setting initial chat: mock-assistant-chat-1
[90mstdout[2m | src/stories/OnboardingExamples.stories.tsx[2m > [22m[2mDisplay Onboarding Status
[22m[39m[MOCK CourseVectorStore] Initialized with mock data
[90mstdout[2m | src/stories/OnboardingExamples.stories.tsx[2m > [22m[2mDisplay Onboarding Status
[22m[39m[FilesContext] Vector store population triggered {
  "currentVectorStoreSize": 3,
  "documentsCount": 0,
  "filesCount": 6,
  "isInitialLoad": true,
}
[90mstdout[2m | src/stories/OnboardingExamples.stories.tsx[2m > [22m[2mDisplay Onboarding Status
[22m[39m[FilesContext] Vector store population complete - 3 total embeddings
[90mstdout[2m | src/stories/OnboardingExamples.stories.tsx[2m > [22m[2mDisplay Onboarding Status
[22m[39m[ChatContext] Chat exists and not archived, skipping creation
[90mstdout[2m | src/stories/OnboardingExamples.stories.tsx[2m > [22m[2mDisplay Onboarding Status
[22m[39m[Mock Storage] downloadData called with: undefined
[90mstdout[2m | src/stories/OnboardingExamples.stories.tsx[2m > [22m[2mEvent Emission Example
[22m[39m[ChatContext] Cleaning up subscriptions
[90mstdout[2m | src/stories/OnboardingExamples.stories.tsx[2m > [22m[2mEvent Emission Example
[22m[39m[Mock Data] Unit.onUpdate() subscription removed. Remaining: 0
[90mstdout[2m | src/stories/OnboardingExamples.stories.tsx[2m > [22m[2mEvent Emission Example
[22m[39m[MOCK CourseVectorStore] Initialized with mock data
[90mstdout[2m | src/stories/OnboardingExamples.stories.tsx[2m > [22m[2mEvent Emission Example
[22m[39m[TranslationModeController] Setting mode to: off
[90mstdout[2m | src/stories/OnboardingExamples.stories.tsx[2m > [22m[2mEvent Emission Example
[22m[39m[UnitContext] useEffect triggered {
  "authLoading": false,
  "hasUser": true,
  "id": "mock-unit-id",
  "userSub": "mock-user-sub",
}
[90mstdout[2m | src/stories/OnboardingExamples.stories.tsx[2m > [22m[2mEvent Emission Example
[22m[39m[UnitContext] Fetching unit data for id: mock-unit-id
[90mstdout[2m | src/stories/OnboardingExamples.stories.tsx[2m > [22m[2mEvent Emission Example
[22m[39m[FilesContext] Initializing vector store from IndexedDB
[90mstdout[2m | src/stories/OnboardingExamples.stories.tsx[2m > [22m[2mEvent Emission Example
[22m[39m[FilesContext] fetchFiles called
[90mstdout[2m | src/stories/OnboardingExamples.stories.tsx[2m > [22m[2mEvent Emission Example
[22m[39m[FilesContext] User authenticated: mock-user-sub
[90mstdout[2m | src/stories/OnboardingExamples.stories.tsx[2m > [22m[2mEvent Emission Example
[22m[39m[FilesContext] Identity ID: us-east-1:mock-identity-123
[90mstdout[2m | src/stories/OnboardingExamples.stories.tsx[2m > [22m[2mEvent Emission Example
[22m[39m[FilesContext] About to set up File observeQuery
[90mstdout[2m | src/stories/OnboardingExamples.stories.tsx[2m > [22m[2mEvent Emission Example
[22m[39m[ChatContext] Setting up AssistantChat observeQuery
[90mstdout[2m | src/stories/OnboardingExamples.stories.tsx[2m > [22m[2mEvent Emission Example
[22m[39m[ChatContext] Waiting for subscription to initialize
[90mstdout[2m | src/stories/OnboardingExamples.stories.tsx[2m > [22m[2mEvent Emission Example
[22m[39m[SettingsContext] Setting up Settings subscription for user: mock-user-sub
[90mstdout[2m | src/stories/OnboardingExamples.stories.tsx[2m > [22m[2mEvent Emission Example
[22m[39m[Mock Data] Settings created: mock-settings-1790418200665 - notified 0 subscribers
[90mstdout[2m | src/stories/OnboardingExamples.stories.tsx[2m > [22m[2mEvent Emission Example
[22m[39m[Mock Data] Unit.onUpdate() subscription added. Total: 1
[90mstdout[2m | src/stories/OnboardingExamples.stories.tsx[2m > [22m[2mEvent Emission Example
[22m[39m[SectionContext] Section observeQuery update: 0
[90mstdout[2m | src/stories/OnboardingExamples.stories.tsx[2m > [22m[2mEvent Emission Example
[22m[39m[FilesContext] File observeQuery update: 6 files
[90mstdout[2m | src/stories/OnboardingExamples.stories.tsx[2m > [22m[2mEvent Emission Example
[22m[39m[ChatContext] AssistantChat initialized with 1 chats
[90mstdout[2m | src/stories/OnboardingExamples.stories.tsx[2m > [22m[2mEvent Emission Example
[22m[39m[ChatContext] Setting initial chat: mock-assistant-chat-1
[90mstdout[2m | src/stories/OnboardingExamples.stories.tsx[2m > [22m[2mEvent Emission Example
[22m[39m[MOCK CourseVectorStore] Initialized with mock data
[90mstdout[2m | src/stories/OnboardingExamples.stories.tsx[2m > [22m[2mEvent Emission Example
[22m[39m[FilesContext] Vector store population triggered {
  "currentVectorStoreSize": 3,
  "documentsCount": 0,
  "filesCount": 6,
  "isInitialLoad": true,
}
[90mstdout[2m | src/stories/OnboardingExamples.stories.tsx[2m > [22m[2mEvent Emission Example
[22m[39m[FilesContext] Vector store population complete - 3 total embeddings
[90mstdout[2m | src/stories/OnboardingExamples.stories.tsx[2m > [22m[2mEvent Emission Example
[22m[39m[ChatContext] Chat exists and not archived, skipping creation
[90mstdout[2m | src/stories/OnboardingExamples.stories.tsx[2m > [22m[2mEvent Emission Example
[22m[39m[Mock Storage] downloadData called with: undefined
[90mstdout[2m | src/stories/OnboardingExamples.stories.tsx[2m > [22m[2mSpotlight Integration
[22m[39m[ChatContext] Cleaning up subscriptions
[90mstdout[2m | src/stories/OnboardingExamples.stories.tsx[2m > [22m[2mSpotlight Integration
[22m[39m[Mock Data] Unit.onUpdate() subscription removed. Remaining: 0
[90mstdout[2m | src/stories/OnboardingExamples.stories.tsx[2m > [22m[2mSpotlight Integration
[22m[39m[MOCK CourseVectorStore] Initialized with mock data
[90mstdout[2m | src/stories/OnboardingExamples.stories.tsx[2m > [22m[2mSpotlight Integration
[22m[39m[TranslationModeController] Setting mode to: off
[90mstdout[2m | src/stories/OnboardingExamples.stories.tsx[2m > [22m[2mSpotlight Integration
[22m[39m[UnitContext] useEffect triggered {
  "authLoading": false,
  "hasUser": true,
  "id": "mock-unit-id",
  "userSub": "mock-user-sub",
}
[90mstdout[2m | src/stories/OnboardingExamples.stories.tsx[2m > [22m[2mSpotlight Integration
[22m[39m[UnitContext] Fetching unit data for id: mock-unit-id
[90mstdout[2m | src/stories/OnboardingExamples.stories.tsx[2m > [22m[2mSpotlight Integration
[22m[39m[FilesContext] Initializing vector store from IndexedDB
[90mstdout[2m | src/stories/OnboardingExamples.stories.tsx[2m > [22m[2mSpotlight Integration
[22m[39m[FilesContext] fetchFiles called
[90mstdout[2m | src/stories/OnboardingExamples.stories.tsx[2m > [22m[2mSpotlight Integration
[22m[39m[FilesContext] User authenticated: mock-user-sub
[90mstdout[2m | src/stories/OnboardingExamples.stories.tsx[2m > [22m[2mSpotlight Integration
[22m[39m[FilesContext] Identity ID: us-east-1:mock-identity-123
[90mstdout[2m | src/stories/OnboardingExamples.stories.tsx[2m > [22m[2mSpotlight Integration
[22m[39m[FilesContext] About to set up File observeQuery
[90mstdout[2m | src/stories/OnboardingExamples.stories.tsx[2m > [22m[2mSpotlight Integration
[22m[39m[ChatContext] Setting up AssistantChat observeQuery
[90mstdout[2m | src/stories/OnboardingExamples.stories.tsx[2m > [22m[2mSpotlight Integration
[22m[39m[ChatContext] Waiting for subscription to initialize
[90mstdout[2m | src/stories/OnboardingExamples.stories.tsx[2m > [22m[2mSpotlight Integration
[22m[39m[SettingsContext] Setting up Settings subscription for user: mock-user-sub
[90mstdout[2m | src/stories/OnboardingExamples.stories.tsx[2m > [22m[2mSpotlight Integration
[22m[39m[Mock Data] Settings created: mock-settings-1790418200819 - notified 0 subscribers
[90mstdout[2m | src/stories/OnboardingExamples.stories.tsx[2m > [22m[2mSpotlight Integration
[22m[39m[Mock Data] Unit.onUpdate() subscription added. Total: 1
[90mstdout[2m | src/stories/OnboardingExamples.stories.tsx[2m > [22m[2mSpotlight Integration
[22m[39m[SectionContext] Section observeQuery update: 0
[90mstdout[2m | src/stories/OnboardingExamples.stories.tsx[2m > [22m[2mSpotlight Integration
[22m[39m[FilesContext] File observeQuery update: 6 files
[90mstdout[2m | src/stories/OnboardingExamples.stories.tsx[2m > [22m[2mSpotlight Integration
[22m[39m[ChatContext] AssistantChat initialized with 1 chats
[90mstdout[2m | src/stories/OnboardingExamples.stories.tsx[2m > [22m[2mSpotlight Integration
[22m[39m[ChatContext] Setting initial chat: mock-assistant-chat-1
[90mstdout[2m | src/stories/OnboardingExamples.stories.tsx[2m > [22m[2mSpotlight Integration
[22m[39m[MOCK CourseVectorStore] Initialized with mock data
[90mstdout[2m | src/stories/OnboardingExamples.stories.tsx[2m > [22m[2mSpotlight Integration
[22m[39m[FilesContext] Vector store population triggered {
  "currentVectorStoreSize": 3,
  "documentsCount": 0,
  "filesCount": 6,
  "isInitialLoad": true,
}
[90mstdout[2m | src/stories/OnboardingExamples.stories.tsx[2m > [22m[2mSpotlight Integration
[22m[39m[FilesContext] Vector store population complete - 3 total embeddings
[90mstdout[2m | src/stories/OnboardingExamples.stories.tsx[2m > [22m[2mSpotlight Integration
[22m[39m[ChatContext] Chat exists and not archived, skipping creation
[90mstdout[2m | src/stories/OnboardingExamples.stories.tsx[2m > [22m[2mSpotlight Integration
[22m[39m[Mock Storage] downloadData called with: undefined
 [32m✓[39m [30m[45m storybook (chromium) [49m[39m src/stories/OnboardingExamples.stories.tsx [2m([22m[2m5 tests[22m[2m)[22m[33m 841[2mms[22m[39m
[90mstdout[2m | unknown test
[22m[39m[MOCK vectorStoreDB.js] Module loaded - mock IndexedDB operations
[90mstdout[2m | unknown test
[22m[39m[Task Completion] DOM action listeners initialized
[90mstdout[2m | unknown test
[22m[39m[Task Completion] Auto-completion detector initialized
[90mstdout[2m | unknown test
[22m[39m[Preview] Task completion detector initialized
[90mstdout[2m | src/components/PermissionErrorOverlay.stories.jsx[2m > [22m[2mUnit Permission Error
[22m[39m[MOCK CourseVectorStore] Initialized with mock data
[90mstdout[2m | src/components/PermissionErrorOverlay.stories.jsx[2m > [22m[2mUnit Permission Error
[22m[39m[TranslationModeController] Setting mode to: off
[90mstdout[2m | src/components/PermissionErrorOverlay.stories.jsx[2m > [22m[2mUnit Permission Error
[22m[39m[UnitContext] useEffect triggered {
  "authLoading": false,
  "hasUser": true,
  "id": "mock-unit-id",
  "userSub": "mock-user-sub",
}
[90mstdout[2m | src/components/PermissionErrorOverlay.stories.jsx[2m > [22m[2mUnit Permission Error
[22m[39m[UnitContext] Fetching unit data for id: mock-unit-id
[90mstdout[2m | src/components/PermissionErrorOverlay.stories.jsx[2m > [22m[2mUnit Permission Error
[22m[39m[FilesContext] Initializing vector store from IndexedDB
[90mstdout[2m | src/components/PermissionErrorOverlay.stories.jsx[2m > [22m[2mUnit Permission Error
[22m[39m[FilesContext] fetchFiles called
[90mstdout[2m | src/components/PermissionErrorOverlay.stories.jsx[2m > [22m[2mUnit Permission Error
[22m[39m[FilesContext] User authenticated: mock-user-sub
[90mstdout[2m | src/components/PermissionErrorOverlay.stories.jsx[2m > [22m[2mUnit Permission Error
[22m[39m[FilesContext] Identity ID: us-east-1:mock-identity-123
[90mstdout[2m | src/components/PermissionErrorOverlay.stories.jsx[2m > [22m[2mUnit Permission Error
[22m[39m[FilesContext] About to set up File observeQuery
[90mstdout[2m | src/components/PermissionErrorOverlay.stories.jsx[2m > [22m[2mUnit Permission Error
[22m[39m[ChatContext] Setting up AssistantChat observeQuery
[90mstdout[2m | src/components/PermissionErrorOverlay.stories.jsx[2m > [22m[2mUnit Permission Error
[22m[39m[ChatContext] Waiting for subscription to initialize
[90mstdout[2m | src/components/PermissionErrorOverlay.stories.jsx[2m > [22m[2mUnit Permission Error
[22m[39m[SettingsContext] Setting up Settings subscription for user: mock-user-sub
[90mstdout[2m | src/components/PermissionErrorOverlay.stories.jsx[2m > [22m[2mUnit Permission Error
[22m[39m[Mock Data] Settings created: mock-settings-1790418201720 - notified 0 subscribers
[90mstdout[2m | src/components/PermissionErrorOverlay.stories.jsx[2m > [22m[2mUnit Permission Error
[22m[39m[Mock Data] Unit.onUpdate() subscription added. Total: 1
[90mstdout[2m | src/components/PermissionErrorOverlay.stories.jsx[2m > [22m[2mUnit Permission Error
[22m[39m[SectionContext] Section observeQuery update: 0
[90mstdout[2m | src/components/PermissionErrorOverlay.stories.jsx[2m > [22m[2mUnit Permission Error
[22m[39m[FilesContext] File observeQuery update: 6 files
[90mstdout[2m | src/components/PermissionErrorOverlay.stories.jsx[2m > [22m[2mUnit Permission Error
[22m[39m[ChatContext] AssistantChat initialized with 1 chats
[90mstdout[2m | src/components/PermissionErrorOverlay.stories.jsx[2m > [22m[2mUnit Permission Error
[22m[39m[ChatContext] Setting initial chat: mock-assistant-chat-1
[90mstdout[2m | src/components/PermissionErrorOverlay.stories.jsx[2m > [22m[2mUnit Permission Error
[22m[39m[MOCK CourseVectorStore] Initialized with mock data
[90mstdout[2m | src/components/PermissionErrorOverlay.stories.jsx[2m > [22m[2mUnit Permission Error
[22m[39m[FilesContext] Vector store population triggered {
  "currentVectorStoreSize": 3,
  "documentsCount": 0,
  "filesCount": 6,
  "isInitialLoad": true,
}
[90mstdout[2m | src/components/PermissionErrorOverlay.stories.jsx[2m > [22m[2mUnit Permission Error
[22m[39m[FilesContext] Vector store population complete - 3 total embeddings
[90mstdout[2m | src/components/PermissionErrorOverlay.stories.jsx[2m > [22m[2mUnit Permission Error
[22m[39m[ChatContext] Chat exists and not archived, skipping creation
[90mstdout[2m | src/components/PermissionErrorOverlay.stories.jsx[2m > [22m[2mUnit Permission Error
[22m[39m[Mock Storage] downloadData called with: undefined
[90mstdout[2m | src/components/PermissionErrorOverlay.stories.jsx[2m > [22m[2mCustom Message
[22m[39m[ChatContext] Cleaning up subscriptions
[90mstdout[2m | src/components/PermissionErrorOverlay.stories.jsx[2m > [22m[2mCustom Message
[22m[39m[Mock Data] Unit.onUpdate() subscription removed. Remaining: 0
[90mstdout[2m | src/components/PermissionErrorOverlay.stories.jsx[2m > [22m[2mCustom Message
[22m[39m[MOCK CourseVectorStore] Initialized with mock data
[90mstdout[2m | src/components/PermissionErrorOverlay.stories.jsx[2m > [22m[2mCustom Message
[22m[39m[TranslationModeController] Setting mode to: off
[90mstdout[2m | src/components/PermissionErrorOverlay.stories.jsx[2m > [22m[2mCustom Message
[22m[39m[UnitContext] useEffect triggered {
  "authLoading": false,
  "hasUser": true,
  "id": "mock-unit-id",
  "userSub": "mock-user-sub",
}
[90mstdout[2m | src/components/PermissionErrorOverlay.stories.jsx[2m > [22m[2mCustom Message
[22m[39m[UnitContext] Fetching unit data for id: mock-unit-id
[90mstdout[2m | src/components/PermissionErrorOverlay.stories.jsx[2m > [22m[2mCustom Message
[22m[39m[FilesContext] Initializing vector store from IndexedDB
[90mstdout[2m | src/components/PermissionErrorOverlay.stories.jsx[2m > [22m[2mCustom Message
[22m[39m[FilesContext] fetchFiles called
[90mstdout[2m | src/components/PermissionErrorOverlay.stories.jsx[2m > [22m[2mCustom Message
[22m[39m[FilesContext] User authenticated: mock-user-sub
[90mstdout[2m | src/components/PermissionErrorOverlay.stories.jsx[2m > [22m[2mCustom Message
[22m[39m[FilesContext] Identity ID: us-east-1:mock-identity-123
[90mstdout[2m | src/components/PermissionErrorOverlay.stories.jsx[2m > [22m[2mCustom Message
[22m[39m[FilesContext] About to set up File observeQuery
[90mstdout[2m | src/components/PermissionErrorOverlay.stories.jsx[2m > [22m[2mCustom Message
[22m[39m[ChatContext] Setting up AssistantChat observeQuery
[90mstdout[2m | src/components/PermissionErrorOverlay.stories.jsx[2m > [22m[2mCustom Message
[22m[39m[ChatContext] Waiting for subscription to initialize
[90mstdout[2m | src/components/PermissionErrorOverlay.stories.jsx[2m > [22m[2mCustom Message
[22m[39m[SettingsContext] Setting up Settings subscription for user: mock-user-sub
[90mstdout[2m | src/components/PermissionErrorOverlay.stories.jsx[2m > [22m[2mCustom Message
[22m[39m[Mock Data] Settings created: mock-settings-1790418201957 - notified 0 subscribers
[90mstdout[2m | src/components/PermissionErrorOverlay.stories.jsx[2m > [22m[2mCustom Message
[22m[39m[Mock Data] Unit.onUpdate() subscription added. Total: 1
[90mstdout[2m | src/components/PermissionErrorOverlay.stories.jsx[2m > [22m[2mCustom Message
[22m[39m[SectionContext] Section observeQuery update: 0
[90mstdout[2m | src/components/PermissionErrorOverlay.stories.jsx[2m > [22m[2mCustom Message
[22m[39m[FilesContext] File observeQuery update: 6 files
[90mstdout[2m | src/components/PermissionErrorOverlay.stories.jsx[2m > [22m[2mCustom Message
[22m[39m[ChatContext] AssistantChat initialized with 1 chats
[90mstdout[2m | src/components/PermissionErrorOverlay.stories.jsx[2m > [22m[2mCustom Message
[22m[39m[ChatContext] Setting initial chat: mock-assistant-chat-1
[90mstdout[2m | src/components/PermissionErrorOverlay.stories.jsx[2m > [22m[2mCustom Message
[22m[39m[MOCK CourseVectorStore] Initialized with mock data
[90mstdout[2m | src/components/PermissionErrorOverlay.stories.jsx[2m > [22m[2mCustom Message
[22m[39m[FilesContext] Vector store population triggered {
  "currentVectorStoreSize": 3,
  "documentsCount": 0,
  "filesCount": 6,
  "isInitialLoad": true,
}
[90mstdout[2m | src/components/PermissionErrorOverlay.stories.jsx[2m > [22m[2mCustom Message
[22m[39m[FilesContext] Vector store population complete - 3 total embeddings
[90mstdout[2m | src/components/PermissionErrorOverlay.stories.jsx[2m > [22m[2mCustom Message
[22m[39m[ChatContext] Chat exists and not archived, skipping creation
[90mstdout[2m | src/components/PermissionErrorOverlay.stories.jsx[2m > [22m[2mCustom Message
[22m[39m[Mock Storage] downloadData called with: undefined
[90mstdout[2m | src/components/PermissionErrorOverlay.stories.jsx[2m > [22m[2mSection Permission Error
[22m[39m[ChatContext] Cleaning up subscriptions
[90mstdout[2m | src/components/PermissionErrorOverlay.stories.jsx[2m > [22m[2mSection Permission Error
[22m[39m[Mock Data] Unit.onUpdate() subscription removed. Remaining: 0
[90mstdout[2m | src/components/PermissionErrorOverlay.stories.jsx[2m > [22m[2mSection Permission Error
[22m[39m[MOCK CourseVectorStore] Initialized with mock data
[90mstdout[2m | src/components/PermissionErrorOverlay.stories.jsx[2m > [22m[2mSection Permission Error
[22m[39m[TranslationModeController] Setting mode to: off
[90mstdout[2m | src/components/PermissionErrorOverlay.stories.jsx[2m > [22m[2mSection Permission Error
[22m[39m[UnitContext] useEffect triggered {
  "authLoading": false,
  "hasUser": true,
  "id": "mock-unit-id",
  "userSub": "mock-user-sub",
}
[90mstdout[2m | src/components/PermissionErrorOverlay.stories.jsx[2m > [22m[2mSection Permission Error
[22m[39m[UnitContext] Fetching unit data for id: mock-unit-id
[90mstdout[2m | src/components/PermissionErrorOverlay.stories.jsx[2m > [22m[2mSection Permission Error
[22m[39m[FilesContext] Initializing vector store from IndexedDB
[90mstdout[2m | src/components/PermissionErrorOverlay.stories.jsx[2m > [22m[2mSection Permission Error
[22m[39m[FilesContext] fetchFiles called
[90mstdout[2m | src/components/PermissionErrorOverlay.stories.jsx[2m > [22m[2mSection Permission Error
[22m[39m[FilesContext] User authenticated: mock-user-sub
[90mstdout[2m | src/components/PermissionErrorOverlay.stories.jsx[2m > [22m[2mSection Permission Error
[22m[39m[FilesContext] Identity ID: us-east-1:mock-identity-123
[90mstdout[2m | src/components/PermissionErrorOverlay.stories.jsx[2m > [22m[2mSection Permission Error
[22m[39m[FilesContext] About to set up File observeQuery
[90mstdout[2m | src/components/PermissionErrorOverlay.stories.jsx[2m > [22m[2mSection Permission Error
[22m[39m[ChatContext] Setting up AssistantChat observeQuery
[90mstdout[2m | src/components/PermissionErrorOverlay.stories.jsx[2m > [22m[2mSection Permission Error
[22m[39m[ChatContext] Waiting for subscription to initialize
[90mstdout[2m | src/components/PermissionErrorOverlay.stories.jsx[2m > [22m[2mSection Permission Error
[22m[39m[SettingsContext] Setting up Settings subscription for user: mock-user-sub
[90mstdout[2m | src/components/PermissionErrorOverlay.stories.jsx[2m > [22m[2mSection Permission Error
[22m[39m[Mock Data] Settings created: mock-settings-1790418202133 - notified 0 subscribers
[90mstdout[2m | src/components/PermissionErrorOverlay.stories.jsx[2m > [22m[2mSection Permission Error
[22m[39m[Mock Data] Unit.onUpdate() subscription added. Total: 1
[90mstdout[2m | src/components/PermissionErrorOverlay.stories.jsx[2m > [22m[2mSection Permission Error
[22m[39m[SectionContext] Section observeQuery update: 0
[90mstdout[2m | src/components/PermissionErrorOverlay.stories.jsx[2m > [22m[2mSection Permission Error
[22m[39m[FilesContext] File observeQuery update: 6 files
[90mstdout[2m | src/components/PermissionErrorOverlay.stories.jsx[2m > [22m[2mSection Permission Error
[22m[39m[ChatContext] AssistantChat initialized with 1 chats
[90mstdout[2m | src/components/PermissionErrorOverlay.stories.jsx[2m > [22m[2mSection Permission Error
[22m[39m[ChatContext] Setting initial chat: mock-assistant-chat-1
[90mstdout[2m | src/components/PermissionErrorOverlay.stories.jsx[2m > [22m[2mSection Permission Error
[22m[39m[MOCK CourseVectorStore] Initialized with mock data
[90mstdout[2m | src/components/PermissionErrorOverlay.stories.jsx[2m > [22m[2mSection Permission Error
[22m[39m[FilesContext] Vector store population triggered {
  "currentVectorStoreSize": 3,
  "documentsCount": 0,
  "filesCount": 6,
  "isInitialLoad": true,
}
[90mstdout[2m | src/components/PermissionErrorOverlay.stories.jsx[2m > [22m[2mSection Permission Error
[22m[39m[FilesContext] Vector store population complete - 3 total embeddings
[90mstdout[2m | src/components/PermissionErrorOverlay.stories.jsx[2m > [22m[2mSection Permission Error
[22m[39m[ChatContext] Chat exists and not archived, skipping creation
[90mstdout[2m | src/components/PermissionErrorOverlay.stories.jsx[2m > [22m[2mSection Permission Error
[22m[39m[Mock Storage] downloadData called with: undefined
[90mstdout[2m | src/components/PermissionErrorOverlay.stories.jsx[2m > [22m[2mAssignment Permission Error
[22m[39m[ChatContext] Cleaning up subscriptions
[90mstdout[2m | src/components/PermissionErrorOverlay.stories.jsx[2m > [22m[2mAssignment Permission Error
[22m[39m[Mock Data] Unit.onUpdate() subscription removed. Remaining: 0
[90mstdout[2m | src/components/PermissionErrorOverlay.stories.jsx[2m > [22m[2mAssignment Permission Error
[22m[39m[MOCK CourseVectorStore] Initialized with mock data
[90mstdout[2m | src/components/PermissionErrorOverlay.stories.jsx[2m > [22m[2mAssignment Permission Error
[22m[39m[TranslationModeController] Setting mode to: off
[90mstdout[2m | src/components/PermissionErrorOverlay.stories.jsx[2m > [22m[2mAssignment Permission Error
[22m[39m[UnitContext] useEffect triggered {
  "authLoading": false,
  "hasUser": true,
  "id": "mock-unit-id",
  "userSub": "mock-user-sub",
}
[90mstdout[2m | src/components/PermissionErrorOverlay.stories.jsx[2m > [22m[2mAssignment Permission Error
[22m[39m[UnitContext] Fetching unit data for id: mock-unit-id
[90mstdout[2m | src/components/PermissionErrorOverlay.stories.jsx[2m > [22m[2mAssignment Permission Error
[22m[39m[FilesContext] Initializing vector store from IndexedDB
[90mstdout[2m | src/components/PermissionErrorOverlay.stories.jsx[2m > [22m[2mAssignment Permission Error
[22m[39m[FilesContext] fetchFiles called
[90mstdout[2m | src/components/PermissionErrorOverlay.stories.jsx[2m > [22m[2mAssignment Permission Error
[22m[39m[FilesContext] User authenticated: mock-user-sub
[90mstdout[2m | src/components/PermissionErrorOverlay.stories.jsx[2m > [22m[2mAssignment Permission Error
[22m[39m[FilesContext] Identity ID: us-east-1:mock-identity-123
[90mstdout[2m | src/components/PermissionErrorOverlay.stories.jsx[2m > [22m[2mAssignment Permission Error
[22m[39m[FilesContext] About to set up File observeQuery
[90mstdout[2m | src/components/PermissionErrorOverlay.stories.jsx[2m > [22m[2mAssignment Permission Error
[22m[39m[ChatContext] Setting up AssistantChat observeQuery
[90mstdout[2m | src/components/PermissionErrorOverlay.stories.jsx[2m > [22m[2mAssignment Permission Error
[22m[39m[ChatContext] Waiting for subscription to initialize
[90mstdout[2m | src/components/PermissionErrorOverlay.stories.jsx[2m > [22m[2mAssignment Permission Error
[22m[39m[SettingsContext] Setting up Settings subscription for user: mock-user-sub
[90mstdout[2m | src/components/PermissionErrorOverlay.stories.jsx[2m > [22m[2mAssignment Permission Error
[22m[39m[Mock Data] Settings created: mock-settings-1790418202352 - notified 0 subscribers
[90mstdout[2m | src/components/PermissionErrorOverlay.stories.jsx[2m > [22m[2mAssignment Permission Error
[22m[39m[Mock Data] Unit.onUpdate() subscription added. Total: 1
[90mstdout[2m | src/components/PermissionErrorOverlay.stories.jsx[2m > [22m[2mAssignment Permission Error
[22m[39m[SectionContext] Section observeQuery update: 0
[90mstdout[2m | src/components/PermissionErrorOverlay.stories.jsx[2m > [22m[2mAssignment Permission Error
[22m[39m[FilesContext] File observeQuery update: 6 files
[90mstdout[2m | src/components/PermissionErrorOverlay.stories.jsx[2m > [22m[2mAssignment Permission Error
[22m[39m[ChatContext] AssistantChat initialized with 1 chats
[90mstdout[2m | src/components/PermissionErrorOverlay.stories.jsx[2m > [22m[2mAssignment Permission Error
[22m[39m[ChatContext] Setting initial chat: mock-assistant-chat-1
[90mstdout[2m | src/components/PermissionErrorOverlay.stories.jsx[2m > [22m[2mAssignment Permission Error
[22m[39m[MOCK CourseVectorStore] Initialized with mock data
[90mstdout[2m | src/components/PermissionErrorOverlay.stories.jsx[2m > [22m[2mAssignment Permission Error
[22m[39m[FilesContext] Vector store population triggered {
  "currentVectorStoreSize": 3,
  "documentsCount": 0,
  "filesCount": 6,
  "isInitialLoad": true,
}
[90mstdout[2m | src/components/PermissionErrorOverlay.stories.jsx[2m > [22m[2mAssignment Permission Error
[22m[39m[FilesContext] Vector store population complete - 3 total embeddings
[90mstdout[2m | src/components/PermissionErrorOverlay.stories.jsx[2m > [22m[2mAssignment Permission Error
[22m[39m[ChatContext] Chat exists and not archived, skipping creation
[90mstdout[2m | src/components/PermissionErrorOverlay.stories.jsx[2m > [22m[2mAssignment Permission Error
[22m[39m[Mock Storage] downloadData called with: undefined
[90mstdout[2m | src/components/PermissionErrorOverlay.stories.jsx[2m > [22m[2mClosed State
[22m[39m[ChatContext] Cleaning up subscriptions
[90mstdout[2m | src/components/PermissionErrorOverlay.stories.jsx[2m > [22m[2mClosed State
[22m[39m[Mock Data] Unit.onUpdate() subscription removed. Remaining: 0
[90mstdout[2m | src/components/PermissionErrorOverlay.stories.jsx[2m > [22m[2mClosed State
[22m[39m[MOCK CourseVectorStore] Initialized with mock data
[90mstdout[2m | src/components/PermissionErrorOverlay.stories.jsx[2m > [22m[2mClosed State
[22m[39m[TranslationModeController] Setting mode to: off
[90mstdout[2m | src/components/PermissionErrorOverlay.stories.jsx[2m > [22m[2mClosed State
[22m[39m[UnitContext] useEffect triggered {
  "authLoading": false,
  "hasUser": true,
  "id": "mock-unit-id",
  "userSub": "mock-user-sub",
}
[90mstdout[2m | src/components/PermissionErrorOverlay.stories.jsx[2m > [22m[2mClosed State
[22m[39m[UnitContext] Fetching unit data for id: mock-unit-id
[90mstdout[2m | src/components/PermissionErrorOverlay.stories.jsx[2m > [22m[2mClosed State
[22m[39m[FilesContext] Initializing vector store from IndexedDB
[90mstdout[2m | src/components/PermissionErrorOverlay.stories.jsx[2m > [22m[2mClosed State
[22m[39m[FilesContext] fetchFiles called
[90mstdout[2m | src/components/PermissionErrorOverlay.stories.jsx[2m > [22m[2mClosed State
[22m[39m[FilesContext] User authenticated: mock-user-sub
[90mstdout[2m | src/components/PermissionErrorOverlay.stories.jsx[2m > [22m[2mClosed State
[22m[39m[FilesContext] Identity ID: us-east-1:mock-identity-123
[90mstdout[2m | src/components/PermissionErrorOverlay.stories.jsx[2m > [22m[2mClosed State
[22m[39m[FilesContext] About to set up File observeQuery
[90mstdout[2m | src/components/PermissionErrorOverlay.stories.jsx[2m > [22m[2mClosed State
[22m[39m[ChatContext] Setting up AssistantChat observeQuery
[90mstdout[2m | src/components/PermissionErrorOverlay.stories.jsx[2m > [22m[2mClosed State
[22m[39m[ChatContext] Waiting for subscription to initialize
[90mstdout[2m | src/components/PermissionErrorOverlay.stories.jsx[2m > [22m[2mClosed State
[22m[39m[SettingsContext] Setting up Settings subscription for user: mock-user-sub
[90mstdout[2m | src/components/PermissionErrorOverlay.stories.jsx[2m > [22m[2mClosed State
[22m[39m[Mock Data] Settings created: mock-settings-1790418202490 - notified 0 subscribers
[90mstdout[2m | src/components/PermissionErrorOverlay.stories.jsx[2m > [22m[2mClosed State
[22m[39m[Mock Data] Unit.onUpdate() subscription added. Total: 1
[90mstdout[2m | src/components/PermissionErrorOverlay.stories.jsx[2m > [22m[2mClosed State
[22m[39m[SectionContext] Section observeQuery update: 0
[90mstdout[2m | src/components/PermissionErrorOverlay.stories.jsx[2m > [22m[2mClosed State
[22m[39m[FilesContext] File observeQuery update: 6 files
[90mstdout[2m | src/components/PermissionErrorOverlay.stories.jsx[2m > [22m[2mClosed State
[22m[39m[MOCK CourseVectorStore] Initialized with mock data
[90mstdout[2m | src/components/PermissionErrorOverlay.stories.jsx[2m > [22m[2mClosed State
[22m[39m[FilesContext] Vector store population triggered {
  "currentVectorStoreSize": 3,
  "documentsCount": 0,
  "filesCount": 6,
  "isInitialLoad": true,
}
[90mstdout[2m | src/components/PermissionErrorOverlay.stories.jsx[2m > [22m[2mClosed State
[22m[39m[FilesContext] Vector store population complete - 3 total embeddings
[90mstdout[2m | src/components/PermissionErrorOverlay.stories.jsx[2m > [22m[2mClosed State
[22m[39m[ChatContext] AssistantChat initialized with 1 chats
[90mstdout[2m | src/components/PermissionErrorOverlay.stories.jsx[2m > [22m[2mClosed State
[22m[39m[ChatContext] Setting initial chat: mock-assistant-chat-1
[90mstdout[2m | src/components/PermissionErrorOverlay.stories.jsx[2m > [22m[2mClosed State
[22m[39m[Mock Storage] downloadData called with: undefined
[90mstdout[2m | src/components/PermissionErrorOverlay.stories.jsx[2m > [22m[2mClosed State
[22m[39m[ChatContext] Chat exists and not archived, skipping creation
[90mstdout[2m | src/components/PermissionErrorOverlay.stories.jsx[2m > [22m[2mInteractive
[22m[39m[ChatContext] Cleaning up subscriptions
[90mstdout[2m | src/components/PermissionErrorOverlay.stories.jsx[2m > [22m[2mInteractive
[22m[39m[Mock Data] Unit.onUpdate() subscription removed. Remaining: 0
[90mstdout[2m | src/components/PermissionErrorOverlay.stories.jsx[2m > [22m[2mInteractive
[22m[39m[MOCK CourseVectorStore] Initialized with mock data
[90mstdout[2m | src/components/PermissionErrorOverlay.stories.jsx[2m > [22m[2mInteractive
[22m[39m[TranslationModeController] Setting mode to: off
[90mstdout[2m | src/components/PermissionErrorOverlay.stories.jsx[2m > [22m[2mInteractive
[22m[39m[UnitContext] useEffect triggered {
  "authLoading": false,
  "hasUser": true,
  "id": "mock-unit-id",
  "userSub": "mock-user-sub",
}
[90mstdout[2m | src/components/PermissionErrorOverlay.stories.jsx[2m > [22m[2mInteractive
[22m[39m[UnitContext] Fetching unit data for id: mock-unit-id
[90mstdout[2m | src/components/PermissionErrorOverlay.stories.jsx[2m > [22m[2mInteractive
[22m[39m[FilesContext] Initializing vector store from IndexedDB
[90mstdout[2m | src/components/PermissionErrorOverlay.stories.jsx[2m > [22m[2mInteractive
[22m[39m[FilesContext] fetchFiles called
[90mstdout[2m | src/components/PermissionErrorOverlay.stories.jsx[2m > [22m[2mInteractive
[22m[39m[FilesContext] User authenticated: mock-user-sub
[90mstdout[2m | src/components/PermissionErrorOverlay.stories.jsx[2m > [22m[2mInteractive
[22m[39m[FilesContext] Identity ID: us-east-1:mock-identity-123
[90mstdout[2m | src/components/PermissionErrorOverlay.stories.jsx[2m > [22m[2mInteractive
[22m[39m[FilesContext] About to set up File observeQuery
[90mstdout[2m | src/components/PermissionErrorOverlay.stories.jsx[2m > [22m[2mInteractive
[22m[39m[ChatContext] Setting up AssistantChat observeQuery
[90mstdout[2m | src/components/PermissionErrorOverlay.stories.jsx[2m > [22m[2mInteractive
[22m[39m[ChatContext] Waiting for subscription to initialize
[90mstdout[2m | src/components/PermissionErrorOverlay.stories.jsx[2m > [22m[2mInteractive
[22m[39m[SettingsContext] Setting up Settings subscription for user: mock-user-sub
[90mstdout[2m | src/components/PermissionErrorOverlay.stories.jsx[2m > [22m[2mInteractive
[22m[39m[Mock Data] Settings created: mock-settings-1790418202592 - notified 0 subscribers
[90mstdout[2m | src/components/PermissionErrorOverlay.stories.jsx[2m > [22m[2mInteractive
[22m[39m[Mock Data] Unit.onUpdate() subscription added. Total: 1
[90mstdout[2m | src/components/PermissionErrorOverlay.stories.jsx[2m > [22m[2mInteractive
[22m[39m[SectionContext] Section observeQuery update: 0
[90mstdout[2m | src/components/PermissionErrorOverlay.stories.jsx[2m > [22m[2mInteractive
[22m[39m[FilesContext] File observeQuery update: 6 files
[90mstdout[2m | src/components/PermissionErrorOverlay.stories.jsx[2m > [22m[2mInteractive
[22m[39m[ChatContext] AssistantChat initialized with 1 chats
[90mstdout[2m | src/components/PermissionErrorOverlay.stories.jsx[2m > [22m[2mInteractive
[22m[39m[ChatContext] Setting initial chat: mock-assistant-chat-1
[90mstdout[2m | src/components/PermissionErrorOverlay.stories.jsx[2m > [22m[2mInteractive
[22m[39m[MOCK CourseVectorStore] Initialized with mock data
[90mstdout[2m | src/components/PermissionErrorOverlay.stories.jsx[2m > [22m[2mInteractive
[22m[39m[FilesContext] Vector store population triggered {
  "currentVectorStoreSize": 3,
  "documentsCount": 0,
  "filesCount": 6,
  "isInitialLoad": true,
}
[90mstdout[2m | src/components/PermissionErrorOverlay.stories.jsx[2m > [22m[2mInteractive
[22m[39m[FilesContext] Vector store population complete - 3 total embeddings
[90mstdout[2m | src/components/PermissionErrorOverlay.stories.jsx[2m > [22m[2mInteractive
[22m[39m[ChatContext] Chat exists and not archived, skipping creation
[90mstdout[2m | src/components/PermissionErrorOverlay.stories.jsx[2m > [22m[2mInteractive
[22m[39m[Mock Storage] downloadData called with: undefined
 [32m✓[39m [30m[45m storybook (chromium) [49m[39m src/components/PermissionErrorOverlay.stories.jsx [2m([22m[2m6 tests[22m[2m)[22m[33m 1039[2mms[22m[39m
[90mstdout[2m | unknown test
[22m[39m[MOCK vectorStoreDB.js] Module loaded - mock IndexedDB operations
[90mstdout[2m | unknown test
[22m[39m[Task Completion] DOM action listeners initialized
[90mstdout[2m | unknown test
[22m[39m[Task Completion] Auto-completion detector initialized
[90mstdout[2m | unknown test
[22m[39m[Preview] Task completion detector initialized
[90mstdout[2m | src/components/Section/AccommodationsDialog.stories.jsx[2m > [22m[2mEmpty
[22m[39m[MOCK CourseVectorStore] Initialized with mock data
[90mstdout[2m | src/components/Section/AccommodationsDialog.stories.jsx[2m > [22m[2mEmpty
[22m[39m[TranslationModeController] Setting mode to: off
[90mstdout[2m | src/components/Section/AccommodationsDialog.stories.jsx[2m > [22m[2mEmpty
[22m[39m[UnitContext] useEffect triggered {
  "authLoading": false,
  "hasUser": true,
  "id": "mock-unit-id",
  "userSub": "mock-user-sub",
}
[90mstdout[2m | src/components/Section/AccommodationsDialog.stories.jsx[2m > [22m[2mEmpty
[22m[39m[UnitContext] Fetching unit data for id: mock-unit-id
[90mstdout[2m | src/components/Section/AccommodationsDialog.stories.jsx[2m > [22m[2mEmpty
[22m[39m[FilesContext] Initializing vector store from IndexedDB
[90mstdout[2m | src/components/Section/AccommodationsDialog.stories.jsx[2m > [22m[2mEmpty
[22m[39m[FilesContext] fetchFiles called
[90mstdout[2m | src/components/Section/AccommodationsDialog.stories.jsx[2m > [22m[2mEmpty
[22m[39m[FilesContext] User authenticated: mock-user-sub
[90mstdout[2m | src/components/Section/AccommodationsDialog.stories.jsx[2m > [22m[2mEmpty
[22m[39m[FilesContext] Identity ID: us-east-1:mock-identity-123
[90mstdout[2m | src/components/Section/AccommodationsDialog.stories.jsx[2m > [22m[2mEmpty
[22m[39m[FilesContext] About to set up File observeQuery
[90mstdout[2m | src/components/Section/AccommodationsDialog.stories.jsx[2m > [22m[2mEmpty
[22m[39m[ChatContext] Setting up AssistantChat observeQuery
[90mstdout[2m | src/components/Section/AccommodationsDialog.stories.jsx[2m > [22m[2mEmpty
[22m[39m[ChatContext] Waiting for subscription to initialize
[90mstdout[2m | src/components/Section/AccommodationsDialog.stories.jsx[2m > [22m[2mEmpty
[22m[39m[SettingsContext] Setting up Settings subscription for user: mock-user-sub
[90mstdout[2m | src/components/Section/AccommodationsDialog.stories.jsx[2m > [22m[2mEmpty
[22m[39m[Mock Data] Settings created: mock-settings-1790418203542 - notified 0 subscribers
[90mstdout[2m | src/components/Section/AccommodationsDialog.stories.jsx[2m > [22m[2mEmpty
[22m[39m[Mock Data] Unit.onUpdate() subscription added. Total: 1
[90mstdout[2m | src/components/Section/AccommodationsDialog.stories.jsx[2m > [22m[2mEmpty
[22m[39m[SectionContext] Section observeQuery update: 0
[90mstdout[2m | src/components/Section/AccommodationsDialog.stories.jsx[2m > [22m[2mEmpty
[22m[39m[FilesContext] File observeQuery update: 6 files
[90mstdout[2m | src/components/Section/AccommodationsDialog.stories.jsx[2m > [22m[2mEmpty
[22m[39m[ChatContext] AssistantChat initialized with 1 chats
[90mstdout[2m | src/components/Section/AccommodationsDialog.stories.jsx[2m > [22m[2mEmpty
[22m[39m[ChatContext] Setting initial chat: mock-assistant-chat-1
[90mstdout[2m | src/components/Section/AccommodationsDialog.stories.jsx[2m > [22m[2mEmpty
[22m[39m[MOCK CourseVectorStore] Initialized with mock data
[90mstdout[2m | src/components/Section/AccommodationsDialog.stories.jsx[2m > [22m[2mEmpty
[22m[39m[FilesContext] Vector store population triggered {
  "currentVectorStoreSize": 3,
  "documentsCount": 0,
  "filesCount": 6,
  "isInitialLoad": true,
}
[90mstdout[2m | src/components/Section/AccommodationsDialog.stories.jsx[2m > [22m[2mEmpty
[22m[39m[FilesContext] Vector store population complete - 3 total embeddings
[90mstdout[2m | src/components/Section/AccommodationsDialog.stories.jsx[2m > [22m[2mEmpty
[22m[39m[ChatContext] Chat exists and not archived, skipping creation
[90mstdout[2m | src/components/Section/AccommodationsDialog.stories.jsx[2m > [22m[2mEmpty
[22m[39m[Mock Storage] downloadData called with: undefined
[90mstdout[2m | src/components/Section/AccommodationsDialog.stories.jsx[2m > [22m[2mEmpty
[22m[39mfilterWords {
  "filter": "",
  "wordsCount": 0,
}
[90mstdout[2m | src/components/Section/AccommodationsDialog.stories.jsx[2m > [22m[2mWith Existing Accommodations
[22m[39m[ChatContext] Cleaning up subscriptions
[90mstdout[2m | src/components/Section/AccommodationsDialog.stories.jsx[2m > [22m[2mWith Existing Accommodations
[22m[39m[Mock Data] Unit.onUpdate() subscription removed. Remaining: 0
[90mstdout[2m | src/components/Section/AccommodationsDialog.stories.jsx[2m > [22m[2mWith Existing Accommodations
[22m[39m[MOCK CourseVectorStore] Initialized with mock data
[90mstdout[2m | src/components/Section/AccommodationsDialog.stories.jsx[2m > [22m[2mWith Existing Accommodations
[22m[39m[TranslationModeController] Setting mode to: off
[90mstdout[2m | src/components/Section/AccommodationsDialog.stories.jsx[2m > [22m[2mWith Existing Accommodations
[22m[39m[UnitContext] useEffect triggered {
  "authLoading": false,
  "hasUser": true,
  "id": "mock-unit-id",
  "userSub": "mock-user-sub",
}
[90mstdout[2m | src/components/Section/AccommodationsDialog.stories.jsx[2m > [22m[2mWith Existing Accommodations
[22m[39m[UnitContext] Fetching unit data for id: mock-unit-id
[90mstdout[2m | src/components/Section/AccommodationsDialog.stories.jsx[2m > [22m[2mWith Existing Accommodations
[22m[39m[FilesContext] Initializing vector store from IndexedDB
[90mstdout[2m | src/components/Section/AccommodationsDialog.stories.jsx[2m > [22m[2mWith Existing Accommodations
[22m[39m[FilesContext] fetchFiles called
[90mstdout[2m | src/components/Section/AccommodationsDialog.stories.jsx[2m > [22m[2mWith Existing Accommodations
[22m[39m[FilesContext] User authenticated: mock-user-sub
[90mstdout[2m | src/components/Section/AccommodationsDialog.stories.jsx[2m > [22m[2mWith Existing Accommodations
[22m[39m[FilesContext] Identity ID: us-east-1:mock-identity-123
[90mstdout[2m | src/components/Section/AccommodationsDialog.stories.jsx[2m > [22m[2mWith Existing Accommodations
[22m[39m[FilesContext] About to set up File observeQuery
[90mstdout[2m | src/components/Section/AccommodationsDialog.stories.jsx[2m > [22m[2mWith Existing Accommodations
[22m[39m[ChatContext] Setting up AssistantChat observeQuery
[90mstdout[2m | src/components/Section/AccommodationsDialog.stories.jsx[2m > [22m[2mWith Existing Accommodations
[22m[39m[ChatContext] Waiting for subscription to initialize
[90mstdout[2m | src/components/Section/AccommodationsDialog.stories.jsx[2m > [22m[2mWith Existing Accommodations
[22m[39m[SettingsContext] Setting up Settings subscription for user: mock-user-sub
[90mstdout[2m | src/components/Section/AccommodationsDialog.stories.jsx[2m > [22m[2mWith Existing Accommodations
[22m[39m[Mock Data] Settings created: mock-settings-1790418203925 - notified 0 subscribers
[90mstdout[2m | src/components/Section/AccommodationsDialog.stories.jsx[2m > [22m[2mWith Existing Accommodations
[22m[39m[Mock Data] Unit.onUpdate() subscription added. Total: 1
[90mstdout[2m | src/components/Section/AccommodationsDialog.stories.jsx[2m > [22m[2mWith Existing Accommodations
[22m[39m[SectionContext] Section observeQuery update: 0
[90mstdout[2m | src/components/Section/AccommodationsDialog.stories.jsx[2m > [22m[2mWith Existing Accommodations
[22m[39m[FilesContext] File observeQuery update: 6 files
[90mstdout[2m | src/components/Section/AccommodationsDialog.stories.jsx[2m > [22m[2mWith Existing Accommodations
[22m[39m[ChatContext] AssistantChat initialized with 1 chats
[90mstdout[2m | src/components/Section/AccommodationsDialog.stories.jsx[2m > [22m[2mWith Existing Accommodations
[22m[39m[ChatContext] Setting initial chat: mock-assistant-chat-1
[90mstdout[2m | src/components/Section/AccommodationsDialog.stories.jsx[2m > [22m[2mWith Existing Accommodations
[22m[39m[MOCK CourseVectorStore] Initialized with mock data
[90mstdout[2m | src/components/Section/AccommodationsDialog.stories.jsx[2m > [22m[2mWith Existing Accommodations
[22m[39m[FilesContext] Vector store population triggered {
  "currentVectorStoreSize": 3,
  "documentsCount": 0,
  "filesCount": 6,
  "isInitialLoad": true,
}
[90mstdout[2m | src/components/Section/AccommodationsDialog.stories.jsx[2m > [22m[2mWith Existing Accommodations
[22m[39m[FilesContext] Vector store population complete - 3 total embeddings
[90mstdout[2m | src/components/Section/AccommodationsDialog.stories.jsx[2m > [22m[2mWith Existing Accommodations
[22m[39m[ChatContext] Chat exists and not archived, skipping creation
[90mstdout[2m | src/components/Section/AccommodationsDialog.stories.jsx[2m > [22m[2mWith Existing Accommodations
[22m[39m[Mock Storage] downloadData called with: undefined
[90mstdout[2m | src/components/Section/AccommodationsDialog.stories.jsx[2m > [22m[2mNo Students
[22m[39m[ChatContext] Cleaning up subscriptions
[90mstdout[2m | src/components/Section/AccommodationsDialog.stories.jsx[2m > [22m[2mNo Students
[22m[39m[Mock Data] Unit.onUpdate() subscription removed. Remaining: 0
[90mstdout[2m | src/components/Section/AccommodationsDialog.stories.jsx[2m > [22m[2mNo Students
[22m[39m[MOCK CourseVectorStore] Initialized with mock data
[90mstdout[2m | src/components/Section/AccommodationsDialog.stories.jsx[2m > [22m[2mNo Students
[22m[39m[TranslationModeController] Setting mode to: off
[90mstdout[2m | src/components/Section/AccommodationsDialog.stories.jsx[2m > [22m[2mNo Students
[22m[39m[UnitContext] useEffect triggered {
  "authLoading": false,
  "hasUser": true,
  "id": "mock-unit-id",
  "userSub": "mock-user-sub",
}
[90mstdout[2m | src/components/Section/AccommodationsDialog.stories.jsx[2m > [22m[2mNo Students
[22m[39m[UnitContext] Fetching unit data for id: mock-unit-id
[90mstdout[2m | src/components/Section/AccommodationsDialog.stories.jsx[2m > [22m[2mNo Students
[22m[39m[FilesContext] Initializing vector store from IndexedDB
[90mstdout[2m | src/components/Section/AccommodationsDialog.stories.jsx[2m > [22m[2mNo Students
[22m[39m[FilesContext] fetchFiles called
[90mstdout[2m | src/components/Section/AccommodationsDialog.stories.jsx[2m > [22m[2mNo Students
[22m[39m[FilesContext] User authenticated: mock-user-sub
[90mstdout[2m | src/components/Section/AccommodationsDialog.stories.jsx[2m > [22m[2mNo Students
[22m[39m[FilesContext] Identity ID: us-east-1:mock-identity-123
[90mstdout[2m | src/components/Section/AccommodationsDialog.stories.jsx[2m > [22m[2mNo Students
[22m[39m[FilesContext] About to set up File observeQuery
[90mstdout[2m | src/components/Section/AccommodationsDialog.stories.jsx[2m > [22m[2mNo Students
[22m[39m[ChatContext] Setting up AssistantChat observeQuery
[90mstdout[2m | src/components/Section/AccommodationsDialog.stories.jsx[2m > [22m[2mNo Students
[22m[39m[ChatContext] Waiting for subscription to initialize
[90mstdout[2m | src/components/Section/AccommodationsDialog.stories.jsx[2m > [22m[2mNo Students
[22m[39m[SettingsContext] Setting up Settings subscription for user: mock-user-sub
[90mstdout[2m | src/components/Section/AccommodationsDialog.stories.jsx[2m > [22m[2mNo Students
[22m[39m[Mock Data] Settings created: mock-settings-1790418204171 - notified 0 subscribers
[90mstdout[2m | src/components/Section/AccommodationsDialog.stories.jsx[2m > [22m[2mNo Students
[22m[39m[Mock Data] Unit.onUpdate() subscription added. Total: 1
[90mstdout[2m | src/components/Section/AccommodationsDialog.stories.jsx[2m > [22m[2mNo Students
[22m[39m[SectionContext] Section observeQuery update: 0
[90mstdout[2m | src/components/Section/AccommodationsDialog.stories.jsx[2m > [22m[2mNo Students
[22m[39m[FilesContext] File observeQuery update: 6 files
[90mstdout[2m | src/components/Section/AccommodationsDialog.stories.jsx[2m > [22m[2mNo Students
[22m[39m[ChatContext] AssistantChat initialized with 1 chats
[90mstdout[2m | src/components/Section/AccommodationsDialog.stories.jsx[2m > [22m[2mNo Students
[22m[39m[ChatContext] Setting initial chat: mock-assistant-chat-1
[90mstdout[2m | src/components/Section/AccommodationsDialog.stories.jsx[2m > [22m[2mNo Students
[22m[39m[MOCK CourseVectorStore] Initialized with mock data
[90mstdout[2m | src/components/Section/AccommodationsDialog.stories.jsx[2m > [22m[2mNo Students
[22m[39m[FilesContext] Vector store population triggered {
  "currentVectorStoreSize": 3,
  "documentsCount": 0,
  "filesCount": 6,
  "isInitialLoad": true,
}
[90mstdout[2m | src/components/Section/AccommodationsDialog.stories.jsx[2m > [22m[2mNo Students
[22m[39m[FilesContext] Vector store population complete - 3 total embeddings
[90mstdout[2m | src/components/Section/AccommodationsDialog.stories.jsx[2m > [22m[2mNo Students
[22m[39m[ChatContext] Chat exists and not archived, skipping creation
[90mstdout[2m | src/components/Section/AccommodationsDialog.stories.jsx[2m > [22m[2mNo Students
[22m[39m[Mock Storage] downloadData called with: undefined
 [32m✓[39m [30m[45m storybook (chromium) [49m[39m src/components/Section/AccommodationsDialog.stories.jsx [2m([22m[2m3 tests[22m[2m)[22m[33m 935[2mms[22m[39m
   [33m[2m✓[22m[39m Empty [33m 404[2mms[22m[39m
   [33m[2m✓[22m[39m With Existing Accommodations [33m 349[2mms[22m[39m
[90mstdout[2m | unknown test
[22m[39m[MOCK vectorStoreDB.js] Module loaded - mock IndexedDB operations
[90mstdout[2m | unknown test
[22m[39m[Task Completion] DOM action listeners initialized
[90mstdout[2m | unknown test
[22m[39m[Task Completion] Auto-completion detector initialized
[90mstdout[2m | unknown test
[22m[39m[Preview] Task completion detector initialized
[90mstdout[2m | src/components/CollaborativeChat/ThreadView.stories.tsx[2m > [22m[2mWith Messages
[22m[39m[TranslationModeController] Setting mode to: off
[90mstdout[2m | src/components/CollaborativeChat/ThreadView.stories.tsx[2m > [22m[2mWith Typing Indicator
[22m[39m[TranslationModeController] Setting mode to: off
[90mstdout[2m | src/components/CollaborativeChat/ThreadView.stories.tsx[2m > [22m[2mEmpty Thread
[22m[39m[TranslationModeController] Setting mode to: off
[90mstdout[2m | src/components/CollaborativeChat/ThreadView.stories.tsx[2m > [22m[2mBot Conversation
[22m[39m[TranslationModeController] Setting mode to: off
 [32m✓[39m [30m[45m storybook (chromium) [49m[39m src/components/CollaborativeChat/ThreadView.stories.tsx [2m([22m[2m4 tests[22m[2m)[22m[33m 689[2mms[22m[39m
[90mstdout[2m | unknown test
[22m[39m[MOCK vectorStoreDB.js] Module loaded - mock IndexedDB operations
[90mstdout[2m | unknown test
[22m[39m[Task Completion] DOM action listeners initialized
[90mstdout[2m | unknown test
[22m[39m[Task Completion] Auto-completion detector initialized
[90mstdout[2m | unknown test
[22m[39m[Preview] Task completion detector initialized
[90mstdout[2m | src/components/Workbook/WorkbookProgress.stories.tsx[2m > [22m[2mDefault
[22m[39m[MOCK CourseVectorStore] Initialized with mock data
[90mstdout[2m | src/components/Workbook/WorkbookProgress.stories.tsx[2m > [22m[2mDefault
[22m[39m[TranslationModeController] Setting mode to: off
[90mstdout[2m | src/components/Workbook/WorkbookProgress.stories.tsx[2m > [22m[2mDefault
[22m[39m[FilesContext] Initializing vector store from IndexedDB
[90mstdout[2m | src/components/Workbook/WorkbookProgress.stories.tsx[2m > [22m[2mDefault
[22m[39m[FilesContext] fetchFiles called
[90mstdout[2m | src/components/Workbook/WorkbookProgress.stories.tsx[2m > [22m[2mDefault
[22m[39m[FilesContext] User authenticated: mock-user-sub
[90mstdout[2m | src/components/Workbook/WorkbookProgress.stories.tsx[2m > [22m[2mDefault
[22m[39m[FilesContext] Identity ID: us-east-1:mock-identity-123
[90mstdout[2m | src/components/Workbook/WorkbookProgress.stories.tsx[2m > [22m[2mDefault
[22m[39m[FilesContext] About to set up File observeQuery
[90mstdout[2m | src/components/Workbook/WorkbookProgress.stories.tsx[2m > [22m[2mDefault
[22m[39m[ChatContext] Setting up AssistantChat observeQuery
[90mstdout[2m | src/components/Workbook/WorkbookProgress.stories.tsx[2m > [22m[2mDefault
[22m[39m[ChatContext] Waiting for subscription to initialize
[90mstdout[2m | src/components/Workbook/WorkbookProgress.stories.tsx[2m > [22m[2mDefault
[22m[39m[SettingsContext] Setting up Settings subscription for user: mock-user-sub
[90mstdout[2m | src/components/Workbook/WorkbookProgress.stories.tsx[2m > [22m[2mDefault
[22m[39m[Mock Data] Settings created: mock-settings-1790418213459 - notified 0 subscribers
[90mstdout[2m | src/components/Workbook/WorkbookProgress.stories.tsx[2m > [22m[2mDefault
[22m[39m[FilesContext] File observeQuery update: 6 files
[90mstdout[2m | src/components/Workbook/WorkbookProgress.stories.tsx[2m > [22m[2mDefault
[22m[39m[ChatContext] AssistantChat initialized with 1 chats
[90mstdout[2m | src/components/Workbook/WorkbookProgress.stories.tsx[2m > [22m[2mDefault
[22m[39m[ChatContext] Setting initial chat: mock-assistant-chat-1
[90mstdout[2m | src/components/Workbook/WorkbookProgress.stories.tsx[2m > [22m[2mDefault
[22m[39m[MOCK CourseVectorStore] Initialized with mock data
[90mstdout[2m | src/components/Workbook/WorkbookProgress.stories.tsx[2m > [22m[2mDefault
[22m[39m[FilesContext] Vector store population triggered {
  "currentVectorStoreSize": 3,
  "documentsCount": 0,
  "filesCount": 6,
  "isInitialLoad": true,
}
[90mstdout[2m | src/components/Workbook/WorkbookProgress.stories.tsx[2m > [22m[2mDefault
[22m[39m[FilesContext] Vector store population complete - 3 total embeddings
[90mstdout[2m | src/components/Workbook/WorkbookProgress.stories.tsx[2m > [22m[2mDefault
[22m[39m[ChatContext] Chat exists and not archived, skipping creation
[90mstdout[2m | src/components/Workbook/WorkbookProgress.stories.tsx[2m > [22m[2mDefault
[22m[39m[Mock Storage] downloadData called with: undefined
[90mstdout[2m | src/components/Workbook/WorkbookProgress.stories.tsx[2m > [22m[2mCompact
[22m[39m[ChatContext] Cleaning up subscriptions
[90mstdout[2m | src/components/Workbook/WorkbookProgress.stories.tsx[2m > [22m[2mCompact
[22m[39m[MOCK CourseVectorStore] Initialized with mock data
[90mstdout[2m | src/components/Workbook/WorkbookProgress.stories.tsx[2m > [22m[2mCompact
[22m[39m[TranslationModeController] Setting mode to: off
[90mstdout[2m | src/components/Workbook/WorkbookProgress.stories.tsx[2m > [22m[2mCompact
[22m[39m[FilesContext] Initializing vector store from IndexedDB
[90mstdout[2m | src/components/Workbook/WorkbookProgress.stories.tsx[2m > [22m[2mCompact
[22m[39m[FilesContext] fetchFiles called
[90mstdout[2m | src/components/Workbook/WorkbookProgress.stories.tsx[2m > [22m[2mCompact
[22m[39m[FilesContext] User authenticated: mock-user-sub
[90mstdout[2m | src/components/Workbook/WorkbookProgress.stories.tsx[2m > [22m[2mCompact
[22m[39m[FilesContext] Identity ID: us-east-1:mock-identity-123
[90mstdout[2m | src/components/Workbook/WorkbookProgress.stories.tsx[2m > [22m[2mCompact
[22m[39m[FilesContext] About to set up File observeQuery
[90mstdout[2m | src/components/Workbook/WorkbookProgress.stories.tsx[2m > [22m[2mCompact
[22m[39m[ChatContext] Setting up AssistantChat observeQuery
[90mstdout[2m | src/components/Workbook/WorkbookProgress.stories.tsx[2m > [22m[2mCompact
[22m[39m[ChatContext] Waiting for subscription to initialize
[90mstdout[2m | src/components/Workbook/WorkbookProgress.stories.tsx[2m > [22m[2mCompact
[22m[39m[SettingsContext] Setting up Settings subscription for user: mock-user-sub
[90mstdout[2m | src/components/Workbook/WorkbookProgress.stories.tsx[2m > [22m[2mCompact
[22m[39m[Mock Data] Settings created: mock-settings-1790418213622 - notified 0 subscribers
[90mstdout[2m | src/components/Workbook/WorkbookProgress.stories.tsx[2m > [22m[2mCompact
[22m[39m[FilesContext] File observeQuery update: 6 files
[90mstdout[2m | src/components/Workbook/WorkbookProgress.stories.tsx[2m > [22m[2mCompact
[22m[39m[ChatContext] AssistantChat initialized with 1 chats
[90mstdout[2m | src/components/Workbook/WorkbookProgress.stories.tsx[2m > [22m[2mCompact
[22m[39m[ChatContext] Setting initial chat: mock-assistant-chat-1
[90mstdout[2m | src/components/Workbook/WorkbookProgress.stories.tsx[2m > [22m[2mCompact
[22m[39m[MOCK CourseVectorStore] Initialized with mock data
[90mstdout[2m | src/components/Workbook/WorkbookProgress.stories.tsx[2m > [22m[2mCompact
[22m[39m[FilesContext] Vector store population triggered {
  "currentVectorStoreSize": 3,
  "documentsCount": 0,
  "filesCount": 6,
  "isInitialLoad": true,
}
[90mstdout[2m | src/components/Workbook/WorkbookProgress.stories.tsx[2m > [22m[2mCompact
[22m[39m[FilesContext] Vector store population complete - 3 total embeddings
[90mstdout[2m | src/components/Workbook/WorkbookProgress.stories.tsx[2m > [22m[2mCompact
[22m[39m[ChatContext] Chat exists and not archived, skipping creation
[90mstdout[2m | src/components/Workbook/WorkbookProgress.stories.tsx[2m > [22m[2mCompact
[22m[39m[Mock Storage] downloadData called with: undefined
[90mstdout[2m | src/components/Workbook/WorkbookProgress.stories.tsx[2m > [22m[2mDetailed
[22m[39m[ChatContext] Cleaning up subscriptions
[90mstdout[2m | src/components/Workbook/WorkbookProgress.stories.tsx[2m > [22m[2mDetailed
[22m[39m[MOCK CourseVectorStore] Initialized with mock data
[90mstdout[2m | src/components/Workbook/WorkbookProgress.stories.tsx[2m > [22m[2mDetailed
[22m[39m[TranslationModeController] Setting mode to: off
[90mstdout[2m | src/components/Workbook/WorkbookProgress.stories.tsx[2m > [22m[2mDetailed
[22m[39m[FilesContext] Initializing vector store from IndexedDB
[90mstdout[2m | src/components/Workbook/WorkbookProgress.stories.tsx[2m > [22m[2mDetailed
[22m[39m[FilesContext] fetchFiles called
[90mstdout[2m | src/components/Workbook/WorkbookProgress.stories.tsx[2m > [22m[2mDetailed
[22m[39m[FilesContext] User authenticated: mock-user-sub
[90mstdout[2m | src/components/Workbook/WorkbookProgress.stories.tsx[2m > [22m[2mDetailed
[22m[39m[FilesContext] Identity ID: us-east-1:mock-identity-123
[90mstdout[2m | src/components/Workbook/WorkbookProgress.stories.tsx[2m > [22m[2mDetailed
[22m[39m[FilesContext] About to set up File observeQuery
[90mstdout[2m | src/components/Workbook/WorkbookProgress.stories.tsx[2m > [22m[2mDetailed
[22m[39m[ChatContext] Setting up AssistantChat observeQuery
[90mstdout[2m | src/components/Workbook/WorkbookProgress.stories.tsx[2m > [22m[2mDetailed
[22m[39m[ChatContext] Waiting for subscription to initialize
[90mstdout[2m | src/components/Workbook/WorkbookProgress.stories.tsx[2m > [22m[2mDetailed
[22m[39m[SettingsContext] Setting up Settings subscription for user: mock-user-sub
[90mstdout[2m | src/components/Workbook/WorkbookProgress.stories.tsx[2m > [22m[2mDetailed
[22m[39m[Mock Data] Settings created: mock-settings-1790418213808 - notified 0 subscribers
[90mstdout[2m | src/components/Workbook/WorkbookProgress.stories.tsx[2m > [22m[2mDetailed
[22m[39m[FilesContext] File observeQuery update: 6 files
[90mstdout[2m | src/components/Workbook/WorkbookProgress.stories.tsx[2m > [22m[2mDetailed
[22m[39m[ChatContext] AssistantChat initialized with 1 chats
[90mstdout[2m | src/components/Workbook/WorkbookProgress.stories.tsx[2m > [22m[2mDetailed
[22m[39m[ChatContext] Setting initial chat: mock-assistant-chat-1
[90mstdout[2m | src/components/Workbook/WorkbookProgress.stories.tsx[2m > [22m[2mDetailed
[22m[39m[MOCK CourseVectorStore] Initialized with mock data
[90mstdout[2m | src/components/Workbook/WorkbookProgress.stories.tsx[2m > [22m[2mDetailed
[22m[39m[FilesContext] Vector store population triggered {
  "currentVectorStoreSize": 3,
  "documentsCount": 0,
  "filesCount": 6,
  "isInitialLoad": true,
}
[90mstdout[2m | src/components/Workbook/WorkbookProgress.stories.tsx[2m > [22m[2mDetailed
[22m[39m[FilesContext] Vector store population complete - 3 total embeddings
[90mstdout[2m | src/components/Workbook/WorkbookProgress.stories.tsx[2m > [22m[2mDetailed
[22m[39m[ChatContext] Chat exists and not archived, skipping creation
[90mstdout[2m | src/components/Workbook/WorkbookProgress.stories.tsx[2m > [22m[2mDetailed
[22m[39m[Mock Storage] downloadData called with: undefined
[90mstdout[2m | src/components/Workbook/WorkbookProgress.stories.tsx[2m > [22m[2mComplete
[22m[39m[ChatContext] Cleaning up subscriptions
[90mstdout[2m | src/components/Workbook/WorkbookProgress.stories.tsx[2m > [22m[2mComplete
[22m[39m[MOCK CourseVectorStore] Initialized with mock data
[90mstdout[2m | src/components/Workbook/WorkbookProgress.stories.tsx[2m > [22m[2mComplete
[22m[39m[TranslationModeController] Setting mode to: off
[90mstdout[2m | src/components/Workbook/WorkbookProgress.stories.tsx[2m > [22m[2mComplete
[22m[39m[FilesContext] Initializing vector store from IndexedDB
[90mstdout[2m | src/components/Workbook/WorkbookProgress.stories.tsx[2m > [22m[2mComplete
[22m[39m[FilesContext] fetchFiles called
[90mstdout[2m | src/components/Workbook/WorkbookProgress.stories.tsx[2m > [22m[2mComplete
[22m[39m[FilesContext] User authenticated: mock-user-sub
[90mstdout[2m | src/components/Workbook/WorkbookProgress.stories.tsx[2m > [22m[2mComplete
[22m[39m[FilesContext] Identity ID: us-east-1:mock-identity-123
[90mstdout[2m | src/components/Workbook/WorkbookProgress.stories.tsx[2m > [22m[2mComplete
[22m[39m[FilesContext] About to set up File observeQuery
[90mstdout[2m | src/components/Workbook/WorkbookProgress.stories.tsx[2m > [22m[2mComplete
[22m[39m[ChatContext] Setting up AssistantChat observeQuery
[90mstdout[2m | src/components/Workbook/WorkbookProgress.stories.tsx[2m > [22m[2mComplete
[22m[39m[ChatContext] Waiting for subscription to initialize
[90mstdout[2m | src/components/Workbook/WorkbookProgress.stories.tsx[2m > [22m[2mComplete
[22m[39m[SettingsContext] Setting up Settings subscription for user: mock-user-sub
[90mstdout[2m | src/components/Workbook/WorkbookProgress.stories.tsx[2m > [22m[2mComplete
[22m[39m[Mock Data] Settings created: mock-settings-1790418213957 - notified 0 subscribers
[90mstdout[2m | src/components/Workbook/WorkbookProgress.stories.tsx[2m > [22m[2mComplete
[22m[39m[FilesContext] File observeQuery update: 6 files
[90mstdout[2m | src/components/Workbook/WorkbookProgress.stories.tsx[2m > [22m[2mComplete
[22m[39m[ChatContext] AssistantChat initialized with 1 chats
[90mstdout[2m | src/components/Workbook/WorkbookProgress.stories.tsx[2m > [22m[2mComplete
[22m[39m[ChatContext] Setting initial chat: mock-assistant-chat-1
[90mstdout[2m | src/components/Workbook/WorkbookProgress.stories.tsx[2m > [22m[2mComplete
[22m[39m[MOCK CourseVectorStore] Initialized with mock data
[90mstdout[2m | src/components/Workbook/WorkbookProgress.stories.tsx[2m > [22m[2mComplete
[22m[39m[Mock Storage] downloadData called with: undefined
[90mstdout[2m | src/components/Workbook/WorkbookProgress.stories.tsx[2m > [22m[2mComplete
[22m[39m[FilesContext] Vector store population triggered {
  "currentVectorStoreSize": 3,
  "documentsCount": 0,
  "filesCount": 6,
  "isInitialLoad": true,
}
[90mstdout[2m | src/components/Workbook/WorkbookProgress.stories.tsx[2m > [22m[2mComplete
[22m[39m[FilesContext] Vector store population complete - 3 total embeddings
[90mstdout[2m | src/components/Workbook/WorkbookProgress.stories.tsx[2m > [22m[2mComplete
[22m[39m[ChatContext] Chat exists and not archived, skipping creation
[90mstdout[2m | src/components/Workbook/WorkbookProgress.stories.tsx[2m > [22m[2mJust Started
[22m[39m[ChatContext] Cleaning up subscriptions
[90mstdout[2m | src/components/Workbook/WorkbookProgress.stories.tsx[2m > [22m[2mJust Started
[22m[39m[MOCK CourseVectorStore] Initialized with mock data
[90mstdout[2m | src/components/Workbook/WorkbookProgress.stories.tsx[2m > [22m[2mJust Started
[22m[39m[TranslationModeController] Setting mode to: off
[90mstdout[2m | src/components/Workbook/WorkbookProgress.stories.tsx[2m > [22m[2mJust Started
[22m[39m[FilesContext] Initializing vector store from IndexedDB
[90mstdout[2m | src/components/Workbook/WorkbookProgress.stories.tsx[2m > [22m[2mJust Started
[22m[39m[FilesContext] fetchFiles called
[90mstdout[2m | src/components/Workbook/WorkbookProgress.stories.tsx[2m > [22m[2mJust Started
[22m[39m[FilesContext] User authenticated: mock-user-sub
[90mstdout[2m | src/components/Workbook/WorkbookProgress.stories.tsx[2m > [22m[2mJust Started
[22m[39m[FilesContext] Identity ID: us-east-1:mock-identity-123
[90mstdout[2m | src/components/Workbook/WorkbookProgress.stories.tsx[2m > [22m[2mJust Started
[22m[39m[FilesContext] About to set up File observeQuery
[90mstdout[2m | src/components/Workbook/WorkbookProgress.stories.tsx[2m > [22m[2mJust Started
[22m[39m[ChatContext] Setting up AssistantChat observeQuery
[90mstdout[2m | src/components/Workbook/WorkbookProgress.stories.tsx[2m > [22m[2mJust Started
[22m[39m[ChatContext] Waiting for subscription to initialize
[90mstdout[2m | src/components/Workbook/WorkbookProgress.stories.tsx[2m > [22m[2mJust Started
[22m[39m[SettingsContext] Setting up Settings subscription for user: mock-user-sub
[90mstdout[2m | src/components/Workbook/WorkbookProgress.stories.tsx[2m > [22m[2mJust Started
[22m[39m[Mock Data] Settings created: mock-settings-1790418214102 - notified 0 subscribers
[90mstdout[2m | src/components/Workbook/WorkbookProgress.stories.tsx[2m > [22m[2mJust Started
[22m[39m[FilesContext] File observeQuery update: 6 files
[90mstdout[2m | src/components/Workbook/WorkbookProgress.stories.tsx[2m > [22m[2mJust Started
[22m[39m[ChatContext] AssistantChat initialized with 1 chats
[90mstdout[2m | src/components/Workbook/WorkbookProgress.stories.tsx[2m > [22m[2mJust Started
[22m[39m[ChatContext] Setting initial chat: mock-assistant-chat-1
[90mstdout[2m | src/components/Workbook/WorkbookProgress.stories.tsx[2m > [22m[2mJust Started
[22m[39m[Mock Storage] downloadData called with: undefined
[90mstdout[2m | src/components/Workbook/WorkbookProgress.stories.tsx[2m > [22m[2mJust Started
[22m[39m[MOCK CourseVectorStore] Initialized with mock data
[90mstdout[2m | src/components/Workbook/WorkbookProgress.stories.tsx[2m > [22m[2mJust Started
[22m[39m[FilesContext] Vector store population triggered {
  "currentVectorStoreSize": 3,
  "documentsCount": 0,
  "filesCount": 6,
  "isInitialLoad": true,
}
[90mstdout[2m | src/components/Workbook/WorkbookProgress.stories.tsx[2m > [22m[2mJust Started
[22m[39m[FilesContext] Vector store population complete - 3 total embeddings
[90mstdout[2m | src/components/Workbook/WorkbookProgress.stories.tsx[2m > [22m[2mJust Started
[22m[39m[ChatContext] Chat exists and not archived, skipping creation
[90mstdout[2m | src/components/Workbook/WorkbookProgress.stories.tsx[2m > [22m[2mDisabled
[22m[39m[ChatContext] Cleaning up subscriptions
[90mstdout[2m | src/components/Workbook/WorkbookProgress.stories.tsx[2m > [22m[2mDisabled
[22m[39m[MOCK CourseVectorStore] Initialized with mock data
[90mstdout[2m | src/components/Workbook/WorkbookProgress.stories.tsx[2m > [22m[2mDisabled
[22m[39m[TranslationModeController] Setting mode to: off
[90mstdout[2m | src/components/Workbook/WorkbookProgress.stories.tsx[2m > [22m[2mDisabled
[22m[39m[FilesContext] Initializing vector store from IndexedDB
[90mstdout[2m | src/components/Workbook/WorkbookProgress.stories.tsx[2m > [22m[2mDisabled
[22m[39m[FilesContext] fetchFiles called
[90mstdout[2m | src/components/Workbook/WorkbookProgress.stories.tsx[2m > [22m[2mDisabled
[22m[39m[FilesContext] User authenticated: mock-user-sub
[90mstdout[2m | src/components/Workbook/WorkbookProgress.stories.tsx[2m > [22m[2mDisabled
[22m[39m[FilesContext] Identity ID: us-east-1:mock-identity-123
[90mstdout[2m | src/components/Workbook/WorkbookProgress.stories.tsx[2m > [22m[2mDisabled
[22m[39m[FilesContext] About to set up File observeQuery
[90mstdout[2m | src/components/Workbook/WorkbookProgress.stories.tsx[2m > [22m[2mDisabled
[22m[39m[ChatContext] Setting up AssistantChat observeQuery
[90mstdout[2m | src/components/Workbook/WorkbookProgress.stories.tsx[2m > [22m[2mDisabled
[22m[39m[ChatContext] Waiting for subscription to initialize
[90mstdout[2m | src/components/Workbook/WorkbookProgress.stories.tsx[2m > [22m[2mDisabled
[22m[39m[SettingsContext] Setting up Settings subscription for user: mock-user-sub
[90mstdout[2m | src/components/Workbook/WorkbookProgress.stories.tsx[2m > [22m[2mDisabled
[22m[39m[Mock Data] Settings created: mock-settings-1790418214275 - notified 0 subscribers
[90mstdout[2m | src/components/Workbook/WorkbookProgress.stories.tsx[2m > [22m[2mDisabled
[22m[39m[FilesContext] File observeQuery update: 6 files
[90mstdout[2m | src/components/Workbook/WorkbookProgress.stories.tsx[2m > [22m[2mDisabled
[22m[39m[ChatContext] AssistantChat initialized with 1 chats
[90mstdout[2m | src/components/Workbook/WorkbookProgress.stories.tsx[2m > [22m[2mDisabled
[22m[39m[ChatContext] Setting initial chat: mock-assistant-chat-1
[90mstdout[2m | src/components/Workbook/WorkbookProgress.stories.tsx[2m > [22m[2mDisabled
[22m[39m[MOCK CourseVectorStore] Initialized with mock data
[90mstdout[2m | src/components/Workbook/WorkbookProgress.stories.tsx[2m > [22m[2mDisabled
[22m[39m[FilesContext] Vector store population triggered {
  "currentVectorStoreSize": 3,
  "documentsCount": 0,
  "filesCount": 6,
  "isInitialLoad": true,
}
[90mstdout[2m | src/components/Workbook/WorkbookProgress.stories.tsx[2m > [22m[2mDisabled
[22m[39m[FilesContext] Vector store population complete - 3 total embeddings
[90mstdout[2m | src/components/Workbook/WorkbookProgress.stories.tsx[2m > [22m[2mDisabled
[22m[39m[ChatContext] Chat exists and not archived, skipping creation
[90mstdout[2m | src/components/Workbook/WorkbookProgress.stories.tsx[2m > [22m[2mDisabled
[22m[39m[Mock Storage] downloadData called with: undefined
 [32m✓[39m [30m[45m storybook (chromium) [49m[39m src/components/Workbook/WorkbookProgress.stories.tsx [2m([22m[2m6 tests[22m[2m)[22m[33m 1011[2mms[22m[39m
[90mstdout[2m | unknown test
[22m[39m[MOCK vectorStoreDB.js] Module loaded - mock IndexedDB operations
[90mstdout[2m | unknown test
[22m[39m[Task Completion] DOM action listeners initialized
[90mstdout[2m | unknown test
[22m[39m[Task Completion] Auto-completion detector initialized
[90mstdout[2m | unknown test
[22m[39m[Preview] Task completion detector initialized
[90mstdout[2m | src/components/Editor3/plugins/BlockSuggestionPlugin.stories.jsx[2m > [22m[2mEmpty Editor
[22m[39m[Preview] Skipped initializing default mock data (initializeMockData=false)
[90mstdout[2m | src/components/Editor3/plugins/BlockSuggestionPlugin.stories.jsx[2m > [22m[2mEmpty Editor
[22m[39m[Mock Data] seedMockUnit: Adding unit block-suggestion-story-unit
[90mstdout[2m | src/components/Editor3/plugins/BlockSuggestionPlugin.stories.jsx[2m > [22m[2mEmpty Editor
[22m[39m[MOCK CourseVectorStore] Initialized with mock data
[90mstdout[2m | src/components/Editor3/plugins/BlockSuggestionPlugin.stories.jsx[2m > [22m[2mEmpty Editor
[22m[39m[TranslationModeController] Setting mode to: off
[90mstdout[2m | src/components/Editor3/plugins/BlockSuggestionPlugin.stories.jsx[2m > [22m[2mEmpty Editor
[22m[39m[UnitContext] useEffect triggered {
  "authLoading": false,
  "hasUser": true,
  "id": "block-suggestion-story-unit",
  "userSub": "mock-user-sub",
}
[90mstdout[2m | src/components/Editor3/plugins/BlockSuggestionPlugin.stories.jsx[2m > [22m[2mEmpty Editor
[22m[39m[UnitContext] Fetching unit data for id: block-suggestion-story-unit
[90mstdout[2m | src/components/Editor3/plugins/BlockSuggestionPlugin.stories.jsx[2m > [22m[2mEmpty Editor
[22m[39m[FilesContext] Initializing vector store from IndexedDB
[90mstdout[2m | src/components/Editor3/plugins/BlockSuggestionPlugin.stories.jsx[2m > [22m[2mEmpty Editor
[22m[39m[FilesContext] fetchFiles called
[90mstdout[2m | src/components/Editor3/plugins/BlockSuggestionPlugin.stories.jsx[2m > [22m[2mEmpty Editor
[22m[39m[FilesContext] User authenticated: mock-user-sub
[90mstdout[2m | src/components/Editor3/plugins/BlockSuggestionPlugin.stories.jsx[2m > [22m[2mEmpty Editor
[22m[39m[FilesContext] Identity ID: us-east-1:mock-identity-123
[90mstdout[2m | src/components/Editor3/plugins/BlockSuggestionPlugin.stories.jsx[2m > [22m[2mEmpty Editor
[22m[39m[FilesContext] About to set up File observeQuery
[90mstdout[2m | src/components/Editor3/plugins/BlockSuggestionPlugin.stories.jsx[2m > [22m[2mEmpty Editor
[22m[39m[ChatContext] Setting up AssistantChat observeQuery
[90mstdout[2m | src/components/Editor3/plugins/BlockSuggestionPlugin.stories.jsx[2m > [22m[2mEmpty Editor
[22m[39m[ChatContext] Waiting for subscription to initialize
[90mstdout[2m | src/components/Editor3/plugins/BlockSuggestionPlugin.stories.jsx[2m > [22m[2mEmpty Editor
[22m[39m[SettingsContext] Setting up Settings subscription for user: mock-user-sub
[90mstdout[2m | src/components/Editor3/plugins/BlockSuggestionPlugin.stories.jsx[2m > [22m[2mEmpty Editor
[22m[39m[Mock Data] Settings created: mock-settings-1790418219179 - notified 0 subscribers
[90mstdout[2m | src/components/Editor3/plugins/BlockSuggestionPlugin.stories.jsx[2m > [22m[2mEmpty Editor
[22m[39m[Mock Data] Unit.onUpdate() subscription added. Total: 1
[90mstdout[2m | src/components/Editor3/plugins/BlockSuggestionPlugin.stories.jsx[2m > [22m[2mEmpty Editor
[22m[39m[SectionContext] Section observeQuery update: 0
[90mstdout[2m | src/components/Editor3/plugins/BlockSuggestionPlugin.stories.jsx[2m > [22m[2mEmpty Editor
[22m[39m[FilesContext] File observeQuery update: 0 files
[90mstdout[2m | src/components/Editor3/plugins/BlockSuggestionPlugin.stories.jsx[2m > [22m[2mEmpty Editor
[22m[39m[ChatContext] AssistantChat initialized with 0 chats
[90mstdout[2m | src/components/Editor3/plugins/BlockSuggestionPlugin.stories.jsx[2m > [22m[2mEmpty Editor
[22m[39m[MOCK CourseVectorStore] Initialized with mock data
[90mstdout[2m | src/components/Editor3/plugins/BlockSuggestionPlugin.stories.jsx[2m > [22m[2mEmpty Editor
[22m[39m[ChatContext] No current chat available, will create one
[90mstdout[2m | src/components/Editor3/plugins/BlockSuggestionPlugin.stories.jsx[2m > [22m[2mEmpty Editor
[22m[39m[ChatContext] Creating AssistantChat with user: undefined
[90mstdout[2m | src/components/Editor3/plugins/BlockSuggestionPlugin.stories.jsx[2m > [22m[2mEmpty Editor
[22m[39m[Mock Data] AssistantChat created: mock-assistantchat-1790418219189 - notified 1 subscribers
[90mstdout[2m | src/components/Editor3/plugins/BlockSuggestionPlugin.stories.jsx[2m > [22m[2mEmpty Editor
[22m[39m[ChatContext] Create result: {
  "data": {
    "_version": 1,
    "archived": false,
    "chatFiles": [Function anonymous],
    "createdAt": "2026-09-26T10:23:39.189Z",
    "id": "mock-assistantchat-1790418219189",
    "model": "gpt-4",
    "updatedAt": "2026-09-26T10:23:39.189Z",
  },
  "errors": [],
  "hasData": true,
  "hasErrors": true,
}
[90mstdout[2m | src/components/Editor3/plugins/BlockSuggestionPlugin.stories.jsx[2m > [22m[2mEmpty Editor
[22m[39m[ChatContext] Created AssistantChat: mock-assistantchat-1790418219189 at: 2026-09-26T10:23:39.189Z
[90mstdout[2m | src/components/Editor3/plugins/BlockSuggestionPlugin.stories.jsx[2m > [22m[2mEmpty Editor
[22m[39m[Mock Storage] downloadData called with: undefined
[90mstdout[2m | src/components/Editor3/plugins/BlockSuggestionPlugin.stories.jsx[2m > [22m[2mEmpty Editor
[22m[39m[ChatContext] Setting initial chat: mock-assistantchat-1790418219189
[90mstdout[2m | src/components/Editor3/plugins/BlockSuggestionPlugin.stories.jsx[2m > [22m[2mEmpty Editor
[22m[39m[ChatContext] Chat exists and not archived, skipping creation
[90mstdout[2m | src/components/Editor3/plugins/BlockSuggestionPlugin.stories.jsx[2m > [22m[2mAfter Heading
[22m[39m[ChatContext] Cleaning up subscriptions
[90mstdout[2m | src/components/Editor3/plugins/BlockSuggestionPlugin.stories.jsx[2m > [22m[2mAfter Heading
[22m[39m[Mock Data] Unit.onUpdate() subscription removed. Remaining: 0
[90mstdout[2m | src/components/Editor3/plugins/BlockSuggestionPlugin.stories.jsx[2m > [22m[2mAfter Heading
[22m[39m[Preview] Skipped initializing default mock data (initializeMockData=false)
[90mstdout[2m | src/components/Editor3/plugins/BlockSuggestionPlugin.stories.jsx[2m > [22m[2mAfter Heading
[22m[39m[Mock Data] seedMockUnit: Adding unit block-suggestion-story-unit
[90mstdout[2m | src/components/Editor3/plugins/BlockSuggestionPlugin.stories.jsx[2m > [22m[2mAfter Heading
[22m[39m[MOCK CourseVectorStore] Initialized with mock data
[90mstdout[2m | src/components/Editor3/plugins/BlockSuggestionPlugin.stories.jsx[2m > [22m[2mAfter Heading
[22m[39m[TranslationModeController] Setting mode to: off
[90mstdout[2m | src/components/Editor3/plugins/BlockSuggestionPlugin.stories.jsx[2m > [22m[2mAfter Heading
[22m[39m[UnitContext] useEffect triggered {
  "authLoading": false,
  "hasUser": true,
  "id": "block-suggestion-story-unit",
  "userSub": "mock-user-sub",
}
[90mstdout[2m | src/components/Editor3/plugins/BlockSuggestionPlugin.stories.jsx[2m > [22m[2mAfter Heading
[22m[39m[UnitContext] Fetching unit data for id: block-suggestion-story-unit
[90mstdout[2m | src/components/Editor3/plugins/BlockSuggestionPlugin.stories.jsx[2m > [22m[2mAfter Heading
[22m[39m[FilesContext] Initializing vector store from IndexedDB
[90mstdout[2m | src/components/Editor3/plugins/BlockSuggestionPlugin.stories.jsx[2m > [22m[2mAfter Heading
[22m[39m[FilesContext] fetchFiles called
[90mstdout[2m | src/components/Editor3/plugins/BlockSuggestionPlugin.stories.jsx[2m > [22m[2mAfter Heading
[22m[39m[FilesContext] User authenticated: mock-user-sub
[90mstdout[2m | src/components/Editor3/plugins/BlockSuggestionPlugin.stories.jsx[2m > [22m[2mAfter Heading
[22m[39m[FilesContext] Identity ID: us-east-1:mock-identity-123
[90mstdout[2m | src/components/Editor3/plugins/BlockSuggestionPlugin.stories.jsx[2m > [22m[2mAfter Heading
[22m[39m[FilesContext] About to set up File observeQuery
[90mstdout[2m | src/components/Editor3/plugins/BlockSuggestionPlugin.stories.jsx[2m > [22m[2mAfter Heading
[22m[39m[ChatContext] Setting up AssistantChat observeQuery
[90mstdout[2m | src/components/Editor3/plugins/BlockSuggestionPlugin.stories.jsx[2m > [22m[2mAfter Heading
[22m[39m[ChatContext] Waiting for subscription to initialize
[90mstdout[2m | src/components/Editor3/plugins/BlockSuggestionPlugin.stories.jsx[2m > [22m[2mAfter Heading
[22m[39m[SettingsContext] Setting up Settings subscription for user: mock-user-sub
[90mstdout[2m | src/components/Editor3/plugins/BlockSuggestionPlugin.stories.jsx[2m > [22m[2mAfter Heading
[22m[39m[Mock Data] Settings created: mock-settings-1790418219404 - notified 0 subscribers
[90mstdout[2m | src/components/Editor3/plugins/BlockSuggestionPlugin.stories.jsx[2m > [22m[2mAfter Heading
[22m[39m[Mock Data] Unit.onUpdate() subscription added. Total: 1
[90mstdout[2m | src/components/Editor3/plugins/BlockSuggestionPlugin.stories.jsx[2m > [22m[2mAfter Heading
[22m[39m[SectionContext] Section observeQuery update: 0
[90mstdout[2m | src/components/Editor3/plugins/BlockSuggestionPlugin.stories.jsx[2m > [22m[2mAfter Heading
[22m[39m[FilesContext] File observeQuery update: 0 files
[90mstdout[2m | src/components/Editor3/plugins/BlockSuggestionPlugin.stories.jsx[2m > [22m[2mAfter Heading
[22m[39m[ChatContext] AssistantChat initialized with 0 chats
[90mstdout[2m | src/components/Editor3/plugins/BlockSuggestionPlugin.stories.jsx[2m > [22m[2mAfter Heading
[22m[39m[Mock Storage] downloadData called with: undefined
[90mstdout[2m | src/components/Editor3/plugins/BlockSuggestionPlugin.stories.jsx[2m > [22m[2mAfter Heading
[22m[39m[MOCK CourseVectorStore] Initialized with mock data
[90mstdout[2m | src/components/Editor3/plugins/BlockSuggestionPlugin.stories.jsx[2m > [22m[2mAfter Heading
[22m[39m[ChatContext] No current chat available, will create one
[90mstdout[2m | src/components/Editor3/plugins/BlockSuggestionPlugin.stories.jsx[2m > [22m[2mAfter Heading
[22m[39m[ChatContext] Creating AssistantChat with user: undefined
[90mstdout[2m | src/components/Editor3/plugins/BlockSuggestionPlugin.stories.jsx[2m > [22m[2mAfter Heading
[22m[39m[Mock Data] AssistantChat created: mock-assistantchat-1790418219418 - notified 1 subscribers
[90mstdout[2m | src/components/Editor3/plugins/BlockSuggestionPlugin.stories.jsx[2m > [22m[2mAfter Heading
[22m[39m[ChatContext] Create result: {
  "data": {
    "_version": 1,
    "archived": false,
    "chatFiles": [Function anonymous],
    "createdAt": "2026-09-26T10:23:39.418Z",
    "id": "mock-assistantchat-1790418219418",
    "model": "gpt-4",
    "updatedAt": "2026-09-26T10:23:39.418Z",
  },
  "errors": [],
  "hasData": true,
  "hasErrors": true,
}
[90mstdout[2m | src/components/Editor3/plugins/BlockSuggestionPlugin.stories.jsx[2m > [22m[2mAfter Heading
[22m[39m[ChatContext] Created AssistantChat: mock-assistantchat-1790418219418 at: 2026-09-26T10:23:39.418Z
[90mstdout[2m | src/components/Editor3/plugins/BlockSuggestionPlugin.stories.jsx[2m > [22m[2mAfter Heading
[22m[39m[ChatContext] Setting initial chat: mock-assistantchat-1790418219418
[90mstdout[2m | src/components/Editor3/plugins/BlockSuggestionPlugin.stories.jsx[2m > [22m[2mAfter Heading
[22m[39m[ChatContext] Chat exists and not archived, skipping creation
[90mstdout[2m | src/components/Editor3/plugins/BlockSuggestionPlugin.stories.jsx[2m > [22m[2mAfter Explanation
[22m[39m[ChatContext] Cleaning up subscriptions
[90mstdout[2m | src/components/Editor3/plugins/BlockSuggestionPlugin.stories.jsx[2m > [22m[2mAfter Explanation
[22m[39m[Mock Data] Unit.onUpdate() subscription removed. Remaining: 0
[90mstdout[2m | src/components/Editor3/plugins/BlockSuggestionPlugin.stories.jsx[2m > [22m[2mAfter Explanation
[22m[39m[Preview] Skipped initializing default mock data (initializeMockData=false)
[90mstdout[2m | src/components/Editor3/plugins/BlockSuggestionPlugin.stories.jsx[2m > [22m[2mAfter Explanation
[22m[39m[Mock Data] seedMockUnit: Adding unit block-suggestion-story-unit
[90mstdout[2m | src/components/Editor3/plugins/BlockSuggestionPlugin.stories.jsx[2m > [22m[2mAfter Explanation
[22m[39m[MOCK CourseVectorStore] Initialized with mock data
[90mstdout[2m | src/components/Editor3/plugins/BlockSuggestionPlugin.stories.jsx[2m > [22m[2mAfter Explanation
[22m[39m[TranslationModeController] Setting mode to: off
[90mstdout[2m | src/components/Editor3/plugins/BlockSuggestionPlugin.stories.jsx[2m > [22m[2mAfter Explanation
[22m[39m[UnitContext] useEffect triggered {
  "authLoading": false,
  "hasUser": true,
  "id": "block-suggestion-story-unit",
  "userSub": "mock-user-sub",
}
[90mstdout[2m | src/components/Editor3/plugins/BlockSuggestionPlugin.stories.jsx[2m > [22m[2mAfter Explanation
[22m[39m[UnitContext] Fetching unit data for id: block-suggestion-story-unit
[90mstdout[2m | src/components/Editor3/plugins/BlockSuggestionPlugin.stories.jsx[2m > [22m[2mAfter Explanation
[22m[39m[FilesContext] Initializing vector store from IndexedDB
[90mstdout[2m | src/components/Editor3/plugins/BlockSuggestionPlugin.stories.jsx[2m > [22m[2mAfter Explanation
[22m[39m[FilesContext] fetchFiles called
[90mstdout[2m | src/components/Editor3/plugins/BlockSuggestionPlugin.stories.jsx[2m > [22m[2mAfter Explanation
[22m[39m[FilesContext] User authenticated: mock-user-sub
[90mstdout[2m | src/components/Editor3/plugins/BlockSuggestionPlugin.stories.jsx[2m > [22m[2mAfter Explanation
[22m[39m[FilesContext] Identity ID: us-east-1:mock-identity-123
[90mstdout[2m | src/components/Editor3/plugins/BlockSuggestionPlugin.stories.jsx[2m > [22m[2mAfter Explanation
[22m[39m[FilesContext] About to set up File observeQuery
[90mstdout[2m | src/components/Editor3/plugins/BlockSuggestionPlugin.stories.jsx[2m > [22m[2mAfter Explanation
[22m[39m[ChatContext] Setting up AssistantChat observeQuery
[90mstdout[2m | src/components/Editor3/plugins/BlockSuggestionPlugin.stories.jsx[2m > [22m[2mAfter Explanation
[22m[39m[ChatContext] Waiting for subscription to initialize
[90mstdout[2m | src/components/Editor3/plugins/BlockSuggestionPlugin.stories.jsx[2m > [22m[2mAfter Explanation
[22m[39m[SettingsContext] Setting up Settings subscription for user: mock-user-sub
[90mstdout[2m | src/components/Editor3/plugins/BlockSuggestionPlugin.stories.jsx[2m > [22m[2mAfter Explanation
[22m[39m[Mock Data] Settings created: mock-settings-1790418219556 - notified 0 subscribers
[90mstdout[2m | src/components/Editor3/plugins/BlockSuggestionPlugin.stories.jsx[2m > [22m[2mAfter Explanation
[22m[39m[Mock Data] Unit.onUpdate() subscription added. Total: 1
[90mstdout[2m | src/components/Editor3/plugins/BlockSuggestionPlugin.stories.jsx[2m > [22m[2mAfter Explanation
[22m[39m[SectionContext] Section observeQuery update: 0
[90mstdout[2m | src/components/Editor3/plugins/BlockSuggestionPlugin.stories.jsx[2m > [22m[2mAfter Explanation
[22m[39m[FilesContext] File observeQuery update: 0 files
[90mstdout[2m | src/components/Editor3/plugins/BlockSuggestionPlugin.stories.jsx[2m > [22m[2mAfter Explanation
[22m[39m[MOCK CourseVectorStore] Initialized with mock data
[90mstdout[2m | src/components/Editor3/plugins/BlockSuggestionPlugin.stories.jsx[2m > [22m[2mAfter Explanation
[22m[39m[ChatContext] AssistantChat initialized with 0 chats
[90mstdout[2m | src/components/Editor3/plugins/BlockSuggestionPlugin.stories.jsx[2m > [22m[2mAfter Explanation
[22m[39m[Mock Storage] downloadData called with: undefined
[90mstdout[2m | src/components/Editor3/plugins/BlockSuggestionPlugin.stories.jsx[2m > [22m[2mAfter Explanation
[22m[39m[ChatContext] No current chat available, will create one
[90mstdout[2m | src/components/Editor3/plugins/BlockSuggestionPlugin.stories.jsx[2m > [22m[2mAfter Explanation
[22m[39m[ChatContext] Creating AssistantChat with user: undefined
[90mstdout[2m | src/components/Editor3/plugins/BlockSuggestionPlugin.stories.jsx[2m > [22m[2mAfter Explanation
[22m[39m[Mock Data] AssistantChat created: mock-assistantchat-1790418219572 - notified 1 subscribers
[90mstdout[2m | src/components/Editor3/plugins/BlockSuggestionPlugin.stories.jsx[2m > [22m[2mAfter Explanation
[22m[39m[ChatContext] Create result: {
  "data": {
    "_version": 1,
    "archived": false,
    "chatFiles": [Function anonymous],
    "createdAt": "2026-09-26T10:23:39.572Z",
    "id": "mock-assistantchat-1790418219572",
    "model": "gpt-4",
    "updatedAt": "2026-09-26T10:23:39.572Z",
  },
  "errors": [],
  "hasData": true,
  "hasErrors": true,
}
[90mstdout[2m | src/components/Editor3/plugins/BlockSuggestionPlugin.stories.jsx[2m > [22m[2mAfter Explanation
[22m[39m[ChatContext] Created AssistantChat: mock-assistantchat-1790418219572 at: 2026-09-26T10:23:39.572Z
[90mstdout[2m | src/components/Editor3/plugins/BlockSuggestionPlugin.stories.jsx[2m > [22m[2mAfter Explanation
[22m[39m[ChatContext] Setting initial chat: mock-assistantchat-1790418219572
[90mstdout[2m | src/components/Editor3/plugins/BlockSuggestionPlugin.stories.jsx[2m > [22m[2mAfter Explanation
[22m[39m[ChatContext] Chat exists and not archived, skipping creation
[90mstdout[2m | src/components/Editor3/plugins/BlockSuggestionPlugin.stories.jsx[2m > [22m[2mAfter Quiz
[22m[39m[ChatContext] Cleaning up subscriptions
[90mstdout[2m | src/components/Editor3/plugins/BlockSuggestionPlugin.stories.jsx[2m > [22m[2mAfter Quiz
[22m[39m[Mock Data] Unit.onUpdate() subscription removed. Remaining: 0
[90mstdout[2m | src/components/Editor3/plugins/BlockSuggestionPlugin.stories.jsx[2m > [22m[2mAfter Quiz
[22m[39m[Preview] Skipped initializing default mock data (initializeMockData=false)
[90mstdout[2m | src/components/Editor3/plugins/BlockSuggestionPlugin.stories.jsx[2m > [22m[2mAfter Quiz
[22m[39m[Mock Data] seedMockUnit: Adding unit block-suggestion-story-unit
[90mstdout[2m | src/components/Editor3/plugins/BlockSuggestionPlugin.stories.jsx[2m > [22m[2mAfter Quiz
[22m[39m[MOCK CourseVectorStore] Initialized with mock data
[90mstdout[2m | src/components/Editor3/plugins/BlockSuggestionPlugin.stories.jsx[2m > [22m[2mAfter Quiz
[22m[39m[TranslationModeController] Setting mode to: off
[90mstdout[2m | src/components/Editor3/plugins/BlockSuggestionPlugin.stories.jsx[2m > [22m[2mAfter Quiz
[22m[39m[UnitContext] useEffect triggered {
  "authLoading": false,
  "hasUser": true,
  "id": "block-suggestion-story-unit",
  "userSub": "mock-user-sub",
}
[90mstdout[2m | src/components/Editor3/plugins/BlockSuggestionPlugin.stories.jsx[2m > [22m[2mAfter Quiz
[22m[39m[UnitContext] Fetching unit data for id: block-suggestion-story-unit
[90mstdout[2m | src/components/Editor3/plugins/BlockSuggestionPlugin.stories.jsx[2m > [22m[2mAfter Quiz
[22m[39m[FilesContext] Initializing vector store from IndexedDB
[90mstdout[2m | src/components/Editor3/plugins/BlockSuggestionPlugin.stories.jsx[2m > [22m[2mAfter Quiz
[22m[39m[FilesContext] fetchFiles called
[90mstdout[2m | src/components/Editor3/plugins/BlockSuggestionPlugin.stories.jsx[2m > [22m[2mAfter Quiz
[22m[39m[FilesContext] User authenticated: mock-user-sub
[90mstdout[2m | src/components/Editor3/plugins/BlockSuggestionPlugin.stories.jsx[2m > [22m[2mAfter Quiz
[22m[39m[FilesContext] Identity ID: us-east-1:mock-identity-123
[90mstdout[2m | src/components/Editor3/plugins/BlockSuggestionPlugin.stories.jsx[2m > [22m[2mAfter Quiz
[22m[39m[FilesContext] About to set up File observeQuery
[90mstdout[2m | src/components/Editor3/plugins/BlockSuggestionPlugin.stories.jsx[2m > [22m[2mAfter Quiz
[22m[39m[ChatContext] Setting up AssistantChat observeQuery
[90mstdout[2m | src/components/Editor3/plugins/BlockSuggestionPlugin.stories.jsx[2m > [22m[2mAfter Quiz
[22m[39m[ChatContext] Waiting for subscription to initialize
[90mstdout[2m | src/components/Editor3/plugins/BlockSuggestionPlugin.stories.jsx[2m > [22m[2mAfter Quiz
[22m[39m[SettingsContext] Setting up Settings subscription for user: mock-user-sub
[90mstdout[2m | src/components/Editor3/plugins/BlockSuggestionPlugin.stories.jsx[2m > [22m[2mAfter Quiz
[22m[39m[Mock Data] Settings created: mock-settings-1790418219759 - notified 0 subscribers
[90mstdout[2m | src/components/Editor3/plugins/BlockSuggestionPlugin.stories.jsx[2m > [22m[2mAfter Quiz
[22m[39m[Mock Data] Unit.onUpdate() subscription added. Total: 1
[90mstdout[2m | src/components/Editor3/plugins/BlockSuggestionPlugin.stories.jsx[2m > [22m[2mAfter Quiz
[22m[39m[SectionContext] Section observeQuery update: 0
[90mstdout[2m | src/components/Editor3/plugins/BlockSuggestionPlugin.stories.jsx[2m > [22m[2mAfter Quiz
[22m[39m[FilesContext] File observeQuery update: 0 files
[90mstdout[2m | src/components/Editor3/plugins/BlockSuggestionPlugin.stories.jsx[2m > [22m[2mAfter Quiz
[22m[39m[ChatContext] AssistantChat initialized with 0 chats
[90mstdout[2m | src/components/Editor3/plugins/BlockSuggestionPlugin.stories.jsx[2m > [22m[2mAfter Quiz
[22m[39m[MOCK CourseVectorStore] Initialized with mock data
[90mstdout[2m | src/components/Editor3/plugins/BlockSuggestionPlugin.stories.jsx[2m > [22m[2mAfter Quiz
[22m[39m[ChatContext] No current chat available, will create one
[90mstdout[2m | src/components/Editor3/plugins/BlockSuggestionPlugin.stories.jsx[2m > [22m[2mAfter Quiz
[22m[39m[ChatContext] Creating AssistantChat with user: undefined
[90mstdout[2m | src/components/Editor3/plugins/BlockSuggestionPlugin.stories.jsx[2m > [22m[2mAfter Quiz
[22m[39m[Mock Data] AssistantChat created: mock-assistantchat-1790418219818 - notified 1 subscribers
[90mstdout[2m | src/components/Editor3/plugins/BlockSuggestionPlugin.stories.jsx[2m > [22m[2mAfter Quiz
[22m[39m[ChatContext] Create result: {
  "data": {
    "_version": 1,
    "archived": false,
    "chatFiles": [Function anonymous],
    "createdAt": "2026-09-26T10:23:39.818Z",
    "id": "mock-assistantchat-1790418219818",
    "model": "gpt-4",
    "updatedAt": "2026-09-26T10:23:39.818Z",
  },
  "errors": [],
  "hasData": true,
  "hasErrors": true,
}
[90mstdout[2m | src/components/Editor3/plugins/BlockSuggestionPlugin.stories.jsx[2m > [22m[2mAfter Quiz
[22m[39m[ChatContext] Created AssistantChat: mock-assistantchat-1790418219818 at: 2026-09-26T10:23:39.818Z
[90mstdout[2m | src/components/Editor3/plugins/BlockSuggestionPlugin.stories.jsx[2m > [22m[2mAfter Quiz
[22m[39m[Mock Storage] downloadData called with: undefined
[90mstdout[2m | src/components/Editor3/plugins/BlockSuggestionPlugin.stories.jsx[2m > [22m[2mAfter Quiz
[22m[39m[ChatContext] Setting initial chat: mock-assistantchat-1790418219818
[90mstdout[2m | src/components/Editor3/plugins/BlockSuggestionPlugin.stories.jsx[2m > [22m[2mAfter Quiz
[22m[39m[ChatContext] Chat exists and not archived, skipping creation
 [32m✓[39m [30m[45m storybook (chromium) [49m[39m src/components/Editor3/plugins/BlockSuggestionPlugin.stories.jsx [2m([22m[2m4 tests[22m[2m)[22m[33m 828[2mms[22m[39m
[90mstdout[2m | unknown test
[22m[39m[MOCK vectorStoreDB.js] Module loaded - mock IndexedDB operations
[90mstdout[2m | src/components/Gamification/AvatarGlowRing.stories.tsx[2m > [22m[2mDefault
[22m[39m[TranslationModeController] Setting mode to: off
[90mstdout[2m | src/components/Gamification/AvatarGlowRing.stories.tsx[2m > [22m[2mColor Presets
[22m[39m[TranslationModeController] Setting mode to: off
[90mstdout[2m | src/components/Gamification/AvatarGlowRing.stories.tsx[2m > [22m[2mFast Rotation
[22m[39m[TranslationModeController] Setting mode to: off
[90mstdout[2m | src/components/Gamification/AvatarGlowRing.stories.tsx[2m > [22m[2mThick Ring
[22m[39m[TranslationModeController] Setting mode to: off
[90mstdout[2m | src/components/Gamification/AvatarGlowRing.stories.tsx[2m > [22m[2mExpired (No Ring)
[22m[39m[TranslationModeController] Setting mode to: off
[90mstdout[2m | src/components/Gamification/AvatarGlowRing.stories.tsx[2m > [22m[2mInactive
[22m[39m[TranslationModeController] Setting mode to: off
[90mstdout[2m | src/components/Gamification/AvatarGlowRing.stories.tsx[2m > [22m[2mSmall (Toolbar Size)
[22m[39m[TranslationModeController] Setting mode to: off
[90mstdout[2m | src/components/Gamification/AvatarGlowRing.stories.tsx[2m > [22m[2mVia DiceBearAvatar glowRing prop
[22m[39m[TranslationModeController] Setting mode to: off
 [32m✓[39m [30m[45m storybook (chromium) [49m[39m src/components/Gamification/AvatarGlowRing.stories.tsx [2m([22m[2m8 tests[22m[2m)[22m[33m 765[2mms[22m[39m
[90mstdout[2m | unknown test
[22m[39m[MOCK vectorStoreDB.js] Module loaded - mock IndexedDB operations
[90mstdout[2m | unknown test
[22m[39m[Task Completion] DOM action listeners initialized
[90mstdout[2m | unknown test
[22m[39m[Task Completion] Auto-completion detector initialized
[90mstdout[2m | unknown test
[22m[39m[Preview] Task completion detector initialized
[90mstdout[2m | src/components/RecordingStudio3/RecordingSettings.stories.tsx[2m > [22m[2mDefault
[22m[39m[TranslationModeController] Setting mode to: off
[90mstdout[2m | src/components/RecordingStudio3/RecordingSettings.stories.tsx[2m > [22m[2mOff
[22m[39m[TranslationModeController] Setting mode to: off
[90mstdout[2m | src/components/RecordingStudio3/RecordingSettings.stories.tsx[2m > [22m[2mLight
[22m[39m[TranslationModeController] Setting mode to: off
[90mstdout[2m | src/components/RecordingStudio3/RecordingSettings.stories.tsx[2m > [22m[2mAggressive
[22m[39m[TranslationModeController] Setting mode to: off
 [32m✓[39m [30m[45m storybook (chromium) [49m[39m src/components/RecordingStudio3/RecordingSettings.stories.tsx [2m([22m[2m4 tests[22m[2m)[22m[33m 383[2mms[22m[39m
[90mstdout[2m | unknown test
[22m[39m[MOCK vectorStoreDB.js] Module loaded - mock IndexedDB operations
[90mstdout[2m | unknown test
[22m[39m[Task Completion] DOM action listeners initialized
[90mstdout[2m | unknown test
[22m[39m[Task Completion] Auto-completion detector initialized
[90mstdout[2m | unknown test
[22m[39m[Preview] Task completion detector initialized
[90mstdout[2m | src/components/PracticeDrill/CollaborativePresenceBar.stories.tsx[2m > [22m[2mConnected
[22m[39m[MOCK CourseVectorStore] Initialized with mock data
[90mstdout[2m | src/components/PracticeDrill/CollaborativePresenceBar.stories.tsx[2m > [22m[2mConnected
[22m[39m[TranslationModeController] Setting mode to: off
[90mstdout[2m | src/components/PracticeDrill/CollaborativePresenceBar.stories.tsx[2m > [22m[2mConnected
[22m[39m[UnitContext] useEffect triggered {
  "authLoading": false,
  "hasUser": true,
  "id": "mock-unit-id",
  "userSub": "mock-user-sub",
}
[90mstdout[2m | src/components/PracticeDrill/CollaborativePresenceBar.stories.tsx[2m > [22m[2mConnected
[22m[39m[UnitContext] Fetching unit data for id: mock-unit-id
[90mstdout[2m | src/components/PracticeDrill/CollaborativePresenceBar.stories.tsx[2m > [22m[2mConnected
[22m[39m[FilesContext] Initializing vector store from IndexedDB
[90mstdout[2m | src/components/PracticeDrill/CollaborativePresenceBar.stories.tsx[2m > [22m[2mConnected
[22m[39m[FilesContext] fetchFiles called
[90mstdout[2m | src/components/PracticeDrill/CollaborativePresenceBar.stories.tsx[2m > [22m[2mConnected
[22m[39m[FilesContext] User authenticated: mock-user-sub
[90mstdout[2m | src/components/PracticeDrill/CollaborativePresenceBar.stories.tsx[2m > [22m[2mConnected
[22m[39m[FilesContext] Identity ID: us-east-1:mock-identity-123
[90mstdout[2m | src/components/PracticeDrill/CollaborativePresenceBar.stories.tsx[2m > [22m[2mConnected
[22m[39m[FilesContext] About to set up File observeQuery
[90mstdout[2m | src/components/PracticeDrill/CollaborativePresenceBar.stories.tsx[2m > [22m[2mConnected
[22m[39m[ChatContext] Setting up AssistantChat observeQuery
[90mstdout[2m | src/components/PracticeDrill/CollaborativePresenceBar.stories.tsx[2m > [22m[2mConnected
[22m[39m[ChatContext] Waiting for subscription to initialize
[90mstdout[2m | src/components/PracticeDrill/CollaborativePresenceBar.stories.tsx[2m > [22m[2mConnected
[22m[39m[SettingsContext] Setting up Settings subscription for user: mock-user-sub
[90mstdout[2m | src/components/PracticeDrill/CollaborativePresenceBar.stories.tsx[2m > [22m[2mConnected
[22m[39m[Mock Data] Settings created: mock-settings-1790418223402 - notified 0 subscribers
[90mstdout[2m | src/components/PracticeDrill/CollaborativePresenceBar.stories.tsx[2m > [22m[2mConnected
[22m[39m[Mock Data] Unit.onUpdate() subscription added. Total: 1
[90mstdout[2m | src/components/PracticeDrill/CollaborativePresenceBar.stories.tsx[2m > [22m[2mConnected
[22m[39m[SectionContext] Section observeQuery update: 0
[90mstdout[2m | src/components/PracticeDrill/CollaborativePresenceBar.stories.tsx[2m > [22m[2mConnected
[22m[39m[FilesContext] File observeQuery update: 6 files
[90mstdout[2m | src/components/PracticeDrill/CollaborativePresenceBar.stories.tsx[2m > [22m[2mConnected
[22m[39m[ChatContext] AssistantChat initialized with 1 chats
[90mstdout[2m | src/components/PracticeDrill/CollaborativePresenceBar.stories.tsx[2m > [22m[2mConnected
[22m[39m[ChatContext] Setting initial chat: mock-assistant-chat-1
[90mstdout[2m | src/components/PracticeDrill/CollaborativePresenceBar.stories.tsx[2m > [22m[2mConnected
[22m[39m[MOCK CourseVectorStore] Initialized with mock data
[90mstdout[2m | src/components/PracticeDrill/CollaborativePresenceBar.stories.tsx[2m > [22m[2mConnected
[22m[39m[FilesContext] Vector store population triggered {
  "currentVectorStoreSize": 3,
  "documentsCount": 0,
  "filesCount": 6,
  "isInitialLoad": true,
}
[90mstdout[2m | src/components/PracticeDrill/CollaborativePresenceBar.stories.tsx[2m > [22m[2mConnected
[22m[39m[FilesContext] Vector store population complete - 3 total embeddings
[90mstdout[2m | src/components/PracticeDrill/CollaborativePresenceBar.stories.tsx[2m > [22m[2mConnected
[22m[39m[ChatContext] Chat exists and not archived, skipping creation
[90mstdout[2m | src/components/PracticeDrill/CollaborativePresenceBar.stories.tsx[2m > [22m[2mConnected
[22m[39m[Mock Storage] downloadData called with: undefined
[90mstdout[2m | src/components/PracticeDrill/CollaborativePresenceBar.stories.tsx[2m > [22m[2mDisconnected
[22m[39m[ChatContext] Cleaning up subscriptions
[90mstdout[2m | src/components/PracticeDrill/CollaborativePresenceBar.stories.tsx[2m > [22m[2mDisconnected
[22m[39m[Mock Data] Unit.onUpdate() subscription removed. Remaining: 0
[90mstdout[2m | src/components/PracticeDrill/CollaborativePresenceBar.stories.tsx[2m > [22m[2mDisconnected
[22m[39m[MOCK CourseVectorStore] Initialized with mock data
[90mstdout[2m | src/components/PracticeDrill/CollaborativePresenceBar.stories.tsx[2m > [22m[2mDisconnected
[22m[39m[TranslationModeController] Setting mode to: off
[90mstdout[2m | src/components/PracticeDrill/CollaborativePresenceBar.stories.tsx[2m > [22m[2mDisconnected
[22m[39m[UnitContext] useEffect triggered {
  "authLoading": false,
  "hasUser": true,
  "id": "mock-unit-id",
  "userSub": "mock-user-sub",
}
[90mstdout[2m | src/components/PracticeDrill/CollaborativePresenceBar.stories.tsx[2m > [22m[2mDisconnected
[22m[39m[UnitContext] Fetching unit data for id: mock-unit-id
[90mstdout[2m | src/components/PracticeDrill/CollaborativePresenceBar.stories.tsx[2m > [22m[2mDisconnected
[22m[39m[FilesContext] Initializing vector store from IndexedDB
[90mstdout[2m | src/components/PracticeDrill/CollaborativePresenceBar.stories.tsx[2m > [22m[2mDisconnected
[22m[39m[FilesContext] fetchFiles called
[90mstdout[2m | src/components/PracticeDrill/CollaborativePresenceBar.stories.tsx[2m > [22m[2mDisconnected
[22m[39m[FilesContext] User authenticated: mock-user-sub
[90mstdout[2m | src/components/PracticeDrill/CollaborativePresenceBar.stories.tsx[2m > [22m[2mDisconnected
[22m[39m[FilesContext] Identity ID: us-east-1:mock-identity-123
[90mstdout[2m | src/components/PracticeDrill/CollaborativePresenceBar.stories.tsx[2m > [22m[2mDisconnected
[22m[39m[FilesContext] About to set up File observeQuery
[90mstdout[2m | src/components/PracticeDrill/CollaborativePresenceBar.stories.tsx[2m > [22m[2mDisconnected
[22m[39m[ChatContext] Setting up AssistantChat observeQuery
[90mstdout[2m | src/components/PracticeDrill/CollaborativePresenceBar.stories.tsx[2m > [22m[2mDisconnected
[22m[39m[ChatContext] Waiting for subscription to initialize
[90mstdout[2m | src/components/PracticeDrill/CollaborativePresenceBar.stories.tsx[2m > [22m[2mDisconnected
[22m[39m[SettingsContext] Setting up Settings subscription for user: mock-user-sub
[90mstdout[2m | src/components/PracticeDrill/CollaborativePresenceBar.stories.tsx[2m > [22m[2mDisconnected
[22m[39m[Mock Data] Settings created: mock-settings-1790418223600 - notified 0 subscribers
[90mstdout[2m | src/components/PracticeDrill/CollaborativePresenceBar.stories.tsx[2m > [22m[2mDisconnected
[22m[39m[Mock Data] Unit.onUpdate() subscription added. Total: 1
[90mstdout[2m | src/components/PracticeDrill/CollaborativePresenceBar.stories.tsx[2m > [22m[2mDisconnected
[22m[39m[SectionContext] Section observeQuery update: 0
[90mstdout[2m | src/components/PracticeDrill/CollaborativePresenceBar.stories.tsx[2m > [22m[2mDisconnected
[22m[39m[FilesContext] File observeQuery update: 6 files
[90mstdout[2m | src/components/PracticeDrill/CollaborativePresenceBar.stories.tsx[2m > [22m[2mDisconnected
[22m[39m[ChatContext] AssistantChat initialized with 1 chats
[90mstdout[2m | src/components/PracticeDrill/CollaborativePresenceBar.stories.tsx[2m > [22m[2mDisconnected
[22m[39m[ChatContext] Setting initial chat: mock-assistant-chat-1
[90mstdout[2m | src/components/PracticeDrill/CollaborativePresenceBar.stories.tsx[2m > [22m[2mDisconnected
[22m[39m[MOCK CourseVectorStore] Initialized with mock data
[90mstdout[2m | src/components/PracticeDrill/CollaborativePresenceBar.stories.tsx[2m > [22m[2mDisconnected
[22m[39m[FilesContext] Vector store population triggered {
  "currentVectorStoreSize": 3,
  "documentsCount": 0,
  "filesCount": 6,
  "isInitialLoad": true,
}
[90mstdout[2m | src/components/PracticeDrill/CollaborativePresenceBar.stories.tsx[2m > [22m[2mDisconnected
[22m[39m[FilesContext] Vector store population complete - 3 total embeddings
[90mstdout[2m | src/components/PracticeDrill/CollaborativePresenceBar.stories.tsx[2m > [22m[2mDisconnected
[22m[39m[ChatContext] Chat exists and not archived, skipping creation
[90mstdout[2m | src/components/PracticeDrill/CollaborativePresenceBar.stories.tsx[2m > [22m[2mDisconnected
[22m[39m[Mock Storage] downloadData called with: undefined
[90mstdout[2m | src/components/PracticeDrill/CollaborativePresenceBar.stories.tsx[2m > [22m[2mTwo Participants
[22m[39m[ChatContext] Cleaning up subscriptions
[90mstdout[2m | src/components/PracticeDrill/CollaborativePresenceBar.stories.tsx[2m > [22m[2mTwo Participants
[22m[39m[Mock Data] Unit.onUpdate() subscription removed. Remaining: 0
[90mstdout[2m | src/components/PracticeDrill/CollaborativePresenceBar.stories.tsx[2m > [22m[2mTwo Participants
[22m[39m[MOCK CourseVectorStore] Initialized with mock data
[90mstdout[2m | src/components/PracticeDrill/CollaborativePresenceBar.stories.tsx[2m > [22m[2mTwo Participants
[22m[39m[TranslationModeController] Setting mode to: off
[90mstdout[2m | src/components/PracticeDrill/CollaborativePresenceBar.stories.tsx[2m > [22m[2mTwo Participants
[22m[39m[UnitContext] useEffect triggered {
  "authLoading": false,
  "hasUser": true,
  "id": "mock-unit-id",
  "userSub": "mock-user-sub",
}
[90mstdout[2m | src/components/PracticeDrill/CollaborativePresenceBar.stories.tsx[2m > [22m[2mTwo Participants
[22m[39m[UnitContext] Fetching unit data for id: mock-unit-id
[90mstdout[2m | src/components/PracticeDrill/CollaborativePresenceBar.stories.tsx[2m > [22m[2mTwo Participants
[22m[39m[FilesContext] Initializing vector store from IndexedDB
[90mstdout[2m | src/components/PracticeDrill/CollaborativePresenceBar.stories.tsx[2m > [22m[2mTwo Participants
[22m[39m[FilesContext] fetchFiles called
[90mstdout[2m | src/components/PracticeDrill/CollaborativePresenceBar.stories.tsx[2m > [22m[2mTwo Participants
[22m[39m[FilesContext] User authenticated: mock-user-sub
[90mstdout[2m | src/components/PracticeDrill/CollaborativePresenceBar.stories.tsx[2m > [22m[2mTwo Participants
[22m[39m[FilesContext] Identity ID: us-east-1:mock-identity-123
[90mstdout[2m | src/components/PracticeDrill/CollaborativePresenceBar.stories.tsx[2m > [22m[2mTwo Participants
[22m[39m[FilesContext] About to set up File observeQuery
[90mstdout[2m | src/components/PracticeDrill/CollaborativePresenceBar.stories.tsx[2m > [22m[2mTwo Participants
[22m[39m[ChatContext] Setting up AssistantChat observeQuery
[90mstdout[2m | src/components/PracticeDrill/CollaborativePresenceBar.stories.tsx[2m > [22m[2mTwo Participants
[22m[39m[ChatContext] Waiting for subscription to initialize
[90mstdout[2m | src/components/PracticeDrill/CollaborativePresenceBar.stories.tsx[2m > [22m[2mTwo Participants
[22m[39m[SettingsContext] Setting up Settings subscription for user: mock-user-sub
[90mstdout[2m | src/components/PracticeDrill/CollaborativePresenceBar.stories.tsx[2m > [22m[2mTwo Participants
[22m[39m[Mock Data] Settings created: mock-settings-1790418223761 - notified 0 subscribers
[90mstdout[2m | src/components/PracticeDrill/CollaborativePresenceBar.stories.tsx[2m > [22m[2mTwo Participants
[22m[39m[Mock Data] Unit.onUpdate() subscription added. Total: 1
[90mstdout[2m | src/components/PracticeDrill/CollaborativePresenceBar.stories.tsx[2m > [22m[2mTwo Participants
[22m[39m[SectionContext] Section observeQuery update: 0
[90mstdout[2m | src/components/PracticeDrill/CollaborativePresenceBar.stories.tsx[2m > [22m[2mTwo Participants
[22m[39m[FilesContext] File observeQuery update: 6 files
[90mstdout[2m | src/components/PracticeDrill/CollaborativePresenceBar.stories.tsx[2m > [22m[2mTwo Participants
[22m[39m[ChatContext] AssistantChat initialized with 1 chats
[90mstdout[2m | src/components/PracticeDrill/CollaborativePresenceBar.stories.tsx[2m > [22m[2mTwo Participants
[22m[39m[ChatContext] Setting initial chat: mock-assistant-chat-1
[90mstdout[2m | src/components/PracticeDrill/CollaborativePresenceBar.stories.tsx[2m > [22m[2mTwo Participants
[22m[39m[MOCK CourseVectorStore] Initialized with mock data
[90mstdout[2m | src/components/PracticeDrill/CollaborativePresenceBar.stories.tsx[2m > [22m[2mTwo Participants
[22m[39m[FilesContext] Vector store population triggered {
  "currentVectorStoreSize": 3,
  "documentsCount": 0,
  "filesCount": 6,
  "isInitialLoad": true,
}
[90mstdout[2m | src/components/PracticeDrill/CollaborativePresenceBar.stories.tsx[2m > [22m[2mTwo Participants
[22m[39m[FilesContext] Vector store population complete - 3 total embeddings
[90mstdout[2m | src/components/PracticeDrill/CollaborativePresenceBar.stories.tsx[2m > [22m[2mTwo Participants
[22m[39m[ChatContext] Chat exists and not archived, skipping creation
[90mstdout[2m | src/components/PracticeDrill/CollaborativePresenceBar.stories.tsx[2m > [22m[2mTwo Participants
[22m[39m[Mock Storage] downloadData called with: undefined
[90mstdout[2m | src/components/PracticeDrill/CollaborativePresenceBar.stories.tsx[2m > [22m[2mMany Participants
[22m[39m[ChatContext] Cleaning up subscriptions
[90mstdout[2m | src/components/PracticeDrill/CollaborativePresenceBar.stories.tsx[2m > [22m[2mMany Participants
[22m[39m[Mock Data] Unit.onUpdate() subscription removed. Remaining: 0
[90mstdout[2m | src/components/PracticeDrill/CollaborativePresenceBar.stories.tsx[2m > [22m[2mMany Participants
[22m[39m[MOCK CourseVectorStore] Initialized with mock data
[90mstdout[2m | src/components/PracticeDrill/CollaborativePresenceBar.stories.tsx[2m > [22m[2mMany Participants
[22m[39m[TranslationModeController] Setting mode to: off
[90mstdout[2m | src/components/PracticeDrill/CollaborativePresenceBar.stories.tsx[2m > [22m[2mMany Participants
[22m[39m[UnitContext] useEffect triggered {
  "authLoading": false,
  "hasUser": true,
  "id": "mock-unit-id",
  "userSub": "mock-user-sub",
}
[90mstdout[2m | src/components/PracticeDrill/CollaborativePresenceBar.stories.tsx[2m > [22m[2mMany Participants
[22m[39m[UnitContext] Fetching unit data for id: mock-unit-id
[90mstdout[2m | src/components/PracticeDrill/CollaborativePresenceBar.stories.tsx[2m > [22m[2mMany Participants
[22m[39m[FilesContext] Initializing vector store from IndexedDB
[90mstdout[2m | src/components/PracticeDrill/CollaborativePresenceBar.stories.tsx[2m > [22m[2mMany Participants
[22m[39m[FilesContext] fetchFiles called
[90mstdout[2m | src/components/PracticeDrill/CollaborativePresenceBar.stories.tsx[2m > [22m[2mMany Participants
[22m[39m[FilesContext] User authenticated: mock-user-sub
[90mstdout[2m | src/components/PracticeDrill/CollaborativePresenceBar.stories.tsx[2m > [22m[2mMany Participants
[22m[39m[FilesContext] Identity ID: us-east-1:mock-identity-123
[90mstdout[2m | src/components/PracticeDrill/CollaborativePresenceBar.stories.tsx[2m > [22m[2mMany Participants
[22m[39m[FilesContext] About to set up File observeQuery
[90mstdout[2m | src/components/PracticeDrill/CollaborativePresenceBar.stories.tsx[2m > [22m[2mMany Participants
[22m[39m[ChatContext] Setting up AssistantChat observeQuery
[90mstdout[2m | src/components/PracticeDrill/CollaborativePresenceBar.stories.tsx[2m > [22m[2mMany Participants
[22m[39m[ChatContext] Waiting for subscription to initialize
[90mstdout[2m | src/components/PracticeDrill/CollaborativePresenceBar.stories.tsx[2m > [22m[2mMany Participants
[22m[39m[SettingsContext] Setting up Settings subscription for user: mock-user-sub
[90mstdout[2m | src/components/PracticeDrill/CollaborativePresenceBar.stories.tsx[2m > [22m[2mMany Participants
[22m[39m[Mock Data] Settings created: mock-settings-1790418223913 - notified 0 subscribers
[90mstdout[2m | src/components/PracticeDrill/CollaborativePresenceBar.stories.tsx[2m > [22m[2mMany Participants
[22m[39m[Mock Data] Unit.onUpdate() subscription added. Total: 1
[90mstdout[2m | src/components/PracticeDrill/CollaborativePresenceBar.stories.tsx[2m > [22m[2mMany Participants
[22m[39m[SectionContext] Section observeQuery update: 0
[90mstdout[2m | src/components/PracticeDrill/CollaborativePresenceBar.stories.tsx[2m > [22m[2mMany Participants
[22m[39m[FilesContext] File observeQuery update: 6 files
[90mstdout[2m | src/components/PracticeDrill/CollaborativePresenceBar.stories.tsx[2m > [22m[2mMany Participants
[22m[39m[ChatContext] AssistantChat initialized with 1 chats
[90mstdout[2m | src/components/PracticeDrill/CollaborativePresenceBar.stories.tsx[2m > [22m[2mMany Participants
[22m[39m[ChatContext] Setting initial chat: mock-assistant-chat-1
[90mstdout[2m | src/components/PracticeDrill/CollaborativePresenceBar.stories.tsx[2m > [22m[2mMany Participants
[22m[39m[MOCK CourseVectorStore] Initialized with mock data
[90mstdout[2m | src/components/PracticeDrill/CollaborativePresenceBar.stories.tsx[2m > [22m[2mMany Participants
[22m[39m[FilesContext] Vector store population triggered {
  "currentVectorStoreSize": 3,
  "documentsCount": 0,
  "filesCount": 6,
  "isInitialLoad": true,
}
[90mstdout[2m | src/components/PracticeDrill/CollaborativePresenceBar.stories.tsx[2m > [22m[2mMany Participants
[22m[39m[FilesContext] Vector store population complete - 3 total embeddings
[90mstdout[2m | src/components/PracticeDrill/CollaborativePresenceBar.stories.tsx[2m > [22m[2mMany Participants
[22m[39m[ChatContext] Chat exists and not archived, skipping creation
[90mstdout[2m | src/components/PracticeDrill/CollaborativePresenceBar.stories.tsx[2m > [22m[2mMany Participants
[22m[39m[Mock Storage] downloadData called with: undefined
[90mstdout[2m | src/components/PracticeDrill/CollaborativePresenceBar.stories.tsx[2m > [22m[2mAll Complete
[22m[39m[ChatContext] Cleaning up subscriptions
[90mstdout[2m | src/components/PracticeDrill/CollaborativePresenceBar.stories.tsx[2m > [22m[2mAll Complete
[22m[39m[Mock Data] Unit.onUpdate() subscription removed. Remaining: 0
[90mstdout[2m | src/components/PracticeDrill/CollaborativePresenceBar.stories.tsx[2m > [22m[2mAll Complete
[22m[39m[MOCK CourseVectorStore] Initialized with mock data
[90mstdout[2m | src/components/PracticeDrill/CollaborativePresenceBar.stories.tsx[2m > [22m[2mAll Complete
[22m[39m[TranslationModeController] Setting mode to: off
[90mstdout[2m | src/components/PracticeDrill/CollaborativePresenceBar.stories.tsx[2m > [22m[2mAll Complete
[22m[39m[UnitContext] useEffect triggered {
  "authLoading": false,
  "hasUser": true,
  "id": "mock-unit-id",
  "userSub": "mock-user-sub",
}
[90mstdout[2m | src/components/PracticeDrill/CollaborativePresenceBar.stories.tsx[2m > [22m[2mAll Complete
[22m[39m[UnitContext] Fetching unit data for id: mock-unit-id
[90mstdout[2m | src/components/PracticeDrill/CollaborativePresenceBar.stories.tsx[2m > [22m[2mAll Complete
[22m[39m[FilesContext] Initializing vector store from IndexedDB
[90mstdout[2m | src/components/PracticeDrill/CollaborativePresenceBar.stories.tsx[2m > [22m[2mAll Complete
[22m[39m[FilesContext] fetchFiles called
[90mstdout[2m | src/components/PracticeDrill/CollaborativePresenceBar.stories.tsx[2m > [22m[2mAll Complete
[22m[39m[FilesContext] User authenticated: mock-user-sub
[90mstdout[2m | src/components/PracticeDrill/CollaborativePresenceBar.stories.tsx[2m > [22m[2mAll Complete
[22m[39m[FilesContext] Identity ID: us-east-1:mock-identity-123
[90mstdout[2m | src/components/PracticeDrill/CollaborativePresenceBar.stories.tsx[2m > [22m[2mAll Complete
[22m[39m[FilesContext] About to set up File observeQuery
[90mstdout[2m | src/components/PracticeDrill/CollaborativePresenceBar.stories.tsx[2m > [22m[2mAll Complete
[22m[39m[ChatContext] Setting up AssistantChat observeQuery
[90mstdout[2m | src/components/PracticeDrill/CollaborativePresenceBar.stories.tsx[2m > [22m[2mAll Complete
[22m[39m[ChatContext] Waiting for subscription to initialize
[90mstdout[2m | src/components/PracticeDrill/CollaborativePresenceBar.stories.tsx[2m > [22m[2mAll Complete
[22m[39m[SettingsContext] Setting up Settings subscription for user: mock-user-sub
[90mstdout[2m | src/components/PracticeDrill/CollaborativePresenceBar.stories.tsx[2m > [22m[2mAll Complete
[22m[39m[Mock Data] Settings created: mock-settings-1790418224063 - notified 0 subscribers
[90mstdout[2m | src/components/PracticeDrill/CollaborativePresenceBar.stories.tsx[2m > [22m[2mAll Complete
[22m[39m[Mock Data] Unit.onUpdate() subscription added. Total: 1
[90mstdout[2m | src/components/PracticeDrill/CollaborativePresenceBar.stories.tsx[2m > [22m[2mAll Complete
[22m[39m[SectionContext] Section observeQuery update: 0
[90mstdout[2m | src/components/PracticeDrill/CollaborativePresenceBar.stories.tsx[2m > [22m[2mAll Complete
[22m[39m[FilesContext] File observeQuery update: 6 files
[90mstdout[2m | src/components/PracticeDrill/CollaborativePresenceBar.stories.tsx[2m > [22m[2mAll Complete
[22m[39m[ChatContext] AssistantChat initialized with 1 chats
[90mstdout[2m | src/components/PracticeDrill/CollaborativePresenceBar.stories.tsx[2m > [22m[2mAll Complete
[22m[39m[ChatContext] Setting initial chat: mock-assistant-chat-1
[90mstdout[2m | src/components/PracticeDrill/CollaborativePresenceBar.stories.tsx[2m > [22m[2mAll Complete
[22m[39m[MOCK CourseVectorStore] Initialized with mock data
[90mstdout[2m | src/components/PracticeDrill/CollaborativePresenceBar.stories.tsx[2m > [22m[2mAll Complete
[22m[39m[FilesContext] Vector store population triggered {
  "currentVectorStoreSize": 3,
  "documentsCount": 0,
  "filesCount": 6,
  "isInitialLoad": true,
}
[90mstdout[2m | src/components/PracticeDrill/CollaborativePresenceBar.stories.tsx[2m > [22m[2mAll Complete
[22m[39m[FilesContext] Vector store population complete - 3 total embeddings
[90mstdout[2m | src/components/PracticeDrill/CollaborativePresenceBar.stories.tsx[2m > [22m[2mAll Complete
[22m[39m[ChatContext] Chat exists and not archived, skipping creation
[90mstdout[2m | src/components/PracticeDrill/CollaborativePresenceBar.stories.tsx[2m > [22m[2mAll Complete
[22m[39m[Mock Storage] downloadData called with: undefined
 [32m✓[39m [30m[45m storybook (chromium) [49m[39m src/components/PracticeDrill/CollaborativePresenceBar.stories.tsx [2m([22m[2m5 tests[22m[2m)[22m[33m 841[2mms[22m[39m
[90mstdout[2m | unknown test
[22m[39m[MOCK vectorStoreDB.js] Module loaded - mock IndexedDB operations
[90mstdout[2m | unknown test
[22m[39m[Task Completion] DOM action listeners initialized
[90mstdout[2m | unknown test
[22m[39m[Task Completion] Auto-completion detector initialized
[90mstdout[2m | unknown test
[22m[39m[Preview] Task completion detector initialized
[90mstdout[2m | src/components/Gamification/CosmeticSelector.stories.tsx[2m > [22m[2mSelector Level 3
[22m[39m[TranslationModeController] Setting mode to: off
[90mstdout[2m | src/components/Gamification/CosmeticSelector.stories.tsx[2m > [22m[2mSelector Level 5
[22m[39m[TranslationModeController] Setting mode to: off
[90mstdout[2m | src/components/Gamification/CosmeticSelector.stories.tsx[2m > [22m[2mSelector Interaction
[22m[39m[TranslationModeController] Setting mode to: off
 [32m✓[39m [30m[45m storybook (chromium) [49m[39m src/components/Gamification/CosmeticSelector.stories.tsx [2m([22m[2m3 tests[22m[2m)[22m[33m 540[2mms[22m[39m
[90mstdout[2m | unknown test
[22m[39m[MOCK vectorStoreDB.js] Module loaded - mock IndexedDB operations
[90mstdout[2m | unknown test
[22m[39m[Task Completion] DOM action listeners initialized
[90mstdout[2m | unknown test
[22m[39m[Task Completion] Auto-completion detector initialized
[90mstdout[2m | unknown test
[22m[39m[Preview] Task completion detector initialized
[90mstdout[2m | src/components/QuestionEditor2.stories.jsx[2m > [22m[2mDefault
[22m[39m[MOCK CourseVectorStore] Initialized with mock data
[90mstdout[2m | src/components/QuestionEditor2.stories.jsx[2m > [22m[2mDefault
[22m[39m[Mock Data] seedMockUnit: Adding unit unit-1
[90mstdout[2m | src/components/QuestionEditor2.stories.jsx[2m > [22m[2mDefault
[22m[39m[Mock Data] seedMockQuestions: Adding 4 questions
[90mstdout[2m | src/components/QuestionEditor2.stories.jsx[2m > [22m[2mDefault
[22m[39m[TranslationModeController] Setting mode to: off
[90mstdout[2m | src/components/QuestionEditor2.stories.jsx[2m > [22m[2mDefault
[22m[39m[UnitContext] useEffect triggered {
  "authLoading": false,
  "hasUser": true,
  "id": "mock-unit-id",
  "userSub": "mock-user-sub",
}
[90mstdout[2m | src/components/QuestionEditor2.stories.jsx[2m > [22m[2mDefault
[22m[39m[UnitContext] Fetching unit data for id: mock-unit-id
[90mstdout[2m | src/components/QuestionEditor2.stories.jsx[2m > [22m[2mDefault
[22m[39m[FilesContext] Initializing vector store from IndexedDB
[90mstdout[2m | src/components/QuestionEditor2.stories.jsx[2m > [22m[2mDefault
[22m[39m[FilesContext] fetchFiles called
[90mstdout[2m | src/components/QuestionEditor2.stories.jsx[2m > [22m[2mDefault
[22m[39m[FilesContext] User authenticated: mock-user-sub
[90mstdout[2m | src/components/QuestionEditor2.stories.jsx[2m > [22m[2mDefault
[22m[39m[FilesContext] Identity ID: us-east-1:mock-identity-123
[90mstdout[2m | src/components/QuestionEditor2.stories.jsx[2m > [22m[2mDefault
[22m[39m[FilesContext] About to set up File observeQuery
[90mstdout[2m | src/components/QuestionEditor2.stories.jsx[2m > [22m[2mDefault
[22m[39m[ChatContext] Setting up AssistantChat observeQuery
[90mstdout[2m | src/components/QuestionEditor2.stories.jsx[2m > [22m[2mDefault
[22m[39m[ChatContext] Waiting for subscription to initialize
[90mstdout[2m | src/components/QuestionEditor2.stories.jsx[2m > [22m[2mDefault
[22m[39m[SettingsContext] Setting up Settings subscription for user: mock-user-sub
[90mstdout[2m | src/components/QuestionEditor2.stories.jsx[2m > [22m[2mDefault
[22m[39m[Mock Data] Settings created: mock-settings-1790418229507 - notified 0 subscribers
[90mstdout[2m | src/components/QuestionEditor2.stories.jsx[2m > [22m[2mDefault
[22m[39m[Mock Data] Unit.onUpdate() subscription added. Total: 1
[90mstdout[2m | src/components/QuestionEditor2.stories.jsx[2m > [22m[2mDefault
[22m[39m[SectionContext] Section observeQuery update: 0
[90mstdout[2m | src/components/QuestionEditor2.stories.jsx[2m > [22m[2mDefault
[22m[39m[FilesContext] File observeQuery update: 6 files
[90mstdout[2m | src/components/QuestionEditor2.stories.jsx[2m > [22m[2mDefault
[22m[39m[ChatContext] AssistantChat initialized with 1 chats
[90mstdout[2m | src/components/QuestionEditor2.stories.jsx[2m > [22m[2mDefault
[22m[39m[ChatContext] Setting initial chat: mock-assistant-chat-1
[90mstdout[2m | src/components/QuestionEditor2.stories.jsx[2m > [22m[2mDefault
[22m[39m[MOCK CourseVectorStore] Initialized with mock data
[90mstdout[2m | src/components/QuestionEditor2.stories.jsx[2m > [22m[2mDefault
[22m[39m[FilesContext] Vector store population triggered {
  "currentVectorStoreSize": 3,
  "documentsCount": 0,
  "filesCount": 6,
  "isInitialLoad": true,
}
[90mstdout[2m | src/components/QuestionEditor2.stories.jsx[2m > [22m[2mDefault
[22m[39m[FilesContext] Vector store population complete - 3 total embeddings
[90mstdout[2m | src/components/QuestionEditor2.stories.jsx[2m > [22m[2mDefault
[22m[39m[ChatContext] Chat exists and not archived, skipping creation
[90mstdout[2m | src/components/QuestionEditor2.stories.jsx[2m > [22m[2mDefault
[22m[39m[Mock Storage] downloadData called with: undefined
[90mstdout[2m | src/components/QuestionEditor2.stories.jsx[2m > [22m[2mEmpty
[22m[39m[ChatContext] Cleaning up subscriptions
[90mstdout[2m | src/components/QuestionEditor2.stories.jsx[2m > [22m[2mEmpty
[22m[39m[Mock Data] Unit.onUpdate() subscription removed. Remaining: 0
[90mstdout[2m | src/components/QuestionEditor2.stories.jsx[2m > [22m[2mEmpty
[22m[39m[Preview] Skipped initializing default mock data (initializeMockData=false)
[90mstdout[2m | src/components/QuestionEditor2.stories.jsx[2m > [22m[2mEmpty
[22m[39m[MOCK CourseVectorStore] Initialized with mock data
[90mstdout[2m | src/components/QuestionEditor2.stories.jsx[2m > [22m[2mEmpty
[22m[39m[Mock Data] seedMockUnit: Adding unit unit-1
[90mstdout[2m | src/components/QuestionEditor2.stories.jsx[2m > [22m[2mEmpty
[22m[39m[Mock Data] seedMockQuestions: Adding 4 questions
[90mstdout[2m | src/components/QuestionEditor2.stories.jsx[2m > [22m[2mEmpty
[22m[39m[TranslationModeController] Setting mode to: off
[90mstdout[2m | src/components/QuestionEditor2.stories.jsx[2m > [22m[2mEmpty
[22m[39m[UnitContext] useEffect triggered {
  "authLoading": false,
  "hasUser": true,
  "id": "mock-unit-id",
  "userSub": "mock-user-sub",
}
[90mstdout[2m | src/components/QuestionEditor2.stories.jsx[2m > [22m[2mEmpty
[22m[39m[UnitContext] Fetching unit data for id: mock-unit-id
[90mstdout[2m | src/components/QuestionEditor2.stories.jsx[2m > [22m[2mEmpty
[22m[39m[FilesContext] Initializing vector store from IndexedDB
[90mstdout[2m | src/components/QuestionEditor2.stories.jsx[2m > [22m[2mEmpty
[22m[39m[FilesContext] fetchFiles called
[90mstdout[2m | src/components/QuestionEditor2.stories.jsx[2m > [22m[2mEmpty
[22m[39m[FilesContext] User authenticated: mock-user-sub
[90mstdout[2m | src/components/QuestionEditor2.stories.jsx[2m > [22m[2mEmpty
[22m[39m[FilesContext] Identity ID: us-east-1:mock-identity-123
[90mstdout[2m | src/components/QuestionEditor2.stories.jsx[2m > [22m[2mEmpty
[22m[39m[FilesContext] About to set up File observeQuery
[90mstdout[2m | src/components/QuestionEditor2.stories.jsx[2m > [22m[2mEmpty
[22m[39m[ChatContext] Setting up AssistantChat observeQuery
[90mstdout[2m | src/components/QuestionEditor2.stories.jsx[2m > [22m[2mEmpty
[22m[39m[ChatContext] Waiting for subscription to initialize
[90mstdout[2m | src/components/QuestionEditor2.stories.jsx[2m > [22m[2mEmpty
[22m[39m[SettingsContext] Setting up Settings subscription for user: mock-user-sub
[90mstdout[2m | src/components/QuestionEditor2.stories.jsx[2m > [22m[2mEmpty
[22m[39m[Mock Data] Settings created: mock-settings-1790418229817 - notified 0 subscribers
[90mstdout[2m | src/components/QuestionEditor2.stories.jsx[2m > [22m[2mEmpty
[22m[39m[Mock Data] Unit.onUpdate() subscription added. Total: 1
[90mstdout[2m | src/components/QuestionEditor2.stories.jsx[2m > [22m[2mEmpty
[22m[39m[SectionContext] Section observeQuery update: 0
[90mstdout[2m | src/components/QuestionEditor2.stories.jsx[2m > [22m[2mEmpty
[22m[39m[FilesContext] File observeQuery update: 0 files
[90mstdout[2m | src/components/QuestionEditor2.stories.jsx[2m > [22m[2mEmpty
[22m[39m[ChatContext] AssistantChat initialized with 0 chats
[90mstdout[2m | src/components/QuestionEditor2.stories.jsx[2m > [22m[2mEmpty
[22m[39m[MOCK CourseVectorStore] Initialized with mock data
[90mstdout[2m | src/components/QuestionEditor2.stories.jsx[2m > [22m[2mEmpty
[22m[39m[ChatContext] No current chat available, will create one
[90mstdout[2m | src/components/QuestionEditor2.stories.jsx[2m > [22m[2mEmpty
[22m[39m[ChatContext] Creating AssistantChat with user: undefined
[90mstdout[2m | src/components/QuestionEditor2.stories.jsx[2m > [22m[2mEmpty
[22m[39m[Mock Data] AssistantChat created: mock-assistantchat-1790418229844 - notified 1 subscribers
[90mstdout[2m | src/components/QuestionEditor2.stories.jsx[2m > [22m[2mEmpty
[22m[39m[ChatContext] Create result: {
  "data": {
    "_version": 1,
    "archived": false,
    "chatFiles": [Function anonymous],
    "createdAt": "2026-09-26T10:23:49.844Z",
    "id": "mock-assistantchat-1790418229844",
    "model": "gpt-4",
    "updatedAt": "2026-09-26T10:23:49.844Z",
  },
  "errors": [],
  "hasData": true,
  "hasErrors": true,
}
[90mstdout[2m | src/components/QuestionEditor2.stories.jsx[2m > [22m[2mEmpty
[22m[39m[ChatContext] Created AssistantChat: mock-assistantchat-1790418229844 at: 2026-09-26T10:23:49.844Z
[90mstdout[2m | src/components/QuestionEditor2.stories.jsx[2m > [22m[2mEmpty
[22m[39m[Mock Storage] downloadData called with: undefined
[90mstdout[2m | src/components/QuestionEditor2.stories.jsx[2m > [22m[2mEmpty
[22m[39m[ChatContext] Setting initial chat: mock-assistantchat-1790418229844
[90mstdout[2m | src/components/QuestionEditor2.stories.jsx[2m > [22m[2mEmpty
[22m[39m[ChatContext] Chat exists and not archived, skipping creation
 [32m✓[39m [30m[45m storybook (chromium) [49m[39m src/components/QuestionEditor2.stories.jsx [2m([22m[2m2 tests[22m[2m)[22m[33m 644[2mms[22m[39m
   [33m[2m✓[22m[39m Default [33m 369[2mms[22m[39m
[90mstdout[2m | unknown test
[22m[39m[MOCK vectorStoreDB.js] Module loaded - mock IndexedDB operations
[90mstdout[2m | unknown test
[22m[39m[Task Completion] DOM action listeners initialized
[90mstdout[2m | unknown test
[22m[39m[Task Completion] Auto-completion detector initialized
[90mstdout[2m | unknown test
[22m[39m[Preview] Task completion detector initialized
[90mstdout[2m | src/components/Editor3/plugins/PlaylistPlugin.stories.jsx[2m > [22m[2mEditable Empty
[22m[39m[Preview] Skipped initializing default mock data (initializeMockData=false)
[90mstdout[2m | src/components/Editor3/plugins/PlaylistPlugin.stories.jsx[2m > [22m[2mEditable Empty
[22m[39m[Mock Data] seedMockUnit: Adding unit playlist-story-unit
[90mstdout[2m | src/components/Editor3/plugins/PlaylistPlugin.stories.jsx[2m > [22m[2mEditable Empty
[22m[39m[MOCK CourseVectorStore] Initialized with mock data
[90mstdout[2m | src/components/Editor3/plugins/PlaylistPlugin.stories.jsx[2m > [22m[2mEditable Empty
[22m[39m[TranslationModeController] Setting mode to: off
[90mstdout[2m | src/components/Editor3/plugins/PlaylistPlugin.stories.jsx[2m > [22m[2mEditable Empty
[22m[39m[UnitContext] useEffect triggered {
  "authLoading": false,
  "hasUser": true,
  "id": "playlist-story-unit",
  "userSub": "mock-user-sub",
}
[90mstdout[2m | src/components/Editor3/plugins/PlaylistPlugin.stories.jsx[2m > [22m[2mEditable Empty
[22m[39m[UnitContext] Fetching unit data for id: playlist-story-unit
[90mstdout[2m | src/components/Editor3/plugins/PlaylistPlugin.stories.jsx[2m > [22m[2mEditable Empty
[22m[39m[FilesContext] Initializing vector store from IndexedDB
[90mstdout[2m | src/components/Editor3/plugins/PlaylistPlugin.stories.jsx[2m > [22m[2mEditable Empty
[22m[39m[FilesContext] fetchFiles called
[90mstdout[2m | src/components/Editor3/plugins/PlaylistPlugin.stories.jsx[2m > [22m[2mEditable Empty
[22m[39m[FilesContext] User authenticated: mock-user-sub
[90mstdout[2m | src/components/Editor3/plugins/PlaylistPlugin.stories.jsx[2m > [22m[2mEditable Empty
[22m[39m[FilesContext] Identity ID: us-east-1:mock-identity-123
[90mstdout[2m | src/components/Editor3/plugins/PlaylistPlugin.stories.jsx[2m > [22m[2mEditable Empty
[22m[39m[FilesContext] About to set up File observeQuery
[90mstdout[2m | src/components/Editor3/plugins/PlaylistPlugin.stories.jsx[2m > [22m[2mEditable Empty
[22m[39m[ChatContext] Setting up AssistantChat observeQuery
[90mstdout[2m | src/components/Editor3/plugins/PlaylistPlugin.stories.jsx[2m > [22m[2mEditable Empty
[22m[39m[ChatContext] Waiting for subscription to initialize
[90mstdout[2m | src/components/Editor3/plugins/PlaylistPlugin.stories.jsx[2m > [22m[2mEditable Empty
[22m[39m[SettingsContext] Setting up Settings subscription for user: mock-user-sub
[90mstdout[2m | src/components/Editor3/plugins/PlaylistPlugin.stories.jsx[2m > [22m[2mEditable Empty
[22m[39m[Mock Data] Settings created: mock-settings-1790418230728 - notified 0 subscribers
[90mstdout[2m | src/components/Editor3/plugins/PlaylistPlugin.stories.jsx[2m > [22m[2mEditable Empty
[22m[39m[Mock Data] Unit.onUpdate() subscription added. Total: 1
[90mstdout[2m | src/components/Editor3/plugins/PlaylistPlugin.stories.jsx[2m > [22m[2mEditable Empty
[22m[39m[SectionContext] Section observeQuery update: 0
[90mstdout[2m | src/components/Editor3/plugins/PlaylistPlugin.stories.jsx[2m > [22m[2mEditable Empty
[22m[39m[FilesContext] File observeQuery update: 3 files
[90mstdout[2m | src/components/Editor3/plugins/PlaylistPlugin.stories.jsx[2m > [22m[2mEditable Empty
[22m[39m[ChatContext] AssistantChat initialized with 0 chats
[90mstdout[2m | src/components/Editor3/plugins/PlaylistPlugin.stories.jsx[2m > [22m[2mEditable Empty
[22m[39m[MOCK CourseVectorStore] Initialized with mock data
[90mstdout[2m | src/components/Editor3/plugins/PlaylistPlugin.stories.jsx[2m > [22m[2mEditable Empty
[22m[39m[FilesContext] Vector store population triggered {
  "currentVectorStoreSize": 3,
  "documentsCount": 0,
  "filesCount": 3,
  "isInitialLoad": true,
}
[90mstdout[2m | src/components/Editor3/plugins/PlaylistPlugin.stories.jsx[2m > [22m[2mEditable Empty
[22m[39m[FilesContext] Vector store population complete - 3 total embeddings
[90mstdout[2m | src/components/Editor3/plugins/PlaylistPlugin.stories.jsx[2m > [22m[2mEditable Empty
[22m[39m[ChatContext] No current chat available, will create one
[90mstdout[2m | src/components/Editor3/plugins/PlaylistPlugin.stories.jsx[2m > [22m[2mEditable Empty
[22m[39m[ChatContext] Creating AssistantChat with user: undefined
[90mstdout[2m | src/components/Editor3/plugins/PlaylistPlugin.stories.jsx[2m > [22m[2mEditable Empty
[22m[39m[Mock Data] AssistantChat created: mock-assistantchat-1790418230745 - notified 1 subscribers
[90mstdout[2m | src/components/Editor3/plugins/PlaylistPlugin.stories.jsx[2m > [22m[2mEditable Empty
[22m[39m[ChatContext] Create result: {
  "data": {
    "_version": 1,
    "archived": false,
    "chatFiles": [Function anonymous],
    "createdAt": "2026-09-26T10:23:50.745Z",
    "id": "mock-assistantchat-1790418230745",
    "model": "gpt-4",
    "updatedAt": "2026-09-26T10:23:50.745Z",
  },
  "errors": [],
  "hasData": true,
  "hasErrors": true,
}
[90mstdout[2m | src/components/Editor3/plugins/PlaylistPlugin.stories.jsx[2m > [22m[2mEditable Empty
[22m[39m[ChatContext] Created AssistantChat: mock-assistantchat-1790418230745 at: 2026-09-26T10:23:50.745Z
[90mstdout[2m | src/components/Editor3/plugins/PlaylistPlugin.stories.jsx[2m > [22m[2mEditable Empty
[22m[39m[Mock Storage] downloadData called with: undefined
[90mstdout[2m | src/components/Editor3/plugins/PlaylistPlugin.stories.jsx[2m > [22m[2mEditable Empty
[22m[39m[ChatContext] Setting initial chat: mock-assistantchat-1790418230745
[90mstdout[2m | src/components/Editor3/plugins/PlaylistPlugin.stories.jsx[2m > [22m[2mEditable Empty
[22m[39m[ChatContext] Chat exists and not archived, skipping creation
[90mstdout[2m | src/components/Editor3/plugins/PlaylistPlugin.stories.jsx[2m > [22m[2mEditable With Playlist
[22m[39m[ChatContext] Cleaning up subscriptions
[90mstdout[2m | src/components/Editor3/plugins/PlaylistPlugin.stories.jsx[2m > [22m[2mEditable With Playlist
[22m[39m[Mock Data] Unit.onUpdate() subscription removed. Remaining: 0
[90mstdout[2m | src/components/Editor3/plugins/PlaylistPlugin.stories.jsx[2m > [22m[2mEditable With Playlist
[22m[39m[Preview] Skipped initializing default mock data (initializeMockData=false)
[90mstdout[2m | src/components/Editor3/plugins/PlaylistPlugin.stories.jsx[2m > [22m[2mEditable With Playlist
[22m[39m[Mock Data] seedMockUnit: Adding unit playlist-story-unit
[90mstdout[2m | src/components/Editor3/plugins/PlaylistPlugin.stories.jsx[2m > [22m[2mEditable With Playlist
[22m[39m[MOCK CourseVectorStore] Initialized with mock data
[90mstdout[2m | src/components/Editor3/plugins/PlaylistPlugin.stories.jsx[2m > [22m[2mEditable With Playlist
[22m[39m[TranslationModeController] Setting mode to: off
[90mstdout[2m | src/components/Editor3/plugins/PlaylistPlugin.stories.jsx[2m > [22m[2mEditable With Playlist
[22m[39m[UnitContext] useEffect triggered {
  "authLoading": false,
  "hasUser": true,
  "id": "playlist-story-unit",
  "userSub": "mock-user-sub",
}
[90mstdout[2m | src/components/Editor3/plugins/PlaylistPlugin.stories.jsx[2m > [22m[2mEditable With Playlist
[22m[39m[UnitContext] Fetching unit data for id: playlist-story-unit
[90mstdout[2m | src/components/Editor3/plugins/PlaylistPlugin.stories.jsx[2m > [22m[2mEditable With Playlist
[22m[39m[FilesContext] Initializing vector store from IndexedDB
[90mstdout[2m | src/components/Editor3/plugins/PlaylistPlugin.stories.jsx[2m > [22m[2mEditable With Playlist
[22m[39m[FilesContext] fetchFiles called
[90mstdout[2m | src/components/Editor3/plugins/PlaylistPlugin.stories.jsx[2m > [22m[2mEditable With Playlist
[22m[39m[FilesContext] User authenticated: mock-user-sub
[90mstdout[2m | src/components/Editor3/plugins/PlaylistPlugin.stories.jsx[2m > [22m[2mEditable With Playlist
[22m[39m[FilesContext] Identity ID: us-east-1:mock-identity-123
[90mstdout[2m | src/components/Editor3/plugins/PlaylistPlugin.stories.jsx[2m > [22m[2mEditable With Playlist
[22m[39m[FilesContext] About to set up File observeQuery
[90mstdout[2m | src/components/Editor3/plugins/PlaylistPlugin.stories.jsx[2m > [22m[2mEditable With Playlist
[22m[39m[ChatContext] Setting up AssistantChat observeQuery
[90mstdout[2m | src/components/Editor3/plugins/PlaylistPlugin.stories.jsx[2m > [22m[2mEditable With Playlist
[22m[39m[ChatContext] Waiting for subscription to initialize
[90mstdout[2m | src/components/Editor3/plugins/PlaylistPlugin.stories.jsx[2m > [22m[2mEditable With Playlist
[22m[39m[SettingsContext] Setting up Settings subscription for user: mock-user-sub
[90mstdout[2m | src/components/Editor3/plugins/PlaylistPlugin.stories.jsx[2m > [22m[2mEditable With Playlist
[22m[39m[Mock Data] Settings created: mock-settings-1790418230915 - notified 0 subscribers
[90mstdout[2m | src/components/Editor3/plugins/PlaylistPlugin.stories.jsx[2m > [22m[2mEditable With Playlist
[22m[39m[Mock Data] Unit.onUpdate() subscription added. Total: 1
[90mstdout[2m | src/components/Editor3/plugins/PlaylistPlugin.stories.jsx[2m > [22m[2mEditable With Playlist
[22m[39m[SectionContext] Section observeQuery update: 0
[90mstdout[2m | src/components/Editor3/plugins/PlaylistPlugin.stories.jsx[2m > [22m[2mEditable With Playlist
[22m[39m[FilesContext] File observeQuery update: 3 files
[90mstdout[2m | src/components/Editor3/plugins/PlaylistPlugin.stories.jsx[2m > [22m[2mEditable With Playlist
[22m[39m[ChatContext] AssistantChat initialized with 0 chats
[90mstdout[2m | src/components/Editor3/plugins/PlaylistPlugin.stories.jsx[2m > [22m[2mEditable With Playlist
[22m[39m[MOCK CourseVectorStore] Initialized with mock data
[90mstdout[2m | src/components/Editor3/plugins/PlaylistPlugin.stories.jsx[2m > [22m[2mEditable With Playlist
[22m[39m[FilesContext] Vector store population triggered {
  "currentVectorStoreSize": 3,
  "documentsCount": 0,
  "filesCount": 3,
  "isInitialLoad": true,
}
[90mstdout[2m | src/components/Editor3/plugins/PlaylistPlugin.stories.jsx[2m > [22m[2mEditable With Playlist
[22m[39m[FilesContext] Vector store population complete - 3 total embeddings
[90mstdout[2m | src/components/Editor3/plugins/PlaylistPlugin.stories.jsx[2m > [22m[2mEditable With Playlist
[22m[39m[ChatContext] No current chat available, will create one
[90mstdout[2m | src/components/Editor3/plugins/PlaylistPlugin.stories.jsx[2m > [22m[2mEditable With Playlist
[22m[39m[ChatContext] Creating AssistantChat with user: undefined
[90mstdout[2m | src/components/Editor3/plugins/PlaylistPlugin.stories.jsx[2m > [22m[2mEditable With Playlist
[22m[39m[Mock Data] AssistantChat created: mock-assistantchat-1790418230947 - notified 1 subscribers
[90mstdout[2m | src/components/Editor3/plugins/PlaylistPlugin.stories.jsx[2m > [22m[2mEditable With Playlist
[22m[39m[ChatContext] Create result: {
  "data": {
    "_version": 1,
    "archived": false,
    "chatFiles": [Function anonymous],
    "createdAt": "2026-09-26T10:23:50.947Z",
    "id": "mock-assistantchat-1790418230947",
    "model": "gpt-4",
    "updatedAt": "2026-09-26T10:23:50.947Z",
  },
  "errors": [],
  "hasData": true,
  "hasErrors": true,
}
[90mstdout[2m | src/components/Editor3/plugins/PlaylistPlugin.stories.jsx[2m > [22m[2mEditable With Playlist
[22m[39m[ChatContext] Created AssistantChat: mock-assistantchat-1790418230947 at: 2026-09-26T10:23:50.947Z
[90mstdout[2m | src/components/Editor3/plugins/PlaylistPlugin.stories.jsx[2m > [22m[2mEditable With Playlist
[22m[39m[Mock Storage] downloadData called with: undefined
[90mstdout[2m | src/components/Editor3/plugins/PlaylistPlugin.stories.jsx[2m > [22m[2mEditable With Playlist
[22m[39m[ChatContext] Setting initial chat: mock-assistantchat-1790418230947
[90mstdout[2m | src/components/Editor3/plugins/PlaylistPlugin.stories.jsx[2m > [22m[2mEditable With Playlist
[22m[39m[ChatContext] Chat exists and not archived, skipping creation
[90mstdout[2m | src/components/Editor3/plugins/PlaylistPlugin.stories.jsx[2m > [22m[2mRead Only With Playlist
[22m[39m[ChatContext] Cleaning up subscriptions
[90mstdout[2m | src/components/Editor3/plugins/PlaylistPlugin.stories.jsx[2m > [22m[2mRead Only With Playlist
[22m[39m[Mock Data] Unit.onUpdate() subscription removed. Remaining: 0
[90mstdout[2m | src/components/Editor3/plugins/PlaylistPlugin.stories.jsx[2m > [22m[2mRead Only With Playlist
[22m[39m[Preview] Skipped initializing default mock data (initializeMockData=false)
[90mstdout[2m | src/components/Editor3/plugins/PlaylistPlugin.stories.jsx[2m > [22m[2mRead Only With Playlist
[22m[39m[Mock Data] seedMockUnit: Adding unit playlist-story-unit
[90mstdout[2m | src/components/Editor3/plugins/PlaylistPlugin.stories.jsx[2m > [22m[2mRead Only With Playlist
[22m[39m[MOCK CourseVectorStore] Initialized with mock data
[90mstdout[2m | src/components/Editor3/plugins/PlaylistPlugin.stories.jsx[2m > [22m[2mRead Only With Playlist
[22m[39m[TranslationModeController] Setting mode to: off
[90mstdout[2m | src/components/Editor3/plugins/PlaylistPlugin.stories.jsx[2m > [22m[2mRead Only With Playlist
[22m[39m[UnitContext] useEffect triggered {
  "authLoading": false,
  "hasUser": true,
  "id": "playlist-story-unit",
  "userSub": "mock-user-sub",
}
[90mstdout[2m | src/components/Editor3/plugins/PlaylistPlugin.stories.jsx[2m > [22m[2mRead Only With Playlist
[22m[39m[UnitContext] Fetching unit data for id: playlist-story-unit
[90mstdout[2m | src/components/Editor3/plugins/PlaylistPlugin.stories.jsx[2m > [22m[2mRead Only With Playlist
[22m[39m[FilesContext] Initializing vector store from IndexedDB
[90mstdout[2m | src/components/Editor3/plugins/PlaylistPlugin.stories.jsx[2m > [22m[2mRead Only With Playlist
[22m[39m[FilesContext] fetchFiles called
[90mstdout[2m | src/components/Editor3/plugins/PlaylistPlugin.stories.jsx[2m > [22m[2mRead Only With Playlist
[22m[39m[FilesContext] User authenticated: mock-user-sub
[90mstdout[2m | src/components/Editor3/plugins/PlaylistPlugin.stories.jsx[2m > [22m[2mRead Only With Playlist
[22m[39m[FilesContext] Identity ID: us-east-1:mock-identity-123
[90mstdout[2m | src/components/Editor3/plugins/PlaylistPlugin.stories.jsx[2m > [22m[2mRead Only With Playlist
[22m[39m[FilesContext] About to set up File observeQuery
[90mstdout[2m | src/components/Editor3/plugins/PlaylistPlugin.stories.jsx[2m > [22m[2mRead Only With Playlist
[22m[39m[ChatContext] Setting up AssistantChat observeQuery
[90mstdout[2m | src/components/Editor3/plugins/PlaylistPlugin.stories.jsx[2m > [22m[2mRead Only With Playlist
[22m[39m[ChatContext] Waiting for subscription to initialize
[90mstdout[2m | src/components/Editor3/plugins/PlaylistPlugin.stories.jsx[2m > [22m[2mRead Only With Playlist
[22m[39m[SettingsContext] Setting up Settings subscription for user: mock-user-sub
[90mstdout[2m | src/components/Editor3/plugins/PlaylistPlugin.stories.jsx[2m > [22m[2mRead Only With Playlist
[22m[39m[Mock Data] Settings created: mock-settings-1790418231114 - notified 0 subscribers
[90mstdout[2m | src/components/Editor3/plugins/PlaylistPlugin.stories.jsx[2m > [22m[2mRead Only With Playlist
[22m[39m[Mock Data] Unit.onUpdate() subscription added. Total: 1
[90mstdout[2m | src/components/Editor3/plugins/PlaylistPlugin.stories.jsx[2m > [22m[2mRead Only With Playlist
[22m[39m[SectionContext] Section observeQuery update: 0
[90mstdout[2m | src/components/Editor3/plugins/PlaylistPlugin.stories.jsx[2m > [22m[2mRead Only With Playlist
[22m[39m[FilesContext] File observeQuery update: 3 files
[90mstdout[2m | src/components/Editor3/plugins/PlaylistPlugin.stories.jsx[2m > [22m[2mRead Only With Playlist
[22m[39m[ChatContext] AssistantChat initialized with 0 chats
[90mstdout[2m | src/components/Editor3/plugins/PlaylistPlugin.stories.jsx[2m > [22m[2mRead Only With Playlist
[22m[39m[MOCK CourseVectorStore] Initialized with mock data
[90mstdout[2m | src/components/Editor3/plugins/PlaylistPlugin.stories.jsx[2m > [22m[2mRead Only With Playlist
[22m[39m[FilesContext] Vector store population triggered {
  "currentVectorStoreSize": 3,
  "documentsCount": 0,
  "filesCount": 3,
  "isInitialLoad": true,
}
[90mstdout[2m | src/components/Editor3/plugins/PlaylistPlugin.stories.jsx[2m > [22m[2mRead Only With Playlist
[22m[39m[FilesContext] Vector store population complete - 3 total embeddings
[90mstdout[2m | src/components/Editor3/plugins/PlaylistPlugin.stories.jsx[2m > [22m[2mRead Only With Playlist
[22m[39m[ChatContext] No current chat available, will create one
[90mstdout[2m | src/components/Editor3/plugins/PlaylistPlugin.stories.jsx[2m > [22m[2mRead Only With Playlist
[22m[39m[ChatContext] Creating AssistantChat with user: undefined
[90mstdout[2m | src/components/Editor3/plugins/PlaylistPlugin.stories.jsx[2m > [22m[2mRead Only With Playlist
[22m[39m[Mock Data] AssistantChat created: mock-assistantchat-1790418231126 - notified 1 subscribers
[90mstdout[2m | src/components/Editor3/plugins/PlaylistPlugin.stories.jsx[2m > [22m[2mRead Only With Playlist
[22m[39m[ChatContext] Create result: {
  "data": {
    "_version": 1,
    "archived": false,
    "chatFiles": [Function anonymous],
    "createdAt": "2026-09-26T10:23:51.126Z",
    "id": "mock-assistantchat-1790418231126",
    "model": "gpt-4",
    "updatedAt": "2026-09-26T10:23:51.126Z",
  },
  "errors": [],
  "hasData": true,
  "hasErrors": true,
}
[90mstdout[2m | src/components/Editor3/plugins/PlaylistPlugin.stories.jsx[2m > [22m[2mRead Only With Playlist
[22m[39m[ChatContext] Created AssistantChat: mock-assistantchat-1790418231126 at: 2026-09-26T10:23:51.126Z
[90mstdout[2m | src/components/Editor3/plugins/PlaylistPlugin.stories.jsx[2m > [22m[2mRead Only With Playlist
[22m[39m[Mock Storage] downloadData called with: undefined
[90mstdout[2m | src/components/Editor3/plugins/PlaylistPlugin.stories.jsx[2m > [22m[2mRead Only With Playlist
[22m[39m[ChatContext] Setting initial chat: mock-assistantchat-1790418231126
[90mstdout[2m | src/components/Editor3/plugins/PlaylistPlugin.stories.jsx[2m > [22m[2mRead Only With Playlist
[22m[39m[ChatContext] Chat exists and not archived, skipping creation
 [32m✓[39m [30m[45m storybook (chromium) [49m[39m src/components/Editor3/plugins/PlaylistPlugin.stories.jsx [2m([22m[2m3 tests[22m[2m)[22m[33m 519[2mms[22m[39m
[90mstdout[2m | unknown test
[22m[39m[MOCK vectorStoreDB.js] Module loaded - mock IndexedDB operations
[90mstdout[2m | unknown test
[22m[39m[Task Completion] DOM action listeners initialized
[90mstdout[2m | unknown test
[22m[39m[Task Completion] Auto-completion detector initialized
[90mstdout[2m | unknown test
[22m[39m[Preview] Task completion detector initialized
[90mstdout[2m | src/components/Editor3/components/ExerciseResponsePanel.stories.tsx[2m > [22m[2mText Immediate Submit
[22m[39m[MOCK CourseVectorStore] Initialized with mock data
[90mstdout[2m | src/components/Editor3/components/ExerciseResponsePanel.stories.tsx[2m > [22m[2mText Immediate Submit
[22m[39m[TranslationModeController] Setting mode to: off
[90mstdout[2m | src/components/Editor3/components/ExerciseResponsePanel.stories.tsx[2m > [22m[2mText Immediate Submit
[22m[39m[UnitContext] useEffect triggered {
  "authLoading": false,
  "hasUser": true,
  "id": "mock-unit-id",
  "userSub": "mock-user-sub",
}
[90mstdout[2m | src/components/Editor3/components/ExerciseResponsePanel.stories.tsx[2m > [22m[2mText Immediate Submit
[22m[39m[UnitContext] Fetching unit data for id: mock-unit-id
[90mstdout[2m | src/components/Editor3/components/ExerciseResponsePanel.stories.tsx[2m > [22m[2mText Immediate Submit
[22m[39m[FilesContext] Initializing vector store from IndexedDB
[90mstdout[2m | src/components/Editor3/components/ExerciseResponsePanel.stories.tsx[2m > [22m[2mText Immediate Submit
[22m[39m[FilesContext] fetchFiles called
[90mstdout[2m | src/components/Editor3/components/ExerciseResponsePanel.stories.tsx[2m > [22m[2mText Immediate Submit
[22m[39m[FilesContext] User authenticated: mock-user-sub
[90mstdout[2m | src/components/Editor3/components/ExerciseResponsePanel.stories.tsx[2m > [22m[2mText Immediate Submit
[22m[39m[FilesContext] Identity ID: us-east-1:mock-identity-123
[90mstdout[2m | src/components/Editor3/components/ExerciseResponsePanel.stories.tsx[2m > [22m[2mText Immediate Submit
[22m[39m[FilesContext] About to set up File observeQuery
[90mstdout[2m | src/components/Editor3/components/ExerciseResponsePanel.stories.tsx[2m > [22m[2mText Immediate Submit
[22m[39m[ChatContext] Setting up AssistantChat observeQuery
[90mstdout[2m | src/components/Editor3/components/ExerciseResponsePanel.stories.tsx[2m > [22m[2mText Immediate Submit
[22m[39m[ChatContext] Waiting for subscription to initialize
[90mstdout[2m | src/components/Editor3/components/ExerciseResponsePanel.stories.tsx[2m > [22m[2mText Immediate Submit
[22m[39m[SettingsContext] Setting up Settings subscription for user: mock-user-sub
[90mstdout[2m | src/components/Editor3/components/ExerciseResponsePanel.stories.tsx[2m > [22m[2mText Immediate Submit
[22m[39m[Mock Data] Settings created: mock-settings-1790418231925 - notified 0 subscribers
[90mstdout[2m | src/components/Editor3/components/ExerciseResponsePanel.stories.tsx[2m > [22m[2mText Immediate Submit
[22m[39m[Mock Data] Unit.onUpdate() subscription added. Total: 1
[90mstdout[2m | src/components/Editor3/components/ExerciseResponsePanel.stories.tsx[2m > [22m[2mText Immediate Submit
[22m[39m[SectionContext] Section observeQuery update: 0
[90mstdout[2m | src/components/Editor3/components/ExerciseResponsePanel.stories.tsx[2m > [22m[2mText Immediate Submit
[22m[39m[FilesContext] File observeQuery update: 6 files
[90mstdout[2m | src/components/Editor3/components/ExerciseResponsePanel.stories.tsx[2m > [22m[2mText Immediate Submit
[22m[39m[ChatContext] AssistantChat initialized with 1 chats
[90mstdout[2m | src/components/Editor3/components/ExerciseResponsePanel.stories.tsx[2m > [22m[2mText Immediate Submit
[22m[39m[ChatContext] Setting initial chat: mock-assistant-chat-1
[90mstdout[2m | src/components/Editor3/components/ExerciseResponsePanel.stories.tsx[2m > [22m[2mText Immediate Submit
[22m[39m[MOCK CourseVectorStore] Initialized with mock data
[90mstdout[2m | src/components/Editor3/components/ExerciseResponsePanel.stories.tsx[2m > [22m[2mText Immediate Submit
[22m[39m[FilesContext] Vector store population triggered {
  "currentVectorStoreSize": 3,
  "documentsCount": 0,
  "filesCount": 6,
  "isInitialLoad": true,
}
[90mstdout[2m | src/components/Editor3/components/ExerciseResponsePanel.stories.tsx[2m > [22m[2mText Immediate Submit
[22m[39m[FilesContext] Vector store population complete - 3 total embeddings
[90mstdout[2m | src/components/Editor3/components/ExerciseResponsePanel.stories.tsx[2m > [22m[2mText Immediate Submit
[22m[39m[ChatContext] Chat exists and not archived, skipping creation
[90mstdout[2m | src/components/Editor3/components/ExerciseResponsePanel.stories.tsx[2m > [22m[2mText Immediate Submit
[22m[39m[Mock Storage] downloadData called with: undefined
[90mstdout[2m | src/components/Editor3/components/ExerciseResponsePanel.stories.tsx[2m > [22m[2mText Immediate Submit
[22m[39mfilterWords {
  "filter": "",
  "wordsCount": 0,
}
[90mstdout[2m | src/components/Editor3/components/ExerciseResponsePanel.stories.tsx[2m > [22m[2mSketch Pending
[22m[39m[ChatContext] Cleaning up subscriptions
[90mstdout[2m | src/components/Editor3/components/ExerciseResponsePanel.stories.tsx[2m > [22m[2mSketch Pending
[22m[39m[Mock Data] Unit.onUpdate() subscription removed. Remaining: 0
[90mstdout[2m | src/components/Editor3/components/ExerciseResponsePanel.stories.tsx[2m > [22m[2mSketch Pending
[22m[39m[MOCK CourseVectorStore] Initialized with mock data
[90mstdout[2m | src/components/Editor3/components/ExerciseResponsePanel.stories.tsx[2m > [22m[2mSketch Pending
[22m[39m[TranslationModeController] Setting mode to: off
[90mstdout[2m | src/components/Editor3/components/ExerciseResponsePanel.stories.tsx[2m > [22m[2mSketch Pending
[22m[39m[UnitContext] useEffect triggered {
  "authLoading": false,
  "hasUser": true,
  "id": "mock-unit-id",
  "userSub": "mock-user-sub",
}
[90mstdout[2m | src/components/Editor3/components/ExerciseResponsePanel.stories.tsx[2m > [22m[2mSketch Pending
[22m[39m[UnitContext] Fetching unit data for id: mock-unit-id
[90mstdout[2m | src/components/Editor3/components/ExerciseResponsePanel.stories.tsx[2m > [22m[2mSketch Pending
[22m[39m[FilesContext] Initializing vector store from IndexedDB
[90mstdout[2m | src/components/Editor3/components/ExerciseResponsePanel.stories.tsx[2m > [22m[2mSketch Pending
[22m[39m[FilesContext] fetchFiles called
[90mstdout[2m | src/components/Editor3/components/ExerciseResponsePanel.stories.tsx[2m > [22m[2mSketch Pending
[22m[39m[FilesContext] User authenticated: mock-user-sub
[90mstdout[2m | src/components/Editor3/components/ExerciseResponsePanel.stories.tsx[2m > [22m[2mSketch Pending
[22m[39m[FilesContext] Identity ID: us-east-1:mock-identity-123
[90mstdout[2m | src/components/Editor3/components/ExerciseResponsePanel.stories.tsx[2m > [22m[2mSketch Pending
[22m[39m[FilesContext] About to set up File observeQuery
[90mstdout[2m | src/components/Editor3/components/ExerciseResponsePanel.stories.tsx[2m > [22m[2mSketch Pending
[22m[39m[ChatContext] Setting up AssistantChat observeQuery
[90mstdout[2m | src/components/Editor3/components/ExerciseResponsePanel.stories.tsx[2m > [22m[2mSketch Pending
[22m[39m[ChatContext] Waiting for subscription to initialize
[90mstdout[2m | src/components/Editor3/components/ExerciseResponsePanel.stories.tsx[2m > [22m[2mSketch Pending
[22m[39m[SettingsContext] Setting up Settings subscription for user: mock-user-sub
[90mstdout[2m | src/components/Editor3/components/ExerciseResponsePanel.stories.tsx[2m > [22m[2mSketch Pending
[22m[39m[Mock Data] Settings created: mock-settings-1790418232189 - notified 0 subscribers
[90mstdout[2m | src/components/Editor3/components/ExerciseResponsePanel.stories.tsx[2m > [22m[2mSketch Pending
[22m[39m[Mock Data] Unit.onUpdate() subscription added. Total: 1
[90mstdout[2m | src/components/Editor3/components/ExerciseResponsePanel.stories.tsx[2m > [22m[2mSketch Pending
[22m[39m[SectionContext] Section observeQuery update: 0
[90mstdout[2m | src/components/Editor3/components/ExerciseResponsePanel.stories.tsx[2m > [22m[2mSketch Pending
[22m[39m[FilesContext] File observeQuery update: 6 files
[90mstdout[2m | src/components/Editor3/components/ExerciseResponsePanel.stories.tsx[2m > [22m[2mSketch Pending
[22m[39m[ChatContext] AssistantChat initialized with 1 chats
[90mstdout[2m | src/components/Editor3/components/ExerciseResponsePanel.stories.tsx[2m > [22m[2mSketch Pending
[22m[39m[ChatContext] Setting initial chat: mock-assistant-chat-1
[90mstdout[2m | src/components/Editor3/components/ExerciseResponsePanel.stories.tsx[2m > [22m[2mSketch Pending
[22m[39m[MOCK CourseVectorStore] Initialized with mock data
[90mstdout[2m | src/components/Editor3/components/ExerciseResponsePanel.stories.tsx[2m > [22m[2mSketch Pending
[22m[39m[FilesContext] Vector store population triggered {
  "currentVectorStoreSize": 3,
  "documentsCount": 0,
  "filesCount": 6,
  "isInitialLoad": true,
}
[90mstdout[2m | src/components/Editor3/components/ExerciseResponsePanel.stories.tsx[2m > [22m[2mSketch Pending
[22m[39m[FilesContext] Vector store population complete - 3 total embeddings
[90mstdout[2m | src/components/Editor3/components/ExerciseResponsePanel.stories.tsx[2m > [22m[2mSketch Pending
[22m[39m[ChatContext] Chat exists and not archived, skipping creation
[90mstdout[2m | src/components/Editor3/components/ExerciseResponsePanel.stories.tsx[2m > [22m[2mSketch Pending
[22m[39m[Mock Storage] downloadData called with: undefined
[90mstdout[2m | src/components/Editor3/components/ExerciseResponsePanel.stories.tsx[2m > [22m[2mAudio Pending
[22m[39m[ChatContext] Cleaning up subscriptions
[90mstdout[2m | src/components/Editor3/components/ExerciseResponsePanel.stories.tsx[2m > [22m[2mAudio Pending
[22m[39m[Mock Data] Unit.onUpdate() subscription removed. Remaining: 0
[90mstdout[2m | src/components/Editor3/components/ExerciseResponsePanel.stories.tsx[2m > [22m[2mAudio Pending
[22m[39m[MOCK CourseVectorStore] Initialized with mock data
[90mstdout[2m | src/components/Editor3/components/ExerciseResponsePanel.stories.tsx[2m > [22m[2mAudio Pending
[22m[39m[TranslationModeController] Setting mode to: off
[90mstdout[2m | src/components/Editor3/components/ExerciseResponsePanel.stories.tsx[2m > [22m[2mAudio Pending
[22m[39m[UnitContext] useEffect triggered {
  "authLoading": false,
  "hasUser": true,
  "id": "mock-unit-id",
  "userSub": "mock-user-sub",
}
[90mstdout[2m | src/components/Editor3/components/ExerciseResponsePanel.stories.tsx[2m > [22m[2mAudio Pending
[22m[39m[UnitContext] Fetching unit data for id: mock-unit-id
[90mstdout[2m | src/components/Editor3/components/ExerciseResponsePanel.stories.tsx[2m > [22m[2mAudio Pending
[22m[39m[FilesContext] Initializing vector store from IndexedDB
[90mstdout[2m | src/components/Editor3/components/ExerciseResponsePanel.stories.tsx[2m > [22m[2mAudio Pending
[22m[39m[FilesContext] fetchFiles called
[90mstdout[2m | src/components/Editor3/components/ExerciseResponsePanel.stories.tsx[2m > [22m[2mAudio Pending
[22m[39m[FilesContext] User authenticated: mock-user-sub
[90mstdout[2m | src/components/Editor3/components/ExerciseResponsePanel.stories.tsx[2m > [22m[2mAudio Pending
[22m[39m[FilesContext] Identity ID: us-east-1:mock-identity-123
[90mstdout[2m | src/components/Editor3/components/ExerciseResponsePanel.stories.tsx[2m > [22m[2mAudio Pending
[22m[39m[FilesContext] About to set up File observeQuery
[90mstdout[2m | src/components/Editor3/components/ExerciseResponsePanel.stories.tsx[2m > [22m[2mAudio Pending
[22m[39m[ChatContext] Setting up AssistantChat observeQuery
[90mstdout[2m | src/components/Editor3/components/ExerciseResponsePanel.stories.tsx[2m > [22m[2mAudio Pending
[22m[39m[ChatContext] Waiting for subscription to initialize
[90mstdout[2m | src/components/Editor3/components/ExerciseResponsePanel.stories.tsx[2m > [22m[2mAudio Pending
[22m[39m[SettingsContext] Setting up Settings subscription for user: mock-user-sub
[90mstdout[2m | src/components/Editor3/components/ExerciseResponsePanel.stories.tsx[2m > [22m[2mAudio Pending
[22m[39m[Mock Data] Settings created: mock-settings-1790418232366 - notified 0 subscribers
[90mstdout[2m | src/components/Editor3/components/ExerciseResponsePanel.stories.tsx[2m > [22m[2mAudio Pending
[22m[39m[Mock Data] Unit.onUpdate() subscription added. Total: 1
[90mstdout[2m | src/components/Editor3/components/ExerciseResponsePanel.stories.tsx[2m > [22m[2mAudio Pending
[22m[39m[SectionContext] Section observeQuery update: 0
[90mstdout[2m | src/components/Editor3/components/ExerciseResponsePanel.stories.tsx[2m > [22m[2mAudio Pending
[22m[39m[FilesContext] File observeQuery update: 6 files
[90mstdout[2m | src/components/Editor3/components/ExerciseResponsePanel.stories.tsx[2m > [22m[2mAudio Pending
[22m[39m[ChatContext] AssistantChat initialized with 1 chats
[90mstdout[2m | src/components/Editor3/components/ExerciseResponsePanel.stories.tsx[2m > [22m[2mAudio Pending
[22m[39m[ChatContext] Setting initial chat: mock-assistant-chat-1
[90mstdout[2m | src/components/Editor3/components/ExerciseResponsePanel.stories.tsx[2m > [22m[2mAudio Pending
[22m[39m[MOCK CourseVectorStore] Initialized with mock data
[90mstdout[2m | src/components/Editor3/components/ExerciseResponsePanel.stories.tsx[2m > [22m[2mAudio Pending
[22m[39m[FilesContext] Vector store population triggered {
  "currentVectorStoreSize": 3,
  "documentsCount": 0,
  "filesCount": 6,
  "isInitialLoad": true,
}
[90mstdout[2m | src/components/Editor3/components/ExerciseResponsePanel.stories.tsx[2m > [22m[2mAudio Pending
[22m[39m[FilesContext] Vector store population complete - 3 total embeddings
[90mstdout[2m | src/components/Editor3/components/ExerciseResponsePanel.stories.tsx[2m > [22m[2mAudio Pending
[22m[39m[ChatContext] Chat exists and not archived, skipping creation
[90mstdout[2m | src/components/Editor3/components/ExerciseResponsePanel.stories.tsx[2m > [22m[2mAudio Pending
[22m[39m[Mock Storage] downloadData called with: undefined
 [32m✓[39m [30m[45m storybook (chromium) [49m[39m src/components/Editor3/components/ExerciseResponsePanel.stories.tsx [2m([22m[2m3 tests[22m[2m)[22m[33m 596[2mms[22m[39m
[90mstdout[2m | unknown test
[22m[39m[MOCK vectorStoreDB.js] Module loaded - mock IndexedDB operations
[90mstdout[2m | unknown test
[22m[39m[Task Completion] DOM action listeners initialized
[90mstdout[2m | unknown test
[22m[39m[Task Completion] Auto-completion detector initialized
[90mstdout[2m | unknown test
[22m[39m[Preview] Task completion detector initialized
[90mstdout[2m | src/components/Editor3/plugins/QuizPlugin.stories.jsx[2m > [22m[2mEditable Empty
[22m[39m[Preview] Skipped initializing default mock data (initializeMockData=false)
[90mstdout[2m | src/components/Editor3/plugins/QuizPlugin.stories.jsx[2m > [22m[2mEditable Empty
[22m[39m[Mock Data] seedMockUnit: Adding unit quiz-plugin-story-unit
[90mstdout[2m | src/components/Editor3/plugins/QuizPlugin.stories.jsx[2m > [22m[2mEditable Empty
[22m[39m[MOCK CourseVectorStore] Initialized with mock data
[90mstdout[2m | src/components/Editor3/plugins/QuizPlugin.stories.jsx[2m > [22m[2mEditable Empty
[22m[39m[TranslationModeController] Setting mode to: off
[90mstdout[2m | src/components/Editor3/plugins/QuizPlugin.stories.jsx[2m > [22m[2mEditable Empty
[22m[39m[UnitContext] useEffect triggered {
  "authLoading": false,
  "hasUser": true,
  "id": "quiz-plugin-story-unit",
  "userSub": "mock-user-sub",
}
[90mstdout[2m | src/components/Editor3/plugins/QuizPlugin.stories.jsx[2m > [22m[2mEditable Empty
[22m[39m[UnitContext] Fetching unit data for id: quiz-plugin-story-unit
[90mstdout[2m | src/components/Editor3/plugins/QuizPlugin.stories.jsx[2m > [22m[2mEditable Empty
[22m[39m[FilesContext] Initializing vector store from IndexedDB
[90mstdout[2m | src/components/Editor3/plugins/QuizPlugin.stories.jsx[2m > [22m[2mEditable Empty
[22m[39m[FilesContext] fetchFiles called
[90mstdout[2m | src/components/Editor3/plugins/QuizPlugin.stories.jsx[2m > [22m[2mEditable Empty
[22m[39m[FilesContext] User authenticated: mock-user-sub
[90mstdout[2m | src/components/Editor3/plugins/QuizPlugin.stories.jsx[2m > [22m[2mEditable Empty
[22m[39m[FilesContext] Identity ID: us-east-1:mock-identity-123
[90mstdout[2m | src/components/Editor3/plugins/QuizPlugin.stories.jsx[2m > [22m[2mEditable Empty
[22m[39m[FilesContext] About to set up File observeQuery
[90mstdout[2m | src/components/Editor3/plugins/QuizPlugin.stories.jsx[2m > [22m[2mEditable Empty
[22m[39m[ChatContext] Setting up AssistantChat observeQuery
[90mstdout[2m | src/components/Editor3/plugins/QuizPlugin.stories.jsx[2m > [22m[2mEditable Empty
[22m[39m[ChatContext] Waiting for subscription to initialize
[90mstdout[2m | src/components/Editor3/plugins/QuizPlugin.stories.jsx[2m > [22m[2mEditable Empty
[22m[39m[SettingsContext] Setting up Settings subscription for user: mock-user-sub
[90mstdout[2m | src/components/Editor3/plugins/QuizPlugin.stories.jsx[2m > [22m[2mEditable Empty
[22m[39m[Mock Data] Settings created: mock-settings-1790418233149 - notified 0 subscribers
[90mstdout[2m | src/components/Editor3/plugins/QuizPlugin.stories.jsx[2m > [22m[2mEditable Empty
[22m[39m[Mock Data] Unit.onUpdate() subscription added. Total: 1
[90mstdout[2m | src/components/Editor3/plugins/QuizPlugin.stories.jsx[2m > [22m[2mEditable Empty
[22m[39m[SectionContext] Section observeQuery update: 0
[90mstdout[2m | src/components/Editor3/plugins/QuizPlugin.stories.jsx[2m > [22m[2mEditable Empty
[22m[39m[FilesContext] File observeQuery update: 0 files
[90mstdout[2m | src/components/Editor3/plugins/QuizPlugin.stories.jsx[2m > [22m[2mEditable Empty
[22m[39m[ChatContext] AssistantChat initialized with 0 chats
[90mstdout[2m | src/components/Editor3/plugins/QuizPlugin.stories.jsx[2m > [22m[2mEditable Empty
[22m[39m[Mock Storage] downloadData called with: undefined
[90mstdout[2m | src/components/Editor3/plugins/QuizPlugin.stories.jsx[2m > [22m[2mEditable Empty
[22m[39m[MOCK CourseVectorStore] Initialized with mock data
[90mstdout[2m | src/components/Editor3/plugins/QuizPlugin.stories.jsx[2m > [22m[2mEditable Empty
[22m[39m[ChatContext] No current chat available, will create one
[90mstdout[2m | src/components/Editor3/plugins/QuizPlugin.stories.jsx[2m > [22m[2mEditable Empty
[22m[39m[ChatContext] Creating AssistantChat with user: undefined
[90mstdout[2m | src/components/Editor3/plugins/QuizPlugin.stories.jsx[2m > [22m[2mEditable Empty
[22m[39m[Mock Data] AssistantChat created: mock-assistantchat-1790418233162 - notified 1 subscribers
[90mstdout[2m | src/components/Editor3/plugins/QuizPlugin.stories.jsx[2m > [22m[2mEditable Empty
[22m[39m[ChatContext] Create result: {
  "data": {
    "_version": 1,
    "archived": false,
    "chatFiles": [Function anonymous],
    "createdAt": "2026-09-26T10:23:53.162Z",
    "id": "mock-assistantchat-1790418233162",
    "model": "gpt-4",
    "updatedAt": "2026-09-26T10:23:53.162Z",
  },
  "errors": [],
  "hasData": true,
  "hasErrors": true,
}
[90mstdout[2m | src/components/Editor3/plugins/QuizPlugin.stories.jsx[2m > [22m[2mEditable Empty
[22m[39m[ChatContext] Created AssistantChat: mock-assistantchat-1790418233162 at: 2026-09-26T10:23:53.162Z
[90mstdout[2m | src/components/Editor3/plugins/QuizPlugin.stories.jsx[2m > [22m[2mEditable Empty
[22m[39m[ChatContext] Setting initial chat: mock-assistantchat-1790418233162
[90mstdout[2m | src/components/Editor3/plugins/QuizPlugin.stories.jsx[2m > [22m[2mEditable Empty
[22m[39m[ChatContext] Chat exists and not archived, skipping creation
[90mstdout[2m | src/components/Editor3/plugins/QuizPlugin.stories.jsx[2m > [22m[2mEditable With Quiz
[22m[39m[ChatContext] Cleaning up subscriptions
[90mstdout[2m | src/components/Editor3/plugins/QuizPlugin.stories.jsx[2m > [22m[2mEditable With Quiz
[22m[39m[Mock Data] Unit.onUpdate() subscription removed. Remaining: 0
[90mstdout[2m | src/components/Editor3/plugins/QuizPlugin.stories.jsx[2m > [22m[2mEditable With Quiz
[22m[39m[Preview] Skipped initializing default mock data (initializeMockData=false)
[90mstdout[2m | src/components/Editor3/plugins/QuizPlugin.stories.jsx[2m > [22m[2mEditable With Quiz
[22m[39m[Mock Data] seedMockUnit: Adding unit quiz-plugin-story-unit
[90mstdout[2m | src/components/Editor3/plugins/QuizPlugin.stories.jsx[2m > [22m[2mEditable With Quiz
[22m[39m[MOCK CourseVectorStore] Initialized with mock data
[90mstdout[2m | src/components/Editor3/plugins/QuizPlugin.stories.jsx[2m > [22m[2mEditable With Quiz
[22m[39m[TranslationModeController] Setting mode to: off
[90mstdout[2m | src/components/Editor3/plugins/QuizPlugin.stories.jsx[2m > [22m[2mEditable With Quiz
[22m[39m[UnitContext] useEffect triggered {
  "authLoading": false,
  "hasUser": true,
  "id": "quiz-plugin-story-unit",
  "userSub": "mock-user-sub",
}
[90mstdout[2m | src/components/Editor3/plugins/QuizPlugin.stories.jsx[2m > [22m[2mEditable With Quiz
[22m[39m[UnitContext] Fetching unit data for id: quiz-plugin-story-unit
[90mstdout[2m | src/components/Editor3/plugins/QuizPlugin.stories.jsx[2m > [22m[2mEditable With Quiz
[22m[39m[FilesContext] Initializing vector store from IndexedDB
[90mstdout[2m | src/components/Editor3/plugins/QuizPlugin.stories.jsx[2m > [22m[2mEditable With Quiz
[22m[39m[FilesContext] fetchFiles called
[90mstdout[2m | src/components/Editor3/plugins/QuizPlugin.stories.jsx[2m > [22m[2mEditable With Quiz
[22m[39m[FilesContext] User authenticated: mock-user-sub
[90mstdout[2m | src/components/Editor3/plugins/QuizPlugin.stories.jsx[2m > [22m[2mEditable With Quiz
[22m[39m[FilesContext] Identity ID: us-east-1:mock-identity-123
[90mstdout[2m | src/components/Editor3/plugins/QuizPlugin.stories.jsx[2m > [22m[2mEditable With Quiz
[22m[39m[FilesContext] About to set up File observeQuery
[90mstdout[2m | src/components/Editor3/plugins/QuizPlugin.stories.jsx[2m > [22m[2mEditable With Quiz
[22m[39m[ChatContext] Setting up AssistantChat observeQuery
[90mstdout[2m | src/components/Editor3/plugins/QuizPlugin.stories.jsx[2m > [22m[2mEditable With Quiz
[22m[39m[ChatContext] Waiting for subscription to initialize
[90mstdout[2m | src/components/Editor3/plugins/QuizPlugin.stories.jsx[2m > [22m[2mEditable With Quiz
[22m[39m[SettingsContext] Setting up Settings subscription for user: mock-user-sub
[90mstdout[2m | src/components/Editor3/plugins/QuizPlugin.stories.jsx[2m > [22m[2mEditable With Quiz
[22m[39m[Mock Data] Settings created: mock-settings-1790418233351 - notified 0 subscribers
[90mstdout[2m | src/components/Editor3/plugins/QuizPlugin.stories.jsx[2m > [22m[2mEditable With Quiz
[22m[39m[Mock Data] Unit.onUpdate() subscription added. Total: 1
[90mstdout[2m | src/components/Editor3/plugins/QuizPlugin.stories.jsx[2m > [22m[2mEditable With Quiz
[22m[39m[SectionContext] Section observeQuery update: 0
[90mstdout[2m | src/components/Editor3/plugins/QuizPlugin.stories.jsx[2m > [22m[2mEditable With Quiz
[22m[39m[FilesContext] File observeQuery update: 0 files
[90mstdout[2m | src/components/Editor3/plugins/QuizPlugin.stories.jsx[2m > [22m[2mEditable With Quiz
[22m[39m[ChatContext] AssistantChat initialized with 0 chats
[90mstdout[2m | src/components/Editor3/plugins/QuizPlugin.stories.jsx[2m > [22m[2mEditable With Quiz
[22m[39m[MOCK CourseVectorStore] Initialized with mock data
[90mstdout[2m | src/components/Editor3/plugins/QuizPlugin.stories.jsx[2m > [22m[2mEditable With Quiz
[22m[39m[ChatContext] No current chat available, will create one
[90mstdout[2m | src/components/Editor3/plugins/QuizPlugin.stories.jsx[2m > [22m[2mEditable With Quiz
[22m[39m[ChatContext] Creating AssistantChat with user: undefined
[90mstdout[2m | src/components/Editor3/plugins/QuizPlugin.stories.jsx[2m > [22m[2mEditable With Quiz
[22m[39m[Mock Data] AssistantChat created: mock-assistantchat-1790418233412 - notified 1 subscribers
[90mstdout[2m | src/components/Editor3/plugins/QuizPlugin.stories.jsx[2m > [22m[2mEditable With Quiz
[22m[39m[ChatContext] Create result: {
  "data": {
    "_version": 1,
    "archived": false,
    "chatFiles": [Function anonymous],
    "createdAt": "2026-09-26T10:23:53.412Z",
    "id": "mock-assistantchat-1790418233412",
    "model": "gpt-4",
    "updatedAt": "2026-09-26T10:23:53.412Z",
  },
  "errors": [],
  "hasData": true,
  "hasErrors": true,
}
[90mstdout[2m | src/components/Editor3/plugins/QuizPlugin.stories.jsx[2m > [22m[2mEditable With Quiz
[22m[39m[ChatContext] Created AssistantChat: mock-assistantchat-1790418233412 at: 2026-09-26T10:23:53.412Z
[90mstdout[2m | src/components/Editor3/plugins/QuizPlugin.stories.jsx[2m > [22m[2mEditable With Quiz
[22m[39m[Mock Storage] downloadData called with: undefined
[90mstdout[2m | src/components/Editor3/plugins/QuizPlugin.stories.jsx[2m > [22m[2mEditable With Quiz
[22m[39m[ChatContext] Setting initial chat: mock-assistantchat-1790418233412
[90mstdout[2m | src/components/Editor3/plugins/QuizPlugin.stories.jsx[2m > [22m[2mEditable With Quiz
[22m[39m[ChatContext] Chat exists and not archived, skipping creation
[90mstdout[2m | src/components/Editor3/plugins/QuizPlugin.stories.jsx[2m > [22m[2mRead Only With Quiz
[22m[39m[ChatContext] Cleaning up subscriptions
[90mstdout[2m | src/components/Editor3/plugins/QuizPlugin.stories.jsx[2m > [22m[2mRead Only With Quiz
[22m[39m[Mock Data] Unit.onUpdate() subscription removed. Remaining: 0
[90mstdout[2m | src/components/Editor3/plugins/QuizPlugin.stories.jsx[2m > [22m[2mRead Only With Quiz
[22m[39m[Preview] Skipped initializing default mock data (initializeMockData=false)
[90mstdout[2m | src/components/Editor3/plugins/QuizPlugin.stories.jsx[2m > [22m[2mRead Only With Quiz
[22m[39m[Mock Data] seedMockUnit: Adding unit quiz-plugin-story-unit
[90mstdout[2m | src/components/Editor3/plugins/QuizPlugin.stories.jsx[2m > [22m[2mRead Only With Quiz
[22m[39m[MOCK CourseVectorStore] Initialized with mock data
[90mstdout[2m | src/components/Editor3/plugins/QuizPlugin.stories.jsx[2m > [22m[2mRead Only With Quiz
[22m[39m[TranslationModeController] Setting mode to: off
[90mstdout[2m | src/components/Editor3/plugins/QuizPlugin.stories.jsx[2m > [22m[2mRead Only With Quiz
[22m[39m[UnitContext] useEffect triggered {
  "authLoading": false,
  "hasUser": true,
  "id": "quiz-plugin-story-unit",
  "userSub": "mock-user-sub",
}
[90mstdout[2m | src/components/Editor3/plugins/QuizPlugin.stories.jsx[2m > [22m[2mRead Only With Quiz
[22m[39m[UnitContext] Fetching unit data for id: quiz-plugin-story-unit
[90mstdout[2m | src/components/Editor3/plugins/QuizPlugin.stories.jsx[2m > [22m[2mRead Only With Quiz
[22m[39m[FilesContext] Initializing vector store from IndexedDB
[90mstdout[2m | src/components/Editor3/plugins/QuizPlugin.stories.jsx[2m > [22m[2mRead Only With Quiz
[22m[39m[FilesContext] fetchFiles called
[90mstdout[2m | src/components/Editor3/plugins/QuizPlugin.stories.jsx[2m > [22m[2mRead Only With Quiz
[22m[39m[FilesContext] User authenticated: mock-user-sub
[90mstdout[2m | src/components/Editor3/plugins/QuizPlugin.stories.jsx[2m > [22m[2mRead Only With Quiz
[22m[39m[FilesContext] Identity ID: us-east-1:mock-identity-123
[90mstdout[2m | src/components/Editor3/plugins/QuizPlugin.stories.jsx[2m > [22m[2mRead Only With Quiz
[22m[39m[FilesContext] About to set up File observeQuery
[90mstdout[2m | src/components/Editor3/plugins/QuizPlugin.stories.jsx[2m > [22m[2mRead Only With Quiz
[22m[39m[ChatContext] Setting up AssistantChat observeQuery
[90mstdout[2m | src/components/Editor3/plugins/QuizPlugin.stories.jsx[2m > [22m[2mRead Only With Quiz
[22m[39m[ChatContext] Waiting for subscription to initialize
[90mstdout[2m | src/components/Editor3/plugins/QuizPlugin.stories.jsx[2m > [22m[2mRead Only With Quiz
[22m[39m[SettingsContext] Setting up Settings subscription for user: mock-user-sub
[90mstdout[2m | src/components/Editor3/plugins/QuizPlugin.stories.jsx[2m > [22m[2mRead Only With Quiz
[22m[39mQuestionBlockRo.grade {}
[90mstdout[2m | src/components/Editor3/plugins/QuizPlugin.stories.jsx[2m > [22m[2mRead Only With Quiz
[22m[39m......!q {
  "answer": "Paris",
  "correct": true,
  "id": "q1",
  "question": "What is the capital of France?",
}
[90mstdout[2m | src/components/Editor3/plugins/QuizPlugin.stories.jsx[2m > [22m[2mRead Only With Quiz
[22m[39m......!q {
  "answer": "London",
  "correct": false,
  "id": "q2",
  "question": "What is the capital of France?",
}
[90mstdout[2m | src/components/Editor3/plugins/QuizPlugin.stories.jsx[2m > [22m[2mRead Only With Quiz
[22m[39m......!q {
  "answer": "Berlin",
  "correct": false,
  "id": "q3",
  "question": "What is the capital of France?",
}
[90mstdout[2m | src/components/Editor3/plugins/QuizPlugin.stories.jsx[2m > [22m[2mRead Only With Quiz
[22m[39m......!q {
  "answer": "Madrid",
  "correct": false,
  "id": "q4",
  "question": "What is the capital of France?",
}
[90mstdout[2m | src/components/Editor3/plugins/QuizPlugin.stories.jsx[2m > [22m[2mRead Only With Quiz
[22m[39mQuestionBlock.nodeKey 11 type: string
[90mstdout[2m | src/components/Editor3/plugins/QuizPlugin.stories.jsx[2m > [22m[2mRead Only With Quiz
[22m[39mQuestionBlock.questionContent [
  {
    "answer": "Paris",
    "correct": true,
    "id": "q1",
    "question": "What is the capital of France?",
  },
  {
    "answer": "London",
    "correct": false,
    "id": "q2",
    "question": "What is the capital of France?",
  },
  {
    "answer": "Berlin",
    "correct": false,
    "id": "q3",
    "question": "What is the capital of France?",
  },
  {
    "answer": "Madrid",
    "correct": false,
    "id": "q4",
    "question": "What is the capital of France?",
  },
]
[90mstdout[2m | src/components/Editor3/plugins/QuizPlugin.stories.jsx[2m > [22m[2mRead Only With Quiz
[22m[39mQuestionBlock.grade.data keys: []
[90mstdout[2m | src/components/Editor3/plugins/QuizPlugin.stories.jsx[2m > [22m[2mRead Only With Quiz
[22m[39mQuestionBlock.grade.data[nodeKey]: undefined
[90mstdout[2m | src/components/Editor3/plugins/QuizPlugin.stories.jsx[2m > [22m[2mRead Only With Quiz
[22m[39mQuestionBlockRo.inProgress {}
[90mstdout[2m | src/components/Editor3/plugins/QuizPlugin.stories.jsx[2m > [22m[2mRead Only With Quiz
[22m[39m[Mock Data] Settings created: mock-settings-1790418233643 - notified 0 subscribers
[90mstdout[2m | src/components/Editor3/plugins/QuizPlugin.stories.jsx[2m > [22m[2mRead Only With Quiz
[22m[39m[Mock Data] Unit.onUpdate() subscription added. Total: 1
[90mstdout[2m | src/components/Editor3/plugins/QuizPlugin.stories.jsx[2m > [22m[2mRead Only With Quiz
[22m[39mQuestionBlockRo.grade {}
[90mstdout[2m | src/components/Editor3/plugins/QuizPlugin.stories.jsx[2m > [22m[2mRead Only With Quiz
[22m[39m......!q {
  "answer": "Paris",
  "correct": true,
  "id": "q1",
  "question": "What is the capital of France?",
}
[90mstdout[2m | src/components/Editor3/plugins/QuizPlugin.stories.jsx[2m > [22m[2mRead Only With Quiz
[22m[39m......!q {
  "answer": "London",
  "correct": false,
  "id": "q2",
  "question": "What is the capital of France?",
}
[90mstdout[2m | src/components/Editor3/plugins/QuizPlugin.stories.jsx[2m > [22m[2mRead Only With Quiz
[22m[39m......!q {
  "answer": "Berlin",
  "correct": false,
  "id": "q3",
  "question": "What is the capital of France?",
}
[90mstdout[2m | src/components/Editor3/plugins/QuizPlugin.stories.jsx[2m > [22m[2mRead Only With Quiz
[22m[39m......!q {
  "answer": "Madrid",
  "correct": false,
  "id": "q4",
  "question": "What is the capital of France?",
}
[90mstdout[2m | src/components/Editor3/plugins/QuizPlugin.stories.jsx[2m > [22m[2mRead Only With Quiz
[22m[39mQuestionBlock.nodeKey 11 type: string
[90mstdout[2m | src/components/Editor3/plugins/QuizPlugin.stories.jsx[2m > [22m[2mRead Only With Quiz
[22m[39mQuestionBlock.questionContent [
  {
    "answer": "Paris",
    "correct": true,
    "id": "q1",
    "question": "What is the capital of France?",
  },
  {
    "answer": "London",
    "correct": false,
    "id": "q2",
    "question": "What is the capital of France?",
  },
  {
    "answer": "Berlin",
    "correct": false,
    "id": "q3",
    "question": "What is the capital of France?",
  },
  {
    "answer": "Madrid",
    "correct": false,
    "id": "q4",
    "question": "What is the capital of France?",
  },
]
[90mstdout[2m | src/components/Editor3/plugins/QuizPlugin.stories.jsx[2m > [22m[2mRead Only With Quiz
[22m[39mQuestionBlock.grade.data keys: []
[90mstdout[2m | src/components/Editor3/plugins/QuizPlugin.stories.jsx[2m > [22m[2mRead Only With Quiz
[22m[39mQuestionBlock.grade.data[nodeKey]: undefined
[90mstdout[2m | src/components/Editor3/plugins/QuizPlugin.stories.jsx[2m > [22m[2mRead Only With Quiz
[22m[39mQuestionBlockRo.inProgress {}
[90mstdout[2m | src/components/Editor3/plugins/QuizPlugin.stories.jsx[2m > [22m[2mRead Only With Quiz
[22m[39m[SectionContext] Section observeQuery update: 0
[90mstdout[2m | src/components/Editor3/plugins/QuizPlugin.stories.jsx[2m > [22m[2mRead Only With Quiz
[22m[39m[FilesContext] File observeQuery update: 0 files
[90mstdout[2m | src/components/Editor3/plugins/QuizPlugin.stories.jsx[2m > [22m[2mRead Only With Quiz
[22m[39m[ChatContext] AssistantChat initialized with 0 chats
[90mstdout[2m | src/components/Editor3/plugins/QuizPlugin.stories.jsx[2m > [22m[2mRead Only With Quiz
[22m[39m[MOCK CourseVectorStore] Initialized with mock data
[90mstdout[2m | src/components/Editor3/plugins/QuizPlugin.stories.jsx[2m > [22m[2mRead Only With Quiz
[22m[39mQuestionBlockRo.grade undefined
[90mstdout[2m | src/components/Editor3/plugins/QuizPlugin.stories.jsx[2m > [22m[2mRead Only With Quiz
[22m[39m......!q {
  "answer": "Paris",
  "correct": true,
  "id": "q1",
  "question": "What is the capital of France?",
}
[90mstdout[2m | src/components/Editor3/plugins/QuizPlugin.stories.jsx[2m > [22m[2mRead Only With Quiz
[22m[39m......!q {
  "answer": "London",
  "correct": false,
  "id": "q2",
  "question": "What is the capital of France?",
}
[90mstdout[2m | src/components/Editor3/plugins/QuizPlugin.stories.jsx[2m > [22m[2mRead Only With Quiz
[22m[39m......!q {
  "answer": "Berlin",
  "correct": false,
  "id": "q3",
  "question": "What is the capital of France?",
}
[90mstdout[2m | src/components/Editor3/plugins/QuizPlugin.stories.jsx[2m > [22m[2mRead Only With Quiz
[22m[39m......!q {
  "answer": "Madrid",
  "correct": false,
  "id": "q4",
  "question": "What is the capital of France?",
}
[90mstdout[2m | src/components/Editor3/plugins/QuizPlugin.stories.jsx[2m > [22m[2mRead Only With Quiz
[22m[39mQuestionBlock.nodeKey 11 type: string
[90mstdout[2m | src/components/Editor3/plugins/QuizPlugin.stories.jsx[2m > [22m[2mRead Only With Quiz
[22m[39mQuestionBlock.questionContent [
  {
    "answer": "Paris",
    "correct": true,
    "id": "q1",
    "question": "What is the capital of France?",
  },
  {
    "answer": "London",
    "correct": false,
    "id": "q2",
    "question": "What is the capital of France?",
  },
  {
    "answer": "Berlin",
    "correct": false,
    "id": "q3",
    "question": "What is the capital of France?",
  },
  {
    "answer": "Madrid",
    "correct": false,
    "id": "q4",
    "question": "What is the capital of France?",
  },
]
[90mstdout[2m | src/components/Editor3/plugins/QuizPlugin.stories.jsx[2m > [22m[2mRead Only With Quiz
[22m[39mQuestionBlock.grade.data keys: []
[90mstdout[2m | src/components/Editor3/plugins/QuizPlugin.stories.jsx[2m > [22m[2mRead Only With Quiz
[22m[39mQuestionBlock.grade.data[nodeKey]: undefined
[90mstdout[2m | src/components/Editor3/plugins/QuizPlugin.stories.jsx[2m > [22m[2mRead Only With Quiz
[22m[39mQuestionBlockRo.inProgress {}
[90mstdout[2m | src/components/Editor3/plugins/QuizPlugin.stories.jsx[2m > [22m[2mRead Only With Quiz
[22m[39m[ChatContext] No current chat available, will create one
[90mstdout[2m | src/components/Editor3/plugins/QuizPlugin.stories.jsx[2m > [22m[2mRead Only With Quiz
[22m[39m[ChatContext] Creating AssistantChat with user: undefined
[90mstdout[2m | src/components/Editor3/plugins/QuizPlugin.stories.jsx[2m > [22m[2mRead Only With Quiz
[22m[39m[Mock Data] AssistantChat created: mock-assistantchat-1790418233709 - notified 1 subscribers
[90mstdout[2m | src/components/Editor3/plugins/QuizPlugin.stories.jsx[2m > [22m[2mRead Only With Quiz
[22m[39m[ChatContext] Create result: {
  "data": {
    "_version": 1,
    "archived": false,
    "chatFiles": [Function anonymous],
    "createdAt": "2026-09-26T10:23:53.709Z",
    "id": "mock-assistantchat-1790418233709",
    "model": "gpt-4",
    "updatedAt": "2026-09-26T10:23:53.709Z",
  },
  "errors": [],
  "hasData": true,
  "hasErrors": true,
}
[90mstdout[2m | src/components/Editor3/plugins/QuizPlugin.stories.jsx[2m > [22m[2mRead Only With Quiz
[22m[39m[ChatContext] Created AssistantChat: mock-assistantchat-1790418233709 at: 2026-09-26T10:23:53.709Z
[90mstdout[2m | src/components/Editor3/plugins/QuizPlugin.stories.jsx[2m > [22m[2mRead Only With Quiz
[22m[39m[Mock Storage] downloadData called with: undefined
[90mstdout[2m | src/components/Editor3/plugins/QuizPlugin.stories.jsx[2m > [22m[2mRead Only With Quiz
[22m[39m[ChatContext] Setting initial chat: mock-assistantchat-1790418233709
[90mstdout[2m | src/components/Editor3/plugins/QuizPlugin.stories.jsx[2m > [22m[2mRead Only With Quiz
[22m[39m[ChatContext] Chat exists and not archived, skipping creation
 [32m✓[39m [30m[45m storybook (chromium) [49m[39m src/components/Editor3/plugins/QuizPlugin.stories.jsx [2m([22m[2m3 tests[22m[2m)[22m[33m 710[2mms[22m[39m
[90mstdout[2m | unknown test
[22m[39m[MOCK vectorStoreDB.js] Module loaded - mock IndexedDB operations
[90mstdout[2m | unknown test
[22m[39m[Task Completion] DOM action listeners initialized
[90mstdout[2m | unknown test
[22m[39m[Task Completion] Auto-completion detector initialized
[90mstdout[2m | unknown test
[22m[39m[Preview] Task completion detector initialized
[90mstdout[2m | src/components/Workbook/TutorPresenceBanner.stories.tsx[2m > [22m[2mTwo Tutors
[22m[39m[MOCK CourseVectorStore] Initialized with mock data
[90mstdout[2m | src/components/Workbook/TutorPresenceBanner.stories.tsx[2m > [22m[2mTwo Tutors
[22m[39m[TranslationModeController] Setting mode to: off
[90mstdout[2m | src/components/Workbook/TutorPresenceBanner.stories.tsx[2m > [22m[2mTwo Tutors
[22m[39m[FilesContext] Initializing vector store from IndexedDB
[90mstdout[2m | src/components/Workbook/TutorPresenceBanner.stories.tsx[2m > [22m[2mTwo Tutors
[22m[39m[FilesContext] fetchFiles called
[90mstdout[2m | src/components/Workbook/TutorPresenceBanner.stories.tsx[2m > [22m[2mTwo Tutors
[22m[39m[FilesContext] User authenticated: mock-user-sub
[90mstdout[2m | src/components/Workbook/TutorPresenceBanner.stories.tsx[2m > [22m[2mTwo Tutors
[22m[39m[FilesContext] Identity ID: us-east-1:mock-identity-123
[90mstdout[2m | src/components/Workbook/TutorPresenceBanner.stories.tsx[2m > [22m[2mTwo Tutors
[22m[39m[FilesContext] About to set up File observeQuery
[90mstdout[2m | src/components/Workbook/TutorPresenceBanner.stories.tsx[2m > [22m[2mTwo Tutors
[22m[39m[ChatContext] Setting up AssistantChat observeQuery
[90mstdout[2m | src/components/Workbook/TutorPresenceBanner.stories.tsx[2m > [22m[2mTwo Tutors
[22m[39m[ChatContext] Waiting for subscription to initialize
[90mstdout[2m | src/components/Workbook/TutorPresenceBanner.stories.tsx[2m > [22m[2mTwo Tutors
[22m[39m[SettingsContext] Setting up Settings subscription for user: mock-user-sub
[90mstdout[2m | src/components/Workbook/TutorPresenceBanner.stories.tsx[2m > [22m[2mTwo Tutors
[22m[39m[Mock Data] Settings created: mock-settings-1790418238025 - notified 0 subscribers
[90mstdout[2m | src/components/Workbook/TutorPresenceBanner.stories.tsx[2m > [22m[2mTwo Tutors
[22m[39m[FilesContext] File observeQuery update: 6 files
[90mstdout[2m | src/components/Workbook/TutorPresenceBanner.stories.tsx[2m > [22m[2mTwo Tutors
[22m[39m[ChatContext] AssistantChat initialized with 1 chats
[90mstdout[2m | src/components/Workbook/TutorPresenceBanner.stories.tsx[2m > [22m[2mTwo Tutors
[22m[39m[ChatContext] Setting initial chat: mock-assistant-chat-1
[90mstdout[2m | src/components/Workbook/TutorPresenceBanner.stories.tsx[2m > [22m[2mTwo Tutors
[22m[39m[Mock Storage] downloadData called with: undefined
[90mstdout[2m | src/components/Workbook/TutorPresenceBanner.stories.tsx[2m > [22m[2mTwo Tutors
[22m[39m[MOCK CourseVectorStore] Initialized with mock data
[90mstdout[2m | src/components/Workbook/TutorPresenceBanner.stories.tsx[2m > [22m[2mTwo Tutors
[22m[39m[FilesContext] Vector store population triggered {
  "currentVectorStoreSize": 3,
  "documentsCount": 0,
  "filesCount": 6,
  "isInitialLoad": true,
}
[90mstdout[2m | src/components/Workbook/TutorPresenceBanner.stories.tsx[2m > [22m[2mTwo Tutors
[22m[39m[FilesContext] Vector store population complete - 3 total embeddings
[90mstdout[2m | src/components/Workbook/TutorPresenceBanner.stories.tsx[2m > [22m[2mTwo Tutors
[22m[39m[ChatContext] Chat exists and not archived, skipping creation
[90mstdout[2m | src/components/Workbook/TutorPresenceBanner.stories.tsx[2m > [22m[2mSingle Tutor
[22m[39m[ChatContext] Cleaning up subscriptions
[90mstdout[2m | src/components/Workbook/TutorPresenceBanner.stories.tsx[2m > [22m[2mSingle Tutor
[22m[39m[MOCK CourseVectorStore] Initialized with mock data
[90mstdout[2m | src/components/Workbook/TutorPresenceBanner.stories.tsx[2m > [22m[2mSingle Tutor
[22m[39m[TranslationModeController] Setting mode to: off
[90mstdout[2m | src/components/Workbook/TutorPresenceBanner.stories.tsx[2m > [22m[2mSingle Tutor
[22m[39m[FilesContext] Initializing vector store from IndexedDB
[90mstdout[2m | src/components/Workbook/TutorPresenceBanner.stories.tsx[2m > [22m[2mSingle Tutor
[22m[39m[FilesContext] fetchFiles called
[90mstdout[2m | src/components/Workbook/TutorPresenceBanner.stories.tsx[2m > [22m[2mSingle Tutor
[22m[39m[FilesContext] User authenticated: mock-user-sub
[90mstdout[2m | src/components/Workbook/TutorPresenceBanner.stories.tsx[2m > [22m[2mSingle Tutor
[22m[39m[FilesContext] Identity ID: us-east-1:mock-identity-123
[90mstdout[2m | src/components/Workbook/TutorPresenceBanner.stories.tsx[2m > [22m[2mSingle Tutor
[22m[39m[FilesContext] About to set up File observeQuery
[90mstdout[2m | src/components/Workbook/TutorPresenceBanner.stories.tsx[2m > [22m[2mSingle Tutor
[22m[39m[ChatContext] Setting up AssistantChat observeQuery
[90mstdout[2m | src/components/Workbook/TutorPresenceBanner.stories.tsx[2m > [22m[2mSingle Tutor
[22m[39m[ChatContext] Waiting for subscription to initialize
[90mstdout[2m | src/components/Workbook/TutorPresenceBanner.stories.tsx[2m > [22m[2mSingle Tutor
[22m[39m[SettingsContext] Setting up Settings subscription for user: mock-user-sub
[90mstdout[2m | src/components/Workbook/TutorPresenceBanner.stories.tsx[2m > [22m[2mSingle Tutor
[22m[39m[Mock Data] Settings created: mock-settings-1790418238163 - notified 0 subscribers
[90mstdout[2m | src/components/Workbook/TutorPresenceBanner.stories.tsx[2m > [22m[2mSingle Tutor
[22m[39m[FilesContext] File observeQuery update: 6 files
[90mstdout[2m | src/components/Workbook/TutorPresenceBanner.stories.tsx[2m > [22m[2mSingle Tutor
[22m[39m[ChatContext] AssistantChat initialized with 1 chats
[90mstdout[2m | src/components/Workbook/TutorPresenceBanner.stories.tsx[2m > [22m[2mSingle Tutor
[22m[39m[ChatContext] Setting initial chat: mock-assistant-chat-1
[90mstdout[2m | src/components/Workbook/TutorPresenceBanner.stories.tsx[2m > [22m[2mSingle Tutor
[22m[39m[Mock Storage] downloadData called with: undefined
[90mstdout[2m | src/components/Workbook/TutorPresenceBanner.stories.tsx[2m > [22m[2mSingle Tutor
[22m[39m[MOCK CourseVectorStore] Initialized with mock data
[90mstdout[2m | src/components/Workbook/TutorPresenceBanner.stories.tsx[2m > [22m[2mSingle Tutor
[22m[39m[FilesContext] Vector store population triggered {
  "currentVectorStoreSize": 3,
  "documentsCount": 0,
  "filesCount": 6,
  "isInitialLoad": true,
}
[90mstdout[2m | src/components/Workbook/TutorPresenceBanner.stories.tsx[2m > [22m[2mSingle Tutor
[22m[39m[FilesContext] Vector store population complete - 3 total embeddings
[90mstdout[2m | src/components/Workbook/TutorPresenceBanner.stories.tsx[2m > [22m[2mSingle Tutor
[22m[39m[ChatContext] Chat exists and not archived, skipping creation
[90mstdout[2m | src/components/Workbook/TutorPresenceBanner.stories.tsx[2m > [22m[2mNo Tutors
[22m[39m[ChatContext] Cleaning up subscriptions
[90mstdout[2m | src/components/Workbook/TutorPresenceBanner.stories.tsx[2m > [22m[2mNo Tutors
[22m[39m[MOCK CourseVectorStore] Initialized with mock data
[90mstdout[2m | src/components/Workbook/TutorPresenceBanner.stories.tsx[2m > [22m[2mNo Tutors
[22m[39m[TranslationModeController] Setting mode to: off
[90mstdout[2m | src/components/Workbook/TutorPresenceBanner.stories.tsx[2m > [22m[2mNo Tutors
[22m[39m[FilesContext] Initializing vector store from IndexedDB
[90mstdout[2m | src/components/Workbook/TutorPresenceBanner.stories.tsx[2m > [22m[2mNo Tutors
[22m[39m[FilesContext] fetchFiles called
[90mstdout[2m | src/components/Workbook/TutorPresenceBanner.stories.tsx[2m > [22m[2mNo Tutors
[22m[39m[FilesContext] User authenticated: mock-user-sub
[90mstdout[2m | src/components/Workbook/TutorPresenceBanner.stories.tsx[2m > [22m[2mNo Tutors
[22m[39m[FilesContext] Identity ID: us-east-1:mock-identity-123
[90mstdout[2m | src/components/Workbook/TutorPresenceBanner.stories.tsx[2m > [22m[2mNo Tutors
[22m[39m[FilesContext] About to set up File observeQuery
[90mstdout[2m | src/components/Workbook/TutorPresenceBanner.stories.tsx[2m > [22m[2mNo Tutors
[22m[39m[ChatContext] Setting up AssistantChat observeQuery
[90mstdout[2m | src/components/Workbook/TutorPresenceBanner.stories.tsx[2m > [22m[2mNo Tutors
[22m[39m[ChatContext] Waiting for subscription to initialize
[90mstdout[2m | src/components/Workbook/TutorPresenceBanner.stories.tsx[2m > [22m[2mNo Tutors
[22m[39m[SettingsContext] Setting up Settings subscription for user: mock-user-sub
[90mstdout[2m | src/components/Workbook/TutorPresenceBanner.stories.tsx[2m > [22m[2mNo Tutors
[22m[39m[Mock Data] Settings created: mock-settings-1790418238273 - notified 0 subscribers
[90mstdout[2m | src/components/Workbook/TutorPresenceBanner.stories.tsx[2m > [22m[2mNo Tutors
[22m[39m[FilesContext] File observeQuery update: 6 files
[90mstdout[2m | src/components/Workbook/TutorPresenceBanner.stories.tsx[2m > [22m[2mNo Tutors
[22m[39m[ChatContext] AssistantChat initialized with 1 chats
[90mstdout[2m | src/components/Workbook/TutorPresenceBanner.stories.tsx[2m > [22m[2mNo Tutors
[22m[39m[ChatContext] Setting initial chat: mock-assistant-chat-1
[90mstdout[2m | src/components/Workbook/TutorPresenceBanner.stories.tsx[2m > [22m[2mNo Tutors
[22m[39m[Mock Storage] downloadData called with: undefined
[90mstdout[2m | src/components/Workbook/TutorPresenceBanner.stories.tsx[2m > [22m[2mNo Tutors
[22m[39m[MOCK CourseVectorStore] Initialized with mock data
[90mstdout[2m | src/components/Workbook/TutorPresenceBanner.stories.tsx[2m > [22m[2mNo Tutors
[22m[39m[FilesContext] Vector store population triggered {
  "currentVectorStoreSize": 3,
  "documentsCount": 0,
  "filesCount": 6,
  "isInitialLoad": true,
}
[90mstdout[2m | src/components/Workbook/TutorPresenceBanner.stories.tsx[2m > [22m[2mNo Tutors
[22m[39m[FilesContext] Vector store population complete - 3 total embeddings
[90mstdout[2m | src/components/Workbook/TutorPresenceBanner.stories.tsx[2m > [22m[2mNo Tutors
[22m[39m[ChatContext] Chat exists and not archived, skipping creation
[90mstdout[2m | src/components/Workbook/TutorPresenceBanner.stories.tsx[2m > [22m[2mDisabled
[22m[39m[ChatContext] Cleaning up subscriptions
[90mstdout[2m | src/components/Workbook/TutorPresenceBanner.stories.tsx[2m > [22m[2mDisabled
[22m[39m[MOCK CourseVectorStore] Initialized with mock data
[90mstdout[2m | src/components/Workbook/TutorPresenceBanner.stories.tsx[2m > [22m[2mDisabled
[22m[39m[TranslationModeController] Setting mode to: off
[90mstdout[2m | src/components/Workbook/TutorPresenceBanner.stories.tsx[2m > [22m[2mDisabled
[22m[39m[FilesContext] Initializing vector store from IndexedDB
[90mstdout[2m | src/components/Workbook/TutorPresenceBanner.stories.tsx[2m > [22m[2mDisabled
[22m[39m[FilesContext] fetchFiles called
[90mstdout[2m | src/components/Workbook/TutorPresenceBanner.stories.tsx[2m > [22m[2mDisabled
[22m[39m[FilesContext] User authenticated: mock-user-sub
[90mstdout[2m | src/components/Workbook/TutorPresenceBanner.stories.tsx[2m > [22m[2mDisabled
[22m[39m[FilesContext] Identity ID: us-east-1:mock-identity-123
[90mstdout[2m | src/components/Workbook/TutorPresenceBanner.stories.tsx[2m > [22m[2mDisabled
[22m[39m[FilesContext] About to set up File observeQuery
[90mstdout[2m | src/components/Workbook/TutorPresenceBanner.stories.tsx[2m > [22m[2mDisabled
[22m[39m[ChatContext] Setting up AssistantChat observeQuery
[90mstdout[2m | src/components/Workbook/TutorPresenceBanner.stories.tsx[2m > [22m[2mDisabled
[22m[39m[ChatContext] Waiting for subscription to initialize
[90mstdout[2m | src/components/Workbook/TutorPresenceBanner.stories.tsx[2m > [22m[2mDisabled
[22m[39m[SettingsContext] Setting up Settings subscription for user: mock-user-sub
[90mstdout[2m | src/components/Workbook/TutorPresenceBanner.stories.tsx[2m > [22m[2mDisabled
[22m[39m[Mock Data] Settings created: mock-settings-1790418238359 - notified 0 subscribers
[90mstdout[2m | src/components/Workbook/TutorPresenceBanner.stories.tsx[2m > [22m[2mDisabled
[22m[39m[FilesContext] File observeQuery update: 6 files
[90mstdout[2m | src/components/Workbook/TutorPresenceBanner.stories.tsx[2m > [22m[2mDisabled
[22m[39m[ChatContext] AssistantChat initialized with 1 chats
[90mstdout[2m | src/components/Workbook/TutorPresenceBanner.stories.tsx[2m > [22m[2mDisabled
[22m[39m[ChatContext] Setting initial chat: mock-assistant-chat-1
[90mstdout[2m | src/components/Workbook/TutorPresenceBanner.stories.tsx[2m > [22m[2mDisabled
[22m[39m[Mock Storage] downloadData called with: undefined
[90mstdout[2m | src/components/Workbook/TutorPresenceBanner.stories.tsx[2m > [22m[2mDisabled
[22m[39m[MOCK CourseVectorStore] Initialized with mock data
[90mstdout[2m | src/components/Workbook/TutorPresenceBanner.stories.tsx[2m > [22m[2mDisabled
[22m[39m[FilesContext] Vector store population triggered {
  "currentVectorStoreSize": 3,
  "documentsCount": 0,
  "filesCount": 6,
  "isInitialLoad": true,
}
[90mstdout[2m | src/components/Workbook/TutorPresenceBanner.stories.tsx[2m > [22m[2mDisabled
[22m[39m[FilesContext] Vector store population complete - 3 total embeddings
[90mstdout[2m | src/components/Workbook/TutorPresenceBanner.stories.tsx[2m > [22m[2mDisabled
[22m[39m[ChatContext] Chat exists and not archived, skipping creation
 [32m✓[39m [30m[45m storybook (chromium) [49m[39m src/components/Workbook/TutorPresenceBanner.stories.tsx [2m([22m[2m4 tests[22m[2m)[22m[33m 431[2mms[22m[39m
[90mstdout[2m | unknown test
[22m[39m[MOCK vectorStoreDB.js] Module loaded - mock IndexedDB operations
[90mstdout[2m | unknown test
[22m[39m[Task Completion] DOM action listeners initialized
[90mstdout[2m | unknown test
[22m[39m[Task Completion] Auto-completion detector initialized
[90mstdout[2m | unknown test
[22m[39m[Preview] Task completion detector initialized
[90mstdout[2m | src/components/Editor3/components/StaticReferenceVisualizer.stories.tsx[2m > [22m[2mTop Center
[22m[39m[TranslationModeController] Setting mode to: off
[90mstdout[2m | src/components/Editor3/components/StaticReferenceVisualizer.stories.tsx[2m > [22m[2mAnimated Top Center
[22m[39m[TranslationModeController] Setting mode to: off
[90mstdout[2m | src/components/Editor3/components/StaticReferenceVisualizer.stories.tsx[2m > [22m[2mAudio Reactive Top Center
[22m[39m[TranslationModeController] Setting mode to: off
[90mstdout[2m | src/components/Editor3/components/StaticReferenceVisualizer.stories.tsx[2m > [22m[2mAudio Reactive Middle Center
[22m[39m[TranslationModeController] Setting mode to: off
[90mstdout[2m | src/components/Editor3/components/StaticReferenceVisualizer.stories.tsx[2m > [22m[2mMiddle Center
[22m[39m[TranslationModeController] Setting mode to: off
 [32m✓[39m [30m[45m storybook (chromium) [49m[39m src/components/Editor3/components/StaticReferenceVisualizer.stories.tsx [2m([22m[2m5 tests[22m[2m)[22m[33m 518[2mms[22m[39m
[90mstdout[2m | unknown test
[22m[39m[MOCK vectorStoreDB.js] Module loaded - mock IndexedDB operations
[90mstdout[2m | unknown test
[22m[39m[Task Completion] DOM action listeners initialized
[90mstdout[2m | unknown test
[22m[39m[Task Completion] Auto-completion detector initialized
[90mstdout[2m | unknown test
[22m[39m[Preview] Task completion detector initialized
[90mstdout[2m | src/components/SectionAssigner.stories.jsx[2m > [22m[2mDefault
[22m[39m[MOCK CourseVectorStore] Initialized with mock data
[90mstdout[2m | src/components/SectionAssigner.stories.jsx[2m > [22m[2mDefault
[22m[39m[TranslationModeController] Setting mode to: off
[90mstdout[2m | src/components/SectionAssigner.stories.jsx[2m > [22m[2mDefault
[22m[39m[UnitContext] useEffect triggered {
  "authLoading": false,
  "hasUser": true,
  "id": "mock-unit-id",
  "userSub": "mock-user-sub",
}
[90mstdout[2m | src/components/SectionAssigner.stories.jsx[2m > [22m[2mDefault
[22m[39m[UnitContext] Fetching unit data for id: mock-unit-id
[90mstdout[2m | src/components/SectionAssigner.stories.jsx[2m > [22m[2mDefault
[22m[39m[FilesContext] Initializing vector store from IndexedDB
[90mstdout[2m | src/components/SectionAssigner.stories.jsx[2m > [22m[2mDefault
[22m[39m[FilesContext] fetchFiles called
[90mstdout[2m | src/components/SectionAssigner.stories.jsx[2m > [22m[2mDefault
[22m[39m[FilesContext] User authenticated: mock-user-sub
[90mstdout[2m | src/components/SectionAssigner.stories.jsx[2m > [22m[2mDefault
[22m[39m[FilesContext] Identity ID: us-east-1:mock-identity-123
[90mstdout[2m | src/components/SectionAssigner.stories.jsx[2m > [22m[2mDefault
[22m[39m[FilesContext] About to set up File observeQuery
[90mstdout[2m | src/components/SectionAssigner.stories.jsx[2m > [22m[2mDefault
[22m[39m[ChatContext] Setting up AssistantChat observeQuery
[90mstdout[2m | src/components/SectionAssigner.stories.jsx[2m > [22m[2mDefault
[22m[39m[ChatContext] Waiting for subscription to initialize
[90mstdout[2m | src/components/SectionAssigner.stories.jsx[2m > [22m[2mDefault
[22m[39m[SettingsContext] Setting up Settings subscription for user: mock-user-sub
[90mstdout[2m | src/components/SectionAssigner.stories.jsx[2m > [22m[2mDefault
[22m[39m[Mock Data] Settings created: mock-settings-1790418240377 - notified 0 subscribers
[90mstdout[2m | src/components/SectionAssigner.stories.jsx[2m > [22m[2mDefault
[22m[39m[Mock Data] Unit.onUpdate() subscription added. Total: 1
[90mstdout[2m | src/components/SectionAssigner.stories.jsx[2m > [22m[2mDefault
[22m[39m[SectionContext] Section observeQuery update: 0
[90mstdout[2m | src/components/SectionAssigner.stories.jsx[2m > [22m[2mDefault
[22m[39m[FilesContext] File observeQuery update: 6 files
[90mstdout[2m | src/components/SectionAssigner.stories.jsx[2m > [22m[2mDefault
[22m[39m[ChatContext] AssistantChat initialized with 1 chats
[90mstdout[2m | src/components/SectionAssigner.stories.jsx[2m > [22m[2mDefault
[22m[39m[ChatContext] Setting initial chat: mock-assistant-chat-1
[90mstdout[2m | src/components/SectionAssigner.stories.jsx[2m > [22m[2mDefault
[22m[39m[MOCK CourseVectorStore] Initialized with mock data
[90mstdout[2m | src/components/SectionAssigner.stories.jsx[2m > [22m[2mDefault
[22m[39m[FilesContext] Vector store population triggered {
  "currentVectorStoreSize": 3,
  "documentsCount": 0,
  "filesCount": 6,
  "isInitialLoad": true,
}
[90mstdout[2m | src/components/SectionAssigner.stories.jsx[2m > [22m[2mDefault
[22m[39m[FilesContext] Vector store population complete - 3 total embeddings
[90mstdout[2m | src/components/SectionAssigner.stories.jsx[2m > [22m[2mDefault
[22m[39m[ChatContext] Chat exists and not archived, skipping creation
[90mstdout[2m | src/components/SectionAssigner.stories.jsx[2m > [22m[2mDefault
[22m[39m[Mock Storage] downloadData called with: undefined
[90mstdout[2m | src/components/SectionAssigner.stories.jsx[2m > [22m[2mClosed
[22m[39m[ChatContext] Cleaning up subscriptions
[90mstdout[2m | src/components/SectionAssigner.stories.jsx[2m > [22m[2mClosed
[22m[39m[Mock Data] Unit.onUpdate() subscription removed. Remaining: 0
[90mstdout[2m | src/components/SectionAssigner.stories.jsx[2m > [22m[2mClosed
[22m[39m[MOCK CourseVectorStore] Initialized with mock data
[90mstdout[2m | src/components/SectionAssigner.stories.jsx[2m > [22m[2mClosed
[22m[39m[TranslationModeController] Setting mode to: off
[90mstdout[2m | src/components/SectionAssigner.stories.jsx[2m > [22m[2mClosed
[22m[39m[UnitContext] useEffect triggered {
  "authLoading": false,
  "hasUser": true,
  "id": "mock-unit-id",
  "userSub": "mock-user-sub",
}
[90mstdout[2m | src/components/SectionAssigner.stories.jsx[2m > [22m[2mClosed
[22m[39m[UnitContext] Fetching unit data for id: mock-unit-id
[90mstdout[2m | src/components/SectionAssigner.stories.jsx[2m > [22m[2mClosed
[22m[39m[FilesContext] Initializing vector store from IndexedDB
[90mstdout[2m | src/components/SectionAssigner.stories.jsx[2m > [22m[2mClosed
[22m[39m[FilesContext] fetchFiles called
[90mstdout[2m | src/components/SectionAssigner.stories.jsx[2m > [22m[2mClosed
[22m[39m[FilesContext] User authenticated: mock-user-sub
[90mstdout[2m | src/components/SectionAssigner.stories.jsx[2m > [22m[2mClosed
[22m[39m[FilesContext] Identity ID: us-east-1:mock-identity-123
[90mstdout[2m | src/components/SectionAssigner.stories.jsx[2m > [22m[2mClosed
[22m[39m[FilesContext] About to set up File observeQuery
[90mstdout[2m | src/components/SectionAssigner.stories.jsx[2m > [22m[2mClosed
[22m[39m[ChatContext] Setting up AssistantChat observeQuery
[90mstdout[2m | src/components/SectionAssigner.stories.jsx[2m > [22m[2mClosed
[22m[39m[ChatContext] Waiting for subscription to initialize
[90mstdout[2m | src/components/SectionAssigner.stories.jsx[2m > [22m[2mClosed
[22m[39m[SettingsContext] Setting up Settings subscription for user: mock-user-sub
[90mstdout[2m | src/components/SectionAssigner.stories.jsx[2m > [22m[2mClosed
[22m[39m[Mock Data] Settings created: mock-settings-1790418240623 - notified 0 subscribers
[90mstdout[2m | src/components/SectionAssigner.stories.jsx[2m > [22m[2mClosed
[22m[39m[Mock Data] Unit.onUpdate() subscription added. Total: 1
[90mstdout[2m | src/components/SectionAssigner.stories.jsx[2m > [22m[2mClosed
[22m[39m[SectionContext] Section observeQuery update: 0
[90mstdout[2m | src/components/SectionAssigner.stories.jsx[2m > [22m[2mClosed
[22m[39m[Mock Storage] downloadData called with: undefined
[90mstdout[2m | src/components/SectionAssigner.stories.jsx[2m > [22m[2mClosed
[22m[39m[FilesContext] File observeQuery update: 6 files
[90mstdout[2m | src/components/SectionAssigner.stories.jsx[2m > [22m[2mClosed
[22m[39m[ChatContext] AssistantChat initialized with 1 chats
[90mstdout[2m | src/components/SectionAssigner.stories.jsx[2m > [22m[2mClosed
[22m[39m[ChatContext] Setting initial chat: mock-assistant-chat-1
[90mstdout[2m | src/components/SectionAssigner.stories.jsx[2m > [22m[2mClosed
[22m[39m[MOCK CourseVectorStore] Initialized with mock data
[90mstdout[2m | src/components/SectionAssigner.stories.jsx[2m > [22m[2mClosed
[22m[39m[FilesContext] Vector store population triggered {
  "currentVectorStoreSize": 3,
  "documentsCount": 0,
  "filesCount": 6,
  "isInitialLoad": true,
}
[90mstdout[2m | src/components/SectionAssigner.stories.jsx[2m > [22m[2mClosed
[22m[39m[FilesContext] Vector store population complete - 3 total embeddings
[90mstdout[2m | src/components/SectionAssigner.stories.jsx[2m > [22m[2mClosed
[22m[39m[ChatContext] Chat exists and not archived, skipping creation
[90mstdout[2m | src/components/SectionAssigner.stories.jsx[2m > [22m[2mNo Sections
[22m[39m[ChatContext] Cleaning up subscriptions
[90mstdout[2m | src/components/SectionAssigner.stories.jsx[2m > [22m[2mNo Sections
[22m[39m[Mock Data] Unit.onUpdate() subscription removed. Remaining: 0
[90mstdout[2m | src/components/SectionAssigner.stories.jsx[2m > [22m[2mNo Sections
[22m[39m[MOCK CourseVectorStore] Initialized with mock data
[90mstdout[2m | src/components/SectionAssigner.stories.jsx[2m > [22m[2mNo Sections
[22m[39m[TranslationModeController] Setting mode to: off
[90mstdout[2m | src/components/SectionAssigner.stories.jsx[2m > [22m[2mNo Sections
[22m[39m[UnitContext] useEffect triggered {
  "authLoading": false,
  "hasUser": true,
  "id": "mock-unit-id",
  "userSub": "mock-user-sub",
}
[90mstdout[2m | src/components/SectionAssigner.stories.jsx[2m > [22m[2mNo Sections
[22m[39m[UnitContext] Fetching unit data for id: mock-unit-id
[90mstdout[2m | src/components/SectionAssigner.stories.jsx[2m > [22m[2mNo Sections
[22m[39m[FilesContext] Initializing vector store from IndexedDB
[90mstdout[2m | src/components/SectionAssigner.stories.jsx[2m > [22m[2mNo Sections
[22m[39m[FilesContext] fetchFiles called
[90mstdout[2m | src/components/SectionAssigner.stories.jsx[2m > [22m[2mNo Sections
[22m[39m[FilesContext] User authenticated: mock-user-sub
[90mstdout[2m | src/components/SectionAssigner.stories.jsx[2m > [22m[2mNo Sections
[22m[39m[FilesContext] Identity ID: us-east-1:mock-identity-123
[90mstdout[2m | src/components/SectionAssigner.stories.jsx[2m > [22m[2mNo Sections
[22m[39m[FilesContext] About to set up File observeQuery
[90mstdout[2m | src/components/SectionAssigner.stories.jsx[2m > [22m[2mNo Sections
[22m[39m[ChatContext] Setting up AssistantChat observeQuery
[90mstdout[2m | src/components/SectionAssigner.stories.jsx[2m > [22m[2mNo Sections
[22m[39m[ChatContext] Waiting for subscription to initialize
[90mstdout[2m | src/components/SectionAssigner.stories.jsx[2m > [22m[2mNo Sections
[22m[39m[SettingsContext] Setting up Settings subscription for user: mock-user-sub
[90mstdout[2m | src/components/SectionAssigner.stories.jsx[2m > [22m[2mNo Sections
[22m[39m[Mock Data] Settings created: mock-settings-1790418240789 - notified 0 subscribers
[90mstdout[2m | src/components/SectionAssigner.stories.jsx[2m > [22m[2mNo Sections
[22m[39m[Mock Data] Unit.onUpdate() subscription added. Total: 1
[90mstdout[2m | src/components/SectionAssigner.stories.jsx[2m > [22m[2mNo Sections
[22m[39m[SectionContext] Section observeQuery update: 0
[90mstdout[2m | src/components/SectionAssigner.stories.jsx[2m > [22m[2mNo Sections
[22m[39m[FilesContext] File observeQuery update: 6 files
[90mstdout[2m | src/components/SectionAssigner.stories.jsx[2m > [22m[2mNo Sections
[22m[39m[ChatContext] AssistantChat initialized with 1 chats
[90mstdout[2m | src/components/SectionAssigner.stories.jsx[2m > [22m[2mNo Sections
[22m[39m[ChatContext] Setting initial chat: mock-assistant-chat-1
[90mstdout[2m | src/components/SectionAssigner.stories.jsx[2m > [22m[2mNo Sections
[22m[39m[MOCK CourseVectorStore] Initialized with mock data
[90mstdout[2m | src/components/SectionAssigner.stories.jsx[2m > [22m[2mNo Sections
[22m[39m[FilesContext] Vector store population triggered {
  "currentVectorStoreSize": 3,
  "documentsCount": 0,
  "filesCount": 6,
  "isInitialLoad": true,
}
[90mstdout[2m | src/components/SectionAssigner.stories.jsx[2m > [22m[2mNo Sections
[22m[39m[FilesContext] Vector store population complete - 3 total embeddings
[90mstdout[2m | src/components/SectionAssigner.stories.jsx[2m > [22m[2mNo Sections
[22m[39m[ChatContext] Chat exists and not archived, skipping creation
[90mstdout[2m | src/components/SectionAssigner.stories.jsx[2m > [22m[2mNo Sections
[22m[39m[Mock Storage] downloadData called with: undefined
 [32m✓[39m [30m[45m storybook (chromium) [49m[39m src/components/SectionAssigner.stories.jsx [2m([22m[2m3 tests[22m[2m)[22m[33m 664[2mms[22m[39m
   [33m[2m✓[22m[39m Default [33m 308[2mms[22m[39m
[90mstdout[2m | unknown test
[22m[39m[MOCK vectorStoreDB.js] Module loaded - mock IndexedDB operations
[90mstdout[2m | unknown test
[22m[39m[Task Completion] DOM action listeners initialized
[90mstdout[2m | unknown test
[22m[39m[Task Completion] Auto-completion detector initialized
[90mstdout[2m | unknown test
[22m[39m[Preview] Task completion detector initialized
[90mstdout[2m | src/components/Gamification/ProgressRings.stories.tsx[2m > [22m[2mMultiple Modules
[22m[39m[TranslationModeController] Setting mode to: off
[90mstdout[2m | src/components/Gamification/ProgressRings.stories.tsx[2m > [22m[2mSingle Module
[22m[39m[TranslationModeController] Setting mode to: off
[90mstdout[2m | src/components/Gamification/ProgressRings.stories.tsx[2m > [22m[2mEmpty
[22m[39m[TranslationModeController] Setting mode to: off
 [32m✓[39m [30m[45m storybook (chromium) [49m[39m src/components/Gamification/ProgressRings.stories.tsx [2m([22m[2m3 tests[22m[2m)[22m[33m 307[2mms[22m[39m
[90mstdout[2m | unknown test
[22m[39m[MOCK vectorStoreDB.js] Module loaded - mock IndexedDB operations
[90mstdout[2m | unknown test
[22m[39m[Task Completion] DOM action listeners initialized
[90mstdout[2m | unknown test
[22m[39m[Task Completion] Auto-completion detector initialized
[90mstdout[2m | unknown test
[22m[39m[Preview] Task completion detector initialized
[90mstdout[2m | src/components/Editor3/NarrativeReader.stories.tsx[2m > [22m[2mDefault
[22m[39m[MOCK CourseVectorStore] Initialized with mock data
[90mstdout[2m | src/components/Editor3/NarrativeReader.stories.tsx[2m > [22m[2mDefault
[22m[39m[TranslationModeController] Setting mode to: off
[90mstdout[2m | src/components/Editor3/NarrativeReader.stories.tsx[2m > [22m[2mDefault
[22m[39m[UnitContext] useEffect triggered {
  "authLoading": false,
  "hasUser": true,
  "id": "mock-unit-id",
  "userSub": "mock-user-sub",
}
[90mstdout[2m | src/components/Editor3/NarrativeReader.stories.tsx[2m > [22m[2mDefault
[22m[39m[UnitContext] Fetching unit data for id: mock-unit-id
[90mstdout[2m | src/components/Editor3/NarrativeReader.stories.tsx[2m > [22m[2mDefault
[22m[39m[FilesContext] Initializing vector store from IndexedDB
[90mstdout[2m | src/components/Editor3/NarrativeReader.stories.tsx[2m > [22m[2mDefault
[22m[39m[FilesContext] fetchFiles called
[90mstdout[2m | src/components/Editor3/NarrativeReader.stories.tsx[2m > [22m[2mDefault
[22m[39m[FilesContext] User authenticated: mock-user-sub
[90mstdout[2m | src/components/Editor3/NarrativeReader.stories.tsx[2m > [22m[2mDefault
[22m[39m[FilesContext] Identity ID: us-east-1:mock-identity-123
[90mstdout[2m | src/components/Editor3/NarrativeReader.stories.tsx[2m > [22m[2mDefault
[22m[39m[FilesContext] About to set up File observeQuery
[90mstdout[2m | src/components/Editor3/NarrativeReader.stories.tsx[2m > [22m[2mDefault
[22m[39m[ChatContext] Setting up AssistantChat observeQuery
[90mstdout[2m | src/components/Editor3/NarrativeReader.stories.tsx[2m > [22m[2mDefault
[22m[39m[ChatContext] Waiting for subscription to initialize
[90mstdout[2m | src/components/Editor3/NarrativeReader.stories.tsx[2m > [22m[2mDefault
[22m[39m[SettingsContext] Setting up Settings subscription for user: mock-user-sub
[90mstdout[2m | src/components/Editor3/NarrativeReader.stories.tsx[2m > [22m[2mDefault
[22m[39m[Mock Data] Settings created: mock-settings-1790418245912 - notified 0 subscribers
[90mstdout[2m | src/components/Editor3/NarrativeReader.stories.tsx[2m > [22m[2mDefault
[22m[39m[Mock Data] Unit.onUpdate() subscription added. Total: 1
[90mstdout[2m | src/components/Editor3/NarrativeReader.stories.tsx[2m > [22m[2mDefault
[22m[39m[SectionContext] Section observeQuery update: 0
[90mstdout[2m | src/components/Editor3/NarrativeReader.stories.tsx[2m > [22m[2mDefault
[22m[39m[FilesContext] File observeQuery update: 6 files
[90mstdout[2m | src/components/Editor3/NarrativeReader.stories.tsx[2m > [22m[2mDefault
[22m[39m[ChatContext] AssistantChat initialized with 1 chats
[90mstdout[2m | src/components/Editor3/NarrativeReader.stories.tsx[2m > [22m[2mDefault
[22m[39m[ChatContext] Setting initial chat: mock-assistant-chat-1
[90mstdout[2m | src/components/Editor3/NarrativeReader.stories.tsx[2m > [22m[2mDefault
[22m[39m[MOCK CourseVectorStore] Initialized with mock data
[90mstdout[2m | src/components/Editor3/NarrativeReader.stories.tsx[2m > [22m[2mDefault
[22m[39m[FilesContext] Vector store population triggered {
  "currentVectorStoreSize": 3,
  "documentsCount": 0,
  "filesCount": 6,
  "isInitialLoad": true,
}
[90mstdout[2m | src/components/Editor3/NarrativeReader.stories.tsx[2m > [22m[2mDefault
[22m[39m[FilesContext] Vector store population complete - 3 total embeddings
[90mstdout[2m | src/components/Editor3/NarrativeReader.stories.tsx[2m > [22m[2mDefault
[22m[39m[ChatContext] Chat exists and not archived, skipping creation
[90mstdout[2m | src/components/Editor3/NarrativeReader.stories.tsx[2m > [22m[2mDefault
[22m[39m[Mock Storage] downloadData called with: undefined
[90mstdout[2m | src/components/Editor3/NarrativeReader.stories.tsx[2m > [22m[2mWith Max Height
[22m[39m[ChatContext] Cleaning up subscriptions
[90mstdout[2m | src/components/Editor3/NarrativeReader.stories.tsx[2m > [22m[2mWith Max Height
[22m[39m[Mock Data] Unit.onUpdate() subscription removed. Remaining: 0
[90mstdout[2m | src/components/Editor3/NarrativeReader.stories.tsx[2m > [22m[2mWith Max Height
[22m[39m[MOCK CourseVectorStore] Initialized with mock data
[90mstdout[2m | src/components/Editor3/NarrativeReader.stories.tsx[2m > [22m[2mWith Max Height
[22m[39m[TranslationModeController] Setting mode to: off
[90mstdout[2m | src/components/Editor3/NarrativeReader.stories.tsx[2m > [22m[2mWith Max Height
[22m[39m[UnitContext] useEffect triggered {
  "authLoading": false,
  "hasUser": true,
  "id": "mock-unit-id",
  "userSub": "mock-user-sub",
}
[90mstdout[2m | src/components/Editor3/NarrativeReader.stories.tsx[2m > [22m[2mWith Max Height
[22m[39m[UnitContext] Fetching unit data for id: mock-unit-id
[90mstdout[2m | src/components/Editor3/NarrativeReader.stories.tsx[2m > [22m[2mWith Max Height
[22m[39m[FilesContext] Initializing vector store from IndexedDB
[90mstdout[2m | src/components/Editor3/NarrativeReader.stories.tsx[2m > [22m[2mWith Max Height
[22m[39m[FilesContext] fetchFiles called
[90mstdout[2m | src/components/Editor3/NarrativeReader.stories.tsx[2m > [22m[2mWith Max Height
[22m[39m[FilesContext] User authenticated: mock-user-sub
[90mstdout[2m | src/components/Editor3/NarrativeReader.stories.tsx[2m > [22m[2mWith Max Height
[22m[39m[FilesContext] Identity ID: us-east-1:mock-identity-123
[90mstdout[2m | src/components/Editor3/NarrativeReader.stories.tsx[2m > [22m[2mWith Max Height
[22m[39m[FilesContext] About to set up File observeQuery
[90mstdout[2m | src/components/Editor3/NarrativeReader.stories.tsx[2m > [22m[2mWith Max Height
[22m[39m[ChatContext] Setting up AssistantChat observeQuery
[90mstdout[2m | src/components/Editor3/NarrativeReader.stories.tsx[2m > [22m[2mWith Max Height
[22m[39m[ChatContext] Waiting for subscription to initialize
[90mstdout[2m | src/components/Editor3/NarrativeReader.stories.tsx[2m > [22m[2mWith Max Height
[22m[39m[SettingsContext] Setting up Settings subscription for user: mock-user-sub
[90mstdout[2m | src/components/Editor3/NarrativeReader.stories.tsx[2m > [22m[2mWith Max Height
[22m[39m[Mock Data] Settings created: mock-settings-1790418246072 - notified 0 subscribers
[90mstdout[2m | src/components/Editor3/NarrativeReader.stories.tsx[2m > [22m[2mWith Max Height
[22m[39m[Mock Data] Unit.onUpdate() subscription added. Total: 1
[90mstdout[2m | src/components/Editor3/NarrativeReader.stories.tsx[2m > [22m[2mWith Max Height
[22m[39m[SectionContext] Section observeQuery update: 0
[90mstdout[2m | src/components/Editor3/NarrativeReader.stories.tsx[2m > [22m[2mWith Max Height
[22m[39m[FilesContext] File observeQuery update: 6 files
[90mstdout[2m | src/components/Editor3/NarrativeReader.stories.tsx[2m > [22m[2mWith Max Height
[22m[39m[ChatContext] AssistantChat initialized with 1 chats
[90mstdout[2m | src/components/Editor3/NarrativeReader.stories.tsx[2m > [22m[2mWith Max Height
[22m[39m[ChatContext] Setting initial chat: mock-assistant-chat-1
[90mstdout[2m | src/components/Editor3/NarrativeReader.stories.tsx[2m > [22m[2mWith Max Height
[22m[39m[MOCK CourseVectorStore] Initialized with mock data
[90mstdout[2m | src/components/Editor3/NarrativeReader.stories.tsx[2m > [22m[2mWith Max Height
[22m[39m[FilesContext] Vector store population triggered {
  "currentVectorStoreSize": 3,
  "documentsCount": 0,
  "filesCount": 6,
  "isInitialLoad": true,
}
[90mstdout[2m | src/components/Editor3/NarrativeReader.stories.tsx[2m > [22m[2mWith Max Height
[22m[39m[FilesContext] Vector store population complete - 3 total embeddings
[90mstdout[2m | src/components/Editor3/NarrativeReader.stories.tsx[2m > [22m[2mWith Max Height
[22m[39m[ChatContext] Chat exists and not archived, skipping creation
[90mstdout[2m | src/components/Editor3/NarrativeReader.stories.tsx[2m > [22m[2mWith Max Height
[22m[39m[Mock Storage] downloadData called with: undefined
[90mstdout[2m | src/components/Editor3/NarrativeReader.stories.tsx[2m > [22m[2mCustom Label
[22m[39mfilterWords {
  "filter": "",
  "wordsCount": 0,
}
[90mstdout[2m | src/components/Editor3/NarrativeReader.stories.tsx[2m > [22m[2mCustom Label
[22m[39m[ChatContext] Cleaning up subscriptions
[90mstdout[2m | src/components/Editor3/NarrativeReader.stories.tsx[2m > [22m[2mCustom Label
[22m[39m[Mock Data] Unit.onUpdate() subscription removed. Remaining: 0
[90mstdout[2m | src/components/Editor3/NarrativeReader.stories.tsx[2m > [22m[2mCustom Label
[22m[39m[MOCK CourseVectorStore] Initialized with mock data
[90mstdout[2m | src/components/Editor3/NarrativeReader.stories.tsx[2m > [22m[2mCustom Label
[22m[39m[TranslationModeController] Setting mode to: off
[90mstdout[2m | src/components/Editor3/NarrativeReader.stories.tsx[2m > [22m[2mCustom Label
[22m[39m[UnitContext] useEffect triggered {
  "authLoading": false,
  "hasUser": true,
  "id": "mock-unit-id",
  "userSub": "mock-user-sub",
}
[90mstdout[2m | src/components/Editor3/NarrativeReader.stories.tsx[2m > [22m[2mCustom Label
[22m[39m[UnitContext] Fetching unit data for id: mock-unit-id
[90mstdout[2m | src/components/Editor3/NarrativeReader.stories.tsx[2m > [22m[2mCustom Label
[22m[39m[FilesContext] Initializing vector store from IndexedDB
[90mstdout[2m | src/components/Editor3/NarrativeReader.stories.tsx[2m > [22m[2mCustom Label
[22m[39m[FilesContext] fetchFiles called
[90mstdout[2m | src/components/Editor3/NarrativeReader.stories.tsx[2m > [22m[2mCustom Label
[22m[39m[FilesContext] User authenticated: mock-user-sub
[90mstdout[2m | src/components/Editor3/NarrativeReader.stories.tsx[2m > [22m[2mCustom Label
[22m[39m[FilesContext] Identity ID: us-east-1:mock-identity-123
[90mstdout[2m | src/components/Editor3/NarrativeReader.stories.tsx[2m > [22m[2mCustom Label
[22m[39m[FilesContext] About to set up File observeQuery
[90mstdout[2m | src/components/Editor3/NarrativeReader.stories.tsx[2m > [22m[2mCustom Label
[22m[39m[ChatContext] Setting up AssistantChat observeQuery
[90mstdout[2m | src/components/Editor3/NarrativeReader.stories.tsx[2m > [22m[2mCustom Label
[22m[39m[ChatContext] Waiting for subscription to initialize
[90mstdout[2m | src/components/Editor3/NarrativeReader.stories.tsx[2m > [22m[2mCustom Label
[22m[39m[SettingsContext] Setting up Settings subscription for user: mock-user-sub
[90mstdout[2m | src/components/Editor3/NarrativeReader.stories.tsx[2m > [22m[2mCustom Label
[22m[39m[Mock Data] Settings created: mock-settings-1790418246244 - notified 0 subscribers
[90mstdout[2m | src/components/Editor3/NarrativeReader.stories.tsx[2m > [22m[2mCustom Label
[22m[39m[Mock Data] Unit.onUpdate() subscription added. Total: 1
[90mstdout[2m | src/components/Editor3/NarrativeReader.stories.tsx[2m > [22m[2mCustom Label
[22m[39m[SectionContext] Section observeQuery update: 0
[90mstdout[2m | src/components/Editor3/NarrativeReader.stories.tsx[2m > [22m[2mCustom Label
[22m[39m[FilesContext] File observeQuery update: 6 files
[90mstdout[2m | src/components/Editor3/NarrativeReader.stories.tsx[2m > [22m[2mCustom Label
[22m[39m[ChatContext] AssistantChat initialized with 1 chats
[90mstdout[2m | src/components/Editor3/NarrativeReader.stories.tsx[2m > [22m[2mCustom Label
[22m[39m[ChatContext] Setting initial chat: mock-assistant-chat-1
[90mstdout[2m | src/components/Editor3/NarrativeReader.stories.tsx[2m > [22m[2mCustom Label
[22m[39m[MOCK CourseVectorStore] Initialized with mock data
[90mstdout[2m | src/components/Editor3/NarrativeReader.stories.tsx[2m > [22m[2mCustom Label
[22m[39m[FilesContext] Vector store population triggered {
  "currentVectorStoreSize": 3,
  "documentsCount": 0,
  "filesCount": 6,
  "isInitialLoad": true,
}
[90mstdout[2m | src/components/Editor3/NarrativeReader.stories.tsx[2m > [22m[2mCustom Label
[22m[39m[FilesContext] Vector store population complete - 3 total embeddings
[90mstdout[2m | src/components/Editor3/NarrativeReader.stories.tsx[2m > [22m[2mCustom Label
[22m[39m[ChatContext] Chat exists and not archived, skipping creation
[90mstdout[2m | src/components/Editor3/NarrativeReader.stories.tsx[2m > [22m[2mCustom Label
[22m[39m[Mock Storage] downloadData called with: undefined
 [32m✓[39m [30m[45m storybook (chromium) [49m[39m src/components/Editor3/NarrativeReader.stories.tsx [2m([22m[2m3 tests[22m[2m)[22m[33m 443[2mms[22m[39m
[90mstdout[2m | unknown test
[22m[39m[MOCK vectorStoreDB.js] Module loaded - mock IndexedDB operations
[90mstdout[2m | unknown test
[22m[39m[Task Completion] DOM action listeners initialized
[90mstdout[2m | unknown test
[22m[39m[Task Completion] Auto-completion detector initialized
[90mstdout[2m | unknown test
[22m[39m[Preview] Task completion detector initialized
[90mstdout[2m | src/components/Gamification/ThemeUnlockEditor.stories.tsx[2m > [22m[2mDefault
[22m[39m[TranslationModeController] Setting mode to: off
[90mstdout[2m | src/components/Gamification/ThemeUnlockEditor.stories.tsx[2m > [22m[2mCustom Config
[22m[39m[TranslationModeController] Setting mode to: off
[90mstdout[2m | src/components/Gamification/ThemeUnlockEditor.stories.tsx[2m > [22m[2mInteraction
[22m[39m[TranslationModeController] Setting mode to: off
 [32m✓[39m [30m[45m storybook (chromium) [49m[39m src/components/Gamification/ThemeUnlockEditor.stories.tsx [2m([22m[2m3 tests[22m[2m)[22m[33m 578[2mms[22m[39m
[90mstdout[2m | unknown test
[22m[39m[MOCK vectorStoreDB.js] Module loaded - mock IndexedDB operations
[90mstdout[2m | unknown test
[22m[39m[Task Completion] DOM action listeners initialized
[90mstdout[2m | unknown test
[22m[39m[Task Completion] Auto-completion detector initialized
[90mstdout[2m | unknown test
[22m[39m[Preview] Task completion detector initialized
[90mstdout[2m | src/components/Gamification/SquadPostFeed.stories.tsx[2m > [22m[2mWith Posts
[22m[39m[TranslationModeController] Setting mode to: off
[90mstdout[2m | src/components/Gamification/SquadPostFeed.stories.tsx[2m > [22m[2mEmpty Feed
[22m[39m[TranslationModeController] Setting mode to: off
[90mstdout[2m | src/components/Gamification/SquadPostFeed.stories.tsx[2m > [22m[2mNon Member View
[22m[39m[TranslationModeController] Setting mode to: off
[90mstdout[2m | src/components/Gamification/SquadPostFeed.stories.tsx[2m > [22m[2mPublishing
[22m[39m[TranslationModeController] Setting mode to: off
 [32m✓[39m [30m[45m storybook (chromium) [49m[39m src/components/Gamification/SquadPostFeed.stories.tsx [2m([22m[2m4 tests[22m[2m)[22m[33m 586[2mms[22m[39m
[90mstdout[2m | unknown test
[22m[39m[MOCK vectorStoreDB.js] Module loaded - mock IndexedDB operations
[90mstdout[2m | unknown test
[22m[39m[Task Completion] DOM action listeners initialized
[90mstdout[2m | unknown test
[22m[39m[Task Completion] Auto-completion detector initialized
[90mstdout[2m | unknown test
[22m[39m[Preview] Task completion detector initialized
[90mstdout[2m | src/components/Gamification/PersonalBestBanner.stories.tsx[2m > [22m[2mImprovement
[22m[39m[MOCK CourseVectorStore] Initialized with mock data
[90mstdout[2m | src/components/Gamification/PersonalBestBanner.stories.tsx[2m > [22m[2mImprovement
[22m[39m[TranslationModeController] Setting mode to: off
[90mstdout[2m | src/components/Gamification/PersonalBestBanner.stories.tsx[2m > [22m[2mImprovement
[22m[39m[UnitContext] useEffect triggered {
  "authLoading": false,
  "hasUser": true,
  "id": "mock-unit-id",
  "userSub": "mock-user-sub",
}
[90mstdout[2m | src/components/Gamification/PersonalBestBanner.stories.tsx[2m > [22m[2mImprovement
[22m[39m[UnitContext] Fetching unit data for id: mock-unit-id
[90mstdout[2m | src/components/Gamification/PersonalBestBanner.stories.tsx[2m > [22m[2mImprovement
[22m[39m[FilesContext] Initializing vector store from IndexedDB
[90mstdout[2m | src/components/Gamification/PersonalBestBanner.stories.tsx[2m > [22m[2mImprovement
[22m[39m[FilesContext] fetchFiles called
[90mstdout[2m | src/components/Gamification/PersonalBestBanner.stories.tsx[2m > [22m[2mImprovement
[22m[39m[FilesContext] User authenticated: mock-user-sub
[90mstdout[2m | src/components/Gamification/PersonalBestBanner.stories.tsx[2m > [22m[2mImprovement
[22m[39m[FilesContext] Identity ID: us-east-1:mock-identity-123
[90mstdout[2m | src/components/Gamification/PersonalBestBanner.stories.tsx[2m > [22m[2mImprovement
[22m[39m[FilesContext] About to set up File observeQuery
[90mstdout[2m | src/components/Gamification/PersonalBestBanner.stories.tsx[2m > [22m[2mImprovement
[22m[39m[ChatContext] Setting up AssistantChat observeQuery
[90mstdout[2m | src/components/Gamification/PersonalBestBanner.stories.tsx[2m > [22m[2mImprovement
[22m[39m[ChatContext] Waiting for subscription to initialize
[90mstdout[2m | src/components/Gamification/PersonalBestBanner.stories.tsx[2m > [22m[2mImprovement
[22m[39m[SettingsContext] Setting up Settings subscription for user: mock-user-sub
[90mstdout[2m | src/components/Gamification/PersonalBestBanner.stories.tsx[2m > [22m[2mImprovement
[22m[39m[Mock Data] Settings created: mock-settings-1790418253006 - notified 0 subscribers
[90mstdout[2m | src/components/Gamification/PersonalBestBanner.stories.tsx[2m > [22m[2mImprovement
[22m[39m[Mock Data] Unit.onUpdate() subscription added. Total: 1
[90mstdout[2m | src/components/Gamification/PersonalBestBanner.stories.tsx[2m > [22m[2mImprovement
[22m[39m[SectionContext] Section observeQuery update: 0
[90mstdout[2m | src/components/Gamification/PersonalBestBanner.stories.tsx[2m > [22m[2mImprovement
[22m[39m[FilesContext] File observeQuery update: 6 files
[90mstdout[2m | src/components/Gamification/PersonalBestBanner.stories.tsx[2m > [22m[2mImprovement
[22m[39m[ChatContext] AssistantChat initialized with 1 chats
[90mstdout[2m | src/components/Gamification/PersonalBestBanner.stories.tsx[2m > [22m[2mImprovement
[22m[39m[ChatContext] Setting initial chat: mock-assistant-chat-1
[90mstdout[2m | src/components/Gamification/PersonalBestBanner.stories.tsx[2m > [22m[2mImprovement
[22m[39m[MOCK CourseVectorStore] Initialized with mock data
[90mstdout[2m | src/components/Gamification/PersonalBestBanner.stories.tsx[2m > [22m[2mImprovement
[22m[39m[FilesContext] Vector store population triggered {
  "currentVectorStoreSize": 3,
  "documentsCount": 0,
  "filesCount": 6,
  "isInitialLoad": true,
}
[90mstdout[2m | src/components/Gamification/PersonalBestBanner.stories.tsx[2m > [22m[2mImprovement
[22m[39m[FilesContext] Vector store population complete - 3 total embeddings
[90mstdout[2m | src/components/Gamification/PersonalBestBanner.stories.tsx[2m > [22m[2mImprovement
[22m[39m[ChatContext] Chat exists and not archived, skipping creation
[90mstdout[2m | src/components/Gamification/PersonalBestBanner.stories.tsx[2m > [22m[2mImprovement
[22m[39m[Mock Storage] downloadData called with: undefined
[90mstdout[2m | src/components/Gamification/PersonalBestBanner.stories.tsx[2m > [22m[2mFirst Attempt
[22m[39m[ChatContext] Cleaning up subscriptions
[90mstdout[2m | src/components/Gamification/PersonalBestBanner.stories.tsx[2m > [22m[2mFirst Attempt
[22m[39m[Mock Data] Unit.onUpdate() subscription removed. Remaining: 0
[90mstdout[2m | src/components/Gamification/PersonalBestBanner.stories.tsx[2m > [22m[2mFirst Attempt
[22m[39m[MOCK CourseVectorStore] Initialized with mock data
[90mstdout[2m | src/components/Gamification/PersonalBestBanner.stories.tsx[2m > [22m[2mFirst Attempt
[22m[39m[TranslationModeController] Setting mode to: off
[90mstdout[2m | src/components/Gamification/PersonalBestBanner.stories.tsx[2m > [22m[2mFirst Attempt
[22m[39m[UnitContext] useEffect triggered {
  "authLoading": false,
  "hasUser": true,
  "id": "mock-unit-id",
  "userSub": "mock-user-sub",
}
[90mstdout[2m | src/components/Gamification/PersonalBestBanner.stories.tsx[2m > [22m[2mFirst Attempt
[22m[39m[UnitContext] Fetching unit data for id: mock-unit-id
[90mstdout[2m | src/components/Gamification/PersonalBestBanner.stories.tsx[2m > [22m[2mFirst Attempt
[22m[39m[FilesContext] Initializing vector store from IndexedDB
[90mstdout[2m | src/components/Gamification/PersonalBestBanner.stories.tsx[2m > [22m[2mFirst Attempt
[22m[39m[FilesContext] fetchFiles called
[90mstdout[2m | src/components/Gamification/PersonalBestBanner.stories.tsx[2m > [22m[2mFirst Attempt
[22m[39m[FilesContext] User authenticated: mock-user-sub
[90mstdout[2m | src/components/Gamification/PersonalBestBanner.stories.tsx[2m > [22m[2mFirst Attempt
[22m[39m[FilesContext] Identity ID: us-east-1:mock-identity-123
[90mstdout[2m | src/components/Gamification/PersonalBestBanner.stories.tsx[2m > [22m[2mFirst Attempt
[22m[39m[FilesContext] About to set up File observeQuery
[90mstdout[2m | src/components/Gamification/PersonalBestBanner.stories.tsx[2m > [22m[2mFirst Attempt
[22m[39m[ChatContext] Setting up AssistantChat observeQuery
[90mstdout[2m | src/components/Gamification/PersonalBestBanner.stories.tsx[2m > [22m[2mFirst Attempt
[22m[39m[ChatContext] Waiting for subscription to initialize
[90mstdout[2m | src/components/Gamification/PersonalBestBanner.stories.tsx[2m > [22m[2mFirst Attempt
[22m[39m[SettingsContext] Setting up Settings subscription for user: mock-user-sub
[90mstdout[2m | src/components/Gamification/PersonalBestBanner.stories.tsx[2m > [22m[2mFirst Attempt
[22m[39m[Mock Data] Settings created: mock-settings-1790418253163 - notified 0 subscribers
[90mstdout[2m | src/components/Gamification/PersonalBestBanner.stories.tsx[2m > [22m[2mFirst Attempt
[22m[39m[Mock Data] Unit.onUpdate() subscription added. Total: 1
[90mstdout[2m | src/components/Gamification/PersonalBestBanner.stories.tsx[2m > [22m[2mFirst Attempt
[22m[39m[SectionContext] Section observeQuery update: 0
[90mstdout[2m | src/components/Gamification/PersonalBestBanner.stories.tsx[2m > [22m[2mFirst Attempt
[22m[39m[FilesContext] File observeQuery update: 6 files
[90mstdout[2m | src/components/Gamification/PersonalBestBanner.stories.tsx[2m > [22m[2mFirst Attempt
[22m[39m[ChatContext] AssistantChat initialized with 1 chats
[90mstdout[2m | src/components/Gamification/PersonalBestBanner.stories.tsx[2m > [22m[2mFirst Attempt
[22m[39m[ChatContext] Setting initial chat: mock-assistant-chat-1
[90mstdout[2m | src/components/Gamification/PersonalBestBanner.stories.tsx[2m > [22m[2mFirst Attempt
[22m[39m[Mock Storage] downloadData called with: undefined
[90mstdout[2m | src/components/Gamification/PersonalBestBanner.stories.tsx[2m > [22m[2mFirst Attempt
[22m[39m[MOCK CourseVectorStore] Initialized with mock data
[90mstdout[2m | src/components/Gamification/PersonalBestBanner.stories.tsx[2m > [22m[2mFirst Attempt
[22m[39m[FilesContext] Vector store population triggered {
  "currentVectorStoreSize": 3,
  "documentsCount": 0,
  "filesCount": 6,
  "isInitialLoad": true,
}
[90mstdout[2m | src/components/Gamification/PersonalBestBanner.stories.tsx[2m > [22m[2mFirst Attempt
[22m[39m[FilesContext] Vector store population complete - 3 total embeddings
[90mstdout[2m | src/components/Gamification/PersonalBestBanner.stories.tsx[2m > [22m[2mFirst Attempt
[22m[39m[ChatContext] Chat exists and not archived, skipping creation
[90mstdout[2m | src/components/Gamification/PersonalBestBanner.stories.tsx[2m > [22m[2mPerfect Score
[22m[39m[ChatContext] Cleaning up subscriptions
[90mstdout[2m | src/components/Gamification/PersonalBestBanner.stories.tsx[2m > [22m[2mPerfect Score
[22m[39m[Mock Data] Unit.onUpdate() subscription removed. Remaining: 0
[90mstdout[2m | src/components/Gamification/PersonalBestBanner.stories.tsx[2m > [22m[2mPerfect Score
[22m[39m[MOCK CourseVectorStore] Initialized with mock data
[90mstdout[2m | src/components/Gamification/PersonalBestBanner.stories.tsx[2m > [22m[2mPerfect Score
[22m[39m[TranslationModeController] Setting mode to: off
[90mstdout[2m | src/components/Gamification/PersonalBestBanner.stories.tsx[2m > [22m[2mPerfect Score
[22m[39m[UnitContext] useEffect triggered {
  "authLoading": false,
  "hasUser": true,
  "id": "mock-unit-id",
  "userSub": "mock-user-sub",
}
[90mstdout[2m | src/components/Gamification/PersonalBestBanner.stories.tsx[2m > [22m[2mPerfect Score
[22m[39m[UnitContext] Fetching unit data for id: mock-unit-id
[90mstdout[2m | src/components/Gamification/PersonalBestBanner.stories.tsx[2m > [22m[2mPerfect Score
[22m[39m[FilesContext] Initializing vector store from IndexedDB
[90mstdout[2m | src/components/Gamification/PersonalBestBanner.stories.tsx[2m > [22m[2mPerfect Score
[22m[39m[FilesContext] fetchFiles called
[90mstdout[2m | src/components/Gamification/PersonalBestBanner.stories.tsx[2m > [22m[2mPerfect Score
[22m[39m[FilesContext] User authenticated: mock-user-sub
[90mstdout[2m | src/components/Gamification/PersonalBestBanner.stories.tsx[2m > [22m[2mPerfect Score
[22m[39m[FilesContext] Identity ID: us-east-1:mock-identity-123
[90mstdout[2m | src/components/Gamification/PersonalBestBanner.stories.tsx[2m > [22m[2mPerfect Score
[22m[39m[FilesContext] About to set up File observeQuery
[90mstdout[2m | src/components/Gamification/PersonalBestBanner.stories.tsx[2m > [22m[2mPerfect Score
[22m[39m[ChatContext] Setting up AssistantChat observeQuery
[90mstdout[2m | src/components/Gamification/PersonalBestBanner.stories.tsx[2m > [22m[2mPerfect Score
[22m[39m[ChatContext] Waiting for subscription to initialize
[90mstdout[2m | src/components/Gamification/PersonalBestBanner.stories.tsx[2m > [22m[2mPerfect Score
[22m[39m[SettingsContext] Setting up Settings subscription for user: mock-user-sub
[90mstdout[2m | src/components/Gamification/PersonalBestBanner.stories.tsx[2m > [22m[2mPerfect Score
[22m[39m[Mock Data] Settings created: mock-settings-1790418253309 - notified 0 subscribers
[90mstdout[2m | src/components/Gamification/PersonalBestBanner.stories.tsx[2m > [22m[2mPerfect Score
[22m[39m[Mock Data] Unit.onUpdate() subscription added. Total: 1
[90mstdout[2m | src/components/Gamification/PersonalBestBanner.stories.tsx[2m > [22m[2mPerfect Score
[22m[39m[SectionContext] Section observeQuery update: 0
[90mstdout[2m | src/components/Gamification/PersonalBestBanner.stories.tsx[2m > [22m[2mPerfect Score
[22m[39m[FilesContext] File observeQuery update: 6 files
[90mstdout[2m | src/components/Gamification/PersonalBestBanner.stories.tsx[2m > [22m[2mPerfect Score
[22m[39m[ChatContext] AssistantChat initialized with 1 chats
[90mstdout[2m | src/components/Gamification/PersonalBestBanner.stories.tsx[2m > [22m[2mPerfect Score
[22m[39m[ChatContext] Setting initial chat: mock-assistant-chat-1
[90mstdout[2m | src/components/Gamification/PersonalBestBanner.stories.tsx[2m > [22m[2mPerfect Score
[22m[39m[MOCK CourseVectorStore] Initialized with mock data
[90mstdout[2m | src/components/Gamification/PersonalBestBanner.stories.tsx[2m > [22m[2mPerfect Score
[22m[39m[FilesContext] Vector store population triggered {
  "currentVectorStoreSize": 3,
  "documentsCount": 0,
  "filesCount": 6,
  "isInitialLoad": true,
}
[90mstdout[2m | src/components/Gamification/PersonalBestBanner.stories.tsx[2m > [22m[2mPerfect Score
[22m[39m[FilesContext] Vector store population complete - 3 total embeddings
[90mstdout[2m | src/components/Gamification/PersonalBestBanner.stories.tsx[2m > [22m[2mPerfect Score
[22m[39m[ChatContext] Chat exists and not archived, skipping creation
[90mstdout[2m | src/components/Gamification/PersonalBestBanner.stories.tsx[2m > [22m[2mPerfect Score
[22m[39m[Mock Storage] downloadData called with: undefined
 [32m✓[39m [30m[45m storybook (chromium) [49m[39m src/components/Gamification/PersonalBestBanner.stories.tsx [2m([22m[2m3 tests[22m[2m)[22m[33m 453[2mms[22m[39m
[90mstdout[2m | unknown test
[22m[39m[MOCK vectorStoreDB.js] Module loaded - mock IndexedDB operations
[90mstdout[2m | unknown test
[22m[39m[Task Completion] DOM action listeners initialized
[90mstdout[2m | unknown test
[22m[39m[Task Completion] Auto-completion detector initialized
[90mstdout[2m | unknown test
[22m[39m[Preview] Task completion detector initialized
[90mstdout[2m | src/components/Workbook/JoinWorkbookDialog.stories.tsx[2m > [22m[2mOpen
[22m[39m[MOCK CourseVectorStore] Initialized with mock data
[90mstdout[2m | src/components/Workbook/JoinWorkbookDialog.stories.tsx[2m > [22m[2mOpen
[22m[39m[TranslationModeController] Setting mode to: off
[90mstdout[2m | src/components/Workbook/JoinWorkbookDialog.stories.tsx[2m > [22m[2mOpen
[22m[39m[UnitContext] useEffect triggered {
  "authLoading": false,
  "hasUser": true,
  "id": "mock-unit-id",
  "userSub": "mock-user-sub",
}
[90mstdout[2m | src/components/Workbook/JoinWorkbookDialog.stories.tsx[2m > [22m[2mOpen
[22m[39m[UnitContext] Fetching unit data for id: mock-unit-id
[90mstdout[2m | src/components/Workbook/JoinWorkbookDialog.stories.tsx[2m > [22m[2mOpen
[22m[39m[FilesContext] Initializing vector store from IndexedDB
[90mstdout[2m | src/components/Workbook/JoinWorkbookDialog.stories.tsx[2m > [22m[2mOpen
[22m[39m[FilesContext] fetchFiles called
[90mstdout[2m | src/components/Workbook/JoinWorkbookDialog.stories.tsx[2m > [22m[2mOpen
[22m[39m[FilesContext] User authenticated: mock-user-sub
[90mstdout[2m | src/components/Workbook/JoinWorkbookDialog.stories.tsx[2m > [22m[2mOpen
[22m[39m[FilesContext] Identity ID: us-east-1:mock-identity-123
[90mstdout[2m | src/components/Workbook/JoinWorkbookDialog.stories.tsx[2m > [22m[2mOpen
[22m[39m[FilesContext] About to set up File observeQuery
[90mstdout[2m | src/components/Workbook/JoinWorkbookDialog.stories.tsx[2m > [22m[2mOpen
[22m[39m[ChatContext] Setting up AssistantChat observeQuery
[90mstdout[2m | src/components/Workbook/JoinWorkbookDialog.stories.tsx[2m > [22m[2mOpen
[22m[39m[ChatContext] Waiting for subscription to initialize
[90mstdout[2m | src/components/Workbook/JoinWorkbookDialog.stories.tsx[2m > [22m[2mOpen
[22m[39m[SettingsContext] Setting up Settings subscription for user: mock-user-sub
[90mstdout[2m | src/components/Workbook/JoinWorkbookDialog.stories.tsx[2m > [22m[2mOpen
[22m[39m[Mock Data] Settings created: mock-settings-1790418254005 - notified 0 subscribers
[90mstdout[2m | src/components/Workbook/JoinWorkbookDialog.stories.tsx[2m > [22m[2mOpen
[22m[39m[Mock Data] Unit.onUpdate() subscription added. Total: 1
[90mstdout[2m | src/components/Workbook/JoinWorkbookDialog.stories.tsx[2m > [22m[2mOpen
[22m[39m[SectionContext] Section observeQuery update: 0
[90mstdout[2m | src/components/Workbook/JoinWorkbookDialog.stories.tsx[2m > [22m[2mOpen
[22m[39m[FilesContext] File observeQuery update: 6 files
[90mstdout[2m | src/components/Workbook/JoinWorkbookDialog.stories.tsx[2m > [22m[2mOpen
[22m[39m[ChatContext] AssistantChat initialized with 1 chats
[90mstdout[2m | src/components/Workbook/JoinWorkbookDialog.stories.tsx[2m > [22m[2mOpen
[22m[39m[ChatContext] Setting initial chat: mock-assistant-chat-1
[90mstdout[2m | src/components/Workbook/JoinWorkbookDialog.stories.tsx[2m > [22m[2mOpen
[22m[39m[MOCK CourseVectorStore] Initialized with mock data
[90mstdout[2m | src/components/Workbook/JoinWorkbookDialog.stories.tsx[2m > [22m[2mOpen
[22m[39m[FilesContext] Vector store population triggered {
  "currentVectorStoreSize": 3,
  "documentsCount": 0,
  "filesCount": 6,
  "isInitialLoad": true,
}
[90mstdout[2m | src/components/Workbook/JoinWorkbookDialog.stories.tsx[2m > [22m[2mOpen
[22m[39m[FilesContext] Vector store population complete - 3 total embeddings
[90mstdout[2m | src/components/Workbook/JoinWorkbookDialog.stories.tsx[2m > [22m[2mOpen
[22m[39m[ChatContext] Chat exists and not archived, skipping creation
[90mstdout[2m | src/components/Workbook/JoinWorkbookDialog.stories.tsx[2m > [22m[2mOpen
[22m[39m[Mock Storage] downloadData called with: undefined
[90mstdout[2m | src/components/Workbook/JoinWorkbookDialog.stories.tsx[2m > [22m[2mClosed
[22m[39m[ChatContext] Cleaning up subscriptions
[90mstdout[2m | src/components/Workbook/JoinWorkbookDialog.stories.tsx[2m > [22m[2mClosed
[22m[39m[Mock Data] Unit.onUpdate() subscription removed. Remaining: 0
[90mstdout[2m | src/components/Workbook/JoinWorkbookDialog.stories.tsx[2m > [22m[2mClosed
[22m[39m[MOCK CourseVectorStore] Initialized with mock data
[90mstdout[2m | src/components/Workbook/JoinWorkbookDialog.stories.tsx[2m > [22m[2mClosed
[22m[39m[TranslationModeController] Setting mode to: off
[90mstdout[2m | src/components/Workbook/JoinWorkbookDialog.stories.tsx[2m > [22m[2mClosed
[22m[39m[UnitContext] useEffect triggered {
  "authLoading": false,
  "hasUser": true,
  "id": "mock-unit-id",
  "userSub": "mock-user-sub",
}
[90mstdout[2m | src/components/Workbook/JoinWorkbookDialog.stories.tsx[2m > [22m[2mClosed
[22m[39m[UnitContext] Fetching unit data for id: mock-unit-id
[90mstdout[2m | src/components/Workbook/JoinWorkbookDialog.stories.tsx[2m > [22m[2mClosed
[22m[39m[FilesContext] Initializing vector store from IndexedDB
[90mstdout[2m | src/components/Workbook/JoinWorkbookDialog.stories.tsx[2m > [22m[2mClosed
[22m[39m[FilesContext] fetchFiles called
[90mstdout[2m | src/components/Workbook/JoinWorkbookDialog.stories.tsx[2m > [22m[2mClosed
[22m[39m[FilesContext] User authenticated: mock-user-sub
[90mstdout[2m | src/components/Workbook/JoinWorkbookDialog.stories.tsx[2m > [22m[2mClosed
[22m[39m[FilesContext] Identity ID: us-east-1:mock-identity-123
[90mstdout[2m | src/components/Workbook/JoinWorkbookDialog.stories.tsx[2m > [22m[2mClosed
[22m[39m[FilesContext] About to set up File observeQuery
[90mstdout[2m | src/components/Workbook/JoinWorkbookDialog.stories.tsx[2m > [22m[2mClosed
[22m[39m[ChatContext] Setting up AssistantChat observeQuery
[90mstdout[2m | src/components/Workbook/JoinWorkbookDialog.stories.tsx[2m > [22m[2mClosed
[22m[39m[ChatContext] Waiting for subscription to initialize
[90mstdout[2m | src/components/Workbook/JoinWorkbookDialog.stories.tsx[2m > [22m[2mClosed
[22m[39m[SettingsContext] Setting up Settings subscription for user: mock-user-sub
[90mstdout[2m | src/components/Workbook/JoinWorkbookDialog.stories.tsx[2m > [22m[2mClosed
[22m[39m[Mock Data] Settings created: mock-settings-1790418254389 - notified 0 subscribers
[90mstdout[2m | src/components/Workbook/JoinWorkbookDialog.stories.tsx[2m > [22m[2mClosed
[22m[39m[Mock Data] Unit.onUpdate() subscription added. Total: 1
[90mstdout[2m | src/components/Workbook/JoinWorkbookDialog.stories.tsx[2m > [22m[2mClosed
[22m[39m[SectionContext] Section observeQuery update: 0
[90mstdout[2m | src/components/Workbook/JoinWorkbookDialog.stories.tsx[2m > [22m[2mClosed
[22m[39m[FilesContext] File observeQuery update: 6 files
[90mstdout[2m | src/components/Workbook/JoinWorkbookDialog.stories.tsx[2m > [22m[2mClosed
[22m[39m[ChatContext] AssistantChat initialized with 1 chats
[90mstdout[2m | src/components/Workbook/JoinWorkbookDialog.stories.tsx[2m > [22m[2mClosed
[22m[39m[ChatContext] Setting initial chat: mock-assistant-chat-1
[90mstdout[2m | src/components/Workbook/JoinWorkbookDialog.stories.tsx[2m > [22m[2mClosed
[22m[39m[Mock Storage] downloadData called with: undefined
[90mstdout[2m | src/components/Workbook/JoinWorkbookDialog.stories.tsx[2m > [22m[2mClosed
[22m[39m[MOCK CourseVectorStore] Initialized with mock data
[90mstdout[2m | src/components/Workbook/JoinWorkbookDialog.stories.tsx[2m > [22m[2mClosed
[22m[39m[FilesContext] Vector store population triggered {
  "currentVectorStoreSize": 3,
  "documentsCount": 0,
  "filesCount": 6,
  "isInitialLoad": true,
}
[90mstdout[2m | src/components/Workbook/JoinWorkbookDialog.stories.tsx[2m > [22m[2mClosed
[22m[39m[FilesContext] Vector store population complete - 3 total embeddings
[90mstdout[2m | src/components/Workbook/JoinWorkbookDialog.stories.tsx[2m > [22m[2mClosed
[22m[39m[ChatContext] Chat exists and not archived, skipping creation
 [32m✓[39m [30m[45m storybook (chromium) [49m[39m src/components/Workbook/JoinWorkbookDialog.stories.tsx [2m([22m[2m2 tests[22m[2m)[22m[33m 529[2mms[22m[39m
   [33m[2m✓[22m[39m Open [33m 447[2mms[22m[39m
[90mstdout[2m | unknown test
[22m[39m[MOCK vectorStoreDB.js] Module loaded - mock IndexedDB operations
[90mstdout[2m | unknown test
[22m[39m[Task Completion] DOM action listeners initialized
[90mstdout[2m | unknown test
[22m[39m[Task Completion] Auto-completion detector initialized
[90mstdout[2m | unknown test
[22m[39m[Preview] Task completion detector initialized
[90mstdout[2m | src/components/Workbook/ConnectionStatus.stories.tsx[2m > [22m[2mConnected
[22m[39m[MOCK CourseVectorStore] Initialized with mock data
[90mstdout[2m | src/components/Workbook/ConnectionStatus.stories.tsx[2m > [22m[2mConnected
[22m[39m[TranslationModeController] Setting mode to: off
[90mstdout[2m | src/components/Workbook/ConnectionStatus.stories.tsx[2m > [22m[2mConnected
[22m[39m[FilesContext] Initializing vector store from IndexedDB
[90mstdout[2m | src/components/Workbook/ConnectionStatus.stories.tsx[2m > [22m[2mConnected
[22m[39m[FilesContext] fetchFiles called
[90mstdout[2m | src/components/Workbook/ConnectionStatus.stories.tsx[2m > [22m[2mConnected
[22m[39m[FilesContext] User authenticated: mock-user-sub
[90mstdout[2m | src/components/Workbook/ConnectionStatus.stories.tsx[2m > [22m[2mConnected
[22m[39m[FilesContext] Identity ID: us-east-1:mock-identity-123
[90mstdout[2m | src/components/Workbook/ConnectionStatus.stories.tsx[2m > [22m[2mConnected
[22m[39m[FilesContext] About to set up File observeQuery
[90mstdout[2m | src/components/Workbook/ConnectionStatus.stories.tsx[2m > [22m[2mConnected
[22m[39m[ChatContext] Setting up AssistantChat observeQuery
[90mstdout[2m | src/components/Workbook/ConnectionStatus.stories.tsx[2m > [22m[2mConnected
[22m[39m[ChatContext] Waiting for subscription to initialize
[90mstdout[2m | src/components/Workbook/ConnectionStatus.stories.tsx[2m > [22m[2mConnected
[22m[39m[SettingsContext] Setting up Settings subscription for user: mock-user-sub
[90mstdout[2m | src/components/Workbook/ConnectionStatus.stories.tsx[2m > [22m[2mConnected
[22m[39m[Mock Data] Settings created: mock-settings-1790418258345 - notified 0 subscribers
[90mstdout[2m | src/components/Workbook/ConnectionStatus.stories.tsx[2m > [22m[2mConnected
[22m[39m[FilesContext] File observeQuery update: 6 files
[90mstdout[2m | src/components/Workbook/ConnectionStatus.stories.tsx[2m > [22m[2mConnected
[22m[39m[ChatContext] AssistantChat initialized with 1 chats
[90mstdout[2m | src/components/Workbook/ConnectionStatus.stories.tsx[2m > [22m[2mConnected
[22m[39m[ChatContext] Setting initial chat: mock-assistant-chat-1
[90mstdout[2m | src/components/Workbook/ConnectionStatus.stories.tsx[2m > [22m[2mConnected
[22m[39m[MOCK CourseVectorStore] Initialized with mock data
[90mstdout[2m | src/components/Workbook/ConnectionStatus.stories.tsx[2m > [22m[2mConnected
[22m[39m[FilesContext] Vector store population triggered {
  "currentVectorStoreSize": 3,
  "documentsCount": 0,
  "filesCount": 6,
  "isInitialLoad": true,
}
[90mstdout[2m | src/components/Workbook/ConnectionStatus.stories.tsx[2m > [22m[2mConnected
[22m[39m[FilesContext] Vector store population complete - 3 total embeddings
[90mstdout[2m | src/components/Workbook/ConnectionStatus.stories.tsx[2m > [22m[2mConnected
[22m[39m[ChatContext] Chat exists and not archived, skipping creation
[90mstdout[2m | src/components/Workbook/ConnectionStatus.stories.tsx[2m > [22m[2mConnected
[22m[39m[Mock Storage] downloadData called with: undefined
[90mstdout[2m | src/components/Workbook/ConnectionStatus.stories.tsx[2m > [22m[2mConnected Medium
[22m[39m[ChatContext] Cleaning up subscriptions
[90mstdout[2m | src/components/Workbook/ConnectionStatus.stories.tsx[2m > [22m[2mConnected Medium
[22m[39m[MOCK CourseVectorStore] Initialized with mock data
[90mstdout[2m | src/components/Workbook/ConnectionStatus.stories.tsx[2m > [22m[2mConnected Medium
[22m[39m[TranslationModeController] Setting mode to: off
[90mstdout[2m | src/components/Workbook/ConnectionStatus.stories.tsx[2m > [22m[2mConnected Medium
[22m[39m[FilesContext] Initializing vector store from IndexedDB
[90mstdout[2m | src/components/Workbook/ConnectionStatus.stories.tsx[2m > [22m[2mConnected Medium
[22m[39m[FilesContext] fetchFiles called
[90mstdout[2m | src/components/Workbook/ConnectionStatus.stories.tsx[2m > [22m[2mConnected Medium
[22m[39m[FilesContext] User authenticated: mock-user-sub
[90mstdout[2m | src/components/Workbook/ConnectionStatus.stories.tsx[2m > [22m[2mConnected Medium
[22m[39m[FilesContext] Identity ID: us-east-1:mock-identity-123
[90mstdout[2m | src/components/Workbook/ConnectionStatus.stories.tsx[2m > [22m[2mConnected Medium
[22m[39m[FilesContext] About to set up File observeQuery
[90mstdout[2m | src/components/Workbook/ConnectionStatus.stories.tsx[2m > [22m[2mConnected Medium
[22m[39m[ChatContext] Setting up AssistantChat observeQuery
[90mstdout[2m | src/components/Workbook/ConnectionStatus.stories.tsx[2m > [22m[2mConnected Medium
[22m[39m[ChatContext] Waiting for subscription to initialize
[90mstdout[2m | src/components/Workbook/ConnectionStatus.stories.tsx[2m > [22m[2mConnected Medium
[22m[39m[SettingsContext] Setting up Settings subscription for user: mock-user-sub
[90mstdout[2m | src/components/Workbook/ConnectionStatus.stories.tsx[2m > [22m[2mConnected Medium
[22m[39m[Mock Data] Settings created: mock-settings-1790418258500 - notified 0 subscribers
[90mstdout[2m | src/components/Workbook/ConnectionStatus.stories.tsx[2m > [22m[2mConnected Medium
[22m[39m[FilesContext] File observeQuery update: 6 files
[90mstdout[2m | src/components/Workbook/ConnectionStatus.stories.tsx[2m > [22m[2mConnected Medium
[22m[39m[ChatContext] AssistantChat initialized with 1 chats
[90mstdout[2m | src/components/Workbook/ConnectionStatus.stories.tsx[2m > [22m[2mConnected Medium
[22m[39m[ChatContext] Setting initial chat: mock-assistant-chat-1
[90mstdout[2m | src/components/Workbook/ConnectionStatus.stories.tsx[2m > [22m[2mConnected Medium
[22m[39m[MOCK CourseVectorStore] Initialized with mock data
[90mstdout[2m | src/components/Workbook/ConnectionStatus.stories.tsx[2m > [22m[2mConnected Medium
[22m[39m[FilesContext] Vector store population triggered {
  "currentVectorStoreSize": 3,
  "documentsCount": 0,
  "filesCount": 6,
  "isInitialLoad": true,
}
[90mstdout[2m | src/components/Workbook/ConnectionStatus.stories.tsx[2m > [22m[2mConnected Medium
[22m[39m[FilesContext] Vector store population complete - 3 total embeddings
[90mstdout[2m | src/components/Workbook/ConnectionStatus.stories.tsx[2m > [22m[2mConnected Medium
[22m[39m[ChatContext] Chat exists and not archived, skipping creation
[90mstdout[2m | src/components/Workbook/ConnectionStatus.stories.tsx[2m > [22m[2mConnected Medium
[22m[39m[Mock Storage] downloadData called with: undefined
[90mstdout[2m | src/components/Workbook/ConnectionStatus.stories.tsx[2m > [22m[2mNo Label
[22m[39m[ChatContext] Cleaning up subscriptions
[90mstdout[2m | src/components/Workbook/ConnectionStatus.stories.tsx[2m > [22m[2mNo Label
[22m[39m[MOCK CourseVectorStore] Initialized with mock data
[90mstdout[2m | src/components/Workbook/ConnectionStatus.stories.tsx[2m > [22m[2mNo Label
[22m[39m[TranslationModeController] Setting mode to: off
[90mstdout[2m | src/components/Workbook/ConnectionStatus.stories.tsx[2m > [22m[2mNo Label
[22m[39m[FilesContext] Initializing vector store from IndexedDB
[90mstdout[2m | src/components/Workbook/ConnectionStatus.stories.tsx[2m > [22m[2mNo Label
[22m[39m[FilesContext] fetchFiles called
[90mstdout[2m | src/components/Workbook/ConnectionStatus.stories.tsx[2m > [22m[2mNo Label
[22m[39m[FilesContext] User authenticated: mock-user-sub
[90mstdout[2m | src/components/Workbook/ConnectionStatus.stories.tsx[2m > [22m[2mNo Label
[22m[39m[FilesContext] Identity ID: us-east-1:mock-identity-123
[90mstdout[2m | src/components/Workbook/ConnectionStatus.stories.tsx[2m > [22m[2mNo Label
[22m[39m[FilesContext] About to set up File observeQuery
[90mstdout[2m | src/components/Workbook/ConnectionStatus.stories.tsx[2m > [22m[2mNo Label
[22m[39m[ChatContext] Setting up AssistantChat observeQuery
[90mstdout[2m | src/components/Workbook/ConnectionStatus.stories.tsx[2m > [22m[2mNo Label
[22m[39m[ChatContext] Waiting for subscription to initialize
[90mstdout[2m | src/components/Workbook/ConnectionStatus.stories.tsx[2m > [22m[2mNo Label
[22m[39m[SettingsContext] Setting up Settings subscription for user: mock-user-sub
[90mstdout[2m | src/components/Workbook/ConnectionStatus.stories.tsx[2m > [22m[2mNo Label
[22m[39m[Mock Data] Settings created: mock-settings-1790418258641 - notified 0 subscribers
[90mstdout[2m | src/components/Workbook/ConnectionStatus.stories.tsx[2m > [22m[2mNo Label
[22m[39m[FilesContext] File observeQuery update: 6 files
[90mstdout[2m | src/components/Workbook/ConnectionStatus.stories.tsx[2m > [22m[2mNo Label
[22m[39m[ChatContext] AssistantChat initialized with 1 chats
[90mstdout[2m | src/components/Workbook/ConnectionStatus.stories.tsx[2m > [22m[2mNo Label
[22m[39m[ChatContext] Setting initial chat: mock-assistant-chat-1
[90mstdout[2m | src/components/Workbook/ConnectionStatus.stories.tsx[2m > [22m[2mNo Label
[22m[39m[MOCK CourseVectorStore] Initialized with mock data
[90mstdout[2m | src/components/Workbook/ConnectionStatus.stories.tsx[2m > [22m[2mNo Label
[22m[39m[FilesContext] Vector store population triggered {
  "currentVectorStoreSize": 3,
  "documentsCount": 0,
  "filesCount": 6,
  "isInitialLoad": true,
}
[90mstdout[2m | src/components/Workbook/ConnectionStatus.stories.tsx[2m > [22m[2mNo Label
[22m[39m[FilesContext] Vector store population complete - 3 total embeddings
[90mstdout[2m | src/components/Workbook/ConnectionStatus.stories.tsx[2m > [22m[2mNo Label
[22m[39m[ChatContext] Chat exists and not archived, skipping creation
[90mstdout[2m | src/components/Workbook/ConnectionStatus.stories.tsx[2m > [22m[2mNo Label
[22m[39m[Mock Storage] downloadData called with: undefined
[90mstdout[2m | src/components/Workbook/ConnectionStatus.stories.tsx[2m > [22m[2mDisabled
[22m[39m[ChatContext] Cleaning up subscriptions
[90mstdout[2m | src/components/Workbook/ConnectionStatus.stories.tsx[2m > [22m[2mDisabled
[22m[39m[MOCK CourseVectorStore] Initialized with mock data
[90mstdout[2m | src/components/Workbook/ConnectionStatus.stories.tsx[2m > [22m[2mDisabled
[22m[39m[TranslationModeController] Setting mode to: off
[90mstdout[2m | src/components/Workbook/ConnectionStatus.stories.tsx[2m > [22m[2mDisabled
[22m[39m[FilesContext] Initializing vector store from IndexedDB
[90mstdout[2m | src/components/Workbook/ConnectionStatus.stories.tsx[2m > [22m[2mDisabled
[22m[39m[FilesContext] fetchFiles called
[90mstdout[2m | src/components/Workbook/ConnectionStatus.stories.tsx[2m > [22m[2mDisabled
[22m[39m[FilesContext] User authenticated: mock-user-sub
[90mstdout[2m | src/components/Workbook/ConnectionStatus.stories.tsx[2m > [22m[2mDisabled
[22m[39m[FilesContext] Identity ID: us-east-1:mock-identity-123
[90mstdout[2m | src/components/Workbook/ConnectionStatus.stories.tsx[2m > [22m[2mDisabled
[22m[39m[FilesContext] About to set up File observeQuery
[90mstdout[2m | src/components/Workbook/ConnectionStatus.stories.tsx[2m > [22m[2mDisabled
[22m[39m[ChatContext] Setting up AssistantChat observeQuery
[90mstdout[2m | src/components/Workbook/ConnectionStatus.stories.tsx[2m > [22m[2mDisabled
[22m[39m[ChatContext] Waiting for subscription to initialize
[90mstdout[2m | src/components/Workbook/ConnectionStatus.stories.tsx[2m > [22m[2mDisabled
[22m[39m[SettingsContext] Setting up Settings subscription for user: mock-user-sub
[90mstdout[2m | src/components/Workbook/ConnectionStatus.stories.tsx[2m > [22m[2mDisabled
[22m[39m[Mock Data] Settings created: mock-settings-1790418258789 - notified 0 subscribers
[90mstdout[2m | src/components/Workbook/ConnectionStatus.stories.tsx[2m > [22m[2mDisabled
[22m[39m[FilesContext] File observeQuery update: 6 files
[90mstdout[2m | src/components/Workbook/ConnectionStatus.stories.tsx[2m > [22m[2mDisabled
[22m[39m[ChatContext] AssistantChat initialized with 1 chats
[90mstdout[2m | src/components/Workbook/ConnectionStatus.stories.tsx[2m > [22m[2mDisabled
[22m[39m[ChatContext] Setting initial chat: mock-assistant-chat-1
[90mstdout[2m | src/components/Workbook/ConnectionStatus.stories.tsx[2m > [22m[2mDisabled
[22m[39m[MOCK CourseVectorStore] Initialized with mock data
[90mstdout[2m | src/components/Workbook/ConnectionStatus.stories.tsx[2m > [22m[2mDisabled
[22m[39m[FilesContext] Vector store population triggered {
  "currentVectorStoreSize": 3,
  "documentsCount": 0,
  "filesCount": 6,
  "isInitialLoad": true,
}
[90mstdout[2m | src/components/Workbook/ConnectionStatus.stories.tsx[2m > [22m[2mDisabled
[22m[39m[FilesContext] Vector store population complete - 3 total embeddings
[90mstdout[2m | src/components/Workbook/ConnectionStatus.stories.tsx[2m > [22m[2mDisabled
[22m[39m[ChatContext] Chat exists and not archived, skipping creation
[90mstdout[2m | src/components/Workbook/ConnectionStatus.stories.tsx[2m > [22m[2mDisabled
[22m[39m[Mock Storage] downloadData called with: undefined
 [32m✓[39m [30m[45m storybook (chromium) [49m[39m src/components/Workbook/ConnectionStatus.stories.tsx [2m([22m[2m4 tests[22m[2m)[22m[33m 597[2mms[22m[39m
[90mstdout[2m | unknown test
[22m[39m[MOCK vectorStoreDB.js] Module loaded - mock IndexedDB operations
[90mstdout[2m | unknown test
[22m[39m[Task Completion] DOM action listeners initialized
[90mstdout[2m | unknown test
[22m[39m[Task Completion] Auto-completion detector initialized
[90mstdout[2m | unknown test
[22m[39m[Preview] Task completion detector initialized
[90mstdout[2m | src/components/Workbook/WorkbookPresenceBar.stories.tsx[2m > [22m[2mThree Users
[22m[39m[MOCK CourseVectorStore] Initialized with mock data
[90mstdout[2m | src/components/Workbook/WorkbookPresenceBar.stories.tsx[2m > [22m[2mThree Users
[22m[39m[TranslationModeController] Setting mode to: off
[90mstdout[2m | src/components/Workbook/WorkbookPresenceBar.stories.tsx[2m > [22m[2mThree Users
[22m[39m[UnitContext] useEffect triggered {
  "authLoading": false,
  "hasUser": true,
  "id": "mock-unit-id",
  "userSub": "mock-user-sub",
}
[90mstdout[2m | src/components/Workbook/WorkbookPresenceBar.stories.tsx[2m > [22m[2mThree Users
[22m[39m[UnitContext] Fetching unit data for id: mock-unit-id
[90mstdout[2m | src/components/Workbook/WorkbookPresenceBar.stories.tsx[2m > [22m[2mThree Users
[22m[39m[FilesContext] Initializing vector store from IndexedDB
[90mstdout[2m | src/components/Workbook/WorkbookPresenceBar.stories.tsx[2m > [22m[2mThree Users
[22m[39m[FilesContext] fetchFiles called
[90mstdout[2m | src/components/Workbook/WorkbookPresenceBar.stories.tsx[2m > [22m[2mThree Users
[22m[39m[FilesContext] User authenticated: mock-user-sub
[90mstdout[2m | src/components/Workbook/WorkbookPresenceBar.stories.tsx[2m > [22m[2mThree Users
[22m[39m[FilesContext] Identity ID: us-east-1:mock-identity-123
[90mstdout[2m | src/components/Workbook/WorkbookPresenceBar.stories.tsx[2m > [22m[2mThree Users
[22m[39m[FilesContext] About to set up File observeQuery
[90mstdout[2m | src/components/Workbook/WorkbookPresenceBar.stories.tsx[2m > [22m[2mThree Users
[22m[39m[ChatContext] Setting up AssistantChat observeQuery
[90mstdout[2m | src/components/Workbook/WorkbookPresenceBar.stories.tsx[2m > [22m[2mThree Users
[22m[39m[ChatContext] Waiting for subscription to initialize
[90mstdout[2m | src/components/Workbook/WorkbookPresenceBar.stories.tsx[2m > [22m[2mThree Users
[22m[39m[SettingsContext] Setting up Settings subscription for user: mock-user-sub
[90mstdout[2m | src/components/Workbook/WorkbookPresenceBar.stories.tsx[2m > [22m[2mThree Users
[22m[39m[Mock Data] Settings created: mock-settings-1790418259589 - notified 0 subscribers
[90mstdout[2m | src/components/Workbook/WorkbookPresenceBar.stories.tsx[2m > [22m[2mThree Users
[22m[39m[Mock Data] Unit.onUpdate() subscription added. Total: 1
[90mstdout[2m | src/components/Workbook/WorkbookPresenceBar.stories.tsx[2m > [22m[2mThree Users
[22m[39m[SectionContext] Section observeQuery update: 0
[90mstdout[2m | src/components/Workbook/WorkbookPresenceBar.stories.tsx[2m > [22m[2mThree Users
[22m[39m[FilesContext] File observeQuery update: 6 files
[90mstdout[2m | src/components/Workbook/WorkbookPresenceBar.stories.tsx[2m > [22m[2mThree Users
[22m[39m[ChatContext] AssistantChat initialized with 1 chats
[90mstdout[2m | src/components/Workbook/WorkbookPresenceBar.stories.tsx[2m > [22m[2mThree Users
[22m[39m[ChatContext] Setting initial chat: mock-assistant-chat-1
[90mstdout[2m | src/components/Workbook/WorkbookPresenceBar.stories.tsx[2m > [22m[2mThree Users
[22m[39m[MOCK CourseVectorStore] Initialized with mock data
[90mstdout[2m | src/components/Workbook/WorkbookPresenceBar.stories.tsx[2m > [22m[2mThree Users
[22m[39m[FilesContext] Vector store population triggered {
  "currentVectorStoreSize": 3,
  "documentsCount": 0,
  "filesCount": 6,
  "isInitialLoad": true,
}
[90mstdout[2m | src/components/Workbook/WorkbookPresenceBar.stories.tsx[2m > [22m[2mThree Users
[22m[39m[FilesContext] Vector store population complete - 3 total embeddings
[90mstdout[2m | src/components/Workbook/WorkbookPresenceBar.stories.tsx[2m > [22m[2mThree Users
[22m[39m[ChatContext] Chat exists and not archived, skipping creation
[90mstdout[2m | src/components/Workbook/WorkbookPresenceBar.stories.tsx[2m > [22m[2mThree Users
[22m[39m[Mock Storage] downloadData called with: undefined
[90mstdout[2m | src/components/Workbook/WorkbookPresenceBar.stories.tsx[2m > [22m[2mSingle User
[22m[39m[ChatContext] Cleaning up subscriptions
[90mstdout[2m | src/components/Workbook/WorkbookPresenceBar.stories.tsx[2m > [22m[2mSingle User
[22m[39m[Mock Data] Unit.onUpdate() subscription removed. Remaining: 0
[90mstdout[2m | src/components/Workbook/WorkbookPresenceBar.stories.tsx[2m > [22m[2mSingle User
[22m[39m[MOCK CourseVectorStore] Initialized with mock data
[90mstdout[2m | src/components/Workbook/WorkbookPresenceBar.stories.tsx[2m > [22m[2mSingle User
[22m[39m[TranslationModeController] Setting mode to: off
[90mstdout[2m | src/components/Workbook/WorkbookPresenceBar.stories.tsx[2m > [22m[2mSingle User
[22m[39m[UnitContext] useEffect triggered {
  "authLoading": false,
  "hasUser": true,
  "id": "mock-unit-id",
  "userSub": "mock-user-sub",
}
[90mstdout[2m | src/components/Workbook/WorkbookPresenceBar.stories.tsx[2m > [22m[2mSingle User
[22m[39m[UnitContext] Fetching unit data for id: mock-unit-id
[90mstdout[2m | src/components/Workbook/WorkbookPresenceBar.stories.tsx[2m > [22m[2mSingle User
[22m[39m[FilesContext] Initializing vector store from IndexedDB
[90mstdout[2m | src/components/Workbook/WorkbookPresenceBar.stories.tsx[2m > [22m[2mSingle User
[22m[39m[FilesContext] fetchFiles called
[90mstdout[2m | src/components/Workbook/WorkbookPresenceBar.stories.tsx[2m > [22m[2mSingle User
[22m[39m[FilesContext] User authenticated: mock-user-sub
[90mstdout[2m | src/components/Workbook/WorkbookPresenceBar.stories.tsx[2m > [22m[2mSingle User
[22m[39m[FilesContext] Identity ID: us-east-1:mock-identity-123
[90mstdout[2m | src/components/Workbook/WorkbookPresenceBar.stories.tsx[2m > [22m[2mSingle User
[22m[39m[FilesContext] About to set up File observeQuery
[90mstdout[2m | src/components/Workbook/WorkbookPresenceBar.stories.tsx[2m > [22m[2mSingle User
[22m[39m[ChatContext] Setting up AssistantChat observeQuery
[90mstdout[2m | src/components/Workbook/WorkbookPresenceBar.stories.tsx[2m > [22m[2mSingle User
[22m[39m[ChatContext] Waiting for subscription to initialize
[90mstdout[2m | src/components/Workbook/WorkbookPresenceBar.stories.tsx[2m > [22m[2mSingle User
[22m[39m[SettingsContext] Setting up Settings subscription for user: mock-user-sub
[90mstdout[2m | src/components/Workbook/WorkbookPresenceBar.stories.tsx[2m > [22m[2mSingle User
[22m[39m[Mock Data] Settings created: mock-settings-1790418259727 - notified 0 subscribers
[90mstdout[2m | src/components/Workbook/WorkbookPresenceBar.stories.tsx[2m > [22m[2mSingle User
[22m[39m[Mock Data] Unit.onUpdate() subscription added. Total: 1
[90mstdout[2m | src/components/Workbook/WorkbookPresenceBar.stories.tsx[2m > [22m[2mSingle User
[22m[39m[SectionContext] Section observeQuery update: 0
[90mstdout[2m | src/components/Workbook/WorkbookPresenceBar.stories.tsx[2m > [22m[2mSingle User
[22m[39m[FilesContext] File observeQuery update: 6 files
[90mstdout[2m | src/components/Workbook/WorkbookPresenceBar.stories.tsx[2m > [22m[2mSingle User
[22m[39m[ChatContext] AssistantChat initialized with 1 chats
[90mstdout[2m | src/components/Workbook/WorkbookPresenceBar.stories.tsx[2m > [22m[2mSingle User
[22m[39m[ChatContext] Setting initial chat: mock-assistant-chat-1
[90mstdout[2m | src/components/Workbook/WorkbookPresenceBar.stories.tsx[2m > [22m[2mSingle User
[22m[39m[Mock Storage] downloadData called with: undefined
[90mstdout[2m | src/components/Workbook/WorkbookPresenceBar.stories.tsx[2m > [22m[2mSingle User
[22m[39m[MOCK CourseVectorStore] Initialized with mock data
[90mstdout[2m | src/components/Workbook/WorkbookPresenceBar.stories.tsx[2m > [22m[2mSingle User
[22m[39m[FilesContext] Vector store population triggered {
  "currentVectorStoreSize": 3,
  "documentsCount": 0,
  "filesCount": 6,
  "isInitialLoad": true,
}
[90mstdout[2m | src/components/Workbook/WorkbookPresenceBar.stories.tsx[2m > [22m[2mSingle User
[22m[39m[FilesContext] Vector store population complete - 3 total embeddings
[90mstdout[2m | src/components/Workbook/WorkbookPresenceBar.stories.tsx[2m > [22m[2mSingle User
[22m[39m[ChatContext] Chat exists and not archived, skipping creation
[90mstdout[2m | src/components/Workbook/WorkbookPresenceBar.stories.tsx[2m > [22m[2mWith Idle Users
[22m[39m[ChatContext] Cleaning up subscriptions
[90mstdout[2m | src/components/Workbook/WorkbookPresenceBar.stories.tsx[2m > [22m[2mWith Idle Users
[22m[39m[Mock Data] Unit.onUpdate() subscription removed. Remaining: 0
[90mstdout[2m | src/components/Workbook/WorkbookPresenceBar.stories.tsx[2m > [22m[2mWith Idle Users
[22m[39m[MOCK CourseVectorStore] Initialized with mock data
[90mstdout[2m | src/components/Workbook/WorkbookPresenceBar.stories.tsx[2m > [22m[2mWith Idle Users
[22m[39m[TranslationModeController] Setting mode to: off
[90mstdout[2m | src/components/Workbook/WorkbookPresenceBar.stories.tsx[2m > [22m[2mWith Idle Users
[22m[39m[UnitContext] useEffect triggered {
  "authLoading": false,
  "hasUser": true,
  "id": "mock-unit-id",
  "userSub": "mock-user-sub",
}
[90mstdout[2m | src/components/Workbook/WorkbookPresenceBar.stories.tsx[2m > [22m[2mWith Idle Users
[22m[39m[UnitContext] Fetching unit data for id: mock-unit-id
[90mstdout[2m | src/components/Workbook/WorkbookPresenceBar.stories.tsx[2m > [22m[2mWith Idle Users
[22m[39m[FilesContext] Initializing vector store from IndexedDB
[90mstdout[2m | src/components/Workbook/WorkbookPresenceBar.stories.tsx[2m > [22m[2mWith Idle Users
[22m[39m[FilesContext] fetchFiles called
[90mstdout[2m | src/components/Workbook/WorkbookPresenceBar.stories.tsx[2m > [22m[2mWith Idle Users
[22m[39m[FilesContext] User authenticated: mock-user-sub
[90mstdout[2m | src/components/Workbook/WorkbookPresenceBar.stories.tsx[2m > [22m[2mWith Idle Users
[22m[39m[FilesContext] Identity ID: us-east-1:mock-identity-123
[90mstdout[2m | src/components/Workbook/WorkbookPresenceBar.stories.tsx[2m > [22m[2mWith Idle Users
[22m[39m[FilesContext] About to set up File observeQuery
[90mstdout[2m | src/components/Workbook/WorkbookPresenceBar.stories.tsx[2m > [22m[2mWith Idle Users
[22m[39m[ChatContext] Setting up AssistantChat observeQuery
[90mstdout[2m | src/components/Workbook/WorkbookPresenceBar.stories.tsx[2m > [22m[2mWith Idle Users
[22m[39m[ChatContext] Waiting for subscription to initialize
[90mstdout[2m | src/components/Workbook/WorkbookPresenceBar.stories.tsx[2m > [22m[2mWith Idle Users
[22m[39m[SettingsContext] Setting up Settings subscription for user: mock-user-sub
[90mstdout[2m | src/components/Workbook/WorkbookPresenceBar.stories.tsx[2m > [22m[2mWith Idle Users
[22m[39m[Mock Data] Settings created: mock-settings-1790418259882 - notified 0 subscribers
[90mstdout[2m | src/components/Workbook/WorkbookPresenceBar.stories.tsx[2m > [22m[2mWith Idle Users
[22m[39m[Mock Data] Unit.onUpdate() subscription added. Total: 1
[90mstdout[2m | src/components/Workbook/WorkbookPresenceBar.stories.tsx[2m > [22m[2mWith Idle Users
[22m[39m[SectionContext] Section observeQuery update: 0
[90mstdout[2m | src/components/Workbook/WorkbookPresenceBar.stories.tsx[2m > [22m[2mWith Idle Users
[22m[39m[FilesContext] File observeQuery update: 6 files
[90mstdout[2m | src/components/Workbook/WorkbookPresenceBar.stories.tsx[2m > [22m[2mWith Idle Users
[22m[39m[ChatContext] AssistantChat initialized with 1 chats
[90mstdout[2m | src/components/Workbook/WorkbookPresenceBar.stories.tsx[2m > [22m[2mWith Idle Users
[22m[39m[ChatContext] Setting initial chat: mock-assistant-chat-1
[90mstdout[2m | src/components/Workbook/WorkbookPresenceBar.stories.tsx[2m > [22m[2mWith Idle Users
[22m[39m[MOCK CourseVectorStore] Initialized with mock data
[90mstdout[2m | src/components/Workbook/WorkbookPresenceBar.stories.tsx[2m > [22m[2mWith Idle Users
[22m[39m[FilesContext] Vector store population triggered {
  "currentVectorStoreSize": 3,
  "documentsCount": 0,
  "filesCount": 6,
  "isInitialLoad": true,
}
[90mstdout[2m | src/components/Workbook/WorkbookPresenceBar.stories.tsx[2m > [22m[2mWith Idle Users
[22m[39m[FilesContext] Vector store population complete - 3 total embeddings
[90mstdout[2m | src/components/Workbook/WorkbookPresenceBar.stories.tsx[2m > [22m[2mWith Idle Users
[22m[39m[ChatContext] Chat exists and not archived, skipping creation
[90mstdout[2m | src/components/Workbook/WorkbookPresenceBar.stories.tsx[2m > [22m[2mWith Idle Users
[22m[39m[Mock Storage] downloadData called with: undefined
[90mstdout[2m | src/components/Workbook/WorkbookPresenceBar.stories.tsx[2m > [22m[2mOverflow
[22m[39m[ChatContext] Cleaning up subscriptions
[90mstdout[2m | src/components/Workbook/WorkbookPresenceBar.stories.tsx[2m > [22m[2mOverflow
[22m[39m[Mock Data] Unit.onUpdate() subscription removed. Remaining: 0
[90mstdout[2m | src/components/Workbook/WorkbookPresenceBar.stories.tsx[2m > [22m[2mOverflow
[22m[39m[MOCK CourseVectorStore] Initialized with mock data
[90mstdout[2m | src/components/Workbook/WorkbookPresenceBar.stories.tsx[2m > [22m[2mOverflow
[22m[39m[TranslationModeController] Setting mode to: off
[90mstdout[2m | src/components/Workbook/WorkbookPresenceBar.stories.tsx[2m > [22m[2mOverflow
[22m[39m[UnitContext] useEffect triggered {
  "authLoading": false,
  "hasUser": true,
  "id": "mock-unit-id",
  "userSub": "mock-user-sub",
}
[90mstdout[2m | src/components/Workbook/WorkbookPresenceBar.stories.tsx[2m > [22m[2mOverflow
[22m[39m[UnitContext] Fetching unit data for id: mock-unit-id
[90mstdout[2m | src/components/Workbook/WorkbookPresenceBar.stories.tsx[2m > [22m[2mOverflow
[22m[39m[FilesContext] Initializing vector store from IndexedDB
[90mstdout[2m | src/components/Workbook/WorkbookPresenceBar.stories.tsx[2m > [22m[2mOverflow
[22m[39m[FilesContext] fetchFiles called
[90mstdout[2m | src/components/Workbook/WorkbookPresenceBar.stories.tsx[2m > [22m[2mOverflow
[22m[39m[FilesContext] User authenticated: mock-user-sub
[90mstdout[2m | src/components/Workbook/WorkbookPresenceBar.stories.tsx[2m > [22m[2mOverflow
[22m[39m[FilesContext] Identity ID: us-east-1:mock-identity-123
[90mstdout[2m | src/components/Workbook/WorkbookPresenceBar.stories.tsx[2m > [22m[2mOverflow
[22m[39m[FilesContext] About to set up File observeQuery
[90mstdout[2m | src/components/Workbook/WorkbookPresenceBar.stories.tsx[2m > [22m[2mOverflow
[22m[39m[ChatContext] Setting up AssistantChat observeQuery
[90mstdout[2m | src/components/Workbook/WorkbookPresenceBar.stories.tsx[2m > [22m[2mOverflow
[22m[39m[ChatContext] Waiting for subscription to initialize
[90mstdout[2m | src/components/Workbook/WorkbookPresenceBar.stories.tsx[2m > [22m[2mOverflow
[22m[39m[SettingsContext] Setting up Settings subscription for user: mock-user-sub
[90mstdout[2m | src/components/Workbook/WorkbookPresenceBar.stories.tsx[2m > [22m[2mOverflow
[22m[39m[Mock Data] Settings created: mock-settings-1790418260005 - notified 0 subscribers
[90mstdout[2m | src/components/Workbook/WorkbookPresenceBar.stories.tsx[2m > [22m[2mOverflow
[22m[39m[Mock Data] Unit.onUpdate() subscription added. Total: 1
[90mstdout[2m | src/components/Workbook/WorkbookPresenceBar.stories.tsx[2m > [22m[2mOverflow
[22m[39m[SectionContext] Section observeQuery update: 0
[90mstdout[2m | src/components/Workbook/WorkbookPresenceBar.stories.tsx[2m > [22m[2mOverflow
[22m[39m[FilesContext] File observeQuery update: 6 files
[90mstdout[2m | src/components/Workbook/WorkbookPresenceBar.stories.tsx[2m > [22m[2mOverflow
[22m[39m[ChatContext] AssistantChat initialized with 1 chats
[90mstdout[2m | src/components/Workbook/WorkbookPresenceBar.stories.tsx[2m > [22m[2mOverflow
[22m[39m[ChatContext] Setting initial chat: mock-assistant-chat-1
[90mstdout[2m | src/components/Workbook/WorkbookPresenceBar.stories.tsx[2m > [22m[2mOverflow
[22m[39m[MOCK CourseVectorStore] Initialized with mock data
[90mstdout[2m | src/components/Workbook/WorkbookPresenceBar.stories.tsx[2m > [22m[2mOverflow
[22m[39m[FilesContext] Vector store population triggered {
  "currentVectorStoreSize": 3,
  "documentsCount": 0,
  "filesCount": 6,
  "isInitialLoad": true,
}
[90mstdout[2m | src/components/Workbook/WorkbookPresenceBar.stories.tsx[2m > [22m[2mOverflow
[22m[39m[FilesContext] Vector store population complete - 3 total embeddings
[90mstdout[2m | src/components/Workbook/WorkbookPresenceBar.stories.tsx[2m > [22m[2mOverflow
[22m[39m[ChatContext] Chat exists and not archived, skipping creation
[90mstdout[2m | src/components/Workbook/WorkbookPresenceBar.stories.tsx[2m > [22m[2mOverflow
[22m[39m[Mock Storage] downloadData called with: undefined
[90mstdout[2m | src/components/Workbook/WorkbookPresenceBar.stories.tsx[2m > [22m[2mEmpty
[22m[39m[ChatContext] Cleaning up subscriptions
[90mstdout[2m | src/components/Workbook/WorkbookPresenceBar.stories.tsx[2m > [22m[2mEmpty
[22m[39m[Mock Data] Unit.onUpdate() subscription removed. Remaining: 0
[90mstdout[2m | src/components/Workbook/WorkbookPresenceBar.stories.tsx[2m > [22m[2mEmpty
[22m[39m[MOCK CourseVectorStore] Initialized with mock data
[90mstdout[2m | src/components/Workbook/WorkbookPresenceBar.stories.tsx[2m > [22m[2mEmpty
[22m[39m[TranslationModeController] Setting mode to: off
[90mstdout[2m | src/components/Workbook/WorkbookPresenceBar.stories.tsx[2m > [22m[2mEmpty
[22m[39m[UnitContext] useEffect triggered {
  "authLoading": false,
  "hasUser": true,
  "id": "mock-unit-id",
  "userSub": "mock-user-sub",
}
[90mstdout[2m | src/components/Workbook/WorkbookPresenceBar.stories.tsx[2m > [22m[2mEmpty
[22m[39m[UnitContext] Fetching unit data for id: mock-unit-id
[90mstdout[2m | src/components/Workbook/WorkbookPresenceBar.stories.tsx[2m > [22m[2mEmpty
[22m[39m[FilesContext] Initializing vector store from IndexedDB
[90mstdout[2m | src/components/Workbook/WorkbookPresenceBar.stories.tsx[2m > [22m[2mEmpty
[22m[39m[FilesContext] fetchFiles called
[90mstdout[2m | src/components/Workbook/WorkbookPresenceBar.stories.tsx[2m > [22m[2mEmpty
[22m[39m[FilesContext] User authenticated: mock-user-sub
[90mstdout[2m | src/components/Workbook/WorkbookPresenceBar.stories.tsx[2m > [22m[2mEmpty
[22m[39m[FilesContext] Identity ID: us-east-1:mock-identity-123
[90mstdout[2m | src/components/Workbook/WorkbookPresenceBar.stories.tsx[2m > [22m[2mEmpty
[22m[39m[FilesContext] About to set up File observeQuery
[90mstdout[2m | src/components/Workbook/WorkbookPresenceBar.stories.tsx[2m > [22m[2mEmpty
[22m[39m[ChatContext] Setting up AssistantChat observeQuery
[90mstdout[2m | src/components/Workbook/WorkbookPresenceBar.stories.tsx[2m > [22m[2mEmpty
[22m[39m[ChatContext] Waiting for subscription to initialize
[90mstdout[2m | src/components/Workbook/WorkbookPresenceBar.stories.tsx[2m > [22m[2mEmpty
[22m[39m[SettingsContext] Setting up Settings subscription for user: mock-user-sub
[90mstdout[2m | src/components/Workbook/WorkbookPresenceBar.stories.tsx[2m > [22m[2mEmpty
[22m[39m[Mock Data] Settings created: mock-settings-1790418260111 - notified 0 subscribers
[90mstdout[2m | src/components/Workbook/WorkbookPresenceBar.stories.tsx[2m > [22m[2mEmpty
[22m[39m[Mock Data] Unit.onUpdate() subscription added. Total: 1
[90mstdout[2m | src/components/Workbook/WorkbookPresenceBar.stories.tsx[2m > [22m[2mEmpty
[22m[39m[SectionContext] Section observeQuery update: 0
[90mstdout[2m | src/components/Workbook/WorkbookPresenceBar.stories.tsx[2m > [22m[2mEmpty
[22m[39m[FilesContext] File observeQuery update: 6 files
[90mstdout[2m | src/components/Workbook/WorkbookPresenceBar.stories.tsx[2m > [22m[2mEmpty
[22m[39m[ChatContext] AssistantChat initialized with 1 chats
[90mstdout[2m | src/components/Workbook/WorkbookPresenceBar.stories.tsx[2m > [22m[2mEmpty
[22m[39m[ChatContext] Setting initial chat: mock-assistant-chat-1
[90mstdout[2m | src/components/Workbook/WorkbookPresenceBar.stories.tsx[2m > [22m[2mEmpty
[22m[39m[Mock Storage] downloadData called with: undefined
[90mstdout[2m | src/components/Workbook/WorkbookPresenceBar.stories.tsx[2m > [22m[2mEmpty
[22m[39m[MOCK CourseVectorStore] Initialized with mock data
[90mstdout[2m | src/components/Workbook/WorkbookPresenceBar.stories.tsx[2m > [22m[2mEmpty
[22m[39m[FilesContext] Vector store population triggered {
  "currentVectorStoreSize": 3,
  "documentsCount": 0,
  "filesCount": 6,
  "isInitialLoad": true,
}
[90mstdout[2m | src/components/Workbook/WorkbookPresenceBar.stories.tsx[2m > [22m[2mEmpty
[22m[39m[FilesContext] Vector store population complete - 3 total embeddings
[90mstdout[2m | src/components/Workbook/WorkbookPresenceBar.stories.tsx[2m > [22m[2mEmpty
[22m[39m[ChatContext] Chat exists and not archived, skipping creation
 [32m✓[39m [30m[45m storybook (chromium) [49m[39m src/components/Workbook/WorkbookPresenceBar.stories.tsx [2m([22m[2m5 tests[22m[2m)[22m[33m 632[2mms[22m[39m
[90mstdout[2m | unknown test
[22m[39m[MOCK vectorStoreDB.js] Module loaded - mock IndexedDB operations
[90mstdout[2m | unknown test
[22m[39m[Task Completion] DOM action listeners initialized
[90mstdout[2m | unknown test
[22m[39m[Task Completion] Auto-completion detector initialized
[90mstdout[2m | unknown test
[22m[39m[Preview] Task completion detector initialized
[90mstdout[2m | src/components/Gamification/StorybookPromoPanel.stories.tsx[2m > [22m[2mDefault
[22m[39m[TranslationModeController] Setting mode to: off
[90mstdout[2m | src/components/Gamification/StorybookPromoPanel.stories.tsx[2m > [22m[2mSome Badges Earned
[22m[39m[TranslationModeController] Setting mode to: off
[90mstdout[2m | src/components/Gamification/StorybookPromoPanel.stories.tsx[2m > [22m[2mAll Badges Earned
[22m[39m[TranslationModeController] Setting mode to: off
 [32m✓[39m [30m[45m storybook (chromium) [49m[39m src/components/Gamification/StorybookPromoPanel.stories.tsx [2m([22m[2m3 tests[22m[2m)[22m[33m 599[2mms[22m[39m
[90mstdout[2m | unknown test
[22m[39m[MOCK vectorStoreDB.js] Module loaded - mock IndexedDB operations
[90mstdout[2m | unknown test
[22m[39m[Task Completion] DOM action listeners initialized
[90mstdout[2m | unknown test
[22m[39m[Task Completion] Auto-completion detector initialized
[90mstdout[2m | unknown test
[22m[39m[Preview] Task completion detector initialized
[90mstdout[2m | src/components/ChatSidebar/RecordingScriptPreview.stories.jsx[2m > [22m[2mConversation
[22m[39m[MOCK CourseVectorStore] Initialized with mock data
[90mstdout[2m | src/components/ChatSidebar/RecordingScriptPreview.stories.jsx[2m > [22m[2mConversation
[22m[39m[TranslationModeController] Setting mode to: off
[90mstdout[2m | src/components/ChatSidebar/RecordingScriptPreview.stories.jsx[2m > [22m[2mConversation
[22m[39m[UnitContext] useEffect triggered {
  "authLoading": false,
  "hasUser": true,
  "id": "unit-demo",
  "userSub": "mock-user-sub",
}
[90mstdout[2m | src/components/ChatSidebar/RecordingScriptPreview.stories.jsx[2m > [22m[2mConversation
[22m[39m[UnitContext] Fetching unit data for id: unit-demo
[90mstdout[2m | src/components/ChatSidebar/RecordingScriptPreview.stories.jsx[2m > [22m[2mConversation
[22m[39m[FilesContext] Initializing vector store from IndexedDB
[90mstdout[2m | src/components/ChatSidebar/RecordingScriptPreview.stories.jsx[2m > [22m[2mConversation
[22m[39m[FilesContext] fetchFiles called
[90mstdout[2m | src/components/ChatSidebar/RecordingScriptPreview.stories.jsx[2m > [22m[2mConversation
[22m[39m[FilesContext] User authenticated: mock-user-sub
[90mstdout[2m | src/components/ChatSidebar/RecordingScriptPreview.stories.jsx[2m > [22m[2mConversation
[22m[39m[FilesContext] Identity ID: us-east-1:mock-identity-123
[90mstdout[2m | src/components/ChatSidebar/RecordingScriptPreview.stories.jsx[2m > [22m[2mConversation
[22m[39m[FilesContext] About to set up File observeQuery
[90mstdout[2m | src/components/ChatSidebar/RecordingScriptPreview.stories.jsx[2m > [22m[2mConversation
[22m[39m[ChatContext] Setting up AssistantChat observeQuery
[90mstdout[2m | src/components/ChatSidebar/RecordingScriptPreview.stories.jsx[2m > [22m[2mConversation
[22m[39m[ChatContext] Waiting for subscription to initialize
[90mstdout[2m | src/components/ChatSidebar/RecordingScriptPreview.stories.jsx[2m > [22m[2mConversation
[22m[39m[SettingsContext] Setting up Settings subscription for user: mock-user-sub
[90mstdout[2m | src/components/ChatSidebar/RecordingScriptPreview.stories.jsx[2m > [22m[2mConversation
[22m[39m[Mock Data] Settings created: mock-settings-1790418261912 - notified 0 subscribers
[90mstdout[2m | src/components/ChatSidebar/RecordingScriptPreview.stories.jsx[2m > [22m[2mConversation
[22m[39m[Mock Data] Unit.onUpdate() subscription added. Total: 1
[90mstdout[2m | src/components/ChatSidebar/RecordingScriptPreview.stories.jsx[2m > [22m[2mConversation
[22m[39m[SectionContext] Section observeQuery update: 0
[90mstdout[2m | src/components/ChatSidebar/RecordingScriptPreview.stories.jsx[2m > [22m[2mConversation
[22m[39m[FilesContext] File observeQuery update: 6 files
[90mstdout[2m | src/components/ChatSidebar/RecordingScriptPreview.stories.jsx[2m > [22m[2mConversation
[22m[39m[ChatContext] AssistantChat initialized with 1 chats
[90mstdout[2m | src/components/ChatSidebar/RecordingScriptPreview.stories.jsx[2m > [22m[2mConversation
[22m[39m[ChatContext] Setting initial chat: mock-assistant-chat-1
[90mstdout[2m | src/components/ChatSidebar/RecordingScriptPreview.stories.jsx[2m > [22m[2mConversation
[22m[39m[MOCK CourseVectorStore] Initialized with mock data
[90mstdout[2m | src/components/ChatSidebar/RecordingScriptPreview.stories.jsx[2m > [22m[2mConversation
[22m[39m[FilesContext] Vector store population triggered {
  "currentVectorStoreSize": 3,
  "documentsCount": 0,
  "filesCount": 6,
  "isInitialLoad": true,
}
[90mstdout[2m | src/components/ChatSidebar/RecordingScriptPreview.stories.jsx[2m > [22m[2mConversation
[22m[39m[FilesContext] Vector store population complete - 3 total embeddings
[90mstdout[2m | src/components/ChatSidebar/RecordingScriptPreview.stories.jsx[2m > [22m[2mConversation
[22m[39m[ChatContext] Chat exists and not archived, skipping creation
[90mstdout[2m | src/components/ChatSidebar/RecordingScriptPreview.stories.jsx[2m > [22m[2mConversation
[22m[39m[Mock Storage] downloadData called with: undefined
[90mstdout[2m | src/components/ChatSidebar/RecordingScriptPreview.stories.jsx[2m > [22m[2mVocabulary Word
[22m[39m[ChatContext] Cleaning up subscriptions
[90mstdout[2m | src/components/ChatSidebar/RecordingScriptPreview.stories.jsx[2m > [22m[2mVocabulary Word
[22m[39m[Mock Data] Unit.onUpdate() subscription removed. Remaining: 0
[90mstdout[2m | src/components/ChatSidebar/RecordingScriptPreview.stories.jsx[2m > [22m[2mVocabulary Word
[22m[39m[MOCK CourseVectorStore] Initialized with mock data
[90mstdout[2m | src/components/ChatSidebar/RecordingScriptPreview.stories.jsx[2m > [22m[2mVocabulary Word
[22m[39m[TranslationModeController] Setting mode to: off
[90mstdout[2m | src/components/ChatSidebar/RecordingScriptPreview.stories.jsx[2m > [22m[2mVocabulary Word
[22m[39m[UnitContext] useEffect triggered {
  "authLoading": false,
  "hasUser": true,
  "id": "unit-demo",
  "userSub": "mock-user-sub",
}
[90mstdout[2m | src/components/ChatSidebar/RecordingScriptPreview.stories.jsx[2m > [22m[2mVocabulary Word
[22m[39m[UnitContext] Fetching unit data for id: unit-demo
[90mstdout[2m | src/components/ChatSidebar/RecordingScriptPreview.stories.jsx[2m > [22m[2mVocabulary Word
[22m[39m[FilesContext] Initializing vector store from IndexedDB
[90mstdout[2m | src/components/ChatSidebar/RecordingScriptPreview.stories.jsx[2m > [22m[2mVocabulary Word
[22m[39m[FilesContext] fetchFiles called
[90mstdout[2m | src/components/ChatSidebar/RecordingScriptPreview.stories.jsx[2m > [22m[2mVocabulary Word
[22m[39m[FilesContext] User authenticated: mock-user-sub
[90mstdout[2m | src/components/ChatSidebar/RecordingScriptPreview.stories.jsx[2m > [22m[2mVocabulary Word
[22m[39m[FilesContext] Identity ID: us-east-1:mock-identity-123
[90mstdout[2m | src/components/ChatSidebar/RecordingScriptPreview.stories.jsx[2m > [22m[2mVocabulary Word
[22m[39m[FilesContext] About to set up File observeQuery
[90mstdout[2m | src/components/ChatSidebar/RecordingScriptPreview.stories.jsx[2m > [22m[2mVocabulary Word
[22m[39m[ChatContext] Setting up AssistantChat observeQuery
[90mstdout[2m | src/components/ChatSidebar/RecordingScriptPreview.stories.jsx[2m > [22m[2mVocabulary Word
[22m[39m[ChatContext] Waiting for subscription to initialize
[90mstdout[2m | src/components/ChatSidebar/RecordingScriptPreview.stories.jsx[2m > [22m[2mVocabulary Word
[22m[39m[SettingsContext] Setting up Settings subscription for user: mock-user-sub
[90mstdout[2m | src/components/ChatSidebar/RecordingScriptPreview.stories.jsx[2m > [22m[2mVocabulary Word
[22m[39m[Mock Data] Settings created: mock-settings-1790418262148 - notified 0 subscribers
[90mstdout[2m | src/components/ChatSidebar/RecordingScriptPreview.stories.jsx[2m > [22m[2mVocabulary Word
[22m[39m[Mock Data] Unit.onUpdate() subscription added. Total: 1
[90mstdout[2m | src/components/ChatSidebar/RecordingScriptPreview.stories.jsx[2m > [22m[2mVocabulary Word
[22m[39m[SectionContext] Section observeQuery update: 0
[90mstdout[2m | src/components/ChatSidebar/RecordingScriptPreview.stories.jsx[2m > [22m[2mVocabulary Word
[22m[39m[FilesContext] File observeQuery update: 6 files
[90mstdout[2m | src/components/ChatSidebar/RecordingScriptPreview.stories.jsx[2m > [22m[2mVocabulary Word
[22m[39m[ChatContext] AssistantChat initialized with 1 chats
[90mstdout[2m | src/components/ChatSidebar/RecordingScriptPreview.stories.jsx[2m > [22m[2mVocabulary Word
[22m[39m[ChatContext] Setting initial chat: mock-assistant-chat-1
[90mstdout[2m | src/components/ChatSidebar/RecordingScriptPreview.stories.jsx[2m > [22m[2mVocabulary Word
[22m[39m[MOCK CourseVectorStore] Initialized with mock data
[90mstdout[2m | src/components/ChatSidebar/RecordingScriptPreview.stories.jsx[2m > [22m[2mVocabulary Word
[22m[39m[FilesContext] Vector store population triggered {
  "currentVectorStoreSize": 3,
  "documentsCount": 0,
  "filesCount": 6,
  "isInitialLoad": true,
}
[90mstdout[2m | src/components/ChatSidebar/RecordingScriptPreview.stories.jsx[2m > [22m[2mVocabulary Word
[22m[39m[FilesContext] Vector store population complete - 3 total embeddings
[90mstdout[2m | src/components/ChatSidebar/RecordingScriptPreview.stories.jsx[2m > [22m[2mVocabulary Word
[22m[39m[ChatContext] Chat exists and not archived, skipping creation
[90mstdout[2m | src/components/ChatSidebar/RecordingScriptPreview.stories.jsx[2m > [22m[2mVocabulary Word
[22m[39m[Mock Storage] downloadData called with: undefined
[90mstdout[2m | src/components/ChatSidebar/RecordingScriptPreview.stories.jsx[2m > [22m[2mQA Recording
[22m[39m[ChatContext] Cleaning up subscriptions
[90mstdout[2m | src/components/ChatSidebar/RecordingScriptPreview.stories.jsx[2m > [22m[2mQA Recording
[22m[39m[Mock Data] Unit.onUpdate() subscription removed. Remaining: 0
[90mstdout[2m | src/components/ChatSidebar/RecordingScriptPreview.stories.jsx[2m > [22m[2mQA Recording
[22m[39m[MOCK CourseVectorStore] Initialized with mock data
[90mstdout[2m | src/components/ChatSidebar/RecordingScriptPreview.stories.jsx[2m > [22m[2mQA Recording
[22m[39m[TranslationModeController] Setting mode to: off
[90mstdout[2m | src/components/ChatSidebar/RecordingScriptPreview.stories.jsx[2m > [22m[2mQA Recording
[22m[39m[UnitContext] useEffect triggered {
  "authLoading": false,
  "hasUser": true,
  "id": "unit-demo",
  "userSub": "mock-user-sub",
}
[90mstdout[2m | src/components/ChatSidebar/RecordingScriptPreview.stories.jsx[2m > [22m[2mQA Recording
[22m[39m[UnitContext] Fetching unit data for id: unit-demo
[90mstdout[2m | src/components/ChatSidebar/RecordingScriptPreview.stories.jsx[2m > [22m[2mQA Recording
[22m[39m[FilesContext] Initializing vector store from IndexedDB
[90mstdout[2m | src/components/ChatSidebar/RecordingScriptPreview.stories.jsx[2m > [22m[2mQA Recording
[22m[39m[FilesContext] fetchFiles called
[90mstdout[2m | src/components/ChatSidebar/RecordingScriptPreview.stories.jsx[2m > [22m[2mQA Recording
[22m[39m[FilesContext] User authenticated: mock-user-sub
[90mstdout[2m | src/components/ChatSidebar/RecordingScriptPreview.stories.jsx[2m > [22m[2mQA Recording
[22m[39m[FilesContext] Identity ID: us-east-1:mock-identity-123
[90mstdout[2m | src/components/ChatSidebar/RecordingScriptPreview.stories.jsx[2m > [22m[2mQA Recording
[22m[39m[FilesContext] About to set up File observeQuery
[90mstdout[2m | src/components/ChatSidebar/RecordingScriptPreview.stories.jsx[2m > [22m[2mQA Recording
[22m[39m[ChatContext] Setting up AssistantChat observeQuery
[90mstdout[2m | src/components/ChatSidebar/RecordingScriptPreview.stories.jsx[2m > [22m[2mQA Recording
[22m[39m[ChatContext] Waiting for subscription to initialize
[90mstdout[2m | src/components/ChatSidebar/RecordingScriptPreview.stories.jsx[2m > [22m[2mQA Recording
[22m[39m[SettingsContext] Setting up Settings subscription for user: mock-user-sub
[90mstdout[2m | src/components/ChatSidebar/RecordingScriptPreview.stories.jsx[2m > [22m[2mQA Recording
[22m[39m[Mock Data] Settings created: mock-settings-1790418262311 - notified 0 subscribers
[90mstdout[2m | src/components/ChatSidebar/RecordingScriptPreview.stories.jsx[2m > [22m[2mQA Recording
[22m[39m[Mock Data] Unit.onUpdate() subscription added. Total: 1
[90mstdout[2m | src/components/ChatSidebar/RecordingScriptPreview.stories.jsx[2m > [22m[2mQA Recording
[22m[39m[SectionContext] Section observeQuery update: 0
[90mstdout[2m | src/components/ChatSidebar/RecordingScriptPreview.stories.jsx[2m > [22m[2mQA Recording
[22m[39m[FilesContext] File observeQuery update: 6 files
[90mstdout[2m | src/components/ChatSidebar/RecordingScriptPreview.stories.jsx[2m > [22m[2mQA Recording
[22m[39m[ChatContext] AssistantChat initialized with 1 chats
[90mstdout[2m | src/components/ChatSidebar/RecordingScriptPreview.stories.jsx[2m > [22m[2mQA Recording
[22m[39m[ChatContext] Setting initial chat: mock-assistant-chat-1
[90mstdout[2m | src/components/ChatSidebar/RecordingScriptPreview.stories.jsx[2m > [22m[2mQA Recording
[22m[39m[MOCK CourseVectorStore] Initialized with mock data
[90mstdout[2m | src/components/ChatSidebar/RecordingScriptPreview.stories.jsx[2m > [22m[2mQA Recording
[22m[39m[FilesContext] Vector store population triggered {
  "currentVectorStoreSize": 3,
  "documentsCount": 0,
  "filesCount": 6,
  "isInitialLoad": true,
}
[90mstdout[2m | src/components/ChatSidebar/RecordingScriptPreview.stories.jsx[2m > [22m[2mQA Recording
[22m[39m[FilesContext] Vector store population complete - 3 total embeddings
[90mstdout[2m | src/components/ChatSidebar/RecordingScriptPreview.stories.jsx[2m > [22m[2mQA Recording
[22m[39m[ChatContext] Chat exists and not archived, skipping creation
[90mstdout[2m | src/components/ChatSidebar/RecordingScriptPreview.stories.jsx[2m > [22m[2mQA Recording
[22m[39m[Mock Storage] downloadData called with: undefined
 [32m✓[39m [30m[45m storybook (chromium) [49m[39m src/components/ChatSidebar/RecordingScriptPreview.stories.jsx [2m([22m[2m3 tests[22m[2m)[22m[33m 555[2mms[22m[39m
[90mstdout[2m | unknown test
[22m[39m[MOCK vectorStoreDB.js] Module loaded - mock IndexedDB operations
[90mstdout[2m | unknown test
[22m[39m[Task Completion] DOM action listeners initialized
[90mstdout[2m | unknown test
[22m[39m[Task Completion] Auto-completion detector initialized
[90mstdout[2m | unknown test
[22m[39m[Preview] Task completion detector initialized
[90mstdout[2m | src/components/PracticeDrill/JoinPracticeDialog.stories.tsx[2m > [22m[2mOpen
[22m[39m[MOCK CourseVectorStore] Initialized with mock data
[90mstdout[2m | src/components/PracticeDrill/JoinPracticeDialog.stories.tsx[2m > [22m[2mOpen
[22m[39m[TranslationModeController] Setting mode to: off
[90mstdout[2m | src/components/PracticeDrill/JoinPracticeDialog.stories.tsx[2m > [22m[2mOpen
[22m[39m[UnitContext] useEffect triggered {
  "authLoading": false,
  "hasUser": true,
  "id": "mock-unit-id",
  "userSub": "mock-user-sub",
}
[90mstdout[2m | src/components/PracticeDrill/JoinPracticeDialog.stories.tsx[2m > [22m[2mOpen
[22m[39m[UnitContext] Fetching unit data for id: mock-unit-id
[90mstdout[2m | src/components/PracticeDrill/JoinPracticeDialog.stories.tsx[2m > [22m[2mOpen
[22m[39m[FilesContext] Initializing vector store from IndexedDB
[90mstdout[2m | src/components/PracticeDrill/JoinPracticeDialog.stories.tsx[2m > [22m[2mOpen
[22m[39m[FilesContext] fetchFiles called
[90mstdout[2m | src/components/PracticeDrill/JoinPracticeDialog.stories.tsx[2m > [22m[2mOpen
[22m[39m[FilesContext] User authenticated: mock-user-sub
[90mstdout[2m | src/components/PracticeDrill/JoinPracticeDialog.stories.tsx[2m > [22m[2mOpen
[22m[39m[FilesContext] Identity ID: us-east-1:mock-identity-123
[90mstdout[2m | src/components/PracticeDrill/JoinPracticeDialog.stories.tsx[2m > [22m[2mOpen
[22m[39m[FilesContext] About to set up File observeQuery
[90mstdout[2m | src/components/PracticeDrill/JoinPracticeDialog.stories.tsx[2m > [22m[2mOpen
[22m[39m[ChatContext] Setting up AssistantChat observeQuery
[90mstdout[2m | src/components/PracticeDrill/JoinPracticeDialog.stories.tsx[2m > [22m[2mOpen
[22m[39m[ChatContext] Waiting for subscription to initialize
[90mstdout[2m | src/components/PracticeDrill/JoinPracticeDialog.stories.tsx[2m > [22m[2mOpen
[22m[39m[SettingsContext] Setting up Settings subscription for user: mock-user-sub
[90mstdout[2m | src/components/PracticeDrill/JoinPracticeDialog.stories.tsx[2m > [22m[2mOpen
[22m[39m[Mock Data] Settings created: mock-settings-1790418263129 - notified 0 subscribers
[90mstdout[2m | src/components/PracticeDrill/JoinPracticeDialog.stories.tsx[2m > [22m[2mOpen
[22m[39m[Mock Data] Unit.onUpdate() subscription added. Total: 1
[90mstdout[2m | src/components/PracticeDrill/JoinPracticeDialog.stories.tsx[2m > [22m[2mOpen
[22m[39m[SectionContext] Section observeQuery update: 0
[90mstdout[2m | src/components/PracticeDrill/JoinPracticeDialog.stories.tsx[2m > [22m[2mOpen
[22m[39m[FilesContext] File observeQuery update: 6 files
[90mstdout[2m | src/components/PracticeDrill/JoinPracticeDialog.stories.tsx[2m > [22m[2mOpen
[22m[39m[ChatContext] AssistantChat initialized with 1 chats
[90mstdout[2m | src/components/PracticeDrill/JoinPracticeDialog.stories.tsx[2m > [22m[2mOpen
[22m[39m[ChatContext] Setting initial chat: mock-assistant-chat-1
[90mstdout[2m | src/components/PracticeDrill/JoinPracticeDialog.stories.tsx[2m > [22m[2mOpen
[22m[39m[MOCK CourseVectorStore] Initialized with mock data
[90mstdout[2m | src/components/PracticeDrill/JoinPracticeDialog.stories.tsx[2m > [22m[2mOpen
[22m[39m[FilesContext] Vector store population triggered {
  "currentVectorStoreSize": 3,
  "documentsCount": 0,
  "filesCount": 6,
  "isInitialLoad": true,
}
[90mstdout[2m | src/components/PracticeDrill/JoinPracticeDialog.stories.tsx[2m > [22m[2mOpen
[22m[39m[FilesContext] Vector store population complete - 3 total embeddings
[90mstdout[2m | src/components/PracticeDrill/JoinPracticeDialog.stories.tsx[2m > [22m[2mOpen
[22m[39m[ChatContext] Chat exists and not archived, skipping creation
[90mstdout[2m | src/components/PracticeDrill/JoinPracticeDialog.stories.tsx[2m > [22m[2mOpen
[22m[39m[Mock Storage] downloadData called with: undefined
[90mstdout[2m | src/components/PracticeDrill/JoinPracticeDialog.stories.tsx[2m > [22m[2mClosed
[22m[39m[ChatContext] Cleaning up subscriptions
[90mstdout[2m | src/components/PracticeDrill/JoinPracticeDialog.stories.tsx[2m > [22m[2mClosed
[22m[39m[Mock Data] Unit.onUpdate() subscription removed. Remaining: 0
[90mstdout[2m | src/components/PracticeDrill/JoinPracticeDialog.stories.tsx[2m > [22m[2mClosed
[22m[39m[MOCK CourseVectorStore] Initialized with mock data
[90mstdout[2m | src/components/PracticeDrill/JoinPracticeDialog.stories.tsx[2m > [22m[2mClosed
[22m[39m[TranslationModeController] Setting mode to: off
[90mstdout[2m | src/components/PracticeDrill/JoinPracticeDialog.stories.tsx[2m > [22m[2mClosed
[22m[39m[UnitContext] useEffect triggered {
  "authLoading": false,
  "hasUser": true,
  "id": "mock-unit-id",
  "userSub": "mock-user-sub",
}
[90mstdout[2m | src/components/PracticeDrill/JoinPracticeDialog.stories.tsx[2m > [22m[2mClosed
[22m[39m[UnitContext] Fetching unit data for id: mock-unit-id
[90mstdout[2m | src/components/PracticeDrill/JoinPracticeDialog.stories.tsx[2m > [22m[2mClosed
[22m[39m[FilesContext] Initializing vector store from IndexedDB
[90mstdout[2m | src/components/PracticeDrill/JoinPracticeDialog.stories.tsx[2m > [22m[2mClosed
[22m[39m[FilesContext] fetchFiles called
[90mstdout[2m | src/components/PracticeDrill/JoinPracticeDialog.stories.tsx[2m > [22m[2mClosed
[22m[39m[FilesContext] User authenticated: mock-user-sub
[90mstdout[2m | src/components/PracticeDrill/JoinPracticeDialog.stories.tsx[2m > [22m[2mClosed
[22m[39m[FilesContext] Identity ID: us-east-1:mock-identity-123
[90mstdout[2m | src/components/PracticeDrill/JoinPracticeDialog.stories.tsx[2m > [22m[2mClosed
[22m[39m[FilesContext] About to set up File observeQuery
[90mstdout[2m | src/components/PracticeDrill/JoinPracticeDialog.stories.tsx[2m > [22m[2mClosed
[22m[39m[ChatContext] Setting up AssistantChat observeQuery
[90mstdout[2m | src/components/PracticeDrill/JoinPracticeDialog.stories.tsx[2m > [22m[2mClosed
[22m[39m[ChatContext] Waiting for subscription to initialize
[90mstdout[2m | src/components/PracticeDrill/JoinPracticeDialog.stories.tsx[2m > [22m[2mClosed
[22m[39m[SettingsContext] Setting up Settings subscription for user: mock-user-sub
[90mstdout[2m | src/components/PracticeDrill/JoinPracticeDialog.stories.tsx[2m > [22m[2mClosed
[22m[39m[Mock Data] Settings created: mock-settings-1790418263937 - notified 0 subscribers
[90mstdout[2m | src/components/PracticeDrill/JoinPracticeDialog.stories.tsx[2m > [22m[2mClosed
[22m[39m[Mock Data] Unit.onUpdate() subscription added. Total: 1
[90mstdout[2m | src/components/PracticeDrill/JoinPracticeDialog.stories.tsx[2m > [22m[2mClosed
[22m[39m[SectionContext] Section observeQuery update: 0
[90mstdout[2m | src/components/PracticeDrill/JoinPracticeDialog.stories.tsx[2m > [22m[2mClosed
[22m[39m[FilesContext] File observeQuery update: 6 files
[90mstdout[2m | src/components/PracticeDrill/JoinPracticeDialog.stories.tsx[2m > [22m[2mClosed
[22m[39m[ChatContext] AssistantChat initialized with 1 chats
[90mstdout[2m | src/components/PracticeDrill/JoinPracticeDialog.stories.tsx[2m > [22m[2mClosed
[22m[39m[ChatContext] Setting initial chat: mock-assistant-chat-1
[90mstdout[2m | src/components/PracticeDrill/JoinPracticeDialog.stories.tsx[2m > [22m[2mClosed
[22m[39m[MOCK CourseVectorStore] Initialized with mock data
[90mstdout[2m | src/components/PracticeDrill/JoinPracticeDialog.stories.tsx[2m > [22m[2mClosed
[22m[39m[FilesContext] Vector store population triggered {
  "currentVectorStoreSize": 3,
  "documentsCount": 0,
  "filesCount": 6,
  "isInitialLoad": true,
}
[90mstdout[2m | src/components/PracticeDrill/JoinPracticeDialog.stories.tsx[2m > [22m[2mClosed
[22m[39m[FilesContext] Vector store population complete - 3 total embeddings
[90mstdout[2m | src/components/PracticeDrill/JoinPracticeDialog.stories.tsx[2m > [22m[2mClosed
[22m[39m[ChatContext] Chat exists and not archived, skipping creation
[90mstdout[2m | src/components/PracticeDrill/JoinPracticeDialog.stories.tsx[2m > [22m[2mClosed
[22m[39m[Mock Storage] downloadData called with: undefined
 [32m✓[39m [30m[45m storybook (chromium) [49m[39m src/components/PracticeDrill/JoinPracticeDialog.stories.tsx [2m([22m[2m2 tests[22m[2m)[22m[33m 1166[2mms[22m[39m
   [33m[2m✓[22m[39m Open [33m 562[2mms[22m[39m
   [33m[2m✓[22m[39m Closed [33m 602[2mms[22m[39m
[90mstdout[2m | unknown test
[22m[39m[MOCK vectorStoreDB.js] Module loaded - mock IndexedDB operations
[90mstdout[2m | unknown test
[22m[39m[Task Completion] DOM action listeners initialized
[90mstdout[2m | unknown test
[22m[39m[Task Completion] Auto-completion detector initialized
[90mstdout[2m | unknown test
[22m[39m[Preview] Task completion detector initialized
[90mstdout[2m | src/stories/LearningModes.stories.tsx[2m > [22m[2mTutorial Mode Example
[22m[39m[MOCK CourseVectorStore] Initialized with mock data
[90mstdout[2m | src/stories/LearningModes.stories.tsx[2m > [22m[2mTutorial Mode Example
[22m[39m[TranslationModeController] Setting mode to: off
[90mstdout[2m | src/stories/LearningModes.stories.tsx[2m > [22m[2mTutorial Mode Example
[22m[39m[UnitContext] useEffect triggered {
  "authLoading": false,
  "hasUser": true,
  "id": "mock-unit-id",
  "userSub": "mock-user-sub",
}
[90mstdout[2m | src/stories/LearningModes.stories.tsx[2m > [22m[2mTutorial Mode Example
[22m[39m[UnitContext] Fetching unit data for id: mock-unit-id
[90mstdout[2m | src/stories/LearningModes.stories.tsx[2m > [22m[2mTutorial Mode Example
[22m[39m[FilesContext] Initializing vector store from IndexedDB
[90mstdout[2m | src/stories/LearningModes.stories.tsx[2m > [22m[2mTutorial Mode Example
[22m[39m[FilesContext] fetchFiles called
[90mstdout[2m | src/stories/LearningModes.stories.tsx[2m > [22m[2mTutorial Mode Example
[22m[39m[FilesContext] User authenticated: mock-user-sub
[90mstdout[2m | src/stories/LearningModes.stories.tsx[2m > [22m[2mTutorial Mode Example
[22m[39m[FilesContext] Identity ID: us-east-1:mock-identity-123
[90mstdout[2m | src/stories/LearningModes.stories.tsx[2m > [22m[2mTutorial Mode Example
[22m[39m[FilesContext] About to set up File observeQuery
[90mstdout[2m | src/stories/LearningModes.stories.tsx[2m > [22m[2mTutorial Mode Example
[22m[39m[ChatContext] Setting up AssistantChat observeQuery
[90mstdout[2m | src/stories/LearningModes.stories.tsx[2m > [22m[2mTutorial Mode Example
[22m[39m[ChatContext] Waiting for subscription to initialize
[90mstdout[2m | src/stories/LearningModes.stories.tsx[2m > [22m[2mTutorial Mode Example
[22m[39m[SettingsContext] Setting up Settings subscription for user: mock-user-sub
[90mstdout[2m | src/stories/LearningModes.stories.tsx[2m > [22m[2mTutorial Mode Example
[22m[39m[Mock Data] Settings created: mock-settings-1790418265357 - notified 0 subscribers
[90mstdout[2m | src/stories/LearningModes.stories.tsx[2m > [22m[2mTutorial Mode Example
[22m[39m[Mock Data] Unit.onUpdate() subscription added. Total: 1
[90mstdout[2m | src/stories/LearningModes.stories.tsx[2m > [22m[2mTutorial Mode Example
[22m[39m[SectionContext] Section observeQuery update: 0
[90mstdout[2m | src/stories/LearningModes.stories.tsx[2m > [22m[2mTutorial Mode Example
[22m[39m[FilesContext] File observeQuery update: 6 files
[90mstdout[2m | src/stories/LearningModes.stories.tsx[2m > [22m[2mTutorial Mode Example
[22m[39m[ChatContext] AssistantChat initialized with 1 chats
[90mstdout[2m | src/stories/LearningModes.stories.tsx[2m > [22m[2mTutorial Mode Example
[22m[39m[ChatContext] Setting initial chat: mock-assistant-chat-1
[90mstdout[2m | src/stories/LearningModes.stories.tsx[2m > [22m[2mTutorial Mode Example
[22m[39m[MOCK CourseVectorStore] Initialized with mock data
[90mstdout[2m | src/stories/LearningModes.stories.tsx[2m > [22m[2mTutorial Mode Example
[22m[39m[FilesContext] Vector store population triggered {
  "currentVectorStoreSize": 3,
  "documentsCount": 0,
  "filesCount": 6,
  "isInitialLoad": true,
}
[90mstdout[2m | src/stories/LearningModes.stories.tsx[2m > [22m[2mTutorial Mode Example
[22m[39m[FilesContext] Vector store population complete - 3 total embeddings
[90mstdout[2m | src/stories/LearningModes.stories.tsx[2m > [22m[2mTutorial Mode Example
[22m[39m[ChatContext] Chat exists and not archived, skipping creation
[90mstdout[2m | src/stories/LearningModes.stories.tsx[2m > [22m[2mTutorial Mode Example
[22m[39m[Mock Storage] downloadData called with: undefined
[90mstdout[2m | src/stories/LearningModes.stories.tsx[2m > [22m[2mQuiz Mode Example
[22m[39m[ChatContext] Cleaning up subscriptions
[90mstdout[2m | src/stories/LearningModes.stories.tsx[2m > [22m[2mQuiz Mode Example
[22m[39m[Mock Data] Unit.onUpdate() subscription removed. Remaining: 0
[90mstdout[2m | src/stories/LearningModes.stories.tsx[2m > [22m[2mQuiz Mode Example
[22m[39m[MOCK CourseVectorStore] Initialized with mock data
[90mstdout[2m | src/stories/LearningModes.stories.tsx[2m > [22m[2mQuiz Mode Example
[22m[39m[TranslationModeController] Setting mode to: off
[90mstdout[2m | src/stories/LearningModes.stories.tsx[2m > [22m[2mQuiz Mode Example
[22m[39m[UnitContext] useEffect triggered {
  "authLoading": false,
  "hasUser": true,
  "id": "mock-unit-id",
  "userSub": "mock-user-sub",
}
[90mstdout[2m | src/stories/LearningModes.stories.tsx[2m > [22m[2mQuiz Mode Example
[22m[39m[UnitContext] Fetching unit data for id: mock-unit-id
[90mstdout[2m | src/stories/LearningModes.stories.tsx[2m > [22m[2mQuiz Mode Example
[22m[39m[FilesContext] Initializing vector store from IndexedDB
[90mstdout[2m | src/stories/LearningModes.stories.tsx[2m > [22m[2mQuiz Mode Example
[22m[39m[FilesContext] fetchFiles called
[90mstdout[2m | src/stories/LearningModes.stories.tsx[2m > [22m[2mQuiz Mode Example
[22m[39m[FilesContext] User authenticated: mock-user-sub
[90mstdout[2m | src/stories/LearningModes.stories.tsx[2m > [22m[2mQuiz Mode Example
[22m[39m[FilesContext] Identity ID: us-east-1:mock-identity-123
[90mstdout[2m | src/stories/LearningModes.stories.tsx[2m > [22m[2mQuiz Mode Example
[22m[39m[FilesContext] About to set up File observeQuery
[90mstdout[2m | src/stories/LearningModes.stories.tsx[2m > [22m[2mQuiz Mode Example
[22m[39m[ChatContext] Setting up AssistantChat observeQuery
[90mstdout[2m | src/stories/LearningModes.stories.tsx[2m > [22m[2mQuiz Mode Example
[22m[39m[ChatContext] Waiting for subscription to initialize
[90mstdout[2m | src/stories/LearningModes.stories.tsx[2m > [22m[2mQuiz Mode Example
[22m[39m[SettingsContext] Setting up Settings subscription for user: mock-user-sub
[90mstdout[2m | src/stories/LearningModes.stories.tsx[2m > [22m[2mQuiz Mode Example
[22m[39m[Mock Data] Settings created: mock-settings-1790418265621 - notified 0 subscribers
[90mstdout[2m | src/stories/LearningModes.stories.tsx[2m > [22m[2mQuiz Mode Example
[22m[39m[Mock Data] Unit.onUpdate() subscription added. Total: 1
[90mstdout[2m | src/stories/LearningModes.stories.tsx[2m > [22m[2mQuiz Mode Example
[22m[39m[SectionContext] Section observeQuery update: 0
[90mstdout[2m | src/stories/LearningModes.stories.tsx[2m > [22m[2mQuiz Mode Example
[22m[39m[FilesContext] File observeQuery update: 6 files
[90mstdout[2m | src/stories/LearningModes.stories.tsx[2m > [22m[2mQuiz Mode Example
[22m[39m[ChatContext] AssistantChat initialized with 1 chats
[90mstdout[2m | src/stories/LearningModes.stories.tsx[2m > [22m[2mQuiz Mode Example
[22m[39m[ChatContext] Setting initial chat: mock-assistant-chat-1
[90mstdout[2m | src/stories/LearningModes.stories.tsx[2m > [22m[2mQuiz Mode Example
[22m[39m[Mock Storage] downloadData called with: undefined
[90mstdout[2m | src/stories/LearningModes.stories.tsx[2m > [22m[2mQuiz Mode Example
[22m[39m[MOCK CourseVectorStore] Initialized with mock data
[90mstdout[2m | src/stories/LearningModes.stories.tsx[2m > [22m[2mQuiz Mode Example
[22m[39m[FilesContext] Vector store population triggered {
  "currentVectorStoreSize": 3,
  "documentsCount": 0,
  "filesCount": 6,
  "isInitialLoad": true,
}
[90mstdout[2m | src/stories/LearningModes.stories.tsx[2m > [22m[2mQuiz Mode Example
[22m[39m[FilesContext] Vector store population complete - 3 total embeddings
[90mstdout[2m | src/stories/LearningModes.stories.tsx[2m > [22m[2mQuiz Mode Example
[22m[39m[ChatContext] Chat exists and not archived, skipping creation
[90mstdout[2m | src/stories/LearningModes.stories.tsx[2m > [22m[2mMultiple Tutorial Steps
[22m[39m[ChatContext] Cleaning up subscriptions
[90mstdout[2m | src/stories/LearningModes.stories.tsx[2m > [22m[2mMultiple Tutorial Steps
[22m[39m[Mock Data] Unit.onUpdate() subscription removed. Remaining: 0
[90mstdout[2m | src/stories/LearningModes.stories.tsx[2m > [22m[2mMultiple Tutorial Steps
[22m[39m[MOCK CourseVectorStore] Initialized with mock data
[90mstdout[2m | src/stories/LearningModes.stories.tsx[2m > [22m[2mMultiple Tutorial Steps
[22m[39m[TranslationModeController] Setting mode to: off
[90mstdout[2m | src/stories/LearningModes.stories.tsx[2m > [22m[2mMultiple Tutorial Steps
[22m[39m[UnitContext] useEffect triggered {
  "authLoading": false,
  "hasUser": true,
  "id": "mock-unit-id",
  "userSub": "mock-user-sub",
}
[90mstdout[2m | src/stories/LearningModes.stories.tsx[2m > [22m[2mMultiple Tutorial Steps
[22m[39m[UnitContext] Fetching unit data for id: mock-unit-id
[90mstdout[2m | src/stories/LearningModes.stories.tsx[2m > [22m[2mMultiple Tutorial Steps
[22m[39m[FilesContext] Initializing vector store from IndexedDB
[90mstdout[2m | src/stories/LearningModes.stories.tsx[2m > [22m[2mMultiple Tutorial Steps
[22m[39m[FilesContext] fetchFiles called
[90mstdout[2m | src/stories/LearningModes.stories.tsx[2m > [22m[2mMultiple Tutorial Steps
[22m[39m[FilesContext] User authenticated: mock-user-sub
[90mstdout[2m | src/stories/LearningModes.stories.tsx[2m > [22m[2mMultiple Tutorial Steps
[22m[39m[FilesContext] Identity ID: us-east-1:mock-identity-123
[90mstdout[2m | src/stories/LearningModes.stories.tsx[2m > [22m[2mMultiple Tutorial Steps
[22m[39m[FilesContext] About to set up File observeQuery
[90mstdout[2m | src/stories/LearningModes.stories.tsx[2m > [22m[2mMultiple Tutorial Steps
[22m[39m[ChatContext] Setting up AssistantChat observeQuery
[90mstdout[2m | src/stories/LearningModes.stories.tsx[2m > [22m[2mMultiple Tutorial Steps
[22m[39m[ChatContext] Waiting for subscription to initialize
[90mstdout[2m | src/stories/LearningModes.stories.tsx[2m > [22m[2mMultiple Tutorial Steps
[22m[39m[SettingsContext] Setting up Settings subscription for user: mock-user-sub
[90mstdout[2m | src/stories/LearningModes.stories.tsx[2m > [22m[2mMultiple Tutorial Steps
[22m[39m[Mock Data] Settings created: mock-settings-1790418265755 - notified 0 subscribers
[90mstdout[2m | src/stories/LearningModes.stories.tsx[2m > [22m[2mMultiple Tutorial Steps
[22m[39m[Mock Data] Unit.onUpdate() subscription added. Total: 1
[90mstdout[2m | src/stories/LearningModes.stories.tsx[2m > [22m[2mMultiple Tutorial Steps
[22m[39m[SectionContext] Section observeQuery update: 0
[90mstdout[2m | src/stories/LearningModes.stories.tsx[2m > [22m[2mMultiple Tutorial Steps
[22m[39m[FilesContext] File observeQuery update: 6 files
[90mstdout[2m | src/stories/LearningModes.stories.tsx[2m > [22m[2mMultiple Tutorial Steps
[22m[39m[ChatContext] AssistantChat initialized with 1 chats
[90mstdout[2m | src/stories/LearningModes.stories.tsx[2m > [22m[2mMultiple Tutorial Steps
[22m[39m[ChatContext] Setting initial chat: mock-assistant-chat-1
[90mstdout[2m | src/stories/LearningModes.stories.tsx[2m > [22m[2mMultiple Tutorial Steps
[22m[39m[MOCK CourseVectorStore] Initialized with mock data
[90mstdout[2m | src/stories/LearningModes.stories.tsx[2m > [22m[2mMultiple Tutorial Steps
[22m[39m[FilesContext] Vector store population triggered {
  "currentVectorStoreSize": 3,
  "documentsCount": 0,
  "filesCount": 6,
  "isInitialLoad": true,
}
[90mstdout[2m | src/stories/LearningModes.stories.tsx[2m > [22m[2mMultiple Tutorial Steps
[22m[39m[FilesContext] Vector store population complete - 3 total embeddings
[90mstdout[2m | src/stories/LearningModes.stories.tsx[2m > [22m[2mMultiple Tutorial Steps
[22m[39m[ChatContext] Chat exists and not archived, skipping creation
[90mstdout[2m | src/stories/LearningModes.stories.tsx[2m > [22m[2mMultiple Tutorial Steps
[22m[39m[Mock Storage] downloadData called with: undefined
[90mstdout[2m | src/stories/LearningModes.stories.tsx[2m > [22m[2mAuto Complete Tutorial
[22m[39m[ChatContext] Cleaning up subscriptions
[90mstdout[2m | src/stories/LearningModes.stories.tsx[2m > [22m[2mAuto Complete Tutorial
[22m[39m[Mock Data] Unit.onUpdate() subscription removed. Remaining: 0
[90mstdout[2m | src/stories/LearningModes.stories.tsx[2m > [22m[2mAuto Complete Tutorial
[22m[39m[MOCK CourseVectorStore] Initialized with mock data
[90mstdout[2m | src/stories/LearningModes.stories.tsx[2m > [22m[2mAuto Complete Tutorial
[22m[39m[TranslationModeController] Setting mode to: off
[90mstdout[2m | src/stories/LearningModes.stories.tsx[2m > [22m[2mAuto Complete Tutorial
[22m[39m[UnitContext] useEffect triggered {
  "authLoading": false,
  "hasUser": true,
  "id": "mock-unit-id",
  "userSub": "mock-user-sub",
}
[90mstdout[2m | src/stories/LearningModes.stories.tsx[2m > [22m[2mAuto Complete Tutorial
[22m[39m[UnitContext] Fetching unit data for id: mock-unit-id
[90mstdout[2m | src/stories/LearningModes.stories.tsx[2m > [22m[2mAuto Complete Tutorial
[22m[39m[FilesContext] Initializing vector store from IndexedDB
[90mstdout[2m | src/stories/LearningModes.stories.tsx[2m > [22m[2mAuto Complete Tutorial
[22m[39m[FilesContext] fetchFiles called
[90mstdout[2m | src/stories/LearningModes.stories.tsx[2m > [22m[2mAuto Complete Tutorial
[22m[39m[FilesContext] User authenticated: mock-user-sub
[90mstdout[2m | src/stories/LearningModes.stories.tsx[2m > [22m[2mAuto Complete Tutorial
[22m[39m[FilesContext] Identity ID: us-east-1:mock-identity-123
[90mstdout[2m | src/stories/LearningModes.stories.tsx[2m > [22m[2mAuto Complete Tutorial
[22m[39m[FilesContext] About to set up File observeQuery
[90mstdout[2m | src/stories/LearningModes.stories.tsx[2m > [22m[2mAuto Complete Tutorial
[22m[39m[ChatContext] Setting up AssistantChat observeQuery
[90mstdout[2m | src/stories/LearningModes.stories.tsx[2m > [22m[2mAuto Complete Tutorial
[22m[39m[ChatContext] Waiting for subscription to initialize
[90mstdout[2m | src/stories/LearningModes.stories.tsx[2m > [22m[2mAuto Complete Tutorial
[22m[39m[SettingsContext] Setting up Settings subscription for user: mock-user-sub
[90mstdout[2m | src/stories/LearningModes.stories.tsx[2m > [22m[2mAuto Complete Tutorial
[22m[39m[Mock Data] Settings created: mock-settings-1790418265927 - notified 0 subscribers
[90mstdout[2m | src/stories/LearningModes.stories.tsx[2m > [22m[2mAuto Complete Tutorial
[22m[39m[Mock Data] Unit.onUpdate() subscription added. Total: 1
[90mstdout[2m | src/stories/LearningModes.stories.tsx[2m > [22m[2mAuto Complete Tutorial
[22m[39m[SectionContext] Section observeQuery update: 0
[90mstdout[2m | src/stories/LearningModes.stories.tsx[2m > [22m[2mAuto Complete Tutorial
[22m[39m[FilesContext] File observeQuery update: 6 files
[90mstdout[2m | src/stories/LearningModes.stories.tsx[2m > [22m[2mAuto Complete Tutorial
[22m[39m[ChatContext] AssistantChat initialized with 1 chats
[90mstdout[2m | src/stories/LearningModes.stories.tsx[2m > [22m[2mAuto Complete Tutorial
[22m[39m[ChatContext] Setting initial chat: mock-assistant-chat-1
[90mstdout[2m | src/stories/LearningModes.stories.tsx[2m > [22m[2mAuto Complete Tutorial
[22m[39m[Mock Storage] downloadData called with: undefined
[90mstdout[2m | src/stories/LearningModes.stories.tsx[2m > [22m[2mAuto Complete Tutorial
[22m[39m[MOCK CourseVectorStore] Initialized with mock data
[90mstdout[2m | src/stories/LearningModes.stories.tsx[2m > [22m[2mAuto Complete Tutorial
[22m[39m[FilesContext] Vector store population triggered {
  "currentVectorStoreSize": 3,
  "documentsCount": 0,
  "filesCount": 6,
  "isInitialLoad": true,
}
[90mstdout[2m | src/stories/LearningModes.stories.tsx[2m > [22m[2mAuto Complete Tutorial
[22m[39m[FilesContext] Vector store population complete - 3 total embeddings
[90mstdout[2m | src/stories/LearningModes.stories.tsx[2m > [22m[2mAuto Complete Tutorial
[22m[39m[ChatContext] Chat exists and not archived, skipping creation
 [32m✓[39m [30m[45m storybook (chromium) [49m[39m src/stories/LearningModes.stories.tsx [2m([22m[2m4 tests[22m[2m)[22m[33m 749[2mms[22m[39m
   [33m[2m✓[22m[39m Tutorial Mode Example [33m 314[2mms[22m[39m
[90mstdout[2m | unknown test
[22m[39m[MOCK vectorStoreDB.js] Module loaded - mock IndexedDB operations
[90mstdout[2m | unknown test
[22m[39m[Task Completion] DOM action listeners initialized
[90mstdout[2m | unknown test
[22m[39m[Task Completion] Auto-completion detector initialized
[90mstdout[2m | unknown test
[22m[39m[Preview] Task completion detector initialized
[90mstdout[2m | src/components/ConflictResolutionDialog.stories.tsx[2m > [22m[2mDefault
[22m[39m[TranslationModeController] Setting mode to: off
[90mstdout[2m | src/components/ConflictResolutionDialog.stories.tsx[2m > [22m[2mMinor Conflict
[22m[39m[TranslationModeController] Setting mode to: off
 [32m✓[39m [30m[45m storybook (chromium) [49m[39m src/components/ConflictResolutionDialog.stories.tsx [2m([22m[2m2 tests[22m[2m)[22m[33m 588[2mms[22m[39m
   [33m[2m✓[22m[39m Default [33m 367[2mms[22m[39m
[90mstdout[2m | unknown test
[22m[39m[MOCK vectorStoreDB.js] Module loaded - mock IndexedDB operations
[90mstdout[2m | unknown test
[22m[39m[Task Completion] DOM action listeners initialized
[90mstdout[2m | unknown test
[22m[39m[Task Completion] Auto-completion detector initialized
[90mstdout[2m | unknown test
[22m[39m[Preview] Task completion detector initialized
[90mstdout[2m | src/components/QuestionBlock.stories.jsx[2m > [22m[2mMultiple Choice
[22m[39m[MOCK CourseVectorStore] Initialized with mock data
[90mstdout[2m | src/components/QuestionBlock.stories.jsx[2m > [22m[2mMultiple Choice
[22m[39mblockKey mock-block-key
[90mstdout[2m | src/components/QuestionBlock.stories.jsx[2m > [22m[2mMultiple Choice
[22m[39mgutterRefs undefined
[90mstdout[2m | src/components/QuestionBlock.stories.jsx[2m > [22m[2mMultiple Choice
[22m[39m[TranslationModeController] Setting mode to: off
[90mstdout[2m | src/components/QuestionBlock.stories.jsx[2m > [22m[2mMultiple Choice
[22m[39m[UnitContext] useEffect triggered {
  "authLoading": false,
  "hasUser": true,
  "id": "mock-unit-id",
  "userSub": "mock-user-sub",
}
[90mstdout[2m | src/components/QuestionBlock.stories.jsx[2m > [22m[2mMultiple Choice
[22m[39m[UnitContext] Fetching unit data for id: mock-unit-id
[90mstdout[2m | src/components/QuestionBlock.stories.jsx[2m > [22m[2mMultiple Choice
[22m[39m[FilesContext] Initializing vector store from IndexedDB
[90mstdout[2m | src/components/QuestionBlock.stories.jsx[2m > [22m[2mMultiple Choice
[22m[39m[FilesContext] fetchFiles called
[90mstdout[2m | src/components/QuestionBlock.stories.jsx[2m > [22m[2mMultiple Choice
[22m[39m[FilesContext] User authenticated: mock-user-sub
[90mstdout[2m | src/components/QuestionBlock.stories.jsx[2m > [22m[2mMultiple Choice
[22m[39m[FilesContext] Identity ID: us-east-1:mock-identity-123
[90mstdout[2m | src/components/QuestionBlock.stories.jsx[2m > [22m[2mMultiple Choice
[22m[39m[FilesContext] About to set up File observeQuery
[90mstdout[2m | src/components/QuestionBlock.stories.jsx[2m > [22m[2mMultiple Choice
[22m[39m[ChatContext] Setting up AssistantChat observeQuery
[90mstdout[2m | src/components/QuestionBlock.stories.jsx[2m > [22m[2mMultiple Choice
[22m[39m[ChatContext] Waiting for subscription to initialize
[90mstdout[2m | src/components/QuestionBlock.stories.jsx[2m > [22m[2mMultiple Choice
[22m[39m[SettingsContext] Setting up Settings subscription for user: mock-user-sub
[90mstdout[2m | src/components/QuestionBlock.stories.jsx[2m > [22m[2mMultiple Choice
[22m[39mblockKey mock-block-key
[90mstdout[2m | src/components/QuestionBlock.stories.jsx[2m > [22m[2mMultiple Choice
[22m[39mgutterRefs undefined
[90mstdout[2m | src/components/QuestionBlock.stories.jsx[2m > [22m[2mMultiple Choice
[22m[39m[Mock Data] Settings created: mock-settings-1790418272129 - notified 0 subscribers
[90mstdout[2m | src/components/QuestionBlock.stories.jsx[2m > [22m[2mMultiple Choice
[22m[39m[Mock Data] Unit.onUpdate() subscription added. Total: 1
[90mstdout[2m | src/components/QuestionBlock.stories.jsx[2m > [22m[2mMultiple Choice
[22m[39mblockKey mock-block-key
[90mstdout[2m | src/components/QuestionBlock.stories.jsx[2m > [22m[2mMultiple Choice
[22m[39mgutterRefs undefined
[90mstdout[2m | src/components/QuestionBlock.stories.jsx[2m > [22m[2mMultiple Choice
[22m[39m[SectionContext] Section observeQuery update: 0
[90mstdout[2m | src/components/QuestionBlock.stories.jsx[2m > [22m[2mMultiple Choice
[22m[39m[FilesContext] File observeQuery update: 6 files
[90mstdout[2m | src/components/QuestionBlock.stories.jsx[2m > [22m[2mMultiple Choice
[22m[39m[ChatContext] AssistantChat initialized with 1 chats
[90mstdout[2m | src/components/QuestionBlock.stories.jsx[2m > [22m[2mMultiple Choice
[22m[39m[ChatContext] Setting initial chat: mock-assistant-chat-1
[90mstdout[2m | src/components/QuestionBlock.stories.jsx[2m > [22m[2mMultiple Choice
[22m[39m[MOCK CourseVectorStore] Initialized with mock data
[90mstdout[2m | src/components/QuestionBlock.stories.jsx[2m > [22m[2mMultiple Choice
[22m[39mblockKey mock-block-key
[90mstdout[2m | src/components/QuestionBlock.stories.jsx[2m > [22m[2mMultiple Choice
[22m[39mgutterRefs undefined
[90mstdout[2m | src/components/QuestionBlock.stories.jsx[2m > [22m[2mMultiple Choice
[22m[39m[FilesContext] Vector store population triggered {
  "currentVectorStoreSize": 3,
  "documentsCount": 0,
  "filesCount": 6,
  "isInitialLoad": true,
}
[90mstdout[2m | src/components/QuestionBlock.stories.jsx[2m > [22m[2mMultiple Choice
[22m[39m[FilesContext] Vector store population complete - 3 total embeddings
[90mstdout[2m | src/components/QuestionBlock.stories.jsx[2m > [22m[2mMultiple Choice
[22m[39m[ChatContext] Chat exists and not archived, skipping creation
[90mstdout[2m | src/components/QuestionBlock.stories.jsx[2m > [22m[2mMultiple Choice
[22m[39m[Mock Storage] downloadData called with: undefined
[90mstdout[2m | src/components/QuestionBlock.stories.jsx[2m > [22m[2mTrue False
[22m[39m[ChatContext] Cleaning up subscriptions
[90mstdout[2m | src/components/QuestionBlock.stories.jsx[2m > [22m[2mTrue False
[22m[39m[Mock Data] Unit.onUpdate() subscription removed. Remaining: 0
[90mstdout[2m | src/components/QuestionBlock.stories.jsx[2m > [22m[2mTrue False
[22m[39m[MOCK CourseVectorStore] Initialized with mock data
[90mstdout[2m | src/components/QuestionBlock.stories.jsx[2m > [22m[2mTrue False
[22m[39mblockKey mock-block-key
[90mstdout[2m | src/components/QuestionBlock.stories.jsx[2m > [22m[2mTrue False
[22m[39mgutterRefs undefined
[90mstdout[2m | src/components/QuestionBlock.stories.jsx[2m > [22m[2mTrue False
[22m[39m[TranslationModeController] Setting mode to: off
[90mstdout[2m | src/components/QuestionBlock.stories.jsx[2m > [22m[2mTrue False
[22m[39m[UnitContext] useEffect triggered {
  "authLoading": false,
  "hasUser": true,
  "id": "mock-unit-id",
  "userSub": "mock-user-sub",
}
[90mstdout[2m | src/components/QuestionBlock.stories.jsx[2m > [22m[2mTrue False
[22m[39m[UnitContext] Fetching unit data for id: mock-unit-id
[90mstdout[2m | src/components/QuestionBlock.stories.jsx[2m > [22m[2mTrue False
[22m[39m[FilesContext] Initializing vector store from IndexedDB
[90mstdout[2m | src/components/QuestionBlock.stories.jsx[2m > [22m[2mTrue False
[22m[39m[FilesContext] fetchFiles called
[90mstdout[2m | src/components/QuestionBlock.stories.jsx[2m > [22m[2mTrue False
[22m[39m[FilesContext] User authenticated: mock-user-sub
[90mstdout[2m | src/components/QuestionBlock.stories.jsx[2m > [22m[2mTrue False
[22m[39m[FilesContext] Identity ID: us-east-1:mock-identity-123
[90mstdout[2m | src/components/QuestionBlock.stories.jsx[2m > [22m[2mTrue False
[22m[39m[FilesContext] About to set up File observeQuery
[90mstdout[2m | src/components/QuestionBlock.stories.jsx[2m > [22m[2mTrue False
[22m[39m[ChatContext] Setting up AssistantChat observeQuery
[90mstdout[2m | src/components/QuestionBlock.stories.jsx[2m > [22m[2mTrue False
[22m[39m[ChatContext] Waiting for subscription to initialize
[90mstdout[2m | src/components/QuestionBlock.stories.jsx[2m > [22m[2mTrue False
[22m[39m[SettingsContext] Setting up Settings subscription for user: mock-user-sub
[90mstdout[2m | src/components/QuestionBlock.stories.jsx[2m > [22m[2mTrue False
[22m[39mblockKey mock-block-key
[90mstdout[2m | src/components/QuestionBlock.stories.jsx[2m > [22m[2mTrue False
[22m[39mgutterRefs undefined
[90mstdout[2m | src/components/QuestionBlock.stories.jsx[2m > [22m[2mTrue False
[22m[39m[Mock Data] Settings created: mock-settings-1790418272350 - notified 0 subscribers
[90mstdout[2m | src/components/QuestionBlock.stories.jsx[2m > [22m[2mTrue False
[22m[39m[Mock Data] Unit.onUpdate() subscription added. Total: 1
[90mstdout[2m | src/components/QuestionBlock.stories.jsx[2m > [22m[2mTrue False
[22m[39mblockKey mock-block-key
[90mstdout[2m | src/components/QuestionBlock.stories.jsx[2m > [22m[2mTrue False
[22m[39mgutterRefs undefined
[90mstdout[2m | src/components/QuestionBlock.stories.jsx[2m > [22m[2mTrue False
[22m[39m[SectionContext] Section observeQuery update: 0
[90mstdout[2m | src/components/QuestionBlock.stories.jsx[2m > [22m[2mTrue False
[22m[39m[FilesContext] File observeQuery update: 6 files
[90mstdout[2m | src/components/QuestionBlock.stories.jsx[2m > [22m[2mTrue False
[22m[39m[ChatContext] AssistantChat initialized with 1 chats
[90mstdout[2m | src/components/QuestionBlock.stories.jsx[2m > [22m[2mTrue False
[22m[39m[ChatContext] Setting initial chat: mock-assistant-chat-1
[90mstdout[2m | src/components/QuestionBlock.stories.jsx[2m > [22m[2mTrue False
[22m[39m[MOCK CourseVectorStore] Initialized with mock data
[90mstdout[2m | src/components/QuestionBlock.stories.jsx[2m > [22m[2mTrue False
[22m[39mblockKey mock-block-key
[90mstdout[2m | src/components/QuestionBlock.stories.jsx[2m > [22m[2mTrue False
[22m[39mgutterRefs undefined
[90mstdout[2m | src/components/QuestionBlock.stories.jsx[2m > [22m[2mTrue False
[22m[39m[FilesContext] Vector store population triggered {
  "currentVectorStoreSize": 3,
  "documentsCount": 0,
  "filesCount": 6,
  "isInitialLoad": true,
}
[90mstdout[2m | src/components/QuestionBlock.stories.jsx[2m > [22m[2mTrue False
[22m[39m[FilesContext] Vector store population complete - 3 total embeddings
[90mstdout[2m | src/components/QuestionBlock.stories.jsx[2m > [22m[2mTrue False
[22m[39m[ChatContext] Chat exists and not archived, skipping creation
[90mstdout[2m | src/components/QuestionBlock.stories.jsx[2m > [22m[2mTrue False
[22m[39m[Mock Storage] downloadData called with: undefined
[90mstdout[2m | src/components/QuestionBlock.stories.jsx[2m > [22m[2mMany Answers
[22m[39m[ChatContext] Cleaning up subscriptions
[90mstdout[2m | src/components/QuestionBlock.stories.jsx[2m > [22m[2mMany Answers
[22m[39m[Mock Data] Unit.onUpdate() subscription removed. Remaining: 0
[90mstdout[2m | src/components/QuestionBlock.stories.jsx[2m > [22m[2mMany Answers
[22m[39m[MOCK CourseVectorStore] Initialized with mock data
[90mstdout[2m | src/components/QuestionBlock.stories.jsx[2m > [22m[2mMany Answers
[22m[39mblockKey mock-block-key
[90mstdout[2m | src/components/QuestionBlock.stories.jsx[2m > [22m[2mMany Answers
[22m[39mgutterRefs undefined
[90mstdout[2m | src/components/QuestionBlock.stories.jsx[2m > [22m[2mMany Answers
[22m[39m[TranslationModeController] Setting mode to: off
[90mstdout[2m | src/components/QuestionBlock.stories.jsx[2m > [22m[2mMany Answers
[22m[39m[UnitContext] useEffect triggered {
  "authLoading": false,
  "hasUser": true,
  "id": "mock-unit-id",
  "userSub": "mock-user-sub",
}
[90mstdout[2m | src/components/QuestionBlock.stories.jsx[2m > [22m[2mMany Answers
[22m[39m[UnitContext] Fetching unit data for id: mock-unit-id
[90mstdout[2m | src/components/QuestionBlock.stories.jsx[2m > [22m[2mMany Answers
[22m[39m[FilesContext] Initializing vector store from IndexedDB
[90mstdout[2m | src/components/QuestionBlock.stories.jsx[2m > [22m[2mMany Answers
[22m[39m[FilesContext] fetchFiles called
[90mstdout[2m | src/components/QuestionBlock.stories.jsx[2m > [22m[2mMany Answers
[22m[39m[FilesContext] User authenticated: mock-user-sub
[90mstdout[2m | src/components/QuestionBlock.stories.jsx[2m > [22m[2mMany Answers
[22m[39m[FilesContext] Identity ID: us-east-1:mock-identity-123
[90mstdout[2m | src/components/QuestionBlock.stories.jsx[2m > [22m[2mMany Answers
[22m[39m[FilesContext] About to set up File observeQuery
[90mstdout[2m | src/components/QuestionBlock.stories.jsx[2m > [22m[2mMany Answers
[22m[39m[ChatContext] Setting up AssistantChat observeQuery
[90mstdout[2m | src/components/QuestionBlock.stories.jsx[2m > [22m[2mMany Answers
[22m[39m[ChatContext] Waiting for subscription to initialize
[90mstdout[2m | src/components/QuestionBlock.stories.jsx[2m > [22m[2mMany Answers
[22m[39m[SettingsContext] Setting up Settings subscription for user: mock-user-sub
[90mstdout[2m | src/components/QuestionBlock.stories.jsx[2m > [22m[2mMany Answers
[22m[39mblockKey mock-block-key
[90mstdout[2m | src/components/QuestionBlock.stories.jsx[2m > [22m[2mMany Answers
[22m[39mgutterRefs undefined
[90mstdout[2m | src/components/QuestionBlock.stories.jsx[2m > [22m[2mMany Answers
[22m[39m[Mock Data] Settings created: mock-settings-1790418272527 - notified 0 subscribers
[90mstdout[2m | src/components/QuestionBlock.stories.jsx[2m > [22m[2mMany Answers
[22m[39m[Mock Data] Unit.onUpdate() subscription added. Total: 1
[90mstdout[2m | src/components/QuestionBlock.stories.jsx[2m > [22m[2mMany Answers
[22m[39mblockKey mock-block-key
[90mstdout[2m | src/components/QuestionBlock.stories.jsx[2m > [22m[2mMany Answers
[22m[39mgutterRefs undefined
[90mstdout[2m | src/components/QuestionBlock.stories.jsx[2m > [22m[2mMany Answers
[22m[39m[SectionContext] Section observeQuery update: 0
[90mstdout[2m | src/components/QuestionBlock.stories.jsx[2m > [22m[2mMany Answers
[22m[39m[FilesContext] File observeQuery update: 6 files
[90mstdout[2m | src/components/QuestionBlock.stories.jsx[2m > [22m[2mMany Answers
[22m[39m[ChatContext] AssistantChat initialized with 1 chats
[90mstdout[2m | src/components/QuestionBlock.stories.jsx[2m > [22m[2mMany Answers
[22m[39m[ChatContext] Setting initial chat: mock-assistant-chat-1
[90mstdout[2m | src/components/QuestionBlock.stories.jsx[2m > [22m[2mMany Answers
[22m[39m[MOCK CourseVectorStore] Initialized with mock data
[90mstdout[2m | src/components/QuestionBlock.stories.jsx[2m > [22m[2mMany Answers
[22m[39mblockKey mock-block-key
[90mstdout[2m | src/components/QuestionBlock.stories.jsx[2m > [22m[2mMany Answers
[22m[39mgutterRefs undefined
[90mstdout[2m | src/components/QuestionBlock.stories.jsx[2m > [22m[2mMany Answers
[22m[39m[FilesContext] Vector store population triggered {
  "currentVectorStoreSize": 3,
  "documentsCount": 0,
  "filesCount": 6,
  "isInitialLoad": true,
}
[90mstdout[2m | src/components/QuestionBlock.stories.jsx[2m > [22m[2mMany Answers
[22m[39m[FilesContext] Vector store population complete - 3 total embeddings
[90mstdout[2m | src/components/QuestionBlock.stories.jsx[2m > [22m[2mMany Answers
[22m[39m[ChatContext] Chat exists and not archived, skipping creation
[90mstdout[2m | src/components/QuestionBlock.stories.jsx[2m > [22m[2mMany Answers
[22m[39m[Mock Storage] downloadData called with: undefined
 [32m✓[39m [30m[45m storybook (chromium) [49m[39m src/components/QuestionBlock.stories.jsx [2m([22m[2m3 tests[22m[2m)[22m[33m 636[2mms[22m[39m
[90mstdout[2m | unknown test
[22m[39m[MOCK vectorStoreDB.js] Module loaded - mock IndexedDB operations
[90mstdout[2m | unknown test
[22m[39m[Task Completion] DOM action listeners initialized
[90mstdout[2m | unknown test
[22m[39m[Task Completion] Auto-completion detector initialized
[90mstdout[2m | unknown test
[22m[39m[Preview] Task completion detector initialized
[90mstdout[2m | src/components/Editor3/components/ConfigurationManager.stories.jsx[2m > [22m[2mDefault
[22m[39m[MOCK CourseVectorStore] Initialized with mock data
[90mstdout[2m | src/components/Editor3/components/ConfigurationManager.stories.jsx[2m > [22m[2mDefault
[22m[39m[TranslationModeController] Setting mode to: off
[90mstdout[2m | src/components/Editor3/components/ConfigurationManager.stories.jsx[2m > [22m[2mDefault
[22m[39m[FilesContext] Initializing vector store from IndexedDB
[90mstdout[2m | src/components/Editor3/components/ConfigurationManager.stories.jsx[2m > [22m[2mDefault
[22m[39m[FilesContext] fetchFiles called
[90mstdout[2m | src/components/Editor3/components/ConfigurationManager.stories.jsx[2m > [22m[2mDefault
[22m[39m[FilesContext] User authenticated: mock-user-sub
[90mstdout[2m | src/components/Editor3/components/ConfigurationManager.stories.jsx[2m > [22m[2mDefault
[22m[39m[FilesContext] Identity ID: us-east-1:mock-identity-123
[90mstdout[2m | src/components/Editor3/components/ConfigurationManager.stories.jsx[2m > [22m[2mDefault
[22m[39m[FilesContext] About to set up File observeQuery
[90mstdout[2m | src/components/Editor3/components/ConfigurationManager.stories.jsx[2m > [22m[2mDefault
[22m[39m[ChatContext] Setting up AssistantChat observeQuery
[90mstdout[2m | src/components/Editor3/components/ConfigurationManager.stories.jsx[2m > [22m[2mDefault
[22m[39m[ChatContext] Waiting for subscription to initialize
[90mstdout[2m | src/components/Editor3/components/ConfigurationManager.stories.jsx[2m > [22m[2mDefault
[22m[39m[SettingsContext] Setting up Settings subscription for user: mock-user-sub
[90mstdout[2m | src/components/Editor3/components/ConfigurationManager.stories.jsx[2m > [22m[2mDefault
[22m[39m[Mock Data] Settings created: mock-settings-1790418273307 - notified 0 subscribers
[90mstdout[2m | src/components/Editor3/components/ConfigurationManager.stories.jsx[2m > [22m[2mDefault
[22m[39m[FilesContext] File observeQuery update: 6 files
[90mstdout[2m | src/components/Editor3/components/ConfigurationManager.stories.jsx[2m > [22m[2mDefault
[22m[39m[ChatContext] AssistantChat initialized with 1 chats
[90mstdout[2m | src/components/Editor3/components/ConfigurationManager.stories.jsx[2m > [22m[2mDefault
[22m[39m[ChatContext] Setting initial chat: mock-assistant-chat-1
[90mstdout[2m | src/components/Editor3/components/ConfigurationManager.stories.jsx[2m > [22m[2mDefault
[22m[39m[MOCK CourseVectorStore] Initialized with mock data
[90mstdout[2m | src/components/Editor3/components/ConfigurationManager.stories.jsx[2m > [22m[2mDefault
[22m[39m[FilesContext] Vector store population triggered {
  "currentVectorStoreSize": 3,
  "documentsCount": 0,
  "filesCount": 6,
  "isInitialLoad": true,
}
[90mstdout[2m | src/components/Editor3/components/ConfigurationManager.stories.jsx[2m > [22m[2mDefault
[22m[39m[FilesContext] Vector store population complete - 3 total embeddings
[90mstdout[2m | src/components/Editor3/components/ConfigurationManager.stories.jsx[2m > [22m[2mDefault
[22m[39m[ChatContext] Chat exists and not archived, skipping creation
[90mstdout[2m | src/components/Editor3/components/ConfigurationManager.stories.jsx[2m > [22m[2mDefault
[22m[39m[Mock Storage] downloadData called with: undefined
[90mstdout[2m | src/components/Editor3/components/ConfigurationManager.stories.jsx[2m > [22m[2mWith Featured Image
[22m[39m[ChatContext] Cleaning up subscriptions
[90mstdout[2m | src/components/Editor3/components/ConfigurationManager.stories.jsx[2m > [22m[2mWith Featured Image
[22m[39m[MOCK CourseVectorStore] Initialized with mock data
[90mstdout[2m | src/components/Editor3/components/ConfigurationManager.stories.jsx[2m > [22m[2mWith Featured Image
[22m[39m[TranslationModeController] Setting mode to: off
[90mstdout[2m | src/components/Editor3/components/ConfigurationManager.stories.jsx[2m > [22m[2mWith Featured Image
[22m[39m[FilesContext] Initializing vector store from IndexedDB
[90mstdout[2m | src/components/Editor3/components/ConfigurationManager.stories.jsx[2m > [22m[2mWith Featured Image
[22m[39m[FilesContext] fetchFiles called
[90mstdout[2m | src/components/Editor3/components/ConfigurationManager.stories.jsx[2m > [22m[2mWith Featured Image
[22m[39m[FilesContext] User authenticated: mock-user-sub
[90mstdout[2m | src/components/Editor3/components/ConfigurationManager.stories.jsx[2m > [22m[2mWith Featured Image
[22m[39m[FilesContext] Identity ID: us-east-1:mock-identity-123
[90mstdout[2m | src/components/Editor3/components/ConfigurationManager.stories.jsx[2m > [22m[2mWith Featured Image
[22m[39m[FilesContext] About to set up File observeQuery
[90mstdout[2m | src/components/Editor3/components/ConfigurationManager.stories.jsx[2m > [22m[2mWith Featured Image
[22m[39m[ChatContext] Setting up AssistantChat observeQuery
[90mstdout[2m | src/components/Editor3/components/ConfigurationManager.stories.jsx[2m > [22m[2mWith Featured Image
[22m[39m[ChatContext] Waiting for subscription to initialize
[90mstdout[2m | src/components/Editor3/components/ConfigurationManager.stories.jsx[2m > [22m[2mWith Featured Image
[22m[39m[SettingsContext] Setting up Settings subscription for user: mock-user-sub
[90mstdout[2m | src/components/Editor3/components/ConfigurationManager.stories.jsx[2m > [22m[2mWith Featured Image
[22m[39m[Mock Data] Settings created: mock-settings-1790418273534 - notified 0 subscribers
[90mstdout[2m | src/components/Editor3/components/ConfigurationManager.stories.jsx[2m > [22m[2mWith Featured Image
[22m[39m[FilesContext] File observeQuery update: 6 files
[90mstdout[2m | src/components/Editor3/components/ConfigurationManager.stories.jsx[2m > [22m[2mWith Featured Image
[22m[39m[ChatContext] AssistantChat initialized with 1 chats
[90mstdout[2m | src/components/Editor3/components/ConfigurationManager.stories.jsx[2m > [22m[2mWith Featured Image
[22m[39m[ChatContext] Setting initial chat: mock-assistant-chat-1
[90mstdout[2m | src/components/Editor3/components/ConfigurationManager.stories.jsx[2m > [22m[2mWith Featured Image
[22m[39m[MOCK CourseVectorStore] Initialized with mock data
[90mstdout[2m | src/components/Editor3/components/ConfigurationManager.stories.jsx[2m > [22m[2mWith Featured Image
[22m[39mMock Cache.getItem called with: getCachedUrl_/story-mocks/animals-10008941_1280.jpg
[90mstdout[2m | src/components/Editor3/components/ConfigurationManager.stories.jsx[2m > [22m[2mWith Featured Image
[22m[39m[FilesContext] Vector store population triggered {
  "currentVectorStoreSize": 3,
  "documentsCount": 0,
  "filesCount": 6,
  "isInitialLoad": true,
}
[90mstdout[2m | src/components/Editor3/components/ConfigurationManager.stories.jsx[2m > [22m[2mWith Featured Image
[22m[39m[FilesContext] Vector store population complete - 3 total embeddings
[90mstdout[2m | src/components/Editor3/components/ConfigurationManager.stories.jsx[2m > [22m[2mWith Featured Image
[22m[39m[ChatContext] Chat exists and not archived, skipping creation
[90mstdout[2m | src/components/Editor3/components/ConfigurationManager.stories.jsx[2m > [22m[2mWith Featured Image
[22m[39mMock getUrl called with: /story-mocks/animals-10008941_1280.jpg
[90mstdout[2m | src/components/Editor3/components/ConfigurationManager.stories.jsx[2m > [22m[2mWith Featured Image
[22m[39mMock Cache.setItem called with: getCachedUrl_/story-mocks/animals-10008941_1280.jpg /story-mocks/animals-10008941_1280.jpg
[90mstdout[2m | src/components/Editor3/components/ConfigurationManager.stories.jsx[2m > [22m[2mWith Featured Image
[22m[39m[Mock Storage] downloadData called with: undefined
 [32m✓[39m [30m[45m storybook (chromium) [49m[39m src/components/Editor3/components/ConfigurationManager.stories.jsx [2m([22m[2m2 tests[22m[2m)[22m[33m 460[2mms[22m[39m
[90mstdout[2m | unknown test
[22m[39m[MOCK vectorStoreDB.js] Module loaded - mock IndexedDB operations
[90mstdout[2m | unknown test
[22m[39m[Task Completion] DOM action listeners initialized
[90mstdout[2m | unknown test
[22m[39m[Task Completion] Auto-completion detector initialized
[90mstdout[2m | unknown test
[22m[39m[Preview] Task completion detector initialized
[90mstdout[2m | src/components/EmptyState.stories.tsx[2m > [22m[2mDefault
[22m[39m[MOCK CourseVectorStore] Initialized with mock data
[90mstdout[2m | src/components/EmptyState.stories.tsx[2m > [22m[2mDefault
[22m[39m[TranslationModeController] Setting mode to: off
[90mstdout[2m | src/components/EmptyState.stories.tsx[2m > [22m[2mDefault
[22m[39m[UnitContext] useEffect triggered {
  "authLoading": false,
  "hasUser": true,
  "id": "mock-unit-id",
  "userSub": "mock-user-sub",
}
[90mstdout[2m | src/components/EmptyState.stories.tsx[2m > [22m[2mDefault
[22m[39m[UnitContext] Fetching unit data for id: mock-unit-id
[90mstdout[2m | src/components/EmptyState.stories.tsx[2m > [22m[2mDefault
[22m[39m[FilesContext] Initializing vector store from IndexedDB
[90mstdout[2m | src/components/EmptyState.stories.tsx[2m > [22m[2mDefault
[22m[39m[FilesContext] fetchFiles called
[90mstdout[2m | src/components/EmptyState.stories.tsx[2m > [22m[2mDefault
[22m[39m[FilesContext] User authenticated: mock-user-sub
[90mstdout[2m | src/components/EmptyState.stories.tsx[2m > [22m[2mDefault
[22m[39m[FilesContext] Identity ID: us-east-1:mock-identity-123
[90mstdout[2m | src/components/EmptyState.stories.tsx[2m > [22m[2mDefault
[22m[39m[FilesContext] About to set up File observeQuery
[90mstdout[2m | src/components/EmptyState.stories.tsx[2m > [22m[2mDefault
[22m[39m[ChatContext] Setting up AssistantChat observeQuery
[90mstdout[2m | src/components/EmptyState.stories.tsx[2m > [22m[2mDefault
[22m[39m[ChatContext] Waiting for subscription to initialize
[90mstdout[2m | src/components/EmptyState.stories.tsx[2m > [22m[2mDefault
[22m[39m[SettingsContext] Setting up Settings subscription for user: mock-user-sub
[90mstdout[2m | src/components/EmptyState.stories.tsx[2m > [22m[2mDefault
[22m[39m[Mock Data] Settings created: mock-settings-1790418274282 - notified 0 subscribers
[90mstdout[2m | src/components/EmptyState.stories.tsx[2m > [22m[2mDefault
[22m[39m[Mock Data] Unit.onUpdate() subscription added. Total: 1
[90mstdout[2m | src/components/EmptyState.stories.tsx[2m > [22m[2mDefault
[22m[39m[SectionContext] Section observeQuery update: 0
[90mstdout[2m | src/components/EmptyState.stories.tsx[2m > [22m[2mDefault
[22m[39m[FilesContext] File observeQuery update: 6 files
[90mstdout[2m | src/components/EmptyState.stories.tsx[2m > [22m[2mDefault
[22m[39m[ChatContext] AssistantChat initialized with 1 chats
[90mstdout[2m | src/components/EmptyState.stories.tsx[2m > [22m[2mDefault
[22m[39m[ChatContext] Setting initial chat: mock-assistant-chat-1
[90mstdout[2m | src/components/EmptyState.stories.tsx[2m > [22m[2mDefault
[22m[39m[MOCK CourseVectorStore] Initialized with mock data
[90mstdout[2m | src/components/EmptyState.stories.tsx[2m > [22m[2mDefault
[22m[39m[FilesContext] Vector store population triggered {
  "currentVectorStoreSize": 3,
  "documentsCount": 0,
  "filesCount": 6,
  "isInitialLoad": true,
}
[90mstdout[2m | src/components/EmptyState.stories.tsx[2m > [22m[2mDefault
[22m[39m[FilesContext] Vector store population complete - 3 total embeddings
[90mstdout[2m | src/components/EmptyState.stories.tsx[2m > [22m[2mDefault
[22m[39m[ChatContext] Chat exists and not archived, skipping creation
[90mstdout[2m | src/components/EmptyState.stories.tsx[2m > [22m[2mDefault
[22m[39m[Mock Storage] downloadData called with: undefined
[90mstdout[2m | src/components/EmptyState.stories.tsx[2m > [22m[2mWith Action
[22m[39m[ChatContext] Cleaning up subscriptions
[90mstdout[2m | src/components/EmptyState.stories.tsx[2m > [22m[2mWith Action
[22m[39m[Mock Data] Unit.onUpdate() subscription removed. Remaining: 0
[90mstdout[2m | src/components/EmptyState.stories.tsx[2m > [22m[2mWith Action
[22m[39m[MOCK CourseVectorStore] Initialized with mock data
[90mstdout[2m | src/components/EmptyState.stories.tsx[2m > [22m[2mWith Action
[22m[39m[TranslationModeController] Setting mode to: off
[90mstdout[2m | src/components/EmptyState.stories.tsx[2m > [22m[2mWith Action
[22m[39m[UnitContext] useEffect triggered {
  "authLoading": false,
  "hasUser": true,
  "id": "mock-unit-id",
  "userSub": "mock-user-sub",
}
[90mstdout[2m | src/components/EmptyState.stories.tsx[2m > [22m[2mWith Action
[22m[39m[UnitContext] Fetching unit data for id: mock-unit-id
[90mstdout[2m | src/components/EmptyState.stories.tsx[2m > [22m[2mWith Action
[22m[39m[FilesContext] Initializing vector store from IndexedDB
[90mstdout[2m | src/components/EmptyState.stories.tsx[2m > [22m[2mWith Action
[22m[39m[FilesContext] fetchFiles called
[90mstdout[2m | src/components/EmptyState.stories.tsx[2m > [22m[2mWith Action
[22m[39m[FilesContext] User authenticated: mock-user-sub
[90mstdout[2m | src/components/EmptyState.stories.tsx[2m > [22m[2mWith Action
[22m[39m[FilesContext] Identity ID: us-east-1:mock-identity-123
[90mstdout[2m | src/components/EmptyState.stories.tsx[2m > [22m[2mWith Action
[22m[39m[FilesContext] About to set up File observeQuery
[90mstdout[2m | src/components/EmptyState.stories.tsx[2m > [22m[2mWith Action
[22m[39m[ChatContext] Setting up AssistantChat observeQuery
[90mstdout[2m | src/components/EmptyState.stories.tsx[2m > [22m[2mWith Action
[22m[39m[ChatContext] Waiting for subscription to initialize
[90mstdout[2m | src/components/EmptyState.stories.tsx[2m > [22m[2mWith Action
[22m[39m[SettingsContext] Setting up Settings subscription for user: mock-user-sub
[90mstdout[2m | src/components/EmptyState.stories.tsx[2m > [22m[2mWith Action
[22m[39m[Mock Data] Settings created: mock-settings-1790418274431 - notified 0 subscribers
[90mstdout[2m | src/components/EmptyState.stories.tsx[2m > [22m[2mWith Action
[22m[39m[Mock Data] Unit.onUpdate() subscription added. Total: 1
[90mstdout[2m | src/components/EmptyState.stories.tsx[2m > [22m[2mWith Action
[22m[39m[SectionContext] Section observeQuery update: 0
[90mstdout[2m | src/components/EmptyState.stories.tsx[2m > [22m[2mWith Action
[22m[39m[FilesContext] File observeQuery update: 6 files
[90mstdout[2m | src/components/EmptyState.stories.tsx[2m > [22m[2mWith Action
[22m[39m[ChatContext] AssistantChat initialized with 1 chats
[90mstdout[2m | src/components/EmptyState.stories.tsx[2m > [22m[2mWith Action
[22m[39m[ChatContext] Setting initial chat: mock-assistant-chat-1
[90mstdout[2m | src/components/EmptyState.stories.tsx[2m > [22m[2mWith Action
[22m[39m[Mock Storage] downloadData called with: undefined
[90mstdout[2m | src/components/EmptyState.stories.tsx[2m > [22m[2mWith Action
[22m[39m[MOCK CourseVectorStore] Initialized with mock data
[90mstdout[2m | src/components/EmptyState.stories.tsx[2m > [22m[2mWith Action
[22m[39m[FilesContext] Vector store population triggered {
  "currentVectorStoreSize": 3,
  "documentsCount": 0,
  "filesCount": 6,
  "isInitialLoad": true,
}
[90mstdout[2m | src/components/EmptyState.stories.tsx[2m > [22m[2mWith Action
[22m[39m[FilesContext] Vector store population complete - 3 total embeddings
[90mstdout[2m | src/components/EmptyState.stories.tsx[2m > [22m[2mWith Action
[22m[39m[ChatContext] Chat exists and not archived, skipping creation
[90mstdout[2m | src/components/EmptyState.stories.tsx[2m > [22m[2mDense
[22m[39m[ChatContext] Cleaning up subscriptions
[90mstdout[2m | src/components/EmptyState.stories.tsx[2m > [22m[2mDense
[22m[39m[Mock Data] Unit.onUpdate() subscription removed. Remaining: 0
[90mstdout[2m | src/components/EmptyState.stories.tsx[2m > [22m[2mDense
[22m[39m[MOCK CourseVectorStore] Initialized with mock data
[90mstdout[2m | src/components/EmptyState.stories.tsx[2m > [22m[2mDense
[22m[39m[TranslationModeController] Setting mode to: off
[90mstdout[2m | src/components/EmptyState.stories.tsx[2m > [22m[2mDense
[22m[39m[UnitContext] useEffect triggered {
  "authLoading": false,
  "hasUser": true,
  "id": "mock-unit-id",
  "userSub": "mock-user-sub",
}
[90mstdout[2m | src/components/EmptyState.stories.tsx[2m > [22m[2mDense
[22m[39m[UnitContext] Fetching unit data for id: mock-unit-id
[90mstdout[2m | src/components/EmptyState.stories.tsx[2m > [22m[2mDense
[22m[39m[FilesContext] Initializing vector store from IndexedDB
[90mstdout[2m | src/components/EmptyState.stories.tsx[2m > [22m[2mDense
[22m[39m[FilesContext] fetchFiles called
[90mstdout[2m | src/components/EmptyState.stories.tsx[2m > [22m[2mDense
[22m[39m[FilesContext] User authenticated: mock-user-sub
[90mstdout[2m | src/components/EmptyState.stories.tsx[2m > [22m[2mDense
[22m[39m[FilesContext] Identity ID: us-east-1:mock-identity-123
[90mstdout[2m | src/components/EmptyState.stories.tsx[2m > [22m[2mDense
[22m[39m[FilesContext] About to set up File observeQuery
[90mstdout[2m | src/components/EmptyState.stories.tsx[2m > [22m[2mDense
[22m[39m[ChatContext] Setting up AssistantChat observeQuery
[90mstdout[2m | src/components/EmptyState.stories.tsx[2m > [22m[2mDense
[22m[39m[ChatContext] Waiting for subscription to initialize
[90mstdout[2m | src/components/EmptyState.stories.tsx[2m > [22m[2mDense
[22m[39m[SettingsContext] Setting up Settings subscription for user: mock-user-sub
[90mstdout[2m | src/components/EmptyState.stories.tsx[2m > [22m[2mDense
[22m[39m[Mock Data] Settings created: mock-settings-1790418274554 - notified 0 subscribers
[90mstdout[2m | src/components/EmptyState.stories.tsx[2m > [22m[2mDense
[22m[39m[Mock Data] Unit.onUpdate() subscription added. Total: 1
[90mstdout[2m | src/components/EmptyState.stories.tsx[2m > [22m[2mDense
[22m[39m[SectionContext] Section observeQuery update: 0
[90mstdout[2m | src/components/EmptyState.stories.tsx[2m > [22m[2mDense
[22m[39m[FilesContext] File observeQuery update: 6 files
[90mstdout[2m | src/components/EmptyState.stories.tsx[2m > [22m[2mDense
[22m[39m[ChatContext] AssistantChat initialized with 1 chats
[90mstdout[2m | src/components/EmptyState.stories.tsx[2m > [22m[2mDense
[22m[39m[ChatContext] Setting initial chat: mock-assistant-chat-1
[90mstdout[2m | src/components/EmptyState.stories.tsx[2m > [22m[2mDense
[22m[39m[MOCK CourseVectorStore] Initialized with mock data
[90mstdout[2m | src/components/EmptyState.stories.tsx[2m > [22m[2mDense
[22m[39m[FilesContext] Vector store population triggered {
  "currentVectorStoreSize": 3,
  "documentsCount": 0,
  "filesCount": 6,
  "isInitialLoad": true,
}
[90mstdout[2m | src/components/EmptyState.stories.tsx[2m > [22m[2mDense
[22m[39m[FilesContext] Vector store population complete - 3 total embeddings
[90mstdout[2m | src/components/EmptyState.stories.tsx[2m > [22m[2mDense
[22m[39m[ChatContext] Chat exists and not archived, skipping creation
[90mstdout[2m | src/components/EmptyState.stories.tsx[2m > [22m[2mDense
[22m[39m[Mock Storage] downloadData called with: undefined
 [32m✓[39m [30m[45m storybook (chromium) [49m[39m src/components/EmptyState.stories.tsx [2m([22m[2m3 tests[22m[2m)[22m[33m 388[2mms[22m[39m
[90mstdout[2m | unknown test
[22m[39m[MOCK vectorStoreDB.js] Module loaded - mock IndexedDB operations
[90mstdout[2m | unknown test
[22m[39m[Task Completion] DOM action listeners initialized
[90mstdout[2m | unknown test
[22m[39m[Task Completion] Auto-completion detector initialized
[90mstdout[2m | unknown test
[22m[39m[Preview] Task completion detector initialized
[90mstdout[2m | .storybook/docs/ForDevelopers.stories.tsx[2m > [22m[2mArchitecture
[22m[39m[MOCK CourseVectorStore] Initialized with mock data
[90mstdout[2m | .storybook/docs/ForDevelopers.stories.tsx[2m > [22m[2mArchitecture
[22m[39m[TranslationModeController] Setting mode to: off
[90mstdout[2m | .storybook/docs/ForDevelopers.stories.tsx[2m > [22m[2mArchitecture
[22m[39m[UnitContext] useEffect triggered {
  "authLoading": false,
  "hasUser": true,
  "id": "mock-unit-id",
  "userSub": "mock-user-sub",
}
[90mstdout[2m | .storybook/docs/ForDevelopers.stories.tsx[2m > [22m[2mArchitecture
[22m[39m[UnitContext] Fetching unit data for id: mock-unit-id
[90mstdout[2m | .storybook/docs/ForDevelopers.stories.tsx[2m > [22m[2mArchitecture
[22m[39m[FilesContext] Initializing vector store from IndexedDB
[90mstdout[2m | .storybook/docs/ForDevelopers.stories.tsx[2m > [22m[2mArchitecture
[22m[39m[FilesContext] fetchFiles called
[90mstdout[2m | .storybook/docs/ForDevelopers.stories.tsx[2m > [22m[2mArchitecture
[22m[39m[FilesContext] User authenticated: mock-user-sub
[90mstdout[2m | .storybook/docs/ForDevelopers.stories.tsx[2m > [22m[2mArchitecture
[22m[39m[FilesContext] Identity ID: us-east-1:mock-identity-123
[90mstdout[2m | .storybook/docs/ForDevelopers.stories.tsx[2m > [22m[2mArchitecture
[22m[39m[FilesContext] About to set up File observeQuery
[90mstdout[2m | .storybook/docs/ForDevelopers.stories.tsx[2m > [22m[2mArchitecture
[22m[39m[ChatContext] Setting up AssistantChat observeQuery
[90mstdout[2m | .storybook/docs/ForDevelopers.stories.tsx[2m > [22m[2mArchitecture
[22m[39m[ChatContext] Waiting for subscription to initialize
[90mstdout[2m | .storybook/docs/ForDevelopers.stories.tsx[2m > [22m[2mArchitecture
[22m[39m[SettingsContext] Setting up Settings subscription for user: mock-user-sub
[90mstdout[2m | .storybook/docs/ForDevelopers.stories.tsx[2m > [22m[2mArchitecture
[22m[39m[Mock Data] Settings created: mock-settings-1790418275320 - notified 0 subscribers
[90mstdout[2m | .storybook/docs/ForDevelopers.stories.tsx[2m > [22m[2mArchitecture
[22m[39m[Mock Data] Unit.onUpdate() subscription added. Total: 1
[90mstdout[2m | .storybook/docs/ForDevelopers.stories.tsx[2m > [22m[2mArchitecture
[22m[39m[SectionContext] Section observeQuery update: 0
[90mstdout[2m | .storybook/docs/ForDevelopers.stories.tsx[2m > [22m[2mArchitecture
[22m[39m[FilesContext] File observeQuery update: 6 files
[90mstdout[2m | .storybook/docs/ForDevelopers.stories.tsx[2m > [22m[2mArchitecture
[22m[39m[ChatContext] AssistantChat initialized with 1 chats
[90mstdout[2m | .storybook/docs/ForDevelopers.stories.tsx[2m > [22m[2mArchitecture
[22m[39m[ChatContext] Setting initial chat: mock-assistant-chat-1
[90mstdout[2m | .storybook/docs/ForDevelopers.stories.tsx[2m > [22m[2mArchitecture
[22m[39m[MOCK CourseVectorStore] Initialized with mock data
[90mstdout[2m | .storybook/docs/ForDevelopers.stories.tsx[2m > [22m[2mArchitecture
[22m[39m[FilesContext] Vector store population triggered {
  "currentVectorStoreSize": 3,
  "documentsCount": 0,
  "filesCount": 6,
  "isInitialLoad": true,
}
[90mstdout[2m | .storybook/docs/ForDevelopers.stories.tsx[2m > [22m[2mArchitecture
[22m[39m[FilesContext] Vector store population complete - 3 total embeddings
[90mstdout[2m | .storybook/docs/ForDevelopers.stories.tsx[2m > [22m[2mArchitecture
[22m[39m[ChatContext] Chat exists and not archived, skipping creation
[90mstdout[2m | .storybook/docs/ForDevelopers.stories.tsx[2m > [22m[2mArchitecture
[22m[39m[Mock Storage] downloadData called with: undefined
[90mstdout[2m | .storybook/docs/ForDevelopers.stories.tsx[2m > [22m[2mArchitecture
[22m[39mfilterWords {
  "filter": "",
  "wordsCount": 0,
}
[90mstdout[2m | .storybook/docs/ForDevelopers.stories.tsx[2m > [22m[2mDev Setup
[22m[39m[ChatContext] Cleaning up subscriptions
[90mstdout[2m | .storybook/docs/ForDevelopers.stories.tsx[2m > [22m[2mDev Setup
[22m[39m[Mock Data] Unit.onUpdate() subscription removed. Remaining: 0
[90mstdout[2m | .storybook/docs/ForDevelopers.stories.tsx[2m > [22m[2mDev Setup
[22m[39m[MOCK CourseVectorStore] Initialized with mock data
[90mstdout[2m | .storybook/docs/ForDevelopers.stories.tsx[2m > [22m[2mDev Setup
[22m[39m[TranslationModeController] Setting mode to: off
[90mstdout[2m | .storybook/docs/ForDevelopers.stories.tsx[2m > [22m[2mDev Setup
[22m[39m[UnitContext] useEffect triggered {
  "authLoading": false,
  "hasUser": true,
  "id": "mock-unit-id",
  "userSub": "mock-user-sub",
}
[90mstdout[2m | .storybook/docs/ForDevelopers.stories.tsx[2m > [22m[2mDev Setup
[22m[39m[UnitContext] Fetching unit data for id: mock-unit-id
[90mstdout[2m | .storybook/docs/ForDevelopers.stories.tsx[2m > [22m[2mDev Setup
[22m[39m[FilesContext] Initializing vector store from IndexedDB
[90mstdout[2m | .storybook/docs/ForDevelopers.stories.tsx[2m > [22m[2mDev Setup
[22m[39m[FilesContext] fetchFiles called
[90mstdout[2m | .storybook/docs/ForDevelopers.stories.tsx[2m > [22m[2mDev Setup
[22m[39m[FilesContext] User authenticated: mock-user-sub
[90mstdout[2m | .storybook/docs/ForDevelopers.stories.tsx[2m > [22m[2mDev Setup
[22m[39m[FilesContext] Identity ID: us-east-1:mock-identity-123
[90mstdout[2m | .storybook/docs/ForDevelopers.stories.tsx[2m > [22m[2mDev Setup
[22m[39m[FilesContext] About to set up File observeQuery
[90mstdout[2m | .storybook/docs/ForDevelopers.stories.tsx[2m > [22m[2mDev Setup
[22m[39m[ChatContext] Setting up AssistantChat observeQuery
[90mstdout[2m | .storybook/docs/ForDevelopers.stories.tsx[2m > [22m[2mDev Setup
[22m[39m[ChatContext] Waiting for subscription to initialize
[90mstdout[2m | .storybook/docs/ForDevelopers.stories.tsx[2m > [22m[2mDev Setup
[22m[39m[SettingsContext] Setting up Settings subscription for user: mock-user-sub
[90mstdout[2m | .storybook/docs/ForDevelopers.stories.tsx[2m > [22m[2mDev Setup
[22m[39m[Mock Data] Settings created: mock-settings-1790418275629 - notified 0 subscribers
[90mstdout[2m | .storybook/docs/ForDevelopers.stories.tsx[2m > [22m[2mDev Setup
[22m[39m[Mock Data] Unit.onUpdate() subscription added. Total: 1
[90mstdout[2m | .storybook/docs/ForDevelopers.stories.tsx[2m > [22m[2mDev Setup
[22m[39m[SectionContext] Section observeQuery update: 0
[90mstdout[2m | .storybook/docs/ForDevelopers.stories.tsx[2m > [22m[2mDev Setup
[22m[39m[FilesContext] File observeQuery update: 6 files
[90mstdout[2m | .storybook/docs/ForDevelopers.stories.tsx[2m > [22m[2mDev Setup
[22m[39m[ChatContext] AssistantChat initialized with 1 chats
[90mstdout[2m | .storybook/docs/ForDevelopers.stories.tsx[2m > [22m[2mDev Setup
[22m[39m[ChatContext] Setting initial chat: mock-assistant-chat-1
[90mstdout[2m | .storybook/docs/ForDevelopers.stories.tsx[2m > [22m[2mDev Setup
[22m[39m[Mock Storage] downloadData called with: undefined
[90mstdout[2m | .storybook/docs/ForDevelopers.stories.tsx[2m > [22m[2mDev Setup
[22m[39m[MOCK CourseVectorStore] Initialized with mock data
[90mstdout[2m | .storybook/docs/ForDevelopers.stories.tsx[2m > [22m[2mDev Setup
[22m[39m[FilesContext] Vector store population triggered {
  "currentVectorStoreSize": 3,
  "documentsCount": 0,
  "filesCount": 6,
  "isInitialLoad": true,
}
[90mstdout[2m | .storybook/docs/ForDevelopers.stories.tsx[2m > [22m[2mDev Setup
[22m[39m[FilesContext] Vector store population complete - 3 total embeddings
[90mstdout[2m | .storybook/docs/ForDevelopers.stories.tsx[2m > [22m[2mDev Setup
[22m[39m[ChatContext] Chat exists and not archived, skipping creation
 [32m✓[39m [30m[45m storybook (chromium) [49m[39m .storybook/docs/ForDevelopers.stories.tsx [2m([22m[2m2 tests[22m[2m)[22m[33m 552[2mms[22m[39m
   [33m[2m✓[22m[39m Architecture [33m 313[2mms[22m[39m
[90mstdout[2m | unknown test
[22m[39m[MOCK vectorStoreDB.js] Module loaded - mock IndexedDB operations
[90mstdout[2m | unknown test
[22m[39m[Task Completion] DOM action listeners initialized
[90mstdout[2m | unknown test
[22m[39m[Task Completion] Auto-completion detector initialized
[90mstdout[2m | unknown test
[22m[39m[Preview] Task completion detector initialized
[90mstdout[2m | src/components/GlobalChatDrawer.stories.jsx[2m > [22m[2mClosed
[22m[39m[MOCK CourseVectorStore] Initialized with mock data
[90mstdout[2m | src/components/GlobalChatDrawer.stories.jsx[2m > [22m[2mClosed
[22m[39m[TranslationModeController] Setting mode to: off
[90mstdout[2m | src/components/GlobalChatDrawer.stories.jsx[2m > [22m[2mClosed
[22m[39m[UnitContext] useEffect triggered {
  "authLoading": false,
  "hasUser": true,
  "id": "mock-unit-id",
  "userSub": "mock-user-sub",
}
[90mstdout[2m | src/components/GlobalChatDrawer.stories.jsx[2m > [22m[2mClosed
[22m[39m[UnitContext] Fetching unit data for id: mock-unit-id
[90mstdout[2m | src/components/GlobalChatDrawer.stories.jsx[2m > [22m[2mClosed
[22m[39m[FilesContext] Initializing vector store from IndexedDB
[90mstdout[2m | src/components/GlobalChatDrawer.stories.jsx[2m > [22m[2mClosed
[22m[39m[FilesContext] fetchFiles called
[90mstdout[2m | src/components/GlobalChatDrawer.stories.jsx[2m > [22m[2mClosed
[22m[39m[FilesContext] User authenticated: mock-user-sub
[90mstdout[2m | src/components/GlobalChatDrawer.stories.jsx[2m > [22m[2mClosed
[22m[39m[FilesContext] Identity ID: us-east-1:mock-identity-123
[90mstdout[2m | src/components/GlobalChatDrawer.stories.jsx[2m > [22m[2mClosed
[22m[39m[FilesContext] About to set up File observeQuery
[90mstdout[2m | src/components/GlobalChatDrawer.stories.jsx[2m > [22m[2mClosed
[22m[39m[ChatContext] Setting up AssistantChat observeQuery
[90mstdout[2m | src/components/GlobalChatDrawer.stories.jsx[2m > [22m[2mClosed
[22m[39m[ChatContext] Waiting for subscription to initialize
[90mstdout[2m | src/components/GlobalChatDrawer.stories.jsx[2m > [22m[2mClosed
[22m[39m[SettingsContext] Setting up Settings subscription for user: mock-user-sub
[90mstdout[2m | src/components/GlobalChatDrawer.stories.jsx[2m > [22m[2mClosed
[22m[39m[Mock Data] Settings created: mock-settings-1790418276463 - notified 0 subscribers
[90mstdout[2m | src/components/GlobalChatDrawer.stories.jsx[2m > [22m[2mClosed
[22m[39m[Mock Data] Unit.onUpdate() subscription added. Total: 1
[90mstdout[2m | src/components/GlobalChatDrawer.stories.jsx[2m > [22m[2mClosed
[22m[39m[SectionContext] Section observeQuery update: 0
[90mstdout[2m | src/components/GlobalChatDrawer.stories.jsx[2m > [22m[2mClosed
[22m[39m[FilesContext] File observeQuery update: 6 files
[90mstdout[2m | src/components/GlobalChatDrawer.stories.jsx[2m > [22m[2mClosed
[22m[39m[ChatContext] AssistantChat initialized with 1 chats
[90mstdout[2m | src/components/GlobalChatDrawer.stories.jsx[2m > [22m[2mClosed
[22m[39m[ChatContext] Setting initial chat: mock-assistant-chat-1
[90mstdout[2m | src/components/GlobalChatDrawer.stories.jsx[2m > [22m[2mClosed
[22m[39m[MOCK CourseVectorStore] Initialized with mock data
[90mstdout[2m | src/components/GlobalChatDrawer.stories.jsx[2m > [22m[2mClosed
[22m[39m[FilesContext] Vector store population triggered {
  "currentVectorStoreSize": 3,
  "documentsCount": 0,
  "filesCount": 6,
  "isInitialLoad": true,
}
[90mstdout[2m | src/components/GlobalChatDrawer.stories.jsx[2m > [22m[2mClosed
[22m[39m[FilesContext] Vector store population complete - 3 total embeddings
[90mstdout[2m | src/components/GlobalChatDrawer.stories.jsx[2m > [22m[2mClosed
[22m[39m[ChatContext] Chat exists and not archived, skipping creation
[90mstdout[2m | src/components/GlobalChatDrawer.stories.jsx[2m > [22m[2mClosed
[22m[39m[Mock Storage] downloadData called with: undefined
[90mstdout[2m | src/components/GlobalChatDrawer.stories.jsx[2m > [22m[2mOpen
[22m[39m[ChatContext] Cleaning up subscriptions
[90mstdout[2m | src/components/GlobalChatDrawer.stories.jsx[2m > [22m[2mOpen
[22m[39m[Mock Data] Unit.onUpdate() subscription removed. Remaining: 0
[90mstdout[2m | src/components/GlobalChatDrawer.stories.jsx[2m > [22m[2mOpen
[22m[39m[MOCK CourseVectorStore] Initialized with mock data
[90mstdout[2m | src/components/GlobalChatDrawer.stories.jsx[2m > [22m[2mOpen
[22m[39m[TranslationModeController] Setting mode to: off
[90mstdout[2m | src/components/GlobalChatDrawer.stories.jsx[2m > [22m[2mOpen
[22m[39m[UnitContext] useEffect triggered {
  "authLoading": false,
  "hasUser": true,
  "id": "mock-unit-id",
  "userSub": "mock-user-sub",
}
[90mstdout[2m | src/components/GlobalChatDrawer.stories.jsx[2m > [22m[2mOpen
[22m[39m[UnitContext] Fetching unit data for id: mock-unit-id
[90mstdout[2m | src/components/GlobalChatDrawer.stories.jsx[2m > [22m[2mOpen
[22m[39m[FilesContext] Initializing vector store from IndexedDB
[90mstdout[2m | src/components/GlobalChatDrawer.stories.jsx[2m > [22m[2mOpen
[22m[39m[FilesContext] fetchFiles called
[90mstdout[2m | src/components/GlobalChatDrawer.stories.jsx[2m > [22m[2mOpen
[22m[39m[FilesContext] User authenticated: mock-user-sub
[90mstdout[2m | src/components/GlobalChatDrawer.stories.jsx[2m > [22m[2mOpen
[22m[39m[FilesContext] Identity ID: us-east-1:mock-identity-123
[90mstdout[2m | src/components/GlobalChatDrawer.stories.jsx[2m > [22m[2mOpen
[22m[39m[FilesContext] About to set up File observeQuery
[90mstdout[2m | src/components/GlobalChatDrawer.stories.jsx[2m > [22m[2mOpen
[22m[39m[ChatContext] Setting up AssistantChat observeQuery
[90mstdout[2m | src/components/GlobalChatDrawer.stories.jsx[2m > [22m[2mOpen
[22m[39m[ChatContext] Waiting for subscription to initialize
[90mstdout[2m | src/components/GlobalChatDrawer.stories.jsx[2m > [22m[2mOpen
[22m[39m[SettingsContext] Setting up Settings subscription for user: mock-user-sub
[90mstdout[2m | src/components/GlobalChatDrawer.stories.jsx[2m > [22m[2mOpen
[22m[39m[Mock Data] Settings created: mock-settings-1790418276673 - notified 0 subscribers
[90mstdout[2m | src/components/GlobalChatDrawer.stories.jsx[2m > [22m[2mOpen
[22m[39m[Mock Data] Unit.onUpdate() subscription added. Total: 1
[90mstdout[2m | src/components/GlobalChatDrawer.stories.jsx[2m > [22m[2mOpen
[22m[39m[SectionContext] Section observeQuery update: 0
[90mstdout[2m | src/components/GlobalChatDrawer.stories.jsx[2m > [22m[2mOpen
[22m[39m[FilesContext] File observeQuery update: 6 files
[90mstdout[2m | src/components/GlobalChatDrawer.stories.jsx[2m > [22m[2mOpen
[22m[39m[ChatContext] AssistantChat initialized with 1 chats
[90mstdout[2m | src/components/GlobalChatDrawer.stories.jsx[2m > [22m[2mOpen
[22m[39m[ChatContext] Setting initial chat: mock-assistant-chat-1
[90mstdout[2m | src/components/GlobalChatDrawer.stories.jsx[2m > [22m[2mOpen
[22m[39m[MOCK CourseVectorStore] Initialized with mock data
[90mstdout[2m | src/components/GlobalChatDrawer.stories.jsx[2m > [22m[2mOpen
[22m[39m[FilesContext] Vector store population triggered {
  "currentVectorStoreSize": 3,
  "documentsCount": 0,
  "filesCount": 6,
  "isInitialLoad": true,
}
[90mstdout[2m | src/components/GlobalChatDrawer.stories.jsx[2m > [22m[2mOpen
[22m[39m[FilesContext] Vector store population complete - 3 total embeddings
[90mstdout[2m | src/components/GlobalChatDrawer.stories.jsx[2m > [22m[2mOpen
[22m[39m[ChatContext] Chat exists and not archived, skipping creation
[90mstdout[2m | src/components/GlobalChatDrawer.stories.jsx[2m > [22m[2mOpen
[22m[39m[Mock Storage] downloadData called with: undefined
[90mstdout[2m | src/components/GlobalChatDrawer.stories.jsx[2m > [22m[2mNarrow Width
[22m[39m[ChatContext] Cleaning up subscriptions
[90mstdout[2m | src/components/GlobalChatDrawer.stories.jsx[2m > [22m[2mNarrow Width
[22m[39m[Mock Data] Unit.onUpdate() subscription removed. Remaining: 0
[90mstdout[2m | src/components/GlobalChatDrawer.stories.jsx[2m > [22m[2mNarrow Width
[22m[39m[MOCK CourseVectorStore] Initialized with mock data
[90mstdout[2m | src/components/GlobalChatDrawer.stories.jsx[2m > [22m[2mNarrow Width
[22m[39m[TranslationModeController] Setting mode to: off
[90mstdout[2m | src/components/GlobalChatDrawer.stories.jsx[2m > [22m[2mNarrow Width
[22m[39m[UnitContext] useEffect triggered {
  "authLoading": false,
  "hasUser": true,
  "id": "mock-unit-id",
  "userSub": "mock-user-sub",
}
[90mstdout[2m | src/components/GlobalChatDrawer.stories.jsx[2m > [22m[2mNarrow Width
[22m[39m[UnitContext] Fetching unit data for id: mock-unit-id
[90mstdout[2m | src/components/GlobalChatDrawer.stories.jsx[2m > [22m[2mNarrow Width
[22m[39m[FilesContext] Initializing vector store from IndexedDB
[90mstdout[2m | src/components/GlobalChatDrawer.stories.jsx[2m > [22m[2mNarrow Width
[22m[39m[FilesContext] fetchFiles called
[90mstdout[2m | src/components/GlobalChatDrawer.stories.jsx[2m > [22m[2mNarrow Width
[22m[39m[FilesContext] User authenticated: mock-user-sub
[90mstdout[2m | src/components/GlobalChatDrawer.stories.jsx[2m > [22m[2mNarrow Width
[22m[39m[FilesContext] Identity ID: us-east-1:mock-identity-123
[90mstdout[2m | src/components/GlobalChatDrawer.stories.jsx[2m > [22m[2mNarrow Width
[22m[39m[FilesContext] About to set up File observeQuery
[90mstdout[2m | src/components/GlobalChatDrawer.stories.jsx[2m > [22m[2mNarrow Width
[22m[39m[ChatContext] Setting up AssistantChat observeQuery
[90mstdout[2m | src/components/GlobalChatDrawer.stories.jsx[2m > [22m[2mNarrow Width
[22m[39m[ChatContext] Waiting for subscription to initialize
[90mstdout[2m | src/components/GlobalChatDrawer.stories.jsx[2m > [22m[2mNarrow Width
[22m[39m[SettingsContext] Setting up Settings subscription for user: mock-user-sub
[90mstdout[2m | src/components/GlobalChatDrawer.stories.jsx[2m > [22m[2mNarrow Width
[22m[39m[Mock Data] Settings created: mock-settings-1790418276876 - notified 0 subscribers
[90mstdout[2m | src/components/GlobalChatDrawer.stories.jsx[2m > [22m[2mNarrow Width
[22m[39m[Mock Data] Unit.onUpdate() subscription added. Total: 1
[90mstdout[2m | src/components/GlobalChatDrawer.stories.jsx[2m > [22m[2mNarrow Width
[22m[39m[SectionContext] Section observeQuery update: 0
[90mstdout[2m | src/components/GlobalChatDrawer.stories.jsx[2m > [22m[2mNarrow Width
[22m[39m[FilesContext] File observeQuery update: 6 files
[90mstdout[2m | src/components/GlobalChatDrawer.stories.jsx[2m > [22m[2mNarrow Width
[22m[39m[ChatContext] AssistantChat initialized with 1 chats
[90mstdout[2m | src/components/GlobalChatDrawer.stories.jsx[2m > [22m[2mNarrow Width
[22m[39m[ChatContext] Setting initial chat: mock-assistant-chat-1
[90mstdout[2m | src/components/GlobalChatDrawer.stories.jsx[2m > [22m[2mNarrow Width
[22m[39m[MOCK CourseVectorStore] Initialized with mock data
[90mstdout[2m | src/components/GlobalChatDrawer.stories.jsx[2m > [22m[2mNarrow Width
[22m[39m[FilesContext] Vector store population triggered {
  "currentVectorStoreSize": 3,
  "documentsCount": 0,
  "filesCount": 6,
  "isInitialLoad": true,
}
[90mstdout[2m | src/components/GlobalChatDrawer.stories.jsx[2m > [22m[2mNarrow Width
[22m[39m[FilesContext] Vector store population complete - 3 total embeddings
[90mstdout[2m | src/components/GlobalChatDrawer.stories.jsx[2m > [22m[2mNarrow Width
[22m[39m[ChatContext] Chat exists and not archived, skipping creation
[90mstdout[2m | src/components/GlobalChatDrawer.stories.jsx[2m > [22m[2mNarrow Width
[22m[39m[Mock Storage] downloadData called with: undefined
[90mstdout[2m | src/components/GlobalChatDrawer.stories.jsx[2m > [22m[2mNarrow Width
[22m[39mfilterWords {
  "filter": "",
  "wordsCount": 0,
}
 [32m✓[39m [30m[45m storybook (chromium) [49m[39m src/components/GlobalChatDrawer.stories.jsx [2m([22m[2m3 tests[22m[2m)[22m[33m 722[2mms[22m[39m
   [33m[2m✓[22m[39m Narrow Width [33m 311[2mms[22m[39m
[90mstdout[2m | unknown test
[22m[39m[MOCK vectorStoreDB.js] Module loaded - mock IndexedDB operations
[90mstdout[2m | unknown test
[22m[39m[Task Completion] DOM action listeners initialized
[90mstdout[2m | unknown test
[22m[39m[Task Completion] Auto-completion detector initialized
[90mstdout[2m | unknown test
[22m[39m[Preview] Task completion detector initialized
[90mstdout[2m | src/components/Gamification/CampaignBriefing.stories.tsx[2m > [22m[2mDefault
[22m[39m[TranslationModeController] Setting mode to: off
[90mstdout[2m | src/components/Gamification/CampaignBriefing.stories.tsx[2m > [22m[2mLoading
[22m[39m[TranslationModeController] Setting mode to: off
[90mstdout[2m | src/components/Gamification/CampaignBriefing.stories.tsx[2m > [22m[2mCompact
[22m[39m[TranslationModeController] Setting mode to: off
[90mstdout[2m | src/components/Gamification/CampaignBriefing.stories.tsx[2m > [22m[2mSetting Only
[22m[39m[TranslationModeController] Setting mode to: off
[90mstdout[2m | src/components/Gamification/CampaignBriefing.stories.tsx[2m > [22m[2mWith Embedded Content
[22m[39m[TranslationModeController] Setting mode to: off
 [32m✓[39m [30m[45m storybook (chromium) [49m[39m src/components/Gamification/CampaignBriefing.stories.tsx [2m([22m[2m5 tests[22m[2m)[22m[33m 465[2mms[22m[39m
[90mstdout[2m | unknown test
[22m[39m[MOCK vectorStoreDB.js] Module loaded - mock IndexedDB operations
[90mstdout[2m | unknown test
[22m[39m[Task Completion] DOM action listeners initialized
[90mstdout[2m | unknown test
[22m[39m[Task Completion] Auto-completion detector initialized
[90mstdout[2m | unknown test
[22m[39m[Preview] Task completion detector initialized
[90mstdout[2m | src/components/Leaderboard/CompletionGrid.stories.tsx[2m > [22m[2mGrid Story
[22m[39m[MOCK CourseVectorStore] Initialized with mock data
[90mstdout[2m | src/components/Leaderboard/CompletionGrid.stories.tsx[2m > [22m[2mGrid Story
[22m[39m[TranslationModeController] Setting mode to: off
[90mstdout[2m | src/components/Leaderboard/CompletionGrid.stories.tsx[2m > [22m[2mGrid Story
[22m[39m[UnitContext] useEffect triggered {
  "authLoading": false,
  "hasUser": true,
  "id": "mock-unit-id",
  "userSub": "mock-user-sub",
}
[90mstdout[2m | src/components/Leaderboard/CompletionGrid.stories.tsx[2m > [22m[2mGrid Story
[22m[39m[UnitContext] Fetching unit data for id: mock-unit-id
[90mstdout[2m | src/components/Leaderboard/CompletionGrid.stories.tsx[2m > [22m[2mGrid Story
[22m[39m[FilesContext] Initializing vector store from IndexedDB
[90mstdout[2m | src/components/Leaderboard/CompletionGrid.stories.tsx[2m > [22m[2mGrid Story
[22m[39m[FilesContext] fetchFiles called
[90mstdout[2m | src/components/Leaderboard/CompletionGrid.stories.tsx[2m > [22m[2mGrid Story
[22m[39m[FilesContext] User authenticated: mock-user-sub
[90mstdout[2m | src/components/Leaderboard/CompletionGrid.stories.tsx[2m > [22m[2mGrid Story
[22m[39m[FilesContext] Identity ID: us-east-1:mock-identity-123
[90mstdout[2m | src/components/Leaderboard/CompletionGrid.stories.tsx[2m > [22m[2mGrid Story
[22m[39m[FilesContext] About to set up File observeQuery
[90mstdout[2m | src/components/Leaderboard/CompletionGrid.stories.tsx[2m > [22m[2mGrid Story
[22m[39m[ChatContext] Setting up AssistantChat observeQuery
[90mstdout[2m | src/components/Leaderboard/CompletionGrid.stories.tsx[2m > [22m[2mGrid Story
[22m[39m[ChatContext] Waiting for subscription to initialize
[90mstdout[2m | src/components/Leaderboard/CompletionGrid.stories.tsx[2m > [22m[2mGrid Story
[22m[39m[SettingsContext] Setting up Settings subscription for user: mock-user-sub
[90mstdout[2m | src/components/Leaderboard/CompletionGrid.stories.tsx[2m > [22m[2mGrid Story
[22m[39m[Mock Data] Settings created: mock-settings-1790418282946 - notified 0 subscribers
[90mstdout[2m | src/components/Leaderboard/CompletionGrid.stories.tsx[2m > [22m[2mGrid Story
[22m[39m[Mock Data] Unit.onUpdate() subscription added. Total: 1
[90mstdout[2m | src/components/Leaderboard/CompletionGrid.stories.tsx[2m > [22m[2mGrid Story
[22m[39m[SectionContext] Section observeQuery update: 0
[90mstdout[2m | src/components/Leaderboard/CompletionGrid.stories.tsx[2m > [22m[2mGrid Story
[22m[39m[FilesContext] File observeQuery update: 6 files
[90mstdout[2m | src/components/Leaderboard/CompletionGrid.stories.tsx[2m > [22m[2mGrid Story
[22m[39m[ChatContext] AssistantChat initialized with 1 chats
[90mstdout[2m | src/components/Leaderboard/CompletionGrid.stories.tsx[2m > [22m[2mGrid Story
[22m[39m[ChatContext] Setting initial chat: mock-assistant-chat-1
[90mstdout[2m | src/components/Leaderboard/CompletionGrid.stories.tsx[2m > [22m[2mGrid Story
[22m[39m[MOCK CourseVectorStore] Initialized with mock data
[90mstdout[2m | src/components/Leaderboard/CompletionGrid.stories.tsx[2m > [22m[2mGrid Story
[22m[39m[FilesContext] Vector store population triggered {
  "currentVectorStoreSize": 3,
  "documentsCount": 0,
  "filesCount": 6,
  "isInitialLoad": true,
}
[90mstdout[2m | src/components/Leaderboard/CompletionGrid.stories.tsx[2m > [22m[2mGrid Story
[22m[39m[FilesContext] Vector store population complete - 3 total embeddings
[90mstdout[2m | src/components/Leaderboard/CompletionGrid.stories.tsx[2m > [22m[2mGrid Story
[22m[39m[ChatContext] Chat exists and not archived, skipping creation
[90mstdout[2m | src/components/Leaderboard/CompletionGrid.stories.tsx[2m > [22m[2mGrid Story
[22m[39m[Mock Storage] downloadData called with: undefined
 [32m✓[39m [30m[45m storybook (chromium) [49m[39m src/components/Leaderboard/CompletionGrid.stories.tsx [2m([22m[2m1 test[22m[2m)[22m[32m 258[2mms[22m[39m
[90mstdout[2m | unknown test
[22m[39m[MOCK vectorStoreDB.js] Module loaded - mock IndexedDB operations
[90mstdout[2m | unknown test
[22m[39m[Task Completion] DOM action listeners initialized
[90mstdout[2m | unknown test
[22m[39m[Task Completion] Auto-completion detector initialized
[90mstdout[2m | unknown test
[22m[39m[Preview] Task completion detector initialized
[90mstdout[2m | src/components/RecordingStudio3/ScreenplayEditor.stories.tsx[2m > [22m[2mWith Content
[22m[39m[TranslationModeController] Setting mode to: off
[90mstdout[2m | src/components/RecordingStudio3/ScreenplayEditor.stories.tsx[2m > [22m[2mEmpty
[22m[39m[TranslationModeController] Setting mode to: off
[90mstdout[2m | src/components/RecordingStudio3/ScreenplayEditor.stories.tsx[2m > [22m[2mAI Generating
[22m[39m[TranslationModeController] Setting mode to: off
[90mstdout[2m | src/components/RecordingStudio3/ScreenplayEditor.stories.tsx[2m > [22m[2mRead Only
[22m[39m[TranslationModeController] Setting mode to: off
 [32m✓[39m [30m[45m storybook (chromium) [49m[39m src/components/RecordingStudio3/ScreenplayEditor.stories.tsx [2m([22m[2m4 tests[22m[2m)[22m[33m 547[2mms[22m[39m
[90mstdout[2m | unknown test
[22m[39m[MOCK vectorStoreDB.js] Module loaded - mock IndexedDB operations
[90mstdout[2m | unknown test
[22m[39m[Task Completion] DOM action listeners initialized
[90mstdout[2m | unknown test
[22m[39m[Task Completion] Auto-completion detector initialized
[90mstdout[2m | unknown test
[22m[39m[Preview] Task completion detector initialized
[90mstdout[2m | src/components/Editor3/plugins/WordBlockPlugin.stories.jsx[2m > [22m[2mEditable Empty
[22m[39m[Preview] Skipped initializing default mock data (initializeMockData=false)
[90mstdout[2m | src/components/Editor3/plugins/WordBlockPlugin.stories.jsx[2m > [22m[2mEditable Empty
[22m[39m[Mock Data] seedMockWords: Adding 1 words
[90mstdout[2m | src/components/Editor3/plugins/WordBlockPlugin.stories.jsx[2m > [22m[2mEditable Empty
[22m[39m[Mock Data] seedMockUnit: Adding unit word-block-story-unit
[90mstdout[2m | src/components/Editor3/plugins/WordBlockPlugin.stories.jsx[2m > [22m[2mEditable Empty
[22m[39m[MOCK CourseVectorStore] Initialized with mock data
[90mstdout[2m | src/components/Editor3/plugins/WordBlockPlugin.stories.jsx[2m > [22m[2mEditable Empty
[22m[39m[TranslationModeController] Setting mode to: off
[90mstdout[2m | src/components/Editor3/plugins/WordBlockPlugin.stories.jsx[2m > [22m[2mEditable Empty
[22m[39m[UnitContext] useEffect triggered {
  "authLoading": false,
  "hasUser": true,
  "id": "word-block-story-unit",
  "userSub": "mock-user-sub",
}
[90mstdout[2m | src/components/Editor3/plugins/WordBlockPlugin.stories.jsx[2m > [22m[2mEditable Empty
[22m[39m[UnitContext] Fetching unit data for id: word-block-story-unit
[90mstdout[2m | src/components/Editor3/plugins/WordBlockPlugin.stories.jsx[2m > [22m[2mEditable Empty
[22m[39m[FilesContext] Initializing vector store from IndexedDB
[90mstdout[2m | src/components/Editor3/plugins/WordBlockPlugin.stories.jsx[2m > [22m[2mEditable Empty
[22m[39m[FilesContext] fetchFiles called
[90mstdout[2m | src/components/Editor3/plugins/WordBlockPlugin.stories.jsx[2m > [22m[2mEditable Empty
[22m[39m[FilesContext] User authenticated: mock-user-sub
[90mstdout[2m | src/components/Editor3/plugins/WordBlockPlugin.stories.jsx[2m > [22m[2mEditable Empty
[22m[39m[FilesContext] Identity ID: us-east-1:mock-identity-123
[90mstdout[2m | src/components/Editor3/plugins/WordBlockPlugin.stories.jsx[2m > [22m[2mEditable Empty
[22m[39m[FilesContext] About to set up File observeQuery
[90mstdout[2m | src/components/Editor3/plugins/WordBlockPlugin.stories.jsx[2m > [22m[2mEditable Empty
[22m[39m[ChatContext] Setting up AssistantChat observeQuery
[90mstdout[2m | src/components/Editor3/plugins/WordBlockPlugin.stories.jsx[2m > [22m[2mEditable Empty
[22m[39m[ChatContext] Waiting for subscription to initialize
[90mstdout[2m | src/components/Editor3/plugins/WordBlockPlugin.stories.jsx[2m > [22m[2mEditable Empty
[22m[39m[SettingsContext] Setting up Settings subscription for user: mock-user-sub
[90mstdout[2m | src/components/Editor3/plugins/WordBlockPlugin.stories.jsx[2m > [22m[2mEditable Empty
[22m[39m[Mock Data] Settings created: mock-settings-1790418288733 - notified 0 subscribers
[90mstdout[2m | src/components/Editor3/plugins/WordBlockPlugin.stories.jsx[2m > [22m[2mEditable Empty
[22m[39m[Mock Data] Unit.onUpdate() subscription added. Total: 1
[90mstdout[2m | src/components/Editor3/plugins/WordBlockPlugin.stories.jsx[2m > [22m[2mEditable Empty
[22m[39m[SectionContext] Section observeQuery update: 0
[90mstdout[2m | src/components/Editor3/plugins/WordBlockPlugin.stories.jsx[2m > [22m[2mEditable Empty
[22m[39m[FilesContext] File observeQuery update: 0 files
[90mstdout[2m | src/components/Editor3/plugins/WordBlockPlugin.stories.jsx[2m > [22m[2mEditable Empty
[22m[39m[ChatContext] AssistantChat initialized with 0 chats
[90mstdout[2m | src/components/Editor3/plugins/WordBlockPlugin.stories.jsx[2m > [22m[2mEditable Empty
[22m[39m[Mock Storage] downloadData called with: undefined
[90mstdout[2m | src/components/Editor3/plugins/WordBlockPlugin.stories.jsx[2m > [22m[2mEditable Empty
[22m[39m[MOCK CourseVectorStore] Initialized with mock data
[90mstdout[2m | src/components/Editor3/plugins/WordBlockPlugin.stories.jsx[2m > [22m[2mEditable Empty
[22m[39m[ChatContext] No current chat available, will create one
[90mstdout[2m | src/components/Editor3/plugins/WordBlockPlugin.stories.jsx[2m > [22m[2mEditable Empty
[22m[39m[ChatContext] Creating AssistantChat with user: undefined
[90mstdout[2m | src/components/Editor3/plugins/WordBlockPlugin.stories.jsx[2m > [22m[2mEditable Empty
[22m[39m[Mock Data] AssistantChat created: mock-assistantchat-1790418288751 - notified 1 subscribers
[90mstdout[2m | src/components/Editor3/plugins/WordBlockPlugin.stories.jsx[2m > [22m[2mEditable Empty
[22m[39m[ChatContext] Create result: {
  "data": {
    "_version": 1,
    "archived": false,
    "chatFiles": [Function anonymous],
    "createdAt": "2026-09-26T10:24:48.751Z",
    "id": "mock-assistantchat-1790418288751",
    "model": "gpt-4",
    "updatedAt": "2026-09-26T10:24:48.751Z",
  },
  "errors": [],
  "hasData": true,
  "hasErrors": true,
}
[90mstdout[2m | src/components/Editor3/plugins/WordBlockPlugin.stories.jsx[2m > [22m[2mEditable Empty
[22m[39m[ChatContext] Created AssistantChat: mock-assistantchat-1790418288751 at: 2026-09-26T10:24:48.751Z
[90mstdout[2m | src/components/Editor3/plugins/WordBlockPlugin.stories.jsx[2m > [22m[2mEditable Empty
[22m[39m[ChatContext] Setting initial chat: mock-assistantchat-1790418288751
[90mstdout[2m | src/components/Editor3/plugins/WordBlockPlugin.stories.jsx[2m > [22m[2mEditable Empty
[22m[39m[ChatContext] Chat exists and not archived, skipping creation
[90mstdout[2m | src/components/Editor3/plugins/WordBlockPlugin.stories.jsx[2m > [22m[2mEditable With Word Block
[22m[39m[ChatContext] Cleaning up subscriptions
[90mstdout[2m | src/components/Editor3/plugins/WordBlockPlugin.stories.jsx[2m > [22m[2mEditable With Word Block
[22m[39m[Mock Data] Unit.onUpdate() subscription removed. Remaining: 0
[90mstdout[2m | src/components/Editor3/plugins/WordBlockPlugin.stories.jsx[2m > [22m[2mEditable With Word Block
[22m[39m[Preview] Skipped initializing default mock data (initializeMockData=false)
[90mstdout[2m | src/components/Editor3/plugins/WordBlockPlugin.stories.jsx[2m > [22m[2mEditable With Word Block
[22m[39m[Mock Data] seedMockWords: Adding 1 words
[90mstdout[2m | src/components/Editor3/plugins/WordBlockPlugin.stories.jsx[2m > [22m[2mEditable With Word Block
[22m[39m[Mock Data] seedMockUnit: Adding unit word-block-story-unit
[90mstdout[2m | src/components/Editor3/plugins/WordBlockPlugin.stories.jsx[2m > [22m[2mEditable With Word Block
[22m[39m[MOCK CourseVectorStore] Initialized with mock data
[90mstdout[2m | src/components/Editor3/plugins/WordBlockPlugin.stories.jsx[2m > [22m[2mEditable With Word Block
[22m[39m[TranslationModeController] Setting mode to: off
[90mstdout[2m | src/components/Editor3/plugins/WordBlockPlugin.stories.jsx[2m > [22m[2mEditable With Word Block
[22m[39m[UnitContext] useEffect triggered {
  "authLoading": false,
  "hasUser": true,
  "id": "word-block-story-unit",
  "userSub": "mock-user-sub",
}
[90mstdout[2m | src/components/Editor3/plugins/WordBlockPlugin.stories.jsx[2m > [22m[2mEditable With Word Block
[22m[39m[UnitContext] Fetching unit data for id: word-block-story-unit
[90mstdout[2m | src/components/Editor3/plugins/WordBlockPlugin.stories.jsx[2m > [22m[2mEditable With Word Block
[22m[39m[FilesContext] Initializing vector store from IndexedDB
[90mstdout[2m | src/components/Editor3/plugins/WordBlockPlugin.stories.jsx[2m > [22m[2mEditable With Word Block
[22m[39m[FilesContext] fetchFiles called
[90mstdout[2m | src/components/Editor3/plugins/WordBlockPlugin.stories.jsx[2m > [22m[2mEditable With Word Block
[22m[39m[FilesContext] User authenticated: mock-user-sub
[90mstdout[2m | src/components/Editor3/plugins/WordBlockPlugin.stories.jsx[2m > [22m[2mEditable With Word Block
[22m[39m[FilesContext] Identity ID: us-east-1:mock-identity-123
[90mstdout[2m | src/components/Editor3/plugins/WordBlockPlugin.stories.jsx[2m > [22m[2mEditable With Word Block
[22m[39m[FilesContext] About to set up File observeQuery
[90mstdout[2m | src/components/Editor3/plugins/WordBlockPlugin.stories.jsx[2m > [22m[2mEditable With Word Block
[22m[39m[ChatContext] Setting up AssistantChat observeQuery
[90mstdout[2m | src/components/Editor3/plugins/WordBlockPlugin.stories.jsx[2m > [22m[2mEditable With Word Block
[22m[39m[ChatContext] Waiting for subscription to initialize
[90mstdout[2m | src/components/Editor3/plugins/WordBlockPlugin.stories.jsx[2m > [22m[2mEditable With Word Block
[22m[39m[SettingsContext] Setting up Settings subscription for user: mock-user-sub
[90mstdout[2m | src/components/Editor3/plugins/WordBlockPlugin.stories.jsx[2m > [22m[2mEditable With Word Block
[22m[39m[Mock Data] Settings created: mock-settings-1790418288919 - notified 0 subscribers
[90mstdout[2m | src/components/Editor3/plugins/WordBlockPlugin.stories.jsx[2m > [22m[2mEditable With Word Block
[22m[39m[Mock Data] Unit.onUpdate() subscription added. Total: 1
[90mstdout[2m | src/components/Editor3/plugins/WordBlockPlugin.stories.jsx[2m > [22m[2mEditable With Word Block
[22m[39m[SectionContext] Section observeQuery update: 0
[90mstdout[2m | src/components/Editor3/plugins/WordBlockPlugin.stories.jsx[2m > [22m[2mEditable With Word Block
[22m[39m[FilesContext] File observeQuery update: 0 files
[90mstdout[2m | src/components/Editor3/plugins/WordBlockPlugin.stories.jsx[2m > [22m[2mEditable With Word Block
[22m[39m[ChatContext] AssistantChat initialized with 0 chats
[90mstdout[2m | src/components/Editor3/plugins/WordBlockPlugin.stories.jsx[2m > [22m[2mEditable With Word Block
[22m[39m[MOCK CourseVectorStore] Initialized with mock data
[90mstdout[2m | src/components/Editor3/plugins/WordBlockPlugin.stories.jsx[2m > [22m[2mEditable With Word Block
[22m[39m[ChatContext] No current chat available, will create one
[90mstdout[2m | src/components/Editor3/plugins/WordBlockPlugin.stories.jsx[2m > [22m[2mEditable With Word Block
[22m[39m[ChatContext] Creating AssistantChat with user: undefined
[90mstdout[2m | src/components/Editor3/plugins/WordBlockPlugin.stories.jsx[2m > [22m[2mEditable With Word Block
[22m[39m[Mock Data] AssistantChat created: mock-assistantchat-1790418288938 - notified 1 subscribers
[90mstdout[2m | src/components/Editor3/plugins/WordBlockPlugin.stories.jsx[2m > [22m[2mEditable With Word Block
[22m[39m[ChatContext] Create result: {
  "data": {
    "_version": 1,
    "archived": false,
    "chatFiles": [Function anonymous],
    "createdAt": "2026-09-26T10:24:48.938Z",
    "id": "mock-assistantchat-1790418288938",
    "model": "gpt-4",
    "updatedAt": "2026-09-26T10:24:48.938Z",
  },
  "errors": [],
  "hasData": true,
  "hasErrors": true,
}
[90mstdout[2m | src/components/Editor3/plugins/WordBlockPlugin.stories.jsx[2m > [22m[2mEditable With Word Block
[22m[39m[ChatContext] Created AssistantChat: mock-assistantchat-1790418288938 at: 2026-09-26T10:24:48.938Z
[90mstdout[2m | src/components/Editor3/plugins/WordBlockPlugin.stories.jsx[2m > [22m[2mEditable With Word Block
[22m[39m[Mock Storage] downloadData called with: undefined
[90mstdout[2m | src/components/Editor3/plugins/WordBlockPlugin.stories.jsx[2m > [22m[2mEditable With Word Block
[22m[39m[ChatContext] Setting initial chat: mock-assistantchat-1790418288938
[90mstdout[2m | src/components/Editor3/plugins/WordBlockPlugin.stories.jsx[2m > [22m[2mEditable With Word Block
[22m[39m[ChatContext] Chat exists and not archived, skipping creation
[90mstdout[2m | src/components/Editor3/plugins/WordBlockPlugin.stories.jsx[2m > [22m[2mRead Only With Word Block
[22m[39m[ChatContext] Cleaning up subscriptions
[90mstdout[2m | src/components/Editor3/plugins/WordBlockPlugin.stories.jsx[2m > [22m[2mRead Only With Word Block
[22m[39m[Mock Data] Unit.onUpdate() subscription removed. Remaining: 0
[90mstdout[2m | src/components/Editor3/plugins/WordBlockPlugin.stories.jsx[2m > [22m[2mRead Only With Word Block
[22m[39m[Preview] Skipped initializing default mock data (initializeMockData=false)
[90mstdout[2m | src/components/Editor3/plugins/WordBlockPlugin.stories.jsx[2m > [22m[2mRead Only With Word Block
[22m[39m[Mock Data] seedMockWords: Adding 1 words
[90mstdout[2m | src/components/Editor3/plugins/WordBlockPlugin.stories.jsx[2m > [22m[2mRead Only With Word Block
[22m[39m[Mock Data] seedMockUnit: Adding unit word-block-story-unit
[90mstdout[2m | src/components/Editor3/plugins/WordBlockPlugin.stories.jsx[2m > [22m[2mRead Only With Word Block
[22m[39m[MOCK CourseVectorStore] Initialized with mock data
[90mstdout[2m | src/components/Editor3/plugins/WordBlockPlugin.stories.jsx[2m > [22m[2mRead Only With Word Block
[22m[39m[TranslationModeController] Setting mode to: off
[90mstdout[2m | src/components/Editor3/plugins/WordBlockPlugin.stories.jsx[2m > [22m[2mRead Only With Word Block
[22m[39m[UnitContext] useEffect triggered {
  "authLoading": false,
  "hasUser": true,
  "id": "word-block-story-unit",
  "userSub": "mock-user-sub",
}
[90mstdout[2m | src/components/Editor3/plugins/WordBlockPlugin.stories.jsx[2m > [22m[2mRead Only With Word Block
[22m[39m[UnitContext] Fetching unit data for id: word-block-story-unit
[90mstdout[2m | src/components/Editor3/plugins/WordBlockPlugin.stories.jsx[2m > [22m[2mRead Only With Word Block
[22m[39m[FilesContext] Initializing vector store from IndexedDB
[90mstdout[2m | src/components/Editor3/plugins/WordBlockPlugin.stories.jsx[2m > [22m[2mRead Only With Word Block
[22m[39m[FilesContext] fetchFiles called
[90mstdout[2m | src/components/Editor3/plugins/WordBlockPlugin.stories.jsx[2m > [22m[2mRead Only With Word Block
[22m[39m[FilesContext] User authenticated: mock-user-sub
[90mstdout[2m | src/components/Editor3/plugins/WordBlockPlugin.stories.jsx[2m > [22m[2mRead Only With Word Block
[22m[39m[FilesContext] Identity ID: us-east-1:mock-identity-123
[90mstdout[2m | src/components/Editor3/plugins/WordBlockPlugin.stories.jsx[2m > [22m[2mRead Only With Word Block
[22m[39m[FilesContext] About to set up File observeQuery
[90mstdout[2m | src/components/Editor3/plugins/WordBlockPlugin.stories.jsx[2m > [22m[2mRead Only With Word Block
[22m[39m[ChatContext] Setting up AssistantChat observeQuery
[90mstdout[2m | src/components/Editor3/plugins/WordBlockPlugin.stories.jsx[2m > [22m[2mRead Only With Word Block
[22m[39m[ChatContext] Waiting for subscription to initialize
[90mstdout[2m | src/components/Editor3/plugins/WordBlockPlugin.stories.jsx[2m > [22m[2mRead Only With Word Block
[22m[39m[SettingsContext] Setting up Settings subscription for user: mock-user-sub
[90mstdout[2m | src/components/Editor3/plugins/WordBlockPlugin.stories.jsx[2m > [22m[2mRead Only With Word Block
[22m[39m[Mock Data] Settings created: mock-settings-1790418289075 - notified 0 subscribers
[90mstdout[2m | src/components/Editor3/plugins/WordBlockPlugin.stories.jsx[2m > [22m[2mRead Only With Word Block
[22m[39m[Mock Data] Unit.onUpdate() subscription added. Total: 1
[90mstdout[2m | src/components/Editor3/plugins/WordBlockPlugin.stories.jsx[2m > [22m[2mRead Only With Word Block
[22m[39m[SectionContext] Section observeQuery update: 0
[90mstdout[2m | src/components/Editor3/plugins/WordBlockPlugin.stories.jsx[2m > [22m[2mRead Only With Word Block
[22m[39m[FilesContext] File observeQuery update: 0 files
[90mstdout[2m | src/components/Editor3/plugins/WordBlockPlugin.stories.jsx[2m > [22m[2mRead Only With Word Block
[22m[39m[ChatContext] AssistantChat initialized with 0 chats
[90mstdout[2m | src/components/Editor3/plugins/WordBlockPlugin.stories.jsx[2m > [22m[2mRead Only With Word Block
[22m[39m[MOCK CourseVectorStore] Initialized with mock data
[90mstdout[2m | src/components/Editor3/plugins/WordBlockPlugin.stories.jsx[2m > [22m[2mRead Only With Word Block
[22m[39m[ChatContext] No current chat available, will create one
[90mstdout[2m | src/components/Editor3/plugins/WordBlockPlugin.stories.jsx[2m > [22m[2mRead Only With Word Block
[22m[39m[ChatContext] Creating AssistantChat with user: undefined
[90mstdout[2m | src/components/Editor3/plugins/WordBlockPlugin.stories.jsx[2m > [22m[2mRead Only With Word Block
[22m[39m[Mock Data] AssistantChat created: mock-assistantchat-1790418289087 - notified 1 subscribers
[90mstdout[2m | src/components/Editor3/plugins/WordBlockPlugin.stories.jsx[2m > [22m[2mRead Only With Word Block
[22m[39m[ChatContext] Create result: {
  "data": {
    "_version": 1,
    "archived": false,
    "chatFiles": [Function anonymous],
    "createdAt": "2026-09-26T10:24:49.087Z",
    "id": "mock-assistantchat-1790418289087",
    "model": "gpt-4",
    "updatedAt": "2026-09-26T10:24:49.087Z",
  },
  "errors": [],
  "hasData": true,
  "hasErrors": true,
}
[90mstdout[2m | src/components/Editor3/plugins/WordBlockPlugin.stories.jsx[2m > [22m[2mRead Only With Word Block
[22m[39m[ChatContext] Created AssistantChat: mock-assistantchat-1790418289087 at: 2026-09-26T10:24:49.087Z
[90mstdout[2m | src/components/Editor3/plugins/WordBlockPlugin.stories.jsx[2m > [22m[2mRead Only With Word Block
[22m[39m[Mock Storage] downloadData called with: undefined
[90mstdout[2m | src/components/Editor3/plugins/WordBlockPlugin.stories.jsx[2m > [22m[2mRead Only With Word Block
[22m[39m[ChatContext] Setting initial chat: mock-assistantchat-1790418289087
[90mstdout[2m | src/components/Editor3/plugins/WordBlockPlugin.stories.jsx[2m > [22m[2mRead Only With Word Block
[22m[39m[ChatContext] Chat exists and not archived, skipping creation
 [32m✓[39m [30m[45m storybook (chromium) [49m[39m src/components/Editor3/plugins/WordBlockPlugin.stories.jsx [2m([22m[2m3 tests[22m[2m)[22m[33m 480[2mms[22m[39m
[90mstdout[2m | unknown test
[22m[39m[MOCK vectorStoreDB.js] Module loaded - mock IndexedDB operations
[90mstdout[2m | unknown test
[22m[39m[Task Completion] DOM action listeners initialized
[90mstdout[2m | unknown test
[22m[39m[Task Completion] Auto-completion detector initialized
[90mstdout[2m | unknown test
[22m[39m[Preview] Task completion detector initialized
[90mstdout[2m | src/components/CollaborativeChat/ChatPanel.stories.tsx[2m > [22m[2mFull Demo
[22m[39m[TranslationModeController] Setting mode to: off
[90mstdout[2m | src/components/CollaborativeChat/ChatPanel.stories.tsx[2m > [22m[2mWith Incoming Messages
[22m[39m[TranslationModeController] Setting mode to: off
 [32m✓[39m [30m[45m storybook (chromium) [49m[39m src/components/CollaborativeChat/ChatPanel.stories.tsx [2m([22m[2m2 tests[22m[2m)[22m[33m 391[2mms[22m[39m
   [33m[2m✓[22m[39m Full Demo [33m 301[2mms[22m[39m
[90mstdout[2m | unknown test
[22m[39m[MOCK vectorStoreDB.js] Module loaded - mock IndexedDB operations
[90mstdout[2m | unknown test
[22m[39m[Task Completion] DOM action listeners initialized
[90mstdout[2m | unknown test
[22m[39m[Task Completion] Auto-completion detector initialized
[90mstdout[2m | unknown test
[22m[39m[Preview] Task completion detector initialized
[90mstdout[2m | src/components/Workbook/WorkbookInviteShare.stories.tsx[2m > [22m[2mConnected
[22m[39m[MOCK CourseVectorStore] Initialized with mock data
[90mstdout[2m | src/components/Workbook/WorkbookInviteShare.stories.tsx[2m > [22m[2mConnected
[22m[39m[TranslationModeController] Setting mode to: off
[90mstdout[2m | src/components/Workbook/WorkbookInviteShare.stories.tsx[2m > [22m[2mConnected
[22m[39m[UnitContext] useEffect triggered {
  "authLoading": false,
  "hasUser": true,
  "id": "mock-unit-id",
  "userSub": "mock-user-sub",
}
[90mstdout[2m | src/components/Workbook/WorkbookInviteShare.stories.tsx[2m > [22m[2mConnected
[22m[39m[UnitContext] Fetching unit data for id: mock-unit-id
[90mstdout[2m | src/components/Workbook/WorkbookInviteShare.stories.tsx[2m > [22m[2mConnected
[22m[39m[FilesContext] Initializing vector store from IndexedDB
[90mstdout[2m | src/components/Workbook/WorkbookInviteShare.stories.tsx[2m > [22m[2mConnected
[22m[39m[FilesContext] fetchFiles called
[90mstdout[2m | src/components/Workbook/WorkbookInviteShare.stories.tsx[2m > [22m[2mConnected
[22m[39m[FilesContext] User authenticated: mock-user-sub
[90mstdout[2m | src/components/Workbook/WorkbookInviteShare.stories.tsx[2m > [22m[2mConnected
[22m[39m[FilesContext] Identity ID: us-east-1:mock-identity-123
[90mstdout[2m | src/components/Workbook/WorkbookInviteShare.stories.tsx[2m > [22m[2mConnected
[22m[39m[FilesContext] About to set up File observeQuery
[90mstdout[2m | src/components/Workbook/WorkbookInviteShare.stories.tsx[2m > [22m[2mConnected
[22m[39m[ChatContext] Setting up AssistantChat observeQuery
[90mstdout[2m | src/components/Workbook/WorkbookInviteShare.stories.tsx[2m > [22m[2mConnected
[22m[39m[ChatContext] Waiting for subscription to initialize
[90mstdout[2m | src/components/Workbook/WorkbookInviteShare.stories.tsx[2m > [22m[2mConnected
[22m[39m[SettingsContext] Setting up Settings subscription for user: mock-user-sub
[90mstdout[2m | src/components/Workbook/WorkbookInviteShare.stories.tsx[2m > [22m[2mConnected
[22m[39m[Mock Data] Settings created: mock-settings-1790418294477 - notified 0 subscribers
[90mstdout[2m | src/components/Workbook/WorkbookInviteShare.stories.tsx[2m > [22m[2mConnected
[22m[39m[Mock Data] Unit.onUpdate() subscription added. Total: 1
[90mstdout[2m | src/components/Workbook/WorkbookInviteShare.stories.tsx[2m > [22m[2mConnected
[22m[39m[SectionContext] Section observeQuery update: 0
[90mstdout[2m | src/components/Workbook/WorkbookInviteShare.stories.tsx[2m > [22m[2mConnected
[22m[39m[FilesContext] File observeQuery update: 6 files
[90mstdout[2m | src/components/Workbook/WorkbookInviteShare.stories.tsx[2m > [22m[2mConnected
[22m[39m[ChatContext] AssistantChat initialized with 1 chats
[90mstdout[2m | src/components/Workbook/WorkbookInviteShare.stories.tsx[2m > [22m[2mConnected
[22m[39m[ChatContext] Setting initial chat: mock-assistant-chat-1
[90mstdout[2m | src/components/Workbook/WorkbookInviteShare.stories.tsx[2m > [22m[2mConnected
[22m[39m[MOCK CourseVectorStore] Initialized with mock data
[90mstdout[2m | src/components/Workbook/WorkbookInviteShare.stories.tsx[2m > [22m[2mConnected
[22m[39m[FilesContext] Vector store population triggered {
  "currentVectorStoreSize": 3,
  "documentsCount": 0,
  "filesCount": 6,
  "isInitialLoad": true,
}
[90mstdout[2m | src/components/Workbook/WorkbookInviteShare.stories.tsx[2m > [22m[2mConnected
[22m[39m[FilesContext] Vector store population complete - 3 total embeddings
[90mstdout[2m | src/components/Workbook/WorkbookInviteShare.stories.tsx[2m > [22m[2mConnected
[22m[39m[ChatContext] Chat exists and not archived, skipping creation
[90mstdout[2m | src/components/Workbook/WorkbookInviteShare.stories.tsx[2m > [22m[2mConnected
[22m[39m[Mock Storage] downloadData called with: undefined
[90mstdout[2m | src/components/Workbook/WorkbookInviteShare.stories.tsx[2m > [22m[2mDisconnected
[22m[39m[ChatContext] Cleaning up subscriptions
[90mstdout[2m | src/components/Workbook/WorkbookInviteShare.stories.tsx[2m > [22m[2mDisconnected
[22m[39m[Mock Data] Unit.onUpdate() subscription removed. Remaining: 0
[90mstdout[2m | src/components/Workbook/WorkbookInviteShare.stories.tsx[2m > [22m[2mDisconnected
[22m[39m[MOCK CourseVectorStore] Initialized with mock data
[90mstdout[2m | src/components/Workbook/WorkbookInviteShare.stories.tsx[2m > [22m[2mDisconnected
[22m[39m[TranslationModeController] Setting mode to: off
[90mstdout[2m | src/components/Workbook/WorkbookInviteShare.stories.tsx[2m > [22m[2mDisconnected
[22m[39m[UnitContext] useEffect triggered {
  "authLoading": false,
  "hasUser": true,
  "id": "mock-unit-id",
  "userSub": "mock-user-sub",
}
[90mstdout[2m | src/components/Workbook/WorkbookInviteShare.stories.tsx[2m > [22m[2mDisconnected
[22m[39m[UnitContext] Fetching unit data for id: mock-unit-id
[90mstdout[2m | src/components/Workbook/WorkbookInviteShare.stories.tsx[2m > [22m[2mDisconnected
[22m[39m[FilesContext] Initializing vector store from IndexedDB
[90mstdout[2m | src/components/Workbook/WorkbookInviteShare.stories.tsx[2m > [22m[2mDisconnected
[22m[39m[FilesContext] fetchFiles called
[90mstdout[2m | src/components/Workbook/WorkbookInviteShare.stories.tsx[2m > [22m[2mDisconnected
[22m[39m[FilesContext] User authenticated: mock-user-sub
[90mstdout[2m | src/components/Workbook/WorkbookInviteShare.stories.tsx[2m > [22m[2mDisconnected
[22m[39m[FilesContext] Identity ID: us-east-1:mock-identity-123
[90mstdout[2m | src/components/Workbook/WorkbookInviteShare.stories.tsx[2m > [22m[2mDisconnected
[22m[39m[FilesContext] About to set up File observeQuery
[90mstdout[2m | src/components/Workbook/WorkbookInviteShare.stories.tsx[2m > [22m[2mDisconnected
[22m[39m[ChatContext] Setting up AssistantChat observeQuery
[90mstdout[2m | src/components/Workbook/WorkbookInviteShare.stories.tsx[2m > [22m[2mDisconnected
[22m[39m[ChatContext] Waiting for subscription to initialize
[90mstdout[2m | src/components/Workbook/WorkbookInviteShare.stories.tsx[2m > [22m[2mDisconnected
[22m[39m[SettingsContext] Setting up Settings subscription for user: mock-user-sub
[90mstdout[2m | src/components/Workbook/WorkbookInviteShare.stories.tsx[2m > [22m[2mDisconnected
[22m[39m[Mock Data] Settings created: mock-settings-1790418294639 - notified 0 subscribers
[90mstdout[2m | src/components/Workbook/WorkbookInviteShare.stories.tsx[2m > [22m[2mDisconnected
[22m[39m[Mock Data] Unit.onUpdate() subscription added. Total: 1
[90mstdout[2m | src/components/Workbook/WorkbookInviteShare.stories.tsx[2m > [22m[2mDisconnected
[22m[39m[SectionContext] Section observeQuery update: 0
[90mstdout[2m | src/components/Workbook/WorkbookInviteShare.stories.tsx[2m > [22m[2mDisconnected
[22m[39m[FilesContext] File observeQuery update: 6 files
[90mstdout[2m | src/components/Workbook/WorkbookInviteShare.stories.tsx[2m > [22m[2mDisconnected
[22m[39m[ChatContext] AssistantChat initialized with 1 chats
[90mstdout[2m | src/components/Workbook/WorkbookInviteShare.stories.tsx[2m > [22m[2mDisconnected
[22m[39m[ChatContext] Setting initial chat: mock-assistant-chat-1
[90mstdout[2m | src/components/Workbook/WorkbookInviteShare.stories.tsx[2m > [22m[2mDisconnected
[22m[39m[MOCK CourseVectorStore] Initialized with mock data
[90mstdout[2m | src/components/Workbook/WorkbookInviteShare.stories.tsx[2m > [22m[2mDisconnected
[22m[39m[FilesContext] Vector store population triggered {
  "currentVectorStoreSize": 3,
  "documentsCount": 0,
  "filesCount": 6,
  "isInitialLoad": true,
}
[90mstdout[2m | src/components/Workbook/WorkbookInviteShare.stories.tsx[2m > [22m[2mDisconnected
[22m[39m[FilesContext] Vector store population complete - 3 total embeddings
[90mstdout[2m | src/components/Workbook/WorkbookInviteShare.stories.tsx[2m > [22m[2mDisconnected
[22m[39m[ChatContext] Chat exists and not archived, skipping creation
[90mstdout[2m | src/components/Workbook/WorkbookInviteShare.stories.tsx[2m > [22m[2mDisconnected
[22m[39m[Mock Storage] downloadData called with: undefined
[90mstdout[2m | src/components/Workbook/WorkbookInviteShare.stories.tsx[2m > [22m[2mNo Participants
[22m[39m[ChatContext] Cleaning up subscriptions
[90mstdout[2m | src/components/Workbook/WorkbookInviteShare.stories.tsx[2m > [22m[2mNo Participants
[22m[39m[Mock Data] Unit.onUpdate() subscription removed. Remaining: 0
[90mstdout[2m | src/components/Workbook/WorkbookInviteShare.stories.tsx[2m > [22m[2mNo Participants
[22m[39m[MOCK CourseVectorStore] Initialized with mock data
[90mstdout[2m | src/components/Workbook/WorkbookInviteShare.stories.tsx[2m > [22m[2mNo Participants
[22m[39m[TranslationModeController] Setting mode to: off
[90mstdout[2m | src/components/Workbook/WorkbookInviteShare.stories.tsx[2m > [22m[2mNo Participants
[22m[39m[UnitContext] useEffect triggered {
  "authLoading": false,
  "hasUser": true,
  "id": "mock-unit-id",
  "userSub": "mock-user-sub",
}
[90mstdout[2m | src/components/Workbook/WorkbookInviteShare.stories.tsx[2m > [22m[2mNo Participants
[22m[39m[UnitContext] Fetching unit data for id: mock-unit-id
[90mstdout[2m | src/components/Workbook/WorkbookInviteShare.stories.tsx[2m > [22m[2mNo Participants
[22m[39m[FilesContext] Initializing vector store from IndexedDB
[90mstdout[2m | src/components/Workbook/WorkbookInviteShare.stories.tsx[2m > [22m[2mNo Participants
[22m[39m[FilesContext] fetchFiles called
[90mstdout[2m | src/components/Workbook/WorkbookInviteShare.stories.tsx[2m > [22m[2mNo Participants
[22m[39m[FilesContext] User authenticated: mock-user-sub
[90mstdout[2m | src/components/Workbook/WorkbookInviteShare.stories.tsx[2m > [22m[2mNo Participants
[22m[39m[FilesContext] Identity ID: us-east-1:mock-identity-123
[90mstdout[2m | src/components/Workbook/WorkbookInviteShare.stories.tsx[2m > [22m[2mNo Participants
[22m[39m[FilesContext] About to set up File observeQuery
[90mstdout[2m | src/components/Workbook/WorkbookInviteShare.stories.tsx[2m > [22m[2mNo Participants
[22m[39m[ChatContext] Setting up AssistantChat observeQuery
[90mstdout[2m | src/components/Workbook/WorkbookInviteShare.stories.tsx[2m > [22m[2mNo Participants
[22m[39m[ChatContext] Waiting for subscription to initialize
[90mstdout[2m | src/components/Workbook/WorkbookInviteShare.stories.tsx[2m > [22m[2mNo Participants
[22m[39m[SettingsContext] Setting up Settings subscription for user: mock-user-sub
[90mstdout[2m | src/components/Workbook/WorkbookInviteShare.stories.tsx[2m > [22m[2mNo Participants
[22m[39m[Mock Data] Settings created: mock-settings-1790418294760 - notified 0 subscribers
[90mstdout[2m | src/components/Workbook/WorkbookInviteShare.stories.tsx[2m > [22m[2mNo Participants
[22m[39m[Mock Data] Unit.onUpdate() subscription added. Total: 1
[90mstdout[2m | src/components/Workbook/WorkbookInviteShare.stories.tsx[2m > [22m[2mNo Participants
[22m[39m[SectionContext] Section observeQuery update: 0
[90mstdout[2m | src/components/Workbook/WorkbookInviteShare.stories.tsx[2m > [22m[2mNo Participants
[22m[39m[FilesContext] File observeQuery update: 6 files
[90mstdout[2m | src/components/Workbook/WorkbookInviteShare.stories.tsx[2m > [22m[2mNo Participants
[22m[39m[ChatContext] AssistantChat initialized with 1 chats
[90mstdout[2m | src/components/Workbook/WorkbookInviteShare.stories.tsx[2m > [22m[2mNo Participants
[22m[39m[ChatContext] Setting initial chat: mock-assistant-chat-1
[90mstdout[2m | src/components/Workbook/WorkbookInviteShare.stories.tsx[2m > [22m[2mNo Participants
[22m[39m[MOCK CourseVectorStore] Initialized with mock data
[90mstdout[2m | src/components/Workbook/WorkbookInviteShare.stories.tsx[2m > [22m[2mNo Participants
[22m[39m[FilesContext] Vector store population triggered {
  "currentVectorStoreSize": 3,
  "documentsCount": 0,
  "filesCount": 6,
  "isInitialLoad": true,
}
[90mstdout[2m | src/components/Workbook/WorkbookInviteShare.stories.tsx[2m > [22m[2mNo Participants
[22m[39m[FilesContext] Vector store population complete - 3 total embeddings
[90mstdout[2m | src/components/Workbook/WorkbookInviteShare.stories.tsx[2m > [22m[2mNo Participants
[22m[39m[ChatContext] Chat exists and not archived, skipping creation
[90mstdout[2m | src/components/Workbook/WorkbookInviteShare.stories.tsx[2m > [22m[2mNo Participants
[22m[39m[Mock Storage] downloadData called with: undefined
[90mstdout[2m | src/components/Workbook/WorkbookInviteShare.stories.tsx[2m > [22m[2mMany Participants
[22m[39m[ChatContext] Cleaning up subscriptions
[90mstdout[2m | src/components/Workbook/WorkbookInviteShare.stories.tsx[2m > [22m[2mMany Participants
[22m[39m[Mock Data] Unit.onUpdate() subscription removed. Remaining: 0
[90mstdout[2m | src/components/Workbook/WorkbookInviteShare.stories.tsx[2m > [22m[2mMany Participants
[22m[39m[MOCK CourseVectorStore] Initialized with mock data
[90mstdout[2m | src/components/Workbook/WorkbookInviteShare.stories.tsx[2m > [22m[2mMany Participants
[22m[39m[TranslationModeController] Setting mode to: off
[90mstdout[2m | src/components/Workbook/WorkbookInviteShare.stories.tsx[2m > [22m[2mMany Participants
[22m[39m[UnitContext] useEffect triggered {
  "authLoading": false,
  "hasUser": true,
  "id": "mock-unit-id",
  "userSub": "mock-user-sub",
}
[90mstdout[2m | src/components/Workbook/WorkbookInviteShare.stories.tsx[2m > [22m[2mMany Participants
[22m[39m[UnitContext] Fetching unit data for id: mock-unit-id
[90mstdout[2m | src/components/Workbook/WorkbookInviteShare.stories.tsx[2m > [22m[2mMany Participants
[22m[39m[FilesContext] Initializing vector store from IndexedDB
[90mstdout[2m | src/components/Workbook/WorkbookInviteShare.stories.tsx[2m > [22m[2mMany Participants
[22m[39m[FilesContext] fetchFiles called
[90mstdout[2m | src/components/Workbook/WorkbookInviteShare.stories.tsx[2m > [22m[2mMany Participants
[22m[39m[FilesContext] User authenticated: mock-user-sub
[90mstdout[2m | src/components/Workbook/WorkbookInviteShare.stories.tsx[2m > [22m[2mMany Participants
[22m[39m[FilesContext] Identity ID: us-east-1:mock-identity-123
[90mstdout[2m | src/components/Workbook/WorkbookInviteShare.stories.tsx[2m > [22m[2mMany Participants
[22m[39m[FilesContext] About to set up File observeQuery
[90mstdout[2m | src/components/Workbook/WorkbookInviteShare.stories.tsx[2m > [22m[2mMany Participants
[22m[39m[ChatContext] Setting up AssistantChat observeQuery
[90mstdout[2m | src/components/Workbook/WorkbookInviteShare.stories.tsx[2m > [22m[2mMany Participants
[22m[39m[ChatContext] Waiting for subscription to initialize
[90mstdout[2m | src/components/Workbook/WorkbookInviteShare.stories.tsx[2m > [22m[2mMany Participants
[22m[39m[SettingsContext] Setting up Settings subscription for user: mock-user-sub
[90mstdout[2m | src/components/Workbook/WorkbookInviteShare.stories.tsx[2m > [22m[2mMany Participants
[22m[39m[Mock Data] Settings created: mock-settings-1790418294876 - notified 0 subscribers
[90mstdout[2m | src/components/Workbook/WorkbookInviteShare.stories.tsx[2m > [22m[2mMany Participants
[22m[39m[Mock Data] Unit.onUpdate() subscription added. Total: 1
[90mstdout[2m | src/components/Workbook/WorkbookInviteShare.stories.tsx[2m > [22m[2mMany Participants
[22m[39m[SectionContext] Section observeQuery update: 0
[90mstdout[2m | src/components/Workbook/WorkbookInviteShare.stories.tsx[2m > [22m[2mMany Participants
[22m[39m[FilesContext] File observeQuery update: 6 files
[90mstdout[2m | src/components/Workbook/WorkbookInviteShare.stories.tsx[2m > [22m[2mMany Participants
[22m[39m[ChatContext] AssistantChat initialized with 1 chats
[90mstdout[2m | src/components/Workbook/WorkbookInviteShare.stories.tsx[2m > [22m[2mMany Participants
[22m[39m[ChatContext] Setting initial chat: mock-assistant-chat-1
[90mstdout[2m | src/components/Workbook/WorkbookInviteShare.stories.tsx[2m > [22m[2mMany Participants
[22m[39m[MOCK CourseVectorStore] Initialized with mock data
[90mstdout[2m | src/components/Workbook/WorkbookInviteShare.stories.tsx[2m > [22m[2mMany Participants
[22m[39m[FilesContext] Vector store population triggered {
  "currentVectorStoreSize": 3,
  "documentsCount": 0,
  "filesCount": 6,
  "isInitialLoad": true,
}
[90mstdout[2m | src/components/Workbook/WorkbookInviteShare.stories.tsx[2m > [22m[2mMany Participants
[22m[39m[FilesContext] Vector store population complete - 3 total embeddings
[90mstdout[2m | src/components/Workbook/WorkbookInviteShare.stories.tsx[2m > [22m[2mMany Participants
[22m[39m[ChatContext] Chat exists and not archived, skipping creation
[90mstdout[2m | src/components/Workbook/WorkbookInviteShare.stories.tsx[2m > [22m[2mMany Participants
[22m[39m[Mock Storage] downloadData called with: undefined
[90mstdout[2m | src/components/Workbook/WorkbookInviteShare.stories.tsx[2m > [22m[2mCopy Error
[22m[39m[ChatContext] Cleaning up subscriptions
[90mstdout[2m | src/components/Workbook/WorkbookInviteShare.stories.tsx[2m > [22m[2mCopy Error
[22m[39m[Mock Data] Unit.onUpdate() subscription removed. Remaining: 0
[90mstdout[2m | src/components/Workbook/WorkbookInviteShare.stories.tsx[2m > [22m[2mCopy Error
[22m[39m[MOCK CourseVectorStore] Initialized with mock data
[90mstdout[2m | src/components/Workbook/WorkbookInviteShare.stories.tsx[2m > [22m[2mCopy Error
[22m[39m[TranslationModeController] Setting mode to: off
[90mstdout[2m | src/components/Workbook/WorkbookInviteShare.stories.tsx[2m > [22m[2mCopy Error
[22m[39m[UnitContext] useEffect triggered {
  "authLoading": false,
  "hasUser": true,
  "id": "mock-unit-id",
  "userSub": "mock-user-sub",
}
[90mstdout[2m | src/components/Workbook/WorkbookInviteShare.stories.tsx[2m > [22m[2mCopy Error
[22m[39m[UnitContext] Fetching unit data for id: mock-unit-id
[90mstdout[2m | src/components/Workbook/WorkbookInviteShare.stories.tsx[2m > [22m[2mCopy Error
[22m[39m[FilesContext] Initializing vector store from IndexedDB
[90mstdout[2m | src/components/Workbook/WorkbookInviteShare.stories.tsx[2m > [22m[2mCopy Error
[22m[39m[FilesContext] fetchFiles called
[90mstdout[2m | src/components/Workbook/WorkbookInviteShare.stories.tsx[2m > [22m[2mCopy Error
[22m[39m[FilesContext] User authenticated: mock-user-sub
[90mstdout[2m | src/components/Workbook/WorkbookInviteShare.stories.tsx[2m > [22m[2mCopy Error
[22m[39m[FilesContext] Identity ID: us-east-1:mock-identity-123
[90mstdout[2m | src/components/Workbook/WorkbookInviteShare.stories.tsx[2m > [22m[2mCopy Error
[22m[39m[FilesContext] About to set up File observeQuery
[90mstdout[2m | src/components/Workbook/WorkbookInviteShare.stories.tsx[2m > [22m[2mCopy Error
[22m[39m[ChatContext] Setting up AssistantChat observeQuery
[90mstdout[2m | src/components/Workbook/WorkbookInviteShare.stories.tsx[2m > [22m[2mCopy Error
[22m[39m[ChatContext] Waiting for subscription to initialize
[90mstdout[2m | src/components/Workbook/WorkbookInviteShare.stories.tsx[2m > [22m[2mCopy Error
[22m[39m[SettingsContext] Setting up Settings subscription for user: mock-user-sub
[90mstdout[2m | src/components/Workbook/WorkbookInviteShare.stories.tsx[2m > [22m[2mCopy Error
[22m[39m[Mock Data] Settings created: mock-settings-1790418294965 - notified 0 subscribers
[90mstdout[2m | src/components/Workbook/WorkbookInviteShare.stories.tsx[2m > [22m[2mCopy Error
[22m[39m[Mock Data] Unit.onUpdate() subscription added. Total: 1
[90mstdout[2m | src/components/Workbook/WorkbookInviteShare.stories.tsx[2m > [22m[2mCopy Error
[22m[39m[SectionContext] Section observeQuery update: 0
[90mstdout[2m | src/components/Workbook/WorkbookInviteShare.stories.tsx[2m > [22m[2mCopy Error
[22m[39m[FilesContext] File observeQuery update: 6 files
[90mstdout[2m | src/components/Workbook/WorkbookInviteShare.stories.tsx[2m > [22m[2mCopy Error
[22m[39m[ChatContext] AssistantChat initialized with 1 chats
[90mstdout[2m | src/components/Workbook/WorkbookInviteShare.stories.tsx[2m > [22m[2mCopy Error
[22m[39m[ChatContext] Setting initial chat: mock-assistant-chat-1
[90mstdout[2m | src/components/Workbook/WorkbookInviteShare.stories.tsx[2m > [22m[2mCopy Error
[22m[39m[MOCK CourseVectorStore] Initialized with mock data
[90mstdout[2m | src/components/Workbook/WorkbookInviteShare.stories.tsx[2m > [22m[2mCopy Error
[22m[39m[FilesContext] Vector store population triggered {
  "currentVectorStoreSize": 3,
  "documentsCount": 0,
  "filesCount": 6,
  "isInitialLoad": true,
}
[90mstdout[2m | src/components/Workbook/WorkbookInviteShare.stories.tsx[2m > [22m[2mCopy Error
[22m[39m[FilesContext] Vector store population complete - 3 total embeddings
[90mstdout[2m | src/components/Workbook/WorkbookInviteShare.stories.tsx[2m > [22m[2mCopy Error
[22m[39m[ChatContext] Chat exists and not archived, skipping creation
[90mstdout[2m | src/components/Workbook/WorkbookInviteShare.stories.tsx[2m > [22m[2mCopy Error
[22m[39m[Mock Storage] downloadData called with: undefined
 [32m✓[39m [30m[45m storybook (chromium) [49m[39m src/components/Workbook/WorkbookInviteShare.stories.tsx [2m([22m[2m5 tests[22m[2m)[22m[33m 590[2mms[22m[39m
[90mstdout[2m | unknown test
[22m[39m[MOCK vectorStoreDB.js] Module loaded - mock IndexedDB operations
[90mstdout[2m | unknown test
[22m[39m[Task Completion] DOM action listeners initialized
[90mstdout[2m | unknown test
[22m[39m[Task Completion] Auto-completion detector initialized
[90mstdout[2m | unknown test
[22m[39m[Preview] Task completion detector initialized
[90mstdout[2m | src/components/SyncStatusIndicator.stories.tsx[2m > [22m[2mAll Synced (hidden)
[22m[39m[TranslationModeController] Setting mode to: off
[90mstdout[2m | src/components/SyncStatusIndicator.stories.tsx[2m > [22m[2mOffline — No Pending
[22m[39m[TranslationModeController] Setting mode to: off
 [32m✓[39m [30m[45m storybook (chromium) [49m[39m src/components/SyncStatusIndicator.stories.tsx [2m([22m[2m2 tests[22m[2m)[22m[32m 278[2mms[22m[39m
[90mstdout[2m | unknown test
[22m[39m[MOCK vectorStoreDB.js] Module loaded - mock IndexedDB operations
[90mstdout[2m | unknown test
[22m[39m[Task Completion] DOM action listeners initialized
[90mstdout[2m | unknown test
[22m[39m[Task Completion] Auto-completion detector initialized
[90mstdout[2m | unknown test
[22m[39m[Preview] Task completion detector initialized
[90mstdout[2m | src/components/Gamification/SkillDetailPanel.stories.tsx[2m > [22m[2mIn Progress
[22m[39m[TranslationModeController] Setting mode to: off
[90mstdout[2m | src/components/Gamification/SkillDetailPanel.stories.tsx[2m > [22m[2mMastered
[22m[39m[TranslationModeController] Setting mode to: off
[90mstdout[2m | src/components/Gamification/SkillDetailPanel.stories.tsx[2m > [22m[2mLocked
[22m[39m[TranslationModeController] Setting mode to: off
 [32m✓[39m [30m[45m storybook (chromium) [49m[39m src/components/Gamification/SkillDetailPanel.stories.tsx [2m([22m[2m3 tests[22m[2m)[22m[33m 869[2mms[22m[39m
   [33m[2m✓[22m[39m In Progress [33m 498[2mms[22m[39m
[90mstdout[2m | unknown test
[22m[39m[MOCK vectorStoreDB.js] Module loaded - mock IndexedDB operations
[90mstdout[2m | unknown test
[22m[39m[Task Completion] DOM action listeners initialized
[90mstdout[2m | unknown test
[22m[39m[Task Completion] Auto-completion detector initialized
[90mstdout[2m | unknown test
[22m[39m[Preview] Task completion detector initialized
[90mstdout[2m | src/components/Gamification/Medallion.stories.tsx[2m > [22m[2mDefault
[22m[39m[TranslationModeController] Setting mode to: off
[90mstdout[2m | src/components/Gamification/Medallion.stories.tsx[2m > [22m[2mShapes And Metals
[22m[39m[TranslationModeController] Setting mode to: off
[90mstdout[2m | src/components/Gamification/Medallion.stories.tsx[2m > [22m[2mSizes
[22m[39m[TranslationModeController] Setting mode to: off
 [32m✓[39m [30m[45m storybook (chromium) [49m[39m src/components/Gamification/Medallion.stories.tsx [2m([22m[2m3 tests[22m[2m)[22m[33m 415[2mms[22m[39m
[90mstdout[2m | unknown test
[22m[39m[MOCK vectorStoreDB.js] Module loaded - mock IndexedDB operations
[90mstdout[2m | unknown test
[22m[39m[Task Completion] DOM action listeners initialized
[90mstdout[2m | unknown test
[22m[39m[Task Completion] Auto-completion detector initialized
[90mstdout[2m | unknown test
[22m[39m[Preview] Task completion detector initialized
[90mstdout[2m | src/components/Gamification/AnimatedXPCounter.stories.tsx[2m > [22m[2mDefault
[22m[39m[TranslationModeController] Setting mode to: off
[90mstdout[2m | src/components/Gamification/AnimatedXPCounter.stories.tsx[2m > [22m[2mSlow Animation
[22m[39m[TranslationModeController] Setting mode to: off
[90mstdout[2m | src/components/Gamification/AnimatedXPCounter.stories.tsx[2m > [22m[2mInteractive
[22m[39m[TranslationModeController] Setting mode to: off
 [32m✓[39m [30m[45m storybook (chromium) [49m[39m src/components/Gamification/AnimatedXPCounter.stories.tsx [2m([22m[2m3 tests[22m[2m)[22m[32m 248[2mms[22m[39m
[90mstdout[2m | unknown test
[22m[39m[MOCK vectorStoreDB.js] Module loaded - mock IndexedDB operations
[90mstdout[2m | unknown test
[22m[39m[Task Completion] DOM action listeners initialized
[90mstdout[2m | unknown test
[22m[39m[Task Completion] Auto-completion detector initialized
[90mstdout[2m | unknown test
[22m[39m[Preview] Task completion detector initialized
[90mstdout[2m | src/components/StorageManagement.stories.tsx[2m > [22m[2mDefault
[22m[39m[TranslationModeController] Setting mode to: off
[90mstdout[2m | src/components/StorageManagement.stories.tsx[2m > [22m[2mEmpty State
[22m[39m[TranslationModeController] Setting mode to: off
 [32m✓[39m [30m[45m storybook (chromium) [49m[39m src/components/StorageManagement.stories.tsx [2m([22m[2m2 tests[22m[2m)[22m[32m 245[2mms[22m[39m
[90mstdout[2m | unknown test
[22m[39m[MOCK vectorStoreDB.js] Module loaded - mock IndexedDB operations
[90mstdout[2m | unknown test
[22m[39m[Task Completion] DOM action listeners initialized
[90mstdout[2m | unknown test
[22m[39m[Task Completion] Auto-completion detector initialized
[90mstdout[2m | unknown test
[22m[39m[Preview] Task completion detector initialized
[90mstdout[2m | .storybook/docs/WhyHomeworkSupply.stories.tsx[2m > [22m[2mWhy It Exists
[22m[39m[MOCK CourseVectorStore] Initialized with mock data
[90mstdout[2m | .storybook/docs/WhyHomeworkSupply.stories.tsx[2m > [22m[2mWhy It Exists
[22m[39m[TranslationModeController] Setting mode to: off
[90mstdout[2m | .storybook/docs/WhyHomeworkSupply.stories.tsx[2m > [22m[2mWhy It Exists
[22m[39m[UnitContext] useEffect triggered {
  "authLoading": false,
  "hasUser": true,
  "id": "mock-unit-id",
  "userSub": "mock-user-sub",
}
[90mstdout[2m | .storybook/docs/WhyHomeworkSupply.stories.tsx[2m > [22m[2mWhy It Exists
[22m[39m[UnitContext] Fetching unit data for id: mock-unit-id
[90mstdout[2m | .storybook/docs/WhyHomeworkSupply.stories.tsx[2m > [22m[2mWhy It Exists
[22m[39m[FilesContext] Initializing vector store from IndexedDB
[90mstdout[2m | .storybook/docs/WhyHomeworkSupply.stories.tsx[2m > [22m[2mWhy It Exists
[22m[39m[FilesContext] fetchFiles called
[90mstdout[2m | .storybook/docs/WhyHomeworkSupply.stories.tsx[2m > [22m[2mWhy It Exists
[22m[39m[FilesContext] User authenticated: mock-user-sub
[90mstdout[2m | .storybook/docs/WhyHomeworkSupply.stories.tsx[2m > [22m[2mWhy It Exists
[22m[39m[FilesContext] Identity ID: us-east-1:mock-identity-123
[90mstdout[2m | .storybook/docs/WhyHomeworkSupply.stories.tsx[2m > [22m[2mWhy It Exists
[22m[39m[FilesContext] About to set up File observeQuery
[90mstdout[2m | .storybook/docs/WhyHomeworkSupply.stories.tsx[2m > [22m[2mWhy It Exists
[22m[39m[ChatContext] Setting up AssistantChat observeQuery
[90mstdout[2m | .storybook/docs/WhyHomeworkSupply.stories.tsx[2m > [22m[2mWhy It Exists
[22m[39m[ChatContext] Waiting for subscription to initialize
[90mstdout[2m | .storybook/docs/WhyHomeworkSupply.stories.tsx[2m > [22m[2mWhy It Exists
[22m[39m[SettingsContext] Setting up Settings subscription for user: mock-user-sub
[90mstdout[2m | .storybook/docs/WhyHomeworkSupply.stories.tsx[2m > [22m[2mWhy It Exists
[22m[39m[Mock Data] Settings created: mock-settings-1790418308814 - notified 0 subscribers
[90mstdout[2m | .storybook/docs/WhyHomeworkSupply.stories.tsx[2m > [22m[2mWhy It Exists
[22m[39m[Mock Data] Unit.onUpdate() subscription added. Total: 1
[90mstdout[2m | .storybook/docs/WhyHomeworkSupply.stories.tsx[2m > [22m[2mWhy It Exists
[22m[39m[SectionContext] Section observeQuery update: 0
[90mstdout[2m | .storybook/docs/WhyHomeworkSupply.stories.tsx[2m > [22m[2mWhy It Exists
[22m[39m[FilesContext] File observeQuery update: 6 files
[90mstdout[2m | .storybook/docs/WhyHomeworkSupply.stories.tsx[2m > [22m[2mWhy It Exists
[22m[39m[ChatContext] AssistantChat initialized with 1 chats
[90mstdout[2m | .storybook/docs/WhyHomeworkSupply.stories.tsx[2m > [22m[2mWhy It Exists
[22m[39m[ChatContext] Setting initial chat: mock-assistant-chat-1
[90mstdout[2m | .storybook/docs/WhyHomeworkSupply.stories.tsx[2m > [22m[2mWhy It Exists
[22m[39m[MOCK CourseVectorStore] Initialized with mock data
[90mstdout[2m | .storybook/docs/WhyHomeworkSupply.stories.tsx[2m > [22m[2mWhy It Exists
[22m[39m[FilesContext] Vector store population triggered {
  "currentVectorStoreSize": 3,
  "documentsCount": 0,
  "filesCount": 6,
  "isInitialLoad": true,
}
[90mstdout[2m | .storybook/docs/WhyHomeworkSupply.stories.tsx[2m > [22m[2mWhy It Exists
[22m[39m[FilesContext] Vector store population complete - 3 total embeddings
[90mstdout[2m | .storybook/docs/WhyHomeworkSupply.stories.tsx[2m > [22m[2mWhy It Exists
[22m[39m[ChatContext] Chat exists and not archived, skipping creation
[90mstdout[2m | .storybook/docs/WhyHomeworkSupply.stories.tsx[2m > [22m[2mWhy It Exists
[22m[39m[Mock Storage] downloadData called with: undefined
 [32m✓[39m [30m[45m storybook (chromium) [49m[39m .storybook/docs/WhyHomeworkSupply.stories.tsx [2m([22m[2m1 test[22m[2m)[22m[33m 337[2mms[22m[39m
   [33m[2m✓[22m[39m Why It Exists [33m 336[2mms[22m[39m
[90mstdout[2m | unknown test
[22m[39m[MOCK vectorStoreDB.js] Module loaded - mock IndexedDB operations
[90mstdout[2m | unknown test
[22m[39m[Task Completion] DOM action listeners initialized
[90mstdout[2m | unknown test
[22m[39m[Task Completion] Auto-completion detector initialized
[90mstdout[2m | unknown test
[22m[39m[Preview] Task completion detector initialized
[90mstdout[2m | src/components/GlobalChatButton.stories.jsx[2m > [22m[2mDefault
[22m[39m[MOCK CourseVectorStore] Initialized with mock data
[90mstdout[2m | src/components/GlobalChatButton.stories.jsx[2m > [22m[2mDefault
[22m[39m[TranslationModeController] Setting mode to: off
[90mstdout[2m | src/components/GlobalChatButton.stories.jsx[2m > [22m[2mDefault
[22m[39m[UnitContext] useEffect triggered {
  "authLoading": false,
  "hasUser": true,
  "id": "mock-unit-id",
  "userSub": "mock-user-sub",
}
[90mstdout[2m | src/components/GlobalChatButton.stories.jsx[2m > [22m[2mDefault
[22m[39m[UnitContext] Fetching unit data for id: mock-unit-id
[90mstdout[2m | src/components/GlobalChatButton.stories.jsx[2m > [22m[2mDefault
[22m[39m[FilesContext] Initializing vector store from IndexedDB
[90mstdout[2m | src/components/GlobalChatButton.stories.jsx[2m > [22m[2mDefault
[22m[39m[FilesContext] fetchFiles called
[90mstdout[2m | src/components/GlobalChatButton.stories.jsx[2m > [22m[2mDefault
[22m[39m[FilesContext] User authenticated: mock-user-sub
[90mstdout[2m | src/components/GlobalChatButton.stories.jsx[2m > [22m[2mDefault
[22m[39m[FilesContext] Identity ID: us-east-1:mock-identity-123
[90mstdout[2m | src/components/GlobalChatButton.stories.jsx[2m > [22m[2mDefault
[22m[39m[FilesContext] About to set up File observeQuery
[90mstdout[2m | src/components/GlobalChatButton.stories.jsx[2m > [22m[2mDefault
[22m[39m[ChatContext] Setting up AssistantChat observeQuery
[90mstdout[2m | src/components/GlobalChatButton.stories.jsx[2m > [22m[2mDefault
[22m[39m[ChatContext] Waiting for subscription to initialize
[90mstdout[2m | src/components/GlobalChatButton.stories.jsx[2m > [22m[2mDefault
[22m[39m[SettingsContext] Setting up Settings subscription for user: mock-user-sub
[90mstdout[2m | src/components/GlobalChatButton.stories.jsx[2m > [22m[2mDefault
[22m[39m[Mock Data] Settings created: mock-settings-1790418309750 - notified 0 subscribers
[90mstdout[2m | src/components/GlobalChatButton.stories.jsx[2m > [22m[2mDefault
[22m[39m[Mock Data] Unit.onUpdate() subscription added. Total: 1
[90mstdout[2m | src/components/GlobalChatButton.stories.jsx[2m > [22m[2mDefault
[22m[39m[SectionContext] Section observeQuery update: 0
[90mstdout[2m | src/components/GlobalChatButton.stories.jsx[2m > [22m[2mDefault
[22m[39m[FilesContext] File observeQuery update: 6 files
[90mstdout[2m | src/components/GlobalChatButton.stories.jsx[2m > [22m[2mDefault
[22m[39m[ChatContext] AssistantChat initialized with 1 chats
[90mstdout[2m | src/components/GlobalChatButton.stories.jsx[2m > [22m[2mDefault
[22m[39m[ChatContext] Setting initial chat: mock-assistant-chat-1
[90mstdout[2m | src/components/GlobalChatButton.stories.jsx[2m > [22m[2mDefault
[22m[39m[MOCK CourseVectorStore] Initialized with mock data
[90mstdout[2m | src/components/GlobalChatButton.stories.jsx[2m > [22m[2mDefault
[22m[39m[FilesContext] Vector store population triggered {
  "currentVectorStoreSize": 3,
  "documentsCount": 0,
  "filesCount": 6,
  "isInitialLoad": true,
}
[90mstdout[2m | src/components/GlobalChatButton.stories.jsx[2m > [22m[2mDefault
[22m[39m[FilesContext] Vector store population complete - 3 total embeddings
[90mstdout[2m | src/components/GlobalChatButton.stories.jsx[2m > [22m[2mDefault
[22m[39m[ChatContext] Chat exists and not archived, skipping creation
[90mstdout[2m | src/components/GlobalChatButton.stories.jsx[2m > [22m[2mDefault
[22m[39m[Mock Storage] downloadData called with: undefined
[90mstdout[2m | src/components/GlobalChatButton.stories.jsx[2m > [22m[2mWith Unread Badge
[22m[39m[ChatContext] Cleaning up subscriptions
[90mstdout[2m | src/components/GlobalChatButton.stories.jsx[2m > [22m[2mWith Unread Badge
[22m[39m[Mock Data] Unit.onUpdate() subscription removed. Remaining: 0
[90mstdout[2m | src/components/GlobalChatButton.stories.jsx[2m > [22m[2mWith Unread Badge
[22m[39m[MOCK CourseVectorStore] Initialized with mock data
[90mstdout[2m | src/components/GlobalChatButton.stories.jsx[2m > [22m[2mWith Unread Badge
[22m[39m[TranslationModeController] Setting mode to: off
[90mstdout[2m | src/components/GlobalChatButton.stories.jsx[2m > [22m[2mWith Unread Badge
[22m[39m[UnitContext] useEffect triggered {
  "authLoading": false,
  "hasUser": true,
  "id": "mock-unit-id",
  "userSub": "mock-user-sub",
}
[90mstdout[2m | src/components/GlobalChatButton.stories.jsx[2m > [22m[2mWith Unread Badge
[22m[39m[UnitContext] Fetching unit data for id: mock-unit-id
[90mstdout[2m | src/components/GlobalChatButton.stories.jsx[2m > [22m[2mWith Unread Badge
[22m[39m[FilesContext] Initializing vector store from IndexedDB
[90mstdout[2m | src/components/GlobalChatButton.stories.jsx[2m > [22m[2mWith Unread Badge
[22m[39m[FilesContext] fetchFiles called
[90mstdout[2m | src/components/GlobalChatButton.stories.jsx[2m > [22m[2mWith Unread Badge
[22m[39m[FilesContext] User authenticated: mock-user-sub
[90mstdout[2m | src/components/GlobalChatButton.stories.jsx[2m > [22m[2mWith Unread Badge
[22m[39m[FilesContext] Identity ID: us-east-1:mock-identity-123
[90mstdout[2m | src/components/GlobalChatButton.stories.jsx[2m > [22m[2mWith Unread Badge
[22m[39m[FilesContext] About to set up File observeQuery
[90mstdout[2m | src/components/GlobalChatButton.stories.jsx[2m > [22m[2mWith Unread Badge
[22m[39m[ChatContext] Setting up AssistantChat observeQuery
[90mstdout[2m | src/components/GlobalChatButton.stories.jsx[2m > [22m[2mWith Unread Badge
[22m[39m[ChatContext] Waiting for subscription to initialize
[90mstdout[2m | src/components/GlobalChatButton.stories.jsx[2m > [22m[2mWith Unread Badge
[22m[39m[SettingsContext] Setting up Settings subscription for user: mock-user-sub
[90mstdout[2m | src/components/GlobalChatButton.stories.jsx[2m > [22m[2mWith Unread Badge
[22m[39m[Mock Data] Settings created: mock-settings-1790418309896 - notified 0 subscribers
[90mstdout[2m | src/components/GlobalChatButton.stories.jsx[2m > [22m[2mWith Unread Badge
[22m[39m[Mock Data] Unit.onUpdate() subscription added. Total: 1
[90mstdout[2m | src/components/GlobalChatButton.stories.jsx[2m > [22m[2mWith Unread Badge
[22m[39m[SectionContext] Section observeQuery update: 0
[90mstdout[2m | src/components/GlobalChatButton.stories.jsx[2m > [22m[2mWith Unread Badge
[22m[39m[FilesContext] File observeQuery update: 6 files
[90mstdout[2m | src/components/GlobalChatButton.stories.jsx[2m > [22m[2mWith Unread Badge
[22m[39m[ChatContext] AssistantChat initialized with 1 chats
[90mstdout[2m | src/components/GlobalChatButton.stories.jsx[2m > [22m[2mWith Unread Badge
[22m[39m[ChatContext] Setting initial chat: mock-assistant-chat-1
[90mstdout[2m | src/components/GlobalChatButton.stories.jsx[2m > [22m[2mWith Unread Badge
[22m[39m[MOCK CourseVectorStore] Initialized with mock data
[90mstdout[2m | src/components/GlobalChatButton.stories.jsx[2m > [22m[2mWith Unread Badge
[22m[39m[FilesContext] Vector store population triggered {
  "currentVectorStoreSize": 3,
  "documentsCount": 0,
  "filesCount": 6,
  "isInitialLoad": true,
}
[90mstdout[2m | src/components/GlobalChatButton.stories.jsx[2m > [22m[2mWith Unread Badge
[22m[39m[FilesContext] Vector store population complete - 3 total embeddings
[90mstdout[2m | src/components/GlobalChatButton.stories.jsx[2m > [22m[2mWith Unread Badge
[22m[39m[ChatContext] Chat exists and not archived, skipping creation
[90mstdout[2m | src/components/GlobalChatButton.stories.jsx[2m > [22m[2mWith Unread Badge
[22m[39m[Mock Storage] downloadData called with: undefined
[90mstdout[2m | src/components/GlobalChatButton.stories.jsx[2m > [22m[2mMany Unread
[22m[39m[ChatContext] Cleaning up subscriptions
[90mstdout[2m | src/components/GlobalChatButton.stories.jsx[2m > [22m[2mMany Unread
[22m[39m[Mock Data] Unit.onUpdate() subscription removed. Remaining: 0
[90mstdout[2m | src/components/GlobalChatButton.stories.jsx[2m > [22m[2mMany Unread
[22m[39m[MOCK CourseVectorStore] Initialized with mock data
[90mstdout[2m | src/components/GlobalChatButton.stories.jsx[2m > [22m[2mMany Unread
[22m[39m[TranslationModeController] Setting mode to: off
[90mstdout[2m | src/components/GlobalChatButton.stories.jsx[2m > [22m[2mMany Unread
[22m[39m[UnitContext] useEffect triggered {
  "authLoading": false,
  "hasUser": true,
  "id": "mock-unit-id",
  "userSub": "mock-user-sub",
}
[90mstdout[2m | src/components/GlobalChatButton.stories.jsx[2m > [22m[2mMany Unread
[22m[39m[UnitContext] Fetching unit data for id: mock-unit-id
[90mstdout[2m | src/components/GlobalChatButton.stories.jsx[2m > [22m[2mMany Unread
[22m[39m[FilesContext] Initializing vector store from IndexedDB
[90mstdout[2m | src/components/GlobalChatButton.stories.jsx[2m > [22m[2mMany Unread
[22m[39m[FilesContext] fetchFiles called
[90mstdout[2m | src/components/GlobalChatButton.stories.jsx[2m > [22m[2mMany Unread
[22m[39m[FilesContext] User authenticated: mock-user-sub
[90mstdout[2m | src/components/GlobalChatButton.stories.jsx[2m > [22m[2mMany Unread
[22m[39m[FilesContext] Identity ID: us-east-1:mock-identity-123
[90mstdout[2m | src/components/GlobalChatButton.stories.jsx[2m > [22m[2mMany Unread
[22m[39m[FilesContext] About to set up File observeQuery
[90mstdout[2m | src/components/GlobalChatButton.stories.jsx[2m > [22m[2mMany Unread
[22m[39m[ChatContext] Setting up AssistantChat observeQuery
[90mstdout[2m | src/components/GlobalChatButton.stories.jsx[2m > [22m[2mMany Unread
[22m[39m[ChatContext] Waiting for subscription to initialize
[90mstdout[2m | src/components/GlobalChatButton.stories.jsx[2m > [22m[2mMany Unread
[22m[39m[SettingsContext] Setting up Settings subscription for user: mock-user-sub
[90mstdout[2m | src/components/GlobalChatButton.stories.jsx[2m > [22m[2mMany Unread
[22m[39m[Mock Data] Settings created: mock-settings-1790418310017 - notified 0 subscribers
[90mstdout[2m | src/components/GlobalChatButton.stories.jsx[2m > [22m[2mMany Unread
[22m[39m[Mock Data] Unit.onUpdate() subscription added. Total: 1
[90mstdout[2m | src/components/GlobalChatButton.stories.jsx[2m > [22m[2mMany Unread
[22m[39m[SectionContext] Section observeQuery update: 0
[90mstdout[2m | src/components/GlobalChatButton.stories.jsx[2m > [22m[2mMany Unread
[22m[39m[FilesContext] File observeQuery update: 6 files
[90mstdout[2m | src/components/GlobalChatButton.stories.jsx[2m > [22m[2mMany Unread
[22m[39m[ChatContext] AssistantChat initialized with 1 chats
[90mstdout[2m | src/components/GlobalChatButton.stories.jsx[2m > [22m[2mMany Unread
[22m[39m[ChatContext] Setting initial chat: mock-assistant-chat-1
[90mstdout[2m | src/components/GlobalChatButton.stories.jsx[2m > [22m[2mMany Unread
[22m[39m[MOCK CourseVectorStore] Initialized with mock data
[90mstdout[2m | src/components/GlobalChatButton.stories.jsx[2m > [22m[2mMany Unread
[22m[39m[FilesContext] Vector store population triggered {
  "currentVectorStoreSize": 3,
  "documentsCount": 0,
  "filesCount": 6,
  "isInitialLoad": true,
}
[90mstdout[2m | src/components/GlobalChatButton.stories.jsx[2m > [22m[2mMany Unread
[22m[39m[FilesContext] Vector store population complete - 3 total embeddings
[90mstdout[2m | src/components/GlobalChatButton.stories.jsx[2m > [22m[2mMany Unread
[22m[39m[ChatContext] Chat exists and not archived, skipping creation
[90mstdout[2m | src/components/GlobalChatButton.stories.jsx[2m > [22m[2mMany Unread
[22m[39m[Mock Storage] downloadData called with: undefined
[90mstdout[2m | src/components/GlobalChatButton.stories.jsx[2m > [22m[2mHidden
[22m[39m[ChatContext] Cleaning up subscriptions
[90mstdout[2m | src/components/GlobalChatButton.stories.jsx[2m > [22m[2mHidden
[22m[39m[Mock Data] Unit.onUpdate() subscription removed. Remaining: 0
[90mstdout[2m | src/components/GlobalChatButton.stories.jsx[2m > [22m[2mHidden
[22m[39m[MOCK CourseVectorStore] Initialized with mock data
[90mstdout[2m | src/components/GlobalChatButton.stories.jsx[2m > [22m[2mHidden
[22m[39m[TranslationModeController] Setting mode to: off
[90mstdout[2m | src/components/GlobalChatButton.stories.jsx[2m > [22m[2mHidden
[22m[39m[UnitContext] useEffect triggered {
  "authLoading": false,
  "hasUser": true,
  "id": "mock-unit-id",
  "userSub": "mock-user-sub",
}
[90mstdout[2m | src/components/GlobalChatButton.stories.jsx[2m > [22m[2mHidden
[22m[39m[UnitContext] Fetching unit data for id: mock-unit-id
[90mstdout[2m | src/components/GlobalChatButton.stories.jsx[2m > [22m[2mHidden
[22m[39m[FilesContext] Initializing vector store from IndexedDB
[90mstdout[2m | src/components/GlobalChatButton.stories.jsx[2m > [22m[2mHidden
[22m[39m[FilesContext] fetchFiles called
[90mstdout[2m | src/components/GlobalChatButton.stories.jsx[2m > [22m[2mHidden
[22m[39m[FilesContext] User authenticated: mock-user-sub
[90mstdout[2m | src/components/GlobalChatButton.stories.jsx[2m > [22m[2mHidden
[22m[39m[FilesContext] Identity ID: us-east-1:mock-identity-123
[90mstdout[2m | src/components/GlobalChatButton.stories.jsx[2m > [22m[2mHidden
[22m[39m[FilesContext] About to set up File observeQuery
[90mstdout[2m | src/components/GlobalChatButton.stories.jsx[2m > [22m[2mHidden
[22m[39m[ChatContext] Setting up AssistantChat observeQuery
[90mstdout[2m | src/components/GlobalChatButton.stories.jsx[2m > [22m[2mHidden
[22m[39m[ChatContext] Waiting for subscription to initialize
[90mstdout[2m | src/components/GlobalChatButton.stories.jsx[2m > [22m[2mHidden
[22m[39m[SettingsContext] Setting up Settings subscription for user: mock-user-sub
[90mstdout[2m | src/components/GlobalChatButton.stories.jsx[2m > [22m[2mHidden
[22m[39m[Mock Data] Settings created: mock-settings-1790418310140 - notified 0 subscribers
[90mstdout[2m | src/components/GlobalChatButton.stories.jsx[2m > [22m[2mHidden
[22m[39m[Mock Data] Unit.onUpdate() subscription added. Total: 1
[90mstdout[2m | src/components/GlobalChatButton.stories.jsx[2m > [22m[2mHidden
[22m[39m[SectionContext] Section observeQuery update: 0
[90mstdout[2m | src/components/GlobalChatButton.stories.jsx[2m > [22m[2mHidden
[22m[39m[FilesContext] File observeQuery update: 6 files
[90mstdout[2m | src/components/GlobalChatButton.stories.jsx[2m > [22m[2mHidden
[22m[39m[ChatContext] AssistantChat initialized with 1 chats
[90mstdout[2m | src/components/GlobalChatButton.stories.jsx[2m > [22m[2mHidden
[22m[39m[ChatContext] Setting initial chat: mock-assistant-chat-1
[90mstdout[2m | src/components/GlobalChatButton.stories.jsx[2m > [22m[2mHidden
[22m[39m[Mock Storage] downloadData called with: undefined
[90mstdout[2m | src/components/GlobalChatButton.stories.jsx[2m > [22m[2mHidden
[22m[39m[MOCK CourseVectorStore] Initialized with mock data
[90mstdout[2m | src/components/GlobalChatButton.stories.jsx[2m > [22m[2mHidden
[22m[39m[FilesContext] Vector store population triggered {
  "currentVectorStoreSize": 3,
  "documentsCount": 0,
  "filesCount": 6,
  "isInitialLoad": true,
}
[90mstdout[2m | src/components/GlobalChatButton.stories.jsx[2m > [22m[2mHidden
[22m[39m[FilesContext] Vector store population complete - 3 total embeddings
[90mstdout[2m | src/components/GlobalChatButton.stories.jsx[2m > [22m[2mHidden
[22m[39m[ChatContext] Chat exists and not archived, skipping creation
 [32m✓[39m [30m[45m storybook (chromium) [49m[39m src/components/GlobalChatButton.stories.jsx [2m([22m[2m4 tests[22m[2m)[22m[33m 488[2mms[22m[39m
[90mstdout[2m | unknown test
[22m[39m[MOCK vectorStoreDB.js] Module loaded - mock IndexedDB operations
[90mstdout[2m | unknown test
[22m[39m[Task Completion] DOM action listeners initialized
[90mstdout[2m | unknown test
[22m[39m[Task Completion] Auto-completion detector initialized
[90mstdout[2m | unknown test
[22m[39m[Preview] Task completion detector initialized
[90mstdout[2m | src/components/Editor3/components/AIContentSuggestion.stories.jsx[2m > [22m[2mWith Suggestion
[22m[39m[MOCK CourseVectorStore] Initialized with mock data
[90mstdout[2m | src/components/Editor3/components/AIContentSuggestion.stories.jsx[2m > [22m[2mWith Suggestion
[22m[39m[TranslationModeController] Setting mode to: off
[90mstdout[2m | src/components/Editor3/components/AIContentSuggestion.stories.jsx[2m > [22m[2mWith Suggestion
[22m[39m[FilesContext] Initializing vector store from IndexedDB
[90mstdout[2m | src/components/Editor3/components/AIContentSuggestion.stories.jsx[2m > [22m[2mWith Suggestion
[22m[39m[FilesContext] fetchFiles called
[90mstdout[2m | src/components/Editor3/components/AIContentSuggestion.stories.jsx[2m > [22m[2mWith Suggestion
[22m[39m[FilesContext] User authenticated: mock-user-sub
[90mstdout[2m | src/components/Editor3/components/AIContentSuggestion.stories.jsx[2m > [22m[2mWith Suggestion
[22m[39m[FilesContext] Identity ID: us-east-1:mock-identity-123
[90mstdout[2m | src/components/Editor3/components/AIContentSuggestion.stories.jsx[2m > [22m[2mWith Suggestion
[22m[39m[FilesContext] About to set up File observeQuery
[90mstdout[2m | src/components/Editor3/components/AIContentSuggestion.stories.jsx[2m > [22m[2mWith Suggestion
[22m[39m[ChatContext] Setting up AssistantChat observeQuery
[90mstdout[2m | src/components/Editor3/components/AIContentSuggestion.stories.jsx[2m > [22m[2mWith Suggestion
[22m[39m[ChatContext] Waiting for subscription to initialize
[90mstdout[2m | src/components/Editor3/components/AIContentSuggestion.stories.jsx[2m > [22m[2mWith Suggestion
[22m[39m[SettingsContext] Setting up Settings subscription for user: mock-user-sub
[90mstdout[2m | src/components/Editor3/components/AIContentSuggestion.stories.jsx[2m > [22m[2mWith Suggestion
[22m[39m[Mock Data] Settings created: mock-settings-1790418310821 - notified 0 subscribers
[90mstdout[2m | src/components/Editor3/components/AIContentSuggestion.stories.jsx[2m > [22m[2mWith Suggestion
[22m[39m[FilesContext] File observeQuery update: 6 files
[90mstdout[2m | src/components/Editor3/components/AIContentSuggestion.stories.jsx[2m > [22m[2mWith Suggestion
[22m[39m[ChatContext] AssistantChat initialized with 1 chats
[90mstdout[2m | src/components/Editor3/components/AIContentSuggestion.stories.jsx[2m > [22m[2mWith Suggestion
[22m[39m[ChatContext] Setting initial chat: mock-assistant-chat-1
[90mstdout[2m | src/components/Editor3/components/AIContentSuggestion.stories.jsx[2m > [22m[2mWith Suggestion
[22m[39m[MOCK CourseVectorStore] Initialized with mock data
[90mstdout[2m | src/components/Editor3/components/AIContentSuggestion.stories.jsx[2m > [22m[2mWith Suggestion
[22m[39m[FilesContext] Vector store population triggered {
  "currentVectorStoreSize": 3,
  "documentsCount": 0,
  "filesCount": 6,
  "isInitialLoad": true,
}
[90mstdout[2m | src/components/Editor3/components/AIContentSuggestion.stories.jsx[2m > [22m[2mWith Suggestion
[22m[39m[FilesContext] Vector store population complete - 3 total embeddings
[90mstdout[2m | src/components/Editor3/components/AIContentSuggestion.stories.jsx[2m > [22m[2mWith Suggestion
[22m[39m[ChatContext] Chat exists and not archived, skipping creation
[90mstdout[2m | src/components/Editor3/components/AIContentSuggestion.stories.jsx[2m > [22m[2mWith Suggestion
[22m[39m[Mock Storage] downloadData called with: undefined
[90mstdout[2m | src/components/Editor3/components/AIContentSuggestion.stories.jsx[2m > [22m[2mLoading
[22m[39m[ChatContext] Cleaning up subscriptions
[90mstdout[2m | src/components/Editor3/components/AIContentSuggestion.stories.jsx[2m > [22m[2mLoading
[22m[39m[MOCK CourseVectorStore] Initialized with mock data
[90mstdout[2m | src/components/Editor3/components/AIContentSuggestion.stories.jsx[2m > [22m[2mLoading
[22m[39m[TranslationModeController] Setting mode to: off
[90mstdout[2m | src/components/Editor3/components/AIContentSuggestion.stories.jsx[2m > [22m[2mLoading
[22m[39m[FilesContext] Initializing vector store from IndexedDB
[90mstdout[2m | src/components/Editor3/components/AIContentSuggestion.stories.jsx[2m > [22m[2mLoading
[22m[39m[FilesContext] fetchFiles called
[90mstdout[2m | src/components/Editor3/components/AIContentSuggestion.stories.jsx[2m > [22m[2mLoading
[22m[39m[FilesContext] User authenticated: mock-user-sub
[90mstdout[2m | src/components/Editor3/components/AIContentSuggestion.stories.jsx[2m > [22m[2mLoading
[22m[39m[FilesContext] Identity ID: us-east-1:mock-identity-123
[90mstdout[2m | src/components/Editor3/components/AIContentSuggestion.stories.jsx[2m > [22m[2mLoading
[22m[39m[FilesContext] About to set up File observeQuery
[90mstdout[2m | src/components/Editor3/components/AIContentSuggestion.stories.jsx[2m > [22m[2mLoading
[22m[39m[ChatContext] Setting up AssistantChat observeQuery
[90mstdout[2m | src/components/Editor3/components/AIContentSuggestion.stories.jsx[2m > [22m[2mLoading
[22m[39m[ChatContext] Waiting for subscription to initialize
[90mstdout[2m | src/components/Editor3/components/AIContentSuggestion.stories.jsx[2m > [22m[2mLoading
[22m[39m[SettingsContext] Setting up Settings subscription for user: mock-user-sub
[90mstdout[2m | src/components/Editor3/components/AIContentSuggestion.stories.jsx[2m > [22m[2mLoading
[22m[39m[Mock Data] Settings created: mock-settings-1790418310958 - notified 0 subscribers
[90mstdout[2m | src/components/Editor3/components/AIContentSuggestion.stories.jsx[2m > [22m[2mLoading
[22m[39m[FilesContext] File observeQuery update: 6 files
[90mstdout[2m | src/components/Editor3/components/AIContentSuggestion.stories.jsx[2m > [22m[2mLoading
[22m[39m[MOCK CourseVectorStore] Initialized with mock data
[90mstdout[2m | src/components/Editor3/components/AIContentSuggestion.stories.jsx[2m > [22m[2mLoading
[22m[39m[FilesContext] Vector store population triggered {
  "currentVectorStoreSize": 3,
  "documentsCount": 0,
  "filesCount": 6,
  "isInitialLoad": true,
}
[90mstdout[2m | src/components/Editor3/components/AIContentSuggestion.stories.jsx[2m > [22m[2mLoading
[22m[39m[FilesContext] Vector store population complete - 3 total embeddings
[90mstdout[2m | src/components/Editor3/components/AIContentSuggestion.stories.jsx[2m > [22m[2mLoading
[22m[39m[ChatContext] AssistantChat initialized with 1 chats
[90mstdout[2m | src/components/Editor3/components/AIContentSuggestion.stories.jsx[2m > [22m[2mLoading
[22m[39m[ChatContext] Setting initial chat: mock-assistant-chat-1
[90mstdout[2m | src/components/Editor3/components/AIContentSuggestion.stories.jsx[2m > [22m[2mLoading
[22m[39m[Mock Storage] downloadData called with: undefined
[90mstdout[2m | src/components/Editor3/components/AIContentSuggestion.stories.jsx[2m > [22m[2mLoading
[22m[39m[ChatContext] Chat exists and not archived, skipping creation
[90mstdout[2m | src/components/Editor3/components/AIContentSuggestion.stories.jsx[2m > [22m[2mShort Suggestion
[22m[39m[ChatContext] Cleaning up subscriptions
[90mstdout[2m | src/components/Editor3/components/AIContentSuggestion.stories.jsx[2m > [22m[2mShort Suggestion
[22m[39m[MOCK CourseVectorStore] Initialized with mock data
[90mstdout[2m | src/components/Editor3/components/AIContentSuggestion.stories.jsx[2m > [22m[2mShort Suggestion
[22m[39m[TranslationModeController] Setting mode to: off
[90mstdout[2m | src/components/Editor3/components/AIContentSuggestion.stories.jsx[2m > [22m[2mShort Suggestion
[22m[39m[FilesContext] Initializing vector store from IndexedDB
[90mstdout[2m | src/components/Editor3/components/AIContentSuggestion.stories.jsx[2m > [22m[2mShort Suggestion
[22m[39m[FilesContext] fetchFiles called
[90mstdout[2m | src/components/Editor3/components/AIContentSuggestion.stories.jsx[2m > [22m[2mShort Suggestion
[22m[39m[FilesContext] User authenticated: mock-user-sub
[90mstdout[2m | src/components/Editor3/components/AIContentSuggestion.stories.jsx[2m > [22m[2mShort Suggestion
[22m[39m[FilesContext] Identity ID: us-east-1:mock-identity-123
[90mstdout[2m | src/components/Editor3/components/AIContentSuggestion.stories.jsx[2m > [22m[2mShort Suggestion
[22m[39m[FilesContext] About to set up File observeQuery
[90mstdout[2m | src/components/Editor3/components/AIContentSuggestion.stories.jsx[2m > [22m[2mShort Suggestion
[22m[39m[ChatContext] Setting up AssistantChat observeQuery
[90mstdout[2m | src/components/Editor3/components/AIContentSuggestion.stories.jsx[2m > [22m[2mShort Suggestion
[22m[39m[ChatContext] Waiting for subscription to initialize
[90mstdout[2m | src/components/Editor3/components/AIContentSuggestion.stories.jsx[2m > [22m[2mShort Suggestion
[22m[39m[SettingsContext] Setting up Settings subscription for user: mock-user-sub
[90mstdout[2m | src/components/Editor3/components/AIContentSuggestion.stories.jsx[2m > [22m[2mShort Suggestion
[22m[39m[Mock Data] Settings created: mock-settings-1790418311054 - notified 0 subscribers
[90mstdout[2m | src/components/Editor3/components/AIContentSuggestion.stories.jsx[2m > [22m[2mShort Suggestion
[22m[39m[Mock Storage] downloadData called with: undefined
[90mstdout[2m | src/components/Editor3/components/AIContentSuggestion.stories.jsx[2m > [22m[2mShort Suggestion
[22m[39m[FilesContext] File observeQuery update: 6 files
[90mstdout[2m | src/components/Editor3/components/AIContentSuggestion.stories.jsx[2m > [22m[2mShort Suggestion
[22m[39m[ChatContext] AssistantChat initialized with 1 chats
[90mstdout[2m | src/components/Editor3/components/AIContentSuggestion.stories.jsx[2m > [22m[2mShort Suggestion
[22m[39m[ChatContext] Setting initial chat: mock-assistant-chat-1
[90mstdout[2m | src/components/Editor3/components/AIContentSuggestion.stories.jsx[2m > [22m[2mShort Suggestion
[22m[39m[MOCK CourseVectorStore] Initialized with mock data
[90mstdout[2m | src/components/Editor3/components/AIContentSuggestion.stories.jsx[2m > [22m[2mShort Suggestion
[22m[39m[FilesContext] Vector store population triggered {
  "currentVectorStoreSize": 3,
  "documentsCount": 0,
  "filesCount": 6,
  "isInitialLoad": true,
}
[90mstdout[2m | src/components/Editor3/components/AIContentSuggestion.stories.jsx[2m > [22m[2mShort Suggestion
[22m[39m[FilesContext] Vector store population complete - 3 total embeddings
[90mstdout[2m | src/components/Editor3/components/AIContentSuggestion.stories.jsx[2m > [22m[2mShort Suggestion
[22m[39m[ChatContext] Chat exists and not archived, skipping creation
 [32m✓[39m [30m[45m storybook (chromium) [49m[39m src/components/Editor3/components/AIContentSuggestion.stories.jsx [2m([22m[2m3 tests[22m[2m)[22m[33m 336[2mms[22m[39m
[90mstdout[2m | unknown test
[22m[39m[MOCK vectorStoreDB.js] Module loaded - mock IndexedDB operations
[90mstdout[2m | unknown test
[22m[39m[Task Completion] DOM action listeners initialized
[90mstdout[2m | unknown test
[22m[39m[Task Completion] Auto-completion detector initialized
[90mstdout[2m | unknown test
[22m[39m[Preview] Task completion detector initialized
[90mstdout[2m | src/components/Editor3/plugins/LayoutPlugin.stories.jsx[2m > [22m[2mEditable Empty
[22m[39m[Preview] Skipped initializing default mock data (initializeMockData=false)
[90mstdout[2m | src/components/Editor3/plugins/LayoutPlugin.stories.jsx[2m > [22m[2mEditable Empty
[22m[39m[Mock Data] seedMockUnit: Adding unit layout-plugin-story-unit
[90mstdout[2m | src/components/Editor3/plugins/LayoutPlugin.stories.jsx[2m > [22m[2mEditable Empty
[22m[39m[MOCK CourseVectorStore] Initialized with mock data
[90mstdout[2m | src/components/Editor3/plugins/LayoutPlugin.stories.jsx[2m > [22m[2mEditable Empty
[22m[39m[TranslationModeController] Setting mode to: off
[90mstdout[2m | src/components/Editor3/plugins/LayoutPlugin.stories.jsx[2m > [22m[2mEditable Empty
[22m[39m[UnitContext] useEffect triggered {
  "authLoading": false,
  "hasUser": true,
  "id": "layout-plugin-story-unit",
  "userSub": "mock-user-sub",
}
[90mstdout[2m | src/components/Editor3/plugins/LayoutPlugin.stories.jsx[2m > [22m[2mEditable Empty
[22m[39m[UnitContext] Fetching unit data for id: layout-plugin-story-unit
[90mstdout[2m | src/components/Editor3/plugins/LayoutPlugin.stories.jsx[2m > [22m[2mEditable Empty
[22m[39m[FilesContext] Initializing vector store from IndexedDB
[90mstdout[2m | src/components/Editor3/plugins/LayoutPlugin.stories.jsx[2m > [22m[2mEditable Empty
[22m[39m[FilesContext] fetchFiles called
[90mstdout[2m | src/components/Editor3/plugins/LayoutPlugin.stories.jsx[2m > [22m[2mEditable Empty
[22m[39m[FilesContext] User authenticated: mock-user-sub
[90mstdout[2m | src/components/Editor3/plugins/LayoutPlugin.stories.jsx[2m > [22m[2mEditable Empty
[22m[39m[FilesContext] Identity ID: us-east-1:mock-identity-123
[90mstdout[2m | src/components/Editor3/plugins/LayoutPlugin.stories.jsx[2m > [22m[2mEditable Empty
[22m[39m[FilesContext] About to set up File observeQuery
[90mstdout[2m | src/components/Editor3/plugins/LayoutPlugin.stories.jsx[2m > [22m[2mEditable Empty
[22m[39m[ChatContext] Setting up AssistantChat observeQuery
[90mstdout[2m | src/components/Editor3/plugins/LayoutPlugin.stories.jsx[2m > [22m[2mEditable Empty
[22m[39m[ChatContext] Waiting for subscription to initialize
[90mstdout[2m | src/components/Editor3/plugins/LayoutPlugin.stories.jsx[2m > [22m[2mEditable Empty
[22m[39m[SettingsContext] Setting up Settings subscription for user: mock-user-sub
[90mstdout[2m | src/components/Editor3/plugins/LayoutPlugin.stories.jsx[2m > [22m[2mEditable Empty
[22m[39m[Mock Data] Settings created: mock-settings-1790418311841 - notified 0 subscribers
[90mstdout[2m | src/components/Editor3/plugins/LayoutPlugin.stories.jsx[2m > [22m[2mEditable Empty
[22m[39m[Mock Data] Unit.onUpdate() subscription added. Total: 1
[90mstdout[2m | src/components/Editor3/plugins/LayoutPlugin.stories.jsx[2m > [22m[2mEditable Empty
[22m[39m[SectionContext] Section observeQuery update: 0
[90mstdout[2m | src/components/Editor3/plugins/LayoutPlugin.stories.jsx[2m > [22m[2mEditable Empty
[22m[39m[FilesContext] File observeQuery update: 0 files
[90mstdout[2m | src/components/Editor3/plugins/LayoutPlugin.stories.jsx[2m > [22m[2mEditable Empty
[22m[39m[ChatContext] AssistantChat initialized with 0 chats
[90mstdout[2m | src/components/Editor3/plugins/LayoutPlugin.stories.jsx[2m > [22m[2mEditable Empty
[22m[39m[MOCK CourseVectorStore] Initialized with mock data
[90mstdout[2m | src/components/Editor3/plugins/LayoutPlugin.stories.jsx[2m > [22m[2mEditable Empty
[22m[39m[ChatContext] No current chat available, will create one
[90mstdout[2m | src/components/Editor3/plugins/LayoutPlugin.stories.jsx[2m > [22m[2mEditable Empty
[22m[39m[ChatContext] Creating AssistantChat with user: undefined
[90mstdout[2m | src/components/Editor3/plugins/LayoutPlugin.stories.jsx[2m > [22m[2mEditable Empty
[22m[39m[Mock Data] AssistantChat created: mock-assistantchat-1790418311853 - notified 1 subscribers
[90mstdout[2m | src/components/Editor3/plugins/LayoutPlugin.stories.jsx[2m > [22m[2mEditable Empty
[22m[39m[ChatContext] Create result: {
  "data": {
    "_version": 1,
    "archived": false,
    "chatFiles": [Function anonymous],
    "createdAt": "2026-09-26T10:25:11.853Z",
    "id": "mock-assistantchat-1790418311853",
    "model": "gpt-4",
    "updatedAt": "2026-09-26T10:25:11.853Z",
  },
  "errors": [],
  "hasData": true,
  "hasErrors": true,
}
[90mstdout[2m | src/components/Editor3/plugins/LayoutPlugin.stories.jsx[2m > [22m[2mEditable Empty
[22m[39m[ChatContext] Created AssistantChat: mock-assistantchat-1790418311853 at: 2026-09-26T10:25:11.853Z
[90mstdout[2m | src/components/Editor3/plugins/LayoutPlugin.stories.jsx[2m > [22m[2mEditable Empty
[22m[39m[Mock Storage] downloadData called with: undefined
[90mstdout[2m | src/components/Editor3/plugins/LayoutPlugin.stories.jsx[2m > [22m[2mEditable Empty
[22m[39m[ChatContext] Setting initial chat: mock-assistantchat-1790418311853
[90mstdout[2m | src/components/Editor3/plugins/LayoutPlugin.stories.jsx[2m > [22m[2mEditable Empty
[22m[39m[ChatContext] Chat exists and not archived, skipping creation
[90mstdout[2m | src/components/Editor3/plugins/LayoutPlugin.stories.jsx[2m > [22m[2mEditable With Layout
[22m[39m[ChatContext] Cleaning up subscriptions
[90mstdout[2m | src/components/Editor3/plugins/LayoutPlugin.stories.jsx[2m > [22m[2mEditable With Layout
[22m[39m[Mock Data] Unit.onUpdate() subscription removed. Remaining: 0
[90mstdout[2m | src/components/Editor3/plugins/LayoutPlugin.stories.jsx[2m > [22m[2mEditable With Layout
[22m[39m[Preview] Skipped initializing default mock data (initializeMockData=false)
[90mstdout[2m | src/components/Editor3/plugins/LayoutPlugin.stories.jsx[2m > [22m[2mEditable With Layout
[22m[39m[Mock Data] seedMockUnit: Adding unit layout-plugin-story-unit
[90mstdout[2m | src/components/Editor3/plugins/LayoutPlugin.stories.jsx[2m > [22m[2mEditable With Layout
[22m[39m[MOCK CourseVectorStore] Initialized with mock data
[90mstdout[2m | src/components/Editor3/plugins/LayoutPlugin.stories.jsx[2m > [22m[2mEditable With Layout
[22m[39m[TranslationModeController] Setting mode to: off
[90mstdout[2m | src/components/Editor3/plugins/LayoutPlugin.stories.jsx[2m > [22m[2mEditable With Layout
[22m[39m[UnitContext] useEffect triggered {
  "authLoading": false,
  "hasUser": true,
  "id": "layout-plugin-story-unit",
  "userSub": "mock-user-sub",
}
[90mstdout[2m | src/components/Editor3/plugins/LayoutPlugin.stories.jsx[2m > [22m[2mEditable With Layout
[22m[39m[UnitContext] Fetching unit data for id: layout-plugin-story-unit
[90mstdout[2m | src/components/Editor3/plugins/LayoutPlugin.stories.jsx[2m > [22m[2mEditable With Layout
[22m[39m[FilesContext] Initializing vector store from IndexedDB
[90mstdout[2m | src/components/Editor3/plugins/LayoutPlugin.stories.jsx[2m > [22m[2mEditable With Layout
[22m[39m[FilesContext] fetchFiles called
[90mstdout[2m | src/components/Editor3/plugins/LayoutPlugin.stories.jsx[2m > [22m[2mEditable With Layout
[22m[39m[FilesContext] User authenticated: mock-user-sub
[90mstdout[2m | src/components/Editor3/plugins/LayoutPlugin.stories.jsx[2m > [22m[2mEditable With Layout
[22m[39m[FilesContext] Identity ID: us-east-1:mock-identity-123
[90mstdout[2m | src/components/Editor3/plugins/LayoutPlugin.stories.jsx[2m > [22m[2mEditable With Layout
[22m[39m[FilesContext] About to set up File observeQuery
[90mstdout[2m | src/components/Editor3/plugins/LayoutPlugin.stories.jsx[2m > [22m[2mEditable With Layout
[22m[39m[ChatContext] Setting up AssistantChat observeQuery
[90mstdout[2m | src/components/Editor3/plugins/LayoutPlugin.stories.jsx[2m > [22m[2mEditable With Layout
[22m[39m[ChatContext] Waiting for subscription to initialize
[90mstdout[2m | src/components/Editor3/plugins/LayoutPlugin.stories.jsx[2m > [22m[2mEditable With Layout
[22m[39m[SettingsContext] Setting up Settings subscription for user: mock-user-sub
[90mstdout[2m | src/components/Editor3/plugins/LayoutPlugin.stories.jsx[2m > [22m[2mEditable With Layout
[22m[39m[Mock Data] Settings created: mock-settings-1790418311987 - notified 0 subscribers
[90mstdout[2m | src/components/Editor3/plugins/LayoutPlugin.stories.jsx[2m > [22m[2mEditable With Layout
[22m[39m[Mock Data] Unit.onUpdate() subscription added. Total: 1
[90mstdout[2m | src/components/Editor3/plugins/LayoutPlugin.stories.jsx[2m > [22m[2mEditable With Layout
[22m[39m[SectionContext] Section observeQuery update: 0
[90mstdout[2m | src/components/Editor3/plugins/LayoutPlugin.stories.jsx[2m > [22m[2mEditable With Layout
[22m[39m[Mock Storage] downloadData called with: undefined
[90mstdout[2m | src/components/Editor3/plugins/LayoutPlugin.stories.jsx[2m > [22m[2mEditable With Layout
[22m[39m[FilesContext] File observeQuery update: 0 files
[90mstdout[2m | src/components/Editor3/plugins/LayoutPlugin.stories.jsx[2m > [22m[2mEditable With Layout
[22m[39m[ChatContext] AssistantChat initialized with 0 chats
[90mstdout[2m | src/components/Editor3/plugins/LayoutPlugin.stories.jsx[2m > [22m[2mEditable With Layout
[22m[39m[MOCK CourseVectorStore] Initialized with mock data
[90mstdout[2m | src/components/Editor3/plugins/LayoutPlugin.stories.jsx[2m > [22m[2mEditable With Layout
[22m[39m[ChatContext] No current chat available, will create one
[90mstdout[2m | src/components/Editor3/plugins/LayoutPlugin.stories.jsx[2m > [22m[2mEditable With Layout
[22m[39m[ChatContext] Creating AssistantChat with user: undefined
[90mstdout[2m | src/components/Editor3/plugins/LayoutPlugin.stories.jsx[2m > [22m[2mEditable With Layout
[22m[39m[Mock Data] AssistantChat created: mock-assistantchat-1790418311996 - notified 1 subscribers
[90mstdout[2m | src/components/Editor3/plugins/LayoutPlugin.stories.jsx[2m > [22m[2mEditable With Layout
[22m[39m[ChatContext] Create result: {
  "data": {
    "_version": 1,
    "archived": false,
    "chatFiles": [Function anonymous],
    "createdAt": "2026-09-26T10:25:11.996Z",
    "id": "mock-assistantchat-1790418311996",
    "model": "gpt-4",
    "updatedAt": "2026-09-26T10:25:11.996Z",
  },
  "errors": [],
  "hasData": true,
  "hasErrors": true,
}
[90mstdout[2m | src/components/Editor3/plugins/LayoutPlugin.stories.jsx[2m > [22m[2mEditable With Layout
[22m[39m[ChatContext] Created AssistantChat: mock-assistantchat-1790418311996 at: 2026-09-26T10:25:11.996Z
[90mstdout[2m | src/components/Editor3/plugins/LayoutPlugin.stories.jsx[2m > [22m[2mEditable With Layout
[22m[39m[ChatContext] Setting initial chat: mock-assistantchat-1790418311996
[90mstdout[2m | src/components/Editor3/plugins/LayoutPlugin.stories.jsx[2m > [22m[2mEditable With Layout
[22m[39m[ChatContext] Chat exists and not archived, skipping creation
[90mstdout[2m | src/components/Editor3/plugins/LayoutPlugin.stories.jsx[2m > [22m[2mRead Only With Layout
[22m[39m[ChatContext] Cleaning up subscriptions
[90mstdout[2m | src/components/Editor3/plugins/LayoutPlugin.stories.jsx[2m > [22m[2mRead Only With Layout
[22m[39m[Mock Data] Unit.onUpdate() subscription removed. Remaining: 0
[90mstdout[2m | src/components/Editor3/plugins/LayoutPlugin.stories.jsx[2m > [22m[2mRead Only With Layout
[22m[39m[Preview] Skipped initializing default mock data (initializeMockData=false)
[90mstdout[2m | src/components/Editor3/plugins/LayoutPlugin.stories.jsx[2m > [22m[2mRead Only With Layout
[22m[39m[Mock Data] seedMockUnit: Adding unit layout-plugin-story-unit
[90mstdout[2m | src/components/Editor3/plugins/LayoutPlugin.stories.jsx[2m > [22m[2mRead Only With Layout
[22m[39m[MOCK CourseVectorStore] Initialized with mock data
[90mstdout[2m | src/components/Editor3/plugins/LayoutPlugin.stories.jsx[2m > [22m[2mRead Only With Layout
[22m[39m[TranslationModeController] Setting mode to: off
[90mstdout[2m | src/components/Editor3/plugins/LayoutPlugin.stories.jsx[2m > [22m[2mRead Only With Layout
[22m[39m[UnitContext] useEffect triggered {
  "authLoading": false,
  "hasUser": true,
  "id": "layout-plugin-story-unit",
  "userSub": "mock-user-sub",
}
[90mstdout[2m | src/components/Editor3/plugins/LayoutPlugin.stories.jsx[2m > [22m[2mRead Only With Layout
[22m[39m[UnitContext] Fetching unit data for id: layout-plugin-story-unit
[90mstdout[2m | src/components/Editor3/plugins/LayoutPlugin.stories.jsx[2m > [22m[2mRead Only With Layout
[22m[39m[FilesContext] Initializing vector store from IndexedDB
[90mstdout[2m | src/components/Editor3/plugins/LayoutPlugin.stories.jsx[2m > [22m[2mRead Only With Layout
[22m[39m[FilesContext] fetchFiles called
[90mstdout[2m | src/components/Editor3/plugins/LayoutPlugin.stories.jsx[2m > [22m[2mRead Only With Layout
[22m[39m[FilesContext] User authenticated: mock-user-sub
[90mstdout[2m | src/components/Editor3/plugins/LayoutPlugin.stories.jsx[2m > [22m[2mRead Only With Layout
[22m[39m[FilesContext] Identity ID: us-east-1:mock-identity-123
[90mstdout[2m | src/components/Editor3/plugins/LayoutPlugin.stories.jsx[2m > [22m[2mRead Only With Layout
[22m[39m[FilesContext] About to set up File observeQuery
[90mstdout[2m | src/components/Editor3/plugins/LayoutPlugin.stories.jsx[2m > [22m[2mRead Only With Layout
[22m[39m[ChatContext] Setting up AssistantChat observeQuery
[90mstdout[2m | src/components/Editor3/plugins/LayoutPlugin.stories.jsx[2m > [22m[2mRead Only With Layout
[22m[39m[ChatContext] Waiting for subscription to initialize
[90mstdout[2m | src/components/Editor3/plugins/LayoutPlugin.stories.jsx[2m > [22m[2mRead Only With Layout
[22m[39m[SettingsContext] Setting up Settings subscription for user: mock-user-sub
[90mstdout[2m | src/components/Editor3/plugins/LayoutPlugin.stories.jsx[2m > [22m[2mRead Only With Layout
[22m[39m[Mock Data] Settings created: mock-settings-1790418312110 - notified 0 subscribers
[90mstdout[2m | src/components/Editor3/plugins/LayoutPlugin.stories.jsx[2m > [22m[2mRead Only With Layout
[22m[39m[Mock Data] Unit.onUpdate() subscription added. Total: 1
[90mstdout[2m | src/components/Editor3/plugins/LayoutPlugin.stories.jsx[2m > [22m[2mRead Only With Layout
[22m[39m[SectionContext] Section observeQuery update: 0
[90mstdout[2m | src/components/Editor3/plugins/LayoutPlugin.stories.jsx[2m > [22m[2mRead Only With Layout
[22m[39m[FilesContext] File observeQuery update: 0 files
[90mstdout[2m | src/components/Editor3/plugins/LayoutPlugin.stories.jsx[2m > [22m[2mRead Only With Layout
[22m[39m[Mock Storage] downloadData called with: undefined
[90mstdout[2m | src/components/Editor3/plugins/LayoutPlugin.stories.jsx[2m > [22m[2mRead Only With Layout
[22m[39m[MOCK CourseVectorStore] Initialized with mock data
[90mstdout[2m | src/components/Editor3/plugins/LayoutPlugin.stories.jsx[2m > [22m[2mRead Only With Layout
[22m[39m[ChatContext] AssistantChat initialized with 0 chats
[90mstdout[2m | src/components/Editor3/plugins/LayoutPlugin.stories.jsx[2m > [22m[2mRead Only With Layout
[22m[39m[ChatContext] No current chat available, will create one
[90mstdout[2m | src/components/Editor3/plugins/LayoutPlugin.stories.jsx[2m > [22m[2mRead Only With Layout
[22m[39m[ChatContext] Creating AssistantChat with user: undefined
[90mstdout[2m | src/components/Editor3/plugins/LayoutPlugin.stories.jsx[2m > [22m[2mRead Only With Layout
[22m[39m[Mock Data] AssistantChat created: mock-assistantchat-1790418312121 - notified 1 subscribers
[90mstdout[2m | src/components/Editor3/plugins/LayoutPlugin.stories.jsx[2m > [22m[2mRead Only With Layout
[22m[39m[ChatContext] Create result: {
  "data": {
    "_version": 1,
    "archived": false,
    "chatFiles": [Function anonymous],
    "createdAt": "2026-09-26T10:25:12.121Z",
    "id": "mock-assistantchat-1790418312121",
    "model": "gpt-4",
    "updatedAt": "2026-09-26T10:25:12.121Z",
  },
  "errors": [],
  "hasData": true,
  "hasErrors": true,
}
[90mstdout[2m | src/components/Editor3/plugins/LayoutPlugin.stories.jsx[2m > [22m[2mRead Only With Layout
[22m[39m[ChatContext] Created AssistantChat: mock-assistantchat-1790418312121 at: 2026-09-26T10:25:12.121Z
[90mstdout[2m | src/components/Editor3/plugins/LayoutPlugin.stories.jsx[2m > [22m[2mRead Only With Layout
[22m[39m[ChatContext] Setting initial chat: mock-assistantchat-1790418312121
[90mstdout[2m | src/components/Editor3/plugins/LayoutPlugin.stories.jsx[2m > [22m[2mRead Only With Layout
[22m[39m[ChatContext] Chat exists and not archived, skipping creation
 [32m✓[39m [30m[45m storybook (chromium) [49m[39m src/components/Editor3/plugins/LayoutPlugin.stories.jsx [2m([22m[2m3 tests[22m[2m)[22m[33m 396[2mms[22m[39m
[90mstdout[2m | unknown test
[22m[39m[MOCK vectorStoreDB.js] Module loaded - mock IndexedDB operations
[90mstdout[2m | unknown test
[22m[39m[Task Completion] DOM action listeners initialized
[90mstdout[2m | unknown test
[22m[39m[Task Completion] Auto-completion detector initialized
[90mstdout[2m | unknown test
[22m[39m[Preview] Task completion detector initialized
[90mstdout[2m | src/components/Leaderboard/LeaderboardTable.stories.tsx[2m > [22m[2mDefault
[22m[39m[MOCK CourseVectorStore] Initialized with mock data
[90mstdout[2m | src/components/Leaderboard/LeaderboardTable.stories.tsx[2m > [22m[2mDefault
[22m[39m[TranslationModeController] Setting mode to: off
[90mstdout[2m | src/components/Leaderboard/LeaderboardTable.stories.tsx[2m > [22m[2mDefault
[22m[39m[UnitContext] useEffect triggered {
  "authLoading": false,
  "hasUser": true,
  "id": "mock-unit-id",
  "userSub": "mock-user-sub",
}
[90mstdout[2m | src/components/Leaderboard/LeaderboardTable.stories.tsx[2m > [22m[2mDefault
[22m[39m[UnitContext] Fetching unit data for id: mock-unit-id
[90mstdout[2m | src/components/Leaderboard/LeaderboardTable.stories.tsx[2m > [22m[2mDefault
[22m[39m[FilesContext] Initializing vector store from IndexedDB
[90mstdout[2m | src/components/Leaderboard/LeaderboardTable.stories.tsx[2m > [22m[2mDefault
[22m[39m[FilesContext] fetchFiles called
[90mstdout[2m | src/components/Leaderboard/LeaderboardTable.stories.tsx[2m > [22m[2mDefault
[22m[39m[FilesContext] User authenticated: mock-user-sub
[90mstdout[2m | src/components/Leaderboard/LeaderboardTable.stories.tsx[2m > [22m[2mDefault
[22m[39m[FilesContext] Identity ID: us-east-1:mock-identity-123
[90mstdout[2m | src/components/Leaderboard/LeaderboardTable.stories.tsx[2m > [22m[2mDefault
[22m[39m[FilesContext] About to set up File observeQuery
[90mstdout[2m | src/components/Leaderboard/LeaderboardTable.stories.tsx[2m > [22m[2mDefault
[22m[39m[ChatContext] Setting up AssistantChat observeQuery
[90mstdout[2m | src/components/Leaderboard/LeaderboardTable.stories.tsx[2m > [22m[2mDefault
[22m[39m[ChatContext] Waiting for subscription to initialize
[90mstdout[2m | src/components/Leaderboard/LeaderboardTable.stories.tsx[2m > [22m[2mDefault
[22m[39m[SettingsContext] Setting up Settings subscription for user: mock-user-sub
[90mstdout[2m | src/components/Leaderboard/LeaderboardTable.stories.tsx[2m > [22m[2mDefault
[22m[39m[Mock Data] Settings created: mock-settings-1790418312960 - notified 0 subscribers
[90mstdout[2m | src/components/Leaderboard/LeaderboardTable.stories.tsx[2m > [22m[2mDefault
[22m[39m[Mock Data] Unit.onUpdate() subscription added. Total: 1
[90mstdout[2m | src/components/Leaderboard/LeaderboardTable.stories.tsx[2m > [22m[2mDefault
[22m[39m[SectionContext] Section observeQuery update: 0
[90mstdout[2m | src/components/Leaderboard/LeaderboardTable.stories.tsx[2m > [22m[2mDefault
[22m[39m[FilesContext] File observeQuery update: 6 files
[90mstdout[2m | src/components/Leaderboard/LeaderboardTable.stories.tsx[2m > [22m[2mDefault
[22m[39m[ChatContext] AssistantChat initialized with 1 chats
[90mstdout[2m | src/components/Leaderboard/LeaderboardTable.stories.tsx[2m > [22m[2mDefault
[22m[39m[ChatContext] Setting initial chat: mock-assistant-chat-1
[90mstdout[2m | src/components/Leaderboard/LeaderboardTable.stories.tsx[2m > [22m[2mDefault
[22m[39m[MOCK CourseVectorStore] Initialized with mock data
[90mstdout[2m | src/components/Leaderboard/LeaderboardTable.stories.tsx[2m > [22m[2mDefault
[22m[39m[FilesContext] Vector store population triggered {
  "currentVectorStoreSize": 3,
  "documentsCount": 0,
  "filesCount": 6,
  "isInitialLoad": true,
}
[90mstdout[2m | src/components/Leaderboard/LeaderboardTable.stories.tsx[2m > [22m[2mDefault
[22m[39m[FilesContext] Vector store population complete - 3 total embeddings
[90mstdout[2m | src/components/Leaderboard/LeaderboardTable.stories.tsx[2m > [22m[2mDefault
[22m[39m[ChatContext] Chat exists and not archived, skipping creation
[90mstdout[2m | src/components/Leaderboard/LeaderboardTable.stories.tsx[2m > [22m[2mDefault
[22m[39m[Mock Storage] downloadData called with: undefined
[90mstdout[2m | src/components/Leaderboard/LeaderboardTable.stories.tsx[2m > [22m[2mEmpty
[22m[39m[ChatContext] Cleaning up subscriptions
[90mstdout[2m | src/components/Leaderboard/LeaderboardTable.stories.tsx[2m > [22m[2mEmpty
[22m[39m[Mock Data] Unit.onUpdate() subscription removed. Remaining: 0
[90mstdout[2m | src/components/Leaderboard/LeaderboardTable.stories.tsx[2m > [22m[2mEmpty
[22m[39m[MOCK CourseVectorStore] Initialized with mock data
[90mstdout[2m | src/components/Leaderboard/LeaderboardTable.stories.tsx[2m > [22m[2mEmpty
[22m[39m[TranslationModeController] Setting mode to: off
[90mstdout[2m | src/components/Leaderboard/LeaderboardTable.stories.tsx[2m > [22m[2mEmpty
[22m[39m[UnitContext] useEffect triggered {
  "authLoading": false,
  "hasUser": true,
  "id": "mock-unit-id",
  "userSub": "mock-user-sub",
}
[90mstdout[2m | src/components/Leaderboard/LeaderboardTable.stories.tsx[2m > [22m[2mEmpty
[22m[39m[UnitContext] Fetching unit data for id: mock-unit-id
[90mstdout[2m | src/components/Leaderboard/LeaderboardTable.stories.tsx[2m > [22m[2mEmpty
[22m[39m[FilesContext] Initializing vector store from IndexedDB
[90mstdout[2m | src/components/Leaderboard/LeaderboardTable.stories.tsx[2m > [22m[2mEmpty
[22m[39m[FilesContext] fetchFiles called
[90mstdout[2m | src/components/Leaderboard/LeaderboardTable.stories.tsx[2m > [22m[2mEmpty
[22m[39m[FilesContext] User authenticated: mock-user-sub
[90mstdout[2m | src/components/Leaderboard/LeaderboardTable.stories.tsx[2m > [22m[2mEmpty
[22m[39m[FilesContext] Identity ID: us-east-1:mock-identity-123
[90mstdout[2m | src/components/Leaderboard/LeaderboardTable.stories.tsx[2m > [22m[2mEmpty
[22m[39m[FilesContext] About to set up File observeQuery
[90mstdout[2m | src/components/Leaderboard/LeaderboardTable.stories.tsx[2m > [22m[2mEmpty
[22m[39m[ChatContext] Setting up AssistantChat observeQuery
[90mstdout[2m | src/components/Leaderboard/LeaderboardTable.stories.tsx[2m > [22m[2mEmpty
[22m[39m[ChatContext] Waiting for subscription to initialize
[90mstdout[2m | src/components/Leaderboard/LeaderboardTable.stories.tsx[2m > [22m[2mEmpty
[22m[39m[SettingsContext] Setting up Settings subscription for user: mock-user-sub
[90mstdout[2m | src/components/Leaderboard/LeaderboardTable.stories.tsx[2m > [22m[2mEmpty
[22m[39m[Mock Data] Settings created: mock-settings-1790418313193 - notified 0 subscribers
[90mstdout[2m | src/components/Leaderboard/LeaderboardTable.stories.tsx[2m > [22m[2mEmpty
[22m[39m[Mock Data] Unit.onUpdate() subscription added. Total: 1
[90mstdout[2m | src/components/Leaderboard/LeaderboardTable.stories.tsx[2m > [22m[2mEmpty
[22m[39m[SectionContext] Section observeQuery update: 0
[90mstdout[2m | src/components/Leaderboard/LeaderboardTable.stories.tsx[2m > [22m[2mEmpty
[22m[39m[FilesContext] File observeQuery update: 6 files
[90mstdout[2m | src/components/Leaderboard/LeaderboardTable.stories.tsx[2m > [22m[2mEmpty
[22m[39m[ChatContext] AssistantChat initialized with 1 chats
[90mstdout[2m | src/components/Leaderboard/LeaderboardTable.stories.tsx[2m > [22m[2mEmpty
[22m[39m[ChatContext] Setting initial chat: mock-assistant-chat-1
[90mstdout[2m | src/components/Leaderboard/LeaderboardTable.stories.tsx[2m > [22m[2mEmpty
[22m[39m[Mock Storage] downloadData called with: undefined
[90mstdout[2m | src/components/Leaderboard/LeaderboardTable.stories.tsx[2m > [22m[2mEmpty
[22m[39m[MOCK CourseVectorStore] Initialized with mock data
[90mstdout[2m | src/components/Leaderboard/LeaderboardTable.stories.tsx[2m > [22m[2mEmpty
[22m[39m[FilesContext] Vector store population triggered {
  "currentVectorStoreSize": 3,
  "documentsCount": 0,
  "filesCount": 6,
  "isInitialLoad": true,
}
[90mstdout[2m | src/components/Leaderboard/LeaderboardTable.stories.tsx[2m > [22m[2mEmpty
[22m[39m[FilesContext] Vector store population complete - 3 total embeddings
[90mstdout[2m | src/components/Leaderboard/LeaderboardTable.stories.tsx[2m > [22m[2mEmpty
[22m[39m[ChatContext] Chat exists and not archived, skipping creation
 [32m✓[39m [30m[45m storybook (chromium) [49m[39m src/components/Leaderboard/LeaderboardTable.stories.tsx [2m([22m[2m2 tests[22m[2m)[22m[33m 379[2mms[22m[39m
[90mstdout[2m | unknown test
[22m[39m[MOCK vectorStoreDB.js] Module loaded - mock IndexedDB operations
[90mstdout[2m | src/components/Editor3/plugins/ImagesPlugin.stories.jsx[2m > [22m[2mEditable Empty
[22m[39m[Preview] Skipped initializing default mock data (initializeMockData=false)
[90mstdout[2m | src/components/Editor3/plugins/ImagesPlugin.stories.jsx[2m > [22m[2mEditable Empty
[22m[39m[Mock Data] seedMockUnit: Adding unit images-plugin-story-unit
[90mstdout[2m | src/components/Editor3/plugins/ImagesPlugin.stories.jsx[2m > [22m[2mEditable Empty
[22m[39m[MOCK CourseVectorStore] Initialized with mock data
[90mstdout[2m | src/components/Editor3/plugins/ImagesPlugin.stories.jsx[2m > [22m[2mEditable Empty
[22m[39m[TranslationModeController] Setting mode to: off
[90mstdout[2m | src/components/Editor3/plugins/ImagesPlugin.stories.jsx[2m > [22m[2mEditable Empty
[22m[39m[UnitContext] useEffect triggered {
  "authLoading": false,
  "hasUser": true,
  "id": "images-plugin-story-unit",
  "userSub": "mock-user-sub",
}
[90mstdout[2m | src/components/Editor3/plugins/ImagesPlugin.stories.jsx[2m > [22m[2mEditable Empty
[22m[39m[UnitContext] Fetching unit data for id: images-plugin-story-unit
[90mstdout[2m | src/components/Editor3/plugins/ImagesPlugin.stories.jsx[2m > [22m[2mEditable Empty
[22m[39m[FilesContext] Initializing vector store from IndexedDB
[90mstdout[2m | src/components/Editor3/plugins/ImagesPlugin.stories.jsx[2m > [22m[2mEditable Empty
[22m[39m[FilesContext] fetchFiles called
[90mstdout[2m | src/components/Editor3/plugins/ImagesPlugin.stories.jsx[2m > [22m[2mEditable Empty
[22m[39m[FilesContext] User authenticated: mock-user-sub
[90mstdout[2m | src/components/Editor3/plugins/ImagesPlugin.stories.jsx[2m > [22m[2mEditable Empty
[22m[39m[FilesContext] Identity ID: us-east-1:mock-identity-123
[90mstdout[2m | src/components/Editor3/plugins/ImagesPlugin.stories.jsx[2m > [22m[2mEditable Empty
[22m[39m[FilesContext] About to set up File observeQuery
[90mstdout[2m | src/components/Editor3/plugins/ImagesPlugin.stories.jsx[2m > [22m[2mEditable Empty
[22m[39m[ChatContext] Setting up AssistantChat observeQuery
[90mstdout[2m | src/components/Editor3/plugins/ImagesPlugin.stories.jsx[2m > [22m[2mEditable Empty
[22m[39m[ChatContext] Waiting for subscription to initialize
[90mstdout[2m | src/components/Editor3/plugins/ImagesPlugin.stories.jsx[2m > [22m[2mEditable Empty
[22m[39m[SettingsContext] Setting up Settings subscription for user: mock-user-sub
[90mstdout[2m | src/components/Editor3/plugins/ImagesPlugin.stories.jsx[2m > [22m[2mEditable Empty
[22m[39m[Mock Data] Settings created: mock-settings-1790418314328 - notified 0 subscribers
[90mstdout[2m | src/components/Editor3/plugins/ImagesPlugin.stories.jsx[2m > [22m[2mEditable Empty
[22m[39m[Mock Data] Unit.onUpdate() subscription added. Total: 1
[90mstdout[2m | src/components/Editor3/plugins/ImagesPlugin.stories.jsx[2m > [22m[2mEditable Empty
[22m[39m[SectionContext] Section observeQuery update: 0
[90mstdout[2m | src/components/Editor3/plugins/ImagesPlugin.stories.jsx[2m > [22m[2mEditable Empty
[22m[39m[FilesContext] File observeQuery update: 0 files
[90mstdout[2m | src/components/Editor3/plugins/ImagesPlugin.stories.jsx[2m > [22m[2mEditable Empty
[22m[39m[ChatContext] AssistantChat initialized with 0 chats
[90mstdout[2m | src/components/Editor3/plugins/ImagesPlugin.stories.jsx[2m > [22m[2mEditable Empty
[22m[39m[MOCK CourseVectorStore] Initialized with mock data
[90mstdout[2m | src/components/Editor3/plugins/ImagesPlugin.stories.jsx[2m > [22m[2mEditable Empty
[22m[39m[ChatContext] No current chat available, will create one
[90mstdout[2m | src/components/Editor3/plugins/ImagesPlugin.stories.jsx[2m > [22m[2mEditable Empty
[22m[39m[ChatContext] Creating AssistantChat with user: undefined
[90mstdout[2m | src/components/Editor3/plugins/ImagesPlugin.stories.jsx[2m > [22m[2mEditable Empty
[22m[39m[Mock Data] AssistantChat created: mock-assistantchat-1790418314343 - notified 1 subscribers
[90mstdout[2m | src/components/Editor3/plugins/ImagesPlugin.stories.jsx[2m > [22m[2mEditable Empty
[22m[39m[ChatContext] Create result: {
  "data": {
    "_version": 1,
    "archived": false,
    "chatFiles": [Function anonymous],
    "createdAt": "2026-09-26T10:25:14.343Z",
    "id": "mock-assistantchat-1790418314343",
    "model": "gpt-4",
    "updatedAt": "2026-09-26T10:25:14.343Z",
  },
  "errors": [],
  "hasData": true,
  "hasErrors": true,
}
[90mstdout[2m | src/components/Editor3/plugins/ImagesPlugin.stories.jsx[2m > [22m[2mEditable Empty
[22m[39m[ChatContext] Created AssistantChat: mock-assistantchat-1790418314343 at: 2026-09-26T10:25:14.343Z
[90mstdout[2m | src/components/Editor3/plugins/ImagesPlugin.stories.jsx[2m > [22m[2mEditable Empty
[22m[39m[Mock Storage] downloadData called with: undefined
[90mstdout[2m | src/components/Editor3/plugins/ImagesPlugin.stories.jsx[2m > [22m[2mEditable Empty
[22m[39m[ChatContext] Setting initial chat: mock-assistantchat-1790418314343
[90mstdout[2m | src/components/Editor3/plugins/ImagesPlugin.stories.jsx[2m > [22m[2mEditable Empty
[22m[39m[ChatContext] Chat exists and not archived, skipping creation
[90mstdout[2m | src/components/Editor3/plugins/ImagesPlugin.stories.jsx[2m > [22m[2mEditable With Image
[22m[39m[ChatContext] Cleaning up subscriptions
[90mstdout[2m | src/components/Editor3/plugins/ImagesPlugin.stories.jsx[2m > [22m[2mEditable With Image
[22m[39m[Mock Data] Unit.onUpdate() subscription removed. Remaining: 0
[90mstdout[2m | src/components/Editor3/plugins/ImagesPlugin.stories.jsx[2m > [22m[2mEditable With Image
[22m[39m[Preview] Skipped initializing default mock data (initializeMockData=false)
[90mstdout[2m | src/components/Editor3/plugins/ImagesPlugin.stories.jsx[2m > [22m[2mEditable With Image
[22m[39m[Mock Data] seedMockUnit: Adding unit images-plugin-story-unit
[90mstdout[2m | src/components/Editor3/plugins/ImagesPlugin.stories.jsx[2m > [22m[2mEditable With Image
[22m[39m[MOCK CourseVectorStore] Initialized with mock data
[90mstdout[2m | src/components/Editor3/plugins/ImagesPlugin.stories.jsx[2m > [22m[2mEditable With Image
[22m[39m[TranslationModeController] Setting mode to: off
[90mstdout[2m | src/components/Editor3/plugins/ImagesPlugin.stories.jsx[2m > [22m[2mEditable With Image
[22m[39m[UnitContext] useEffect triggered {
  "authLoading": false,
  "hasUser": true,
  "id": "images-plugin-story-unit",
  "userSub": "mock-user-sub",
}
[90mstdout[2m | src/components/Editor3/plugins/ImagesPlugin.stories.jsx[2m > [22m[2mEditable With Image
[22m[39m[UnitContext] Fetching unit data for id: images-plugin-story-unit
[90mstdout[2m | src/components/Editor3/plugins/ImagesPlugin.stories.jsx[2m > [22m[2mEditable With Image
[22m[39m[FilesContext] Initializing vector store from IndexedDB
[90mstdout[2m | src/components/Editor3/plugins/ImagesPlugin.stories.jsx[2m > [22m[2mEditable With Image
[22m[39m[FilesContext] fetchFiles called
[90mstdout[2m | src/components/Editor3/plugins/ImagesPlugin.stories.jsx[2m > [22m[2mEditable With Image
[22m[39m[FilesContext] User authenticated: mock-user-sub
[90mstdout[2m | src/components/Editor3/plugins/ImagesPlugin.stories.jsx[2m > [22m[2mEditable With Image
[22m[39m[FilesContext] Identity ID: us-east-1:mock-identity-123
[90mstdout[2m | src/components/Editor3/plugins/ImagesPlugin.stories.jsx[2m > [22m[2mEditable With Image
[22m[39m[FilesContext] About to set up File observeQuery
[90mstdout[2m | src/components/Editor3/plugins/ImagesPlugin.stories.jsx[2m > [22m[2mEditable With Image
[22m[39m[ChatContext] Setting up AssistantChat observeQuery
[90mstdout[2m | src/components/Editor3/plugins/ImagesPlugin.stories.jsx[2m > [22m[2mEditable With Image
[22m[39m[ChatContext] Waiting for subscription to initialize
[90mstdout[2m | src/components/Editor3/plugins/ImagesPlugin.stories.jsx[2m > [22m[2mEditable With Image
[22m[39m[SettingsContext] Setting up Settings subscription for user: mock-user-sub
[90mstdout[2m | src/components/Editor3/plugins/ImagesPlugin.stories.jsx[2m > [22m[2mEditable With Image
[22m[39m[Mock Data] Settings created: mock-settings-1790418314527 - notified 0 subscribers
[90mstdout[2m | src/components/Editor3/plugins/ImagesPlugin.stories.jsx[2m > [22m[2mEditable With Image
[22m[39m[Mock Data] Unit.onUpdate() subscription added. Total: 1
[90mstdout[2m | src/components/Editor3/plugins/ImagesPlugin.stories.jsx[2m > [22m[2mEditable With Image
[22m[39m[SectionContext] Section observeQuery update: 0
[90mstdout[2m | src/components/Editor3/plugins/ImagesPlugin.stories.jsx[2m > [22m[2mEditable With Image
[22m[39m[FilesContext] File observeQuery update: 0 files
[90mstdout[2m | src/components/Editor3/plugins/ImagesPlugin.stories.jsx[2m > [22m[2mEditable With Image
[22m[39m[ChatContext] AssistantChat initialized with 0 chats
[90mstdout[2m | src/components/Editor3/plugins/ImagesPlugin.stories.jsx[2m > [22m[2mEditable With Image
[22m[39m[MOCK CourseVectorStore] Initialized with mock data
[90mstdout[2m | src/components/Editor3/plugins/ImagesPlugin.stories.jsx[2m > [22m[2mEditable With Image
[22m[39m[ChatContext] No current chat available, will create one
[90mstdout[2m | src/components/Editor3/plugins/ImagesPlugin.stories.jsx[2m > [22m[2mEditable With Image
[22m[39m[ChatContext] Creating AssistantChat with user: undefined
[90mstdout[2m | src/components/Editor3/plugins/ImagesPlugin.stories.jsx[2m > [22m[2mEditable With Image
[22m[39m[Mock Data] AssistantChat created: mock-assistantchat-1790418314536 - notified 1 subscribers
[90mstdout[2m | src/components/Editor3/plugins/ImagesPlugin.stories.jsx[2m > [22m[2mEditable With Image
[22m[39m[ChatContext] Create result: {
  "data": {
    "_version": 1,
    "archived": false,
    "chatFiles": [Function anonymous],
    "createdAt": "2026-09-26T10:25:14.536Z",
    "id": "mock-assistantchat-1790418314536",
    "model": "gpt-4",
    "updatedAt": "2026-09-26T10:25:14.536Z",
  },
  "errors": [],
  "hasData": true,
  "hasErrors": true,
}
[90mstdout[2m | src/components/Editor3/plugins/ImagesPlugin.stories.jsx[2m > [22m[2mEditable With Image
[22m[39m[ChatContext] Created AssistantChat: mock-assistantchat-1790418314536 at: 2026-09-26T10:25:14.536Z
[90mstdout[2m | src/components/Editor3/plugins/ImagesPlugin.stories.jsx[2m > [22m[2mEditable With Image
[22m[39m[Mock Storage] downloadData called with: undefined
[90mstdout[2m | src/components/Editor3/plugins/ImagesPlugin.stories.jsx[2m > [22m[2mEditable With Image
[22m[39m[ChatContext] Setting initial chat: mock-assistantchat-1790418314536
[90mstdout[2m | src/components/Editor3/plugins/ImagesPlugin.stories.jsx[2m > [22m[2mEditable With Image
[22m[39m[ChatContext] Chat exists and not archived, skipping creation
[90mstdout[2m | src/components/Editor3/plugins/ImagesPlugin.stories.jsx[2m > [22m[2mRead Only With Image
[22m[39m[ChatContext] Cleaning up subscriptions
[90mstdout[2m | src/components/Editor3/plugins/ImagesPlugin.stories.jsx[2m > [22m[2mRead Only With Image
[22m[39m[Mock Data] Unit.onUpdate() subscription removed. Remaining: 0
[90mstdout[2m | src/components/Editor3/plugins/ImagesPlugin.stories.jsx[2m > [22m[2mRead Only With Image
[22m[39m[Preview] Skipped initializing default mock data (initializeMockData=false)
[90mstdout[2m | src/components/Editor3/plugins/ImagesPlugin.stories.jsx[2m > [22m[2mRead Only With Image
[22m[39m[Mock Data] seedMockUnit: Adding unit images-plugin-story-unit
[90mstdout[2m | src/components/Editor3/plugins/ImagesPlugin.stories.jsx[2m > [22m[2mRead Only With Image
[22m[39m[MOCK CourseVectorStore] Initialized with mock data
[90mstdout[2m | src/components/Editor3/plugins/ImagesPlugin.stories.jsx[2m > [22m[2mRead Only With Image
[22m[39m[TranslationModeController] Setting mode to: off
[90mstdout[2m | src/components/Editor3/plugins/ImagesPlugin.stories.jsx[2m > [22m[2mRead Only With Image
[22m[39m[UnitContext] useEffect triggered {
  "authLoading": false,
  "hasUser": true,
  "id": "images-plugin-story-unit",
  "userSub": "mock-user-sub",
}
[90mstdout[2m | src/components/Editor3/plugins/ImagesPlugin.stories.jsx[2m > [22m[2mRead Only With Image
[22m[39m[UnitContext] Fetching unit data for id: images-plugin-story-unit
[90mstdout[2m | src/components/Editor3/plugins/ImagesPlugin.stories.jsx[2m > [22m[2mRead Only With Image
[22m[39m[FilesContext] Initializing vector store from IndexedDB
[90mstdout[2m | src/components/Editor3/plugins/ImagesPlugin.stories.jsx[2m > [22m[2mRead Only With Image
[22m[39m[FilesContext] fetchFiles called
[90mstdout[2m | src/components/Editor3/plugins/ImagesPlugin.stories.jsx[2m > [22m[2mRead Only With Image
[22m[39m[FilesContext] User authenticated: mock-user-sub
[90mstdout[2m | src/components/Editor3/plugins/ImagesPlugin.stories.jsx[2m > [22m[2mRead Only With Image
[22m[39m[FilesContext] Identity ID: us-east-1:mock-identity-123
[90mstdout[2m | src/components/Editor3/plugins/ImagesPlugin.stories.jsx[2m > [22m[2mRead Only With Image
[22m[39m[FilesContext] About to set up File observeQuery
[90mstdout[2m | src/components/Editor3/plugins/ImagesPlugin.stories.jsx[2m > [22m[2mRead Only With Image
[22m[39m[ChatContext] Setting up AssistantChat observeQuery
[90mstdout[2m | src/components/Editor3/plugins/ImagesPlugin.stories.jsx[2m > [22m[2mRead Only With Image
[22m[39m[ChatContext] Waiting for subscription to initialize
[90mstdout[2m | src/components/Editor3/plugins/ImagesPlugin.stories.jsx[2m > [22m[2mRead Only With Image
[22m[39m[SettingsContext] Setting up Settings subscription for user: mock-user-sub
[90mstdout[2m | src/components/Editor3/plugins/ImagesPlugin.stories.jsx[2m > [22m[2mRead Only With Image
[22m[39m[Mock Data] Settings created: mock-settings-1790418314732 - notified 0 subscribers
[90mstdout[2m | src/components/Editor3/plugins/ImagesPlugin.stories.jsx[2m > [22m[2mRead Only With Image
[22m[39m[Mock Data] Unit.onUpdate() subscription added. Total: 1
[90mstdout[2m | src/components/Editor3/plugins/ImagesPlugin.stories.jsx[2m > [22m[2mRead Only With Image
[22m[39m[SectionContext] Section observeQuery update: 0
[90mstdout[2m | src/components/Editor3/plugins/ImagesPlugin.stories.jsx[2m > [22m[2mRead Only With Image
[22m[39m[FilesContext] File observeQuery update: 0 files
[90mstdout[2m | src/components/Editor3/plugins/ImagesPlugin.stories.jsx[2m > [22m[2mRead Only With Image
[22m[39m[ChatContext] AssistantChat initialized with 0 chats
[90mstdout[2m | src/components/Editor3/plugins/ImagesPlugin.stories.jsx[2m > [22m[2mRead Only With Image
[22m[39m[MOCK CourseVectorStore] Initialized with mock data
[90mstdout[2m | src/components/Editor3/plugins/ImagesPlugin.stories.jsx[2m > [22m[2mRead Only With Image
[22m[39m[ChatContext] No current chat available, will create one
[90mstdout[2m | src/components/Editor3/plugins/ImagesPlugin.stories.jsx[2m > [22m[2mRead Only With Image
[22m[39m[ChatContext] Creating AssistantChat with user: undefined
[90mstdout[2m | src/components/Editor3/plugins/ImagesPlugin.stories.jsx[2m > [22m[2mRead Only With Image
[22m[39m[Mock Data] AssistantChat created: mock-assistantchat-1790418314744 - notified 1 subscribers
[90mstdout[2m | src/components/Editor3/plugins/ImagesPlugin.stories.jsx[2m > [22m[2mRead Only With Image
[22m[39m[ChatContext] Create result: {
  "data": {
    "_version": 1,
    "archived": false,
    "chatFiles": [Function anonymous],
    "createdAt": "2026-09-26T10:25:14.744Z",
    "id": "mock-assistantchat-1790418314744",
    "model": "gpt-4",
    "updatedAt": "2026-09-26T10:25:14.744Z",
  },
  "errors": [],
  "hasData": true,
  "hasErrors": true,
}
[90mstdout[2m | src/components/Editor3/plugins/ImagesPlugin.stories.jsx[2m > [22m[2mRead Only With Image
[22m[39m[ChatContext] Created AssistantChat: mock-assistantchat-1790418314744 at: 2026-09-26T10:25:14.744Z
[90mstdout[2m | src/components/Editor3/plugins/ImagesPlugin.stories.jsx[2m > [22m[2mRead Only With Image
[22m[39m[Mock Storage] downloadData called with: undefined
[90mstdout[2m | src/components/Editor3/plugins/ImagesPlugin.stories.jsx[2m > [22m[2mRead Only With Image
[22m[39m[ChatContext] Setting initial chat: mock-assistantchat-1790418314744
[90mstdout[2m | src/components/Editor3/plugins/ImagesPlugin.stories.jsx[2m > [22m[2mRead Only With Image
[22m[39m[ChatContext] Chat exists and not archived, skipping creation
 [32m✓[39m [30m[45m storybook (chromium) [49m[39m src/components/Editor3/plugins/ImagesPlugin.stories.jsx [2m([22m[2m3 tests[22m[2m)[22m[33m 582[2mms[22m[39m
[90mstdout[2m | unknown test
[22m[39m[MOCK vectorStoreDB.js] Module loaded - mock IndexedDB operations
[90mstdout[2m | unknown test
[22m[39m[Task Completion] DOM action listeners initialized
[90mstdout[2m | unknown test
[22m[39m[Task Completion] Auto-completion detector initialized
[90mstdout[2m | unknown test
[22m[39m[Preview] Task completion detector initialized
[90mstdout[2m | src/components/Gamification/GamificationToastLayer.stories.tsx[2m > [22m[2mIdle
[22m[39m[MOCK CourseVectorStore] Initialized with mock data
[90mstdout[2m | src/components/Gamification/GamificationToastLayer.stories.tsx[2m > [22m[2mIdle
[22m[39m[TranslationModeController] Setting mode to: off
[90mstdout[2m | src/components/Gamification/GamificationToastLayer.stories.tsx[2m > [22m[2mIdle
[22m[39m[UnitContext] useEffect triggered {
  "authLoading": false,
  "hasUser": true,
  "id": "mock-unit-id",
  "userSub": "mock-user-sub",
}
[90mstdout[2m | src/components/Gamification/GamificationToastLayer.stories.tsx[2m > [22m[2mIdle
[22m[39m[UnitContext] Fetching unit data for id: mock-unit-id
[90mstdout[2m | src/components/Gamification/GamificationToastLayer.stories.tsx[2m > [22m[2mIdle
[22m[39m[FilesContext] Initializing vector store from IndexedDB
[90mstdout[2m | src/components/Gamification/GamificationToastLayer.stories.tsx[2m > [22m[2mIdle
[22m[39m[FilesContext] fetchFiles called
[90mstdout[2m | src/components/Gamification/GamificationToastLayer.stories.tsx[2m > [22m[2mIdle
[22m[39m[FilesContext] User authenticated: mock-user-sub
[90mstdout[2m | src/components/Gamification/GamificationToastLayer.stories.tsx[2m > [22m[2mIdle
[22m[39m[FilesContext] Identity ID: us-east-1:mock-identity-123
[90mstdout[2m | src/components/Gamification/GamificationToastLayer.stories.tsx[2m > [22m[2mIdle
[22m[39m[FilesContext] About to set up File observeQuery
[90mstdout[2m | src/components/Gamification/GamificationToastLayer.stories.tsx[2m > [22m[2mIdle
[22m[39m[ChatContext] Setting up AssistantChat observeQuery
[90mstdout[2m | src/components/Gamification/GamificationToastLayer.stories.tsx[2m > [22m[2mIdle
[22m[39m[ChatContext] Waiting for subscription to initialize
[90mstdout[2m | src/components/Gamification/GamificationToastLayer.stories.tsx[2m > [22m[2mIdle
[22m[39m[SettingsContext] Setting up Settings subscription for user: mock-user-sub
[90mstdout[2m | src/components/Gamification/GamificationToastLayer.stories.tsx[2m > [22m[2mIdle
[22m[39m[Mock Data] Settings created: mock-settings-1790418315963 - notified 0 subscribers
[90mstdout[2m | src/components/Gamification/GamificationToastLayer.stories.tsx[2m > [22m[2mIdle
[22m[39m[Mock Data] Unit.onUpdate() subscription added. Total: 1
[90mstdout[2m | src/components/Gamification/GamificationToastLayer.stories.tsx[2m > [22m[2mIdle
[22m[39m[SectionContext] Section observeQuery update: 0
[90mstdout[2m | src/components/Gamification/GamificationToastLayer.stories.tsx[2m > [22m[2mIdle
[22m[39m[FilesContext] File observeQuery update: 6 files
[90mstdout[2m | src/components/Gamification/GamificationToastLayer.stories.tsx[2m > [22m[2mIdle
[22m[39m[ChatContext] AssistantChat initialized with 1 chats
[90mstdout[2m | src/components/Gamification/GamificationToastLayer.stories.tsx[2m > [22m[2mIdle
[22m[39m[ChatContext] Setting initial chat: mock-assistant-chat-1
[90mstdout[2m | src/components/Gamification/GamificationToastLayer.stories.tsx[2m > [22m[2mIdle
[22m[39m[MOCK CourseVectorStore] Initialized with mock data
[90mstdout[2m | src/components/Gamification/GamificationToastLayer.stories.tsx[2m > [22m[2mIdle
[22m[39m[FilesContext] Vector store population triggered {
  "currentVectorStoreSize": 3,
  "documentsCount": 0,
  "filesCount": 6,
  "isInitialLoad": true,
}
[90mstdout[2m | src/components/Gamification/GamificationToastLayer.stories.tsx[2m > [22m[2mIdle
[22m[39m[FilesContext] Vector store population complete - 3 total embeddings
[90mstdout[2m | src/components/Gamification/GamificationToastLayer.stories.tsx[2m > [22m[2mIdle
[22m[39m[ChatContext] Chat exists and not archived, skipping creation
[90mstdout[2m | src/components/Gamification/GamificationToastLayer.stories.tsx[2m > [22m[2mIdle
[22m[39m[Mock Storage] downloadData called with: undefined
[90mstdout[2m | src/components/Gamification/GamificationToastLayer.stories.tsx[2m > [22m[2mBadge Awarded
[22m[39m[ChatContext] Cleaning up subscriptions
[90mstdout[2m | src/components/Gamification/GamificationToastLayer.stories.tsx[2m > [22m[2mBadge Awarded
[22m[39m[Mock Data] Unit.onUpdate() subscription removed. Remaining: 0
[90mstdout[2m | src/components/Gamification/GamificationToastLayer.stories.tsx[2m > [22m[2mBadge Awarded
[22m[39m[MOCK CourseVectorStore] Initialized with mock data
[90mstdout[2m | src/components/Gamification/GamificationToastLayer.stories.tsx[2m > [22m[2mBadge Awarded
[22m[39m[TranslationModeController] Setting mode to: off
[90mstdout[2m | src/components/Gamification/GamificationToastLayer.stories.tsx[2m > [22m[2mBadge Awarded
[22m[39m[UnitContext] useEffect triggered {
  "authLoading": false,
  "hasUser": true,
  "id": "mock-unit-id",
  "userSub": "mock-user-sub",
}
[90mstdout[2m | src/components/Gamification/GamificationToastLayer.stories.tsx[2m > [22m[2mBadge Awarded
[22m[39m[UnitContext] Fetching unit data for id: mock-unit-id
[90mstdout[2m | src/components/Gamification/GamificationToastLayer.stories.tsx[2m > [22m[2mBadge Awarded
[22m[39m[FilesContext] Initializing vector store from IndexedDB
[90mstdout[2m | src/components/Gamification/GamificationToastLayer.stories.tsx[2m > [22m[2mBadge Awarded
[22m[39m[FilesContext] fetchFiles called
[90mstdout[2m | src/components/Gamification/GamificationToastLayer.stories.tsx[2m > [22m[2mBadge Awarded
[22m[39m[FilesContext] User authenticated: mock-user-sub
[90mstdout[2m | src/components/Gamification/GamificationToastLayer.stories.tsx[2m > [22m[2mBadge Awarded
[22m[39m[FilesContext] Identity ID: us-east-1:mock-identity-123
[90mstdout[2m | src/components/Gamification/GamificationToastLayer.stories.tsx[2m > [22m[2mBadge Awarded
[22m[39m[FilesContext] About to set up File observeQuery
[90mstdout[2m | src/components/Gamification/GamificationToastLayer.stories.tsx[2m > [22m[2mBadge Awarded
[22m[39m[ChatContext] Setting up AssistantChat observeQuery
[90mstdout[2m | src/components/Gamification/GamificationToastLayer.stories.tsx[2m > [22m[2mBadge Awarded
[22m[39m[ChatContext] Waiting for subscription to initialize
[90mstdout[2m | src/components/Gamification/GamificationToastLayer.stories.tsx[2m > [22m[2mBadge Awarded
[22m[39m[SettingsContext] Setting up Settings subscription for user: mock-user-sub
[90mstdout[2m | src/components/Gamification/GamificationToastLayer.stories.tsx[2m > [22m[2mBadge Awarded
[22m[39m[Mock Data] Settings created: mock-settings-1790418316112 - notified 0 subscribers
[90mstdout[2m | src/components/Gamification/GamificationToastLayer.stories.tsx[2m > [22m[2mBadge Awarded
[22m[39m[Mock Data] Unit.onUpdate() subscription added. Total: 1
[90mstdout[2m | src/components/Gamification/GamificationToastLayer.stories.tsx[2m > [22m[2mBadge Awarded
[22m[39m[SectionContext] Section observeQuery update: 0
[90mstdout[2m | src/components/Gamification/GamificationToastLayer.stories.tsx[2m > [22m[2mBadge Awarded
[22m[39m[FilesContext] File observeQuery update: 6 files
[90mstdout[2m | src/components/Gamification/GamificationToastLayer.stories.tsx[2m > [22m[2mBadge Awarded
[22m[39m[MOCK CourseVectorStore] Initialized with mock data
[90mstdout[2m | src/components/Gamification/GamificationToastLayer.stories.tsx[2m > [22m[2mBadge Awarded
[22m[39m[FilesContext] Vector store population triggered {
  "currentVectorStoreSize": 3,
  "documentsCount": 0,
  "filesCount": 6,
  "isInitialLoad": true,
}
[90mstdout[2m | src/components/Gamification/GamificationToastLayer.stories.tsx[2m > [22m[2mBadge Awarded
[22m[39m[FilesContext] Vector store population complete - 3 total embeddings
[90mstdout[2m | src/components/Gamification/GamificationToastLayer.stories.tsx[2m > [22m[2mBadge Awarded
[22m[39m[ChatContext] AssistantChat initialized with 1 chats
[90mstdout[2m | src/components/Gamification/GamificationToastLayer.stories.tsx[2m > [22m[2mBadge Awarded
[22m[39m[ChatContext] Setting initial chat: mock-assistant-chat-1
[90mstdout[2m | src/components/Gamification/GamificationToastLayer.stories.tsx[2m > [22m[2mBadge Awarded
[22m[39m[Mock Storage] downloadData called with: undefined
[90mstdout[2m | src/components/Gamification/GamificationToastLayer.stories.tsx[2m > [22m[2mBadge Awarded
[22m[39m[ChatContext] Chat exists and not archived, skipping creation
[90mstdout[2m | src/components/Gamification/GamificationToastLayer.stories.tsx[2m > [22m[2mEaster Egg
[22m[39m[ChatContext] Cleaning up subscriptions
[90mstdout[2m | src/components/Gamification/GamificationToastLayer.stories.tsx[2m > [22m[2mEaster Egg
[22m[39m[Mock Data] Unit.onUpdate() subscription removed. Remaining: 0
[90mstdout[2m | src/components/Gamification/GamificationToastLayer.stories.tsx[2m > [22m[2mEaster Egg
[22m[39m[MOCK CourseVectorStore] Initialized with mock data
[90mstdout[2m | src/components/Gamification/GamificationToastLayer.stories.tsx[2m > [22m[2mEaster Egg
[22m[39m[TranslationModeController] Setting mode to: off
[90mstdout[2m | src/components/Gamification/GamificationToastLayer.stories.tsx[2m > [22m[2mEaster Egg
[22m[39m[UnitContext] useEffect triggered {
  "authLoading": false,
  "hasUser": true,
  "id": "mock-unit-id",
  "userSub": "mock-user-sub",
}
[90mstdout[2m | src/components/Gamification/GamificationToastLayer.stories.tsx[2m > [22m[2mEaster Egg
[22m[39m[UnitContext] Fetching unit data for id: mock-unit-id
[90mstdout[2m | src/components/Gamification/GamificationToastLayer.stories.tsx[2m > [22m[2mEaster Egg
[22m[39m[FilesContext] Initializing vector store from IndexedDB
[90mstdout[2m | src/components/Gamification/GamificationToastLayer.stories.tsx[2m > [22m[2mEaster Egg
[22m[39m[FilesContext] fetchFiles called
[90mstdout[2m | src/components/Gamification/GamificationToastLayer.stories.tsx[2m > [22m[2mEaster Egg
[22m[39m[FilesContext] User authenticated: mock-user-sub
[90mstdout[2m | src/components/Gamification/GamificationToastLayer.stories.tsx[2m > [22m[2mEaster Egg
[22m[39m[FilesContext] Identity ID: us-east-1:mock-identity-123
[90mstdout[2m | src/components/Gamification/GamificationToastLayer.stories.tsx[2m > [22m[2mEaster Egg
[22m[39m[FilesContext] About to set up File observeQuery
[90mstdout[2m | src/components/Gamification/GamificationToastLayer.stories.tsx[2m > [22m[2mEaster Egg
[22m[39m[ChatContext] Setting up AssistantChat observeQuery
[90mstdout[2m | src/components/Gamification/GamificationToastLayer.stories.tsx[2m > [22m[2mEaster Egg
[22m[39m[ChatContext] Waiting for subscription to initialize
[90mstdout[2m | src/components/Gamification/GamificationToastLayer.stories.tsx[2m > [22m[2mEaster Egg
[22m[39m[SettingsContext] Setting up Settings subscription for user: mock-user-sub
[90mstdout[2m | src/components/Gamification/GamificationToastLayer.stories.tsx[2m > [22m[2mEaster Egg
[22m[39m[Mock Data] Settings created: mock-settings-1790418316224 - notified 0 subscribers
[90mstdout[2m | src/components/Gamification/GamificationToastLayer.stories.tsx[2m > [22m[2mEaster Egg
[22m[39m[Mock Data] Unit.onUpdate() subscription added. Total: 1
[90mstdout[2m | src/components/Gamification/GamificationToastLayer.stories.tsx[2m > [22m[2mEaster Egg
[22m[39m[SectionContext] Section observeQuery update: 0
[90mstdout[2m | src/components/Gamification/GamificationToastLayer.stories.tsx[2m > [22m[2mEaster Egg
[22m[39m[Mock Storage] downloadData called with: undefined
[90mstdout[2m | src/components/Gamification/GamificationToastLayer.stories.tsx[2m > [22m[2mEaster Egg
[22m[39m[FilesContext] File observeQuery update: 6 files
[90mstdout[2m | src/components/Gamification/GamificationToastLayer.stories.tsx[2m > [22m[2mEaster Egg
[22m[39m[ChatContext] AssistantChat initialized with 1 chats
[90mstdout[2m | src/components/Gamification/GamificationToastLayer.stories.tsx[2m > [22m[2mEaster Egg
[22m[39m[ChatContext] Setting initial chat: mock-assistant-chat-1
[90mstdout[2m | src/components/Gamification/GamificationToastLayer.stories.tsx[2m > [22m[2mEaster Egg
[22m[39m[MOCK CourseVectorStore] Initialized with mock data
[90mstdout[2m | src/components/Gamification/GamificationToastLayer.stories.tsx[2m > [22m[2mEaster Egg
[22m[39m[FilesContext] Vector store population triggered {
  "currentVectorStoreSize": 3,
  "documentsCount": 0,
  "filesCount": 6,
  "isInitialLoad": true,
}
[90mstdout[2m | src/components/Gamification/GamificationToastLayer.stories.tsx[2m > [22m[2mEaster Egg
[22m[39m[FilesContext] Vector store population complete - 3 total embeddings
[90mstdout[2m | src/components/Gamification/GamificationToastLayer.stories.tsx[2m > [22m[2mEaster Egg
[22m[39m[ChatContext] Chat exists and not archived, skipping creation
[90mstdout[2m | src/components/Gamification/GamificationToastLayer.stories.tsx[2m > [22m[2mRank Change
[22m[39m[ChatContext] Cleaning up subscriptions
[90mstdout[2m | src/components/Gamification/GamificationToastLayer.stories.tsx[2m > [22m[2mRank Change
[22m[39m[Mock Data] Unit.onUpdate() subscription removed. Remaining: 0
[90mstdout[2m | src/components/Gamification/GamificationToastLayer.stories.tsx[2m > [22m[2mRank Change
[22m[39m[MOCK CourseVectorStore] Initialized with mock data
[90mstdout[2m | src/components/Gamification/GamificationToastLayer.stories.tsx[2m > [22m[2mRank Change
[22m[39m[TranslationModeController] Setting mode to: off
[90mstdout[2m | src/components/Gamification/GamificationToastLayer.stories.tsx[2m > [22m[2mRank Change
[22m[39m[UnitContext] useEffect triggered {
  "authLoading": false,
  "hasUser": true,
  "id": "mock-unit-id",
  "userSub": "mock-user-sub",
}
[90mstdout[2m | src/components/Gamification/GamificationToastLayer.stories.tsx[2m > [22m[2mRank Change
[22m[39m[UnitContext] Fetching unit data for id: mock-unit-id
[90mstdout[2m | src/components/Gamification/GamificationToastLayer.stories.tsx[2m > [22m[2mRank Change
[22m[39m[FilesContext] Initializing vector store from IndexedDB
[90mstdout[2m | src/components/Gamification/GamificationToastLayer.stories.tsx[2m > [22m[2mRank Change
[22m[39m[FilesContext] fetchFiles called
[90mstdout[2m | src/components/Gamification/GamificationToastLayer.stories.tsx[2m > [22m[2mRank Change
[22m[39m[FilesContext] User authenticated: mock-user-sub
[90mstdout[2m | src/components/Gamification/GamificationToastLayer.stories.tsx[2m > [22m[2mRank Change
[22m[39m[FilesContext] Identity ID: us-east-1:mock-identity-123
[90mstdout[2m | src/components/Gamification/GamificationToastLayer.stories.tsx[2m > [22m[2mRank Change
[22m[39m[FilesContext] About to set up File observeQuery
[90mstdout[2m | src/components/Gamification/GamificationToastLayer.stories.tsx[2m > [22m[2mRank Change
[22m[39m[ChatContext] Setting up AssistantChat observeQuery
[90mstdout[2m | src/components/Gamification/GamificationToastLayer.stories.tsx[2m > [22m[2mRank Change
[22m[39m[ChatContext] Waiting for subscription to initialize
[90mstdout[2m | src/components/Gamification/GamificationToastLayer.stories.tsx[2m > [22m[2mRank Change
[22m[39m[SettingsContext] Setting up Settings subscription for user: mock-user-sub
[90mstdout[2m | src/components/Gamification/GamificationToastLayer.stories.tsx[2m > [22m[2mRank Change
[22m[39m[Mock Data] Settings created: mock-settings-1790418316334 - notified 0 subscribers
[90mstdout[2m | src/components/Gamification/GamificationToastLayer.stories.tsx[2m > [22m[2mRank Change
[22m[39m[Mock Data] Unit.onUpdate() subscription added. Total: 1
[90mstdout[2m | src/components/Gamification/GamificationToastLayer.stories.tsx[2m > [22m[2mRank Change
[22m[39m[SectionContext] Section observeQuery update: 0
[90mstdout[2m | src/components/Gamification/GamificationToastLayer.stories.tsx[2m > [22m[2mRank Change
[22m[39m[FilesContext] File observeQuery update: 6 files
[90mstdout[2m | src/components/Gamification/GamificationToastLayer.stories.tsx[2m > [22m[2mRank Change
[22m[39m[ChatContext] AssistantChat initialized with 1 chats
[90mstdout[2m | src/components/Gamification/GamificationToastLayer.stories.tsx[2m > [22m[2mRank Change
[22m[39m[ChatContext] Setting initial chat: mock-assistant-chat-1
[90mstdout[2m | src/components/Gamification/GamificationToastLayer.stories.tsx[2m > [22m[2mRank Change
[22m[39m[Mock Storage] downloadData called with: undefined
[90mstdout[2m | src/components/Gamification/GamificationToastLayer.stories.tsx[2m > [22m[2mRank Change
[22m[39m[MOCK CourseVectorStore] Initialized with mock data
[90mstdout[2m | src/components/Gamification/GamificationToastLayer.stories.tsx[2m > [22m[2mRank Change
[22m[39m[FilesContext] Vector store population triggered {
  "currentVectorStoreSize": 3,
  "documentsCount": 0,
  "filesCount": 6,
  "isInitialLoad": true,
}
[90mstdout[2m | src/components/Gamification/GamificationToastLayer.stories.tsx[2m > [22m[2mRank Change
[22m[39m[FilesContext] Vector store population complete - 3 total embeddings
[90mstdout[2m | src/components/Gamification/GamificationToastLayer.stories.tsx[2m > [22m[2mRank Change
[22m[39m[ChatContext] Chat exists and not archived, skipping creation
 [32m✓[39m [30m[45m storybook (chromium) [49m[39m src/components/Gamification/GamificationToastLayer.stories.tsx [2m([22m[2m4 tests[22m[2m)[22m[33m 470[2mms[22m[39m
[90mstdout[2m | unknown test
[22m[39m[MOCK vectorStoreDB.js] Module loaded - mock IndexedDB operations
[90mstdout[2m | unknown test
[22m[39m[Task Completion] DOM action listeners initialized
[90mstdout[2m | unknown test
[22m[39m[Task Completion] Auto-completion detector initialized
[90mstdout[2m | unknown test
[22m[39m[Preview] Task completion detector initialized
[90mstdout[2m | src/components/Editor3/plugins/TablePlugin.stories.jsx[2m > [22m[2mEditable Empty
[22m[39m[Preview] Skipped initializing default mock data (initializeMockData=false)
[90mstdout[2m | src/components/Editor3/plugins/TablePlugin.stories.jsx[2m > [22m[2mEditable Empty
[22m[39m[Mock Data] seedMockUnit: Adding unit table-plugin-story-unit
[90mstdout[2m | src/components/Editor3/plugins/TablePlugin.stories.jsx[2m > [22m[2mEditable Empty
[22m[39m[MOCK CourseVectorStore] Initialized with mock data
[90mstdout[2m | src/components/Editor3/plugins/TablePlugin.stories.jsx[2m > [22m[2mEditable Empty
[22m[39m[TranslationModeController] Setting mode to: off
[90mstdout[2m | src/components/Editor3/plugins/TablePlugin.stories.jsx[2m > [22m[2mEditable Empty
[22m[39m[UnitContext] useEffect triggered {
  "authLoading": false,
  "hasUser": true,
  "id": "table-plugin-story-unit",
  "userSub": "mock-user-sub",
}
[90mstdout[2m | src/components/Editor3/plugins/TablePlugin.stories.jsx[2m > [22m[2mEditable Empty
[22m[39m[UnitContext] Fetching unit data for id: table-plugin-story-unit
[90mstdout[2m | src/components/Editor3/plugins/TablePlugin.stories.jsx[2m > [22m[2mEditable Empty
[22m[39m[FilesContext] Initializing vector store from IndexedDB
[90mstdout[2m | src/components/Editor3/plugins/TablePlugin.stories.jsx[2m > [22m[2mEditable Empty
[22m[39m[FilesContext] fetchFiles called
[90mstdout[2m | src/components/Editor3/plugins/TablePlugin.stories.jsx[2m > [22m[2mEditable Empty
[22m[39m[FilesContext] User authenticated: mock-user-sub
[90mstdout[2m | src/components/Editor3/plugins/TablePlugin.stories.jsx[2m > [22m[2mEditable Empty
[22m[39m[FilesContext] Identity ID: us-east-1:mock-identity-123
[90mstdout[2m | src/components/Editor3/plugins/TablePlugin.stories.jsx[2m > [22m[2mEditable Empty
[22m[39m[FilesContext] About to set up File observeQuery
[90mstdout[2m | src/components/Editor3/plugins/TablePlugin.stories.jsx[2m > [22m[2mEditable Empty
[22m[39m[ChatContext] Setting up AssistantChat observeQuery
[90mstdout[2m | src/components/Editor3/plugins/TablePlugin.stories.jsx[2m > [22m[2mEditable Empty
[22m[39m[ChatContext] Waiting for subscription to initialize
[90mstdout[2m | src/components/Editor3/plugins/TablePlugin.stories.jsx[2m > [22m[2mEditable Empty
[22m[39m[SettingsContext] Setting up Settings subscription for user: mock-user-sub
[90mstdout[2m | src/components/Editor3/plugins/TablePlugin.stories.jsx[2m > [22m[2mEditable Empty
[22m[39m[Mock Data] Settings created: mock-settings-1790418317346 - notified 0 subscribers
[90mstdout[2m | src/components/Editor3/plugins/TablePlugin.stories.jsx[2m > [22m[2mEditable Empty
[22m[39m[Mock Data] Unit.onUpdate() subscription added. Total: 1
[90mstdout[2m | src/components/Editor3/plugins/TablePlugin.stories.jsx[2m > [22m[2mEditable Empty
[22m[39m[SectionContext] Section observeQuery update: 0
[90mstdout[2m | src/components/Editor3/plugins/TablePlugin.stories.jsx[2m > [22m[2mEditable Empty
[22m[39m[FilesContext] File observeQuery update: 0 files
[90mstdout[2m | src/components/Editor3/plugins/TablePlugin.stories.jsx[2m > [22m[2mEditable Empty
[22m[39m[ChatContext] AssistantChat initialized with 0 chats
[90mstdout[2m | src/components/Editor3/plugins/TablePlugin.stories.jsx[2m > [22m[2mEditable Empty
[22m[39m[MOCK CourseVectorStore] Initialized with mock data
[90mstdout[2m | src/components/Editor3/plugins/TablePlugin.stories.jsx[2m > [22m[2mEditable Empty
[22m[39m[ChatContext] No current chat available, will create one
[90mstdout[2m | src/components/Editor3/plugins/TablePlugin.stories.jsx[2m > [22m[2mEditable Empty
[22m[39m[ChatContext] Creating AssistantChat with user: undefined
[90mstdout[2m | src/components/Editor3/plugins/TablePlugin.stories.jsx[2m > [22m[2mEditable Empty
[22m[39m[Mock Data] AssistantChat created: mock-assistantchat-1790418317358 - notified 1 subscribers
[90mstdout[2m | src/components/Editor3/plugins/TablePlugin.stories.jsx[2m > [22m[2mEditable Empty
[22m[39m[ChatContext] Create result: {
  "data": {
    "_version": 1,
    "archived": false,
    "chatFiles": [Function anonymous],
    "createdAt": "2026-09-26T10:25:17.358Z",
    "id": "mock-assistantchat-1790418317358",
    "model": "gpt-4",
    "updatedAt": "2026-09-26T10:25:17.358Z",
  },
  "errors": [],
  "hasData": true,
  "hasErrors": true,
}
[90mstdout[2m | src/components/Editor3/plugins/TablePlugin.stories.jsx[2m > [22m[2mEditable Empty
[22m[39m[ChatContext] Created AssistantChat: mock-assistantchat-1790418317358 at: 2026-09-26T10:25:17.358Z
[90mstdout[2m | src/components/Editor3/plugins/TablePlugin.stories.jsx[2m > [22m[2mEditable Empty
[22m[39m[Mock Storage] downloadData called with: undefined
[90mstdout[2m | src/components/Editor3/plugins/TablePlugin.stories.jsx[2m > [22m[2mEditable Empty
[22m[39m[ChatContext] Setting initial chat: mock-assistantchat-1790418317358
[90mstdout[2m | src/components/Editor3/plugins/TablePlugin.stories.jsx[2m > [22m[2mEditable Empty
[22m[39m[ChatContext] Chat exists and not archived, skipping creation
[90mstdout[2m | src/components/Editor3/plugins/TablePlugin.stories.jsx[2m > [22m[2mEditable With Table
[22m[39m[ChatContext] Cleaning up subscriptions
[90mstdout[2m | src/components/Editor3/plugins/TablePlugin.stories.jsx[2m > [22m[2mEditable With Table
[22m[39m[Mock Data] Unit.onUpdate() subscription removed. Remaining: 0
[90mstdout[2m | src/components/Editor3/plugins/TablePlugin.stories.jsx[2m > [22m[2mEditable With Table
[22m[39m[Preview] Skipped initializing default mock data (initializeMockData=false)
[90mstdout[2m | src/components/Editor3/plugins/TablePlugin.stories.jsx[2m > [22m[2mEditable With Table
[22m[39m[Mock Data] seedMockUnit: Adding unit table-plugin-story-unit
[90mstdout[2m | src/components/Editor3/plugins/TablePlugin.stories.jsx[2m > [22m[2mEditable With Table
[22m[39m[MOCK CourseVectorStore] Initialized with mock data
[90mstdout[2m | src/components/Editor3/plugins/TablePlugin.stories.jsx[2m > [22m[2mEditable With Table
[22m[39m[TranslationModeController] Setting mode to: off
[90mstdout[2m | src/components/Editor3/plugins/TablePlugin.stories.jsx[2m > [22m[2mEditable With Table
[22m[39m[UnitContext] useEffect triggered {
  "authLoading": false,
  "hasUser": true,
  "id": "table-plugin-story-unit",
  "userSub": "mock-user-sub",
}
[90mstdout[2m | src/components/Editor3/plugins/TablePlugin.stories.jsx[2m > [22m[2mEditable With Table
[22m[39m[UnitContext] Fetching unit data for id: table-plugin-story-unit
[90mstdout[2m | src/components/Editor3/plugins/TablePlugin.stories.jsx[2m > [22m[2mEditable With Table
[22m[39m[FilesContext] Initializing vector store from IndexedDB
[90mstdout[2m | src/components/Editor3/plugins/TablePlugin.stories.jsx[2m > [22m[2mEditable With Table
[22m[39m[FilesContext] fetchFiles called
[90mstdout[2m | src/components/Editor3/plugins/TablePlugin.stories.jsx[2m > [22m[2mEditable With Table
[22m[39m[FilesContext] User authenticated: mock-user-sub
[90mstdout[2m | src/components/Editor3/plugins/TablePlugin.stories.jsx[2m > [22m[2mEditable With Table
[22m[39m[FilesContext] Identity ID: us-east-1:mock-identity-123
[90mstdout[2m | src/components/Editor3/plugins/TablePlugin.stories.jsx[2m > [22m[2mEditable With Table
[22m[39m[FilesContext] About to set up File observeQuery
[90mstdout[2m | src/components/Editor3/plugins/TablePlugin.stories.jsx[2m > [22m[2mEditable With Table
[22m[39m[ChatContext] Setting up AssistantChat observeQuery
[90mstdout[2m | src/components/Editor3/plugins/TablePlugin.stories.jsx[2m > [22m[2mEditable With Table
[22m[39m[ChatContext] Waiting for subscription to initialize
[90mstdout[2m | src/components/Editor3/plugins/TablePlugin.stories.jsx[2m > [22m[2mEditable With Table
[22m[39m[SettingsContext] Setting up Settings subscription for user: mock-user-sub
[90mstdout[2m | src/components/Editor3/plugins/TablePlugin.stories.jsx[2m > [22m[2mEditable With Table
[22m[39m[Mock Data] Settings created: mock-settings-1790418317512 - notified 0 subscribers
[90mstdout[2m | src/components/Editor3/plugins/TablePlugin.stories.jsx[2m > [22m[2mEditable With Table
[22m[39m[Mock Data] Unit.onUpdate() subscription added. Total: 1
[90mstdout[2m | src/components/Editor3/plugins/TablePlugin.stories.jsx[2m > [22m[2mEditable With Table
[22m[39m[SectionContext] Section observeQuery update: 0
[90mstdout[2m | src/components/Editor3/plugins/TablePlugin.stories.jsx[2m > [22m[2mEditable With Table
[22m[39m[FilesContext] File observeQuery update: 0 files
[90mstdout[2m | src/components/Editor3/plugins/TablePlugin.stories.jsx[2m > [22m[2mEditable With Table
[22m[39m[MOCK CourseVectorStore] Initialized with mock data
[90mstdout[2m | src/components/Editor3/plugins/TablePlugin.stories.jsx[2m > [22m[2mEditable With Table
[22m[39m[ChatContext] AssistantChat initialized with 0 chats
[90mstdout[2m | src/components/Editor3/plugins/TablePlugin.stories.jsx[2m > [22m[2mEditable With Table
[22m[39m[Mock Storage] downloadData called with: undefined
[90mstdout[2m | src/components/Editor3/plugins/TablePlugin.stories.jsx[2m > [22m[2mEditable With Table
[22m[39m[ChatContext] No current chat available, will create one
[90mstdout[2m | src/components/Editor3/plugins/TablePlugin.stories.jsx[2m > [22m[2mEditable With Table
[22m[39m[ChatContext] Creating AssistantChat with user: undefined
[90mstdout[2m | src/components/Editor3/plugins/TablePlugin.stories.jsx[2m > [22m[2mEditable With Table
[22m[39m[Mock Data] AssistantChat created: mock-assistantchat-1790418317527 - notified 1 subscribers
[90mstdout[2m | src/components/Editor3/plugins/TablePlugin.stories.jsx[2m > [22m[2mEditable With Table
[22m[39m[ChatContext] Create result: {
  "data": {
    "_version": 1,
    "archived": false,
    "chatFiles": [Function anonymous],
    "createdAt": "2026-09-26T10:25:17.527Z",
    "id": "mock-assistantchat-1790418317527",
    "model": "gpt-4",
    "updatedAt": "2026-09-26T10:25:17.527Z",
  },
  "errors": [],
  "hasData": true,
  "hasErrors": true,
}
[90mstdout[2m | src/components/Editor3/plugins/TablePlugin.stories.jsx[2m > [22m[2mEditable With Table
[22m[39m[ChatContext] Created AssistantChat: mock-assistantchat-1790418317527 at: 2026-09-26T10:25:17.527Z
[90mstdout[2m | src/components/Editor3/plugins/TablePlugin.stories.jsx[2m > [22m[2mEditable With Table
[22m[39m[ChatContext] Setting initial chat: mock-assistantchat-1790418317527
[90mstdout[2m | src/components/Editor3/plugins/TablePlugin.stories.jsx[2m > [22m[2mEditable With Table
[22m[39m[ChatContext] Chat exists and not archived, skipping creation
[90mstdout[2m | src/components/Editor3/plugins/TablePlugin.stories.jsx[2m > [22m[2mRead Only With Table
[22m[39m[ChatContext] Cleaning up subscriptions
[90mstdout[2m | src/components/Editor3/plugins/TablePlugin.stories.jsx[2m > [22m[2mRead Only With Table
[22m[39m[Mock Data] Unit.onUpdate() subscription removed. Remaining: 0
[90mstdout[2m | src/components/Editor3/plugins/TablePlugin.stories.jsx[2m > [22m[2mRead Only With Table
[22m[39m[Preview] Skipped initializing default mock data (initializeMockData=false)
[90mstdout[2m | src/components/Editor3/plugins/TablePlugin.stories.jsx[2m > [22m[2mRead Only With Table
[22m[39m[Mock Data] seedMockUnit: Adding unit table-plugin-story-unit
[90mstdout[2m | src/components/Editor3/plugins/TablePlugin.stories.jsx[2m > [22m[2mRead Only With Table
[22m[39m[MOCK CourseVectorStore] Initialized with mock data
[90mstdout[2m | src/components/Editor3/plugins/TablePlugin.stories.jsx[2m > [22m[2mRead Only With Table
[22m[39m[TranslationModeController] Setting mode to: off
[90mstdout[2m | src/components/Editor3/plugins/TablePlugin.stories.jsx[2m > [22m[2mRead Only With Table
[22m[39m[UnitContext] useEffect triggered {
  "authLoading": false,
  "hasUser": true,
  "id": "table-plugin-story-unit",
  "userSub": "mock-user-sub",
}
[90mstdout[2m | src/components/Editor3/plugins/TablePlugin.stories.jsx[2m > [22m[2mRead Only With Table
[22m[39m[UnitContext] Fetching unit data for id: table-plugin-story-unit
[90mstdout[2m | src/components/Editor3/plugins/TablePlugin.stories.jsx[2m > [22m[2mRead Only With Table
[22m[39m[FilesContext] Initializing vector store from IndexedDB
[90mstdout[2m | src/components/Editor3/plugins/TablePlugin.stories.jsx[2m > [22m[2mRead Only With Table
[22m[39m[FilesContext] fetchFiles called
[90mstdout[2m | src/components/Editor3/plugins/TablePlugin.stories.jsx[2m > [22m[2mRead Only With Table
[22m[39m[FilesContext] User authenticated: mock-user-sub
[90mstdout[2m | src/components/Editor3/plugins/TablePlugin.stories.jsx[2m > [22m[2mRead Only With Table
[22m[39m[FilesContext] Identity ID: us-east-1:mock-identity-123
[90mstdout[2m | src/components/Editor3/plugins/TablePlugin.stories.jsx[2m > [22m[2mRead Only With Table
[22m[39m[FilesContext] About to set up File observeQuery
[90mstdout[2m | src/components/Editor3/plugins/TablePlugin.stories.jsx[2m > [22m[2mRead Only With Table
[22m[39m[ChatContext] Setting up AssistantChat observeQuery
[90mstdout[2m | src/components/Editor3/plugins/TablePlugin.stories.jsx[2m > [22m[2mRead Only With Table
[22m[39m[ChatContext] Waiting for subscription to initialize
[90mstdout[2m | src/components/Editor3/plugins/TablePlugin.stories.jsx[2m > [22m[2mRead Only With Table
[22m[39m[SettingsContext] Setting up Settings subscription for user: mock-user-sub
[90mstdout[2m | src/components/Editor3/plugins/TablePlugin.stories.jsx[2m > [22m[2mRead Only With Table
[22m[39m[Mock Data] Settings created: mock-settings-1790418317663 - notified 0 subscribers
[90mstdout[2m | src/components/Editor3/plugins/TablePlugin.stories.jsx[2m > [22m[2mRead Only With Table
[22m[39m[Mock Data] Unit.onUpdate() subscription added. Total: 1
[90mstdout[2m | src/components/Editor3/plugins/TablePlugin.stories.jsx[2m > [22m[2mRead Only With Table
[22m[39m[SectionContext] Section observeQuery update: 0
[90mstdout[2m | src/components/Editor3/plugins/TablePlugin.stories.jsx[2m > [22m[2mRead Only With Table
[22m[39m[FilesContext] File observeQuery update: 0 files
[90mstdout[2m | src/components/Editor3/plugins/TablePlugin.stories.jsx[2m > [22m[2mRead Only With Table
[22m[39m[ChatContext] AssistantChat initialized with 0 chats
[90mstdout[2m | src/components/Editor3/plugins/TablePlugin.stories.jsx[2m > [22m[2mRead Only With Table
[22m[39m[MOCK CourseVectorStore] Initialized with mock data
[90mstdout[2m | src/components/Editor3/plugins/TablePlugin.stories.jsx[2m > [22m[2mRead Only With Table
[22m[39m[ChatContext] No current chat available, will create one
[90mstdout[2m | src/components/Editor3/plugins/TablePlugin.stories.jsx[2m > [22m[2mRead Only With Table
[22m[39m[ChatContext] Creating AssistantChat with user: undefined
[90mstdout[2m | src/components/Editor3/plugins/TablePlugin.stories.jsx[2m > [22m[2mRead Only With Table
[22m[39m[Mock Data] AssistantChat created: mock-assistantchat-1790418317679 - notified 1 subscribers
[90mstdout[2m | src/components/Editor3/plugins/TablePlugin.stories.jsx[2m > [22m[2mRead Only With Table
[22m[39m[ChatContext] Create result: {
  "data": {
    "_version": 1,
    "archived": false,
    "chatFiles": [Function anonymous],
    "createdAt": "2026-09-26T10:25:17.679Z",
    "id": "mock-assistantchat-1790418317679",
    "model": "gpt-4",
    "updatedAt": "2026-09-26T10:25:17.679Z",
  },
  "errors": [],
  "hasData": true,
  "hasErrors": true,
}
[90mstdout[2m | src/components/Editor3/plugins/TablePlugin.stories.jsx[2m > [22m[2mRead Only With Table
[22m[39m[ChatContext] Created AssistantChat: mock-assistantchat-1790418317679 at: 2026-09-26T10:25:17.679Z
[90mstdout[2m | src/components/Editor3/plugins/TablePlugin.stories.jsx[2m > [22m[2mRead Only With Table
[22m[39m[Mock Storage] downloadData called with: undefined
[90mstdout[2m | src/components/Editor3/plugins/TablePlugin.stories.jsx[2m > [22m[2mRead Only With Table
[22m[39m[ChatContext] Setting initial chat: mock-assistantchat-1790418317679
[90mstdout[2m | src/components/Editor3/plugins/TablePlugin.stories.jsx[2m > [22m[2mRead Only With Table
[22m[39m[ChatContext] Chat exists and not archived, skipping creation
 [32m✓[39m [30m[45m storybook (chromium) [49m[39m src/components/Editor3/plugins/TablePlugin.stories.jsx [2m([22m[2m3 tests[22m[2m)[22m[33m 473[2mms[22m[39m
[90mstdout[2m | unknown test
[22m[39m[MOCK vectorStoreDB.js] Module loaded - mock IndexedDB operations
[90mstdout[2m | unknown test
[22m[39m[Task Completion] DOM action listeners initialized
[90mstdout[2m | unknown test
[22m[39m[Task Completion] Auto-completion detector initialized
[90mstdout[2m | unknown test
[22m[39m[Preview] Task completion detector initialized
[90mstdout[2m | src/components/Gamification/ArmoriaShield.stories.tsx[2m > [22m[2mFallback Initials
[22m[39m[TranslationModeController] Setting mode to: off
[90mstdout[2m | src/components/Gamification/ArmoriaShield.stories.tsx[2m > [22m[2mUnlocked No Design
[22m[39m[TranslationModeController] Setting mode to: off
[90mstdout[2m | src/components/Gamification/ArmoriaShield.stories.tsx[2m > [22m[2mCustom Crest
[22m[39m[TranslationModeController] Setting mode to: off
[90mstdout[2m | src/components/Gamification/ArmoriaShield.stories.tsx[2m > [22m[2mLarge Size
[22m[39m[TranslationModeController] Setting mode to: off
 [32m✓[39m [30m[45m storybook (chromium) [49m[39m src/components/Gamification/ArmoriaShield.stories.tsx [2m([22m[2m4 tests[22m[2m)[22m[33m 464[2mms[22m[39m
[90mstdout[2m | unknown test
[22m[39m[MOCK vectorStoreDB.js] Module loaded - mock IndexedDB operations
[90mstdout[2m | unknown test
[22m[39m[Task Completion] DOM action listeners initialized
[90mstdout[2m | unknown test
[22m[39m[Task Completion] Auto-completion detector initialized
[90mstdout[2m | unknown test
[22m[39m[Preview] Task completion detector initialized
[90mstdout[2m | src/components/Gamification/NailedItWall.stories.tsx[2m > [22m[2mWall Story
[22m[39m[MOCK CourseVectorStore] Initialized with mock data
[90mstdout[2m | src/components/Gamification/NailedItWall.stories.tsx[2m > [22m[2mWall Story
[22m[39m[TranslationModeController] Setting mode to: off
[90mstdout[2m | src/components/Gamification/NailedItWall.stories.tsx[2m > [22m[2mWall Story
[22m[39m[UnitContext] useEffect triggered {
  "authLoading": false,
  "hasUser": true,
  "id": "mock-unit-id",
  "userSub": "mock-user-sub",
}
[90mstdout[2m | src/components/Gamification/NailedItWall.stories.tsx[2m > [22m[2mWall Story
[22m[39m[UnitContext] Fetching unit data for id: mock-unit-id
[90mstdout[2m | src/components/Gamification/NailedItWall.stories.tsx[2m > [22m[2mWall Story
[22m[39m[FilesContext] Initializing vector store from IndexedDB
[90mstdout[2m | src/components/Gamification/NailedItWall.stories.tsx[2m > [22m[2mWall Story
[22m[39m[FilesContext] fetchFiles called
[90mstdout[2m | src/components/Gamification/NailedItWall.stories.tsx[2m > [22m[2mWall Story
[22m[39m[FilesContext] User authenticated: mock-user-sub
[90mstdout[2m | src/components/Gamification/NailedItWall.stories.tsx[2m > [22m[2mWall Story
[22m[39m[FilesContext] Identity ID: us-east-1:mock-identity-123
[90mstdout[2m | src/components/Gamification/NailedItWall.stories.tsx[2m > [22m[2mWall Story
[22m[39m[FilesContext] About to set up File observeQuery
[90mstdout[2m | src/components/Gamification/NailedItWall.stories.tsx[2m > [22m[2mWall Story
[22m[39m[ChatContext] Setting up AssistantChat observeQuery
[90mstdout[2m | src/components/Gamification/NailedItWall.stories.tsx[2m > [22m[2mWall Story
[22m[39m[ChatContext] Waiting for subscription to initialize
[90mstdout[2m | src/components/Gamification/NailedItWall.stories.tsx[2m > [22m[2mWall Story
[22m[39m[SettingsContext] Setting up Settings subscription for user: mock-user-sub
[90mstdout[2m | src/components/Gamification/NailedItWall.stories.tsx[2m > [22m[2mWall Story
[22m[39m[Mock Data] Settings created: mock-settings-1790418319591 - notified 0 subscribers
[90mstdout[2m | src/components/Gamification/NailedItWall.stories.tsx[2m > [22m[2mWall Story
[22m[39m[Mock Data] Unit.onUpdate() subscription added. Total: 1
[90mstdout[2m | src/components/Gamification/NailedItWall.stories.tsx[2m > [22m[2mWall Story
[22m[39m[SectionContext] Section observeQuery update: 0
[90mstdout[2m | src/components/Gamification/NailedItWall.stories.tsx[2m > [22m[2mWall Story
[22m[39m[FilesContext] File observeQuery update: 6 files
[90mstdout[2m | src/components/Gamification/NailedItWall.stories.tsx[2m > [22m[2mWall Story
[22m[39m[ChatContext] AssistantChat initialized with 1 chats
[90mstdout[2m | src/components/Gamification/NailedItWall.stories.tsx[2m > [22m[2mWall Story
[22m[39m[ChatContext] Setting initial chat: mock-assistant-chat-1
[90mstdout[2m | src/components/Gamification/NailedItWall.stories.tsx[2m > [22m[2mWall Story
[22m[39m[MOCK CourseVectorStore] Initialized with mock data
[90mstdout[2m | src/components/Gamification/NailedItWall.stories.tsx[2m > [22m[2mWall Story
[22m[39m[FilesContext] Vector store population triggered {
  "currentVectorStoreSize": 3,
  "documentsCount": 0,
  "filesCount": 6,
  "isInitialLoad": true,
}
[90mstdout[2m | src/components/Gamification/NailedItWall.stories.tsx[2m > [22m[2mWall Story
[22m[39m[FilesContext] Vector store population complete - 3 total embeddings
[90mstdout[2m | src/components/Gamification/NailedItWall.stories.tsx[2m > [22m[2mWall Story
[22m[39m[ChatContext] Chat exists and not archived, skipping creation
[90mstdout[2m | src/components/Gamification/NailedItWall.stories.tsx[2m > [22m[2mWall Story
[22m[39m[Mock Storage] downloadData called with: undefined
[90mstdout[2m | src/components/Gamification/NailedItWall.stories.tsx[2m > [22m[2mWall Story
[22m[39mfilterWords {
  "filter": "",
  "wordsCount": 0,
}
 [32m✓[39m [30m[45m storybook (chromium) [49m[39m src/components/Gamification/NailedItWall.stories.tsx [2m([22m[2m1 test[22m[2m)[22m[32m 197[2mms[22m[39m
[90mstdout[2m | unknown test
[22m[39m[MOCK vectorStoreDB.js] Module loaded - mock IndexedDB operations
[90mstdout[2m | unknown test
[22m[39m[Task Completion] DOM action listeners initialized
[90mstdout[2m | unknown test
[22m[39m[Task Completion] Auto-completion detector initialized
[90mstdout[2m | unknown test
[22m[39m[Preview] Task completion detector initialized
[90mstdout[2m | src/components/Gamification/GroupChallengeCard.stories.tsx[2m > [22m[2mActive
[22m[39m[TranslationModeController] Setting mode to: off
[90mstdout[2m | src/components/Gamification/GroupChallengeCard.stories.tsx[2m > [22m[2mCompleted
[22m[39m[TranslationModeController] Setting mode to: off
[90mstdout[2m | src/components/Gamification/GroupChallengeCard.stories.tsx[2m > [22m[2mWith Deadline
[22m[39m[TranslationModeController] Setting mode to: off
[90mstdout[2m | src/components/Gamification/GroupChallengeCard.stories.tsx[2m > [22m[2mJust Started
[22m[39m[TranslationModeController] Setting mode to: off
 [32m✓[39m [30m[45m storybook (chromium) [49m[39m src/components/Gamification/GroupChallengeCard.stories.tsx [2m([22m[2m4 tests[22m[2m)[22m[33m 395[2mms[22m[39m
[90mstdout[2m | unknown test
[22m[39m[MOCK vectorStoreDB.js] Module loaded - mock IndexedDB operations
[90mstdout[2m | unknown test
[22m[39m[Task Completion] DOM action listeners initialized
[90mstdout[2m | unknown test
[22m[39m[Task Completion] Auto-completion detector initialized
[90mstdout[2m | unknown test
[22m[39m[Preview] Task completion detector initialized
[90mstdout[2m | src/components/RecordingStudio2.stories.tsx[2m > [22m[2mDefault
[22m[39m[MOCK CourseVectorStore] Initialized with mock data
[90mstdout[2m | src/components/RecordingStudio2.stories.tsx[2m > [22m[2mDefault
[22m[39mFileManager.mainColor #556cd6
[90mstdout[2m | src/components/RecordingStudio2.stories.tsx[2m > [22m[2mDefault
[22m[39maudioFiles {}
[90mstdout[2m | src/components/RecordingStudio2.stories.tsx[2m > [22m[2mDefault
[22m[39m_word, phrase, definition, pronunciation undefined undefined undefined
[90mstdout[2m | src/components/RecordingStudio2.stories.tsx[2m > [22m[2mDefault
[22m[39maudioFile null
[90mstdout[2m | src/components/RecordingStudio2.stories.tsx[2m > [22m[2mDefault
[22m[39m[TranslationModeController] Setting mode to: off
[90mstdout[2m | src/components/RecordingStudio2.stories.tsx[2m > [22m[2mDefault
[22m[39m[UnitContext] useEffect triggered {
  "authLoading": false,
  "hasUser": true,
  "id": "mock-unit-id",
  "userSub": "mock-user-sub",
}
[90mstdout[2m | src/components/RecordingStudio2.stories.tsx[2m > [22m[2mDefault
[22m[39m[UnitContext] Fetching unit data for id: mock-unit-id
[90mstdout[2m | src/components/RecordingStudio2.stories.tsx[2m > [22m[2mDefault
[22m[39m[FilesContext] Initializing vector store from IndexedDB
[90mstdout[2m | src/components/RecordingStudio2.stories.tsx[2m > [22m[2mDefault
[22m[39m[FilesContext] fetchFiles called
[90mstdout[2m | src/components/RecordingStudio2.stories.tsx[2m > [22m[2mDefault
[22m[39m[FilesContext] User authenticated: mock-user-sub
[90mstdout[2m | src/components/RecordingStudio2.stories.tsx[2m > [22m[2mDefault
[22m[39m[FilesContext] Identity ID: us-east-1:mock-identity-123
[90mstdout[2m | src/components/RecordingStudio2.stories.tsx[2m > [22m[2mDefault
[22m[39m[FilesContext] About to set up File observeQuery
[90mstdout[2m | src/components/RecordingStudio2.stories.tsx[2m > [22m[2mDefault
[22m[39m[ChatContext] Setting up AssistantChat observeQuery
[90mstdout[2m | src/components/RecordingStudio2.stories.tsx[2m > [22m[2mDefault
[22m[39m[ChatContext] Waiting for subscription to initialize
[90mstdout[2m | src/components/RecordingStudio2.stories.tsx[2m > [22m[2mDefault
[22m[39m[SettingsContext] Setting up Settings subscription for user: mock-user-sub
[90mstdout[2m | src/components/RecordingStudio2.stories.tsx[2m > [22m[2mDefault
[22m[39m[Mock Data] Settings created: mock-settings-1790418321387 - notified 0 subscribers
[90mstdout[2m | src/components/RecordingStudio2.stories.tsx[2m > [22m[2mDefault
[22m[39m[Mock Data] Unit.onUpdate() subscription added. Total: 1
[90mstdout[2m | src/components/RecordingStudio2.stories.tsx[2m > [22m[2mDefault
[22m[39mFileManager.mainColor #4C6B87
[90mstdout[2m | src/components/RecordingStudio2.stories.tsx[2m > [22m[2mDefault
[22m[39maudioFiles {}
[90mstdout[2m | src/components/RecordingStudio2.stories.tsx[2m > [22m[2mDefault
[22m[39m_word, phrase, definition, pronunciation undefined undefined undefined
[90mstdout[2m | src/components/RecordingStudio2.stories.tsx[2m > [22m[2mDefault
[22m[39maudioFile null
[90mstdout[2m | src/components/RecordingStudio2.stories.tsx[2m > [22m[2mDefault
[22m[39m[SectionContext] Section observeQuery update: 0
[90mstdout[2m | src/components/RecordingStudio2.stories.tsx[2m > [22m[2mDefault
[22m[39mFileManager.mainColor #4C6B87
[90mstdout[2m | src/components/RecordingStudio2.stories.tsx[2m > [22m[2mDefault
[22m[39maudioFiles {}
[90mstdout[2m | src/components/RecordingStudio2.stories.tsx[2m > [22m[2mDefault
[22m[39m_word, phrase, definition, pronunciation undefined undefined undefined
[90mstdout[2m | src/components/RecordingStudio2.stories.tsx[2m > [22m[2mDefault
[22m[39maudioFile null
[90mstdout[2m | src/components/RecordingStudio2.stories.tsx[2m > [22m[2mDefault
[22m[39m[FilesContext] File observeQuery update: 6 files
[90mstdout[2m | src/components/RecordingStudio2.stories.tsx[2m > [22m[2mDefault
[22m[39m[ChatContext] AssistantChat initialized with 1 chats
[90mstdout[2m | src/components/RecordingStudio2.stories.tsx[2m > [22m[2mDefault
[22m[39m[ChatContext] Setting initial chat: mock-assistant-chat-1
[90mstdout[2m | src/components/RecordingStudio2.stories.tsx[2m > [22m[2mDefault
[22m[39m[Mock Storage] downloadData called with: undefined
[90mstdout[2m | src/components/RecordingStudio2.stories.tsx[2m > [22m[2mDefault
[22m[39m[MOCK CourseVectorStore] Initialized with mock data
[90mstdout[2m | src/components/RecordingStudio2.stories.tsx[2m > [22m[2mDefault
[22m[39mFileManager.mainColor #4C6B87
[90mstdout[2m | src/components/RecordingStudio2.stories.tsx[2m > [22m[2mDefault
[22m[39maudioFiles {}
[90mstdout[2m | src/components/RecordingStudio2.stories.tsx[2m > [22m[2mDefault
[22m[39m_word, phrase, definition, pronunciation undefined undefined undefined
[90mstdout[2m | src/components/RecordingStudio2.stories.tsx[2m > [22m[2mDefault
[22m[39maudioFile null
[90mstdout[2m | src/components/RecordingStudio2.stories.tsx[2m > [22m[2mDefault
[22m[39m[FilesContext] Vector store population triggered {
  "currentVectorStoreSize": 3,
  "documentsCount": 0,
  "filesCount": 6,
  "isInitialLoad": true,
}
[90mstdout[2m | src/components/RecordingStudio2.stories.tsx[2m > [22m[2mDefault
[22m[39m[FilesContext] Vector store population complete - 3 total embeddings
[90mstdout[2m | src/components/RecordingStudio2.stories.tsx[2m > [22m[2mDefault
[22m[39m[ChatContext] Chat exists and not archived, skipping creation
[90mstdout[2m | src/components/RecordingStudio2.stories.tsx[2m > [22m[2mEmbedded
[22m[39m[ChatContext] Cleaning up subscriptions
[90mstdout[2m | src/components/RecordingStudio2.stories.tsx[2m > [22m[2mEmbedded
[22m[39m[Mock Data] Unit.onUpdate() subscription removed. Remaining: 0
[90mstdout[2m | src/components/RecordingStudio2.stories.tsx[2m > [22m[2mEmbedded
[22m[39m[MOCK CourseVectorStore] Initialized with mock data
[90mstdout[2m | src/components/RecordingStudio2.stories.tsx[2m > [22m[2mEmbedded
[22m[39mFileManager.mainColor #556cd6
[90mstdout[2m | src/components/RecordingStudio2.stories.tsx[2m > [22m[2mEmbedded
[22m[39maudioFiles {}
[90mstdout[2m | src/components/RecordingStudio2.stories.tsx[2m > [22m[2mEmbedded
[22m[39m_word, phrase, definition, pronunciation undefined undefined undefined
[90mstdout[2m | src/components/RecordingStudio2.stories.tsx[2m > [22m[2mEmbedded
[22m[39maudioFile null
[90mstdout[2m | src/components/RecordingStudio2.stories.tsx[2m > [22m[2mEmbedded
[22m[39m[TranslationModeController] Setting mode to: off
[90mstdout[2m | src/components/RecordingStudio2.stories.tsx[2m > [22m[2mEmbedded
[22m[39m[UnitContext] useEffect triggered {
  "authLoading": false,
  "hasUser": true,
  "id": "mock-unit-id",
  "userSub": "mock-user-sub",
}
[90mstdout[2m | src/components/RecordingStudio2.stories.tsx[2m > [22m[2mEmbedded
[22m[39m[UnitContext] Fetching unit data for id: mock-unit-id
[90mstdout[2m | src/components/RecordingStudio2.stories.tsx[2m > [22m[2mEmbedded
[22m[39m[FilesContext] Initializing vector store from IndexedDB
[90mstdout[2m | src/components/RecordingStudio2.stories.tsx[2m > [22m[2mEmbedded
[22m[39m[FilesContext] fetchFiles called
[90mstdout[2m | src/components/RecordingStudio2.stories.tsx[2m > [22m[2mEmbedded
[22m[39m[FilesContext] User authenticated: mock-user-sub
[90mstdout[2m | src/components/RecordingStudio2.stories.tsx[2m > [22m[2mEmbedded
[22m[39m[FilesContext] Identity ID: us-east-1:mock-identity-123
[90mstdout[2m | src/components/RecordingStudio2.stories.tsx[2m > [22m[2mEmbedded
[22m[39m[FilesContext] About to set up File observeQuery
[90mstdout[2m | src/components/RecordingStudio2.stories.tsx[2m > [22m[2mEmbedded
[22m[39m[ChatContext] Setting up AssistantChat observeQuery
[90mstdout[2m | src/components/RecordingStudio2.stories.tsx[2m > [22m[2mEmbedded
[22m[39m[ChatContext] Waiting for subscription to initialize
[90mstdout[2m | src/components/RecordingStudio2.stories.tsx[2m > [22m[2mEmbedded
[22m[39m[SettingsContext] Setting up Settings subscription for user: mock-user-sub
[90mstdout[2m | src/components/RecordingStudio2.stories.tsx[2m > [22m[2mEmbedded
[22m[39m[Mock Data] Settings created: mock-settings-1790418321514 - notified 0 subscribers
[90mstdout[2m | src/components/RecordingStudio2.stories.tsx[2m > [22m[2mEmbedded
[22m[39m[Mock Data] Unit.onUpdate() subscription added. Total: 1
[90mstdout[2m | src/components/RecordingStudio2.stories.tsx[2m > [22m[2mEmbedded
[22m[39mFileManager.mainColor #4C6B87
[90mstdout[2m | src/components/RecordingStudio2.stories.tsx[2m > [22m[2mEmbedded
[22m[39maudioFiles {}
[90mstdout[2m | src/components/RecordingStudio2.stories.tsx[2m > [22m[2mEmbedded
[22m[39m_word, phrase, definition, pronunciation undefined undefined undefined
[90mstdout[2m | src/components/RecordingStudio2.stories.tsx[2m > [22m[2mEmbedded
[22m[39maudioFile null
[90mstdout[2m | src/components/RecordingStudio2.stories.tsx[2m > [22m[2mEmbedded
[22m[39m[SectionContext] Section observeQuery update: 0
[90mstdout[2m | src/components/RecordingStudio2.stories.tsx[2m > [22m[2mEmbedded
[22m[39mFileManager.mainColor #4C6B87
[90mstdout[2m | src/components/RecordingStudio2.stories.tsx[2m > [22m[2mEmbedded
[22m[39maudioFiles {}
[90mstdout[2m | src/components/RecordingStudio2.stories.tsx[2m > [22m[2mEmbedded
[22m[39m_word, phrase, definition, pronunciation undefined undefined undefined
[90mstdout[2m | src/components/RecordingStudio2.stories.tsx[2m > [22m[2mEmbedded
[22m[39maudioFile null
[90mstdout[2m | src/components/RecordingStudio2.stories.tsx[2m > [22m[2mEmbedded
[22m[39m[FilesContext] File observeQuery update: 6 files
[90mstdout[2m | src/components/RecordingStudio2.stories.tsx[2m > [22m[2mEmbedded
[22m[39m[ChatContext] AssistantChat initialized with 1 chats
[90mstdout[2m | src/components/RecordingStudio2.stories.tsx[2m > [22m[2mEmbedded
[22m[39m[ChatContext] Setting initial chat: mock-assistant-chat-1
[90mstdout[2m | src/components/RecordingStudio2.stories.tsx[2m > [22m[2mEmbedded
[22m[39m[Mock Storage] downloadData called with: undefined
[90mstdout[2m | src/components/RecordingStudio2.stories.tsx[2m > [22m[2mEmbedded
[22m[39m[MOCK CourseVectorStore] Initialized with mock data
[90mstdout[2m | src/components/RecordingStudio2.stories.tsx[2m > [22m[2mEmbedded
[22m[39mFileManager.mainColor #4C6B87
[90mstdout[2m | src/components/RecordingStudio2.stories.tsx[2m > [22m[2mEmbedded
[22m[39maudioFiles {}
[90mstdout[2m | src/components/RecordingStudio2.stories.tsx[2m > [22m[2mEmbedded
[22m[39m_word, phrase, definition, pronunciation undefined undefined undefined
[90mstdout[2m | src/components/RecordingStudio2.stories.tsx[2m > [22m[2mEmbedded
[22m[39maudioFile null
[90mstdout[2m | src/components/RecordingStudio2.stories.tsx[2m > [22m[2mEmbedded
[22m[39m[FilesContext] Vector store population triggered {
  "currentVectorStoreSize": 3,
  "documentsCount": 0,
  "filesCount": 6,
  "isInitialLoad": true,
}
[90mstdout[2m | src/components/RecordingStudio2.stories.tsx[2m > [22m[2mEmbedded
[22m[39m[FilesContext] Vector store population complete - 3 total embeddings
[90mstdout[2m | src/components/RecordingStudio2.stories.tsx[2m > [22m[2mEmbedded
[22m[39m[ChatContext] Chat exists and not archived, skipping creation
[90mstdout[2m | src/components/RecordingStudio2.stories.tsx[2m > [22m[2mWith Feedback
[22m[39m[ChatContext] Cleaning up subscriptions
[90mstdout[2m | src/components/RecordingStudio2.stories.tsx[2m > [22m[2mWith Feedback
[22m[39m[Mock Data] Unit.onUpdate() subscription removed. Remaining: 0
[90mstdout[2m | src/components/RecordingStudio2.stories.tsx[2m > [22m[2mWith Feedback
[22m[39m[MOCK CourseVectorStore] Initialized with mock data
[90mstdout[2m | src/components/RecordingStudio2.stories.tsx[2m > [22m[2mWith Feedback
[22m[39mFileManager.mainColor #556cd6
[90mstdout[2m | src/components/RecordingStudio2.stories.tsx[2m > [22m[2mWith Feedback
[22m[39maudioFiles {}
[90mstdout[2m | src/components/RecordingStudio2.stories.tsx[2m > [22m[2mWith Feedback
[22m[39m_word, phrase, definition, pronunciation undefined undefined undefined
[90mstdout[2m | src/components/RecordingStudio2.stories.tsx[2m > [22m[2mWith Feedback
[22m[39maudioFile null
[90mstdout[2m | src/components/RecordingStudio2.stories.tsx[2m > [22m[2mWith Feedback
[22m[39m[TranslationModeController] Setting mode to: off
[90mstdout[2m | src/components/RecordingStudio2.stories.tsx[2m > [22m[2mWith Feedback
[22m[39m[UnitContext] useEffect triggered {
  "authLoading": false,
  "hasUser": true,
  "id": "mock-unit-id",
  "userSub": "mock-user-sub",
}
[90mstdout[2m | src/components/RecordingStudio2.stories.tsx[2m > [22m[2mWith Feedback
[22m[39m[UnitContext] Fetching unit data for id: mock-unit-id
[90mstdout[2m | src/components/RecordingStudio2.stories.tsx[2m > [22m[2mWith Feedback
[22m[39m[FilesContext] Initializing vector store from IndexedDB
[90mstdout[2m | src/components/RecordingStudio2.stories.tsx[2m > [22m[2mWith Feedback
[22m[39m[FilesContext] fetchFiles called
[90mstdout[2m | src/components/RecordingStudio2.stories.tsx[2m > [22m[2mWith Feedback
[22m[39m[FilesContext] User authenticated: mock-user-sub
[90mstdout[2m | src/components/RecordingStudio2.stories.tsx[2m > [22m[2mWith Feedback
[22m[39m[FilesContext] Identity ID: us-east-1:mock-identity-123
[90mstdout[2m | src/components/RecordingStudio2.stories.tsx[2m > [22m[2mWith Feedback
[22m[39m[FilesContext] About to set up File observeQuery
[90mstdout[2m | src/components/RecordingStudio2.stories.tsx[2m > [22m[2mWith Feedback
[22m[39m[ChatContext] Setting up AssistantChat observeQuery
[90mstdout[2m | src/components/RecordingStudio2.stories.tsx[2m > [22m[2mWith Feedback
[22m[39m[ChatContext] Waiting for subscription to initialize
[90mstdout[2m | src/components/RecordingStudio2.stories.tsx[2m > [22m[2mWith Feedback
[22m[39m[SettingsContext] Setting up Settings subscription for user: mock-user-sub
[90mstdout[2m | src/components/RecordingStudio2.stories.tsx[2m > [22m[2mWith Feedback
[22m[39m[Mock Data] Settings created: mock-settings-1790418321611 - notified 0 subscribers
[90mstdout[2m | src/components/RecordingStudio2.stories.tsx[2m > [22m[2mWith Feedback
[22m[39m[Mock Data] Unit.onUpdate() subscription added. Total: 1
[90mstdout[2m | src/components/RecordingStudio2.stories.tsx[2m > [22m[2mWith Feedback
[22m[39mFileManager.mainColor #4C6B87
[90mstdout[2m | src/components/RecordingStudio2.stories.tsx[2m > [22m[2mWith Feedback
[22m[39maudioFiles {}
[90mstdout[2m | src/components/RecordingStudio2.stories.tsx[2m > [22m[2mWith Feedback
[22m[39m_word, phrase, definition, pronunciation undefined undefined undefined
[90mstdout[2m | src/components/RecordingStudio2.stories.tsx[2m > [22m[2mWith Feedback
[22m[39maudioFile null
[90mstdout[2m | src/components/RecordingStudio2.stories.tsx[2m > [22m[2mWith Feedback
[22m[39m[SectionContext] Section observeQuery update: 0
[90mstdout[2m | src/components/RecordingStudio2.stories.tsx[2m > [22m[2mWith Feedback
[22m[39m[FilesContext] File observeQuery update: 6 files
[90mstdout[2m | src/components/RecordingStudio2.stories.tsx[2m > [22m[2mWith Feedback
[22m[39m[ChatContext] AssistantChat initialized with 1 chats
[90mstdout[2m | src/components/RecordingStudio2.stories.tsx[2m > [22m[2mWith Feedback
[22m[39m[ChatContext] Setting initial chat: mock-assistant-chat-1
[90mstdout[2m | src/components/RecordingStudio2.stories.tsx[2m > [22m[2mWith Feedback
[22m[39m[MOCK CourseVectorStore] Initialized with mock data
[90mstdout[2m | src/components/RecordingStudio2.stories.tsx[2m > [22m[2mWith Feedback
[22m[39mFileManager.mainColor #4C6B87
[90mstdout[2m | src/components/RecordingStudio2.stories.tsx[2m > [22m[2mWith Feedback
[22m[39maudioFiles {}
[90mstdout[2m | src/components/RecordingStudio2.stories.tsx[2m > [22m[2mWith Feedback
[22m[39m_word, phrase, definition, pronunciation undefined undefined undefined
[90mstdout[2m | src/components/RecordingStudio2.stories.tsx[2m > [22m[2mWith Feedback
[22m[39maudioFile null
[90mstdout[2m | src/components/RecordingStudio2.stories.tsx[2m > [22m[2mWith Feedback
[22m[39m[FilesContext] Vector store population triggered {
  "currentVectorStoreSize": 3,
  "documentsCount": 0,
  "filesCount": 6,
  "isInitialLoad": true,
}
[90mstdout[2m | src/components/RecordingStudio2.stories.tsx[2m > [22m[2mWith Feedback
[22m[39m[FilesContext] Vector store population complete - 3 total embeddings
[90mstdout[2m | src/components/RecordingStudio2.stories.tsx[2m > [22m[2mWith Feedback
[22m[39m[ChatContext] Chat exists and not archived, skipping creation
[90mstdout[2m | src/components/RecordingStudio2.stories.tsx[2m > [22m[2mWith Feedback
[22m[39m[Mock Storage] downloadData called with: undefined
 [32m✓[39m [30m[45m storybook (chromium) [49m[39m src/components/RecordingStudio2.stories.tsx [2m([22m[2m3 tests[22m[2m)[22m[33m 322[2mms[22m[39m
[90mstdout[2m | unknown test
[22m[39m[MOCK vectorStoreDB.js] Module loaded - mock IndexedDB operations
[90mstdout[2m | unknown test
[22m[39m[Task Completion] DOM action listeners initialized
[90mstdout[2m | unknown test
[22m[39m[Task Completion] Auto-completion detector initialized
[90mstdout[2m | unknown test
[22m[39m[Preview] Task completion detector initialized
[90mstdout[2m | src/components/Workbook/CommentThreadDrawer.stories.tsx[2m > [22m[2mDrawer Open
[22m[39m[MOCK CourseVectorStore] Initialized with mock data
[90mstdout[2m | src/components/Workbook/CommentThreadDrawer.stories.tsx[2m > [22m[2mDrawer Open
[22m[39m[TranslationModeController] Setting mode to: off
[90mstdout[2m | src/components/Workbook/CommentThreadDrawer.stories.tsx[2m > [22m[2mDrawer Open
[22m[39m[UnitContext] useEffect triggered {
  "authLoading": false,
  "hasUser": true,
  "id": "mock-unit-id",
  "userSub": "mock-user-sub",
}
[90mstdout[2m | src/components/Workbook/CommentThreadDrawer.stories.tsx[2m > [22m[2mDrawer Open
[22m[39m[UnitContext] Fetching unit data for id: mock-unit-id
[90mstdout[2m | src/components/Workbook/CommentThreadDrawer.stories.tsx[2m > [22m[2mDrawer Open
[22m[39m[FilesContext] Initializing vector store from IndexedDB
[90mstdout[2m | src/components/Workbook/CommentThreadDrawer.stories.tsx[2m > [22m[2mDrawer Open
[22m[39m[FilesContext] fetchFiles called
[90mstdout[2m | src/components/Workbook/CommentThreadDrawer.stories.tsx[2m > [22m[2mDrawer Open
[22m[39m[FilesContext] User authenticated: mock-user-sub
[90mstdout[2m | src/components/Workbook/CommentThreadDrawer.stories.tsx[2m > [22m[2mDrawer Open
[22m[39m[FilesContext] Identity ID: us-east-1:mock-identity-123
[90mstdout[2m | src/components/Workbook/CommentThreadDrawer.stories.tsx[2m > [22m[2mDrawer Open
[22m[39m[FilesContext] About to set up File observeQuery
[90mstdout[2m | src/components/Workbook/CommentThreadDrawer.stories.tsx[2m > [22m[2mDrawer Open
[22m[39m[ChatContext] Setting up AssistantChat observeQuery
[90mstdout[2m | src/components/Workbook/CommentThreadDrawer.stories.tsx[2m > [22m[2mDrawer Open
[22m[39m[ChatContext] Waiting for subscription to initialize
[90mstdout[2m | src/components/Workbook/CommentThreadDrawer.stories.tsx[2m > [22m[2mDrawer Open
[22m[39m[SettingsContext] Setting up Settings subscription for user: mock-user-sub
[90mstdout[2m | src/components/Workbook/CommentThreadDrawer.stories.tsx[2m > [22m[2mDrawer Open
[22m[39m[Mock Data] Settings created: mock-settings-1790418322379 - notified 0 subscribers
[90mstdout[2m | src/components/Workbook/CommentThreadDrawer.stories.tsx[2m > [22m[2mDrawer Open
[22m[39m[Mock Data] Unit.onUpdate() subscription added. Total: 1
[90mstdout[2m | src/components/Workbook/CommentThreadDrawer.stories.tsx[2m > [22m[2mDrawer Open
[22m[39m[SectionContext] Section observeQuery update: 0
[90mstdout[2m | src/components/Workbook/CommentThreadDrawer.stories.tsx[2m > [22m[2mDrawer Open
[22m[39m[FilesContext] File observeQuery update: 6 files
[90mstdout[2m | src/components/Workbook/CommentThreadDrawer.stories.tsx[2m > [22m[2mDrawer Open
[22m[39m[ChatContext] AssistantChat initialized with 1 chats
[90mstdout[2m | src/components/Workbook/CommentThreadDrawer.stories.tsx[2m > [22m[2mDrawer Open
[22m[39m[ChatContext] Setting initial chat: mock-assistant-chat-1
[90mstdout[2m | src/components/Workbook/CommentThreadDrawer.stories.tsx[2m > [22m[2mDrawer Open
[22m[39m[MOCK CourseVectorStore] Initialized with mock data
[90mstdout[2m | src/components/Workbook/CommentThreadDrawer.stories.tsx[2m > [22m[2mDrawer Open
[22m[39m[FilesContext] Vector store population triggered {
  "currentVectorStoreSize": 3,
  "documentsCount": 0,
  "filesCount": 6,
  "isInitialLoad": true,
}
[90mstdout[2m | src/components/Workbook/CommentThreadDrawer.stories.tsx[2m > [22m[2mDrawer Open
[22m[39m[FilesContext] Vector store population complete - 3 total embeddings
[90mstdout[2m | src/components/Workbook/CommentThreadDrawer.stories.tsx[2m > [22m[2mDrawer Open
[22m[39m[ChatContext] Chat exists and not archived, skipping creation
[90mstdout[2m | src/components/Workbook/CommentThreadDrawer.stories.tsx[2m > [22m[2mDrawer Open
[22m[39m[Mock Storage] downloadData called with: undefined
[90mstdout[2m | src/components/Workbook/CommentThreadDrawer.stories.tsx[2m > [22m[2mDrawer Empty
[22m[39m[ChatContext] Cleaning up subscriptions
[90mstdout[2m | src/components/Workbook/CommentThreadDrawer.stories.tsx[2m > [22m[2mDrawer Empty
[22m[39m[Mock Data] Unit.onUpdate() subscription removed. Remaining: 0
[90mstdout[2m | src/components/Workbook/CommentThreadDrawer.stories.tsx[2m > [22m[2mDrawer Empty
[22m[39m[MOCK CourseVectorStore] Initialized with mock data
[90mstdout[2m | src/components/Workbook/CommentThreadDrawer.stories.tsx[2m > [22m[2mDrawer Empty
[22m[39m[TranslationModeController] Setting mode to: off
[90mstdout[2m | src/components/Workbook/CommentThreadDrawer.stories.tsx[2m > [22m[2mDrawer Empty
[22m[39m[UnitContext] useEffect triggered {
  "authLoading": false,
  "hasUser": true,
  "id": "mock-unit-id",
  "userSub": "mock-user-sub",
}
[90mstdout[2m | src/components/Workbook/CommentThreadDrawer.stories.tsx[2m > [22m[2mDrawer Empty
[22m[39m[UnitContext] Fetching unit data for id: mock-unit-id
[90mstdout[2m | src/components/Workbook/CommentThreadDrawer.stories.tsx[2m > [22m[2mDrawer Empty
[22m[39m[FilesContext] Initializing vector store from IndexedDB
[90mstdout[2m | src/components/Workbook/CommentThreadDrawer.stories.tsx[2m > [22m[2mDrawer Empty
[22m[39m[FilesContext] fetchFiles called
[90mstdout[2m | src/components/Workbook/CommentThreadDrawer.stories.tsx[2m > [22m[2mDrawer Empty
[22m[39m[FilesContext] User authenticated: mock-user-sub
[90mstdout[2m | src/components/Workbook/CommentThreadDrawer.stories.tsx[2m > [22m[2mDrawer Empty
[22m[39m[FilesContext] Identity ID: us-east-1:mock-identity-123
[90mstdout[2m | src/components/Workbook/CommentThreadDrawer.stories.tsx[2m > [22m[2mDrawer Empty
[22m[39m[FilesContext] About to set up File observeQuery
[90mstdout[2m | src/components/Workbook/CommentThreadDrawer.stories.tsx[2m > [22m[2mDrawer Empty
[22m[39m[ChatContext] Setting up AssistantChat observeQuery
[90mstdout[2m | src/components/Workbook/CommentThreadDrawer.stories.tsx[2m > [22m[2mDrawer Empty
[22m[39m[ChatContext] Waiting for subscription to initialize
[90mstdout[2m | src/components/Workbook/CommentThreadDrawer.stories.tsx[2m > [22m[2mDrawer Empty
[22m[39m[SettingsContext] Setting up Settings subscription for user: mock-user-sub
[90mstdout[2m | src/components/Workbook/CommentThreadDrawer.stories.tsx[2m > [22m[2mDrawer Empty
[22m[39m[Mock Data] Settings created: mock-settings-1790418322662 - notified 0 subscribers
[90mstdout[2m | src/components/Workbook/CommentThreadDrawer.stories.tsx[2m > [22m[2mDrawer Empty
[22m[39m[Mock Data] Unit.onUpdate() subscription added. Total: 1
[90mstdout[2m | src/components/Workbook/CommentThreadDrawer.stories.tsx[2m > [22m[2mDrawer Empty
[22m[39m[SectionContext] Section observeQuery update: 0
[90mstdout[2m | src/components/Workbook/CommentThreadDrawer.stories.tsx[2m > [22m[2mDrawer Empty
[22m[39m[FilesContext] File observeQuery update: 6 files
[90mstdout[2m | src/components/Workbook/CommentThreadDrawer.stories.tsx[2m > [22m[2mDrawer Empty
[22m[39m[ChatContext] AssistantChat initialized with 1 chats
[90mstdout[2m | src/components/Workbook/CommentThreadDrawer.stories.tsx[2m > [22m[2mDrawer Empty
[22m[39m[ChatContext] Setting initial chat: mock-assistant-chat-1
[90mstdout[2m | src/components/Workbook/CommentThreadDrawer.stories.tsx[2m > [22m[2mDrawer Empty
[22m[39m[MOCK CourseVectorStore] Initialized with mock data
[90mstdout[2m | src/components/Workbook/CommentThreadDrawer.stories.tsx[2m > [22m[2mDrawer Empty
[22m[39m[FilesContext] Vector store population triggered {
  "currentVectorStoreSize": 3,
  "documentsCount": 0,
  "filesCount": 6,
  "isInitialLoad": true,
}
[90mstdout[2m | src/components/Workbook/CommentThreadDrawer.stories.tsx[2m > [22m[2mDrawer Empty
[22m[39m[FilesContext] Vector store population complete - 3 total embeddings
[90mstdout[2m | src/components/Workbook/CommentThreadDrawer.stories.tsx[2m > [22m[2mDrawer Empty
[22m[39m[ChatContext] Chat exists and not archived, skipping creation
[90mstdout[2m | src/components/Workbook/CommentThreadDrawer.stories.tsx[2m > [22m[2mDrawer Empty
[22m[39m[Mock Storage] downloadData called with: undefined
 [32m✓[39m [30m[45m storybook (chromium) [49m[39m src/components/Workbook/CommentThreadDrawer.stories.tsx [2m([22m[2m2 tests[22m[2m)[22m[33m 483[2mms[22m[39m
[90mstdout[2m | unknown test
[22m[39mfilterWords {
  "filter": "",
  "wordsCount": 0,
}
[90mstdout[2m | unknown test
[22m[39m[MOCK vectorStoreDB.js] Module loaded - mock IndexedDB operations
[90mstdout[2m | unknown test
[22m[39m[Task Completion] DOM action listeners initialized
[90mstdout[2m | unknown test
[22m[39m[Task Completion] Auto-completion detector initialized
[90mstdout[2m | unknown test
[22m[39m[Preview] Task completion detector initialized
[90mstdout[2m | src/components/RecordingStudio3/TakeVersionHistory.stories.tsx[2m > [22m[2mDefault
[22m[39m[TranslationModeController] Setting mode to: off
[90mstdout[2m | src/components/RecordingStudio3/TakeVersionHistory.stories.tsx[2m > [22m[2mSingle Version
[22m[39m[TranslationModeController] Setting mode to: off
[90mstdout[2m | src/components/RecordingStudio3/TakeVersionHistory.stories.tsx[2m > [22m[2mDisabled
[22m[39m[TranslationModeController] Setting mode to: off
[90mstdout[2m | src/components/RecordingStudio3/TakeVersionHistory.stories.tsx[2m > [22m[2mNo Slot Id
[22m[39m[TranslationModeController] Setting mode to: off
 [32m✓[39m [30m[45m storybook (chromium) [49m[39m src/components/RecordingStudio3/TakeVersionHistory.stories.tsx [2m([22m[2m4 tests[22m[2m)[22m[33m 434[2mms[22m[39m
[90mstdout[2m | unknown test
[22m[39m[MOCK vectorStoreDB.js] Module loaded - mock IndexedDB operations
[90mstdout[2m | unknown test
[22m[39m[Task Completion] DOM action listeners initialized
[90mstdout[2m | unknown test
[22m[39m[Task Completion] Auto-completion detector initialized
[90mstdout[2m | unknown test
[22m[39m[Preview] Task completion detector initialized
[90mstdout[2m | src/stories/KeyboardShortcutTrainer.stories.tsx[2m > [22m[2mDefault
[22m[39m[MOCK CourseVectorStore] Initialized with mock data
[90mstdout[2m | src/stories/KeyboardShortcutTrainer.stories.tsx[2m > [22m[2mDefault
[22m[39m[TranslationModeController] Setting mode to: off
[90mstdout[2m | src/stories/KeyboardShortcutTrainer.stories.tsx[2m > [22m[2mDefault
[22m[39m[UnitContext] useEffect triggered {
  "authLoading": false,
  "hasUser": true,
  "id": "mock-unit-id",
  "userSub": "mock-user-sub",
}
[90mstdout[2m | src/stories/KeyboardShortcutTrainer.stories.tsx[2m > [22m[2mDefault
[22m[39m[UnitContext] Fetching unit data for id: mock-unit-id
[90mstdout[2m | src/stories/KeyboardShortcutTrainer.stories.tsx[2m > [22m[2mDefault
[22m[39m[FilesContext] Initializing vector store from IndexedDB
[90mstdout[2m | src/stories/KeyboardShortcutTrainer.stories.tsx[2m > [22m[2mDefault
[22m[39m[FilesContext] fetchFiles called
[90mstdout[2m | src/stories/KeyboardShortcutTrainer.stories.tsx[2m > [22m[2mDefault
[22m[39m[FilesContext] User authenticated: mock-user-sub
[90mstdout[2m | src/stories/KeyboardShortcutTrainer.stories.tsx[2m > [22m[2mDefault
[22m[39m[FilesContext] Identity ID: us-east-1:mock-identity-123
[90mstdout[2m | src/stories/KeyboardShortcutTrainer.stories.tsx[2m > [22m[2mDefault
[22m[39m[FilesContext] About to set up File observeQuery
[90mstdout[2m | src/stories/KeyboardShortcutTrainer.stories.tsx[2m > [22m[2mDefault
[22m[39m[ChatContext] Setting up AssistantChat observeQuery
[90mstdout[2m | src/stories/KeyboardShortcutTrainer.stories.tsx[2m > [22m[2mDefault
[22m[39m[ChatContext] Waiting for subscription to initialize
[90mstdout[2m | src/stories/KeyboardShortcutTrainer.stories.tsx[2m > [22m[2mDefault
[22m[39m[SettingsContext] Setting up Settings subscription for user: mock-user-sub
[90mstdout[2m | src/stories/KeyboardShortcutTrainer.stories.tsx[2m > [22m[2mDefault
[22m[39m[Mock Data] Settings created: mock-settings-1790418325254 - notified 0 subscribers
[90mstdout[2m | src/stories/KeyboardShortcutTrainer.stories.tsx[2m > [22m[2mDefault
[22m[39m[Mock Data] Unit.onUpdate() subscription added. Total: 1
[90mstdout[2m | src/stories/KeyboardShortcutTrainer.stories.tsx[2m > [22m[2mDefault
[22m[39m[SectionContext] Section observeQuery update: 0
[90mstdout[2m | src/stories/KeyboardShortcutTrainer.stories.tsx[2m > [22m[2mDefault
[22m[39m[FilesContext] File observeQuery update: 6 files
[90mstdout[2m | src/stories/KeyboardShortcutTrainer.stories.tsx[2m > [22m[2mDefault
[22m[39m[ChatContext] AssistantChat initialized with 1 chats
[90mstdout[2m | src/stories/KeyboardShortcutTrainer.stories.tsx[2m > [22m[2mDefault
[22m[39m[ChatContext] Setting initial chat: mock-assistant-chat-1
[90mstdout[2m | src/stories/KeyboardShortcutTrainer.stories.tsx[2m > [22m[2mDefault
[22m[39m[MOCK CourseVectorStore] Initialized with mock data
[90mstdout[2m | src/stories/KeyboardShortcutTrainer.stories.tsx[2m > [22m[2mDefault
[22m[39m[FilesContext] Vector store population triggered {
  "currentVectorStoreSize": 3,
  "documentsCount": 0,
  "filesCount": 6,
  "isInitialLoad": true,
}
[90mstdout[2m | src/stories/KeyboardShortcutTrainer.stories.tsx[2m > [22m[2mDefault
[22m[39m[FilesContext] Vector store population complete - 3 total embeddings
[90mstdout[2m | src/stories/KeyboardShortcutTrainer.stories.tsx[2m > [22m[2mDefault
[22m[39m[ChatContext] Chat exists and not archived, skipping creation
[90mstdout[2m | src/stories/KeyboardShortcutTrainer.stories.tsx[2m > [22m[2mDefault
[22m[39m[Mock Storage] downloadData called with: undefined
 [32m✓[39m [30m[45m storybook (chromium) [49m[39m src/stories/KeyboardShortcutTrainer.stories.tsx [2m([22m[2m1 test[22m[2m)[22m[33m 443[2mms[22m[39m
   [33m[2m✓[22m[39m Default [33m 442[2mms[22m[39m
[90mstdout[2m | unknown test
[22m[39m[MOCK vectorStoreDB.js] Module loaded - mock IndexedDB operations
[90mstdout[2m | unknown test
[22m[39m[Task Completion] DOM action listeners initialized
[90mstdout[2m | unknown test
[22m[39m[Task Completion] Auto-completion detector initialized
[90mstdout[2m | unknown test
[22m[39m[Preview] Task completion detector initialized
[90mstdout[2m | src/components/Gamification/RankChangeToast.stories.tsx[2m > [22m[2mRank Up
[22m[39m[MOCK CourseVectorStore] Initialized with mock data
[90mstdout[2m | src/components/Gamification/RankChangeToast.stories.tsx[2m > [22m[2mRank Up
[22m[39m[TranslationModeController] Setting mode to: off
[90mstdout[2m | src/components/Gamification/RankChangeToast.stories.tsx[2m > [22m[2mRank Up
[22m[39m[UnitContext] useEffect triggered {
  "authLoading": false,
  "hasUser": true,
  "id": "mock-unit-id",
  "userSub": "mock-user-sub",
}
[90mstdout[2m | src/components/Gamification/RankChangeToast.stories.tsx[2m > [22m[2mRank Up
[22m[39m[UnitContext] Fetching unit data for id: mock-unit-id
[90mstdout[2m | src/components/Gamification/RankChangeToast.stories.tsx[2m > [22m[2mRank Up
[22m[39m[FilesContext] Initializing vector store from IndexedDB
[90mstdout[2m | src/components/Gamification/RankChangeToast.stories.tsx[2m > [22m[2mRank Up
[22m[39m[FilesContext] fetchFiles called
[90mstdout[2m | src/components/Gamification/RankChangeToast.stories.tsx[2m > [22m[2mRank Up
[22m[39m[FilesContext] User authenticated: mock-user-sub
[90mstdout[2m | src/components/Gamification/RankChangeToast.stories.tsx[2m > [22m[2mRank Up
[22m[39m[FilesContext] Identity ID: us-east-1:mock-identity-123
[90mstdout[2m | src/components/Gamification/RankChangeToast.stories.tsx[2m > [22m[2mRank Up
[22m[39m[FilesContext] About to set up File observeQuery
[90mstdout[2m | src/components/Gamification/RankChangeToast.stories.tsx[2m > [22m[2mRank Up
[22m[39m[ChatContext] Setting up AssistantChat observeQuery
[90mstdout[2m | src/components/Gamification/RankChangeToast.stories.tsx[2m > [22m[2mRank Up
[22m[39m[ChatContext] Waiting for subscription to initialize
[90mstdout[2m | src/components/Gamification/RankChangeToast.stories.tsx[2m > [22m[2mRank Up
[22m[39m[SettingsContext] Setting up Settings subscription for user: mock-user-sub
[90mstdout[2m | src/components/Gamification/RankChangeToast.stories.tsx[2m > [22m[2mRank Up
[22m[39m[Mock Data] Settings created: mock-settings-1790418326592 - notified 0 subscribers
[90mstdout[2m | src/components/Gamification/RankChangeToast.stories.tsx[2m > [22m[2mRank Up
[22m[39m[Mock Data] Unit.onUpdate() subscription added. Total: 1
[90mstdout[2m | src/components/Gamification/RankChangeToast.stories.tsx[2m > [22m[2mRank Up
[22m[39m[SectionContext] Section observeQuery update: 0
[90mstdout[2m | src/components/Gamification/RankChangeToast.stories.tsx[2m > [22m[2mRank Up
[22m[39m[FilesContext] File observeQuery update: 6 files
[90mstdout[2m | src/components/Gamification/RankChangeToast.stories.tsx[2m > [22m[2mRank Up
[22m[39m[ChatContext] AssistantChat initialized with 1 chats
[90mstdout[2m | src/components/Gamification/RankChangeToast.stories.tsx[2m > [22m[2mRank Up
[22m[39m[ChatContext] Setting initial chat: mock-assistant-chat-1
[90mstdout[2m | src/components/Gamification/RankChangeToast.stories.tsx[2m > [22m[2mRank Up
[22m[39m[MOCK CourseVectorStore] Initialized with mock data
[90mstdout[2m | src/components/Gamification/RankChangeToast.stories.tsx[2m > [22m[2mRank Up
[22m[39m[FilesContext] Vector store population triggered {
  "currentVectorStoreSize": 3,
  "documentsCount": 0,
  "filesCount": 6,
  "isInitialLoad": true,
}
[90mstdout[2m | src/components/Gamification/RankChangeToast.stories.tsx[2m > [22m[2mRank Up
[22m[39m[FilesContext] Vector store population complete - 3 total embeddings
[90mstdout[2m | src/components/Gamification/RankChangeToast.stories.tsx[2m > [22m[2mRank Up
[22m[39m[ChatContext] Chat exists and not archived, skipping creation
[90mstdout[2m | src/components/Gamification/RankChangeToast.stories.tsx[2m > [22m[2mRank Up
[22m[39m[Mock Storage] downloadData called with: undefined
[90mstdout[2m | src/components/Gamification/RankChangeToast.stories.tsx[2m > [22m[2mRank Down
[22m[39m[ChatContext] Cleaning up subscriptions
[90mstdout[2m | src/components/Gamification/RankChangeToast.stories.tsx[2m > [22m[2mRank Down
[22m[39m[Mock Data] Unit.onUpdate() subscription removed. Remaining: 0
[90mstdout[2m | src/components/Gamification/RankChangeToast.stories.tsx[2m > [22m[2mRank Down
[22m[39m[MOCK CourseVectorStore] Initialized with mock data
[90mstdout[2m | src/components/Gamification/RankChangeToast.stories.tsx[2m > [22m[2mRank Down
[22m[39m[TranslationModeController] Setting mode to: off
[90mstdout[2m | src/components/Gamification/RankChangeToast.stories.tsx[2m > [22m[2mRank Down
[22m[39m[UnitContext] useEffect triggered {
  "authLoading": false,
  "hasUser": true,
  "id": "mock-unit-id",
  "userSub": "mock-user-sub",
}
[90mstdout[2m | src/components/Gamification/RankChangeToast.stories.tsx[2m > [22m[2mRank Down
[22m[39m[UnitContext] Fetching unit data for id: mock-unit-id
[90mstdout[2m | src/components/Gamification/RankChangeToast.stories.tsx[2m > [22m[2mRank Down
[22m[39m[FilesContext] Initializing vector store from IndexedDB
[90mstdout[2m | src/components/Gamification/RankChangeToast.stories.tsx[2m > [22m[2mRank Down
[22m[39m[FilesContext] fetchFiles called
[90mstdout[2m | src/components/Gamification/RankChangeToast.stories.tsx[2m > [22m[2mRank Down
[22m[39m[FilesContext] User authenticated: mock-user-sub
[90mstdout[2m | src/components/Gamification/RankChangeToast.stories.tsx[2m > [22m[2mRank Down
[22m[39m[FilesContext] Identity ID: us-east-1:mock-identity-123
[90mstdout[2m | src/components/Gamification/RankChangeToast.stories.tsx[2m > [22m[2mRank Down
[22m[39m[FilesContext] About to set up File observeQuery
[90mstdout[2m | src/components/Gamification/RankChangeToast.stories.tsx[2m > [22m[2mRank Down
[22m[39m[ChatContext] Setting up AssistantChat observeQuery
[90mstdout[2m | src/components/Gamification/RankChangeToast.stories.tsx[2m > [22m[2mRank Down
[22m[39m[ChatContext] Waiting for subscription to initialize
[90mstdout[2m | src/components/Gamification/RankChangeToast.stories.tsx[2m > [22m[2mRank Down
[22m[39m[SettingsContext] Setting up Settings subscription for user: mock-user-sub
[90mstdout[2m | src/components/Gamification/RankChangeToast.stories.tsx[2m > [22m[2mRank Down
[22m[39m[Mock Data] Settings created: mock-settings-1790418326726 - notified 0 subscribers
[90mstdout[2m | src/components/Gamification/RankChangeToast.stories.tsx[2m > [22m[2mRank Down
[22m[39m[Mock Data] Unit.onUpdate() subscription added. Total: 1
[90mstdout[2m | src/components/Gamification/RankChangeToast.stories.tsx[2m > [22m[2mRank Down
[22m[39m[SectionContext] Section observeQuery update: 0
[90mstdout[2m | src/components/Gamification/RankChangeToast.stories.tsx[2m > [22m[2mRank Down
[22m[39m[FilesContext] File observeQuery update: 6 files
[90mstdout[2m | src/components/Gamification/RankChangeToast.stories.tsx[2m > [22m[2mRank Down
[22m[39m[ChatContext] AssistantChat initialized with 1 chats
[90mstdout[2m | src/components/Gamification/RankChangeToast.stories.tsx[2m > [22m[2mRank Down
[22m[39m[ChatContext] Setting initial chat: mock-assistant-chat-1
[90mstdout[2m | src/components/Gamification/RankChangeToast.stories.tsx[2m > [22m[2mRank Down
[22m[39m[Mock Storage] downloadData called with: undefined
[90mstdout[2m | src/components/Gamification/RankChangeToast.stories.tsx[2m > [22m[2mRank Down
[22m[39m[MOCK CourseVectorStore] Initialized with mock data
[90mstdout[2m | src/components/Gamification/RankChangeToast.stories.tsx[2m > [22m[2mRank Down
[22m[39m[FilesContext] Vector store population triggered {
  "currentVectorStoreSize": 3,
  "documentsCount": 0,
  "filesCount": 6,
  "isInitialLoad": true,
}
[90mstdout[2m | src/components/Gamification/RankChangeToast.stories.tsx[2m > [22m[2mRank Down
[22m[39m[FilesContext] Vector store population complete - 3 total embeddings
[90mstdout[2m | src/components/Gamification/RankChangeToast.stories.tsx[2m > [22m[2mRank Down
[22m[39m[ChatContext] Chat exists and not archived, skipping creation
[90mstdout[2m | src/components/Gamification/RankChangeToast.stories.tsx[2m > [22m[2mTop Rank
[22m[39m[ChatContext] Cleaning up subscriptions
[90mstdout[2m | src/components/Gamification/RankChangeToast.stories.tsx[2m > [22m[2mTop Rank
[22m[39m[Mock Data] Unit.onUpdate() subscription removed. Remaining: 0
[90mstdout[2m | src/components/Gamification/RankChangeToast.stories.tsx[2m > [22m[2mTop Rank
[22m[39m[MOCK CourseVectorStore] Initialized with mock data
[90mstdout[2m | src/components/Gamification/RankChangeToast.stories.tsx[2m > [22m[2mTop Rank
[22m[39m[TranslationModeController] Setting mode to: off
[90mstdout[2m | src/components/Gamification/RankChangeToast.stories.tsx[2m > [22m[2mTop Rank
[22m[39m[UnitContext] useEffect triggered {
  "authLoading": false,
  "hasUser": true,
  "id": "mock-unit-id",
  "userSub": "mock-user-sub",
}
[90mstdout[2m | src/components/Gamification/RankChangeToast.stories.tsx[2m > [22m[2mTop Rank
[22m[39m[UnitContext] Fetching unit data for id: mock-unit-id
[90mstdout[2m | src/components/Gamification/RankChangeToast.stories.tsx[2m > [22m[2mTop Rank
[22m[39m[FilesContext] Initializing vector store from IndexedDB
[90mstdout[2m | src/components/Gamification/RankChangeToast.stories.tsx[2m > [22m[2mTop Rank
[22m[39m[FilesContext] fetchFiles called
[90mstdout[2m | src/components/Gamification/RankChangeToast.stories.tsx[2m > [22m[2mTop Rank
[22m[39m[FilesContext] User authenticated: mock-user-sub
[90mstdout[2m | src/components/Gamification/RankChangeToast.stories.tsx[2m > [22m[2mTop Rank
[22m[39m[FilesContext] Identity ID: us-east-1:mock-identity-123
[90mstdout[2m | src/components/Gamification/RankChangeToast.stories.tsx[2m > [22m[2mTop Rank
[22m[39m[FilesContext] About to set up File observeQuery
[90mstdout[2m | src/components/Gamification/RankChangeToast.stories.tsx[2m > [22m[2mTop Rank
[22m[39m[ChatContext] Setting up AssistantChat observeQuery
[90mstdout[2m | src/components/Gamification/RankChangeToast.stories.tsx[2m > [22m[2mTop Rank
[22m[39m[ChatContext] Waiting for subscription to initialize
[90mstdout[2m | src/components/Gamification/RankChangeToast.stories.tsx[2m > [22m[2mTop Rank
[22m[39m[SettingsContext] Setting up Settings subscription for user: mock-user-sub
[90mstdout[2m | src/components/Gamification/RankChangeToast.stories.tsx[2m > [22m[2mTop Rank
[22m[39m[Mock Data] Settings created: mock-settings-1790418326847 - notified 0 subscribers
[90mstdout[2m | src/components/Gamification/RankChangeToast.stories.tsx[2m > [22m[2mTop Rank
[22m[39m[Mock Data] Unit.onUpdate() subscription added. Total: 1
[90mstdout[2m | src/components/Gamification/RankChangeToast.stories.tsx[2m > [22m[2mTop Rank
[22m[39m[SectionContext] Section observeQuery update: 0
[90mstdout[2m | src/components/Gamification/RankChangeToast.stories.tsx[2m > [22m[2mTop Rank
[22m[39m[FilesContext] File observeQuery update: 6 files
[90mstdout[2m | src/components/Gamification/RankChangeToast.stories.tsx[2m > [22m[2mTop Rank
[22m[39m[ChatContext] AssistantChat initialized with 1 chats
[90mstdout[2m | src/components/Gamification/RankChangeToast.stories.tsx[2m > [22m[2mTop Rank
[22m[39m[ChatContext] Setting initial chat: mock-assistant-chat-1
[90mstdout[2m | src/components/Gamification/RankChangeToast.stories.tsx[2m > [22m[2mTop Rank
[22m[39m[MOCK CourseVectorStore] Initialized with mock data
[90mstdout[2m | src/components/Gamification/RankChangeToast.stories.tsx[2m > [22m[2mTop Rank
[22m[39m[FilesContext] Vector store population triggered {
  "currentVectorStoreSize": 3,
  "documentsCount": 0,
  "filesCount": 6,
  "isInitialLoad": true,
}
[90mstdout[2m | src/components/Gamification/RankChangeToast.stories.tsx[2m > [22m[2mTop Rank
[22m[39m[FilesContext] Vector store population complete - 3 total embeddings
[90mstdout[2m | src/components/Gamification/RankChangeToast.stories.tsx[2m > [22m[2mTop Rank
[22m[39m[ChatContext] Chat exists and not archived, skipping creation
[90mstdout[2m | src/components/Gamification/RankChangeToast.stories.tsx[2m > [22m[2mTop Rank
[22m[39m[Mock Storage] downloadData called with: undefined
 [32m✓[39m [30m[45m storybook (chromium) [49m[39m src/components/Gamification/RankChangeToast.stories.tsx [2m([22m[2m3 tests[22m[2m)[22m[33m 360[2mms[22m[39m
[90mstdout[2m | unknown test
[22m[39m[MOCK vectorStoreDB.js] Module loaded - mock IndexedDB operations
[90mstdout[2m | unknown test
[22m[39m[Task Completion] DOM action listeners initialized
[90mstdout[2m | unknown test
[22m[39m[Task Completion] Auto-completion detector initialized
[90mstdout[2m | unknown test
[22m[39m[Preview] Task completion detector initialized
[90mstdout[2m | src/components/Editor3/plugins/AutoEmbedPlugin.stories.jsx[2m > [22m[2mEditable Empty
[22m[39m[Preview] Skipped initializing default mock data (initializeMockData=false)
[90mstdout[2m | src/components/Editor3/plugins/AutoEmbedPlugin.stories.jsx[2m > [22m[2mEditable Empty
[22m[39m[Mock Data] seedMockUnit: Adding unit auto-embed-story-unit
[90mstdout[2m | src/components/Editor3/plugins/AutoEmbedPlugin.stories.jsx[2m > [22m[2mEditable Empty
[22m[39m[MOCK CourseVectorStore] Initialized with mock data
[90mstdout[2m | src/components/Editor3/plugins/AutoEmbedPlugin.stories.jsx[2m > [22m[2mEditable Empty
[22m[39m[TranslationModeController] Setting mode to: off
[90mstdout[2m | src/components/Editor3/plugins/AutoEmbedPlugin.stories.jsx[2m > [22m[2mEditable Empty
[22m[39m[UnitContext] useEffect triggered {
  "authLoading": false,
  "hasUser": true,
  "id": "auto-embed-story-unit",
  "userSub": "mock-user-sub",
}
[90mstdout[2m | src/components/Editor3/plugins/AutoEmbedPlugin.stories.jsx[2m > [22m[2mEditable Empty
[22m[39m[UnitContext] Fetching unit data for id: auto-embed-story-unit
[90mstdout[2m | src/components/Editor3/plugins/AutoEmbedPlugin.stories.jsx[2m > [22m[2mEditable Empty
[22m[39m[FilesContext] Initializing vector store from IndexedDB
[90mstdout[2m | src/components/Editor3/plugins/AutoEmbedPlugin.stories.jsx[2m > [22m[2mEditable Empty
[22m[39m[FilesContext] fetchFiles called
[90mstdout[2m | src/components/Editor3/plugins/AutoEmbedPlugin.stories.jsx[2m > [22m[2mEditable Empty
[22m[39m[FilesContext] User authenticated: mock-user-sub
[90mstdout[2m | src/components/Editor3/plugins/AutoEmbedPlugin.stories.jsx[2m > [22m[2mEditable Empty
[22m[39m[FilesContext] Identity ID: us-east-1:mock-identity-123
[90mstdout[2m | src/components/Editor3/plugins/AutoEmbedPlugin.stories.jsx[2m > [22m[2mEditable Empty
[22m[39m[FilesContext] About to set up File observeQuery
[90mstdout[2m | src/components/Editor3/plugins/AutoEmbedPlugin.stories.jsx[2m > [22m[2mEditable Empty
[22m[39m[ChatContext] Setting up AssistantChat observeQuery
[90mstdout[2m | src/components/Editor3/plugins/AutoEmbedPlugin.stories.jsx[2m > [22m[2mEditable Empty
[22m[39m[ChatContext] Waiting for subscription to initialize
[90mstdout[2m | src/components/Editor3/plugins/AutoEmbedPlugin.stories.jsx[2m > [22m[2mEditable Empty
[22m[39m[SettingsContext] Setting up Settings subscription for user: mock-user-sub
[90mstdout[2m | src/components/Editor3/plugins/AutoEmbedPlugin.stories.jsx[2m > [22m[2mEditable Empty
[22m[39m[Mock Data] Settings created: mock-settings-1790418331034 - notified 0 subscribers
[90mstdout[2m | src/components/Editor3/plugins/AutoEmbedPlugin.stories.jsx[2m > [22m[2mEditable Empty
[22m[39m[Mock Data] Unit.onUpdate() subscription added. Total: 1
[90mstdout[2m | src/components/Editor3/plugins/AutoEmbedPlugin.stories.jsx[2m > [22m[2mEditable Empty
[22m[39m[SectionContext] Section observeQuery update: 0
[90mstdout[2m | src/components/Editor3/plugins/AutoEmbedPlugin.stories.jsx[2m > [22m[2mEditable Empty
[22m[39m[FilesContext] File observeQuery update: 0 files
[90mstdout[2m | src/components/Editor3/plugins/AutoEmbedPlugin.stories.jsx[2m > [22m[2mEditable Empty
[22m[39m[MOCK CourseVectorStore] Initialized with mock data
[90mstdout[2m | src/components/Editor3/plugins/AutoEmbedPlugin.stories.jsx[2m > [22m[2mEditable Empty
[22m[39m[ChatContext] AssistantChat initialized with 0 chats
[90mstdout[2m | src/components/Editor3/plugins/AutoEmbedPlugin.stories.jsx[2m > [22m[2mEditable Empty
[22m[39m[Mock Storage] downloadData called with: undefined
[90mstdout[2m | src/components/Editor3/plugins/AutoEmbedPlugin.stories.jsx[2m > [22m[2mEditable Empty
[22m[39m[ChatContext] No current chat available, will create one
[90mstdout[2m | src/components/Editor3/plugins/AutoEmbedPlugin.stories.jsx[2m > [22m[2mEditable Empty
[22m[39m[ChatContext] Creating AssistantChat with user: undefined
[90mstdout[2m | src/components/Editor3/plugins/AutoEmbedPlugin.stories.jsx[2m > [22m[2mEditable Empty
[22m[39m[Mock Data] AssistantChat created: mock-assistantchat-1790418331048 - notified 1 subscribers
[90mstdout[2m | src/components/Editor3/plugins/AutoEmbedPlugin.stories.jsx[2m > [22m[2mEditable Empty
[22m[39m[ChatContext] Create result: {
  "data": {
    "_version": 1,
    "archived": false,
    "chatFiles": [Function anonymous],
    "createdAt": "2026-09-26T10:25:31.048Z",
    "id": "mock-assistantchat-1790418331048",
    "model": "gpt-4",
    "updatedAt": "2026-09-26T10:25:31.048Z",
  },
  "errors": [],
  "hasData": true,
  "hasErrors": true,
}
[90mstdout[2m | src/components/Editor3/plugins/AutoEmbedPlugin.stories.jsx[2m > [22m[2mEditable Empty
[22m[39m[ChatContext] Created AssistantChat: mock-assistantchat-1790418331048 at: 2026-09-26T10:25:31.048Z
[90mstdout[2m | src/components/Editor3/plugins/AutoEmbedPlugin.stories.jsx[2m > [22m[2mEditable Empty
[22m[39m[ChatContext] Setting initial chat: mock-assistantchat-1790418331048
[90mstdout[2m | src/components/Editor3/plugins/AutoEmbedPlugin.stories.jsx[2m > [22m[2mEditable Empty
[22m[39m[ChatContext] Chat exists and not archived, skipping creation
[90mstdout[2m | src/components/Editor3/plugins/AutoEmbedPlugin.stories.jsx[2m > [22m[2mEditable With Instructions
[22m[39m[ChatContext] Cleaning up subscriptions
[90mstdout[2m | src/components/Editor3/plugins/AutoEmbedPlugin.stories.jsx[2m > [22m[2mEditable With Instructions
[22m[39m[Mock Data] Unit.onUpdate() subscription removed. Remaining: 0
[90mstdout[2m | src/components/Editor3/plugins/AutoEmbedPlugin.stories.jsx[2m > [22m[2mEditable With Instructions
[22m[39m[Preview] Skipped initializing default mock data (initializeMockData=false)
[90mstdout[2m | src/components/Editor3/plugins/AutoEmbedPlugin.stories.jsx[2m > [22m[2mEditable With Instructions
[22m[39m[Mock Data] seedMockUnit: Adding unit auto-embed-story-unit
[90mstdout[2m | src/components/Editor3/plugins/AutoEmbedPlugin.stories.jsx[2m > [22m[2mEditable With Instructions
[22m[39m[MOCK CourseVectorStore] Initialized with mock data
[90mstdout[2m | src/components/Editor3/plugins/AutoEmbedPlugin.stories.jsx[2m > [22m[2mEditable With Instructions
[22m[39m[TranslationModeController] Setting mode to: off
[90mstdout[2m | src/components/Editor3/plugins/AutoEmbedPlugin.stories.jsx[2m > [22m[2mEditable With Instructions
[22m[39m[UnitContext] useEffect triggered {
  "authLoading": false,
  "hasUser": true,
  "id": "auto-embed-story-unit",
  "userSub": "mock-user-sub",
}
[90mstdout[2m | src/components/Editor3/plugins/AutoEmbedPlugin.stories.jsx[2m > [22m[2mEditable With Instructions
[22m[39m[UnitContext] Fetching unit data for id: auto-embed-story-unit
[90mstdout[2m | src/components/Editor3/plugins/AutoEmbedPlugin.stories.jsx[2m > [22m[2mEditable With Instructions
[22m[39m[FilesContext] Initializing vector store from IndexedDB
[90mstdout[2m | src/components/Editor3/plugins/AutoEmbedPlugin.stories.jsx[2m > [22m[2mEditable With Instructions
[22m[39m[FilesContext] fetchFiles called
[90mstdout[2m | src/components/Editor3/plugins/AutoEmbedPlugin.stories.jsx[2m > [22m[2mEditable With Instructions
[22m[39m[FilesContext] User authenticated: mock-user-sub
[90mstdout[2m | src/components/Editor3/plugins/AutoEmbedPlugin.stories.jsx[2m > [22m[2mEditable With Instructions
[22m[39m[FilesContext] Identity ID: us-east-1:mock-identity-123
[90mstdout[2m | src/components/Editor3/plugins/AutoEmbedPlugin.stories.jsx[2m > [22m[2mEditable With Instructions
[22m[39m[FilesContext] About to set up File observeQuery
[90mstdout[2m | src/components/Editor3/plugins/AutoEmbedPlugin.stories.jsx[2m > [22m[2mEditable With Instructions
[22m[39m[ChatContext] Setting up AssistantChat observeQuery
[90mstdout[2m | src/components/Editor3/plugins/AutoEmbedPlugin.stories.jsx[2m > [22m[2mEditable With Instructions
[22m[39m[ChatContext] Waiting for subscription to initialize
[90mstdout[2m | src/components/Editor3/plugins/AutoEmbedPlugin.stories.jsx[2m > [22m[2mEditable With Instructions
[22m[39m[SettingsContext] Setting up Settings subscription for user: mock-user-sub
[90mstdout[2m | src/components/Editor3/plugins/AutoEmbedPlugin.stories.jsx[2m > [22m[2mEditable With Instructions
[22m[39m[Mock Data] Settings created: mock-settings-1790418331198 - notified 0 subscribers
[90mstdout[2m | src/components/Editor3/plugins/AutoEmbedPlugin.stories.jsx[2m > [22m[2mEditable With Instructions
[22m[39m[Mock Data] Unit.onUpdate() subscription added. Total: 1
[90mstdout[2m | src/components/Editor3/plugins/AutoEmbedPlugin.stories.jsx[2m > [22m[2mEditable With Instructions
[22m[39m[SectionContext] Section observeQuery update: 0
[90mstdout[2m | src/components/Editor3/plugins/AutoEmbedPlugin.stories.jsx[2m > [22m[2mEditable With Instructions
[22m[39m[FilesContext] File observeQuery update: 0 files
[90mstdout[2m | src/components/Editor3/plugins/AutoEmbedPlugin.stories.jsx[2m > [22m[2mEditable With Instructions
[22m[39m[ChatContext] AssistantChat initialized with 0 chats
[90mstdout[2m | src/components/Editor3/plugins/AutoEmbedPlugin.stories.jsx[2m > [22m[2mEditable With Instructions
[22m[39m[Mock Storage] downloadData called with: undefined
[90mstdout[2m | src/components/Editor3/plugins/AutoEmbedPlugin.stories.jsx[2m > [22m[2mEditable With Instructions
[22m[39m[MOCK CourseVectorStore] Initialized with mock data
[90mstdout[2m | src/components/Editor3/plugins/AutoEmbedPlugin.stories.jsx[2m > [22m[2mEditable With Instructions
[22m[39m[ChatContext] No current chat available, will create one
[90mstdout[2m | src/components/Editor3/plugins/AutoEmbedPlugin.stories.jsx[2m > [22m[2mEditable With Instructions
[22m[39m[ChatContext] Creating AssistantChat with user: undefined
[90mstdout[2m | src/components/Editor3/plugins/AutoEmbedPlugin.stories.jsx[2m > [22m[2mEditable With Instructions
[22m[39m[Mock Data] AssistantChat created: mock-assistantchat-1790418331210 - notified 1 subscribers
[90mstdout[2m | src/components/Editor3/plugins/AutoEmbedPlugin.stories.jsx[2m > [22m[2mEditable With Instructions
[22m[39m[ChatContext] Create result: {
  "data": {
    "_version": 1,
    "archived": false,
    "chatFiles": [Function anonymous],
    "createdAt": "2026-09-26T10:25:31.210Z",
    "id": "mock-assistantchat-1790418331210",
    "model": "gpt-4",
    "updatedAt": "2026-09-26T10:25:31.210Z",
  },
  "errors": [],
  "hasData": true,
  "hasErrors": true,
}
[90mstdout[2m | src/components/Editor3/plugins/AutoEmbedPlugin.stories.jsx[2m > [22m[2mEditable With Instructions
[22m[39m[ChatContext] Created AssistantChat: mock-assistantchat-1790418331210 at: 2026-09-26T10:25:31.210Z
[90mstdout[2m | src/components/Editor3/plugins/AutoEmbedPlugin.stories.jsx[2m > [22m[2mEditable With Instructions
[22m[39m[ChatContext] Setting initial chat: mock-assistantchat-1790418331210
[90mstdout[2m | src/components/Editor3/plugins/AutoEmbedPlugin.stories.jsx[2m > [22m[2mEditable With Instructions
[22m[39m[ChatContext] Chat exists and not archived, skipping creation
 [32m✓[39m [30m[45m storybook (chromium) [49m[39m src/components/Editor3/plugins/AutoEmbedPlugin.stories.jsx [2m([22m[2m2 tests[22m[2m)[22m[32m 294[2mms[22m[39m
[90mstdout[2m | unknown test
[22m[39m[MOCK vectorStoreDB.js] Module loaded - mock IndexedDB operations
[90mstdout[2m | unknown test
[22m[39m[Task Completion] DOM action listeners initialized
[90mstdout[2m | unknown test
[22m[39m[Task Completion] Auto-completion detector initialized
[90mstdout[2m | unknown test
[22m[39m[Preview] Task completion detector initialized
[90mstdout[2m | src/components/Chat/ChatMessageList.stories.tsx[2m > [22m[2mDefault
[22m[39m[TranslationModeController] Setting mode to: off
[90mstdout[2m | src/components/Chat/ChatMessageList.stories.tsx[2m > [22m[2mTool Error
[22m[39m[TranslationModeController] Setting mode to: off
 [32m✓[39m [30m[45m storybook (chromium) [49m[39m src/components/Chat/ChatMessageList.stories.tsx [2m([22m[2m2 tests[22m[2m)[22m[32m 273[2mms[22m[39m
[90mstdout[2m | unknown test
[22m[39m[MOCK vectorStoreDB.js] Module loaded - mock IndexedDB operations
[90mstdout[2m | unknown test
[22m[39m[Task Completion] DOM action listeners initialized
[90mstdout[2m | unknown test
[22m[39m[Task Completion] Auto-completion detector initialized
[90mstdout[2m | unknown test
[22m[39m[Preview] Task completion detector initialized
[90mstdout[2m | src/components/RecordingStudio3/TimelineCard.stories.tsx[2m > [22m[2mDefault
[22m[39m[TranslationModeController] Setting mode to: off
[90mstdout[2m | src/components/RecordingStudio3/TimelineCard.stories.tsx[2m > [22m[2mSelected
[22m[39m[TranslationModeController] Setting mode to: off
[90mstdout[2m | src/components/RecordingStudio3/TimelineCard.stories.tsx[2m > [22m[2mLong Text
[22m[39m[TranslationModeController] Setting mode to: off
[90mstdout[2m | src/components/RecordingStudio3/TimelineCard.stories.tsx[2m > [22m[2mNarrow Card
[22m[39m[TranslationModeController] Setting mode to: off
 [32m✓[39m [30m[45m storybook (chromium) [49m[39m src/components/RecordingStudio3/TimelineCard.stories.tsx [2m([22m[2m4 tests[22m[2m)[22m[33m 307[2mms[22m[39m
[90mstdout[2m | unknown test
[22m[39m[MOCK vectorStoreDB.js] Module loaded - mock IndexedDB operations
[90mstdout[2m | unknown test
[22m[39m[Task Completion] DOM action listeners initialized
[90mstdout[2m | unknown test
[22m[39m[Task Completion] Auto-completion detector initialized
[90mstdout[2m | unknown test
[22m[39m[Preview] Task completion detector initialized
[90mstdout[2m | .storybook/docs/CoreConcepts.stories.tsx[2m > [22m[2mHow It Works
[22m[39m[MOCK CourseVectorStore] Initialized with mock data
[90mstdout[2m | .storybook/docs/CoreConcepts.stories.tsx[2m > [22m[2mHow It Works
[22m[39m[TranslationModeController] Setting mode to: off
[90mstdout[2m | .storybook/docs/CoreConcepts.stories.tsx[2m > [22m[2mHow It Works
[22m[39m[UnitContext] useEffect triggered {
  "authLoading": false,
  "hasUser": true,
  "id": "mock-unit-id",
  "userSub": "mock-user-sub",
}
[90mstdout[2m | .storybook/docs/CoreConcepts.stories.tsx[2m > [22m[2mHow It Works
[22m[39m[UnitContext] Fetching unit data for id: mock-unit-id
[90mstdout[2m | .storybook/docs/CoreConcepts.stories.tsx[2m > [22m[2mHow It Works
[22m[39m[FilesContext] Initializing vector store from IndexedDB
[90mstdout[2m | .storybook/docs/CoreConcepts.stories.tsx[2m > [22m[2mHow It Works
[22m[39m[FilesContext] fetchFiles called
[90mstdout[2m | .storybook/docs/CoreConcepts.stories.tsx[2m > [22m[2mHow It Works
[22m[39m[FilesContext] User authenticated: mock-user-sub
[90mstdout[2m | .storybook/docs/CoreConcepts.stories.tsx[2m > [22m[2mHow It Works
[22m[39m[FilesContext] Identity ID: us-east-1:mock-identity-123
[90mstdout[2m | .storybook/docs/CoreConcepts.stories.tsx[2m > [22m[2mHow It Works
[22m[39m[FilesContext] About to set up File observeQuery
[90mstdout[2m | .storybook/docs/CoreConcepts.stories.tsx[2m > [22m[2mHow It Works
[22m[39m[ChatContext] Setting up AssistantChat observeQuery
[90mstdout[2m | .storybook/docs/CoreConcepts.stories.tsx[2m > [22m[2mHow It Works
[22m[39m[ChatContext] Waiting for subscription to initialize
[90mstdout[2m | .storybook/docs/CoreConcepts.stories.tsx[2m > [22m[2mHow It Works
[22m[39m[SettingsContext] Setting up Settings subscription for user: mock-user-sub
[90mstdout[2m | .storybook/docs/CoreConcepts.stories.tsx[2m > [22m[2mHow It Works
[22m[39m[Mock Data] Settings created: mock-settings-1790418336941 - notified 0 subscribers
[90mstdout[2m | .storybook/docs/CoreConcepts.stories.tsx[2m > [22m[2mHow It Works
[22m[39m[Mock Data] Unit.onUpdate() subscription added. Total: 1
[90mstdout[2m | .storybook/docs/CoreConcepts.stories.tsx[2m > [22m[2mHow It Works
[22m[39m[SectionContext] Section observeQuery update: 0
[90mstdout[2m | .storybook/docs/CoreConcepts.stories.tsx[2m > [22m[2mHow It Works
[22m[39m[FilesContext] File observeQuery update: 6 files
[90mstdout[2m | .storybook/docs/CoreConcepts.stories.tsx[2m > [22m[2mHow It Works
[22m[39m[ChatContext] AssistantChat initialized with 1 chats
[90mstdout[2m | .storybook/docs/CoreConcepts.stories.tsx[2m > [22m[2mHow It Works
[22m[39m[ChatContext] Setting initial chat: mock-assistant-chat-1
[90mstdout[2m | .storybook/docs/CoreConcepts.stories.tsx[2m > [22m[2mHow It Works
[22m[39m[MOCK CourseVectorStore] Initialized with mock data
[90mstdout[2m | .storybook/docs/CoreConcepts.stories.tsx[2m > [22m[2mHow It Works
[22m[39m[FilesContext] Vector store population triggered {
  "currentVectorStoreSize": 3,
  "documentsCount": 0,
  "filesCount": 6,
  "isInitialLoad": true,
}
[90mstdout[2m | .storybook/docs/CoreConcepts.stories.tsx[2m > [22m[2mHow It Works
[22m[39m[FilesContext] Vector store population complete - 3 total embeddings
[90mstdout[2m | .storybook/docs/CoreConcepts.stories.tsx[2m > [22m[2mHow It Works
[22m[39m[ChatContext] Chat exists and not archived, skipping creation
[90mstdout[2m | .storybook/docs/CoreConcepts.stories.tsx[2m > [22m[2mHow It Works
[22m[39m[Mock Storage] downloadData called with: undefined
 [32m✓[39m [30m[45m storybook (chromium) [49m[39m .storybook/docs/CoreConcepts.stories.tsx [2m([22m[2m1 test[22m[2m)[22m[33m 306[2mms[22m[39m
   [33m[2m✓[22m[39m How It Works [33m 305[2mms[22m[39m
[90mstdout[2m | unknown test
[22m[39m[MOCK vectorStoreDB.js] Module loaded - mock IndexedDB operations
[90mstdout[2m | unknown test
[22m[39m[Task Completion] DOM action listeners initialized
[90mstdout[2m | unknown test
[22m[39m[Task Completion] Auto-completion detector initialized
[90mstdout[2m | unknown test
[22m[39m[Preview] Task completion detector initialized
[90mstdout[2m | src/components/RecordingStudio3/AudioFilterPanel.stories.tsx[2m > [22m[2mAll Off
[22m[39m[TranslationModeController] Setting mode to: off
[90mstdout[2m | src/components/RecordingStudio3/AudioFilterPanel.stories.tsx[2m > [22m[2mSome Active
[22m[39m[TranslationModeController] Setting mode to: off
[90mstdout[2m | src/components/RecordingStudio3/AudioFilterPanel.stories.tsx[2m > [22m[2mAll Active
[22m[39m[TranslationModeController] Setting mode to: off
 [32m✓[39m [30m[45m storybook (chromium) [49m[39m src/components/RecordingStudio3/AudioFilterPanel.stories.tsx [2m([22m[2m3 tests[22m[2m)[22m[33m 375[2mms[22m[39m
[90mstdout[2m | unknown test
[22m[39m[MOCK vectorStoreDB.js] Module loaded - mock IndexedDB operations
[90mstdout[2m | unknown test
[22m[39m[Task Completion] DOM action listeners initialized
[90mstdout[2m | unknown test
[22m[39m[Task Completion] Auto-completion detector initialized
[90mstdout[2m | unknown test
[22m[39m[Preview] Task completion detector initialized
[90mstdout[2m | src/components/Gamification/ContentLockCard.stories.tsx[2m > [22m[2mLocked By XP
[22m[39m[TranslationModeController] Setting mode to: off
[90mstdout[2m | src/components/Gamification/ContentLockCard.stories.tsx[2m > [22m[2mLocked By Badge
[22m[39m[TranslationModeController] Setting mode to: off
[90mstdout[2m | src/components/Gamification/ContentLockCard.stories.tsx[2m > [22m[2mLocked By Completion
[22m[39m[TranslationModeController] Setting mode to: off
[90mstdout[2m | src/components/Gamification/ContentLockCard.stories.tsx[2m > [22m[2mUnlocked
[22m[39m[TranslationModeController] Setting mode to: off
 [32m✓[39m [30m[45m storybook (chromium) [49m[39m src/components/Gamification/ContentLockCard.stories.tsx [2m([22m[2m4 tests[22m[2m)[22m[33m 351[2mms[22m[39m
[90mstdout[2m | unknown test
[22m[39m[MOCK vectorStoreDB.js] Module loaded - mock IndexedDB operations
[90mstdout[2m | unknown test
[22m[39m[Task Completion] DOM action listeners initialized
[90mstdout[2m | unknown test
[22m[39m[Task Completion] Auto-completion detector initialized
[90mstdout[2m | unknown test
[22m[39m[Preview] Task completion detector initialized
[90mstdout[2m | src/components/Editor3/components/ImageComponent.stories.jsx[2m > [22m[2mWith File Id
[22m[39m[MOCK CourseVectorStore] Initialized with mock data
[90mstdout[2m | src/components/Editor3/components/ImageComponent.stories.jsx[2m > [22m[2mWith File Id
[22m[39mMock Cache.getItem called with: getCachedUrl_/story-mocks/animals-10008941_1280.jpg
[90mstdout[2m | src/components/Editor3/components/ImageComponent.stories.jsx[2m > [22m[2mWith File Id
[22m[39mMock Cache.getItem called with: getCachedUrl_protected/us-east-1:mock-identity-id-0001/abc123-def456/small.webp
[90mstdout[2m | src/components/Editor3/components/ImageComponent.stories.jsx[2m > [22m[2mWith File Id
[22m[39mMock Cache.getItem called with: getCachedUrl_protected/us-east-1:mock-identity-id-0001/abc123-def456/medium.webp
[90mstdout[2m | src/components/Editor3/components/ImageComponent.stories.jsx[2m > [22m[2mWith File Id
[22m[39mMock Cache.getItem called with: getCachedUrl_protected/us-east-1:mock-identity-id-0001/abc123-def456/large.webp
[90mstdout[2m | src/components/Editor3/components/ImageComponent.stories.jsx[2m > [22m[2mWith File Id
[22m[39m[TranslationModeController] Setting mode to: off
[90mstdout[2m | src/components/Editor3/components/ImageComponent.stories.jsx[2m > [22m[2mWith File Id
[22m[39m[FilesContext] Initializing vector store from IndexedDB
[90mstdout[2m | src/components/Editor3/components/ImageComponent.stories.jsx[2m > [22m[2mWith File Id
[22m[39m[FilesContext] fetchFiles called
[90mstdout[2m | src/components/Editor3/components/ImageComponent.stories.jsx[2m > [22m[2mWith File Id
[22m[39m[FilesContext] User authenticated: mock-user-sub
[90mstdout[2m | src/components/Editor3/components/ImageComponent.stories.jsx[2m > [22m[2mWith File Id
[22m[39m[FilesContext] Identity ID: us-east-1:mock-identity-123
[90mstdout[2m | src/components/Editor3/components/ImageComponent.stories.jsx[2m > [22m[2mWith File Id
[22m[39m[FilesContext] About to set up File observeQuery
[90mstdout[2m | src/components/Editor3/components/ImageComponent.stories.jsx[2m > [22m[2mWith File Id
[22m[39m[ChatContext] Setting up AssistantChat observeQuery
[90mstdout[2m | src/components/Editor3/components/ImageComponent.stories.jsx[2m > [22m[2mWith File Id
[22m[39m[ChatContext] Waiting for subscription to initialize
[90mstdout[2m | src/components/Editor3/components/ImageComponent.stories.jsx[2m > [22m[2mWith File Id
[22m[39m[SettingsContext] Setting up Settings subscription for user: mock-user-sub
[90mstdout[2m | src/components/Editor3/components/ImageComponent.stories.jsx[2m > [22m[2mWith File Id
[22m[39mMock getUrl called with: /story-mocks/animals-10008941_1280.jpg
[90mstdout[2m | src/components/Editor3/components/ImageComponent.stories.jsx[2m > [22m[2mWith File Id
[22m[39mMock getUrl called with: protected/us-east-1:mock-identity-id-0001/abc123-def456/small.webp
[90mstdout[2m | src/components/Editor3/components/ImageComponent.stories.jsx[2m > [22m[2mWith File Id
[22m[39mMock getUrl called with: protected/us-east-1:mock-identity-id-0001/abc123-def456/medium.webp
[90mstdout[2m | src/components/Editor3/components/ImageComponent.stories.jsx[2m > [22m[2mWith File Id
[22m[39mMock getUrl called with: protected/us-east-1:mock-identity-id-0001/abc123-def456/large.webp
[90mstdout[2m | src/components/Editor3/components/ImageComponent.stories.jsx[2m > [22m[2mWith File Id
[22m[39m[Mock Data] Settings created: mock-settings-1790418339473 - notified 0 subscribers
[90mstdout[2m | src/components/Editor3/components/ImageComponent.stories.jsx[2m > [22m[2mWith File Id
[22m[39mMock Cache.setItem called with: getCachedUrl_/story-mocks/animals-10008941_1280.jpg /story-mocks/animals-10008941_1280.jpg
[90mstdout[2m | src/components/Editor3/components/ImageComponent.stories.jsx[2m > [22m[2mWith File Id
[22m[39mMock Cache.setItem called with: getCachedUrl_protected/us-east-1:mock-identity-id-0001/abc123-def456/small.webp protected/us-east-1:mock-identity-id-0001/abc123-def456/small.webp
[90mstdout[2m | src/components/Editor3/components/ImageComponent.stories.jsx[2m > [22m[2mWith File Id
[22m[39mMock Cache.setItem called with: getCachedUrl_protected/us-east-1:mock-identity-id-0001/abc123-def456/medium.webp protected/us-east-1:mock-identity-id-0001/abc123-def456/medium.webp
[90mstdout[2m | src/components/Editor3/components/ImageComponent.stories.jsx[2m > [22m[2mWith File Id
[22m[39mMock Cache.setItem called with: getCachedUrl_protected/us-east-1:mock-identity-id-0001/abc123-def456/large.webp protected/us-east-1:mock-identity-id-0001/abc123-def456/large.webp
[90mstdout[2m | src/components/Editor3/components/ImageComponent.stories.jsx[2m > [22m[2mWith File Id
[22m[39m[FilesContext] File observeQuery update: 6 files
[90mstdout[2m | src/components/Editor3/components/ImageComponent.stories.jsx[2m > [22m[2mWith File Id
[22m[39m[ChatContext] AssistantChat initialized with 1 chats
[90mstdout[2m | src/components/Editor3/components/ImageComponent.stories.jsx[2m > [22m[2mWith File Id
[22m[39m[ChatContext] Setting initial chat: mock-assistant-chat-1
[90mstdout[2m | src/components/Editor3/components/ImageComponent.stories.jsx[2m > [22m[2mWith File Id
[22m[39m[MOCK CourseVectorStore] Initialized with mock data
[90mstdout[2m | src/components/Editor3/components/ImageComponent.stories.jsx[2m > [22m[2mWith File Id
[22m[39m[FilesContext] Vector store population triggered {
  "currentVectorStoreSize": 3,
  "documentsCount": 0,
  "filesCount": 6,
  "isInitialLoad": true,
}
[90mstdout[2m | src/components/Editor3/components/ImageComponent.stories.jsx[2m > [22m[2mWith File Id
[22m[39m[FilesContext] Vector store population complete - 3 total embeddings
[90mstdout[2m | src/components/Editor3/components/ImageComponent.stories.jsx[2m > [22m[2mWith File Id
[22m[39m[ChatContext] Chat exists and not archived, skipping creation
[90mstdout[2m | src/components/Editor3/components/ImageComponent.stories.jsx[2m > [22m[2mWith File Id
[22m[39m[Mock Storage] downloadData called with: undefined
[90mstdout[2m | src/components/Editor3/components/ImageComponent.stories.jsx[2m > [22m[2mWith Src Only
[22m[39m[ChatContext] Cleaning up subscriptions
[90mstdout[2m | src/components/Editor3/components/ImageComponent.stories.jsx[2m > [22m[2mWith Src Only
[22m[39m[MOCK CourseVectorStore] Initialized with mock data
[90mstdout[2m | src/components/Editor3/components/ImageComponent.stories.jsx[2m > [22m[2mWith Src Only
[22m[39m[TranslationModeController] Setting mode to: off
[90mstdout[2m | src/components/Editor3/components/ImageComponent.stories.jsx[2m > [22m[2mWith Src Only
[22m[39m[FilesContext] Initializing vector store from IndexedDB
[90mstdout[2m | src/components/Editor3/components/ImageComponent.stories.jsx[2m > [22m[2mWith Src Only
[22m[39m[FilesContext] fetchFiles called
[90mstdout[2m | src/components/Editor3/components/ImageComponent.stories.jsx[2m > [22m[2mWith Src Only
[22m[39m[FilesContext] User authenticated: mock-user-sub
[90mstdout[2m | src/components/Editor3/components/ImageComponent.stories.jsx[2m > [22m[2mWith Src Only
[22m[39m[FilesContext] Identity ID: us-east-1:mock-identity-123
[90mstdout[2m | src/components/Editor3/components/ImageComponent.stories.jsx[2m > [22m[2mWith Src Only
[22m[39m[FilesContext] About to set up File observeQuery
[90mstdout[2m | src/components/Editor3/components/ImageComponent.stories.jsx[2m > [22m[2mWith Src Only
[22m[39m[ChatContext] Setting up AssistantChat observeQuery
[90mstdout[2m | src/components/Editor3/components/ImageComponent.stories.jsx[2m > [22m[2mWith Src Only
[22m[39m[ChatContext] Waiting for subscription to initialize
[90mstdout[2m | src/components/Editor3/components/ImageComponent.stories.jsx[2m > [22m[2mWith Src Only
[22m[39m[SettingsContext] Setting up Settings subscription for user: mock-user-sub
[90mstdout[2m | src/components/Editor3/components/ImageComponent.stories.jsx[2m > [22m[2mWith Src Only
[22m[39m[Mock Data] Settings created: mock-settings-1790418339588 - notified 0 subscribers
[90mstdout[2m | src/components/Editor3/components/ImageComponent.stories.jsx[2m > [22m[2mWith Src Only
[22m[39m[Mock Storage] downloadData called with: undefined
[90mstdout[2m | src/components/Editor3/components/ImageComponent.stories.jsx[2m > [22m[2mWith Src Only
[22m[39m[FilesContext] File observeQuery update: 6 files
[90mstdout[2m | src/components/Editor3/components/ImageComponent.stories.jsx[2m > [22m[2mWith Src Only
[22m[39m[ChatContext] AssistantChat initialized with 1 chats
[90mstdout[2m | src/components/Editor3/components/ImageComponent.stories.jsx[2m > [22m[2mWith Src Only
[22m[39m[ChatContext] Setting initial chat: mock-assistant-chat-1
[90mstdout[2m | src/components/Editor3/components/ImageComponent.stories.jsx[2m > [22m[2mWith Src Only
[22m[39m[MOCK CourseVectorStore] Initialized with mock data
[90mstdout[2m | src/components/Editor3/components/ImageComponent.stories.jsx[2m > [22m[2mWith Src Only
[22m[39m[FilesContext] Vector store population triggered {
  "currentVectorStoreSize": 3,
  "documentsCount": 0,
  "filesCount": 6,
  "isInitialLoad": true,
}
[90mstdout[2m | src/components/Editor3/components/ImageComponent.stories.jsx[2m > [22m[2mWith Src Only
[22m[39m[FilesContext] Vector store population complete - 3 total embeddings
[90mstdout[2m | src/components/Editor3/components/ImageComponent.stories.jsx[2m > [22m[2mWith Src Only
[22m[39m[ChatContext] Chat exists and not archived, skipping creation
[90mstdout[2m | src/components/Editor3/components/ImageComponent.stories.jsx[2m > [22m[2mPublished Path
[22m[39m[ChatContext] Cleaning up subscriptions
[90mstdout[2m | src/components/Editor3/components/ImageComponent.stories.jsx[2m > [22m[2mPublished Path
[22m[39m[MOCK CourseVectorStore] Initialized with mock data
[90mstdout[2m | src/components/Editor3/components/ImageComponent.stories.jsx[2m > [22m[2mPublished Path
[22m[39mMock Cache.getItem called with: getCachedUrl_/story-mocks/piano-10046998_1280.jpg
[90mstdout[2m | src/components/Editor3/components/ImageComponent.stories.jsx[2m > [22m[2mPublished Path
[22m[39m[TranslationModeController] Setting mode to: off
[90mstdout[2m | src/components/Editor3/components/ImageComponent.stories.jsx[2m > [22m[2mPublished Path
[22m[39m[FilesContext] Initializing vector store from IndexedDB
[90mstdout[2m | src/components/Editor3/components/ImageComponent.stories.jsx[2m > [22m[2mPublished Path
[22m[39m[FilesContext] fetchFiles called
[90mstdout[2m | src/components/Editor3/components/ImageComponent.stories.jsx[2m > [22m[2mPublished Path
[22m[39m[FilesContext] User authenticated: mock-user-sub
[90mstdout[2m | src/components/Editor3/components/ImageComponent.stories.jsx[2m > [22m[2mPublished Path
[22m[39m[FilesContext] Identity ID: us-east-1:mock-identity-123
[90mstdout[2m | src/components/Editor3/components/ImageComponent.stories.jsx[2m > [22m[2mPublished Path
[22m[39m[FilesContext] About to set up File observeQuery
[90mstdout[2m | src/components/Editor3/components/ImageComponent.stories.jsx[2m > [22m[2mPublished Path
[22m[39m[ChatContext] Setting up AssistantChat observeQuery
[90mstdout[2m | src/components/Editor3/components/ImageComponent.stories.jsx[2m > [22m[2mPublished Path
[22m[39m[ChatContext] Waiting for subscription to initialize
[90mstdout[2m | src/components/Editor3/components/ImageComponent.stories.jsx[2m > [22m[2mPublished Path
[22m[39m[SettingsContext] Setting up Settings subscription for user: mock-user-sub
[90mstdout[2m | src/components/Editor3/components/ImageComponent.stories.jsx[2m > [22m[2mPublished Path
[22m[39mMock getUrl called with: /story-mocks/piano-10046998_1280.jpg
[90mstdout[2m | src/components/Editor3/components/ImageComponent.stories.jsx[2m > [22m[2mPublished Path
[22m[39m[Mock Data] Settings created: mock-settings-1790418339669 - notified 0 subscribers
[90mstdout[2m | src/components/Editor3/components/ImageComponent.stories.jsx[2m > [22m[2mPublished Path
[22m[39mMock Cache.setItem called with: getCachedUrl_/story-mocks/piano-10046998_1280.jpg /story-mocks/piano-10046998_1280.jpg
[90mstdout[2m | src/components/Editor3/components/ImageComponent.stories.jsx[2m > [22m[2mPublished Path
[22m[39m[FilesContext] File observeQuery update: 6 files
[90mstdout[2m | src/components/Editor3/components/ImageComponent.stories.jsx[2m > [22m[2mPublished Path
[22m[39m[MOCK CourseVectorStore] Initialized with mock data
[90mstdout[2m | src/components/Editor3/components/ImageComponent.stories.jsx[2m > [22m[2mPublished Path
[22m[39m[FilesContext] Vector store population triggered {
  "currentVectorStoreSize": 3,
  "documentsCount": 0,
  "filesCount": 6,
  "isInitialLoad": true,
}
[90mstdout[2m | src/components/Editor3/components/ImageComponent.stories.jsx[2m > [22m[2mPublished Path
[22m[39m[FilesContext] Vector store population complete - 3 total embeddings
[90mstdout[2m | src/components/Editor3/components/ImageComponent.stories.jsx[2m > [22m[2mPublished Path
[22m[39m[ChatContext] AssistantChat initialized with 1 chats
[90mstdout[2m | src/components/Editor3/components/ImageComponent.stories.jsx[2m > [22m[2mPublished Path
[22m[39m[ChatContext] Setting initial chat: mock-assistant-chat-1
[90mstdout[2m | src/components/Editor3/components/ImageComponent.stories.jsx[2m > [22m[2mPublished Path
[22m[39m[Mock Storage] downloadData called with: undefined
[90mstdout[2m | src/components/Editor3/components/ImageComponent.stories.jsx[2m > [22m[2mPublished Path
[22m[39m[ChatContext] Chat exists and not archived, skipping creation
 [32m✓[39m [30m[45m storybook (chromium) [49m[39m src/components/Editor3/components/ImageComponent.stories.jsx [2m([22m[2m3 tests[22m[2m)[22m[33m 304[2mms[22m[39m
[90mstdout[2m | unknown test
[22m[39m[MOCK vectorStoreDB.js] Module loaded - mock IndexedDB operations
[90mstdout[2m | unknown test
[22m[39m[Task Completion] DOM action listeners initialized
[90mstdout[2m | unknown test
[22m[39m[Task Completion] Auto-completion detector initialized
[90mstdout[2m | unknown test
[22m[39m[Preview] Task completion detector initialized
[90mstdout[2m | src/components/OfflineBanner.stories.tsx[2m > [22m[2mOnline (hidden)
[22m[39m[TranslationModeController] Setting mode to: off
[90mstdout[2m | src/components/OfflineBanner.stories.tsx[2m > [22m[2mOffline Warning
[22m[39m[TranslationModeController] Setting mode to: off
 [32m✓[39m [30m[45m storybook (chromium) [49m[39m src/components/OfflineBanner.stories.tsx [2m([22m[2m2 tests[22m[2m)[22m[32m 211[2mms[22m[39m
[90mstdout[2m | unknown test
[22m[39m[MOCK vectorStoreDB.js] Module loaded - mock IndexedDB operations
[90mstdout[2m | unknown test
[22m[39m[Task Completion] DOM action listeners initialized
[90mstdout[2m | unknown test
[22m[39m[Task Completion] Auto-completion detector initialized
[90mstdout[2m | unknown test
[22m[39m[Preview] Task completion detector initialized
[90mstdout[2m | src/components/PeerReview/OpenPeerReviewButton.stories.tsx[2m > [22m[2mOpen Button Default
[22m[39m[MOCK CourseVectorStore] Initialized with mock data
[90mstdout[2m | src/components/PeerReview/OpenPeerReviewButton.stories.tsx[2m > [22m[2mOpen Button Default
[22m[39m[TranslationModeController] Setting mode to: off
[90mstdout[2m | src/components/PeerReview/OpenPeerReviewButton.stories.tsx[2m > [22m[2mOpen Button Default
[22m[39m[UnitContext] useEffect triggered {
  "authLoading": false,
  "hasUser": true,
  "id": "mock-unit-id",
  "userSub": "mock-user-sub",
}
[90mstdout[2m | src/components/PeerReview/OpenPeerReviewButton.stories.tsx[2m > [22m[2mOpen Button Default
[22m[39m[UnitContext] Fetching unit data for id: mock-unit-id
[90mstdout[2m | src/components/PeerReview/OpenPeerReviewButton.stories.tsx[2m > [22m[2mOpen Button Default
[22m[39m[FilesContext] Initializing vector store from IndexedDB
[90mstdout[2m | src/components/PeerReview/OpenPeerReviewButton.stories.tsx[2m > [22m[2mOpen Button Default
[22m[39m[FilesContext] fetchFiles called
[90mstdout[2m | src/components/PeerReview/OpenPeerReviewButton.stories.tsx[2m > [22m[2mOpen Button Default
[22m[39m[FilesContext] User authenticated: mock-user-sub
[90mstdout[2m | src/components/PeerReview/OpenPeerReviewButton.stories.tsx[2m > [22m[2mOpen Button Default
[22m[39m[FilesContext] Identity ID: us-east-1:mock-identity-123
[90mstdout[2m | src/components/PeerReview/OpenPeerReviewButton.stories.tsx[2m > [22m[2mOpen Button Default
[22m[39m[FilesContext] About to set up File observeQuery
[90mstdout[2m | src/components/PeerReview/OpenPeerReviewButton.stories.tsx[2m > [22m[2mOpen Button Default
[22m[39m[ChatContext] Setting up AssistantChat observeQuery
[90mstdout[2m | src/components/PeerReview/OpenPeerReviewButton.stories.tsx[2m > [22m[2mOpen Button Default
[22m[39m[ChatContext] Waiting for subscription to initialize
[90mstdout[2m | src/components/PeerReview/OpenPeerReviewButton.stories.tsx[2m > [22m[2mOpen Button Default
[22m[39m[SettingsContext] Setting up Settings subscription for user: mock-user-sub
[90mstdout[2m | src/components/PeerReview/OpenPeerReviewButton.stories.tsx[2m > [22m[2mOpen Button Default
[22m[39m[Mock Data] Settings created: mock-settings-1790418344954 - notified 0 subscribers
[90mstdout[2m | src/components/PeerReview/OpenPeerReviewButton.stories.tsx[2m > [22m[2mOpen Button Default
[22m[39m[Mock Data] Unit.onUpdate() subscription added. Total: 1
[90mstdout[2m | src/components/PeerReview/OpenPeerReviewButton.stories.tsx[2m > [22m[2mOpen Button Default
[22m[39m[SectionContext] Section observeQuery update: 0
[90mstdout[2m | src/components/PeerReview/OpenPeerReviewButton.stories.tsx[2m > [22m[2mOpen Button Default
[22m[39m[FilesContext] File observeQuery update: 6 files
[90mstdout[2m | src/components/PeerReview/OpenPeerReviewButton.stories.tsx[2m > [22m[2mOpen Button Default
[22m[39m[ChatContext] AssistantChat initialized with 1 chats
[90mstdout[2m | src/components/PeerReview/OpenPeerReviewButton.stories.tsx[2m > [22m[2mOpen Button Default
[22m[39m[ChatContext] Setting initial chat: mock-assistant-chat-1
[90mstdout[2m | src/components/PeerReview/OpenPeerReviewButton.stories.tsx[2m > [22m[2mOpen Button Default
[22m[39m[Mock Storage] downloadData called with: undefined
[90mstdout[2m | src/components/PeerReview/OpenPeerReviewButton.stories.tsx[2m > [22m[2mOpen Button Default
[22m[39m[MOCK CourseVectorStore] Initialized with mock data
[90mstdout[2m | src/components/PeerReview/OpenPeerReviewButton.stories.tsx[2m > [22m[2mOpen Button Default
[22m[39m[FilesContext] Vector store population triggered {
  "currentVectorStoreSize": 3,
  "documentsCount": 0,
  "filesCount": 6,
  "isInitialLoad": true,
}
[90mstdout[2m | src/components/PeerReview/OpenPeerReviewButton.stories.tsx[2m > [22m[2mOpen Button Default
[22m[39m[FilesContext] Vector store population complete - 3 total embeddings
[90mstdout[2m | src/components/PeerReview/OpenPeerReviewButton.stories.tsx[2m > [22m[2mOpen Button Default
[22m[39m[ChatContext] Chat exists and not archived, skipping creation
[90mstdout[2m | src/components/PeerReview/OpenPeerReviewButton.stories.tsx[2m > [22m[2mOpen Button Disabled
[22m[39m[ChatContext] Cleaning up subscriptions
[90mstdout[2m | src/components/PeerReview/OpenPeerReviewButton.stories.tsx[2m > [22m[2mOpen Button Disabled
[22m[39m[Mock Data] Unit.onUpdate() subscription removed. Remaining: 0
[90mstdout[2m | src/components/PeerReview/OpenPeerReviewButton.stories.tsx[2m > [22m[2mOpen Button Disabled
[22m[39m[MOCK CourseVectorStore] Initialized with mock data
[90mstdout[2m | src/components/PeerReview/OpenPeerReviewButton.stories.tsx[2m > [22m[2mOpen Button Disabled
[22m[39m[TranslationModeController] Setting mode to: off
[90mstdout[2m | src/components/PeerReview/OpenPeerReviewButton.stories.tsx[2m > [22m[2mOpen Button Disabled
[22m[39m[UnitContext] useEffect triggered {
  "authLoading": false,
  "hasUser": true,
  "id": "mock-unit-id",
  "userSub": "mock-user-sub",
}
[90mstdout[2m | src/components/PeerReview/OpenPeerReviewButton.stories.tsx[2m > [22m[2mOpen Button Disabled
[22m[39m[UnitContext] Fetching unit data for id: mock-unit-id
[90mstdout[2m | src/components/PeerReview/OpenPeerReviewButton.stories.tsx[2m > [22m[2mOpen Button Disabled
[22m[39m[FilesContext] Initializing vector store from IndexedDB
[90mstdout[2m | src/components/PeerReview/OpenPeerReviewButton.stories.tsx[2m > [22m[2mOpen Button Disabled
[22m[39m[FilesContext] fetchFiles called
[90mstdout[2m | src/components/PeerReview/OpenPeerReviewButton.stories.tsx[2m > [22m[2mOpen Button Disabled
[22m[39m[FilesContext] User authenticated: mock-user-sub
[90mstdout[2m | src/components/PeerReview/OpenPeerReviewButton.stories.tsx[2m > [22m[2mOpen Button Disabled
[22m[39m[FilesContext] Identity ID: us-east-1:mock-identity-123
[90mstdout[2m | src/components/PeerReview/OpenPeerReviewButton.stories.tsx[2m > [22m[2mOpen Button Disabled
[22m[39m[FilesContext] About to set up File observeQuery
[90mstdout[2m | src/components/PeerReview/OpenPeerReviewButton.stories.tsx[2m > [22m[2mOpen Button Disabled
[22m[39m[ChatContext] Setting up AssistantChat observeQuery
[90mstdout[2m | src/components/PeerReview/OpenPeerReviewButton.stories.tsx[2m > [22m[2mOpen Button Disabled
[22m[39m[ChatContext] Waiting for subscription to initialize
[90mstdout[2m | src/components/PeerReview/OpenPeerReviewButton.stories.tsx[2m > [22m[2mOpen Button Disabled
[22m[39m[SettingsContext] Setting up Settings subscription for user: mock-user-sub
[90mstdout[2m | src/components/PeerReview/OpenPeerReviewButton.stories.tsx[2m > [22m[2mOpen Button Disabled
[22m[39m[Mock Data] Settings created: mock-settings-1790418345088 - notified 0 subscribers
[90mstdout[2m | src/components/PeerReview/OpenPeerReviewButton.stories.tsx[2m > [22m[2mOpen Button Disabled
[22m[39m[Mock Data] Unit.onUpdate() subscription added. Total: 1
[90mstdout[2m | src/components/PeerReview/OpenPeerReviewButton.stories.tsx[2m > [22m[2mOpen Button Disabled
[22m[39m[SectionContext] Section observeQuery update: 0
[90mstdout[2m | src/components/PeerReview/OpenPeerReviewButton.stories.tsx[2m > [22m[2mOpen Button Disabled
[22m[39m[Mock Storage] downloadData called with: undefined
[90mstdout[2m | src/components/PeerReview/OpenPeerReviewButton.stories.tsx[2m > [22m[2mOpen Button Disabled
[22m[39m[FilesContext] File observeQuery update: 6 files
[90mstdout[2m | src/components/PeerReview/OpenPeerReviewButton.stories.tsx[2m > [22m[2mOpen Button Disabled
[22m[39m[ChatContext] AssistantChat initialized with 1 chats
[90mstdout[2m | src/components/PeerReview/OpenPeerReviewButton.stories.tsx[2m > [22m[2mOpen Button Disabled
[22m[39m[ChatContext] Setting initial chat: mock-assistant-chat-1
[90mstdout[2m | src/components/PeerReview/OpenPeerReviewButton.stories.tsx[2m > [22m[2mOpen Button Disabled
[22m[39m[MOCK CourseVectorStore] Initialized with mock data
[90mstdout[2m | src/components/PeerReview/OpenPeerReviewButton.stories.tsx[2m > [22m[2mOpen Button Disabled
[22m[39m[FilesContext] Vector store population triggered {
  "currentVectorStoreSize": 3,
  "documentsCount": 0,
  "filesCount": 6,
  "isInitialLoad": true,
}
[90mstdout[2m | src/components/PeerReview/OpenPeerReviewButton.stories.tsx[2m > [22m[2mOpen Button Disabled
[22m[39m[FilesContext] Vector store population complete - 3 total embeddings
[90mstdout[2m | src/components/PeerReview/OpenPeerReviewButton.stories.tsx[2m > [22m[2mOpen Button Disabled
[22m[39m[ChatContext] Chat exists and not archived, skipping creation
[90mstdout[2m | src/components/PeerReview/OpenPeerReviewButton.stories.tsx[2m > [22m[2mOpen Button Create Error
[22m[39m[ChatContext] Cleaning up subscriptions
[90mstdout[2m | src/components/PeerReview/OpenPeerReviewButton.stories.tsx[2m > [22m[2mOpen Button Create Error
[22m[39m[Mock Data] Unit.onUpdate() subscription removed. Remaining: 0
[90mstdout[2m | src/components/PeerReview/OpenPeerReviewButton.stories.tsx[2m > [22m[2mOpen Button Create Error
[22m[39m[MOCK CourseVectorStore] Initialized with mock data
[90mstdout[2m | src/components/PeerReview/OpenPeerReviewButton.stories.tsx[2m > [22m[2mOpen Button Create Error
[22m[39m[TranslationModeController] Setting mode to: off
[90mstdout[2m | src/components/PeerReview/OpenPeerReviewButton.stories.tsx[2m > [22m[2mOpen Button Create Error
[22m[39m[UnitContext] useEffect triggered {
  "authLoading": false,
  "hasUser": true,
  "id": "mock-unit-id",
  "userSub": "mock-user-sub",
}
[90mstdout[2m | src/components/PeerReview/OpenPeerReviewButton.stories.tsx[2m > [22m[2mOpen Button Create Error
[22m[39m[UnitContext] Fetching unit data for id: mock-unit-id
[90mstdout[2m | src/components/PeerReview/OpenPeerReviewButton.stories.tsx[2m > [22m[2mOpen Button Create Error
[22m[39m[FilesContext] Initializing vector store from IndexedDB
[90mstdout[2m | src/components/PeerReview/OpenPeerReviewButton.stories.tsx[2m > [22m[2mOpen Button Create Error
[22m[39m[FilesContext] fetchFiles called
[90mstdout[2m | src/components/PeerReview/OpenPeerReviewButton.stories.tsx[2m > [22m[2mOpen Button Create Error
[22m[39m[FilesContext] User authenticated: mock-user-sub
[90mstdout[2m | src/components/PeerReview/OpenPeerReviewButton.stories.tsx[2m > [22m[2mOpen Button Create Error
[22m[39m[FilesContext] Identity ID: us-east-1:mock-identity-123
[90mstdout[2m | src/components/PeerReview/OpenPeerReviewButton.stories.tsx[2m > [22m[2mOpen Button Create Error
[22m[39m[FilesContext] About to set up File observeQuery
[90mstdout[2m | src/components/PeerReview/OpenPeerReviewButton.stories.tsx[2m > [22m[2mOpen Button Create Error
[22m[39m[ChatContext] Setting up AssistantChat observeQuery
[90mstdout[2m | src/components/PeerReview/OpenPeerReviewButton.stories.tsx[2m > [22m[2mOpen Button Create Error
[22m[39m[ChatContext] Waiting for subscription to initialize
[90mstdout[2m | src/components/PeerReview/OpenPeerReviewButton.stories.tsx[2m > [22m[2mOpen Button Create Error
[22m[39m[SettingsContext] Setting up Settings subscription for user: mock-user-sub
[90mstdout[2m | src/components/PeerReview/OpenPeerReviewButton.stories.tsx[2m > [22m[2mOpen Button Create Error
[22m[39m[Mock Data] Settings created: mock-settings-1790418345205 - notified 0 subscribers
[90mstdout[2m | src/components/PeerReview/OpenPeerReviewButton.stories.tsx[2m > [22m[2mOpen Button Create Error
[22m[39m[Mock Data] Unit.onUpdate() subscription added. Total: 1
[90mstdout[2m | src/components/PeerReview/OpenPeerReviewButton.stories.tsx[2m > [22m[2mOpen Button Create Error
[22m[39m[SectionContext] Section observeQuery update: 0
[90mstdout[2m | src/components/PeerReview/OpenPeerReviewButton.stories.tsx[2m > [22m[2mOpen Button Create Error
[22m[39m[FilesContext] File observeQuery update: 6 files
[90mstdout[2m | src/components/PeerReview/OpenPeerReviewButton.stories.tsx[2m > [22m[2mOpen Button Create Error
[22m[39m[ChatContext] AssistantChat initialized with 1 chats
[90mstdout[2m | src/components/PeerReview/OpenPeerReviewButton.stories.tsx[2m > [22m[2mOpen Button Create Error
[22m[39m[ChatContext] Setting initial chat: mock-assistant-chat-1
[90mstdout[2m | src/components/PeerReview/OpenPeerReviewButton.stories.tsx[2m > [22m[2mOpen Button Create Error
[22m[39m[MOCK CourseVectorStore] Initialized with mock data
[90mstdout[2m | src/components/PeerReview/OpenPeerReviewButton.stories.tsx[2m > [22m[2mOpen Button Create Error
[22m[39m[FilesContext] Vector store population triggered {
  "currentVectorStoreSize": 3,
  "documentsCount": 0,
  "filesCount": 6,
  "isInitialLoad": true,
}
[90mstdout[2m | src/components/PeerReview/OpenPeerReviewButton.stories.tsx[2m > [22m[2mOpen Button Create Error
[22m[39m[FilesContext] Vector store population complete - 3 total embeddings
[90mstdout[2m | src/components/PeerReview/OpenPeerReviewButton.stories.tsx[2m > [22m[2mOpen Button Create Error
[22m[39m[ChatContext] Chat exists and not archived, skipping creation
[90mstdout[2m | src/components/PeerReview/OpenPeerReviewButton.stories.tsx[2m > [22m[2mOpen Button Create Error
[22m[39m[Mock Storage] downloadData called with: undefined
 [32m✓[39m [30m[45m storybook (chromium) [49m[39m src/components/PeerReview/OpenPeerReviewButton.stories.tsx [2m([22m[2m3 tests[22m[2m)[22m[33m 397[2mms[22m[39m
[90mstdout[2m | unknown test
[22m[39mfilterWords {
  "filter": "",
  "wordsCount": 0,
}
[90mstdout[2m | unknown test
[22m[39m[MOCK vectorStoreDB.js] Module loaded - mock IndexedDB operations
[90mstdout[2m | unknown test
[22m[39m[Task Completion] DOM action listeners initialized
[90mstdout[2m | unknown test
[22m[39m[Task Completion] Auto-completion detector initialized
[90mstdout[2m | unknown test
[22m[39m[Preview] Task completion detector initialized
[90mstdout[2m | src/components/NotificationBadge.stories.tsx[2m > [22m[2mNo Unseen (Hidden)
[22m[39m[TranslationModeController] Setting mode to: off
[90mstdout[2m | src/components/NotificationBadge.stories.tsx[2m > [22m[2m3 Unseen
[22m[39m[TranslationModeController] Setting mode to: off
[90mstdout[2m | src/components/NotificationBadge.stories.tsx[2m > [22m[2m99+ Unseen
[22m[39m[TranslationModeController] Setting mode to: off
[90mstdout[2m | src/components/NotificationBadge.stories.tsx[2m > [22m[2mCategory-Filtered Badges
[22m[39m[TranslationModeController] Setting mode to: off
 [32m✓[39m [30m[45m storybook (chromium) [49m[39m src/components/NotificationBadge.stories.tsx [2m([22m[2m4 tests[22m[2m)[22m[32m 281[2mms[22m[39m
[90mstdout[2m | unknown test
[22m[39m[MOCK vectorStoreDB.js] Module loaded - mock IndexedDB operations
[90mstdout[2m | unknown test
[22m[39m[Task Completion] DOM action listeners initialized
[90mstdout[2m | unknown test
[22m[39m[Task Completion] Auto-completion detector initialized
[90mstdout[2m | unknown test
[22m[39m[Preview] Task completion detector initialized
[90mstdout[2m | src/components/Gamification/LexicalPlainTextField.stories.tsx[2m > [22m[2mDefault
[22m[39m[TranslationModeController] Setting mode to: off
[90mstdout[2m | src/components/Gamification/LexicalPlainTextField.stories.tsx[2m > [22m[2mDisabled
[22m[39m[TranslationModeController] Setting mode to: off
[90mstdout[2m | src/components/Gamification/LexicalPlainTextField.stories.tsx[2m > [22m[2mMultiline
[22m[39m[TranslationModeController] Setting mode to: off
 [32m✓[39m [30m[45m storybook (chromium) [49m[39m src/components/Gamification/LexicalPlainTextField.stories.tsx [2m([22m[2m3 tests[22m[2m)[22m[32m 253[2mms[22m[39m
[90mstdout[2m | unknown test
[22m[39m[MOCK vectorStoreDB.js] Module loaded - mock IndexedDB operations
[90mstdout[2m | unknown test
[22m[39m[Task Completion] DOM action listeners initialized
[90mstdout[2m | unknown test
[22m[39m[Task Completion] Auto-completion detector initialized
[90mstdout[2m | unknown test
[22m[39m[Preview] Task completion detector initialized
[90mstdout[2m | src/components/Gamification/StreakIndicator.stories.tsx[2m > [22m[2mActive 5 Day
[22m[39m[TranslationModeController] Setting mode to: off
[90mstdout[2m | src/components/Gamification/StreakIndicator.stories.tsx[2m > [22m[2mNo Streak
[22m[39m[TranslationModeController] Setting mode to: off
[90mstdout[2m | src/components/Gamification/StreakIndicator.stories.tsx[2m > [22m[2mMilestone 7 Day
[22m[39m[TranslationModeController] Setting mode to: off
[90mstdout[2m | src/components/Gamification/StreakIndicator.stories.tsx[2m > [22m[2mLong Streak
[22m[39m[TranslationModeController] Setting mode to: off
[90mstdout[2m | src/components/Gamification/StreakIndicator.stories.tsx[2m > [22m[2mSmall Size
[22m[39m[TranslationModeController] Setting mode to: off
 [32m✓[39m [30m[45m storybook (chromium) [49m[39m src/components/Gamification/StreakIndicator.stories.tsx [2m([22m[2m5 tests[22m[2m)[22m[33m 324[2mms[22m[39m
[90mstdout[2m | unknown test
[22m[39m[MOCK vectorStoreDB.js] Module loaded - mock IndexedDB operations
[90mstdout[2m | unknown test
[22m[39m[Task Completion] DOM action listeners initialized
[90mstdout[2m | unknown test
[22m[39m[Task Completion] Auto-completion detector initialized
[90mstdout[2m | unknown test
[22m[39m[Preview] Task completion detector initialized
[90mstdout[2m | src/components/ErrorState.stories.tsx[2m > [22m[2mDefault
[22m[39m[MOCK CourseVectorStore] Initialized with mock data
[90mstdout[2m | src/components/ErrorState.stories.tsx[2m > [22m[2mDefault
[22m[39m[TranslationModeController] Setting mode to: off
[90mstdout[2m | src/components/ErrorState.stories.tsx[2m > [22m[2mDefault
[22m[39m[UnitContext] useEffect triggered {
  "authLoading": false,
  "hasUser": true,
  "id": "mock-unit-id",
  "userSub": "mock-user-sub",
}
[90mstdout[2m | src/components/ErrorState.stories.tsx[2m > [22m[2mDefault
[22m[39m[UnitContext] Fetching unit data for id: mock-unit-id
[90mstdout[2m | src/components/ErrorState.stories.tsx[2m > [22m[2mDefault
[22m[39m[FilesContext] Initializing vector store from IndexedDB
[90mstdout[2m | src/components/ErrorState.stories.tsx[2m > [22m[2mDefault
[22m[39m[FilesContext] fetchFiles called
[90mstdout[2m | src/components/ErrorState.stories.tsx[2m > [22m[2mDefault
[22m[39m[FilesContext] User authenticated: mock-user-sub
[90mstdout[2m | src/components/ErrorState.stories.tsx[2m > [22m[2mDefault
[22m[39m[FilesContext] Identity ID: us-east-1:mock-identity-123
[90mstdout[2m | src/components/ErrorState.stories.tsx[2m > [22m[2mDefault
[22m[39m[FilesContext] About to set up File observeQuery
[90mstdout[2m | src/components/ErrorState.stories.tsx[2m > [22m[2mDefault
[22m[39m[ChatContext] Setting up AssistantChat observeQuery
[90mstdout[2m | src/components/ErrorState.stories.tsx[2m > [22m[2mDefault
[22m[39m[ChatContext] Waiting for subscription to initialize
[90mstdout[2m | src/components/ErrorState.stories.tsx[2m > [22m[2mDefault
[22m[39m[SettingsContext] Setting up Settings subscription for user: mock-user-sub
[90mstdout[2m | src/components/ErrorState.stories.tsx[2m > [22m[2mDefault
[22m[39m[Mock Data] Settings created: mock-settings-1790418348676 - notified 0 subscribers
[90mstdout[2m | src/components/ErrorState.stories.tsx[2m > [22m[2mDefault
[22m[39m[Mock Data] Unit.onUpdate() subscription added. Total: 1
[90mstdout[2m | src/components/ErrorState.stories.tsx[2m > [22m[2mDefault
[22m[39m[SectionContext] Section observeQuery update: 0
[90mstdout[2m | src/components/ErrorState.stories.tsx[2m > [22m[2mDefault
[22m[39m[FilesContext] File observeQuery update: 6 files
[90mstdout[2m | src/components/ErrorState.stories.tsx[2m > [22m[2mDefault
[22m[39m[ChatContext] AssistantChat initialized with 1 chats
[90mstdout[2m | src/components/ErrorState.stories.tsx[2m > [22m[2mDefault
[22m[39m[ChatContext] Setting initial chat: mock-assistant-chat-1
[90mstdout[2m | src/components/ErrorState.stories.tsx[2m > [22m[2mDefault
[22m[39m[MOCK CourseVectorStore] Initialized with mock data
[90mstdout[2m | src/components/ErrorState.stories.tsx[2m > [22m[2mDefault
[22m[39m[FilesContext] Vector store population triggered {
  "currentVectorStoreSize": 3,
  "documentsCount": 0,
  "filesCount": 6,
  "isInitialLoad": true,
}
[90mstdout[2m | src/components/ErrorState.stories.tsx[2m > [22m[2mDefault
[22m[39m[FilesContext] Vector store population complete - 3 total embeddings
[90mstdout[2m | src/components/ErrorState.stories.tsx[2m > [22m[2mDefault
[22m[39m[ChatContext] Chat exists and not archived, skipping creation
[90mstdout[2m | src/components/ErrorState.stories.tsx[2m > [22m[2mDefault
[22m[39m[Mock Storage] downloadData called with: undefined
[90mstdout[2m | src/components/ErrorState.stories.tsx[2m > [22m[2mWithout Retry
[22m[39m[ChatContext] Cleaning up subscriptions
[90mstdout[2m | src/components/ErrorState.stories.tsx[2m > [22m[2mWithout Retry
[22m[39m[Mock Data] Unit.onUpdate() subscription removed. Remaining: 0
[90mstdout[2m | src/components/ErrorState.stories.tsx[2m > [22m[2mWithout Retry
[22m[39m[MOCK CourseVectorStore] Initialized with mock data
[90mstdout[2m | src/components/ErrorState.stories.tsx[2m > [22m[2mWithout Retry
[22m[39m[TranslationModeController] Setting mode to: off
[90mstdout[2m | src/components/ErrorState.stories.tsx[2m > [22m[2mWithout Retry
[22m[39m[UnitContext] useEffect triggered {
  "authLoading": false,
  "hasUser": true,
  "id": "mock-unit-id",
  "userSub": "mock-user-sub",
}
[90mstdout[2m | src/components/ErrorState.stories.tsx[2m > [22m[2mWithout Retry
[22m[39m[UnitContext] Fetching unit data for id: mock-unit-id
[90mstdout[2m | src/components/ErrorState.stories.tsx[2m > [22m[2mWithout Retry
[22m[39m[FilesContext] Initializing vector store from IndexedDB
[90mstdout[2m | src/components/ErrorState.stories.tsx[2m > [22m[2mWithout Retry
[22m[39m[FilesContext] fetchFiles called
[90mstdout[2m | src/components/ErrorState.stories.tsx[2m > [22m[2mWithout Retry
[22m[39m[FilesContext] User authenticated: mock-user-sub
[90mstdout[2m | src/components/ErrorState.stories.tsx[2m > [22m[2mWithout Retry
[22m[39m[FilesContext] Identity ID: us-east-1:mock-identity-123
[90mstdout[2m | src/components/ErrorState.stories.tsx[2m > [22m[2mWithout Retry
[22m[39m[FilesContext] About to set up File observeQuery
[90mstdout[2m | src/components/ErrorState.stories.tsx[2m > [22m[2mWithout Retry
[22m[39m[ChatContext] Setting up AssistantChat observeQuery
[90mstdout[2m | src/components/ErrorState.stories.tsx[2m > [22m[2mWithout Retry
[22m[39m[ChatContext] Waiting for subscription to initialize
[90mstdout[2m | src/components/ErrorState.stories.tsx[2m > [22m[2mWithout Retry
[22m[39m[SettingsContext] Setting up Settings subscription for user: mock-user-sub
[90mstdout[2m | src/components/ErrorState.stories.tsx[2m > [22m[2mWithout Retry
[22m[39m[Mock Data] Settings created: mock-settings-1790418348833 - notified 0 subscribers
[90mstdout[2m | src/components/ErrorState.stories.tsx[2m > [22m[2mWithout Retry
[22m[39m[Mock Data] Unit.onUpdate() subscription added. Total: 1
[90mstdout[2m | src/components/ErrorState.stories.tsx[2m > [22m[2mWithout Retry
[22m[39m[SectionContext] Section observeQuery update: 0
[90mstdout[2m | src/components/ErrorState.stories.tsx[2m > [22m[2mWithout Retry
[22m[39m[FilesContext] File observeQuery update: 6 files
[90mstdout[2m | src/components/ErrorState.stories.tsx[2m > [22m[2mWithout Retry
[22m[39m[ChatContext] AssistantChat initialized with 1 chats
[90mstdout[2m | src/components/ErrorState.stories.tsx[2m > [22m[2mWithout Retry
[22m[39m[ChatContext] Setting initial chat: mock-assistant-chat-1
[90mstdout[2m | src/components/ErrorState.stories.tsx[2m > [22m[2mWithout Retry
[22m[39m[Mock Storage] downloadData called with: undefined
[90mstdout[2m | src/components/ErrorState.stories.tsx[2m > [22m[2mWithout Retry
[22m[39m[MOCK CourseVectorStore] Initialized with mock data
[90mstdout[2m | src/components/ErrorState.stories.tsx[2m > [22m[2mWithout Retry
[22m[39m[FilesContext] Vector store population triggered {
  "currentVectorStoreSize": 3,
  "documentsCount": 0,
  "filesCount": 6,
  "isInitialLoad": true,
}
[90mstdout[2m | src/components/ErrorState.stories.tsx[2m > [22m[2mWithout Retry
[22m[39m[FilesContext] Vector store population complete - 3 total embeddings
[90mstdout[2m | src/components/ErrorState.stories.tsx[2m > [22m[2mWithout Retry
[22m[39m[ChatContext] Chat exists and not archived, skipping creation
[90mstdout[2m | src/components/ErrorState.stories.tsx[2m > [22m[2mCustom Actions
[22m[39m[ChatContext] Cleaning up subscriptions
[90mstdout[2m | src/components/ErrorState.stories.tsx[2m > [22m[2mCustom Actions
[22m[39m[Mock Data] Unit.onUpdate() subscription removed. Remaining: 0
[90mstdout[2m | src/components/ErrorState.stories.tsx[2m > [22m[2mCustom Actions
[22m[39m[MOCK CourseVectorStore] Initialized with mock data
[90mstdout[2m | src/components/ErrorState.stories.tsx[2m > [22m[2mCustom Actions
[22m[39m[TranslationModeController] Setting mode to: off
[90mstdout[2m | src/components/ErrorState.stories.tsx[2m > [22m[2mCustom Actions
[22m[39m[UnitContext] useEffect triggered {
  "authLoading": false,
  "hasUser": true,
  "id": "mock-unit-id",
  "userSub": "mock-user-sub",
}
[90mstdout[2m | src/components/ErrorState.stories.tsx[2m > [22m[2mCustom Actions
[22m[39m[UnitContext] Fetching unit data for id: mock-unit-id
[90mstdout[2m | src/components/ErrorState.stories.tsx[2m > [22m[2mCustom Actions
[22m[39m[FilesContext] Initializing vector store from IndexedDB
[90mstdout[2m | src/components/ErrorState.stories.tsx[2m > [22m[2mCustom Actions
[22m[39m[FilesContext] fetchFiles called
[90mstdout[2m | src/components/ErrorState.stories.tsx[2m > [22m[2mCustom Actions
[22m[39m[FilesContext] User authenticated: mock-user-sub
[90mstdout[2m | src/components/ErrorState.stories.tsx[2m > [22m[2mCustom Actions
[22m[39m[FilesContext] Identity ID: us-east-1:mock-identity-123
[90mstdout[2m | src/components/ErrorState.stories.tsx[2m > [22m[2mCustom Actions
[22m[39m[FilesContext] About to set up File observeQuery
[90mstdout[2m | src/components/ErrorState.stories.tsx[2m > [22m[2mCustom Actions
[22m[39m[ChatContext] Setting up AssistantChat observeQuery
[90mstdout[2m | src/components/ErrorState.stories.tsx[2m > [22m[2mCustom Actions
[22m[39m[ChatContext] Waiting for subscription to initialize
[90mstdout[2m | src/components/ErrorState.stories.tsx[2m > [22m[2mCustom Actions
[22m[39m[SettingsContext] Setting up Settings subscription for user: mock-user-sub
[90mstdout[2m | src/components/ErrorState.stories.tsx[2m > [22m[2mCustom Actions
[22m[39m[Mock Data] Settings created: mock-settings-1790418348969 - notified 0 subscribers
[90mstdout[2m | src/components/ErrorState.stories.tsx[2m > [22m[2mCustom Actions
[22m[39m[Mock Data] Unit.onUpdate() subscription added. Total: 1
[90mstdout[2m | src/components/ErrorState.stories.tsx[2m > [22m[2mCustom Actions
[22m[39m[SectionContext] Section observeQuery update: 0
[90mstdout[2m | src/components/ErrorState.stories.tsx[2m > [22m[2mCustom Actions
[22m[39m[FilesContext] File observeQuery update: 6 files
[90mstdout[2m | src/components/ErrorState.stories.tsx[2m > [22m[2mCustom Actions
[22m[39m[ChatContext] AssistantChat initialized with 1 chats
[90mstdout[2m | src/components/ErrorState.stories.tsx[2m > [22m[2mCustom Actions
[22m[39m[ChatContext] Setting initial chat: mock-assistant-chat-1
[90mstdout[2m | src/components/ErrorState.stories.tsx[2m > [22m[2mCustom Actions
[22m[39m[MOCK CourseVectorStore] Initialized with mock data
[90mstdout[2m | src/components/ErrorState.stories.tsx[2m > [22m[2mCustom Actions
[22m[39m[FilesContext] Vector store population triggered {
  "currentVectorStoreSize": 3,
  "documentsCount": 0,
  "filesCount": 6,
  "isInitialLoad": true,
}
[90mstdout[2m | src/components/ErrorState.stories.tsx[2m > [22m[2mCustom Actions
[22m[39m[FilesContext] Vector store population complete - 3 total embeddings
[90mstdout[2m | src/components/ErrorState.stories.tsx[2m > [22m[2mCustom Actions
[22m[39m[ChatContext] Chat exists and not archived, skipping creation
[90mstdout[2m | src/components/ErrorState.stories.tsx[2m > [22m[2mCustom Actions
[22m[39m[Mock Storage] downloadData called with: undefined
 [32m✓[39m [30m[45m storybook (chromium) [49m[39m src/components/ErrorState.stories.tsx [2m([22m[2m3 tests[22m[2m)[22m[33m 443[2mms[22m[39m
[90mstdout[2m | unknown test
[22m[39m[MOCK vectorStoreDB.js] Module loaded - mock IndexedDB operations
[90mstdout[2m | unknown test
[22m[39m[Task Completion] DOM action listeners initialized
[90mstdout[2m | unknown test
[22m[39m[Task Completion] Auto-completion detector initialized
[90mstdout[2m | unknown test
[22m[39m[Preview] Task completion detector initialized
[90mstdout[2m | src/components/PeerReview/JoinByCode.stories.tsx[2m > [22m[2mDefault
[22m[39m[MOCK CourseVectorStore] Initialized with mock data
[90mstdout[2m | src/components/PeerReview/JoinByCode.stories.tsx[2m > [22m[2mDefault
[22m[39m[TranslationModeController] Setting mode to: off
[90mstdout[2m | src/components/PeerReview/JoinByCode.stories.tsx[2m > [22m[2mDefault
[22m[39m[UnitContext] useEffect triggered {
  "authLoading": false,
  "hasUser": true,
  "id": "mock-unit-id",
  "userSub": "mock-user-sub",
}
[90mstdout[2m | src/components/PeerReview/JoinByCode.stories.tsx[2m > [22m[2mDefault
[22m[39m[UnitContext] Fetching unit data for id: mock-unit-id
[90mstdout[2m | src/components/PeerReview/JoinByCode.stories.tsx[2m > [22m[2mDefault
[22m[39m[FilesContext] Initializing vector store from IndexedDB
[90mstdout[2m | src/components/PeerReview/JoinByCode.stories.tsx[2m > [22m[2mDefault
[22m[39m[FilesContext] fetchFiles called
[90mstdout[2m | src/components/PeerReview/JoinByCode.stories.tsx[2m > [22m[2mDefault
[22m[39m[FilesContext] User authenticated: mock-user-sub
[90mstdout[2m | src/components/PeerReview/JoinByCode.stories.tsx[2m > [22m[2mDefault
[22m[39m[FilesContext] Identity ID: us-east-1:mock-identity-123
[90mstdout[2m | src/components/PeerReview/JoinByCode.stories.tsx[2m > [22m[2mDefault
[22m[39m[FilesContext] About to set up File observeQuery
[90mstdout[2m | src/components/PeerReview/JoinByCode.stories.tsx[2m > [22m[2mDefault
[22m[39m[ChatContext] Setting up AssistantChat observeQuery
[90mstdout[2m | src/components/PeerReview/JoinByCode.stories.tsx[2m > [22m[2mDefault
[22m[39m[ChatContext] Waiting for subscription to initialize
[90mstdout[2m | src/components/PeerReview/JoinByCode.stories.tsx[2m > [22m[2mDefault
[22m[39m[SettingsContext] Setting up Settings subscription for user: mock-user-sub
[90mstdout[2m | src/components/PeerReview/JoinByCode.stories.tsx[2m > [22m[2mDefault
[22m[39m[Mock Data] Settings created: mock-settings-1790418349697 - notified 0 subscribers
[90mstdout[2m | src/components/PeerReview/JoinByCode.stories.tsx[2m > [22m[2mDefault
[22m[39m[Mock Data] Unit.onUpdate() subscription added. Total: 1
[90mstdout[2m | src/components/PeerReview/JoinByCode.stories.tsx[2m > [22m[2mDefault
[22m[39m[SectionContext] Section observeQuery update: 0
[90mstdout[2m | src/components/PeerReview/JoinByCode.stories.tsx[2m > [22m[2mDefault
[22m[39m[FilesContext] File observeQuery update: 6 files
[90mstdout[2m | src/components/PeerReview/JoinByCode.stories.tsx[2m > [22m[2mDefault
[22m[39m[ChatContext] AssistantChat initialized with 1 chats
[90mstdout[2m | src/components/PeerReview/JoinByCode.stories.tsx[2m > [22m[2mDefault
[22m[39m[ChatContext] Setting initial chat: mock-assistant-chat-1
[90mstdout[2m | src/components/PeerReview/JoinByCode.stories.tsx[2m > [22m[2mDefault
[22m[39m[MOCK CourseVectorStore] Initialized with mock data
[90mstdout[2m | src/components/PeerReview/JoinByCode.stories.tsx[2m > [22m[2mDefault
[22m[39m[FilesContext] Vector store population triggered {
  "currentVectorStoreSize": 3,
  "documentsCount": 0,
  "filesCount": 6,
  "isInitialLoad": true,
}
[90mstdout[2m | src/components/PeerReview/JoinByCode.stories.tsx[2m > [22m[2mDefault
[22m[39m[FilesContext] Vector store population complete - 3 total embeddings
[90mstdout[2m | src/components/PeerReview/JoinByCode.stories.tsx[2m > [22m[2mDefault
[22m[39m[ChatContext] Chat exists and not archived, skipping creation
[90mstdout[2m | src/components/PeerReview/JoinByCode.stories.tsx[2m > [22m[2mDefault
[22m[39m[Mock Storage] downloadData called with: undefined
[90mstdout[2m | src/components/PeerReview/JoinByCode.stories.tsx[2m > [22m[2mWith Error
[22m[39m[ChatContext] Cleaning up subscriptions
[90mstdout[2m | src/components/PeerReview/JoinByCode.stories.tsx[2m > [22m[2mWith Error
[22m[39m[Mock Data] Unit.onUpdate() subscription removed. Remaining: 0
[90mstdout[2m | src/components/PeerReview/JoinByCode.stories.tsx[2m > [22m[2mWith Error
[22m[39m[MOCK CourseVectorStore] Initialized with mock data
[90mstdout[2m | src/components/PeerReview/JoinByCode.stories.tsx[2m > [22m[2mWith Error
[22m[39m[TranslationModeController] Setting mode to: off
[90mstdout[2m | src/components/PeerReview/JoinByCode.stories.tsx[2m > [22m[2mWith Error
[22m[39m[UnitContext] useEffect triggered {
  "authLoading": false,
  "hasUser": true,
  "id": "mock-unit-id",
  "userSub": "mock-user-sub",
}
[90mstdout[2m | src/components/PeerReview/JoinByCode.stories.tsx[2m > [22m[2mWith Error
[22m[39m[UnitContext] Fetching unit data for id: mock-unit-id
[90mstdout[2m | src/components/PeerReview/JoinByCode.stories.tsx[2m > [22m[2mWith Error
[22m[39m[FilesContext] Initializing vector store from IndexedDB
[90mstdout[2m | src/components/PeerReview/JoinByCode.stories.tsx[2m > [22m[2mWith Error
[22m[39m[FilesContext] fetchFiles called
[90mstdout[2m | src/components/PeerReview/JoinByCode.stories.tsx[2m > [22m[2mWith Error
[22m[39m[FilesContext] User authenticated: mock-user-sub
[90mstdout[2m | src/components/PeerReview/JoinByCode.stories.tsx[2m > [22m[2mWith Error
[22m[39m[FilesContext] Identity ID: us-east-1:mock-identity-123
[90mstdout[2m | src/components/PeerReview/JoinByCode.stories.tsx[2m > [22m[2mWith Error
[22m[39m[FilesContext] About to set up File observeQuery
[90mstdout[2m | src/components/PeerReview/JoinByCode.stories.tsx[2m > [22m[2mWith Error
[22m[39m[ChatContext] Setting up AssistantChat observeQuery
[90mstdout[2m | src/components/PeerReview/JoinByCode.stories.tsx[2m > [22m[2mWith Error
[22m[39m[ChatContext] Waiting for subscription to initialize
[90mstdout[2m | src/components/PeerReview/JoinByCode.stories.tsx[2m > [22m[2mWith Error
[22m[39m[SettingsContext] Setting up Settings subscription for user: mock-user-sub
[90mstdout[2m | src/components/PeerReview/JoinByCode.stories.tsx[2m > [22m[2mWith Error
[22m[39m[Mock Data] Settings created: mock-settings-1790418349864 - notified 0 subscribers
[90mstdout[2m | src/components/PeerReview/JoinByCode.stories.tsx[2m > [22m[2mWith Error
[22m[39m[Mock Data] Unit.onUpdate() subscription added. Total: 1
[90mstdout[2m | src/components/PeerReview/JoinByCode.stories.tsx[2m > [22m[2mWith Error
[22m[39m[SectionContext] Section observeQuery update: 0
[90mstdout[2m | src/components/PeerReview/JoinByCode.stories.tsx[2m > [22m[2mWith Error
[22m[39m[FilesContext] File observeQuery update: 6 files
[90mstdout[2m | src/components/PeerReview/JoinByCode.stories.tsx[2m > [22m[2mWith Error
[22m[39m[ChatContext] AssistantChat initialized with 1 chats
[90mstdout[2m | src/components/PeerReview/JoinByCode.stories.tsx[2m > [22m[2mWith Error
[22m[39m[ChatContext] Setting initial chat: mock-assistant-chat-1
[90mstdout[2m | src/components/PeerReview/JoinByCode.stories.tsx[2m > [22m[2mWith Error
[22m[39m[Mock Storage] downloadData called with: undefined
[90mstdout[2m | src/components/PeerReview/JoinByCode.stories.tsx[2m > [22m[2mWith Error
[22m[39m[MOCK CourseVectorStore] Initialized with mock data
[90mstdout[2m | src/components/PeerReview/JoinByCode.stories.tsx[2m > [22m[2mWith Error
[22m[39m[FilesContext] Vector store population triggered {
  "currentVectorStoreSize": 3,
  "documentsCount": 0,
  "filesCount": 6,
  "isInitialLoad": true,
}
[90mstdout[2m | src/components/PeerReview/JoinByCode.stories.tsx[2m > [22m[2mWith Error
[22m[39m[FilesContext] Vector store population complete - 3 total embeddings
[90mstdout[2m | src/components/PeerReview/JoinByCode.stories.tsx[2m > [22m[2mWith Error
[22m[39m[ChatContext] Chat exists and not archived, skipping creation
 [32m✓[39m [30m[45m storybook (chromium) [49m[39m src/components/PeerReview/JoinByCode.stories.tsx [2m([22m[2m2 tests[22m[2m)[22m[33m 312[2mms[22m[39m
[90mstdout[2m | unknown test
[22m[39m[MOCK vectorStoreDB.js] Module loaded - mock IndexedDB operations
[90mstdout[2m | unknown test
[22m[39m[Task Completion] DOM action listeners initialized
[90mstdout[2m | unknown test
[22m[39m[Task Completion] Auto-completion detector initialized
[90mstdout[2m | unknown test
[22m[39m[Preview] Task completion detector initialized
[90mstdout[2m | src/stories/Page.stories.ts[2m > [22m[2mLogged Out
[22m[39m[MOCK CourseVectorStore] Initialized with mock data
[90mstdout[2m | src/stories/Page.stories.ts[2m > [22m[2mLogged Out
[22m[39m[TranslationModeController] Setting mode to: off
[90mstdout[2m | src/stories/Page.stories.ts[2m > [22m[2mLogged Out
[22m[39m[UnitContext] useEffect triggered {
  "authLoading": false,
  "hasUser": true,
  "id": "mock-unit-id",
  "userSub": "mock-user-sub",
}
[90mstdout[2m | src/stories/Page.stories.ts[2m > [22m[2mLogged Out
[22m[39m[UnitContext] Fetching unit data for id: mock-unit-id
[90mstdout[2m | src/stories/Page.stories.ts[2m > [22m[2mLogged Out
[22m[39m[FilesContext] Initializing vector store from IndexedDB
[90mstdout[2m | src/stories/Page.stories.ts[2m > [22m[2mLogged Out
[22m[39m[FilesContext] fetchFiles called
[90mstdout[2m | src/stories/Page.stories.ts[2m > [22m[2mLogged Out
[22m[39m[FilesContext] User authenticated: mock-user-sub
[90mstdout[2m | src/stories/Page.stories.ts[2m > [22m[2mLogged Out
[22m[39m[FilesContext] Identity ID: us-east-1:mock-identity-123
[90mstdout[2m | src/stories/Page.stories.ts[2m > [22m[2mLogged Out
[22m[39m[FilesContext] About to set up File observeQuery
[90mstdout[2m | src/stories/Page.stories.ts[2m > [22m[2mLogged Out
[22m[39m[ChatContext] Setting up AssistantChat observeQuery
[90mstdout[2m | src/stories/Page.stories.ts[2m > [22m[2mLogged Out
[22m[39m[ChatContext] Waiting for subscription to initialize
[90mstdout[2m | src/stories/Page.stories.ts[2m > [22m[2mLogged Out
[22m[39m[SettingsContext] Setting up Settings subscription for user: mock-user-sub
[90mstdout[2m | src/stories/Page.stories.ts[2m > [22m[2mLogged Out
[22m[39m[Mock Data] Settings created: mock-settings-1790418350586 - notified 0 subscribers
[90mstdout[2m | src/stories/Page.stories.ts[2m > [22m[2mLogged Out
[22m[39m[Mock Data] Unit.onUpdate() subscription added. Total: 1
[90mstdout[2m | src/stories/Page.stories.ts[2m > [22m[2mLogged Out
[22m[39m[SectionContext] Section observeQuery update: 0
[90mstdout[2m | src/stories/Page.stories.ts[2m > [22m[2mLogged Out
[22m[39m[FilesContext] File observeQuery update: 6 files
[90mstdout[2m | src/stories/Page.stories.ts[2m > [22m[2mLogged Out
[22m[39m[ChatContext] AssistantChat initialized with 1 chats
[90mstdout[2m | src/stories/Page.stories.ts[2m > [22m[2mLogged Out
[22m[39m[ChatContext] Setting initial chat: mock-assistant-chat-1
[90mstdout[2m | src/stories/Page.stories.ts[2m > [22m[2mLogged Out
[22m[39m[MOCK CourseVectorStore] Initialized with mock data
[90mstdout[2m | src/stories/Page.stories.ts[2m > [22m[2mLogged Out
[22m[39m[FilesContext] Vector store population triggered {
  "currentVectorStoreSize": 3,
  "documentsCount": 0,
  "filesCount": 6,
  "isInitialLoad": true,
}
[90mstdout[2m | src/stories/Page.stories.ts[2m > [22m[2mLogged Out
[22m[39m[FilesContext] Vector store population complete - 3 total embeddings
[90mstdout[2m | src/stories/Page.stories.ts[2m > [22m[2mLogged Out
[22m[39m[ChatContext] Chat exists and not archived, skipping creation
[90mstdout[2m | src/stories/Page.stories.ts[2m > [22m[2mLogged Out
[22m[39m[Mock Storage] downloadData called with: undefined
[90mstdout[2m | src/stories/Page.stories.ts[2m > [22m[2mLogged In
[22m[39m[ChatContext] Cleaning up subscriptions
[90mstdout[2m | src/stories/Page.stories.ts[2m > [22m[2mLogged In
[22m[39m[Mock Data] Unit.onUpdate() subscription removed. Remaining: 0
[90mstdout[2m | src/stories/Page.stories.ts[2m > [22m[2mLogged In
[22m[39m[MOCK CourseVectorStore] Initialized with mock data
[90mstdout[2m | src/stories/Page.stories.ts[2m > [22m[2mLogged In
[22m[39m[TranslationModeController] Setting mode to: off
[90mstdout[2m | src/stories/Page.stories.ts[2m > [22m[2mLogged In
[22m[39m[UnitContext] useEffect triggered {
  "authLoading": false,
  "hasUser": true,
  "id": "mock-unit-id",
  "userSub": "mock-user-sub",
}
[90mstdout[2m | src/stories/Page.stories.ts[2m > [22m[2mLogged In
[22m[39m[UnitContext] Fetching unit data for id: mock-unit-id
[90mstdout[2m | src/stories/Page.stories.ts[2m > [22m[2mLogged In
[22m[39m[FilesContext] Initializing vector store from IndexedDB
[90mstdout[2m | src/stories/Page.stories.ts[2m > [22m[2mLogged In
[22m[39m[FilesContext] fetchFiles called
[90mstdout[2m | src/stories/Page.stories.ts[2m > [22m[2mLogged In
[22m[39m[FilesContext] User authenticated: mock-user-sub
[90mstdout[2m | src/stories/Page.stories.ts[2m > [22m[2mLogged In
[22m[39m[FilesContext] Identity ID: us-east-1:mock-identity-123
[90mstdout[2m | src/stories/Page.stories.ts[2m > [22m[2mLogged In
[22m[39m[FilesContext] About to set up File observeQuery
[90mstdout[2m | src/stories/Page.stories.ts[2m > [22m[2mLogged In
[22m[39m[ChatContext] Setting up AssistantChat observeQuery
[90mstdout[2m | src/stories/Page.stories.ts[2m > [22m[2mLogged In
[22m[39m[ChatContext] Waiting for subscription to initialize
[90mstdout[2m | src/stories/Page.stories.ts[2m > [22m[2mLogged In
[22m[39m[SettingsContext] Setting up Settings subscription for user: mock-user-sub
[90mstdout[2m | src/stories/Page.stories.ts[2m > [22m[2mLogged In
[22m[39m[Mock Data] Settings created: mock-settings-1790418351440 - notified 0 subscribers
[90mstdout[2m | src/stories/Page.stories.ts[2m > [22m[2mLogged In
[22m[39m[Mock Data] Unit.onUpdate() subscription added. Total: 1
[90mstdout[2m | src/stories/Page.stories.ts[2m > [22m[2mLogged In
[22m[39m[SectionContext] Section observeQuery update: 0
[90mstdout[2m | src/stories/Page.stories.ts[2m > [22m[2mLogged In
[22m[39m[FilesContext] File observeQuery update: 6 files
[90mstdout[2m | src/stories/Page.stories.ts[2m > [22m[2mLogged In
[22m[39m[ChatContext] AssistantChat initialized with 1 chats
[90mstdout[2m | src/stories/Page.stories.ts[2m > [22m[2mLogged In
[22m[39m[ChatContext] Setting initial chat: mock-assistant-chat-1
[90mstdout[2m | src/stories/Page.stories.ts[2m > [22m[2mLogged In
[22m[39m[MOCK CourseVectorStore] Initialized with mock data
[90mstdout[2m | src/stories/Page.stories.ts[2m > [22m[2mLogged In
[22m[39m[FilesContext] Vector store population triggered {
  "currentVectorStoreSize": 3,
  "documentsCount": 0,
  "filesCount": 6,
  "isInitialLoad": true,
}
[90mstdout[2m | src/stories/Page.stories.ts[2m > [22m[2mLogged In
[22m[39m[FilesContext] Vector store population complete - 3 total embeddings
[90mstdout[2m | src/stories/Page.stories.ts[2m > [22m[2mLogged In
[22m[39m[ChatContext] Chat exists and not archived, skipping creation
[90mstdout[2m | src/stories/Page.stories.ts[2m > [22m[2mLogged In
[22m[39m[Mock Storage] downloadData called with: undefined
 [32m✓[39m [30m[45m storybook (chromium) [49m[39m src/stories/Page.stories.ts [2m([22m[2m2 tests[22m[2m)[22m[33m 1100[2mms[22m[39m
   [33m[2m✓[22m[39m Logged In [33m 831[2mms[22m[39m
[90mstdout[2m | unknown test
[22m[39m[MOCK vectorStoreDB.js] Module loaded - mock IndexedDB operations
[90mstdout[2m | unknown test
[22m[39m[Task Completion] DOM action listeners initialized
[90mstdout[2m | unknown test
[22m[39m[Task Completion] Auto-completion detector initialized
[90mstdout[2m | unknown test
[22m[39m[Preview] Task completion detector initialized
[90mstdout[2m | src/components/Gamification/SquadCrest.stories.tsx[2m > [22m[2mDefault
[22m[39m[TranslationModeController] Setting mode to: off
[90mstdout[2m | src/components/Gamification/SquadCrest.stories.tsx[2m > [22m[2mLarge
[22m[39m[TranslationModeController] Setting mode to: off
[90mstdout[2m | src/components/Gamification/SquadCrest.stories.tsx[2m > [22m[2mSmall No Name
[22m[39m[TranslationModeController] Setting mode to: off
 [32m✓[39m [30m[45m storybook (chromium) [49m[39m src/components/Gamification/SquadCrest.stories.tsx [2m([22m[2m3 tests[22m[2m)[22m[33m 383[2mms[22m[39m
[90mstdout[2m | unknown test
[22m[39m[MOCK vectorStoreDB.js] Module loaded - mock IndexedDB operations
[90mstdout[2m | unknown test
[22m[39m[Task Completion] DOM action listeners initialized
[90mstdout[2m | unknown test
[22m[39m[Task Completion] Auto-completion detector initialized
[90mstdout[2m | unknown test
[22m[39m[Preview] Task completion detector initialized
[90mstdout[2m | src/components/Workbook/CommentGutterIcon.stories.tsx[2m > [22m[2mNo Comments
[22m[39m[MOCK CourseVectorStore] Initialized with mock data
[90mstdout[2m | src/components/Workbook/CommentGutterIcon.stories.tsx[2m > [22m[2mNo Comments
[22m[39m[TranslationModeController] Setting mode to: off
[90mstdout[2m | src/components/Workbook/CommentGutterIcon.stories.tsx[2m > [22m[2mNo Comments
[22m[39m[UnitContext] useEffect triggered {
  "authLoading": false,
  "hasUser": true,
  "id": "mock-unit-id",
  "userSub": "mock-user-sub",
}
[90mstdout[2m | src/components/Workbook/CommentGutterIcon.stories.tsx[2m > [22m[2mNo Comments
[22m[39m[UnitContext] Fetching unit data for id: mock-unit-id
[90mstdout[2m | src/components/Workbook/CommentGutterIcon.stories.tsx[2m > [22m[2mNo Comments
[22m[39m[FilesContext] Initializing vector store from IndexedDB
[90mstdout[2m | src/components/Workbook/CommentGutterIcon.stories.tsx[2m > [22m[2mNo Comments
[22m[39m[FilesContext] fetchFiles called
[90mstdout[2m | src/components/Workbook/CommentGutterIcon.stories.tsx[2m > [22m[2mNo Comments
[22m[39m[FilesContext] User authenticated: mock-user-sub
[90mstdout[2m | src/components/Workbook/CommentGutterIcon.stories.tsx[2m > [22m[2mNo Comments
[22m[39m[FilesContext] Identity ID: us-east-1:mock-identity-123
[90mstdout[2m | src/components/Workbook/CommentGutterIcon.stories.tsx[2m > [22m[2mNo Comments
[22m[39m[FilesContext] About to set up File observeQuery
[90mstdout[2m | src/components/Workbook/CommentGutterIcon.stories.tsx[2m > [22m[2mNo Comments
[22m[39m[ChatContext] Setting up AssistantChat observeQuery
[90mstdout[2m | src/components/Workbook/CommentGutterIcon.stories.tsx[2m > [22m[2mNo Comments
[22m[39m[ChatContext] Waiting for subscription to initialize
[90mstdout[2m | src/components/Workbook/CommentGutterIcon.stories.tsx[2m > [22m[2mNo Comments
[22m[39m[SettingsContext] Setting up Settings subscription for user: mock-user-sub
[90mstdout[2m | src/components/Workbook/CommentGutterIcon.stories.tsx[2m > [22m[2mNo Comments
[22m[39m[Mock Data] Settings created: mock-settings-1790418353935 - notified 0 subscribers
[90mstdout[2m | src/components/Workbook/CommentGutterIcon.stories.tsx[2m > [22m[2mNo Comments
[22m[39m[Mock Data] Unit.onUpdate() subscription added. Total: 1
[90mstdout[2m | src/components/Workbook/CommentGutterIcon.stories.tsx[2m > [22m[2mNo Comments
[22m[39m[SectionContext] Section observeQuery update: 0
[90mstdout[2m | src/components/Workbook/CommentGutterIcon.stories.tsx[2m > [22m[2mNo Comments
[22m[39m[FilesContext] File observeQuery update: 6 files
[90mstdout[2m | src/components/Workbook/CommentGutterIcon.stories.tsx[2m > [22m[2mNo Comments
[22m[39m[ChatContext] AssistantChat initialized with 1 chats
[90mstdout[2m | src/components/Workbook/CommentGutterIcon.stories.tsx[2m > [22m[2mNo Comments
[22m[39m[ChatContext] Setting initial chat: mock-assistant-chat-1
[90mstdout[2m | src/components/Workbook/CommentGutterIcon.stories.tsx[2m > [22m[2mNo Comments
[22m[39m[Mock Storage] downloadData called with: undefined
[90mstdout[2m | src/components/Workbook/CommentGutterIcon.stories.tsx[2m > [22m[2mNo Comments
[22m[39m[MOCK CourseVectorStore] Initialized with mock data
[90mstdout[2m | src/components/Workbook/CommentGutterIcon.stories.tsx[2m > [22m[2mNo Comments
[22m[39m[FilesContext] Vector store population triggered {
  "currentVectorStoreSize": 3,
  "documentsCount": 0,
  "filesCount": 6,
  "isInitialLoad": true,
}
[90mstdout[2m | src/components/Workbook/CommentGutterIcon.stories.tsx[2m > [22m[2mNo Comments
[22m[39m[FilesContext] Vector store population complete - 3 total embeddings
[90mstdout[2m | src/components/Workbook/CommentGutterIcon.stories.tsx[2m > [22m[2mNo Comments
[22m[39m[ChatContext] Chat exists and not archived, skipping creation
[90mstdout[2m | src/components/Workbook/CommentGutterIcon.stories.tsx[2m > [22m[2mWith Comments
[22m[39m[ChatContext] Cleaning up subscriptions
[90mstdout[2m | src/components/Workbook/CommentGutterIcon.stories.tsx[2m > [22m[2mWith Comments
[22m[39m[Mock Data] Unit.onUpdate() subscription removed. Remaining: 0
[90mstdout[2m | src/components/Workbook/CommentGutterIcon.stories.tsx[2m > [22m[2mWith Comments
[22m[39m[MOCK CourseVectorStore] Initialized with mock data
[90mstdout[2m | src/components/Workbook/CommentGutterIcon.stories.tsx[2m > [22m[2mWith Comments
[22m[39m[TranslationModeController] Setting mode to: off
[90mstdout[2m | src/components/Workbook/CommentGutterIcon.stories.tsx[2m > [22m[2mWith Comments
[22m[39m[UnitContext] useEffect triggered {
  "authLoading": false,
  "hasUser": true,
  "id": "mock-unit-id",
  "userSub": "mock-user-sub",
}
[90mstdout[2m | src/components/Workbook/CommentGutterIcon.stories.tsx[2m > [22m[2mWith Comments
[22m[39m[UnitContext] Fetching unit data for id: mock-unit-id
[90mstdout[2m | src/components/Workbook/CommentGutterIcon.stories.tsx[2m > [22m[2mWith Comments
[22m[39m[FilesContext] Initializing vector store from IndexedDB
[90mstdout[2m | src/components/Workbook/CommentGutterIcon.stories.tsx[2m > [22m[2mWith Comments
[22m[39m[FilesContext] fetchFiles called
[90mstdout[2m | src/components/Workbook/CommentGutterIcon.stories.tsx[2m > [22m[2mWith Comments
[22m[39m[FilesContext] User authenticated: mock-user-sub
[90mstdout[2m | src/components/Workbook/CommentGutterIcon.stories.tsx[2m > [22m[2mWith Comments
[22m[39m[FilesContext] Identity ID: us-east-1:mock-identity-123
[90mstdout[2m | src/components/Workbook/CommentGutterIcon.stories.tsx[2m > [22m[2mWith Comments
[22m[39m[FilesContext] About to set up File observeQuery
[90mstdout[2m | src/components/Workbook/CommentGutterIcon.stories.tsx[2m > [22m[2mWith Comments
[22m[39m[ChatContext] Setting up AssistantChat observeQuery
[90mstdout[2m | src/components/Workbook/CommentGutterIcon.stories.tsx[2m > [22m[2mWith Comments
[22m[39m[ChatContext] Waiting for subscription to initialize
[90mstdout[2m | src/components/Workbook/CommentGutterIcon.stories.tsx[2m > [22m[2mWith Comments
[22m[39m[SettingsContext] Setting up Settings subscription for user: mock-user-sub
[90mstdout[2m | src/components/Workbook/CommentGutterIcon.stories.tsx[2m > [22m[2mWith Comments
[22m[39m[Mock Data] Settings created: mock-settings-1790418354133 - notified 0 subscribers
[90mstdout[2m | src/components/Workbook/CommentGutterIcon.stories.tsx[2m > [22m[2mWith Comments
[22m[39m[Mock Data] Unit.onUpdate() subscription added. Total: 1
[90mstdout[2m | src/components/Workbook/CommentGutterIcon.stories.tsx[2m > [22m[2mWith Comments
[22m[39m[SectionContext] Section observeQuery update: 0
[90mstdout[2m | src/components/Workbook/CommentGutterIcon.stories.tsx[2m > [22m[2mWith Comments
[22m[39m[FilesContext] File observeQuery update: 6 files
[90mstdout[2m | src/components/Workbook/CommentGutterIcon.stories.tsx[2m > [22m[2mWith Comments
[22m[39m[ChatContext] AssistantChat initialized with 1 chats
[90mstdout[2m | src/components/Workbook/CommentGutterIcon.stories.tsx[2m > [22m[2mWith Comments
[22m[39m[ChatContext] Setting initial chat: mock-assistant-chat-1
[90mstdout[2m | src/components/Workbook/CommentGutterIcon.stories.tsx[2m > [22m[2mWith Comments
[22m[39m[MOCK CourseVectorStore] Initialized with mock data
[90mstdout[2m | src/components/Workbook/CommentGutterIcon.stories.tsx[2m > [22m[2mWith Comments
[22m[39m[FilesContext] Vector store population triggered {
  "currentVectorStoreSize": 3,
  "documentsCount": 0,
  "filesCount": 6,
  "isInitialLoad": true,
}
[90mstdout[2m | src/components/Workbook/CommentGutterIcon.stories.tsx[2m > [22m[2mWith Comments
[22m[39m[FilesContext] Vector store population complete - 3 total embeddings
[90mstdout[2m | src/components/Workbook/CommentGutterIcon.stories.tsx[2m > [22m[2mWith Comments
[22m[39m[ChatContext] Chat exists and not archived, skipping creation
[90mstdout[2m | src/components/Workbook/CommentGutterIcon.stories.tsx[2m > [22m[2mWith Comments
[22m[39m[Mock Storage] downloadData called with: undefined
[90mstdout[2m | src/components/Workbook/CommentGutterIcon.stories.tsx[2m > [22m[2mAll Resolved
[22m[39m[ChatContext] Cleaning up subscriptions
[90mstdout[2m | src/components/Workbook/CommentGutterIcon.stories.tsx[2m > [22m[2mAll Resolved
[22m[39m[Mock Data] Unit.onUpdate() subscription removed. Remaining: 0
[90mstdout[2m | src/components/Workbook/CommentGutterIcon.stories.tsx[2m > [22m[2mAll Resolved
[22m[39m[MOCK CourseVectorStore] Initialized with mock data
[90mstdout[2m | src/components/Workbook/CommentGutterIcon.stories.tsx[2m > [22m[2mAll Resolved
[22m[39m[TranslationModeController] Setting mode to: off
[90mstdout[2m | src/components/Workbook/CommentGutterIcon.stories.tsx[2m > [22m[2mAll Resolved
[22m[39m[UnitContext] useEffect triggered {
  "authLoading": false,
  "hasUser": true,
  "id": "mock-unit-id",
  "userSub": "mock-user-sub",
}
[90mstdout[2m | src/components/Workbook/CommentGutterIcon.stories.tsx[2m > [22m[2mAll Resolved
[22m[39m[UnitContext] Fetching unit data for id: mock-unit-id
[90mstdout[2m | src/components/Workbook/CommentGutterIcon.stories.tsx[2m > [22m[2mAll Resolved
[22m[39m[FilesContext] Initializing vector store from IndexedDB
[90mstdout[2m | src/components/Workbook/CommentGutterIcon.stories.tsx[2m > [22m[2mAll Resolved
[22m[39m[FilesContext] fetchFiles called
[90mstdout[2m | src/components/Workbook/CommentGutterIcon.stories.tsx[2m > [22m[2mAll Resolved
[22m[39m[FilesContext] User authenticated: mock-user-sub
[90mstdout[2m | src/components/Workbook/CommentGutterIcon.stories.tsx[2m > [22m[2mAll Resolved
[22m[39m[FilesContext] Identity ID: us-east-1:mock-identity-123
[90mstdout[2m | src/components/Workbook/CommentGutterIcon.stories.tsx[2m > [22m[2mAll Resolved
[22m[39m[FilesContext] About to set up File observeQuery
[90mstdout[2m | src/components/Workbook/CommentGutterIcon.stories.tsx[2m > [22m[2mAll Resolved
[22m[39m[ChatContext] Setting up AssistantChat observeQuery
[90mstdout[2m | src/components/Workbook/CommentGutterIcon.stories.tsx[2m > [22m[2mAll Resolved
[22m[39m[ChatContext] Waiting for subscription to initialize
[90mstdout[2m | src/components/Workbook/CommentGutterIcon.stories.tsx[2m > [22m[2mAll Resolved
[22m[39m[SettingsContext] Setting up Settings subscription for user: mock-user-sub
[90mstdout[2m | src/components/Workbook/CommentGutterIcon.stories.tsx[2m > [22m[2mAll Resolved
[22m[39m[Mock Data] Settings created: mock-settings-1790418354291 - notified 0 subscribers
[90mstdout[2m | src/components/Workbook/CommentGutterIcon.stories.tsx[2m > [22m[2mAll Resolved
[22m[39m[Mock Data] Unit.onUpdate() subscription added. Total: 1
[90mstdout[2m | src/components/Workbook/CommentGutterIcon.stories.tsx[2m > [22m[2mAll Resolved
[22m[39m[SectionContext] Section observeQuery update: 0
[90mstdout[2m | src/components/Workbook/CommentGutterIcon.stories.tsx[2m > [22m[2mAll Resolved
[22m[39m[FilesContext] File observeQuery update: 6 files
[90mstdout[2m | src/components/Workbook/CommentGutterIcon.stories.tsx[2m > [22m[2mAll Resolved
[22m[39m[ChatContext] AssistantChat initialized with 1 chats
[90mstdout[2m | src/components/Workbook/CommentGutterIcon.stories.tsx[2m > [22m[2mAll Resolved
[22m[39m[ChatContext] Setting initial chat: mock-assistant-chat-1
[90mstdout[2m | src/components/Workbook/CommentGutterIcon.stories.tsx[2m > [22m[2mAll Resolved
[22m[39m[MOCK CourseVectorStore] Initialized with mock data
[90mstdout[2m | src/components/Workbook/CommentGutterIcon.stories.tsx[2m > [22m[2mAll Resolved
[22m[39m[FilesContext] Vector store population triggered {
  "currentVectorStoreSize": 3,
  "documentsCount": 0,
  "filesCount": 6,
  "isInitialLoad": true,
}
[90mstdout[2m | src/components/Workbook/CommentGutterIcon.stories.tsx[2m > [22m[2mAll Resolved
[22m[39m[FilesContext] Vector store population complete - 3 total embeddings
[90mstdout[2m | src/components/Workbook/CommentGutterIcon.stories.tsx[2m > [22m[2mAll Resolved
[22m[39m[ChatContext] Chat exists and not archived, skipping creation
[90mstdout[2m | src/components/Workbook/CommentGutterIcon.stories.tsx[2m > [22m[2mAll Resolved
[22m[39m[Mock Storage] downloadData called with: undefined
 [32m✓[39m [30m[45m storybook (chromium) [49m[39m src/components/Workbook/CommentGutterIcon.stories.tsx [2m([22m[2m3 tests[22m[2m)[22m[33m 533[2mms[22m[39m
[90mstdout[2m | unknown test
[22m[39m[MOCK vectorStoreDB.js] Module loaded - mock IndexedDB operations
[90mstdout[2m | unknown test
[22m[39m[Task Completion] DOM action listeners initialized
[90mstdout[2m | unknown test
[22m[39m[Task Completion] Auto-completion detector initialized
[90mstdout[2m | unknown test
[22m[39m[Preview] Task completion detector initialized
[90mstdout[2m | src/components/Editor3/plugins/DragDropPastePlugin.stories.jsx[2m > [22m[2mEditable Empty
[22m[39m[Preview] Skipped initializing default mock data (initializeMockData=false)
[90mstdout[2m | src/components/Editor3/plugins/DragDropPastePlugin.stories.jsx[2m > [22m[2mEditable Empty
[22m[39m[Mock Data] seedMockUnit: Adding unit drag-drop-story-unit
[90mstdout[2m | src/components/Editor3/plugins/DragDropPastePlugin.stories.jsx[2m > [22m[2mEditable Empty
[22m[39m[MOCK CourseVectorStore] Initialized with mock data
[90mstdout[2m | src/components/Editor3/plugins/DragDropPastePlugin.stories.jsx[2m > [22m[2mEditable Empty
[22m[39m[TranslationModeController] Setting mode to: off
[90mstdout[2m | src/components/Editor3/plugins/DragDropPastePlugin.stories.jsx[2m > [22m[2mEditable Empty
[22m[39m[UnitContext] useEffect triggered {
  "authLoading": false,
  "hasUser": true,
  "id": "drag-drop-story-unit",
  "userSub": "mock-user-sub",
}
[90mstdout[2m | src/components/Editor3/plugins/DragDropPastePlugin.stories.jsx[2m > [22m[2mEditable Empty
[22m[39m[UnitContext] Fetching unit data for id: drag-drop-story-unit
[90mstdout[2m | src/components/Editor3/plugins/DragDropPastePlugin.stories.jsx[2m > [22m[2mEditable Empty
[22m[39m[FilesContext] Initializing vector store from IndexedDB
[90mstdout[2m | src/components/Editor3/plugins/DragDropPastePlugin.stories.jsx[2m > [22m[2mEditable Empty
[22m[39m[FilesContext] fetchFiles called
[90mstdout[2m | src/components/Editor3/plugins/DragDropPastePlugin.stories.jsx[2m > [22m[2mEditable Empty
[22m[39m[FilesContext] User authenticated: mock-user-sub
[90mstdout[2m | src/components/Editor3/plugins/DragDropPastePlugin.stories.jsx[2m > [22m[2mEditable Empty
[22m[39m[FilesContext] Identity ID: us-east-1:mock-identity-123
[90mstdout[2m | src/components/Editor3/plugins/DragDropPastePlugin.stories.jsx[2m > [22m[2mEditable Empty
[22m[39m[FilesContext] About to set up File observeQuery
[90mstdout[2m | src/components/Editor3/plugins/DragDropPastePlugin.stories.jsx[2m > [22m[2mEditable Empty
[22m[39m[ChatContext] Setting up AssistantChat observeQuery
[90mstdout[2m | src/components/Editor3/plugins/DragDropPastePlugin.stories.jsx[2m > [22m[2mEditable Empty
[22m[39m[ChatContext] Waiting for subscription to initialize
[90mstdout[2m | src/components/Editor3/plugins/DragDropPastePlugin.stories.jsx[2m > [22m[2mEditable Empty
[22m[39m[SettingsContext] Setting up Settings subscription for user: mock-user-sub
[90mstdout[2m | src/components/Editor3/plugins/DragDropPastePlugin.stories.jsx[2m > [22m[2mEditable Empty
[22m[39m[Mock Data] Settings created: mock-settings-1790418355040 - notified 0 subscribers
[90mstdout[2m | src/components/Editor3/plugins/DragDropPastePlugin.stories.jsx[2m > [22m[2mEditable Empty
[22m[39m[Mock Data] Unit.onUpdate() subscription added. Total: 1
[90mstdout[2m | src/components/Editor3/plugins/DragDropPastePlugin.stories.jsx[2m > [22m[2mEditable Empty
[22m[39m[SectionContext] Section observeQuery update: 0
[90mstdout[2m | src/components/Editor3/plugins/DragDropPastePlugin.stories.jsx[2m > [22m[2mEditable Empty
[22m[39m[FilesContext] File observeQuery update: 0 files
[90mstdout[2m | src/components/Editor3/plugins/DragDropPastePlugin.stories.jsx[2m > [22m[2mEditable Empty
[22m[39m[ChatContext] AssistantChat initialized with 0 chats
[90mstdout[2m | src/components/Editor3/plugins/DragDropPastePlugin.stories.jsx[2m > [22m[2mEditable Empty
[22m[39m[MOCK CourseVectorStore] Initialized with mock data
[90mstdout[2m | src/components/Editor3/plugins/DragDropPastePlugin.stories.jsx[2m > [22m[2mEditable Empty
[22m[39m[ChatContext] No current chat available, will create one
[90mstdout[2m | src/components/Editor3/plugins/DragDropPastePlugin.stories.jsx[2m > [22m[2mEditable Empty
[22m[39m[ChatContext] Creating AssistantChat with user: undefined
[90mstdout[2m | src/components/Editor3/plugins/DragDropPastePlugin.stories.jsx[2m > [22m[2mEditable Empty
[22m[39m[Mock Data] AssistantChat created: mock-assistantchat-1790418355054 - notified 1 subscribers
[90mstdout[2m | src/components/Editor3/plugins/DragDropPastePlugin.stories.jsx[2m > [22m[2mEditable Empty
[22m[39m[ChatContext] Create result: {
  "data": {
    "_version": 1,
    "archived": false,
    "chatFiles": [Function anonymous],
    "createdAt": "2026-09-26T10:25:55.054Z",
    "id": "mock-assistantchat-1790418355054",
    "model": "gpt-4",
    "updatedAt": "2026-09-26T10:25:55.054Z",
  },
  "errors": [],
  "hasData": true,
  "hasErrors": true,
}
[90mstdout[2m | src/components/Editor3/plugins/DragDropPastePlugin.stories.jsx[2m > [22m[2mEditable Empty
[22m[39m[ChatContext] Created AssistantChat: mock-assistantchat-1790418355054 at: 2026-09-26T10:25:55.054Z
[90mstdout[2m | src/components/Editor3/plugins/DragDropPastePlugin.stories.jsx[2m > [22m[2mEditable Empty
[22m[39m[Mock Storage] downloadData called with: undefined
[90mstdout[2m | src/components/Editor3/plugins/DragDropPastePlugin.stories.jsx[2m > [22m[2mEditable Empty
[22m[39m[ChatContext] Setting initial chat: mock-assistantchat-1790418355054
[90mstdout[2m | src/components/Editor3/plugins/DragDropPastePlugin.stories.jsx[2m > [22m[2mEditable Empty
[22m[39m[ChatContext] Chat exists and not archived, skipping creation
[90mstdout[2m | src/components/Editor3/plugins/DragDropPastePlugin.stories.jsx[2m > [22m[2mEditable With Instructions
[22m[39m[ChatContext] Cleaning up subscriptions
[90mstdout[2m | src/components/Editor3/plugins/DragDropPastePlugin.stories.jsx[2m > [22m[2mEditable With Instructions
[22m[39m[Mock Data] Unit.onUpdate() subscription removed. Remaining: 0
[90mstdout[2m | src/components/Editor3/plugins/DragDropPastePlugin.stories.jsx[2m > [22m[2mEditable With Instructions
[22m[39m[Preview] Skipped initializing default mock data (initializeMockData=false)
[90mstdout[2m | src/components/Editor3/plugins/DragDropPastePlugin.stories.jsx[2m > [22m[2mEditable With Instructions
[22m[39m[Mock Data] seedMockUnit: Adding unit drag-drop-story-unit
[90mstdout[2m | src/components/Editor3/plugins/DragDropPastePlugin.stories.jsx[2m > [22m[2mEditable With Instructions
[22m[39m[MOCK CourseVectorStore] Initialized with mock data
[90mstdout[2m | src/components/Editor3/plugins/DragDropPastePlugin.stories.jsx[2m > [22m[2mEditable With Instructions
[22m[39m[TranslationModeController] Setting mode to: off
[90mstdout[2m | src/components/Editor3/plugins/DragDropPastePlugin.stories.jsx[2m > [22m[2mEditable With Instructions
[22m[39m[UnitContext] useEffect triggered {
  "authLoading": false,
  "hasUser": true,
  "id": "drag-drop-story-unit",
  "userSub": "mock-user-sub",
}
[90mstdout[2m | src/components/Editor3/plugins/DragDropPastePlugin.stories.jsx[2m > [22m[2mEditable With Instructions
[22m[39m[UnitContext] Fetching unit data for id: drag-drop-story-unit
[90mstdout[2m | src/components/Editor3/plugins/DragDropPastePlugin.stories.jsx[2m > [22m[2mEditable With Instructions
[22m[39m[FilesContext] Initializing vector store from IndexedDB
[90mstdout[2m | src/components/Editor3/plugins/DragDropPastePlugin.stories.jsx[2m > [22m[2mEditable With Instructions
[22m[39m[FilesContext] fetchFiles called
[90mstdout[2m | src/components/Editor3/plugins/DragDropPastePlugin.stories.jsx[2m > [22m[2mEditable With Instructions
[22m[39m[FilesContext] User authenticated: mock-user-sub
[90mstdout[2m | src/components/Editor3/plugins/DragDropPastePlugin.stories.jsx[2m > [22m[2mEditable With Instructions
[22m[39m[FilesContext] Identity ID: us-east-1:mock-identity-123
[90mstdout[2m | src/components/Editor3/plugins/DragDropPastePlugin.stories.jsx[2m > [22m[2mEditable With Instructions
[22m[39m[FilesContext] About to set up File observeQuery
[90mstdout[2m | src/components/Editor3/plugins/DragDropPastePlugin.stories.jsx[2m > [22m[2mEditable With Instructions
[22m[39m[ChatContext] Setting up AssistantChat observeQuery
[90mstdout[2m | src/components/Editor3/plugins/DragDropPastePlugin.stories.jsx[2m > [22m[2mEditable With Instructions
[22m[39m[ChatContext] Waiting for subscription to initialize
[90mstdout[2m | src/components/Editor3/plugins/DragDropPastePlugin.stories.jsx[2m > [22m[2mEditable With Instructions
[22m[39m[SettingsContext] Setting up Settings subscription for user: mock-user-sub
[90mstdout[2m | src/components/Editor3/plugins/DragDropPastePlugin.stories.jsx[2m > [22m[2mEditable With Instructions
[22m[39m[Mock Data] Settings created: mock-settings-1790418355196 - notified 0 subscribers
[90mstdout[2m | src/components/Editor3/plugins/DragDropPastePlugin.stories.jsx[2m > [22m[2mEditable With Instructions
[22m[39m[Mock Data] Unit.onUpdate() subscription added. Total: 1
[90mstdout[2m | src/components/Editor3/plugins/DragDropPastePlugin.stories.jsx[2m > [22m[2mEditable With Instructions
[22m[39m[SectionContext] Section observeQuery update: 0
[90mstdout[2m | src/components/Editor3/plugins/DragDropPastePlugin.stories.jsx[2m > [22m[2mEditable With Instructions
[22m[39m[FilesContext] File observeQuery update: 0 files
[90mstdout[2m | src/components/Editor3/plugins/DragDropPastePlugin.stories.jsx[2m > [22m[2mEditable With Instructions
[22m[39m[ChatContext] AssistantChat initialized with 0 chats
[90mstdout[2m | src/components/Editor3/plugins/DragDropPastePlugin.stories.jsx[2m > [22m[2mEditable With Instructions
[22m[39m[Mock Storage] downloadData called with: undefined
[90mstdout[2m | src/components/Editor3/plugins/DragDropPastePlugin.stories.jsx[2m > [22m[2mEditable With Instructions
[22m[39m[MOCK CourseVectorStore] Initialized with mock data
[90mstdout[2m | src/components/Editor3/plugins/DragDropPastePlugin.stories.jsx[2m > [22m[2mEditable With Instructions
[22m[39m[ChatContext] No current chat available, will create one
[90mstdout[2m | src/components/Editor3/plugins/DragDropPastePlugin.stories.jsx[2m > [22m[2mEditable With Instructions
[22m[39m[ChatContext] Creating AssistantChat with user: undefined
[90mstdout[2m | src/components/Editor3/plugins/DragDropPastePlugin.stories.jsx[2m > [22m[2mEditable With Instructions
[22m[39m[Mock Data] AssistantChat created: mock-assistantchat-1790418355208 - notified 1 subscribers
[90mstdout[2m | src/components/Editor3/plugins/DragDropPastePlugin.stories.jsx[2m > [22m[2mEditable With Instructions
[22m[39m[ChatContext] Create result: {
  "data": {
    "_version": 1,
    "archived": false,
    "chatFiles": [Function anonymous],
    "createdAt": "2026-09-26T10:25:55.208Z",
    "id": "mock-assistantchat-1790418355208",
    "model": "gpt-4",
    "updatedAt": "2026-09-26T10:25:55.208Z",
  },
  "errors": [],
  "hasData": true,
  "hasErrors": true,
}
[90mstdout[2m | src/components/Editor3/plugins/DragDropPastePlugin.stories.jsx[2m > [22m[2mEditable With Instructions
[22m[39m[ChatContext] Created AssistantChat: mock-assistantchat-1790418355208 at: 2026-09-26T10:25:55.208Z
[90mstdout[2m | src/components/Editor3/plugins/DragDropPastePlugin.stories.jsx[2m > [22m[2mEditable With Instructions
[22m[39m[ChatContext] Setting initial chat: mock-assistantchat-1790418355208
[90mstdout[2m | src/components/Editor3/plugins/DragDropPastePlugin.stories.jsx[2m > [22m[2mEditable With Instructions
[22m[39m[ChatContext] Chat exists and not archived, skipping creation
 [32m✓[39m [30m[45m storybook (chromium) [49m[39m src/components/Editor3/plugins/DragDropPastePlugin.stories.jsx [2m([22m[2m2 tests[22m[2m)[22m[32m 296[2mms[22m[39m
[90mstdout[2m | unknown test
[22m[39m[MOCK vectorStoreDB.js] Module loaded - mock IndexedDB operations
[90mstdout[2m | unknown test
[22m[39m[Task Completion] DOM action listeners initialized
[90mstdout[2m | unknown test
[22m[39m[Task Completion] Auto-completion detector initialized
[90mstdout[2m | unknown test
[22m[39m[Preview] Task completion detector initialized
[90mstdout[2m | src/components/Workbook/BlockHistoryTimeline.stories.tsx[2m > [22m[2mHistory Story
[22m[39m[MOCK CourseVectorStore] Initialized with mock data
[90mstdout[2m | src/components/Workbook/BlockHistoryTimeline.stories.tsx[2m > [22m[2mHistory Story
[22m[39m[TranslationModeController] Setting mode to: off
[90mstdout[2m | src/components/Workbook/BlockHistoryTimeline.stories.tsx[2m > [22m[2mHistory Story
[22m[39m[UnitContext] useEffect triggered {
  "authLoading": false,
  "hasUser": true,
  "id": "mock-unit-id",
  "userSub": "mock-user-sub",
}
[90mstdout[2m | src/components/Workbook/BlockHistoryTimeline.stories.tsx[2m > [22m[2mHistory Story
[22m[39m[UnitContext] Fetching unit data for id: mock-unit-id
[90mstdout[2m | src/components/Workbook/BlockHistoryTimeline.stories.tsx[2m > [22m[2mHistory Story
[22m[39m[FilesContext] Initializing vector store from IndexedDB
[90mstdout[2m | src/components/Workbook/BlockHistoryTimeline.stories.tsx[2m > [22m[2mHistory Story
[22m[39m[FilesContext] fetchFiles called
[90mstdout[2m | src/components/Workbook/BlockHistoryTimeline.stories.tsx[2m > [22m[2mHistory Story
[22m[39m[FilesContext] User authenticated: mock-user-sub
[90mstdout[2m | src/components/Workbook/BlockHistoryTimeline.stories.tsx[2m > [22m[2mHistory Story
[22m[39m[FilesContext] Identity ID: us-east-1:mock-identity-123
[90mstdout[2m | src/components/Workbook/BlockHistoryTimeline.stories.tsx[2m > [22m[2mHistory Story
[22m[39m[FilesContext] About to set up File observeQuery
[90mstdout[2m | src/components/Workbook/BlockHistoryTimeline.stories.tsx[2m > [22m[2mHistory Story
[22m[39m[ChatContext] Setting up AssistantChat observeQuery
[90mstdout[2m | src/components/Workbook/BlockHistoryTimeline.stories.tsx[2m > [22m[2mHistory Story
[22m[39m[ChatContext] Waiting for subscription to initialize
[90mstdout[2m | src/components/Workbook/BlockHistoryTimeline.stories.tsx[2m > [22m[2mHistory Story
[22m[39m[SettingsContext] Setting up Settings subscription for user: mock-user-sub
[90mstdout[2m | src/components/Workbook/BlockHistoryTimeline.stories.tsx[2m > [22m[2mHistory Story
[22m[39m[Mock Data] Settings created: mock-settings-1790418355802 - notified 0 subscribers
[90mstdout[2m | src/components/Workbook/BlockHistoryTimeline.stories.tsx[2m > [22m[2mHistory Story
[22m[39m[Mock Data] Unit.onUpdate() subscription added. Total: 1
[90mstdout[2m | src/components/Workbook/BlockHistoryTimeline.stories.tsx[2m > [22m[2mHistory Story
[22m[39m[SectionContext] Section observeQuery update: 0
[90mstdout[2m | src/components/Workbook/BlockHistoryTimeline.stories.tsx[2m > [22m[2mHistory Story
[22m[39m[FilesContext] File observeQuery update: 6 files
[90mstdout[2m | src/components/Workbook/BlockHistoryTimeline.stories.tsx[2m > [22m[2mHistory Story
[22m[39m[ChatContext] AssistantChat initialized with 1 chats
[90mstdout[2m | src/components/Workbook/BlockHistoryTimeline.stories.tsx[2m > [22m[2mHistory Story
[22m[39m[ChatContext] Setting initial chat: mock-assistant-chat-1
[90mstdout[2m | src/components/Workbook/BlockHistoryTimeline.stories.tsx[2m > [22m[2mHistory Story
[22m[39m[MOCK CourseVectorStore] Initialized with mock data
[90mstdout[2m | src/components/Workbook/BlockHistoryTimeline.stories.tsx[2m > [22m[2mHistory Story
[22m[39m[FilesContext] Vector store population triggered {
  "currentVectorStoreSize": 3,
  "documentsCount": 0,
  "filesCount": 6,
  "isInitialLoad": true,
}
[90mstdout[2m | src/components/Workbook/BlockHistoryTimeline.stories.tsx[2m > [22m[2mHistory Story
[22m[39m[FilesContext] Vector store population complete - 3 total embeddings
[90mstdout[2m | src/components/Workbook/BlockHistoryTimeline.stories.tsx[2m > [22m[2mHistory Story
[22m[39m[ChatContext] Chat exists and not archived, skipping creation
[90mstdout[2m | src/components/Workbook/BlockHistoryTimeline.stories.tsx[2m > [22m[2mHistory Story
[22m[39m[Mock Storage] downloadData called with: undefined
[90mstdout[2m | src/components/Workbook/BlockHistoryTimeline.stories.tsx[2m > [22m[2mHistory Empty
[22m[39m[ChatContext] Cleaning up subscriptions
[90mstdout[2m | src/components/Workbook/BlockHistoryTimeline.stories.tsx[2m > [22m[2mHistory Empty
[22m[39m[Mock Data] Unit.onUpdate() subscription removed. Remaining: 0
[90mstdout[2m | src/components/Workbook/BlockHistoryTimeline.stories.tsx[2m > [22m[2mHistory Empty
[22m[39m[MOCK CourseVectorStore] Initialized with mock data
[90mstdout[2m | src/components/Workbook/BlockHistoryTimeline.stories.tsx[2m > [22m[2mHistory Empty
[22m[39m[TranslationModeController] Setting mode to: off
[90mstdout[2m | src/components/Workbook/BlockHistoryTimeline.stories.tsx[2m > [22m[2mHistory Empty
[22m[39m[UnitContext] useEffect triggered {
  "authLoading": false,
  "hasUser": true,
  "id": "mock-unit-id",
  "userSub": "mock-user-sub",
}
[90mstdout[2m | src/components/Workbook/BlockHistoryTimeline.stories.tsx[2m > [22m[2mHistory Empty
[22m[39m[UnitContext] Fetching unit data for id: mock-unit-id
[90mstdout[2m | src/components/Workbook/BlockHistoryTimeline.stories.tsx[2m > [22m[2mHistory Empty
[22m[39m[FilesContext] Initializing vector store from IndexedDB
[90mstdout[2m | src/components/Workbook/BlockHistoryTimeline.stories.tsx[2m > [22m[2mHistory Empty
[22m[39m[FilesContext] fetchFiles called
[90mstdout[2m | src/components/Workbook/BlockHistoryTimeline.stories.tsx[2m > [22m[2mHistory Empty
[22m[39m[FilesContext] User authenticated: mock-user-sub
[90mstdout[2m | src/components/Workbook/BlockHistoryTimeline.stories.tsx[2m > [22m[2mHistory Empty
[22m[39m[FilesContext] Identity ID: us-east-1:mock-identity-123
[90mstdout[2m | src/components/Workbook/BlockHistoryTimeline.stories.tsx[2m > [22m[2mHistory Empty
[22m[39m[FilesContext] About to set up File observeQuery
[90mstdout[2m | src/components/Workbook/BlockHistoryTimeline.stories.tsx[2m > [22m[2mHistory Empty
[22m[39m[ChatContext] Setting up AssistantChat observeQuery
[90mstdout[2m | src/components/Workbook/BlockHistoryTimeline.stories.tsx[2m > [22m[2mHistory Empty
[22m[39m[ChatContext] Waiting for subscription to initialize
[90mstdout[2m | src/components/Workbook/BlockHistoryTimeline.stories.tsx[2m > [22m[2mHistory Empty
[22m[39m[SettingsContext] Setting up Settings subscription for user: mock-user-sub
[90mstdout[2m | src/components/Workbook/BlockHistoryTimeline.stories.tsx[2m > [22m[2mHistory Empty
[22m[39m[Mock Data] Settings created: mock-settings-1790418355988 - notified 0 subscribers
[90mstdout[2m | src/components/Workbook/BlockHistoryTimeline.stories.tsx[2m > [22m[2mHistory Empty
[22m[39m[Mock Data] Unit.onUpdate() subscription added. Total: 1
[90mstdout[2m | src/components/Workbook/BlockHistoryTimeline.stories.tsx[2m > [22m[2mHistory Empty
[22m[39m[SectionContext] Section observeQuery update: 0
[90mstdout[2m | src/components/Workbook/BlockHistoryTimeline.stories.tsx[2m > [22m[2mHistory Empty
[22m[39m[FilesContext] File observeQuery update: 6 files
[90mstdout[2m | src/components/Workbook/BlockHistoryTimeline.stories.tsx[2m > [22m[2mHistory Empty
[22m[39m[Mock Storage] downloadData called with: undefined
[90mstdout[2m | src/components/Workbook/BlockHistoryTimeline.stories.tsx[2m > [22m[2mHistory Empty
[22m[39m[ChatContext] AssistantChat initialized with 1 chats
[90mstdout[2m | src/components/Workbook/BlockHistoryTimeline.stories.tsx[2m > [22m[2mHistory Empty
[22m[39m[ChatContext] Setting initial chat: mock-assistant-chat-1
[90mstdout[2m | src/components/Workbook/BlockHistoryTimeline.stories.tsx[2m > [22m[2mHistory Empty
[22m[39m[MOCK CourseVectorStore] Initialized with mock data
[90mstdout[2m | src/components/Workbook/BlockHistoryTimeline.stories.tsx[2m > [22m[2mHistory Empty
[22m[39m[FilesContext] Vector store population triggered {
  "currentVectorStoreSize": 3,
  "documentsCount": 0,
  "filesCount": 6,
  "isInitialLoad": true,
}
[90mstdout[2m | src/components/Workbook/BlockHistoryTimeline.stories.tsx[2m > [22m[2mHistory Empty
[22m[39m[FilesContext] Vector store population complete - 3 total embeddings
[90mstdout[2m | src/components/Workbook/BlockHistoryTimeline.stories.tsx[2m > [22m[2mHistory Empty
[22m[39m[ChatContext] Chat exists and not archived, skipping creation
 [32m✓[39m [30m[45m storybook (chromium) [49m[39m src/components/Workbook/BlockHistoryTimeline.stories.tsx [2m([22m[2m2 tests[22m[2m)[22m[32m 298[2mms[22m[39m
[90mstdout[2m | unknown test
[22m[39m[MOCK vectorStoreDB.js] Module loaded - mock IndexedDB operations
[90mstdout[2m | unknown test
[22m[39m[Task Completion] DOM action listeners initialized
[90mstdout[2m | unknown test
[22m[39m[Task Completion] Auto-completion detector initialized
[90mstdout[2m | unknown test
[22m[39m[Preview] Task completion detector initialized
[90mstdout[2m | src/components/Gamification/HomeworkXPSummary.stories.tsx[2m > [22m[2mXP Summary Story
[22m[39m[MOCK CourseVectorStore] Initialized with mock data
[90mstdout[2m | src/components/Gamification/HomeworkXPSummary.stories.tsx[2m > [22m[2mXP Summary Story
[22m[39m[TranslationModeController] Setting mode to: off
[90mstdout[2m | src/components/Gamification/HomeworkXPSummary.stories.tsx[2m > [22m[2mXP Summary Story
[22m[39m[UnitContext] useEffect triggered {
  "authLoading": false,
  "hasUser": true,
  "id": "mock-unit-id",
  "userSub": "mock-user-sub",
}
[90mstdout[2m | src/components/Gamification/HomeworkXPSummary.stories.tsx[2m > [22m[2mXP Summary Story
[22m[39m[UnitContext] Fetching unit data for id: mock-unit-id
[90mstdout[2m | src/components/Gamification/HomeworkXPSummary.stories.tsx[2m > [22m[2mXP Summary Story
[22m[39m[FilesContext] Initializing vector store from IndexedDB
[90mstdout[2m | src/components/Gamification/HomeworkXPSummary.stories.tsx[2m > [22m[2mXP Summary Story
[22m[39m[FilesContext] fetchFiles called
[90mstdout[2m | src/components/Gamification/HomeworkXPSummary.stories.tsx[2m > [22m[2mXP Summary Story
[22m[39m[FilesContext] User authenticated: mock-user-sub
[90mstdout[2m | src/components/Gamification/HomeworkXPSummary.stories.tsx[2m > [22m[2mXP Summary Story
[22m[39m[FilesContext] Identity ID: us-east-1:mock-identity-123
[90mstdout[2m | src/components/Gamification/HomeworkXPSummary.stories.tsx[2m > [22m[2mXP Summary Story
[22m[39m[FilesContext] About to set up File observeQuery
[90mstdout[2m | src/components/Gamification/HomeworkXPSummary.stories.tsx[2m > [22m[2mXP Summary Story
[22m[39m[ChatContext] Setting up AssistantChat observeQuery
[90mstdout[2m | src/components/Gamification/HomeworkXPSummary.stories.tsx[2m > [22m[2mXP Summary Story
[22m[39m[ChatContext] Waiting for subscription to initialize
[90mstdout[2m | src/components/Gamification/HomeworkXPSummary.stories.tsx[2m > [22m[2mXP Summary Story
[22m[39m[SettingsContext] Setting up Settings subscription for user: mock-user-sub
[90mstdout[2m | src/components/Gamification/HomeworkXPSummary.stories.tsx[2m > [22m[2mXP Summary Story
[22m[39m[Mock Data] Settings created: mock-settings-1790418356626 - notified 0 subscribers
[90mstdout[2m | src/components/Gamification/HomeworkXPSummary.stories.tsx[2m > [22m[2mXP Summary Story
[22m[39m[Mock Data] Unit.onUpdate() subscription added. Total: 1
[90mstdout[2m | src/components/Gamification/HomeworkXPSummary.stories.tsx[2m > [22m[2mXP Summary Story
[22m[39m[SectionContext] Section observeQuery update: 0
[90mstdout[2m | src/components/Gamification/HomeworkXPSummary.stories.tsx[2m > [22m[2mXP Summary Story
[22m[39m[FilesContext] File observeQuery update: 6 files
[90mstdout[2m | src/components/Gamification/HomeworkXPSummary.stories.tsx[2m > [22m[2mXP Summary Story
[22m[39m[ChatContext] AssistantChat initialized with 1 chats
[90mstdout[2m | src/components/Gamification/HomeworkXPSummary.stories.tsx[2m > [22m[2mXP Summary Story
[22m[39m[ChatContext] Setting initial chat: mock-assistant-chat-1
[90mstdout[2m | src/components/Gamification/HomeworkXPSummary.stories.tsx[2m > [22m[2mXP Summary Story
[22m[39m[Mock Storage] downloadData called with: undefined
[90mstdout[2m | src/components/Gamification/HomeworkXPSummary.stories.tsx[2m > [22m[2mXP Summary Story
[22m[39m[MOCK CourseVectorStore] Initialized with mock data
[90mstdout[2m | src/components/Gamification/HomeworkXPSummary.stories.tsx[2m > [22m[2mXP Summary Story
[22m[39m[FilesContext] Vector store population triggered {
  "currentVectorStoreSize": 3,
  "documentsCount": 0,
  "filesCount": 6,
  "isInitialLoad": true,
}
[90mstdout[2m | src/components/Gamification/HomeworkXPSummary.stories.tsx[2m > [22m[2mXP Summary Story
[22m[39m[FilesContext] Vector store population complete - 3 total embeddings
[90mstdout[2m | src/components/Gamification/HomeworkXPSummary.stories.tsx[2m > [22m[2mXP Summary Story
[22m[39m[ChatContext] Chat exists and not archived, skipping creation
 [32m✓[39m [30m[45m storybook (chromium) [49m[39m src/components/Gamification/HomeworkXPSummary.stories.tsx [2m([22m[2m1 test[22m[2m)[22m[32m 159[2mms[22m[39m
[90mstdout[2m | unknown test
[22m[39m[MOCK vectorStoreDB.js] Module loaded - mock IndexedDB operations
[90mstdout[2m | unknown test
[22m[39m[Task Completion] DOM action listeners initialized
[90mstdout[2m | unknown test
[22m[39m[Task Completion] Auto-completion detector initialized
[90mstdout[2m | unknown test
[22m[39m[Preview] Task completion detector initialized
[90mstdout[2m | src/stories/Button.stories.ts[2m > [22m[2mPrimary
[22m[39m[TranslationModeController] Setting mode to: off
[90mstdout[2m | src/stories/Button.stories.ts[2m > [22m[2mSecondary
[22m[39m[TranslationModeController] Setting mode to: off
[90mstdout[2m | src/stories/Button.stories.ts[2m > [22m[2mLarge
[22m[39m[TranslationModeController] Setting mode to: off
[90mstdout[2m | src/stories/Button.stories.ts[2m > [22m[2mSmall
[22m[39m[TranslationModeController] Setting mode to: off
 [32m✓[39m [30m[45m storybook (chromium) [49m[39m src/stories/Button.stories.ts [2m([22m[2m4 tests[22m[2m)[22m[32m 294[2mms[22m[39m
[90mstdout[2m | unknown test
[22m[39m[MOCK vectorStoreDB.js] Module loaded - mock IndexedDB operations
[90mstdout[2m | unknown test
[22m[39m[Task Completion] DOM action listeners initialized
[90mstdout[2m | unknown test
[22m[39m[Task Completion] Auto-completion detector initialized
[90mstdout[2m | unknown test
[22m[39m[Preview] Task completion detector initialized
[90mstdout[2m | src/components/PeerReview/JoinPeerReviewDialog.stories.tsx[2m > [22m[2mJoin Dialog Open
[22m[39m[MOCK CourseVectorStore] Initialized with mock data
[90mstdout[2m | src/components/PeerReview/JoinPeerReviewDialog.stories.tsx[2m > [22m[2mJoin Dialog Open
[22m[39m[TranslationModeController] Setting mode to: off
[90mstdout[2m | src/components/PeerReview/JoinPeerReviewDialog.stories.tsx[2m > [22m[2mJoin Dialog Open
[22m[39m[UnitContext] useEffect triggered {
  "authLoading": false,
  "hasUser": true,
  "id": "mock-unit-id",
  "userSub": "mock-user-sub",
}
[90mstdout[2m | src/components/PeerReview/JoinPeerReviewDialog.stories.tsx[2m > [22m[2mJoin Dialog Open
[22m[39m[UnitContext] Fetching unit data for id: mock-unit-id
[90mstdout[2m | src/components/PeerReview/JoinPeerReviewDialog.stories.tsx[2m > [22m[2mJoin Dialog Open
[22m[39m[FilesContext] Initializing vector store from IndexedDB
[90mstdout[2m | src/components/PeerReview/JoinPeerReviewDialog.stories.tsx[2m > [22m[2mJoin Dialog Open
[22m[39m[FilesContext] fetchFiles called
[90mstdout[2m | src/components/PeerReview/JoinPeerReviewDialog.stories.tsx[2m > [22m[2mJoin Dialog Open
[22m[39m[FilesContext] User authenticated: mock-user-sub
[90mstdout[2m | src/components/PeerReview/JoinPeerReviewDialog.stories.tsx[2m > [22m[2mJoin Dialog Open
[22m[39m[FilesContext] Identity ID: us-east-1:mock-identity-123
[90mstdout[2m | src/components/PeerReview/JoinPeerReviewDialog.stories.tsx[2m > [22m[2mJoin Dialog Open
[22m[39m[FilesContext] About to set up File observeQuery
[90mstdout[2m | src/components/PeerReview/JoinPeerReviewDialog.stories.tsx[2m > [22m[2mJoin Dialog Open
[22m[39m[ChatContext] Setting up AssistantChat observeQuery
[90mstdout[2m | src/components/PeerReview/JoinPeerReviewDialog.stories.tsx[2m > [22m[2mJoin Dialog Open
[22m[39m[ChatContext] Waiting for subscription to initialize
[90mstdout[2m | src/components/PeerReview/JoinPeerReviewDialog.stories.tsx[2m > [22m[2mJoin Dialog Open
[22m[39m[SettingsContext] Setting up Settings subscription for user: mock-user-sub
[90mstdout[2m | src/components/PeerReview/JoinPeerReviewDialog.stories.tsx[2m > [22m[2mJoin Dialog Open
[22m[39m[Mock Data] Settings created: mock-settings-1790418358011 - notified 0 subscribers
[90mstdout[2m | src/components/PeerReview/JoinPeerReviewDialog.stories.tsx[2m > [22m[2mJoin Dialog Open
[22m[39m[Mock Data] Unit.onUpdate() subscription added. Total: 1
[90mstdout[2m | src/components/PeerReview/JoinPeerReviewDialog.stories.tsx[2m > [22m[2mJoin Dialog Open
[22m[39m[SectionContext] Section observeQuery update: 0
[90mstdout[2m | src/components/PeerReview/JoinPeerReviewDialog.stories.tsx[2m > [22m[2mJoin Dialog Open
[22m[39m[FilesContext] File observeQuery update: 6 files
[90mstdout[2m | src/components/PeerReview/JoinPeerReviewDialog.stories.tsx[2m > [22m[2mJoin Dialog Open
[22m[39m[ChatContext] AssistantChat initialized with 1 chats
[90mstdout[2m | src/components/PeerReview/JoinPeerReviewDialog.stories.tsx[2m > [22m[2mJoin Dialog Open
[22m[39m[ChatContext] Setting initial chat: mock-assistant-chat-1
[90mstdout[2m | src/components/PeerReview/JoinPeerReviewDialog.stories.tsx[2m > [22m[2mJoin Dialog Open
[22m[39m[MOCK CourseVectorStore] Initialized with mock data
[90mstdout[2m | src/components/PeerReview/JoinPeerReviewDialog.stories.tsx[2m > [22m[2mJoin Dialog Open
[22m[39m[FilesContext] Vector store population triggered {
  "currentVectorStoreSize": 3,
  "documentsCount": 0,
  "filesCount": 6,
  "isInitialLoad": true,
}
[90mstdout[2m | src/components/PeerReview/JoinPeerReviewDialog.stories.tsx[2m > [22m[2mJoin Dialog Open
[22m[39m[FilesContext] Vector store population complete - 3 total embeddings
[90mstdout[2m | src/components/PeerReview/JoinPeerReviewDialog.stories.tsx[2m > [22m[2mJoin Dialog Open
[22m[39m[ChatContext] Chat exists and not archived, skipping creation
[90mstdout[2m | src/components/PeerReview/JoinPeerReviewDialog.stories.tsx[2m > [22m[2mJoin Dialog Open
[22m[39m[Mock Storage] downloadData called with: undefined
 [32m✓[39m [30m[45m storybook (chromium) [49m[39m src/components/PeerReview/JoinPeerReviewDialog.stories.tsx [2m([22m[2m1 test[22m[2m)[22m[32m 284[2mms[22m[39m
[90mstdout[2m | unknown test
[22m[39m[MOCK vectorStoreDB.js] Module loaded - mock IndexedDB operations
[90mstdout[2m | unknown test
[22m[39m[Task Completion] DOM action listeners initialized
[90mstdout[2m | unknown test
[22m[39m[Task Completion] Auto-completion detector initialized
[90mstdout[2m | unknown test
[22m[39m[Preview] Task completion detector initialized
[90mstdout[2m | src/components/Editor3/plugins/UnitCompletedPlugin.stories.jsx[2m > [22m[2mInteractive
[22m[39m[Preview] Skipped initializing default mock data (initializeMockData=false)
[90mstdout[2m | src/components/Editor3/plugins/UnitCompletedPlugin.stories.jsx[2m > [22m[2mInteractive
[22m[39m[Mock Data] seedMockUnit: Adding unit unit-completed-story-unit
[90mstdout[2m | src/components/Editor3/plugins/UnitCompletedPlugin.stories.jsx[2m > [22m[2mInteractive
[22m[39m[MOCK CourseVectorStore] Initialized with mock data
[90mstdout[2m | src/components/Editor3/plugins/UnitCompletedPlugin.stories.jsx[2m > [22m[2mInteractive
[22m[39m[TranslationModeController] Setting mode to: off
[90mstdout[2m | src/components/Editor3/plugins/UnitCompletedPlugin.stories.jsx[2m > [22m[2mInteractive
[22m[39m[UnitContext] useEffect triggered {
  "authLoading": false,
  "hasUser": true,
  "id": "unit-completed-story-unit",
  "userSub": "mock-user-sub",
}
[90mstdout[2m | src/components/Editor3/plugins/UnitCompletedPlugin.stories.jsx[2m > [22m[2mInteractive
[22m[39m[UnitContext] Fetching unit data for id: unit-completed-story-unit
[90mstdout[2m | src/components/Editor3/plugins/UnitCompletedPlugin.stories.jsx[2m > [22m[2mInteractive
[22m[39m[FilesContext] Initializing vector store from IndexedDB
[90mstdout[2m | src/components/Editor3/plugins/UnitCompletedPlugin.stories.jsx[2m > [22m[2mInteractive
[22m[39m[FilesContext] fetchFiles called
[90mstdout[2m | src/components/Editor3/plugins/UnitCompletedPlugin.stories.jsx[2m > [22m[2mInteractive
[22m[39m[FilesContext] User authenticated: mock-user-sub
[90mstdout[2m | src/components/Editor3/plugins/UnitCompletedPlugin.stories.jsx[2m > [22m[2mInteractive
[22m[39m[FilesContext] Identity ID: us-east-1:mock-identity-123
[90mstdout[2m | src/components/Editor3/plugins/UnitCompletedPlugin.stories.jsx[2m > [22m[2mInteractive
[22m[39m[FilesContext] About to set up File observeQuery
[90mstdout[2m | src/components/Editor3/plugins/UnitCompletedPlugin.stories.jsx[2m > [22m[2mInteractive
[22m[39m[ChatContext] Setting up AssistantChat observeQuery
[90mstdout[2m | src/components/Editor3/plugins/UnitCompletedPlugin.stories.jsx[2m > [22m[2mInteractive
[22m[39m[ChatContext] Waiting for subscription to initialize
[90mstdout[2m | src/components/Editor3/plugins/UnitCompletedPlugin.stories.jsx[2m > [22m[2mInteractive
[22m[39m[SettingsContext] Setting up Settings subscription for user: mock-user-sub
[90mstdout[2m | src/components/Editor3/plugins/UnitCompletedPlugin.stories.jsx[2m > [22m[2mInteractive
[22m[39m[Mock Data] Settings created: mock-settings-1790418358750 - notified 0 subscribers
[90mstdout[2m | src/components/Editor3/plugins/UnitCompletedPlugin.stories.jsx[2m > [22m[2mInteractive
[22m[39m[Mock Data] Unit.onUpdate() subscription added. Total: 1
[90mstdout[2m | src/components/Editor3/plugins/UnitCompletedPlugin.stories.jsx[2m > [22m[2mInteractive
[22m[39m[SectionContext] Section observeQuery update: 0
[90mstdout[2m | src/components/Editor3/plugins/UnitCompletedPlugin.stories.jsx[2m > [22m[2mInteractive
[22m[39m[FilesContext] File observeQuery update: 0 files
[90mstdout[2m | src/components/Editor3/plugins/UnitCompletedPlugin.stories.jsx[2m > [22m[2mInteractive
[22m[39m[ChatContext] AssistantChat initialized with 0 chats
[90mstdout[2m | src/components/Editor3/plugins/UnitCompletedPlugin.stories.jsx[2m > [22m[2mInteractive
[22m[39m[MOCK CourseVectorStore] Initialized with mock data
[90mstdout[2m | src/components/Editor3/plugins/UnitCompletedPlugin.stories.jsx[2m > [22m[2mInteractive
[22m[39m[ChatContext] No current chat available, will create one
[90mstdout[2m | src/components/Editor3/plugins/UnitCompletedPlugin.stories.jsx[2m > [22m[2mInteractive
[22m[39m[ChatContext] Creating AssistantChat with user: undefined
[90mstdout[2m | src/components/Editor3/plugins/UnitCompletedPlugin.stories.jsx[2m > [22m[2mInteractive
[22m[39m[Mock Data] AssistantChat created: mock-assistantchat-1790418358776 - notified 1 subscribers
[90mstdout[2m | src/components/Editor3/plugins/UnitCompletedPlugin.stories.jsx[2m > [22m[2mInteractive
[22m[39m[ChatContext] Create result: {
  "data": {
    "_version": 1,
    "archived": false,
    "chatFiles": [Function anonymous],
    "createdAt": "2026-09-26T10:25:58.776Z",
    "id": "mock-assistantchat-1790418358776",
    "model": "gpt-4",
    "updatedAt": "2026-09-26T10:25:58.776Z",
  },
  "errors": [],
  "hasData": true,
  "hasErrors": true,
}
[90mstdout[2m | src/components/Editor3/plugins/UnitCompletedPlugin.stories.jsx[2m > [22m[2mInteractive
[22m[39m[ChatContext] Created AssistantChat: mock-assistantchat-1790418358776 at: 2026-09-26T10:25:58.776Z
[90mstdout[2m | src/components/Editor3/plugins/UnitCompletedPlugin.stories.jsx[2m > [22m[2mInteractive
[22m[39m[Mock Storage] downloadData called with: undefined
[90mstdout[2m | src/components/Editor3/plugins/UnitCompletedPlugin.stories.jsx[2m > [22m[2mInteractive
[22m[39m[ChatContext] Setting initial chat: mock-assistantchat-1790418358776
[90mstdout[2m | src/components/Editor3/plugins/UnitCompletedPlugin.stories.jsx[2m > [22m[2mInteractive
[22m[39m[ChatContext] Chat exists and not archived, skipping creation
 [32m✓[39m [30m[45m storybook (chromium) [49m[39m src/components/Editor3/plugins/UnitCompletedPlugin.stories.jsx [2m([22m[2m1 test[22m[2m)[22m[32m 177[2mms[22m[39m
[90mstdout[2m | unknown test
[22m[39m[MOCK vectorStoreDB.js] Module loaded - mock IndexedDB operations
[90mstdout[2m | unknown test
[22m[39m[Task Completion] DOM action listeners initialized
[90mstdout[2m | unknown test
[22m[39m[Task Completion] Auto-completion detector initialized
[90mstdout[2m | unknown test
[22m[39m[Preview] Task completion detector initialized
[90mstdout[2m | src/components/Gamification/NailedItBadge.stories.tsx[2m > [22m[2mDefault
[22m[39m[MOCK CourseVectorStore] Initialized with mock data
[90mstdout[2m | src/components/Gamification/NailedItBadge.stories.tsx[2m > [22m[2mDefault
[22m[39m[TranslationModeController] Setting mode to: off
[90mstdout[2m | src/components/Gamification/NailedItBadge.stories.tsx[2m > [22m[2mDefault
[22m[39m[UnitContext] useEffect triggered {
  "authLoading": false,
  "hasUser": true,
  "id": "mock-unit-id",
  "userSub": "mock-user-sub",
}
[90mstdout[2m | src/components/Gamification/NailedItBadge.stories.tsx[2m > [22m[2mDefault
[22m[39m[UnitContext] Fetching unit data for id: mock-unit-id
[90mstdout[2m | src/components/Gamification/NailedItBadge.stories.tsx[2m > [22m[2mDefault
[22m[39m[FilesContext] Initializing vector store from IndexedDB
[90mstdout[2m | src/components/Gamification/NailedItBadge.stories.tsx[2m > [22m[2mDefault
[22m[39m[FilesContext] fetchFiles called
[90mstdout[2m | src/components/Gamification/NailedItBadge.stories.tsx[2m > [22m[2mDefault
[22m[39m[FilesContext] User authenticated: mock-user-sub
[90mstdout[2m | src/components/Gamification/NailedItBadge.stories.tsx[2m > [22m[2mDefault
[22m[39m[FilesContext] Identity ID: us-east-1:mock-identity-123
[90mstdout[2m | src/components/Gamification/NailedItBadge.stories.tsx[2m > [22m[2mDefault
[22m[39m[FilesContext] About to set up File observeQuery
[90mstdout[2m | src/components/Gamification/NailedItBadge.stories.tsx[2m > [22m[2mDefault
[22m[39m[ChatContext] Setting up AssistantChat observeQuery
[90mstdout[2m | src/components/Gamification/NailedItBadge.stories.tsx[2m > [22m[2mDefault
[22m[39m[ChatContext] Waiting for subscription to initialize
[90mstdout[2m | src/components/Gamification/NailedItBadge.stories.tsx[2m > [22m[2mDefault
[22m[39m[SettingsContext] Setting up Settings subscription for user: mock-user-sub
[90mstdout[2m | src/components/Gamification/NailedItBadge.stories.tsx[2m > [22m[2mDefault
[22m[39m[Mock Data] Settings created: mock-settings-1790418359551 - notified 0 subscribers
[90mstdout[2m | src/components/Gamification/NailedItBadge.stories.tsx[2m > [22m[2mDefault
[22m[39m[Mock Data] Unit.onUpdate() subscription added. Total: 1
[90mstdout[2m | src/components/Gamification/NailedItBadge.stories.tsx[2m > [22m[2mDefault
[22m[39m[SectionContext] Section observeQuery update: 0
[90mstdout[2m | src/components/Gamification/NailedItBadge.stories.tsx[2m > [22m[2mDefault
[22m[39m[FilesContext] File observeQuery update: 6 files
[90mstdout[2m | src/components/Gamification/NailedItBadge.stories.tsx[2m > [22m[2mDefault
[22m[39m[ChatContext] AssistantChat initialized with 1 chats
[90mstdout[2m | src/components/Gamification/NailedItBadge.stories.tsx[2m > [22m[2mDefault
[22m[39m[ChatContext] Setting initial chat: mock-assistant-chat-1
[90mstdout[2m | src/components/Gamification/NailedItBadge.stories.tsx[2m > [22m[2mDefault
[22m[39m[Mock Storage] downloadData called with: undefined
[90mstdout[2m | src/components/Gamification/NailedItBadge.stories.tsx[2m > [22m[2mDefault
[22m[39m[MOCK CourseVectorStore] Initialized with mock data
[90mstdout[2m | src/components/Gamification/NailedItBadge.stories.tsx[2m > [22m[2mDefault
[22m[39m[FilesContext] Vector store population triggered {
  "currentVectorStoreSize": 3,
  "documentsCount": 0,
  "filesCount": 6,
  "isInitialLoad": true,
}
[90mstdout[2m | src/components/Gamification/NailedItBadge.stories.tsx[2m > [22m[2mDefault
[22m[39m[FilesContext] Vector store population complete - 3 total embeddings
[90mstdout[2m | src/components/Gamification/NailedItBadge.stories.tsx[2m > [22m[2mDefault
[22m[39m[ChatContext] Chat exists and not archived, skipping creation
[90mstdout[2m | src/components/Gamification/NailedItBadge.stories.tsx[2m > [22m[2mCustom Size
[22m[39m[ChatContext] Cleaning up subscriptions
[90mstdout[2m | src/components/Gamification/NailedItBadge.stories.tsx[2m > [22m[2mCustom Size
[22m[39m[Mock Data] Unit.onUpdate() subscription removed. Remaining: 0
[90mstdout[2m | src/components/Gamification/NailedItBadge.stories.tsx[2m > [22m[2mCustom Size
[22m[39m[MOCK CourseVectorStore] Initialized with mock data
[90mstdout[2m | src/components/Gamification/NailedItBadge.stories.tsx[2m > [22m[2mCustom Size
[22m[39m[TranslationModeController] Setting mode to: off
[90mstdout[2m | src/components/Gamification/NailedItBadge.stories.tsx[2m > [22m[2mCustom Size
[22m[39m[UnitContext] useEffect triggered {
  "authLoading": false,
  "hasUser": true,
  "id": "mock-unit-id",
  "userSub": "mock-user-sub",
}
[90mstdout[2m | src/components/Gamification/NailedItBadge.stories.tsx[2m > [22m[2mCustom Size
[22m[39m[UnitContext] Fetching unit data for id: mock-unit-id
[90mstdout[2m | src/components/Gamification/NailedItBadge.stories.tsx[2m > [22m[2mCustom Size
[22m[39m[FilesContext] Initializing vector store from IndexedDB
[90mstdout[2m | src/components/Gamification/NailedItBadge.stories.tsx[2m > [22m[2mCustom Size
[22m[39m[FilesContext] fetchFiles called
[90mstdout[2m | src/components/Gamification/NailedItBadge.stories.tsx[2m > [22m[2mCustom Size
[22m[39m[FilesContext] User authenticated: mock-user-sub
[90mstdout[2m | src/components/Gamification/NailedItBadge.stories.tsx[2m > [22m[2mCustom Size
[22m[39m[FilesContext] Identity ID: us-east-1:mock-identity-123
[90mstdout[2m | src/components/Gamification/NailedItBadge.stories.tsx[2m > [22m[2mCustom Size
[22m[39m[FilesContext] About to set up File observeQuery
[90mstdout[2m | src/components/Gamification/NailedItBadge.stories.tsx[2m > [22m[2mCustom Size
[22m[39m[ChatContext] Setting up AssistantChat observeQuery
[90mstdout[2m | src/components/Gamification/NailedItBadge.stories.tsx[2m > [22m[2mCustom Size
[22m[39m[ChatContext] Waiting for subscription to initialize
[90mstdout[2m | src/components/Gamification/NailedItBadge.stories.tsx[2m > [22m[2mCustom Size
[22m[39m[SettingsContext] Setting up Settings subscription for user: mock-user-sub
[90mstdout[2m | src/components/Gamification/NailedItBadge.stories.tsx[2m > [22m[2mCustom Size
[22m[39m[Mock Data] Settings created: mock-settings-1790418359673 - notified 0 subscribers
[90mstdout[2m | src/components/Gamification/NailedItBadge.stories.tsx[2m > [22m[2mCustom Size
[22m[39m[Mock Data] Unit.onUpdate() subscription added. Total: 1
[90mstdout[2m | src/components/Gamification/NailedItBadge.stories.tsx[2m > [22m[2mCustom Size
[22m[39m[SectionContext] Section observeQuery update: 0
[90mstdout[2m | src/components/Gamification/NailedItBadge.stories.tsx[2m > [22m[2mCustom Size
[22m[39m[FilesContext] File observeQuery update: 6 files
[90mstdout[2m | src/components/Gamification/NailedItBadge.stories.tsx[2m > [22m[2mCustom Size
[22m[39m[ChatContext] AssistantChat initialized with 1 chats
[90mstdout[2m | src/components/Gamification/NailedItBadge.stories.tsx[2m > [22m[2mCustom Size
[22m[39m[ChatContext] Setting initial chat: mock-assistant-chat-1
[90mstdout[2m | src/components/Gamification/NailedItBadge.stories.tsx[2m > [22m[2mCustom Size
[22m[39m[Mock Storage] downloadData called with: undefined
[90mstdout[2m | src/components/Gamification/NailedItBadge.stories.tsx[2m > [22m[2mCustom Size
[22m[39m[MOCK CourseVectorStore] Initialized with mock data
[90mstdout[2m | src/components/Gamification/NailedItBadge.stories.tsx[2m > [22m[2mCustom Size
[22m[39m[FilesContext] Vector store population triggered {
  "currentVectorStoreSize": 3,
  "documentsCount": 0,
  "filesCount": 6,
  "isInitialLoad": true,
}
[90mstdout[2m | src/components/Gamification/NailedItBadge.stories.tsx[2m > [22m[2mCustom Size
[22m[39m[FilesContext] Vector store population complete - 3 total embeddings
[90mstdout[2m | src/components/Gamification/NailedItBadge.stories.tsx[2m > [22m[2mCustom Size
[22m[39m[ChatContext] Chat exists and not archived, skipping creation
 [32m✓[39m [30m[45m storybook (chromium) [49m[39m src/components/Gamification/NailedItBadge.stories.tsx [2m([22m[2m2 tests[22m[2m)[22m[32m 236[2mms[22m[39m
[90mstdout[2m | unknown test
[22m[39m[MOCK vectorStoreDB.js] Module loaded - mock IndexedDB operations
[90mstdout[2m | unknown test
[22m[39m[Task Completion] DOM action listeners initialized
[90mstdout[2m | unknown test
[22m[39m[Task Completion] Auto-completion detector initialized
[90mstdout[2m | unknown test
[22m[39m[Preview] Task completion detector initialized
[90mstdout[2m | src/components/Editor3/plugins/AutocompletePlugin.stories.jsx[2m > [22m[2mEditable Empty
[22m[39m[Preview] Skipped initializing default mock data (initializeMockData=false)
[90mstdout[2m | src/components/Editor3/plugins/AutocompletePlugin.stories.jsx[2m > [22m[2mEditable Empty
[22m[39m[Mock Data] seedMockUnit: Adding unit autocomplete-story-unit
[90mstdout[2m | src/components/Editor3/plugins/AutocompletePlugin.stories.jsx[2m > [22m[2mEditable Empty
[22m[39m[MOCK CourseVectorStore] Initialized with mock data
[90mstdout[2m | src/components/Editor3/plugins/AutocompletePlugin.stories.jsx[2m > [22m[2mEditable Empty
[22m[39m[TranslationModeController] Setting mode to: off
[90mstdout[2m | src/components/Editor3/plugins/AutocompletePlugin.stories.jsx[2m > [22m[2mEditable Empty
[22m[39m[UnitContext] useEffect triggered {
  "authLoading": false,
  "hasUser": true,
  "id": "autocomplete-story-unit",
  "userSub": "mock-user-sub",
}
[90mstdout[2m | src/components/Editor3/plugins/AutocompletePlugin.stories.jsx[2m > [22m[2mEditable Empty
[22m[39m[UnitContext] Fetching unit data for id: autocomplete-story-unit
[90mstdout[2m | src/components/Editor3/plugins/AutocompletePlugin.stories.jsx[2m > [22m[2mEditable Empty
[22m[39m[FilesContext] Initializing vector store from IndexedDB
[90mstdout[2m | src/components/Editor3/plugins/AutocompletePlugin.stories.jsx[2m > [22m[2mEditable Empty
[22m[39m[FilesContext] fetchFiles called
[90mstdout[2m | src/components/Editor3/plugins/AutocompletePlugin.stories.jsx[2m > [22m[2mEditable Empty
[22m[39m[FilesContext] User authenticated: mock-user-sub
[90mstdout[2m | src/components/Editor3/plugins/AutocompletePlugin.stories.jsx[2m > [22m[2mEditable Empty
[22m[39m[FilesContext] Identity ID: us-east-1:mock-identity-123
[90mstdout[2m | src/components/Editor3/plugins/AutocompletePlugin.stories.jsx[2m > [22m[2mEditable Empty
[22m[39m[FilesContext] About to set up File observeQuery
[90mstdout[2m | src/components/Editor3/plugins/AutocompletePlugin.stories.jsx[2m > [22m[2mEditable Empty
[22m[39m[ChatContext] Setting up AssistantChat observeQuery
[90mstdout[2m | src/components/Editor3/plugins/AutocompletePlugin.stories.jsx[2m > [22m[2mEditable Empty
[22m[39m[ChatContext] Waiting for subscription to initialize
[90mstdout[2m | src/components/Editor3/plugins/AutocompletePlugin.stories.jsx[2m > [22m[2mEditable Empty
[22m[39m[SettingsContext] Setting up Settings subscription for user: mock-user-sub
[90mstdout[2m | src/components/Editor3/plugins/AutocompletePlugin.stories.jsx[2m > [22m[2mEditable Empty
[22m[39m[Mock Data] Settings created: mock-settings-1790418360324 - notified 0 subscribers
[90mstdout[2m | src/components/Editor3/plugins/AutocompletePlugin.stories.jsx[2m > [22m[2mEditable Empty
[22m[39m[Mock Data] Unit.onUpdate() subscription added. Total: 1
[90mstdout[2m | src/components/Editor3/plugins/AutocompletePlugin.stories.jsx[2m > [22m[2mEditable Empty
[22m[39m[SectionContext] Section observeQuery update: 0
[90mstdout[2m | src/components/Editor3/plugins/AutocompletePlugin.stories.jsx[2m > [22m[2mEditable Empty
[22m[39m[FilesContext] File observeQuery update: 0 files
[90mstdout[2m | src/components/Editor3/plugins/AutocompletePlugin.stories.jsx[2m > [22m[2mEditable Empty
[22m[39m[ChatContext] AssistantChat initialized with 0 chats
[90mstdout[2m | src/components/Editor3/plugins/AutocompletePlugin.stories.jsx[2m > [22m[2mEditable Empty
[22m[39m[Mock Storage] downloadData called with: undefined
[90mstdout[2m | src/components/Editor3/plugins/AutocompletePlugin.stories.jsx[2m > [22m[2mEditable Empty
[22m[39m[MOCK CourseVectorStore] Initialized with mock data
[90mstdout[2m | src/components/Editor3/plugins/AutocompletePlugin.stories.jsx[2m > [22m[2mEditable Empty
[22m[39m[ChatContext] No current chat available, will create one
[90mstdout[2m | src/components/Editor3/plugins/AutocompletePlugin.stories.jsx[2m > [22m[2mEditable Empty
[22m[39m[ChatContext] Creating AssistantChat with user: undefined
[90mstdout[2m | src/components/Editor3/plugins/AutocompletePlugin.stories.jsx[2m > [22m[2mEditable Empty
[22m[39m[Mock Data] AssistantChat created: mock-assistantchat-1790418360335 - notified 1 subscribers
[90mstdout[2m | src/components/Editor3/plugins/AutocompletePlugin.stories.jsx[2m > [22m[2mEditable Empty
[22m[39m[ChatContext] Create result: {
  "data": {
    "_version": 1,
    "archived": false,
    "chatFiles": [Function anonymous],
    "createdAt": "2026-09-26T10:26:00.335Z",
    "id": "mock-assistantchat-1790418360335",
    "model": "gpt-4",
    "updatedAt": "2026-09-26T10:26:00.335Z",
  },
  "errors": [],
  "hasData": true,
  "hasErrors": true,
}
[90mstdout[2m | src/components/Editor3/plugins/AutocompletePlugin.stories.jsx[2m > [22m[2mEditable Empty
[22m[39m[ChatContext] Created AssistantChat: mock-assistantchat-1790418360335 at: 2026-09-26T10:26:00.335Z
[90mstdout[2m | src/components/Editor3/plugins/AutocompletePlugin.stories.jsx[2m > [22m[2mEditable Empty
[22m[39m[ChatContext] Setting initial chat: mock-assistantchat-1790418360335
[90mstdout[2m | src/components/Editor3/plugins/AutocompletePlugin.stories.jsx[2m > [22m[2mEditable Empty
[22m[39m[ChatContext] Chat exists and not archived, skipping creation
[90mstdout[2m | src/components/Editor3/plugins/AutocompletePlugin.stories.jsx[2m > [22m[2mEditable With Instructions
[22m[39m[ChatContext] Cleaning up subscriptions
[90mstdout[2m | src/components/Editor3/plugins/AutocompletePlugin.stories.jsx[2m > [22m[2mEditable With Instructions
[22m[39m[Mock Data] Unit.onUpdate() subscription removed. Remaining: 0
[90mstdout[2m | src/components/Editor3/plugins/AutocompletePlugin.stories.jsx[2m > [22m[2mEditable With Instructions
[22m[39m[Preview] Skipped initializing default mock data (initializeMockData=false)
[90mstdout[2m | src/components/Editor3/plugins/AutocompletePlugin.stories.jsx[2m > [22m[2mEditable With Instructions
[22m[39m[Mock Data] seedMockUnit: Adding unit autocomplete-story-unit
[90mstdout[2m | src/components/Editor3/plugins/AutocompletePlugin.stories.jsx[2m > [22m[2mEditable With Instructions
[22m[39m[MOCK CourseVectorStore] Initialized with mock data
[90mstdout[2m | src/components/Editor3/plugins/AutocompletePlugin.stories.jsx[2m > [22m[2mEditable With Instructions
[22m[39m[TranslationModeController] Setting mode to: off
[90mstdout[2m | src/components/Editor3/plugins/AutocompletePlugin.stories.jsx[2m > [22m[2mEditable With Instructions
[22m[39m[UnitContext] useEffect triggered {
  "authLoading": false,
  "hasUser": true,
  "id": "autocomplete-story-unit",
  "userSub": "mock-user-sub",
}
[90mstdout[2m | src/components/Editor3/plugins/AutocompletePlugin.stories.jsx[2m > [22m[2mEditable With Instructions
[22m[39m[UnitContext] Fetching unit data for id: autocomplete-story-unit
[90mstdout[2m | src/components/Editor3/plugins/AutocompletePlugin.stories.jsx[2m > [22m[2mEditable With Instructions
[22m[39m[FilesContext] Initializing vector store from IndexedDB
[90mstdout[2m | src/components/Editor3/plugins/AutocompletePlugin.stories.jsx[2m > [22m[2mEditable With Instructions
[22m[39m[FilesContext] fetchFiles called
[90mstdout[2m | src/components/Editor3/plugins/AutocompletePlugin.stories.jsx[2m > [22m[2mEditable With Instructions
[22m[39m[FilesContext] User authenticated: mock-user-sub
[90mstdout[2m | src/components/Editor3/plugins/AutocompletePlugin.stories.jsx[2m > [22m[2mEditable With Instructions
[22m[39m[FilesContext] Identity ID: us-east-1:mock-identity-123
[90mstdout[2m | src/components/Editor3/plugins/AutocompletePlugin.stories.jsx[2m > [22m[2mEditable With Instructions
[22m[39m[FilesContext] About to set up File observeQuery
[90mstdout[2m | src/components/Editor3/plugins/AutocompletePlugin.stories.jsx[2m > [22m[2mEditable With Instructions
[22m[39m[ChatContext] Setting up AssistantChat observeQuery
[90mstdout[2m | src/components/Editor3/plugins/AutocompletePlugin.stories.jsx[2m > [22m[2mEditable With Instructions
[22m[39m[ChatContext] Waiting for subscription to initialize
[90mstdout[2m | src/components/Editor3/plugins/AutocompletePlugin.stories.jsx[2m > [22m[2mEditable With Instructions
[22m[39m[SettingsContext] Setting up Settings subscription for user: mock-user-sub
[90mstdout[2m | src/components/Editor3/plugins/AutocompletePlugin.stories.jsx[2m > [22m[2mEditable With Instructions
[22m[39m[Mock Data] Settings created: mock-settings-1790418360459 - notified 0 subscribers
[90mstdout[2m | src/components/Editor3/plugins/AutocompletePlugin.stories.jsx[2m > [22m[2mEditable With Instructions
[22m[39m[Mock Data] Unit.onUpdate() subscription added. Total: 1
[90mstdout[2m | src/components/Editor3/plugins/AutocompletePlugin.stories.jsx[2m > [22m[2mEditable With Instructions
[22m[39m[SectionContext] Section observeQuery update: 0
[90mstdout[2m | src/components/Editor3/plugins/AutocompletePlugin.stories.jsx[2m > [22m[2mEditable With Instructions
[22m[39m[FilesContext] File observeQuery update: 0 files
[90mstdout[2m | src/components/Editor3/plugins/AutocompletePlugin.stories.jsx[2m > [22m[2mEditable With Instructions
[22m[39m[Mock Storage] downloadData called with: undefined
[90mstdout[2m | src/components/Editor3/plugins/AutocompletePlugin.stories.jsx[2m > [22m[2mEditable With Instructions
[22m[39m[MOCK CourseVectorStore] Initialized with mock data
[90mstdout[2m | src/components/Editor3/plugins/AutocompletePlugin.stories.jsx[2m > [22m[2mEditable With Instructions
[22m[39m[ChatContext] AssistantChat initialized with 0 chats
[90mstdout[2m | src/components/Editor3/plugins/AutocompletePlugin.stories.jsx[2m > [22m[2mEditable With Instructions
[22m[39m[ChatContext] No current chat available, will create one
[90mstdout[2m | src/components/Editor3/plugins/AutocompletePlugin.stories.jsx[2m > [22m[2mEditable With Instructions
[22m[39m[ChatContext] Creating AssistantChat with user: undefined
[90mstdout[2m | src/components/Editor3/plugins/AutocompletePlugin.stories.jsx[2m > [22m[2mEditable With Instructions
[22m[39m[Mock Data] AssistantChat created: mock-assistantchat-1790418360469 - notified 1 subscribers
[90mstdout[2m | src/components/Editor3/plugins/AutocompletePlugin.stories.jsx[2m > [22m[2mEditable With Instructions
[22m[39m[ChatContext] Create result: {
  "data": {
    "_version": 1,
    "archived": false,
    "chatFiles": [Function anonymous],
    "createdAt": "2026-09-26T10:26:00.469Z",
    "id": "mock-assistantchat-1790418360469",
    "model": "gpt-4",
    "updatedAt": "2026-09-26T10:26:00.469Z",
  },
  "errors": [],
  "hasData": true,
  "hasErrors": true,
}
[90mstdout[2m | src/components/Editor3/plugins/AutocompletePlugin.stories.jsx[2m > [22m[2mEditable With Instructions
[22m[39m[ChatContext] Created AssistantChat: mock-assistantchat-1790418360469 at: 2026-09-26T10:26:00.469Z
[90mstdout[2m | src/components/Editor3/plugins/AutocompletePlugin.stories.jsx[2m > [22m[2mEditable With Instructions
[22m[39m[ChatContext] Setting initial chat: mock-assistantchat-1790418360469
[90mstdout[2m | src/components/Editor3/plugins/AutocompletePlugin.stories.jsx[2m > [22m[2mEditable With Instructions
[22m[39m[ChatContext] Chat exists and not archived, skipping creation
 [32m✓[39m [30m[45m storybook (chromium) [49m[39m src/components/Editor3/plugins/AutocompletePlugin.stories.jsx [2m([22m[2m2 tests[22m[2m)[22m[33m 308[2mms[22m[39m
[90mstdout[2m | unknown test
[22m[39m[MOCK vectorStoreDB.js] Module loaded - mock IndexedDB operations
[90mstdout[2m | unknown test
[22m[39m[Task Completion] DOM action listeners initialized
[90mstdout[2m | unknown test
[22m[39m[Task Completion] Auto-completion detector initialized
[90mstdout[2m | unknown test
[22m[39m[Preview] Task completion detector initialized
[90mstdout[2m | src/components/SafeHydrate.stories.jsx[2m > [22m[2mDefault
[22m[39m[MOCK CourseVectorStore] Initialized with mock data
[90mstdout[2m | src/components/SafeHydrate.stories.jsx[2m > [22m[2mDefault
[22m[39m[TranslationModeController] Setting mode to: off
[90mstdout[2m | src/components/SafeHydrate.stories.jsx[2m > [22m[2mDefault
[22m[39m[UnitContext] useEffect triggered {
  "authLoading": false,
  "hasUser": true,
  "id": "mock-unit-id",
  "userSub": "mock-user-sub",
}
[90mstdout[2m | src/components/SafeHydrate.stories.jsx[2m > [22m[2mDefault
[22m[39m[UnitContext] Fetching unit data for id: mock-unit-id
[90mstdout[2m | src/components/SafeHydrate.stories.jsx[2m > [22m[2mDefault
[22m[39m[FilesContext] Initializing vector store from IndexedDB
[90mstdout[2m | src/components/SafeHydrate.stories.jsx[2m > [22m[2mDefault
[22m[39m[FilesContext] fetchFiles called
[90mstdout[2m | src/components/SafeHydrate.stories.jsx[2m > [22m[2mDefault
[22m[39m[FilesContext] User authenticated: mock-user-sub
[90mstdout[2m | src/components/SafeHydrate.stories.jsx[2m > [22m[2mDefault
[22m[39m[FilesContext] Identity ID: us-east-1:mock-identity-123
[90mstdout[2m | src/components/SafeHydrate.stories.jsx[2m > [22m[2mDefault
[22m[39m[FilesContext] About to set up File observeQuery
[90mstdout[2m | src/components/SafeHydrate.stories.jsx[2m > [22m[2mDefault
[22m[39m[ChatContext] Setting up AssistantChat observeQuery
[90mstdout[2m | src/components/SafeHydrate.stories.jsx[2m > [22m[2mDefault
[22m[39m[ChatContext] Waiting for subscription to initialize
[90mstdout[2m | src/components/SafeHydrate.stories.jsx[2m > [22m[2mDefault
[22m[39m[SettingsContext] Setting up Settings subscription for user: mock-user-sub
[90mstdout[2m | src/components/SafeHydrate.stories.jsx[2m > [22m[2mDefault
[22m[39m[Mock Data] Settings created: mock-settings-1790418361068 - notified 0 subscribers
[90mstdout[2m | src/components/SafeHydrate.stories.jsx[2m > [22m[2mDefault
[22m[39m[Mock Data] Unit.onUpdate() subscription added. Total: 1
[90mstdout[2m | src/components/SafeHydrate.stories.jsx[2m > [22m[2mDefault
[22m[39m[SectionContext] Section observeQuery update: 0
[90mstdout[2m | src/components/SafeHydrate.stories.jsx[2m > [22m[2mDefault
[22m[39m[FilesContext] File observeQuery update: 6 files
[90mstdout[2m | src/components/SafeHydrate.stories.jsx[2m > [22m[2mDefault
[22m[39m[ChatContext] AssistantChat initialized with 1 chats
[90mstdout[2m | src/components/SafeHydrate.stories.jsx[2m > [22m[2mDefault
[22m[39m[ChatContext] Setting initial chat: mock-assistant-chat-1
[90mstdout[2m | src/components/SafeHydrate.stories.jsx[2m > [22m[2mDefault
[22m[39m[Mock Storage] downloadData called with: undefined
[90mstdout[2m | src/components/SafeHydrate.stories.jsx[2m > [22m[2mDefault
[22m[39m[MOCK CourseVectorStore] Initialized with mock data
[90mstdout[2m | src/components/SafeHydrate.stories.jsx[2m > [22m[2mDefault
[22m[39m[FilesContext] Vector store population triggered {
  "currentVectorStoreSize": 3,
  "documentsCount": 0,
  "filesCount": 6,
  "isInitialLoad": true,
}
[90mstdout[2m | src/components/SafeHydrate.stories.jsx[2m > [22m[2mDefault
[22m[39m[FilesContext] Vector store population complete - 3 total embeddings
[90mstdout[2m | src/components/SafeHydrate.stories.jsx[2m > [22m[2mDefault
[22m[39m[ChatContext] Chat exists and not archived, skipping creation
[90mstdout[2m | src/components/SafeHydrate.stories.jsx[2m > [22m[2mWith Complex Content
[22m[39m[ChatContext] Cleaning up subscriptions
[90mstdout[2m | src/components/SafeHydrate.stories.jsx[2m > [22m[2mWith Complex Content
[22m[39m[Mock Data] Unit.onUpdate() subscription removed. Remaining: 0
[90mstdout[2m | src/components/SafeHydrate.stories.jsx[2m > [22m[2mWith Complex Content
[22m[39m[MOCK CourseVectorStore] Initialized with mock data
[90mstdout[2m | src/components/SafeHydrate.stories.jsx[2m > [22m[2mWith Complex Content
[22m[39m[TranslationModeController] Setting mode to: off
[90mstdout[2m | src/components/SafeHydrate.stories.jsx[2m > [22m[2mWith Complex Content
[22m[39m[UnitContext] useEffect triggered {
  "authLoading": false,
  "hasUser": true,
  "id": "mock-unit-id",
  "userSub": "mock-user-sub",
}
[90mstdout[2m | src/components/SafeHydrate.stories.jsx[2m > [22m[2mWith Complex Content
[22m[39m[UnitContext] Fetching unit data for id: mock-unit-id
[90mstdout[2m | src/components/SafeHydrate.stories.jsx[2m > [22m[2mWith Complex Content
[22m[39m[FilesContext] Initializing vector store from IndexedDB
[90mstdout[2m | src/components/SafeHydrate.stories.jsx[2m > [22m[2mWith Complex Content
[22m[39m[FilesContext] fetchFiles called
[90mstdout[2m | src/components/SafeHydrate.stories.jsx[2m > [22m[2mWith Complex Content
[22m[39m[FilesContext] User authenticated: mock-user-sub
[90mstdout[2m | src/components/SafeHydrate.stories.jsx[2m > [22m[2mWith Complex Content
[22m[39m[FilesContext] Identity ID: us-east-1:mock-identity-123
[90mstdout[2m | src/components/SafeHydrate.stories.jsx[2m > [22m[2mWith Complex Content
[22m[39m[FilesContext] About to set up File observeQuery
[90mstdout[2m | src/components/SafeHydrate.stories.jsx[2m > [22m[2mWith Complex Content
[22m[39m[ChatContext] Setting up AssistantChat observeQuery
[90mstdout[2m | src/components/SafeHydrate.stories.jsx[2m > [22m[2mWith Complex Content
[22m[39m[ChatContext] Waiting for subscription to initialize
[90mstdout[2m | src/components/SafeHydrate.stories.jsx[2m > [22m[2mWith Complex Content
[22m[39m[SettingsContext] Setting up Settings subscription for user: mock-user-sub
[90mstdout[2m | src/components/SafeHydrate.stories.jsx[2m > [22m[2mWith Complex Content
[22m[39m[Mock Data] Settings created: mock-settings-1790418361218 - notified 0 subscribers
[90mstdout[2m | src/components/SafeHydrate.stories.jsx[2m > [22m[2mWith Complex Content
[22m[39m[Mock Data] Unit.onUpdate() subscription added. Total: 1
[90mstdout[2m | src/components/SafeHydrate.stories.jsx[2m > [22m[2mWith Complex Content
[22m[39m[SectionContext] Section observeQuery update: 0
[90mstdout[2m | src/components/SafeHydrate.stories.jsx[2m > [22m[2mWith Complex Content
[22m[39m[FilesContext] File observeQuery update: 6 files
[90mstdout[2m | src/components/SafeHydrate.stories.jsx[2m > [22m[2mWith Complex Content
[22m[39m[ChatContext] AssistantChat initialized with 1 chats
[90mstdout[2m | src/components/SafeHydrate.stories.jsx[2m > [22m[2mWith Complex Content
[22m[39m[ChatContext] Setting initial chat: mock-assistant-chat-1
[90mstdout[2m | src/components/SafeHydrate.stories.jsx[2m > [22m[2mWith Complex Content
[22m[39m[MOCK CourseVectorStore] Initialized with mock data
[90mstdout[2m | src/components/SafeHydrate.stories.jsx[2m > [22m[2mWith Complex Content
[22m[39m[FilesContext] Vector store population triggered {
  "currentVectorStoreSize": 3,
  "documentsCount": 0,
  "filesCount": 6,
  "isInitialLoad": true,
}
[90mstdout[2m | src/components/SafeHydrate.stories.jsx[2m > [22m[2mWith Complex Content
[22m[39m[FilesContext] Vector store population complete - 3 total embeddings
[90mstdout[2m | src/components/SafeHydrate.stories.jsx[2m > [22m[2mWith Complex Content
[22m[39m[ChatContext] Chat exists and not archived, skipping creation
[90mstdout[2m | src/components/SafeHydrate.stories.jsx[2m > [22m[2mWith Complex Content
[22m[39m[Mock Storage] downloadData called with: undefined
 [32m✓[39m [30m[45m storybook (chromium) [49m[39m src/components/SafeHydrate.stories.jsx [2m([22m[2m2 tests[22m[2m)[22m[32m 282[2mms[22m[39m
[90mstdout[2m | unknown test
[22m[39m[MOCK vectorStoreDB.js] Module loaded - mock IndexedDB operations
[90mstdout[2m | unknown test
[22m[39m[Task Completion] DOM action listeners initialized
[90mstdout[2m | unknown test
[22m[39m[Task Completion] Auto-completion detector initialized
[90mstdout[2m | unknown test
[22m[39m[Preview] Task completion detector initialized
[90mstdout[2m | src/components/Editor3/plugins/DraggableBlockPlugin.stories.jsx[2m > [22m[2mEditable Empty
[22m[39m[Preview] Skipped initializing default mock data (initializeMockData=false)
[90mstdout[2m | src/components/Editor3/plugins/DraggableBlockPlugin.stories.jsx[2m > [22m[2mEditable Empty
[22m[39m[Mock Data] seedMockUnit: Adding unit draggable-block-story-unit
[90mstdout[2m | src/components/Editor3/plugins/DraggableBlockPlugin.stories.jsx[2m > [22m[2mEditable Empty
[22m[39m[MOCK CourseVectorStore] Initialized with mock data
[90mstdout[2m | src/components/Editor3/plugins/DraggableBlockPlugin.stories.jsx[2m > [22m[2mEditable Empty
[22m[39m[TranslationModeController] Setting mode to: off
[90mstdout[2m | src/components/Editor3/plugins/DraggableBlockPlugin.stories.jsx[2m > [22m[2mEditable Empty
[22m[39m[UnitContext] useEffect triggered {
  "authLoading": false,
  "hasUser": true,
  "id": "draggable-block-story-unit",
  "userSub": "mock-user-sub",
}
[90mstdout[2m | src/components/Editor3/plugins/DraggableBlockPlugin.stories.jsx[2m > [22m[2mEditable Empty
[22m[39m[UnitContext] Fetching unit data for id: draggable-block-story-unit
[90mstdout[2m | src/components/Editor3/plugins/DraggableBlockPlugin.stories.jsx[2m > [22m[2mEditable Empty
[22m[39m[FilesContext] Initializing vector store from IndexedDB
[90mstdout[2m | src/components/Editor3/plugins/DraggableBlockPlugin.stories.jsx[2m > [22m[2mEditable Empty
[22m[39m[FilesContext] fetchFiles called
[90mstdout[2m | src/components/Editor3/plugins/DraggableBlockPlugin.stories.jsx[2m > [22m[2mEditable Empty
[22m[39m[FilesContext] User authenticated: mock-user-sub
[90mstdout[2m | src/components/Editor3/plugins/DraggableBlockPlugin.stories.jsx[2m > [22m[2mEditable Empty
[22m[39m[FilesContext] Identity ID: us-east-1:mock-identity-123
[90mstdout[2m | src/components/Editor3/plugins/DraggableBlockPlugin.stories.jsx[2m > [22m[2mEditable Empty
[22m[39m[FilesContext] About to set up File observeQuery
[90mstdout[2m | src/components/Editor3/plugins/DraggableBlockPlugin.stories.jsx[2m > [22m[2mEditable Empty
[22m[39m[ChatContext] Setting up AssistantChat observeQuery
[90mstdout[2m | src/components/Editor3/plugins/DraggableBlockPlugin.stories.jsx[2m > [22m[2mEditable Empty
[22m[39m[ChatContext] Waiting for subscription to initialize
[90mstdout[2m | src/components/Editor3/plugins/DraggableBlockPlugin.stories.jsx[2m > [22m[2mEditable Empty
[22m[39m[SettingsContext] Setting up Settings subscription for user: mock-user-sub
[90mstdout[2m | src/components/Editor3/plugins/DraggableBlockPlugin.stories.jsx[2m > [22m[2mEditable Empty
[22m[39m[Mock Data] Settings created: mock-settings-1790418361876 - notified 0 subscribers
[90mstdout[2m | src/components/Editor3/plugins/DraggableBlockPlugin.stories.jsx[2m > [22m[2mEditable Empty
[22m[39m[Mock Data] Unit.onUpdate() subscription added. Total: 1
[90mstdout[2m | src/components/Editor3/plugins/DraggableBlockPlugin.stories.jsx[2m > [22m[2mEditable Empty
[22m[39m[SectionContext] Section observeQuery update: 0
[90mstdout[2m | src/components/Editor3/plugins/DraggableBlockPlugin.stories.jsx[2m > [22m[2mEditable Empty
[22m[39m[FilesContext] File observeQuery update: 0 files
[90mstdout[2m | src/components/Editor3/plugins/DraggableBlockPlugin.stories.jsx[2m > [22m[2mEditable Empty
[22m[39m[ChatContext] AssistantChat initialized with 0 chats
[90mstdout[2m | src/components/Editor3/plugins/DraggableBlockPlugin.stories.jsx[2m > [22m[2mEditable Empty
[22m[39m[MOCK CourseVectorStore] Initialized with mock data
[90mstdout[2m | src/components/Editor3/plugins/DraggableBlockPlugin.stories.jsx[2m > [22m[2mEditable Empty
[22m[39m[ChatContext] No current chat available, will create one
[90mstdout[2m | src/components/Editor3/plugins/DraggableBlockPlugin.stories.jsx[2m > [22m[2mEditable Empty
[22m[39m[ChatContext] Creating AssistantChat with user: undefined
[90mstdout[2m | src/components/Editor3/plugins/DraggableBlockPlugin.stories.jsx[2m > [22m[2mEditable Empty
[22m[39m[Mock Data] AssistantChat created: mock-assistantchat-1790418361890 - notified 1 subscribers
[90mstdout[2m | src/components/Editor3/plugins/DraggableBlockPlugin.stories.jsx[2m > [22m[2mEditable Empty
[22m[39m[ChatContext] Create result: {
  "data": {
    "_version": 1,
    "archived": false,
    "chatFiles": [Function anonymous],
    "createdAt": "2026-09-26T10:26:01.890Z",
    "id": "mock-assistantchat-1790418361890",
    "model": "gpt-4",
    "updatedAt": "2026-09-26T10:26:01.890Z",
  },
  "errors": [],
  "hasData": true,
  "hasErrors": true,
}
[90mstdout[2m | src/components/Editor3/plugins/DraggableBlockPlugin.stories.jsx[2m > [22m[2mEditable Empty
[22m[39m[ChatContext] Created AssistantChat: mock-assistantchat-1790418361890 at: 2026-09-26T10:26:01.890Z
[90mstdout[2m | src/components/Editor3/plugins/DraggableBlockPlugin.stories.jsx[2m > [22m[2mEditable Empty
[22m[39m[Mock Storage] downloadData called with: undefined
[90mstdout[2m | src/components/Editor3/plugins/DraggableBlockPlugin.stories.jsx[2m > [22m[2mEditable Empty
[22m[39m[ChatContext] Setting initial chat: mock-assistantchat-1790418361890
[90mstdout[2m | src/components/Editor3/plugins/DraggableBlockPlugin.stories.jsx[2m > [22m[2mEditable Empty
[22m[39m[ChatContext] Chat exists and not archived, skipping creation
[90mstdout[2m | src/components/Editor3/plugins/DraggableBlockPlugin.stories.jsx[2m > [22m[2mEditable With Draggable Blocks
[22m[39m[ChatContext] Cleaning up subscriptions
[90mstdout[2m | src/components/Editor3/plugins/DraggableBlockPlugin.stories.jsx[2m > [22m[2mEditable With Draggable Blocks
[22m[39m[Mock Data] Unit.onUpdate() subscription removed. Remaining: 0
[90mstdout[2m | src/components/Editor3/plugins/DraggableBlockPlugin.stories.jsx[2m > [22m[2mEditable With Draggable Blocks
[22m[39m[Preview] Skipped initializing default mock data (initializeMockData=false)
[90mstdout[2m | src/components/Editor3/plugins/DraggableBlockPlugin.stories.jsx[2m > [22m[2mEditable With Draggable Blocks
[22m[39m[Mock Data] seedMockUnit: Adding unit draggable-block-story-unit
[90mstdout[2m | src/components/Editor3/plugins/DraggableBlockPlugin.stories.jsx[2m > [22m[2mEditable With Draggable Blocks
[22m[39m[MOCK CourseVectorStore] Initialized with mock data
[90mstdout[2m | src/components/Editor3/plugins/DraggableBlockPlugin.stories.jsx[2m > [22m[2mEditable With Draggable Blocks
[22m[39m[TranslationModeController] Setting mode to: off
[90mstdout[2m | src/components/Editor3/plugins/DraggableBlockPlugin.stories.jsx[2m > [22m[2mEditable With Draggable Blocks
[22m[39m[UnitContext] useEffect triggered {
  "authLoading": false,
  "hasUser": true,
  "id": "draggable-block-story-unit",
  "userSub": "mock-user-sub",
}
[90mstdout[2m | src/components/Editor3/plugins/DraggableBlockPlugin.stories.jsx[2m > [22m[2mEditable With Draggable Blocks
[22m[39m[UnitContext] Fetching unit data for id: draggable-block-story-unit
[90mstdout[2m | src/components/Editor3/plugins/DraggableBlockPlugin.stories.jsx[2m > [22m[2mEditable With Draggable Blocks
[22m[39m[FilesContext] Initializing vector store from IndexedDB
[90mstdout[2m | src/components/Editor3/plugins/DraggableBlockPlugin.stories.jsx[2m > [22m[2mEditable With Draggable Blocks
[22m[39m[FilesContext] fetchFiles called
[90mstdout[2m | src/components/Editor3/plugins/DraggableBlockPlugin.stories.jsx[2m > [22m[2mEditable With Draggable Blocks
[22m[39m[FilesContext] User authenticated: mock-user-sub
[90mstdout[2m | src/components/Editor3/plugins/DraggableBlockPlugin.stories.jsx[2m > [22m[2mEditable With Draggable Blocks
[22m[39m[FilesContext] Identity ID: us-east-1:mock-identity-123
[90mstdout[2m | src/components/Editor3/plugins/DraggableBlockPlugin.stories.jsx[2m > [22m[2mEditable With Draggable Blocks
[22m[39m[FilesContext] About to set up File observeQuery
[90mstdout[2m | src/components/Editor3/plugins/DraggableBlockPlugin.stories.jsx[2m > [22m[2mEditable With Draggable Blocks
[22m[39m[ChatContext] Setting up AssistantChat observeQuery
[90mstdout[2m | src/components/Editor3/plugins/DraggableBlockPlugin.stories.jsx[2m > [22m[2mEditable With Draggable Blocks
[22m[39m[ChatContext] Waiting for subscription to initialize
[90mstdout[2m | src/components/Editor3/plugins/DraggableBlockPlugin.stories.jsx[2m > [22m[2mEditable With Draggable Blocks
[22m[39m[SettingsContext] Setting up Settings subscription for user: mock-user-sub
[90mstdout[2m | src/components/Editor3/plugins/DraggableBlockPlugin.stories.jsx[2m > [22m[2mEditable With Draggable Blocks
[22m[39m[Mock Data] Settings created: mock-settings-1790418361998 - notified 0 subscribers
[90mstdout[2m | src/components/Editor3/plugins/DraggableBlockPlugin.stories.jsx[2m > [22m[2mEditable With Draggable Blocks
[22m[39m[Mock Data] Unit.onUpdate() subscription added. Total: 1
[90mstdout[2m | src/components/Editor3/plugins/DraggableBlockPlugin.stories.jsx[2m > [22m[2mEditable With Draggable Blocks
[22m[39m[SectionContext] Section observeQuery update: 0
[90mstdout[2m | src/components/Editor3/plugins/DraggableBlockPlugin.stories.jsx[2m > [22m[2mEditable With Draggable Blocks
[22m[39m[FilesContext] File observeQuery update: 0 files
[90mstdout[2m | src/components/Editor3/plugins/DraggableBlockPlugin.stories.jsx[2m > [22m[2mEditable With Draggable Blocks
[22m[39m[ChatContext] AssistantChat initialized with 0 chats
[90mstdout[2m | src/components/Editor3/plugins/DraggableBlockPlugin.stories.jsx[2m > [22m[2mEditable With Draggable Blocks
[22m[39m[MOCK CourseVectorStore] Initialized with mock data
[90mstdout[2m | src/components/Editor3/plugins/DraggableBlockPlugin.stories.jsx[2m > [22m[2mEditable With Draggable Blocks
[22m[39m[ChatContext] No current chat available, will create one
[90mstdout[2m | src/components/Editor3/plugins/DraggableBlockPlugin.stories.jsx[2m > [22m[2mEditable With Draggable Blocks
[22m[39m[ChatContext] Creating AssistantChat with user: undefined
[90mstdout[2m | src/components/Editor3/plugins/DraggableBlockPlugin.stories.jsx[2m > [22m[2mEditable With Draggable Blocks
[22m[39m[Mock Data] AssistantChat created: mock-assistantchat-1790418362012 - notified 1 subscribers
[90mstdout[2m | src/components/Editor3/plugins/DraggableBlockPlugin.stories.jsx[2m > [22m[2mEditable With Draggable Blocks
[22m[39m[ChatContext] Create result: {
  "data": {
    "_version": 1,
    "archived": false,
    "chatFiles": [Function anonymous],
    "createdAt": "2026-09-26T10:26:02.012Z",
    "id": "mock-assistantchat-1790418362012",
    "model": "gpt-4",
    "updatedAt": "2026-09-26T10:26:02.012Z",
  },
  "errors": [],
  "hasData": true,
  "hasErrors": true,
}
[90mstdout[2m | src/components/Editor3/plugins/DraggableBlockPlugin.stories.jsx[2m > [22m[2mEditable With Draggable Blocks
[22m[39m[ChatContext] Created AssistantChat: mock-assistantchat-1790418362012 at: 2026-09-26T10:26:02.012Z
[90mstdout[2m | src/components/Editor3/plugins/DraggableBlockPlugin.stories.jsx[2m > [22m[2mEditable With Draggable Blocks
[22m[39m[Mock Storage] downloadData called with: undefined
[90mstdout[2m | src/components/Editor3/plugins/DraggableBlockPlugin.stories.jsx[2m > [22m[2mEditable With Draggable Blocks
[22m[39m[ChatContext] Setting initial chat: mock-assistantchat-1790418362012
[90mstdout[2m | src/components/Editor3/plugins/DraggableBlockPlugin.stories.jsx[2m > [22m[2mEditable With Draggable Blocks
[22m[39m[ChatContext] Chat exists and not archived, skipping creation
 [32m✓[39m [30m[45m storybook (chromium) [49m[39m src/components/Editor3/plugins/DraggableBlockPlugin.stories.jsx [2m([22m[2m2 tests[22m[2m)[22m[32m 266[2mms[22m[39m
[90mstdout[2m | unknown test
[22m[39m[MOCK vectorStoreDB.js] Module loaded - mock IndexedDB operations
[90mstdout[2m | unknown test
[22m[39m[Task Completion] DOM action listeners initialized
[90mstdout[2m | unknown test
[22m[39m[Task Completion] Auto-completion detector initialized
[90mstdout[2m | unknown test
[22m[39m[Preview] Task completion detector initialized
[90mstdout[2m | src/components/Gamification/CampaignTimeline.stories.tsx[2m > [22m[2mDefault
[22m[39m[TranslationModeController] Setting mode to: off
[90mstdout[2m | src/components/Gamification/CampaignTimeline.stories.tsx[2m > [22m[2mAll Complete
[22m[39m[TranslationModeController] Setting mode to: off
 [32m✓[39m [30m[45m storybook (chromium) [49m[39m src/components/Gamification/CampaignTimeline.stories.tsx [2m([22m[2m2 tests[22m[2m)[22m[32m 247[2mms[22m[39m
[90mstdout[2m | unknown test
[22m[39m[MOCK vectorStoreDB.js] Module loaded - mock IndexedDB operations
[90mstdout[2m | unknown test
[22m[39m[Task Completion] DOM action listeners initialized
[90mstdout[2m | unknown test
[22m[39m[Task Completion] Auto-completion detector initialized
[90mstdout[2m | unknown test
[22m[39m[Preview] Task completion detector initialized
[90mstdout[2m | src/components/Gamification/StreakShield.stories.tsx[2m > [22m[2mWith Freezes
[22m[39m[TranslationModeController] Setting mode to: off
[90mstdout[2m | src/components/Gamification/StreakShield.stories.tsx[2m > [22m[2mNo Freezes
[22m[39m[TranslationModeController] Setting mode to: off
[90mstdout[2m | src/components/Gamification/StreakShield.stories.tsx[2m > [22m[2mSmall Size
[22m[39m[TranslationModeController] Setting mode to: off
 [32m✓[39m [30m[45m storybook (chromium) [49m[39m src/components/Gamification/StreakShield.stories.tsx [2m([22m[2m3 tests[22m[2m)[22m[33m 1001[2mms[22m[39m
   [33m[2m✓[22m[39m With Freezes [33m 687[2mms[22m[39m
[90mstdout[2m | unknown test
[22m[39m[MOCK vectorStoreDB.js] Module loaded - mock IndexedDB operations
[90mstdout[2m | unknown test
[22m[39m[Task Completion] DOM action listeners initialized
[90mstdout[2m | unknown test
[22m[39m[Task Completion] Auto-completion detector initialized
[90mstdout[2m | unknown test
[22m[39m[Preview] Task completion detector initialized
[90mstdout[2m | src/stories/Header.stories.ts[2m > [22m[2mLogged In
[22m[39m[MOCK CourseVectorStore] Initialized with mock data
[90mstdout[2m | src/stories/Header.stories.ts[2m > [22m[2mLogged In
[22m[39m[TranslationModeController] Setting mode to: off
[90mstdout[2m | src/stories/Header.stories.ts[2m > [22m[2mLogged In
[22m[39m[UnitContext] useEffect triggered {
  "authLoading": false,
  "hasUser": true,
  "id": "mock-unit-id",
  "userSub": "mock-user-sub",
}
[90mstdout[2m | src/stories/Header.stories.ts[2m > [22m[2mLogged In
[22m[39m[UnitContext] Fetching unit data for id: mock-unit-id
[90mstdout[2m | src/stories/Header.stories.ts[2m > [22m[2mLogged In
[22m[39m[FilesContext] Initializing vector store from IndexedDB
[90mstdout[2m | src/stories/Header.stories.ts[2m > [22m[2mLogged In
[22m[39m[FilesContext] fetchFiles called
[90mstdout[2m | src/stories/Header.stories.ts[2m > [22m[2mLogged In
[22m[39m[FilesContext] User authenticated: mock-user-sub
[90mstdout[2m | src/stories/Header.stories.ts[2m > [22m[2mLogged In
[22m[39m[FilesContext] Identity ID: us-east-1:mock-identity-123
[90mstdout[2m | src/stories/Header.stories.ts[2m > [22m[2mLogged In
[22m[39m[FilesContext] About to set up File observeQuery
[90mstdout[2m | src/stories/Header.stories.ts[2m > [22m[2mLogged In
[22m[39m[ChatContext] Setting up AssistantChat observeQuery
[90mstdout[2m | src/stories/Header.stories.ts[2m > [22m[2mLogged In
[22m[39m[ChatContext] Waiting for subscription to initialize
[90mstdout[2m | src/stories/Header.stories.ts[2m > [22m[2mLogged In
[22m[39m[SettingsContext] Setting up Settings subscription for user: mock-user-sub
[90mstdout[2m | src/stories/Header.stories.ts[2m > [22m[2mLogged In
[22m[39m[Mock Data] Settings created: mock-settings-1790418366341 - notified 0 subscribers
[90mstdout[2m | src/stories/Header.stories.ts[2m > [22m[2mLogged In
[22m[39m[Mock Data] Unit.onUpdate() subscription added. Total: 1
[90mstdout[2m | src/stories/Header.stories.ts[2m > [22m[2mLogged In
[22m[39m[SectionContext] Section observeQuery update: 0
[90mstdout[2m | src/stories/Header.stories.ts[2m > [22m[2mLogged In
[22m[39m[FilesContext] File observeQuery update: 6 files
[90mstdout[2m | src/stories/Header.stories.ts[2m > [22m[2mLogged In
[22m[39m[ChatContext] AssistantChat initialized with 1 chats
[90mstdout[2m | src/stories/Header.stories.ts[2m > [22m[2mLogged In
[22m[39m[ChatContext] Setting initial chat: mock-assistant-chat-1
[90mstdout[2m | src/stories/Header.stories.ts[2m > [22m[2mLogged In
[22m[39m[MOCK CourseVectorStore] Initialized with mock data
[90mstdout[2m | src/stories/Header.stories.ts[2m > [22m[2mLogged In
[22m[39m[FilesContext] Vector store population triggered {
  "currentVectorStoreSize": 3,
  "documentsCount": 0,
  "filesCount": 6,
  "isInitialLoad": true,
}
[90mstdout[2m | src/stories/Header.stories.ts[2m > [22m[2mLogged In
[22m[39m[FilesContext] Vector store population complete - 3 total embeddings
[90mstdout[2m | src/stories/Header.stories.ts[2m > [22m[2mLogged In
[22m[39m[ChatContext] Chat exists and not archived, skipping creation
[90mstdout[2m | src/stories/Header.stories.ts[2m > [22m[2mLogged In
[22m[39m[Mock Storage] downloadData called with: undefined
[90mstdout[2m | src/stories/Header.stories.ts[2m > [22m[2mLogged Out
[22m[39m[ChatContext] Cleaning up subscriptions
[90mstdout[2m | src/stories/Header.stories.ts[2m > [22m[2mLogged Out
[22m[39m[Mock Data] Unit.onUpdate() subscription removed. Remaining: 0
[90mstdout[2m | src/stories/Header.stories.ts[2m > [22m[2mLogged Out
[22m[39m[MOCK CourseVectorStore] Initialized with mock data
[90mstdout[2m | src/stories/Header.stories.ts[2m > [22m[2mLogged Out
[22m[39m[TranslationModeController] Setting mode to: off
[90mstdout[2m | src/stories/Header.stories.ts[2m > [22m[2mLogged Out
[22m[39m[UnitContext] useEffect triggered {
  "authLoading": false,
  "hasUser": true,
  "id": "mock-unit-id",
  "userSub": "mock-user-sub",
}
[90mstdout[2m | src/stories/Header.stories.ts[2m > [22m[2mLogged Out
[22m[39m[UnitContext] Fetching unit data for id: mock-unit-id
[90mstdout[2m | src/stories/Header.stories.ts[2m > [22m[2mLogged Out
[22m[39m[FilesContext] Initializing vector store from IndexedDB
[90mstdout[2m | src/stories/Header.stories.ts[2m > [22m[2mLogged Out
[22m[39m[FilesContext] fetchFiles called
[90mstdout[2m | src/stories/Header.stories.ts[2m > [22m[2mLogged Out
[22m[39m[FilesContext] User authenticated: mock-user-sub
[90mstdout[2m | src/stories/Header.stories.ts[2m > [22m[2mLogged Out
[22m[39m[FilesContext] Identity ID: us-east-1:mock-identity-123
[90mstdout[2m | src/stories/Header.stories.ts[2m > [22m[2mLogged Out
[22m[39m[FilesContext] About to set up File observeQuery
[90mstdout[2m | src/stories/Header.stories.ts[2m > [22m[2mLogged Out
[22m[39m[ChatContext] Setting up AssistantChat observeQuery
[90mstdout[2m | src/stories/Header.stories.ts[2m > [22m[2mLogged Out
[22m[39m[ChatContext] Waiting for subscription to initialize
[90mstdout[2m | src/stories/Header.stories.ts[2m > [22m[2mLogged Out
[22m[39m[SettingsContext] Setting up Settings subscription for user: mock-user-sub
[90mstdout[2m | src/stories/Header.stories.ts[2m > [22m[2mLogged Out
[22m[39m[Mock Data] Settings created: mock-settings-1790418366517 - notified 0 subscribers
[90mstdout[2m | src/stories/Header.stories.ts[2m > [22m[2mLogged Out
[22m[39m[Mock Data] Unit.onUpdate() subscription added. Total: 1
[90mstdout[2m | src/stories/Header.stories.ts[2m > [22m[2mLogged Out
[22m[39m[SectionContext] Section observeQuery update: 0
[90mstdout[2m | src/stories/Header.stories.ts[2m > [22m[2mLogged Out
[22m[39m[FilesContext] File observeQuery update: 6 files
[90mstdout[2m | src/stories/Header.stories.ts[2m > [22m[2mLogged Out
[22m[39m[MOCK CourseVectorStore] Initialized with mock data
[90mstdout[2m | src/stories/Header.stories.ts[2m > [22m[2mLogged Out
[22m[39m[FilesContext] Vector store population triggered {
  "currentVectorStoreSize": 3,
  "documentsCount": 0,
  "filesCount": 6,
  "isInitialLoad": true,
}
[90mstdout[2m | src/stories/Header.stories.ts[2m > [22m[2mLogged Out
[22m[39m[FilesContext] Vector store population complete - 3 total embeddings
[90mstdout[2m | src/stories/Header.stories.ts[2m > [22m[2mLogged Out
[22m[39m[ChatContext] AssistantChat initialized with 1 chats
[90mstdout[2m | src/stories/Header.stories.ts[2m > [22m[2mLogged Out
[22m[39m[ChatContext] Setting initial chat: mock-assistant-chat-1
[90mstdout[2m | src/stories/Header.stories.ts[2m > [22m[2mLogged Out
[22m[39m[Mock Storage] downloadData called with: undefined
[90mstdout[2m | src/stories/Header.stories.ts[2m > [22m[2mLogged Out
[22m[39m[ChatContext] Chat exists and not archived, skipping creation
 [32m✓[39m [30m[45m storybook (chromium) [49m[39m src/stories/Header.stories.ts [2m([22m[2m2 tests[22m[2m)[22m[33m 329[2mms[22m[39m
[90mstdout[2m | unknown test
[22m[39m[MOCK vectorStoreDB.js] Module loaded - mock IndexedDB operations
[90mstdout[2m | unknown test
[22m[39m[Task Completion] DOM action listeners initialized
[90mstdout[2m | unknown test
[22m[39m[Task Completion] Auto-completion detector initialized
[90mstdout[2m | unknown test
[22m[39m[Preview] Task completion detector initialized
[90mstdout[2m | src/components/Gamification/BadgeCoinFlip.stories.tsx[2m > [22m[2mSharpshooter
[22m[39m[TranslationModeController] Setting mode to: off
[90mstdout[2m | src/components/Gamification/BadgeCoinFlip.stories.tsx[2m > [22m[2mFirst Steps
[22m[39m[TranslationModeController] Setting mode to: off
 [32m✓[39m [30m[45m storybook (chromium) [49m[39m src/components/Gamification/BadgeCoinFlip.stories.tsx [2m([22m[2m2 tests[22m[2m)[22m[33m 341[2mms[22m[39m
[90mstdout[2m | unknown test
[22m[39m[MOCK vectorStoreDB.js] Module loaded - mock IndexedDB operations
[90mstdout[2m | unknown test
[22m[39m[Task Completion] DOM action listeners initialized
[90mstdout[2m | unknown test
[22m[39m[Task Completion] Auto-completion detector initialized
[90mstdout[2m | unknown test
[22m[39m[Preview] Task completion detector initialized
[90mstdout[2m | src/components/Gamification/EasterEggToast.stories.tsx[2m > [22m[2mFound
[22m[39m[TranslationModeController] Setting mode to: off
[90mstdout[2m | src/components/Gamification/EasterEggToast.stories.tsx[2m > [22m[2mHigh Reward
[22m[39m[TranslationModeController] Setting mode to: off
 [32m✓[39m [30m[45m storybook (chromium) [49m[39m src/components/Gamification/EasterEggToast.stories.tsx [2m([22m[2m2 tests[22m[2m)[22m[32m 221[2mms[22m[39m
[90mstdout[2m | unknown test
[22m[39m[MOCK vectorStoreDB.js] Module loaded - mock IndexedDB operations
[90mstdout[2m | unknown test
[22m[39m[Task Completion] DOM action listeners initialized
[90mstdout[2m | unknown test
[22m[39m[Task Completion] Auto-completion detector initialized
[90mstdout[2m | unknown test
[22m[39m[Preview] Task completion detector initialized
[90mstdout[2m | src/components/Workbook/AIFeedbackSnackbar.stories.tsx[2m > [22m[2mDefault
[22m[39m[MOCK CourseVectorStore] Initialized with mock data
[90mstdout[2m | src/components/Workbook/AIFeedbackSnackbar.stories.tsx[2m > [22m[2mDefault
[22m[39m[TranslationModeController] Setting mode to: off
[90mstdout[2m | src/components/Workbook/AIFeedbackSnackbar.stories.tsx[2m > [22m[2mDefault
[22m[39m[FilesContext] Initializing vector store from IndexedDB
[90mstdout[2m | src/components/Workbook/AIFeedbackSnackbar.stories.tsx[2m > [22m[2mDefault
[22m[39m[FilesContext] fetchFiles called
[90mstdout[2m | src/components/Workbook/AIFeedbackSnackbar.stories.tsx[2m > [22m[2mDefault
[22m[39m[FilesContext] User authenticated: mock-user-sub
[90mstdout[2m | src/components/Workbook/AIFeedbackSnackbar.stories.tsx[2m > [22m[2mDefault
[22m[39m[FilesContext] Identity ID: us-east-1:mock-identity-123
[90mstdout[2m | src/components/Workbook/AIFeedbackSnackbar.stories.tsx[2m > [22m[2mDefault
[22m[39m[FilesContext] About to set up File observeQuery
[90mstdout[2m | src/components/Workbook/AIFeedbackSnackbar.stories.tsx[2m > [22m[2mDefault
[22m[39m[ChatContext] Setting up AssistantChat observeQuery
[90mstdout[2m | src/components/Workbook/AIFeedbackSnackbar.stories.tsx[2m > [22m[2mDefault
[22m[39m[ChatContext] Waiting for subscription to initialize
[90mstdout[2m | src/components/Workbook/AIFeedbackSnackbar.stories.tsx[2m > [22m[2mDefault
[22m[39m[SettingsContext] Setting up Settings subscription for user: mock-user-sub
[90mstdout[2m | src/components/Workbook/AIFeedbackSnackbar.stories.tsx[2m > [22m[2mDefault
[22m[39m[Mock Data] Settings created: mock-settings-1790418369196 - notified 0 subscribers
[90mstdout[2m | src/components/Workbook/AIFeedbackSnackbar.stories.tsx[2m > [22m[2mDefault
[22m[39m[FilesContext] File observeQuery update: 6 files
[90mstdout[2m | src/components/Workbook/AIFeedbackSnackbar.stories.tsx[2m > [22m[2mDefault
[22m[39m[ChatContext] AssistantChat initialized with 1 chats
[90mstdout[2m | src/components/Workbook/AIFeedbackSnackbar.stories.tsx[2m > [22m[2mDefault
[22m[39m[ChatContext] Setting initial chat: mock-assistant-chat-1
[90mstdout[2m | src/components/Workbook/AIFeedbackSnackbar.stories.tsx[2m > [22m[2mDefault
[22m[39m[MOCK CourseVectorStore] Initialized with mock data
[90mstdout[2m | src/components/Workbook/AIFeedbackSnackbar.stories.tsx[2m > [22m[2mDefault
[22m[39m[FilesContext] Vector store population triggered {
  "currentVectorStoreSize": 3,
  "documentsCount": 0,
  "filesCount": 6,
  "isInitialLoad": true,
}
[90mstdout[2m | src/components/Workbook/AIFeedbackSnackbar.stories.tsx[2m > [22m[2mDefault
[22m[39m[FilesContext] Vector store population complete - 3 total embeddings
[90mstdout[2m | src/components/Workbook/AIFeedbackSnackbar.stories.tsx[2m > [22m[2mDefault
[22m[39m[ChatContext] Chat exists and not archived, skipping creation
[90mstdout[2m | src/components/Workbook/AIFeedbackSnackbar.stories.tsx[2m > [22m[2mDefault
[22m[39m[Mock Storage] downloadData called with: undefined
[90mstdout[2m | src/components/Workbook/AIFeedbackSnackbar.stories.tsx[2m > [22m[2mWith Provider
[22m[39m[ChatContext] Cleaning up subscriptions
[90mstdout[2m | src/components/Workbook/AIFeedbackSnackbar.stories.tsx[2m > [22m[2mWith Provider
[22m[39m[MOCK CourseVectorStore] Initialized with mock data
[90mstdout[2m | src/components/Workbook/AIFeedbackSnackbar.stories.tsx[2m > [22m[2mWith Provider
[22m[39m[TranslationModeController] Setting mode to: off
[90mstdout[2m | src/components/Workbook/AIFeedbackSnackbar.stories.tsx[2m > [22m[2mWith Provider
[22m[39m[FilesContext] Initializing vector store from IndexedDB
[90mstdout[2m | src/components/Workbook/AIFeedbackSnackbar.stories.tsx[2m > [22m[2mWith Provider
[22m[39m[FilesContext] fetchFiles called
[90mstdout[2m | src/components/Workbook/AIFeedbackSnackbar.stories.tsx[2m > [22m[2mWith Provider
[22m[39m[FilesContext] User authenticated: mock-user-sub
[90mstdout[2m | src/components/Workbook/AIFeedbackSnackbar.stories.tsx[2m > [22m[2mWith Provider
[22m[39m[FilesContext] Identity ID: us-east-1:mock-identity-123
[90mstdout[2m | src/components/Workbook/AIFeedbackSnackbar.stories.tsx[2m > [22m[2mWith Provider
[22m[39m[FilesContext] About to set up File observeQuery
[90mstdout[2m | src/components/Workbook/AIFeedbackSnackbar.stories.tsx[2m > [22m[2mWith Provider
[22m[39m[ChatContext] Setting up AssistantChat observeQuery
[90mstdout[2m | src/components/Workbook/AIFeedbackSnackbar.stories.tsx[2m > [22m[2mWith Provider
[22m[39m[ChatContext] Waiting for subscription to initialize
[90mstdout[2m | src/components/Workbook/AIFeedbackSnackbar.stories.tsx[2m > [22m[2mWith Provider
[22m[39m[SettingsContext] Setting up Settings subscription for user: mock-user-sub
[90mstdout[2m | src/components/Workbook/AIFeedbackSnackbar.stories.tsx[2m > [22m[2mWith Provider
[22m[39m[Mock Data] Settings created: mock-settings-1790418369386 - notified 0 subscribers
[90mstdout[2m | src/components/Workbook/AIFeedbackSnackbar.stories.tsx[2m > [22m[2mWith Provider
[22m[39m[FilesContext] File observeQuery update: 6 files
[90mstdout[2m | src/components/Workbook/AIFeedbackSnackbar.stories.tsx[2m > [22m[2mWith Provider
[22m[39m[ChatContext] AssistantChat initialized with 1 chats
[90mstdout[2m | src/components/Workbook/AIFeedbackSnackbar.stories.tsx[2m > [22m[2mWith Provider
[22m[39m[ChatContext] Setting initial chat: mock-assistant-chat-1
[90mstdout[2m | src/components/Workbook/AIFeedbackSnackbar.stories.tsx[2m > [22m[2mWith Provider
[22m[39m[MOCK CourseVectorStore] Initialized with mock data
[90mstdout[2m | src/components/Workbook/AIFeedbackSnackbar.stories.tsx[2m > [22m[2mWith Provider
[22m[39m[FilesContext] Vector store population triggered {
  "currentVectorStoreSize": 3,
  "documentsCount": 0,
  "filesCount": 6,
  "isInitialLoad": true,
}
[90mstdout[2m | src/components/Workbook/AIFeedbackSnackbar.stories.tsx[2m > [22m[2mWith Provider
[22m[39m[FilesContext] Vector store population complete - 3 total embeddings
[90mstdout[2m | src/components/Workbook/AIFeedbackSnackbar.stories.tsx[2m > [22m[2mWith Provider
[22m[39m[ChatContext] Chat exists and not archived, skipping creation
[90mstdout[2m | src/components/Workbook/AIFeedbackSnackbar.stories.tsx[2m > [22m[2mWith Provider
[22m[39m[Mock Storage] downloadData called with: undefined
 [32m✓[39m [30m[45m storybook (chromium) [49m[39m src/components/Workbook/AIFeedbackSnackbar.stories.tsx [2m([22m[2m2 tests[22m[2m)[22m[33m 317[2mms[22m[39m
[90mstdout[2m | unknown test
[22m[39m[MOCK vectorStoreDB.js] Module loaded - mock IndexedDB operations
[90mstdout[2m | unknown test
[22m[39m[Task Completion] DOM action listeners initialized
[90mstdout[2m | unknown test
[22m[39m[Task Completion] Auto-completion detector initialized
[90mstdout[2m | unknown test
[22m[39m[Preview] Task completion detector initialized
[90mstdout[2m | .storybook/docs/Introduction.stories.tsx[2m > [22m[2mOverview
[22m[39m[MOCK CourseVectorStore] Initialized with mock data
[90mstdout[2m | .storybook/docs/Introduction.stories.tsx[2m > [22m[2mOverview
[22m[39m[TranslationModeController] Setting mode to: off
[90mstdout[2m | .storybook/docs/Introduction.stories.tsx[2m > [22m[2mOverview
[22m[39m[UnitContext] useEffect triggered {
  "authLoading": false,
  "hasUser": true,
  "id": "mock-unit-id",
  "userSub": "mock-user-sub",
}
[90mstdout[2m | .storybook/docs/Introduction.stories.tsx[2m > [22m[2mOverview
[22m[39m[UnitContext] Fetching unit data for id: mock-unit-id
[90mstdout[2m | .storybook/docs/Introduction.stories.tsx[2m > [22m[2mOverview
[22m[39m[FilesContext] Initializing vector store from IndexedDB
[90mstdout[2m | .storybook/docs/Introduction.stories.tsx[2m > [22m[2mOverview
[22m[39m[FilesContext] fetchFiles called
[90mstdout[2m | .storybook/docs/Introduction.stories.tsx[2m > [22m[2mOverview
[22m[39m[FilesContext] User authenticated: mock-user-sub
[90mstdout[2m | .storybook/docs/Introduction.stories.tsx[2m > [22m[2mOverview
[22m[39m[FilesContext] Identity ID: us-east-1:mock-identity-123
[90mstdout[2m | .storybook/docs/Introduction.stories.tsx[2m > [22m[2mOverview
[22m[39m[FilesContext] About to set up File observeQuery
[90mstdout[2m | .storybook/docs/Introduction.stories.tsx[2m > [22m[2mOverview
[22m[39m[ChatContext] Setting up AssistantChat observeQuery
[90mstdout[2m | .storybook/docs/Introduction.stories.tsx[2m > [22m[2mOverview
[22m[39m[ChatContext] Waiting for subscription to initialize
[90mstdout[2m | .storybook/docs/Introduction.stories.tsx[2m > [22m[2mOverview
[22m[39m[SettingsContext] Setting up Settings subscription for user: mock-user-sub
[90mstdout[2m | .storybook/docs/Introduction.stories.tsx[2m > [22m[2mOverview
[22m[39m[Mock Data] Settings created: mock-settings-1790418370170 - notified 0 subscribers
[90mstdout[2m | .storybook/docs/Introduction.stories.tsx[2m > [22m[2mOverview
[22m[39m[Mock Data] Unit.onUpdate() subscription added. Total: 1
[90mstdout[2m | .storybook/docs/Introduction.stories.tsx[2m > [22m[2mOverview
[22m[39m[SectionContext] Section observeQuery update: 0
[90mstdout[2m | .storybook/docs/Introduction.stories.tsx[2m > [22m[2mOverview
[22m[39m[FilesContext] File observeQuery update: 6 files
[90mstdout[2m | .storybook/docs/Introduction.stories.tsx[2m > [22m[2mOverview
[22m[39m[ChatContext] AssistantChat initialized with 1 chats
[90mstdout[2m | .storybook/docs/Introduction.stories.tsx[2m > [22m[2mOverview
[22m[39m[ChatContext] Setting initial chat: mock-assistant-chat-1
[90mstdout[2m | .storybook/docs/Introduction.stories.tsx[2m > [22m[2mOverview
[22m[39m[MOCK CourseVectorStore] Initialized with mock data
[90mstdout[2m | .storybook/docs/Introduction.stories.tsx[2m > [22m[2mOverview
[22m[39m[FilesContext] Vector store population triggered {
  "currentVectorStoreSize": 3,
  "documentsCount": 0,
  "filesCount": 6,
  "isInitialLoad": true,
}
[90mstdout[2m | .storybook/docs/Introduction.stories.tsx[2m > [22m[2mOverview
[22m[39m[FilesContext] Vector store population complete - 3 total embeddings
[90mstdout[2m | .storybook/docs/Introduction.stories.tsx[2m > [22m[2mOverview
[22m[39m[ChatContext] Chat exists and not archived, skipping creation
[90mstdout[2m | .storybook/docs/Introduction.stories.tsx[2m > [22m[2mOverview
[22m[39m[Mock Storage] downloadData called with: undefined
 [32m✓[39m [30m[45m storybook (chromium) [49m[39m .storybook/docs/Introduction.stories.tsx [2m([22m[2m1 test[22m[2m)[22m[33m 308[2mms[22m[39m
   [33m[2m✓[22m[39m Overview [33m 307[2mms[22m[39m
[90mstdout[2m | unknown test
[22m[39m[MOCK vectorStoreDB.js] Module loaded - mock IndexedDB operations
[90mstdout[2m | unknown test
[22m[39m[Task Completion] DOM action listeners initialized
[90mstdout[2m | unknown test
[22m[39m[Task Completion] Auto-completion detector initialized
[90mstdout[2m | unknown test
[22m[39m[Preview] Task completion detector initialized
[90mstdout[2m | src/components/Section/RosterEnrollDialog.stories.jsx[2m > [22m[2mDefault
[22m[39m[MOCK CourseVectorStore] Initialized with mock data
[90mstdout[2m | src/components/Section/RosterEnrollDialog.stories.jsx[2m > [22m[2mDefault
[22m[39m[TranslationModeController] Setting mode to: off
[90mstdout[2m | src/components/Section/RosterEnrollDialog.stories.jsx[2m > [22m[2mDefault
[22m[39m[UnitContext] useEffect triggered {
  "authLoading": false,
  "hasUser": true,
  "id": "mock-unit-id",
  "userSub": "mock-user-sub",
}
[90mstdout[2m | src/components/Section/RosterEnrollDialog.stories.jsx[2m > [22m[2mDefault
[22m[39m[UnitContext] Fetching unit data for id: mock-unit-id
[90mstdout[2m | src/components/Section/RosterEnrollDialog.stories.jsx[2m > [22m[2mDefault
[22m[39m[FilesContext] Initializing vector store from IndexedDB
[90mstdout[2m | src/components/Section/RosterEnrollDialog.stories.jsx[2m > [22m[2mDefault
[22m[39m[FilesContext] fetchFiles called
[90mstdout[2m | src/components/Section/RosterEnrollDialog.stories.jsx[2m > [22m[2mDefault
[22m[39m[FilesContext] User authenticated: mock-user-sub
[90mstdout[2m | src/components/Section/RosterEnrollDialog.stories.jsx[2m > [22m[2mDefault
[22m[39m[FilesContext] Identity ID: us-east-1:mock-identity-123
[90mstdout[2m | src/components/Section/RosterEnrollDialog.stories.jsx[2m > [22m[2mDefault
[22m[39m[FilesContext] About to set up File observeQuery
[90mstdout[2m | src/components/Section/RosterEnrollDialog.stories.jsx[2m > [22m[2mDefault
[22m[39m[ChatContext] Setting up AssistantChat observeQuery
[90mstdout[2m | src/components/Section/RosterEnrollDialog.stories.jsx[2m > [22m[2mDefault
[22m[39m[ChatContext] Waiting for subscription to initialize
[90mstdout[2m | src/components/Section/RosterEnrollDialog.stories.jsx[2m > [22m[2mDefault
[22m[39m[SettingsContext] Setting up Settings subscription for user: mock-user-sub
[90mstdout[2m | src/components/Section/RosterEnrollDialog.stories.jsx[2m > [22m[2mDefault
[22m[39m[Mock Data] Settings created: mock-settings-1790418371113 - notified 0 subscribers
[90mstdout[2m | src/components/Section/RosterEnrollDialog.stories.jsx[2m > [22m[2mDefault
[22m[39m[Mock Data] Unit.onUpdate() subscription added. Total: 1
[90mstdout[2m | src/components/Section/RosterEnrollDialog.stories.jsx[2m > [22m[2mDefault
[22m[39m[SectionContext] Section observeQuery update: 0
[90mstdout[2m | src/components/Section/RosterEnrollDialog.stories.jsx[2m > [22m[2mDefault
[22m[39m[FilesContext] File observeQuery update: 6 files
[90mstdout[2m | src/components/Section/RosterEnrollDialog.stories.jsx[2m > [22m[2mDefault
[22m[39m[ChatContext] AssistantChat initialized with 1 chats
[90mstdout[2m | src/components/Section/RosterEnrollDialog.stories.jsx[2m > [22m[2mDefault
[22m[39m[ChatContext] Setting initial chat: mock-assistant-chat-1
[90mstdout[2m | src/components/Section/RosterEnrollDialog.stories.jsx[2m > [22m[2mDefault
[22m[39m[MOCK CourseVectorStore] Initialized with mock data
[90mstdout[2m | src/components/Section/RosterEnrollDialog.stories.jsx[2m > [22m[2mDefault
[22m[39m[FilesContext] Vector store population triggered {
  "currentVectorStoreSize": 3,
  "documentsCount": 0,
  "filesCount": 6,
  "isInitialLoad": true,
}
[90mstdout[2m | src/components/Section/RosterEnrollDialog.stories.jsx[2m > [22m[2mDefault
[22m[39m[FilesContext] Vector store population complete - 3 total embeddings
[90mstdout[2m | src/components/Section/RosterEnrollDialog.stories.jsx[2m > [22m[2mDefault
[22m[39m[ChatContext] Chat exists and not archived, skipping creation
[90mstdout[2m | src/components/Section/RosterEnrollDialog.stories.jsx[2m > [22m[2mDefault
[22m[39m[Mock Storage] downloadData called with: undefined
 [32m✓[39m [30m[45m storybook (chromium) [49m[39m src/components/Section/RosterEnrollDialog.stories.jsx [2m([22m[2m1 test[22m[2m)[22m[32m 231[2mms[22m[39m
[90mstdout[2m | unknown test
[22m[39m[MOCK vectorStoreDB.js] Module loaded - mock IndexedDB operations
[90mstdout[2m | unknown test
[22m[39m[Task Completion] DOM action listeners initialized
[90mstdout[2m | unknown test
[22m[39m[Task Completion] Auto-completion detector initialized
[90mstdout[2m | unknown test
[22m[39m[Preview] Task completion detector initialized
[90mstdout[2m | src/components/PeerReview/PeerReviewFeedbackPrompt.stories.tsx[2m > [22m[2mFeedback Prompt Open
[22m[39m[MOCK CourseVectorStore] Initialized with mock data
[90mstdout[2m | src/components/PeerReview/PeerReviewFeedbackPrompt.stories.tsx[2m > [22m[2mFeedback Prompt Open
[22m[39m[TranslationModeController] Setting mode to: off
[90mstdout[2m | src/components/PeerReview/PeerReviewFeedbackPrompt.stories.tsx[2m > [22m[2mFeedback Prompt Open
[22m[39m[UnitContext] useEffect triggered {
  "authLoading": false,
  "hasUser": true,
  "id": "mock-unit-id",
  "userSub": "mock-user-sub",
}
[90mstdout[2m | src/components/PeerReview/PeerReviewFeedbackPrompt.stories.tsx[2m > [22m[2mFeedback Prompt Open
[22m[39m[UnitContext] Fetching unit data for id: mock-unit-id
[90mstdout[2m | src/components/PeerReview/PeerReviewFeedbackPrompt.stories.tsx[2m > [22m[2mFeedback Prompt Open
[22m[39m[FilesContext] Initializing vector store from IndexedDB
[90mstdout[2m | src/components/PeerReview/PeerReviewFeedbackPrompt.stories.tsx[2m > [22m[2mFeedback Prompt Open
[22m[39m[FilesContext] fetchFiles called
[90mstdout[2m | src/components/PeerReview/PeerReviewFeedbackPrompt.stories.tsx[2m > [22m[2mFeedback Prompt Open
[22m[39m[FilesContext] User authenticated: mock-user-sub
[90mstdout[2m | src/components/PeerReview/PeerReviewFeedbackPrompt.stories.tsx[2m > [22m[2mFeedback Prompt Open
[22m[39m[FilesContext] Identity ID: us-east-1:mock-identity-123
[90mstdout[2m | src/components/PeerReview/PeerReviewFeedbackPrompt.stories.tsx[2m > [22m[2mFeedback Prompt Open
[22m[39m[FilesContext] About to set up File observeQuery
[90mstdout[2m | src/components/PeerReview/PeerReviewFeedbackPrompt.stories.tsx[2m > [22m[2mFeedback Prompt Open
[22m[39m[ChatContext] Setting up AssistantChat observeQuery
[90mstdout[2m | src/components/PeerReview/PeerReviewFeedbackPrompt.stories.tsx[2m > [22m[2mFeedback Prompt Open
[22m[39m[ChatContext] Waiting for subscription to initialize
[90mstdout[2m | src/components/PeerReview/PeerReviewFeedbackPrompt.stories.tsx[2m > [22m[2mFeedback Prompt Open
[22m[39m[SettingsContext] Setting up Settings subscription for user: mock-user-sub
[90mstdout[2m | src/components/PeerReview/PeerReviewFeedbackPrompt.stories.tsx[2m > [22m[2mFeedback Prompt Open
[22m[39m[Mock Data] Settings created: mock-settings-1790418371969 - notified 0 subscribers
[90mstdout[2m | src/components/PeerReview/PeerReviewFeedbackPrompt.stories.tsx[2m > [22m[2mFeedback Prompt Open
[22m[39m[Mock Data] Unit.onUpdate() subscription added. Total: 1
[90mstdout[2m | src/components/PeerReview/PeerReviewFeedbackPrompt.stories.tsx[2m > [22m[2mFeedback Prompt Open
[22m[39m[SectionContext] Section observeQuery update: 0
[90mstdout[2m | src/components/PeerReview/PeerReviewFeedbackPrompt.stories.tsx[2m > [22m[2mFeedback Prompt Open
[22m[39m[FilesContext] File observeQuery update: 6 files
[90mstdout[2m | src/components/PeerReview/PeerReviewFeedbackPrompt.stories.tsx[2m > [22m[2mFeedback Prompt Open
[22m[39m[ChatContext] AssistantChat initialized with 1 chats
[90mstdout[2m | src/components/PeerReview/PeerReviewFeedbackPrompt.stories.tsx[2m > [22m[2mFeedback Prompt Open
[22m[39m[ChatContext] Setting initial chat: mock-assistant-chat-1
[90mstdout[2m | src/components/PeerReview/PeerReviewFeedbackPrompt.stories.tsx[2m > [22m[2mFeedback Prompt Open
[22m[39m[MOCK CourseVectorStore] Initialized with mock data
[90mstdout[2m | src/components/PeerReview/PeerReviewFeedbackPrompt.stories.tsx[2m > [22m[2mFeedback Prompt Open
[22m[39m[FilesContext] Vector store population triggered {
  "currentVectorStoreSize": 3,
  "documentsCount": 0,
  "filesCount": 6,
  "isInitialLoad": true,
}
[90mstdout[2m | src/components/PeerReview/PeerReviewFeedbackPrompt.stories.tsx[2m > [22m[2mFeedback Prompt Open
[22m[39m[FilesContext] Vector store population complete - 3 total embeddings
[90mstdout[2m | src/components/PeerReview/PeerReviewFeedbackPrompt.stories.tsx[2m > [22m[2mFeedback Prompt Open
[22m[39m[ChatContext] Chat exists and not archived, skipping creation
[90mstdout[2m | src/components/PeerReview/PeerReviewFeedbackPrompt.stories.tsx[2m > [22m[2mFeedback Prompt Open
[22m[39m[Mock Storage] downloadData called with: undefined
 [32m✓[39m [30m[45m storybook (chromium) [49m[39m src/components/PeerReview/PeerReviewFeedbackPrompt.stories.tsx [2m([22m[2m1 test[22m[2m)[22m[32m 245[2mms[22m[39m
[90mstdout[2m | unknown test
[22m[39m[MOCK vectorStoreDB.js] Module loaded - mock IndexedDB operations
[90mstdout[2m | unknown test
[22m[39m[Task Completion] DOM action listeners initialized
[90mstdout[2m | unknown test
[22m[39m[Task Completion] Auto-completion detector initialized
[90mstdout[2m | unknown test
[22m[39m[Preview] Task completion detector initialized
[90mstdout[2m | src/components/Gamification/NailedItCelebration.stories.tsx[2m > [22m[2mCelebration Open
[22m[39m[MOCK CourseVectorStore] Initialized with mock data
[90mstdout[2m | src/components/Gamification/NailedItCelebration.stories.tsx[2m > [22m[2mCelebration Open
[22m[39m[TranslationModeController] Setting mode to: off
[90mstdout[2m | src/components/Gamification/NailedItCelebration.stories.tsx[2m > [22m[2mCelebration Open
[22m[39m[UnitContext] useEffect triggered {
  "authLoading": false,
  "hasUser": true,
  "id": "mock-unit-id",
  "userSub": "mock-user-sub",
}
[90mstdout[2m | src/components/Gamification/NailedItCelebration.stories.tsx[2m > [22m[2mCelebration Open
[22m[39m[UnitContext] Fetching unit data for id: mock-unit-id
[90mstdout[2m | src/components/Gamification/NailedItCelebration.stories.tsx[2m > [22m[2mCelebration Open
[22m[39m[FilesContext] Initializing vector store from IndexedDB
[90mstdout[2m | src/components/Gamification/NailedItCelebration.stories.tsx[2m > [22m[2mCelebration Open
[22m[39m[FilesContext] fetchFiles called
[90mstdout[2m | src/components/Gamification/NailedItCelebration.stories.tsx[2m > [22m[2mCelebration Open
[22m[39m[FilesContext] User authenticated: mock-user-sub
[90mstdout[2m | src/components/Gamification/NailedItCelebration.stories.tsx[2m > [22m[2mCelebration Open
[22m[39m[FilesContext] Identity ID: us-east-1:mock-identity-123
[90mstdout[2m | src/components/Gamification/NailedItCelebration.stories.tsx[2m > [22m[2mCelebration Open
[22m[39m[FilesContext] About to set up File observeQuery
[90mstdout[2m | src/components/Gamification/NailedItCelebration.stories.tsx[2m > [22m[2mCelebration Open
[22m[39m[ChatContext] Setting up AssistantChat observeQuery
[90mstdout[2m | src/components/Gamification/NailedItCelebration.stories.tsx[2m > [22m[2mCelebration Open
[22m[39m[ChatContext] Waiting for subscription to initialize
[90mstdout[2m | src/components/Gamification/NailedItCelebration.stories.tsx[2m > [22m[2mCelebration Open
[22m[39m[SettingsContext] Setting up Settings subscription for user: mock-user-sub
[90mstdout[2m | src/components/Gamification/NailedItCelebration.stories.tsx[2m > [22m[2mCelebration Open
[22m[39m[Mock Data] Settings created: mock-settings-1790418372808 - notified 0 subscribers
[90mstdout[2m | src/components/Gamification/NailedItCelebration.stories.tsx[2m > [22m[2mCelebration Open
[22m[39m[Mock Data] Unit.onUpdate() subscription added. Total: 1
[90mstdout[2m | src/components/Gamification/NailedItCelebration.stories.tsx[2m > [22m[2mCelebration Open
[22m[39m[SectionContext] Section observeQuery update: 0
[90mstdout[2m | src/components/Gamification/NailedItCelebration.stories.tsx[2m > [22m[2mCelebration Open
[22m[39m[FilesContext] File observeQuery update: 6 files
[90mstdout[2m | src/components/Gamification/NailedItCelebration.stories.tsx[2m > [22m[2mCelebration Open
[22m[39m[ChatContext] AssistantChat initialized with 1 chats
[90mstdout[2m | src/components/Gamification/NailedItCelebration.stories.tsx[2m > [22m[2mCelebration Open
[22m[39m[ChatContext] Setting initial chat: mock-assistant-chat-1
[90mstdout[2m | src/components/Gamification/NailedItCelebration.stories.tsx[2m > [22m[2mCelebration Open
[22m[39m[MOCK CourseVectorStore] Initialized with mock data
[90mstdout[2m | src/components/Gamification/NailedItCelebration.stories.tsx[2m > [22m[2mCelebration Open
[22m[39m[FilesContext] Vector store population triggered {
  "currentVectorStoreSize": 3,
  "documentsCount": 0,
  "filesCount": 6,
  "isInitialLoad": true,
}
[90mstdout[2m | src/components/Gamification/NailedItCelebration.stories.tsx[2m > [22m[2mCelebration Open
[22m[39m[FilesContext] Vector store population complete - 3 total embeddings
[90mstdout[2m | src/components/Gamification/NailedItCelebration.stories.tsx[2m > [22m[2mCelebration Open
[22m[39m[ChatContext] Chat exists and not archived, skipping creation
[90mstdout[2m | src/components/Gamification/NailedItCelebration.stories.tsx[2m > [22m[2mCelebration Open
[22m[39m[Mock Storage] downloadData called with: undefined
 [32m✓[39m [30m[45m storybook (chromium) [49m[39m src/components/Gamification/NailedItCelebration.stories.tsx [2m([22m[2m1 test[22m[2m)[22m[32m 240[2mms[22m[39m
[90mstdout[2m | unknown test
[22m[39m[MOCK vectorStoreDB.js] Module loaded - mock IndexedDB operations
[90mstdout[2m | unknown test
[22m[39m[Task Completion] DOM action listeners initialized
[90mstdout[2m | unknown test
[22m[39m[Task Completion] Auto-completion detector initialized
[90mstdout[2m | unknown test
[22m[39m[Preview] Task completion detector initialized
[90mstdout[2m | src/components/Workbook/TutorCursorOverlay.stories.tsx[2m > [22m[2mNo Tutors
[22m[39m[MOCK CourseVectorStore] Initialized with mock data
[90mstdout[2m | src/components/Workbook/TutorCursorOverlay.stories.tsx[2m > [22m[2mNo Tutors
[22m[39m[TranslationModeController] Setting mode to: off
[90mstdout[2m | src/components/Workbook/TutorCursorOverlay.stories.tsx[2m > [22m[2mNo Tutors
[22m[39m[FilesContext] Initializing vector store from IndexedDB
[90mstdout[2m | src/components/Workbook/TutorCursorOverlay.stories.tsx[2m > [22m[2mNo Tutors
[22m[39m[FilesContext] fetchFiles called
[90mstdout[2m | src/components/Workbook/TutorCursorOverlay.stories.tsx[2m > [22m[2mNo Tutors
[22m[39m[FilesContext] User authenticated: mock-user-sub
[90mstdout[2m | src/components/Workbook/TutorCursorOverlay.stories.tsx[2m > [22m[2mNo Tutors
[22m[39m[FilesContext] Identity ID: us-east-1:mock-identity-123
[90mstdout[2m | src/components/Workbook/TutorCursorOverlay.stories.tsx[2m > [22m[2mNo Tutors
[22m[39m[FilesContext] About to set up File observeQuery
[90mstdout[2m | src/components/Workbook/TutorCursorOverlay.stories.tsx[2m > [22m[2mNo Tutors
[22m[39m[ChatContext] Setting up AssistantChat observeQuery
[90mstdout[2m | src/components/Workbook/TutorCursorOverlay.stories.tsx[2m > [22m[2mNo Tutors
[22m[39m[ChatContext] Waiting for subscription to initialize
[90mstdout[2m | src/components/Workbook/TutorCursorOverlay.stories.tsx[2m > [22m[2mNo Tutors
[22m[39m[SettingsContext] Setting up Settings subscription for user: mock-user-sub
[90mstdout[2m | src/components/Workbook/TutorCursorOverlay.stories.tsx[2m > [22m[2mNo Tutors
[22m[39m[Mock Data] Settings created: mock-settings-1790418374244 - notified 0 subscribers
[90mstdout[2m | src/components/Workbook/TutorCursorOverlay.stories.tsx[2m > [22m[2mNo Tutors
[22m[39m[FilesContext] File observeQuery update: 6 files
[90mstdout[2m | src/components/Workbook/TutorCursorOverlay.stories.tsx[2m > [22m[2mNo Tutors
[22m[39m[ChatContext] AssistantChat initialized with 1 chats
[90mstdout[2m | src/components/Workbook/TutorCursorOverlay.stories.tsx[2m > [22m[2mNo Tutors
[22m[39m[ChatContext] Setting initial chat: mock-assistant-chat-1
[90mstdout[2m | src/components/Workbook/TutorCursorOverlay.stories.tsx[2m > [22m[2mNo Tutors
[22m[39m[MOCK CourseVectorStore] Initialized with mock data
[90mstdout[2m | src/components/Workbook/TutorCursorOverlay.stories.tsx[2m > [22m[2mNo Tutors
[22m[39m[FilesContext] Vector store population triggered {
  "currentVectorStoreSize": 3,
  "documentsCount": 0,
  "filesCount": 6,
  "isInitialLoad": true,
}
[90mstdout[2m | src/components/Workbook/TutorCursorOverlay.stories.tsx[2m > [22m[2mNo Tutors
[22m[39m[FilesContext] Vector store population complete - 3 total embeddings
[90mstdout[2m | src/components/Workbook/TutorCursorOverlay.stories.tsx[2m > [22m[2mNo Tutors
[22m[39m[ChatContext] Chat exists and not archived, skipping creation
[90mstdout[2m | src/components/Workbook/TutorCursorOverlay.stories.tsx[2m > [22m[2mNo Tutors
[22m[39m[Mock Storage] downloadData called with: undefined
[90mstdout[2m | src/components/Workbook/TutorCursorOverlay.stories.tsx[2m > [22m[2mDisabled
[22m[39m[ChatContext] Cleaning up subscriptions
[90mstdout[2m | src/components/Workbook/TutorCursorOverlay.stories.tsx[2m > [22m[2mDisabled
[22m[39m[MOCK CourseVectorStore] Initialized with mock data
[90mstdout[2m | src/components/Workbook/TutorCursorOverlay.stories.tsx[2m > [22m[2mDisabled
[22m[39m[TranslationModeController] Setting mode to: off
[90mstdout[2m | src/components/Workbook/TutorCursorOverlay.stories.tsx[2m > [22m[2mDisabled
[22m[39m[FilesContext] Initializing vector store from IndexedDB
[90mstdout[2m | src/components/Workbook/TutorCursorOverlay.stories.tsx[2m > [22m[2mDisabled
[22m[39m[FilesContext] fetchFiles called
[90mstdout[2m | src/components/Workbook/TutorCursorOverlay.stories.tsx[2m > [22m[2mDisabled
[22m[39m[FilesContext] User authenticated: mock-user-sub
[90mstdout[2m | src/components/Workbook/TutorCursorOverlay.stories.tsx[2m > [22m[2mDisabled
[22m[39m[FilesContext] Identity ID: us-east-1:mock-identity-123
[90mstdout[2m | src/components/Workbook/TutorCursorOverlay.stories.tsx[2m > [22m[2mDisabled
[22m[39m[FilesContext] About to set up File observeQuery
[90mstdout[2m | src/components/Workbook/TutorCursorOverlay.stories.tsx[2m > [22m[2mDisabled
[22m[39m[ChatContext] Setting up AssistantChat observeQuery
[90mstdout[2m | src/components/Workbook/TutorCursorOverlay.stories.tsx[2m > [22m[2mDisabled
[22m[39m[ChatContext] Waiting for subscription to initialize
[90mstdout[2m | src/components/Workbook/TutorCursorOverlay.stories.tsx[2m > [22m[2mDisabled
[22m[39m[SettingsContext] Setting up Settings subscription for user: mock-user-sub
[90mstdout[2m | src/components/Workbook/TutorCursorOverlay.stories.tsx[2m > [22m[2mDisabled
[22m[39m[Mock Data] Settings created: mock-settings-1790418374361 - notified 0 subscribers
[90mstdout[2m | src/components/Workbook/TutorCursorOverlay.stories.tsx[2m > [22m[2mDisabled
[22m[39m[FilesContext] File observeQuery update: 6 files
[90mstdout[2m | src/components/Workbook/TutorCursorOverlay.stories.tsx[2m > [22m[2mDisabled
[22m[39m[ChatContext] AssistantChat initialized with 1 chats
[90mstdout[2m | src/components/Workbook/TutorCursorOverlay.stories.tsx[2m > [22m[2mDisabled
[22m[39m[ChatContext] Setting initial chat: mock-assistant-chat-1
[90mstdout[2m | src/components/Workbook/TutorCursorOverlay.stories.tsx[2m > [22m[2mDisabled
[22m[39m[Mock Storage] downloadData called with: undefined
[90mstdout[2m | src/components/Workbook/TutorCursorOverlay.stories.tsx[2m > [22m[2mDisabled
[22m[39m[MOCK CourseVectorStore] Initialized with mock data
[90mstdout[2m | src/components/Workbook/TutorCursorOverlay.stories.tsx[2m > [22m[2mDisabled
[22m[39m[FilesContext] Vector store population triggered {
  "currentVectorStoreSize": 3,
  "documentsCount": 0,
  "filesCount": 6,
  "isInitialLoad": true,
}
[90mstdout[2m | src/components/Workbook/TutorCursorOverlay.stories.tsx[2m > [22m[2mDisabled
[22m[39m[FilesContext] Vector store population complete - 3 total embeddings
[90mstdout[2m | src/components/Workbook/TutorCursorOverlay.stories.tsx[2m > [22m[2mDisabled
[22m[39m[ChatContext] Chat exists and not archived, skipping creation
 [32m✓[39m [30m[45m storybook (chromium) [49m[39m src/components/Workbook/TutorCursorOverlay.stories.tsx [2m([22m[2m2 tests[22m[2m)[22m[32m 227[2mms[22m[39m
[90mstdout[2m | unknown test
[22m[39m[MOCK vectorStoreDB.js] Module loaded - mock IndexedDB operations
[90mstdout[2m | unknown test
[22m[39m[Task Completion] DOM action listeners initialized
[90mstdout[2m | unknown test
[22m[39m[Task Completion] Auto-completion detector initialized
[90mstdout[2m | unknown test
[22m[39m[Preview] Task completion detector initialized
[90mstdout[2m | src/components/PeerReview/RoomInvite.stories.tsx[2m > [22m[2mRoom Invite Standalone
[22m[39m[MOCK CourseVectorStore] Initialized with mock data
[90mstdout[2m | src/components/PeerReview/RoomInvite.stories.tsx[2m > [22m[2mRoom Invite Standalone
[22m[39m[TranslationModeController] Setting mode to: off
[90mstdout[2m | src/components/PeerReview/RoomInvite.stories.tsx[2m > [22m[2mRoom Invite Standalone
[22m[39m[UnitContext] useEffect triggered {
  "authLoading": false,
  "hasUser": true,
  "id": "mock-unit-id",
  "userSub": "mock-user-sub",
}
[90mstdout[2m | src/components/PeerReview/RoomInvite.stories.tsx[2m > [22m[2mRoom Invite Standalone
[22m[39m[UnitContext] Fetching unit data for id: mock-unit-id
[90mstdout[2m | src/components/PeerReview/RoomInvite.stories.tsx[2m > [22m[2mRoom Invite Standalone
[22m[39m[FilesContext] Initializing vector store from IndexedDB
[90mstdout[2m | src/components/PeerReview/RoomInvite.stories.tsx[2m > [22m[2mRoom Invite Standalone
[22m[39m[FilesContext] fetchFiles called
[90mstdout[2m | src/components/PeerReview/RoomInvite.stories.tsx[2m > [22m[2mRoom Invite Standalone
[22m[39m[FilesContext] User authenticated: mock-user-sub
[90mstdout[2m | src/components/PeerReview/RoomInvite.stories.tsx[2m > [22m[2mRoom Invite Standalone
[22m[39m[FilesContext] Identity ID: us-east-1:mock-identity-123
[90mstdout[2m | src/components/PeerReview/RoomInvite.stories.tsx[2m > [22m[2mRoom Invite Standalone
[22m[39m[FilesContext] About to set up File observeQuery
[90mstdout[2m | src/components/PeerReview/RoomInvite.stories.tsx[2m > [22m[2mRoom Invite Standalone
[22m[39m[ChatContext] Setting up AssistantChat observeQuery
[90mstdout[2m | src/components/PeerReview/RoomInvite.stories.tsx[2m > [22m[2mRoom Invite Standalone
[22m[39m[ChatContext] Waiting for subscription to initialize
[90mstdout[2m | src/components/PeerReview/RoomInvite.stories.tsx[2m > [22m[2mRoom Invite Standalone
[22m[39m[SettingsContext] Setting up Settings subscription for user: mock-user-sub
[90mstdout[2m | src/components/PeerReview/RoomInvite.stories.tsx[2m > [22m[2mRoom Invite Standalone
[22m[39m[Mock Data] Settings created: mock-settings-1790418374988 - notified 0 subscribers
[90mstdout[2m | src/components/PeerReview/RoomInvite.stories.tsx[2m > [22m[2mRoom Invite Standalone
[22m[39m[Mock Data] Unit.onUpdate() subscription added. Total: 1
[90mstdout[2m | src/components/PeerReview/RoomInvite.stories.tsx[2m > [22m[2mRoom Invite Standalone
[22m[39m[SectionContext] Section observeQuery update: 0
[90mstdout[2m | src/components/PeerReview/RoomInvite.stories.tsx[2m > [22m[2mRoom Invite Standalone
[22m[39m[FilesContext] File observeQuery update: 6 files
[90mstdout[2m | src/components/PeerReview/RoomInvite.stories.tsx[2m > [22m[2mRoom Invite Standalone
[22m[39m[ChatContext] AssistantChat initialized with 1 chats
[90mstdout[2m | src/components/PeerReview/RoomInvite.stories.tsx[2m > [22m[2mRoom Invite Standalone
[22m[39m[ChatContext] Setting initial chat: mock-assistant-chat-1
[90mstdout[2m | src/components/PeerReview/RoomInvite.stories.tsx[2m > [22m[2mRoom Invite Standalone
[22m[39m[Mock Storage] downloadData called with: undefined
[90mstdout[2m | src/components/PeerReview/RoomInvite.stories.tsx[2m > [22m[2mRoom Invite Standalone
[22m[39m[MOCK CourseVectorStore] Initialized with mock data
[90mstdout[2m | src/components/PeerReview/RoomInvite.stories.tsx[2m > [22m[2mRoom Invite Standalone
[22m[39m[FilesContext] Vector store population triggered {
  "currentVectorStoreSize": 3,
  "documentsCount": 0,
  "filesCount": 6,
  "isInitialLoad": true,
}
[90mstdout[2m | src/components/PeerReview/RoomInvite.stories.tsx[2m > [22m[2mRoom Invite Standalone
[22m[39m[FilesContext] Vector store population complete - 3 total embeddings
[90mstdout[2m | src/components/PeerReview/RoomInvite.stories.tsx[2m > [22m[2mRoom Invite Standalone
[22m[39m[ChatContext] Chat exists and not archived, skipping creation
 [32m✓[39m [30m[45m storybook (chromium) [49m[39m src/components/PeerReview/RoomInvite.stories.tsx [2m([22m[2m1 test[22m[2m)[22m[32m 142[2mms[22m[39m
[90mstdout[2m | unknown test
[22m[39m[MOCK vectorStoreDB.js] Module loaded - mock IndexedDB operations
[90mstdout[2m | unknown test
[22m[39m[Task Completion] DOM action listeners initialized
[90mstdout[2m | unknown test
[22m[39m[Task Completion] Auto-completion detector initialized
[90mstdout[2m | unknown test
[22m[39m[Preview] Task completion detector initialized
[90mstdout[2m | src/stories/SidebarNavigation.stories.tsx[2m > [22m[2mSidebar Navigation
[22m[39m[MOCK CourseVectorStore] Initialized with mock data
[90mstdout[2m | src/stories/SidebarNavigation.stories.tsx[2m > [22m[2mSidebar Navigation
[22m[39m[TranslationModeController] Setting mode to: off
[90mstdout[2m | src/stories/SidebarNavigation.stories.tsx[2m > [22m[2mSidebar Navigation
[22m[39m[UnitContext] useEffect triggered {
  "authLoading": false,
  "hasUser": true,
  "id": "mock-unit-id",
  "userSub": "mock-user-sub",
}
[90mstdout[2m | src/stories/SidebarNavigation.stories.tsx[2m > [22m[2mSidebar Navigation
[22m[39m[UnitContext] Fetching unit data for id: mock-unit-id
[90mstdout[2m | src/stories/SidebarNavigation.stories.tsx[2m > [22m[2mSidebar Navigation
[22m[39m[FilesContext] Initializing vector store from IndexedDB
[90mstdout[2m | src/stories/SidebarNavigation.stories.tsx[2m > [22m[2mSidebar Navigation
[22m[39m[FilesContext] fetchFiles called
[90mstdout[2m | src/stories/SidebarNavigation.stories.tsx[2m > [22m[2mSidebar Navigation
[22m[39m[FilesContext] User authenticated: mock-user-sub
[90mstdout[2m | src/stories/SidebarNavigation.stories.tsx[2m > [22m[2mSidebar Navigation
[22m[39m[FilesContext] Identity ID: us-east-1:mock-identity-123
[90mstdout[2m | src/stories/SidebarNavigation.stories.tsx[2m > [22m[2mSidebar Navigation
[22m[39m[FilesContext] About to set up File observeQuery
[90mstdout[2m | src/stories/SidebarNavigation.stories.tsx[2m > [22m[2mSidebar Navigation
[22m[39m[ChatContext] Setting up AssistantChat observeQuery
[90mstdout[2m | src/stories/SidebarNavigation.stories.tsx[2m > [22m[2mSidebar Navigation
[22m[39m[ChatContext] Waiting for subscription to initialize
[90mstdout[2m | src/stories/SidebarNavigation.stories.tsx[2m > [22m[2mSidebar Navigation
[22m[39m[SettingsContext] Setting up Settings subscription for user: mock-user-sub
[90mstdout[2m | src/stories/SidebarNavigation.stories.tsx[2m > [22m[2mSidebar Navigation
[22m[39m[Mock Data] Settings created: mock-settings-1790418375614 - notified 0 subscribers
[90mstdout[2m | src/stories/SidebarNavigation.stories.tsx[2m > [22m[2mSidebar Navigation
[22m[39m[Mock Data] Unit.onUpdate() subscription added. Total: 1
[90mstdout[2m | src/stories/SidebarNavigation.stories.tsx[2m > [22m[2mSidebar Navigation
[22m[39m[SectionContext] Section observeQuery update: 0
[90mstdout[2m | src/stories/SidebarNavigation.stories.tsx[2m > [22m[2mSidebar Navigation
[22m[39m[FilesContext] File observeQuery update: 6 files
[90mstdout[2m | src/stories/SidebarNavigation.stories.tsx[2m > [22m[2mSidebar Navigation
[22m[39m[ChatContext] AssistantChat initialized with 1 chats
[90mstdout[2m | src/stories/SidebarNavigation.stories.tsx[2m > [22m[2mSidebar Navigation
[22m[39m[ChatContext] Setting initial chat: mock-assistant-chat-1
[90mstdout[2m | src/stories/SidebarNavigation.stories.tsx[2m > [22m[2mSidebar Navigation
[22m[39m[MOCK CourseVectorStore] Initialized with mock data
[90mstdout[2m | src/stories/SidebarNavigation.stories.tsx[2m > [22m[2mSidebar Navigation
[22m[39m[FilesContext] Vector store population triggered {
  "currentVectorStoreSize": 3,
  "documentsCount": 0,
  "filesCount": 6,
  "isInitialLoad": true,
}
[90mstdout[2m | src/stories/SidebarNavigation.stories.tsx[2m > [22m[2mSidebar Navigation
[22m[39m[FilesContext] Vector store population complete - 3 total embeddings
[90mstdout[2m | src/stories/SidebarNavigation.stories.tsx[2m > [22m[2mSidebar Navigation
[22m[39m[ChatContext] Chat exists and not archived, skipping creation
[90mstdout[2m | src/stories/SidebarNavigation.stories.tsx[2m > [22m[2mSidebar Navigation
[22m[39m[Mock Storage] downloadData called with: undefined
 [32m✓[39m [30m[45m storybook (chromium) [49m[39m src/stories/SidebarNavigation.stories.tsx [2m([22m[2m1 test[22m[2m)[22m[33m 469[2mms[22m[39m
   [33m[2m✓[22m[39m Sidebar Navigation [33m 468[2mms[22m[39m
[90mstdout[2m | unknown test
[22m[39m[MOCK vectorStoreDB.js] Module loaded - mock IndexedDB operations
[90mstdout[2m | unknown test
[22m[39m[Task Completion] DOM action listeners initialized
[90mstdout[2m | unknown test
[22m[39m[Task Completion] Auto-completion detector initialized
[90mstdout[2m | unknown test
[22m[39m[Preview] Task completion detector initialized
[90mstdout[2m | src/components/PeerReview/PeerReviewChat.stories.tsx[2m > [22m[2mChat Story
[22m[39m[MOCK CourseVectorStore] Initialized with mock data
[90mstdout[2m | src/components/PeerReview/PeerReviewChat.stories.tsx[2m > [22m[2mChat Story
[22m[39m[TranslationModeController] Setting mode to: off
[90mstdout[2m | src/components/PeerReview/PeerReviewChat.stories.tsx[2m > [22m[2mChat Story
[22m[39m[UnitContext] useEffect triggered {
  "authLoading": false,
  "hasUser": true,
  "id": "mock-unit-id",
  "userSub": "mock-user-sub",
}
[90mstdout[2m | src/components/PeerReview/PeerReviewChat.stories.tsx[2m > [22m[2mChat Story
[22m[39m[UnitContext] Fetching unit data for id: mock-unit-id
[90mstdout[2m | src/components/PeerReview/PeerReviewChat.stories.tsx[2m > [22m[2mChat Story
[22m[39m[FilesContext] Initializing vector store from IndexedDB
[90mstdout[2m | src/components/PeerReview/PeerReviewChat.stories.tsx[2m > [22m[2mChat Story
[22m[39m[FilesContext] fetchFiles called
[90mstdout[2m | src/components/PeerReview/PeerReviewChat.stories.tsx[2m > [22m[2mChat Story
[22m[39m[FilesContext] User authenticated: mock-user-sub
[90mstdout[2m | src/components/PeerReview/PeerReviewChat.stories.tsx[2m > [22m[2mChat Story
[22m[39m[FilesContext] Identity ID: us-east-1:mock-identity-123
[90mstdout[2m | src/components/PeerReview/PeerReviewChat.stories.tsx[2m > [22m[2mChat Story
[22m[39m[FilesContext] About to set up File observeQuery
[90mstdout[2m | src/components/PeerReview/PeerReviewChat.stories.tsx[2m > [22m[2mChat Story
[22m[39m[ChatContext] Setting up AssistantChat observeQuery
[90mstdout[2m | src/components/PeerReview/PeerReviewChat.stories.tsx[2m > [22m[2mChat Story
[22m[39m[ChatContext] Waiting for subscription to initialize
[90mstdout[2m | src/components/PeerReview/PeerReviewChat.stories.tsx[2m > [22m[2mChat Story
[22m[39m[SettingsContext] Setting up Settings subscription for user: mock-user-sub
[90mstdout[2m | src/components/PeerReview/PeerReviewChat.stories.tsx[2m > [22m[2mChat Story
[22m[39m[Mock Data] Settings created: mock-settings-1790418376643 - notified 0 subscribers
[90mstdout[2m | src/components/PeerReview/PeerReviewChat.stories.tsx[2m > [22m[2mChat Story
[22m[39m[Mock Data] Unit.onUpdate() subscription added. Total: 1
[90mstdout[2m | src/components/PeerReview/PeerReviewChat.stories.tsx[2m > [22m[2mChat Story
[22m[39m[SectionContext] Section observeQuery update: 0
[90mstdout[2m | src/components/PeerReview/PeerReviewChat.stories.tsx[2m > [22m[2mChat Story
[22m[39m[FilesContext] File observeQuery update: 6 files
[90mstdout[2m | src/components/PeerReview/PeerReviewChat.stories.tsx[2m > [22m[2mChat Story
[22m[39m[ChatContext] AssistantChat initialized with 1 chats
[90mstdout[2m | src/components/PeerReview/PeerReviewChat.stories.tsx[2m > [22m[2mChat Story
[22m[39m[ChatContext] Setting initial chat: mock-assistant-chat-1
[90mstdout[2m | src/components/PeerReview/PeerReviewChat.stories.tsx[2m > [22m[2mChat Story
[22m[39m[MOCK CourseVectorStore] Initialized with mock data
[90mstdout[2m | src/components/PeerReview/PeerReviewChat.stories.tsx[2m > [22m[2mChat Story
[22m[39m[FilesContext] Vector store population triggered {
  "currentVectorStoreSize": 3,
  "documentsCount": 0,
  "filesCount": 6,
  "isInitialLoad": true,
}
[90mstdout[2m | src/components/PeerReview/PeerReviewChat.stories.tsx[2m > [22m[2mChat Story
[22m[39m[FilesContext] Vector store population complete - 3 total embeddings
[90mstdout[2m | src/components/PeerReview/PeerReviewChat.stories.tsx[2m > [22m[2mChat Story
[22m[39m[ChatContext] Chat exists and not archived, skipping creation
[90mstdout[2m | src/components/PeerReview/PeerReviewChat.stories.tsx[2m > [22m[2mChat Story
[22m[39m[Mock Storage] downloadData called with: undefined
 [32m✓[39m [30m[45m storybook (chromium) [49m[39m src/components/PeerReview/PeerReviewChat.stories.tsx [2m([22m[2m1 test[22m[2m)[22m[33m 311[2mms[22m[39m
   [33m[2m✓[22m[39m Chat Story [33m 310[2mms[22m[39m
[90mstdout[2m | unknown test
[22m[39m[MOCK vectorStoreDB.js] Module loaded - mock IndexedDB operations
[90mstdout[2m | unknown test
[22m[39m[Task Completion] DOM action listeners initialized
[90mstdout[2m | unknown test
[22m[39m[Task Completion] Auto-completion detector initialized
[90mstdout[2m | unknown test
[22m[39m[Preview] Task completion detector initialized
[90mstdout[2m | src/components/Gamification/EasterEggLayer.stories.tsx[2m > [22m[2mDefault
[22m[39m[MOCK CourseVectorStore] Initialized with mock data
[90mstdout[2m | src/components/Gamification/EasterEggLayer.stories.tsx[2m > [22m[2mDefault
[22m[39m[TranslationModeController] Setting mode to: off
[90mstdout[2m | src/components/Gamification/EasterEggLayer.stories.tsx[2m > [22m[2mDefault
[22m[39m[UnitContext] useEffect triggered {
  "authLoading": false,
  "hasUser": true,
  "id": "mock-unit-id",
  "userSub": "mock-user-sub",
}
[90mstdout[2m | src/components/Gamification/EasterEggLayer.stories.tsx[2m > [22m[2mDefault
[22m[39m[UnitContext] Fetching unit data for id: mock-unit-id
[90mstdout[2m | src/components/Gamification/EasterEggLayer.stories.tsx[2m > [22m[2mDefault
[22m[39m[FilesContext] Initializing vector store from IndexedDB
[90mstdout[2m | src/components/Gamification/EasterEggLayer.stories.tsx[2m > [22m[2mDefault
[22m[39m[FilesContext] fetchFiles called
[90mstdout[2m | src/components/Gamification/EasterEggLayer.stories.tsx[2m > [22m[2mDefault
[22m[39m[FilesContext] User authenticated: mock-user-sub
[90mstdout[2m | src/components/Gamification/EasterEggLayer.stories.tsx[2m > [22m[2mDefault
[22m[39m[FilesContext] Identity ID: us-east-1:mock-identity-123
[90mstdout[2m | src/components/Gamification/EasterEggLayer.stories.tsx[2m > [22m[2mDefault
[22m[39m[FilesContext] About to set up File observeQuery
[90mstdout[2m | src/components/Gamification/EasterEggLayer.stories.tsx[2m > [22m[2mDefault
[22m[39m[ChatContext] Setting up AssistantChat observeQuery
[90mstdout[2m | src/components/Gamification/EasterEggLayer.stories.tsx[2m > [22m[2mDefault
[22m[39m[ChatContext] Waiting for subscription to initialize
[90mstdout[2m | src/components/Gamification/EasterEggLayer.stories.tsx[2m > [22m[2mDefault
[22m[39m[SettingsContext] Setting up Settings subscription for user: mock-user-sub
[90mstdout[2m | src/components/Gamification/EasterEggLayer.stories.tsx[2m > [22m[2mDefault
[22m[39m[Mock Data] Settings created: mock-settings-1790418377596 - notified 0 subscribers
[90mstdout[2m | src/components/Gamification/EasterEggLayer.stories.tsx[2m > [22m[2mDefault
[22m[39m[Mock Data] Unit.onUpdate() subscription added. Total: 1
[90mstdout[2m | src/components/Gamification/EasterEggLayer.stories.tsx[2m > [22m[2mDefault
[22m[39m[SectionContext] Section observeQuery update: 0
[90mstdout[2m | src/components/Gamification/EasterEggLayer.stories.tsx[2m > [22m[2mDefault
[22m[39m[FilesContext] File observeQuery update: 6 files
[90mstdout[2m | src/components/Gamification/EasterEggLayer.stories.tsx[2m > [22m[2mDefault
[22m[39m[ChatContext] AssistantChat initialized with 1 chats
[90mstdout[2m | src/components/Gamification/EasterEggLayer.stories.tsx[2m > [22m[2mDefault
[22m[39m[ChatContext] Setting initial chat: mock-assistant-chat-1
[90mstdout[2m | src/components/Gamification/EasterEggLayer.stories.tsx[2m > [22m[2mDefault
[22m[39m[MOCK CourseVectorStore] Initialized with mock data
[90mstdout[2m | src/components/Gamification/EasterEggLayer.stories.tsx[2m > [22m[2mDefault
[22m[39m[FilesContext] Vector store population triggered {
  "currentVectorStoreSize": 3,
  "documentsCount": 0,
  "filesCount": 6,
  "isInitialLoad": true,
}
[90mstdout[2m | src/components/Gamification/EasterEggLayer.stories.tsx[2m > [22m[2mDefault
[22m[39m[FilesContext] Vector store population complete - 3 total embeddings
[90mstdout[2m | src/components/Gamification/EasterEggLayer.stories.tsx[2m > [22m[2mDefault
[22m[39m[ChatContext] Chat exists and not archived, skipping creation
[90mstdout[2m | src/components/Gamification/EasterEggLayer.stories.tsx[2m > [22m[2mDefault
[22m[39m[Mock Storage] downloadData called with: undefined
 [32m✓[39m [30m[45m storybook (chromium) [49m[39m src/components/Gamification/EasterEggLayer.stories.tsx [2m([22m[2m1 test[22m[2m)[22m[32m 147[2mms[22m[39m
[90mstdout[2m | unknown test
[22m[39m[MOCK vectorStoreDB.js] Module loaded - mock IndexedDB operations
[90mstdout[2m | unknown test
[22m[39m[Task Completion] DOM action listeners initialized
[90mstdout[2m | unknown test
[22m[39m[Task Completion] Auto-completion detector initialized
[90mstdout[2m | unknown test
[22m[39m[Preview] Task completion detector initialized
[90mstdout[2m | src/components/Gamification/EasterEggTrigger.stories.tsx[2m > [22m[2mDefault
[22m[39m[TranslationModeController] Setting mode to: off
[90mstdout[2m | src/components/Gamification/EasterEggTrigger.stories.tsx[2m > [22m[2mAlready Found
[22m[39m[TranslationModeController] Setting mode to: off
 [32m✓[39m [30m[45m storybook (chromium) [49m[39m src/components/Gamification/EasterEggTrigger.stories.tsx [2m([22m[2m2 tests[22m[2m)[22m[32m 185[2mms[22m[39m
[90mstdout[2m | unknown test
[22m[39m[MOCK vectorStoreDB.js] Module loaded - mock IndexedDB operations
[90mstdout[2m | unknown test
[22m[39m[Task Completion] DOM action listeners initialized
[90mstdout[2m | unknown test
[22m[39m[Task Completion] Auto-completion detector initialized
[90mstdout[2m | unknown test
[22m[39m[Preview] Task completion detector initialized
[90mstdout[2m | src/components/Gamification/XPToast.stories.tsx[2m > [22m[2mXP Toast Open
[22m[39m[MOCK CourseVectorStore] Initialized with mock data
[90mstdout[2m | src/components/Gamification/XPToast.stories.tsx[2m > [22m[2mXP Toast Open
[22m[39m[TranslationModeController] Setting mode to: off
[90mstdout[2m | src/components/Gamification/XPToast.stories.tsx[2m > [22m[2mXP Toast Open
[22m[39m[UnitContext] useEffect triggered {
  "authLoading": false,
  "hasUser": true,
  "id": "mock-unit-id",
  "userSub": "mock-user-sub",
}
[90mstdout[2m | src/components/Gamification/XPToast.stories.tsx[2m > [22m[2mXP Toast Open
[22m[39m[UnitContext] Fetching unit data for id: mock-unit-id
[90mstdout[2m | src/components/Gamification/XPToast.stories.tsx[2m > [22m[2mXP Toast Open
[22m[39m[FilesContext] Initializing vector store from IndexedDB
[90mstdout[2m | src/components/Gamification/XPToast.stories.tsx[2m > [22m[2mXP Toast Open
[22m[39m[FilesContext] fetchFiles called
[90mstdout[2m | src/components/Gamification/XPToast.stories.tsx[2m > [22m[2mXP Toast Open
[22m[39m[FilesContext] User authenticated: mock-user-sub
[90mstdout[2m | src/components/Gamification/XPToast.stories.tsx[2m > [22m[2mXP Toast Open
[22m[39m[FilesContext] Identity ID: us-east-1:mock-identity-123
[90mstdout[2m | src/components/Gamification/XPToast.stories.tsx[2m > [22m[2mXP Toast Open
[22m[39m[FilesContext] About to set up File observeQuery
[90mstdout[2m | src/components/Gamification/XPToast.stories.tsx[2m > [22m[2mXP Toast Open
[22m[39m[ChatContext] Setting up AssistantChat observeQuery
[90mstdout[2m | src/components/Gamification/XPToast.stories.tsx[2m > [22m[2mXP Toast Open
[22m[39m[ChatContext] Waiting for subscription to initialize
[90mstdout[2m | src/components/Gamification/XPToast.stories.tsx[2m > [22m[2mXP Toast Open
[22m[39m[SettingsContext] Setting up Settings subscription for user: mock-user-sub
[90mstdout[2m | src/components/Gamification/XPToast.stories.tsx[2m > [22m[2mXP Toast Open
[22m[39m[Mock Data] Settings created: mock-settings-1790418379132 - notified 0 subscribers
[90mstdout[2m | src/components/Gamification/XPToast.stories.tsx[2m > [22m[2mXP Toast Open
[22m[39m[Mock Data] Unit.onUpdate() subscription added. Total: 1
[90mstdout[2m | src/components/Gamification/XPToast.stories.tsx[2m > [22m[2mXP Toast Open
[22m[39m[SectionContext] Section observeQuery update: 0
[90mstdout[2m | src/components/Gamification/XPToast.stories.tsx[2m > [22m[2mXP Toast Open
[22m[39m[FilesContext] File observeQuery update: 6 files
[90mstdout[2m | src/components/Gamification/XPToast.stories.tsx[2m > [22m[2mXP Toast Open
[22m[39m[ChatContext] AssistantChat initialized with 1 chats
[90mstdout[2m | src/components/Gamification/XPToast.stories.tsx[2m > [22m[2mXP Toast Open
[22m[39m[ChatContext] Setting initial chat: mock-assistant-chat-1
[90mstdout[2m | src/components/Gamification/XPToast.stories.tsx[2m > [22m[2mXP Toast Open
[22m[39m[MOCK CourseVectorStore] Initialized with mock data
[90mstdout[2m | src/components/Gamification/XPToast.stories.tsx[2m > [22m[2mXP Toast Open
[22m[39m[FilesContext] Vector store population triggered {
  "currentVectorStoreSize": 3,
  "documentsCount": 0,
  "filesCount": 6,
  "isInitialLoad": true,
}
[90mstdout[2m | src/components/Gamification/XPToast.stories.tsx[2m > [22m[2mXP Toast Open
[22m[39m[FilesContext] Vector store population complete - 3 total embeddings
[90mstdout[2m | src/components/Gamification/XPToast.stories.tsx[2m > [22m[2mXP Toast Open
[22m[39m[ChatContext] Chat exists and not archived, skipping creation
[90mstdout[2m | src/components/Gamification/XPToast.stories.tsx[2m > [22m[2mXP Toast Open
[22m[39m[Mock Storage] downloadData called with: undefined
 [32m✓[39m [30m[45m storybook (chromium) [49m[39m src/components/Gamification/XPToast.stories.tsx [2m([22m[2m1 test[22m[2m)[22m[32m 224[2mms[22m[39m
[90mstdout[2m | unknown test
[22m[39m[MOCK vectorStoreDB.js] Module loaded - mock IndexedDB operations
[90mstdout[2m | unknown test
[22m[39m[Task Completion] DOM action listeners initialized
[90mstdout[2m | unknown test
[22m[39m[Task Completion] Auto-completion detector initialized
[90mstdout[2m | unknown test
[22m[39m[Preview] Task completion detector initialized
[90mstdout[2m | src/components/Gamification/SecretLinkIcon.stories.tsx[2m > [22m[2mDefault
[22m[39m[Mock Auth] fetchAuthSession called with options: undefined
[90mstdout[2m | src/components/Gamification/SecretLinkIcon.stories.tsx[2m > [22m[2mDefault
[22m[39m[TranslationModeController] Setting mode to: off
 [32m✓[39m [30m[45m storybook (chromium) [49m[39m src/components/Gamification/SecretLinkIcon.stories.tsx [2m([22m[2m1 test[22m[2m)[22m[32m 108[2mms[22m[39m
[90mstdout[2m | unknown test
[22m[39m[MOCK vectorStoreDB.js] Module loaded - mock IndexedDB operations
[90mstdout[2m | unknown test
[22m[39m[Task Completion] DOM action listeners initialized
[90mstdout[2m | unknown test
[22m[39m[Task Completion] Auto-completion detector initialized
[90mstdout[2m | unknown test
[22m[39m[Preview] Task completion detector initialized
[90mstdout[2m | src/components/Gamification/UnitMemoryCard.stories.tsx[2m > [22m[2mDefault
[22m[39m[TranslationModeController] Setting mode to: off
 [32m✓[39m [30m[45m storybook (chromium) [49m[39m src/components/Gamification/UnitMemoryCard.stories.tsx [2m([22m[2m1 test[22m[2m)[22m[32m 78[2mms[22m[39m

[2m Test Files [22m [1m[31m4 failed[39m[22m[2m | [22m[1m[32m272 passed[39m[22m[90m (276)[39m
[2m      Tests [22m [1m[31m115 failed[39m[22m[2m | [22m[1m[32m1611 passed[39m[22m[90m (1726)[39m
[2m   Start at [22m 03:02:50
[2m   Duration [22m 1672.18s

[1m[30m[41m FAIL [49m[39m[22m [31mTests failed. Watching for file changes...[39m
       [2mpress [22m[1mh[22m[2m to show help[22m[2m, [22m[2mpress [22m[1mq[22m[2m to quit[22m
c[3J[1m[30m[44m RERUN [49m[39m[22m [34m[2m.storybook/__mocks__/aws-amplify-data.js [22m[39m

 [31m❯[39m [30m[45m integration [49m[39m test/integration/websocket-collaboration.test.ts [2m([22m[2m9 tests[22m[2m | [22m[31m7 failed[39m[2m)[22m[33m 6347[2mms[22m[39m
[31m     [31m×[31m connects to WebSocket API with auth token[39m[33m 2202[2mms[22m[39m
[31m     [31m×[31m sends sync message and receives broadcast on second client[39m[33m 467[2mms[22m[39m
[31m     [31m×[31m sends presence updates and verifies broadcast[39m[33m 591[2mms[22m[39m
[31m     [31m×[31m ping returns pong (keep-alive)[39m[33m 422[2mms[22m[39m
[31m     [31m×[31m clients in different rooms don't receive cross-talk[39m[33m 461[2mms[22m[39m
[31m     [31m×[31m multiple clients in same room all receive broadcasts[39m[33m 456[2mms[22m[39m
       [33m[2m✓[22m[39m rejects connection with no auth token (anonymous) [33m 958[2mms[22m[39m
       [33m[2m✓[22m[39m rejects connection with invalid token [33m 309[2mms[22m[39m
[31m       [31m×[31m denies access to a unit room the user is not authorized for[39m[33m 470[2mms[22m[39m
 [31m❯[39m [30m[45m integration [49m[39m test/integration/api.test.ts [2m([22m[2m56 tests[22m[2m | [22m[31m55 failed[39m[2m)[22m[33m 70287[2mms[22m[39m
[31m       [31m×[31m Login with valid instructor credentials[39m[33m 2289[2mms[22m[39m
[31m       [31m×[31m Login with valid learner credentials[39m[33m 924[2mms[22m[39m
[31m       [31m×[31m Login with admin credentials[39m[33m 1798[2mms[22m[39m
[31m       [31m×[31m Session persistence across page refreshes[39m[33m 837[2mms[22m[39m
       [33m[2m✓[22m[39m Login failure with invalid credentials [33m 1682[2mms[22m[39m
[31m       [31m×[31m Instructor can create units[39m[33m 1014[2mms[22m[39m
[31m       [31m×[31m Instructor can edit owned units[39m[33m 860[2mms[22m[39m
[31m       [31m×[31m Learner can view published units[39m[33m 804[2mms[22m[39m
[31m       [31m×[31m Admin has full access to all resources[39m[33m 797[2mms[22m[39m
[31m       [31m×[31m Instructor can create file metadata for protected storage[39m[33m 791[2mms[22m[39m
[31m       [31m×[31m Public files accessible to all authenticated users[39m[33m 1075[2mms[22m[39m
[31m       [31m×[31m Learner can upload to protected storage[39m[33m 933[2mms[22m[39m
[31m       [31m×[31m Protected files only accessible to owner[39m[33m 825[2mms[22m[39m
[31m       [31m×[31m Private files only accessible to owner[39m[33m 793[2mms[22m[39m
[31m       [31m×[31m Create unit with Amplify Gen 2 client[39m[33m 809[2mms[22m[39m
[31m       [31m×[31m Read unit by ID[39m[33m 1138[2mms[22m[39m
[31m       [31m×[31m List all units with pagination[39m[33m 837[2mms[22m[39m
[31m       [31m×[31m Update unit contentVersion (content stored in S3)[39m[33m 883[2mms[22m[39m
[31m       [31m×[31m Delete unit[39m[33m 955[2mms[22m[39m
[31m       [31m×[31m ObserveQuery real-time subscription works[39m[33m 875[2mms[22m[39m
[31m       [31m×[31m Create assignment for section[39m[33m 1896[2mms[22m[39m
[31m       [31m×[31m Update assignment due date[39m[33m 1717[2mms[22m[39m
[31m       [31m×[31m Query assignments by section[39m[33m 1827[2mms[22m[39m
[31m       [31m×[31m Query assignments by learner[39m[33m 1758[2mms[22m[39m
[31m       [31m×[31m Delete assignment[39m[33m 1583[2mms[22m[39m
[31m       [31m×[31m Submit grade (student creates)[39m[33m 1730[2mms[22m[39m
[31m       [31m×[31m Update grade data (student progress)[39m[33m 1639[2mms[22m[39m
[31m       [31m×[31m Calculate accuracy from rubric[39m[33m 1808[2mms[22m[39m
[31m       [31m×[31m Complete grade (mark as complete)[39m[33m 1714[2mms[22m[39m
[31m       [31m×[31m Query grades by learner[39m[33m 1541[2mms[22m[39m
[31m       [31m×[31m Instructor can view all grades for assignment[39m[33m 1655[2mms[22m[39m
[31m       [31m×[31m Create section with join code[39m[33m 884[2mms[22m[39m
[31m       [31m×[31m Query sections by instructor[39m[33m 950[2mms[22m[39m
[31m       [31m×[31m Update section metadata[39m[33m 811[2mms[22m[39m
[31m       [31m×[31m Delete section[39m[33m 773[2mms[22m[39m
[31m       [31m×[31m Create vocabulary word[39m[33m 891[2mms[22m[39m
[31m       [31m×[31m Create question with answers[39m[33m 897[2mms[22m[39m
[31m       [31m×[31m Associate word with unit (UnitWord join)[39m[33m 859[2mms[22m[39m
[31m       [31m×[31m Update word with audio files[39m[33m 873[2mms[22m[39m
[31m       [31m×[31m Delete word[39m[33m 826[2mms[22m[39m
[31m       [31m×[31m Create question with images[39m[33m 976[2mms[22m[39m
[31m       [31m×[31m Update question answers[39m[33m 939[2mms[22m[39m
[31m       [31m×[31m Delete question[39m[33m 854[2mms[22m[39m
[31m       [31m×[31m Create File record linked to S3 object[39m[33m 876[2mms[22m[39m
[31m       [31m×[31m Associate file with unit (UnitFile join)[39m[33m 1005[2mms[22m[39m
[31m       [31m×[31m Associate question with unit (QuestionUnit join)[39m[33m 1022[2mms[22m[39m
[31m       [31m×[31m Unit with nested words (ManyToMany)[39m[33m 2383[2mms[22m[39m
[31m     [31m×[31m Instructor of the section can get submission URL[39m[33m 1967[2mms[22m[39m
[31m     [31m×[31m Learner cannot call getStudentSubmissionUrl (AppSync blocks it)[39m[33m 1988[2mms[22m[39m
[31m     [31m×[31m Path traversal rejected: key not under grade owner identity[39m[33m 1775[2mms[22m[39m
[31m     [31m×[31m Instructor NOT in the grade's section is rejected[39m[33m 1889[2mms[22m[39m
[31m     [31m×[31m Student cannot access another student's private/ file via getUrl[39m[33m 2262[2mms[22m[39m
[31m     [31m×[31m Authenticated instructor receives policy, signature, and keyPairId[39m[33m 890[2mms[22m[39m
[31m     [31m×[31m Policy decodes to a valid CloudFront custom-policy JSON[39m[33m 817[2mms[22m[39m
[31m     [31m×[31m Authenticated learner also receives valid cookie values[39m[33m 1806[2mms[22m[39m
[31m     [31m×[31m Unauthenticated request is rejected by AppSync[39m[33m 1263[2mms[22m[39m
 [31m❯[39m [30m[45m integration [49m[39m test/integration/lambda.test.ts [2m([22m[2m52 tests[22m[2m | [22m[31m52 failed[39m[2m)[22m[33m 45927[2mms[22m[39m
[31m       [31m×[31m Send chat message with streaming response[39m[33m 2131[2mms[22m[39m
[31m       [31m×[31m Chat with context awareness[39m[33m 980[2mms[22m[39m
[31m       [31m×[31m Error handling for empty message[39m[33m 792[2mms[22m[39m
[31m       [31m×[31m Generate content completion for editor[39m[33m 787[2mms[22m[39m
[31m       [31m×[31m Content completion with context-aware suggestions[39m[33m 816[2mms[22m[39m
[31m       [31m×[31m Content completion respects user preferences[39m[33m 753[2mms[22m[39m
[31m       [31m×[31m Error handling for incomplete prompts[39m[33m 890[2mms[22m[39m
[31m       [31m×[31m Suggest quiz blocks for unit[39m[33m 928[2mms[22m[39m
[31m       [31m×[31m Suggest meaning-association blocks[39m[33m 875[2mms[22m[39m
[31m       [31m×[31m Suggest custom-answer blocks[39m[33m 760[2mms[22m[39m
[31m       [31m×[31m Validate block structure matches schema[39m[33m 787[2mms[22m[39m
[31m       [31m×[31m POST /chat streams chunks incrementally (not buffered)[39m[33m 776[2mms[22m[39m
[31m       [31m×[31m POST /content-completion streams chunks incrementally[39m[33m 754[2mms[22m[39m
[31m       [31m×[31m POST /suggest-blocks streams chunks incrementally[39m[33m 1224[2mms[22m[39m
[31m       [31m×[31m SSE events arrive in parseable order mid-stream[39m[33m 918[2mms[22m[39m
[31m       [31m×[31m Create dynamic section group[39m[33m 816[2mms[22m[39m
[31m       [31m×[31m Add self to section via join code[39m[33m 791[2mms[22m[39m
[31m       [31m×[31m Generate embedding for single text[39m[33m 821[2mms[22m[39m
[31m       [31m×[31m Generate embeddings with default dimensions[39m[33m 1100[2mms[22m[39m
[31m       [31m×[31m Verify embedding model is correct[39m[33m 827[2mms[22m[39m
[31m       [31m×[31m Generate embeddings for file[39m[33m 883[2mms[22m[39m
[31m       [31m×[31m Semantic search using embeddings[39m[33m 939[2mms[22m[39m
[31m       [31m×[31m Generate audio base64 from text (TTS)[39m[33m 913[2mms[22m[39m
[31m       [31m×[31m Transcribe audio URL (Whisper)[39m[33m 850[2mms[22m[39m
[31m       [31m×[31m Analyze image URL (GPT-4 Vision)[39m[33m 967[2mms[22m[39m
[31m       [31m×[31m Verify image content[39m[33m 824[2mms[22m[39m
[31m       [31m×[31m Verify short answer[39m[33m 854[2mms[22m[39m
[31m       [31m×[31m Verify word translation[39m[33m 766[2mms[22m[39m
[31m       [31m×[31m Verify audio content[39m[33m 868[2mms[22m[39m
[31m       [31m×[31m Error handling for failed operations[39m[33m 894[2mms[22m[39m
[31m       [31m×[31m Initiate document analysis[39m[33m 816[2mms[22m[39m
[31m       [31m×[31m Document analysis returns proper result structure[39m[33m 806[2mms[22m[39m
[31m       [31m×[31m Cancel document analysis[39m[33m 808[2mms[22m[39m
[31m       [31m×[31m Error handling for invalid file ID[39m[33m 945[2mms[22m[39m
[31m       [31m×[31m Generate embeddings for document[39m[33m 847[2mms[22m[39m
[31m       [31m×[31m Check text content for policy violations[39m[33m 749[2mms[22m[39m
[31m       [31m×[31m Moderation result has required fields[39m[33m 873[2mms[22m[39m
[31m       [31m×[31m Flag inappropriate content[39m[33m 720[2mms[22m[39m
[31m       [31m×[31m Store moderation results[39m[33m 1050[2mms[22m[39m
[31m       [31m×[31m Auto-reject flagged content[39m[33m 912[2mms[22m[39m
[31m       [31m×[31m Handle empty content[39m[33m 801[2mms[22m[39m
[31m       [31m×[31m Moderate image via URL returns moderation result[39m[33m 781[2mms[22m[39m
[31m       [31m×[31m Moderate image handles empty URL gracefully[39m[33m 778[2mms[22m[39m
[31m       [31m×[31m Moderate image rejects invalid URL format[39m[33m 770[2mms[22m[39m
[31m       [31m×[31m Moderate audio via URL transcribes and returns moderation result[39m[33m 927[2mms[22m[39m
[31m       [31m×[31m Moderate audio handles empty URL gracefully[39m[33m 895[2mms[22m[39m
[31m       [31m×[31m Moderate audio rejects invalid URL format[39m[33m 898[2mms[22m[39m
[31m       [31m×[31m verifyAudioUrl includes moderation result in response[39m[33m 751[2mms[22m[39m
[31m       [31m×[31m Text moderation uses omni-moderation-latest model[39m[33m 766[2mms[22m[39m
[31m       [31m×[31m moderateContent with modelName+recordId persists to Unit.moderation[39m[33m 853[2mms[22m[39m
[31m       [31m×[31m moderateContent with modelName+recordId persists flagged status[39m[33m 1003[2mms[22m[39m
[31m       [31m×[31m moderateContent without modelName+recordId does NOT modify records[39m[33m 880[2mms[22m[39m
[90mstdout[2m | unknown test
[22m[39m[MOCK vectorStoreDB.js] Module loaded - mock IndexedDB operations
[90mstdout[2m | unknown test
[22m[39m[Task Completion] DOM action listeners initialized
[90mstdout[2m | unknown test
[22m[39m[Task Completion] Auto-completion detector initialized
[90mstdout[2m | unknown test
[22m[39m[Preview] Task completion detector initialized
[90mstdout[2m | test/integration/server-actions.test.ts
[22m[39m✓ Loaded .env.test

[90mstdout[2m | test/integration/custom-ai-block.test.tsx
[22m[39m✓ Loaded .env.test

[90mstdout[2m | src/components/Gamification/__tests__/NewFeatures.test.tsx
[22m[39m✓ Loaded .env.test

[90mstdout[2m | test/integration/dictionary-editor.test.tsx
[22m[39m✓ Loaded .env.test

[90mstdout[2m | test/integration/grade-tracking.test.tsx
[22m[39m✓ Loaded .env.test

[90mstdout[2m | test/integration/file-manager.test.tsx
[22m[39m✓ Loaded .env.test

[90mstdout[2m | test/integration/question-editor.test.tsx
[22m[39m✓ Loaded .env.test

[90mstdout[2m | test/integration/section-management.test.tsx
[22m[39m✓ Loaded .env.test

 [32m✓[39m [30m[45m integration [49m[39m test/integration/server-actions.test.ts [2m([22m[2m32 tests[22m[2m)[22m[32m 96[2mms[22m[39m
 [32m✓[39m [30m[45m integration [49m[39m test/integration/grade-tracking.test.tsx [2m([22m[2m14 tests[22m[2m)[22m[33m 498[2mms[22m[39m
 [32m✓[39m [30m[45m integration [49m[39m test/integration/section-management.test.tsx [2m([22m[2m16 tests[22m[2m)[22m[33m 800[2mms[22m[39m
[90mstdout[2m | src/components/Gamification/__tests__/BossBattleForm.test.tsx
[22m[39m✓ Loaded .env.test

[90mstdout[2m | src/components/Gamification/__tests__/MissingUnitTests.test.tsx
[22m[39m✓ Loaded .env.test

 [32m✓[39m [30m[45m integration [49m[39m test/integration/custom-ai-block.test.tsx [2m([22m[2m10 tests[22m[2m)[22m[33m 1862[2mms[22m[39m
     [33m[2m✓[22m[39m renders without crashing [33m 1573[2mms[22m[39m
[90mstdout[2m | test/unit/custom-ai-grading.test.ts
[22m[39m✓ Loaded .env.test

[90mstdout[2m | src/components/RecordingStudio3.stories.jsx[2m > [22m[2mCoffee Shop Dialogue
[22m[39m[MOCK CourseVectorStore] Initialized with mock data
[90mstdout[2m | src/components/Editor3/components/__tests__/GradeHistory.test.tsx
[22m[39m✓ Loaded .env.test

[90mstdout[2m | src/components/RecordingStudio3.stories.jsx[2m > [22m[2mCoffee Shop Dialogue
[22m[39m[TranslationModeController] Setting mode to: off
[90mstdout[2m | src/components/RecordingStudio3.stories.jsx[2m > [22m[2mCoffee Shop Dialogue
[22m[39m[UnitContext] useEffect triggered {
  "authLoading": false,
  "hasUser": true,
  "id": "mock-unit-id",
  "userSub": "mock-user-sub",
}
[90mstdout[2m | src/components/RecordingStudio3.stories.jsx[2m > [22m[2mCoffee Shop Dialogue
[22m[39m[UnitContext] Fetching unit data for id: mock-unit-id
[90mstdout[2m | src/components/RecordingStudio3.stories.jsx[2m > [22m[2mCoffee Shop Dialogue
[22m[39m[FilesContext] Initializing vector store from IndexedDB
[90mstdout[2m | src/components/RecordingStudio3.stories.jsx[2m > [22m[2mCoffee Shop Dialogue
[22m[39m[FilesContext] fetchFiles called
[90mstdout[2m | src/components/RecordingStudio3.stories.jsx[2m > [22m[2mCoffee Shop Dialogue
[22m[39m[FilesContext] User authenticated: mock-user-sub
[90mstdout[2m | src/components/RecordingStudio3.stories.jsx[2m > [22m[2mCoffee Shop Dialogue
[22m[39m[FilesContext] Identity ID: us-east-1:mock-identity-123
[90mstdout[2m | src/components/RecordingStudio3.stories.jsx[2m > [22m[2mCoffee Shop Dialogue
[22m[39m[FilesContext] About to set up File observeQuery
[90mstdout[2m | src/components/RecordingStudio3.stories.jsx[2m > [22m[2mCoffee Shop Dialogue
[22m[39m[ChatContext] Setting up AssistantChat observeQuery
[90mstdout[2m | src/components/RecordingStudio3.stories.jsx[2m > [22m[2mCoffee Shop Dialogue
[22m[39m[ChatContext] Waiting for subscription to initialize
[90mstdout[2m | src/components/RecordingStudio3.stories.jsx[2m > [22m[2mCoffee Shop Dialogue
[22m[39m[SettingsContext] Setting up Settings subscription for user: mock-user-sub
[90mstdout[2m | src/components/RecordingStudio3.stories.jsx[2m > [22m[2mCoffee Shop Dialogue
[22m[39m[Mock Data] Settings created: mock-settings-1790418386243 - notified 0 subscribers
[90mstdout[2m | src/components/RecordingStudio3.stories.jsx[2m > [22m[2mCoffee Shop Dialogue
[22m[39m[Mock Data] Unit.onUpdate() subscription added. Total: 1
[90mstdout[2m | src/components/RecordingStudio3.stories.jsx[2m > [22m[2mCoffee Shop Dialogue
[22m[39m[SectionContext] Section observeQuery update: 0
[90mstdout[2m | src/components/RecordingStudio3.stories.jsx[2m > [22m[2mCoffee Shop Dialogue
[22m[39m[FilesContext] File observeQuery update: 6 files
[90mstdout[2m | src/components/RecordingStudio3.stories.jsx[2m > [22m[2mCoffee Shop Dialogue
[22m[39m[ChatContext] AssistantChat initialized with 1 chats
[90mstdout[2m | src/components/RecordingStudio3.stories.jsx[2m > [22m[2mCoffee Shop Dialogue
[22m[39m[ChatContext] Setting initial chat: mock-assistant-chat-1
[90mstdout[2m | src/components/RecordingStudio3.stories.jsx[2m > [22m[2mCoffee Shop Dialogue
[22m[39m[MOCK CourseVectorStore] Initialized with mock data
[90mstdout[2m | src/components/RecordingStudio3.stories.jsx[2m > [22m[2mCoffee Shop Dialogue
[22m[39m[FilesContext] Vector store population triggered {
  "currentVectorStoreSize": 3,
  "documentsCount": 0,
  "filesCount": 6,
  "isInitialLoad": true,
}
[90mstdout[2m | src/components/RecordingStudio3.stories.jsx[2m > [22m[2mCoffee Shop Dialogue
[22m[39m[FilesContext] Vector store population complete - 3 total embeddings
[90mstdout[2m | src/components/RecordingStudio3.stories.jsx[2m > [22m[2mCoffee Shop Dialogue
[22m[39m[ChatContext] Chat exists and not archived, skipping creation
[90mstdout[2m | src/components/RecordingStudio3.stories.jsx[2m > [22m[2mCoffee Shop Dialogue
[22m[39m[Mock Storage] downloadData called with: undefined
[90mstdout[2m | src/components/RecordingStudio3.stories.jsx[2m > [22m[2mJapanese Vocabulary Word
[22m[39mScript changed: {
  "dialogue": [
    {
      "activeTakeIndex": null,
      "direction": "entering, slightly out of breath",
      "emotion": "cheerful",
      "id": 1,
      "speaker": "alice",
      "takes": [],
      "text": "Hello, how are you doing today?",
      "timing": {
        "end": 2.4,
        "start": 0,
      },
    },
    {
      "activeTakeIndex": null,
      "direction": "looks up from newspaper",
      "emotion": "warm",
      "id": 2,
      "speaker": "bob",
      "takes": [],
      "text": "I'm doing well, thanks for asking.",
      "timing": {
        "end": 5.3,
        "start": 2.9,
      },
    },
    {
      "activeTakeIndex": null,
      "direction": "pauses, sets down newspaper",
      "emotion": "curious",
      "id": 3,
      "speaker": "bob",
      "takes": [],
      "text": "What brings you here?",
      "timing": {
        "end": 7.4,
        "start": 5.8,
      },
    },
    {
      "activeTakeIndex": null,
      "direction": "sighs, pulls out chair",
      "emotion": "tired but relieved",
      "id": 4,
      "speaker": "alice",
      "takes": [],
      "text": "Just needed a break from work.",
      "timing": {
        "end": 10.3,
        "start": 7.9,
      },
    },
  ],
  "metadata": {
    "date": "2026-01-04",
    "scene": "INT. COFFEE SHOP - MORNING",
    "title": "Coffee Shop Conversation",
    "version": "1.0",
  },
  "speakers": {
    "alice": {
      "description": "cheerful",
      "name": "ALICE",
      "voice": "nova",
    },
    "bob": {
      "description": "warm",
      "name": "BOB",
      "voice": "onyx",
    },
  },
}
[90mstdout[2m | src/components/RecordingStudio3.stories.jsx[2m > [22m[2mJapanese Vocabulary Word
[22m[39m[ChatContext] Cleaning up subscriptions
[90mstdout[2m | src/components/RecordingStudio3.stories.jsx[2m > [22m[2mJapanese Vocabulary Word
[22m[39m[Mock Data] Unit.onUpdate() subscription removed. Remaining: 0
 [32m✓[39m [30m[42m unit [49m[39m test/unit/custom-ai-grading.test.ts [2m([22m[2m12 tests[22m[2m)[22m[33m 2344[2mms[22m[39m
     [33m[2m✓[22m[39m custom-ai is in the graded block types [33m 2315[2mms[22m[39m
[90mstdout[2m | src/components/RecordingStudio3.stories.jsx[2m > [22m[2mJapanese Vocabulary Word
[22m[39m[MOCK CourseVectorStore] Initialized with mock data
[90mstdout[2m | src/components/RecordingStudio3.stories.jsx[2m > [22m[2mJapanese Vocabulary Word
[22m[39m[TranslationModeController] Setting mode to: off
[90mstdout[2m | src/components/RecordingStudio3.stories.jsx[2m > [22m[2mJapanese Vocabulary Word
[22m[39m[UnitContext] useEffect triggered {
  "authLoading": false,
  "hasUser": true,
  "id": "mock-unit-id",
  "userSub": "mock-user-sub",
}
[90mstdout[2m | src/components/RecordingStudio3.stories.jsx[2m > [22m[2mJapanese Vocabulary Word
[22m[39m[UnitContext] Fetching unit data for id: mock-unit-id
[90mstdout[2m | src/components/RecordingStudio3.stories.jsx[2m > [22m[2mJapanese Vocabulary Word
[22m[39m[FilesContext] Initializing vector store from IndexedDB
[90mstdout[2m | src/components/RecordingStudio3.stories.jsx[2m > [22m[2mJapanese Vocabulary Word
[22m[39m[FilesContext] fetchFiles called
[90mstdout[2m | src/components/RecordingStudio3.stories.jsx[2m > [22m[2mJapanese Vocabulary Word
[22m[39m[FilesContext] User authenticated: mock-user-sub
[90mstdout[2m | src/components/RecordingStudio3.stories.jsx[2m > [22m[2mJapanese Vocabulary Word
[22m[39m[FilesContext] Identity ID: us-east-1:mock-identity-123
[90mstdout[2m | src/components/RecordingStudio3.stories.jsx[2m > [22m[2mJapanese Vocabulary Word
[22m[39m[FilesContext] About to set up File observeQuery
[90mstdout[2m | src/components/RecordingStudio3.stories.jsx[2m > [22m[2mJapanese Vocabulary Word
[22m[39m[ChatContext] Setting up AssistantChat observeQuery
[90mstdout[2m | src/components/RecordingStudio3.stories.jsx[2m > [22m[2mJapanese Vocabulary Word
[22m[39m[ChatContext] Waiting for subscription to initialize
[90mstdout[2m | src/components/RecordingStudio3.stories.jsx[2m > [22m[2mJapanese Vocabulary Word
[22m[39m[SettingsContext] Setting up Settings subscription for user: mock-user-sub
[90mstdout[2m | src/components/RecordingStudio3.stories.jsx[2m > [22m[2mJapanese Vocabulary Word
[22m[39m[Mock Data] Settings created: mock-settings-1790418387673 - notified 0 subscribers
[90mstdout[2m | src/components/RecordingStudio3.stories.jsx[2m > [22m[2mJapanese Vocabulary Word
[22m[39m[Mock Data] Unit.onUpdate() subscription added. Total: 1
[90mstdout[2m | src/components/RecordingStudio3.stories.jsx[2m > [22m[2mJapanese Vocabulary Word
[22m[39m[SectionContext] Section observeQuery update: 0
[90mstdout[2m | src/components/RecordingStudio3.stories.jsx[2m > [22m[2mJapanese Vocabulary Word
[22m[39m[FilesContext] File observeQuery update: 6 files
[90mstdout[2m | src/components/RecordingStudio3.stories.jsx[2m > [22m[2mJapanese Vocabulary Word
[22m[39m[ChatContext] AssistantChat initialized with 1 chats
[90mstdout[2m | src/components/RecordingStudio3.stories.jsx[2m > [22m[2mJapanese Vocabulary Word
[22m[39m[ChatContext] Setting initial chat: mock-assistant-chat-1
[90mstdout[2m | src/components/RecordingStudio3.stories.jsx[2m > [22m[2mJapanese Vocabulary Word
[22m[39m[MOCK CourseVectorStore] Initialized with mock data
[90mstdout[2m | src/components/RecordingStudio3.stories.jsx[2m > [22m[2mJapanese Vocabulary Word
[22m[39m[FilesContext] Vector store population triggered {
  "currentVectorStoreSize": 3,
  "documentsCount": 0,
  "filesCount": 6,
  "isInitialLoad": true,
}
[90mstdout[2m | src/components/RecordingStudio3.stories.jsx[2m > [22m[2mJapanese Vocabulary Word
[22m[39m[FilesContext] Vector store population complete - 3 total embeddings
[90mstdout[2m | src/components/RecordingStudio3.stories.jsx[2m > [22m[2mJapanese Vocabulary Word
[22m[39m[ChatContext] Chat exists and not archived, skipping creation
[90mstdout[2m | src/components/RecordingStudio3.stories.jsx[2m > [22m[2mJapanese Vocabulary Word
[22m[39m[Mock Storage] downloadData called with: undefined
[90mstdout[2m | src/components/RecordingStudio3.stories.jsx[2m > [22m[2mQuiz Question Audio
[22m[39m[ChatContext] Cleaning up subscriptions
[90mstdout[2m | src/components/RecordingStudio3.stories.jsx[2m > [22m[2mQuiz Question Audio
[22m[39m[Mock Data] Unit.onUpdate() subscription removed. Remaining: 0
[90mstdout[2m | src/components/RecordingStudio3.stories.jsx[2m > [22m[2mQuiz Question Audio
[22m[39m[MOCK CourseVectorStore] Initialized with mock data
[90mstdout[2m | src/components/RecordingStudio3.stories.jsx[2m > [22m[2mQuiz Question Audio
[22m[39m[TranslationModeController] Setting mode to: off
[90mstdout[2m | src/components/RecordingStudio3.stories.jsx[2m > [22m[2mQuiz Question Audio
[22m[39m[UnitContext] useEffect triggered {
  "authLoading": false,
  "hasUser": true,
  "id": "mock-unit-id",
  "userSub": "mock-user-sub",
}
[90mstdout[2m | src/components/RecordingStudio3.stories.jsx[2m > [22m[2mQuiz Question Audio
[22m[39m[UnitContext] Fetching unit data for id: mock-unit-id
[90mstdout[2m | src/components/RecordingStudio3.stories.jsx[2m > [22m[2mQuiz Question Audio
[22m[39m[FilesContext] Initializing vector store from IndexedDB
[90mstdout[2m | src/components/RecordingStudio3.stories.jsx[2m > [22m[2mQuiz Question Audio
[22m[39m[FilesContext] fetchFiles called
[90mstdout[2m | src/components/RecordingStudio3.stories.jsx[2m > [22m[2mQuiz Question Audio
[22m[39m[FilesContext] User authenticated: mock-user-sub
[90mstdout[2m | src/components/RecordingStudio3.stories.jsx[2m > [22m[2mQuiz Question Audio
[22m[39m[FilesContext] Identity ID: us-east-1:mock-identity-123
[90mstdout[2m | src/components/RecordingStudio3.stories.jsx[2m > [22m[2mQuiz Question Audio
[22m[39m[FilesContext] About to set up File observeQuery
[90mstdout[2m | src/components/RecordingStudio3.stories.jsx[2m > [22m[2mQuiz Question Audio
[22m[39m[ChatContext] Setting up AssistantChat observeQuery
[90mstdout[2m | src/components/RecordingStudio3.stories.jsx[2m > [22m[2mQuiz Question Audio
[22m[39m[ChatContext] Waiting for subscription to initialize
[90mstdout[2m | src/components/RecordingStudio3.stories.jsx[2m > [22m[2mQuiz Question Audio
[22m[39m[SettingsContext] Setting up Settings subscription for user: mock-user-sub
[90mstdout[2m | src/components/RecordingStudio3.stories.jsx[2m > [22m[2mQuiz Question Audio
[22m[39m[Mock Data] Settings created: mock-settings-1790418388286 - notified 0 subscribers
[90mstdout[2m | src/components/RecordingStudio3.stories.jsx[2m > [22m[2mQuiz Question Audio
[22m[39m[Mock Data] Unit.onUpdate() subscription added. Total: 1
[90mstdout[2m | src/components/RecordingStudio3.stories.jsx[2m > [22m[2mQuiz Question Audio
[22m[39m[SectionContext] Section observeQuery update: 0
[90mstdout[2m | src/components/RecordingStudio3.stories.jsx[2m > [22m[2mQuiz Question Audio
[22m[39m[FilesContext] File observeQuery update: 6 files
[90mstdout[2m | src/components/RecordingStudio3.stories.jsx[2m > [22m[2mQuiz Question Audio
[22m[39m[ChatContext] AssistantChat initialized with 1 chats
[90mstdout[2m | src/components/RecordingStudio3.stories.jsx[2m > [22m[2mQuiz Question Audio
[22m[39m[ChatContext] Setting initial chat: mock-assistant-chat-1
[90mstdout[2m | src/components/RecordingStudio3.stories.jsx[2m > [22m[2mQuiz Question Audio
[22m[39m[MOCK CourseVectorStore] Initialized with mock data
[90mstdout[2m | src/components/RecordingStudio3.stories.jsx[2m > [22m[2mQuiz Question Audio
[22m[39m[FilesContext] Vector store population triggered {
  "currentVectorStoreSize": 3,
  "documentsCount": 0,
  "filesCount": 6,
  "isInitialLoad": true,
}
[90mstdout[2m | src/components/RecordingStudio3.stories.jsx[2m > [22m[2mQuiz Question Audio
[22m[39m[FilesContext] Vector store population complete - 3 total embeddings
[90mstdout[2m | src/components/RecordingStudio3.stories.jsx[2m > [22m[2mQuiz Question Audio
[22m[39m[ChatContext] Chat exists and not archived, skipping creation
[90mstdout[2m | src/components/RecordingStudio3.stories.jsx[2m > [22m[2mQuiz Question Audio
[22m[39m[Mock Storage] downloadData called with: undefined
[90mstdout[2m | src/components/RecordingStudio3.stories.jsx[2m > [22m[2mComparing Multiple Takes
[22m[39mScript changed: {
  "dialogue": [
    {
      "activeTakeIndex": null,
      "direction": "questioning tone",
      "emotion": "inquisitive",
      "id": 1,
      "speaker": "question_prompt",
      "takes": [],
      "text": "What is the capital of France?",
      "timing": {
        "end": 2.4,
        "start": 0,
      },
    },
    {
      "activeTakeIndex": null,
      "direction": "confident",
      "emotion": "assured",
      "id": 2,
      "speaker": "answer",
      "takes": [],
      "text": "Paris",
      "timing": {
        "end": 3.9,
        "start": 2.9,
      },
    },
  ],
  "metadata": {
    "date": "2026-01-04",
    "scene": "",
    "title": "Geography Question - France",
    "version": "1.0",
  },
  "speakers": {
    "answer": {
      "description": "assured",
      "name": "ANSWER",
      "voice": "alloy",
    },
    "question_prompt": {
      "description": "inquisitive",
      "name": "QUESTION PROMPT",
      "voice": "alloy",
    },
  },
}
[90mstdout[2m | src/components/Editor3/components/__tests__/QuizComponent.test.tsx
[22m[39m✓ Loaded .env.test

[90mstdout[2m | src/components/RecordingStudio3.stories.jsx[2m > [22m[2mComparing Multiple Takes
[22m[39m[ChatContext] Cleaning up subscriptions
[90mstdout[2m | src/components/RecordingStudio3.stories.jsx[2m > [22m[2mComparing Multiple Takes
[22m[39m[Mock Data] Unit.onUpdate() subscription removed. Remaining: 0
[90mstdout[2m | src/components/RecordingStudio3.stories.jsx[2m > [22m[2mComparing Multiple Takes
[22m[39m[MOCK CourseVectorStore] Initialized with mock data
[90mstdout[2m | src/components/RecordingStudio3.stories.jsx[2m > [22m[2mComparing Multiple Takes
[22m[39m[TranslationModeController] Setting mode to: off
[90mstdout[2m | src/components/RecordingStudio3.stories.jsx[2m > [22m[2mComparing Multiple Takes
[22m[39m[UnitContext] useEffect triggered {
  "authLoading": false,
  "hasUser": true,
  "id": "mock-unit-id",
  "userSub": "mock-user-sub",
}
[90mstdout[2m | src/components/RecordingStudio3.stories.jsx[2m > [22m[2mComparing Multiple Takes
[22m[39m[UnitContext] Fetching unit data for id: mock-unit-id
[90mstdout[2m | src/components/RecordingStudio3.stories.jsx[2m > [22m[2mComparing Multiple Takes
[22m[39m[FilesContext] Initializing vector store from IndexedDB
[90mstdout[2m | src/components/RecordingStudio3.stories.jsx[2m > [22m[2mComparing Multiple Takes
[22m[39m[FilesContext] fetchFiles called
[90mstdout[2m | src/components/RecordingStudio3.stories.jsx[2m > [22m[2mComparing Multiple Takes
[22m[39m[FilesContext] User authenticated: mock-user-sub
[90mstdout[2m | src/components/RecordingStudio3.stories.jsx[2m > [22m[2mComparing Multiple Takes
[22m[39m[FilesContext] Identity ID: us-east-1:mock-identity-123
[90mstdout[2m | src/components/RecordingStudio3.stories.jsx[2m > [22m[2mComparing Multiple Takes
[22m[39m[FilesContext] About to set up File observeQuery
[90mstdout[2m | src/components/RecordingStudio3.stories.jsx[2m > [22m[2mComparing Multiple Takes
[22m[39m[ChatContext] Setting up AssistantChat observeQuery
[90mstdout[2m | src/components/RecordingStudio3.stories.jsx[2m > [22m[2mComparing Multiple Takes
[22m[39m[ChatContext] Waiting for subscription to initialize
[90mstdout[2m | src/components/RecordingStudio3.stories.jsx[2m > [22m[2mComparing Multiple Takes
[22m[39m[SettingsContext] Setting up Settings subscription for user: mock-user-sub
[90mstdout[2m | src/components/RecordingStudio3.stories.jsx[2m > [22m[2mComparing Multiple Takes
[22m[39m[Mock Data] Settings created: mock-settings-1790418389870 - notified 0 subscribers
[90mstdout[2m | src/components/RecordingStudio3.stories.jsx[2m > [22m[2mComparing Multiple Takes
[22m[39m[Mock Data] Unit.onUpdate() subscription added. Total: 1
[90mstdout[2m | src/components/RecordingStudio3.stories.jsx[2m > [22m[2mComparing Multiple Takes
[22m[39m[SectionContext] Section observeQuery update: 0
[90mstdout[2m | src/components/RecordingStudio3.stories.jsx[2m > [22m[2mComparing Multiple Takes
[22m[39m[FilesContext] File observeQuery update: 6 files
[90mstdout[2m | src/components/RecordingStudio3.stories.jsx[2m > [22m[2mComparing Multiple Takes
[22m[39m[ChatContext] AssistantChat initialized with 1 chats
[90mstdout[2m | src/components/RecordingStudio3.stories.jsx[2m > [22m[2mComparing Multiple Takes
[22m[39m[ChatContext] Setting initial chat: mock-assistant-chat-1
[90mstdout[2m | src/components/RecordingStudio3.stories.jsx[2m > [22m[2mComparing Multiple Takes
[22m[39m[MOCK CourseVectorStore] Initialized with mock data
[90mstdout[2m | src/components/RecordingStudio3.stories.jsx[2m > [22m[2mComparing Multiple Takes
[22m[39m[FilesContext] Vector store population triggered {
  "currentVectorStoreSize": 3,
  "documentsCount": 0,
  "filesCount": 6,
  "isInitialLoad": true,
}
[90mstdout[2m | src/components/RecordingStudio3.stories.jsx[2m > [22m[2mComparing Multiple Takes
[22m[39m[FilesContext] Vector store population complete - 3 total embeddings
[90mstdout[2m | src/components/RecordingStudio3.stories.jsx[2m > [22m[2mComparing Multiple Takes
[22m[39m[ChatContext] Chat exists and not archived, skipping creation
[90mstdout[2m | src/components/RecordingStudio3.stories.jsx[2m > [22m[2mComparing Multiple Takes
[22m[39m[Mock Storage] downloadData called with: undefined
[90mstdout[2m | src/components/RecordingStudio3.stories.jsx[2m > [22m[2mComparing Multiple Takes
[22m[39mMock Cache.getItem called with: getCachedUrl_/story-mocks/cinematic-designed-sci-fi-whoosh-transition-nexawave-228295.mp3
[90mstdout[2m | src/components/RecordingStudio3.stories.jsx[2m > [22m[2mComparing Multiple Takes
[22m[39mMock Cache.getItem called with: getCachedUrl_/story-mocks/descent-whoosh-long-cinematic-sound-effect-405921.mp3
[90mstdout[2m | src/components/RecordingStudio3.stories.jsx[2m > [22m[2mComparing Multiple Takes
[22m[39mMock getUrl called with: /story-mocks/cinematic-designed-sci-fi-whoosh-transition-nexawave-228295.mp3
[90mstdout[2m | src/components/RecordingStudio3.stories.jsx[2m > [22m[2mComparing Multiple Takes
[22m[39mMock getUrl called with: /story-mocks/descent-whoosh-long-cinematic-sound-effect-405921.mp3
[90mstdout[2m | src/components/RecordingStudio3.stories.jsx[2m > [22m[2mComparing Multiple Takes
[22m[39mMock Cache.setItem called with: getCachedUrl_/story-mocks/cinematic-designed-sci-fi-whoosh-transition-nexawave-228295.mp3 /story-mocks/cinematic-designed-sci-fi-whoosh-transition-nexawave-228295.mp3
[90mstdout[2m | src/components/RecordingStudio3.stories.jsx[2m > [22m[2mComparing Multiple Takes
[22m[39mMock Cache.setItem called with: getCachedUrl_/story-mocks/descent-whoosh-long-cinematic-sound-effect-405921.mp3 /story-mocks/descent-whoosh-long-cinematic-sound-effect-405921.mp3
[90mstdout[2m | src/components/RecordingStudio3.stories.jsx[2m > [22m[2mComparing Multiple Takes
[22m[39mScript changed: {
  "dialogue": [
    {
      "activeTakeIndex": 1,
      "direction": "dramatic pause",
      "emotion": "mysterious",
      "id": 1,
      "speaker": "narrator",
      "takes": [
        {
          "audioBlob": null,
          "audioPath": "/story-mocks/cinematic-designed-sci-fi-whoosh-transition-nexawave-228295.mp3",
          "cinematicMetadata": [Object],
          "createdAt": "2026-09-26T10:26:20.606Z",
          "duration": 3,
          "file": [Object],
          "id": 1790418380605,
          "type": "tts",
          "waveformData": [Array],
        },
        {
          "audioBlob": null,
          "audioPath": "/story-mocks/descent-whoosh-long-cinematic-sound-effect-405921.mp3",
          "cinematicMetadata": [Object],
          "createdAt": "2026-09-26T10:26:22.606Z",
          "duration": 2.8,
          "file": [Object],
          "id": 1790418382606,
          "type": "human",
          "waveformData": [Array],
        },
      ],
      "text": "It was a dark and stormy night.",
      "timing": {
        "end": 2.8,
        "start": 0,
      },
    },
    {
      "activeTakeIndex": 0,
      "direction": "looking out window",
      "emotion": "concerned",
      "id": 2,
      "speaker": "character",
      "takes": [
        {
          "audioBlob": null,
          "audioPath": "/story-mocks/sound-design-elements-sfx-ps-022-302865.mp3",
          "cinematicMetadata": [Object],
          "createdAt": "2026-09-26T10:26:23.606Z",
          "duration": 2.5,
          "file": [Object],
          "id": 1790418383606,
          "type": "tts",
          "waveformData": [Array],
        },
      ],
      "text": "Did someone say something about a storm?",
      "timing": {
        "end": 6.1,
        "start": 3.3,
      },
    },
    {
      "activeTakeIndex": null,
      "direction": "",
      "emotion": "ominous",
      "id": 3,
      "speaker": "narrator",
      "takes": [],
      "text": "The rain pounded against the windows.",
      "timing": {
        "end": 9,
        "start": 6.6,
      },
    },
  ],
  "metadata": {
    "date": "2026-01-04",
    "scene": "INT. RECORDING BOOTH - DAY",
    "title": "Recording Practice Session",
    "version": "1.0",
  },
  "speakers": {
    "character": {
      "description": "concerned",
      "name": "CHARACTER",
      "voice": "nova",
    },
    "narrator": {
      "description": "mysterious",
      "name": "NARRATOR",
      "voice": "fable",
    },
  },
}
 [32m✓[39m [30m[42m unit [49m[39m src/components/Editor3/components/__tests__/GradeHistory.test.tsx [2m([22m[2m13 tests[22m[2m)[22m[33m 1196[2mms[22m[39m
       [33m[2m✓[22m[39m calculates average accuracy [33m 516[2mms[22m[39m
 [32m✓[39m [30m[42m unit [49m[39m src/components/Gamification/__tests__/MissingUnitTests.test.tsx [2m([22m[2m27 tests[22m[2m)[22m[33m 5665[2mms[22m[39m
     [33m[2m✓[22m[39m renders nothing before client mount when no explicit month/year [33m 341[2mms[22m[39m
     [33m[2m✓[22m[39m renders all badge types (earned and unearned) [33m 922[2mms[22m[39m
     [33m[2m✓[22m[39m renders earned badges differently from unearned [33m 357[2mms[22m[39m
     [33m[2m✓[22m[39m renders with custom column count [33m 666[2mms[22m[39m
     [33m[2m✓[22m[39m shows multiplier badge when earned multiple times [33m 319[2mms[22m[39m
     [33m[2m✓[22m[39m opens popover on badge click [33m 883[2mms[22m[39m
     [33m[2m✓[22m[39m shows "Locked" in popover for unearned badges [33m 513[2mms[22m[39m
[90mstdout[2m | test/unit/notificationComponents.test.tsx
[22m[39m✓ Loaded .env.test

[90mstdout[2m | src/components/RecordingStudio3.stories.jsx[2m > [22m[2mPreview Mode
[22m[39m[ChatContext] Cleaning up subscriptions
[90mstdout[2m | src/components/RecordingStudio3.stories.jsx[2m > [22m[2mPreview Mode
[22m[39m[Mock Data] Unit.onUpdate() subscription removed. Remaining: 0
[90mstdout[2m | src/components/RecordingStudio3.stories.jsx[2m > [22m[2mPreview Mode
[22m[39m[MOCK CourseVectorStore] Initialized with mock data
[90mstdout[2m | src/components/RecordingStudio3.stories.jsx[2m > [22m[2mPreview Mode
[22m[39m[TranslationModeController] Setting mode to: off
[90mstdout[2m | src/components/RecordingStudio3.stories.jsx[2m > [22m[2mPreview Mode
[22m[39m[UnitContext] useEffect triggered {
  "authLoading": false,
  "hasUser": true,
  "id": "mock-unit-id",
  "userSub": "mock-user-sub",
}
[90mstdout[2m | src/components/RecordingStudio3.stories.jsx[2m > [22m[2mPreview Mode
[22m[39m[UnitContext] Fetching unit data for id: mock-unit-id
[90mstdout[2m | src/components/RecordingStudio3.stories.jsx[2m > [22m[2mPreview Mode
[22m[39m[FilesContext] Initializing vector store from IndexedDB
[90mstdout[2m | src/components/RecordingStudio3.stories.jsx[2m > [22m[2mPreview Mode
[22m[39m[FilesContext] fetchFiles called
[90mstdout[2m | src/components/RecordingStudio3.stories.jsx[2m > [22m[2mPreview Mode
[22m[39m[FilesContext] User authenticated: mock-user-sub
[90mstdout[2m | src/components/RecordingStudio3.stories.jsx[2m > [22m[2mPreview Mode
[22m[39m[FilesContext] Identity ID: us-east-1:mock-identity-123
[90mstdout[2m | src/components/RecordingStudio3.stories.jsx[2m > [22m[2mPreview Mode
[22m[39m[FilesContext] About to set up File observeQuery
[90mstdout[2m | src/components/RecordingStudio3.stories.jsx[2m > [22m[2mPreview Mode
[22m[39m[ChatContext] Setting up AssistantChat observeQuery
[90mstdout[2m | src/components/RecordingStudio3.stories.jsx[2m > [22m[2mPreview Mode
[22m[39m[ChatContext] Waiting for subscription to initialize
[90mstdout[2m | src/components/RecordingStudio3.stories.jsx[2m > [22m[2mPreview Mode
[22m[39m[SettingsContext] Setting up Settings subscription for user: mock-user-sub
[90mstdout[2m | src/components/RecordingStudio3.stories.jsx[2m > [22m[2mPreview Mode
[22m[39m[Mock Data] Settings created: mock-settings-1790418394411 - notified 0 subscribers
[90mstdout[2m | src/components/RecordingStudio3.stories.jsx[2m > [22m[2mPreview Mode
[22m[39m[Mock Data] Unit.onUpdate() subscription added. Total: 1
[90mstdout[2m | src/components/RecordingStudio3.stories.jsx[2m > [22m[2mPreview Mode
[22m[39m[SectionContext] Section observeQuery update: 0
[90mstdout[2m | src/components/RecordingStudio3.stories.jsx[2m > [22m[2mPreview Mode
[22m[39m[FilesContext] File observeQuery update: 6 files
[90mstdout[2m | src/components/RecordingStudio3.stories.jsx[2m > [22m[2mPreview Mode
[22m[39m[ChatContext] AssistantChat initialized with 1 chats
[90mstdout[2m | src/components/RecordingStudio3.stories.jsx[2m > [22m[2mPreview Mode
[22m[39m[ChatContext] Setting initial chat: mock-assistant-chat-1
[90mstdout[2m | src/components/RecordingStudio3.stories.jsx[2m > [22m[2mPreview Mode
[22m[39m[MOCK CourseVectorStore] Initialized with mock data
[90mstdout[2m | src/components/RecordingStudio3.stories.jsx[2m > [22m[2mPreview Mode
[22m[39m[FilesContext] Vector store population triggered {
  "currentVectorStoreSize": 3,
  "documentsCount": 0,
  "filesCount": 6,
  "isInitialLoad": true,
}
[90mstdout[2m | src/components/RecordingStudio3.stories.jsx[2m > [22m[2mPreview Mode
[22m[39m[FilesContext] Vector store population complete - 3 total embeddings
[90mstdout[2m | src/components/RecordingStudio3.stories.jsx[2m > [22m[2mPreview Mode
[22m[39m[ChatContext] Chat exists and not archived, skipping creation
[90mstdout[2m | src/components/RecordingStudio3.stories.jsx[2m > [22m[2mPreview Mode
[22m[39m[Mock Storage] downloadData called with: undefined
[90mstdout[2m | src/components/Editor3/components/__tests__/AnswerComponent.test.tsx
[22m[39m✓ Loaded .env.test

 [32m✓[39m [30m[42m unit [49m[39m src/components/Editor3/components/__tests__/QuizComponent.test.tsx [2m([22m[2m13 tests[22m[2m)[22m[33m 1679[2mms[22m[39m
[90mstdout[2m | src/components/RecordingStudio3.stories.jsx[2m > [22m[2mStart From Scratch
[22m[39mScript changed: {
  "dialogue": [
    {
      "activeTakeIndex": 1,
      "direction": "dramatic pause",
      "emotion": "mysterious",
      "id": 1,
      "speaker": "narrator",
      "takes": [
        {
          "audioBlob": null,
          "audioPath": "/story-mocks/cinematic-designed-sci-fi-whoosh-transition-nexawave-228295.mp3",
          "cinematicMetadata": [Object],
          "createdAt": "2026-09-26T10:26:20.606Z",
          "duration": 3,
          "file": [Object],
          "id": 1790418380605,
          "type": "tts",
          "waveformData": [Array],
        },
        {
          "audioBlob": null,
          "audioPath": "/story-mocks/descent-whoosh-long-cinematic-sound-effect-405921.mp3",
          "cinematicMetadata": [Object],
          "createdAt": "2026-09-26T10:26:22.606Z",
          "duration": 2.8,
          "file": [Object],
          "id": 1790418382606,
          "type": "human",
          "waveformData": [Array],
        },
      ],
      "text": "It was a dark and stormy night.",
      "timing": {
        "end": 2.8,
        "start": 0,
      },
    },
    {
      "activeTakeIndex": 0,
      "direction": "looking out window",
      "emotion": "concerned",
      "id": 2,
      "speaker": "character",
      "takes": [
        {
          "audioBlob": null,
          "audioPath": "/story-mocks/sound-design-elements-sfx-ps-022-302865.mp3",
          "cinematicMetadata": [Object],
          "createdAt": "2026-09-26T10:26:23.606Z",
          "duration": 2.5,
          "file": [Object],
          "id": 1790418383606,
          "type": "tts",
          "waveformData": [Array],
        },
      ],
      "text": "Did someone say something about a storm?",
      "timing": {
        "end": 6.1,
        "start": 3.3,
      },
    },
    {
      "activeTakeIndex": null,
      "direction": "",
      "emotion": "ominous",
      "id": 3,
      "speaker": "narrator",
      "takes": [],
      "text": "The rain pounded against the windows.",
      "timing": {
        "end": 9,
        "start": 6.6,
      },
    },
  ],
  "metadata": {
    "date": "2026-01-04",
    "scene": "INT. RECORDING BOOTH - DAY",
    "title": "Recording Practice Session",
    "version": "1.0",
  },
  "speakers": {
    "character": {
      "description": "concerned",
      "name": "CHARACTER",
      "voice": "nova",
    },
    "narrator": {
      "description": "mysterious",
      "name": "NARRATOR",
      "voice": "fable",
    },
  },
}
[90mstdout[2m | src/components/RecordingStudio3.stories.jsx[2m > [22m[2mStart From Scratch
[22m[39m[ChatContext] Cleaning up subscriptions
[90mstdout[2m | src/components/RecordingStudio3.stories.jsx[2m > [22m[2mStart From Scratch
[22m[39m[Mock Data] Unit.onUpdate() subscription removed. Remaining: 0
[90mstdout[2m | src/components/RecordingStudio3.stories.jsx[2m > [22m[2mStart From Scratch
[22m[39m[MOCK CourseVectorStore] Initialized with mock data
[90mstdout[2m | src/components/RecordingStudio3.stories.jsx[2m > [22m[2mStart From Scratch
[22m[39m[TranslationModeController] Setting mode to: off
[90mstdout[2m | src/components/RecordingStudio3.stories.jsx[2m > [22m[2mStart From Scratch
[22m[39m[UnitContext] useEffect triggered {
  "authLoading": false,
  "hasUser": true,
  "id": "mock-unit-id",
  "userSub": "mock-user-sub",
}
[90mstdout[2m | src/components/RecordingStudio3.stories.jsx[2m > [22m[2mStart From Scratch
[22m[39m[UnitContext] Fetching unit data for id: mock-unit-id
[90mstdout[2m | src/components/RecordingStudio3.stories.jsx[2m > [22m[2mStart From Scratch
[22m[39m[FilesContext] Initializing vector store from IndexedDB
[90mstdout[2m | src/components/RecordingStudio3.stories.jsx[2m > [22m[2mStart From Scratch
[22m[39m[FilesContext] fetchFiles called
[90mstdout[2m | src/components/RecordingStudio3.stories.jsx[2m > [22m[2mStart From Scratch
[22m[39m[FilesContext] User authenticated: mock-user-sub
[90mstdout[2m | src/components/RecordingStudio3.stories.jsx[2m > [22m[2mStart From Scratch
[22m[39m[FilesContext] Identity ID: us-east-1:mock-identity-123
[90mstdout[2m | src/components/RecordingStudio3.stories.jsx[2m > [22m[2mStart From Scratch
[22m[39m[FilesContext] About to set up File observeQuery
[90mstdout[2m | src/components/RecordingStudio3.stories.jsx[2m > [22m[2mStart From Scratch
[22m[39m[ChatContext] Setting up AssistantChat observeQuery
[90mstdout[2m | src/components/RecordingStudio3.stories.jsx[2m > [22m[2mStart From Scratch
[22m[39m[ChatContext] Waiting for subscription to initialize
[90mstdout[2m | src/components/RecordingStudio3.stories.jsx[2m > [22m[2mStart From Scratch
[22m[39m[SettingsContext] Setting up Settings subscription for user: mock-user-sub
[90mstdout[2m | src/components/RecordingStudio3.stories.jsx[2m > [22m[2mStart From Scratch
[22m[39m[Mock Data] Settings created: mock-settings-1790418395364 - notified 0 subscribers
[90mstdout[2m | src/components/RecordingStudio3.stories.jsx[2m > [22m[2mStart From Scratch
[22m[39m[Mock Data] Unit.onUpdate() subscription added. Total: 1
[90mstdout[2m | src/components/RecordingStudio3.stories.jsx[2m > [22m[2mStart From Scratch
[22m[39m[SectionContext] Section observeQuery update: 0
[90mstdout[2m | src/components/RecordingStudio3.stories.jsx[2m > [22m[2mStart From Scratch
[22m[39m[FilesContext] File observeQuery update: 6 files
[90mstdout[2m | src/components/RecordingStudio3.stories.jsx[2m > [22m[2mStart From Scratch
[22m[39m[ChatContext] AssistantChat initialized with 1 chats
[90mstdout[2m | src/components/RecordingStudio3.stories.jsx[2m > [22m[2mStart From Scratch
[22m[39m[ChatContext] Setting initial chat: mock-assistant-chat-1
[90mstdout[2m | src/components/RecordingStudio3.stories.jsx[2m > [22m[2mStart From Scratch
[22m[39m[MOCK CourseVectorStore] Initialized with mock data
[90mstdout[2m | src/components/RecordingStudio3.stories.jsx[2m > [22m[2mStart From Scratch
[22m[39m[FilesContext] Vector store population triggered {
  "currentVectorStoreSize": 3,
  "documentsCount": 0,
  "filesCount": 6,
  "isInitialLoad": true,
}
[90mstdout[2m | src/components/RecordingStudio3.stories.jsx[2m > [22m[2mStart From Scratch
[22m[39m[FilesContext] Vector store population complete - 3 total embeddings
[90mstdout[2m | src/components/RecordingStudio3.stories.jsx[2m > [22m[2mStart From Scratch
[22m[39m[ChatContext] Chat exists and not archived, skipping creation
[90mstdout[2m | src/components/RecordingStudio3.stories.jsx[2m > [22m[2mStart From Scratch
[22m[39m[Mock Storage] downloadData called with: undefined
[90mstdout[2m | src/components/RecordingStudio3.stories.jsx[2m > [22m[2mInteractive
[22m[39m[ChatContext] Cleaning up subscriptions
[90mstdout[2m | src/components/RecordingStudio3.stories.jsx[2m > [22m[2mInteractive
[22m[39m[Mock Data] Unit.onUpdate() subscription removed. Remaining: 0
[90mstdout[2m | src/components/RecordingStudio3.stories.jsx[2m > [22m[2mInteractive
[22m[39m[MOCK CourseVectorStore] Initialized with mock data
[90mstdout[2m | src/components/RecordingStudio3.stories.jsx[2m > [22m[2mInteractive
[22m[39m[TranslationModeController] Setting mode to: off
[90mstdout[2m | src/components/RecordingStudio3.stories.jsx[2m > [22m[2mInteractive
[22m[39m[UnitContext] useEffect triggered {
  "authLoading": false,
  "hasUser": true,
  "id": "mock-unit-id",
  "userSub": "mock-user-sub",
}
[90mstdout[2m | src/components/RecordingStudio3.stories.jsx[2m > [22m[2mInteractive
[22m[39m[UnitContext] Fetching unit data for id: mock-unit-id
[90mstdout[2m | src/components/RecordingStudio3.stories.jsx[2m > [22m[2mInteractive
[22m[39m[FilesContext] Initializing vector store from IndexedDB
[90mstdout[2m | src/components/RecordingStudio3.stories.jsx[2m > [22m[2mInteractive
[22m[39m[FilesContext] fetchFiles called
[90mstdout[2m | src/components/RecordingStudio3.stories.jsx[2m > [22m[2mInteractive
[22m[39m[FilesContext] User authenticated: mock-user-sub
[90mstdout[2m | src/components/RecordingStudio3.stories.jsx[2m > [22m[2mInteractive
[22m[39m[FilesContext] Identity ID: us-east-1:mock-identity-123
[90mstdout[2m | src/components/RecordingStudio3.stories.jsx[2m > [22m[2mInteractive
[22m[39m[FilesContext] About to set up File observeQuery
[90mstdout[2m | src/components/RecordingStudio3.stories.jsx[2m > [22m[2mInteractive
[22m[39m[ChatContext] Setting up AssistantChat observeQuery
[90mstdout[2m | src/components/RecordingStudio3.stories.jsx[2m > [22m[2mInteractive
[22m[39m[ChatContext] Waiting for subscription to initialize
[90mstdout[2m | src/components/RecordingStudio3.stories.jsx[2m > [22m[2mInteractive
[22m[39m[SettingsContext] Setting up Settings subscription for user: mock-user-sub
[90mstdout[2m | src/components/RecordingStudio3.stories.jsx[2m > [22m[2mInteractive
[22m[39m[Mock Data] Settings created: mock-settings-1790418395962 - notified 0 subscribers
[90mstdout[2m | src/components/RecordingStudio3.stories.jsx[2m > [22m[2mInteractive
[22m[39m[Mock Data] Unit.onUpdate() subscription added. Total: 1
[90mstdout[2m | src/components/RecordingStudio3.stories.jsx[2m > [22m[2mInteractive
[22m[39mScript changed: {
  "dialogue": [],
  "metadata": {
    "date": "2026-01-04",
    "scene": "",
    "title": "New Recording",
    "version": "1.0",
  },
  "speakers": {},
}
[90mstdout[2m | src/components/RecordingStudio3.stories.jsx[2m > [22m[2mInteractive
[22m[39m[SectionContext] Section observeQuery update: 0
[90mstdout[2m | src/components/RecordingStudio3.stories.jsx[2m > [22m[2mInteractive
[22m[39m[FilesContext] File observeQuery update: 6 files
[90mstdout[2m | src/components/RecordingStudio3.stories.jsx[2m > [22m[2mInteractive
[22m[39m[ChatContext] AssistantChat initialized with 1 chats
[90mstdout[2m | src/components/RecordingStudio3.stories.jsx[2m > [22m[2mInteractive
[22m[39m[ChatContext] Setting initial chat: mock-assistant-chat-1
[90mstdout[2m | src/components/RecordingStudio3.stories.jsx[2m > [22m[2mInteractive
[22m[39m[MOCK CourseVectorStore] Initialized with mock data
[90mstdout[2m | src/components/RecordingStudio3.stories.jsx[2m > [22m[2mInteractive
[22m[39m[FilesContext] Vector store population triggered {
  "currentVectorStoreSize": 3,
  "documentsCount": 0,
  "filesCount": 6,
  "isInitialLoad": true,
}
[90mstdout[2m | src/components/RecordingStudio3.stories.jsx[2m > [22m[2mInteractive
[22m[39m[FilesContext] Vector store population complete - 3 total embeddings
[90mstdout[2m | src/components/RecordingStudio3.stories.jsx[2m > [22m[2mInteractive
[22m[39m[ChatContext] Chat exists and not archived, skipping creation
[90mstdout[2m | src/components/RecordingStudio3.stories.jsx[2m > [22m[2mInteractive
[22m[39m[Mock Storage] downloadData called with: undefined
[90mstdout[2m | src/components/RecordingStudio3.stories.jsx[2m > [22m[2mWord Preset
[22m[39m[ChatContext] Cleaning up subscriptions
[90mstdout[2m | src/components/RecordingStudio3.stories.jsx[2m > [22m[2mWord Preset
[22m[39m[Mock Data] Unit.onUpdate() subscription removed. Remaining: 0
[90mstdout[2m | src/components/RecordingStudio3.stories.jsx[2m > [22m[2mWord Preset
[22m[39m[MOCK CourseVectorStore] Initialized with mock data
[90mstdout[2m | src/components/RecordingStudio3.stories.jsx[2m > [22m[2mWord Preset
[22m[39m[TranslationModeController] Setting mode to: off
[90mstdout[2m | src/components/RecordingStudio3.stories.jsx[2m > [22m[2mWord Preset
[22m[39m[UnitContext] useEffect triggered {
  "authLoading": false,
  "hasUser": true,
  "id": "mock-unit-id",
  "userSub": "mock-user-sub",
}
[90mstdout[2m | src/components/RecordingStudio3.stories.jsx[2m > [22m[2mWord Preset
[22m[39m[UnitContext] Fetching unit data for id: mock-unit-id
[90mstdout[2m | src/components/RecordingStudio3.stories.jsx[2m > [22m[2mWord Preset
[22m[39m[FilesContext] Initializing vector store from IndexedDB
[90mstdout[2m | src/components/RecordingStudio3.stories.jsx[2m > [22m[2mWord Preset
[22m[39m[FilesContext] fetchFiles called
[90mstdout[2m | src/components/RecordingStudio3.stories.jsx[2m > [22m[2mWord Preset
[22m[39m[FilesContext] User authenticated: mock-user-sub
[90mstdout[2m | src/components/RecordingStudio3.stories.jsx[2m > [22m[2mWord Preset
[22m[39m[FilesContext] Identity ID: us-east-1:mock-identity-123
[90mstdout[2m | src/components/RecordingStudio3.stories.jsx[2m > [22m[2mWord Preset
[22m[39m[FilesContext] About to set up File observeQuery
[90mstdout[2m | src/components/RecordingStudio3.stories.jsx[2m > [22m[2mWord Preset
[22m[39m[ChatContext] Setting up AssistantChat observeQuery
[90mstdout[2m | src/components/RecordingStudio3.stories.jsx[2m > [22m[2mWord Preset
[22m[39m[ChatContext] Waiting for subscription to initialize
[90mstdout[2m | src/components/RecordingStudio3.stories.jsx[2m > [22m[2mWord Preset
[22m[39m[SettingsContext] Setting up Settings subscription for user: mock-user-sub
[90mstdout[2m | src/components/RecordingStudio3.stories.jsx[2m > [22m[2mWord Preset
[22m[39m[Mock Data] Settings created: mock-settings-1790418397002 - notified 0 subscribers
[90mstdout[2m | src/components/RecordingStudio3.stories.jsx[2m > [22m[2mWord Preset
[22m[39m[Mock Data] Unit.onUpdate() subscription added. Total: 1
[90mstdout[2m | src/components/Gamification/__tests__/SquadChallenge.test.tsx
[22m[39m✓ Loaded .env.test

[90mstdout[2m | src/components/RecordingStudio3.stories.jsx[2m > [22m[2mWord Preset
[22m[39m[SectionContext] Section observeQuery update: 0
[90mstdout[2m | src/components/RecordingStudio3.stories.jsx[2m > [22m[2mWord Preset
[22m[39m[FilesContext] File observeQuery update: 6 files
[90mstdout[2m | src/components/RecordingStudio3.stories.jsx[2m > [22m[2mWord Preset
[22m[39m[ChatContext] AssistantChat initialized with 1 chats
[90mstdout[2m | src/components/RecordingStudio3.stories.jsx[2m > [22m[2mWord Preset
[22m[39m[ChatContext] Setting initial chat: mock-assistant-chat-1
[90mstdout[2m | src/components/RecordingStudio3.stories.jsx[2m > [22m[2mWord Preset
[22m[39m[MOCK CourseVectorStore] Initialized with mock data
[90mstdout[2m | src/components/RecordingStudio3.stories.jsx[2m > [22m[2mWord Preset
[22m[39m[FilesContext] Vector store population triggered {
  "currentVectorStoreSize": 3,
  "documentsCount": 0,
  "filesCount": 6,
  "isInitialLoad": true,
}
[90mstdout[2m | src/components/RecordingStudio3.stories.jsx[2m > [22m[2mWord Preset
[22m[39m[FilesContext] Vector store population complete - 3 total embeddings
[90mstdout[2m | src/components/RecordingStudio3.stories.jsx[2m > [22m[2mWord Preset
[22m[39m[ChatContext] Chat exists and not archived, skipping creation
[90mstdout[2m | src/components/RecordingStudio3.stories.jsx[2m > [22m[2mWord Preset
[22m[39m[Mock Storage] downloadData called with: undefined
[90mstdout[2m | src/components/RecordingStudio3.stories.jsx[2m > [22m[2mWord Preset
[22m[39mScript changed: {
  "dialogue": [
    {
      "activeTakeIndex": null,
      "direction": "clear pronunciation",
      "emotion": "neutral",
      "id": 1,
      "speaker": "phrase",
      "takes": [],
      "text": "konnichiwa",
      "timing": {
        "end": 1,
        "start": 0,
      },
    },
    {
      "activeTakeIndex": null,
      "direction": "clear enunciation",
      "emotion": "neutral",
      "id": 2,
      "speaker": "definition",
      "takes": [],
      "text": "Hello. Good afternoon.",
      "timing": {
        "end": 2.7,
        "start": 1.5,
      },
    },
  ],
  "metadata": {
    "date": "2026-09-26",
    "scene": "",
    "title": "こんにちは — Vocabulary",
    "version": "1.0",
  },
  "speakers": {
    "definition": {
      "description": "neutral",
      "name": "DEFINITION",
      "voice": "alloy",
    },
    "phrase": {
      "description": "neutral",
      "name": "PHRASE (こんにちは)",
      "voice": "alloy",
    },
  },
}
[90mstdout[2m | src/components/RecordingStudio3.stories.jsx[2m > [22m[2mConversation Preset
[22m[39m[ChatContext] Cleaning up subscriptions
[90mstdout[2m | src/components/RecordingStudio3.stories.jsx[2m > [22m[2mConversation Preset
[22m[39m[Mock Data] Unit.onUpdate() subscription removed. Remaining: 0
[90mstdout[2m | src/components/RecordingStudio3.stories.jsx[2m > [22m[2mConversation Preset
[22m[39m[MOCK CourseVectorStore] Initialized with mock data
 [32m✓[39m [30m[42m unit [49m[39m test/unit/notificationComponents.test.tsx [2m([22m[2m17 tests[22m[2m)[22m[33m 1456[2mms[22m[39m
     [33m[2m✓[22m[39m renders notifications [33m 391[2mms[22m[39m
[90mstdout[2m | src/components/RecordingStudio3.stories.jsx[2m > [22m[2mConversation Preset
[22m[39m[TranslationModeController] Setting mode to: off
[90mstdout[2m | src/components/RecordingStudio3.stories.jsx[2m > [22m[2mConversation Preset
[22m[39m[UnitContext] useEffect triggered {
  "authLoading": false,
  "hasUser": true,
  "id": "mock-unit-id",
  "userSub": "mock-user-sub",
}
[90mstdout[2m | src/components/RecordingStudio3.stories.jsx[2m > [22m[2mConversation Preset
[22m[39m[UnitContext] Fetching unit data for id: mock-unit-id
[90mstdout[2m | src/components/RecordingStudio3.stories.jsx[2m > [22m[2mConversation Preset
[22m[39m[FilesContext] Initializing vector store from IndexedDB
[90mstdout[2m | src/components/RecordingStudio3.stories.jsx[2m > [22m[2mConversation Preset
[22m[39m[FilesContext] fetchFiles called
[90mstdout[2m | src/components/RecordingStudio3.stories.jsx[2m > [22m[2mConversation Preset
[22m[39m[FilesContext] User authenticated: mock-user-sub
[90mstdout[2m | src/components/RecordingStudio3.stories.jsx[2m > [22m[2mConversation Preset
[22m[39m[FilesContext] Identity ID: us-east-1:mock-identity-123
[90mstdout[2m | src/components/RecordingStudio3.stories.jsx[2m > [22m[2mConversation Preset
[22m[39m[FilesContext] About to set up File observeQuery
[90mstdout[2m | src/components/RecordingStudio3.stories.jsx[2m > [22m[2mConversation Preset
[22m[39m[ChatContext] Setting up AssistantChat observeQuery
[90mstdout[2m | src/components/RecordingStudio3.stories.jsx[2m > [22m[2mConversation Preset
[22m[39m[ChatContext] Waiting for subscription to initialize
[90mstdout[2m | src/components/RecordingStudio3.stories.jsx[2m > [22m[2mConversation Preset
[22m[39m[SettingsContext] Setting up Settings subscription for user: mock-user-sub
[90mstdout[2m | src/components/RecordingStudio3.stories.jsx[2m > [22m[2mConversation Preset
[22m[39m[Mock Data] Settings created: mock-settings-1790418398158 - notified 0 subscribers
[90mstdout[2m | src/components/RecordingStudio3.stories.jsx[2m > [22m[2mConversation Preset
[22m[39m[Mock Data] Unit.onUpdate() subscription added. Total: 1
[90mstdout[2m | src/components/RecordingStudio3.stories.jsx[2m > [22m[2mConversation Preset
[22m[39m[SectionContext] Section observeQuery update: 0
[90mstdout[2m | src/components/RecordingStudio3.stories.jsx[2m > [22m[2mConversation Preset
[22m[39m[FilesContext] File observeQuery update: 6 files
[90mstdout[2m | src/components/RecordingStudio3.stories.jsx[2m > [22m[2mConversation Preset
[22m[39m[ChatContext] AssistantChat initialized with 1 chats
[90mstdout[2m | src/components/RecordingStudio3.stories.jsx[2m > [22m[2mConversation Preset
[22m[39m[ChatContext] Setting initial chat: mock-assistant-chat-1
[90mstdout[2m | src/components/RecordingStudio3.stories.jsx[2m > [22m[2mConversation Preset
[22m[39m[MOCK CourseVectorStore] Initialized with mock data
[90mstdout[2m | src/components/RecordingStudio3.stories.jsx[2m > [22m[2mConversation Preset
[22m[39m[FilesContext] Vector store population triggered {
  "currentVectorStoreSize": 3,
  "documentsCount": 0,
  "filesCount": 6,
  "isInitialLoad": true,
}
[90mstdout[2m | src/components/RecordingStudio3.stories.jsx[2m > [22m[2mConversation Preset
[22m[39m[FilesContext] Vector store population complete - 3 total embeddings
[90mstdout[2m | src/components/RecordingStudio3.stories.jsx[2m > [22m[2mConversation Preset
[22m[39m[ChatContext] Chat exists and not archived, skipping creation
[90mstdout[2m | src/components/RecordingStudio3.stories.jsx[2m > [22m[2mConversation Preset
[22m[39m[Mock Storage] downloadData called with: undefined
[90mstdout[2m | src/components/RecordingStudio3.stories.jsx[2m > [22m[2mQuestion Preset
[22m[39m[ChatContext] Cleaning up subscriptions
[90mstdout[2m | src/components/RecordingStudio3.stories.jsx[2m > [22m[2mQuestion Preset
[22m[39m[Mock Data] Unit.onUpdate() subscription removed. Remaining: 0
[90mstdout[2m | src/components/RecordingStudio3.stories.jsx[2m > [22m[2mQuestion Preset
[22m[39m[MOCK CourseVectorStore] Initialized with mock data
[90mstdout[2m | src/components/RecordingStudio3.stories.jsx[2m > [22m[2mQuestion Preset
[22m[39m[TranslationModeController] Setting mode to: off
[90mstdout[2m | src/components/RecordingStudio3.stories.jsx[2m > [22m[2mQuestion Preset
[22m[39m[UnitContext] useEffect triggered {
  "authLoading": false,
  "hasUser": true,
  "id": "mock-unit-id",
  "userSub": "mock-user-sub",
}
[90mstdout[2m | src/components/RecordingStudio3.stories.jsx[2m > [22m[2mQuestion Preset
[22m[39m[UnitContext] Fetching unit data for id: mock-unit-id
[90mstdout[2m | src/components/RecordingStudio3.stories.jsx[2m > [22m[2mQuestion Preset
[22m[39m[FilesContext] Initializing vector store from IndexedDB
[90mstdout[2m | src/components/RecordingStudio3.stories.jsx[2m > [22m[2mQuestion Preset
[22m[39m[FilesContext] fetchFiles called
[90mstdout[2m | src/components/RecordingStudio3.stories.jsx[2m > [22m[2mQuestion Preset
[22m[39m[FilesContext] User authenticated: mock-user-sub
[90mstdout[2m | src/components/RecordingStudio3.stories.jsx[2m > [22m[2mQuestion Preset
[22m[39m[FilesContext] Identity ID: us-east-1:mock-identity-123
[90mstdout[2m | src/components/RecordingStudio3.stories.jsx[2m > [22m[2mQuestion Preset
[22m[39m[FilesContext] About to set up File observeQuery
[90mstdout[2m | src/components/RecordingStudio3.stories.jsx[2m > [22m[2mQuestion Preset
[22m[39m[ChatContext] Setting up AssistantChat observeQuery
[90mstdout[2m | src/components/RecordingStudio3.stories.jsx[2m > [22m[2mQuestion Preset
[22m[39m[ChatContext] Waiting for subscription to initialize
[90mstdout[2m | src/components/RecordingStudio3.stories.jsx[2m > [22m[2mQuestion Preset
[22m[39m[SettingsContext] Setting up Settings subscription for user: mock-user-sub
[90mstdout[2m | src/components/RecordingStudio3.stories.jsx[2m > [22m[2mQuestion Preset
[22m[39m[Mock Data] Settings created: mock-settings-1790418398795 - notified 0 subscribers
[90mstdout[2m | src/components/RecordingStudio3.stories.jsx[2m > [22m[2mQuestion Preset
[22m[39m[Mock Data] Unit.onUpdate() subscription added. Total: 1
[90mstdout[2m | src/components/RecordingStudio3.stories.jsx[2m > [22m[2mQuestion Preset
[22m[39mScript changed: {
  "dialogue": [],
  "metadata": {
    "date": "2026-09-26",
    "scene": "",
    "title": "Coffee Shop",
    "version": "1.0",
  },
  "speakers": {},
}
[90mstdout[2m | src/components/RecordingStudio3.stories.jsx[2m > [22m[2mQuestion Preset
[22m[39m[SectionContext] Section observeQuery update: 0
[90mstdout[2m | src/components/RecordingStudio3.stories.jsx[2m > [22m[2mQuestion Preset
[22m[39m[FilesContext] File observeQuery update: 6 files
[90mstdout[2m | src/components/RecordingStudio3.stories.jsx[2m > [22m[2mQuestion Preset
[22m[39m[ChatContext] AssistantChat initialized with 1 chats
[90mstdout[2m | src/components/RecordingStudio3.stories.jsx[2m > [22m[2mQuestion Preset
[22m[39m[ChatContext] Setting initial chat: mock-assistant-chat-1
[90mstdout[2m | src/components/RecordingStudio3.stories.jsx[2m > [22m[2mQuestion Preset
[22m[39m[MOCK CourseVectorStore] Initialized with mock data
[90mstdout[2m | src/components/RecordingStudio3.stories.jsx[2m > [22m[2mQuestion Preset
[22m[39m[FilesContext] Vector store population triggered {
  "currentVectorStoreSize": 3,
  "documentsCount": 0,
  "filesCount": 6,
  "isInitialLoad": true,
}
[90mstdout[2m | src/components/RecordingStudio3.stories.jsx[2m > [22m[2mQuestion Preset
[22m[39m[FilesContext] Vector store population complete - 3 total embeddings
[90mstdout[2m | src/components/RecordingStudio3.stories.jsx[2m > [22m[2mQuestion Preset
[22m[39m[ChatContext] Chat exists and not archived, skipping creation
[90mstdout[2m | src/components/RecordingStudio3.stories.jsx[2m > [22m[2mQuestion Preset
[22m[39m[Mock Storage] downloadData called with: undefined
[90mstdout[2m | src/components/RecordingStudio3.stories.jsx
[22m[39m
════════════════════════════════════════════════════════════
[90mstdout[2m | src/components/RecordingStudio3.stories.jsx
[22m[39m  STORYBOOK AUDIT — 1 issue(s) in 10 stories
[90mstdout[2m | src/components/RecordingStudio3.stories.jsx
[22m[39m════════════════════════════════════════════════════════════
[90mstdout[2m | src/components/RecordingStudio3.stories.jsx
[22m[39m  CONSOLE ERRORS (1 total across 1 unique):
[90mstdout[2m | src/components/RecordingStudio3.stories.jsx
[22m[39m    [1x] Cannot update a component (`%s`) while rendering a different component (`%s`). To locate the bad set
[90mstdout[2m | src/components/RecordingStudio3.stories.jsx
[22m[39m
[90mstdout[2m | src/components/RecordingStudio3.stories.jsx
[22m[39m  STORIES WITH ISSUES:
[90mstdout[2m | src/components/RecordingStudio3.stories.jsx
[22m[39m    • Word Preset (1 console)
[90mstdout[2m | src/components/RecordingStudio3.stories.jsx
[22m[39m
[90mstdout[2m | src/components/RecordingStudio3.stories.jsx
[22m[39m  VERDICT: ISSUES FOUND
[90mstdout[2m | src/components/RecordingStudio3.stories.jsx
[22m[39m════════════════════════════════════════════════════════════

 [32m✓[39m [30m[45m storybook (chromium) [49m[39m src/components/RecordingStudio3.stories.jsx [2m([22m[2m10 tests[22m[2m)[22m[33m 13625[2mms[22m[39m
   [33m[2m✓[22m[39m Coffee Shop Dialogue [33m 1253[2mms[22m[39m
   [33m[2m✓[22m[39m Japanese Vocabulary Word [33m 1201[2mms[22m[39m
   [33m[2m✓[22m[39m Quiz Question Audio [33m 776[2mms[22m[39m
   [33m[2m✓[22m[39m Comparing Multiple Takes [33m 3401[2mms[22m[39m
   [33m[2m✓[22m[39m Preview Mode [33m 2795[2mms[22m[39m
   [33m[2m✓[22m[39m Start From Scratch [33m 632[2mms[22m[39m
   [33m[2m✓[22m[39m Interactive [33m 896[2mms[22m[39m
   [33m[2m✓[22m[39m Word Preset [33m 1419[2mms[22m[39m
   [33m[2m✓[22m[39m Conversation Preset [33m 541[2mms[22m[39m
   [33m[2m✓[22m[39m Question Preset [33m 694[2mms[22m[39m
[90mstdout[2m | unknown test
[22m[39mScript changed: {
  "dialogue": [
    {
      "activeTakeIndex": null,
      "direction": "questioning tone",
      "emotion": "inquisitive",
      "id": 1,
      "speaker": "question_prompt",
      "takes": [],
      "text": "What is the capital of France?",
      "timing": {
        "end": 2.4,
        "start": 0,
      },
    },
    {
      "activeTakeIndex": null,
      "direction": "confident",
      "emotion": "assured",
      "id": 2,
      "speaker": "answer",
      "takes": [],
      "text": "Paris",
      "timing": {
        "end": 3.9,
        "start": 2.9,
      },
    },
  ],
  "metadata": {
    "date": "2026-09-26",
    "scene": "",
    "title": "What is the capital of France? — Question",
    "version": "1.0",
  },
  "speakers": {
    "answer": {
      "description": "assured",
      "name": "ANSWER",
      "voice": "alloy",
    },
    "question_prompt": {
      "description": "inquisitive",
      "name": "QUESTION PROMPT",
      "voice": "alloy",
    },
  },
}
[90mstdout[2m | src/components/Gamification/__tests__/GamificationExpansion.test.tsx
[22m[39m✓ Loaded .env.test

[90mstdout[2m | unknown test
[22m[39m[MOCK vectorStoreDB.js] Module loaded - mock IndexedDB operations
[90mstdout[2m | unknown test
[22m[39m[Task Completion] DOM action listeners initialized
[90mstdout[2m | unknown test
[22m[39m[Task Completion] Auto-completion detector initialized
[90mstdout[2m | unknown test
[22m[39m[Preview] Task completion detector initialized
 [32m✓[39m [30m[42m unit [49m[39m src/components/Editor3/components/__tests__/AnswerComponent.test.tsx [2m([22m[2m7 tests[22m[2m)[22m[33m 1047[2mms[22m[39m
       [33m[2m✓[22m[39m renders the prompt text [33m 412[2mms[22m[39m
 [32m✓[39m [30m[42m unit [49m[39m src/components/Gamification/__tests__/SquadChallenge.test.tsx [2m([22m[2m15 tests[22m[2m)[22m[33m 856[2mms[22m[39m
[90mstdout[2m | src/hooks/useYjsUnit.test.ts
[22m[39m✓ Loaded .env.test

 [32m✓[39m [30m[42m unit [49m[39m src/components/Gamification/__tests__/BossBattleForm.test.tsx [2m([22m[2m11 tests[22m[2m)[22m[33m 15812[2mms[22m[39m
     [33m[2m✓[22m[39m renders all form fields [33m 1161[2mms[22m[39m
     [33m[2m✓[22m[39m submit button is disabled when title is empty [33m 514[2mms[22m[39m
     [33m[2m✓[22m[39m submit button is disabled when targetXP is empty [33m 1913[2mms[22m[39m
     [33m[2m✓[22m[39m submit button is enabled with valid title and targetXP [33m 1714[2mms[22m[39m
     [33m[2m✓[22m[39m calls onSubmit with default stakes on form submission [33m 4572[2mms[22m[39m
     [33m[2m✓[22m[39m toggles stake switches and submits updated stakes [33m 2777[2mms[22m[39m
     [33m[2m✓[22m[39m resets form after successful submission [33m 2303[2mms[22m[39m
[90mstdout[2m | src/components/Leaderboard/__tests__/Leaderboard.test.tsx
[22m[39m✓ Loaded .env.test

 [32m✓[39m [30m[42m unit [49m[39m src/components/Gamification/__tests__/GamificationExpansion.test.tsx [2m([22m[2m20 tests[22m[2m)[22m[33m 742[2mms[22m[39m
 [32m✓[39m [30m[42m unit [49m[39m src/hooks/useYjsUnit.test.ts [2m([22m[2m24 tests[22m[2m)[22m[33m 1176[2mms[22m[39m
[90mstdout[2m | src/components/Gamification/__tests__/Gamification.test.tsx
[22m[39m✓ Loaded .env.test

 [32m✓[39m [30m[45m integration [49m[39m test/integration/file-manager.test.tsx [2m([22m[2m7 tests[22m[2m)[22m[33m 613[2mms[22m[39m
     [33m[2m✓[22m[39m renders upload button with aria-label [33m 325[2mms[22m[39m
[90mstdout[2m | test/unit/notificationInvitations.test.tsx
[22m[39m✓ Loaded .env.test

[90mstdout[2m | src/components/Gamification/__tests__/GamificationToastLayer.test.tsx
[22m[39m✓ Loaded .env.test

 [32m✓[39m [30m[42m unit [49m[39m src/components/Leaderboard/__tests__/Leaderboard.test.tsx [2m([22m[2m9 tests[22m[2m)[22m[33m 435[2mms[22m[39m
 [32m✓[39m [30m[42m unit [49m[39m test/unit/notificationInvitations.test.tsx [2m([22m[2m8 tests[22m[2m)[22m[32m 172[2mms[22m[39m
 [32m✓[39m [30m[42m unit [49m[39m src/components/Gamification/__tests__/Gamification.test.tsx [2m([22m[2m16 tests[22m[2m)[22m[33m 415[2mms[22m[39m
[90mstdout[2m | src/context/__tests__/gamificationContext.test.tsx
[22m[39m✓ Loaded .env.test

[90mstdout[2m | src/components/Editor3/components/__tests__/Save.test.tsx
[22m[39m✓ Loaded .env.test

[90mstdout[2m | src/components/Gamification/__tests__/SkillTree.test.tsx
[22m[39m✓ Loaded .env.test

[90mstdout[2m | src/components/Editor3/Editor.stories.jsx[2m > [22m[2mEmpty Editor Text Formatting
[22m[39m[Preview] Skipped initializing default mock data (initializeMockData=false)
[90mstdout[2m | src/components/Editor3/Editor.stories.jsx[2m > [22m[2mEmpty Editor Text Formatting
[22m[39m[Mock Data] seedMockUnit: Adding unit empty-editor-text-formatting-id
[90mstdout[2m | src/components/Editor3/Editor.stories.jsx[2m > [22m[2mEmpty Editor Text Formatting
[22m[39m[MOCK CourseVectorStore] Initialized with mock data
[90mstdout[2m | src/components/Editor3/Editor.stories.jsx[2m > [22m[2mEmpty Editor Text Formatting
[22m[39m[useTabState] Initialized with: {
  "leftOpen": false,
  "leftTab": 4,
  "leftWidth": 350,
  "rightOpen": false,
  "rightTab": 5,
  "rightWidth": 350,
} from URL: {} localStorage: null defaults: {
  "defaultLeftTab": 4,
  "defaultRightTab": 5,
}
[90mstdout[2m | src/components/Editor3/Editor.stories.jsx[2m > [22m[2mEmpty Editor Text Formatting
[22m[39m[FileManager2] Files received from context: 0 []
[90mstdout[2m | src/components/Editor3/Editor.stories.jsx[2m > [22m[2mEmpty Editor Text Formatting
[22m[39m[FileManager2] Upload useEffect triggered. filesToUpload: 0 uploadInProgress: false
[90mstdout[2m | src/components/Editor3/Editor.stories.jsx[2m > [22m[2mEmpty Editor Text Formatting
[22m[39m[FileManager2] Skipping upload - no files or already in progress
[90mstdout[2m | src/components/Editor3/Editor.stories.jsx[2m > [22m[2mEmpty Editor Text Formatting
[22m[39m[chatTools] Vector store search function registered: true
[90mstdout[2m | src/components/Editor3/Editor.stories.jsx[2m > [22m[2mEmpty Editor Text Formatting
[22m[39m[ChatSidebar] Registered vector store search, isReady: false
[90mstdout[2m | src/components/Editor3/Editor.stories.jsx[2m > [22m[2mEmpty Editor Text Formatting
[22m[39m[chatTools] Practice drill callback registered: true
[90mstdout[2m | src/components/Editor3/Editor.stories.jsx[2m > [22m[2mEmpty Editor Text Formatting
[22m[39m[useChatPageContext] Registering page context: {
  "dictionaryCount": 0,
  "filesCount": 0,
  "hasEditorRef": true,
  "hasUnit": true,
  "hasVectorStoreSearch": true,
  "questionsCount": 0,
  "sectionsCount": 0,
}
[90mstdout[2m | src/components/Editor3/Editor.stories.jsx[2m > [22m[2mEmpty Editor Text Formatting
[22m[39m[TranslationModeController] Setting mode to: off
[90mstdout[2m | src/components/Editor3/Editor.stories.jsx[2m > [22m[2mEmpty Editor Text Formatting
[22m[39m[UnitContext] useEffect triggered {
  "authLoading": false,
  "hasUser": true,
  "id": "empty-editor-text-formatting-id",
  "userSub": "mock-user-sub",
}
[90mstdout[2m | src/components/Editor3/Editor.stories.jsx[2m > [22m[2mEmpty Editor Text Formatting
[22m[39m[UnitContext] Fetching unit data for id: empty-editor-text-formatting-id
[90mstdout[2m | src/components/Editor3/Editor.stories.jsx[2m > [22m[2mEmpty Editor Text Formatting
[22m[39m[FilesContext] Initializing vector store from IndexedDB
[90mstdout[2m | src/components/Editor3/Editor.stories.jsx[2m > [22m[2mEmpty Editor Text Formatting
[22m[39m[FilesContext] fetchFiles called
[90mstdout[2m | src/components/Editor3/Editor.stories.jsx[2m > [22m[2mEmpty Editor Text Formatting
[22m[39m[FilesContext] User authenticated: mock-user-sub
[90mstdout[2m | src/components/Editor3/Editor.stories.jsx[2m > [22m[2mEmpty Editor Text Formatting
[22m[39m[FilesContext] Identity ID: us-east-1:mock-identity-123
[90mstdout[2m | src/components/Editor3/Editor.stories.jsx[2m > [22m[2mEmpty Editor Text Formatting
[22m[39m[FilesContext] About to set up File observeQuery
[90mstdout[2m | src/components/Editor3/Editor.stories.jsx[2m > [22m[2mEmpty Editor Text Formatting
[22m[39m[ChatContext] Setting up AssistantChat observeQuery
[90mstdout[2m | src/components/Editor3/Editor.stories.jsx[2m > [22m[2mEmpty Editor Text Formatting
[22m[39m[ChatContext] Waiting for subscription to initialize
[90mstdout[2m | src/components/Editor3/Editor.stories.jsx[2m > [22m[2mEmpty Editor Text Formatting
[22m[39m[SettingsContext] Setting up Settings subscription for user: mock-user-sub
 [32m✓[39m [30m[42m unit [49m[39m src/components/Gamification/__tests__/GamificationToastLayer.test.tsx [2m([22m[2m6 tests[22m[2m)[22m[33m 580[2mms[22m[39m
[90mstdout[2m | src/components/RecordingStudio3/__tests__/RecordingStudio3.a11y.test.tsx
[22m[39m✓ Loaded .env.test

[90mstdout[2m | src/components/Editor3/Editor.stories.jsx[2m > [22m[2mEmpty Editor Text Formatting
[22m[39m[useChatPageContext] Cleaning up page context
[90mstdout[2m | src/components/Editor3/Editor.stories.jsx[2m > [22m[2mEmpty Editor Text Formatting
[22m[39m[useChatPageContext] Registering page context: {
  "dictionaryCount": 0,
  "filesCount": 0,
  "hasEditorRef": true,
  "hasUnit": true,
  "hasVectorStoreSearch": true,
  "questionsCount": 0,
  "sectionsCount": 0,
}
 [32m✓[39m [30m[45m integration [49m[39m test/integration/question-editor.test.tsx [2m([22m[2m23 tests[22m[2m)[22m[33m 3771[2mms[22m[39m
     [33m[2m✓[22m[39m handles large question lists with virtual scrolling [33m 844[2mms[22m[39m
[90mstdout[2m | src/components/Editor3/Editor.stories.jsx[2m > [22m[2mEmpty Editor Text Formatting
[22m[39m[Editor onChange] Skipping save - no initial state loaded yet
[90mstdout[2m | src/components/Editor3/Editor.stories.jsx[2m > [22m[2mEmpty Editor Text Formatting
[22m[39m[Mock Data] Settings created: mock-settings-1790418409875 - notified 0 subscribers
[90mstdout[2m | src/components/Editor3/Editor.stories.jsx[2m > [22m[2mEmpty Editor Text Formatting
[22m[39m[Mock Data] Unit.onUpdate() subscription added. Total: 1
[90mstdout[2m | src/components/Editor3/Editor.stories.jsx[2m > [22m[2mEmpty Editor Text Formatting
[22m[39m[Mock] CollaborationPlugin rendered with props: {
  "color": "#f59e0b",
  "cursorsContainerRef": {
    "current": <div
      class="jsx-9364b876b91d91fe collaboration-cursors-container"
      style="position: relative;"
    >
      <div
        aria-label="Edit"
        class="editor"
        contenteditable="true"
        data-lexical-editor="true"
        data-tour="editor"
        role="textbox"
        spellcheck="true"
        style="max-width: 100%; outline: none; min-height: 100%; padding: 1rem 2rem 1rem 0.5rem; user-select: text; white-space: pre-wrap; word-break: break-word;"
      />
      <div
        class="jsx-e404209429cec6f3 editor-placeholder"
      >
        Start typing or use the toolbar above to add content...
      </div>
    </div>,
  },
  "provider": YjsDocProvider {
    "awareness": Awareness {
      "_checkInterval": 16,
      "_observers": Map {},
      "clientID": 828081996,
      "doc": {
        "editorContent": "",
        "metadata": {},
      },
      "meta": Map {
        828081996 => {
          "clock": 0,
          "lastUpdated": 1790418409251,
        },
      },
      "states": Map {
        828081996 => {},
      },
    },
    "config": {
      "connect": false,
      "docName": "unit-null",
      "maxBackoffTime": 30000,
      "persistence": false,
      "resyncInterval": 5000,
      "wsUrl": "wss://j5eyo7cpia.execute-api.us-east-1.amazonaws.com/live",
    },
    "defaultConfig": {
      "connect": true,
      "maxBackoffTime": 30000,
      "persistence": true,
      "resyncInterval": 5000,
      "wsUrl": "wss://j5eyo7cpia.execute-api.us-east-1.amazonaws.com/live",
    },
    "docName": "unit-null",
    "hasLoggedConnectionError": false,
    "indexeddb": null,
    "lastStatusLog": "",
    "listeners": Map {
      "doc-reset" => Set {
        [Function handleDocReset],
      },
    },
    "resetCount": 0,
    "wsProvider": null,
    "ydoc": {
      "editorContent": "",
      "metadata": {},
    },
  },
  "username": "mock-user-sub",
}
 [32m✓[39m [30m[42m unit [49m[39m src/components/Gamification/__tests__/SkillTree.test.tsx [2m([22m[2m10 tests[22m[2m)[22m[33m 331[2mms[22m[39m
[90mstdout[2m | src/components/Editor3/Editor.stories.jsx[2m > [22m[2mEmpty Editor Text Formatting
[22m[39m[Editor onChange] Skipping save due to tags: [
  "history-merge",
]
[90mstdout[2m | src/components/Editor3/Editor.stories.jsx[2m > [22m[2mEmpty Editor Text Formatting
[22m[39m[chatTools] Vector store search function registered: false
[90mstdout[2m | src/components/Editor3/Editor.stories.jsx[2m > [22m[2mEmpty Editor Text Formatting
[22m[39m[chatTools] Practice drill callback registered: false
[90mstdout[2m | src/components/Editor3/Editor.stories.jsx[2m > [22m[2mEmpty Editor Text Formatting
[22m[39m[useChatPageContext] Cleaning up page context
[90mstdout[2m | src/components/Editor3/Editor.stories.jsx[2m > [22m[2mEmpty Editor Text Formatting
[22m[39m[FileManager2] Files received from context: 0 []
[90mstdout[2m | src/components/Editor3/Editor.stories.jsx[2m > [22m[2mEmpty Editor Text Formatting
[22m[39m[FileManager2] Upload useEffect triggered. filesToUpload: 0 uploadInProgress: false
[90mstdout[2m | src/components/Editor3/Editor.stories.jsx[2m > [22m[2mEmpty Editor Text Formatting
[22m[39m[FileManager2] Skipping upload - no files or already in progress
[90mstdout[2m | src/components/Editor3/Editor.stories.jsx[2m > [22m[2mEmpty Editor Text Formatting
[22m[39m[chatTools] Vector store search function registered: true
[90mstdout[2m | src/components/Editor3/Editor.stories.jsx[2m > [22m[2mEmpty Editor Text Formatting
[22m[39m[ChatSidebar] Registered vector store search, isReady: false
[90mstdout[2m | src/components/Editor3/Editor.stories.jsx[2m > [22m[2mEmpty Editor Text Formatting
[22m[39m[chatTools] Practice drill callback registered: true
[90mstdout[2m | src/components/Editor3/Editor.stories.jsx[2m > [22m[2mEmpty Editor Text Formatting
[22m[39m[useChatPageContext] Registering page context: {
  "dictionaryCount": 0,
  "filesCount": 0,
  "hasEditorRef": true,
  "hasUnit": true,
  "hasVectorStoreSearch": true,
  "questionsCount": 0,
  "sectionsCount": 0,
}
[90mstdout[2m | src/components/Editor3/Editor.stories.jsx[2m > [22m[2mEmpty Editor Text Formatting
[22m[39m[Mock] CollaborationPlugin rendered with props: {
  "color": "#f59e0b",
  "cursorsContainerRef": {
    "current": <div
      class="jsx-9364b876b91d91fe collaboration-cursors-container"
      style="position: relative;"
    >
      <div
        aria-label="Edit"
        autocapitalize="off"
        class="editor"
        contenteditable="true"
        data-lexical-editor="true"
        data-tour="editor"
        role="textbox"
        spellcheck="true"
        style="max-width: 100%; outline: none; min-height: 100%; padding: 1rem 2rem 1rem 0.5rem; user-select: text; white-space: pre-wrap; word-break: break-word;"
      />
      <div
        class="jsx-e404209429cec6f3 editor-placeholder"
      >
        Start typing or use the toolbar above to add content...
      </div>
    </div>,
  },
  "provider": YjsDocProvider {
    "awareness": Awareness {
      "_checkInterval": 16,
      "_observers": Map {},
      "clientID": 828081996,
      "doc": {
        "editorContent": "",
        "metadata": {},
      },
      "meta": Map {
        828081996 => {
          "clock": 0,
          "lastUpdated": 1790418409251,
        },
      },
      "states": Map {
        828081996 => {},
      },
    },
    "config": {
      "connect": false,
      "docName": "unit-null",
      "maxBackoffTime": 30000,
      "persistence": false,
      "resyncInterval": 5000,
      "wsUrl": "wss://j5eyo7cpia.execute-api.us-east-1.amazonaws.com/live",
    },
    "defaultConfig": {
      "connect": true,
      "maxBackoffTime": 30000,
      "persistence": true,
      "resyncInterval": 5000,
      "wsUrl": "wss://j5eyo7cpia.execute-api.us-east-1.amazonaws.com/live",
    },
    "docName": "unit-null",
    "hasLoggedConnectionError": false,
    "indexeddb": null,
    "lastStatusLog": "",
    "listeners": Map {
      "doc-reset" => Set {
        [Function handleDocReset],
      },
    },
    "resetCount": 0,
    "wsProvider": null,
    "ydoc": {
      "editorContent": "",
      "metadata": {},
    },
  },
  "username": "mock-user-sub",
}
 [32m✓[39m [30m[42m unit [49m[39m src/context/__tests__/gamificationContext.test.tsx [2m([22m[2m29 tests[22m[2m)[22m[33m 534[2mms[22m[39m
[90mstdout[2m | src/components/Editor3/Editor.stories.jsx[2m > [22m[2mEmpty Editor Text Formatting
[22m[39m[useChatPageContext] Cleaning up page context
[90mstdout[2m | src/components/Editor3/Editor.stories.jsx[2m > [22m[2mEmpty Editor Text Formatting
[22m[39m[useChatPageContext] Registering page context: {
  "dictionaryCount": 0,
  "filesCount": 0,
  "hasEditorRef": true,
  "hasUnit": true,
  "hasVectorStoreSearch": true,
  "questionsCount": 0,
  "sectionsCount": 0,
}
[90mstdout[2m | src/components/Editor3/Editor.stories.jsx[2m > [22m[2mEmpty Editor Text Formatting
[22m[39m[Mock] CollaborationPlugin rendered with props: {
  "color": "#f59e0b",
  "cursorsContainerRef": {
    "current": <div
      class="jsx-9364b876b91d91fe collaboration-cursors-container"
      style="position: relative;"
    >
      <div
        aria-label="Edit"
        autocapitalize="off"
        class="editor"
        contenteditable="true"
        data-lexical-editor="true"
        data-tour="editor"
        role="textbox"
        spellcheck="true"
        style="max-width: 100%; outline: none; min-height: 100%; padding: 1rem 2rem 1rem 0.5rem; user-select: text; white-space: pre-wrap; word-break: break-word;"
      />
      <div
        class="jsx-e404209429cec6f3 editor-placeholder"
      >
        Start typing or use the toolbar above to add content...
      </div>
    </div>,
  },
  "provider": YjsDocProvider {
    "awareness": Awareness {
      "_checkInterval": 16,
      "_observers": Map {},
      "clientID": 828081996,
      "doc": {
        "editorContent": "",
        "metadata": {},
      },
      "meta": Map {
        828081996 => {
          "clock": 0,
          "lastUpdated": 1790418409251,
        },
      },
      "states": Map {
        828081996 => {},
      },
    },
    "config": {
      "connect": false,
      "docName": "unit-null",
      "maxBackoffTime": 30000,
      "persistence": false,
      "resyncInterval": 5000,
      "wsUrl": "wss://j5eyo7cpia.execute-api.us-east-1.amazonaws.com/live",
    },
    "defaultConfig": {
      "connect": true,
      "maxBackoffTime": 30000,
      "persistence": true,
      "resyncInterval": 5000,
      "wsUrl": "wss://j5eyo7cpia.execute-api.us-east-1.amazonaws.com/live",
    },
    "docName": "unit-null",
    "hasLoggedConnectionError": false,
    "indexeddb": null,
    "lastStatusLog": "",
    "listeners": Map {
      "doc-reset" => Set {
        [Function handleDocReset],
      },
    },
    "resetCount": 0,
    "wsProvider": null,
    "ydoc": {
      "editorContent": "",
      "metadata": {},
    },
  },
  "username": "mock-user-sub",
}
[90mstdout[2m | src/components/Editor3/Editor.stories.jsx[2m > [22m[2mEmpty Editor Text Formatting
[22m[39m[Editor onChange] Skipping save - no initial state loaded yet
[90mstdout[2m | src/components/Editor3/Editor.stories.jsx[2m > [22m[2mEmpty Editor Text Formatting
[22m[39m[Mock] CollaborationPlugin rendered with props: {
  "color": "#f59e0b",
  "cursorsContainerRef": {
    "current": <div
      class="jsx-9364b876b91d91fe collaboration-cursors-container"
      style="position: relative;"
    >
      <div
        aria-label="Edit"
        class="editor"
        contenteditable="true"
        data-lexical-editor="true"
        data-tour="editor"
        role="textbox"
        spellcheck="true"
        style="max-width: 100%; outline: none; min-height: 100%; padding: 1rem 2rem 1rem 0.5rem; user-select: text; white-space: pre-wrap; word-break: break-word;"
      />
      <div
        class="jsx-e404209429cec6f3 editor-placeholder"
      >
        Start typing or use the toolbar above to add content...
      </div>
    </div>,
  },
  "provider": YjsDocProvider {
    "awareness": Awareness {
      "_checkInterval": 16,
      "_observers": Map {},
      "clientID": 828081996,
      "doc": {
        "editorContent": "",
        "metadata": {},
      },
      "meta": Map {
        828081996 => {
          "clock": 0,
          "lastUpdated": 1790418409251,
        },
      },
      "states": Map {
        828081996 => {},
      },
    },
    "config": {
      "connect": false,
      "docName": "unit-null",
      "maxBackoffTime": 30000,
      "persistence": false,
      "resyncInterval": 5000,
      "wsUrl": "wss://j5eyo7cpia.execute-api.us-east-1.amazonaws.com/live",
    },
    "defaultConfig": {
      "connect": true,
      "maxBackoffTime": 30000,
      "persistence": true,
      "resyncInterval": 5000,
      "wsUrl": "wss://j5eyo7cpia.execute-api.us-east-1.amazonaws.com/live",
    },
    "docName": "unit-null",
    "hasLoggedConnectionError": false,
    "indexeddb": null,
    "lastStatusLog": "",
    "listeners": Map {
      "doc-reset" => Set {
        [Function handleDocReset],
      },
    },
    "resetCount": 0,
    "wsProvider": null,
    "ydoc": {
      "editorContent": "",
      "metadata": {},
    },
  },
  "username": "mock-user-sub",
}
[90mstdout[2m | src/components/Editor3/Editor.stories.jsx[2m > [22m[2mEmpty Editor Text Formatting
[22m[39m[SectionContext] Section observeQuery update: 0
[90mstdout[2m | src/components/Editor3/Editor.stories.jsx[2m > [22m[2mEmpty Editor Text Formatting
[22m[39m[FilesContext] File observeQuery update: 0 files
[90mstdout[2m | src/components/Editor3/Editor.stories.jsx[2m > [22m[2mEmpty Editor Text Formatting
[22m[39m[ChatContext] AssistantChat initialized with 0 chats
[90mstdout[2m | src/components/Editor3/Editor.stories.jsx[2m > [22m[2mEmpty Editor Text Formatting
[22m[39mfilterWords {
  "filter": "",
  "wordsCount": 0,
}
[90mstdout[2m | src/components/Editor3/Editor.stories.jsx[2m > [22m[2mEmpty Editor Text Formatting
[22m[39m[MOCK CourseVectorStore] Initialized with mock data
[90mstdout[2m | src/components/Editor3/Editor.stories.jsx[2m > [22m[2mEmpty Editor Text Formatting
[22m[39m[Mock] CollaborationPlugin rendered with props: {
  "color": "#f59e0b",
  "cursorsContainerRef": {
    "current": <div
      class="jsx-9364b876b91d91fe collaboration-cursors-container"
      style="position: relative;"
    >
      <div
        aria-label="Edit"
        class="editor"
        contenteditable="true"
        data-lexical-editor="true"
        data-tour="editor"
        role="textbox"
        spellcheck="true"
        style="max-width: 100%; outline: none; min-height: 100%; padding: 1rem 2rem 1rem 0.5rem; user-select: text; white-space: pre-wrap; word-break: break-word;"
      />
      <div
        class="jsx-e404209429cec6f3 editor-placeholder"
      >
        Start typing or use the toolbar above to add content...
      </div>
    </div>,
  },
  "provider": YjsDocProvider {
    "awareness": Awareness {
      "_checkInterval": 16,
      "_observers": Map {},
      "clientID": 828081996,
      "doc": {
        "editorContent": "",
        "metadata": {},
      },
      "meta": Map {
        828081996 => {
          "clock": 0,
          "lastUpdated": 1790418409251,
        },
      },
      "states": Map {
        828081996 => {},
      },
    },
    "config": {
      "connect": false,
      "docName": "unit-null",
      "maxBackoffTime": 30000,
      "persistence": false,
      "resyncInterval": 5000,
      "wsUrl": "wss://j5eyo7cpia.execute-api.us-east-1.amazonaws.com/live",
    },
    "defaultConfig": {
      "connect": true,
      "maxBackoffTime": 30000,
      "persistence": true,
      "resyncInterval": 5000,
      "wsUrl": "wss://j5eyo7cpia.execute-api.us-east-1.amazonaws.com/live",
    },
    "docName": "unit-null",
    "hasLoggedConnectionError": false,
    "indexeddb": null,
    "lastStatusLog": "",
    "listeners": Map {
      "doc-reset" => Set {
        [Function handleDocReset],
      },
    },
    "resetCount": 0,
    "wsProvider": null,
    "ydoc": {
      "editorContent": "",
      "metadata": {},
    },
  },
  "username": "mock-user-sub",
}
[90mstdout[2m | src/components/Editor3/Editor.stories.jsx[2m > [22m[2mEmpty Editor Text Formatting
[22m[39m[FileManager2] Files received from context: 0 []
[90mstdout[2m | src/components/Editor3/Editor.stories.jsx[2m > [22m[2mEmpty Editor Text Formatting
[22m[39m[ChatContext] No current chat available, will create one
[90mstdout[2m | src/components/Editor3/Editor.stories.jsx[2m > [22m[2mEmpty Editor Text Formatting
[22m[39m[ChatContext] Creating AssistantChat with user: undefined
[90mstdout[2m | src/components/Editor3/Editor.stories.jsx[2m > [22m[2mEmpty Editor Text Formatting
[22m[39m[Mock Data] AssistantChat created: mock-assistantchat-1790418410797 - notified 1 subscribers
[90mstdout[2m | src/components/Editor3/Editor.stories.jsx[2m > [22m[2mEmpty Editor Text Formatting
[22m[39m[Mock] CollaborationPlugin rendered with props: {
  "color": "#f59e0b",
  "cursorsContainerRef": {
    "current": <div
      class="jsx-9364b876b91d91fe collaboration-cursors-container"
      style="position: relative;"
    >
      <div
        aria-label="Edit"
        class="editor"
        contenteditable="true"
        data-lexical-editor="true"
        data-tour="editor"
        role="textbox"
        spellcheck="true"
        style="max-width: 100%; outline: none; min-height: 100%; padding: 1rem 2rem 1rem 0.5rem; user-select: text; white-space: pre-wrap; word-break: break-word;"
      />
      <div
        class="jsx-e404209429cec6f3 editor-placeholder"
      >
        Start typing or use the toolbar above to add content...
      </div>
    </div>,
  },
  "provider": YjsDocProvider {
    "awareness": Awareness {
      "_checkInterval": 16,
      "_observers": Map {},
      "clientID": 828081996,
      "doc": {
        "editorContent": "",
        "metadata": {},
      },
      "meta": Map {
        828081996 => {
          "clock": 0,
          "lastUpdated": 1790418409251,
        },
      },
      "states": Map {
        828081996 => {},
      },
    },
    "config": {
      "connect": false,
      "docName": "unit-null",
      "maxBackoffTime": 30000,
      "persistence": false,
      "resyncInterval": 5000,
      "wsUrl": "wss://j5eyo7cpia.execute-api.us-east-1.amazonaws.com/live",
    },
    "defaultConfig": {
      "connect": true,
      "maxBackoffTime": 30000,
      "persistence": true,
      "resyncInterval": 5000,
      "wsUrl": "wss://j5eyo7cpia.execute-api.us-east-1.amazonaws.com/live",
    },
    "docName": "unit-null",
    "hasLoggedConnectionError": false,
    "indexeddb": null,
    "lastStatusLog": "",
    "listeners": Map {
      "doc-reset" => Set {
        [Function handleDocReset],
      },
    },
    "resetCount": 0,
    "wsProvider": null,
    "ydoc": {
      "editorContent": "",
      "metadata": {},
    },
  },
  "username": "mock-user-sub",
}
[90mstdout[2m | src/components/Editor3/Editor.stories.jsx[2m > [22m[2mEmpty Editor Text Formatting
[22m[39m[ChatContext] Create result: {
  "data": {
    "_version": 1,
    "archived": false,
    "chatFiles": [Function anonymous],
    "createdAt": "2026-09-26T10:26:50.797Z",
    "id": "mock-assistantchat-1790418410797",
    "model": "gpt-4",
    "updatedAt": "2026-09-26T10:26:50.797Z",
  },
  "errors": [],
  "hasData": true,
  "hasErrors": true,
}
[90mstdout[2m | src/components/Editor3/Editor.stories.jsx[2m > [22m[2mEmpty Editor Text Formatting
[22m[39m[ChatContext] Created AssistantChat: mock-assistantchat-1790418410797 at: 2026-09-26T10:26:50.797Z
[90mstdout[2m | src/components/Editor3/Editor.stories.jsx[2m > [22m[2mEmpty Editor Text Formatting
[22m[39m[Mock Storage] downloadData called with: undefined
[90mstdout[2m | src/components/Editor3/Editor.stories.jsx[2m > [22m[2mEmpty Editor Text Formatting
[22m[39m[ChatContext] Setting initial chat: mock-assistantchat-1790418410797
[90mstdout[2m | src/components/Editor3/Editor.stories.jsx[2m > [22m[2mEmpty Editor Text Formatting
[22m[39m[Mock] CollaborationPlugin rendered with props: {
  "color": "#f59e0b",
  "cursorsContainerRef": {
    "current": <div
      class="jsx-9364b876b91d91fe collaboration-cursors-container"
      style="position: relative;"
    >
      <div
        aria-label="Edit"
        class="editor"
        contenteditable="true"
        data-lexical-editor="true"
        data-tour="editor"
        role="textbox"
        spellcheck="true"
        style="max-width: 100%; outline: none; min-height: 100%; padding: 1rem 2rem 1rem 0.5rem; user-select: text; white-space: pre-wrap; word-break: break-word;"
      />
      <div
        class="jsx-e404209429cec6f3 editor-placeholder"
      >
        Start typing or use the toolbar above to add content...
      </div>
    </div>,
  },
  "provider": YjsDocProvider {
    "awareness": Awareness {
      "_checkInterval": 16,
      "_observers": Map {},
      "clientID": 828081996,
      "doc": {
        "editorContent": "",
        "metadata": {},
      },
      "meta": Map {
        828081996 => {
          "clock": 0,
          "lastUpdated": 1790418409251,
        },
      },
      "states": Map {
        828081996 => {},
      },
    },
    "config": {
      "connect": false,
      "docName": "unit-null",
      "maxBackoffTime": 30000,
      "persistence": false,
      "resyncInterval": 5000,
      "wsUrl": "wss://j5eyo7cpia.execute-api.us-east-1.amazonaws.com/live",
    },
    "defaultConfig": {
      "connect": true,
      "maxBackoffTime": 30000,
      "persistence": true,
      "resyncInterval": 5000,
      "wsUrl": "wss://j5eyo7cpia.execute-api.us-east-1.amazonaws.com/live",
    },
    "docName": "unit-null",
    "hasLoggedConnectionError": false,
    "indexeddb": null,
    "lastStatusLog": "",
    "listeners": Map {
      "doc-reset" => Set {
        [Function handleDocReset],
      },
    },
    "resetCount": 0,
    "wsProvider": null,
    "ydoc": {
      "editorContent": "",
      "metadata": {},
    },
  },
  "username": "mock-user-sub",
}
[90mstdout[2m | src/context/__tests__/notificationContext.test.tsx
[22m[39m✓ Loaded .env.test

[90mstdout[2m | src/components/Editor3/Editor.stories.jsx[2m > [22m[2mEmpty Editor Text Formatting
[22m[39m[ChatSidebar] Loading messages for chat: mock-assistantchat-1790418410797 count: 0
[90mstdout[2m | src/components/Editor3/Editor.stories.jsx[2m > [22m[2mEmpty Editor Text Formatting
[22m[39m[ChatSidebar] deepCloneMessages: returning empty array
[90mstdout[2m | src/components/Editor3/Editor.stories.jsx[2m > [22m[2mEmpty Editor Text Formatting
[22m[39m[ChatContext] Chat exists and not archived, skipping creation
 [32m✓[39m [30m[42m unit [49m[39m src/context/__tests__/notificationContext.test.tsx [2m([22m[2m11 tests[22m[2m)[22m[32m 218[2mms[22m[39m
[90mstdout[2m | src/components/Gamification/__tests__/ContentUnlockAnimation.test.tsx
[22m[39m✓ Loaded .env.test

[90mstdout[2m | src/components/Editor3/__tests__/NarrativeReader.test.tsx
[22m[39m✓ Loaded .env.test

[90mstdout[2m | src/components/Editor3/Editor.stories.jsx[2m > [22m[2mEditor With Content
[22m[39m[Editor onChange] Skipping save due to tags: [
  "history-merge",
]
[90mstdout[2m | src/components/Editor3/Editor.stories.jsx[2m > [22m[2mEditor With Content
[22m[39m[ChatContext] Cleaning up subscriptions
 [32m✓[39m [30m[42m unit [49m[39m src/components/Editor3/components/__tests__/Save.test.tsx [2m([22m[2m9 tests[22m[2m)[22m[32m 298[2mms[22m[39m
[90mstdout[2m | src/components/Editor3/Editor.stories.jsx[2m > [22m[2mEditor With Content
[22m[39m[Mock Data] Unit.onUpdate() subscription removed. Remaining: 0
[90mstdout[2m | src/components/Editor3/Editor.stories.jsx[2m > [22m[2mEditor With Content
[22m[39m[useChatPageContext] Cleaning up page context
[90mstdout[2m | src/components/Editor3/Editor.stories.jsx[2m > [22m[2mEditor With Content
[22m[39m[chatTools] Vector store search function registered: false
[90mstdout[2m | src/components/Editor3/Editor.stories.jsx[2m > [22m[2mEditor With Content
[22m[39m[chatTools] Practice drill callback registered: false
[90mstdout[2m | src/components/Editor3/Editor.stories.jsx[2m > [22m[2mEditor With Content
[22m[39m[Preview] Skipped initializing default mock data (initializeMockData=false)
[90mstdout[2m | src/components/Editor3/Editor.stories.jsx[2m > [22m[2mEditor With Content
[22m[39m[Mock Data] seedMockUnit: Adding unit editor-with-content-id
[90mstdout[2m | src/context/__tests__/gamificationProviderWrapper.test.tsx
[22m[39m✓ Loaded .env.test

 [32m✓[39m [30m[42m unit [49m[39m src/components/Editor3/__tests__/NarrativeReader.test.tsx [2m([22m[2m6 tests[22m[2m)[22m[32m 104[2mms[22m[39m
[90mstdout[2m | src/components/Editor3/Editor.stories.jsx[2m > [22m[2mEditor With Content
[22m[39m[MOCK CourseVectorStore] Initialized with mock data
[90mstdout[2m | src/components/Editor3/Editor.stories.jsx[2m > [22m[2mEditor With Content
[22m[39m[useTabState] Initialized with: {
  "leftOpen": false,
  "leftTab": 4,
  "leftWidth": 350,
  "rightOpen": false,
  "rightTab": 5,
  "rightWidth": 350,
} from URL: {} localStorage: null defaults: {
  "defaultLeftTab": 4,
  "defaultRightTab": 5,
}
[90mstdout[2m | src/components/Editor3/Editor.stories.jsx[2m > [22m[2mEditor With Content
[22m[39m[FileManager2] Files received from context: 0 []
[90mstdout[2m | src/components/Editor3/Editor.stories.jsx[2m > [22m[2mEditor With Content
[22m[39m[FileManager2] Upload useEffect triggered. filesToUpload: 0 uploadInProgress: false
[90mstdout[2m | src/components/Editor3/Editor.stories.jsx[2m > [22m[2mEditor With Content
[22m[39m[FileManager2] Skipping upload - no files or already in progress
[90mstdout[2m | src/components/Editor3/Editor.stories.jsx[2m > [22m[2mEditor With Content
[22m[39m[chatTools] Vector store search function registered: true
[90mstdout[2m | src/components/Editor3/Editor.stories.jsx[2m > [22m[2mEditor With Content
[22m[39m[ChatSidebar] Registered vector store search, isReady: false
[90mstdout[2m | src/components/Editor3/Editor.stories.jsx[2m > [22m[2mEditor With Content
[22m[39m[chatTools] Practice drill callback registered: true
[90mstdout[2m | src/components/Editor3/Editor.stories.jsx[2m > [22m[2mEditor With Content
[22m[39m[useChatPageContext] Registering page context: {
  "dictionaryCount": 0,
  "filesCount": 0,
  "hasEditorRef": true,
  "hasUnit": true,
  "hasVectorStoreSearch": true,
  "questionsCount": 0,
  "sectionsCount": 0,
}
[90mstdout[2m | src/components/Editor3/Editor.stories.jsx[2m > [22m[2mEditor With Content
[22m[39m[TranslationModeController] Setting mode to: off
[90mstdout[2m | src/components/Editor3/Editor.stories.jsx[2m > [22m[2mEditor With Content
[22m[39m[UnitContext] useEffect triggered {
  "authLoading": false,
  "hasUser": true,
  "id": "editor-with-content-id",
  "userSub": "mock-user-sub",
}
[90mstdout[2m | src/components/Editor3/Editor.stories.jsx[2m > [22m[2mEditor With Content
[22m[39m[UnitContext] Fetching unit data for id: editor-with-content-id
[90mstdout[2m | src/components/Editor3/Editor.stories.jsx[2m > [22m[2mEditor With Content
[22m[39m[FilesContext] Initializing vector store from IndexedDB
[90mstdout[2m | src/components/Editor3/Editor.stories.jsx[2m > [22m[2mEditor With Content
[22m[39m[FilesContext] fetchFiles called
[90mstdout[2m | src/components/Editor3/Editor.stories.jsx[2m > [22m[2mEditor With Content
[22m[39m[FilesContext] User authenticated: mock-user-sub
[90mstdout[2m | src/components/Editor3/Editor.stories.jsx[2m > [22m[2mEditor With Content
[22m[39m[FilesContext] Identity ID: us-east-1:mock-identity-123
[90mstdout[2m | src/components/Editor3/Editor.stories.jsx[2m > [22m[2mEditor With Content
[22m[39m[FilesContext] About to set up File observeQuery
[90mstdout[2m | src/components/Editor3/Editor.stories.jsx[2m > [22m[2mEditor With Content
[22m[39m[ChatContext] Setting up AssistantChat observeQuery
[90mstdout[2m | src/components/Editor3/Editor.stories.jsx[2m > [22m[2mEditor With Content
[22m[39m[ChatContext] Waiting for subscription to initialize
[90mstdout[2m | src/components/Editor3/Editor.stories.jsx[2m > [22m[2mEditor With Content
[22m[39m[SettingsContext] Setting up Settings subscription for user: mock-user-sub
[90mstdout[2m | src/components/Editor3/Editor.stories.jsx[2m > [22m[2mEditor With Content
[22m[39m[useChatPageContext] Cleaning up page context
[90mstdout[2m | src/components/Editor3/Editor.stories.jsx[2m > [22m[2mEditor With Content
[22m[39m[useChatPageContext] Registering page context: {
  "dictionaryCount": 0,
  "filesCount": 0,
  "hasEditorRef": true,
  "hasUnit": true,
  "hasVectorStoreSearch": true,
  "questionsCount": 0,
  "sectionsCount": 0,
}
[90mstdout[2m | src/components/Editor3/Editor.stories.jsx[2m > [22m[2mEditor With Content
[22m[39m[Editor onChange] Skipping save - no initial state loaded yet
[90mstdout[2m | src/components/Editor3/Editor.stories.jsx[2m > [22m[2mEditor With Content
[22m[39m[Mock Data] Settings created: mock-settings-1790418412327 - notified 0 subscribers
[90mstdout[2m | src/components/Editor3/Editor.stories.jsx[2m > [22m[2mEditor With Content
[22m[39m[Mock Data] Unit.onUpdate() subscription added. Total: 1
[90mstdout[2m | src/components/Editor3/Editor.stories.jsx[2m > [22m[2mEditor With Content
[22m[39m[Mock] CollaborationPlugin rendered with props: {
  "color": "#f59e0b",
  "cursorsContainerRef": {
    "current": <div
      class="jsx-9364b876b91d91fe collaboration-cursors-container"
      style="position: relative;"
    >
      <div
        aria-label="Edit"
        class="editor"
        contenteditable="true"
        data-lexical-editor="true"
        data-tour="editor"
        role="textbox"
        spellcheck="true"
        style="max-width: 100%; outline: none; min-height: 100%; padding: 1rem 2rem 1rem 0.5rem; user-select: text; white-space: pre-wrap; word-break: break-word;"
      />
      <div
        class="jsx-e404209429cec6f3 editor-placeholder"
      >
        Start typing or use the toolbar above to add content...
      </div>
    </div>,
  },
  "provider": YjsDocProvider {
    "awareness": Awareness {
      "_checkInterval": 160,
      "_observers": Map {},
      "clientID": 1225351193,
      "doc": {
        "editorContent": "",
        "metadata": {},
      },
      "meta": Map {
        1225351193 => {
          "clock": 0,
          "lastUpdated": 1790418412021,
        },
      },
      "states": Map {
        1225351193 => {},
      },
    },
    "config": {
      "connect": false,
      "docName": "unit-null",
      "maxBackoffTime": 30000,
      "persistence": false,
      "resyncInterval": 5000,
      "wsUrl": "wss://j5eyo7cpia.execute-api.us-east-1.amazonaws.com/live",
    },
    "defaultConfig": {
      "connect": true,
      "maxBackoffTime": 30000,
      "persistence": true,
      "resyncInterval": 5000,
      "wsUrl": "wss://j5eyo7cpia.execute-api.us-east-1.amazonaws.com/live",
    },
    "docName": "unit-null",
    "hasLoggedConnectionError": false,
    "indexeddb": null,
    "lastStatusLog": "",
    "listeners": Map {
      "doc-reset" => Set {
        [Function handleDocReset],
      },
    },
    "resetCount": 0,
    "wsProvider": null,
    "ydoc": {
      "editorContent": "",
      "metadata": {},
    },
  },
  "username": "mock-user-sub",
}
[90mstdout[2m | src/components/Editor3/Editor.stories.jsx[2m > [22m[2mEditor With Content
[22m[39m[Editor onChange] Skipping save due to tags: [
  "history-merge",
]
[90mstdout[2m | src/components/Editor3/Editor.stories.jsx[2m > [22m[2mEditor With Content
[22m[39m[chatTools] Vector store search function registered: false
[90mstdout[2m | src/components/Editor3/Editor.stories.jsx[2m > [22m[2mEditor With Content
[22m[39m[chatTools] Practice drill callback registered: false
[90mstdout[2m | src/components/Editor3/Editor.stories.jsx[2m > [22m[2mEditor With Content
[22m[39m[useChatPageContext] Cleaning up page context
[90mstdout[2m | src/components/Editor3/Editor.stories.jsx[2m > [22m[2mEditor With Content
[22m[39m[FileManager2] Files received from context: 0 []
[90mstdout[2m | src/components/Editor3/Editor.stories.jsx[2m > [22m[2mEditor With Content
[22m[39m[FileManager2] Upload useEffect triggered. filesToUpload: 0 uploadInProgress: false
[90mstdout[2m | src/components/Editor3/Editor.stories.jsx[2m > [22m[2mEditor With Content
[22m[39m[FileManager2] Skipping upload - no files or already in progress
[90mstdout[2m | src/components/Editor3/Editor.stories.jsx[2m > [22m[2mEditor With Content
[22m[39m[chatTools] Vector store search function registered: true
[90mstdout[2m | src/components/Editor3/Editor.stories.jsx[2m > [22m[2mEditor With Content
[22m[39m[ChatSidebar] Registered vector store search, isReady: false
[90mstdout[2m | src/components/Editor3/Editor.stories.jsx[2m > [22m[2mEditor With Content
[22m[39m[chatTools] Practice drill callback registered: true
[90mstdout[2m | src/components/Editor3/Editor.stories.jsx[2m > [22m[2mEditor With Content
[22m[39m[useChatPageContext] Registering page context: {
  "dictionaryCount": 0,
  "filesCount": 0,
  "hasEditorRef": true,
  "hasUnit": true,
  "hasVectorStoreSearch": true,
  "questionsCount": 0,
  "sectionsCount": 0,
}
[90mstdout[2m | src/components/Editor3/Editor.stories.jsx[2m > [22m[2mEditor With Content
[22m[39m[Mock] CollaborationPlugin rendered with props: {
  "color": "#f59e0b",
  "cursorsContainerRef": {
    "current": <div
      class="jsx-9364b876b91d91fe collaboration-cursors-container"
      style="position: relative;"
    >
      <div
        aria-label="Edit"
        autocapitalize="off"
        class="editor"
        contenteditable="true"
        data-lexical-editor="true"
        data-tour="editor"
        dir="ltr"
        role="textbox"
        spellcheck="true"
        style="max-width: 100%; outline: none; min-height: 100%; padding: 1rem 2rem 1rem 0.5rem; user-select: text; white-space: pre-wrap; word-break: break-word;"
      >
        <h1
          class="LanguageEditorTheme__h1"
          dir="ltr"
        >
          <span
            data-lexical-text="true"
          >
            Welcome to the Language Editor
          </span>
        </h1>
        <p
          class="LanguageEditorTheme__paragraph"
          dir="ltr"
        >
          <span
            data-lexical-text="true"
          >
            This is a sample paragraph. You can edit, format, and add various types of content here.
          </span>
        </p>
      </div>
    </div>,
  },
  "provider": YjsDocProvider {
    "awareness": Awareness {
      "_checkInterval": 160,
      "_observers": Map {},
      "clientID": 1225351193,
      "doc": {
        "editorContent": "",
        "metadata": {},
      },
      "meta": Map {
        1225351193 => {
          "clock": 0,
          "lastUpdated": 1790418412021,
        },
      },
      "states": Map {
        1225351193 => {},
      },
    },
    "config": {
      "connect": false,
      "docName": "unit-null",
      "maxBackoffTime": 30000,
      "persistence": false,
      "resyncInterval": 5000,
      "wsUrl": "wss://j5eyo7cpia.execute-api.us-east-1.amazonaws.com/live",
    },
    "defaultConfig": {
      "connect": true,
      "maxBackoffTime": 30000,
      "persistence": true,
      "resyncInterval": 5000,
      "wsUrl": "wss://j5eyo7cpia.execute-api.us-east-1.amazonaws.com/live",
    },
    "docName": "unit-null",
    "hasLoggedConnectionError": false,
    "indexeddb": null,
    "lastStatusLog": "",
    "listeners": Map {
      "doc-reset" => Set {
        [Function handleDocReset],
      },
    },
    "resetCount": 0,
    "wsProvider": null,
    "ydoc": {
      "editorContent": "",
      "metadata": {},
    },
  },
  "username": "mock-user-sub",
}
[90mstdout[2m | src/components/Editor3/Editor.stories.jsx[2m > [22m[2mEditor With Content
[22m[39m[useChatPageContext] Cleaning up page context
[90mstdout[2m | src/components/Editor3/Editor.stories.jsx[2m > [22m[2mEditor With Content
[22m[39m[useChatPageContext] Registering page context: {
  "dictionaryCount": 0,
  "filesCount": 0,
  "hasEditorRef": true,
  "hasUnit": true,
  "hasVectorStoreSearch": true,
  "questionsCount": 0,
  "sectionsCount": 0,
}
[90mstdout[2m | src/components/Editor3/Editor.stories.jsx[2m > [22m[2mEditor With Content
[22m[39m[Mock] CollaborationPlugin rendered with props: {
  "color": "#f59e0b",
  "cursorsContainerRef": {
    "current": <div
      class="jsx-9364b876b91d91fe collaboration-cursors-container"
      style="position: relative;"
    >
      <div
        aria-label="Edit"
        autocapitalize="off"
        class="editor"
        contenteditable="true"
        data-lexical-editor="true"
        data-tour="editor"
        dir="ltr"
        role="textbox"
        spellcheck="true"
        style="max-width: 100%; outline: none; min-height: 100%; padding: 1rem 2rem 1rem 0.5rem; user-select: text; white-space: pre-wrap; word-break: break-word;"
      >
        <h1
          class="LanguageEditorTheme__h1"
          dir="ltr"
        >
          <span
            data-lexical-text="true"
          >
            Welcome to the Language Editor
          </span>
        </h1>
        <p
          class="LanguageEditorTheme__paragraph"
          dir="ltr"
        >
          <span
            data-lexical-text="true"
          >
            This is a sample paragraph. You can edit, format, and add various types of content here.
          </span>
        </p>
      </div>
    </div>,
  },
  "provider": YjsDocProvider {
    "awareness": Awareness {
      "_checkInterval": 160,
      "_observers": Map {},
      "clientID": 1225351193,
      "doc": {
        "editorContent": "",
        "metadata": {},
      },
      "meta": Map {
        1225351193 => {
          "clock": 0,
          "lastUpdated": 1790418412021,
        },
      },
      "states": Map {
        1225351193 => {},
      },
    },
    "config": {
      "connect": false,
      "docName": "unit-null",
      "maxBackoffTime": 30000,
      "persistence": false,
      "resyncInterval": 5000,
      "wsUrl": "wss://j5eyo7cpia.execute-api.us-east-1.amazonaws.com/live",
    },
    "defaultConfig": {
      "connect": true,
      "maxBackoffTime": 30000,
      "persistence": true,
      "resyncInterval": 5000,
      "wsUrl": "wss://j5eyo7cpia.execute-api.us-east-1.amazonaws.com/live",
    },
    "docName": "unit-null",
    "hasLoggedConnectionError": false,
    "indexeddb": null,
    "lastStatusLog": "",
    "listeners": Map {
      "doc-reset" => Set {
        [Function handleDocReset],
      },
    },
    "resetCount": 0,
    "wsProvider": null,
    "ydoc": {
      "editorContent": "",
      "metadata": {},
    },
  },
  "username": "mock-user-sub",
}
[90mstdout[2m | src/components/Editor3/Editor.stories.jsx[2m > [22m[2mEditor With Content
[22m[39m[Editor onChange] State changed, saving
[90mstdout[2m | src/components/Editor3/Editor.stories.jsx[2m > [22m[2mEditor With Content
[22m[39m[Mock] CollaborationPlugin rendered with props: {
  "color": "#f59e0b",
  "cursorsContainerRef": {
    "current": <div
      class="jsx-9364b876b91d91fe collaboration-cursors-container"
      style="position: relative;"
    >
      <div
        aria-label="Edit"
        class="editor"
        contenteditable="true"
        data-lexical-editor="true"
        data-tour="editor"
        dir="ltr"
        role="textbox"
        spellcheck="true"
        style="max-width: 100%; outline: none; min-height: 100%; padding: 1rem 2rem 1rem 0.5rem; user-select: text; white-space: pre-wrap; word-break: break-word;"
      >
        <h1
          class="LanguageEditorTheme__h1"
          dir="ltr"
        >
          <span
            data-lexical-text="true"
          >
            Welcome to the Language Editor
          </span>
        </h1>
        <p
          class="LanguageEditorTheme__paragraph"
          dir="ltr"
        >
          <span
            data-lexical-text="true"
          >
            This is a sample paragraph. You can edit, format, and add various types of content here.
          </span>
        </p>
      </div>
    </div>,
  },
  "provider": YjsDocProvider {
    "awareness": Awareness {
      "_checkInterval": 160,
      "_observers": Map {},
      "clientID": 1225351193,
      "doc": {
        "editorContent": "",
        "metadata": {},
      },
      "meta": Map {
        1225351193 => {
          "clock": 0,
          "lastUpdated": 1790418412021,
        },
      },
      "states": Map {
        1225351193 => {},
      },
    },
    "config": {
      "connect": false,
      "docName": "unit-null",
      "maxBackoffTime": 30000,
      "persistence": false,
      "resyncInterval": 5000,
      "wsUrl": "wss://j5eyo7cpia.execute-api.us-east-1.amazonaws.com/live",
    },
    "defaultConfig": {
      "connect": true,
      "maxBackoffTime": 30000,
      "persistence": true,
      "resyncInterval": 5000,
      "wsUrl": "wss://j5eyo7cpia.execute-api.us-east-1.amazonaws.com/live",
    },
    "docName": "unit-null",
    "hasLoggedConnectionError": false,
    "indexeddb": null,
    "lastStatusLog": "",
    "listeners": Map {
      "doc-reset" => Set {
        [Function handleDocReset],
      },
    },
    "resetCount": 0,
    "wsProvider": null,
    "ydoc": {
      "editorContent": "",
      "metadata": {},
    },
  },
  "username": "mock-user-sub",
}
 [32m✓[39m [30m[45m integration [49m[39m test/integration/dictionary-editor.test.tsx [2m([22m[2m10 tests[22m[2m)[22m[33m 5281[2mms[22m[39m
     [33m[2m✓[22m[39m renders toolbar with search input [33m 610[2mms[22m[39m
     [33m[2m✓[22m[39m allows typing in search input [33m 493[2mms[22m[39m
     [33m[2m✓[22m[39m opens new word dialog when button is clicked [33m 524[2mms[22m[39m
     [33m[2m✓[22m[39m shows form fields in new word dialog [33m 477[2mms[22m[39m
     [33m[2m✓[22m[39m fills and submits new word form [33m 2006[2mms[22m[39m
[90mstdout[2m | src/components/Editor3/Editor.stories.jsx[2m > [22m[2mEditor With Content
[22m[39m[SectionContext] Section observeQuery update: 0
[90mstdout[2m | src/components/Editor3/Editor.stories.jsx[2m > [22m[2mEditor With Content
[22m[39m[FilesContext] File observeQuery update: 0 files
[90mstdout[2m | src/components/Editor3/Editor.stories.jsx[2m > [22m[2mEditor With Content
[22m[39m[ChatContext] AssistantChat initialized with 0 chats
[90mstdout[2m | src/components/Editor3/Editor.stories.jsx[2m > [22m[2mEditor With Content
[22m[39m[MOCK CourseVectorStore] Initialized with mock data
[90mstdout[2m | src/components/Editor3/Editor.stories.jsx[2m > [22m[2mEditor With Content
[22m[39m[Mock] CollaborationPlugin rendered with props: {
  "color": "#f59e0b",
  "cursorsContainerRef": {
    "current": <div
      class="jsx-9364b876b91d91fe collaboration-cursors-container"
      style="position: relative;"
    >
      <div
        aria-label="Edit"
        class="editor"
        contenteditable="true"
        data-lexical-editor="true"
        data-tour="editor"
        dir="ltr"
        role="textbox"
        spellcheck="true"
        style="max-width: 100%; outline: none; min-height: 100%; padding: 1rem 2rem 1rem 0.5rem; user-select: text; white-space: pre-wrap; word-break: break-word;"
      >
        <h1
          class="LanguageEditorTheme__h1"
          dir="ltr"
        >
          <span
            data-lexical-text="true"
          >
            Welcome to the Language Editor
          </span>
        </h1>
        <p
          class="LanguageEditorTheme__paragraph"
          dir="ltr"
        >
          <span
            data-lexical-text="true"
          >
            This is a sample paragraph. You can edit, format, and add various types of content here.
          </span>
        </p>
      </div>
    </div>,
  },
  "provider": YjsDocProvider {
    "awareness": Awareness {
      "_checkInterval": 160,
      "_observers": Map {},
      "clientID": 1225351193,
      "doc": {
        "editorContent": "",
        "metadata": {},
      },
      "meta": Map {
        1225351193 => {
          "clock": 0,
          "lastUpdated": 1790418412021,
        },
      },
      "states": Map {
        1225351193 => {},
      },
    },
    "config": {
      "connect": false,
      "docName": "unit-null",
      "maxBackoffTime": 30000,
      "persistence": false,
      "resyncInterval": 5000,
      "wsUrl": "wss://j5eyo7cpia.execute-api.us-east-1.amazonaws.com/live",
    },
    "defaultConfig": {
      "connect": true,
      "maxBackoffTime": 30000,
      "persistence": true,
      "resyncInterval": 5000,
      "wsUrl": "wss://j5eyo7cpia.execute-api.us-east-1.amazonaws.com/live",
    },
    "docName": "unit-null",
    "hasLoggedConnectionError": false,
    "indexeddb": null,
    "lastStatusLog": "",
    "listeners": Map {
      "doc-reset" => Set {
        [Function handleDocReset],
      },
    },
    "resetCount": 0,
    "wsProvider": null,
    "ydoc": {
      "editorContent": "",
      "metadata": {},
    },
  },
  "username": "mock-user-sub",
}
 [32m✓[39m [30m[42m unit [49m[39m src/context/__tests__/gamificationProviderWrapper.test.tsx [2m([22m[2m9 tests[22m[2m)[22m[32m 159[2mms[22m[39m
[90mstdout[2m | src/components/Editor3/Editor.stories.jsx[2m > [22m[2mEditor With Content
[22m[39m[FileManager2] Files received from context: 0 []
[90mstdout[2m | src/components/Editor3/Editor.stories.jsx[2m > [22m[2mEditor With Content
[22m[39m[ChatContext] No current chat available, will create one
[90mstdout[2m | src/components/Editor3/Editor.stories.jsx[2m > [22m[2mEditor With Content
[22m[39m[ChatContext] Creating AssistantChat with user: undefined
[90mstdout[2m | src/components/Editor3/Editor.stories.jsx[2m > [22m[2mEditor With Content
[22m[39m[Mock Data] AssistantChat created: mock-assistantchat-1790418412877 - notified 1 subscribers
[90mstdout[2m | src/components/Editor3/Editor.stories.jsx[2m > [22m[2mEditor With Content
[22m[39m[Mock] CollaborationPlugin rendered with props: {
  "color": "#f59e0b",
  "cursorsContainerRef": {
    "current": <div
      class="jsx-9364b876b91d91fe collaboration-cursors-container"
      style="position: relative;"
    >
      <div
        aria-label="Edit"
        class="editor"
        contenteditable="true"
        data-lexical-editor="true"
        data-tour="editor"
        dir="ltr"
        role="textbox"
        spellcheck="true"
        style="max-width: 100%; outline: none; min-height: 100%; padding: 1rem 2rem 1rem 0.5rem; user-select: text; white-space: pre-wrap; word-break: break-word;"
      >
        <h1
          class="LanguageEditorTheme__h1"
          dir="ltr"
        >
          <span
            data-lexical-text="true"
          >
            Welcome to the Language Editor
          </span>
        </h1>
        <p
          class="LanguageEditorTheme__paragraph"
          dir="ltr"
        >
          <span
            data-lexical-text="true"
          >
            This is a sample paragraph. You can edit, format, and add various types of content here.
          </span>
        </p>
      </div>
    </div>,
  },
  "provider": YjsDocProvider {
    "awareness": Awareness {
      "_checkInterval": 160,
      "_observers": Map {},
      "clientID": 1225351193,
      "doc": {
        "editorContent": "",
        "metadata": {},
      },
      "meta": Map {
        1225351193 => {
          "clock": 0,
          "lastUpdated": 1790418412021,
        },
      },
      "states": Map {
        1225351193 => {},
      },
    },
    "config": {
      "connect": false,
      "docName": "unit-null",
      "maxBackoffTime": 30000,
      "persistence": false,
      "resyncInterval": 5000,
      "wsUrl": "wss://j5eyo7cpia.execute-api.us-east-1.amazonaws.com/live",
    },
    "defaultConfig": {
      "connect": true,
      "maxBackoffTime": 30000,
      "persistence": true,
      "resyncInterval": 5000,
      "wsUrl": "wss://j5eyo7cpia.execute-api.us-east-1.amazonaws.com/live",
    },
    "docName": "unit-null",
    "hasLoggedConnectionError": false,
    "indexeddb": null,
    "lastStatusLog": "",
    "listeners": Map {
      "doc-reset" => Set {
        [Function handleDocReset],
      },
    },
    "resetCount": 0,
    "wsProvider": null,
    "ydoc": {
      "editorContent": "",
      "metadata": {},
    },
  },
  "username": "mock-user-sub",
}
[90mstdout[2m | test/unit/api/hls-route.test.ts
[22m[39m✓ Loaded .env.test

[90mstdout[2m | src/components/Editor3/Editor.stories.jsx[2m > [22m[2mEditor With Content
[22m[39m[ChatContext] Create result: {
  "data": {
    "_version": 1,
    "archived": false,
    "chatFiles": [Function anonymous],
    "createdAt": "2026-09-26T10:26:52.877Z",
    "id": "mock-assistantchat-1790418412877",
    "model": "gpt-4",
    "updatedAt": "2026-09-26T10:26:52.877Z",
  },
  "errors": [],
  "hasData": true,
  "hasErrors": true,
}
[90mstdout[2m | src/components/Editor3/Editor.stories.jsx[2m > [22m[2mEditor With Content
[22m[39m[ChatContext] Created AssistantChat: mock-assistantchat-1790418412877 at: 2026-09-26T10:26:52.877Z
[90mstdout[2m | src/components/Editor3/Editor.stories.jsx[2m > [22m[2mEditor With Content
[22m[39m[Mock Storage] downloadData called with: undefined
[90mstdout[2m | src/components/Editor3/Editor.stories.jsx[2m > [22m[2mEditor With Content
[22m[39m[ChatContext] Setting initial chat: mock-assistantchat-1790418412877
[90mstdout[2m | src/components/Editor3/Editor.stories.jsx[2m > [22m[2mEditor With Content
[22m[39m[Mock] CollaborationPlugin rendered with props: {
  "color": "#f59e0b",
  "cursorsContainerRef": {
    "current": <div
      class="jsx-9364b876b91d91fe collaboration-cursors-container"
      style="position: relative;"
    >
      <div
        aria-label="Edit"
        class="editor"
        contenteditable="true"
        data-lexical-editor="true"
        data-tour="editor"
        dir="ltr"
        role="textbox"
        spellcheck="true"
        style="max-width: 100%; outline: none; min-height: 100%; padding: 1rem 2rem 1rem 0.5rem; user-select: text; white-space: pre-wrap; word-break: break-word;"
      >
        <h1
          class="LanguageEditorTheme__h1"
          dir="ltr"
        >
          <span
            data-lexical-text="true"
          >
            Welcome to the Language Editor
          </span>
        </h1>
        <p
          class="LanguageEditorTheme__paragraph"
          dir="ltr"
        >
          <span
            data-lexical-text="true"
          >
            This is a sample paragraph. You can edit, format, and add various types of content here.
          </span>
        </p>
      </div>
    </div>,
  },
  "provider": YjsDocProvider {
    "awareness": Awareness {
      "_checkInterval": 160,
      "_observers": Map {},
      "clientID": 1225351193,
      "doc": {
        "editorContent": "",
        "metadata": {},
      },
      "meta": Map {
        1225351193 => {
          "clock": 0,
          "lastUpdated": 1790418412021,
        },
      },
      "states": Map {
        1225351193 => {},
      },
    },
    "config": {
      "connect": false,
      "docName": "unit-null",
      "maxBackoffTime": 30000,
      "persistence": false,
      "resyncInterval": 5000,
      "wsUrl": "wss://j5eyo7cpia.execute-api.us-east-1.amazonaws.com/live",
    },
    "defaultConfig": {
      "connect": true,
      "maxBackoffTime": 30000,
      "persistence": true,
      "resyncInterval": 5000,
      "wsUrl": "wss://j5eyo7cpia.execute-api.us-east-1.amazonaws.com/live",
    },
    "docName": "unit-null",
    "hasLoggedConnectionError": false,
    "indexeddb": null,
    "lastStatusLog": "",
    "listeners": Map {
      "doc-reset" => Set {
        [Function handleDocReset],
      },
    },
    "resetCount": 0,
    "wsProvider": null,
    "ydoc": {
      "editorContent": "",
      "metadata": {},
    },
  },
  "username": "mock-user-sub",
}
 [32m✓[39m [30m[42m unit [49m[39m test/unit/api/hls-route.test.ts [2m([22m[2m11 tests[22m[2m)[22m[32m 71[2mms[22m[39m
[90mstdout[2m | src/components/Editor3/Editor.stories.jsx[2m > [22m[2mEditor With Content
[22m[39m[ChatSidebar] Loading messages for chat: mock-assistantchat-1790418412877 count: 0
[90mstdout[2m | src/components/Editor3/Editor.stories.jsx[2m > [22m[2mEditor With Content
[22m[39m[ChatSidebar] deepCloneMessages: returning empty array
[90mstdout[2m | src/components/Editor3/Editor.stories.jsx[2m > [22m[2mEditor With Content
[22m[39m[ChatContext] Chat exists and not archived, skipping creation
 [32m✓[39m [30m[42m unit [49m[39m src/components/Gamification/__tests__/ContentUnlockAnimation.test.tsx [2m([22m[2m5 tests[22m[2m)[22m[32m 158[2mms[22m[39m
[90mstdout[2m | test/unit/api/_shared/agentTools.test.ts
[22m[39m✓ Loaded .env.test

[90mstdout[2m | src/components/Editor3/Editor.stories.jsx[2m > [22m[2mEditor With Content
[22m[39mfetchSuggestion called with prompt: This is a sample paragraph. You can edit, format, and add various types of content here.
[90mstdout[2m | src/components/Editor3/Editor.stories.jsx[2m > [22m[2mEditor With Content
[22m[39mMaking API call to /api/content-completion...
[90mstdout[2m | src/components/Editor3/Editor.stories.jsx[2m > [22m[2mEditor With Content
[22m[39m[Mock Fetch] Intercepted /api/content-completion
[90mstdout[2m | src/components/Editor3/Editor.stories.jsx[2m > [22m[2mEditor With Content
[22m[39m[Editor onChange] State changed, saving
[90mstdout[2m | src/components/Editor3/Editor.stories.jsx[2m > [22m[2mEditor With Content
[22m[39mStarting to stream response...
[90mstdout[2m | src/components/Editor3/Editor.stories.jsx[2m > [22m[2mKeyboard Shortcuts Test
[22m[39mStreaming chunk, total length: 5
[90mstdout[2m | src/components/Editor3/Editor.stories.jsx[2m > [22m[2mKeyboard Shortcuts Test
[22m[39mupdateSuggestion called with text: This 
[90mstdout[2m | src/components/Editor3/Editor.stories.jsx[2m > [22m[2mKeyboard Shortcuts Test
[22m[39mReplacing existing node with suggestion
[90mstdout[2m | src/components/Editor3/Editor.stories.jsx[2m > [22m[2mKeyboard Shortcuts Test
[22m[39mAIContentSuggestionComponent rendering with suggestion: This 
[90mstdout[2m | src/components/Editor3/Editor.stories.jsx[2m > [22m[2mKeyboard Shortcuts Test
[22m[39m[Editor onChange] State changed, saving
[90mstdout[2m | src/components/Editor3/Editor.stories.jsx[2m > [22m[2mKeyboard Shortcuts Test
[22m[39mStreaming chunk, total length: 8
[90mstdout[2m | src/components/Editor3/Editor.stories.jsx[2m > [22m[2mKeyboard Shortcuts Test
[22m[39mupdateSuggestion called with text: This is 
[90mstdout[2m | src/components/Editor3/Editor.stories.jsx[2m > [22m[2mKeyboard Shortcuts Test
[22m[39mUpdating existing suggestion node in place
[90mstdout[2m | src/components/Editor3/Editor.stories.jsx[2m > [22m[2mKeyboard Shortcuts Test
[22m[39mAIContentSuggestionComponent rendering with suggestion: This is 
[90mstdout[2m | src/components/Editor3/Editor.stories.jsx[2m > [22m[2mKeyboard Shortcuts Test
[22m[39m[ChatContext] Cleaning up subscriptions
[90mstdout[2m | src/components/Editor3/Editor.stories.jsx[2m > [22m[2mKeyboard Shortcuts Test
[22m[39m[Mock Data] Unit.onUpdate() subscription removed. Remaining: 0
[90mstdout[2m | src/components/Editor3/Editor.stories.jsx[2m > [22m[2mKeyboard Shortcuts Test
[22m[39m[useChatPageContext] Cleaning up page context
[90mstdout[2m | src/components/Editor3/Editor.stories.jsx[2m > [22m[2mKeyboard Shortcuts Test
[22m[39m[chatTools] Vector store search function registered: false
[90mstdout[2m | src/components/Editor3/Editor.stories.jsx[2m > [22m[2mKeyboard Shortcuts Test
[22m[39m[chatTools] Practice drill callback registered: false
[90mstdout[2m | src/components/Editor3/Editor.stories.jsx[2m > [22m[2mKeyboard Shortcuts Test
[22m[39m[Preview] Skipped initializing default mock data (initializeMockData=false)
[90mstdout[2m | src/components/Editor3/Editor.stories.jsx[2m > [22m[2mKeyboard Shortcuts Test
[22m[39m[Mock Data] seedMockUnit: Adding unit keyboard-shortcuts-test-id
[90mstdout[2m | src/components/Editor3/Editor.stories.jsx[2m > [22m[2mKeyboard Shortcuts Test
[22m[39mStreaming chunk, total length: 10
[90mstdout[2m | src/components/Editor3/Editor.stories.jsx[2m > [22m[2mKeyboard Shortcuts Test
[22m[39mupdateSuggestion called with text: This is a 
[90mstdout[2m | src/components/Editor3/Editor.stories.jsx[2m > [22m[2mKeyboard Shortcuts Test
[22m[39mUpdating existing suggestion node in place
[90mstdout[2m | src/components/Editor3/Editor.stories.jsx[2m > [22m[2mKeyboard Shortcuts Test
[22m[39m[MOCK CourseVectorStore] Initialized with mock data
[90mstdout[2m | src/components/Editor3/Editor.stories.jsx[2m > [22m[2mKeyboard Shortcuts Test
[22m[39m[useTabState] Initialized with: {
  "leftOpen": false,
  "leftTab": 4,
  "leftWidth": 350,
  "rightOpen": false,
  "rightTab": 5,
  "rightWidth": 350,
} from URL: {} localStorage: null defaults: {
  "defaultLeftTab": 4,
  "defaultRightTab": 5,
}
[90mstdout[2m | test/unit/api/chat-route.test.ts
[22m[39m✓ Loaded .env.test

[90mstdout[2m | src/components/Editor3/Editor.stories.jsx[2m > [22m[2mKeyboard Shortcuts Test
[22m[39m[FileManager2] Files received from context: 0 []
[90mstdout[2m | src/components/Editor3/Editor.stories.jsx[2m > [22m[2mKeyboard Shortcuts Test
[22m[39m[FileManager2] Upload useEffect triggered. filesToUpload: 0 uploadInProgress: false
[90mstdout[2m | src/components/Editor3/Editor.stories.jsx[2m > [22m[2mKeyboard Shortcuts Test
[22m[39m[FileManager2] Skipping upload - no files or already in progress
[90mstdout[2m | src/components/Editor3/Editor.stories.jsx[2m > [22m[2mKeyboard Shortcuts Test
[22m[39m[chatTools] Vector store search function registered: true
[90mstdout[2m | src/components/Editor3/Editor.stories.jsx[2m > [22m[2mKeyboard Shortcuts Test
[22m[39m[ChatSidebar] Registered vector store search, isReady: false
[90mstdout[2m | src/components/Editor3/Editor.stories.jsx[2m > [22m[2mKeyboard Shortcuts Test
[22m[39m[chatTools] Practice drill callback registered: true
[90mstdout[2m | src/components/Editor3/Editor.stories.jsx[2m > [22m[2mKeyboard Shortcuts Test
[22m[39m[useChatPageContext] Registering page context: {
  "dictionaryCount": 0,
  "filesCount": 0,
  "hasEditorRef": true,
  "hasUnit": true,
  "hasVectorStoreSearch": true,
  "questionsCount": 0,
  "sectionsCount": 0,
}
[90mstdout[2m | src/components/Editor3/Editor.stories.jsx[2m > [22m[2mKeyboard Shortcuts Test
[22m[39m[TranslationModeController] Setting mode to: off
[90mstdout[2m | src/components/Editor3/Editor.stories.jsx[2m > [22m[2mKeyboard Shortcuts Test
[22m[39m[UnitContext] useEffect triggered {
  "authLoading": false,
  "hasUser": true,
  "id": "keyboard-shortcuts-test-id",
  "userSub": "mock-user-sub",
}
[90mstdout[2m | src/components/Editor3/Editor.stories.jsx[2m > [22m[2mKeyboard Shortcuts Test
[22m[39m[UnitContext] Fetching unit data for id: keyboard-shortcuts-test-id
[90mstdout[2m | src/components/Editor3/Editor.stories.jsx[2m > [22m[2mKeyboard Shortcuts Test
[22m[39m[FilesContext] Initializing vector store from IndexedDB
[90mstdout[2m | src/components/Editor3/Editor.stories.jsx[2m > [22m[2mKeyboard Shortcuts Test
[22m[39m[FilesContext] fetchFiles called
[90mstdout[2m | src/components/Editor3/Editor.stories.jsx[2m > [22m[2mKeyboard Shortcuts Test
[22m[39m[FilesContext] User authenticated: mock-user-sub
[90mstdout[2m | src/components/Editor3/Editor.stories.jsx[2m > [22m[2mKeyboard Shortcuts Test
[22m[39m[FilesContext] Identity ID: us-east-1:mock-identity-123
[90mstdout[2m | src/components/Editor3/Editor.stories.jsx[2m > [22m[2mKeyboard Shortcuts Test
[22m[39m[FilesContext] About to set up File observeQuery
[90mstdout[2m | src/components/Editor3/Editor.stories.jsx[2m > [22m[2mKeyboard Shortcuts Test
[22m[39m[ChatContext] Setting up AssistantChat observeQuery
[90mstdout[2m | src/components/Editor3/Editor.stories.jsx[2m > [22m[2mKeyboard Shortcuts Test
[22m[39m[ChatContext] Waiting for subscription to initialize
[90mstdout[2m | src/components/Editor3/Editor.stories.jsx[2m > [22m[2mKeyboard Shortcuts Test
[22m[39m[SettingsContext] Setting up Settings subscription for user: mock-user-sub
 [32m✓[39m [30m[42m unit [49m[39m test/unit/api/_shared/agentTools.test.ts [2m([22m[2m17 tests[22m[2m)[22m[32m 67[2mms[22m[39m
[90mstdout[2m | src/components/Editor3/Editor.stories.jsx[2m > [22m[2mKeyboard Shortcuts Test
[22m[39m[useChatPageContext] Cleaning up page context
[90mstdout[2m | src/components/Editor3/Editor.stories.jsx[2m > [22m[2mKeyboard Shortcuts Test
[22m[39m[useChatPageContext] Registering page context: {
  "dictionaryCount": 0,
  "filesCount": 0,
  "hasEditorRef": true,
  "hasUnit": true,
  "hasVectorStoreSearch": true,
  "questionsCount": 0,
  "sectionsCount": 0,
}
[90mstdout[2m | src/components/Editor3/Editor.stories.jsx[2m > [22m[2mKeyboard Shortcuts Test
[22m[39m[Editor onChange] Skipping save - no initial state loaded yet
[90mstdout[2m | src/components/Editor3/Editor.stories.jsx[2m > [22m[2mKeyboard Shortcuts Test
[22m[39m[Mock Data] Settings created: mock-settings-1790418414205 - notified 0 subscribers
[90mstdout[2m | src/components/Editor3/Editor.stories.jsx[2m > [22m[2mKeyboard Shortcuts Test
[22m[39m[Mock Data] Unit.onUpdate() subscription added. Total: 1
[90mstdout[2m | src/components/Editor3/Editor.stories.jsx[2m > [22m[2mKeyboard Shortcuts Test
[22m[39m[Mock] CollaborationPlugin rendered with props: {
  "color": "#f59e0b",
  "cursorsContainerRef": {
    "current": <div
      class="jsx-9364b876b91d91fe collaboration-cursors-container"
      style="position: relative;"
    >
      <div
        aria-label="Edit"
        class="editor"
        contenteditable="true"
        data-lexical-editor="true"
        data-tour="editor"
        role="textbox"
        spellcheck="true"
        style="max-width: 100%; outline: none; min-height: 100%; padding: 1rem 2rem 1rem 0.5rem; user-select: text; white-space: pre-wrap; word-break: break-word;"
      />
      <div
        class="jsx-e404209429cec6f3 editor-placeholder"
      >
        Start typing or use the toolbar above to add content...
      </div>
    </div>,
  },
  "provider": YjsDocProvider {
    "awareness": Awareness {
      "_checkInterval": 317,
      "_observers": Map {},
      "clientID": 1561215806,
      "doc": {
        "editorContent": "",
        "metadata": {},
      },
      "meta": Map {
        1561215806 => {
          "clock": 0,
          "lastUpdated": 1790418413921,
        },
      },
      "states": Map {
        1561215806 => {},
      },
    },
    "config": {
      "connect": false,
      "docName": "unit-null",
      "maxBackoffTime": 30000,
      "persistence": false,
      "resyncInterval": 5000,
      "wsUrl": "wss://j5eyo7cpia.execute-api.us-east-1.amazonaws.com/live",
    },
    "defaultConfig": {
      "connect": true,
      "maxBackoffTime": 30000,
      "persistence": true,
      "resyncInterval": 5000,
      "wsUrl": "wss://j5eyo7cpia.execute-api.us-east-1.amazonaws.com/live",
    },
    "docName": "unit-null",
    "hasLoggedConnectionError": false,
    "indexeddb": null,
    "lastStatusLog": "",
    "listeners": Map {
      "doc-reset" => Set {
        [Function handleDocReset],
      },
    },
    "resetCount": 0,
    "wsProvider": null,
    "ydoc": {
      "editorContent": "",
      "metadata": {},
    },
  },
  "username": "mock-user-sub",
}
[90mstdout[2m | src/components/Editor3/Editor.stories.jsx[2m > [22m[2mKeyboard Shortcuts Test
[22m[39m[Editor onChange] Skipping save due to tags: [
  "history-merge",
]
[90mstdout[2m | src/components/Editor3/Editor.stories.jsx[2m > [22m[2mKeyboard Shortcuts Test
[22m[39m[chatTools] Vector store search function registered: false
[90mstdout[2m | src/components/Editor3/Editor.stories.jsx[2m > [22m[2mKeyboard Shortcuts Test
[22m[39m[chatTools] Practice drill callback registered: false
[90mstdout[2m | src/components/Editor3/Editor.stories.jsx[2m > [22m[2mKeyboard Shortcuts Test
[22m[39m[useChatPageContext] Cleaning up page context
[90mstdout[2m | src/components/Editor3/Editor.stories.jsx[2m > [22m[2mKeyboard Shortcuts Test
[22m[39m[FileManager2] Files received from context: 0 []
[90mstdout[2m | src/components/Editor3/Editor.stories.jsx[2m > [22m[2mKeyboard Shortcuts Test
[22m[39m[FileManager2] Upload useEffect triggered. filesToUpload: 0 uploadInProgress: false
[90mstdout[2m | src/components/Editor3/Editor.stories.jsx[2m > [22m[2mKeyboard Shortcuts Test
[22m[39m[FileManager2] Skipping upload - no files or already in progress
[90mstdout[2m | src/components/Editor3/Editor.stories.jsx[2m > [22m[2mKeyboard Shortcuts Test
[22m[39m[chatTools] Vector store search function registered: true
[90mstdout[2m | src/components/Editor3/Editor.stories.jsx[2m > [22m[2mKeyboard Shortcuts Test
[22m[39m[ChatSidebar] Registered vector store search, isReady: false
[90mstdout[2m | src/components/Editor3/Editor.stories.jsx[2m > [22m[2mKeyboard Shortcuts Test
[22m[39m[chatTools] Practice drill callback registered: true
[90mstdout[2m | src/components/Editor3/Editor.stories.jsx[2m > [22m[2mKeyboard Shortcuts Test
[22m[39m[useChatPageContext] Registering page context: {
  "dictionaryCount": 0,
  "filesCount": 0,
  "hasEditorRef": true,
  "hasUnit": true,
  "hasVectorStoreSearch": true,
  "questionsCount": 0,
  "sectionsCount": 0,
}
[90mstdout[2m | src/components/Editor3/Editor.stories.jsx[2m > [22m[2mKeyboard Shortcuts Test
[22m[39m[Mock] CollaborationPlugin rendered with props: {
  "color": "#f59e0b",
  "cursorsContainerRef": {
    "current": <div
      class="jsx-9364b876b91d91fe collaboration-cursors-container"
      style="position: relative;"
    >
      <div
        aria-label="Edit"
        autocapitalize="off"
        class="editor"
        contenteditable="true"
        data-lexical-editor="true"
        data-tour="editor"
        role="textbox"
        spellcheck="true"
        style="max-width: 100%; outline: none; min-height: 100%; padding: 1rem 2rem 1rem 0.5rem; user-select: text; white-space: pre-wrap; word-break: break-word;"
      />
      <div
        class="jsx-e404209429cec6f3 editor-placeholder"
      >
        Start typing or use the toolbar above to add content...
      </div>
    </div>,
  },
  "provider": YjsDocProvider {
    "awareness": Awareness {
      "_checkInterval": 317,
      "_observers": Map {},
      "clientID": 1561215806,
      "doc": {
        "editorContent": "",
        "metadata": {},
      },
      "meta": Map {
        1561215806 => {
          "clock": 0,
          "lastUpdated": 1790418413921,
        },
      },
      "states": Map {
        1561215806 => {},
      },
    },
    "config": {
      "connect": false,
      "docName": "unit-null",
      "maxBackoffTime": 30000,
      "persistence": false,
      "resyncInterval": 5000,
      "wsUrl": "wss://j5eyo7cpia.execute-api.us-east-1.amazonaws.com/live",
    },
    "defaultConfig": {
      "connect": true,
      "maxBackoffTime": 30000,
      "persistence": true,
      "resyncInterval": 5000,
      "wsUrl": "wss://j5eyo7cpia.execute-api.us-east-1.amazonaws.com/live",
    },
    "docName": "unit-null",
    "hasLoggedConnectionError": false,
    "indexeddb": null,
    "lastStatusLog": "",
    "listeners": Map {
      "doc-reset" => Set {
        [Function handleDocReset],
      },
    },
    "resetCount": 0,
    "wsProvider": null,
    "ydoc": {
      "editorContent": "",
      "metadata": {},
    },
  },
  "username": "mock-user-sub",
}
[90mstdout[2m | test/unit/api/gamification-actions.test.ts
[22m[39m✓ Loaded .env.test

[90mstdout[2m | test/unit/notificationHelpers.test.ts
[22m[39m✓ Loaded .env.test

 [32m✓[39m [30m[42m unit [49m[39m test/unit/notificationHelpers.test.ts [2m([22m[2m11 tests[22m[2m)[22m[32m 34[2mms[22m[39m
 [32m✓[39m [30m[42m unit [49m[39m test/unit/api/gamification-actions.test.ts [2m([22m[2m19 tests[22m[2m)[22m[32m 41[2mms[22m[39m
[90mstdout[2m | src/components/Editor3/Editor.stories.jsx[2m > [22m[2mKeyboard Shortcuts Test
[22m[39m[useChatPageContext] Cleaning up page context
[90mstdout[2m | src/components/Editor3/Editor.stories.jsx[2m > [22m[2mKeyboard Shortcuts Test
[22m[39m[useChatPageContext] Registering page context: {
  "dictionaryCount": 0,
  "filesCount": 0,
  "hasEditorRef": true,
  "hasUnit": true,
  "hasVectorStoreSearch": true,
  "questionsCount": 0,
  "sectionsCount": 0,
}
[90mstdout[2m | src/components/Editor3/Editor.stories.jsx[2m > [22m[2mKeyboard Shortcuts Test
[22m[39m[Mock] CollaborationPlugin rendered with props: {
  "color": "#f59e0b",
  "cursorsContainerRef": {
    "current": <div
      class="jsx-9364b876b91d91fe collaboration-cursors-container"
      style="position: relative;"
    >
      <div
        aria-label="Edit"
        autocapitalize="off"
        class="editor"
        contenteditable="true"
        data-lexical-editor="true"
        data-tour="editor"
        role="textbox"
        spellcheck="true"
        style="max-width: 100%; outline: none; min-height: 100%; padding: 1rem 2rem 1rem 0.5rem; user-select: text; white-space: pre-wrap; word-break: break-word;"
      />
      <div
        class="jsx-e404209429cec6f3 editor-placeholder"
      >
        Start typing or use the toolbar above to add content...
      </div>
    </div>,
  },
  "provider": YjsDocProvider {
    "awareness": Awareness {
      "_checkInterval": 317,
      "_observers": Map {},
      "clientID": 1561215806,
      "doc": {
        "editorContent": "",
        "metadata": {},
      },
      "meta": Map {
        1561215806 => {
          "clock": 0,
          "lastUpdated": 1790418413921,
        },
      },
      "states": Map {
        1561215806 => {},
      },
    },
    "config": {
      "connect": false,
      "docName": "unit-null",
      "maxBackoffTime": 30000,
      "persistence": false,
      "resyncInterval": 5000,
      "wsUrl": "wss://j5eyo7cpia.execute-api.us-east-1.amazonaws.com/live",
    },
    "defaultConfig": {
      "connect": true,
      "maxBackoffTime": 30000,
      "persistence": true,
      "resyncInterval": 5000,
      "wsUrl": "wss://j5eyo7cpia.execute-api.us-east-1.amazonaws.com/live",
    },
    "docName": "unit-null",
    "hasLoggedConnectionError": false,
    "indexeddb": null,
    "lastStatusLog": "",
    "listeners": Map {
      "doc-reset" => Set {
        [Function handleDocReset],
      },
    },
    "resetCount": 0,
    "wsProvider": null,
    "ydoc": {
      "editorContent": "",
      "metadata": {},
    },
  },
  "username": "mock-user-sub",
}
[90mstdout[2m | src/components/Editor3/Editor.stories.jsx[2m > [22m[2mKeyboard Shortcuts Test
[22m[39m[Editor onChange] Skipping save - no initial state loaded yet
[90mstdout[2m | src/components/Editor3/Editor.stories.jsx[2m > [22m[2mKeyboard Shortcuts Test
[22m[39m[Mock] CollaborationPlugin rendered with props: {
  "color": "#f59e0b",
  "cursorsContainerRef": {
    "current": <div
      class="jsx-9364b876b91d91fe collaboration-cursors-container"
      style="position: relative;"
    >
      <div
        aria-label="Edit"
        class="editor"
        contenteditable="true"
        data-lexical-editor="true"
        data-tour="editor"
        role="textbox"
        spellcheck="true"
        style="max-width: 100%; outline: none; min-height: 100%; padding: 1rem 2rem 1rem 0.5rem; user-select: text; white-space: pre-wrap; word-break: break-word;"
      />
      <div
        class="jsx-e404209429cec6f3 editor-placeholder"
      >
        Start typing or use the toolbar above to add content...
      </div>
    </div>,
  },
  "provider": YjsDocProvider {
    "awareness": Awareness {
      "_checkInterval": 317,
      "_observers": Map {},
      "clientID": 1561215806,
      "doc": {
        "editorContent": "",
        "metadata": {},
      },
      "meta": Map {
        1561215806 => {
          "clock": 0,
          "lastUpdated": 1790418413921,
        },
      },
      "states": Map {
        1561215806 => {},
      },
    },
    "config": {
      "connect": false,
      "docName": "unit-null",
      "maxBackoffTime": 30000,
      "persistence": false,
      "resyncInterval": 5000,
      "wsUrl": "wss://j5eyo7cpia.execute-api.us-east-1.amazonaws.com/live",
    },
    "defaultConfig": {
      "connect": true,
      "maxBackoffTime": 30000,
      "persistence": true,
      "resyncInterval": 5000,
      "wsUrl": "wss://j5eyo7cpia.execute-api.us-east-1.amazonaws.com/live",
    },
    "docName": "unit-null",
    "hasLoggedConnectionError": false,
    "indexeddb": null,
    "lastStatusLog": "",
    "listeners": Map {
      "doc-reset" => Set {
        [Function handleDocReset],
      },
    },
    "resetCount": 0,
    "wsProvider": null,
    "ydoc": {
      "editorContent": "",
      "metadata": {},
    },
  },
  "username": "mock-user-sub",
}
[90mstdout[2m | test/unit/api/_shared/botPersonas.test.ts
[22m[39m✓ Loaded .env.test

 [32m✓[39m [30m[42m unit [49m[39m test/unit/api/chat-route.test.ts [2m([22m[2m16 tests[22m[2m)[22m[32m 52[2mms[22m[39m
 [32m✓[39m [30m[42m unit [49m[39m test/unit/api/_shared/botPersonas.test.ts [2m([22m[2m18 tests[22m[2m)[22m[32m 34[2mms[22m[39m
[90mstdout[2m | src/components/Editor3/Editor.stories.jsx[2m > [22m[2mKeyboard Shortcuts Test
[22m[39mStreaming chunk, total length: 17
[90mstdout[2m | src/components/Editor3/Editor.stories.jsx[2m > [22m[2mKeyboard Shortcuts Test
[22m[39mupdateSuggestion called with text: This is a sample 
[90mstdout[2m | src/components/Editor3/Editor.stories.jsx[2m > [22m[2mKeyboard Shortcuts Test
[22m[39mUpdating existing suggestion node in place
[90mstdout[2m | src/components/Editor3/Editor.stories.jsx[2m > [22m[2mKeyboard Shortcuts Test
[22m[39m[SectionContext] Section observeQuery update: 0
[90mstdout[2m | src/components/Editor3/Editor.stories.jsx[2m > [22m[2mKeyboard Shortcuts Test
[22m[39m[FilesContext] File observeQuery update: 0 files
[90mstdout[2m | src/components/Editor3/Editor.stories.jsx[2m > [22m[2mKeyboard Shortcuts Test
[22m[39m[ChatContext] AssistantChat initialized with 0 chats
[90mstdout[2m | src/components/Editor3/Editor.stories.jsx[2m > [22m[2mKeyboard Shortcuts Test
[22m[39mfetchSuggestion called with prompt: This is a sample paragraph. You can edit, format, and add various types of content here.
[90mstdout[2m | src/components/Editor3/Editor.stories.jsx[2m > [22m[2mKeyboard Shortcuts Test
[22m[39mMaking API call to /api/content-completion...
[90mstdout[2m | src/components/Editor3/Editor.stories.jsx[2m > [22m[2mKeyboard Shortcuts Test
[22m[39m[Mock Fetch] Intercepted /api/content-completion
[90mstdout[2m | src/components/Editor3/Editor.stories.jsx[2m > [22m[2mKeyboard Shortcuts Test
[22m[39mStarting to stream response...
[90mstdout[2m | src/components/Editor3/Editor.stories.jsx[2m > [22m[2mKeyboard Shortcuts Test
[22m[39m[MOCK CourseVectorStore] Initialized with mock data
[90mstdout[2m | src/components/Editor3/Editor.stories.jsx[2m > [22m[2mKeyboard Shortcuts Test
[22m[39m[Mock] CollaborationPlugin rendered with props: {
  "color": "#f59e0b",
  "cursorsContainerRef": {
    "current": <div
      class="jsx-9364b876b91d91fe collaboration-cursors-container"
      style="position: relative;"
    >
      <div
        aria-label="Edit"
        class="editor"
        contenteditable="true"
        data-lexical-editor="true"
        data-tour="editor"
        role="textbox"
        spellcheck="true"
        style="max-width: 100%; outline: none; min-height: 100%; padding: 1rem 2rem 1rem 0.5rem; user-select: text; white-space: pre-wrap; word-break: break-word;"
      />
      <div
        class="jsx-e404209429cec6f3 editor-placeholder"
      >
        Start typing or use the toolbar above to add content...
      </div>
    </div>,
  },
  "provider": YjsDocProvider {
    "awareness": Awareness {
      "_checkInterval": 317,
      "_observers": Map {},
      "clientID": 1561215806,
      "doc": {
        "editorContent": "",
        "metadata": {},
      },
      "meta": Map {
        1561215806 => {
          "clock": 0,
          "lastUpdated": 1790418413921,
        },
      },
      "states": Map {
        1561215806 => {},
      },
    },
    "config": {
      "connect": false,
      "docName": "unit-null",
      "maxBackoffTime": 30000,
      "persistence": false,
      "resyncInterval": 5000,
      "wsUrl": "wss://j5eyo7cpia.execute-api.us-east-1.amazonaws.com/live",
    },
    "defaultConfig": {
      "connect": true,
      "maxBackoffTime": 30000,
      "persistence": true,
      "resyncInterval": 5000,
      "wsUrl": "wss://j5eyo7cpia.execute-api.us-east-1.amazonaws.com/live",
    },
    "docName": "unit-null",
    "hasLoggedConnectionError": false,
    "indexeddb": null,
    "lastStatusLog": "",
    "listeners": Map {
      "doc-reset" => Set {
        [Function handleDocReset],
      },
    },
    "resetCount": 0,
    "wsProvider": null,
    "ydoc": {
      "editorContent": "",
      "metadata": {},
    },
  },
  "username": "mock-user-sub",
}
[90mstdout[2m | src/components/MeaningAssociationExercise/__tests__/modeNavigation.test.ts
[22m[39m✓ Loaded .env.test

[90mstdout[2m | src/components/Editor3/Editor.stories.jsx[2m > [22m[2mKeyboard Shortcuts Test
[22m[39m[FileManager2] Files received from context: 0 []
[90mstdout[2m | src/components/Editor3/Editor.stories.jsx[2m > [22m[2mKeyboard Shortcuts Test
[22m[39m[ChatContext] No current chat available, will create one
[90mstdout[2m | src/components/Editor3/Editor.stories.jsx[2m > [22m[2mKeyboard Shortcuts Test
[22m[39m[ChatContext] Creating AssistantChat with user: undefined
[90mstdout[2m | src/components/Editor3/Editor.stories.jsx[2m > [22m[2mKeyboard Shortcuts Test
[22m[39m[Mock Data] AssistantChat created: mock-assistantchat-1790418414860 - notified 1 subscribers
[90mstdout[2m | src/components/Editor3/Editor.stories.jsx[2m > [22m[2mKeyboard Shortcuts Test
[22m[39m[Mock] CollaborationPlugin rendered with props: {
  "color": "#f59e0b",
  "cursorsContainerRef": {
    "current": <div
      class="jsx-9364b876b91d91fe collaboration-cursors-container"
      style="position: relative;"
    >
      <div
        aria-label="Edit"
        class="editor"
        contenteditable="true"
        data-lexical-editor="true"
        data-tour="editor"
        role="textbox"
        spellcheck="true"
        style="max-width: 100%; outline: none; min-height: 100%; padding: 1rem 2rem 1rem 0.5rem; user-select: text; white-space: pre-wrap; word-break: break-word;"
      />
      <div
        class="jsx-e404209429cec6f3 editor-placeholder"
      >
        Start typing or use the toolbar above to add content...
      </div>
    </div>,
  },
  "provider": YjsDocProvider {
    "awareness": Awareness {
      "_checkInterval": 317,
      "_observers": Map {},
      "clientID": 1561215806,
      "doc": {
        "editorContent": "",
        "metadata": {},
      },
      "meta": Map {
        1561215806 => {
          "clock": 0,
          "lastUpdated": 1790418413921,
        },
      },
      "states": Map {
        1561215806 => {},
      },
    },
    "config": {
      "connect": false,
      "docName": "unit-null",
      "maxBackoffTime": 30000,
      "persistence": false,
      "resyncInterval": 5000,
      "wsUrl": "wss://j5eyo7cpia.execute-api.us-east-1.amazonaws.com/live",
    },
    "defaultConfig": {
      "connect": true,
      "maxBackoffTime": 30000,
      "persistence": true,
      "resyncInterval": 5000,
      "wsUrl": "wss://j5eyo7cpia.execute-api.us-east-1.amazonaws.com/live",
    },
    "docName": "unit-null",
    "hasLoggedConnectionError": false,
    "indexeddb": null,
    "lastStatusLog": "",
    "listeners": Map {
      "doc-reset" => Set {
        [Function handleDocReset],
      },
    },
    "resetCount": 0,
    "wsProvider": null,
    "ydoc": {
      "editorContent": "",
      "metadata": {},
    },
  },
  "username": "mock-user-sub",
}
[90mstdout[2m | src/components/Editor3/Editor.stories.jsx[2m > [22m[2mKeyboard Shortcuts Test
[22m[39m[ChatContext] Create result: {
  "data": {
    "_version": 1,
    "archived": false,
    "chatFiles": [Function anonymous],
    "createdAt": "2026-09-26T10:26:54.860Z",
    "id": "mock-assistantchat-1790418414860",
    "model": "gpt-4",
    "updatedAt": "2026-09-26T10:26:54.860Z",
  },
  "errors": [],
  "hasData": true,
  "hasErrors": true,
}
[90mstdout[2m | src/components/Editor3/Editor.stories.jsx[2m > [22m[2mKeyboard Shortcuts Test
[22m[39m[ChatContext] Created AssistantChat: mock-assistantchat-1790418414860 at: 2026-09-26T10:26:54.860Z
[90mstdout[2m | src/components/Editor3/Editor.stories.jsx[2m > [22m[2mKeyboard Shortcuts Test
[22m[39m[Mock Storage] downloadData called with: undefined
[90mstdout[2m | src/components/Editor3/Editor.stories.jsx[2m > [22m[2mKeyboard Shortcuts Test
[22m[39m[ChatContext] Setting initial chat: mock-assistantchat-1790418414860
[90mstdout[2m | src/components/Editor3/Editor.stories.jsx[2m > [22m[2mKeyboard Shortcuts Test
[22m[39m[Mock] CollaborationPlugin rendered with props: {
  "color": "#f59e0b",
  "cursorsContainerRef": {
    "current": <div
      class="jsx-9364b876b91d91fe collaboration-cursors-container"
      style="position: relative;"
    >
      <div
        aria-label="Edit"
        class="editor"
        contenteditable="true"
        data-lexical-editor="true"
        data-tour="editor"
        role="textbox"
        spellcheck="true"
        style="max-width: 100%; outline: none; min-height: 100%; padding: 1rem 2rem 1rem 0.5rem; user-select: text; white-space: pre-wrap; word-break: break-word;"
      />
      <div
        class="jsx-e404209429cec6f3 editor-placeholder"
      >
        Start typing or use the toolbar above to add content...
      </div>
    </div>,
  },
  "provider": YjsDocProvider {
    "awareness": Awareness {
      "_checkInterval": 317,
      "_observers": Map {},
      "clientID": 1561215806,
      "doc": {
        "editorContent": "",
        "metadata": {},
      },
      "meta": Map {
        1561215806 => {
          "clock": 0,
          "lastUpdated": 1790418413921,
        },
      },
      "states": Map {
        1561215806 => {},
      },
    },
    "config": {
      "connect": false,
      "docName": "unit-null",
      "maxBackoffTime": 30000,
      "persistence": false,
      "resyncInterval": 5000,
      "wsUrl": "wss://j5eyo7cpia.execute-api.us-east-1.amazonaws.com/live",
    },
    "defaultConfig": {
      "connect": true,
      "maxBackoffTime": 30000,
      "persistence": true,
      "resyncInterval": 5000,
      "wsUrl": "wss://j5eyo7cpia.execute-api.us-east-1.amazonaws.com/live",
    },
    "docName": "unit-null",
    "hasLoggedConnectionError": false,
    "indexeddb": null,
    "lastStatusLog": "",
    "listeners": Map {
      "doc-reset" => Set {
        [Function handleDocReset],
      },
    },
    "resetCount": 0,
    "wsProvider": null,
    "ydoc": {
      "editorContent": "",
      "metadata": {},
    },
  },
  "username": "mock-user-sub",
}
[90mstdout[2m | src/components/Editor3/Editor.stories.jsx[2m > [22m[2mKeyboard Shortcuts Test
[22m[39m[ChatSidebar] Loading messages for chat: mock-assistantchat-1790418414860 count: 0
[90mstdout[2m | src/components/Editor3/Editor.stories.jsx[2m > [22m[2mKeyboard Shortcuts Test
[22m[39m[ChatSidebar] deepCloneMessages: returning empty array
[90mstdout[2m | src/components/Editor3/Editor.stories.jsx[2m > [22m[2mKeyboard Shortcuts Test
[22m[39m[ChatContext] Chat exists and not archived, skipping creation
[90mstdout[2m | src/components/Editor3/Editor.stories.jsx[2m > [22m[2mKeyboard Shortcuts Test
[22m[39mStreaming chunk, total length: 27
[90mstdout[2m | src/components/Editor3/Editor.stories.jsx[2m > [22m[2mKeyboard Shortcuts Test
[22m[39mupdateSuggestion called with text: This is a sample paragraph 
[90mstdout[2m | src/components/Editor3/Editor.stories.jsx[2m > [22m[2mKeyboard Shortcuts Test
[22m[39mReplacing existing node with suggestion
[90mstdout[2m | src/components/Editor3/Editor.stories.jsx[2m > [22m[2mKeyboard Shortcuts Test
[22m[39mStreaming chunk, total length: 5
[90mstdout[2m | src/components/Editor3/Editor.stories.jsx[2m > [22m[2mKeyboard Shortcuts Test
[22m[39mupdateSuggestion called with text: This 
[90mstdout[2m | src/components/Editor3/Editor.stories.jsx[2m > [22m[2mKeyboard Shortcuts Test
[22m[39mUpdating existing suggestion node in place
[90mstdout[2m | src/components/Editor3/Editor.stories.jsx[2m > [22m[2mKeyboard Shortcuts Test
[22m[39mStreaming chunk, total length: 33
[90mstdout[2m | src/components/Editor3/Editor.stories.jsx[2m > [22m[2mKeyboard Shortcuts Test
[22m[39mupdateSuggestion called with text: This is a sample paragraph about 
[90mstdout[2m | src/components/Editor3/Editor.stories.jsx[2m > [22m[2mKeyboard Shortcuts Test
[22m[39mUpdating existing suggestion node in place
[90mstdout[2m | src/components/Editor3/Editor.stories.jsx[2m > [22m[2mKeyboard Shortcuts Test
[22m[39mStreaming chunk, total length: 8
[90mstdout[2m | src/components/Editor3/Editor.stories.jsx[2m > [22m[2mKeyboard Shortcuts Test
[22m[39mupdateSuggestion called with text: This is 
[90mstdout[2m | src/components/Editor3/Editor.stories.jsx[2m > [22m[2mKeyboard Shortcuts Test
[22m[39mUpdating existing suggestion node in place
[90mstdout[2m | src/components/Editor3/Editor.stories.jsx[2m > [22m[2mKeyboard Shortcuts Test
[22m[39mStreaming chunk, total length: 42
[90mstdout[2m | src/components/Editor3/Editor.stories.jsx[2m > [22m[2mKeyboard Shortcuts Test
[22m[39mupdateSuggestion called with text: This is a sample paragraph about Japanese 
[90mstdout[2m | src/components/Editor3/Editor.stories.jsx[2m > [22m[2mKeyboard Shortcuts Test
[22m[39mUpdating existing suggestion node in place
[90mstdout[2m | src/components/Editor3/Editor.stories.jsx[2m > [22m[2mKeyboard Shortcuts Test
[22m[39mStreaming chunk, total length: 10
[90mstdout[2m | src/components/Editor3/Editor.stories.jsx[2m > [22m[2mKeyboard Shortcuts Test
[22m[39mupdateSuggestion called with text: This is a 
[90mstdout[2m | src/components/Editor3/Editor.stories.jsx[2m > [22m[2mKeyboard Shortcuts Test
[22m[39mUpdating existing suggestion node in place
[90mstdout[2m | src/components/Editor3/Editor.stories.jsx[2m > [22m[2mKeyboard Shortcuts Text Formatting
[22m[39mStreaming chunk, total length: 52
[90mstdout[2m | src/components/Editor3/Editor.stories.jsx[2m > [22m[2mKeyboard Shortcuts Text Formatting
[22m[39mupdateSuggestion called with text: This is a sample paragraph about Japanese language. 
[90mstdout[2m | src/components/Editor3/Editor.stories.jsx[2m > [22m[2mKeyboard Shortcuts Text Formatting
[22m[39mUpdating existing suggestion node in place
[90mstdout[2m | src/components/Editor3/Editor.stories.jsx[2m > [22m[2mKeyboard Shortcuts Text Formatting
[22m[39mStreaming chunk, total length: 17
[90mstdout[2m | src/components/Editor3/Editor.stories.jsx[2m > [22m[2mKeyboard Shortcuts Text Formatting
[22m[39mupdateSuggestion called with text: This is a sample 
[90mstdout[2m | src/components/Editor3/Editor.stories.jsx[2m > [22m[2mKeyboard Shortcuts Text Formatting
[22m[39mUpdating existing suggestion node in place
[90mstdout[2m | src/components/Editor3/Editor.stories.jsx[2m > [22m[2mKeyboard Shortcuts Text Formatting
[22m[39m[Editor onChange] Skipping save due to tags: [
  "history-merge",
]
[90mstdout[2m | src/components/Editor3/Editor.stories.jsx[2m > [22m[2mKeyboard Shortcuts Text Formatting
[22m[39m[ChatContext] Cleaning up subscriptions
[90mstdout[2m | src/components/Editor3/Editor.stories.jsx[2m > [22m[2mKeyboard Shortcuts Text Formatting
[22m[39m[Mock Data] Unit.onUpdate() subscription removed. Remaining: 0
[90mstdout[2m | src/components/Editor3/Editor.stories.jsx[2m > [22m[2mKeyboard Shortcuts Text Formatting
[22m[39m[useChatPageContext] Cleaning up page context
[90mstdout[2m | src/components/Editor3/Editor.stories.jsx[2m > [22m[2mKeyboard Shortcuts Text Formatting
[22m[39m[chatTools] Vector store search function registered: false
[90mstdout[2m | src/components/Editor3/Editor.stories.jsx[2m > [22m[2mKeyboard Shortcuts Text Formatting
[22m[39m[chatTools] Practice drill callback registered: false
[90mstdout[2m | src/components/Editor3/Editor.stories.jsx[2m > [22m[2mKeyboard Shortcuts Text Formatting
[22m[39m[Preview] Skipped initializing default mock data (initializeMockData=false)
[90mstdout[2m | src/components/Editor3/Editor.stories.jsx[2m > [22m[2mKeyboard Shortcuts Text Formatting
[22m[39m[Mock Data] seedMockUnit: Adding unit keyboard-shortcuts-text-formatting-id
[90mstdout[2m | src/components/Editor3/Editor.stories.jsx[2m > [22m[2mKeyboard Shortcuts Text Formatting
[22m[39mStreaming chunk, total length: 56
[90mstdout[2m | src/components/Editor3/Editor.stories.jsx[2m > [22m[2mKeyboard Shortcuts Text Formatting
[22m[39mupdateSuggestion called with text: This is a sample paragraph about Japanese language. The 
[90mstdout[2m | src/components/Editor3/Editor.stories.jsx[2m > [22m[2mKeyboard Shortcuts Text Formatting
[22m[39mUpdating existing suggestion node in place
[90mstdout[2m | src/components/Editor3/Editor.stories.jsx[2m > [22m[2mKeyboard Shortcuts Text Formatting
[22m[39mStreaming chunk, total length: 27
[90mstdout[2m | src/components/Editor3/Editor.stories.jsx[2m > [22m[2mKeyboard Shortcuts Text Formatting
[22m[39mupdateSuggestion called with text: This is a sample paragraph 
[90mstdout[2m | src/components/Editor3/Editor.stories.jsx[2m > [22m[2mKeyboard Shortcuts Text Formatting
[22m[39mUpdating existing suggestion node in place
[90mstdout[2m | src/components/Editor3/Editor.stories.jsx[2m > [22m[2mKeyboard Shortcuts Text Formatting
[22m[39m[MOCK CourseVectorStore] Initialized with mock data
[90mstdout[2m | src/components/Editor3/Editor.stories.jsx[2m > [22m[2mKeyboard Shortcuts Text Formatting
[22m[39m[useTabState] Initialized with: {
  "leftOpen": false,
  "leftTab": 4,
  "leftWidth": 350,
  "rightOpen": false,
  "rightTab": 5,
  "rightWidth": 350,
} from URL: {} localStorage: null defaults: {
  "defaultLeftTab": 4,
  "defaultRightTab": 5,
}
[90mstdout[2m | src/components/Editor3/Editor.stories.jsx[2m > [22m[2mKeyboard Shortcuts Text Formatting
[22m[39m[FileManager2] Files received from context: 0 []
[90mstdout[2m | src/components/Editor3/Editor.stories.jsx[2m > [22m[2mKeyboard Shortcuts Text Formatting
[22m[39m[FileManager2] Upload useEffect triggered. filesToUpload: 0 uploadInProgress: false
[90mstdout[2m | src/components/Editor3/Editor.stories.jsx[2m > [22m[2mKeyboard Shortcuts Text Formatting
[22m[39m[FileManager2] Skipping upload - no files or already in progress
[90mstdout[2m | src/components/Editor3/Editor.stories.jsx[2m > [22m[2mKeyboard Shortcuts Text Formatting
[22m[39m[chatTools] Vector store search function registered: true
[90mstdout[2m | src/components/Editor3/Editor.stories.jsx[2m > [22m[2mKeyboard Shortcuts Text Formatting
[22m[39m[ChatSidebar] Registered vector store search, isReady: false
[90mstdout[2m | src/components/Editor3/Editor.stories.jsx[2m > [22m[2mKeyboard Shortcuts Text Formatting
[22m[39m[chatTools] Practice drill callback registered: true
[90mstdout[2m | src/components/Editor3/Editor.stories.jsx[2m > [22m[2mKeyboard Shortcuts Text Formatting
[22m[39m[useChatPageContext] Registering page context: {
  "dictionaryCount": 0,
  "filesCount": 0,
  "hasEditorRef": true,
  "hasUnit": true,
  "hasVectorStoreSearch": true,
  "questionsCount": 0,
  "sectionsCount": 0,
}
[90mstdout[2m | src/components/Editor3/Editor.stories.jsx[2m > [22m[2mKeyboard Shortcuts Text Formatting
[22m[39m[TranslationModeController] Setting mode to: off
[90mstdout[2m | src/components/Editor3/Editor.stories.jsx[2m > [22m[2mKeyboard Shortcuts Text Formatting
[22m[39m[UnitContext] useEffect triggered {
  "authLoading": false,
  "hasUser": true,
  "id": "keyboard-shortcuts-text-formatting-id",
  "userSub": "mock-user-sub",
}
[90mstdout[2m | src/components/Editor3/Editor.stories.jsx[2m > [22m[2mKeyboard Shortcuts Text Formatting
[22m[39m[UnitContext] Fetching unit data for id: keyboard-shortcuts-text-formatting-id
[90mstdout[2m | src/components/Editor3/Editor.stories.jsx[2m > [22m[2mKeyboard Shortcuts Text Formatting
[22m[39m[FilesContext] Initializing vector store from IndexedDB
[90mstdout[2m | src/components/Editor3/Editor.stories.jsx[2m > [22m[2mKeyboard Shortcuts Text Formatting
[22m[39m[FilesContext] fetchFiles called
[90mstdout[2m | src/components/Editor3/Editor.stories.jsx[2m > [22m[2mKeyboard Shortcuts Text Formatting
[22m[39m[FilesContext] User authenticated: mock-user-sub
[90mstdout[2m | src/components/Editor3/Editor.stories.jsx[2m > [22m[2mKeyboard Shortcuts Text Formatting
[22m[39m[FilesContext] Identity ID: us-east-1:mock-identity-123
[90mstdout[2m | src/components/Editor3/Editor.stories.jsx[2m > [22m[2mKeyboard Shortcuts Text Formatting
[22m[39m[FilesContext] About to set up File observeQuery
[90mstdout[2m | src/components/Editor3/Editor.stories.jsx[2m > [22m[2mKeyboard Shortcuts Text Formatting
[22m[39m[ChatContext] Setting up AssistantChat observeQuery
[90mstdout[2m | src/components/Editor3/Editor.stories.jsx[2m > [22m[2mKeyboard Shortcuts Text Formatting
[22m[39m[ChatContext] Waiting for subscription to initialize
[90mstdout[2m | src/components/Editor3/Editor.stories.jsx[2m > [22m[2mKeyboard Shortcuts Text Formatting
[22m[39m[SettingsContext] Setting up Settings subscription for user: mock-user-sub
[90mstdout[2m | test/unit/fileUploadUtils.test.ts
[22m[39m✓ Loaded .env.test

[90mstdout[2m | src/components/Editor3/Editor.stories.jsx[2m > [22m[2mKeyboard Shortcuts Text Formatting
[22m[39m[useChatPageContext] Cleaning up page context
[90mstdout[2m | src/components/Editor3/Editor.stories.jsx[2m > [22m[2mKeyboard Shortcuts Text Formatting
[22m[39m[useChatPageContext] Registering page context: {
  "dictionaryCount": 0,
  "filesCount": 0,
  "hasEditorRef": true,
  "hasUnit": true,
  "hasVectorStoreSearch": true,
  "questionsCount": 0,
  "sectionsCount": 0,
}
[90mstdout[2m | src/components/Editor3/Editor.stories.jsx[2m > [22m[2mKeyboard Shortcuts Text Formatting
[22m[39m[Editor onChange] Skipping save - no initial state loaded yet
[90mstdout[2m | src/components/Editor3/Editor.stories.jsx[2m > [22m[2mKeyboard Shortcuts Text Formatting
[22m[39m[Mock Data] Settings created: mock-settings-1790418415759 - notified 0 subscribers
[90mstdout[2m | src/components/Editor3/Editor.stories.jsx[2m > [22m[2mKeyboard Shortcuts Text Formatting
[22m[39m[Mock Data] Unit.onUpdate() subscription added. Total: 1
[90mstdout[2m | src/components/Editor3/Editor.stories.jsx[2m > [22m[2mKeyboard Shortcuts Text Formatting
[22m[39m[Mock] CollaborationPlugin rendered with props: {
  "color": "#f59e0b",
  "cursorsContainerRef": {
    "current": <div
      class="jsx-9364b876b91d91fe collaboration-cursors-container"
      style="position: relative;"
    >
      <div
        aria-label="Edit"
        class="editor"
        contenteditable="true"
        data-lexical-editor="true"
        data-tour="editor"
        role="textbox"
        spellcheck="true"
        style="max-width: 100%; outline: none; min-height: 100%; padding: 1rem 2rem 1rem 0.5rem; user-select: text; white-space: pre-wrap; word-break: break-word;"
      />
      <div
        class="jsx-e404209429cec6f3 editor-placeholder"
      >
        Start typing or use the toolbar above to add content...
      </div>
    </div>,
  },
  "provider": YjsDocProvider {
    "awareness": Awareness {
      "_checkInterval": 469,
      "_observers": Map {},
      "clientID": 3366373235,
      "doc": {
        "editorContent": "",
        "metadata": {},
      },
      "meta": Map {
        3366373235 => {
          "clock": 0,
          "lastUpdated": 1790418415532,
        },
      },
      "states": Map {
        3366373235 => {},
      },
    },
    "config": {
      "connect": false,
      "docName": "unit-null",
      "maxBackoffTime": 30000,
      "persistence": false,
      "resyncInterval": 5000,
      "wsUrl": "wss://j5eyo7cpia.execute-api.us-east-1.amazonaws.com/live",
    },
    "defaultConfig": {
      "connect": true,
      "maxBackoffTime": 30000,
      "persistence": true,
      "resyncInterval": 5000,
      "wsUrl": "wss://j5eyo7cpia.execute-api.us-east-1.amazonaws.com/live",
    },
    "docName": "unit-null",
    "hasLoggedConnectionError": false,
    "indexeddb": null,
    "lastStatusLog": "",
    "listeners": Map {
      "doc-reset" => Set {
        [Function handleDocReset],
      },
    },
    "resetCount": 0,
    "wsProvider": null,
    "ydoc": {
      "editorContent": "",
      "metadata": {},
    },
  },
  "username": "mock-user-sub",
}
[90mstdout[2m | src/components/Editor3/Editor.stories.jsx[2m > [22m[2mKeyboard Shortcuts Text Formatting
[22m[39m[Editor onChange] Skipping save due to tags: [
  "history-merge",
]
[90mstdout[2m | src/components/Editor3/Editor.stories.jsx[2m > [22m[2mKeyboard Shortcuts Text Formatting
[22m[39m[chatTools] Vector store search function registered: false
[90mstdout[2m | src/components/Editor3/Editor.stories.jsx[2m > [22m[2mKeyboard Shortcuts Text Formatting
[22m[39m[chatTools] Practice drill callback registered: false
[90mstdout[2m | src/components/Editor3/Editor.stories.jsx[2m > [22m[2mKeyboard Shortcuts Text Formatting
[22m[39m[useChatPageContext] Cleaning up page context
[90mstdout[2m | src/components/Editor3/Editor.stories.jsx[2m > [22m[2mKeyboard Shortcuts Text Formatting
[22m[39m[FileManager2] Files received from context: 0 []
[90mstdout[2m | src/components/Editor3/Editor.stories.jsx[2m > [22m[2mKeyboard Shortcuts Text Formatting
[22m[39m[FileManager2] Upload useEffect triggered. filesToUpload: 0 uploadInProgress: false
[90mstdout[2m | src/components/Editor3/Editor.stories.jsx[2m > [22m[2mKeyboard Shortcuts Text Formatting
[22m[39m[FileManager2] Skipping upload - no files or already in progress
[90mstdout[2m | src/components/Editor3/Editor.stories.jsx[2m > [22m[2mKeyboard Shortcuts Text Formatting
[22m[39m[chatTools] Vector store search function registered: true
[90mstdout[2m | src/components/Editor3/Editor.stories.jsx[2m > [22m[2mKeyboard Shortcuts Text Formatting
[22m[39m[ChatSidebar] Registered vector store search, isReady: false
[90mstdout[2m | src/components/Editor3/Editor.stories.jsx[2m > [22m[2mKeyboard Shortcuts Text Formatting
[22m[39m[chatTools] Practice drill callback registered: true
[90mstdout[2m | src/components/Editor3/Editor.stories.jsx[2m > [22m[2mKeyboard Shortcuts Text Formatting
[22m[39m[useChatPageContext] Registering page context: {
  "dictionaryCount": 0,
  "filesCount": 0,
  "hasEditorRef": true,
  "hasUnit": true,
  "hasVectorStoreSearch": true,
  "questionsCount": 0,
  "sectionsCount": 0,
}
[90mstdout[2m | src/components/Editor3/Editor.stories.jsx[2m > [22m[2mKeyboard Shortcuts Text Formatting
[22m[39m[Mock] CollaborationPlugin rendered with props: {
  "color": "#f59e0b",
  "cursorsContainerRef": {
    "current": <div
      class="jsx-9364b876b91d91fe collaboration-cursors-container"
      style="position: relative;"
    >
      <div
        aria-label="Edit"
        autocapitalize="off"
        class="editor"
        contenteditable="true"
        data-lexical-editor="true"
        data-tour="editor"
        role="textbox"
        spellcheck="true"
        style="max-width: 100%; outline: none; min-height: 100%; padding: 1rem 2rem 1rem 0.5rem; user-select: text; white-space: pre-wrap; word-break: break-word;"
      />
      <div
        class="jsx-e404209429cec6f3 editor-placeholder"
      >
        Start typing or use the toolbar above to add content...
      </div>
    </div>,
  },
  "provider": YjsDocProvider {
    "awareness": Awareness {
      "_checkInterval": 469,
      "_observers": Map {},
      "clientID": 3366373235,
      "doc": {
        "editorContent": "",
        "metadata": {},
      },
      "meta": Map {
        3366373235 => {
          "clock": 0,
          "lastUpdated": 1790418415532,
        },
      },
      "states": Map {
        3366373235 => {},
      },
    },
    "config": {
      "connect": false,
      "docName": "unit-null",
      "maxBackoffTime": 30000,
      "persistence": false,
      "resyncInterval": 5000,
      "wsUrl": "wss://j5eyo7cpia.execute-api.us-east-1.amazonaws.com/live",
    },
    "defaultConfig": {
      "connect": true,
      "maxBackoffTime": 30000,
      "persistence": true,
      "resyncInterval": 5000,
      "wsUrl": "wss://j5eyo7cpia.execute-api.us-east-1.amazonaws.com/live",
    },
    "docName": "unit-null",
    "hasLoggedConnectionError": false,
    "indexeddb": null,
    "lastStatusLog": "",
    "listeners": Map {
      "doc-reset" => Set {
        [Function handleDocReset],
      },
    },
    "resetCount": 0,
    "wsProvider": null,
    "ydoc": {
      "editorContent": "",
      "metadata": {},
    },
  },
  "username": "mock-user-sub",
}
[90mstdout[2m | src/components/Editor3/Editor.stories.jsx[2m > [22m[2mKeyboard Shortcuts Text Formatting
[22m[39m[useChatPageContext] Cleaning up page context
[90mstdout[2m | src/components/Editor3/Editor.stories.jsx[2m > [22m[2mKeyboard Shortcuts Text Formatting
[22m[39m[useChatPageContext] Registering page context: {
  "dictionaryCount": 0,
  "filesCount": 0,
  "hasEditorRef": true,
  "hasUnit": true,
  "hasVectorStoreSearch": true,
  "questionsCount": 0,
  "sectionsCount": 0,
}
[90mstdout[2m | src/components/Editor3/Editor.stories.jsx[2m > [22m[2mKeyboard Shortcuts Text Formatting
[22m[39m[Mock] CollaborationPlugin rendered with props: {
  "color": "#f59e0b",
  "cursorsContainerRef": {
    "current": <div
      class="jsx-9364b876b91d91fe collaboration-cursors-container"
      style="position: relative;"
    >
      <div
        aria-label="Edit"
        autocapitalize="off"
        class="editor"
        contenteditable="true"
        data-lexical-editor="true"
        data-tour="editor"
        role="textbox"
        spellcheck="true"
        style="max-width: 100%; outline: none; min-height: 100%; padding: 1rem 2rem 1rem 0.5rem; user-select: text; white-space: pre-wrap; word-break: break-word;"
      />
      <div
        class="jsx-e404209429cec6f3 editor-placeholder"
      >
        Start typing or use the toolbar above to add content...
      </div>
    </div>,
  },
  "provider": YjsDocProvider {
    "awareness": Awareness {
      "_checkInterval": 469,
      "_observers": Map {},
      "clientID": 3366373235,
      "doc": {
        "editorContent": "",
        "metadata": {},
      },
      "meta": Map {
        3366373235 => {
          "clock": 0,
          "lastUpdated": 1790418415532,
        },
      },
      "states": Map {
        3366373235 => {},
      },
    },
    "config": {
      "connect": false,
      "docName": "unit-null",
      "maxBackoffTime": 30000,
      "persistence": false,
      "resyncInterval": 5000,
      "wsUrl": "wss://j5eyo7cpia.execute-api.us-east-1.amazonaws.com/live",
    },
    "defaultConfig": {
      "connect": true,
      "maxBackoffTime": 30000,
      "persistence": true,
      "resyncInterval": 5000,
      "wsUrl": "wss://j5eyo7cpia.execute-api.us-east-1.amazonaws.com/live",
    },
    "docName": "unit-null",
    "hasLoggedConnectionError": false,
    "indexeddb": null,
    "lastStatusLog": "",
    "listeners": Map {
      "doc-reset" => Set {
        [Function handleDocReset],
      },
    },
    "resetCount": 0,
    "wsProvider": null,
    "ydoc": {
      "editorContent": "",
      "metadata": {},
    },
  },
  "username": "mock-user-sub",
}
[90mstdout[2m | src/components/Editor3/Editor.stories.jsx[2m > [22m[2mKeyboard Shortcuts Text Formatting
[22m[39m[Editor onChange] Skipping save - no initial state loaded yet
[90mstdout[2m | src/components/Editor3/Editor.stories.jsx[2m > [22m[2mKeyboard Shortcuts Text Formatting
[22m[39m[Mock] CollaborationPlugin rendered with props: {
  "color": "#f59e0b",
  "cursorsContainerRef": {
    "current": <div
      class="jsx-9364b876b91d91fe collaboration-cursors-container"
      style="position: relative;"
    >
      <div
        aria-label="Edit"
        class="editor"
        contenteditable="true"
        data-lexical-editor="true"
        data-tour="editor"
        role="textbox"
        spellcheck="true"
        style="max-width: 100%; outline: none; min-height: 100%; padding: 1rem 2rem 1rem 0.5rem; user-select: text; white-space: pre-wrap; word-break: break-word;"
      />
      <div
        class="jsx-e404209429cec6f3 editor-placeholder"
      >
        Start typing or use the toolbar above to add content...
      </div>
    </div>,
  },
  "provider": YjsDocProvider {
    "awareness": Awareness {
      "_checkInterval": 469,
      "_observers": Map {},
      "clientID": 3366373235,
      "doc": {
        "editorContent": "",
        "metadata": {},
      },
      "meta": Map {
        3366373235 => {
          "clock": 0,
          "lastUpdated": 1790418415532,
        },
      },
      "states": Map {
        3366373235 => {},
      },
    },
    "config": {
      "connect": false,
      "docName": "unit-null",
      "maxBackoffTime": 30000,
      "persistence": false,
      "resyncInterval": 5000,
      "wsUrl": "wss://j5eyo7cpia.execute-api.us-east-1.amazonaws.com/live",
    },
    "defaultConfig": {
      "connect": true,
      "maxBackoffTime": 30000,
      "persistence": true,
      "resyncInterval": 5000,
      "wsUrl": "wss://j5eyo7cpia.execute-api.us-east-1.amazonaws.com/live",
    },
    "docName": "unit-null",
    "hasLoggedConnectionError": false,
    "indexeddb": null,
    "lastStatusLog": "",
    "listeners": Map {
      "doc-reset" => Set {
        [Function handleDocReset],
      },
    },
    "resetCount": 0,
    "wsProvider": null,
    "ydoc": {
      "editorContent": "",
      "metadata": {},
    },
  },
  "username": "mock-user-sub",
}
[90mstdout[2m | src/components/Editor3/Editor.stories.jsx[2m > [22m[2mKeyboard Shortcuts Text Formatting
[22m[39mStreaming chunk, total length: 65
[90mstdout[2m | src/components/Editor3/Editor.stories.jsx[2m > [22m[2mKeyboard Shortcuts Text Formatting
[22m[39mupdateSuggestion called with text: This is a sample paragraph about Japanese language. The hiragana 
[90mstdout[2m | src/components/Editor3/Editor.stories.jsx[2m > [22m[2mKeyboard Shortcuts Text Formatting
[22m[39mUpdating existing suggestion node in place
[90mstdout[2m | src/components/Editor3/Editor.stories.jsx[2m > [22m[2mKeyboard Shortcuts Text Formatting
[22m[39mStreaming chunk, total length: 33
[90mstdout[2m | src/components/Editor3/Editor.stories.jsx[2m > [22m[2mKeyboard Shortcuts Text Formatting
[22m[39mupdateSuggestion called with text: This is a sample paragraph about 
[90mstdout[2m | src/components/Editor3/Editor.stories.jsx[2m > [22m[2mKeyboard Shortcuts Text Formatting
[22m[39mUpdating existing suggestion node in place
[90mstdout[2m | src/components/Editor3/Editor.stories.jsx[2m > [22m[2mKeyboard Shortcuts Text Formatting
[22m[39m[SectionContext] Section observeQuery update: 0
[90mstdout[2m | src/components/Editor3/Editor.stories.jsx[2m > [22m[2mKeyboard Shortcuts Text Formatting
[22m[39m[FilesContext] File observeQuery update: 0 files
[90mstdout[2m | src/components/Editor3/Editor.stories.jsx[2m > [22m[2mKeyboard Shortcuts Text Formatting
[22m[39m[ChatContext] AssistantChat initialized with 0 chats
[90mstdout[2m | src/components/Editor3/Editor.stories.jsx[2m > [22m[2mKeyboard Shortcuts Text Formatting
[22m[39mfilterWords {
  "filter": "",
  "wordsCount": 0,
}
[90mstdout[2m | src/components/Editor3/Editor.stories.jsx[2m > [22m[2mKeyboard Shortcuts Text Formatting
[22m[39m[Mock Storage] uploadData called with: {
  "key": undefined,
  "options": {
    "contentType": "application/json",
  },
  "path": "protected/undefined/units/editor-with-content-id/draft.json",
}
[90mstdout[2m | src/components/Editor3/Editor.stories.jsx[2m > [22m[2mKeyboard Shortcuts Text Formatting
[22m[39m[MOCK CourseVectorStore] Initialized with mock data
[90mstdout[2m | src/components/Editor3/Editor.stories.jsx[2m > [22m[2mKeyboard Shortcuts Text Formatting
[22m[39m[Mock] CollaborationPlugin rendered with props: {
  "color": "#f59e0b",
  "cursorsContainerRef": {
    "current": <div
      class="jsx-9364b876b91d91fe collaboration-cursors-container"
      style="position: relative;"
    >
      <div
        aria-label="Edit"
        class="editor"
        contenteditable="true"
        data-lexical-editor="true"
        data-tour="editor"
        role="textbox"
        spellcheck="true"
        style="max-width: 100%; outline: none; min-height: 100%; padding: 1rem 2rem 1rem 0.5rem; user-select: text; white-space: pre-wrap; word-break: break-word;"
      />
      <div
        class="jsx-e404209429cec6f3 editor-placeholder"
      >
        Start typing or use the toolbar above to add content...
      </div>
    </div>,
  },
  "provider": YjsDocProvider {
    "awareness": Awareness {
      "_checkInterval": 469,
      "_observers": Map {},
      "clientID": 3366373235,
      "doc": {
        "editorContent": "",
        "metadata": {},
      },
      "meta": Map {
        3366373235 => {
          "clock": 0,
          "lastUpdated": 1790418415532,
        },
      },
      "states": Map {
        3366373235 => {},
      },
    },
    "config": {
      "connect": false,
      "docName": "unit-null",
      "maxBackoffTime": 30000,
      "persistence": false,
      "resyncInterval": 5000,
      "wsUrl": "wss://j5eyo7cpia.execute-api.us-east-1.amazonaws.com/live",
    },
    "defaultConfig": {
      "connect": true,
      "maxBackoffTime": 30000,
      "persistence": true,
      "resyncInterval": 5000,
      "wsUrl": "wss://j5eyo7cpia.execute-api.us-east-1.amazonaws.com/live",
    },
    "docName": "unit-null",
    "hasLoggedConnectionError": false,
    "indexeddb": null,
    "lastStatusLog": "",
    "listeners": Map {
      "doc-reset" => Set {
        [Function handleDocReset],
      },
    },
    "resetCount": 0,
    "wsProvider": null,
    "ydoc": {
      "editorContent": "",
      "metadata": {},
    },
  },
  "username": "mock-user-sub",
}
[90mstdout[2m | src/components/Editor3/Editor.stories.jsx[2m > [22m[2mKeyboard Shortcuts Text Formatting
[22m[39m[FileManager2] Files received from context: 0 []
[90mstdout[2m | src/components/Editor3/Editor.stories.jsx[2m > [22m[2mKeyboard Shortcuts Text Formatting
[22m[39m[ChatContext] No current chat available, will create one
[90mstdout[2m | src/components/Editor3/Editor.stories.jsx[2m > [22m[2mKeyboard Shortcuts Text Formatting
[22m[39m[ChatContext] Creating AssistantChat with user: undefined
[90mstdout[2m | src/components/Editor3/Editor.stories.jsx[2m > [22m[2mKeyboard Shortcuts Text Formatting
[22m[39m[Mock Data] AssistantChat created: mock-assistantchat-1790418416350 - notified 1 subscribers
[90mstdout[2m | src/components/Editor3/Editor.stories.jsx[2m > [22m[2mKeyboard Shortcuts Text Formatting
[22m[39m[Mock] CollaborationPlugin rendered with props: {
  "color": "#f59e0b",
  "cursorsContainerRef": {
    "current": <div
      class="jsx-9364b876b91d91fe collaboration-cursors-container"
      style="position: relative;"
    >
      <div
        aria-label="Edit"
        class="editor"
        contenteditable="true"
        data-lexical-editor="true"
        data-tour="editor"
        role="textbox"
        spellcheck="true"
        style="max-width: 100%; outline: none; min-height: 100%; padding: 1rem 2rem 1rem 0.5rem; user-select: text; white-space: pre-wrap; word-break: break-word;"
      />
      <div
        class="jsx-e404209429cec6f3 editor-placeholder"
      >
        Start typing or use the toolbar above to add content...
      </div>
    </div>,
  },
  "provider": YjsDocProvider {
    "awareness": Awareness {
      "_checkInterval": 469,
      "_observers": Map {},
      "clientID": 3366373235,
      "doc": {
        "editorContent": "",
        "metadata": {},
      },
      "meta": Map {
        3366373235 => {
          "clock": 0,
          "lastUpdated": 1790418415532,
        },
      },
      "states": Map {
        3366373235 => {},
      },
    },
    "config": {
      "connect": false,
      "docName": "unit-null",
      "maxBackoffTime": 30000,
      "persistence": false,
      "resyncInterval": 5000,
      "wsUrl": "wss://j5eyo7cpia.execute-api.us-east-1.amazonaws.com/live",
    },
    "defaultConfig": {
      "connect": true,
      "maxBackoffTime": 30000,
      "persistence": true,
      "resyncInterval": 5000,
      "wsUrl": "wss://j5eyo7cpia.execute-api.us-east-1.amazonaws.com/live",
    },
    "docName": "unit-null",
    "hasLoggedConnectionError": false,
    "indexeddb": null,
    "lastStatusLog": "",
    "listeners": Map {
      "doc-reset" => Set {
        [Function handleDocReset],
      },
    },
    "resetCount": 0,
    "wsProvider": null,
    "ydoc": {
      "editorContent": "",
      "metadata": {},
    },
  },
  "username": "mock-user-sub",
}
[90mstdout[2m | src/components/Editor3/Editor.stories.jsx[2m > [22m[2mKeyboard Shortcuts Text Formatting
[22m[39m[ChatContext] Create result: {
  "data": {
    "_version": 1,
    "archived": false,
    "chatFiles": [Function anonymous],
    "createdAt": "2026-09-26T10:26:56.350Z",
    "id": "mock-assistantchat-1790418416350",
    "model": "gpt-4",
    "updatedAt": "2026-09-26T10:26:56.350Z",
  },
  "errors": [],
  "hasData": true,
  "hasErrors": true,
}
[90mstdout[2m | src/components/Editor3/Editor.stories.jsx[2m > [22m[2mKeyboard Shortcuts Text Formatting
[22m[39m[ChatContext] Created AssistantChat: mock-assistantchat-1790418416350 at: 2026-09-26T10:26:56.350Z
[90mstdout[2m | src/components/Editor3/Editor.stories.jsx[2m > [22m[2mKeyboard Shortcuts Text Formatting
[22m[39m[Mock Storage] downloadData called with: undefined
[90mstdout[2m | src/components/Editor3/Editor.stories.jsx[2m > [22m[2mKeyboard Shortcuts Text Formatting
[22m[39mStreaming chunk, total length: 73
[90mstdout[2m | src/components/Editor3/Editor.stories.jsx[2m > [22m[2mKeyboard Shortcuts Text Formatting
[22m[39mupdateSuggestion called with text: This is a sample paragraph about Japanese language. The hiragana writing 
[90mstdout[2m | src/components/Editor3/Editor.stories.jsx[2m > [22m[2mKeyboard Shortcuts Text Formatting
[22m[39mUpdating existing suggestion node in place
[90mstdout[2m | src/components/Editor3/Editor.stories.jsx[2m > [22m[2mKeyboard Shortcuts Text Formatting
[22m[39mStreaming chunk, total length: 42
[90mstdout[2m | src/components/Editor3/Editor.stories.jsx[2m > [22m[2mKeyboard Shortcuts Text Formatting
[22m[39mupdateSuggestion called with text: This is a sample paragraph about Japanese 
[90mstdout[2m | src/components/Editor3/Editor.stories.jsx[2m > [22m[2mKeyboard Shortcuts Text Formatting
[22m[39mUpdating existing suggestion node in place
[90mstdout[2m | src/components/Editor3/Editor.stories.jsx[2m > [22m[2mKeyboard Shortcuts Text Formatting
[22m[39m[ChatContext] Setting initial chat: mock-assistantchat-1790418416350
[90mstdout[2m | src/components/Editor3/Editor.stories.jsx[2m > [22m[2mKeyboard Shortcuts Text Formatting
[22m[39m[Mock] CollaborationPlugin rendered with props: {
  "color": "#f59e0b",
  "cursorsContainerRef": {
    "current": <div
      class="jsx-9364b876b91d91fe collaboration-cursors-container"
      style="position: relative;"
    >
      <div
        aria-label="Edit"
        class="editor"
        contenteditable="true"
        data-lexical-editor="true"
        data-tour="editor"
        role="textbox"
        spellcheck="true"
        style="max-width: 100%; outline: none; min-height: 100%; padding: 1rem 2rem 1rem 0.5rem; user-select: text; white-space: pre-wrap; word-break: break-word;"
      />
      <div
        class="jsx-e404209429cec6f3 editor-placeholder"
      >
        Start typing or use the toolbar above to add content...
      </div>
    </div>,
  },
  "provider": YjsDocProvider {
    "awareness": Awareness {
      "_checkInterval": 469,
      "_observers": Map {},
      "clientID": 3366373235,
      "doc": {
        "editorContent": "",
        "metadata": {},
      },
      "meta": Map {
        3366373235 => {
          "clock": 0,
          "lastUpdated": 1790418415532,
        },
      },
      "states": Map {
        3366373235 => {},
      },
    },
    "config": {
      "connect": false,
      "docName": "unit-null",
      "maxBackoffTime": 30000,
      "persistence": false,
      "resyncInterval": 5000,
      "wsUrl": "wss://j5eyo7cpia.execute-api.us-east-1.amazonaws.com/live",
    },
    "defaultConfig": {
      "connect": true,
      "maxBackoffTime": 30000,
      "persistence": true,
      "resyncInterval": 5000,
      "wsUrl": "wss://j5eyo7cpia.execute-api.us-east-1.amazonaws.com/live",
    },
    "docName": "unit-null",
    "hasLoggedConnectionError": false,
    "indexeddb": null,
    "lastStatusLog": "",
    "listeners": Map {
      "doc-reset" => Set {
        [Function handleDocReset],
      },
    },
    "resetCount": 0,
    "wsProvider": null,
    "ydoc": {
      "editorContent": "",
      "metadata": {},
    },
  },
  "username": "mock-user-sub",
}
[90mstdout[2m | src/components/Editor3/Editor.stories.jsx[2m > [22m[2mKeyboard Shortcuts Text Formatting
[22m[39m[ChatSidebar] Loading messages for chat: mock-assistantchat-1790418416350 count: 0
[90mstdout[2m | src/components/Editor3/Editor.stories.jsx[2m > [22m[2mKeyboard Shortcuts Text Formatting
[22m[39m[ChatSidebar] deepCloneMessages: returning empty array
[90mstdout[2m | src/components/Editor3/Editor.stories.jsx[2m > [22m[2mKeyboard Shortcuts Text Formatting
[22m[39m[ChatContext] Chat exists and not archived, skipping creation
[90mstdout[2m | src/components/Editor3/Editor.stories.jsx[2m > [22m[2mKeyboard Shortcuts Text Formatting
[22m[39mStreaming chunk, total length: 80
[90mstdout[2m | src/components/Editor3/Editor.stories.jsx[2m > [22m[2mKeyboard Shortcuts Text Formatting
[22m[39mupdateSuggestion called with text: This is a sample paragraph about Japanese language. The hiragana writing system 
[90mstdout[2m | src/components/Editor3/Editor.stories.jsx[2m > [22m[2mKeyboard Shortcuts Text Formatting
[22m[39mUpdating existing suggestion node in place
[90mstdout[2m | src/components/Editor3/Editor.stories.jsx[2m > [22m[2mKeyboard Shortcuts Text Formatting
[22m[39mStreaming chunk, total length: 52
[90mstdout[2m | src/components/Editor3/Editor.stories.jsx[2m > [22m[2mKeyboard Shortcuts Text Formatting
[22m[39mupdateSuggestion called with text: This is a sample paragraph about Japanese language. 
[90mstdout[2m | src/components/Editor3/Editor.stories.jsx[2m > [22m[2mKeyboard Shortcuts Text Formatting
[22m[39mUpdating existing suggestion node in place
[90mstdout[2m | src/components/Editor3/Editor.stories.jsx[2m > [22m[2mKeyboard Shortcuts Text Formatting
[22m[39mStreaming chunk, total length: 89
[90mstdout[2m | src/components/Editor3/Editor.stories.jsx[2m > [22m[2mKeyboard Shortcuts Text Formatting
[22m[39mupdateSuggestion called with text: This is a sample paragraph about Japanese language. The hiragana writing system consists 
[90mstdout[2m | src/components/Editor3/Editor.stories.jsx[2m > [22m[2mKeyboard Shortcuts Text Formatting
[22m[39mUpdating existing suggestion node in place
[90mstdout[2m | src/components/Editor3/Editor.stories.jsx[2m > [22m[2mKeyboard Shortcuts Text Formatting
[22m[39mStreaming chunk, total length: 56
[90mstdout[2m | src/components/Editor3/Editor.stories.jsx[2m > [22m[2mKeyboard Shortcuts Text Formatting
[22m[39mupdateSuggestion called with text: This is a sample paragraph about Japanese language. The 
[90mstdout[2m | src/components/Editor3/Editor.stories.jsx[2m > [22m[2mKeyboard Shortcuts Text Formatting
[22m[39mUpdating existing suggestion node in place
[90mstdout[2m | src/components/Editor3/Editor.stories.jsx[2m > [22m[2mKeyboard Shortcuts Text Formatting
[22m[39mStreaming chunk, total length: 92
[90mstdout[2m | src/components/Editor3/Editor.stories.jsx[2m > [22m[2mKeyboard Shortcuts Text Formatting
[22m[39mupdateSuggestion called with text: This is a sample paragraph about Japanese language. The hiragana writing system consists of 
[90mstdout[2m | src/components/Editor3/Editor.stories.jsx[2m > [22m[2mKeyboard Shortcuts Text Formatting
[22m[39mUpdating existing suggestion node in place
[90mstdout[2m | src/components/Editor3/Editor.stories.jsx[2m > [22m[2mKeyboard Shortcuts Text Formatting
[22m[39mStreaming chunk, total length: 65
[90mstdout[2m | src/components/Editor3/Editor.stories.jsx[2m > [22m[2mKeyboard Shortcuts Text Formatting
[22m[39mupdateSuggestion called with text: This is a sample paragraph about Japanese language. The hiragana 
[90mstdout[2m | src/components/Editor3/Editor.stories.jsx[2m > [22m[2mKeyboard Shortcuts Text Formatting
[22m[39mUpdating existing suggestion node in place
[90mstdout[2m | src/components/Editor3/Editor.stories.jsx[2m > [22m[2mKeyboard Shortcuts Text Formatting
[22m[39mStreaming chunk, total length: 95
[90mstdout[2m | src/components/Editor3/Editor.stories.jsx[2m > [22m[2mKeyboard Shortcuts Text Formatting
[22m[39mupdateSuggestion called with text: This is a sample paragraph about Japanese language. The hiragana writing system consists of 46 
[90mstdout[2m | src/components/Editor3/Editor.stories.jsx[2m > [22m[2mKeyboard Shortcuts Text Formatting
[22m[39mUpdating existing suggestion node in place
[90mstdout[2m | src/components/Editor3/Editor.stories.jsx[2m > [22m[2mKeyboard Shortcuts Text Formatting
[22m[39mStreaming chunk, total length: 73
[90mstdout[2m | src/components/Editor3/Editor.stories.jsx[2m > [22m[2mKeyboard Shortcuts Text Formatting
[22m[39mupdateSuggestion called with text: This is a sample paragraph about Japanese language. The hiragana writing 
[90mstdout[2m | src/components/Editor3/Editor.stories.jsx[2m > [22m[2mKeyboard Shortcuts Text Formatting
[22m[39mUpdating existing suggestion node in place
[90mstdout[2m | src/components/Editor3/Editor.stories.jsx[2m > [22m[2mKeyboard Shortcuts Text Formatting
[22m[39mStreaming chunk, total length: 101
[90mstdout[2m | src/components/Editor3/Editor.stories.jsx[2m > [22m[2mKeyboard Shortcuts Text Formatting
[22m[39mupdateSuggestion called with text: This is a sample paragraph about Japanese language. The hiragana writing system consists of 46 basic 
[90mstdout[2m | src/components/Editor3/Editor.stories.jsx[2m > [22m[2mKeyboard Shortcuts Text Formatting
[22m[39mUpdating existing suggestion node in place
[90mstdout[2m | src/components/Editor3/Editor.stories.jsx[2m > [22m[2mKeyboard Shortcuts Text Formatting
[22m[39mStreaming chunk, total length: 80
[90mstdout[2m | src/components/Editor3/Editor.stories.jsx[2m > [22m[2mKeyboard Shortcuts Text Formatting
[22m[39mupdateSuggestion called with text: This is a sample paragraph about Japanese language. The hiragana writing system 
[90mstdout[2m | src/components/Editor3/Editor.stories.jsx[2m > [22m[2mKeyboard Shortcuts Text Formatting
[22m[39mUpdating existing suggestion node in place
[90mstdout[2m | src/components/Editor3/Editor.stories.jsx[2m > [22m[2mKeyboard Shortcuts Text Formatting
[22m[39m[Keyboard Shortcuts Demo] Section 1: Text Formatting
[90mstdout[2m | src/components/Editor3/Editor.stories.jsx[2m > [22m[2mKeyboard Shortcuts Text Formatting
[22m[39mStreaming chunk, total length: 113
[90mstdout[2m | src/components/Editor3/Editor.stories.jsx[2m > [22m[2mKeyboard Shortcuts Text Formatting
[22m[39mupdateSuggestion called with text: This is a sample paragraph about Japanese language. The hiragana writing system consists of 46 basic characters. 
[90mstdout[2m | src/components/Editor3/Editor.stories.jsx[2m > [22m[2mKeyboard Shortcuts Text Formatting
[22m[39mUpdating existing suggestion node in place
[90mstdout[2m | src/components/Editor3/Editor.stories.jsx[2m > [22m[2mKeyboard Shortcuts Text Formatting
[22m[39mStreaming chunk, total length: 89
[90mstdout[2m | src/components/Editor3/Editor.stories.jsx[2m > [22m[2mKeyboard Shortcuts Text Formatting
[22m[39mupdateSuggestion called with text: This is a sample paragraph about Japanese language. The hiragana writing system consists 
[90mstdout[2m | src/components/Editor3/Editor.stories.jsx[2m > [22m[2mKeyboard Shortcuts Text Formatting
[22m[39mUpdating existing suggestion node in place
[90mstdout[2m | src/components/Editor3/Editor.stories.jsx[2m > [22m[2mKeyboard Shortcuts Text Formatting
[22m[39mStreaming chunk, total length: 118
[90mstdout[2m | src/components/Editor3/Editor.stories.jsx[2m > [22m[2mKeyboard Shortcuts Text Formatting
[22m[39mupdateSuggestion called with text: This is a sample paragraph about Japanese language. The hiragana writing system consists of 46 basic characters. Each 
[90mstdout[2m | src/components/Editor3/Editor.stories.jsx[2m > [22m[2mKeyboard Shortcuts Text Formatting
[22m[39mUpdating existing suggestion node in place
[90mstdout[2m | src/components/Editor3/Editor.stories.jsx[2m > [22m[2mKeyboard Shortcuts Text Formatting
[22m[39mStreaming chunk, total length: 92
[90mstdout[2m | src/components/Editor3/Editor.stories.jsx[2m > [22m[2mKeyboard Shortcuts Text Formatting
[22m[39mupdateSuggestion called with text: This is a sample paragraph about Japanese language. The hiragana writing system consists of 
[90mstdout[2m | src/components/Editor3/Editor.stories.jsx[2m > [22m[2mKeyboard Shortcuts Text Formatting
[22m[39mUpdating existing suggestion node in place
[90mstdout[2m | src/components/Editor3/Editor.stories.jsx[2m > [22m[2mKeyboard Shortcuts Text Formatting
[22m[39mStreaming chunk, total length: 128
[90mstdout[2m | src/components/Editor3/Editor.stories.jsx[2m > [22m[2mKeyboard Shortcuts Text Formatting
[22m[39mupdateSuggestion called with text: This is a sample paragraph about Japanese language. The hiragana writing system consists of 46 basic characters. Each character 
[90mstdout[2m | src/components/Editor3/Editor.stories.jsx[2m > [22m[2mKeyboard Shortcuts Text Formatting
[22m[39mUpdating existing suggestion node in place
[90mstdout[2m | src/components/Editor3/Editor.stories.jsx[2m > [22m[2mKeyboard Shortcuts Text Formatting
[22m[39mStreaming chunk, total length: 95
[90mstdout[2m | src/components/Editor3/Editor.stories.jsx[2m > [22m[2mKeyboard Shortcuts Text Formatting
[22m[39mupdateSuggestion called with text: This is a sample paragraph about Japanese language. The hiragana writing system consists of 46 
[90mstdout[2m | src/components/Editor3/Editor.stories.jsx[2m > [22m[2mKeyboard Shortcuts Text Formatting
[22m[39mUpdating existing suggestion node in place
[90mstdout[2m | src/components/Editor3/Editor.stories.jsx[2m > [22m[2mKeyboard Shortcuts Text Formatting
[22m[39mStreaming chunk, total length: 139
[90mstdout[2m | src/components/Editor3/Editor.stories.jsx[2m > [22m[2mKeyboard Shortcuts Text Formatting
[22m[39mupdateSuggestion called with text: This is a sample paragraph about Japanese language. The hiragana writing system consists of 46 basic characters. Each character represents 
[90mstdout[2m | src/components/Editor3/Editor.stories.jsx[2m > [22m[2mKeyboard Shortcuts Text Formatting
[22m[39mUpdating existing suggestion node in place
[90mstdout[2m | src/components/Editor3/Editor.stories.jsx[2m > [22m[2mKeyboard Shortcuts Text Formatting
[22m[39mStreaming chunk, total length: 101
[90mstdout[2m | src/components/Editor3/Editor.stories.jsx[2m > [22m[2mKeyboard Shortcuts Text Formatting
[22m[39mupdateSuggestion called with text: This is a sample paragraph about Japanese language. The hiragana writing system consists of 46 basic 
[90mstdout[2m | src/components/Editor3/Editor.stories.jsx[2m > [22m[2mKeyboard Shortcuts Text Formatting
[22m[39mUpdating existing suggestion node in place
[90mstdout[2m | src/components/Editor3/Editor.stories.jsx[2m > [22m[2mKeyboard Shortcuts Text Formatting
[22m[39m[Editor onChange] Skipping save - no initial state loaded yet
[90mstdout[2m | src/components/Editor3/Editor.stories.jsx[2m > [22m[2mKeyboard Shortcuts Text Formatting
[22m[39mStreaming chunk, total length: 141
[90mstdout[2m | src/components/Editor3/Editor.stories.jsx[2m > [22m[2mKeyboard Shortcuts Text Formatting
[22m[39mupdateSuggestion called with text: This is a sample paragraph about Japanese language. The hiragana writing system consists of 46 basic characters. Each character represents a 
[90mstdout[2m | src/components/Editor3/Editor.stories.jsx[2m > [22m[2mKeyboard Shortcuts Text Formatting
[22m[39mUpdating existing suggestion node in place
[90mstdout[2m | src/components/Editor3/Editor.stories.jsx[2m > [22m[2mKeyboard Shortcuts Text Formatting
[22m[39mStreaming chunk, total length: 113
[90mstdout[2m | src/components/Editor3/Editor.stories.jsx[2m > [22m[2mKeyboard Shortcuts Text Formatting
[22m[39mupdateSuggestion called with text: This is a sample paragraph about Japanese language. The hiragana writing system consists of 46 basic characters. 
[90mstdout[2m | src/components/Editor3/Editor.stories.jsx[2m > [22m[2mKeyboard Shortcuts Text Formatting
[22m[39mUpdating existing suggestion node in place
[90mstdout[2m | src/components/Editor3/Editor.stories.jsx[2m > [22m[2mKeyboard Shortcuts Text Formatting
[22m[39mStreaming chunk, total length: 151
[90mstdout[2m | src/components/Editor3/Editor.stories.jsx[2m > [22m[2mKeyboard Shortcuts Text Formatting
[22m[39mupdateSuggestion called with text: This is a sample paragraph about Japanese language. The hiragana writing system consists of 46 basic characters. Each character represents a syllable, 
[90mstdout[2m | src/components/Editor3/Editor.stories.jsx[2m > [22m[2mKeyboard Shortcuts Text Formatting
[22m[39mUpdating existing suggestion node in place
[90mstdout[2m | src/components/Editor3/Editor.stories.jsx[2m > [22m[2mKeyboard Shortcuts Text Formatting
[22m[39mStreaming chunk, total length: 118
[90mstdout[2m | src/components/Editor3/Editor.stories.jsx[2m > [22m[2mKeyboard Shortcuts Text Formatting
[22m[39mupdateSuggestion called with text: This is a sample paragraph about Japanese language. The hiragana writing system consists of 46 basic characters. Each 
[90mstdout[2m | src/components/Editor3/Editor.stories.jsx[2m > [22m[2mKeyboard Shortcuts Text Formatting
[22m[39mUpdating existing suggestion node in place
[90mstdout[2m | src/components/Editor3/Editor.stories.jsx[2m > [22m[2mKeyboard Shortcuts Text Formatting
[22m[39mStreaming chunk, total length: 158
[90mstdout[2m | src/components/Editor3/Editor.stories.jsx[2m > [22m[2mKeyboard Shortcuts Text Formatting
[22m[39mupdateSuggestion called with text: This is a sample paragraph about Japanese language. The hiragana writing system consists of 46 basic characters. Each character represents a syllable, making 
[90mstdout[2m | src/components/Editor3/Editor.stories.jsx[2m > [22m[2mKeyboard Shortcuts Text Formatting
[22m[39mUpdating existing suggestion node in place
[90mstdout[2m | src/components/Editor3/Editor.stories.jsx[2m > [22m[2mKeyboard Shortcuts Text Formatting
[22m[39mStreaming chunk, total length: 128
[90mstdout[2m | src/components/Editor3/Editor.stories.jsx[2m > [22m[2mKeyboard Shortcuts Text Formatting
[22m[39mupdateSuggestion called with text: This is a sample paragraph about Japanese language. The hiragana writing system consists of 46 basic characters. Each character 
[90mstdout[2m | src/components/Editor3/Editor.stories.jsx[2m > [22m[2mKeyboard Shortcuts Text Formatting
[22m[39mUpdating existing suggestion node in place
[90mstdout[2m | src/components/Editor3/Editor.stories.jsx[2m > [22m[2mKeyboard Shortcuts Text Formatting
[22m[39mStreaming chunk, total length: 161
[90mstdout[2m | src/components/Editor3/Editor.stories.jsx[2m > [22m[2mKeyboard Shortcuts Text Formatting
[22m[39mupdateSuggestion called with text: This is a sample paragraph about Japanese language. The hiragana writing system consists of 46 basic characters. Each character represents a syllable, making it 
[90mstdout[2m | src/components/Editor3/Editor.stories.jsx[2m > [22m[2mKeyboard Shortcuts Text Formatting
[22m[39mUpdating existing suggestion node in place
[90mstdout[2m | src/components/Editor3/Editor.stories.jsx[2m > [22m[2mKeyboard Shortcuts Text Formatting
[22m[39mStreaming chunk, total length: 139
[90mstdout[2m | src/components/Editor3/Editor.stories.jsx[2m > [22m[2mKeyboard Shortcuts Text Formatting
[22m[39mupdateSuggestion called with text: This is a sample paragraph about Japanese language. The hiragana writing system consists of 46 basic characters. Each character represents 
[90mstdout[2m | src/components/Editor3/Editor.stories.jsx[2m > [22m[2mKeyboard Shortcuts Text Formatting
[22m[39mUpdating existing suggestion node in place
[90mstdout[2m | src/components/Editor3/Editor.stories.jsx[2m > [22m[2mKeyboard Shortcuts Text Formatting
[22m[39mStreaming chunk, total length: 163
[90mstdout[2m | src/components/Editor3/Editor.stories.jsx[2m > [22m[2mKeyboard Shortcuts Text Formatting
[22m[39mupdateSuggestion called with text: This is a sample paragraph about Japanese language. The hiragana writing system consists of 46 basic characters. Each character represents a syllable, making it a 
[90mstdout[2m | src/components/Editor3/Editor.stories.jsx[2m > [22m[2mKeyboard Shortcuts Text Formatting
[22m[39mUpdating existing suggestion node in place
[90mstdout[2m | src/components/Editor3/Editor.stories.jsx[2m > [22m[2mKeyboard Shortcuts Text Formatting
[22m[39mStreaming chunk, total length: 141
[90mstdout[2m | src/components/Editor3/Editor.stories.jsx[2m > [22m[2mKeyboard Shortcuts Text Formatting
[22m[39mupdateSuggestion called with text: This is a sample paragraph about Japanese language. The hiragana writing system consists of 46 basic characters. Each character represents a 
[90mstdout[2m | src/components/Editor3/Editor.stories.jsx[2m > [22m[2mKeyboard Shortcuts Text Formatting
[22m[39mUpdating existing suggestion node in place
[90mstdout[2m | src/components/Editor3/Editor.stories.jsx[2m > [22m[2mKeyboard Shortcuts Text Formatting
[22m[39mStreaming chunk, total length: 173
[90mstdout[2m | src/components/Editor3/Editor.stories.jsx[2m > [22m[2mKeyboard Shortcuts Text Formatting
[22m[39mupdateSuggestion called with text: This is a sample paragraph about Japanese language. The hiragana writing system consists of 46 basic characters. Each character represents a syllable, making it a syllabary 
[90mstdout[2m | src/components/Editor3/Editor.stories.jsx[2m > [22m[2mKeyboard Shortcuts Text Formatting
[22m[39mUpdating existing suggestion node in place
[90mstdout[2m | src/components/Editor3/Editor.stories.jsx[2m > [22m[2mKeyboard Shortcuts Text Formatting
[22m[39mStreaming chunk, total length: 151
[90mstdout[2m | src/components/Editor3/Editor.stories.jsx[2m > [22m[2mKeyboard Shortcuts Text Formatting
[22m[39mupdateSuggestion called with text: This is a sample paragraph about Japanese language. The hiragana writing system consists of 46 basic characters. Each character represents a syllable, 
[90mstdout[2m | src/components/Editor3/Editor.stories.jsx[2m > [22m[2mKeyboard Shortcuts Text Formatting
[22m[39mUpdating existing suggestion node in place
[90mstdout[2m | src/components/Editor3/Editor.stories.jsx[2m > [22m[2mKeyboard Shortcuts Text Formatting
[22m[39mStreaming chunk, total length: 180
[90mstdout[2m | src/components/Editor3/Editor.stories.jsx[2m > [22m[2mKeyboard Shortcuts Text Formatting
[22m[39mupdateSuggestion called with text: This is a sample paragraph about Japanese language. The hiragana writing system consists of 46 basic characters. Each character represents a syllable, making it a syllabary rather 
[90mstdout[2m | src/components/Editor3/Editor.stories.jsx[2m > [22m[2mKeyboard Shortcuts Text Formatting
[22m[39mUpdating existing suggestion node in place
[90mstdout[2m | src/components/Editor3/Editor.stories.jsx[2m > [22m[2mKeyboard Shortcuts Text Formatting
[22m[39mStreaming chunk, total length: 158
[90mstdout[2m | src/components/Editor3/Editor.stories.jsx[2m > [22m[2mKeyboard Shortcuts Text Formatting
[22m[39mupdateSuggestion called with text: This is a sample paragraph about Japanese language. The hiragana writing system consists of 46 basic characters. Each character represents a syllable, making 
[90mstdout[2m | src/components/Editor3/Editor.stories.jsx[2m > [22m[2mKeyboard Shortcuts Text Formatting
[22m[39mUpdating existing suggestion node in place
[90mstdout[2m | src/components/Editor3/Editor.stories.jsx[2m > [22m[2mKeyboard Shortcuts Text Formatting
[22m[39mStreaming chunk, total length: 185
[90mstdout[2m | src/components/Editor3/Editor.stories.jsx[2m > [22m[2mKeyboard Shortcuts Text Formatting
[22m[39mupdateSuggestion called with text: This is a sample paragraph about Japanese language. The hiragana writing system consists of 46 basic characters. Each character represents a syllable, making it a syllabary rather than 
[90mstdout[2m | src/components/Editor3/Editor.stories.jsx[2m > [22m[2mKeyboard Shortcuts Text Formatting
[22m[39mUpdating existing suggestion node in place
[90mstdout[2m | src/components/Editor3/Editor.stories.jsx[2m > [22m[2mKeyboard Shortcuts Text Formatting
[22m[39mStreaming chunk, total length: 161
[90mstdout[2m | src/components/Editor3/Editor.stories.jsx[2m > [22m[2mKeyboard Shortcuts Text Formatting
[22m[39mupdateSuggestion called with text: This is a sample paragraph about Japanese language. The hiragana writing system consists of 46 basic characters. Each character represents a syllable, making it 
[90mstdout[2m | src/components/Editor3/Editor.stories.jsx[2m > [22m[2mKeyboard Shortcuts Text Formatting
[22m[39mUpdating existing suggestion node in place
[90mstdout[2m | src/components/Editor3/Editor.stories.jsx[2m > [22m[2mKeyboard Shortcuts Text Formatting
[22m[39mStreaming chunk, total length: 188
[90mstdout[2m | src/components/Editor3/Editor.stories.jsx[2m > [22m[2mKeyboard Shortcuts Text Formatting
[22m[39mupdateSuggestion called with text: This is a sample paragraph about Japanese language. The hiragana writing system consists of 46 basic characters. Each character represents a syllable, making it a syllabary rather than an 
[90mstdout[2m | src/components/Editor3/Editor.stories.jsx[2m > [22m[2mKeyboard Shortcuts Text Formatting
[22m[39mUpdating existing suggestion node in place
[90mstdout[2m | src/components/Editor3/Editor.stories.jsx[2m > [22m[2mKeyboard Shortcuts Text Formatting
[22m[39mStreaming chunk, total length: 163
[90mstdout[2m | src/components/Editor3/Editor.stories.jsx[2m > [22m[2mKeyboard Shortcuts Text Formatting
[22m[39mupdateSuggestion called with text: This is a sample paragraph about Japanese language. The hiragana writing system consists of 46 basic characters. Each character represents a syllable, making it a 
[90mstdout[2m | src/components/Editor3/Editor.stories.jsx[2m > [22m[2mKeyboard Shortcuts Text Formatting
[22m[39mUpdating existing suggestion node in place
[90mstdout[2m | src/components/Editor3/Editor.stories.jsx[2m > [22m[2mKeyboard Shortcuts Text Formatting
[22m[39mStreaming chunk, total length: 197
[90mstdout[2m | src/components/Editor3/Editor.stories.jsx[2m > [22m[2mKeyboard Shortcuts Text Formatting
[22m[39mupdateSuggestion called with text: This is a sample paragraph about Japanese language. The hiragana writing system consists of 46 basic characters. Each character represents a syllable, making it a syllabary rather than an alphabet.
[90mstdout[2m | src/components/Editor3/Editor.stories.jsx[2m > [22m[2mKeyboard Shortcuts Text Formatting
[22m[39mUpdating existing suggestion node in place
[90mstdout[2m | src/components/Editor3/Editor.stories.jsx[2m > [22m[2mKeyboard Shortcuts Text Formatting
[22m[39mStreaming chunk, total length: 197
[90mstdout[2m | src/components/Editor3/Editor.stories.jsx[2m > [22m[2mKeyboard Shortcuts Text Formatting
[22m[39mupdateSuggestion called with text: This is a sample paragraph about Japanese language. The hiragana writing system consists of 46 basic characters. Each character represents a syllable, making it a syllabary rather than an alphabet.
[90mstdout[2m | src/components/Editor3/Editor.stories.jsx[2m > [22m[2mKeyboard Shortcuts Text Formatting
[22m[39mUpdating existing suggestion node in place
[90mstdout[2m | src/components/Editor3/Editor.stories.jsx[2m > [22m[2mKeyboard Shortcuts Text Formatting
[22m[39mFinal completion: This is a sample paragraph about Japanese language. The hiragana writing system consists of 46 basic characters. Each character represents a syllable, making it a syllabary rather than an alphabet.
[90mstdout[2m | src/components/Editor3/Editor.stories.jsx[2m > [22m[2mKeyboard Shortcuts Text Formatting
[22m[39mupdateSuggestion called with text: This is a sample paragraph about Japanese language. The hiragana writing system consists of 46 basic characters. Each character represents a syllable, making it a syllabary rather than an alphabet.
[90mstdout[2m | src/components/Editor3/Editor.stories.jsx[2m > [22m[2mKeyboard Shortcuts Text Formatting
[22m[39mUpdating existing suggestion node in place
[90mstdout[2m | src/components/Editor3/Editor.stories.jsx[2m > [22m[2mKeyboard Shortcuts Text Formatting
[22m[39mStreaming chunk, total length: 173
[90mstdout[2m | src/components/Editor3/Editor.stories.jsx[2m > [22m[2mKeyboard Shortcuts Text Formatting
[22m[39mupdateSuggestion called with text: This is a sample paragraph about Japanese language. The hiragana writing system consists of 46 basic characters. Each character represents a syllable, making it a syllabary 
[90mstdout[2m | src/components/Editor3/Editor.stories.jsx[2m > [22m[2mKeyboard Shortcuts Text Formatting
[22m[39mUpdating existing suggestion node in place
[90mstdout[2m | src/components/Editor3/Editor.stories.jsx[2m > [22m[2mKeyboard Shortcuts Text Formatting
[22m[39mStreaming chunk, total length: 180
[90mstdout[2m | src/components/Editor3/Editor.stories.jsx[2m > [22m[2mKeyboard Shortcuts Text Formatting
[22m[39mupdateSuggestion called with text: This is a sample paragraph about Japanese language. The hiragana writing system consists of 46 basic characters. Each character represents a syllable, making it a syllabary rather 
[90mstdout[2m | src/components/Editor3/Editor.stories.jsx[2m > [22m[2mKeyboard Shortcuts Text Formatting
[22m[39mUpdating existing suggestion node in place
[90mstdout[2m | src/components/Editor3/Editor.stories.jsx[2m > [22m[2mKeyboard Shortcuts Text Formatting
[22m[39mStreaming chunk, total length: 185
[90mstdout[2m | src/components/Editor3/Editor.stories.jsx[2m > [22m[2mKeyboard Shortcuts Text Formatting
[22m[39mupdateSuggestion called with text: This is a sample paragraph about Japanese language. The hiragana writing system consists of 46 basic characters. Each character represents a syllable, making it a syllabary rather than 
[90mstdout[2m | src/components/Editor3/Editor.stories.jsx[2m > [22m[2mKeyboard Shortcuts Text Formatting
[22m[39mUpdating existing suggestion node in place
[90mstdout[2m | src/components/Editor3/Editor.stories.jsx[2m > [22m[2mKeyboard Shortcuts Text Formatting
[22m[39mStreaming chunk, total length: 188
[90mstdout[2m | src/components/Editor3/Editor.stories.jsx[2m > [22m[2mKeyboard Shortcuts Text Formatting
[22m[39mupdateSuggestion called with text: This is a sample paragraph about Japanese language. The hiragana writing system consists of 46 basic characters. Each character represents a syllable, making it a syllabary rather than an 
[90mstdout[2m | src/components/Editor3/Editor.stories.jsx[2m > [22m[2mKeyboard Shortcuts Text Formatting
[22m[39mUpdating existing suggestion node in place
[90mstdout[2m | src/components/Editor3/Editor.stories.jsx[2m > [22m[2mKeyboard Shortcuts Text Formatting
[22m[39mStreaming chunk, total length: 197
[90mstdout[2m | src/components/Editor3/Editor.stories.jsx[2m > [22m[2mKeyboard Shortcuts Text Formatting
[22m[39mupdateSuggestion called with text: This is a sample paragraph about Japanese language. The hiragana writing system consists of 46 basic characters. Each character represents a syllable, making it a syllabary rather than an alphabet.
[90mstdout[2m | src/components/Editor3/Editor.stories.jsx[2m > [22m[2mKeyboard Shortcuts Text Formatting
[22m[39mUpdating existing suggestion node in place
[90mstdout[2m | src/components/Editor3/Editor.stories.jsx[2m > [22m[2mKeyboard Shortcuts Text Formatting
[22m[39mStreaming chunk, total length: 197
[90mstdout[2m | src/components/Editor3/Editor.stories.jsx[2m > [22m[2mKeyboard Shortcuts Text Formatting
[22m[39mupdateSuggestion called with text: This is a sample paragraph about Japanese language. The hiragana writing system consists of 46 basic characters. Each character represents a syllable, making it a syllabary rather than an alphabet.
[90mstdout[2m | src/components/Editor3/Editor.stories.jsx[2m > [22m[2mKeyboard Shortcuts Text Formatting
[22m[39mUpdating existing suggestion node in place
[90mstdout[2m | src/components/Editor3/Editor.stories.jsx[2m > [22m[2mKeyboard Shortcuts Text Formatting
[22m[39mFinal completion: This is a sample paragraph about Japanese language. The hiragana writing system consists of 46 basic characters. Each character represents a syllable, making it a syllabary rather than an alphabet.
[90mstdout[2m | src/components/Editor3/Editor.stories.jsx[2m > [22m[2mKeyboard Shortcuts Text Formatting
[22m[39mupdateSuggestion called with text: This is a sample paragraph about Japanese language. The hiragana writing system consists of 46 basic characters. Each character represents a syllable, making it a syllabary rather than an alphabet.
[90mstdout[2m | src/components/Editor3/Editor.stories.jsx[2m > [22m[2mKeyboard Shortcuts Text Formatting
[22m[39mUpdating existing suggestion node in place
[90mstdout[2m | src/components/Editor3/Editor.stories.jsx[2m > [22m[2mKeyboard Shortcuts Text Formatting
[22m[39m[Editor onChange] Skipping save - no initial state loaded yet
[90mstdout[2m | src/components/Editor3/Editor.stories.jsx[2m > [22m[2mKeyboard Shortcuts Text Formatting
[22m[39m[Editor onChange] Skipping save - no initial state loaded yet
[90mstdout[2m | src/components/Editor3/Editor.stories.jsx[2m > [22m[2mKeyboard Shortcuts Text Formatting
[22m[39m[Editor onChange] Skipping save - no initial state loaded yet
[90mstdout[2m | src/components/Editor3/Editor.stories.jsx[2m > [22m[2mKeyboard Shortcuts Text Formatting
[22m[39m[Editor onChange] Skipping save - no initial state loaded yet
[90mstdout[2m | src/components/Editor3/Editor.stories.jsx[2m > [22m[2mKeyboard Shortcuts Text Formatting
[22m[39m[Editor onChange] Skipping save - no initial state loaded yet
[90mstdout[2m | src/components/Editor3/Editor.stories.jsx[2m > [22m[2mKeyboard Shortcuts Text Formatting
[22m[39m[Editor onChange] Skipping save - no initial state loaded yet
 [32m✓[39m [30m[42m unit [49m[39m src/components/MeaningAssociationExercise/__tests__/modeNavigation.test.ts [2m([22m[2m4 tests[22m[2m)[22m[32m 11[2mms[22m[39m
[90mstdout[2m | src/components/Editor3/Editor.stories.jsx[2m > [22m[2mKeyboard Shortcuts Text Formatting
[22m[39m[Editor onChange] Skipping save - no initial state loaded yet
 [32m✓[39m [30m[42m unit [49m[39m src/components/Gamification/__tests__/NewFeatures.test.tsx [2m([22m[2m46 tests[22m[2m)[22m[33m 29064[2mms[22m[39m
     [33m[2m✓[22m[39m renders all admin sections [33m 4099[2mms[22m[39m
     [33m[2m✓[22m[39m renders existing skills [33m 4208[2mms[22m[39m
     [33m[2m✓[22m[39m calls onAddSkill when add button clicked [33m 4949[2mms[22m[39m
     [33m[2m✓[22m[39m renders existing squads [33m 1993[2mms[22m[39m
     [33m[2m✓[22m[39m calls onCreateSquad with squad name and sectionID [33m 7872[2mms[22m[39m
     [33m[2m✓[22m[39m renders easter eggs and calls onDeleteEasterEgg [33m 2973[2mms[22m[39m
[90mstdout[2m | src/components/Editor3/Editor.stories.jsx[2m > [22m[2mKeyboard Shortcuts Text Formatting
[22m[39m[Editor onChange] Skipping save - no initial state loaded yet
[90mstdout[2m | src/components/Editor3/Editor.stories.jsx[2m > [22m[2mKeyboard Shortcuts Text Formatting
[22m[39m🔑 ENTER KEY pressed in editor
[90mstdout[2m | src/components/Editor3/Editor.stories.jsx[2m > [22m[2mKeyboard Shortcuts Text Formatting
[22m[39m❌ Not in a code node
[90mstdout[2m | src/components/Editor3/Editor.stories.jsx[2m > [22m[2mKeyboard Shortcuts Text Formatting
[22m[39m[Editor onChange] Skipping save - no initial state loaded yet
[90mstdout[2m | src/components/Editor3/Editor.stories.jsx[2m > [22m[2mKeyboard Shortcuts Text Formatting
[22m[39m[Editor onChange] Skipping save - no initial state loaded yet
[90mstdout[2m | src/components/Editor3/Editor.stories.jsx[2m > [22m[2mKeyboard Shortcuts Text Formatting
[22m[39m[Editor onChange] Skipping save - no initial state loaded yet
[90mstdout[2m | src/components/Editor3/Editor.stories.jsx[2m > [22m[2mKeyboard Shortcuts Text Formatting
[22m[39m[Editor onChange] Skipping save - no initial state loaded yet
[90mstdout[2m | src/components/Editor3/Editor.stories.jsx[2m > [22m[2mKeyboard Shortcuts Text Formatting
[22m[39m[Editor onChange] Skipping save - no initial state loaded yet
[90mstdout[2m | src/components/Editor3/Editor.stories.jsx[2m > [22m[2mKeyboard Shortcuts Text Formatting
[22m[39m[Editor onChange] Skipping save - no initial state loaded yet
[90mstdout[2m | src/components/Editor3/Editor.stories.jsx[2m > [22m[2mKeyboard Shortcuts Text Formatting
[22m[39m[Editor onChange] Skipping save - no initial state loaded yet
[90mstdout[2m | src/components/Editor3/Editor.stories.jsx[2m > [22m[2mKeyboard Shortcuts Text Formatting
[22m[39m[Editor onChange] Skipping save - no initial state loaded yet
[90mstdout[2m | src/components/Editor3/Editor.stories.jsx[2m > [22m[2mKeyboard Shortcuts Text Formatting
[22m[39m[Editor onChange] Skipping save - no initial state loaded yet
[90mstdout[2m | src/components/Editor3/Editor.stories.jsx[2m > [22m[2mKeyboard Shortcuts Text Formatting
[22m[39m[Editor onChange] Skipping save - no initial state loaded yet
[90mstdout[2m | src/components/Editor3/Editor.stories.jsx[2m > [22m[2mKeyboard Shortcuts Text Formatting
[22m[39m[Editor onChange] Skipping save - no initial state loaded yet
[90mstdout[2m | src/components/Editor3/Editor.stories.jsx[2m > [22m[2mKeyboard Shortcuts Text Formatting
[22m[39m🔑 ENTER KEY pressed in editor
[90mstdout[2m | src/components/Editor3/Editor.stories.jsx[2m > [22m[2mKeyboard Shortcuts Text Formatting
[22m[39m❌ Not in a code node
[90mstdout[2m | src/components/Editor3/Editor.stories.jsx[2m > [22m[2mKeyboard Shortcuts Text Formatting
[22m[39m[Editor onChange] Skipping save - no initial state loaded yet
[90mstdout[2m | src/components/Editor3/Editor.stories.jsx[2m > [22m[2mKeyboard Shortcuts Text Formatting
[22m[39m[Editor onChange] Skipping save - no initial state loaded yet
[90mstdout[2m | src/components/Editor3/Editor.stories.jsx[2m > [22m[2mKeyboard Shortcuts Text Formatting
[22m[39m[Editor onChange] Skipping save - no initial state loaded yet
[90mstdout[2m | src/components/Editor3/Editor.stories.jsx[2m > [22m[2mKeyboard Shortcuts Text Formatting
[22m[39m[Editor onChange] Skipping save - no initial state loaded yet
[90mstdout[2m | src/components/Editor3/Editor.stories.jsx[2m > [22m[2mKeyboard Shortcuts Text Formatting
[22m[39m[Editor onChange] Skipping save - no initial state loaded yet
[90mstdout[2m | src/components/Editor3/Editor.stories.jsx[2m > [22m[2mKeyboard Shortcuts Text Formatting
[22m[39m[Editor onChange] Skipping save - no initial state loaded yet
[90mstdout[2m | src/components/Editor3/Editor.stories.jsx[2m > [22m[2mKeyboard Shortcuts Text Formatting
[22m[39m[Editor onChange] Skipping save - no initial state loaded yet
[90mstdout[2m | src/components/Editor3/Editor.stories.jsx[2m > [22m[2mKeyboard Shortcuts Text Formatting
[22m[39m[Editor onChange] Skipping save - no initial state loaded yet
[90mstdout[2m | src/components/Editor3/Editor.stories.jsx[2m > [22m[2mKeyboard Shortcuts Text Formatting
[22m[39m[Editor onChange] Skipping save - no initial state loaded yet
[90mstdout[2m | src/components/Editor3/Editor.stories.jsx[2m > [22m[2mKeyboard Shortcuts Text Formatting
[22m[39m[Editor onChange] Skipping save - no initial state loaded yet
[90mstdout[2m | src/components/Editor3/Editor.stories.jsx[2m > [22m[2mKeyboard Shortcuts Text Formatting
[22m[39m[Editor onChange] Skipping save - no initial state loaded yet
[90mstdout[2m | src/components/Editor3/Editor.stories.jsx[2m > [22m[2mKeyboard Shortcuts Text Formatting
[22m[39m[Editor onChange] Skipping save - no initial state loaded yet
[90mstdout[2m | src/components/Editor3/Editor.stories.jsx[2m > [22m[2mKeyboard Shortcuts Text Formatting
[22m[39m[Editor onChange] Skipping save - no initial state loaded yet
[90mstdout[2m | src/components/Editor3/Editor.stories.jsx[2m > [22m[2mKeyboard Shortcuts Text Formatting
[22m[39m🔑 ENTER KEY pressed in editor
[90mstdout[2m | src/components/Editor3/Editor.stories.jsx[2m > [22m[2mKeyboard Shortcuts Text Formatting
[22m[39m❌ Not in a code node
[90mstdout[2m | src/components/Editor3/Editor.stories.jsx[2m > [22m[2mKeyboard Shortcuts Text Formatting
[22m[39m[Editor onChange] Skipping save - no initial state loaded yet
[90mstdout[2m | src/components/Editor3/Editor.stories.jsx[2m > [22m[2mKeyboard Shortcuts Text Formatting
[22m[39m[Editor onChange] Skipping save - no initial state loaded yet
 [32m✓[39m [30m[42m unit [49m[39m test/unit/fileUploadUtils.test.ts [2m([22m[2m25 tests[22m[2m)[22m[32m 14[2mms[22m[39m
[90mstdout[2m | src/components/Editor3/Editor.stories.jsx[2m > [22m[2mKeyboard Shortcuts Text Formatting
[22m[39m[Editor onChange] Skipping save - no initial state loaded yet
[90mstdout[2m | src/components/Editor3/Editor.stories.jsx[2m > [22m[2mKeyboard Shortcuts Text Formatting
[22m[39m[Editor onChange] Skipping save - no initial state loaded yet
[90mstdout[2m | src/components/Editor3/Editor.stories.jsx[2m > [22m[2mKeyboard Shortcuts Text Formatting
[22m[39m[Editor onChange] Skipping save - no initial state loaded yet
[90mstdout[2m | src/components/Editor3/Editor.stories.jsx[2m > [22m[2mKeyboard Shortcuts Text Formatting
[22m[39m[Editor onChange] Skipping save - no initial state loaded yet
[90mstdout[2m | src/components/Editor3/Editor.stories.jsx[2m > [22m[2mKeyboard Shortcuts Text Formatting
[22m[39m[Editor onChange] Skipping save - no initial state loaded yet
[90mstdout[2m | src/components/Editor3/Editor.stories.jsx[2m > [22m[2mKeyboard Shortcuts Text Formatting
[22m[39m[Editor onChange] Skipping save - no initial state loaded yet
[90mstdout[2m | src/components/Editor3/Editor.stories.jsx[2m > [22m[2mKeyboard Shortcuts Text Formatting
[22m[39m[Editor onChange] Skipping save - no initial state loaded yet
 [32m✓[39m [30m[42m unit [49m[39m src/components/RecordingStudio3/__tests__/RecordingStudio3.a11y.test.tsx [2m([22m[2m2 tests[22m[2m)[22m[32m 259[2mms[22m[39m
[90mstdout[2m | src/components/Editor3/Editor.stories.jsx[2m > [22m[2mKeyboard Shortcuts Text Formatting
[22m[39m[Editor onChange] Skipping save - no initial state loaded yet
[90mstdout[2m | src/components/Editor3/Editor.stories.jsx[2m > [22m[2mKeyboard Shortcuts Text Formatting
[22m[39m[Editor onChange] Skipping save - no initial state loaded yet
[90mstdout[2m | src/components/Editor3/Editor.stories.jsx[2m > [22m[2mKeyboard Shortcuts Text Formatting
[22m[39m[Editor onChange] Skipping save - no initial state loaded yet
[90mstdout[2m | src/components/Editor3/Editor.stories.jsx[2m > [22m[2mKeyboard Shortcuts Text Formatting
[22m[39m[Editor onChange] Skipping save - no initial state loaded yet
[90mstdout[2m | src/components/Editor3/Editor.stories.jsx[2m > [22m[2mKeyboard Shortcuts Text Formatting
[22m[39m[Editor onChange] Skipping save - no initial state loaded yet
[90mstdout[2m | src/components/Editor3/Editor.stories.jsx[2m > [22m[2mKeyboard Shortcuts Text Formatting
[22m[39m[Editor onChange] Skipping save - no initial state loaded yet
[90mstdout[2m | src/components/Editor3/Editor.stories.jsx[2m > [22m[2mKeyboard Shortcuts Text Formatting
[22m[39m🔑 ENTER KEY pressed in editor
[90mstdout[2m | src/components/Editor3/Editor.stories.jsx[2m > [22m[2mKeyboard Shortcuts Text Formatting
[22m[39m❌ Not in a code node
[90mstdout[2m | src/components/Editor3/Editor.stories.jsx[2m > [22m[2mKeyboard Shortcuts Text Formatting
[22m[39m[Editor onChange] Skipping save - no initial state loaded yet
[90mstdout[2m | src/components/Editor3/Editor.stories.jsx[2m > [22m[2mKeyboard Shortcuts Text Formatting
[22m[39m🔑 ENTER KEY pressed in editor
[90mstdout[2m | src/components/Editor3/Editor.stories.jsx[2m > [22m[2mKeyboard Shortcuts Text Formatting
[22m[39m❌ Not in a code node
[90mstdout[2m | src/components/Editor3/Editor.stories.jsx[2m > [22m[2mKeyboard Shortcuts Text Formatting
[22m[39m[Keyboard Shortcuts Demo] Section 9: Clear Formatting
[90mstdout[2m | src/components/Editor3/Editor.stories.jsx[2m > [22m[2mKeyboard Shortcuts Text Formatting
[22m[39m[Editor onChange] Skipping save - no initial state loaded yet
[90mstdout[2m | src/components/Editor3/Editor.stories.jsx[2m > [22m[2mKeyboard Shortcuts Text Formatting
[22m[39m[Editor onChange] Skipping save - no initial state loaded yet
[90mstdout[2m | src/components/Editor3/Editor.stories.jsx[2m > [22m[2mKeyboard Shortcuts Text Formatting
[22m[39m[Editor onChange] Skipping save - no initial state loaded yet
[90mstdout[2m | src/components/Editor3/Editor.stories.jsx[2m > [22m[2mKeyboard Shortcuts Text Formatting
[22m[39m[Editor onChange] Skipping save - no initial state loaded yet
[90mstdout[2m | src/components/Editor3/Editor.stories.jsx[2m > [22m[2mKeyboard Shortcuts Text Formatting
[22m[39m[Editor onChange] Skipping save - no initial state loaded yet
[90mstdout[2m | src/components/Editor3/Editor.stories.jsx[2m > [22m[2mKeyboard Shortcuts Text Formatting
[22m[39m[Editor onChange] Skipping save - no initial state loaded yet
[90mstdout[2m | src/components/Editor3/Editor.stories.jsx[2m > [22m[2mKeyboard Shortcuts Text Formatting
[22m[39m[Editor onChange] Skipping save - no initial state loaded yet
[90mstdout[2m | src/components/Editor3/Editor.stories.jsx[2m > [22m[2mKeyboard Shortcuts Text Formatting
[22m[39m[Editor onChange] Skipping save - no initial state loaded yet
[90mstdout[2m | src/components/Editor3/Editor.stories.jsx[2m > [22m[2mKeyboard Shortcuts Text Formatting
[22m[39m[Editor onChange] Skipping save - no initial state loaded yet
[90mstdout[2m | src/components/Editor3/Editor.stories.jsx[2m > [22m[2mKeyboard Shortcuts Text Formatting
[22m[39m[Editor onChange] Skipping save - no initial state loaded yet
[90mstdout[2m | src/components/Editor3/Editor.stories.jsx[2m > [22m[2mKeyboard Shortcuts Text Formatting
[22m[39m[Editor onChange] Skipping save - no initial state loaded yet
[90mstdout[2m | src/components/Editor3/Editor.stories.jsx[2m > [22m[2mKeyboard Shortcuts Text Formatting
[22m[39m[Editor onChange] Skipping save - no initial state loaded yet
[90mstdout[2m | src/components/Editor3/Editor.stories.jsx[2m > [22m[2mKeyboard Shortcuts Text Formatting
[22m[39m[Editor onChange] Skipping save - no initial state loaded yet
[90mstdout[2m | src/components/Editor3/Editor.stories.jsx[2m > [22m[2mKeyboard Shortcuts Text Formatting
[22m[39m[Editor onChange] Skipping save - no initial state loaded yet
[90mstdout[2m | src/components/Editor3/Editor.stories.jsx[2m > [22m[2mKeyboard Shortcuts Text Formatting
[22m[39m[Editor onChange] Skipping save - no initial state loaded yet
[90mstdout[2m | src/components/Editor3/Editor.stories.jsx[2m > [22m[2mKeyboard Shortcuts Text Formatting
[22m[39m[Editor onChange] Skipping save - no initial state loaded yet
[90mstdout[2m | src/components/Editor3/Editor.stories.jsx[2m > [22m[2mKeyboard Shortcuts Text Formatting
[22m[39m[Editor onChange] Skipping save - no initial state loaded yet
[90mstdout[2m | src/components/Editor3/Editor.stories.jsx[2m > [22m[2mKeyboard Shortcuts Text Formatting
[22m[39m[Editor onChange] Skipping save - no initial state loaded yet
[90mstdout[2m | src/components/Editor3/Editor.stories.jsx[2m > [22m[2mKeyboard Shortcuts Text Formatting
[22m[39m[Editor onChange] Skipping save - no initial state loaded yet
[90mstdout[2m | src/components/Editor3/Editor.stories.jsx[2m > [22m[2mKeyboard Shortcuts Text Formatting
[22m[39m[Editor onChange] Skipping save - no initial state loaded yet
[90mstdout[2m | src/components/Editor3/Editor.stories.jsx[2m > [22m[2mKeyboard Shortcuts Text Formatting
[22m[39m[Editor onChange] Skipping save - no initial state loaded yet
[90mstdout[2m | src/components/Editor3/Editor.stories.jsx[2m > [22m[2mKeyboard Shortcuts Text Formatting
[22m[39m🔑 ENTER KEY pressed in editor
[90mstdout[2m | src/components/Editor3/Editor.stories.jsx[2m > [22m[2mKeyboard Shortcuts Text Formatting
[22m[39m❌ Not in a code node
[90mstdout[2m | src/components/Editor3/Editor.stories.jsx[2m > [22m[2mKeyboard Shortcuts Text Formatting
[22m[39m[Editor onChange] Skipping save - no initial state loaded yet
[90mstdout[2m | src/components/Editor3/Editor.stories.jsx[2m > [22m[2mKeyboard Shortcuts Text Formatting
[22m[39m🔑 ENTER KEY pressed in editor
[90mstdout[2m | src/components/Editor3/Editor.stories.jsx[2m > [22m[2mKeyboard Shortcuts Text Formatting
[22m[39m❌ Not in a code node
[90mstdout[2m | src/components/Editor3/Editor.stories.jsx[2m > [22m[2mKeyboard Shortcuts Block Types
[22m[39m[Editor onChange] Skipping save due to tags: [
  "history-merge",
]
[90mstdout[2m | src/components/Editor3/Editor.stories.jsx[2m > [22m[2mKeyboard Shortcuts Block Types
[22m[39m[ChatContext] Cleaning up subscriptions
[90mstdout[2m | src/components/Editor3/Editor.stories.jsx[2m > [22m[2mKeyboard Shortcuts Block Types
[22m[39m[Mock Data] Unit.onUpdate() subscription removed. Remaining: 0
[90mstdout[2m | src/components/Editor3/Editor.stories.jsx[2m > [22m[2mKeyboard Shortcuts Block Types
[22m[39m[useChatPageContext] Cleaning up page context
[90mstdout[2m | src/components/Editor3/Editor.stories.jsx[2m > [22m[2mKeyboard Shortcuts Block Types
[22m[39m[chatTools] Vector store search function registered: false
[90mstdout[2m | src/components/Editor3/Editor.stories.jsx[2m > [22m[2mKeyboard Shortcuts Block Types
[22m[39m[chatTools] Practice drill callback registered: false
[90mstdout[2m | src/components/Editor3/Editor.stories.jsx[2m > [22m[2mKeyboard Shortcuts Block Types
[22m[39m[Preview] Skipped initializing default mock data (initializeMockData=false)
[90mstdout[2m | src/components/Editor3/Editor.stories.jsx[2m > [22m[2mKeyboard Shortcuts Block Types
[22m[39m[Mock Data] seedMockUnit: Adding unit keyboard-shortcuts-block-types-id
[90mstdout[2m | src/components/Editor3/Editor.stories.jsx[2m > [22m[2mKeyboard Shortcuts Block Types
[22m[39m[MOCK CourseVectorStore] Initialized with mock data
[90mstdout[2m | src/components/Editor3/Editor.stories.jsx[2m > [22m[2mKeyboard Shortcuts Block Types
[22m[39m[useTabState] Initialized with: {
  "leftOpen": false,
  "leftTab": 4,
  "leftWidth": 350,
  "rightOpen": false,
  "rightTab": 5,
  "rightWidth": 350,
} from URL: {} localStorage: null defaults: {
  "defaultLeftTab": 4,
  "defaultRightTab": 5,
}
[90mstdout[2m | src/components/Editor3/Editor.stories.jsx[2m > [22m[2mKeyboard Shortcuts Block Types
[22m[39m[FileManager2] Files received from context: 0 []
[90mstdout[2m | src/components/Editor3/Editor.stories.jsx[2m > [22m[2mKeyboard Shortcuts Block Types
[22m[39m[FileManager2] Upload useEffect triggered. filesToUpload: 0 uploadInProgress: false
[90mstdout[2m | src/components/Editor3/Editor.stories.jsx[2m > [22m[2mKeyboard Shortcuts Block Types
[22m[39m[FileManager2] Skipping upload - no files or already in progress
[90mstdout[2m | src/components/Editor3/Editor.stories.jsx[2m > [22m[2mKeyboard Shortcuts Block Types
[22m[39m[chatTools] Vector store search function registered: true
[90mstdout[2m | src/components/Editor3/Editor.stories.jsx[2m > [22m[2mKeyboard Shortcuts Block Types
[22m[39m[ChatSidebar] Registered vector store search, isReady: false
[90mstdout[2m | src/components/Editor3/Editor.stories.jsx[2m > [22m[2mKeyboard Shortcuts Block Types
[22m[39m[chatTools] Practice drill callback registered: true
[90mstdout[2m | src/components/Editor3/Editor.stories.jsx[2m > [22m[2mKeyboard Shortcuts Block Types
[22m[39m[useChatPageContext] Registering page context: {
  "dictionaryCount": 0,
  "filesCount": 0,
  "hasEditorRef": true,
  "hasUnit": true,
  "hasVectorStoreSearch": true,
  "questionsCount": 0,
  "sectionsCount": 0,
}
[90mstdout[2m | src/components/Editor3/Editor.stories.jsx[2m > [22m[2mKeyboard Shortcuts Block Types
[22m[39m[TranslationModeController] Setting mode to: off
[90mstdout[2m | src/components/Editor3/Editor.stories.jsx[2m > [22m[2mKeyboard Shortcuts Block Types
[22m[39m[UnitContext] useEffect triggered {
  "authLoading": false,
  "hasUser": true,
  "id": "keyboard-shortcuts-block-types-id",
  "userSub": "mock-user-sub",
}
[90mstdout[2m | src/components/Editor3/Editor.stories.jsx[2m > [22m[2mKeyboard Shortcuts Block Types
[22m[39m[UnitContext] Fetching unit data for id: keyboard-shortcuts-block-types-id
[90mstdout[2m | src/components/Editor3/Editor.stories.jsx[2m > [22m[2mKeyboard Shortcuts Block Types
[22m[39m[FilesContext] Initializing vector store from IndexedDB
[90mstdout[2m | src/components/Editor3/Editor.stories.jsx[2m > [22m[2mKeyboard Shortcuts Block Types
[22m[39m[FilesContext] fetchFiles called
[90mstdout[2m | src/components/Editor3/Editor.stories.jsx[2m > [22m[2mKeyboard Shortcuts Block Types
[22m[39m[FilesContext] User authenticated: mock-user-sub
[90mstdout[2m | src/components/Editor3/Editor.stories.jsx[2m > [22m[2mKeyboard Shortcuts Block Types
[22m[39m[FilesContext] Identity ID: us-east-1:mock-identity-123
[90mstdout[2m | src/components/Editor3/Editor.stories.jsx[2m > [22m[2mKeyboard Shortcuts Block Types
[22m[39m[FilesContext] About to set up File observeQuery
[90mstdout[2m | src/components/Editor3/Editor.stories.jsx[2m > [22m[2mKeyboard Shortcuts Block Types
[22m[39m[ChatContext] Setting up AssistantChat observeQuery
[90mstdout[2m | src/components/Editor3/Editor.stories.jsx[2m > [22m[2mKeyboard Shortcuts Block Types
[22m[39m[ChatContext] Waiting for subscription to initialize
[90mstdout[2m | src/components/Editor3/Editor.stories.jsx[2m > [22m[2mKeyboard Shortcuts Block Types
[22m[39m[SettingsContext] Setting up Settings subscription for user: mock-user-sub
[90mstdout[2m | src/components/Editor3/Editor.stories.jsx[2m > [22m[2mKeyboard Shortcuts Block Types
[22m[39m[useChatPageContext] Cleaning up page context
[90mstdout[2m | src/components/Editor3/Editor.stories.jsx[2m > [22m[2mKeyboard Shortcuts Block Types
[22m[39m[useChatPageContext] Registering page context: {
  "dictionaryCount": 0,
  "filesCount": 0,
  "hasEditorRef": true,
  "hasUnit": true,
  "hasVectorStoreSearch": true,
  "questionsCount": 0,
  "sectionsCount": 0,
}
[90mstdout[2m | src/components/Editor3/Editor.stories.jsx[2m > [22m[2mKeyboard Shortcuts Block Types
[22m[39m[Editor onChange] Skipping save - no initial state loaded yet
[90mstdout[2m | src/components/Editor3/Editor.stories.jsx[2m > [22m[2mKeyboard Shortcuts Block Types
[22m[39m[Mock Data] Settings created: mock-settings-1790418440429 - notified 0 subscribers
[90mstdout[2m | src/components/Editor3/Editor.stories.jsx[2m > [22m[2mKeyboard Shortcuts Block Types
[22m[39m[Mock Data] Unit.onUpdate() subscription added. Total: 1
[90mstdout[2m | src/components/Editor3/Editor.stories.jsx[2m > [22m[2mKeyboard Shortcuts Block Types
[22m[39m[Mock] CollaborationPlugin rendered with props: {
  "color": "#f59e0b",
  "cursorsContainerRef": {
    "current": <div
      class="jsx-9364b876b91d91fe collaboration-cursors-container"
      style="position: relative;"
    >
      <div
        aria-label="Edit"
        class="editor"
        contenteditable="true"
        data-lexical-editor="true"
        data-tour="editor"
        role="textbox"
        spellcheck="true"
        style="max-width: 100%; outline: none; min-height: 100%; padding: 1rem 2rem 1rem 0.5rem; user-select: text; white-space: pre-wrap; word-break: break-word;"
      />
      <div
        class="jsx-e404209429cec6f3 editor-placeholder"
      >
        Start typing or use the toolbar above to add content...
      </div>
    </div>,
  },
  "provider": YjsDocProvider {
    "awareness": Awareness {
      "_checkInterval": 1198,
      "_observers": Map {},
      "clientID": 2165609969,
      "doc": {
        "editorContent": "",
        "metadata": {},
      },
      "meta": Map {
        2165609969 => {
          "clock": 0,
          "lastUpdated": 1790418440210,
        },
      },
      "states": Map {
        2165609969 => {},
      },
    },
    "config": {
      "connect": false,
      "docName": "unit-null",
      "maxBackoffTime": 30000,
      "persistence": false,
      "resyncInterval": 5000,
      "wsUrl": "wss://j5eyo7cpia.execute-api.us-east-1.amazonaws.com/live",
    },
    "defaultConfig": {
      "connect": true,
      "maxBackoffTime": 30000,
      "persistence": true,
      "resyncInterval": 5000,
      "wsUrl": "wss://j5eyo7cpia.execute-api.us-east-1.amazonaws.com/live",
    },
    "docName": "unit-null",
    "hasLoggedConnectionError": false,
    "indexeddb": null,
    "lastStatusLog": "",
    "listeners": Map {
      "doc-reset" => Set {
        [Function handleDocReset],
      },
    },
    "resetCount": 0,
    "wsProvider": null,
    "ydoc": {
      "editorContent": "",
      "metadata": {},
    },
  },
  "username": "mock-user-sub",
}
[90mstdout[2m | src/components/Editor3/Editor.stories.jsx[2m > [22m[2mKeyboard Shortcuts Block Types
[22m[39m[Editor onChange] Skipping save due to tags: [
  "history-merge",
]
[90mstdout[2m | src/components/Editor3/Editor.stories.jsx[2m > [22m[2mKeyboard Shortcuts Block Types
[22m[39m[chatTools] Vector store search function registered: false
[90mstdout[2m | src/components/Editor3/Editor.stories.jsx[2m > [22m[2mKeyboard Shortcuts Block Types
[22m[39m[chatTools] Practice drill callback registered: false
[90mstdout[2m | src/components/Editor3/Editor.stories.jsx[2m > [22m[2mKeyboard Shortcuts Block Types
[22m[39m[useChatPageContext] Cleaning up page context
[90mstdout[2m | src/components/Editor3/Editor.stories.jsx[2m > [22m[2mKeyboard Shortcuts Block Types
[22m[39m[FileManager2] Files received from context: 0 []
[90mstdout[2m | src/components/Editor3/Editor.stories.jsx[2m > [22m[2mKeyboard Shortcuts Block Types
[22m[39m[FileManager2] Upload useEffect triggered. filesToUpload: 0 uploadInProgress: false
[90mstdout[2m | src/components/Editor3/Editor.stories.jsx[2m > [22m[2mKeyboard Shortcuts Block Types
[22m[39m[FileManager2] Skipping upload - no files or already in progress
[90mstdout[2m | src/components/Editor3/Editor.stories.jsx[2m > [22m[2mKeyboard Shortcuts Block Types
[22m[39m[chatTools] Vector store search function registered: true
[90mstdout[2m | src/components/Editor3/Editor.stories.jsx[2m > [22m[2mKeyboard Shortcuts Block Types
[22m[39m[ChatSidebar] Registered vector store search, isReady: false
[90mstdout[2m | src/components/Editor3/Editor.stories.jsx[2m > [22m[2mKeyboard Shortcuts Block Types
[22m[39m[chatTools] Practice drill callback registered: true
[90mstdout[2m | src/components/Editor3/Editor.stories.jsx[2m > [22m[2mKeyboard Shortcuts Block Types
[22m[39m[useChatPageContext] Registering page context: {
  "dictionaryCount": 0,
  "filesCount": 0,
  "hasEditorRef": true,
  "hasUnit": true,
  "hasVectorStoreSearch": true,
  "questionsCount": 0,
  "sectionsCount": 0,
}
[90mstdout[2m | src/components/Editor3/Editor.stories.jsx[2m > [22m[2mKeyboard Shortcuts Block Types
[22m[39m[Mock] CollaborationPlugin rendered with props: {
  "color": "#f59e0b",
  "cursorsContainerRef": {
    "current": <div
      class="jsx-9364b876b91d91fe collaboration-cursors-container"
      style="position: relative;"
    >
      <div
        aria-label="Edit"
        autocapitalize="off"
        class="editor"
        contenteditable="true"
        data-lexical-editor="true"
        data-tour="editor"
        role="textbox"
        spellcheck="true"
        style="max-width: 100%; outline: none; min-height: 100%; padding: 1rem 2rem 1rem 0.5rem; user-select: text; white-space: pre-wrap; word-break: break-word;"
      />
      <div
        class="jsx-e404209429cec6f3 editor-placeholder"
      >
        Start typing or use the toolbar above to add content...
      </div>
    </div>,
  },
  "provider": YjsDocProvider {
    "awareness": Awareness {
      "_checkInterval": 1198,
      "_observers": Map {},
      "clientID": 2165609969,
      "doc": {
        "editorContent": "",
        "metadata": {},
      },
      "meta": Map {
        2165609969 => {
          "clock": 0,
          "lastUpdated": 1790418440210,
        },
      },
      "states": Map {
        2165609969 => {},
      },
    },
    "config": {
      "connect": false,
      "docName": "unit-null",
      "maxBackoffTime": 30000,
      "persistence": false,
      "resyncInterval": 5000,
      "wsUrl": "wss://j5eyo7cpia.execute-api.us-east-1.amazonaws.com/live",
    },
    "defaultConfig": {
      "connect": true,
      "maxBackoffTime": 30000,
      "persistence": true,
      "resyncInterval": 5000,
      "wsUrl": "wss://j5eyo7cpia.execute-api.us-east-1.amazonaws.com/live",
    },
    "docName": "unit-null",
    "hasLoggedConnectionError": false,
    "indexeddb": null,
    "lastStatusLog": "",
    "listeners": Map {
      "doc-reset" => Set {
        [Function handleDocReset],
      },
    },
    "resetCount": 0,
    "wsProvider": null,
    "ydoc": {
      "editorContent": "",
      "metadata": {},
    },
  },
  "username": "mock-user-sub",
}
[90mstdout[2m | src/components/Editor3/Editor.stories.jsx[2m > [22m[2mKeyboard Shortcuts Block Types
[22m[39m[useChatPageContext] Cleaning up page context
[90mstdout[2m | src/components/Editor3/Editor.stories.jsx[2m > [22m[2mKeyboard Shortcuts Block Types
[22m[39m[useChatPageContext] Registering page context: {
  "dictionaryCount": 0,
  "filesCount": 0,
  "hasEditorRef": true,
  "hasUnit": true,
  "hasVectorStoreSearch": true,
  "questionsCount": 0,
  "sectionsCount": 0,
}
[90mstdout[2m | src/components/Editor3/Editor.stories.jsx[2m > [22m[2mKeyboard Shortcuts Block Types
[22m[39m[Mock] CollaborationPlugin rendered with props: {
  "color": "#f59e0b",
  "cursorsContainerRef": {
    "current": <div
      class="jsx-9364b876b91d91fe collaboration-cursors-container"
      style="position: relative;"
    >
      <div
        aria-label="Edit"
        autocapitalize="off"
        class="editor"
        contenteditable="true"
        data-lexical-editor="true"
        data-tour="editor"
        role="textbox"
        spellcheck="true"
        style="max-width: 100%; outline: none; min-height: 100%; padding: 1rem 2rem 1rem 0.5rem; user-select: text; white-space: pre-wrap; word-break: break-word;"
      />
      <div
        class="jsx-e404209429cec6f3 editor-placeholder"
      >
        Start typing or use the toolbar above to add content...
      </div>
    </div>,
  },
  "provider": YjsDocProvider {
    "awareness": Awareness {
      "_checkInterval": 1198,
      "_observers": Map {},
      "clientID": 2165609969,
      "doc": {
        "editorContent": "",
        "metadata": {},
      },
      "meta": Map {
        2165609969 => {
          "clock": 0,
          "lastUpdated": 1790418440210,
        },
      },
      "states": Map {
        2165609969 => {},
      },
    },
    "config": {
      "connect": false,
      "docName": "unit-null",
      "maxBackoffTime": 30000,
      "persistence": false,
      "resyncInterval": 5000,
      "wsUrl": "wss://j5eyo7cpia.execute-api.us-east-1.amazonaws.com/live",
    },
    "defaultConfig": {
      "connect": true,
      "maxBackoffTime": 30000,
      "persistence": true,
      "resyncInterval": 5000,
      "wsUrl": "wss://j5eyo7cpia.execute-api.us-east-1.amazonaws.com/live",
    },
    "docName": "unit-null",
    "hasLoggedConnectionError": false,
    "indexeddb": null,
    "lastStatusLog": "",
    "listeners": Map {
      "doc-reset" => Set {
        [Function handleDocReset],
      },
    },
    "resetCount": 0,
    "wsProvider": null,
    "ydoc": {
      "editorContent": "",
      "metadata": {},
    },
  },
  "username": "mock-user-sub",
}
[90mstdout[2m | src/components/Editor3/Editor.stories.jsx[2m > [22m[2mKeyboard Shortcuts Block Types
[22m[39m[Editor onChange] Skipping save - no initial state loaded yet
[90mstdout[2m | src/components/Editor3/Editor.stories.jsx[2m > [22m[2mKeyboard Shortcuts Block Types
[22m[39m[Mock] CollaborationPlugin rendered with props: {
  "color": "#f59e0b",
  "cursorsContainerRef": {
    "current": <div
      class="jsx-9364b876b91d91fe collaboration-cursors-container"
      style="position: relative;"
    >
      <div
        aria-label="Edit"
        class="editor"
        contenteditable="true"
        data-lexical-editor="true"
        data-tour="editor"
        role="textbox"
        spellcheck="true"
        style="max-width: 100%; outline: none; min-height: 100%; padding: 1rem 2rem 1rem 0.5rem; user-select: text; white-space: pre-wrap; word-break: break-word;"
      />
      <div
        class="jsx-e404209429cec6f3 editor-placeholder"
      >
        Start typing or use the toolbar above to add content...
      </div>
    </div>,
  },
  "provider": YjsDocProvider {
    "awareness": Awareness {
      "_checkInterval": 1198,
      "_observers": Map {},
      "clientID": 2165609969,
      "doc": {
        "editorContent": "",
        "metadata": {},
      },
      "meta": Map {
        2165609969 => {
          "clock": 0,
          "lastUpdated": 1790418440210,
        },
      },
      "states": Map {
        2165609969 => {},
      },
    },
    "config": {
      "connect": false,
      "docName": "unit-null",
      "maxBackoffTime": 30000,
      "persistence": false,
      "resyncInterval": 5000,
      "wsUrl": "wss://j5eyo7cpia.execute-api.us-east-1.amazonaws.com/live",
    },
    "defaultConfig": {
      "connect": true,
      "maxBackoffTime": 30000,
      "persistence": true,
      "resyncInterval": 5000,
      "wsUrl": "wss://j5eyo7cpia.execute-api.us-east-1.amazonaws.com/live",
    },
    "docName": "unit-null",
    "hasLoggedConnectionError": false,
    "indexeddb": null,
    "lastStatusLog": "",
    "listeners": Map {
      "doc-reset" => Set {
        [Function handleDocReset],
      },
    },
    "resetCount": 0,
    "wsProvider": null,
    "ydoc": {
      "editorContent": "",
      "metadata": {},
    },
  },
  "username": "mock-user-sub",
}
[90mstdout[2m | src/components/Editor3/Editor.stories.jsx[2m > [22m[2mKeyboard Shortcuts Block Types
[22m[39m[SectionContext] Section observeQuery update: 0
[90mstdout[2m | src/components/Editor3/Editor.stories.jsx[2m > [22m[2mKeyboard Shortcuts Block Types
[22m[39m[FilesContext] File observeQuery update: 0 files
[90mstdout[2m | src/components/Editor3/Editor.stories.jsx[2m > [22m[2mKeyboard Shortcuts Block Types
[22m[39m[ChatContext] AssistantChat initialized with 0 chats
[90mstdout[2m | src/components/Editor3/Editor.stories.jsx[2m > [22m[2mKeyboard Shortcuts Block Types
[22m[39m[MOCK CourseVectorStore] Initialized with mock data
[90mstdout[2m | src/components/Editor3/Editor.stories.jsx[2m > [22m[2mKeyboard Shortcuts Block Types
[22m[39m[Mock] CollaborationPlugin rendered with props: {
  "color": "#f59e0b",
  "cursorsContainerRef": {
    "current": <div
      class="jsx-9364b876b91d91fe collaboration-cursors-container"
      style="position: relative;"
    >
      <div
        aria-label="Edit"
        class="editor"
        contenteditable="true"
        data-lexical-editor="true"
        data-tour="editor"
        role="textbox"
        spellcheck="true"
        style="max-width: 100%; outline: none; min-height: 100%; padding: 1rem 2rem 1rem 0.5rem; user-select: text; white-space: pre-wrap; word-break: break-word;"
      />
      <div
        class="jsx-e404209429cec6f3 editor-placeholder"
      >
        Start typing or use the toolbar above to add content...
      </div>
    </div>,
  },
  "provider": YjsDocProvider {
    "awareness": Awareness {
      "_checkInterval": 1198,
      "_observers": Map {},
      "clientID": 2165609969,
      "doc": {
        "editorContent": "",
        "metadata": {},
      },
      "meta": Map {
        2165609969 => {
          "clock": 0,
          "lastUpdated": 1790418440210,
        },
      },
      "states": Map {
        2165609969 => {},
      },
    },
    "config": {
      "connect": false,
      "docName": "unit-null",
      "maxBackoffTime": 30000,
      "persistence": false,
      "resyncInterval": 5000,
      "wsUrl": "wss://j5eyo7cpia.execute-api.us-east-1.amazonaws.com/live",
    },
    "defaultConfig": {
      "connect": true,
      "maxBackoffTime": 30000,
      "persistence": true,
      "resyncInterval": 5000,
      "wsUrl": "wss://j5eyo7cpia.execute-api.us-east-1.amazonaws.com/live",
    },
    "docName": "unit-null",
    "hasLoggedConnectionError": false,
    "indexeddb": null,
    "lastStatusLog": "",
    "listeners": Map {
      "doc-reset" => Set {
        [Function handleDocReset],
      },
    },
    "resetCount": 0,
    "wsProvider": null,
    "ydoc": {
      "editorContent": "",
      "metadata": {},
    },
  },
  "username": "mock-user-sub",
}
[90mstdout[2m | src/components/Editor3/Editor.stories.jsx[2m > [22m[2mKeyboard Shortcuts Block Types
[22m[39m[FileManager2] Files received from context: 0 []
[90mstdout[2m | src/components/Editor3/Editor.stories.jsx[2m > [22m[2mKeyboard Shortcuts Block Types
[22m[39m[ChatContext] No current chat available, will create one
[90mstdout[2m | src/components/Editor3/Editor.stories.jsx[2m > [22m[2mKeyboard Shortcuts Block Types
[22m[39m[ChatContext] Creating AssistantChat with user: undefined
[90mstdout[2m | src/components/Editor3/Editor.stories.jsx[2m > [22m[2mKeyboard Shortcuts Block Types
[22m[39m[Mock Data] AssistantChat created: mock-assistantchat-1790418440945 - notified 1 subscribers
[90mstdout[2m | src/components/Editor3/Editor.stories.jsx[2m > [22m[2mKeyboard Shortcuts Block Types
[22m[39m[Mock] CollaborationPlugin rendered with props: {
  "color": "#f59e0b",
  "cursorsContainerRef": {
    "current": <div
      class="jsx-9364b876b91d91fe collaboration-cursors-container"
      style="position: relative;"
    >
      <div
        aria-label="Edit"
        class="editor"
        contenteditable="true"
        data-lexical-editor="true"
        data-tour="editor"
        role="textbox"
        spellcheck="true"
        style="max-width: 100%; outline: none; min-height: 100%; padding: 1rem 2rem 1rem 0.5rem; user-select: text; white-space: pre-wrap; word-break: break-word;"
      />
      <div
        class="jsx-e404209429cec6f3 editor-placeholder"
      >
        Start typing or use the toolbar above to add content...
      </div>
    </div>,
  },
  "provider": YjsDocProvider {
    "awareness": Awareness {
      "_checkInterval": 1198,
      "_observers": Map {},
      "clientID": 2165609969,
      "doc": {
        "editorContent": "",
        "metadata": {},
      },
      "meta": Map {
        2165609969 => {
          "clock": 0,
          "lastUpdated": 1790418440210,
        },
      },
      "states": Map {
        2165609969 => {},
      },
    },
    "config": {
      "connect": false,
      "docName": "unit-null",
      "maxBackoffTime": 30000,
      "persistence": false,
      "resyncInterval": 5000,
      "wsUrl": "wss://j5eyo7cpia.execute-api.us-east-1.amazonaws.com/live",
    },
    "defaultConfig": {
      "connect": true,
      "maxBackoffTime": 30000,
      "persistence": true,
      "resyncInterval": 5000,
      "wsUrl": "wss://j5eyo7cpia.execute-api.us-east-1.amazonaws.com/live",
    },
    "docName": "unit-null",
    "hasLoggedConnectionError": false,
    "indexeddb": null,
    "lastStatusLog": "",
    "listeners": Map {
      "doc-reset" => Set {
        [Function handleDocReset],
      },
    },
    "resetCount": 0,
    "wsProvider": null,
    "ydoc": {
      "editorContent": "",
      "metadata": {},
    },
  },
  "username": "mock-user-sub",
}
[90mstdout[2m | src/components/Editor3/Editor.stories.jsx[2m > [22m[2mKeyboard Shortcuts Block Types
[22m[39m[ChatContext] Create result: {
  "data": {
    "_version": 1,
    "archived": false,
    "chatFiles": [Function anonymous],
    "createdAt": "2026-09-26T10:27:20.945Z",
    "id": "mock-assistantchat-1790418440945",
    "model": "gpt-4",
    "updatedAt": "2026-09-26T10:27:20.945Z",
  },
  "errors": [],
  "hasData": true,
  "hasErrors": true,
}
[90mstdout[2m | src/components/Editor3/Editor.stories.jsx[2m > [22m[2mKeyboard Shortcuts Block Types
[22m[39m[ChatContext] Created AssistantChat: mock-assistantchat-1790418440945 at: 2026-09-26T10:27:20.945Z
[90mstdout[2m | src/components/Editor3/Editor.stories.jsx[2m > [22m[2mKeyboard Shortcuts Block Types
[22m[39m[Mock Storage] downloadData called with: undefined
[90mstdout[2m | src/components/Editor3/Editor.stories.jsx[2m > [22m[2mKeyboard Shortcuts Block Types
[22m[39m[ChatContext] Setting initial chat: mock-assistantchat-1790418440945
[90mstdout[2m | src/components/Editor3/Editor.stories.jsx[2m > [22m[2mKeyboard Shortcuts Block Types
[22m[39m[Mock] CollaborationPlugin rendered with props: {
  "color": "#f59e0b",
  "cursorsContainerRef": {
    "current": <div
      class="jsx-9364b876b91d91fe collaboration-cursors-container"
      style="position: relative;"
    >
      <div
        aria-label="Edit"
        class="editor"
        contenteditable="true"
        data-lexical-editor="true"
        data-tour="editor"
        role="textbox"
        spellcheck="true"
        style="max-width: 100%; outline: none; min-height: 100%; padding: 1rem 2rem 1rem 0.5rem; user-select: text; white-space: pre-wrap; word-break: break-word;"
      />
      <div
        class="jsx-e404209429cec6f3 editor-placeholder"
      >
        Start typing or use the toolbar above to add content...
      </div>
    </div>,
  },
  "provider": YjsDocProvider {
    "awareness": Awareness {
      "_checkInterval": 1198,
      "_observers": Map {},
      "clientID": 2165609969,
      "doc": {
        "editorContent": "",
        "metadata": {},
      },
      "meta": Map {
        2165609969 => {
          "clock": 0,
          "lastUpdated": 1790418440210,
        },
      },
      "states": Map {
        2165609969 => {},
      },
    },
    "config": {
      "connect": false,
      "docName": "unit-null",
      "maxBackoffTime": 30000,
      "persistence": false,
      "resyncInterval": 5000,
      "wsUrl": "wss://j5eyo7cpia.execute-api.us-east-1.amazonaws.com/live",
    },
    "defaultConfig": {
      "connect": true,
      "maxBackoffTime": 30000,
      "persistence": true,
      "resyncInterval": 5000,
      "wsUrl": "wss://j5eyo7cpia.execute-api.us-east-1.amazonaws.com/live",
    },
    "docName": "unit-null",
    "hasLoggedConnectionError": false,
    "indexeddb": null,
    "lastStatusLog": "",
    "listeners": Map {
      "doc-reset" => Set {
        [Function handleDocReset],
      },
    },
    "resetCount": 0,
    "wsProvider": null,
    "ydoc": {
      "editorContent": "",
      "metadata": {},
    },
  },
  "username": "mock-user-sub",
}
[90mstdout[2m | src/components/Editor3/Editor.stories.jsx[2m > [22m[2mKeyboard Shortcuts Block Types
[22m[39m[ChatSidebar] Loading messages for chat: mock-assistantchat-1790418440945 count: 0
[90mstdout[2m | src/components/Editor3/Editor.stories.jsx[2m > [22m[2mKeyboard Shortcuts Block Types
[22m[39m[ChatSidebar] deepCloneMessages: returning empty array
[90mstdout[2m | src/components/Editor3/Editor.stories.jsx[2m > [22m[2mKeyboard Shortcuts Block Types
[22m[39m[ChatContext] Chat exists and not archived, skipping creation
[90mstdout[2m | src/components/Editor3/Editor.stories.jsx[2m > [22m[2mKeyboard Shortcuts Block Types
[22m[39m[Keyboard Shortcuts Demo] Section 2: Block Types
[90mstdout[2m | src/components/Editor3/Editor.stories.jsx[2m > [22m[2mKeyboard Shortcuts Block Types
[22m[39m[Editor onChange] Skipping save - no initial state loaded yet
[90mstdout[2m | src/components/Editor3/Editor.stories.jsx[2m > [22m[2mKeyboard Shortcuts Block Types
[22m[39m[Editor onChange] Skipping save - no initial state loaded yet
[90mstdout[2m | src/components/Editor3/Editor.stories.jsx[2m > [22m[2mKeyboard Shortcuts Block Types
[22m[39m[Editor onChange] Skipping save - no initial state loaded yet
[90mstdout[2m | src/components/Editor3/Editor.stories.jsx[2m > [22m[2mKeyboard Shortcuts Block Types
[22m[39m[Editor onChange] Skipping save - no initial state loaded yet
[90mstdout[2m | src/components/Editor3/Editor.stories.jsx[2m > [22m[2mKeyboard Shortcuts Block Types
[22m[39m[Editor onChange] Skipping save - no initial state loaded yet
[90mstdout[2m | src/components/Editor3/Editor.stories.jsx[2m > [22m[2mKeyboard Shortcuts Block Types
[22m[39m[Editor onChange] Skipping save - no initial state loaded yet
[90mstdout[2m | src/components/Editor3/Editor.stories.jsx[2m > [22m[2mKeyboard Shortcuts Block Types
[22m[39m[Editor onChange] Skipping save - no initial state loaded yet
[90mstdout[2m | src/components/Editor3/Editor.stories.jsx[2m > [22m[2mKeyboard Shortcuts Block Types
[22m[39m[Editor onChange] Skipping save - no initial state loaded yet
[90mstdout[2m | src/components/Editor3/Editor.stories.jsx[2m > [22m[2mKeyboard Shortcuts Block Types
[22m[39m[Editor onChange] Skipping save - no initial state loaded yet
[90mstdout[2m | src/components/Editor3/Editor.stories.jsx[2m > [22m[2mKeyboard Shortcuts Block Types
[22m[39m[Editor onChange] Skipping save - no initial state loaded yet
[90mstdout[2m | src/components/Editor3/Editor.stories.jsx[2m > [22m[2mKeyboard Shortcuts Block Types
[22m[39m[Editor onChange] Skipping save - no initial state loaded yet
[90mstdout[2m | src/components/Editor3/Editor.stories.jsx[2m > [22m[2mKeyboard Shortcuts Block Types
[22m[39m[Editor onChange] Skipping save - no initial state loaded yet
[90mstdout[2m | src/components/Editor3/Editor.stories.jsx[2m > [22m[2mKeyboard Shortcuts Block Types
[22m[39m🔑 ENTER KEY pressed in editor
[90mstdout[2m | src/components/Editor3/Editor.stories.jsx[2m > [22m[2mKeyboard Shortcuts Block Types
[22m[39m❌ Not in a code node
[90mstdout[2m | src/components/Editor3/Editor.stories.jsx[2m > [22m[2mKeyboard Shortcuts Block Types
[22m[39m[Editor onChange] Skipping save - no initial state loaded yet
[90mstdout[2m | src/components/Editor3/Editor.stories.jsx[2m > [22m[2mKeyboard Shortcuts Block Types
[22m[39m[Editor onChange] Skipping save - no initial state loaded yet
[90mstdout[2m | src/components/Editor3/Editor.stories.jsx[2m > [22m[2mKeyboard Shortcuts Block Types
[22m[39m[Editor onChange] Skipping save - no initial state loaded yet
[90mstdout[2m | src/components/Editor3/Editor.stories.jsx[2m > [22m[2mKeyboard Shortcuts Block Types
[22m[39m[Editor onChange] Skipping save - no initial state loaded yet
[90mstdout[2m | src/components/Editor3/Editor.stories.jsx[2m > [22m[2mKeyboard Shortcuts Block Types
[22m[39m[Editor onChange] Skipping save - no initial state loaded yet
[90mstdout[2m | src/components/Editor3/Editor.stories.jsx[2m > [22m[2mKeyboard Shortcuts Block Types
[22m[39m[Editor onChange] Skipping save - no initial state loaded yet
[90mstdout[2m | src/components/Editor3/Editor.stories.jsx[2m > [22m[2mKeyboard Shortcuts Block Types
[22m[39m[Editor onChange] Skipping save - no initial state loaded yet
[90mstdout[2m | src/components/Editor3/Editor.stories.jsx[2m > [22m[2mKeyboard Shortcuts Block Types
[22m[39m[Editor onChange] Skipping save - no initial state loaded yet
[90mstdout[2m | src/components/Editor3/Editor.stories.jsx[2m > [22m[2mKeyboard Shortcuts Block Types
[22m[39m[Editor onChange] Skipping save - no initial state loaded yet
[90mstdout[2m | src/components/Editor3/Editor.stories.jsx[2m > [22m[2mKeyboard Shortcuts Block Types
[22m[39m[Editor onChange] Skipping save - no initial state loaded yet
[90mstdout[2m | src/components/Editor3/Editor.stories.jsx[2m > [22m[2mKeyboard Shortcuts Block Types
[22m[39m[Editor onChange] Skipping save - no initial state loaded yet
[90mstdout[2m | src/components/Editor3/Editor.stories.jsx[2m > [22m[2mKeyboard Shortcuts Block Types
[22m[39m[Editor onChange] Skipping save - no initial state loaded yet
[90mstdout[2m | src/components/Editor3/Editor.stories.jsx[2m > [22m[2mKeyboard Shortcuts Block Types
[22m[39m🔑 ENTER KEY pressed in editor
[90mstdout[2m | src/components/Editor3/Editor.stories.jsx[2m > [22m[2mKeyboard Shortcuts Block Types
[22m[39m❌ Not in a code node
[90mstdout[2m | src/components/Editor3/Editor.stories.jsx[2m > [22m[2mKeyboard Shortcuts Block Types
[22m[39m[Editor onChange] Skipping save - no initial state loaded yet
[90mstdout[2m | src/components/Editor3/Editor.stories.jsx[2m > [22m[2mKeyboard Shortcuts Block Types
[22m[39m[Editor onChange] Skipping save - no initial state loaded yet
[90mstdout[2m | src/components/Editor3/Editor.stories.jsx[2m > [22m[2mKeyboard Shortcuts Block Types
[22m[39m[Editor onChange] Skipping save - no initial state loaded yet
[90mstdout[2m | src/components/Editor3/Editor.stories.jsx[2m > [22m[2mKeyboard Shortcuts Block Types
[22m[39m[Editor onChange] Skipping save - no initial state loaded yet
[90mstdout[2m | src/components/Editor3/Editor.stories.jsx[2m > [22m[2mKeyboard Shortcuts Block Types
[22m[39m[Editor onChange] Skipping save - no initial state loaded yet
[90mstdout[2m | src/components/Editor3/Editor.stories.jsx[2m > [22m[2mKeyboard Shortcuts Block Types
[22m[39m[Editor onChange] Skipping save - no initial state loaded yet
[90mstdout[2m | src/components/Editor3/Editor.stories.jsx[2m > [22m[2mKeyboard Shortcuts Block Types
[22m[39m[Editor onChange] Skipping save - no initial state loaded yet
[90mstdout[2m | src/components/Editor3/Editor.stories.jsx[2m > [22m[2mKeyboard Shortcuts Block Types
[22m[39m[Editor onChange] Skipping save - no initial state loaded yet
[90mstdout[2m | src/components/Editor3/Editor.stories.jsx[2m > [22m[2mKeyboard Shortcuts Block Types
[22m[39m[Editor onChange] Skipping save - no initial state loaded yet
[90mstdout[2m | src/components/Editor3/Editor.stories.jsx[2m > [22m[2mKeyboard Shortcuts Block Types
[22m[39m[Editor onChange] Skipping save - no initial state loaded yet
[90mstdout[2m | src/components/Editor3/Editor.stories.jsx[2m > [22m[2mKeyboard Shortcuts Block Types
[22m[39m[Editor onChange] Skipping save - no initial state loaded yet
[90mstdout[2m | src/components/Editor3/Editor.stories.jsx[2m > [22m[2mKeyboard Shortcuts Block Types
[22m[39m[Editor onChange] Skipping save - no initial state loaded yet
[90mstdout[2m | src/components/Editor3/Editor.stories.jsx[2m > [22m[2mKeyboard Shortcuts Block Types
[22m[39m🔑 ENTER KEY pressed in editor
[90mstdout[2m | src/components/Editor3/Editor.stories.jsx[2m > [22m[2mKeyboard Shortcuts Block Types
[22m[39m❌ Not in a code node
[90mstdout[2m | src/components/Editor3/Editor.stories.jsx[2m > [22m[2mKeyboard Shortcuts Block Types
[22m[39m[Editor onChange] Skipping save - no initial state loaded yet
[90mstdout[2m | src/components/Editor3/Editor.stories.jsx[2m > [22m[2mKeyboard Shortcuts Block Types
[22m[39m[Editor onChange] Skipping save - no initial state loaded yet
[90mstdout[2m | src/components/Editor3/Editor.stories.jsx[2m > [22m[2mKeyboard Shortcuts Block Types
[22m[39m[Editor onChange] Skipping save - no initial state loaded yet
[90mstdout[2m | src/components/Editor3/Editor.stories.jsx[2m > [22m[2mKeyboard Shortcuts Block Types
[22m[39m[Editor onChange] Skipping save - no initial state loaded yet
[90mstdout[2m | src/components/Editor3/Editor.stories.jsx[2m > [22m[2mKeyboard Shortcuts Block Types
[22m[39m[Editor onChange] Skipping save - no initial state loaded yet
[90mstdout[2m | src/components/Editor3/Editor.stories.jsx[2m > [22m[2mKeyboard Shortcuts Block Types
[22m[39m[Editor onChange] Skipping save - no initial state loaded yet
[90mstdout[2m | src/components/Editor3/Editor.stories.jsx[2m > [22m[2mKeyboard Shortcuts Block Types
[22m[39m[Editor onChange] Skipping save - no initial state loaded yet
[90mstdout[2m | src/components/Editor3/Editor.stories.jsx[2m > [22m[2mKeyboard Shortcuts Block Types
[22m[39m[Editor onChange] Skipping save - no initial state loaded yet
[90mstdout[2m | src/components/Editor3/Editor.stories.jsx[2m > [22m[2mKeyboard Shortcuts Block Types
[22m[39m[Editor onChange] Skipping save - no initial state loaded yet
[90mstdout[2m | src/components/Editor3/Editor.stories.jsx[2m > [22m[2mKeyboard Shortcuts Block Types
[22m[39m[Editor onChange] Skipping save - no initial state loaded yet
[90mstdout[2m | src/components/Editor3/Editor.stories.jsx[2m > [22m[2mKeyboard Shortcuts Block Types
[22m[39m[Editor onChange] Skipping save - no initial state loaded yet
[90mstdout[2m | src/components/Editor3/Editor.stories.jsx[2m > [22m[2mKeyboard Shortcuts Block Types
[22m[39m🔑 ENTER KEY pressed in editor
[90mstdout[2m | src/components/Editor3/Editor.stories.jsx[2m > [22m[2mKeyboard Shortcuts Block Types
[22m[39m❌ Not in a code node
[90mstdout[2m | src/components/Editor3/Editor.stories.jsx[2m > [22m[2mKeyboard Shortcuts Block Types
[22m[39m[Editor onChange] Skipping save - no initial state loaded yet
[90mstdout[2m | src/components/Editor3/Editor.stories.jsx[2m > [22m[2mKeyboard Shortcuts Block Types
[22m[39m[Editor onChange] Skipping save - no initial state loaded yet
[90mstdout[2m | src/components/Editor3/Editor.stories.jsx[2m > [22m[2mKeyboard Shortcuts Block Types
[22m[39m[Editor onChange] Skipping save - no initial state loaded yet
[90mstdout[2m | src/components/Editor3/Editor.stories.jsx[2m > [22m[2mKeyboard Shortcuts Block Types
[22m[39m[Editor onChange] Skipping save - no initial state loaded yet
[90mstdout[2m | src/components/Editor3/Editor.stories.jsx[2m > [22m[2mKeyboard Shortcuts Block Types
[22m[39m[Editor onChange] Skipping save - no initial state loaded yet
[90mstdout[2m | src/components/Editor3/Editor.stories.jsx[2m > [22m[2mKeyboard Shortcuts Block Types
[22m[39m[Editor onChange] Skipping save - no initial state loaded yet
[90mstdout[2m | src/components/Editor3/Editor.stories.jsx[2m > [22m[2mKeyboard Shortcuts Block Types
[22m[39m[Editor onChange] Skipping save - no initial state loaded yet
[90mstdout[2m | src/components/Editor3/Editor.stories.jsx[2m > [22m[2mKeyboard Shortcuts Block Types
[22m[39m[Editor onChange] Skipping save - no initial state loaded yet
[90mstdout[2m | src/components/Editor3/Editor.stories.jsx[2m > [22m[2mKeyboard Shortcuts Block Types
[22m[39m[Editor onChange] Skipping save - no initial state loaded yet
[90mstdout[2m | src/components/Editor3/Editor.stories.jsx[2m > [22m[2mKeyboard Shortcuts Block Types
[22m[39m[Editor onChange] Skipping save - no initial state loaded yet
[90mstdout[2m | src/components/Editor3/Editor.stories.jsx[2m > [22m[2mKeyboard Shortcuts Block Types
[22m[39m🔑 ENTER KEY pressed in editor
[90mstdout[2m | src/components/Editor3/Editor.stories.jsx[2m > [22m[2mKeyboard Shortcuts Block Types
[22m[39m❌ Not in a code node
[90mstdout[2m | src/components/Editor3/Editor.stories.jsx[2m > [22m[2mKeyboard Shortcuts Block Types
[22m[39m[Editor onChange] Skipping save - no initial state loaded yet
[90mstdout[2m | src/components/Editor3/Editor.stories.jsx[2m > [22m[2mKeyboard Shortcuts Block Types
[22m[39m[Editor onChange] Skipping save - no initial state loaded yet
[90mstdout[2m | src/components/Editor3/Editor.stories.jsx[2m > [22m[2mKeyboard Shortcuts Block Types
[22m[39m[Editor onChange] Skipping save - no initial state loaded yet
[90mstdout[2m | src/components/Editor3/Editor.stories.jsx[2m > [22m[2mKeyboard Shortcuts Block Types
[22m[39m[Editor onChange] Skipping save - no initial state loaded yet
[90mstdout[2m | src/components/Editor3/Editor.stories.jsx[2m > [22m[2mKeyboard Shortcuts Block Types
[22m[39m[Editor onChange] Skipping save - no initial state loaded yet
[90mstdout[2m | src/components/Editor3/Editor.stories.jsx[2m > [22m[2mKeyboard Shortcuts Block Types
[22m[39m[Editor onChange] Skipping save - no initial state loaded yet
[90mstdout[2m | src/components/Editor3/Editor.stories.jsx[2m > [22m[2mKeyboard Shortcuts Block Types
[22m[39m[Editor onChange] Skipping save - no initial state loaded yet
[90mstdout[2m | src/components/Editor3/Editor.stories.jsx[2m > [22m[2mKeyboard Shortcuts Block Types
[22m[39m[Editor onChange] Skipping save - no initial state loaded yet
[90mstdout[2m | src/components/Editor3/Editor.stories.jsx[2m > [22m[2mKeyboard Shortcuts Block Types
[22m[39m[Editor onChange] Skipping save - no initial state loaded yet
[90mstdout[2m | src/components/Editor3/Editor.stories.jsx[2m > [22m[2mKeyboard Shortcuts Block Types
[22m[39m🔑 ENTER KEY pressed in editor
[90mstdout[2m | src/components/Editor3/Editor.stories.jsx[2m > [22m[2mKeyboard Shortcuts Block Types
[22m[39m❌ Not in a code node
[90mstdout[2m | src/components/Editor3/Editor.stories.jsx[2m > [22m[2mKeyboard Shortcuts Block Types
[22m[39m🔑 ENTER KEY pressed in editor
[90mstdout[2m | src/components/Editor3/Editor.stories.jsx[2m > [22m[2mKeyboard Shortcuts Block Types
[22m[39m❌ Not in a code node
[90mstdout[2m | src/components/Editor3/Editor.stories.jsx[2m > [22m[2mKeyboard Shortcuts Block Types
[22m[39m[Editor onChange] Skipping save - no initial state loaded yet
[90mstdout[2m | src/components/Editor3/Editor.stories.jsx[2m > [22m[2mKeyboard Shortcuts Block Types
[22m[39m[Editor onChange] Skipping save - no initial state loaded yet
[90mstdout[2m | src/components/Editor3/Editor.stories.jsx[2m > [22m[2mKeyboard Shortcuts Block Types
[22m[39m[Editor onChange] Skipping save - no initial state loaded yet
[90mstdout[2m | src/components/Editor3/Editor.stories.jsx[2m > [22m[2mKeyboard Shortcuts Block Types
[22m[39m[Editor onChange] Skipping save - no initial state loaded yet
[90mstdout[2m | src/components/Editor3/Editor.stories.jsx[2m > [22m[2mKeyboard Shortcuts Block Types
[22m[39m[Editor onChange] Skipping save - no initial state loaded yet
[90mstdout[2m | src/components/Editor3/Editor.stories.jsx[2m > [22m[2mKeyboard Shortcuts Block Types
[22m[39m[Editor onChange] Skipping save - no initial state loaded yet
[90mstdout[2m | src/components/Editor3/Editor.stories.jsx[2m > [22m[2mKeyboard Shortcuts Block Types
[22m[39m[Editor onChange] Skipping save - no initial state loaded yet
[90mstdout[2m | src/components/Editor3/Editor.stories.jsx[2m > [22m[2mKeyboard Shortcuts Block Types
[22m[39m[Editor onChange] Skipping save - no initial state loaded yet
[90mstdout[2m | src/components/Editor3/Editor.stories.jsx[2m > [22m[2mKeyboard Shortcuts Block Types
[22m[39m[Editor onChange] Skipping save - no initial state loaded yet
[90mstdout[2m | src/components/Editor3/Editor.stories.jsx[2m > [22m[2mKeyboard Shortcuts Block Types
[22m[39m[Editor onChange] Skipping save - no initial state loaded yet
[90mstdout[2m | src/components/Editor3/Editor.stories.jsx[2m > [22m[2mKeyboard Shortcuts Block Types
[22m[39m[Editor onChange] Skipping save - no initial state loaded yet
[90mstdout[2m | src/components/Editor3/Editor.stories.jsx[2m > [22m[2mKeyboard Shortcuts Block Types
[22m[39m[Editor onChange] Skipping save - no initial state loaded yet
[90mstdout[2m | src/components/Editor3/Editor.stories.jsx[2m > [22m[2mKeyboard Shortcuts Block Types
[22m[39m🔑 ENTER KEY pressed in editor
[90mstdout[2m | src/components/Editor3/Editor.stories.jsx[2m > [22m[2mKeyboard Shortcuts Block Types
[22m[39m❌ Not in a code node
[90mstdout[2m | src/components/Editor3/Editor.stories.jsx[2m > [22m[2mKeyboard Shortcuts Block Types
[22m[39m[Editor onChange] Skipping save - no initial state loaded yet
[90mstdout[2m | src/components/Editor3/Editor.stories.jsx[2m > [22m[2mKeyboard Shortcuts Block Types
[22m[39m[Editor onChange] Skipping save - no initial state loaded yet
[90mstdout[2m | src/components/Editor3/Editor.stories.jsx[2m > [22m[2mKeyboard Shortcuts Block Types
[22m[39m[Editor onChange] Skipping save - no initial state loaded yet
[90mstdout[2m | src/components/Editor3/Editor.stories.jsx[2m > [22m[2mKeyboard Shortcuts Block Types
[22m[39m[Editor onChange] Skipping save - no initial state loaded yet
[90mstdout[2m | src/components/Editor3/Editor.stories.jsx[2m > [22m[2mKeyboard Shortcuts Block Types
[22m[39m[Editor onChange] Skipping save - no initial state loaded yet
[90mstdout[2m | src/components/Editor3/Editor.stories.jsx[2m > [22m[2mKeyboard Shortcuts Block Types
[22m[39m[Editor onChange] Skipping save - no initial state loaded yet
[90mstdout[2m | src/components/Editor3/Editor.stories.jsx[2m > [22m[2mKeyboard Shortcuts Block Types
[22m[39m[Editor onChange] Skipping save - no initial state loaded yet
[90mstdout[2m | src/components/Editor3/Editor.stories.jsx[2m > [22m[2mKeyboard Shortcuts Block Types
[22m[39m[Editor onChange] Skipping save - no initial state loaded yet
[90mstdout[2m | src/components/Editor3/Editor.stories.jsx[2m > [22m[2mKeyboard Shortcuts Block Types
[22m[39m[Editor onChange] Skipping save - no initial state loaded yet
[90mstdout[2m | src/components/Editor3/Editor.stories.jsx[2m > [22m[2mKeyboard Shortcuts Block Types
[22m[39m[Editor onChange] Skipping save - no initial state loaded yet
[90mstdout[2m | src/components/Editor3/Editor.stories.jsx[2m > [22m[2mKeyboard Shortcuts Block Types
[22m[39m[Editor onChange] Skipping save - no initial state loaded yet
[90mstdout[2m | src/components/Editor3/Editor.stories.jsx[2m > [22m[2mKeyboard Shortcuts Block Types
[22m[39m🔑 ENTER KEY pressed in editor
[90mstdout[2m | src/components/Editor3/Editor.stories.jsx[2m > [22m[2mKeyboard Shortcuts Block Types
[22m[39m❌ Not in a code node
[90mstdout[2m | src/components/Editor3/Editor.stories.jsx[2m > [22m[2mKeyboard Shortcuts Block Types
[22m[39m[Editor onChange] Skipping save - no initial state loaded yet
[90mstdout[2m | src/components/Editor3/Editor.stories.jsx[2m > [22m[2mKeyboard Shortcuts Block Types
[22m[39m[Editor onChange] Skipping save - no initial state loaded yet
[90mstdout[2m | src/components/Editor3/Editor.stories.jsx[2m > [22m[2mKeyboard Shortcuts Block Types
[22m[39m[Editor onChange] Skipping save - no initial state loaded yet
[90mstdout[2m | src/components/Editor3/Editor.stories.jsx[2m > [22m[2mKeyboard Shortcuts Block Types
[22m[39m[Editor onChange] Skipping save - no initial state loaded yet
[90mstdout[2m | src/components/Editor3/Editor.stories.jsx[2m > [22m[2mKeyboard Shortcuts Block Types
[22m[39m[Editor onChange] Skipping save - no initial state loaded yet
[90mstdout[2m | src/components/Editor3/Editor.stories.jsx[2m > [22m[2mKeyboard Shortcuts Block Types
[22m[39m[Editor onChange] Skipping save - no initial state loaded yet
[90mstdout[2m | src/components/Editor3/Editor.stories.jsx[2m > [22m[2mKeyboard Shortcuts Block Types
[22m[39m[Editor onChange] Skipping save - no initial state loaded yet
[90mstdout[2m | src/components/Editor3/Editor.stories.jsx[2m > [22m[2mKeyboard Shortcuts Block Types
[22m[39m[Editor onChange] Skipping save - no initial state loaded yet
[90mstdout[2m | src/components/Editor3/Editor.stories.jsx[2m > [22m[2mKeyboard Shortcuts Block Types
[22m[39m[Editor onChange] Skipping save - no initial state loaded yet
[90mstdout[2m | src/components/Editor3/Editor.stories.jsx[2m > [22m[2mKeyboard Shortcuts Block Types
[22m[39m[Editor onChange] Skipping save - no initial state loaded yet
[90mstdout[2m | src/components/Editor3/Editor.stories.jsx[2m > [22m[2mKeyboard Shortcuts Block Types
[22m[39m🔑 ENTER KEY pressed in editor
[90mstdout[2m | src/components/Editor3/Editor.stories.jsx[2m > [22m[2mKeyboard Shortcuts Block Types
[22m[39m❌ Not in a code node
[90mstdout[2m | src/components/Editor3/Editor.stories.jsx[2m > [22m[2mKeyboard Shortcuts Block Types
[22m[39m🔑 ENTER KEY pressed in editor
[90mstdout[2m | src/components/Editor3/Editor.stories.jsx[2m > [22m[2mKeyboard Shortcuts Block Types
[22m[39m❌ Not in a code node
[90mstdout[2m | src/components/Editor3/Editor.stories.jsx[2m > [22m[2mKeyboard Shortcuts Block Types
[22m[39m[Editor onChange] Skipping save - no initial state loaded yet
[90mstdout[2m | src/components/Editor3/Editor.stories.jsx[2m > [22m[2mKeyboard Shortcuts Block Types
[22m[39m[Editor onChange] Skipping save - no initial state loaded yet
[90mstdout[2m | src/components/Editor3/Editor.stories.jsx[2m > [22m[2mKeyboard Shortcuts Block Types
[22m[39m[Editor onChange] Skipping save - no initial state loaded yet
[90mstdout[2m | src/components/Editor3/Editor.stories.jsx[2m > [22m[2mKeyboard Shortcuts Block Types
[22m[39m[Editor onChange] Skipping save - no initial state loaded yet
[90mstdout[2m | src/components/Editor3/Editor.stories.jsx[2m > [22m[2mKeyboard Shortcuts Block Types
[22m[39m[Editor onChange] Skipping save - no initial state loaded yet
[90mstdout[2m | src/components/Editor3/Editor.stories.jsx[2m > [22m[2mKeyboard Shortcuts Block Types
[22m[39m[Editor onChange] Skipping save - no initial state loaded yet
[90mstdout[2m | src/components/Editor3/Editor.stories.jsx[2m > [22m[2mKeyboard Shortcuts Block Types
[22m[39m[Editor onChange] Skipping save - no initial state loaded yet
[90mstdout[2m | src/components/Editor3/Editor.stories.jsx[2m > [22m[2mKeyboard Shortcuts Block Types
[22m[39m[Editor onChange] Skipping save - no initial state loaded yet
[90mstdout[2m | src/components/Editor3/Editor.stories.jsx[2m > [22m[2mKeyboard Shortcuts Block Types
[22m[39m[Editor onChange] Skipping save - no initial state loaded yet
[90mstdout[2m | src/components/Editor3/Editor.stories.jsx[2m > [22m[2mKeyboard Shortcuts Block Types
[22m[39m[Editor onChange] Skipping save - no initial state loaded yet
[90mstdout[2m | src/components/Editor3/Editor.stories.jsx[2m > [22m[2mKeyboard Shortcuts Block Types
[22m[39m[Editor onChange] Skipping save - no initial state loaded yet
[90mstdout[2m | src/components/Editor3/Editor.stories.jsx[2m > [22m[2mKeyboard Shortcuts Block Types
[22m[39m[Editor onChange] Skipping save - no initial state loaded yet
[90mstdout[2m | src/components/Editor3/Editor.stories.jsx[2m > [22m[2mKeyboard Shortcuts Block Types
[22m[39m[Editor onChange] Skipping save - no initial state loaded yet
[90mstdout[2m | src/components/Editor3/Editor.stories.jsx[2m > [22m[2mKeyboard Shortcuts Block Types
[22m[39m[Editor onChange] Skipping save - no initial state loaded yet
[90mstdout[2m | src/components/Editor3/Editor.stories.jsx[2m > [22m[2mKeyboard Shortcuts Block Types
[22m[39m[Editor onChange] Skipping save - no initial state loaded yet
[90mstdout[2m | src/components/Editor3/Editor.stories.jsx[2m > [22m[2mKeyboard Shortcuts Block Types
[22m[39m[Editor onChange] Skipping save - no initial state loaded yet
[90mstdout[2m | src/components/Editor3/Editor.stories.jsx[2m > [22m[2mKeyboard Shortcuts Block Types
[22m[39m[Editor onChange] Skipping save - no initial state loaded yet
[90mstdout[2m | src/components/Editor3/Editor.stories.jsx[2m > [22m[2mKeyboard Shortcuts Block Types
[22m[39m[Editor onChange] Skipping save - no initial state loaded yet
[90mstdout[2m | src/components/Editor3/Editor.stories.jsx[2m > [22m[2mKeyboard Shortcuts Block Types
[22m[39m[Editor onChange] Skipping save - no initial state loaded yet
[90mstdout[2m | src/components/Editor3/Editor.stories.jsx[2m > [22m[2mKeyboard Shortcuts Block Types
[22m[39m[Editor onChange] Skipping save - no initial state loaded yet
[90mstdout[2m | src/components/Editor3/Editor.stories.jsx[2m > [22m[2mKeyboard Shortcuts Block Types
[22m[39m[Editor onChange] Skipping save - no initial state loaded yet
[90mstdout[2m | src/components/Editor3/Editor.stories.jsx[2m > [22m[2mKeyboard Shortcuts Block Types
[22m[39m[Editor onChange] Skipping save - no initial state loaded yet
[90mstdout[2m | src/components/Editor3/Editor.stories.jsx[2m > [22m[2mKeyboard Shortcuts Block Types
[22m[39m[Editor onChange] Skipping save - no initial state loaded yet
[90mstdout[2m | src/components/Editor3/Editor.stories.jsx[2m > [22m[2mKeyboard Shortcuts Block Types
[22m[39m🔑 ENTER KEY pressed in editor
[90mstdout[2m | src/components/Editor3/Editor.stories.jsx[2m > [22m[2mKeyboard Shortcuts Block Types
[22m[39m❌ Not in a code node
[90mstdout[2m | src/components/Editor3/Editor.stories.jsx[2m > [22m[2mKeyboard Shortcuts Block Types
[22m[39m[Editor onChange] Skipping save - no initial state loaded yet
[90mstdout[2m | src/components/Editor3/Editor.stories.jsx[2m > [22m[2mKeyboard Shortcuts Block Types
[22m[39m🔑 ENTER KEY pressed in editor
[90mstdout[2m | src/components/Editor3/Editor.stories.jsx[2m > [22m[2mKeyboard Shortcuts Block Types
[22m[39m❌ Not in a code node
[90mstdout[2m | src/components/Editor3/Editor.stories.jsx[2m > [22m[2mKeyboard Shortcuts Block Types
[22m[39m[Editor onChange] Skipping save - no initial state loaded yet
[90mstdout[2m | src/components/Editor3/Editor.stories.jsx[2m > [22m[2mKeyboard Shortcuts Block Types
[22m[39m[Editor onChange] Skipping save - no initial state loaded yet
[90mstdout[2m | src/components/Editor3/Editor.stories.jsx[2m > [22m[2mKeyboard Shortcuts Block Types
[22m[39m[Editor onChange] Skipping save - no initial state loaded yet
[90mstdout[2m | src/components/Editor3/Editor.stories.jsx[2m > [22m[2mKeyboard Shortcuts Block Types
[22m[39m[Editor onChange] Skipping save - no initial state loaded yet
[90mstdout[2m | src/components/Editor3/Editor.stories.jsx[2m > [22m[2mKeyboard Shortcuts Block Types
[22m[39m[Editor onChange] Skipping save - no initial state loaded yet
[90mstdout[2m | src/components/Editor3/Editor.stories.jsx[2m > [22m[2mKeyboard Shortcuts Block Types
[22m[39m[Editor onChange] Skipping save - no initial state loaded yet
[90mstdout[2m | src/components/Editor3/Editor.stories.jsx[2m > [22m[2mKeyboard Shortcuts Block Types
[22m[39m[Editor onChange] Skipping save - no initial state loaded yet
[90mstdout[2m | src/components/Editor3/Editor.stories.jsx[2m > [22m[2mKeyboard Shortcuts Block Types
[22m[39m[Editor onChange] Skipping save - no initial state loaded yet
[90mstdout[2m | src/components/Editor3/Editor.stories.jsx[2m > [22m[2mKeyboard Shortcuts Block Types
[22m[39m[Editor onChange] Skipping save - no initial state loaded yet
[90mstdout[2m | src/components/Editor3/Editor.stories.jsx[2m > [22m[2mKeyboard Shortcuts Block Types
[22m[39m[Editor onChange] Skipping save - no initial state loaded yet
[90mstdout[2m | src/components/Editor3/Editor.stories.jsx[2m > [22m[2mKeyboard Shortcuts Block Types
[22m[39m[Editor onChange] Skipping save - no initial state loaded yet
[90mstdout[2m | src/components/Editor3/Editor.stories.jsx[2m > [22m[2mKeyboard Shortcuts Block Types
[22m[39m[Editor onChange] Skipping save - no initial state loaded yet
[90mstdout[2m | src/components/Editor3/Editor.stories.jsx[2m > [22m[2mKeyboard Shortcuts Block Types
[22m[39m[Editor onChange] Skipping save - no initial state loaded yet
[90mstdout[2m | src/components/Editor3/Editor.stories.jsx[2m > [22m[2mKeyboard Shortcuts Block Types
[22m[39m[Editor onChange] Skipping save - no initial state loaded yet
[90mstdout[2m | src/components/Editor3/Editor.stories.jsx[2m > [22m[2mKeyboard Shortcuts Block Types
[22m[39m[Editor onChange] Skipping save - no initial state loaded yet
[90mstdout[2m | src/components/Editor3/Editor.stories.jsx[2m > [22m[2mKeyboard Shortcuts Block Types
[22m[39m[Editor onChange] Skipping save - no initial state loaded yet
[90mstdout[2m | src/components/Editor3/Editor.stories.jsx[2m > [22m[2mKeyboard Shortcuts Block Types
[22m[39m[Editor onChange] Skipping save - no initial state loaded yet
[90mstdout[2m | src/components/Editor3/Editor.stories.jsx[2m > [22m[2mKeyboard Shortcuts Block Types
[22m[39m[Editor onChange] Skipping save - no initial state loaded yet
[90mstdout[2m | src/components/Editor3/Editor.stories.jsx[2m > [22m[2mKeyboard Shortcuts Block Types
[22m[39m[Editor onChange] Skipping save - no initial state loaded yet
[90mstdout[2m | src/components/Editor3/Editor.stories.jsx[2m > [22m[2mKeyboard Shortcuts Block Types
[22m[39m[Editor onChange] Skipping save - no initial state loaded yet
[90mstdout[2m | src/components/Editor3/Editor.stories.jsx[2m > [22m[2mKeyboard Shortcuts Block Types
[22m[39m[Editor onChange] Skipping save - no initial state loaded yet
[90mstdout[2m | src/components/Editor3/Editor.stories.jsx[2m > [22m[2mKeyboard Shortcuts Block Types
[22m[39m🔑 ENTER KEY pressed in editor
[90mstdout[2m | src/components/Editor3/Editor.stories.jsx[2m > [22m[2mKeyboard Shortcuts Block Types
[22m[39m✅ In code node
[90mstdout[2m | src/components/Editor3/Editor.stories.jsx[2m > [22m[2mKeyboard Shortcuts Block Types
[22m[39m📍 Cursor offset: 1, Node text length: 1
[90mstdout[2m | src/components/Editor3/Editor.stories.jsx[2m > [22m[2mKeyboard Shortcuts Block Types
[22m[39m📝 Node text: ";"
[90mstdout[2m | src/components/Editor3/Editor.stories.jsx[2m > [22m[2mKeyboard Shortcuts Block Types
[22m[39m[Editor onChange] Skipping save - no initial state loaded yet
[90mstdout[2m | src/components/Editor3/Editor.stories.jsx[2m > [22m[2mKeyboard Shortcuts Block Types
[22m[39m🔑 ENTER KEY pressed in editor
[90mstdout[2m | src/components/Editor3/Editor.stories.jsx[2m > [22m[2mKeyboard Shortcuts Block Types
[22m[39m❌ Not in a code node
[90mstdout[2m | src/components/Editor3/Editor.stories.jsx[2m > [22m[2mKeyboard Shortcuts Block Types
[22m[39m🔑 ENTER KEY pressed in editor
[90mstdout[2m | src/components/Editor3/Editor.stories.jsx[2m > [22m[2mKeyboard Shortcuts Block Types
[22m[39m❌ Not in a code node
[90mstdout[2m | src/components/Editor3/Editor.stories.jsx[2m > [22m[2mKeyboard Shortcuts Block Types
[22m[39m[Editor onChange] Skipping save - no initial state loaded yet
[90mstdout[2m | src/components/Editor3/Editor.stories.jsx[2m > [22m[2mKeyboard Shortcuts Block Types
[22m[39m[Editor onChange] Skipping save - no initial state loaded yet
[90mstdout[2m | src/components/Editor3/Editor.stories.jsx[2m > [22m[2mKeyboard Shortcuts Block Types
[22m[39m[Editor onChange] Skipping save - no initial state loaded yet
[90mstdout[2m | src/components/Editor3/Editor.stories.jsx[2m > [22m[2mKeyboard Shortcuts Block Types
[22m[39m[Editor onChange] Skipping save - no initial state loaded yet
[90mstdout[2m | src/components/Editor3/Editor.stories.jsx[2m > [22m[2mKeyboard Shortcuts Block Types
[22m[39m[Keyboard Shortcuts Demo] Section 7: Markdown Shortcuts
[90mstdout[2m | src/components/Editor3/Editor.stories.jsx[2m > [22m[2mKeyboard Shortcuts Block Types
[22m[39m[Editor onChange] Skipping save - no initial state loaded yet
[90mstdout[2m | src/components/Editor3/Editor.stories.jsx[2m > [22m[2mKeyboard Shortcuts Block Types
[22m[39m[Editor onChange] Skipping save - no initial state loaded yet
[90mstdout[2m | src/components/Editor3/Editor.stories.jsx[2m > [22m[2mKeyboard Shortcuts Block Types
[22m[39m[Editor onChange] Skipping save - no initial state loaded yet
[90mstdout[2m | src/components/Editor3/Editor.stories.jsx[2m > [22m[2mKeyboard Shortcuts Block Types
[22m[39m[Editor onChange] Skipping save - no initial state loaded yet
[90mstdout[2m | src/components/Editor3/Editor.stories.jsx[2m > [22m[2mKeyboard Shortcuts Block Types
[22m[39m[Editor onChange] Skipping save - no initial state loaded yet
[90mstdout[2m | src/components/Editor3/Editor.stories.jsx[2m > [22m[2mKeyboard Shortcuts Block Types
[22m[39m[Editor onChange] Skipping save - no initial state loaded yet
[90mstdout[2m | src/components/Editor3/Editor.stories.jsx[2m > [22m[2mKeyboard Shortcuts Block Types
[22m[39m[Editor onChange] Skipping save - no initial state loaded yet
[90mstdout[2m | src/components/Editor3/Editor.stories.jsx[2m > [22m[2mKeyboard Shortcuts Block Types
[22m[39m[Editor onChange] Skipping save - no initial state loaded yet
[90mstdout[2m | src/components/Editor3/Editor.stories.jsx[2m > [22m[2mKeyboard Shortcuts Block Types
[22m[39m[Editor onChange] Skipping save - no initial state loaded yet
[90mstdout[2m | src/components/Editor3/Editor.stories.jsx[2m > [22m[2mKeyboard Shortcuts Block Types
[22m[39m[Editor onChange] Skipping save - no initial state loaded yet
[90mstdout[2m | src/components/Editor3/Editor.stories.jsx[2m > [22m[2mKeyboard Shortcuts Block Types
[22m[39m[Editor onChange] Skipping save - no initial state loaded yet
[90mstdout[2m | src/components/Editor3/Editor.stories.jsx[2m > [22m[2mKeyboard Shortcuts Block Types
[22m[39m[Editor onChange] Skipping save - no initial state loaded yet
[90mstdout[2m | src/components/Editor3/Editor.stories.jsx[2m > [22m[2mKeyboard Shortcuts Block Types
[22m[39m[Editor onChange] Skipping save - no initial state loaded yet
[90mstdout[2m | src/components/Editor3/Editor.stories.jsx[2m > [22m[2mKeyboard Shortcuts Block Types
[22m[39m[Editor onChange] Skipping save - no initial state loaded yet
[90mstdout[2m | src/components/Editor3/Editor.stories.jsx[2m > [22m[2mKeyboard Shortcuts Block Types
[22m[39m[Editor onChange] Skipping save - no initial state loaded yet
[90mstdout[2m | src/components/Editor3/Editor.stories.jsx[2m > [22m[2mKeyboard Shortcuts Block Types
[22m[39m[Editor onChange] Skipping save - no initial state loaded yet
[90mstdout[2m | src/components/Editor3/Editor.stories.jsx[2m > [22m[2mKeyboard Shortcuts Block Types
[22m[39m[Editor onChange] Skipping save - no initial state loaded yet
[90mstdout[2m | src/components/Editor3/Editor.stories.jsx[2m > [22m[2mKeyboard Shortcuts Block Types
[22m[39m[Editor onChange] Skipping save - no initial state loaded yet
[90mstdout[2m | src/components/Editor3/Editor.stories.jsx[2m > [22m[2mKeyboard Shortcuts Block Types
[22m[39m[Editor onChange] Skipping save - no initial state loaded yet
[90mstdout[2m | src/components/Editor3/Editor.stories.jsx[2m > [22m[2mKeyboard Shortcuts Block Types
[22m[39m[Editor onChange] Skipping save - no initial state loaded yet
[90mstdout[2m | src/components/Editor3/Editor.stories.jsx[2m > [22m[2mKeyboard Shortcuts Block Types
[22m[39m[Editor onChange] Skipping save - no initial state loaded yet
[90mstdout[2m | src/components/Editor3/Editor.stories.jsx[2m > [22m[2mKeyboard Shortcuts Block Types
[22m[39m[Editor onChange] Skipping save - no initial state loaded yet
[90mstdout[2m | src/components/Editor3/Editor.stories.jsx[2m > [22m[2mKeyboard Shortcuts Block Types
[22m[39m[Editor onChange] Skipping save - no initial state loaded yet
[90mstdout[2m | src/components/Editor3/Editor.stories.jsx[2m > [22m[2mKeyboard Shortcuts Block Types
[22m[39m[Editor onChange] Skipping save - no initial state loaded yet
[90mstdout[2m | src/components/Editor3/Editor.stories.jsx[2m > [22m[2mKeyboard Shortcuts Block Types
[22m[39m[Editor onChange] Skipping save - no initial state loaded yet
[90mstdout[2m | src/components/Editor3/Editor.stories.jsx[2m > [22m[2mKeyboard Shortcuts Block Types
[22m[39m[Editor onChange] Skipping save - no initial state loaded yet
[90mstdout[2m | src/components/Editor3/Editor.stories.jsx[2m > [22m[2mKeyboard Shortcuts Block Types
[22m[39m[Editor onChange] Skipping save - no initial state loaded yet
[90mstdout[2m | src/components/Editor3/Editor.stories.jsx[2m > [22m[2mKeyboard Shortcuts Block Types
[22m[39m[Editor onChange] Skipping save - no initial state loaded yet
[90mstdout[2m | src/components/Editor3/Editor.stories.jsx[2m > [22m[2mKeyboard Shortcuts Block Types
[22m[39m[Editor onChange] Skipping save - no initial state loaded yet
[90mstdout[2m | src/components/Editor3/Editor.stories.jsx[2m > [22m[2mKeyboard Shortcuts Block Types
[22m[39m🔑 ENTER KEY pressed in editor
[90mstdout[2m | src/components/Editor3/Editor.stories.jsx[2m > [22m[2mKeyboard Shortcuts Block Types
[22m[39m❌ Not in a code node
[90mstdout[2m | src/components/Editor3/Editor.stories.jsx[2m > [22m[2mKeyboard Shortcuts Block Types
[22m[39m[Editor onChange] Skipping save - no initial state loaded yet
[90mstdout[2m | src/components/Editor3/Editor.stories.jsx[2m > [22m[2mKeyboard Shortcuts Block Types
[22m[39m[Editor onChange] Skipping save - no initial state loaded yet
[90mstdout[2m | src/components/Editor3/Editor.stories.jsx[2m > [22m[2mKeyboard Shortcuts Block Types
[22m[39m[Editor onChange] Skipping save - no initial state loaded yet
[90mstdout[2m | src/components/Editor3/Editor.stories.jsx[2m > [22m[2mKeyboard Shortcuts Block Types
[22m[39m[Editor onChange] Skipping save - no initial state loaded yet
[90mstdout[2m | src/components/Editor3/Editor.stories.jsx[2m > [22m[2mKeyboard Shortcuts Block Types
[22m[39m[Editor onChange] Skipping save - no initial state loaded yet
[90mstdout[2m | src/components/Editor3/Editor.stories.jsx[2m > [22m[2mKeyboard Shortcuts Block Types
[22m[39m[Editor onChange] Skipping save - no initial state loaded yet
[90mstdout[2m | src/components/Editor3/Editor.stories.jsx[2m > [22m[2mKeyboard Shortcuts Block Types
[22m[39m[Editor onChange] Skipping save - no initial state loaded yet
[90mstdout[2m | src/components/Editor3/Editor.stories.jsx[2m > [22m[2mKeyboard Shortcuts Block Types
[22m[39m[Editor onChange] Skipping save - no initial state loaded yet
[90mstdout[2m | src/components/Editor3/Editor.stories.jsx[2m > [22m[2mKeyboard Shortcuts Block Types
[22m[39m[Editor onChange] Skipping save - no initial state loaded yet
[90mstdout[2m | src/components/Editor3/Editor.stories.jsx[2m > [22m[2mKeyboard Shortcuts Block Types
[22m[39m[Editor onChange] Skipping save - no initial state loaded yet
[90mstdout[2m | src/components/Editor3/Editor.stories.jsx[2m > [22m[2mKeyboard Shortcuts Block Types
[22m[39m[Editor onChange] Skipping save - no initial state loaded yet
[90mstdout[2m | src/components/Editor3/Editor.stories.jsx[2m > [22m[2mKeyboard Shortcuts Block Types
[22m[39m[Editor onChange] Skipping save - no initial state loaded yet
[90mstdout[2m | src/components/Editor3/Editor.stories.jsx[2m > [22m[2mKeyboard Shortcuts Block Types
[22m[39m[Editor onChange] Skipping save - no initial state loaded yet
[90mstdout[2m | src/components/Editor3/Editor.stories.jsx[2m > [22m[2mKeyboard Shortcuts Block Types
[22m[39m[Editor onChange] Skipping save - no initial state loaded yet
[90mstdout[2m | src/components/Editor3/Editor.stories.jsx[2m > [22m[2mKeyboard Shortcuts Block Types
[22m[39m[Editor onChange] Skipping save - no initial state loaded yet
[90mstdout[2m | src/components/Editor3/Editor.stories.jsx[2m > [22m[2mKeyboard Shortcuts Block Types
[22m[39m[Editor onChange] Skipping save - no initial state loaded yet
[90mstdout[2m | src/components/Editor3/Editor.stories.jsx[2m > [22m[2mKeyboard Shortcuts Block Types
[22m[39m[Editor onChange] Skipping save - no initial state loaded yet
[90mstdout[2m | src/components/Editor3/Editor.stories.jsx[2m > [22m[2mKeyboard Shortcuts Block Types
[22m[39m[Editor onChange] Skipping save - no initial state loaded yet
[90mstdout[2m | src/components/Editor3/Editor.stories.jsx[2m > [22m[2mKeyboard Shortcuts Block Types
[22m[39m[Editor onChange] Skipping save - no initial state loaded yet
[90mstdout[2m | src/components/Editor3/Editor.stories.jsx[2m > [22m[2mKeyboard Shortcuts Block Types
[22m[39m[Editor onChange] Skipping save - no initial state loaded yet
[90mstdout[2m | src/components/Editor3/Editor.stories.jsx[2m > [22m[2mKeyboard Shortcuts Block Types
[22m[39m[Editor onChange] Skipping save - no initial state loaded yet
[90mstdout[2m | src/components/Editor3/Editor.stories.jsx[2m > [22m[2mKeyboard Shortcuts Block Types
[22m[39m[Editor onChange] Skipping save - no initial state loaded yet
[90mstdout[2m | src/components/Editor3/Editor.stories.jsx[2m > [22m[2mKeyboard Shortcuts Block Types
[22m[39m[Editor onChange] Skipping save - no initial state loaded yet
[90mstdout[2m | src/components/Editor3/Editor.stories.jsx[2m > [22m[2mKeyboard Shortcuts Block Types
[22m[39m[Editor onChange] Skipping save - no initial state loaded yet
[90mstdout[2m | src/components/Editor3/Editor.stories.jsx[2m > [22m[2mKeyboard Shortcuts Block Types
[22m[39m[Editor onChange] Skipping save - no initial state loaded yet
[90mstdout[2m | src/components/Editor3/Editor.stories.jsx[2m > [22m[2mKeyboard Shortcuts Block Types
[22m[39m[Editor onChange] Skipping save - no initial state loaded yet
[90mstdout[2m | src/components/Editor3/Editor.stories.jsx[2m > [22m[2mKeyboard Shortcuts Block Types
[22m[39m[Editor onChange] Skipping save - no initial state loaded yet
[90mstdout[2m | src/components/Editor3/Editor.stories.jsx[2m > [22m[2mKeyboard Shortcuts Block Types
[22m[39m🔑 ENTER KEY pressed in editor
[90mstdout[2m | src/components/Editor3/Editor.stories.jsx[2m > [22m[2mKeyboard Shortcuts Block Types
[22m[39m❌ Not in a code node
[90mstdout[2m | src/components/Editor3/Editor.stories.jsx[2m > [22m[2mKeyboard Shortcuts Block Types
[22m[39m[Editor onChange] Skipping save - no initial state loaded yet
[90mstdout[2m | src/components/Editor3/Editor.stories.jsx[2m > [22m[2mKeyboard Shortcuts Block Types
[22m[39m[Editor onChange] Skipping save - no initial state loaded yet
[90mstdout[2m | src/components/Editor3/Editor.stories.jsx[2m > [22m[2mKeyboard Shortcuts Block Types
[22m[39m[Editor onChange] Skipping save - no initial state loaded yet
[90mstdout[2m | src/components/Editor3/Editor.stories.jsx[2m > [22m[2mKeyboard Shortcuts Block Types
[22m[39m[Editor onChange] Skipping save - no initial state loaded yet
[90mstdout[2m | src/components/Editor3/Editor.stories.jsx[2m > [22m[2mKeyboard Shortcuts Block Types
[22m[39m[Editor onChange] Skipping save - no initial state loaded yet
[90mstdout[2m | src/components/Editor3/Editor.stories.jsx[2m > [22m[2mKeyboard Shortcuts Block Types
[22m[39m[Editor onChange] Skipping save - no initial state loaded yet
[90mstdout[2m | src/components/Editor3/Editor.stories.jsx[2m > [22m[2mKeyboard Shortcuts Block Types
[22m[39m[Editor onChange] Skipping save - no initial state loaded yet
[90mstdout[2m | src/components/Editor3/Editor.stories.jsx[2m > [22m[2mKeyboard Shortcuts Block Types
[22m[39m[Editor onChange] Skipping save - no initial state loaded yet
[90mstdout[2m | src/components/Editor3/Editor.stories.jsx[2m > [22m[2mKeyboard Shortcuts Block Types
[22m[39m[Editor onChange] Skipping save - no initial state loaded yet
[90mstdout[2m | src/components/Editor3/Editor.stories.jsx[2m > [22m[2mKeyboard Shortcuts Block Types
[22m[39m[Editor onChange] Skipping save - no initial state loaded yet
[90mstdout[2m | src/components/Editor3/Editor.stories.jsx[2m > [22m[2mKeyboard Shortcuts Block Types
[22m[39m[Editor onChange] Skipping save - no initial state loaded yet
[90mstdout[2m | src/components/Editor3/Editor.stories.jsx[2m > [22m[2mKeyboard Shortcuts Block Types
[22m[39m[Editor onChange] Skipping save - no initial state loaded yet
[90mstdout[2m | src/components/Editor3/Editor.stories.jsx[2m > [22m[2mKeyboard Shortcuts Block Types
[22m[39m[Editor onChange] Skipping save - no initial state loaded yet
[90mstdout[2m | src/components/Editor3/Editor.stories.jsx[2m > [22m[2mKeyboard Shortcuts Block Types
[22m[39m[Editor onChange] Skipping save - no initial state loaded yet
[90mstdout[2m | src/components/Editor3/Editor.stories.jsx[2m > [22m[2mKeyboard Shortcuts Block Types
[22m[39m[Editor onChange] Skipping save - no initial state loaded yet
[90mstdout[2m | src/components/Editor3/Editor.stories.jsx[2m > [22m[2mKeyboard Shortcuts Block Types
[22m[39m[Editor onChange] Skipping save - no initial state loaded yet
[90mstdout[2m | src/components/Editor3/Editor.stories.jsx[2m > [22m[2mKeyboard Shortcuts Block Types
[22m[39m[Editor onChange] Skipping save - no initial state loaded yet
[90mstdout[2m | src/components/Editor3/Editor.stories.jsx[2m > [22m[2mKeyboard Shortcuts Block Types
[22m[39m[Editor onChange] Skipping save - no initial state loaded yet
[90mstdout[2m | src/components/Editor3/Editor.stories.jsx[2m > [22m[2mKeyboard Shortcuts Block Types
[22m[39m[Editor onChange] Skipping save - no initial state loaded yet
[90mstdout[2m | src/components/Editor3/Editor.stories.jsx[2m > [22m[2mKeyboard Shortcuts Block Types
[22m[39m[Editor onChange] Skipping save - no initial state loaded yet
[90mstdout[2m | src/components/Editor3/Editor.stories.jsx[2m > [22m[2mKeyboard Shortcuts Block Types
[22m[39m[Editor onChange] Skipping save - no initial state loaded yet
[90mstdout[2m | src/components/Editor3/Editor.stories.jsx[2m > [22m[2mKeyboard Shortcuts Block Types
[22m[39m[Editor onChange] Skipping save - no initial state loaded yet
[90mstdout[2m | src/components/Editor3/Editor.stories.jsx[2m > [22m[2mKeyboard Shortcuts Block Types
[22m[39m[Editor onChange] Skipping save - no initial state loaded yet
[90mstdout[2m | src/components/Editor3/Editor.stories.jsx[2m > [22m[2mKeyboard Shortcuts Block Types
[22m[39m[Editor onChange] Skipping save - no initial state loaded yet
[90mstdout[2m | src/components/Editor3/Editor.stories.jsx[2m > [22m[2mKeyboard Shortcuts Block Types
[22m[39m[Editor onChange] Skipping save - no initial state loaded yet
[90mstdout[2m | src/components/Editor3/Editor.stories.jsx[2m > [22m[2mKeyboard Shortcuts Block Types
[22m[39m[Editor onChange] Skipping save - no initial state loaded yet
[90mstdout[2m | src/components/Editor3/Editor.stories.jsx[2m > [22m[2mKeyboard Shortcuts Block Types
[22m[39m[Editor onChange] Skipping save - no initial state loaded yet
[90mstdout[2m | src/components/Editor3/Editor.stories.jsx[2m > [22m[2mKeyboard Shortcuts Block Types
[22m[39m[Editor onChange] Skipping save - no initial state loaded yet
[90mstdout[2m | src/components/Editor3/Editor.stories.jsx[2m > [22m[2mKeyboard Shortcuts Block Types
[22m[39m🔑 ENTER KEY pressed in editor
[90mstdout[2m | src/components/Editor3/Editor.stories.jsx[2m > [22m[2mKeyboard Shortcuts Block Types
[22m[39m❌ Not in a code node
[90mstdout[2m | src/components/Editor3/Editor.stories.jsx[2m > [22m[2mKeyboard Shortcuts Block Types
[22m[39m🔑 ENTER KEY pressed in editor
[90mstdout[2m | src/components/Editor3/Editor.stories.jsx[2m > [22m[2mKeyboard Shortcuts Block Types
[22m[39m❌ Not in a code node
[90mstdout[2m | src/components/Editor3/Editor.stories.jsx[2m > [22m[2mKeyboard Shortcuts Block Types
[22m[39m[Editor onChange] Skipping save - no initial state loaded yet
[90mstdout[2m | src/components/Editor3/Editor.stories.jsx[2m > [22m[2mKeyboard Shortcuts Block Types
[22m[39m[Editor onChange] Skipping save - no initial state loaded yet
[90mstdout[2m | src/components/Editor3/Editor.stories.jsx[2m > [22m[2mKeyboard Shortcuts Block Types
[22m[39m[Editor onChange] Skipping save - no initial state loaded yet
[90mstdout[2m | src/components/Editor3/Editor.stories.jsx[2m > [22m[2mKeyboard Shortcuts Block Types
[22m[39m[Editor onChange] Skipping save - no initial state loaded yet
[90mstdout[2m | src/components/Editor3/Editor.stories.jsx[2m > [22m[2mKeyboard Shortcuts Block Types
[22m[39m[Editor onChange] Skipping save - no initial state loaded yet
[90mstdout[2m | src/components/Editor3/Editor.stories.jsx[2m > [22m[2mKeyboard Shortcuts Block Types
[22m[39m[Editor onChange] Skipping save - no initial state loaded yet
[90mstdout[2m | src/components/Editor3/Editor.stories.jsx[2m > [22m[2mKeyboard Shortcuts Block Types
[22m[39m[Editor onChange] Skipping save - no initial state loaded yet
[90mstdout[2m | src/components/Editor3/Editor.stories.jsx[2m > [22m[2mKeyboard Shortcuts Block Types
[22m[39m[Editor onChange] Skipping save - no initial state loaded yet
[90mstdout[2m | src/components/Editor3/Editor.stories.jsx[2m > [22m[2mKeyboard Shortcuts Block Types
[22m[39m[Editor onChange] Skipping save - no initial state loaded yet
[90mstdout[2m | src/components/Editor3/Editor.stories.jsx[2m > [22m[2mKeyboard Shortcuts Block Types
[22m[39m[Editor onChange] Skipping save - no initial state loaded yet
[90mstdout[2m | src/components/Editor3/Editor.stories.jsx[2m > [22m[2mKeyboard Shortcuts Block Types
[22m[39m[Editor onChange] Skipping save - no initial state loaded yet
[90mstdout[2m | src/components/Editor3/Editor.stories.jsx[2m > [22m[2mKeyboard Shortcuts Block Types
[22m[39m[Editor onChange] Skipping save - no initial state loaded yet
[90mstdout[2m | src/components/Editor3/Editor.stories.jsx[2m > [22m[2mKeyboard Shortcuts Block Types
[22m[39m[Editor onChange] Skipping save - no initial state loaded yet
[90mstdout[2m | src/components/Editor3/Editor.stories.jsx[2m > [22m[2mKeyboard Shortcuts Block Types
[22m[39m[Editor onChange] Skipping save - no initial state loaded yet
[90mstdout[2m | src/components/Editor3/Editor.stories.jsx[2m > [22m[2mKeyboard Shortcuts Block Types
[22m[39m[Editor onChange] Skipping save - no initial state loaded yet
[90mstdout[2m | src/components/Editor3/Editor.stories.jsx[2m > [22m[2mKeyboard Shortcuts Block Types
[22m[39m[Editor onChange] Skipping save - no initial state loaded yet
[90mstdout[2m | src/components/Editor3/Editor.stories.jsx[2m > [22m[2mKeyboard Shortcuts Block Types
[22m[39m[Editor onChange] Skipping save - no initial state loaded yet
[90mstdout[2m | src/components/Editor3/Editor.stories.jsx[2m > [22m[2mKeyboard Shortcuts Block Types
[22m[39m[Editor onChange] Skipping save - no initial state loaded yet
[90mstdout[2m | src/components/Editor3/Editor.stories.jsx[2m > [22m[2mKeyboard Shortcuts Block Types
[22m[39m[Editor onChange] Skipping save - no initial state loaded yet
[90mstdout[2m | src/components/Editor3/Editor.stories.jsx[2m > [22m[2mKeyboard Shortcuts Block Types
[22m[39m[Editor onChange] Skipping save - no initial state loaded yet
[90mstdout[2m | src/components/Editor3/Editor.stories.jsx[2m > [22m[2mKeyboard Shortcuts Block Types
[22m[39m[Editor onChange] Skipping save - no initial state loaded yet
[90mstdout[2m | src/components/Editor3/Editor.stories.jsx[2m > [22m[2mKeyboard Shortcuts Block Types
[22m[39m[Editor onChange] Skipping save - no initial state loaded yet
[90mstdout[2m | src/components/Editor3/Editor.stories.jsx[2m > [22m[2mKeyboard Shortcuts Block Types
[22m[39m[Editor onChange] Skipping save - no initial state loaded yet
[90mstdout[2m | src/components/Editor3/Editor.stories.jsx[2m > [22m[2mKeyboard Shortcuts Block Types
[22m[39m[Editor onChange] Skipping save - no initial state loaded yet
[90mstdout[2m | src/components/Editor3/Editor.stories.jsx[2m > [22m[2mKeyboard Shortcuts Block Types
[22m[39m[Editor onChange] Skipping save - no initial state loaded yet
[90mstdout[2m | src/components/Editor3/Editor.stories.jsx[2m > [22m[2mKeyboard Shortcuts Block Types
[22m[39m[Editor onChange] Skipping save - no initial state loaded yet
[90mstdout[2m | src/components/Editor3/Editor.stories.jsx[2m > [22m[2mKeyboard Shortcuts Block Types
[22m[39m[Editor onChange] Skipping save - no initial state loaded yet
[90mstdout[2m | src/components/Editor3/Editor.stories.jsx[2m > [22m[2mKeyboard Shortcuts Block Types
[22m[39m[Editor onChange] Skipping save - no initial state loaded yet
[90mstdout[2m | src/components/Editor3/Editor.stories.jsx[2m > [22m[2mKeyboard Shortcuts Block Types
[22m[39m[Editor onChange] Skipping save - no initial state loaded yet
[90mstdout[2m | src/components/Editor3/Editor.stories.jsx[2m > [22m[2mKeyboard Shortcuts Block Types
[22m[39m[Editor onChange] Skipping save - no initial state loaded yet
[90mstdout[2m | src/components/Editor3/Editor.stories.jsx[2m > [22m[2mKeyboard Shortcuts Block Types
[22m[39m🔑 ENTER KEY pressed in editor
[90mstdout[2m | src/components/Editor3/Editor.stories.jsx[2m > [22m[2mKeyboard Shortcuts Block Types
[22m[39m❌ Not in a code node
[90mstdout[2m | src/components/Editor3/Editor.stories.jsx[2m > [22m[2mKeyboard Shortcuts Block Types
[22m[39m🔑 ENTER KEY pressed in editor
[90mstdout[2m | src/components/Editor3/Editor.stories.jsx[2m > [22m[2mKeyboard Shortcuts Block Types
[22m[39m❌ Not in a code node
[90mstdout[2m | src/components/Editor3/Editor.stories.jsx[2m > [22m[2mKeyboard Shortcuts Block Types
[22m[39m[Editor onChange] Skipping save - no initial state loaded yet
[90mstdout[2m | src/components/Editor3/Editor.stories.jsx[2m > [22m[2mKeyboard Shortcuts Block Types
[22m[39m[Editor onChange] Skipping save - no initial state loaded yet
[90mstdout[2m | src/components/Editor3/Editor.stories.jsx[2m > [22m[2mKeyboard Shortcuts Block Types
[22m[39m[Editor onChange] Skipping save - no initial state loaded yet
[90mstdout[2m | src/components/Editor3/Editor.stories.jsx[2m > [22m[2mKeyboard Shortcuts Block Types
[22m[39m[Editor onChange] Skipping save - no initial state loaded yet
[90mstdout[2m | src/components/Editor3/Editor.stories.jsx[2m > [22m[2mKeyboard Shortcuts Block Types
[22m[39m[Editor onChange] Skipping save - no initial state loaded yet
[90mstdout[2m | src/components/Editor3/Editor.stories.jsx[2m > [22m[2mKeyboard Shortcuts Block Types
[22m[39m[Editor onChange] Skipping save - no initial state loaded yet
[90mstdout[2m | src/components/Editor3/Editor.stories.jsx[2m > [22m[2mKeyboard Shortcuts Block Types
[22m[39m[Editor onChange] Skipping save - no initial state loaded yet
[90mstdout[2m | src/components/Editor3/Editor.stories.jsx[2m > [22m[2mKeyboard Shortcuts Block Types
[22m[39m[Editor onChange] Skipping save - no initial state loaded yet
[90mstdout[2m | src/components/Editor3/Editor.stories.jsx[2m > [22m[2mKeyboard Shortcuts Block Types
[22m[39m[Editor onChange] Skipping save - no initial state loaded yet
[90mstdout[2m | src/components/Editor3/Editor.stories.jsx[2m > [22m[2mKeyboard Shortcuts Block Types
[22m[39m[Editor onChange] Skipping save - no initial state loaded yet
[90mstdout[2m | src/components/Editor3/Editor.stories.jsx[2m > [22m[2mKeyboard Shortcuts Block Types
[22m[39m[Editor onChange] Skipping save - no initial state loaded yet
[90mstdout[2m | src/components/Editor3/Editor.stories.jsx[2m > [22m[2mKeyboard Shortcuts Block Types
[22m[39m[Editor onChange] Skipping save - no initial state loaded yet
[90mstdout[2m | src/components/Editor3/Editor.stories.jsx[2m > [22m[2mKeyboard Shortcuts Block Types
[22m[39m[Editor onChange] Skipping save - no initial state loaded yet
[90mstdout[2m | src/components/Editor3/Editor.stories.jsx[2m > [22m[2mKeyboard Shortcuts Block Types
[22m[39m[Editor onChange] Skipping save - no initial state loaded yet
[90mstdout[2m | src/components/Editor3/Editor.stories.jsx[2m > [22m[2mKeyboard Shortcuts Block Types
[22m[39m[Editor onChange] Skipping save - no initial state loaded yet
[90mstdout[2m | src/components/Editor3/Editor.stories.jsx[2m > [22m[2mKeyboard Shortcuts Block Types
[22m[39m[Editor onChange] Skipping save - no initial state loaded yet
[90mstdout[2m | src/components/Editor3/Editor.stories.jsx[2m > [22m[2mKeyboard Shortcuts Block Types
[22m[39m[Editor onChange] Skipping save - no initial state loaded yet
[90mstdout[2m | src/components/Editor3/Editor.stories.jsx[2m > [22m[2mKeyboard Shortcuts Block Types
[22m[39m[Editor onChange] Skipping save - no initial state loaded yet
[90mstdout[2m | src/components/Editor3/Editor.stories.jsx[2m > [22m[2mKeyboard Shortcuts Block Types
[22m[39m[Editor onChange] Skipping save - no initial state loaded yet
[90mstdout[2m | src/components/Editor3/Editor.stories.jsx[2m > [22m[2mKeyboard Shortcuts Block Types
[22m[39m[Editor onChange] Skipping save - no initial state loaded yet
[90mstdout[2m | src/components/Editor3/Editor.stories.jsx[2m > [22m[2mKeyboard Shortcuts Block Types
[22m[39m[Editor onChange] Skipping save - no initial state loaded yet
[90mstdout[2m | src/components/Editor3/Editor.stories.jsx[2m > [22m[2mKeyboard Shortcuts Block Types
[22m[39m[Editor onChange] Skipping save - no initial state loaded yet
[90mstdout[2m | src/components/Editor3/Editor.stories.jsx[2m > [22m[2mKeyboard Shortcuts Block Types
[22m[39m[Editor onChange] Skipping save - no initial state loaded yet
[90mstdout[2m | src/components/Editor3/Editor.stories.jsx[2m > [22m[2mKeyboard Shortcuts Block Types
[22m[39m[Editor onChange] Skipping save - no initial state loaded yet
[90mstdout[2m | src/components/Editor3/Editor.stories.jsx[2m > [22m[2mKeyboard Shortcuts Block Types
[22m[39m[Editor onChange] Skipping save - no initial state loaded yet
[90mstdout[2m | src/components/Editor3/Editor.stories.jsx[2m > [22m[2mKeyboard Shortcuts Block Types
[22m[39m[Editor onChange] Skipping save - no initial state loaded yet
[90mstdout[2m | src/components/Editor3/Editor.stories.jsx[2m > [22m[2mKeyboard Shortcuts Block Types
[22m[39m🔑 ENTER KEY pressed in editor
[90mstdout[2m | src/components/Editor3/Editor.stories.jsx[2m > [22m[2mKeyboard Shortcuts Block Types
[22m[39m❌ Not in a code node
[90mstdout[2m | src/components/Editor3/Editor.stories.jsx[2m > [22m[2mKeyboard Shortcuts Block Types
[22m[39m[Editor onChange] Skipping save - no initial state loaded yet
[90mstdout[2m | src/components/Editor3/Editor.stories.jsx[2m > [22m[2mKeyboard Shortcuts Block Types
[22m[39m[Editor onChange] Skipping save - no initial state loaded yet
[90mstdout[2m | src/components/Editor3/Editor.stories.jsx[2m > [22m[2mKeyboard Shortcuts Block Types
[22m[39m[Editor onChange] Skipping save - no initial state loaded yet
[90mstdout[2m | src/components/Editor3/Editor.stories.jsx[2m > [22m[2mKeyboard Shortcuts Block Types
[22m[39m[Editor onChange] Skipping save - no initial state loaded yet
[90mstdout[2m | src/components/Editor3/Editor.stories.jsx[2m > [22m[2mKeyboard Shortcuts Block Types
[22m[39m[Editor onChange] Skipping save - no initial state loaded yet
[90mstdout[2m | src/components/Editor3/Editor.stories.jsx[2m > [22m[2mKeyboard Shortcuts Block Types
[22m[39m[Editor onChange] Skipping save - no initial state loaded yet
[90mstdout[2m | src/components/Editor3/Editor.stories.jsx[2m > [22m[2mKeyboard Shortcuts Block Types
[22m[39m[Editor onChange] Skipping save - no initial state loaded yet
[90mstdout[2m | src/components/Editor3/Editor.stories.jsx[2m > [22m[2mKeyboard Shortcuts Block Types
[22m[39m[Editor onChange] Skipping save - no initial state loaded yet
[90mstdout[2m | src/components/Editor3/Editor.stories.jsx[2m > [22m[2mKeyboard Shortcuts Block Types
[22m[39m[Editor onChange] Skipping save - no initial state loaded yet
[90mstdout[2m | src/components/Editor3/Editor.stories.jsx[2m > [22m[2mKeyboard Shortcuts Block Types
[22m[39m[Editor onChange] Skipping save - no initial state loaded yet
[90mstdout[2m | src/components/Editor3/Editor.stories.jsx[2m > [22m[2mKeyboard Shortcuts Block Types
[22m[39m[Editor onChange] Skipping save - no initial state loaded yet
[90mstdout[2m | src/components/Editor3/Editor.stories.jsx[2m > [22m[2mKeyboard Shortcuts Block Types
[22m[39m[Editor onChange] Skipping save - no initial state loaded yet
[90mstdout[2m | src/components/Editor3/Editor.stories.jsx[2m > [22m[2mKeyboard Shortcuts Block Types
[22m[39m[Editor onChange] Skipping save - no initial state loaded yet
[90mstdout[2m | src/components/Editor3/Editor.stories.jsx[2m > [22m[2mKeyboard Shortcuts Block Types
[22m[39m[Editor onChange] Skipping save - no initial state loaded yet
[90mstdout[2m | src/components/Editor3/Editor.stories.jsx[2m > [22m[2mKeyboard Shortcuts Block Types
[22m[39m[Editor onChange] Skipping save - no initial state loaded yet
[90mstdout[2m | src/components/Editor3/Editor.stories.jsx[2m > [22m[2mKeyboard Shortcuts Block Types
[22m[39m[Editor onChange] Skipping save - no initial state loaded yet
[90mstdout[2m | src/components/Editor3/Editor.stories.jsx[2m > [22m[2mKeyboard Shortcuts Block Types
[22m[39m[Editor onChange] Skipping save - no initial state loaded yet
[90mstdout[2m | src/components/Editor3/Editor.stories.jsx[2m > [22m[2mKeyboard Shortcuts Block Types
[22m[39m[Editor onChange] Skipping save - no initial state loaded yet
[90mstdout[2m | src/components/Editor3/Editor.stories.jsx[2m > [22m[2mKeyboard Shortcuts Block Types
[22m[39m🔑 ENTER KEY pressed in editor
[90mstdout[2m | src/components/Editor3/Editor.stories.jsx[2m > [22m[2mKeyboard Shortcuts Block Types
[22m[39m❌ Not in a code node
[90mstdout[2m | src/components/Editor3/Editor.stories.jsx[2m > [22m[2mKeyboard Shortcuts Block Types
[22m[39m🔑 ENTER KEY pressed in editor
[90mstdout[2m | src/components/Editor3/Editor.stories.jsx[2m > [22m[2mKeyboard Shortcuts Block Types
[22m[39m❌ Not in a code node
[90mstdout[2m | src/components/Editor3/Editor.stories.jsx[2m > [22m[2mKeyboard Shortcuts Block Types
[22m[39m[Editor onChange] Skipping save - no initial state loaded yet
[90mstdout[2m | src/components/Editor3/Editor.stories.jsx[2m > [22m[2mKeyboard Shortcuts Block Types
[22m[39m[Editor onChange] Skipping save - no initial state loaded yet
[90mstdout[2m | src/components/Editor3/Editor.stories.jsx[2m > [22m[2mKeyboard Shortcuts Block Types
[22m[39m[Editor onChange] Skipping save - no initial state loaded yet
[90mstdout[2m | src/components/Editor3/Editor.stories.jsx[2m > [22m[2mKeyboard Shortcuts Block Types
[22m[39m[Editor onChange] Skipping save - no initial state loaded yet
[90mstdout[2m | src/components/Editor3/Editor.stories.jsx[2m > [22m[2mKeyboard Shortcuts Block Types
[22m[39m[Editor onChange] Skipping save - no initial state loaded yet
[90mstdout[2m | src/components/Editor3/Editor.stories.jsx[2m > [22m[2mKeyboard Shortcuts Alignment
[22m[39m[ChatContext] Cleaning up subscriptions
[90mstdout[2m | src/components/Editor3/Editor.stories.jsx[2m > [22m[2mKeyboard Shortcuts Alignment
[22m[39m[Mock Data] Unit.onUpdate() subscription removed. Remaining: 0
[90mstdout[2m | src/components/Editor3/Editor.stories.jsx[2m > [22m[2mKeyboard Shortcuts Alignment
[22m[39m[useChatPageContext] Cleaning up page context
[90mstdout[2m | src/components/Editor3/Editor.stories.jsx[2m > [22m[2mKeyboard Shortcuts Alignment
[22m[39m[chatTools] Vector store search function registered: false
[90mstdout[2m | src/components/Editor3/Editor.stories.jsx[2m > [22m[2mKeyboard Shortcuts Alignment
[22m[39m[chatTools] Practice drill callback registered: false
[90mstdout[2m | src/components/Editor3/Editor.stories.jsx[2m > [22m[2mKeyboard Shortcuts Alignment
[22m[39m[Preview] Skipped initializing default mock data (initializeMockData=false)
[90mstdout[2m | src/components/Editor3/Editor.stories.jsx[2m > [22m[2mKeyboard Shortcuts Alignment
[22m[39m[Mock Data] seedMockUnit: Adding unit keyboard-shortcuts-alignment-id
[90mstdout[2m | src/components/Editor3/Editor.stories.jsx[2m > [22m[2mKeyboard Shortcuts Alignment
[22m[39m[MOCK CourseVectorStore] Initialized with mock data
[90mstdout[2m | src/components/Editor3/Editor.stories.jsx[2m > [22m[2mKeyboard Shortcuts Alignment
[22m[39m[useTabState] Initialized with: {
  "leftOpen": false,
  "leftTab": 4,
  "leftWidth": 350,
  "rightOpen": false,
  "rightTab": 5,
  "rightWidth": 350,
} from URL: {} localStorage: null defaults: {
  "defaultLeftTab": 4,
  "defaultRightTab": 5,
}
[90mstdout[2m | src/components/Editor3/Editor.stories.jsx[2m > [22m[2mKeyboard Shortcuts Alignment
[22m[39m[FileManager2] Files received from context: 0 []
[90mstdout[2m | src/components/Editor3/Editor.stories.jsx[2m > [22m[2mKeyboard Shortcuts Alignment
[22m[39m[FileManager2] Upload useEffect triggered. filesToUpload: 0 uploadInProgress: false
[90mstdout[2m | src/components/Editor3/Editor.stories.jsx[2m > [22m[2mKeyboard Shortcuts Alignment
[22m[39m[FileManager2] Skipping upload - no files or already in progress
[90mstdout[2m | src/components/Editor3/Editor.stories.jsx[2m > [22m[2mKeyboard Shortcuts Alignment
[22m[39m[chatTools] Vector store search function registered: true
[90mstdout[2m | src/components/Editor3/Editor.stories.jsx[2m > [22m[2mKeyboard Shortcuts Alignment
[22m[39m[ChatSidebar] Registered vector store search, isReady: false
[90mstdout[2m | src/components/Editor3/Editor.stories.jsx[2m > [22m[2mKeyboard Shortcuts Alignment
[22m[39m[chatTools] Practice drill callback registered: true
[90mstdout[2m | src/components/Editor3/Editor.stories.jsx[2m > [22m[2mKeyboard Shortcuts Alignment
[22m[39m[useChatPageContext] Registering page context: {
  "dictionaryCount": 0,
  "filesCount": 0,
  "hasEditorRef": true,
  "hasUnit": true,
  "hasVectorStoreSearch": true,
  "questionsCount": 0,
  "sectionsCount": 0,
}
[90mstdout[2m | src/components/Editor3/Editor.stories.jsx[2m > [22m[2mKeyboard Shortcuts Alignment
[22m[39m[TranslationModeController] Setting mode to: off
[90mstdout[2m | src/components/Editor3/Editor.stories.jsx[2m > [22m[2mKeyboard Shortcuts Alignment
[22m[39m[UnitContext] useEffect triggered {
  "authLoading": false,
  "hasUser": true,
  "id": "keyboard-shortcuts-alignment-id",
  "userSub": "mock-user-sub",
}
[90mstdout[2m | src/components/Editor3/Editor.stories.jsx[2m > [22m[2mKeyboard Shortcuts Alignment
[22m[39m[UnitContext] Fetching unit data for id: keyboard-shortcuts-alignment-id
[90mstdout[2m | src/components/Editor3/Editor.stories.jsx[2m > [22m[2mKeyboard Shortcuts Alignment
[22m[39m[FilesContext] Initializing vector store from IndexedDB
[90mstdout[2m | src/components/Editor3/Editor.stories.jsx[2m > [22m[2mKeyboard Shortcuts Alignment
[22m[39m[FilesContext] fetchFiles called
[90mstdout[2m | src/components/Editor3/Editor.stories.jsx[2m > [22m[2mKeyboard Shortcuts Alignment
[22m[39m[FilesContext] User authenticated: mock-user-sub
[90mstdout[2m | src/components/Editor3/Editor.stories.jsx[2m > [22m[2mKeyboard Shortcuts Alignment
[22m[39m[FilesContext] Identity ID: us-east-1:mock-identity-123
[90mstdout[2m | src/components/Editor3/Editor.stories.jsx[2m > [22m[2mKeyboard Shortcuts Alignment
[22m[39m[FilesContext] About to set up File observeQuery
[90mstdout[2m | src/components/Editor3/Editor.stories.jsx[2m > [22m[2mKeyboard Shortcuts Alignment
[22m[39m[ChatContext] Setting up AssistantChat observeQuery
[90mstdout[2m | src/components/Editor3/Editor.stories.jsx[2m > [22m[2mKeyboard Shortcuts Alignment
[22m[39m[ChatContext] Waiting for subscription to initialize
[90mstdout[2m | src/components/Editor3/Editor.stories.jsx[2m > [22m[2mKeyboard Shortcuts Alignment
[22m[39m[SettingsContext] Setting up Settings subscription for user: mock-user-sub
[90mstdout[2m | src/components/Editor3/Editor.stories.jsx[2m > [22m[2mKeyboard Shortcuts Alignment
[22m[39m[useChatPageContext] Cleaning up page context
[90mstdout[2m | src/components/Editor3/Editor.stories.jsx[2m > [22m[2mKeyboard Shortcuts Alignment
[22m[39m[useChatPageContext] Registering page context: {
  "dictionaryCount": 0,
  "filesCount": 0,
  "hasEditorRef": true,
  "hasUnit": true,
  "hasVectorStoreSearch": true,
  "questionsCount": 0,
  "sectionsCount": 0,
}
[90mstdout[2m | src/components/Editor3/Editor.stories.jsx[2m > [22m[2mKeyboard Shortcuts Alignment
[22m[39m[Editor onChange] Skipping save - no initial state loaded yet
[90mstdout[2m | src/components/Editor3/Editor.stories.jsx[2m > [22m[2mKeyboard Shortcuts Alignment
[22m[39m[Mock Data] Settings created: mock-settings-1790418483684 - notified 0 subscribers
[90mstdout[2m | src/components/Editor3/Editor.stories.jsx[2m > [22m[2mKeyboard Shortcuts Alignment
[22m[39m[Mock Data] Unit.onUpdate() subscription added. Total: 1
[90mstdout[2m | src/components/Editor3/Editor.stories.jsx[2m > [22m[2mKeyboard Shortcuts Alignment
[22m[39m[Mock] CollaborationPlugin rendered with props: {
  "color": "#f59e0b",
  "cursorsContainerRef": {
    "current": <div
      class="jsx-9364b876b91d91fe collaboration-cursors-container"
      style="position: relative;"
    >
      <div
        aria-label="Edit"
        class="editor"
        contenteditable="true"
        data-lexical-editor="true"
        data-tour="editor"
        role="textbox"
        spellcheck="true"
        style="max-width: 100%; outline: none; min-height: 100%; padding: 1rem 2rem 1rem 0.5rem; user-select: text; white-space: pre-wrap; word-break: break-word;"
      />
      <div
        class="jsx-e404209429cec6f3 editor-placeholder"
      >
        Start typing or use the toolbar above to add content...
      </div>
    </div>,
  },
  "provider": YjsDocProvider {
    "awareness": Awareness {
      "_checkInterval": 3199,
      "_observers": Map {},
      "clientID": 3850576401,
      "doc": {
        "editorContent": "",
        "metadata": {},
      },
      "meta": Map {
        3850576401 => {
          "clock": 0,
          "lastUpdated": 1790418483444,
        },
      },
      "states": Map {
        3850576401 => {},
      },
    },
    "config": {
      "connect": false,
      "docName": "unit-null",
      "maxBackoffTime": 30000,
      "persistence": false,
      "resyncInterval": 5000,
      "wsUrl": "wss://j5eyo7cpia.execute-api.us-east-1.amazonaws.com/live",
    },
    "defaultConfig": {
      "connect": true,
      "maxBackoffTime": 30000,
      "persistence": true,
      "resyncInterval": 5000,
      "wsUrl": "wss://j5eyo7cpia.execute-api.us-east-1.amazonaws.com/live",
    },
    "docName": "unit-null",
    "hasLoggedConnectionError": false,
    "indexeddb": null,
    "lastStatusLog": "",
    "listeners": Map {
      "doc-reset" => Set {
        [Function handleDocReset],
      },
    },
    "resetCount": 0,
    "wsProvider": null,
    "ydoc": {
      "editorContent": "",
      "metadata": {},
    },
  },
  "username": "mock-user-sub",
}
[90mstdout[2m | src/components/Editor3/Editor.stories.jsx[2m > [22m[2mKeyboard Shortcuts Alignment
[22m[39m[chatTools] Vector store search function registered: false
[90mstdout[2m | src/components/Editor3/Editor.stories.jsx[2m > [22m[2mKeyboard Shortcuts Alignment
[22m[39m[chatTools] Practice drill callback registered: false
[90mstdout[2m | src/components/Editor3/Editor.stories.jsx[2m > [22m[2mKeyboard Shortcuts Alignment
[22m[39m[useChatPageContext] Cleaning up page context
[90mstdout[2m | src/components/Editor3/Editor.stories.jsx[2m > [22m[2mKeyboard Shortcuts Alignment
[22m[39m[FileManager2] Files received from context: 0 []
[90mstdout[2m | src/components/Editor3/Editor.stories.jsx[2m > [22m[2mKeyboard Shortcuts Alignment
[22m[39m[FileManager2] Upload useEffect triggered. filesToUpload: 0 uploadInProgress: false
[90mstdout[2m | src/components/Editor3/Editor.stories.jsx[2m > [22m[2mKeyboard Shortcuts Alignment
[22m[39m[FileManager2] Skipping upload - no files or already in progress
[90mstdout[2m | src/components/Editor3/Editor.stories.jsx[2m > [22m[2mKeyboard Shortcuts Alignment
[22m[39m[chatTools] Vector store search function registered: true
[90mstdout[2m | src/components/Editor3/Editor.stories.jsx[2m > [22m[2mKeyboard Shortcuts Alignment
[22m[39m[ChatSidebar] Registered vector store search, isReady: false
[90mstdout[2m | src/components/Editor3/Editor.stories.jsx[2m > [22m[2mKeyboard Shortcuts Alignment
[22m[39m[chatTools] Practice drill callback registered: true
[90mstdout[2m | src/components/Editor3/Editor.stories.jsx[2m > [22m[2mKeyboard Shortcuts Alignment
[22m[39m[useChatPageContext] Registering page context: {
  "dictionaryCount": 0,
  "filesCount": 0,
  "hasEditorRef": true,
  "hasUnit": true,
  "hasVectorStoreSearch": true,
  "questionsCount": 0,
  "sectionsCount": 0,
}
[90mstdout[2m | src/components/Editor3/Editor.stories.jsx[2m > [22m[2mKeyboard Shortcuts Alignment
[22m[39m[Mock] CollaborationPlugin rendered with props: {
  "color": "#f59e0b",
  "cursorsContainerRef": {
    "current": <div
      class="jsx-9364b876b91d91fe collaboration-cursors-container"
      style="position: relative;"
    >
      <div
        aria-label="Edit"
        autocapitalize="off"
        class="editor"
        contenteditable="true"
        data-lexical-editor="true"
        data-tour="editor"
        role="textbox"
        spellcheck="true"
        style="max-width: 100%; outline: none; min-height: 100%; padding: 1rem 2rem 1rem 0.5rem; user-select: text; white-space: pre-wrap; word-break: break-word;"
      />
      <div
        class="jsx-e404209429cec6f3 editor-placeholder"
      >
        Start typing or use the toolbar above to add content...
      </div>
    </div>,
  },
  "provider": YjsDocProvider {
    "awareness": Awareness {
      "_checkInterval": 3199,
      "_observers": Map {},
      "clientID": 3850576401,
      "doc": {
        "editorContent": "",
        "metadata": {},
      },
      "meta": Map {
        3850576401 => {
          "clock": 0,
          "lastUpdated": 1790418483444,
        },
      },
      "states": Map {
        3850576401 => {},
      },
    },
    "config": {
      "connect": false,
      "docName": "unit-null",
      "maxBackoffTime": 30000,
      "persistence": false,
      "resyncInterval": 5000,
      "wsUrl": "wss://j5eyo7cpia.execute-api.us-east-1.amazonaws.com/live",
    },
    "defaultConfig": {
      "connect": true,
      "maxBackoffTime": 30000,
      "persistence": true,
      "resyncInterval": 5000,
      "wsUrl": "wss://j5eyo7cpia.execute-api.us-east-1.amazonaws.com/live",
    },
    "docName": "unit-null",
    "hasLoggedConnectionError": false,
    "indexeddb": null,
    "lastStatusLog": "",
    "listeners": Map {
      "doc-reset" => Set {
        [Function handleDocReset],
      },
    },
    "resetCount": 0,
    "wsProvider": null,
    "ydoc": {
      "editorContent": "",
      "metadata": {},
    },
  },
  "username": "mock-user-sub",
}
[90mstdout[2m | src/components/Editor3/Editor.stories.jsx[2m > [22m[2mKeyboard Shortcuts Alignment
[22m[39m[useChatPageContext] Cleaning up page context
[90mstdout[2m | src/components/Editor3/Editor.stories.jsx[2m > [22m[2mKeyboard Shortcuts Alignment
[22m[39m[useChatPageContext] Registering page context: {
  "dictionaryCount": 0,
  "filesCount": 0,
  "hasEditorRef": true,
  "hasUnit": true,
  "hasVectorStoreSearch": true,
  "questionsCount": 0,
  "sectionsCount": 0,
}
[90mstdout[2m | src/components/Editor3/Editor.stories.jsx[2m > [22m[2mKeyboard Shortcuts Alignment
[22m[39m[Mock] CollaborationPlugin rendered with props: {
  "color": "#f59e0b",
  "cursorsContainerRef": {
    "current": <div
      class="jsx-9364b876b91d91fe collaboration-cursors-container"
      style="position: relative;"
    >
      <div
        aria-label="Edit"
        autocapitalize="off"
        class="editor"
        contenteditable="true"
        data-lexical-editor="true"
        data-tour="editor"
        role="textbox"
        spellcheck="true"
        style="max-width: 100%; outline: none; min-height: 100%; padding: 1rem 2rem 1rem 0.5rem; user-select: text; white-space: pre-wrap; word-break: break-word;"
      />
      <div
        class="jsx-e404209429cec6f3 editor-placeholder"
      >
        Start typing or use the toolbar above to add content...
      </div>
    </div>,
  },
  "provider": YjsDocProvider {
    "awareness": Awareness {
      "_checkInterval": 3199,
      "_observers": Map {},
      "clientID": 3850576401,
      "doc": {
        "editorContent": "",
        "metadata": {},
      },
      "meta": Map {
        3850576401 => {
          "clock": 0,
          "lastUpdated": 1790418483444,
        },
      },
      "states": Map {
        3850576401 => {},
      },
    },
    "config": {
      "connect": false,
      "docName": "unit-null",
      "maxBackoffTime": 30000,
      "persistence": false,
      "resyncInterval": 5000,
      "wsUrl": "wss://j5eyo7cpia.execute-api.us-east-1.amazonaws.com/live",
    },
    "defaultConfig": {
      "connect": true,
      "maxBackoffTime": 30000,
      "persistence": true,
      "resyncInterval": 5000,
      "wsUrl": "wss://j5eyo7cpia.execute-api.us-east-1.amazonaws.com/live",
    },
    "docName": "unit-null",
    "hasLoggedConnectionError": false,
    "indexeddb": null,
    "lastStatusLog": "",
    "listeners": Map {
      "doc-reset" => Set {
        [Function handleDocReset],
      },
    },
    "resetCount": 0,
    "wsProvider": null,
    "ydoc": {
      "editorContent": "",
      "metadata": {},
    },
  },
  "username": "mock-user-sub",
}
[90mstdout[2m | src/components/Editor3/Editor.stories.jsx[2m > [22m[2mKeyboard Shortcuts Alignment
[22m[39m[Editor onChange] Skipping save - no initial state loaded yet
[90mstdout[2m | src/components/Editor3/Editor.stories.jsx[2m > [22m[2mKeyboard Shortcuts Alignment
[22m[39m[Mock] CollaborationPlugin rendered with props: {
  "color": "#f59e0b",
  "cursorsContainerRef": {
    "current": <div
      class="jsx-9364b876b91d91fe collaboration-cursors-container"
      style="position: relative;"
    >
      <div
        aria-label="Edit"
        class="editor"
        contenteditable="true"
        data-lexical-editor="true"
        data-tour="editor"
        role="textbox"
        spellcheck="true"
        style="max-width: 100%; outline: none; min-height: 100%; padding: 1rem 2rem 1rem 0.5rem; user-select: text; white-space: pre-wrap; word-break: break-word;"
      />
      <div
        class="jsx-e404209429cec6f3 editor-placeholder"
      >
        Start typing or use the toolbar above to add content...
      </div>
    </div>,
  },
  "provider": YjsDocProvider {
    "awareness": Awareness {
      "_checkInterval": 3199,
      "_observers": Map {},
      "clientID": 3850576401,
      "doc": {
        "editorContent": "",
        "metadata": {},
      },
      "meta": Map {
        3850576401 => {
          "clock": 0,
          "lastUpdated": 1790418483444,
        },
      },
      "states": Map {
        3850576401 => {},
      },
    },
    "config": {
      "connect": false,
      "docName": "unit-null",
      "maxBackoffTime": 30000,
      "persistence": false,
      "resyncInterval": 5000,
      "wsUrl": "wss://j5eyo7cpia.execute-api.us-east-1.amazonaws.com/live",
    },
    "defaultConfig": {
      "connect": true,
      "maxBackoffTime": 30000,
      "persistence": true,
      "resyncInterval": 5000,
      "wsUrl": "wss://j5eyo7cpia.execute-api.us-east-1.amazonaws.com/live",
    },
    "docName": "unit-null",
    "hasLoggedConnectionError": false,
    "indexeddb": null,
    "lastStatusLog": "",
    "listeners": Map {
      "doc-reset" => Set {
        [Function handleDocReset],
      },
    },
    "resetCount": 0,
    "wsProvider": null,
    "ydoc": {
      "editorContent": "",
      "metadata": {},
    },
  },
  "username": "mock-user-sub",
}
[90mstdout[2m | src/components/Editor3/Editor.stories.jsx[2m > [22m[2mKeyboard Shortcuts Alignment
[22m[39m[SectionContext] Section observeQuery update: 0
[90mstdout[2m | src/components/Editor3/Editor.stories.jsx[2m > [22m[2mKeyboard Shortcuts Alignment
[22m[39m[FilesContext] File observeQuery update: 0 files
[90mstdout[2m | src/components/Editor3/Editor.stories.jsx[2m > [22m[2mKeyboard Shortcuts Alignment
[22m[39m[ChatContext] AssistantChat initialized with 0 chats
[90mstdout[2m | src/components/Editor3/Editor.stories.jsx[2m > [22m[2mKeyboard Shortcuts Alignment
[22m[39m[MOCK CourseVectorStore] Initialized with mock data
[90mstdout[2m | src/components/Editor3/Editor.stories.jsx[2m > [22m[2mKeyboard Shortcuts Alignment
[22m[39m[Mock] CollaborationPlugin rendered with props: {
  "color": "#f59e0b",
  "cursorsContainerRef": {
    "current": <div
      class="jsx-9364b876b91d91fe collaboration-cursors-container"
      style="position: relative;"
    >
      <div
        aria-label="Edit"
        class="editor"
        contenteditable="true"
        data-lexical-editor="true"
        data-tour="editor"
        role="textbox"
        spellcheck="true"
        style="max-width: 100%; outline: none; min-height: 100%; padding: 1rem 2rem 1rem 0.5rem; user-select: text; white-space: pre-wrap; word-break: break-word;"
      />
      <div
        class="jsx-e404209429cec6f3 editor-placeholder"
      >
        Start typing or use the toolbar above to add content...
      </div>
    </div>,
  },
  "provider": YjsDocProvider {
    "awareness": Awareness {
      "_checkInterval": 3199,
      "_observers": Map {},
      "clientID": 3850576401,
      "doc": {
        "editorContent": "",
        "metadata": {},
      },
      "meta": Map {
        3850576401 => {
          "clock": 0,
          "lastUpdated": 1790418483444,
        },
      },
      "states": Map {
        3850576401 => {},
      },
    },
    "config": {
      "connect": false,
      "docName": "unit-null",
      "maxBackoffTime": 30000,
      "persistence": false,
      "resyncInterval": 5000,
      "wsUrl": "wss://j5eyo7cpia.execute-api.us-east-1.amazonaws.com/live",
    },
    "defaultConfig": {
      "connect": true,
      "maxBackoffTime": 30000,
      "persistence": true,
      "resyncInterval": 5000,
      "wsUrl": "wss://j5eyo7cpia.execute-api.us-east-1.amazonaws.com/live",
    },
    "docName": "unit-null",
    "hasLoggedConnectionError": false,
    "indexeddb": null,
    "lastStatusLog": "",
    "listeners": Map {
      "doc-reset" => Set {
        [Function handleDocReset],
      },
    },
    "resetCount": 0,
    "wsProvider": null,
    "ydoc": {
      "editorContent": "",
      "metadata": {},
    },
  },
  "username": "mock-user-sub",
}
[90mstdout[2m | src/components/Editor3/Editor.stories.jsx[2m > [22m[2mKeyboard Shortcuts Alignment
[22m[39m[FileManager2] Files received from context: 0 []
[90mstdout[2m | src/components/Editor3/Editor.stories.jsx[2m > [22m[2mKeyboard Shortcuts Alignment
[22m[39m[ChatContext] No current chat available, will create one
[90mstdout[2m | src/components/Editor3/Editor.stories.jsx[2m > [22m[2mKeyboard Shortcuts Alignment
[22m[39m[ChatContext] Creating AssistantChat with user: undefined
[90mstdout[2m | src/components/Editor3/Editor.stories.jsx[2m > [22m[2mKeyboard Shortcuts Alignment
[22m[39m[Mock Data] AssistantChat created: mock-assistantchat-1790418484133 - notified 1 subscribers
[90mstdout[2m | src/components/Editor3/Editor.stories.jsx[2m > [22m[2mKeyboard Shortcuts Alignment
[22m[39m[Mock] CollaborationPlugin rendered with props: {
  "color": "#f59e0b",
  "cursorsContainerRef": {
    "current": <div
      class="jsx-9364b876b91d91fe collaboration-cursors-container"
      style="position: relative;"
    >
      <div
        aria-label="Edit"
        class="editor"
        contenteditable="true"
        data-lexical-editor="true"
        data-tour="editor"
        role="textbox"
        spellcheck="true"
        style="max-width: 100%; outline: none; min-height: 100%; padding: 1rem 2rem 1rem 0.5rem; user-select: text; white-space: pre-wrap; word-break: break-word;"
      />
      <div
        class="jsx-e404209429cec6f3 editor-placeholder"
      >
        Start typing or use the toolbar above to add content...
      </div>
    </div>,
  },
  "provider": YjsDocProvider {
    "awareness": Awareness {
      "_checkInterval": 3199,
      "_observers": Map {},
      "clientID": 3850576401,
      "doc": {
        "editorContent": "",
        "metadata": {},
      },
      "meta": Map {
        3850576401 => {
          "clock": 0,
          "lastUpdated": 1790418483444,
        },
      },
      "states": Map {
        3850576401 => {},
      },
    },
    "config": {
      "connect": false,
      "docName": "unit-null",
      "maxBackoffTime": 30000,
      "persistence": false,
      "resyncInterval": 5000,
      "wsUrl": "wss://j5eyo7cpia.execute-api.us-east-1.amazonaws.com/live",
    },
    "defaultConfig": {
      "connect": true,
      "maxBackoffTime": 30000,
      "persistence": true,
      "resyncInterval": 5000,
      "wsUrl": "wss://j5eyo7cpia.execute-api.us-east-1.amazonaws.com/live",
    },
    "docName": "unit-null",
    "hasLoggedConnectionError": false,
    "indexeddb": null,
    "lastStatusLog": "",
    "listeners": Map {
      "doc-reset" => Set {
        [Function handleDocReset],
      },
    },
    "resetCount": 0,
    "wsProvider": null,
    "ydoc": {
      "editorContent": "",
      "metadata": {},
    },
  },
  "username": "mock-user-sub",
}
[90mstdout[2m | src/components/Editor3/Editor.stories.jsx[2m > [22m[2mKeyboard Shortcuts Alignment
[22m[39m[ChatContext] Create result: {
  "data": {
    "_version": 1,
    "archived": false,
    "chatFiles": [Function anonymous],
    "createdAt": "2026-09-26T10:28:04.133Z",
    "id": "mock-assistantchat-1790418484133",
    "model": "gpt-4",
    "updatedAt": "2026-09-26T10:28:04.133Z",
  },
  "errors": [],
  "hasData": true,
  "hasErrors": true,
}
[90mstdout[2m | src/components/Editor3/Editor.stories.jsx[2m > [22m[2mKeyboard Shortcuts Alignment
[22m[39m[ChatContext] Created AssistantChat: mock-assistantchat-1790418484133 at: 2026-09-26T10:28:04.133Z
[90mstdout[2m | src/components/Editor3/Editor.stories.jsx[2m > [22m[2mKeyboard Shortcuts Alignment
[22m[39m[Mock Storage] downloadData called with: undefined
[90mstdout[2m | src/components/Editor3/Editor.stories.jsx[2m > [22m[2mKeyboard Shortcuts Alignment
[22m[39m[ChatContext] Setting initial chat: mock-assistantchat-1790418484133
[90mstdout[2m | src/components/Editor3/Editor.stories.jsx[2m > [22m[2mKeyboard Shortcuts Alignment
[22m[39m[Mock] CollaborationPlugin rendered with props: {
  "color": "#f59e0b",
  "cursorsContainerRef": {
    "current": <div
      class="jsx-9364b876b91d91fe collaboration-cursors-container"
      style="position: relative;"
    >
      <div
        aria-label="Edit"
        class="editor"
        contenteditable="true"
        data-lexical-editor="true"
        data-tour="editor"
        role="textbox"
        spellcheck="true"
        style="max-width: 100%; outline: none; min-height: 100%; padding: 1rem 2rem 1rem 0.5rem; user-select: text; white-space: pre-wrap; word-break: break-word;"
      />
      <div
        class="jsx-e404209429cec6f3 editor-placeholder"
      >
        Start typing or use the toolbar above to add content...
      </div>
    </div>,
  },
  "provider": YjsDocProvider {
    "awareness": Awareness {
      "_checkInterval": 3199,
      "_observers": Map {},
      "clientID": 3850576401,
      "doc": {
        "editorContent": "",
        "metadata": {},
      },
      "meta": Map {
        3850576401 => {
          "clock": 0,
          "lastUpdated": 1790418483444,
        },
      },
      "states": Map {
        3850576401 => {},
      },
    },
    "config": {
      "connect": false,
      "docName": "unit-null",
      "maxBackoffTime": 30000,
      "persistence": false,
      "resyncInterval": 5000,
      "wsUrl": "wss://j5eyo7cpia.execute-api.us-east-1.amazonaws.com/live",
    },
    "defaultConfig": {
      "connect": true,
      "maxBackoffTime": 30000,
      "persistence": true,
      "resyncInterval": 5000,
      "wsUrl": "wss://j5eyo7cpia.execute-api.us-east-1.amazonaws.com/live",
    },
    "docName": "unit-null",
    "hasLoggedConnectionError": false,
    "indexeddb": null,
    "lastStatusLog": "",
    "listeners": Map {
      "doc-reset" => Set {
        [Function handleDocReset],
      },
    },
    "resetCount": 0,
    "wsProvider": null,
    "ydoc": {
      "editorContent": "",
      "metadata": {},
    },
  },
  "username": "mock-user-sub",
}
[90mstdout[2m | src/components/Editor3/Editor.stories.jsx[2m > [22m[2mKeyboard Shortcuts Alignment
[22m[39m[ChatSidebar] Loading messages for chat: mock-assistantchat-1790418484133 count: 0
[90mstdout[2m | src/components/Editor3/Editor.stories.jsx[2m > [22m[2mKeyboard Shortcuts Alignment
[22m[39m[ChatSidebar] deepCloneMessages: returning empty array
[90mstdout[2m | src/components/Editor3/Editor.stories.jsx[2m > [22m[2mKeyboard Shortcuts Alignment
[22m[39m[ChatContext] Chat exists and not archived, skipping creation
[90mstdout[2m | src/components/Editor3/Editor.stories.jsx[2m > [22m[2mKeyboard Shortcuts Alignment
[22m[39m[Keyboard Shortcuts Demo] Section 3: Alignment
[90mstdout[2m | src/components/Editor3/Editor.stories.jsx[2m > [22m[2mKeyboard Shortcuts Alignment
[22m[39m[Editor onChange] Skipping save - no initial state loaded yet
[90mstdout[2m | src/components/Editor3/Editor.stories.jsx[2m > [22m[2mKeyboard Shortcuts Alignment
[22m[39m[Editor onChange] Skipping save - no initial state loaded yet
[90mstdout[2m | src/components/Editor3/Editor.stories.jsx[2m > [22m[2mKeyboard Shortcuts Alignment
[22m[39m[Editor onChange] Skipping save - no initial state loaded yet
[90mstdout[2m | src/components/Editor3/Editor.stories.jsx[2m > [22m[2mKeyboard Shortcuts Alignment
[22m[39m[Editor onChange] Skipping save - no initial state loaded yet
[90mstdout[2m | src/components/Editor3/Editor.stories.jsx[2m > [22m[2mKeyboard Shortcuts Alignment
[22m[39m[Editor onChange] Skipping save - no initial state loaded yet
[90mstdout[2m | src/components/Editor3/Editor.stories.jsx[2m > [22m[2mKeyboard Shortcuts Alignment
[22m[39m[Editor onChange] Skipping save - no initial state loaded yet
[90mstdout[2m | src/components/Editor3/Editor.stories.jsx[2m > [22m[2mKeyboard Shortcuts Alignment
[22m[39m[Editor onChange] Skipping save - no initial state loaded yet
[90mstdout[2m | src/components/Editor3/Editor.stories.jsx[2m > [22m[2mKeyboard Shortcuts Alignment
[22m[39m[Editor onChange] Skipping save - no initial state loaded yet
[90mstdout[2m | src/components/Editor3/Editor.stories.jsx[2m > [22m[2mKeyboard Shortcuts Alignment
[22m[39m[Editor onChange] Skipping save - no initial state loaded yet
[90mstdout[2m | src/components/Editor3/Editor.stories.jsx[2m > [22m[2mKeyboard Shortcuts Alignment
[22m[39m[Editor onChange] Skipping save - no initial state loaded yet
[90mstdout[2m | src/components/Editor3/Editor.stories.jsx[2m > [22m[2mKeyboard Shortcuts Alignment
[22m[39m[Editor onChange] Skipping save - no initial state loaded yet
[90mstdout[2m | src/components/Editor3/Editor.stories.jsx[2m > [22m[2mKeyboard Shortcuts Alignment
[22m[39m🔑 ENTER KEY pressed in editor
[90mstdout[2m | src/components/Editor3/Editor.stories.jsx[2m > [22m[2mKeyboard Shortcuts Alignment
[22m[39m❌ Not in a code node
[90mstdout[2m | src/components/Editor3/Editor.stories.jsx[2m > [22m[2mKeyboard Shortcuts Alignment
[22m[39m[Editor onChange] Skipping save - no initial state loaded yet
[90mstdout[2m | src/components/Editor3/Editor.stories.jsx[2m > [22m[2mKeyboard Shortcuts Alignment
[22m[39m[Editor onChange] Skipping save - no initial state loaded yet
[90mstdout[2m | src/components/Editor3/Editor.stories.jsx[2m > [22m[2mKeyboard Shortcuts Alignment
[22m[39m[Editor onChange] Skipping save - no initial state loaded yet
[90mstdout[2m | src/components/Editor3/Editor.stories.jsx[2m > [22m[2mKeyboard Shortcuts Alignment
[22m[39m[Editor onChange] Skipping save - no initial state loaded yet
[90mstdout[2m | src/components/Editor3/Editor.stories.jsx[2m > [22m[2mKeyboard Shortcuts Alignment
[22m[39m[Editor onChange] Skipping save - no initial state loaded yet
[90mstdout[2m | src/components/Editor3/Editor.stories.jsx[2m > [22m[2mKeyboard Shortcuts Alignment
[22m[39m[Editor onChange] Skipping save - no initial state loaded yet
[90mstdout[2m | src/components/Editor3/Editor.stories.jsx[2m > [22m[2mKeyboard Shortcuts Alignment
[22m[39m[Editor onChange] Skipping save - no initial state loaded yet
[90mstdout[2m | src/components/Editor3/Editor.stories.jsx[2m > [22m[2mKeyboard Shortcuts Alignment
[22m[39m[Editor onChange] Skipping save - no initial state loaded yet
[90mstdout[2m | src/components/Editor3/Editor.stories.jsx[2m > [22m[2mKeyboard Shortcuts Alignment
[22m[39m[Editor onChange] Skipping save - no initial state loaded yet
[90mstdout[2m | src/components/Editor3/Editor.stories.jsx[2m > [22m[2mKeyboard Shortcuts Alignment
[22m[39m[Editor onChange] Skipping save - no initial state loaded yet
[90mstdout[2m | src/components/Editor3/Editor.stories.jsx[2m > [22m[2mKeyboard Shortcuts Alignment
[22m[39m[Editor onChange] Skipping save - no initial state loaded yet
[90mstdout[2m | src/components/Editor3/Editor.stories.jsx[2m > [22m[2mKeyboard Shortcuts Alignment
[22m[39m[Editor onChange] Skipping save - no initial state loaded yet
[90mstdout[2m | src/components/Editor3/Editor.stories.jsx[2m > [22m[2mKeyboard Shortcuts Alignment
[22m[39m🔑 ENTER KEY pressed in editor
[90mstdout[2m | src/components/Editor3/Editor.stories.jsx[2m > [22m[2mKeyboard Shortcuts Alignment
[22m[39m❌ Not in a code node
[90mstdout[2m | src/components/Editor3/Editor.stories.jsx[2m > [22m[2mKeyboard Shortcuts Alignment
[22m[39m[Editor onChange] Skipping save - no initial state loaded yet
[90mstdout[2m | src/components/Editor3/Editor.stories.jsx[2m > [22m[2mKeyboard Shortcuts Alignment
[22m[39m[Editor onChange] Skipping save - no initial state loaded yet
[90mstdout[2m | src/components/Editor3/Editor.stories.jsx[2m > [22m[2mKeyboard Shortcuts Alignment
[22m[39m[Editor onChange] Skipping save - no initial state loaded yet
[90mstdout[2m | src/components/Editor3/Editor.stories.jsx[2m > [22m[2mKeyboard Shortcuts Alignment
[22m[39m[Editor onChange] Skipping save - no initial state loaded yet
[90mstdout[2m | src/components/Editor3/Editor.stories.jsx[2m > [22m[2mKeyboard Shortcuts Alignment
[22m[39m[Editor onChange] Skipping save - no initial state loaded yet
[90mstdout[2m | src/components/Editor3/Editor.stories.jsx[2m > [22m[2mKeyboard Shortcuts Alignment
[22m[39m[Editor onChange] Skipping save - no initial state loaded yet
[90mstdout[2m | src/components/Editor3/Editor.stories.jsx[2m > [22m[2mKeyboard Shortcuts Alignment
[22m[39m[Editor onChange] Skipping save - no initial state loaded yet
[90mstdout[2m | src/components/Editor3/Editor.stories.jsx[2m > [22m[2mKeyboard Shortcuts Alignment
[22m[39m[Editor onChange] Skipping save - no initial state loaded yet
[90mstdout[2m | src/components/Editor3/Editor.stories.jsx[2m > [22m[2mKeyboard Shortcuts Alignment
[22m[39m[Editor onChange] Skipping save - no initial state loaded yet
[90mstdout[2m | src/components/Editor3/Editor.stories.jsx[2m > [22m[2mKeyboard Shortcuts Alignment
[22m[39m[Editor onChange] Skipping save - no initial state loaded yet
[90mstdout[2m | src/components/Editor3/Editor.stories.jsx[2m > [22m[2mKeyboard Shortcuts Alignment
[22m[39m[Editor onChange] Skipping save - no initial state loaded yet
[90mstdout[2m | src/components/Editor3/Editor.stories.jsx[2m > [22m[2mKeyboard Shortcuts Alignment
[22m[39m🔑 ENTER KEY pressed in editor
[90mstdout[2m | src/components/Editor3/Editor.stories.jsx[2m > [22m[2mKeyboard Shortcuts Alignment
[22m[39m❌ Not in a code node
[90mstdout[2m | src/components/Editor3/Editor.stories.jsx[2m > [22m[2mKeyboard Shortcuts Alignment
[22m[39m[Editor onChange] Skipping save - no initial state loaded yet
[90mstdout[2m | src/components/Editor3/Editor.stories.jsx[2m > [22m[2mKeyboard Shortcuts Alignment
[22m[39m[Editor onChange] Skipping save - no initial state loaded yet
[90mstdout[2m | src/components/Editor3/Editor.stories.jsx[2m > [22m[2mKeyboard Shortcuts Alignment
[22m[39m[Editor onChange] Skipping save - no initial state loaded yet
[90mstdout[2m | src/components/Editor3/Editor.stories.jsx[2m > [22m[2mKeyboard Shortcuts Alignment
[22m[39m[Editor onChange] Skipping save - no initial state loaded yet
[90mstdout[2m | src/components/Editor3/Editor.stories.jsx[2m > [22m[2mKeyboard Shortcuts Alignment
[22m[39m[Editor onChange] Skipping save - no initial state loaded yet
[90mstdout[2m | src/components/Editor3/Editor.stories.jsx[2m > [22m[2mKeyboard Shortcuts Alignment
[22m[39m[Editor onChange] Skipping save - no initial state loaded yet
[90mstdout[2m | src/components/Editor3/Editor.stories.jsx[2m > [22m[2mKeyboard Shortcuts Alignment
[22m[39m[Editor onChange] Skipping save - no initial state loaded yet
[90mstdout[2m | src/components/Editor3/Editor.stories.jsx[2m > [22m[2mKeyboard Shortcuts Alignment
[22m[39m[Editor onChange] Skipping save - no initial state loaded yet
[90mstdout[2m | src/components/Editor3/Editor.stories.jsx[2m > [22m[2mKeyboard Shortcuts Alignment
[22m[39m[Editor onChange] Skipping save - no initial state loaded yet
[90mstdout[2m | src/components/Editor3/Editor.stories.jsx[2m > [22m[2mKeyboard Shortcuts Alignment
[22m[39m[Editor onChange] Skipping save - no initial state loaded yet
[90mstdout[2m | src/components/Editor3/Editor.stories.jsx[2m > [22m[2mKeyboard Shortcuts Alignment
[22m[39m[Editor onChange] Skipping save - no initial state loaded yet
[90mstdout[2m | src/components/Editor3/Editor.stories.jsx[2m > [22m[2mKeyboard Shortcuts Alignment
[22m[39m[Editor onChange] Skipping save - no initial state loaded yet
[90mstdout[2m | src/components/Editor3/Editor.stories.jsx[2m > [22m[2mKeyboard Shortcuts Alignment
[22m[39m[Editor onChange] Skipping save - no initial state loaded yet
[90mstdout[2m | src/components/Editor3/Editor.stories.jsx[2m > [22m[2mKeyboard Shortcuts Alignment
[22m[39m[Editor onChange] Skipping save - no initial state loaded yet
[90mstdout[2m | src/components/Editor3/Editor.stories.jsx[2m > [22m[2mKeyboard Shortcuts Alignment
[22m[39m[Editor onChange] Skipping save - no initial state loaded yet
[90mstdout[2m | src/components/Editor3/Editor.stories.jsx[2m > [22m[2mKeyboard Shortcuts Alignment
[22m[39m[Editor onChange] Skipping save - no initial state loaded yet
[90mstdout[2m | src/components/Editor3/Editor.stories.jsx[2m > [22m[2mKeyboard Shortcuts Alignment
[22m[39m[Editor onChange] Skipping save - no initial state loaded yet
[90mstdout[2m | src/components/Editor3/Editor.stories.jsx[2m > [22m[2mKeyboard Shortcuts Alignment
[22m[39m[Editor onChange] Skipping save - no initial state loaded yet
[90mstdout[2m | src/components/Editor3/Editor.stories.jsx[2m > [22m[2mKeyboard Shortcuts Alignment
[22m[39m[Editor onChange] Skipping save - no initial state loaded yet
[90mstdout[2m | src/components/Editor3/Editor.stories.jsx[2m > [22m[2mKeyboard Shortcuts Alignment
[22m[39m[Editor onChange] Skipping save - no initial state loaded yet
[90mstdout[2m | src/components/Editor3/Editor.stories.jsx[2m > [22m[2mKeyboard Shortcuts Alignment
[22m[39m[Editor onChange] Skipping save - no initial state loaded yet
[90mstdout[2m | src/components/Editor3/Editor.stories.jsx[2m > [22m[2mKeyboard Shortcuts Alignment
[22m[39m[Editor onChange] Skipping save - no initial state loaded yet
[90mstdout[2m | src/components/Editor3/Editor.stories.jsx[2m > [22m[2mKeyboard Shortcuts Alignment
[22m[39m[Editor onChange] Skipping save - no initial state loaded yet
[90mstdout[2m | src/components/Editor3/Editor.stories.jsx[2m > [22m[2mKeyboard Shortcuts Alignment
[22m[39m[Editor onChange] Skipping save - no initial state loaded yet
[90mstdout[2m | src/components/Editor3/Editor.stories.jsx[2m > [22m[2mKeyboard Shortcuts Alignment
[22m[39m[Editor onChange] Skipping save - no initial state loaded yet
[90mstdout[2m | src/components/Editor3/Editor.stories.jsx[2m > [22m[2mKeyboard Shortcuts Alignment
[22m[39m[Editor onChange] Skipping save - no initial state loaded yet
[90mstdout[2m | src/components/Editor3/Editor.stories.jsx[2m > [22m[2mKeyboard Shortcuts Alignment
[22m[39m[Editor onChange] Skipping save - no initial state loaded yet
[90mstdout[2m | src/components/Editor3/Editor.stories.jsx[2m > [22m[2mKeyboard Shortcuts Alignment
[22m[39m[Editor onChange] Skipping save - no initial state loaded yet
[90mstdout[2m | src/components/Editor3/Editor.stories.jsx[2m > [22m[2mKeyboard Shortcuts Alignment
[22m[39m[Editor onChange] Skipping save - no initial state loaded yet
[90mstdout[2m | src/components/Editor3/Editor.stories.jsx[2m > [22m[2mKeyboard Shortcuts Alignment
[22m[39m[Editor onChange] Skipping save - no initial state loaded yet
[90mstdout[2m | src/components/Editor3/Editor.stories.jsx[2m > [22m[2mKeyboard Shortcuts Alignment
[22m[39m[Editor onChange] Skipping save - no initial state loaded yet
[90mstdout[2m | src/components/Editor3/Editor.stories.jsx[2m > [22m[2mKeyboard Shortcuts Alignment
[22m[39m[Editor onChange] Skipping save - no initial state loaded yet
[90mstdout[2m | src/components/Editor3/Editor.stories.jsx[2m > [22m[2mKeyboard Shortcuts Alignment
[22m[39m[Editor onChange] Skipping save - no initial state loaded yet
[90mstdout[2m | src/components/Editor3/Editor.stories.jsx[2m > [22m[2mKeyboard Shortcuts Alignment
[22m[39m[Editor onChange] Skipping save - no initial state loaded yet
[90mstdout[2m | src/components/Editor3/Editor.stories.jsx[2m > [22m[2mKeyboard Shortcuts Alignment
[22m[39m[Editor onChange] Skipping save - no initial state loaded yet
[90mstdout[2m | src/components/Editor3/Editor.stories.jsx[2m > [22m[2mKeyboard Shortcuts Alignment
[22m[39m[Editor onChange] Skipping save - no initial state loaded yet
[90mstdout[2m | src/components/Editor3/Editor.stories.jsx[2m > [22m[2mKeyboard Shortcuts Alignment
[22m[39m[Editor onChange] Skipping save - no initial state loaded yet
[90mstdout[2m | src/components/Editor3/Editor.stories.jsx[2m > [22m[2mKeyboard Shortcuts Alignment
[22m[39m[Editor onChange] Skipping save - no initial state loaded yet
[90mstdout[2m | src/components/Editor3/Editor.stories.jsx[2m > [22m[2mKeyboard Shortcuts Alignment
[22m[39m[Editor onChange] Skipping save - no initial state loaded yet
[90mstdout[2m | src/components/Editor3/Editor.stories.jsx[2m > [22m[2mKeyboard Shortcuts Alignment
[22m[39m🔑 ENTER KEY pressed in editor
[90mstdout[2m | src/components/Editor3/Editor.stories.jsx[2m > [22m[2mKeyboard Shortcuts Alignment
[22m[39m❌ Not in a code node
[90mstdout[2m | src/components/Editor3/Editor.stories.jsx[2m > [22m[2mKeyboard Shortcuts Alignment
[22m[39m[Editor onChange] Skipping save - no initial state loaded yet
[90mstdout[2m | src/components/Editor3/Editor.stories.jsx[2m > [22m[2mKeyboard Shortcuts Alignment
[22m[39m🔑 ENTER KEY pressed in editor
[90mstdout[2m | src/components/Editor3/Editor.stories.jsx[2m > [22m[2mKeyboard Shortcuts Alignment
[22m[39m❌ Not in a code node
[90mstdout[2m | src/components/Editor3/Editor.stories.jsx[2m > [22m[2mKeyboard Shortcuts Alignment
[22m[39mfetchSuggestion called with prompt: Justified text that spreads across the full width of the container evenly.
[90mstdout[2m | src/components/Editor3/Editor.stories.jsx[2m > [22m[2mKeyboard Shortcuts Alignment
[22m[39mMaking API call to /api/content-completion...
[90mstdout[2m | src/components/Editor3/Editor.stories.jsx[2m > [22m[2mKeyboard Shortcuts Alignment
[22m[39m[Mock Fetch] Intercepted /api/content-completion
[90mstdout[2m | src/components/Editor3/Editor.stories.jsx[2m > [22m[2mKeyboard Shortcuts Alignment
[22m[39mStarting to stream response...
[90mstdout[2m | src/components/Editor3/Editor.stories.jsx[2m > [22m[2mKeyboard Shortcuts Alignment
[22m[39mStreaming chunk, total length: 5
[90mstdout[2m | src/components/Editor3/Editor.stories.jsx[2m > [22m[2mKeyboard Shortcuts Alignment
[22m[39mupdateSuggestion called with text: This 
[90mstdout[2m | src/components/Editor3/Editor.stories.jsx[2m > [22m[2mKeyboard Shortcuts Alignment
[22m[39mReplacing existing node with suggestion
[90mstdout[2m | src/components/Editor3/Editor.stories.jsx[2m > [22m[2mKeyboard Shortcuts Alignment
[22m[39mAIContentSuggestionComponent rendering with suggestion: This 
[90mstdout[2m | src/components/Editor3/Editor.stories.jsx[2m > [22m[2mKeyboard Shortcuts Alignment
[22m[39m[Editor onChange] Skipping save - no initial state loaded yet
[90mstdout[2m | src/components/Editor3/Editor.stories.jsx[2m > [22m[2mKeyboard Shortcuts Alignment
[22m[39mStreaming chunk, total length: 8
[90mstdout[2m | src/components/Editor3/Editor.stories.jsx[2m > [22m[2mKeyboard Shortcuts Alignment
[22m[39mupdateSuggestion called with text: This is 
[90mstdout[2m | src/components/Editor3/Editor.stories.jsx[2m > [22m[2mKeyboard Shortcuts Alignment
[22m[39mUpdating existing suggestion node in place
[90mstdout[2m | src/components/Editor3/Editor.stories.jsx[2m > [22m[2mKeyboard Shortcuts Alignment
[22m[39mAIContentSuggestionComponent rendering with suggestion: This is 
[90mstdout[2m | src/components/Editor3/Editor.stories.jsx[2m > [22m[2mKeyboard Shortcuts Alignment
[22m[39mStreaming chunk, total length: 10
[90mstdout[2m | src/components/Editor3/Editor.stories.jsx[2m > [22m[2mKeyboard Shortcuts Alignment
[22m[39mupdateSuggestion called with text: This is a 
[90mstdout[2m | src/components/Editor3/Editor.stories.jsx[2m > [22m[2mKeyboard Shortcuts Alignment
[22m[39mUpdating existing suggestion node in place
[90mstdout[2m | src/components/Editor3/Editor.stories.jsx[2m > [22m[2mKeyboard Shortcuts Alignment
[22m[39mAIContentSuggestionComponent rendering with suggestion: This is a 
[90mstdout[2m | src/components/Editor3/Editor.stories.jsx[2m > [22m[2mKeyboard Shortcuts Alignment
[22m[39mStreaming chunk, total length: 17
[90mstdout[2m | src/components/Editor3/Editor.stories.jsx[2m > [22m[2mKeyboard Shortcuts Alignment
[22m[39mupdateSuggestion called with text: This is a sample 
[90mstdout[2m | src/components/Editor3/Editor.stories.jsx[2m > [22m[2mKeyboard Shortcuts Alignment
[22m[39mUpdating existing suggestion node in place
[90mstdout[2m | src/components/Editor3/Editor.stories.jsx[2m > [22m[2mKeyboard Shortcuts Alignment
[22m[39mAIContentSuggestionComponent rendering with suggestion: This is a sample 
[90mstdout[2m | src/components/Editor3/Editor.stories.jsx[2m > [22m[2mKeyboard Shortcuts Alignment
[22m[39mStreaming chunk, total length: 27
[90mstdout[2m | src/components/Editor3/Editor.stories.jsx[2m > [22m[2mKeyboard Shortcuts Alignment
[22m[39mupdateSuggestion called with text: This is a sample paragraph 
[90mstdout[2m | src/components/Editor3/Editor.stories.jsx[2m > [22m[2mKeyboard Shortcuts Alignment
[22m[39mUpdating existing suggestion node in place
[90mstdout[2m | src/components/Editor3/Editor.stories.jsx[2m > [22m[2mKeyboard Shortcuts Alignment
[22m[39mAIContentSuggestionComponent rendering with suggestion: This is a sample paragraph 
[90mstdout[2m | src/components/Editor3/Editor.stories.jsx[2m > [22m[2mKeyboard Shortcuts Alignment
[22m[39m[Editor onChange] Skipping save - no initial state loaded yet
[90mstdout[2m | src/components/Editor3/Editor.stories.jsx[2m > [22m[2mKeyboard Shortcuts Alignment
[22m[39mStreaming chunk, total length: 33
[90mstdout[2m | src/components/Editor3/Editor.stories.jsx[2m > [22m[2mKeyboard Shortcuts Alignment
[22m[39mupdateSuggestion called with text: This is a sample paragraph about 
[90mstdout[2m | src/components/Editor3/Editor.stories.jsx[2m > [22m[2mKeyboard Shortcuts Alignment
[22m[39mUpdating existing suggestion node in place
[90mstdout[2m | src/components/Editor3/Editor.stories.jsx[2m > [22m[2mKeyboard Shortcuts Alignment
[22m[39mAIContentSuggestionComponent rendering with suggestion: This is a sample paragraph about 
[90mstdout[2m | src/components/Editor3/Editor.stories.jsx[2m > [22m[2mKeyboard Shortcuts Alignment
[22m[39mStreaming chunk, total length: 42
[90mstdout[2m | src/components/Editor3/Editor.stories.jsx[2m > [22m[2mKeyboard Shortcuts Alignment
[22m[39mupdateSuggestion called with text: This is a sample paragraph about Japanese 
[90mstdout[2m | src/components/Editor3/Editor.stories.jsx[2m > [22m[2mKeyboard Shortcuts Alignment
[22m[39mUpdating existing suggestion node in place
[90mstdout[2m | src/components/Editor3/Editor.stories.jsx[2m > [22m[2mKeyboard Shortcuts Alignment
[22m[39mAIContentSuggestionComponent rendering with suggestion: This is a sample paragraph about Japanese 
[90mstdout[2m | src/components/Editor3/Editor.stories.jsx[2m > [22m[2mKeyboard Shortcuts Alignment
[22m[39mStreaming chunk, total length: 52
[90mstdout[2m | src/components/Editor3/Editor.stories.jsx[2m > [22m[2mKeyboard Shortcuts Alignment
[22m[39mupdateSuggestion called with text: This is a sample paragraph about Japanese language. 
[90mstdout[2m | src/components/Editor3/Editor.stories.jsx[2m > [22m[2mKeyboard Shortcuts Alignment
[22m[39mUpdating existing suggestion node in place
[90mstdout[2m | src/components/Editor3/Editor.stories.jsx[2m > [22m[2mKeyboard Shortcuts Alignment
[22m[39mAIContentSuggestionComponent rendering with suggestion: This is a sample paragraph about Japanese language. 
[90mstdout[2m | src/components/Editor3/Editor.stories.jsx[2m > [22m[2mKeyboard Shortcuts Alignment
[22m[39mStreaming chunk, total length: 56
[90mstdout[2m | src/components/Editor3/Editor.stories.jsx[2m > [22m[2mKeyboard Shortcuts Alignment
[22m[39mupdateSuggestion called with text: This is a sample paragraph about Japanese language. The 
[90mstdout[2m | src/components/Editor3/Editor.stories.jsx[2m > [22m[2mKeyboard Shortcuts Alignment
[22m[39mUpdating existing suggestion node in place
[90mstdout[2m | src/components/Editor3/Editor.stories.jsx[2m > [22m[2mKeyboard Shortcuts Alignment
[22m[39mAIContentSuggestionComponent rendering with suggestion: This is a sample paragraph about Japanese language. The 
[90mstdout[2m | src/components/Editor3/Editor.stories.jsx[2m > [22m[2mKeyboard Shortcuts Alignment
[22m[39m[Editor onChange] Skipping save - no initial state loaded yet
[90mstdout[2m | src/components/Editor3/Editor.stories.jsx[2m > [22m[2mKeyboard Shortcuts Alignment
[22m[39mStreaming chunk, total length: 65
[90mstdout[2m | src/components/Editor3/Editor.stories.jsx[2m > [22m[2mKeyboard Shortcuts Alignment
[22m[39mupdateSuggestion called with text: This is a sample paragraph about Japanese language. The hiragana 
[90mstdout[2m | src/components/Editor3/Editor.stories.jsx[2m > [22m[2mKeyboard Shortcuts Alignment
[22m[39mUpdating existing suggestion node in place
[90mstdout[2m | src/components/Editor3/Editor.stories.jsx[2m > [22m[2mKeyboard Shortcuts Alignment
[22m[39mAIContentSuggestionComponent rendering with suggestion: This is a sample paragraph about Japanese language. The hiragana 
[90mstdout[2m | src/components/Editor3/Editor.stories.jsx[2m > [22m[2mKeyboard Shortcuts Alignment
[22m[39mStreaming chunk, total length: 73
[90mstdout[2m | src/components/Editor3/Editor.stories.jsx[2m > [22m[2mKeyboard Shortcuts Alignment
[22m[39mupdateSuggestion called with text: This is a sample paragraph about Japanese language. The hiragana writing 
[90mstdout[2m | src/components/Editor3/Editor.stories.jsx[2m > [22m[2mKeyboard Shortcuts Alignment
[22m[39mUpdating existing suggestion node in place
[90mstdout[2m | src/components/Editor3/Editor.stories.jsx[2m > [22m[2mKeyboard Shortcuts Alignment
[22m[39mAIContentSuggestionComponent rendering with suggestion: This is a sample paragraph about Japanese language. The hiragana writing 
[90mstdout[2m | src/components/Editor3/Editor.stories.jsx[2m > [22m[2mKeyboard Shortcuts Alignment
[22m[39mStreaming chunk, total length: 80
[90mstdout[2m | src/components/Editor3/Editor.stories.jsx[2m > [22m[2mKeyboard Shortcuts Alignment
[22m[39mupdateSuggestion called with text: This is a sample paragraph about Japanese language. The hiragana writing system 
[90mstdout[2m | src/components/Editor3/Editor.stories.jsx[2m > [22m[2mKeyboard Shortcuts Alignment
[22m[39mUpdating existing suggestion node in place
[90mstdout[2m | src/components/Editor3/Editor.stories.jsx[2m > [22m[2mKeyboard Shortcuts Alignment
[22m[39mAIContentSuggestionComponent rendering with suggestion: This is a sample paragraph about Japanese language. The hiragana writing system 
[90mstdout[2m | src/components/Editor3/Editor.stories.jsx[2m > [22m[2mKeyboard Shortcuts Alignment
[22m[39m[Editor onChange] Skipping save - no initial state loaded yet
[90mstdout[2m | src/components/Editor3/Editor.stories.jsx
[22m[39mStreaming chunk, total length: 89
[90mstdout[2m | src/components/Editor3/Editor.stories.jsx
[22m[39mupdateSuggestion called with text: This is a sample paragraph about Japanese language. The hiragana writing system consists 
[90mstdout[2m | src/components/Editor3/Editor.stories.jsx
[22m[39mUpdating existing suggestion node in place
[90mstdout[2m | src/components/Editor3/Editor.stories.jsx
[22m[39mAIContentSuggestionComponent rendering with suggestion: This is a sample paragraph about Japanese language. The hiragana writing system consists 
[90mstdout[2m | src/components/Editor3/Editor.stories.jsx
[22m[39mStreaming chunk, total length: 92
[90mstdout[2m | src/components/Editor3/Editor.stories.jsx
[22m[39mupdateSuggestion called with text: This is a sample paragraph about Japanese language. The hiragana writing system consists of 
[90mstdout[2m | src/components/Editor3/Editor.stories.jsx
[22m[39mUpdating existing suggestion node in place
[90mstdout[2m | src/components/Editor3/Editor.stories.jsx
[22m[39mAIContentSuggestionComponent rendering with suggestion: This is a sample paragraph about Japanese language. The hiragana writing system consists of 
[90mstdout[2m | src/components/Editor3/Editor.stories.jsx
[22m[39m[Editor onChange] Skipping save - no initial state loaded yet
[90mstdout[2m | unknown test
[22m[39mStreaming chunk, total length: 95
[90mstdout[2m | unknown test
[22m[39mupdateSuggestion called with text: This is a sample paragraph about Japanese language. The hiragana writing system consists of 46 
[90mstdout[2m | unknown test
[22m[39mUpdating existing suggestion node in place
 [32m✓[39m [30m[45m storybook (chromium) [49m[39m src/components/Editor3/Editor.stories.jsx [2m([22m[2m6 tests[22m[2m)[22m[33m 89600[2mms[22m[39m
   [33m[2m✓[22m[39m Empty Editor Text Formatting [33m 2868[2mms[22m[39m
   [33m[2m✓[22m[39m Editor With Content [33m 2036[2mms[22m[39m
   [33m[2m✓[22m[39m Keyboard Shortcuts Test [33m 1648[2mms[22m[39m
   [33m[2m✓[22m[39m Keyboard Shortcuts Text Formatting [33m 24760[2mms[22m[39m
   [33m[2m✓[22m[39m Keyboard Shortcuts Block Types [33m 43273[2mms[22m[39m
   [33m[2m✓[22m[39m Keyboard Shortcuts Alignment [33m 15013[2mms[22m[39m
[90mstdout[2m | unknown test
[22m[39mAIContentSuggestionComponent rendering with suggestion: This is a sample paragraph about Japanese language. The hiragana writing system consists of 46 
[90mstdout[2m | unknown test
[22m[39mStreaming chunk, total length: 101
[90mstdout[2m | unknown test
[22m[39mupdateSuggestion called with text: This is a sample paragraph about Japanese language. The hiragana writing system consists of 46 basic 
[90mstdout[2m | unknown test
[22m[39mUpdating existing suggestion node in place
[90mstdout[2m | unknown test
[22m[39mAIContentSuggestionComponent rendering with suggestion: This is a sample paragraph about Japanese language. The hiragana writing system consists of 46 basic 
[90mstdout[2m | unknown test
[22m[39m[MOCK vectorStoreDB.js] Module loaded - mock IndexedDB operations
[90mstdout[2m | unknown test
[22m[39m[Task Completion] DOM action listeners initialized
[90mstdout[2m | unknown test
[22m[39m[Task Completion] Auto-completion detector initialized
[90mstdout[2m | unknown test
[22m[39m[Preview] Task completion detector initialized
[90mstdout[2m | src/stories/DesignSystemShowcase.stories.tsx[2m > [22m[2mSemantic Tokens (rounding · elevation · spacing · surface)
[22m[39m[TranslationModeController] Setting mode to: off
[90mstdout[2m | src/stories/DesignSystemShowcase.stories.tsx[2m > [22m[2mRecurring Patterns (cards · gates · chips · chrome · modals · empty)
[22m[39m[TranslationModeController] Setting mode to: off
[90mstdout[2m | src/stories/DesignSystemShowcase.stories.tsx[2m > [22m[2mEditor Blocks (Live)
[22m[39m[TranslationModeController] Setting mode to: off
[90mstdout[2m | src/stories/DesignSystemShowcase.stories.tsx[2m > [22m[2mEditor Blocks (Live)
[22m[39mEasy.nodeKey 223 type: string
[90mstdout[2m | src/stories/DesignSystemShowcase.stories.tsx[2m > [22m[2mEditor Blocks (Live)
[22m[39mEasy.grade: null
[90mstdout[2m | src/stories/DesignSystemShowcase.stories.tsx[2m > [22m[2mEditor Blocks (Live)
[22m[39mEasy.grade.data: undefined
[90mstdout[2m | src/stories/DesignSystemShowcase.stories.tsx[2m > [22m[2mEditor Blocks (Live)
[22m[39mEasy.grade.data === grade? false
[90mstdout[2m | src/stories/DesignSystemShowcase.stories.tsx[2m > [22m[2mEditor Blocks (Live)
[22m[39mEasy.grade.data keys: no data
[90mstdout[2m | src/stories/DesignSystemShowcase.stories.tsx[2m > [22m[2mEditor Blocks (Live)
[22m[39mEasy.grade.data[nodeKey]: undefined
[90mstdout[2m | src/stories/DesignSystemShowcase.stories.tsx[2m > [22m[2mEditor Blocks (Live)
[22m[39mEasy.inProgress {}
[90mstdout[2m | src/stories/DesignSystemShowcase.stories.tsx[2m > [22m[2mEditor Blocks (Live)
[22m[39mHard.attemptedAnswers {}
[90mstdout[2m | src/stories/DesignSystemShowcase.stories.tsx[2m > [22m[2mEditor Blocks (Live)
[22m[39mQuestionBlockRo.grade null
[90mstdout[2m | src/stories/DesignSystemShowcase.stories.tsx[2m > [22m[2mEditor Blocks (Live)
[22m[39m......!q {
  "answer": "Paris",
  "correct": true,
  "id": "quiz-question-1",
}
[90mstdout[2m | src/stories/DesignSystemShowcase.stories.tsx[2m > [22m[2mEditor Blocks (Live)
[22m[39m......!q {
  "answer": "London",
  "correct": false,
  "id": "quiz-question-2",
}
[90mstdout[2m | src/stories/DesignSystemShowcase.stories.tsx[2m > [22m[2mEditor Blocks (Live)
[22m[39m......!q {
  "answer": "Berlin",
  "correct": false,
  "id": "quiz-question-3",
}
[90mstdout[2m | src/stories/DesignSystemShowcase.stories.tsx[2m > [22m[2mEditor Blocks (Live)
[22m[39m......!q {
  "answer": "Madrid",
  "correct": false,
  "id": "quiz-question-4",
}
[90mstdout[2m | src/stories/DesignSystemShowcase.stories.tsx[2m > [22m[2mEditor Blocks (Live)
[22m[39mQuestionBlock.nodeKey 232 type: string
[90mstdout[2m | src/stories/DesignSystemShowcase.stories.tsx[2m > [22m[2mEditor Blocks (Live)
[22m[39mQuestionBlock.questionContent [
  {
    "answer": "Paris",
    "correct": true,
    "id": "quiz-question-1",
  },
  {
    "answer": "London",
    "correct": false,
    "id": "quiz-question-2",
  },
  {
    "answer": "Berlin",
    "correct": false,
    "id": "quiz-question-3",
  },
  {
    "answer": "Madrid",
    "correct": false,
    "id": "quiz-question-4",
  },
]
[90mstdout[2m | src/stories/DesignSystemShowcase.stories.tsx[2m > [22m[2mEditor Blocks (Live)
[22m[39mQuestionBlock.grade.data keys: []
[90mstdout[2m | src/stories/DesignSystemShowcase.stories.tsx[2m > [22m[2mEditor Blocks (Live)
[22m[39mQuestionBlock.grade.data[nodeKey]: undefined
[90mstdout[2m | src/stories/DesignSystemShowcase.stories.tsx[2m > [22m[2mEditor Blocks (Live)
[22m[39mQuestionBlockRo.inProgress {}
[90mstdout[2m | src/stories/DesignSystemShowcase.stories.tsx[2m > [22m[2mEditor Blocks (Live)
[22m[39mLearn._vocabulary [
  {
    "audio": [],
    "definition": "a greeting or expression of goodwill",
    "id": "word-1",
    "phrase": "hello",
    "pronunciation": "heh-LOH",
  },
  {
    "audio": [],
    "definition": "a parting phrase",
    "id": "word-2",
    "phrase": "goodbye",
    "pronunciation": "good-BYE",
  },
  {
    "audio": [],
    "definition": "an expression of gratitude",
    "id": "word-3",
    "phrase": "thank you",
    "pronunciation": "THANK yoo",
  },
  {
    "audio": [],
    "definition": "used in polite requests",
    "id": "word-4",
    "phrase": "please",
    "pronunciation": "PLEEZ",
  },
]
[90mstdout[2m | src/stories/DesignSystemShowcase.stories.tsx[2m > [22m[2mEditor Blocks (Live)
[22m[39mMeaningAssociationExercise._vocabulary [
  {
    "audio": [],
    "definition": "a greeting or expression of goodwill",
    "id": "word-1",
    "phrase": "hello",
    "pronunciation": "heh-LOH",
  },
  {
    "audio": [],
    "definition": "a parting phrase",
    "id": "word-2",
    "phrase": "goodbye",
    "pronunciation": "good-BYE",
  },
  {
    "audio": [],
    "definition": "an expression of gratitude",
    "id": "word-3",
    "phrase": "thank you",
    "pronunciation": "THANK yoo",
  },
  {
    "audio": [],
    "definition": "used in polite requests",
    "id": "word-4",
    "phrase": "please",
    "pronunciation": "PLEEZ",
  },
]
[90mstdout[2m | src/stories/DesignSystemShowcase.stories.tsx[2m > [22m[2mEditor Blocks (Live)
[22m[39mHard._vocabulary [
  {
    "audio": [],
    "definition": "a greeting or expression of goodwill",
    "id": "word-1",
    "phrase": "hello",
    "pronunciation": "heh-LOH",
  },
  {
    "audio": [],
    "definition": "a parting phrase",
    "id": "word-2",
    "phrase": "goodbye",
    "pronunciation": "good-BYE",
  },
  {
    "audio": [],
    "definition": "an expression of gratitude",
    "id": "word-3",
    "phrase": "thank you",
    "pronunciation": "THANK yoo",
  },
  {
    "audio": [],
    "definition": "used in polite requests",
    "id": "word-4",
    "phrase": "please",
    "pronunciation": "PLEEZ",
  },
]
[90mstdout[2m | src/stories/DesignSystemShowcase.stories.tsx[2m > [22m[2mEditor Blocks (Live)
[22m[39mAnswerComponent.promptMethod []
[90mstdout[2m | src/stories/DesignSystemShowcase.stories.tsx[2m > [22m[2mEditor Blocks (Live)
[22m[39mallowedInput []
[90mstdout[2m | src/stories/DesignSystemShowcase.stories.tsx[2m > [22m[2mEditor Blocks (Live)
[22m[39mpromptMethod []
[90mstdout[2m | src/stories/DesignSystemShowcase.stories.tsx[2m > [22m[2mEditor Blocks (Live)
[22m[39mAnswerComponent.currentPromptMethod undefined
[90mstdout[2m | src/stories/DesignSystemShowcase.stories.tsx[2m > [22m[2mEditor Blocks (Live)
[22m[39mEasy.nodeKey 223 type: string
[90mstdout[2m | src/stories/DesignSystemShowcase.stories.tsx[2m > [22m[2mEditor Blocks (Live)
[22m[39mEasy.grade: null
[90mstdout[2m | src/stories/DesignSystemShowcase.stories.tsx[2m > [22m[2mEditor Blocks (Live)
[22m[39mEasy.grade.data: undefined
[90mstdout[2m | src/stories/DesignSystemShowcase.stories.tsx[2m > [22m[2mEditor Blocks (Live)
[22m[39mEasy.grade.data === grade? false
[90mstdout[2m | src/stories/DesignSystemShowcase.stories.tsx[2m > [22m[2mEditor Blocks (Live)
[22m[39mEasy.grade.data keys: no data
[90mstdout[2m | src/stories/DesignSystemShowcase.stories.tsx[2m > [22m[2mEditor Blocks (Live)
[22m[39mEasy.grade.data[nodeKey]: undefined
[90mstdout[2m | src/stories/DesignSystemShowcase.stories.tsx[2m > [22m[2mEditor Blocks (Live)
[22m[39mEasy.inProgress {}
[90mstdout[2m | src/stories/DesignSystemShowcase.stories.tsx[2m > [22m[2mEditor Blocks (Live)
[22m[39mHard.attemptedAnswers {}
[90mstdout[2m | src/stories/DesignSystemShowcase.stories.tsx[2m > [22m[2mToolbars (all variants, in proportion)
[22m[39m[TranslationModeController] Setting mode to: off
[90mstdout[2m | src/stories/DesignSystemShowcase.stories.tsx[2m > [22m[2mGamification Components
[22m[39m[TranslationModeController] Setting mode to: off
[90mstdout[2m | src/stories/DesignSystemShowcase.stories.tsx[2m > [22m[2mReal Components (gallery)
[22m[39m[TranslationModeController] Setting mode to: off
[90mstdout[2m | src/stories/DesignSystemShowcase.stories.tsx[2m > [22m[2mAll Themes & Colors
[22m[39m[TranslationModeController] Setting mode to: off
[90mstdout[2m | src/stories/DesignSystemShowcase.stories.tsx[2m > [22m[2mTypography & Font Rhythm
[22m[39m[TranslationModeController] Setting mode to: off
[90mstdout[2m | src/stories/DesignSystemShowcase.stories.tsx[2m > [22m[2mComponents Across Themes
[22m[39m[TranslationModeController] Setting mode to: off
 [32m✓[39m [30m[45m storybook (chromium) [49m[39m src/stories/DesignSystemShowcase.stories.tsx [2m([22m[2m9 tests[22m[2m)[22m[33m 28879[2mms[22m[39m
   [33m[2m✓[22m[39m Semantic Tokens (rounding · elevation · spacing · surface) [33m 374[2mms[22m[39m
   [33m[2m✓[22m[39m Recurring Patterns (cards · gates · chips · chrome · modals · empty) [33m 2079[2mms[22m[39m
   [33m[2m✓[22m[39m Editor Blocks (Live) [33m 1763[2mms[22m[39m
   [33m[2m✓[22m[39m Toolbars (all variants, in proportion) [33m 1360[2mms[22m[39m
   [33m[2m✓[22m[39m Gamification Components [33m 5105[2mms[22m[39m
   [33m[2m✓[22m[39m Real Components (gallery) [33m 9444[2mms[22m[39m
   [33m[2m✓[22m[39m All Themes & Colors [33m 5196[2mms[22m[39m
   [33m[2m✓[22m[39m Typography & Font Rhythm [33m 1081[2mms[22m[39m
   [33m[2m✓[22m[39m Components Across Themes [33m 2350[2mms[22m[39m
[90mstdout[2m | unknown test
[22m[39m[MOCK vectorStoreDB.js] Module loaded - mock IndexedDB operations
[90mstdout[2m | unknown test
[22m[39m[Task Completion] DOM action listeners initialized
[90mstdout[2m | unknown test
[22m[39m[Task Completion] Auto-completion detector initialized
[90mstdout[2m | unknown test
[22m[39m[Preview] Task completion detector initialized
[90mstdout[2m | src/components/ChatSidebar.stories.jsx[2m > [22m[2mGetting Started
[22m[39m[MOCK CourseVectorStore] Initialized with mock data
[90mstdout[2m | src/components/ChatSidebar.stories.jsx[2m > [22m[2mGetting Started
[22m[39m[chatTools] Vector store search function registered: true
[90mstdout[2m | src/components/ChatSidebar.stories.jsx[2m > [22m[2mGetting Started
[22m[39m[ChatSidebar] Registered vector store search, isReady: false
[90mstdout[2m | src/components/ChatSidebar.stories.jsx[2m > [22m[2mGetting Started
[22m[39m[chatTools] Practice drill callback registered: true
[90mstdout[2m | src/components/ChatSidebar.stories.jsx[2m > [22m[2mGetting Started
[22m[39m[TranslationModeController] Setting mode to: off
[90mstdout[2m | src/components/ChatSidebar.stories.jsx[2m > [22m[2mGetting Started
[22m[39m[UnitContext] useEffect triggered {
  "authLoading": false,
  "hasUser": true,
  "id": "mock-unit-id",
  "userSub": "mock-user-sub",
}
[90mstdout[2m | src/components/ChatSidebar.stories.jsx[2m > [22m[2mGetting Started
[22m[39m[UnitContext] Fetching unit data for id: mock-unit-id
[90mstdout[2m | src/components/ChatSidebar.stories.jsx[2m > [22m[2mGetting Started
[22m[39m[FilesContext] Initializing vector store from IndexedDB
[90mstdout[2m | src/components/ChatSidebar.stories.jsx[2m > [22m[2mGetting Started
[22m[39m[FilesContext] fetchFiles called
[90mstdout[2m | src/components/ChatSidebar.stories.jsx[2m > [22m[2mGetting Started
[22m[39m[FilesContext] User authenticated: mock-user-sub
[90mstdout[2m | src/components/ChatSidebar.stories.jsx[2m > [22m[2mGetting Started
[22m[39m[FilesContext] Identity ID: us-east-1:mock-identity-123
[90mstdout[2m | src/components/ChatSidebar.stories.jsx[2m > [22m[2mGetting Started
[22m[39m[FilesContext] About to set up File observeQuery
[90mstdout[2m | src/components/ChatSidebar.stories.jsx[2m > [22m[2mGetting Started
[22m[39m[ChatContext] Setting up AssistantChat observeQuery
[90mstdout[2m | src/components/ChatSidebar.stories.jsx[2m > [22m[2mGetting Started
[22m[39m[ChatContext] Waiting for subscription to initialize
[90mstdout[2m | src/components/ChatSidebar.stories.jsx[2m > [22m[2mGetting Started
[22m[39m[SettingsContext] Setting up Settings subscription for user: mock-user-sub
[90mstdout[2m | src/components/ChatSidebar.stories.jsx[2m > [22m[2mGetting Started
[22m[39m[Mock Data] Settings created: mock-settings-1790418538143 - notified 0 subscribers
[90mstdout[2m | src/components/ChatSidebar.stories.jsx[2m > [22m[2mGetting Started
[22m[39m[Mock Data] Unit.onUpdate() subscription added. Total: 1
[90mstdout[2m | src/components/ChatSidebar.stories.jsx[2m > [22m[2mGetting Started
[22m[39m[SectionContext] Section observeQuery update: 0
[90mstdout[2m | src/components/ChatSidebar.stories.jsx[2m > [22m[2mGetting Started
[22m[39m[FilesContext] File observeQuery update: 6 files
[90mstdout[2m | src/components/ChatSidebar.stories.jsx[2m > [22m[2mGetting Started
[22m[39m[ChatContext] AssistantChat initialized with 1 chats
[90mstdout[2m | src/components/ChatSidebar.stories.jsx[2m > [22m[2mGetting Started
[22m[39m[ChatContext] Setting initial chat: getting-started-chat
[90mstdout[2m | src/components/ChatSidebar.stories.jsx[2m > [22m[2mGetting Started
[22m[39m[MOCK CourseVectorStore] Initialized with mock data
[90mstdout[2m | src/components/ChatSidebar.stories.jsx[2m > [22m[2mGetting Started
[22m[39m[ChatSidebar] Loading messages for chat: getting-started-chat count: 0
[90mstdout[2m | src/components/ChatSidebar.stories.jsx[2m > [22m[2mGetting Started
[22m[39m[ChatSidebar] deepCloneMessages: returning empty array
[90mstdout[2m | src/components/ChatSidebar.stories.jsx[2m > [22m[2mGetting Started
[22m[39m[FilesContext] Vector store population triggered {
  "currentVectorStoreSize": 3,
  "documentsCount": 0,
  "filesCount": 6,
  "isInitialLoad": true,
}
[90mstdout[2m | src/components/ChatSidebar.stories.jsx[2m > [22m[2mGetting Started
[22m[39m[FilesContext] Vector store population complete - 3 total embeddings
[90mstdout[2m | src/components/ChatSidebar.stories.jsx[2m > [22m[2mGetting Started
[22m[39m[ChatContext] Chat exists and not archived, skipping creation
[90mstdout[2m | src/components/ChatSidebar.stories.jsx[2m > [22m[2mGetting Started
[22m[39m[Mock Storage] downloadData called with: undefined
[90mstdout[2m | src/components/ChatSidebar.stories.jsx[2m > [22m[2mGetting Started
[22m[39mfilterWords {
  "filter": "",
  "wordsCount": 0,
}
[90mstdout[2m | src/components/ChatSidebar.stories.jsx[2m > [22m[2mGetting Started
[22m[39m[ChatSidebar] Custom fetch routing to local /api/chat route, ignoring AI SDK url: /api/chat
[90mstdout[2m | src/components/ChatSidebar.stories.jsx[2m > [22m[2mGetting Started
[22m[39m[ChatSidebar] Sending request to /api/chat: {
  "filesCount": 0,
  "hasUnit": true,
  "questionsCount": 0,
  "wordsCount": 0,
}
[90mstdout[2m | src/components/ChatSidebar.stories.jsx[2m > [22m[2mGetting Started
[22m[39m[Mock Fetch] Intercepted /api/chat
[90mstdout[2m | src/components/ChatSidebar.stories.jsx[2m > [22m[2mGetting Started
[22m[39m[Mock Chat API] Received: {
  "context": {
    "courseOutline": null,
    "dictionary": [],
    "files": [],
    "grade": null,
    "questionBank": [],
    "sectionId": null,
    "sections": [],
    "studentMemory": null,
    "unit": {
      "content": "",
      "description": "A mock unit for Storybook development",
      "headingContext": {
        "headingPath": [],
        "suggestedNextHeading": "h1",
      },
      "id": "mock-unit-id",
      "name": "Sample Unit",
    },
  },
  "messages": [
    {
      "id": "j0JDpVuiV0BMlb8F",
      "parts": [
        {
          "text": "Help me create a Japanese greeting lesson",
          "type": "text",
        },
      ],
      "role": "user",
    },
  ],
}
[90mstdout[2m | src/components/ChatSidebar.stories.jsx[2m > [22m[2mTranslation Helper
[22m[39m[ChatContext] Cleaning up subscriptions
[90mstdout[2m | src/components/ChatSidebar.stories.jsx[2m > [22m[2mTranslation Helper
[22m[39m[Mock Data] Unit.onUpdate() subscription removed. Remaining: 0
[90mstdout[2m | src/components/ChatSidebar.stories.jsx[2m > [22m[2mTranslation Helper
[22m[39m[chatTools] Vector store search function registered: false
[90mstdout[2m | src/components/ChatSidebar.stories.jsx[2m > [22m[2mTranslation Helper
[22m[39m[chatTools] Practice drill callback registered: false
[90mstdout[2m | src/components/ChatSidebar.stories.jsx[2m > [22m[2mTranslation Helper
[22m[39m[Mock Data] AssistantChat updated: getting-started-chat - notified 0 subscribers
[90mstdout[2m | src/components/ChatSidebar.stories.jsx[2m > [22m[2mTranslation Helper
[22m[39m[Preview] Skipped initializing default mock data (initializeMockData=false)
[90mstdout[2m | src/components/ChatSidebar.stories.jsx[2m > [22m[2mTranslation Helper
[22m[39m[MOCK CourseVectorStore] Initialized with mock data
[90mstdout[2m | src/components/ChatSidebar.stories.jsx[2m > [22m[2mTranslation Helper
[22m[39m[chatTools] Vector store search function registered: true
[90mstdout[2m | src/components/ChatSidebar.stories.jsx[2m > [22m[2mTranslation Helper
[22m[39m[ChatSidebar] Registered vector store search, isReady: false
[90mstdout[2m | src/components/ChatSidebar.stories.jsx[2m > [22m[2mTranslation Helper
[22m[39m[chatTools] Practice drill callback registered: true
[90mstdout[2m | src/components/ChatSidebar.stories.jsx[2m > [22m[2mTranslation Helper
[22m[39m[TranslationModeController] Setting mode to: off
[90mstdout[2m | src/components/ChatSidebar.stories.jsx[2m > [22m[2mTranslation Helper
[22m[39m[UnitContext] useEffect triggered {
  "authLoading": false,
  "hasUser": true,
  "id": "mock-unit-id",
  "userSub": "mock-user-sub",
}
[90mstdout[2m | src/components/ChatSidebar.stories.jsx[2m > [22m[2mTranslation Helper
[22m[39m[UnitContext] Fetching unit data for id: mock-unit-id
[90mstdout[2m | src/components/ChatSidebar.stories.jsx[2m > [22m[2mTranslation Helper
[22m[39m[FilesContext] Initializing vector store from IndexedDB
[90mstdout[2m | src/components/ChatSidebar.stories.jsx[2m > [22m[2mTranslation Helper
[22m[39m[FilesContext] fetchFiles called
[90mstdout[2m | src/components/ChatSidebar.stories.jsx[2m > [22m[2mTranslation Helper
[22m[39m[FilesContext] User authenticated: mock-user-sub
[90mstdout[2m | src/components/ChatSidebar.stories.jsx[2m > [22m[2mTranslation Helper
[22m[39m[FilesContext] Identity ID: us-east-1:mock-identity-123
[90mstdout[2m | src/components/ChatSidebar.stories.jsx[2m > [22m[2mTranslation Helper
[22m[39m[FilesContext] About to set up File observeQuery
[90mstdout[2m | src/components/ChatSidebar.stories.jsx[2m > [22m[2mTranslation Helper
[22m[39m[ChatContext] Setting up AssistantChat observeQuery
[90mstdout[2m | src/components/ChatSidebar.stories.jsx[2m > [22m[2mTranslation Helper
[22m[39m[ChatContext] Waiting for subscription to initialize
[90mstdout[2m | src/components/ChatSidebar.stories.jsx[2m > [22m[2mTranslation Helper
[22m[39m[SettingsContext] Setting up Settings subscription for user: mock-user-sub
[90mstdout[2m | src/components/ChatSidebar.stories.jsx[2m > [22m[2mTranslation Helper
[22m[39m[Mock Data] Settings created: mock-settings-1790418539572 - notified 0 subscribers
[90mstdout[2m | src/components/ChatSidebar.stories.jsx[2m > [22m[2mTranslation Helper
[22m[39m[Mock Data] Unit.onUpdate() subscription added. Total: 1
[90mstdout[2m | src/components/ChatSidebar.stories.jsx[2m > [22m[2mTranslation Helper
[22m[39m[SectionContext] Section observeQuery update: 0
[90mstdout[2m | src/components/ChatSidebar.stories.jsx[2m > [22m[2mTranslation Helper
[22m[39m[FilesContext] File observeQuery update: 0 files
[90mstdout[2m | src/components/ChatSidebar.stories.jsx[2m > [22m[2mTranslation Helper
[22m[39m[ChatContext] AssistantChat initialized with 1 chats
[90mstdout[2m | src/components/ChatSidebar.stories.jsx[2m > [22m[2mTranslation Helper
[22m[39m[ChatContext] Setting initial chat: translation-chat
[90mstdout[2m | src/components/ChatSidebar.stories.jsx[2m > [22m[2mTranslation Helper
[22m[39m[MOCK CourseVectorStore] Initialized with mock data
[90mstdout[2m | src/components/ChatSidebar.stories.jsx[2m > [22m[2mTranslation Helper
[22m[39m[ChatSidebar] Loading messages for chat: translation-chat count: 2
[90mstdout[2m | src/components/ChatSidebar.stories.jsx[2m > [22m[2mTranslation Helper
[22m[39m[ChatSidebar] deepCloneMessages: cloned 2 messages
[90mstdout[2m | src/components/ChatSidebar.stories.jsx[2m > [22m[2mTranslation Helper
[22m[39m[ChatContext] Chat exists and not archived, skipping creation
[90mstdout[2m | src/components/ChatSidebar.stories.jsx[2m > [22m[2mTranslation Helper
[22m[39m[Mock Storage] downloadData called with: undefined
[90mstdout[2m | src/components/ChatSidebar.stories.jsx[2m > [22m[2mTranslation Helper
[22m[39m[ChatSidebar] Response received: {
  "ok": true,
  "status": 200,
}
[90mstdout[2m | src/components/ChatSidebar.stories.jsx[2m > [22m[2mContent Creation
[22m[39m[ChatContext] Cleaning up subscriptions
[90mstdout[2m | src/components/ChatSidebar.stories.jsx[2m > [22m[2mContent Creation
[22m[39m[Mock Data] Unit.onUpdate() subscription removed. Remaining: 0
[90mstdout[2m | src/components/ChatSidebar.stories.jsx[2m > [22m[2mContent Creation
[22m[39m[chatTools] Vector store search function registered: false
[90mstdout[2m | src/components/ChatSidebar.stories.jsx[2m > [22m[2mContent Creation
[22m[39m[chatTools] Practice drill callback registered: false
[90mstdout[2m | src/components/ChatSidebar.stories.jsx[2m > [22m[2mContent Creation
[22m[39m[Preview] Skipped initializing default mock data (initializeMockData=false)
[90mstdout[2m | src/components/ChatSidebar.stories.jsx[2m > [22m[2mContent Creation
[22m[39m[MOCK CourseVectorStore] Initialized with mock data
[90mstdout[2m | src/components/ChatSidebar.stories.jsx[2m > [22m[2mContent Creation
[22m[39m[Mock Data] seedMockWords: Adding 5 words
[90mstdout[2m | src/components/ChatSidebar.stories.jsx[2m > [22m[2mContent Creation
[22m[39m[chatTools] Vector store search function registered: true
[90mstdout[2m | src/components/ChatSidebar.stories.jsx[2m > [22m[2mContent Creation
[22m[39m[ChatSidebar] Registered vector store search, isReady: false
[90mstdout[2m | src/components/ChatSidebar.stories.jsx[2m > [22m[2mContent Creation
[22m[39m[chatTools] Practice drill callback registered: true
[90mstdout[2m | src/components/ChatSidebar.stories.jsx[2m > [22m[2mContent Creation
[22m[39m[TranslationModeController] Setting mode to: off
[90mstdout[2m | src/components/ChatSidebar.stories.jsx[2m > [22m[2mContent Creation
[22m[39m[UnitContext] useEffect triggered {
  "authLoading": false,
  "hasUser": true,
  "id": "mock-unit-id",
  "userSub": "mock-user-sub",
}
[90mstdout[2m | src/components/ChatSidebar.stories.jsx[2m > [22m[2mContent Creation
[22m[39m[UnitContext] Fetching unit data for id: mock-unit-id
[90mstdout[2m | src/components/ChatSidebar.stories.jsx[2m > [22m[2mContent Creation
[22m[39m[FilesContext] Initializing vector store from IndexedDB
[90mstdout[2m | src/components/ChatSidebar.stories.jsx[2m > [22m[2mContent Creation
[22m[39m[FilesContext] fetchFiles called
[90mstdout[2m | src/components/ChatSidebar.stories.jsx[2m > [22m[2mContent Creation
[22m[39m[FilesContext] User authenticated: mock-user-sub
[90mstdout[2m | src/components/ChatSidebar.stories.jsx[2m > [22m[2mContent Creation
[22m[39m[FilesContext] Identity ID: us-east-1:mock-identity-123
[90mstdout[2m | src/components/ChatSidebar.stories.jsx[2m > [22m[2mContent Creation
[22m[39m[FilesContext] About to set up File observeQuery
[90mstdout[2m | src/components/ChatSidebar.stories.jsx[2m > [22m[2mContent Creation
[22m[39m[ChatContext] Setting up AssistantChat observeQuery
[90mstdout[2m | src/components/ChatSidebar.stories.jsx[2m > [22m[2mContent Creation
[22m[39m[ChatContext] Waiting for subscription to initialize
[90mstdout[2m | src/components/ChatSidebar.stories.jsx[2m > [22m[2mContent Creation
[22m[39m[SettingsContext] Setting up Settings subscription for user: mock-user-sub
[90mstdout[2m | src/components/ChatSidebar.stories.jsx[2m > [22m[2mContent Creation
[22m[39m[Mock Data] Settings created: mock-settings-1790418539887 - notified 0 subscribers
[90mstdout[2m | src/components/ChatSidebar.stories.jsx[2m > [22m[2mContent Creation
[22m[39m[Mock Data] Unit.onUpdate() subscription added. Total: 1
[90mstdout[2m | src/components/ChatSidebar.stories.jsx[2m > [22m[2mContent Creation
[22m[39m[SectionContext] Section observeQuery update: 0
[90mstdout[2m | src/components/ChatSidebar.stories.jsx[2m > [22m[2mContent Creation
[22m[39m[FilesContext] File observeQuery update: 0 files
[90mstdout[2m | src/components/ChatSidebar.stories.jsx[2m > [22m[2mContent Creation
[22m[39m[ChatContext] AssistantChat initialized with 1 chats
[90mstdout[2m | src/components/ChatSidebar.stories.jsx[2m > [22m[2mContent Creation
[22m[39m[ChatContext] Setting initial chat: content-chat
[90mstdout[2m | src/components/ChatSidebar.stories.jsx[2m > [22m[2mContent Creation
[22m[39m[MOCK CourseVectorStore] Initialized with mock data
[90mstdout[2m | src/components/ChatSidebar.stories.jsx[2m > [22m[2mContent Creation
[22m[39m[ChatSidebar] Loading messages for chat: content-chat count: 5
[90mstdout[2m | src/components/ChatSidebar.stories.jsx[2m > [22m[2mContent Creation
[22m[39m[ChatSidebar] deepCloneMessages: cloned 5 messages
[90mstdout[2m | src/components/ChatSidebar.stories.jsx[2m > [22m[2mContent Creation
[22m[39m[ChatContext] Chat exists and not archived, skipping creation
[90mstdout[2m | src/components/ChatSidebar.stories.jsx[2m > [22m[2mContent Creation
[22m[39m[Mock Storage] downloadData called with: undefined
[90mstdout[2m | src/components/ChatSidebar.stories.jsx[2m > [22m[2mWith File Attachments
[22m[39m[ChatContext] Cleaning up subscriptions
[90mstdout[2m | src/components/ChatSidebar.stories.jsx[2m > [22m[2mWith File Attachments
[22m[39m[Mock Data] Unit.onUpdate() subscription removed. Remaining: 0
[90mstdout[2m | src/components/ChatSidebar.stories.jsx[2m > [22m[2mWith File Attachments
[22m[39m[chatTools] Vector store search function registered: false
[90mstdout[2m | src/components/ChatSidebar.stories.jsx[2m > [22m[2mWith File Attachments
[22m[39m[chatTools] Practice drill callback registered: false
[90mstdout[2m | src/components/ChatSidebar.stories.jsx[2m > [22m[2mWith File Attachments
[22m[39m[Preview] Skipped initializing default mock data (initializeMockData=false)
[90mstdout[2m | src/components/ChatSidebar.stories.jsx[2m > [22m[2mWith File Attachments
[22m[39m[MOCK CourseVectorStore] Initialized with mock data
[90mstdout[2m | src/components/ChatSidebar.stories.jsx[2m > [22m[2mWith File Attachments
[22m[39m[chatTools] Vector store search function registered: true
[90mstdout[2m | src/components/ChatSidebar.stories.jsx[2m > [22m[2mWith File Attachments
[22m[39m[ChatSidebar] Registered vector store search, isReady: false
[90mstdout[2m | src/components/ChatSidebar.stories.jsx[2m > [22m[2mWith File Attachments
[22m[39m[chatTools] Practice drill callback registered: true
[90mstdout[2m | src/components/ChatSidebar.stories.jsx[2m > [22m[2mWith File Attachments
[22m[39m[TranslationModeController] Setting mode to: off
[90mstdout[2m | src/components/ChatSidebar.stories.jsx[2m > [22m[2mWith File Attachments
[22m[39m[UnitContext] useEffect triggered {
  "authLoading": false,
  "hasUser": true,
  "id": "mock-unit-id",
  "userSub": "mock-user-sub",
}
[90mstdout[2m | src/components/ChatSidebar.stories.jsx[2m > [22m[2mWith File Attachments
[22m[39m[UnitContext] Fetching unit data for id: mock-unit-id
[90mstdout[2m | src/components/ChatSidebar.stories.jsx[2m > [22m[2mWith File Attachments
[22m[39m[FilesContext] Initializing vector store from IndexedDB
[90mstdout[2m | src/components/ChatSidebar.stories.jsx[2m > [22m[2mWith File Attachments
[22m[39m[FilesContext] fetchFiles called
[90mstdout[2m | src/components/ChatSidebar.stories.jsx[2m > [22m[2mWith File Attachments
[22m[39m[FilesContext] User authenticated: mock-user-sub
[90mstdout[2m | src/components/ChatSidebar.stories.jsx[2m > [22m[2mWith File Attachments
[22m[39m[FilesContext] Identity ID: us-east-1:mock-identity-123
[90mstdout[2m | src/components/ChatSidebar.stories.jsx[2m > [22m[2mWith File Attachments
[22m[39m[FilesContext] About to set up File observeQuery
[90mstdout[2m | src/components/ChatSidebar.stories.jsx[2m > [22m[2mWith File Attachments
[22m[39m[ChatContext] Setting up AssistantChat observeQuery
[90mstdout[2m | src/components/ChatSidebar.stories.jsx[2m > [22m[2mWith File Attachments
[22m[39m[ChatContext] Waiting for subscription to initialize
[90mstdout[2m | src/components/ChatSidebar.stories.jsx[2m > [22m[2mWith File Attachments
[22m[39m[SettingsContext] Setting up Settings subscription for user: mock-user-sub
[90mstdout[2m | src/components/ChatSidebar.stories.jsx[2m > [22m[2mWith File Attachments
[22m[39m[Mock Data] Settings created: mock-settings-1790418541073 - notified 0 subscribers
[90mstdout[2m | src/components/ChatSidebar.stories.jsx[2m > [22m[2mWith File Attachments
[22m[39m[Mock Data] Unit.onUpdate() subscription added. Total: 1
[90mstdout[2m | src/components/ChatSidebar.stories.jsx[2m > [22m[2mWith File Attachments
[22m[39m[SectionContext] Section observeQuery update: 0
[90mstdout[2m | src/components/ChatSidebar.stories.jsx[2m > [22m[2mWith File Attachments
[22m[39m[FilesContext] File observeQuery update: 0 files
[90mstdout[2m | src/components/ChatSidebar.stories.jsx[2m > [22m[2mWith File Attachments
[22m[39m[ChatContext] AssistantChat initialized with 1 chats
[90mstdout[2m | src/components/ChatSidebar.stories.jsx[2m > [22m[2mWith File Attachments
[22m[39m[ChatContext] Setting initial chat: file-chat
[90mstdout[2m | src/components/ChatSidebar.stories.jsx[2m > [22m[2mWith File Attachments
[22m[39m[MOCK CourseVectorStore] Initialized with mock data
[90mstdout[2m | src/components/ChatSidebar.stories.jsx[2m > [22m[2mWith File Attachments
[22m[39m[ChatSidebar] Loading messages for chat: file-chat count: 2
[90mstdout[2m | src/components/ChatSidebar.stories.jsx[2m > [22m[2mWith File Attachments
[22m[39m[ChatSidebar] deepCloneMessages: cloned 2 messages
[90mstdout[2m | src/components/ChatSidebar.stories.jsx[2m > [22m[2mWith File Attachments
[22m[39m[ChatContext] Chat exists and not archived, skipping creation
[90mstdout[2m | src/components/ChatSidebar.stories.jsx[2m > [22m[2mWith File Attachments
[22m[39m[Mock Storage] downloadData called with: undefined
[90mstdout[2m | src/components/ChatSidebar.stories.jsx[2m > [22m[2mQuiz Generator
[22m[39m[ChatContext] Cleaning up subscriptions
[90mstdout[2m | src/components/ChatSidebar.stories.jsx[2m > [22m[2mQuiz Generator
[22m[39m[Mock Data] Unit.onUpdate() subscription removed. Remaining: 0
[90mstdout[2m | src/components/ChatSidebar.stories.jsx[2m > [22m[2mQuiz Generator
[22m[39m[chatTools] Vector store search function registered: false
[90mstdout[2m | src/components/ChatSidebar.stories.jsx[2m > [22m[2mQuiz Generator
[22m[39m[chatTools] Practice drill callback registered: false
[90mstdout[2m | src/components/ChatSidebar.stories.jsx[2m > [22m[2mQuiz Generator
[22m[39m[Preview] Skipped initializing default mock data (initializeMockData=false)
[90mstdout[2m | src/components/ChatSidebar.stories.jsx[2m > [22m[2mQuiz Generator
[22m[39m[MOCK CourseVectorStore] Initialized with mock data
[90mstdout[2m | src/components/ChatSidebar.stories.jsx[2m > [22m[2mQuiz Generator
[22m[39m[chatTools] Vector store search function registered: true
[90mstdout[2m | src/components/ChatSidebar.stories.jsx[2m > [22m[2mQuiz Generator
[22m[39m[ChatSidebar] Registered vector store search, isReady: false
[90mstdout[2m | src/components/ChatSidebar.stories.jsx[2m > [22m[2mQuiz Generator
[22m[39m[chatTools] Practice drill callback registered: true
[90mstdout[2m | src/components/ChatSidebar.stories.jsx[2m > [22m[2mQuiz Generator
[22m[39m[TranslationModeController] Setting mode to: off
[90mstdout[2m | src/components/ChatSidebar.stories.jsx[2m > [22m[2mQuiz Generator
[22m[39m[UnitContext] useEffect triggered {
  "authLoading": false,
  "hasUser": true,
  "id": "mock-unit-id",
  "userSub": "mock-user-sub",
}
[90mstdout[2m | src/components/ChatSidebar.stories.jsx[2m > [22m[2mQuiz Generator
[22m[39m[UnitContext] Fetching unit data for id: mock-unit-id
[90mstdout[2m | src/components/ChatSidebar.stories.jsx[2m > [22m[2mQuiz Generator
[22m[39m[FilesContext] Initializing vector store from IndexedDB
[90mstdout[2m | src/components/ChatSidebar.stories.jsx[2m > [22m[2mQuiz Generator
[22m[39m[FilesContext] fetchFiles called
[90mstdout[2m | src/components/ChatSidebar.stories.jsx[2m > [22m[2mQuiz Generator
[22m[39m[FilesContext] User authenticated: mock-user-sub
[90mstdout[2m | src/components/ChatSidebar.stories.jsx[2m > [22m[2mQuiz Generator
[22m[39m[FilesContext] Identity ID: us-east-1:mock-identity-123
[90mstdout[2m | src/components/ChatSidebar.stories.jsx[2m > [22m[2mQuiz Generator
[22m[39m[FilesContext] About to set up File observeQuery
[90mstdout[2m | src/components/ChatSidebar.stories.jsx[2m > [22m[2mQuiz Generator
[22m[39m[ChatContext] Setting up AssistantChat observeQuery
[90mstdout[2m | src/components/ChatSidebar.stories.jsx[2m > [22m[2mQuiz Generator
[22m[39m[ChatContext] Waiting for subscription to initialize
[90mstdout[2m | src/components/ChatSidebar.stories.jsx[2m > [22m[2mQuiz Generator
[22m[39m[SettingsContext] Setting up Settings subscription for user: mock-user-sub
[90mstdout[2m | src/components/ChatSidebar.stories.jsx[2m > [22m[2mQuiz Generator
[22m[39m[Mock Data] Settings created: mock-settings-1790418541460 - notified 0 subscribers
[90mstdout[2m | src/components/ChatSidebar.stories.jsx[2m > [22m[2mQuiz Generator
[22m[39m[Mock Data] Unit.onUpdate() subscription added. Total: 1
[90mstdout[2m | src/components/ChatSidebar.stories.jsx[2m > [22m[2mQuiz Generator
[22m[39m[SectionContext] Section observeQuery update: 0
[90mstdout[2m | src/components/ChatSidebar.stories.jsx[2m > [22m[2mQuiz Generator
[22m[39m[FilesContext] File observeQuery update: 0 files
[90mstdout[2m | src/components/ChatSidebar.stories.jsx[2m > [22m[2mQuiz Generator
[22m[39m[ChatContext] AssistantChat initialized with 1 chats
[90mstdout[2m | src/components/ChatSidebar.stories.jsx[2m > [22m[2mQuiz Generator
[22m[39m[ChatContext] Setting initial chat: quiz-chat
[90mstdout[2m | src/components/ChatSidebar.stories.jsx[2m > [22m[2mQuiz Generator
[22m[39m[MOCK CourseVectorStore] Initialized with mock data
[90mstdout[2m | src/components/ChatSidebar.stories.jsx[2m > [22m[2mQuiz Generator
[22m[39m[ChatSidebar] Loading messages for chat: quiz-chat count: 3
[90mstdout[2m | src/components/ChatSidebar.stories.jsx[2m > [22m[2mQuiz Generator
[22m[39m[ChatSidebar] deepCloneMessages: cloned 3 messages
[90mstdout[2m | src/components/ChatSidebar.stories.jsx[2m > [22m[2mQuiz Generator
[22m[39m[ChatContext] Chat exists and not archived, skipping creation
[90mstdout[2m | src/components/ChatSidebar.stories.jsx[2m > [22m[2mQuiz Generator
[22m[39m[Mock Storage] downloadData called with: undefined
[90mstdout[2m | src/components/ChatSidebar.stories.jsx[2m > [22m[2mAnswer Block Generator
[22m[39m[ChatContext] Cleaning up subscriptions
[90mstdout[2m | src/components/ChatSidebar.stories.jsx[2m > [22m[2mAnswer Block Generator
[22m[39m[Mock Data] Unit.onUpdate() subscription removed. Remaining: 0
[90mstdout[2m | src/components/ChatSidebar.stories.jsx[2m > [22m[2mAnswer Block Generator
[22m[39m[chatTools] Vector store search function registered: false
[90mstdout[2m | src/components/ChatSidebar.stories.jsx[2m > [22m[2mAnswer Block Generator
[22m[39m[chatTools] Practice drill callback registered: false
[90mstdout[2m | src/components/ChatSidebar.stories.jsx[2m > [22m[2mAnswer Block Generator
[22m[39m[Preview] Skipped initializing default mock data (initializeMockData=false)
[90mstdout[2m | src/components/ChatSidebar.stories.jsx[2m > [22m[2mAnswer Block Generator
[22m[39m[MOCK CourseVectorStore] Initialized with mock data
[90mstdout[2m | src/components/ChatSidebar.stories.jsx[2m > [22m[2mAnswer Block Generator
[22m[39m[Mock Data] seedMockWords: Adding 3 words
[90mstdout[2m | src/components/ChatSidebar.stories.jsx[2m > [22m[2mAnswer Block Generator
[22m[39m[chatTools] Vector store search function registered: true
[90mstdout[2m | src/components/ChatSidebar.stories.jsx[2m > [22m[2mAnswer Block Generator
[22m[39m[ChatSidebar] Registered vector store search, isReady: false
[90mstdout[2m | src/components/ChatSidebar.stories.jsx[2m > [22m[2mAnswer Block Generator
[22m[39m[chatTools] Practice drill callback registered: true
[90mstdout[2m | src/components/ChatSidebar.stories.jsx[2m > [22m[2mAnswer Block Generator
[22m[39m[TranslationModeController] Setting mode to: off
[90mstdout[2m | src/components/ChatSidebar.stories.jsx[2m > [22m[2mAnswer Block Generator
[22m[39m[UnitContext] useEffect triggered {
  "authLoading": false,
  "hasUser": true,
  "id": "mock-unit-id",
  "userSub": "mock-user-sub",
}
[90mstdout[2m | src/components/ChatSidebar.stories.jsx[2m > [22m[2mAnswer Block Generator
[22m[39m[UnitContext] Fetching unit data for id: mock-unit-id
[90mstdout[2m | src/components/ChatSidebar.stories.jsx[2m > [22m[2mAnswer Block Generator
[22m[39m[FilesContext] Initializing vector store from IndexedDB
[90mstdout[2m | src/components/ChatSidebar.stories.jsx[2m > [22m[2mAnswer Block Generator
[22m[39m[FilesContext] fetchFiles called
[90mstdout[2m | src/components/ChatSidebar.stories.jsx[2m > [22m[2mAnswer Block Generator
[22m[39m[FilesContext] User authenticated: mock-user-sub
[90mstdout[2m | src/components/ChatSidebar.stories.jsx[2m > [22m[2mAnswer Block Generator
[22m[39m[FilesContext] Identity ID: us-east-1:mock-identity-123
[90mstdout[2m | src/components/ChatSidebar.stories.jsx[2m > [22m[2mAnswer Block Generator
[22m[39m[FilesContext] About to set up File observeQuery
[90mstdout[2m | src/components/ChatSidebar.stories.jsx[2m > [22m[2mAnswer Block Generator
[22m[39m[ChatContext] Setting up AssistantChat observeQuery
[90mstdout[2m | src/components/ChatSidebar.stories.jsx[2m > [22m[2mAnswer Block Generator
[22m[39m[ChatContext] Waiting for subscription to initialize
[90mstdout[2m | src/components/ChatSidebar.stories.jsx[2m > [22m[2mAnswer Block Generator
[22m[39m[SettingsContext] Setting up Settings subscription for user: mock-user-sub
[90mstdout[2m | src/components/ChatSidebar.stories.jsx[2m > [22m[2mAnswer Block Generator
[22m[39m[Mock Data] Settings created: mock-settings-1790418542116 - notified 0 subscribers
[90mstdout[2m | src/components/ChatSidebar.stories.jsx[2m > [22m[2mAnswer Block Generator
[22m[39m[Mock Data] Unit.onUpdate() subscription added. Total: 1
[90mstdout[2m | src/components/ChatSidebar.stories.jsx[2m > [22m[2mAnswer Block Generator
[22m[39m[SectionContext] Section observeQuery update: 0
[90mstdout[2m | src/components/ChatSidebar.stories.jsx[2m > [22m[2mAnswer Block Generator
[22m[39m[FilesContext] File observeQuery update: 0 files
[90mstdout[2m | src/components/ChatSidebar.stories.jsx[2m > [22m[2mAnswer Block Generator
[22m[39m[ChatContext] AssistantChat initialized with 1 chats
[90mstdout[2m | src/components/ChatSidebar.stories.jsx[2m > [22m[2mAnswer Block Generator
[22m[39m[ChatContext] Setting initial chat: answer-block-chat
[90mstdout[2m | src/components/ChatSidebar.stories.jsx[2m > [22m[2mAnswer Block Generator
[22m[39m[MOCK CourseVectorStore] Initialized with mock data
[90mstdout[2m | src/components/ChatSidebar.stories.jsx[2m > [22m[2mAnswer Block Generator
[22m[39m[ChatSidebar] Loading messages for chat: answer-block-chat count: 3
[90mstdout[2m | src/components/ChatSidebar.stories.jsx[2m > [22m[2mAnswer Block Generator
[22m[39m[ChatSidebar] deepCloneMessages: cloned 3 messages
[90mstdout[2m | src/components/ChatSidebar.stories.jsx[2m > [22m[2mAnswer Block Generator
[22m[39m[ChatContext] Chat exists and not archived, skipping creation
[90mstdout[2m | src/components/ChatSidebar.stories.jsx[2m > [22m[2mAnswer Block Generator
[22m[39m[Mock Storage] downloadData called with: undefined
[90mstdout[2m | src/components/ChatSidebar.stories.jsx[2m > [22m[2mMeaning Association Generator
[22m[39m[ChatContext] Cleaning up subscriptions
[90mstdout[2m | src/components/ChatSidebar.stories.jsx[2m > [22m[2mMeaning Association Generator
[22m[39m[Mock Data] Unit.onUpdate() subscription removed. Remaining: 0
[90mstdout[2m | src/components/ChatSidebar.stories.jsx[2m > [22m[2mMeaning Association Generator
[22m[39m[chatTools] Vector store search function registered: false
[90mstdout[2m | src/components/ChatSidebar.stories.jsx[2m > [22m[2mMeaning Association Generator
[22m[39m[chatTools] Practice drill callback registered: false
[90mstdout[2m | src/components/ChatSidebar.stories.jsx[2m > [22m[2mMeaning Association Generator
[22m[39m[Preview] Skipped initializing default mock data (initializeMockData=false)
[90mstdout[2m | src/components/ChatSidebar.stories.jsx[2m > [22m[2mMeaning Association Generator
[22m[39m[MOCK CourseVectorStore] Initialized with mock data
[90mstdout[2m | src/components/ChatSidebar.stories.jsx[2m > [22m[2mMeaning Association Generator
[22m[39m[Mock Data] seedMockWords: Adding 4 words
[90mstdout[2m | src/components/ChatSidebar.stories.jsx[2m > [22m[2mMeaning Association Generator
[22m[39m[chatTools] Vector store search function registered: true
[90mstdout[2m | src/components/ChatSidebar.stories.jsx[2m > [22m[2mMeaning Association Generator
[22m[39m[ChatSidebar] Registered vector store search, isReady: false
[90mstdout[2m | src/components/ChatSidebar.stories.jsx[2m > [22m[2mMeaning Association Generator
[22m[39m[chatTools] Practice drill callback registered: true
[90mstdout[2m | src/components/ChatSidebar.stories.jsx[2m > [22m[2mMeaning Association Generator
[22m[39m[TranslationModeController] Setting mode to: off
[90mstdout[2m | src/components/ChatSidebar.stories.jsx[2m > [22m[2mMeaning Association Generator
[22m[39m[UnitContext] useEffect triggered {
  "authLoading": false,
  "hasUser": true,
  "id": "mock-unit-id",
  "userSub": "mock-user-sub",
}
[90mstdout[2m | src/components/ChatSidebar.stories.jsx[2m > [22m[2mMeaning Association Generator
[22m[39m[UnitContext] Fetching unit data for id: mock-unit-id
[90mstdout[2m | src/components/ChatSidebar.stories.jsx[2m > [22m[2mMeaning Association Generator
[22m[39m[FilesContext] Initializing vector store from IndexedDB
[90mstdout[2m | src/components/ChatSidebar.stories.jsx[2m > [22m[2mMeaning Association Generator
[22m[39m[FilesContext] fetchFiles called
[90mstdout[2m | src/components/ChatSidebar.stories.jsx[2m > [22m[2mMeaning Association Generator
[22m[39m[FilesContext] User authenticated: mock-user-sub
[90mstdout[2m | src/components/ChatSidebar.stories.jsx[2m > [22m[2mMeaning Association Generator
[22m[39m[FilesContext] Identity ID: us-east-1:mock-identity-123
[90mstdout[2m | src/components/ChatSidebar.stories.jsx[2m > [22m[2mMeaning Association Generator
[22m[39m[FilesContext] About to set up File observeQuery
[90mstdout[2m | src/components/ChatSidebar.stories.jsx[2m > [22m[2mMeaning Association Generator
[22m[39m[ChatContext] Setting up AssistantChat observeQuery
[90mstdout[2m | src/components/ChatSidebar.stories.jsx[2m > [22m[2mMeaning Association Generator
[22m[39m[ChatContext] Waiting for subscription to initialize
[90mstdout[2m | src/components/ChatSidebar.stories.jsx[2m > [22m[2mMeaning Association Generator
[22m[39m[SettingsContext] Setting up Settings subscription for user: mock-user-sub
[90mstdout[2m | src/components/ChatSidebar.stories.jsx[2m > [22m[2mMeaning Association Generator
[22m[39m[Mock Data] Settings created: mock-settings-1790418542883 - notified 0 subscribers
[90mstdout[2m | src/components/ChatSidebar.stories.jsx[2m > [22m[2mMeaning Association Generator
[22m[39m[Mock Data] Unit.onUpdate() subscription added. Total: 1
[90mstdout[2m | src/components/ChatSidebar.stories.jsx[2m > [22m[2mMeaning Association Generator
[22m[39m[SectionContext] Section observeQuery update: 0
[90mstdout[2m | src/components/ChatSidebar.stories.jsx[2m > [22m[2mMeaning Association Generator
[22m[39m[FilesContext] File observeQuery update: 0 files
[90mstdout[2m | src/components/ChatSidebar.stories.jsx[2m > [22m[2mMeaning Association Generator
[22m[39m[ChatContext] AssistantChat initialized with 1 chats
[90mstdout[2m | src/components/ChatSidebar.stories.jsx[2m > [22m[2mMeaning Association Generator
[22m[39m[ChatContext] Setting initial chat: meaning-chat
[90mstdout[2m | src/components/ChatSidebar.stories.jsx[2m > [22m[2mMeaning Association Generator
[22m[39m[MOCK CourseVectorStore] Initialized with mock data
[90mstdout[2m | src/components/ChatSidebar.stories.jsx[2m > [22m[2mMeaning Association Generator
[22m[39m[ChatSidebar] Loading messages for chat: meaning-chat count: 3
[90mstdout[2m | src/components/ChatSidebar.stories.jsx[2m > [22m[2mMeaning Association Generator
[22m[39m[ChatSidebar] deepCloneMessages: cloned 3 messages
[90mstdout[2m | src/components/ChatSidebar.stories.jsx[2m > [22m[2mMeaning Association Generator
[22m[39m[ChatContext] Chat exists and not archived, skipping creation
[90mstdout[2m | src/components/ChatSidebar.stories.jsx[2m > [22m[2mMeaning Association Generator
[22m[39m[Mock Storage] downloadData called with: undefined
[90mstdout[2m | src/components/ChatSidebar.stories.jsx[2m > [22m[2mCustom Answer Generator
[22m[39m[ChatContext] Cleaning up subscriptions
[90mstdout[2m | src/components/ChatSidebar.stories.jsx[2m > [22m[2mCustom Answer Generator
[22m[39m[Mock Data] Unit.onUpdate() subscription removed. Remaining: 0
[90mstdout[2m | src/components/ChatSidebar.stories.jsx[2m > [22m[2mCustom Answer Generator
[22m[39m[chatTools] Vector store search function registered: false
[90mstdout[2m | src/components/ChatSidebar.stories.jsx[2m > [22m[2mCustom Answer Generator
[22m[39m[chatTools] Practice drill callback registered: false
[90mstdout[2m | src/components/ChatSidebar.stories.jsx[2m > [22m[2mCustom Answer Generator
[22m[39m[Preview] Skipped initializing default mock data (initializeMockData=false)
[90mstdout[2m | src/components/ChatSidebar.stories.jsx[2m > [22m[2mCustom Answer Generator
[22m[39m[MOCK CourseVectorStore] Initialized with mock data
[90mstdout[2m | src/components/ChatSidebar.stories.jsx[2m > [22m[2mCustom Answer Generator
[22m[39m[Mock Data] seedMockQuestions: Adding 2 questions
[90mstdout[2m | src/components/ChatSidebar.stories.jsx[2m > [22m[2mCustom Answer Generator
[22m[39m[chatTools] Vector store search function registered: true
[90mstdout[2m | src/components/ChatSidebar.stories.jsx[2m > [22m[2mCustom Answer Generator
[22m[39m[ChatSidebar] Registered vector store search, isReady: false
[90mstdout[2m | src/components/ChatSidebar.stories.jsx[2m > [22m[2mCustom Answer Generator
[22m[39m[chatTools] Practice drill callback registered: true
[90mstdout[2m | src/components/ChatSidebar.stories.jsx[2m > [22m[2mCustom Answer Generator
[22m[39m[TranslationModeController] Setting mode to: off
[90mstdout[2m | src/components/ChatSidebar.stories.jsx[2m > [22m[2mCustom Answer Generator
[22m[39m[UnitContext] useEffect triggered {
  "authLoading": false,
  "hasUser": true,
  "id": "mock-unit-id",
  "userSub": "mock-user-sub",
}
[90mstdout[2m | src/components/ChatSidebar.stories.jsx[2m > [22m[2mCustom Answer Generator
[22m[39m[UnitContext] Fetching unit data for id: mock-unit-id
[90mstdout[2m | src/components/ChatSidebar.stories.jsx[2m > [22m[2mCustom Answer Generator
[22m[39m[FilesContext] Initializing vector store from IndexedDB
[90mstdout[2m | src/components/ChatSidebar.stories.jsx[2m > [22m[2mCustom Answer Generator
[22m[39m[FilesContext] fetchFiles called
[90mstdout[2m | src/components/ChatSidebar.stories.jsx[2m > [22m[2mCustom Answer Generator
[22m[39m[FilesContext] User authenticated: mock-user-sub
[90mstdout[2m | src/components/ChatSidebar.stories.jsx[2m > [22m[2mCustom Answer Generator
[22m[39m[FilesContext] Identity ID: us-east-1:mock-identity-123
[90mstdout[2m | src/components/ChatSidebar.stories.jsx[2m > [22m[2mCustom Answer Generator
[22m[39m[FilesContext] About to set up File observeQuery
[90mstdout[2m | src/components/ChatSidebar.stories.jsx[2m > [22m[2mCustom Answer Generator
[22m[39m[ChatContext] Setting up AssistantChat observeQuery
[90mstdout[2m | src/components/ChatSidebar.stories.jsx[2m > [22m[2mCustom Answer Generator
[22m[39m[ChatContext] Waiting for subscription to initialize
[90mstdout[2m | src/components/ChatSidebar.stories.jsx[2m > [22m[2mCustom Answer Generator
[22m[39m[SettingsContext] Setting up Settings subscription for user: mock-user-sub
[90mstdout[2m | src/components/ChatSidebar.stories.jsx[2m > [22m[2mCustom Answer Generator
[22m[39m[Mock Data] Settings created: mock-settings-1790418543572 - notified 0 subscribers
[90mstdout[2m | src/components/ChatSidebar.stories.jsx[2m > [22m[2mCustom Answer Generator
[22m[39m[Mock Data] Unit.onUpdate() subscription added. Total: 1
[90mstdout[2m | src/components/ChatSidebar.stories.jsx[2m > [22m[2mCustom Answer Generator
[22m[39m[SectionContext] Section observeQuery update: 0
[90mstdout[2m | src/components/ChatSidebar.stories.jsx[2m > [22m[2mCustom Answer Generator
[22m[39m[FilesContext] File observeQuery update: 0 files
[90mstdout[2m | src/components/ChatSidebar.stories.jsx[2m > [22m[2mCustom Answer Generator
[22m[39m[ChatContext] AssistantChat initialized with 1 chats
[90mstdout[2m | src/components/ChatSidebar.stories.jsx[2m > [22m[2mCustom Answer Generator
[22m[39m[ChatContext] Setting initial chat: custom-answer-chat
[90mstdout[2m | src/components/ChatSidebar.stories.jsx[2m > [22m[2mCustom Answer Generator
[22m[39m[MOCK CourseVectorStore] Initialized with mock data
[90mstdout[2m | src/components/ChatSidebar.stories.jsx[2m > [22m[2mCustom Answer Generator
[22m[39m[ChatSidebar] Loading messages for chat: custom-answer-chat count: 3
[90mstdout[2m | src/components/ChatSidebar.stories.jsx[2m > [22m[2mCustom Answer Generator
[22m[39m[ChatSidebar] deepCloneMessages: cloned 3 messages
[90mstdout[2m | src/components/ChatSidebar.stories.jsx[2m > [22m[2mCustom Answer Generator
[22m[39m[ChatContext] Chat exists and not archived, skipping creation
[90mstdout[2m | src/components/ChatSidebar.stories.jsx[2m > [22m[2mCustom Answer Generator
[22m[39m[Mock Storage] downloadData called with: undefined
[90mstdout[2m | src/components/ChatSidebar.stories.jsx[2m > [22m[2mGrammar Explainer
[22m[39m[ChatContext] Cleaning up subscriptions
[90mstdout[2m | src/components/ChatSidebar.stories.jsx[2m > [22m[2mGrammar Explainer
[22m[39m[Mock Data] Unit.onUpdate() subscription removed. Remaining: 0
[90mstdout[2m | src/components/ChatSidebar.stories.jsx[2m > [22m[2mGrammar Explainer
[22m[39m[chatTools] Vector store search function registered: false
[90mstdout[2m | src/components/ChatSidebar.stories.jsx[2m > [22m[2mGrammar Explainer
[22m[39m[chatTools] Practice drill callback registered: false
[90mstdout[2m | src/components/ChatSidebar.stories.jsx[2m > [22m[2mGrammar Explainer
[22m[39m[Preview] Skipped initializing default mock data (initializeMockData=false)
[90mstdout[2m | src/components/ChatSidebar.stories.jsx[2m > [22m[2mGrammar Explainer
[22m[39m[MOCK CourseVectorStore] Initialized with mock data
[90mstdout[2m | src/components/ChatSidebar.stories.jsx[2m > [22m[2mGrammar Explainer
[22m[39m[chatTools] Vector store search function registered: true
[90mstdout[2m | src/components/ChatSidebar.stories.jsx[2m > [22m[2mGrammar Explainer
[22m[39m[ChatSidebar] Registered vector store search, isReady: false
[90mstdout[2m | src/components/ChatSidebar.stories.jsx[2m > [22m[2mGrammar Explainer
[22m[39m[chatTools] Practice drill callback registered: true
[90mstdout[2m | src/components/ChatSidebar.stories.jsx[2m > [22m[2mGrammar Explainer
[22m[39m[TranslationModeController] Setting mode to: off
[90mstdout[2m | src/components/ChatSidebar.stories.jsx[2m > [22m[2mGrammar Explainer
[22m[39m[UnitContext] useEffect triggered {
  "authLoading": false,
  "hasUser": true,
  "id": "mock-unit-id",
  "userSub": "mock-user-sub",
}
[90mstdout[2m | src/components/ChatSidebar.stories.jsx[2m > [22m[2mGrammar Explainer
[22m[39m[UnitContext] Fetching unit data for id: mock-unit-id
[90mstdout[2m | src/components/ChatSidebar.stories.jsx[2m > [22m[2mGrammar Explainer
[22m[39m[FilesContext] Initializing vector store from IndexedDB
[90mstdout[2m | src/components/ChatSidebar.stories.jsx[2m > [22m[2mGrammar Explainer
[22m[39m[FilesContext] fetchFiles called
[90mstdout[2m | src/components/ChatSidebar.stories.jsx[2m > [22m[2mGrammar Explainer
[22m[39m[FilesContext] User authenticated: mock-user-sub
[90mstdout[2m | src/components/ChatSidebar.stories.jsx[2m > [22m[2mGrammar Explainer
[22m[39m[FilesContext] Identity ID: us-east-1:mock-identity-123
[90mstdout[2m | src/components/ChatSidebar.stories.jsx[2m > [22m[2mGrammar Explainer
[22m[39m[FilesContext] About to set up File observeQuery
[90mstdout[2m | src/components/ChatSidebar.stories.jsx[2m > [22m[2mGrammar Explainer
[22m[39m[ChatContext] Setting up AssistantChat observeQuery
[90mstdout[2m | src/components/ChatSidebar.stories.jsx[2m > [22m[2mGrammar Explainer
[22m[39m[ChatContext] Waiting for subscription to initialize
[90mstdout[2m | src/components/ChatSidebar.stories.jsx[2m > [22m[2mGrammar Explainer
[22m[39m[SettingsContext] Setting up Settings subscription for user: mock-user-sub
[90mstdout[2m | src/components/ChatSidebar.stories.jsx[2m > [22m[2mGrammar Explainer
[22m[39m[Mock Data] Settings created: mock-settings-1790418544258 - notified 0 subscribers
[90mstdout[2m | src/components/ChatSidebar.stories.jsx[2m > [22m[2mGrammar Explainer
[22m[39m[Mock Data] Unit.onUpdate() subscription added. Total: 1
[90mstdout[2m | src/components/ChatSidebar.stories.jsx[2m > [22m[2mGrammar Explainer
[22m[39m[SectionContext] Section observeQuery update: 0
[90mstdout[2m | src/components/ChatSidebar.stories.jsx[2m > [22m[2mGrammar Explainer
[22m[39m[FilesContext] File observeQuery update: 0 files
[90mstdout[2m | src/components/ChatSidebar.stories.jsx[2m > [22m[2mGrammar Explainer
[22m[39m[ChatContext] AssistantChat initialized with 1 chats
[90mstdout[2m | src/components/ChatSidebar.stories.jsx[2m > [22m[2mGrammar Explainer
[22m[39m[ChatContext] Setting initial chat: grammar-chat
[90mstdout[2m | src/components/ChatSidebar.stories.jsx[2m > [22m[2mGrammar Explainer
[22m[39m[MOCK CourseVectorStore] Initialized with mock data
[90mstdout[2m | src/components/ChatSidebar.stories.jsx[2m > [22m[2mGrammar Explainer
[22m[39m[ChatSidebar] Loading messages for chat: grammar-chat count: 2
[90mstdout[2m | src/components/ChatSidebar.stories.jsx[2m > [22m[2mGrammar Explainer
[22m[39m[ChatSidebar] deepCloneMessages: cloned 2 messages
[90mstdout[2m | src/components/ChatSidebar.stories.jsx[2m > [22m[2mGrammar Explainer
[22m[39m[ChatContext] Chat exists and not archived, skipping creation
[90mstdout[2m | src/components/ChatSidebar.stories.jsx[2m > [22m[2mGrammar Explainer
[22m[39m[Mock Storage] downloadData called with: undefined
[90mstdout[2m | src/components/ChatSidebar.stories.jsx[2m > [22m[2mConversation History
[22m[39m[ChatContext] Cleaning up subscriptions
[90mstdout[2m | src/components/ChatSidebar.stories.jsx[2m > [22m[2mConversation History
[22m[39m[Mock Data] Unit.onUpdate() subscription removed. Remaining: 0
[90mstdout[2m | src/components/ChatSidebar.stories.jsx[2m > [22m[2mConversation History
[22m[39m[chatTools] Vector store search function registered: false
[90mstdout[2m | src/components/ChatSidebar.stories.jsx[2m > [22m[2mConversation History
[22m[39m[chatTools] Practice drill callback registered: false
[90mstdout[2m | src/components/ChatSidebar.stories.jsx[2m > [22m[2mConversation History
[22m[39m[Preview] Skipped initializing default mock data (initializeMockData=false)
[90mstdout[2m | src/components/ChatSidebar.stories.jsx[2m > [22m[2mConversation History
[22m[39m[MOCK CourseVectorStore] Initialized with mock data
[90mstdout[2m | src/components/ChatSidebar.stories.jsx[2m > [22m[2mConversation History
[22m[39m[Mock Data] seedMockWords: Adding 7 words
[90mstdout[2m | src/components/ChatSidebar.stories.jsx[2m > [22m[2mConversation History
[22m[39m[Mock Data] seedMockQuestions: Adding 2 questions
[90mstdout[2m | src/components/ChatSidebar.stories.jsx[2m > [22m[2mConversation History
[22m[39m[chatTools] Vector store search function registered: true
[90mstdout[2m | src/components/ChatSidebar.stories.jsx[2m > [22m[2mConversation History
[22m[39m[ChatSidebar] Registered vector store search, isReady: false
[90mstdout[2m | src/components/ChatSidebar.stories.jsx[2m > [22m[2mConversation History
[22m[39m[chatTools] Practice drill callback registered: true
[90mstdout[2m | src/components/ChatSidebar.stories.jsx[2m > [22m[2mConversation History
[22m[39m[TranslationModeController] Setting mode to: off
[90mstdout[2m | src/components/ChatSidebar.stories.jsx[2m > [22m[2mConversation History
[22m[39m[UnitContext] useEffect triggered {
  "authLoading": false,
  "hasUser": true,
  "id": "mock-unit-id",
  "userSub": "mock-user-sub",
}
[90mstdout[2m | src/components/ChatSidebar.stories.jsx[2m > [22m[2mConversation History
[22m[39m[UnitContext] Fetching unit data for id: mock-unit-id
[90mstdout[2m | src/components/ChatSidebar.stories.jsx[2m > [22m[2mConversation History
[22m[39m[FilesContext] Initializing vector store from IndexedDB
[90mstdout[2m | src/components/ChatSidebar.stories.jsx[2m > [22m[2mConversation History
[22m[39m[FilesContext] fetchFiles called
[90mstdout[2m | src/components/ChatSidebar.stories.jsx[2m > [22m[2mConversation History
[22m[39m[FilesContext] User authenticated: mock-user-sub
[90mstdout[2m | src/components/ChatSidebar.stories.jsx[2m > [22m[2mConversation History
[22m[39m[FilesContext] Identity ID: us-east-1:mock-identity-123
[90mstdout[2m | src/components/ChatSidebar.stories.jsx[2m > [22m[2mConversation History
[22m[39m[FilesContext] About to set up File observeQuery
[90mstdout[2m | src/components/ChatSidebar.stories.jsx[2m > [22m[2mConversation History
[22m[39m[ChatContext] Setting up AssistantChat observeQuery
[90mstdout[2m | src/components/ChatSidebar.stories.jsx[2m > [22m[2mConversation History
[22m[39m[ChatContext] Waiting for subscription to initialize
[90mstdout[2m | src/components/ChatSidebar.stories.jsx[2m > [22m[2mConversation History
[22m[39m[SettingsContext] Setting up Settings subscription for user: mock-user-sub
[90mstdout[2m | src/components/ChatSidebar.stories.jsx[2m > [22m[2mConversation History
[22m[39m[Mock Data] Settings created: mock-settings-1790418544706 - notified 0 subscribers
[90mstdout[2m | src/components/ChatSidebar.stories.jsx[2m > [22m[2mConversation History
[22m[39m[Mock Data] Unit.onUpdate() subscription added. Total: 1
[90mstdout[2m | src/components/ChatSidebar.stories.jsx[2m > [22m[2mConversation History
[22m[39m[ChatSidebar] Message finished: {
  "finishReason": undefined,
  "isAbort": false,
  "isDisconnect": false,
  "isError": false,
  "message": {
    "id": "i3N6voZiaQ6RzZGk",
    "metadata": undefined,
    "parts": [],
    "role": "assistant",
  },
  "messages": [
    {
      "id": "j0JDpVuiV0BMlb8F",
      "metadata": undefined,
      "parts": [
        {
          "text": "Help me create a Japanese greeting lesson",
          "type": "text",
        },
      ],
      "role": "user",
    },
  ],
}
[90mstdout[2m | src/components/ChatSidebar.stories.jsx[2m > [22m[2mConversation History
[22m[39m[ChatSidebar] deepCloneMessages: cloned 1 messages
[90mstdout[2m | src/components/ChatSidebar.stories.jsx[2m > [22m[2mConversation History
[22m[39m[SectionContext] Section observeQuery update: 0
[90mstdout[2m | src/components/ChatSidebar.stories.jsx[2m > [22m[2mConversation History
[22m[39m[FilesContext] File observeQuery update: 0 files
[90mstdout[2m | src/components/ChatSidebar.stories.jsx[2m > [22m[2mConversation History
[22m[39m[ChatContext] AssistantChat initialized with 1 chats
[90mstdout[2m | src/components/ChatSidebar.stories.jsx[2m > [22m[2mConversation History
[22m[39m[ChatContext] Setting initial chat: mock-assistant-chat-1
[90mstdout[2m | src/components/ChatSidebar.stories.jsx[2m > [22m[2mConversation History
[22m[39m[MOCK CourseVectorStore] Initialized with mock data
[90mstdout[2m | src/components/ChatSidebar.stories.jsx[2m > [22m[2mConversation History
[22m[39m[ChatSidebar] Loading messages for chat: mock-assistant-chat-1 count: 17
[90mstdout[2m | src/components/ChatSidebar.stories.jsx[2m > [22m[2mConversation History
[22m[39m[ChatSidebar] deepCloneMessages: cloned 17 messages
[90mstdout[2m | src/components/ChatSidebar.stories.jsx[2m > [22m[2mConversation History
[22m[39m[ChatContext] Chat exists and not archived, skipping creation
[90mstdout[2m | src/components/ChatSidebar.stories.jsx[2m > [22m[2mConversation History
[22m[39m[Mock Storage] downloadData called with: undefined
[90mstdout[2m | src/components/ChatSidebar.stories.jsx[2m > [22m[2mTool Call Search
[22m[39m[ChatContext] Cleaning up subscriptions
[90mstdout[2m | src/components/ChatSidebar.stories.jsx[2m > [22m[2mTool Call Search
[22m[39m[Mock Data] Unit.onUpdate() subscription removed. Remaining: 0
[90mstdout[2m | src/components/ChatSidebar.stories.jsx[2m > [22m[2mTool Call Search
[22m[39m[chatTools] Vector store search function registered: false
[90mstdout[2m | src/components/ChatSidebar.stories.jsx[2m > [22m[2mTool Call Search
[22m[39m[chatTools] Practice drill callback registered: false
[90mstdout[2m | src/components/ChatSidebar.stories.jsx[2m > [22m[2mTool Call Search
[22m[39m[Preview] Skipped initializing default mock data (initializeMockData=false)
[90mstdout[2m | src/components/ChatSidebar.stories.jsx[2m > [22m[2mTool Call Search
[22m[39m[MOCK CourseVectorStore] Initialized with mock data
[90mstdout[2m | src/components/ChatSidebar.stories.jsx[2m > [22m[2mTool Call Search
[22m[39m[chatTools] Vector store search function registered: true
[90mstdout[2m | src/components/ChatSidebar.stories.jsx[2m > [22m[2mTool Call Search
[22m[39m[ChatSidebar] Registered vector store search, isReady: false
[90mstdout[2m | src/components/ChatSidebar.stories.jsx[2m > [22m[2mTool Call Search
[22m[39m[chatTools] Practice drill callback registered: true
[90mstdout[2m | src/components/ChatSidebar.stories.jsx[2m > [22m[2mTool Call Search
[22m[39m[TranslationModeController] Setting mode to: off
[90mstdout[2m | src/components/ChatSidebar.stories.jsx[2m > [22m[2mTool Call Search
[22m[39m[UnitContext] useEffect triggered {
  "authLoading": false,
  "hasUser": true,
  "id": "mock-unit-id",
  "userSub": "mock-user-sub",
}
[90mstdout[2m | src/components/ChatSidebar.stories.jsx[2m > [22m[2mTool Call Search
[22m[39m[UnitContext] Fetching unit data for id: mock-unit-id
[90mstdout[2m | src/components/ChatSidebar.stories.jsx[2m > [22m[2mTool Call Search
[22m[39m[FilesContext] Initializing vector store from IndexedDB
[90mstdout[2m | src/components/ChatSidebar.stories.jsx[2m > [22m[2mTool Call Search
[22m[39m[FilesContext] fetchFiles called
[90mstdout[2m | src/components/ChatSidebar.stories.jsx[2m > [22m[2mTool Call Search
[22m[39m[FilesContext] User authenticated: mock-user-sub
[90mstdout[2m | src/components/ChatSidebar.stories.jsx[2m > [22m[2mTool Call Search
[22m[39m[FilesContext] Identity ID: us-east-1:mock-identity-123
[90mstdout[2m | src/components/ChatSidebar.stories.jsx[2m > [22m[2mTool Call Search
[22m[39m[FilesContext] About to set up File observeQuery
[90mstdout[2m | src/components/ChatSidebar.stories.jsx[2m > [22m[2mTool Call Search
[22m[39m[ChatContext] Setting up AssistantChat observeQuery
[90mstdout[2m | src/components/ChatSidebar.stories.jsx[2m > [22m[2mTool Call Search
[22m[39m[ChatContext] Waiting for subscription to initialize
[90mstdout[2m | src/components/ChatSidebar.stories.jsx[2m > [22m[2mTool Call Search
[22m[39m[SettingsContext] Setting up Settings subscription for user: mock-user-sub
[90mstdout[2m | src/components/ChatSidebar.stories.jsx[2m > [22m[2mTool Call Search
[22m[39m[Mock Data] Settings created: mock-settings-1790418546360 - notified 0 subscribers
[90mstdout[2m | src/components/ChatSidebar.stories.jsx[2m > [22m[2mTool Call Search
[22m[39m[Mock Data] Unit.onUpdate() subscription added. Total: 1
[90mstdout[2m | src/components/ChatSidebar.stories.jsx[2m > [22m[2mTool Call Search
[22m[39m[SectionContext] Section observeQuery update: 0
[90mstdout[2m | src/components/ChatSidebar.stories.jsx[2m > [22m[2mTool Call Search
[22m[39m[FilesContext] File observeQuery update: 0 files
[90mstdout[2m | src/components/ChatSidebar.stories.jsx[2m > [22m[2mTool Call Search
[22m[39m[ChatContext] AssistantChat initialized with 1 chats
[90mstdout[2m | src/components/ChatSidebar.stories.jsx[2m > [22m[2mTool Call Search
[22m[39m[ChatContext] Setting initial chat: search-tool-chat
[90mstdout[2m | src/components/ChatSidebar.stories.jsx[2m > [22m[2mTool Call Search
[22m[39m[MOCK CourseVectorStore] Initialized with mock data
[90mstdout[2m | src/components/ChatSidebar.stories.jsx[2m > [22m[2mTool Call Search
[22m[39m[ChatSidebar] Loading messages for chat: search-tool-chat count: 3
[90mstdout[2m | src/components/ChatSidebar.stories.jsx[2m > [22m[2mTool Call Search
[22m[39m[ChatSidebar] deepCloneMessages: cloned 3 messages
[90mstdout[2m | src/components/ChatSidebar.stories.jsx[2m > [22m[2mTool Call Search
[22m[39m[ChatContext] Chat exists and not archived, skipping creation
[90mstdout[2m | src/components/ChatSidebar.stories.jsx[2m > [22m[2mTool Call Search
[22m[39m[Mock Storage] downloadData called with: undefined
[90mstdout[2m | src/components/ChatSidebar.stories.jsx[2m > [22m[2mTool Call Create Unit
[22m[39m[ChatContext] Cleaning up subscriptions
[90mstdout[2m | src/components/ChatSidebar.stories.jsx[2m > [22m[2mTool Call Create Unit
[22m[39m[Mock Data] Unit.onUpdate() subscription removed. Remaining: 0
[90mstdout[2m | src/components/ChatSidebar.stories.jsx[2m > [22m[2mTool Call Create Unit
[22m[39m[chatTools] Vector store search function registered: false
[90mstdout[2m | src/components/ChatSidebar.stories.jsx[2m > [22m[2mTool Call Create Unit
[22m[39m[chatTools] Practice drill callback registered: false
[90mstdout[2m | src/components/ChatSidebar.stories.jsx[2m > [22m[2mTool Call Create Unit
[22m[39m[Preview] Skipped initializing default mock data (initializeMockData=false)
[90mstdout[2m | src/components/ChatSidebar.stories.jsx[2m > [22m[2mTool Call Create Unit
[22m[39m[MOCK CourseVectorStore] Initialized with mock data
[90mstdout[2m | src/components/ChatSidebar.stories.jsx[2m > [22m[2mTool Call Create Unit
[22m[39m[chatTools] Vector store search function registered: true
[90mstdout[2m | src/components/ChatSidebar.stories.jsx[2m > [22m[2mTool Call Create Unit
[22m[39m[ChatSidebar] Registered vector store search, isReady: false
[90mstdout[2m | src/components/ChatSidebar.stories.jsx[2m > [22m[2mTool Call Create Unit
[22m[39m[chatTools] Practice drill callback registered: true
[90mstdout[2m | src/components/ChatSidebar.stories.jsx[2m > [22m[2mTool Call Create Unit
[22m[39m[TranslationModeController] Setting mode to: off
[90mstdout[2m | src/components/ChatSidebar.stories.jsx[2m > [22m[2mTool Call Create Unit
[22m[39m[UnitContext] useEffect triggered {
  "authLoading": false,
  "hasUser": true,
  "id": "mock-unit-id",
  "userSub": "mock-user-sub",
}
[90mstdout[2m | src/components/ChatSidebar.stories.jsx[2m > [22m[2mTool Call Create Unit
[22m[39m[UnitContext] Fetching unit data for id: mock-unit-id
[90mstdout[2m | src/components/ChatSidebar.stories.jsx[2m > [22m[2mTool Call Create Unit
[22m[39m[FilesContext] Initializing vector store from IndexedDB
[90mstdout[2m | src/components/ChatSidebar.stories.jsx[2m > [22m[2mTool Call Create Unit
[22m[39m[FilesContext] fetchFiles called
[90mstdout[2m | src/components/ChatSidebar.stories.jsx[2m > [22m[2mTool Call Create Unit
[22m[39m[FilesContext] User authenticated: mock-user-sub
[90mstdout[2m | src/components/ChatSidebar.stories.jsx[2m > [22m[2mTool Call Create Unit
[22m[39m[FilesContext] Identity ID: us-east-1:mock-identity-123
[90mstdout[2m | src/components/ChatSidebar.stories.jsx[2m > [22m[2mTool Call Create Unit
[22m[39m[FilesContext] About to set up File observeQuery
[90mstdout[2m | src/components/ChatSidebar.stories.jsx[2m > [22m[2mTool Call Create Unit
[22m[39m[ChatContext] Setting up AssistantChat observeQuery
[90mstdout[2m | src/components/ChatSidebar.stories.jsx[2m > [22m[2mTool Call Create Unit
[22m[39m[ChatContext] Waiting for subscription to initialize
[90mstdout[2m | src/components/ChatSidebar.stories.jsx[2m > [22m[2mTool Call Create Unit
[22m[39m[SettingsContext] Setting up Settings subscription for user: mock-user-sub
[90mstdout[2m | src/components/ChatSidebar.stories.jsx[2m > [22m[2mTool Call Create Unit
[22m[39m[Mock Data] Settings created: mock-settings-1790418546974 - notified 0 subscribers
[90mstdout[2m | src/components/ChatSidebar.stories.jsx[2m > [22m[2mTool Call Create Unit
[22m[39m[Mock Data] Unit.onUpdate() subscription added. Total: 1
[90mstdout[2m | src/components/ChatSidebar.stories.jsx[2m > [22m[2mTool Call Create Unit
[22m[39m[SectionContext] Section observeQuery update: 0
[90mstdout[2m | src/components/ChatSidebar.stories.jsx[2m > [22m[2mTool Call Create Unit
[22m[39m[FilesContext] File observeQuery update: 0 files
[90mstdout[2m | src/components/ChatSidebar.stories.jsx[2m > [22m[2mTool Call Create Unit
[22m[39m[ChatContext] AssistantChat initialized with 1 chats
[90mstdout[2m | src/components/ChatSidebar.stories.jsx[2m > [22m[2mTool Call Create Unit
[22m[39m[ChatContext] Setting initial chat: create-unit-chat
[90mstdout[2m | src/components/ChatSidebar.stories.jsx[2m > [22m[2mTool Call Create Unit
[22m[39m[MOCK CourseVectorStore] Initialized with mock data
[90mstdout[2m | src/components/ChatSidebar.stories.jsx[2m > [22m[2mTool Call Create Unit
[22m[39m[ChatSidebar] Loading messages for chat: create-unit-chat count: 3
[90mstdout[2m | src/components/ChatSidebar.stories.jsx[2m > [22m[2mTool Call Create Unit
[22m[39m[ChatSidebar] deepCloneMessages: cloned 3 messages
[90mstdout[2m | src/components/ChatSidebar.stories.jsx[2m > [22m[2mTool Call Create Unit
[22m[39m[ChatContext] Chat exists and not archived, skipping creation
[90mstdout[2m | src/components/ChatSidebar.stories.jsx[2m > [22m[2mTool Call Create Unit
[22m[39m[Mock Storage] downloadData called with: undefined
[90mstdout[2m | src/components/ChatSidebar.stories.jsx[2m > [22m[2mTool Call Generate Content
[22m[39m[ChatContext] Cleaning up subscriptions
[90mstdout[2m | src/components/ChatSidebar.stories.jsx[2m > [22m[2mTool Call Generate Content
[22m[39m[Mock Data] Unit.onUpdate() subscription removed. Remaining: 0
[90mstdout[2m | src/components/ChatSidebar.stories.jsx[2m > [22m[2mTool Call Generate Content
[22m[39m[chatTools] Vector store search function registered: false
[90mstdout[2m | src/components/ChatSidebar.stories.jsx[2m > [22m[2mTool Call Generate Content
[22m[39m[chatTools] Practice drill callback registered: false
[90mstdout[2m | src/components/ChatSidebar.stories.jsx[2m > [22m[2mTool Call Generate Content
[22m[39m[Preview] Skipped initializing default mock data (initializeMockData=false)
[90mstdout[2m | src/components/ChatSidebar.stories.jsx[2m > [22m[2mTool Call Generate Content
[22m[39m[MOCK CourseVectorStore] Initialized with mock data
[90mstdout[2m | src/components/ChatSidebar.stories.jsx[2m > [22m[2mTool Call Generate Content
[22m[39m[chatTools] Vector store search function registered: true
[90mstdout[2m | src/components/ChatSidebar.stories.jsx[2m > [22m[2mTool Call Generate Content
[22m[39m[ChatSidebar] Registered vector store search, isReady: false
[90mstdout[2m | src/components/ChatSidebar.stories.jsx[2m > [22m[2mTool Call Generate Content
[22m[39m[chatTools] Practice drill callback registered: true
[90mstdout[2m | src/components/ChatSidebar.stories.jsx[2m > [22m[2mTool Call Generate Content
[22m[39m[TranslationModeController] Setting mode to: off
[90mstdout[2m | src/components/ChatSidebar.stories.jsx[2m > [22m[2mTool Call Generate Content
[22m[39m[UnitContext] useEffect triggered {
  "authLoading": false,
  "hasUser": true,
  "id": "mock-unit-id",
  "userSub": "mock-user-sub",
}
[90mstdout[2m | src/components/ChatSidebar.stories.jsx[2m > [22m[2mTool Call Generate Content
[22m[39m[UnitContext] Fetching unit data for id: mock-unit-id
[90mstdout[2m | src/components/ChatSidebar.stories.jsx[2m > [22m[2mTool Call Generate Content
[22m[39m[FilesContext] Initializing vector store from IndexedDB
[90mstdout[2m | src/components/ChatSidebar.stories.jsx[2m > [22m[2mTool Call Generate Content
[22m[39m[FilesContext] fetchFiles called
[90mstdout[2m | src/components/ChatSidebar.stories.jsx[2m > [22m[2mTool Call Generate Content
[22m[39m[FilesContext] User authenticated: mock-user-sub
[90mstdout[2m | src/components/ChatSidebar.stories.jsx[2m > [22m[2mTool Call Generate Content
[22m[39m[FilesContext] Identity ID: us-east-1:mock-identity-123
[90mstdout[2m | src/components/ChatSidebar.stories.jsx[2m > [22m[2mTool Call Generate Content
[22m[39m[FilesContext] About to set up File observeQuery
[90mstdout[2m | src/components/ChatSidebar.stories.jsx[2m > [22m[2mTool Call Generate Content
[22m[39m[ChatContext] Setting up AssistantChat observeQuery
[90mstdout[2m | src/components/ChatSidebar.stories.jsx[2m > [22m[2mTool Call Generate Content
[22m[39m[ChatContext] Waiting for subscription to initialize
[90mstdout[2m | src/components/ChatSidebar.stories.jsx[2m > [22m[2mTool Call Generate Content
[22m[39m[SettingsContext] Setting up Settings subscription for user: mock-user-sub
[90mstdout[2m | src/components/ChatSidebar.stories.jsx[2m > [22m[2mTool Call Generate Content
[22m[39m[Mock Data] Settings created: mock-settings-1790418547427 - notified 0 subscribers
[90mstdout[2m | src/components/ChatSidebar.stories.jsx[2m > [22m[2mTool Call Generate Content
[22m[39m[Mock Data] Unit.onUpdate() subscription added. Total: 1
[90mstdout[2m | src/components/ChatSidebar.stories.jsx[2m > [22m[2mTool Call Generate Content
[22m[39m[SectionContext] Section observeQuery update: 0
[90mstdout[2m | src/components/ChatSidebar.stories.jsx[2m > [22m[2mTool Call Generate Content
[22m[39m[FilesContext] File observeQuery update: 0 files
[90mstdout[2m | src/components/ChatSidebar.stories.jsx[2m > [22m[2mTool Call Generate Content
[22m[39m[ChatContext] AssistantChat initialized with 1 chats
[90mstdout[2m | src/components/ChatSidebar.stories.jsx[2m > [22m[2mTool Call Generate Content
[22m[39m[ChatContext] Setting initial chat: generate-content-chat
[90mstdout[2m | src/components/ChatSidebar.stories.jsx[2m > [22m[2mTool Call Generate Content
[22m[39m[MOCK CourseVectorStore] Initialized with mock data
[90mstdout[2m | src/components/ChatSidebar.stories.jsx[2m > [22m[2mTool Call Generate Content
[22m[39m[ChatSidebar] Loading messages for chat: generate-content-chat count: 3
[90mstdout[2m | src/components/ChatSidebar.stories.jsx[2m > [22m[2mTool Call Generate Content
[22m[39m[ChatSidebar] deepCloneMessages: cloned 3 messages
[90mstdout[2m | src/components/ChatSidebar.stories.jsx[2m > [22m[2mTool Call Generate Content
[22m[39m[ChatContext] Chat exists and not archived, skipping creation
[90mstdout[2m | src/components/ChatSidebar.stories.jsx[2m > [22m[2mTool Call Generate Content
[22m[39m[Mock Storage] downloadData called with: undefined
[90mstdout[2m | src/components/ChatSidebar.stories.jsx[2m > [22m[2mTool Call Multi Step
[22m[39m[ChatContext] Cleaning up subscriptions
[90mstdout[2m | src/components/ChatSidebar.stories.jsx[2m > [22m[2mTool Call Multi Step
[22m[39m[Mock Data] Unit.onUpdate() subscription removed. Remaining: 0
[90mstdout[2m | src/components/ChatSidebar.stories.jsx[2m > [22m[2mTool Call Multi Step
[22m[39m[chatTools] Vector store search function registered: false
[90mstdout[2m | src/components/ChatSidebar.stories.jsx[2m > [22m[2mTool Call Multi Step
[22m[39m[chatTools] Practice drill callback registered: false
[90mstdout[2m | src/components/ChatSidebar.stories.jsx[2m > [22m[2mTool Call Multi Step
[22m[39m[Preview] Skipped initializing default mock data (initializeMockData=false)
[90mstdout[2m | src/components/ChatSidebar.stories.jsx[2m > [22m[2mTool Call Multi Step
[22m[39m[MOCK CourseVectorStore] Initialized with mock data
[90mstdout[2m | src/components/ChatSidebar.stories.jsx[2m > [22m[2mTool Call Multi Step
[22m[39m[chatTools] Vector store search function registered: true
[90mstdout[2m | src/components/ChatSidebar.stories.jsx[2m > [22m[2mTool Call Multi Step
[22m[39m[ChatSidebar] Registered vector store search, isReady: false
[90mstdout[2m | src/components/ChatSidebar.stories.jsx[2m > [22m[2mTool Call Multi Step
[22m[39m[chatTools] Practice drill callback registered: true
[90mstdout[2m | src/components/ChatSidebar.stories.jsx[2m > [22m[2mTool Call Multi Step
[22m[39m[TranslationModeController] Setting mode to: off
[90mstdout[2m | src/components/ChatSidebar.stories.jsx[2m > [22m[2mTool Call Multi Step
[22m[39m[UnitContext] useEffect triggered {
  "authLoading": false,
  "hasUser": true,
  "id": "mock-unit-id",
  "userSub": "mock-user-sub",
}
[90mstdout[2m | src/components/ChatSidebar.stories.jsx[2m > [22m[2mTool Call Multi Step
[22m[39m[UnitContext] Fetching unit data for id: mock-unit-id
[90mstdout[2m | src/components/ChatSidebar.stories.jsx[2m > [22m[2mTool Call Multi Step
[22m[39m[FilesContext] Initializing vector store from IndexedDB
[90mstdout[2m | src/components/ChatSidebar.stories.jsx[2m > [22m[2mTool Call Multi Step
[22m[39m[FilesContext] fetchFiles called
[90mstdout[2m | src/components/ChatSidebar.stories.jsx[2m > [22m[2mTool Call Multi Step
[22m[39m[FilesContext] User authenticated: mock-user-sub
[90mstdout[2m | src/components/ChatSidebar.stories.jsx[2m > [22m[2mTool Call Multi Step
[22m[39m[FilesContext] Identity ID: us-east-1:mock-identity-123
[90mstdout[2m | src/components/ChatSidebar.stories.jsx[2m > [22m[2mTool Call Multi Step
[22m[39m[FilesContext] About to set up File observeQuery
[90mstdout[2m | src/components/ChatSidebar.stories.jsx[2m > [22m[2mTool Call Multi Step
[22m[39m[ChatContext] Setting up AssistantChat observeQuery
[90mstdout[2m | src/components/ChatSidebar.stories.jsx[2m > [22m[2mTool Call Multi Step
[22m[39m[ChatContext] Waiting for subscription to initialize
[90mstdout[2m | src/components/ChatSidebar.stories.jsx[2m > [22m[2mTool Call Multi Step
[22m[39m[SettingsContext] Setting up Settings subscription for user: mock-user-sub
[90mstdout[2m | src/components/ChatSidebar.stories.jsx[2m > [22m[2mTool Call Multi Step
[22m[39m[Mock Data] Settings created: mock-settings-1790418548272 - notified 0 subscribers
[90mstdout[2m | src/components/ChatSidebar.stories.jsx[2m > [22m[2mTool Call Multi Step
[22m[39m[Mock Data] Unit.onUpdate() subscription added. Total: 1
[90mstdout[2m | src/components/ChatSidebar.stories.jsx[2m > [22m[2mTool Call Multi Step
[22m[39m[SectionContext] Section observeQuery update: 0
[90mstdout[2m | src/components/ChatSidebar.stories.jsx[2m > [22m[2mTool Call Multi Step
[22m[39m[FilesContext] File observeQuery update: 0 files
[90mstdout[2m | src/components/ChatSidebar.stories.jsx[2m > [22m[2mTool Call Multi Step
[22m[39m[ChatContext] AssistantChat initialized with 1 chats
[90mstdout[2m | src/components/ChatSidebar.stories.jsx[2m > [22m[2mTool Call Multi Step
[22m[39m[ChatContext] Setting initial chat: multistep-chat
[90mstdout[2m | src/components/ChatSidebar.stories.jsx[2m > [22m[2mTool Call Multi Step
[22m[39m[MOCK CourseVectorStore] Initialized with mock data
[90mstdout[2m | src/components/ChatSidebar.stories.jsx[2m > [22m[2mTool Call Multi Step
[22m[39m[ChatSidebar] Loading messages for chat: multistep-chat count: 4
[90mstdout[2m | src/components/ChatSidebar.stories.jsx[2m > [22m[2mTool Call Multi Step
[22m[39m[ChatSidebar] deepCloneMessages: cloned 4 messages
[90mstdout[2m | src/components/ChatSidebar.stories.jsx[2m > [22m[2mTool Call Multi Step
[22m[39m[ChatContext] Chat exists and not archived, skipping creation
[90mstdout[2m | src/components/ChatSidebar.stories.jsx[2m > [22m[2mTool Call Multi Step
[22m[39m[Mock Storage] downloadData called with: undefined
[90mstdout[2m | src/components/ChatSidebar.stories.jsx[2m > [22m[2m💬 Chat Sidebar / Unit Editor Context
[22m[39m[ChatContext] Cleaning up subscriptions
[90mstdout[2m | src/components/ChatSidebar.stories.jsx[2m > [22m[2m💬 Chat Sidebar / Unit Editor Context
[22m[39m[Mock Data] Unit.onUpdate() subscription removed. Remaining: 0
[90mstdout[2m | src/components/ChatSidebar.stories.jsx[2m > [22m[2m💬 Chat Sidebar / Unit Editor Context
[22m[39m[chatTools] Vector store search function registered: false
[90mstdout[2m | src/components/ChatSidebar.stories.jsx[2m > [22m[2m💬 Chat Sidebar / Unit Editor Context
[22m[39m[chatTools] Practice drill callback registered: false
[90mstdout[2m | src/components/ChatSidebar.stories.jsx[2m > [22m[2m💬 Chat Sidebar / Unit Editor Context
[22m[39m[Preview] Skipped initializing default mock data (initializeMockData=false)
[90mstdout[2m | src/components/ChatSidebar.stories.jsx[2m > [22m[2m💬 Chat Sidebar / Unit Editor Context
[22m[39m[MOCK CourseVectorStore] Initialized with mock data
[90mstdout[2m | src/components/ChatSidebar.stories.jsx[2m > [22m[2m💬 Chat Sidebar / Unit Editor Context
[22m[39m[Mock Data] seedMockWords: Adding 12 words
[90mstdout[2m | src/components/ChatSidebar.stories.jsx[2m > [22m[2m💬 Chat Sidebar / Unit Editor Context
[22m[39m[Mock Data] seedMockQuestions: Adding 6 questions
[90mstdout[2m | src/components/ChatSidebar.stories.jsx[2m > [22m[2m💬 Chat Sidebar / Unit Editor Context
[22m[39m[chatTools] Vector store search function registered: true
[90mstdout[2m | src/components/ChatSidebar.stories.jsx[2m > [22m[2m💬 Chat Sidebar / Unit Editor Context
[22m[39m[ChatSidebar] Registered vector store search, isReady: false
[90mstdout[2m | src/components/ChatSidebar.stories.jsx[2m > [22m[2m💬 Chat Sidebar / Unit Editor Context
[22m[39m[chatTools] Practice drill callback registered: true
[90mstdout[2m | src/components/ChatSidebar.stories.jsx[2m > [22m[2m💬 Chat Sidebar / Unit Editor Context
[22m[39m[TranslationModeController] Setting mode to: off
[90mstdout[2m | src/components/ChatSidebar.stories.jsx[2m > [22m[2m💬 Chat Sidebar / Unit Editor Context
[22m[39m[UnitContext] useEffect triggered {
  "authLoading": false,
  "hasUser": true,
  "id": "mock-unit-id",
  "userSub": "mock-user-sub",
}
[90mstdout[2m | src/components/ChatSidebar.stories.jsx[2m > [22m[2m💬 Chat Sidebar / Unit Editor Context
[22m[39m[UnitContext] Fetching unit data for id: mock-unit-id
[90mstdout[2m | src/components/ChatSidebar.stories.jsx[2m > [22m[2m💬 Chat Sidebar / Unit Editor Context
[22m[39m[FilesContext] Initializing vector store from IndexedDB
[90mstdout[2m | src/components/ChatSidebar.stories.jsx[2m > [22m[2m💬 Chat Sidebar / Unit Editor Context
[22m[39m[FilesContext] fetchFiles called
[90mstdout[2m | src/components/ChatSidebar.stories.jsx[2m > [22m[2m💬 Chat Sidebar / Unit Editor Context
[22m[39m[FilesContext] User authenticated: mock-user-sub
[90mstdout[2m | src/components/ChatSidebar.stories.jsx[2m > [22m[2m💬 Chat Sidebar / Unit Editor Context
[22m[39m[FilesContext] Identity ID: us-east-1:mock-identity-123
[90mstdout[2m | src/components/ChatSidebar.stories.jsx[2m > [22m[2m💬 Chat Sidebar / Unit Editor Context
[22m[39m[FilesContext] About to set up File observeQuery
[90mstdout[2m | src/components/ChatSidebar.stories.jsx[2m > [22m[2m💬 Chat Sidebar / Unit Editor Context
[22m[39m[ChatContext] Setting up AssistantChat observeQuery
[90mstdout[2m | src/components/ChatSidebar.stories.jsx[2m > [22m[2m💬 Chat Sidebar / Unit Editor Context
[22m[39m[ChatContext] Waiting for subscription to initialize
[90mstdout[2m | src/components/ChatSidebar.stories.jsx[2m > [22m[2m💬 Chat Sidebar / Unit Editor Context
[22m[39m[SettingsContext] Setting up Settings subscription for user: mock-user-sub
[90mstdout[2m | src/components/ChatSidebar.stories.jsx[2m > [22m[2m💬 Chat Sidebar / Unit Editor Context
[22m[39m[Mock Data] Settings created: mock-settings-1790418548961 - notified 0 subscribers
[90mstdout[2m | src/components/ChatSidebar.stories.jsx[2m > [22m[2m💬 Chat Sidebar / Unit Editor Context
[22m[39m[Mock Data] Unit.onUpdate() subscription added. Total: 1
[90mstdout[2m | src/components/ChatSidebar.stories.jsx[2m > [22m[2m💬 Chat Sidebar / Unit Editor Context
[22m[39m[SectionContext] Section observeQuery update: 0
[90mstdout[2m | src/components/ChatSidebar.stories.jsx[2m > [22m[2m💬 Chat Sidebar / Unit Editor Context
[22m[39m[FilesContext] File observeQuery update: 0 files
[90mstdout[2m | src/components/ChatSidebar.stories.jsx[2m > [22m[2m💬 Chat Sidebar / Unit Editor Context
[22m[39m[ChatContext] AssistantChat initialized with 1 chats
[90mstdout[2m | src/components/ChatSidebar.stories.jsx[2m > [22m[2m💬 Chat Sidebar / Unit Editor Context
[22m[39m[ChatContext] Setting initial chat: mock-chat-unit-editor
[90mstdout[2m | src/components/ChatSidebar.stories.jsx[2m > [22m[2m💬 Chat Sidebar / Unit Editor Context
[22m[39m[MOCK CourseVectorStore] Initialized with mock data
[90mstdout[2m | src/components/ChatSidebar.stories.jsx[2m > [22m[2m💬 Chat Sidebar / Unit Editor Context
[22m[39m[ChatSidebar] Loading messages for chat: mock-chat-unit-editor count: 12
[90mstdout[2m | src/components/ChatSidebar.stories.jsx[2m > [22m[2m💬 Chat Sidebar / Unit Editor Context
[22m[39m[ChatSidebar] deepCloneMessages: cloned 12 messages
[90mstdout[2m | src/components/ChatSidebar.stories.jsx[2m > [22m[2m💬 Chat Sidebar / Unit Editor Context
[22m[39m[ChatContext] Chat exists and not archived, skipping creation
[90mstdout[2m | src/components/ChatSidebar.stories.jsx[2m > [22m[2m💬 Chat Sidebar / Unit Editor Context
[22m[39m[Mock Storage] downloadData called with: undefined
[90mstdout[2m | src/components/ChatSidebar.stories.jsx[2m > [22m[2m💬 Chat Sidebar / Dashboard Context
[22m[39m[ChatContext] Cleaning up subscriptions
[90mstdout[2m | src/components/ChatSidebar.stories.jsx[2m > [22m[2m💬 Chat Sidebar / Dashboard Context
[22m[39m[Mock Data] Unit.onUpdate() subscription removed. Remaining: 0
[90mstdout[2m | src/components/ChatSidebar.stories.jsx[2m > [22m[2m💬 Chat Sidebar / Dashboard Context
[22m[39m[chatTools] Vector store search function registered: false
[90mstdout[2m | src/components/ChatSidebar.stories.jsx[2m > [22m[2m💬 Chat Sidebar / Dashboard Context
[22m[39m[chatTools] Practice drill callback registered: false
[90mstdout[2m | src/components/ChatSidebar.stories.jsx[2m > [22m[2m💬 Chat Sidebar / Dashboard Context
[22m[39m[Preview] Skipped initializing default mock data (initializeMockData=false)
[90mstdout[2m | src/components/ChatSidebar.stories.jsx[2m > [22m[2m💬 Chat Sidebar / Dashboard Context
[22m[39m[MOCK CourseVectorStore] Initialized with mock data
[90mstdout[2m | src/components/ChatSidebar.stories.jsx[2m > [22m[2m💬 Chat Sidebar / Dashboard Context
[22m[39m[chatTools] Vector store search function registered: true
[90mstdout[2m | src/components/ChatSidebar.stories.jsx[2m > [22m[2m💬 Chat Sidebar / Dashboard Context
[22m[39m[ChatSidebar] Registered vector store search, isReady: false
[90mstdout[2m | src/components/ChatSidebar.stories.jsx[2m > [22m[2m💬 Chat Sidebar / Dashboard Context
[22m[39m[chatTools] Practice drill callback registered: true
[90mstdout[2m | src/components/ChatSidebar.stories.jsx[2m > [22m[2m💬 Chat Sidebar / Dashboard Context
[22m[39m[TourContext] Initializing tour system with 10 tasks
[90mstdout[2m | src/components/ChatSidebar.stories.jsx[2m > [22m[2m💬 Chat Sidebar / Dashboard Context
[22m[39m[chatTools] Tour tasks data registered: 10 tasks
[90mstdout[2m | src/components/ChatSidebar.stories.jsx[2m > [22m[2m💬 Chat Sidebar / Dashboard Context
[22m[39m[TranslationModeController] Setting mode to: off
[90mstdout[2m | src/components/ChatSidebar.stories.jsx[2m > [22m[2m💬 Chat Sidebar / Dashboard Context
[22m[39m[UnitContext] useEffect triggered {
  "authLoading": false,
  "hasUser": true,
  "id": "mock-unit-id",
  "userSub": "mock-user-sub",
}
[90mstdout[2m | src/components/ChatSidebar.stories.jsx[2m > [22m[2m💬 Chat Sidebar / Dashboard Context
[22m[39m[UnitContext] Fetching unit data for id: mock-unit-id
[90mstdout[2m | src/components/ChatSidebar.stories.jsx[2m > [22m[2m💬 Chat Sidebar / Dashboard Context
[22m[39m[FilesContext] Initializing vector store from IndexedDB
[90mstdout[2m | src/components/ChatSidebar.stories.jsx[2m > [22m[2m💬 Chat Sidebar / Dashboard Context
[22m[39m[FilesContext] fetchFiles called
[90mstdout[2m | src/components/ChatSidebar.stories.jsx[2m > [22m[2m💬 Chat Sidebar / Dashboard Context
[22m[39m[FilesContext] User authenticated: mock-user-sub
[90mstdout[2m | src/components/ChatSidebar.stories.jsx[2m > [22m[2m💬 Chat Sidebar / Dashboard Context
[22m[39m[FilesContext] Identity ID: us-east-1:mock-identity-123
[90mstdout[2m | src/components/ChatSidebar.stories.jsx[2m > [22m[2m💬 Chat Sidebar / Dashboard Context
[22m[39m[FilesContext] About to set up File observeQuery
[90mstdout[2m | src/components/ChatSidebar.stories.jsx[2m > [22m[2m💬 Chat Sidebar / Dashboard Context
[22m[39m[ChatContext] Setting up AssistantChat observeQuery
[90mstdout[2m | src/components/ChatSidebar.stories.jsx[2m > [22m[2m💬 Chat Sidebar / Dashboard Context
[22m[39m[ChatContext] Waiting for subscription to initialize
[90mstdout[2m | src/components/ChatSidebar.stories.jsx[2m > [22m[2m💬 Chat Sidebar / Dashboard Context
[22m[39m[SettingsContext] Setting up Settings subscription for user: mock-user-sub
[90mstdout[2m | src/components/ChatSidebar.stories.jsx[2m > [22m[2m💬 Chat Sidebar / Dashboard Context
[22m[39m[Mock Data] Settings created: mock-settings-1790418550883 - notified 0 subscribers
[90mstdout[2m | src/components/ChatSidebar.stories.jsx[2m > [22m[2m💬 Chat Sidebar / Dashboard Context
[22m[39m[Mock Data] Unit.onUpdate() subscription added. Total: 1
[90mstdout[2m | src/components/ChatSidebar.stories.jsx[2m > [22m[2m💬 Chat Sidebar / Dashboard Context
[22m[39m[SectionContext] Section observeQuery update: 0
[90mstdout[2m | src/components/ChatSidebar.stories.jsx[2m > [22m[2m💬 Chat Sidebar / Dashboard Context
[22m[39m[FilesContext] File observeQuery update: 0 files
[90mstdout[2m | src/components/ChatSidebar.stories.jsx[2m > [22m[2m💬 Chat Sidebar / Dashboard Context
[22m[39m[ChatContext] AssistantChat initialized with 1 chats
[90mstdout[2m | src/components/ChatSidebar.stories.jsx[2m > [22m[2m💬 Chat Sidebar / Dashboard Context
[22m[39m[ChatContext] Setting initial chat: mock-chat-dashboard
[90mstdout[2m | src/components/ChatSidebar.stories.jsx[2m > [22m[2m💬 Chat Sidebar / Dashboard Context
[22m[39m[MOCK CourseVectorStore] Initialized with mock data
[90mstdout[2m | src/components/ChatSidebar.stories.jsx[2m > [22m[2m💬 Chat Sidebar / Dashboard Context
[22m[39m[ChatSidebar] Loading messages for chat: mock-chat-dashboard count: 2
[90mstdout[2m | src/components/ChatSidebar.stories.jsx[2m > [22m[2m💬 Chat Sidebar / Dashboard Context
[22m[39m[ChatSidebar] deepCloneMessages: cloned 2 messages
[90mstdout[2m | src/components/ChatSidebar.stories.jsx[2m > [22m[2m💬 Chat Sidebar / Dashboard Context
[22m[39m[ChatContext] Chat exists and not archived, skipping creation
[90mstdout[2m | src/components/ChatSidebar.stories.jsx[2m > [22m[2m💬 Chat Sidebar / Dashboard Context
[22m[39m[ChatSidebar] Starting tour: instructor-assignments-tour mode: tutorial
[90mstdout[2m | src/components/ChatSidebar.stories.jsx[2m > [22m[2m💬 Chat Sidebar / Dashboard Context
[22m[39m[TourContext] Starting tour: instructor-assignments-tour mode: tutorial
[90mstdout[2m | src/components/ChatSidebar.stories.jsx[2m > [22m[2m💬 Chat Sidebar / Dashboard Context
[22m[39m[ChatSidebar] Starting tour: instructor-assignments-tour mode: tutorial
[90mstdout[2m | src/components/ChatSidebar.stories.jsx[2m > [22m[2m💬 Chat Sidebar / Dashboard Context
[22m[39m[TourContext] Starting tour: instructor-assignments-tour mode: tutorial
[90mstdout[2m | src/components/ChatSidebar.stories.jsx[2m > [22m[2m💬 Chat Sidebar / Dashboard Context
[22m[39m[Mock Storage] downloadData called with: undefined
[90mstdout[2m | src/components/ChatSidebar.stories.jsx[2m > [22m[2m💬 Chat Sidebar / Dashboard Context
[22m[39m[ChatSidebar] Starting tour: instructor-assignments-tour mode: tutorial
[90mstdout[2m | src/components/ChatSidebar.stories.jsx[2m > [22m[2m💬 Chat Sidebar / Dashboard Context
[22m[39m[TourContext] Starting tour: instructor-assignments-tour mode: tutorial
[90mstdout[2m | src/components/ChatSidebar.stories.jsx[2m > [22m[2m💬 Chat Sidebar / Sections Context
[22m[39m[ChatContext] Cleaning up subscriptions
[90mstdout[2m | src/components/ChatSidebar.stories.jsx[2m > [22m[2m💬 Chat Sidebar / Sections Context
[22m[39m[Mock Data] Unit.onUpdate() subscription removed. Remaining: 0
[90mstdout[2m | src/components/ChatSidebar.stories.jsx[2m > [22m[2m💬 Chat Sidebar / Sections Context
[22m[39m[chatTools] Vector store search function registered: false
[90mstdout[2m | src/components/ChatSidebar.stories.jsx[2m > [22m[2m💬 Chat Sidebar / Sections Context
[22m[39m[chatTools] Practice drill callback registered: false
[90mstdout[2m | src/components/ChatSidebar.stories.jsx[2m > [22m[2m💬 Chat Sidebar / Sections Context
[22m[39m[Preview] Skipped initializing default mock data (initializeMockData=false)
[90mstdout[2m | src/components/ChatSidebar.stories.jsx[2m > [22m[2m💬 Chat Sidebar / Sections Context
[22m[39m[MOCK CourseVectorStore] Initialized with mock data
[90mstdout[2m | src/components/ChatSidebar.stories.jsx[2m > [22m[2m💬 Chat Sidebar / Sections Context
[22m[39m[chatTools] Vector store search function registered: true
[90mstdout[2m | src/components/ChatSidebar.stories.jsx[2m > [22m[2m💬 Chat Sidebar / Sections Context
[22m[39m[ChatSidebar] Registered vector store search, isReady: false
[90mstdout[2m | src/components/ChatSidebar.stories.jsx[2m > [22m[2m💬 Chat Sidebar / Sections Context
[22m[39m[chatTools] Practice drill callback registered: true
[90mstdout[2m | src/components/ChatSidebar.stories.jsx[2m > [22m[2m💬 Chat Sidebar / Sections Context
[22m[39m[TranslationModeController] Setting mode to: off
[90mstdout[2m | src/components/ChatSidebar.stories.jsx[2m > [22m[2m💬 Chat Sidebar / Sections Context
[22m[39m[UnitContext] useEffect triggered {
  "authLoading": false,
  "hasUser": true,
  "id": "mock-unit-id",
  "userSub": "mock-user-sub",
}
[90mstdout[2m | src/components/ChatSidebar.stories.jsx[2m > [22m[2m💬 Chat Sidebar / Sections Context
[22m[39m[UnitContext] Fetching unit data for id: mock-unit-id
[90mstdout[2m | src/components/ChatSidebar.stories.jsx[2m > [22m[2m💬 Chat Sidebar / Sections Context
[22m[39m[FilesContext] Initializing vector store from IndexedDB
[90mstdout[2m | src/components/ChatSidebar.stories.jsx[2m > [22m[2m💬 Chat Sidebar / Sections Context
[22m[39m[FilesContext] fetchFiles called
[90mstdout[2m | src/components/ChatSidebar.stories.jsx[2m > [22m[2m💬 Chat Sidebar / Sections Context
[22m[39m[FilesContext] User authenticated: mock-user-sub
[90mstdout[2m | src/components/ChatSidebar.stories.jsx[2m > [22m[2m💬 Chat Sidebar / Sections Context
[22m[39m[FilesContext] Identity ID: us-east-1:mock-identity-123
[90mstdout[2m | src/components/ChatSidebar.stories.jsx[2m > [22m[2m💬 Chat Sidebar / Sections Context
[22m[39m[FilesContext] About to set up File observeQuery
[90mstdout[2m | src/components/ChatSidebar.stories.jsx[2m > [22m[2m💬 Chat Sidebar / Sections Context
[22m[39m[ChatContext] Setting up AssistantChat observeQuery
[90mstdout[2m | src/components/ChatSidebar.stories.jsx[2m > [22m[2m💬 Chat Sidebar / Sections Context
[22m[39m[ChatContext] Waiting for subscription to initialize
[90mstdout[2m | src/components/ChatSidebar.stories.jsx[2m > [22m[2m💬 Chat Sidebar / Sections Context
[22m[39m[SettingsContext] Setting up Settings subscription for user: mock-user-sub
[90mstdout[2m | src/components/ChatSidebar.stories.jsx[2m > [22m[2m💬 Chat Sidebar / Sections Context
[22m[39m[Mock Data] Settings created: mock-settings-1790418551265 - notified 0 subscribers
[90mstdout[2m | src/components/ChatSidebar.stories.jsx[2m > [22m[2m💬 Chat Sidebar / Sections Context
[22m[39m[Mock Data] Unit.onUpdate() subscription added. Total: 1
[90mstdout[2m | src/components/ChatSidebar.stories.jsx[2m > [22m[2m💬 Chat Sidebar / Sections Context
[22m[39m[SectionContext] Section observeQuery update: 0
[90mstdout[2m | src/components/ChatSidebar.stories.jsx[2m > [22m[2m💬 Chat Sidebar / Sections Context
[22m[39m[FilesContext] File observeQuery update: 0 files
[90mstdout[2m | src/components/ChatSidebar.stories.jsx[2m > [22m[2m💬 Chat Sidebar / Sections Context
[22m[39m[ChatContext] AssistantChat initialized with 1 chats
[90mstdout[2m | src/components/ChatSidebar.stories.jsx[2m > [22m[2m💬 Chat Sidebar / Sections Context
[22m[39m[ChatContext] Setting initial chat: mock-chat-sections
[90mstdout[2m | src/components/ChatSidebar.stories.jsx[2m > [22m[2m💬 Chat Sidebar / Sections Context
[22m[39m[MOCK CourseVectorStore] Initialized with mock data
[90mstdout[2m | src/components/ChatSidebar.stories.jsx[2m > [22m[2m💬 Chat Sidebar / Sections Context
[22m[39m[ChatSidebar] Loading messages for chat: mock-chat-sections count: 6
[90mstdout[2m | src/components/ChatSidebar.stories.jsx[2m > [22m[2m💬 Chat Sidebar / Sections Context
[22m[39m[ChatSidebar] deepCloneMessages: cloned 6 messages
[90mstdout[2m | src/components/ChatSidebar.stories.jsx[2m > [22m[2m💬 Chat Sidebar / Sections Context
[22m[39m[ChatContext] Chat exists and not archived, skipping creation
[90mstdout[2m | src/components/ChatSidebar.stories.jsx[2m > [22m[2m💬 Chat Sidebar / Sections Context
[22m[39m[Mock Storage] downloadData called with: undefined
[90mstdout[2m | src/components/ChatSidebar.stories.jsx[2m > [22m[2m💬 Chat Sidebar / Workbook Context
[22m[39m[ChatContext] Cleaning up subscriptions
[90mstdout[2m | src/components/ChatSidebar.stories.jsx[2m > [22m[2m💬 Chat Sidebar / Workbook Context
[22m[39m[Mock Data] Unit.onUpdate() subscription removed. Remaining: 0
[90mstdout[2m | src/components/ChatSidebar.stories.jsx[2m > [22m[2m💬 Chat Sidebar / Workbook Context
[22m[39m[chatTools] Vector store search function registered: false
[90mstdout[2m | src/components/ChatSidebar.stories.jsx[2m > [22m[2m💬 Chat Sidebar / Workbook Context
[22m[39m[chatTools] Practice drill callback registered: false
[90mstdout[2m | src/components/ChatSidebar.stories.jsx[2m > [22m[2m💬 Chat Sidebar / Workbook Context
[22m[39m[Preview] Skipped initializing default mock data (initializeMockData=false)
[90mstdout[2m | src/components/ChatSidebar.stories.jsx[2m > [22m[2m💬 Chat Sidebar / Workbook Context
[22m[39m[MOCK CourseVectorStore] Initialized with mock data
[90mstdout[2m | src/components/ChatSidebar.stories.jsx[2m > [22m[2m💬 Chat Sidebar / Workbook Context
[22m[39m[chatTools] Vector store search function registered: true
[90mstdout[2m | src/components/ChatSidebar.stories.jsx[2m > [22m[2m💬 Chat Sidebar / Workbook Context
[22m[39m[ChatSidebar] Registered vector store search, isReady: false
[90mstdout[2m | src/components/ChatSidebar.stories.jsx[2m > [22m[2m💬 Chat Sidebar / Workbook Context
[22m[39m[chatTools] Practice drill callback registered: true
[90mstdout[2m | src/components/ChatSidebar.stories.jsx[2m > [22m[2m💬 Chat Sidebar / Workbook Context
[22m[39m[TranslationModeController] Setting mode to: off
[90mstdout[2m | src/components/ChatSidebar.stories.jsx[2m > [22m[2m💬 Chat Sidebar / Workbook Context
[22m[39m[UnitContext] useEffect triggered {
  "authLoading": false,
  "hasUser": true,
  "id": "mock-unit-id",
  "userSub": "mock-user-sub",
}
[90mstdout[2m | src/components/ChatSidebar.stories.jsx[2m > [22m[2m💬 Chat Sidebar / Workbook Context
[22m[39m[UnitContext] Fetching unit data for id: mock-unit-id
[90mstdout[2m | src/components/ChatSidebar.stories.jsx[2m > [22m[2m💬 Chat Sidebar / Workbook Context
[22m[39m[FilesContext] Initializing vector store from IndexedDB
[90mstdout[2m | src/components/ChatSidebar.stories.jsx[2m > [22m[2m💬 Chat Sidebar / Workbook Context
[22m[39m[FilesContext] fetchFiles called
[90mstdout[2m | src/components/ChatSidebar.stories.jsx[2m > [22m[2m💬 Chat Sidebar / Workbook Context
[22m[39m[FilesContext] User authenticated: mock-user-sub
[90mstdout[2m | src/components/ChatSidebar.stories.jsx[2m > [22m[2m💬 Chat Sidebar / Workbook Context
[22m[39m[FilesContext] Identity ID: us-east-1:mock-identity-123
[90mstdout[2m | src/components/ChatSidebar.stories.jsx[2m > [22m[2m💬 Chat Sidebar / Workbook Context
[22m[39m[FilesContext] About to set up File observeQuery
[90mstdout[2m | src/components/ChatSidebar.stories.jsx[2m > [22m[2m💬 Chat Sidebar / Workbook Context
[22m[39m[ChatContext] Setting up AssistantChat observeQuery
[90mstdout[2m | src/components/ChatSidebar.stories.jsx[2m > [22m[2m💬 Chat Sidebar / Workbook Context
[22m[39m[ChatContext] Waiting for subscription to initialize
[90mstdout[2m | src/components/ChatSidebar.stories.jsx[2m > [22m[2m💬 Chat Sidebar / Workbook Context
[22m[39m[SettingsContext] Setting up Settings subscription for user: mock-user-sub
[90mstdout[2m | src/components/ChatSidebar.stories.jsx[2m > [22m[2m💬 Chat Sidebar / Workbook Context
[22m[39m[Mock Data] Settings created: mock-settings-1790418551921 - notified 0 subscribers
[90mstdout[2m | src/components/ChatSidebar.stories.jsx[2m > [22m[2m💬 Chat Sidebar / Workbook Context
[22m[39m[Mock Data] Unit.onUpdate() subscription added. Total: 1
[90mstdout[2m | src/components/ChatSidebar.stories.jsx[2m > [22m[2m💬 Chat Sidebar / Workbook Context
[22m[39m[SectionContext] Section observeQuery update: 0
[90mstdout[2m | src/components/ChatSidebar.stories.jsx[2m > [22m[2m💬 Chat Sidebar / Workbook Context
[22m[39m[FilesContext] File observeQuery update: 0 files
[90mstdout[2m | src/components/ChatSidebar.stories.jsx[2m > [22m[2m💬 Chat Sidebar / Workbook Context
[22m[39m[ChatContext] AssistantChat initialized with 1 chats
[90mstdout[2m | src/components/ChatSidebar.stories.jsx[2m > [22m[2m💬 Chat Sidebar / Workbook Context
[22m[39m[ChatContext] Setting initial chat: mock-chat-workbook
[90mstdout[2m | src/components/ChatSidebar.stories.jsx[2m > [22m[2m💬 Chat Sidebar / Workbook Context
[22m[39m[MOCK CourseVectorStore] Initialized with mock data
[90mstdout[2m | src/components/ChatSidebar.stories.jsx[2m > [22m[2m💬 Chat Sidebar / Workbook Context
[22m[39m[ChatSidebar] Loading messages for chat: mock-chat-workbook count: 6
[90mstdout[2m | src/components/ChatSidebar.stories.jsx[2m > [22m[2m💬 Chat Sidebar / Workbook Context
[22m[39m[ChatSidebar] deepCloneMessages: cloned 6 messages
[90mstdout[2m | src/components/ChatSidebar.stories.jsx[2m > [22m[2m💬 Chat Sidebar / Workbook Context
[22m[39m[ChatContext] Chat exists and not archived, skipping creation
[90mstdout[2m | src/components/ChatSidebar.stories.jsx[2m > [22m[2m💬 Chat Sidebar / Workbook Context
[22m[39m[Mock Storage] downloadData called with: undefined
[90mstdout[2m | src/components/ChatSidebar.stories.jsx[2m > [22m[2m💬 Chat Sidebar / Recording Studio Context
[22m[39m[ChatContext] Cleaning up subscriptions
[90mstdout[2m | src/components/ChatSidebar.stories.jsx[2m > [22m[2m💬 Chat Sidebar / Recording Studio Context
[22m[39m[Mock Data] Unit.onUpdate() subscription removed. Remaining: 0
[90mstdout[2m | src/components/ChatSidebar.stories.jsx[2m > [22m[2m💬 Chat Sidebar / Recording Studio Context
[22m[39m[chatTools] Vector store search function registered: false
[90mstdout[2m | src/components/ChatSidebar.stories.jsx[2m > [22m[2m💬 Chat Sidebar / Recording Studio Context
[22m[39m[chatTools] Practice drill callback registered: false
[90mstdout[2m | src/components/ChatSidebar.stories.jsx[2m > [22m[2m💬 Chat Sidebar / Recording Studio Context
[22m[39m[Preview] Skipped initializing default mock data (initializeMockData=false)
[90mstdout[2m | src/components/ChatSidebar.stories.jsx[2m > [22m[2m💬 Chat Sidebar / Recording Studio Context
[22m[39m[MOCK CourseVectorStore] Initialized with mock data
[90mstdout[2m | src/components/ChatSidebar.stories.jsx[2m > [22m[2m💬 Chat Sidebar / Recording Studio Context
[22m[39m[chatTools] Vector store search function registered: true
[90mstdout[2m | src/components/ChatSidebar.stories.jsx[2m > [22m[2m💬 Chat Sidebar / Recording Studio Context
[22m[39m[ChatSidebar] Registered vector store search, isReady: false
[90mstdout[2m | src/components/ChatSidebar.stories.jsx[2m > [22m[2m💬 Chat Sidebar / Recording Studio Context
[22m[39m[chatTools] Practice drill callback registered: true
[90mstdout[2m | src/components/ChatSidebar.stories.jsx[2m > [22m[2m💬 Chat Sidebar / Recording Studio Context
[22m[39m[TranslationModeController] Setting mode to: off
[90mstdout[2m | src/components/ChatSidebar.stories.jsx[2m > [22m[2m💬 Chat Sidebar / Recording Studio Context
[22m[39m[UnitContext] useEffect triggered {
  "authLoading": false,
  "hasUser": true,
  "id": "mock-unit-id",
  "userSub": "mock-user-sub",
}
[90mstdout[2m | src/components/ChatSidebar.stories.jsx[2m > [22m[2m💬 Chat Sidebar / Recording Studio Context
[22m[39m[UnitContext] Fetching unit data for id: mock-unit-id
[90mstdout[2m | src/components/ChatSidebar.stories.jsx[2m > [22m[2m💬 Chat Sidebar / Recording Studio Context
[22m[39m[FilesContext] Initializing vector store from IndexedDB
[90mstdout[2m | src/components/ChatSidebar.stories.jsx[2m > [22m[2m💬 Chat Sidebar / Recording Studio Context
[22m[39m[FilesContext] fetchFiles called
[90mstdout[2m | src/components/ChatSidebar.stories.jsx[2m > [22m[2m💬 Chat Sidebar / Recording Studio Context
[22m[39m[FilesContext] User authenticated: mock-user-sub
[90mstdout[2m | src/components/ChatSidebar.stories.jsx[2m > [22m[2m💬 Chat Sidebar / Recording Studio Context
[22m[39m[FilesContext] Identity ID: us-east-1:mock-identity-123
[90mstdout[2m | src/components/ChatSidebar.stories.jsx[2m > [22m[2m💬 Chat Sidebar / Recording Studio Context
[22m[39m[FilesContext] About to set up File observeQuery
[90mstdout[2m | src/components/ChatSidebar.stories.jsx[2m > [22m[2m💬 Chat Sidebar / Recording Studio Context
[22m[39m[ChatContext] Setting up AssistantChat observeQuery
[90mstdout[2m | src/components/ChatSidebar.stories.jsx[2m > [22m[2m💬 Chat Sidebar / Recording Studio Context
[22m[39m[ChatContext] Waiting for subscription to initialize
[90mstdout[2m | src/components/ChatSidebar.stories.jsx[2m > [22m[2m💬 Chat Sidebar / Recording Studio Context
[22m[39m[SettingsContext] Setting up Settings subscription for user: mock-user-sub
[90mstdout[2m | src/components/ChatSidebar.stories.jsx[2m > [22m[2m💬 Chat Sidebar / Recording Studio Context
[22m[39m[Mock Data] Settings created: mock-settings-1790418552680 - notified 0 subscribers
[90mstdout[2m | src/components/ChatSidebar.stories.jsx[2m > [22m[2m💬 Chat Sidebar / Recording Studio Context
[22m[39m[Mock Data] Unit.onUpdate() subscription added. Total: 1
[90mstdout[2m | src/components/ChatSidebar.stories.jsx[2m > [22m[2m💬 Chat Sidebar / Recording Studio Context
[22m[39m[SectionContext] Section observeQuery update: 0
[90mstdout[2m | src/components/ChatSidebar.stories.jsx[2m > [22m[2m💬 Chat Sidebar / Recording Studio Context
[22m[39m[FilesContext] File observeQuery update: 0 files
[90mstdout[2m | src/components/ChatSidebar.stories.jsx[2m > [22m[2m💬 Chat Sidebar / Recording Studio Context
[22m[39m[ChatContext] AssistantChat initialized with 1 chats
[90mstdout[2m | src/components/ChatSidebar.stories.jsx[2m > [22m[2m💬 Chat Sidebar / Recording Studio Context
[22m[39m[ChatContext] Setting initial chat: mock-chat-recording-studio
[90mstdout[2m | src/components/ChatSidebar.stories.jsx[2m > [22m[2m💬 Chat Sidebar / Recording Studio Context
[22m[39m[MOCK CourseVectorStore] Initialized with mock data
[90mstdout[2m | src/components/ChatSidebar.stories.jsx[2m > [22m[2m💬 Chat Sidebar / Recording Studio Context
[22m[39m[ChatSidebar] Loading messages for chat: mock-chat-recording-studio count: 4
[90mstdout[2m | src/components/ChatSidebar.stories.jsx[2m > [22m[2m💬 Chat Sidebar / Recording Studio Context
[22m[39m[ChatSidebar] deepCloneMessages: cloned 4 messages
[90mstdout[2m | src/components/ChatSidebar.stories.jsx[2m > [22m[2m💬 Chat Sidebar / Recording Studio Context
[22m[39m[ChatContext] Chat exists and not archived, skipping creation
[90mstdout[2m | src/components/ChatSidebar.stories.jsx[2m > [22m[2m💬 Chat Sidebar / Recording Studio Context
[22m[39m[Mock Storage] downloadData called with: undefined
[90mstdout[2m | src/components/ChatSidebar.stories.jsx[2m > [22m[2m💬 Chat Sidebar / Dictionary & Search Context
[22m[39m[ChatContext] Cleaning up subscriptions
[90mstdout[2m | src/components/ChatSidebar.stories.jsx[2m > [22m[2m💬 Chat Sidebar / Dictionary & Search Context
[22m[39m[Mock Data] Unit.onUpdate() subscription removed. Remaining: 0
[90mstdout[2m | src/components/ChatSidebar.stories.jsx[2m > [22m[2m💬 Chat Sidebar / Dictionary & Search Context
[22m[39m[chatTools] Vector store search function registered: false
[90mstdout[2m | src/components/ChatSidebar.stories.jsx[2m > [22m[2m💬 Chat Sidebar / Dictionary & Search Context
[22m[39m[chatTools] Practice drill callback registered: false
[90mstdout[2m | src/components/ChatSidebar.stories.jsx[2m > [22m[2m💬 Chat Sidebar / Dictionary & Search Context
[22m[39m[Preview] Skipped initializing default mock data (initializeMockData=false)
[90mstdout[2m | src/components/ChatSidebar.stories.jsx[2m > [22m[2m💬 Chat Sidebar / Dictionary & Search Context
[22m[39m[MOCK CourseVectorStore] Initialized with mock data
[90mstdout[2m | src/components/ChatSidebar.stories.jsx[2m > [22m[2m💬 Chat Sidebar / Dictionary & Search Context
[22m[39m[Mock Data] seedMockWords: Adding 12 words
[90mstdout[2m | src/components/ChatSidebar.stories.jsx[2m > [22m[2m💬 Chat Sidebar / Dictionary & Search Context
[22m[39m[Mock Data] seedMockQuestions: Adding 6 questions
[90mstdout[2m | src/components/ChatSidebar.stories.jsx[2m > [22m[2m💬 Chat Sidebar / Dictionary & Search Context
[22m[39m[chatTools] Vector store search function registered: true
[90mstdout[2m | src/components/ChatSidebar.stories.jsx[2m > [22m[2m💬 Chat Sidebar / Dictionary & Search Context
[22m[39m[ChatSidebar] Registered vector store search, isReady: false
[90mstdout[2m | src/components/ChatSidebar.stories.jsx[2m > [22m[2m💬 Chat Sidebar / Dictionary & Search Context
[22m[39m[chatTools] Practice drill callback registered: true
[90mstdout[2m | src/components/ChatSidebar.stories.jsx[2m > [22m[2m💬 Chat Sidebar / Dictionary & Search Context
[22m[39m[TranslationModeController] Setting mode to: off
[90mstdout[2m | src/components/ChatSidebar.stories.jsx[2m > [22m[2m💬 Chat Sidebar / Dictionary & Search Context
[22m[39m[UnitContext] useEffect triggered {
  "authLoading": false,
  "hasUser": true,
  "id": "mock-unit-id",
  "userSub": "mock-user-sub",
}
[90mstdout[2m | src/components/ChatSidebar.stories.jsx[2m > [22m[2m💬 Chat Sidebar / Dictionary & Search Context
[22m[39m[UnitContext] Fetching unit data for id: mock-unit-id
[90mstdout[2m | src/components/ChatSidebar.stories.jsx[2m > [22m[2m💬 Chat Sidebar / Dictionary & Search Context
[22m[39m[FilesContext] Initializing vector store from IndexedDB
[90mstdout[2m | src/components/ChatSidebar.stories.jsx[2m > [22m[2m💬 Chat Sidebar / Dictionary & Search Context
[22m[39m[FilesContext] fetchFiles called
[90mstdout[2m | src/components/ChatSidebar.stories.jsx[2m > [22m[2m💬 Chat Sidebar / Dictionary & Search Context
[22m[39m[FilesContext] User authenticated: mock-user-sub
[90mstdout[2m | src/components/ChatSidebar.stories.jsx[2m > [22m[2m💬 Chat Sidebar / Dictionary & Search Context
[22m[39m[FilesContext] Identity ID: us-east-1:mock-identity-123
[90mstdout[2m | src/components/ChatSidebar.stories.jsx[2m > [22m[2m💬 Chat Sidebar / Dictionary & Search Context
[22m[39m[FilesContext] About to set up File observeQuery
[90mstdout[2m | src/components/ChatSidebar.stories.jsx[2m > [22m[2m💬 Chat Sidebar / Dictionary & Search Context
[22m[39m[ChatContext] Setting up AssistantChat observeQuery
[90mstdout[2m | src/components/ChatSidebar.stories.jsx[2m > [22m[2m💬 Chat Sidebar / Dictionary & Search Context
[22m[39m[ChatContext] Waiting for subscription to initialize
[90mstdout[2m | src/components/ChatSidebar.stories.jsx[2m > [22m[2m💬 Chat Sidebar / Dictionary & Search Context
[22m[39m[SettingsContext] Setting up Settings subscription for user: mock-user-sub
[90mstdout[2m | src/components/ChatSidebar.stories.jsx[2m > [22m[2m💬 Chat Sidebar / Dictionary & Search Context
[22m[39m[Mock Data] Settings created: mock-settings-1790418553119 - notified 0 subscribers
[90mstdout[2m | src/components/ChatSidebar.stories.jsx[2m > [22m[2m💬 Chat Sidebar / Dictionary & Search Context
[22m[39m[Mock Data] Unit.onUpdate() subscription added. Total: 1
[90mstdout[2m | src/components/ChatSidebar.stories.jsx[2m > [22m[2m💬 Chat Sidebar / Dictionary & Search Context
[22m[39m[SectionContext] Section observeQuery update: 0
[90mstdout[2m | src/components/ChatSidebar.stories.jsx[2m > [22m[2m💬 Chat Sidebar / Dictionary & Search Context
[22m[39m[FilesContext] File observeQuery update: 0 files
[90mstdout[2m | src/components/ChatSidebar.stories.jsx[2m > [22m[2m💬 Chat Sidebar / Dictionary & Search Context
[22m[39m[ChatContext] AssistantChat initialized with 1 chats
[90mstdout[2m | src/components/ChatSidebar.stories.jsx[2m > [22m[2m💬 Chat Sidebar / Dictionary & Search Context
[22m[39m[ChatContext] Setting initial chat: mock-chat-dictionary-search
[90mstdout[2m | src/components/ChatSidebar.stories.jsx[2m > [22m[2m💬 Chat Sidebar / Dictionary & Search Context
[22m[39m[MOCK CourseVectorStore] Initialized with mock data
[90mstdout[2m | src/components/ChatSidebar.stories.jsx[2m > [22m[2m💬 Chat Sidebar / Dictionary & Search Context
[22m[39m[ChatSidebar] Loading messages for chat: mock-chat-dictionary-search count: 6
[90mstdout[2m | src/components/ChatSidebar.stories.jsx[2m > [22m[2m💬 Chat Sidebar / Dictionary & Search Context
[22m[39m[ChatSidebar] deepCloneMessages: cloned 6 messages
[90mstdout[2m | src/components/ChatSidebar.stories.jsx[2m > [22m[2m💬 Chat Sidebar / Dictionary & Search Context
[22m[39m[ChatContext] Chat exists and not archived, skipping creation
[90mstdout[2m | src/components/ChatSidebar.stories.jsx[2m > [22m[2m💬 Chat Sidebar / Dictionary & Search Context
[22m[39m[Mock Storage] downloadData called with: undefined
 [32m✓[39m [30m[45m storybook (chromium) [49m[39m src/components/ChatSidebar.stories.jsx [2m([22m[2m20 tests[22m[2m)[22m[33m 15868[2mms[22m[39m
   [33m[2m✓[22m[39m Getting Started [33m 1485[2mms[22m[39m
   [33m[2m✓[22m[39m Translation Helper [33m 305[2mms[22m[39m
   [33m[2m✓[22m[39m Content Creation [33m 988[2mms[22m[39m
   [33m[2m✓[22m[39m With File Attachments [33m 583[2mms[22m[39m
   [33m[2m✓[22m[39m Quiz Generator [33m 649[2mms[22m[39m
   [33m[2m✓[22m[39m Answer Block Generator [33m 762[2mms[22m[39m
   [33m[2m✓[22m[39m Meaning Association Generator [33m 693[2mms[22m[39m
   [33m[2m✓[22m[39m Custom Answer Generator [33m 693[2mms[22m[39m
   [33m[2m✓[22m[39m Grammar Explainer [33m 457[2mms[22m[39m
   [33m[2m✓[22m[39m Conversation History [33m 1290[2mms[22m[39m
   [33m[2m✓[22m[39m Tool Call Search [33m 924[2mms[22m[39m
   [33m[2m✓[22m[39m Tool Call Create Unit [33m 491[2mms[22m[39m
   [33m[2m✓[22m[39m Tool Call Generate Content [33m 819[2mms[22m[39m
   [33m[2m✓[22m[39m Tool Call Multi Step [33m 666[2mms[22m[39m
   [33m[2m✓[22m[39m 💬 Chat Sidebar / Unit Editor Context [33m 1367[2mms[22m[39m
   [33m[2m✓[22m[39m 💬 Chat Sidebar / Dashboard Context [33m 1000[2mms[22m[39m
   [33m[2m✓[22m[39m 💬 Chat Sidebar / Sections Context [33m 500[2mms[22m[39m
   [33m[2m✓[22m[39m 💬 Chat Sidebar / Workbook Context [33m 657[2mms[22m[39m
   [33m[2m✓[22m[39m 💬 Chat Sidebar / Recording Studio Context [33m 673[2mms[22m[39m
   [33m[2m✓[22m[39m 💬 Chat Sidebar / Dictionary & Search Context [33m 867[2mms[22m[39m
[90mstdout[2m | unknown test
[22m[39m[MOCK vectorStoreDB.js] Module loaded - mock IndexedDB operations
[90mstdout[2m | unknown test
[22m[39m[Task Completion] DOM action listeners initialized
[90mstdout[2m | unknown test
[22m[39m[Task Completion] Auto-completion detector initialized
[90mstdout[2m | unknown test
[22m[39m[Preview] Task completion detector initialized
[90mstdout[2m | src/components/Gamification/InstructorGamificationPanel.stories.tsx[2m > [22m[2mEmpty
[22m[39m[TranslationModeController] Setting mode to: off
[90mstdout[2m | src/components/Gamification/InstructorGamificationPanel.stories.tsx[2m > [22m[2mWith Data
[22m[39m[TranslationModeController] Setting mode to: off
[90mstdout[2m | src/components/Gamification/InstructorGamificationPanel.stories.tsx[2m > [22m[2mAccordion Interaction
[22m[39m[TranslationModeController] Setting mode to: off
[90mstdout[2m | src/components/Gamification/InstructorGamificationPanel.stories.tsx
[22m[39m
════════════════════════════════════════════════════════════
[90mstdout[2m | src/components/Gamification/InstructorGamificationPanel.stories.tsx
[22m[39m  STORYBOOK AUDIT — 1 issue(s) in 3 stories
[90mstdout[2m | src/components/Gamification/InstructorGamificationPanel.stories.tsx
[22m[39m════════════════════════════════════════════════════════════
[90mstdout[2m | src/components/Gamification/InstructorGamificationPanel.stories.tsx
[22m[39m  CONSOLE ERRORS (2 total across 2 unique):
[90mstdout[2m | src/components/Gamification/InstructorGamificationPanel.stories.tsx
[22m[39m    [1x] In HTML, %s cannot be a descendant of <%s>.
This will cause a hydration error.%s <div> p 

  ...
   
[90mstdout[2m | src/components/Gamification/InstructorGamificationPanel.stories.tsx
[22m[39m    [1x] <%s> cannot contain a nested %s.
See this log for the ancestor stack trace. p <div>
[90mstdout[2m | src/components/Gamification/InstructorGamificationPanel.stories.tsx
[22m[39m
[90mstdout[2m | src/components/Gamification/InstructorGamificationPanel.stories.tsx
[22m[39m  STORIES WITH ISSUES:
[90mstdout[2m | src/components/Gamification/InstructorGamificationPanel.stories.tsx
[22m[39m    • With Data (2 console)
[90mstdout[2m | src/components/Gamification/InstructorGamificationPanel.stories.tsx
[22m[39m
[90mstdout[2m | src/components/Gamification/InstructorGamificationPanel.stories.tsx
[22m[39m  VERDICT: ISSUES FOUND
[90mstdout[2m | src/components/Gamification/InstructorGamificationPanel.stories.tsx
[22m[39m════════════════════════════════════════════════════════════

 [32m✓[39m [30m[45m storybook (chromium) [49m[39m src/components/Gamification/InstructorGamificationPanel.stories.tsx [2m([22m[2m3 tests[22m[2m)[22m[33m 8370[2mms[22m[39m
   [33m[2m✓[22m[39m Empty [33m 2393[2mms[22m[39m
   [33m[2m✓[22m[39m With Data [33m 2867[2mms[22m[39m
   [33m[2m✓[22m[39m Accordion Interaction [33m 3094[2mms[22m[39m
[90mstdout[2m | unknown test
[22m[39m[MOCK vectorStoreDB.js] Module loaded - mock IndexedDB operations
[90mstdout[2m | unknown test
[22m[39m[Task Completion] DOM action listeners initialized
[90mstdout[2m | unknown test
[22m[39m[Task Completion] Auto-completion detector initialized
[90mstdout[2m | unknown test
[22m[39m[Preview] Task completion detector initialized
[90mstdout[2m | .storybook/docs/QuickTour-AI.stories.tsx[2m > [22m[2m1. Start a Conversation
[22m[39m[MOCK CourseVectorStore] Initialized with mock data
[90mstdout[2m | .storybook/docs/QuickTour-AI.stories.tsx[2m > [22m[2m1. Start a Conversation
[22m[39m[chatTools] Vector store search function registered: true
[90mstdout[2m | .storybook/docs/QuickTour-AI.stories.tsx[2m > [22m[2m1. Start a Conversation
[22m[39m[ChatSidebar] Registered vector store search, isReady: false
[90mstdout[2m | .storybook/docs/QuickTour-AI.stories.tsx[2m > [22m[2m1. Start a Conversation
[22m[39m[chatTools] Practice drill callback registered: true
[90mstdout[2m | .storybook/docs/QuickTour-AI.stories.tsx[2m > [22m[2m1. Start a Conversation
[22m[39m[TranslationModeController] Setting mode to: off
[90mstdout[2m | .storybook/docs/QuickTour-AI.stories.tsx[2m > [22m[2m1. Start a Conversation
[22m[39m[UnitContext] useEffect triggered {
  "authLoading": false,
  "hasUser": true,
  "id": "mock-unit-id",
  "userSub": "mock-user-sub",
}
[90mstdout[2m | .storybook/docs/QuickTour-AI.stories.tsx[2m > [22m[2m1. Start a Conversation
[22m[39m[UnitContext] Fetching unit data for id: mock-unit-id
[90mstdout[2m | .storybook/docs/QuickTour-AI.stories.tsx[2m > [22m[2m1. Start a Conversation
[22m[39m[FilesContext] Initializing vector store from IndexedDB
[90mstdout[2m | .storybook/docs/QuickTour-AI.stories.tsx[2m > [22m[2m1. Start a Conversation
[22m[39m[FilesContext] fetchFiles called
[90mstdout[2m | .storybook/docs/QuickTour-AI.stories.tsx[2m > [22m[2m1. Start a Conversation
[22m[39m[FilesContext] User authenticated: mock-user-sub
[90mstdout[2m | .storybook/docs/QuickTour-AI.stories.tsx[2m > [22m[2m1. Start a Conversation
[22m[39m[FilesContext] Identity ID: us-east-1:mock-identity-123
[90mstdout[2m | .storybook/docs/QuickTour-AI.stories.tsx[2m > [22m[2m1. Start a Conversation
[22m[39m[FilesContext] About to set up File observeQuery
[90mstdout[2m | .storybook/docs/QuickTour-AI.stories.tsx[2m > [22m[2m1. Start a Conversation
[22m[39m[ChatContext] Setting up AssistantChat observeQuery
[90mstdout[2m | .storybook/docs/QuickTour-AI.stories.tsx[2m > [22m[2m1. Start a Conversation
[22m[39m[ChatContext] Waiting for subscription to initialize
[90mstdout[2m | .storybook/docs/QuickTour-AI.stories.tsx[2m > [22m[2m1. Start a Conversation
[22m[39m[SettingsContext] Setting up Settings subscription for user: mock-user-sub
[90mstdout[2m | .storybook/docs/QuickTour-AI.stories.tsx[2m > [22m[2m1. Start a Conversation
[22m[39m[Mock Data] Settings created: mock-settings-1790418567417 - notified 0 subscribers
[90mstdout[2m | .storybook/docs/QuickTour-AI.stories.tsx[2m > [22m[2m1. Start a Conversation
[22m[39m[Mock Data] Unit.onUpdate() subscription added. Total: 1
[90mstdout[2m | .storybook/docs/QuickTour-AI.stories.tsx[2m > [22m[2m1. Start a Conversation
[22m[39m[SectionContext] Section observeQuery update: 0
[90mstdout[2m | .storybook/docs/QuickTour-AI.stories.tsx[2m > [22m[2m1. Start a Conversation
[22m[39m[FilesContext] File observeQuery update: 6 files
[90mstdout[2m | .storybook/docs/QuickTour-AI.stories.tsx[2m > [22m[2m1. Start a Conversation
[22m[39m[ChatContext] AssistantChat initialized with 1 chats
[90mstdout[2m | .storybook/docs/QuickTour-AI.stories.tsx[2m > [22m[2m1. Start a Conversation
[22m[39m[ChatContext] Setting initial chat: tour-chat-1
[90mstdout[2m | .storybook/docs/QuickTour-AI.stories.tsx[2m > [22m[2m1. Start a Conversation
[22m[39m[MOCK CourseVectorStore] Initialized with mock data
[90mstdout[2m | .storybook/docs/QuickTour-AI.stories.tsx[2m > [22m[2m1. Start a Conversation
[22m[39m[ChatSidebar] Loading messages for chat: tour-chat-1 count: 0
[90mstdout[2m | .storybook/docs/QuickTour-AI.stories.tsx[2m > [22m[2m1. Start a Conversation
[22m[39m[ChatSidebar] deepCloneMessages: returning empty array
[90mstdout[2m | .storybook/docs/QuickTour-AI.stories.tsx[2m > [22m[2m1. Start a Conversation
[22m[39m[FilesContext] Vector store population triggered {
  "currentVectorStoreSize": 3,
  "documentsCount": 0,
  "filesCount": 6,
  "isInitialLoad": true,
}
[90mstdout[2m | .storybook/docs/QuickTour-AI.stories.tsx[2m > [22m[2m1. Start a Conversation
[22m[39m[FilesContext] Vector store population complete - 3 total embeddings
[90mstdout[2m | .storybook/docs/QuickTour-AI.stories.tsx[2m > [22m[2m1. Start a Conversation
[22m[39m[ChatContext] Chat exists and not archived, skipping creation
[90mstdout[2m | .storybook/docs/QuickTour-AI.stories.tsx[2m > [22m[2m1. Start a Conversation
[22m[39m[Mock Storage] downloadData called with: undefined
[90mstdout[2m | .storybook/docs/QuickTour-AI.stories.tsx[2m > [22m[2m1. Start a Conversation
[22m[39m[ChatSidebar] Custom fetch routing to local /api/chat route, ignoring AI SDK url: /api/chat
[90mstdout[2m | .storybook/docs/QuickTour-AI.stories.tsx[2m > [22m[2m1. Start a Conversation
[22m[39m[ChatSidebar] Sending request to /api/chat: {
  "filesCount": 0,
  "hasUnit": true,
  "questionsCount": 0,
  "wordsCount": 0,
}
[90mstdout[2m | .storybook/docs/QuickTour-AI.stories.tsx[2m > [22m[2m1. Start a Conversation
[22m[39m[Mock Fetch] Intercepted /api/chat
[90mstdout[2m | .storybook/docs/QuickTour-AI.stories.tsx[2m > [22m[2m1. Start a Conversation
[22m[39m[Mock Chat API] Received: {
  "context": {
    "courseOutline": null,
    "dictionary": [],
    "files": [],
    "grade": null,
    "questionBank": [],
    "sectionId": null,
    "sections": [],
    "studentMemory": null,
    "unit": {
      "content": "",
      "description": "A mock unit for Storybook development",
      "headingContext": {
        "headingPath": [],
        "suggestedNextHeading": "h1",
      },
      "id": "mock-unit-id",
      "name": "Sample Unit",
    },
  },
  "messages": [
    {
      "id": "7niGsx3q1doF5Hvt",
      "parts": [
        {
          "text": "Help me create a lesson about Japanese greetings",
          "type": "text",
        },
      ],
      "role": "user",
    },
  ],
}
[90mstdout[2m | .storybook/docs/QuickTour-AI.stories.tsx[2m > [22m[2m1. Start a Conversation
[22m[39m[ChatSidebar] Response received: {
  "ok": true,
  "status": 200,
}
[90mstdout[2m | .storybook/docs/QuickTour-AI.stories.tsx[2m > [22m[2m2. AI Tool Calls
[22m[39m[ChatContext] Cleaning up subscriptions
[90mstdout[2m | .storybook/docs/QuickTour-AI.stories.tsx[2m > [22m[2m2. AI Tool Calls
[22m[39m[Mock Data] Unit.onUpdate() subscription removed. Remaining: 0
[90mstdout[2m | .storybook/docs/QuickTour-AI.stories.tsx[2m > [22m[2m2. AI Tool Calls
[22m[39m[chatTools] Vector store search function registered: false
[90mstdout[2m | .storybook/docs/QuickTour-AI.stories.tsx[2m > [22m[2m2. AI Tool Calls
[22m[39m[chatTools] Practice drill callback registered: false
[90mstdout[2m | .storybook/docs/QuickTour-AI.stories.tsx[2m > [22m[2m2. AI Tool Calls
[22m[39m[Mock Data] AssistantChat updated: tour-chat-1 - notified 0 subscribers
[90mstdout[2m | .storybook/docs/QuickTour-AI.stories.tsx[2m > [22m[2m2. AI Tool Calls
[22m[39m[MOCK CourseVectorStore] Initialized with mock data
[90mstdout[2m | .storybook/docs/QuickTour-AI.stories.tsx[2m > [22m[2m2. AI Tool Calls
[22m[39m[Mock Data] seedMockWords: Adding 0 words
[90mstdout[2m | .storybook/docs/QuickTour-AI.stories.tsx[2m > [22m[2m2. AI Tool Calls
[22m[39m[Mock Data] seedMockQuestions: Adding 0 questions
[90mstdout[2m | .storybook/docs/QuickTour-AI.stories.tsx[2m > [22m[2m2. AI Tool Calls
[22m[39m[chatTools] Vector store search function registered: true
[90mstdout[2m | .storybook/docs/QuickTour-AI.stories.tsx[2m > [22m[2m2. AI Tool Calls
[22m[39m[ChatSidebar] Registered vector store search, isReady: false
[90mstdout[2m | .storybook/docs/QuickTour-AI.stories.tsx[2m > [22m[2m2. AI Tool Calls
[22m[39m[chatTools] Practice drill callback registered: true
[90mstdout[2m | .storybook/docs/QuickTour-AI.stories.tsx[2m > [22m[2m2. AI Tool Calls
[22m[39m[TranslationModeController] Setting mode to: off
[90mstdout[2m | .storybook/docs/QuickTour-AI.stories.tsx[2m > [22m[2m2. AI Tool Calls
[22m[39m[UnitContext] useEffect triggered {
  "authLoading": false,
  "hasUser": true,
  "id": "mock-unit-id",
  "userSub": "mock-user-sub",
}
[90mstdout[2m | .storybook/docs/QuickTour-AI.stories.tsx[2m > [22m[2m2. AI Tool Calls
[22m[39m[UnitContext] Fetching unit data for id: mock-unit-id
[90mstdout[2m | .storybook/docs/QuickTour-AI.stories.tsx[2m > [22m[2m2. AI Tool Calls
[22m[39m[FilesContext] Initializing vector store from IndexedDB
[90mstdout[2m | .storybook/docs/QuickTour-AI.stories.tsx[2m > [22m[2m2. AI Tool Calls
[22m[39m[FilesContext] fetchFiles called
[90mstdout[2m | .storybook/docs/QuickTour-AI.stories.tsx[2m > [22m[2m2. AI Tool Calls
[22m[39m[FilesContext] User authenticated: mock-user-sub
[90mstdout[2m | .storybook/docs/QuickTour-AI.stories.tsx[2m > [22m[2m2. AI Tool Calls
[22m[39m[FilesContext] Identity ID: us-east-1:mock-identity-123
[90mstdout[2m | .storybook/docs/QuickTour-AI.stories.tsx[2m > [22m[2m2. AI Tool Calls
[22m[39m[FilesContext] About to set up File observeQuery
[90mstdout[2m | .storybook/docs/QuickTour-AI.stories.tsx[2m > [22m[2m2. AI Tool Calls
[22m[39m[ChatContext] Setting up AssistantChat observeQuery
[90mstdout[2m | .storybook/docs/QuickTour-AI.stories.tsx[2m > [22m[2m2. AI Tool Calls
[22m[39m[ChatContext] Waiting for subscription to initialize
[90mstdout[2m | .storybook/docs/QuickTour-AI.stories.tsx[2m > [22m[2m2. AI Tool Calls
[22m[39m[SettingsContext] Setting up Settings subscription for user: mock-user-sub
[90mstdout[2m | .storybook/docs/QuickTour-AI.stories.tsx[2m > [22m[2m2. AI Tool Calls
[22m[39m[Mock Data] Settings created: mock-settings-1790418572669 - notified 0 subscribers
[90mstdout[2m | .storybook/docs/QuickTour-AI.stories.tsx[2m > [22m[2m2. AI Tool Calls
[22m[39m[Mock Data] Unit.onUpdate() subscription added. Total: 1
[90mstdout[2m | .storybook/docs/QuickTour-AI.stories.tsx[2m > [22m[2m2. AI Tool Calls
[22m[39m[SectionContext] Section observeQuery update: 0
[90mstdout[2m | .storybook/docs/QuickTour-AI.stories.tsx[2m > [22m[2m2. AI Tool Calls
[22m[39m[FilesContext] File observeQuery update: 6 files
[90mstdout[2m | .storybook/docs/QuickTour-AI.stories.tsx[2m > [22m[2m2. AI Tool Calls
[22m[39m[ChatContext] AssistantChat initialized with 1 chats
[90mstdout[2m | .storybook/docs/QuickTour-AI.stories.tsx[2m > [22m[2m2. AI Tool Calls
[22m[39m[ChatContext] Setting initial chat: tour-chat-tools
[90mstdout[2m | .storybook/docs/QuickTour-AI.stories.tsx[2m > [22m[2m2. AI Tool Calls
[22m[39m[MOCK CourseVectorStore] Initialized with mock data
[90mstdout[2m | .storybook/docs/QuickTour-AI.stories.tsx[2m > [22m[2m2. AI Tool Calls
[22m[39m[ChatSidebar] Loading messages for chat: tour-chat-tools count: 0
[90mstdout[2m | .storybook/docs/QuickTour-AI.stories.tsx[2m > [22m[2m2. AI Tool Calls
[22m[39m[ChatSidebar] deepCloneMessages: returning empty array
[90mstdout[2m | .storybook/docs/QuickTour-AI.stories.tsx[2m > [22m[2m2. AI Tool Calls
[22m[39m[FilesContext] Vector store population triggered {
  "currentVectorStoreSize": 3,
  "documentsCount": 0,
  "filesCount": 6,
  "isInitialLoad": true,
}
[90mstdout[2m | .storybook/docs/QuickTour-AI.stories.tsx[2m > [22m[2m2. AI Tool Calls
[22m[39m[FilesContext] Vector store population complete - 3 total embeddings
[90mstdout[2m | .storybook/docs/QuickTour-AI.stories.tsx[2m > [22m[2m2. AI Tool Calls
[22m[39m[ChatContext] Chat exists and not archived, skipping creation
[90mstdout[2m | .storybook/docs/QuickTour-AI.stories.tsx[2m > [22m[2m2. AI Tool Calls
[22m[39m[Mock Storage] downloadData called with: undefined
[90mstdout[2m | .storybook/docs/QuickTour-AI.stories.tsx[2m > [22m[2m2. AI Tool Calls
[22m[39m[ChatSidebar] Message finished: {
  "finishReason": undefined,
  "isAbort": false,
  "isDisconnect": false,
  "isError": false,
  "message": {
    "id": "oGviusBIVdzb0AyA",
    "metadata": undefined,
    "parts": [],
    "role": "assistant",
  },
  "messages": [
    {
      "id": "7niGsx3q1doF5Hvt",
      "metadata": undefined,
      "parts": [
        {
          "text": "Help me create a lesson about Japanese greetings",
          "type": "text",
        },
      ],
      "role": "user",
    },
  ],
}
[90mstdout[2m | .storybook/docs/QuickTour-AI.stories.tsx[2m > [22m[2m2. AI Tool Calls
[22m[39m[ChatSidebar] deepCloneMessages: cloned 1 messages
[90mstdout[2m | .storybook/docs/QuickTour-AI.stories.tsx[2m > [22m[2m2. AI Tool Calls
[22m[39m[ChatSidebar] Custom fetch routing to local /api/chat route, ignoring AI SDK url: /api/chat
[90mstdout[2m | .storybook/docs/QuickTour-AI.stories.tsx[2m > [22m[2m2. AI Tool Calls
[22m[39m[ChatSidebar] Sending request to /api/chat: {
  "filesCount": 0,
  "hasUnit": true,
  "questionsCount": 0,
  "wordsCount": 0,
}
[90mstdout[2m | .storybook/docs/QuickTour-AI.stories.tsx[2m > [22m[2m2. AI Tool Calls
[22m[39m[Mock Fetch] Intercepted /api/chat
[90mstdout[2m | .storybook/docs/QuickTour-AI.stories.tsx[2m > [22m[2m2. AI Tool Calls
[22m[39m[Mock Chat API] Received: {
  "context": {
    "courseOutline": null,
    "dictionary": [],
    "files": [],
    "grade": null,
    "questionBank": [],
    "sectionId": null,
    "sections": [],
    "studentMemory": null,
    "unit": {
      "content": "",
      "description": "A mock unit for Storybook development",
      "headingContext": {
        "headingPath": [],
        "suggestedNextHeading": "h1",
      },
      "id": "mock-unit-id",
      "name": "Sample Unit",
    },
  },
  "messages": [
    {
      "id": "ltSdodfviuzFonMv",
      "parts": [
        {
          "text": "Search my vocabulary for greetings",
          "type": "text",
        },
      ],
      "role": "user",
    },
  ],
}
[90mstdout[2m | .storybook/docs/QuickTour-AI.stories.tsx[2m > [22m[2m2. AI Tool Calls
[22m[39m[ChatSidebar] Response received: {
  "ok": true,
  "status": 200,
}
[90mstdout[2m | .storybook/docs/QuickTour-AI.stories.tsx[2m > [22m[2m2. AI Tool Calls
[22m[39m[ChatSidebar] Message finished: {
  "finishReason": undefined,
  "isAbort": false,
  "isDisconnect": false,
  "isError": false,
  "message": {
    "id": "pOUiNp7FnDJmJBDz",
    "metadata": undefined,
    "parts": [],
    "role": "assistant",
  },
  "messages": [
    {
      "id": "ltSdodfviuzFonMv",
      "metadata": undefined,
      "parts": [
        {
          "text": "Search my vocabulary for greetings",
          "type": "text",
        },
      ],
      "role": "user",
    },
  ],
}
[90mstdout[2m | .storybook/docs/QuickTour-AI.stories.tsx[2m > [22m[2m2. AI Tool Calls
[22m[39m[ChatSidebar] deepCloneMessages: cloned 1 messages
[90mstdout[2m | .storybook/docs/QuickTour-AI.stories.tsx[2m > [22m[2m3. Generate Content
[22m[39m[ChatContext] Cleaning up subscriptions
[90mstdout[2m | .storybook/docs/QuickTour-AI.stories.tsx[2m > [22m[2m3. Generate Content
[22m[39m[Mock Data] Unit.onUpdate() subscription removed. Remaining: 0
[90mstdout[2m | .storybook/docs/QuickTour-AI.stories.tsx[2m > [22m[2m3. Generate Content
[22m[39m[chatTools] Vector store search function registered: false
[90mstdout[2m | .storybook/docs/QuickTour-AI.stories.tsx[2m > [22m[2m3. Generate Content
[22m[39m[chatTools] Practice drill callback registered: false
[90mstdout[2m | .storybook/docs/QuickTour-AI.stories.tsx[2m > [22m[2m3. Generate Content
[22m[39m[Mock Data] AssistantChat updated: tour-chat-tools - notified 0 subscribers
[90mstdout[2m | .storybook/docs/QuickTour-AI.stories.tsx[2m > [22m[2m3. Generate Content
[22m[39m[MOCK CourseVectorStore] Initialized with mock data
[90mstdout[2m | .storybook/docs/QuickTour-AI.stories.tsx[2m > [22m[2m3. Generate Content
[22m[39m[chatTools] Vector store search function registered: true
[90mstdout[2m | .storybook/docs/QuickTour-AI.stories.tsx[2m > [22m[2m3. Generate Content
[22m[39m[ChatSidebar] Registered vector store search, isReady: false
[90mstdout[2m | .storybook/docs/QuickTour-AI.stories.tsx[2m > [22m[2m3. Generate Content
[22m[39m[chatTools] Practice drill callback registered: true
[90mstdout[2m | .storybook/docs/QuickTour-AI.stories.tsx[2m > [22m[2m3. Generate Content
[22m[39m[TranslationModeController] Setting mode to: off
[90mstdout[2m | .storybook/docs/QuickTour-AI.stories.tsx[2m > [22m[2m3. Generate Content
[22m[39m[UnitContext] useEffect triggered {
  "authLoading": false,
  "hasUser": true,
  "id": "mock-unit-id",
  "userSub": "mock-user-sub",
}
[90mstdout[2m | .storybook/docs/QuickTour-AI.stories.tsx[2m > [22m[2m3. Generate Content
[22m[39m[UnitContext] Fetching unit data for id: mock-unit-id
[90mstdout[2m | .storybook/docs/QuickTour-AI.stories.tsx[2m > [22m[2m3. Generate Content
[22m[39m[FilesContext] Initializing vector store from IndexedDB
[90mstdout[2m | .storybook/docs/QuickTour-AI.stories.tsx[2m > [22m[2m3. Generate Content
[22m[39m[FilesContext] fetchFiles called
[90mstdout[2m | .storybook/docs/QuickTour-AI.stories.tsx[2m > [22m[2m3. Generate Content
[22m[39m[FilesContext] User authenticated: mock-user-sub
[90mstdout[2m | .storybook/docs/QuickTour-AI.stories.tsx[2m > [22m[2m3. Generate Content
[22m[39m[FilesContext] Identity ID: us-east-1:mock-identity-123
[90mstdout[2m | .storybook/docs/QuickTour-AI.stories.tsx[2m > [22m[2m3. Generate Content
[22m[39m[FilesContext] About to set up File observeQuery
[90mstdout[2m | .storybook/docs/QuickTour-AI.stories.tsx[2m > [22m[2m3. Generate Content
[22m[39m[ChatContext] Setting up AssistantChat observeQuery
[90mstdout[2m | .storybook/docs/QuickTour-AI.stories.tsx[2m > [22m[2m3. Generate Content
[22m[39m[ChatContext] Waiting for subscription to initialize
[90mstdout[2m | .storybook/docs/QuickTour-AI.stories.tsx[2m > [22m[2m3. Generate Content
[22m[39m[SettingsContext] Setting up Settings subscription for user: mock-user-sub
[90mstdout[2m | .storybook/docs/QuickTour-AI.stories.tsx[2m > [22m[2m3. Generate Content
[22m[39m[Mock Data] Settings created: mock-settings-1790418578647 - notified 0 subscribers
[90mstdout[2m | .storybook/docs/QuickTour-AI.stories.tsx[2m > [22m[2m3. Generate Content
[22m[39m[Mock Data] Unit.onUpdate() subscription added. Total: 1
[90mstdout[2m | .storybook/docs/QuickTour-AI.stories.tsx[2m > [22m[2m3. Generate Content
[22m[39m[SectionContext] Section observeQuery update: 0
[90mstdout[2m | .storybook/docs/QuickTour-AI.stories.tsx[2m > [22m[2m3. Generate Content
[22m[39m[FilesContext] File observeQuery update: 6 files
[90mstdout[2m | .storybook/docs/QuickTour-AI.stories.tsx[2m > [22m[2m3. Generate Content
[22m[39m[ChatContext] AssistantChat initialized with 1 chats
[90mstdout[2m | .storybook/docs/QuickTour-AI.stories.tsx[2m > [22m[2m3. Generate Content
[22m[39m[ChatContext] Setting initial chat: tour-chat-quiz
[90mstdout[2m | .storybook/docs/QuickTour-AI.stories.tsx[2m > [22m[2m3. Generate Content
[22m[39m[MOCK CourseVectorStore] Initialized with mock data
[90mstdout[2m | .storybook/docs/QuickTour-AI.stories.tsx[2m > [22m[2m3. Generate Content
[22m[39m[ChatSidebar] Loading messages for chat: tour-chat-quiz count: 0
[90mstdout[2m | .storybook/docs/QuickTour-AI.stories.tsx[2m > [22m[2m3. Generate Content
[22m[39m[ChatSidebar] deepCloneMessages: returning empty array
[90mstdout[2m | .storybook/docs/QuickTour-AI.stories.tsx[2m > [22m[2m3. Generate Content
[22m[39m[FilesContext] Vector store population triggered {
  "currentVectorStoreSize": 3,
  "documentsCount": 0,
  "filesCount": 6,
  "isInitialLoad": true,
}
[90mstdout[2m | .storybook/docs/QuickTour-AI.stories.tsx[2m > [22m[2m3. Generate Content
[22m[39m[FilesContext] Vector store population complete - 3 total embeddings
[90mstdout[2m | .storybook/docs/QuickTour-AI.stories.tsx[2m > [22m[2m3. Generate Content
[22m[39m[ChatContext] Chat exists and not archived, skipping creation
[90mstdout[2m | .storybook/docs/QuickTour-AI.stories.tsx[2m > [22m[2m3. Generate Content
[22m[39m[Mock Storage] downloadData called with: undefined
[90mstdout[2m | .storybook/docs/QuickTour-AI.stories.tsx[2m > [22m[2m3. Generate Content
[22m[39m[ChatSidebar] Custom fetch routing to local /api/chat route, ignoring AI SDK url: /api/chat
[90mstdout[2m | .storybook/docs/QuickTour-AI.stories.tsx[2m > [22m[2m3. Generate Content
[22m[39m[ChatSidebar] Sending request to /api/chat: {
  "filesCount": 0,
  "hasUnit": true,
  "questionsCount": 0,
  "wordsCount": 0,
}
[90mstdout[2m | .storybook/docs/QuickTour-AI.stories.tsx[2m > [22m[2m3. Generate Content
[22m[39m[Mock Fetch] Intercepted /api/chat
[90mstdout[2m | .storybook/docs/QuickTour-AI.stories.tsx[2m > [22m[2m3. Generate Content
[22m[39m[Mock Chat API] Received: {
  "context": {
    "courseOutline": null,
    "dictionary": [],
    "files": [],
    "grade": null,
    "questionBank": [],
    "sectionId": null,
    "sections": [],
    "studentMemory": null,
    "unit": {
      "content": "",
      "description": "A mock unit for Storybook development",
      "headingContext": {
        "headingPath": [],
        "suggestedNextHeading": "h1",
      },
      "id": "mock-unit-id",
      "name": "Sample Unit",
    },
  },
  "messages": [
    {
      "id": "9A2v1WskVL2dzaHT",
      "parts": [
        {
          "text": "Generate 3 multiple choice questions about Japanese greetings",
          "type": "text",
        },
      ],
      "role": "user",
    },
  ],
}
[90mstdout[2m | .storybook/docs/QuickTour-AI.stories.tsx[2m > [22m[2m3. Generate Content
[22m[39m[ChatSidebar] Response received: {
  "ok": true,
  "status": 200,
}
[90mstdout[2m | .storybook/docs/QuickTour-AI.stories.tsx[2m > [22m[2m3. Generate Content
[22m[39m[ChatSidebar] Message finished: {
  "finishReason": undefined,
  "isAbort": false,
  "isDisconnect": false,
  "isError": false,
  "message": {
    "id": "60ekArTg8i8r5FID",
    "metadata": undefined,
    "parts": [],
    "role": "assistant",
  },
  "messages": [
    {
      "id": "9A2v1WskVL2dzaHT",
      "metadata": undefined,
      "parts": [
        {
          "text": "Generate 3 multiple choice questions about Japanese greetings",
          "type": "text",
        },
      ],
      "role": "user",
    },
  ],
}
[90mstdout[2m | .storybook/docs/QuickTour-AI.stories.tsx[2m > [22m[2m3. Generate Content
[22m[39m[ChatSidebar] deepCloneMessages: cloned 1 messages
 [32m✓[39m [30m[45m storybook (chromium) [49m[39m .storybook/docs/QuickTour-AI.stories.tsx [2m([22m[2m3 tests[22m[2m)[22m[33m 17361[2mms[22m[39m
   [33m[2m✓[22m[39m 1. Start a Conversation [33m 5313[2mms[22m[39m
   [33m[2m✓[22m[39m 2. AI Tool Calls [33m 5968[2mms[22m[39m
   [33m[2m✓[22m[39m 3. Generate Content [33m 6080[2mms[22m[39m
[90mstdout[2m | unknown test
[22m[39m[MOCK vectorStoreDB.js] Module loaded - mock IndexedDB operations
[90mstdout[2m | unknown test
[22m[39m[Task Completion] DOM action listeners initialized
[90mstdout[2m | unknown test
[22m[39m[Task Completion] Auto-completion detector initialized
[90mstdout[2m | unknown test
[22m[39m[Preview] Task completion detector initialized
[90mstdout[2m | src/components/InstructorDashboard.stories.jsx[2m > [22m[2mWith Sections
[22m[39m[MOCK CourseVectorStore] Initialized with mock data
[90mstdout[2m | src/components/InstructorDashboard.stories.jsx[2m > [22m[2mWith Sections
[22m[39m[Mock Data] seedMockUnit: Adding unit unit-1
[90mstdout[2m | src/components/InstructorDashboard.stories.jsx[2m > [22m[2mWith Sections
[22m[39m[Mock Data] seedMockUnit: Adding unit unit-2
[90mstdout[2m | src/components/InstructorDashboard.stories.jsx[2m > [22m[2mWith Sections
[22m[39m[Mock Data] seedMockUnit: Adding unit unit-3
[90mstdout[2m | src/components/InstructorDashboard.stories.jsx[2m > [22m[2mWith Sections
[22m[39m[Mock Data] seedMockUnit: Adding unit unit-4
[90mstdout[2m | src/components/InstructorDashboard.stories.jsx[2m > [22m[2mWith Sections
[22m[39m[Mock Data] seedMockUnit: Adding unit unit-5
[90mstdout[2m | src/components/InstructorDashboard.stories.jsx[2m > [22m[2mWith Sections
[22m[39m[Mock Data] seedMockAssignments: Adding 7 assignments
[90mstdout[2m | src/components/InstructorDashboard.stories.jsx[2m > [22m[2mWith Sections
[22m[39m[Mock Data] Total assignments in store: 7
[90mstdout[2m | src/components/InstructorDashboard.stories.jsx[2m > [22m[2mWith Sections
[22m[39m[Mock Data] Seeded grade: grade-1 for unit: unit-1
[90mstdout[2m | src/components/InstructorDashboard.stories.jsx[2m > [22m[2mWith Sections
[22m[39m[Mock Data] Grade has data: false
[90mstdout[2m | src/components/InstructorDashboard.stories.jsx[2m > [22m[2mWith Sections
[22m[39m[Mock Data] Total grades in store: 1
[90mstdout[2m | src/components/InstructorDashboard.stories.jsx[2m > [22m[2mWith Sections
[22m[39m[Mock Data] Seeded grade: grade-2 for unit: unit-2
[90mstdout[2m | src/components/InstructorDashboard.stories.jsx[2m > [22m[2mWith Sections
[22m[39m[Mock Data] Grade has data: false
[90mstdout[2m | src/components/InstructorDashboard.stories.jsx[2m > [22m[2mWith Sections
[22m[39m[Mock Data] Total grades in store: 2
[90mstdout[2m | src/components/InstructorDashboard.stories.jsx[2m > [22m[2mWith Sections
[22m[39m[Mock Data] Seeded grade: grade-3 for unit: unit-3
[90mstdout[2m | src/components/InstructorDashboard.stories.jsx[2m > [22m[2mWith Sections
[22m[39m[Mock Data] Grade has data: false
[90mstdout[2m | src/components/InstructorDashboard.stories.jsx[2m > [22m[2mWith Sections
[22m[39m[Mock Data] Total grades in store: 3
[90mstdout[2m | src/components/InstructorDashboard.stories.jsx[2m > [22m[2mWith Sections
[22m[39m[Mock Data] Seeded grade: grade-4 for unit: unit-1
[90mstdout[2m | src/components/InstructorDashboard.stories.jsx[2m > [22m[2mWith Sections
[22m[39m[Mock Data] Grade has data: false
[90mstdout[2m | src/components/InstructorDashboard.stories.jsx[2m > [22m[2mWith Sections
[22m[39m[Mock Data] Total grades in store: 4
[90mstdout[2m | src/components/InstructorDashboard.stories.jsx[2m > [22m[2mWith Sections
[22m[39m[Mock Data] Seeded grade: grade-5 for unit: unit-2
[90mstdout[2m | src/components/InstructorDashboard.stories.jsx[2m > [22m[2mWith Sections
[22m[39m[Mock Data] Grade has data: false
[90mstdout[2m | src/components/InstructorDashboard.stories.jsx[2m > [22m[2mWith Sections
[22m[39m[Mock Data] Total grades in store: 5
[90mstdout[2m | src/components/InstructorDashboard.stories.jsx[2m > [22m[2mWith Sections
[22m[39m[Mock Data] Seeded grade: grade-6 for unit: unit-3
[90mstdout[2m | src/components/InstructorDashboard.stories.jsx[2m > [22m[2mWith Sections
[22m[39m[Mock Data] Grade has data: false
[90mstdout[2m | src/components/InstructorDashboard.stories.jsx[2m > [22m[2mWith Sections
[22m[39m[Mock Data] Total grades in store: 6
[90mstdout[2m | src/components/InstructorDashboard.stories.jsx[2m > [22m[2mWith Sections
[22m[39m[Mock Data] Seeded grade: grade-7 for unit: unit-1
[90mstdout[2m | src/components/InstructorDashboard.stories.jsx[2m > [22m[2mWith Sections
[22m[39m[Mock Data] Grade has data: false
[90mstdout[2m | src/components/InstructorDashboard.stories.jsx[2m > [22m[2mWith Sections
[22m[39m[Mock Data] Total grades in store: 7
[90mstdout[2m | src/components/InstructorDashboard.stories.jsx[2m > [22m[2mWith Sections
[22m[39m[Mock Data] Seeded grade: grade-8 for unit: unit-2
[90mstdout[2m | src/components/InstructorDashboard.stories.jsx[2m > [22m[2mWith Sections
[22m[39m[Mock Data] Grade has data: false
[90mstdout[2m | src/components/InstructorDashboard.stories.jsx[2m > [22m[2mWith Sections
[22m[39m[Mock Data] Total grades in store: 8
[90mstdout[2m | src/components/InstructorDashboard.stories.jsx[2m > [22m[2mWith Sections
[22m[39m[Mock Data] Seeded grade: grade-9 for unit: unit-3
[90mstdout[2m | src/components/InstructorDashboard.stories.jsx[2m > [22m[2mWith Sections
[22m[39m[Mock Data] Grade has data: false
[90mstdout[2m | src/components/InstructorDashboard.stories.jsx[2m > [22m[2mWith Sections
[22m[39m[Mock Data] Total grades in store: 9
[90mstdout[2m | src/components/InstructorDashboard.stories.jsx[2m > [22m[2mWith Sections
[22m[39m[Mock Data] Seeded grade: grade-10 for unit: unit-1
[90mstdout[2m | src/components/InstructorDashboard.stories.jsx[2m > [22m[2mWith Sections
[22m[39m[Mock Data] Grade has data: false
[90mstdout[2m | src/components/InstructorDashboard.stories.jsx[2m > [22m[2mWith Sections
[22m[39m[Mock Data] Total grades in store: 10
[90mstdout[2m | src/components/InstructorDashboard.stories.jsx[2m > [22m[2mWith Sections
[22m[39m[Mock Data] Seeded grade: grade-11 for unit: unit-2
[90mstdout[2m | src/components/InstructorDashboard.stories.jsx[2m > [22m[2mWith Sections
[22m[39m[Mock Data] Grade has data: false
[90mstdout[2m | src/components/InstructorDashboard.stories.jsx[2m > [22m[2mWith Sections
[22m[39m[Mock Data] Total grades in store: 11
[90mstdout[2m | src/components/InstructorDashboard.stories.jsx[2m > [22m[2mWith Sections
[22m[39m[Mock Data] Seeded grade: grade-12 for unit: unit-3
[90mstdout[2m | src/components/InstructorDashboard.stories.jsx[2m > [22m[2mWith Sections
[22m[39m[Mock Data] Grade has data: false
[90mstdout[2m | src/components/InstructorDashboard.stories.jsx[2m > [22m[2mWith Sections
[22m[39m[Mock Data] Total grades in store: 12
[90mstdout[2m | src/components/InstructorDashboard.stories.jsx[2m > [22m[2mWith Sections
[22m[39m[Mock Data] Seeded grade: grade-13 for unit: unit-1
[90mstdout[2m | src/components/InstructorDashboard.stories.jsx[2m > [22m[2mWith Sections
[22m[39m[Mock Data] Grade has data: false
[90mstdout[2m | src/components/InstructorDashboard.stories.jsx[2m > [22m[2mWith Sections
[22m[39m[Mock Data] Total grades in store: 13
[90mstdout[2m | src/components/InstructorDashboard.stories.jsx[2m > [22m[2mWith Sections
[22m[39m[Mock Data] Seeded grade: grade-14 for unit: unit-2
[90mstdout[2m | src/components/InstructorDashboard.stories.jsx[2m > [22m[2mWith Sections
[22m[39m[Mock Data] Grade has data: false
[90mstdout[2m | src/components/InstructorDashboard.stories.jsx[2m > [22m[2mWith Sections
[22m[39m[Mock Data] Total grades in store: 14
[90mstdout[2m | src/components/InstructorDashboard.stories.jsx[2m > [22m[2mWith Sections
[22m[39m[Mock Data] Seeded grade: grade-15 for unit: unit-3
[90mstdout[2m | src/components/InstructorDashboard.stories.jsx[2m > [22m[2mWith Sections
[22m[39m[Mock Data] Grade has data: false
[90mstdout[2m | src/components/InstructorDashboard.stories.jsx[2m > [22m[2mWith Sections
[22m[39m[Mock Data] Total grades in store: 15
[90mstdout[2m | src/components/InstructorDashboard.stories.jsx[2m > [22m[2mWith Sections
[22m[39m[Mock Data] Seeded grade: grade-16 for unit: unit-1
[90mstdout[2m | src/components/InstructorDashboard.stories.jsx[2m > [22m[2mWith Sections
[22m[39m[Mock Data] Grade has data: false
[90mstdout[2m | src/components/InstructorDashboard.stories.jsx[2m > [22m[2mWith Sections
[22m[39m[Mock Data] Total grades in store: 16
[90mstdout[2m | src/components/InstructorDashboard.stories.jsx[2m > [22m[2mWith Sections
[22m[39m[Mock Data] Seeded grade: grade-17 for unit: unit-2
[90mstdout[2m | src/components/InstructorDashboard.stories.jsx[2m > [22m[2mWith Sections
[22m[39m[Mock Data] Grade has data: false
[90mstdout[2m | src/components/InstructorDashboard.stories.jsx[2m > [22m[2mWith Sections
[22m[39m[Mock Data] Total grades in store: 17
[90mstdout[2m | src/components/InstructorDashboard.stories.jsx[2m > [22m[2mWith Sections
[22m[39m[Mock Data] Seeded grade: grade-18 for unit: unit-1
[90mstdout[2m | src/components/InstructorDashboard.stories.jsx[2m > [22m[2mWith Sections
[22m[39m[Mock Data] Grade has data: false
[90mstdout[2m | src/components/InstructorDashboard.stories.jsx[2m > [22m[2mWith Sections
[22m[39m[Mock Data] Total grades in store: 18
[90mstdout[2m | src/components/InstructorDashboard.stories.jsx[2m > [22m[2mWith Sections
[22m[39m[Mock Data] Seeded grade: grade-19 for unit: unit-2
[90mstdout[2m | src/components/InstructorDashboard.stories.jsx[2m > [22m[2mWith Sections
[22m[39m[Mock Data] Grade has data: false
[90mstdout[2m | src/components/InstructorDashboard.stories.jsx[2m > [22m[2mWith Sections
[22m[39m[Mock Data] Total grades in store: 19
[90mstdout[2m | src/components/InstructorDashboard.stories.jsx[2m > [22m[2mWith Sections
[22m[39m[Mock Data] Seeded grade: grade-20 for unit: unit-2
[90mstdout[2m | src/components/InstructorDashboard.stories.jsx[2m > [22m[2mWith Sections
[22m[39m[Mock Data] Grade has data: false
[90mstdout[2m | src/components/InstructorDashboard.stories.jsx[2m > [22m[2mWith Sections
[22m[39m[Mock Data] Total grades in store: 20
[90mstdout[2m | src/components/InstructorDashboard.stories.jsx[2m > [22m[2mWith Sections
[22m[39m[Mock Data] Seeded grade: grade-21 for unit: unit-1
[90mstdout[2m | src/components/InstructorDashboard.stories.jsx[2m > [22m[2mWith Sections
[22m[39m[Mock Data] Grade has data: false
[90mstdout[2m | src/components/InstructorDashboard.stories.jsx[2m > [22m[2mWith Sections
[22m[39m[Mock Data] Total grades in store: 21
[90mstdout[2m | src/components/InstructorDashboard.stories.jsx[2m > [22m[2mWith Sections
[22m[39m[Mock Data] Seeded grade: grade-22 for unit: unit-2
[90mstdout[2m | src/components/InstructorDashboard.stories.jsx[2m > [22m[2mWith Sections
[22m[39m[Mock Data] Grade has data: false
[90mstdout[2m | src/components/InstructorDashboard.stories.jsx[2m > [22m[2mWith Sections
[22m[39m[Mock Data] Total grades in store: 22
[90mstdout[2m | src/components/InstructorDashboard.stories.jsx[2m > [22m[2mWith Sections
[22m[39m[Mock Data] Seeded grade: grade-23 for unit: unit-4
[90mstdout[2m | src/components/InstructorDashboard.stories.jsx[2m > [22m[2mWith Sections
[22m[39m[Mock Data] Grade has data: false
[90mstdout[2m | src/components/InstructorDashboard.stories.jsx[2m > [22m[2mWith Sections
[22m[39m[Mock Data] Total grades in store: 23
[90mstdout[2m | src/components/InstructorDashboard.stories.jsx[2m > [22m[2mWith Sections
[22m[39m[Mock Data] Seeded grade: grade-24 for unit: unit-5
[90mstdout[2m | src/components/InstructorDashboard.stories.jsx[2m > [22m[2mWith Sections
[22m[39m[Mock Data] Grade has data: false
[90mstdout[2m | src/components/InstructorDashboard.stories.jsx[2m > [22m[2mWith Sections
[22m[39m[Mock Data] Total grades in store: 24
[90mstdout[2m | src/components/InstructorDashboard.stories.jsx[2m > [22m[2mWith Sections
[22m[39m[Mock Data] Seeded grade: grade-25 for unit: unit-4
[90mstdout[2m | src/components/InstructorDashboard.stories.jsx[2m > [22m[2mWith Sections
[22m[39m[Mock Data] Grade has data: false
[90mstdout[2m | src/components/InstructorDashboard.stories.jsx[2m > [22m[2mWith Sections
[22m[39m[Mock Data] Total grades in store: 25
[90mstdout[2m | src/components/InstructorDashboard.stories.jsx[2m > [22m[2mWith Sections
[22m[39m[Mock Data] Seeded grade: grade-26 for unit: unit-5
[90mstdout[2m | src/components/InstructorDashboard.stories.jsx[2m > [22m[2mWith Sections
[22m[39m[Mock Data] Grade has data: false
[90mstdout[2m | src/components/InstructorDashboard.stories.jsx[2m > [22m[2mWith Sections
[22m[39m[Mock Data] Total grades in store: 26
[90mstdout[2m | src/components/InstructorDashboard.stories.jsx[2m > [22m[2mWith Sections
[22m[39m[Mock Data] Seeded grade: grade-27 for unit: unit-4
[90mstdout[2m | src/components/InstructorDashboard.stories.jsx[2m > [22m[2mWith Sections
[22m[39m[Mock Data] Grade has data: false
[90mstdout[2m | src/components/InstructorDashboard.stories.jsx[2m > [22m[2mWith Sections
[22m[39m[Mock Data] Total grades in store: 27
[90mstdout[2m | src/components/InstructorDashboard.stories.jsx[2m > [22m[2mWith Sections
[22m[39m[Mock Data] Seeded grade: grade-28 for unit: unit-5
[90mstdout[2m | src/components/InstructorDashboard.stories.jsx[2m > [22m[2mWith Sections
[22m[39m[Mock Data] Grade has data: false
[90mstdout[2m | src/components/InstructorDashboard.stories.jsx[2m > [22m[2mWith Sections
[22m[39m[Mock Data] Total grades in store: 28
[90mstdout[2m | src/components/InstructorDashboard.stories.jsx[2m > [22m[2mWith Sections
[22m[39m[Mock Data] Seeded grade: grade-29 for unit: unit-4
[90mstdout[2m | src/components/InstructorDashboard.stories.jsx[2m > [22m[2mWith Sections
[22m[39m[Mock Data] Grade has data: false
[90mstdout[2m | src/components/InstructorDashboard.stories.jsx[2m > [22m[2mWith Sections
[22m[39m[Mock Data] Total grades in store: 29
[90mstdout[2m | src/components/InstructorDashboard.stories.jsx[2m > [22m[2mWith Sections
[22m[39m[Mock Data] Seeded grade: grade-30 for unit: unit-5
[90mstdout[2m | src/components/InstructorDashboard.stories.jsx[2m > [22m[2mWith Sections
[22m[39m[Mock Data] Grade has data: false
[90mstdout[2m | src/components/InstructorDashboard.stories.jsx[2m > [22m[2mWith Sections
[22m[39m[Mock Data] Total grades in store: 30
[90mstdout[2m | src/components/InstructorDashboard.stories.jsx[2m > [22m[2mWith Sections
[22m[39m[Mock Data] Seeded grade: grade-31 for unit: unit-2
[90mstdout[2m | src/components/InstructorDashboard.stories.jsx[2m > [22m[2mWith Sections
[22m[39m[Mock Data] Grade has data: false
[90mstdout[2m | src/components/InstructorDashboard.stories.jsx[2m > [22m[2mWith Sections
[22m[39m[Mock Data] Total grades in store: 31
[90mstdout[2m | src/components/InstructorDashboard.stories.jsx[2m > [22m[2mWith Sections
[22m[39m[TranslationModeController] Setting mode to: off
[90mstdout[2m | src/components/InstructorDashboard.stories.jsx[2m > [22m[2mWith Sections
[22m[39m[UnitContext] useEffect triggered {
  "authLoading": false,
  "hasUser": true,
  "id": "mock-unit-id",
  "userSub": "mock-user-sub",
}
[90mstdout[2m | src/components/InstructorDashboard.stories.jsx[2m > [22m[2mWith Sections
[22m[39m[UnitContext] Fetching unit data for id: mock-unit-id
[90mstdout[2m | src/components/InstructorDashboard.stories.jsx[2m > [22m[2mWith Sections
[22m[39m[FilesContext] Initializing vector store from IndexedDB
[90mstdout[2m | src/components/InstructorDashboard.stories.jsx[2m > [22m[2mWith Sections
[22m[39m[FilesContext] fetchFiles called
[90mstdout[2m | src/components/InstructorDashboard.stories.jsx[2m > [22m[2mWith Sections
[22m[39m[FilesContext] User authenticated: mock-user-sub
[90mstdout[2m | src/components/InstructorDashboard.stories.jsx[2m > [22m[2mWith Sections
[22m[39m[FilesContext] Identity ID: us-east-1:mock-identity-123
[90mstdout[2m | src/components/InstructorDashboard.stories.jsx[2m > [22m[2mWith Sections
[22m[39m[FilesContext] About to set up File observeQuery
[90mstdout[2m | src/components/InstructorDashboard.stories.jsx[2m > [22m[2mWith Sections
[22m[39m[ChatContext] Setting up AssistantChat observeQuery
[90mstdout[2m | src/components/InstructorDashboard.stories.jsx[2m > [22m[2mWith Sections
[22m[39m[ChatContext] Waiting for subscription to initialize
[90mstdout[2m | src/components/InstructorDashboard.stories.jsx[2m > [22m[2mWith Sections
[22m[39m[SettingsContext] Setting up Settings subscription for user: mock-user-sub
[90mstdout[2m | src/components/InstructorDashboard.stories.jsx[2m > [22m[2mWith Sections
[22m[39m[Mock Data] Settings created: mock-settings-1790418585959 - notified 0 subscribers
[90mstdout[2m | src/components/InstructorDashboard.stories.jsx[2m > [22m[2mWith Sections
[22m[39m[Mock Data] Unit.onUpdate() subscription added. Total: 1
[90mstdout[2m | src/components/InstructorDashboard.stories.jsx[2m > [22m[2mWith Sections
[22m[39m[SectionContext] Section observeQuery update: 0
[90mstdout[2m | src/components/InstructorDashboard.stories.jsx[2m > [22m[2mWith Sections
[22m[39m[FilesContext] File observeQuery update: 6 files
[90mstdout[2m | src/components/InstructorDashboard.stories.jsx[2m > [22m[2mWith Sections
[22m[39m[ChatContext] AssistantChat initialized with 1 chats
[90mstdout[2m | src/components/InstructorDashboard.stories.jsx[2m > [22m[2mWith Sections
[22m[39m[ChatContext] Setting initial chat: chat-flagged-1
[90mstdout[2m | src/components/InstructorDashboard.stories.jsx[2m > [22m[2mWith Sections
[22m[39m[MOCK CourseVectorStore] Initialized with mock data
[90mstdout[2m | src/components/InstructorDashboard.stories.jsx[2m > [22m[2mWith Sections
[22m[39m[FilesContext] Vector store population triggered {
  "currentVectorStoreSize": 3,
  "documentsCount": 0,
  "filesCount": 6,
  "isInitialLoad": true,
}
[90mstdout[2m | src/components/InstructorDashboard.stories.jsx[2m > [22m[2mWith Sections
[22m[39m[FilesContext] Vector store population complete - 3 total embeddings
[90mstdout[2m | src/components/InstructorDashboard.stories.jsx[2m > [22m[2mWith Sections
[22m[39m[ChatContext] Chat exists and not archived, skipping creation
[90mstdout[2m | src/components/InstructorDashboard.stories.jsx[2m > [22m[2mWith Sections
[22m[39m[Mock Storage] downloadData called with: undefined
[90mstdout[2m | src/components/InstructorDashboard.stories.jsx[2m > [22m[2mSingle Section
[22m[39m[ChatContext] Cleaning up subscriptions
[90mstdout[2m | src/components/InstructorDashboard.stories.jsx[2m > [22m[2mSingle Section
[22m[39m[Mock Data] Unit.onUpdate() subscription removed. Remaining: 0
[90mstdout[2m | src/components/InstructorDashboard.stories.jsx[2m > [22m[2mSingle Section
[22m[39m[MOCK CourseVectorStore] Initialized with mock data
[90mstdout[2m | src/components/InstructorDashboard.stories.jsx[2m > [22m[2mSingle Section
[22m[39m[Mock Data] seedMockUnit: Adding unit unit-1
[90mstdout[2m | src/components/InstructorDashboard.stories.jsx[2m > [22m[2mSingle Section
[22m[39m[Mock Data] seedMockUnit: Adding unit unit-2
[90mstdout[2m | src/components/InstructorDashboard.stories.jsx[2m > [22m[2mSingle Section
[22m[39m[Mock Data] seedMockUnit: Adding unit unit-3
[90mstdout[2m | src/components/InstructorDashboard.stories.jsx[2m > [22m[2mSingle Section
[22m[39m[Mock Data] seedMockUnit: Adding unit unit-4
[90mstdout[2m | src/components/InstructorDashboard.stories.jsx[2m > [22m[2mSingle Section
[22m[39m[Mock Data] seedMockUnit: Adding unit unit-5
[90mstdout[2m | src/components/InstructorDashboard.stories.jsx[2m > [22m[2mSingle Section
[22m[39m[Mock Data] seedMockAssignments: Adding 7 assignments
[90mstdout[2m | src/components/InstructorDashboard.stories.jsx[2m > [22m[2mSingle Section
[22m[39m[Mock Data] Total assignments in store: 7
[90mstdout[2m | src/components/InstructorDashboard.stories.jsx[2m > [22m[2mSingle Section
[22m[39m[Mock Data] Seeded grade: grade-1 for unit: unit-1
[90mstdout[2m | src/components/InstructorDashboard.stories.jsx[2m > [22m[2mSingle Section
[22m[39m[Mock Data] Grade has data: false
[90mstdout[2m | src/components/InstructorDashboard.stories.jsx[2m > [22m[2mSingle Section
[22m[39m[Mock Data] Total grades in store: 1
[90mstdout[2m | src/components/InstructorDashboard.stories.jsx[2m > [22m[2mSingle Section
[22m[39m[Mock Data] Seeded grade: grade-2 for unit: unit-2
[90mstdout[2m | src/components/InstructorDashboard.stories.jsx[2m > [22m[2mSingle Section
[22m[39m[Mock Data] Grade has data: false
[90mstdout[2m | src/components/InstructorDashboard.stories.jsx[2m > [22m[2mSingle Section
[22m[39m[Mock Data] Total grades in store: 2
[90mstdout[2m | src/components/InstructorDashboard.stories.jsx[2m > [22m[2mSingle Section
[22m[39m[Mock Data] Seeded grade: grade-3 for unit: unit-3
[90mstdout[2m | src/components/InstructorDashboard.stories.jsx[2m > [22m[2mSingle Section
[22m[39m[Mock Data] Grade has data: false
[90mstdout[2m | src/components/InstructorDashboard.stories.jsx[2m > [22m[2mSingle Section
[22m[39m[Mock Data] Total grades in store: 3
[90mstdout[2m | src/components/InstructorDashboard.stories.jsx[2m > [22m[2mSingle Section
[22m[39m[Mock Data] Seeded grade: grade-4 for unit: unit-1
[90mstdout[2m | src/components/InstructorDashboard.stories.jsx[2m > [22m[2mSingle Section
[22m[39m[Mock Data] Grade has data: false
[90mstdout[2m | src/components/InstructorDashboard.stories.jsx[2m > [22m[2mSingle Section
[22m[39m[Mock Data] Total grades in store: 4
[90mstdout[2m | src/components/InstructorDashboard.stories.jsx[2m > [22m[2mSingle Section
[22m[39m[Mock Data] Seeded grade: grade-5 for unit: unit-2
[90mstdout[2m | src/components/InstructorDashboard.stories.jsx[2m > [22m[2mSingle Section
[22m[39m[Mock Data] Grade has data: false
[90mstdout[2m | src/components/InstructorDashboard.stories.jsx[2m > [22m[2mSingle Section
[22m[39m[Mock Data] Total grades in store: 5
[90mstdout[2m | src/components/InstructorDashboard.stories.jsx[2m > [22m[2mSingle Section
[22m[39m[Mock Data] Seeded grade: grade-6 for unit: unit-3
[90mstdout[2m | src/components/InstructorDashboard.stories.jsx[2m > [22m[2mSingle Section
[22m[39m[Mock Data] Grade has data: false
[90mstdout[2m | src/components/InstructorDashboard.stories.jsx[2m > [22m[2mSingle Section
[22m[39m[Mock Data] Total grades in store: 6
[90mstdout[2m | src/components/InstructorDashboard.stories.jsx[2m > [22m[2mSingle Section
[22m[39m[Mock Data] Seeded grade: grade-7 for unit: unit-1
[90mstdout[2m | src/components/InstructorDashboard.stories.jsx[2m > [22m[2mSingle Section
[22m[39m[Mock Data] Grade has data: false
[90mstdout[2m | src/components/InstructorDashboard.stories.jsx[2m > [22m[2mSingle Section
[22m[39m[Mock Data] Total grades in store: 7
[90mstdout[2m | src/components/InstructorDashboard.stories.jsx[2m > [22m[2mSingle Section
[22m[39m[Mock Data] Seeded grade: grade-8 for unit: unit-2
[90mstdout[2m | src/components/InstructorDashboard.stories.jsx[2m > [22m[2mSingle Section
[22m[39m[Mock Data] Grade has data: false
[90mstdout[2m | src/components/InstructorDashboard.stories.jsx[2m > [22m[2mSingle Section
[22m[39m[Mock Data] Total grades in store: 8
[90mstdout[2m | src/components/InstructorDashboard.stories.jsx[2m > [22m[2mSingle Section
[22m[39m[Mock Data] Seeded grade: grade-9 for unit: unit-3
[90mstdout[2m | src/components/InstructorDashboard.stories.jsx[2m > [22m[2mSingle Section
[22m[39m[Mock Data] Grade has data: false
[90mstdout[2m | src/components/InstructorDashboard.stories.jsx[2m > [22m[2mSingle Section
[22m[39m[Mock Data] Total grades in store: 9
[90mstdout[2m | src/components/InstructorDashboard.stories.jsx[2m > [22m[2mSingle Section
[22m[39m[Mock Data] Seeded grade: grade-10 for unit: unit-1
[90mstdout[2m | src/components/InstructorDashboard.stories.jsx[2m > [22m[2mSingle Section
[22m[39m[Mock Data] Grade has data: false
[90mstdout[2m | src/components/InstructorDashboard.stories.jsx[2m > [22m[2mSingle Section
[22m[39m[Mock Data] Total grades in store: 10
[90mstdout[2m | src/components/InstructorDashboard.stories.jsx[2m > [22m[2mSingle Section
[22m[39m[Mock Data] Seeded grade: grade-11 for unit: unit-2
[90mstdout[2m | src/components/InstructorDashboard.stories.jsx[2m > [22m[2mSingle Section
[22m[39m[Mock Data] Grade has data: false
[90mstdout[2m | src/components/InstructorDashboard.stories.jsx[2m > [22m[2mSingle Section
[22m[39m[Mock Data] Total grades in store: 11
[90mstdout[2m | src/components/InstructorDashboard.stories.jsx[2m > [22m[2mSingle Section
[22m[39m[Mock Data] Seeded grade: grade-12 for unit: unit-3
[90mstdout[2m | src/components/InstructorDashboard.stories.jsx[2m > [22m[2mSingle Section
[22m[39m[Mock Data] Grade has data: false
[90mstdout[2m | src/components/InstructorDashboard.stories.jsx[2m > [22m[2mSingle Section
[22m[39m[Mock Data] Total grades in store: 12
[90mstdout[2m | src/components/InstructorDashboard.stories.jsx[2m > [22m[2mSingle Section
[22m[39m[Mock Data] Seeded grade: grade-13 for unit: unit-1
[90mstdout[2m | src/components/InstructorDashboard.stories.jsx[2m > [22m[2mSingle Section
[22m[39m[Mock Data] Grade has data: false
[90mstdout[2m | src/components/InstructorDashboard.stories.jsx[2m > [22m[2mSingle Section
[22m[39m[Mock Data] Total grades in store: 13
[90mstdout[2m | src/components/InstructorDashboard.stories.jsx[2m > [22m[2mSingle Section
[22m[39m[Mock Data] Seeded grade: grade-14 for unit: unit-2
[90mstdout[2m | src/components/InstructorDashboard.stories.jsx[2m > [22m[2mSingle Section
[22m[39m[Mock Data] Grade has data: false
[90mstdout[2m | src/components/InstructorDashboard.stories.jsx[2m > [22m[2mSingle Section
[22m[39m[Mock Data] Total grades in store: 14
[90mstdout[2m | src/components/InstructorDashboard.stories.jsx[2m > [22m[2mSingle Section
[22m[39m[Mock Data] Seeded grade: grade-15 for unit: unit-3
[90mstdout[2m | src/components/InstructorDashboard.stories.jsx[2m > [22m[2mSingle Section
[22m[39m[Mock Data] Grade has data: false
[90mstdout[2m | src/components/InstructorDashboard.stories.jsx[2m > [22m[2mSingle Section
[22m[39m[Mock Data] Total grades in store: 15
[90mstdout[2m | src/components/InstructorDashboard.stories.jsx[2m > [22m[2mSingle Section
[22m[39m[Mock Data] Seeded grade: grade-16 for unit: unit-1
[90mstdout[2m | src/components/InstructorDashboard.stories.jsx[2m > [22m[2mSingle Section
[22m[39m[Mock Data] Grade has data: false
[90mstdout[2m | src/components/InstructorDashboard.stories.jsx[2m > [22m[2mSingle Section
[22m[39m[Mock Data] Total grades in store: 16
[90mstdout[2m | src/components/InstructorDashboard.stories.jsx[2m > [22m[2mSingle Section
[22m[39m[Mock Data] Seeded grade: grade-17 for unit: unit-2
[90mstdout[2m | src/components/InstructorDashboard.stories.jsx[2m > [22m[2mSingle Section
[22m[39m[Mock Data] Grade has data: false
[90mstdout[2m | src/components/InstructorDashboard.stories.jsx[2m > [22m[2mSingle Section
[22m[39m[Mock Data] Total grades in store: 17
[90mstdout[2m | src/components/InstructorDashboard.stories.jsx[2m > [22m[2mSingle Section
[22m[39m[Mock Data] Seeded grade: grade-18 for unit: unit-1
[90mstdout[2m | src/components/InstructorDashboard.stories.jsx[2m > [22m[2mSingle Section
[22m[39m[Mock Data] Grade has data: false
[90mstdout[2m | src/components/InstructorDashboard.stories.jsx[2m > [22m[2mSingle Section
[22m[39m[Mock Data] Total grades in store: 18
[90mstdout[2m | src/components/InstructorDashboard.stories.jsx[2m > [22m[2mSingle Section
[22m[39m[Mock Data] Seeded grade: grade-19 for unit: unit-2
[90mstdout[2m | src/components/InstructorDashboard.stories.jsx[2m > [22m[2mSingle Section
[22m[39m[Mock Data] Grade has data: false
[90mstdout[2m | src/components/InstructorDashboard.stories.jsx[2m > [22m[2mSingle Section
[22m[39m[Mock Data] Total grades in store: 19
[90mstdout[2m | src/components/InstructorDashboard.stories.jsx[2m > [22m[2mSingle Section
[22m[39m[Mock Data] Seeded grade: grade-20 for unit: unit-2
[90mstdout[2m | src/components/InstructorDashboard.stories.jsx[2m > [22m[2mSingle Section
[22m[39m[Mock Data] Grade has data: false
[90mstdout[2m | src/components/InstructorDashboard.stories.jsx[2m > [22m[2mSingle Section
[22m[39m[Mock Data] Total grades in store: 20
[90mstdout[2m | src/components/InstructorDashboard.stories.jsx[2m > [22m[2mSingle Section
[22m[39m[Mock Data] Seeded grade: grade-21 for unit: unit-1
[90mstdout[2m | src/components/InstructorDashboard.stories.jsx[2m > [22m[2mSingle Section
[22m[39m[Mock Data] Grade has data: false
[90mstdout[2m | src/components/InstructorDashboard.stories.jsx[2m > [22m[2mSingle Section
[22m[39m[Mock Data] Total grades in store: 21
[90mstdout[2m | src/components/InstructorDashboard.stories.jsx[2m > [22m[2mSingle Section
[22m[39m[Mock Data] Seeded grade: grade-22 for unit: unit-2
[90mstdout[2m | src/components/InstructorDashboard.stories.jsx[2m > [22m[2mSingle Section
[22m[39m[Mock Data] Grade has data: false
[90mstdout[2m | src/components/InstructorDashboard.stories.jsx[2m > [22m[2mSingle Section
[22m[39m[Mock Data] Total grades in store: 22
[90mstdout[2m | src/components/InstructorDashboard.stories.jsx[2m > [22m[2mSingle Section
[22m[39m[Mock Data] Seeded grade: grade-23 for unit: unit-4
[90mstdout[2m | src/components/InstructorDashboard.stories.jsx[2m > [22m[2mSingle Section
[22m[39m[Mock Data] Grade has data: false
[90mstdout[2m | src/components/InstructorDashboard.stories.jsx[2m > [22m[2mSingle Section
[22m[39m[Mock Data] Total grades in store: 23
[90mstdout[2m | src/components/InstructorDashboard.stories.jsx[2m > [22m[2mSingle Section
[22m[39m[Mock Data] Seeded grade: grade-24 for unit: unit-5
[90mstdout[2m | src/components/InstructorDashboard.stories.jsx[2m > [22m[2mSingle Section
[22m[39m[Mock Data] Grade has data: false
[90mstdout[2m | src/components/InstructorDashboard.stories.jsx[2m > [22m[2mSingle Section
[22m[39m[Mock Data] Total grades in store: 24
[90mstdout[2m | src/components/InstructorDashboard.stories.jsx[2m > [22m[2mSingle Section
[22m[39m[Mock Data] Seeded grade: grade-25 for unit: unit-4
[90mstdout[2m | src/components/InstructorDashboard.stories.jsx[2m > [22m[2mSingle Section
[22m[39m[Mock Data] Grade has data: false
[90mstdout[2m | src/components/InstructorDashboard.stories.jsx[2m > [22m[2mSingle Section
[22m[39m[Mock Data] Total grades in store: 25
[90mstdout[2m | src/components/InstructorDashboard.stories.jsx[2m > [22m[2mSingle Section
[22m[39m[Mock Data] Seeded grade: grade-26 for unit: unit-5
[90mstdout[2m | src/components/InstructorDashboard.stories.jsx[2m > [22m[2mSingle Section
[22m[39m[Mock Data] Grade has data: false
[90mstdout[2m | src/components/InstructorDashboard.stories.jsx[2m > [22m[2mSingle Section
[22m[39m[Mock Data] Total grades in store: 26
[90mstdout[2m | src/components/InstructorDashboard.stories.jsx[2m > [22m[2mSingle Section
[22m[39m[Mock Data] Seeded grade: grade-27 for unit: unit-4
[90mstdout[2m | src/components/InstructorDashboard.stories.jsx[2m > [22m[2mSingle Section
[22m[39m[Mock Data] Grade has data: false
[90mstdout[2m | src/components/InstructorDashboard.stories.jsx[2m > [22m[2mSingle Section
[22m[39m[Mock Data] Total grades in store: 27
[90mstdout[2m | src/components/InstructorDashboard.stories.jsx[2m > [22m[2mSingle Section
[22m[39m[Mock Data] Seeded grade: grade-28 for unit: unit-5
[90mstdout[2m | src/components/InstructorDashboard.stories.jsx[2m > [22m[2mSingle Section
[22m[39m[Mock Data] Grade has data: false
[90mstdout[2m | src/components/InstructorDashboard.stories.jsx[2m > [22m[2mSingle Section
[22m[39m[Mock Data] Total grades in store: 28
[90mstdout[2m | src/components/InstructorDashboard.stories.jsx[2m > [22m[2mSingle Section
[22m[39m[Mock Data] Seeded grade: grade-29 for unit: unit-4
[90mstdout[2m | src/components/InstructorDashboard.stories.jsx[2m > [22m[2mSingle Section
[22m[39m[Mock Data] Grade has data: false
[90mstdout[2m | src/components/InstructorDashboard.stories.jsx[2m > [22m[2mSingle Section
[22m[39m[Mock Data] Total grades in store: 29
[90mstdout[2m | src/components/InstructorDashboard.stories.jsx[2m > [22m[2mSingle Section
[22m[39m[Mock Data] Seeded grade: grade-30 for unit: unit-5
[90mstdout[2m | src/components/InstructorDashboard.stories.jsx[2m > [22m[2mSingle Section
[22m[39m[Mock Data] Grade has data: false
[90mstdout[2m | src/components/InstructorDashboard.stories.jsx[2m > [22m[2mSingle Section
[22m[39m[Mock Data] Total grades in store: 30
[90mstdout[2m | src/components/InstructorDashboard.stories.jsx[2m > [22m[2mSingle Section
[22m[39m[Mock Data] Seeded grade: grade-31 for unit: unit-2
[90mstdout[2m | src/components/InstructorDashboard.stories.jsx[2m > [22m[2mSingle Section
[22m[39m[Mock Data] Grade has data: false
[90mstdout[2m | src/components/InstructorDashboard.stories.jsx[2m > [22m[2mSingle Section
[22m[39m[Mock Data] Total grades in store: 31
[90mstdout[2m | src/components/InstructorDashboard.stories.jsx[2m > [22m[2mSingle Section
[22m[39m[TranslationModeController] Setting mode to: off
[90mstdout[2m | src/components/InstructorDashboard.stories.jsx[2m > [22m[2mSingle Section
[22m[39m[UnitContext] useEffect triggered {
  "authLoading": false,
  "hasUser": true,
  "id": "mock-unit-id",
  "userSub": "mock-user-sub",
}
[90mstdout[2m | src/components/InstructorDashboard.stories.jsx[2m > [22m[2mSingle Section
[22m[39m[UnitContext] Fetching unit data for id: mock-unit-id
[90mstdout[2m | src/components/InstructorDashboard.stories.jsx[2m > [22m[2mSingle Section
[22m[39m[FilesContext] Initializing vector store from IndexedDB
[90mstdout[2m | src/components/InstructorDashboard.stories.jsx[2m > [22m[2mSingle Section
[22m[39m[FilesContext] fetchFiles called
[90mstdout[2m | src/components/InstructorDashboard.stories.jsx[2m > [22m[2mSingle Section
[22m[39m[FilesContext] User authenticated: mock-user-sub
[90mstdout[2m | src/components/InstructorDashboard.stories.jsx[2m > [22m[2mSingle Section
[22m[39m[FilesContext] Identity ID: us-east-1:mock-identity-123
[90mstdout[2m | src/components/InstructorDashboard.stories.jsx[2m > [22m[2mSingle Section
[22m[39m[FilesContext] About to set up File observeQuery
[90mstdout[2m | src/components/InstructorDashboard.stories.jsx[2m > [22m[2mSingle Section
[22m[39m[ChatContext] Setting up AssistantChat observeQuery
[90mstdout[2m | src/components/InstructorDashboard.stories.jsx[2m > [22m[2mSingle Section
[22m[39m[ChatContext] Waiting for subscription to initialize
[90mstdout[2m | src/components/InstructorDashboard.stories.jsx[2m > [22m[2mSingle Section
[22m[39m[SettingsContext] Setting up Settings subscription for user: mock-user-sub
[90mstdout[2m | src/components/InstructorDashboard.stories.jsx[2m > [22m[2mSingle Section
[22m[39m[Mock Data] Settings created: mock-settings-1790418586959 - notified 0 subscribers
[90mstdout[2m | src/components/InstructorDashboard.stories.jsx[2m > [22m[2mSingle Section
[22m[39m[Mock Data] Unit.onUpdate() subscription added. Total: 1
[90mstdout[2m | src/components/InstructorDashboard.stories.jsx[2m > [22m[2mSingle Section
[22m[39m[SectionContext] Section observeQuery update: 0
[90mstdout[2m | src/components/InstructorDashboard.stories.jsx[2m > [22m[2mSingle Section
[22m[39m[FilesContext] File observeQuery update: 6 files
[90mstdout[2m | src/components/InstructorDashboard.stories.jsx[2m > [22m[2mSingle Section
[22m[39m[ChatContext] AssistantChat initialized with 1 chats
[90mstdout[2m | src/components/InstructorDashboard.stories.jsx[2m > [22m[2mSingle Section
[22m[39m[ChatContext] Setting initial chat: chat-flagged-1
[90mstdout[2m | src/components/InstructorDashboard.stories.jsx[2m > [22m[2mSingle Section
[22m[39m[MOCK CourseVectorStore] Initialized with mock data
[90mstdout[2m | src/components/InstructorDashboard.stories.jsx[2m > [22m[2mSingle Section
[22m[39m[FilesContext] Vector store population triggered {
  "currentVectorStoreSize": 3,
  "documentsCount": 0,
  "filesCount": 6,
  "isInitialLoad": true,
}
[90mstdout[2m | src/components/InstructorDashboard.stories.jsx[2m > [22m[2mSingle Section
[22m[39m[FilesContext] Vector store population complete - 3 total embeddings
[90mstdout[2m | src/components/InstructorDashboard.stories.jsx[2m > [22m[2mSingle Section
[22m[39m[ChatContext] Chat exists and not archived, skipping creation
[90mstdout[2m | src/components/InstructorDashboard.stories.jsx[2m > [22m[2mSingle Section
[22m[39m[Mock Storage] downloadData called with: undefined
[90mstdout[2m | src/components/InstructorDashboard.stories.jsx[2m > [22m[2mNo Sections
[22m[39m[ChatContext] Cleaning up subscriptions
[90mstdout[2m | src/components/InstructorDashboard.stories.jsx[2m > [22m[2mNo Sections
[22m[39m[Mock Data] Unit.onUpdate() subscription removed. Remaining: 0
[90mstdout[2m | src/components/InstructorDashboard.stories.jsx[2m > [22m[2mNo Sections
[22m[39m[MOCK CourseVectorStore] Initialized with mock data
[90mstdout[2m | src/components/InstructorDashboard.stories.jsx[2m > [22m[2mNo Sections
[22m[39m[TranslationModeController] Setting mode to: off
[90mstdout[2m | src/components/InstructorDashboard.stories.jsx[2m > [22m[2mNo Sections
[22m[39m[UnitContext] useEffect triggered {
  "authLoading": false,
  "hasUser": true,
  "id": "mock-unit-id",
  "userSub": "mock-user-sub",
}
[90mstdout[2m | src/components/InstructorDashboard.stories.jsx[2m > [22m[2mNo Sections
[22m[39m[UnitContext] Fetching unit data for id: mock-unit-id
[90mstdout[2m | src/components/InstructorDashboard.stories.jsx[2m > [22m[2mNo Sections
[22m[39m[FilesContext] Initializing vector store from IndexedDB
[90mstdout[2m | src/components/InstructorDashboard.stories.jsx[2m > [22m[2mNo Sections
[22m[39m[FilesContext] fetchFiles called
[90mstdout[2m | src/components/InstructorDashboard.stories.jsx[2m > [22m[2mNo Sections
[22m[39m[FilesContext] User authenticated: mock-user-sub
[90mstdout[2m | src/components/InstructorDashboard.stories.jsx[2m > [22m[2mNo Sections
[22m[39m[FilesContext] Identity ID: us-east-1:mock-identity-123
[90mstdout[2m | src/components/InstructorDashboard.stories.jsx[2m > [22m[2mNo Sections
[22m[39m[FilesContext] About to set up File observeQuery
[90mstdout[2m | src/components/InstructorDashboard.stories.jsx[2m > [22m[2mNo Sections
[22m[39m[ChatContext] Setting up AssistantChat observeQuery
[90mstdout[2m | src/components/InstructorDashboard.stories.jsx[2m > [22m[2mNo Sections
[22m[39m[ChatContext] Waiting for subscription to initialize
[90mstdout[2m | src/components/InstructorDashboard.stories.jsx[2m > [22m[2mNo Sections
[22m[39m[SettingsContext] Setting up Settings subscription for user: mock-user-sub
[90mstdout[2m | src/components/InstructorDashboard.stories.jsx[2m > [22m[2mNo Sections
[22m[39m[Mock Data] Settings created: mock-settings-1790418587427 - notified 0 subscribers
[90mstdout[2m | src/components/InstructorDashboard.stories.jsx[2m > [22m[2mNo Sections
[22m[39m[Mock Data] Unit.onUpdate() subscription added. Total: 1
[90mstdout[2m | src/components/InstructorDashboard.stories.jsx[2m > [22m[2mNo Sections
[22m[39m[SectionContext] Section observeQuery update: 0
[90mstdout[2m | src/components/InstructorDashboard.stories.jsx[2m > [22m[2mNo Sections
[22m[39m[Mock Storage] downloadData called with: undefined
[90mstdout[2m | src/components/InstructorDashboard.stories.jsx[2m > [22m[2mNo Sections
[22m[39m[FilesContext] File observeQuery update: 6 files
[90mstdout[2m | src/components/InstructorDashboard.stories.jsx[2m > [22m[2mNo Sections
[22m[39m[ChatContext] AssistantChat initialized with 1 chats
[90mstdout[2m | src/components/InstructorDashboard.stories.jsx[2m > [22m[2mNo Sections
[22m[39m[ChatContext] Setting initial chat: mock-assistant-chat-1
[90mstdout[2m | src/components/InstructorDashboard.stories.jsx[2m > [22m[2mNo Sections
[22m[39m[MOCK CourseVectorStore] Initialized with mock data
[90mstdout[2m | src/components/InstructorDashboard.stories.jsx[2m > [22m[2mNo Sections
[22m[39m[FilesContext] Vector store population triggered {
  "currentVectorStoreSize": 3,
  "documentsCount": 0,
  "filesCount": 6,
  "isInitialLoad": true,
}
[90mstdout[2m | src/components/InstructorDashboard.stories.jsx[2m > [22m[2mNo Sections
[22m[39m[FilesContext] Vector store population complete - 3 total embeddings
[90mstdout[2m | src/components/InstructorDashboard.stories.jsx[2m > [22m[2mNo Sections
[22m[39m[ChatContext] Chat exists and not archived, skipping creation
[90mstdout[2m | src/components/InstructorDashboard.stories.jsx[2m > [22m[2mNo Grade Data
[22m[39m[ChatContext] Cleaning up subscriptions
[90mstdout[2m | src/components/InstructorDashboard.stories.jsx[2m > [22m[2mNo Grade Data
[22m[39m[Mock Data] Unit.onUpdate() subscription removed. Remaining: 0
[90mstdout[2m | src/components/InstructorDashboard.stories.jsx[2m > [22m[2mNo Grade Data
[22m[39m[MOCK CourseVectorStore] Initialized with mock data
[90mstdout[2m | src/components/InstructorDashboard.stories.jsx[2m > [22m[2mNo Grade Data
[22m[39m[Mock Data] seedMockUnit: Adding unit unit-1
[90mstdout[2m | src/components/InstructorDashboard.stories.jsx[2m > [22m[2mNo Grade Data
[22m[39m[Mock Data] seedMockUnit: Adding unit unit-2
[90mstdout[2m | src/components/InstructorDashboard.stories.jsx[2m > [22m[2mNo Grade Data
[22m[39m[Mock Data] seedMockUnit: Adding unit unit-3
[90mstdout[2m | src/components/InstructorDashboard.stories.jsx[2m > [22m[2mNo Grade Data
[22m[39m[Mock Data] seedMockUnit: Adding unit unit-4
[90mstdout[2m | src/components/InstructorDashboard.stories.jsx[2m > [22m[2mNo Grade Data
[22m[39m[Mock Data] seedMockUnit: Adding unit unit-5
[90mstdout[2m | src/components/InstructorDashboard.stories.jsx[2m > [22m[2mNo Grade Data
[22m[39m[Mock Data] seedMockAssignments: Adding 7 assignments
[90mstdout[2m | src/components/InstructorDashboard.stories.jsx[2m > [22m[2mNo Grade Data
[22m[39m[Mock Data] Total assignments in store: 7
[90mstdout[2m | src/components/InstructorDashboard.stories.jsx[2m > [22m[2mNo Grade Data
[22m[39m[TranslationModeController] Setting mode to: off
[90mstdout[2m | src/components/InstructorDashboard.stories.jsx[2m > [22m[2mNo Grade Data
[22m[39m[UnitContext] useEffect triggered {
  "authLoading": false,
  "hasUser": true,
  "id": "mock-unit-id",
  "userSub": "mock-user-sub",
}
[90mstdout[2m | src/components/InstructorDashboard.stories.jsx[2m > [22m[2mNo Grade Data
[22m[39m[UnitContext] Fetching unit data for id: mock-unit-id
[90mstdout[2m | src/components/InstructorDashboard.stories.jsx[2m > [22m[2mNo Grade Data
[22m[39m[FilesContext] Initializing vector store from IndexedDB
[90mstdout[2m | src/components/InstructorDashboard.stories.jsx[2m > [22m[2mNo Grade Data
[22m[39m[FilesContext] fetchFiles called
[90mstdout[2m | src/components/InstructorDashboard.stories.jsx[2m > [22m[2mNo Grade Data
[22m[39m[FilesContext] User authenticated: mock-user-sub
[90mstdout[2m | src/components/InstructorDashboard.stories.jsx[2m > [22m[2mNo Grade Data
[22m[39m[FilesContext] Identity ID: us-east-1:mock-identity-123
[90mstdout[2m | src/components/InstructorDashboard.stories.jsx[2m > [22m[2mNo Grade Data
[22m[39m[FilesContext] About to set up File observeQuery
[90mstdout[2m | src/components/InstructorDashboard.stories.jsx[2m > [22m[2mNo Grade Data
[22m[39m[ChatContext] Setting up AssistantChat observeQuery
[90mstdout[2m | src/components/InstructorDashboard.stories.jsx[2m > [22m[2mNo Grade Data
[22m[39m[ChatContext] Waiting for subscription to initialize
[90mstdout[2m | src/components/InstructorDashboard.stories.jsx[2m > [22m[2mNo Grade Data
[22m[39m[SettingsContext] Setting up Settings subscription for user: mock-user-sub
[90mstdout[2m | src/components/InstructorDashboard.stories.jsx[2m > [22m[2mNo Grade Data
[22m[39m[Mock Data] Settings created: mock-settings-1790418587598 - notified 0 subscribers
[90mstdout[2m | src/components/InstructorDashboard.stories.jsx[2m > [22m[2mNo Grade Data
[22m[39m[Mock Data] Unit.onUpdate() subscription added. Total: 1
[90mstdout[2m | src/components/InstructorDashboard.stories.jsx[2m > [22m[2mNo Grade Data
[22m[39m[SectionContext] Section observeQuery update: 0
[90mstdout[2m | src/components/InstructorDashboard.stories.jsx[2m > [22m[2mNo Grade Data
[22m[39m[FilesContext] File observeQuery update: 0 files
[90mstdout[2m | src/components/InstructorDashboard.stories.jsx[2m > [22m[2mNo Grade Data
[22m[39m[ChatContext] AssistantChat initialized with 0 chats
[90mstdout[2m | src/components/InstructorDashboard.stories.jsx[2m > [22m[2mNo Grade Data
[22m[39m[MOCK CourseVectorStore] Initialized with mock data
[90mstdout[2m | src/components/InstructorDashboard.stories.jsx[2m > [22m[2mNo Grade Data
[22m[39m[ChatContext] No current chat available, will create one
[90mstdout[2m | src/components/InstructorDashboard.stories.jsx[2m > [22m[2mNo Grade Data
[22m[39m[ChatContext] Creating AssistantChat with user: undefined
[90mstdout[2m | src/components/InstructorDashboard.stories.jsx[2m > [22m[2mNo Grade Data
[22m[39m[Mock Data] AssistantChat created: mock-assistantchat-1790418587701 - notified 2 subscribers
[90mstdout[2m | src/components/InstructorDashboard.stories.jsx[2m > [22m[2mNo Grade Data
[22m[39m[ChatContext] Create result: {
  "data": {
    "_version": 1,
    "archived": false,
    "chatFiles": [Function anonymous],
    "createdAt": "2026-09-26T10:29:47.701Z",
    "id": "mock-assistantchat-1790418587701",
    "model": "gpt-4",
    "updatedAt": "2026-09-26T10:29:47.701Z",
  },
  "errors": [],
  "hasData": true,
  "hasErrors": true,
}
[90mstdout[2m | src/components/InstructorDashboard.stories.jsx[2m > [22m[2mNo Grade Data
[22m[39m[ChatContext] Created AssistantChat: mock-assistantchat-1790418587701 at: 2026-09-26T10:29:47.701Z
[90mstdout[2m | src/components/InstructorDashboard.stories.jsx[2m > [22m[2mNo Grade Data
[22m[39m[Mock Storage] downloadData called with: undefined
[90mstdout[2m | src/components/InstructorDashboard.stories.jsx[2m > [22m[2mNo Grade Data
[22m[39m[ChatContext] Setting initial chat: mock-assistantchat-1790418587701
[90mstdout[2m | src/components/InstructorDashboard.stories.jsx[2m > [22m[2mNo Grade Data
[22m[39m[ChatContext] Chat exists and not archived, skipping creation
[90mstdout[2m | src/components/InstructorDashboard.stories.jsx[2m > [22m[2mLoading
[22m[39m[ChatContext] Cleaning up subscriptions
[90mstdout[2m | src/components/InstructorDashboard.stories.jsx[2m > [22m[2mLoading
[22m[39m[Mock Data] Unit.onUpdate() subscription removed. Remaining: 0
[90mstdout[2m | src/components/InstructorDashboard.stories.jsx[2m > [22m[2mLoading
[22m[39m[MOCK CourseVectorStore] Initialized with mock data
[90mstdout[2m | src/components/InstructorDashboard.stories.jsx[2m > [22m[2mLoading
[22m[39m[TranslationModeController] Setting mode to: off
[90mstdout[2m | src/components/InstructorDashboard.stories.jsx[2m > [22m[2mLoading
[22m[39m[UnitContext] useEffect triggered {
  "authLoading": false,
  "hasUser": true,
  "id": "mock-unit-id",
  "userSub": "mock-user-sub",
}
[90mstdout[2m | src/components/InstructorDashboard.stories.jsx[2m > [22m[2mLoading
[22m[39m[UnitContext] Fetching unit data for id: mock-unit-id
[90mstdout[2m | src/components/InstructorDashboard.stories.jsx[2m > [22m[2mLoading
[22m[39m[FilesContext] Initializing vector store from IndexedDB
[90mstdout[2m | src/components/InstructorDashboard.stories.jsx[2m > [22m[2mLoading
[22m[39m[FilesContext] fetchFiles called
[90mstdout[2m | src/components/InstructorDashboard.stories.jsx[2m > [22m[2mLoading
[22m[39m[FilesContext] User authenticated: mock-user-sub
[90mstdout[2m | src/components/InstructorDashboard.stories.jsx[2m > [22m[2mLoading
[22m[39m[FilesContext] Identity ID: us-east-1:mock-identity-123
[90mstdout[2m | src/components/InstructorDashboard.stories.jsx[2m > [22m[2mLoading
[22m[39m[FilesContext] About to set up File observeQuery
[90mstdout[2m | src/components/InstructorDashboard.stories.jsx[2m > [22m[2mLoading
[22m[39m[ChatContext] Setting up AssistantChat observeQuery
[90mstdout[2m | src/components/InstructorDashboard.stories.jsx[2m > [22m[2mLoading
[22m[39m[ChatContext] Waiting for subscription to initialize
[90mstdout[2m | src/components/InstructorDashboard.stories.jsx[2m > [22m[2mLoading
[22m[39m[SettingsContext] Setting up Settings subscription for user: mock-user-sub
[90mstdout[2m | src/components/InstructorDashboard.stories.jsx[2m > [22m[2mLoading
[22m[39m[Mock Data] Settings created: mock-settings-1790418588206 - notified 0 subscribers
[90mstdout[2m | src/components/InstructorDashboard.stories.jsx[2m > [22m[2mLoading
[22m[39m[Mock Data] Unit.onUpdate() subscription added. Total: 1
[90mstdout[2m | src/components/InstructorDashboard.stories.jsx[2m > [22m[2mLoading
[22m[39m[SectionContext] Section observeQuery update: 0
[90mstdout[2m | src/components/InstructorDashboard.stories.jsx[2m > [22m[2mLoading
[22m[39m[FilesContext] File observeQuery update: 6 files
[90mstdout[2m | src/components/InstructorDashboard.stories.jsx[2m > [22m[2mLoading
[22m[39m[ChatContext] AssistantChat initialized with 1 chats
[90mstdout[2m | src/components/InstructorDashboard.stories.jsx[2m > [22m[2mLoading
[22m[39m[ChatContext] Setting initial chat: mock-assistant-chat-1
[90mstdout[2m | src/components/InstructorDashboard.stories.jsx[2m > [22m[2mLoading
[22m[39m[MOCK CourseVectorStore] Initialized with mock data
[90mstdout[2m | src/components/InstructorDashboard.stories.jsx[2m > [22m[2mLoading
[22m[39m[FilesContext] Vector store population triggered {
  "currentVectorStoreSize": 3,
  "documentsCount": 0,
  "filesCount": 6,
  "isInitialLoad": true,
}
[90mstdout[2m | src/components/InstructorDashboard.stories.jsx[2m > [22m[2mLoading
[22m[39m[FilesContext] Vector store population complete - 3 total embeddings
[90mstdout[2m | src/components/InstructorDashboard.stories.jsx[2m > [22m[2mLoading
[22m[39m[ChatContext] Chat exists and not archived, skipping creation
[90mstdout[2m | src/components/InstructorDashboard.stories.jsx[2m > [22m[2mLoading
[22m[39m[Mock Storage] downloadData called with: undefined
[90mstdout[2m | src/components/InstructorDashboard.stories.jsx[2m > [22m[2mMobile Viewport
[22m[39m[ChatContext] Cleaning up subscriptions
[90mstdout[2m | src/components/InstructorDashboard.stories.jsx[2m > [22m[2mMobile Viewport
[22m[39m[Mock Data] Unit.onUpdate() subscription removed. Remaining: 0
[90mstdout[2m | src/components/InstructorDashboard.stories.jsx[2m > [22m[2mMobile Viewport
[22m[39m[MOCK CourseVectorStore] Initialized with mock data
[90mstdout[2m | src/components/InstructorDashboard.stories.jsx[2m > [22m[2mMobile Viewport
[22m[39m[Mock Data] seedMockUnit: Adding unit unit-1
[90mstdout[2m | src/components/InstructorDashboard.stories.jsx[2m > [22m[2mMobile Viewport
[22m[39m[Mock Data] seedMockUnit: Adding unit unit-2
[90mstdout[2m | src/components/InstructorDashboard.stories.jsx[2m > [22m[2mMobile Viewport
[22m[39m[Mock Data] seedMockUnit: Adding unit unit-3
[90mstdout[2m | src/components/InstructorDashboard.stories.jsx[2m > [22m[2mMobile Viewport
[22m[39m[Mock Data] seedMockUnit: Adding unit unit-4
[90mstdout[2m | src/components/InstructorDashboard.stories.jsx[2m > [22m[2mMobile Viewport
[22m[39m[Mock Data] seedMockUnit: Adding unit unit-5
[90mstdout[2m | src/components/InstructorDashboard.stories.jsx[2m > [22m[2mMobile Viewport
[22m[39m[Mock Data] seedMockAssignments: Adding 7 assignments
[90mstdout[2m | src/components/InstructorDashboard.stories.jsx[2m > [22m[2mMobile Viewport
[22m[39m[Mock Data] Total assignments in store: 7
[90mstdout[2m | src/components/InstructorDashboard.stories.jsx[2m > [22m[2mMobile Viewport
[22m[39m[Mock Data] Seeded grade: grade-1 for unit: unit-1
[90mstdout[2m | src/components/InstructorDashboard.stories.jsx[2m > [22m[2mMobile Viewport
[22m[39m[Mock Data] Grade has data: false
[90mstdout[2m | src/components/InstructorDashboard.stories.jsx[2m > [22m[2mMobile Viewport
[22m[39m[Mock Data] Total grades in store: 1
[90mstdout[2m | src/components/InstructorDashboard.stories.jsx[2m > [22m[2mMobile Viewport
[22m[39m[Mock Data] Seeded grade: grade-2 for unit: unit-2
[90mstdout[2m | src/components/InstructorDashboard.stories.jsx[2m > [22m[2mMobile Viewport
[22m[39m[Mock Data] Grade has data: false
[90mstdout[2m | src/components/InstructorDashboard.stories.jsx[2m > [22m[2mMobile Viewport
[22m[39m[Mock Data] Total grades in store: 2
[90mstdout[2m | src/components/InstructorDashboard.stories.jsx[2m > [22m[2mMobile Viewport
[22m[39m[Mock Data] Seeded grade: grade-3 for unit: unit-3
[90mstdout[2m | src/components/InstructorDashboard.stories.jsx[2m > [22m[2mMobile Viewport
[22m[39m[Mock Data] Grade has data: false
[90mstdout[2m | src/components/InstructorDashboard.stories.jsx[2m > [22m[2mMobile Viewport
[22m[39m[Mock Data] Total grades in store: 3
[90mstdout[2m | src/components/InstructorDashboard.stories.jsx[2m > [22m[2mMobile Viewport
[22m[39m[Mock Data] Seeded grade: grade-4 for unit: unit-1
[90mstdout[2m | src/components/InstructorDashboard.stories.jsx[2m > [22m[2mMobile Viewport
[22m[39m[Mock Data] Grade has data: false
[90mstdout[2m | src/components/InstructorDashboard.stories.jsx[2m > [22m[2mMobile Viewport
[22m[39m[Mock Data] Total grades in store: 4
[90mstdout[2m | src/components/InstructorDashboard.stories.jsx[2m > [22m[2mMobile Viewport
[22m[39m[Mock Data] Seeded grade: grade-5 for unit: unit-2
[90mstdout[2m | src/components/InstructorDashboard.stories.jsx[2m > [22m[2mMobile Viewport
[22m[39m[Mock Data] Grade has data: false
[90mstdout[2m | src/components/InstructorDashboard.stories.jsx[2m > [22m[2mMobile Viewport
[22m[39m[Mock Data] Total grades in store: 5
[90mstdout[2m | src/components/InstructorDashboard.stories.jsx[2m > [22m[2mMobile Viewport
[22m[39m[Mock Data] Seeded grade: grade-6 for unit: unit-3
[90mstdout[2m | src/components/InstructorDashboard.stories.jsx[2m > [22m[2mMobile Viewport
[22m[39m[Mock Data] Grade has data: false
[90mstdout[2m | src/components/InstructorDashboard.stories.jsx[2m > [22m[2mMobile Viewport
[22m[39m[Mock Data] Total grades in store: 6
[90mstdout[2m | src/components/InstructorDashboard.stories.jsx[2m > [22m[2mMobile Viewport
[22m[39m[Mock Data] Seeded grade: grade-7 for unit: unit-1
[90mstdout[2m | src/components/InstructorDashboard.stories.jsx[2m > [22m[2mMobile Viewport
[22m[39m[Mock Data] Grade has data: false
[90mstdout[2m | src/components/InstructorDashboard.stories.jsx[2m > [22m[2mMobile Viewport
[22m[39m[Mock Data] Total grades in store: 7
[90mstdout[2m | src/components/InstructorDashboard.stories.jsx[2m > [22m[2mMobile Viewport
[22m[39m[Mock Data] Seeded grade: grade-8 for unit: unit-2
[90mstdout[2m | src/components/InstructorDashboard.stories.jsx[2m > [22m[2mMobile Viewport
[22m[39m[Mock Data] Grade has data: false
[90mstdout[2m | src/components/InstructorDashboard.stories.jsx[2m > [22m[2mMobile Viewport
[22m[39m[Mock Data] Total grades in store: 8
[90mstdout[2m | src/components/InstructorDashboard.stories.jsx[2m > [22m[2mMobile Viewport
[22m[39m[Mock Data] Seeded grade: grade-9 for unit: unit-3
[90mstdout[2m | src/components/InstructorDashboard.stories.jsx[2m > [22m[2mMobile Viewport
[22m[39m[Mock Data] Grade has data: false
[90mstdout[2m | src/components/InstructorDashboard.stories.jsx[2m > [22m[2mMobile Viewport
[22m[39m[Mock Data] Total grades in store: 9
[90mstdout[2m | src/components/InstructorDashboard.stories.jsx[2m > [22m[2mMobile Viewport
[22m[39m[Mock Data] Seeded grade: grade-10 for unit: unit-1
[90mstdout[2m | src/components/InstructorDashboard.stories.jsx[2m > [22m[2mMobile Viewport
[22m[39m[Mock Data] Grade has data: false
[90mstdout[2m | src/components/InstructorDashboard.stories.jsx[2m > [22m[2mMobile Viewport
[22m[39m[Mock Data] Total grades in store: 10
[90mstdout[2m | src/components/InstructorDashboard.stories.jsx[2m > [22m[2mMobile Viewport
[22m[39m[Mock Data] Seeded grade: grade-11 for unit: unit-2
[90mstdout[2m | src/components/InstructorDashboard.stories.jsx[2m > [22m[2mMobile Viewport
[22m[39m[Mock Data] Grade has data: false
[90mstdout[2m | src/components/InstructorDashboard.stories.jsx[2m > [22m[2mMobile Viewport
[22m[39m[Mock Data] Total grades in store: 11
[90mstdout[2m | src/components/InstructorDashboard.stories.jsx[2m > [22m[2mMobile Viewport
[22m[39m[Mock Data] Seeded grade: grade-12 for unit: unit-3
[90mstdout[2m | src/components/InstructorDashboard.stories.jsx[2m > [22m[2mMobile Viewport
[22m[39m[Mock Data] Grade has data: false
[90mstdout[2m | src/components/InstructorDashboard.stories.jsx[2m > [22m[2mMobile Viewport
[22m[39m[Mock Data] Total grades in store: 12
[90mstdout[2m | src/components/InstructorDashboard.stories.jsx[2m > [22m[2mMobile Viewport
[22m[39m[Mock Data] Seeded grade: grade-13 for unit: unit-1
[90mstdout[2m | src/components/InstructorDashboard.stories.jsx[2m > [22m[2mMobile Viewport
[22m[39m[Mock Data] Grade has data: false
[90mstdout[2m | src/components/InstructorDashboard.stories.jsx[2m > [22m[2mMobile Viewport
[22m[39m[Mock Data] Total grades in store: 13
[90mstdout[2m | src/components/InstructorDashboard.stories.jsx[2m > [22m[2mMobile Viewport
[22m[39m[Mock Data] Seeded grade: grade-14 for unit: unit-2
[90mstdout[2m | src/components/InstructorDashboard.stories.jsx[2m > [22m[2mMobile Viewport
[22m[39m[Mock Data] Grade has data: false
[90mstdout[2m | src/components/InstructorDashboard.stories.jsx[2m > [22m[2mMobile Viewport
[22m[39m[Mock Data] Total grades in store: 14
[90mstdout[2m | src/components/InstructorDashboard.stories.jsx[2m > [22m[2mMobile Viewport
[22m[39m[Mock Data] Seeded grade: grade-15 for unit: unit-3
[90mstdout[2m | src/components/InstructorDashboard.stories.jsx[2m > [22m[2mMobile Viewport
[22m[39m[Mock Data] Grade has data: false
[90mstdout[2m | src/components/InstructorDashboard.stories.jsx[2m > [22m[2mMobile Viewport
[22m[39m[Mock Data] Total grades in store: 15
[90mstdout[2m | src/components/InstructorDashboard.stories.jsx[2m > [22m[2mMobile Viewport
[22m[39m[Mock Data] Seeded grade: grade-16 for unit: unit-1
[90mstdout[2m | src/components/InstructorDashboard.stories.jsx[2m > [22m[2mMobile Viewport
[22m[39m[Mock Data] Grade has data: false
[90mstdout[2m | src/components/InstructorDashboard.stories.jsx[2m > [22m[2mMobile Viewport
[22m[39m[Mock Data] Total grades in store: 16
[90mstdout[2m | src/components/InstructorDashboard.stories.jsx[2m > [22m[2mMobile Viewport
[22m[39m[Mock Data] Seeded grade: grade-17 for unit: unit-2
[90mstdout[2m | src/components/InstructorDashboard.stories.jsx[2m > [22m[2mMobile Viewport
[22m[39m[Mock Data] Grade has data: false
[90mstdout[2m | src/components/InstructorDashboard.stories.jsx[2m > [22m[2mMobile Viewport
[22m[39m[Mock Data] Total grades in store: 17
[90mstdout[2m | src/components/InstructorDashboard.stories.jsx[2m > [22m[2mMobile Viewport
[22m[39m[Mock Data] Seeded grade: grade-18 for unit: unit-1
[90mstdout[2m | src/components/InstructorDashboard.stories.jsx[2m > [22m[2mMobile Viewport
[22m[39m[Mock Data] Grade has data: false
[90mstdout[2m | src/components/InstructorDashboard.stories.jsx[2m > [22m[2mMobile Viewport
[22m[39m[Mock Data] Total grades in store: 18
[90mstdout[2m | src/components/InstructorDashboard.stories.jsx[2m > [22m[2mMobile Viewport
[22m[39m[Mock Data] Seeded grade: grade-19 for unit: unit-2
[90mstdout[2m | src/components/InstructorDashboard.stories.jsx[2m > [22m[2mMobile Viewport
[22m[39m[Mock Data] Grade has data: false
[90mstdout[2m | src/components/InstructorDashboard.stories.jsx[2m > [22m[2mMobile Viewport
[22m[39m[Mock Data] Total grades in store: 19
[90mstdout[2m | src/components/InstructorDashboard.stories.jsx[2m > [22m[2mMobile Viewport
[22m[39m[Mock Data] Seeded grade: grade-20 for unit: unit-2
[90mstdout[2m | src/components/InstructorDashboard.stories.jsx[2m > [22m[2mMobile Viewport
[22m[39m[Mock Data] Grade has data: false
[90mstdout[2m | src/components/InstructorDashboard.stories.jsx[2m > [22m[2mMobile Viewport
[22m[39m[Mock Data] Total grades in store: 20
[90mstdout[2m | src/components/InstructorDashboard.stories.jsx[2m > [22m[2mMobile Viewport
[22m[39m[Mock Data] Seeded grade: grade-21 for unit: unit-1
[90mstdout[2m | src/components/InstructorDashboard.stories.jsx[2m > [22m[2mMobile Viewport
[22m[39m[Mock Data] Grade has data: false
[90mstdout[2m | src/components/InstructorDashboard.stories.jsx[2m > [22m[2mMobile Viewport
[22m[39m[Mock Data] Total grades in store: 21
[90mstdout[2m | src/components/InstructorDashboard.stories.jsx[2m > [22m[2mMobile Viewport
[22m[39m[Mock Data] Seeded grade: grade-22 for unit: unit-2
[90mstdout[2m | src/components/InstructorDashboard.stories.jsx[2m > [22m[2mMobile Viewport
[22m[39m[Mock Data] Grade has data: false
[90mstdout[2m | src/components/InstructorDashboard.stories.jsx[2m > [22m[2mMobile Viewport
[22m[39m[Mock Data] Total grades in store: 22
[90mstdout[2m | src/components/InstructorDashboard.stories.jsx[2m > [22m[2mMobile Viewport
[22m[39m[Mock Data] Seeded grade: grade-23 for unit: unit-4
[90mstdout[2m | src/components/InstructorDashboard.stories.jsx[2m > [22m[2mMobile Viewport
[22m[39m[Mock Data] Grade has data: false
[90mstdout[2m | src/components/InstructorDashboard.stories.jsx[2m > [22m[2mMobile Viewport
[22m[39m[Mock Data] Total grades in store: 23
[90mstdout[2m | src/components/InstructorDashboard.stories.jsx[2m > [22m[2mMobile Viewport
[22m[39m[Mock Data] Seeded grade: grade-24 for unit: unit-5
[90mstdout[2m | src/components/InstructorDashboard.stories.jsx[2m > [22m[2mMobile Viewport
[22m[39m[Mock Data] Grade has data: false
[90mstdout[2m | src/components/InstructorDashboard.stories.jsx[2m > [22m[2mMobile Viewport
[22m[39m[Mock Data] Total grades in store: 24
[90mstdout[2m | src/components/InstructorDashboard.stories.jsx[2m > [22m[2mMobile Viewport
[22m[39m[Mock Data] Seeded grade: grade-25 for unit: unit-4
[90mstdout[2m | src/components/InstructorDashboard.stories.jsx[2m > [22m[2mMobile Viewport
[22m[39m[Mock Data] Grade has data: false
[90mstdout[2m | src/components/InstructorDashboard.stories.jsx[2m > [22m[2mMobile Viewport
[22m[39m[Mock Data] Total grades in store: 25
[90mstdout[2m | src/components/InstructorDashboard.stories.jsx[2m > [22m[2mMobile Viewport
[22m[39m[Mock Data] Seeded grade: grade-26 for unit: unit-5
[90mstdout[2m | src/components/InstructorDashboard.stories.jsx[2m > [22m[2mMobile Viewport
[22m[39m[Mock Data] Grade has data: false
[90mstdout[2m | src/components/InstructorDashboard.stories.jsx[2m > [22m[2mMobile Viewport
[22m[39m[Mock Data] Total grades in store: 26
[90mstdout[2m | src/components/InstructorDashboard.stories.jsx[2m > [22m[2mMobile Viewport
[22m[39m[Mock Data] Seeded grade: grade-27 for unit: unit-4
[90mstdout[2m | src/components/InstructorDashboard.stories.jsx[2m > [22m[2mMobile Viewport
[22m[39m[Mock Data] Grade has data: false
[90mstdout[2m | src/components/InstructorDashboard.stories.jsx[2m > [22m[2mMobile Viewport
[22m[39m[Mock Data] Total grades in store: 27
[90mstdout[2m | src/components/InstructorDashboard.stories.jsx[2m > [22m[2mMobile Viewport
[22m[39m[Mock Data] Seeded grade: grade-28 for unit: unit-5
[90mstdout[2m | src/components/InstructorDashboard.stories.jsx[2m > [22m[2mMobile Viewport
[22m[39m[Mock Data] Grade has data: false
[90mstdout[2m | src/components/InstructorDashboard.stories.jsx[2m > [22m[2mMobile Viewport
[22m[39m[Mock Data] Total grades in store: 28
[90mstdout[2m | src/components/InstructorDashboard.stories.jsx[2m > [22m[2mMobile Viewport
[22m[39m[Mock Data] Seeded grade: grade-29 for unit: unit-4
[90mstdout[2m | src/components/InstructorDashboard.stories.jsx[2m > [22m[2mMobile Viewport
[22m[39m[Mock Data] Grade has data: false
[90mstdout[2m | src/components/InstructorDashboard.stories.jsx[2m > [22m[2mMobile Viewport
[22m[39m[Mock Data] Total grades in store: 29
[90mstdout[2m | src/components/InstructorDashboard.stories.jsx[2m > [22m[2mMobile Viewport
[22m[39m[Mock Data] Seeded grade: grade-30 for unit: unit-5
[90mstdout[2m | src/components/InstructorDashboard.stories.jsx[2m > [22m[2mMobile Viewport
[22m[39m[Mock Data] Grade has data: false
[90mstdout[2m | src/components/InstructorDashboard.stories.jsx[2m > [22m[2mMobile Viewport
[22m[39m[Mock Data] Total grades in store: 30
[90mstdout[2m | src/components/InstructorDashboard.stories.jsx[2m > [22m[2mMobile Viewport
[22m[39m[Mock Data] Seeded grade: grade-31 for unit: unit-2
[90mstdout[2m | src/components/InstructorDashboard.stories.jsx[2m > [22m[2mMobile Viewport
[22m[39m[Mock Data] Grade has data: false
[90mstdout[2m | src/components/InstructorDashboard.stories.jsx[2m > [22m[2mMobile Viewport
[22m[39m[Mock Data] Total grades in store: 31
[90mstdout[2m | src/components/InstructorDashboard.stories.jsx[2m > [22m[2mMobile Viewport
[22m[39m[TranslationModeController] Setting mode to: off
[90mstdout[2m | src/components/InstructorDashboard.stories.jsx[2m > [22m[2mMobile Viewport
[22m[39m[UnitContext] useEffect triggered {
  "authLoading": false,
  "hasUser": true,
  "id": "mock-unit-id",
  "userSub": "mock-user-sub",
}
[90mstdout[2m | src/components/InstructorDashboard.stories.jsx[2m > [22m[2mMobile Viewport
[22m[39m[UnitContext] Fetching unit data for id: mock-unit-id
[90mstdout[2m | src/components/InstructorDashboard.stories.jsx[2m > [22m[2mMobile Viewport
[22m[39m[FilesContext] Initializing vector store from IndexedDB
[90mstdout[2m | src/components/InstructorDashboard.stories.jsx[2m > [22m[2mMobile Viewport
[22m[39m[FilesContext] fetchFiles called
[90mstdout[2m | src/components/InstructorDashboard.stories.jsx[2m > [22m[2mMobile Viewport
[22m[39m[FilesContext] User authenticated: mock-user-sub
[90mstdout[2m | src/components/InstructorDashboard.stories.jsx[2m > [22m[2mMobile Viewport
[22m[39m[FilesContext] Identity ID: us-east-1:mock-identity-123
[90mstdout[2m | src/components/InstructorDashboard.stories.jsx[2m > [22m[2mMobile Viewport
[22m[39m[FilesContext] About to set up File observeQuery
[90mstdout[2m | src/components/InstructorDashboard.stories.jsx[2m > [22m[2mMobile Viewport
[22m[39m[ChatContext] Setting up AssistantChat observeQuery
[90mstdout[2m | src/components/InstructorDashboard.stories.jsx[2m > [22m[2mMobile Viewport
[22m[39m[ChatContext] Waiting for subscription to initialize
[90mstdout[2m | src/components/InstructorDashboard.stories.jsx[2m > [22m[2mMobile Viewport
[22m[39m[SettingsContext] Setting up Settings subscription for user: mock-user-sub
[90mstdout[2m | src/components/InstructorDashboard.stories.jsx[2m > [22m[2mMobile Viewport
[22m[39m[Mock Data] Settings created: mock-settings-1790418588639 - notified 0 subscribers
[90mstdout[2m | src/components/InstructorDashboard.stories.jsx[2m > [22m[2mMobile Viewport
[22m[39m[Mock Data] Unit.onUpdate() subscription added. Total: 1
[90mstdout[2m | src/components/InstructorDashboard.stories.jsx[2m > [22m[2mMobile Viewport
[22m[39m[SectionContext] Section observeQuery update: 0
[90mstdout[2m | src/components/InstructorDashboard.stories.jsx[2m > [22m[2mMobile Viewport
[22m[39m[FilesContext] File observeQuery update: 6 files
[90mstdout[2m | src/components/InstructorDashboard.stories.jsx[2m > [22m[2mMobile Viewport
[22m[39m[ChatContext] AssistantChat initialized with 1 chats
[90mstdout[2m | src/components/InstructorDashboard.stories.jsx[2m > [22m[2mMobile Viewport
[22m[39m[ChatContext] Setting initial chat: chat-flagged-1
[90mstdout[2m | src/components/InstructorDashboard.stories.jsx[2m > [22m[2mMobile Viewport
[22m[39m[MOCK CourseVectorStore] Initialized with mock data
[90mstdout[2m | src/components/InstructorDashboard.stories.jsx[2m > [22m[2mMobile Viewport
[22m[39m[FilesContext] Vector store population triggered {
  "currentVectorStoreSize": 3,
  "documentsCount": 0,
  "filesCount": 6,
  "isInitialLoad": true,
}
[90mstdout[2m | src/components/InstructorDashboard.stories.jsx[2m > [22m[2mMobile Viewport
[22m[39m[FilesContext] Vector store population complete - 3 total embeddings
[90mstdout[2m | src/components/InstructorDashboard.stories.jsx[2m > [22m[2mMobile Viewport
[22m[39m[ChatContext] Chat exists and not archived, skipping creation
[90mstdout[2m | src/components/InstructorDashboard.stories.jsx[2m > [22m[2mMobile Viewport
[22m[39m[Mock Storage] downloadData called with: undefined
[90mstdout[2m | src/components/InstructorDashboard.stories.jsx[2m > [22m[2mTablet Viewport
[22m[39m[ChatContext] Cleaning up subscriptions
[90mstdout[2m | src/components/InstructorDashboard.stories.jsx[2m > [22m[2mTablet Viewport
[22m[39m[Mock Data] Unit.onUpdate() subscription removed. Remaining: 0
[90mstdout[2m | src/components/InstructorDashboard.stories.jsx[2m > [22m[2mTablet Viewport
[22m[39m[MOCK CourseVectorStore] Initialized with mock data
[90mstdout[2m | src/components/InstructorDashboard.stories.jsx[2m > [22m[2mTablet Viewport
[22m[39m[Mock Data] seedMockUnit: Adding unit unit-1
[90mstdout[2m | src/components/InstructorDashboard.stories.jsx[2m > [22m[2mTablet Viewport
[22m[39m[Mock Data] seedMockUnit: Adding unit unit-2
[90mstdout[2m | src/components/InstructorDashboard.stories.jsx[2m > [22m[2mTablet Viewport
[22m[39m[Mock Data] seedMockUnit: Adding unit unit-3
[90mstdout[2m | src/components/InstructorDashboard.stories.jsx[2m > [22m[2mTablet Viewport
[22m[39m[Mock Data] seedMockUnit: Adding unit unit-4
[90mstdout[2m | src/components/InstructorDashboard.stories.jsx[2m > [22m[2mTablet Viewport
[22m[39m[Mock Data] seedMockUnit: Adding unit unit-5
[90mstdout[2m | src/components/InstructorDashboard.stories.jsx[2m > [22m[2mTablet Viewport
[22m[39m[Mock Data] seedMockAssignments: Adding 7 assignments
[90mstdout[2m | src/components/InstructorDashboard.stories.jsx[2m > [22m[2mTablet Viewport
[22m[39m[Mock Data] Total assignments in store: 7
[90mstdout[2m | src/components/InstructorDashboard.stories.jsx[2m > [22m[2mTablet Viewport
[22m[39m[Mock Data] Seeded grade: grade-1 for unit: unit-1
[90mstdout[2m | src/components/InstructorDashboard.stories.jsx[2m > [22m[2mTablet Viewport
[22m[39m[Mock Data] Grade has data: false
[90mstdout[2m | src/components/InstructorDashboard.stories.jsx[2m > [22m[2mTablet Viewport
[22m[39m[Mock Data] Total grades in store: 1
[90mstdout[2m | src/components/InstructorDashboard.stories.jsx[2m > [22m[2mTablet Viewport
[22m[39m[Mock Data] Seeded grade: grade-2 for unit: unit-2
[90mstdout[2m | src/components/InstructorDashboard.stories.jsx[2m > [22m[2mTablet Viewport
[22m[39m[Mock Data] Grade has data: false
[90mstdout[2m | src/components/InstructorDashboard.stories.jsx[2m > [22m[2mTablet Viewport
[22m[39m[Mock Data] Total grades in store: 2
[90mstdout[2m | src/components/InstructorDashboard.stories.jsx[2m > [22m[2mTablet Viewport
[22m[39m[Mock Data] Seeded grade: grade-3 for unit: unit-3
[90mstdout[2m | src/components/InstructorDashboard.stories.jsx[2m > [22m[2mTablet Viewport
[22m[39m[Mock Data] Grade has data: false
[90mstdout[2m | src/components/InstructorDashboard.stories.jsx[2m > [22m[2mTablet Viewport
[22m[39m[Mock Data] Total grades in store: 3
[90mstdout[2m | src/components/InstructorDashboard.stories.jsx[2m > [22m[2mTablet Viewport
[22m[39m[Mock Data] Seeded grade: grade-4 for unit: unit-1
[90mstdout[2m | src/components/InstructorDashboard.stories.jsx[2m > [22m[2mTablet Viewport
[22m[39m[Mock Data] Grade has data: false
[90mstdout[2m | src/components/InstructorDashboard.stories.jsx[2m > [22m[2mTablet Viewport
[22m[39m[Mock Data] Total grades in store: 4
[90mstdout[2m | src/components/InstructorDashboard.stories.jsx[2m > [22m[2mTablet Viewport
[22m[39m[Mock Data] Seeded grade: grade-5 for unit: unit-2
[90mstdout[2m | src/components/InstructorDashboard.stories.jsx[2m > [22m[2mTablet Viewport
[22m[39m[Mock Data] Grade has data: false
[90mstdout[2m | src/components/InstructorDashboard.stories.jsx[2m > [22m[2mTablet Viewport
[22m[39m[Mock Data] Total grades in store: 5
[90mstdout[2m | src/components/InstructorDashboard.stories.jsx[2m > [22m[2mTablet Viewport
[22m[39m[Mock Data] Seeded grade: grade-6 for unit: unit-3
[90mstdout[2m | src/components/InstructorDashboard.stories.jsx[2m > [22m[2mTablet Viewport
[22m[39m[Mock Data] Grade has data: false
[90mstdout[2m | src/components/InstructorDashboard.stories.jsx[2m > [22m[2mTablet Viewport
[22m[39m[Mock Data] Total grades in store: 6
[90mstdout[2m | src/components/InstructorDashboard.stories.jsx[2m > [22m[2mTablet Viewport
[22m[39m[Mock Data] Seeded grade: grade-7 for unit: unit-1
[90mstdout[2m | src/components/InstructorDashboard.stories.jsx[2m > [22m[2mTablet Viewport
[22m[39m[Mock Data] Grade has data: false
[90mstdout[2m | src/components/InstructorDashboard.stories.jsx[2m > [22m[2mTablet Viewport
[22m[39m[Mock Data] Total grades in store: 7
[90mstdout[2m | src/components/InstructorDashboard.stories.jsx[2m > [22m[2mTablet Viewport
[22m[39m[Mock Data] Seeded grade: grade-8 for unit: unit-2
[90mstdout[2m | src/components/InstructorDashboard.stories.jsx[2m > [22m[2mTablet Viewport
[22m[39m[Mock Data] Grade has data: false
[90mstdout[2m | src/components/InstructorDashboard.stories.jsx[2m > [22m[2mTablet Viewport
[22m[39m[Mock Data] Total grades in store: 8
[90mstdout[2m | src/components/InstructorDashboard.stories.jsx[2m > [22m[2mTablet Viewport
[22m[39m[Mock Data] Seeded grade: grade-9 for unit: unit-3
[90mstdout[2m | src/components/InstructorDashboard.stories.jsx[2m > [22m[2mTablet Viewport
[22m[39m[Mock Data] Grade has data: false
[90mstdout[2m | src/components/InstructorDashboard.stories.jsx[2m > [22m[2mTablet Viewport
[22m[39m[Mock Data] Total grades in store: 9
[90mstdout[2m | src/components/InstructorDashboard.stories.jsx[2m > [22m[2mTablet Viewport
[22m[39m[Mock Data] Seeded grade: grade-10 for unit: unit-1
[90mstdout[2m | src/components/InstructorDashboard.stories.jsx[2m > [22m[2mTablet Viewport
[22m[39m[Mock Data] Grade has data: false
[90mstdout[2m | src/components/InstructorDashboard.stories.jsx[2m > [22m[2mTablet Viewport
[22m[39m[Mock Data] Total grades in store: 10
[90mstdout[2m | src/components/InstructorDashboard.stories.jsx[2m > [22m[2mTablet Viewport
[22m[39m[Mock Data] Seeded grade: grade-11 for unit: unit-2
[90mstdout[2m | src/components/InstructorDashboard.stories.jsx[2m > [22m[2mTablet Viewport
[22m[39m[Mock Data] Grade has data: false
[90mstdout[2m | src/components/InstructorDashboard.stories.jsx[2m > [22m[2mTablet Viewport
[22m[39m[Mock Data] Total grades in store: 11
[90mstdout[2m | src/components/InstructorDashboard.stories.jsx[2m > [22m[2mTablet Viewport
[22m[39m[Mock Data] Seeded grade: grade-12 for unit: unit-3
[90mstdout[2m | src/components/InstructorDashboard.stories.jsx[2m > [22m[2mTablet Viewport
[22m[39m[Mock Data] Grade has data: false
[90mstdout[2m | src/components/InstructorDashboard.stories.jsx[2m > [22m[2mTablet Viewport
[22m[39m[Mock Data] Total grades in store: 12
[90mstdout[2m | src/components/InstructorDashboard.stories.jsx[2m > [22m[2mTablet Viewport
[22m[39m[Mock Data] Seeded grade: grade-13 for unit: unit-1
[90mstdout[2m | src/components/InstructorDashboard.stories.jsx[2m > [22m[2mTablet Viewport
[22m[39m[Mock Data] Grade has data: false
[90mstdout[2m | src/components/InstructorDashboard.stories.jsx[2m > [22m[2mTablet Viewport
[22m[39m[Mock Data] Total grades in store: 13
[90mstdout[2m | src/components/InstructorDashboard.stories.jsx[2m > [22m[2mTablet Viewport
[22m[39m[Mock Data] Seeded grade: grade-14 for unit: unit-2
[90mstdout[2m | src/components/InstructorDashboard.stories.jsx[2m > [22m[2mTablet Viewport
[22m[39m[Mock Data] Grade has data: false
[90mstdout[2m | src/components/InstructorDashboard.stories.jsx[2m > [22m[2mTablet Viewport
[22m[39m[Mock Data] Total grades in store: 14
[90mstdout[2m | src/components/InstructorDashboard.stories.jsx[2m > [22m[2mTablet Viewport
[22m[39m[Mock Data] Seeded grade: grade-15 for unit: unit-3
[90mstdout[2m | src/components/InstructorDashboard.stories.jsx[2m > [22m[2mTablet Viewport
[22m[39m[Mock Data] Grade has data: false
[90mstdout[2m | src/components/InstructorDashboard.stories.jsx[2m > [22m[2mTablet Viewport
[22m[39m[Mock Data] Total grades in store: 15
[90mstdout[2m | src/components/InstructorDashboard.stories.jsx[2m > [22m[2mTablet Viewport
[22m[39m[Mock Data] Seeded grade: grade-16 for unit: unit-1
[90mstdout[2m | src/components/InstructorDashboard.stories.jsx[2m > [22m[2mTablet Viewport
[22m[39m[Mock Data] Grade has data: false
[90mstdout[2m | src/components/InstructorDashboard.stories.jsx[2m > [22m[2mTablet Viewport
[22m[39m[Mock Data] Total grades in store: 16
[90mstdout[2m | src/components/InstructorDashboard.stories.jsx[2m > [22m[2mTablet Viewport
[22m[39m[Mock Data] Seeded grade: grade-17 for unit: unit-2
[90mstdout[2m | src/components/InstructorDashboard.stories.jsx[2m > [22m[2mTablet Viewport
[22m[39m[Mock Data] Grade has data: false
[90mstdout[2m | src/components/InstructorDashboard.stories.jsx[2m > [22m[2mTablet Viewport
[22m[39m[Mock Data] Total grades in store: 17
[90mstdout[2m | src/components/InstructorDashboard.stories.jsx[2m > [22m[2mTablet Viewport
[22m[39m[Mock Data] Seeded grade: grade-18 for unit: unit-1
[90mstdout[2m | src/components/InstructorDashboard.stories.jsx[2m > [22m[2mTablet Viewport
[22m[39m[Mock Data] Grade has data: false
[90mstdout[2m | src/components/InstructorDashboard.stories.jsx[2m > [22m[2mTablet Viewport
[22m[39m[Mock Data] Total grades in store: 18
[90mstdout[2m | src/components/InstructorDashboard.stories.jsx[2m > [22m[2mTablet Viewport
[22m[39m[Mock Data] Seeded grade: grade-19 for unit: unit-2
[90mstdout[2m | src/components/InstructorDashboard.stories.jsx[2m > [22m[2mTablet Viewport
[22m[39m[Mock Data] Grade has data: false
[90mstdout[2m | src/components/InstructorDashboard.stories.jsx[2m > [22m[2mTablet Viewport
[22m[39m[Mock Data] Total grades in store: 19
[90mstdout[2m | src/components/InstructorDashboard.stories.jsx[2m > [22m[2mTablet Viewport
[22m[39m[Mock Data] Seeded grade: grade-20 for unit: unit-2
[90mstdout[2m | src/components/InstructorDashboard.stories.jsx[2m > [22m[2mTablet Viewport
[22m[39m[Mock Data] Grade has data: false
[90mstdout[2m | src/components/InstructorDashboard.stories.jsx[2m > [22m[2mTablet Viewport
[22m[39m[Mock Data] Total grades in store: 20
[90mstdout[2m | src/components/InstructorDashboard.stories.jsx[2m > [22m[2mTablet Viewport
[22m[39m[Mock Data] Seeded grade: grade-21 for unit: unit-1
[90mstdout[2m | src/components/InstructorDashboard.stories.jsx[2m > [22m[2mTablet Viewport
[22m[39m[Mock Data] Grade has data: false
[90mstdout[2m | src/components/InstructorDashboard.stories.jsx[2m > [22m[2mTablet Viewport
[22m[39m[Mock Data] Total grades in store: 21
[90mstdout[2m | src/components/InstructorDashboard.stories.jsx[2m > [22m[2mTablet Viewport
[22m[39m[Mock Data] Seeded grade: grade-22 for unit: unit-2
[90mstdout[2m | src/components/InstructorDashboard.stories.jsx[2m > [22m[2mTablet Viewport
[22m[39m[Mock Data] Grade has data: false
[90mstdout[2m | src/components/InstructorDashboard.stories.jsx[2m > [22m[2mTablet Viewport
[22m[39m[Mock Data] Total grades in store: 22
[90mstdout[2m | src/components/InstructorDashboard.stories.jsx[2m > [22m[2mTablet Viewport
[22m[39m[Mock Data] Seeded grade: grade-23 for unit: unit-4
[90mstdout[2m | src/components/InstructorDashboard.stories.jsx[2m > [22m[2mTablet Viewport
[22m[39m[Mock Data] Grade has data: false
[90mstdout[2m | src/components/InstructorDashboard.stories.jsx[2m > [22m[2mTablet Viewport
[22m[39m[Mock Data] Total grades in store: 23
[90mstdout[2m | src/components/InstructorDashboard.stories.jsx[2m > [22m[2mTablet Viewport
[22m[39m[Mock Data] Seeded grade: grade-24 for unit: unit-5
[90mstdout[2m | src/components/InstructorDashboard.stories.jsx[2m > [22m[2mTablet Viewport
[22m[39m[Mock Data] Grade has data: false
[90mstdout[2m | src/components/InstructorDashboard.stories.jsx[2m > [22m[2mTablet Viewport
[22m[39m[Mock Data] Total grades in store: 24
[90mstdout[2m | src/components/InstructorDashboard.stories.jsx[2m > [22m[2mTablet Viewport
[22m[39m[Mock Data] Seeded grade: grade-25 for unit: unit-4
[90mstdout[2m | src/components/InstructorDashboard.stories.jsx[2m > [22m[2mTablet Viewport
[22m[39m[Mock Data] Grade has data: false
[90mstdout[2m | src/components/InstructorDashboard.stories.jsx[2m > [22m[2mTablet Viewport
[22m[39m[Mock Data] Total grades in store: 25
[90mstdout[2m | src/components/InstructorDashboard.stories.jsx[2m > [22m[2mTablet Viewport
[22m[39m[Mock Data] Seeded grade: grade-26 for unit: unit-5
[90mstdout[2m | src/components/InstructorDashboard.stories.jsx[2m > [22m[2mTablet Viewport
[22m[39m[Mock Data] Grade has data: false
[90mstdout[2m | src/components/InstructorDashboard.stories.jsx[2m > [22m[2mTablet Viewport
[22m[39m[Mock Data] Total grades in store: 26
[90mstdout[2m | src/components/InstructorDashboard.stories.jsx[2m > [22m[2mTablet Viewport
[22m[39m[Mock Data] Seeded grade: grade-27 for unit: unit-4
[90mstdout[2m | src/components/InstructorDashboard.stories.jsx[2m > [22m[2mTablet Viewport
[22m[39m[Mock Data] Grade has data: false
[90mstdout[2m | src/components/InstructorDashboard.stories.jsx[2m > [22m[2mTablet Viewport
[22m[39m[Mock Data] Total grades in store: 27
[90mstdout[2m | src/components/InstructorDashboard.stories.jsx[2m > [22m[2mTablet Viewport
[22m[39m[Mock Data] Seeded grade: grade-28 for unit: unit-5
[90mstdout[2m | src/components/InstructorDashboard.stories.jsx[2m > [22m[2mTablet Viewport
[22m[39m[Mock Data] Grade has data: false
[90mstdout[2m | src/components/InstructorDashboard.stories.jsx[2m > [22m[2mTablet Viewport
[22m[39m[Mock Data] Total grades in store: 28
[90mstdout[2m | src/components/InstructorDashboard.stories.jsx[2m > [22m[2mTablet Viewport
[22m[39m[Mock Data] Seeded grade: grade-29 for unit: unit-4
[90mstdout[2m | src/components/InstructorDashboard.stories.jsx[2m > [22m[2mTablet Viewport
[22m[39m[Mock Data] Grade has data: false
[90mstdout[2m | src/components/InstructorDashboard.stories.jsx[2m > [22m[2mTablet Viewport
[22m[39m[Mock Data] Total grades in store: 29
[90mstdout[2m | src/components/InstructorDashboard.stories.jsx[2m > [22m[2mTablet Viewport
[22m[39m[Mock Data] Seeded grade: grade-30 for unit: unit-5
[90mstdout[2m | src/components/InstructorDashboard.stories.jsx[2m > [22m[2mTablet Viewport
[22m[39m[Mock Data] Grade has data: false
[90mstdout[2m | src/components/InstructorDashboard.stories.jsx[2m > [22m[2mTablet Viewport
[22m[39m[Mock Data] Total grades in store: 30
[90mstdout[2m | src/components/InstructorDashboard.stories.jsx[2m > [22m[2mTablet Viewport
[22m[39m[Mock Data] Seeded grade: grade-31 for unit: unit-2
[90mstdout[2m | src/components/InstructorDashboard.stories.jsx[2m > [22m[2mTablet Viewport
[22m[39m[Mock Data] Grade has data: false
[90mstdout[2m | src/components/InstructorDashboard.stories.jsx[2m > [22m[2mTablet Viewport
[22m[39m[Mock Data] Total grades in store: 31
[90mstdout[2m | src/components/InstructorDashboard.stories.jsx[2m > [22m[2mTablet Viewport
[22m[39m[TranslationModeController] Setting mode to: off
[90mstdout[2m | src/components/InstructorDashboard.stories.jsx[2m > [22m[2mTablet Viewport
[22m[39m[UnitContext] useEffect triggered {
  "authLoading": false,
  "hasUser": true,
  "id": "mock-unit-id",
  "userSub": "mock-user-sub",
}
[90mstdout[2m | src/components/InstructorDashboard.stories.jsx[2m > [22m[2mTablet Viewport
[22m[39m[UnitContext] Fetching unit data for id: mock-unit-id
[90mstdout[2m | src/components/InstructorDashboard.stories.jsx[2m > [22m[2mTablet Viewport
[22m[39m[FilesContext] Initializing vector store from IndexedDB
[90mstdout[2m | src/components/InstructorDashboard.stories.jsx[2m > [22m[2mTablet Viewport
[22m[39m[FilesContext] fetchFiles called
[90mstdout[2m | src/components/InstructorDashboard.stories.jsx[2m > [22m[2mTablet Viewport
[22m[39m[FilesContext] User authenticated: mock-user-sub
[90mstdout[2m | src/components/InstructorDashboard.stories.jsx[2m > [22m[2mTablet Viewport
[22m[39m[FilesContext] Identity ID: us-east-1:mock-identity-123
[90mstdout[2m | src/components/InstructorDashboard.stories.jsx[2m > [22m[2mTablet Viewport
[22m[39m[FilesContext] About to set up File observeQuery
[90mstdout[2m | src/components/InstructorDashboard.stories.jsx[2m > [22m[2mTablet Viewport
[22m[39m[ChatContext] Setting up AssistantChat observeQuery
[90mstdout[2m | src/components/InstructorDashboard.stories.jsx[2m > [22m[2mTablet Viewport
[22m[39m[ChatContext] Waiting for subscription to initialize
[90mstdout[2m | src/components/InstructorDashboard.stories.jsx[2m > [22m[2mTablet Viewport
[22m[39m[SettingsContext] Setting up Settings subscription for user: mock-user-sub
[90mstdout[2m | src/components/InstructorDashboard.stories.jsx[2m > [22m[2mTablet Viewport
[22m[39m[Mock Data] Settings created: mock-settings-1790418589582 - notified 0 subscribers
[90mstdout[2m | src/components/InstructorDashboard.stories.jsx[2m > [22m[2mTablet Viewport
[22m[39m[Mock Data] Unit.onUpdate() subscription added. Total: 1
[90mstdout[2m | src/components/InstructorDashboard.stories.jsx[2m > [22m[2mTablet Viewport
[22m[39m[SectionContext] Section observeQuery update: 0
[90mstdout[2m | src/components/InstructorDashboard.stories.jsx[2m > [22m[2mTablet Viewport
[22m[39m[FilesContext] File observeQuery update: 6 files
[90mstdout[2m | src/components/InstructorDashboard.stories.jsx[2m > [22m[2mTablet Viewport
[22m[39m[ChatContext] AssistantChat initialized with 1 chats
[90mstdout[2m | src/components/InstructorDashboard.stories.jsx[2m > [22m[2mTablet Viewport
[22m[39m[ChatContext] Setting initial chat: chat-flagged-1
[90mstdout[2m | src/components/InstructorDashboard.stories.jsx[2m > [22m[2mTablet Viewport
[22m[39m[MOCK CourseVectorStore] Initialized with mock data
[90mstdout[2m | src/components/InstructorDashboard.stories.jsx[2m > [22m[2mTablet Viewport
[22m[39m[FilesContext] Vector store population triggered {
  "currentVectorStoreSize": 3,
  "documentsCount": 0,
  "filesCount": 6,
  "isInitialLoad": true,
}
[90mstdout[2m | src/components/InstructorDashboard.stories.jsx[2m > [22m[2mTablet Viewport
[22m[39m[FilesContext] Vector store population complete - 3 total embeddings
[90mstdout[2m | src/components/InstructorDashboard.stories.jsx[2m > [22m[2mTablet Viewport
[22m[39m[ChatContext] Chat exists and not archived, skipping creation
[90mstdout[2m | src/components/InstructorDashboard.stories.jsx[2m > [22m[2mTablet Viewport
[22m[39m[Mock Storage] downloadData called with: undefined
[90mstdout[2m | src/components/InstructorDashboard.stories.jsx[2m > [22m[2mTablet Viewport
[22m[39mfilterWords {
  "filter": "",
  "wordsCount": 0,
}
[90mstdout[2m | src/components/InstructorDashboard.stories.jsx[2m > [22m[2mDesktop Viewport
[22m[39m[ChatContext] Cleaning up subscriptions
[90mstdout[2m | src/components/InstructorDashboard.stories.jsx[2m > [22m[2mDesktop Viewport
[22m[39m[Mock Data] Unit.onUpdate() subscription removed. Remaining: 0
[90mstdout[2m | src/components/InstructorDashboard.stories.jsx[2m > [22m[2mDesktop Viewport
[22m[39m[MOCK CourseVectorStore] Initialized with mock data
[90mstdout[2m | src/components/InstructorDashboard.stories.jsx[2m > [22m[2mDesktop Viewport
[22m[39m[Mock Data] seedMockUnit: Adding unit unit-1
[90mstdout[2m | src/components/InstructorDashboard.stories.jsx[2m > [22m[2mDesktop Viewport
[22m[39m[Mock Data] seedMockUnit: Adding unit unit-2
[90mstdout[2m | src/components/InstructorDashboard.stories.jsx[2m > [22m[2mDesktop Viewport
[22m[39m[Mock Data] seedMockUnit: Adding unit unit-3
[90mstdout[2m | src/components/InstructorDashboard.stories.jsx[2m > [22m[2mDesktop Viewport
[22m[39m[Mock Data] seedMockUnit: Adding unit unit-4
[90mstdout[2m | src/components/InstructorDashboard.stories.jsx[2m > [22m[2mDesktop Viewport
[22m[39m[Mock Data] seedMockUnit: Adding unit unit-5
[90mstdout[2m | src/components/InstructorDashboard.stories.jsx[2m > [22m[2mDesktop Viewport
[22m[39m[Mock Data] seedMockAssignments: Adding 7 assignments
[90mstdout[2m | src/components/InstructorDashboard.stories.jsx[2m > [22m[2mDesktop Viewport
[22m[39m[Mock Data] Total assignments in store: 7
[90mstdout[2m | src/components/InstructorDashboard.stories.jsx[2m > [22m[2mDesktop Viewport
[22m[39m[Mock Data] Seeded grade: grade-1 for unit: unit-1
[90mstdout[2m | src/components/InstructorDashboard.stories.jsx[2m > [22m[2mDesktop Viewport
[22m[39m[Mock Data] Grade has data: false
[90mstdout[2m | src/components/InstructorDashboard.stories.jsx[2m > [22m[2mDesktop Viewport
[22m[39m[Mock Data] Total grades in store: 1
[90mstdout[2m | src/components/InstructorDashboard.stories.jsx[2m > [22m[2mDesktop Viewport
[22m[39m[Mock Data] Seeded grade: grade-2 for unit: unit-2
[90mstdout[2m | src/components/InstructorDashboard.stories.jsx[2m > [22m[2mDesktop Viewport
[22m[39m[Mock Data] Grade has data: false
[90mstdout[2m | src/components/InstructorDashboard.stories.jsx[2m > [22m[2mDesktop Viewport
[22m[39m[Mock Data] Total grades in store: 2
[90mstdout[2m | src/components/InstructorDashboard.stories.jsx[2m > [22m[2mDesktop Viewport
[22m[39m[Mock Data] Seeded grade: grade-3 for unit: unit-3
[90mstdout[2m | src/components/InstructorDashboard.stories.jsx[2m > [22m[2mDesktop Viewport
[22m[39m[Mock Data] Grade has data: false
[90mstdout[2m | src/components/InstructorDashboard.stories.jsx[2m > [22m[2mDesktop Viewport
[22m[39m[Mock Data] Total grades in store: 3
[90mstdout[2m | src/components/InstructorDashboard.stories.jsx[2m > [22m[2mDesktop Viewport
[22m[39m[Mock Data] Seeded grade: grade-4 for unit: unit-1
[90mstdout[2m | src/components/InstructorDashboard.stories.jsx[2m > [22m[2mDesktop Viewport
[22m[39m[Mock Data] Grade has data: false
[90mstdout[2m | src/components/InstructorDashboard.stories.jsx[2m > [22m[2mDesktop Viewport
[22m[39m[Mock Data] Total grades in store: 4
[90mstdout[2m | src/components/InstructorDashboard.stories.jsx[2m > [22m[2mDesktop Viewport
[22m[39m[Mock Data] Seeded grade: grade-5 for unit: unit-2
[90mstdout[2m | src/components/InstructorDashboard.stories.jsx[2m > [22m[2mDesktop Viewport
[22m[39m[Mock Data] Grade has data: false
[90mstdout[2m | src/components/InstructorDashboard.stories.jsx[2m > [22m[2mDesktop Viewport
[22m[39m[Mock Data] Total grades in store: 5
[90mstdout[2m | src/components/InstructorDashboard.stories.jsx[2m > [22m[2mDesktop Viewport
[22m[39m[Mock Data] Seeded grade: grade-6 for unit: unit-3
[90mstdout[2m | src/components/InstructorDashboard.stories.jsx[2m > [22m[2mDesktop Viewport
[22m[39m[Mock Data] Grade has data: false
[90mstdout[2m | src/components/InstructorDashboard.stories.jsx[2m > [22m[2mDesktop Viewport
[22m[39m[Mock Data] Total grades in store: 6
[90mstdout[2m | src/components/InstructorDashboard.stories.jsx[2m > [22m[2mDesktop Viewport
[22m[39m[Mock Data] Seeded grade: grade-7 for unit: unit-1
[90mstdout[2m | src/components/InstructorDashboard.stories.jsx[2m > [22m[2mDesktop Viewport
[22m[39m[Mock Data] Grade has data: false
[90mstdout[2m | src/components/InstructorDashboard.stories.jsx[2m > [22m[2mDesktop Viewport
[22m[39m[Mock Data] Total grades in store: 7
[90mstdout[2m | src/components/InstructorDashboard.stories.jsx[2m > [22m[2mDesktop Viewport
[22m[39m[Mock Data] Seeded grade: grade-8 for unit: unit-2
[90mstdout[2m | src/components/InstructorDashboard.stories.jsx[2m > [22m[2mDesktop Viewport
[22m[39m[Mock Data] Grade has data: false
[90mstdout[2m | src/components/InstructorDashboard.stories.jsx[2m > [22m[2mDesktop Viewport
[22m[39m[Mock Data] Total grades in store: 8
[90mstdout[2m | src/components/InstructorDashboard.stories.jsx[2m > [22m[2mDesktop Viewport
[22m[39m[Mock Data] Seeded grade: grade-9 for unit: unit-3
[90mstdout[2m | src/components/InstructorDashboard.stories.jsx[2m > [22m[2mDesktop Viewport
[22m[39m[Mock Data] Grade has data: false
[90mstdout[2m | src/components/InstructorDashboard.stories.jsx[2m > [22m[2mDesktop Viewport
[22m[39m[Mock Data] Total grades in store: 9
[90mstdout[2m | src/components/InstructorDashboard.stories.jsx[2m > [22m[2mDesktop Viewport
[22m[39m[Mock Data] Seeded grade: grade-10 for unit: unit-1
[90mstdout[2m | src/components/InstructorDashboard.stories.jsx[2m > [22m[2mDesktop Viewport
[22m[39m[Mock Data] Grade has data: false
[90mstdout[2m | src/components/InstructorDashboard.stories.jsx[2m > [22m[2mDesktop Viewport
[22m[39m[Mock Data] Total grades in store: 10
[90mstdout[2m | src/components/InstructorDashboard.stories.jsx[2m > [22m[2mDesktop Viewport
[22m[39m[Mock Data] Seeded grade: grade-11 for unit: unit-2
[90mstdout[2m | src/components/InstructorDashboard.stories.jsx[2m > [22m[2mDesktop Viewport
[22m[39m[Mock Data] Grade has data: false
[90mstdout[2m | src/components/InstructorDashboard.stories.jsx[2m > [22m[2mDesktop Viewport
[22m[39m[Mock Data] Total grades in store: 11
[90mstdout[2m | src/components/InstructorDashboard.stories.jsx[2m > [22m[2mDesktop Viewport
[22m[39m[Mock Data] Seeded grade: grade-12 for unit: unit-3
[90mstdout[2m | src/components/InstructorDashboard.stories.jsx[2m > [22m[2mDesktop Viewport
[22m[39m[Mock Data] Grade has data: false
[90mstdout[2m | src/components/InstructorDashboard.stories.jsx[2m > [22m[2mDesktop Viewport
[22m[39m[Mock Data] Total grades in store: 12
[90mstdout[2m | src/components/InstructorDashboard.stories.jsx[2m > [22m[2mDesktop Viewport
[22m[39m[Mock Data] Seeded grade: grade-13 for unit: unit-1
[90mstdout[2m | src/components/InstructorDashboard.stories.jsx[2m > [22m[2mDesktop Viewport
[22m[39m[Mock Data] Grade has data: false
[90mstdout[2m | src/components/InstructorDashboard.stories.jsx[2m > [22m[2mDesktop Viewport
[22m[39m[Mock Data] Total grades in store: 13
[90mstdout[2m | src/components/InstructorDashboard.stories.jsx[2m > [22m[2mDesktop Viewport
[22m[39m[Mock Data] Seeded grade: grade-14 for unit: unit-2
[90mstdout[2m | src/components/InstructorDashboard.stories.jsx[2m > [22m[2mDesktop Viewport
[22m[39m[Mock Data] Grade has data: false
[90mstdout[2m | src/components/InstructorDashboard.stories.jsx[2m > [22m[2mDesktop Viewport
[22m[39m[Mock Data] Total grades in store: 14
[90mstdout[2m | src/components/InstructorDashboard.stories.jsx[2m > [22m[2mDesktop Viewport
[22m[39m[Mock Data] Seeded grade: grade-15 for unit: unit-3
[90mstdout[2m | src/components/InstructorDashboard.stories.jsx[2m > [22m[2mDesktop Viewport
[22m[39m[Mock Data] Grade has data: false
[90mstdout[2m | src/components/InstructorDashboard.stories.jsx[2m > [22m[2mDesktop Viewport
[22m[39m[Mock Data] Total grades in store: 15
[90mstdout[2m | src/components/InstructorDashboard.stories.jsx[2m > [22m[2mDesktop Viewport
[22m[39m[Mock Data] Seeded grade: grade-16 for unit: unit-1
[90mstdout[2m | src/components/InstructorDashboard.stories.jsx[2m > [22m[2mDesktop Viewport
[22m[39m[Mock Data] Grade has data: false
[90mstdout[2m | src/components/InstructorDashboard.stories.jsx[2m > [22m[2mDesktop Viewport
[22m[39m[Mock Data] Total grades in store: 16
[90mstdout[2m | src/components/InstructorDashboard.stories.jsx[2m > [22m[2mDesktop Viewport
[22m[39m[Mock Data] Seeded grade: grade-17 for unit: unit-2
[90mstdout[2m | src/components/InstructorDashboard.stories.jsx[2m > [22m[2mDesktop Viewport
[22m[39m[Mock Data] Grade has data: false
[90mstdout[2m | src/components/InstructorDashboard.stories.jsx[2m > [22m[2mDesktop Viewport
[22m[39m[Mock Data] Total grades in store: 17
[90mstdout[2m | src/components/InstructorDashboard.stories.jsx[2m > [22m[2mDesktop Viewport
[22m[39m[Mock Data] Seeded grade: grade-18 for unit: unit-1
[90mstdout[2m | src/components/InstructorDashboard.stories.jsx[2m > [22m[2mDesktop Viewport
[22m[39m[Mock Data] Grade has data: false
[90mstdout[2m | src/components/InstructorDashboard.stories.jsx[2m > [22m[2mDesktop Viewport
[22m[39m[Mock Data] Total grades in store: 18
[90mstdout[2m | src/components/InstructorDashboard.stories.jsx[2m > [22m[2mDesktop Viewport
[22m[39m[Mock Data] Seeded grade: grade-19 for unit: unit-2
[90mstdout[2m | src/components/InstructorDashboard.stories.jsx[2m > [22m[2mDesktop Viewport
[22m[39m[Mock Data] Grade has data: false
[90mstdout[2m | src/components/InstructorDashboard.stories.jsx[2m > [22m[2mDesktop Viewport
[22m[39m[Mock Data] Total grades in store: 19
[90mstdout[2m | src/components/InstructorDashboard.stories.jsx[2m > [22m[2mDesktop Viewport
[22m[39m[Mock Data] Seeded grade: grade-20 for unit: unit-2
[90mstdout[2m | src/components/InstructorDashboard.stories.jsx[2m > [22m[2mDesktop Viewport
[22m[39m[Mock Data] Grade has data: false
[90mstdout[2m | src/components/InstructorDashboard.stories.jsx[2m > [22m[2mDesktop Viewport
[22m[39m[Mock Data] Total grades in store: 20
[90mstdout[2m | src/components/InstructorDashboard.stories.jsx[2m > [22m[2mDesktop Viewport
[22m[39m[Mock Data] Seeded grade: grade-21 for unit: unit-1
[90mstdout[2m | src/components/InstructorDashboard.stories.jsx[2m > [22m[2mDesktop Viewport
[22m[39m[Mock Data] Grade has data: false
[90mstdout[2m | src/components/InstructorDashboard.stories.jsx[2m > [22m[2mDesktop Viewport
[22m[39m[Mock Data] Total grades in store: 21
[90mstdout[2m | src/components/InstructorDashboard.stories.jsx[2m > [22m[2mDesktop Viewport
[22m[39m[Mock Data] Seeded grade: grade-22 for unit: unit-2
[90mstdout[2m | src/components/InstructorDashboard.stories.jsx[2m > [22m[2mDesktop Viewport
[22m[39m[Mock Data] Grade has data: false
[90mstdout[2m | src/components/InstructorDashboard.stories.jsx[2m > [22m[2mDesktop Viewport
[22m[39m[Mock Data] Total grades in store: 22
[90mstdout[2m | src/components/InstructorDashboard.stories.jsx[2m > [22m[2mDesktop Viewport
[22m[39m[Mock Data] Seeded grade: grade-23 for unit: unit-4
[90mstdout[2m | src/components/InstructorDashboard.stories.jsx[2m > [22m[2mDesktop Viewport
[22m[39m[Mock Data] Grade has data: false
[90mstdout[2m | src/components/InstructorDashboard.stories.jsx[2m > [22m[2mDesktop Viewport
[22m[39m[Mock Data] Total grades in store: 23
[90mstdout[2m | src/components/InstructorDashboard.stories.jsx[2m > [22m[2mDesktop Viewport
[22m[39m[Mock Data] Seeded grade: grade-24 for unit: unit-5
[90mstdout[2m | src/components/InstructorDashboard.stories.jsx[2m > [22m[2mDesktop Viewport
[22m[39m[Mock Data] Grade has data: false
[90mstdout[2m | src/components/InstructorDashboard.stories.jsx[2m > [22m[2mDesktop Viewport
[22m[39m[Mock Data] Total grades in store: 24
[90mstdout[2m | src/components/InstructorDashboard.stories.jsx[2m > [22m[2mDesktop Viewport
[22m[39m[Mock Data] Seeded grade: grade-25 for unit: unit-4
[90mstdout[2m | src/components/InstructorDashboard.stories.jsx[2m > [22m[2mDesktop Viewport
[22m[39m[Mock Data] Grade has data: false
[90mstdout[2m | src/components/InstructorDashboard.stories.jsx[2m > [22m[2mDesktop Viewport
[22m[39m[Mock Data] Total grades in store: 25
[90mstdout[2m | src/components/InstructorDashboard.stories.jsx[2m > [22m[2mDesktop Viewport
[22m[39m[Mock Data] Seeded grade: grade-26 for unit: unit-5
[90mstdout[2m | src/components/InstructorDashboard.stories.jsx[2m > [22m[2mDesktop Viewport
[22m[39m[Mock Data] Grade has data: false
[90mstdout[2m | src/components/InstructorDashboard.stories.jsx[2m > [22m[2mDesktop Viewport
[22m[39m[Mock Data] Total grades in store: 26
[90mstdout[2m | src/components/InstructorDashboard.stories.jsx[2m > [22m[2mDesktop Viewport
[22m[39m[Mock Data] Seeded grade: grade-27 for unit: unit-4
[90mstdout[2m | src/components/InstructorDashboard.stories.jsx[2m > [22m[2mDesktop Viewport
[22m[39m[Mock Data] Grade has data: false
[90mstdout[2m | src/components/InstructorDashboard.stories.jsx[2m > [22m[2mDesktop Viewport
[22m[39m[Mock Data] Total grades in store: 27
[90mstdout[2m | src/components/InstructorDashboard.stories.jsx[2m > [22m[2mDesktop Viewport
[22m[39m[Mock Data] Seeded grade: grade-28 for unit: unit-5
[90mstdout[2m | src/components/InstructorDashboard.stories.jsx[2m > [22m[2mDesktop Viewport
[22m[39m[Mock Data] Grade has data: false
[90mstdout[2m | src/components/InstructorDashboard.stories.jsx[2m > [22m[2mDesktop Viewport
[22m[39m[Mock Data] Total grades in store: 28
[90mstdout[2m | src/components/InstructorDashboard.stories.jsx[2m > [22m[2mDesktop Viewport
[22m[39m[Mock Data] Seeded grade: grade-29 for unit: unit-4
[90mstdout[2m | src/components/InstructorDashboard.stories.jsx[2m > [22m[2mDesktop Viewport
[22m[39m[Mock Data] Grade has data: false
[90mstdout[2m | src/components/InstructorDashboard.stories.jsx[2m > [22m[2mDesktop Viewport
[22m[39m[Mock Data] Total grades in store: 29
[90mstdout[2m | src/components/InstructorDashboard.stories.jsx[2m > [22m[2mDesktop Viewport
[22m[39m[Mock Data] Seeded grade: grade-30 for unit: unit-5
[90mstdout[2m | src/components/InstructorDashboard.stories.jsx[2m > [22m[2mDesktop Viewport
[22m[39m[Mock Data] Grade has data: false
[90mstdout[2m | src/components/InstructorDashboard.stories.jsx[2m > [22m[2mDesktop Viewport
[22m[39m[Mock Data] Total grades in store: 30
[90mstdout[2m | src/components/InstructorDashboard.stories.jsx[2m > [22m[2mDesktop Viewport
[22m[39m[Mock Data] Seeded grade: grade-31 for unit: unit-2
[90mstdout[2m | src/components/InstructorDashboard.stories.jsx[2m > [22m[2mDesktop Viewport
[22m[39m[Mock Data] Grade has data: false
[90mstdout[2m | src/components/InstructorDashboard.stories.jsx[2m > [22m[2mDesktop Viewport
[22m[39m[Mock Data] Total grades in store: 31
[90mstdout[2m | src/components/InstructorDashboard.stories.jsx[2m > [22m[2mDesktop Viewport
[22m[39m[TranslationModeController] Setting mode to: off
[90mstdout[2m | src/components/InstructorDashboard.stories.jsx[2m > [22m[2mDesktop Viewport
[22m[39m[UnitContext] useEffect triggered {
  "authLoading": false,
  "hasUser": true,
  "id": "mock-unit-id",
  "userSub": "mock-user-sub",
}
[90mstdout[2m | src/components/InstructorDashboard.stories.jsx[2m > [22m[2mDesktop Viewport
[22m[39m[UnitContext] Fetching unit data for id: mock-unit-id
[90mstdout[2m | src/components/InstructorDashboard.stories.jsx[2m > [22m[2mDesktop Viewport
[22m[39m[FilesContext] Initializing vector store from IndexedDB
[90mstdout[2m | src/components/InstructorDashboard.stories.jsx[2m > [22m[2mDesktop Viewport
[22m[39m[FilesContext] fetchFiles called
[90mstdout[2m | src/components/InstructorDashboard.stories.jsx[2m > [22m[2mDesktop Viewport
[22m[39m[FilesContext] User authenticated: mock-user-sub
[90mstdout[2m | src/components/InstructorDashboard.stories.jsx[2m > [22m[2mDesktop Viewport
[22m[39m[FilesContext] Identity ID: us-east-1:mock-identity-123
[90mstdout[2m | src/components/InstructorDashboard.stories.jsx[2m > [22m[2mDesktop Viewport
[22m[39m[FilesContext] About to set up File observeQuery
[90mstdout[2m | src/components/InstructorDashboard.stories.jsx[2m > [22m[2mDesktop Viewport
[22m[39m[ChatContext] Setting up AssistantChat observeQuery
[90mstdout[2m | src/components/InstructorDashboard.stories.jsx[2m > [22m[2mDesktop Viewport
[22m[39m[ChatContext] Waiting for subscription to initialize
[90mstdout[2m | src/components/InstructorDashboard.stories.jsx[2m > [22m[2mDesktop Viewport
[22m[39m[SettingsContext] Setting up Settings subscription for user: mock-user-sub
[90mstdout[2m | src/components/InstructorDashboard.stories.jsx[2m > [22m[2mDesktop Viewport
[22m[39m[Mock Data] Settings created: mock-settings-1790418590545 - notified 0 subscribers
[90mstdout[2m | src/components/InstructorDashboard.stories.jsx[2m > [22m[2mDesktop Viewport
[22m[39m[Mock Data] Unit.onUpdate() subscription added. Total: 1
[90mstdout[2m | src/components/InstructorDashboard.stories.jsx[2m > [22m[2mDesktop Viewport
[22m[39m[SectionContext] Section observeQuery update: 0
[90mstdout[2m | src/components/InstructorDashboard.stories.jsx[2m > [22m[2mDesktop Viewport
[22m[39m[FilesContext] File observeQuery update: 6 files
[90mstdout[2m | src/components/InstructorDashboard.stories.jsx[2m > [22m[2mDesktop Viewport
[22m[39m[ChatContext] AssistantChat initialized with 1 chats
[90mstdout[2m | src/components/InstructorDashboard.stories.jsx[2m > [22m[2mDesktop Viewport
[22m[39m[ChatContext] Setting initial chat: chat-flagged-1
[90mstdout[2m | src/components/InstructorDashboard.stories.jsx[2m > [22m[2mDesktop Viewport
[22m[39m[MOCK CourseVectorStore] Initialized with mock data
[90mstdout[2m | src/components/InstructorDashboard.stories.jsx[2m > [22m[2mDesktop Viewport
[22m[39m[FilesContext] Vector store population triggered {
  "currentVectorStoreSize": 3,
  "documentsCount": 0,
  "filesCount": 6,
  "isInitialLoad": true,
}
[90mstdout[2m | src/components/InstructorDashboard.stories.jsx[2m > [22m[2mDesktop Viewport
[22m[39m[FilesContext] Vector store population complete - 3 total embeddings
[90mstdout[2m | src/components/InstructorDashboard.stories.jsx[2m > [22m[2mDesktop Viewport
[22m[39m[ChatContext] Chat exists and not archived, skipping creation
[90mstdout[2m | src/components/InstructorDashboard.stories.jsx[2m > [22m[2mDesktop Viewport
[22m[39m[Mock Storage] downloadData called with: undefined
[90mstdout[2m | src/components/InstructorDashboard.stories.jsx[2m > [22m[2mMulti Section Mobile
[22m[39m[ChatContext] Cleaning up subscriptions
[90mstdout[2m | src/components/InstructorDashboard.stories.jsx[2m > [22m[2mMulti Section Mobile
[22m[39m[Mock Data] Unit.onUpdate() subscription removed. Remaining: 0
[90mstdout[2m | src/components/InstructorDashboard.stories.jsx[2m > [22m[2mMulti Section Mobile
[22m[39m[MOCK CourseVectorStore] Initialized with mock data
[90mstdout[2m | src/components/InstructorDashboard.stories.jsx[2m > [22m[2mMulti Section Mobile
[22m[39m[Mock Data] seedMockUnit: Adding unit unit-1
[90mstdout[2m | src/components/InstructorDashboard.stories.jsx[2m > [22m[2mMulti Section Mobile
[22m[39m[Mock Data] seedMockUnit: Adding unit unit-2
[90mstdout[2m | src/components/InstructorDashboard.stories.jsx[2m > [22m[2mMulti Section Mobile
[22m[39m[Mock Data] seedMockUnit: Adding unit unit-3
[90mstdout[2m | src/components/InstructorDashboard.stories.jsx[2m > [22m[2mMulti Section Mobile
[22m[39m[Mock Data] seedMockUnit: Adding unit unit-4
[90mstdout[2m | src/components/InstructorDashboard.stories.jsx[2m > [22m[2mMulti Section Mobile
[22m[39m[Mock Data] seedMockUnit: Adding unit unit-5
[90mstdout[2m | src/components/InstructorDashboard.stories.jsx[2m > [22m[2mMulti Section Mobile
[22m[39m[Mock Data] seedMockAssignments: Adding 7 assignments
[90mstdout[2m | src/components/InstructorDashboard.stories.jsx[2m > [22m[2mMulti Section Mobile
[22m[39m[Mock Data] Total assignments in store: 7
[90mstdout[2m | src/components/InstructorDashboard.stories.jsx[2m > [22m[2mMulti Section Mobile
[22m[39m[Mock Data] Seeded grade: grade-1 for unit: unit-1
[90mstdout[2m | src/components/InstructorDashboard.stories.jsx[2m > [22m[2mMulti Section Mobile
[22m[39m[Mock Data] Grade has data: false
[90mstdout[2m | src/components/InstructorDashboard.stories.jsx[2m > [22m[2mMulti Section Mobile
[22m[39m[Mock Data] Total grades in store: 1
[90mstdout[2m | src/components/InstructorDashboard.stories.jsx[2m > [22m[2mMulti Section Mobile
[22m[39m[Mock Data] Seeded grade: grade-2 for unit: unit-2
[90mstdout[2m | src/components/InstructorDashboard.stories.jsx[2m > [22m[2mMulti Section Mobile
[22m[39m[Mock Data] Grade has data: false
[90mstdout[2m | src/components/InstructorDashboard.stories.jsx[2m > [22m[2mMulti Section Mobile
[22m[39m[Mock Data] Total grades in store: 2
[90mstdout[2m | src/components/InstructorDashboard.stories.jsx[2m > [22m[2mMulti Section Mobile
[22m[39m[Mock Data] Seeded grade: grade-3 for unit: unit-3
[90mstdout[2m | src/components/InstructorDashboard.stories.jsx[2m > [22m[2mMulti Section Mobile
[22m[39m[Mock Data] Grade has data: false
[90mstdout[2m | src/components/InstructorDashboard.stories.jsx[2m > [22m[2mMulti Section Mobile
[22m[39m[Mock Data] Total grades in store: 3
[90mstdout[2m | src/components/InstructorDashboard.stories.jsx[2m > [22m[2mMulti Section Mobile
[22m[39m[Mock Data] Seeded grade: grade-4 for unit: unit-1
[90mstdout[2m | src/components/InstructorDashboard.stories.jsx[2m > [22m[2mMulti Section Mobile
[22m[39m[Mock Data] Grade has data: false
[90mstdout[2m | src/components/InstructorDashboard.stories.jsx[2m > [22m[2mMulti Section Mobile
[22m[39m[Mock Data] Total grades in store: 4
[90mstdout[2m | src/components/InstructorDashboard.stories.jsx[2m > [22m[2mMulti Section Mobile
[22m[39m[Mock Data] Seeded grade: grade-5 for unit: unit-2
[90mstdout[2m | src/components/InstructorDashboard.stories.jsx[2m > [22m[2mMulti Section Mobile
[22m[39m[Mock Data] Grade has data: false
[90mstdout[2m | src/components/InstructorDashboard.stories.jsx[2m > [22m[2mMulti Section Mobile
[22m[39m[Mock Data] Total grades in store: 5
[90mstdout[2m | src/components/InstructorDashboard.stories.jsx[2m > [22m[2mMulti Section Mobile
[22m[39m[Mock Data] Seeded grade: grade-6 for unit: unit-3
[90mstdout[2m | src/components/InstructorDashboard.stories.jsx[2m > [22m[2mMulti Section Mobile
[22m[39m[Mock Data] Grade has data: false
[90mstdout[2m | src/components/InstructorDashboard.stories.jsx[2m > [22m[2mMulti Section Mobile
[22m[39m[Mock Data] Total grades in store: 6
[90mstdout[2m | src/components/InstructorDashboard.stories.jsx[2m > [22m[2mMulti Section Mobile
[22m[39m[Mock Data] Seeded grade: grade-7 for unit: unit-1
[90mstdout[2m | src/components/InstructorDashboard.stories.jsx[2m > [22m[2mMulti Section Mobile
[22m[39m[Mock Data] Grade has data: false
[90mstdout[2m | src/components/InstructorDashboard.stories.jsx[2m > [22m[2mMulti Section Mobile
[22m[39m[Mock Data] Total grades in store: 7
[90mstdout[2m | src/components/InstructorDashboard.stories.jsx[2m > [22m[2mMulti Section Mobile
[22m[39m[Mock Data] Seeded grade: grade-8 for unit: unit-2
[90mstdout[2m | src/components/InstructorDashboard.stories.jsx[2m > [22m[2mMulti Section Mobile
[22m[39m[Mock Data] Grade has data: false
[90mstdout[2m | src/components/InstructorDashboard.stories.jsx[2m > [22m[2mMulti Section Mobile
[22m[39m[Mock Data] Total grades in store: 8
[90mstdout[2m | src/components/InstructorDashboard.stories.jsx[2m > [22m[2mMulti Section Mobile
[22m[39m[Mock Data] Seeded grade: grade-9 for unit: unit-3
[90mstdout[2m | src/components/InstructorDashboard.stories.jsx[2m > [22m[2mMulti Section Mobile
[22m[39m[Mock Data] Grade has data: false
[90mstdout[2m | src/components/InstructorDashboard.stories.jsx[2m > [22m[2mMulti Section Mobile
[22m[39m[Mock Data] Total grades in store: 9
[90mstdout[2m | src/components/InstructorDashboard.stories.jsx[2m > [22m[2mMulti Section Mobile
[22m[39m[Mock Data] Seeded grade: grade-10 for unit: unit-1
[90mstdout[2m | src/components/InstructorDashboard.stories.jsx[2m > [22m[2mMulti Section Mobile
[22m[39m[Mock Data] Grade has data: false
[90mstdout[2m | src/components/InstructorDashboard.stories.jsx[2m > [22m[2mMulti Section Mobile
[22m[39m[Mock Data] Total grades in store: 10
[90mstdout[2m | src/components/InstructorDashboard.stories.jsx[2m > [22m[2mMulti Section Mobile
[22m[39m[Mock Data] Seeded grade: grade-11 for unit: unit-2
[90mstdout[2m | src/components/InstructorDashboard.stories.jsx[2m > [22m[2mMulti Section Mobile
[22m[39m[Mock Data] Grade has data: false
[90mstdout[2m | src/components/InstructorDashboard.stories.jsx[2m > [22m[2mMulti Section Mobile
[22m[39m[Mock Data] Total grades in store: 11
[90mstdout[2m | src/components/InstructorDashboard.stories.jsx[2m > [22m[2mMulti Section Mobile
[22m[39m[Mock Data] Seeded grade: grade-12 for unit: unit-3
[90mstdout[2m | src/components/InstructorDashboard.stories.jsx[2m > [22m[2mMulti Section Mobile
[22m[39m[Mock Data] Grade has data: false
[90mstdout[2m | src/components/InstructorDashboard.stories.jsx[2m > [22m[2mMulti Section Mobile
[22m[39m[Mock Data] Total grades in store: 12
[90mstdout[2m | src/components/InstructorDashboard.stories.jsx[2m > [22m[2mMulti Section Mobile
[22m[39m[Mock Data] Seeded grade: grade-13 for unit: unit-1
[90mstdout[2m | src/components/InstructorDashboard.stories.jsx[2m > [22m[2mMulti Section Mobile
[22m[39m[Mock Data] Grade has data: false
[90mstdout[2m | src/components/InstructorDashboard.stories.jsx[2m > [22m[2mMulti Section Mobile
[22m[39m[Mock Data] Total grades in store: 13
[90mstdout[2m | src/components/InstructorDashboard.stories.jsx[2m > [22m[2mMulti Section Mobile
[22m[39m[Mock Data] Seeded grade: grade-14 for unit: unit-2
[90mstdout[2m | src/components/InstructorDashboard.stories.jsx[2m > [22m[2mMulti Section Mobile
[22m[39m[Mock Data] Grade has data: false
[90mstdout[2m | src/components/InstructorDashboard.stories.jsx[2m > [22m[2mMulti Section Mobile
[22m[39m[Mock Data] Total grades in store: 14
[90mstdout[2m | src/components/InstructorDashboard.stories.jsx[2m > [22m[2mMulti Section Mobile
[22m[39m[Mock Data] Seeded grade: grade-15 for unit: unit-3
[90mstdout[2m | src/components/InstructorDashboard.stories.jsx[2m > [22m[2mMulti Section Mobile
[22m[39m[Mock Data] Grade has data: false
[90mstdout[2m | src/components/InstructorDashboard.stories.jsx[2m > [22m[2mMulti Section Mobile
[22m[39m[Mock Data] Total grades in store: 15
[90mstdout[2m | src/components/InstructorDashboard.stories.jsx[2m > [22m[2mMulti Section Mobile
[22m[39m[Mock Data] Seeded grade: grade-16 for unit: unit-1
[90mstdout[2m | src/components/InstructorDashboard.stories.jsx[2m > [22m[2mMulti Section Mobile
[22m[39m[Mock Data] Grade has data: false
[90mstdout[2m | src/components/InstructorDashboard.stories.jsx[2m > [22m[2mMulti Section Mobile
[22m[39m[Mock Data] Total grades in store: 16
[90mstdout[2m | src/components/InstructorDashboard.stories.jsx[2m > [22m[2mMulti Section Mobile
[22m[39m[Mock Data] Seeded grade: grade-17 for unit: unit-2
[90mstdout[2m | src/components/InstructorDashboard.stories.jsx[2m > [22m[2mMulti Section Mobile
[22m[39m[Mock Data] Grade has data: false
[90mstdout[2m | src/components/InstructorDashboard.stories.jsx[2m > [22m[2mMulti Section Mobile
[22m[39m[Mock Data] Total grades in store: 17
[90mstdout[2m | src/components/InstructorDashboard.stories.jsx[2m > [22m[2mMulti Section Mobile
[22m[39m[Mock Data] Seeded grade: grade-18 for unit: unit-1
[90mstdout[2m | src/components/InstructorDashboard.stories.jsx[2m > [22m[2mMulti Section Mobile
[22m[39m[Mock Data] Grade has data: false
[90mstdout[2m | src/components/InstructorDashboard.stories.jsx[2m > [22m[2mMulti Section Mobile
[22m[39m[Mock Data] Total grades in store: 18
[90mstdout[2m | src/components/InstructorDashboard.stories.jsx[2m > [22m[2mMulti Section Mobile
[22m[39m[Mock Data] Seeded grade: grade-19 for unit: unit-2
[90mstdout[2m | src/components/InstructorDashboard.stories.jsx[2m > [22m[2mMulti Section Mobile
[22m[39m[Mock Data] Grade has data: false
[90mstdout[2m | src/components/InstructorDashboard.stories.jsx[2m > [22m[2mMulti Section Mobile
[22m[39m[Mock Data] Total grades in store: 19
[90mstdout[2m | src/components/InstructorDashboard.stories.jsx[2m > [22m[2mMulti Section Mobile
[22m[39m[Mock Data] Seeded grade: grade-20 for unit: unit-2
[90mstdout[2m | src/components/InstructorDashboard.stories.jsx[2m > [22m[2mMulti Section Mobile
[22m[39m[Mock Data] Grade has data: false
[90mstdout[2m | src/components/InstructorDashboard.stories.jsx[2m > [22m[2mMulti Section Mobile
[22m[39m[Mock Data] Total grades in store: 20
[90mstdout[2m | src/components/InstructorDashboard.stories.jsx[2m > [22m[2mMulti Section Mobile
[22m[39m[Mock Data] Seeded grade: grade-21 for unit: unit-1
[90mstdout[2m | src/components/InstructorDashboard.stories.jsx[2m > [22m[2mMulti Section Mobile
[22m[39m[Mock Data] Grade has data: false
[90mstdout[2m | src/components/InstructorDashboard.stories.jsx[2m > [22m[2mMulti Section Mobile
[22m[39m[Mock Data] Total grades in store: 21
[90mstdout[2m | src/components/InstructorDashboard.stories.jsx[2m > [22m[2mMulti Section Mobile
[22m[39m[Mock Data] Seeded grade: grade-22 for unit: unit-2
[90mstdout[2m | src/components/InstructorDashboard.stories.jsx[2m > [22m[2mMulti Section Mobile
[22m[39m[Mock Data] Grade has data: false
[90mstdout[2m | src/components/InstructorDashboard.stories.jsx[2m > [22m[2mMulti Section Mobile
[22m[39m[Mock Data] Total grades in store: 22
[90mstdout[2m | src/components/InstructorDashboard.stories.jsx[2m > [22m[2mMulti Section Mobile
[22m[39m[Mock Data] Seeded grade: grade-23 for unit: unit-4
[90mstdout[2m | src/components/InstructorDashboard.stories.jsx[2m > [22m[2mMulti Section Mobile
[22m[39m[Mock Data] Grade has data: false
[90mstdout[2m | src/components/InstructorDashboard.stories.jsx[2m > [22m[2mMulti Section Mobile
[22m[39m[Mock Data] Total grades in store: 23
[90mstdout[2m | src/components/InstructorDashboard.stories.jsx[2m > [22m[2mMulti Section Mobile
[22m[39m[Mock Data] Seeded grade: grade-24 for unit: unit-5
[90mstdout[2m | src/components/InstructorDashboard.stories.jsx[2m > [22m[2mMulti Section Mobile
[22m[39m[Mock Data] Grade has data: false
[90mstdout[2m | src/components/InstructorDashboard.stories.jsx[2m > [22m[2mMulti Section Mobile
[22m[39m[Mock Data] Total grades in store: 24
[90mstdout[2m | src/components/InstructorDashboard.stories.jsx[2m > [22m[2mMulti Section Mobile
[22m[39m[Mock Data] Seeded grade: grade-25 for unit: unit-4
[90mstdout[2m | src/components/InstructorDashboard.stories.jsx[2m > [22m[2mMulti Section Mobile
[22m[39m[Mock Data] Grade has data: false
[90mstdout[2m | src/components/InstructorDashboard.stories.jsx[2m > [22m[2mMulti Section Mobile
[22m[39m[Mock Data] Total grades in store: 25
[90mstdout[2m | src/components/InstructorDashboard.stories.jsx[2m > [22m[2mMulti Section Mobile
[22m[39m[Mock Data] Seeded grade: grade-26 for unit: unit-5
[90mstdout[2m | src/components/InstructorDashboard.stories.jsx[2m > [22m[2mMulti Section Mobile
[22m[39m[Mock Data] Grade has data: false
[90mstdout[2m | src/components/InstructorDashboard.stories.jsx[2m > [22m[2mMulti Section Mobile
[22m[39m[Mock Data] Total grades in store: 26
[90mstdout[2m | src/components/InstructorDashboard.stories.jsx[2m > [22m[2mMulti Section Mobile
[22m[39m[Mock Data] Seeded grade: grade-27 for unit: unit-4
[90mstdout[2m | src/components/InstructorDashboard.stories.jsx[2m > [22m[2mMulti Section Mobile
[22m[39m[Mock Data] Grade has data: false
[90mstdout[2m | src/components/InstructorDashboard.stories.jsx[2m > [22m[2mMulti Section Mobile
[22m[39m[Mock Data] Total grades in store: 27
[90mstdout[2m | src/components/InstructorDashboard.stories.jsx[2m > [22m[2mMulti Section Mobile
[22m[39m[Mock Data] Seeded grade: grade-28 for unit: unit-5
[90mstdout[2m | src/components/InstructorDashboard.stories.jsx[2m > [22m[2mMulti Section Mobile
[22m[39m[Mock Data] Grade has data: false
[90mstdout[2m | src/components/InstructorDashboard.stories.jsx[2m > [22m[2mMulti Section Mobile
[22m[39m[Mock Data] Total grades in store: 28
[90mstdout[2m | src/components/InstructorDashboard.stories.jsx[2m > [22m[2mMulti Section Mobile
[22m[39m[Mock Data] Seeded grade: grade-29 for unit: unit-4
[90mstdout[2m | src/components/InstructorDashboard.stories.jsx[2m > [22m[2mMulti Section Mobile
[22m[39m[Mock Data] Grade has data: false
[90mstdout[2m | src/components/InstructorDashboard.stories.jsx[2m > [22m[2mMulti Section Mobile
[22m[39m[Mock Data] Total grades in store: 29
[90mstdout[2m | src/components/InstructorDashboard.stories.jsx[2m > [22m[2mMulti Section Mobile
[22m[39m[Mock Data] Seeded grade: grade-30 for unit: unit-5
[90mstdout[2m | src/components/InstructorDashboard.stories.jsx[2m > [22m[2mMulti Section Mobile
[22m[39m[Mock Data] Grade has data: false
[90mstdout[2m | src/components/InstructorDashboard.stories.jsx[2m > [22m[2mMulti Section Mobile
[22m[39m[Mock Data] Total grades in store: 30
[90mstdout[2m | src/components/InstructorDashboard.stories.jsx[2m > [22m[2mMulti Section Mobile
[22m[39m[Mock Data] Seeded grade: grade-31 for unit: unit-2
[90mstdout[2m | src/components/InstructorDashboard.stories.jsx[2m > [22m[2mMulti Section Mobile
[22m[39m[Mock Data] Grade has data: false
[90mstdout[2m | src/components/InstructorDashboard.stories.jsx[2m > [22m[2mMulti Section Mobile
[22m[39m[Mock Data] Total grades in store: 31
[90mstdout[2m | src/components/InstructorDashboard.stories.jsx[2m > [22m[2mMulti Section Mobile
[22m[39m[TranslationModeController] Setting mode to: off
[90mstdout[2m | src/components/InstructorDashboard.stories.jsx[2m > [22m[2mMulti Section Mobile
[22m[39m[UnitContext] useEffect triggered {
  "authLoading": false,
  "hasUser": true,
  "id": "mock-unit-id",
  "userSub": "mock-user-sub",
}
[90mstdout[2m | src/components/InstructorDashboard.stories.jsx[2m > [22m[2mMulti Section Mobile
[22m[39m[UnitContext] Fetching unit data for id: mock-unit-id
[90mstdout[2m | src/components/InstructorDashboard.stories.jsx[2m > [22m[2mMulti Section Mobile
[22m[39m[FilesContext] Initializing vector store from IndexedDB
[90mstdout[2m | src/components/InstructorDashboard.stories.jsx[2m > [22m[2mMulti Section Mobile
[22m[39m[FilesContext] fetchFiles called
[90mstdout[2m | src/components/InstructorDashboard.stories.jsx[2m > [22m[2mMulti Section Mobile
[22m[39m[FilesContext] User authenticated: mock-user-sub
[90mstdout[2m | src/components/InstructorDashboard.stories.jsx[2m > [22m[2mMulti Section Mobile
[22m[39m[FilesContext] Identity ID: us-east-1:mock-identity-123
[90mstdout[2m | src/components/InstructorDashboard.stories.jsx[2m > [22m[2mMulti Section Mobile
[22m[39m[FilesContext] About to set up File observeQuery
[90mstdout[2m | src/components/InstructorDashboard.stories.jsx[2m > [22m[2mMulti Section Mobile
[22m[39m[ChatContext] Setting up AssistantChat observeQuery
[90mstdout[2m | src/components/InstructorDashboard.stories.jsx[2m > [22m[2mMulti Section Mobile
[22m[39m[ChatContext] Waiting for subscription to initialize
[90mstdout[2m | src/components/InstructorDashboard.stories.jsx[2m > [22m[2mMulti Section Mobile
[22m[39m[SettingsContext] Setting up Settings subscription for user: mock-user-sub
[90mstdout[2m | src/components/InstructorDashboard.stories.jsx[2m > [22m[2mMulti Section Mobile
[22m[39m[Mock Data] Settings created: mock-settings-1790418591474 - notified 0 subscribers
[90mstdout[2m | src/components/InstructorDashboard.stories.jsx[2m > [22m[2mMulti Section Mobile
[22m[39m[Mock Data] Unit.onUpdate() subscription added. Total: 1
[90mstdout[2m | src/components/InstructorDashboard.stories.jsx[2m > [22m[2mMulti Section Mobile
[22m[39m[SectionContext] Section observeQuery update: 0
[90mstdout[2m | src/components/InstructorDashboard.stories.jsx[2m > [22m[2mMulti Section Mobile
[22m[39m[FilesContext] File observeQuery update: 6 files
[90mstdout[2m | src/components/InstructorDashboard.stories.jsx[2m > [22m[2mMulti Section Mobile
[22m[39m[ChatContext] AssistantChat initialized with 1 chats
[90mstdout[2m | src/components/InstructorDashboard.stories.jsx[2m > [22m[2mMulti Section Mobile
[22m[39m[ChatContext] Setting initial chat: chat-flagged-1
[90mstdout[2m | src/components/InstructorDashboard.stories.jsx[2m > [22m[2mMulti Section Mobile
[22m[39m[MOCK CourseVectorStore] Initialized with mock data
[90mstdout[2m | src/components/InstructorDashboard.stories.jsx[2m > [22m[2mMulti Section Mobile
[22m[39m[FilesContext] Vector store population triggered {
  "currentVectorStoreSize": 3,
  "documentsCount": 0,
  "filesCount": 6,
  "isInitialLoad": true,
}
[90mstdout[2m | src/components/InstructorDashboard.stories.jsx[2m > [22m[2mMulti Section Mobile
[22m[39m[FilesContext] Vector store population complete - 3 total embeddings
[90mstdout[2m | src/components/InstructorDashboard.stories.jsx[2m > [22m[2mMulti Section Mobile
[22m[39m[ChatContext] Chat exists and not archived, skipping creation
[90mstdout[2m | src/components/InstructorDashboard.stories.jsx[2m > [22m[2mMulti Section Mobile
[22m[39m[Mock Storage] downloadData called with: undefined
[90mstdout[2m | src/components/InstructorDashboard.stories.jsx[2m > [22m[2mSingle Section Mobile
[22m[39m[ChatContext] Cleaning up subscriptions
[90mstdout[2m | src/components/InstructorDashboard.stories.jsx[2m > [22m[2mSingle Section Mobile
[22m[39m[Mock Data] Unit.onUpdate() subscription removed. Remaining: 0
[90mstdout[2m | src/components/InstructorDashboard.stories.jsx[2m > [22m[2mSingle Section Mobile
[22m[39m[MOCK CourseVectorStore] Initialized with mock data
[90mstdout[2m | src/components/InstructorDashboard.stories.jsx[2m > [22m[2mSingle Section Mobile
[22m[39m[Mock Data] seedMockUnit: Adding unit unit-1
[90mstdout[2m | src/components/InstructorDashboard.stories.jsx[2m > [22m[2mSingle Section Mobile
[22m[39m[Mock Data] seedMockUnit: Adding unit unit-2
[90mstdout[2m | src/components/InstructorDashboard.stories.jsx[2m > [22m[2mSingle Section Mobile
[22m[39m[Mock Data] seedMockUnit: Adding unit unit-3
[90mstdout[2m | src/components/InstructorDashboard.stories.jsx[2m > [22m[2mSingle Section Mobile
[22m[39m[Mock Data] seedMockUnit: Adding unit unit-4
[90mstdout[2m | src/components/InstructorDashboard.stories.jsx[2m > [22m[2mSingle Section Mobile
[22m[39m[Mock Data] seedMockUnit: Adding unit unit-5
[90mstdout[2m | src/components/InstructorDashboard.stories.jsx[2m > [22m[2mSingle Section Mobile
[22m[39m[Mock Data] seedMockAssignments: Adding 7 assignments
[90mstdout[2m | src/components/InstructorDashboard.stories.jsx[2m > [22m[2mSingle Section Mobile
[22m[39m[Mock Data] Total assignments in store: 7
[90mstdout[2m | src/components/InstructorDashboard.stories.jsx[2m > [22m[2mSingle Section Mobile
[22m[39m[Mock Data] Seeded grade: grade-1 for unit: unit-1
[90mstdout[2m | src/components/InstructorDashboard.stories.jsx[2m > [22m[2mSingle Section Mobile
[22m[39m[Mock Data] Grade has data: false
[90mstdout[2m | src/components/InstructorDashboard.stories.jsx[2m > [22m[2mSingle Section Mobile
[22m[39m[Mock Data] Total grades in store: 1
[90mstdout[2m | src/components/InstructorDashboard.stories.jsx[2m > [22m[2mSingle Section Mobile
[22m[39m[Mock Data] Seeded grade: grade-2 for unit: unit-2
[90mstdout[2m | src/components/InstructorDashboard.stories.jsx[2m > [22m[2mSingle Section Mobile
[22m[39m[Mock Data] Grade has data: false
[90mstdout[2m | src/components/InstructorDashboard.stories.jsx[2m > [22m[2mSingle Section Mobile
[22m[39m[Mock Data] Total grades in store: 2
[90mstdout[2m | src/components/InstructorDashboard.stories.jsx[2m > [22m[2mSingle Section Mobile
[22m[39m[Mock Data] Seeded grade: grade-3 for unit: unit-3
[90mstdout[2m | src/components/InstructorDashboard.stories.jsx[2m > [22m[2mSingle Section Mobile
[22m[39m[Mock Data] Grade has data: false
[90mstdout[2m | src/components/InstructorDashboard.stories.jsx[2m > [22m[2mSingle Section Mobile
[22m[39m[Mock Data] Total grades in store: 3
[90mstdout[2m | src/components/InstructorDashboard.stories.jsx[2m > [22m[2mSingle Section Mobile
[22m[39m[Mock Data] Seeded grade: grade-4 for unit: unit-1
[90mstdout[2m | src/components/InstructorDashboard.stories.jsx[2m > [22m[2mSingle Section Mobile
[22m[39m[Mock Data] Grade has data: false
[90mstdout[2m | src/components/InstructorDashboard.stories.jsx[2m > [22m[2mSingle Section Mobile
[22m[39m[Mock Data] Total grades in store: 4
[90mstdout[2m | src/components/InstructorDashboard.stories.jsx[2m > [22m[2mSingle Section Mobile
[22m[39m[Mock Data] Seeded grade: grade-5 for unit: unit-2
[90mstdout[2m | src/components/InstructorDashboard.stories.jsx[2m > [22m[2mSingle Section Mobile
[22m[39m[Mock Data] Grade has data: false
[90mstdout[2m | src/components/InstructorDashboard.stories.jsx[2m > [22m[2mSingle Section Mobile
[22m[39m[Mock Data] Total grades in store: 5
[90mstdout[2m | src/components/InstructorDashboard.stories.jsx[2m > [22m[2mSingle Section Mobile
[22m[39m[Mock Data] Seeded grade: grade-6 for unit: unit-3
[90mstdout[2m | src/components/InstructorDashboard.stories.jsx[2m > [22m[2mSingle Section Mobile
[22m[39m[Mock Data] Grade has data: false
[90mstdout[2m | src/components/InstructorDashboard.stories.jsx[2m > [22m[2mSingle Section Mobile
[22m[39m[Mock Data] Total grades in store: 6
[90mstdout[2m | src/components/InstructorDashboard.stories.jsx[2m > [22m[2mSingle Section Mobile
[22m[39m[Mock Data] Seeded grade: grade-7 for unit: unit-1
[90mstdout[2m | src/components/InstructorDashboard.stories.jsx[2m > [22m[2mSingle Section Mobile
[22m[39m[Mock Data] Grade has data: false
[90mstdout[2m | src/components/InstructorDashboard.stories.jsx[2m > [22m[2mSingle Section Mobile
[22m[39m[Mock Data] Total grades in store: 7
[90mstdout[2m | src/components/InstructorDashboard.stories.jsx[2m > [22m[2mSingle Section Mobile
[22m[39m[Mock Data] Seeded grade: grade-8 for unit: unit-2
[90mstdout[2m | src/components/InstructorDashboard.stories.jsx[2m > [22m[2mSingle Section Mobile
[22m[39m[Mock Data] Grade has data: false
[90mstdout[2m | src/components/InstructorDashboard.stories.jsx[2m > [22m[2mSingle Section Mobile
[22m[39m[Mock Data] Total grades in store: 8
[90mstdout[2m | src/components/InstructorDashboard.stories.jsx[2m > [22m[2mSingle Section Mobile
[22m[39m[Mock Data] Seeded grade: grade-9 for unit: unit-3
[90mstdout[2m | src/components/InstructorDashboard.stories.jsx[2m > [22m[2mSingle Section Mobile
[22m[39m[Mock Data] Grade has data: false
[90mstdout[2m | src/components/InstructorDashboard.stories.jsx[2m > [22m[2mSingle Section Mobile
[22m[39m[Mock Data] Total grades in store: 9
[90mstdout[2m | src/components/InstructorDashboard.stories.jsx[2m > [22m[2mSingle Section Mobile
[22m[39m[Mock Data] Seeded grade: grade-10 for unit: unit-1
[90mstdout[2m | src/components/InstructorDashboard.stories.jsx[2m > [22m[2mSingle Section Mobile
[22m[39m[Mock Data] Grade has data: false
[90mstdout[2m | src/components/InstructorDashboard.stories.jsx[2m > [22m[2mSingle Section Mobile
[22m[39m[Mock Data] Total grades in store: 10
[90mstdout[2m | src/components/InstructorDashboard.stories.jsx[2m > [22m[2mSingle Section Mobile
[22m[39m[Mock Data] Seeded grade: grade-11 for unit: unit-2
[90mstdout[2m | src/components/InstructorDashboard.stories.jsx[2m > [22m[2mSingle Section Mobile
[22m[39m[Mock Data] Grade has data: false
[90mstdout[2m | src/components/InstructorDashboard.stories.jsx[2m > [22m[2mSingle Section Mobile
[22m[39m[Mock Data] Total grades in store: 11
[90mstdout[2m | src/components/InstructorDashboard.stories.jsx[2m > [22m[2mSingle Section Mobile
[22m[39m[Mock Data] Seeded grade: grade-12 for unit: unit-3
[90mstdout[2m | src/components/InstructorDashboard.stories.jsx[2m > [22m[2mSingle Section Mobile
[22m[39m[Mock Data] Grade has data: false
[90mstdout[2m | src/components/InstructorDashboard.stories.jsx[2m > [22m[2mSingle Section Mobile
[22m[39m[Mock Data] Total grades in store: 12
[90mstdout[2m | src/components/InstructorDashboard.stories.jsx[2m > [22m[2mSingle Section Mobile
[22m[39m[Mock Data] Seeded grade: grade-13 for unit: unit-1
[90mstdout[2m | src/components/InstructorDashboard.stories.jsx[2m > [22m[2mSingle Section Mobile
[22m[39m[Mock Data] Grade has data: false
[90mstdout[2m | src/components/InstructorDashboard.stories.jsx[2m > [22m[2mSingle Section Mobile
[22m[39m[Mock Data] Total grades in store: 13
[90mstdout[2m | src/components/InstructorDashboard.stories.jsx[2m > [22m[2mSingle Section Mobile
[22m[39m[Mock Data] Seeded grade: grade-14 for unit: unit-2
[90mstdout[2m | src/components/InstructorDashboard.stories.jsx[2m > [22m[2mSingle Section Mobile
[22m[39m[Mock Data] Grade has data: false
[90mstdout[2m | src/components/InstructorDashboard.stories.jsx[2m > [22m[2mSingle Section Mobile
[22m[39m[Mock Data] Total grades in store: 14
[90mstdout[2m | src/components/InstructorDashboard.stories.jsx[2m > [22m[2mSingle Section Mobile
[22m[39m[Mock Data] Seeded grade: grade-15 for unit: unit-3
[90mstdout[2m | src/components/InstructorDashboard.stories.jsx[2m > [22m[2mSingle Section Mobile
[22m[39m[Mock Data] Grade has data: false
[90mstdout[2m | src/components/InstructorDashboard.stories.jsx[2m > [22m[2mSingle Section Mobile
[22m[39m[Mock Data] Total grades in store: 15
[90mstdout[2m | src/components/InstructorDashboard.stories.jsx[2m > [22m[2mSingle Section Mobile
[22m[39m[Mock Data] Seeded grade: grade-16 for unit: unit-1
[90mstdout[2m | src/components/InstructorDashboard.stories.jsx[2m > [22m[2mSingle Section Mobile
[22m[39m[Mock Data] Grade has data: false
[90mstdout[2m | src/components/InstructorDashboard.stories.jsx[2m > [22m[2mSingle Section Mobile
[22m[39m[Mock Data] Total grades in store: 16
[90mstdout[2m | src/components/InstructorDashboard.stories.jsx[2m > [22m[2mSingle Section Mobile
[22m[39m[Mock Data] Seeded grade: grade-17 for unit: unit-2
[90mstdout[2m | src/components/InstructorDashboard.stories.jsx[2m > [22m[2mSingle Section Mobile
[22m[39m[Mock Data] Grade has data: false
[90mstdout[2m | src/components/InstructorDashboard.stories.jsx[2m > [22m[2mSingle Section Mobile
[22m[39m[Mock Data] Total grades in store: 17
[90mstdout[2m | src/components/InstructorDashboard.stories.jsx[2m > [22m[2mSingle Section Mobile
[22m[39m[Mock Data] Seeded grade: grade-18 for unit: unit-1
[90mstdout[2m | src/components/InstructorDashboard.stories.jsx[2m > [22m[2mSingle Section Mobile
[22m[39m[Mock Data] Grade has data: false
[90mstdout[2m | src/components/InstructorDashboard.stories.jsx[2m > [22m[2mSingle Section Mobile
[22m[39m[Mock Data] Total grades in store: 18
[90mstdout[2m | src/components/InstructorDashboard.stories.jsx[2m > [22m[2mSingle Section Mobile
[22m[39m[Mock Data] Seeded grade: grade-19 for unit: unit-2
[90mstdout[2m | src/components/InstructorDashboard.stories.jsx[2m > [22m[2mSingle Section Mobile
[22m[39m[Mock Data] Grade has data: false
[90mstdout[2m | src/components/InstructorDashboard.stories.jsx[2m > [22m[2mSingle Section Mobile
[22m[39m[Mock Data] Total grades in store: 19
[90mstdout[2m | src/components/InstructorDashboard.stories.jsx[2m > [22m[2mSingle Section Mobile
[22m[39m[Mock Data] Seeded grade: grade-20 for unit: unit-2
[90mstdout[2m | src/components/InstructorDashboard.stories.jsx[2m > [22m[2mSingle Section Mobile
[22m[39m[Mock Data] Grade has data: false
[90mstdout[2m | src/components/InstructorDashboard.stories.jsx[2m > [22m[2mSingle Section Mobile
[22m[39m[Mock Data] Total grades in store: 20
[90mstdout[2m | src/components/InstructorDashboard.stories.jsx[2m > [22m[2mSingle Section Mobile
[22m[39m[Mock Data] Seeded grade: grade-21 for unit: unit-1
[90mstdout[2m | src/components/InstructorDashboard.stories.jsx[2m > [22m[2mSingle Section Mobile
[22m[39m[Mock Data] Grade has data: false
[90mstdout[2m | src/components/InstructorDashboard.stories.jsx[2m > [22m[2mSingle Section Mobile
[22m[39m[Mock Data] Total grades in store: 21
[90mstdout[2m | src/components/InstructorDashboard.stories.jsx[2m > [22m[2mSingle Section Mobile
[22m[39m[Mock Data] Seeded grade: grade-22 for unit: unit-2
[90mstdout[2m | src/components/InstructorDashboard.stories.jsx[2m > [22m[2mSingle Section Mobile
[22m[39m[Mock Data] Grade has data: false
[90mstdout[2m | src/components/InstructorDashboard.stories.jsx[2m > [22m[2mSingle Section Mobile
[22m[39m[Mock Data] Total grades in store: 22
[90mstdout[2m | src/components/InstructorDashboard.stories.jsx[2m > [22m[2mSingle Section Mobile
[22m[39m[Mock Data] Seeded grade: grade-23 for unit: unit-4
[90mstdout[2m | src/components/InstructorDashboard.stories.jsx[2m > [22m[2mSingle Section Mobile
[22m[39m[Mock Data] Grade has data: false
[90mstdout[2m | src/components/InstructorDashboard.stories.jsx[2m > [22m[2mSingle Section Mobile
[22m[39m[Mock Data] Total grades in store: 23
[90mstdout[2m | src/components/InstructorDashboard.stories.jsx[2m > [22m[2mSingle Section Mobile
[22m[39m[Mock Data] Seeded grade: grade-24 for unit: unit-5
[90mstdout[2m | src/components/InstructorDashboard.stories.jsx[2m > [22m[2mSingle Section Mobile
[22m[39m[Mock Data] Grade has data: false
[90mstdout[2m | src/components/InstructorDashboard.stories.jsx[2m > [22m[2mSingle Section Mobile
[22m[39m[Mock Data] Total grades in store: 24
[90mstdout[2m | src/components/InstructorDashboard.stories.jsx[2m > [22m[2mSingle Section Mobile
[22m[39m[Mock Data] Seeded grade: grade-25 for unit: unit-4
[90mstdout[2m | src/components/InstructorDashboard.stories.jsx[2m > [22m[2mSingle Section Mobile
[22m[39m[Mock Data] Grade has data: false
[90mstdout[2m | src/components/InstructorDashboard.stories.jsx[2m > [22m[2mSingle Section Mobile
[22m[39m[Mock Data] Total grades in store: 25
[90mstdout[2m | src/components/InstructorDashboard.stories.jsx[2m > [22m[2mSingle Section Mobile
[22m[39m[Mock Data] Seeded grade: grade-26 for unit: unit-5
[90mstdout[2m | src/components/InstructorDashboard.stories.jsx[2m > [22m[2mSingle Section Mobile
[22m[39m[Mock Data] Grade has data: false
[90mstdout[2m | src/components/InstructorDashboard.stories.jsx[2m > [22m[2mSingle Section Mobile
[22m[39m[Mock Data] Total grades in store: 26
[90mstdout[2m | src/components/InstructorDashboard.stories.jsx[2m > [22m[2mSingle Section Mobile
[22m[39m[Mock Data] Seeded grade: grade-27 for unit: unit-4
[90mstdout[2m | src/components/InstructorDashboard.stories.jsx[2m > [22m[2mSingle Section Mobile
[22m[39m[Mock Data] Grade has data: false
[90mstdout[2m | src/components/InstructorDashboard.stories.jsx[2m > [22m[2mSingle Section Mobile
[22m[39m[Mock Data] Total grades in store: 27
[90mstdout[2m | src/components/InstructorDashboard.stories.jsx[2m > [22m[2mSingle Section Mobile
[22m[39m[Mock Data] Seeded grade: grade-28 for unit: unit-5
[90mstdout[2m | src/components/InstructorDashboard.stories.jsx[2m > [22m[2mSingle Section Mobile
[22m[39m[Mock Data] Grade has data: false
[90mstdout[2m | src/components/InstructorDashboard.stories.jsx[2m > [22m[2mSingle Section Mobile
[22m[39m[Mock Data] Total grades in store: 28
[90mstdout[2m | src/components/InstructorDashboard.stories.jsx[2m > [22m[2mSingle Section Mobile
[22m[39m[Mock Data] Seeded grade: grade-29 for unit: unit-4
[90mstdout[2m | src/components/InstructorDashboard.stories.jsx[2m > [22m[2mSingle Section Mobile
[22m[39m[Mock Data] Grade has data: false
[90mstdout[2m | src/components/InstructorDashboard.stories.jsx[2m > [22m[2mSingle Section Mobile
[22m[39m[Mock Data] Total grades in store: 29
[90mstdout[2m | src/components/InstructorDashboard.stories.jsx[2m > [22m[2mSingle Section Mobile
[22m[39m[Mock Data] Seeded grade: grade-30 for unit: unit-5
[90mstdout[2m | src/components/InstructorDashboard.stories.jsx[2m > [22m[2mSingle Section Mobile
[22m[39m[Mock Data] Grade has data: false
[90mstdout[2m | src/components/InstructorDashboard.stories.jsx[2m > [22m[2mSingle Section Mobile
[22m[39m[Mock Data] Total grades in store: 30
[90mstdout[2m | src/components/InstructorDashboard.stories.jsx[2m > [22m[2mSingle Section Mobile
[22m[39m[Mock Data] Seeded grade: grade-31 for unit: unit-2
[90mstdout[2m | src/components/InstructorDashboard.stories.jsx[2m > [22m[2mSingle Section Mobile
[22m[39m[Mock Data] Grade has data: false
[90mstdout[2m | src/components/InstructorDashboard.stories.jsx[2m > [22m[2mSingle Section Mobile
[22m[39m[Mock Data] Total grades in store: 31
[90mstdout[2m | src/components/InstructorDashboard.stories.jsx[2m > [22m[2mSingle Section Mobile
[22m[39m[TranslationModeController] Setting mode to: off
[90mstdout[2m | src/components/InstructorDashboard.stories.jsx[2m > [22m[2mSingle Section Mobile
[22m[39m[UnitContext] useEffect triggered {
  "authLoading": false,
  "hasUser": true,
  "id": "mock-unit-id",
  "userSub": "mock-user-sub",
}
[90mstdout[2m | src/components/InstructorDashboard.stories.jsx[2m > [22m[2mSingle Section Mobile
[22m[39m[UnitContext] Fetching unit data for id: mock-unit-id
[90mstdout[2m | src/components/InstructorDashboard.stories.jsx[2m > [22m[2mSingle Section Mobile
[22m[39m[FilesContext] Initializing vector store from IndexedDB
[90mstdout[2m | src/components/InstructorDashboard.stories.jsx[2m > [22m[2mSingle Section Mobile
[22m[39m[FilesContext] fetchFiles called
[90mstdout[2m | src/components/InstructorDashboard.stories.jsx[2m > [22m[2mSingle Section Mobile
[22m[39m[FilesContext] User authenticated: mock-user-sub
[90mstdout[2m | src/components/InstructorDashboard.stories.jsx[2m > [22m[2mSingle Section Mobile
[22m[39m[FilesContext] Identity ID: us-east-1:mock-identity-123
[90mstdout[2m | src/components/InstructorDashboard.stories.jsx[2m > [22m[2mSingle Section Mobile
[22m[39m[FilesContext] About to set up File observeQuery
[90mstdout[2m | src/components/InstructorDashboard.stories.jsx[2m > [22m[2mSingle Section Mobile
[22m[39m[ChatContext] Setting up AssistantChat observeQuery
[90mstdout[2m | src/components/InstructorDashboard.stories.jsx[2m > [22m[2mSingle Section Mobile
[22m[39m[ChatContext] Waiting for subscription to initialize
[90mstdout[2m | src/components/InstructorDashboard.stories.jsx[2m > [22m[2mSingle Section Mobile
[22m[39m[SettingsContext] Setting up Settings subscription for user: mock-user-sub
[90mstdout[2m | src/components/InstructorDashboard.stories.jsx[2m > [22m[2mSingle Section Mobile
[22m[39m[Mock Data] Settings created: mock-settings-1790418592399 - notified 0 subscribers
[90mstdout[2m | src/components/InstructorDashboard.stories.jsx[2m > [22m[2mSingle Section Mobile
[22m[39m[Mock Data] Unit.onUpdate() subscription added. Total: 1
[90mstdout[2m | src/components/InstructorDashboard.stories.jsx[2m > [22m[2mSingle Section Mobile
[22m[39m[SectionContext] Section observeQuery update: 0
[90mstdout[2m | src/components/InstructorDashboard.stories.jsx[2m > [22m[2mSingle Section Mobile
[22m[39m[FilesContext] File observeQuery update: 6 files
[90mstdout[2m | src/components/InstructorDashboard.stories.jsx[2m > [22m[2mSingle Section Mobile
[22m[39m[ChatContext] AssistantChat initialized with 1 chats
[90mstdout[2m | src/components/InstructorDashboard.stories.jsx[2m > [22m[2mSingle Section Mobile
[22m[39m[ChatContext] Setting initial chat: chat-flagged-1
[90mstdout[2m | src/components/InstructorDashboard.stories.jsx[2m > [22m[2mSingle Section Mobile
[22m[39m[MOCK CourseVectorStore] Initialized with mock data
[90mstdout[2m | src/components/InstructorDashboard.stories.jsx[2m > [22m[2mSingle Section Mobile
[22m[39m[FilesContext] Vector store population triggered {
  "currentVectorStoreSize": 3,
  "documentsCount": 0,
  "filesCount": 6,
  "isInitialLoad": true,
}
[90mstdout[2m | src/components/InstructorDashboard.stories.jsx[2m > [22m[2mSingle Section Mobile
[22m[39m[FilesContext] Vector store population complete - 3 total embeddings
[90mstdout[2m | src/components/InstructorDashboard.stories.jsx[2m > [22m[2mSingle Section Mobile
[22m[39m[ChatContext] Chat exists and not archived, skipping creation
[90mstdout[2m | src/components/InstructorDashboard.stories.jsx[2m > [22m[2mSingle Section Mobile
[22m[39m[Mock Storage] downloadData called with: undefined
 [32m✓[39m [30m[45m storybook (chromium) [49m[39m src/components/InstructorDashboard.stories.jsx [2m([22m[2m10 tests[22m[2m)[22m[33m 7002[2mms[22m[39m
   [33m[2m✓[22m[39m With Sections [33m 1066[2mms[22m[39m
   [33m[2m✓[22m[39m Single Section [33m 540[2mms[22m[39m
   [33m[2m✓[22m[39m No Grade Data [33m 633[2mms[22m[39m
   [33m[2m✓[22m[39m Loading [33m 421[2mms[22m[39m
   [33m[2m✓[22m[39m Mobile Viewport [33m 954[2mms[22m[39m
   [33m[2m✓[22m[39m Tablet Viewport [33m 953[2mms[22m[39m
   [33m[2m✓[22m[39m Desktop Viewport [33m 921[2mms[22m[39m
   [33m[2m✓[22m[39m Multi Section Mobile [33m 942[2mms[22m[39m
   [33m[2m✓[22m[39m Single Section Mobile [33m 495[2mms[22m[39m
[90mstdout[2m | unknown test
[22m[39m[MOCK vectorStoreDB.js] Module loaded - mock IndexedDB operations
[90mstdout[2m | unknown test
[22m[39m[Task Completion] DOM action listeners initialized
[90mstdout[2m | unknown test
[22m[39m[Task Completion] Auto-completion detector initialized
[90mstdout[2m | unknown test
[22m[39m[Preview] Task completion detector initialized
[90mstdout[2m | src/components/GlobalSearchBar.stories.tsx[2m > [22m[2mDefault
[22m[39m[MOCK CourseVectorStore] Initialized with mock data
[90mstdout[2m | src/components/GlobalSearchBar.stories.tsx[2m > [22m[2mDefault
[22m[39m[TranslationModeController] Setting mode to: off
[90mstdout[2m | src/components/GlobalSearchBar.stories.tsx[2m > [22m[2mDefault
[22m[39m[UnitContext] useEffect triggered {
  "authLoading": false,
  "hasUser": true,
  "id": "mock-unit-id",
  "userSub": "mock-user-sub",
}
[90mstdout[2m | src/components/GlobalSearchBar.stories.tsx[2m > [22m[2mDefault
[22m[39m[UnitContext] Fetching unit data for id: mock-unit-id
[90mstdout[2m | src/components/GlobalSearchBar.stories.tsx[2m > [22m[2mDefault
[22m[39m[FilesContext] Initializing vector store from IndexedDB
[90mstdout[2m | src/components/GlobalSearchBar.stories.tsx[2m > [22m[2mDefault
[22m[39m[FilesContext] fetchFiles called
[90mstdout[2m | src/components/GlobalSearchBar.stories.tsx[2m > [22m[2mDefault
[22m[39m[FilesContext] User authenticated: mock-user-sub
[90mstdout[2m | src/components/GlobalSearchBar.stories.tsx[2m > [22m[2mDefault
[22m[39m[FilesContext] Identity ID: us-east-1:mock-identity-123
[90mstdout[2m | src/components/GlobalSearchBar.stories.tsx[2m > [22m[2mDefault
[22m[39m[FilesContext] About to set up File observeQuery
[90mstdout[2m | src/components/GlobalSearchBar.stories.tsx[2m > [22m[2mDefault
[22m[39m[ChatContext] Setting up AssistantChat observeQuery
[90mstdout[2m | src/components/GlobalSearchBar.stories.tsx[2m > [22m[2mDefault
[22m[39m[ChatContext] Waiting for subscription to initialize
[90mstdout[2m | src/components/GlobalSearchBar.stories.tsx[2m > [22m[2mDefault
[22m[39m[SettingsContext] Setting up Settings subscription for user: mock-user-sub
[90mstdout[2m | src/components/GlobalSearchBar.stories.tsx[2m > [22m[2mDefault
[22m[39m[Mock Data] Settings created: mock-settings-1790418593453 - notified 0 subscribers
[90mstdout[2m | src/components/GlobalSearchBar.stories.tsx[2m > [22m[2mDefault
[22m[39m[Mock Data] Unit.onUpdate() subscription added. Total: 1
[90mstdout[2m | src/components/GlobalSearchBar.stories.tsx[2m > [22m[2mDefault
[22m[39m[SectionContext] Section observeQuery update: 0
[90mstdout[2m | src/components/GlobalSearchBar.stories.tsx[2m > [22m[2mDefault
[22m[39m[FilesContext] File observeQuery update: 6 files
[90mstdout[2m | src/components/GlobalSearchBar.stories.tsx[2m > [22m[2mDefault
[22m[39m[MOCK CourseVectorStore] Initialized with mock data
[90mstdout[2m | src/components/GlobalSearchBar.stories.tsx[2m > [22m[2mDefault
[22m[39m[FilesContext] Vector store population triggered {
  "currentVectorStoreSize": 3,
  "documentsCount": 0,
  "filesCount": 6,
  "isInitialLoad": true,
}
[90mstdout[2m | src/components/GlobalSearchBar.stories.tsx[2m > [22m[2mDefault
[22m[39m[FilesContext] Vector store population complete - 3 total embeddings
[90mstdout[2m | src/components/GlobalSearchBar.stories.tsx[2m > [22m[2mDefault
[22m[39m[ChatContext] AssistantChat initialized with 1 chats
[90mstdout[2m | src/components/GlobalSearchBar.stories.tsx[2m > [22m[2mDefault
[22m[39m[ChatContext] Setting initial chat: mock-assistant-chat-1
[90mstdout[2m | src/components/GlobalSearchBar.stories.tsx[2m > [22m[2mDefault
[22m[39m[Mock Storage] downloadData called with: undefined
[90mstdout[2m | src/components/GlobalSearchBar.stories.tsx[2m > [22m[2mDefault
[22m[39m[ChatContext] Chat exists and not archived, skipping creation
[90mstdout[2m | src/components/GlobalSearchBar.stories.tsx[2m > [22m[2mWith Results
[22m[39m[ChatContext] Cleaning up subscriptions
[90mstdout[2m | src/components/GlobalSearchBar.stories.tsx[2m > [22m[2mWith Results
[22m[39m[Mock Data] Unit.onUpdate() subscription removed. Remaining: 0
[90mstdout[2m | src/components/GlobalSearchBar.stories.tsx[2m > [22m[2mWith Results
[22m[39m[MOCK CourseVectorStore] Initialized with mock data
[90mstdout[2m | src/components/GlobalSearchBar.stories.tsx[2m > [22m[2mWith Results
[22m[39m[TranslationModeController] Setting mode to: off
[90mstdout[2m | src/components/GlobalSearchBar.stories.tsx[2m > [22m[2mWith Results
[22m[39m[UnitContext] useEffect triggered {
  "authLoading": false,
  "hasUser": true,
  "id": "mock-unit-id",
  "userSub": "mock-user-sub",
}
[90mstdout[2m | src/components/GlobalSearchBar.stories.tsx[2m > [22m[2mWith Results
[22m[39m[UnitContext] Fetching unit data for id: mock-unit-id
[90mstdout[2m | src/components/GlobalSearchBar.stories.tsx[2m > [22m[2mWith Results
[22m[39m[FilesContext] Initializing vector store from IndexedDB
[90mstdout[2m | src/components/GlobalSearchBar.stories.tsx[2m > [22m[2mWith Results
[22m[39m[FilesContext] fetchFiles called
[90mstdout[2m | src/components/GlobalSearchBar.stories.tsx[2m > [22m[2mWith Results
[22m[39m[FilesContext] User authenticated: mock-user-sub
[90mstdout[2m | src/components/GlobalSearchBar.stories.tsx[2m > [22m[2mWith Results
[22m[39m[FilesContext] Identity ID: us-east-1:mock-identity-123
[90mstdout[2m | src/components/GlobalSearchBar.stories.tsx[2m > [22m[2mWith Results
[22m[39m[FilesContext] About to set up File observeQuery
[90mstdout[2m | src/components/GlobalSearchBar.stories.tsx[2m > [22m[2mWith Results
[22m[39m[ChatContext] Setting up AssistantChat observeQuery
[90mstdout[2m | src/components/GlobalSearchBar.stories.tsx[2m > [22m[2mWith Results
[22m[39m[ChatContext] Waiting for subscription to initialize
[90mstdout[2m | src/components/GlobalSearchBar.stories.tsx[2m > [22m[2mWith Results
[22m[39m[SettingsContext] Setting up Settings subscription for user: mock-user-sub
[90mstdout[2m | src/components/GlobalSearchBar.stories.tsx[2m > [22m[2mWith Results
[22m[39m[Mock Data] Settings created: mock-settings-1790418593873 - notified 0 subscribers
[90mstdout[2m | src/components/GlobalSearchBar.stories.tsx[2m > [22m[2mWith Results
[22m[39m[Mock Data] Unit.onUpdate() subscription added. Total: 1
[90mstdout[2m | src/components/GlobalSearchBar.stories.tsx[2m > [22m[2mWith Results
[22m[39m[SectionContext] Section observeQuery update: 0
[90mstdout[2m | src/components/GlobalSearchBar.stories.tsx[2m > [22m[2mWith Results
[22m[39m[FilesContext] File observeQuery update: 6 files
[90mstdout[2m | src/components/GlobalSearchBar.stories.tsx[2m > [22m[2mWith Results
[22m[39m[ChatContext] AssistantChat initialized with 1 chats
[90mstdout[2m | src/components/GlobalSearchBar.stories.tsx[2m > [22m[2mWith Results
[22m[39m[ChatContext] Setting initial chat: mock-assistant-chat-1
[90mstdout[2m | src/components/GlobalSearchBar.stories.tsx[2m > [22m[2mWith Results
[22m[39m[Mock Storage] downloadData called with: undefined
[90mstdout[2m | src/components/GlobalSearchBar.stories.tsx[2m > [22m[2mWith Results
[22m[39m[MOCK CourseVectorStore] Initialized with mock data
[90mstdout[2m | src/components/GlobalSearchBar.stories.tsx[2m > [22m[2mWith Results
[22m[39m[FilesContext] Vector store population triggered {
  "currentVectorStoreSize": 3,
  "documentsCount": 0,
  "filesCount": 6,
  "isInitialLoad": true,
}
[90mstdout[2m | src/components/GlobalSearchBar.stories.tsx[2m > [22m[2mWith Results
[22m[39m[FilesContext] Vector store population complete - 3 total embeddings
[90mstdout[2m | src/components/GlobalSearchBar.stories.tsx[2m > [22m[2mWith Results
[22m[39m[ChatContext] Chat exists and not archived, skipping creation
[90mstdout[2m | src/components/GlobalSearchBar.stories.tsx[2m > [22m[2mIn Toolbar
[22m[39m[ChatContext] Cleaning up subscriptions
[90mstdout[2m | src/components/GlobalSearchBar.stories.tsx[2m > [22m[2mIn Toolbar
[22m[39m[Mock Data] Unit.onUpdate() subscription removed. Remaining: 0
[90mstdout[2m | src/components/GlobalSearchBar.stories.tsx[2m > [22m[2mIn Toolbar
[22m[39m[MOCK CourseVectorStore] Initialized with mock data
[90mstdout[2m | src/components/GlobalSearchBar.stories.tsx[2m > [22m[2mIn Toolbar
[22m[39m[TranslationModeController] Setting mode to: off
[90mstdout[2m | src/components/GlobalSearchBar.stories.tsx[2m > [22m[2mIn Toolbar
[22m[39m[UnitContext] useEffect triggered {
  "authLoading": false,
  "hasUser": true,
  "id": "mock-unit-id",
  "userSub": "mock-user-sub",
}
[90mstdout[2m | src/components/GlobalSearchBar.stories.tsx[2m > [22m[2mIn Toolbar
[22m[39m[UnitContext] Fetching unit data for id: mock-unit-id
[90mstdout[2m | src/components/GlobalSearchBar.stories.tsx[2m > [22m[2mIn Toolbar
[22m[39m[FilesContext] Initializing vector store from IndexedDB
[90mstdout[2m | src/components/GlobalSearchBar.stories.tsx[2m > [22m[2mIn Toolbar
[22m[39m[FilesContext] fetchFiles called
[90mstdout[2m | src/components/GlobalSearchBar.stories.tsx[2m > [22m[2mIn Toolbar
[22m[39m[FilesContext] User authenticated: mock-user-sub
[90mstdout[2m | src/components/GlobalSearchBar.stories.tsx[2m > [22m[2mIn Toolbar
[22m[39m[FilesContext] Identity ID: us-east-1:mock-identity-123
[90mstdout[2m | src/components/GlobalSearchBar.stories.tsx[2m > [22m[2mIn Toolbar
[22m[39m[FilesContext] About to set up File observeQuery
[90mstdout[2m | src/components/GlobalSearchBar.stories.tsx[2m > [22m[2mIn Toolbar
[22m[39m[ChatContext] Setting up AssistantChat observeQuery
[90mstdout[2m | src/components/GlobalSearchBar.stories.tsx[2m > [22m[2mIn Toolbar
[22m[39m[ChatContext] Waiting for subscription to initialize
[90mstdout[2m | src/components/GlobalSearchBar.stories.tsx[2m > [22m[2mIn Toolbar
[22m[39m[SettingsContext] Setting up Settings subscription for user: mock-user-sub
[90mstdout[2m | src/components/GlobalSearchBar.stories.tsx[2m > [22m[2mIn Toolbar
[22m[39m[Mock Data] Settings created: mock-settings-1790418594270 - notified 0 subscribers
[90mstdout[2m | src/components/GlobalSearchBar.stories.tsx[2m > [22m[2mIn Toolbar
[22m[39m[Mock Data] Unit.onUpdate() subscription added. Total: 1
[90mstdout[2m | src/components/GlobalSearchBar.stories.tsx[2m > [22m[2mIn Toolbar
[22m[39m[SectionContext] Section observeQuery update: 0
[90mstdout[2m | src/components/GlobalSearchBar.stories.tsx[2m > [22m[2mIn Toolbar
[22m[39m[Mock Storage] downloadData called with: undefined
[90mstdout[2m | src/components/GlobalSearchBar.stories.tsx[2m > [22m[2mIn Toolbar
[22m[39m[FilesContext] File observeQuery update: 6 files
[90mstdout[2m | src/components/GlobalSearchBar.stories.tsx[2m > [22m[2mIn Toolbar
[22m[39m[ChatContext] AssistantChat initialized with 1 chats
[90mstdout[2m | src/components/GlobalSearchBar.stories.tsx[2m > [22m[2mIn Toolbar
[22m[39m[ChatContext] Setting initial chat: mock-assistant-chat-1
[90mstdout[2m | src/components/GlobalSearchBar.stories.tsx[2m > [22m[2mIn Toolbar
[22m[39m[MOCK CourseVectorStore] Initialized with mock data
[90mstdout[2m | src/components/GlobalSearchBar.stories.tsx[2m > [22m[2mIn Toolbar
[22m[39m[FilesContext] Vector store population triggered {
  "currentVectorStoreSize": 3,
  "documentsCount": 0,
  "filesCount": 6,
  "isInitialLoad": true,
}
[90mstdout[2m | src/components/GlobalSearchBar.stories.tsx[2m > [22m[2mIn Toolbar
[22m[39m[FilesContext] Vector store population complete - 3 total embeddings
[90mstdout[2m | src/components/GlobalSearchBar.stories.tsx[2m > [22m[2mIn Toolbar
[22m[39m[ChatContext] Chat exists and not archived, skipping creation
[90mstdout[2m | src/components/GlobalSearchBar.stories.tsx[2m > [22m[2mIn Toolbar
[22m[39mfilterWords {
  "filter": "",
  "wordsCount": 0,
}
[90mstdout[2m | src/components/GlobalSearchBar.stories.tsx[2m > [22m[2mLoading
[22m[39m[ChatContext] Cleaning up subscriptions
[90mstdout[2m | src/components/GlobalSearchBar.stories.tsx[2m > [22m[2mLoading
[22m[39m[Mock Data] Unit.onUpdate() subscription removed. Remaining: 0
[90mstdout[2m | src/components/GlobalSearchBar.stories.tsx[2m > [22m[2mLoading
[22m[39m[MOCK CourseVectorStore] Initialized with mock data
[90mstdout[2m | src/components/GlobalSearchBar.stories.tsx[2m > [22m[2mLoading
[22m[39m[TranslationModeController] Setting mode to: off
[90mstdout[2m | src/components/GlobalSearchBar.stories.tsx[2m > [22m[2mLoading
[22m[39m[UnitContext] useEffect triggered {
  "authLoading": false,
  "hasUser": true,
  "id": "mock-unit-id",
  "userSub": "mock-user-sub",
}
[90mstdout[2m | src/components/GlobalSearchBar.stories.tsx[2m > [22m[2mLoading
[22m[39m[UnitContext] Fetching unit data for id: mock-unit-id
[90mstdout[2m | src/components/GlobalSearchBar.stories.tsx[2m > [22m[2mLoading
[22m[39m[FilesContext] Initializing vector store from IndexedDB
[90mstdout[2m | src/components/GlobalSearchBar.stories.tsx[2m > [22m[2mLoading
[22m[39m[FilesContext] fetchFiles called
[90mstdout[2m | src/components/GlobalSearchBar.stories.tsx[2m > [22m[2mLoading
[22m[39m[FilesContext] User authenticated: mock-user-sub
[90mstdout[2m | src/components/GlobalSearchBar.stories.tsx[2m > [22m[2mLoading
[22m[39m[FilesContext] Identity ID: us-east-1:mock-identity-123
[90mstdout[2m | src/components/GlobalSearchBar.stories.tsx[2m > [22m[2mLoading
[22m[39m[FilesContext] About to set up File observeQuery
[90mstdout[2m | src/components/GlobalSearchBar.stories.tsx[2m > [22m[2mLoading
[22m[39m[ChatContext] Setting up AssistantChat observeQuery
[90mstdout[2m | src/components/GlobalSearchBar.stories.tsx[2m > [22m[2mLoading
[22m[39m[ChatContext] Waiting for subscription to initialize
[90mstdout[2m | src/components/GlobalSearchBar.stories.tsx[2m > [22m[2mLoading
[22m[39m[SettingsContext] Setting up Settings subscription for user: mock-user-sub
[90mstdout[2m | src/components/GlobalSearchBar.stories.tsx[2m > [22m[2mLoading
[22m[39m[Mock Data] Settings created: mock-settings-1790418594634 - notified 0 subscribers
[90mstdout[2m | src/components/GlobalSearchBar.stories.tsx[2m > [22m[2mLoading
[22m[39m[Mock Data] Unit.onUpdate() subscription added. Total: 1
[90mstdout[2m | src/components/GlobalSearchBar.stories.tsx[2m > [22m[2mLoading
[22m[39m[SectionContext] Section observeQuery update: 0
[90mstdout[2m | src/components/GlobalSearchBar.stories.tsx[2m > [22m[2mLoading
[22m[39m[FilesContext] File observeQuery update: 6 files
[90mstdout[2m | src/components/GlobalSearchBar.stories.tsx[2m > [22m[2mLoading
[22m[39m[ChatContext] AssistantChat initialized with 1 chats
[90mstdout[2m | src/components/GlobalSearchBar.stories.tsx[2m > [22m[2mLoading
[22m[39m[ChatContext] Setting initial chat: mock-assistant-chat-1
[90mstdout[2m | src/components/GlobalSearchBar.stories.tsx[2m > [22m[2mLoading
[22m[39m[Mock Storage] downloadData called with: undefined
[90mstdout[2m | src/components/GlobalSearchBar.stories.tsx[2m > [22m[2mLoading
[22m[39m[MOCK CourseVectorStore] Initialized with mock data
[90mstdout[2m | src/components/GlobalSearchBar.stories.tsx[2m > [22m[2mLoading
[22m[39m[FilesContext] Vector store population triggered {
  "currentVectorStoreSize": 3,
  "documentsCount": 0,
  "filesCount": 6,
  "isInitialLoad": true,
}
[90mstdout[2m | src/components/GlobalSearchBar.stories.tsx[2m > [22m[2mLoading
[22m[39m[FilesContext] Vector store population complete - 3 total embeddings
[90mstdout[2m | src/components/GlobalSearchBar.stories.tsx[2m > [22m[2mLoading
[22m[39m[ChatContext] Chat exists and not archived, skipping creation
[90mstdout[2m | src/components/GlobalSearchBar.stories.tsx[2m > [22m[2mError
[22m[39m[ChatContext] Cleaning up subscriptions
[90mstdout[2m | src/components/GlobalSearchBar.stories.tsx[2m > [22m[2mError
[22m[39m[Mock Data] Unit.onUpdate() subscription removed. Remaining: 0
[90mstdout[2m | src/components/GlobalSearchBar.stories.tsx[2m > [22m[2mError
[22m[39m[MOCK CourseVectorStore] Initialized with mock data
[90mstdout[2m | src/components/GlobalSearchBar.stories.tsx[2m > [22m[2mError
[22m[39m[TranslationModeController] Setting mode to: off
[90mstdout[2m | src/components/GlobalSearchBar.stories.tsx[2m > [22m[2mError
[22m[39m[UnitContext] useEffect triggered {
  "authLoading": false,
  "hasUser": true,
  "id": "mock-unit-id",
  "userSub": "mock-user-sub",
}
[90mstdout[2m | src/components/GlobalSearchBar.stories.tsx[2m > [22m[2mError
[22m[39m[UnitContext] Fetching unit data for id: mock-unit-id
[90mstdout[2m | src/components/GlobalSearchBar.stories.tsx[2m > [22m[2mError
[22m[39m[FilesContext] Initializing vector store from IndexedDB
[90mstdout[2m | src/components/GlobalSearchBar.stories.tsx[2m > [22m[2mError
[22m[39m[FilesContext] fetchFiles called
[90mstdout[2m | src/components/GlobalSearchBar.stories.tsx[2m > [22m[2mError
[22m[39m[FilesContext] User authenticated: mock-user-sub
[90mstdout[2m | src/components/GlobalSearchBar.stories.tsx[2m > [22m[2mError
[22m[39m[FilesContext] Identity ID: us-east-1:mock-identity-123
[90mstdout[2m | src/components/GlobalSearchBar.stories.tsx[2m > [22m[2mError
[22m[39m[FilesContext] About to set up File observeQuery
[90mstdout[2m | src/components/GlobalSearchBar.stories.tsx[2m > [22m[2mError
[22m[39m[ChatContext] Setting up AssistantChat observeQuery
[90mstdout[2m | src/components/GlobalSearchBar.stories.tsx[2m > [22m[2mError
[22m[39m[ChatContext] Waiting for subscription to initialize
[90mstdout[2m | src/components/GlobalSearchBar.stories.tsx[2m > [22m[2mError
[22m[39m[SettingsContext] Setting up Settings subscription for user: mock-user-sub
[90mstdout[2m | src/components/GlobalSearchBar.stories.tsx[2m > [22m[2mError
[22m[39m[Mock Data] Settings created: mock-settings-1790418594734 - notified 0 subscribers
[90mstdout[2m | src/components/GlobalSearchBar.stories.tsx[2m > [22m[2mError
[22m[39m[Mock Data] Unit.onUpdate() subscription added. Total: 1
[90mstdout[2m | src/components/GlobalSearchBar.stories.tsx[2m > [22m[2mError
[22m[39m[SectionContext] Section observeQuery update: 0
[90mstdout[2m | src/components/GlobalSearchBar.stories.tsx[2m > [22m[2mError
[22m[39m[FilesContext] File observeQuery update: 6 files
[90mstdout[2m | src/components/GlobalSearchBar.stories.tsx[2m > [22m[2mError
[22m[39m[ChatContext] AssistantChat initialized with 1 chats
[90mstdout[2m | src/components/GlobalSearchBar.stories.tsx[2m > [22m[2mError
[22m[39m[ChatContext] Setting initial chat: mock-assistant-chat-1
[90mstdout[2m | src/components/GlobalSearchBar.stories.tsx[2m > [22m[2mError
[22m[39m[Mock Storage] downloadData called with: undefined
[90mstdout[2m | src/components/GlobalSearchBar.stories.tsx[2m > [22m[2mError
[22m[39m[MOCK CourseVectorStore] Initialized with mock data
[90mstdout[2m | src/components/GlobalSearchBar.stories.tsx[2m > [22m[2mError
[22m[39m[FilesContext] Vector store population triggered {
  "currentVectorStoreSize": 3,
  "documentsCount": 0,
  "filesCount": 6,
  "isInitialLoad": true,
}
[90mstdout[2m | src/components/GlobalSearchBar.stories.tsx[2m > [22m[2mError
[22m[39m[FilesContext] Vector store population complete - 3 total embeddings
[90mstdout[2m | src/components/GlobalSearchBar.stories.tsx[2m > [22m[2mError
[22m[39m[ChatContext] Chat exists and not archived, skipping creation
 [32m✓[39m [30m[45m storybook (chromium) [49m[39m src/components/GlobalSearchBar.stories.tsx [2m([22m[2m5 tests[22m[2m)[22m[33m 1668[2mms[22m[39m
   [33m[2m✓[22m[39m Default [33m 418[2mms[22m[39m
   [33m[2m✓[22m[39m With Results [33m 403[2mms[22m[39m
   [33m[2m✓[22m[39m In Toolbar [33m 372[2mms[22m[39m
   [33m[2m✓[22m[39m Error [33m 379[2mms[22m[39m
[90mstdout[2m | unknown test
[22m[39m[MOCK vectorStoreDB.js] Module loaded - mock IndexedDB operations
[90mstdout[2m | src/components/ChatSidebar/BlockInsertPreview.stories.jsx[2m > [22m[2mQuiz Block
[22m[39m[Task Completion] DOM action listeners initialized
[90mstdout[2m | src/components/ChatSidebar/BlockInsertPreview.stories.jsx[2m > [22m[2mQuiz Block
[22m[39m[Task Completion] Auto-completion detector initialized
[90mstdout[2m | src/components/ChatSidebar/BlockInsertPreview.stories.jsx[2m > [22m[2mQuiz Block
[22m[39m[Preview] Task completion detector initialized
[90mstdout[2m | src/components/ChatSidebar/BlockInsertPreview.stories.jsx[2m > [22m[2mQuiz Block
[22m[39m[MOCK CourseVectorStore] Initialized with mock data
[90mstdout[2m | src/components/ChatSidebar/BlockInsertPreview.stories.jsx[2m > [22m[2mQuiz Block
[22m[39mQuestionBlockRo.grade {}
[90mstdout[2m | src/components/ChatSidebar/BlockInsertPreview.stories.jsx[2m > [22m[2mQuiz Block
[22m[39m......!q {
  "answer": "き (ki)",
  "correct": false,
  "id": "q1-a",
  "question": "Which hiragana character represents the sound "ka"?",
}
[90mstdout[2m | src/components/ChatSidebar/BlockInsertPreview.stories.jsx[2m > [22m[2mQuiz Block
[22m[39m......!q {
  "answer": "か (ka)",
  "correct": true,
  "id": "q1-b",
  "question": "Which hiragana character represents the sound "ka"?",
}
[90mstdout[2m | src/components/ChatSidebar/BlockInsertPreview.stories.jsx[2m > [22m[2mQuiz Block
[22m[39m......!q {
  "answer": "く (ku)",
  "correct": false,
  "id": "q1-c",
  "question": "Which hiragana character represents the sound "ka"?",
}
[90mstdout[2m | src/components/ChatSidebar/BlockInsertPreview.stories.jsx[2m > [22m[2mQuiz Block
[22m[39m......!q {
  "answer": "け (ke)",
  "correct": false,
  "id": "q1-d",
  "question": "Which hiragana character represents the sound "ka"?",
}
[90mstdout[2m | src/components/ChatSidebar/BlockInsertPreview.stories.jsx[2m > [22m[2mQuiz Block
[22m[39mQuestionBlock.nodeKey preview-quiz-0 type: string
[90mstdout[2m | src/components/ChatSidebar/BlockInsertPreview.stories.jsx[2m > [22m[2mQuiz Block
[22m[39mQuestionBlock.questionContent [
  {
    "answer": "き (ki)",
    "correct": false,
    "id": "q1-a",
    "question": "Which hiragana character represents the sound "ka"?",
  },
  {
    "answer": "か (ka)",
    "correct": true,
    "id": "q1-b",
    "question": "Which hiragana character represents the sound "ka"?",
  },
  {
    "answer": "く (ku)",
    "correct": false,
    "id": "q1-c",
    "question": "Which hiragana character represents the sound "ka"?",
  },
  {
    "answer": "け (ke)",
    "correct": false,
    "id": "q1-d",
    "question": "Which hiragana character represents the sound "ka"?",
  },
]
[90mstdout[2m | src/components/ChatSidebar/BlockInsertPreview.stories.jsx[2m > [22m[2mQuiz Block
[22m[39mQuestionBlock.grade.data keys: []
[90mstdout[2m | src/components/ChatSidebar/BlockInsertPreview.stories.jsx[2m > [22m[2mQuiz Block
[22m[39mQuestionBlock.grade.data[nodeKey]: undefined
[90mstdout[2m | src/components/ChatSidebar/BlockInsertPreview.stories.jsx[2m > [22m[2mQuiz Block
[22m[39mQuestionBlockRo.inProgress {}
[90mstdout[2m | src/components/ChatSidebar/BlockInsertPreview.stories.jsx[2m > [22m[2mQuiz Block
[22m[39mQuestionBlockRo.grade {}
[90mstdout[2m | src/components/ChatSidebar/BlockInsertPreview.stories.jsx[2m > [22m[2mQuiz Block
[22m[39m......!q {
  "answer": "shi",
  "correct": false,
  "id": "q2-a",
  "question": "What sound does the hiragana "す" make?",
}
[90mstdout[2m | src/components/ChatSidebar/BlockInsertPreview.stories.jsx[2m > [22m[2mQuiz Block
[22m[39m......!q {
  "answer": "su",
  "correct": true,
  "id": "q2-b",
  "question": "What sound does the hiragana "す" make?",
}
[90mstdout[2m | src/components/ChatSidebar/BlockInsertPreview.stories.jsx[2m > [22m[2mQuiz Block
[22m[39m......!q {
  "answer": "sa",
  "correct": false,
  "id": "q2-c",
  "question": "What sound does the hiragana "す" make?",
}
[90mstdout[2m | src/components/ChatSidebar/BlockInsertPreview.stories.jsx[2m > [22m[2mQuiz Block
[22m[39m......!q {
  "answer": "se",
  "correct": false,
  "id": "q2-d",
  "question": "What sound does the hiragana "す" make?",
}
[90mstdout[2m | src/components/ChatSidebar/BlockInsertPreview.stories.jsx[2m > [22m[2mQuiz Block
[22m[39mQuestionBlock.nodeKey preview-quiz-1 type: string
[90mstdout[2m | src/components/ChatSidebar/BlockInsertPreview.stories.jsx[2m > [22m[2mQuiz Block
[22m[39mQuestionBlock.questionContent [
  {
    "answer": "shi",
    "correct": false,
    "id": "q2-a",
    "question": "What sound does the hiragana "す" make?",
  },
  {
    "answer": "su",
    "correct": true,
    "id": "q2-b",
    "question": "What sound does the hiragana "す" make?",
  },
  {
    "answer": "sa",
    "correct": false,
    "id": "q2-c",
    "question": "What sound does the hiragana "す" make?",
  },
  {
    "answer": "se",
    "correct": false,
    "id": "q2-d",
    "question": "What sound does the hiragana "す" make?",
  },
]
[90mstdout[2m | src/components/ChatSidebar/BlockInsertPreview.stories.jsx[2m > [22m[2mQuiz Block
[22m[39mQuestionBlock.grade.data keys: []
[90mstdout[2m | src/components/ChatSidebar/BlockInsertPreview.stories.jsx[2m > [22m[2mQuiz Block
[22m[39mQuestionBlock.grade.data[nodeKey]: undefined
[90mstdout[2m | src/components/ChatSidebar/BlockInsertPreview.stories.jsx[2m > [22m[2mQuiz Block
[22m[39mQuestionBlockRo.inProgress {}
[90mstdout[2m | src/components/ChatSidebar/BlockInsertPreview.stories.jsx[2m > [22m[2mQuiz Block
[22m[39mQuestionBlockRo.grade {}
[90mstdout[2m | src/components/ChatSidebar/BlockInsertPreview.stories.jsx[2m > [22m[2mQuiz Block
[22m[39m......!q {
  "answer": "ん",
  "correct": true,
  "id": "q3-a",
  "question": "Which of these is the correct hiragana for "n"?",
}
[90mstdout[2m | src/components/ChatSidebar/BlockInsertPreview.stories.jsx[2m > [22m[2mQuiz Block
[22m[39m......!q {
  "answer": "を",
  "correct": false,
  "id": "q3-b",
  "question": "Which of these is the correct hiragana for "n"?",
}
[90mstdout[2m | src/components/ChatSidebar/BlockInsertPreview.stories.jsx[2m > [22m[2mQuiz Block
[22m[39m......!q {
  "answer": "ね",
  "correct": false,
  "id": "q3-c",
  "question": "Which of these is the correct hiragana for "n"?",
}
[90mstdout[2m | src/components/ChatSidebar/BlockInsertPreview.stories.jsx[2m > [22m[2mQuiz Block
[22m[39m......!q {
  "answer": "に",
  "correct": false,
  "id": "q3-d",
  "question": "Which of these is the correct hiragana for "n"?",
}
[90mstdout[2m | src/components/ChatSidebar/BlockInsertPreview.stories.jsx[2m > [22m[2mQuiz Block
[22m[39mQuestionBlock.nodeKey preview-quiz-2 type: string
[90mstdout[2m | src/components/ChatSidebar/BlockInsertPreview.stories.jsx[2m > [22m[2mQuiz Block
[22m[39mQuestionBlock.questionContent [
  {
    "answer": "ん",
    "correct": true,
    "id": "q3-a",
    "question": "Which of these is the correct hiragana for "n"?",
  },
  {
    "answer": "を",
    "correct": false,
    "id": "q3-b",
    "question": "Which of these is the correct hiragana for "n"?",
  },
  {
    "answer": "ね",
    "correct": false,
    "id": "q3-c",
    "question": "Which of these is the correct hiragana for "n"?",
  },
  {
    "answer": "に",
    "correct": false,
    "id": "q3-d",
    "question": "Which of these is the correct hiragana for "n"?",
  },
]
[90mstdout[2m | src/components/ChatSidebar/BlockInsertPreview.stories.jsx[2m > [22m[2mQuiz Block
[22m[39mQuestionBlock.grade.data keys: []
[90mstdout[2m | src/components/ChatSidebar/BlockInsertPreview.stories.jsx[2m > [22m[2mQuiz Block
[22m[39mQuestionBlock.grade.data[nodeKey]: undefined
[90mstdout[2m | src/components/ChatSidebar/BlockInsertPreview.stories.jsx[2m > [22m[2mQuiz Block
[22m[39mQuestionBlockRo.inProgress {}
[90mstdout[2m | src/components/ChatSidebar/BlockInsertPreview.stories.jsx[2m > [22m[2mQuiz Block
[22m[39m[TranslationModeController] Setting mode to: off
[90mstdout[2m | src/components/ChatSidebar/BlockInsertPreview.stories.jsx[2m > [22m[2mQuiz Block
[22m[39m[UnitContext] useEffect triggered {
  "authLoading": false,
  "hasUser": true,
  "id": "mock-unit-id",
  "userSub": "mock-user-sub",
}
[90mstdout[2m | src/components/ChatSidebar/BlockInsertPreview.stories.jsx[2m > [22m[2mQuiz Block
[22m[39m[UnitContext] Fetching unit data for id: mock-unit-id
[90mstdout[2m | src/components/ChatSidebar/BlockInsertPreview.stories.jsx[2m > [22m[2mQuiz Block
[22m[39m[FilesContext] Initializing vector store from IndexedDB
[90mstdout[2m | src/components/ChatSidebar/BlockInsertPreview.stories.jsx[2m > [22m[2mQuiz Block
[22m[39m[FilesContext] fetchFiles called
[90mstdout[2m | src/components/ChatSidebar/BlockInsertPreview.stories.jsx[2m > [22m[2mQuiz Block
[22m[39m[FilesContext] User authenticated: mock-user-sub
[90mstdout[2m | src/components/ChatSidebar/BlockInsertPreview.stories.jsx[2m > [22m[2mQuiz Block
[22m[39m[FilesContext] Identity ID: us-east-1:mock-identity-123
[90mstdout[2m | src/components/ChatSidebar/BlockInsertPreview.stories.jsx[2m > [22m[2mQuiz Block
[22m[39m[FilesContext] About to set up File observeQuery
[90mstdout[2m | src/components/ChatSidebar/BlockInsertPreview.stories.jsx[2m > [22m[2mQuiz Block
[22m[39m[ChatContext] Setting up AssistantChat observeQuery
[90mstdout[2m | src/components/ChatSidebar/BlockInsertPreview.stories.jsx[2m > [22m[2mQuiz Block
[22m[39m[ChatContext] Waiting for subscription to initialize
[90mstdout[2m | src/components/ChatSidebar/BlockInsertPreview.stories.jsx[2m > [22m[2mQuiz Block
[22m[39m[SettingsContext] Setting up Settings subscription for user: mock-user-sub
[90mstdout[2m | src/components/ChatSidebar/BlockInsertPreview.stories.jsx[2m > [22m[2mQuiz Block
[22m[39mQuestionBlockRo.grade {}
[90mstdout[2m | src/components/ChatSidebar/BlockInsertPreview.stories.jsx[2m > [22m[2mQuiz Block
[22m[39m......!q {
  "answer": "き (ki)",
  "correct": false,
  "id": "q1-a",
  "question": "Which hiragana character represents the sound "ka"?",
}
[90mstdout[2m | src/components/ChatSidebar/BlockInsertPreview.stories.jsx[2m > [22m[2mQuiz Block
[22m[39m......!q {
  "answer": "か (ka)",
  "correct": true,
  "id": "q1-b",
  "question": "Which hiragana character represents the sound "ka"?",
}
[90mstdout[2m | src/components/ChatSidebar/BlockInsertPreview.stories.jsx[2m > [22m[2mQuiz Block
[22m[39m......!q {
  "answer": "く (ku)",
  "correct": false,
  "id": "q1-c",
  "question": "Which hiragana character represents the sound "ka"?",
}
[90mstdout[2m | src/components/ChatSidebar/BlockInsertPreview.stories.jsx[2m > [22m[2mQuiz Block
[22m[39m......!q {
  "answer": "け (ke)",
  "correct": false,
  "id": "q1-d",
  "question": "Which hiragana character represents the sound "ka"?",
}
[90mstdout[2m | src/components/ChatSidebar/BlockInsertPreview.stories.jsx[2m > [22m[2mQuiz Block
[22m[39mQuestionBlock.nodeKey preview-quiz-0 type: string
[90mstdout[2m | src/components/ChatSidebar/BlockInsertPreview.stories.jsx[2m > [22m[2mQuiz Block
[22m[39mQuestionBlock.questionContent [
  {
    "answer": "き (ki)",
    "correct": false,
    "id": "q1-a",
    "question": "Which hiragana character represents the sound "ka"?",
  },
  {
    "answer": "か (ka)",
    "correct": true,
    "id": "q1-b",
    "question": "Which hiragana character represents the sound "ka"?",
  },
  {
    "answer": "く (ku)",
    "correct": false,
    "id": "q1-c",
    "question": "Which hiragana character represents the sound "ka"?",
  },
  {
    "answer": "け (ke)",
    "correct": false,
    "id": "q1-d",
    "question": "Which hiragana character represents the sound "ka"?",
  },
]
[90mstdout[2m | src/components/ChatSidebar/BlockInsertPreview.stories.jsx[2m > [22m[2mQuiz Block
[22m[39mQuestionBlock.grade.data keys: []
[90mstdout[2m | src/components/ChatSidebar/BlockInsertPreview.stories.jsx[2m > [22m[2mQuiz Block
[22m[39mQuestionBlock.grade.data[nodeKey]: undefined
[90mstdout[2m | src/components/ChatSidebar/BlockInsertPreview.stories.jsx[2m > [22m[2mQuiz Block
[22m[39mQuestionBlockRo.inProgress {}
[90mstdout[2m | src/components/ChatSidebar/BlockInsertPreview.stories.jsx[2m > [22m[2mQuiz Block
[22m[39mQuestionBlockRo.grade {}
[90mstdout[2m | src/components/ChatSidebar/BlockInsertPreview.stories.jsx[2m > [22m[2mQuiz Block
[22m[39m......!q {
  "answer": "shi",
  "correct": false,
  "id": "q2-a",
  "question": "What sound does the hiragana "す" make?",
}
[90mstdout[2m | src/components/ChatSidebar/BlockInsertPreview.stories.jsx[2m > [22m[2mQuiz Block
[22m[39m......!q {
  "answer": "su",
  "correct": true,
  "id": "q2-b",
  "question": "What sound does the hiragana "す" make?",
}
[90mstdout[2m | src/components/ChatSidebar/BlockInsertPreview.stories.jsx[2m > [22m[2mQuiz Block
[22m[39m......!q {
  "answer": "sa",
  "correct": false,
  "id": "q2-c",
  "question": "What sound does the hiragana "す" make?",
}
[90mstdout[2m | src/components/ChatSidebar/BlockInsertPreview.stories.jsx[2m > [22m[2mQuiz Block
[22m[39m......!q {
  "answer": "se",
  "correct": false,
  "id": "q2-d",
  "question": "What sound does the hiragana "す" make?",
}
[90mstdout[2m | src/components/ChatSidebar/BlockInsertPreview.stories.jsx[2m > [22m[2mQuiz Block
[22m[39mQuestionBlock.nodeKey preview-quiz-1 type: string
[90mstdout[2m | src/components/ChatSidebar/BlockInsertPreview.stories.jsx[2m > [22m[2mQuiz Block
[22m[39mQuestionBlock.questionContent [
  {
    "answer": "shi",
    "correct": false,
    "id": "q2-a",
    "question": "What sound does the hiragana "す" make?",
  },
  {
    "answer": "su",
    "correct": true,
    "id": "q2-b",
    "question": "What sound does the hiragana "す" make?",
  },
  {
    "answer": "sa",
    "correct": false,
    "id": "q2-c",
    "question": "What sound does the hiragana "す" make?",
  },
  {
    "answer": "se",
    "correct": false,
    "id": "q2-d",
    "question": "What sound does the hiragana "す" make?",
  },
]
[90mstdout[2m | src/components/ChatSidebar/BlockInsertPreview.stories.jsx[2m > [22m[2mQuiz Block
[22m[39mQuestionBlock.grade.data keys: []
[90mstdout[2m | src/components/ChatSidebar/BlockInsertPreview.stories.jsx[2m > [22m[2mQuiz Block
[22m[39mQuestionBlock.grade.data[nodeKey]: undefined
[90mstdout[2m | src/components/ChatSidebar/BlockInsertPreview.stories.jsx[2m > [22m[2mQuiz Block
[22m[39mQuestionBlockRo.inProgress {}
[90mstdout[2m | src/components/ChatSidebar/BlockInsertPreview.stories.jsx[2m > [22m[2mQuiz Block
[22m[39mQuestionBlockRo.grade {}
[90mstdout[2m | src/components/ChatSidebar/BlockInsertPreview.stories.jsx[2m > [22m[2mQuiz Block
[22m[39m......!q {
  "answer": "ん",
  "correct": true,
  "id": "q3-a",
  "question": "Which of these is the correct hiragana for "n"?",
}
[90mstdout[2m | src/components/ChatSidebar/BlockInsertPreview.stories.jsx[2m > [22m[2mQuiz Block
[22m[39m......!q {
  "answer": "を",
  "correct": false,
  "id": "q3-b",
  "question": "Which of these is the correct hiragana for "n"?",
}
[90mstdout[2m | src/components/ChatSidebar/BlockInsertPreview.stories.jsx[2m > [22m[2mQuiz Block
[22m[39m......!q {
  "answer": "ね",
  "correct": false,
  "id": "q3-c",
  "question": "Which of these is the correct hiragana for "n"?",
}
[90mstdout[2m | src/components/ChatSidebar/BlockInsertPreview.stories.jsx[2m > [22m[2mQuiz Block
[22m[39m......!q {
  "answer": "に",
  "correct": false,
  "id": "q3-d",
  "question": "Which of these is the correct hiragana for "n"?",
}
[90mstdout[2m | src/components/ChatSidebar/BlockInsertPreview.stories.jsx[2m > [22m[2mQuiz Block
[22m[39mQuestionBlock.nodeKey preview-quiz-2 type: string
[90mstdout[2m | src/components/ChatSidebar/BlockInsertPreview.stories.jsx[2m > [22m[2mQuiz Block
[22m[39mQuestionBlock.questionContent [
  {
    "answer": "ん",
    "correct": true,
    "id": "q3-a",
    "question": "Which of these is the correct hiragana for "n"?",
  },
  {
    "answer": "を",
    "correct": false,
    "id": "q3-b",
    "question": "Which of these is the correct hiragana for "n"?",
  },
  {
    "answer": "ね",
    "correct": false,
    "id": "q3-c",
    "question": "Which of these is the correct hiragana for "n"?",
  },
  {
    "answer": "に",
    "correct": false,
    "id": "q3-d",
    "question": "Which of these is the correct hiragana for "n"?",
  },
]
[90mstdout[2m | src/components/ChatSidebar/BlockInsertPreview.stories.jsx[2m > [22m[2mQuiz Block
[22m[39mQuestionBlock.grade.data keys: []
[90mstdout[2m | src/components/ChatSidebar/BlockInsertPreview.stories.jsx[2m > [22m[2mQuiz Block
[22m[39mQuestionBlock.grade.data[nodeKey]: undefined
[90mstdout[2m | src/components/ChatSidebar/BlockInsertPreview.stories.jsx[2m > [22m[2mQuiz Block
[22m[39mQuestionBlockRo.inProgress {}
[90mstdout[2m | src/components/ChatSidebar/BlockInsertPreview.stories.jsx[2m > [22m[2mQuiz Block
[22m[39m[Mock Data] Settings created: mock-settings-1790418595987 - notified 0 subscribers
[90mstdout[2m | src/components/ChatSidebar/BlockInsertPreview.stories.jsx[2m > [22m[2mQuiz Block
[22m[39m[Mock Data] Unit.onUpdate() subscription added. Total: 1
[90mstdout[2m | src/components/ChatSidebar/BlockInsertPreview.stories.jsx[2m > [22m[2mQuiz Block
[22m[39mQuestionBlockRo.grade {}
[90mstdout[2m | src/components/ChatSidebar/BlockInsertPreview.stories.jsx[2m > [22m[2mQuiz Block
[22m[39m......!q {
  "answer": "き (ki)",
  "correct": false,
  "id": "q1-a",
  "question": "Which hiragana character represents the sound "ka"?",
}
[90mstdout[2m | src/components/ChatSidebar/BlockInsertPreview.stories.jsx[2m > [22m[2mQuiz Block
[22m[39m......!q {
  "answer": "か (ka)",
  "correct": true,
  "id": "q1-b",
  "question": "Which hiragana character represents the sound "ka"?",
}
[90mstdout[2m | src/components/ChatSidebar/BlockInsertPreview.stories.jsx[2m > [22m[2mQuiz Block
[22m[39m......!q {
  "answer": "く (ku)",
  "correct": false,
  "id": "q1-c",
  "question": "Which hiragana character represents the sound "ka"?",
}
[90mstdout[2m | src/components/ChatSidebar/BlockInsertPreview.stories.jsx[2m > [22m[2mQuiz Block
[22m[39m......!q {
  "answer": "け (ke)",
  "correct": false,
  "id": "q1-d",
  "question": "Which hiragana character represents the sound "ka"?",
}
[90mstdout[2m | src/components/ChatSidebar/BlockInsertPreview.stories.jsx[2m > [22m[2mQuiz Block
[22m[39mQuestionBlock.nodeKey preview-quiz-0 type: string
[90mstdout[2m | src/components/ChatSidebar/BlockInsertPreview.stories.jsx[2m > [22m[2mQuiz Block
[22m[39mQuestionBlock.questionContent [
  {
    "answer": "き (ki)",
    "correct": false,
    "id": "q1-a",
    "question": "Which hiragana character represents the sound "ka"?",
  },
  {
    "answer": "か (ka)",
    "correct": true,
    "id": "q1-b",
    "question": "Which hiragana character represents the sound "ka"?",
  },
  {
    "answer": "く (ku)",
    "correct": false,
    "id": "q1-c",
    "question": "Which hiragana character represents the sound "ka"?",
  },
  {
    "answer": "け (ke)",
    "correct": false,
    "id": "q1-d",
    "question": "Which hiragana character represents the sound "ka"?",
  },
]
[90mstdout[2m | src/components/ChatSidebar/BlockInsertPreview.stories.jsx[2m > [22m[2mQuiz Block
[22m[39mQuestionBlock.grade.data keys: []
[90mstdout[2m | src/components/ChatSidebar/BlockInsertPreview.stories.jsx[2m > [22m[2mQuiz Block
[22m[39mQuestionBlock.grade.data[nodeKey]: undefined
[90mstdout[2m | src/components/ChatSidebar/BlockInsertPreview.stories.jsx[2m > [22m[2mQuiz Block
[22m[39mQuestionBlockRo.inProgress {}
[90mstdout[2m | src/components/ChatSidebar/BlockInsertPreview.stories.jsx[2m > [22m[2mQuiz Block
[22m[39mQuestionBlockRo.grade {}
[90mstdout[2m | src/components/ChatSidebar/BlockInsertPreview.stories.jsx[2m > [22m[2mQuiz Block
[22m[39m......!q {
  "answer": "shi",
  "correct": false,
  "id": "q2-a",
  "question": "What sound does the hiragana "す" make?",
}
[90mstdout[2m | src/components/ChatSidebar/BlockInsertPreview.stories.jsx[2m > [22m[2mQuiz Block
[22m[39m......!q {
  "answer": "su",
  "correct": true,
  "id": "q2-b",
  "question": "What sound does the hiragana "す" make?",
}
[90mstdout[2m | src/components/ChatSidebar/BlockInsertPreview.stories.jsx[2m > [22m[2mQuiz Block
[22m[39m......!q {
  "answer": "sa",
  "correct": false,
  "id": "q2-c",
  "question": "What sound does the hiragana "す" make?",
}
[90mstdout[2m | src/components/ChatSidebar/BlockInsertPreview.stories.jsx[2m > [22m[2mQuiz Block
[22m[39m......!q {
  "answer": "se",
  "correct": false,
  "id": "q2-d",
  "question": "What sound does the hiragana "す" make?",
}
[90mstdout[2m | src/components/ChatSidebar/BlockInsertPreview.stories.jsx[2m > [22m[2mQuiz Block
[22m[39mQuestionBlock.nodeKey preview-quiz-1 type: string
[90mstdout[2m | src/components/ChatSidebar/BlockInsertPreview.stories.jsx[2m > [22m[2mQuiz Block
[22m[39mQuestionBlock.questionContent [
  {
    "answer": "shi",
    "correct": false,
    "id": "q2-a",
    "question": "What sound does the hiragana "す" make?",
  },
  {
    "answer": "su",
    "correct": true,
    "id": "q2-b",
    "question": "What sound does the hiragana "す" make?",
  },
  {
    "answer": "sa",
    "correct": false,
    "id": "q2-c",
    "question": "What sound does the hiragana "す" make?",
  },
  {
    "answer": "se",
    "correct": false,
    "id": "q2-d",
    "question": "What sound does the hiragana "す" make?",
  },
]
[90mstdout[2m | src/components/ChatSidebar/BlockInsertPreview.stories.jsx[2m > [22m[2mQuiz Block
[22m[39mQuestionBlock.grade.data keys: []
[90mstdout[2m | src/components/ChatSidebar/BlockInsertPreview.stories.jsx[2m > [22m[2mQuiz Block
[22m[39mQuestionBlock.grade.data[nodeKey]: undefined
[90mstdout[2m | src/components/ChatSidebar/BlockInsertPreview.stories.jsx[2m > [22m[2mQuiz Block
[22m[39mQuestionBlockRo.inProgress {}
[90mstdout[2m | src/components/ChatSidebar/BlockInsertPreview.stories.jsx[2m > [22m[2mQuiz Block
[22m[39mQuestionBlockRo.grade {}
[90mstdout[2m | src/components/ChatSidebar/BlockInsertPreview.stories.jsx[2m > [22m[2mQuiz Block
[22m[39m......!q {
  "answer": "ん",
  "correct": true,
  "id": "q3-a",
  "question": "Which of these is the correct hiragana for "n"?",
}
[90mstdout[2m | src/components/ChatSidebar/BlockInsertPreview.stories.jsx[2m > [22m[2mQuiz Block
[22m[39m......!q {
  "answer": "を",
  "correct": false,
  "id": "q3-b",
  "question": "Which of these is the correct hiragana for "n"?",
}
[90mstdout[2m | src/components/ChatSidebar/BlockInsertPreview.stories.jsx[2m > [22m[2mQuiz Block
[22m[39m......!q {
  "answer": "ね",
  "correct": false,
  "id": "q3-c",
  "question": "Which of these is the correct hiragana for "n"?",
}
[90mstdout[2m | src/components/ChatSidebar/BlockInsertPreview.stories.jsx[2m > [22m[2mQuiz Block
[22m[39m......!q {
  "answer": "に",
  "correct": false,
  "id": "q3-d",
  "question": "Which of these is the correct hiragana for "n"?",
}
[90mstdout[2m | src/components/ChatSidebar/BlockInsertPreview.stories.jsx[2m > [22m[2mQuiz Block
[22m[39mQuestionBlock.nodeKey preview-quiz-2 type: string
[90mstdout[2m | src/components/ChatSidebar/BlockInsertPreview.stories.jsx[2m > [22m[2mQuiz Block
[22m[39mQuestionBlock.questionContent [
  {
    "answer": "ん",
    "correct": true,
    "id": "q3-a",
    "question": "Which of these is the correct hiragana for "n"?",
  },
  {
    "answer": "を",
    "correct": false,
    "id": "q3-b",
    "question": "Which of these is the correct hiragana for "n"?",
  },
  {
    "answer": "ね",
    "correct": false,
    "id": "q3-c",
    "question": "Which of these is the correct hiragana for "n"?",
  },
  {
    "answer": "に",
    "correct": false,
    "id": "q3-d",
    "question": "Which of these is the correct hiragana for "n"?",
  },
]
[90mstdout[2m | src/components/ChatSidebar/BlockInsertPreview.stories.jsx[2m > [22m[2mQuiz Block
[22m[39mQuestionBlock.grade.data keys: []
[90mstdout[2m | src/components/ChatSidebar/BlockInsertPreview.stories.jsx[2m > [22m[2mQuiz Block
[22m[39mQuestionBlock.grade.data[nodeKey]: undefined
[90mstdout[2m | src/components/ChatSidebar/BlockInsertPreview.stories.jsx[2m > [22m[2mQuiz Block
[22m[39mQuestionBlockRo.inProgress {}
[90mstdout[2m | src/components/ChatSidebar/BlockInsertPreview.stories.jsx[2m > [22m[2mQuiz Block
[22m[39m[SectionContext] Section observeQuery update: 0
[90mstdout[2m | src/components/ChatSidebar/BlockInsertPreview.stories.jsx[2m > [22m[2mQuiz Block
[22m[39m[FilesContext] File observeQuery update: 6 files
[90mstdout[2m | src/components/ChatSidebar/BlockInsertPreview.stories.jsx[2m > [22m[2mQuiz Block
[22m[39m[ChatContext] AssistantChat initialized with 1 chats
[90mstdout[2m | src/components/ChatSidebar/BlockInsertPreview.stories.jsx[2m > [22m[2mQuiz Block
[22m[39m[ChatContext] Setting initial chat: mock-assistant-chat-1
[90mstdout[2m | src/components/ChatSidebar/BlockInsertPreview.stories.jsx[2m > [22m[2mQuiz Block
[22m[39m[MOCK CourseVectorStore] Initialized with mock data
[90mstdout[2m | src/components/ChatSidebar/BlockInsertPreview.stories.jsx[2m > [22m[2mQuiz Block
[22m[39mQuestionBlockRo.grade undefined
[90mstdout[2m | src/components/ChatSidebar/BlockInsertPreview.stories.jsx[2m > [22m[2mQuiz Block
[22m[39m......!q {
  "answer": "き (ki)",
  "correct": false,
  "id": "q1-a",
  "question": "Which hiragana character represents the sound "ka"?",
}
[90mstdout[2m | src/components/ChatSidebar/BlockInsertPreview.stories.jsx[2m > [22m[2mQuiz Block
[22m[39m......!q {
  "answer": "か (ka)",
  "correct": true,
  "id": "q1-b",
  "question": "Which hiragana character represents the sound "ka"?",
}
[90mstdout[2m | src/components/ChatSidebar/BlockInsertPreview.stories.jsx[2m > [22m[2mQuiz Block
[22m[39m......!q {
  "answer": "く (ku)",
  "correct": false,
  "id": "q1-c",
  "question": "Which hiragana character represents the sound "ka"?",
}
[90mstdout[2m | src/components/ChatSidebar/BlockInsertPreview.stories.jsx[2m > [22m[2mQuiz Block
[22m[39m......!q {
  "answer": "け (ke)",
  "correct": false,
  "id": "q1-d",
  "question": "Which hiragana character represents the sound "ka"?",
}
[90mstdout[2m | src/components/ChatSidebar/BlockInsertPreview.stories.jsx[2m > [22m[2mQuiz Block
[22m[39mQuestionBlock.nodeKey preview-quiz-0 type: string
[90mstdout[2m | src/components/ChatSidebar/BlockInsertPreview.stories.jsx[2m > [22m[2mQuiz Block
[22m[39mQuestionBlock.questionContent [
  {
    "answer": "き (ki)",
    "correct": false,
    "id": "q1-a",
    "question": "Which hiragana character represents the sound "ka"?",
  },
  {
    "answer": "か (ka)",
    "correct": true,
    "id": "q1-b",
    "question": "Which hiragana character represents the sound "ka"?",
  },
  {
    "answer": "く (ku)",
    "correct": false,
    "id": "q1-c",
    "question": "Which hiragana character represents the sound "ka"?",
  },
  {
    "answer": "け (ke)",
    "correct": false,
    "id": "q1-d",
    "question": "Which hiragana character represents the sound "ka"?",
  },
]
[90mstdout[2m | src/components/ChatSidebar/BlockInsertPreview.stories.jsx[2m > [22m[2mQuiz Block
[22m[39mQuestionBlock.grade.data keys: []
[90mstdout[2m | src/components/ChatSidebar/BlockInsertPreview.stories.jsx[2m > [22m[2mQuiz Block
[22m[39mQuestionBlock.grade.data[nodeKey]: undefined
[90mstdout[2m | src/components/ChatSidebar/BlockInsertPreview.stories.jsx[2m > [22m[2mQuiz Block
[22m[39mQuestionBlockRo.inProgress {}
[90mstdout[2m | src/components/ChatSidebar/BlockInsertPreview.stories.jsx[2m > [22m[2mQuiz Block
[22m[39mQuestionBlockRo.grade undefined
[90mstdout[2m | src/components/ChatSidebar/BlockInsertPreview.stories.jsx[2m > [22m[2mQuiz Block
[22m[39m......!q {
  "answer": "shi",
  "correct": false,
  "id": "q2-a",
  "question": "What sound does the hiragana "す" make?",
}
[90mstdout[2m | src/components/ChatSidebar/BlockInsertPreview.stories.jsx[2m > [22m[2mQuiz Block
[22m[39m......!q {
  "answer": "su",
  "correct": true,
  "id": "q2-b",
  "question": "What sound does the hiragana "す" make?",
}
[90mstdout[2m | src/components/ChatSidebar/BlockInsertPreview.stories.jsx[2m > [22m[2mQuiz Block
[22m[39m......!q {
  "answer": "sa",
  "correct": false,
  "id": "q2-c",
  "question": "What sound does the hiragana "す" make?",
}
[90mstdout[2m | src/components/ChatSidebar/BlockInsertPreview.stories.jsx[2m > [22m[2mQuiz Block
[22m[39m......!q {
  "answer": "se",
  "correct": false,
  "id": "q2-d",
  "question": "What sound does the hiragana "す" make?",
}
[90mstdout[2m | src/components/ChatSidebar/BlockInsertPreview.stories.jsx[2m > [22m[2mQuiz Block
[22m[39mQuestionBlock.nodeKey preview-quiz-1 type: string
[90mstdout[2m | src/components/ChatSidebar/BlockInsertPreview.stories.jsx[2m > [22m[2mQuiz Block
[22m[39mQuestionBlock.questionContent [
  {
    "answer": "shi",
    "correct": false,
    "id": "q2-a",
    "question": "What sound does the hiragana "す" make?",
  },
  {
    "answer": "su",
    "correct": true,
    "id": "q2-b",
    "question": "What sound does the hiragana "す" make?",
  },
  {
    "answer": "sa",
    "correct": false,
    "id": "q2-c",
    "question": "What sound does the hiragana "す" make?",
  },
  {
    "answer": "se",
    "correct": false,
    "id": "q2-d",
    "question": "What sound does the hiragana "す" make?",
  },
]
[90mstdout[2m | src/components/ChatSidebar/BlockInsertPreview.stories.jsx[2m > [22m[2mQuiz Block
[22m[39mQuestionBlock.grade.data keys: []
[90mstdout[2m | src/components/ChatSidebar/BlockInsertPreview.stories.jsx[2m > [22m[2mQuiz Block
[22m[39mQuestionBlock.grade.data[nodeKey]: undefined
[90mstdout[2m | src/components/ChatSidebar/BlockInsertPreview.stories.jsx[2m > [22m[2mQuiz Block
[22m[39mQuestionBlockRo.inProgress {}
[90mstdout[2m | src/components/ChatSidebar/BlockInsertPreview.stories.jsx[2m > [22m[2mQuiz Block
[22m[39mQuestionBlockRo.grade undefined
[90mstdout[2m | src/components/ChatSidebar/BlockInsertPreview.stories.jsx[2m > [22m[2mQuiz Block
[22m[39m......!q {
  "answer": "ん",
  "correct": true,
  "id": "q3-a",
  "question": "Which of these is the correct hiragana for "n"?",
}
[90mstdout[2m | src/components/ChatSidebar/BlockInsertPreview.stories.jsx[2m > [22m[2mQuiz Block
[22m[39m......!q {
  "answer": "を",
  "correct": false,
  "id": "q3-b",
  "question": "Which of these is the correct hiragana for "n"?",
}
[90mstdout[2m | src/components/ChatSidebar/BlockInsertPreview.stories.jsx[2m > [22m[2mQuiz Block
[22m[39m......!q {
  "answer": "ね",
  "correct": false,
  "id": "q3-c",
  "question": "Which of these is the correct hiragana for "n"?",
}
[90mstdout[2m | src/components/ChatSidebar/BlockInsertPreview.stories.jsx[2m > [22m[2mQuiz Block
[22m[39m......!q {
  "answer": "に",
  "correct": false,
  "id": "q3-d",
  "question": "Which of these is the correct hiragana for "n"?",
}
[90mstdout[2m | src/components/ChatSidebar/BlockInsertPreview.stories.jsx[2m > [22m[2mQuiz Block
[22m[39mQuestionBlock.nodeKey preview-quiz-2 type: string
[90mstdout[2m | src/components/ChatSidebar/BlockInsertPreview.stories.jsx[2m > [22m[2mQuiz Block
[22m[39mQuestionBlock.questionContent [
  {
    "answer": "ん",
    "correct": true,
    "id": "q3-a",
    "question": "Which of these is the correct hiragana for "n"?",
  },
  {
    "answer": "を",
    "correct": false,
    "id": "q3-b",
    "question": "Which of these is the correct hiragana for "n"?",
  },
  {
    "answer": "ね",
    "correct": false,
    "id": "q3-c",
    "question": "Which of these is the correct hiragana for "n"?",
  },
  {
    "answer": "に",
    "correct": false,
    "id": "q3-d",
    "question": "Which of these is the correct hiragana for "n"?",
  },
]
[90mstdout[2m | src/components/ChatSidebar/BlockInsertPreview.stories.jsx[2m > [22m[2mQuiz Block
[22m[39mQuestionBlock.grade.data keys: []
[90mstdout[2m | src/components/ChatSidebar/BlockInsertPreview.stories.jsx[2m > [22m[2mQuiz Block
[22m[39mQuestionBlock.grade.data[nodeKey]: undefined
[90mstdout[2m | src/components/ChatSidebar/BlockInsertPreview.stories.jsx[2m > [22m[2mQuiz Block
[22m[39mQuestionBlockRo.inProgress {}
[90mstdout[2m | src/components/ChatSidebar/BlockInsertPreview.stories.jsx[2m > [22m[2mQuiz Block
[22m[39m[FilesContext] Vector store population triggered {
  "currentVectorStoreSize": 3,
  "documentsCount": 0,
  "filesCount": 6,
  "isInitialLoad": true,
}
[90mstdout[2m | src/components/ChatSidebar/BlockInsertPreview.stories.jsx[2m > [22m[2mQuiz Block
[22m[39m[FilesContext] Vector store population complete - 3 total embeddings
[90mstdout[2m | src/components/ChatSidebar/BlockInsertPreview.stories.jsx[2m > [22m[2mQuiz Block
[22m[39m[ChatContext] Chat exists and not archived, skipping creation
[90mstdout[2m | src/components/ChatSidebar/BlockInsertPreview.stories.jsx[2m > [22m[2mQuiz Block
[22m[39m[Mock Storage] downloadData called with: undefined
[90mstdout[2m | src/components/ChatSidebar/BlockInsertPreview.stories.jsx[2m > [22m[2mAnswer Block
[22m[39m[ChatContext] Cleaning up subscriptions
[90mstdout[2m | src/components/ChatSidebar/BlockInsertPreview.stories.jsx[2m > [22m[2mAnswer Block
[22m[39m[Mock Data] Unit.onUpdate() subscription removed. Remaining: 0
[90mstdout[2m | src/components/ChatSidebar/BlockInsertPreview.stories.jsx[2m > [22m[2mAnswer Block
[22m[39m[MOCK CourseVectorStore] Initialized with mock data
[90mstdout[2m | src/components/ChatSidebar/BlockInsertPreview.stories.jsx[2m > [22m[2mAnswer Block
[22m[39m[Mock Data] seedMockWords: Adding 3 words
[90mstdout[2m | src/components/ChatSidebar/BlockInsertPreview.stories.jsx[2m > [22m[2mAnswer Block
[22m[39m[TranslationModeController] Setting mode to: off
[90mstdout[2m | src/components/ChatSidebar/BlockInsertPreview.stories.jsx[2m > [22m[2mAnswer Block
[22m[39m[UnitContext] useEffect triggered {
  "authLoading": false,
  "hasUser": true,
  "id": "mock-unit-id",
  "userSub": "mock-user-sub",
}
[90mstdout[2m | src/components/ChatSidebar/BlockInsertPreview.stories.jsx[2m > [22m[2mAnswer Block
[22m[39m[UnitContext] Fetching unit data for id: mock-unit-id
[90mstdout[2m | src/components/ChatSidebar/BlockInsertPreview.stories.jsx[2m > [22m[2mAnswer Block
[22m[39m[FilesContext] Initializing vector store from IndexedDB
[90mstdout[2m | src/components/ChatSidebar/BlockInsertPreview.stories.jsx[2m > [22m[2mAnswer Block
[22m[39m[FilesContext] fetchFiles called
[90mstdout[2m | src/components/ChatSidebar/BlockInsertPreview.stories.jsx[2m > [22m[2mAnswer Block
[22m[39m[FilesContext] User authenticated: mock-user-sub
[90mstdout[2m | src/components/ChatSidebar/BlockInsertPreview.stories.jsx[2m > [22m[2mAnswer Block
[22m[39m[FilesContext] Identity ID: us-east-1:mock-identity-123
[90mstdout[2m | src/components/ChatSidebar/BlockInsertPreview.stories.jsx[2m > [22m[2mAnswer Block
[22m[39m[FilesContext] About to set up File observeQuery
[90mstdout[2m | src/components/ChatSidebar/BlockInsertPreview.stories.jsx[2m > [22m[2mAnswer Block
[22m[39m[ChatContext] Setting up AssistantChat observeQuery
[90mstdout[2m | src/components/ChatSidebar/BlockInsertPreview.stories.jsx[2m > [22m[2mAnswer Block
[22m[39m[ChatContext] Waiting for subscription to initialize
[90mstdout[2m | src/components/ChatSidebar/BlockInsertPreview.stories.jsx[2m > [22m[2mAnswer Block
[22m[39m[SettingsContext] Setting up Settings subscription for user: mock-user-sub
[90mstdout[2m | src/components/ChatSidebar/BlockInsertPreview.stories.jsx[2m > [22m[2mAnswer Block
[22m[39m[Mock Data] Settings created: mock-settings-1790418596476 - notified 0 subscribers
[90mstdout[2m | src/components/ChatSidebar/BlockInsertPreview.stories.jsx[2m > [22m[2mAnswer Block
[22m[39m[Mock Data] Unit.onUpdate() subscription added. Total: 1
[90mstdout[2m | src/components/ChatSidebar/BlockInsertPreview.stories.jsx[2m > [22m[2mAnswer Block
[22m[39m[SectionContext] Section observeQuery update: 0
[90mstdout[2m | src/components/ChatSidebar/BlockInsertPreview.stories.jsx[2m > [22m[2mAnswer Block
[22m[39m[FilesContext] File observeQuery update: 6 files
[90mstdout[2m | src/components/ChatSidebar/BlockInsertPreview.stories.jsx[2m > [22m[2mAnswer Block
[22m[39m[ChatContext] AssistantChat initialized with 1 chats
[90mstdout[2m | src/components/ChatSidebar/BlockInsertPreview.stories.jsx[2m > [22m[2mAnswer Block
[22m[39m[ChatContext] Setting initial chat: mock-assistant-chat-1
[90mstdout[2m | src/components/ChatSidebar/BlockInsertPreview.stories.jsx[2m > [22m[2mAnswer Block
[22m[39m[MOCK CourseVectorStore] Initialized with mock data
[90mstdout[2m | src/components/ChatSidebar/BlockInsertPreview.stories.jsx[2m > [22m[2mAnswer Block
[22m[39m[FilesContext] Vector store population triggered {
  "currentVectorStoreSize": 3,
  "documentsCount": 0,
  "filesCount": 6,
  "isInitialLoad": true,
}
[90mstdout[2m | src/components/ChatSidebar/BlockInsertPreview.stories.jsx[2m > [22m[2mAnswer Block
[22m[39m[FilesContext] Vector store population complete - 3 total embeddings
[90mstdout[2m | src/components/ChatSidebar/BlockInsertPreview.stories.jsx[2m > [22m[2mAnswer Block
[22m[39m[ChatContext] Chat exists and not archived, skipping creation
[90mstdout[2m | src/components/ChatSidebar/BlockInsertPreview.stories.jsx[2m > [22m[2mAnswer Block
[22m[39m[Mock Storage] downloadData called with: undefined
[90mstdout[2m | src/components/ChatSidebar/BlockInsertPreview.stories.jsx[2m > [22m[2mMeaning Association Block
[22m[39m[ChatContext] Cleaning up subscriptions
[90mstdout[2m | src/components/ChatSidebar/BlockInsertPreview.stories.jsx[2m > [22m[2mMeaning Association Block
[22m[39m[Mock Data] Unit.onUpdate() subscription removed. Remaining: 0
[90mstdout[2m | src/components/ChatSidebar/BlockInsertPreview.stories.jsx[2m > [22m[2mMeaning Association Block
[22m[39m[MOCK CourseVectorStore] Initialized with mock data
[90mstdout[2m | src/components/ChatSidebar/BlockInsertPreview.stories.jsx[2m > [22m[2mMeaning Association Block
[22m[39m[Mock Data] seedMockWords: Adding 4 words
[90mstdout[2m | src/components/ChatSidebar/BlockInsertPreview.stories.jsx[2m > [22m[2mMeaning Association Block
[22m[39mEasy.nodeKey preview-meaning-association type: string
[90mstdout[2m | src/components/ChatSidebar/BlockInsertPreview.stories.jsx[2m > [22m[2mMeaning Association Block
[22m[39mEasy.grade: {}
[90mstdout[2m | src/components/ChatSidebar/BlockInsertPreview.stories.jsx[2m > [22m[2mMeaning Association Block
[22m[39mEasy.grade.data: undefined
[90mstdout[2m | src/components/ChatSidebar/BlockInsertPreview.stories.jsx[2m > [22m[2mMeaning Association Block
[22m[39mEasy.grade.data === grade? false
[90mstdout[2m | src/components/ChatSidebar/BlockInsertPreview.stories.jsx[2m > [22m[2mMeaning Association Block
[22m[39mEasy.grade.data keys: no data
[90mstdout[2m | src/components/ChatSidebar/BlockInsertPreview.stories.jsx[2m > [22m[2mMeaning Association Block
[22m[39mEasy.grade.data[nodeKey]: undefined
[90mstdout[2m | src/components/ChatSidebar/BlockInsertPreview.stories.jsx[2m > [22m[2mMeaning Association Block
[22m[39mEasy.inProgress {}
[90mstdout[2m | src/components/ChatSidebar/BlockInsertPreview.stories.jsx[2m > [22m[2mMeaning Association Block
[22m[39mHard.attemptedAnswers {}
[90mstdout[2m | src/components/ChatSidebar/BlockInsertPreview.stories.jsx[2m > [22m[2mMeaning Association Block
[22m[39mLearn._vocabulary []
[90mstdout[2m | src/components/ChatSidebar/BlockInsertPreview.stories.jsx[2m > [22m[2mMeaning Association Block
[22m[39mMeaningAssociationExercise._vocabulary []
[90mstdout[2m | src/components/ChatSidebar/BlockInsertPreview.stories.jsx[2m > [22m[2mMeaning Association Block
[22m[39mHard._vocabulary []
[90mstdout[2m | src/components/ChatSidebar/BlockInsertPreview.stories.jsx[2m > [22m[2mMeaning Association Block
[22m[39m[TranslationModeController] Setting mode to: off
[90mstdout[2m | src/components/ChatSidebar/BlockInsertPreview.stories.jsx[2m > [22m[2mMeaning Association Block
[22m[39m[UnitContext] useEffect triggered {
  "authLoading": false,
  "hasUser": true,
  "id": "mock-unit-id",
  "userSub": "mock-user-sub",
}
[90mstdout[2m | src/components/ChatSidebar/BlockInsertPreview.stories.jsx[2m > [22m[2mMeaning Association Block
[22m[39m[UnitContext] Fetching unit data for id: mock-unit-id
[90mstdout[2m | src/components/ChatSidebar/BlockInsertPreview.stories.jsx[2m > [22m[2mMeaning Association Block
[22m[39m[FilesContext] Initializing vector store from IndexedDB
[90mstdout[2m | src/components/ChatSidebar/BlockInsertPreview.stories.jsx[2m > [22m[2mMeaning Association Block
[22m[39m[FilesContext] fetchFiles called
[90mstdout[2m | src/components/ChatSidebar/BlockInsertPreview.stories.jsx[2m > [22m[2mMeaning Association Block
[22m[39m[FilesContext] User authenticated: mock-user-sub
[90mstdout[2m | src/components/ChatSidebar/BlockInsertPreview.stories.jsx[2m > [22m[2mMeaning Association Block
[22m[39m[FilesContext] Identity ID: us-east-1:mock-identity-123
[90mstdout[2m | src/components/ChatSidebar/BlockInsertPreview.stories.jsx[2m > [22m[2mMeaning Association Block
[22m[39m[FilesContext] About to set up File observeQuery
[90mstdout[2m | src/components/ChatSidebar/BlockInsertPreview.stories.jsx[2m > [22m[2mMeaning Association Block
[22m[39m[ChatContext] Setting up AssistantChat observeQuery
[90mstdout[2m | src/components/ChatSidebar/BlockInsertPreview.stories.jsx[2m > [22m[2mMeaning Association Block
[22m[39m[ChatContext] Waiting for subscription to initialize
[90mstdout[2m | src/components/ChatSidebar/BlockInsertPreview.stories.jsx[2m > [22m[2mMeaning Association Block
[22m[39m[SettingsContext] Setting up Settings subscription for user: mock-user-sub
[90mstdout[2m | src/components/ChatSidebar/BlockInsertPreview.stories.jsx[2m > [22m[2mMeaning Association Block
[22m[39mEasy.nodeKey preview-meaning-association type: string
[90mstdout[2m | src/components/ChatSidebar/BlockInsertPreview.stories.jsx[2m > [22m[2mMeaning Association Block
[22m[39mEasy.grade: {}
[90mstdout[2m | src/components/ChatSidebar/BlockInsertPreview.stories.jsx[2m > [22m[2mMeaning Association Block
[22m[39mEasy.grade.data: undefined
[90mstdout[2m | src/components/ChatSidebar/BlockInsertPreview.stories.jsx[2m > [22m[2mMeaning Association Block
[22m[39mEasy.grade.data === grade? false
[90mstdout[2m | src/components/ChatSidebar/BlockInsertPreview.stories.jsx[2m > [22m[2mMeaning Association Block
[22m[39mEasy.grade.data keys: no data
[90mstdout[2m | src/components/ChatSidebar/BlockInsertPreview.stories.jsx[2m > [22m[2mMeaning Association Block
[22m[39mEasy.grade.data[nodeKey]: undefined
[90mstdout[2m | src/components/ChatSidebar/BlockInsertPreview.stories.jsx[2m > [22m[2mMeaning Association Block
[22m[39mEasy.inProgress {}
[90mstdout[2m | src/components/ChatSidebar/BlockInsertPreview.stories.jsx[2m > [22m[2mMeaning Association Block
[22m[39mHard.attemptedAnswers {}
[90mstdout[2m | src/components/ChatSidebar/BlockInsertPreview.stories.jsx[2m > [22m[2mMeaning Association Block
[22m[39m[Mock Data] Settings created: mock-settings-1790418596756 - notified 0 subscribers
[90mstdout[2m | src/components/ChatSidebar/BlockInsertPreview.stories.jsx[2m > [22m[2mMeaning Association Block
[22m[39m[Mock Data] Unit.onUpdate() subscription added. Total: 1
[90mstdout[2m | src/components/ChatSidebar/BlockInsertPreview.stories.jsx[2m > [22m[2mMeaning Association Block
[22m[39mEasy.nodeKey preview-meaning-association type: string
[90mstdout[2m | src/components/ChatSidebar/BlockInsertPreview.stories.jsx[2m > [22m[2mMeaning Association Block
[22m[39mEasy.grade: {}
[90mstdout[2m | src/components/ChatSidebar/BlockInsertPreview.stories.jsx[2m > [22m[2mMeaning Association Block
[22m[39mEasy.grade.data: undefined
[90mstdout[2m | src/components/ChatSidebar/BlockInsertPreview.stories.jsx[2m > [22m[2mMeaning Association Block
[22m[39mEasy.grade.data === grade? false
[90mstdout[2m | src/components/ChatSidebar/BlockInsertPreview.stories.jsx[2m > [22m[2mMeaning Association Block
[22m[39mEasy.grade.data keys: no data
[90mstdout[2m | src/components/ChatSidebar/BlockInsertPreview.stories.jsx[2m > [22m[2mMeaning Association Block
[22m[39mEasy.grade.data[nodeKey]: undefined
[90mstdout[2m | src/components/ChatSidebar/BlockInsertPreview.stories.jsx[2m > [22m[2mMeaning Association Block
[22m[39mEasy.inProgress {}
[90mstdout[2m | src/components/ChatSidebar/BlockInsertPreview.stories.jsx[2m > [22m[2mMeaning Association Block
[22m[39mHard.attemptedAnswers {}
[90mstdout[2m | src/components/ChatSidebar/BlockInsertPreview.stories.jsx[2m > [22m[2mMeaning Association Block
[22m[39m[SectionContext] Section observeQuery update: 0
[90mstdout[2m | src/components/ChatSidebar/BlockInsertPreview.stories.jsx[2m > [22m[2mMeaning Association Block
[22m[39m[FilesContext] File observeQuery update: 6 files
[90mstdout[2m | src/components/ChatSidebar/BlockInsertPreview.stories.jsx[2m > [22m[2mMeaning Association Block
[22m[39m[ChatContext] AssistantChat initialized with 1 chats
[90mstdout[2m | src/components/ChatSidebar/BlockInsertPreview.stories.jsx[2m > [22m[2mMeaning Association Block
[22m[39m[ChatContext] Setting initial chat: mock-assistant-chat-1
[90mstdout[2m | src/components/ChatSidebar/BlockInsertPreview.stories.jsx[2m > [22m[2mMeaning Association Block
[22m[39m[MOCK CourseVectorStore] Initialized with mock data
[90mstdout[2m | src/components/ChatSidebar/BlockInsertPreview.stories.jsx[2m > [22m[2mMeaning Association Block
[22m[39mEasy.nodeKey preview-meaning-association type: string
[90mstdout[2m | src/components/ChatSidebar/BlockInsertPreview.stories.jsx[2m > [22m[2mMeaning Association Block
[22m[39mEasy.grade: undefined
[90mstdout[2m | src/components/ChatSidebar/BlockInsertPreview.stories.jsx[2m > [22m[2mMeaning Association Block
[22m[39mEasy.grade.data: undefined
[90mstdout[2m | src/components/ChatSidebar/BlockInsertPreview.stories.jsx[2m > [22m[2mMeaning Association Block
[22m[39mEasy.grade.data === grade? true
[90mstdout[2m | src/components/ChatSidebar/BlockInsertPreview.stories.jsx[2m > [22m[2mMeaning Association Block
[22m[39mEasy.grade.data keys: no data
[90mstdout[2m | src/components/ChatSidebar/BlockInsertPreview.stories.jsx[2m > [22m[2mMeaning Association Block
[22m[39mEasy.grade.data[nodeKey]: undefined
[90mstdout[2m | src/components/ChatSidebar/BlockInsertPreview.stories.jsx[2m > [22m[2mMeaning Association Block
[22m[39mEasy.inProgress {}
[90mstdout[2m | src/components/ChatSidebar/BlockInsertPreview.stories.jsx[2m > [22m[2mMeaning Association Block
[22m[39mHard.attemptedAnswers {}
[90mstdout[2m | src/components/ChatSidebar/BlockInsertPreview.stories.jsx[2m > [22m[2mMeaning Association Block
[22m[39mLearn._vocabulary [
  {
    "definition": "red",
    "id": "word-aka",
    "owner": "mock-user",
    "phonetic": "aka",
    "phrase": "赤",
  },
  {
    "definition": "blue",
    "id": "word-ao",
    "owner": "mock-user",
    "phonetic": "ao",
    "phrase": "青",
  },
  {
    "definition": "green",
    "id": "word-midori",
    "owner": "mock-user",
    "phonetic": "midori",
    "phrase": "緑",
  },
  {
    "definition": "yellow",
    "id": "word-kiiro",
    "owner": "mock-user",
    "phonetic": "kiiro",
    "phrase": "黄色",
  },
]
[90mstdout[2m | src/components/ChatSidebar/BlockInsertPreview.stories.jsx[2m > [22m[2mMeaning Association Block
[22m[39mMeaningAssociationExercise._vocabulary [
  {
    "definition": "red",
    "id": "word-aka",
    "owner": "mock-user",
    "phonetic": "aka",
    "phrase": "赤",
  },
  {
    "definition": "blue",
    "id": "word-ao",
    "owner": "mock-user",
    "phonetic": "ao",
    "phrase": "青",
  },
  {
    "definition": "green",
    "id": "word-midori",
    "owner": "mock-user",
    "phonetic": "midori",
    "phrase": "緑",
  },
  {
    "definition": "yellow",
    "id": "word-kiiro",
    "owner": "mock-user",
    "phonetic": "kiiro",
    "phrase": "黄色",
  },
]
[90mstdout[2m | src/components/ChatSidebar/BlockInsertPreview.stories.jsx[2m > [22m[2mMeaning Association Block
[22m[39mHard._vocabulary [
  {
    "definition": "red",
    "id": "word-aka",
    "owner": "mock-user",
    "phonetic": "aka",
    "phrase": "赤",
  },
  {
    "definition": "blue",
    "id": "word-ao",
    "owner": "mock-user",
    "phonetic": "ao",
    "phrase": "青",
  },
  {
    "definition": "green",
    "id": "word-midori",
    "owner": "mock-user",
    "phonetic": "midori",
    "phrase": "緑",
  },
  {
    "definition": "yellow",
    "id": "word-kiiro",
    "owner": "mock-user",
    "phonetic": "kiiro",
    "phrase": "黄色",
  },
]
[90mstdout[2m | src/components/ChatSidebar/BlockInsertPreview.stories.jsx[2m > [22m[2mMeaning Association Block
[22m[39m[FilesContext] Vector store population triggered {
  "currentVectorStoreSize": 3,
  "documentsCount": 0,
  "filesCount": 6,
  "isInitialLoad": true,
}
[90mstdout[2m | src/components/ChatSidebar/BlockInsertPreview.stories.jsx[2m > [22m[2mMeaning Association Block
[22m[39m[FilesContext] Vector store population complete - 3 total embeddings
[90mstdout[2m | src/components/ChatSidebar/BlockInsertPreview.stories.jsx[2m > [22m[2mMeaning Association Block
[22m[39m[ChatContext] Chat exists and not archived, skipping creation
[90mstdout[2m | src/components/ChatSidebar/BlockInsertPreview.stories.jsx[2m > [22m[2mMeaning Association Block
[22m[39mEasy.nodeKey preview-meaning-association type: string
[90mstdout[2m | src/components/ChatSidebar/BlockInsertPreview.stories.jsx[2m > [22m[2mMeaning Association Block
[22m[39mEasy.grade: undefined
[90mstdout[2m | src/components/ChatSidebar/BlockInsertPreview.stories.jsx[2m > [22m[2mMeaning Association Block
[22m[39mEasy.grade.data: undefined
[90mstdout[2m | src/components/ChatSidebar/BlockInsertPreview.stories.jsx[2m > [22m[2mMeaning Association Block
[22m[39mEasy.grade.data === grade? true
[90mstdout[2m | src/components/ChatSidebar/BlockInsertPreview.stories.jsx[2m > [22m[2mMeaning Association Block
[22m[39mEasy.grade.data keys: no data
[90mstdout[2m | src/components/ChatSidebar/BlockInsertPreview.stories.jsx[2m > [22m[2mMeaning Association Block
[22m[39mEasy.grade.data[nodeKey]: undefined
[90mstdout[2m | src/components/ChatSidebar/BlockInsertPreview.stories.jsx[2m > [22m[2mMeaning Association Block
[22m[39mEasy.inProgress {}
[90mstdout[2m | src/components/ChatSidebar/BlockInsertPreview.stories.jsx[2m > [22m[2mMeaning Association Block
[22m[39mHard.attemptedAnswers {}
[90mstdout[2m | src/components/ChatSidebar/BlockInsertPreview.stories.jsx[2m > [22m[2mMeaning Association Block
[22m[39m[Mock Storage] downloadData called with: undefined
[90mstdout[2m | src/components/ChatSidebar/BlockInsertPreview.stories.jsx[2m > [22m[2mCustom Answer Block
[22m[39m[ChatContext] Cleaning up subscriptions
[90mstdout[2m | src/components/ChatSidebar/BlockInsertPreview.stories.jsx[2m > [22m[2mCustom Answer Block
[22m[39m[Mock Data] Unit.onUpdate() subscription removed. Remaining: 0
[90mstdout[2m | src/components/ChatSidebar/BlockInsertPreview.stories.jsx[2m > [22m[2mCustom Answer Block
[22m[39m[MOCK CourseVectorStore] Initialized with mock data
[90mstdout[2m | src/components/ChatSidebar/BlockInsertPreview.stories.jsx[2m > [22m[2mCustom Answer Block
[22m[39m[Mock Data] seedMockQuestions: Adding 2 questions
[90mstdout[2m | src/components/ChatSidebar/BlockInsertPreview.stories.jsx[2m > [22m[2mCustom Answer Block
[22m[39mCustomAnswerComponent.questionID q-1
[90mstdout[2m | src/components/ChatSidebar/BlockInsertPreview.stories.jsx[2m > [22m[2mCustom Answer Block
[22m[39mCustomAnswerComponent.questionBank []
[90mstdout[2m | src/components/ChatSidebar/BlockInsertPreview.stories.jsx[2m > [22m[2mCustom Answer Block
[22m[39mCustomAnswerComponent.question {}
[90mstdout[2m | src/components/ChatSidebar/BlockInsertPreview.stories.jsx[2m > [22m[2mCustom Answer Block
[22m[39mCustomAnswerComponent.question {}
[90mstdout[2m | src/components/ChatSidebar/BlockInsertPreview.stories.jsx[2m > [22m[2mCustom Answer Block
[22m[39mCustomAnswerComponent.prompt undefined
[90mstdout[2m | src/components/ChatSidebar/BlockInsertPreview.stories.jsx[2m > [22m[2mCustom Answer Block
[22m[39mCustomAnswerComponent.feedback[questionID] undefined
[90mstdout[2m | src/components/ChatSidebar/BlockInsertPreview.stories.jsx[2m > [22m[2mCustom Answer Block
[22m[39mCustomAnswerComponent.isCompleted undefined
[90mstdout[2m | src/components/ChatSidebar/BlockInsertPreview.stories.jsx[2m > [22m[2mCustom Answer Block
[22m[39mCustomAnswerComponent.currentPromptMethod text
[90mstdout[2m | src/components/ChatSidebar/BlockInsertPreview.stories.jsx[2m > [22m[2mCustom Answer Block
[22m[39mCustomAnswerComponent.displayPrompt undefined
[90mstdout[2m | src/components/ChatSidebar/BlockInsertPreview.stories.jsx[2m > [22m[2mCustom Answer Block
[22m[39mCustomAnswerComponent.questionID q-2
[90mstdout[2m | src/components/ChatSidebar/BlockInsertPreview.stories.jsx[2m > [22m[2mCustom Answer Block
[22m[39mCustomAnswerComponent.questionBank []
[90mstdout[2m | src/components/ChatSidebar/BlockInsertPreview.stories.jsx[2m > [22m[2mCustom Answer Block
[22m[39mCustomAnswerComponent.question {}
[90mstdout[2m | src/components/ChatSidebar/BlockInsertPreview.stories.jsx[2m > [22m[2mCustom Answer Block
[22m[39mCustomAnswerComponent.question {}
[90mstdout[2m | src/components/ChatSidebar/BlockInsertPreview.stories.jsx[2m > [22m[2mCustom Answer Block
[22m[39mCustomAnswerComponent.prompt undefined
[90mstdout[2m | src/components/ChatSidebar/BlockInsertPreview.stories.jsx[2m > [22m[2mCustom Answer Block
[22m[39mCustomAnswerComponent.feedback[questionID] undefined
[90mstdout[2m | src/components/ChatSidebar/BlockInsertPreview.stories.jsx[2m > [22m[2mCustom Answer Block
[22m[39mCustomAnswerComponent.isCompleted undefined
[90mstdout[2m | src/components/ChatSidebar/BlockInsertPreview.stories.jsx[2m > [22m[2mCustom Answer Block
[22m[39mCustomAnswerComponent.currentPromptMethod text
[90mstdout[2m | src/components/ChatSidebar/BlockInsertPreview.stories.jsx[2m > [22m[2mCustom Answer Block
[22m[39mCustomAnswerComponent.displayPrompt undefined
[90mstdout[2m | src/components/ChatSidebar/BlockInsertPreview.stories.jsx[2m > [22m[2mCustom Answer Block
[22m[39mallowedInput [
  "text",
]
[90mstdout[2m | src/components/ChatSidebar/BlockInsertPreview.stories.jsx[2m > [22m[2mCustom Answer Block
[22m[39mpromptMethod [
  "text",
]
[90mstdout[2m | src/components/ChatSidebar/BlockInsertPreview.stories.jsx[2m > [22m[2mCustom Answer Block
[22m[39mAnswerComponent.currentPromptMethod text
[90mstdout[2m | src/components/ChatSidebar/BlockInsertPreview.stories.jsx[2m > [22m[2mCustom Answer Block
[22m[39mAnswerComponent.promptMethod [
  "text",
]
[90mstdout[2m | src/components/ChatSidebar/BlockInsertPreview.stories.jsx[2m > [22m[2mCustom Answer Block
[22m[39mallowedInput [
  "text",
]
[90mstdout[2m | src/components/ChatSidebar/BlockInsertPreview.stories.jsx[2m > [22m[2mCustom Answer Block
[22m[39mpromptMethod [
  "text",
]
[90mstdout[2m | src/components/ChatSidebar/BlockInsertPreview.stories.jsx[2m > [22m[2mCustom Answer Block
[22m[39mAnswerComponent.currentPromptMethod text
[90mstdout[2m | src/components/ChatSidebar/BlockInsertPreview.stories.jsx[2m > [22m[2mCustom Answer Block
[22m[39m[TranslationModeController] Setting mode to: off
[90mstdout[2m | src/components/ChatSidebar/BlockInsertPreview.stories.jsx[2m > [22m[2mCustom Answer Block
[22m[39m[UnitContext] useEffect triggered {
  "authLoading": false,
  "hasUser": true,
  "id": "mock-unit-id",
  "userSub": "mock-user-sub",
}
[90mstdout[2m | src/components/ChatSidebar/BlockInsertPreview.stories.jsx[2m > [22m[2mCustom Answer Block
[22m[39m[UnitContext] Fetching unit data for id: mock-unit-id
[90mstdout[2m | src/components/ChatSidebar/BlockInsertPreview.stories.jsx[2m > [22m[2mCustom Answer Block
[22m[39m[FilesContext] Initializing vector store from IndexedDB
[90mstdout[2m | src/components/ChatSidebar/BlockInsertPreview.stories.jsx[2m > [22m[2mCustom Answer Block
[22m[39m[FilesContext] fetchFiles called
[90mstdout[2m | src/components/ChatSidebar/BlockInsertPreview.stories.jsx[2m > [22m[2mCustom Answer Block
[22m[39m[FilesContext] User authenticated: mock-user-sub
[90mstdout[2m | src/components/ChatSidebar/BlockInsertPreview.stories.jsx[2m > [22m[2mCustom Answer Block
[22m[39m[FilesContext] Identity ID: us-east-1:mock-identity-123
[90mstdout[2m | src/components/ChatSidebar/BlockInsertPreview.stories.jsx[2m > [22m[2mCustom Answer Block
[22m[39m[FilesContext] About to set up File observeQuery
[90mstdout[2m | src/components/ChatSidebar/BlockInsertPreview.stories.jsx[2m > [22m[2mCustom Answer Block
[22m[39m[ChatContext] Setting up AssistantChat observeQuery
[90mstdout[2m | src/components/ChatSidebar/BlockInsertPreview.stories.jsx[2m > [22m[2mCustom Answer Block
[22m[39m[ChatContext] Waiting for subscription to initialize
[90mstdout[2m | src/components/ChatSidebar/BlockInsertPreview.stories.jsx[2m > [22m[2mCustom Answer Block
[22m[39m[SettingsContext] Setting up Settings subscription for user: mock-user-sub
[90mstdout[2m | src/components/ChatSidebar/BlockInsertPreview.stories.jsx[2m > [22m[2mCustom Answer Block
[22m[39mCustomAnswerComponent.questionID q-1
[90mstdout[2m | src/components/ChatSidebar/BlockInsertPreview.stories.jsx[2m > [22m[2mCustom Answer Block
[22m[39mCustomAnswerComponent.questionBank []
[90mstdout[2m | src/components/ChatSidebar/BlockInsertPreview.stories.jsx[2m > [22m[2mCustom Answer Block
[22m[39mCustomAnswerComponent.question {}
[90mstdout[2m | src/components/ChatSidebar/BlockInsertPreview.stories.jsx[2m > [22m[2mCustom Answer Block
[22m[39mCustomAnswerComponent.question {}
[90mstdout[2m | src/components/ChatSidebar/BlockInsertPreview.stories.jsx[2m > [22m[2mCustom Answer Block
[22m[39mCustomAnswerComponent.prompt undefined
[90mstdout[2m | src/components/ChatSidebar/BlockInsertPreview.stories.jsx[2m > [22m[2mCustom Answer Block
[22m[39mCustomAnswerComponent.feedback[questionID] undefined
[90mstdout[2m | src/components/ChatSidebar/BlockInsertPreview.stories.jsx[2m > [22m[2mCustom Answer Block
[22m[39mCustomAnswerComponent.isCompleted undefined
[90mstdout[2m | src/components/ChatSidebar/BlockInsertPreview.stories.jsx[2m > [22m[2mCustom Answer Block
[22m[39mCustomAnswerComponent.currentPromptMethod text
[90mstdout[2m | src/components/ChatSidebar/BlockInsertPreview.stories.jsx[2m > [22m[2mCustom Answer Block
[22m[39mCustomAnswerComponent.displayPrompt undefined
[90mstdout[2m | src/components/ChatSidebar/BlockInsertPreview.stories.jsx[2m > [22m[2mCustom Answer Block
[22m[39mCustomAnswerComponent.questionID q-2
[90mstdout[2m | src/components/ChatSidebar/BlockInsertPreview.stories.jsx[2m > [22m[2mCustom Answer Block
[22m[39mCustomAnswerComponent.questionBank []
[90mstdout[2m | src/components/ChatSidebar/BlockInsertPreview.stories.jsx[2m > [22m[2mCustom Answer Block
[22m[39mCustomAnswerComponent.question {}
[90mstdout[2m | src/components/ChatSidebar/BlockInsertPreview.stories.jsx[2m > [22m[2mCustom Answer Block
[22m[39mCustomAnswerComponent.question {}
[90mstdout[2m | src/components/ChatSidebar/BlockInsertPreview.stories.jsx[2m > [22m[2mCustom Answer Block
[22m[39mCustomAnswerComponent.prompt undefined
[90mstdout[2m | src/components/ChatSidebar/BlockInsertPreview.stories.jsx[2m > [22m[2mCustom Answer Block
[22m[39mCustomAnswerComponent.feedback[questionID] undefined
[90mstdout[2m | src/components/ChatSidebar/BlockInsertPreview.stories.jsx[2m > [22m[2mCustom Answer Block
[22m[39mCustomAnswerComponent.isCompleted undefined
[90mstdout[2m | src/components/ChatSidebar/BlockInsertPreview.stories.jsx[2m > [22m[2mCustom Answer Block
[22m[39mCustomAnswerComponent.currentPromptMethod text
[90mstdout[2m | src/components/ChatSidebar/BlockInsertPreview.stories.jsx[2m > [22m[2mCustom Answer Block
[22m[39mCustomAnswerComponent.displayPrompt undefined
[90mstdout[2m | src/components/ChatSidebar/BlockInsertPreview.stories.jsx[2m > [22m[2mCustom Answer Block
[22m[39m[Mock Data] Settings created: mock-settings-1790418597112 - notified 0 subscribers
[90mstdout[2m | src/components/ChatSidebar/BlockInsertPreview.stories.jsx[2m > [22m[2mCustom Answer Block
[22m[39m[Mock Data] Unit.onUpdate() subscription added. Total: 1
[90mstdout[2m | src/components/ChatSidebar/BlockInsertPreview.stories.jsx[2m > [22m[2mCustom Answer Block
[22m[39mCustomAnswerComponent.questionID q-1
[90mstdout[2m | src/components/ChatSidebar/BlockInsertPreview.stories.jsx[2m > [22m[2mCustom Answer Block
[22m[39mCustomAnswerComponent.questionBank []
[90mstdout[2m | src/components/ChatSidebar/BlockInsertPreview.stories.jsx[2m > [22m[2mCustom Answer Block
[22m[39mCustomAnswerComponent.question {}
[90mstdout[2m | src/components/ChatSidebar/BlockInsertPreview.stories.jsx[2m > [22m[2mCustom Answer Block
[22m[39mCustomAnswerComponent.question {}
[90mstdout[2m | src/components/ChatSidebar/BlockInsertPreview.stories.jsx[2m > [22m[2mCustom Answer Block
[22m[39mCustomAnswerComponent.prompt undefined
[90mstdout[2m | src/components/ChatSidebar/BlockInsertPreview.stories.jsx[2m > [22m[2mCustom Answer Block
[22m[39mCustomAnswerComponent.feedback[questionID] undefined
[90mstdout[2m | src/components/ChatSidebar/BlockInsertPreview.stories.jsx[2m > [22m[2mCustom Answer Block
[22m[39mCustomAnswerComponent.isCompleted undefined
[90mstdout[2m | src/components/ChatSidebar/BlockInsertPreview.stories.jsx[2m > [22m[2mCustom Answer Block
[22m[39mCustomAnswerComponent.currentPromptMethod text
[90mstdout[2m | src/components/ChatSidebar/BlockInsertPreview.stories.jsx[2m > [22m[2mCustom Answer Block
[22m[39mCustomAnswerComponent.displayPrompt undefined
[90mstdout[2m | src/components/ChatSidebar/BlockInsertPreview.stories.jsx[2m > [22m[2mCustom Answer Block
[22m[39mCustomAnswerComponent.questionID q-2
[90mstdout[2m | src/components/ChatSidebar/BlockInsertPreview.stories.jsx[2m > [22m[2mCustom Answer Block
[22m[39mCustomAnswerComponent.questionBank []
[90mstdout[2m | src/components/ChatSidebar/BlockInsertPreview.stories.jsx[2m > [22m[2mCustom Answer Block
[22m[39mCustomAnswerComponent.question {}
[90mstdout[2m | src/components/ChatSidebar/BlockInsertPreview.stories.jsx[2m > [22m[2mCustom Answer Block
[22m[39mCustomAnswerComponent.question {}
[90mstdout[2m | src/components/ChatSidebar/BlockInsertPreview.stories.jsx[2m > [22m[2mCustom Answer Block
[22m[39mCustomAnswerComponent.prompt undefined
[90mstdout[2m | src/components/ChatSidebar/BlockInsertPreview.stories.jsx[2m > [22m[2mCustom Answer Block
[22m[39mCustomAnswerComponent.feedback[questionID] undefined
[90mstdout[2m | src/components/ChatSidebar/BlockInsertPreview.stories.jsx[2m > [22m[2mCustom Answer Block
[22m[39mCustomAnswerComponent.isCompleted undefined
[90mstdout[2m | src/components/ChatSidebar/BlockInsertPreview.stories.jsx[2m > [22m[2mCustom Answer Block
[22m[39mCustomAnswerComponent.currentPromptMethod text
[90mstdout[2m | src/components/ChatSidebar/BlockInsertPreview.stories.jsx[2m > [22m[2mCustom Answer Block
[22m[39mCustomAnswerComponent.displayPrompt undefined
[90mstdout[2m | src/components/ChatSidebar/BlockInsertPreview.stories.jsx[2m > [22m[2mCustom Answer Block
[22m[39m[SectionContext] Section observeQuery update: 0
[90mstdout[2m | src/components/ChatSidebar/BlockInsertPreview.stories.jsx[2m > [22m[2mCustom Answer Block
[22m[39m[FilesContext] File observeQuery update: 6 files
[90mstdout[2m | src/components/ChatSidebar/BlockInsertPreview.stories.jsx[2m > [22m[2mCustom Answer Block
[22m[39m[ChatContext] AssistantChat initialized with 1 chats
[90mstdout[2m | src/components/ChatSidebar/BlockInsertPreview.stories.jsx[2m > [22m[2mCustom Answer Block
[22m[39m[ChatContext] Setting initial chat: mock-assistant-chat-1
[90mstdout[2m | src/components/ChatSidebar/BlockInsertPreview.stories.jsx[2m > [22m[2mCustom Answer Block
[22m[39m[MOCK CourseVectorStore] Initialized with mock data
[90mstdout[2m | src/components/ChatSidebar/BlockInsertPreview.stories.jsx[2m > [22m[2mCustom Answer Block
[22m[39mCustomAnswerComponent.questionID q-1
[90mstdout[2m | src/components/ChatSidebar/BlockInsertPreview.stories.jsx[2m > [22m[2mCustom Answer Block
[22m[39mCustomAnswerComponent.questionBank {
  "q-1": {
    "answer": "おはよう",
    "id": "q-1",
    "owner": "mock-user",
    "phonetic": "ohayou",
    "prompt": "Listen and type what you hear",
  },
  "q-2": {
    "answer": "おやすみ",
    "id": "q-2",
    "owner": "mock-user",
    "phonetic": "oyasumi",
    "prompt": "Listen and type what you hear",
  },
}
[90mstdout[2m | src/components/ChatSidebar/BlockInsertPreview.stories.jsx[2m > [22m[2mCustom Answer Block
[22m[39mCustomAnswerComponent.question {
  "answer": "おはよう",
  "id": "q-1",
  "owner": "mock-user",
  "phonetic": "ohayou",
  "prompt": "Listen and type what you hear",
}
[90mstdout[2m | src/components/ChatSidebar/BlockInsertPreview.stories.jsx[2m > [22m[2mCustom Answer Block
[22m[39mCustomAnswerComponent.question {
  "answer": "おはよう",
  "id": "q-1",
  "owner": "mock-user",
  "phonetic": "ohayou",
  "prompt": "Listen and type what you hear",
}
[90mstdout[2m | src/components/ChatSidebar/BlockInsertPreview.stories.jsx[2m > [22m[2mCustom Answer Block
[22m[39mCustomAnswerComponent.prompt Listen and type what you hear
[90mstdout[2m | src/components/ChatSidebar/BlockInsertPreview.stories.jsx[2m > [22m[2mCustom Answer Block
[22m[39mCustomAnswerComponent.feedback[questionID] undefined
[90mstdout[2m | src/components/ChatSidebar/BlockInsertPreview.stories.jsx[2m > [22m[2mCustom Answer Block
[22m[39mCustomAnswerComponent.isCompleted undefined
[90mstdout[2m | src/components/ChatSidebar/BlockInsertPreview.stories.jsx[2m > [22m[2mCustom Answer Block
[22m[39mCustomAnswerComponent.currentPromptMethod text
[90mstdout[2m | src/components/ChatSidebar/BlockInsertPreview.stories.jsx[2m > [22m[2mCustom Answer Block
[22m[39mCustomAnswerComponent.displayPrompt Listen and type what you hear
[90mstdout[2m | src/components/ChatSidebar/BlockInsertPreview.stories.jsx[2m > [22m[2mCustom Answer Block
[22m[39mCustomAnswerComponent.questionID q-2
[90mstdout[2m | src/components/ChatSidebar/BlockInsertPreview.stories.jsx[2m > [22m[2mCustom Answer Block
[22m[39mCustomAnswerComponent.questionBank {
  "q-1": {
    "answer": "おはよう",
    "id": "q-1",
    "owner": "mock-user",
    "phonetic": "ohayou",
    "prompt": "Listen and type what you hear",
  },
  "q-2": {
    "answer": "おやすみ",
    "id": "q-2",
    "owner": "mock-user",
    "phonetic": "oyasumi",
    "prompt": "Listen and type what you hear",
  },
}
[90mstdout[2m | src/components/ChatSidebar/BlockInsertPreview.stories.jsx[2m > [22m[2mCustom Answer Block
[22m[39mCustomAnswerComponent.question {
  "answer": "おやすみ",
  "id": "q-2",
  "owner": "mock-user",
  "phonetic": "oyasumi",
  "prompt": "Listen and type what you hear",
}
[90mstdout[2m | src/components/ChatSidebar/BlockInsertPreview.stories.jsx[2m > [22m[2mCustom Answer Block
[22m[39mCustomAnswerComponent.question {
  "answer": "おやすみ",
  "id": "q-2",
  "owner": "mock-user",
  "phonetic": "oyasumi",
  "prompt": "Listen and type what you hear",
}
[90mstdout[2m | src/components/ChatSidebar/BlockInsertPreview.stories.jsx[2m > [22m[2mCustom Answer Block
[22m[39mCustomAnswerComponent.prompt Listen and type what you hear
[90mstdout[2m | src/components/ChatSidebar/BlockInsertPreview.stories.jsx[2m > [22m[2mCustom Answer Block
[22m[39mCustomAnswerComponent.feedback[questionID] undefined
[90mstdout[2m | src/components/ChatSidebar/BlockInsertPreview.stories.jsx[2m > [22m[2mCustom Answer Block
[22m[39mCustomAnswerComponent.isCompleted undefined
[90mstdout[2m | src/components/ChatSidebar/BlockInsertPreview.stories.jsx[2m > [22m[2mCustom Answer Block
[22m[39mCustomAnswerComponent.currentPromptMethod text
[90mstdout[2m | src/components/ChatSidebar/BlockInsertPreview.stories.jsx[2m > [22m[2mCustom Answer Block
[22m[39mCustomAnswerComponent.displayPrompt Listen and type what you hear
[90mstdout[2m | src/components/ChatSidebar/BlockInsertPreview.stories.jsx[2m > [22m[2mCustom Answer Block
[22m[39m[FilesContext] Vector store population triggered {
  "currentVectorStoreSize": 3,
  "documentsCount": 0,
  "filesCount": 6,
  "isInitialLoad": true,
}
[90mstdout[2m | src/components/ChatSidebar/BlockInsertPreview.stories.jsx[2m > [22m[2mCustom Answer Block
[22m[39m[FilesContext] Vector store population complete - 3 total embeddings
[90mstdout[2m | src/components/ChatSidebar/BlockInsertPreview.stories.jsx[2m > [22m[2mCustom Answer Block
[22m[39m[ChatContext] Chat exists and not archived, skipping creation
[90mstdout[2m | src/components/ChatSidebar/BlockInsertPreview.stories.jsx[2m > [22m[2mCustom Answer Block
[22m[39m[Mock Storage] downloadData called with: undefined
[90mstdout[2m | src/components/ChatSidebar/BlockInsertPreview.stories.jsx[2m > [22m[2mContent Block
[22m[39m[ChatContext] Cleaning up subscriptions
[90mstdout[2m | src/components/ChatSidebar/BlockInsertPreview.stories.jsx[2m > [22m[2mContent Block
[22m[39m[Mock Data] Unit.onUpdate() subscription removed. Remaining: 0
[90mstdout[2m | src/components/ChatSidebar/BlockInsertPreview.stories.jsx[2m > [22m[2mContent Block
[22m[39m[MOCK CourseVectorStore] Initialized with mock data
[90mstdout[2m | src/components/ChatSidebar/BlockInsertPreview.stories.jsx[2m > [22m[2mContent Block
[22m[39m[TranslationModeController] Setting mode to: off
[90mstdout[2m | src/components/ChatSidebar/BlockInsertPreview.stories.jsx[2m > [22m[2mContent Block
[22m[39m[UnitContext] useEffect triggered {
  "authLoading": false,
  "hasUser": true,
  "id": "mock-unit-id",
  "userSub": "mock-user-sub",
}
[90mstdout[2m | src/components/ChatSidebar/BlockInsertPreview.stories.jsx[2m > [22m[2mContent Block
[22m[39m[UnitContext] Fetching unit data for id: mock-unit-id
[90mstdout[2m | src/components/ChatSidebar/BlockInsertPreview.stories.jsx[2m > [22m[2mContent Block
[22m[39m[FilesContext] Initializing vector store from IndexedDB
[90mstdout[2m | src/components/ChatSidebar/BlockInsertPreview.stories.jsx[2m > [22m[2mContent Block
[22m[39m[FilesContext] fetchFiles called
[90mstdout[2m | src/components/ChatSidebar/BlockInsertPreview.stories.jsx[2m > [22m[2mContent Block
[22m[39m[FilesContext] User authenticated: mock-user-sub
[90mstdout[2m | src/components/ChatSidebar/BlockInsertPreview.stories.jsx[2m > [22m[2mContent Block
[22m[39m[FilesContext] Identity ID: us-east-1:mock-identity-123
[90mstdout[2m | src/components/ChatSidebar/BlockInsertPreview.stories.jsx[2m > [22m[2mContent Block
[22m[39m[FilesContext] About to set up File observeQuery
[90mstdout[2m | src/components/ChatSidebar/BlockInsertPreview.stories.jsx[2m > [22m[2mContent Block
[22m[39m[ChatContext] Setting up AssistantChat observeQuery
[90mstdout[2m | src/components/ChatSidebar/BlockInsertPreview.stories.jsx[2m > [22m[2mContent Block
[22m[39m[ChatContext] Waiting for subscription to initialize
[90mstdout[2m | src/components/ChatSidebar/BlockInsertPreview.stories.jsx[2m > [22m[2mContent Block
[22m[39m[SettingsContext] Setting up Settings subscription for user: mock-user-sub
[90mstdout[2m | src/components/ChatSidebar/BlockInsertPreview.stories.jsx[2m > [22m[2mContent Block
[22m[39m[Mock Data] Settings created: mock-settings-1790418597343 - notified 0 subscribers
[90mstdout[2m | src/components/ChatSidebar/BlockInsertPreview.stories.jsx[2m > [22m[2mContent Block
[22m[39m[Mock Data] Unit.onUpdate() subscription added. Total: 1
[90mstdout[2m | src/components/ChatSidebar/BlockInsertPreview.stories.jsx[2m > [22m[2mContent Block
[22m[39m[SectionContext] Section observeQuery update: 0
[90mstdout[2m | src/components/ChatSidebar/BlockInsertPreview.stories.jsx[2m > [22m[2mContent Block
[22m[39m[Mock Storage] downloadData called with: undefined
[90mstdout[2m | src/components/ChatSidebar/BlockInsertPreview.stories.jsx[2m > [22m[2mContent Block
[22m[39m[FilesContext] File observeQuery update: 6 files
[90mstdout[2m | src/components/ChatSidebar/BlockInsertPreview.stories.jsx[2m > [22m[2mContent Block
[22m[39m[MOCK CourseVectorStore] Initialized with mock data
[90mstdout[2m | src/components/ChatSidebar/BlockInsertPreview.stories.jsx[2m > [22m[2mContent Block
[22m[39m[FilesContext] Vector store population triggered {
  "currentVectorStoreSize": 3,
  "documentsCount": 0,
  "filesCount": 6,
  "isInitialLoad": true,
}
[90mstdout[2m | src/components/ChatSidebar/BlockInsertPreview.stories.jsx[2m > [22m[2mContent Block
[22m[39m[FilesContext] Vector store population complete - 3 total embeddings
[90mstdout[2m | src/components/ChatSidebar/BlockInsertPreview.stories.jsx[2m > [22m[2mContent Block
[22m[39m[ChatContext] AssistantChat initialized with 1 chats
[90mstdout[2m | src/components/ChatSidebar/BlockInsertPreview.stories.jsx[2m > [22m[2mContent Block
[22m[39m[ChatContext] Setting initial chat: mock-assistant-chat-1
[90mstdout[2m | src/components/ChatSidebar/BlockInsertPreview.stories.jsx[2m > [22m[2mContent Block
[22m[39m[ChatContext] Chat exists and not archived, skipping creation
[90mstdout[2m | src/components/ChatSidebar/BlockInsertPreview.stories.jsx[2m > [22m[2mAll Block Types
[22m[39m[ChatContext] Cleaning up subscriptions
[90mstdout[2m | src/components/ChatSidebar/BlockInsertPreview.stories.jsx[2m > [22m[2mAll Block Types
[22m[39m[Mock Data] Unit.onUpdate() subscription removed. Remaining: 0
[90mstdout[2m | src/components/ChatSidebar/BlockInsertPreview.stories.jsx[2m > [22m[2mAll Block Types
[22m[39m[MOCK CourseVectorStore] Initialized with mock data
[90mstdout[2m | src/components/ChatSidebar/BlockInsertPreview.stories.jsx[2m > [22m[2mAll Block Types
[22m[39m[Mock Data] seedMockWords: Adding 3 words
[90mstdout[2m | src/components/ChatSidebar/BlockInsertPreview.stories.jsx[2m > [22m[2mAll Block Types
[22m[39mQuestionBlockRo.grade {}
[90mstdout[2m | src/components/ChatSidebar/BlockInsertPreview.stories.jsx[2m > [22m[2mAll Block Types
[22m[39m......!q {
  "answer": "か (ka)",
  "correct": true,
  "id": "q1-a",
  "question": "Which character is "ka"?",
}
[90mstdout[2m | src/components/ChatSidebar/BlockInsertPreview.stories.jsx[2m > [22m[2mAll Block Types
[22m[39m......!q {
  "answer": "き (ki)",
  "correct": false,
  "id": "q1-b",
  "question": "Which character is "ka"?",
}
[90mstdout[2m | src/components/ChatSidebar/BlockInsertPreview.stories.jsx[2m > [22m[2mAll Block Types
[22m[39m......!q {
  "answer": "く (ku)",
  "correct": false,
  "id": "q1-c",
  "question": "Which character is "ka"?",
}
[90mstdout[2m | src/components/ChatSidebar/BlockInsertPreview.stories.jsx[2m > [22m[2mAll Block Types
[22m[39mQuestionBlock.nodeKey preview-quiz-0 type: string
[90mstdout[2m | src/components/ChatSidebar/BlockInsertPreview.stories.jsx[2m > [22m[2mAll Block Types
[22m[39mQuestionBlock.questionContent [
  {
    "answer": "か (ka)",
    "correct": true,
    "id": "q1-a",
    "question": "Which character is "ka"?",
  },
  {
    "answer": "き (ki)",
    "correct": false,
    "id": "q1-b",
    "question": "Which character is "ka"?",
  },
  {
    "answer": "く (ku)",
    "correct": false,
    "id": "q1-c",
    "question": "Which character is "ka"?",
  },
]
[90mstdout[2m | src/components/ChatSidebar/BlockInsertPreview.stories.jsx[2m > [22m[2mAll Block Types
[22m[39mQuestionBlock.grade.data keys: []
[90mstdout[2m | src/components/ChatSidebar/BlockInsertPreview.stories.jsx[2m > [22m[2mAll Block Types
[22m[39mQuestionBlock.grade.data[nodeKey]: undefined
[90mstdout[2m | src/components/ChatSidebar/BlockInsertPreview.stories.jsx[2m > [22m[2mAll Block Types
[22m[39mQuestionBlockRo.inProgress {}
[90mstdout[2m | src/components/ChatSidebar/BlockInsertPreview.stories.jsx[2m > [22m[2mAll Block Types
[22m[39mEasy.nodeKey preview-meaning-association type: string
[90mstdout[2m | src/components/ChatSidebar/BlockInsertPreview.stories.jsx[2m > [22m[2mAll Block Types
[22m[39mEasy.grade: {}
[90mstdout[2m | src/components/ChatSidebar/BlockInsertPreview.stories.jsx[2m > [22m[2mAll Block Types
[22m[39mEasy.grade.data: undefined
[90mstdout[2m | src/components/ChatSidebar/BlockInsertPreview.stories.jsx[2m > [22m[2mAll Block Types
[22m[39mEasy.grade.data === grade? false
[90mstdout[2m | src/components/ChatSidebar/BlockInsertPreview.stories.jsx[2m > [22m[2mAll Block Types
[22m[39mEasy.grade.data keys: no data
[90mstdout[2m | src/components/ChatSidebar/BlockInsertPreview.stories.jsx[2m > [22m[2mAll Block Types
[22m[39mEasy.grade.data[nodeKey]: undefined
[90mstdout[2m | src/components/ChatSidebar/BlockInsertPreview.stories.jsx[2m > [22m[2mAll Block Types
[22m[39mEasy.inProgress {}
[90mstdout[2m | src/components/ChatSidebar/BlockInsertPreview.stories.jsx[2m > [22m[2mAll Block Types
[22m[39mLearn._vocabulary []
[90mstdout[2m | src/components/ChatSidebar/BlockInsertPreview.stories.jsx[2m > [22m[2mAll Block Types
[22m[39mMeaningAssociationExercise._vocabulary []
[90mstdout[2m | src/components/ChatSidebar/BlockInsertPreview.stories.jsx[2m > [22m[2mAll Block Types
[22m[39m[TranslationModeController] Setting mode to: off
[90mstdout[2m | src/components/ChatSidebar/BlockInsertPreview.stories.jsx[2m > [22m[2mAll Block Types
[22m[39m[UnitContext] useEffect triggered {
  "authLoading": false,
  "hasUser": true,
  "id": "mock-unit-id",
  "userSub": "mock-user-sub",
}
[90mstdout[2m | src/components/ChatSidebar/BlockInsertPreview.stories.jsx[2m > [22m[2mAll Block Types
[22m[39m[UnitContext] Fetching unit data for id: mock-unit-id
[90mstdout[2m | src/components/ChatSidebar/BlockInsertPreview.stories.jsx[2m > [22m[2mAll Block Types
[22m[39m[FilesContext] Initializing vector store from IndexedDB
[90mstdout[2m | src/components/ChatSidebar/BlockInsertPreview.stories.jsx[2m > [22m[2mAll Block Types
[22m[39m[FilesContext] fetchFiles called
[90mstdout[2m | src/components/ChatSidebar/BlockInsertPreview.stories.jsx[2m > [22m[2mAll Block Types
[22m[39m[FilesContext] User authenticated: mock-user-sub
[90mstdout[2m | src/components/ChatSidebar/BlockInsertPreview.stories.jsx[2m > [22m[2mAll Block Types
[22m[39m[FilesContext] Identity ID: us-east-1:mock-identity-123
[90mstdout[2m | src/components/ChatSidebar/BlockInsertPreview.stories.jsx[2m > [22m[2mAll Block Types
[22m[39m[FilesContext] About to set up File observeQuery
[90mstdout[2m | src/components/ChatSidebar/BlockInsertPreview.stories.jsx[2m > [22m[2mAll Block Types
[22m[39m[ChatContext] Setting up AssistantChat observeQuery
[90mstdout[2m | src/components/ChatSidebar/BlockInsertPreview.stories.jsx[2m > [22m[2mAll Block Types
[22m[39m[ChatContext] Waiting for subscription to initialize
[90mstdout[2m | src/components/ChatSidebar/BlockInsertPreview.stories.jsx[2m > [22m[2mAll Block Types
[22m[39m[SettingsContext] Setting up Settings subscription for user: mock-user-sub
[90mstdout[2m | src/components/ChatSidebar/BlockInsertPreview.stories.jsx[2m > [22m[2mAll Block Types
[22m[39mQuestionBlockRo.grade {}
[90mstdout[2m | src/components/ChatSidebar/BlockInsertPreview.stories.jsx[2m > [22m[2mAll Block Types
[22m[39m......!q {
  "answer": "か (ka)",
  "correct": true,
  "id": "q1-a",
  "question": "Which character is "ka"?",
}
[90mstdout[2m | src/components/ChatSidebar/BlockInsertPreview.stories.jsx[2m > [22m[2mAll Block Types
[22m[39m......!q {
  "answer": "き (ki)",
  "correct": false,
  "id": "q1-b",
  "question": "Which character is "ka"?",
}
[90mstdout[2m | src/components/ChatSidebar/BlockInsertPreview.stories.jsx[2m > [22m[2mAll Block Types
[22m[39m......!q {
  "answer": "く (ku)",
  "correct": false,
  "id": "q1-c",
  "question": "Which character is "ka"?",
}
[90mstdout[2m | src/components/ChatSidebar/BlockInsertPreview.stories.jsx[2m > [22m[2mAll Block Types
[22m[39mQuestionBlock.nodeKey preview-quiz-0 type: string
[90mstdout[2m | src/components/ChatSidebar/BlockInsertPreview.stories.jsx[2m > [22m[2mAll Block Types
[22m[39mQuestionBlock.questionContent [
  {
    "answer": "か (ka)",
    "correct": true,
    "id": "q1-a",
    "question": "Which character is "ka"?",
  },
  {
    "answer": "き (ki)",
    "correct": false,
    "id": "q1-b",
    "question": "Which character is "ka"?",
  },
  {
    "answer": "く (ku)",
    "correct": false,
    "id": "q1-c",
    "question": "Which character is "ka"?",
  },
]
[90mstdout[2m | src/components/ChatSidebar/BlockInsertPreview.stories.jsx[2m > [22m[2mAll Block Types
[22m[39mQuestionBlock.grade.data keys: []
[90mstdout[2m | src/components/ChatSidebar/BlockInsertPreview.stories.jsx[2m > [22m[2mAll Block Types
[22m[39mQuestionBlock.grade.data[nodeKey]: undefined
[90mstdout[2m | src/components/ChatSidebar/BlockInsertPreview.stories.jsx[2m > [22m[2mAll Block Types
[22m[39mQuestionBlockRo.inProgress {}
[90mstdout[2m | src/components/ChatSidebar/BlockInsertPreview.stories.jsx[2m > [22m[2mAll Block Types
[22m[39mEasy.nodeKey preview-meaning-association type: string
[90mstdout[2m | src/components/ChatSidebar/BlockInsertPreview.stories.jsx[2m > [22m[2mAll Block Types
[22m[39mEasy.grade: {}
[90mstdout[2m | src/components/ChatSidebar/BlockInsertPreview.stories.jsx[2m > [22m[2mAll Block Types
[22m[39mEasy.grade.data: undefined
[90mstdout[2m | src/components/ChatSidebar/BlockInsertPreview.stories.jsx[2m > [22m[2mAll Block Types
[22m[39mEasy.grade.data === grade? false
[90mstdout[2m | src/components/ChatSidebar/BlockInsertPreview.stories.jsx[2m > [22m[2mAll Block Types
[22m[39mEasy.grade.data keys: no data
[90mstdout[2m | src/components/ChatSidebar/BlockInsertPreview.stories.jsx[2m > [22m[2mAll Block Types
[22m[39mEasy.grade.data[nodeKey]: undefined
[90mstdout[2m | src/components/ChatSidebar/BlockInsertPreview.stories.jsx[2m > [22m[2mAll Block Types
[22m[39mEasy.inProgress {}
[90mstdout[2m | src/components/ChatSidebar/BlockInsertPreview.stories.jsx[2m > [22m[2mAll Block Types
[22m[39m[Mock Data] Settings created: mock-settings-1790418597622 - notified 0 subscribers
[90mstdout[2m | src/components/ChatSidebar/BlockInsertPreview.stories.jsx[2m > [22m[2mAll Block Types
[22m[39m[Mock Data] Unit.onUpdate() subscription added. Total: 1
[90mstdout[2m | src/components/ChatSidebar/BlockInsertPreview.stories.jsx[2m > [22m[2mAll Block Types
[22m[39mQuestionBlockRo.grade {}
[90mstdout[2m | src/components/ChatSidebar/BlockInsertPreview.stories.jsx[2m > [22m[2mAll Block Types
[22m[39m......!q {
  "answer": "か (ka)",
  "correct": true,
  "id": "q1-a",
  "question": "Which character is "ka"?",
}
[90mstdout[2m | src/components/ChatSidebar/BlockInsertPreview.stories.jsx[2m > [22m[2mAll Block Types
[22m[39m......!q {
  "answer": "き (ki)",
  "correct": false,
  "id": "q1-b",
  "question": "Which character is "ka"?",
}
[90mstdout[2m | src/components/ChatSidebar/BlockInsertPreview.stories.jsx[2m > [22m[2mAll Block Types
[22m[39m......!q {
  "answer": "く (ku)",
  "correct": false,
  "id": "q1-c",
  "question": "Which character is "ka"?",
}
[90mstdout[2m | src/components/ChatSidebar/BlockInsertPreview.stories.jsx[2m > [22m[2mAll Block Types
[22m[39mQuestionBlock.nodeKey preview-quiz-0 type: string
[90mstdout[2m | src/components/ChatSidebar/BlockInsertPreview.stories.jsx[2m > [22m[2mAll Block Types
[22m[39mQuestionBlock.questionContent [
  {
    "answer": "か (ka)",
    "correct": true,
    "id": "q1-a",
    "question": "Which character is "ka"?",
  },
  {
    "answer": "き (ki)",
    "correct": false,
    "id": "q1-b",
    "question": "Which character is "ka"?",
  },
  {
    "answer": "く (ku)",
    "correct": false,
    "id": "q1-c",
    "question": "Which character is "ka"?",
  },
]
[90mstdout[2m | src/components/ChatSidebar/BlockInsertPreview.stories.jsx[2m > [22m[2mAll Block Types
[22m[39mQuestionBlock.grade.data keys: []
[90mstdout[2m | src/components/ChatSidebar/BlockInsertPreview.stories.jsx[2m > [22m[2mAll Block Types
[22m[39mQuestionBlock.grade.data[nodeKey]: undefined
[90mstdout[2m | src/components/ChatSidebar/BlockInsertPreview.stories.jsx[2m > [22m[2mAll Block Types
[22m[39mQuestionBlockRo.inProgress {}
[90mstdout[2m | src/components/ChatSidebar/BlockInsertPreview.stories.jsx[2m > [22m[2mAll Block Types
[22m[39mEasy.nodeKey preview-meaning-association type: string
[90mstdout[2m | src/components/ChatSidebar/BlockInsertPreview.stories.jsx[2m > [22m[2mAll Block Types
[22m[39mEasy.grade: {}
[90mstdout[2m | src/components/ChatSidebar/BlockInsertPreview.stories.jsx[2m > [22m[2mAll Block Types
[22m[39mEasy.grade.data: undefined
[90mstdout[2m | src/components/ChatSidebar/BlockInsertPreview.stories.jsx[2m > [22m[2mAll Block Types
[22m[39mEasy.grade.data === grade? false
[90mstdout[2m | src/components/ChatSidebar/BlockInsertPreview.stories.jsx[2m > [22m[2mAll Block Types
[22m[39mEasy.grade.data keys: no data
[90mstdout[2m | src/components/ChatSidebar/BlockInsertPreview.stories.jsx[2m > [22m[2mAll Block Types
[22m[39mEasy.grade.data[nodeKey]: undefined
[90mstdout[2m | src/components/ChatSidebar/BlockInsertPreview.stories.jsx[2m > [22m[2mAll Block Types
[22m[39mEasy.inProgress {}
[90mstdout[2m | src/components/ChatSidebar/BlockInsertPreview.stories.jsx[2m > [22m[2mAll Block Types
[22m[39m[SectionContext] Section observeQuery update: 0
[90mstdout[2m | src/components/ChatSidebar/BlockInsertPreview.stories.jsx[2m > [22m[2mAll Block Types
[22m[39m[FilesContext] File observeQuery update: 6 files
[90mstdout[2m | src/components/ChatSidebar/BlockInsertPreview.stories.jsx[2m > [22m[2mAll Block Types
[22m[39m[ChatContext] AssistantChat initialized with 1 chats
[90mstdout[2m | src/components/ChatSidebar/BlockInsertPreview.stories.jsx[2m > [22m[2mAll Block Types
[22m[39m[ChatContext] Setting initial chat: mock-assistant-chat-1
[90mstdout[2m | src/components/ChatSidebar/BlockInsertPreview.stories.jsx[2m > [22m[2mAll Block Types
[22m[39m[MOCK CourseVectorStore] Initialized with mock data
[90mstdout[2m | src/components/ChatSidebar/BlockInsertPreview.stories.jsx[2m > [22m[2mAll Block Types
[22m[39mQuestionBlockRo.grade undefined
[90mstdout[2m | src/components/ChatSidebar/BlockInsertPreview.stories.jsx[2m > [22m[2mAll Block Types
[22m[39m......!q {
  "answer": "か (ka)",
  "correct": true,
  "id": "q1-a",
  "question": "Which character is "ka"?",
}
[90mstdout[2m | src/components/ChatSidebar/BlockInsertPreview.stories.jsx[2m > [22m[2mAll Block Types
[22m[39m......!q {
  "answer": "き (ki)",
  "correct": false,
  "id": "q1-b",
  "question": "Which character is "ka"?",
}
[90mstdout[2m | src/components/ChatSidebar/BlockInsertPreview.stories.jsx[2m > [22m[2mAll Block Types
[22m[39m......!q {
  "answer": "く (ku)",
  "correct": false,
  "id": "q1-c",
  "question": "Which character is "ka"?",
}
[90mstdout[2m | src/components/ChatSidebar/BlockInsertPreview.stories.jsx[2m > [22m[2mAll Block Types
[22m[39mQuestionBlock.nodeKey preview-quiz-0 type: string
[90mstdout[2m | src/components/ChatSidebar/BlockInsertPreview.stories.jsx[2m > [22m[2mAll Block Types
[22m[39mQuestionBlock.questionContent [
  {
    "answer": "か (ka)",
    "correct": true,
    "id": "q1-a",
    "question": "Which character is "ka"?",
  },
  {
    "answer": "き (ki)",
    "correct": false,
    "id": "q1-b",
    "question": "Which character is "ka"?",
  },
  {
    "answer": "く (ku)",
    "correct": false,
    "id": "q1-c",
    "question": "Which character is "ka"?",
  },
]
[90mstdout[2m | src/components/ChatSidebar/BlockInsertPreview.stories.jsx[2m > [22m[2mAll Block Types
[22m[39mQuestionBlock.grade.data keys: []
[90mstdout[2m | src/components/ChatSidebar/BlockInsertPreview.stories.jsx[2m > [22m[2mAll Block Types
[22m[39mQuestionBlock.grade.data[nodeKey]: undefined
[90mstdout[2m | src/components/ChatSidebar/BlockInsertPreview.stories.jsx[2m > [22m[2mAll Block Types
[22m[39mQuestionBlockRo.inProgress {}
[90mstdout[2m | src/components/ChatSidebar/BlockInsertPreview.stories.jsx[2m > [22m[2mAll Block Types
[22m[39mEasy.nodeKey preview-meaning-association type: string
[90mstdout[2m | src/components/ChatSidebar/BlockInsertPreview.stories.jsx[2m > [22m[2mAll Block Types
[22m[39mEasy.grade: undefined
[90mstdout[2m | src/components/ChatSidebar/BlockInsertPreview.stories.jsx[2m > [22m[2mAll Block Types
[22m[39mEasy.grade.data: undefined
[90mstdout[2m | src/components/ChatSidebar/BlockInsertPreview.stories.jsx[2m > [22m[2mAll Block Types
[22m[39mEasy.grade.data === grade? true
[90mstdout[2m | src/components/ChatSidebar/BlockInsertPreview.stories.jsx[2m > [22m[2mAll Block Types
[22m[39mEasy.grade.data keys: no data
[90mstdout[2m | src/components/ChatSidebar/BlockInsertPreview.stories.jsx[2m > [22m[2mAll Block Types
[22m[39mEasy.grade.data[nodeKey]: undefined
[90mstdout[2m | src/components/ChatSidebar/BlockInsertPreview.stories.jsx[2m > [22m[2mAll Block Types
[22m[39mEasy.inProgress {}
[90mstdout[2m | src/components/ChatSidebar/BlockInsertPreview.stories.jsx[2m > [22m[2mAll Block Types
[22m[39mLearn._vocabulary [
  {
    "definition": "red",
    "id": "word-aka",
    "owner": "mock-user",
    "phonetic": "aka",
    "phrase": "赤",
  },
  {
    "definition": "blue",
    "id": "word-ao",
    "owner": "mock-user",
    "phonetic": "ao",
    "phrase": "青",
  },
  {
    "definition": "green",
    "id": "word-midori",
    "owner": "mock-user",
    "phonetic": "midori",
    "phrase": "緑",
  },
]
[90mstdout[2m | src/components/ChatSidebar/BlockInsertPreview.stories.jsx[2m > [22m[2mAll Block Types
[22m[39mMeaningAssociationExercise._vocabulary [
  {
    "definition": "red",
    "id": "word-aka",
    "owner": "mock-user",
    "phonetic": "aka",
    "phrase": "赤",
  },
  {
    "definition": "blue",
    "id": "word-ao",
    "owner": "mock-user",
    "phonetic": "ao",
    "phrase": "青",
  },
  {
    "definition": "green",
    "id": "word-midori",
    "owner": "mock-user",
    "phonetic": "midori",
    "phrase": "緑",
  },
]
[90mstdout[2m | src/components/ChatSidebar/BlockInsertPreview.stories.jsx[2m > [22m[2mAll Block Types
[22m[39m[FilesContext] Vector store population triggered {
  "currentVectorStoreSize": 3,
  "documentsCount": 0,
  "filesCount": 6,
  "isInitialLoad": true,
}
[90mstdout[2m | src/components/ChatSidebar/BlockInsertPreview.stories.jsx[2m > [22m[2mAll Block Types
[22m[39m[FilesContext] Vector store population complete - 3 total embeddings
[90mstdout[2m | src/components/ChatSidebar/BlockInsertPreview.stories.jsx[2m > [22m[2mAll Block Types
[22m[39m[ChatContext] Chat exists and not archived, skipping creation
[90mstdout[2m | src/components/ChatSidebar/BlockInsertPreview.stories.jsx[2m > [22m[2mAll Block Types
[22m[39mEasy.nodeKey preview-meaning-association type: string
[90mstdout[2m | src/components/ChatSidebar/BlockInsertPreview.stories.jsx[2m > [22m[2mAll Block Types
[22m[39mEasy.grade: undefined
[90mstdout[2m | src/components/ChatSidebar/BlockInsertPreview.stories.jsx[2m > [22m[2mAll Block Types
[22m[39mEasy.grade.data: undefined
[90mstdout[2m | src/components/ChatSidebar/BlockInsertPreview.stories.jsx[2m > [22m[2mAll Block Types
[22m[39mEasy.grade.data === grade? true
[90mstdout[2m | src/components/ChatSidebar/BlockInsertPreview.stories.jsx[2m > [22m[2mAll Block Types
[22m[39mEasy.grade.data keys: no data
[90mstdout[2m | src/components/ChatSidebar/BlockInsertPreview.stories.jsx[2m > [22m[2mAll Block Types
[22m[39mEasy.grade.data[nodeKey]: undefined
[90mstdout[2m | src/components/ChatSidebar/BlockInsertPreview.stories.jsx[2m > [22m[2mAll Block Types
[22m[39mEasy.inProgress {}
[90mstdout[2m | src/components/ChatSidebar/BlockInsertPreview.stories.jsx[2m > [22m[2mAll Block Types
[22m[39m[Mock Storage] downloadData called with: undefined
 [32m✓[39m [30m[45m storybook (chromium) [49m[39m src/components/ChatSidebar/BlockInsertPreview.stories.jsx [2m([22m[2m6 tests[22m[2m)[22m[33m 2177[2mms[22m[39m
   [33m[2m✓[22m[39m Quiz Block [33m 625[2mms[22m[39m
   [33m[2m✓[22m[39m Meaning Association Block [33m 384[2mms[22m[39m
   [33m[2m✓[22m[39m All Block Types [33m 476[2mms[22m[39m
[90mstdout[2m | unknown test
[22m[39m[MOCK vectorStoreDB.js] Module loaded - mock IndexedDB operations
[90mstdout[2m | unknown test
[22m[39m[Task Completion] DOM action listeners initialized
[90mstdout[2m | unknown test
[22m[39m[Task Completion] Auto-completion detector initialized
[90mstdout[2m | unknown test
[22m[39m[Preview] Task completion detector initialized
[90mstdout[2m | src/components/Editor3/Workbook.stories.jsx[2m > [22m[2mEmpty Workbook
[22m[39m[Preview] Skipped initializing default mock data (initializeMockData=false)
[90mstdout[2m | src/components/Editor3/Workbook.stories.jsx[2m > [22m[2mEmpty Workbook
[22m[39m[Mock Data] seedMockUnit: Adding unit empty-workbook-id
[90mstdout[2m | src/components/Editor3/Workbook.stories.jsx[2m > [22m[2mEmpty Workbook
[22m[39m[Mock Data] Seeded grade: grade-empty-1 for unit: empty-workbook-id
[90mstdout[2m | src/components/Editor3/Workbook.stories.jsx[2m > [22m[2mEmpty Workbook
[22m[39m[Mock Data] Grade has data: true
[90mstdout[2m | src/components/Editor3/Workbook.stories.jsx[2m > [22m[2mEmpty Workbook
[22m[39m[Mock Data] Total grades in store: 1
[90mstdout[2m | src/components/Editor3/Workbook.stories.jsx[2m > [22m[2mEmpty Workbook
[22m[39m[MOCK CourseVectorStore] Initialized with mock data
[90mstdout[2m | src/components/Editor3/Workbook.stories.jsx[2m > [22m[2mEmpty Workbook
[22m[39m[TranslationModeController] Setting mode to: off
[90mstdout[2m | src/components/Editor3/Workbook.stories.jsx[2m > [22m[2mEmpty Workbook
[22m[39m[UnitContext] useEffect triggered {
  "authLoading": false,
  "hasUser": true,
  "id": "empty-workbook-id",
  "userSub": "mock-user-sub",
}
[90mstdout[2m | src/components/Editor3/Workbook.stories.jsx[2m > [22m[2mEmpty Workbook
[22m[39m[UnitContext] Fetching unit data for id: empty-workbook-id
[90mstdout[2m | src/components/Editor3/Workbook.stories.jsx[2m > [22m[2mEmpty Workbook
[22m[39m[FilesContext] Initializing vector store from IndexedDB
[90mstdout[2m | src/components/Editor3/Workbook.stories.jsx[2m > [22m[2mEmpty Workbook
[22m[39m[FilesContext] fetchFiles called
[90mstdout[2m | src/components/Editor3/Workbook.stories.jsx[2m > [22m[2mEmpty Workbook
[22m[39m[FilesContext] User authenticated: mock-user-sub
[90mstdout[2m | src/components/Editor3/Workbook.stories.jsx[2m > [22m[2mEmpty Workbook
[22m[39m[FilesContext] Identity ID: us-east-1:mock-identity-123
[90mstdout[2m | src/components/Editor3/Workbook.stories.jsx[2m > [22m[2mEmpty Workbook
[22m[39m[FilesContext] About to set up File observeQuery
[90mstdout[2m | src/components/Editor3/Workbook.stories.jsx[2m > [22m[2mEmpty Workbook
[22m[39m[ChatContext] Setting up AssistantChat observeQuery
[90mstdout[2m | src/components/Editor3/Workbook.stories.jsx[2m > [22m[2mEmpty Workbook
[22m[39m[ChatContext] Waiting for subscription to initialize
[90mstdout[2m | src/components/Editor3/Workbook.stories.jsx[2m > [22m[2mEmpty Workbook
[22m[39m[SettingsContext] Setting up Settings subscription for user: mock-user-sub
[90mstdout[2m | src/components/Editor3/Workbook.stories.jsx[2m > [22m[2mEmpty Workbook
[22m[39m[Mock Data] Settings created: mock-settings-1790418602307 - notified 0 subscribers
[90mstdout[2m | src/components/Editor3/Workbook.stories.jsx[2m > [22m[2mEmpty Workbook
[22m[39m[Mock Data] Unit.onUpdate() subscription added. Total: 1
[90mstdout[2m | src/components/Editor3/Workbook.stories.jsx[2m > [22m[2mEmpty Workbook
[22m[39m[WorkbookStatePlugin] Loading unit content into read-only workbook: empty-workbook-id
[90mstdout[2m | src/components/Editor3/Workbook.stories.jsx[2m > [22m[2mEmpty Workbook
[22m[39m[SectionContext] Section observeQuery update: 0
[90mstdout[2m | src/components/Editor3/Workbook.stories.jsx[2m > [22m[2mEmpty Workbook
[22m[39m[FilesContext] File observeQuery update: 0 files
[90mstdout[2m | src/components/Editor3/Workbook.stories.jsx[2m > [22m[2mEmpty Workbook
[22m[39m[ChatContext] AssistantChat initialized with 0 chats
[90mstdout[2m | src/components/Editor3/Workbook.stories.jsx[2m > [22m[2mEmpty Workbook
[22m[39m[MOCK CourseVectorStore] Initialized with mock data
[90mstdout[2m | src/components/Editor3/Workbook.stories.jsx[2m > [22m[2mEmpty Workbook
[22m[39m[useWorkbookCollaboration] Initializing for grade grade-empty-1
[90mstdout[2m | src/components/Editor3/Workbook.stories.jsx[2m > [22m[2mEmpty Workbook
[22m[39m[WorkbookCollaboration] Loaded 0 blocks from Grade.data
[90mstdout[2m | src/components/Editor3/Workbook.stories.jsx[2m > [22m[2mEmpty Workbook
[22m[39m[ChatContext] No current chat available, will create one
[90mstdout[2m | src/components/Editor3/Workbook.stories.jsx[2m > [22m[2mEmpty Workbook
[22m[39m[ChatContext] Creating AssistantChat with user: undefined
[90mstdout[2m | src/components/Editor3/Workbook.stories.jsx[2m > [22m[2mEmpty Workbook
[22m[39m[Mock Data] AssistantChat created: mock-assistantchat-1790418602357 - notified 1 subscribers
[90mstdout[2m | src/components/Editor3/Workbook.stories.jsx[2m > [22m[2mEmpty Workbook
[22m[39m[ChatContext] Create result: {
  "data": {
    "_version": 1,
    "archived": false,
    "chatFiles": [Function anonymous],
    "createdAt": "2026-09-26T10:30:02.357Z",
    "id": "mock-assistantchat-1790418602357",
    "model": "gpt-4",
    "updatedAt": "2026-09-26T10:30:02.357Z",
  },
  "errors": [],
  "hasData": true,
  "hasErrors": true,
}
[90mstdout[2m | src/components/Editor3/Workbook.stories.jsx[2m > [22m[2mEmpty Workbook
[22m[39m[ChatContext] Created AssistantChat: mock-assistantchat-1790418602357 at: 2026-09-26T10:30:02.357Z
[90mstdout[2m | src/components/Editor3/Workbook.stories.jsx[2m > [22m[2mEmpty Workbook
[22m[39m[Mock Storage] downloadData called with: undefined
[90mstdout[2m | src/components/Editor3/Workbook.stories.jsx[2m > [22m[2mEmpty Workbook
[22m[39m[YjsProvider] workbook-grade-empty-1 connection status: connected
[90mstdout[2m | src/components/Editor3/Workbook.stories.jsx[2m > [22m[2mEmpty Workbook
[22m[39m[YjsProvider] workbook-grade-empty-1 synced with server
[90mstdout[2m | src/components/Editor3/Workbook.stories.jsx[2m > [22m[2mEmpty Workbook
[22m[39m[ChatContext] Setting initial chat: mock-assistantchat-1790418602357
[90mstdout[2m | src/components/Editor3/Workbook.stories.jsx[2m > [22m[2mEmpty Workbook
[22m[39m[ChatContext] Chat exists and not archived, skipping creation
[90mstdout[2m | src/components/Editor3/Workbook.stories.jsx[2m > [22m[2mWorkbook With Content
[22m[39m[ChatContext] Cleaning up subscriptions
[90mstdout[2m | src/components/Editor3/Workbook.stories.jsx[2m > [22m[2mWorkbook With Content
[22m[39m[Mock Data] Unit.onUpdate() subscription removed. Remaining: 0
[90mstdout[2m | src/components/Editor3/Workbook.stories.jsx[2m > [22m[2mWorkbook With Content
[22m[39m[Preview] Skipped initializing default mock data (initializeMockData=false)
[90mstdout[2m | src/components/Editor3/Workbook.stories.jsx[2m > [22m[2mWorkbook With Content
[22m[39m[Mock Data] seedMockDocuments: Adding 1 documents
[90mstdout[2m | src/components/Editor3/Workbook.stories.jsx[2m > [22m[2mWorkbook With Content
[22m[39m[Mock Data] seedMockParsedContent: Adding 1 parsed content records
[90mstdout[2m | src/components/Editor3/Workbook.stories.jsx[2m > [22m[2mWorkbook With Content
[22m[39m[Mock Data] seedMockWords: Adding 3 words
[90mstdout[2m | src/components/Editor3/Workbook.stories.jsx[2m > [22m[2mWorkbook With Content
[22m[39m[Mock Data] seedMockQuestions: Adding 9 questions
[90mstdout[2m | src/components/Editor3/Workbook.stories.jsx[2m > [22m[2mWorkbook With Content
[22m[39m[Mock Data] seedMockQuestionUnits: Adding 9 question-unit joins
[90mstdout[2m | src/components/Editor3/Workbook.stories.jsx[2m > [22m[2mWorkbook With Content
[22m[39m[Mock Data] seedMockUnit: Adding unit workbook-with-content-id
[90mstdout[2m | src/components/Editor3/Workbook.stories.jsx[2m > [22m[2mWorkbook With Content
[22m[39m[Mock Data] Seeded grade: grade-content-1 for unit: workbook-with-content-id
[90mstdout[2m | src/components/Editor3/Workbook.stories.jsx[2m > [22m[2mWorkbook With Content
[22m[39m[Mock Data] Grade has data: true
[90mstdout[2m | src/components/Editor3/Workbook.stories.jsx[2m > [22m[2mWorkbook With Content
[22m[39m[Mock Data] Total grades in store: 1
[90mstdout[2m | src/components/Editor3/Workbook.stories.jsx[2m > [22m[2mWorkbook With Content
[22m[39m[MOCK CourseVectorStore] Initialized with mock data
[90mstdout[2m | src/components/Editor3/Workbook.stories.jsx[2m > [22m[2mWorkbook With Content
[22m[39m[TranslationModeController] Setting mode to: off
[90mstdout[2m | src/components/Editor3/Workbook.stories.jsx[2m > [22m[2mWorkbook With Content
[22m[39m[UnitContext] useEffect triggered {
  "authLoading": false,
  "hasUser": true,
  "id": "workbook-with-content-id",
  "userSub": "mock-user-sub",
}
[90mstdout[2m | src/components/Editor3/Workbook.stories.jsx[2m > [22m[2mWorkbook With Content
[22m[39m[UnitContext] Fetching unit data for id: workbook-with-content-id
[90mstdout[2m | src/components/Editor3/Workbook.stories.jsx[2m > [22m[2mWorkbook With Content
[22m[39m[FilesContext] Initializing vector store from IndexedDB
[90mstdout[2m | src/components/Editor3/Workbook.stories.jsx[2m > [22m[2mWorkbook With Content
[22m[39m[FilesContext] fetchFiles called
[90mstdout[2m | src/components/Editor3/Workbook.stories.jsx[2m > [22m[2mWorkbook With Content
[22m[39m[FilesContext] User authenticated: mock-user-sub
[90mstdout[2m | src/components/Editor3/Workbook.stories.jsx[2m > [22m[2mWorkbook With Content
[22m[39m[FilesContext] Identity ID: us-east-1:mock-identity-123
[90mstdout[2m | src/components/Editor3/Workbook.stories.jsx[2m > [22m[2mWorkbook With Content
[22m[39m[FilesContext] About to set up File observeQuery
[90mstdout[2m | src/components/Editor3/Workbook.stories.jsx[2m > [22m[2mWorkbook With Content
[22m[39m[ChatContext] Setting up AssistantChat observeQuery
[90mstdout[2m | src/components/Editor3/Workbook.stories.jsx[2m > [22m[2mWorkbook With Content
[22m[39m[ChatContext] Waiting for subscription to initialize
[90mstdout[2m | src/components/Editor3/Workbook.stories.jsx[2m > [22m[2mWorkbook With Content
[22m[39m[SettingsContext] Setting up Settings subscription for user: mock-user-sub
[90mstdout[2m | src/components/Editor3/Workbook.stories.jsx[2m > [22m[2mWorkbook With Content
[22m[39m[Mock Data] Settings created: mock-settings-1790418602622 - notified 0 subscribers
[90mstdout[2m | src/components/Editor3/Workbook.stories.jsx[2m > [22m[2mWorkbook With Content
[22m[39m[Mock Data] Unit.onUpdate() subscription added. Total: 1
[90mstdout[2m | src/components/Editor3/Workbook.stories.jsx[2m > [22m[2mWorkbook With Content
[22m[39m[WorkbookStatePlugin] Loading unit content into read-only workbook: workbook-with-content-id
[90mstdout[2m | src/components/Editor3/Workbook.stories.jsx[2m > [22m[2mWorkbook With Content
[22m[39mQuestionBlockRo.grade {}
[90mstdout[2m | src/components/Editor3/Workbook.stories.jsx[2m > [22m[2mWorkbook With Content
[22m[39m......!q {
  "answer": "Hello",
  "correct": true,
  "id": "sample-quiz-q1",
}
[90mstdout[2m | src/components/Editor3/Workbook.stories.jsx[2m > [22m[2mWorkbook With Content
[22m[39m......!q {
  "answer": "Goodbye",
  "correct": false,
  "id": "sample-quiz-q2",
}
[90mstdout[2m | src/components/Editor3/Workbook.stories.jsx[2m > [22m[2mWorkbook With Content
[22m[39m......!q {
  "answer": "Thank you",
  "correct": false,
  "id": "sample-quiz-q3",
}
[90mstdout[2m | src/components/Editor3/Workbook.stories.jsx[2m > [22m[2mWorkbook With Content
[22m[39m......!q {
  "answer": "Good morning",
  "correct": false,
  "id": "sample-quiz-q4",
}
[90mstdout[2m | src/components/Editor3/Workbook.stories.jsx[2m > [22m[2mWorkbook With Content
[22m[39mQuestionBlock.nodeKey 29 type: string
[90mstdout[2m | src/components/Editor3/Workbook.stories.jsx[2m > [22m[2mWorkbook With Content
[22m[39mQuestionBlock.questionContent [
  {
    "answer": "Hello",
    "correct": true,
    "id": "sample-quiz-q1",
  },
  {
    "answer": "Goodbye",
    "correct": false,
    "id": "sample-quiz-q2",
  },
  {
    "answer": "Thank you",
    "correct": false,
    "id": "sample-quiz-q3",
  },
  {
    "answer": "Good morning",
    "correct": false,
    "id": "sample-quiz-q4",
  },
]
[90mstdout[2m | src/components/Editor3/Workbook.stories.jsx[2m > [22m[2mWorkbook With Content
[22m[39mQuestionBlock.grade.data keys: []
[90mstdout[2m | src/components/Editor3/Workbook.stories.jsx[2m > [22m[2mWorkbook With Content
[22m[39mQuestionBlock.grade.data[nodeKey]: undefined
[90mstdout[2m | src/components/Editor3/Workbook.stories.jsx[2m > [22m[2mWorkbook With Content
[22m[39mQuestionBlockRo.inProgress {}
[90mstdout[2m | src/components/Editor3/Workbook.stories.jsx[2m > [22m[2mWorkbook With Content
[22m[39mQuestionBlockRo.grade {}
[90mstdout[2m | src/components/Editor3/Workbook.stories.jsx[2m > [22m[2mWorkbook With Content
[22m[39m......!q {
  "answer": "今晩は (こんばんは)",
  "correct": true,
  "id": "sample-quiz-q5",
}
[90mstdout[2m | src/components/Editor3/Workbook.stories.jsx[2m > [22m[2mWorkbook With Content
[22m[39m......!q {
  "answer": "おはよう",
  "correct": false,
  "id": "sample-quiz-q6",
}
[90mstdout[2m | src/components/Editor3/Workbook.stories.jsx[2m > [22m[2mWorkbook With Content
[22m[39m......!q {
  "answer": "今日は (こんにちは)",
  "correct": false,
  "id": "sample-quiz-q7",
}
[90mstdout[2m | src/components/Editor3/Workbook.stories.jsx[2m > [22m[2mWorkbook With Content
[22m[39m......!q {
  "answer": "さようなら",
  "correct": false,
  "id": "sample-quiz-q8",
}
[90mstdout[2m | src/components/Editor3/Workbook.stories.jsx[2m > [22m[2mWorkbook With Content
[22m[39mQuestionBlock.nodeKey 32 type: string
[90mstdout[2m | src/components/Editor3/Workbook.stories.jsx[2m > [22m[2mWorkbook With Content
[22m[39mQuestionBlock.questionContent [
  {
    "answer": "今晩は (こんばんは)",
    "correct": true,
    "id": "sample-quiz-q5",
  },
  {
    "answer": "おはよう",
    "correct": false,
    "id": "sample-quiz-q6",
  },
  {
    "answer": "今日は (こんにちは)",
    "correct": false,
    "id": "sample-quiz-q7",
  },
  {
    "answer": "さようなら",
    "correct": false,
    "id": "sample-quiz-q8",
  },
]
[90mstdout[2m | src/components/Editor3/Workbook.stories.jsx[2m > [22m[2mWorkbook With Content
[22m[39mQuestionBlock.grade.data keys: []
[90mstdout[2m | src/components/Editor3/Workbook.stories.jsx[2m > [22m[2mWorkbook With Content
[22m[39mQuestionBlock.grade.data[nodeKey]: undefined
[90mstdout[2m | src/components/Editor3/Workbook.stories.jsx[2m > [22m[2mWorkbook With Content
[22m[39mQuestionBlockRo.inProgress {}
[90mstdout[2m | src/components/Editor3/Workbook.stories.jsx[2m > [22m[2mWorkbook With Content
[22m[39mCustomAnswerComponent.questionID question-audio-1
[90mstdout[2m | src/components/Editor3/Workbook.stories.jsx[2m > [22m[2mWorkbook With Content
[22m[39mCustomAnswerComponent.questionBank []
[90mstdout[2m | src/components/Editor3/Workbook.stories.jsx[2m > [22m[2mWorkbook With Content
[22m[39mCustomAnswerComponent.question {}
[90mstdout[2m | src/components/Editor3/Workbook.stories.jsx[2m > [22m[2mWorkbook With Content
[22m[39mCustomAnswerComponent.question {}
[90mstdout[2m | src/components/Editor3/Workbook.stories.jsx[2m > [22m[2mWorkbook With Content
[22m[39mCustomAnswerComponent.prompt undefined
[90mstdout[2m | src/components/Editor3/Workbook.stories.jsx[2m > [22m[2mWorkbook With Content
[22m[39mCustomAnswerComponent.feedback[questionID] undefined
[90mstdout[2m | src/components/Editor3/Workbook.stories.jsx[2m > [22m[2mWorkbook With Content
[22m[39mCustomAnswerComponent.isCompleted undefined
[90mstdout[2m | src/components/Editor3/Workbook.stories.jsx[2m > [22m[2mWorkbook With Content
[22m[39mCustomAnswerComponent.currentPromptMethod text
[90mstdout[2m | src/components/Editor3/Workbook.stories.jsx[2m > [22m[2mWorkbook With Content
[22m[39mCustomAnswerComponent.displayPrompt undefined
[90mstdout[2m | src/components/Editor3/Workbook.stories.jsx[2m > [22m[2mWorkbook With Content
[22m[39mallowedInput [
  "text",
  "audio",
]
[90mstdout[2m | src/components/Editor3/Workbook.stories.jsx[2m > [22m[2mWorkbook With Content
[22m[39mpromptMethod [
  "text",
]
[90mstdout[2m | src/components/Editor3/Workbook.stories.jsx[2m > [22m[2mWorkbook With Content
[22m[39mAnswerComponent.currentPromptMethod text
[90mstdout[2m | src/components/Editor3/Workbook.stories.jsx[2m > [22m[2mWorkbook With Content
[22m[39mAnswerComponent.promptMethod [
  "text",
]
[90mstdout[2m | src/components/Editor3/Workbook.stories.jsx[2m > [22m[2mWorkbook With Content
[22m[39mallowedInput [
  "text",
  "audio",
]
[90mstdout[2m | src/components/Editor3/Workbook.stories.jsx[2m > [22m[2mWorkbook With Content
[22m[39mpromptMethod [
  "text",
]
[90mstdout[2m | src/components/Editor3/Workbook.stories.jsx[2m > [22m[2mWorkbook With Content
[22m[39mAnswerComponent.currentPromptMethod text
[90mstdout[2m | src/components/Editor3/Workbook.stories.jsx[2m > [22m[2mWorkbook With Content
[22m[39m[SectionContext] Section observeQuery update: 0
[90mstdout[2m | src/components/Editor3/Workbook.stories.jsx[2m > [22m[2mWorkbook With Content
[22m[39m[FilesContext] File observeQuery update: 1 files
[90mstdout[2m | src/components/Editor3/Workbook.stories.jsx[2m > [22m[2mWorkbook With Content
[22m[39m[ChatContext] AssistantChat initialized with 0 chats
[90mstdout[2m | src/components/Editor3/Workbook.stories.jsx[2m > [22m[2mWorkbook With Content
[22m[39m[MOCK CourseVectorStore] Initialized with mock data
[90mstdout[2m | src/components/Editor3/Workbook.stories.jsx[2m > [22m[2mWorkbook With Content
[22m[39mQuestionBlockRo.grade {
  "_version": 1,
  "accuracy": 0,
  "complete": false,
  "data": {},
  "id": "grade-content-1",
  "owner": "mock-user-sub",
  "percentComplete": 0,
  "timerStarted": false,
  "unitID": "workbook-with-content-id",
  "unitVersion": 1,
}
[90mstdout[2m | src/components/Editor3/Workbook.stories.jsx[2m > [22m[2mWorkbook With Content
[22m[39m......!q {
  "answer": "Hello",
  "correct": true,
  "id": "sample-quiz-q1",
}
[90mstdout[2m | src/components/Editor3/Workbook.stories.jsx[2m > [22m[2mWorkbook With Content
[22m[39m......!q {
  "answer": "Goodbye",
  "correct": false,
  "id": "sample-quiz-q2",
}
[90mstdout[2m | src/components/Editor3/Workbook.stories.jsx[2m > [22m[2mWorkbook With Content
[22m[39m......!q {
  "answer": "Thank you",
  "correct": false,
  "id": "sample-quiz-q3",
}
[90mstdout[2m | src/components/Editor3/Workbook.stories.jsx[2m > [22m[2mWorkbook With Content
[22m[39m......!q {
  "answer": "Good morning",
  "correct": false,
  "id": "sample-quiz-q4",
}
[90mstdout[2m | src/components/Editor3/Workbook.stories.jsx[2m > [22m[2mWorkbook With Content
[22m[39mQuestionBlock.nodeKey 29 type: string
[90mstdout[2m | src/components/Editor3/Workbook.stories.jsx[2m > [22m[2mWorkbook With Content
[22m[39mQuestionBlock.questionContent [
  {
    "answer": "Hello",
    "correct": true,
    "id": "sample-quiz-q1",
  },
  {
    "answer": "Goodbye",
    "correct": false,
    "id": "sample-quiz-q2",
  },
  {
    "answer": "Thank you",
    "correct": false,
    "id": "sample-quiz-q3",
  },
  {
    "answer": "Good morning",
    "correct": false,
    "id": "sample-quiz-q4",
  },
]
[90mstdout[2m | src/components/Editor3/Workbook.stories.jsx[2m > [22m[2mWorkbook With Content
[22m[39mQuestionBlock.grade.data keys: []
[90mstdout[2m | src/components/Editor3/Workbook.stories.jsx[2m > [22m[2mWorkbook With Content
[22m[39mQuestionBlock.grade.data[nodeKey]: undefined
[90mstdout[2m | src/components/Editor3/Workbook.stories.jsx[2m > [22m[2mWorkbook With Content
[22m[39mQuestionBlockRo.inProgress {}
[90mstdout[2m | src/components/Editor3/Workbook.stories.jsx[2m > [22m[2mWorkbook With Content
[22m[39mQuestionBlockRo.grade {
  "_version": 1,
  "accuracy": 0,
  "complete": false,
  "data": {},
  "id": "grade-content-1",
  "owner": "mock-user-sub",
  "percentComplete": 0,
  "timerStarted": false,
  "unitID": "workbook-with-content-id",
  "unitVersion": 1,
}
[90mstdout[2m | src/components/Editor3/Workbook.stories.jsx[2m > [22m[2mWorkbook With Content
[22m[39m......!q {
  "answer": "今晩は (こんばんは)",
  "correct": true,
  "id": "sample-quiz-q5",
}
[90mstdout[2m | src/components/Editor3/Workbook.stories.jsx[2m > [22m[2mWorkbook With Content
[22m[39m......!q {
  "answer": "おはよう",
  "correct": false,
  "id": "sample-quiz-q6",
}
[90mstdout[2m | src/components/Editor3/Workbook.stories.jsx[2m > [22m[2mWorkbook With Content
[22m[39m......!q {
  "answer": "今日は (こんにちは)",
  "correct": false,
  "id": "sample-quiz-q7",
}
[90mstdout[2m | src/components/Editor3/Workbook.stories.jsx[2m > [22m[2mWorkbook With Content
[22m[39m......!q {
  "answer": "さようなら",
  "correct": false,
  "id": "sample-quiz-q8",
}
[90mstdout[2m | src/components/Editor3/Workbook.stories.jsx[2m > [22m[2mWorkbook With Content
[22m[39mQuestionBlock.nodeKey 32 type: string
[90mstdout[2m | src/components/Editor3/Workbook.stories.jsx[2m > [22m[2mWorkbook With Content
[22m[39mQuestionBlock.questionContent [
  {
    "answer": "今晩は (こんばんは)",
    "correct": true,
    "id": "sample-quiz-q5",
  },
  {
    "answer": "おはよう",
    "correct": false,
    "id": "sample-quiz-q6",
  },
  {
    "answer": "今日は (こんにちは)",
    "correct": false,
    "id": "sample-quiz-q7",
  },
  {
    "answer": "さようなら",
    "correct": false,
    "id": "sample-quiz-q8",
  },
]
[90mstdout[2m | src/components/Editor3/Workbook.stories.jsx[2m > [22m[2mWorkbook With Content
[22m[39mQuestionBlock.grade.data keys: []
[90mstdout[2m | src/components/Editor3/Workbook.stories.jsx[2m > [22m[2mWorkbook With Content
[22m[39mQuestionBlock.grade.data[nodeKey]: undefined
[90mstdout[2m | src/components/Editor3/Workbook.stories.jsx[2m > [22m[2mWorkbook With Content
[22m[39mQuestionBlockRo.inProgress {}
[90mstdout[2m | src/components/Editor3/Workbook.stories.jsx[2m > [22m[2mWorkbook With Content
[22m[39mCustomAnswerComponent.questionID question-audio-1
[90mstdout[2m | src/components/Editor3/Workbook.stories.jsx[2m > [22m[2mWorkbook With Content
[22m[39mCustomAnswerComponent.questionBank {
  "question-audio-1": {
    "answer": "Audio or text response demonstrating proper pronunciation of がくせい",
    "answerAudio": [Array],
    "audio": [Array],
    "embedding": [Object],
    "hint": "Remember to pronounce both syllables clearly: ga-ku-se-i",
    "id": "question-audio-1",
    "owner": "mock-user-sub",
    "prompt": "Record yourself saying "学生" (がくせい - student)",
  },
  "sample-quiz-q1": {
    "answer": "Hello",
    "audio": [Array],
    "embedding": [Object],
    "hint": "A common greeting used during the day",
    "id": "sample-quiz-q1",
    "owner": "mock-user-sub",
    "prompt": "What does 今日は (こんにちは) mean?",
  },
  "sample-quiz-q2": {
    "answer": "Goodbye",
    "embedding": [Object],
    "hint": "This is incorrect",
    "id": "sample-quiz-q2",
    "owner": "mock-user-sub",
    "prompt": "What does 今日は (こんにちは) mean?",
  },
  "sample-quiz-q3": {
    "answer": "Thank you",
    "embedding": [Object],
    "hint": "This is incorrect",
    "id": "sample-quiz-q3",
    "owner": "mock-user-sub",
    "prompt": "What does 今日は (こんにちは) mean?",
  },
  "sample-quiz-q4": {
    "answer": "Good morning",
    "embedding": [Object],
    "hint": "This is incorrect - though also a greeting",
    "id": "sample-quiz-q4",
    "owner": "mock-user-sub",
    "prompt": "What does 今日は (こんにちは) mean?",
  },
  "sample-quiz-q5": {
    "answer": "今晩は (こんばんは)",
    "audio": [Array],
    "embedding": [Object],
    "hint": "Said when greeting someone in the evening",
    "id": "sample-quiz-q5",
    "owner": "mock-user-sub",
    "prompt": "How do you say "Good evening" in Japanese?",
  },
  "sample-quiz-q6": {
    "answer": "おはよう",
    "embedding": [Object],
    "hint": "This is incorrect - this means good morning",
    "id": "sample-quiz-q6",
    "owner": "mock-user-sub",
    "prompt": "How do you say "Good evening" in Japanese?",
  },
  "sample-quiz-q7": {
    "answer": "今日は (こんにちは)",
    "embedding": [Object],
    "hint": "This is incorrect - this is used during the day",
    "id": "sample-quiz-q7",
    "owner": "mock-user-sub",
    "prompt": "How do you say "Good evening" in Japanese?",
  },
  "sample-quiz-q8": {
    "answer": "さようなら",
    "embedding": [Object],
    "hint": "This is incorrect - this means goodbye",
    "id": "sample-quiz-q8",
    "owner": "mock-user-sub",
    "prompt": "How do you say "Good evening" in Japanese?",
  },
}
[90mstdout[2m | src/components/Editor3/Workbook.stories.jsx[2m > [22m[2mWorkbook With Content
[22m[39mCustomAnswerComponent.question {
  "answer": "Audio or text response demonstrating proper pronunciation of がくせい",
  "answerAudio": [
    "/story-mocks/cinematic-designed-sci-fi-whoosh-transition-nexawave-228295.mp3",
  ],
  "audio": [
    "/story-mocks/cinematic-designed-sci-fi-whoosh-transition-nexawave-228295.mp3",
  ],
  "embedding": {
    "dimensions": 128,
    "embedding": "[{"page":1,"embedding":[-0.375493623385838,-0.34065688277774997,-0.30241641120314205,-0.2611542948133658,-0.21728281103594838,-0.17124030923480626,-0.12348683086831044,-0.0744995129070994,-0.02476782043918371,0.02521134390340561,0.07493860483147617,0.12391710399147991,0.1716574644099477,0.2176826801864466,0.2615328825788482,0.3027699348598005,0.3409818100340678,0.37578670767607414,0.4068368687535527,0.43382205032083365,0.45647262536381383,0.4745622768239473,0.48791025888348777,0.49638320291795357,0.4998964500713346,0.4984148971393996,0.49195334730930806,0.48057636225105826,0.4643976170386202,0.44357876434617555,0.41832781926802803,0.3888970809005464,0.3555806114529912,0.31871129807511944,0.2786575267588307,0.23581950154709808,0.19062524582747006,0.14352632566386422,0.09499333789771887,0.045511208099923935,-0.004425654645201938,-0.05431829771203988,-0.10366821030337939,-0.15198230440552352,-0.19877784156071646,-0.24358725623025476,-0.2859628275547819,-0.32548115283312345,-0.3617473780221225,-0.39439914298770823,-0.4231102020875853,-0.4475936839098409,-0.46760495759726944,-0.4829440771180352,-0.49345777906032434,-0.49904101398969813,-0.4996379960683138,-0.49524276044857823,-0.48589922287193166,-0.47170074087727776,-0.45278918100331195,-0.42935350130496475,-0.40162786334697737,-0.3698892925389467,-0.33445491018901213,-0.2956787649325622,-0.25394829519531104,-0.20968045803661567,-0.16331756305236111,-0.11532285296369783,-0.06617587504888651,-0.01636768966542266,0.03360403626273746,0.08324000176857962,0.1320442606922347,0.17952917701108415,0.22522029713769465,0.26866109050323594,0.30941751106001963,0.347082334126121,0.38127922523980134,0.4116665003690408,0.4379405399054455,0.4598388223310099,0.47714254724634847,0.4896788215519585,0.49732238693891906,0.49999687142851035,0.49767555245577955,0.49038162387257644,0.4781879642022515,0.4612164084615429,0.4396365308253613,0.4136639502976893,0.38355817631776506,0.34962001582754887,0.3121885677081957,0.27163783461612245,0.2283729860720964,0.18282631014131068,0.13545289415393452,0.08672607762294605,0.037132722792178885,-0.012831649930279744,-0.06266781304821456,-0.11187782009339821,-0.15996998094209905,-0.20646377462027168,-0.2508946505102871,-0.2928186699871488,-0.33181694210648377,-0.36749980902438883,-0.39951073932980796,-0.4275298903885351,-0.4512773041050927,-0.47051570417147676,-0.48505286685359267,-0.4947435416272678,-0.4994909024734747,-0.4992475153319073,-0.4940158120464309,-0.4838480660669026,-0.46884587015013995,-0.44915912127867735,-0.42498452293966404,-0.39656361972864257,-0.3641803839157967,-0.32815837808889387],"text":"Record yourself saying 学生 がくせい student Audio or text response demonstrating proper pronunciation Remember to pronounce both syllables clearly ga-ku-se-i"}]",
    "model": "Xenova/all-MiniLM-L6-v2",
    "version": "2026-09-26T09:30:02.555Z",
    "wordCount": 23,
  },
  "hint": "Remember to pronounce both syllables clearly: ga-ku-se-i",
  "id": "question-audio-1",
  "owner": "mock-user-sub",
  "prompt": "Record yourself saying "学生" (がくせい - student)",
}
[90mstdout[2m | src/components/Editor3/Workbook.stories.jsx[2m > [22m[2mWorkbook With Content
[22m[39mCustomAnswerComponent.question {
  "answer": "Audio or text response demonstrating proper pronunciation of がくせい",
  "answerAudio": [
    "/story-mocks/cinematic-designed-sci-fi-whoosh-transition-nexawave-228295.mp3",
  ],
  "audio": [
    "/story-mocks/cinematic-designed-sci-fi-whoosh-transition-nexawave-228295.mp3",
  ],
  "embedding": {
    "dimensions": 128,
    "embedding": "[{"page":1,"embedding":[-0.375493623385838,-0.34065688277774997,-0.30241641120314205,-0.2611542948133658,-0.21728281103594838,-0.17124030923480626,-0.12348683086831044,-0.0744995129070994,-0.02476782043918371,0.02521134390340561,0.07493860483147617,0.12391710399147991,0.1716574644099477,0.2176826801864466,0.2615328825788482,0.3027699348598005,0.3409818100340678,0.37578670767607414,0.4068368687535527,0.43382205032083365,0.45647262536381383,0.4745622768239473,0.48791025888348777,0.49638320291795357,0.4998964500713346,0.4984148971393996,0.49195334730930806,0.48057636225105826,0.4643976170386202,0.44357876434617555,0.41832781926802803,0.3888970809005464,0.3555806114529912,0.31871129807511944,0.2786575267588307,0.23581950154709808,0.19062524582747006,0.14352632566386422,0.09499333789771887,0.045511208099923935,-0.004425654645201938,-0.05431829771203988,-0.10366821030337939,-0.15198230440552352,-0.19877784156071646,-0.24358725623025476,-0.2859628275547819,-0.32548115283312345,-0.3617473780221225,-0.39439914298770823,-0.4231102020875853,-0.4475936839098409,-0.46760495759726944,-0.4829440771180352,-0.49345777906032434,-0.49904101398969813,-0.4996379960683138,-0.49524276044857823,-0.48589922287193166,-0.47170074087727776,-0.45278918100331195,-0.42935350130496475,-0.40162786334697737,-0.3698892925389467,-0.33445491018901213,-0.2956787649325622,-0.25394829519531104,-0.20968045803661567,-0.16331756305236111,-0.11532285296369783,-0.06617587504888651,-0.01636768966542266,0.03360403626273746,0.08324000176857962,0.1320442606922347,0.17952917701108415,0.22522029713769465,0.26866109050323594,0.30941751106001963,0.347082334126121,0.38127922523980134,0.4116665003690408,0.4379405399054455,0.4598388223310099,0.47714254724634847,0.4896788215519585,0.49732238693891906,0.49999687142851035,0.49767555245577955,0.49038162387257644,0.4781879642022515,0.4612164084615429,0.4396365308253613,0.4136639502976893,0.38355817631776506,0.34962001582754887,0.3121885677081957,0.27163783461612245,0.2283729860720964,0.18282631014131068,0.13545289415393452,0.08672607762294605,0.037132722792178885,-0.012831649930279744,-0.06266781304821456,-0.11187782009339821,-0.15996998094209905,-0.20646377462027168,-0.2508946505102871,-0.2928186699871488,-0.33181694210648377,-0.36749980902438883,-0.39951073932980796,-0.4275298903885351,-0.4512773041050927,-0.47051570417147676,-0.48505286685359267,-0.4947435416272678,-0.4994909024734747,-0.4992475153319073,-0.4940158120464309,-0.4838480660669026,-0.46884587015013995,-0.44915912127867735,-0.42498452293966404,-0.39656361972864257,-0.3641803839157967,-0.32815837808889387],"text":"Record yourself saying 学生 がくせい student Audio or text response demonstrating proper pronunciation Remember to pronounce both syllables clearly ga-ku-se-i"}]",
    "model": "Xenova/all-MiniLM-L6-v2",
    "version": "2026-09-26T09:30:02.555Z",
    "wordCount": 23,
  },
  "hint": "Remember to pronounce both syllables clearly: ga-ku-se-i",
  "id": "question-audio-1",
  "owner": "mock-user-sub",
  "prompt": "Record yourself saying "学生" (がくせい - student)",
}
[90mstdout[2m | src/components/Editor3/Workbook.stories.jsx[2m > [22m[2mWorkbook With Content
[22m[39mCustomAnswerComponent.prompt Record yourself saying "学生" (がくせい - student)
[90mstdout[2m | src/components/Editor3/Workbook.stories.jsx[2m > [22m[2mWorkbook With Content
[22m[39mCustomAnswerComponent.feedback[questionID] undefined
[90mstdout[2m | src/components/Editor3/Workbook.stories.jsx[2m > [22m[2mWorkbook With Content
[22m[39mCustomAnswerComponent.isCompleted undefined
[90mstdout[2m | src/components/Editor3/Workbook.stories.jsx[2m > [22m[2mWorkbook With Content
[22m[39mCustomAnswerComponent.currentPromptMethod text
[90mstdout[2m | src/components/Editor3/Workbook.stories.jsx[2m > [22m[2mWorkbook With Content
[22m[39mCustomAnswerComponent.displayPrompt Record yourself saying "学生" (がくせい - student)
[90mstdout[2m | src/components/Editor3/Workbook.stories.jsx[2m > [22m[2mWorkbook With Content
[22m[39m[useWorkbookCollaboration] Initializing for grade grade-content-1
[90mstdout[2m | src/components/Editor3/Workbook.stories.jsx[2m > [22m[2mWorkbook With Content
[22m[39m[WorkbookCollaboration] Loaded 0 blocks from Grade.data
[90mstdout[2m | src/components/Editor3/Workbook.stories.jsx[2m > [22m[2mWorkbook With Content
[22m[39m[FilesContext] Vector store population triggered {
  "currentVectorStoreSize": 3,
  "documentsCount": 1,
  "filesCount": 1,
  "isInitialLoad": true,
}
[90mstdout[2m | src/components/Editor3/Workbook.stories.jsx[2m > [22m[2mWorkbook With Content
[22m[39m[FilesContext] Vector store population complete - 3 total embeddings
[90mstdout[2m | src/components/Editor3/Workbook.stories.jsx[2m > [22m[2mWorkbook With Content
[22m[39m[ChatContext] No current chat available, will create one
[90mstdout[2m | src/components/Editor3/Workbook.stories.jsx[2m > [22m[2mWorkbook With Content
[22m[39m[ChatContext] Creating AssistantChat with user: undefined
[90mstdout[2m | src/components/Editor3/Workbook.stories.jsx[2m > [22m[2mWorkbook With Content
[22m[39m[Mock Data] AssistantChat created: mock-assistantchat-1790418602931 - notified 1 subscribers
[90mstdout[2m | src/components/Editor3/Workbook.stories.jsx[2m > [22m[2mWorkbook With Content
[22m[39mQuestionBlockRo.grade {
  "_version": 1,
  "accuracy": 0,
  "complete": false,
  "data": {},
  "id": "grade-content-1",
  "owner": "mock-user-sub",
  "percentComplete": 0,
  "timerStarted": false,
  "unitID": "workbook-with-content-id",
  "unitVersion": 1,
}
[90mstdout[2m | src/components/Editor3/Workbook.stories.jsx[2m > [22m[2mWorkbook With Content
[22m[39m......!q {
  "answer": "Hello",
  "correct": true,
  "id": "sample-quiz-q1",
}
[90mstdout[2m | src/components/Editor3/Workbook.stories.jsx[2m > [22m[2mWorkbook With Content
[22m[39m......!q {
  "answer": "Goodbye",
  "correct": false,
  "id": "sample-quiz-q2",
}
[90mstdout[2m | src/components/Editor3/Workbook.stories.jsx[2m > [22m[2mWorkbook With Content
[22m[39m......!q {
  "answer": "Thank you",
  "correct": false,
  "id": "sample-quiz-q3",
}
[90mstdout[2m | src/components/Editor3/Workbook.stories.jsx[2m > [22m[2mWorkbook With Content
[22m[39m......!q {
  "answer": "Good morning",
  "correct": false,
  "id": "sample-quiz-q4",
}
[90mstdout[2m | src/components/Editor3/Workbook.stories.jsx[2m > [22m[2mWorkbook With Content
[22m[39mQuestionBlock.nodeKey 29 type: string
[90mstdout[2m | src/components/Editor3/Workbook.stories.jsx[2m > [22m[2mWorkbook With Content
[22m[39mQuestionBlock.questionContent [
  {
    "answer": "Hello",
    "correct": true,
    "id": "sample-quiz-q1",
  },
  {
    "answer": "Goodbye",
    "correct": false,
    "id": "sample-quiz-q2",
  },
  {
    "answer": "Thank you",
    "correct": false,
    "id": "sample-quiz-q3",
  },
  {
    "answer": "Good morning",
    "correct": false,
    "id": "sample-quiz-q4",
  },
]
[90mstdout[2m | src/components/Editor3/Workbook.stories.jsx[2m > [22m[2mWorkbook With Content
[22m[39mQuestionBlock.grade.data keys: []
[90mstdout[2m | src/components/Editor3/Workbook.stories.jsx[2m > [22m[2mWorkbook With Content
[22m[39mQuestionBlock.grade.data[nodeKey]: undefined
[90mstdout[2m | src/components/Editor3/Workbook.stories.jsx[2m > [22m[2mWorkbook With Content
[22m[39mQuestionBlockRo.inProgress {}
[90mstdout[2m | src/components/Editor3/Workbook.stories.jsx[2m > [22m[2mWorkbook With Content
[22m[39mQuestionBlockRo.grade {
  "_version": 1,
  "accuracy": 0,
  "complete": false,
  "data": {},
  "id": "grade-content-1",
  "owner": "mock-user-sub",
  "percentComplete": 0,
  "timerStarted": false,
  "unitID": "workbook-with-content-id",
  "unitVersion": 1,
}
[90mstdout[2m | src/components/Editor3/Workbook.stories.jsx[2m > [22m[2mWorkbook With Content
[22m[39m......!q {
  "answer": "今晩は (こんばんは)",
  "correct": true,
  "id": "sample-quiz-q5",
}
[90mstdout[2m | src/components/Editor3/Workbook.stories.jsx[2m > [22m[2mWorkbook With Content
[22m[39m......!q {
  "answer": "おはよう",
  "correct": false,
  "id": "sample-quiz-q6",
}
[90mstdout[2m | src/components/Editor3/Workbook.stories.jsx[2m > [22m[2mWorkbook With Content
[22m[39m......!q {
  "answer": "今日は (こんにちは)",
  "correct": false,
  "id": "sample-quiz-q7",
}
[90mstdout[2m | src/components/Editor3/Workbook.stories.jsx[2m > [22m[2mWorkbook With Content
[22m[39m......!q {
  "answer": "さようなら",
  "correct": false,
  "id": "sample-quiz-q8",
}
[90mstdout[2m | src/components/Editor3/Workbook.stories.jsx[2m > [22m[2mWorkbook With Content
[22m[39mQuestionBlock.nodeKey 32 type: string
[90mstdout[2m | src/components/Editor3/Workbook.stories.jsx[2m > [22m[2mWorkbook With Content
[22m[39mQuestionBlock.questionContent [
  {
    "answer": "今晩は (こんばんは)",
    "correct": true,
    "id": "sample-quiz-q5",
  },
  {
    "answer": "おはよう",
    "correct": false,
    "id": "sample-quiz-q6",
  },
  {
    "answer": "今日は (こんにちは)",
    "correct": false,
    "id": "sample-quiz-q7",
  },
  {
    "answer": "さようなら",
    "correct": false,
    "id": "sample-quiz-q8",
  },
]
[90mstdout[2m | src/components/Editor3/Workbook.stories.jsx[2m > [22m[2mWorkbook With Content
[22m[39mQuestionBlock.grade.data keys: []
[90mstdout[2m | src/components/Editor3/Workbook.stories.jsx[2m > [22m[2mWorkbook With Content
[22m[39mQuestionBlock.grade.data[nodeKey]: undefined
[90mstdout[2m | src/components/Editor3/Workbook.stories.jsx[2m > [22m[2mWorkbook With Content
[22m[39mQuestionBlockRo.inProgress {}
[90mstdout[2m | src/components/Editor3/Workbook.stories.jsx[2m > [22m[2mWorkbook With Content
[22m[39mCustomAnswerComponent.questionID question-audio-1
[90mstdout[2m | src/components/Editor3/Workbook.stories.jsx[2m > [22m[2mWorkbook With Content
[22m[39mCustomAnswerComponent.questionBank {
  "question-audio-1": {
    "answer": "Audio or text response demonstrating proper pronunciation of がくせい",
    "answerAudio": [Array],
    "audio": [Array],
    "embedding": [Object],
    "hint": "Remember to pronounce both syllables clearly: ga-ku-se-i",
    "id": "question-audio-1",
    "owner": "mock-user-sub",
    "prompt": "Record yourself saying "学生" (がくせい - student)",
  },
  "sample-quiz-q1": {
    "answer": "Hello",
    "audio": [Array],
    "embedding": [Object],
    "hint": "A common greeting used during the day",
    "id": "sample-quiz-q1",
    "owner": "mock-user-sub",
    "prompt": "What does 今日は (こんにちは) mean?",
  },
  "sample-quiz-q2": {
    "answer": "Goodbye",
    "embedding": [Object],
    "hint": "This is incorrect",
    "id": "sample-quiz-q2",
    "owner": "mock-user-sub",
    "prompt": "What does 今日は (こんにちは) mean?",
  },
  "sample-quiz-q3": {
    "answer": "Thank you",
    "embedding": [Object],
    "hint": "This is incorrect",
    "id": "sample-quiz-q3",
    "owner": "mock-user-sub",
    "prompt": "What does 今日は (こんにちは) mean?",
  },
  "sample-quiz-q4": {
    "answer": "Good morning",
    "embedding": [Object],
    "hint": "This is incorrect - though also a greeting",
    "id": "sample-quiz-q4",
    "owner": "mock-user-sub",
    "prompt": "What does 今日は (こんにちは) mean?",
  },
  "sample-quiz-q5": {
    "answer": "今晩は (こんばんは)",
    "audio": [Array],
    "embedding": [Object],
    "hint": "Said when greeting someone in the evening",
    "id": "sample-quiz-q5",
    "owner": "mock-user-sub",
    "prompt": "How do you say "Good evening" in Japanese?",
  },
  "sample-quiz-q6": {
    "answer": "おはよう",
    "embedding": [Object],
    "hint": "This is incorrect - this means good morning",
    "id": "sample-quiz-q6",
    "owner": "mock-user-sub",
    "prompt": "How do you say "Good evening" in Japanese?",
  },
  "sample-quiz-q7": {
    "answer": "今日は (こんにちは)",
    "embedding": [Object],
    "hint": "This is incorrect - this is used during the day",
    "id": "sample-quiz-q7",
    "owner": "mock-user-sub",
    "prompt": "How do you say "Good evening" in Japanese?",
  },
  "sample-quiz-q8": {
    "answer": "さようなら",
    "embedding": [Object],
    "hint": "This is incorrect - this means goodbye",
    "id": "sample-quiz-q8",
    "owner": "mock-user-sub",
    "prompt": "How do you say "Good evening" in Japanese?",
  },
}
[90mstdout[2m | src/components/Editor3/Workbook.stories.jsx[2m > [22m[2mWorkbook With Content
[22m[39mCustomAnswerComponent.question {
  "answer": "Audio or text response demonstrating proper pronunciation of がくせい",
  "answerAudio": [
    "/story-mocks/cinematic-designed-sci-fi-whoosh-transition-nexawave-228295.mp3",
  ],
  "audio": [
    "/story-mocks/cinematic-designed-sci-fi-whoosh-transition-nexawave-228295.mp3",
  ],
  "embedding": {
    "dimensions": 128,
    "embedding": "[{"page":1,"embedding":[-0.375493623385838,-0.34065688277774997,-0.30241641120314205,-0.2611542948133658,-0.21728281103594838,-0.17124030923480626,-0.12348683086831044,-0.0744995129070994,-0.02476782043918371,0.02521134390340561,0.07493860483147617,0.12391710399147991,0.1716574644099477,0.2176826801864466,0.2615328825788482,0.3027699348598005,0.3409818100340678,0.37578670767607414,0.4068368687535527,0.43382205032083365,0.45647262536381383,0.4745622768239473,0.48791025888348777,0.49638320291795357,0.4998964500713346,0.4984148971393996,0.49195334730930806,0.48057636225105826,0.4643976170386202,0.44357876434617555,0.41832781926802803,0.3888970809005464,0.3555806114529912,0.31871129807511944,0.2786575267588307,0.23581950154709808,0.19062524582747006,0.14352632566386422,0.09499333789771887,0.045511208099923935,-0.004425654645201938,-0.05431829771203988,-0.10366821030337939,-0.15198230440552352,-0.19877784156071646,-0.24358725623025476,-0.2859628275547819,-0.32548115283312345,-0.3617473780221225,-0.39439914298770823,-0.4231102020875853,-0.4475936839098409,-0.46760495759726944,-0.4829440771180352,-0.49345777906032434,-0.49904101398969813,-0.4996379960683138,-0.49524276044857823,-0.48589922287193166,-0.47170074087727776,-0.45278918100331195,-0.42935350130496475,-0.40162786334697737,-0.3698892925389467,-0.33445491018901213,-0.2956787649325622,-0.25394829519531104,-0.20968045803661567,-0.16331756305236111,-0.11532285296369783,-0.06617587504888651,-0.01636768966542266,0.03360403626273746,0.08324000176857962,0.1320442606922347,0.17952917701108415,0.22522029713769465,0.26866109050323594,0.30941751106001963,0.347082334126121,0.38127922523980134,0.4116665003690408,0.4379405399054455,0.4598388223310099,0.47714254724634847,0.4896788215519585,0.49732238693891906,0.49999687142851035,0.49767555245577955,0.49038162387257644,0.4781879642022515,0.4612164084615429,0.4396365308253613,0.4136639502976893,0.38355817631776506,0.34962001582754887,0.3121885677081957,0.27163783461612245,0.2283729860720964,0.18282631014131068,0.13545289415393452,0.08672607762294605,0.037132722792178885,-0.012831649930279744,-0.06266781304821456,-0.11187782009339821,-0.15996998094209905,-0.20646377462027168,-0.2508946505102871,-0.2928186699871488,-0.33181694210648377,-0.36749980902438883,-0.39951073932980796,-0.4275298903885351,-0.4512773041050927,-0.47051570417147676,-0.48505286685359267,-0.4947435416272678,-0.4994909024734747,-0.4992475153319073,-0.4940158120464309,-0.4838480660669026,-0.46884587015013995,-0.44915912127867735,-0.42498452293966404,-0.39656361972864257,-0.3641803839157967,-0.32815837808889387],"text":"Record yourself saying 学生 がくせい student Audio or text response demonstrating proper pronunciation Remember to pronounce both syllables clearly ga-ku-se-i"}]",
    "model": "Xenova/all-MiniLM-L6-v2",
    "version": "2026-09-26T09:30:02.555Z",
    "wordCount": 23,
  },
  "hint": "Remember to pronounce both syllables clearly: ga-ku-se-i",
  "id": "question-audio-1",
  "owner": "mock-user-sub",
  "prompt": "Record yourself saying "学生" (がくせい - student)",
}
[90mstdout[2m | src/components/Editor3/Workbook.stories.jsx[2m > [22m[2mWorkbook With Content
[22m[39mCustomAnswerComponent.question {
  "answer": "Audio or text response demonstrating proper pronunciation of がくせい",
  "answerAudio": [
    "/story-mocks/cinematic-designed-sci-fi-whoosh-transition-nexawave-228295.mp3",
  ],
  "audio": [
    "/story-mocks/cinematic-designed-sci-fi-whoosh-transition-nexawave-228295.mp3",
  ],
  "embedding": {
    "dimensions": 128,
    "embedding": "[{"page":1,"embedding":[-0.375493623385838,-0.34065688277774997,-0.30241641120314205,-0.2611542948133658,-0.21728281103594838,-0.17124030923480626,-0.12348683086831044,-0.0744995129070994,-0.02476782043918371,0.02521134390340561,0.07493860483147617,0.12391710399147991,0.1716574644099477,0.2176826801864466,0.2615328825788482,0.3027699348598005,0.3409818100340678,0.37578670767607414,0.4068368687535527,0.43382205032083365,0.45647262536381383,0.4745622768239473,0.48791025888348777,0.49638320291795357,0.4998964500713346,0.4984148971393996,0.49195334730930806,0.48057636225105826,0.4643976170386202,0.44357876434617555,0.41832781926802803,0.3888970809005464,0.3555806114529912,0.31871129807511944,0.2786575267588307,0.23581950154709808,0.19062524582747006,0.14352632566386422,0.09499333789771887,0.045511208099923935,-0.004425654645201938,-0.05431829771203988,-0.10366821030337939,-0.15198230440552352,-0.19877784156071646,-0.24358725623025476,-0.2859628275547819,-0.32548115283312345,-0.3617473780221225,-0.39439914298770823,-0.4231102020875853,-0.4475936839098409,-0.46760495759726944,-0.4829440771180352,-0.49345777906032434,-0.49904101398969813,-0.4996379960683138,-0.49524276044857823,-0.48589922287193166,-0.47170074087727776,-0.45278918100331195,-0.42935350130496475,-0.40162786334697737,-0.3698892925389467,-0.33445491018901213,-0.2956787649325622,-0.25394829519531104,-0.20968045803661567,-0.16331756305236111,-0.11532285296369783,-0.06617587504888651,-0.01636768966542266,0.03360403626273746,0.08324000176857962,0.1320442606922347,0.17952917701108415,0.22522029713769465,0.26866109050323594,0.30941751106001963,0.347082334126121,0.38127922523980134,0.4116665003690408,0.4379405399054455,0.4598388223310099,0.47714254724634847,0.4896788215519585,0.49732238693891906,0.49999687142851035,0.49767555245577955,0.49038162387257644,0.4781879642022515,0.4612164084615429,0.4396365308253613,0.4136639502976893,0.38355817631776506,0.34962001582754887,0.3121885677081957,0.27163783461612245,0.2283729860720964,0.18282631014131068,0.13545289415393452,0.08672607762294605,0.037132722792178885,-0.012831649930279744,-0.06266781304821456,-0.11187782009339821,-0.15996998094209905,-0.20646377462027168,-0.2508946505102871,-0.2928186699871488,-0.33181694210648377,-0.36749980902438883,-0.39951073932980796,-0.4275298903885351,-0.4512773041050927,-0.47051570417147676,-0.48505286685359267,-0.4947435416272678,-0.4994909024734747,-0.4992475153319073,-0.4940158120464309,-0.4838480660669026,-0.46884587015013995,-0.44915912127867735,-0.42498452293966404,-0.39656361972864257,-0.3641803839157967,-0.32815837808889387],"text":"Record yourself saying 学生 がくせい student Audio or text response demonstrating proper pronunciation Remember to pronounce both syllables clearly ga-ku-se-i"}]",
    "model": "Xenova/all-MiniLM-L6-v2",
    "version": "2026-09-26T09:30:02.555Z",
    "wordCount": 23,
  },
  "hint": "Remember to pronounce both syllables clearly: ga-ku-se-i",
  "id": "question-audio-1",
  "owner": "mock-user-sub",
  "prompt": "Record yourself saying "学生" (がくせい - student)",
}
[90mstdout[2m | src/components/Editor3/Workbook.stories.jsx[2m > [22m[2mWorkbook With Content
[22m[39mCustomAnswerComponent.prompt Record yourself saying "学生" (がくせい - student)
[90mstdout[2m | src/components/Editor3/Workbook.stories.jsx[2m > [22m[2mWorkbook With Content
[22m[39mCustomAnswerComponent.feedback[questionID] undefined
[90mstdout[2m | src/components/Editor3/Workbook.stories.jsx[2m > [22m[2mWorkbook With Content
[22m[39mCustomAnswerComponent.isCompleted undefined
[90mstdout[2m | src/components/Editor3/Workbook.stories.jsx[2m > [22m[2mWorkbook With Content
[22m[39mCustomAnswerComponent.currentPromptMethod text
[90mstdout[2m | src/components/Editor3/Workbook.stories.jsx[2m > [22m[2mWorkbook With Content
[22m[39mCustomAnswerComponent.displayPrompt Record yourself saying "学生" (がくせい - student)
[90mstdout[2m | src/components/Editor3/Workbook.stories.jsx[2m > [22m[2mWorkbook With Content
[22m[39m[ChatContext] Create result: {
  "data": {
    "_version": 1,
    "archived": false,
    "chatFiles": [Function anonymous],
    "createdAt": "2026-09-26T10:30:02.931Z",
    "id": "mock-assistantchat-1790418602931",
    "model": "gpt-4",
    "updatedAt": "2026-09-26T10:30:02.931Z",
  },
  "errors": [],
  "hasData": true,
  "hasErrors": true,
}
[90mstdout[2m | src/components/Editor3/Workbook.stories.jsx[2m > [22m[2mWorkbook With Content
[22m[39m[ChatContext] Created AssistantChat: mock-assistantchat-1790418602931 at: 2026-09-26T10:30:02.931Z
[90mstdout[2m | src/components/Editor3/Workbook.stories.jsx[2m > [22m[2mWorkbook With Content
[22m[39m[Mock Storage] downloadData called with: undefined
[90mstdout[2m | src/components/Editor3/Workbook.stories.jsx[2m > [22m[2mWorkbook With Content
[22m[39m[YjsProvider] workbook-grade-content-1 connection status: connected
[90mstdout[2m | src/components/Editor3/Workbook.stories.jsx[2m > [22m[2mWorkbook With Content
[22m[39m[YjsProvider] workbook-grade-content-1 synced with server
[90mstdout[2m | src/components/Editor3/Workbook.stories.jsx[2m > [22m[2mWorkbook With Content
[22m[39m[ChatContext] Setting initial chat: mock-assistantchat-1790418602931
[90mstdout[2m | src/components/Editor3/Workbook.stories.jsx[2m > [22m[2mWorkbook With Content
[22m[39mQuestionBlockRo.grade {
  "_version": 1,
  "accuracy": 0,
  "complete": false,
  "data": {},
  "id": "grade-content-1",
  "owner": "mock-user-sub",
  "percentComplete": 0,
  "timerStarted": false,
  "unitID": "workbook-with-content-id",
  "unitVersion": 1,
}
[90mstdout[2m | src/components/Editor3/Workbook.stories.jsx[2m > [22m[2mWorkbook With Content
[22m[39m......!q {
  "answer": "Hello",
  "correct": true,
  "id": "sample-quiz-q1",
}
[90mstdout[2m | src/components/Editor3/Workbook.stories.jsx[2m > [22m[2mWorkbook With Content
[22m[39m......!q {
  "answer": "Goodbye",
  "correct": false,
  "id": "sample-quiz-q2",
}
[90mstdout[2m | src/components/Editor3/Workbook.stories.jsx[2m > [22m[2mWorkbook With Content
[22m[39m......!q {
  "answer": "Thank you",
  "correct": false,
  "id": "sample-quiz-q3",
}
[90mstdout[2m | src/components/Editor3/Workbook.stories.jsx[2m > [22m[2mWorkbook With Content
[22m[39m......!q {
  "answer": "Good morning",
  "correct": false,
  "id": "sample-quiz-q4",
}
[90mstdout[2m | src/components/Editor3/Workbook.stories.jsx[2m > [22m[2mWorkbook With Content
[22m[39mQuestionBlock.nodeKey 29 type: string
[90mstdout[2m | src/components/Editor3/Workbook.stories.jsx[2m > [22m[2mWorkbook With Content
[22m[39mQuestionBlock.questionContent [
  {
    "answer": "Hello",
    "correct": true,
    "id": "sample-quiz-q1",
  },
  {
    "answer": "Goodbye",
    "correct": false,
    "id": "sample-quiz-q2",
  },
  {
    "answer": "Thank you",
    "correct": false,
    "id": "sample-quiz-q3",
  },
  {
    "answer": "Good morning",
    "correct": false,
    "id": "sample-quiz-q4",
  },
]
[90mstdout[2m | src/components/Editor3/Workbook.stories.jsx[2m > [22m[2mWorkbook With Content
[22m[39mQuestionBlock.grade.data keys: []
[90mstdout[2m | src/components/Editor3/Workbook.stories.jsx[2m > [22m[2mWorkbook With Content
[22m[39mQuestionBlock.grade.data[nodeKey]: undefined
[90mstdout[2m | src/components/Editor3/Workbook.stories.jsx[2m > [22m[2mWorkbook With Content
[22m[39mQuestionBlockRo.inProgress {}
[90mstdout[2m | src/components/Editor3/Workbook.stories.jsx[2m > [22m[2mWorkbook With Content
[22m[39mQuestionBlockRo.grade {
  "_version": 1,
  "accuracy": 0,
  "complete": false,
  "data": {},
  "id": "grade-content-1",
  "owner": "mock-user-sub",
  "percentComplete": 0,
  "timerStarted": false,
  "unitID": "workbook-with-content-id",
  "unitVersion": 1,
}
[90mstdout[2m | src/components/Editor3/Workbook.stories.jsx[2m > [22m[2mWorkbook With Content
[22m[39m......!q {
  "answer": "今晩は (こんばんは)",
  "correct": true,
  "id": "sample-quiz-q5",
}
[90mstdout[2m | src/components/Editor3/Workbook.stories.jsx[2m > [22m[2mWorkbook With Content
[22m[39m......!q {
  "answer": "おはよう",
  "correct": false,
  "id": "sample-quiz-q6",
}
[90mstdout[2m | src/components/Editor3/Workbook.stories.jsx[2m > [22m[2mWorkbook With Content
[22m[39m......!q {
  "answer": "今日は (こんにちは)",
  "correct": false,
  "id": "sample-quiz-q7",
}
[90mstdout[2m | src/components/Editor3/Workbook.stories.jsx[2m > [22m[2mWorkbook With Content
[22m[39m......!q {
  "answer": "さようなら",
  "correct": false,
  "id": "sample-quiz-q8",
}
[90mstdout[2m | src/components/Editor3/Workbook.stories.jsx[2m > [22m[2mWorkbook With Content
[22m[39mQuestionBlock.nodeKey 32 type: string
[90mstdout[2m | src/components/Editor3/Workbook.stories.jsx[2m > [22m[2mWorkbook With Content
[22m[39mQuestionBlock.questionContent [
  {
    "answer": "今晩は (こんばんは)",
    "correct": true,
    "id": "sample-quiz-q5",
  },
  {
    "answer": "おはよう",
    "correct": false,
    "id": "sample-quiz-q6",
  },
  {
    "answer": "今日は (こんにちは)",
    "correct": false,
    "id": "sample-quiz-q7",
  },
  {
    "answer": "さようなら",
    "correct": false,
    "id": "sample-quiz-q8",
  },
]
[90mstdout[2m | src/components/Editor3/Workbook.stories.jsx[2m > [22m[2mWorkbook With Content
[22m[39mQuestionBlock.grade.data keys: []
[90mstdout[2m | src/components/Editor3/Workbook.stories.jsx[2m > [22m[2mWorkbook With Content
[22m[39mQuestionBlock.grade.data[nodeKey]: undefined
[90mstdout[2m | src/components/Editor3/Workbook.stories.jsx[2m > [22m[2mWorkbook With Content
[22m[39mQuestionBlockRo.inProgress {}
[90mstdout[2m | src/components/Editor3/Workbook.stories.jsx[2m > [22m[2mWorkbook With Content
[22m[39mCustomAnswerComponent.questionID question-audio-1
[90mstdout[2m | src/components/Editor3/Workbook.stories.jsx[2m > [22m[2mWorkbook With Content
[22m[39mCustomAnswerComponent.questionBank {
  "question-audio-1": {
    "answer": "Audio or text response demonstrating proper pronunciation of がくせい",
    "answerAudio": [Array],
    "audio": [Array],
    "embedding": [Object],
    "hint": "Remember to pronounce both syllables clearly: ga-ku-se-i",
    "id": "question-audio-1",
    "owner": "mock-user-sub",
    "prompt": "Record yourself saying "学生" (がくせい - student)",
  },
  "sample-quiz-q1": {
    "answer": "Hello",
    "audio": [Array],
    "embedding": [Object],
    "hint": "A common greeting used during the day",
    "id": "sample-quiz-q1",
    "owner": "mock-user-sub",
    "prompt": "What does 今日は (こんにちは) mean?",
  },
  "sample-quiz-q2": {
    "answer": "Goodbye",
    "embedding": [Object],
    "hint": "This is incorrect",
    "id": "sample-quiz-q2",
    "owner": "mock-user-sub",
    "prompt": "What does 今日は (こんにちは) mean?",
  },
  "sample-quiz-q3": {
    "answer": "Thank you",
    "embedding": [Object],
    "hint": "This is incorrect",
    "id": "sample-quiz-q3",
    "owner": "mock-user-sub",
    "prompt": "What does 今日は (こんにちは) mean?",
  },
  "sample-quiz-q4": {
    "answer": "Good morning",
    "embedding": [Object],
    "hint": "This is incorrect - though also a greeting",
    "id": "sample-quiz-q4",
    "owner": "mock-user-sub",
    "prompt": "What does 今日は (こんにちは) mean?",
  },
  "sample-quiz-q5": {
    "answer": "今晩は (こんばんは)",
    "audio": [Array],
    "embedding": [Object],
    "hint": "Said when greeting someone in the evening",
    "id": "sample-quiz-q5",
    "owner": "mock-user-sub",
    "prompt": "How do you say "Good evening" in Japanese?",
  },
  "sample-quiz-q6": {
    "answer": "おはよう",
    "embedding": [Object],
    "hint": "This is incorrect - this means good morning",
    "id": "sample-quiz-q6",
    "owner": "mock-user-sub",
    "prompt": "How do you say "Good evening" in Japanese?",
  },
  "sample-quiz-q7": {
    "answer": "今日は (こんにちは)",
    "embedding": [Object],
    "hint": "This is incorrect - this is used during the day",
    "id": "sample-quiz-q7",
    "owner": "mock-user-sub",
    "prompt": "How do you say "Good evening" in Japanese?",
  },
  "sample-quiz-q8": {
    "answer": "さようなら",
    "embedding": [Object],
    "hint": "This is incorrect - this means goodbye",
    "id": "sample-quiz-q8",
    "owner": "mock-user-sub",
    "prompt": "How do you say "Good evening" in Japanese?",
  },
}
[90mstdout[2m | src/components/Editor3/Workbook.stories.jsx[2m > [22m[2mWorkbook With Content
[22m[39mCustomAnswerComponent.question {
  "answer": "Audio or text response demonstrating proper pronunciation of がくせい",
  "answerAudio": [
    "/story-mocks/cinematic-designed-sci-fi-whoosh-transition-nexawave-228295.mp3",
  ],
  "audio": [
    "/story-mocks/cinematic-designed-sci-fi-whoosh-transition-nexawave-228295.mp3",
  ],
  "embedding": {
    "dimensions": 128,
    "embedding": "[{"page":1,"embedding":[-0.375493623385838,-0.34065688277774997,-0.30241641120314205,-0.2611542948133658,-0.21728281103594838,-0.17124030923480626,-0.12348683086831044,-0.0744995129070994,-0.02476782043918371,0.02521134390340561,0.07493860483147617,0.12391710399147991,0.1716574644099477,0.2176826801864466,0.2615328825788482,0.3027699348598005,0.3409818100340678,0.37578670767607414,0.4068368687535527,0.43382205032083365,0.45647262536381383,0.4745622768239473,0.48791025888348777,0.49638320291795357,0.4998964500713346,0.4984148971393996,0.49195334730930806,0.48057636225105826,0.4643976170386202,0.44357876434617555,0.41832781926802803,0.3888970809005464,0.3555806114529912,0.31871129807511944,0.2786575267588307,0.23581950154709808,0.19062524582747006,0.14352632566386422,0.09499333789771887,0.045511208099923935,-0.004425654645201938,-0.05431829771203988,-0.10366821030337939,-0.15198230440552352,-0.19877784156071646,-0.24358725623025476,-0.2859628275547819,-0.32548115283312345,-0.3617473780221225,-0.39439914298770823,-0.4231102020875853,-0.4475936839098409,-0.46760495759726944,-0.4829440771180352,-0.49345777906032434,-0.49904101398969813,-0.4996379960683138,-0.49524276044857823,-0.48589922287193166,-0.47170074087727776,-0.45278918100331195,-0.42935350130496475,-0.40162786334697737,-0.3698892925389467,-0.33445491018901213,-0.2956787649325622,-0.25394829519531104,-0.20968045803661567,-0.16331756305236111,-0.11532285296369783,-0.06617587504888651,-0.01636768966542266,0.03360403626273746,0.08324000176857962,0.1320442606922347,0.17952917701108415,0.22522029713769465,0.26866109050323594,0.30941751106001963,0.347082334126121,0.38127922523980134,0.4116665003690408,0.4379405399054455,0.4598388223310099,0.47714254724634847,0.4896788215519585,0.49732238693891906,0.49999687142851035,0.49767555245577955,0.49038162387257644,0.4781879642022515,0.4612164084615429,0.4396365308253613,0.4136639502976893,0.38355817631776506,0.34962001582754887,0.3121885677081957,0.27163783461612245,0.2283729860720964,0.18282631014131068,0.13545289415393452,0.08672607762294605,0.037132722792178885,-0.012831649930279744,-0.06266781304821456,-0.11187782009339821,-0.15996998094209905,-0.20646377462027168,-0.2508946505102871,-0.2928186699871488,-0.33181694210648377,-0.36749980902438883,-0.39951073932980796,-0.4275298903885351,-0.4512773041050927,-0.47051570417147676,-0.48505286685359267,-0.4947435416272678,-0.4994909024734747,-0.4992475153319073,-0.4940158120464309,-0.4838480660669026,-0.46884587015013995,-0.44915912127867735,-0.42498452293966404,-0.39656361972864257,-0.3641803839157967,-0.32815837808889387],"text":"Record yourself saying 学生 がくせい student Audio or text response demonstrating proper pronunciation Remember to pronounce both syllables clearly ga-ku-se-i"}]",
    "model": "Xenova/all-MiniLM-L6-v2",
    "version": "2026-09-26T09:30:02.555Z",
    "wordCount": 23,
  },
  "hint": "Remember to pronounce both syllables clearly: ga-ku-se-i",
  "id": "question-audio-1",
  "owner": "mock-user-sub",
  "prompt": "Record yourself saying "学生" (がくせい - student)",
}
[90mstdout[2m | src/components/Editor3/Workbook.stories.jsx[2m > [22m[2mWorkbook With Content
[22m[39mCustomAnswerComponent.question {
  "answer": "Audio or text response demonstrating proper pronunciation of がくせい",
  "answerAudio": [
    "/story-mocks/cinematic-designed-sci-fi-whoosh-transition-nexawave-228295.mp3",
  ],
  "audio": [
    "/story-mocks/cinematic-designed-sci-fi-whoosh-transition-nexawave-228295.mp3",
  ],
  "embedding": {
    "dimensions": 128,
    "embedding": "[{"page":1,"embedding":[-0.375493623385838,-0.34065688277774997,-0.30241641120314205,-0.2611542948133658,-0.21728281103594838,-0.17124030923480626,-0.12348683086831044,-0.0744995129070994,-0.02476782043918371,0.02521134390340561,0.07493860483147617,0.12391710399147991,0.1716574644099477,0.2176826801864466,0.2615328825788482,0.3027699348598005,0.3409818100340678,0.37578670767607414,0.4068368687535527,0.43382205032083365,0.45647262536381383,0.4745622768239473,0.48791025888348777,0.49638320291795357,0.4998964500713346,0.4984148971393996,0.49195334730930806,0.48057636225105826,0.4643976170386202,0.44357876434617555,0.41832781926802803,0.3888970809005464,0.3555806114529912,0.31871129807511944,0.2786575267588307,0.23581950154709808,0.19062524582747006,0.14352632566386422,0.09499333789771887,0.045511208099923935,-0.004425654645201938,-0.05431829771203988,-0.10366821030337939,-0.15198230440552352,-0.19877784156071646,-0.24358725623025476,-0.2859628275547819,-0.32548115283312345,-0.3617473780221225,-0.39439914298770823,-0.4231102020875853,-0.4475936839098409,-0.46760495759726944,-0.4829440771180352,-0.49345777906032434,-0.49904101398969813,-0.4996379960683138,-0.49524276044857823,-0.48589922287193166,-0.47170074087727776,-0.45278918100331195,-0.42935350130496475,-0.40162786334697737,-0.3698892925389467,-0.33445491018901213,-0.2956787649325622,-0.25394829519531104,-0.20968045803661567,-0.16331756305236111,-0.11532285296369783,-0.06617587504888651,-0.01636768966542266,0.03360403626273746,0.08324000176857962,0.1320442606922347,0.17952917701108415,0.22522029713769465,0.26866109050323594,0.30941751106001963,0.347082334126121,0.38127922523980134,0.4116665003690408,0.4379405399054455,0.4598388223310099,0.47714254724634847,0.4896788215519585,0.49732238693891906,0.49999687142851035,0.49767555245577955,0.49038162387257644,0.4781879642022515,0.4612164084615429,0.4396365308253613,0.4136639502976893,0.38355817631776506,0.34962001582754887,0.3121885677081957,0.27163783461612245,0.2283729860720964,0.18282631014131068,0.13545289415393452,0.08672607762294605,0.037132722792178885,-0.012831649930279744,-0.06266781304821456,-0.11187782009339821,-0.15996998094209905,-0.20646377462027168,-0.2508946505102871,-0.2928186699871488,-0.33181694210648377,-0.36749980902438883,-0.39951073932980796,-0.4275298903885351,-0.4512773041050927,-0.47051570417147676,-0.48505286685359267,-0.4947435416272678,-0.4994909024734747,-0.4992475153319073,-0.4940158120464309,-0.4838480660669026,-0.46884587015013995,-0.44915912127867735,-0.42498452293966404,-0.39656361972864257,-0.3641803839157967,-0.32815837808889387],"text":"Record yourself saying 学生 がくせい student Audio or text response demonstrating proper pronunciation Remember to pronounce both syllables clearly ga-ku-se-i"}]",
    "model": "Xenova/all-MiniLM-L6-v2",
    "version": "2026-09-26T09:30:02.555Z",
    "wordCount": 23,
  },
  "hint": "Remember to pronounce both syllables clearly: ga-ku-se-i",
  "id": "question-audio-1",
  "owner": "mock-user-sub",
  "prompt": "Record yourself saying "学生" (がくせい - student)",
}
[90mstdout[2m | src/components/Editor3/Workbook.stories.jsx[2m > [22m[2mWorkbook With Content
[22m[39mCustomAnswerComponent.prompt Record yourself saying "学生" (がくせい - student)
[90mstdout[2m | src/components/Editor3/Workbook.stories.jsx[2m > [22m[2mWorkbook With Content
[22m[39mCustomAnswerComponent.feedback[questionID] undefined
[90mstdout[2m | src/components/Editor3/Workbook.stories.jsx[2m > [22m[2mWorkbook With Content
[22m[39mCustomAnswerComponent.isCompleted undefined
[90mstdout[2m | src/components/Editor3/Workbook.stories.jsx[2m > [22m[2mWorkbook With Content
[22m[39mCustomAnswerComponent.currentPromptMethod text
[90mstdout[2m | src/components/Editor3/Workbook.stories.jsx[2m > [22m[2mWorkbook With Content
[22m[39mCustomAnswerComponent.displayPrompt Record yourself saying "学生" (がくせい - student)
[90mstdout[2m | src/components/Editor3/Workbook.stories.jsx[2m > [22m[2mWorkbook With Content
[22m[39m[ChatContext] Chat exists and not archived, skipping creation
[90mstdout[2m | src/components/Editor3/Workbook.stories.jsx[2m > [22m[2mWorkbook With Progress
[22m[39m[ChatContext] Cleaning up subscriptions
[90mstdout[2m | src/components/Editor3/Workbook.stories.jsx[2m > [22m[2mWorkbook With Progress
[22m[39m[Mock Data] Unit.onUpdate() subscription removed. Remaining: 0
[90mstdout[2m | src/components/Editor3/Workbook.stories.jsx[2m > [22m[2mWorkbook With Progress
[22m[39m[Preview] Skipped initializing default mock data (initializeMockData=false)
[90mstdout[2m | src/components/Editor3/Workbook.stories.jsx[2m > [22m[2mWorkbook With Progress
[22m[39m[Mock Data] seedMockUnit: Adding unit workbook-with-progress-id
[90mstdout[2m | src/components/Editor3/Workbook.stories.jsx[2m > [22m[2mWorkbook With Progress
[22m[39m[Mock Data] Seeded grade: grade-progress-1 for unit: workbook-with-progress-id
[90mstdout[2m | src/components/Editor3/Workbook.stories.jsx[2m > [22m[2mWorkbook With Progress
[22m[39m[Mock Data] Grade has data: true
[90mstdout[2m | src/components/Editor3/Workbook.stories.jsx[2m > [22m[2mWorkbook With Progress
[22m[39m[Mock Data] Total grades in store: 1
[90mstdout[2m | src/components/Editor3/Workbook.stories.jsx[2m > [22m[2mWorkbook With Progress
[22m[39m[Mock Data] seedMockWords: Adding 5 words
[90mstdout[2m | src/components/Editor3/Workbook.stories.jsx[2m > [22m[2mWorkbook With Progress
[22m[39m[MOCK CourseVectorStore] Initialized with mock data
[90mstdout[2m | src/components/Editor3/Workbook.stories.jsx[2m > [22m[2mWorkbook With Progress
[22m[39m[TranslationModeController] Setting mode to: off
[90mstdout[2m | src/components/Editor3/Workbook.stories.jsx[2m > [22m[2mWorkbook With Progress
[22m[39m[UnitContext] useEffect triggered {
  "authLoading": false,
  "hasUser": true,
  "id": "workbook-with-progress-id",
  "userSub": "mock-user-sub",
}
[90mstdout[2m | src/components/Editor3/Workbook.stories.jsx[2m > [22m[2mWorkbook With Progress
[22m[39m[UnitContext] Fetching unit data for id: workbook-with-progress-id
[90mstdout[2m | src/components/Editor3/Workbook.stories.jsx[2m > [22m[2mWorkbook With Progress
[22m[39m[FilesContext] Initializing vector store from IndexedDB
[90mstdout[2m | src/components/Editor3/Workbook.stories.jsx[2m > [22m[2mWorkbook With Progress
[22m[39m[FilesContext] fetchFiles called
[90mstdout[2m | src/components/Editor3/Workbook.stories.jsx[2m > [22m[2mWorkbook With Progress
[22m[39m[FilesContext] User authenticated: mock-user-sub
[90mstdout[2m | src/components/Editor3/Workbook.stories.jsx[2m > [22m[2mWorkbook With Progress
[22m[39m[FilesContext] Identity ID: us-east-1:mock-identity-123
[90mstdout[2m | src/components/Editor3/Workbook.stories.jsx[2m > [22m[2mWorkbook With Progress
[22m[39m[FilesContext] About to set up File observeQuery
[90mstdout[2m | src/components/Editor3/Workbook.stories.jsx[2m > [22m[2mWorkbook With Progress
[22m[39m[ChatContext] Setting up AssistantChat observeQuery
[90mstdout[2m | src/components/Editor3/Workbook.stories.jsx[2m > [22m[2mWorkbook With Progress
[22m[39m[ChatContext] Waiting for subscription to initialize
[90mstdout[2m | src/components/Editor3/Workbook.stories.jsx[2m > [22m[2mWorkbook With Progress
[22m[39m[SettingsContext] Setting up Settings subscription for user: mock-user-sub
[90mstdout[2m | src/components/Editor3/Workbook.stories.jsx[2m > [22m[2mWorkbook With Progress
[22m[39m[Mock Data] Settings created: mock-settings-1790418603535 - notified 0 subscribers
[90mstdout[2m | src/components/Editor3/Workbook.stories.jsx[2m > [22m[2mWorkbook With Progress
[22m[39m[Mock Data] Unit.onUpdate() subscription added. Total: 1
[90mstdout[2m | src/components/Editor3/Workbook.stories.jsx[2m > [22m[2mWorkbook With Progress
[22m[39m[WorkbookStatePlugin] Loading unit content into read-only workbook: workbook-with-progress-id
[90mstdout[2m | src/components/Editor3/Workbook.stories.jsx[2m > [22m[2mWorkbook With Progress
[22m[39mEasy.nodeKey 67 type: string
[90mstdout[2m | src/components/Editor3/Workbook.stories.jsx[2m > [22m[2mWorkbook With Progress
[22m[39mEasy.grade: {}
[90mstdout[2m | src/components/Editor3/Workbook.stories.jsx[2m > [22m[2mWorkbook With Progress
[22m[39mEasy.grade.data: undefined
[90mstdout[2m | src/components/Editor3/Workbook.stories.jsx[2m > [22m[2mWorkbook With Progress
[22m[39mEasy.grade.data === grade? false
[90mstdout[2m | src/components/Editor3/Workbook.stories.jsx[2m > [22m[2mWorkbook With Progress
[22m[39mEasy.grade.data keys: no data
[90mstdout[2m | src/components/Editor3/Workbook.stories.jsx[2m > [22m[2mWorkbook With Progress
[22m[39mEasy.grade.data[nodeKey]: undefined
[90mstdout[2m | src/components/Editor3/Workbook.stories.jsx[2m > [22m[2mWorkbook With Progress
[22m[39mEasy.inProgress {}
[90mstdout[2m | src/components/Editor3/Workbook.stories.jsx[2m > [22m[2mWorkbook With Progress
[22m[39mHard.attemptedAnswers {}
[90mstdout[2m | src/components/Editor3/Workbook.stories.jsx[2m > [22m[2mWorkbook With Progress
[22m[39mQuestionBlockRo.grade {}
[90mstdout[2m | src/components/Editor3/Workbook.stories.jsx[2m > [22m[2mWorkbook With Progress
[22m[39m......!q {
  "answer": "Hello",
  "correct": true,
  "id": "progress-quiz-q1",
}
[90mstdout[2m | src/components/Editor3/Workbook.stories.jsx[2m > [22m[2mWorkbook With Progress
[22m[39m......!q {
  "answer": "Goodbye",
  "correct": false,
  "id": "progress-quiz-q2",
}
[90mstdout[2m | src/components/Editor3/Workbook.stories.jsx[2m > [22m[2mWorkbook With Progress
[22m[39m......!q {
  "answer": "Thank you",
  "correct": false,
  "id": "progress-quiz-q3",
}
[90mstdout[2m | src/components/Editor3/Workbook.stories.jsx[2m > [22m[2mWorkbook With Progress
[22m[39m......!q {
  "answer": "Please",
  "correct": false,
  "id": "progress-quiz-q4",
}
[90mstdout[2m | src/components/Editor3/Workbook.stories.jsx[2m > [22m[2mWorkbook With Progress
[22m[39m......!q {
  "answer": "犬 (inu)",
  "correct": false,
  "id": "progress-quiz-q5",
}
[90mstdout[2m | src/components/Editor3/Workbook.stories.jsx[2m > [22m[2mWorkbook With Progress
[22m[39m......!q {
  "answer": "猫 (neko)",
  "correct": true,
  "id": "progress-quiz-q6",
}
[90mstdout[2m | src/components/Editor3/Workbook.stories.jsx[2m > [22m[2mWorkbook With Progress
[22m[39m......!q {
  "answer": "本 (hon)",
  "correct": false,
  "id": "progress-quiz-q7",
}
[90mstdout[2m | src/components/Editor3/Workbook.stories.jsx[2m > [22m[2mWorkbook With Progress
[22m[39m......!q {
  "answer": "水 (mizu)",
  "correct": false,
  "id": "progress-quiz-q8",
}
[90mstdout[2m | src/components/Editor3/Workbook.stories.jsx[2m > [22m[2mWorkbook With Progress
[22m[39m......!q {
  "answer": "さようなら",
  "correct": false,
  "id": "progress-quiz-q9",
}
[90mstdout[2m | src/components/Editor3/Workbook.stories.jsx[2m > [22m[2mWorkbook With Progress
[22m[39m......!q {
  "answer": "こんにちは",
  "correct": false,
  "id": "progress-quiz-q10",
}
[90mstdout[2m | src/components/Editor3/Workbook.stories.jsx[2m > [22m[2mWorkbook With Progress
[22m[39m......!q {
  "answer": "ありがとう",
  "correct": true,
  "id": "progress-quiz-q11",
}
[90mstdout[2m | src/components/Editor3/Workbook.stories.jsx[2m > [22m[2mWorkbook With Progress
[22m[39m......!q {
  "answer": "すみません",
  "correct": false,
  "id": "progress-quiz-q12",
}
[90mstdout[2m | src/components/Editor3/Workbook.stories.jsx[2m > [22m[2mWorkbook With Progress
[22m[39m......!q {
  "answer": "いぬ",
  "correct": true,
  "id": "progress-quiz-q13",
}
[90mstdout[2m | src/components/Editor3/Workbook.stories.jsx[2m > [22m[2mWorkbook With Progress
[22m[39m......!q {
  "answer": "ねこ",
  "correct": false,
  "id": "progress-quiz-q14",
}
[90mstdout[2m | src/components/Editor3/Workbook.stories.jsx[2m > [22m[2mWorkbook With Progress
[22m[39m......!q {
  "answer": "ほん",
  "correct": false,
  "id": "progress-quiz-q15",
}
[90mstdout[2m | src/components/Editor3/Workbook.stories.jsx[2m > [22m[2mWorkbook With Progress
[22m[39m......!q {
  "answer": "みず",
  "correct": false,
  "id": "progress-quiz-q16",
}
[90mstdout[2m | src/components/Editor3/Workbook.stories.jsx[2m > [22m[2mWorkbook With Progress
[22m[39mQuestionBlock.nodeKey 74 type: string
[90mstdout[2m | src/components/Editor3/Workbook.stories.jsx[2m > [22m[2mWorkbook With Progress
[22m[39mQuestionBlock.questionContent [
  {
    "answer": "Hello",
    "correct": true,
    "id": "progress-quiz-q1",
  },
  {
    "answer": "Goodbye",
    "correct": false,
    "id": "progress-quiz-q2",
  },
  {
    "answer": "Thank you",
    "correct": false,
    "id": "progress-quiz-q3",
  },
  {
    "answer": "Please",
    "correct": false,
    "id": "progress-quiz-q4",
  },
  {
    "answer": "犬 (inu)",
    "correct": false,
    "id": "progress-quiz-q5",
  },
  {
    "answer": "猫 (neko)",
    "correct": true,
    "id": "progress-quiz-q6",
  },
  {
    "answer": "本 (hon)",
    "correct": false,
    "id": "progress-quiz-q7",
  },
  {
    "answer": "水 (mizu)",
    "correct": false,
    "id": "progress-quiz-q8",
  },
  {
    "answer": "さようなら",
    "correct": false,
    "id": "progress-quiz-q9",
  },
  {
    "answer": "こんにちは",
    "correct": false,
    "id": "progress-quiz-q10",
  },
  {
    "answer": "ありがとう",
    "correct": true,
    "id": "progress-quiz-q11",
  },
  {
    "answer": "すみません",
    "correct": false,
    "id": "progress-quiz-q12",
  },
  {
    "answer": "いぬ",
    "correct": true,
    "id": "progress-quiz-q13",
  },
  {
    "answer": "ねこ",
    "correct": false,
    "id": "progress-quiz-q14",
  },
  {
    "answer": "ほん",
    "correct": false,
    "id": "progress-quiz-q15",
  },
  {
    "answer": "みず",
    "correct": false,
    "id": "progress-quiz-q16",
  },
]
[90mstdout[2m | src/components/Editor3/Workbook.stories.jsx[2m > [22m[2mWorkbook With Progress
[22m[39mQuestionBlock.grade.data keys: []
[90mstdout[2m | src/components/Editor3/Workbook.stories.jsx[2m > [22m[2mWorkbook With Progress
[22m[39mQuestionBlock.grade.data[nodeKey]: undefined
[90mstdout[2m | src/components/Editor3/Workbook.stories.jsx[2m > [22m[2mWorkbook With Progress
[22m[39mQuestionBlockRo.inProgress {}
[90mstdout[2m | src/components/Editor3/Workbook.stories.jsx[2m > [22m[2mWorkbook With Progress
[22m[39mCustomAnswerComponent.questionID question-1
[90mstdout[2m | src/components/Editor3/Workbook.stories.jsx[2m > [22m[2mWorkbook With Progress
[22m[39mCustomAnswerComponent.questionBank []
[90mstdout[2m | src/components/Editor3/Workbook.stories.jsx[2m > [22m[2mWorkbook With Progress
[22m[39mCustomAnswerComponent.question {}
[90mstdout[2m | src/components/Editor3/Workbook.stories.jsx[2m > [22m[2mWorkbook With Progress
[22m[39mCustomAnswerComponent.question {}
[90mstdout[2m | src/components/Editor3/Workbook.stories.jsx[2m > [22m[2mWorkbook With Progress
[22m[39mCustomAnswerComponent.prompt undefined
[90mstdout[2m | src/components/Editor3/Workbook.stories.jsx[2m > [22m[2mWorkbook With Progress
[22m[39mCustomAnswerComponent.feedback[questionID] undefined
[90mstdout[2m | src/components/Editor3/Workbook.stories.jsx[2m > [22m[2mWorkbook With Progress
[22m[39mCustomAnswerComponent.isCompleted undefined
[90mstdout[2m | src/components/Editor3/Workbook.stories.jsx[2m > [22m[2mWorkbook With Progress
[22m[39mCustomAnswerComponent.currentPromptMethod text
[90mstdout[2m | src/components/Editor3/Workbook.stories.jsx[2m > [22m[2mWorkbook With Progress
[22m[39mCustomAnswerComponent.displayPrompt undefined
[90mstdout[2m | src/components/Editor3/Workbook.stories.jsx[2m > [22m[2mWorkbook With Progress
[22m[39mCustomAnswerComponent.questionID question-2
[90mstdout[2m | src/components/Editor3/Workbook.stories.jsx[2m > [22m[2mWorkbook With Progress
[22m[39mCustomAnswerComponent.questionBank []
[90mstdout[2m | src/components/Editor3/Workbook.stories.jsx[2m > [22m[2mWorkbook With Progress
[22m[39mCustomAnswerComponent.question {}
[90mstdout[2m | src/components/Editor3/Workbook.stories.jsx[2m > [22m[2mWorkbook With Progress
[22m[39mCustomAnswerComponent.question {}
[90mstdout[2m | src/components/Editor3/Workbook.stories.jsx[2m > [22m[2mWorkbook With Progress
[22m[39mCustomAnswerComponent.prompt undefined
[90mstdout[2m | src/components/Editor3/Workbook.stories.jsx[2m > [22m[2mWorkbook With Progress
[22m[39mCustomAnswerComponent.feedback[questionID] undefined
[90mstdout[2m | src/components/Editor3/Workbook.stories.jsx[2m > [22m[2mWorkbook With Progress
[22m[39mCustomAnswerComponent.isCompleted undefined
[90mstdout[2m | src/components/Editor3/Workbook.stories.jsx[2m > [22m[2mWorkbook With Progress
[22m[39mCustomAnswerComponent.currentPromptMethod text
[90mstdout[2m | src/components/Editor3/Workbook.stories.jsx[2m > [22m[2mWorkbook With Progress
[22m[39mCustomAnswerComponent.displayPrompt undefined
[90mstdout[2m | src/components/Editor3/Workbook.stories.jsx[2m > [22m[2mWorkbook With Progress
[22m[39mLearn._vocabulary []
[90mstdout[2m | src/components/Editor3/Workbook.stories.jsx[2m > [22m[2mWorkbook With Progress
[22m[39mMeaningAssociationExercise._vocabulary []
[90mstdout[2m | src/components/Editor3/Workbook.stories.jsx[2m > [22m[2mWorkbook With Progress
[22m[39mHard._vocabulary []
[90mstdout[2m | src/components/Editor3/Workbook.stories.jsx[2m > [22m[2mWorkbook With Progress
[22m[39mallowedInput [
  "text",
]
[90mstdout[2m | src/components/Editor3/Workbook.stories.jsx[2m > [22m[2mWorkbook With Progress
[22m[39mpromptMethod [
  "text",
]
[90mstdout[2m | src/components/Editor3/Workbook.stories.jsx[2m > [22m[2mWorkbook With Progress
[22m[39mAnswerComponent.currentPromptMethod text
[90mstdout[2m | src/components/Editor3/Workbook.stories.jsx[2m > [22m[2mWorkbook With Progress
[22m[39mAnswerComponent.promptMethod [
  "text",
]
[90mstdout[2m | src/components/Editor3/Workbook.stories.jsx[2m > [22m[2mWorkbook With Progress
[22m[39mallowedInput [
  "text",
]
[90mstdout[2m | src/components/Editor3/Workbook.stories.jsx[2m > [22m[2mWorkbook With Progress
[22m[39mpromptMethod [
  "text",
]
[90mstdout[2m | src/components/Editor3/Workbook.stories.jsx[2m > [22m[2mWorkbook With Progress
[22m[39mAnswerComponent.currentPromptMethod text
[90mstdout[2m | src/components/Editor3/Workbook.stories.jsx[2m > [22m[2mWorkbook With Progress
[22m[39mallowedInput [
  "text",
  "audio",
]
[90mstdout[2m | src/components/Editor3/Workbook.stories.jsx[2m > [22m[2mWorkbook With Progress
[22m[39mpromptMethod [
  "text",
]
[90mstdout[2m | src/components/Editor3/Workbook.stories.jsx[2m > [22m[2mWorkbook With Progress
[22m[39mAnswerComponent.currentPromptMethod text
[90mstdout[2m | src/components/Editor3/Workbook.stories.jsx[2m > [22m[2mWorkbook With Progress
[22m[39mAnswerComponent.promptMethod [
  "text",
]
[90mstdout[2m | src/components/Editor3/Workbook.stories.jsx[2m > [22m[2mWorkbook With Progress
[22m[39mallowedInput [
  "text",
  "audio",
]
[90mstdout[2m | src/components/Editor3/Workbook.stories.jsx[2m > [22m[2mWorkbook With Progress
[22m[39mpromptMethod [
  "text",
]
[90mstdout[2m | src/components/Editor3/Workbook.stories.jsx[2m > [22m[2mWorkbook With Progress
[22m[39mAnswerComponent.currentPromptMethod text
[90mstdout[2m | src/components/Editor3/Workbook.stories.jsx[2m > [22m[2mWorkbook With Progress
[22m[39mEasy.nodeKey 67 type: string
[90mstdout[2m | src/components/Editor3/Workbook.stories.jsx[2m > [22m[2mWorkbook With Progress
[22m[39mEasy.grade: {}
[90mstdout[2m | src/components/Editor3/Workbook.stories.jsx[2m > [22m[2mWorkbook With Progress
[22m[39mEasy.grade.data: undefined
[90mstdout[2m | src/components/Editor3/Workbook.stories.jsx[2m > [22m[2mWorkbook With Progress
[22m[39mEasy.grade.data === grade? false
[90mstdout[2m | src/components/Editor3/Workbook.stories.jsx[2m > [22m[2mWorkbook With Progress
[22m[39mEasy.grade.data keys: no data
[90mstdout[2m | src/components/Editor3/Workbook.stories.jsx[2m > [22m[2mWorkbook With Progress
[22m[39mEasy.grade.data[nodeKey]: undefined
[90mstdout[2m | src/components/Editor3/Workbook.stories.jsx[2m > [22m[2mWorkbook With Progress
[22m[39mEasy.inProgress {}
[90mstdout[2m | src/components/Editor3/Workbook.stories.jsx[2m > [22m[2mWorkbook With Progress
[22m[39mHard.attemptedAnswers {}
[90mstdout[2m | src/components/Editor3/Workbook.stories.jsx[2m > [22m[2mWorkbook With Progress
[22m[39m[SectionContext] Section observeQuery update: 0
[90mstdout[2m | src/components/Editor3/Workbook.stories.jsx[2m > [22m[2mWorkbook With Progress
[22m[39m[FilesContext] File observeQuery update: 0 files
[90mstdout[2m | src/components/Editor3/Workbook.stories.jsx[2m > [22m[2mWorkbook With Progress
[22m[39m[ChatContext] AssistantChat initialized with 0 chats
[90mstdout[2m | src/components/Editor3/Workbook.stories.jsx[2m > [22m[2mWorkbook With Progress
[22m[39m[MOCK CourseVectorStore] Initialized with mock data
[90mstdout[2m | src/components/Editor3/Workbook.stories.jsx[2m > [22m[2mWorkbook With Progress
[22m[39mEasy.nodeKey 67 type: string
[90mstdout[2m | src/components/Editor3/Workbook.stories.jsx[2m > [22m[2mWorkbook With Progress
[22m[39mEasy.grade: {
  "_version": 1,
  "accuracy": 0.75,
  "complete": false,
  "data": {
    "custom-q-1": {
      "accuracy": 1,
      "answerType": "text",
      "complete": true,
      "submittedAt": "2026-09-26T09:30:03.486Z",
      "userAnswer": "Common Japanese greetings include こんにちは (hello), ありがとう (thank you), and さようなら (goodbye). These are essential phrases used in daily conversation.",
    },
    "custom-q-2": {
      "complete": false,
    },
    "meaning-association-1": {
      "complete": false,
      "learn": {
        "accuracy": 0.75,
        "attemptedAnswers": {
          "vocab-word-1": [
            "vocab-word-1",
          ],
          "vocab-word-2": [
            "vocab-word-1",
            "vocab-word-2",
          ],
          "vocab-word-3": [
            "vocab-word-3",
          ],
        },
        "attemptsCount": 4,
        "complete": false,
        "droppedPairs": {
          "vocab-word-1": "vocab-word-1",
          "vocab-word-2": "vocab-word-2",
          "vocab-word-3": "vocab-word-3",
        },
        "percentComplete": 0.6,
        "verifiedAnswers": [
          "vocab-word-1",
          "vocab-word-2",
          "vocab-word-3",
        ],
      },
      "tabIndex": 0,
    },
    "quiz-1": {
      "accuracy": 0.67,
      "answers": {
        "progress-quiz-q1": {
          "attempts": 1,
          "correct": true,
          "selected": "Hello",
        },
        "progress-quiz-q11": {
          "attempts": 1,
          "correct": true,
          "selected": "ありがとう",
        },
        "progress-quiz-q13": {
          "attempts": 1,
          "correct": true,
          "selected": "いぬ",
        },
        "progress-quiz-q2": {
          "attempts": 1,
          "correct": false,
          "selected": "Hello",
        },
        "progress-quiz-q3": {
          "attempts": 1,
          "correct": false,
          "selected": "Thank you",
        },
        "progress-quiz-q6": {
          "attempts": 1,
          "correct": true,
          "selected": "猫 (neko)",
        },
      },
      "complete": false,
      "percentComplete": 0.375,
    },
  },
  "id": "grade-progress-1",
  "owner": "student-alice-sub",
  "percentComplete": 0.4,
  "timerStarted": true,
  "unitID": "workbook-with-progress-id",
  "unitVersion": 1,
}
[90mstdout[2m | src/components/Editor3/Workbook.stories.jsx[2m > [22m[2mWorkbook With Progress
[22m[39mEasy.grade.data: {
  "custom-q-1": {
    "accuracy": 1,
    "answerType": "text",
    "complete": true,
    "submittedAt": "2026-09-26T09:30:03.486Z",
    "userAnswer": "Common Japanese greetings include こんにちは (hello), ありがとう (thank you), and さようなら (goodbye). These are essential phrases used in daily conversation.",
  },
  "custom-q-2": {
    "complete": false,
  },
  "meaning-association-1": {
    "complete": false,
    "learn": {
      "accuracy": 0.75,
      "attemptedAnswers": {
        "vocab-word-1": [
          "vocab-word-1",
        ],
        "vocab-word-2": [
          "vocab-word-1",
          "vocab-word-2",
        ],
        "vocab-word-3": [
          "vocab-word-3",
        ],
      },
      "attemptsCount": 4,
      "complete": false,
      "droppedPairs": {
        "vocab-word-1": "vocab-word-1",
        "vocab-word-2": "vocab-word-2",
        "vocab-word-3": "vocab-word-3",
      },
      "percentComplete": 0.6,
      "verifiedAnswers": [
        "vocab-word-1",
        "vocab-word-2",
        "vocab-word-3",
      ],
    },
    "tabIndex": 0,
  },
  "quiz-1": {
    "accuracy": 0.67,
    "answers": {
      "progress-quiz-q1": {
        "attempts": 1,
        "correct": true,
        "selected": "Hello",
      },
      "progress-quiz-q11": {
        "attempts": 1,
        "correct": true,
        "selected": "ありがとう",
      },
      "progress-quiz-q13": {
        "attempts": 1,
        "correct": true,
        "selected": "いぬ",
      },
      "progress-quiz-q2": {
        "attempts": 1,
        "correct": false,
        "selected": "Hello",
      },
      "progress-quiz-q3": {
        "attempts": 1,
        "correct": false,
        "selected": "Thank you",
      },
      "progress-quiz-q6": {
        "attempts": 1,
        "correct": true,
        "selected": "猫 (neko)",
      },
    },
    "complete": false,
    "percentComplete": 0.375,
  },
}
[90mstdout[2m | src/components/Editor3/Workbook.stories.jsx[2m > [22m[2mWorkbook With Progress
[22m[39mEasy.grade.data === grade? false
[90mstdout[2m | src/components/Editor3/Workbook.stories.jsx[2m > [22m[2mWorkbook With Progress
[22m[39mEasy.grade.data keys: [
  "meaning-association-1",
  "quiz-1",
  "custom-q-1",
  "custom-q-2",
]
[90mstdout[2m | src/components/Editor3/Workbook.stories.jsx[2m > [22m[2mWorkbook With Progress
[22m[39mEasy.grade.data[nodeKey]: undefined
[90mstdout[2m | src/components/Editor3/Workbook.stories.jsx[2m > [22m[2mWorkbook With Progress
[22m[39mEasy.inProgress {}
[90mstdout[2m | src/components/Editor3/Workbook.stories.jsx[2m > [22m[2mWorkbook With Progress
[22m[39mHard.attemptedAnswers {}
[90mstdout[2m | src/components/Editor3/Workbook.stories.jsx[2m > [22m[2mWorkbook With Progress
[22m[39mQuestionBlockRo.grade {
  "_version": 1,
  "accuracy": 0.75,
  "complete": false,
  "data": {
    "custom-q-1": {
      "accuracy": 1,
      "answerType": "text",
      "complete": true,
      "submittedAt": "2026-09-26T09:30:03.486Z",
      "userAnswer": "Common Japanese greetings include こんにちは (hello), ありがとう (thank you), and さようなら (goodbye). These are essential phrases used in daily conversation.",
    },
    "custom-q-2": {
      "complete": false,
    },
    "meaning-association-1": {
      "complete": false,
      "learn": {
        "accuracy": 0.75,
        "attemptedAnswers": {
          "vocab-word-1": [
            "vocab-word-1",
          ],
          "vocab-word-2": [
            "vocab-word-1",
            "vocab-word-2",
          ],
          "vocab-word-3": [
            "vocab-word-3",
          ],
        },
        "attemptsCount": 4,
        "complete": false,
        "droppedPairs": {
          "vocab-word-1": "vocab-word-1",
          "vocab-word-2": "vocab-word-2",
          "vocab-word-3": "vocab-word-3",
        },
        "percentComplete": 0.6,
        "verifiedAnswers": [
          "vocab-word-1",
          "vocab-word-2",
          "vocab-word-3",
        ],
      },
      "tabIndex": 0,
    },
    "quiz-1": {
      "accuracy": 0.67,
      "answers": {
        "progress-quiz-q1": {
          "attempts": 1,
          "correct": true,
          "selected": "Hello",
        },
        "progress-quiz-q11": {
          "attempts": 1,
          "correct": true,
          "selected": "ありがとう",
        },
        "progress-quiz-q13": {
          "attempts": 1,
          "correct": true,
          "selected": "いぬ",
        },
        "progress-quiz-q2": {
          "attempts": 1,
          "correct": false,
          "selected": "Hello",
        },
        "progress-quiz-q3": {
          "attempts": 1,
          "correct": false,
          "selected": "Thank you",
        },
        "progress-quiz-q6": {
          "attempts": 1,
          "correct": true,
          "selected": "猫 (neko)",
        },
      },
      "complete": false,
      "percentComplete": 0.375,
    },
  },
  "id": "grade-progress-1",
  "owner": "student-alice-sub",
  "percentComplete": 0.4,
  "timerStarted": true,
  "unitID": "workbook-with-progress-id",
  "unitVersion": 1,
}
[90mstdout[2m | src/components/Editor3/Workbook.stories.jsx[2m > [22m[2mWorkbook With Progress
[22m[39m......!q {
  "answer": "Hello",
  "correct": true,
  "id": "progress-quiz-q1",
}
[90mstdout[2m | src/components/Editor3/Workbook.stories.jsx[2m > [22m[2mWorkbook With Progress
[22m[39m......!q {
  "answer": "Goodbye",
  "correct": false,
  "id": "progress-quiz-q2",
}
[90mstdout[2m | src/components/Editor3/Workbook.stories.jsx[2m > [22m[2mWorkbook With Progress
[22m[39m......!q {
  "answer": "Thank you",
  "correct": false,
  "id": "progress-quiz-q3",
}
[90mstdout[2m | src/components/Editor3/Workbook.stories.jsx[2m > [22m[2mWorkbook With Progress
[22m[39m......!q {
  "answer": "Please",
  "correct": false,
  "id": "progress-quiz-q4",
}
[90mstdout[2m | src/components/Editor3/Workbook.stories.jsx[2m > [22m[2mWorkbook With Progress
[22m[39m......!q {
  "answer": "犬 (inu)",
  "correct": false,
  "id": "progress-quiz-q5",
}
[90mstdout[2m | src/components/Editor3/Workbook.stories.jsx[2m > [22m[2mWorkbook With Progress
[22m[39m......!q {
  "answer": "猫 (neko)",
  "correct": true,
  "id": "progress-quiz-q6",
}
[90mstdout[2m | src/components/Editor3/Workbook.stories.jsx[2m > [22m[2mWorkbook With Progress
[22m[39m......!q {
  "answer": "本 (hon)",
  "correct": false,
  "id": "progress-quiz-q7",
}
[90mstdout[2m | src/components/Editor3/Workbook.stories.jsx[2m > [22m[2mWorkbook With Progress
[22m[39m......!q {
  "answer": "水 (mizu)",
  "correct": false,
  "id": "progress-quiz-q8",
}
[90mstdout[2m | src/components/Editor3/Workbook.stories.jsx[2m > [22m[2mWorkbook With Progress
[22m[39m......!q {
  "answer": "さようなら",
  "correct": false,
  "id": "progress-quiz-q9",
}
[90mstdout[2m | src/components/Editor3/Workbook.stories.jsx[2m > [22m[2mWorkbook With Progress
[22m[39m......!q {
  "answer": "こんにちは",
  "correct": false,
  "id": "progress-quiz-q10",
}
[90mstdout[2m | src/components/Editor3/Workbook.stories.jsx[2m > [22m[2mWorkbook With Progress
[22m[39m......!q {
  "answer": "ありがとう",
  "correct": true,
  "id": "progress-quiz-q11",
}
[90mstdout[2m | src/components/Editor3/Workbook.stories.jsx[2m > [22m[2mWorkbook With Progress
[22m[39m......!q {
  "answer": "すみません",
  "correct": false,
  "id": "progress-quiz-q12",
}
[90mstdout[2m | src/components/Editor3/Workbook.stories.jsx[2m > [22m[2mWorkbook With Progress
[22m[39m......!q {
  "answer": "いぬ",
  "correct": true,
  "id": "progress-quiz-q13",
}
[90mstdout[2m | src/components/Editor3/Workbook.stories.jsx[2m > [22m[2mWorkbook With Progress
[22m[39m......!q {
  "answer": "ねこ",
  "correct": false,
  "id": "progress-quiz-q14",
}
[90mstdout[2m | src/components/Editor3/Workbook.stories.jsx[2m > [22m[2mWorkbook With Progress
[22m[39m......!q {
  "answer": "ほん",
  "correct": false,
  "id": "progress-quiz-q15",
}
[90mstdout[2m | src/components/Editor3/Workbook.stories.jsx[2m > [22m[2mWorkbook With Progress
[22m[39m......!q {
  "answer": "みず",
  "correct": false,
  "id": "progress-quiz-q16",
}
[90mstdout[2m | src/components/Editor3/Workbook.stories.jsx[2m > [22m[2mWorkbook With Progress
[22m[39mQuestionBlock.nodeKey 74 type: string
[90mstdout[2m | src/components/Editor3/Workbook.stories.jsx[2m > [22m[2mWorkbook With Progress
[22m[39mQuestionBlock.questionContent [
  {
    "answer": "Hello",
    "correct": true,
    "id": "progress-quiz-q1",
  },
  {
    "answer": "Goodbye",
    "correct": false,
    "id": "progress-quiz-q2",
  },
  {
    "answer": "Thank you",
    "correct": false,
    "id": "progress-quiz-q3",
  },
  {
    "answer": "Please",
    "correct": false,
    "id": "progress-quiz-q4",
  },
  {
    "answer": "犬 (inu)",
    "correct": false,
    "id": "progress-quiz-q5",
  },
  {
    "answer": "猫 (neko)",
    "correct": true,
    "id": "progress-quiz-q6",
  },
  {
    "answer": "本 (hon)",
    "correct": false,
    "id": "progress-quiz-q7",
  },
  {
    "answer": "水 (mizu)",
    "correct": false,
    "id": "progress-quiz-q8",
  },
  {
    "answer": "さようなら",
    "correct": false,
    "id": "progress-quiz-q9",
  },
  {
    "answer": "こんにちは",
    "correct": false,
    "id": "progress-quiz-q10",
  },
  {
    "answer": "ありがとう",
    "correct": true,
    "id": "progress-quiz-q11",
  },
  {
    "answer": "すみません",
    "correct": false,
    "id": "progress-quiz-q12",
  },
  {
    "answer": "いぬ",
    "correct": true,
    "id": "progress-quiz-q13",
  },
  {
    "answer": "ねこ",
    "correct": false,
    "id": "progress-quiz-q14",
  },
  {
    "answer": "ほん",
    "correct": false,
    "id": "progress-quiz-q15",
  },
  {
    "answer": "みず",
    "correct": false,
    "id": "progress-quiz-q16",
  },
]
[90mstdout[2m | src/components/Editor3/Workbook.stories.jsx[2m > [22m[2mWorkbook With Progress
[22m[39mQuestionBlock.grade.data keys: [
  "meaning-association-1",
  "quiz-1",
  "custom-q-1",
  "custom-q-2",
]
[90mstdout[2m | src/components/Editor3/Workbook.stories.jsx[2m > [22m[2mWorkbook With Progress
[22m[39mQuestionBlock.grade.data[nodeKey]: undefined
[90mstdout[2m | src/components/Editor3/Workbook.stories.jsx[2m > [22m[2mWorkbook With Progress
[22m[39mQuestionBlockRo.inProgress {}
[90mstdout[2m | src/components/Editor3/Workbook.stories.jsx[2m > [22m[2mWorkbook With Progress
[22m[39mCustomAnswerComponent.questionID question-1
[90mstdout[2m | src/components/Editor3/Workbook.stories.jsx[2m > [22m[2mWorkbook With Progress
[22m[39mCustomAnswerComponent.questionBank {}
[90mstdout[2m | src/components/Editor3/Workbook.stories.jsx[2m > [22m[2mWorkbook With Progress
[22m[39mCustomAnswerComponent.question {}
[90mstdout[2m | src/components/Editor3/Workbook.stories.jsx[2m > [22m[2mWorkbook With Progress
[22m[39mCustomAnswerComponent.question {}
[90mstdout[2m | src/components/Editor3/Workbook.stories.jsx[2m > [22m[2mWorkbook With Progress
[22m[39mCustomAnswerComponent.prompt undefined
[90mstdout[2m | src/components/Editor3/Workbook.stories.jsx[2m > [22m[2mWorkbook With Progress
[22m[39mCustomAnswerComponent.feedback[questionID] undefined
[90mstdout[2m | src/components/Editor3/Workbook.stories.jsx[2m > [22m[2mWorkbook With Progress
[22m[39mCustomAnswerComponent.isCompleted undefined
[90mstdout[2m | src/components/Editor3/Workbook.stories.jsx[2m > [22m[2mWorkbook With Progress
[22m[39mCustomAnswerComponent.currentPromptMethod text
[90mstdout[2m | src/components/Editor3/Workbook.stories.jsx[2m > [22m[2mWorkbook With Progress
[22m[39mCustomAnswerComponent.displayPrompt undefined
[90mstdout[2m | src/components/Editor3/Workbook.stories.jsx[2m > [22m[2mWorkbook With Progress
[22m[39mCustomAnswerComponent.questionID question-2
[90mstdout[2m | src/components/Editor3/Workbook.stories.jsx[2m > [22m[2mWorkbook With Progress
[22m[39mCustomAnswerComponent.questionBank {}
[90mstdout[2m | src/components/Editor3/Workbook.stories.jsx[2m > [22m[2mWorkbook With Progress
[22m[39mCustomAnswerComponent.question {}
[90mstdout[2m | src/components/Editor3/Workbook.stories.jsx[2m > [22m[2mWorkbook With Progress
[22m[39mCustomAnswerComponent.question {}
[90mstdout[2m | src/components/Editor3/Workbook.stories.jsx[2m > [22m[2mWorkbook With Progress
[22m[39mCustomAnswerComponent.prompt undefined
[90mstdout[2m | src/components/Editor3/Workbook.stories.jsx[2m > [22m[2mWorkbook With Progress
[22m[39mCustomAnswerComponent.feedback[questionID] undefined
[90mstdout[2m | src/components/Editor3/Workbook.stories.jsx[2m > [22m[2mWorkbook With Progress
[22m[39mCustomAnswerComponent.isCompleted undefined
[90mstdout[2m | src/components/Editor3/Workbook.stories.jsx[2m > [22m[2mWorkbook With Progress
[22m[39mCustomAnswerComponent.currentPromptMethod text
[90mstdout[2m | src/components/Editor3/Workbook.stories.jsx[2m > [22m[2mWorkbook With Progress
[22m[39mCustomAnswerComponent.displayPrompt undefined
[90mstdout[2m | src/components/Editor3/Workbook.stories.jsx[2m > [22m[2mWorkbook With Progress
[22m[39mLearn._vocabulary [
  {
    "_version": 1,
    "audio": [
      "/story-mocks/cinematic-designed-sci-fi-whoosh-transition-nexawave-228295.mp3",
    ],
    "definition": "Hello (Japanese)",
    "definitionAudio": [
      "/story-mocks/cinematic-designed-sci-fi-whoosh-transition-nexawave-228295.mp3",
    ],
    "id": "vocab-word-1",
    "owner": "student-alice-sub",
    "phrase": "こんにちは",
    "pronunciation": "kon-ni-chi-wa",
  },
  {
    "_version": 1,
    "audio": [
      "/story-mocks/cinematic-designed-sci-fi-whoosh-transition-nexawave-228295.mp3",
    ],
    "definition": "Cat (Japanese)",
    "definitionAudio": [
      "/story-mocks/cinematic-designed-sci-fi-whoosh-transition-nexawave-228295.mp3",
    ],
    "id": "vocab-word-2",
    "owner": "student-alice-sub",
    "phrase": "猫",
    "pronunciation": "neko",
  },
  {
    "_version": 1,
    "audio": [
      "/story-mocks/cinematic-designed-sci-fi-whoosh-transition-nexawave-228295.mp3",
    ],
    "definition": "Thank you (Japanese)",
    "definitionAudio": [
      "/story-mocks/cinematic-designed-sci-fi-whoosh-transition-nexawave-228295.mp3",
    ],
    "id": "vocab-word-3",
    "owner": "student-alice-sub",
    "phrase": "ありがとう",
    "pronunciation": "a-ri-ga-tou",
  },
  {
    "_version": 1,
    "audio": [
      "/story-mocks/cinematic-designed-sci-fi-whoosh-transition-nexawave-228295.mp3",
    ],
    "definition": "Dog (Japanese)",
    "definitionAudio": [
      "/story-mocks/cinematic-designed-sci-fi-whoosh-transition-nexawave-228295.mp3",
    ],
    "id": "vocab-word-4",
    "owner": "student-alice-sub",
    "phrase": "犬",
    "pronunciation": "inu",
  },
  {
    "_version": 1,
    "audio": [
      "/story-mocks/cinematic-designed-sci-fi-whoosh-transition-nexawave-228295.mp3",
    ],
    "definition": "Goodbye (Japanese)",
    "definitionAudio": [
      "/story-mocks/cinematic-designed-sci-fi-whoosh-transition-nexawave-228295.mp3",
    ],
    "id": "vocab-word-5",
    "owner": "student-alice-sub",
    "phrase": "さようなら",
    "pronunciation": "sa-you-na-ra",
  },
]
[90mstdout[2m | src/components/Editor3/Workbook.stories.jsx[2m > [22m[2mWorkbook With Progress
[22m[39mMeaningAssociationExercise._vocabulary [
  {
    "_version": 1,
    "audio": [
      "/story-mocks/cinematic-designed-sci-fi-whoosh-transition-nexawave-228295.mp3",
    ],
    "definition": "Hello (Japanese)",
    "definitionAudio": [
      "/story-mocks/cinematic-designed-sci-fi-whoosh-transition-nexawave-228295.mp3",
    ],
    "id": "vocab-word-1",
    "owner": "student-alice-sub",
    "phrase": "こんにちは",
    "pronunciation": "kon-ni-chi-wa",
  },
  {
    "_version": 1,
    "audio": [
      "/story-mocks/cinematic-designed-sci-fi-whoosh-transition-nexawave-228295.mp3",
    ],
    "definition": "Cat (Japanese)",
    "definitionAudio": [
      "/story-mocks/cinematic-designed-sci-fi-whoosh-transition-nexawave-228295.mp3",
    ],
    "id": "vocab-word-2",
    "owner": "student-alice-sub",
    "phrase": "猫",
    "pronunciation": "neko",
  },
  {
    "_version": 1,
    "audio": [
      "/story-mocks/cinematic-designed-sci-fi-whoosh-transition-nexawave-228295.mp3",
    ],
    "definition": "Thank you (Japanese)",
    "definitionAudio": [
      "/story-mocks/cinematic-designed-sci-fi-whoosh-transition-nexawave-228295.mp3",
    ],
    "id": "vocab-word-3",
    "owner": "student-alice-sub",
    "phrase": "ありがとう",
    "pronunciation": "a-ri-ga-tou",
  },
  {
    "_version": 1,
    "audio": [
      "/story-mocks/cinematic-designed-sci-fi-whoosh-transition-nexawave-228295.mp3",
    ],
    "definition": "Dog (Japanese)",
    "definitionAudio": [
      "/story-mocks/cinematic-designed-sci-fi-whoosh-transition-nexawave-228295.mp3",
    ],
    "id": "vocab-word-4",
    "owner": "student-alice-sub",
    "phrase": "犬",
    "pronunciation": "inu",
  },
  {
    "_version": 1,
    "audio": [
      "/story-mocks/cinematic-designed-sci-fi-whoosh-transition-nexawave-228295.mp3",
    ],
    "definition": "Goodbye (Japanese)",
    "definitionAudio": [
      "/story-mocks/cinematic-designed-sci-fi-whoosh-transition-nexawave-228295.mp3",
    ],
    "id": "vocab-word-5",
    "owner": "student-alice-sub",
    "phrase": "さようなら",
    "pronunciation": "sa-you-na-ra",
  },
]
[90mstdout[2m | src/components/Editor3/Workbook.stories.jsx[2m > [22m[2mWorkbook With Progress
[22m[39mHard._vocabulary [
  {
    "_version": 1,
    "audio": [
      "/story-mocks/cinematic-designed-sci-fi-whoosh-transition-nexawave-228295.mp3",
    ],
    "definition": "Hello (Japanese)",
    "definitionAudio": [
      "/story-mocks/cinematic-designed-sci-fi-whoosh-transition-nexawave-228295.mp3",
    ],
    "id": "vocab-word-1",
    "owner": "student-alice-sub",
    "phrase": "こんにちは",
    "pronunciation": "kon-ni-chi-wa",
  },
  {
    "_version": 1,
    "audio": [
      "/story-mocks/cinematic-designed-sci-fi-whoosh-transition-nexawave-228295.mp3",
    ],
    "definition": "Cat (Japanese)",
    "definitionAudio": [
      "/story-mocks/cinematic-designed-sci-fi-whoosh-transition-nexawave-228295.mp3",
    ],
    "id": "vocab-word-2",
    "owner": "student-alice-sub",
    "phrase": "猫",
    "pronunciation": "neko",
  },
  {
    "_version": 1,
    "audio": [
      "/story-mocks/cinematic-designed-sci-fi-whoosh-transition-nexawave-228295.mp3",
    ],
    "definition": "Thank you (Japanese)",
    "definitionAudio": [
      "/story-mocks/cinematic-designed-sci-fi-whoosh-transition-nexawave-228295.mp3",
    ],
    "id": "vocab-word-3",
    "owner": "student-alice-sub",
    "phrase": "ありがとう",
    "pronunciation": "a-ri-ga-tou",
  },
  {
    "_version": 1,
    "audio": [
      "/story-mocks/cinematic-designed-sci-fi-whoosh-transition-nexawave-228295.mp3",
    ],
    "definition": "Dog (Japanese)",
    "definitionAudio": [
      "/story-mocks/cinematic-designed-sci-fi-whoosh-transition-nexawave-228295.mp3",
    ],
    "id": "vocab-word-4",
    "owner": "student-alice-sub",
    "phrase": "犬",
    "pronunciation": "inu",
  },
  {
    "_version": 1,
    "audio": [
      "/story-mocks/cinematic-designed-sci-fi-whoosh-transition-nexawave-228295.mp3",
    ],
    "definition": "Goodbye (Japanese)",
    "definitionAudio": [
      "/story-mocks/cinematic-designed-sci-fi-whoosh-transition-nexawave-228295.mp3",
    ],
    "id": "vocab-word-5",
    "owner": "student-alice-sub",
    "phrase": "さようなら",
    "pronunciation": "sa-you-na-ra",
  },
]
[90mstdout[2m | src/components/Editor3/Workbook.stories.jsx[2m > [22m[2mWorkbook With Progress
[22m[39m[useWorkbookCollaboration] Initializing for grade grade-progress-1
[90mstdout[2m | src/components/Editor3/Workbook.stories.jsx[2m > [22m[2mWorkbook With Progress
[22m[39m[WorkbookCollaboration] Loaded 4 blocks from Grade.data
[90mstdout[2m | src/components/Editor3/Workbook.stories.jsx[2m > [22m[2mWorkbook With Progress
[22m[39m[ChatContext] No current chat available, will create one
[90mstdout[2m | src/components/Editor3/Workbook.stories.jsx[2m > [22m[2mWorkbook With Progress
[22m[39m[ChatContext] Creating AssistantChat with user: undefined
[90mstdout[2m | src/components/Editor3/Workbook.stories.jsx[2m > [22m[2mWorkbook With Progress
[22m[39m[Mock Data] AssistantChat created: mock-assistantchat-1790418603937 - notified 1 subscribers
[90mstdout[2m | src/components/Editor3/Workbook.stories.jsx[2m > [22m[2mWorkbook With Progress
[22m[39mEasy.nodeKey 67 type: string
[90mstdout[2m | src/components/Editor3/Workbook.stories.jsx[2m > [22m[2mWorkbook With Progress
[22m[39mEasy.grade: {
  "_version": 1,
  "accuracy": 0.75,
  "complete": false,
  "data": {
    "custom-q-1": {
      "accuracy": 1,
      "answerType": "text",
      "complete": true,
      "submittedAt": "2026-09-26T09:30:03.486Z",
      "userAnswer": "Common Japanese greetings include こんにちは (hello), ありがとう (thank you), and さようなら (goodbye). These are essential phrases used in daily conversation.",
    },
    "custom-q-2": {
      "complete": false,
    },
    "meaning-association-1": {
      "complete": false,
      "learn": {
        "accuracy": 0.75,
        "attemptedAnswers": {
          "vocab-word-1": [
            "vocab-word-1",
          ],
          "vocab-word-2": [
            "vocab-word-1",
            "vocab-word-2",
          ],
          "vocab-word-3": [
            "vocab-word-3",
          ],
        },
        "attemptsCount": 4,
        "complete": false,
        "droppedPairs": {
          "vocab-word-1": "vocab-word-1",
          "vocab-word-2": "vocab-word-2",
          "vocab-word-3": "vocab-word-3",
        },
        "percentComplete": 0.6,
        "verifiedAnswers": [
          "vocab-word-1",
          "vocab-word-2",
          "vocab-word-3",
        ],
      },
      "tabIndex": 0,
    },
    "quiz-1": {
      "accuracy": 0.67,
      "answers": {
        "progress-quiz-q1": {
          "attempts": 1,
          "correct": true,
          "selected": "Hello",
        },
        "progress-quiz-q11": {
          "attempts": 1,
          "correct": true,
          "selected": "ありがとう",
        },
        "progress-quiz-q13": {
          "attempts": 1,
          "correct": true,
          "selected": "いぬ",
        },
        "progress-quiz-q2": {
          "attempts": 1,
          "correct": false,
          "selected": "Hello",
        },
        "progress-quiz-q3": {
          "attempts": 1,
          "correct": false,
          "selected": "Thank you",
        },
        "progress-quiz-q6": {
          "attempts": 1,
          "correct": true,
          "selected": "猫 (neko)",
        },
      },
      "complete": false,
      "percentComplete": 0.375,
    },
  },
  "id": "grade-progress-1",
  "owner": "student-alice-sub",
  "percentComplete": 0.4,
  "timerStarted": true,
  "unitID": "workbook-with-progress-id",
  "unitVersion": 1,
}
[90mstdout[2m | src/components/Editor3/Workbook.stories.jsx[2m > [22m[2mWorkbook With Progress
[22m[39mEasy.grade.data: {
  "custom-q-1": {
    "accuracy": 1,
    "answerType": "text",
    "complete": true,
    "submittedAt": "2026-09-26T09:30:03.486Z",
    "userAnswer": "Common Japanese greetings include こんにちは (hello), ありがとう (thank you), and さようなら (goodbye). These are essential phrases used in daily conversation.",
  },
  "custom-q-2": {
    "complete": false,
  },
  "meaning-association-1": {
    "complete": false,
    "learn": {
      "accuracy": 0.75,
      "attemptedAnswers": {
        "vocab-word-1": [
          "vocab-word-1",
        ],
        "vocab-word-2": [
          "vocab-word-1",
          "vocab-word-2",
        ],
        "vocab-word-3": [
          "vocab-word-3",
        ],
      },
      "attemptsCount": 4,
      "complete": false,
      "droppedPairs": {
        "vocab-word-1": "vocab-word-1",
        "vocab-word-2": "vocab-word-2",
        "vocab-word-3": "vocab-word-3",
      },
      "percentComplete": 0.6,
      "verifiedAnswers": [
        "vocab-word-1",
        "vocab-word-2",
        "vocab-word-3",
      ],
    },
    "tabIndex": 0,
  },
  "quiz-1": {
    "accuracy": 0.67,
    "answers": {
      "progress-quiz-q1": {
        "attempts": 1,
        "correct": true,
        "selected": "Hello",
      },
      "progress-quiz-q11": {
        "attempts": 1,
        "correct": true,
        "selected": "ありがとう",
      },
      "progress-quiz-q13": {
        "attempts": 1,
        "correct": true,
        "selected": "いぬ",
      },
      "progress-quiz-q2": {
        "attempts": 1,
        "correct": false,
        "selected": "Hello",
      },
      "progress-quiz-q3": {
        "attempts": 1,
        "correct": false,
        "selected": "Thank you",
      },
      "progress-quiz-q6": {
        "attempts": 1,
        "correct": true,
        "selected": "猫 (neko)",
      },
    },
    "complete": false,
    "percentComplete": 0.375,
  },
}
[90mstdout[2m | src/components/Editor3/Workbook.stories.jsx[2m > [22m[2mWorkbook With Progress
[22m[39mEasy.grade.data === grade? false
[90mstdout[2m | src/components/Editor3/Workbook.stories.jsx[2m > [22m[2mWorkbook With Progress
[22m[39mEasy.grade.data keys: [
  "meaning-association-1",
  "quiz-1",
  "custom-q-1",
  "custom-q-2",
]
[90mstdout[2m | src/components/Editor3/Workbook.stories.jsx[2m > [22m[2mWorkbook With Progress
[22m[39mEasy.grade.data[nodeKey]: undefined
[90mstdout[2m | src/components/Editor3/Workbook.stories.jsx[2m > [22m[2mWorkbook With Progress
[22m[39mEasy.inProgress {}
[90mstdout[2m | src/components/Editor3/Workbook.stories.jsx[2m > [22m[2mWorkbook With Progress
[22m[39mHard.attemptedAnswers {}
[90mstdout[2m | src/components/Editor3/Workbook.stories.jsx[2m > [22m[2mWorkbook With Progress
[22m[39mQuestionBlockRo.grade {
  "_version": 1,
  "accuracy": 0.75,
  "complete": false,
  "data": {
    "custom-q-1": {
      "accuracy": 1,
      "answerType": "text",
      "complete": true,
      "submittedAt": "2026-09-26T09:30:03.486Z",
      "userAnswer": "Common Japanese greetings include こんにちは (hello), ありがとう (thank you), and さようなら (goodbye). These are essential phrases used in daily conversation.",
    },
    "custom-q-2": {
      "complete": false,
    },
    "meaning-association-1": {
      "complete": false,
      "learn": {
        "accuracy": 0.75,
        "attemptedAnswers": {
          "vocab-word-1": [
            "vocab-word-1",
          ],
          "vocab-word-2": [
            "vocab-word-1",
            "vocab-word-2",
          ],
          "vocab-word-3": [
            "vocab-word-3",
          ],
        },
        "attemptsCount": 4,
        "complete": false,
        "droppedPairs": {
          "vocab-word-1": "vocab-word-1",
          "vocab-word-2": "vocab-word-2",
          "vocab-word-3": "vocab-word-3",
        },
        "percentComplete": 0.6,
        "verifiedAnswers": [
          "vocab-word-1",
          "vocab-word-2",
          "vocab-word-3",
        ],
      },
      "tabIndex": 0,
    },
    "quiz-1": {
      "accuracy": 0.67,
      "answers": {
        "progress-quiz-q1": {
          "attempts": 1,
          "correct": true,
          "selected": "Hello",
        },
        "progress-quiz-q11": {
          "attempts": 1,
          "correct": true,
          "selected": "ありがとう",
        },
        "progress-quiz-q13": {
          "attempts": 1,
          "correct": true,
          "selected": "いぬ",
        },
        "progress-quiz-q2": {
          "attempts": 1,
          "correct": false,
          "selected": "Hello",
        },
        "progress-quiz-q3": {
          "attempts": 1,
          "correct": false,
          "selected": "Thank you",
        },
        "progress-quiz-q6": {
          "attempts": 1,
          "correct": true,
          "selected": "猫 (neko)",
        },
      },
      "complete": false,
      "percentComplete": 0.375,
    },
  },
  "id": "grade-progress-1",
  "owner": "student-alice-sub",
  "percentComplete": 0.4,
  "timerStarted": true,
  "unitID": "workbook-with-progress-id",
  "unitVersion": 1,
}
[90mstdout[2m | src/components/Editor3/Workbook.stories.jsx[2m > [22m[2mWorkbook With Progress
[22m[39m......!q {
  "answer": "Hello",
  "correct": true,
  "id": "progress-quiz-q1",
}
[90mstdout[2m | src/components/Editor3/Workbook.stories.jsx[2m > [22m[2mWorkbook With Progress
[22m[39m......!q {
  "answer": "Goodbye",
  "correct": false,
  "id": "progress-quiz-q2",
}
[90mstdout[2m | src/components/Editor3/Workbook.stories.jsx[2m > [22m[2mWorkbook With Progress
[22m[39m......!q {
  "answer": "Thank you",
  "correct": false,
  "id": "progress-quiz-q3",
}
[90mstdout[2m | src/components/Editor3/Workbook.stories.jsx[2m > [22m[2mWorkbook With Progress
[22m[39m......!q {
  "answer": "Please",
  "correct": false,
  "id": "progress-quiz-q4",
}
[90mstdout[2m | src/components/Editor3/Workbook.stories.jsx[2m > [22m[2mWorkbook With Progress
[22m[39m......!q {
  "answer": "犬 (inu)",
  "correct": false,
  "id": "progress-quiz-q5",
}
[90mstdout[2m | src/components/Editor3/Workbook.stories.jsx[2m > [22m[2mWorkbook With Progress
[22m[39m......!q {
  "answer": "猫 (neko)",
  "correct": true,
  "id": "progress-quiz-q6",
}
[90mstdout[2m | src/components/Editor3/Workbook.stories.jsx[2m > [22m[2mWorkbook With Progress
[22m[39m......!q {
  "answer": "本 (hon)",
  "correct": false,
  "id": "progress-quiz-q7",
}
[90mstdout[2m | src/components/Editor3/Workbook.stories.jsx[2m > [22m[2mWorkbook With Progress
[22m[39m......!q {
  "answer": "水 (mizu)",
  "correct": false,
  "id": "progress-quiz-q8",
}
[90mstdout[2m | src/components/Editor3/Workbook.stories.jsx[2m > [22m[2mWorkbook With Progress
[22m[39m......!q {
  "answer": "さようなら",
  "correct": false,
  "id": "progress-quiz-q9",
}
[90mstdout[2m | src/components/Editor3/Workbook.stories.jsx[2m > [22m[2mWorkbook With Progress
[22m[39m......!q {
  "answer": "こんにちは",
  "correct": false,
  "id": "progress-quiz-q10",
}
[90mstdout[2m | src/components/Editor3/Workbook.stories.jsx[2m > [22m[2mWorkbook With Progress
[22m[39m......!q {
  "answer": "ありがとう",
  "correct": true,
  "id": "progress-quiz-q11",
}
[90mstdout[2m | src/components/Editor3/Workbook.stories.jsx[2m > [22m[2mWorkbook With Progress
[22m[39m......!q {
  "answer": "すみません",
  "correct": false,
  "id": "progress-quiz-q12",
}
[90mstdout[2m | src/components/Editor3/Workbook.stories.jsx[2m > [22m[2mWorkbook With Progress
[22m[39m......!q {
  "answer": "いぬ",
  "correct": true,
  "id": "progress-quiz-q13",
}
[90mstdout[2m | src/components/Editor3/Workbook.stories.jsx[2m > [22m[2mWorkbook With Progress
[22m[39m......!q {
  "answer": "ねこ",
  "correct": false,
  "id": "progress-quiz-q14",
}
[90mstdout[2m | src/components/Editor3/Workbook.stories.jsx[2m > [22m[2mWorkbook With Progress
[22m[39m......!q {
  "answer": "ほん",
  "correct": false,
  "id": "progress-quiz-q15",
}
[90mstdout[2m | src/components/Editor3/Workbook.stories.jsx[2m > [22m[2mWorkbook With Progress
[22m[39m......!q {
  "answer": "みず",
  "correct": false,
  "id": "progress-quiz-q16",
}
[90mstdout[2m | src/components/Editor3/Workbook.stories.jsx[2m > [22m[2mWorkbook With Progress
[22m[39mQuestionBlock.nodeKey 74 type: string
[90mstdout[2m | src/components/Editor3/Workbook.stories.jsx[2m > [22m[2mWorkbook With Progress
[22m[39mQuestionBlock.questionContent [
  {
    "answer": "Hello",
    "correct": true,
    "id": "progress-quiz-q1",
  },
  {
    "answer": "Goodbye",
    "correct": false,
    "id": "progress-quiz-q2",
  },
  {
    "answer": "Thank you",
    "correct": false,
    "id": "progress-quiz-q3",
  },
  {
    "answer": "Please",
    "correct": false,
    "id": "progress-quiz-q4",
  },
  {
    "answer": "犬 (inu)",
    "correct": false,
    "id": "progress-quiz-q5",
  },
  {
    "answer": "猫 (neko)",
    "correct": true,
    "id": "progress-quiz-q6",
  },
  {
    "answer": "本 (hon)",
    "correct": false,
    "id": "progress-quiz-q7",
  },
  {
    "answer": "水 (mizu)",
    "correct": false,
    "id": "progress-quiz-q8",
  },
  {
    "answer": "さようなら",
    "correct": false,
    "id": "progress-quiz-q9",
  },
  {
    "answer": "こんにちは",
    "correct": false,
    "id": "progress-quiz-q10",
  },
  {
    "answer": "ありがとう",
    "correct": true,
    "id": "progress-quiz-q11",
  },
  {
    "answer": "すみません",
    "correct": false,
    "id": "progress-quiz-q12",
  },
  {
    "answer": "いぬ",
    "correct": true,
    "id": "progress-quiz-q13",
  },
  {
    "answer": "ねこ",
    "correct": false,
    "id": "progress-quiz-q14",
  },
  {
    "answer": "ほん",
    "correct": false,
    "id": "progress-quiz-q15",
  },
  {
    "answer": "みず",
    "correct": false,
    "id": "progress-quiz-q16",
  },
]
[90mstdout[2m | src/components/Editor3/Workbook.stories.jsx[2m > [22m[2mWorkbook With Progress
[22m[39mQuestionBlock.grade.data keys: [
  "meaning-association-1",
  "quiz-1",
  "custom-q-1",
  "custom-q-2",
]
[90mstdout[2m | src/components/Editor3/Workbook.stories.jsx[2m > [22m[2mWorkbook With Progress
[22m[39mQuestionBlock.grade.data[nodeKey]: undefined
[90mstdout[2m | src/components/Editor3/Workbook.stories.jsx[2m > [22m[2mWorkbook With Progress
[22m[39mQuestionBlockRo.inProgress {}
[90mstdout[2m | src/components/Editor3/Workbook.stories.jsx[2m > [22m[2mWorkbook With Progress
[22m[39mCustomAnswerComponent.questionID question-1
[90mstdout[2m | src/components/Editor3/Workbook.stories.jsx[2m > [22m[2mWorkbook With Progress
[22m[39mCustomAnswerComponent.questionBank {}
[90mstdout[2m | src/components/Editor3/Workbook.stories.jsx[2m > [22m[2mWorkbook With Progress
[22m[39mCustomAnswerComponent.question {}
[90mstdout[2m | src/components/Editor3/Workbook.stories.jsx[2m > [22m[2mWorkbook With Progress
[22m[39mCustomAnswerComponent.question {}
[90mstdout[2m | src/components/Editor3/Workbook.stories.jsx[2m > [22m[2mWorkbook With Progress
[22m[39mCustomAnswerComponent.prompt undefined
[90mstdout[2m | src/components/Editor3/Workbook.stories.jsx[2m > [22m[2mWorkbook With Progress
[22m[39mCustomAnswerComponent.feedback[questionID] undefined
[90mstdout[2m | src/components/Editor3/Workbook.stories.jsx[2m > [22m[2mWorkbook With Progress
[22m[39mCustomAnswerComponent.isCompleted undefined
[90mstdout[2m | src/components/Editor3/Workbook.stories.jsx[2m > [22m[2mWorkbook With Progress
[22m[39mCustomAnswerComponent.currentPromptMethod text
[90mstdout[2m | src/components/Editor3/Workbook.stories.jsx[2m > [22m[2mWorkbook With Progress
[22m[39mCustomAnswerComponent.displayPrompt undefined
[90mstdout[2m | src/components/Editor3/Workbook.stories.jsx[2m > [22m[2mWorkbook With Progress
[22m[39mCustomAnswerComponent.questionID question-2
[90mstdout[2m | src/components/Editor3/Workbook.stories.jsx[2m > [22m[2mWorkbook With Progress
[22m[39mCustomAnswerComponent.questionBank {}
[90mstdout[2m | src/components/Editor3/Workbook.stories.jsx[2m > [22m[2mWorkbook With Progress
[22m[39mCustomAnswerComponent.question {}
[90mstdout[2m | src/components/Editor3/Workbook.stories.jsx[2m > [22m[2mWorkbook With Progress
[22m[39mCustomAnswerComponent.question {}
[90mstdout[2m | src/components/Editor3/Workbook.stories.jsx[2m > [22m[2mWorkbook With Progress
[22m[39mCustomAnswerComponent.prompt undefined
[90mstdout[2m | src/components/Editor3/Workbook.stories.jsx[2m > [22m[2mWorkbook With Progress
[22m[39mCustomAnswerComponent.feedback[questionID] undefined
[90mstdout[2m | src/components/Editor3/Workbook.stories.jsx[2m > [22m[2mWorkbook With Progress
[22m[39mCustomAnswerComponent.isCompleted undefined
[90mstdout[2m | src/components/Editor3/Workbook.stories.jsx[2m > [22m[2mWorkbook With Progress
[22m[39mCustomAnswerComponent.currentPromptMethod text
[90mstdout[2m | src/components/Editor3/Workbook.stories.jsx[2m > [22m[2mWorkbook With Progress
[22m[39mCustomAnswerComponent.displayPrompt undefined
[90mstdout[2m | src/components/Editor3/Workbook.stories.jsx[2m > [22m[2mWorkbook With Progress
[22m[39m[ChatContext] Create result: {
  "data": {
    "_version": 1,
    "archived": false,
    "chatFiles": [Function anonymous],
    "createdAt": "2026-09-26T10:30:03.937Z",
    "id": "mock-assistantchat-1790418603937",
    "model": "gpt-4",
    "updatedAt": "2026-09-26T10:30:03.937Z",
  },
  "errors": [],
  "hasData": true,
  "hasErrors": true,
}
[90mstdout[2m | src/components/Editor3/Workbook.stories.jsx[2m > [22m[2mWorkbook With Progress
[22m[39m[ChatContext] Created AssistantChat: mock-assistantchat-1790418603937 at: 2026-09-26T10:30:03.937Z
[90mstdout[2m | src/components/Editor3/Workbook.stories.jsx[2m > [22m[2mWorkbook With Progress
[22m[39m[Mock Storage] downloadData called with: undefined
[90mstdout[2m | src/components/Editor3/Workbook.stories.jsx[2m > [22m[2mWorkbook With Progress
[22m[39m[YjsProvider] workbook-grade-progress-1 connection status: connected
[90mstdout[2m | src/components/Editor3/Workbook.stories.jsx[2m > [22m[2mWorkbook With Progress
[22m[39m[YjsProvider] workbook-grade-progress-1 synced with server
[90mstdout[2m | src/components/Editor3/Workbook.stories.jsx[2m > [22m[2mWorkbook With Progress
[22m[39m[ChatContext] Setting initial chat: mock-assistantchat-1790418603937
[90mstdout[2m | src/components/Editor3/Workbook.stories.jsx[2m > [22m[2mWorkbook With Progress
[22m[39mEasy.nodeKey 67 type: string
[90mstdout[2m | src/components/Editor3/Workbook.stories.jsx[2m > [22m[2mWorkbook With Progress
[22m[39mEasy.grade: {
  "_version": 1,
  "accuracy": 0.75,
  "complete": false,
  "data": {
    "custom-q-1": {
      "accuracy": 1,
      "answerType": "text",
      "complete": true,
      "submittedAt": "2026-09-26T09:30:03.486Z",
      "userAnswer": "Common Japanese greetings include こんにちは (hello), ありがとう (thank you), and さようなら (goodbye). These are essential phrases used in daily conversation.",
    },
    "custom-q-2": {
      "complete": false,
    },
    "meaning-association-1": {
      "complete": false,
      "learn": {
        "accuracy": 0.75,
        "attemptedAnswers": {
          "vocab-word-1": [
            "vocab-word-1",
          ],
          "vocab-word-2": [
            "vocab-word-1",
            "vocab-word-2",
          ],
          "vocab-word-3": [
            "vocab-word-3",
          ],
        },
        "attemptsCount": 4,
        "complete": false,
        "droppedPairs": {
          "vocab-word-1": "vocab-word-1",
          "vocab-word-2": "vocab-word-2",
          "vocab-word-3": "vocab-word-3",
        },
        "percentComplete": 0.6,
        "verifiedAnswers": [
          "vocab-word-1",
          "vocab-word-2",
          "vocab-word-3",
        ],
      },
      "tabIndex": 0,
    },
    "quiz-1": {
      "accuracy": 0.67,
      "answers": {
        "progress-quiz-q1": {
          "attempts": 1,
          "correct": true,
          "selected": "Hello",
        },
        "progress-quiz-q11": {
          "attempts": 1,
          "correct": true,
          "selected": "ありがとう",
        },
        "progress-quiz-q13": {
          "attempts": 1,
          "correct": true,
          "selected": "いぬ",
        },
        "progress-quiz-q2": {
          "attempts": 1,
          "correct": false,
          "selected": "Hello",
        },
        "progress-quiz-q3": {
          "attempts": 1,
          "correct": false,
          "selected": "Thank you",
        },
        "progress-quiz-q6": {
          "attempts": 1,
          "correct": true,
          "selected": "猫 (neko)",
        },
      },
      "complete": false,
      "percentComplete": 0.375,
    },
  },
  "id": "grade-progress-1",
  "owner": "student-alice-sub",
  "percentComplete": 0.4,
  "timerStarted": true,
  "unitID": "workbook-with-progress-id",
  "unitVersion": 1,
}
[90mstdout[2m | src/components/Editor3/Workbook.stories.jsx[2m > [22m[2mWorkbook With Progress
[22m[39mEasy.grade.data: {
  "custom-q-1": {
    "accuracy": 1,
    "answerType": "text",
    "complete": true,
    "submittedAt": "2026-09-26T09:30:03.486Z",
    "userAnswer": "Common Japanese greetings include こんにちは (hello), ありがとう (thank you), and さようなら (goodbye). These are essential phrases used in daily conversation.",
  },
  "custom-q-2": {
    "complete": false,
  },
  "meaning-association-1": {
    "complete": false,
    "learn": {
      "accuracy": 0.75,
      "attemptedAnswers": {
        "vocab-word-1": [
          "vocab-word-1",
        ],
        "vocab-word-2": [
          "vocab-word-1",
          "vocab-word-2",
        ],
        "vocab-word-3": [
          "vocab-word-3",
        ],
      },
      "attemptsCount": 4,
      "complete": false,
      "droppedPairs": {
        "vocab-word-1": "vocab-word-1",
        "vocab-word-2": "vocab-word-2",
        "vocab-word-3": "vocab-word-3",
      },
      "percentComplete": 0.6,
      "verifiedAnswers": [
        "vocab-word-1",
        "vocab-word-2",
        "vocab-word-3",
      ],
    },
    "tabIndex": 0,
  },
  "quiz-1": {
    "accuracy": 0.67,
    "answers": {
      "progress-quiz-q1": {
        "attempts": 1,
        "correct": true,
        "selected": "Hello",
      },
      "progress-quiz-q11": {
        "attempts": 1,
        "correct": true,
        "selected": "ありがとう",
      },
      "progress-quiz-q13": {
        "attempts": 1,
        "correct": true,
        "selected": "いぬ",
      },
      "progress-quiz-q2": {
        "attempts": 1,
        "correct": false,
        "selected": "Hello",
      },
      "progress-quiz-q3": {
        "attempts": 1,
        "correct": false,
        "selected": "Thank you",
      },
      "progress-quiz-q6": {
        "attempts": 1,
        "correct": true,
        "selected": "猫 (neko)",
      },
    },
    "complete": false,
    "percentComplete": 0.375,
  },
}
[90mstdout[2m | src/components/Editor3/Workbook.stories.jsx[2m > [22m[2mWorkbook With Progress
[22m[39mEasy.grade.data === grade? false
[90mstdout[2m | src/components/Editor3/Workbook.stories.jsx[2m > [22m[2mWorkbook With Progress
[22m[39mEasy.grade.data keys: [
  "meaning-association-1",
  "quiz-1",
  "custom-q-1",
  "custom-q-2",
]
[90mstdout[2m | src/components/Editor3/Workbook.stories.jsx[2m > [22m[2mWorkbook With Progress
[22m[39mEasy.grade.data[nodeKey]: undefined
[90mstdout[2m | src/components/Editor3/Workbook.stories.jsx[2m > [22m[2mWorkbook With Progress
[22m[39mEasy.inProgress {}
[90mstdout[2m | src/components/Editor3/Workbook.stories.jsx[2m > [22m[2mWorkbook With Progress
[22m[39mHard.attemptedAnswers {}
[90mstdout[2m | src/components/Editor3/Workbook.stories.jsx[2m > [22m[2mWorkbook With Progress
[22m[39mQuestionBlockRo.grade {
  "_version": 1,
  "accuracy": 0.75,
  "complete": false,
  "data": {
    "custom-q-1": {
      "accuracy": 1,
      "answerType": "text",
      "complete": true,
      "submittedAt": "2026-09-26T09:30:03.486Z",
      "userAnswer": "Common Japanese greetings include こんにちは (hello), ありがとう (thank you), and さようなら (goodbye). These are essential phrases used in daily conversation.",
    },
    "custom-q-2": {
      "complete": false,
    },
    "meaning-association-1": {
      "complete": false,
      "learn": {
        "accuracy": 0.75,
        "attemptedAnswers": {
          "vocab-word-1": [
            "vocab-word-1",
          ],
          "vocab-word-2": [
            "vocab-word-1",
            "vocab-word-2",
          ],
          "vocab-word-3": [
            "vocab-word-3",
          ],
        },
        "attemptsCount": 4,
        "complete": false,
        "droppedPairs": {
          "vocab-word-1": "vocab-word-1",
          "vocab-word-2": "vocab-word-2",
          "vocab-word-3": "vocab-word-3",
        },
        "percentComplete": 0.6,
        "verifiedAnswers": [
          "vocab-word-1",
          "vocab-word-2",
          "vocab-word-3",
        ],
      },
      "tabIndex": 0,
    },
    "quiz-1": {
      "accuracy": 0.67,
      "answers": {
        "progress-quiz-q1": {
          "attempts": 1,
          "correct": true,
          "selected": "Hello",
        },
        "progress-quiz-q11": {
          "attempts": 1,
          "correct": true,
          "selected": "ありがとう",
        },
        "progress-quiz-q13": {
          "attempts": 1,
          "correct": true,
          "selected": "いぬ",
        },
        "progress-quiz-q2": {
          "attempts": 1,
          "correct": false,
          "selected": "Hello",
        },
        "progress-quiz-q3": {
          "attempts": 1,
          "correct": false,
          "selected": "Thank you",
        },
        "progress-quiz-q6": {
          "attempts": 1,
          "correct": true,
          "selected": "猫 (neko)",
        },
      },
      "complete": false,
      "percentComplete": 0.375,
    },
  },
  "id": "grade-progress-1",
  "owner": "student-alice-sub",
  "percentComplete": 0.4,
  "timerStarted": true,
  "unitID": "workbook-with-progress-id",
  "unitVersion": 1,
}
[90mstdout[2m | src/components/Editor3/Workbook.stories.jsx[2m > [22m[2mWorkbook With Progress
[22m[39m......!q {
  "answer": "Hello",
  "correct": true,
  "id": "progress-quiz-q1",
}
[90mstdout[2m | src/components/Editor3/Workbook.stories.jsx[2m > [22m[2mWorkbook With Progress
[22m[39m......!q {
  "answer": "Goodbye",
  "correct": false,
  "id": "progress-quiz-q2",
}
[90mstdout[2m | src/components/Editor3/Workbook.stories.jsx[2m > [22m[2mWorkbook With Progress
[22m[39m......!q {
  "answer": "Thank you",
  "correct": false,
  "id": "progress-quiz-q3",
}
[90mstdout[2m | src/components/Editor3/Workbook.stories.jsx[2m > [22m[2mWorkbook With Progress
[22m[39m......!q {
  "answer": "Please",
  "correct": false,
  "id": "progress-quiz-q4",
}
[90mstdout[2m | src/components/Editor3/Workbook.stories.jsx[2m > [22m[2mWorkbook With Progress
[22m[39m......!q {
  "answer": "犬 (inu)",
  "correct": false,
  "id": "progress-quiz-q5",
}
[90mstdout[2m | src/components/Editor3/Workbook.stories.jsx[2m > [22m[2mWorkbook With Progress
[22m[39m......!q {
  "answer": "猫 (neko)",
  "correct": true,
  "id": "progress-quiz-q6",
}
[90mstdout[2m | src/components/Editor3/Workbook.stories.jsx[2m > [22m[2mWorkbook With Progress
[22m[39m......!q {
  "answer": "本 (hon)",
  "correct": false,
  "id": "progress-quiz-q7",
}
[90mstdout[2m | src/components/Editor3/Workbook.stories.jsx[2m > [22m[2mWorkbook With Progress
[22m[39m......!q {
  "answer": "水 (mizu)",
  "correct": false,
  "id": "progress-quiz-q8",
}
[90mstdout[2m | src/components/Editor3/Workbook.stories.jsx[2m > [22m[2mWorkbook With Progress
[22m[39m......!q {
  "answer": "さようなら",
  "correct": false,
  "id": "progress-quiz-q9",
}
[90mstdout[2m | src/components/Editor3/Workbook.stories.jsx[2m > [22m[2mWorkbook With Progress
[22m[39m......!q {
  "answer": "こんにちは",
  "correct": false,
  "id": "progress-quiz-q10",
}
[90mstdout[2m | src/components/Editor3/Workbook.stories.jsx[2m > [22m[2mWorkbook With Progress
[22m[39m......!q {
  "answer": "ありがとう",
  "correct": true,
  "id": "progress-quiz-q11",
}
[90mstdout[2m | src/components/Editor3/Workbook.stories.jsx[2m > [22m[2mWorkbook With Progress
[22m[39m......!q {
  "answer": "すみません",
  "correct": false,
  "id": "progress-quiz-q12",
}
[90mstdout[2m | src/components/Editor3/Workbook.stories.jsx[2m > [22m[2mWorkbook With Progress
[22m[39m......!q {
  "answer": "いぬ",
  "correct": true,
  "id": "progress-quiz-q13",
}
[90mstdout[2m | src/components/Editor3/Workbook.stories.jsx[2m > [22m[2mWorkbook With Progress
[22m[39m......!q {
  "answer": "ねこ",
  "correct": false,
  "id": "progress-quiz-q14",
}
[90mstdout[2m | src/components/Editor3/Workbook.stories.jsx[2m > [22m[2mWorkbook With Progress
[22m[39m......!q {
  "answer": "ほん",
  "correct": false,
  "id": "progress-quiz-q15",
}
[90mstdout[2m | src/components/Editor3/Workbook.stories.jsx[2m > [22m[2mWorkbook With Progress
[22m[39m......!q {
  "answer": "みず",
  "correct": false,
  "id": "progress-quiz-q16",
}
[90mstdout[2m | src/components/Editor3/Workbook.stories.jsx[2m > [22m[2mWorkbook With Progress
[22m[39mQuestionBlock.nodeKey 74 type: string
[90mstdout[2m | src/components/Editor3/Workbook.stories.jsx[2m > [22m[2mWorkbook With Progress
[22m[39mQuestionBlock.questionContent [
  {
    "answer": "Hello",
    "correct": true,
    "id": "progress-quiz-q1",
  },
  {
    "answer": "Goodbye",
    "correct": false,
    "id": "progress-quiz-q2",
  },
  {
    "answer": "Thank you",
    "correct": false,
    "id": "progress-quiz-q3",
  },
  {
    "answer": "Please",
    "correct": false,
    "id": "progress-quiz-q4",
  },
  {
    "answer": "犬 (inu)",
    "correct": false,
    "id": "progress-quiz-q5",
  },
  {
    "answer": "猫 (neko)",
    "correct": true,
    "id": "progress-quiz-q6",
  },
  {
    "answer": "本 (hon)",
    "correct": false,
    "id": "progress-quiz-q7",
  },
  {
    "answer": "水 (mizu)",
    "correct": false,
    "id": "progress-quiz-q8",
  },
  {
    "answer": "さようなら",
    "correct": false,
    "id": "progress-quiz-q9",
  },
  {
    "answer": "こんにちは",
    "correct": false,
    "id": "progress-quiz-q10",
  },
  {
    "answer": "ありがとう",
    "correct": true,
    "id": "progress-quiz-q11",
  },
  {
    "answer": "すみません",
    "correct": false,
    "id": "progress-quiz-q12",
  },
  {
    "answer": "いぬ",
    "correct": true,
    "id": "progress-quiz-q13",
  },
  {
    "answer": "ねこ",
    "correct": false,
    "id": "progress-quiz-q14",
  },
  {
    "answer": "ほん",
    "correct": false,
    "id": "progress-quiz-q15",
  },
  {
    "answer": "みず",
    "correct": false,
    "id": "progress-quiz-q16",
  },
]
[90mstdout[2m | src/components/Editor3/Workbook.stories.jsx[2m > [22m[2mWorkbook With Progress
[22m[39mQuestionBlock.grade.data keys: [
  "meaning-association-1",
  "quiz-1",
  "custom-q-1",
  "custom-q-2",
]
[90mstdout[2m | src/components/Editor3/Workbook.stories.jsx[2m > [22m[2mWorkbook With Progress
[22m[39mQuestionBlock.grade.data[nodeKey]: undefined
[90mstdout[2m | src/components/Editor3/Workbook.stories.jsx[2m > [22m[2mWorkbook With Progress
[22m[39mQuestionBlockRo.inProgress {}
[90mstdout[2m | src/components/Editor3/Workbook.stories.jsx[2m > [22m[2mWorkbook With Progress
[22m[39mCustomAnswerComponent.questionID question-1
[90mstdout[2m | src/components/Editor3/Workbook.stories.jsx[2m > [22m[2mWorkbook With Progress
[22m[39mCustomAnswerComponent.questionBank {}
[90mstdout[2m | src/components/Editor3/Workbook.stories.jsx[2m > [22m[2mWorkbook With Progress
[22m[39mCustomAnswerComponent.question {}
[90mstdout[2m | src/components/Editor3/Workbook.stories.jsx[2m > [22m[2mWorkbook With Progress
[22m[39mCustomAnswerComponent.question {}
[90mstdout[2m | src/components/Editor3/Workbook.stories.jsx[2m > [22m[2mWorkbook With Progress
[22m[39mCustomAnswerComponent.prompt undefined
[90mstdout[2m | src/components/Editor3/Workbook.stories.jsx[2m > [22m[2mWorkbook With Progress
[22m[39mCustomAnswerComponent.feedback[questionID] undefined
[90mstdout[2m | src/components/Editor3/Workbook.stories.jsx[2m > [22m[2mWorkbook With Progress
[22m[39mCustomAnswerComponent.isCompleted undefined
[90mstdout[2m | src/components/Editor3/Workbook.stories.jsx[2m > [22m[2mWorkbook With Progress
[22m[39mCustomAnswerComponent.currentPromptMethod text
[90mstdout[2m | src/components/Editor3/Workbook.stories.jsx[2m > [22m[2mWorkbook With Progress
[22m[39mCustomAnswerComponent.displayPrompt undefined
[90mstdout[2m | src/components/Editor3/Workbook.stories.jsx[2m > [22m[2mWorkbook With Progress
[22m[39mCustomAnswerComponent.questionID question-2
[90mstdout[2m | src/components/Editor3/Workbook.stories.jsx[2m > [22m[2mWorkbook With Progress
[22m[39mCustomAnswerComponent.questionBank {}
[90mstdout[2m | src/components/Editor3/Workbook.stories.jsx[2m > [22m[2mWorkbook With Progress
[22m[39mCustomAnswerComponent.question {}
[90mstdout[2m | src/components/Editor3/Workbook.stories.jsx[2m > [22m[2mWorkbook With Progress
[22m[39mCustomAnswerComponent.question {}
[90mstdout[2m | src/components/Editor3/Workbook.stories.jsx[2m > [22m[2mWorkbook With Progress
[22m[39mCustomAnswerComponent.prompt undefined
[90mstdout[2m | src/components/Editor3/Workbook.stories.jsx[2m > [22m[2mWorkbook With Progress
[22m[39mCustomAnswerComponent.feedback[questionID] undefined
[90mstdout[2m | src/components/Editor3/Workbook.stories.jsx[2m > [22m[2mWorkbook With Progress
[22m[39mCustomAnswerComponent.isCompleted undefined
[90mstdout[2m | src/components/Editor3/Workbook.stories.jsx[2m > [22m[2mWorkbook With Progress
[22m[39mCustomAnswerComponent.currentPromptMethod text
[90mstdout[2m | src/components/Editor3/Workbook.stories.jsx[2m > [22m[2mWorkbook With Progress
[22m[39mCustomAnswerComponent.displayPrompt undefined
[90mstdout[2m | src/components/Editor3/Workbook.stories.jsx[2m > [22m[2mWorkbook With Progress
[22m[39m[ChatContext] Chat exists and not archived, skipping creation
[90mstdout[2m | src/components/Editor3/Workbook.stories.jsx[2m > [22m[2mWorkbook With Progress
[22m[39m[StoryProgressPlugin] Exercise node keys: {
  "custom-answer": [
    "79",
    "82",
  ],
  "meaning-association": [
    "67",
  ],
  "quiz": [
    "74",
  ],
}
[90mstdout[2m | src/components/Editor3/Workbook.stories.jsx[2m > [22m[2mWorkbook With Progress
[22m[39m[StoryProgressPlugin] grade: {
  "_version": 1,
  "accuracy": 0.75,
  "complete": false,
  "data": {
    "custom-q-1": {
      "accuracy": 1,
      "answerType": "text",
      "complete": true,
      "submittedAt": "2026-09-26T09:30:03.486Z",
      "userAnswer": "Common Japanese greetings include こんにちは (hello), ありがとう (thank you), and さようなら (goodbye). These are essential phrases used in daily conversation.",
    },
    "custom-q-2": {
      "complete": false,
    },
    "meaning-association-1": {
      "complete": false,
      "learn": {
        "accuracy": 0.75,
        "attemptedAnswers": {
          "vocab-word-1": [
            "vocab-word-1",
          ],
          "vocab-word-2": [
            "vocab-word-1",
            "vocab-word-2",
          ],
          "vocab-word-3": [
            "vocab-word-3",
          ],
        },
        "attemptsCount": 4,
        "complete": false,
        "droppedPairs": {
          "vocab-word-1": "vocab-word-1",
          "vocab-word-2": "vocab-word-2",
          "vocab-word-3": "vocab-word-3",
        },
        "percentComplete": 0.6,
        "verifiedAnswers": [
          "vocab-word-1",
          "vocab-word-2",
          "vocab-word-3",
        ],
      },
      "tabIndex": 0,
    },
    "quiz-1": {
      "accuracy": 0.67,
      "answers": {
        "progress-quiz-q1": {
          "attempts": 1,
          "correct": true,
          "selected": "Hello",
        },
        "progress-quiz-q11": {
          "attempts": 1,
          "correct": true,
          "selected": "ありがとう",
        },
        "progress-quiz-q13": {
          "attempts": 1,
          "correct": true,
          "selected": "いぬ",
        },
        "progress-quiz-q2": {
          "attempts": 1,
          "correct": false,
          "selected": "Hello",
        },
        "progress-quiz-q3": {
          "attempts": 1,
          "correct": false,
          "selected": "Thank you",
        },
        "progress-quiz-q6": {
          "attempts": 1,
          "correct": true,
          "selected": "猫 (neko)",
        },
      },
      "complete": false,
      "percentComplete": 0.375,
    },
  },
  "id": "grade-progress-1",
  "owner": "student-alice-sub",
  "percentComplete": 0.4,
  "timerStarted": true,
  "unitID": "workbook-with-progress-id",
  "unitVersion": 1,
}
[90mstdout[2m | src/components/Editor3/Workbook.stories.jsx[2m > [22m[2mWorkbook With Progress
[22m[39m[StoryProgressPlugin] grade.data: {
  "custom-q-1": {
    "accuracy": 1,
    "answerType": "text",
    "complete": true,
    "submittedAt": "2026-09-26T09:30:03.486Z",
    "userAnswer": "Common Japanese greetings include こんにちは (hello), ありがとう (thank you), and さようなら (goodbye). These are essential phrases used in daily conversation.",
  },
  "custom-q-2": {
    "complete": false,
  },
  "meaning-association-1": {
    "complete": false,
    "learn": {
      "accuracy": 0.75,
      "attemptedAnswers": {
        "vocab-word-1": [
          "vocab-word-1",
        ],
        "vocab-word-2": [
          "vocab-word-1",
          "vocab-word-2",
        ],
        "vocab-word-3": [
          "vocab-word-3",
        ],
      },
      "attemptsCount": 4,
      "complete": false,
      "droppedPairs": {
        "vocab-word-1": "vocab-word-1",
        "vocab-word-2": "vocab-word-2",
        "vocab-word-3": "vocab-word-3",
      },
      "percentComplete": 0.6,
      "verifiedAnswers": [
        "vocab-word-1",
        "vocab-word-2",
        "vocab-word-3",
      ],
    },
    "tabIndex": 0,
  },
  "quiz-1": {
    "accuracy": 0.67,
    "answers": {
      "progress-quiz-q1": {
        "attempts": 1,
        "correct": true,
        "selected": "Hello",
      },
      "progress-quiz-q11": {
        "attempts": 1,
        "correct": true,
        "selected": "ありがとう",
      },
      "progress-quiz-q13": {
        "attempts": 1,
        "correct": true,
        "selected": "いぬ",
      },
      "progress-quiz-q2": {
        "attempts": 1,
        "correct": false,
        "selected": "Hello",
      },
      "progress-quiz-q3": {
        "attempts": 1,
        "correct": false,
        "selected": "Thank you",
      },
      "progress-quiz-q6": {
        "attempts": 1,
        "correct": true,
        "selected": "猫 (neko)",
      },
    },
    "complete": false,
    "percentComplete": 0.375,
  },
}
[90mstdout[2m | src/components/Editor3/Workbook.stories.jsx[2m > [22m[2mWorkbook With Progress
[22m[39m[StoryProgressPlugin] typeof grade.data: object
[90mstdout[2m | src/components/Editor3/Workbook.stories.jsx[2m > [22m[2mWorkbook With Progress
[22m[39m[StoryProgressPlugin] grade.data keys: [
  "meaning-association-1",
  "quiz-1",
  "custom-q-1",
  "custom-q-2",
]
[90mstdout[2m | src/components/Editor3/Workbook.stories.jsx[2m > [22m[2mWorkbook With Progress
[22m[39m[StoryProgressPlugin] hasExerciseData: false
[90mstdout[2m | src/components/Editor3/Workbook.stories.jsx[2m > [22m[2mWorkbook With Progress
[22m[39m[StoryProgressPlugin] Seeding grade with data: {
  "67": {
    "complete": false,
    "easy": {
      "accuracy": 0.75,
      "attemptedAnswers": {
        "vocab-word-1": [],
        "vocab-word-2": [
          "vocab-word-3",
        ],
        "vocab-word-3": [],
      },
      "attemptsCount": 4,
      "complete": false,
      "percentComplete": 0.6,
      "verifiedAnswers": [
        "vocab-word-1",
        "vocab-word-2",
        "vocab-word-3",
      ],
    },
    "hard": {
      "attemptedAnswers": {
        "vocab-word-1": [
          "vocab-word-1",
        ],
        "vocab-word-2": [
          "vocab-word-3",
          "vocab-word-2",
        ],
      },
      "complete": false,
      "percentComplete": 0.4,
      "verifiedAnswers": [
        "vocab-word-1",
        "vocab-word-2",
      ],
    },
    "learn": {
      "accuracy": 1,
      "attemptedAnswers": {
        "vocab-word-1": [
          "vocab-word-1",
        ],
      },
      "attemptsCount": 1,
      "complete": false,
      "droppedPairs": {
        "vocab-word-1": "vocab-word-1",
      },
      "percentComplete": 0.2,
      "verifiedAnswers": [
        "vocab-word-1",
      ],
    },
    "tabIndex": 0,
  },
  "74": {
    "accuracy": 0.5,
    "attemptedAnswers": {
      "0": "0",
      "1": "1",
    },
    "complete": false,
    "correctAnswers": {
      "0": "0",
    },
  },
  "79": {
    "accuracy": 1,
    "complete": true,
    "feedback": "Correct! "犬" (inu) means "dog" in Japanese.",
    "userResponse": "Dog",
  },
  "82": {
    "accuracy": 1,
    "complete": true,
    "feedback": "Great! "さようなら" (sayounara) is indeed a farewell greeting.",
    "userResponse": "A farewell greeting",
  },
}
[90mstdout[2m | src/components/Editor3/Workbook.stories.jsx[2m > [22m[2mWorkbook With Progress
[22m[39m[StoryProgressPlugin] Updating grade with data: {
  "67": {
    "complete": false,
    "easy": {
      "accuracy": 0.75,
      "attemptedAnswers": {
        "vocab-word-1": [],
        "vocab-word-2": [
          "vocab-word-3",
        ],
        "vocab-word-3": [],
      },
      "attemptsCount": 4,
      "complete": false,
      "percentComplete": 0.6,
      "verifiedAnswers": [
        "vocab-word-1",
        "vocab-word-2",
        "vocab-word-3",
      ],
    },
    "hard": {
      "attemptedAnswers": {
        "vocab-word-1": [
          "vocab-word-1",
        ],
        "vocab-word-2": [
          "vocab-word-3",
          "vocab-word-2",
        ],
      },
      "complete": false,
      "percentComplete": 0.4,
      "verifiedAnswers": [
        "vocab-word-1",
        "vocab-word-2",
      ],
    },
    "learn": {
      "accuracy": 1,
      "attemptedAnswers": {
        "vocab-word-1": [
          "vocab-word-1",
        ],
      },
      "attemptsCount": 1,
      "complete": false,
      "droppedPairs": {
        "vocab-word-1": "vocab-word-1",
      },
      "percentComplete": 0.2,
      "verifiedAnswers": [
        "vocab-word-1",
      ],
    },
    "tabIndex": 0,
  },
  "74": {
    "accuracy": 0.5,
    "attemptedAnswers": {
      "0": "0",
      "1": "1",
    },
    "complete": false,
    "correctAnswers": {
      "0": "0",
    },
  },
  "79": {
    "accuracy": 1,
    "complete": true,
    "feedback": "Correct! "犬" (inu) means "dog" in Japanese.",
    "userResponse": "Dog",
  },
  "82": {
    "accuracy": 1,
    "complete": true,
    "feedback": "Great! "さようなら" (sayounara) is indeed a farewell greeting.",
    "userResponse": "A farewell greeting",
  },
}
[90mstdout[2m | src/components/Editor3/Workbook.stories.jsx[2m > [22m[2mWorkbook With Progress
[22m[39m[Mock Data] Grade updated: grade-progress-1 - notified 1 subscribers
[90mstdout[2m | src/components/Editor3/Workbook.stories.jsx[2m > [22m[2mWorkbook With Progress
[22m[39mEasy.nodeKey 67 type: string
[90mstdout[2m | src/components/Editor3/Workbook.stories.jsx[2m > [22m[2mWorkbook With Progress
[22m[39mEasy.grade: {
  "_version": 2,
  "accuracy": 0.75,
  "complete": false,
  "data": {
    "67": {
      "complete": false,
      "easy": {
        "accuracy": 0.75,
        "attemptedAnswers": {
          "vocab-word-1": [],
          "vocab-word-2": [
            "vocab-word-3",
          ],
          "vocab-word-3": [],
        },
        "attemptsCount": 4,
        "complete": false,
        "percentComplete": 0.6,
        "verifiedAnswers": [
          "vocab-word-1",
          "vocab-word-2",
          "vocab-word-3",
        ],
      },
      "hard": {
        "attemptedAnswers": {
          "vocab-word-1": [
            "vocab-word-1",
          ],
          "vocab-word-2": [
            "vocab-word-3",
            "vocab-word-2",
          ],
        },
        "complete": false,
        "percentComplete": 0.4,
        "verifiedAnswers": [
          "vocab-word-1",
          "vocab-word-2",
        ],
      },
      "learn": {
        "accuracy": 1,
        "attemptedAnswers": {
          "vocab-word-1": [
            "vocab-word-1",
          ],
        },
        "attemptsCount": 1,
        "complete": false,
        "droppedPairs": {
          "vocab-word-1": "vocab-word-1",
        },
        "percentComplete": 0.2,
        "verifiedAnswers": [
          "vocab-word-1",
        ],
      },
      "tabIndex": 0,
    },
    "74": {
      "accuracy": 0.5,
      "attemptedAnswers": {
        "0": "0",
        "1": "1",
      },
      "complete": false,
      "correctAnswers": {
        "0": "0",
      },
    },
    "79": {
      "accuracy": 1,
      "complete": true,
      "feedback": "Correct! "犬" (inu) means "dog" in Japanese.",
      "userResponse": "Dog",
    },
    "82": {
      "accuracy": 1,
      "complete": true,
      "feedback": "Great! "さようなら" (sayounara) is indeed a farewell greeting.",
      "userResponse": "A farewell greeting",
    },
  },
  "id": "grade-progress-1",
  "owner": "student-alice-sub",
  "percentComplete": 0.65,
  "timerStarted": true,
  "unitID": "workbook-with-progress-id",
  "unitVersion": 1,
  "updatedAt": "2026-09-26T10:30:04.201Z",
}
[90mstdout[2m | src/components/Editor3/Workbook.stories.jsx[2m > [22m[2mWorkbook With Progress
[22m[39mEasy.grade.data: {
  "67": {
    "complete": false,
    "easy": {
      "accuracy": 0.75,
      "attemptedAnswers": {
        "vocab-word-1": [],
        "vocab-word-2": [
          "vocab-word-3",
        ],
        "vocab-word-3": [],
      },
      "attemptsCount": 4,
      "complete": false,
      "percentComplete": 0.6,
      "verifiedAnswers": [
        "vocab-word-1",
        "vocab-word-2",
        "vocab-word-3",
      ],
    },
    "hard": {
      "attemptedAnswers": {
        "vocab-word-1": [
          "vocab-word-1",
        ],
        "vocab-word-2": [
          "vocab-word-3",
          "vocab-word-2",
        ],
      },
      "complete": false,
      "percentComplete": 0.4,
      "verifiedAnswers": [
        "vocab-word-1",
        "vocab-word-2",
      ],
    },
    "learn": {
      "accuracy": 1,
      "attemptedAnswers": {
        "vocab-word-1": [
          "vocab-word-1",
        ],
      },
      "attemptsCount": 1,
      "complete": false,
      "droppedPairs": {
        "vocab-word-1": "vocab-word-1",
      },
      "percentComplete": 0.2,
      "verifiedAnswers": [
        "vocab-word-1",
      ],
    },
    "tabIndex": 0,
  },
  "74": {
    "accuracy": 0.5,
    "attemptedAnswers": {
      "0": "0",
      "1": "1",
    },
    "complete": false,
    "correctAnswers": {
      "0": "0",
    },
  },
  "79": {
    "accuracy": 1,
    "complete": true,
    "feedback": "Correct! "犬" (inu) means "dog" in Japanese.",
    "userResponse": "Dog",
  },
  "82": {
    "accuracy": 1,
    "complete": true,
    "feedback": "Great! "さようなら" (sayounara) is indeed a farewell greeting.",
    "userResponse": "A farewell greeting",
  },
}
[90mstdout[2m | src/components/Editor3/Workbook.stories.jsx[2m > [22m[2mWorkbook With Progress
[22m[39mEasy.grade.data === grade? false
[90mstdout[2m | src/components/Editor3/Workbook.stories.jsx[2m > [22m[2mWorkbook With Progress
[22m[39mEasy.grade.data keys: [
  "67",
  "74",
  "79",
  "82",
]
[90mstdout[2m | src/components/Editor3/Workbook.stories.jsx[2m > [22m[2mWorkbook With Progress
[22m[39mEasy.grade.data[nodeKey]: {
  "complete": false,
  "easy": {
    "accuracy": 0.75,
    "attemptedAnswers": {
      "vocab-word-1": [],
      "vocab-word-2": [
        "vocab-word-3",
      ],
      "vocab-word-3": [],
    },
    "attemptsCount": 4,
    "complete": false,
    "percentComplete": 0.6,
    "verifiedAnswers": [
      "vocab-word-1",
      "vocab-word-2",
      "vocab-word-3",
    ],
  },
  "hard": {
    "attemptedAnswers": {
      "vocab-word-1": [
        "vocab-word-1",
      ],
      "vocab-word-2": [
        "vocab-word-3",
        "vocab-word-2",
      ],
    },
    "complete": false,
    "percentComplete": 0.4,
    "verifiedAnswers": [
      "vocab-word-1",
      "vocab-word-2",
    ],
  },
  "learn": {
    "accuracy": 1,
    "attemptedAnswers": {
      "vocab-word-1": [
        "vocab-word-1",
      ],
    },
    "attemptsCount": 1,
    "complete": false,
    "droppedPairs": {
      "vocab-word-1": "vocab-word-1",
    },
    "percentComplete": 0.2,
    "verifiedAnswers": [
      "vocab-word-1",
    ],
  },
  "tabIndex": 0,
}
[90mstdout[2m | src/components/Editor3/Workbook.stories.jsx[2m > [22m[2mWorkbook With Progress
[22m[39mEasy.inProgress {
  "complete": false,
  "easy": {
    "accuracy": 0.75,
    "attemptedAnswers": {
      "vocab-word-1": [],
      "vocab-word-2": [
        "vocab-word-3",
      ],
      "vocab-word-3": [],
    },
    "attemptsCount": 4,
    "complete": false,
    "percentComplete": 0.6,
    "verifiedAnswers": [
      "vocab-word-1",
      "vocab-word-2",
      "vocab-word-3",
    ],
  },
  "hard": {
    "attemptedAnswers": {
      "vocab-word-1": [
        "vocab-word-1",
      ],
      "vocab-word-2": [
        "vocab-word-3",
        "vocab-word-2",
      ],
    },
    "complete": false,
    "percentComplete": 0.4,
    "verifiedAnswers": [
      "vocab-word-1",
      "vocab-word-2",
    ],
  },
  "learn": {
    "accuracy": 1,
    "attemptedAnswers": {
      "vocab-word-1": [
        "vocab-word-1",
      ],
    },
    "attemptsCount": 1,
    "complete": false,
    "droppedPairs": {
      "vocab-word-1": "vocab-word-1",
    },
    "percentComplete": 0.2,
    "verifiedAnswers": [
      "vocab-word-1",
    ],
  },
  "tabIndex": 0,
}
[90mstdout[2m | src/components/Editor3/Workbook.stories.jsx[2m > [22m[2mWorkbook With Progress
[22m[39mHard.attemptedAnswers {}
[90mstdout[2m | src/components/Editor3/Workbook.stories.jsx[2m > [22m[2mWorkbook With Progress
[22m[39mQuestionBlockRo.grade {
  "_version": 2,
  "accuracy": 0.75,
  "complete": false,
  "data": {
    "67": {
      "complete": false,
      "easy": {
        "accuracy": 0.75,
        "attemptedAnswers": {
          "vocab-word-1": [],
          "vocab-word-2": [
            "vocab-word-3",
          ],
          "vocab-word-3": [],
        },
        "attemptsCount": 4,
        "complete": false,
        "percentComplete": 0.6,
        "verifiedAnswers": [
          "vocab-word-1",
          "vocab-word-2",
          "vocab-word-3",
        ],
      },
      "hard": {
        "attemptedAnswers": {
          "vocab-word-1": [
            "vocab-word-1",
          ],
          "vocab-word-2": [
            "vocab-word-3",
            "vocab-word-2",
          ],
        },
        "complete": false,
        "percentComplete": 0.4,
        "verifiedAnswers": [
          "vocab-word-1",
          "vocab-word-2",
        ],
      },
      "learn": {
        "accuracy": 1,
        "attemptedAnswers": {
          "vocab-word-1": [
            "vocab-word-1",
          ],
        },
        "attemptsCount": 1,
        "complete": false,
        "droppedPairs": {
          "vocab-word-1": "vocab-word-1",
        },
        "percentComplete": 0.2,
        "verifiedAnswers": [
          "vocab-word-1",
        ],
      },
      "tabIndex": 0,
    },
    "74": {
      "accuracy": 0.5,
      "attemptedAnswers": {
        "0": "0",
        "1": "1",
      },
      "complete": false,
      "correctAnswers": {
        "0": "0",
      },
    },
    "79": {
      "accuracy": 1,
      "complete": true,
      "feedback": "Correct! "犬" (inu) means "dog" in Japanese.",
      "userResponse": "Dog",
    },
    "82": {
      "accuracy": 1,
      "complete": true,
      "feedback": "Great! "さようなら" (sayounara) is indeed a farewell greeting.",
      "userResponse": "A farewell greeting",
    },
  },
  "id": "grade-progress-1",
  "owner": "student-alice-sub",
  "percentComplete": 0.65,
  "timerStarted": true,
  "unitID": "workbook-with-progress-id",
  "unitVersion": 1,
  "updatedAt": "2026-09-26T10:30:04.201Z",
}
[90mstdout[2m | src/components/Editor3/Workbook.stories.jsx[2m > [22m[2mWorkbook With Progress
[22m[39m......!q {
  "answer": "Hello",
  "correct": true,
  "id": "progress-quiz-q1",
}
[90mstdout[2m | src/components/Editor3/Workbook.stories.jsx[2m > [22m[2mWorkbook With Progress
[22m[39m......!q {
  "answer": "Goodbye",
  "correct": false,
  "id": "progress-quiz-q2",
}
[90mstdout[2m | src/components/Editor3/Workbook.stories.jsx[2m > [22m[2mWorkbook With Progress
[22m[39m......!q {
  "answer": "Thank you",
  "correct": false,
  "id": "progress-quiz-q3",
}
[90mstdout[2m | src/components/Editor3/Workbook.stories.jsx[2m > [22m[2mWorkbook With Progress
[22m[39m......!q {
  "answer": "Please",
  "correct": false,
  "id": "progress-quiz-q4",
}
[90mstdout[2m | src/components/Editor3/Workbook.stories.jsx[2m > [22m[2mWorkbook With Progress
[22m[39m......!q {
  "answer": "犬 (inu)",
  "correct": false,
  "id": "progress-quiz-q5",
}
[90mstdout[2m | src/components/Editor3/Workbook.stories.jsx[2m > [22m[2mWorkbook With Progress
[22m[39m......!q {
  "answer": "猫 (neko)",
  "correct": true,
  "id": "progress-quiz-q6",
}
[90mstdout[2m | src/components/Editor3/Workbook.stories.jsx[2m > [22m[2mWorkbook With Progress
[22m[39m......!q {
  "answer": "本 (hon)",
  "correct": false,
  "id": "progress-quiz-q7",
}
[90mstdout[2m | src/components/Editor3/Workbook.stories.jsx[2m > [22m[2mWorkbook With Progress
[22m[39m......!q {
  "answer": "水 (mizu)",
  "correct": false,
  "id": "progress-quiz-q8",
}
[90mstdout[2m | src/components/Editor3/Workbook.stories.jsx[2m > [22m[2mWorkbook With Progress
[22m[39m......!q {
  "answer": "さようなら",
  "correct": false,
  "id": "progress-quiz-q9",
}
[90mstdout[2m | src/components/Editor3/Workbook.stories.jsx[2m > [22m[2mWorkbook With Progress
[22m[39m......!q {
  "answer": "こんにちは",
  "correct": false,
  "id": "progress-quiz-q10",
}
[90mstdout[2m | src/components/Editor3/Workbook.stories.jsx[2m > [22m[2mWorkbook With Progress
[22m[39m......!q {
  "answer": "ありがとう",
  "correct": true,
  "id": "progress-quiz-q11",
}
[90mstdout[2m | src/components/Editor3/Workbook.stories.jsx[2m > [22m[2mWorkbook With Progress
[22m[39m......!q {
  "answer": "すみません",
  "correct": false,
  "id": "progress-quiz-q12",
}
[90mstdout[2m | src/components/Editor3/Workbook.stories.jsx[2m > [22m[2mWorkbook With Progress
[22m[39m......!q {
  "answer": "いぬ",
  "correct": true,
  "id": "progress-quiz-q13",
}
[90mstdout[2m | src/components/Editor3/Workbook.stories.jsx[2m > [22m[2mWorkbook With Progress
[22m[39m......!q {
  "answer": "ねこ",
  "correct": false,
  "id": "progress-quiz-q14",
}
[90mstdout[2m | src/components/Editor3/Workbook.stories.jsx[2m > [22m[2mWorkbook With Progress
[22m[39m......!q {
  "answer": "ほん",
  "correct": false,
  "id": "progress-quiz-q15",
}
[90mstdout[2m | src/components/Editor3/Workbook.stories.jsx[2m > [22m[2mWorkbook With Progress
[22m[39m......!q {
  "answer": "みず",
  "correct": false,
  "id": "progress-quiz-q16",
}
[90mstdout[2m | src/components/Editor3/Workbook.stories.jsx[2m > [22m[2mWorkbook With Progress
[22m[39mQuestionBlock.nodeKey 74 type: string
[90mstdout[2m | src/components/Editor3/Workbook.stories.jsx[2m > [22m[2mWorkbook With Progress
[22m[39mQuestionBlock.questionContent [
  {
    "answer": "Hello",
    "correct": true,
    "id": "progress-quiz-q1",
  },
  {
    "answer": "Goodbye",
    "correct": false,
    "id": "progress-quiz-q2",
  },
  {
    "answer": "Thank you",
    "correct": false,
    "id": "progress-quiz-q3",
  },
  {
    "answer": "Please",
    "correct": false,
    "id": "progress-quiz-q4",
  },
  {
    "answer": "犬 (inu)",
    "correct": false,
    "id": "progress-quiz-q5",
  },
  {
    "answer": "猫 (neko)",
    "correct": true,
    "id": "progress-quiz-q6",
  },
  {
    "answer": "本 (hon)",
    "correct": false,
    "id": "progress-quiz-q7",
  },
  {
    "answer": "水 (mizu)",
    "correct": false,
    "id": "progress-quiz-q8",
  },
  {
    "answer": "さようなら",
    "correct": false,
    "id": "progress-quiz-q9",
  },
  {
    "answer": "こんにちは",
    "correct": false,
    "id": "progress-quiz-q10",
  },
  {
    "answer": "ありがとう",
    "correct": true,
    "id": "progress-quiz-q11",
  },
  {
    "answer": "すみません",
    "correct": false,
    "id": "progress-quiz-q12",
  },
  {
    "answer": "いぬ",
    "correct": true,
    "id": "progress-quiz-q13",
  },
  {
    "answer": "ねこ",
    "correct": false,
    "id": "progress-quiz-q14",
  },
  {
    "answer": "ほん",
    "correct": false,
    "id": "progress-quiz-q15",
  },
  {
    "answer": "みず",
    "correct": false,
    "id": "progress-quiz-q16",
  },
]
[90mstdout[2m | src/components/Editor3/Workbook.stories.jsx[2m > [22m[2mWorkbook With Progress
[22m[39mQuestionBlock.grade.data keys: [
  "67",
  "74",
  "79",
  "82",
]
[90mstdout[2m | src/components/Editor3/Workbook.stories.jsx[2m > [22m[2mWorkbook With Progress
[22m[39mQuestionBlock.grade.data[nodeKey]: {
  "accuracy": 0.5,
  "attemptedAnswers": {
    "0": "0",
    "1": "1",
  },
  "complete": false,
  "correctAnswers": {
    "0": "0",
  },
}
[90mstdout[2m | src/components/Editor3/Workbook.stories.jsx[2m > [22m[2mWorkbook With Progress
[22m[39mQuestionBlockRo.inProgress {
  "accuracy": 0.5,
  "attemptedAnswers": {
    "0": "0",
    "1": "1",
  },
  "complete": false,
  "correctAnswers": {
    "0": "0",
  },
}
[90mstdout[2m | src/components/Editor3/Workbook.stories.jsx[2m > [22m[2mWorkbook With Progress
[22m[39mCustomAnswerComponent.questionID question-1
[90mstdout[2m | src/components/Editor3/Workbook.stories.jsx[2m > [22m[2mWorkbook With Progress
[22m[39mCustomAnswerComponent.questionBank {}
[90mstdout[2m | src/components/Editor3/Workbook.stories.jsx[2m > [22m[2mWorkbook With Progress
[22m[39mCustomAnswerComponent.question {}
[90mstdout[2m | src/components/Editor3/Workbook.stories.jsx[2m > [22m[2mWorkbook With Progress
[22m[39mCustomAnswerComponent.question {}
[90mstdout[2m | src/components/Editor3/Workbook.stories.jsx[2m > [22m[2mWorkbook With Progress
[22m[39mCustomAnswerComponent.prompt undefined
[90mstdout[2m | src/components/Editor3/Workbook.stories.jsx[2m > [22m[2mWorkbook With Progress
[22m[39mCustomAnswerComponent.feedback[questionID] undefined
[90mstdout[2m | src/components/Editor3/Workbook.stories.jsx[2m > [22m[2mWorkbook With Progress
[22m[39mCustomAnswerComponent.isCompleted undefined
[90mstdout[2m | src/components/Editor3/Workbook.stories.jsx[2m > [22m[2mWorkbook With Progress
[22m[39mCustomAnswerComponent.currentPromptMethod text
[90mstdout[2m | src/components/Editor3/Workbook.stories.jsx[2m > [22m[2mWorkbook With Progress
[22m[39mCustomAnswerComponent.displayPrompt undefined
[90mstdout[2m | src/components/Editor3/Workbook.stories.jsx[2m > [22m[2mWorkbook With Progress
[22m[39mCustomAnswerComponent.questionID question-2
[90mstdout[2m | src/components/Editor3/Workbook.stories.jsx[2m > [22m[2mWorkbook With Progress
[22m[39mCustomAnswerComponent.questionBank {}
[90mstdout[2m | src/components/Editor3/Workbook.stories.jsx[2m > [22m[2mWorkbook With Progress
[22m[39mCustomAnswerComponent.question {}
[90mstdout[2m | src/components/Editor3/Workbook.stories.jsx[2m > [22m[2mWorkbook With Progress
[22m[39mCustomAnswerComponent.question {}
[90mstdout[2m | src/components/Editor3/Workbook.stories.jsx[2m > [22m[2mWorkbook With Progress
[22m[39mCustomAnswerComponent.prompt undefined
[90mstdout[2m | src/components/Editor3/Workbook.stories.jsx[2m > [22m[2mWorkbook With Progress
[22m[39mCustomAnswerComponent.feedback[questionID] undefined
[90mstdout[2m | src/components/Editor3/Workbook.stories.jsx[2m > [22m[2mWorkbook With Progress
[22m[39mCustomAnswerComponent.isCompleted undefined
[90mstdout[2m | src/components/Editor3/Workbook.stories.jsx[2m > [22m[2mWorkbook With Progress
[22m[39mCustomAnswerComponent.currentPromptMethod text
[90mstdout[2m | src/components/Editor3/Workbook.stories.jsx[2m > [22m[2mWorkbook With Progress
[22m[39mCustomAnswerComponent.displayPrompt undefined
[90mstdout[2m | src/components/Editor3/Workbook.stories.jsx[2m > [22m[2mWorkbook With Progress
[22m[39mEasy.nodeKey 67 type: string
[90mstdout[2m | src/components/Editor3/Workbook.stories.jsx[2m > [22m[2mWorkbook With Progress
[22m[39mEasy.grade: {
  "_version": 2,
  "accuracy": 0.75,
  "complete": false,
  "data": {
    "67": {
      "complete": false,
      "easy": {
        "accuracy": 0.75,
        "attemptedAnswers": {
          "vocab-word-1": [],
          "vocab-word-2": [
            "vocab-word-3",
          ],
          "vocab-word-3": [],
        },
        "attemptsCount": 4,
        "complete": false,
        "percentComplete": 0.6,
        "verifiedAnswers": [
          "vocab-word-1",
          "vocab-word-2",
          "vocab-word-3",
        ],
      },
      "hard": {
        "attemptedAnswers": {
          "vocab-word-1": [
            "vocab-word-1",
          ],
          "vocab-word-2": [
            "vocab-word-3",
            "vocab-word-2",
          ],
        },
        "complete": false,
        "percentComplete": 0.4,
        "verifiedAnswers": [
          "vocab-word-1",
          "vocab-word-2",
        ],
      },
      "learn": {
        "accuracy": 1,
        "attemptedAnswers": {
          "vocab-word-1": [
            "vocab-word-1",
          ],
        },
        "attemptsCount": 1,
        "complete": false,
        "droppedPairs": {
          "vocab-word-1": "vocab-word-1",
        },
        "percentComplete": 0.2,
        "verifiedAnswers": [
          "vocab-word-1",
        ],
      },
      "tabIndex": 0,
    },
    "74": {
      "accuracy": 0.5,
      "attemptedAnswers": {
        "0": "0",
        "1": "1",
      },
      "complete": false,
      "correctAnswers": {
        "0": "0",
      },
    },
    "79": {
      "accuracy": 1,
      "complete": true,
      "feedback": "Correct! "犬" (inu) means "dog" in Japanese.",
      "userResponse": "Dog",
    },
    "82": {
      "accuracy": 1,
      "complete": true,
      "feedback": "Great! "さようなら" (sayounara) is indeed a farewell greeting.",
      "userResponse": "A farewell greeting",
    },
  },
  "id": "grade-progress-1",
  "owner": "student-alice-sub",
  "percentComplete": 0.65,
  "timerStarted": true,
  "unitID": "workbook-with-progress-id",
  "unitVersion": 1,
  "updatedAt": "2026-09-26T10:30:04.201Z",
}
[90mstdout[2m | src/components/Editor3/Workbook.stories.jsx[2m > [22m[2mWorkbook With Progress
[22m[39mEasy.grade.data: {
  "67": {
    "complete": false,
    "easy": {
      "accuracy": 0.75,
      "attemptedAnswers": {
        "vocab-word-1": [],
        "vocab-word-2": [
          "vocab-word-3",
        ],
        "vocab-word-3": [],
      },
      "attemptsCount": 4,
      "complete": false,
      "percentComplete": 0.6,
      "verifiedAnswers": [
        "vocab-word-1",
        "vocab-word-2",
        "vocab-word-3",
      ],
    },
    "hard": {
      "attemptedAnswers": {
        "vocab-word-1": [
          "vocab-word-1",
        ],
        "vocab-word-2": [
          "vocab-word-3",
          "vocab-word-2",
        ],
      },
      "complete": false,
      "percentComplete": 0.4,
      "verifiedAnswers": [
        "vocab-word-1",
        "vocab-word-2",
      ],
    },
    "learn": {
      "accuracy": 1,
      "attemptedAnswers": {
        "vocab-word-1": [
          "vocab-word-1",
        ],
      },
      "attemptsCount": 1,
      "complete": false,
      "droppedPairs": {
        "vocab-word-1": "vocab-word-1",
      },
      "percentComplete": 0.2,
      "verifiedAnswers": [
        "vocab-word-1",
      ],
    },
    "tabIndex": 0,
  },
  "74": {
    "accuracy": 0.5,
    "attemptedAnswers": {
      "0": "0",
      "1": "1",
    },
    "complete": false,
    "correctAnswers": {
      "0": "0",
    },
  },
  "79": {
    "accuracy": 1,
    "complete": true,
    "feedback": "Correct! "犬" (inu) means "dog" in Japanese.",
    "userResponse": "Dog",
  },
  "82": {
    "accuracy": 1,
    "complete": true,
    "feedback": "Great! "さようなら" (sayounara) is indeed a farewell greeting.",
    "userResponse": "A farewell greeting",
  },
}
[90mstdout[2m | src/components/Editor3/Workbook.stories.jsx[2m > [22m[2mWorkbook With Progress
[22m[39mEasy.grade.data === grade? false
[90mstdout[2m | src/components/Editor3/Workbook.stories.jsx[2m > [22m[2mWorkbook With Progress
[22m[39mEasy.grade.data keys: [
  "67",
  "74",
  "79",
  "82",
]
[90mstdout[2m | src/components/Editor3/Workbook.stories.jsx[2m > [22m[2mWorkbook With Progress
[22m[39mEasy.grade.data[nodeKey]: {
  "complete": false,
  "easy": {
    "accuracy": 0.75,
    "attemptedAnswers": {
      "vocab-word-1": [],
      "vocab-word-2": [
        "vocab-word-3",
      ],
      "vocab-word-3": [],
    },
    "attemptsCount": 4,
    "complete": false,
    "percentComplete": 0.6,
    "verifiedAnswers": [
      "vocab-word-1",
      "vocab-word-2",
      "vocab-word-3",
    ],
  },
  "hard": {
    "attemptedAnswers": {
      "vocab-word-1": [
        "vocab-word-1",
      ],
      "vocab-word-2": [
        "vocab-word-3",
        "vocab-word-2",
      ],
    },
    "complete": false,
    "percentComplete": 0.4,
    "verifiedAnswers": [
      "vocab-word-1",
      "vocab-word-2",
    ],
  },
  "learn": {
    "accuracy": 1,
    "attemptedAnswers": {
      "vocab-word-1": [
        "vocab-word-1",
      ],
    },
    "attemptsCount": 1,
    "complete": false,
    "droppedPairs": {
      "vocab-word-1": "vocab-word-1",
    },
    "percentComplete": 0.2,
    "verifiedAnswers": [
      "vocab-word-1",
    ],
  },
  "tabIndex": 0,
}
[90mstdout[2m | src/components/Editor3/Workbook.stories.jsx[2m > [22m[2mWorkbook With Progress
[22m[39mEasy.inProgress {
  "complete": false,
  "easy": {
    "accuracy": 0.75,
    "attemptedAnswers": {
      "vocab-word-1": [],
      "vocab-word-2": [
        "vocab-word-3",
      ],
      "vocab-word-3": [],
    },
    "attemptsCount": 4,
    "complete": false,
    "percentComplete": 0.6,
    "verifiedAnswers": [
      "vocab-word-1",
      "vocab-word-2",
      "vocab-word-3",
    ],
  },
  "hard": {
    "attemptedAnswers": {
      "vocab-word-1": [
        "vocab-word-1",
      ],
      "vocab-word-2": [
        "vocab-word-3",
        "vocab-word-2",
      ],
    },
    "complete": false,
    "percentComplete": 0.4,
    "verifiedAnswers": [
      "vocab-word-1",
      "vocab-word-2",
    ],
  },
  "learn": {
    "accuracy": 1,
    "attemptedAnswers": {
      "vocab-word-1": [
        "vocab-word-1",
      ],
    },
    "attemptsCount": 1,
    "complete": false,
    "droppedPairs": {
      "vocab-word-1": "vocab-word-1",
    },
    "percentComplete": 0.2,
    "verifiedAnswers": [
      "vocab-word-1",
    ],
  },
  "tabIndex": 0,
}
[90mstdout[2m | src/components/Editor3/Workbook.stories.jsx[2m > [22m[2mWorkbook With Progress
[22m[39mHard.attemptedAnswers {
  "vocab-word-1": [
    "vocab-word-1",
  ],
  "vocab-word-2": [
    "vocab-word-3",
    "vocab-word-2",
  ],
}
[90mstdout[2m | src/components/Editor3/Workbook.stories.jsx[2m > [22m[2mWorkbook With Progress
[22m[39mCustomAnswerComponent.questionID question-1
[90mstdout[2m | src/components/Editor3/Workbook.stories.jsx[2m > [22m[2mWorkbook With Progress
[22m[39mCustomAnswerComponent.questionBank {}
[90mstdout[2m | src/components/Editor3/Workbook.stories.jsx[2m > [22m[2mWorkbook With Progress
[22m[39mCustomAnswerComponent.question {}
[90mstdout[2m | src/components/Editor3/Workbook.stories.jsx[2m > [22m[2mWorkbook With Progress
[22m[39mfeedback[questionID] {
  "answer": true,
  "reason": "Correct! "犬" (inu) means "dog" in Japanese.",
  "userResponse": "Dog",
}
[90mstdout[2m | src/components/Editor3/Workbook.stories.jsx[2m > [22m[2mWorkbook With Progress
[22m[39mCustomAnswerComponent.question {}
[90mstdout[2m | src/components/Editor3/Workbook.stories.jsx[2m > [22m[2mWorkbook With Progress
[22m[39mCustomAnswerComponent.prompt undefined
[90mstdout[2m | src/components/Editor3/Workbook.stories.jsx[2m > [22m[2mWorkbook With Progress
[22m[39mCustomAnswerComponent.feedback[questionID] {
  "answer": true,
  "reason": "Correct! "犬" (inu) means "dog" in Japanese.",
  "userResponse": "Dog",
}
[90mstdout[2m | src/components/Editor3/Workbook.stories.jsx[2m > [22m[2mWorkbook With Progress
[22m[39mCustomAnswerComponent.isCompleted true
[90mstdout[2m | src/components/Editor3/Workbook.stories.jsx[2m > [22m[2mWorkbook With Progress
[22m[39mCustomAnswerComponent.currentPromptMethod text
[90mstdout[2m | src/components/Editor3/Workbook.stories.jsx[2m > [22m[2mWorkbook With Progress
[22m[39mCustomAnswerComponent.displayPrompt null
[90mstdout[2m | src/components/Editor3/Workbook.stories.jsx[2m > [22m[2mWorkbook With Progress
[22m[39mCustomAnswerComponent.questionID question-2
[90mstdout[2m | src/components/Editor3/Workbook.stories.jsx[2m > [22m[2mWorkbook With Progress
[22m[39mCustomAnswerComponent.questionBank {}
[90mstdout[2m | src/components/Editor3/Workbook.stories.jsx[2m > [22m[2mWorkbook With Progress
[22m[39mCustomAnswerComponent.question {}
[90mstdout[2m | src/components/Editor3/Workbook.stories.jsx[2m > [22m[2mWorkbook With Progress
[22m[39mfeedback[questionID] {
  "answer": true,
  "reason": "Great! "さようなら" (sayounara) is indeed a farewell greeting.",
  "userResponse": "A farewell greeting",
}
[90mstdout[2m | src/components/Editor3/Workbook.stories.jsx[2m > [22m[2mWorkbook With Progress
[22m[39mCustomAnswerComponent.question {}
[90mstdout[2m | src/components/Editor3/Workbook.stories.jsx[2m > [22m[2mWorkbook With Progress
[22m[39mCustomAnswerComponent.prompt undefined
[90mstdout[2m | src/components/Editor3/Workbook.stories.jsx[2m > [22m[2mWorkbook With Progress
[22m[39mCustomAnswerComponent.feedback[questionID] {
  "answer": true,
  "reason": "Great! "さようなら" (sayounara) is indeed a farewell greeting.",
  "userResponse": "A farewell greeting",
}
[90mstdout[2m | src/components/Editor3/Workbook.stories.jsx[2m > [22m[2mWorkbook With Progress
[22m[39mCustomAnswerComponent.isCompleted true
[90mstdout[2m | src/components/Editor3/Workbook.stories.jsx[2m > [22m[2mWorkbook With Progress
[22m[39mCustomAnswerComponent.currentPromptMethod text
[90mstdout[2m | src/components/Editor3/Workbook.stories.jsx[2m > [22m[2mWorkbook With Progress
[22m[39mCustomAnswerComponent.displayPrompt null
[90mstdout[2m | src/components/Editor3/Workbook.stories.jsx[2m > [22m[2mKitchen Sink
[22m[39m[ChatContext] Cleaning up subscriptions
[90mstdout[2m | src/components/Editor3/Workbook.stories.jsx[2m > [22m[2mKitchen Sink
[22m[39m[Mock Data] Unit.onUpdate() subscription removed. Remaining: 0
[90mstdout[2m | src/components/Editor3/Workbook.stories.jsx[2m > [22m[2mKitchen Sink
[22m[39m[Preview] Skipped initializing default mock data (initializeMockData=false)
[90mstdout[2m | src/components/Editor3/Workbook.stories.jsx[2m > [22m[2mKitchen Sink
[22m[39m[Mock Data] seedMockUnit: Adding unit kitchen-sink-workbook-id
[90mstdout[2m | src/components/Editor3/Workbook.stories.jsx[2m > [22m[2mKitchen Sink
[22m[39m[Mock Data] Seeded grade: grade-kitchen-sink-1 for unit: kitchen-sink-workbook-id
[90mstdout[2m | src/components/Editor3/Workbook.stories.jsx[2m > [22m[2mKitchen Sink
[22m[39m[Mock Data] Grade has data: true
[90mstdout[2m | src/components/Editor3/Workbook.stories.jsx[2m > [22m[2mKitchen Sink
[22m[39m[Mock Data] Total grades in store: 1
[90mstdout[2m | src/components/Editor3/Workbook.stories.jsx[2m > [22m[2mKitchen Sink
[22m[39m[Mock Data] Seeded grade: grade-kitchen-sink-2 for unit: kitchen-sink-workbook-id
[90mstdout[2m | src/components/Editor3/Workbook.stories.jsx[2m > [22m[2mKitchen Sink
[22m[39m[Mock Data] Grade has data: true
[90mstdout[2m | src/components/Editor3/Workbook.stories.jsx[2m > [22m[2mKitchen Sink
[22m[39m[Mock Data] Total grades in store: 2
[90mstdout[2m | src/components/Editor3/Workbook.stories.jsx[2m > [22m[2mKitchen Sink
[22m[39m[Mock Data] Seeded grade: grade-kitchen-sink-3 for unit: kitchen-sink-workbook-id
[90mstdout[2m | src/components/Editor3/Workbook.stories.jsx[2m > [22m[2mKitchen Sink
[22m[39m[Mock Data] Grade has data: true
[90mstdout[2m | src/components/Editor3/Workbook.stories.jsx[2m > [22m[2mKitchen Sink
[22m[39m[Mock Data] Total grades in store: 3
[90mstdout[2m | src/components/Editor3/Workbook.stories.jsx[2m > [22m[2mKitchen Sink
[22m[39m[Mock Data] seedMockWords: Adding 5 words
[90mstdout[2m | src/components/Editor3/Workbook.stories.jsx[2m > [22m[2mKitchen Sink
[22m[39m[MOCK CourseVectorStore] Initialized with mock data
[90mstdout[2m | src/components/Editor3/Workbook.stories.jsx[2m > [22m[2mKitchen Sink
[22m[39m[TranslationModeController] Setting mode to: off
[90mstdout[2m | src/components/Editor3/Workbook.stories.jsx[2m > [22m[2mKitchen Sink
[22m[39m[UnitContext] useEffect triggered {
  "authLoading": false,
  "hasUser": true,
  "id": "kitchen-sink-workbook-id",
  "userSub": "mock-user-sub",
}
[90mstdout[2m | src/components/Editor3/Workbook.stories.jsx[2m > [22m[2mKitchen Sink
[22m[39m[UnitContext] Fetching unit data for id: kitchen-sink-workbook-id
[90mstdout[2m | src/components/Editor3/Workbook.stories.jsx[2m > [22m[2mKitchen Sink
[22m[39m[FilesContext] Initializing vector store from IndexedDB
[90mstdout[2m | src/components/Editor3/Workbook.stories.jsx[2m > [22m[2mKitchen Sink
[22m[39m[FilesContext] fetchFiles called
[90mstdout[2m | src/components/Editor3/Workbook.stories.jsx[2m > [22m[2mKitchen Sink
[22m[39m[FilesContext] User authenticated: mock-user-sub
[90mstdout[2m | src/components/Editor3/Workbook.stories.jsx[2m > [22m[2mKitchen Sink
[22m[39m[FilesContext] Identity ID: us-east-1:mock-identity-123
[90mstdout[2m | src/components/Editor3/Workbook.stories.jsx[2m > [22m[2mKitchen Sink
[22m[39m[FilesContext] About to set up File observeQuery
[90mstdout[2m | src/components/Editor3/Workbook.stories.jsx[2m > [22m[2mKitchen Sink
[22m[39m[ChatContext] Setting up AssistantChat observeQuery
[90mstdout[2m | src/components/Editor3/Workbook.stories.jsx[2m > [22m[2mKitchen Sink
[22m[39m[ChatContext] Waiting for subscription to initialize
[90mstdout[2m | src/components/Editor3/Workbook.stories.jsx[2m > [22m[2mKitchen Sink
[22m[39m[SettingsContext] Setting up Settings subscription for user: mock-user-sub
[90mstdout[2m | src/components/Editor3/Workbook.stories.jsx[2m > [22m[2mKitchen Sink
[22m[39m[Mock Data] Settings created: mock-settings-1790418604725 - notified 0 subscribers
[90mstdout[2m | src/components/Editor3/Workbook.stories.jsx[2m > [22m[2mKitchen Sink
[22m[39m[Mock Data] Unit.onUpdate() subscription added. Total: 1
[90mstdout[2m | src/components/Editor3/Workbook.stories.jsx[2m > [22m[2mKitchen Sink
[22m[39m[WorkbookStatePlugin] Loading unit content into read-only workbook: kitchen-sink-workbook-id
[90mstdout[2m | src/components/Editor3/Workbook.stories.jsx[2m > [22m[2mKitchen Sink
[22m[39mCustomAnswerComponent.questionID question-1
[90mstdout[2m | src/components/Editor3/Workbook.stories.jsx[2m > [22m[2mKitchen Sink
[22m[39mCustomAnswerComponent.questionBank []
[90mstdout[2m | src/components/Editor3/Workbook.stories.jsx[2m > [22m[2mKitchen Sink
[22m[39mCustomAnswerComponent.question {}
[90mstdout[2m | src/components/Editor3/Workbook.stories.jsx[2m > [22m[2mKitchen Sink
[22m[39mCustomAnswerComponent.question {}
[90mstdout[2m | src/components/Editor3/Workbook.stories.jsx[2m > [22m[2mKitchen Sink
[22m[39mCustomAnswerComponent.prompt undefined
[90mstdout[2m | src/components/Editor3/Workbook.stories.jsx[2m > [22m[2mKitchen Sink
[22m[39mCustomAnswerComponent.feedback[questionID] undefined
[90mstdout[2m | src/components/Editor3/Workbook.stories.jsx[2m > [22m[2mKitchen Sink
[22m[39mCustomAnswerComponent.isCompleted undefined
[90mstdout[2m | src/components/Editor3/Workbook.stories.jsx[2m > [22m[2mKitchen Sink
[22m[39mCustomAnswerComponent.currentPromptMethod text
[90mstdout[2m | src/components/Editor3/Workbook.stories.jsx[2m > [22m[2mKitchen Sink
[22m[39mCustomAnswerComponent.displayPrompt undefined
[90mstdout[2m | src/components/Editor3/Workbook.stories.jsx[2m > [22m[2mKitchen Sink
[22m[39mCustomAnswerComponent.questionID question-2
[90mstdout[2m | src/components/Editor3/Workbook.stories.jsx[2m > [22m[2mKitchen Sink
[22m[39mCustomAnswerComponent.questionBank []
[90mstdout[2m | src/components/Editor3/Workbook.stories.jsx[2m > [22m[2mKitchen Sink
[22m[39mCustomAnswerComponent.question {}
[90mstdout[2m | src/components/Editor3/Workbook.stories.jsx[2m > [22m[2mKitchen Sink
[22m[39mCustomAnswerComponent.question {}
[90mstdout[2m | src/components/Editor3/Workbook.stories.jsx[2m > [22m[2mKitchen Sink
[22m[39mCustomAnswerComponent.prompt undefined
[90mstdout[2m | src/components/Editor3/Workbook.stories.jsx[2m > [22m[2mKitchen Sink
[22m[39mCustomAnswerComponent.feedback[questionID] undefined
[90mstdout[2m | src/components/Editor3/Workbook.stories.jsx[2m > [22m[2mKitchen Sink
[22m[39mCustomAnswerComponent.isCompleted undefined
[90mstdout[2m | src/components/Editor3/Workbook.stories.jsx[2m > [22m[2mKitchen Sink
[22m[39mCustomAnswerComponent.currentPromptMethod text
[90mstdout[2m | src/components/Editor3/Workbook.stories.jsx[2m > [22m[2mKitchen Sink
[22m[39mCustomAnswerComponent.displayPrompt undefined
[90mstdout[2m | src/components/Editor3/Workbook.stories.jsx[2m > [22m[2mKitchen Sink
[22m[39mEasy.nodeKey 149 type: string
[90mstdout[2m | src/components/Editor3/Workbook.stories.jsx[2m > [22m[2mKitchen Sink
[22m[39mEasy.grade: {}
[90mstdout[2m | src/components/Editor3/Workbook.stories.jsx[2m > [22m[2mKitchen Sink
[22m[39mEasy.grade.data: undefined
[90mstdout[2m | src/components/Editor3/Workbook.stories.jsx[2m > [22m[2mKitchen Sink
[22m[39mEasy.grade.data === grade? false
[90mstdout[2m | src/components/Editor3/Workbook.stories.jsx[2m > [22m[2mKitchen Sink
[22m[39mEasy.grade.data keys: no data
[90mstdout[2m | src/components/Editor3/Workbook.stories.jsx[2m > [22m[2mKitchen Sink
[22m[39mEasy.grade.data[nodeKey]: undefined
[90mstdout[2m | src/components/Editor3/Workbook.stories.jsx[2m > [22m[2mKitchen Sink
[22m[39mEasy.inProgress {}
[90mstdout[2m | src/components/Editor3/Workbook.stories.jsx[2m > [22m[2mKitchen Sink
[22m[39mHard.attemptedAnswers {}
[90mstdout[2m | src/components/Editor3/Workbook.stories.jsx[2m > [22m[2mKitchen Sink
[22m[39mQuestionBlockRo.grade {}
[90mstdout[2m | src/components/Editor3/Workbook.stories.jsx[2m > [22m[2mKitchen Sink
[22m[39m......!q {
  "answer": "Hello",
  "correct": true,
  "id": "quiz-q1",
}
[90mstdout[2m | src/components/Editor3/Workbook.stories.jsx[2m > [22m[2mKitchen Sink
[22m[39m......!q {
  "answer": "Goodbye",
  "correct": false,
  "id": "quiz-q2",
}
[90mstdout[2m | src/components/Editor3/Workbook.stories.jsx[2m > [22m[2mKitchen Sink
[22m[39m......!q {
  "answer": "Thank you",
  "correct": false,
  "id": "quiz-q3",
}
[90mstdout[2m | src/components/Editor3/Workbook.stories.jsx[2m > [22m[2mKitchen Sink
[22m[39m......!q {
  "answer": "Please",
  "correct": false,
  "id": "quiz-q4",
}
[90mstdout[2m | src/components/Editor3/Workbook.stories.jsx[2m > [22m[2mKitchen Sink
[22m[39m......!q {
  "answer": "犬 (inu)",
  "correct": false,
  "id": "quiz-q5",
}
[90mstdout[2m | src/components/Editor3/Workbook.stories.jsx[2m > [22m[2mKitchen Sink
[22m[39m......!q {
  "answer": "猫 (neko)",
  "correct": true,
  "id": "quiz-q6",
}
[90mstdout[2m | src/components/Editor3/Workbook.stories.jsx[2m > [22m[2mKitchen Sink
[22m[39m......!q {
  "answer": "本 (hon)",
  "correct": false,
  "id": "quiz-q7",
}
[90mstdout[2m | src/components/Editor3/Workbook.stories.jsx[2m > [22m[2mKitchen Sink
[22m[39m......!q {
  "answer": "水 (mizu)",
  "correct": false,
  "id": "quiz-q8",
}
[90mstdout[2m | src/components/Editor3/Workbook.stories.jsx[2m > [22m[2mKitchen Sink
[22m[39m......!q {
  "answer": "さようなら",
  "correct": false,
  "id": "quiz-q9",
}
[90mstdout[2m | src/components/Editor3/Workbook.stories.jsx[2m > [22m[2mKitchen Sink
[22m[39m......!q {
  "answer": "こんにちは",
  "correct": false,
  "id": "quiz-q10",
}
[90mstdout[2m | src/components/Editor3/Workbook.stories.jsx[2m > [22m[2mKitchen Sink
[22m[39m......!q {
  "answer": "ありがとう",
  "correct": true,
  "id": "quiz-q11",
}
[90mstdout[2m | src/components/Editor3/Workbook.stories.jsx[2m > [22m[2mKitchen Sink
[22m[39m......!q {
  "answer": "すみません",
  "correct": false,
  "id": "quiz-q12",
}
[90mstdout[2m | src/components/Editor3/Workbook.stories.jsx[2m > [22m[2mKitchen Sink
[22m[39m......!q {
  "answer": "いぬ",
  "correct": true,
  "id": "quiz-q13",
}
[90mstdout[2m | src/components/Editor3/Workbook.stories.jsx[2m > [22m[2mKitchen Sink
[22m[39m......!q {
  "answer": "ねこ",
  "correct": false,
  "id": "quiz-q14",
}
[90mstdout[2m | src/components/Editor3/Workbook.stories.jsx[2m > [22m[2mKitchen Sink
[22m[39m......!q {
  "answer": "ほん",
  "correct": false,
  "id": "quiz-q15",
}
[90mstdout[2m | src/components/Editor3/Workbook.stories.jsx[2m > [22m[2mKitchen Sink
[22m[39m......!q {
  "answer": "みず",
  "correct": false,
  "id": "quiz-q16",
}
[90mstdout[2m | src/components/Editor3/Workbook.stories.jsx[2m > [22m[2mKitchen Sink
[22m[39mQuestionBlock.nodeKey 154 type: string
[90mstdout[2m | src/components/Editor3/Workbook.stories.jsx[2m > [22m[2mKitchen Sink
[22m[39mQuestionBlock.questionContent [
  {
    "answer": "Hello",
    "correct": true,
    "id": "quiz-q1",
  },
  {
    "answer": "Goodbye",
    "correct": false,
    "id": "quiz-q2",
  },
  {
    "answer": "Thank you",
    "correct": false,
    "id": "quiz-q3",
  },
  {
    "answer": "Please",
    "correct": false,
    "id": "quiz-q4",
  },
  {
    "answer": "犬 (inu)",
    "correct": false,
    "id": "quiz-q5",
  },
  {
    "answer": "猫 (neko)",
    "correct": true,
    "id": "quiz-q6",
  },
  {
    "answer": "本 (hon)",
    "correct": false,
    "id": "quiz-q7",
  },
  {
    "answer": "水 (mizu)",
    "correct": false,
    "id": "quiz-q8",
  },
  {
    "answer": "さようなら",
    "correct": false,
    "id": "quiz-q9",
  },
  {
    "answer": "こんにちは",
    "correct": false,
    "id": "quiz-q10",
  },
  {
    "answer": "ありがとう",
    "correct": true,
    "id": "quiz-q11",
  },
  {
    "answer": "すみません",
    "correct": false,
    "id": "quiz-q12",
  },
  {
    "answer": "いぬ",
    "correct": true,
    "id": "quiz-q13",
  },
  {
    "answer": "ねこ",
    "correct": false,
    "id": "quiz-q14",
  },
  {
    "answer": "ほん",
    "correct": false,
    "id": "quiz-q15",
  },
  {
    "answer": "みず",
    "correct": false,
    "id": "quiz-q16",
  },
]
[90mstdout[2m | src/components/Editor3/Workbook.stories.jsx[2m > [22m[2mKitchen Sink
[22m[39mQuestionBlock.grade.data keys: []
[90mstdout[2m | src/components/Editor3/Workbook.stories.jsx[2m > [22m[2mKitchen Sink
[22m[39mQuestionBlock.grade.data[nodeKey]: undefined
[90mstdout[2m | src/components/Editor3/Workbook.stories.jsx[2m > [22m[2mKitchen Sink
[22m[39mQuestionBlockRo.inProgress {}
[90mstdout[2m | src/components/Editor3/Workbook.stories.jsx[2m > [22m[2mKitchen Sink
[22m[39mallowedInput [
  "text",
  "audio",
  "writing",
]
[90mstdout[2m | src/components/Editor3/Workbook.stories.jsx[2m > [22m[2mKitchen Sink
[22m[39mpromptMethod [
  "text",
  "audio",
]
[90mstdout[2m | src/components/Editor3/Workbook.stories.jsx[2m > [22m[2mKitchen Sink
[22m[39mAnswerComponent.currentPromptMethod text
[90mstdout[2m | src/components/Editor3/Workbook.stories.jsx[2m > [22m[2mKitchen Sink
[22m[39mAnswerComponent.promptMethod [
  "text",
  "audio",
]
[90mstdout[2m | src/components/Editor3/Workbook.stories.jsx[2m > [22m[2mKitchen Sink
[22m[39mallowedInput [
  "text",
  "audio",
  "writing",
]
[90mstdout[2m | src/components/Editor3/Workbook.stories.jsx[2m > [22m[2mKitchen Sink
[22m[39mpromptMethod [
  "text",
  "audio",
]
[90mstdout[2m | src/components/Editor3/Workbook.stories.jsx[2m > [22m[2mKitchen Sink
[22m[39mAnswerComponent.currentPromptMethod text
[90mstdout[2m | src/components/Editor3/Workbook.stories.jsx[2m > [22m[2mKitchen Sink
[22m[39mLearn._vocabulary []
[90mstdout[2m | src/components/Editor3/Workbook.stories.jsx[2m > [22m[2mKitchen Sink
[22m[39mMeaningAssociationExercise._vocabulary []
[90mstdout[2m | src/components/Editor3/Workbook.stories.jsx[2m > [22m[2mKitchen Sink
[22m[39mHard._vocabulary []
[90mstdout[2m | src/components/Editor3/Workbook.stories.jsx[2m > [22m[2mKitchen Sink
[22m[39mEasy.nodeKey 149 type: string
[90mstdout[2m | src/components/Editor3/Workbook.stories.jsx[2m > [22m[2mKitchen Sink
[22m[39mEasy.grade: {}
[90mstdout[2m | src/components/Editor3/Workbook.stories.jsx[2m > [22m[2mKitchen Sink
[22m[39mEasy.grade.data: undefined
[90mstdout[2m | src/components/Editor3/Workbook.stories.jsx[2m > [22m[2mKitchen Sink
[22m[39mEasy.grade.data === grade? false
[90mstdout[2m | src/components/Editor3/Workbook.stories.jsx[2m > [22m[2mKitchen Sink
[22m[39mEasy.grade.data keys: no data
[90mstdout[2m | src/components/Editor3/Workbook.stories.jsx[2m > [22m[2mKitchen Sink
[22m[39mEasy.grade.data[nodeKey]: undefined
[90mstdout[2m | src/components/Editor3/Workbook.stories.jsx[2m > [22m[2mKitchen Sink
[22m[39mEasy.inProgress {}
[90mstdout[2m | src/components/Editor3/Workbook.stories.jsx[2m > [22m[2mKitchen Sink
[22m[39mHard.attemptedAnswers {}
[90mstdout[2m | src/components/Editor3/Workbook.stories.jsx[2m > [22m[2mKitchen Sink
[22m[39m[SectionContext] Section observeQuery update: 0
[90mstdout[2m | src/components/Editor3/Workbook.stories.jsx[2m > [22m[2mKitchen Sink
[22m[39m[FilesContext] File observeQuery update: 3 files
[90mstdout[2m | src/components/Editor3/Workbook.stories.jsx[2m > [22m[2mKitchen Sink
[22m[39m[ChatContext] AssistantChat initialized with 0 chats
[90mstdout[2m | src/components/Editor3/Workbook.stories.jsx[2m > [22m[2mKitchen Sink
[22m[39m[MOCK CourseVectorStore] Initialized with mock data
[90mstdout[2m | src/components/Editor3/Workbook.stories.jsx[2m > [22m[2mKitchen Sink
[22m[39mCustomAnswerComponent.questionID question-1
[90mstdout[2m | src/components/Editor3/Workbook.stories.jsx[2m > [22m[2mKitchen Sink
[22m[39mCustomAnswerComponent.questionBank {}
[90mstdout[2m | src/components/Editor3/Workbook.stories.jsx[2m > [22m[2mKitchen Sink
[22m[39mCustomAnswerComponent.question {}
[90mstdout[2m | src/components/Editor3/Workbook.stories.jsx[2m > [22m[2mKitchen Sink
[22m[39mCustomAnswerComponent.question {}
[90mstdout[2m | src/components/Editor3/Workbook.stories.jsx[2m > [22m[2mKitchen Sink
[22m[39mCustomAnswerComponent.prompt undefined
[90mstdout[2m | src/components/Editor3/Workbook.stories.jsx[2m > [22m[2mKitchen Sink
[22m[39mCustomAnswerComponent.feedback[questionID] undefined
[90mstdout[2m | src/components/Editor3/Workbook.stories.jsx[2m > [22m[2mKitchen Sink
[22m[39mCustomAnswerComponent.isCompleted undefined
[90mstdout[2m | src/components/Editor3/Workbook.stories.jsx[2m > [22m[2mKitchen Sink
[22m[39mCustomAnswerComponent.currentPromptMethod text
[90mstdout[2m | src/components/Editor3/Workbook.stories.jsx[2m > [22m[2mKitchen Sink
[22m[39mCustomAnswerComponent.displayPrompt undefined
[90mstdout[2m | src/components/Editor3/Workbook.stories.jsx[2m > [22m[2mKitchen Sink
[22m[39mCustomAnswerComponent.questionID question-2
[90mstdout[2m | src/components/Editor3/Workbook.stories.jsx[2m > [22m[2mKitchen Sink
[22m[39mCustomAnswerComponent.questionBank {}
[90mstdout[2m | src/components/Editor3/Workbook.stories.jsx[2m > [22m[2mKitchen Sink
[22m[39mCustomAnswerComponent.question {}
[90mstdout[2m | src/components/Editor3/Workbook.stories.jsx[2m > [22m[2mKitchen Sink
[22m[39mCustomAnswerComponent.question {}
[90mstdout[2m | src/components/Editor3/Workbook.stories.jsx[2m > [22m[2mKitchen Sink
[22m[39mCustomAnswerComponent.prompt undefined
[90mstdout[2m | src/components/Editor3/Workbook.stories.jsx[2m > [22m[2mKitchen Sink
[22m[39mCustomAnswerComponent.feedback[questionID] undefined
[90mstdout[2m | src/components/Editor3/Workbook.stories.jsx[2m > [22m[2mKitchen Sink
[22m[39mCustomAnswerComponent.isCompleted undefined
[90mstdout[2m | src/components/Editor3/Workbook.stories.jsx[2m > [22m[2mKitchen Sink
[22m[39mCustomAnswerComponent.currentPromptMethod text
[90mstdout[2m | src/components/Editor3/Workbook.stories.jsx[2m > [22m[2mKitchen Sink
[22m[39mCustomAnswerComponent.displayPrompt undefined
[90mstdout[2m | src/components/Editor3/Workbook.stories.jsx[2m > [22m[2mKitchen Sink
[22m[39mEasy.nodeKey 149 type: string
[90mstdout[2m | src/components/Editor3/Workbook.stories.jsx[2m > [22m[2mKitchen Sink
[22m[39mEasy.grade: {
  "_version": 1,
  "accuracy": 0,
  "complete": false,
  "data": {},
  "id": "grade-kitchen-sink-1",
  "owner": "mock-user-sub",
  "percentComplete": 0,
  "timerStarted": true,
  "unitID": "kitchen-sink-workbook-id",
  "unitVersion": 1,
}
[90mstdout[2m | src/components/Editor3/Workbook.stories.jsx[2m > [22m[2mKitchen Sink
[22m[39mEasy.grade.data: {}
[90mstdout[2m | src/components/Editor3/Workbook.stories.jsx[2m > [22m[2mKitchen Sink
[22m[39mEasy.grade.data === grade? false
[90mstdout[2m | src/components/Editor3/Workbook.stories.jsx[2m > [22m[2mKitchen Sink
[22m[39mEasy.grade.data keys: []
[90mstdout[2m | src/components/Editor3/Workbook.stories.jsx[2m > [22m[2mKitchen Sink
[22m[39mEasy.grade.data[nodeKey]: undefined
[90mstdout[2m | src/components/Editor3/Workbook.stories.jsx[2m > [22m[2mKitchen Sink
[22m[39mEasy.inProgress {}
[90mstdout[2m | src/components/Editor3/Workbook.stories.jsx[2m > [22m[2mKitchen Sink
[22m[39mHard.attemptedAnswers {}
[90mstdout[2m | src/components/Editor3/Workbook.stories.jsx[2m > [22m[2mKitchen Sink
[22m[39mQuestionBlockRo.grade {
  "_version": 1,
  "accuracy": 0,
  "complete": false,
  "data": {},
  "id": "grade-kitchen-sink-1",
  "owner": "mock-user-sub",
  "percentComplete": 0,
  "timerStarted": true,
  "unitID": "kitchen-sink-workbook-id",
  "unitVersion": 1,
}
[90mstdout[2m | src/components/Editor3/Workbook.stories.jsx[2m > [22m[2mKitchen Sink
[22m[39m......!q {
  "answer": "Hello",
  "correct": true,
  "id": "quiz-q1",
}
[90mstdout[2m | src/components/Editor3/Workbook.stories.jsx[2m > [22m[2mKitchen Sink
[22m[39m......!q {
  "answer": "Goodbye",
  "correct": false,
  "id": "quiz-q2",
}
[90mstdout[2m | src/components/Editor3/Workbook.stories.jsx[2m > [22m[2mKitchen Sink
[22m[39m......!q {
  "answer": "Thank you",
  "correct": false,
  "id": "quiz-q3",
}
[90mstdout[2m | src/components/Editor3/Workbook.stories.jsx[2m > [22m[2mKitchen Sink
[22m[39m......!q {
  "answer": "Please",
  "correct": false,
  "id": "quiz-q4",
}
[90mstdout[2m | src/components/Editor3/Workbook.stories.jsx[2m > [22m[2mKitchen Sink
[22m[39m......!q {
  "answer": "犬 (inu)",
  "correct": false,
  "id": "quiz-q5",
}
[90mstdout[2m | src/components/Editor3/Workbook.stories.jsx[2m > [22m[2mKitchen Sink
[22m[39m......!q {
  "answer": "猫 (neko)",
  "correct": true,
  "id": "quiz-q6",
}
[90mstdout[2m | src/components/Editor3/Workbook.stories.jsx[2m > [22m[2mKitchen Sink
[22m[39m......!q {
  "answer": "本 (hon)",
  "correct": false,
  "id": "quiz-q7",
}
[90mstdout[2m | src/components/Editor3/Workbook.stories.jsx[2m > [22m[2mKitchen Sink
[22m[39m......!q {
  "answer": "水 (mizu)",
  "correct": false,
  "id": "quiz-q8",
}
[90mstdout[2m | src/components/Editor3/Workbook.stories.jsx[2m > [22m[2mKitchen Sink
[22m[39m......!q {
  "answer": "さようなら",
  "correct": false,
  "id": "quiz-q9",
}
[90mstdout[2m | src/components/Editor3/Workbook.stories.jsx[2m > [22m[2mKitchen Sink
[22m[39m......!q {
  "answer": "こんにちは",
  "correct": false,
  "id": "quiz-q10",
}
[90mstdout[2m | src/components/Editor3/Workbook.stories.jsx[2m > [22m[2mKitchen Sink
[22m[39m......!q {
  "answer": "ありがとう",
  "correct": true,
  "id": "quiz-q11",
}
[90mstdout[2m | src/components/Editor3/Workbook.stories.jsx[2m > [22m[2mKitchen Sink
[22m[39m......!q {
  "answer": "すみません",
  "correct": false,
  "id": "quiz-q12",
}
[90mstdout[2m | src/components/Editor3/Workbook.stories.jsx[2m > [22m[2mKitchen Sink
[22m[39m......!q {
  "answer": "いぬ",
  "correct": true,
  "id": "quiz-q13",
}
[90mstdout[2m | src/components/Editor3/Workbook.stories.jsx[2m > [22m[2mKitchen Sink
[22m[39m......!q {
  "answer": "ねこ",
  "correct": false,
  "id": "quiz-q14",
}
[90mstdout[2m | src/components/Editor3/Workbook.stories.jsx[2m > [22m[2mKitchen Sink
[22m[39m......!q {
  "answer": "ほん",
  "correct": false,
  "id": "quiz-q15",
}
[90mstdout[2m | src/components/Editor3/Workbook.stories.jsx[2m > [22m[2mKitchen Sink
[22m[39m......!q {
  "answer": "みず",
  "correct": false,
  "id": "quiz-q16",
}
[90mstdout[2m | src/components/Editor3/Workbook.stories.jsx[2m > [22m[2mKitchen Sink
[22m[39mQuestionBlock.nodeKey 154 type: string
[90mstdout[2m | src/components/Editor3/Workbook.stories.jsx[2m > [22m[2mKitchen Sink
[22m[39mQuestionBlock.questionContent [
  {
    "answer": "Hello",
    "correct": true,
    "id": "quiz-q1",
  },
  {
    "answer": "Goodbye",
    "correct": false,
    "id": "quiz-q2",
  },
  {
    "answer": "Thank you",
    "correct": false,
    "id": "quiz-q3",
  },
  {
    "answer": "Please",
    "correct": false,
    "id": "quiz-q4",
  },
  {
    "answer": "犬 (inu)",
    "correct": false,
    "id": "quiz-q5",
  },
  {
    "answer": "猫 (neko)",
    "correct": true,
    "id": "quiz-q6",
  },
  {
    "answer": "本 (hon)",
    "correct": false,
    "id": "quiz-q7",
  },
  {
    "answer": "水 (mizu)",
    "correct": false,
    "id": "quiz-q8",
  },
  {
    "answer": "さようなら",
    "correct": false,
    "id": "quiz-q9",
  },
  {
    "answer": "こんにちは",
    "correct": false,
    "id": "quiz-q10",
  },
  {
    "answer": "ありがとう",
    "correct": true,
    "id": "quiz-q11",
  },
  {
    "answer": "すみません",
    "correct": false,
    "id": "quiz-q12",
  },
  {
    "answer": "いぬ",
    "correct": true,
    "id": "quiz-q13",
  },
  {
    "answer": "ねこ",
    "correct": false,
    "id": "quiz-q14",
  },
  {
    "answer": "ほん",
    "correct": false,
    "id": "quiz-q15",
  },
  {
    "answer": "みず",
    "correct": false,
    "id": "quiz-q16",
  },
]
[90mstdout[2m | src/components/Editor3/Workbook.stories.jsx[2m > [22m[2mKitchen Sink
[22m[39mQuestionBlock.grade.data keys: []
[90mstdout[2m | src/components/Editor3/Workbook.stories.jsx[2m > [22m[2mKitchen Sink
[22m[39mQuestionBlock.grade.data[nodeKey]: undefined
[90mstdout[2m | src/components/Editor3/Workbook.stories.jsx[2m > [22m[2mKitchen Sink
[22m[39mQuestionBlockRo.inProgress {}
[90mstdout[2m | src/components/Editor3/Workbook.stories.jsx[2m > [22m[2mKitchen Sink
[22m[39mLearn._vocabulary [
  {
    "_version": 1,
    "definition": "Hello (Japanese)",
    "id": "vocab-word-1",
    "owner": "mock-user-sub",
    "phrase": "こんにちは",
    "pronunciation": "kon-ni-chi-wa",
  },
  {
    "_version": 1,
    "definition": "Cat (Japanese)",
    "id": "vocab-word-2",
    "owner": "mock-user-sub",
    "phrase": "猫",
    "pronunciation": "neko",
  },
  {
    "_version": 1,
    "definition": "Thank you (Japanese)",
    "id": "vocab-word-3",
    "owner": "mock-user-sub",
    "phrase": "ありがとう",
    "pronunciation": "a-ri-ga-tou",
  },
  {
    "_version": 1,
    "definition": "Dog (Japanese)",
    "id": "vocab-word-4",
    "owner": "mock-user-sub",
    "phrase": "犬",
    "pronunciation": "inu",
  },
  {
    "_version": 1,
    "definition": "Goodbye (Japanese)",
    "id": "vocab-word-5",
    "owner": "mock-user-sub",
    "phrase": "さようなら",
    "pronunciation": "sa-you-na-ra",
  },
]
[90mstdout[2m | src/components/Editor3/Workbook.stories.jsx[2m > [22m[2mKitchen Sink
[22m[39mMeaningAssociationExercise._vocabulary [
  {
    "_version": 1,
    "definition": "Hello (Japanese)",
    "id": "vocab-word-1",
    "owner": "mock-user-sub",
    "phrase": "こんにちは",
    "pronunciation": "kon-ni-chi-wa",
  },
  {
    "_version": 1,
    "definition": "Cat (Japanese)",
    "id": "vocab-word-2",
    "owner": "mock-user-sub",
    "phrase": "猫",
    "pronunciation": "neko",
  },
  {
    "_version": 1,
    "definition": "Thank you (Japanese)",
    "id": "vocab-word-3",
    "owner": "mock-user-sub",
    "phrase": "ありがとう",
    "pronunciation": "a-ri-ga-tou",
  },
  {
    "_version": 1,
    "definition": "Dog (Japanese)",
    "id": "vocab-word-4",
    "owner": "mock-user-sub",
    "phrase": "犬",
    "pronunciation": "inu",
  },
  {
    "_version": 1,
    "definition": "Goodbye (Japanese)",
    "id": "vocab-word-5",
    "owner": "mock-user-sub",
    "phrase": "さようなら",
    "pronunciation": "sa-you-na-ra",
  },
]
[90mstdout[2m | src/components/Editor3/Workbook.stories.jsx[2m > [22m[2mKitchen Sink
[22m[39mHard._vocabulary [
  {
    "_version": 1,
    "definition": "Hello (Japanese)",
    "id": "vocab-word-1",
    "owner": "mock-user-sub",
    "phrase": "こんにちは",
    "pronunciation": "kon-ni-chi-wa",
  },
  {
    "_version": 1,
    "definition": "Cat (Japanese)",
    "id": "vocab-word-2",
    "owner": "mock-user-sub",
    "phrase": "猫",
    "pronunciation": "neko",
  },
  {
    "_version": 1,
    "definition": "Thank you (Japanese)",
    "id": "vocab-word-3",
    "owner": "mock-user-sub",
    "phrase": "ありがとう",
    "pronunciation": "a-ri-ga-tou",
  },
  {
    "_version": 1,
    "definition": "Dog (Japanese)",
    "id": "vocab-word-4",
    "owner": "mock-user-sub",
    "phrase": "犬",
    "pronunciation": "inu",
  },
  {
    "_version": 1,
    "definition": "Goodbye (Japanese)",
    "id": "vocab-word-5",
    "owner": "mock-user-sub",
    "phrase": "さようなら",
    "pronunciation": "sa-you-na-ra",
  },
]
[90mstdout[2m | src/components/Editor3/Workbook.stories.jsx[2m > [22m[2mKitchen Sink
[22m[39m[useWorkbookCollaboration] Initializing for grade grade-kitchen-sink-1
[90mstdout[2m | src/components/Editor3/Workbook.stories.jsx[2m > [22m[2mKitchen Sink
[22m[39m[WorkbookCollaboration] Loaded 0 blocks from Grade.data
[90mstdout[2m | src/components/Editor3/Workbook.stories.jsx[2m > [22m[2mKitchen Sink
[22m[39m[FilesContext] Vector store population triggered {
  "currentVectorStoreSize": 3,
  "documentsCount": 0,
  "filesCount": 3,
  "isInitialLoad": true,
}
[90mstdout[2m | src/components/Editor3/Workbook.stories.jsx[2m > [22m[2mKitchen Sink
[22m[39m[FilesContext] Vector store population complete - 3 total embeddings
[90mstdout[2m | src/components/Editor3/Workbook.stories.jsx[2m > [22m[2mKitchen Sink
[22m[39m[ChatContext] No current chat available, will create one
[90mstdout[2m | src/components/Editor3/Workbook.stories.jsx[2m > [22m[2mKitchen Sink
[22m[39m[ChatContext] Creating AssistantChat with user: undefined
[90mstdout[2m | src/components/Editor3/Workbook.stories.jsx[2m > [22m[2mKitchen Sink
[22m[39m[Mock Data] AssistantChat created: mock-assistantchat-1790418605128 - notified 1 subscribers
[90mstdout[2m | src/components/Editor3/Workbook.stories.jsx[2m > [22m[2mKitchen Sink
[22m[39mCustomAnswerComponent.questionID question-1
[90mstdout[2m | src/components/Editor3/Workbook.stories.jsx[2m > [22m[2mKitchen Sink
[22m[39mCustomAnswerComponent.questionBank {}
[90mstdout[2m | src/components/Editor3/Workbook.stories.jsx[2m > [22m[2mKitchen Sink
[22m[39mCustomAnswerComponent.question {}
[90mstdout[2m | src/components/Editor3/Workbook.stories.jsx[2m > [22m[2mKitchen Sink
[22m[39mCustomAnswerComponent.question {}
[90mstdout[2m | src/components/Editor3/Workbook.stories.jsx[2m > [22m[2mKitchen Sink
[22m[39mCustomAnswerComponent.prompt undefined
[90mstdout[2m | src/components/Editor3/Workbook.stories.jsx[2m > [22m[2mKitchen Sink
[22m[39mCustomAnswerComponent.feedback[questionID] undefined
[90mstdout[2m | src/components/Editor3/Workbook.stories.jsx[2m > [22m[2mKitchen Sink
[22m[39mCustomAnswerComponent.isCompleted undefined
[90mstdout[2m | src/components/Editor3/Workbook.stories.jsx[2m > [22m[2mKitchen Sink
[22m[39mCustomAnswerComponent.currentPromptMethod text
[90mstdout[2m | src/components/Editor3/Workbook.stories.jsx[2m > [22m[2mKitchen Sink
[22m[39mCustomAnswerComponent.displayPrompt undefined
[90mstdout[2m | src/components/Editor3/Workbook.stories.jsx[2m > [22m[2mKitchen Sink
[22m[39mCustomAnswerComponent.questionID question-2
[90mstdout[2m | src/components/Editor3/Workbook.stories.jsx[2m > [22m[2mKitchen Sink
[22m[39mCustomAnswerComponent.questionBank {}
[90mstdout[2m | src/components/Editor3/Workbook.stories.jsx[2m > [22m[2mKitchen Sink
[22m[39mCustomAnswerComponent.question {}
[90mstdout[2m | src/components/Editor3/Workbook.stories.jsx[2m > [22m[2mKitchen Sink
[22m[39mCustomAnswerComponent.question {}
[90mstdout[2m | src/components/Editor3/Workbook.stories.jsx[2m > [22m[2mKitchen Sink
[22m[39mCustomAnswerComponent.prompt undefined
[90mstdout[2m | src/components/Editor3/Workbook.stories.jsx[2m > [22m[2mKitchen Sink
[22m[39mCustomAnswerComponent.feedback[questionID] undefined
[90mstdout[2m | src/components/Editor3/Workbook.stories.jsx[2m > [22m[2mKitchen Sink
[22m[39mCustomAnswerComponent.isCompleted undefined
[90mstdout[2m | src/components/Editor3/Workbook.stories.jsx[2m > [22m[2mKitchen Sink
[22m[39mCustomAnswerComponent.currentPromptMethod text
[90mstdout[2m | src/components/Editor3/Workbook.stories.jsx[2m > [22m[2mKitchen Sink
[22m[39mCustomAnswerComponent.displayPrompt undefined
[90mstdout[2m | src/components/Editor3/Workbook.stories.jsx[2m > [22m[2mKitchen Sink
[22m[39mEasy.nodeKey 149 type: string
[90mstdout[2m | src/components/Editor3/Workbook.stories.jsx[2m > [22m[2mKitchen Sink
[22m[39mEasy.grade: {
  "_version": 1,
  "accuracy": 0,
  "complete": false,
  "data": {},
  "id": "grade-kitchen-sink-1",
  "owner": "mock-user-sub",
  "percentComplete": 0,
  "timerStarted": true,
  "unitID": "kitchen-sink-workbook-id",
  "unitVersion": 1,
}
[90mstdout[2m | src/components/Editor3/Workbook.stories.jsx[2m > [22m[2mKitchen Sink
[22m[39mEasy.grade.data: {}
[90mstdout[2m | src/components/Editor3/Workbook.stories.jsx[2m > [22m[2mKitchen Sink
[22m[39mEasy.grade.data === grade? false
[90mstdout[2m | src/components/Editor3/Workbook.stories.jsx[2m > [22m[2mKitchen Sink
[22m[39mEasy.grade.data keys: []
[90mstdout[2m | src/components/Editor3/Workbook.stories.jsx[2m > [22m[2mKitchen Sink
[22m[39mEasy.grade.data[nodeKey]: undefined
[90mstdout[2m | src/components/Editor3/Workbook.stories.jsx[2m > [22m[2mKitchen Sink
[22m[39mEasy.inProgress {}
[90mstdout[2m | src/components/Editor3/Workbook.stories.jsx[2m > [22m[2mKitchen Sink
[22m[39mHard.attemptedAnswers {}
[90mstdout[2m | src/components/Editor3/Workbook.stories.jsx[2m > [22m[2mKitchen Sink
[22m[39mQuestionBlockRo.grade {
  "_version": 1,
  "accuracy": 0,
  "complete": false,
  "data": {},
  "id": "grade-kitchen-sink-1",
  "owner": "mock-user-sub",
  "percentComplete": 0,
  "timerStarted": true,
  "unitID": "kitchen-sink-workbook-id",
  "unitVersion": 1,
}
[90mstdout[2m | src/components/Editor3/Workbook.stories.jsx[2m > [22m[2mKitchen Sink
[22m[39m......!q {
  "answer": "Hello",
  "correct": true,
  "id": "quiz-q1",
}
[90mstdout[2m | src/components/Editor3/Workbook.stories.jsx[2m > [22m[2mKitchen Sink
[22m[39m......!q {
  "answer": "Goodbye",
  "correct": false,
  "id": "quiz-q2",
}
[90mstdout[2m | src/components/Editor3/Workbook.stories.jsx[2m > [22m[2mKitchen Sink
[22m[39m......!q {
  "answer": "Thank you",
  "correct": false,
  "id": "quiz-q3",
}
[90mstdout[2m | src/components/Editor3/Workbook.stories.jsx[2m > [22m[2mKitchen Sink
[22m[39m......!q {
  "answer": "Please",
  "correct": false,
  "id": "quiz-q4",
}
[90mstdout[2m | src/components/Editor3/Workbook.stories.jsx[2m > [22m[2mKitchen Sink
[22m[39m......!q {
  "answer": "犬 (inu)",
  "correct": false,
  "id": "quiz-q5",
}
[90mstdout[2m | src/components/Editor3/Workbook.stories.jsx[2m > [22m[2mKitchen Sink
[22m[39m......!q {
  "answer": "猫 (neko)",
  "correct": true,
  "id": "quiz-q6",
}
[90mstdout[2m | src/components/Editor3/Workbook.stories.jsx[2m > [22m[2mKitchen Sink
[22m[39m......!q {
  "answer": "本 (hon)",
  "correct": false,
  "id": "quiz-q7",
}
[90mstdout[2m | src/components/Editor3/Workbook.stories.jsx[2m > [22m[2mKitchen Sink
[22m[39m......!q {
  "answer": "水 (mizu)",
  "correct": false,
  "id": "quiz-q8",
}
[90mstdout[2m | src/components/Editor3/Workbook.stories.jsx[2m > [22m[2mKitchen Sink
[22m[39m......!q {
  "answer": "さようなら",
  "correct": false,
  "id": "quiz-q9",
}
[90mstdout[2m | src/components/Editor3/Workbook.stories.jsx[2m > [22m[2mKitchen Sink
[22m[39m......!q {
  "answer": "こんにちは",
  "correct": false,
  "id": "quiz-q10",
}
[90mstdout[2m | src/components/Editor3/Workbook.stories.jsx[2m > [22m[2mKitchen Sink
[22m[39m......!q {
  "answer": "ありがとう",
  "correct": true,
  "id": "quiz-q11",
}
[90mstdout[2m | src/components/Editor3/Workbook.stories.jsx[2m > [22m[2mKitchen Sink
[22m[39m......!q {
  "answer": "すみません",
  "correct": false,
  "id": "quiz-q12",
}
[90mstdout[2m | src/components/Editor3/Workbook.stories.jsx[2m > [22m[2mKitchen Sink
[22m[39m......!q {
  "answer": "いぬ",
  "correct": true,
  "id": "quiz-q13",
}
[90mstdout[2m | src/components/Editor3/Workbook.stories.jsx[2m > [22m[2mKitchen Sink
[22m[39m......!q {
  "answer": "ねこ",
  "correct": false,
  "id": "quiz-q14",
}
[90mstdout[2m | src/components/Editor3/Workbook.stories.jsx[2m > [22m[2mKitchen Sink
[22m[39m......!q {
  "answer": "ほん",
  "correct": false,
  "id": "quiz-q15",
}
[90mstdout[2m | src/components/Editor3/Workbook.stories.jsx[2m > [22m[2mKitchen Sink
[22m[39m......!q {
  "answer": "みず",
  "correct": false,
  "id": "quiz-q16",
}
[90mstdout[2m | src/components/Editor3/Workbook.stories.jsx[2m > [22m[2mKitchen Sink
[22m[39mQuestionBlock.nodeKey 154 type: string
[90mstdout[2m | src/components/Editor3/Workbook.stories.jsx[2m > [22m[2mKitchen Sink
[22m[39mQuestionBlock.questionContent [
  {
    "answer": "Hello",
    "correct": true,
    "id": "quiz-q1",
  },
  {
    "answer": "Goodbye",
    "correct": false,
    "id": "quiz-q2",
  },
  {
    "answer": "Thank you",
    "correct": false,
    "id": "quiz-q3",
  },
  {
    "answer": "Please",
    "correct": false,
    "id": "quiz-q4",
  },
  {
    "answer": "犬 (inu)",
    "correct": false,
    "id": "quiz-q5",
  },
  {
    "answer": "猫 (neko)",
    "correct": true,
    "id": "quiz-q6",
  },
  {
    "answer": "本 (hon)",
    "correct": false,
    "id": "quiz-q7",
  },
  {
    "answer": "水 (mizu)",
    "correct": false,
    "id": "quiz-q8",
  },
  {
    "answer": "さようなら",
    "correct": false,
    "id": "quiz-q9",
  },
  {
    "answer": "こんにちは",
    "correct": false,
    "id": "quiz-q10",
  },
  {
    "answer": "ありがとう",
    "correct": true,
    "id": "quiz-q11",
  },
  {
    "answer": "すみません",
    "correct": false,
    "id": "quiz-q12",
  },
  {
    "answer": "いぬ",
    "correct": true,
    "id": "quiz-q13",
  },
  {
    "answer": "ねこ",
    "correct": false,
    "id": "quiz-q14",
  },
  {
    "answer": "ほん",
    "correct": false,
    "id": "quiz-q15",
  },
  {
    "answer": "みず",
    "correct": false,
    "id": "quiz-q16",
  },
]
[90mstdout[2m | src/components/Editor3/Workbook.stories.jsx[2m > [22m[2mKitchen Sink
[22m[39mQuestionBlock.grade.data keys: []
[90mstdout[2m | src/components/Editor3/Workbook.stories.jsx[2m > [22m[2mKitchen Sink
[22m[39mQuestionBlock.grade.data[nodeKey]: undefined
[90mstdout[2m | src/components/Editor3/Workbook.stories.jsx[2m > [22m[2mKitchen Sink
[22m[39mQuestionBlockRo.inProgress {}
[90mstdout[2m | src/components/Editor3/Workbook.stories.jsx[2m > [22m[2mKitchen Sink
[22m[39m[ChatContext] Create result: {
  "data": {
    "_version": 1,
    "archived": false,
    "chatFiles": [Function anonymous],
    "createdAt": "2026-09-26T10:30:05.128Z",
    "id": "mock-assistantchat-1790418605128",
    "model": "gpt-4",
    "updatedAt": "2026-09-26T10:30:05.128Z",
  },
  "errors": [],
  "hasData": true,
  "hasErrors": true,
}
[90mstdout[2m | src/components/Editor3/Workbook.stories.jsx[2m > [22m[2mKitchen Sink
[22m[39m[ChatContext] Created AssistantChat: mock-assistantchat-1790418605128 at: 2026-09-26T10:30:05.128Z
[90mstdout[2m | src/components/Editor3/Workbook.stories.jsx[2m > [22m[2mKitchen Sink
[22m[39m[Mock Storage] downloadData called with: undefined
[90mstdout[2m | src/components/Editor3/Workbook.stories.jsx[2m > [22m[2mKitchen Sink
[22m[39m[YjsProvider] workbook-grade-kitchen-sink-1 connection status: connected
[90mstdout[2m | src/components/Editor3/Workbook.stories.jsx[2m > [22m[2mKitchen Sink
[22m[39m[YjsProvider] workbook-grade-kitchen-sink-1 synced with server
[90mstdout[2m | src/components/Editor3/Workbook.stories.jsx[2m > [22m[2mKitchen Sink
[22m[39m[ChatContext] Setting initial chat: mock-assistantchat-1790418605128
[90mstdout[2m | src/components/Editor3/Workbook.stories.jsx[2m > [22m[2mKitchen Sink
[22m[39mCustomAnswerComponent.questionID question-1
[90mstdout[2m | src/components/Editor3/Workbook.stories.jsx[2m > [22m[2mKitchen Sink
[22m[39mCustomAnswerComponent.questionBank {}
[90mstdout[2m | src/components/Editor3/Workbook.stories.jsx[2m > [22m[2mKitchen Sink
[22m[39mCustomAnswerComponent.question {}
[90mstdout[2m | src/components/Editor3/Workbook.stories.jsx[2m > [22m[2mKitchen Sink
[22m[39mCustomAnswerComponent.question {}
[90mstdout[2m | src/components/Editor3/Workbook.stories.jsx[2m > [22m[2mKitchen Sink
[22m[39mCustomAnswerComponent.prompt undefined
[90mstdout[2m | src/components/Editor3/Workbook.stories.jsx[2m > [22m[2mKitchen Sink
[22m[39mCustomAnswerComponent.feedback[questionID] undefined
[90mstdout[2m | src/components/Editor3/Workbook.stories.jsx[2m > [22m[2mKitchen Sink
[22m[39mCustomAnswerComponent.isCompleted undefined
[90mstdout[2m | src/components/Editor3/Workbook.stories.jsx[2m > [22m[2mKitchen Sink
[22m[39mCustomAnswerComponent.currentPromptMethod text
[90mstdout[2m | src/components/Editor3/Workbook.stories.jsx[2m > [22m[2mKitchen Sink
[22m[39mCustomAnswerComponent.displayPrompt undefined
[90mstdout[2m | src/components/Editor3/Workbook.stories.jsx[2m > [22m[2mKitchen Sink
[22m[39mCustomAnswerComponent.questionID question-2
[90mstdout[2m | src/components/Editor3/Workbook.stories.jsx[2m > [22m[2mKitchen Sink
[22m[39mCustomAnswerComponent.questionBank {}
[90mstdout[2m | src/components/Editor3/Workbook.stories.jsx[2m > [22m[2mKitchen Sink
[22m[39mCustomAnswerComponent.question {}
[90mstdout[2m | src/components/Editor3/Workbook.stories.jsx[2m > [22m[2mKitchen Sink
[22m[39mCustomAnswerComponent.question {}
[90mstdout[2m | src/components/Editor3/Workbook.stories.jsx[2m > [22m[2mKitchen Sink
[22m[39mCustomAnswerComponent.prompt undefined
[90mstdout[2m | src/components/Editor3/Workbook.stories.jsx[2m > [22m[2mKitchen Sink
[22m[39mCustomAnswerComponent.feedback[questionID] undefined
[90mstdout[2m | src/components/Editor3/Workbook.stories.jsx[2m > [22m[2mKitchen Sink
[22m[39mCustomAnswerComponent.isCompleted undefined
[90mstdout[2m | src/components/Editor3/Workbook.stories.jsx[2m > [22m[2mKitchen Sink
[22m[39mCustomAnswerComponent.currentPromptMethod text
[90mstdout[2m | src/components/Editor3/Workbook.stories.jsx[2m > [22m[2mKitchen Sink
[22m[39mCustomAnswerComponent.displayPrompt undefined
[90mstdout[2m | src/components/Editor3/Workbook.stories.jsx[2m > [22m[2mKitchen Sink
[22m[39mEasy.nodeKey 149 type: string
[90mstdout[2m | src/components/Editor3/Workbook.stories.jsx[2m > [22m[2mKitchen Sink
[22m[39mEasy.grade: {
  "_version": 1,
  "accuracy": 0,
  "complete": false,
  "data": {},
  "id": "grade-kitchen-sink-1",
  "owner": "mock-user-sub",
  "percentComplete": 0,
  "timerStarted": true,
  "unitID": "kitchen-sink-workbook-id",
  "unitVersion": 1,
}
[90mstdout[2m | src/components/Editor3/Workbook.stories.jsx[2m > [22m[2mKitchen Sink
[22m[39mEasy.grade.data: {}
[90mstdout[2m | src/components/Editor3/Workbook.stories.jsx[2m > [22m[2mKitchen Sink
[22m[39mEasy.grade.data === grade? false
[90mstdout[2m | src/components/Editor3/Workbook.stories.jsx[2m > [22m[2mKitchen Sink
[22m[39mEasy.grade.data keys: []
[90mstdout[2m | src/components/Editor3/Workbook.stories.jsx[2m > [22m[2mKitchen Sink
[22m[39mEasy.grade.data[nodeKey]: undefined
[90mstdout[2m | src/components/Editor3/Workbook.stories.jsx[2m > [22m[2mKitchen Sink
[22m[39mEasy.inProgress {}
[90mstdout[2m | src/components/Editor3/Workbook.stories.jsx[2m > [22m[2mKitchen Sink
[22m[39mHard.attemptedAnswers {}
[90mstdout[2m | src/components/Editor3/Workbook.stories.jsx[2m > [22m[2mKitchen Sink
[22m[39mQuestionBlockRo.grade {
  "_version": 1,
  "accuracy": 0,
  "complete": false,
  "data": {},
  "id": "grade-kitchen-sink-1",
  "owner": "mock-user-sub",
  "percentComplete": 0,
  "timerStarted": true,
  "unitID": "kitchen-sink-workbook-id",
  "unitVersion": 1,
}
[90mstdout[2m | src/components/Editor3/Workbook.stories.jsx[2m > [22m[2mKitchen Sink
[22m[39m......!q {
  "answer": "Hello",
  "correct": true,
  "id": "quiz-q1",
}
[90mstdout[2m | src/components/Editor3/Workbook.stories.jsx[2m > [22m[2mKitchen Sink
[22m[39m......!q {
  "answer": "Goodbye",
  "correct": false,
  "id": "quiz-q2",
}
[90mstdout[2m | src/components/Editor3/Workbook.stories.jsx[2m > [22m[2mKitchen Sink
[22m[39m......!q {
  "answer": "Thank you",
  "correct": false,
  "id": "quiz-q3",
}
[90mstdout[2m | src/components/Editor3/Workbook.stories.jsx[2m > [22m[2mKitchen Sink
[22m[39m......!q {
  "answer": "Please",
  "correct": false,
  "id": "quiz-q4",
}
[90mstdout[2m | src/components/Editor3/Workbook.stories.jsx[2m > [22m[2mKitchen Sink
[22m[39m......!q {
  "answer": "犬 (inu)",
  "correct": false,
  "id": "quiz-q5",
}
[90mstdout[2m | src/components/Editor3/Workbook.stories.jsx[2m > [22m[2mKitchen Sink
[22m[39m......!q {
  "answer": "猫 (neko)",
  "correct": true,
  "id": "quiz-q6",
}
[90mstdout[2m | src/components/Editor3/Workbook.stories.jsx[2m > [22m[2mKitchen Sink
[22m[39m......!q {
  "answer": "本 (hon)",
  "correct": false,
  "id": "quiz-q7",
}
[90mstdout[2m | src/components/Editor3/Workbook.stories.jsx[2m > [22m[2mKitchen Sink
[22m[39m......!q {
  "answer": "水 (mizu)",
  "correct": false,
  "id": "quiz-q8",
}
[90mstdout[2m | src/components/Editor3/Workbook.stories.jsx[2m > [22m[2mKitchen Sink
[22m[39m......!q {
  "answer": "さようなら",
  "correct": false,
  "id": "quiz-q9",
}
[90mstdout[2m | src/components/Editor3/Workbook.stories.jsx[2m > [22m[2mKitchen Sink
[22m[39m......!q {
  "answer": "こんにちは",
  "correct": false,
  "id": "quiz-q10",
}
[90mstdout[2m | src/components/Editor3/Workbook.stories.jsx[2m > [22m[2mKitchen Sink
[22m[39m......!q {
  "answer": "ありがとう",
  "correct": true,
  "id": "quiz-q11",
}
[90mstdout[2m | src/components/Editor3/Workbook.stories.jsx[2m > [22m[2mKitchen Sink
[22m[39m......!q {
  "answer": "すみません",
  "correct": false,
  "id": "quiz-q12",
}
[90mstdout[2m | src/components/Editor3/Workbook.stories.jsx[2m > [22m[2mKitchen Sink
[22m[39m......!q {
  "answer": "いぬ",
  "correct": true,
  "id": "quiz-q13",
}
[90mstdout[2m | src/components/Editor3/Workbook.stories.jsx[2m > [22m[2mKitchen Sink
[22m[39m......!q {
  "answer": "ねこ",
  "correct": false,
  "id": "quiz-q14",
}
[90mstdout[2m | src/components/Editor3/Workbook.stories.jsx[2m > [22m[2mKitchen Sink
[22m[39m......!q {
  "answer": "ほん",
  "correct": false,
  "id": "quiz-q15",
}
[90mstdout[2m | src/components/Editor3/Workbook.stories.jsx[2m > [22m[2mKitchen Sink
[22m[39m......!q {
  "answer": "みず",
  "correct": false,
  "id": "quiz-q16",
}
[90mstdout[2m | src/components/Editor3/Workbook.stories.jsx[2m > [22m[2mKitchen Sink
[22m[39mQuestionBlock.nodeKey 154 type: string
[90mstdout[2m | src/components/Editor3/Workbook.stories.jsx[2m > [22m[2mKitchen Sink
[22m[39mQuestionBlock.questionContent [
  {
    "answer": "Hello",
    "correct": true,
    "id": "quiz-q1",
  },
  {
    "answer": "Goodbye",
    "correct": false,
    "id": "quiz-q2",
  },
  {
    "answer": "Thank you",
    "correct": false,
    "id": "quiz-q3",
  },
  {
    "answer": "Please",
    "correct": false,
    "id": "quiz-q4",
  },
  {
    "answer": "犬 (inu)",
    "correct": false,
    "id": "quiz-q5",
  },
  {
    "answer": "猫 (neko)",
    "correct": true,
    "id": "quiz-q6",
  },
  {
    "answer": "本 (hon)",
    "correct": false,
    "id": "quiz-q7",
  },
  {
    "answer": "水 (mizu)",
    "correct": false,
    "id": "quiz-q8",
  },
  {
    "answer": "さようなら",
    "correct": false,
    "id": "quiz-q9",
  },
  {
    "answer": "こんにちは",
    "correct": false,
    "id": "quiz-q10",
  },
  {
    "answer": "ありがとう",
    "correct": true,
    "id": "quiz-q11",
  },
  {
    "answer": "すみません",
    "correct": false,
    "id": "quiz-q12",
  },
  {
    "answer": "いぬ",
    "correct": true,
    "id": "quiz-q13",
  },
  {
    "answer": "ねこ",
    "correct": false,
    "id": "quiz-q14",
  },
  {
    "answer": "ほん",
    "correct": false,
    "id": "quiz-q15",
  },
  {
    "answer": "みず",
    "correct": false,
    "id": "quiz-q16",
  },
]
[90mstdout[2m | src/components/Editor3/Workbook.stories.jsx[2m > [22m[2mKitchen Sink
[22m[39mQuestionBlock.grade.data keys: []
[90mstdout[2m | src/components/Editor3/Workbook.stories.jsx[2m > [22m[2mKitchen Sink
[22m[39mQuestionBlock.grade.data[nodeKey]: undefined
[90mstdout[2m | src/components/Editor3/Workbook.stories.jsx[2m > [22m[2mKitchen Sink
[22m[39mQuestionBlockRo.inProgress {}
[90mstdout[2m | src/components/Editor3/Workbook.stories.jsx[2m > [22m[2mKitchen Sink
[22m[39m[ChatContext] Chat exists and not archived, skipping creation
[90mstdout[2m | src/components/Editor3/Workbook.stories.jsx[2m > [22m[2mKitchen Sink
[22m[39mCustomAnswerComponent.questionID question-1
[90mstdout[2m | src/components/Editor3/Workbook.stories.jsx[2m > [22m[2mKitchen Sink
[22m[39mCustomAnswerComponent.questionBank {}
[90mstdout[2m | src/components/Editor3/Workbook.stories.jsx[2m > [22m[2mKitchen Sink
[22m[39mCustomAnswerComponent.question {}
[90mstdout[2m | src/components/Editor3/Workbook.stories.jsx[2m > [22m[2mKitchen Sink
[22m[39mCustomAnswerComponent.question {}
[90mstdout[2m | src/components/Editor3/Workbook.stories.jsx[2m > [22m[2mKitchen Sink
[22m[39mCustomAnswerComponent.prompt undefined
[90mstdout[2m | src/components/Editor3/Workbook.stories.jsx[2m > [22m[2mKitchen Sink
[22m[39mCustomAnswerComponent.feedback[questionID] undefined
[90mstdout[2m | src/components/Editor3/Workbook.stories.jsx[2m > [22m[2mKitchen Sink
[22m[39mCustomAnswerComponent.isCompleted undefined
[90mstdout[2m | src/components/Editor3/Workbook.stories.jsx[2m > [22m[2mKitchen Sink
[22m[39mCustomAnswerComponent.currentPromptMethod text
[90mstdout[2m | src/components/Editor3/Workbook.stories.jsx[2m > [22m[2mKitchen Sink
[22m[39mCustomAnswerComponent.displayPrompt undefined
[90mstdout[2m | src/components/Editor3/Workbook.stories.jsx[2m > [22m[2mKitchen Sink
[22m[39mCustomAnswerComponent.questionID question-2
[90mstdout[2m | src/components/Editor3/Workbook.stories.jsx[2m > [22m[2mKitchen Sink
[22m[39mCustomAnswerComponent.questionBank {}
[90mstdout[2m | src/components/Editor3/Workbook.stories.jsx[2m > [22m[2mKitchen Sink
[22m[39mCustomAnswerComponent.question {}
[90mstdout[2m | src/components/Editor3/Workbook.stories.jsx[2m > [22m[2mKitchen Sink
[22m[39mCustomAnswerComponent.question {}
[90mstdout[2m | src/components/Editor3/Workbook.stories.jsx[2m > [22m[2mKitchen Sink
[22m[39mCustomAnswerComponent.prompt undefined
[90mstdout[2m | src/components/Editor3/Workbook.stories.jsx[2m > [22m[2mKitchen Sink
[22m[39mCustomAnswerComponent.feedback[questionID] undefined
[90mstdout[2m | src/components/Editor3/Workbook.stories.jsx[2m > [22m[2mKitchen Sink
[22m[39mCustomAnswerComponent.isCompleted undefined
[90mstdout[2m | src/components/Editor3/Workbook.stories.jsx[2m > [22m[2mKitchen Sink
[22m[39mCustomAnswerComponent.currentPromptMethod text
[90mstdout[2m | src/components/Editor3/Workbook.stories.jsx[2m > [22m[2mKitchen Sink
[22m[39mCustomAnswerComponent.displayPrompt undefined
[90mstdout[2m | src/components/Editor3/Workbook.stories.jsx[2m > [22m[2mKitchen Sink
[22m[39mEasy.nodeKey 149 type: string
[90mstdout[2m | src/components/Editor3/Workbook.stories.jsx[2m > [22m[2mKitchen Sink
[22m[39mEasy.grade: {
  "_version": 1,
  "accuracy": 0,
  "complete": false,
  "data": {},
  "id": "grade-kitchen-sink-1",
  "owner": "mock-user-sub",
  "percentComplete": 0,
  "timerStarted": true,
  "unitID": "kitchen-sink-workbook-id",
  "unitVersion": 1,
}
[90mstdout[2m | src/components/Editor3/Workbook.stories.jsx[2m > [22m[2mKitchen Sink
[22m[39mEasy.grade.data: {}
[90mstdout[2m | src/components/Editor3/Workbook.stories.jsx[2m > [22m[2mKitchen Sink
[22m[39mEasy.grade.data === grade? false
[90mstdout[2m | src/components/Editor3/Workbook.stories.jsx[2m > [22m[2mKitchen Sink
[22m[39mEasy.grade.data keys: []
[90mstdout[2m | src/components/Editor3/Workbook.stories.jsx[2m > [22m[2mKitchen Sink
[22m[39mEasy.grade.data[nodeKey]: undefined
[90mstdout[2m | src/components/Editor3/Workbook.stories.jsx[2m > [22m[2mKitchen Sink
[22m[39mEasy.inProgress {}
[90mstdout[2m | src/components/Editor3/Workbook.stories.jsx[2m > [22m[2mKitchen Sink
[22m[39mHard.attemptedAnswers {}
[90mstdout[2m | src/components/Editor3/Workbook.stories.jsx[2m > [22m[2mKitchen Sink
[22m[39mQuestionBlockRo.grade {
  "_version": 1,
  "accuracy": 0,
  "complete": false,
  "data": {},
  "id": "grade-kitchen-sink-1",
  "owner": "mock-user-sub",
  "percentComplete": 0,
  "timerStarted": true,
  "unitID": "kitchen-sink-workbook-id",
  "unitVersion": 1,
}
[90mstdout[2m | src/components/Editor3/Workbook.stories.jsx[2m > [22m[2mKitchen Sink
[22m[39m......!q {
  "answer": "Hello",
  "correct": true,
  "id": "quiz-q1",
}
[90mstdout[2m | src/components/Editor3/Workbook.stories.jsx[2m > [22m[2mKitchen Sink
[22m[39m......!q {
  "answer": "Goodbye",
  "correct": false,
  "id": "quiz-q2",
}
[90mstdout[2m | src/components/Editor3/Workbook.stories.jsx[2m > [22m[2mKitchen Sink
[22m[39m......!q {
  "answer": "Thank you",
  "correct": false,
  "id": "quiz-q3",
}
[90mstdout[2m | src/components/Editor3/Workbook.stories.jsx[2m > [22m[2mKitchen Sink
[22m[39m......!q {
  "answer": "Please",
  "correct": false,
  "id": "quiz-q4",
}
[90mstdout[2m | src/components/Editor3/Workbook.stories.jsx[2m > [22m[2mKitchen Sink
[22m[39m......!q {
  "answer": "犬 (inu)",
  "correct": false,
  "id": "quiz-q5",
}
[90mstdout[2m | src/components/Editor3/Workbook.stories.jsx[2m > [22m[2mKitchen Sink
[22m[39m......!q {
  "answer": "猫 (neko)",
  "correct": true,
  "id": "quiz-q6",
}
[90mstdout[2m | src/components/Editor3/Workbook.stories.jsx[2m > [22m[2mKitchen Sink
[22m[39m......!q {
  "answer": "本 (hon)",
  "correct": false,
  "id": "quiz-q7",
}
[90mstdout[2m | src/components/Editor3/Workbook.stories.jsx[2m > [22m[2mKitchen Sink
[22m[39m......!q {
  "answer": "水 (mizu)",
  "correct": false,
  "id": "quiz-q8",
}
[90mstdout[2m | src/components/Editor3/Workbook.stories.jsx[2m > [22m[2mKitchen Sink
[22m[39m......!q {
  "answer": "さようなら",
  "correct": false,
  "id": "quiz-q9",
}
[90mstdout[2m | src/components/Editor3/Workbook.stories.jsx[2m > [22m[2mKitchen Sink
[22m[39m......!q {
  "answer": "こんにちは",
  "correct": false,
  "id": "quiz-q10",
}
[90mstdout[2m | src/components/Editor3/Workbook.stories.jsx[2m > [22m[2mKitchen Sink
[22m[39m......!q {
  "answer": "ありがとう",
  "correct": true,
  "id": "quiz-q11",
}
[90mstdout[2m | src/components/Editor3/Workbook.stories.jsx[2m > [22m[2mKitchen Sink
[22m[39m......!q {
  "answer": "すみません",
  "correct": false,
  "id": "quiz-q12",
}
[90mstdout[2m | src/components/Editor3/Workbook.stories.jsx[2m > [22m[2mKitchen Sink
[22m[39m......!q {
  "answer": "いぬ",
  "correct": true,
  "id": "quiz-q13",
}
[90mstdout[2m | src/components/Editor3/Workbook.stories.jsx[2m > [22m[2mKitchen Sink
[22m[39m......!q {
  "answer": "ねこ",
  "correct": false,
  "id": "quiz-q14",
}
[90mstdout[2m | src/components/Editor3/Workbook.stories.jsx[2m > [22m[2mKitchen Sink
[22m[39m......!q {
  "answer": "ほん",
  "correct": false,
  "id": "quiz-q15",
}
[90mstdout[2m | src/components/Editor3/Workbook.stories.jsx[2m > [22m[2mKitchen Sink
[22m[39m......!q {
  "answer": "みず",
  "correct": false,
  "id": "quiz-q16",
}
[90mstdout[2m | src/components/Editor3/Workbook.stories.jsx[2m > [22m[2mKitchen Sink
[22m[39mQuestionBlock.nodeKey 154 type: string
[90mstdout[2m | src/components/Editor3/Workbook.stories.jsx[2m > [22m[2mKitchen Sink
[22m[39mQuestionBlock.questionContent [
  {
    "answer": "Hello",
    "correct": true,
    "id": "quiz-q1",
  },
  {
    "answer": "Goodbye",
    "correct": false,
    "id": "quiz-q2",
  },
  {
    "answer": "Thank you",
    "correct": false,
    "id": "quiz-q3",
  },
  {
    "answer": "Please",
    "correct": false,
    "id": "quiz-q4",
  },
  {
    "answer": "犬 (inu)",
    "correct": false,
    "id": "quiz-q5",
  },
  {
    "answer": "猫 (neko)",
    "correct": true,
    "id": "quiz-q6",
  },
  {
    "answer": "本 (hon)",
    "correct": false,
    "id": "quiz-q7",
  },
  {
    "answer": "水 (mizu)",
    "correct": false,
    "id": "quiz-q8",
  },
  {
    "answer": "さようなら",
    "correct": false,
    "id": "quiz-q9",
  },
  {
    "answer": "こんにちは",
    "correct": false,
    "id": "quiz-q10",
  },
  {
    "answer": "ありがとう",
    "correct": true,
    "id": "quiz-q11",
  },
  {
    "answer": "すみません",
    "correct": false,
    "id": "quiz-q12",
  },
  {
    "answer": "いぬ",
    "correct": true,
    "id": "quiz-q13",
  },
  {
    "answer": "ねこ",
    "correct": false,
    "id": "quiz-q14",
  },
  {
    "answer": "ほん",
    "correct": false,
    "id": "quiz-q15",
  },
  {
    "answer": "みず",
    "correct": false,
    "id": "quiz-q16",
  },
]
[90mstdout[2m | src/components/Editor3/Workbook.stories.jsx[2m > [22m[2mKitchen Sink
[22m[39mQuestionBlock.grade.data keys: []
[90mstdout[2m | src/components/Editor3/Workbook.stories.jsx[2m > [22m[2mKitchen Sink
[22m[39mQuestionBlock.grade.data[nodeKey]: undefined
[90mstdout[2m | src/components/Editor3/Workbook.stories.jsx[2m > [22m[2mKitchen Sink
[22m[39mQuestionBlockRo.inProgress {}
[90mstdout[2m | src/components/Editor3/Workbook.stories.jsx[2m > [22m[2mKitchen Sink
[22m[39mmeow: ?thisAnswer {
  "answer": "Hello",
  "correct": true,
  "id": "quiz-q1",
}
[90mstdout[2m | src/components/Editor3/Workbook.stories.jsx[2m > [22m[2mKitchen Sink
[22m[39mattemptedArr.length === correctArrLen 1 4
[90mstdout[2m | src/components/Editor3/Workbook.stories.jsx[2m > [22m[2mKitchen Sink
[22m[39mverifiedArr.length === correctArrLen 1 4
[90mstdout[2m | src/components/Editor3/Workbook.stories.jsx[2m > [22m[2mKitchen Sink
[22m[39mthisExerciseDone false
[90mstdout[2m | src/components/Editor3/Workbook.stories.jsx[2m > [22m[2mKitchen Sink
[22m[39msavedGradeCopy {
  "154": {
    "accuracy": 25,
    "attemptedAnswers": [
      "Hello",
    ],
    "complete": false,
    "correctAnswers": [
      "Hello",
    ],
    "percentComplete": 25,
  },
}
[90mstdout[2m | src/components/Editor3/Workbook.stories.jsx[2m > [22m[2mKitchen Sink
[22m[39mCustomAnswerComponent.questionID question-1
[90mstdout[2m | src/components/Editor3/Workbook.stories.jsx[2m > [22m[2mKitchen Sink
[22m[39mCustomAnswerComponent.questionBank {}
[90mstdout[2m | src/components/Editor3/Workbook.stories.jsx[2m > [22m[2mKitchen Sink
[22m[39mCustomAnswerComponent.question {}
[90mstdout[2m | src/components/Editor3/Workbook.stories.jsx[2m > [22m[2mKitchen Sink
[22m[39mCustomAnswerComponent.question {}
[90mstdout[2m | src/components/Editor3/Workbook.stories.jsx[2m > [22m[2mKitchen Sink
[22m[39mCustomAnswerComponent.prompt undefined
[90mstdout[2m | src/components/Editor3/Workbook.stories.jsx[2m > [22m[2mKitchen Sink
[22m[39mCustomAnswerComponent.feedback[questionID] undefined
[90mstdout[2m | src/components/Editor3/Workbook.stories.jsx[2m > [22m[2mKitchen Sink
[22m[39mCustomAnswerComponent.isCompleted undefined
[90mstdout[2m | src/components/Editor3/Workbook.stories.jsx[2m > [22m[2mKitchen Sink
[22m[39mCustomAnswerComponent.currentPromptMethod text
[90mstdout[2m | src/components/Editor3/Workbook.stories.jsx[2m > [22m[2mKitchen Sink
[22m[39mCustomAnswerComponent.displayPrompt undefined
[90mstdout[2m | src/components/Editor3/Workbook.stories.jsx[2m > [22m[2mKitchen Sink
[22m[39mCustomAnswerComponent.questionID question-2
[90mstdout[2m | src/components/Editor3/Workbook.stories.jsx[2m > [22m[2mKitchen Sink
[22m[39mCustomAnswerComponent.questionBank {}
[90mstdout[2m | src/components/Editor3/Workbook.stories.jsx[2m > [22m[2mKitchen Sink
[22m[39mCustomAnswerComponent.question {}
[90mstdout[2m | src/components/Editor3/Workbook.stories.jsx[2m > [22m[2mKitchen Sink
[22m[39mCustomAnswerComponent.question {}
[90mstdout[2m | src/components/Editor3/Workbook.stories.jsx[2m > [22m[2mKitchen Sink
[22m[39mCustomAnswerComponent.prompt undefined
[90mstdout[2m | src/components/Editor3/Workbook.stories.jsx[2m > [22m[2mKitchen Sink
[22m[39mCustomAnswerComponent.feedback[questionID] undefined
[90mstdout[2m | src/components/Editor3/Workbook.stories.jsx[2m > [22m[2mKitchen Sink
[22m[39mCustomAnswerComponent.isCompleted undefined
[90mstdout[2m | src/components/Editor3/Workbook.stories.jsx[2m > [22m[2mKitchen Sink
[22m[39mCustomAnswerComponent.currentPromptMethod text
[90mstdout[2m | src/components/Editor3/Workbook.stories.jsx[2m > [22m[2mKitchen Sink
[22m[39mCustomAnswerComponent.displayPrompt undefined
[90mstdout[2m | src/components/Editor3/Workbook.stories.jsx[2m > [22m[2mKitchen Sink
[22m[39mEasy.nodeKey 149 type: string
[90mstdout[2m | src/components/Editor3/Workbook.stories.jsx[2m > [22m[2mKitchen Sink
[22m[39mEasy.grade: {
  "_version": 1,
  "accuracy": null,
  "complete": false,
  "data": {
    "154": {
      "accuracy": 25,
      "attemptedAnswers": [
        "Hello",
      ],
      "complete": false,
      "correctAnswers": [
        "Hello",
      ],
      "percentComplete": 25,
    },
  },
  "id": "grade-kitchen-sink-1",
  "owner": "mock-user-sub",
  "percentComplete": 0,
  "timerStarted": true,
  "unitID": "kitchen-sink-workbook-id",
  "unitVersion": 1,
}
[90mstdout[2m | src/components/Editor3/Workbook.stories.jsx[2m > [22m[2mKitchen Sink
[22m[39mEasy.grade.data: {
  "154": {
    "accuracy": 25,
    "attemptedAnswers": [
      "Hello",
    ],
    "complete": false,
    "correctAnswers": [
      "Hello",
    ],
    "percentComplete": 25,
  },
}
[90mstdout[2m | src/components/Editor3/Workbook.stories.jsx[2m > [22m[2mKitchen Sink
[22m[39mEasy.grade.data === grade? false
[90mstdout[2m | src/components/Editor3/Workbook.stories.jsx[2m > [22m[2mKitchen Sink
[22m[39mEasy.grade.data keys: [
  "154",
]
[90mstdout[2m | src/components/Editor3/Workbook.stories.jsx[2m > [22m[2mKitchen Sink
[22m[39mEasy.grade.data[nodeKey]: undefined
[90mstdout[2m | src/components/Editor3/Workbook.stories.jsx[2m > [22m[2mKitchen Sink
[22m[39mEasy.inProgress {}
[90mstdout[2m | src/components/Editor3/Workbook.stories.jsx[2m > [22m[2mKitchen Sink
[22m[39mHard.attemptedAnswers {}
[90mstdout[2m | src/components/Editor3/Workbook.stories.jsx[2m > [22m[2mKitchen Sink
[22m[39mQuestionBlockRo.grade {
  "_version": 1,
  "accuracy": null,
  "complete": false,
  "data": {
    "154": {
      "accuracy": 25,
      "attemptedAnswers": [
        "Hello",
      ],
      "complete": false,
      "correctAnswers": [
        "Hello",
      ],
      "percentComplete": 25,
    },
  },
  "id": "grade-kitchen-sink-1",
  "owner": "mock-user-sub",
  "percentComplete": 0,
  "timerStarted": true,
  "unitID": "kitchen-sink-workbook-id",
  "unitVersion": 1,
}
[90mstdout[2m | src/components/Editor3/Workbook.stories.jsx[2m > [22m[2mKitchen Sink
[22m[39m......!q {
  "answer": "Hello",
  "correct": true,
  "id": "quiz-q1",
}
[90mstdout[2m | src/components/Editor3/Workbook.stories.jsx[2m > [22m[2mKitchen Sink
[22m[39m......!q {
  "answer": "Goodbye",
  "correct": false,
  "id": "quiz-q2",
}
[90mstdout[2m | src/components/Editor3/Workbook.stories.jsx[2m > [22m[2mKitchen Sink
[22m[39m......!q {
  "answer": "Thank you",
  "correct": false,
  "id": "quiz-q3",
}
[90mstdout[2m | src/components/Editor3/Workbook.stories.jsx[2m > [22m[2mKitchen Sink
[22m[39m......!q {
  "answer": "Please",
  "correct": false,
  "id": "quiz-q4",
}
[90mstdout[2m | src/components/Editor3/Workbook.stories.jsx[2m > [22m[2mKitchen Sink
[22m[39m......!q {
  "answer": "犬 (inu)",
  "correct": false,
  "id": "quiz-q5",
}
[90mstdout[2m | src/components/Editor3/Workbook.stories.jsx[2m > [22m[2mKitchen Sink
[22m[39m......!q {
  "answer": "猫 (neko)",
  "correct": true,
  "id": "quiz-q6",
}
[90mstdout[2m | src/components/Editor3/Workbook.stories.jsx[2m > [22m[2mKitchen Sink
[22m[39m......!q {
  "answer": "本 (hon)",
  "correct": false,
  "id": "quiz-q7",
}
[90mstdout[2m | src/components/Editor3/Workbook.stories.jsx[2m > [22m[2mKitchen Sink
[22m[39m......!q {
  "answer": "水 (mizu)",
  "correct": false,
  "id": "quiz-q8",
}
[90mstdout[2m | src/components/Editor3/Workbook.stories.jsx[2m > [22m[2mKitchen Sink
[22m[39m......!q {
  "answer": "さようなら",
  "correct": false,
  "id": "quiz-q9",
}
[90mstdout[2m | src/components/Editor3/Workbook.stories.jsx[2m > [22m[2mKitchen Sink
[22m[39m......!q {
  "answer": "こんにちは",
  "correct": false,
  "id": "quiz-q10",
}
[90mstdout[2m | src/components/Editor3/Workbook.stories.jsx[2m > [22m[2mKitchen Sink
[22m[39m......!q {
  "answer": "ありがとう",
  "correct": true,
  "id": "quiz-q11",
}
[90mstdout[2m | src/components/Editor3/Workbook.stories.jsx[2m > [22m[2mKitchen Sink
[22m[39m......!q {
  "answer": "すみません",
  "correct": false,
  "id": "quiz-q12",
}
[90mstdout[2m | src/components/Editor3/Workbook.stories.jsx[2m > [22m[2mKitchen Sink
[22m[39m......!q {
  "answer": "いぬ",
  "correct": true,
  "id": "quiz-q13",
}
[90mstdout[2m | src/components/Editor3/Workbook.stories.jsx[2m > [22m[2mKitchen Sink
[22m[39m......!q {
  "answer": "ねこ",
  "correct": false,
  "id": "quiz-q14",
}
[90mstdout[2m | src/components/Editor3/Workbook.stories.jsx[2m > [22m[2mKitchen Sink
[22m[39m......!q {
  "answer": "ほん",
  "correct": false,
  "id": "quiz-q15",
}
[90mstdout[2m | src/components/Editor3/Workbook.stories.jsx[2m > [22m[2mKitchen Sink
[22m[39m......!q {
  "answer": "みず",
  "correct": false,
  "id": "quiz-q16",
}
[90mstdout[2m | src/components/Editor3/Workbook.stories.jsx[2m > [22m[2mKitchen Sink
[22m[39mQuestionBlock.nodeKey 154 type: string
[90mstdout[2m | src/components/Editor3/Workbook.stories.jsx[2m > [22m[2mKitchen Sink
[22m[39mQuestionBlock.questionContent [
  {
    "answer": "Hello",
    "correct": true,
    "id": "quiz-q1",
  },
  {
    "answer": "Goodbye",
    "correct": false,
    "id": "quiz-q2",
  },
  {
    "answer": "Thank you",
    "correct": false,
    "id": "quiz-q3",
  },
  {
    "answer": "Please",
    "correct": false,
    "id": "quiz-q4",
  },
  {
    "answer": "犬 (inu)",
    "correct": false,
    "id": "quiz-q5",
  },
  {
    "answer": "猫 (neko)",
    "correct": true,
    "id": "quiz-q6",
  },
  {
    "answer": "本 (hon)",
    "correct": false,
    "id": "quiz-q7",
  },
  {
    "answer": "水 (mizu)",
    "correct": false,
    "id": "quiz-q8",
  },
  {
    "answer": "さようなら",
    "correct": false,
    "id": "quiz-q9",
  },
  {
    "answer": "こんにちは",
    "correct": false,
    "id": "quiz-q10",
  },
  {
    "answer": "ありがとう",
    "correct": true,
    "id": "quiz-q11",
  },
  {
    "answer": "すみません",
    "correct": false,
    "id": "quiz-q12",
  },
  {
    "answer": "いぬ",
    "correct": true,
    "id": "quiz-q13",
  },
  {
    "answer": "ねこ",
    "correct": false,
    "id": "quiz-q14",
  },
  {
    "answer": "ほん",
    "correct": false,
    "id": "quiz-q15",
  },
  {
    "answer": "みず",
    "correct": false,
    "id": "quiz-q16",
  },
]
[90mstdout[2m | src/components/Editor3/Workbook.stories.jsx[2m > [22m[2mKitchen Sink
[22m[39mQuestionBlock.grade.data keys: [
  "154",
]
[90mstdout[2m | src/components/Editor3/Workbook.stories.jsx[2m > [22m[2mKitchen Sink
[22m[39mQuestionBlock.grade.data[nodeKey]: {
  "accuracy": 25,
  "attemptedAnswers": [
    "Hello",
  ],
  "complete": false,
  "correctAnswers": [
    "Hello",
  ],
  "percentComplete": 25,
}
[90mstdout[2m | src/components/Editor3/Workbook.stories.jsx[2m > [22m[2mKitchen Sink
[22m[39mQuestionBlockRo.inProgress {
  "accuracy": 25,
  "attemptedAnswers": [
    "Hello",
  ],
  "complete": false,
  "correctAnswers": [
    "Hello",
  ],
  "percentComplete": 25,
}
[90mstdout[2m | src/components/Editor3/Workbook.stories.jsx[2m > [22m[2mKitchen Sink
[22m[39m[Mock Data] Grade updated: grade-kitchen-sink-1 - notified 1 subscribers
[90mstdout[2m | src/components/Editor3/Workbook.stories.jsx[2m > [22m[2mKitchen Sink
[22m[39mCustomAnswerComponent.questionID question-1
[90mstdout[2m | src/components/Editor3/Workbook.stories.jsx[2m > [22m[2mKitchen Sink
[22m[39mCustomAnswerComponent.questionBank {}
[90mstdout[2m | src/components/Editor3/Workbook.stories.jsx[2m > [22m[2mKitchen Sink
[22m[39mCustomAnswerComponent.question {}
[90mstdout[2m | src/components/Editor3/Workbook.stories.jsx[2m > [22m[2mKitchen Sink
[22m[39mCustomAnswerComponent.question {}
[90mstdout[2m | src/components/Editor3/Workbook.stories.jsx[2m > [22m[2mKitchen Sink
[22m[39mCustomAnswerComponent.prompt undefined
[90mstdout[2m | src/components/Editor3/Workbook.stories.jsx[2m > [22m[2mKitchen Sink
[22m[39mCustomAnswerComponent.feedback[questionID] undefined
[90mstdout[2m | src/components/Editor3/Workbook.stories.jsx[2m > [22m[2mKitchen Sink
[22m[39mCustomAnswerComponent.isCompleted undefined
[90mstdout[2m | src/components/Editor3/Workbook.stories.jsx[2m > [22m[2mKitchen Sink
[22m[39mCustomAnswerComponent.currentPromptMethod text
[90mstdout[2m | src/components/Editor3/Workbook.stories.jsx[2m > [22m[2mKitchen Sink
[22m[39mCustomAnswerComponent.displayPrompt undefined
[90mstdout[2m | src/components/Editor3/Workbook.stories.jsx[2m > [22m[2mKitchen Sink
[22m[39mCustomAnswerComponent.questionID question-2
[90mstdout[2m | src/components/Editor3/Workbook.stories.jsx[2m > [22m[2mKitchen Sink
[22m[39mCustomAnswerComponent.questionBank {}
[90mstdout[2m | src/components/Editor3/Workbook.stories.jsx[2m > [22m[2mKitchen Sink
[22m[39mCustomAnswerComponent.question {}
[90mstdout[2m | src/components/Editor3/Workbook.stories.jsx[2m > [22m[2mKitchen Sink
[22m[39mCustomAnswerComponent.question {}
[90mstdout[2m | src/components/Editor3/Workbook.stories.jsx[2m > [22m[2mKitchen Sink
[22m[39mCustomAnswerComponent.prompt undefined
[90mstdout[2m | src/components/Editor3/Workbook.stories.jsx[2m > [22m[2mKitchen Sink
[22m[39mCustomAnswerComponent.feedback[questionID] undefined
[90mstdout[2m | src/components/Editor3/Workbook.stories.jsx[2m > [22m[2mKitchen Sink
[22m[39mCustomAnswerComponent.isCompleted undefined
[90mstdout[2m | src/components/Editor3/Workbook.stories.jsx[2m > [22m[2mKitchen Sink
[22m[39mCustomAnswerComponent.currentPromptMethod text
[90mstdout[2m | src/components/Editor3/Workbook.stories.jsx[2m > [22m[2mKitchen Sink
[22m[39mCustomAnswerComponent.displayPrompt undefined
[90mstdout[2m | src/components/Editor3/Workbook.stories.jsx[2m > [22m[2mKitchen Sink
[22m[39mEasy.nodeKey 149 type: string
[90mstdout[2m | src/components/Editor3/Workbook.stories.jsx[2m > [22m[2mKitchen Sink
[22m[39mEasy.grade: {
  "_version": 2,
  "accuracy": null,
  "complete": false,
  "data": {
    "154": {
      "accuracy": 25,
      "attemptedAnswers": [
        "Hello",
      ],
      "complete": false,
      "correctAnswers": [
        "Hello",
      ],
      "percentComplete": 25,
    },
  },
  "id": "grade-kitchen-sink-1",
  "owner": "mock-user-sub",
  "percentComplete": 0,
  "timerStarted": true,
  "unitID": "kitchen-sink-workbook-id",
  "unitVersion": 1,
  "updatedAt": "2026-09-26T10:30:06.370Z",
}
[90mstdout[2m | src/components/Editor3/Workbook.stories.jsx[2m > [22m[2mKitchen Sink
[22m[39mEasy.grade.data: {
  "154": {
    "accuracy": 25,
    "attemptedAnswers": [
      "Hello",
    ],
    "complete": false,
    "correctAnswers": [
      "Hello",
    ],
    "percentComplete": 25,
  },
}
[90mstdout[2m | src/components/Editor3/Workbook.stories.jsx[2m > [22m[2mKitchen Sink
[22m[39mEasy.grade.data === grade? false
[90mstdout[2m | src/components/Editor3/Workbook.stories.jsx[2m > [22m[2mKitchen Sink
[22m[39mEasy.grade.data keys: [
  "154",
]
[90mstdout[2m | src/components/Editor3/Workbook.stories.jsx[2m > [22m[2mKitchen Sink
[22m[39mEasy.grade.data[nodeKey]: undefined
[90mstdout[2m | src/components/Editor3/Workbook.stories.jsx[2m > [22m[2mKitchen Sink
[22m[39mEasy.inProgress {}
[90mstdout[2m | src/components/Editor3/Workbook.stories.jsx[2m > [22m[2mKitchen Sink
[22m[39mHard.attemptedAnswers {}
[90mstdout[2m | src/components/Editor3/Workbook.stories.jsx[2m > [22m[2mKitchen Sink
[22m[39mQuestionBlockRo.grade {
  "_version": 2,
  "accuracy": null,
  "complete": false,
  "data": {
    "154": {
      "accuracy": 25,
      "attemptedAnswers": [
        "Hello",
      ],
      "complete": false,
      "correctAnswers": [
        "Hello",
      ],
      "percentComplete": 25,
    },
  },
  "id": "grade-kitchen-sink-1",
  "owner": "mock-user-sub",
  "percentComplete": 0,
  "timerStarted": true,
  "unitID": "kitchen-sink-workbook-id",
  "unitVersion": 1,
  "updatedAt": "2026-09-26T10:30:06.370Z",
}
[90mstdout[2m | src/components/Editor3/Workbook.stories.jsx[2m > [22m[2mKitchen Sink
[22m[39m......!q {
  "answer": "Hello",
  "correct": true,
  "id": "quiz-q1",
}
[90mstdout[2m | src/components/Editor3/Workbook.stories.jsx[2m > [22m[2mKitchen Sink
[22m[39m......!q {
  "answer": "Goodbye",
  "correct": false,
  "id": "quiz-q2",
}
[90mstdout[2m | src/components/Editor3/Workbook.stories.jsx[2m > [22m[2mKitchen Sink
[22m[39m......!q {
  "answer": "Thank you",
  "correct": false,
  "id": "quiz-q3",
}
[90mstdout[2m | src/components/Editor3/Workbook.stories.jsx[2m > [22m[2mKitchen Sink
[22m[39m......!q {
  "answer": "Please",
  "correct": false,
  "id": "quiz-q4",
}
[90mstdout[2m | src/components/Editor3/Workbook.stories.jsx[2m > [22m[2mKitchen Sink
[22m[39m......!q {
  "answer": "犬 (inu)",
  "correct": false,
  "id": "quiz-q5",
}
[90mstdout[2m | src/components/Editor3/Workbook.stories.jsx[2m > [22m[2mKitchen Sink
[22m[39m......!q {
  "answer": "猫 (neko)",
  "correct": true,
  "id": "quiz-q6",
}
[90mstdout[2m | src/components/Editor3/Workbook.stories.jsx[2m > [22m[2mKitchen Sink
[22m[39m......!q {
  "answer": "本 (hon)",
  "correct": false,
  "id": "quiz-q7",
}
[90mstdout[2m | src/components/Editor3/Workbook.stories.jsx[2m > [22m[2mKitchen Sink
[22m[39m......!q {
  "answer": "水 (mizu)",
  "correct": false,
  "id": "quiz-q8",
}
[90mstdout[2m | src/components/Editor3/Workbook.stories.jsx[2m > [22m[2mKitchen Sink
[22m[39m......!q {
  "answer": "さようなら",
  "correct": false,
  "id": "quiz-q9",
}
[90mstdout[2m | src/components/Editor3/Workbook.stories.jsx[2m > [22m[2mKitchen Sink
[22m[39m......!q {
  "answer": "こんにちは",
  "correct": false,
  "id": "quiz-q10",
}
[90mstdout[2m | src/components/Editor3/Workbook.stories.jsx[2m > [22m[2mKitchen Sink
[22m[39m......!q {
  "answer": "ありがとう",
  "correct": true,
  "id": "quiz-q11",
}
[90mstdout[2m | src/components/Editor3/Workbook.stories.jsx[2m > [22m[2mKitchen Sink
[22m[39m......!q {
  "answer": "すみません",
  "correct": false,
  "id": "quiz-q12",
}
[90mstdout[2m | src/components/Editor3/Workbook.stories.jsx[2m > [22m[2mKitchen Sink
[22m[39m......!q {
  "answer": "いぬ",
  "correct": true,
  "id": "quiz-q13",
}
[90mstdout[2m | src/components/Editor3/Workbook.stories.jsx[2m > [22m[2mKitchen Sink
[22m[39m......!q {
  "answer": "ねこ",
  "correct": false,
  "id": "quiz-q14",
}
[90mstdout[2m | src/components/Editor3/Workbook.stories.jsx[2m > [22m[2mKitchen Sink
[22m[39m......!q {
  "answer": "ほん",
  "correct": false,
  "id": "quiz-q15",
}
[90mstdout[2m | src/components/Editor3/Workbook.stories.jsx[2m > [22m[2mKitchen Sink
[22m[39m......!q {
  "answer": "みず",
  "correct": false,
  "id": "quiz-q16",
}
[90mstdout[2m | src/components/Editor3/Workbook.stories.jsx[2m > [22m[2mKitchen Sink
[22m[39mQuestionBlock.nodeKey 154 type: string
[90mstdout[2m | src/components/Editor3/Workbook.stories.jsx[2m > [22m[2mKitchen Sink
[22m[39mQuestionBlock.questionContent [
  {
    "answer": "Hello",
    "correct": true,
    "id": "quiz-q1",
  },
  {
    "answer": "Goodbye",
    "correct": false,
    "id": "quiz-q2",
  },
  {
    "answer": "Thank you",
    "correct": false,
    "id": "quiz-q3",
  },
  {
    "answer": "Please",
    "correct": false,
    "id": "quiz-q4",
  },
  {
    "answer": "犬 (inu)",
    "correct": false,
    "id": "quiz-q5",
  },
  {
    "answer": "猫 (neko)",
    "correct": true,
    "id": "quiz-q6",
  },
  {
    "answer": "本 (hon)",
    "correct": false,
    "id": "quiz-q7",
  },
  {
    "answer": "水 (mizu)",
    "correct": false,
    "id": "quiz-q8",
  },
  {
    "answer": "さようなら",
    "correct": false,
    "id": "quiz-q9",
  },
  {
    "answer": "こんにちは",
    "correct": false,
    "id": "quiz-q10",
  },
  {
    "answer": "ありがとう",
    "correct": true,
    "id": "quiz-q11",
  },
  {
    "answer": "すみません",
    "correct": false,
    "id": "quiz-q12",
  },
  {
    "answer": "いぬ",
    "correct": true,
    "id": "quiz-q13",
  },
  {
    "answer": "ねこ",
    "correct": false,
    "id": "quiz-q14",
  },
  {
    "answer": "ほん",
    "correct": false,
    "id": "quiz-q15",
  },
  {
    "answer": "みず",
    "correct": false,
    "id": "quiz-q16",
  },
]
[90mstdout[2m | src/components/Editor3/Workbook.stories.jsx[2m > [22m[2mKitchen Sink
[22m[39mQuestionBlock.grade.data keys: [
  "154",
]
[90mstdout[2m | src/components/Editor3/Workbook.stories.jsx[2m > [22m[2mKitchen Sink
[22m[39mQuestionBlock.grade.data[nodeKey]: {
  "accuracy": 25,
  "attemptedAnswers": [
    "Hello",
  ],
  "complete": false,
  "correctAnswers": [
    "Hello",
  ],
  "percentComplete": 25,
}
[90mstdout[2m | src/components/Editor3/Workbook.stories.jsx[2m > [22m[2mKitchen Sink
[22m[39mQuestionBlockRo.inProgress {
  "accuracy": 25,
  "attemptedAnswers": [
    "Hello",
  ],
  "complete": false,
  "correctAnswers": [
    "Hello",
  ],
  "percentComplete": 25,
}
[90mstdout[2m | src/components/Editor3/Workbook.stories.jsx[2m > [22m[2mKitchen Sink
[22m[39mmeow: ?thisAnswer {
  "answer": "Goodbye",
  "correct": false,
  "id": "quiz-q2",
}
[90mstdout[2m | src/components/Editor3/Workbook.stories.jsx[2m > [22m[2mKitchen Sink
[22m[39mattemptedArr.length === correctArrLen 2 4
[90mstdout[2m | src/components/Editor3/Workbook.stories.jsx[2m > [22m[2mKitchen Sink
[22m[39mverifiedArr.length === correctArrLen 1 4
[90mstdout[2m | src/components/Editor3/Workbook.stories.jsx[2m > [22m[2mKitchen Sink
[22m[39mthisExerciseDone false
[90mstdout[2m | src/components/Editor3/Workbook.stories.jsx[2m > [22m[2mKitchen Sink
[22m[39msavedGradeCopy {
  "154": {
    "accuracy": 25,
    "attemptedAnswers": [
      "Hello",
      "Goodbye",
    ],
    "complete": false,
    "correctAnswers": [
      "Hello",
    ],
    "percentComplete": 50,
  },
}
[90mstdout[2m | src/components/Editor3/Workbook.stories.jsx[2m > [22m[2mKitchen Sink
[22m[39mCustomAnswerComponent.questionID question-1
[90mstdout[2m | src/components/Editor3/Workbook.stories.jsx[2m > [22m[2mKitchen Sink
[22m[39mCustomAnswerComponent.questionBank {}
[90mstdout[2m | src/components/Editor3/Workbook.stories.jsx[2m > [22m[2mKitchen Sink
[22m[39mCustomAnswerComponent.question {}
[90mstdout[2m | src/components/Editor3/Workbook.stories.jsx[2m > [22m[2mKitchen Sink
[22m[39mCustomAnswerComponent.question {}
[90mstdout[2m | src/components/Editor3/Workbook.stories.jsx[2m > [22m[2mKitchen Sink
[22m[39mCustomAnswerComponent.prompt undefined
[90mstdout[2m | src/components/Editor3/Workbook.stories.jsx[2m > [22m[2mKitchen Sink
[22m[39mCustomAnswerComponent.feedback[questionID] undefined
[90mstdout[2m | src/components/Editor3/Workbook.stories.jsx[2m > [22m[2mKitchen Sink
[22m[39mCustomAnswerComponent.isCompleted undefined
[90mstdout[2m | src/components/Editor3/Workbook.stories.jsx[2m > [22m[2mKitchen Sink
[22m[39mCustomAnswerComponent.currentPromptMethod text
[90mstdout[2m | src/components/Editor3/Workbook.stories.jsx[2m > [22m[2mKitchen Sink
[22m[39mCustomAnswerComponent.displayPrompt undefined
[90mstdout[2m | src/components/Editor3/Workbook.stories.jsx[2m > [22m[2mKitchen Sink
[22m[39mCustomAnswerComponent.questionID question-2
[90mstdout[2m | src/components/Editor3/Workbook.stories.jsx[2m > [22m[2mKitchen Sink
[22m[39mCustomAnswerComponent.questionBank {}
[90mstdout[2m | src/components/Editor3/Workbook.stories.jsx[2m > [22m[2mKitchen Sink
[22m[39mCustomAnswerComponent.question {}
[90mstdout[2m | src/components/Editor3/Workbook.stories.jsx[2m > [22m[2mKitchen Sink
[22m[39mCustomAnswerComponent.question {}
[90mstdout[2m | src/components/Editor3/Workbook.stories.jsx[2m > [22m[2mKitchen Sink
[22m[39mCustomAnswerComponent.prompt undefined
[90mstdout[2m | src/components/Editor3/Workbook.stories.jsx[2m > [22m[2mKitchen Sink
[22m[39mCustomAnswerComponent.feedback[questionID] undefined
[90mstdout[2m | src/components/Editor3/Workbook.stories.jsx[2m > [22m[2mKitchen Sink
[22m[39mCustomAnswerComponent.isCompleted undefined
[90mstdout[2m | src/components/Editor3/Workbook.stories.jsx[2m > [22m[2mKitchen Sink
[22m[39mCustomAnswerComponent.currentPromptMethod text
[90mstdout[2m | src/components/Editor3/Workbook.stories.jsx[2m > [22m[2mKitchen Sink
[22m[39mCustomAnswerComponent.displayPrompt undefined
[90mstdout[2m | src/components/Editor3/Workbook.stories.jsx[2m > [22m[2mKitchen Sink
[22m[39mEasy.nodeKey 149 type: string
[90mstdout[2m | src/components/Editor3/Workbook.stories.jsx[2m > [22m[2mKitchen Sink
[22m[39mEasy.grade: {
  "_version": 2,
  "accuracy": null,
  "complete": false,
  "data": {
    "154": {
      "accuracy": 25,
      "attemptedAnswers": [
        "Hello",
        "Goodbye",
      ],
      "complete": false,
      "correctAnswers": [
        "Hello",
      ],
      "percentComplete": 50,
    },
  },
  "id": "grade-kitchen-sink-1",
  "owner": "mock-user-sub",
  "percentComplete": 0,
  "timerStarted": true,
  "unitID": "kitchen-sink-workbook-id",
  "unitVersion": 1,
  "updatedAt": "2026-09-26T10:30:06.370Z",
}
[90mstdout[2m | src/components/Editor3/Workbook.stories.jsx[2m > [22m[2mKitchen Sink
[22m[39mEasy.grade.data: {
  "154": {
    "accuracy": 25,
    "attemptedAnswers": [
      "Hello",
      "Goodbye",
    ],
    "complete": false,
    "correctAnswers": [
      "Hello",
    ],
    "percentComplete": 50,
  },
}
[90mstdout[2m | src/components/Editor3/Workbook.stories.jsx[2m > [22m[2mKitchen Sink
[22m[39mEasy.grade.data === grade? false
[90mstdout[2m | src/components/Editor3/Workbook.stories.jsx[2m > [22m[2mKitchen Sink
[22m[39mEasy.grade.data keys: [
  "154",
]
[90mstdout[2m | src/components/Editor3/Workbook.stories.jsx[2m > [22m[2mKitchen Sink
[22m[39mEasy.grade.data[nodeKey]: undefined
[90mstdout[2m | src/components/Editor3/Workbook.stories.jsx[2m > [22m[2mKitchen Sink
[22m[39mEasy.inProgress {}
[90mstdout[2m | src/components/Editor3/Workbook.stories.jsx[2m > [22m[2mKitchen Sink
[22m[39mHard.attemptedAnswers {}
[90mstdout[2m | src/components/Editor3/Workbook.stories.jsx[2m > [22m[2mKitchen Sink
[22m[39mQuestionBlockRo.grade {
  "_version": 2,
  "accuracy": null,
  "complete": false,
  "data": {
    "154": {
      "accuracy": 25,
      "attemptedAnswers": [
        "Hello",
        "Goodbye",
      ],
      "complete": false,
      "correctAnswers": [
        "Hello",
      ],
      "percentComplete": 50,
    },
  },
  "id": "grade-kitchen-sink-1",
  "owner": "mock-user-sub",
  "percentComplete": 0,
  "timerStarted": true,
  "unitID": "kitchen-sink-workbook-id",
  "unitVersion": 1,
  "updatedAt": "2026-09-26T10:30:06.370Z",
}
[90mstdout[2m | src/components/Editor3/Workbook.stories.jsx[2m > [22m[2mKitchen Sink
[22m[39m......!q {
  "answer": "Hello",
  "correct": true,
  "id": "quiz-q1",
}
[90mstdout[2m | src/components/Editor3/Workbook.stories.jsx[2m > [22m[2mKitchen Sink
[22m[39m......!q {
  "answer": "Goodbye",
  "correct": false,
  "id": "quiz-q2",
}
[90mstdout[2m | src/components/Editor3/Workbook.stories.jsx[2m > [22m[2mKitchen Sink
[22m[39m......!q {
  "answer": "Thank you",
  "correct": false,
  "id": "quiz-q3",
}
[90mstdout[2m | src/components/Editor3/Workbook.stories.jsx[2m > [22m[2mKitchen Sink
[22m[39m......!q {
  "answer": "Please",
  "correct": false,
  "id": "quiz-q4",
}
[90mstdout[2m | src/components/Editor3/Workbook.stories.jsx[2m > [22m[2mKitchen Sink
[22m[39m......!q {
  "answer": "犬 (inu)",
  "correct": false,
  "id": "quiz-q5",
}
[90mstdout[2m | src/components/Editor3/Workbook.stories.jsx[2m > [22m[2mKitchen Sink
[22m[39m......!q {
  "answer": "猫 (neko)",
  "correct": true,
  "id": "quiz-q6",
}
[90mstdout[2m | src/components/Editor3/Workbook.stories.jsx[2m > [22m[2mKitchen Sink
[22m[39m......!q {
  "answer": "本 (hon)",
  "correct": false,
  "id": "quiz-q7",
}
[90mstdout[2m | src/components/Editor3/Workbook.stories.jsx[2m > [22m[2mKitchen Sink
[22m[39m......!q {
  "answer": "水 (mizu)",
  "correct": false,
  "id": "quiz-q8",
}
[90mstdout[2m | src/components/Editor3/Workbook.stories.jsx[2m > [22m[2mKitchen Sink
[22m[39m......!q {
  "answer": "さようなら",
  "correct": false,
  "id": "quiz-q9",
}
[90mstdout[2m | src/components/Editor3/Workbook.stories.jsx[2m > [22m[2mKitchen Sink
[22m[39m......!q {
  "answer": "こんにちは",
  "correct": false,
  "id": "quiz-q10",
}
[90mstdout[2m | src/components/Editor3/Workbook.stories.jsx[2m > [22m[2mKitchen Sink
[22m[39m......!q {
  "answer": "ありがとう",
  "correct": true,
  "id": "quiz-q11",
}
[90mstdout[2m | src/components/Editor3/Workbook.stories.jsx[2m > [22m[2mKitchen Sink
[22m[39m......!q {
  "answer": "すみません",
  "correct": false,
  "id": "quiz-q12",
}
[90mstdout[2m | src/components/Editor3/Workbook.stories.jsx[2m > [22m[2mKitchen Sink
[22m[39m......!q {
  "answer": "いぬ",
  "correct": true,
  "id": "quiz-q13",
}
[90mstdout[2m | src/components/Editor3/Workbook.stories.jsx[2m > [22m[2mKitchen Sink
[22m[39m......!q {
  "answer": "ねこ",
  "correct": false,
  "id": "quiz-q14",
}
[90mstdout[2m | src/components/Editor3/Workbook.stories.jsx[2m > [22m[2mKitchen Sink
[22m[39m......!q {
  "answer": "ほん",
  "correct": false,
  "id": "quiz-q15",
}
[90mstdout[2m | src/components/Editor3/Workbook.stories.jsx[2m > [22m[2mKitchen Sink
[22m[39m......!q {
  "answer": "みず",
  "correct": false,
  "id": "quiz-q16",
}
[90mstdout[2m | src/components/Editor3/Workbook.stories.jsx[2m > [22m[2mKitchen Sink
[22m[39mQuestionBlock.nodeKey 154 type: string
[90mstdout[2m | src/components/Editor3/Workbook.stories.jsx[2m > [22m[2mKitchen Sink
[22m[39mQuestionBlock.questionContent [
  {
    "answer": "Hello",
    "correct": true,
    "id": "quiz-q1",
  },
  {
    "answer": "Goodbye",
    "correct": false,
    "id": "quiz-q2",
  },
  {
    "answer": "Thank you",
    "correct": false,
    "id": "quiz-q3",
  },
  {
    "answer": "Please",
    "correct": false,
    "id": "quiz-q4",
  },
  {
    "answer": "犬 (inu)",
    "correct": false,
    "id": "quiz-q5",
  },
  {
    "answer": "猫 (neko)",
    "correct": true,
    "id": "quiz-q6",
  },
  {
    "answer": "本 (hon)",
    "correct": false,
    "id": "quiz-q7",
  },
  {
    "answer": "水 (mizu)",
    "correct": false,
    "id": "quiz-q8",
  },
  {
    "answer": "さようなら",
    "correct": false,
    "id": "quiz-q9",
  },
  {
    "answer": "こんにちは",
    "correct": false,
    "id": "quiz-q10",
  },
  {
    "answer": "ありがとう",
    "correct": true,
    "id": "quiz-q11",
  },
  {
    "answer": "すみません",
    "correct": false,
    "id": "quiz-q12",
  },
  {
    "answer": "いぬ",
    "correct": true,
    "id": "quiz-q13",
  },
  {
    "answer": "ねこ",
    "correct": false,
    "id": "quiz-q14",
  },
  {
    "answer": "ほん",
    "correct": false,
    "id": "quiz-q15",
  },
  {
    "answer": "みず",
    "correct": false,
    "id": "quiz-q16",
  },
]
[90mstdout[2m | src/components/Editor3/Workbook.stories.jsx[2m > [22m[2mKitchen Sink
[22m[39mQuestionBlock.grade.data keys: [
  "154",
]
[90mstdout[2m | src/components/Editor3/Workbook.stories.jsx[2m > [22m[2mKitchen Sink
[22m[39mQuestionBlock.grade.data[nodeKey]: {
  "accuracy": 25,
  "attemptedAnswers": [
    "Hello",
    "Goodbye",
  ],
  "complete": false,
  "correctAnswers": [
    "Hello",
  ],
  "percentComplete": 50,
}
[90mstdout[2m | src/components/Editor3/Workbook.stories.jsx[2m > [22m[2mKitchen Sink
[22m[39mQuestionBlockRo.inProgress {
  "accuracy": 25,
  "attemptedAnswers": [
    "Hello",
    "Goodbye",
  ],
  "complete": false,
  "correctAnswers": [
    "Hello",
  ],
  "percentComplete": 50,
}
[90mstdout[2m | src/components/Editor3/Workbook.stories.jsx[2m > [22m[2mData Plugin Demo
[22m[39m[Mock Data] Grade updated: grade-kitchen-sink-1 - notified 0 subscribers
[90mstdout[2m | src/components/Editor3/Workbook.stories.jsx[2m > [22m[2mData Plugin Demo
[22m[39m[ChatContext] Cleaning up subscriptions
[90mstdout[2m | src/components/Editor3/Workbook.stories.jsx[2m > [22m[2mData Plugin Demo
[22m[39m[Mock Data] Unit.onUpdate() subscription removed. Remaining: 0
[90mstdout[2m | src/components/Editor3/Workbook.stories.jsx[2m > [22m[2mData Plugin Demo
[22m[39m[Preview] Skipped initializing default mock data (initializeMockData=false)
[90mstdout[2m | src/components/Editor3/Workbook.stories.jsx[2m > [22m[2mData Plugin Demo
[22m[39m[Mock Data] seedMockUnit: Adding unit data-plugin-workbook-demo-id
[90mstdout[2m | src/components/Editor3/Workbook.stories.jsx[2m > [22m[2mData Plugin Demo
[22m[39m[MOCK CourseVectorStore] Initialized with mock data
[90mstdout[2m | src/components/Editor3/Workbook.stories.jsx[2m > [22m[2mData Plugin Demo
[22m[39m[TranslationModeController] Setting mode to: off
[90mstdout[2m | src/components/Editor3/Workbook.stories.jsx[2m > [22m[2mData Plugin Demo
[22m[39m[UnitContext] useEffect triggered {
  "authLoading": false,
  "hasUser": true,
  "id": "data-plugin-workbook-demo-id",
  "userSub": "mock-user-sub",
}
[90mstdout[2m | src/components/Editor3/Workbook.stories.jsx[2m > [22m[2mData Plugin Demo
[22m[39m[UnitContext] Fetching unit data for id: data-plugin-workbook-demo-id
[90mstdout[2m | src/components/Editor3/Workbook.stories.jsx[2m > [22m[2mData Plugin Demo
[22m[39m[FilesContext] Initializing vector store from IndexedDB
[90mstdout[2m | src/components/Editor3/Workbook.stories.jsx[2m > [22m[2mData Plugin Demo
[22m[39m[FilesContext] fetchFiles called
[90mstdout[2m | src/components/Editor3/Workbook.stories.jsx[2m > [22m[2mData Plugin Demo
[22m[39m[FilesContext] User authenticated: mock-user-sub
[90mstdout[2m | src/components/Editor3/Workbook.stories.jsx[2m > [22m[2mData Plugin Demo
[22m[39m[FilesContext] Identity ID: us-east-1:mock-identity-123
[90mstdout[2m | src/components/Editor3/Workbook.stories.jsx[2m > [22m[2mData Plugin Demo
[22m[39m[FilesContext] About to set up File observeQuery
[90mstdout[2m | src/components/Editor3/Workbook.stories.jsx[2m > [22m[2mData Plugin Demo
[22m[39m[ChatContext] Setting up AssistantChat observeQuery
[90mstdout[2m | src/components/Editor3/Workbook.stories.jsx[2m > [22m[2mData Plugin Demo
[22m[39m[ChatContext] Waiting for subscription to initialize
[90mstdout[2m | src/components/Editor3/Workbook.stories.jsx[2m > [22m[2mData Plugin Demo
[22m[39m[SettingsContext] Setting up Settings subscription for user: mock-user-sub
[90mstdout[2m | src/components/Editor3/Workbook.stories.jsx[2m > [22m[2mData Plugin Demo
[22m[39m[Mock Data] Settings created: mock-settings-1790418607433 - notified 0 subscribers
[90mstdout[2m | src/components/Editor3/Workbook.stories.jsx[2m > [22m[2mData Plugin Demo
[22m[39m[Mock Data] Unit.onUpdate() subscription added. Total: 1
[90mstdout[2m | src/components/Editor3/Workbook.stories.jsx[2m > [22m[2mData Plugin Demo
[22m[39m[WorkbookStatePlugin] Loading unit content into read-only workbook: data-plugin-workbook-demo-id
[90mstdout[2m | src/components/Editor3/Workbook.stories.jsx[2m > [22m[2mData Plugin Demo
[22m[39m[SectionContext] Section observeQuery update: 0
[90mstdout[2m | src/components/Editor3/Workbook.stories.jsx[2m > [22m[2mData Plugin Demo
[22m[39m[FilesContext] File observeQuery update: 0 files
[90mstdout[2m | src/components/Editor3/Workbook.stories.jsx[2m > [22m[2mData Plugin Demo
[22m[39m[ChatContext] AssistantChat initialized with 0 chats
[90mstdout[2m | src/components/Editor3/Workbook.stories.jsx[2m > [22m[2mData Plugin Demo
[22m[39m[MOCK CourseVectorStore] Initialized with mock data
[90mstdout[2m | src/components/Editor3/Workbook.stories.jsx[2m > [22m[2mData Plugin Demo
[22m[39m[ChatContext] No current chat available, will create one
[90mstdout[2m | src/components/Editor3/Workbook.stories.jsx[2m > [22m[2mData Plugin Demo
[22m[39m[ChatContext] Creating AssistantChat with user: undefined
[90mstdout[2m | src/components/Editor3/Workbook.stories.jsx[2m > [22m[2mData Plugin Demo
[22m[39m[Mock Data] AssistantChat created: mock-assistantchat-1790418607464 - notified 1 subscribers
[90mstdout[2m | src/components/Editor3/Workbook.stories.jsx[2m > [22m[2mData Plugin Demo
[22m[39m[ChatContext] Create result: {
  "data": {
    "_version": 1,
    "archived": false,
    "chatFiles": [Function anonymous],
    "createdAt": "2026-09-26T10:30:07.464Z",
    "id": "mock-assistantchat-1790418607464",
    "model": "gpt-4",
    "updatedAt": "2026-09-26T10:30:07.464Z",
  },
  "errors": [],
  "hasData": true,
  "hasErrors": true,
}
[90mstdout[2m | src/components/Editor3/Workbook.stories.jsx[2m > [22m[2mData Plugin Demo
[22m[39m[ChatContext] Created AssistantChat: mock-assistantchat-1790418607464 at: 2026-09-26T10:30:07.464Z
[90mstdout[2m | src/components/Editor3/Workbook.stories.jsx[2m > [22m[2mData Plugin Demo
[22m[39m[Mock Storage] downloadData called with: undefined
[90mstdout[2m | src/components/Editor3/Workbook.stories.jsx[2m > [22m[2mData Plugin Demo
[22m[39m[ChatContext] Setting initial chat: mock-assistantchat-1790418607464
[90mstdout[2m | src/components/Editor3/Workbook.stories.jsx[2m > [22m[2mData Plugin Demo
[22m[39m[ChatContext] Chat exists and not archived, skipping creation
 [32m✓[39m [30m[45m storybook (chromium) [49m[39m src/components/Editor3/Workbook.stories.jsx [2m([22m[2m5 tests[22m[2m)[22m[33m 5374[2mms[22m[39m
   [33m[2m✓[22m[39m Empty Workbook [33m 332[2mms[22m[39m
   [33m[2m✓[22m[39m Workbook With Content [33m 886[2mms[22m[39m
   [33m[2m✓[22m[39m Workbook With Progress [33m 1187[2mms[22m[39m
   [33m[2m✓[22m[39m Kitchen Sink [33m 2602[2mms[22m[39m
   [33m[2m✓[22m[39m Data Plugin Demo [33m 366[2mms[22m[39m
[90mstdout[2m | unknown test
[22m[39m[MOCK vectorStoreDB.js] Module loaded - mock IndexedDB operations
[90mstdout[2m | unknown test
[22m[39m[Task Completion] DOM action listeners initialized
[90mstdout[2m | unknown test
[22m[39m[Task Completion] Auto-completion detector initialized
[90mstdout[2m | unknown test
[22m[39m[Preview] Task completion detector initialized
[90mstdout[2m | src/components/Editor3/components/FileManager2.stories.jsx[2m > [22m[2mDefault
[22m[39m[Preview] Skipped initializing default mock data (initializeMockData=false)
[90mstdout[2m | src/components/Editor3/components/FileManager2.stories.jsx[2m > [22m[2mDefault
[22m[39m[FileManager2.stories] Starting to seed mock data...
[90mstdout[2m | src/components/Editor3/components/FileManager2.stories.jsx[2m > [22m[2mDefault
[22m[39m[FileManager2.stories] Mock imports complete
[90mstdout[2m | src/components/Editor3/components/FileManager2.stories.jsx[2m > [22m[2mDefault
[22m[39m[FileManager2.stories] Seeding files...
[90mstdout[2m | src/components/Editor3/components/FileManager2.stories.jsx[2m > [22m[2mDefault
[22m[39m[FileManager2.stories] Files seeded
[90mstdout[2m | src/components/Editor3/components/FileManager2.stories.jsx[2m > [22m[2mDefault
[22m[39m[FileManager2.stories] Seeding documents...
[90mstdout[2m | src/components/Editor3/components/FileManager2.stories.jsx[2m > [22m[2mDefault
[22m[39m[Mock Data] seedMockDocuments: Adding 2 documents
[90mstdout[2m | src/components/Editor3/components/FileManager2.stories.jsx[2m > [22m[2mDefault
[22m[39m[FileManager2.stories] Documents seeded
[90mstdout[2m | src/components/Editor3/components/FileManager2.stories.jsx[2m > [22m[2mDefault
[22m[39m[FileManager2.stories] Seeding parsed content...
[90mstdout[2m | src/components/Editor3/components/FileManager2.stories.jsx[2m > [22m[2mDefault
[22m[39m[Mock Data] seedMockParsedContent: Adding 2 parsed content records
[90mstdout[2m | src/components/Editor3/components/FileManager2.stories.jsx[2m > [22m[2mDefault
[22m[39m[FileManager2.stories] ParsedContent seeded
[90mstdout[2m | src/components/Editor3/components/FileManager2.stories.jsx[2m > [22m[2mDefault
[22m[39m[FileManager2.stories] All mock data seeded successfully!
[90mstdout[2m | src/components/Editor3/components/FileManager2.stories.jsx[2m > [22m[2mDefault
[22m[39m[MOCK CourseVectorStore] Initialized with mock data
[90mstdout[2m | src/components/Editor3/components/FileManager2.stories.jsx[2m > [22m[2mDefault
[22m[39m[FilesDebug] Files in context: 0 []
[90mstdout[2m | src/components/Editor3/components/FileManager2.stories.jsx[2m > [22m[2mDefault
[22m[39m[FilesDebug] FilesContext: {
  "audioFiles": {},
  "bumpDocumentVersion": [Function anonymous],
  "bumpFileVersion": [Function anonymous],
  "deletedDocuments": [],
  "deletedFiles": [],
  "documents": {},
  "files": [],
  "filesVersion": 0,
  "myFiles": [],
  "myPdfs": {},
  "myPlaylistFiles": {},
  "myPlaylistUrls": {},
  "refreshAudioFiles": [Function refreshAudioFiles],
  "session": {
    "groups": [Array],
    "idToken": [Object],
    "identityId": "us-east-1:mock-identity-123",
    "username": "mock-user-sub",
  },
  "setShowDeleted": [Function bound dispatchSetState],
  "showDeleted": false,
  "vectorStore": CourseVectorStore {
    "items": [Array],
    "loadPromise": null,
    "loaded": true,
  },
  "vectorStoreReady": false,
}
[90mstdout[2m | src/components/Editor3/components/FileManager2.stories.jsx[2m > [22m[2mDefault
[22m[39m[FilesDebug] UnitContext: {
  "session": {
    "identityId": "us-east-1:mock-identity-123",
    "username": "mock-user-sub",
  },
  "unit": {
    "data": null,
    "id": "mock-unit-id",
    "name": "Mock Unit",
  },
}
[90mstdout[2m | src/components/Editor3/components/FileManager2.stories.jsx[2m > [22m[2mDefault
[22m[39m[FileManager2] Files received from context: 0 []
[90mstdout[2m | src/components/Editor3/components/FileManager2.stories.jsx[2m > [22m[2mDefault
[22m[39m[FileManager2] Upload useEffect triggered. filesToUpload: 0 uploadInProgress: false
[90mstdout[2m | src/components/Editor3/components/FileManager2.stories.jsx[2m > [22m[2mDefault
[22m[39m[FileManager2] Skipping upload - no files or already in progress
[90mstdout[2m | src/components/Editor3/components/FileManager2.stories.jsx[2m > [22m[2mDefault
[22m[39m[TranslationModeController] Setting mode to: off
[90mstdout[2m | src/components/Editor3/components/FileManager2.stories.jsx[2m > [22m[2mDefault
[22m[39m[UnitContext] useEffect triggered {
  "authLoading": false,
  "hasUser": true,
  "id": "mock-unit-id",
  "userSub": "mock-user-sub",
}
[90mstdout[2m | src/components/Editor3/components/FileManager2.stories.jsx[2m > [22m[2mDefault
[22m[39m[UnitContext] Fetching unit data for id: mock-unit-id
[90mstdout[2m | src/components/Editor3/components/FileManager2.stories.jsx[2m > [22m[2mDefault
[22m[39m[FilesContext] Initializing vector store from IndexedDB
[90mstdout[2m | src/components/Editor3/components/FileManager2.stories.jsx[2m > [22m[2mDefault
[22m[39m[FilesContext] fetchFiles called
[90mstdout[2m | src/components/Editor3/components/FileManager2.stories.jsx[2m > [22m[2mDefault
[22m[39m[FilesContext] User authenticated: mock-user-sub
[90mstdout[2m | src/components/Editor3/components/FileManager2.stories.jsx[2m > [22m[2mDefault
[22m[39m[FilesContext] Identity ID: us-east-1:mock-identity-123
[90mstdout[2m | src/components/Editor3/components/FileManager2.stories.jsx[2m > [22m[2mDefault
[22m[39m[FilesContext] About to set up File observeQuery
[90mstdout[2m | src/components/Editor3/components/FileManager2.stories.jsx[2m > [22m[2mDefault
[22m[39m[ChatContext] Setting up AssistantChat observeQuery
[90mstdout[2m | src/components/Editor3/components/FileManager2.stories.jsx[2m > [22m[2mDefault
[22m[39m[ChatContext] Waiting for subscription to initialize
[90mstdout[2m | src/components/Editor3/components/FileManager2.stories.jsx[2m > [22m[2mDefault
[22m[39m[SettingsContext] Setting up Settings subscription for user: mock-user-sub
[90mstdout[2m | src/components/Editor3/components/FileManager2.stories.jsx[2m > [22m[2mDefault
[22m[39m[Mock Data] Settings created: mock-settings-1790418611319 - notified 0 subscribers
[90mstdout[2m | src/components/Editor3/components/FileManager2.stories.jsx[2m > [22m[2mDefault
[22m[39m[Mock Data] Unit.onUpdate() subscription added. Total: 1
[90mstdout[2m | src/components/Editor3/components/FileManager2.stories.jsx[2m > [22m[2mDefault
[22m[39m[SectionContext] Section observeQuery update: 0
[90mstdout[2m | src/components/Editor3/components/FileManager2.stories.jsx[2m > [22m[2mDefault
[22m[39m[FilesContext] File observeQuery update: 6 files
[90mstdout[2m | src/components/Editor3/components/FileManager2.stories.jsx[2m > [22m[2mDefault
[22m[39m[ChatContext] AssistantChat initialized with 0 chats
[90mstdout[2m | src/components/Editor3/components/FileManager2.stories.jsx[2m > [22m[2mDefault
[22m[39m[MOCK CourseVectorStore] Initialized with mock data
[90mstdout[2m | src/components/Editor3/components/FileManager2.stories.jsx[2m > [22m[2mDefault
[22m[39m[FilesDebug] Files in context: 6 [
  {
    "createdAt": "2026-09-26T08:30:11.190Z",
    "document": Promise {},
    "documentID": "mock-doc-japanese-photosynthesis",
    "id": "mock-file-pdf-1",
    "identityId": "us-east-1:mock-identity-123",
    "level": "PROTECTED",
    "mimeType": "application/pdf",
    "name": "japanese-lesson-photosynthesis.pdf",
    "owner": "mock-user-sub",
    "parsedContent": [Function anonymous],
    "path": "/story-mocks/cinematic-designed-sci-fi-whoosh-transition-nexawave-228295.mp3",
    "size": 1234567,
    "updatedAt": "2026-09-26T08:30:11.190Z",
  },
  {
    "createdAt": "2026-09-26T09:30:11.190Z",
    "document": Promise {},
    "documentID": "mock-doc-french-seasons",
    "id": "mock-file-pdf-2",
    "identityId": "us-east-1:mock-identity-123",
    "level": "PROTECTED",
    "mimeType": "application/pdf",
    "name": "french-seasons-vocabulary.pdf",
    "owner": "mock-user-sub",
    "parsedContent": [Function anonymous],
    "path": "/story-mocks/descent-whoosh-long-cinematic-sound-effect-405921.mp3",
    "size": 456789,
    "updatedAt": "2026-09-26T09:30:11.190Z",
  },
  {
    "createdAt": "2026-09-26T09:00:11.190Z",
    "id": "mock-file-image-1",
    "identityId": "us-east-1:mock-identity-123",
    "level": "PUBLIC",
    "metadata": "{"analysis":{"description":"A detailed biological diagram showing the internal structure of a plant cell, including organelles such as the nucleus, chloroplasts, mitochondria, and cell wall."}}",
    "mimeType": "image/jpeg",
    "name": "cell-diagram.jpg",
    "owner": "mock-user-sub",
    "parsedContent": [Function anonymous],
    "path": "/story-mocks/piano-10046998_1280.jpg",
    "size": 234567,
    "updatedAt": "2026-09-26T09:00:11.190Z",
  },
  {
    "createdAt": "2026-09-26T10:00:11.190Z",
    "id": "mock-file-image-2",
    "identityId": "us-east-1:mock-identity-123",
    "level": "PUBLIC",
    "metadata": "{"analysis":{"description":"An illustration depicting the four seasons with representative landscapes and weather patterns for spring, summer, autumn, and winter."}}",
    "mimeType": "image/png",
    "name": "seasons-illustration.png",
    "owner": "mock-user-sub",
    "parsedContent": [Function anonymous],
    "path": "/story-mocks/animals-10008941_1280.jpg",
    "size": 345678,
    "updatedAt": "2026-09-26T10:00:11.190Z",
  },
  {
    "createdAt": "2026-09-26T08:00:11.190Z",
    "duration": 12,
    "id": "mock-file-audio-1",
    "identityId": "us-east-1:mock-identity-123",
    "level": "PROTECTED",
    "metadata": "{"analysis":{"transcription":"Kougousei wa shokubutsu ga hikari enerugi wo riyou shite nisan katanso to mizu kara tou wo tsukuru purosesu desu.","description":"Audio pronunciation of Japanese photosynthesis vocabulary terms."}}",
    "mimeType": "audio/mpeg",
    "name": "photosynthesis-pronunciation.mp3",
    "owner": "mock-user-sub",
    "parsedContent": [Function anonymous],
    "path": "/story-mocks/cinematic-designed-sci-fi-whoosh-transition-nexawave-228295.mp3",
    "size": 123456,
    "updatedAt": "2026-09-26T08:00:11.190Z",
  },
  {
    "createdAt": "2026-09-26T09:45:11.190Z",
    "duration": 8,
    "id": "mock-file-audio-2",
    "identityId": "us-east-1:mock-identity-123",
    "level": "PROTECTED",
    "metadata": "{"analysis":{"transcription":"Le printemps, l'été, l'automne, l'hiver. Les quatre saisons de l'année.","description":"Audio pronunciation of French seasonal vocabulary."}}",
    "mimeType": "audio/mpeg",
    "name": "seasons-audio.mp3",
    "owner": "mock-user-sub",
    "parsedContent": [Function anonymous],
    "path": "/story-mocks/descent-whoosh-long-cinematic-sound-effect-405921.mp3",
    "size": 98765,
    "updatedAt": "2026-09-26T09:45:11.190Z",
  },
]
[90mstdout[2m | src/components/Editor3/components/FileManager2.stories.jsx[2m > [22m[2mDefault
[22m[39m[FilesDebug] FilesContext: {
  "audioFiles": {},
  "bumpDocumentVersion": [Function anonymous],
  "bumpFileVersion": [Function anonymous],
  "deletedDocuments": [],
  "deletedFiles": [],
  "documents": {
    "mock-doc-french-seasons": [Object],
    "mock-doc-japanese-photosynthesis": [Object],
  },
  "files": [
    [Object],
    [Object],
    [Object],
    [Object],
    [Object],
    [Object],
  ],
  "filesVersion": 1,
  "myFiles": [
    [Object],
    [Object],
    [Object],
    [Object],
    [Object],
    [Object],
  ],
  "myPdfs": {
    "mock-file-pdf-1": [Object],
    "mock-file-pdf-2": [Object],
  },
  "myPlaylistFiles": {
    "mock-file-audio-1": [Object],
    "mock-file-audio-2": [Object],
  },
  "myPlaylistUrls": {},
  "refreshAudioFiles": [Function refreshAudioFiles],
  "session": {
    "groups": [Array],
    "idToken": [Object],
    "identityId": "us-east-1:mock-identity-123",
    "username": "mock-user-sub",
  },
  "setShowDeleted": [Function bound dispatchSetState],
  "showDeleted": false,
  "vectorStore": CourseVectorStore {
    "items": [Array],
    "loadPromise": null,
    "loaded": true,
  },
  "vectorStoreReady": false,
}
[90mstdout[2m | src/components/Editor3/components/FileManager2.stories.jsx[2m > [22m[2mDefault
[22m[39m[FilesDebug] UnitContext: {
  "session": {
    "identityId": "us-east-1:mock-identity-123",
    "username": "mock-user-sub",
  },
  "unit": {
    "data": null,
    "id": "mock-unit-id",
    "name": "Mock Unit",
  },
}
[90mstdout[2m | src/components/Editor3/components/FileManager2.stories.jsx[2m > [22m[2mDefault
[22m[39m[FileManager2] Files received from context: 6 [
  {
    "createdAt": "2026-09-26T08:30:11.190Z",
    "document": Promise {},
    "documentID": "mock-doc-japanese-photosynthesis",
    "id": "mock-file-pdf-1",
    "identityId": "us-east-1:mock-identity-123",
    "level": "PROTECTED",
    "mimeType": "application/pdf",
    "name": "japanese-lesson-photosynthesis.pdf",
    "owner": "mock-user-sub",
    "parsedContent": [Function anonymous],
    "path": "/story-mocks/cinematic-designed-sci-fi-whoosh-transition-nexawave-228295.mp3",
    "size": 1234567,
    "updatedAt": "2026-09-26T08:30:11.190Z",
  },
  {
    "createdAt": "2026-09-26T09:30:11.190Z",
    "document": Promise {},
    "documentID": "mock-doc-french-seasons",
    "id": "mock-file-pdf-2",
    "identityId": "us-east-1:mock-identity-123",
    "level": "PROTECTED",
    "mimeType": "application/pdf",
    "name": "french-seasons-vocabulary.pdf",
    "owner": "mock-user-sub",
    "parsedContent": [Function anonymous],
    "path": "/story-mocks/descent-whoosh-long-cinematic-sound-effect-405921.mp3",
    "size": 456789,
    "updatedAt": "2026-09-26T09:30:11.190Z",
  },
  {
    "createdAt": "2026-09-26T09:00:11.190Z",
    "id": "mock-file-image-1",
    "identityId": "us-east-1:mock-identity-123",
    "level": "PUBLIC",
    "metadata": "{"analysis":{"description":"A detailed biological diagram showing the internal structure of a plant cell, including organelles such as the nucleus, chloroplasts, mitochondria, and cell wall."}}",
    "mimeType": "image/jpeg",
    "name": "cell-diagram.jpg",
    "owner": "mock-user-sub",
    "parsedContent": [Function anonymous],
    "path": "/story-mocks/piano-10046998_1280.jpg",
    "size": 234567,
    "updatedAt": "2026-09-26T09:00:11.190Z",
  },
  {
    "createdAt": "2026-09-26T10:00:11.190Z",
    "id": "mock-file-image-2",
    "identityId": "us-east-1:mock-identity-123",
    "level": "PUBLIC",
    "metadata": "{"analysis":{"description":"An illustration depicting the four seasons with representative landscapes and weather patterns for spring, summer, autumn, and winter."}}",
    "mimeType": "image/png",
    "name": "seasons-illustration.png",
    "owner": "mock-user-sub",
    "parsedContent": [Function anonymous],
    "path": "/story-mocks/animals-10008941_1280.jpg",
    "size": 345678,
    "updatedAt": "2026-09-26T10:00:11.190Z",
  },
  {
    "createdAt": "2026-09-26T08:00:11.190Z",
    "duration": 12,
    "id": "mock-file-audio-1",
    "identityId": "us-east-1:mock-identity-123",
    "level": "PROTECTED",
    "metadata": "{"analysis":{"transcription":"Kougousei wa shokubutsu ga hikari enerugi wo riyou shite nisan katanso to mizu kara tou wo tsukuru purosesu desu.","description":"Audio pronunciation of Japanese photosynthesis vocabulary terms."}}",
    "mimeType": "audio/mpeg",
    "name": "photosynthesis-pronunciation.mp3",
    "owner": "mock-user-sub",
    "parsedContent": [Function anonymous],
    "path": "/story-mocks/cinematic-designed-sci-fi-whoosh-transition-nexawave-228295.mp3",
    "size": 123456,
    "updatedAt": "2026-09-26T08:00:11.190Z",
  },
  {
    "createdAt": "2026-09-26T09:45:11.190Z",
    "duration": 8,
    "id": "mock-file-audio-2",
    "identityId": "us-east-1:mock-identity-123",
    "level": "PROTECTED",
    "metadata": "{"analysis":{"transcription":"Le printemps, l'été, l'automne, l'hiver. Les quatre saisons de l'année.","description":"Audio pronunciation of French seasonal vocabulary."}}",
    "mimeType": "audio/mpeg",
    "name": "seasons-audio.mp3",
    "owner": "mock-user-sub",
    "parsedContent": [Function anonymous],
    "path": "/story-mocks/descent-whoosh-long-cinematic-sound-effect-405921.mp3",
    "size": 98765,
    "updatedAt": "2026-09-26T09:45:11.190Z",
  },
]
[90mstdout[2m | src/components/Editor3/components/FileManager2.stories.jsx[2m > [22m[2mDefault
[22m[39m[FilesContext] Vector store population triggered {
  "currentVectorStoreSize": 3,
  "documentsCount": 2,
  "filesCount": 6,
  "isInitialLoad": true,
}
[90mstdout[2m | src/components/Editor3/components/FileManager2.stories.jsx[2m > [22m[2mDefault
[22m[39m[FilesContext] Vector store population complete - 3 total embeddings
[90mstdout[2m | src/components/Editor3/components/FileManager2.stories.jsx[2m > [22m[2mDefault
[22m[39m[ChatContext] No current chat available, will create one
[90mstdout[2m | src/components/Editor3/components/FileManager2.stories.jsx[2m > [22m[2mDefault
[22m[39m[ChatContext] Creating AssistantChat with user: undefined
[90mstdout[2m | src/components/Editor3/components/FileManager2.stories.jsx[2m > [22m[2mDefault
[22m[39m[Mock Data] AssistantChat created: mock-assistantchat-1790418611390 - notified 1 subscribers
[90mstdout[2m | src/components/Editor3/components/FileManager2.stories.jsx[2m > [22m[2mDefault
[22m[39m[ChatContext] Create result: {
  "data": {
    "_version": 1,
    "archived": false,
    "chatFiles": [Function anonymous],
    "createdAt": "2026-09-26T10:30:11.390Z",
    "id": "mock-assistantchat-1790418611390",
    "model": "gpt-4",
    "updatedAt": "2026-09-26T10:30:11.390Z",
  },
  "errors": [],
  "hasData": true,
  "hasErrors": true,
}
[90mstdout[2m | src/components/Editor3/components/FileManager2.stories.jsx[2m > [22m[2mDefault
[22m[39m[ChatContext] Created AssistantChat: mock-assistantchat-1790418611390 at: 2026-09-26T10:30:11.390Z
[90mstdout[2m | src/components/Editor3/components/FileManager2.stories.jsx[2m > [22m[2mDefault
[22m[39m[Mock Storage] downloadData called with: undefined
[90mstdout[2m | src/components/Editor3/components/FileManager2.stories.jsx[2m > [22m[2mDefault
[22m[39m[ChatContext] Setting initial chat: mock-assistantchat-1790418611390
[90mstdout[2m | src/components/Editor3/components/FileManager2.stories.jsx[2m > [22m[2mDefault
[22m[39m[ChatContext] Chat exists and not archived, skipping creation
[90mstdout[2m | src/components/Editor3/components/FileManager2.stories.jsx[2m > [22m[2mWith Expanded Content
[22m[39m[ChatContext] Cleaning up subscriptions
[90mstdout[2m | src/components/Editor3/components/FileManager2.stories.jsx[2m > [22m[2mWith Expanded Content
[22m[39m[Mock Data] Unit.onUpdate() subscription removed. Remaining: 0
[90mstdout[2m | src/components/Editor3/components/FileManager2.stories.jsx[2m > [22m[2mWith Expanded Content
[22m[39m[Preview] Skipped initializing default mock data (initializeMockData=false)
[90mstdout[2m | src/components/Editor3/components/FileManager2.stories.jsx[2m > [22m[2mWith Expanded Content
[22m[39m[FileManager2.stories] Starting to seed mock data...
[90mstdout[2m | src/components/Editor3/components/FileManager2.stories.jsx[2m > [22m[2mWith Expanded Content
[22m[39m[FileManager2.stories] Mock imports complete
[90mstdout[2m | src/components/Editor3/components/FileManager2.stories.jsx[2m > [22m[2mWith Expanded Content
[22m[39m[FileManager2.stories] Seeding files...
[90mstdout[2m | src/components/Editor3/components/FileManager2.stories.jsx[2m > [22m[2mWith Expanded Content
[22m[39m[FileManager2.stories] Files seeded
[90mstdout[2m | src/components/Editor3/components/FileManager2.stories.jsx[2m > [22m[2mWith Expanded Content
[22m[39m[FileManager2.stories] Seeding documents...
[90mstdout[2m | src/components/Editor3/components/FileManager2.stories.jsx[2m > [22m[2mWith Expanded Content
[22m[39m[Mock Data] seedMockDocuments: Adding 2 documents
[90mstdout[2m | src/components/Editor3/components/FileManager2.stories.jsx[2m > [22m[2mWith Expanded Content
[22m[39m[FileManager2.stories] Documents seeded
[90mstdout[2m | src/components/Editor3/components/FileManager2.stories.jsx[2m > [22m[2mWith Expanded Content
[22m[39m[FileManager2.stories] Seeding parsed content...
[90mstdout[2m | src/components/Editor3/components/FileManager2.stories.jsx[2m > [22m[2mWith Expanded Content
[22m[39m[Mock Data] seedMockParsedContent: Adding 2 parsed content records
[90mstdout[2m | src/components/Editor3/components/FileManager2.stories.jsx[2m > [22m[2mWith Expanded Content
[22m[39m[FileManager2.stories] ParsedContent seeded
[90mstdout[2m | src/components/Editor3/components/FileManager2.stories.jsx[2m > [22m[2mWith Expanded Content
[22m[39m[FileManager2.stories] All mock data seeded successfully!
[90mstdout[2m | src/components/Editor3/components/FileManager2.stories.jsx[2m > [22m[2mWith Expanded Content
[22m[39m[MOCK CourseVectorStore] Initialized with mock data
[90mstdout[2m | src/components/Editor3/components/FileManager2.stories.jsx[2m > [22m[2mWith Expanded Content
[22m[39m[FileManager2] Files received from context: 0 []
[90mstdout[2m | src/components/Editor3/components/FileManager2.stories.jsx[2m > [22m[2mWith Expanded Content
[22m[39m[FileManager2] Upload useEffect triggered. filesToUpload: 0 uploadInProgress: false
[90mstdout[2m | src/components/Editor3/components/FileManager2.stories.jsx[2m > [22m[2mWith Expanded Content
[22m[39m[FileManager2] Skipping upload - no files or already in progress
[90mstdout[2m | src/components/Editor3/components/FileManager2.stories.jsx[2m > [22m[2mWith Expanded Content
[22m[39m[TranslationModeController] Setting mode to: off
[90mstdout[2m | src/components/Editor3/components/FileManager2.stories.jsx[2m > [22m[2mWith Expanded Content
[22m[39m[UnitContext] useEffect triggered {
  "authLoading": false,
  "hasUser": true,
  "id": "mock-unit-id",
  "userSub": "mock-user-sub",
}
[90mstdout[2m | src/components/Editor3/components/FileManager2.stories.jsx[2m > [22m[2mWith Expanded Content
[22m[39m[UnitContext] Fetching unit data for id: mock-unit-id
[90mstdout[2m | src/components/Editor3/components/FileManager2.stories.jsx[2m > [22m[2mWith Expanded Content
[22m[39m[FilesContext] Initializing vector store from IndexedDB
[90mstdout[2m | src/components/Editor3/components/FileManager2.stories.jsx[2m > [22m[2mWith Expanded Content
[22m[39m[FilesContext] fetchFiles called
[90mstdout[2m | src/components/Editor3/components/FileManager2.stories.jsx[2m > [22m[2mWith Expanded Content
[22m[39m[FilesContext] User authenticated: mock-user-sub
[90mstdout[2m | src/components/Editor3/components/FileManager2.stories.jsx[2m > [22m[2mWith Expanded Content
[22m[39m[FilesContext] Identity ID: us-east-1:mock-identity-123
[90mstdout[2m | src/components/Editor3/components/FileManager2.stories.jsx[2m > [22m[2mWith Expanded Content
[22m[39m[FilesContext] About to set up File observeQuery
[90mstdout[2m | src/components/Editor3/components/FileManager2.stories.jsx[2m > [22m[2mWith Expanded Content
[22m[39m[ChatContext] Setting up AssistantChat observeQuery
[90mstdout[2m | src/components/Editor3/components/FileManager2.stories.jsx[2m > [22m[2mWith Expanded Content
[22m[39m[ChatContext] Waiting for subscription to initialize
[90mstdout[2m | src/components/Editor3/components/FileManager2.stories.jsx[2m > [22m[2mWith Expanded Content
[22m[39m[SettingsContext] Setting up Settings subscription for user: mock-user-sub
[90mstdout[2m | src/components/Editor3/components/FileManager2.stories.jsx[2m > [22m[2mWith Expanded Content
[22m[39m[Mock Data] Settings created: mock-settings-1790418611754 - notified 0 subscribers
[90mstdout[2m | src/components/Editor3/components/FileManager2.stories.jsx[2m > [22m[2mWith Expanded Content
[22m[39m[Mock Data] Unit.onUpdate() subscription added. Total: 1
[90mstdout[2m | src/components/Editor3/components/FileManager2.stories.jsx[2m > [22m[2mWith Expanded Content
[22m[39m[SectionContext] Section observeQuery update: 0
[90mstdout[2m | src/components/Editor3/components/FileManager2.stories.jsx[2m > [22m[2mWith Expanded Content
[22m[39m[FilesContext] File observeQuery update: 6 files
[90mstdout[2m | src/components/Editor3/components/FileManager2.stories.jsx[2m > [22m[2mWith Expanded Content
[22m[39m[ChatContext] AssistantChat initialized with 0 chats
[90mstdout[2m | src/components/Editor3/components/FileManager2.stories.jsx[2m > [22m[2mWith Expanded Content
[22m[39m[MOCK CourseVectorStore] Initialized with mock data
[90mstdout[2m | src/components/Editor3/components/FileManager2.stories.jsx[2m > [22m[2mWith Expanded Content
[22m[39m[FileManager2] Files received from context: 6 [
  {
    "createdAt": "2026-09-26T08:30:11.696Z",
    "document": Promise {},
    "documentID": "mock-doc-japanese-photosynthesis",
    "id": "mock-file-pdf-1",
    "identityId": "us-east-1:mock-identity-123",
    "level": "PROTECTED",
    "mimeType": "application/pdf",
    "name": "japanese-lesson-photosynthesis.pdf",
    "owner": "mock-user-sub",
    "parsedContent": [Function anonymous],
    "path": "/story-mocks/cinematic-designed-sci-fi-whoosh-transition-nexawave-228295.mp3",
    "size": 1234567,
    "updatedAt": "2026-09-26T08:30:11.696Z",
  },
  {
    "createdAt": "2026-09-26T09:30:11.696Z",
    "document": Promise {},
    "documentID": "mock-doc-french-seasons",
    "id": "mock-file-pdf-2",
    "identityId": "us-east-1:mock-identity-123",
    "level": "PROTECTED",
    "mimeType": "application/pdf",
    "name": "french-seasons-vocabulary.pdf",
    "owner": "mock-user-sub",
    "parsedContent": [Function anonymous],
    "path": "/story-mocks/descent-whoosh-long-cinematic-sound-effect-405921.mp3",
    "size": 456789,
    "updatedAt": "2026-09-26T09:30:11.696Z",
  },
  {
    "createdAt": "2026-09-26T09:00:11.696Z",
    "id": "mock-file-image-1",
    "identityId": "us-east-1:mock-identity-123",
    "level": "PUBLIC",
    "metadata": "{"analysis":{"description":"A detailed biological diagram showing the internal structure of a plant cell, including organelles such as the nucleus, chloroplasts, mitochondria, and cell wall."}}",
    "mimeType": "image/jpeg",
    "name": "cell-diagram.jpg",
    "owner": "mock-user-sub",
    "parsedContent": [Function anonymous],
    "path": "/story-mocks/piano-10046998_1280.jpg",
    "size": 234567,
    "updatedAt": "2026-09-26T09:00:11.696Z",
  },
  {
    "createdAt": "2026-09-26T10:00:11.696Z",
    "id": "mock-file-image-2",
    "identityId": "us-east-1:mock-identity-123",
    "level": "PUBLIC",
    "metadata": "{"analysis":{"description":"An illustration depicting the four seasons with representative landscapes and weather patterns for spring, summer, autumn, and winter."}}",
    "mimeType": "image/png",
    "name": "seasons-illustration.png",
    "owner": "mock-user-sub",
    "parsedContent": [Function anonymous],
    "path": "/story-mocks/animals-10008941_1280.jpg",
    "size": 345678,
    "updatedAt": "2026-09-26T10:00:11.696Z",
  },
  {
    "createdAt": "2026-09-26T08:00:11.696Z",
    "duration": 12,
    "id": "mock-file-audio-1",
    "identityId": "us-east-1:mock-identity-123",
    "level": "PROTECTED",
    "metadata": "{"analysis":{"transcription":"Kougousei wa shokubutsu ga hikari enerugi wo riyou shite nisan katanso to mizu kara tou wo tsukuru purosesu desu.","description":"Audio pronunciation of Japanese photosynthesis vocabulary terms."}}",
    "mimeType": "audio/mpeg",
    "name": "photosynthesis-pronunciation.mp3",
    "owner": "mock-user-sub",
    "parsedContent": [Function anonymous],
    "path": "/story-mocks/cinematic-designed-sci-fi-whoosh-transition-nexawave-228295.mp3",
    "size": 123456,
    "updatedAt": "2026-09-26T08:00:11.696Z",
  },
  {
    "createdAt": "2026-09-26T09:45:11.696Z",
    "duration": 8,
    "id": "mock-file-audio-2",
    "identityId": "us-east-1:mock-identity-123",
    "level": "PROTECTED",
    "metadata": "{"analysis":{"transcription":"Le printemps, l'été, l'automne, l'hiver. Les quatre saisons de l'année.","description":"Audio pronunciation of French seasonal vocabulary."}}",
    "mimeType": "audio/mpeg",
    "name": "seasons-audio.mp3",
    "owner": "mock-user-sub",
    "parsedContent": [Function anonymous],
    "path": "/story-mocks/descent-whoosh-long-cinematic-sound-effect-405921.mp3",
    "size": 98765,
    "updatedAt": "2026-09-26T09:45:11.696Z",
  },
]
[90mstdout[2m | src/components/Editor3/components/FileManager2.stories.jsx[2m > [22m[2mWith Expanded Content
[22m[39m[FilesContext] Vector store population triggered {
  "currentVectorStoreSize": 3,
  "documentsCount": 2,
  "filesCount": 6,
  "isInitialLoad": true,
}
[90mstdout[2m | src/components/Editor3/components/FileManager2.stories.jsx[2m > [22m[2mWith Expanded Content
[22m[39m[FilesContext] Vector store population complete - 3 total embeddings
[90mstdout[2m | src/components/Editor3/components/FileManager2.stories.jsx[2m > [22m[2mWith Expanded Content
[22m[39m[ChatContext] No current chat available, will create one
[90mstdout[2m | src/components/Editor3/components/FileManager2.stories.jsx[2m > [22m[2mWith Expanded Content
[22m[39m[ChatContext] Creating AssistantChat with user: undefined
[90mstdout[2m | src/components/Editor3/components/FileManager2.stories.jsx[2m > [22m[2mWith Expanded Content
[22m[39m[Mock Data] AssistantChat created: mock-assistantchat-1790418611786 - notified 1 subscribers
[90mstdout[2m | src/components/Editor3/components/FileManager2.stories.jsx[2m > [22m[2mWith Expanded Content
[22m[39m[ChatContext] Create result: {
  "data": {
    "_version": 1,
    "archived": false,
    "chatFiles": [Function anonymous],
    "createdAt": "2026-09-26T10:30:11.786Z",
    "id": "mock-assistantchat-1790418611786",
    "model": "gpt-4",
    "updatedAt": "2026-09-26T10:30:11.786Z",
  },
  "errors": [],
  "hasData": true,
  "hasErrors": true,
}
[90mstdout[2m | src/components/Editor3/components/FileManager2.stories.jsx[2m > [22m[2mWith Expanded Content
[22m[39m[ChatContext] Created AssistantChat: mock-assistantchat-1790418611786 at: 2026-09-26T10:30:11.786Z
[90mstdout[2m | src/components/Editor3/components/FileManager2.stories.jsx[2m > [22m[2mWith Expanded Content
[22m[39m[Mock Storage] downloadData called with: undefined
[90mstdout[2m | src/components/Editor3/components/FileManager2.stories.jsx[2m > [22m[2mWith Expanded Content
[22m[39m[ChatContext] Setting initial chat: mock-assistantchat-1790418611786
[90mstdout[2m | src/components/Editor3/components/FileManager2.stories.jsx[2m > [22m[2mWith Expanded Content
[22m[39m[ChatContext] Chat exists and not archived, skipping creation
[90mstdout[2m | src/components/Editor3/components/FileManager2.stories.jsx[2m > [22m[2mEmpty State
[22m[39m[ChatContext] Cleaning up subscriptions
[90mstdout[2m | src/components/Editor3/components/FileManager2.stories.jsx[2m > [22m[2mEmpty State
[22m[39m[Mock Data] Unit.onUpdate() subscription removed. Remaining: 0
[90mstdout[2m | src/components/Editor3/components/FileManager2.stories.jsx[2m > [22m[2mEmpty State
[22m[39m[MOCK CourseVectorStore] Initialized with mock data
[90mstdout[2m | src/components/Editor3/components/FileManager2.stories.jsx[2m > [22m[2mEmpty State
[22m[39m[FileManager2] Files received from context: 0 []
[90mstdout[2m | src/components/Editor3/components/FileManager2.stories.jsx[2m > [22m[2mEmpty State
[22m[39m[FileManager2] Upload useEffect triggered. filesToUpload: 0 uploadInProgress: false
[90mstdout[2m | src/components/Editor3/components/FileManager2.stories.jsx[2m > [22m[2mEmpty State
[22m[39m[FileManager2] Skipping upload - no files or already in progress
[90mstdout[2m | src/components/Editor3/components/FileManager2.stories.jsx[2m > [22m[2mEmpty State
[22m[39m[TranslationModeController] Setting mode to: off
[90mstdout[2m | src/components/Editor3/components/FileManager2.stories.jsx[2m > [22m[2mEmpty State
[22m[39m[UnitContext] useEffect triggered {
  "authLoading": false,
  "hasUser": true,
  "id": "mock-unit-id",
  "userSub": "mock-user-sub",
}
[90mstdout[2m | src/components/Editor3/components/FileManager2.stories.jsx[2m > [22m[2mEmpty State
[22m[39m[UnitContext] Fetching unit data for id: mock-unit-id
[90mstdout[2m | src/components/Editor3/components/FileManager2.stories.jsx[2m > [22m[2mEmpty State
[22m[39m[FilesContext] Initializing vector store from IndexedDB
[90mstdout[2m | src/components/Editor3/components/FileManager2.stories.jsx[2m > [22m[2mEmpty State
[22m[39m[FilesContext] fetchFiles called
[90mstdout[2m | src/components/Editor3/components/FileManager2.stories.jsx[2m > [22m[2mEmpty State
[22m[39m[FilesContext] User authenticated: mock-user-sub
[90mstdout[2m | src/components/Editor3/components/FileManager2.stories.jsx[2m > [22m[2mEmpty State
[22m[39m[FilesContext] Identity ID: us-east-1:mock-identity-123
[90mstdout[2m | src/components/Editor3/components/FileManager2.stories.jsx[2m > [22m[2mEmpty State
[22m[39m[FilesContext] About to set up File observeQuery
[90mstdout[2m | src/components/Editor3/components/FileManager2.stories.jsx[2m > [22m[2mEmpty State
[22m[39m[ChatContext] Setting up AssistantChat observeQuery
[90mstdout[2m | src/components/Editor3/components/FileManager2.stories.jsx[2m > [22m[2mEmpty State
[22m[39m[ChatContext] Waiting for subscription to initialize
[90mstdout[2m | src/components/Editor3/components/FileManager2.stories.jsx[2m > [22m[2mEmpty State
[22m[39m[SettingsContext] Setting up Settings subscription for user: mock-user-sub
[90mstdout[2m | src/components/Editor3/components/FileManager2.stories.jsx[2m > [22m[2mEmpty State
[22m[39m[Mock Data] Settings created: mock-settings-1790418612090 - notified 0 subscribers
[90mstdout[2m | src/components/Editor3/components/FileManager2.stories.jsx[2m > [22m[2mEmpty State
[22m[39m[Mock Data] Unit.onUpdate() subscription added. Total: 1
[90mstdout[2m | src/components/Editor3/components/FileManager2.stories.jsx[2m > [22m[2mEmpty State
[22m[39m[SectionContext] Section observeQuery update: 0
[90mstdout[2m | src/components/Editor3/components/FileManager2.stories.jsx[2m > [22m[2mEmpty State
[22m[39m[FilesContext] File observeQuery update: 6 files
[90mstdout[2m | src/components/Editor3/components/FileManager2.stories.jsx[2m > [22m[2mEmpty State
[22m[39m[ChatContext] AssistantChat initialized with 1 chats
[90mstdout[2m | src/components/Editor3/components/FileManager2.stories.jsx[2m > [22m[2mEmpty State
[22m[39m[ChatContext] Setting initial chat: mock-assistant-chat-1
[90mstdout[2m | src/components/Editor3/components/FileManager2.stories.jsx[2m > [22m[2mEmpty State
[22m[39m[MOCK CourseVectorStore] Initialized with mock data
[90mstdout[2m | src/components/Editor3/components/FileManager2.stories.jsx[2m > [22m[2mEmpty State
[22m[39m[FileManager2] Files received from context: 6 [
  {
    "_deleted": null,
    "_lastChangedAt": 1767711773285,
    "_version": 1,
    "byHex": null,
    "createdAt": "2026-01-06T15:02:53.253Z",
    "description": "Japanese language textbook - Chapter 1",
    "document": Promise {},
    "documentID": "e01017e1-fe7a-4521-b71c-09ec31b18639",
    "duration": null,
    "embedding": null,
    "generated": null,
    "hex": null,
    "id": "a57d7833-5fa7-4cb7-8b7a-ce7c6e10e551",
    "identityId": "us-east-1:b0eadde9-f02c-c71b-17a6-22ffd37d89c8",
    "key": "files/Japanese Wind 1.pdf",
    "level": "protected",
    "mimeType": "application/pdf",
    "model": null,
    "name": "Japanese Wind 1.pdf",
    "owner": "64d81418-7021-701d-9fed-a4c2e0735711",
    "parsedContent": [Function anonymous],
    "parsedContentID": null,
    "path": "files/Japanese Wind 1.pdf",
    "prompt": null,
    "size": 4706654,
    "thumbnail": null,
    "type": "pdf",
    "updatedAt": "2026-01-06T15:02:53.253Z",
    "variant": null,
  },
  {
    "_version": 2,
    "createdAt": "2026-01-15T10:00:00.000Z",
    "description": "Sample report with vocabulary",
    "document": Promise {},
    "documentID": "cd824b5b-2c66-41f8-8571-aa6794ff590c",
    "generated": false,
    "id": "mock-pdf-file-2",
    "identityId": "us-east-1:mock-identity",
    "key": "files/report.pdf",
    "level": "protected",
    "mimeType": "application/pdf",
    "name": "report.pdf",
    "owner": "mock-user-id",
    "parsedContent": [Function anonymous],
    "path": "files/report.pdf",
    "size": 123456,
    "type": "pdf",
    "updatedAt": "2026-01-15T10:30:00.000Z",
  },
  {
    "_version": 3,
    "createdAt": "2026-01-14T08:00:00.000Z",
    "description": "Vocabulary lesson PDF with extracted content",
    "document": Promise {},
    "documentID": "mock-document-3",
    "generated": false,
    "id": "mock-pdf-file-3",
    "identityId": "us-east-1:mock-identity",
    "key": "files/vocabulary-lesson.pdf",
    "level": "public",
    "mimeType": "application/pdf",
    "name": "vocabulary-lesson.pdf",
    "owner": "mock-user-id",
    "parsedContent": [Function anonymous],
    "path": "files/vocabulary-lesson.pdf",
    "size": 567890,
    "type": "pdf",
    "updatedAt": "2026-01-14T08:45:00.000Z",
  },
  {
    "_version": 1,
    "createdAt": "2026-01-20T10:00:00.000Z",
    "description": "Sample pronunciation audio",
    "documentID": null,
    "duration": 3.5,
    "generated": true,
    "id": "mock-audio-file-1",
    "identityId": "us-east-1:mock-identity",
    "key": "audio/pronunciation-demo.mp3",
    "level": "public",
    "mimeType": "audio/mpeg",
    "name": "pronunciation-demo.mp3",
    "owner": "mock-user-id",
    "parsedContent": [Function anonymous],
    "path": "/story-mocks/cinematic-designed-sci-fi-whoosh-transition-nexawave-228295.mp3",
    "size": 56789,
    "type": "audio",
    "updatedAt": "2026-01-20T10:00:00.000Z",
  },
  {
    "_version": 1,
    "createdAt": "2026-01-19T14:30:00.000Z",
    "description": "Lesson introduction audio",
    "documentID": null,
    "duration": 5.2,
    "generated": false,
    "id": "mock-audio-file-2",
    "identityId": "us-east-1:mock-identity",
    "key": "audio/lesson-intro.mp3",
    "level": "public",
    "mimeType": "audio/mpeg",
    "name": "lesson-intro.mp3",
    "owner": "mock-user-id",
    "parsedContent": [Function anonymous],
    "path": "/story-mocks/descent-whoosh-long-cinematic-sound-effect-405921.mp3",
    "size": 87654,
    "type": "audio",
    "updatedAt": "2026-01-19T14:30:00.000Z",
  },
  {
    "_version": 1,
    "createdAt": "2026-01-18T09:15:00.000Z",
    "description": "Hiragana character chart",
    "documentID": null,
    "generated": false,
    "id": "mock-image-file-1",
    "identityId": "us-east-1:mock-identity",
    "key": "images/hiragana-chart.png",
    "level": "public",
    "mimeType": "image/png",
    "name": "hiragana-chart.png",
    "owner": "mock-user-id",
    "parsedContent": [Function anonymous],
    "path": "images/hiragana-chart.png",
    "size": 234567,
    "thumbnail": "thumbnails/hiragana-chart-thumb.png",
    "type": "image",
    "updatedAt": "2026-01-18T09:15:00.000Z",
  },
]
[90mstdout[2m | src/components/Editor3/components/FileManager2.stories.jsx[2m > [22m[2mEmpty State
[22m[39m[FilesContext] Vector store population triggered {
  "currentVectorStoreSize": 3,
  "documentsCount": 0,
  "filesCount": 6,
  "isInitialLoad": true,
}
[90mstdout[2m | src/components/Editor3/components/FileManager2.stories.jsx[2m > [22m[2mEmpty State
[22m[39m[FilesContext] Vector store population complete - 3 total embeddings
[90mstdout[2m | src/components/Editor3/components/FileManager2.stories.jsx[2m > [22m[2mEmpty State
[22m[39m[ChatContext] Chat exists and not archived, skipping creation
[90mstdout[2m | src/components/Editor3/components/FileManager2.stories.jsx[2m > [22m[2mEmpty State
[22m[39mMock Cache.getItem called with: getCachedUrl_thumbnails/hiragana-chart-thumb.png
[90mstdout[2m | src/components/Editor3/components/FileManager2.stories.jsx[2m > [22m[2mEmpty State
[22m[39mMock getUrl called with: thumbnails/hiragana-chart-thumb.png
[90mstdout[2m | src/components/Editor3/components/FileManager2.stories.jsx[2m > [22m[2mEmpty State
[22m[39mMock Cache.setItem called with: getCachedUrl_thumbnails/hiragana-chart-thumb.png thumbnails/hiragana-chart-thumb.png
[90mstdout[2m | src/components/Editor3/components/FileManager2.stories.jsx[2m > [22m[2mEmpty State
[22m[39m[Mock Storage] downloadData called with: undefined
[90mstdout[2m | src/components/Editor3/components/FileManager2.stories.jsx[2m > [22m[2mExpanded PDF Content
[22m[39m[ChatContext] Cleaning up subscriptions
[90mstdout[2m | src/components/Editor3/components/FileManager2.stories.jsx[2m > [22m[2mExpanded PDF Content
[22m[39m[Mock Data] Unit.onUpdate() subscription removed. Remaining: 0
[90mstdout[2m | src/components/Editor3/components/FileManager2.stories.jsx[2m > [22m[2mExpanded PDF Content
[22m[39m[Preview] Skipped initializing default mock data (initializeMockData=false)
[90mstdout[2m | src/components/Editor3/components/FileManager2.stories.jsx[2m > [22m[2mExpanded PDF Content
[22m[39m[FileManager2.stories] Starting to seed mock data...
[90mstdout[2m | src/components/Editor3/components/FileManager2.stories.jsx[2m > [22m[2mExpanded PDF Content
[22m[39m[FileManager2.stories] Mock imports complete
[90mstdout[2m | src/components/Editor3/components/FileManager2.stories.jsx[2m > [22m[2mExpanded PDF Content
[22m[39m[FileManager2.stories] Seeding files...
[90mstdout[2m | src/components/Editor3/components/FileManager2.stories.jsx[2m > [22m[2mExpanded PDF Content
[22m[39m[FileManager2.stories] Files seeded
[90mstdout[2m | src/components/Editor3/components/FileManager2.stories.jsx[2m > [22m[2mExpanded PDF Content
[22m[39m[FileManager2.stories] Seeding documents...
[90mstdout[2m | src/components/Editor3/components/FileManager2.stories.jsx[2m > [22m[2mExpanded PDF Content
[22m[39m[Mock Data] seedMockDocuments: Adding 2 documents
[90mstdout[2m | src/components/Editor3/components/FileManager2.stories.jsx[2m > [22m[2mExpanded PDF Content
[22m[39m[FileManager2.stories] Documents seeded
[90mstdout[2m | src/components/Editor3/components/FileManager2.stories.jsx[2m > [22m[2mExpanded PDF Content
[22m[39m[FileManager2.stories] Seeding parsed content...
[90mstdout[2m | src/components/Editor3/components/FileManager2.stories.jsx[2m > [22m[2mExpanded PDF Content
[22m[39m[Mock Data] seedMockParsedContent: Adding 2 parsed content records
[90mstdout[2m | src/components/Editor3/components/FileManager2.stories.jsx[2m > [22m[2mExpanded PDF Content
[22m[39m[FileManager2.stories] ParsedContent seeded
[90mstdout[2m | src/components/Editor3/components/FileManager2.stories.jsx[2m > [22m[2mExpanded PDF Content
[22m[39m[FileManager2.stories] All mock data seeded successfully!
[90mstdout[2m | src/components/Editor3/components/FileManager2.stories.jsx[2m > [22m[2mExpanded PDF Content
[22m[39m[MOCK CourseVectorStore] Initialized with mock data
[90mstdout[2m | src/components/Editor3/components/FileManager2.stories.jsx[2m > [22m[2mExpanded PDF Content
[22m[39m[FileManager2] Files received from context: 0 []
[90mstdout[2m | src/components/Editor3/components/FileManager2.stories.jsx[2m > [22m[2mExpanded PDF Content
[22m[39m[FileManager2] Upload useEffect triggered. filesToUpload: 0 uploadInProgress: false
[90mstdout[2m | src/components/Editor3/components/FileManager2.stories.jsx[2m > [22m[2mExpanded PDF Content
[22m[39m[FileManager2] Skipping upload - no files or already in progress
[90mstdout[2m | src/components/Editor3/components/FileManager2.stories.jsx[2m > [22m[2mExpanded PDF Content
[22m[39m[TranslationModeController] Setting mode to: off
[90mstdout[2m | src/components/Editor3/components/FileManager2.stories.jsx[2m > [22m[2mExpanded PDF Content
[22m[39m[UnitContext] useEffect triggered {
  "authLoading": false,
  "hasUser": true,
  "id": "mock-unit-id",
  "userSub": "mock-user-sub",
}
[90mstdout[2m | src/components/Editor3/components/FileManager2.stories.jsx[2m > [22m[2mExpanded PDF Content
[22m[39m[UnitContext] Fetching unit data for id: mock-unit-id
[90mstdout[2m | src/components/Editor3/components/FileManager2.stories.jsx[2m > [22m[2mExpanded PDF Content
[22m[39m[FilesContext] Initializing vector store from IndexedDB
[90mstdout[2m | src/components/Editor3/components/FileManager2.stories.jsx[2m > [22m[2mExpanded PDF Content
[22m[39m[FilesContext] fetchFiles called
[90mstdout[2m | src/components/Editor3/components/FileManager2.stories.jsx[2m > [22m[2mExpanded PDF Content
[22m[39m[FilesContext] User authenticated: mock-user-sub
[90mstdout[2m | src/components/Editor3/components/FileManager2.stories.jsx[2m > [22m[2mExpanded PDF Content
[22m[39m[FilesContext] Identity ID: us-east-1:mock-identity-123
[90mstdout[2m | src/components/Editor3/components/FileManager2.stories.jsx[2m > [22m[2mExpanded PDF Content
[22m[39m[FilesContext] About to set up File observeQuery
[90mstdout[2m | src/components/Editor3/components/FileManager2.stories.jsx[2m > [22m[2mExpanded PDF Content
[22m[39m[ChatContext] Setting up AssistantChat observeQuery
[90mstdout[2m | src/components/Editor3/components/FileManager2.stories.jsx[2m > [22m[2mExpanded PDF Content
[22m[39m[ChatContext] Waiting for subscription to initialize
[90mstdout[2m | src/components/Editor3/components/FileManager2.stories.jsx[2m > [22m[2mExpanded PDF Content
[22m[39m[SettingsContext] Setting up Settings subscription for user: mock-user-sub
[90mstdout[2m | src/components/Editor3/components/FileManager2.stories.jsx[2m > [22m[2mExpanded PDF Content
[22m[39m[Mock Data] Settings created: mock-settings-1790418612456 - notified 0 subscribers
[90mstdout[2m | src/components/Editor3/components/FileManager2.stories.jsx[2m > [22m[2mExpanded PDF Content
[22m[39m[Mock Data] Unit.onUpdate() subscription added. Total: 1
[90mstdout[2m | src/components/Editor3/components/FileManager2.stories.jsx[2m > [22m[2mExpanded PDF Content
[22m[39m[SectionContext] Section observeQuery update: 0
[90mstdout[2m | src/components/Editor3/components/FileManager2.stories.jsx[2m > [22m[2mExpanded PDF Content
[22m[39m[FilesContext] File observeQuery update: 6 files
[90mstdout[2m | src/components/Editor3/components/FileManager2.stories.jsx[2m > [22m[2mExpanded PDF Content
[22m[39m[ChatContext] AssistantChat initialized with 0 chats
[90mstdout[2m | src/components/Editor3/components/FileManager2.stories.jsx[2m > [22m[2mExpanded PDF Content
[22m[39m[MOCK CourseVectorStore] Initialized with mock data
[90mstdout[2m | src/components/Editor3/components/FileManager2.stories.jsx[2m > [22m[2mExpanded PDF Content
[22m[39m[FileManager2] Files received from context: 6 [
  {
    "createdAt": "2026-09-26T08:30:12.397Z",
    "document": Promise {},
    "documentID": "mock-doc-japanese-photosynthesis",
    "id": "mock-file-pdf-1",
    "identityId": "us-east-1:mock-identity-123",
    "level": "PROTECTED",
    "mimeType": "application/pdf",
    "name": "japanese-lesson-photosynthesis.pdf",
    "owner": "mock-user-sub",
    "parsedContent": [Function anonymous],
    "path": "/story-mocks/cinematic-designed-sci-fi-whoosh-transition-nexawave-228295.mp3",
    "size": 1234567,
    "updatedAt": "2026-09-26T08:30:12.397Z",
  },
  {
    "createdAt": "2026-09-26T09:30:12.397Z",
    "document": Promise {},
    "documentID": "mock-doc-french-seasons",
    "id": "mock-file-pdf-2",
    "identityId": "us-east-1:mock-identity-123",
    "level": "PROTECTED",
    "mimeType": "application/pdf",
    "name": "french-seasons-vocabulary.pdf",
    "owner": "mock-user-sub",
    "parsedContent": [Function anonymous],
    "path": "/story-mocks/descent-whoosh-long-cinematic-sound-effect-405921.mp3",
    "size": 456789,
    "updatedAt": "2026-09-26T09:30:12.397Z",
  },
  {
    "createdAt": "2026-09-26T09:00:12.397Z",
    "id": "mock-file-image-1",
    "identityId": "us-east-1:mock-identity-123",
    "level": "PUBLIC",
    "metadata": "{"analysis":{"description":"A detailed biological diagram showing the internal structure of a plant cell, including organelles such as the nucleus, chloroplasts, mitochondria, and cell wall."}}",
    "mimeType": "image/jpeg",
    "name": "cell-diagram.jpg",
    "owner": "mock-user-sub",
    "parsedContent": [Function anonymous],
    "path": "/story-mocks/piano-10046998_1280.jpg",
    "size": 234567,
    "updatedAt": "2026-09-26T09:00:12.397Z",
  },
  {
    "createdAt": "2026-09-26T10:00:12.397Z",
    "id": "mock-file-image-2",
    "identityId": "us-east-1:mock-identity-123",
    "level": "PUBLIC",
    "metadata": "{"analysis":{"description":"An illustration depicting the four seasons with representative landscapes and weather patterns for spring, summer, autumn, and winter."}}",
    "mimeType": "image/png",
    "name": "seasons-illustration.png",
    "owner": "mock-user-sub",
    "parsedContent": [Function anonymous],
    "path": "/story-mocks/animals-10008941_1280.jpg",
    "size": 345678,
    "updatedAt": "2026-09-26T10:00:12.397Z",
  },
  {
    "createdAt": "2026-09-26T08:00:12.397Z",
    "duration": 12,
    "id": "mock-file-audio-1",
    "identityId": "us-east-1:mock-identity-123",
    "level": "PROTECTED",
    "metadata": "{"analysis":{"transcription":"Kougousei wa shokubutsu ga hikari enerugi wo riyou shite nisan katanso to mizu kara tou wo tsukuru purosesu desu.","description":"Audio pronunciation of Japanese photosynthesis vocabulary terms."}}",
    "mimeType": "audio/mpeg",
    "name": "photosynthesis-pronunciation.mp3",
    "owner": "mock-user-sub",
    "parsedContent": [Function anonymous],
    "path": "/story-mocks/cinematic-designed-sci-fi-whoosh-transition-nexawave-228295.mp3",
    "size": 123456,
    "updatedAt": "2026-09-26T08:00:12.397Z",
  },
  {
    "createdAt": "2026-09-26T09:45:12.397Z",
    "duration": 8,
    "id": "mock-file-audio-2",
    "identityId": "us-east-1:mock-identity-123",
    "level": "PROTECTED",
    "metadata": "{"analysis":{"transcription":"Le printemps, l'été, l'automne, l'hiver. Les quatre saisons de l'année.","description":"Audio pronunciation of French seasonal vocabulary."}}",
    "mimeType": "audio/mpeg",
    "name": "seasons-audio.mp3",
    "owner": "mock-user-sub",
    "parsedContent": [Function anonymous],
    "path": "/story-mocks/descent-whoosh-long-cinematic-sound-effect-405921.mp3",
    "size": 98765,
    "updatedAt": "2026-09-26T09:45:12.397Z",
  },
]
[90mstdout[2m | src/components/Editor3/components/FileManager2.stories.jsx[2m > [22m[2mExpanded PDF Content
[22m[39m[FilesContext] Vector store population triggered {
  "currentVectorStoreSize": 3,
  "documentsCount": 2,
  "filesCount": 6,
  "isInitialLoad": true,
}
[90mstdout[2m | src/components/Editor3/components/FileManager2.stories.jsx[2m > [22m[2mExpanded PDF Content
[22m[39m[FilesContext] Vector store population complete - 3 total embeddings
[90mstdout[2m | src/components/Editor3/components/FileManager2.stories.jsx[2m > [22m[2mExpanded PDF Content
[22m[39m[ChatContext] No current chat available, will create one
[90mstdout[2m | src/components/Editor3/components/FileManager2.stories.jsx[2m > [22m[2mExpanded PDF Content
[22m[39m[ChatContext] Creating AssistantChat with user: undefined
[90mstdout[2m | src/components/Editor3/components/FileManager2.stories.jsx[2m > [22m[2mExpanded PDF Content
[22m[39m[Mock Data] AssistantChat created: mock-assistantchat-1790418612487 - notified 1 subscribers
[90mstdout[2m | src/components/Editor3/components/FileManager2.stories.jsx[2m > [22m[2mExpanded PDF Content
[22m[39m[ChatContext] Create result: {
  "data": {
    "_version": 1,
    "archived": false,
    "chatFiles": [Function anonymous],
    "createdAt": "2026-09-26T10:30:12.487Z",
    "id": "mock-assistantchat-1790418612487",
    "model": "gpt-4",
    "updatedAt": "2026-09-26T10:30:12.487Z",
  },
  "errors": [],
  "hasData": true,
  "hasErrors": true,
}
[90mstdout[2m | src/components/Editor3/components/FileManager2.stories.jsx[2m > [22m[2mExpanded PDF Content
[22m[39m[ChatContext] Created AssistantChat: mock-assistantchat-1790418612487 at: 2026-09-26T10:30:12.487Z
[90mstdout[2m | src/components/Editor3/components/FileManager2.stories.jsx[2m > [22m[2mExpanded PDF Content
[22m[39m[Mock Storage] downloadData called with: undefined
[90mstdout[2m | src/components/Editor3/components/FileManager2.stories.jsx[2m > [22m[2mExpanded PDF Content
[22m[39m[ChatContext] Setting initial chat: mock-assistantchat-1790418612487
[90mstdout[2m | src/components/Editor3/components/FileManager2.stories.jsx[2m > [22m[2mExpanded PDF Content
[22m[39m[ChatContext] Chat exists and not archived, skipping creation
 [32m✓[39m [30m[45m storybook (chromium) [49m[39m src/components/Editor3/components/FileManager2.stories.jsx [2m([22m[2m4 tests[22m[2m)[22m[33m 1534[2mms[22m[39m
   [33m[2m✓[22m[39m Default [33m 495[2mms[22m[39m
   [33m[2m✓[22m[39m With Expanded Content [33m 334[2mms[22m[39m
   [33m[2m✓[22m[39m Empty State [33m 361[2mms[22m[39m
   [33m[2m✓[22m[39m Expanded PDF Content [33m 343[2mms[22m[39m
[90mstdout[2m | unknown test
[22m[39m[MOCK vectorStoreDB.js] Module loaded - mock IndexedDB operations
[90mstdout[2m | unknown test
[22m[39m[Task Completion] DOM action listeners initialized
[90mstdout[2m | unknown test
[22m[39m[Task Completion] Auto-completion detector initialized
[90mstdout[2m | unknown test
[22m[39m[Preview] Task completion detector initialized
[90mstdout[2m | .storybook/docs/QuickTour-Instructor.stories.tsx[2m > [22m[2m1. Units Library
[22m[39m[Preview] Skipped clearing mock data (clearMockData=false)
[90mstdout[2m | .storybook/docs/QuickTour-Instructor.stories.tsx[2m > [22m[2m1. Units Library
[22m[39m[Preview] Skipped initializing default mock data (initializeMockData=false)
[90mstdout[2m | .storybook/docs/QuickTour-Instructor.stories.tsx[2m > [22m[2m1. Units Library
[22m[39m[Mock Auth] setMockUser: {
  "attributes": {
    "email": "teacher@example.com",
    "sub": "teacher-1",
  },
  "groups": [
    "Instructors",
  ],
  "username": "teacher-1",
}
[90mstdout[2m | .storybook/docs/QuickTour-Instructor.stories.tsx[2m > [22m[2m1. Units Library
[22m[39m[Mock Data] seedMockUnit: Adding unit unit-japanese-1
[90mstdout[2m | .storybook/docs/QuickTour-Instructor.stories.tsx[2m > [22m[2m1. Units Library
[22m[39m[Mock Data] seedMockUnit: Adding unit unit-japanese-2
[90mstdout[2m | .storybook/docs/QuickTour-Instructor.stories.tsx[2m > [22m[2m1. Units Library
[22m[39m[Mock Data] seedMockUnit: Adding unit unit-japanese-3
[90mstdout[2m | .storybook/docs/QuickTour-Instructor.stories.tsx[2m > [22m[2m1. Units Library
[22m[39m[Mock Data] seedMockUnit: Adding unit unit-kanji-basics
[90mstdout[2m | .storybook/docs/QuickTour-Instructor.stories.tsx[2m > [22m[2m1. Units Library
[22m[39m[Mock Data] seedMockSections: Adding 1 sections
[90mstdout[2m | .storybook/docs/QuickTour-Instructor.stories.tsx[2m > [22m[2m1. Units Library
[22m[39m[Mock Data] Seeding section: section-jpn-101 with owner: teacher-1
[90mstdout[2m | .storybook/docs/QuickTour-Instructor.stories.tsx[2m > [22m[2m1. Units Library
[22m[39m[Mock Data] Total sections in store: 1
[90mstdout[2m | .storybook/docs/QuickTour-Instructor.stories.tsx[2m > [22m[2m1. Units Library
[22m[39m[Mock Data] Sections in store: [
  {
    "id": "section-jpn-101",
    "name": "Japanese 101 - Spring 2024",
    "owner": "teacher-1",
  },
]
[90mstdout[2m | .storybook/docs/QuickTour-Instructor.stories.tsx[2m > [22m[2m1. Units Library
[22m[39m[Mock Data] No active Section subscriptions to notify yet
[90mstdout[2m | .storybook/docs/QuickTour-Instructor.stories.tsx[2m > [22m[2m1. Units Library
[22m[39m[Mock Data] seedMockAssignments: Adding 5 assignments
[90mstdout[2m | .storybook/docs/QuickTour-Instructor.stories.tsx[2m > [22m[2m1. Units Library
[22m[39m[Mock Data] Total assignments in store: 5
[90mstdout[2m | .storybook/docs/QuickTour-Instructor.stories.tsx[2m > [22m[2m1. Units Library
[22m[39m[Mock Data] Seeded grade: grade-alice-1 for unit: unit-japanese-1
[90mstdout[2m | .storybook/docs/QuickTour-Instructor.stories.tsx[2m > [22m[2m1. Units Library
[22m[39m[Mock Data] Grade has data: true
[90mstdout[2m | .storybook/docs/QuickTour-Instructor.stories.tsx[2m > [22m[2m1. Units Library
[22m[39m[Mock Data] Total grades in store: 1
[90mstdout[2m | .storybook/docs/QuickTour-Instructor.stories.tsx[2m > [22m[2m1. Units Library
[22m[39m[Mock Data] Seeded grade: grade-alice-1-attempt2 for unit: unit-japanese-1
[90mstdout[2m | .storybook/docs/QuickTour-Instructor.stories.tsx[2m > [22m[2m1. Units Library
[22m[39m[Mock Data] Grade has data: true
[90mstdout[2m | .storybook/docs/QuickTour-Instructor.stories.tsx[2m > [22m[2m1. Units Library
[22m[39m[Mock Data] Total grades in store: 2
[90mstdout[2m | .storybook/docs/QuickTour-Instructor.stories.tsx[2m > [22m[2m1. Units Library
[22m[39m[Mock Data] Seeded grade: grade-alice-2 for unit: unit-japanese-2
[90mstdout[2m | .storybook/docs/QuickTour-Instructor.stories.tsx[2m > [22m[2m1. Units Library
[22m[39m[Mock Data] Grade has data: true
[90mstdout[2m | .storybook/docs/QuickTour-Instructor.stories.tsx[2m > [22m[2m1. Units Library
[22m[39m[Mock Data] Total grades in store: 3
[90mstdout[2m | .storybook/docs/QuickTour-Instructor.stories.tsx[2m > [22m[2m1. Units Library
[22m[39m[Mock Data] Seeded grade: grade-bob-1 for unit: unit-japanese-1
[90mstdout[2m | .storybook/docs/QuickTour-Instructor.stories.tsx[2m > [22m[2m1. Units Library
[22m[39m[Mock Data] Grade has data: true
[90mstdout[2m | .storybook/docs/QuickTour-Instructor.stories.tsx[2m > [22m[2m1. Units Library
[22m[39m[Mock Data] Total grades in store: 4
[90mstdout[2m | .storybook/docs/QuickTour-Instructor.stories.tsx[2m > [22m[2m1. Units Library
[22m[39m[Mock Data] Seeded grade: grade-bob-2 for unit: unit-japanese-2
[90mstdout[2m | .storybook/docs/QuickTour-Instructor.stories.tsx[2m > [22m[2m1. Units Library
[22m[39m[Mock Data] Grade has data: true
[90mstdout[2m | .storybook/docs/QuickTour-Instructor.stories.tsx[2m > [22m[2m1. Units Library
[22m[39m[Mock Data] Total grades in store: 5
[90mstdout[2m | .storybook/docs/QuickTour-Instructor.stories.tsx[2m > [22m[2m1. Units Library
[22m[39m[Mock Data] Seeded grade: grade-carol-1 for unit: unit-japanese-1
[90mstdout[2m | .storybook/docs/QuickTour-Instructor.stories.tsx[2m > [22m[2m1. Units Library
[22m[39m[Mock Data] Grade has data: true
[90mstdout[2m | .storybook/docs/QuickTour-Instructor.stories.tsx[2m > [22m[2m1. Units Library
[22m[39m[Mock Data] Total grades in store: 6
[90mstdout[2m | .storybook/docs/QuickTour-Instructor.stories.tsx[2m > [22m[2m1. Units Library
[22m[39m[Mock Data] Seeded grade: grade-carol-2 for unit: unit-japanese-2
[90mstdout[2m | .storybook/docs/QuickTour-Instructor.stories.tsx[2m > [22m[2m1. Units Library
[22m[39m[Mock Data] Grade has data: true
[90mstdout[2m | .storybook/docs/QuickTour-Instructor.stories.tsx[2m > [22m[2m1. Units Library
[22m[39m[Mock Data] Total grades in store: 7
[90mstdout[2m | .storybook/docs/QuickTour-Instructor.stories.tsx[2m > [22m[2m1. Units Library
[22m[39m[Mock Data] Seeded grade: grade-dave-1 for unit: unit-japanese-1
[90mstdout[2m | .storybook/docs/QuickTour-Instructor.stories.tsx[2m > [22m[2m1. Units Library
[22m[39m[Mock Data] Grade has data: true
[90mstdout[2m | .storybook/docs/QuickTour-Instructor.stories.tsx[2m > [22m[2m1. Units Library
[22m[39m[Mock Data] Total grades in store: 8
[90mstdout[2m | .storybook/docs/QuickTour-Instructor.stories.tsx[2m > [22m[2m1. Units Library
[22m[39m[Mock Data] Seeded grade: grade-dave-2 for unit: unit-japanese-2
[90mstdout[2m | .storybook/docs/QuickTour-Instructor.stories.tsx[2m > [22m[2m1. Units Library
[22m[39m[Mock Data] Grade has data: true
[90mstdout[2m | .storybook/docs/QuickTour-Instructor.stories.tsx[2m > [22m[2m1. Units Library
[22m[39m[Mock Data] Total grades in store: 9
[90mstdout[2m | .storybook/docs/QuickTour-Instructor.stories.tsx[2m > [22m[2m1. Units Library
[22m[39m[Mock Data] Seeded grade: grade-eve-1 for unit: unit-japanese-1
[90mstdout[2m | .storybook/docs/QuickTour-Instructor.stories.tsx[2m > [22m[2m1. Units Library
[22m[39m[Mock Data] Grade has data: true
[90mstdout[2m | .storybook/docs/QuickTour-Instructor.stories.tsx[2m > [22m[2m1. Units Library
[22m[39m[Mock Data] Total grades in store: 10
[90mstdout[2m | .storybook/docs/QuickTour-Instructor.stories.tsx[2m > [22m[2m1. Units Library
[22m[39m[Mock Data] Seeded grade: grade-eve-2 for unit: unit-japanese-2
[90mstdout[2m | .storybook/docs/QuickTour-Instructor.stories.tsx[2m > [22m[2m1. Units Library
[22m[39m[Mock Data] Grade has data: true
[90mstdout[2m | .storybook/docs/QuickTour-Instructor.stories.tsx[2m > [22m[2m1. Units Library
[22m[39m[Mock Data] Total grades in store: 11
[90mstdout[2m | .storybook/docs/QuickTour-Instructor.stories.tsx[2m > [22m[2m1. Units Library
[22m[39m[Mock Data] Seeded grade: grade-frank-1 for unit: unit-japanese-1
[90mstdout[2m | .storybook/docs/QuickTour-Instructor.stories.tsx[2m > [22m[2m1. Units Library
[22m[39m[Mock Data] Grade has data: true
[90mstdout[2m | .storybook/docs/QuickTour-Instructor.stories.tsx[2m > [22m[2m1. Units Library
[22m[39m[Mock Data] Total grades in store: 12
[90mstdout[2m | .storybook/docs/QuickTour-Instructor.stories.tsx[2m > [22m[2m1. Units Library
[22m[39m[Mock Data] Seeded grade: grade-frank-2 for unit: unit-japanese-3
[90mstdout[2m | .storybook/docs/QuickTour-Instructor.stories.tsx[2m > [22m[2m1. Units Library
[22m[39m[Mock Data] Grade has data: true
[90mstdout[2m | .storybook/docs/QuickTour-Instructor.stories.tsx[2m > [22m[2m1. Units Library
[22m[39m[Mock Data] Total grades in store: 13
[90mstdout[2m | .storybook/docs/QuickTour-Instructor.stories.tsx[2m > [22m[2m1. Units Library
[22m[39m[Mock Data] seedMockStudentProfiles: Adding 6 student profiles
[90mstdout[2m | .storybook/docs/QuickTour-Instructor.stories.tsx[2m > [22m[2m1. Units Library
[22m[39m[Mock Data] seedMockHomeworkRooms: Adding 2 homework rooms
[90mstdout[2m | .storybook/docs/QuickTour-Instructor.stories.tsx[2m > [22m[2m1. Units Library
[22m[39m[IndexPageData] Seeded instructor dashboard with {
  "assignments": 5,
  "grades": 13,
  "sections": 1,
  "units": 4,
}
[90mstdout[2m | .storybook/docs/QuickTour-Instructor.stories.tsx[2m > [22m[2m1. Units Library
[22m[39m[MOCK CourseVectorStore] Initialized with mock data
[90mstdout[2m | .storybook/docs/QuickTour-Instructor.stories.tsx[2m > [22m[2m1. Units Library
[22m[39m[MOCK CourseVectorStore] Initialized with mock data
[90mstdout[2m | .storybook/docs/QuickTour-Instructor.stories.tsx[2m > [22m[2m1. Units Library
[22m[39m[useChatPageContext] Registering page context: {
  "dictionaryCount": 0,
  "filesCount": 0,
  "hasEditorRef": false,
  "hasUnit": false,
  "hasVectorStoreSearch": false,
  "questionsCount": 0,
  "sectionsCount": 0,
}
[90mstdout[2m | .storybook/docs/QuickTour-Instructor.stories.tsx[2m > [22m[2m1. Units Library
[22m[39m[Units] Setting up Unit observeQuery for user: undefined
[90mstdout[2m | .storybook/docs/QuickTour-Instructor.stories.tsx[2m > [22m[2m1. Units Library
[22m[39m[FilesContext] Initializing vector store from IndexedDB
[90mstdout[2m | .storybook/docs/QuickTour-Instructor.stories.tsx[2m > [22m[2m1. Units Library
[22m[39m[FilesContext] fetchFiles called
[90mstdout[2m | .storybook/docs/QuickTour-Instructor.stories.tsx[2m > [22m[2m1. Units Library
[22m[39m[FilesContext] User authenticated: teacher-1
[90mstdout[2m | .storybook/docs/QuickTour-Instructor.stories.tsx[2m > [22m[2m1. Units Library
[22m[39m[FilesContext] Identity ID: identity-teacher-1
[90mstdout[2m | .storybook/docs/QuickTour-Instructor.stories.tsx[2m > [22m[2m1. Units Library
[22m[39m[FilesContext] About to set up File observeQuery
[90mstdout[2m | .storybook/docs/QuickTour-Instructor.stories.tsx[2m > [22m[2m1. Units Library
[22m[39m[TranslationModeController] Setting mode to: off
[90mstdout[2m | .storybook/docs/QuickTour-Instructor.stories.tsx[2m > [22m[2m1. Units Library
[22m[39m[FilesContext] Initializing vector store from IndexedDB
[90mstdout[2m | .storybook/docs/QuickTour-Instructor.stories.tsx[2m > [22m[2m1. Units Library
[22m[39m[FilesContext] fetchFiles called
[90mstdout[2m | .storybook/docs/QuickTour-Instructor.stories.tsx[2m > [22m[2m1. Units Library
[22m[39m[FilesContext] User authenticated: teacher-1
[90mstdout[2m | .storybook/docs/QuickTour-Instructor.stories.tsx[2m > [22m[2m1. Units Library
[22m[39m[FilesContext] Identity ID: identity-teacher-1
[90mstdout[2m | .storybook/docs/QuickTour-Instructor.stories.tsx[2m > [22m[2m1. Units Library
[22m[39m[FilesContext] About to set up File observeQuery
[90mstdout[2m | .storybook/docs/QuickTour-Instructor.stories.tsx[2m > [22m[2m1. Units Library
[22m[39m[ChatContext] Setting up AssistantChat observeQuery
[90mstdout[2m | .storybook/docs/QuickTour-Instructor.stories.tsx[2m > [22m[2m1. Units Library
[22m[39m[ChatContext] Waiting for subscription to initialize
[90mstdout[2m | .storybook/docs/QuickTour-Instructor.stories.tsx[2m > [22m[2m1. Units Library
[22m[39m[SettingsContext] Setting up Settings subscription for user: teacher-1
[90mstdout[2m | .storybook/docs/QuickTour-Instructor.stories.tsx[2m > [22m[2m1. Units Library
[22m[39m[Mock Data] Settings created: mock-settings-1790418616757 - notified 0 subscribers
[90mstdout[2m | .storybook/docs/QuickTour-Instructor.stories.tsx[2m > [22m[2m1. Units Library
[22m[39m[Units] Unit observeQuery update: 4 units
[90mstdout[2m | .storybook/docs/QuickTour-Instructor.stories.tsx[2m > [22m[2m1. Units Library
[22m[39m[FilesContext] File observeQuery update: 0 files
[90mstdout[2m | .storybook/docs/QuickTour-Instructor.stories.tsx[2m > [22m[2m1. Units Library
[22m[39m[FilesContext] File observeQuery update: 0 files
[90mstdout[2m | .storybook/docs/QuickTour-Instructor.stories.tsx[2m > [22m[2m1. Units Library
[22m[39m[ChatContext] AssistantChat initialized with 0 chats
[90mstdout[2m | .storybook/docs/QuickTour-Instructor.stories.tsx[2m > [22m[2m1. Units Library
[22m[39m[MOCK CourseVectorStore] Initialized with mock data
[90mstdout[2m | .storybook/docs/QuickTour-Instructor.stories.tsx[2m > [22m[2m1. Units Library
[22m[39m[MOCK CourseVectorStore] Initialized with mock data
[90mstdout[2m | .storybook/docs/QuickTour-Instructor.stories.tsx[2m > [22m[2m1. Units Library
[22m[39m[ChatContext] No current chat available, will create one
[90mstdout[2m | .storybook/docs/QuickTour-Instructor.stories.tsx[2m > [22m[2m1. Units Library
[22m[39m[ChatContext] Creating AssistantChat with user: undefined
[90mstdout[2m | .storybook/docs/QuickTour-Instructor.stories.tsx[2m > [22m[2m1. Units Library
[22m[39m[Mock Data] AssistantChat created: mock-assistantchat-1790418616826 - notified 1 subscribers
[90mstdout[2m | .storybook/docs/QuickTour-Instructor.stories.tsx[2m > [22m[2m1. Units Library
[22m[39m[ChatContext] Create result: {
  "data": {
    "_version": 1,
    "archived": false,
    "chatFiles": [Function anonymous],
    "createdAt": "2026-09-26T10:30:16.826Z",
    "id": "mock-assistantchat-1790418616826",
    "model": "gpt-4",
    "updatedAt": "2026-09-26T10:30:16.826Z",
  },
  "errors": [],
  "hasData": true,
  "hasErrors": true,
}
[90mstdout[2m | .storybook/docs/QuickTour-Instructor.stories.tsx[2m > [22m[2m1. Units Library
[22m[39m[ChatContext] Created AssistantChat: mock-assistantchat-1790418616826 at: 2026-09-26T10:30:16.826Z
[90mstdout[2m | .storybook/docs/QuickTour-Instructor.stories.tsx[2m > [22m[2m1. Units Library
[22m[39m[Mock Storage] downloadData called with: undefined
[90mstdout[2m | .storybook/docs/QuickTour-Instructor.stories.tsx[2m > [22m[2m1. Units Library
[22m[39m[ChatContext] Setting initial chat: mock-assistantchat-1790418616826
[90mstdout[2m | .storybook/docs/QuickTour-Instructor.stories.tsx[2m > [22m[2m1. Units Library
[22m[39m[ChatContext] Chat exists and not archived, skipping creation
[90mstdout[2m | .storybook/docs/QuickTour-Instructor.stories.tsx[2m > [22m[2m1. Units Library
[22m[39m[Mock Storage] downloadData called with: undefined
[90mstdout[2m | .storybook/docs/QuickTour-Instructor.stories.tsx[2m > [22m[2m1. Units Library
[22m[39mMock Cache.getItem called with: getCachedUrl_/story-mocks/piano-10046998_1280.jpg
[90mstdout[2m | .storybook/docs/QuickTour-Instructor.stories.tsx[2m > [22m[2m1. Units Library
[22m[39mMock Cache.getItem called with: getCachedUrl_/story-mocks/animals-10008941_1280.jpg
[90mstdout[2m | .storybook/docs/QuickTour-Instructor.stories.tsx[2m > [22m[2m1. Units Library
[22m[39mMock Cache.getItem called with: getCachedUrl_/story-mocks/namibia-9992336_1280.jpg
[90mstdout[2m | .storybook/docs/QuickTour-Instructor.stories.tsx[2m > [22m[2m1. Units Library
[22m[39mMock Cache.getItem called with: getCachedUrl_/story-mocks/320px-Test_sign.jpg
[90mstdout[2m | .storybook/docs/QuickTour-Instructor.stories.tsx[2m > [22m[2m1. Units Library
[22m[39mMock getUrl called with: /story-mocks/piano-10046998_1280.jpg
[90mstdout[2m | .storybook/docs/QuickTour-Instructor.stories.tsx[2m > [22m[2m1. Units Library
[22m[39mMock getUrl called with: /story-mocks/animals-10008941_1280.jpg
[90mstdout[2m | .storybook/docs/QuickTour-Instructor.stories.tsx[2m > [22m[2m1. Units Library
[22m[39mMock getUrl called with: /story-mocks/namibia-9992336_1280.jpg
[90mstdout[2m | .storybook/docs/QuickTour-Instructor.stories.tsx[2m > [22m[2m1. Units Library
[22m[39mMock getUrl called with: /story-mocks/320px-Test_sign.jpg
[90mstdout[2m | .storybook/docs/QuickTour-Instructor.stories.tsx[2m > [22m[2m1. Units Library
[22m[39mMock Cache.setItem called with: getCachedUrl_/story-mocks/piano-10046998_1280.jpg /story-mocks/piano-10046998_1280.jpg
[90mstdout[2m | .storybook/docs/QuickTour-Instructor.stories.tsx[2m > [22m[2m1. Units Library
[22m[39mMock Cache.setItem called with: getCachedUrl_/story-mocks/animals-10008941_1280.jpg /story-mocks/animals-10008941_1280.jpg
[90mstdout[2m | .storybook/docs/QuickTour-Instructor.stories.tsx[2m > [22m[2m1. Units Library
[22m[39mMock Cache.setItem called with: getCachedUrl_/story-mocks/namibia-9992336_1280.jpg /story-mocks/namibia-9992336_1280.jpg
[90mstdout[2m | .storybook/docs/QuickTour-Instructor.stories.tsx[2m > [22m[2m1. Units Library
[22m[39mMock Cache.setItem called with: getCachedUrl_/story-mocks/320px-Test_sign.jpg /story-mocks/320px-Test_sign.jpg
[90mstdout[2m | .storybook/docs/QuickTour-Instructor.stories.tsx[2m > [22m[2m2. Unit Editor
[22m[39m[ChatContext] Cleaning up subscriptions
[90mstdout[2m | .storybook/docs/QuickTour-Instructor.stories.tsx[2m > [22m[2m2. Unit Editor
[22m[39m[useChatPageContext] Cleaning up page context
[90mstdout[2m | .storybook/docs/QuickTour-Instructor.stories.tsx[2m > [22m[2m2. Unit Editor
[22m[39m[Preview] Skipped clearing mock data (clearMockData=false)
[90mstdout[2m | .storybook/docs/QuickTour-Instructor.stories.tsx[2m > [22m[2m2. Unit Editor
[22m[39m[Preview] Skipped initializing default mock data (initializeMockData=false)
[90mstdout[2m | .storybook/docs/QuickTour-Instructor.stories.tsx[2m > [22m[2m2. Unit Editor
[22m[39m[Mock Auth] setMockUser: {
  "attributes": {
    "email": "teacher@example.com",
    "sub": "teacher-1",
  },
  "groups": [
    "Instructors",
  ],
  "username": "teacher-1",
}
[90mstdout[2m | .storybook/docs/QuickTour-Instructor.stories.tsx[2m > [22m[2m2. Unit Editor
[22m[39m[Mock Data] seedMockUnit: Adding unit unit-japanese-1
[90mstdout[2m | .storybook/docs/QuickTour-Instructor.stories.tsx[2m > [22m[2m2. Unit Editor
[22m[39m[Mock Data] seedMockUnit: Adding unit unit-japanese-2
[90mstdout[2m | .storybook/docs/QuickTour-Instructor.stories.tsx[2m > [22m[2m2. Unit Editor
[22m[39m[Mock Data] seedMockUnit: Adding unit unit-japanese-3
[90mstdout[2m | .storybook/docs/QuickTour-Instructor.stories.tsx[2m > [22m[2m2. Unit Editor
[22m[39m[Mock Data] seedMockUnit: Adding unit unit-kanji-basics
[90mstdout[2m | .storybook/docs/QuickTour-Instructor.stories.tsx[2m > [22m[2m2. Unit Editor
[22m[39m[Mock Data] seedMockSections: Adding 1 sections
[90mstdout[2m | .storybook/docs/QuickTour-Instructor.stories.tsx[2m > [22m[2m2. Unit Editor
[22m[39m[Mock Data] Seeding section: section-jpn-101 with owner: teacher-1
[90mstdout[2m | .storybook/docs/QuickTour-Instructor.stories.tsx[2m > [22m[2m2. Unit Editor
[22m[39m[Mock Data] Total sections in store: 1
[90mstdout[2m | .storybook/docs/QuickTour-Instructor.stories.tsx[2m > [22m[2m2. Unit Editor
[22m[39m[Mock Data] Sections in store: [
  {
    "id": "section-jpn-101",
    "name": "Japanese 101 - Spring 2024",
    "owner": "teacher-1",
  },
]
[90mstdout[2m | .storybook/docs/QuickTour-Instructor.stories.tsx[2m > [22m[2m2. Unit Editor
[22m[39m[Mock Data] No active Section subscriptions to notify yet
[90mstdout[2m | .storybook/docs/QuickTour-Instructor.stories.tsx[2m > [22m[2m2. Unit Editor
[22m[39m[Mock Data] seedMockAssignments: Adding 5 assignments
[90mstdout[2m | .storybook/docs/QuickTour-Instructor.stories.tsx[2m > [22m[2m2. Unit Editor
[22m[39m[Mock Data] Total assignments in store: 5
[90mstdout[2m | .storybook/docs/QuickTour-Instructor.stories.tsx[2m > [22m[2m2. Unit Editor
[22m[39m[Mock Data] Seeded grade: grade-alice-1 for unit: unit-japanese-1
[90mstdout[2m | .storybook/docs/QuickTour-Instructor.stories.tsx[2m > [22m[2m2. Unit Editor
[22m[39m[Mock Data] Grade has data: true
[90mstdout[2m | .storybook/docs/QuickTour-Instructor.stories.tsx[2m > [22m[2m2. Unit Editor
[22m[39m[Mock Data] Total grades in store: 1
[90mstdout[2m | .storybook/docs/QuickTour-Instructor.stories.tsx[2m > [22m[2m2. Unit Editor
[22m[39m[Mock Data] Seeded grade: grade-alice-1-attempt2 for unit: unit-japanese-1
[90mstdout[2m | .storybook/docs/QuickTour-Instructor.stories.tsx[2m > [22m[2m2. Unit Editor
[22m[39m[Mock Data] Grade has data: true
[90mstdout[2m | .storybook/docs/QuickTour-Instructor.stories.tsx[2m > [22m[2m2. Unit Editor
[22m[39m[Mock Data] Total grades in store: 2
[90mstdout[2m | .storybook/docs/QuickTour-Instructor.stories.tsx[2m > [22m[2m2. Unit Editor
[22m[39m[Mock Data] Seeded grade: grade-alice-2 for unit: unit-japanese-2
[90mstdout[2m | .storybook/docs/QuickTour-Instructor.stories.tsx[2m > [22m[2m2. Unit Editor
[22m[39m[Mock Data] Grade has data: true
[90mstdout[2m | .storybook/docs/QuickTour-Instructor.stories.tsx[2m > [22m[2m2. Unit Editor
[22m[39m[Mock Data] Total grades in store: 3
[90mstdout[2m | .storybook/docs/QuickTour-Instructor.stories.tsx[2m > [22m[2m2. Unit Editor
[22m[39m[Mock Data] Seeded grade: grade-bob-1 for unit: unit-japanese-1
[90mstdout[2m | .storybook/docs/QuickTour-Instructor.stories.tsx[2m > [22m[2m2. Unit Editor
[22m[39m[Mock Data] Grade has data: true
[90mstdout[2m | .storybook/docs/QuickTour-Instructor.stories.tsx[2m > [22m[2m2. Unit Editor
[22m[39m[Mock Data] Total grades in store: 4
[90mstdout[2m | .storybook/docs/QuickTour-Instructor.stories.tsx[2m > [22m[2m2. Unit Editor
[22m[39m[Mock Data] Seeded grade: grade-bob-2 for unit: unit-japanese-2
[90mstdout[2m | .storybook/docs/QuickTour-Instructor.stories.tsx[2m > [22m[2m2. Unit Editor
[22m[39m[Mock Data] Grade has data: true
[90mstdout[2m | .storybook/docs/QuickTour-Instructor.stories.tsx[2m > [22m[2m2. Unit Editor
[22m[39m[Mock Data] Total grades in store: 5
[90mstdout[2m | .storybook/docs/QuickTour-Instructor.stories.tsx[2m > [22m[2m2. Unit Editor
[22m[39m[Mock Data] Seeded grade: grade-carol-1 for unit: unit-japanese-1
[90mstdout[2m | .storybook/docs/QuickTour-Instructor.stories.tsx[2m > [22m[2m2. Unit Editor
[22m[39m[Mock Data] Grade has data: true
[90mstdout[2m | .storybook/docs/QuickTour-Instructor.stories.tsx[2m > [22m[2m2. Unit Editor
[22m[39m[Mock Data] Total grades in store: 6
[90mstdout[2m | .storybook/docs/QuickTour-Instructor.stories.tsx[2m > [22m[2m2. Unit Editor
[22m[39m[Mock Data] Seeded grade: grade-carol-2 for unit: unit-japanese-2
[90mstdout[2m | .storybook/docs/QuickTour-Instructor.stories.tsx[2m > [22m[2m2. Unit Editor
[22m[39m[Mock Data] Grade has data: true
[90mstdout[2m | .storybook/docs/QuickTour-Instructor.stories.tsx[2m > [22m[2m2. Unit Editor
[22m[39m[Mock Data] Total grades in store: 7
[90mstdout[2m | .storybook/docs/QuickTour-Instructor.stories.tsx[2m > [22m[2m2. Unit Editor
[22m[39m[Mock Data] Seeded grade: grade-dave-1 for unit: unit-japanese-1
[90mstdout[2m | .storybook/docs/QuickTour-Instructor.stories.tsx[2m > [22m[2m2. Unit Editor
[22m[39m[Mock Data] Grade has data: true
[90mstdout[2m | .storybook/docs/QuickTour-Instructor.stories.tsx[2m > [22m[2m2. Unit Editor
[22m[39m[Mock Data] Total grades in store: 8
[90mstdout[2m | .storybook/docs/QuickTour-Instructor.stories.tsx[2m > [22m[2m2. Unit Editor
[22m[39m[Mock Data] Seeded grade: grade-dave-2 for unit: unit-japanese-2
[90mstdout[2m | .storybook/docs/QuickTour-Instructor.stories.tsx[2m > [22m[2m2. Unit Editor
[22m[39m[Mock Data] Grade has data: true
[90mstdout[2m | .storybook/docs/QuickTour-Instructor.stories.tsx[2m > [22m[2m2. Unit Editor
[22m[39m[Mock Data] Total grades in store: 9
[90mstdout[2m | .storybook/docs/QuickTour-Instructor.stories.tsx[2m > [22m[2m2. Unit Editor
[22m[39m[Mock Data] Seeded grade: grade-eve-1 for unit: unit-japanese-1
[90mstdout[2m | .storybook/docs/QuickTour-Instructor.stories.tsx[2m > [22m[2m2. Unit Editor
[22m[39m[Mock Data] Grade has data: true
[90mstdout[2m | .storybook/docs/QuickTour-Instructor.stories.tsx[2m > [22m[2m2. Unit Editor
[22m[39m[Mock Data] Total grades in store: 10
[90mstdout[2m | .storybook/docs/QuickTour-Instructor.stories.tsx[2m > [22m[2m2. Unit Editor
[22m[39m[Mock Data] Seeded grade: grade-eve-2 for unit: unit-japanese-2
[90mstdout[2m | .storybook/docs/QuickTour-Instructor.stories.tsx[2m > [22m[2m2. Unit Editor
[22m[39m[Mock Data] Grade has data: true
[90mstdout[2m | .storybook/docs/QuickTour-Instructor.stories.tsx[2m > [22m[2m2. Unit Editor
[22m[39m[Mock Data] Total grades in store: 11
[90mstdout[2m | .storybook/docs/QuickTour-Instructor.stories.tsx[2m > [22m[2m2. Unit Editor
[22m[39m[Mock Data] Seeded grade: grade-frank-1 for unit: unit-japanese-1
[90mstdout[2m | .storybook/docs/QuickTour-Instructor.stories.tsx[2m > [22m[2m2. Unit Editor
[22m[39m[Mock Data] Grade has data: true
[90mstdout[2m | .storybook/docs/QuickTour-Instructor.stories.tsx[2m > [22m[2m2. Unit Editor
[22m[39m[Mock Data] Total grades in store: 12
[90mstdout[2m | .storybook/docs/QuickTour-Instructor.stories.tsx[2m > [22m[2m2. Unit Editor
[22m[39m[Mock Data] Seeded grade: grade-frank-2 for unit: unit-japanese-3
[90mstdout[2m | .storybook/docs/QuickTour-Instructor.stories.tsx[2m > [22m[2m2. Unit Editor
[22m[39m[Mock Data] Grade has data: true
[90mstdout[2m | .storybook/docs/QuickTour-Instructor.stories.tsx[2m > [22m[2m2. Unit Editor
[22m[39m[Mock Data] Total grades in store: 13
[90mstdout[2m | .storybook/docs/QuickTour-Instructor.stories.tsx[2m > [22m[2m2. Unit Editor
[22m[39m[Mock Data] seedMockStudentProfiles: Adding 6 student profiles
[90mstdout[2m | .storybook/docs/QuickTour-Instructor.stories.tsx[2m > [22m[2m2. Unit Editor
[22m[39m[Mock Data] seedMockHomeworkRooms: Adding 2 homework rooms
[90mstdout[2m | .storybook/docs/QuickTour-Instructor.stories.tsx[2m > [22m[2m2. Unit Editor
[22m[39m[IndexPageData] Seeded instructor dashboard with {
  "assignments": 5,
  "grades": 13,
  "sections": 1,
  "units": 4,
}
[90mstdout[2m | .storybook/docs/QuickTour-Instructor.stories.tsx[2m > [22m[2m2. Unit Editor
[22m[39m[MOCK CourseVectorStore] Initialized with mock data
[90mstdout[2m | .storybook/docs/QuickTour-Instructor.stories.tsx[2m > [22m[2m2. Unit Editor
[22m[39m[MOCK CourseVectorStore] Initialized with mock data
[90mstdout[2m | .storybook/docs/QuickTour-Instructor.stories.tsx[2m > [22m[2m2. Unit Editor
[22m[39m[MOCK CourseVectorStore] Initialized with mock data
[90mstdout[2m | .storybook/docs/QuickTour-Instructor.stories.tsx[2m > [22m[2m2. Unit Editor
[22m[39m[UnitContext] useEffect triggered {
  "authLoading": false,
  "hasUser": true,
  "id": "unit-japanese-1",
  "userSub": "teacher-1",
}
[90mstdout[2m | .storybook/docs/QuickTour-Instructor.stories.tsx[2m > [22m[2m2. Unit Editor
[22m[39m[UnitContext] Fetching unit data for id: unit-japanese-1
[90mstdout[2m | .storybook/docs/QuickTour-Instructor.stories.tsx[2m > [22m[2m2. Unit Editor
[22m[39m[FilesContext] Initializing vector store from IndexedDB
[90mstdout[2m | .storybook/docs/QuickTour-Instructor.stories.tsx[2m > [22m[2m2. Unit Editor
[22m[39m[FilesContext] fetchFiles called
[90mstdout[2m | .storybook/docs/QuickTour-Instructor.stories.tsx[2m > [22m[2m2. Unit Editor
[22m[39m[FilesContext] User authenticated: teacher-1
[90mstdout[2m | .storybook/docs/QuickTour-Instructor.stories.tsx[2m > [22m[2m2. Unit Editor
[22m[39m[FilesContext] Identity ID: identity-teacher-1
[90mstdout[2m | .storybook/docs/QuickTour-Instructor.stories.tsx[2m > [22m[2m2. Unit Editor
[22m[39m[FilesContext] About to set up File observeQuery
[90mstdout[2m | .storybook/docs/QuickTour-Instructor.stories.tsx[2m > [22m[2m2. Unit Editor
[22m[39m[FilesContext] Initializing vector store from IndexedDB
[90mstdout[2m | .storybook/docs/QuickTour-Instructor.stories.tsx[2m > [22m[2m2. Unit Editor
[22m[39m[FilesContext] fetchFiles called
[90mstdout[2m | .storybook/docs/QuickTour-Instructor.stories.tsx[2m > [22m[2m2. Unit Editor
[22m[39m[FilesContext] User authenticated: teacher-1
[90mstdout[2m | .storybook/docs/QuickTour-Instructor.stories.tsx[2m > [22m[2m2. Unit Editor
[22m[39m[FilesContext] Identity ID: identity-teacher-1
[90mstdout[2m | .storybook/docs/QuickTour-Instructor.stories.tsx[2m > [22m[2m2. Unit Editor
[22m[39m[FilesContext] About to set up File observeQuery
[90mstdout[2m | .storybook/docs/QuickTour-Instructor.stories.tsx[2m > [22m[2m2. Unit Editor
[22m[39m[TranslationModeController] Setting mode to: off
[90mstdout[2m | .storybook/docs/QuickTour-Instructor.stories.tsx[2m > [22m[2m2. Unit Editor
[22m[39m[FilesContext] Initializing vector store from IndexedDB
[90mstdout[2m | .storybook/docs/QuickTour-Instructor.stories.tsx[2m > [22m[2m2. Unit Editor
[22m[39m[FilesContext] fetchFiles called
[90mstdout[2m | .storybook/docs/QuickTour-Instructor.stories.tsx[2m > [22m[2m2. Unit Editor
[22m[39m[FilesContext] User authenticated: teacher-1
[90mstdout[2m | .storybook/docs/QuickTour-Instructor.stories.tsx[2m > [22m[2m2. Unit Editor
[22m[39m[FilesContext] Identity ID: identity-teacher-1
[90mstdout[2m | .storybook/docs/QuickTour-Instructor.stories.tsx[2m > [22m[2m2. Unit Editor
[22m[39m[FilesContext] About to set up File observeQuery
[90mstdout[2m | .storybook/docs/QuickTour-Instructor.stories.tsx[2m > [22m[2m2. Unit Editor
[22m[39m[ChatContext] Setting up AssistantChat observeQuery
[90mstdout[2m | .storybook/docs/QuickTour-Instructor.stories.tsx[2m > [22m[2m2. Unit Editor
[22m[39m[ChatContext] Waiting for subscription to initialize
[90mstdout[2m | .storybook/docs/QuickTour-Instructor.stories.tsx[2m > [22m[2m2. Unit Editor
[22m[39m[SettingsContext] Setting up Settings subscription for user: teacher-1
[90mstdout[2m | .storybook/docs/QuickTour-Instructor.stories.tsx[2m > [22m[2m2. Unit Editor
[22m[39m[MOCK CourseVectorStore] Initialized with mock data
[90mstdout[2m | .storybook/docs/QuickTour-Instructor.stories.tsx[2m > [22m[2m2. Unit Editor
[22m[39m[Mock Data] Settings created: mock-settings-1790418618581 - notified 0 subscribers
[90mstdout[2m | .storybook/docs/QuickTour-Instructor.stories.tsx[2m > [22m[2m2. Unit Editor
[22m[39m[Mock Data] Unit.onUpdate() subscription added. Total: 1
[90mstdout[2m | .storybook/docs/QuickTour-Instructor.stories.tsx[2m > [22m[2m2. Unit Editor
[22m[39m[useTabState] Initialized with: {
  "leftOpen": false,
  "leftTab": 4,
  "leftWidth": 350,
  "rightOpen": false,
  "rightTab": 5,
  "rightWidth": 350,
} from URL: {} localStorage: null defaults: {
  "defaultLeftTab": 4,
  "defaultRightTab": 5,
}
[90mstdout[2m | .storybook/docs/QuickTour-Instructor.stories.tsx[2m > [22m[2m2. Unit Editor
[22m[39m[FileManager2] Files received from context: 0 []
[90mstdout[2m | .storybook/docs/QuickTour-Instructor.stories.tsx[2m > [22m[2m2. Unit Editor
[22m[39m[FileManager2] Upload useEffect triggered. filesToUpload: 0 uploadInProgress: false
[90mstdout[2m | .storybook/docs/QuickTour-Instructor.stories.tsx[2m > [22m[2m2. Unit Editor
[22m[39m[FileManager2] Skipping upload - no files or already in progress
[90mstdout[2m | .storybook/docs/QuickTour-Instructor.stories.tsx[2m > [22m[2m2. Unit Editor
[22m[39m[chatTools] Vector store search function registered: true
[90mstdout[2m | .storybook/docs/QuickTour-Instructor.stories.tsx[2m > [22m[2m2. Unit Editor
[22m[39m[ChatSidebar] Registered vector store search, isReady: false
[90mstdout[2m | .storybook/docs/QuickTour-Instructor.stories.tsx[2m > [22m[2m2. Unit Editor
[22m[39m[chatTools] Practice drill callback registered: true
[90mstdout[2m | .storybook/docs/QuickTour-Instructor.stories.tsx[2m > [22m[2m2. Unit Editor
[22m[39m[useChatPageContext] Registering page context: {
  "dictionaryCount": 0,
  "filesCount": 0,
  "hasEditorRef": true,
  "hasUnit": true,
  "hasVectorStoreSearch": true,
  "questionsCount": 0,
  "sectionsCount": 0,
}
[90mstdout[2m | .storybook/docs/QuickTour-Instructor.stories.tsx[2m > [22m[2m2. Unit Editor
[22m[39m[Mock] CollaborationPlugin rendered with props: {
  "color": "#10b981",
  "cursorsContainerRef": {
    "current": <div
      class="jsx-9364b876b91d91fe collaboration-cursors-container"
      style="position: relative;"
    >
      <div
        aria-label="Edit"
        autocapitalize="off"
        class="editor"
        contenteditable="true"
        data-lexical-editor="true"
        data-tour="editor"
        dir="ltr"
        role="textbox"
        spellcheck="true"
        style="max-width: 100%; outline: none; min-height: 100%; padding: 1rem 2rem 1rem 0.5rem; user-select: text; white-space: pre-wrap; word-break: break-word;"
      >
        <h1
          class="LanguageEditorTheme__h1"
          dir="ltr"
        >
          <span
            data-lexical-text="true"
          >
            Japanese Greetings
          </span>
        </h1>
      </div>
    </div>,
  },
  "provider": YjsDocProvider {
    "awareness": Awareness {
      "_checkInterval": 157,
      "_observers": Map {},
      "clientID": 3197629899,
      "doc": {
        "editorContent": "",
        "metadata": {},
      },
      "meta": Map {
        3197629899 => {
          "clock": 0,
          "lastUpdated": 1790418618718,
        },
      },
      "states": Map {
        3197629899 => {},
      },
    },
    "config": {
      "connect": true,
      "docName": "unit-unit-japanese-1",
      "maxBackoffTime": 30000,
      "persistence": true,
      "resyncInterval": 5000,
      "wsUrl": "wss://j5eyo7cpia.execute-api.us-east-1.amazonaws.com/live",
    },
    "defaultConfig": {
      "connect": true,
      "maxBackoffTime": 30000,
      "persistence": true,
      "resyncInterval": 5000,
      "wsUrl": "wss://j5eyo7cpia.execute-api.us-east-1.amazonaws.com/live",
    },
    "docName": "unit-unit-japanese-1",
    "hasLoggedConnectionError": false,
    "indexeddb": IndexeddbPersistence {
      "_db": Promise {},
      "_dbref": 0,
      "_dbsize": 0,
      "_destroyed": false,
      "_observers": Map {
        "synced" => Set {
          [Function anonymous],
        },
      },
      "_storeTimeout": 1000,
      "_storeTimeoutId": null,
      "_storeUpdate": [Function anonymous],
      "db": null,
      "destroy": [Function bound destroy],
      "doc": {
        "editorContent": "",
        "metadata": {},
      },
      "name": "unit-unit-japanese-1",
      "synced": false,
      "whenSynced": Promise {},
    },
    "lastStatusLog": "",
    "listeners": Map {
      "doc-reset" => Set {
        [Function handleDocReset],
      },
    },
    "resetCount": 0,
    "wsProvider": WebsocketProvider {
      "_listeners": {
        "connection-close": [
          [Function anonymous],
        ],
        "connection-error": [
          [Function anonymous],
        ],
        "status": [
          [Function anonymous],
          [Function handleStatus],
        ],
        "sync": [
          [Function anonymous],
          [Function handleSync],
        ],
      },
      "awareness": Awareness {
        "_checkInterval": 157,
        "_observers": Map {},
        "clientID": 3197629899,
        "doc": {
          "editorContent": "",
          "metadata": {},
        },
        "meta": Map {
          3197629899 => {
            "clock": 0,
            "lastUpdated": 1790418618718,
          },
        },
        "states": Map {
          3197629899 => {},
        },
      },
      "doc": {
        "editorContent": "",
        "metadata": {},
      },
      "roomname": "unit-unit-japanese-1",
      "synced": false,
      "wsconnected": false,
    },
    "ydoc": {
      "editorContent": "",
      "metadata": {},
    },
  },
  "username": "teacher-1",
}
[90mstdout[2m | .storybook/docs/QuickTour-Instructor.stories.tsx[2m > [22m[2m2. Unit Editor
[22m[39m[useChatPageContext] Cleaning up page context
[90mstdout[2m | .storybook/docs/QuickTour-Instructor.stories.tsx[2m > [22m[2m2. Unit Editor
[22m[39m[useChatPageContext] Registering page context: {
  "dictionaryCount": 0,
  "filesCount": 0,
  "hasEditorRef": true,
  "hasUnit": true,
  "hasVectorStoreSearch": true,
  "questionsCount": 0,
  "sectionsCount": 0,
}
[90mstdout[2m | .storybook/docs/QuickTour-Instructor.stories.tsx[2m > [22m[2m2. Unit Editor
[22m[39m[Mock] CollaborationPlugin rendered with props: {
  "color": "#10b981",
  "cursorsContainerRef": {
    "current": <div
      class="jsx-9364b876b91d91fe collaboration-cursors-container"
      style="position: relative;"
    >
      <div
        aria-label="Edit"
        autocapitalize="off"
        class="editor"
        contenteditable="true"
        data-lexical-editor="true"
        data-tour="editor"
        dir="ltr"
        role="textbox"
        spellcheck="true"
        style="max-width: 100%; outline: none; min-height: 100%; padding: 1rem 2rem 1rem 0.5rem; user-select: text; white-space: pre-wrap; word-break: break-word;"
      >
        <h1
          class="LanguageEditorTheme__h1"
          dir="ltr"
        >
          <span
            data-lexical-text="true"
          >
            Japanese Greetings
          </span>
        </h1>
      </div>
    </div>,
  },
  "provider": YjsDocProvider {
    "awareness": Awareness {
      "_checkInterval": 157,
      "_observers": Map {},
      "clientID": 3197629899,
      "doc": {
        "editorContent": "",
        "metadata": {},
      },
      "meta": Map {
        3197629899 => {
          "clock": 0,
          "lastUpdated": 1790418618718,
        },
      },
      "states": Map {
        3197629899 => {},
      },
    },
    "config": {
      "connect": true,
      "docName": "unit-unit-japanese-1",
      "maxBackoffTime": 30000,
      "persistence": true,
      "resyncInterval": 5000,
      "wsUrl": "wss://j5eyo7cpia.execute-api.us-east-1.amazonaws.com/live",
    },
    "defaultConfig": {
      "connect": true,
      "maxBackoffTime": 30000,
      "persistence": true,
      "resyncInterval": 5000,
      "wsUrl": "wss://j5eyo7cpia.execute-api.us-east-1.amazonaws.com/live",
    },
    "docName": "unit-unit-japanese-1",
    "hasLoggedConnectionError": false,
    "indexeddb": IndexeddbPersistence {
      "_db": Promise {},
      "_dbref": 0,
      "_dbsize": 0,
      "_destroyed": false,
      "_observers": Map {
        "synced" => Set {
          [Function anonymous],
        },
      },
      "_storeTimeout": 1000,
      "_storeTimeoutId": null,
      "_storeUpdate": [Function anonymous],
      "db": null,
      "destroy": [Function bound destroy],
      "doc": {
        "editorContent": "",
        "metadata": {},
      },
      "name": "unit-unit-japanese-1",
      "synced": false,
      "whenSynced": Promise {},
    },
    "lastStatusLog": "",
    "listeners": Map {
      "doc-reset" => Set {
        [Function handleDocReset],
      },
    },
    "resetCount": 0,
    "wsProvider": WebsocketProvider {
      "_listeners": {
        "connection-close": [
          [Function anonymous],
        ],
        "connection-error": [
          [Function anonymous],
        ],
        "status": [
          [Function anonymous],
          [Function handleStatus],
        ],
        "sync": [
          [Function anonymous],
          [Function handleSync],
        ],
      },
      "awareness": Awareness {
        "_checkInterval": 157,
        "_observers": Map {},
        "clientID": 3197629899,
        "doc": {
          "editorContent": "",
          "metadata": {},
        },
        "meta": Map {
          3197629899 => {
            "clock": 0,
            "lastUpdated": 1790418618718,
          },
        },
        "states": Map {
          3197629899 => {},
        },
      },
      "doc": {
        "editorContent": "",
        "metadata": {},
      },
      "roomname": "unit-unit-japanese-1",
      "synced": false,
      "wsconnected": false,
    },
    "ydoc": {
      "editorContent": "",
      "metadata": {},
    },
  },
  "username": "teacher-1",
}
[90mstdout[2m | .storybook/docs/QuickTour-Instructor.stories.tsx[2m > [22m[2m2. Unit Editor
[22m[39m[Editor onChange] State changed, saving
[90mstdout[2m | .storybook/docs/QuickTour-Instructor.stories.tsx[2m > [22m[2m2. Unit Editor
[22m[39m[SectionContext] Section observeQuery update: 1
[90mstdout[2m | .storybook/docs/QuickTour-Instructor.stories.tsx[2m > [22m[2m2. Unit Editor
[22m[39m[FilesContext] File observeQuery update: 0 files
[90mstdout[2m | .storybook/docs/QuickTour-Instructor.stories.tsx[2m > [22m[2m2. Unit Editor
[22m[39m[FilesContext] File observeQuery update: 0 files
[90mstdout[2m | .storybook/docs/QuickTour-Instructor.stories.tsx[2m > [22m[2m2. Unit Editor
[22m[39m[YjsProvider] unit-unit-japanese-1 connection status: connected
[90mstdout[2m | .storybook/docs/QuickTour-Instructor.stories.tsx[2m > [22m[2m2. Unit Editor
[22m[39m[YjsProvider] unit-unit-japanese-1 synced with server
[90mstdout[2m | .storybook/docs/QuickTour-Instructor.stories.tsx[2m > [22m[2m2. Unit Editor
[22m[39m[MOCK CourseVectorStore] Initialized with mock data
[90mstdout[2m | .storybook/docs/QuickTour-Instructor.stories.tsx[2m > [22m[2m2. Unit Editor
[22m[39m[MOCK CourseVectorStore] Initialized with mock data
[90mstdout[2m | .storybook/docs/QuickTour-Instructor.stories.tsx[2m > [22m[2m2. Unit Editor
[22m[39m[Mock] CollaborationPlugin rendered with props: {
  "color": "#10b981",
  "cursorsContainerRef": {
    "current": <div
      class="jsx-9364b876b91d91fe collaboration-cursors-container"
      style="position: relative;"
    >
      <div
        aria-label="Edit"
        class="editor"
        contenteditable="true"
        data-lexical-editor="true"
        data-tour="editor"
        dir="ltr"
        role="textbox"
        spellcheck="true"
        style="max-width: 100%; outline: none; min-height: 100%; padding: 1rem 2rem 1rem 0.5rem; user-select: text; white-space: pre-wrap; word-break: break-word;"
      >
        <h1
          class="LanguageEditorTheme__h1"
          dir="ltr"
        >
          <span
            data-lexical-text="true"
          >
            Japanese Greetings
          </span>
        </h1>
      </div>
    </div>,
  },
  "provider": YjsDocProvider {
    "awareness": Awareness {
      "_checkInterval": 157,
      "_observers": Map {},
      "clientID": 3197629899,
      "doc": {
        "editorContent": "",
        "metadata": {},
      },
      "meta": Map {
        3197629899 => {
          "clock": 0,
          "lastUpdated": 1790418618718,
        },
      },
      "states": Map {
        3197629899 => {},
      },
    },
    "config": {
      "connect": true,
      "docName": "unit-unit-japanese-1",
      "maxBackoffTime": 30000,
      "persistence": true,
      "resyncInterval": 5000,
      "wsUrl": "wss://j5eyo7cpia.execute-api.us-east-1.amazonaws.com/live",
    },
    "defaultConfig": {
      "connect": true,
      "maxBackoffTime": 30000,
      "persistence": true,
      "resyncInterval": 5000,
      "wsUrl": "wss://j5eyo7cpia.execute-api.us-east-1.amazonaws.com/live",
    },
    "docName": "unit-unit-japanese-1",
    "hasLoggedConnectionError": false,
    "indexeddb": IndexeddbPersistence {
      "_db": Promise {},
      "_dbref": 0,
      "_dbsize": 0,
      "_destroyed": false,
      "_observers": Map {
        "synced" => Set {
          [Function anonymous],
        },
      },
      "_storeTimeout": 1000,
      "_storeTimeoutId": null,
      "_storeUpdate": [Function anonymous],
      "db": null,
      "destroy": [Function bound destroy],
      "doc": {
        "editorContent": "",
        "metadata": {},
      },
      "name": "unit-unit-japanese-1",
      "synced": false,
      "whenSynced": Promise {},
    },
    "lastStatusLog": "connected",
    "listeners": Map {
      "doc-reset" => Set {
        [Function handleDocReset],
      },
    },
    "resetCount": 0,
    "wsProvider": WebsocketProvider {
      "_listeners": {
        "connection-close": [
          [Function anonymous],
        ],
        "connection-error": [
          [Function anonymous],
        ],
        "status": [
          [Function anonymous],
          [Function handleStatus],
        ],
        "sync": [
          [Function anonymous],
          [Function handleSync],
        ],
      },
      "awareness": Awareness {
        "_checkInterval": 157,
        "_observers": Map {},
        "clientID": 3197629899,
        "doc": {
          "editorContent": "",
          "metadata": {},
        },
        "meta": Map {
          3197629899 => {
            "clock": 0,
            "lastUpdated": 1790418618718,
          },
        },
        "states": Map {
          3197629899 => {},
        },
      },
      "doc": {
        "editorContent": "",
        "metadata": {},
      },
      "roomname": "unit-unit-japanese-1",
      "synced": true,
      "wsconnected": true,
    },
    "ydoc": {
      "editorContent": "",
      "metadata": {},
    },
  },
  "username": "teacher-1",
}
[90mstdout[2m | .storybook/docs/QuickTour-Instructor.stories.tsx[2m > [22m[2m2. Unit Editor
[22m[39m[useChatPageContext] Cleaning up page context
[90mstdout[2m | .storybook/docs/QuickTour-Instructor.stories.tsx[2m > [22m[2m2. Unit Editor
[22m[39m[FileManager2] Files received from context: 0 []
[90mstdout[2m | .storybook/docs/QuickTour-Instructor.stories.tsx[2m > [22m[2m2. Unit Editor
[22m[39m[useChatPageContext] Registering page context: {
  "dictionaryCount": 0,
  "filesCount": 0,
  "hasEditorRef": true,
  "hasUnit": true,
  "hasVectorStoreSearch": true,
  "questionsCount": 0,
  "sectionsCount": 1,
}
[90mstdout[2m | .storybook/docs/QuickTour-Instructor.stories.tsx[2m > [22m[2m2. Unit Editor
[22m[39m[Mock] CollaborationPlugin rendered with props: {
  "color": "#10b981",
  "cursorsContainerRef": {
    "current": <div
      class="jsx-9364b876b91d91fe collaboration-cursors-container"
      style="position: relative;"
    >
      <div
        aria-label="Edit"
        class="editor"
        contenteditable="true"
        data-lexical-editor="true"
        data-tour="editor"
        dir="ltr"
        role="textbox"
        spellcheck="true"
        style="max-width: 100%; outline: none; min-height: 100%; padding: 1rem 2rem 1rem 0.5rem; user-select: text; white-space: pre-wrap; word-break: break-word;"
      >
        <h1
          class="LanguageEditorTheme__h1"
          dir="ltr"
        >
          <span
            data-lexical-text="true"
          >
            Japanese Greetings
          </span>
        </h1>
      </div>
    </div>,
  },
  "provider": YjsDocProvider {
    "awareness": Awareness {
      "_checkInterval": 157,
      "_observers": Map {},
      "clientID": 3197629899,
      "doc": {
        "editorContent": "",
        "metadata": {},
      },
      "meta": Map {
        3197629899 => {
          "clock": 0,
          "lastUpdated": 1790418618718,
        },
      },
      "states": Map {
        3197629899 => {},
      },
    },
    "config": {
      "connect": true,
      "docName": "unit-unit-japanese-1",
      "maxBackoffTime": 30000,
      "persistence": true,
      "resyncInterval": 5000,
      "wsUrl": "wss://j5eyo7cpia.execute-api.us-east-1.amazonaws.com/live",
    },
    "defaultConfig": {
      "connect": true,
      "maxBackoffTime": 30000,
      "persistence": true,
      "resyncInterval": 5000,
      "wsUrl": "wss://j5eyo7cpia.execute-api.us-east-1.amazonaws.com/live",
    },
    "docName": "unit-unit-japanese-1",
    "hasLoggedConnectionError": false,
    "indexeddb": IndexeddbPersistence {
      "_db": Promise {},
      "_dbref": 0,
      "_dbsize": 0,
      "_destroyed": false,
      "_observers": Map {
        "synced" => Set {
          [Function anonymous],
        },
      },
      "_storeTimeout": 1000,
      "_storeTimeoutId": null,
      "_storeUpdate": [Function anonymous],
      "db": null,
      "destroy": [Function bound destroy],
      "doc": {
        "editorContent": "",
        "metadata": {},
      },
      "name": "unit-unit-japanese-1",
      "synced": false,
      "whenSynced": Promise {},
    },
    "lastStatusLog": "connected",
    "listeners": Map {
      "doc-reset" => Set {
        [Function handleDocReset],
      },
    },
    "resetCount": 0,
    "wsProvider": WebsocketProvider {
      "_listeners": {
        "connection-close": [
          [Function anonymous],
        ],
        "connection-error": [
          [Function anonymous],
        ],
        "status": [
          [Function anonymous],
          [Function handleStatus],
        ],
        "sync": [
          [Function anonymous],
          [Function handleSync],
        ],
      },
      "awareness": Awareness {
        "_checkInterval": 157,
        "_observers": Map {},
        "clientID": 3197629899,
        "doc": {
          "editorContent": "",
          "metadata": {},
        },
        "meta": Map {
          3197629899 => {
            "clock": 0,
            "lastUpdated": 1790418618718,
          },
        },
        "states": Map {
          3197629899 => {},
        },
      },
      "doc": {
        "editorContent": "",
        "metadata": {},
      },
      "roomname": "unit-unit-japanese-1",
      "synced": true,
      "wsconnected": true,
    },
    "ydoc": {
      "editorContent": "",
      "metadata": {},
    },
  },
  "username": "teacher-1",
}
[90mstdout[2m | .storybook/docs/QuickTour-Instructor.stories.tsx[2m > [22m[2m2. Unit Editor
[22m[39m[FilesContext] File observeQuery update: 0 files
[90mstdout[2m | .storybook/docs/QuickTour-Instructor.stories.tsx[2m > [22m[2m2. Unit Editor
[22m[39m[ChatContext] AssistantChat initialized with 0 chats
[90mstdout[2m | .storybook/docs/QuickTour-Instructor.stories.tsx[2m > [22m[2m2. Unit Editor
[22m[39m[Mock Storage] downloadData called with: undefined
[90mstdout[2m | .storybook/docs/QuickTour-Instructor.stories.tsx[2m > [22m[2m2. Unit Editor
[22m[39m[MOCK CourseVectorStore] Initialized with mock data
[90mstdout[2m | .storybook/docs/QuickTour-Instructor.stories.tsx[2m > [22m[2m2. Unit Editor
[22m[39m[Mock] CollaborationPlugin rendered with props: {
  "color": "#10b981",
  "cursorsContainerRef": {
    "current": <div
      class="jsx-9364b876b91d91fe collaboration-cursors-container"
      style="position: relative;"
    >
      <div
        aria-label="Edit"
        class="editor"
        contenteditable="true"
        data-lexical-editor="true"
        data-tour="editor"
        dir="ltr"
        role="textbox"
        spellcheck="true"
        style="max-width: 100%; outline: none; min-height: 100%; padding: 1rem 2rem 1rem 0.5rem; user-select: text; white-space: pre-wrap; word-break: break-word;"
      >
        <h1
          class="LanguageEditorTheme__h1"
          dir="ltr"
        >
          <span
            data-lexical-text="true"
          >
            Japanese Greetings
          </span>
        </h1>
      </div>
    </div>,
  },
  "provider": YjsDocProvider {
    "awareness": Awareness {
      "_checkInterval": 157,
      "_observers": Map {},
      "clientID": 3197629899,
      "doc": {
        "editorContent": "",
        "metadata": {},
      },
      "meta": Map {
        3197629899 => {
          "clock": 0,
          "lastUpdated": 1790418618718,
        },
      },
      "states": Map {
        3197629899 => {},
      },
    },
    "config": {
      "connect": true,
      "docName": "unit-unit-japanese-1",
      "maxBackoffTime": 30000,
      "persistence": true,
      "resyncInterval": 5000,
      "wsUrl": "wss://j5eyo7cpia.execute-api.us-east-1.amazonaws.com/live",
    },
    "defaultConfig": {
      "connect": true,
      "maxBackoffTime": 30000,
      "persistence": true,
      "resyncInterval": 5000,
      "wsUrl": "wss://j5eyo7cpia.execute-api.us-east-1.amazonaws.com/live",
    },
    "docName": "unit-unit-japanese-1",
    "hasLoggedConnectionError": false,
    "indexeddb": IndexeddbPersistence {
      "_db": Promise {},
      "_dbref": 0,
      "_dbsize": 0,
      "_destroyed": false,
      "_observers": Map {
        "synced" => Set {
          [Function anonymous],
        },
      },
      "_storeTimeout": 1000,
      "_storeTimeoutId": null,
      "_storeUpdate": [Function anonymous],
      "db": null,
      "destroy": [Function bound destroy],
      "doc": {
        "editorContent": "",
        "metadata": {},
      },
      "name": "unit-unit-japanese-1",
      "synced": false,
      "whenSynced": Promise {},
    },
    "lastStatusLog": "connected",
    "listeners": Map {
      "doc-reset" => Set {
        [Function handleDocReset],
      },
    },
    "resetCount": 0,
    "wsProvider": WebsocketProvider {
      "_listeners": {
        "connection-close": [
          [Function anonymous],
        ],
        "connection-error": [
          [Function anonymous],
        ],
        "status": [
          [Function anonymous],
          [Function handleStatus],
        ],
        "sync": [
          [Function anonymous],
          [Function handleSync],
        ],
      },
      "awareness": Awareness {
        "_checkInterval": 157,
        "_observers": Map {},
        "clientID": 3197629899,
        "doc": {
          "editorContent": "",
          "metadata": {},
        },
        "meta": Map {
          3197629899 => {
            "clock": 0,
            "lastUpdated": 1790418618718,
          },
        },
        "states": Map {
          3197629899 => {},
        },
      },
      "doc": {
        "editorContent": "",
        "metadata": {},
      },
      "roomname": "unit-unit-japanese-1",
      "synced": true,
      "wsconnected": true,
    },
    "ydoc": {
      "editorContent": "",
      "metadata": {},
    },
  },
  "username": "teacher-1",
}
[90mstdout[2m | .storybook/docs/QuickTour-Instructor.stories.tsx[2m > [22m[2m2. Unit Editor
[22m[39m[ChatContext] No current chat available, will create one
[90mstdout[2m | .storybook/docs/QuickTour-Instructor.stories.tsx[2m > [22m[2m2. Unit Editor
[22m[39m[ChatContext] Creating AssistantChat with user: undefined
[90mstdout[2m | .storybook/docs/QuickTour-Instructor.stories.tsx[2m > [22m[2m2. Unit Editor
[22m[39m[Mock Data] AssistantChat created: mock-assistantchat-1790418619036 - notified 1 subscribers
[90mstdout[2m | .storybook/docs/QuickTour-Instructor.stories.tsx[2m > [22m[2m2. Unit Editor
[22m[39m[Mock] CollaborationPlugin rendered with props: {
  "color": "#10b981",
  "cursorsContainerRef": {
    "current": <div
      class="jsx-9364b876b91d91fe collaboration-cursors-container"
      style="position: relative;"
    >
      <div
        aria-label="Edit"
        class="editor"
        contenteditable="true"
        data-lexical-editor="true"
        data-tour="editor"
        dir="ltr"
        role="textbox"
        spellcheck="true"
        style="max-width: 100%; outline: none; min-height: 100%; padding: 1rem 2rem 1rem 0.5rem; user-select: text; white-space: pre-wrap; word-break: break-word;"
      >
        <h1
          class="LanguageEditorTheme__h1"
          dir="ltr"
        >
          <span
            data-lexical-text="true"
          >
            Japanese Greetings
          </span>
        </h1>
      </div>
    </div>,
  },
  "provider": YjsDocProvider {
    "awareness": Awareness {
      "_checkInterval": 157,
      "_observers": Map {},
      "clientID": 3197629899,
      "doc": {
        "editorContent": "",
        "metadata": {},
      },
      "meta": Map {
        3197629899 => {
          "clock": 0,
          "lastUpdated": 1790418618718,
        },
      },
      "states": Map {
        3197629899 => {},
      },
    },
    "config": {
      "connect": true,
      "docName": "unit-unit-japanese-1",
      "maxBackoffTime": 30000,
      "persistence": true,
      "resyncInterval": 5000,
      "wsUrl": "wss://j5eyo7cpia.execute-api.us-east-1.amazonaws.com/live",
    },
    "defaultConfig": {
      "connect": true,
      "maxBackoffTime": 30000,
      "persistence": true,
      "resyncInterval": 5000,
      "wsUrl": "wss://j5eyo7cpia.execute-api.us-east-1.amazonaws.com/live",
    },
    "docName": "unit-unit-japanese-1",
    "hasLoggedConnectionError": false,
    "indexeddb": IndexeddbPersistence {
      "_db": Promise {},
      "_dbref": 0,
      "_dbsize": 0,
      "_destroyed": false,
      "_observers": Map {
        "synced" => Set {
          [Function anonymous],
        },
      },
      "_storeTimeout": 1000,
      "_storeTimeoutId": null,
      "_storeUpdate": [Function anonymous],
      "db": null,
      "destroy": [Function bound destroy],
      "doc": {
        "editorContent": "",
        "metadata": {},
      },
      "name": "unit-unit-japanese-1",
      "synced": false,
      "whenSynced": Promise {},
    },
    "lastStatusLog": "connected",
    "listeners": Map {
      "doc-reset" => Set {
        [Function handleDocReset],
      },
    },
    "resetCount": 0,
    "wsProvider": WebsocketProvider {
      "_listeners": {
        "connection-close": [
          [Function anonymous],
        ],
        "connection-error": [
          [Function anonymous],
        ],
        "status": [
          [Function anonymous],
          [Function handleStatus],
        ],
        "sync": [
          [Function anonymous],
          [Function handleSync],
        ],
      },
      "awareness": Awareness {
        "_checkInterval": 157,
        "_observers": Map {},
        "clientID": 3197629899,
        "doc": {
          "editorContent": "",
          "metadata": {},
        },
        "meta": Map {
          3197629899 => {
            "clock": 0,
            "lastUpdated": 1790418618718,
          },
        },
        "states": Map {
          3197629899 => {},
        },
      },
      "doc": {
        "editorContent": "",
        "metadata": {},
      },
      "roomname": "unit-unit-japanese-1",
      "synced": true,
      "wsconnected": true,
    },
    "ydoc": {
      "editorContent": "",
      "metadata": {},
    },
  },
  "username": "teacher-1",
}
[90mstdout[2m | .storybook/docs/QuickTour-Instructor.stories.tsx[2m > [22m[2m2. Unit Editor
[22m[39m[ChatContext] Create result: {
  "data": {
    "_version": 1,
    "archived": false,
    "chatFiles": [Function anonymous],
    "createdAt": "2026-09-26T10:30:19.036Z",
    "id": "mock-assistantchat-1790418619036",
    "model": "gpt-4",
    "updatedAt": "2026-09-26T10:30:19.036Z",
  },
  "errors": [],
  "hasData": true,
  "hasErrors": true,
}
[90mstdout[2m | .storybook/docs/QuickTour-Instructor.stories.tsx[2m > [22m[2m2. Unit Editor
[22m[39m[ChatContext] Created AssistantChat: mock-assistantchat-1790418619036 at: 2026-09-26T10:30:19.036Z
[90mstdout[2m | .storybook/docs/QuickTour-Instructor.stories.tsx[2m > [22m[2m2. Unit Editor
[22m[39m[Mock Storage] downloadData called with: undefined
[90mstdout[2m | .storybook/docs/QuickTour-Instructor.stories.tsx[2m > [22m[2m2. Unit Editor
[22m[39m[Mock Storage] downloadData called with: undefined
[90mstdout[2m | .storybook/docs/QuickTour-Instructor.stories.tsx[2m > [22m[2m2. Unit Editor
[22m[39m[ChatContext] Setting initial chat: mock-assistantchat-1790418619036
[90mstdout[2m | .storybook/docs/QuickTour-Instructor.stories.tsx[2m > [22m[2m2. Unit Editor
[22m[39m[Mock] CollaborationPlugin rendered with props: {
  "color": "#10b981",
  "cursorsContainerRef": {
    "current": <div
      class="jsx-9364b876b91d91fe collaboration-cursors-container"
      style="position: relative;"
    >
      <div
        aria-label="Edit"
        class="editor"
        contenteditable="true"
        data-lexical-editor="true"
        data-tour="editor"
        dir="ltr"
        role="textbox"
        spellcheck="true"
        style="max-width: 100%; outline: none; min-height: 100%; padding: 1rem 2rem 1rem 0.5rem; user-select: text; white-space: pre-wrap; word-break: break-word;"
      >
        <h1
          class="LanguageEditorTheme__h1"
          dir="ltr"
        >
          <span
            data-lexical-text="true"
          >
            Japanese Greetings
          </span>
        </h1>
      </div>
    </div>,
  },
  "provider": YjsDocProvider {
    "awareness": Awareness {
      "_checkInterval": 157,
      "_observers": Map {},
      "clientID": 3197629899,
      "doc": {
        "editorContent": "",
        "metadata": {},
      },
      "meta": Map {
        3197629899 => {
          "clock": 0,
          "lastUpdated": 1790418618718,
        },
      },
      "states": Map {
        3197629899 => {},
      },
    },
    "config": {
      "connect": true,
      "docName": "unit-unit-japanese-1",
      "maxBackoffTime": 30000,
      "persistence": true,
      "resyncInterval": 5000,
      "wsUrl": "wss://j5eyo7cpia.execute-api.us-east-1.amazonaws.com/live",
    },
    "defaultConfig": {
      "connect": true,
      "maxBackoffTime": 30000,
      "persistence": true,
      "resyncInterval": 5000,
      "wsUrl": "wss://j5eyo7cpia.execute-api.us-east-1.amazonaws.com/live",
    },
    "docName": "unit-unit-japanese-1",
    "hasLoggedConnectionError": false,
    "indexeddb": IndexeddbPersistence {
      "_db": Promise {},
      "_dbref": 0,
      "_dbsize": 0,
      "_destroyed": false,
      "_observers": Map {
        "synced" => Set {
          [Function anonymous],
        },
      },
      "_storeTimeout": 1000,
      "_storeTimeoutId": null,
      "_storeUpdate": [Function anonymous],
      "db": IDBDatabase {},
      "destroy": [Function bound destroy],
      "doc": {
        "editorContent": "",
        "metadata": {},
      },
      "name": "unit-unit-japanese-1",
      "synced": true,
      "whenSynced": Promise {},
    },
    "lastStatusLog": "connected",
    "listeners": Map {
      "doc-reset" => Set {
        [Function handleDocReset],
      },
    },
    "resetCount": 0,
    "wsProvider": WebsocketProvider {
      "_listeners": {
        "connection-close": [
          [Function anonymous],
        ],
        "connection-error": [
          [Function anonymous],
        ],
        "status": [
          [Function anonymous],
          [Function handleStatus],
        ],
        "sync": [
          [Function anonymous],
          [Function handleSync],
        ],
      },
      "awareness": Awareness {
        "_checkInterval": 157,
        "_observers": Map {},
        "clientID": 3197629899,
        "doc": {
          "editorContent": "",
          "metadata": {},
        },
        "meta": Map {
          3197629899 => {
            "clock": 0,
            "lastUpdated": 1790418618718,
          },
        },
        "states": Map {
          3197629899 => {},
        },
      },
      "doc": {
        "editorContent": "",
        "metadata": {},
      },
      "roomname": "unit-unit-japanese-1",
      "synced": true,
      "wsconnected": true,
    },
    "ydoc": {
      "editorContent": "",
      "metadata": {},
    },
  },
  "username": "teacher-1",
}
[90mstdout[2m | .storybook/docs/QuickTour-Instructor.stories.tsx[2m > [22m[2m2. Unit Editor
[22m[39m[ChatSidebar] Loading messages for chat: mock-assistantchat-1790418619036 count: 0
[90mstdout[2m | .storybook/docs/QuickTour-Instructor.stories.tsx[2m > [22m[2m2. Unit Editor
[22m[39m[ChatSidebar] deepCloneMessages: returning empty array
[90mstdout[2m | .storybook/docs/QuickTour-Instructor.stories.tsx[2m > [22m[2m2. Unit Editor
[22m[39m[ChatContext] Chat exists and not archived, skipping creation
[90mstdout[2m | .storybook/docs/QuickTour-Instructor.stories.tsx[2m > [22m[2m3. Section & Grades
[22m[39m[Editor onChange] Skipping save due to tags: [
  "history-merge",
]
[90mstdout[2m | .storybook/docs/QuickTour-Instructor.stories.tsx[2m > [22m[2m3. Section & Grades
[22m[39m[ChatContext] Cleaning up subscriptions
[90mstdout[2m | .storybook/docs/QuickTour-Instructor.stories.tsx[2m > [22m[2m3. Section & Grades
[22m[39m[Mock Data] Unit.onUpdate() subscription removed. Remaining: 0
[90mstdout[2m | .storybook/docs/QuickTour-Instructor.stories.tsx[2m > [22m[2m3. Section & Grades
[22m[39m[useChatPageContext] Cleaning up page context
[90mstdout[2m | .storybook/docs/QuickTour-Instructor.stories.tsx[2m > [22m[2m3. Section & Grades
[22m[39m[chatTools] Vector store search function registered: false
[90mstdout[2m | .storybook/docs/QuickTour-Instructor.stories.tsx[2m > [22m[2m3. Section & Grades
[22m[39m[chatTools] Practice drill callback registered: false
[90mstdout[2m | .storybook/docs/QuickTour-Instructor.stories.tsx[2m > [22m[2m3. Section & Grades
[22m[39m[Preview] Skipped clearing mock data (clearMockData=false)
[90mstdout[2m | .storybook/docs/QuickTour-Instructor.stories.tsx[2m > [22m[2m3. Section & Grades
[22m[39m[Preview] Skipped initializing default mock data (initializeMockData=false)
[90mstdout[2m | .storybook/docs/QuickTour-Instructor.stories.tsx[2m > [22m[2m3. Section & Grades
[22m[39m[Mock Auth] setMockUser: {
  "attributes": {
    "email": "teacher@example.com",
    "sub": "teacher-1",
  },
  "groups": [
    "Instructors",
  ],
  "username": "teacher-1",
}
[90mstdout[2m | .storybook/docs/QuickTour-Instructor.stories.tsx[2m > [22m[2m3. Section & Grades
[22m[39m[Mock Data] seedMockUnit: Adding unit unit-japanese-1
[90mstdout[2m | .storybook/docs/QuickTour-Instructor.stories.tsx[2m > [22m[2m3. Section & Grades
[22m[39m[Mock Data] seedMockUnit: Adding unit unit-japanese-2
[90mstdout[2m | .storybook/docs/QuickTour-Instructor.stories.tsx[2m > [22m[2m3. Section & Grades
[22m[39m[Mock Data] seedMockUnit: Adding unit unit-japanese-3
[90mstdout[2m | .storybook/docs/QuickTour-Instructor.stories.tsx[2m > [22m[2m3. Section & Grades
[22m[39m[Mock Data] seedMockUnit: Adding unit unit-kanji-basics
[90mstdout[2m | .storybook/docs/QuickTour-Instructor.stories.tsx[2m > [22m[2m3. Section & Grades
[22m[39m[Mock Data] seedMockSections: Adding 1 sections
[90mstdout[2m | .storybook/docs/QuickTour-Instructor.stories.tsx[2m > [22m[2m3. Section & Grades
[22m[39m[Mock Data] Seeding section: section-jpn-101 with owner: teacher-1
[90mstdout[2m | .storybook/docs/QuickTour-Instructor.stories.tsx[2m > [22m[2m3. Section & Grades
[22m[39m[Mock Data] Total sections in store: 1
[90mstdout[2m | .storybook/docs/QuickTour-Instructor.stories.tsx[2m > [22m[2m3. Section & Grades
[22m[39m[Mock Data] Sections in store: [
  {
    "id": "section-jpn-101",
    "name": "Japanese 101 - Spring 2024",
    "owner": "teacher-1",
  },
]
[90mstdout[2m | .storybook/docs/QuickTour-Instructor.stories.tsx[2m > [22m[2m3. Section & Grades
[22m[39m[Mock Data] No active Section subscriptions to notify yet
[90mstdout[2m | .storybook/docs/QuickTour-Instructor.stories.tsx[2m > [22m[2m3. Section & Grades
[22m[39m[Mock Data] seedMockAssignments: Adding 5 assignments
[90mstdout[2m | .storybook/docs/QuickTour-Instructor.stories.tsx[2m > [22m[2m3. Section & Grades
[22m[39m[Mock Data] Total assignments in store: 5
[90mstdout[2m | .storybook/docs/QuickTour-Instructor.stories.tsx[2m > [22m[2m3. Section & Grades
[22m[39m[Mock Data] Seeded grade: grade-alice-1 for unit: unit-japanese-1
[90mstdout[2m | .storybook/docs/QuickTour-Instructor.stories.tsx[2m > [22m[2m3. Section & Grades
[22m[39m[Mock Data] Grade has data: true
[90mstdout[2m | .storybook/docs/QuickTour-Instructor.stories.tsx[2m > [22m[2m3. Section & Grades
[22m[39m[Mock Data] Total grades in store: 1
[90mstdout[2m | .storybook/docs/QuickTour-Instructor.stories.tsx[2m > [22m[2m3. Section & Grades
[22m[39m[Mock Data] Seeded grade: grade-alice-1-attempt2 for unit: unit-japanese-1
[90mstdout[2m | .storybook/docs/QuickTour-Instructor.stories.tsx[2m > [22m[2m3. Section & Grades
[22m[39m[Mock Data] Grade has data: true
[90mstdout[2m | .storybook/docs/QuickTour-Instructor.stories.tsx[2m > [22m[2m3. Section & Grades
[22m[39m[Mock Data] Total grades in store: 2
[90mstdout[2m | .storybook/docs/QuickTour-Instructor.stories.tsx[2m > [22m[2m3. Section & Grades
[22m[39m[Mock Data] Seeded grade: grade-alice-2 for unit: unit-japanese-2
[90mstdout[2m | .storybook/docs/QuickTour-Instructor.stories.tsx[2m > [22m[2m3. Section & Grades
[22m[39m[Mock Data] Grade has data: true
[90mstdout[2m | .storybook/docs/QuickTour-Instructor.stories.tsx[2m > [22m[2m3. Section & Grades
[22m[39m[Mock Data] Total grades in store: 3
[90mstdout[2m | .storybook/docs/QuickTour-Instructor.stories.tsx[2m > [22m[2m3. Section & Grades
[22m[39m[Mock Data] Seeded grade: grade-bob-1 for unit: unit-japanese-1
[90mstdout[2m | .storybook/docs/QuickTour-Instructor.stories.tsx[2m > [22m[2m3. Section & Grades
[22m[39m[Mock Data] Grade has data: true
[90mstdout[2m | .storybook/docs/QuickTour-Instructor.stories.tsx[2m > [22m[2m3. Section & Grades
[22m[39m[Mock Data] Total grades in store: 4
[90mstdout[2m | .storybook/docs/QuickTour-Instructor.stories.tsx[2m > [22m[2m3. Section & Grades
[22m[39m[Mock Data] Seeded grade: grade-bob-2 for unit: unit-japanese-2
[90mstdout[2m | .storybook/docs/QuickTour-Instructor.stories.tsx[2m > [22m[2m3. Section & Grades
[22m[39m[Mock Data] Grade has data: true
[90mstdout[2m | .storybook/docs/QuickTour-Instructor.stories.tsx[2m > [22m[2m3. Section & Grades
[22m[39m[Mock Data] Total grades in store: 5
[90mstdout[2m | .storybook/docs/QuickTour-Instructor.stories.tsx[2m > [22m[2m3. Section & Grades
[22m[39m[Mock Data] Seeded grade: grade-carol-1 for unit: unit-japanese-1
[90mstdout[2m | .storybook/docs/QuickTour-Instructor.stories.tsx[2m > [22m[2m3. Section & Grades
[22m[39m[Mock Data] Grade has data: true
[90mstdout[2m | .storybook/docs/QuickTour-Instructor.stories.tsx[2m > [22m[2m3. Section & Grades
[22m[39m[Mock Data] Total grades in store: 6
[90mstdout[2m | .storybook/docs/QuickTour-Instructor.stories.tsx[2m > [22m[2m3. Section & Grades
[22m[39m[Mock Data] Seeded grade: grade-carol-2 for unit: unit-japanese-2
[90mstdout[2m | .storybook/docs/QuickTour-Instructor.stories.tsx[2m > [22m[2m3. Section & Grades
[22m[39m[Mock Data] Grade has data: true
[90mstdout[2m | .storybook/docs/QuickTour-Instructor.stories.tsx[2m > [22m[2m3. Section & Grades
[22m[39m[Mock Data] Total grades in store: 7
[90mstdout[2m | .storybook/docs/QuickTour-Instructor.stories.tsx[2m > [22m[2m3. Section & Grades
[22m[39m[Mock Data] Seeded grade: grade-dave-1 for unit: unit-japanese-1
[90mstdout[2m | .storybook/docs/QuickTour-Instructor.stories.tsx[2m > [22m[2m3. Section & Grades
[22m[39m[Mock Data] Grade has data: true
[90mstdout[2m | .storybook/docs/QuickTour-Instructor.stories.tsx[2m > [22m[2m3. Section & Grades
[22m[39m[Mock Data] Total grades in store: 8
[90mstdout[2m | .storybook/docs/QuickTour-Instructor.stories.tsx[2m > [22m[2m3. Section & Grades
[22m[39m[Mock Data] Seeded grade: grade-dave-2 for unit: unit-japanese-2
[90mstdout[2m | .storybook/docs/QuickTour-Instructor.stories.tsx[2m > [22m[2m3. Section & Grades
[22m[39m[Mock Data] Grade has data: true
[90mstdout[2m | .storybook/docs/QuickTour-Instructor.stories.tsx[2m > [22m[2m3. Section & Grades
[22m[39m[Mock Data] Total grades in store: 9
[90mstdout[2m | .storybook/docs/QuickTour-Instructor.stories.tsx[2m > [22m[2m3. Section & Grades
[22m[39m[Mock Data] Seeded grade: grade-eve-1 for unit: unit-japanese-1
[90mstdout[2m | .storybook/docs/QuickTour-Instructor.stories.tsx[2m > [22m[2m3. Section & Grades
[22m[39m[Mock Data] Grade has data: true
[90mstdout[2m | .storybook/docs/QuickTour-Instructor.stories.tsx[2m > [22m[2m3. Section & Grades
[22m[39m[Mock Data] Total grades in store: 10
[90mstdout[2m | .storybook/docs/QuickTour-Instructor.stories.tsx[2m > [22m[2m3. Section & Grades
[22m[39m[Mock Data] Seeded grade: grade-eve-2 for unit: unit-japanese-2
[90mstdout[2m | .storybook/docs/QuickTour-Instructor.stories.tsx[2m > [22m[2m3. Section & Grades
[22m[39m[Mock Data] Grade has data: true
[90mstdout[2m | .storybook/docs/QuickTour-Instructor.stories.tsx[2m > [22m[2m3. Section & Grades
[22m[39m[Mock Data] Total grades in store: 11
[90mstdout[2m | .storybook/docs/QuickTour-Instructor.stories.tsx[2m > [22m[2m3. Section & Grades
[22m[39m[Mock Data] Seeded grade: grade-frank-1 for unit: unit-japanese-1
[90mstdout[2m | .storybook/docs/QuickTour-Instructor.stories.tsx[2m > [22m[2m3. Section & Grades
[22m[39m[Mock Data] Grade has data: true
[90mstdout[2m | .storybook/docs/QuickTour-Instructor.stories.tsx[2m > [22m[2m3. Section & Grades
[22m[39m[Mock Data] Total grades in store: 12
[90mstdout[2m | .storybook/docs/QuickTour-Instructor.stories.tsx[2m > [22m[2m3. Section & Grades
[22m[39m[Mock Data] Seeded grade: grade-frank-2 for unit: unit-japanese-3
[90mstdout[2m | .storybook/docs/QuickTour-Instructor.stories.tsx[2m > [22m[2m3. Section & Grades
[22m[39m[Mock Data] Grade has data: true
[90mstdout[2m | .storybook/docs/QuickTour-Instructor.stories.tsx[2m > [22m[2m3. Section & Grades
[22m[39m[Mock Data] Total grades in store: 13
[90mstdout[2m | .storybook/docs/QuickTour-Instructor.stories.tsx[2m > [22m[2m3. Section & Grades
[22m[39m[Mock Data] seedMockStudentProfiles: Adding 6 student profiles
[90mstdout[2m | .storybook/docs/QuickTour-Instructor.stories.tsx[2m > [22m[2m3. Section & Grades
[22m[39m[Mock Data] seedMockHomeworkRooms: Adding 2 homework rooms
[90mstdout[2m | .storybook/docs/QuickTour-Instructor.stories.tsx[2m > [22m[2m3. Section & Grades
[22m[39m[IndexPageData] Seeded instructor dashboard with {
  "assignments": 5,
  "grades": 13,
  "sections": 1,
  "units": 4,
}
[90mstdout[2m | .storybook/docs/QuickTour-Instructor.stories.tsx[2m > [22m[2m3. Section & Grades
[22m[39m[MOCK CourseVectorStore] Initialized with mock data
[90mstdout[2m | .storybook/docs/QuickTour-Instructor.stories.tsx[2m > [22m[2m3. Section & Grades
[22m[39m[MOCK CourseVectorStore] Initialized with mock data
[90mstdout[2m | .storybook/docs/QuickTour-Instructor.stories.tsx[2m > [22m[2m3. Section & Grades
[22m[39m[useChatPageContext] Registering page context: {
  "dictionaryCount": 0,
  "filesCount": 0,
  "hasEditorRef": false,
  "hasUnit": false,
  "hasVectorStoreSearch": false,
  "questionsCount": 0,
  "sectionsCount": 0,
}
[90mstdout[2m | .storybook/docs/QuickTour-Instructor.stories.tsx[2m > [22m[2m3. Section & Grades
[22m[39m[Mock Auth] getCurrentUser returning: {
  "attributes": {
    "email": "teacher@example.com",
    "sub": "teacher-1",
  },
  "groups": [
    "Instructors",
  ],
  "username": "teacher-1",
}
[90mstdout[2m | .storybook/docs/QuickTour-Instructor.stories.tsx[2m > [22m[2m3. Section & Grades
[22m[39m[SectionDetail] Section query useEffect - id: section-jpn-101
[90mstdout[2m | .storybook/docs/QuickTour-Instructor.stories.tsx[2m > [22m[2m3. Section & Grades
[22m[39m[FilesContext] Initializing vector store from IndexedDB
[90mstdout[2m | .storybook/docs/QuickTour-Instructor.stories.tsx[2m > [22m[2m3. Section & Grades
[22m[39m[FilesContext] fetchFiles called
[90mstdout[2m | .storybook/docs/QuickTour-Instructor.stories.tsx[2m > [22m[2m3. Section & Grades
[22m[39m[FilesContext] User authenticated: teacher-1
[90mstdout[2m | .storybook/docs/QuickTour-Instructor.stories.tsx[2m > [22m[2m3. Section & Grades
[22m[39m[FilesContext] Identity ID: identity-teacher-1
[90mstdout[2m | .storybook/docs/QuickTour-Instructor.stories.tsx[2m > [22m[2m3. Section & Grades
[22m[39m[FilesContext] About to set up File observeQuery
[90mstdout[2m | .storybook/docs/QuickTour-Instructor.stories.tsx[2m > [22m[2m3. Section & Grades
[22m[39m[TranslationModeController] Setting mode to: off
[90mstdout[2m | .storybook/docs/QuickTour-Instructor.stories.tsx[2m > [22m[2m3. Section & Grades
[22m[39m[FilesContext] Initializing vector store from IndexedDB
[90mstdout[2m | .storybook/docs/QuickTour-Instructor.stories.tsx[2m > [22m[2m3. Section & Grades
[22m[39m[FilesContext] fetchFiles called
[90mstdout[2m | .storybook/docs/QuickTour-Instructor.stories.tsx[2m > [22m[2m3. Section & Grades
[22m[39m[FilesContext] User authenticated: teacher-1
[90mstdout[2m | .storybook/docs/QuickTour-Instructor.stories.tsx[2m > [22m[2m3. Section & Grades
[22m[39m[FilesContext] Identity ID: identity-teacher-1
[90mstdout[2m | .storybook/docs/QuickTour-Instructor.stories.tsx[2m > [22m[2m3. Section & Grades
[22m[39m[FilesContext] About to set up File observeQuery
[90mstdout[2m | .storybook/docs/QuickTour-Instructor.stories.tsx[2m > [22m[2m3. Section & Grades
[22m[39m[ChatContext] Setting up AssistantChat observeQuery
[90mstdout[2m | .storybook/docs/QuickTour-Instructor.stories.tsx[2m > [22m[2m3. Section & Grades
[22m[39m[ChatContext] Waiting for subscription to initialize
[90mstdout[2m | .storybook/docs/QuickTour-Instructor.stories.tsx[2m > [22m[2m3. Section & Grades
[22m[39m[SettingsContext] Setting up Settings subscription for user: teacher-1
[90mstdout[2m | .storybook/docs/QuickTour-Instructor.stories.tsx[2m > [22m[2m3. Section & Grades
[22m[39m[Mock Data] Settings created: mock-settings-1790418620937 - notified 0 subscribers
[90mstdout[2m | .storybook/docs/QuickTour-Instructor.stories.tsx[2m > [22m[2m3. Section & Grades
[22m[39m[Mock Storage] uploadData called with: {
  "key": undefined,
  "options": {
    "contentType": "application/json",
  },
  "path": "protected/us-east-1:teacher-identity-1/units/unit-japanese-1/draft.json",
}
[90mstdout[2m | .storybook/docs/QuickTour-Instructor.stories.tsx[2m > [22m[2m3. Section & Grades
[22m[39m[Mock Data] Unit updated: unit-japanese-1 - notified 2 subscribers
[90mstdout[2m | .storybook/docs/QuickTour-Instructor.stories.tsx[2m > [22m[2m3. Section & Grades
[22m[39munitUpdate {
  "items": [
    {
      "_deleted": false,
      "_lastChangedAt": 1704898800000,
      "_version": 3,
      "createdAt": "2024-01-01T10:00:00.000Z",
      "data": "{"root":{"type":"root","children":[{"type":"heading","tag":"h1","direction":"ltr","format":"","indent":0,"version":1,"children":[{"type":"text","text":"Japanese Greetings","format":0,"detail":0,"mode":"normal","style":"","version":1}]}],"direction":"ltr","format":"","indent":0,"version":1}}",
      "description": "Learn basic Japanese greetings and self-introduction phrases",
      "featuredImage": "/story-mocks/piano-10046998_1280.jpg",
      "id": "unit-japanese-1",
      "identityId": "us-east-1:teacher-identity-1",
      "name": "Introduction to Japanese Greetings",
      "owner": "teacher-1",
      "published": true,
      "status": "PUBLISHED",
      "unitFiles": [Function anonymous],
      "unitWords": [Function anonymous],
      "updatedAt": "2024-01-10T15:00:00.000Z",
    },
    {
      "_deleted": false,
      "_lastChangedAt": 1705071600000,
      "_version": 2,
      "createdAt": "2024-01-05T10:00:00.000Z",
      "data": "{"root":{"type":"root","children":[{"type":"heading","tag":"h1","direction":"ltr","format":"","indent":0,"version":1,"children":[{"type":"text","text":"Numbers and Counting","format":0,"detail":0,"mode":"normal","style":"","version":1}]}],"direction":"ltr","format":"","indent":0,"version":1}}",
      "description": "Master numbers 1-100 and counting objects in Japanese",
      "featuredImage": "/story-mocks/animals-10008941_1280.jpg",
      "id": "unit-japanese-2",
      "identityId": "us-east-1:teacher-identity-1",
      "name": "Japanese Numbers and Counting",
      "owner": "teacher-1",
      "published": true,
      "status": "PUBLISHED",
      "timeLimitSeconds": 120,
      "unitFiles": [Function anonymous],
      "unitWords": [Function anonymous],
      "updatedAt": "2024-01-12T15:00:00.000Z",
    },
    {
      "_deleted": false,
      "_lastChangedAt": 1705330800000,
      "_version": 1,
      "createdAt": "2024-01-10T10:00:00.000Z",
      "data": "{"root":{"type":"root","children":[{"type":"heading","tag":"h1","direction":"ltr","format":"","indent":0,"version":1,"children":[{"type":"text","text":"Daily Activities","format":0,"detail":0,"mode":"normal","style":"","version":1}]}],"direction":"ltr","format":"","indent":0,"version":1}}",
      "description": "Vocabulary for talking about your daily routine",
      "featuredImage": "/story-mocks/namibia-9992336_1280.jpg",
      "id": "unit-japanese-3",
      "identityId": "us-east-1:teacher-identity-1",
      "name": "Daily Activities Vocabulary",
      "owner": "teacher-1",
      "published": true,
      "status": "PUBLISHED",
      "unitFiles": [Function anonymous],
      "unitWords": [Function anonymous],
      "updatedAt": "2024-01-15T15:00:00.000Z",
    },
    {
      "_deleted": false,
      "_lastChangedAt": 1705590000000,
      "_version": 4,
      "createdAt": "2024-01-08T10:00:00.000Z",
      "data": "{"root":{"type":"root","children":[{"type":"heading","tag":"h1","direction":"ltr","format":"","indent":0,"version":1,"children":[{"type":"text","text":"Basic Kanji","format":0,"detail":0,"mode":"normal","style":"","version":1}]}],"direction":"ltr","format":"","indent":0,"version":1}}",
      "description": "Introduction to the first 50 essential kanji characters",
      "featuredImage": "/story-mocks/320px-Test_sign.jpg",
      "id": "unit-kanji-basics",
      "identityId": "us-east-1:teacher-identity-2",
      "name": "Kanji Basics - First 50 Characters",
      "owner": "teacher-2",
      "published": true,
      "status": "PUBLISHED",
      "unitFiles": [Function anonymous],
      "unitWords": [Function anonymous],
      "updatedAt": "2024-01-18T15:00:00.000Z",
    },
  ],
}
[90mstdout[2m | .storybook/docs/QuickTour-Instructor.stories.tsx[2m > [22m[2m3. Section & Grades
[22m[39munitMap {
  "unit-japanese-1": {
    "_deleted": false,
    "_lastChangedAt": 1704898800000,
    "_version": 3,
    "createdAt": "2024-01-01T10:00:00.000Z",
    "data": "{"root":{"type":"root","children":[{"type":"heading","tag":"h1","direction":"ltr","format":"","indent":0,"version":1,"children":[{"type":"text","text":"Japanese Greetings","format":0,"detail":0,"mode":"normal","style":"","version":1}]}],"direction":"ltr","format":"","indent":0,"version":1}}",
    "description": "Learn basic Japanese greetings and self-introduction phrases",
    "featuredImage": "/story-mocks/piano-10046998_1280.jpg",
    "id": "unit-japanese-1",
    "identityId": "us-east-1:teacher-identity-1",
    "name": "Introduction to Japanese Greetings",
    "owner": "teacher-1",
    "published": true,
    "status": "PUBLISHED",
    "unitFiles": [Function anonymous],
    "unitWords": [Function anonymous],
    "updatedAt": "2024-01-10T15:00:00.000Z",
  },
  "unit-japanese-2": {
    "_deleted": false,
    "_lastChangedAt": 1705071600000,
    "_version": 2,
    "createdAt": "2024-01-05T10:00:00.000Z",
    "data": "{"root":{"type":"root","children":[{"type":"heading","tag":"h1","direction":"ltr","format":"","indent":0,"version":1,"children":[{"type":"text","text":"Numbers and Counting","format":0,"detail":0,"mode":"normal","style":"","version":1}]}],"direction":"ltr","format":"","indent":0,"version":1}}",
    "description": "Master numbers 1-100 and counting objects in Japanese",
    "featuredImage": "/story-mocks/animals-10008941_1280.jpg",
    "id": "unit-japanese-2",
    "identityId": "us-east-1:teacher-identity-1",
    "name": "Japanese Numbers and Counting",
    "owner": "teacher-1",
    "published": true,
    "status": "PUBLISHED",
    "timeLimitSeconds": 120,
    "unitFiles": [Function anonymous],
    "unitWords": [Function anonymous],
    "updatedAt": "2024-01-12T15:00:00.000Z",
  },
  "unit-japanese-3": {
    "_deleted": false,
    "_lastChangedAt": 1705330800000,
    "_version": 1,
    "createdAt": "2024-01-10T10:00:00.000Z",
    "data": "{"root":{"type":"root","children":[{"type":"heading","tag":"h1","direction":"ltr","format":"","indent":0,"version":1,"children":[{"type":"text","text":"Daily Activities","format":0,"detail":0,"mode":"normal","style":"","version":1}]}],"direction":"ltr","format":"","indent":0,"version":1}}",
    "description": "Vocabulary for talking about your daily routine",
    "featuredImage": "/story-mocks/namibia-9992336_1280.jpg",
    "id": "unit-japanese-3",
    "identityId": "us-east-1:teacher-identity-1",
    "name": "Daily Activities Vocabulary",
    "owner": "teacher-1",
    "published": true,
    "status": "PUBLISHED",
    "unitFiles": [Function anonymous],
    "unitWords": [Function anonymous],
    "updatedAt": "2024-01-15T15:00:00.000Z",
  },
  "unit-kanji-basics": {
    "_deleted": false,
    "_lastChangedAt": 1705590000000,
    "_version": 4,
    "createdAt": "2024-01-08T10:00:00.000Z",
    "data": "{"root":{"type":"root","children":[{"type":"heading","tag":"h1","direction":"ltr","format":"","indent":0,"version":1,"children":[{"type":"text","text":"Basic Kanji","format":0,"detail":0,"mode":"normal","style":"","version":1}]}],"direction":"ltr","format":"","indent":0,"version":1}}",
    "description": "Introduction to the first 50 essential kanji characters",
    "featuredImage": "/story-mocks/320px-Test_sign.jpg",
    "id": "unit-kanji-basics",
    "identityId": "us-east-1:teacher-identity-2",
    "name": "Kanji Basics - First 50 Characters",
    "owner": "teacher-2",
    "published": true,
    "status": "PUBLISHED",
    "unitFiles": [Function anonymous],
    "unitWords": [Function anonymous],
    "updatedAt": "2024-01-18T15:00:00.000Z",
  },
}
[90mstdout[2m | .storybook/docs/QuickTour-Instructor.stories.tsx[2m > [22m[2m3. Section & Grades
[22m[39msectionData [
  {
    "_deleted": false,
    "_lastChangedAt": 1704096000000,
    "_version": 1,
    "code": "JPN101SPRING",
    "createdAt": "2024-01-01T08:00:00.000Z",
    "description": "Beginner Japanese language course",
    "featuredImage": "/story-mocks/sand-4753305_1280.jpg",
    "id": "section-jpn-101",
    "identityId": "us-east-1:teacher-identity-1",
    "learner": "section-jpn-101-learners",
    "name": "Japanese 101 - Spring 2024",
    "owner": "teacher-1",
    "status": "PUBLISHED",
    "updatedAt": "2024-01-01T08:00:00.000Z",
  },
]
[90mstdout[2m | .storybook/docs/QuickTour-Instructor.stories.tsx[2m > [22m[2m3. Section & Grades
[22m[39m[FilesContext] File observeQuery update: 0 files
[90mstdout[2m | .storybook/docs/QuickTour-Instructor.stories.tsx[2m > [22m[2m3. Section & Grades
[22m[39m[FilesContext] File observeQuery update: 0 files
[90mstdout[2m | .storybook/docs/QuickTour-Instructor.stories.tsx[2m > [22m[2m3. Section & Grades
[22m[39m[ChatContext] AssistantChat initialized with 0 chats
[90mstdout[2m | .storybook/docs/QuickTour-Instructor.stories.tsx[2m > [22m[2m3. Section & Grades
[22m[39m[MOCK CourseVectorStore] Initialized with mock data
[90mstdout[2m | .storybook/docs/QuickTour-Instructor.stories.tsx[2m > [22m[2m3. Section & Grades
[22m[39m[MOCK CourseVectorStore] Initialized with mock data
[90mstdout[2m | .storybook/docs/QuickTour-Instructor.stories.tsx[2m > [22m[2m3. Section & Grades
[22m[39m[useChatPageContext] Cleaning up page context
[90mstdout[2m | .storybook/docs/QuickTour-Instructor.stories.tsx[2m > [22m[2m3. Section & Grades
[22m[39m[useChatPageContext] Registering page context: {
  "dictionaryCount": 0,
  "filesCount": 0,
  "hasEditorRef": false,
  "hasUnit": false,
  "hasVectorStoreSearch": false,
  "questionsCount": 0,
  "sectionsCount": 1,
}
[90mstdout[2m | .storybook/docs/QuickTour-Instructor.stories.tsx[2m > [22m[2m3. Section & Grades
[22m[39m[ChatContext] No current chat available, will create one
[90mstdout[2m | .storybook/docs/QuickTour-Instructor.stories.tsx[2m > [22m[2m3. Section & Grades
[22m[39m[ChatContext] Creating AssistantChat with user: undefined
[90mstdout[2m | .storybook/docs/QuickTour-Instructor.stories.tsx[2m > [22m[2m3. Section & Grades
[22m[39m[Mock Data] AssistantChat created: mock-assistantchat-1790418621087 - notified 1 subscribers
[90mstdout[2m | .storybook/docs/QuickTour-Instructor.stories.tsx[2m > [22m[2m3. Section & Grades
[22m[39m_sectionStudents {
  "students": [
    {
      "email": "alice@example.com",
      "id": "student-alice-sub",
      "name": "Alice Johnson",
    },
    {
      "email": "bob@example.com",
      "id": "student-bob-sub",
      "name": "Bob Smith",
    },
    {
      "email": "carol@example.com",
      "id": "student-carol-sub",
      "name": "Carol Davis",
    },
    {
      "email": "dave@example.com",
      "id": "student-dave-sub",
      "name": "Dave Wilson",
    },
    {
      "email": "eve@example.com",
      "id": "student-eve-sub",
      "name": "Eve Martinez",
    },
    {
      "email": "frank@example.com",
      "id": "student-frank-sub",
      "name": "Frank Nguyen",
    },
  ],
  "success": true,
}
[90mstdout[2m | .storybook/docs/QuickTour-Instructor.stories.tsx[2m > [22m[2m3. Section & Grades
[22m[39m_sectionStudents [
  {
    "email": "alice@example.com",
    "id": "student-alice-sub",
    "name": "Alice Johnson",
  },
  {
    "email": "bob@example.com",
    "id": "student-bob-sub",
    "name": "Bob Smith",
  },
  {
    "email": "carol@example.com",
    "id": "student-carol-sub",
    "name": "Carol Davis",
  },
  {
    "email": "dave@example.com",
    "id": "student-dave-sub",
    "name": "Dave Wilson",
  },
  {
    "email": "eve@example.com",
    "id": "student-eve-sub",
    "name": "Eve Martinez",
  },
  {
    "email": "frank@example.com",
    "id": "student-frank-sub",
    "name": "Frank Nguyen",
  },
]
[90mstdout[2m | .storybook/docs/QuickTour-Instructor.stories.tsx[2m > [22m[2m3. Section & Grades
[22m[39mfetchSectionStudents {
  "student-alice-sub": {
    "email": "alice@example.com",
    "id": "student-alice-sub",
    "name": "Alice Johnson",
  },
  "student-bob-sub": {
    "email": "bob@example.com",
    "id": "student-bob-sub",
    "name": "Bob Smith",
  },
  "student-carol-sub": {
    "email": "carol@example.com",
    "id": "student-carol-sub",
    "name": "Carol Davis",
  },
  "student-dave-sub": {
    "email": "dave@example.com",
    "id": "student-dave-sub",
    "name": "Dave Wilson",
  },
  "student-eve-sub": {
    "email": "eve@example.com",
    "id": "student-eve-sub",
    "name": "Eve Martinez",
  },
  "student-frank-sub": {
    "email": "frank@example.com",
    "id": "student-frank-sub",
    "name": "Frank Nguyen",
  },
}
[90mstdout[2m | .storybook/docs/QuickTour-Instructor.stories.tsx[2m > [22m[2m3. Section & Grades
[22m[39m[ChatContext] Create result: {
  "data": {
    "_version": 1,
    "archived": false,
    "chatFiles": [Function anonymous],
    "createdAt": "2026-09-26T10:30:21.087Z",
    "id": "mock-assistantchat-1790418621087",
    "model": "gpt-4",
    "updatedAt": "2026-09-26T10:30:21.087Z",
  },
  "errors": [],
  "hasData": true,
  "hasErrors": true,
}
[90mstdout[2m | .storybook/docs/QuickTour-Instructor.stories.tsx[2m > [22m[2m3. Section & Grades
[22m[39m[ChatContext] Created AssistantChat: mock-assistantchat-1790418621087 at: 2026-09-26T10:30:21.087Z
[90mstdout[2m | .storybook/docs/QuickTour-Instructor.stories.tsx[2m > [22m[2m3. Section & Grades
[22m[39munitUpdate {
  "items": [
    {
      "_deleted": false,
      "_lastChangedAt": 1704898800000,
      "_version": 4,
      "contentVersion": 1,
      "createdAt": "2024-01-01T10:00:00.000Z",
      "data": "{"root":{"type":"root","children":[{"type":"heading","tag":"h1","direction":"ltr","format":"","indent":0,"version":1,"children":[{"type":"text","text":"Japanese Greetings","format":0,"detail":0,"mode":"normal","style":"","version":1}]}],"direction":"ltr","format":"","indent":0,"version":1}}",
      "description": "Learn basic Japanese greetings and self-introduction phrases",
      "featuredImage": "/story-mocks/piano-10046998_1280.jpg",
      "id": "unit-japanese-1",
      "identityId": "us-east-1:teacher-identity-1",
      "name": "Introduction to Japanese Greetings",
      "owner": "teacher-1",
      "published": true,
      "status": "PUBLISHED",
      "unitFiles": [Function anonymous],
      "unitWords": [Function anonymous],
      "updatedAt": "2026-09-26T10:30:20.970Z",
    },
    {
      "_deleted": false,
      "_lastChangedAt": 1705071600000,
      "_version": 2,
      "createdAt": "2024-01-05T10:00:00.000Z",
      "data": "{"root":{"type":"root","children":[{"type":"heading","tag":"h1","direction":"ltr","format":"","indent":0,"version":1,"children":[{"type":"text","text":"Numbers and Counting","format":0,"detail":0,"mode":"normal","style":"","version":1}]}],"direction":"ltr","format":"","indent":0,"version":1}}",
      "description": "Master numbers 1-100 and counting objects in Japanese",
      "featuredImage": "/story-mocks/animals-10008941_1280.jpg",
      "id": "unit-japanese-2",
      "identityId": "us-east-1:teacher-identity-1",
      "name": "Japanese Numbers and Counting",
      "owner": "teacher-1",
      "published": true,
      "status": "PUBLISHED",
      "timeLimitSeconds": 120,
      "unitFiles": [Function anonymous],
      "unitWords": [Function anonymous],
      "updatedAt": "2024-01-12T15:00:00.000Z",
    },
    {
      "_deleted": false,
      "_lastChangedAt": 1705330800000,
      "_version": 1,
      "createdAt": "2024-01-10T10:00:00.000Z",
      "data": "{"root":{"type":"root","children":[{"type":"heading","tag":"h1","direction":"ltr","format":"","indent":0,"version":1,"children":[{"type":"text","text":"Daily Activities","format":0,"detail":0,"mode":"normal","style":"","version":1}]}],"direction":"ltr","format":"","indent":0,"version":1}}",
      "description": "Vocabulary for talking about your daily routine",
      "featuredImage": "/story-mocks/namibia-9992336_1280.jpg",
      "id": "unit-japanese-3",
      "identityId": "us-east-1:teacher-identity-1",
      "name": "Daily Activities Vocabulary",
      "owner": "teacher-1",
      "published": true,
      "status": "PUBLISHED",
      "unitFiles": [Function anonymous],
      "unitWords": [Function anonymous],
      "updatedAt": "2024-01-15T15:00:00.000Z",
    },
    {
      "_deleted": false,
      "_lastChangedAt": 1705590000000,
      "_version": 4,
      "createdAt": "2024-01-08T10:00:00.000Z",
      "data": "{"root":{"type":"root","children":[{"type":"heading","tag":"h1","direction":"ltr","format":"","indent":0,"version":1,"children":[{"type":"text","text":"Basic Kanji","format":0,"detail":0,"mode":"normal","style":"","version":1}]}],"direction":"ltr","format":"","indent":0,"version":1}}",
      "description": "Introduction to the first 50 essential kanji characters",
      "featuredImage": "/story-mocks/320px-Test_sign.jpg",
      "id": "unit-kanji-basics",
      "identityId": "us-east-1:teacher-identity-2",
      "name": "Kanji Basics - First 50 Characters",
      "owner": "teacher-2",
      "published": true,
      "status": "PUBLISHED",
      "unitFiles": [Function anonymous],
      "unitWords": [Function anonymous],
      "updatedAt": "2024-01-18T15:00:00.000Z",
    },
  ],
}
[90mstdout[2m | .storybook/docs/QuickTour-Instructor.stories.tsx[2m > [22m[2m3. Section & Grades
[22m[39munitMap {
  "unit-japanese-1": {
    "_deleted": false,
    "_lastChangedAt": 1704898800000,
    "_version": 4,
    "contentVersion": 1,
    "createdAt": "2024-01-01T10:00:00.000Z",
    "data": "{"root":{"type":"root","children":[{"type":"heading","tag":"h1","direction":"ltr","format":"","indent":0,"version":1,"children":[{"type":"text","text":"Japanese Greetings","format":0,"detail":0,"mode":"normal","style":"","version":1}]}],"direction":"ltr","format":"","indent":0,"version":1}}",
    "description": "Learn basic Japanese greetings and self-introduction phrases",
    "featuredImage": "/story-mocks/piano-10046998_1280.jpg",
    "id": "unit-japanese-1",
    "identityId": "us-east-1:teacher-identity-1",
    "name": "Introduction to Japanese Greetings",
    "owner": "teacher-1",
    "published": true,
    "status": "PUBLISHED",
    "unitFiles": [Function anonymous],
    "unitWords": [Function anonymous],
    "updatedAt": "2026-09-26T10:30:20.970Z",
  },
  "unit-japanese-2": {
    "_deleted": false,
    "_lastChangedAt": 1705071600000,
    "_version": 2,
    "createdAt": "2024-01-05T10:00:00.000Z",
    "data": "{"root":{"type":"root","children":[{"type":"heading","tag":"h1","direction":"ltr","format":"","indent":0,"version":1,"children":[{"type":"text","text":"Numbers and Counting","format":0,"detail":0,"mode":"normal","style":"","version":1}]}],"direction":"ltr","format":"","indent":0,"version":1}}",
    "description": "Master numbers 1-100 and counting objects in Japanese",
    "featuredImage": "/story-mocks/animals-10008941_1280.jpg",
    "id": "unit-japanese-2",
    "identityId": "us-east-1:teacher-identity-1",
    "name": "Japanese Numbers and Counting",
    "owner": "teacher-1",
    "published": true,
    "status": "PUBLISHED",
    "timeLimitSeconds": 120,
    "unitFiles": [Function anonymous],
    "unitWords": [Function anonymous],
    "updatedAt": "2024-01-12T15:00:00.000Z",
  },
  "unit-japanese-3": {
    "_deleted": false,
    "_lastChangedAt": 1705330800000,
    "_version": 1,
    "createdAt": "2024-01-10T10:00:00.000Z",
    "data": "{"root":{"type":"root","children":[{"type":"heading","tag":"h1","direction":"ltr","format":"","indent":0,"version":1,"children":[{"type":"text","text":"Daily Activities","format":0,"detail":0,"mode":"normal","style":"","version":1}]}],"direction":"ltr","format":"","indent":0,"version":1}}",
    "description": "Vocabulary for talking about your daily routine",
    "featuredImage": "/story-mocks/namibia-9992336_1280.jpg",
    "id": "unit-japanese-3",
    "identityId": "us-east-1:teacher-identity-1",
    "name": "Daily Activities Vocabulary",
    "owner": "teacher-1",
    "published": true,
    "status": "PUBLISHED",
    "unitFiles": [Function anonymous],
    "unitWords": [Function anonymous],
    "updatedAt": "2024-01-15T15:00:00.000Z",
  },
  "unit-kanji-basics": {
    "_deleted": false,
    "_lastChangedAt": 1705590000000,
    "_version": 4,
    "createdAt": "2024-01-08T10:00:00.000Z",
    "data": "{"root":{"type":"root","children":[{"type":"heading","tag":"h1","direction":"ltr","format":"","indent":0,"version":1,"children":[{"type":"text","text":"Basic Kanji","format":0,"detail":0,"mode":"normal","style":"","version":1}]}],"direction":"ltr","format":"","indent":0,"version":1}}",
    "description": "Introduction to the first 50 essential kanji characters",
    "featuredImage": "/story-mocks/320px-Test_sign.jpg",
    "id": "unit-kanji-basics",
    "identityId": "us-east-1:teacher-identity-2",
    "name": "Kanji Basics - First 50 Characters",
    "owner": "teacher-2",
    "published": true,
    "status": "PUBLISHED",
    "unitFiles": [Function anonymous],
    "unitWords": [Function anonymous],
    "updatedAt": "2024-01-18T15:00:00.000Z",
  },
}
[90mstdout[2m | .storybook/docs/QuickTour-Instructor.stories.tsx[2m > [22m[2m3. Section & Grades
[22m[39m[Mock Storage] downloadData called with: undefined
[90mstdout[2m | .storybook/docs/QuickTour-Instructor.stories.tsx[2m > [22m[2m3. Section & Grades
[22m[39m[ChatContext] Setting initial chat: mock-assistantchat-1790418621087
[90mstdout[2m | .storybook/docs/QuickTour-Instructor.stories.tsx[2m > [22m[2m3. Section & Grades
[22m[39mstudent.id student-alice-sub
[90mstdout[2m | .storybook/docs/QuickTour-Instructor.stories.tsx[2m > [22m[2m3. Section & Grades
[22m[39massignment.unitID unit-japanese-1
[90mstdout[2m | .storybook/docs/QuickTour-Instructor.stories.tsx[2m > [22m[2m3. Section & Grades
[22m[39mgradeMap[student.id]?.[assignment.unitID] {
  "average": 95.5,
  "count": 2,
  "highest": {
    "_deleted": false,
    "_lastChangedAt": 1790245813675,
    "_version": 5,
    "accuracy": 97,
    "complete": true,
    "createdAt": "2024-01-22T10:00:00.000Z",
    "data": "{"quiz-block-1":{"complete":true,"accuracy":100},"meaning-assoc-1":{"complete":true,"accuracy":100},"custom-q-1":{"complete":true,"accuracy":92}}",
    "feedback": "{"overall":"Even better! Perfect score on vocabulary."}",
    "files": [],
    "id": "grade-alice-1-attempt2",
    "identityId": "identity-alice",
    "instructor": "teacher-1",
    "moderationCheckedAt": "2024-01-22T14:00:00.000Z",
    "moderationFlags": null,
    "moderationStatus": "approved",
    "owner": "student-alice-sub",
    "percentComplete": 100,
    "sectionID": "section-jpn-101",
    "timerStarted": true,
    "unitID": "unit-japanese-1",
    "unitVersion": 1,
    "updatedAt": "2026-09-24T10:30:13.675Z",
  },
  "sum": 191,
}
[90mstdout[2m | .storybook/docs/QuickTour-Instructor.stories.tsx[2m > [22m[2m3. Section & Grades
[22m[39mstudent.id student-alice-sub
[90mstdout[2m | .storybook/docs/QuickTour-Instructor.stories.tsx[2m > [22m[2m3. Section & Grades
[22m[39massignment.unitID unit-japanese-2
[90mstdout[2m | .storybook/docs/QuickTour-Instructor.stories.tsx[2m > [22m[2m3. Section & Grades
[22m[39mgradeMap[student.id]?.[assignment.unitID] undefined
[90mstdout[2m | .storybook/docs/QuickTour-Instructor.stories.tsx[2m > [22m[2m3. Section & Grades
[22m[39mstudent.id student-alice-sub
[90mstdout[2m | .storybook/docs/QuickTour-Instructor.stories.tsx[2m > [22m[2m3. Section & Grades
[22m[39massignment.unitID unit-japanese-3
[90mstdout[2m | .storybook/docs/QuickTour-Instructor.stories.tsx[2m > [22m[2m3. Section & Grades
[22m[39mgradeMap[student.id]?.[assignment.unitID] undefined
[90mstdout[2m | .storybook/docs/QuickTour-Instructor.stories.tsx[2m > [22m[2m3. Section & Grades
[22m[39mstudent.id student-bob-sub
[90mstdout[2m | .storybook/docs/QuickTour-Instructor.stories.tsx[2m > [22m[2m3. Section & Grades
[22m[39massignment.unitID unit-japanese-1
[90mstdout[2m | .storybook/docs/QuickTour-Instructor.stories.tsx[2m > [22m[2m3. Section & Grades
[22m[39mgradeMap[student.id]?.[assignment.unitID] {
  "average": 87,
  "count": 1,
  "highest": {
    "_deleted": false,
    "_lastChangedAt": 1705831200000,
    "_version": 4,
    "accuracy": 87,
    "complete": true,
    "createdAt": "2024-01-17T11:00:00.000Z",
    "data": "{"quiz-block-1":{"complete":true,"accuracy":90},"meaning-assoc-1":{"complete":true,"accuracy":85},"custom-q-1":{"complete":true,"accuracy":86}}",
    "files": [],
    "id": "grade-bob-1",
    "identityId": "identity-bob",
    "instructor": "teacher-1",
    "owner": "student-bob-sub",
    "percentComplete": 100,
    "sectionID": "section-jpn-101",
    "timerStarted": true,
    "unitID": "unit-japanese-1",
    "unitVersion": 1,
    "updatedAt": "2024-01-21T10:00:00.000Z",
  },
  "sum": 87,
}
[90mstdout[2m | .storybook/docs/QuickTour-Instructor.stories.tsx[2m > [22m[2m3. Section & Grades
[22m[39mstudent.id student-bob-sub
[90mstdout[2m | .storybook/docs/QuickTour-Instructor.stories.tsx[2m > [22m[2m3. Section & Grades
[22m[39massignment.unitID unit-japanese-2
[90mstdout[2m | .storybook/docs/QuickTour-Instructor.stories.tsx[2m > [22m[2m3. Section & Grades
[22m[39mgradeMap[student.id]?.[assignment.unitID] {
  "average": 82,
  "count": 1,
  "highest": {
    "_deleted": false,
    "_lastChangedAt": 1790073013674,
    "_version": 3,
    "accuracy": 82,
    "complete": true,
    "createdAt": "2024-01-18T14:00:00.000Z",
    "data": "{"quiz-block-1":{"complete":true,"accuracy":80},"meaning-assoc-1":{"complete":true,"accuracy":85},"custom-q-1":{"complete":true,"accuracy":81}}",
    "files": [],
    "id": "grade-bob-2",
    "identityId": "identity-bob",
    "instructor": "teacher-1",
    "owner": "student-bob-sub",
    "percentComplete": 100,
    "sectionID": "section-jpn-101",
    "timerStarted": true,
    "unitID": "unit-japanese-2",
    "unitVersion": 1,
    "updatedAt": "2026-09-22T10:30:13.674Z",
  },
  "sum": 82,
}
[90mstdout[2m | .storybook/docs/QuickTour-Instructor.stories.tsx[2m > [22m[2m3. Section & Grades
[22m[39mstudent.id student-bob-sub
[90mstdout[2m | .storybook/docs/QuickTour-Instructor.stories.tsx[2m > [22m[2m3. Section & Grades
[22m[39massignment.unitID unit-japanese-3
[90mstdout[2m | .storybook/docs/QuickTour-Instructor.stories.tsx[2m > [22m[2m3. Section & Grades
[22m[39mgradeMap[student.id]?.[assignment.unitID] undefined
[90mstdout[2m | .storybook/docs/QuickTour-Instructor.stories.tsx[2m > [22m[2m3. Section & Grades
[22m[39mstudent.id student-carol-sub
[90mstdout[2m | .storybook/docs/QuickTour-Instructor.stories.tsx[2m > [22m[2m3. Section & Grades
[22m[39massignment.unitID unit-japanese-1
[90mstdout[2m | .storybook/docs/QuickTour-Instructor.stories.tsx[2m > [22m[2m3. Section & Grades
[22m[39mgradeMap[student.id]?.[assignment.unitID] {
  "average": 91,
  "count": 1,
  "highest": {
    "_deleted": false,
    "_lastChangedAt": 1705760100000,
    "_version": 5,
    "accuracy": 91,
    "complete": true,
    "createdAt": "2024-01-16T15:00:00.000Z",
    "data": "{"quiz-block-1":{"complete":true,"accuracy":95},"meaning-assoc-1":{"complete":true,"accuracy":90},"custom-q-1":{"complete":true,"accuracy":88}}",
    "files": [],
    "id": "grade-carol-1",
    "identityId": "identity-carol",
    "instructor": "teacher-1",
    "owner": "student-carol-sub",
    "percentComplete": 100,
    "sectionID": "section-jpn-101",
    "timerStarted": true,
    "unitID": "unit-japanese-1",
    "unitVersion": 1,
    "updatedAt": "2024-01-20T14:15:00.000Z",
  },
  "sum": 91,
}
[90mstdout[2m | .storybook/docs/QuickTour-Instructor.stories.tsx[2m > [22m[2m3. Section & Grades
[22m[39mstudent.id student-carol-sub
[90mstdout[2m | .storybook/docs/QuickTour-Instructor.stories.tsx[2m > [22m[2m3. Section & Grades
[22m[39massignment.unitID unit-japanese-2
[90mstdout[2m | .storybook/docs/QuickTour-Instructor.stories.tsx[2m > [22m[2m3. Section & Grades
[22m[39mgradeMap[student.id]?.[assignment.unitID] undefined
[90mstdout[2m | .storybook/docs/QuickTour-Instructor.stories.tsx[2m > [22m[2m3. Section & Grades
[22m[39mstudent.id student-carol-sub
[90mstdout[2m | .storybook/docs/QuickTour-Instructor.stories.tsx[2m > [22m[2m3. Section & Grades
[22m[39massignment.unitID unit-japanese-3
[90mstdout[2m | .storybook/docs/QuickTour-Instructor.stories.tsx[2m > [22m[2m3. Section & Grades
[22m[39mgradeMap[student.id]?.[assignment.unitID] undefined
[90mstdout[2m | .storybook/docs/QuickTour-Instructor.stories.tsx[2m > [22m[2m3. Section & Grades
[22m[39mstudent.id student-dave-sub
[90mstdout[2m | .storybook/docs/QuickTour-Instructor.stories.tsx[2m > [22m[2m3. Section & Grades
[22m[39massignment.unitID unit-japanese-1
[90mstdout[2m | .storybook/docs/QuickTour-Instructor.stories.tsx[2m > [22m[2m3. Section & Grades
[22m[39mgradeMap[student.id]?.[assignment.unitID] {
  "average": 78,
  "count": 1,
  "highest": {
    "_deleted": false,
    "_lastChangedAt": 1705996800000,
    "_version": 6,
    "accuracy": 78,
    "complete": true,
    "createdAt": "2024-01-18T09:00:00.000Z",
    "data": "{"quiz-block-1":{"complete":true,"accuracy":75},"meaning-assoc-1":{"complete":true,"accuracy":80},"custom-q-1":{"complete":true,"accuracy":79}}",
    "files": [],
    "id": "grade-dave-1",
    "identityId": "identity-dave",
    "instructor": "teacher-1",
    "owner": "student-dave-sub",
    "percentComplete": 100,
    "sectionID": "section-jpn-101",
    "timerStarted": true,
    "unitID": "unit-japanese-1",
    "unitVersion": 1,
    "updatedAt": "2024-01-23T08:00:00.000Z",
  },
  "sum": 78,
}
[90mstdout[2m | .storybook/docs/QuickTour-Instructor.stories.tsx[2m > [22m[2m3. Section & Grades
[22m[39mstudent.id student-dave-sub
[90mstdout[2m | .storybook/docs/QuickTour-Instructor.stories.tsx[2m > [22m[2m3. Section & Grades
[22m[39massignment.unitID unit-japanese-2
[90mstdout[2m | .storybook/docs/QuickTour-Instructor.stories.tsx[2m > [22m[2m3. Section & Grades
[22m[39mgradeMap[student.id]?.[assignment.unitID] {
  "average": 84,
  "count": 1,
  "highest": {
    "_deleted": false,
    "_lastChangedAt": 1790245813675,
    "_version": 3,
    "accuracy": 84,
    "complete": true,
    "createdAt": "2024-01-22T13:00:00.000Z",
    "data": "{"quiz-block-1":{"complete":true,"accuracy":85},"meaning-assoc-1":{"complete":true,"accuracy":83},"custom-q-1":{"complete":true,"accuracy":84}}",
    "files": [],
    "id": "grade-dave-2",
    "identityId": "identity-dave",
    "instructor": "teacher-1",
    "owner": "student-dave-sub",
    "percentComplete": 100,
    "sectionID": "section-jpn-101",
    "timerStarted": true,
    "unitID": "unit-japanese-2",
    "unitVersion": 1,
    "updatedAt": "2026-09-24T10:30:13.674Z",
  },
  "sum": 84,
}
[90mstdout[2m | .storybook/docs/QuickTour-Instructor.stories.tsx[2m > [22m[2m3. Section & Grades
[22m[39mstudent.id student-dave-sub
[90mstdout[2m | .storybook/docs/QuickTour-Instructor.stories.tsx[2m > [22m[2m3. Section & Grades
[22m[39massignment.unitID unit-japanese-3
[90mstdout[2m | .storybook/docs/QuickTour-Instructor.stories.tsx[2m > [22m[2m3. Section & Grades
[22m[39mgradeMap[student.id]?.[assignment.unitID] undefined
[90mstdout[2m | .storybook/docs/QuickTour-Instructor.stories.tsx[2m > [22m[2m3. Section & Grades
[22m[39mstudent.id student-eve-sub
[90mstdout[2m | .storybook/docs/QuickTour-Instructor.stories.tsx[2m > [22m[2m3. Section & Grades
[22m[39massignment.unitID unit-japanese-1
[90mstdout[2m | .storybook/docs/QuickTour-Instructor.stories.tsx[2m > [22m[2m3. Section & Grades
[22m[39mgradeMap[student.id]?.[assignment.unitID] {
  "average": 42,
  "count": 1,
  "highest": {
    "_deleted": false,
    "_lastChangedAt": 1705680000000,
    "_version": 2,
    "accuracy": 42,
    "complete": true,
    "createdAt": "2024-01-17T09:00:00.000Z",
    "data": "{"quiz-block-1":{"complete":true,"accuracy":45},"meaning-assoc-1":{"complete":true,"accuracy":40},"custom-q-1":{"complete":true,"accuracy":41}}",
    "files": [],
    "id": "grade-eve-1",
    "identityId": "identity-eve",
    "instructor": "teacher-1",
    "owner": "student-eve-sub",
    "percentComplete": 100,
    "sectionID": "section-jpn-101",
    "timerStarted": true,
    "unitID": "unit-japanese-1",
    "unitVersion": 1,
    "updatedAt": "2024-01-19T16:00:00.000Z",
  },
  "sum": 42,
}
[90mstdout[2m | .storybook/docs/QuickTour-Instructor.stories.tsx[2m > [22m[2m3. Section & Grades
[22m[39mstudent.id student-eve-sub
[90mstdout[2m | .storybook/docs/QuickTour-Instructor.stories.tsx[2m > [22m[2m3. Section & Grades
[22m[39massignment.unitID unit-japanese-2
[90mstdout[2m | .storybook/docs/QuickTour-Instructor.stories.tsx[2m > [22m[2m3. Section & Grades
[22m[39mgradeMap[student.id]?.[assignment.unitID] {
  "average": 55,
  "count": 1,
  "highest": {
    "_deleted": false,
    "_lastChangedAt": 1705834800000,
    "_version": 2,
    "accuracy": 55,
    "complete": true,
    "createdAt": "2024-01-20T09:00:00.000Z",
    "data": "{"quiz-block-1":{"complete":true,"accuracy":58},"meaning-assoc-1":{"complete":true,"accuracy":52},"custom-q-1":{"complete":true,"accuracy":55}}",
    "files": [],
    "id": "grade-eve-2",
    "identityId": "identity-eve",
    "instructor": "teacher-1",
    "owner": "student-eve-sub",
    "percentComplete": 100,
    "sectionID": "section-jpn-101",
    "timerStarted": true,
    "unitID": "unit-japanese-2",
    "unitVersion": 1,
    "updatedAt": "2024-01-21T11:00:00.000Z",
  },
  "sum": 55,
}
[90mstdout[2m | .storybook/docs/QuickTour-Instructor.stories.tsx[2m > [22m[2m3. Section & Grades
[22m[39mstudent.id student-eve-sub
[90mstdout[2m | .storybook/docs/QuickTour-Instructor.stories.tsx[2m > [22m[2m3. Section & Grades
[22m[39massignment.unitID unit-japanese-3
[90mstdout[2m | .storybook/docs/QuickTour-Instructor.stories.tsx[2m > [22m[2m3. Section & Grades
[22m[39mgradeMap[student.id]?.[assignment.unitID] undefined
[90mstdout[2m | .storybook/docs/QuickTour-Instructor.stories.tsx[2m > [22m[2m3. Section & Grades
[22m[39mstudent.id student-frank-sub
[90mstdout[2m | .storybook/docs/QuickTour-Instructor.stories.tsx[2m > [22m[2m3. Section & Grades
[22m[39massignment.unitID unit-japanese-1
[90mstdout[2m | .storybook/docs/QuickTour-Instructor.stories.tsx[2m > [22m[2m3. Section & Grades
[22m[39mgradeMap[student.id]?.[assignment.unitID] {
  "average": 68,
  "count": 1,
  "highest": {
    "_deleted": false,
    "_lastChangedAt": 1789900213675,
    "_version": 2,
    "accuracy": 68,
    "complete": true,
    "createdAt": "2024-01-19T09:00:00.000Z",
    "data": "{"quiz-block-1":{"complete":true,"accuracy":70},"meaning-assoc-1":{"complete":true,"accuracy":65},"custom-q-1":{"complete":true,"accuracy":69}}",
    "files": [],
    "id": "grade-frank-1",
    "identityId": "identity-frank",
    "instructor": "teacher-1",
    "owner": "student-frank-sub",
    "percentComplete": 100,
    "sectionID": "section-jpn-101",
    "timerStarted": true,
    "unitID": "unit-japanese-1",
    "unitVersion": 1,
    "updatedAt": "2026-09-20T10:30:13.675Z",
  },
  "sum": 68,
}
[90mstdout[2m | .storybook/docs/QuickTour-Instructor.stories.tsx[2m > [22m[2m3. Section & Grades
[22m[39mstudent.id student-frank-sub
[90mstdout[2m | .storybook/docs/QuickTour-Instructor.stories.tsx[2m > [22m[2m3. Section & Grades
[22m[39massignment.unitID unit-japanese-2
[90mstdout[2m | .storybook/docs/QuickTour-Instructor.stories.tsx[2m > [22m[2m3. Section & Grades
[22m[39mgradeMap[student.id]?.[assignment.unitID] undefined
[90mstdout[2m | .storybook/docs/QuickTour-Instructor.stories.tsx[2m > [22m[2m3. Section & Grades
[22m[39mstudent.id student-frank-sub
[90mstdout[2m | .storybook/docs/QuickTour-Instructor.stories.tsx[2m > [22m[2m3. Section & Grades
[22m[39massignment.unitID unit-japanese-3
[90mstdout[2m | .storybook/docs/QuickTour-Instructor.stories.tsx[2m > [22m[2m3. Section & Grades
[22m[39mgradeMap[student.id]?.[assignment.unitID] {
  "average": 72,
  "count": 1,
  "highest": {
    "_deleted": false,
    "_lastChangedAt": 1789986613675,
    "_version": 2,
    "accuracy": 72,
    "complete": true,
    "createdAt": "2024-01-21T09:00:00.000Z",
    "data": "{"quiz-block-1":{"complete":true,"accuracy":74},"meaning-assoc-1":{"complete":true,"accuracy":70},"custom-q-1":{"complete":true,"accuracy":72}}",
    "files": [],
    "id": "grade-frank-2",
    "identityId": "identity-frank",
    "instructor": "teacher-1",
    "owner": "student-frank-sub",
    "percentComplete": 100,
    "sectionID": "section-jpn-101",
    "timerStarted": true,
    "unitID": "unit-japanese-3",
    "unitVersion": 1,
    "updatedAt": "2026-09-21T10:30:13.675Z",
  },
  "sum": 72,
}
[90mstdout[2m | .storybook/docs/QuickTour-Instructor.stories.tsx[2m > [22m[2m3. Section & Grades
[22m[39m[ChatContext] Chat exists and not archived, skipping creation
[90mstdout[2m | .storybook/docs/QuickTour-Instructor.stories.tsx[2m > [22m[2m3. Section & Grades
[22m[39m[Mock Storage] downloadData called with: undefined
[90mstdout[2m | .storybook/docs/QuickTour-Instructor.stories.tsx[2m > [22m[2m3. Section & Grades
[22m[39mstudent.id student-alice-sub
[90mstdout[2m | .storybook/docs/QuickTour-Instructor.stories.tsx[2m > [22m[2m3. Section & Grades
[22m[39massignment.unitID unit-japanese-1
[90mstdout[2m | .storybook/docs/QuickTour-Instructor.stories.tsx[2m > [22m[2m3. Section & Grades
[22m[39mgradeMap[student.id]?.[assignment.unitID] {
  "average": 95.5,
  "count": 2,
  "highest": {
    "_deleted": false,
    "_lastChangedAt": 1790245813675,
    "_version": 5,
    "accuracy": 97,
    "complete": true,
    "createdAt": "2024-01-22T10:00:00.000Z",
    "data": "{"quiz-block-1":{"complete":true,"accuracy":100},"meaning-assoc-1":{"complete":true,"accuracy":100},"custom-q-1":{"complete":true,"accuracy":92}}",
    "feedback": "{"overall":"Even better! Perfect score on vocabulary."}",
    "files": [],
    "id": "grade-alice-1-attempt2",
    "identityId": "identity-alice",
    "instructor": "teacher-1",
    "moderationCheckedAt": "2024-01-22T14:00:00.000Z",
    "moderationFlags": null,
    "moderationStatus": "approved",
    "owner": "student-alice-sub",
    "percentComplete": 100,
    "sectionID": "section-jpn-101",
    "timerStarted": true,
    "unitID": "unit-japanese-1",
    "unitVersion": 1,
    "updatedAt": "2026-09-24T10:30:13.675Z",
  },
  "sum": 191,
}
[90mstdout[2m | .storybook/docs/QuickTour-Instructor.stories.tsx[2m > [22m[2m3. Section & Grades
[22m[39mstudent.id student-alice-sub
[90mstdout[2m | .storybook/docs/QuickTour-Instructor.stories.tsx[2m > [22m[2m3. Section & Grades
[22m[39massignment.unitID unit-japanese-2
[90mstdout[2m | .storybook/docs/QuickTour-Instructor.stories.tsx[2m > [22m[2m3. Section & Grades
[22m[39mgradeMap[student.id]?.[assignment.unitID] undefined
[90mstdout[2m | .storybook/docs/QuickTour-Instructor.stories.tsx[2m > [22m[2m3. Section & Grades
[22m[39mstudent.id student-alice-sub
[90mstdout[2m | .storybook/docs/QuickTour-Instructor.stories.tsx[2m > [22m[2m3. Section & Grades
[22m[39massignment.unitID unit-japanese-3
[90mstdout[2m | .storybook/docs/QuickTour-Instructor.stories.tsx[2m > [22m[2m3. Section & Grades
[22m[39mgradeMap[student.id]?.[assignment.unitID] undefined
[90mstdout[2m | .storybook/docs/QuickTour-Instructor.stories.tsx[2m > [22m[2m3. Section & Grades
[22m[39mstudent.id student-bob-sub
[90mstdout[2m | .storybook/docs/QuickTour-Instructor.stories.tsx[2m > [22m[2m3. Section & Grades
[22m[39massignment.unitID unit-japanese-1
[90mstdout[2m | .storybook/docs/QuickTour-Instructor.stories.tsx[2m > [22m[2m3. Section & Grades
[22m[39mgradeMap[student.id]?.[assignment.unitID] {
  "average": 87,
  "count": 1,
  "highest": {
    "_deleted": false,
    "_lastChangedAt": 1705831200000,
    "_version": 4,
    "accuracy": 87,
    "complete": true,
    "createdAt": "2024-01-17T11:00:00.000Z",
    "data": "{"quiz-block-1":{"complete":true,"accuracy":90},"meaning-assoc-1":{"complete":true,"accuracy":85},"custom-q-1":{"complete":true,"accuracy":86}}",
    "files": [],
    "id": "grade-bob-1",
    "identityId": "identity-bob",
    "instructor": "teacher-1",
    "owner": "student-bob-sub",
    "percentComplete": 100,
    "sectionID": "section-jpn-101",
    "timerStarted": true,
    "unitID": "unit-japanese-1",
    "unitVersion": 1,
    "updatedAt": "2024-01-21T10:00:00.000Z",
  },
  "sum": 87,
}
[90mstdout[2m | .storybook/docs/QuickTour-Instructor.stories.tsx[2m > [22m[2m3. Section & Grades
[22m[39mstudent.id student-bob-sub
[90mstdout[2m | .storybook/docs/QuickTour-Instructor.stories.tsx[2m > [22m[2m3. Section & Grades
[22m[39massignment.unitID unit-japanese-2
[90mstdout[2m | .storybook/docs/QuickTour-Instructor.stories.tsx[2m > [22m[2m3. Section & Grades
[22m[39mgradeMap[student.id]?.[assignment.unitID] {
  "average": 82,
  "count": 1,
  "highest": {
    "_deleted": false,
    "_lastChangedAt": 1790073013674,
    "_version": 3,
    "accuracy": 82,
    "complete": true,
    "createdAt": "2024-01-18T14:00:00.000Z",
    "data": "{"quiz-block-1":{"complete":true,"accuracy":80},"meaning-assoc-1":{"complete":true,"accuracy":85},"custom-q-1":{"complete":true,"accuracy":81}}",
    "files": [],
    "id": "grade-bob-2",
    "identityId": "identity-bob",
    "instructor": "teacher-1",
    "owner": "student-bob-sub",
    "percentComplete": 100,
    "sectionID": "section-jpn-101",
    "timerStarted": true,
    "unitID": "unit-japanese-2",
    "unitVersion": 1,
    "updatedAt": "2026-09-22T10:30:13.674Z",
  },
  "sum": 82,
}
[90mstdout[2m | .storybook/docs/QuickTour-Instructor.stories.tsx[2m > [22m[2m3. Section & Grades
[22m[39mstudent.id student-bob-sub
[90mstdout[2m | .storybook/docs/QuickTour-Instructor.stories.tsx[2m > [22m[2m3. Section & Grades
[22m[39massignment.unitID unit-japanese-3
[90mstdout[2m | .storybook/docs/QuickTour-Instructor.stories.tsx[2m > [22m[2m3. Section & Grades
[22m[39mgradeMap[student.id]?.[assignment.unitID] undefined
[90mstdout[2m | .storybook/docs/QuickTour-Instructor.stories.tsx[2m > [22m[2m3. Section & Grades
[22m[39mstudent.id student-carol-sub
[90mstdout[2m | .storybook/docs/QuickTour-Instructor.stories.tsx[2m > [22m[2m3. Section & Grades
[22m[39massignment.unitID unit-japanese-1
[90mstdout[2m | .storybook/docs/QuickTour-Instructor.stories.tsx[2m > [22m[2m3. Section & Grades
[22m[39mgradeMap[student.id]?.[assignment.unitID] {
  "average": 91,
  "count": 1,
  "highest": {
    "_deleted": false,
    "_lastChangedAt": 1705760100000,
    "_version": 5,
    "accuracy": 91,
    "complete": true,
    "createdAt": "2024-01-16T15:00:00.000Z",
    "data": "{"quiz-block-1":{"complete":true,"accuracy":95},"meaning-assoc-1":{"complete":true,"accuracy":90},"custom-q-1":{"complete":true,"accuracy":88}}",
    "files": [],
    "id": "grade-carol-1",
    "identityId": "identity-carol",
    "instructor": "teacher-1",
    "owner": "student-carol-sub",
    "percentComplete": 100,
    "sectionID": "section-jpn-101",
    "timerStarted": true,
    "unitID": "unit-japanese-1",
    "unitVersion": 1,
    "updatedAt": "2024-01-20T14:15:00.000Z",
  },
  "sum": 91,
}
[90mstdout[2m | .storybook/docs/QuickTour-Instructor.stories.tsx[2m > [22m[2m3. Section & Grades
[22m[39mstudent.id student-carol-sub
[90mstdout[2m | .storybook/docs/QuickTour-Instructor.stories.tsx[2m > [22m[2m3. Section & Grades
[22m[39massignment.unitID unit-japanese-2
[90mstdout[2m | .storybook/docs/QuickTour-Instructor.stories.tsx[2m > [22m[2m3. Section & Grades
[22m[39mgradeMap[student.id]?.[assignment.unitID] undefined
[90mstdout[2m | .storybook/docs/QuickTour-Instructor.stories.tsx[2m > [22m[2m3. Section & Grades
[22m[39mstudent.id student-carol-sub
[90mstdout[2m | .storybook/docs/QuickTour-Instructor.stories.tsx[2m > [22m[2m3. Section & Grades
[22m[39massignment.unitID unit-japanese-3
[90mstdout[2m | .storybook/docs/QuickTour-Instructor.stories.tsx[2m > [22m[2m3. Section & Grades
[22m[39mgradeMap[student.id]?.[assignment.unitID] undefined
[90mstdout[2m | .storybook/docs/QuickTour-Instructor.stories.tsx[2m > [22m[2m3. Section & Grades
[22m[39mstudent.id student-dave-sub
[90mstdout[2m | .storybook/docs/QuickTour-Instructor.stories.tsx[2m > [22m[2m3. Section & Grades
[22m[39massignment.unitID unit-japanese-1
[90mstdout[2m | .storybook/docs/QuickTour-Instructor.stories.tsx[2m > [22m[2m3. Section & Grades
[22m[39mgradeMap[student.id]?.[assignment.unitID] {
  "average": 78,
  "count": 1,
  "highest": {
    "_deleted": false,
    "_lastChangedAt": 1705996800000,
    "_version": 6,
    "accuracy": 78,
    "complete": true,
    "createdAt": "2024-01-18T09:00:00.000Z",
    "data": "{"quiz-block-1":{"complete":true,"accuracy":75},"meaning-assoc-1":{"complete":true,"accuracy":80},"custom-q-1":{"complete":true,"accuracy":79}}",
    "files": [],
    "id": "grade-dave-1",
    "identityId": "identity-dave",
    "instructor": "teacher-1",
    "owner": "student-dave-sub",
    "percentComplete": 100,
    "sectionID": "section-jpn-101",
    "timerStarted": true,
    "unitID": "unit-japanese-1",
    "unitVersion": 1,
    "updatedAt": "2024-01-23T08:00:00.000Z",
  },
  "sum": 78,
}
[90mstdout[2m | .storybook/docs/QuickTour-Instructor.stories.tsx[2m > [22m[2m3. Section & Grades
[22m[39mstudent.id student-dave-sub
[90mstdout[2m | .storybook/docs/QuickTour-Instructor.stories.tsx[2m > [22m[2m3. Section & Grades
[22m[39massignment.unitID unit-japanese-2
[90mstdout[2m | .storybook/docs/QuickTour-Instructor.stories.tsx[2m > [22m[2m3. Section & Grades
[22m[39mgradeMap[student.id]?.[assignment.unitID] {
  "average": 84,
  "count": 1,
  "highest": {
    "_deleted": false,
    "_lastChangedAt": 1790245813675,
    "_version": 3,
    "accuracy": 84,
    "complete": true,
    "createdAt": "2024-01-22T13:00:00.000Z",
    "data": "{"quiz-block-1":{"complete":true,"accuracy":85},"meaning-assoc-1":{"complete":true,"accuracy":83},"custom-q-1":{"complete":true,"accuracy":84}}",
    "files": [],
    "id": "grade-dave-2",
    "identityId": "identity-dave",
    "instructor": "teacher-1",
    "owner": "student-dave-sub",
    "percentComplete": 100,
    "sectionID": "section-jpn-101",
    "timerStarted": true,
    "unitID": "unit-japanese-2",
    "unitVersion": 1,
    "updatedAt": "2026-09-24T10:30:13.674Z",
  },
  "sum": 84,
}
[90mstdout[2m | .storybook/docs/QuickTour-Instructor.stories.tsx[2m > [22m[2m3. Section & Grades
[22m[39mstudent.id student-dave-sub
[90mstdout[2m | .storybook/docs/QuickTour-Instructor.stories.tsx[2m > [22m[2m3. Section & Grades
[22m[39massignment.unitID unit-japanese-3
[90mstdout[2m | .storybook/docs/QuickTour-Instructor.stories.tsx[2m > [22m[2m3. Section & Grades
[22m[39mgradeMap[student.id]?.[assignment.unitID] undefined
[90mstdout[2m | .storybook/docs/QuickTour-Instructor.stories.tsx[2m > [22m[2m3. Section & Grades
[22m[39mstudent.id student-eve-sub
[90mstdout[2m | .storybook/docs/QuickTour-Instructor.stories.tsx[2m > [22m[2m3. Section & Grades
[22m[39massignment.unitID unit-japanese-1
[90mstdout[2m | .storybook/docs/QuickTour-Instructor.stories.tsx[2m > [22m[2m3. Section & Grades
[22m[39mgradeMap[student.id]?.[assignment.unitID] {
  "average": 42,
  "count": 1,
  "highest": {
    "_deleted": false,
    "_lastChangedAt": 1705680000000,
    "_version": 2,
    "accuracy": 42,
    "complete": true,
    "createdAt": "2024-01-17T09:00:00.000Z",
    "data": "{"quiz-block-1":{"complete":true,"accuracy":45},"meaning-assoc-1":{"complete":true,"accuracy":40},"custom-q-1":{"complete":true,"accuracy":41}}",
    "files": [],
    "id": "grade-eve-1",
    "identityId": "identity-eve",
    "instructor": "teacher-1",
    "owner": "student-eve-sub",
    "percentComplete": 100,
    "sectionID": "section-jpn-101",
    "timerStarted": true,
    "unitID": "unit-japanese-1",
    "unitVersion": 1,
    "updatedAt": "2024-01-19T16:00:00.000Z",
  },
  "sum": 42,
}
[90mstdout[2m | .storybook/docs/QuickTour-Instructor.stories.tsx[2m > [22m[2m3. Section & Grades
[22m[39mstudent.id student-eve-sub
[90mstdout[2m | .storybook/docs/QuickTour-Instructor.stories.tsx[2m > [22m[2m3. Section & Grades
[22m[39massignment.unitID unit-japanese-2
[90mstdout[2m | .storybook/docs/QuickTour-Instructor.stories.tsx[2m > [22m[2m3. Section & Grades
[22m[39mgradeMap[student.id]?.[assignment.unitID] {
  "average": 55,
  "count": 1,
  "highest": {
    "_deleted": false,
    "_lastChangedAt": 1705834800000,
    "_version": 2,
    "accuracy": 55,
    "complete": true,
    "createdAt": "2024-01-20T09:00:00.000Z",
    "data": "{"quiz-block-1":{"complete":true,"accuracy":58},"meaning-assoc-1":{"complete":true,"accuracy":52},"custom-q-1":{"complete":true,"accuracy":55}}",
    "files": [],
    "id": "grade-eve-2",
    "identityId": "identity-eve",
    "instructor": "teacher-1",
    "owner": "student-eve-sub",
    "percentComplete": 100,
    "sectionID": "section-jpn-101",
    "timerStarted": true,
    "unitID": "unit-japanese-2",
    "unitVersion": 1,
    "updatedAt": "2024-01-21T11:00:00.000Z",
  },
  "sum": 55,
}
[90mstdout[2m | .storybook/docs/QuickTour-Instructor.stories.tsx[2m > [22m[2m3. Section & Grades
[22m[39mstudent.id student-eve-sub
[90mstdout[2m | .storybook/docs/QuickTour-Instructor.stories.tsx[2m > [22m[2m3. Section & Grades
[22m[39massignment.unitID unit-japanese-3
[90mstdout[2m | .storybook/docs/QuickTour-Instructor.stories.tsx[2m > [22m[2m3. Section & Grades
[22m[39mgradeMap[student.id]?.[assignment.unitID] undefined
[90mstdout[2m | .storybook/docs/QuickTour-Instructor.stories.tsx[2m > [22m[2m3. Section & Grades
[22m[39mstudent.id student-frank-sub
[90mstdout[2m | .storybook/docs/QuickTour-Instructor.stories.tsx[2m > [22m[2m3. Section & Grades
[22m[39massignment.unitID unit-japanese-1
[90mstdout[2m | .storybook/docs/QuickTour-Instructor.stories.tsx[2m > [22m[2m3. Section & Grades
[22m[39mgradeMap[student.id]?.[assignment.unitID] {
  "average": 68,
  "count": 1,
  "highest": {
    "_deleted": false,
    "_lastChangedAt": 1789900213675,
    "_version": 2,
    "accuracy": 68,
    "complete": true,
    "createdAt": "2024-01-19T09:00:00.000Z",
    "data": "{"quiz-block-1":{"complete":true,"accuracy":70},"meaning-assoc-1":{"complete":true,"accuracy":65},"custom-q-1":{"complete":true,"accuracy":69}}",
    "files": [],
    "id": "grade-frank-1",
    "identityId": "identity-frank",
    "instructor": "teacher-1",
    "owner": "student-frank-sub",
    "percentComplete": 100,
    "sectionID": "section-jpn-101",
    "timerStarted": true,
    "unitID": "unit-japanese-1",
    "unitVersion": 1,
    "updatedAt": "2026-09-20T10:30:13.675Z",
  },
  "sum": 68,
}
[90mstdout[2m | .storybook/docs/QuickTour-Instructor.stories.tsx[2m > [22m[2m3. Section & Grades
[22m[39mstudent.id student-frank-sub
[90mstdout[2m | .storybook/docs/QuickTour-Instructor.stories.tsx[2m > [22m[2m3. Section & Grades
[22m[39massignment.unitID unit-japanese-2
[90mstdout[2m | .storybook/docs/QuickTour-Instructor.stories.tsx[2m > [22m[2m3. Section & Grades
[22m[39mgradeMap[student.id]?.[assignment.unitID] undefined
[90mstdout[2m | .storybook/docs/QuickTour-Instructor.stories.tsx[2m > [22m[2m3. Section & Grades
[22m[39mstudent.id student-frank-sub
[90mstdout[2m | .storybook/docs/QuickTour-Instructor.stories.tsx[2m > [22m[2m3. Section & Grades
[22m[39massignment.unitID unit-japanese-3
[90mstdout[2m | .storybook/docs/QuickTour-Instructor.stories.tsx[2m > [22m[2m3. Section & Grades
[22m[39mgradeMap[student.id]?.[assignment.unitID] {
  "average": 72,
  "count": 1,
  "highest": {
    "_deleted": false,
    "_lastChangedAt": 1789986613675,
    "_version": 2,
    "accuracy": 72,
    "complete": true,
    "createdAt": "2024-01-21T09:00:00.000Z",
    "data": "{"quiz-block-1":{"complete":true,"accuracy":74},"meaning-assoc-1":{"complete":true,"accuracy":70},"custom-q-1":{"complete":true,"accuracy":72}}",
    "files": [],
    "id": "grade-frank-2",
    "identityId": "identity-frank",
    "instructor": "teacher-1",
    "owner": "student-frank-sub",
    "percentComplete": 100,
    "sectionID": "section-jpn-101",
    "timerStarted": true,
    "unitID": "unit-japanese-3",
    "unitVersion": 1,
    "updatedAt": "2026-09-21T10:30:13.675Z",
  },
  "sum": 72,
}
[90mstdout[2m | .storybook/docs/QuickTour-Instructor.stories.tsx[2m > [22m[2m3. Section & Grades
[22m[39mMock Cache.getItem called with: getCachedUrl_/story-mocks/sand-4753305_1280.jpg
[90mstdout[2m | .storybook/docs/QuickTour-Instructor.stories.tsx[2m > [22m[2m3. Section & Grades
[22m[39mMock getUrl called with: /story-mocks/sand-4753305_1280.jpg
[90mstdout[2m | .storybook/docs/QuickTour-Instructor.stories.tsx[2m > [22m[2m3. Section & Grades
[22m[39mMock Cache.setItem called with: getCachedUrl_/story-mocks/sand-4753305_1280.jpg /story-mocks/sand-4753305_1280.jpg
[90mstdout[2m | .storybook/docs/QuickTour-Instructor.stories.tsx[2m > [22m[2m3. Section & Grades
[22m[39mstudent.id student-alice-sub
[90mstdout[2m | .storybook/docs/QuickTour-Instructor.stories.tsx[2m > [22m[2m3. Section & Grades
[22m[39massignment.unitID unit-japanese-1
[90mstdout[2m | .storybook/docs/QuickTour-Instructor.stories.tsx[2m > [22m[2m3. Section & Grades
[22m[39mgradeMap[student.id]?.[assignment.unitID] {
  "average": 95.5,
  "count": 2,
  "highest": {
    "_deleted": false,
    "_lastChangedAt": 1790245813675,
    "_version": 5,
    "accuracy": 97,
    "complete": true,
    "createdAt": "2024-01-22T10:00:00.000Z",
    "data": "{"quiz-block-1":{"complete":true,"accuracy":100},"meaning-assoc-1":{"complete":true,"accuracy":100},"custom-q-1":{"complete":true,"accuracy":92}}",
    "feedback": "{"overall":"Even better! Perfect score on vocabulary."}",
    "files": [],
    "id": "grade-alice-1-attempt2",
    "identityId": "identity-alice",
    "instructor": "teacher-1",
    "moderationCheckedAt": "2024-01-22T14:00:00.000Z",
    "moderationFlags": null,
    "moderationStatus": "approved",
    "owner": "student-alice-sub",
    "percentComplete": 100,
    "sectionID": "section-jpn-101",
    "timerStarted": true,
    "unitID": "unit-japanese-1",
    "unitVersion": 1,
    "updatedAt": "2026-09-24T10:30:13.675Z",
  },
  "sum": 191,
}
[90mstdout[2m | .storybook/docs/QuickTour-Instructor.stories.tsx[2m > [22m[2m3. Section & Grades
[22m[39mstudent.id student-alice-sub
[90mstdout[2m | .storybook/docs/QuickTour-Instructor.stories.tsx[2m > [22m[2m3. Section & Grades
[22m[39massignment.unitID unit-japanese-2
[90mstdout[2m | .storybook/docs/QuickTour-Instructor.stories.tsx[2m > [22m[2m3. Section & Grades
[22m[39mgradeMap[student.id]?.[assignment.unitID] undefined
[90mstdout[2m | .storybook/docs/QuickTour-Instructor.stories.tsx[2m > [22m[2m3. Section & Grades
[22m[39mstudent.id student-alice-sub
[90mstdout[2m | .storybook/docs/QuickTour-Instructor.stories.tsx[2m > [22m[2m3. Section & Grades
[22m[39massignment.unitID unit-japanese-3
[90mstdout[2m | .storybook/docs/QuickTour-Instructor.stories.tsx[2m > [22m[2m3. Section & Grades
[22m[39mgradeMap[student.id]?.[assignment.unitID] undefined
[90mstdout[2m | .storybook/docs/QuickTour-Instructor.stories.tsx[2m > [22m[2m3. Section & Grades
[22m[39mstudent.id student-bob-sub
[90mstdout[2m | .storybook/docs/QuickTour-Instructor.stories.tsx[2m > [22m[2m3. Section & Grades
[22m[39massignment.unitID unit-japanese-1
[90mstdout[2m | .storybook/docs/QuickTour-Instructor.stories.tsx[2m > [22m[2m3. Section & Grades
[22m[39mgradeMap[student.id]?.[assignment.unitID] {
  "average": 87,
  "count": 1,
  "highest": {
    "_deleted": false,
    "_lastChangedAt": 1705831200000,
    "_version": 4,
    "accuracy": 87,
    "complete": true,
    "createdAt": "2024-01-17T11:00:00.000Z",
    "data": "{"quiz-block-1":{"complete":true,"accuracy":90},"meaning-assoc-1":{"complete":true,"accuracy":85},"custom-q-1":{"complete":true,"accuracy":86}}",
    "files": [],
    "id": "grade-bob-1",
    "identityId": "identity-bob",
    "instructor": "teacher-1",
    "owner": "student-bob-sub",
    "percentComplete": 100,
    "sectionID": "section-jpn-101",
    "timerStarted": true,
    "unitID": "unit-japanese-1",
    "unitVersion": 1,
    "updatedAt": "2024-01-21T10:00:00.000Z",
  },
  "sum": 87,
}
[90mstdout[2m | .storybook/docs/QuickTour-Instructor.stories.tsx[2m > [22m[2m3. Section & Grades
[22m[39mstudent.id student-bob-sub
[90mstdout[2m | .storybook/docs/QuickTour-Instructor.stories.tsx[2m > [22m[2m3. Section & Grades
[22m[39massignment.unitID unit-japanese-2
[90mstdout[2m | .storybook/docs/QuickTour-Instructor.stories.tsx[2m > [22m[2m3. Section & Grades
[22m[39mgradeMap[student.id]?.[assignment.unitID] {
  "average": 82,
  "count": 1,
  "highest": {
    "_deleted": false,
    "_lastChangedAt": 1790073013674,
    "_version": 3,
    "accuracy": 82,
    "complete": true,
    "createdAt": "2024-01-18T14:00:00.000Z",
    "data": "{"quiz-block-1":{"complete":true,"accuracy":80},"meaning-assoc-1":{"complete":true,"accuracy":85},"custom-q-1":{"complete":true,"accuracy":81}}",
    "files": [],
    "id": "grade-bob-2",
    "identityId": "identity-bob",
    "instructor": "teacher-1",
    "owner": "student-bob-sub",
    "percentComplete": 100,
    "sectionID": "section-jpn-101",
    "timerStarted": true,
    "unitID": "unit-japanese-2",
    "unitVersion": 1,
    "updatedAt": "2026-09-22T10:30:13.674Z",
  },
  "sum": 82,
}
[90mstdout[2m | .storybook/docs/QuickTour-Instructor.stories.tsx[2m > [22m[2m3. Section & Grades
[22m[39mstudent.id student-bob-sub
[90mstdout[2m | .storybook/docs/QuickTour-Instructor.stories.tsx[2m > [22m[2m3. Section & Grades
[22m[39massignment.unitID unit-japanese-3
[90mstdout[2m | .storybook/docs/QuickTour-Instructor.stories.tsx[2m > [22m[2m3. Section & Grades
[22m[39mgradeMap[student.id]?.[assignment.unitID] undefined
[90mstdout[2m | .storybook/docs/QuickTour-Instructor.stories.tsx[2m > [22m[2m3. Section & Grades
[22m[39mstudent.id student-carol-sub
[90mstdout[2m | .storybook/docs/QuickTour-Instructor.stories.tsx[2m > [22m[2m3. Section & Grades
[22m[39massignment.unitID unit-japanese-1
[90mstdout[2m | .storybook/docs/QuickTour-Instructor.stories.tsx[2m > [22m[2m3. Section & Grades
[22m[39mgradeMap[student.id]?.[assignment.unitID] {
  "average": 91,
  "count": 1,
  "highest": {
    "_deleted": false,
    "_lastChangedAt": 1705760100000,
    "_version": 5,
    "accuracy": 91,
    "complete": true,
    "createdAt": "2024-01-16T15:00:00.000Z",
    "data": "{"quiz-block-1":{"complete":true,"accuracy":95},"meaning-assoc-1":{"complete":true,"accuracy":90},"custom-q-1":{"complete":true,"accuracy":88}}",
    "files": [],
    "id": "grade-carol-1",
    "identityId": "identity-carol",
    "instructor": "teacher-1",
    "owner": "student-carol-sub",
    "percentComplete": 100,
    "sectionID": "section-jpn-101",
    "timerStarted": true,
    "unitID": "unit-japanese-1",
    "unitVersion": 1,
    "updatedAt": "2024-01-20T14:15:00.000Z",
  },
  "sum": 91,
}
[90mstdout[2m | .storybook/docs/QuickTour-Instructor.stories.tsx[2m > [22m[2m3. Section & Grades
[22m[39mstudent.id student-carol-sub
[90mstdout[2m | .storybook/docs/QuickTour-Instructor.stories.tsx[2m > [22m[2m3. Section & Grades
[22m[39massignment.unitID unit-japanese-2
[90mstdout[2m | .storybook/docs/QuickTour-Instructor.stories.tsx[2m > [22m[2m3. Section & Grades
[22m[39mgradeMap[student.id]?.[assignment.unitID] undefined
[90mstdout[2m | .storybook/docs/QuickTour-Instructor.stories.tsx[2m > [22m[2m3. Section & Grades
[22m[39mstudent.id student-carol-sub
[90mstdout[2m | .storybook/docs/QuickTour-Instructor.stories.tsx[2m > [22m[2m3. Section & Grades
[22m[39massignment.unitID unit-japanese-3
[90mstdout[2m | .storybook/docs/QuickTour-Instructor.stories.tsx[2m > [22m[2m3. Section & Grades
[22m[39mgradeMap[student.id]?.[assignment.unitID] undefined
[90mstdout[2m | .storybook/docs/QuickTour-Instructor.stories.tsx[2m > [22m[2m3. Section & Grades
[22m[39mstudent.id student-dave-sub
[90mstdout[2m | .storybook/docs/QuickTour-Instructor.stories.tsx[2m > [22m[2m3. Section & Grades
[22m[39massignment.unitID unit-japanese-1
[90mstdout[2m | .storybook/docs/QuickTour-Instructor.stories.tsx[2m > [22m[2m3. Section & Grades
[22m[39mgradeMap[student.id]?.[assignment.unitID] {
  "average": 78,
  "count": 1,
  "highest": {
    "_deleted": false,
    "_lastChangedAt": 1705996800000,
    "_version": 6,
    "accuracy": 78,
    "complete": true,
    "createdAt": "2024-01-18T09:00:00.000Z",
    "data": "{"quiz-block-1":{"complete":true,"accuracy":75},"meaning-assoc-1":{"complete":true,"accuracy":80},"custom-q-1":{"complete":true,"accuracy":79}}",
    "files": [],
    "id": "grade-dave-1",
    "identityId": "identity-dave",
    "instructor": "teacher-1",
    "owner": "student-dave-sub",
    "percentComplete": 100,
    "sectionID": "section-jpn-101",
    "timerStarted": true,
    "unitID": "unit-japanese-1",
    "unitVersion": 1,
    "updatedAt": "2024-01-23T08:00:00.000Z",
  },
  "sum": 78,
}
[90mstdout[2m | .storybook/docs/QuickTour-Instructor.stories.tsx[2m > [22m[2m3. Section & Grades
[22m[39mstudent.id student-dave-sub
[90mstdout[2m | .storybook/docs/QuickTour-Instructor.stories.tsx[2m > [22m[2m3. Section & Grades
[22m[39massignment.unitID unit-japanese-2
[90mstdout[2m | .storybook/docs/QuickTour-Instructor.stories.tsx[2m > [22m[2m3. Section & Grades
[22m[39mgradeMap[student.id]?.[assignment.unitID] {
  "average": 84,
  "count": 1,
  "highest": {
    "_deleted": false,
    "_lastChangedAt": 1790245813675,
    "_version": 3,
    "accuracy": 84,
    "complete": true,
    "createdAt": "2024-01-22T13:00:00.000Z",
    "data": "{"quiz-block-1":{"complete":true,"accuracy":85},"meaning-assoc-1":{"complete":true,"accuracy":83},"custom-q-1":{"complete":true,"accuracy":84}}",
    "files": [],
    "id": "grade-dave-2",
    "identityId": "identity-dave",
    "instructor": "teacher-1",
    "owner": "student-dave-sub",
    "percentComplete": 100,
    "sectionID": "section-jpn-101",
    "timerStarted": true,
    "unitID": "unit-japanese-2",
    "unitVersion": 1,
    "updatedAt": "2026-09-24T10:30:13.674Z",
  },
  "sum": 84,
}
[90mstdout[2m | .storybook/docs/QuickTour-Instructor.stories.tsx[2m > [22m[2m3. Section & Grades
[22m[39mstudent.id student-dave-sub
[90mstdout[2m | .storybook/docs/QuickTour-Instructor.stories.tsx[2m > [22m[2m3. Section & Grades
[22m[39massignment.unitID unit-japanese-3
[90mstdout[2m | .storybook/docs/QuickTour-Instructor.stories.tsx[2m > [22m[2m3. Section & Grades
[22m[39mgradeMap[student.id]?.[assignment.unitID] undefined
[90mstdout[2m | .storybook/docs/QuickTour-Instructor.stories.tsx[2m > [22m[2m3. Section & Grades
[22m[39mstudent.id student-eve-sub
[90mstdout[2m | .storybook/docs/QuickTour-Instructor.stories.tsx[2m > [22m[2m3. Section & Grades
[22m[39massignment.unitID unit-japanese-1
[90mstdout[2m | .storybook/docs/QuickTour-Instructor.stories.tsx[2m > [22m[2m3. Section & Grades
[22m[39mgradeMap[student.id]?.[assignment.unitID] {
  "average": 42,
  "count": 1,
  "highest": {
    "_deleted": false,
    "_lastChangedAt": 1705680000000,
    "_version": 2,
    "accuracy": 42,
    "complete": true,
    "createdAt": "2024-01-17T09:00:00.000Z",
    "data": "{"quiz-block-1":{"complete":true,"accuracy":45},"meaning-assoc-1":{"complete":true,"accuracy":40},"custom-q-1":{"complete":true,"accuracy":41}}",
    "files": [],
    "id": "grade-eve-1",
    "identityId": "identity-eve",
    "instructor": "teacher-1",
    "owner": "student-eve-sub",
    "percentComplete": 100,
    "sectionID": "section-jpn-101",
    "timerStarted": true,
    "unitID": "unit-japanese-1",
    "unitVersion": 1,
    "updatedAt": "2024-01-19T16:00:00.000Z",
  },
  "sum": 42,
}
[90mstdout[2m | .storybook/docs/QuickTour-Instructor.stories.tsx[2m > [22m[2m3. Section & Grades
[22m[39mstudent.id student-eve-sub
[90mstdout[2m | .storybook/docs/QuickTour-Instructor.stories.tsx[2m > [22m[2m3. Section & Grades
[22m[39massignment.unitID unit-japanese-2
[90mstdout[2m | .storybook/docs/QuickTour-Instructor.stories.tsx[2m > [22m[2m3. Section & Grades
[22m[39mgradeMap[student.id]?.[assignment.unitID] {
  "average": 55,
  "count": 1,
  "highest": {
    "_deleted": false,
    "_lastChangedAt": 1705834800000,
    "_version": 2,
    "accuracy": 55,
    "complete": true,
    "createdAt": "2024-01-20T09:00:00.000Z",
    "data": "{"quiz-block-1":{"complete":true,"accuracy":58},"meaning-assoc-1":{"complete":true,"accuracy":52},"custom-q-1":{"complete":true,"accuracy":55}}",
    "files": [],
    "id": "grade-eve-2",
    "identityId": "identity-eve",
    "instructor": "teacher-1",
    "owner": "student-eve-sub",
    "percentComplete": 100,
    "sectionID": "section-jpn-101",
    "timerStarted": true,
    "unitID": "unit-japanese-2",
    "unitVersion": 1,
    "updatedAt": "2024-01-21T11:00:00.000Z",
  },
  "sum": 55,
}
[90mstdout[2m | .storybook/docs/QuickTour-Instructor.stories.tsx[2m > [22m[2m3. Section & Grades
[22m[39mstudent.id student-eve-sub
[90mstdout[2m | .storybook/docs/QuickTour-Instructor.stories.tsx[2m > [22m[2m3. Section & Grades
[22m[39massignment.unitID unit-japanese-3
[90mstdout[2m | .storybook/docs/QuickTour-Instructor.stories.tsx[2m > [22m[2m3. Section & Grades
[22m[39mgradeMap[student.id]?.[assignment.unitID] undefined
[90mstdout[2m | .storybook/docs/QuickTour-Instructor.stories.tsx[2m > [22m[2m3. Section & Grades
[22m[39mstudent.id student-frank-sub
[90mstdout[2m | .storybook/docs/QuickTour-Instructor.stories.tsx[2m > [22m[2m3. Section & Grades
[22m[39massignment.unitID unit-japanese-1
[90mstdout[2m | .storybook/docs/QuickTour-Instructor.stories.tsx[2m > [22m[2m3. Section & Grades
[22m[39mgradeMap[student.id]?.[assignment.unitID] {
  "average": 68,
  "count": 1,
  "highest": {
    "_deleted": false,
    "_lastChangedAt": 1789900213675,
    "_version": 2,
    "accuracy": 68,
    "complete": true,
    "createdAt": "2024-01-19T09:00:00.000Z",
    "data": "{"quiz-block-1":{"complete":true,"accuracy":70},"meaning-assoc-1":{"complete":true,"accuracy":65},"custom-q-1":{"complete":true,"accuracy":69}}",
    "files": [],
    "id": "grade-frank-1",
    "identityId": "identity-frank",
    "instructor": "teacher-1",
    "owner": "student-frank-sub",
    "percentComplete": 100,
    "sectionID": "section-jpn-101",
    "timerStarted": true,
    "unitID": "unit-japanese-1",
    "unitVersion": 1,
    "updatedAt": "2026-09-20T10:30:13.675Z",
  },
  "sum": 68,
}
[90mstdout[2m | .storybook/docs/QuickTour-Instructor.stories.tsx[2m > [22m[2m3. Section & Grades
[22m[39mstudent.id student-frank-sub
[90mstdout[2m | .storybook/docs/QuickTour-Instructor.stories.tsx[2m > [22m[2m3. Section & Grades
[22m[39massignment.unitID unit-japanese-2
[90mstdout[2m | .storybook/docs/QuickTour-Instructor.stories.tsx[2m > [22m[2m3. Section & Grades
[22m[39mgradeMap[student.id]?.[assignment.unitID] undefined
[90mstdout[2m | .storybook/docs/QuickTour-Instructor.stories.tsx[2m > [22m[2m3. Section & Grades
[22m[39mstudent.id student-frank-sub
[90mstdout[2m | .storybook/docs/QuickTour-Instructor.stories.tsx[2m > [22m[2m3. Section & Grades
[22m[39massignment.unitID unit-japanese-3
[90mstdout[2m | .storybook/docs/QuickTour-Instructor.stories.tsx[2m > [22m[2m3. Section & Grades
[22m[39mgradeMap[student.id]?.[assignment.unitID] {
  "average": 72,
  "count": 1,
  "highest": {
    "_deleted": false,
    "_lastChangedAt": 1789986613675,
    "_version": 2,
    "accuracy": 72,
    "complete": true,
    "createdAt": "2024-01-21T09:00:00.000Z",
    "data": "{"quiz-block-1":{"complete":true,"accuracy":74},"meaning-assoc-1":{"complete":true,"accuracy":70},"custom-q-1":{"complete":true,"accuracy":72}}",
    "files": [],
    "id": "grade-frank-2",
    "identityId": "identity-frank",
    "instructor": "teacher-1",
    "owner": "student-frank-sub",
    "percentComplete": 100,
    "sectionID": "section-jpn-101",
    "timerStarted": true,
    "unitID": "unit-japanese-3",
    "unitVersion": 1,
    "updatedAt": "2026-09-21T10:30:13.675Z",
  },
  "sum": 72,
}
[90mstdout[2m | .storybook/docs/QuickTour-Instructor.stories.tsx[2m > [22m[2m3. Section & Grades
[22m[39m[Mock Data] Section updated: section-jpn-101 - notified 1 subscribers
[90mstdout[2m | .storybook/docs/QuickTour-Instructor.stories.tsx[2m > [22m[2m3. Section & Grades
[22m[39msectionData [
  {
    "_deleted": false,
    "_lastChangedAt": 1704096000000,
    "_version": 2,
    "code": "JPN101SPRING",
    "createdAt": "2024-01-01T08:00:00.000Z",
    "curveSettings": [],
    "description": "Beginner Japanese language course",
    "featuredImage": "/story-mocks/sand-4753305_1280.jpg",
    "id": "section-jpn-101",
    "identityId": "us-east-1:teacher-identity-1",
    "learner": "section-jpn-101-learners",
    "name": "Japanese 101 - Spring 2024",
    "owner": "teacher-1",
    "status": "PUBLISHED",
    "updatedAt": "2026-09-26T10:30:21.927Z",
  },
]
[90mstdout[2m | .storybook/docs/QuickTour-Instructor.stories.tsx[2m > [22m[2m3. Section & Grades
[22m[39mstudent.id student-alice-sub
[90mstdout[2m | .storybook/docs/QuickTour-Instructor.stories.tsx[2m > [22m[2m3. Section & Grades
[22m[39massignment.unitID unit-japanese-1
[90mstdout[2m | .storybook/docs/QuickTour-Instructor.stories.tsx[2m > [22m[2m3. Section & Grades
[22m[39mgradeMap[student.id]?.[assignment.unitID] {
  "average": 95.5,
  "count": 2,
  "highest": {
    "_deleted": false,
    "_lastChangedAt": 1790245813675,
    "_version": 5,
    "accuracy": 97,
    "complete": true,
    "createdAt": "2024-01-22T10:00:00.000Z",
    "data": "{"quiz-block-1":{"complete":true,"accuracy":100},"meaning-assoc-1":{"complete":true,"accuracy":100},"custom-q-1":{"complete":true,"accuracy":92}}",
    "feedback": "{"overall":"Even better! Perfect score on vocabulary."}",
    "files": [],
    "id": "grade-alice-1-attempt2",
    "identityId": "identity-alice",
    "instructor": "teacher-1",
    "moderationCheckedAt": "2024-01-22T14:00:00.000Z",
    "moderationFlags": null,
    "moderationStatus": "approved",
    "owner": "student-alice-sub",
    "percentComplete": 100,
    "sectionID": "section-jpn-101",
    "timerStarted": true,
    "unitID": "unit-japanese-1",
    "unitVersion": 1,
    "updatedAt": "2026-09-24T10:30:13.675Z",
  },
  "sum": 191,
}
[90mstdout[2m | .storybook/docs/QuickTour-Instructor.stories.tsx[2m > [22m[2m3. Section & Grades
[22m[39mstudent.id student-alice-sub
[90mstdout[2m | .storybook/docs/QuickTour-Instructor.stories.tsx[2m > [22m[2m3. Section & Grades
[22m[39massignment.unitID unit-japanese-2
[90mstdout[2m | .storybook/docs/QuickTour-Instructor.stories.tsx[2m > [22m[2m3. Section & Grades
[22m[39mgradeMap[student.id]?.[assignment.unitID] undefined
[90mstdout[2m | .storybook/docs/QuickTour-Instructor.stories.tsx[2m > [22m[2m3. Section & Grades
[22m[39mstudent.id student-alice-sub
[90mstdout[2m | .storybook/docs/QuickTour-Instructor.stories.tsx[2m > [22m[2m3. Section & Grades
[22m[39massignment.unitID unit-japanese-3
[90mstdout[2m | .storybook/docs/QuickTour-Instructor.stories.tsx[2m > [22m[2m3. Section & Grades
[22m[39mgradeMap[student.id]?.[assignment.unitID] undefined
[90mstdout[2m | .storybook/docs/QuickTour-Instructor.stories.tsx[2m > [22m[2m3. Section & Grades
[22m[39mstudent.id student-bob-sub
[90mstdout[2m | .storybook/docs/QuickTour-Instructor.stories.tsx[2m > [22m[2m3. Section & Grades
[22m[39massignment.unitID unit-japanese-1
[90mstdout[2m | .storybook/docs/QuickTour-Instructor.stories.tsx[2m > [22m[2m3. Section & Grades
[22m[39mgradeMap[student.id]?.[assignment.unitID] {
  "average": 87,
  "count": 1,
  "highest": {
    "_deleted": false,
    "_lastChangedAt": 1705831200000,
    "_version": 4,
    "accuracy": 87,
    "complete": true,
    "createdAt": "2024-01-17T11:00:00.000Z",
    "data": "{"quiz-block-1":{"complete":true,"accuracy":90},"meaning-assoc-1":{"complete":true,"accuracy":85},"custom-q-1":{"complete":true,"accuracy":86}}",
    "files": [],
    "id": "grade-bob-1",
    "identityId": "identity-bob",
    "instructor": "teacher-1",
    "owner": "student-bob-sub",
    "percentComplete": 100,
    "sectionID": "section-jpn-101",
    "timerStarted": true,
    "unitID": "unit-japanese-1",
    "unitVersion": 1,
    "updatedAt": "2024-01-21T10:00:00.000Z",
  },
  "sum": 87,
}
[90mstdout[2m | .storybook/docs/QuickTour-Instructor.stories.tsx[2m > [22m[2m3. Section & Grades
[22m[39mstudent.id student-bob-sub
[90mstdout[2m | .storybook/docs/QuickTour-Instructor.stories.tsx[2m > [22m[2m3. Section & Grades
[22m[39massignment.unitID unit-japanese-2
[90mstdout[2m | .storybook/docs/QuickTour-Instructor.stories.tsx[2m > [22m[2m3. Section & Grades
[22m[39mgradeMap[student.id]?.[assignment.unitID] {
  "average": 82,
  "count": 1,
  "highest": {
    "_deleted": false,
    "_lastChangedAt": 1790073013674,
    "_version": 3,
    "accuracy": 82,
    "complete": true,
    "createdAt": "2024-01-18T14:00:00.000Z",
    "data": "{"quiz-block-1":{"complete":true,"accuracy":80},"meaning-assoc-1":{"complete":true,"accuracy":85},"custom-q-1":{"complete":true,"accuracy":81}}",
    "files": [],
    "id": "grade-bob-2",
    "identityId": "identity-bob",
    "instructor": "teacher-1",
    "owner": "student-bob-sub",
    "percentComplete": 100,
    "sectionID": "section-jpn-101",
    "timerStarted": true,
    "unitID": "unit-japanese-2",
    "unitVersion": 1,
    "updatedAt": "2026-09-22T10:30:13.674Z",
  },
  "sum": 82,
}
[90mstdout[2m | .storybook/docs/QuickTour-Instructor.stories.tsx[2m > [22m[2m3. Section & Grades
[22m[39mstudent.id student-bob-sub
[90mstdout[2m | .storybook/docs/QuickTour-Instructor.stories.tsx[2m > [22m[2m3. Section & Grades
[22m[39massignment.unitID unit-japanese-3
[90mstdout[2m | .storybook/docs/QuickTour-Instructor.stories.tsx[2m > [22m[2m3. Section & Grades
[22m[39mgradeMap[student.id]?.[assignment.unitID] undefined
[90mstdout[2m | .storybook/docs/QuickTour-Instructor.stories.tsx[2m > [22m[2m3. Section & Grades
[22m[39mstudent.id student-carol-sub
[90mstdout[2m | .storybook/docs/QuickTour-Instructor.stories.tsx[2m > [22m[2m3. Section & Grades
[22m[39massignment.unitID unit-japanese-1
[90mstdout[2m | .storybook/docs/QuickTour-Instructor.stories.tsx[2m > [22m[2m3. Section & Grades
[22m[39mgradeMap[student.id]?.[assignment.unitID] {
  "average": 91,
  "count": 1,
  "highest": {
    "_deleted": false,
    "_lastChangedAt": 1705760100000,
    "_version": 5,
    "accuracy": 91,
    "complete": true,
    "createdAt": "2024-01-16T15:00:00.000Z",
    "data": "{"quiz-block-1":{"complete":true,"accuracy":95},"meaning-assoc-1":{"complete":true,"accuracy":90},"custom-q-1":{"complete":true,"accuracy":88}}",
    "files": [],
    "id": "grade-carol-1",
    "identityId": "identity-carol",
    "instructor": "teacher-1",
    "owner": "student-carol-sub",
    "percentComplete": 100,
    "sectionID": "section-jpn-101",
    "timerStarted": true,
    "unitID": "unit-japanese-1",
    "unitVersion": 1,
    "updatedAt": "2024-01-20T14:15:00.000Z",
  },
  "sum": 91,
}
[90mstdout[2m | .storybook/docs/QuickTour-Instructor.stories.tsx[2m > [22m[2m3. Section & Grades
[22m[39mstudent.id student-carol-sub
[90mstdout[2m | .storybook/docs/QuickTour-Instructor.stories.tsx[2m > [22m[2m3. Section & Grades
[22m[39massignment.unitID unit-japanese-2
[90mstdout[2m | .storybook/docs/QuickTour-Instructor.stories.tsx[2m > [22m[2m3. Section & Grades
[22m[39mgradeMap[student.id]?.[assignment.unitID] undefined
[90mstdout[2m | .storybook/docs/QuickTour-Instructor.stories.tsx[2m > [22m[2m3. Section & Grades
[22m[39mstudent.id student-carol-sub
[90mstdout[2m | .storybook/docs/QuickTour-Instructor.stories.tsx[2m > [22m[2m3. Section & Grades
[22m[39massignment.unitID unit-japanese-3
[90mstdout[2m | .storybook/docs/QuickTour-Instructor.stories.tsx[2m > [22m[2m3. Section & Grades
[22m[39mgradeMap[student.id]?.[assignment.unitID] undefined
[90mstdout[2m | .storybook/docs/QuickTour-Instructor.stories.tsx[2m > [22m[2m3. Section & Grades
[22m[39mstudent.id student-dave-sub
[90mstdout[2m | .storybook/docs/QuickTour-Instructor.stories.tsx[2m > [22m[2m3. Section & Grades
[22m[39massignment.unitID unit-japanese-1
[90mstdout[2m | .storybook/docs/QuickTour-Instructor.stories.tsx[2m > [22m[2m3. Section & Grades
[22m[39mgradeMap[student.id]?.[assignment.unitID] {
  "average": 78,
  "count": 1,
  "highest": {
    "_deleted": false,
    "_lastChangedAt": 1705996800000,
    "_version": 6,
    "accuracy": 78,
    "complete": true,
    "createdAt": "2024-01-18T09:00:00.000Z",
    "data": "{"quiz-block-1":{"complete":true,"accuracy":75},"meaning-assoc-1":{"complete":true,"accuracy":80},"custom-q-1":{"complete":true,"accuracy":79}}",
    "files": [],
    "id": "grade-dave-1",
    "identityId": "identity-dave",
    "instructor": "teacher-1",
    "owner": "student-dave-sub",
    "percentComplete": 100,
    "sectionID": "section-jpn-101",
    "timerStarted": true,
    "unitID": "unit-japanese-1",
    "unitVersion": 1,
    "updatedAt": "2024-01-23T08:00:00.000Z",
  },
  "sum": 78,
}
[90mstdout[2m | .storybook/docs/QuickTour-Instructor.stories.tsx[2m > [22m[2m3. Section & Grades
[22m[39mstudent.id student-dave-sub
[90mstdout[2m | .storybook/docs/QuickTour-Instructor.stories.tsx[2m > [22m[2m3. Section & Grades
[22m[39massignment.unitID unit-japanese-2
[90mstdout[2m | .storybook/docs/QuickTour-Instructor.stories.tsx[2m > [22m[2m3. Section & Grades
[22m[39mgradeMap[student.id]?.[assignment.unitID] {
  "average": 84,
  "count": 1,
  "highest": {
    "_deleted": false,
    "_lastChangedAt": 1790245813675,
    "_version": 3,
    "accuracy": 84,
    "complete": true,
    "createdAt": "2024-01-22T13:00:00.000Z",
    "data": "{"quiz-block-1":{"complete":true,"accuracy":85},"meaning-assoc-1":{"complete":true,"accuracy":83},"custom-q-1":{"complete":true,"accuracy":84}}",
    "files": [],
    "id": "grade-dave-2",
    "identityId": "identity-dave",
    "instructor": "teacher-1",
    "owner": "student-dave-sub",
    "percentComplete": 100,
    "sectionID": "section-jpn-101",
    "timerStarted": true,
    "unitID": "unit-japanese-2",
    "unitVersion": 1,
    "updatedAt": "2026-09-24T10:30:13.674Z",
  },
  "sum": 84,
}
[90mstdout[2m | .storybook/docs/QuickTour-Instructor.stories.tsx[2m > [22m[2m3. Section & Grades
[22m[39mstudent.id student-dave-sub
[90mstdout[2m | .storybook/docs/QuickTour-Instructor.stories.tsx[2m > [22m[2m3. Section & Grades
[22m[39massignment.unitID unit-japanese-3
[90mstdout[2m | .storybook/docs/QuickTour-Instructor.stories.tsx[2m > [22m[2m3. Section & Grades
[22m[39mgradeMap[student.id]?.[assignment.unitID] undefined
[90mstdout[2m | .storybook/docs/QuickTour-Instructor.stories.tsx[2m > [22m[2m3. Section & Grades
[22m[39mstudent.id student-eve-sub
[90mstdout[2m | .storybook/docs/QuickTour-Instructor.stories.tsx[2m > [22m[2m3. Section & Grades
[22m[39massignment.unitID unit-japanese-1
[90mstdout[2m | .storybook/docs/QuickTour-Instructor.stories.tsx[2m > [22m[2m3. Section & Grades
[22m[39mgradeMap[student.id]?.[assignment.unitID] {
  "average": 42,
  "count": 1,
  "highest": {
    "_deleted": false,
    "_lastChangedAt": 1705680000000,
    "_version": 2,
    "accuracy": 42,
    "complete": true,
    "createdAt": "2024-01-17T09:00:00.000Z",
    "data": "{"quiz-block-1":{"complete":true,"accuracy":45},"meaning-assoc-1":{"complete":true,"accuracy":40},"custom-q-1":{"complete":true,"accuracy":41}}",
    "files": [],
    "id": "grade-eve-1",
    "identityId": "identity-eve",
    "instructor": "teacher-1",
    "owner": "student-eve-sub",
    "percentComplete": 100,
    "sectionID": "section-jpn-101",
    "timerStarted": true,
    "unitID": "unit-japanese-1",
    "unitVersion": 1,
    "updatedAt": "2024-01-19T16:00:00.000Z",
  },
  "sum": 42,
}
[90mstdout[2m | .storybook/docs/QuickTour-Instructor.stories.tsx[2m > [22m[2m3. Section & Grades
[22m[39mstudent.id student-eve-sub
[90mstdout[2m | .storybook/docs/QuickTour-Instructor.stories.tsx[2m > [22m[2m3. Section & Grades
[22m[39massignment.unitID unit-japanese-2
[90mstdout[2m | .storybook/docs/QuickTour-Instructor.stories.tsx[2m > [22m[2m3. Section & Grades
[22m[39mgradeMap[student.id]?.[assignment.unitID] {
  "average": 55,
  "count": 1,
  "highest": {
    "_deleted": false,
    "_lastChangedAt": 1705834800000,
    "_version": 2,
    "accuracy": 55,
    "complete": true,
    "createdAt": "2024-01-20T09:00:00.000Z",
    "data": "{"quiz-block-1":{"complete":true,"accuracy":58},"meaning-assoc-1":{"complete":true,"accuracy":52},"custom-q-1":{"complete":true,"accuracy":55}}",
    "files": [],
    "id": "grade-eve-2",
    "identityId": "identity-eve",
    "instructor": "teacher-1",
    "owner": "student-eve-sub",
    "percentComplete": 100,
    "sectionID": "section-jpn-101",
    "timerStarted": true,
    "unitID": "unit-japanese-2",
    "unitVersion": 1,
    "updatedAt": "2024-01-21T11:00:00.000Z",
  },
  "sum": 55,
}
[90mstdout[2m | .storybook/docs/QuickTour-Instructor.stories.tsx[2m > [22m[2m3. Section & Grades
[22m[39mstudent.id student-eve-sub
[90mstdout[2m | .storybook/docs/QuickTour-Instructor.stories.tsx[2m > [22m[2m3. Section & Grades
[22m[39massignment.unitID unit-japanese-3
[90mstdout[2m | .storybook/docs/QuickTour-Instructor.stories.tsx[2m > [22m[2m3. Section & Grades
[22m[39mgradeMap[student.id]?.[assignment.unitID] undefined
[90mstdout[2m | .storybook/docs/QuickTour-Instructor.stories.tsx[2m > [22m[2m3. Section & Grades
[22m[39mstudent.id student-frank-sub
[90mstdout[2m | .storybook/docs/QuickTour-Instructor.stories.tsx[2m > [22m[2m3. Section & Grades
[22m[39massignment.unitID unit-japanese-1
[90mstdout[2m | .storybook/docs/QuickTour-Instructor.stories.tsx[2m > [22m[2m3. Section & Grades
[22m[39mgradeMap[student.id]?.[assignment.unitID] {
  "average": 68,
  "count": 1,
  "highest": {
    "_deleted": false,
    "_lastChangedAt": 1789900213675,
    "_version": 2,
    "accuracy": 68,
    "complete": true,
    "createdAt": "2024-01-19T09:00:00.000Z",
    "data": "{"quiz-block-1":{"complete":true,"accuracy":70},"meaning-assoc-1":{"complete":true,"accuracy":65},"custom-q-1":{"complete":true,"accuracy":69}}",
    "files": [],
    "id": "grade-frank-1",
    "identityId": "identity-frank",
    "instructor": "teacher-1",
    "owner": "student-frank-sub",
    "percentComplete": 100,
    "sectionID": "section-jpn-101",
    "timerStarted": true,
    "unitID": "unit-japanese-1",
    "unitVersion": 1,
    "updatedAt": "2026-09-20T10:30:13.675Z",
  },
  "sum": 68,
}
[90mstdout[2m | .storybook/docs/QuickTour-Instructor.stories.tsx[2m > [22m[2m3. Section & Grades
[22m[39mstudent.id student-frank-sub
[90mstdout[2m | .storybook/docs/QuickTour-Instructor.stories.tsx[2m > [22m[2m3. Section & Grades
[22m[39massignment.unitID unit-japanese-2
[90mstdout[2m | .storybook/docs/QuickTour-Instructor.stories.tsx[2m > [22m[2m3. Section & Grades
[22m[39mgradeMap[student.id]?.[assignment.unitID] undefined
[90mstdout[2m | .storybook/docs/QuickTour-Instructor.stories.tsx[2m > [22m[2m3. Section & Grades
[22m[39mstudent.id student-frank-sub
[90mstdout[2m | .storybook/docs/QuickTour-Instructor.stories.tsx[2m > [22m[2m3. Section & Grades
[22m[39massignment.unitID unit-japanese-3
[90mstdout[2m | .storybook/docs/QuickTour-Instructor.stories.tsx[2m > [22m[2m3. Section & Grades
[22m[39mgradeMap[student.id]?.[assignment.unitID] {
  "average": 72,
  "count": 1,
  "highest": {
    "_deleted": false,
    "_lastChangedAt": 1789986613675,
    "_version": 2,
    "accuracy": 72,
    "complete": true,
    "createdAt": "2024-01-21T09:00:00.000Z",
    "data": "{"quiz-block-1":{"complete":true,"accuracy":74},"meaning-assoc-1":{"complete":true,"accuracy":70},"custom-q-1":{"complete":true,"accuracy":72}}",
    "files": [],
    "id": "grade-frank-2",
    "identityId": "identity-frank",
    "instructor": "teacher-1",
    "owner": "student-frank-sub",
    "percentComplete": 100,
    "sectionID": "section-jpn-101",
    "timerStarted": true,
    "unitID": "unit-japanese-3",
    "unitVersion": 1,
    "updatedAt": "2026-09-21T10:30:13.675Z",
  },
  "sum": 72,
}
 [32m✓[39m [30m[45m storybook (chromium) [49m[39m .storybook/docs/QuickTour-Instructor.stories.tsx [2m([22m[2m3 tests[22m[2m)[22m[33m 7627[2mms[22m[39m
   [33m[2m✓[22m[39m 1. Units Library [33m 1893[2mms[22m[39m
   [33m[2m✓[22m[39m 2. Unit Editor [33m 2264[2mms[22m[39m
   [33m[2m✓[22m[39m 3. Section & Grades [33m 3469[2mms[22m[39m
[90mstdout[2m | unknown test
[22m[39m[MOCK vectorStoreDB.js] Module loaded - mock IndexedDB operations
[90mstdout[2m | unknown test
[22m[39m[Task Completion] DOM action listeners initialized
[90mstdout[2m | unknown test
[22m[39m[Task Completion] Auto-completion detector initialized
[90mstdout[2m | unknown test
[22m[39m[Preview] Task completion detector initialized
[90mstdout[2m | src/components/Editor3/components/EditorComponents.stories.jsx[2m > [22m[2mVisualization Rings
[22m[39m[Preview] Skipped initializing default mock data (initializeMockData=false)
[90mstdout[2m | src/components/Editor3/components/EditorComponents.stories.jsx[2m > [22m[2mVisualization Rings
[22m[39m[MOCK CourseVectorStore] Initialized with mock data
[90mstdout[2m | src/components/Editor3/components/EditorComponents.stories.jsx[2m > [22m[2mVisualization Rings
[22m[39m[TranslationModeController] Setting mode to: off
[90mstdout[2m | src/components/Editor3/components/EditorComponents.stories.jsx[2m > [22m[2mVisualization Rings
[22m[39m[FilesContext] Initializing vector store from IndexedDB
[90mstdout[2m | src/components/Editor3/components/EditorComponents.stories.jsx[2m > [22m[2mVisualization Rings
[22m[39m[FilesContext] fetchFiles called
[90mstdout[2m | src/components/Editor3/components/EditorComponents.stories.jsx[2m > [22m[2mVisualization Rings
[22m[39m[FilesContext] User authenticated: mock-user-sub
[90mstdout[2m | src/components/Editor3/components/EditorComponents.stories.jsx[2m > [22m[2mVisualization Rings
[22m[39m[FilesContext] Identity ID: us-east-1:mock-identity-123
[90mstdout[2m | src/components/Editor3/components/EditorComponents.stories.jsx[2m > [22m[2mVisualization Rings
[22m[39m[FilesContext] About to set up File observeQuery
[90mstdout[2m | src/components/Editor3/components/EditorComponents.stories.jsx[2m > [22m[2mVisualization Rings
[22m[39m[ChatContext] Setting up AssistantChat observeQuery
[90mstdout[2m | src/components/Editor3/components/EditorComponents.stories.jsx[2m > [22m[2mVisualization Rings
[22m[39m[ChatContext] Waiting for subscription to initialize
[90mstdout[2m | src/components/Editor3/components/EditorComponents.stories.jsx[2m > [22m[2mVisualization Rings
[22m[39m[SettingsContext] Setting up Settings subscription for user: mock-user-sub
[90mstdout[2m | src/components/Editor3/components/EditorComponents.stories.jsx[2m > [22m[2mVisualization Rings
[22m[39m[Mock Data] Settings created: mock-settings-1790418624998 - notified 0 subscribers
[90mstdout[2m | src/components/Editor3/components/EditorComponents.stories.jsx[2m > [22m[2mVisualization Rings
[22m[39m[SectionContext] Section observeQuery update: 0
[90mstdout[2m | src/components/Editor3/components/EditorComponents.stories.jsx[2m > [22m[2mVisualization Rings
[22m[39m[FilesContext] File observeQuery update: 0 files
[90mstdout[2m | src/components/Editor3/components/EditorComponents.stories.jsx[2m > [22m[2mVisualization Rings
[22m[39m[ChatContext] AssistantChat initialized with 0 chats
[90mstdout[2m | src/components/Editor3/components/EditorComponents.stories.jsx[2m > [22m[2mVisualization Rings
[22m[39m[MOCK CourseVectorStore] Initialized with mock data
[90mstdout[2m | src/components/Editor3/components/EditorComponents.stories.jsx[2m > [22m[2mVisualization Rings
[22m[39m[ChatContext] No current chat available, will create one
[90mstdout[2m | src/components/Editor3/components/EditorComponents.stories.jsx[2m > [22m[2mVisualization Rings
[22m[39m[ChatContext] Creating AssistantChat with user: undefined
[90mstdout[2m | src/components/Editor3/components/EditorComponents.stories.jsx[2m > [22m[2mVisualization Rings
[22m[39m[Mock Data] AssistantChat created: mock-assistantchat-1790418625019 - notified 1 subscribers
[90mstdout[2m | src/components/Editor3/components/EditorComponents.stories.jsx[2m > [22m[2mVisualization Rings
[22m[39m[ChatContext] Create result: {
  "data": {
    "_version": 1,
    "archived": false,
    "chatFiles": [Function anonymous],
    "createdAt": "2026-09-26T10:30:25.019Z",
    "id": "mock-assistantchat-1790418625019",
    "model": "gpt-4",
    "updatedAt": "2026-09-26T10:30:25.019Z",
  },
  "errors": [],
  "hasData": true,
  "hasErrors": true,
}
[90mstdout[2m | src/components/Editor3/components/EditorComponents.stories.jsx[2m > [22m[2mVisualization Rings
[22m[39m[ChatContext] Created AssistantChat: mock-assistantchat-1790418625019 at: 2026-09-26T10:30:25.019Z
[90mstdout[2m | src/components/Editor3/components/EditorComponents.stories.jsx[2m > [22m[2mVisualization Rings
[22m[39m[Mock Storage] downloadData called with: undefined
[90mstdout[2m | src/components/Editor3/components/EditorComponents.stories.jsx[2m > [22m[2mVisualization Rings
[22m[39m[ChatContext] Setting initial chat: mock-assistantchat-1790418625019
[90mstdout[2m | src/components/Editor3/components/EditorComponents.stories.jsx[2m > [22m[2mVisualization Rings
[22m[39m[ChatContext] Chat exists and not archived, skipping creation
[90mstdout[2m | src/components/Editor3/components/EditorComponents.stories.jsx[2m > [22m[2mVisualization Spikes
[22m[39m[ChatContext] Cleaning up subscriptions
[90mstdout[2m | src/components/Editor3/components/EditorComponents.stories.jsx[2m > [22m[2mVisualization Spikes
[22m[39m[Preview] Skipped initializing default mock data (initializeMockData=false)
[90mstdout[2m | src/components/Editor3/components/EditorComponents.stories.jsx[2m > [22m[2mVisualization Spikes
[22m[39m[MOCK CourseVectorStore] Initialized with mock data
[90mstdout[2m | src/components/Editor3/components/EditorComponents.stories.jsx[2m > [22m[2mVisualization Spikes
[22m[39m[TranslationModeController] Setting mode to: off
[90mstdout[2m | src/components/Editor3/components/EditorComponents.stories.jsx[2m > [22m[2mVisualization Spikes
[22m[39m[FilesContext] Initializing vector store from IndexedDB
[90mstdout[2m | src/components/Editor3/components/EditorComponents.stories.jsx[2m > [22m[2mVisualization Spikes
[22m[39m[FilesContext] fetchFiles called
[90mstdout[2m | src/components/Editor3/components/EditorComponents.stories.jsx[2m > [22m[2mVisualization Spikes
[22m[39m[FilesContext] User authenticated: mock-user-sub
[90mstdout[2m | src/components/Editor3/components/EditorComponents.stories.jsx[2m > [22m[2mVisualization Spikes
[22m[39m[FilesContext] Identity ID: us-east-1:mock-identity-123
[90mstdout[2m | src/components/Editor3/components/EditorComponents.stories.jsx[2m > [22m[2mVisualization Spikes
[22m[39m[FilesContext] About to set up File observeQuery
[90mstdout[2m | src/components/Editor3/components/EditorComponents.stories.jsx[2m > [22m[2mVisualization Spikes
[22m[39m[ChatContext] Setting up AssistantChat observeQuery
[90mstdout[2m | src/components/Editor3/components/EditorComponents.stories.jsx[2m > [22m[2mVisualization Spikes
[22m[39m[ChatContext] Waiting for subscription to initialize
[90mstdout[2m | src/components/Editor3/components/EditorComponents.stories.jsx[2m > [22m[2mVisualization Spikes
[22m[39m[SettingsContext] Setting up Settings subscription for user: mock-user-sub
[90mstdout[2m | src/components/Editor3/components/EditorComponents.stories.jsx[2m > [22m[2mVisualization Spikes
[22m[39m[Mock Data] Settings created: mock-settings-1790418625177 - notified 0 subscribers
[90mstdout[2m | src/components/Editor3/components/EditorComponents.stories.jsx[2m > [22m[2mVisualization Spikes
[22m[39m[SectionContext] Section observeQuery update: 0
[90mstdout[2m | src/components/Editor3/components/EditorComponents.stories.jsx[2m > [22m[2mVisualization Spikes
[22m[39m[FilesContext] File observeQuery update: 0 files
[90mstdout[2m | src/components/Editor3/components/EditorComponents.stories.jsx[2m > [22m[2mVisualization Spikes
[22m[39m[ChatContext] AssistantChat initialized with 0 chats
[90mstdout[2m | src/components/Editor3/components/EditorComponents.stories.jsx[2m > [22m[2mVisualization Spikes
[22m[39m[MOCK CourseVectorStore] Initialized with mock data
[90mstdout[2m | src/components/Editor3/components/EditorComponents.stories.jsx[2m > [22m[2mVisualization Spikes
[22m[39m[ChatContext] No current chat available, will create one
[90mstdout[2m | src/components/Editor3/components/EditorComponents.stories.jsx[2m > [22m[2mVisualization Spikes
[22m[39m[ChatContext] Creating AssistantChat with user: undefined
[90mstdout[2m | src/components/Editor3/components/EditorComponents.stories.jsx[2m > [22m[2mVisualization Spikes
[22m[39m[Mock Data] AssistantChat created: mock-assistantchat-1790418625198 - notified 1 subscribers
[90mstdout[2m | src/components/Editor3/components/EditorComponents.stories.jsx[2m > [22m[2mVisualization Spikes
[22m[39m[ChatContext] Create result: {
  "data": {
    "_version": 1,
    "archived": false,
    "chatFiles": [Function anonymous],
    "createdAt": "2026-09-26T10:30:25.198Z",
    "id": "mock-assistantchat-1790418625198",
    "model": "gpt-4",
    "updatedAt": "2026-09-26T10:30:25.199Z",
  },
  "errors": [],
  "hasData": true,
  "hasErrors": true,
}
[90mstdout[2m | src/components/Editor3/components/EditorComponents.stories.jsx[2m > [22m[2mVisualization Spikes
[22m[39m[ChatContext] Created AssistantChat: mock-assistantchat-1790418625198 at: 2026-09-26T10:30:25.198Z
[90mstdout[2m | src/components/Editor3/components/EditorComponents.stories.jsx[2m > [22m[2mVisualization Spikes
[22m[39m[Mock Storage] downloadData called with: undefined
[90mstdout[2m | src/components/Editor3/components/EditorComponents.stories.jsx[2m > [22m[2mVisualization Spikes
[22m[39m[ChatContext] Setting initial chat: mock-assistantchat-1790418625198
[90mstdout[2m | src/components/Editor3/components/EditorComponents.stories.jsx[2m > [22m[2mVisualization Spikes
[22m[39m[ChatContext] Chat exists and not archived, skipping creation
[90mstdout[2m | src/components/Editor3/components/EditorComponents.stories.jsx[2m > [22m[2mVisualization Center Top
[22m[39m[ChatContext] Cleaning up subscriptions
[90mstdout[2m | src/components/Editor3/components/EditorComponents.stories.jsx[2m > [22m[2mVisualization Center Top
[22m[39m[Preview] Skipped initializing default mock data (initializeMockData=false)
[90mstdout[2m | src/components/Editor3/components/EditorComponents.stories.jsx[2m > [22m[2mVisualization Center Top
[22m[39m[MOCK CourseVectorStore] Initialized with mock data
[90mstdout[2m | src/components/Editor3/components/EditorComponents.stories.jsx[2m > [22m[2mVisualization Center Top
[22m[39m[TranslationModeController] Setting mode to: off
[90mstdout[2m | src/components/Editor3/components/EditorComponents.stories.jsx[2m > [22m[2mVisualization Center Top
[22m[39m[FilesContext] Initializing vector store from IndexedDB
[90mstdout[2m | src/components/Editor3/components/EditorComponents.stories.jsx[2m > [22m[2mVisualization Center Top
[22m[39m[FilesContext] fetchFiles called
[90mstdout[2m | src/components/Editor3/components/EditorComponents.stories.jsx[2m > [22m[2mVisualization Center Top
[22m[39m[FilesContext] User authenticated: mock-user-sub
[90mstdout[2m | src/components/Editor3/components/EditorComponents.stories.jsx[2m > [22m[2mVisualization Center Top
[22m[39m[FilesContext] Identity ID: us-east-1:mock-identity-123
[90mstdout[2m | src/components/Editor3/components/EditorComponents.stories.jsx[2m > [22m[2mVisualization Center Top
[22m[39m[FilesContext] About to set up File observeQuery
[90mstdout[2m | src/components/Editor3/components/EditorComponents.stories.jsx[2m > [22m[2mVisualization Center Top
[22m[39m[ChatContext] Setting up AssistantChat observeQuery
[90mstdout[2m | src/components/Editor3/components/EditorComponents.stories.jsx[2m > [22m[2mVisualization Center Top
[22m[39m[ChatContext] Waiting for subscription to initialize
[90mstdout[2m | src/components/Editor3/components/EditorComponents.stories.jsx[2m > [22m[2mVisualization Center Top
[22m[39m[SettingsContext] Setting up Settings subscription for user: mock-user-sub
[90mstdout[2m | src/components/Editor3/components/EditorComponents.stories.jsx[2m > [22m[2mVisualization Center Top
[22m[39m[Mock Data] Settings created: mock-settings-1790418625344 - notified 0 subscribers
[90mstdout[2m | src/components/Editor3/components/EditorComponents.stories.jsx[2m > [22m[2mVisualization Center Top
[22m[39m[SectionContext] Section observeQuery update: 0
[90mstdout[2m | src/components/Editor3/components/EditorComponents.stories.jsx[2m > [22m[2mVisualization Center Top
[22m[39m[FilesContext] File observeQuery update: 0 files
[90mstdout[2m | src/components/Editor3/components/EditorComponents.stories.jsx[2m > [22m[2mVisualization Center Top
[22m[39m[ChatContext] AssistantChat initialized with 0 chats
[90mstdout[2m | src/components/Editor3/components/EditorComponents.stories.jsx[2m > [22m[2mVisualization Center Top
[22m[39m[MOCK CourseVectorStore] Initialized with mock data
[90mstdout[2m | src/components/Editor3/components/EditorComponents.stories.jsx[2m > [22m[2mVisualization Center Top
[22m[39m[ChatContext] No current chat available, will create one
[90mstdout[2m | src/components/Editor3/components/EditorComponents.stories.jsx[2m > [22m[2mVisualization Center Top
[22m[39m[ChatContext] Creating AssistantChat with user: undefined
[90mstdout[2m | src/components/Editor3/components/EditorComponents.stories.jsx[2m > [22m[2mVisualization Center Top
[22m[39m[Mock Data] AssistantChat created: mock-assistantchat-1790418625365 - notified 1 subscribers
[90mstdout[2m | src/components/Editor3/components/EditorComponents.stories.jsx[2m > [22m[2mVisualization Center Top
[22m[39m[ChatContext] Create result: {
  "data": {
    "_version": 1,
    "archived": false,
    "chatFiles": [Function anonymous],
    "createdAt": "2026-09-26T10:30:25.365Z",
    "id": "mock-assistantchat-1790418625365",
    "model": "gpt-4",
    "updatedAt": "2026-09-26T10:30:25.365Z",
  },
  "errors": [],
  "hasData": true,
  "hasErrors": true,
}
[90mstdout[2m | src/components/Editor3/components/EditorComponents.stories.jsx[2m > [22m[2mVisualization Center Top
[22m[39m[ChatContext] Created AssistantChat: mock-assistantchat-1790418625365 at: 2026-09-26T10:30:25.365Z
[90mstdout[2m | src/components/Editor3/components/EditorComponents.stories.jsx[2m > [22m[2mVisualization Center Top
[22m[39m[Mock Storage] downloadData called with: undefined
[90mstdout[2m | src/components/Editor3/components/EditorComponents.stories.jsx[2m > [22m[2mVisualization Center Top
[22m[39m[ChatContext] Setting initial chat: mock-assistantchat-1790418625365
[90mstdout[2m | src/components/Editor3/components/EditorComponents.stories.jsx[2m > [22m[2mVisualization Center Top
[22m[39m[ChatContext] Chat exists and not archived, skipping creation
[90mstdout[2m | src/components/Editor3/components/EditorComponents.stories.jsx[2m > [22m[2mAudio Level Indicators
[22m[39m[ChatContext] Cleaning up subscriptions
[90mstdout[2m | src/components/Editor3/components/EditorComponents.stories.jsx[2m > [22m[2mAudio Level Indicators
[22m[39m[Preview] Skipped initializing default mock data (initializeMockData=false)
[90mstdout[2m | src/components/Editor3/components/EditorComponents.stories.jsx[2m > [22m[2mAudio Level Indicators
[22m[39m[MOCK CourseVectorStore] Initialized with mock data
[90mstdout[2m | src/components/Editor3/components/EditorComponents.stories.jsx[2m > [22m[2mAudio Level Indicators
[22m[39m[TranslationModeController] Setting mode to: off
[90mstdout[2m | src/components/Editor3/components/EditorComponents.stories.jsx[2m > [22m[2mAudio Level Indicators
[22m[39m[FilesContext] Initializing vector store from IndexedDB
[90mstdout[2m | src/components/Editor3/components/EditorComponents.stories.jsx[2m > [22m[2mAudio Level Indicators
[22m[39m[FilesContext] fetchFiles called
[90mstdout[2m | src/components/Editor3/components/EditorComponents.stories.jsx[2m > [22m[2mAudio Level Indicators
[22m[39m[FilesContext] User authenticated: mock-user-sub
[90mstdout[2m | src/components/Editor3/components/EditorComponents.stories.jsx[2m > [22m[2mAudio Level Indicators
[22m[39m[FilesContext] Identity ID: us-east-1:mock-identity-123
[90mstdout[2m | src/components/Editor3/components/EditorComponents.stories.jsx[2m > [22m[2mAudio Level Indicators
[22m[39m[FilesContext] About to set up File observeQuery
[90mstdout[2m | src/components/Editor3/components/EditorComponents.stories.jsx[2m > [22m[2mAudio Level Indicators
[22m[39m[ChatContext] Setting up AssistantChat observeQuery
[90mstdout[2m | src/components/Editor3/components/EditorComponents.stories.jsx[2m > [22m[2mAudio Level Indicators
[22m[39m[ChatContext] Waiting for subscription to initialize
[90mstdout[2m | src/components/Editor3/components/EditorComponents.stories.jsx[2m > [22m[2mAudio Level Indicators
[22m[39m[SettingsContext] Setting up Settings subscription for user: mock-user-sub
[90mstdout[2m | src/components/Editor3/components/EditorComponents.stories.jsx[2m > [22m[2mAudio Level Indicators
[22m[39m[Mock Data] Settings created: mock-settings-1790418625518 - notified 0 subscribers
[90mstdout[2m | src/components/Editor3/components/EditorComponents.stories.jsx[2m > [22m[2mAudio Level Indicators
[22m[39m[SectionContext] Section observeQuery update: 0
[90mstdout[2m | src/components/Editor3/components/EditorComponents.stories.jsx[2m > [22m[2mAudio Level Indicators
[22m[39m[FilesContext] File observeQuery update: 0 files
[90mstdout[2m | src/components/Editor3/components/EditorComponents.stories.jsx[2m > [22m[2mAudio Level Indicators
[22m[39m[MOCK CourseVectorStore] Initialized with mock data
[90mstdout[2m | src/components/Editor3/components/EditorComponents.stories.jsx[2m > [22m[2mAudio Level Indicators
[22m[39m[ChatContext] AssistantChat initialized with 0 chats
[90mstdout[2m | src/components/Editor3/components/EditorComponents.stories.jsx[2m > [22m[2mAudio Level Indicators
[22m[39m[Mock Storage] downloadData called with: undefined
[90mstdout[2m | src/components/Editor3/components/EditorComponents.stories.jsx[2m > [22m[2mAudio Level Indicators
[22m[39m[ChatContext] No current chat available, will create one
[90mstdout[2m | src/components/Editor3/components/EditorComponents.stories.jsx[2m > [22m[2mAudio Level Indicators
[22m[39m[ChatContext] Creating AssistantChat with user: undefined
[90mstdout[2m | src/components/Editor3/components/EditorComponents.stories.jsx[2m > [22m[2mAudio Level Indicators
[22m[39m[Mock Data] AssistantChat created: mock-assistantchat-1790418625532 - notified 1 subscribers
[90mstdout[2m | src/components/Editor3/components/EditorComponents.stories.jsx[2m > [22m[2mAudio Level Indicators
[22m[39m[ChatContext] Create result: {
  "data": {
    "_version": 1,
    "archived": false,
    "chatFiles": [Function anonymous],
    "createdAt": "2026-09-26T10:30:25.532Z",
    "id": "mock-assistantchat-1790418625532",
    "model": "gpt-4",
    "updatedAt": "2026-09-26T10:30:25.532Z",
  },
  "errors": [],
  "hasData": true,
  "hasErrors": true,
}
[90mstdout[2m | src/components/Editor3/components/EditorComponents.stories.jsx[2m > [22m[2mAudio Level Indicators
[22m[39m[ChatContext] Created AssistantChat: mock-assistantchat-1790418625532 at: 2026-09-26T10:30:25.532Z
[90mstdout[2m | src/components/Editor3/components/EditorComponents.stories.jsx[2m > [22m[2mAudio Level Indicators
[22m[39m[ChatContext] Setting initial chat: mock-assistantchat-1790418625532
[90mstdout[2m | src/components/Editor3/components/EditorComponents.stories.jsx[2m > [22m[2mAudio Level Indicators
[22m[39m[ChatContext] Chat exists and not archived, skipping creation
[90mstdout[2m | src/components/Editor3/components/EditorComponents.stories.jsx[2m > [22m[2mQuiz Default
[22m[39m[ChatContext] Cleaning up subscriptions
[90mstdout[2m | src/components/Editor3/components/EditorComponents.stories.jsx[2m > [22m[2mQuiz Default
[22m[39m[Preview] Skipped initializing default mock data (initializeMockData=false)
[90mstdout[2m | src/components/Editor3/components/EditorComponents.stories.jsx[2m > [22m[2mQuiz Default
[22m[39m[Mock Data] seedMockUnit: Adding unit quiz-default-story-unit
[90mstdout[2m | src/components/Editor3/components/EditorComponents.stories.jsx[2m > [22m[2mQuiz Default
[22m[39m[MOCK CourseVectorStore] Initialized with mock data
[90mstdout[2m | src/components/Editor3/components/EditorComponents.stories.jsx[2m > [22m[2mQuiz Default
[22m[39mQuestionBlockRo.grade {}
[90mstdout[2m | src/components/Editor3/components/EditorComponents.stories.jsx[2m > [22m[2mQuiz Default
[22m[39m......!q {
  "answer": "3",
  "correct": false,
}
[90mstdout[2m | src/components/Editor3/components/EditorComponents.stories.jsx[2m > [22m[2mQuiz Default
[22m[39m......!q {
  "answer": "4",
  "correct": true,
}
[90mstdout[2m | src/components/Editor3/components/EditorComponents.stories.jsx[2m > [22m[2mQuiz Default
[22m[39m......!q {
  "answer": "5",
  "correct": false,
}
[90mstdout[2m | src/components/Editor3/components/EditorComponents.stories.jsx[2m > [22m[2mQuiz Default
[22m[39m......!q {
  "answer": "6",
  "correct": false,
}
[90mstdout[2m | src/components/Editor3/components/EditorComponents.stories.jsx[2m > [22m[2mQuiz Default
[22m[39mQuestionBlock.nodeKey quiz-1 type: string
[90mstdout[2m | src/components/Editor3/components/EditorComponents.stories.jsx[2m > [22m[2mQuiz Default
[22m[39mQuestionBlock.questionContent [
  {
    "answer": "3",
    "correct": false,
  },
  {
    "answer": "4",
    "correct": true,
  },
  {
    "answer": "5",
    "correct": false,
  },
  {
    "answer": "6",
    "correct": false,
  },
]
[90mstdout[2m | src/components/Editor3/components/EditorComponents.stories.jsx[2m > [22m[2mQuiz Default
[22m[39mQuestionBlock.grade.data keys: []
[90mstdout[2m | src/components/Editor3/components/EditorComponents.stories.jsx[2m > [22m[2mQuiz Default
[22m[39mQuestionBlock.grade.data[nodeKey]: undefined
[90mstdout[2m | src/components/Editor3/components/EditorComponents.stories.jsx[2m > [22m[2mQuiz Default
[22m[39mQuestionBlockRo.inProgress {}
[90mstdout[2m | src/components/Editor3/components/EditorComponents.stories.jsx[2m > [22m[2mQuiz Default
[22m[39m[TranslationModeController] Setting mode to: off
[90mstdout[2m | src/components/Editor3/components/EditorComponents.stories.jsx[2m > [22m[2mQuiz Default
[22m[39m[UnitContext] useEffect triggered {
  "authLoading": false,
  "hasUser": true,
  "id": "quiz-default-story-unit",
  "userSub": "mock-user-sub",
}
[90mstdout[2m | src/components/Editor3/components/EditorComponents.stories.jsx[2m > [22m[2mQuiz Default
[22m[39m[UnitContext] Fetching unit data for id: quiz-default-story-unit
[90mstdout[2m | src/components/Editor3/components/EditorComponents.stories.jsx[2m > [22m[2mQuiz Default
[22m[39m[FilesContext] Initializing vector store from IndexedDB
[90mstdout[2m | src/components/Editor3/components/EditorComponents.stories.jsx[2m > [22m[2mQuiz Default
[22m[39m[FilesContext] fetchFiles called
[90mstdout[2m | src/components/Editor3/components/EditorComponents.stories.jsx[2m > [22m[2mQuiz Default
[22m[39m[FilesContext] User authenticated: mock-user-sub
[90mstdout[2m | src/components/Editor3/components/EditorComponents.stories.jsx[2m > [22m[2mQuiz Default
[22m[39m[FilesContext] Identity ID: us-east-1:mock-identity-123
[90mstdout[2m | src/components/Editor3/components/EditorComponents.stories.jsx[2m > [22m[2mQuiz Default
[22m[39m[FilesContext] About to set up File observeQuery
[90mstdout[2m | src/components/Editor3/components/EditorComponents.stories.jsx[2m > [22m[2mQuiz Default
[22m[39m[ChatContext] Setting up AssistantChat observeQuery
[90mstdout[2m | src/components/Editor3/components/EditorComponents.stories.jsx[2m > [22m[2mQuiz Default
[22m[39m[ChatContext] Waiting for subscription to initialize
[90mstdout[2m | src/components/Editor3/components/EditorComponents.stories.jsx[2m > [22m[2mQuiz Default
[22m[39m[SettingsContext] Setting up Settings subscription for user: mock-user-sub
[90mstdout[2m | src/components/Editor3/components/EditorComponents.stories.jsx[2m > [22m[2mQuiz Default
[22m[39mQuestionBlockRo.grade {}
[90mstdout[2m | src/components/Editor3/components/EditorComponents.stories.jsx[2m > [22m[2mQuiz Default
[22m[39m......!q {
  "answer": "3",
  "correct": false,
}
[90mstdout[2m | src/components/Editor3/components/EditorComponents.stories.jsx[2m > [22m[2mQuiz Default
[22m[39m......!q {
  "answer": "4",
  "correct": true,
}
[90mstdout[2m | src/components/Editor3/components/EditorComponents.stories.jsx[2m > [22m[2mQuiz Default
[22m[39m......!q {
  "answer": "5",
  "correct": false,
}
[90mstdout[2m | src/components/Editor3/components/EditorComponents.stories.jsx[2m > [22m[2mQuiz Default
[22m[39m......!q {
  "answer": "6",
  "correct": false,
}
[90mstdout[2m | src/components/Editor3/components/EditorComponents.stories.jsx[2m > [22m[2mQuiz Default
[22m[39mQuestionBlock.nodeKey quiz-1 type: string
[90mstdout[2m | src/components/Editor3/components/EditorComponents.stories.jsx[2m > [22m[2mQuiz Default
[22m[39mQuestionBlock.questionContent [
  {
    "answer": "3",
    "correct": false,
  },
  {
    "answer": "4",
    "correct": true,
  },
  {
    "answer": "5",
    "correct": false,
  },
  {
    "answer": "6",
    "correct": false,
  },
]
[90mstdout[2m | src/components/Editor3/components/EditorComponents.stories.jsx[2m > [22m[2mQuiz Default
[22m[39mQuestionBlock.grade.data keys: []
[90mstdout[2m | src/components/Editor3/components/EditorComponents.stories.jsx[2m > [22m[2mQuiz Default
[22m[39mQuestionBlock.grade.data[nodeKey]: undefined
[90mstdout[2m | src/components/Editor3/components/EditorComponents.stories.jsx[2m > [22m[2mQuiz Default
[22m[39mQuestionBlockRo.inProgress {}
[90mstdout[2m | src/components/Editor3/components/EditorComponents.stories.jsx[2m > [22m[2mQuiz Default
[22m[39m[Mock Data] Settings created: mock-settings-1790418625692 - notified 0 subscribers
[90mstdout[2m | src/components/Editor3/components/EditorComponents.stories.jsx[2m > [22m[2mQuiz Default
[22m[39m[Mock Data] Unit.onUpdate() subscription added. Total: 1
[90mstdout[2m | src/components/Editor3/components/EditorComponents.stories.jsx[2m > [22m[2mQuiz Default
[22m[39mQuestionBlockRo.grade {}
[90mstdout[2m | src/components/Editor3/components/EditorComponents.stories.jsx[2m > [22m[2mQuiz Default
[22m[39m......!q {
  "answer": "3",
  "correct": false,
}
[90mstdout[2m | src/components/Editor3/components/EditorComponents.stories.jsx[2m > [22m[2mQuiz Default
[22m[39m......!q {
  "answer": "4",
  "correct": true,
}
[90mstdout[2m | src/components/Editor3/components/EditorComponents.stories.jsx[2m > [22m[2mQuiz Default
[22m[39m......!q {
  "answer": "5",
  "correct": false,
}
[90mstdout[2m | src/components/Editor3/components/EditorComponents.stories.jsx[2m > [22m[2mQuiz Default
[22m[39m......!q {
  "answer": "6",
  "correct": false,
}
[90mstdout[2m | src/components/Editor3/components/EditorComponents.stories.jsx[2m > [22m[2mQuiz Default
[22m[39mQuestionBlock.nodeKey quiz-1 type: string
[90mstdout[2m | src/components/Editor3/components/EditorComponents.stories.jsx[2m > [22m[2mQuiz Default
[22m[39mQuestionBlock.questionContent [
  {
    "answer": "3",
    "correct": false,
  },
  {
    "answer": "4",
    "correct": true,
  },
  {
    "answer": "5",
    "correct": false,
  },
  {
    "answer": "6",
    "correct": false,
  },
]
[90mstdout[2m | src/components/Editor3/components/EditorComponents.stories.jsx[2m > [22m[2mQuiz Default
[22m[39mQuestionBlock.grade.data keys: []
[90mstdout[2m | src/components/Editor3/components/EditorComponents.stories.jsx[2m > [22m[2mQuiz Default
[22m[39mQuestionBlock.grade.data[nodeKey]: undefined
[90mstdout[2m | src/components/Editor3/components/EditorComponents.stories.jsx[2m > [22m[2mQuiz Default
[22m[39mQuestionBlockRo.inProgress {}
[90mstdout[2m | src/components/Editor3/components/EditorComponents.stories.jsx[2m > [22m[2mQuiz Default
[22m[39m[SectionContext] Section observeQuery update: 0
[90mstdout[2m | src/components/Editor3/components/EditorComponents.stories.jsx[2m > [22m[2mQuiz Default
[22m[39m[FilesContext] File observeQuery update: 0 files
[90mstdout[2m | src/components/Editor3/components/EditorComponents.stories.jsx[2m > [22m[2mQuiz Default
[22m[39m[ChatContext] AssistantChat initialized with 0 chats
[90mstdout[2m | src/components/Editor3/components/EditorComponents.stories.jsx[2m > [22m[2mQuiz Default
[22m[39m[MOCK CourseVectorStore] Initialized with mock data
[90mstdout[2m | src/components/Editor3/components/EditorComponents.stories.jsx[2m > [22m[2mQuiz Default
[22m[39mQuestionBlockRo.grade undefined
[90mstdout[2m | src/components/Editor3/components/EditorComponents.stories.jsx[2m > [22m[2mQuiz Default
[22m[39m......!q {
  "answer": "3",
  "correct": false,
}
[90mstdout[2m | src/components/Editor3/components/EditorComponents.stories.jsx[2m > [22m[2mQuiz Default
[22m[39m......!q {
  "answer": "4",
  "correct": true,
}
[90mstdout[2m | src/components/Editor3/components/EditorComponents.stories.jsx[2m > [22m[2mQuiz Default
[22m[39m......!q {
  "answer": "5",
  "correct": false,
}
[90mstdout[2m | src/components/Editor3/components/EditorComponents.stories.jsx[2m > [22m[2mQuiz Default
[22m[39m......!q {
  "answer": "6",
  "correct": false,
}
[90mstdout[2m | src/components/Editor3/components/EditorComponents.stories.jsx[2m > [22m[2mQuiz Default
[22m[39mQuestionBlock.nodeKey quiz-1 type: string
[90mstdout[2m | src/components/Editor3/components/EditorComponents.stories.jsx[2m > [22m[2mQuiz Default
[22m[39mQuestionBlock.questionContent [
  {
    "answer": "3",
    "correct": false,
  },
  {
    "answer": "4",
    "correct": true,
  },
  {
    "answer": "5",
    "correct": false,
  },
  {
    "answer": "6",
    "correct": false,
  },
]
[90mstdout[2m | src/components/Editor3/components/EditorComponents.stories.jsx[2m > [22m[2mQuiz Default
[22m[39mQuestionBlock.grade.data keys: []
[90mstdout[2m | src/components/Editor3/components/EditorComponents.stories.jsx[2m > [22m[2mQuiz Default
[22m[39mQuestionBlock.grade.data[nodeKey]: undefined
[90mstdout[2m | src/components/Editor3/components/EditorComponents.stories.jsx[2m > [22m[2mQuiz Default
[22m[39mQuestionBlockRo.inProgress {}
[90mstdout[2m | src/components/Editor3/components/EditorComponents.stories.jsx[2m > [22m[2mQuiz Default
[22m[39m[ChatContext] No current chat available, will create one
[90mstdout[2m | src/components/Editor3/components/EditorComponents.stories.jsx[2m > [22m[2mQuiz Default
[22m[39m[ChatContext] Creating AssistantChat with user: undefined
[90mstdout[2m | src/components/Editor3/components/EditorComponents.stories.jsx[2m > [22m[2mQuiz Default
[22m[39m[Mock Data] AssistantChat created: mock-assistantchat-1790418625765 - notified 1 subscribers
[90mstdout[2m | src/components/Editor3/components/EditorComponents.stories.jsx[2m > [22m[2mQuiz Default
[22m[39m[ChatContext] Create result: {
  "data": {
    "_version": 1,
    "archived": false,
    "chatFiles": [Function anonymous],
    "createdAt": "2026-09-26T10:30:25.765Z",
    "id": "mock-assistantchat-1790418625765",
    "model": "gpt-4",
    "updatedAt": "2026-09-26T10:30:25.765Z",
  },
  "errors": [],
  "hasData": true,
  "hasErrors": true,
}
[90mstdout[2m | src/components/Editor3/components/EditorComponents.stories.jsx[2m > [22m[2mQuiz Default
[22m[39m[ChatContext] Created AssistantChat: mock-assistantchat-1790418625765 at: 2026-09-26T10:30:25.765Z
[90mstdout[2m | src/components/Editor3/components/EditorComponents.stories.jsx[2m > [22m[2mQuiz Default
[22m[39m[Mock Storage] downloadData called with: undefined
[90mstdout[2m | src/components/Editor3/components/EditorComponents.stories.jsx[2m > [22m[2mQuiz Default
[22m[39m[ChatContext] Setting initial chat: mock-assistantchat-1790418625765
[90mstdout[2m | src/components/Editor3/components/EditorComponents.stories.jsx[2m > [22m[2mQuiz Default
[22m[39m[ChatContext] Chat exists and not archived, skipping creation
[90mstdout[2m | src/components/Editor3/components/EditorComponents.stories.jsx[2m > [22m[2mQuiz Multiple Choice
[22m[39m[ChatContext] Cleaning up subscriptions
[90mstdout[2m | src/components/Editor3/components/EditorComponents.stories.jsx[2m > [22m[2mQuiz Multiple Choice
[22m[39m[Mock Data] Unit.onUpdate() subscription removed. Remaining: 0
[90mstdout[2m | src/components/Editor3/components/EditorComponents.stories.jsx[2m > [22m[2mQuiz Multiple Choice
[22m[39m[Preview] Skipped initializing default mock data (initializeMockData=false)
[90mstdout[2m | src/components/Editor3/components/EditorComponents.stories.jsx[2m > [22m[2mQuiz Multiple Choice
[22m[39m[Mock Data] seedMockUnit: Adding unit quiz-multiple-choice-story-unit
[90mstdout[2m | src/components/Editor3/components/EditorComponents.stories.jsx[2m > [22m[2mQuiz Multiple Choice
[22m[39m[MOCK CourseVectorStore] Initialized with mock data
[90mstdout[2m | src/components/Editor3/components/EditorComponents.stories.jsx[2m > [22m[2mQuiz Multiple Choice
[22m[39mQuestionBlockRo.grade {}
[90mstdout[2m | src/components/Editor3/components/EditorComponents.stories.jsx[2m > [22m[2mQuiz Multiple Choice
[22m[39m......!q {
  "answer": "Mercury",
  "correct": true,
}
[90mstdout[2m | src/components/Editor3/components/EditorComponents.stories.jsx[2m > [22m[2mQuiz Multiple Choice
[22m[39m......!q {
  "answer": "Venus",
  "correct": false,
}
[90mstdout[2m | src/components/Editor3/components/EditorComponents.stories.jsx[2m > [22m[2mQuiz Multiple Choice
[22m[39m......!q {
  "answer": "Earth",
  "correct": false,
}
[90mstdout[2m | src/components/Editor3/components/EditorComponents.stories.jsx[2m > [22m[2mQuiz Multiple Choice
[22m[39m......!q {
  "answer": "Mars",
  "correct": false,
}
[90mstdout[2m | src/components/Editor3/components/EditorComponents.stories.jsx[2m > [22m[2mQuiz Multiple Choice
[22m[39mQuestionBlock.nodeKey quiz-2 type: string
[90mstdout[2m | src/components/Editor3/components/EditorComponents.stories.jsx[2m > [22m[2mQuiz Multiple Choice
[22m[39mQuestionBlock.questionContent [
  {
    "answer": "Mercury",
    "correct": true,
  },
  {
    "answer": "Venus",
    "correct": false,
  },
  {
    "answer": "Earth",
    "correct": false,
  },
  {
    "answer": "Mars",
    "correct": false,
  },
]
[90mstdout[2m | src/components/Editor3/components/EditorComponents.stories.jsx[2m > [22m[2mQuiz Multiple Choice
[22m[39mQuestionBlock.grade.data keys: []
[90mstdout[2m | src/components/Editor3/components/EditorComponents.stories.jsx[2m > [22m[2mQuiz Multiple Choice
[22m[39mQuestionBlock.grade.data[nodeKey]: undefined
[90mstdout[2m | src/components/Editor3/components/EditorComponents.stories.jsx[2m > [22m[2mQuiz Multiple Choice
[22m[39mQuestionBlockRo.inProgress {}
[90mstdout[2m | src/components/Editor3/components/EditorComponents.stories.jsx[2m > [22m[2mQuiz Multiple Choice
[22m[39m[TranslationModeController] Setting mode to: off
[90mstdout[2m | src/components/Editor3/components/EditorComponents.stories.jsx[2m > [22m[2mQuiz Multiple Choice
[22m[39m[UnitContext] useEffect triggered {
  "authLoading": false,
  "hasUser": true,
  "id": "quiz-multiple-choice-story-unit",
  "userSub": "mock-user-sub",
}
[90mstdout[2m | src/components/Editor3/components/EditorComponents.stories.jsx[2m > [22m[2mQuiz Multiple Choice
[22m[39m[UnitContext] Fetching unit data for id: quiz-multiple-choice-story-unit
[90mstdout[2m | src/components/Editor3/components/EditorComponents.stories.jsx[2m > [22m[2mQuiz Multiple Choice
[22m[39m[FilesContext] Initializing vector store from IndexedDB
[90mstdout[2m | src/components/Editor3/components/EditorComponents.stories.jsx[2m > [22m[2mQuiz Multiple Choice
[22m[39m[FilesContext] fetchFiles called
[90mstdout[2m | src/components/Editor3/components/EditorComponents.stories.jsx[2m > [22m[2mQuiz Multiple Choice
[22m[39m[FilesContext] User authenticated: mock-user-sub
[90mstdout[2m | src/components/Editor3/components/EditorComponents.stories.jsx[2m > [22m[2mQuiz Multiple Choice
[22m[39m[FilesContext] Identity ID: us-east-1:mock-identity-123
[90mstdout[2m | src/components/Editor3/components/EditorComponents.stories.jsx[2m > [22m[2mQuiz Multiple Choice
[22m[39m[FilesContext] About to set up File observeQuery
[90mstdout[2m | src/components/Editor3/components/EditorComponents.stories.jsx[2m > [22m[2mQuiz Multiple Choice
[22m[39m[ChatContext] Setting up AssistantChat observeQuery
[90mstdout[2m | src/components/Editor3/components/EditorComponents.stories.jsx[2m > [22m[2mQuiz Multiple Choice
[22m[39m[ChatContext] Waiting for subscription to initialize
[90mstdout[2m | src/components/Editor3/components/EditorComponents.stories.jsx[2m > [22m[2mQuiz Multiple Choice
[22m[39m[SettingsContext] Setting up Settings subscription for user: mock-user-sub
[90mstdout[2m | src/components/Editor3/components/EditorComponents.stories.jsx[2m > [22m[2mQuiz Multiple Choice
[22m[39mQuestionBlockRo.grade {}
[90mstdout[2m | src/components/Editor3/components/EditorComponents.stories.jsx[2m > [22m[2mQuiz Multiple Choice
[22m[39m......!q {
  "answer": "Mercury",
  "correct": true,
}
[90mstdout[2m | src/components/Editor3/components/EditorComponents.stories.jsx[2m > [22m[2mQuiz Multiple Choice
[22m[39m......!q {
  "answer": "Venus",
  "correct": false,
}
[90mstdout[2m | src/components/Editor3/components/EditorComponents.stories.jsx[2m > [22m[2mQuiz Multiple Choice
[22m[39m......!q {
  "answer": "Earth",
  "correct": false,
}
[90mstdout[2m | src/components/Editor3/components/EditorComponents.stories.jsx[2m > [22m[2mQuiz Multiple Choice
[22m[39m......!q {
  "answer": "Mars",
  "correct": false,
}
[90mstdout[2m | src/components/Editor3/components/EditorComponents.stories.jsx[2m > [22m[2mQuiz Multiple Choice
[22m[39mQuestionBlock.nodeKey quiz-2 type: string
[90mstdout[2m | src/components/Editor3/components/EditorComponents.stories.jsx[2m > [22m[2mQuiz Multiple Choice
[22m[39mQuestionBlock.questionContent [
  {
    "answer": "Mercury",
    "correct": true,
  },
  {
    "answer": "Venus",
    "correct": false,
  },
  {
    "answer": "Earth",
    "correct": false,
  },
  {
    "answer": "Mars",
    "correct": false,
  },
]
[90mstdout[2m | src/components/Editor3/components/EditorComponents.stories.jsx[2m > [22m[2mQuiz Multiple Choice
[22m[39mQuestionBlock.grade.data keys: []
[90mstdout[2m | src/components/Editor3/components/EditorComponents.stories.jsx[2m > [22m[2mQuiz Multiple Choice
[22m[39mQuestionBlock.grade.data[nodeKey]: undefined
[90mstdout[2m | src/components/Editor3/components/EditorComponents.stories.jsx[2m > [22m[2mQuiz Multiple Choice
[22m[39mQuestionBlockRo.inProgress {}
[90mstdout[2m | src/components/Editor3/components/EditorComponents.stories.jsx[2m > [22m[2mQuiz Multiple Choice
[22m[39m[Mock Data] Settings created: mock-settings-1790418625924 - notified 0 subscribers
[90mstdout[2m | src/components/Editor3/components/EditorComponents.stories.jsx[2m > [22m[2mQuiz Multiple Choice
[22m[39m[Mock Data] Unit.onUpdate() subscription added. Total: 1
[90mstdout[2m | src/components/Editor3/components/EditorComponents.stories.jsx[2m > [22m[2mQuiz Multiple Choice
[22m[39mQuestionBlockRo.grade {}
[90mstdout[2m | src/components/Editor3/components/EditorComponents.stories.jsx[2m > [22m[2mQuiz Multiple Choice
[22m[39m......!q {
  "answer": "Mercury",
  "correct": true,
}
[90mstdout[2m | src/components/Editor3/components/EditorComponents.stories.jsx[2m > [22m[2mQuiz Multiple Choice
[22m[39m......!q {
  "answer": "Venus",
  "correct": false,
}
[90mstdout[2m | src/components/Editor3/components/EditorComponents.stories.jsx[2m > [22m[2mQuiz Multiple Choice
[22m[39m......!q {
  "answer": "Earth",
  "correct": false,
}
[90mstdout[2m | src/components/Editor3/components/EditorComponents.stories.jsx[2m > [22m[2mQuiz Multiple Choice
[22m[39m......!q {
  "answer": "Mars",
  "correct": false,
}
[90mstdout[2m | src/components/Editor3/components/EditorComponents.stories.jsx[2m > [22m[2mQuiz Multiple Choice
[22m[39mQuestionBlock.nodeKey quiz-2 type: string
[90mstdout[2m | src/components/Editor3/components/EditorComponents.stories.jsx[2m > [22m[2mQuiz Multiple Choice
[22m[39mQuestionBlock.questionContent [
  {
    "answer": "Mercury",
    "correct": true,
  },
  {
    "answer": "Venus",
    "correct": false,
  },
  {
    "answer": "Earth",
    "correct": false,
  },
  {
    "answer": "Mars",
    "correct": false,
  },
]
[90mstdout[2m | src/components/Editor3/components/EditorComponents.stories.jsx[2m > [22m[2mQuiz Multiple Choice
[22m[39mQuestionBlock.grade.data keys: []
[90mstdout[2m | src/components/Editor3/components/EditorComponents.stories.jsx[2m > [22m[2mQuiz Multiple Choice
[22m[39mQuestionBlock.grade.data[nodeKey]: undefined
[90mstdout[2m | src/components/Editor3/components/EditorComponents.stories.jsx[2m > [22m[2mQuiz Multiple Choice
[22m[39mQuestionBlockRo.inProgress {}
[90mstdout[2m | src/components/Editor3/components/EditorComponents.stories.jsx[2m > [22m[2mQuiz Multiple Choice
[22m[39m[SectionContext] Section observeQuery update: 0
[90mstdout[2m | src/components/Editor3/components/EditorComponents.stories.jsx[2m > [22m[2mQuiz Multiple Choice
[22m[39m[FilesContext] File observeQuery update: 0 files
[90mstdout[2m | src/components/Editor3/components/EditorComponents.stories.jsx[2m > [22m[2mQuiz Multiple Choice
[22m[39m[ChatContext] AssistantChat initialized with 0 chats
[90mstdout[2m | src/components/Editor3/components/EditorComponents.stories.jsx[2m > [22m[2mQuiz Multiple Choice
[22m[39m[MOCK CourseVectorStore] Initialized with mock data
[90mstdout[2m | src/components/Editor3/components/EditorComponents.stories.jsx[2m > [22m[2mQuiz Multiple Choice
[22m[39mQuestionBlockRo.grade undefined
[90mstdout[2m | src/components/Editor3/components/EditorComponents.stories.jsx[2m > [22m[2mQuiz Multiple Choice
[22m[39m......!q {
  "answer": "Mercury",
  "correct": true,
}
[90mstdout[2m | src/components/Editor3/components/EditorComponents.stories.jsx[2m > [22m[2mQuiz Multiple Choice
[22m[39m......!q {
  "answer": "Venus",
  "correct": false,
}
[90mstdout[2m | src/components/Editor3/components/EditorComponents.stories.jsx[2m > [22m[2mQuiz Multiple Choice
[22m[39m......!q {
  "answer": "Earth",
  "correct": false,
}
[90mstdout[2m | src/components/Editor3/components/EditorComponents.stories.jsx[2m > [22m[2mQuiz Multiple Choice
[22m[39m......!q {
  "answer": "Mars",
  "correct": false,
}
[90mstdout[2m | src/components/Editor3/components/EditorComponents.stories.jsx[2m > [22m[2mQuiz Multiple Choice
[22m[39mQuestionBlock.nodeKey quiz-2 type: string
[90mstdout[2m | src/components/Editor3/components/EditorComponents.stories.jsx[2m > [22m[2mQuiz Multiple Choice
[22m[39mQuestionBlock.questionContent [
  {
    "answer": "Mercury",
    "correct": true,
  },
  {
    "answer": "Venus",
    "correct": false,
  },
  {
    "answer": "Earth",
    "correct": false,
  },
  {
    "answer": "Mars",
    "correct": false,
  },
]
[90mstdout[2m | src/components/Editor3/components/EditorComponents.stories.jsx[2m > [22m[2mQuiz Multiple Choice
[22m[39mQuestionBlock.grade.data keys: []
[90mstdout[2m | src/components/Editor3/components/EditorComponents.stories.jsx[2m > [22m[2mQuiz Multiple Choice
[22m[39mQuestionBlock.grade.data[nodeKey]: undefined
[90mstdout[2m | src/components/Editor3/components/EditorComponents.stories.jsx[2m > [22m[2mQuiz Multiple Choice
[22m[39mQuestionBlockRo.inProgress {}
[90mstdout[2m | src/components/Editor3/components/EditorComponents.stories.jsx[2m > [22m[2mQuiz Multiple Choice
[22m[39m[ChatContext] No current chat available, will create one
[90mstdout[2m | src/components/Editor3/components/EditorComponents.stories.jsx[2m > [22m[2mQuiz Multiple Choice
[22m[39m[ChatContext] Creating AssistantChat with user: undefined
[90mstdout[2m | src/components/Editor3/components/EditorComponents.stories.jsx[2m > [22m[2mQuiz Multiple Choice
[22m[39m[Mock Data] AssistantChat created: mock-assistantchat-1790418625973 - notified 1 subscribers
[90mstdout[2m | src/components/Editor3/components/EditorComponents.stories.jsx[2m > [22m[2mQuiz Multiple Choice
[22m[39m[ChatContext] Create result: {
  "data": {
    "_version": 1,
    "archived": false,
    "chatFiles": [Function anonymous],
    "createdAt": "2026-09-26T10:30:25.973Z",
    "id": "mock-assistantchat-1790418625973",
    "model": "gpt-4",
    "updatedAt": "2026-09-26T10:30:25.973Z",
  },
  "errors": [],
  "hasData": true,
  "hasErrors": true,
}
[90mstdout[2m | src/components/Editor3/components/EditorComponents.stories.jsx[2m > [22m[2mQuiz Multiple Choice
[22m[39m[ChatContext] Created AssistantChat: mock-assistantchat-1790418625973 at: 2026-09-26T10:30:25.973Z
[90mstdout[2m | src/components/Editor3/components/EditorComponents.stories.jsx[2m > [22m[2mQuiz Multiple Choice
[22m[39m[Mock Storage] downloadData called with: undefined
[90mstdout[2m | src/components/Editor3/components/EditorComponents.stories.jsx[2m > [22m[2mQuiz Multiple Choice
[22m[39m[ChatContext] Setting initial chat: mock-assistantchat-1790418625973
[90mstdout[2m | src/components/Editor3/components/EditorComponents.stories.jsx[2m > [22m[2mQuiz Multiple Choice
[22m[39m[ChatContext] Chat exists and not archived, skipping creation
[90mstdout[2m | src/components/Editor3/components/EditorComponents.stories.jsx[2m > [22m[2mAnswer Input
[22m[39m[ChatContext] Cleaning up subscriptions
[90mstdout[2m | src/components/Editor3/components/EditorComponents.stories.jsx[2m > [22m[2mAnswer Input
[22m[39m[Mock Data] Unit.onUpdate() subscription removed. Remaining: 0
[90mstdout[2m | src/components/Editor3/components/EditorComponents.stories.jsx[2m > [22m[2mAnswer Input
[22m[39m[Preview] Skipped initializing default mock data (initializeMockData=false)
[90mstdout[2m | src/components/Editor3/components/EditorComponents.stories.jsx[2m > [22m[2mAnswer Input
[22m[39m[Mock Data] seedMockWords: Adding 2 words
[90mstdout[2m | src/components/Editor3/components/EditorComponents.stories.jsx[2m > [22m[2mAnswer Input
[22m[39m[Mock Data] seedMockUnit: Adding unit answer-input-story-unit
[90mstdout[2m | src/components/Editor3/components/EditorComponents.stories.jsx[2m > [22m[2mAnswer Input
[22m[39m[MOCK CourseVectorStore] Initialized with mock data
[90mstdout[2m | src/components/Editor3/components/EditorComponents.stories.jsx[2m > [22m[2mAnswer Input
[22m[39m[TranslationModeController] Setting mode to: off
[90mstdout[2m | src/components/Editor3/components/EditorComponents.stories.jsx[2m > [22m[2mAnswer Input
[22m[39m[UnitContext] useEffect triggered {
  "authLoading": false,
  "hasUser": true,
  "id": "answer-input-story-unit",
  "userSub": "mock-user-sub",
}
[90mstdout[2m | src/components/Editor3/components/EditorComponents.stories.jsx[2m > [22m[2mAnswer Input
[22m[39m[UnitContext] Fetching unit data for id: answer-input-story-unit
[90mstdout[2m | src/components/Editor3/components/EditorComponents.stories.jsx[2m > [22m[2mAnswer Input
[22m[39m[FilesContext] Initializing vector store from IndexedDB
[90mstdout[2m | src/components/Editor3/components/EditorComponents.stories.jsx[2m > [22m[2mAnswer Input
[22m[39m[FilesContext] fetchFiles called
[90mstdout[2m | src/components/Editor3/components/EditorComponents.stories.jsx[2m > [22m[2mAnswer Input
[22m[39m[FilesContext] User authenticated: mock-user-sub
[90mstdout[2m | src/components/Editor3/components/EditorComponents.stories.jsx[2m > [22m[2mAnswer Input
[22m[39m[FilesContext] Identity ID: us-east-1:mock-identity-123
[90mstdout[2m | src/components/Editor3/components/EditorComponents.stories.jsx[2m > [22m[2mAnswer Input
[22m[39m[FilesContext] About to set up File observeQuery
[90mstdout[2m | src/components/Editor3/components/EditorComponents.stories.jsx[2m > [22m[2mAnswer Input
[22m[39m[ChatContext] Setting up AssistantChat observeQuery
[90mstdout[2m | src/components/Editor3/components/EditorComponents.stories.jsx[2m > [22m[2mAnswer Input
[22m[39m[ChatContext] Waiting for subscription to initialize
[90mstdout[2m | src/components/Editor3/components/EditorComponents.stories.jsx[2m > [22m[2mAnswer Input
[22m[39m[SettingsContext] Setting up Settings subscription for user: mock-user-sub
[90mstdout[2m | src/components/Editor3/components/EditorComponents.stories.jsx[2m > [22m[2mAnswer Input
[22m[39m[Mock Data] Settings created: mock-settings-1790418626111 - notified 0 subscribers
[90mstdout[2m | src/components/Editor3/components/EditorComponents.stories.jsx[2m > [22m[2mAnswer Input
[22m[39m[Mock Data] Unit.onUpdate() subscription added. Total: 1
[90mstdout[2m | src/components/Editor3/components/EditorComponents.stories.jsx[2m > [22m[2mAnswer Input
[22m[39m[SectionContext] Section observeQuery update: 0
[90mstdout[2m | src/components/Editor3/components/EditorComponents.stories.jsx[2m > [22m[2mAnswer Input
[22m[39m[FilesContext] File observeQuery update: 0 files
[90mstdout[2m | src/components/Editor3/components/EditorComponents.stories.jsx[2m > [22m[2mAnswer Input
[22m[39m[ChatContext] AssistantChat initialized with 0 chats
[90mstdout[2m | src/components/Editor3/components/EditorComponents.stories.jsx[2m > [22m[2mAnswer Input
[22m[39m[MOCK CourseVectorStore] Initialized with mock data
[90mstdout[2m | src/components/Editor3/components/EditorComponents.stories.jsx[2m > [22m[2mAnswer Input
[22m[39m[ChatContext] No current chat available, will create one
[90mstdout[2m | src/components/Editor3/components/EditorComponents.stories.jsx[2m > [22m[2mAnswer Input
[22m[39m[ChatContext] Creating AssistantChat with user: undefined
[90mstdout[2m | src/components/Editor3/components/EditorComponents.stories.jsx[2m > [22m[2mAnswer Input
[22m[39m[Mock Data] AssistantChat created: mock-assistantchat-1790418626177 - notified 1 subscribers
[90mstdout[2m | src/components/Editor3/components/EditorComponents.stories.jsx[2m > [22m[2mAnswer Input
[22m[39m[ChatContext] Create result: {
  "data": {
    "_version": 1,
    "archived": false,
    "chatFiles": [Function anonymous],
    "createdAt": "2026-09-26T10:30:26.177Z",
    "id": "mock-assistantchat-1790418626177",
    "model": "gpt-4",
    "updatedAt": "2026-09-26T10:30:26.177Z",
  },
  "errors": [],
  "hasData": true,
  "hasErrors": true,
}
[90mstdout[2m | src/components/Editor3/components/EditorComponents.stories.jsx[2m > [22m[2mAnswer Input
[22m[39m[ChatContext] Created AssistantChat: mock-assistantchat-1790418626177 at: 2026-09-26T10:30:26.177Z
[90mstdout[2m | src/components/Editor3/components/EditorComponents.stories.jsx[2m > [22m[2mAnswer Input
[22m[39m[Mock Storage] downloadData called with: undefined
[90mstdout[2m | src/components/Editor3/components/EditorComponents.stories.jsx[2m > [22m[2mAnswer Input
[22m[39m[ChatContext] Setting initial chat: mock-assistantchat-1790418626177
[90mstdout[2m | src/components/Editor3/components/EditorComponents.stories.jsx[2m > [22m[2mAnswer Input
[22m[39m[ChatContext] Chat exists and not archived, skipping creation
[90mstdout[2m | src/components/Editor3/components/EditorComponents.stories.jsx[2m > [22m[2mAnswer With Value
[22m[39m[ChatContext] Cleaning up subscriptions
[90mstdout[2m | src/components/Editor3/components/EditorComponents.stories.jsx[2m > [22m[2mAnswer With Value
[22m[39m[Mock Data] Unit.onUpdate() subscription removed. Remaining: 0
[90mstdout[2m | src/components/Editor3/components/EditorComponents.stories.jsx[2m > [22m[2mAnswer With Value
[22m[39m[Preview] Skipped initializing default mock data (initializeMockData=false)
[90mstdout[2m | src/components/Editor3/components/EditorComponents.stories.jsx[2m > [22m[2mAnswer With Value
[22m[39m[Mock Data] seedMockWords: Adding 2 words
[90mstdout[2m | src/components/Editor3/components/EditorComponents.stories.jsx[2m > [22m[2mAnswer With Value
[22m[39m[Mock Data] seedMockUnit: Adding unit answer-with-value-story-unit
[90mstdout[2m | src/components/Editor3/components/EditorComponents.stories.jsx[2m > [22m[2mAnswer With Value
[22m[39m[MOCK CourseVectorStore] Initialized with mock data
[90mstdout[2m | src/components/Editor3/components/EditorComponents.stories.jsx[2m > [22m[2mAnswer With Value
[22m[39m[TranslationModeController] Setting mode to: off
[90mstdout[2m | src/components/Editor3/components/EditorComponents.stories.jsx[2m > [22m[2mAnswer With Value
[22m[39m[UnitContext] useEffect triggered {
  "authLoading": false,
  "hasUser": true,
  "id": "answer-with-value-story-unit",
  "userSub": "mock-user-sub",
}
[90mstdout[2m | src/components/Editor3/components/EditorComponents.stories.jsx[2m > [22m[2mAnswer With Value
[22m[39m[UnitContext] Fetching unit data for id: answer-with-value-story-unit
[90mstdout[2m | src/components/Editor3/components/EditorComponents.stories.jsx[2m > [22m[2mAnswer With Value
[22m[39m[FilesContext] Initializing vector store from IndexedDB
[90mstdout[2m | src/components/Editor3/components/EditorComponents.stories.jsx[2m > [22m[2mAnswer With Value
[22m[39m[FilesContext] fetchFiles called
[90mstdout[2m | src/components/Editor3/components/EditorComponents.stories.jsx[2m > [22m[2mAnswer With Value
[22m[39m[FilesContext] User authenticated: mock-user-sub
[90mstdout[2m | src/components/Editor3/components/EditorComponents.stories.jsx[2m > [22m[2mAnswer With Value
[22m[39m[FilesContext] Identity ID: us-east-1:mock-identity-123
[90mstdout[2m | src/components/Editor3/components/EditorComponents.stories.jsx[2m > [22m[2mAnswer With Value
[22m[39m[FilesContext] About to set up File observeQuery
[90mstdout[2m | src/components/Editor3/components/EditorComponents.stories.jsx[2m > [22m[2mAnswer With Value
[22m[39m[ChatContext] Setting up AssistantChat observeQuery
[90mstdout[2m | src/components/Editor3/components/EditorComponents.stories.jsx[2m > [22m[2mAnswer With Value
[22m[39m[ChatContext] Waiting for subscription to initialize
[90mstdout[2m | src/components/Editor3/components/EditorComponents.stories.jsx[2m > [22m[2mAnswer With Value
[22m[39m[SettingsContext] Setting up Settings subscription for user: mock-user-sub
[90mstdout[2m | src/components/Editor3/components/EditorComponents.stories.jsx[2m > [22m[2mAnswer With Value
[22m[39m[Mock Data] Settings created: mock-settings-1790418626327 - notified 0 subscribers
[90mstdout[2m | src/components/Editor3/components/EditorComponents.stories.jsx[2m > [22m[2mAnswer With Value
[22m[39m[Mock Data] Unit.onUpdate() subscription added. Total: 1
[90mstdout[2m | src/components/Editor3/components/EditorComponents.stories.jsx[2m > [22m[2mAnswer With Value
[22m[39m[SectionContext] Section observeQuery update: 0
[90mstdout[2m | src/components/Editor3/components/EditorComponents.stories.jsx[2m > [22m[2mAnswer With Value
[22m[39m[FilesContext] File observeQuery update: 0 files
[90mstdout[2m | src/components/Editor3/components/EditorComponents.stories.jsx[2m > [22m[2mAnswer With Value
[22m[39m[ChatContext] AssistantChat initialized with 0 chats
[90mstdout[2m | src/components/Editor3/components/EditorComponents.stories.jsx[2m > [22m[2mAnswer With Value
[22m[39m[MOCK CourseVectorStore] Initialized with mock data
[90mstdout[2m | src/components/Editor3/components/EditorComponents.stories.jsx[2m > [22m[2mAnswer With Value
[22m[39m[ChatContext] No current chat available, will create one
[90mstdout[2m | src/components/Editor3/components/EditorComponents.stories.jsx[2m > [22m[2mAnswer With Value
[22m[39m[ChatContext] Creating AssistantChat with user: undefined
[90mstdout[2m | src/components/Editor3/components/EditorComponents.stories.jsx[2m > [22m[2mAnswer With Value
[22m[39m[Mock Data] AssistantChat created: mock-assistantchat-1790418626378 - notified 1 subscribers
[90mstdout[2m | src/components/Editor3/components/EditorComponents.stories.jsx[2m > [22m[2mAnswer With Value
[22m[39m[ChatContext] Create result: {
  "data": {
    "_version": 1,
    "archived": false,
    "chatFiles": [Function anonymous],
    "createdAt": "2026-09-26T10:30:26.378Z",
    "id": "mock-assistantchat-1790418626378",
    "model": "gpt-4",
    "updatedAt": "2026-09-26T10:30:26.378Z",
  },
  "errors": [],
  "hasData": true,
  "hasErrors": true,
}
[90mstdout[2m | src/components/Editor3/components/EditorComponents.stories.jsx[2m > [22m[2mAnswer With Value
[22m[39m[ChatContext] Created AssistantChat: mock-assistantchat-1790418626378 at: 2026-09-26T10:30:26.378Z
[90mstdout[2m | src/components/Editor3/components/EditorComponents.stories.jsx[2m > [22m[2mAnswer With Value
[22m[39m[Mock Storage] downloadData called with: undefined
[90mstdout[2m | src/components/Editor3/components/EditorComponents.stories.jsx[2m > [22m[2mAnswer With Value
[22m[39m[ChatContext] Setting initial chat: mock-assistantchat-1790418626378
[90mstdout[2m | src/components/Editor3/components/EditorComponents.stories.jsx[2m > [22m[2mAnswer With Value
[22m[39m[ChatContext] Chat exists and not archived, skipping creation
[90mstdout[2m | src/components/Editor3/components/EditorComponents.stories.jsx[2m > [22m[2mImage Default
[22m[39m[ChatContext] Cleaning up subscriptions
[90mstdout[2m | src/components/Editor3/components/EditorComponents.stories.jsx[2m > [22m[2mImage Default
[22m[39m[Mock Data] Unit.onUpdate() subscription removed. Remaining: 0
[90mstdout[2m | src/components/Editor3/components/EditorComponents.stories.jsx[2m > [22m[2mImage Default
[22m[39m[Preview] Skipped initializing default mock data (initializeMockData=false)
[90mstdout[2m | src/components/Editor3/components/EditorComponents.stories.jsx[2m > [22m[2mImage Default
[22m[39m[Mock Data] seedMockUnit: Adding unit image-default-story-unit
[90mstdout[2m | src/components/Editor3/components/EditorComponents.stories.jsx[2m > [22m[2mImage Default
[22m[39m[MOCK CourseVectorStore] Initialized with mock data
[90mstdout[2m | src/components/Editor3/components/EditorComponents.stories.jsx[2m > [22m[2mImage Default
[22m[39mMock Cache.getItem called with: getCachedUrl_protected/us-east-1:mock-identity/image-animals/small.webp
[90mstdout[2m | src/components/Editor3/components/EditorComponents.stories.jsx[2m > [22m[2mImage Default
[22m[39mMock Cache.getItem called with: getCachedUrl_protected/us-east-1:mock-identity/image-animals/medium.webp
[90mstdout[2m | src/components/Editor3/components/EditorComponents.stories.jsx[2m > [22m[2mImage Default
[22m[39mMock Cache.getItem called with: getCachedUrl_protected/us-east-1:mock-identity/image-animals/large.webp
[90mstdout[2m | src/components/Editor3/components/EditorComponents.stories.jsx[2m > [22m[2mImage Default
[22m[39m[TranslationModeController] Setting mode to: off
[90mstdout[2m | src/components/Editor3/components/EditorComponents.stories.jsx[2m > [22m[2mImage Default
[22m[39m[UnitContext] useEffect triggered {
  "authLoading": false,
  "hasUser": true,
  "id": "image-default-story-unit",
  "userSub": "mock-user-sub",
}
[90mstdout[2m | src/components/Editor3/components/EditorComponents.stories.jsx[2m > [22m[2mImage Default
[22m[39m[UnitContext] Fetching unit data for id: image-default-story-unit
[90mstdout[2m | src/components/Editor3/components/EditorComponents.stories.jsx[2m > [22m[2mImage Default
[22m[39m[FilesContext] Initializing vector store from IndexedDB
[90mstdout[2m | src/components/Editor3/components/EditorComponents.stories.jsx[2m > [22m[2mImage Default
[22m[39m[FilesContext] fetchFiles called
[90mstdout[2m | src/components/Editor3/components/EditorComponents.stories.jsx[2m > [22m[2mImage Default
[22m[39m[FilesContext] User authenticated: mock-user-sub
[90mstdout[2m | src/components/Editor3/components/EditorComponents.stories.jsx[2m > [22m[2mImage Default
[22m[39m[FilesContext] Identity ID: us-east-1:mock-identity-123
[90mstdout[2m | src/components/Editor3/components/EditorComponents.stories.jsx[2m > [22m[2mImage Default
[22m[39m[FilesContext] About to set up File observeQuery
[90mstdout[2m | src/components/Editor3/components/EditorComponents.stories.jsx[2m > [22m[2mImage Default
[22m[39m[ChatContext] Setting up AssistantChat observeQuery
[90mstdout[2m | src/components/Editor3/components/EditorComponents.stories.jsx[2m > [22m[2mImage Default
[22m[39m[ChatContext] Waiting for subscription to initialize
[90mstdout[2m | src/components/Editor3/components/EditorComponents.stories.jsx[2m > [22m[2mImage Default
[22m[39m[SettingsContext] Setting up Settings subscription for user: mock-user-sub
[90mstdout[2m | src/components/Editor3/components/EditorComponents.stories.jsx[2m > [22m[2mImage Default
[22m[39mMock getUrl called with: protected/us-east-1:mock-identity/image-animals/small.webp
[90mstdout[2m | src/components/Editor3/components/EditorComponents.stories.jsx[2m > [22m[2mImage Default
[22m[39mMock getUrl called with: protected/us-east-1:mock-identity/image-animals/medium.webp
[90mstdout[2m | src/components/Editor3/components/EditorComponents.stories.jsx[2m > [22m[2mImage Default
[22m[39mMock getUrl called with: protected/us-east-1:mock-identity/image-animals/large.webp
[90mstdout[2m | src/components/Editor3/components/EditorComponents.stories.jsx[2m > [22m[2mImage Default
[22m[39m[Mock Data] Settings created: mock-settings-1790418626509 - notified 0 subscribers
[90mstdout[2m | src/components/Editor3/components/EditorComponents.stories.jsx[2m > [22m[2mImage Default
[22m[39mMock Cache.setItem called with: getCachedUrl_protected/us-east-1:mock-identity/image-animals/small.webp protected/us-east-1:mock-identity/image-animals/small.webp
[90mstdout[2m | src/components/Editor3/components/EditorComponents.stories.jsx[2m > [22m[2mImage Default
[22m[39mMock Cache.setItem called with: getCachedUrl_protected/us-east-1:mock-identity/image-animals/medium.webp protected/us-east-1:mock-identity/image-animals/medium.webp
[90mstdout[2m | src/components/Editor3/components/EditorComponents.stories.jsx[2m > [22m[2mImage Default
[22m[39mMock Cache.setItem called with: getCachedUrl_protected/us-east-1:mock-identity/image-animals/large.webp protected/us-east-1:mock-identity/image-animals/large.webp
[90mstdout[2m | src/components/Editor3/components/EditorComponents.stories.jsx[2m > [22m[2mImage Default
[22m[39m[Mock Data] Unit.onUpdate() subscription added. Total: 1
[90mstdout[2m | src/components/Editor3/components/EditorComponents.stories.jsx[2m > [22m[2mImage Default
[22m[39m[SectionContext] Section observeQuery update: 0
[90mstdout[2m | src/components/Editor3/components/EditorComponents.stories.jsx[2m > [22m[2mImage Default
[22m[39m[FilesContext] File observeQuery update: 1 files
[90mstdout[2m | src/components/Editor3/components/EditorComponents.stories.jsx[2m > [22m[2mImage Default
[22m[39m[ChatContext] AssistantChat initialized with 0 chats
[90mstdout[2m | src/components/Editor3/components/EditorComponents.stories.jsx[2m > [22m[2mImage Default
[22m[39m[MOCK CourseVectorStore] Initialized with mock data
[90mstdout[2m | src/components/Editor3/components/EditorComponents.stories.jsx[2m > [22m[2mImage Default
[22m[39m[FilesContext] Vector store population triggered {
  "currentVectorStoreSize": 3,
  "documentsCount": 0,
  "filesCount": 1,
  "isInitialLoad": true,
}
[90mstdout[2m | src/components/Editor3/components/EditorComponents.stories.jsx[2m > [22m[2mImage Default
[22m[39m[FilesContext] Vector store population complete - 3 total embeddings
[90mstdout[2m | src/components/Editor3/components/EditorComponents.stories.jsx[2m > [22m[2mImage Default
[22m[39m[ChatContext] No current chat available, will create one
[90mstdout[2m | src/components/Editor3/components/EditorComponents.stories.jsx[2m > [22m[2mImage Default
[22m[39m[ChatContext] Creating AssistantChat with user: undefined
[90mstdout[2m | src/components/Editor3/components/EditorComponents.stories.jsx[2m > [22m[2mImage Default
[22m[39m[Mock Data] AssistantChat created: mock-assistantchat-1790418626528 - notified 1 subscribers
[90mstdout[2m | src/components/Editor3/components/EditorComponents.stories.jsx[2m > [22m[2mImage Default
[22m[39m[ChatContext] Create result: {
  "data": {
    "_version": 1,
    "archived": false,
    "chatFiles": [Function anonymous],
    "createdAt": "2026-09-26T10:30:26.528Z",
    "id": "mock-assistantchat-1790418626528",
    "model": "gpt-4",
    "updatedAt": "2026-09-26T10:30:26.528Z",
  },
  "errors": [],
  "hasData": true,
  "hasErrors": true,
}
[90mstdout[2m | src/components/Editor3/components/EditorComponents.stories.jsx[2m > [22m[2mImage Default
[22m[39m[ChatContext] Created AssistantChat: mock-assistantchat-1790418626528 at: 2026-09-26T10:30:26.528Z
[90mstdout[2m | src/components/Editor3/components/EditorComponents.stories.jsx[2m > [22m[2mImage Default
[22m[39m[Mock Storage] downloadData called with: undefined
[90mstdout[2m | src/components/Editor3/components/EditorComponents.stories.jsx[2m > [22m[2mImage Default
[22m[39m[ChatContext] Setting initial chat: mock-assistantchat-1790418626528
[90mstdout[2m | src/components/Editor3/components/EditorComponents.stories.jsx[2m > [22m[2mImage Default
[22m[39m[ChatContext] Chat exists and not archived, skipping creation
[90mstdout[2m | src/components/Editor3/components/EditorComponents.stories.jsx[2m > [22m[2mImage With Caption
[22m[39m[ChatContext] Cleaning up subscriptions
[90mstdout[2m | src/components/Editor3/components/EditorComponents.stories.jsx[2m > [22m[2mImage With Caption
[22m[39m[Mock Data] Unit.onUpdate() subscription removed. Remaining: 0
[90mstdout[2m | src/components/Editor3/components/EditorComponents.stories.jsx[2m > [22m[2mImage With Caption
[22m[39m[Preview] Skipped initializing default mock data (initializeMockData=false)
[90mstdout[2m | src/components/Editor3/components/EditorComponents.stories.jsx[2m > [22m[2mImage With Caption
[22m[39m[Mock Data] seedMockUnit: Adding unit image-with-caption-story-unit
[90mstdout[2m | src/components/Editor3/components/EditorComponents.stories.jsx[2m > [22m[2mImage With Caption
[22m[39m[MOCK CourseVectorStore] Initialized with mock data
[90mstdout[2m | src/components/Editor3/components/EditorComponents.stories.jsx[2m > [22m[2mImage With Caption
[22m[39mMock Cache.getItem called with: getCachedUrl_protected/us-east-1:mock-identity/image-piano/small.webp
[90mstdout[2m | src/components/Editor3/components/EditorComponents.stories.jsx[2m > [22m[2mImage With Caption
[22m[39mMock Cache.getItem called with: getCachedUrl_protected/us-east-1:mock-identity/image-piano/medium.webp
[90mstdout[2m | src/components/Editor3/components/EditorComponents.stories.jsx[2m > [22m[2mImage With Caption
[22m[39mMock Cache.getItem called with: getCachedUrl_protected/us-east-1:mock-identity/image-piano/large.webp
[90mstdout[2m | src/components/Editor3/components/EditorComponents.stories.jsx[2m > [22m[2mImage With Caption
[22m[39m[TranslationModeController] Setting mode to: off
[90mstdout[2m | src/components/Editor3/components/EditorComponents.stories.jsx[2m > [22m[2mImage With Caption
[22m[39m[UnitContext] useEffect triggered {
  "authLoading": false,
  "hasUser": true,
  "id": "image-with-caption-story-unit",
  "userSub": "mock-user-sub",
}
[90mstdout[2m | src/components/Editor3/components/EditorComponents.stories.jsx[2m > [22m[2mImage With Caption
[22m[39m[UnitContext] Fetching unit data for id: image-with-caption-story-unit
[90mstdout[2m | src/components/Editor3/components/EditorComponents.stories.jsx[2m > [22m[2mImage With Caption
[22m[39m[FilesContext] Initializing vector store from IndexedDB
[90mstdout[2m | src/components/Editor3/components/EditorComponents.stories.jsx[2m > [22m[2mImage With Caption
[22m[39m[FilesContext] fetchFiles called
[90mstdout[2m | src/components/Editor3/components/EditorComponents.stories.jsx[2m > [22m[2mImage With Caption
[22m[39m[FilesContext] User authenticated: mock-user-sub
[90mstdout[2m | src/components/Editor3/components/EditorComponents.stories.jsx[2m > [22m[2mImage With Caption
[22m[39m[FilesContext] Identity ID: us-east-1:mock-identity-123
[90mstdout[2m | src/components/Editor3/components/EditorComponents.stories.jsx[2m > [22m[2mImage With Caption
[22m[39m[FilesContext] About to set up File observeQuery
[90mstdout[2m | src/components/Editor3/components/EditorComponents.stories.jsx[2m > [22m[2mImage With Caption
[22m[39m[ChatContext] Setting up AssistantChat observeQuery
[90mstdout[2m | src/components/Editor3/components/EditorComponents.stories.jsx[2m > [22m[2mImage With Caption
[22m[39m[ChatContext] Waiting for subscription to initialize
[90mstdout[2m | src/components/Editor3/components/EditorComponents.stories.jsx[2m > [22m[2mImage With Caption
[22m[39m[SettingsContext] Setting up Settings subscription for user: mock-user-sub
[90mstdout[2m | src/components/Editor3/components/EditorComponents.stories.jsx[2m > [22m[2mImage With Caption
[22m[39mMock getUrl called with: protected/us-east-1:mock-identity/image-piano/small.webp
[90mstdout[2m | src/components/Editor3/components/EditorComponents.stories.jsx[2m > [22m[2mImage With Caption
[22m[39mMock getUrl called with: protected/us-east-1:mock-identity/image-piano/medium.webp
[90mstdout[2m | src/components/Editor3/components/EditorComponents.stories.jsx[2m > [22m[2mImage With Caption
[22m[39mMock getUrl called with: protected/us-east-1:mock-identity/image-piano/large.webp
[90mstdout[2m | src/components/Editor3/components/EditorComponents.stories.jsx[2m > [22m[2mImage With Caption
[22m[39m[Mock Data] Settings created: mock-settings-1790418626635 - notified 0 subscribers
[90mstdout[2m | src/components/Editor3/components/EditorComponents.stories.jsx[2m > [22m[2mImage With Caption
[22m[39mMock Cache.setItem called with: getCachedUrl_protected/us-east-1:mock-identity/image-piano/small.webp protected/us-east-1:mock-identity/image-piano/small.webp
[90mstdout[2m | src/components/Editor3/components/EditorComponents.stories.jsx[2m > [22m[2mImage With Caption
[22m[39mMock Cache.setItem called with: getCachedUrl_protected/us-east-1:mock-identity/image-piano/medium.webp protected/us-east-1:mock-identity/image-piano/medium.webp
[90mstdout[2m | src/components/Editor3/components/EditorComponents.stories.jsx[2m > [22m[2mImage With Caption
[22m[39mMock Cache.setItem called with: getCachedUrl_protected/us-east-1:mock-identity/image-piano/large.webp protected/us-east-1:mock-identity/image-piano/large.webp
[90mstdout[2m | src/components/Editor3/components/EditorComponents.stories.jsx[2m > [22m[2mImage With Caption
[22m[39m[Mock Data] Unit.onUpdate() subscription added. Total: 1
[90mstdout[2m | src/components/Editor3/components/EditorComponents.stories.jsx[2m > [22m[2mImage With Caption
[22m[39m[SectionContext] Section observeQuery update: 0
[90mstdout[2m | src/components/Editor3/components/EditorComponents.stories.jsx[2m > [22m[2mImage With Caption
[22m[39m[FilesContext] File observeQuery update: 1 files
[90mstdout[2m | src/components/Editor3/components/EditorComponents.stories.jsx[2m > [22m[2mImage With Caption
[22m[39m[ChatContext] AssistantChat initialized with 0 chats
[90mstdout[2m | src/components/Editor3/components/EditorComponents.stories.jsx[2m > [22m[2mImage With Caption
[22m[39m[MOCK CourseVectorStore] Initialized with mock data
[90mstdout[2m | src/components/Editor3/components/EditorComponents.stories.jsx[2m > [22m[2mImage With Caption
[22m[39m[FilesContext] Vector store population triggered {
  "currentVectorStoreSize": 3,
  "documentsCount": 0,
  "filesCount": 1,
  "isInitialLoad": true,
}
[90mstdout[2m | src/components/Editor3/components/EditorComponents.stories.jsx[2m > [22m[2mImage With Caption
[22m[39m[FilesContext] Vector store population complete - 3 total embeddings
[90mstdout[2m | src/components/Editor3/components/EditorComponents.stories.jsx[2m > [22m[2mImage With Caption
[22m[39m[ChatContext] No current chat available, will create one
[90mstdout[2m | src/components/Editor3/components/EditorComponents.stories.jsx[2m > [22m[2mImage With Caption
[22m[39m[ChatContext] Creating AssistantChat with user: undefined
[90mstdout[2m | src/components/Editor3/components/EditorComponents.stories.jsx[2m > [22m[2mImage With Caption
[22m[39m[Mock Data] AssistantChat created: mock-assistantchat-1790418626648 - notified 1 subscribers
[90mstdout[2m | src/components/Editor3/components/EditorComponents.stories.jsx[2m > [22m[2mImage With Caption
[22m[39m[ChatContext] Create result: {
  "data": {
    "_version": 1,
    "archived": false,
    "chatFiles": [Function anonymous],
    "createdAt": "2026-09-26T10:30:26.648Z",
    "id": "mock-assistantchat-1790418626648",
    "model": "gpt-4",
    "updatedAt": "2026-09-26T10:30:26.648Z",
  },
  "errors": [],
  "hasData": true,
  "hasErrors": true,
}
[90mstdout[2m | src/components/Editor3/components/EditorComponents.stories.jsx[2m > [22m[2mImage With Caption
[22m[39m[ChatContext] Created AssistantChat: mock-assistantchat-1790418626648 at: 2026-09-26T10:30:26.648Z
[90mstdout[2m | src/components/Editor3/components/EditorComponents.stories.jsx[2m > [22m[2mImage With Caption
[22m[39m[Mock Storage] downloadData called with: undefined
[90mstdout[2m | src/components/Editor3/components/EditorComponents.stories.jsx[2m > [22m[2mImage With Caption
[22m[39m[ChatContext] Setting initial chat: mock-assistantchat-1790418626648
[90mstdout[2m | src/components/Editor3/components/EditorComponents.stories.jsx[2m > [22m[2mImage With Caption
[22m[39m[ChatContext] Chat exists and not archived, skipping creation
[90mstdout[2m | src/components/Editor3/components/EditorComponents.stories.jsx[2m > [22m[2mImage Small
[22m[39m[ChatContext] Cleaning up subscriptions
[90mstdout[2m | src/components/Editor3/components/EditorComponents.stories.jsx[2m > [22m[2mImage Small
[22m[39m[Mock Data] Unit.onUpdate() subscription removed. Remaining: 0
[90mstdout[2m | src/components/Editor3/components/EditorComponents.stories.jsx[2m > [22m[2mImage Small
[22m[39m[Preview] Skipped initializing default mock data (initializeMockData=false)
[90mstdout[2m | src/components/Editor3/components/EditorComponents.stories.jsx[2m > [22m[2mImage Small
[22m[39m[Mock Data] seedMockUnit: Adding unit image-small-story-unit
[90mstdout[2m | src/components/Editor3/components/EditorComponents.stories.jsx[2m > [22m[2mImage Small
[22m[39m[MOCK CourseVectorStore] Initialized with mock data
[90mstdout[2m | src/components/Editor3/components/EditorComponents.stories.jsx[2m > [22m[2mImage Small
[22m[39mMock Cache.getItem called with: getCachedUrl_protected/us-east-1:mock-identity/image-meerkat/small.webp
[90mstdout[2m | src/components/Editor3/components/EditorComponents.stories.jsx[2m > [22m[2mImage Small
[22m[39mMock Cache.getItem called with: getCachedUrl_protected/us-east-1:mock-identity/image-meerkat/medium.webp
[90mstdout[2m | src/components/Editor3/components/EditorComponents.stories.jsx[2m > [22m[2mImage Small
[22m[39mMock Cache.getItem called with: getCachedUrl_protected/us-east-1:mock-identity/image-meerkat/large.webp
[90mstdout[2m | src/components/Editor3/components/EditorComponents.stories.jsx[2m > [22m[2mImage Small
[22m[39m[TranslationModeController] Setting mode to: off
[90mstdout[2m | src/components/Editor3/components/EditorComponents.stories.jsx[2m > [22m[2mImage Small
[22m[39m[UnitContext] useEffect triggered {
  "authLoading": false,
  "hasUser": true,
  "id": "image-small-story-unit",
  "userSub": "mock-user-sub",
}
[90mstdout[2m | src/components/Editor3/components/EditorComponents.stories.jsx[2m > [22m[2mImage Small
[22m[39m[UnitContext] Fetching unit data for id: image-small-story-unit
[90mstdout[2m | src/components/Editor3/components/EditorComponents.stories.jsx[2m > [22m[2mImage Small
[22m[39m[FilesContext] Initializing vector store from IndexedDB
[90mstdout[2m | src/components/Editor3/components/EditorComponents.stories.jsx[2m > [22m[2mImage Small
[22m[39m[FilesContext] fetchFiles called
[90mstdout[2m | src/components/Editor3/components/EditorComponents.stories.jsx[2m > [22m[2mImage Small
[22m[39m[FilesContext] User authenticated: mock-user-sub
[90mstdout[2m | src/components/Editor3/components/EditorComponents.stories.jsx[2m > [22m[2mImage Small
[22m[39m[FilesContext] Identity ID: us-east-1:mock-identity-123
[90mstdout[2m | src/components/Editor3/components/EditorComponents.stories.jsx[2m > [22m[2mImage Small
[22m[39m[FilesContext] About to set up File observeQuery
[90mstdout[2m | src/components/Editor3/components/EditorComponents.stories.jsx[2m > [22m[2mImage Small
[22m[39m[ChatContext] Setting up AssistantChat observeQuery
[90mstdout[2m | src/components/Editor3/components/EditorComponents.stories.jsx[2m > [22m[2mImage Small
[22m[39m[ChatContext] Waiting for subscription to initialize
[90mstdout[2m | src/components/Editor3/components/EditorComponents.stories.jsx[2m > [22m[2mImage Small
[22m[39m[SettingsContext] Setting up Settings subscription for user: mock-user-sub
[90mstdout[2m | src/components/Editor3/components/EditorComponents.stories.jsx[2m > [22m[2mImage Small
[22m[39mMock getUrl called with: protected/us-east-1:mock-identity/image-meerkat/small.webp
[90mstdout[2m | src/components/Editor3/components/EditorComponents.stories.jsx[2m > [22m[2mImage Small
[22m[39mMock getUrl called with: protected/us-east-1:mock-identity/image-meerkat/medium.webp
[90mstdout[2m | src/components/Editor3/components/EditorComponents.stories.jsx[2m > [22m[2mImage Small
[22m[39mMock getUrl called with: protected/us-east-1:mock-identity/image-meerkat/large.webp
[90mstdout[2m | src/components/Editor3/components/EditorComponents.stories.jsx[2m > [22m[2mImage Small
[22m[39m[Mock Data] Settings created: mock-settings-1790418626736 - notified 0 subscribers
[90mstdout[2m | src/components/Editor3/components/EditorComponents.stories.jsx[2m > [22m[2mImage Small
[22m[39mMock Cache.setItem called with: getCachedUrl_protected/us-east-1:mock-identity/image-meerkat/small.webp protected/us-east-1:mock-identity/image-meerkat/small.webp
[90mstdout[2m | src/components/Editor3/components/EditorComponents.stories.jsx[2m > [22m[2mImage Small
[22m[39mMock Cache.setItem called with: getCachedUrl_protected/us-east-1:mock-identity/image-meerkat/medium.webp protected/us-east-1:mock-identity/image-meerkat/medium.webp
[90mstdout[2m | src/components/Editor3/components/EditorComponents.stories.jsx[2m > [22m[2mImage Small
[22m[39mMock Cache.setItem called with: getCachedUrl_protected/us-east-1:mock-identity/image-meerkat/large.webp protected/us-east-1:mock-identity/image-meerkat/large.webp
[90mstdout[2m | src/components/Editor3/components/EditorComponents.stories.jsx[2m > [22m[2mImage Small
[22m[39m[Mock Data] Unit.onUpdate() subscription added. Total: 1
[90mstdout[2m | src/components/Editor3/components/EditorComponents.stories.jsx[2m > [22m[2mImage Small
[22m[39m[SectionContext] Section observeQuery update: 0
[90mstdout[2m | src/components/Editor3/components/EditorComponents.stories.jsx[2m > [22m[2mImage Small
[22m[39m[FilesContext] File observeQuery update: 1 files
[90mstdout[2m | src/components/Editor3/components/EditorComponents.stories.jsx[2m > [22m[2mImage Small
[22m[39m[ChatContext] AssistantChat initialized with 0 chats
[90mstdout[2m | src/components/Editor3/components/EditorComponents.stories.jsx[2m > [22m[2mImage Small
[22m[39m[Mock Storage] downloadData called with: undefined
[90mstdout[2m | src/components/Editor3/components/EditorComponents.stories.jsx[2m > [22m[2mImage Small
[22m[39m[MOCK CourseVectorStore] Initialized with mock data
[90mstdout[2m | src/components/Editor3/components/EditorComponents.stories.jsx[2m > [22m[2mImage Small
[22m[39m[FilesContext] Vector store population triggered {
  "currentVectorStoreSize": 3,
  "documentsCount": 0,
  "filesCount": 1,
  "isInitialLoad": true,
}
[90mstdout[2m | src/components/Editor3/components/EditorComponents.stories.jsx[2m > [22m[2mImage Small
[22m[39m[FilesContext] Vector store population complete - 3 total embeddings
[90mstdout[2m | src/components/Editor3/components/EditorComponents.stories.jsx[2m > [22m[2mImage Small
[22m[39m[ChatContext] No current chat available, will create one
[90mstdout[2m | src/components/Editor3/components/EditorComponents.stories.jsx[2m > [22m[2mImage Small
[22m[39m[ChatContext] Creating AssistantChat with user: undefined
[90mstdout[2m | src/components/Editor3/components/EditorComponents.stories.jsx[2m > [22m[2mImage Small
[22m[39m[Mock Data] AssistantChat created: mock-assistantchat-1790418626750 - notified 1 subscribers
[90mstdout[2m | src/components/Editor3/components/EditorComponents.stories.jsx[2m > [22m[2mImage Small
[22m[39m[ChatContext] Create result: {
  "data": {
    "_version": 1,
    "archived": false,
    "chatFiles": [Function anonymous],
    "createdAt": "2026-09-26T10:30:26.750Z",
    "id": "mock-assistantchat-1790418626750",
    "model": "gpt-4",
    "updatedAt": "2026-09-26T10:30:26.750Z",
  },
  "errors": [],
  "hasData": true,
  "hasErrors": true,
}
[90mstdout[2m | src/components/Editor3/components/EditorComponents.stories.jsx[2m > [22m[2mImage Small
[22m[39m[ChatContext] Created AssistantChat: mock-assistantchat-1790418626750 at: 2026-09-26T10:30:26.750Z
[90mstdout[2m | src/components/Editor3/components/EditorComponents.stories.jsx[2m > [22m[2mImage Small
[22m[39m[ChatContext] Setting initial chat: mock-assistantchat-1790418626750
[90mstdout[2m | src/components/Editor3/components/EditorComponents.stories.jsx[2m > [22m[2mImage Small
[22m[39m[ChatContext] Chat exists and not archived, skipping creation
[90mstdout[2m | src/components/Editor3/components/EditorComponents.stories.jsx[2m > [22m[2mAudio Player
[22m[39m[ChatContext] Cleaning up subscriptions
[90mstdout[2m | src/components/Editor3/components/EditorComponents.stories.jsx[2m > [22m[2mAudio Player
[22m[39m[Mock Data] Unit.onUpdate() subscription removed. Remaining: 0
[90mstdout[2m | src/components/Editor3/components/EditorComponents.stories.jsx[2m > [22m[2mAudio Player
[22m[39m[Preview] Skipped initializing default mock data (initializeMockData=false)
[90mstdout[2m | src/components/Editor3/components/EditorComponents.stories.jsx[2m > [22m[2mAudio Player
[22m[39m[Mock Data] seedMockUnit: Adding unit audio-player-story-unit
[90mstdout[2m | src/components/Editor3/components/EditorComponents.stories.jsx[2m > [22m[2mAudio Player
[22m[39m[Mock Data] Adding 1 items to UnitFile
[90mstdout[2m | src/components/Editor3/components/EditorComponents.stories.jsx[2m > [22m[2mAudio Player
[22m[39m[MOCK CourseVectorStore] Initialized with mock data
[90mstdout[2m | src/components/Editor3/components/EditorComponents.stories.jsx[2m > [22m[2mAudio Player
[22m[39m[TranslationModeController] Setting mode to: off
[90mstdout[2m | src/components/Editor3/components/EditorComponents.stories.jsx[2m > [22m[2mAudio Player
[22m[39m[UnitContext] useEffect triggered {
  "authLoading": false,
  "hasUser": true,
  "id": "audio-player-story-unit",
  "userSub": "mock-user-sub",
}
[90mstdout[2m | src/components/Editor3/components/EditorComponents.stories.jsx[2m > [22m[2mAudio Player
[22m[39m[UnitContext] Fetching unit data for id: audio-player-story-unit
[90mstdout[2m | src/components/Editor3/components/EditorComponents.stories.jsx[2m > [22m[2mAudio Player
[22m[39m[FilesContext] Initializing vector store from IndexedDB
[90mstdout[2m | src/components/Editor3/components/EditorComponents.stories.jsx[2m > [22m[2mAudio Player
[22m[39m[FilesContext] fetchFiles called
[90mstdout[2m | src/components/Editor3/components/EditorComponents.stories.jsx[2m > [22m[2mAudio Player
[22m[39m[FilesContext] User authenticated: mock-user-sub
[90mstdout[2m | src/components/Editor3/components/EditorComponents.stories.jsx[2m > [22m[2mAudio Player
[22m[39m[FilesContext] Identity ID: us-east-1:mock-identity-123
[90mstdout[2m | src/components/Editor3/components/EditorComponents.stories.jsx[2m > [22m[2mAudio Player
[22m[39m[FilesContext] About to set up File observeQuery
[90mstdout[2m | src/components/Editor3/components/EditorComponents.stories.jsx[2m > [22m[2mAudio Player
[22m[39m[ChatContext] Setting up AssistantChat observeQuery
[90mstdout[2m | src/components/Editor3/components/EditorComponents.stories.jsx[2m > [22m[2mAudio Player
[22m[39m[ChatContext] Waiting for subscription to initialize
[90mstdout[2m | src/components/Editor3/components/EditorComponents.stories.jsx[2m > [22m[2mAudio Player
[22m[39m[SettingsContext] Setting up Settings subscription for user: mock-user-sub
[90mstdout[2m | src/components/Editor3/components/EditorComponents.stories.jsx[2m > [22m[2mAudio Player
[22m[39m[Mock Data] Settings created: mock-settings-1790418626878 - notified 0 subscribers
[90mstdout[2m | src/components/Editor3/components/EditorComponents.stories.jsx[2m > [22m[2mAudio Player
[22m[39m[Mock Data] Unit.onUpdate() subscription added. Total: 1
[90mstdout[2m | src/components/Editor3/components/EditorComponents.stories.jsx[2m > [22m[2mAudio Player
[22m[39mMock Cache.getItem called with: getCachedUrl_/story-mocks/cinematic-designed-sci-fi-whoosh-transition-nexawave-228295.mp3
[90mstdout[2m | src/components/Editor3/components/EditorComponents.stories.jsx[2m > [22m[2mAudio Player
[22m[39mMock getUrl called with: /story-mocks/cinematic-designed-sci-fi-whoosh-transition-nexawave-228295.mp3
[90mstdout[2m | src/components/Editor3/components/EditorComponents.stories.jsx[2m > [22m[2mAudio Player
[22m[39mMock Cache.setItem called with: getCachedUrl_/story-mocks/cinematic-designed-sci-fi-whoosh-transition-nexawave-228295.mp3 /story-mocks/cinematic-designed-sci-fi-whoosh-transition-nexawave-228295.mp3
[90mstdout[2m | src/components/Editor3/components/EditorComponents.stories.jsx[2m > [22m[2mAudio Player
[22m[39m[SectionContext] Section observeQuery update: 0
[90mstdout[2m | src/components/Editor3/components/EditorComponents.stories.jsx[2m > [22m[2mAudio Player
[22m[39m[FilesContext] File observeQuery update: 1 files
[90mstdout[2m | src/components/Editor3/components/EditorComponents.stories.jsx[2m > [22m[2mAudio Player
[22m[39m[ChatContext] AssistantChat initialized with 0 chats
[90mstdout[2m | src/components/Editor3/components/EditorComponents.stories.jsx[2m > [22m[2mAudio Player
[22m[39m[MOCK CourseVectorStore] Initialized with mock data
[90mstdout[2m | src/components/Editor3/components/EditorComponents.stories.jsx[2m > [22m[2mAudio Player
[22m[39m[FilesContext] Vector store population triggered {
  "currentVectorStoreSize": 3,
  "documentsCount": 0,
  "filesCount": 1,
  "isInitialLoad": true,
}
[90mstdout[2m | src/components/Editor3/components/EditorComponents.stories.jsx[2m > [22m[2mAudio Player
[22m[39m[FilesContext] Vector store population complete - 3 total embeddings
[90mstdout[2m | src/components/Editor3/components/EditorComponents.stories.jsx[2m > [22m[2mAudio Player
[22m[39m[ChatContext] No current chat available, will create one
[90mstdout[2m | src/components/Editor3/components/EditorComponents.stories.jsx[2m > [22m[2mAudio Player
[22m[39m[ChatContext] Creating AssistantChat with user: undefined
[90mstdout[2m | src/components/Editor3/components/EditorComponents.stories.jsx[2m > [22m[2mAudio Player
[22m[39m[Mock Data] AssistantChat created: mock-assistantchat-1790418626972 - notified 1 subscribers
[90mstdout[2m | src/components/Editor3/components/EditorComponents.stories.jsx[2m > [22m[2mAudio Player
[22m[39m[ChatContext] Create result: {
  "data": {
    "_version": 1,
    "archived": false,
    "chatFiles": [Function anonymous],
    "createdAt": "2026-09-26T10:30:26.972Z",
    "id": "mock-assistantchat-1790418626972",
    "model": "gpt-4",
    "updatedAt": "2026-09-26T10:30:26.972Z",
  },
  "errors": [],
  "hasData": true,
  "hasErrors": true,
}
[90mstdout[2m | src/components/Editor3/components/EditorComponents.stories.jsx[2m > [22m[2mAudio Player
[22m[39m[ChatContext] Created AssistantChat: mock-assistantchat-1790418626972 at: 2026-09-26T10:30:26.972Z
[90mstdout[2m | src/components/Editor3/components/EditorComponents.stories.jsx[2m > [22m[2mAudio Player
[22m[39m[Mock Storage] downloadData called with: undefined
[90mstdout[2m | src/components/Editor3/components/EditorComponents.stories.jsx[2m > [22m[2mAudio Player
[22m[39m[ChatContext] Setting initial chat: mock-assistantchat-1790418626972
[90mstdout[2m | src/components/Editor3/components/EditorComponents.stories.jsx[2m > [22m[2mAudio Player
[22m[39m[ChatContext] Chat exists and not archived, skipping creation
[90mstdout[2m | src/components/Editor3/components/EditorComponents.stories.jsx[2m > [22m[2mAudio Player Long Whoosh
[22m[39m[ChatContext] Cleaning up subscriptions
[90mstdout[2m | src/components/Editor3/components/EditorComponents.stories.jsx[2m > [22m[2mAudio Player Long Whoosh
[22m[39m[Mock Data] Unit.onUpdate() subscription removed. Remaining: 0
[90mstdout[2m | src/components/Editor3/components/EditorComponents.stories.jsx[2m > [22m[2mAudio Player Long Whoosh
[22m[39m[Preview] Skipped initializing default mock data (initializeMockData=false)
[90mstdout[2m | src/components/Editor3/components/EditorComponents.stories.jsx[2m > [22m[2mAudio Player Long Whoosh
[22m[39m[Mock Data] seedMockUnit: Adding unit audio-long-whoosh-story-unit
[90mstdout[2m | src/components/Editor3/components/EditorComponents.stories.jsx[2m > [22m[2mAudio Player Long Whoosh
[22m[39m[Mock Data] Adding 1 items to UnitFile
[90mstdout[2m | src/components/Editor3/components/EditorComponents.stories.jsx[2m > [22m[2mAudio Player Long Whoosh
[22m[39m[MOCK CourseVectorStore] Initialized with mock data
[90mstdout[2m | src/components/Editor3/components/EditorComponents.stories.jsx[2m > [22m[2mAudio Player Long Whoosh
[22m[39m[TranslationModeController] Setting mode to: off
[90mstdout[2m | src/components/Editor3/components/EditorComponents.stories.jsx[2m > [22m[2mAudio Player Long Whoosh
[22m[39m[UnitContext] useEffect triggered {
  "authLoading": false,
  "hasUser": true,
  "id": "audio-long-whoosh-story-unit",
  "userSub": "mock-user-sub",
}
[90mstdout[2m | src/components/Editor3/components/EditorComponents.stories.jsx[2m > [22m[2mAudio Player Long Whoosh
[22m[39m[UnitContext] Fetching unit data for id: audio-long-whoosh-story-unit
[90mstdout[2m | src/components/Editor3/components/EditorComponents.stories.jsx[2m > [22m[2mAudio Player Long Whoosh
[22m[39m[FilesContext] Initializing vector store from IndexedDB
[90mstdout[2m | src/components/Editor3/components/EditorComponents.stories.jsx[2m > [22m[2mAudio Player Long Whoosh
[22m[39m[FilesContext] fetchFiles called
[90mstdout[2m | src/components/Editor3/components/EditorComponents.stories.jsx[2m > [22m[2mAudio Player Long Whoosh
[22m[39m[FilesContext] User authenticated: mock-user-sub
[90mstdout[2m | src/components/Editor3/components/EditorComponents.stories.jsx[2m > [22m[2mAudio Player Long Whoosh
[22m[39m[FilesContext] Identity ID: us-east-1:mock-identity-123
[90mstdout[2m | src/components/Editor3/components/EditorComponents.stories.jsx[2m > [22m[2mAudio Player Long Whoosh
[22m[39m[FilesContext] About to set up File observeQuery
[90mstdout[2m | src/components/Editor3/components/EditorComponents.stories.jsx[2m > [22m[2mAudio Player Long Whoosh
[22m[39m[ChatContext] Setting up AssistantChat observeQuery
[90mstdout[2m | src/components/Editor3/components/EditorComponents.stories.jsx[2m > [22m[2mAudio Player Long Whoosh
[22m[39m[ChatContext] Waiting for subscription to initialize
[90mstdout[2m | src/components/Editor3/components/EditorComponents.stories.jsx[2m > [22m[2mAudio Player Long Whoosh
[22m[39m[SettingsContext] Setting up Settings subscription for user: mock-user-sub
[90mstdout[2m | src/components/Editor3/components/EditorComponents.stories.jsx[2m > [22m[2mAudio Player Long Whoosh
[22m[39m[Mock Data] Settings created: mock-settings-1790418627322 - notified 0 subscribers
[90mstdout[2m | src/components/Editor3/components/EditorComponents.stories.jsx[2m > [22m[2mAudio Player Long Whoosh
[22m[39m[Mock Data] Unit.onUpdate() subscription added. Total: 1
[90mstdout[2m | src/components/Editor3/components/EditorComponents.stories.jsx[2m > [22m[2mAudio Player Long Whoosh
[22m[39mMock Cache.getItem called with: getCachedUrl_/story-mocks/descent-whoosh-long-cinematic-sound-effect-405921.mp3
[90mstdout[2m | src/components/Editor3/components/EditorComponents.stories.jsx[2m > [22m[2mAudio Player Long Whoosh
[22m[39mMock getUrl called with: /story-mocks/descent-whoosh-long-cinematic-sound-effect-405921.mp3
[90mstdout[2m | src/components/Editor3/components/EditorComponents.stories.jsx[2m > [22m[2mAudio Player Long Whoosh
[22m[39mMock Cache.setItem called with: getCachedUrl_/story-mocks/descent-whoosh-long-cinematic-sound-effect-405921.mp3 /story-mocks/descent-whoosh-long-cinematic-sound-effect-405921.mp3
[90mstdout[2m | src/components/Editor3/components/EditorComponents.stories.jsx[2m > [22m[2mAudio Player Long Whoosh
[22m[39m[SectionContext] Section observeQuery update: 0
[90mstdout[2m | src/components/Editor3/components/EditorComponents.stories.jsx[2m > [22m[2mAudio Player Long Whoosh
[22m[39m[FilesContext] File observeQuery update: 1 files
[90mstdout[2m | src/components/Editor3/components/EditorComponents.stories.jsx[2m > [22m[2mAudio Player Long Whoosh
[22m[39m[ChatContext] AssistantChat initialized with 0 chats
[90mstdout[2m | src/components/Editor3/components/EditorComponents.stories.jsx[2m > [22m[2mAudio Player Long Whoosh
[22m[39m[MOCK CourseVectorStore] Initialized with mock data
[90mstdout[2m | src/components/Editor3/components/EditorComponents.stories.jsx[2m > [22m[2mAudio Player Long Whoosh
[22m[39m[FilesContext] Vector store population triggered {
  "currentVectorStoreSize": 3,
  "documentsCount": 0,
  "filesCount": 1,
  "isInitialLoad": true,
}
[90mstdout[2m | src/components/Editor3/components/EditorComponents.stories.jsx[2m > [22m[2mAudio Player Long Whoosh
[22m[39m[FilesContext] Vector store population complete - 3 total embeddings
[90mstdout[2m | src/components/Editor3/components/EditorComponents.stories.jsx[2m > [22m[2mAudio Player Long Whoosh
[22m[39m[ChatContext] No current chat available, will create one
[90mstdout[2m | src/components/Editor3/components/EditorComponents.stories.jsx[2m > [22m[2mAudio Player Long Whoosh
[22m[39m[ChatContext] Creating AssistantChat with user: undefined
[90mstdout[2m | src/components/Editor3/components/EditorComponents.stories.jsx[2m > [22m[2mAudio Player Long Whoosh
[22m[39m[Mock Data] AssistantChat created: mock-assistantchat-1790418627412 - notified 1 subscribers
[90mstdout[2m | src/components/Editor3/components/EditorComponents.stories.jsx[2m > [22m[2mAudio Player Long Whoosh
[22m[39m[ChatContext] Create result: {
  "data": {
    "_version": 1,
    "archived": false,
    "chatFiles": [Function anonymous],
    "createdAt": "2026-09-26T10:30:27.412Z",
    "id": "mock-assistantchat-1790418627412",
    "model": "gpt-4",
    "updatedAt": "2026-09-26T10:30:27.412Z",
  },
  "errors": [],
  "hasData": true,
  "hasErrors": true,
}
[90mstdout[2m | src/components/Editor3/components/EditorComponents.stories.jsx[2m > [22m[2mAudio Player Long Whoosh
[22m[39m[ChatContext] Created AssistantChat: mock-assistantchat-1790418627412 at: 2026-09-26T10:30:27.412Z
[90mstdout[2m | src/components/Editor3/components/EditorComponents.stories.jsx[2m > [22m[2mAudio Player Long Whoosh
[22m[39m[Mock Storage] downloadData called with: undefined
[90mstdout[2m | src/components/Editor3/components/EditorComponents.stories.jsx[2m > [22m[2mAudio Player Long Whoosh
[22m[39m[ChatContext] Setting initial chat: mock-assistantchat-1790418627412
[90mstdout[2m | src/components/Editor3/components/EditorComponents.stories.jsx[2m > [22m[2mAudio Player Long Whoosh
[22m[39m[ChatContext] Chat exists and not archived, skipping creation
[90mstdout[2m | src/components/Editor3/components/EditorComponents.stories.jsx[2m > [22m[2mAudio Compact Recorder
[22m[39m[ChatContext] Cleaning up subscriptions
[90mstdout[2m | src/components/Editor3/components/EditorComponents.stories.jsx[2m > [22m[2mAudio Compact Recorder
[22m[39m[Mock Data] Unit.onUpdate() subscription removed. Remaining: 0
[90mstdout[2m | src/components/Editor3/components/EditorComponents.stories.jsx[2m > [22m[2mAudio Compact Recorder
[22m[39m[Preview] Skipped initializing default mock data (initializeMockData=false)
[90mstdout[2m | src/components/Editor3/components/EditorComponents.stories.jsx[2m > [22m[2mAudio Compact Recorder
[22m[39m[Mock Data] seedMockUnit: Adding unit audio-long-whoosh-story-unit
[90mstdout[2m | src/components/Editor3/components/EditorComponents.stories.jsx[2m > [22m[2mAudio Compact Recorder
[22m[39m[Mock Data] Adding 1 items to UnitFile
[90mstdout[2m | src/components/Editor3/components/EditorComponents.stories.jsx[2m > [22m[2mAudio Compact Recorder
[22m[39m[MOCK CourseVectorStore] Initialized with mock data
[90mstdout[2m | src/components/Editor3/components/EditorComponents.stories.jsx[2m > [22m[2mAudio Compact Recorder
[22m[39m[TranslationModeController] Setting mode to: off
[90mstdout[2m | src/components/Editor3/components/EditorComponents.stories.jsx[2m > [22m[2mAudio Compact Recorder
[22m[39m[UnitContext] useEffect triggered {
  "authLoading": false,
  "hasUser": true,
  "id": "audio-long-whoosh-story-unit",
  "userSub": "mock-user-sub",
}
[90mstdout[2m | src/components/Editor3/components/EditorComponents.stories.jsx[2m > [22m[2mAudio Compact Recorder
[22m[39m[UnitContext] Fetching unit data for id: audio-long-whoosh-story-unit
[90mstdout[2m | src/components/Editor3/components/EditorComponents.stories.jsx[2m > [22m[2mAudio Compact Recorder
[22m[39m[FilesContext] Initializing vector store from IndexedDB
[90mstdout[2m | src/components/Editor3/components/EditorComponents.stories.jsx[2m > [22m[2mAudio Compact Recorder
[22m[39m[FilesContext] fetchFiles called
[90mstdout[2m | src/components/Editor3/components/EditorComponents.stories.jsx[2m > [22m[2mAudio Compact Recorder
[22m[39m[FilesContext] User authenticated: mock-user-sub
[90mstdout[2m | src/components/Editor3/components/EditorComponents.stories.jsx[2m > [22m[2mAudio Compact Recorder
[22m[39m[FilesContext] Identity ID: us-east-1:mock-identity-123
[90mstdout[2m | src/components/Editor3/components/EditorComponents.stories.jsx[2m > [22m[2mAudio Compact Recorder
[22m[39m[FilesContext] About to set up File observeQuery
[90mstdout[2m | src/components/Editor3/components/EditorComponents.stories.jsx[2m > [22m[2mAudio Compact Recorder
[22m[39m[ChatContext] Setting up AssistantChat observeQuery
[90mstdout[2m | src/components/Editor3/components/EditorComponents.stories.jsx[2m > [22m[2mAudio Compact Recorder
[22m[39m[ChatContext] Waiting for subscription to initialize
[90mstdout[2m | src/components/Editor3/components/EditorComponents.stories.jsx[2m > [22m[2mAudio Compact Recorder
[22m[39m[SettingsContext] Setting up Settings subscription for user: mock-user-sub
[90mstdout[2m | src/components/Editor3/components/EditorComponents.stories.jsx[2m > [22m[2mAudio Compact Recorder
[22m[39m[Mock Data] Settings created: mock-settings-1790418627743 - notified 0 subscribers
[90mstdout[2m | src/components/Editor3/components/EditorComponents.stories.jsx[2m > [22m[2mAudio Compact Recorder
[22m[39m[Mock Data] Unit.onUpdate() subscription added. Total: 1
[90mstdout[2m | src/components/Editor3/components/EditorComponents.stories.jsx[2m > [22m[2mAudio Compact Recorder
[22m[39mMock Cache.getItem called with: getCachedUrl_/story-mocks/descent-whoosh-long-cinematic-sound-effect-405921.mp3
[90mstdout[2m | src/components/Editor3/components/EditorComponents.stories.jsx[2m > [22m[2mAudio Compact Recorder
[22m[39mMock getUrl called with: /story-mocks/descent-whoosh-long-cinematic-sound-effect-405921.mp3
[90mstdout[2m | src/components/Editor3/components/EditorComponents.stories.jsx[2m > [22m[2mAudio Compact Recorder
[22m[39mMock Cache.setItem called with: getCachedUrl_/story-mocks/descent-whoosh-long-cinematic-sound-effect-405921.mp3 /story-mocks/descent-whoosh-long-cinematic-sound-effect-405921.mp3
[90mstdout[2m | src/components/Editor3/components/EditorComponents.stories.jsx[2m > [22m[2mAudio Compact Recorder
[22m[39m[SectionContext] Section observeQuery update: 0
[90mstdout[2m | src/components/Editor3/components/EditorComponents.stories.jsx[2m > [22m[2mAudio Compact Recorder
[22m[39m[FilesContext] File observeQuery update: 1 files
[90mstdout[2m | src/components/Editor3/components/EditorComponents.stories.jsx[2m > [22m[2mAudio Compact Recorder
[22m[39m[ChatContext] AssistantChat initialized with 0 chats
[90mstdout[2m | src/components/Editor3/components/EditorComponents.stories.jsx[2m > [22m[2mAudio Compact Recorder
[22m[39m[MOCK CourseVectorStore] Initialized with mock data
[90mstdout[2m | src/components/Editor3/components/EditorComponents.stories.jsx[2m > [22m[2mAudio Compact Recorder
[22m[39m[AudioPlayerContext] Loading new source: /story-mocks/descent-whoosh-long-cinematic-sound-e...
[90mstdout[2m | src/components/Editor3/components/EditorComponents.stories.jsx[2m > [22m[2mAudio Compact Recorder
[22m[39m[FilesContext] Vector store population triggered {
  "currentVectorStoreSize": 3,
  "documentsCount": 0,
  "filesCount": 1,
  "isInitialLoad": true,
}
[90mstdout[2m | src/components/Editor3/components/EditorComponents.stories.jsx[2m > [22m[2mAudio Compact Recorder
[22m[39m[FilesContext] Vector store population complete - 3 total embeddings
[90mstdout[2m | src/components/Editor3/components/EditorComponents.stories.jsx[2m > [22m[2mAudio Compact Recorder
[22m[39m[ChatContext] No current chat available, will create one
[90mstdout[2m | src/components/Editor3/components/EditorComponents.stories.jsx[2m > [22m[2mAudio Compact Recorder
[22m[39m[ChatContext] Creating AssistantChat with user: undefined
[90mstdout[2m | src/components/Editor3/components/EditorComponents.stories.jsx[2m > [22m[2mAudio Compact Recorder
[22m[39m[Mock Data] AssistantChat created: mock-assistantchat-1790418627800 - notified 1 subscribers
[90mstdout[2m | src/components/Editor3/components/EditorComponents.stories.jsx[2m > [22m[2mAudio Compact Recorder
[22m[39m[ChatContext] Create result: {
  "data": {
    "_version": 1,
    "archived": false,
    "chatFiles": [Function anonymous],
    "createdAt": "2026-09-26T10:30:27.800Z",
    "id": "mock-assistantchat-1790418627800",
    "model": "gpt-4",
    "updatedAt": "2026-09-26T10:30:27.800Z",
  },
  "errors": [],
  "hasData": true,
  "hasErrors": true,
}
[90mstdout[2m | src/components/Editor3/components/EditorComponents.stories.jsx[2m > [22m[2mAudio Compact Recorder
[22m[39m[ChatContext] Created AssistantChat: mock-assistantchat-1790418627800 at: 2026-09-26T10:30:27.800Z
[90mstdout[2m | src/components/Editor3/components/EditorComponents.stories.jsx[2m > [22m[2mAudio Compact Recorder
[22m[39m[Mock Storage] downloadData called with: undefined
[90mstdout[2m | src/components/Editor3/components/EditorComponents.stories.jsx[2m > [22m[2mAudio Compact Recorder
[22m[39m[ChatContext] Setting initial chat: mock-assistantchat-1790418627800
[90mstdout[2m | src/components/Editor3/components/EditorComponents.stories.jsx[2m > [22m[2mAudio Compact Recorder
[22m[39m[ChatContext] Chat exists and not archived, skipping creation
[90mstdout[2m | src/components/Editor3/components/EditorComponents.stories.jsx[2m > [22m[2mAudio Player SFX
[22m[39m[ChatContext] Cleaning up subscriptions
[90mstdout[2m | src/components/Editor3/components/EditorComponents.stories.jsx[2m > [22m[2mAudio Player SFX
[22m[39m[Mock Data] Unit.onUpdate() subscription removed. Remaining: 0
[90mstdout[2m | src/components/Editor3/components/EditorComponents.stories.jsx[2m > [22m[2mAudio Player SFX
[22m[39m[Preview] Skipped initializing default mock data (initializeMockData=false)
[90mstdout[2m | src/components/Editor3/components/EditorComponents.stories.jsx[2m > [22m[2mAudio Player SFX
[22m[39m[Mock Data] seedMockUnit: Adding unit audio-sfx-story-unit
[90mstdout[2m | src/components/Editor3/components/EditorComponents.stories.jsx[2m > [22m[2mAudio Player SFX
[22m[39m[Mock Data] Adding 1 items to UnitFile
[90mstdout[2m | src/components/Editor3/components/EditorComponents.stories.jsx[2m > [22m[2mAudio Player SFX
[22m[39m[MOCK CourseVectorStore] Initialized with mock data
[90mstdout[2m | src/components/Editor3/components/EditorComponents.stories.jsx[2m > [22m[2mAudio Player SFX
[22m[39m[TranslationModeController] Setting mode to: off
[90mstdout[2m | src/components/Editor3/components/EditorComponents.stories.jsx[2m > [22m[2mAudio Player SFX
[22m[39m[UnitContext] useEffect triggered {
  "authLoading": false,
  "hasUser": true,
  "id": "audio-sfx-story-unit",
  "userSub": "mock-user-sub",
}
[90mstdout[2m | src/components/Editor3/components/EditorComponents.stories.jsx[2m > [22m[2mAudio Player SFX
[22m[39m[UnitContext] Fetching unit data for id: audio-sfx-story-unit
[90mstdout[2m | src/components/Editor3/components/EditorComponents.stories.jsx[2m > [22m[2mAudio Player SFX
[22m[39m[FilesContext] Initializing vector store from IndexedDB
[90mstdout[2m | src/components/Editor3/components/EditorComponents.stories.jsx[2m > [22m[2mAudio Player SFX
[22m[39m[FilesContext] fetchFiles called
[90mstdout[2m | src/components/Editor3/components/EditorComponents.stories.jsx[2m > [22m[2mAudio Player SFX
[22m[39m[FilesContext] User authenticated: mock-user-sub
[90mstdout[2m | src/components/Editor3/components/EditorComponents.stories.jsx[2m > [22m[2mAudio Player SFX
[22m[39m[FilesContext] Identity ID: us-east-1:mock-identity-123
[90mstdout[2m | src/components/Editor3/components/EditorComponents.stories.jsx[2m > [22m[2mAudio Player SFX
[22m[39m[FilesContext] About to set up File observeQuery
[90mstdout[2m | src/components/Editor3/components/EditorComponents.stories.jsx[2m > [22m[2mAudio Player SFX
[22m[39m[ChatContext] Setting up AssistantChat observeQuery
[90mstdout[2m | src/components/Editor3/components/EditorComponents.stories.jsx[2m > [22m[2mAudio Player SFX
[22m[39m[ChatContext] Waiting for subscription to initialize
[90mstdout[2m | src/components/Editor3/components/EditorComponents.stories.jsx[2m > [22m[2mAudio Player SFX
[22m[39m[SettingsContext] Setting up Settings subscription for user: mock-user-sub
[90mstdout[2m | src/components/Editor3/components/EditorComponents.stories.jsx[2m > [22m[2mAudio Player SFX
[22m[39m[Mock Data] Settings created: mock-settings-1790418628009 - notified 0 subscribers
[90mstdout[2m | src/components/Editor3/components/EditorComponents.stories.jsx[2m > [22m[2mAudio Player SFX
[22m[39m[Mock Data] Unit.onUpdate() subscription added. Total: 1
[90mstdout[2m | src/components/Editor3/components/EditorComponents.stories.jsx[2m > [22m[2mAudio Player SFX
[22m[39mMock Cache.getItem called with: getCachedUrl_/story-mocks/sound-design-elements-sfx-ps-022-302865.mp3
[90mstdout[2m | src/components/Editor3/components/EditorComponents.stories.jsx[2m > [22m[2mAudio Player SFX
[22m[39mMock getUrl called with: /story-mocks/sound-design-elements-sfx-ps-022-302865.mp3
[90mstdout[2m | src/components/Editor3/components/EditorComponents.stories.jsx[2m > [22m[2mAudio Player SFX
[22m[39mMock Cache.setItem called with: getCachedUrl_/story-mocks/sound-design-elements-sfx-ps-022-302865.mp3 /story-mocks/sound-design-elements-sfx-ps-022-302865.mp3
[90mstdout[2m | src/components/Editor3/components/EditorComponents.stories.jsx[2m > [22m[2mAudio Player SFX
[22m[39m[SectionContext] Section observeQuery update: 0
[90mstdout[2m | src/components/Editor3/components/EditorComponents.stories.jsx[2m > [22m[2mAudio Player SFX
[22m[39m[FilesContext] File observeQuery update: 1 files
[90mstdout[2m | src/components/Editor3/components/EditorComponents.stories.jsx[2m > [22m[2mAudio Player SFX
[22m[39m[ChatContext] AssistantChat initialized with 0 chats
[90mstdout[2m | src/components/Editor3/components/EditorComponents.stories.jsx[2m > [22m[2mAudio Player SFX
[22m[39m[MOCK CourseVectorStore] Initialized with mock data
[90mstdout[2m | src/components/Editor3/components/EditorComponents.stories.jsx[2m > [22m[2mAudio Player SFX
[22m[39m[FilesContext] Vector store population triggered {
  "currentVectorStoreSize": 3,
  "documentsCount": 0,
  "filesCount": 1,
  "isInitialLoad": true,
}
[90mstdout[2m | src/components/Editor3/components/EditorComponents.stories.jsx[2m > [22m[2mAudio Player SFX
[22m[39m[FilesContext] Vector store population complete - 3 total embeddings
[90mstdout[2m | src/components/Editor3/components/EditorComponents.stories.jsx[2m > [22m[2mAudio Player SFX
[22m[39m[ChatContext] No current chat available, will create one
[90mstdout[2m | src/components/Editor3/components/EditorComponents.stories.jsx[2m > [22m[2mAudio Player SFX
[22m[39m[ChatContext] Creating AssistantChat with user: undefined
[90mstdout[2m | src/components/Editor3/components/EditorComponents.stories.jsx[2m > [22m[2mAudio Player SFX
[22m[39m[Mock Data] AssistantChat created: mock-assistantchat-1790418628077 - notified 1 subscribers
[90mstdout[2m | src/components/Editor3/components/EditorComponents.stories.jsx[2m > [22m[2mAudio Player SFX
[22m[39m[ChatContext] Create result: {
  "data": {
    "_version": 1,
    "archived": false,
    "chatFiles": [Function anonymous],
    "createdAt": "2026-09-26T10:30:28.077Z",
    "id": "mock-assistantchat-1790418628077",
    "model": "gpt-4",
    "updatedAt": "2026-09-26T10:30:28.077Z",
  },
  "errors": [],
  "hasData": true,
  "hasErrors": true,
}
[90mstdout[2m | src/components/Editor3/components/EditorComponents.stories.jsx[2m > [22m[2mAudio Player SFX
[22m[39m[ChatContext] Created AssistantChat: mock-assistantchat-1790418628077 at: 2026-09-26T10:30:28.077Z
[90mstdout[2m | src/components/Editor3/components/EditorComponents.stories.jsx[2m > [22m[2mAudio Player SFX
[22m[39m[Mock Storage] downloadData called with: undefined
[90mstdout[2m | src/components/Editor3/components/EditorComponents.stories.jsx[2m > [22m[2mAudio Player SFX
[22m[39m[ChatContext] Setting initial chat: mock-assistantchat-1790418628077
[90mstdout[2m | src/components/Editor3/components/EditorComponents.stories.jsx[2m > [22m[2mAudio Player SFX
[22m[39m[ChatContext] Chat exists and not archived, skipping creation
[90mstdout[2m | src/components/Editor3/components/EditorComponents.stories.jsx[2m > [22m[2mVideo Player Component
[22m[39m[ChatContext] Cleaning up subscriptions
[90mstdout[2m | src/components/Editor3/components/EditorComponents.stories.jsx[2m > [22m[2mVideo Player Component
[22m[39m[Mock Data] Unit.onUpdate() subscription removed. Remaining: 0
[90mstdout[2m | src/components/Editor3/components/EditorComponents.stories.jsx[2m > [22m[2mVideo Player Component
[22m[39m[Preview] Skipped initializing default mock data (initializeMockData=false)
[90mstdout[2m | src/components/Editor3/components/EditorComponents.stories.jsx[2m > [22m[2mVideo Player Component
[22m[39m[Mock Data] seedMockUnit: Adding unit video-player-story-unit
[90mstdout[2m | src/components/Editor3/components/EditorComponents.stories.jsx[2m > [22m[2mVideo Player Component
[22m[39m[Mock Data] Adding 1 items to UnitFile
[90mstdout[2m | src/components/Editor3/components/EditorComponents.stories.jsx[2m > [22m[2mVideo Player Component
[22m[39m[MOCK CourseVectorStore] Initialized with mock data
[90mstdout[2m | src/components/Editor3/components/EditorComponents.stories.jsx[2m > [22m[2mVideo Player Component
[22m[39m[TranslationModeController] Setting mode to: off
[90mstdout[2m | src/components/Editor3/components/EditorComponents.stories.jsx[2m > [22m[2mVideo Player Component
[22m[39m[UnitContext] useEffect triggered {
  "authLoading": false,
  "hasUser": true,
  "id": "video-player-story-unit",
  "userSub": "mock-user-sub",
}
[90mstdout[2m | src/components/Editor3/components/EditorComponents.stories.jsx[2m > [22m[2mVideo Player Component
[22m[39m[UnitContext] Fetching unit data for id: video-player-story-unit
[90mstdout[2m | src/components/Editor3/components/EditorComponents.stories.jsx[2m > [22m[2mVideo Player Component
[22m[39m[FilesContext] Initializing vector store from IndexedDB
[90mstdout[2m | src/components/Editor3/components/EditorComponents.stories.jsx[2m > [22m[2mVideo Player Component
[22m[39m[FilesContext] fetchFiles called
[90mstdout[2m | src/components/Editor3/components/EditorComponents.stories.jsx[2m > [22m[2mVideo Player Component
[22m[39m[FilesContext] User authenticated: mock-user-sub
[90mstdout[2m | src/components/Editor3/components/EditorComponents.stories.jsx[2m > [22m[2mVideo Player Component
[22m[39m[FilesContext] Identity ID: us-east-1:mock-identity-123
[90mstdout[2m | src/components/Editor3/components/EditorComponents.stories.jsx[2m > [22m[2mVideo Player Component
[22m[39m[FilesContext] About to set up File observeQuery
[90mstdout[2m | src/components/Editor3/components/EditorComponents.stories.jsx[2m > [22m[2mVideo Player Component
[22m[39m[ChatContext] Setting up AssistantChat observeQuery
[90mstdout[2m | src/components/Editor3/components/EditorComponents.stories.jsx[2m > [22m[2mVideo Player Component
[22m[39m[ChatContext] Waiting for subscription to initialize
[90mstdout[2m | src/components/Editor3/components/EditorComponents.stories.jsx[2m > [22m[2mVideo Player Component
[22m[39m[SettingsContext] Setting up Settings subscription for user: mock-user-sub
[90mstdout[2m | src/components/Editor3/components/EditorComponents.stories.jsx[2m > [22m[2mVideo Player Component
[22m[39m[Mock Data] Settings created: mock-settings-1790418628410 - notified 0 subscribers
[90mstdout[2m | src/components/Editor3/components/EditorComponents.stories.jsx[2m > [22m[2mVideo Player Component
[22m[39m[Mock Data] Unit.onUpdate() subscription added. Total: 1
[90mstdout[2m | src/components/Editor3/components/EditorComponents.stories.jsx[2m > [22m[2mVideo Player Component
[22m[39mMock Cache.getItem called with: getCachedUrl_/story-mocks/326739_medium.mp4
[90mstdout[2m | src/components/Editor3/components/EditorComponents.stories.jsx[2m > [22m[2mVideo Player Component
[22m[39mMock getUrl called with: /story-mocks/326739_medium.mp4
[90mstdout[2m | src/components/Editor3/components/EditorComponents.stories.jsx[2m > [22m[2mVideo Player Component
[22m[39mMock Cache.setItem called with: getCachedUrl_/story-mocks/326739_medium.mp4 /story-mocks/326739_medium.mp4
[90mstdout[2m | src/components/Editor3/components/EditorComponents.stories.jsx[2m > [22m[2mVideo Player Component
[22m[39m[SectionContext] Section observeQuery update: 0
[90mstdout[2m | src/components/Editor3/components/EditorComponents.stories.jsx[2m > [22m[2mVideo Player Component
[22m[39m[FilesContext] File observeQuery update: 1 files
[90mstdout[2m | src/components/Editor3/components/EditorComponents.stories.jsx[2m > [22m[2mVideo Player Component
[22m[39m[ChatContext] AssistantChat initialized with 0 chats
[90mstdout[2m | src/components/Editor3/components/EditorComponents.stories.jsx[2m > [22m[2mVideo Player Component
[22m[39m[MOCK CourseVectorStore] Initialized with mock data
[90mstdout[2m | src/components/Editor3/components/EditorComponents.stories.jsx[2m > [22m[2mVideo Player Component
[22m[39m[FilesContext] Vector store population triggered {
  "currentVectorStoreSize": 3,
  "documentsCount": 0,
  "filesCount": 1,
  "isInitialLoad": true,
}
[90mstdout[2m | src/components/Editor3/components/EditorComponents.stories.jsx[2m > [22m[2mVideo Player Component
[22m[39m[FilesContext] Vector store population complete - 3 total embeddings
[90mstdout[2m | src/components/Editor3/components/EditorComponents.stories.jsx[2m > [22m[2mVideo Player Component
[22m[39m[ChatContext] No current chat available, will create one
[90mstdout[2m | src/components/Editor3/components/EditorComponents.stories.jsx[2m > [22m[2mVideo Player Component
[22m[39m[ChatContext] Creating AssistantChat with user: undefined
[90mstdout[2m | src/components/Editor3/components/EditorComponents.stories.jsx[2m > [22m[2mVideo Player Component
[22m[39m[Mock Data] AssistantChat created: mock-assistantchat-1790418628484 - notified 1 subscribers
[90mstdout[2m | src/components/Editor3/components/EditorComponents.stories.jsx[2m > [22m[2mVideo Player Component
[22m[39m[ChatContext] Create result: {
  "data": {
    "_version": 1,
    "archived": false,
    "chatFiles": [Function anonymous],
    "createdAt": "2026-09-26T10:30:28.484Z",
    "id": "mock-assistantchat-1790418628484",
    "model": "gpt-4",
    "updatedAt": "2026-09-26T10:30:28.484Z",
  },
  "errors": [],
  "hasData": true,
  "hasErrors": true,
}
[90mstdout[2m | src/components/Editor3/components/EditorComponents.stories.jsx[2m > [22m[2mVideo Player Component
[22m[39m[ChatContext] Created AssistantChat: mock-assistantchat-1790418628484 at: 2026-09-26T10:30:28.484Z
[90mstdout[2m | src/components/Editor3/components/EditorComponents.stories.jsx[2m > [22m[2mVideo Player Component
[22m[39m[Mock Storage] downloadData called with: undefined
[90mstdout[2m | src/components/Editor3/components/EditorComponents.stories.jsx[2m > [22m[2mVideo Player Component
[22m[39m[ChatContext] Setting initial chat: mock-assistantchat-1790418628484
[90mstdout[2m | src/components/Editor3/components/EditorComponents.stories.jsx[2m > [22m[2mVideo Player Component
[22m[39m[ChatContext] Chat exists and not archived, skipping creation
[90mstdout[2m | src/components/Editor3/components/EditorComponents.stories.jsx[2m > [22m[2mVideo With Audio Recording
[22m[39m[ChatContext] Cleaning up subscriptions
[90mstdout[2m | src/components/Editor3/components/EditorComponents.stories.jsx[2m > [22m[2mVideo With Audio Recording
[22m[39m[Mock Data] Unit.onUpdate() subscription removed. Remaining: 0
[90mstdout[2m | src/components/Editor3/components/EditorComponents.stories.jsx[2m > [22m[2mVideo With Audio Recording
[22m[39m[Preview] Skipped initializing default mock data (initializeMockData=false)
[90mstdout[2m | src/components/Editor3/components/EditorComponents.stories.jsx[2m > [22m[2mVideo With Audio Recording
[22m[39m[Mock Data] seedMockUnit: Adding unit video-recording-story-unit
[90mstdout[2m | src/components/Editor3/components/EditorComponents.stories.jsx[2m > [22m[2mVideo With Audio Recording
[22m[39m[Mock Data] Adding 1 items to UnitFile
[90mstdout[2m | src/components/Editor3/components/EditorComponents.stories.jsx[2m > [22m[2mVideo With Audio Recording
[22m[39m[MOCK CourseVectorStore] Initialized with mock data
[90mstdout[2m | src/components/Editor3/components/EditorComponents.stories.jsx[2m > [22m[2mVideo With Audio Recording
[22m[39m[TranslationModeController] Setting mode to: off
[90mstdout[2m | src/components/Editor3/components/EditorComponents.stories.jsx[2m > [22m[2mVideo With Audio Recording
[22m[39m[UnitContext] useEffect triggered {
  "authLoading": false,
  "hasUser": true,
  "id": "video-recording-story-unit",
  "userSub": "mock-user-sub",
}
[90mstdout[2m | src/components/Editor3/components/EditorComponents.stories.jsx[2m > [22m[2mVideo With Audio Recording
[22m[39m[UnitContext] Fetching unit data for id: video-recording-story-unit
[90mstdout[2m | src/components/Editor3/components/EditorComponents.stories.jsx[2m > [22m[2mVideo With Audio Recording
[22m[39m[FilesContext] Initializing vector store from IndexedDB
[90mstdout[2m | src/components/Editor3/components/EditorComponents.stories.jsx[2m > [22m[2mVideo With Audio Recording
[22m[39m[FilesContext] fetchFiles called
[90mstdout[2m | src/components/Editor3/components/EditorComponents.stories.jsx[2m > [22m[2mVideo With Audio Recording
[22m[39m[FilesContext] User authenticated: mock-user-sub
[90mstdout[2m | src/components/Editor3/components/EditorComponents.stories.jsx[2m > [22m[2mVideo With Audio Recording
[22m[39m[FilesContext] Identity ID: us-east-1:mock-identity-123
[90mstdout[2m | src/components/Editor3/components/EditorComponents.stories.jsx[2m > [22m[2mVideo With Audio Recording
[22m[39m[FilesContext] About to set up File observeQuery
[90mstdout[2m | src/components/Editor3/components/EditorComponents.stories.jsx[2m > [22m[2mVideo With Audio Recording
[22m[39m[ChatContext] Setting up AssistantChat observeQuery
[90mstdout[2m | src/components/Editor3/components/EditorComponents.stories.jsx[2m > [22m[2mVideo With Audio Recording
[22m[39m[ChatContext] Waiting for subscription to initialize
[90mstdout[2m | src/components/Editor3/components/EditorComponents.stories.jsx[2m > [22m[2mVideo With Audio Recording
[22m[39m[SettingsContext] Setting up Settings subscription for user: mock-user-sub
[90mstdout[2m | src/components/Editor3/components/EditorComponents.stories.jsx[2m > [22m[2mVideo With Audio Recording
[22m[39m[Mock Data] Settings created: mock-settings-1790418628809 - notified 0 subscribers
[90mstdout[2m | src/components/Editor3/components/EditorComponents.stories.jsx[2m > [22m[2mVideo With Audio Recording
[22m[39m[Mock Data] Unit.onUpdate() subscription added. Total: 1
[90mstdout[2m | src/components/Editor3/components/EditorComponents.stories.jsx[2m > [22m[2mVideo With Audio Recording
[22m[39mMock Cache.getItem called with: getCachedUrl_/story-mocks/326739_medium.mp4
[90mstdout[2m | src/components/Editor3/components/EditorComponents.stories.jsx[2m > [22m[2mVideo With Audio Recording
[22m[39mMock getUrl called with: /story-mocks/326739_medium.mp4
[90mstdout[2m | src/components/Editor3/components/EditorComponents.stories.jsx[2m > [22m[2mVideo With Audio Recording
[22m[39mMock Cache.setItem called with: getCachedUrl_/story-mocks/326739_medium.mp4 /story-mocks/326739_medium.mp4
[90mstdout[2m | src/components/Editor3/components/EditorComponents.stories.jsx[2m > [22m[2mVideo With Audio Recording
[22m[39m[SectionContext] Section observeQuery update: 0
[90mstdout[2m | src/components/Editor3/components/EditorComponents.stories.jsx[2m > [22m[2mVideo With Audio Recording
[22m[39m[FilesContext] File observeQuery update: 1 files
[90mstdout[2m | src/components/Editor3/components/EditorComponents.stories.jsx[2m > [22m[2mVideo With Audio Recording
[22m[39m[ChatContext] AssistantChat initialized with 0 chats
[90mstdout[2m | src/components/Editor3/components/EditorComponents.stories.jsx[2m > [22m[2mVideo With Audio Recording
[22m[39m[MOCK CourseVectorStore] Initialized with mock data
[90mstdout[2m | src/components/Editor3/components/EditorComponents.stories.jsx[2m > [22m[2mVideo With Audio Recording
[22m[39m[FilesContext] Vector store population triggered {
  "currentVectorStoreSize": 3,
  "documentsCount": 0,
  "filesCount": 1,
  "isInitialLoad": true,
}
[90mstdout[2m | src/components/Editor3/components/EditorComponents.stories.jsx[2m > [22m[2mVideo With Audio Recording
[22m[39m[FilesContext] Vector store population complete - 3 total embeddings
[90mstdout[2m | src/components/Editor3/components/EditorComponents.stories.jsx[2m > [22m[2mVideo With Audio Recording
[22m[39m[ChatContext] No current chat available, will create one
[90mstdout[2m | src/components/Editor3/components/EditorComponents.stories.jsx[2m > [22m[2mVideo With Audio Recording
[22m[39m[ChatContext] Creating AssistantChat with user: undefined
[90mstdout[2m | src/components/Editor3/components/EditorComponents.stories.jsx[2m > [22m[2mVideo With Audio Recording
[22m[39m[Mock Data] AssistantChat created: mock-assistantchat-1790418628895 - notified 1 subscribers
[90mstdout[2m | src/components/Editor3/components/EditorComponents.stories.jsx[2m > [22m[2mVideo With Audio Recording
[22m[39m[ChatContext] Create result: {
  "data": {
    "_version": 1,
    "archived": false,
    "chatFiles": [Function anonymous],
    "createdAt": "2026-09-26T10:30:28.895Z",
    "id": "mock-assistantchat-1790418628895",
    "model": "gpt-4",
    "updatedAt": "2026-09-26T10:30:28.895Z",
  },
  "errors": [],
  "hasData": true,
  "hasErrors": true,
}
[90mstdout[2m | src/components/Editor3/components/EditorComponents.stories.jsx[2m > [22m[2mVideo With Audio Recording
[22m[39m[ChatContext] Created AssistantChat: mock-assistantchat-1790418628895 at: 2026-09-26T10:30:28.895Z
[90mstdout[2m | src/components/Editor3/components/EditorComponents.stories.jsx[2m > [22m[2mVideo With Audio Recording
[22m[39m[Mock Storage] downloadData called with: undefined
[90mstdout[2m | src/components/Editor3/components/EditorComponents.stories.jsx[2m > [22m[2mVideo With Audio Recording
[22m[39m[ChatContext] Setting initial chat: mock-assistantchat-1790418628895
[90mstdout[2m | src/components/Editor3/components/EditorComponents.stories.jsx[2m > [22m[2mVideo With Audio Recording
[22m[39m[ChatContext] Chat exists and not archived, skipping creation
[90mstdout[2m | src/components/Editor3/components/EditorComponents.stories.jsx[2m > [22m[2mAudio Multiple Tracks
[22m[39m[ChatContext] Cleaning up subscriptions
[90mstdout[2m | src/components/Editor3/components/EditorComponents.stories.jsx[2m > [22m[2mAudio Multiple Tracks
[22m[39m[Mock Data] Unit.onUpdate() subscription removed. Remaining: 0
[90mstdout[2m | src/components/Editor3/components/EditorComponents.stories.jsx[2m > [22m[2mAudio Multiple Tracks
[22m[39m[Preview] Skipped initializing default mock data (initializeMockData=false)
[90mstdout[2m | src/components/Editor3/components/EditorComponents.stories.jsx[2m > [22m[2mAudio Multiple Tracks
[22m[39m[Mock Data] seedMockUnit: Adding unit audio-multi-story-unit
[90mstdout[2m | src/components/Editor3/components/EditorComponents.stories.jsx[2m > [22m[2mAudio Multiple Tracks
[22m[39m[Mock Data] Adding 3 items to UnitFile
[90mstdout[2m | src/components/Editor3/components/EditorComponents.stories.jsx[2m > [22m[2mAudio Multiple Tracks
[22m[39m[MOCK CourseVectorStore] Initialized with mock data
[90mstdout[2m | src/components/Editor3/components/EditorComponents.stories.jsx[2m > [22m[2mAudio Multiple Tracks
[22m[39m[TranslationModeController] Setting mode to: off
[90mstdout[2m | src/components/Editor3/components/EditorComponents.stories.jsx[2m > [22m[2mAudio Multiple Tracks
[22m[39m[UnitContext] useEffect triggered {
  "authLoading": false,
  "hasUser": true,
  "id": "audio-multi-story-unit",
  "userSub": "mock-user-sub",
}
[90mstdout[2m | src/components/Editor3/components/EditorComponents.stories.jsx[2m > [22m[2mAudio Multiple Tracks
[22m[39m[UnitContext] Fetching unit data for id: audio-multi-story-unit
[90mstdout[2m | src/components/Editor3/components/EditorComponents.stories.jsx[2m > [22m[2mAudio Multiple Tracks
[22m[39m[FilesContext] Initializing vector store from IndexedDB
[90mstdout[2m | src/components/Editor3/components/EditorComponents.stories.jsx[2m > [22m[2mAudio Multiple Tracks
[22m[39m[FilesContext] fetchFiles called
[90mstdout[2m | src/components/Editor3/components/EditorComponents.stories.jsx[2m > [22m[2mAudio Multiple Tracks
[22m[39m[FilesContext] User authenticated: mock-user-sub
[90mstdout[2m | src/components/Editor3/components/EditorComponents.stories.jsx[2m > [22m[2mAudio Multiple Tracks
[22m[39m[FilesContext] Identity ID: us-east-1:mock-identity-123
[90mstdout[2m | src/components/Editor3/components/EditorComponents.stories.jsx[2m > [22m[2mAudio Multiple Tracks
[22m[39m[FilesContext] About to set up File observeQuery
[90mstdout[2m | src/components/Editor3/components/EditorComponents.stories.jsx[2m > [22m[2mAudio Multiple Tracks
[22m[39m[ChatContext] Setting up AssistantChat observeQuery
[90mstdout[2m | src/components/Editor3/components/EditorComponents.stories.jsx[2m > [22m[2mAudio Multiple Tracks
[22m[39m[ChatContext] Waiting for subscription to initialize
[90mstdout[2m | src/components/Editor3/components/EditorComponents.stories.jsx[2m > [22m[2mAudio Multiple Tracks
[22m[39m[SettingsContext] Setting up Settings subscription for user: mock-user-sub
[90mstdout[2m | src/components/Editor3/components/EditorComponents.stories.jsx[2m > [22m[2mAudio Multiple Tracks
[22m[39m[Mock Data] Settings created: mock-settings-1790418629135 - notified 0 subscribers
[90mstdout[2m | src/components/Editor3/components/EditorComponents.stories.jsx[2m > [22m[2mAudio Multiple Tracks
[22m[39m[Mock Data] Unit.onUpdate() subscription added. Total: 1
[90mstdout[2m | src/components/Editor3/components/EditorComponents.stories.jsx[2m > [22m[2mAudio Multiple Tracks
[22m[39mMock Cache.getItem called with: getCachedUrl_/story-mocks/cinematic-designed-sci-fi-whoosh-transition-nexawave-228295.mp3
[90mstdout[2m | src/components/Editor3/components/EditorComponents.stories.jsx[2m > [22m[2mAudio Multiple Tracks
[22m[39mMock Cache.getItem called with: getCachedUrl_/story-mocks/descent-whoosh-long-cinematic-sound-effect-405921.mp3
[90mstdout[2m | src/components/Editor3/components/EditorComponents.stories.jsx[2m > [22m[2mAudio Multiple Tracks
[22m[39mMock Cache.getItem called with: getCachedUrl_/story-mocks/sound-design-elements-sfx-ps-022-302865.mp3
[90mstdout[2m | src/components/Editor3/components/EditorComponents.stories.jsx[2m > [22m[2mAudio Multiple Tracks
[22m[39mMock getUrl called with: /story-mocks/cinematic-designed-sci-fi-whoosh-transition-nexawave-228295.mp3
[90mstdout[2m | src/components/Editor3/components/EditorComponents.stories.jsx[2m > [22m[2mAudio Multiple Tracks
[22m[39mMock getUrl called with: /story-mocks/descent-whoosh-long-cinematic-sound-effect-405921.mp3
[90mstdout[2m | src/components/Editor3/components/EditorComponents.stories.jsx[2m > [22m[2mAudio Multiple Tracks
[22m[39mMock getUrl called with: /story-mocks/sound-design-elements-sfx-ps-022-302865.mp3
[90mstdout[2m | src/components/Editor3/components/EditorComponents.stories.jsx[2m > [22m[2mAudio Multiple Tracks
[22m[39mMock Cache.setItem called with: getCachedUrl_/story-mocks/cinematic-designed-sci-fi-whoosh-transition-nexawave-228295.mp3 /story-mocks/cinematic-designed-sci-fi-whoosh-transition-nexawave-228295.mp3
[90mstdout[2m | src/components/Editor3/components/EditorComponents.stories.jsx[2m > [22m[2mAudio Multiple Tracks
[22m[39mMock Cache.setItem called with: getCachedUrl_/story-mocks/descent-whoosh-long-cinematic-sound-effect-405921.mp3 /story-mocks/descent-whoosh-long-cinematic-sound-effect-405921.mp3
[90mstdout[2m | src/components/Editor3/components/EditorComponents.stories.jsx[2m > [22m[2mAudio Multiple Tracks
[22m[39mMock Cache.setItem called with: getCachedUrl_/story-mocks/sound-design-elements-sfx-ps-022-302865.mp3 /story-mocks/sound-design-elements-sfx-ps-022-302865.mp3
[90mstdout[2m | src/components/Editor3/components/EditorComponents.stories.jsx[2m > [22m[2mAudio Multiple Tracks
[22m[39m[SectionContext] Section observeQuery update: 0
[90mstdout[2m | src/components/Editor3/components/EditorComponents.stories.jsx[2m > [22m[2mAudio Multiple Tracks
[22m[39m[FilesContext] File observeQuery update: 3 files
[90mstdout[2m | src/components/Editor3/components/EditorComponents.stories.jsx[2m > [22m[2mAudio Multiple Tracks
[22m[39m[ChatContext] AssistantChat initialized with 0 chats
[90mstdout[2m | src/components/Editor3/components/EditorComponents.stories.jsx[2m > [22m[2mAudio Multiple Tracks
[22m[39m[MOCK CourseVectorStore] Initialized with mock data
[90mstdout[2m | src/components/Editor3/components/EditorComponents.stories.jsx[2m > [22m[2mAudio Multiple Tracks
[22m[39m[FilesContext] Vector store population triggered {
  "currentVectorStoreSize": 3,
  "documentsCount": 0,
  "filesCount": 3,
  "isInitialLoad": true,
}
[90mstdout[2m | src/components/Editor3/components/EditorComponents.stories.jsx[2m > [22m[2mAudio Multiple Tracks
[22m[39m[FilesContext] Vector store population complete - 3 total embeddings
[90mstdout[2m | src/components/Editor3/components/EditorComponents.stories.jsx[2m > [22m[2mAudio Multiple Tracks
[22m[39m[ChatContext] No current chat available, will create one
[90mstdout[2m | src/components/Editor3/components/EditorComponents.stories.jsx[2m > [22m[2mAudio Multiple Tracks
[22m[39m[ChatContext] Creating AssistantChat with user: undefined
[90mstdout[2m | src/components/Editor3/components/EditorComponents.stories.jsx[2m > [22m[2mAudio Multiple Tracks
[22m[39m[Mock Data] AssistantChat created: mock-assistantchat-1790418629204 - notified 1 subscribers
[90mstdout[2m | src/components/Editor3/components/EditorComponents.stories.jsx[2m > [22m[2mAudio Multiple Tracks
[22m[39m[ChatContext] Create result: {
  "data": {
    "_version": 1,
    "archived": false,
    "chatFiles": [Function anonymous],
    "createdAt": "2026-09-26T10:30:29.204Z",
    "id": "mock-assistantchat-1790418629204",
    "model": "gpt-4",
    "updatedAt": "2026-09-26T10:30:29.204Z",
  },
  "errors": [],
  "hasData": true,
  "hasErrors": true,
}
[90mstdout[2m | src/components/Editor3/components/EditorComponents.stories.jsx[2m > [22m[2mAudio Multiple Tracks
[22m[39m[ChatContext] Created AssistantChat: mock-assistantchat-1790418629204 at: 2026-09-26T10:30:29.204Z
[90mstdout[2m | src/components/Editor3/components/EditorComponents.stories.jsx[2m > [22m[2mAudio Multiple Tracks
[22m[39m[Mock Storage] downloadData called with: undefined
[90mstdout[2m | src/components/Editor3/components/EditorComponents.stories.jsx[2m > [22m[2mAudio Multiple Tracks
[22m[39m[ChatContext] Setting initial chat: mock-assistantchat-1790418629204
[90mstdout[2m | src/components/Editor3/components/EditorComponents.stories.jsx[2m > [22m[2mAudio Multiple Tracks
[22m[39m[ChatContext] Chat exists and not archived, skipping creation
 [32m✓[39m [30m[45m storybook (chromium) [49m[39m src/components/Editor3/components/EditorComponents.stories.jsx [2m([22m[2m18 tests[22m[2m)[22m[33m 4513[2mms[22m[39m
   [33m[2m✓[22m[39m Audio Player [33m 396[2mms[22m[39m
   [33m[2m✓[22m[39m Audio Player Long Whoosh [33m 443[2mms[22m[39m
   [33m[2m✓[22m[39m Audio Player SFX [33m 367[2mms[22m[39m
   [33m[2m✓[22m[39m Video Player Component [33m 391[2mms[22m[39m
   [33m[2m✓[22m[39m Video With Audio Recording [33m 373[2mms[22m[39m
   [33m[2m✓[22m[39m Audio Multiple Tracks [33m 385[2mms[22m[39m
[90mstdout[2m | unknown test
[22m[39m[MOCK vectorStoreDB.js] Module loaded - mock IndexedDB operations
[90mstdout[2m | unknown test
[22m[39m[Task Completion] DOM action listeners initialized
[90mstdout[2m | unknown test
[22m[39m[Task Completion] Auto-completion detector initialized
[90mstdout[2m | unknown test
[22m[39m[Preview] Task completion detector initialized
[90mstdout[2m | src/components/ChatSidebar/SearchResults.stories.jsx[2m > [22m[2mAll Result Types
[22m[39m[MOCK CourseVectorStore] Initialized with mock data
[90mstdout[2m | src/components/ChatSidebar/SearchResults.stories.jsx[2m > [22m[2mAll Result Types
[22m[39m[TranslationModeController] Setting mode to: off
[90mstdout[2m | src/components/ChatSidebar/SearchResults.stories.jsx[2m > [22m[2mAll Result Types
[22m[39m[UnitContext] useEffect triggered {
  "authLoading": false,
  "hasUser": true,
  "id": "unit-123",
  "userSub": "mock-user-sub",
}
[90mstdout[2m | src/components/ChatSidebar/SearchResults.stories.jsx[2m > [22m[2mAll Result Types
[22m[39m[UnitContext] Fetching unit data for id: unit-123
[90mstdout[2m | src/components/ChatSidebar/SearchResults.stories.jsx[2m > [22m[2mAll Result Types
[22m[39m[FilesContext] Initializing vector store from IndexedDB
[90mstdout[2m | src/components/ChatSidebar/SearchResults.stories.jsx[2m > [22m[2mAll Result Types
[22m[39m[FilesContext] fetchFiles called
[90mstdout[2m | src/components/ChatSidebar/SearchResults.stories.jsx[2m > [22m[2mAll Result Types
[22m[39m[FilesContext] User authenticated: mock-user-sub
[90mstdout[2m | src/components/ChatSidebar/SearchResults.stories.jsx[2m > [22m[2mAll Result Types
[22m[39m[FilesContext] Identity ID: us-east-1:mock-identity-123
[90mstdout[2m | src/components/ChatSidebar/SearchResults.stories.jsx[2m > [22m[2mAll Result Types
[22m[39m[FilesContext] About to set up File observeQuery
[90mstdout[2m | src/components/ChatSidebar/SearchResults.stories.jsx[2m > [22m[2mAll Result Types
[22m[39m[ChatContext] Setting up AssistantChat observeQuery
[90mstdout[2m | src/components/ChatSidebar/SearchResults.stories.jsx[2m > [22m[2mAll Result Types
[22m[39m[ChatContext] Waiting for subscription to initialize
[90mstdout[2m | src/components/ChatSidebar/SearchResults.stories.jsx[2m > [22m[2mAll Result Types
[22m[39m[SettingsContext] Setting up Settings subscription for user: mock-user-sub
[90mstdout[2m | src/components/ChatSidebar/SearchResults.stories.jsx[2m > [22m[2mAll Result Types
[22m[39m[Mock Data] Settings created: mock-settings-1790418633094 - notified 0 subscribers
[90mstdout[2m | src/components/ChatSidebar/SearchResults.stories.jsx[2m > [22m[2mAll Result Types
[22m[39m[Mock Data] Unit.onUpdate() subscription added. Total: 1
[90mstdout[2m | src/components/ChatSidebar/SearchResults.stories.jsx[2m > [22m[2mAll Result Types
[22m[39m[SectionContext] Section observeQuery update: 0
[90mstdout[2m | src/components/ChatSidebar/SearchResults.stories.jsx[2m > [22m[2mAll Result Types
[22m[39m[FilesContext] File observeQuery update: 6 files
[90mstdout[2m | src/components/ChatSidebar/SearchResults.stories.jsx[2m > [22m[2mAll Result Types
[22m[39m[ChatContext] AssistantChat initialized with 1 chats
[90mstdout[2m | src/components/ChatSidebar/SearchResults.stories.jsx[2m > [22m[2mAll Result Types
[22m[39m[ChatContext] Setting initial chat: mock-assistant-chat-1
[90mstdout[2m | src/components/ChatSidebar/SearchResults.stories.jsx[2m > [22m[2mAll Result Types
[22m[39m[MOCK CourseVectorStore] Initialized with mock data
[90mstdout[2m | src/components/ChatSidebar/SearchResults.stories.jsx[2m > [22m[2mAll Result Types
[22m[39m[FilesContext] Vector store population triggered {
  "currentVectorStoreSize": 3,
  "documentsCount": 0,
  "filesCount": 6,
  "isInitialLoad": true,
}
[90mstdout[2m | src/components/ChatSidebar/SearchResults.stories.jsx[2m > [22m[2mAll Result Types
[22m[39m[FilesContext] Vector store population complete - 3 total embeddings
[90mstdout[2m | src/components/ChatSidebar/SearchResults.stories.jsx[2m > [22m[2mAll Result Types
[22m[39m[ChatContext] Chat exists and not archived, skipping creation
[90mstdout[2m | src/components/ChatSidebar/SearchResults.stories.jsx[2m > [22m[2mAll Result Types
[22m[39m[Mock Storage] downloadData called with: undefined
[90mstdout[2m | src/components/ChatSidebar/SearchResults.stories.jsx[2m > [22m[2mFiles Only
[22m[39m[ChatContext] Cleaning up subscriptions
[90mstdout[2m | src/components/ChatSidebar/SearchResults.stories.jsx[2m > [22m[2mFiles Only
[22m[39m[Mock Data] Unit.onUpdate() subscription removed. Remaining: 0
[90mstdout[2m | src/components/ChatSidebar/SearchResults.stories.jsx[2m > [22m[2mFiles Only
[22m[39m[MOCK CourseVectorStore] Initialized with mock data
[90mstdout[2m | src/components/ChatSidebar/SearchResults.stories.jsx[2m > [22m[2mFiles Only
[22m[39m[TranslationModeController] Setting mode to: off
[90mstdout[2m | src/components/ChatSidebar/SearchResults.stories.jsx[2m > [22m[2mFiles Only
[22m[39m[UnitContext] useEffect triggered {
  "authLoading": false,
  "hasUser": true,
  "id": "unit-123",
  "userSub": "mock-user-sub",
}
[90mstdout[2m | src/components/ChatSidebar/SearchResults.stories.jsx[2m > [22m[2mFiles Only
[22m[39m[UnitContext] Fetching unit data for id: unit-123
[90mstdout[2m | src/components/ChatSidebar/SearchResults.stories.jsx[2m > [22m[2mFiles Only
[22m[39m[FilesContext] Initializing vector store from IndexedDB
[90mstdout[2m | src/components/ChatSidebar/SearchResults.stories.jsx[2m > [22m[2mFiles Only
[22m[39m[FilesContext] fetchFiles called
[90mstdout[2m | src/components/ChatSidebar/SearchResults.stories.jsx[2m > [22m[2mFiles Only
[22m[39m[FilesContext] User authenticated: mock-user-sub
[90mstdout[2m | src/components/ChatSidebar/SearchResults.stories.jsx[2m > [22m[2mFiles Only
[22m[39m[FilesContext] Identity ID: us-east-1:mock-identity-123
[90mstdout[2m | src/components/ChatSidebar/SearchResults.stories.jsx[2m > [22m[2mFiles Only
[22m[39m[FilesContext] About to set up File observeQuery
[90mstdout[2m | src/components/ChatSidebar/SearchResults.stories.jsx[2m > [22m[2mFiles Only
[22m[39m[ChatContext] Setting up AssistantChat observeQuery
[90mstdout[2m | src/components/ChatSidebar/SearchResults.stories.jsx[2m > [22m[2mFiles Only
[22m[39m[ChatContext] Waiting for subscription to initialize
[90mstdout[2m | src/components/ChatSidebar/SearchResults.stories.jsx[2m > [22m[2mFiles Only
[22m[39m[SettingsContext] Setting up Settings subscription for user: mock-user-sub
[90mstdout[2m | src/components/ChatSidebar/SearchResults.stories.jsx[2m > [22m[2mFiles Only
[22m[39m[Mock Data] Settings created: mock-settings-1790418633492 - notified 0 subscribers
[90mstdout[2m | src/components/ChatSidebar/SearchResults.stories.jsx[2m > [22m[2mFiles Only
[22m[39m[Mock Data] Unit.onUpdate() subscription added. Total: 1
[90mstdout[2m | src/components/ChatSidebar/SearchResults.stories.jsx[2m > [22m[2mFiles Only
[22m[39m[SectionContext] Section observeQuery update: 0
[90mstdout[2m | src/components/ChatSidebar/SearchResults.stories.jsx[2m > [22m[2mFiles Only
[22m[39m[FilesContext] File observeQuery update: 6 files
[90mstdout[2m | src/components/ChatSidebar/SearchResults.stories.jsx[2m > [22m[2mFiles Only
[22m[39m[ChatContext] AssistantChat initialized with 1 chats
[90mstdout[2m | src/components/ChatSidebar/SearchResults.stories.jsx[2m > [22m[2mFiles Only
[22m[39m[ChatContext] Setting initial chat: mock-assistant-chat-1
[90mstdout[2m | src/components/ChatSidebar/SearchResults.stories.jsx[2m > [22m[2mFiles Only
[22m[39m[MOCK CourseVectorStore] Initialized with mock data
[90mstdout[2m | src/components/ChatSidebar/SearchResults.stories.jsx[2m > [22m[2mFiles Only
[22m[39m[FilesContext] Vector store population triggered {
  "currentVectorStoreSize": 3,
  "documentsCount": 0,
  "filesCount": 6,
  "isInitialLoad": true,
}
[90mstdout[2m | src/components/ChatSidebar/SearchResults.stories.jsx[2m > [22m[2mFiles Only
[22m[39m[FilesContext] Vector store population complete - 3 total embeddings
[90mstdout[2m | src/components/ChatSidebar/SearchResults.stories.jsx[2m > [22m[2mFiles Only
[22m[39m[ChatContext] Chat exists and not archived, skipping creation
[90mstdout[2m | src/components/ChatSidebar/SearchResults.stories.jsx[2m > [22m[2mFiles Only
[22m[39m[Mock Storage] downloadData called with: undefined
[90mstdout[2m | src/components/ChatSidebar/SearchResults.stories.jsx[2m > [22m[2mVocabulary Only
[22m[39m[ChatContext] Cleaning up subscriptions
[90mstdout[2m | src/components/ChatSidebar/SearchResults.stories.jsx[2m > [22m[2mVocabulary Only
[22m[39m[Mock Data] Unit.onUpdate() subscription removed. Remaining: 0
[90mstdout[2m | src/components/ChatSidebar/SearchResults.stories.jsx[2m > [22m[2mVocabulary Only
[22m[39m[MOCK CourseVectorStore] Initialized with mock data
[90mstdout[2m | src/components/ChatSidebar/SearchResults.stories.jsx[2m > [22m[2mVocabulary Only
[22m[39m[TranslationModeController] Setting mode to: off
[90mstdout[2m | src/components/ChatSidebar/SearchResults.stories.jsx[2m > [22m[2mVocabulary Only
[22m[39m[UnitContext] useEffect triggered {
  "authLoading": false,
  "hasUser": true,
  "id": "unit-123",
  "userSub": "mock-user-sub",
}
[90mstdout[2m | src/components/ChatSidebar/SearchResults.stories.jsx[2m > [22m[2mVocabulary Only
[22m[39m[UnitContext] Fetching unit data for id: unit-123
[90mstdout[2m | src/components/ChatSidebar/SearchResults.stories.jsx[2m > [22m[2mVocabulary Only
[22m[39m[FilesContext] Initializing vector store from IndexedDB
[90mstdout[2m | src/components/ChatSidebar/SearchResults.stories.jsx[2m > [22m[2mVocabulary Only
[22m[39m[FilesContext] fetchFiles called
[90mstdout[2m | src/components/ChatSidebar/SearchResults.stories.jsx[2m > [22m[2mVocabulary Only
[22m[39m[FilesContext] User authenticated: mock-user-sub
[90mstdout[2m | src/components/ChatSidebar/SearchResults.stories.jsx[2m > [22m[2mVocabulary Only
[22m[39m[FilesContext] Identity ID: us-east-1:mock-identity-123
[90mstdout[2m | src/components/ChatSidebar/SearchResults.stories.jsx[2m > [22m[2mVocabulary Only
[22m[39m[FilesContext] About to set up File observeQuery
[90mstdout[2m | src/components/ChatSidebar/SearchResults.stories.jsx[2m > [22m[2mVocabulary Only
[22m[39m[ChatContext] Setting up AssistantChat observeQuery
[90mstdout[2m | src/components/ChatSidebar/SearchResults.stories.jsx[2m > [22m[2mVocabulary Only
[22m[39m[ChatContext] Waiting for subscription to initialize
[90mstdout[2m | src/components/ChatSidebar/SearchResults.stories.jsx[2m > [22m[2mVocabulary Only
[22m[39m[SettingsContext] Setting up Settings subscription for user: mock-user-sub
[90mstdout[2m | src/components/ChatSidebar/SearchResults.stories.jsx[2m > [22m[2mVocabulary Only
[22m[39m[Mock Data] Settings created: mock-settings-1790418633687 - notified 0 subscribers
[90mstdout[2m | src/components/ChatSidebar/SearchResults.stories.jsx[2m > [22m[2mVocabulary Only
[22m[39m[Mock Data] Unit.onUpdate() subscription added. Total: 1
[90mstdout[2m | src/components/ChatSidebar/SearchResults.stories.jsx[2m > [22m[2mVocabulary Only
[22m[39m[SectionContext] Section observeQuery update: 0
[90mstdout[2m | src/components/ChatSidebar/SearchResults.stories.jsx[2m > [22m[2mVocabulary Only
[22m[39m[FilesContext] File observeQuery update: 6 files
[90mstdout[2m | src/components/ChatSidebar/SearchResults.stories.jsx[2m > [22m[2mVocabulary Only
[22m[39m[ChatContext] AssistantChat initialized with 1 chats
[90mstdout[2m | src/components/ChatSidebar/SearchResults.stories.jsx[2m > [22m[2mVocabulary Only
[22m[39m[ChatContext] Setting initial chat: mock-assistant-chat-1
[90mstdout[2m | src/components/ChatSidebar/SearchResults.stories.jsx[2m > [22m[2mVocabulary Only
[22m[39m[MOCK CourseVectorStore] Initialized with mock data
[90mstdout[2m | src/components/ChatSidebar/SearchResults.stories.jsx[2m > [22m[2mVocabulary Only
[22m[39m[FilesContext] Vector store population triggered {
  "currentVectorStoreSize": 3,
  "documentsCount": 0,
  "filesCount": 6,
  "isInitialLoad": true,
}
[90mstdout[2m | src/components/ChatSidebar/SearchResults.stories.jsx[2m > [22m[2mVocabulary Only
[22m[39m[FilesContext] Vector store population complete - 3 total embeddings
[90mstdout[2m | src/components/ChatSidebar/SearchResults.stories.jsx[2m > [22m[2mVocabulary Only
[22m[39m[ChatContext] Chat exists and not archived, skipping creation
[90mstdout[2m | src/components/ChatSidebar/SearchResults.stories.jsx[2m > [22m[2mVocabulary Only
[22m[39m[Mock Storage] downloadData called with: undefined
[90mstdout[2m | src/components/ChatSidebar/SearchResults.stories.jsx[2m > [22m[2mQuestions Only
[22m[39m[ChatContext] Cleaning up subscriptions
[90mstdout[2m | src/components/ChatSidebar/SearchResults.stories.jsx[2m > [22m[2mQuestions Only
[22m[39m[Mock Data] Unit.onUpdate() subscription removed. Remaining: 0
[90mstdout[2m | src/components/ChatSidebar/SearchResults.stories.jsx[2m > [22m[2mQuestions Only
[22m[39m[MOCK CourseVectorStore] Initialized with mock data
[90mstdout[2m | src/components/ChatSidebar/SearchResults.stories.jsx[2m > [22m[2mQuestions Only
[22m[39m[TranslationModeController] Setting mode to: off
[90mstdout[2m | src/components/ChatSidebar/SearchResults.stories.jsx[2m > [22m[2mQuestions Only
[22m[39m[UnitContext] useEffect triggered {
  "authLoading": false,
  "hasUser": true,
  "id": "unit-123",
  "userSub": "mock-user-sub",
}
[90mstdout[2m | src/components/ChatSidebar/SearchResults.stories.jsx[2m > [22m[2mQuestions Only
[22m[39m[UnitContext] Fetching unit data for id: unit-123
[90mstdout[2m | src/components/ChatSidebar/SearchResults.stories.jsx[2m > [22m[2mQuestions Only
[22m[39m[FilesContext] Initializing vector store from IndexedDB
[90mstdout[2m | src/components/ChatSidebar/SearchResults.stories.jsx[2m > [22m[2mQuestions Only
[22m[39m[FilesContext] fetchFiles called
[90mstdout[2m | src/components/ChatSidebar/SearchResults.stories.jsx[2m > [22m[2mQuestions Only
[22m[39m[FilesContext] User authenticated: mock-user-sub
[90mstdout[2m | src/components/ChatSidebar/SearchResults.stories.jsx[2m > [22m[2mQuestions Only
[22m[39m[FilesContext] Identity ID: us-east-1:mock-identity-123
[90mstdout[2m | src/components/ChatSidebar/SearchResults.stories.jsx[2m > [22m[2mQuestions Only
[22m[39m[FilesContext] About to set up File observeQuery
[90mstdout[2m | src/components/ChatSidebar/SearchResults.stories.jsx[2m > [22m[2mQuestions Only
[22m[39m[ChatContext] Setting up AssistantChat observeQuery
[90mstdout[2m | src/components/ChatSidebar/SearchResults.stories.jsx[2m > [22m[2mQuestions Only
[22m[39m[ChatContext] Waiting for subscription to initialize
[90mstdout[2m | src/components/ChatSidebar/SearchResults.stories.jsx[2m > [22m[2mQuestions Only
[22m[39m[SettingsContext] Setting up Settings subscription for user: mock-user-sub
[90mstdout[2m | src/components/ChatSidebar/SearchResults.stories.jsx[2m > [22m[2mQuestions Only
[22m[39m[Mock Data] Settings created: mock-settings-1790418633938 - notified 0 subscribers
[90mstdout[2m | src/components/ChatSidebar/SearchResults.stories.jsx[2m > [22m[2mQuestions Only
[22m[39m[Mock Data] Unit.onUpdate() subscription added. Total: 1
[90mstdout[2m | src/components/ChatSidebar/SearchResults.stories.jsx[2m > [22m[2mQuestions Only
[22m[39m[SectionContext] Section observeQuery update: 0
[90mstdout[2m | src/components/ChatSidebar/SearchResults.stories.jsx[2m > [22m[2mQuestions Only
[22m[39m[FilesContext] File observeQuery update: 6 files
[90mstdout[2m | src/components/ChatSidebar/SearchResults.stories.jsx[2m > [22m[2mQuestions Only
[22m[39m[ChatContext] AssistantChat initialized with 1 chats
[90mstdout[2m | src/components/ChatSidebar/SearchResults.stories.jsx[2m > [22m[2mQuestions Only
[22m[39m[ChatContext] Setting initial chat: mock-assistant-chat-1
[90mstdout[2m | src/components/ChatSidebar/SearchResults.stories.jsx[2m > [22m[2mQuestions Only
[22m[39m[MOCK CourseVectorStore] Initialized with mock data
[90mstdout[2m | src/components/ChatSidebar/SearchResults.stories.jsx[2m > [22m[2mQuestions Only
[22m[39m[FilesContext] Vector store population triggered {
  "currentVectorStoreSize": 3,
  "documentsCount": 0,
  "filesCount": 6,
  "isInitialLoad": true,
}
[90mstdout[2m | src/components/ChatSidebar/SearchResults.stories.jsx[2m > [22m[2mQuestions Only
[22m[39m[FilesContext] Vector store population complete - 3 total embeddings
[90mstdout[2m | src/components/ChatSidebar/SearchResults.stories.jsx[2m > [22m[2mQuestions Only
[22m[39m[ChatContext] Chat exists and not archived, skipping creation
[90mstdout[2m | src/components/ChatSidebar/SearchResults.stories.jsx[2m > [22m[2mQuestions Only
[22m[39m[Mock Storage] downloadData called with: undefined
[90mstdout[2m | src/components/ChatSidebar/SearchResults.stories.jsx[2m > [22m[2mSections Only
[22m[39m[ChatContext] Cleaning up subscriptions
[90mstdout[2m | src/components/ChatSidebar/SearchResults.stories.jsx[2m > [22m[2mSections Only
[22m[39m[Mock Data] Unit.onUpdate() subscription removed. Remaining: 0
[90mstdout[2m | src/components/ChatSidebar/SearchResults.stories.jsx[2m > [22m[2mSections Only
[22m[39m[MOCK CourseVectorStore] Initialized with mock data
[90mstdout[2m | src/components/ChatSidebar/SearchResults.stories.jsx[2m > [22m[2mSections Only
[22m[39m[TranslationModeController] Setting mode to: off
[90mstdout[2m | src/components/ChatSidebar/SearchResults.stories.jsx[2m > [22m[2mSections Only
[22m[39m[UnitContext] useEffect triggered {
  "authLoading": false,
  "hasUser": true,
  "id": "mock-unit-id",
  "userSub": "mock-user-sub",
}
[90mstdout[2m | src/components/ChatSidebar/SearchResults.stories.jsx[2m > [22m[2mSections Only
[22m[39m[UnitContext] Fetching unit data for id: mock-unit-id
[90mstdout[2m | src/components/ChatSidebar/SearchResults.stories.jsx[2m > [22m[2mSections Only
[22m[39m[FilesContext] Initializing vector store from IndexedDB
[90mstdout[2m | src/components/ChatSidebar/SearchResults.stories.jsx[2m > [22m[2mSections Only
[22m[39m[FilesContext] fetchFiles called
[90mstdout[2m | src/components/ChatSidebar/SearchResults.stories.jsx[2m > [22m[2mSections Only
[22m[39m[FilesContext] User authenticated: mock-user-sub
[90mstdout[2m | src/components/ChatSidebar/SearchResults.stories.jsx[2m > [22m[2mSections Only
[22m[39m[FilesContext] Identity ID: us-east-1:mock-identity-123
[90mstdout[2m | src/components/ChatSidebar/SearchResults.stories.jsx[2m > [22m[2mSections Only
[22m[39m[FilesContext] About to set up File observeQuery
[90mstdout[2m | src/components/ChatSidebar/SearchResults.stories.jsx[2m > [22m[2mSections Only
[22m[39m[ChatContext] Setting up AssistantChat observeQuery
[90mstdout[2m | src/components/ChatSidebar/SearchResults.stories.jsx[2m > [22m[2mSections Only
[22m[39m[ChatContext] Waiting for subscription to initialize
[90mstdout[2m | src/components/ChatSidebar/SearchResults.stories.jsx[2m > [22m[2mSections Only
[22m[39m[SettingsContext] Setting up Settings subscription for user: mock-user-sub
[90mstdout[2m | src/components/ChatSidebar/SearchResults.stories.jsx[2m > [22m[2mSections Only
[22m[39m[Mock Data] Settings created: mock-settings-1790418634148 - notified 0 subscribers
[90mstdout[2m | src/components/ChatSidebar/SearchResults.stories.jsx[2m > [22m[2mSections Only
[22m[39m[Mock Data] Unit.onUpdate() subscription added. Total: 1
[90mstdout[2m | src/components/ChatSidebar/SearchResults.stories.jsx[2m > [22m[2mSections Only
[22m[39m[SectionContext] Section observeQuery update: 0
[90mstdout[2m | src/components/ChatSidebar/SearchResults.stories.jsx[2m > [22m[2mSections Only
[22m[39m[FilesContext] File observeQuery update: 6 files
[90mstdout[2m | src/components/ChatSidebar/SearchResults.stories.jsx[2m > [22m[2mSections Only
[22m[39m[ChatContext] AssistantChat initialized with 1 chats
[90mstdout[2m | src/components/ChatSidebar/SearchResults.stories.jsx[2m > [22m[2mSections Only
[22m[39m[ChatContext] Setting initial chat: mock-assistant-chat-1
[90mstdout[2m | src/components/ChatSidebar/SearchResults.stories.jsx[2m > [22m[2mSections Only
[22m[39m[MOCK CourseVectorStore] Initialized with mock data
[90mstdout[2m | src/components/ChatSidebar/SearchResults.stories.jsx[2m > [22m[2mSections Only
[22m[39m[FilesContext] Vector store population triggered {
  "currentVectorStoreSize": 3,
  "documentsCount": 0,
  "filesCount": 6,
  "isInitialLoad": true,
}
[90mstdout[2m | src/components/ChatSidebar/SearchResults.stories.jsx[2m > [22m[2mSections Only
[22m[39m[FilesContext] Vector store population complete - 3 total embeddings
[90mstdout[2m | src/components/ChatSidebar/SearchResults.stories.jsx[2m > [22m[2mSections Only
[22m[39m[ChatContext] Chat exists and not archived, skipping creation
[90mstdout[2m | src/components/ChatSidebar/SearchResults.stories.jsx[2m > [22m[2mSections Only
[22m[39m[Mock Storage] downloadData called with: undefined
[90mstdout[2m | src/components/ChatSidebar/SearchResults.stories.jsx[2m > [22m[2mUnits Only
[22m[39m[ChatContext] Cleaning up subscriptions
[90mstdout[2m | src/components/ChatSidebar/SearchResults.stories.jsx[2m > [22m[2mUnits Only
[22m[39m[Mock Data] Unit.onUpdate() subscription removed. Remaining: 0
[90mstdout[2m | src/components/ChatSidebar/SearchResults.stories.jsx[2m > [22m[2mUnits Only
[22m[39m[MOCK CourseVectorStore] Initialized with mock data
[90mstdout[2m | src/components/ChatSidebar/SearchResults.stories.jsx[2m > [22m[2mUnits Only
[22m[39m[TranslationModeController] Setting mode to: off
[90mstdout[2m | src/components/ChatSidebar/SearchResults.stories.jsx[2m > [22m[2mUnits Only
[22m[39m[UnitContext] useEffect triggered {
  "authLoading": false,
  "hasUser": true,
  "id": "mock-unit-id",
  "userSub": "mock-user-sub",
}
[90mstdout[2m | src/components/ChatSidebar/SearchResults.stories.jsx[2m > [22m[2mUnits Only
[22m[39m[UnitContext] Fetching unit data for id: mock-unit-id
[90mstdout[2m | src/components/ChatSidebar/SearchResults.stories.jsx[2m > [22m[2mUnits Only
[22m[39m[FilesContext] Initializing vector store from IndexedDB
[90mstdout[2m | src/components/ChatSidebar/SearchResults.stories.jsx[2m > [22m[2mUnits Only
[22m[39m[FilesContext] fetchFiles called
[90mstdout[2m | src/components/ChatSidebar/SearchResults.stories.jsx[2m > [22m[2mUnits Only
[22m[39m[FilesContext] User authenticated: mock-user-sub
[90mstdout[2m | src/components/ChatSidebar/SearchResults.stories.jsx[2m > [22m[2mUnits Only
[22m[39m[FilesContext] Identity ID: us-east-1:mock-identity-123
[90mstdout[2m | src/components/ChatSidebar/SearchResults.stories.jsx[2m > [22m[2mUnits Only
[22m[39m[FilesContext] About to set up File observeQuery
[90mstdout[2m | src/components/ChatSidebar/SearchResults.stories.jsx[2m > [22m[2mUnits Only
[22m[39m[ChatContext] Setting up AssistantChat observeQuery
[90mstdout[2m | src/components/ChatSidebar/SearchResults.stories.jsx[2m > [22m[2mUnits Only
[22m[39m[ChatContext] Waiting for subscription to initialize
[90mstdout[2m | src/components/ChatSidebar/SearchResults.stories.jsx[2m > [22m[2mUnits Only
[22m[39m[SettingsContext] Setting up Settings subscription for user: mock-user-sub
[90mstdout[2m | src/components/ChatSidebar/SearchResults.stories.jsx[2m > [22m[2mUnits Only
[22m[39m[Mock Data] Settings created: mock-settings-1790418634329 - notified 0 subscribers
[90mstdout[2m | src/components/ChatSidebar/SearchResults.stories.jsx[2m > [22m[2mUnits Only
[22m[39m[Mock Data] Unit.onUpdate() subscription added. Total: 1
[90mstdout[2m | src/components/ChatSidebar/SearchResults.stories.jsx[2m > [22m[2mUnits Only
[22m[39m[SectionContext] Section observeQuery update: 0
[90mstdout[2m | src/components/ChatSidebar/SearchResults.stories.jsx[2m > [22m[2mUnits Only
[22m[39m[FilesContext] File observeQuery update: 6 files
[90mstdout[2m | src/components/ChatSidebar/SearchResults.stories.jsx[2m > [22m[2mUnits Only
[22m[39m[ChatContext] AssistantChat initialized with 1 chats
[90mstdout[2m | src/components/ChatSidebar/SearchResults.stories.jsx[2m > [22m[2mUnits Only
[22m[39m[ChatContext] Setting initial chat: mock-assistant-chat-1
[90mstdout[2m | src/components/ChatSidebar/SearchResults.stories.jsx[2m > [22m[2mUnits Only
[22m[39m[MOCK CourseVectorStore] Initialized with mock data
[90mstdout[2m | src/components/ChatSidebar/SearchResults.stories.jsx[2m > [22m[2mUnits Only
[22m[39m[FilesContext] Vector store population triggered {
  "currentVectorStoreSize": 3,
  "documentsCount": 0,
  "filesCount": 6,
  "isInitialLoad": true,
}
[90mstdout[2m | src/components/ChatSidebar/SearchResults.stories.jsx[2m > [22m[2mUnits Only
[22m[39m[FilesContext] Vector store population complete - 3 total embeddings
[90mstdout[2m | src/components/ChatSidebar/SearchResults.stories.jsx[2m > [22m[2mUnits Only
[22m[39m[ChatContext] Chat exists and not archived, skipping creation
[90mstdout[2m | src/components/ChatSidebar/SearchResults.stories.jsx[2m > [22m[2mUnits Only
[22m[39m[Mock Storage] downloadData called with: undefined
[90mstdout[2m | src/components/ChatSidebar/SearchResults.stories.jsx[2m > [22m[2mLoading State
[22m[39m[ChatContext] Cleaning up subscriptions
[90mstdout[2m | src/components/ChatSidebar/SearchResults.stories.jsx[2m > [22m[2mLoading State
[22m[39m[Mock Data] Unit.onUpdate() subscription removed. Remaining: 0
[90mstdout[2m | src/components/ChatSidebar/SearchResults.stories.jsx[2m > [22m[2mLoading State
[22m[39m[MOCK CourseVectorStore] Initialized with mock data
[90mstdout[2m | src/components/ChatSidebar/SearchResults.stories.jsx[2m > [22m[2mLoading State
[22m[39m[TranslationModeController] Setting mode to: off
[90mstdout[2m | src/components/ChatSidebar/SearchResults.stories.jsx[2m > [22m[2mLoading State
[22m[39m[UnitContext] useEffect triggered {
  "authLoading": false,
  "hasUser": true,
  "id": "mock-unit-id",
  "userSub": "mock-user-sub",
}
[90mstdout[2m | src/components/ChatSidebar/SearchResults.stories.jsx[2m > [22m[2mLoading State
[22m[39m[UnitContext] Fetching unit data for id: mock-unit-id
[90mstdout[2m | src/components/ChatSidebar/SearchResults.stories.jsx[2m > [22m[2mLoading State
[22m[39m[FilesContext] Initializing vector store from IndexedDB
[90mstdout[2m | src/components/ChatSidebar/SearchResults.stories.jsx[2m > [22m[2mLoading State
[22m[39m[FilesContext] fetchFiles called
[90mstdout[2m | src/components/ChatSidebar/SearchResults.stories.jsx[2m > [22m[2mLoading State
[22m[39m[FilesContext] User authenticated: mock-user-sub
[90mstdout[2m | src/components/ChatSidebar/SearchResults.stories.jsx[2m > [22m[2mLoading State
[22m[39m[FilesContext] Identity ID: us-east-1:mock-identity-123
[90mstdout[2m | src/components/ChatSidebar/SearchResults.stories.jsx[2m > [22m[2mLoading State
[22m[39m[FilesContext] About to set up File observeQuery
[90mstdout[2m | src/components/ChatSidebar/SearchResults.stories.jsx[2m > [22m[2mLoading State
[22m[39m[ChatContext] Setting up AssistantChat observeQuery
[90mstdout[2m | src/components/ChatSidebar/SearchResults.stories.jsx[2m > [22m[2mLoading State
[22m[39m[ChatContext] Waiting for subscription to initialize
[90mstdout[2m | src/components/ChatSidebar/SearchResults.stories.jsx[2m > [22m[2mLoading State
[22m[39m[SettingsContext] Setting up Settings subscription for user: mock-user-sub
[90mstdout[2m | src/components/ChatSidebar/SearchResults.stories.jsx[2m > [22m[2mLoading State
[22m[39m[Mock Data] Settings created: mock-settings-1790418634488 - notified 0 subscribers
[90mstdout[2m | src/components/ChatSidebar/SearchResults.stories.jsx[2m > [22m[2mLoading State
[22m[39m[Mock Data] Unit.onUpdate() subscription added. Total: 1
[90mstdout[2m | src/components/ChatSidebar/SearchResults.stories.jsx[2m > [22m[2mLoading State
[22m[39m[SectionContext] Section observeQuery update: 0
[90mstdout[2m | src/components/ChatSidebar/SearchResults.stories.jsx[2m > [22m[2mLoading State
[22m[39m[FilesContext] File observeQuery update: 6 files
[90mstdout[2m | src/components/ChatSidebar/SearchResults.stories.jsx[2m > [22m[2mLoading State
[22m[39m[ChatContext] AssistantChat initialized with 1 chats
[90mstdout[2m | src/components/ChatSidebar/SearchResults.stories.jsx[2m > [22m[2mLoading State
[22m[39m[ChatContext] Setting initial chat: mock-assistant-chat-1
[90mstdout[2m | src/components/ChatSidebar/SearchResults.stories.jsx[2m > [22m[2mLoading State
[22m[39m[MOCK CourseVectorStore] Initialized with mock data
[90mstdout[2m | src/components/ChatSidebar/SearchResults.stories.jsx[2m > [22m[2mLoading State
[22m[39m[FilesContext] Vector store population triggered {
  "currentVectorStoreSize": 3,
  "documentsCount": 0,
  "filesCount": 6,
  "isInitialLoad": true,
}
[90mstdout[2m | src/components/ChatSidebar/SearchResults.stories.jsx[2m > [22m[2mLoading State
[22m[39m[FilesContext] Vector store population complete - 3 total embeddings
[90mstdout[2m | src/components/ChatSidebar/SearchResults.stories.jsx[2m > [22m[2mLoading State
[22m[39m[ChatContext] Chat exists and not archived, skipping creation
[90mstdout[2m | src/components/ChatSidebar/SearchResults.stories.jsx[2m > [22m[2mLoading State
[22m[39m[Mock Storage] downloadData called with: undefined
[90mstdout[2m | src/components/ChatSidebar/SearchResults.stories.jsx[2m > [22m[2mEmpty State
[22m[39m[ChatContext] Cleaning up subscriptions
[90mstdout[2m | src/components/ChatSidebar/SearchResults.stories.jsx[2m > [22m[2mEmpty State
[22m[39m[Mock Data] Unit.onUpdate() subscription removed. Remaining: 0
[90mstdout[2m | src/components/ChatSidebar/SearchResults.stories.jsx[2m > [22m[2mEmpty State
[22m[39m[MOCK CourseVectorStore] Initialized with mock data
[90mstdout[2m | src/components/ChatSidebar/SearchResults.stories.jsx[2m > [22m[2mEmpty State
[22m[39m[TranslationModeController] Setting mode to: off
[90mstdout[2m | src/components/ChatSidebar/SearchResults.stories.jsx[2m > [22m[2mEmpty State
[22m[39m[UnitContext] useEffect triggered {
  "authLoading": false,
  "hasUser": true,
  "id": "mock-unit-id",
  "userSub": "mock-user-sub",
}
[90mstdout[2m | src/components/ChatSidebar/SearchResults.stories.jsx[2m > [22m[2mEmpty State
[22m[39m[UnitContext] Fetching unit data for id: mock-unit-id
[90mstdout[2m | src/components/ChatSidebar/SearchResults.stories.jsx[2m > [22m[2mEmpty State
[22m[39m[FilesContext] Initializing vector store from IndexedDB
[90mstdout[2m | src/components/ChatSidebar/SearchResults.stories.jsx[2m > [22m[2mEmpty State
[22m[39m[FilesContext] fetchFiles called
[90mstdout[2m | src/components/ChatSidebar/SearchResults.stories.jsx[2m > [22m[2mEmpty State
[22m[39m[FilesContext] User authenticated: mock-user-sub
[90mstdout[2m | src/components/ChatSidebar/SearchResults.stories.jsx[2m > [22m[2mEmpty State
[22m[39m[FilesContext] Identity ID: us-east-1:mock-identity-123
[90mstdout[2m | src/components/ChatSidebar/SearchResults.stories.jsx[2m > [22m[2mEmpty State
[22m[39m[FilesContext] About to set up File observeQuery
[90mstdout[2m | src/components/ChatSidebar/SearchResults.stories.jsx[2m > [22m[2mEmpty State
[22m[39m[ChatContext] Setting up AssistantChat observeQuery
[90mstdout[2m | src/components/ChatSidebar/SearchResults.stories.jsx[2m > [22m[2mEmpty State
[22m[39m[ChatContext] Waiting for subscription to initialize
[90mstdout[2m | src/components/ChatSidebar/SearchResults.stories.jsx[2m > [22m[2mEmpty State
[22m[39m[SettingsContext] Setting up Settings subscription for user: mock-user-sub
[90mstdout[2m | src/components/ChatSidebar/SearchResults.stories.jsx[2m > [22m[2mEmpty State
[22m[39m[Mock Data] Settings created: mock-settings-1790418634572 - notified 0 subscribers
[90mstdout[2m | src/components/ChatSidebar/SearchResults.stories.jsx[2m > [22m[2mEmpty State
[22m[39m[Mock Data] Unit.onUpdate() subscription added. Total: 1
[90mstdout[2m | src/components/ChatSidebar/SearchResults.stories.jsx[2m > [22m[2mEmpty State
[22m[39m[SectionContext] Section observeQuery update: 0
[90mstdout[2m | src/components/ChatSidebar/SearchResults.stories.jsx[2m > [22m[2mEmpty State
[22m[39m[FilesContext] File observeQuery update: 6 files
[90mstdout[2m | src/components/ChatSidebar/SearchResults.stories.jsx[2m > [22m[2mEmpty State
[22m[39m[ChatContext] AssistantChat initialized with 1 chats
[90mstdout[2m | src/components/ChatSidebar/SearchResults.stories.jsx[2m > [22m[2mEmpty State
[22m[39m[ChatContext] Setting initial chat: mock-assistant-chat-1
[90mstdout[2m | src/components/ChatSidebar/SearchResults.stories.jsx[2m > [22m[2mEmpty State
[22m[39m[MOCK CourseVectorStore] Initialized with mock data
[90mstdout[2m | src/components/ChatSidebar/SearchResults.stories.jsx[2m > [22m[2mEmpty State
[22m[39m[FilesContext] Vector store population triggered {
  "currentVectorStoreSize": 3,
  "documentsCount": 0,
  "filesCount": 6,
  "isInitialLoad": true,
}
[90mstdout[2m | src/components/ChatSidebar/SearchResults.stories.jsx[2m > [22m[2mEmpty State
[22m[39m[FilesContext] Vector store population complete - 3 total embeddings
[90mstdout[2m | src/components/ChatSidebar/SearchResults.stories.jsx[2m > [22m[2mEmpty State
[22m[39m[ChatContext] Chat exists and not archived, skipping creation
[90mstdout[2m | src/components/ChatSidebar/SearchResults.stories.jsx[2m > [22m[2mEmpty State
[22m[39m[Mock Storage] downloadData called with: undefined
[90mstdout[2m | src/components/ChatSidebar/SearchResults.stories.jsx[2m > [22m[2mHigh Relevance Scores
[22m[39m[ChatContext] Cleaning up subscriptions
[90mstdout[2m | src/components/ChatSidebar/SearchResults.stories.jsx[2m > [22m[2mHigh Relevance Scores
[22m[39m[Mock Data] Unit.onUpdate() subscription removed. Remaining: 0
[90mstdout[2m | src/components/ChatSidebar/SearchResults.stories.jsx[2m > [22m[2mHigh Relevance Scores
[22m[39m[MOCK CourseVectorStore] Initialized with mock data
[90mstdout[2m | src/components/ChatSidebar/SearchResults.stories.jsx[2m > [22m[2mHigh Relevance Scores
[22m[39m[TranslationModeController] Setting mode to: off
[90mstdout[2m | src/components/ChatSidebar/SearchResults.stories.jsx[2m > [22m[2mHigh Relevance Scores
[22m[39m[UnitContext] useEffect triggered {
  "authLoading": false,
  "hasUser": true,
  "id": "unit-123",
  "userSub": "mock-user-sub",
}
[90mstdout[2m | src/components/ChatSidebar/SearchResults.stories.jsx[2m > [22m[2mHigh Relevance Scores
[22m[39m[UnitContext] Fetching unit data for id: unit-123
[90mstdout[2m | src/components/ChatSidebar/SearchResults.stories.jsx[2m > [22m[2mHigh Relevance Scores
[22m[39m[FilesContext] Initializing vector store from IndexedDB
[90mstdout[2m | src/components/ChatSidebar/SearchResults.stories.jsx[2m > [22m[2mHigh Relevance Scores
[22m[39m[FilesContext] fetchFiles called
[90mstdout[2m | src/components/ChatSidebar/SearchResults.stories.jsx[2m > [22m[2mHigh Relevance Scores
[22m[39m[FilesContext] User authenticated: mock-user-sub
[90mstdout[2m | src/components/ChatSidebar/SearchResults.stories.jsx[2m > [22m[2mHigh Relevance Scores
[22m[39m[FilesContext] Identity ID: us-east-1:mock-identity-123
[90mstdout[2m | src/components/ChatSidebar/SearchResults.stories.jsx[2m > [22m[2mHigh Relevance Scores
[22m[39m[FilesContext] About to set up File observeQuery
[90mstdout[2m | src/components/ChatSidebar/SearchResults.stories.jsx[2m > [22m[2mHigh Relevance Scores
[22m[39m[ChatContext] Setting up AssistantChat observeQuery
[90mstdout[2m | src/components/ChatSidebar/SearchResults.stories.jsx[2m > [22m[2mHigh Relevance Scores
[22m[39m[ChatContext] Waiting for subscription to initialize
[90mstdout[2m | src/components/ChatSidebar/SearchResults.stories.jsx[2m > [22m[2mHigh Relevance Scores
[22m[39m[SettingsContext] Setting up Settings subscription for user: mock-user-sub
[90mstdout[2m | src/components/ChatSidebar/SearchResults.stories.jsx[2m > [22m[2mHigh Relevance Scores
[22m[39m[Mock Data] Settings created: mock-settings-1790418634752 - notified 0 subscribers
[90mstdout[2m | src/components/ChatSidebar/SearchResults.stories.jsx[2m > [22m[2mHigh Relevance Scores
[22m[39m[Mock Data] Unit.onUpdate() subscription added. Total: 1
[90mstdout[2m | src/components/ChatSidebar/SearchResults.stories.jsx[2m > [22m[2mHigh Relevance Scores
[22m[39m[SectionContext] Section observeQuery update: 0
[90mstdout[2m | src/components/ChatSidebar/SearchResults.stories.jsx[2m > [22m[2mHigh Relevance Scores
[22m[39m[FilesContext] File observeQuery update: 6 files
[90mstdout[2m | src/components/ChatSidebar/SearchResults.stories.jsx[2m > [22m[2mHigh Relevance Scores
[22m[39m[ChatContext] AssistantChat initialized with 1 chats
[90mstdout[2m | src/components/ChatSidebar/SearchResults.stories.jsx[2m > [22m[2mHigh Relevance Scores
[22m[39m[ChatContext] Setting initial chat: mock-assistant-chat-1
[90mstdout[2m | src/components/ChatSidebar/SearchResults.stories.jsx[2m > [22m[2mHigh Relevance Scores
[22m[39m[MOCK CourseVectorStore] Initialized with mock data
[90mstdout[2m | src/components/ChatSidebar/SearchResults.stories.jsx[2m > [22m[2mHigh Relevance Scores
[22m[39m[FilesContext] Vector store population triggered {
  "currentVectorStoreSize": 3,
  "documentsCount": 0,
  "filesCount": 6,
  "isInitialLoad": true,
}
[90mstdout[2m | src/components/ChatSidebar/SearchResults.stories.jsx[2m > [22m[2mHigh Relevance Scores
[22m[39m[FilesContext] Vector store population complete - 3 total embeddings
[90mstdout[2m | src/components/ChatSidebar/SearchResults.stories.jsx[2m > [22m[2mHigh Relevance Scores
[22m[39m[ChatContext] Chat exists and not archived, skipping creation
[90mstdout[2m | src/components/ChatSidebar/SearchResults.stories.jsx[2m > [22m[2mHigh Relevance Scores
[22m[39m[Mock Storage] downloadData called with: undefined
[90mstdout[2m | src/components/ChatSidebar/SearchResults.stories.jsx[2m > [22m[2mLow Relevance Scores
[22m[39m[ChatContext] Cleaning up subscriptions
[90mstdout[2m | src/components/ChatSidebar/SearchResults.stories.jsx[2m > [22m[2mLow Relevance Scores
[22m[39m[Mock Data] Unit.onUpdate() subscription removed. Remaining: 0
[90mstdout[2m | src/components/ChatSidebar/SearchResults.stories.jsx[2m > [22m[2mLow Relevance Scores
[22m[39m[MOCK CourseVectorStore] Initialized with mock data
[90mstdout[2m | src/components/ChatSidebar/SearchResults.stories.jsx[2m > [22m[2mLow Relevance Scores
[22m[39m[TranslationModeController] Setting mode to: off
[90mstdout[2m | src/components/ChatSidebar/SearchResults.stories.jsx[2m > [22m[2mLow Relevance Scores
[22m[39m[UnitContext] useEffect triggered {
  "authLoading": false,
  "hasUser": true,
  "id": "unit-123",
  "userSub": "mock-user-sub",
}
[90mstdout[2m | src/components/ChatSidebar/SearchResults.stories.jsx[2m > [22m[2mLow Relevance Scores
[22m[39m[UnitContext] Fetching unit data for id: unit-123
[90mstdout[2m | src/components/ChatSidebar/SearchResults.stories.jsx[2m > [22m[2mLow Relevance Scores
[22m[39m[FilesContext] Initializing vector store from IndexedDB
[90mstdout[2m | src/components/ChatSidebar/SearchResults.stories.jsx[2m > [22m[2mLow Relevance Scores
[22m[39m[FilesContext] fetchFiles called
[90mstdout[2m | src/components/ChatSidebar/SearchResults.stories.jsx[2m > [22m[2mLow Relevance Scores
[22m[39m[FilesContext] User authenticated: mock-user-sub
[90mstdout[2m | src/components/ChatSidebar/SearchResults.stories.jsx[2m > [22m[2mLow Relevance Scores
[22m[39m[FilesContext] Identity ID: us-east-1:mock-identity-123
[90mstdout[2m | src/components/ChatSidebar/SearchResults.stories.jsx[2m > [22m[2mLow Relevance Scores
[22m[39m[FilesContext] About to set up File observeQuery
[90mstdout[2m | src/components/ChatSidebar/SearchResults.stories.jsx[2m > [22m[2mLow Relevance Scores
[22m[39m[ChatContext] Setting up AssistantChat observeQuery
[90mstdout[2m | src/components/ChatSidebar/SearchResults.stories.jsx[2m > [22m[2mLow Relevance Scores
[22m[39m[ChatContext] Waiting for subscription to initialize
[90mstdout[2m | src/components/ChatSidebar/SearchResults.stories.jsx[2m > [22m[2mLow Relevance Scores
[22m[39m[SettingsContext] Setting up Settings subscription for user: mock-user-sub
[90mstdout[2m | src/components/ChatSidebar/SearchResults.stories.jsx[2m > [22m[2mLow Relevance Scores
[22m[39m[Mock Data] Settings created: mock-settings-1790418635016 - notified 0 subscribers
[90mstdout[2m | src/components/ChatSidebar/SearchResults.stories.jsx[2m > [22m[2mLow Relevance Scores
[22m[39m[Mock Data] Unit.onUpdate() subscription added. Total: 1
[90mstdout[2m | src/components/ChatSidebar/SearchResults.stories.jsx[2m > [22m[2mLow Relevance Scores
[22m[39m[SectionContext] Section observeQuery update: 0
[90mstdout[2m | src/components/ChatSidebar/SearchResults.stories.jsx[2m > [22m[2mLow Relevance Scores
[22m[39m[FilesContext] File observeQuery update: 6 files
[90mstdout[2m | src/components/ChatSidebar/SearchResults.stories.jsx[2m > [22m[2mLow Relevance Scores
[22m[39m[ChatContext] AssistantChat initialized with 1 chats
[90mstdout[2m | src/components/ChatSidebar/SearchResults.stories.jsx[2m > [22m[2mLow Relevance Scores
[22m[39m[ChatContext] Setting initial chat: mock-assistant-chat-1
[90mstdout[2m | src/components/ChatSidebar/SearchResults.stories.jsx[2m > [22m[2mLow Relevance Scores
[22m[39m[MOCK CourseVectorStore] Initialized with mock data
[90mstdout[2m | src/components/ChatSidebar/SearchResults.stories.jsx[2m > [22m[2mLow Relevance Scores
[22m[39m[FilesContext] Vector store population triggered {
  "currentVectorStoreSize": 3,
  "documentsCount": 0,
  "filesCount": 6,
  "isInitialLoad": true,
}
[90mstdout[2m | src/components/ChatSidebar/SearchResults.stories.jsx[2m > [22m[2mLow Relevance Scores
[22m[39m[FilesContext] Vector store population complete - 3 total embeddings
[90mstdout[2m | src/components/ChatSidebar/SearchResults.stories.jsx[2m > [22m[2mLow Relevance Scores
[22m[39m[ChatContext] Chat exists and not archived, skipping creation
[90mstdout[2m | src/components/ChatSidebar/SearchResults.stories.jsx[2m > [22m[2mLow Relevance Scores
[22m[39m[Mock Storage] downloadData called with: undefined
[90mstdout[2m | src/components/ChatSidebar/SearchResults.stories.jsx[2m > [22m[2mLarge Result Set
[22m[39m[ChatContext] Cleaning up subscriptions
[90mstdout[2m | src/components/ChatSidebar/SearchResults.stories.jsx[2m > [22m[2mLarge Result Set
[22m[39m[Mock Data] Unit.onUpdate() subscription removed. Remaining: 0
[90mstdout[2m | src/components/ChatSidebar/SearchResults.stories.jsx[2m > [22m[2mLarge Result Set
[22m[39m[MOCK CourseVectorStore] Initialized with mock data
[90mstdout[2m | src/components/ChatSidebar/SearchResults.stories.jsx[2m > [22m[2mLarge Result Set
[22m[39m[TranslationModeController] Setting mode to: off
[90mstdout[2m | src/components/ChatSidebar/SearchResults.stories.jsx[2m > [22m[2mLarge Result Set
[22m[39m[UnitContext] useEffect triggered {
  "authLoading": false,
  "hasUser": true,
  "id": "unit-123",
  "userSub": "mock-user-sub",
}
[90mstdout[2m | src/components/ChatSidebar/SearchResults.stories.jsx[2m > [22m[2mLarge Result Set
[22m[39m[UnitContext] Fetching unit data for id: unit-123
[90mstdout[2m | src/components/ChatSidebar/SearchResults.stories.jsx[2m > [22m[2mLarge Result Set
[22m[39m[FilesContext] Initializing vector store from IndexedDB
[90mstdout[2m | src/components/ChatSidebar/SearchResults.stories.jsx[2m > [22m[2mLarge Result Set
[22m[39m[FilesContext] fetchFiles called
[90mstdout[2m | src/components/ChatSidebar/SearchResults.stories.jsx[2m > [22m[2mLarge Result Set
[22m[39m[FilesContext] User authenticated: mock-user-sub
[90mstdout[2m | src/components/ChatSidebar/SearchResults.stories.jsx[2m > [22m[2mLarge Result Set
[22m[39m[FilesContext] Identity ID: us-east-1:mock-identity-123
[90mstdout[2m | src/components/ChatSidebar/SearchResults.stories.jsx[2m > [22m[2mLarge Result Set
[22m[39m[FilesContext] About to set up File observeQuery
[90mstdout[2m | src/components/ChatSidebar/SearchResults.stories.jsx[2m > [22m[2mLarge Result Set
[22m[39m[ChatContext] Setting up AssistantChat observeQuery
[90mstdout[2m | src/components/ChatSidebar/SearchResults.stories.jsx[2m > [22m[2mLarge Result Set
[22m[39m[ChatContext] Waiting for subscription to initialize
[90mstdout[2m | src/components/ChatSidebar/SearchResults.stories.jsx[2m > [22m[2mLarge Result Set
[22m[39m[SettingsContext] Setting up Settings subscription for user: mock-user-sub
[90mstdout[2m | src/components/ChatSidebar/SearchResults.stories.jsx[2m > [22m[2mLarge Result Set
[22m[39m[Mock Data] Settings created: mock-settings-1790418635528 - notified 0 subscribers
[90mstdout[2m | src/components/ChatSidebar/SearchResults.stories.jsx[2m > [22m[2mLarge Result Set
[22m[39m[Mock Data] Unit.onUpdate() subscription added. Total: 1
[90mstdout[2m | src/components/ChatSidebar/SearchResults.stories.jsx[2m > [22m[2mLarge Result Set
[22m[39m[SectionContext] Section observeQuery update: 0
[90mstdout[2m | src/components/ChatSidebar/SearchResults.stories.jsx[2m > [22m[2mLarge Result Set
[22m[39m[FilesContext] File observeQuery update: 6 files
[90mstdout[2m | src/components/ChatSidebar/SearchResults.stories.jsx[2m > [22m[2mLarge Result Set
[22m[39m[ChatContext] AssistantChat initialized with 1 chats
[90mstdout[2m | src/components/ChatSidebar/SearchResults.stories.jsx[2m > [22m[2mLarge Result Set
[22m[39m[ChatContext] Setting initial chat: mock-assistant-chat-1
[90mstdout[2m | src/components/ChatSidebar/SearchResults.stories.jsx[2m > [22m[2mLarge Result Set
[22m[39m[MOCK CourseVectorStore] Initialized with mock data
[90mstdout[2m | src/components/ChatSidebar/SearchResults.stories.jsx[2m > [22m[2mLarge Result Set
[22m[39m[FilesContext] Vector store population triggered {
  "currentVectorStoreSize": 3,
  "documentsCount": 0,
  "filesCount": 6,
  "isInitialLoad": true,
}
[90mstdout[2m | src/components/ChatSidebar/SearchResults.stories.jsx[2m > [22m[2mLarge Result Set
[22m[39m[FilesContext] Vector store population complete - 3 total embeddings
[90mstdout[2m | src/components/ChatSidebar/SearchResults.stories.jsx[2m > [22m[2mLarge Result Set
[22m[39m[ChatContext] Chat exists and not archived, skipping creation
[90mstdout[2m | src/components/ChatSidebar/SearchResults.stories.jsx[2m > [22m[2mLarge Result Set
[22m[39m[Mock Storage] downloadData called with: undefined
[90mstdout[2m | src/components/ChatSidebar/SearchResults.stories.jsx[2m > [22m[2mWithout Unit Id
[22m[39m[ChatContext] Cleaning up subscriptions
[90mstdout[2m | src/components/ChatSidebar/SearchResults.stories.jsx[2m > [22m[2mWithout Unit Id
[22m[39m[Mock Data] Unit.onUpdate() subscription removed. Remaining: 0
[90mstdout[2m | src/components/ChatSidebar/SearchResults.stories.jsx[2m > [22m[2mWithout Unit Id
[22m[39m[MOCK CourseVectorStore] Initialized with mock data
[90mstdout[2m | src/components/ChatSidebar/SearchResults.stories.jsx[2m > [22m[2mWithout Unit Id
[22m[39m[TranslationModeController] Setting mode to: off
[90mstdout[2m | src/components/ChatSidebar/SearchResults.stories.jsx[2m > [22m[2mWithout Unit Id
[22m[39m[UnitContext] useEffect triggered {
  "authLoading": false,
  "hasUser": true,
  "id": "mock-unit-id",
  "userSub": "mock-user-sub",
}
[90mstdout[2m | src/components/ChatSidebar/SearchResults.stories.jsx[2m > [22m[2mWithout Unit Id
[22m[39m[UnitContext] Fetching unit data for id: mock-unit-id
[90mstdout[2m | src/components/ChatSidebar/SearchResults.stories.jsx[2m > [22m[2mWithout Unit Id
[22m[39m[FilesContext] Initializing vector store from IndexedDB
[90mstdout[2m | src/components/ChatSidebar/SearchResults.stories.jsx[2m > [22m[2mWithout Unit Id
[22m[39m[FilesContext] fetchFiles called
[90mstdout[2m | src/components/ChatSidebar/SearchResults.stories.jsx[2m > [22m[2mWithout Unit Id
[22m[39m[FilesContext] User authenticated: mock-user-sub
[90mstdout[2m | src/components/ChatSidebar/SearchResults.stories.jsx[2m > [22m[2mWithout Unit Id
[22m[39m[FilesContext] Identity ID: us-east-1:mock-identity-123
[90mstdout[2m | src/components/ChatSidebar/SearchResults.stories.jsx[2m > [22m[2mWithout Unit Id
[22m[39m[FilesContext] About to set up File observeQuery
[90mstdout[2m | src/components/ChatSidebar/SearchResults.stories.jsx[2m > [22m[2mWithout Unit Id
[22m[39m[ChatContext] Setting up AssistantChat observeQuery
[90mstdout[2m | src/components/ChatSidebar/SearchResults.stories.jsx[2m > [22m[2mWithout Unit Id
[22m[39m[ChatContext] Waiting for subscription to initialize
[90mstdout[2m | src/components/ChatSidebar/SearchResults.stories.jsx[2m > [22m[2mWithout Unit Id
[22m[39m[SettingsContext] Setting up Settings subscription for user: mock-user-sub
[90mstdout[2m | src/components/ChatSidebar/SearchResults.stories.jsx[2m > [22m[2mWithout Unit Id
[22m[39m[Mock Data] Settings created: mock-settings-1790418636143 - notified 0 subscribers
[90mstdout[2m | src/components/ChatSidebar/SearchResults.stories.jsx[2m > [22m[2mWithout Unit Id
[22m[39m[Mock Data] Unit.onUpdate() subscription added. Total: 1
[90mstdout[2m | src/components/ChatSidebar/SearchResults.stories.jsx[2m > [22m[2mWithout Unit Id
[22m[39m[SectionContext] Section observeQuery update: 0
[90mstdout[2m | src/components/ChatSidebar/SearchResults.stories.jsx[2m > [22m[2mWithout Unit Id
[22m[39m[FilesContext] File observeQuery update: 6 files
[90mstdout[2m | src/components/ChatSidebar/SearchResults.stories.jsx[2m > [22m[2mWithout Unit Id
[22m[39m[ChatContext] AssistantChat initialized with 1 chats
[90mstdout[2m | src/components/ChatSidebar/SearchResults.stories.jsx[2m > [22m[2mWithout Unit Id
[22m[39m[ChatContext] Setting initial chat: mock-assistant-chat-1
[90mstdout[2m | src/components/ChatSidebar/SearchResults.stories.jsx[2m > [22m[2mWithout Unit Id
[22m[39m[MOCK CourseVectorStore] Initialized with mock data
[90mstdout[2m | src/components/ChatSidebar/SearchResults.stories.jsx[2m > [22m[2mWithout Unit Id
[22m[39m[FilesContext] Vector store population triggered {
  "currentVectorStoreSize": 3,
  "documentsCount": 0,
  "filesCount": 6,
  "isInitialLoad": true,
}
[90mstdout[2m | src/components/ChatSidebar/SearchResults.stories.jsx[2m > [22m[2mWithout Unit Id
[22m[39m[FilesContext] Vector store population complete - 3 total embeddings
[90mstdout[2m | src/components/ChatSidebar/SearchResults.stories.jsx[2m > [22m[2mWithout Unit Id
[22m[39m[ChatContext] Chat exists and not archived, skipping creation
[90mstdout[2m | src/components/ChatSidebar/SearchResults.stories.jsx[2m > [22m[2mWithout Unit Id
[22m[39m[Mock Storage] downloadData called with: undefined
[90mstdout[2m | src/components/ChatSidebar/SearchResults.stories.jsx[2m > [22m[2mMinimal Callbacks
[22m[39m[ChatContext] Cleaning up subscriptions
[90mstdout[2m | src/components/ChatSidebar/SearchResults.stories.jsx[2m > [22m[2mMinimal Callbacks
[22m[39m[Mock Data] Unit.onUpdate() subscription removed. Remaining: 0
[90mstdout[2m | src/components/ChatSidebar/SearchResults.stories.jsx[2m > [22m[2mMinimal Callbacks
[22m[39m[MOCK CourseVectorStore] Initialized with mock data
[90mstdout[2m | src/components/ChatSidebar/SearchResults.stories.jsx[2m > [22m[2mMinimal Callbacks
[22m[39m[TranslationModeController] Setting mode to: off
[90mstdout[2m | src/components/ChatSidebar/SearchResults.stories.jsx[2m > [22m[2mMinimal Callbacks
[22m[39m[UnitContext] useEffect triggered {
  "authLoading": false,
  "hasUser": true,
  "id": "mock-unit-id",
  "userSub": "mock-user-sub",
}
[90mstdout[2m | src/components/ChatSidebar/SearchResults.stories.jsx[2m > [22m[2mMinimal Callbacks
[22m[39m[UnitContext] Fetching unit data for id: mock-unit-id
[90mstdout[2m | src/components/ChatSidebar/SearchResults.stories.jsx[2m > [22m[2mMinimal Callbacks
[22m[39m[FilesContext] Initializing vector store from IndexedDB
[90mstdout[2m | src/components/ChatSidebar/SearchResults.stories.jsx[2m > [22m[2mMinimal Callbacks
[22m[39m[FilesContext] fetchFiles called
[90mstdout[2m | src/components/ChatSidebar/SearchResults.stories.jsx[2m > [22m[2mMinimal Callbacks
[22m[39m[FilesContext] User authenticated: mock-user-sub
[90mstdout[2m | src/components/ChatSidebar/SearchResults.stories.jsx[2m > [22m[2mMinimal Callbacks
[22m[39m[FilesContext] Identity ID: us-east-1:mock-identity-123
[90mstdout[2m | src/components/ChatSidebar/SearchResults.stories.jsx[2m > [22m[2mMinimal Callbacks
[22m[39m[FilesContext] About to set up File observeQuery
[90mstdout[2m | src/components/ChatSidebar/SearchResults.stories.jsx[2m > [22m[2mMinimal Callbacks
[22m[39m[ChatContext] Setting up AssistantChat observeQuery
[90mstdout[2m | src/components/ChatSidebar/SearchResults.stories.jsx[2m > [22m[2mMinimal Callbacks
[22m[39m[ChatContext] Waiting for subscription to initialize
[90mstdout[2m | src/components/ChatSidebar/SearchResults.stories.jsx[2m > [22m[2mMinimal Callbacks
[22m[39m[SettingsContext] Setting up Settings subscription for user: mock-user-sub
[90mstdout[2m | src/components/ChatSidebar/SearchResults.stories.jsx[2m > [22m[2mMinimal Callbacks
[22m[39m[Mock Data] Settings created: mock-settings-1790418636411 - notified 0 subscribers
[90mstdout[2m | src/components/ChatSidebar/SearchResults.stories.jsx[2m > [22m[2mMinimal Callbacks
[22m[39m[Mock Data] Unit.onUpdate() subscription added. Total: 1
[90mstdout[2m | src/components/ChatSidebar/SearchResults.stories.jsx[2m > [22m[2mMinimal Callbacks
[22m[39m[SectionContext] Section observeQuery update: 0
[90mstdout[2m | src/components/ChatSidebar/SearchResults.stories.jsx[2m > [22m[2mMinimal Callbacks
[22m[39m[FilesContext] File observeQuery update: 6 files
[90mstdout[2m | src/components/ChatSidebar/SearchResults.stories.jsx[2m > [22m[2mMinimal Callbacks
[22m[39m[ChatContext] AssistantChat initialized with 1 chats
[90mstdout[2m | src/components/ChatSidebar/SearchResults.stories.jsx[2m > [22m[2mMinimal Callbacks
[22m[39m[ChatContext] Setting initial chat: mock-assistant-chat-1
[90mstdout[2m | src/components/ChatSidebar/SearchResults.stories.jsx[2m > [22m[2mMinimal Callbacks
[22m[39m[MOCK CourseVectorStore] Initialized with mock data
[90mstdout[2m | src/components/ChatSidebar/SearchResults.stories.jsx[2m > [22m[2mMinimal Callbacks
[22m[39m[FilesContext] Vector store population triggered {
  "currentVectorStoreSize": 3,
  "documentsCount": 0,
  "filesCount": 6,
  "isInitialLoad": true,
}
[90mstdout[2m | src/components/ChatSidebar/SearchResults.stories.jsx[2m > [22m[2mMinimal Callbacks
[22m[39m[FilesContext] Vector store population complete - 3 total embeddings
[90mstdout[2m | src/components/ChatSidebar/SearchResults.stories.jsx[2m > [22m[2mMinimal Callbacks
[22m[39m[ChatContext] Chat exists and not archived, skipping creation
[90mstdout[2m | src/components/ChatSidebar/SearchResults.stories.jsx[2m > [22m[2mMinimal Callbacks
[22m[39m[Mock Storage] downloadData called with: undefined
[90mstdout[2m | src/components/ChatSidebar/SearchResults.stories.jsx[2m > [22m[2mIn Constrained Container
[22m[39m[ChatContext] Cleaning up subscriptions
[90mstdout[2m | src/components/ChatSidebar/SearchResults.stories.jsx[2m > [22m[2mIn Constrained Container
[22m[39m[Mock Data] Unit.onUpdate() subscription removed. Remaining: 0
[90mstdout[2m | src/components/ChatSidebar/SearchResults.stories.jsx[2m > [22m[2mIn Constrained Container
[22m[39m[MOCK CourseVectorStore] Initialized with mock data
[90mstdout[2m | src/components/ChatSidebar/SearchResults.stories.jsx[2m > [22m[2mIn Constrained Container
[22m[39m[TranslationModeController] Setting mode to: off
[90mstdout[2m | src/components/ChatSidebar/SearchResults.stories.jsx[2m > [22m[2mIn Constrained Container
[22m[39m[UnitContext] useEffect triggered {
  "authLoading": false,
  "hasUser": true,
  "id": "unit-123",
  "userSub": "mock-user-sub",
}
[90mstdout[2m | src/components/ChatSidebar/SearchResults.stories.jsx[2m > [22m[2mIn Constrained Container
[22m[39m[UnitContext] Fetching unit data for id: unit-123
[90mstdout[2m | src/components/ChatSidebar/SearchResults.stories.jsx[2m > [22m[2mIn Constrained Container
[22m[39m[FilesContext] Initializing vector store from IndexedDB
[90mstdout[2m | src/components/ChatSidebar/SearchResults.stories.jsx[2m > [22m[2mIn Constrained Container
[22m[39m[FilesContext] fetchFiles called
[90mstdout[2m | src/components/ChatSidebar/SearchResults.stories.jsx[2m > [22m[2mIn Constrained Container
[22m[39m[FilesContext] User authenticated: mock-user-sub
[90mstdout[2m | src/components/ChatSidebar/SearchResults.stories.jsx[2m > [22m[2mIn Constrained Container
[22m[39m[FilesContext] Identity ID: us-east-1:mock-identity-123
[90mstdout[2m | src/components/ChatSidebar/SearchResults.stories.jsx[2m > [22m[2mIn Constrained Container
[22m[39m[FilesContext] About to set up File observeQuery
[90mstdout[2m | src/components/ChatSidebar/SearchResults.stories.jsx[2m > [22m[2mIn Constrained Container
[22m[39m[ChatContext] Setting up AssistantChat observeQuery
[90mstdout[2m | src/components/ChatSidebar/SearchResults.stories.jsx[2m > [22m[2mIn Constrained Container
[22m[39m[ChatContext] Waiting for subscription to initialize
[90mstdout[2m | src/components/ChatSidebar/SearchResults.stories.jsx[2m > [22m[2mIn Constrained Container
[22m[39m[SettingsContext] Setting up Settings subscription for user: mock-user-sub
[90mstdout[2m | src/components/ChatSidebar/SearchResults.stories.jsx[2m > [22m[2mIn Constrained Container
[22m[39m[Mock Data] Settings created: mock-settings-1790418636733 - notified 0 subscribers
[90mstdout[2m | src/components/ChatSidebar/SearchResults.stories.jsx[2m > [22m[2mIn Constrained Container
[22m[39m[Mock Data] Unit.onUpdate() subscription added. Total: 1
[90mstdout[2m | src/components/ChatSidebar/SearchResults.stories.jsx[2m > [22m[2mIn Constrained Container
[22m[39m[SectionContext] Section observeQuery update: 0
[90mstdout[2m | src/components/ChatSidebar/SearchResults.stories.jsx[2m > [22m[2mIn Constrained Container
[22m[39m[FilesContext] File observeQuery update: 6 files
[90mstdout[2m | src/components/ChatSidebar/SearchResults.stories.jsx[2m > [22m[2mIn Constrained Container
[22m[39m[ChatContext] AssistantChat initialized with 1 chats
[90mstdout[2m | src/components/ChatSidebar/SearchResults.stories.jsx[2m > [22m[2mIn Constrained Container
[22m[39m[ChatContext] Setting initial chat: mock-assistant-chat-1
[90mstdout[2m | src/components/ChatSidebar/SearchResults.stories.jsx[2m > [22m[2mIn Constrained Container
[22m[39m[MOCK CourseVectorStore] Initialized with mock data
[90mstdout[2m | src/components/ChatSidebar/SearchResults.stories.jsx[2m > [22m[2mIn Constrained Container
[22m[39m[FilesContext] Vector store population triggered {
  "currentVectorStoreSize": 3,
  "documentsCount": 0,
  "filesCount": 6,
  "isInitialLoad": true,
}
[90mstdout[2m | src/components/ChatSidebar/SearchResults.stories.jsx[2m > [22m[2mIn Constrained Container
[22m[39m[FilesContext] Vector store population complete - 3 total embeddings
[90mstdout[2m | src/components/ChatSidebar/SearchResults.stories.jsx[2m > [22m[2mIn Constrained Container
[22m[39m[ChatContext] Chat exists and not archived, skipping creation
[90mstdout[2m | src/components/ChatSidebar/SearchResults.stories.jsx[2m > [22m[2mIn Constrained Container
[22m[39m[Mock Storage] downloadData called with: undefined
 [32m✓[39m [30m[45m storybook (chromium) [49m[39m src/components/ChatSidebar/SearchResults.stories.jsx [2m([22m[2m14 tests[22m[2m)[22m[33m 4190[2mms[22m[39m
   [33m[2m✓[22m[39m All Result Types [33m 609[2mms[22m[39m
   [33m[2m✓[22m[39m Large Result Set [33m 894[2mms[22m[39m
   [33m[2m✓[22m[39m In Constrained Container [33m 436[2mms[22m[39m
[90mstdout[2m | unknown test
[22m[39m[MOCK vectorStoreDB.js] Module loaded - mock IndexedDB operations
[90mstdout[2m | unknown test
[22m[39m[Task Completion] DOM action listeners initialized
[90mstdout[2m | unknown test
[22m[39m[Task Completion] Auto-completion detector initialized
[90mstdout[2m | unknown test
[22m[39m[Preview] Task completion detector initialized
[90mstdout[2m | .storybook/docs/QuickTour-Student.stories.tsx[2m > [22m[2m1. Student Dashboard
[22m[39m[Preview] Skipped clearing mock data (clearMockData=false)
[90mstdout[2m | .storybook/docs/QuickTour-Student.stories.tsx[2m > [22m[2m1. Student Dashboard
[22m[39m[Preview] Skipped initializing default mock data (initializeMockData=false)
[90mstdout[2m | .storybook/docs/QuickTour-Student.stories.tsx[2m > [22m[2m1. Student Dashboard
[22m[39m[Mock Auth] setMockUser: {
  "attributes": {
    "email": "alice@example.com",
    "name": "Alice Johnson",
    "sub": "student-alice-sub",
  },
  "groups": [
    "Learners",
    "section-jpn-101-learners",
    "section-jpn-102-learners",
  ],
  "username": "student-alice-sub",
}
[90mstdout[2m | .storybook/docs/QuickTour-Student.stories.tsx[2m > [22m[2m1. Student Dashboard
[22m[39m[Mock Data] seedMockUnit: Adding unit unit-japanese-1
[90mstdout[2m | .storybook/docs/QuickTour-Student.stories.tsx[2m > [22m[2m1. Student Dashboard
[22m[39m[Mock Data] seedMockUnit: Adding unit unit-japanese-2
[90mstdout[2m | .storybook/docs/QuickTour-Student.stories.tsx[2m > [22m[2m1. Student Dashboard
[22m[39m[Mock Data] seedMockUnit: Adding unit unit-japanese-3
[90mstdout[2m | .storybook/docs/QuickTour-Student.stories.tsx[2m > [22m[2m1. Student Dashboard
[22m[39m[Mock Data] seedMockUnit: Adding unit unit-kanji-basics
[90mstdout[2m | .storybook/docs/QuickTour-Student.stories.tsx[2m > [22m[2m1. Student Dashboard
[22m[39m[Mock Data] seedMockSections: Adding 2 sections
[90mstdout[2m | .storybook/docs/QuickTour-Student.stories.tsx[2m > [22m[2m1. Student Dashboard
[22m[39m[Mock Data] Seeding section: section-jpn-101 with owner: teacher-1
[90mstdout[2m | .storybook/docs/QuickTour-Student.stories.tsx[2m > [22m[2m1. Student Dashboard
[22m[39m[Mock Data] Seeding section: section-jpn-102 with owner: teacher-2
[90mstdout[2m | .storybook/docs/QuickTour-Student.stories.tsx[2m > [22m[2m1. Student Dashboard
[22m[39m[Mock Data] Total sections in store: 2
[90mstdout[2m | .storybook/docs/QuickTour-Student.stories.tsx[2m > [22m[2m1. Student Dashboard
[22m[39m[Mock Data] Sections in store: [
  {
    "id": "section-jpn-101",
    "name": "Japanese 101 - Spring 2024",
    "owner": "teacher-1",
  },
  {
    "id": "section-jpn-102",
    "name": "Japanese 102 - Advanced",
    "owner": "teacher-2",
  },
]
[90mstdout[2m | .storybook/docs/QuickTour-Student.stories.tsx[2m > [22m[2m1. Student Dashboard
[22m[39m[Mock Data] No active Section subscriptions to notify yet
[90mstdout[2m | .storybook/docs/QuickTour-Student.stories.tsx[2m > [22m[2m1. Student Dashboard
[22m[39m[Mock Data] seedMockAssignments: Adding 4 assignments
[90mstdout[2m | .storybook/docs/QuickTour-Student.stories.tsx[2m > [22m[2m1. Student Dashboard
[22m[39m[Mock Data] Total assignments in store: 4
[90mstdout[2m | .storybook/docs/QuickTour-Student.stories.tsx[2m > [22m[2m1. Student Dashboard
[22m[39m[Mock Data] Seeded grade: grade-alice-1 for unit: unit-japanese-1
[90mstdout[2m | .storybook/docs/QuickTour-Student.stories.tsx[2m > [22m[2m1. Student Dashboard
[22m[39m[Mock Data] Grade has data: true
[90mstdout[2m | .storybook/docs/QuickTour-Student.stories.tsx[2m > [22m[2m1. Student Dashboard
[22m[39m[Mock Data] Total grades in store: 1
[90mstdout[2m | .storybook/docs/QuickTour-Student.stories.tsx[2m > [22m[2m1. Student Dashboard
[22m[39m[Mock Data] Seeded grade: grade-alice-1-attempt2 for unit: unit-japanese-1
[90mstdout[2m | .storybook/docs/QuickTour-Student.stories.tsx[2m > [22m[2m1. Student Dashboard
[22m[39m[Mock Data] Grade has data: true
[90mstdout[2m | .storybook/docs/QuickTour-Student.stories.tsx[2m > [22m[2m1. Student Dashboard
[22m[39m[Mock Data] Total grades in store: 2
[90mstdout[2m | .storybook/docs/QuickTour-Student.stories.tsx[2m > [22m[2m1. Student Dashboard
[22m[39m[Mock Data] Seeded grade: grade-alice-2 for unit: unit-japanese-2
[90mstdout[2m | .storybook/docs/QuickTour-Student.stories.tsx[2m > [22m[2m1. Student Dashboard
[22m[39m[Mock Data] Grade has data: true
[90mstdout[2m | .storybook/docs/QuickTour-Student.stories.tsx[2m > [22m[2m1. Student Dashboard
[22m[39m[Mock Data] Total grades in store: 3
[90mstdout[2m | .storybook/docs/QuickTour-Student.stories.tsx[2m > [22m[2m1. Student Dashboard
[22m[39m[Mock Data] seedMockStudentProfiles: Adding 6 student profiles
[90mstdout[2m | .storybook/docs/QuickTour-Student.stories.tsx[2m > [22m[2m1. Student Dashboard
[22m[39m[Mock Data] seedMockHomeworkRooms: Adding 2 homework rooms
[90mstdout[2m | .storybook/docs/QuickTour-Student.stories.tsx[2m > [22m[2m1. Student Dashboard
[22m[39m[IndexPageData] Seeded student dashboard with {
  "assignments": 4,
  "grades": 3,
  "sections": 2,
  "units": 4,
}
[90mstdout[2m | .storybook/docs/QuickTour-Student.stories.tsx[2m > [22m[2m1. Student Dashboard
[22m[39m[MOCK CourseVectorStore] Initialized with mock data
[90mstdout[2m | .storybook/docs/QuickTour-Student.stories.tsx[2m > [22m[2m1. Student Dashboard
[22m[39m[MOCK CourseVectorStore] Initialized with mock data
[90mstdout[2m | .storybook/docs/QuickTour-Student.stories.tsx[2m > [22m[2m1. Student Dashboard
[22m[39m[MOCK CourseVectorStore] Initialized with mock data
[90mstdout[2m | .storybook/docs/QuickTour-Student.stories.tsx[2m > [22m[2m1. Student Dashboard
[22m[39m[useChatPageContext] Registering page context: {
  "dictionaryCount": 0,
  "filesCount": 0,
  "hasEditorRef": false,
  "hasUnit": false,
  "hasVectorStoreSearch": false,
  "questionsCount": 0,
  "sectionsCount": 0,
}
[90mstdout[2m | .storybook/docs/QuickTour-Student.stories.tsx[2m > [22m[2m1. Student Dashboard
[22m[39m[FilesContext] Initializing vector store from IndexedDB
[90mstdout[2m | .storybook/docs/QuickTour-Student.stories.tsx[2m > [22m[2m1. Student Dashboard
[22m[39m[FilesContext] fetchFiles called
[90mstdout[2m | .storybook/docs/QuickTour-Student.stories.tsx[2m > [22m[2m1. Student Dashboard
[22m[39m[FilesContext] User authenticated: student-alice-sub
[90mstdout[2m | .storybook/docs/QuickTour-Student.stories.tsx[2m > [22m[2m1. Student Dashboard
[22m[39m[FilesContext] Identity ID: identity-alice
[90mstdout[2m | .storybook/docs/QuickTour-Student.stories.tsx[2m > [22m[2m1. Student Dashboard
[22m[39m[FilesContext] About to set up File observeQuery
[90mstdout[2m | .storybook/docs/QuickTour-Student.stories.tsx[2m > [22m[2m1. Student Dashboard
[22m[39m[FilesContext] Initializing vector store from IndexedDB
[90mstdout[2m | .storybook/docs/QuickTour-Student.stories.tsx[2m > [22m[2m1. Student Dashboard
[22m[39m[FilesContext] fetchFiles called
[90mstdout[2m | .storybook/docs/QuickTour-Student.stories.tsx[2m > [22m[2m1. Student Dashboard
[22m[39m[FilesContext] User authenticated: student-alice-sub
[90mstdout[2m | .storybook/docs/QuickTour-Student.stories.tsx[2m > [22m[2m1. Student Dashboard
[22m[39m[FilesContext] Identity ID: identity-alice
[90mstdout[2m | .storybook/docs/QuickTour-Student.stories.tsx[2m > [22m[2m1. Student Dashboard
[22m[39m[FilesContext] About to set up File observeQuery
[90mstdout[2m | .storybook/docs/QuickTour-Student.stories.tsx[2m > [22m[2m1. Student Dashboard
[22m[39m[TranslationModeController] Setting mode to: off
[90mstdout[2m | .storybook/docs/QuickTour-Student.stories.tsx[2m > [22m[2m1. Student Dashboard
[22m[39m[FilesContext] Initializing vector store from IndexedDB
[90mstdout[2m | .storybook/docs/QuickTour-Student.stories.tsx[2m > [22m[2m1. Student Dashboard
[22m[39m[FilesContext] fetchFiles called
[90mstdout[2m | .storybook/docs/QuickTour-Student.stories.tsx[2m > [22m[2m1. Student Dashboard
[22m[39m[FilesContext] User authenticated: student-alice-sub
[90mstdout[2m | .storybook/docs/QuickTour-Student.stories.tsx[2m > [22m[2m1. Student Dashboard
[22m[39m[FilesContext] Identity ID: identity-alice
[90mstdout[2m | .storybook/docs/QuickTour-Student.stories.tsx[2m > [22m[2m1. Student Dashboard
[22m[39m[FilesContext] About to set up File observeQuery
[90mstdout[2m | .storybook/docs/QuickTour-Student.stories.tsx[2m > [22m[2m1. Student Dashboard
[22m[39m[ChatContext] Setting up AssistantChat observeQuery
[90mstdout[2m | .storybook/docs/QuickTour-Student.stories.tsx[2m > [22m[2m1. Student Dashboard
[22m[39m[ChatContext] Waiting for subscription to initialize
[90mstdout[2m | .storybook/docs/QuickTour-Student.stories.tsx[2m > [22m[2m1. Student Dashboard
[22m[39m[SettingsContext] Setting up Settings subscription for user: student-alice-sub
[90mstdout[2m | .storybook/docs/QuickTour-Student.stories.tsx[2m > [22m[2m1. Student Dashboard
[22m[39m[Mock Data] Settings created: mock-settings-1790418640848 - notified 0 subscribers
[90mstdout[2m | .storybook/docs/QuickTour-Student.stories.tsx[2m > [22m[2m1. Student Dashboard
[22m[39m[FilesContext] File observeQuery update: 0 files
[90mstdout[2m | .storybook/docs/QuickTour-Student.stories.tsx[2m > [22m[2m1. Student Dashboard
[22m[39m[FilesContext] File observeQuery update: 0 files
[90mstdout[2m | .storybook/docs/QuickTour-Student.stories.tsx[2m > [22m[2m1. Student Dashboard
[22m[39m[FilesContext] File observeQuery update: 0 files
[90mstdout[2m | .storybook/docs/QuickTour-Student.stories.tsx[2m > [22m[2m1. Student Dashboard
[22m[39m[ChatContext] AssistantChat initialized with 0 chats
[90mstdout[2m | .storybook/docs/QuickTour-Student.stories.tsx[2m > [22m[2m1. Student Dashboard
[22m[39m[MOCK CourseVectorStore] Initialized with mock data
[90mstdout[2m | .storybook/docs/QuickTour-Student.stories.tsx[2m > [22m[2m1. Student Dashboard
[22m[39m[MOCK CourseVectorStore] Initialized with mock data
[90mstdout[2m | .storybook/docs/QuickTour-Student.stories.tsx[2m > [22m[2m1. Student Dashboard
[22m[39m[MOCK CourseVectorStore] Initialized with mock data
[90mstdout[2m | .storybook/docs/QuickTour-Student.stories.tsx[2m > [22m[2m1. Student Dashboard
[22m[39m[ChatContext] No current chat available, will create one
[90mstdout[2m | .storybook/docs/QuickTour-Student.stories.tsx[2m > [22m[2m1. Student Dashboard
[22m[39m[ChatContext] Creating AssistantChat with user: undefined
[90mstdout[2m | .storybook/docs/QuickTour-Student.stories.tsx[2m > [22m[2m1. Student Dashboard
[22m[39m[Mock Data] AssistantChat created: mock-assistantchat-1790418640998 - notified 1 subscribers
[90mstdout[2m | .storybook/docs/QuickTour-Student.stories.tsx[2m > [22m[2m1. Student Dashboard
[22m[39m[ChatContext] Create result: {
  "data": {
    "_version": 1,
    "archived": false,
    "chatFiles": [Function anonymous],
    "createdAt": "2026-09-26T10:30:40.998Z",
    "id": "mock-assistantchat-1790418640998",
    "model": "gpt-4",
    "updatedAt": "2026-09-26T10:30:40.998Z",
  },
  "errors": [],
  "hasData": true,
  "hasErrors": true,
}
[90mstdout[2m | .storybook/docs/QuickTour-Student.stories.tsx[2m > [22m[2m1. Student Dashboard
[22m[39m[ChatContext] Created AssistantChat: mock-assistantchat-1790418640998 at: 2026-09-26T10:30:40.998Z
[90mstdout[2m | .storybook/docs/QuickTour-Student.stories.tsx[2m > [22m[2m1. Student Dashboard
[22m[39m[ChatContext] Setting initial chat: mock-assistantchat-1790418640998
[90mstdout[2m | .storybook/docs/QuickTour-Student.stories.tsx[2m > [22m[2m1. Student Dashboard
[22m[39m[ChatContext] Chat exists and not archived, skipping creation
[90mstdout[2m | .storybook/docs/QuickTour-Student.stories.tsx[2m > [22m[2m1. Student Dashboard
[22m[39mMock Cache.getItem called with: getCachedUrl_/story-mocks/animals-10008941_1280.jpg
[90mstdout[2m | .storybook/docs/QuickTour-Student.stories.tsx[2m > [22m[2m1. Student Dashboard
[22m[39mMock getUrl called with: /story-mocks/animals-10008941_1280.jpg
[90mstdout[2m | .storybook/docs/QuickTour-Student.stories.tsx[2m > [22m[2m1. Student Dashboard
[22m[39mMock Cache.setItem called with: getCachedUrl_/story-mocks/animals-10008941_1280.jpg /story-mocks/animals-10008941_1280.jpg
[90mstdout[2m | .storybook/docs/QuickTour-Student.stories.tsx[2m > [22m[2m2. Section & Assignments
[22m[39m[ChatContext] Cleaning up subscriptions
[90mstdout[2m | .storybook/docs/QuickTour-Student.stories.tsx[2m > [22m[2m2. Section & Assignments
[22m[39m[useChatPageContext] Cleaning up page context
[90mstdout[2m | .storybook/docs/QuickTour-Student.stories.tsx[2m > [22m[2m2. Section & Assignments
[22m[39m[Preview] Skipped clearing mock data (clearMockData=false)
[90mstdout[2m | .storybook/docs/QuickTour-Student.stories.tsx[2m > [22m[2m2. Section & Assignments
[22m[39m[Preview] Skipped initializing default mock data (initializeMockData=false)
[90mstdout[2m | .storybook/docs/QuickTour-Student.stories.tsx[2m > [22m[2m2. Section & Assignments
[22m[39m[Mock Auth] setMockUser: {
  "attributes": {
    "email": "alice@example.com",
    "name": "Alice Johnson",
    "sub": "student-alice-sub",
  },
  "groups": [
    "Learners",
    "section-jpn-101-learners",
    "section-jpn-102-learners",
  ],
  "username": "student-alice-sub",
}
[90mstdout[2m | .storybook/docs/QuickTour-Student.stories.tsx[2m > [22m[2m2. Section & Assignments
[22m[39m[Mock Data] seedMockUnit: Adding unit unit-japanese-1
[90mstdout[2m | .storybook/docs/QuickTour-Student.stories.tsx[2m > [22m[2m2. Section & Assignments
[22m[39m[Mock Data] seedMockUnit: Adding unit unit-japanese-2
[90mstdout[2m | .storybook/docs/QuickTour-Student.stories.tsx[2m > [22m[2m2. Section & Assignments
[22m[39m[Mock Data] seedMockUnit: Adding unit unit-japanese-3
[90mstdout[2m | .storybook/docs/QuickTour-Student.stories.tsx[2m > [22m[2m2. Section & Assignments
[22m[39m[Mock Data] seedMockUnit: Adding unit unit-kanji-basics
[90mstdout[2m | .storybook/docs/QuickTour-Student.stories.tsx[2m > [22m[2m2. Section & Assignments
[22m[39m[Mock Data] seedMockSections: Adding 2 sections
[90mstdout[2m | .storybook/docs/QuickTour-Student.stories.tsx[2m > [22m[2m2. Section & Assignments
[22m[39m[Mock Data] Seeding section: section-jpn-101 with owner: teacher-1
[90mstdout[2m | .storybook/docs/QuickTour-Student.stories.tsx[2m > [22m[2m2. Section & Assignments
[22m[39m[Mock Data] Seeding section: section-jpn-102 with owner: teacher-2
[90mstdout[2m | .storybook/docs/QuickTour-Student.stories.tsx[2m > [22m[2m2. Section & Assignments
[22m[39m[Mock Data] Total sections in store: 2
[90mstdout[2m | .storybook/docs/QuickTour-Student.stories.tsx[2m > [22m[2m2. Section & Assignments
[22m[39m[Mock Data] Sections in store: [
  {
    "id": "section-jpn-101",
    "name": "Japanese 101 - Spring 2024",
    "owner": "teacher-1",
  },
  {
    "id": "section-jpn-102",
    "name": "Japanese 102 - Advanced",
    "owner": "teacher-2",
  },
]
[90mstdout[2m | .storybook/docs/QuickTour-Student.stories.tsx[2m > [22m[2m2. Section & Assignments
[22m[39m[Mock Data] No active Section subscriptions to notify yet
[90mstdout[2m | .storybook/docs/QuickTour-Student.stories.tsx[2m > [22m[2m2. Section & Assignments
[22m[39m[Mock Data] seedMockAssignments: Adding 4 assignments
[90mstdout[2m | .storybook/docs/QuickTour-Student.stories.tsx[2m > [22m[2m2. Section & Assignments
[22m[39m[Mock Data] Total assignments in store: 4
[90mstdout[2m | .storybook/docs/QuickTour-Student.stories.tsx[2m > [22m[2m2. Section & Assignments
[22m[39m[Mock Data] Seeded grade: grade-alice-1 for unit: unit-japanese-1
[90mstdout[2m | .storybook/docs/QuickTour-Student.stories.tsx[2m > [22m[2m2. Section & Assignments
[22m[39m[Mock Data] Grade has data: true
[90mstdout[2m | .storybook/docs/QuickTour-Student.stories.tsx[2m > [22m[2m2. Section & Assignments
[22m[39m[Mock Data] Total grades in store: 1
[90mstdout[2m | .storybook/docs/QuickTour-Student.stories.tsx[2m > [22m[2m2. Section & Assignments
[22m[39m[Mock Data] Seeded grade: grade-alice-1-attempt2 for unit: unit-japanese-1
[90mstdout[2m | .storybook/docs/QuickTour-Student.stories.tsx[2m > [22m[2m2. Section & Assignments
[22m[39m[Mock Data] Grade has data: true
[90mstdout[2m | .storybook/docs/QuickTour-Student.stories.tsx[2m > [22m[2m2. Section & Assignments
[22m[39m[Mock Data] Total grades in store: 2
[90mstdout[2m | .storybook/docs/QuickTour-Student.stories.tsx[2m > [22m[2m2. Section & Assignments
[22m[39m[Mock Data] Seeded grade: grade-alice-2 for unit: unit-japanese-2
[90mstdout[2m | .storybook/docs/QuickTour-Student.stories.tsx[2m > [22m[2m2. Section & Assignments
[22m[39m[Mock Data] Grade has data: true
[90mstdout[2m | .storybook/docs/QuickTour-Student.stories.tsx[2m > [22m[2m2. Section & Assignments
[22m[39m[Mock Data] Total grades in store: 3
[90mstdout[2m | .storybook/docs/QuickTour-Student.stories.tsx[2m > [22m[2m2. Section & Assignments
[22m[39m[Mock Data] seedMockStudentProfiles: Adding 6 student profiles
[90mstdout[2m | .storybook/docs/QuickTour-Student.stories.tsx[2m > [22m[2m2. Section & Assignments
[22m[39m[Mock Data] seedMockHomeworkRooms: Adding 2 homework rooms
[90mstdout[2m | .storybook/docs/QuickTour-Student.stories.tsx[2m > [22m[2m2. Section & Assignments
[22m[39m[IndexPageData] Seeded student dashboard with {
  "assignments": 4,
  "grades": 3,
  "sections": 2,
  "units": 4,
}
[90mstdout[2m | .storybook/docs/QuickTour-Student.stories.tsx[2m > [22m[2m2. Section & Assignments
[22m[39m[MOCK CourseVectorStore] Initialized with mock data
[90mstdout[2m | .storybook/docs/QuickTour-Student.stories.tsx[2m > [22m[2m2. Section & Assignments
[22m[39m[MOCK CourseVectorStore] Initialized with mock data
[90mstdout[2m | .storybook/docs/QuickTour-Student.stories.tsx[2m > [22m[2m2. Section & Assignments
[22m[39m[useChatPageContext] Registering page context: {
  "dictionaryCount": 0,
  "filesCount": 0,
  "hasEditorRef": false,
  "hasUnit": false,
  "hasVectorStoreSearch": false,
  "questionsCount": 0,
  "sectionsCount": 0,
}
[90mstdout[2m | .storybook/docs/QuickTour-Student.stories.tsx[2m > [22m[2m2. Section & Assignments
[22m[39m[Mock Auth] getCurrentUser returning: {
  "attributes": {
    "email": "alice@example.com",
    "name": "Alice Johnson",
    "sub": "student-alice-sub",
  },
  "groups": [
    "Learners",
    "section-jpn-101-learners",
    "section-jpn-102-learners",
  ],
  "username": "student-alice-sub",
}
[90mstdout[2m | .storybook/docs/QuickTour-Student.stories.tsx[2m > [22m[2m2. Section & Assignments
[22m[39m[SectionDetail] Section query useEffect - id: section-jpn-101
[90mstdout[2m | .storybook/docs/QuickTour-Student.stories.tsx[2m > [22m[2m2. Section & Assignments
[22m[39m[FilesContext] Initializing vector store from IndexedDB
[90mstdout[2m | .storybook/docs/QuickTour-Student.stories.tsx[2m > [22m[2m2. Section & Assignments
[22m[39m[FilesContext] fetchFiles called
[90mstdout[2m | .storybook/docs/QuickTour-Student.stories.tsx[2m > [22m[2m2. Section & Assignments
[22m[39m[FilesContext] User authenticated: student-alice-sub
[90mstdout[2m | .storybook/docs/QuickTour-Student.stories.tsx[2m > [22m[2m2. Section & Assignments
[22m[39m[FilesContext] Identity ID: identity-alice
[90mstdout[2m | .storybook/docs/QuickTour-Student.stories.tsx[2m > [22m[2m2. Section & Assignments
[22m[39m[FilesContext] About to set up File observeQuery
[90mstdout[2m | .storybook/docs/QuickTour-Student.stories.tsx[2m > [22m[2m2. Section & Assignments
[22m[39m[TranslationModeController] Setting mode to: off
[90mstdout[2m | .storybook/docs/QuickTour-Student.stories.tsx[2m > [22m[2m2. Section & Assignments
[22m[39m[FilesContext] Initializing vector store from IndexedDB
[90mstdout[2m | .storybook/docs/QuickTour-Student.stories.tsx[2m > [22m[2m2. Section & Assignments
[22m[39m[FilesContext] fetchFiles called
[90mstdout[2m | .storybook/docs/QuickTour-Student.stories.tsx[2m > [22m[2m2. Section & Assignments
[22m[39m[FilesContext] User authenticated: student-alice-sub
[90mstdout[2m | .storybook/docs/QuickTour-Student.stories.tsx[2m > [22m[2m2. Section & Assignments
[22m[39m[FilesContext] Identity ID: identity-alice
[90mstdout[2m | .storybook/docs/QuickTour-Student.stories.tsx[2m > [22m[2m2. Section & Assignments
[22m[39m[FilesContext] About to set up File observeQuery
[90mstdout[2m | .storybook/docs/QuickTour-Student.stories.tsx[2m > [22m[2m2. Section & Assignments
[22m[39m[ChatContext] Setting up AssistantChat observeQuery
[90mstdout[2m | .storybook/docs/QuickTour-Student.stories.tsx[2m > [22m[2m2. Section & Assignments
[22m[39m[ChatContext] Waiting for subscription to initialize
[90mstdout[2m | .storybook/docs/QuickTour-Student.stories.tsx[2m > [22m[2m2. Section & Assignments
[22m[39m[SettingsContext] Setting up Settings subscription for user: student-alice-sub
[90mstdout[2m | .storybook/docs/QuickTour-Student.stories.tsx[2m > [22m[2m2. Section & Assignments
[22m[39m[Mock Data] Settings created: mock-settings-1790418643435 - notified 0 subscribers
[90mstdout[2m | .storybook/docs/QuickTour-Student.stories.tsx[2m > [22m[2m2. Section & Assignments
[22m[39munitUpdate {
  "items": [
    {
      "_deleted": false,
      "_lastChangedAt": 1704898800000,
      "_version": 3,
      "createdAt": "2024-01-01T10:00:00.000Z",
      "data": "{"root":{"type":"root","children":[{"type":"heading","tag":"h1","direction":"ltr","format":"","indent":0,"version":1,"children":[{"type":"text","text":"Japanese Greetings","format":0,"detail":0,"mode":"normal","style":"","version":1}]}],"direction":"ltr","format":"","indent":0,"version":1}}",
      "description": "Learn basic Japanese greetings and self-introduction phrases",
      "featuredImage": "/story-mocks/piano-10046998_1280.jpg",
      "id": "unit-japanese-1",
      "identityId": "us-east-1:teacher-identity-1",
      "name": "Introduction to Japanese Greetings",
      "owner": "teacher-1",
      "published": true,
      "status": "PUBLISHED",
      "unitFiles": [Function anonymous],
      "unitWords": [Function anonymous],
      "updatedAt": "2024-01-10T15:00:00.000Z",
    },
    {
      "_deleted": false,
      "_lastChangedAt": 1705071600000,
      "_version": 2,
      "createdAt": "2024-01-05T10:00:00.000Z",
      "data": "{"root":{"type":"root","children":[{"type":"heading","tag":"h1","direction":"ltr","format":"","indent":0,"version":1,"children":[{"type":"text","text":"Numbers and Counting","format":0,"detail":0,"mode":"normal","style":"","version":1}]}],"direction":"ltr","format":"","indent":0,"version":1}}",
      "description": "Master numbers 1-100 and counting objects in Japanese",
      "featuredImage": "/story-mocks/animals-10008941_1280.jpg",
      "id": "unit-japanese-2",
      "identityId": "us-east-1:teacher-identity-1",
      "name": "Japanese Numbers and Counting",
      "owner": "teacher-1",
      "published": true,
      "status": "PUBLISHED",
      "timeLimitSeconds": 120,
      "unitFiles": [Function anonymous],
      "unitWords": [Function anonymous],
      "updatedAt": "2024-01-12T15:00:00.000Z",
    },
    {
      "_deleted": false,
      "_lastChangedAt": 1705330800000,
      "_version": 1,
      "createdAt": "2024-01-10T10:00:00.000Z",
      "data": "{"root":{"type":"root","children":[{"type":"heading","tag":"h1","direction":"ltr","format":"","indent":0,"version":1,"children":[{"type":"text","text":"Daily Activities","format":0,"detail":0,"mode":"normal","style":"","version":1}]}],"direction":"ltr","format":"","indent":0,"version":1}}",
      "description": "Vocabulary for talking about your daily routine",
      "featuredImage": "/story-mocks/namibia-9992336_1280.jpg",
      "id": "unit-japanese-3",
      "identityId": "us-east-1:teacher-identity-1",
      "name": "Daily Activities Vocabulary",
      "owner": "teacher-1",
      "published": true,
      "status": "PUBLISHED",
      "unitFiles": [Function anonymous],
      "unitWords": [Function anonymous],
      "updatedAt": "2024-01-15T15:00:00.000Z",
    },
    {
      "_deleted": false,
      "_lastChangedAt": 1705590000000,
      "_version": 4,
      "createdAt": "2024-01-08T10:00:00.000Z",
      "data": "{"root":{"type":"root","children":[{"type":"heading","tag":"h1","direction":"ltr","format":"","indent":0,"version":1,"children":[{"type":"text","text":"Basic Kanji","format":0,"detail":0,"mode":"normal","style":"","version":1}]}],"direction":"ltr","format":"","indent":0,"version":1}}",
      "description": "Introduction to the first 50 essential kanji characters",
      "featuredImage": "/story-mocks/320px-Test_sign.jpg",
      "id": "unit-kanji-basics",
      "identityId": "us-east-1:teacher-identity-2",
      "name": "Kanji Basics - First 50 Characters",
      "owner": "teacher-2",
      "published": true,
      "status": "PUBLISHED",
      "unitFiles": [Function anonymous],
      "unitWords": [Function anonymous],
      "updatedAt": "2024-01-18T15:00:00.000Z",
    },
  ],
}
[90mstdout[2m | .storybook/docs/QuickTour-Student.stories.tsx[2m > [22m[2m2. Section & Assignments
[22m[39munitMap {
  "unit-japanese-1": {
    "_deleted": false,
    "_lastChangedAt": 1704898800000,
    "_version": 3,
    "createdAt": "2024-01-01T10:00:00.000Z",
    "data": "{"root":{"type":"root","children":[{"type":"heading","tag":"h1","direction":"ltr","format":"","indent":0,"version":1,"children":[{"type":"text","text":"Japanese Greetings","format":0,"detail":0,"mode":"normal","style":"","version":1}]}],"direction":"ltr","format":"","indent":0,"version":1}}",
    "description": "Learn basic Japanese greetings and self-introduction phrases",
    "featuredImage": "/story-mocks/piano-10046998_1280.jpg",
    "id": "unit-japanese-1",
    "identityId": "us-east-1:teacher-identity-1",
    "name": "Introduction to Japanese Greetings",
    "owner": "teacher-1",
    "published": true,
    "status": "PUBLISHED",
    "unitFiles": [Function anonymous],
    "unitWords": [Function anonymous],
    "updatedAt": "2024-01-10T15:00:00.000Z",
  },
  "unit-japanese-2": {
    "_deleted": false,
    "_lastChangedAt": 1705071600000,
    "_version": 2,
    "createdAt": "2024-01-05T10:00:00.000Z",
    "data": "{"root":{"type":"root","children":[{"type":"heading","tag":"h1","direction":"ltr","format":"","indent":0,"version":1,"children":[{"type":"text","text":"Numbers and Counting","format":0,"detail":0,"mode":"normal","style":"","version":1}]}],"direction":"ltr","format":"","indent":0,"version":1}}",
    "description": "Master numbers 1-100 and counting objects in Japanese",
    "featuredImage": "/story-mocks/animals-10008941_1280.jpg",
    "id": "unit-japanese-2",
    "identityId": "us-east-1:teacher-identity-1",
    "name": "Japanese Numbers and Counting",
    "owner": "teacher-1",
    "published": true,
    "status": "PUBLISHED",
    "timeLimitSeconds": 120,
    "unitFiles": [Function anonymous],
    "unitWords": [Function anonymous],
    "updatedAt": "2024-01-12T15:00:00.000Z",
  },
  "unit-japanese-3": {
    "_deleted": false,
    "_lastChangedAt": 1705330800000,
    "_version": 1,
    "createdAt": "2024-01-10T10:00:00.000Z",
    "data": "{"root":{"type":"root","children":[{"type":"heading","tag":"h1","direction":"ltr","format":"","indent":0,"version":1,"children":[{"type":"text","text":"Daily Activities","format":0,"detail":0,"mode":"normal","style":"","version":1}]}],"direction":"ltr","format":"","indent":0,"version":1}}",
    "description": "Vocabulary for talking about your daily routine",
    "featuredImage": "/story-mocks/namibia-9992336_1280.jpg",
    "id": "unit-japanese-3",
    "identityId": "us-east-1:teacher-identity-1",
    "name": "Daily Activities Vocabulary",
    "owner": "teacher-1",
    "published": true,
    "status": "PUBLISHED",
    "unitFiles": [Function anonymous],
    "unitWords": [Function anonymous],
    "updatedAt": "2024-01-15T15:00:00.000Z",
  },
  "unit-kanji-basics": {
    "_deleted": false,
    "_lastChangedAt": 1705590000000,
    "_version": 4,
    "createdAt": "2024-01-08T10:00:00.000Z",
    "data": "{"root":{"type":"root","children":[{"type":"heading","tag":"h1","direction":"ltr","format":"","indent":0,"version":1,"children":[{"type":"text","text":"Basic Kanji","format":0,"detail":0,"mode":"normal","style":"","version":1}]}],"direction":"ltr","format":"","indent":0,"version":1}}",
    "description": "Introduction to the first 50 essential kanji characters",
    "featuredImage": "/story-mocks/320px-Test_sign.jpg",
    "id": "unit-kanji-basics",
    "identityId": "us-east-1:teacher-identity-2",
    "name": "Kanji Basics - First 50 Characters",
    "owner": "teacher-2",
    "published": true,
    "status": "PUBLISHED",
    "unitFiles": [Function anonymous],
    "unitWords": [Function anonymous],
    "updatedAt": "2024-01-18T15:00:00.000Z",
  },
}
[90mstdout[2m | .storybook/docs/QuickTour-Student.stories.tsx[2m > [22m[2m2. Section & Assignments
[22m[39msectionData [
  {
    "_deleted": false,
    "_lastChangedAt": 1704096000000,
    "_version": 1,
    "code": "JPN101SPRING",
    "createdAt": "2024-01-01T08:00:00.000Z",
    "description": "Beginner Japanese language course",
    "featuredImage": "/story-mocks/sand-4753305_1280.jpg",
    "id": "section-jpn-101",
    "identityId": "us-east-1:teacher-identity-1",
    "learner": "section-jpn-101-learners",
    "name": "Japanese 101 - Spring 2024",
    "owner": "teacher-1",
    "status": "PUBLISHED",
    "updatedAt": "2024-01-01T08:00:00.000Z",
  },
]
[90mstdout[2m | .storybook/docs/QuickTour-Student.stories.tsx[2m > [22m[2m2. Section & Assignments
[22m[39m[FilesContext] File observeQuery update: 0 files
[90mstdout[2m | .storybook/docs/QuickTour-Student.stories.tsx[2m > [22m[2m2. Section & Assignments
[22m[39m[FilesContext] File observeQuery update: 0 files
[90mstdout[2m | .storybook/docs/QuickTour-Student.stories.tsx[2m > [22m[2m2. Section & Assignments
[22m[39m[ChatContext] AssistantChat initialized with 0 chats
[90mstdout[2m | .storybook/docs/QuickTour-Student.stories.tsx[2m > [22m[2m2. Section & Assignments
[22m[39m[MOCK CourseVectorStore] Initialized with mock data
[90mstdout[2m | .storybook/docs/QuickTour-Student.stories.tsx[2m > [22m[2m2. Section & Assignments
[22m[39m[MOCK CourseVectorStore] Initialized with mock data
[90mstdout[2m | .storybook/docs/QuickTour-Student.stories.tsx[2m > [22m[2m2. Section & Assignments
[22m[39m[useChatPageContext] Cleaning up page context
[90mstdout[2m | .storybook/docs/QuickTour-Student.stories.tsx[2m > [22m[2m2. Section & Assignments
[22m[39m[useChatPageContext] Registering page context: {
  "dictionaryCount": 0,
  "filesCount": 0,
  "hasEditorRef": false,
  "hasUnit": false,
  "hasVectorStoreSearch": false,
  "questionsCount": 0,
  "sectionsCount": 1,
}
[90mstdout[2m | .storybook/docs/QuickTour-Student.stories.tsx[2m > [22m[2m2. Section & Assignments
[22m[39mfetchSectionStudents - not owner student-alice-sub teacher-1
[90mstdout[2m | .storybook/docs/QuickTour-Student.stories.tsx[2m > [22m[2m2. Section & Assignments
[22m[39m[ChatContext] No current chat available, will create one
[90mstdout[2m | .storybook/docs/QuickTour-Student.stories.tsx[2m > [22m[2m2. Section & Assignments
[22m[39m[ChatContext] Creating AssistantChat with user: undefined
[90mstdout[2m | .storybook/docs/QuickTour-Student.stories.tsx[2m > [22m[2m2. Section & Assignments
[22m[39m[Mock Data] AssistantChat created: mock-assistantchat-1790418643600 - notified 1 subscribers
[90mstdout[2m | .storybook/docs/QuickTour-Student.stories.tsx[2m > [22m[2m2. Section & Assignments
[22m[39m[ChatContext] Create result: {
  "data": {
    "_version": 1,
    "archived": false,
    "chatFiles": [Function anonymous],
    "createdAt": "2026-09-26T10:30:43.600Z",
    "id": "mock-assistantchat-1790418643600",
    "model": "gpt-4",
    "updatedAt": "2026-09-26T10:30:43.600Z",
  },
  "errors": [],
  "hasData": true,
  "hasErrors": true,
}
[90mstdout[2m | .storybook/docs/QuickTour-Student.stories.tsx[2m > [22m[2m2. Section & Assignments
[22m[39m[ChatContext] Created AssistantChat: mock-assistantchat-1790418643600 at: 2026-09-26T10:30:43.600Z
[90mstdout[2m | .storybook/docs/QuickTour-Student.stories.tsx[2m > [22m[2m2. Section & Assignments
[22m[39m[ChatContext] Setting initial chat: mock-assistantchat-1790418643600
[90mstdout[2m | .storybook/docs/QuickTour-Student.stories.tsx[2m > [22m[2m2. Section & Assignments
[22m[39m[ChatContext] Chat exists and not archived, skipping creation
[90mstdout[2m | .storybook/docs/QuickTour-Student.stories.tsx[2m > [22m[2m2. Section & Assignments
[22m[39mMock Cache.getItem called with: getCachedUrl_/story-mocks/sand-4753305_1280.jpg
[90mstdout[2m | .storybook/docs/QuickTour-Student.stories.tsx[2m > [22m[2m2. Section & Assignments
[22m[39mMock getUrl called with: /story-mocks/sand-4753305_1280.jpg
[90mstdout[2m | .storybook/docs/QuickTour-Student.stories.tsx[2m > [22m[2m2. Section & Assignments
[22m[39mMock Cache.setItem called with: getCachedUrl_/story-mocks/sand-4753305_1280.jpg /story-mocks/sand-4753305_1280.jpg
[90mstdout[2m | .storybook/docs/QuickTour-Student.stories.tsx[2m > [22m[2m3. Workbook
[22m[39m[ChatContext] Cleaning up subscriptions
[90mstdout[2m | .storybook/docs/QuickTour-Student.stories.tsx[2m > [22m[2m3. Workbook
[22m[39m[useChatPageContext] Cleaning up page context
[90mstdout[2m | .storybook/docs/QuickTour-Student.stories.tsx[2m > [22m[2m3. Workbook
[22m[39m[Preview] Skipped clearing mock data (clearMockData=false)
[90mstdout[2m | .storybook/docs/QuickTour-Student.stories.tsx[2m > [22m[2m3. Workbook
[22m[39m[Preview] Skipped initializing default mock data (initializeMockData=false)
[90mstdout[2m | .storybook/docs/QuickTour-Student.stories.tsx[2m > [22m[2m3. Workbook
[22m[39m[Mock Auth] setMockUser: {
  "attributes": {
    "email": "alice@example.com",
    "name": "Alice Johnson",
    "sub": "student-alice-sub",
  },
  "groups": [
    "Learners",
    "section-jpn-101-learners",
    "section-jpn-102-learners",
  ],
  "username": "student-alice-sub",
}
[90mstdout[2m | .storybook/docs/QuickTour-Student.stories.tsx[2m > [22m[2m3. Workbook
[22m[39m[Mock Data] seedMockUnit: Adding unit unit-japanese-1
[90mstdout[2m | .storybook/docs/QuickTour-Student.stories.tsx[2m > [22m[2m3. Workbook
[22m[39m[Mock Data] seedMockUnit: Adding unit unit-japanese-2
[90mstdout[2m | .storybook/docs/QuickTour-Student.stories.tsx[2m > [22m[2m3. Workbook
[22m[39m[Mock Data] seedMockUnit: Adding unit unit-japanese-3
[90mstdout[2m | .storybook/docs/QuickTour-Student.stories.tsx[2m > [22m[2m3. Workbook
[22m[39m[Mock Data] seedMockUnit: Adding unit unit-kanji-basics
[90mstdout[2m | .storybook/docs/QuickTour-Student.stories.tsx[2m > [22m[2m3. Workbook
[22m[39m[Mock Data] seedMockSections: Adding 2 sections
[90mstdout[2m | .storybook/docs/QuickTour-Student.stories.tsx[2m > [22m[2m3. Workbook
[22m[39m[Mock Data] Seeding section: section-jpn-101 with owner: teacher-1
[90mstdout[2m | .storybook/docs/QuickTour-Student.stories.tsx[2m > [22m[2m3. Workbook
[22m[39m[Mock Data] Seeding section: section-jpn-102 with owner: teacher-2
[90mstdout[2m | .storybook/docs/QuickTour-Student.stories.tsx[2m > [22m[2m3. Workbook
[22m[39m[Mock Data] Total sections in store: 2
[90mstdout[2m | .storybook/docs/QuickTour-Student.stories.tsx[2m > [22m[2m3. Workbook
[22m[39m[Mock Data] Sections in store: [
  {
    "id": "section-jpn-101",
    "name": "Japanese 101 - Spring 2024",
    "owner": "teacher-1",
  },
  {
    "id": "section-jpn-102",
    "name": "Japanese 102 - Advanced",
    "owner": "teacher-2",
  },
]
[90mstdout[2m | .storybook/docs/QuickTour-Student.stories.tsx[2m > [22m[2m3. Workbook
[22m[39m[Mock Data] No active Section subscriptions to notify yet
[90mstdout[2m | .storybook/docs/QuickTour-Student.stories.tsx[2m > [22m[2m3. Workbook
[22m[39m[Mock Data] seedMockAssignments: Adding 4 assignments
[90mstdout[2m | .storybook/docs/QuickTour-Student.stories.tsx[2m > [22m[2m3. Workbook
[22m[39m[Mock Data] Total assignments in store: 4
[90mstdout[2m | .storybook/docs/QuickTour-Student.stories.tsx[2m > [22m[2m3. Workbook
[22m[39m[Mock Data] Seeded grade: grade-alice-1 for unit: unit-japanese-1
[90mstdout[2m | .storybook/docs/QuickTour-Student.stories.tsx[2m > [22m[2m3. Workbook
[22m[39m[Mock Data] Grade has data: true
[90mstdout[2m | .storybook/docs/QuickTour-Student.stories.tsx[2m > [22m[2m3. Workbook
[22m[39m[Mock Data] Total grades in store: 1
[90mstdout[2m | .storybook/docs/QuickTour-Student.stories.tsx[2m > [22m[2m3. Workbook
[22m[39m[Mock Data] Seeded grade: grade-alice-1-attempt2 for unit: unit-japanese-1
[90mstdout[2m | .storybook/docs/QuickTour-Student.stories.tsx[2m > [22m[2m3. Workbook
[22m[39m[Mock Data] Grade has data: true
[90mstdout[2m | .storybook/docs/QuickTour-Student.stories.tsx[2m > [22m[2m3. Workbook
[22m[39m[Mock Data] Total grades in store: 2
[90mstdout[2m | .storybook/docs/QuickTour-Student.stories.tsx[2m > [22m[2m3. Workbook
[22m[39m[Mock Data] Seeded grade: grade-alice-2 for unit: unit-japanese-2
[90mstdout[2m | .storybook/docs/QuickTour-Student.stories.tsx[2m > [22m[2m3. Workbook
[22m[39m[Mock Data] Grade has data: true
[90mstdout[2m | .storybook/docs/QuickTour-Student.stories.tsx[2m > [22m[2m3. Workbook
[22m[39m[Mock Data] Total grades in store: 3
[90mstdout[2m | .storybook/docs/QuickTour-Student.stories.tsx[2m > [22m[2m3. Workbook
[22m[39m[Mock Data] seedMockStudentProfiles: Adding 6 student profiles
[90mstdout[2m | .storybook/docs/QuickTour-Student.stories.tsx[2m > [22m[2m3. Workbook
[22m[39m[Mock Data] seedMockHomeworkRooms: Adding 2 homework rooms
[90mstdout[2m | .storybook/docs/QuickTour-Student.stories.tsx[2m > [22m[2m3. Workbook
[22m[39m[IndexPageData] Seeded student dashboard with {
  "assignments": 4,
  "grades": 3,
  "sections": 2,
  "units": 4,
}
[90mstdout[2m | .storybook/docs/QuickTour-Student.stories.tsx[2m > [22m[2m3. Workbook
[22m[39m[MOCK CourseVectorStore] Initialized with mock data
[90mstdout[2m | .storybook/docs/QuickTour-Student.stories.tsx[2m > [22m[2m3. Workbook
[22m[39m[MOCK CourseVectorStore] Initialized with mock data
[90mstdout[2m | .storybook/docs/QuickTour-Student.stories.tsx[2m > [22m[2m3. Workbook
[22m[39m[MOCK CourseVectorStore] Initialized with mock data
[90mstdout[2m | .storybook/docs/QuickTour-Student.stories.tsx[2m > [22m[2m3. Workbook
[22m[39m[useChatPageContext] Registering page context: {
  "dictionaryCount": 0,
  "filesCount": 0,
  "hasEditorRef": false,
  "hasUnit": true,
  "hasVectorStoreSearch": false,
  "questionsCount": 0,
  "sectionsCount": 0,
}
[90mstdout[2m | .storybook/docs/QuickTour-Student.stories.tsx[2m > [22m[2m3. Workbook
[22m[39m[UnitContext] useEffect triggered {
  "authLoading": false,
  "hasUser": true,
  "id": "unit-japanese-1",
  "userSub": "student-alice-sub",
}
[90mstdout[2m | .storybook/docs/QuickTour-Student.stories.tsx[2m > [22m[2m3. Workbook
[22m[39m[UnitContext] Fetching unit data for id: unit-japanese-1
[90mstdout[2m | .storybook/docs/QuickTour-Student.stories.tsx[2m > [22m[2m3. Workbook
[22m[39m[FilesContext] Initializing vector store from IndexedDB
[90mstdout[2m | .storybook/docs/QuickTour-Student.stories.tsx[2m > [22m[2m3. Workbook
[22m[39m[FilesContext] fetchFiles called
[90mstdout[2m | .storybook/docs/QuickTour-Student.stories.tsx[2m > [22m[2m3. Workbook
[22m[39m[FilesContext] User authenticated: student-alice-sub
[90mstdout[2m | .storybook/docs/QuickTour-Student.stories.tsx[2m > [22m[2m3. Workbook
[22m[39m[FilesContext] Identity ID: identity-alice
[90mstdout[2m | .storybook/docs/QuickTour-Student.stories.tsx[2m > [22m[2m3. Workbook
[22m[39m[FilesContext] About to set up File observeQuery
[90mstdout[2m | .storybook/docs/QuickTour-Student.stories.tsx[2m > [22m[2m3. Workbook
[22m[39m[FilesContext] Initializing vector store from IndexedDB
[90mstdout[2m | .storybook/docs/QuickTour-Student.stories.tsx[2m > [22m[2m3. Workbook
[22m[39m[FilesContext] fetchFiles called
[90mstdout[2m | .storybook/docs/QuickTour-Student.stories.tsx[2m > [22m[2m3. Workbook
[22m[39m[FilesContext] User authenticated: student-alice-sub
[90mstdout[2m | .storybook/docs/QuickTour-Student.stories.tsx[2m > [22m[2m3. Workbook
[22m[39m[FilesContext] Identity ID: identity-alice
[90mstdout[2m | .storybook/docs/QuickTour-Student.stories.tsx[2m > [22m[2m3. Workbook
[22m[39m[FilesContext] About to set up File observeQuery
[90mstdout[2m | .storybook/docs/QuickTour-Student.stories.tsx[2m > [22m[2m3. Workbook
[22m[39m[TranslationModeController] Setting mode to: off
[90mstdout[2m | .storybook/docs/QuickTour-Student.stories.tsx[2m > [22m[2m3. Workbook
[22m[39m[FilesContext] Initializing vector store from IndexedDB
[90mstdout[2m | .storybook/docs/QuickTour-Student.stories.tsx[2m > [22m[2m3. Workbook
[22m[39m[FilesContext] fetchFiles called
[90mstdout[2m | .storybook/docs/QuickTour-Student.stories.tsx[2m > [22m[2m3. Workbook
[22m[39m[FilesContext] User authenticated: student-alice-sub
[90mstdout[2m | .storybook/docs/QuickTour-Student.stories.tsx[2m > [22m[2m3. Workbook
[22m[39m[FilesContext] Identity ID: identity-alice
[90mstdout[2m | .storybook/docs/QuickTour-Student.stories.tsx[2m > [22m[2m3. Workbook
[22m[39m[FilesContext] About to set up File observeQuery
[90mstdout[2m | .storybook/docs/QuickTour-Student.stories.tsx[2m > [22m[2m3. Workbook
[22m[39m[ChatContext] Setting up AssistantChat observeQuery
[90mstdout[2m | .storybook/docs/QuickTour-Student.stories.tsx[2m > [22m[2m3. Workbook
[22m[39m[ChatContext] Waiting for subscription to initialize
[90mstdout[2m | .storybook/docs/QuickTour-Student.stories.tsx[2m > [22m[2m3. Workbook
[22m[39m[SettingsContext] Setting up Settings subscription for user: student-alice-sub
[90mstdout[2m | .storybook/docs/QuickTour-Student.stories.tsx[2m > [22m[2m3. Workbook
[22m[39m[Mock Data] Settings created: mock-settings-1790418645668 - notified 0 subscribers
[90mstdout[2m | .storybook/docs/QuickTour-Student.stories.tsx[2m > [22m[2m3. Workbook
[22m[39m[Mock Data] Unit.onUpdate() subscription added. Total: 1
[90mstdout[2m | .storybook/docs/QuickTour-Student.stories.tsx[2m > [22m[2m3. Workbook
[22m[39m[useChatPageContext] Cleaning up page context
[90mstdout[2m | .storybook/docs/QuickTour-Student.stories.tsx[2m > [22m[2m3. Workbook
[22m[39m[WorkbookStatePlugin] Loading unit content into read-only workbook: unit-japanese-1
[90mstdout[2m | .storybook/docs/QuickTour-Student.stories.tsx[2m > [22m[2m3. Workbook
[22m[39m[Mock Auth] fetchAuthSession called with options: undefined
[90mstdout[2m | .storybook/docs/QuickTour-Student.stories.tsx[2m > [22m[2m3. Workbook
[22m[39m[useChatPageContext] Registering page context: {
  "dictionaryCount": 0,
  "filesCount": 0,
  "hasEditorRef": false,
  "hasUnit": true,
  "hasVectorStoreSearch": false,
  "questionsCount": 0,
  "sectionsCount": 0,
}
[90mstdout[2m | .storybook/docs/QuickTour-Student.stories.tsx[2m > [22m[2m3. Workbook
[22m[39m[FilesContext] File observeQuery update: 0 files
[90mstdout[2m | .storybook/docs/QuickTour-Student.stories.tsx[2m > [22m[2m3. Workbook
[22m[39m[SectionContext] Section observeQuery update: 2
[90mstdout[2m | .storybook/docs/QuickTour-Student.stories.tsx[2m > [22m[2m3. Workbook
[22m[39m[FilesContext] File observeQuery update: 0 files
[90mstdout[2m | .storybook/docs/QuickTour-Student.stories.tsx[2m > [22m[2m3. Workbook
[22m[39m[FilesContext] File observeQuery update: 0 files
[90mstdout[2m | .storybook/docs/QuickTour-Student.stories.tsx[2m > [22m[2m3. Workbook
[22m[39m[ChatContext] AssistantChat initialized with 0 chats
[90mstdout[2m | .storybook/docs/QuickTour-Student.stories.tsx[2m > [22m[2m3. Workbook
[22m[39m[MOCK CourseVectorStore] Initialized with mock data
[90mstdout[2m | .storybook/docs/QuickTour-Student.stories.tsx[2m > [22m[2m3. Workbook
[22m[39m[MOCK CourseVectorStore] Initialized with mock data
[90mstdout[2m | .storybook/docs/QuickTour-Student.stories.tsx[2m > [22m[2m3. Workbook
[22m[39m[MOCK CourseVectorStore] Initialized with mock data
[90mstdout[2m | .storybook/docs/QuickTour-Student.stories.tsx[2m > [22m[2m3. Workbook
[22m[39m[ChatContext] No current chat available, will create one
[90mstdout[2m | .storybook/docs/QuickTour-Student.stories.tsx[2m > [22m[2m3. Workbook
[22m[39m[ChatContext] Creating AssistantChat with user: undefined
[90mstdout[2m | .storybook/docs/QuickTour-Student.stories.tsx[2m > [22m[2m3. Workbook
[22m[39m[Mock Data] AssistantChat created: mock-assistantchat-1790418645801 - notified 1 subscribers
[90mstdout[2m | .storybook/docs/QuickTour-Student.stories.tsx[2m > [22m[2m3. Workbook
[22m[39m[ChatContext] Create result: {
  "data": {
    "_version": 1,
    "archived": false,
    "chatFiles": [Function anonymous],
    "createdAt": "2026-09-26T10:30:45.801Z",
    "id": "mock-assistantchat-1790418645801",
    "model": "gpt-4",
    "updatedAt": "2026-09-26T10:30:45.801Z",
  },
  "errors": [],
  "hasData": true,
  "hasErrors": true,
}
[90mstdout[2m | .storybook/docs/QuickTour-Student.stories.tsx[2m > [22m[2m3. Workbook
[22m[39m[ChatContext] Created AssistantChat: mock-assistantchat-1790418645801 at: 2026-09-26T10:30:45.801Z
[90mstdout[2m | .storybook/docs/QuickTour-Student.stories.tsx[2m > [22m[2m3. Workbook
[22m[39m[YjsProvider] chat-section-section-jpn-101 connection status: connected
[90mstdout[2m | .storybook/docs/QuickTour-Student.stories.tsx[2m > [22m[2m3. Workbook
[22m[39m[YjsProvider] chat-section-section-jpn-101 synced with server
[90mstdout[2m | .storybook/docs/QuickTour-Student.stories.tsx[2m > [22m[2m3. Workbook
[22m[39m[ChatContext] Setting initial chat: mock-assistantchat-1790418645801
[90mstdout[2m | .storybook/docs/QuickTour-Student.stories.tsx[2m > [22m[2m3. Workbook
[22m[39m[ChatContext] Chat exists and not archived, skipping creation
 [32m✓[39m [30m[45m storybook (chromium) [49m[39m .storybook/docs/QuickTour-Student.stories.tsx [2m([22m[2m3 tests[22m[2m)[22m[33m 7324[2mms[22m[39m
   [33m[2m✓[22m[39m 1. Student Dashboard [33m 2432[2mms[22m[39m
   [33m[2m✓[22m[39m 2. Section & Assignments [33m 2469[2mms[22m[39m
   [33m[2m✓[22m[39m 3. Workbook [33m 2422[2mms[22m[39m
[90mstdout[2m | unknown test
[22m[39m[MOCK vectorStoreDB.js] Module loaded - mock IndexedDB operations
[90mstdout[2m | unknown test
[22m[39m[Task Completion] DOM action listeners initialized
[90mstdout[2m | unknown test
[22m[39m[Task Completion] Auto-completion detector initialized
[90mstdout[2m | unknown test
[22m[39m[Preview] Task completion detector initialized
[90mstdout[2m | src/components/Dashboard/SectionPanel.stories.tsx[2m > [22m[2mMixed Progress
[22m[39m[TranslationModeController] Setting mode to: off
[90mstdout[2m | src/components/Dashboard/SectionPanel.stories.tsx[2m > [22m[2mAll Completed
[22m[39m[TranslationModeController] Setting mode to: off
[90mstdout[2m | src/components/Dashboard/SectionPanel.stories.tsx[2m > [22m[2mAll Pending
[22m[39m[TranslationModeController] Setting mode to: off
[90mstdout[2m | src/components/Dashboard/SectionPanel.stories.tsx[2m > [22m[2mWith Locked Assignments
[22m[39m[TranslationModeController] Setting mode to: off
[90mstdout[2m | src/components/Dashboard/SectionPanel.stories.tsx[2m > [22m[2mWith Campaign Context
[22m[39m[TranslationModeController] Setting mode to: off
[90mstdout[2m | src/components/Dashboard/SectionPanel.stories.tsx[2m > [22m[2mCollapsed
[22m[39m[TranslationModeController] Setting mode to: off
[90mstdout[2m | src/components/Dashboard/SectionPanel.stories.tsx[2m > [22m[2mSingle Assignment
[22m[39m[TranslationModeController] Setting mode to: off
[90mstdout[2m | src/components/Dashboard/SectionPanel.stories.tsx[2m > [22m[2mMobile Viewport
[22m[39m[TranslationModeController] Setting mode to: off
[90mstdout[2m | src/components/Dashboard/SectionPanel.stories.tsx[2m > [22m[2mTablet Viewport
[22m[39m[TranslationModeController] Setting mode to: off
[90mstdout[2m | src/components/Dashboard/SectionPanel.stories.tsx[2m > [22m[2mDesktop Viewport
[22m[39m[TranslationModeController] Setting mode to: off
 [32m✓[39m [30m[45m storybook (chromium) [49m[39m src/components/Dashboard/SectionPanel.stories.tsx [2m([22m[2m10 tests[22m[2m)[22m[33m 3476[2mms[22m[39m
   [33m[2m✓[22m[39m Mixed Progress [33m 499[2mms[22m[39m
   [33m[2m✓[22m[39m All Completed [33m 470[2mms[22m[39m
   [33m[2m✓[22m[39m All Pending [33m 365[2mms[22m[39m
   [33m[2m✓[22m[39m With Locked Assignments [33m 328[2mms[22m[39m
   [33m[2m✓[22m[39m With Campaign Context [33m 370[2mms[22m[39m
   [33m[2m✓[22m[39m Collapsed [33m 348[2mms[22m[39m
   [33m[2m✓[22m[39m Tablet Viewport [33m 341[2mms[22m[39m
   [33m[2m✓[22m[39m Desktop Viewport [33m 323[2mms[22m[39m
[90mstdout[2m | unknown test
[22m[39m[MOCK vectorStoreDB.js] Module loaded - mock IndexedDB operations
[90mstdout[2m | unknown test
[22m[39m[Task Completion] DOM action listeners initialized
[90mstdout[2m | unknown test
[22m[39m[Task Completion] Auto-completion detector initialized
[90mstdout[2m | unknown test
[22m[39m[Preview] Task completion detector initialized
[90mstdout[2m | src/components/DebugPanel/LogViewer.stories.tsx[2m > [22m[2mDefault
[22m[39m[MOCK CourseVectorStore] Initialized with mock data
[90mstdout[2m | src/components/DebugPanel/LogViewer.stories.tsx[2m > [22m[2mDefault
[22m[39m[TranslationModeController] Setting mode to: off
[90mstdout[2m | src/components/DebugPanel/LogViewer.stories.tsx[2m > [22m[2mDefault
[22m[39m[UnitContext] useEffect triggered {
  "authLoading": false,
  "hasUser": true,
  "id": "mock-unit-id",
  "userSub": "mock-user-sub",
}
[90mstdout[2m | src/components/DebugPanel/LogViewer.stories.tsx[2m > [22m[2mDefault
[22m[39m[UnitContext] Fetching unit data for id: mock-unit-id
[90mstdout[2m | src/components/DebugPanel/LogViewer.stories.tsx[2m > [22m[2mDefault
[22m[39m[FilesContext] Initializing vector store from IndexedDB
[90mstdout[2m | src/components/DebugPanel/LogViewer.stories.tsx[2m > [22m[2mDefault
[22m[39m[FilesContext] fetchFiles called
[90mstdout[2m | src/components/DebugPanel/LogViewer.stories.tsx[2m > [22m[2mDefault
[22m[39m[FilesContext] User authenticated: mock-user-sub
[90mstdout[2m | src/components/DebugPanel/LogViewer.stories.tsx[2m > [22m[2mDefault
[22m[39m[FilesContext] Identity ID: us-east-1:mock-identity-123
[90mstdout[2m | src/components/DebugPanel/LogViewer.stories.tsx[2m > [22m[2mDefault
[22m[39m[FilesContext] About to set up File observeQuery
[90mstdout[2m | src/components/DebugPanel/LogViewer.stories.tsx[2m > [22m[2mDefault
[22m[39m[ChatContext] Setting up AssistantChat observeQuery
[90mstdout[2m | src/components/DebugPanel/LogViewer.stories.tsx[2m > [22m[2mDefault
[22m[39m[ChatContext] Waiting for subscription to initialize
[90mstdout[2m | src/components/DebugPanel/LogViewer.stories.tsx[2m > [22m[2mDefault
[22m[39m[SettingsContext] Setting up Settings subscription for user: mock-user-sub
[90mstdout[2m | src/components/DebugPanel/LogViewer.stories.tsx[2m > [22m[2mDefault
[22m[39m[Mock Data] Settings created: mock-settings-1790418655966 - notified 0 subscribers
[90mstdout[2m | src/components/DebugPanel/LogViewer.stories.tsx[2m > [22m[2mDefault
[22m[39m[Mock Data] Unit.onUpdate() subscription added. Total: 1
[90mstdout[2m | src/components/DebugPanel/LogViewer.stories.tsx[2m > [22m[2mDefault
[22m[39m[SectionContext] Section observeQuery update: 0
[90mstdout[2m | src/components/DebugPanel/LogViewer.stories.tsx[2m > [22m[2mDefault
[22m[39m[FilesContext] File observeQuery update: 6 files
[90mstdout[2m | src/components/DebugPanel/LogViewer.stories.tsx[2m > [22m[2mDefault
[22m[39m[ChatContext] AssistantChat initialized with 1 chats
[90mstdout[2m | src/components/DebugPanel/LogViewer.stories.tsx[2m > [22m[2mDefault
[22m[39m[ChatContext] Setting initial chat: mock-assistant-chat-1
[90mstdout[2m | src/components/DebugPanel/LogViewer.stories.tsx[2m > [22m[2mDefault
[22m[39m[MOCK CourseVectorStore] Initialized with mock data
[90mstdout[2m | src/components/DebugPanel/LogViewer.stories.tsx[2m > [22m[2mDefault
[22m[39m[FilesContext] Vector store population triggered {
  "currentVectorStoreSize": 3,
  "documentsCount": 0,
  "filesCount": 6,
  "isInitialLoad": true,
}
[90mstdout[2m | src/components/DebugPanel/LogViewer.stories.tsx[2m > [22m[2mDefault
[22m[39m[FilesContext] Vector store population complete - 3 total embeddings
[90mstdout[2m | src/components/DebugPanel/LogViewer.stories.tsx[2m > [22m[2mDefault
[22m[39m[ChatContext] Chat exists and not archived, skipping creation
[90mstdout[2m | src/components/DebugPanel/LogViewer.stories.tsx[2m > [22m[2mDefault
[22m[39m[Mock Storage] downloadData called with: undefined
[90mstdout[2m | src/components/DebugPanel/LogViewer.stories.tsx[2m > [22m[2mEmpty
[22m[39m[ChatContext] Cleaning up subscriptions
[90mstdout[2m | src/components/DebugPanel/LogViewer.stories.tsx[2m > [22m[2mEmpty
[22m[39m[Mock Data] Unit.onUpdate() subscription removed. Remaining: 0
[90mstdout[2m | src/components/DebugPanel/LogViewer.stories.tsx[2m > [22m[2mEmpty
[22m[39m[MOCK CourseVectorStore] Initialized with mock data
[90mstdout[2m | src/components/DebugPanel/LogViewer.stories.tsx[2m > [22m[2mEmpty
[22m[39m[TranslationModeController] Setting mode to: off
[90mstdout[2m | src/components/DebugPanel/LogViewer.stories.tsx[2m > [22m[2mEmpty
[22m[39m[UnitContext] useEffect triggered {
  "authLoading": false,
  "hasUser": true,
  "id": "mock-unit-id",
  "userSub": "mock-user-sub",
}
[90mstdout[2m | src/components/DebugPanel/LogViewer.stories.tsx[2m > [22m[2mEmpty
[22m[39m[UnitContext] Fetching unit data for id: mock-unit-id
[90mstdout[2m | src/components/DebugPanel/LogViewer.stories.tsx[2m > [22m[2mEmpty
[22m[39m[FilesContext] Initializing vector store from IndexedDB
[90mstdout[2m | src/components/DebugPanel/LogViewer.stories.tsx[2m > [22m[2mEmpty
[22m[39m[FilesContext] fetchFiles called
[90mstdout[2m | src/components/DebugPanel/LogViewer.stories.tsx[2m > [22m[2mEmpty
[22m[39m[FilesContext] User authenticated: mock-user-sub
[90mstdout[2m | src/components/DebugPanel/LogViewer.stories.tsx[2m > [22m[2mEmpty
[22m[39m[FilesContext] Identity ID: us-east-1:mock-identity-123
[90mstdout[2m | src/components/DebugPanel/LogViewer.stories.tsx[2m > [22m[2mEmpty
[22m[39m[FilesContext] About to set up File observeQuery
[90mstdout[2m | src/components/DebugPanel/LogViewer.stories.tsx[2m > [22m[2mEmpty
[22m[39m[ChatContext] Setting up AssistantChat observeQuery
[90mstdout[2m | src/components/DebugPanel/LogViewer.stories.tsx[2m > [22m[2mEmpty
[22m[39m[ChatContext] Waiting for subscription to initialize
[90mstdout[2m | src/components/DebugPanel/LogViewer.stories.tsx[2m > [22m[2mEmpty
[22m[39m[SettingsContext] Setting up Settings subscription for user: mock-user-sub
[90mstdout[2m | src/components/DebugPanel/LogViewer.stories.tsx[2m > [22m[2mEmpty
[22m[39m[Mock Data] Settings created: mock-settings-1790418656436 - notified 0 subscribers
[90mstdout[2m | src/components/DebugPanel/LogViewer.stories.tsx[2m > [22m[2mEmpty
[22m[39m[Mock Data] Unit.onUpdate() subscription added. Total: 1
[90mstdout[2m | src/components/DebugPanel/LogViewer.stories.tsx[2m > [22m[2mEmpty
[22m[39m[SectionContext] Section observeQuery update: 0
[90mstdout[2m | src/components/DebugPanel/LogViewer.stories.tsx[2m > [22m[2mEmpty
[22m[39m[FilesContext] File observeQuery update: 6 files
[90mstdout[2m | src/components/DebugPanel/LogViewer.stories.tsx[2m > [22m[2mEmpty
[22m[39m[ChatContext] AssistantChat initialized with 1 chats
[90mstdout[2m | src/components/DebugPanel/LogViewer.stories.tsx[2m > [22m[2mEmpty
[22m[39m[ChatContext] Setting initial chat: mock-assistant-chat-1
[90mstdout[2m | src/components/DebugPanel/LogViewer.stories.tsx[2m > [22m[2mEmpty
[22m[39m[MOCK CourseVectorStore] Initialized with mock data
[90mstdout[2m | src/components/DebugPanel/LogViewer.stories.tsx[2m > [22m[2mEmpty
[22m[39m[FilesContext] Vector store population triggered {
  "currentVectorStoreSize": 3,
  "documentsCount": 0,
  "filesCount": 6,
  "isInitialLoad": true,
}
[90mstdout[2m | src/components/DebugPanel/LogViewer.stories.tsx[2m > [22m[2mEmpty
[22m[39m[FilesContext] Vector store population complete - 3 total embeddings
[90mstdout[2m | src/components/DebugPanel/LogViewer.stories.tsx[2m > [22m[2mEmpty
[22m[39m[ChatContext] Chat exists and not archived, skipping creation
[90mstdout[2m | src/components/DebugPanel/LogViewer.stories.tsx[2m > [22m[2mEmpty
[22m[39m[Mock Storage] downloadData called with: undefined
[90mstdout[2m | src/components/DebugPanel/LogViewer.stories.tsx[2m > [22m[2mErrors Only
[22m[39m[ChatContext] Cleaning up subscriptions
[90mstdout[2m | src/components/DebugPanel/LogViewer.stories.tsx[2m > [22m[2mErrors Only
[22m[39m[Mock Data] Unit.onUpdate() subscription removed. Remaining: 0
[90mstdout[2m | src/components/DebugPanel/LogViewer.stories.tsx[2m > [22m[2mErrors Only
[22m[39m[MOCK CourseVectorStore] Initialized with mock data
[90mstdout[2m | src/components/DebugPanel/LogViewer.stories.tsx[2m > [22m[2mErrors Only
[22m[39m[TranslationModeController] Setting mode to: off
[90mstdout[2m | src/components/DebugPanel/LogViewer.stories.tsx[2m > [22m[2mErrors Only
[22m[39m[UnitContext] useEffect triggered {
  "authLoading": false,
  "hasUser": true,
  "id": "mock-unit-id",
  "userSub": "mock-user-sub",
}
[90mstdout[2m | src/components/DebugPanel/LogViewer.stories.tsx[2m > [22m[2mErrors Only
[22m[39m[UnitContext] Fetching unit data for id: mock-unit-id
[90mstdout[2m | src/components/DebugPanel/LogViewer.stories.tsx[2m > [22m[2mErrors Only
[22m[39m[FilesContext] Initializing vector store from IndexedDB
[90mstdout[2m | src/components/DebugPanel/LogViewer.stories.tsx[2m > [22m[2mErrors Only
[22m[39m[FilesContext] fetchFiles called
[90mstdout[2m | src/components/DebugPanel/LogViewer.stories.tsx[2m > [22m[2mErrors Only
[22m[39m[FilesContext] User authenticated: mock-user-sub
[90mstdout[2m | src/components/DebugPanel/LogViewer.stories.tsx[2m > [22m[2mErrors Only
[22m[39m[FilesContext] Identity ID: us-east-1:mock-identity-123
[90mstdout[2m | src/components/DebugPanel/LogViewer.stories.tsx[2m > [22m[2mErrors Only
[22m[39m[FilesContext] About to set up File observeQuery
[90mstdout[2m | src/components/DebugPanel/LogViewer.stories.tsx[2m > [22m[2mErrors Only
[22m[39m[ChatContext] Setting up AssistantChat observeQuery
[90mstdout[2m | src/components/DebugPanel/LogViewer.stories.tsx[2m > [22m[2mErrors Only
[22m[39m[ChatContext] Waiting for subscription to initialize
[90mstdout[2m | src/components/DebugPanel/LogViewer.stories.tsx[2m > [22m[2mErrors Only
[22m[39m[SettingsContext] Setting up Settings subscription for user: mock-user-sub
[90mstdout[2m | src/components/DebugPanel/LogViewer.stories.tsx[2m > [22m[2mErrors Only
[22m[39m[Mock Data] Settings created: mock-settings-1790418656576 - notified 0 subscribers
[90mstdout[2m | src/components/DebugPanel/LogViewer.stories.tsx[2m > [22m[2mErrors Only
[22m[39m[Mock Data] Unit.onUpdate() subscription added. Total: 1
[90mstdout[2m | src/components/DebugPanel/LogViewer.stories.tsx[2m > [22m[2mErrors Only
[22m[39m[SectionContext] Section observeQuery update: 0
[90mstdout[2m | src/components/DebugPanel/LogViewer.stories.tsx[2m > [22m[2mErrors Only
[22m[39m[FilesContext] File observeQuery update: 6 files
[90mstdout[2m | src/components/DebugPanel/LogViewer.stories.tsx[2m > [22m[2mErrors Only
[22m[39m[ChatContext] AssistantChat initialized with 1 chats
[90mstdout[2m | src/components/DebugPanel/LogViewer.stories.tsx[2m > [22m[2mErrors Only
[22m[39m[ChatContext] Setting initial chat: mock-assistant-chat-1
[90mstdout[2m | src/components/DebugPanel/LogViewer.stories.tsx[2m > [22m[2mErrors Only
[22m[39m[MOCK CourseVectorStore] Initialized with mock data
[90mstdout[2m | src/components/DebugPanel/LogViewer.stories.tsx[2m > [22m[2mErrors Only
[22m[39m[FilesContext] Vector store population triggered {
  "currentVectorStoreSize": 3,
  "documentsCount": 0,
  "filesCount": 6,
  "isInitialLoad": true,
}
[90mstdout[2m | src/components/DebugPanel/LogViewer.stories.tsx[2m > [22m[2mErrors Only
[22m[39m[FilesContext] Vector store population complete - 3 total embeddings
[90mstdout[2m | src/components/DebugPanel/LogViewer.stories.tsx[2m > [22m[2mErrors Only
[22m[39m[ChatContext] Chat exists and not archived, skipping creation
[90mstdout[2m | src/components/DebugPanel/LogViewer.stories.tsx[2m > [22m[2mErrors Only
[22m[39m[Mock Storage] downloadData called with: undefined
[90mstdout[2m | src/components/DebugPanel/LogViewer.stories.tsx[2m > [22m[2mMany Logs
[22m[39m[ChatContext] Cleaning up subscriptions
[90mstdout[2m | src/components/DebugPanel/LogViewer.stories.tsx[2m > [22m[2mMany Logs
[22m[39m[Mock Data] Unit.onUpdate() subscription removed. Remaining: 0
[90mstdout[2m | src/components/DebugPanel/LogViewer.stories.tsx[2m > [22m[2mMany Logs
[22m[39m[MOCK CourseVectorStore] Initialized with mock data
[90mstdout[2m | src/components/DebugPanel/LogViewer.stories.tsx[2m > [22m[2mMany Logs
[22m[39m[TranslationModeController] Setting mode to: off
[90mstdout[2m | src/components/DebugPanel/LogViewer.stories.tsx[2m > [22m[2mMany Logs
[22m[39m[UnitContext] useEffect triggered {
  "authLoading": false,
  "hasUser": true,
  "id": "mock-unit-id",
  "userSub": "mock-user-sub",
}
[90mstdout[2m | src/components/DebugPanel/LogViewer.stories.tsx[2m > [22m[2mMany Logs
[22m[39m[UnitContext] Fetching unit data for id: mock-unit-id
[90mstdout[2m | src/components/DebugPanel/LogViewer.stories.tsx[2m > [22m[2mMany Logs
[22m[39m[FilesContext] Initializing vector store from IndexedDB
[90mstdout[2m | src/components/DebugPanel/LogViewer.stories.tsx[2m > [22m[2mMany Logs
[22m[39m[FilesContext] fetchFiles called
[90mstdout[2m | src/components/DebugPanel/LogViewer.stories.tsx[2m > [22m[2mMany Logs
[22m[39m[FilesContext] User authenticated: mock-user-sub
[90mstdout[2m | src/components/DebugPanel/LogViewer.stories.tsx[2m > [22m[2mMany Logs
[22m[39m[FilesContext] Identity ID: us-east-1:mock-identity-123
[90mstdout[2m | src/components/DebugPanel/LogViewer.stories.tsx[2m > [22m[2mMany Logs
[22m[39m[FilesContext] About to set up File observeQuery
[90mstdout[2m | src/components/DebugPanel/LogViewer.stories.tsx[2m > [22m[2mMany Logs
[22m[39m[ChatContext] Setting up AssistantChat observeQuery
[90mstdout[2m | src/components/DebugPanel/LogViewer.stories.tsx[2m > [22m[2mMany Logs
[22m[39m[ChatContext] Waiting for subscription to initialize
[90mstdout[2m | src/components/DebugPanel/LogViewer.stories.tsx[2m > [22m[2mMany Logs
[22m[39m[SettingsContext] Setting up Settings subscription for user: mock-user-sub
[90mstdout[2m | src/components/DebugPanel/LogViewer.stories.tsx[2m > [22m[2mMany Logs
[22m[39m[Mock Data] Settings created: mock-settings-1790418657027 - notified 0 subscribers
[90mstdout[2m | src/components/DebugPanel/LogViewer.stories.tsx[2m > [22m[2mMany Logs
[22m[39m[Mock Data] Unit.onUpdate() subscription added. Total: 1
[90mstdout[2m | src/components/DebugPanel/LogViewer.stories.tsx[2m > [22m[2mMany Logs
[22m[39m[SectionContext] Section observeQuery update: 0
[90mstdout[2m | src/components/DebugPanel/LogViewer.stories.tsx[2m > [22m[2mMany Logs
[22m[39m[FilesContext] File observeQuery update: 6 files
[90mstdout[2m | src/components/DebugPanel/LogViewer.stories.tsx[2m > [22m[2mMany Logs
[22m[39m[ChatContext] AssistantChat initialized with 1 chats
[90mstdout[2m | src/components/DebugPanel/LogViewer.stories.tsx[2m > [22m[2mMany Logs
[22m[39m[ChatContext] Setting initial chat: mock-assistant-chat-1
[90mstdout[2m | src/components/DebugPanel/LogViewer.stories.tsx[2m > [22m[2mMany Logs
[22m[39m[MOCK CourseVectorStore] Initialized with mock data
[90mstdout[2m | src/components/DebugPanel/LogViewer.stories.tsx[2m > [22m[2mMany Logs
[22m[39m[FilesContext] Vector store population triggered {
  "currentVectorStoreSize": 3,
  "documentsCount": 0,
  "filesCount": 6,
  "isInitialLoad": true,
}
[90mstdout[2m | src/components/DebugPanel/LogViewer.stories.tsx[2m > [22m[2mMany Logs
[22m[39m[FilesContext] Vector store population complete - 3 total embeddings
[90mstdout[2m | src/components/DebugPanel/LogViewer.stories.tsx[2m > [22m[2mMany Logs
[22m[39m[ChatContext] Chat exists and not archived, skipping creation
[90mstdout[2m | src/components/DebugPanel/LogViewer.stories.tsx[2m > [22m[2mMany Logs
[22m[39m[Mock Storage] downloadData called with: undefined
[90mstdout[2m | src/components/DebugPanel/LogViewer.stories.tsx[2m > [22m[2mNo Auto Scroll
[22m[39m[ChatContext] Cleaning up subscriptions
[90mstdout[2m | src/components/DebugPanel/LogViewer.stories.tsx[2m > [22m[2mNo Auto Scroll
[22m[39m[Mock Data] Unit.onUpdate() subscription removed. Remaining: 0
[90mstdout[2m | src/components/DebugPanel/LogViewer.stories.tsx[2m > [22m[2mNo Auto Scroll
[22m[39m[MOCK CourseVectorStore] Initialized with mock data
[90mstdout[2m | src/components/DebugPanel/LogViewer.stories.tsx[2m > [22m[2mNo Auto Scroll
[22m[39m[TranslationModeController] Setting mode to: off
[90mstdout[2m | src/components/DebugPanel/LogViewer.stories.tsx[2m > [22m[2mNo Auto Scroll
[22m[39m[UnitContext] useEffect triggered {
  "authLoading": false,
  "hasUser": true,
  "id": "mock-unit-id",
  "userSub": "mock-user-sub",
}
[90mstdout[2m | src/components/DebugPanel/LogViewer.stories.tsx[2m > [22m[2mNo Auto Scroll
[22m[39m[UnitContext] Fetching unit data for id: mock-unit-id
[90mstdout[2m | src/components/DebugPanel/LogViewer.stories.tsx[2m > [22m[2mNo Auto Scroll
[22m[39m[FilesContext] Initializing vector store from IndexedDB
[90mstdout[2m | src/components/DebugPanel/LogViewer.stories.tsx[2m > [22m[2mNo Auto Scroll
[22m[39m[FilesContext] fetchFiles called
[90mstdout[2m | src/components/DebugPanel/LogViewer.stories.tsx[2m > [22m[2mNo Auto Scroll
[22m[39m[FilesContext] User authenticated: mock-user-sub
[90mstdout[2m | src/components/DebugPanel/LogViewer.stories.tsx[2m > [22m[2mNo Auto Scroll
[22m[39m[FilesContext] Identity ID: us-east-1:mock-identity-123
[90mstdout[2m | src/components/DebugPanel/LogViewer.stories.tsx[2m > [22m[2mNo Auto Scroll
[22m[39m[FilesContext] About to set up File observeQuery
[90mstdout[2m | src/components/DebugPanel/LogViewer.stories.tsx[2m > [22m[2mNo Auto Scroll
[22m[39m[ChatContext] Setting up AssistantChat observeQuery
[90mstdout[2m | src/components/DebugPanel/LogViewer.stories.tsx[2m > [22m[2mNo Auto Scroll
[22m[39m[ChatContext] Waiting for subscription to initialize
[90mstdout[2m | src/components/DebugPanel/LogViewer.stories.tsx[2m > [22m[2mNo Auto Scroll
[22m[39m[SettingsContext] Setting up Settings subscription for user: mock-user-sub
[90mstdout[2m | src/components/DebugPanel/LogViewer.stories.tsx[2m > [22m[2mNo Auto Scroll
[22m[39m[Mock Data] Settings created: mock-settings-1790418657796 - notified 0 subscribers
[90mstdout[2m | src/components/DebugPanel/LogViewer.stories.tsx[2m > [22m[2mNo Auto Scroll
[22m[39m[Mock Data] Unit.onUpdate() subscription added. Total: 1
[90mstdout[2m | src/components/DebugPanel/LogViewer.stories.tsx[2m > [22m[2mNo Auto Scroll
[22m[39m[SectionContext] Section observeQuery update: 0
[90mstdout[2m | src/components/DebugPanel/LogViewer.stories.tsx[2m > [22m[2mNo Auto Scroll
[22m[39m[FilesContext] File observeQuery update: 6 files
[90mstdout[2m | src/components/DebugPanel/LogViewer.stories.tsx[2m > [22m[2mNo Auto Scroll
[22m[39m[ChatContext] AssistantChat initialized with 1 chats
[90mstdout[2m | src/components/DebugPanel/LogViewer.stories.tsx[2m > [22m[2mNo Auto Scroll
[22m[39m[ChatContext] Setting initial chat: mock-assistant-chat-1
[90mstdout[2m | src/components/DebugPanel/LogViewer.stories.tsx[2m > [22m[2mNo Auto Scroll
[22m[39m[MOCK CourseVectorStore] Initialized with mock data
[90mstdout[2m | src/components/DebugPanel/LogViewer.stories.tsx[2m > [22m[2mNo Auto Scroll
[22m[39m[FilesContext] Vector store population triggered {
  "currentVectorStoreSize": 3,
  "documentsCount": 0,
  "filesCount": 6,
  "isInitialLoad": true,
}
[90mstdout[2m | src/components/DebugPanel/LogViewer.stories.tsx[2m > [22m[2mNo Auto Scroll
[22m[39m[FilesContext] Vector store population complete - 3 total embeddings
[90mstdout[2m | src/components/DebugPanel/LogViewer.stories.tsx[2m > [22m[2mNo Auto Scroll
[22m[39m[ChatContext] Chat exists and not archived, skipping creation
[90mstdout[2m | src/components/DebugPanel/LogViewer.stories.tsx[2m > [22m[2mNo Auto Scroll
[22m[39m[Mock Storage] downloadData called with: undefined
[90mstdout[2m | src/components/DebugPanel/LogViewer.stories.tsx[2m > [22m[2mWith Stack Traces
[22m[39m[ChatContext] Cleaning up subscriptions
[90mstdout[2m | src/components/DebugPanel/LogViewer.stories.tsx[2m > [22m[2mWith Stack Traces
[22m[39m[Mock Data] Unit.onUpdate() subscription removed. Remaining: 0
[90mstdout[2m | src/components/DebugPanel/LogViewer.stories.tsx[2m > [22m[2mWith Stack Traces
[22m[39m[MOCK CourseVectorStore] Initialized with mock data
[90mstdout[2m | src/components/DebugPanel/LogViewer.stories.tsx[2m > [22m[2mWith Stack Traces
[22m[39m[TranslationModeController] Setting mode to: off
[90mstdout[2m | src/components/DebugPanel/LogViewer.stories.tsx[2m > [22m[2mWith Stack Traces
[22m[39m[UnitContext] useEffect triggered {
  "authLoading": false,
  "hasUser": true,
  "id": "mock-unit-id",
  "userSub": "mock-user-sub",
}
[90mstdout[2m | src/components/DebugPanel/LogViewer.stories.tsx[2m > [22m[2mWith Stack Traces
[22m[39m[UnitContext] Fetching unit data for id: mock-unit-id
[90mstdout[2m | src/components/DebugPanel/LogViewer.stories.tsx[2m > [22m[2mWith Stack Traces
[22m[39m[FilesContext] Initializing vector store from IndexedDB
[90mstdout[2m | src/components/DebugPanel/LogViewer.stories.tsx[2m > [22m[2mWith Stack Traces
[22m[39m[FilesContext] fetchFiles called
[90mstdout[2m | src/components/DebugPanel/LogViewer.stories.tsx[2m > [22m[2mWith Stack Traces
[22m[39m[FilesContext] User authenticated: mock-user-sub
[90mstdout[2m | src/components/DebugPanel/LogViewer.stories.tsx[2m > [22m[2mWith Stack Traces
[22m[39m[FilesContext] Identity ID: us-east-1:mock-identity-123
[90mstdout[2m | src/components/DebugPanel/LogViewer.stories.tsx[2m > [22m[2mWith Stack Traces
[22m[39m[FilesContext] About to set up File observeQuery
[90mstdout[2m | src/components/DebugPanel/LogViewer.stories.tsx[2m > [22m[2mWith Stack Traces
[22m[39m[ChatContext] Setting up AssistantChat observeQuery
[90mstdout[2m | src/components/DebugPanel/LogViewer.stories.tsx[2m > [22m[2mWith Stack Traces
[22m[39m[ChatContext] Waiting for subscription to initialize
[90mstdout[2m | src/components/DebugPanel/LogViewer.stories.tsx[2m > [22m[2mWith Stack Traces
[22m[39m[SettingsContext] Setting up Settings subscription for user: mock-user-sub
[90mstdout[2m | src/components/DebugPanel/LogViewer.stories.tsx[2m > [22m[2mWith Stack Traces
[22m[39m[Mock Data] Settings created: mock-settings-1790418658001 - notified 0 subscribers
[90mstdout[2m | src/components/DebugPanel/LogViewer.stories.tsx[2m > [22m[2mWith Stack Traces
[22m[39m[Mock Data] Unit.onUpdate() subscription added. Total: 1
[90mstdout[2m | src/components/DebugPanel/LogViewer.stories.tsx[2m > [22m[2mWith Stack Traces
[22m[39m[SectionContext] Section observeQuery update: 0
[90mstdout[2m | src/components/DebugPanel/LogViewer.stories.tsx[2m > [22m[2mWith Stack Traces
[22m[39m[FilesContext] File observeQuery update: 6 files
[90mstdout[2m | src/components/DebugPanel/LogViewer.stories.tsx[2m > [22m[2mWith Stack Traces
[22m[39m[ChatContext] AssistantChat initialized with 1 chats
[90mstdout[2m | src/components/DebugPanel/LogViewer.stories.tsx[2m > [22m[2mWith Stack Traces
[22m[39m[ChatContext] Setting initial chat: mock-assistant-chat-1
[90mstdout[2m | src/components/DebugPanel/LogViewer.stories.tsx[2m > [22m[2mWith Stack Traces
[22m[39m[MOCK CourseVectorStore] Initialized with mock data
[90mstdout[2m | src/components/DebugPanel/LogViewer.stories.tsx[2m > [22m[2mWith Stack Traces
[22m[39m[FilesContext] Vector store population triggered {
  "currentVectorStoreSize": 3,
  "documentsCount": 0,
  "filesCount": 6,
  "isInitialLoad": true,
}
[90mstdout[2m | src/components/DebugPanel/LogViewer.stories.tsx[2m > [22m[2mWith Stack Traces
[22m[39m[FilesContext] Vector store population complete - 3 total embeddings
[90mstdout[2m | src/components/DebugPanel/LogViewer.stories.tsx[2m > [22m[2mWith Stack Traces
[22m[39m[ChatContext] Chat exists and not archived, skipping creation
[90mstdout[2m | src/components/DebugPanel/LogViewer.stories.tsx[2m > [22m[2mWith Stack Traces
[22m[39m[Mock Storage] downloadData called with: undefined
[90mstdout[2m | src/components/DebugPanel/LogViewer.stories.tsx[2m > [22m[2mMixed Levels
[22m[39m[ChatContext] Cleaning up subscriptions
[90mstdout[2m | src/components/DebugPanel/LogViewer.stories.tsx[2m > [22m[2mMixed Levels
[22m[39m[Mock Data] Unit.onUpdate() subscription removed. Remaining: 0
[90mstdout[2m | src/components/DebugPanel/LogViewer.stories.tsx[2m > [22m[2mMixed Levels
[22m[39m[MOCK CourseVectorStore] Initialized with mock data
[90mstdout[2m | src/components/DebugPanel/LogViewer.stories.tsx[2m > [22m[2mMixed Levels
[22m[39m[TranslationModeController] Setting mode to: off
[90mstdout[2m | src/components/DebugPanel/LogViewer.stories.tsx[2m > [22m[2mMixed Levels
[22m[39m[UnitContext] useEffect triggered {
  "authLoading": false,
  "hasUser": true,
  "id": "mock-unit-id",
  "userSub": "mock-user-sub",
}
[90mstdout[2m | src/components/DebugPanel/LogViewer.stories.tsx[2m > [22m[2mMixed Levels
[22m[39m[UnitContext] Fetching unit data for id: mock-unit-id
[90mstdout[2m | src/components/DebugPanel/LogViewer.stories.tsx[2m > [22m[2mMixed Levels
[22m[39m[FilesContext] Initializing vector store from IndexedDB
[90mstdout[2m | src/components/DebugPanel/LogViewer.stories.tsx[2m > [22m[2mMixed Levels
[22m[39m[FilesContext] fetchFiles called
[90mstdout[2m | src/components/DebugPanel/LogViewer.stories.tsx[2m > [22m[2mMixed Levels
[22m[39m[FilesContext] User authenticated: mock-user-sub
[90mstdout[2m | src/components/DebugPanel/LogViewer.stories.tsx[2m > [22m[2mMixed Levels
[22m[39m[FilesContext] Identity ID: us-east-1:mock-identity-123
[90mstdout[2m | src/components/DebugPanel/LogViewer.stories.tsx[2m > [22m[2mMixed Levels
[22m[39m[FilesContext] About to set up File observeQuery
[90mstdout[2m | src/components/DebugPanel/LogViewer.stories.tsx[2m > [22m[2mMixed Levels
[22m[39m[ChatContext] Setting up AssistantChat observeQuery
[90mstdout[2m | src/components/DebugPanel/LogViewer.stories.tsx[2m > [22m[2mMixed Levels
[22m[39m[ChatContext] Waiting for subscription to initialize
[90mstdout[2m | src/components/DebugPanel/LogViewer.stories.tsx[2m > [22m[2mMixed Levels
[22m[39m[SettingsContext] Setting up Settings subscription for user: mock-user-sub
[90mstdout[2m | src/components/DebugPanel/LogViewer.stories.tsx[2m > [22m[2mMixed Levels
[22m[39m[Mock Data] Settings created: mock-settings-1790418658158 - notified 0 subscribers
[90mstdout[2m | src/components/DebugPanel/LogViewer.stories.tsx[2m > [22m[2mMixed Levels
[22m[39m[Mock Data] Unit.onUpdate() subscription added. Total: 1
[90mstdout[2m | src/components/DebugPanel/LogViewer.stories.tsx[2m > [22m[2mMixed Levels
[22m[39m[SectionContext] Section observeQuery update: 0
[90mstdout[2m | src/components/DebugPanel/LogViewer.stories.tsx[2m > [22m[2mMixed Levels
[22m[39m[FilesContext] File observeQuery update: 6 files
[90mstdout[2m | src/components/DebugPanel/LogViewer.stories.tsx[2m > [22m[2mMixed Levels
[22m[39m[ChatContext] AssistantChat initialized with 1 chats
[90mstdout[2m | src/components/DebugPanel/LogViewer.stories.tsx[2m > [22m[2mMixed Levels
[22m[39m[ChatContext] Setting initial chat: mock-assistant-chat-1
[90mstdout[2m | src/components/DebugPanel/LogViewer.stories.tsx[2m > [22m[2mMixed Levels
[22m[39m[MOCK CourseVectorStore] Initialized with mock data
[90mstdout[2m | src/components/DebugPanel/LogViewer.stories.tsx[2m > [22m[2mMixed Levels
[22m[39m[FilesContext] Vector store population triggered {
  "currentVectorStoreSize": 3,
  "documentsCount": 0,
  "filesCount": 6,
  "isInitialLoad": true,
}
[90mstdout[2m | src/components/DebugPanel/LogViewer.stories.tsx[2m > [22m[2mMixed Levels
[22m[39m[FilesContext] Vector store population complete - 3 total embeddings
[90mstdout[2m | src/components/DebugPanel/LogViewer.stories.tsx[2m > [22m[2mMixed Levels
[22m[39m[ChatContext] Chat exists and not archived, skipping creation
[90mstdout[2m | src/components/DebugPanel/LogViewer.stories.tsx[2m > [22m[2mMixed Levels
[22m[39m[Mock Storage] downloadData called with: undefined
 [32m✓[39m [30m[45m storybook (chromium) [49m[39m src/components/DebugPanel/LogViewer.stories.tsx [2m([22m[2m7 tests[22m[2m)[22m[33m 2414[2mms[22m[39m
   [33m[2m✓[22m[39m Default [33m 510[2mms[22m[39m
   [33m[2m✓[22m[39m Many Logs [33m 1010[2mms[22m[39m
[90mstdout[2m | unknown test
[22m[39m[MOCK vectorStoreDB.js] Module loaded - mock IndexedDB operations
[90mstdout[2m | unknown test
[22m[39m[Task Completion] DOM action listeners initialized
[90mstdout[2m | unknown test
[22m[39m[Task Completion] Auto-completion detector initialized
[90mstdout[2m | unknown test
[22m[39m[Preview] Task completion detector initialized
[90mstdout[2m | src/components/Gamification/BossBattleForm.stories.tsx[2m > [22m[2mDefault
[22m[39m[TranslationModeController] Setting mode to: off
[90mstdout[2m | src/components/Gamification/BossBattleForm.stories.tsx[2m > [22m[2mSubmitting
[22m[39m[TranslationModeController] Setting mode to: off
[90mstdout[2m | src/components/Gamification/BossBattleForm.stories.tsx[2m > [22m[2mFill And Submit
[22m[39m[TranslationModeController] Setting mode to: off
[90mstdout[2m | src/components/Gamification/BossBattleForm.stories.tsx[2m > [22m[2mValidation Error
[22m[39m[TranslationModeController] Setting mode to: off
 [32m✓[39m [30m[45m storybook (chromium) [49m[39m src/components/Gamification/BossBattleForm.stories.tsx [2m([22m[2m4 tests[22m[2m)[22m[33m 3575[2mms[22m[39m
   [33m[2m✓[22m[39m Default [33m 421[2mms[22m[39m
   [33m[2m✓[22m[39m Fill And Submit [33m 2298[2mms[22m[39m
   [33m[2m✓[22m[39m Validation Error [33m 632[2mms[22m[39m
[90mstdout[2m | unknown test
[22m[39m[MOCK vectorStoreDB.js] Module loaded - mock IndexedDB operations
[90mstdout[2m | unknown test
[22m[39m[Task Completion] DOM action listeners initialized
[90mstdout[2m | unknown test
[22m[39m[Task Completion] Auto-completion detector initialized
[90mstdout[2m | unknown test
[22m[39m[Preview] Task completion detector initialized
[90mstdout[2m | src/components/VocabularyReview2.stories.tsx[2m > [22m[2mDefault
[22m[39m[Preview] Skipped initializing default mock data (initializeMockData=false)
[90mstdout[2m | src/components/VocabularyReview2.stories.tsx[2m > [22m[2mDefault
[22m[39m[Mock Data] seedMockDocuments: Adding 1 documents
[90mstdout[2m | src/components/VocabularyReview2.stories.tsx[2m > [22m[2mDefault
[22m[39m[Mock Data] seedMockParsedContent: Adding 1 parsed content records
[90mstdout[2m | src/components/VocabularyReview2.stories.tsx[2m > [22m[2mDefault
[22m[39m[MOCK CourseVectorStore] Initialized with mock data
[90mstdout[2m | src/components/VocabularyReview2.stories.tsx[2m > [22m[2mDefault
[22m[39m[VocabularyReview2] Setting up ParsedContent subscription for user: undefined
[90mstdout[2m | src/components/VocabularyReview2.stories.tsx[2m > [22m[2mDefault
[22m[39m[TranslationModeController] Setting mode to: off
[90mstdout[2m | src/components/VocabularyReview2.stories.tsx[2m > [22m[2mDefault
[22m[39m[UnitContext] useEffect triggered {
  "authLoading": false,
  "hasUser": true,
  "id": "mock-unit-1",
  "userSub": "mock-user-sub",
}
[90mstdout[2m | src/components/VocabularyReview2.stories.tsx[2m > [22m[2mDefault
[22m[39m[UnitContext] Fetching unit data for id: mock-unit-1
[90mstdout[2m | src/components/VocabularyReview2.stories.tsx[2m > [22m[2mDefault
[22m[39m[FilesContext] Initializing vector store from IndexedDB
[90mstdout[2m | src/components/VocabularyReview2.stories.tsx[2m > [22m[2mDefault
[22m[39m[FilesContext] fetchFiles called
[90mstdout[2m | src/components/VocabularyReview2.stories.tsx[2m > [22m[2mDefault
[22m[39m[FilesContext] User authenticated: mock-user-sub
[90mstdout[2m | src/components/VocabularyReview2.stories.tsx[2m > [22m[2mDefault
[22m[39m[FilesContext] Identity ID: us-east-1:mock-identity-123
[90mstdout[2m | src/components/VocabularyReview2.stories.tsx[2m > [22m[2mDefault
[22m[39m[FilesContext] About to set up File observeQuery
[90mstdout[2m | src/components/VocabularyReview2.stories.tsx[2m > [22m[2mDefault
[22m[39m[ChatContext] Setting up AssistantChat observeQuery
[90mstdout[2m | src/components/VocabularyReview2.stories.tsx[2m > [22m[2mDefault
[22m[39m[ChatContext] Waiting for subscription to initialize
[90mstdout[2m | src/components/VocabularyReview2.stories.tsx[2m > [22m[2mDefault
[22m[39m[SettingsContext] Setting up Settings subscription for user: mock-user-sub
[90mstdout[2m | src/components/VocabularyReview2.stories.tsx[2m > [22m[2mDefault
[22m[39m[Mock Data] Settings created: mock-settings-1790418665694 - notified 0 subscribers
[90mstdout[2m | src/components/VocabularyReview2.stories.tsx[2m > [22m[2mDefault
[22m[39m[Mock Data] Unit.onUpdate() subscription added. Total: 1
[90mstdout[2m | src/components/VocabularyReview2.stories.tsx[2m > [22m[2mDefault
[22m[39m[SectionContext] Section observeQuery update: 0
[90mstdout[2m | src/components/VocabularyReview2.stories.tsx[2m > [22m[2mDefault
[22m[39m[FilesContext] File observeQuery update: 0 files
[90mstdout[2m | src/components/VocabularyReview2.stories.tsx[2m > [22m[2mDefault
[22m[39m[ChatContext] AssistantChat initialized with 0 chats
[90mstdout[2m | src/components/VocabularyReview2.stories.tsx[2m > [22m[2mDefault
[22m[39m[MOCK CourseVectorStore] Initialized with mock data
[90mstdout[2m | src/components/VocabularyReview2.stories.tsx[2m > [22m[2mDefault
[22m[39m[ChatContext] No current chat available, will create one
[90mstdout[2m | src/components/VocabularyReview2.stories.tsx[2m > [22m[2mDefault
[22m[39m[ChatContext] Creating AssistantChat with user: undefined
[90mstdout[2m | src/components/VocabularyReview2.stories.tsx[2m > [22m[2mDefault
[22m[39m[Mock Data] AssistantChat created: mock-assistantchat-1790418666092 - notified 1 subscribers
[90mstdout[2m | src/components/VocabularyReview2.stories.tsx[2m > [22m[2mDefault
[22m[39m[ChatContext] Create result: {
  "data": {
    "_version": 1,
    "archived": false,
    "chatFiles": [Function anonymous],
    "createdAt": "2026-09-26T10:31:06.092Z",
    "id": "mock-assistantchat-1790418666092",
    "model": "gpt-4",
    "updatedAt": "2026-09-26T10:31:06.092Z",
  },
  "errors": [],
  "hasData": true,
  "hasErrors": true,
}
[90mstdout[2m | src/components/VocabularyReview2.stories.tsx[2m > [22m[2mDefault
[22m[39m[ChatContext] Created AssistantChat: mock-assistantchat-1790418666092 at: 2026-09-26T10:31:06.092Z
[90mstdout[2m | src/components/VocabularyReview2.stories.tsx[2m > [22m[2mDefault
[22m[39m[Mock Storage] downloadData called with: undefined
[90mstdout[2m | src/components/VocabularyReview2.stories.tsx[2m > [22m[2mDefault
[22m[39m[ChatContext] Setting initial chat: mock-assistantchat-1790418666092
[90mstdout[2m | src/components/VocabularyReview2.stories.tsx[2m > [22m[2mDefault
[22m[39m[ChatContext] Chat exists and not archived, skipping creation
[90mstdout[2m | src/components/VocabularyReview2.stories.tsx[2m > [22m[2mWith Search Highlight
[22m[39m[ChatContext] Cleaning up subscriptions
[90mstdout[2m | src/components/VocabularyReview2.stories.tsx[2m > [22m[2mWith Search Highlight
[22m[39m[Mock Data] Unit.onUpdate() subscription removed. Remaining: 0
[90mstdout[2m | src/components/VocabularyReview2.stories.tsx[2m > [22m[2mWith Search Highlight
[22m[39m[Preview] Skipped initializing default mock data (initializeMockData=false)
[90mstdout[2m | src/components/VocabularyReview2.stories.tsx[2m > [22m[2mWith Search Highlight
[22m[39m[Mock Data] seedMockDocuments: Adding 1 documents
[90mstdout[2m | src/components/VocabularyReview2.stories.tsx[2m > [22m[2mWith Search Highlight
[22m[39m[Mock Data] seedMockParsedContent: Adding 1 parsed content records
[90mstdout[2m | src/components/VocabularyReview2.stories.tsx[2m > [22m[2mWith Search Highlight
[22m[39m[MOCK CourseVectorStore] Initialized with mock data
[90mstdout[2m | src/components/VocabularyReview2.stories.tsx[2m > [22m[2mWith Search Highlight
[22m[39m[VocabularyReview2] Setting up ParsedContent subscription for user: undefined
[90mstdout[2m | src/components/VocabularyReview2.stories.tsx[2m > [22m[2mWith Search Highlight
[22m[39m[TranslationModeController] Setting mode to: off
[90mstdout[2m | src/components/VocabularyReview2.stories.tsx[2m > [22m[2mWith Search Highlight
[22m[39m[UnitContext] useEffect triggered {
  "authLoading": false,
  "hasUser": true,
  "id": "mock-unit-1",
  "userSub": "mock-user-sub",
}
[90mstdout[2m | src/components/VocabularyReview2.stories.tsx[2m > [22m[2mWith Search Highlight
[22m[39m[UnitContext] Fetching unit data for id: mock-unit-1
[90mstdout[2m | src/components/VocabularyReview2.stories.tsx[2m > [22m[2mWith Search Highlight
[22m[39m[FilesContext] Initializing vector store from IndexedDB
[90mstdout[2m | src/components/VocabularyReview2.stories.tsx[2m > [22m[2mWith Search Highlight
[22m[39m[FilesContext] fetchFiles called
[90mstdout[2m | src/components/VocabularyReview2.stories.tsx[2m > [22m[2mWith Search Highlight
[22m[39m[FilesContext] User authenticated: mock-user-sub
[90mstdout[2m | src/components/VocabularyReview2.stories.tsx[2m > [22m[2mWith Search Highlight
[22m[39m[FilesContext] Identity ID: us-east-1:mock-identity-123
[90mstdout[2m | src/components/VocabularyReview2.stories.tsx[2m > [22m[2mWith Search Highlight
[22m[39m[FilesContext] About to set up File observeQuery
[90mstdout[2m | src/components/VocabularyReview2.stories.tsx[2m > [22m[2mWith Search Highlight
[22m[39m[ChatContext] Setting up AssistantChat observeQuery
[90mstdout[2m | src/components/VocabularyReview2.stories.tsx[2m > [22m[2mWith Search Highlight
[22m[39m[ChatContext] Waiting for subscription to initialize
[90mstdout[2m | src/components/VocabularyReview2.stories.tsx[2m > [22m[2mWith Search Highlight
[22m[39m[SettingsContext] Setting up Settings subscription for user: mock-user-sub
[90mstdout[2m | src/components/VocabularyReview2.stories.tsx[2m > [22m[2mWith Search Highlight
[22m[39m[Mock Data] Settings created: mock-settings-1790418666526 - notified 0 subscribers
[90mstdout[2m | src/components/VocabularyReview2.stories.tsx[2m > [22m[2mWith Search Highlight
[22m[39m[Mock Data] Unit.onUpdate() subscription added. Total: 1
[90mstdout[2m | src/components/VocabularyReview2.stories.tsx[2m > [22m[2mWith Search Highlight
[22m[39m[SectionContext] Section observeQuery update: 0
[90mstdout[2m | src/components/VocabularyReview2.stories.tsx[2m > [22m[2mWith Search Highlight
[22m[39m[FilesContext] File observeQuery update: 0 files
[90mstdout[2m | src/components/VocabularyReview2.stories.tsx[2m > [22m[2mWith Search Highlight
[22m[39m[ChatContext] AssistantChat initialized with 0 chats
[90mstdout[2m | src/components/VocabularyReview2.stories.tsx[2m > [22m[2mWith Search Highlight
[22m[39m[Mock Storage] downloadData called with: undefined
[90mstdout[2m | src/components/VocabularyReview2.stories.tsx[2m > [22m[2mWith Search Highlight
[22m[39m[MOCK CourseVectorStore] Initialized with mock data
[90mstdout[2m | src/components/VocabularyReview2.stories.tsx[2m > [22m[2mWith Search Highlight
[22m[39m[ChatContext] No current chat available, will create one
[90mstdout[2m | src/components/VocabularyReview2.stories.tsx[2m > [22m[2mWith Search Highlight
[22m[39m[ChatContext] Creating AssistantChat with user: undefined
[90mstdout[2m | src/components/VocabularyReview2.stories.tsx[2m > [22m[2mWith Search Highlight
[22m[39m[Mock Data] AssistantChat created: mock-assistantchat-1790418666645 - notified 1 subscribers
[90mstdout[2m | src/components/VocabularyReview2.stories.tsx[2m > [22m[2mWith Search Highlight
[22m[39m[ChatContext] Create result: {
  "data": {
    "_version": 1,
    "archived": false,
    "chatFiles": [Function anonymous],
    "createdAt": "2026-09-26T10:31:06.645Z",
    "id": "mock-assistantchat-1790418666645",
    "model": "gpt-4",
    "updatedAt": "2026-09-26T10:31:06.645Z",
  },
  "errors": [],
  "hasData": true,
  "hasErrors": true,
}
[90mstdout[2m | src/components/VocabularyReview2.stories.tsx[2m > [22m[2mWith Search Highlight
[22m[39m[ChatContext] Created AssistantChat: mock-assistantchat-1790418666645 at: 2026-09-26T10:31:06.645Z
[90mstdout[2m | src/components/VocabularyReview2.stories.tsx[2m > [22m[2mWith Search Highlight
[22m[39m[ChatContext] Setting initial chat: mock-assistantchat-1790418666645
[90mstdout[2m | src/components/VocabularyReview2.stories.tsx[2m > [22m[2mWith Search Highlight
[22m[39m[ChatContext] Chat exists and not archived, skipping creation
[90mstdout[2m | src/components/VocabularyReview2.stories.tsx[2m > [22m[2mLarge List
[22m[39m[ChatContext] Cleaning up subscriptions
[90mstdout[2m | src/components/VocabularyReview2.stories.tsx[2m > [22m[2mLarge List
[22m[39m[Mock Data] Unit.onUpdate() subscription removed. Remaining: 0
[90mstdout[2m | src/components/VocabularyReview2.stories.tsx[2m > [22m[2mLarge List
[22m[39m[Preview] Skipped initializing default mock data (initializeMockData=false)
[90mstdout[2m | src/components/VocabularyReview2.stories.tsx[2m > [22m[2mLarge List
[22m[39m[Mock Data] seedMockDocuments: Adding 1 documents
[90mstdout[2m | src/components/VocabularyReview2.stories.tsx[2m > [22m[2mLarge List
[22m[39m[Mock Data] seedMockParsedContent: Adding 1 parsed content records
[90mstdout[2m | src/components/VocabularyReview2.stories.tsx[2m > [22m[2mLarge List
[22m[39m[MOCK CourseVectorStore] Initialized with mock data
[90mstdout[2m | src/components/VocabularyReview2.stories.tsx[2m > [22m[2mLarge List
[22m[39m[VocabularyReview2] Setting up ParsedContent subscription for user: undefined
[90mstdout[2m | src/components/VocabularyReview2.stories.tsx[2m > [22m[2mLarge List
[22m[39m[TranslationModeController] Setting mode to: off
[90mstdout[2m | src/components/VocabularyReview2.stories.tsx[2m > [22m[2mLarge List
[22m[39m[UnitContext] useEffect triggered {
  "authLoading": false,
  "hasUser": true,
  "id": "mock-unit-1",
  "userSub": "mock-user-sub",
}
[90mstdout[2m | src/components/VocabularyReview2.stories.tsx[2m > [22m[2mLarge List
[22m[39m[UnitContext] Fetching unit data for id: mock-unit-1
[90mstdout[2m | src/components/VocabularyReview2.stories.tsx[2m > [22m[2mLarge List
[22m[39m[FilesContext] Initializing vector store from IndexedDB
[90mstdout[2m | src/components/VocabularyReview2.stories.tsx[2m > [22m[2mLarge List
[22m[39m[FilesContext] fetchFiles called
[90mstdout[2m | src/components/VocabularyReview2.stories.tsx[2m > [22m[2mLarge List
[22m[39m[FilesContext] User authenticated: mock-user-sub
[90mstdout[2m | src/components/VocabularyReview2.stories.tsx[2m > [22m[2mLarge List
[22m[39m[FilesContext] Identity ID: us-east-1:mock-identity-123
[90mstdout[2m | src/components/VocabularyReview2.stories.tsx[2m > [22m[2mLarge List
[22m[39m[FilesContext] About to set up File observeQuery
[90mstdout[2m | src/components/VocabularyReview2.stories.tsx[2m > [22m[2mLarge List
[22m[39m[ChatContext] Setting up AssistantChat observeQuery
[90mstdout[2m | src/components/VocabularyReview2.stories.tsx[2m > [22m[2mLarge List
[22m[39m[ChatContext] Waiting for subscription to initialize
[90mstdout[2m | src/components/VocabularyReview2.stories.tsx[2m > [22m[2mLarge List
[22m[39m[SettingsContext] Setting up Settings subscription for user: mock-user-sub
[90mstdout[2m | src/components/VocabularyReview2.stories.tsx[2m > [22m[2mLarge List
[22m[39m[Mock Data] Settings created: mock-settings-1790418666796 - notified 0 subscribers
[90mstdout[2m | src/components/VocabularyReview2.stories.tsx[2m > [22m[2mLarge List
[22m[39m[Mock Data] Unit.onUpdate() subscription added. Total: 1
[90mstdout[2m | src/components/VocabularyReview2.stories.tsx[2m > [22m[2mLarge List
[22m[39m[SectionContext] Section observeQuery update: 0
[90mstdout[2m | src/components/VocabularyReview2.stories.tsx[2m > [22m[2mLarge List
[22m[39m[FilesContext] File observeQuery update: 0 files
[90mstdout[2m | src/components/VocabularyReview2.stories.tsx[2m > [22m[2mLarge List
[22m[39m[ChatContext] AssistantChat initialized with 0 chats
[90mstdout[2m | src/components/VocabularyReview2.stories.tsx[2m > [22m[2mLarge List
[22m[39m[Mock Storage] downloadData called with: undefined
[90mstdout[2m | src/components/VocabularyReview2.stories.tsx[2m > [22m[2mLarge List
[22m[39m[MOCK CourseVectorStore] Initialized with mock data
[90mstdout[2m | src/components/VocabularyReview2.stories.tsx[2m > [22m[2mLarge List
[22m[39m[ChatContext] No current chat available, will create one
[90mstdout[2m | src/components/VocabularyReview2.stories.tsx[2m > [22m[2mLarge List
[22m[39m[ChatContext] Creating AssistantChat with user: undefined
[90mstdout[2m | src/components/VocabularyReview2.stories.tsx[2m > [22m[2mLarge List
[22m[39m[Mock Data] AssistantChat created: mock-assistantchat-1790418667160 - notified 1 subscribers
[90mstdout[2m | src/components/VocabularyReview2.stories.tsx[2m > [22m[2mLarge List
[22m[39m[ChatContext] Create result: {
  "data": {
    "_version": 1,
    "archived": false,
    "chatFiles": [Function anonymous],
    "createdAt": "2026-09-26T10:31:07.160Z",
    "id": "mock-assistantchat-1790418667160",
    "model": "gpt-4",
    "updatedAt": "2026-09-26T10:31:07.160Z",
  },
  "errors": [],
  "hasData": true,
  "hasErrors": true,
}
[90mstdout[2m | src/components/VocabularyReview2.stories.tsx[2m > [22m[2mLarge List
[22m[39m[ChatContext] Created AssistantChat: mock-assistantchat-1790418667160 at: 2026-09-26T10:31:07.160Z
[90mstdout[2m | src/components/VocabularyReview2.stories.tsx[2m > [22m[2mLarge List
[22m[39m[ChatContext] Setting initial chat: mock-assistantchat-1790418667160
[90mstdout[2m | src/components/VocabularyReview2.stories.tsx[2m > [22m[2mLarge List
[22m[39m[ChatContext] Chat exists and not archived, skipping creation
[90mstdout[2m | src/components/VocabularyReview2.stories.tsx[2m > [22m[2mAlready Imported
[22m[39m[ChatContext] Cleaning up subscriptions
[90mstdout[2m | src/components/VocabularyReview2.stories.tsx[2m > [22m[2mAlready Imported
[22m[39m[Mock Data] Unit.onUpdate() subscription removed. Remaining: 0
[90mstdout[2m | src/components/VocabularyReview2.stories.tsx[2m > [22m[2mAlready Imported
[22m[39m[Preview] Skipped initializing default mock data (initializeMockData=false)
[90mstdout[2m | src/components/VocabularyReview2.stories.tsx[2m > [22m[2mAlready Imported
[22m[39m[Mock Data] seedMockDocuments: Adding 1 documents
[90mstdout[2m | src/components/VocabularyReview2.stories.tsx[2m > [22m[2mAlready Imported
[22m[39m[Mock Data] seedMockParsedContent: Adding 1 parsed content records
[90mstdout[2m | src/components/VocabularyReview2.stories.tsx[2m > [22m[2mAlready Imported
[22m[39m[MOCK CourseVectorStore] Initialized with mock data
[90mstdout[2m | src/components/VocabularyReview2.stories.tsx[2m > [22m[2mAlready Imported
[22m[39m[VocabularyReview2] Setting up ParsedContent subscription for user: undefined
[90mstdout[2m | src/components/VocabularyReview2.stories.tsx[2m > [22m[2mAlready Imported
[22m[39m[TranslationModeController] Setting mode to: off
[90mstdout[2m | src/components/VocabularyReview2.stories.tsx[2m > [22m[2mAlready Imported
[22m[39m[UnitContext] useEffect triggered {
  "authLoading": false,
  "hasUser": true,
  "id": "mock-unit-1",
  "userSub": "mock-user-sub",
}
[90mstdout[2m | src/components/VocabularyReview2.stories.tsx[2m > [22m[2mAlready Imported
[22m[39m[UnitContext] Fetching unit data for id: mock-unit-1
[90mstdout[2m | src/components/VocabularyReview2.stories.tsx[2m > [22m[2mAlready Imported
[22m[39m[FilesContext] Initializing vector store from IndexedDB
[90mstdout[2m | src/components/VocabularyReview2.stories.tsx[2m > [22m[2mAlready Imported
[22m[39m[FilesContext] fetchFiles called
[90mstdout[2m | src/components/VocabularyReview2.stories.tsx[2m > [22m[2mAlready Imported
[22m[39m[FilesContext] User authenticated: mock-user-sub
[90mstdout[2m | src/components/VocabularyReview2.stories.tsx[2m > [22m[2mAlready Imported
[22m[39m[FilesContext] Identity ID: us-east-1:mock-identity-123
[90mstdout[2m | src/components/VocabularyReview2.stories.tsx[2m > [22m[2mAlready Imported
[22m[39m[FilesContext] About to set up File observeQuery
[90mstdout[2m | src/components/VocabularyReview2.stories.tsx[2m > [22m[2mAlready Imported
[22m[39m[ChatContext] Setting up AssistantChat observeQuery
[90mstdout[2m | src/components/VocabularyReview2.stories.tsx[2m > [22m[2mAlready Imported
[22m[39m[ChatContext] Waiting for subscription to initialize
[90mstdout[2m | src/components/VocabularyReview2.stories.tsx[2m > [22m[2mAlready Imported
[22m[39m[SettingsContext] Setting up Settings subscription for user: mock-user-sub
[90mstdout[2m | src/components/VocabularyReview2.stories.tsx[2m > [22m[2mAlready Imported
[22m[39m[Mock Data] Settings created: mock-settings-1790418667425 - notified 0 subscribers
[90mstdout[2m | src/components/VocabularyReview2.stories.tsx[2m > [22m[2mAlready Imported
[22m[39m[Mock Data] Unit.onUpdate() subscription added. Total: 1
[90mstdout[2m | src/components/VocabularyReview2.stories.tsx[2m > [22m[2mAlready Imported
[22m[39m[SectionContext] Section observeQuery update: 0
[90mstdout[2m | src/components/VocabularyReview2.stories.tsx[2m > [22m[2mAlready Imported
[22m[39m[FilesContext] File observeQuery update: 0 files
[90mstdout[2m | src/components/VocabularyReview2.stories.tsx[2m > [22m[2mAlready Imported
[22m[39m[ChatContext] AssistantChat initialized with 0 chats
[90mstdout[2m | src/components/VocabularyReview2.stories.tsx[2m > [22m[2mAlready Imported
[22m[39m[Mock Storage] downloadData called with: undefined
[90mstdout[2m | src/components/VocabularyReview2.stories.tsx[2m > [22m[2mAlready Imported
[22m[39m[MOCK CourseVectorStore] Initialized with mock data
[90mstdout[2m | src/components/VocabularyReview2.stories.tsx[2m > [22m[2mAlready Imported
[22m[39m[ChatContext] No current chat available, will create one
[90mstdout[2m | src/components/VocabularyReview2.stories.tsx[2m > [22m[2mAlready Imported
[22m[39m[ChatContext] Creating AssistantChat with user: undefined
[90mstdout[2m | src/components/VocabularyReview2.stories.tsx[2m > [22m[2mAlready Imported
[22m[39m[Mock Data] AssistantChat created: mock-assistantchat-1790418667483 - notified 1 subscribers
[90mstdout[2m | src/components/VocabularyReview2.stories.tsx[2m > [22m[2mAlready Imported
[22m[39m[ChatContext] Create result: {
  "data": {
    "_version": 1,
    "archived": false,
    "chatFiles": [Function anonymous],
    "createdAt": "2026-09-26T10:31:07.483Z",
    "id": "mock-assistantchat-1790418667483",
    "model": "gpt-4",
    "updatedAt": "2026-09-26T10:31:07.483Z",
  },
  "errors": [],
  "hasData": true,
  "hasErrors": true,
}
[90mstdout[2m | src/components/VocabularyReview2.stories.tsx[2m > [22m[2mAlready Imported
[22m[39m[ChatContext] Created AssistantChat: mock-assistantchat-1790418667483 at: 2026-09-26T10:31:07.483Z
[90mstdout[2m | src/components/VocabularyReview2.stories.tsx[2m > [22m[2mAlready Imported
[22m[39m[ChatContext] Setting initial chat: mock-assistantchat-1790418667483
[90mstdout[2m | src/components/VocabularyReview2.stories.tsx[2m > [22m[2mAlready Imported
[22m[39m[ChatContext] Chat exists and not archived, skipping creation
[90mstdout[2m | src/components/VocabularyReview2.stories.tsx[2m > [22m[2mMinimal Data
[22m[39m[ChatContext] Cleaning up subscriptions
[90mstdout[2m | src/components/VocabularyReview2.stories.tsx[2m > [22m[2mMinimal Data
[22m[39m[Mock Data] Unit.onUpdate() subscription removed. Remaining: 0
[90mstdout[2m | src/components/VocabularyReview2.stories.tsx[2m > [22m[2mMinimal Data
[22m[39m[Preview] Skipped initializing default mock data (initializeMockData=false)
[90mstdout[2m | src/components/VocabularyReview2.stories.tsx[2m > [22m[2mMinimal Data
[22m[39m[Mock Data] seedMockDocuments: Adding 1 documents
[90mstdout[2m | src/components/VocabularyReview2.stories.tsx[2m > [22m[2mMinimal Data
[22m[39m[Mock Data] seedMockParsedContent: Adding 1 parsed content records
[90mstdout[2m | src/components/VocabularyReview2.stories.tsx[2m > [22m[2mMinimal Data
[22m[39m[MOCK CourseVectorStore] Initialized with mock data
[90mstdout[2m | src/components/VocabularyReview2.stories.tsx[2m > [22m[2mMinimal Data
[22m[39m[VocabularyReview2] Setting up ParsedContent subscription for user: undefined
[90mstdout[2m | src/components/VocabularyReview2.stories.tsx[2m > [22m[2mMinimal Data
[22m[39m[TranslationModeController] Setting mode to: off
[90mstdout[2m | src/components/VocabularyReview2.stories.tsx[2m > [22m[2mMinimal Data
[22m[39m[UnitContext] useEffect triggered {
  "authLoading": false,
  "hasUser": true,
  "id": "mock-unit-1",
  "userSub": "mock-user-sub",
}
[90mstdout[2m | src/components/VocabularyReview2.stories.tsx[2m > [22m[2mMinimal Data
[22m[39m[UnitContext] Fetching unit data for id: mock-unit-1
[90mstdout[2m | src/components/VocabularyReview2.stories.tsx[2m > [22m[2mMinimal Data
[22m[39m[FilesContext] Initializing vector store from IndexedDB
[90mstdout[2m | src/components/VocabularyReview2.stories.tsx[2m > [22m[2mMinimal Data
[22m[39m[FilesContext] fetchFiles called
[90mstdout[2m | src/components/VocabularyReview2.stories.tsx[2m > [22m[2mMinimal Data
[22m[39m[FilesContext] User authenticated: mock-user-sub
[90mstdout[2m | src/components/VocabularyReview2.stories.tsx[2m > [22m[2mMinimal Data
[22m[39m[FilesContext] Identity ID: us-east-1:mock-identity-123
[90mstdout[2m | src/components/VocabularyReview2.stories.tsx[2m > [22m[2mMinimal Data
[22m[39m[FilesContext] About to set up File observeQuery
[90mstdout[2m | src/components/VocabularyReview2.stories.tsx[2m > [22m[2mMinimal Data
[22m[39m[ChatContext] Setting up AssistantChat observeQuery
[90mstdout[2m | src/components/VocabularyReview2.stories.tsx[2m > [22m[2mMinimal Data
[22m[39m[ChatContext] Waiting for subscription to initialize
[90mstdout[2m | src/components/VocabularyReview2.stories.tsx[2m > [22m[2mMinimal Data
[22m[39m[SettingsContext] Setting up Settings subscription for user: mock-user-sub
[90mstdout[2m | src/components/VocabularyReview2.stories.tsx[2m > [22m[2mMinimal Data
[22m[39m[Mock Data] Settings created: mock-settings-1790418667597 - notified 0 subscribers
[90mstdout[2m | src/components/VocabularyReview2.stories.tsx[2m > [22m[2mMinimal Data
[22m[39m[Mock Data] Unit.onUpdate() subscription added. Total: 1
[90mstdout[2m | src/components/VocabularyReview2.stories.tsx[2m > [22m[2mMinimal Data
[22m[39m[SectionContext] Section observeQuery update: 0
[90mstdout[2m | src/components/VocabularyReview2.stories.tsx[2m > [22m[2mMinimal Data
[22m[39m[FilesContext] File observeQuery update: 0 files
[90mstdout[2m | src/components/VocabularyReview2.stories.tsx[2m > [22m[2mMinimal Data
[22m[39m[ChatContext] AssistantChat initialized with 0 chats
[90mstdout[2m | src/components/VocabularyReview2.stories.tsx[2m > [22m[2mMinimal Data
[22m[39m[Mock Storage] downloadData called with: undefined
[90mstdout[2m | src/components/VocabularyReview2.stories.tsx[2m > [22m[2mMinimal Data
[22m[39m[MOCK CourseVectorStore] Initialized with mock data
[90mstdout[2m | src/components/VocabularyReview2.stories.tsx[2m > [22m[2mMinimal Data
[22m[39m[ChatContext] No current chat available, will create one
[90mstdout[2m | src/components/VocabularyReview2.stories.tsx[2m > [22m[2mMinimal Data
[22m[39m[ChatContext] Creating AssistantChat with user: undefined
[90mstdout[2m | src/components/VocabularyReview2.stories.tsx[2m > [22m[2mMinimal Data
[22m[39m[Mock Data] AssistantChat created: mock-assistantchat-1790418667694 - notified 1 subscribers
[90mstdout[2m | src/components/VocabularyReview2.stories.tsx[2m > [22m[2mMinimal Data
[22m[39m[ChatContext] Create result: {
  "data": {
    "_version": 1,
    "archived": false,
    "chatFiles": [Function anonymous],
    "createdAt": "2026-09-26T10:31:07.694Z",
    "id": "mock-assistantchat-1790418667694",
    "model": "gpt-4",
    "updatedAt": "2026-09-26T10:31:07.694Z",
  },
  "errors": [],
  "hasData": true,
  "hasErrors": true,
}
[90mstdout[2m | src/components/VocabularyReview2.stories.tsx[2m > [22m[2mMinimal Data
[22m[39m[ChatContext] Created AssistantChat: mock-assistantchat-1790418667694 at: 2026-09-26T10:31:07.694Z
[90mstdout[2m | src/components/VocabularyReview2.stories.tsx[2m > [22m[2mMinimal Data
[22m[39m[ChatContext] Setting initial chat: mock-assistantchat-1790418667694
[90mstdout[2m | src/components/VocabularyReview2.stories.tsx[2m > [22m[2mMinimal Data
[22m[39m[ChatContext] Chat exists and not archived, skipping creation
[90mstdout[2m | src/components/VocabularyReview2.stories.tsx[2m > [22m[2mNo Vocabulary
[22m[39m[ChatContext] Cleaning up subscriptions
[90mstdout[2m | src/components/VocabularyReview2.stories.tsx[2m > [22m[2mNo Vocabulary
[22m[39m[Mock Data] Unit.onUpdate() subscription removed. Remaining: 0
[90mstdout[2m | src/components/VocabularyReview2.stories.tsx[2m > [22m[2mNo Vocabulary
[22m[39m[Preview] Skipped initializing default mock data (initializeMockData=false)
[90mstdout[2m | src/components/VocabularyReview2.stories.tsx[2m > [22m[2mNo Vocabulary
[22m[39m[Mock Data] seedMockDocuments: Adding 1 documents
[90mstdout[2m | src/components/VocabularyReview2.stories.tsx[2m > [22m[2mNo Vocabulary
[22m[39m[Mock Data] seedMockParsedContent: Adding 1 parsed content records
[90mstdout[2m | src/components/VocabularyReview2.stories.tsx[2m > [22m[2mNo Vocabulary
[22m[39m[MOCK CourseVectorStore] Initialized with mock data
[90mstdout[2m | src/components/VocabularyReview2.stories.tsx[2m > [22m[2mNo Vocabulary
[22m[39m[VocabularyReview2] Setting up ParsedContent subscription for user: undefined
[90mstdout[2m | src/components/VocabularyReview2.stories.tsx[2m > [22m[2mNo Vocabulary
[22m[39m[TranslationModeController] Setting mode to: off
[90mstdout[2m | src/components/VocabularyReview2.stories.tsx[2m > [22m[2mNo Vocabulary
[22m[39m[UnitContext] useEffect triggered {
  "authLoading": false,
  "hasUser": true,
  "id": "mock-unit-1",
  "userSub": "mock-user-sub",
}
[90mstdout[2m | src/components/VocabularyReview2.stories.tsx[2m > [22m[2mNo Vocabulary
[22m[39m[UnitContext] Fetching unit data for id: mock-unit-1
[90mstdout[2m | src/components/VocabularyReview2.stories.tsx[2m > [22m[2mNo Vocabulary
[22m[39m[FilesContext] Initializing vector store from IndexedDB
[90mstdout[2m | src/components/VocabularyReview2.stories.tsx[2m > [22m[2mNo Vocabulary
[22m[39m[FilesContext] fetchFiles called
[90mstdout[2m | src/components/VocabularyReview2.stories.tsx[2m > [22m[2mNo Vocabulary
[22m[39m[FilesContext] User authenticated: mock-user-sub
[90mstdout[2m | src/components/VocabularyReview2.stories.tsx[2m > [22m[2mNo Vocabulary
[22m[39m[FilesContext] Identity ID: us-east-1:mock-identity-123
[90mstdout[2m | src/components/VocabularyReview2.stories.tsx[2m > [22m[2mNo Vocabulary
[22m[39m[FilesContext] About to set up File observeQuery
[90mstdout[2m | src/components/VocabularyReview2.stories.tsx[2m > [22m[2mNo Vocabulary
[22m[39m[ChatContext] Setting up AssistantChat observeQuery
[90mstdout[2m | src/components/VocabularyReview2.stories.tsx[2m > [22m[2mNo Vocabulary
[22m[39m[ChatContext] Waiting for subscription to initialize
[90mstdout[2m | src/components/VocabularyReview2.stories.tsx[2m > [22m[2mNo Vocabulary
[22m[39m[SettingsContext] Setting up Settings subscription for user: mock-user-sub
[90mstdout[2m | src/components/VocabularyReview2.stories.tsx[2m > [22m[2mNo Vocabulary
[22m[39m[Mock Data] Settings created: mock-settings-1790418667835 - notified 0 subscribers
[90mstdout[2m | src/components/VocabularyReview2.stories.tsx[2m > [22m[2mNo Vocabulary
[22m[39m[Mock Data] Unit.onUpdate() subscription added. Total: 1
[90mstdout[2m | src/components/VocabularyReview2.stories.tsx[2m > [22m[2mNo Vocabulary
[22m[39m[SectionContext] Section observeQuery update: 0
[90mstdout[2m | src/components/VocabularyReview2.stories.tsx[2m > [22m[2mNo Vocabulary
[22m[39m[FilesContext] File observeQuery update: 0 files
[90mstdout[2m | src/components/VocabularyReview2.stories.tsx[2m > [22m[2mNo Vocabulary
[22m[39m[MOCK CourseVectorStore] Initialized with mock data
[90mstdout[2m | src/components/VocabularyReview2.stories.tsx[2m > [22m[2mNo Vocabulary
[22m[39m[ChatContext] AssistantChat initialized with 0 chats
[90mstdout[2m | src/components/VocabularyReview2.stories.tsx[2m > [22m[2mNo Vocabulary
[22m[39m[Mock Storage] downloadData called with: undefined
[90mstdout[2m | src/components/VocabularyReview2.stories.tsx[2m > [22m[2mNo Vocabulary
[22m[39m[ChatContext] No current chat available, will create one
[90mstdout[2m | src/components/VocabularyReview2.stories.tsx[2m > [22m[2mNo Vocabulary
[22m[39m[ChatContext] Creating AssistantChat with user: undefined
[90mstdout[2m | src/components/VocabularyReview2.stories.tsx[2m > [22m[2mNo Vocabulary
[22m[39m[Mock Data] AssistantChat created: mock-assistantchat-1790418667851 - notified 1 subscribers
[90mstdout[2m | src/components/VocabularyReview2.stories.tsx[2m > [22m[2mNo Vocabulary
[22m[39m[ChatContext] Create result: {
  "data": {
    "_version": 1,
    "archived": false,
    "chatFiles": [Function anonymous],
    "createdAt": "2026-09-26T10:31:07.851Z",
    "id": "mock-assistantchat-1790418667851",
    "model": "gpt-4",
    "updatedAt": "2026-09-26T10:31:07.851Z",
  },
  "errors": [],
  "hasData": true,
  "hasErrors": true,
}
[90mstdout[2m | src/components/VocabularyReview2.stories.tsx[2m > [22m[2mNo Vocabulary
[22m[39m[ChatContext] Created AssistantChat: mock-assistantchat-1790418667851 at: 2026-09-26T10:31:07.851Z
[90mstdout[2m | src/components/VocabularyReview2.stories.tsx[2m > [22m[2mNo Vocabulary
[22m[39m[ChatContext] Setting initial chat: mock-assistantchat-1790418667851
[90mstdout[2m | src/components/VocabularyReview2.stories.tsx[2m > [22m[2mNo Vocabulary
[22m[39m[ChatContext] Chat exists and not archived, skipping creation
[90mstdout[2m | src/components/VocabularyReview2.stories.tsx[2m > [22m[2mWith Summaries Expanded
[22m[39m[ChatContext] Cleaning up subscriptions
[90mstdout[2m | src/components/VocabularyReview2.stories.tsx[2m > [22m[2mWith Summaries Expanded
[22m[39m[Mock Data] Unit.onUpdate() subscription removed. Remaining: 0
[90mstdout[2m | src/components/VocabularyReview2.stories.tsx[2m > [22m[2mWith Summaries Expanded
[22m[39m[Preview] Skipped initializing default mock data (initializeMockData=false)
[90mstdout[2m | src/components/VocabularyReview2.stories.tsx[2m > [22m[2mWith Summaries Expanded
[22m[39m[MOCK CourseVectorStore] Initialized with mock data
[90mstdout[2m | src/components/VocabularyReview2.stories.tsx[2m > [22m[2mWith Summaries Expanded
[22m[39m[VocabularyReview2] Setting up ParsedContent subscription for user: undefined
[90mstdout[2m | src/components/VocabularyReview2.stories.tsx[2m > [22m[2mWith Summaries Expanded
[22m[39m[TranslationModeController] Setting mode to: off
[90mstdout[2m | src/components/VocabularyReview2.stories.tsx[2m > [22m[2mWith Summaries Expanded
[22m[39m[UnitContext] useEffect triggered {
  "authLoading": false,
  "hasUser": true,
  "id": "mock-unit-1",
  "userSub": "mock-user-sub",
}
[90mstdout[2m | src/components/VocabularyReview2.stories.tsx[2m > [22m[2mWith Summaries Expanded
[22m[39m[UnitContext] Fetching unit data for id: mock-unit-1
[90mstdout[2m | src/components/VocabularyReview2.stories.tsx[2m > [22m[2mWith Summaries Expanded
[22m[39m[FilesContext] Initializing vector store from IndexedDB
[90mstdout[2m | src/components/VocabularyReview2.stories.tsx[2m > [22m[2mWith Summaries Expanded
[22m[39m[FilesContext] fetchFiles called
[90mstdout[2m | src/components/VocabularyReview2.stories.tsx[2m > [22m[2mWith Summaries Expanded
[22m[39m[FilesContext] User authenticated: mock-user-sub
[90mstdout[2m | src/components/VocabularyReview2.stories.tsx[2m > [22m[2mWith Summaries Expanded
[22m[39m[FilesContext] Identity ID: us-east-1:mock-identity-123
[90mstdout[2m | src/components/VocabularyReview2.stories.tsx[2m > [22m[2mWith Summaries Expanded
[22m[39m[FilesContext] About to set up File observeQuery
[90mstdout[2m | src/components/VocabularyReview2.stories.tsx[2m > [22m[2mWith Summaries Expanded
[22m[39m[ChatContext] Setting up AssistantChat observeQuery
[90mstdout[2m | src/components/VocabularyReview2.stories.tsx[2m > [22m[2mWith Summaries Expanded
[22m[39m[ChatContext] Waiting for subscription to initialize
[90mstdout[2m | src/components/VocabularyReview2.stories.tsx[2m > [22m[2mWith Summaries Expanded
[22m[39m[SettingsContext] Setting up Settings subscription for user: mock-user-sub
[90mstdout[2m | src/components/VocabularyReview2.stories.tsx[2m > [22m[2mWith Summaries Expanded
[22m[39m[Mock Data] Settings created: mock-settings-1790418667942 - notified 0 subscribers
[90mstdout[2m | src/components/VocabularyReview2.stories.tsx[2m > [22m[2mWith Summaries Expanded
[22m[39m[Mock Data] Unit.onUpdate() subscription added. Total: 1
[90mstdout[2m | src/components/VocabularyReview2.stories.tsx[2m > [22m[2mWith Summaries Expanded
[22m[39m[SectionContext] Section observeQuery update: 0
[90mstdout[2m | src/components/VocabularyReview2.stories.tsx[2m > [22m[2mWith Summaries Expanded
[22m[39m[FilesContext] File observeQuery update: 0 files
[90mstdout[2m | src/components/VocabularyReview2.stories.tsx[2m > [22m[2mWith Summaries Expanded
[22m[39m[ChatContext] AssistantChat initialized with 0 chats
[90mstdout[2m | src/components/VocabularyReview2.stories.tsx[2m > [22m[2mWith Summaries Expanded
[22m[39m[Mock Storage] downloadData called with: undefined
[90mstdout[2m | src/components/VocabularyReview2.stories.tsx[2m > [22m[2mWith Summaries Expanded
[22m[39m[MOCK CourseVectorStore] Initialized with mock data
[90mstdout[2m | src/components/VocabularyReview2.stories.tsx[2m > [22m[2mWith Summaries Expanded
[22m[39m[ChatContext] No current chat available, will create one
[90mstdout[2m | src/components/VocabularyReview2.stories.tsx[2m > [22m[2mWith Summaries Expanded
[22m[39m[ChatContext] Creating AssistantChat with user: undefined
[90mstdout[2m | src/components/VocabularyReview2.stories.tsx[2m > [22m[2mWith Summaries Expanded
[22m[39m[Mock Data] AssistantChat created: mock-assistantchat-1790418667957 - notified 1 subscribers
[90mstdout[2m | src/components/VocabularyReview2.stories.tsx[2m > [22m[2mWith Summaries Expanded
[22m[39m[ChatContext] Create result: {
  "data": {
    "_version": 1,
    "archived": false,
    "chatFiles": [Function anonymous],
    "createdAt": "2026-09-26T10:31:07.957Z",
    "id": "mock-assistantchat-1790418667957",
    "model": "gpt-4",
    "updatedAt": "2026-09-26T10:31:07.957Z",
  },
  "errors": [],
  "hasData": true,
  "hasErrors": true,
}
[90mstdout[2m | src/components/VocabularyReview2.stories.tsx[2m > [22m[2mWith Summaries Expanded
[22m[39m[ChatContext] Created AssistantChat: mock-assistantchat-1790418667957 at: 2026-09-26T10:31:07.957Z
[90mstdout[2m | src/components/VocabularyReview2.stories.tsx[2m > [22m[2mWith Summaries Expanded
[22m[39m[ChatContext] Setting initial chat: mock-assistantchat-1790418667957
[90mstdout[2m | src/components/VocabularyReview2.stories.tsx[2m > [22m[2mWith Summaries Expanded
[22m[39m[ChatContext] Chat exists and not archived, skipping creation
[90mstdout[2m | src/components/VocabularyReview2.stories.tsx[2m > [22m[2mPlayground
[22m[39m[ChatContext] Cleaning up subscriptions
[90mstdout[2m | src/components/VocabularyReview2.stories.tsx[2m > [22m[2mPlayground
[22m[39m[Mock Data] Unit.onUpdate() subscription removed. Remaining: 0
[90mstdout[2m | src/components/VocabularyReview2.stories.tsx[2m > [22m[2mPlayground
[22m[39m[Preview] Skipped initializing default mock data (initializeMockData=false)
[90mstdout[2m | src/components/VocabularyReview2.stories.tsx[2m > [22m[2mPlayground
[22m[39m[Mock Data] seedMockDocuments: Adding 1 documents
[90mstdout[2m | src/components/VocabularyReview2.stories.tsx[2m > [22m[2mPlayground
[22m[39m[Mock Data] seedMockParsedContent: Adding 1 parsed content records
[90mstdout[2m | src/components/VocabularyReview2.stories.tsx[2m > [22m[2mPlayground
[22m[39m[MOCK CourseVectorStore] Initialized with mock data
[90mstdout[2m | src/components/VocabularyReview2.stories.tsx[2m > [22m[2mPlayground
[22m[39m[VocabularyReview2] Setting up ParsedContent subscription for user: undefined
[90mstdout[2m | src/components/VocabularyReview2.stories.tsx[2m > [22m[2mPlayground
[22m[39m[TranslationModeController] Setting mode to: off
[90mstdout[2m | src/components/VocabularyReview2.stories.tsx[2m > [22m[2mPlayground
[22m[39m[UnitContext] useEffect triggered {
  "authLoading": false,
  "hasUser": true,
  "id": "mock-unit-1",
  "userSub": "mock-user-sub",
}
[90mstdout[2m | src/components/VocabularyReview2.stories.tsx[2m > [22m[2mPlayground
[22m[39m[UnitContext] Fetching unit data for id: mock-unit-1
[90mstdout[2m | src/components/VocabularyReview2.stories.tsx[2m > [22m[2mPlayground
[22m[39m[FilesContext] Initializing vector store from IndexedDB
[90mstdout[2m | src/components/VocabularyReview2.stories.tsx[2m > [22m[2mPlayground
[22m[39m[FilesContext] fetchFiles called
[90mstdout[2m | src/components/VocabularyReview2.stories.tsx[2m > [22m[2mPlayground
[22m[39m[FilesContext] User authenticated: mock-user-sub
[90mstdout[2m | src/components/VocabularyReview2.stories.tsx[2m > [22m[2mPlayground
[22m[39m[FilesContext] Identity ID: us-east-1:mock-identity-123
[90mstdout[2m | src/components/VocabularyReview2.stories.tsx[2m > [22m[2mPlayground
[22m[39m[FilesContext] About to set up File observeQuery
[90mstdout[2m | src/components/VocabularyReview2.stories.tsx[2m > [22m[2mPlayground
[22m[39m[ChatContext] Setting up AssistantChat observeQuery
[90mstdout[2m | src/components/VocabularyReview2.stories.tsx[2m > [22m[2mPlayground
[22m[39m[ChatContext] Waiting for subscription to initialize
[90mstdout[2m | src/components/VocabularyReview2.stories.tsx[2m > [22m[2mPlayground
[22m[39m[SettingsContext] Setting up Settings subscription for user: mock-user-sub
[90mstdout[2m | src/components/VocabularyReview2.stories.tsx[2m > [22m[2mPlayground
[22m[39m[Mock Data] Settings created: mock-settings-1790418668044 - notified 0 subscribers
[90mstdout[2m | src/components/VocabularyReview2.stories.tsx[2m > [22m[2mPlayground
[22m[39m[Mock Data] Unit.onUpdate() subscription added. Total: 1
[90mstdout[2m | src/components/VocabularyReview2.stories.tsx[2m > [22m[2mPlayground
[22m[39m[SectionContext] Section observeQuery update: 0
[90mstdout[2m | src/components/VocabularyReview2.stories.tsx[2m > [22m[2mPlayground
[22m[39m[FilesContext] File observeQuery update: 0 files
[90mstdout[2m | src/components/VocabularyReview2.stories.tsx[2m > [22m[2mPlayground
[22m[39m[ChatContext] AssistantChat initialized with 0 chats
[90mstdout[2m | src/components/VocabularyReview2.stories.tsx[2m > [22m[2mPlayground
[22m[39m[Mock Storage] downloadData called with: undefined
[90mstdout[2m | src/components/VocabularyReview2.stories.tsx[2m > [22m[2mPlayground
[22m[39m[MOCK CourseVectorStore] Initialized with mock data
[90mstdout[2m | src/components/VocabularyReview2.stories.tsx[2m > [22m[2mPlayground
[22m[39m[ChatContext] No current chat available, will create one
[90mstdout[2m | src/components/VocabularyReview2.stories.tsx[2m > [22m[2mPlayground
[22m[39m[ChatContext] Creating AssistantChat with user: undefined
[90mstdout[2m | src/components/VocabularyReview2.stories.tsx[2m > [22m[2mPlayground
[22m[39m[Mock Data] AssistantChat created: mock-assistantchat-1790418668181 - notified 1 subscribers
[90mstdout[2m | src/components/VocabularyReview2.stories.tsx[2m > [22m[2mPlayground
[22m[39m[ChatContext] Create result: {
  "data": {
    "_version": 1,
    "archived": false,
    "chatFiles": [Function anonymous],
    "createdAt": "2026-09-26T10:31:08.181Z",
    "id": "mock-assistantchat-1790418668181",
    "model": "gpt-4",
    "updatedAt": "2026-09-26T10:31:08.181Z",
  },
  "errors": [],
  "hasData": true,
  "hasErrors": true,
}
[90mstdout[2m | src/components/VocabularyReview2.stories.tsx[2m > [22m[2mPlayground
[22m[39m[ChatContext] Created AssistantChat: mock-assistantchat-1790418668181 at: 2026-09-26T10:31:08.181Z
[90mstdout[2m | src/components/VocabularyReview2.stories.tsx[2m > [22m[2mPlayground
[22m[39m[ChatContext] Setting initial chat: mock-assistantchat-1790418668181
[90mstdout[2m | src/components/VocabularyReview2.stories.tsx[2m > [22m[2mPlayground
[22m[39m[ChatContext] Chat exists and not archived, skipping creation
 [32m✓[39m [30m[45m storybook (chromium) [49m[39m src/components/VocabularyReview2.stories.tsx [2m([22m[2m8 tests[22m[2m)[22m[33m 2638[2mms[22m[39m
   [33m[2m✓[22m[39m Default [33m 835[2mms[22m[39m
   [33m[2m✓[22m[39m Large List [33m 638[2mms[22m[39m
[90mstdout[2m | unknown test
[22m[39m[MOCK vectorStoreDB.js] Module loaded - mock IndexedDB operations
[90mstdout[2m | unknown test
[22m[39m[Task Completion] DOM action listeners initialized
[90mstdout[2m | unknown test
[22m[39m[Task Completion] Auto-completion detector initialized
[90mstdout[2m | unknown test
[22m[39m[Preview] Task completion detector initialized
[90mstdout[2m | src/components/Gamification/ThemeMixer.stories.tsx[2m > [22m[2mDefault
[22m[39m[TranslationModeController] Setting mode to: off
[90mstdout[2m | src/components/Gamification/ThemeMixer.stories.tsx[2m > [22m[2mWith Custom Palette
[22m[39m[TranslationModeController] Setting mode to: off
[90mstdout[2m | src/components/Gamification/ThemeMixer.stories.tsx[2m > [22m[2mWarm Palette
[22m[39m[TranslationModeController] Setting mode to: off
[90mstdout[2m | src/components/Gamification/ThemeMixer.stories.tsx[2m > [22m[2mInteraction
[22m[39m[TranslationModeController] Setting mode to: off
 [32m✓[39m [30m[45m storybook (chromium) [49m[39m src/components/Gamification/ThemeMixer.stories.tsx [2m([22m[2m4 tests[22m[2m)[22m[33m 1772[2mms[22m[39m
   [33m[2m✓[22m[39m Default [33m 521[2mms[22m[39m
   [33m[2m✓[22m[39m With Custom Palette [33m 437[2mms[22m[39m
   [33m[2m✓[22m[39m Warm Palette [33m 386[2mms[22m[39m
   [33m[2m✓[22m[39m Interaction [33m 428[2mms[22m[39m
[90mstdout[2m | unknown test
[22m[39m[MOCK vectorStoreDB.js] Module loaded - mock IndexedDB operations
[90mstdout[2m | unknown test
[22m[39m[Task Completion] DOM action listeners initialized
[90mstdout[2m | unknown test
[22m[39m[Task Completion] Auto-completion detector initialized
[90mstdout[2m | unknown test
[22m[39m[Preview] Task completion detector initialized
[90mstdout[2m | src/stories/root-components-with-providers.stories.tsx[2m > [22m[2mAppShell / Default
[22m[39m[MOCK CourseVectorStore] Initialized with mock data
[90mstdout[2m | src/stories/root-components-with-providers.stories.tsx[2m > [22m[2mAppShell / Default
[22m[39m[Mock Auth] setMockUser: {
  "attributes": {
    "email": "alice@example.com",
    "sub": "student-alice-sub",
  },
  "groups": [
    "section-jpn-101-learners",
    "section-jpn-102-learners",
  ],
  "userId": "student-alice-sub",
  "username": "student-alice-sub",
}
[90mstdout[2m | src/stories/root-components-with-providers.stories.tsx[2m > [22m[2mAppShell / Default
[22m[39m[Mock Data] seedMockUnit: Adding unit unit-japanese-1
[90mstdout[2m | src/stories/root-components-with-providers.stories.tsx[2m > [22m[2mAppShell / Default
[22m[39m[Mock Data] seedMockUnit: Adding unit unit-japanese-2
[90mstdout[2m | src/stories/root-components-with-providers.stories.tsx[2m > [22m[2mAppShell / Default
[22m[39m[Mock Data] seedMockUnit: Adding unit unit-japanese-3
[90mstdout[2m | src/stories/root-components-with-providers.stories.tsx[2m > [22m[2mAppShell / Default
[22m[39m[Mock Data] seedMockUnit: Adding unit unit-kanji-basics
[90mstdout[2m | src/stories/root-components-with-providers.stories.tsx[2m > [22m[2mAppShell / Default
[22m[39m[Mock Data] seedMockSections: Adding 2 sections
[90mstdout[2m | src/stories/root-components-with-providers.stories.tsx[2m > [22m[2mAppShell / Default
[22m[39m[Mock Data] Seeding section: section-jpn-101 with owner: teacher-1
[90mstdout[2m | src/stories/root-components-with-providers.stories.tsx[2m > [22m[2mAppShell / Default
[22m[39m[Mock Data] Seeding section: section-jpn-102 with owner: teacher-2
[90mstdout[2m | src/stories/root-components-with-providers.stories.tsx[2m > [22m[2mAppShell / Default
[22m[39m[Mock Data] Total sections in store: 2
[90mstdout[2m | src/stories/root-components-with-providers.stories.tsx[2m > [22m[2mAppShell / Default
[22m[39m[Mock Data] Sections in store: [
  {
    "id": "section-jpn-101",
    "name": "Japanese 101 - Spring 2024",
    "owner": "teacher-1",
  },
  {
    "id": "section-jpn-102",
    "name": "Japanese 102 - Advanced",
    "owner": "teacher-2",
  },
]
[90mstdout[2m | src/stories/root-components-with-providers.stories.tsx[2m > [22m[2mAppShell / Default
[22m[39m[Mock Data] No active Section subscriptions to notify yet
[90mstdout[2m | src/stories/root-components-with-providers.stories.tsx[2m > [22m[2mAppShell / Default
[22m[39m[Mock Data] seedMockAssignments: Adding 4 assignments
[90mstdout[2m | src/stories/root-components-with-providers.stories.tsx[2m > [22m[2mAppShell / Default
[22m[39m[Mock Data] Total assignments in store: 4
[90mstdout[2m | src/stories/root-components-with-providers.stories.tsx[2m > [22m[2mAppShell / Default
[22m[39m[Mock Data] Seeded grade: grade-alice-1 for unit: unit-japanese-1
[90mstdout[2m | src/stories/root-components-with-providers.stories.tsx[2m > [22m[2mAppShell / Default
[22m[39m[Mock Data] Grade has data: true
[90mstdout[2m | src/stories/root-components-with-providers.stories.tsx[2m > [22m[2mAppShell / Default
[22m[39m[Mock Data] Total grades in store: 1
[90mstdout[2m | src/stories/root-components-with-providers.stories.tsx[2m > [22m[2mAppShell / Default
[22m[39m[Mock Data] Seeded grade: grade-alice-1-attempt2 for unit: unit-japanese-1
[90mstdout[2m | src/stories/root-components-with-providers.stories.tsx[2m > [22m[2mAppShell / Default
[22m[39m[Mock Data] Grade has data: true
[90mstdout[2m | src/stories/root-components-with-providers.stories.tsx[2m > [22m[2mAppShell / Default
[22m[39m[Mock Data] Total grades in store: 2
[90mstdout[2m | src/stories/root-components-with-providers.stories.tsx[2m > [22m[2mAppShell / Default
[22m[39m[Mock Data] Seeded grade: grade-alice-2 for unit: unit-japanese-2
[90mstdout[2m | src/stories/root-components-with-providers.stories.tsx[2m > [22m[2mAppShell / Default
[22m[39m[Mock Data] Grade has data: true
[90mstdout[2m | src/stories/root-components-with-providers.stories.tsx[2m > [22m[2mAppShell / Default
[22m[39m[Mock Data] Total grades in store: 3
[90mstdout[2m | src/stories/root-components-with-providers.stories.tsx[2m > [22m[2mAppShell / Default
[22m[39m[Mock Data] seedMockStudentProfiles: Adding 6 student profiles
[90mstdout[2m | src/stories/root-components-with-providers.stories.tsx[2m > [22m[2mAppShell / Default
[22m[39m[Mock Data] seedMockHomeworkRooms: Adding 2 homework rooms
[90mstdout[2m | src/stories/root-components-with-providers.stories.tsx[2m > [22m[2mAppShell / Default
[22m[39m[IndexPageData] Seeded student dashboard with {
  "assignments": 4,
  "grades": 3,
  "sections": 2,
  "units": 4,
}
[90mstdout[2m | src/stories/root-components-with-providers.stories.tsx[2m > [22m[2mAppShell / Default
[22m[39m[MOCK CourseVectorStore] Initialized with mock data
[90mstdout[2m | src/stories/root-components-with-providers.stories.tsx[2m > [22m[2mAppShell / Default
[22m[39m[MOCK CourseVectorStore] Initialized with mock data
[90mstdout[2m | src/stories/root-components-with-providers.stories.tsx[2m > [22m[2mAppShell / Default
[22m[39m[useChatPageContext] Registering page context: {
  "dictionaryCount": 0,
  "filesCount": 0,
  "hasEditorRef": false,
  "hasUnit": false,
  "hasVectorStoreSearch": false,
  "questionsCount": 0,
  "sectionsCount": 0,
}
[90mstdout[2m | src/stories/root-components-with-providers.stories.tsx[2m > [22m[2mAppShell / Default
[22m[39m[FilesContext] Initializing vector store from IndexedDB
[90mstdout[2m | src/stories/root-components-with-providers.stories.tsx[2m > [22m[2mAppShell / Default
[22m[39m[FilesContext] fetchFiles called
[90mstdout[2m | src/stories/root-components-with-providers.stories.tsx[2m > [22m[2mAppShell / Default
[22m[39m[FilesContext] User authenticated: student-alice-sub
[90mstdout[2m | src/stories/root-components-with-providers.stories.tsx[2m > [22m[2mAppShell / Default
[22m[39m[FilesContext] Identity ID: identity-alice
[90mstdout[2m | src/stories/root-components-with-providers.stories.tsx[2m > [22m[2mAppShell / Default
[22m[39m[FilesContext] About to set up File observeQuery
[90mstdout[2m | src/stories/root-components-with-providers.stories.tsx[2m > [22m[2mAppShell / Default
[22m[39m[FilesContext] Initializing vector store from IndexedDB
[90mstdout[2m | src/stories/root-components-with-providers.stories.tsx[2m > [22m[2mAppShell / Default
[22m[39m[FilesContext] fetchFiles called
[90mstdout[2m | src/stories/root-components-with-providers.stories.tsx[2m > [22m[2mAppShell / Default
[22m[39m[FilesContext] User authenticated: student-alice-sub
[90mstdout[2m | src/stories/root-components-with-providers.stories.tsx[2m > [22m[2mAppShell / Default
[22m[39m[FilesContext] Identity ID: identity-alice
[90mstdout[2m | src/stories/root-components-with-providers.stories.tsx[2m > [22m[2mAppShell / Default
[22m[39m[FilesContext] About to set up File observeQuery
[90mstdout[2m | src/stories/root-components-with-providers.stories.tsx[2m > [22m[2mAppShell / Default
[22m[39m[TranslationModeController] Setting mode to: off
[90mstdout[2m | src/stories/root-components-with-providers.stories.tsx[2m > [22m[2mAppShell / Default
[22m[39m[UnitContext] useEffect triggered {
  "authLoading": false,
  "hasUser": true,
  "id": "mock-unit-id",
  "userSub": "student-alice-sub",
}
[90mstdout[2m | src/stories/root-components-with-providers.stories.tsx[2m > [22m[2mAppShell / Default
[22m[39m[UnitContext] Fetching unit data for id: mock-unit-id
[90mstdout[2m | src/stories/root-components-with-providers.stories.tsx[2m > [22m[2mAppShell / Default
[22m[39m[FilesContext] Initializing vector store from IndexedDB
[90mstdout[2m | src/stories/root-components-with-providers.stories.tsx[2m > [22m[2mAppShell / Default
[22m[39m[FilesContext] fetchFiles called
[90mstdout[2m | src/stories/root-components-with-providers.stories.tsx[2m > [22m[2mAppShell / Default
[22m[39m[FilesContext] User authenticated: student-alice-sub
[90mstdout[2m | src/stories/root-components-with-providers.stories.tsx[2m > [22m[2mAppShell / Default
[22m[39m[FilesContext] Identity ID: identity-alice
[90mstdout[2m | src/stories/root-components-with-providers.stories.tsx[2m > [22m[2mAppShell / Default
[22m[39m[FilesContext] About to set up File observeQuery
[90mstdout[2m | src/stories/root-components-with-providers.stories.tsx[2m > [22m[2mAppShell / Default
[22m[39m[ChatContext] Setting up AssistantChat observeQuery
[90mstdout[2m | src/stories/root-components-with-providers.stories.tsx[2m > [22m[2mAppShell / Default
[22m[39m[ChatContext] Waiting for subscription to initialize
[90mstdout[2m | src/stories/root-components-with-providers.stories.tsx[2m > [22m[2mAppShell / Default
[22m[39m[SettingsContext] Setting up Settings subscription for user: student-alice-sub
[90mstdout[2m | src/stories/root-components-with-providers.stories.tsx[2m > [22m[2mAppShell / Default
[22m[39m[Mock Data] Settings created: mock-settings-1790418674489 - notified 0 subscribers
[90mstdout[2m | src/stories/root-components-with-providers.stories.tsx[2m > [22m[2mAppShell / Default
[22m[39m[Mock Data] Unit.onUpdate() subscription added. Total: 1
[90mstdout[2m | src/stories/root-components-with-providers.stories.tsx[2m > [22m[2mAppShell / Default
[22m[39m[FilesContext] File observeQuery update: 6 files
[90mstdout[2m | src/stories/root-components-with-providers.stories.tsx[2m > [22m[2mAppShell / Default
[22m[39m[FilesContext] File observeQuery update: 6 files
[90mstdout[2m | src/stories/root-components-with-providers.stories.tsx[2m > [22m[2mAppShell / Default
[22m[39m[SectionContext] Section observeQuery update: 2
[90mstdout[2m | src/stories/root-components-with-providers.stories.tsx[2m > [22m[2mAppShell / Default
[22m[39m[FilesContext] File observeQuery update: 6 files
[90mstdout[2m | src/stories/root-components-with-providers.stories.tsx[2m > [22m[2mAppShell / Default
[22m[39m[ChatContext] AssistantChat initialized with 1 chats
[90mstdout[2m | src/stories/root-components-with-providers.stories.tsx[2m > [22m[2mAppShell / Default
[22m[39m[ChatContext] Setting initial chat: mock-assistant-chat-1
[90mstdout[2m | src/stories/root-components-with-providers.stories.tsx[2m > [22m[2mAppShell / Default
[22m[39mfilterWords {
  "filter": "",
  "wordsCount": 0,
}
[90mstdout[2m | src/stories/root-components-with-providers.stories.tsx[2m > [22m[2mAppShell / Default
[22m[39m[MOCK CourseVectorStore] Initialized with mock data
[90mstdout[2m | src/stories/root-components-with-providers.stories.tsx[2m > [22m[2mAppShell / Default
[22m[39m[MOCK CourseVectorStore] Initialized with mock data
[90mstdout[2m | src/stories/root-components-with-providers.stories.tsx[2m > [22m[2mAppShell / Default
[22m[39m[MOCK CourseVectorStore] Initialized with mock data
[90mstdout[2m | src/stories/root-components-with-providers.stories.tsx[2m > [22m[2mAppShell / Default
[22m[39m[FilesContext] Vector store population triggered {
  "currentVectorStoreSize": 3,
  "documentsCount": 0,
  "filesCount": 6,
  "isInitialLoad": true,
}
[90mstdout[2m | src/stories/root-components-with-providers.stories.tsx[2m > [22m[2mAppShell / Default
[22m[39m[FilesContext] Vector store population complete - 3 total embeddings
[90mstdout[2m | src/stories/root-components-with-providers.stories.tsx[2m > [22m[2mAppShell / Default
[22m[39m[FilesContext] Vector store population triggered {
  "currentVectorStoreSize": 3,
  "documentsCount": 0,
  "filesCount": 6,
  "isInitialLoad": true,
}
[90mstdout[2m | src/stories/root-components-with-providers.stories.tsx[2m > [22m[2mAppShell / Default
[22m[39m[FilesContext] Vector store population complete - 3 total embeddings
[90mstdout[2m | src/stories/root-components-with-providers.stories.tsx[2m > [22m[2mAppShell / Default
[22m[39m[FilesContext] Vector store population triggered {
  "currentVectorStoreSize": 3,
  "documentsCount": 0,
  "filesCount": 6,
  "isInitialLoad": true,
}
[90mstdout[2m | src/stories/root-components-with-providers.stories.tsx[2m > [22m[2mAppShell / Default
[22m[39m[FilesContext] Vector store population complete - 3 total embeddings
[90mstdout[2m | src/stories/root-components-with-providers.stories.tsx[2m > [22m[2mAppShell / Default
[22m[39m[ChatContext] Chat exists and not archived, skipping creation
[90mstdout[2m | src/stories/root-components-with-providers.stories.tsx[2m > [22m[2mAppShell / Default
[22m[39m[YjsProvider] chat-section-section-jpn-101 connection status: connected
[90mstdout[2m | src/stories/root-components-with-providers.stories.tsx[2m > [22m[2mAppShell / Default
[22m[39m[YjsProvider] chat-section-section-jpn-101 synced with server
[90mstdout[2m | src/stories/root-components-with-providers.stories.tsx[2m > [22m[2mAppShell / Default
[22m[39mMock Cache.getItem called with: getCachedUrl_/story-mocks/animals-10008941_1280.jpg
[90mstdout[2m | src/stories/root-components-with-providers.stories.tsx[2m > [22m[2mAppShell / Default
[22m[39mMock getUrl called with: /story-mocks/animals-10008941_1280.jpg
[90mstdout[2m | src/stories/root-components-with-providers.stories.tsx[2m > [22m[2mAppShell / Default
[22m[39mMock Cache.setItem called with: getCachedUrl_/story-mocks/animals-10008941_1280.jpg /story-mocks/animals-10008941_1280.jpg
[90mstdout[2m | src/stories/root-components-with-providers.stories.tsx[2m > [22m[2mGradeReviewDrawer / Open
[22m[39m[ChatContext] Cleaning up subscriptions
[90mstdout[2m | src/stories/root-components-with-providers.stories.tsx[2m > [22m[2mGradeReviewDrawer / Open
[22m[39m[Mock Data] Unit.onUpdate() subscription removed. Remaining: 0
[90mstdout[2m | src/stories/root-components-with-providers.stories.tsx[2m > [22m[2mGradeReviewDrawer / Open
[22m[39m[useChatPageContext] Cleaning up page context
[90mstdout[2m | src/stories/root-components-with-providers.stories.tsx[2m > [22m[2mGradeReviewDrawer / Open
[22m[39m[YjsProvider] chat-section-section-jpn-101 connection status: disconnected
[90mstdout[2m | src/stories/root-components-with-providers.stories.tsx[2m > [22m[2mGradeReviewDrawer / Open
[22m[39m[MOCK CourseVectorStore] Initialized with mock data
[90mstdout[2m | src/stories/root-components-with-providers.stories.tsx[2m > [22m[2mGradeReviewDrawer / Open
[22m[39m[Mock Auth] setMockUser: {
  "attributes": {
    "email": "teacher@example.com",
    "sub": "teacher-1",
  },
  "groups": [
    "Instructors",
  ],
  "userId": "teacher-1",
  "username": "teacher-1",
}
[90mstdout[2m | src/stories/root-components-with-providers.stories.tsx[2m > [22m[2mGradeReviewDrawer / Open
[22m[39m[Mock Data] seedMockUnit: Adding unit unit-japanese-1
[90mstdout[2m | src/stories/root-components-with-providers.stories.tsx[2m > [22m[2mGradeReviewDrawer / Open
[22m[39m[Mock Data] seedMockUnit: Adding unit unit-japanese-2
[90mstdout[2m | src/stories/root-components-with-providers.stories.tsx[2m > [22m[2mGradeReviewDrawer / Open
[22m[39m[Mock Data] seedMockUnit: Adding unit unit-japanese-3
[90mstdout[2m | src/stories/root-components-with-providers.stories.tsx[2m > [22m[2mGradeReviewDrawer / Open
[22m[39m[Mock Data] seedMockUnit: Adding unit unit-kanji-basics
[90mstdout[2m | src/stories/root-components-with-providers.stories.tsx[2m > [22m[2mGradeReviewDrawer / Open
[22m[39m[Mock Data] seedMockSections: Adding 1 sections
[90mstdout[2m | src/stories/root-components-with-providers.stories.tsx[2m > [22m[2mGradeReviewDrawer / Open
[22m[39m[Mock Data] Seeding section: section-jpn-101 with owner: teacher-1
[90mstdout[2m | src/stories/root-components-with-providers.stories.tsx[2m > [22m[2mGradeReviewDrawer / Open
[22m[39m[Mock Data] Total sections in store: 1
[90mstdout[2m | src/stories/root-components-with-providers.stories.tsx[2m > [22m[2mGradeReviewDrawer / Open
[22m[39m[Mock Data] Sections in store: [
  {
    "id": "section-jpn-101",
    "name": "Japanese 101 - Spring 2024",
    "owner": "teacher-1",
  },
]
[90mstdout[2m | src/stories/root-components-with-providers.stories.tsx[2m > [22m[2mGradeReviewDrawer / Open
[22m[39m[Mock Data] No active Section subscriptions to notify yet
[90mstdout[2m | src/stories/root-components-with-providers.stories.tsx[2m > [22m[2mGradeReviewDrawer / Open
[22m[39m[Mock Data] seedMockAssignments: Adding 5 assignments
[90mstdout[2m | src/stories/root-components-with-providers.stories.tsx[2m > [22m[2mGradeReviewDrawer / Open
[22m[39m[Mock Data] Total assignments in store: 5
[90mstdout[2m | src/stories/root-components-with-providers.stories.tsx[2m > [22m[2mGradeReviewDrawer / Open
[22m[39m[Mock Data] Seeded grade: grade-alice-1 for unit: unit-japanese-1
[90mstdout[2m | src/stories/root-components-with-providers.stories.tsx[2m > [22m[2mGradeReviewDrawer / Open
[22m[39m[Mock Data] Grade has data: true
[90mstdout[2m | src/stories/root-components-with-providers.stories.tsx[2m > [22m[2mGradeReviewDrawer / Open
[22m[39m[Mock Data] Total grades in store: 1
[90mstdout[2m | src/stories/root-components-with-providers.stories.tsx[2m > [22m[2mGradeReviewDrawer / Open
[22m[39m[Mock Data] Seeded grade: grade-alice-1-attempt2 for unit: unit-japanese-1
[90mstdout[2m | src/stories/root-components-with-providers.stories.tsx[2m > [22m[2mGradeReviewDrawer / Open
[22m[39m[Mock Data] Grade has data: true
[90mstdout[2m | src/stories/root-components-with-providers.stories.tsx[2m > [22m[2mGradeReviewDrawer / Open
[22m[39m[Mock Data] Total grades in store: 2
[90mstdout[2m | src/stories/root-components-with-providers.stories.tsx[2m > [22m[2mGradeReviewDrawer / Open
[22m[39m[Mock Data] Seeded grade: grade-alice-2 for unit: unit-japanese-2
[90mstdout[2m | src/stories/root-components-with-providers.stories.tsx[2m > [22m[2mGradeReviewDrawer / Open
[22m[39m[Mock Data] Grade has data: true
[90mstdout[2m | src/stories/root-components-with-providers.stories.tsx[2m > [22m[2mGradeReviewDrawer / Open
[22m[39m[Mock Data] Total grades in store: 3
[90mstdout[2m | src/stories/root-components-with-providers.stories.tsx[2m > [22m[2mGradeReviewDrawer / Open
[22m[39m[Mock Data] Seeded grade: grade-bob-1 for unit: unit-japanese-1
[90mstdout[2m | src/stories/root-components-with-providers.stories.tsx[2m > [22m[2mGradeReviewDrawer / Open
[22m[39m[Mock Data] Grade has data: true
[90mstdout[2m | src/stories/root-components-with-providers.stories.tsx[2m > [22m[2mGradeReviewDrawer / Open
[22m[39m[Mock Data] Total grades in store: 4
[90mstdout[2m | src/stories/root-components-with-providers.stories.tsx[2m > [22m[2mGradeReviewDrawer / Open
[22m[39m[Mock Data] Seeded grade: grade-bob-2 for unit: unit-japanese-2
[90mstdout[2m | src/stories/root-components-with-providers.stories.tsx[2m > [22m[2mGradeReviewDrawer / Open
[22m[39m[Mock Data] Grade has data: true
[90mstdout[2m | src/stories/root-components-with-providers.stories.tsx[2m > [22m[2mGradeReviewDrawer / Open
[22m[39m[Mock Data] Total grades in store: 5
[90mstdout[2m | src/stories/root-components-with-providers.stories.tsx[2m > [22m[2mGradeReviewDrawer / Open
[22m[39m[Mock Data] Seeded grade: grade-carol-1 for unit: unit-japanese-1
[90mstdout[2m | src/stories/root-components-with-providers.stories.tsx[2m > [22m[2mGradeReviewDrawer / Open
[22m[39m[Mock Data] Grade has data: true
[90mstdout[2m | src/stories/root-components-with-providers.stories.tsx[2m > [22m[2mGradeReviewDrawer / Open
[22m[39m[Mock Data] Total grades in store: 6
[90mstdout[2m | src/stories/root-components-with-providers.stories.tsx[2m > [22m[2mGradeReviewDrawer / Open
[22m[39m[Mock Data] Seeded grade: grade-carol-2 for unit: unit-japanese-2
[90mstdout[2m | src/stories/root-components-with-providers.stories.tsx[2m > [22m[2mGradeReviewDrawer / Open
[22m[39m[Mock Data] Grade has data: true
[90mstdout[2m | src/stories/root-components-with-providers.stories.tsx[2m > [22m[2mGradeReviewDrawer / Open
[22m[39m[Mock Data] Total grades in store: 7
[90mstdout[2m | src/stories/root-components-with-providers.stories.tsx[2m > [22m[2mGradeReviewDrawer / Open
[22m[39m[Mock Data] Seeded grade: grade-dave-1 for unit: unit-japanese-1
[90mstdout[2m | src/stories/root-components-with-providers.stories.tsx[2m > [22m[2mGradeReviewDrawer / Open
[22m[39m[Mock Data] Grade has data: true
[90mstdout[2m | src/stories/root-components-with-providers.stories.tsx[2m > [22m[2mGradeReviewDrawer / Open
[22m[39m[Mock Data] Total grades in store: 8
[90mstdout[2m | src/stories/root-components-with-providers.stories.tsx[2m > [22m[2mGradeReviewDrawer / Open
[22m[39m[Mock Data] Seeded grade: grade-dave-2 for unit: unit-japanese-2
[90mstdout[2m | src/stories/root-components-with-providers.stories.tsx[2m > [22m[2mGradeReviewDrawer / Open
[22m[39m[Mock Data] Grade has data: true
[90mstdout[2m | src/stories/root-components-with-providers.stories.tsx[2m > [22m[2mGradeReviewDrawer / Open
[22m[39m[Mock Data] Total grades in store: 9
[90mstdout[2m | src/stories/root-components-with-providers.stories.tsx[2m > [22m[2mGradeReviewDrawer / Open
[22m[39m[Mock Data] Seeded grade: grade-eve-1 for unit: unit-japanese-1
[90mstdout[2m | src/stories/root-components-with-providers.stories.tsx[2m > [22m[2mGradeReviewDrawer / Open
[22m[39m[Mock Data] Grade has data: true
[90mstdout[2m | src/stories/root-components-with-providers.stories.tsx[2m > [22m[2mGradeReviewDrawer / Open
[22m[39m[Mock Data] Total grades in store: 10
[90mstdout[2m | src/stories/root-components-with-providers.stories.tsx[2m > [22m[2mGradeReviewDrawer / Open
[22m[39m[Mock Data] Seeded grade: grade-eve-2 for unit: unit-japanese-2
[90mstdout[2m | src/stories/root-components-with-providers.stories.tsx[2m > [22m[2mGradeReviewDrawer / Open
[22m[39m[Mock Data] Grade has data: true
[90mstdout[2m | src/stories/root-components-with-providers.stories.tsx[2m > [22m[2mGradeReviewDrawer / Open
[22m[39m[Mock Data] Total grades in store: 11
[90mstdout[2m | src/stories/root-components-with-providers.stories.tsx[2m > [22m[2mGradeReviewDrawer / Open
[22m[39m[Mock Data] Seeded grade: grade-frank-1 for unit: unit-japanese-1
[90mstdout[2m | src/stories/root-components-with-providers.stories.tsx[2m > [22m[2mGradeReviewDrawer / Open
[22m[39m[Mock Data] Grade has data: true
[90mstdout[2m | src/stories/root-components-with-providers.stories.tsx[2m > [22m[2mGradeReviewDrawer / Open
[22m[39m[Mock Data] Total grades in store: 12
[90mstdout[2m | src/stories/root-components-with-providers.stories.tsx[2m > [22m[2mGradeReviewDrawer / Open
[22m[39m[Mock Data] Seeded grade: grade-frank-2 for unit: unit-japanese-3
[90mstdout[2m | src/stories/root-components-with-providers.stories.tsx[2m > [22m[2mGradeReviewDrawer / Open
[22m[39m[Mock Data] Grade has data: true
[90mstdout[2m | src/stories/root-components-with-providers.stories.tsx[2m > [22m[2mGradeReviewDrawer / Open
[22m[39m[Mock Data] Total grades in store: 13
[90mstdout[2m | src/stories/root-components-with-providers.stories.tsx[2m > [22m[2mGradeReviewDrawer / Open
[22m[39m[Mock Data] seedMockStudentProfiles: Adding 6 student profiles
[90mstdout[2m | src/stories/root-components-with-providers.stories.tsx[2m > [22m[2mGradeReviewDrawer / Open
[22m[39m[Mock Data] seedMockHomeworkRooms: Adding 2 homework rooms
[90mstdout[2m | src/stories/root-components-with-providers.stories.tsx[2m > [22m[2mGradeReviewDrawer / Open
[22m[39m[IndexPageData] Seeded instructor dashboard with {
  "assignments": 5,
  "grades": 13,
  "sections": 1,
  "units": 4,
}
[90mstdout[2m | src/stories/root-components-with-providers.stories.tsx[2m > [22m[2mGradeReviewDrawer / Open
[22m[39m[MOCK CourseVectorStore] Initialized with mock data
[90mstdout[2m | src/stories/root-components-with-providers.stories.tsx[2m > [22m[2mGradeReviewDrawer / Open
[22m[39m[FilesContext] Initializing vector store from IndexedDB
[90mstdout[2m | src/stories/root-components-with-providers.stories.tsx[2m > [22m[2mGradeReviewDrawer / Open
[22m[39m[FilesContext] fetchFiles called
[90mstdout[2m | src/stories/root-components-with-providers.stories.tsx[2m > [22m[2mGradeReviewDrawer / Open
[22m[39m[FilesContext] User authenticated: teacher-1
[90mstdout[2m | src/stories/root-components-with-providers.stories.tsx[2m > [22m[2mGradeReviewDrawer / Open
[22m[39m[FilesContext] Identity ID: identity-teacher-1
[90mstdout[2m | src/stories/root-components-with-providers.stories.tsx[2m > [22m[2mGradeReviewDrawer / Open
[22m[39m[FilesContext] About to set up File observeQuery
[90mstdout[2m | src/stories/root-components-with-providers.stories.tsx[2m > [22m[2mGradeReviewDrawer / Open
[22m[39m[TranslationModeController] Setting mode to: off
[90mstdout[2m | src/stories/root-components-with-providers.stories.tsx[2m > [22m[2mGradeReviewDrawer / Open
[22m[39m[UnitContext] useEffect triggered {
  "authLoading": false,
  "hasUser": true,
  "id": "mock-unit-id",
  "userSub": "teacher-1",
}
[90mstdout[2m | src/stories/root-components-with-providers.stories.tsx[2m > [22m[2mGradeReviewDrawer / Open
[22m[39m[UnitContext] Fetching unit data for id: mock-unit-id
[90mstdout[2m | src/stories/root-components-with-providers.stories.tsx[2m > [22m[2mGradeReviewDrawer / Open
[22m[39m[FilesContext] Initializing vector store from IndexedDB
[90mstdout[2m | src/stories/root-components-with-providers.stories.tsx[2m > [22m[2mGradeReviewDrawer / Open
[22m[39m[FilesContext] fetchFiles called
[90mstdout[2m | src/stories/root-components-with-providers.stories.tsx[2m > [22m[2mGradeReviewDrawer / Open
[22m[39m[FilesContext] User authenticated: teacher-1
[90mstdout[2m | src/stories/root-components-with-providers.stories.tsx[2m > [22m[2mGradeReviewDrawer / Open
[22m[39m[FilesContext] Identity ID: identity-teacher-1
[90mstdout[2m | src/stories/root-components-with-providers.stories.tsx[2m > [22m[2mGradeReviewDrawer / Open
[22m[39m[FilesContext] About to set up File observeQuery
[90mstdout[2m | src/stories/root-components-with-providers.stories.tsx[2m > [22m[2mGradeReviewDrawer / Open
[22m[39m[ChatContext] Setting up AssistantChat observeQuery
[90mstdout[2m | src/stories/root-components-with-providers.stories.tsx[2m > [22m[2mGradeReviewDrawer / Open
[22m[39m[ChatContext] Waiting for subscription to initialize
[90mstdout[2m | src/stories/root-components-with-providers.stories.tsx[2m > [22m[2mGradeReviewDrawer / Open
[22m[39m[SettingsContext] Setting up Settings subscription for user: teacher-1
[90mstdout[2m | src/stories/root-components-with-providers.stories.tsx[2m > [22m[2mGradeReviewDrawer / Open
[22m[39m[Mock Data] Settings created: mock-settings-1790418675372 - notified 0 subscribers
[90mstdout[2m | src/stories/root-components-with-providers.stories.tsx[2m > [22m[2mGradeReviewDrawer / Open
[22m[39m[Mock Data] Unit.onUpdate() subscription added. Total: 1
[90mstdout[2m | src/stories/root-components-with-providers.stories.tsx[2m > [22m[2mGradeReviewDrawer / Open
[22m[39m[FilesContext] File observeQuery update: 6 files
[90mstdout[2m | src/stories/root-components-with-providers.stories.tsx[2m > [22m[2mGradeReviewDrawer / Open
[22m[39m[SectionContext] Section observeQuery update: 1
[90mstdout[2m | src/stories/root-components-with-providers.stories.tsx[2m > [22m[2mGradeReviewDrawer / Open
[22m[39m[FilesContext] File observeQuery update: 6 files
[90mstdout[2m | src/stories/root-components-with-providers.stories.tsx[2m > [22m[2mGradeReviewDrawer / Open
[22m[39m[ChatContext] AssistantChat initialized with 1 chats
[90mstdout[2m | src/stories/root-components-with-providers.stories.tsx[2m > [22m[2mGradeReviewDrawer / Open
[22m[39m[ChatContext] Setting initial chat: mock-assistant-chat-1
[90mstdout[2m | src/stories/root-components-with-providers.stories.tsx[2m > [22m[2mGradeReviewDrawer / Open
[22m[39m[MOCK CourseVectorStore] Initialized with mock data
[90mstdout[2m | src/stories/root-components-with-providers.stories.tsx[2m > [22m[2mGradeReviewDrawer / Open
[22m[39m[MOCK CourseVectorStore] Initialized with mock data
[90mstdout[2m | src/stories/root-components-with-providers.stories.tsx[2m > [22m[2mGradeReviewDrawer / Open
[22m[39m[FilesContext] Vector store population triggered {
  "currentVectorStoreSize": 3,
  "documentsCount": 0,
  "filesCount": 6,
  "isInitialLoad": true,
}
[90mstdout[2m | src/stories/root-components-with-providers.stories.tsx[2m > [22m[2mGradeReviewDrawer / Open
[22m[39m[FilesContext] Vector store population complete - 3 total embeddings
[90mstdout[2m | src/stories/root-components-with-providers.stories.tsx[2m > [22m[2mGradeReviewDrawer / Open
[22m[39m[FilesContext] Vector store population triggered {
  "currentVectorStoreSize": 3,
  "documentsCount": 0,
  "filesCount": 6,
  "isInitialLoad": true,
}
[90mstdout[2m | src/stories/root-components-with-providers.stories.tsx[2m > [22m[2mGradeReviewDrawer / Open
[22m[39m[FilesContext] Vector store population complete - 3 total embeddings
[90mstdout[2m | src/stories/root-components-with-providers.stories.tsx[2m > [22m[2mGradeReviewDrawer / Open
[22m[39m[ChatContext] Chat exists and not archived, skipping creation
[90mstdout[2m | src/stories/root-components-with-providers.stories.tsx[2m > [22m[2mGradeReviewDrawer / Open
[22m[39m[Mock Storage] downloadData called with: undefined
[90mstdout[2m | src/stories/root-components-with-providers.stories.tsx[2m > [22m[2mGradeReviewDrawer / Open
[22m[39m[Mock Storage] downloadData called with: undefined
[90mstdout[2m | src/stories/root-components-with-providers.stories.tsx[2m > [22m[2mGradeReviewDrawer / Closed
[22m[39m[ChatContext] Cleaning up subscriptions
[90mstdout[2m | src/stories/root-components-with-providers.stories.tsx[2m > [22m[2mGradeReviewDrawer / Closed
[22m[39m[Mock Data] Unit.onUpdate() subscription removed. Remaining: 0
[90mstdout[2m | src/stories/root-components-with-providers.stories.tsx[2m > [22m[2mGradeReviewDrawer / Closed
[22m[39m[MOCK CourseVectorStore] Initialized with mock data
[90mstdout[2m | src/stories/root-components-with-providers.stories.tsx[2m > [22m[2mGradeReviewDrawer / Closed
[22m[39m[TranslationModeController] Setting mode to: off
[90mstdout[2m | src/stories/root-components-with-providers.stories.tsx[2m > [22m[2mGradeReviewDrawer / Closed
[22m[39m[UnitContext] useEffect triggered {
  "authLoading": false,
  "hasUser": true,
  "id": "mock-unit-id",
  "userSub": "mock-user-sub",
}
[90mstdout[2m | src/stories/root-components-with-providers.stories.tsx[2m > [22m[2mGradeReviewDrawer / Closed
[22m[39m[UnitContext] Fetching unit data for id: mock-unit-id
[90mstdout[2m | src/stories/root-components-with-providers.stories.tsx[2m > [22m[2mGradeReviewDrawer / Closed
[22m[39m[FilesContext] Initializing vector store from IndexedDB
[90mstdout[2m | src/stories/root-components-with-providers.stories.tsx[2m > [22m[2mGradeReviewDrawer / Closed
[22m[39m[FilesContext] fetchFiles called
[90mstdout[2m | src/stories/root-components-with-providers.stories.tsx[2m > [22m[2mGradeReviewDrawer / Closed
[22m[39m[FilesContext] User authenticated: mock-user-sub
[90mstdout[2m | src/stories/root-components-with-providers.stories.tsx[2m > [22m[2mGradeReviewDrawer / Closed
[22m[39m[FilesContext] Identity ID: us-east-1:mock-identity-123
[90mstdout[2m | src/stories/root-components-with-providers.stories.tsx[2m > [22m[2mGradeReviewDrawer / Closed
[22m[39m[FilesContext] About to set up File observeQuery
[90mstdout[2m | src/stories/root-components-with-providers.stories.tsx[2m > [22m[2mGradeReviewDrawer / Closed
[22m[39m[ChatContext] Setting up AssistantChat observeQuery
[90mstdout[2m | src/stories/root-components-with-providers.stories.tsx[2m > [22m[2mGradeReviewDrawer / Closed
[22m[39m[ChatContext] Waiting for subscription to initialize
[90mstdout[2m | src/stories/root-components-with-providers.stories.tsx[2m > [22m[2mGradeReviewDrawer / Closed
[22m[39m[SettingsContext] Setting up Settings subscription for user: mock-user-sub
[90mstdout[2m | src/stories/root-components-with-providers.stories.tsx[2m > [22m[2mGradeReviewDrawer / Closed
[22m[39m[Mock Data] Settings created: mock-settings-1790418675593 - notified 0 subscribers
[90mstdout[2m | src/stories/root-components-with-providers.stories.tsx[2m > [22m[2mGradeReviewDrawer / Closed
[22m[39m[Mock Data] Unit.onUpdate() subscription added. Total: 1
[90mstdout[2m | src/stories/root-components-with-providers.stories.tsx[2m > [22m[2mGradeReviewDrawer / Closed
[22m[39m[SectionContext] Section observeQuery update: 0
[90mstdout[2m | src/stories/root-components-with-providers.stories.tsx[2m > [22m[2mGradeReviewDrawer / Closed
[22m[39m[FilesContext] File observeQuery update: 6 files
[90mstdout[2m | src/stories/root-components-with-providers.stories.tsx[2m > [22m[2mGradeReviewDrawer / Closed
[22m[39m[ChatContext] AssistantChat initialized with 1 chats
[90mstdout[2m | src/stories/root-components-with-providers.stories.tsx[2m > [22m[2mGradeReviewDrawer / Closed
[22m[39m[ChatContext] Setting initial chat: mock-assistant-chat-1
[90mstdout[2m | src/stories/root-components-with-providers.stories.tsx[2m > [22m[2mGradeReviewDrawer / Closed
[22m[39m[Mock Storage] downloadData called with: undefined
[90mstdout[2m | src/stories/root-components-with-providers.stories.tsx[2m > [22m[2mGradeReviewDrawer / Closed
[22m[39m[MOCK CourseVectorStore] Initialized with mock data
[90mstdout[2m | src/stories/root-components-with-providers.stories.tsx[2m > [22m[2mGradeReviewDrawer / Closed
[22m[39m[FilesContext] Vector store population triggered {
  "currentVectorStoreSize": 3,
  "documentsCount": 0,
  "filesCount": 6,
  "isInitialLoad": true,
}
[90mstdout[2m | src/stories/root-components-with-providers.stories.tsx[2m > [22m[2mGradeReviewDrawer / Closed
[22m[39m[FilesContext] Vector store population complete - 3 total embeddings
[90mstdout[2m | src/stories/root-components-with-providers.stories.tsx[2m > [22m[2mGradeReviewDrawer / Closed
[22m[39m[ChatContext] Chat exists and not archived, skipping creation
[90mstdout[2m | src/stories/root-components-with-providers.stories.tsx[2m > [22m[2mCollaboratorManager / Owner View
[22m[39m[ChatContext] Cleaning up subscriptions
[90mstdout[2m | src/stories/root-components-with-providers.stories.tsx[2m > [22m[2mCollaboratorManager / Owner View
[22m[39m[Mock Data] Unit.onUpdate() subscription removed. Remaining: 0
[90mstdout[2m | src/stories/root-components-with-providers.stories.tsx[2m > [22m[2mCollaboratorManager / Owner View
[22m[39m[MOCK CourseVectorStore] Initialized with mock data
[90mstdout[2m | src/stories/root-components-with-providers.stories.tsx[2m > [22m[2mCollaboratorManager / Owner View
[22m[39m[Mock Auth] setMockUser: {
  "attributes": {
    "email": "teacher@example.com",
    "sub": "teacher-1",
  },
  "groups": [
    "Instructors",
  ],
  "userId": "teacher-1",
  "username": "teacher-1",
}
[90mstdout[2m | src/stories/root-components-with-providers.stories.tsx[2m > [22m[2mCollaboratorManager / Owner View
[22m[39m[TranslationModeController] Setting mode to: off
[90mstdout[2m | src/stories/root-components-with-providers.stories.tsx[2m > [22m[2mCollaboratorManager / Owner View
[22m[39m[UnitContext] useEffect triggered {
  "authLoading": false,
  "hasUser": true,
  "id": "mock-unit-id",
  "userSub": "teacher-1",
}
[90mstdout[2m | src/stories/root-components-with-providers.stories.tsx[2m > [22m[2mCollaboratorManager / Owner View
[22m[39m[UnitContext] Fetching unit data for id: mock-unit-id
[90mstdout[2m | src/stories/root-components-with-providers.stories.tsx[2m > [22m[2mCollaboratorManager / Owner View
[22m[39m[FilesContext] Initializing vector store from IndexedDB
[90mstdout[2m | src/stories/root-components-with-providers.stories.tsx[2m > [22m[2mCollaboratorManager / Owner View
[22m[39m[FilesContext] fetchFiles called
[90mstdout[2m | src/stories/root-components-with-providers.stories.tsx[2m > [22m[2mCollaboratorManager / Owner View
[22m[39m[FilesContext] User authenticated: teacher-1
[90mstdout[2m | src/stories/root-components-with-providers.stories.tsx[2m > [22m[2mCollaboratorManager / Owner View
[22m[39m[FilesContext] Identity ID: identity-teacher-1
[90mstdout[2m | src/stories/root-components-with-providers.stories.tsx[2m > [22m[2mCollaboratorManager / Owner View
[22m[39m[FilesContext] About to set up File observeQuery
[90mstdout[2m | src/stories/root-components-with-providers.stories.tsx[2m > [22m[2mCollaboratorManager / Owner View
[22m[39m[ChatContext] Setting up AssistantChat observeQuery
[90mstdout[2m | src/stories/root-components-with-providers.stories.tsx[2m > [22m[2mCollaboratorManager / Owner View
[22m[39m[ChatContext] Waiting for subscription to initialize
[90mstdout[2m | src/stories/root-components-with-providers.stories.tsx[2m > [22m[2mCollaboratorManager / Owner View
[22m[39m[SettingsContext] Setting up Settings subscription for user: teacher-1
[90mstdout[2m | src/stories/root-components-with-providers.stories.tsx[2m > [22m[2mCollaboratorManager / Owner View
[22m[39m[Mock Data] Settings created: mock-settings-1790418675711 - notified 0 subscribers
[90mstdout[2m | src/stories/root-components-with-providers.stories.tsx[2m > [22m[2mCollaboratorManager / Owner View
[22m[39m[Mock Data] Unit.onUpdate() subscription added. Total: 1
[90mstdout[2m | src/stories/root-components-with-providers.stories.tsx[2m > [22m[2mCollaboratorManager / Owner View
[22m[39m[SectionContext] Section observeQuery update: 0
[90mstdout[2m | src/stories/root-components-with-providers.stories.tsx[2m > [22m[2mCollaboratorManager / Owner View
[22m[39m[FilesContext] File observeQuery update: 6 files
[90mstdout[2m | src/stories/root-components-with-providers.stories.tsx[2m > [22m[2mCollaboratorManager / Owner View
[22m[39m[ChatContext] AssistantChat initialized with 1 chats
[90mstdout[2m | src/stories/root-components-with-providers.stories.tsx[2m > [22m[2mCollaboratorManager / Owner View
[22m[39m[ChatContext] Setting initial chat: mock-assistant-chat-1
[90mstdout[2m | src/stories/root-components-with-providers.stories.tsx[2m > [22m[2mCollaboratorManager / Owner View
[22m[39m[MOCK CourseVectorStore] Initialized with mock data
[90mstdout[2m | src/stories/root-components-with-providers.stories.tsx[2m > [22m[2mCollaboratorManager / Owner View
[22m[39m[FilesContext] Vector store population triggered {
  "currentVectorStoreSize": 3,
  "documentsCount": 0,
  "filesCount": 6,
  "isInitialLoad": true,
}
[90mstdout[2m | src/stories/root-components-with-providers.stories.tsx[2m > [22m[2mCollaboratorManager / Owner View
[22m[39m[FilesContext] Vector store population complete - 3 total embeddings
[90mstdout[2m | src/stories/root-components-with-providers.stories.tsx[2m > [22m[2mCollaboratorManager / Owner View
[22m[39m[ChatContext] Chat exists and not archived, skipping creation
[90mstdout[2m | src/stories/root-components-with-providers.stories.tsx[2m > [22m[2mCollaboratorManager / Owner View
[22m[39m[Mock Storage] downloadData called with: undefined
[90mstdout[2m | src/stories/root-components-with-providers.stories.tsx[2m > [22m[2mCollaboratorManager / Read-Only (non-owner)
[22m[39m[ChatContext] Cleaning up subscriptions
[90mstdout[2m | src/stories/root-components-with-providers.stories.tsx[2m > [22m[2mCollaboratorManager / Read-Only (non-owner)
[22m[39m[Mock Data] Unit.onUpdate() subscription removed. Remaining: 0
[90mstdout[2m | src/stories/root-components-with-providers.stories.tsx[2m > [22m[2mCollaboratorManager / Read-Only (non-owner)
[22m[39m[MOCK CourseVectorStore] Initialized with mock data
[90mstdout[2m | src/stories/root-components-with-providers.stories.tsx[2m > [22m[2mCollaboratorManager / Read-Only (non-owner)
[22m[39m[Mock Auth] setMockUser: {
  "attributes": {
    "email": "teacher2@example.com",
    "sub": "teacher-2",
  },
  "groups": [
    "Instructors",
  ],
  "userId": "teacher-2",
  "username": "teacher-2",
}
[90mstdout[2m | src/stories/root-components-with-providers.stories.tsx[2m > [22m[2mCollaboratorManager / Read-Only (non-owner)
[22m[39m[TranslationModeController] Setting mode to: off
[90mstdout[2m | src/stories/root-components-with-providers.stories.tsx[2m > [22m[2mCollaboratorManager / Read-Only (non-owner)
[22m[39m[UnitContext] useEffect triggered {
  "authLoading": false,
  "hasUser": true,
  "id": "mock-unit-id",
  "userSub": "teacher-2",
}
[90mstdout[2m | src/stories/root-components-with-providers.stories.tsx[2m > [22m[2mCollaboratorManager / Read-Only (non-owner)
[22m[39m[UnitContext] Fetching unit data for id: mock-unit-id
[90mstdout[2m | src/stories/root-components-with-providers.stories.tsx[2m > [22m[2mCollaboratorManager / Read-Only (non-owner)
[22m[39m[FilesContext] Initializing vector store from IndexedDB
[90mstdout[2m | src/stories/root-components-with-providers.stories.tsx[2m > [22m[2mCollaboratorManager / Read-Only (non-owner)
[22m[39m[FilesContext] fetchFiles called
[90mstdout[2m | src/stories/root-components-with-providers.stories.tsx[2m > [22m[2mCollaboratorManager / Read-Only (non-owner)
[22m[39m[FilesContext] User authenticated: teacher-2
[90mstdout[2m | src/stories/root-components-with-providers.stories.tsx[2m > [22m[2mCollaboratorManager / Read-Only (non-owner)
[22m[39m[FilesContext] Identity ID: us-east-1:mock-identity-123
[90mstdout[2m | src/stories/root-components-with-providers.stories.tsx[2m > [22m[2mCollaboratorManager / Read-Only (non-owner)
[22m[39m[FilesContext] About to set up File observeQuery
[90mstdout[2m | src/stories/root-components-with-providers.stories.tsx[2m > [22m[2mCollaboratorManager / Read-Only (non-owner)
[22m[39m[ChatContext] Setting up AssistantChat observeQuery
[90mstdout[2m | src/stories/root-components-with-providers.stories.tsx[2m > [22m[2mCollaboratorManager / Read-Only (non-owner)
[22m[39m[ChatContext] Waiting for subscription to initialize
[90mstdout[2m | src/stories/root-components-with-providers.stories.tsx[2m > [22m[2mCollaboratorManager / Read-Only (non-owner)
[22m[39m[SettingsContext] Setting up Settings subscription for user: teacher-2
[90mstdout[2m | src/stories/root-components-with-providers.stories.tsx[2m > [22m[2mCollaboratorManager / Read-Only (non-owner)
[22m[39m[Mock Data] Settings created: mock-settings-1790418675855 - notified 0 subscribers
[90mstdout[2m | src/stories/root-components-with-providers.stories.tsx[2m > [22m[2mCollaboratorManager / Read-Only (non-owner)
[22m[39m[Mock Data] Unit.onUpdate() subscription added. Total: 1
[90mstdout[2m | src/stories/root-components-with-providers.stories.tsx[2m > [22m[2mCollaboratorManager / Read-Only (non-owner)
[22m[39m[SectionContext] Section observeQuery update: 0
[90mstdout[2m | src/stories/root-components-with-providers.stories.tsx[2m > [22m[2mCollaboratorManager / Read-Only (non-owner)
[22m[39m[FilesContext] File observeQuery update: 6 files
[90mstdout[2m | src/stories/root-components-with-providers.stories.tsx[2m > [22m[2mCollaboratorManager / Read-Only (non-owner)
[22m[39m[MOCK CourseVectorStore] Initialized with mock data
[90mstdout[2m | src/stories/root-components-with-providers.stories.tsx[2m > [22m[2mCollaboratorManager / Read-Only (non-owner)
[22m[39m[FilesContext] Vector store population triggered {
  "currentVectorStoreSize": 3,
  "documentsCount": 0,
  "filesCount": 6,
  "isInitialLoad": true,
}
[90mstdout[2m | src/stories/root-components-with-providers.stories.tsx[2m > [22m[2mCollaboratorManager / Read-Only (non-owner)
[22m[39m[FilesContext] Vector store population complete - 3 total embeddings
[90mstdout[2m | src/stories/root-components-with-providers.stories.tsx[2m > [22m[2mCollaboratorManager / Read-Only (non-owner)
[22m[39m[ChatContext] AssistantChat initialized with 1 chats
[90mstdout[2m | src/stories/root-components-with-providers.stories.tsx[2m > [22m[2mCollaboratorManager / Read-Only (non-owner)
[22m[39m[ChatContext] Setting initial chat: mock-assistant-chat-1
[90mstdout[2m | src/stories/root-components-with-providers.stories.tsx[2m > [22m[2mCollaboratorManager / Read-Only (non-owner)
[22m[39m[Mock Storage] downloadData called with: undefined
[90mstdout[2m | src/stories/root-components-with-providers.stories.tsx[2m > [22m[2mCollaboratorManager / Read-Only (non-owner)
[22m[39m[ChatContext] Chat exists and not archived, skipping creation
[90mstdout[2m | src/stories/root-components-with-providers.stories.tsx[2m > [22m[2mRecordingStudioEnhancedModal / Open
[22m[39m[ChatContext] Cleaning up subscriptions
[90mstdout[2m | src/stories/root-components-with-providers.stories.tsx[2m > [22m[2mRecordingStudioEnhancedModal / Open
[22m[39m[Mock Data] Unit.onUpdate() subscription removed. Remaining: 0
[90mstdout[2m | src/stories/root-components-with-providers.stories.tsx[2m > [22m[2mRecordingStudioEnhancedModal / Open
[22m[39m[MOCK CourseVectorStore] Initialized with mock data
[90mstdout[2m | src/stories/root-components-with-providers.stories.tsx[2m > [22m[2mRecordingStudioEnhancedModal / Open
[22m[39m[Mock Auth] setMockUser: {
  "attributes": {
    "email": "alice@example.com",
    "sub": "student-alice-sub",
  },
  "groups": [
    "section-jpn-101-learners",
  ],
  "userId": "student-alice-sub",
  "username": "student-alice-sub",
}
[90mstdout[2m | src/stories/root-components-with-providers.stories.tsx[2m > [22m[2mRecordingStudioEnhancedModal / Open
[22m[39m[MOCK CourseVectorStore] Initialized with mock data
[90mstdout[2m | src/stories/root-components-with-providers.stories.tsx[2m > [22m[2mRecordingStudioEnhancedModal / Open
[22m[39m[FilesContext] Initializing vector store from IndexedDB
[90mstdout[2m | src/stories/root-components-with-providers.stories.tsx[2m > [22m[2mRecordingStudioEnhancedModal / Open
[22m[39m[FilesContext] fetchFiles called
[90mstdout[2m | src/stories/root-components-with-providers.stories.tsx[2m > [22m[2mRecordingStudioEnhancedModal / Open
[22m[39m[FilesContext] User authenticated: student-alice-sub
[90mstdout[2m | src/stories/root-components-with-providers.stories.tsx[2m > [22m[2mRecordingStudioEnhancedModal / Open
[22m[39m[FilesContext] Identity ID: identity-alice
[90mstdout[2m | src/stories/root-components-with-providers.stories.tsx[2m > [22m[2mRecordingStudioEnhancedModal / Open
[22m[39m[FilesContext] About to set up File observeQuery
[90mstdout[2m | src/stories/root-components-with-providers.stories.tsx[2m > [22m[2mRecordingStudioEnhancedModal / Open
[22m[39m[TranslationModeController] Setting mode to: off
[90mstdout[2m | src/stories/root-components-with-providers.stories.tsx[2m > [22m[2mRecordingStudioEnhancedModal / Open
[22m[39m[UnitContext] useEffect triggered {
  "authLoading": false,
  "hasUser": true,
  "id": "mock-unit-id",
  "userSub": "student-alice-sub",
}
[90mstdout[2m | src/stories/root-components-with-providers.stories.tsx[2m > [22m[2mRecordingStudioEnhancedModal / Open
[22m[39m[UnitContext] Fetching unit data for id: mock-unit-id
[90mstdout[2m | src/stories/root-components-with-providers.stories.tsx[2m > [22m[2mRecordingStudioEnhancedModal / Open
[22m[39m[FilesContext] Initializing vector store from IndexedDB
[90mstdout[2m | src/stories/root-components-with-providers.stories.tsx[2m > [22m[2mRecordingStudioEnhancedModal / Open
[22m[39m[FilesContext] fetchFiles called
[90mstdout[2m | src/stories/root-components-with-providers.stories.tsx[2m > [22m[2mRecordingStudioEnhancedModal / Open
[22m[39m[FilesContext] User authenticated: student-alice-sub
[90mstdout[2m | src/stories/root-components-with-providers.stories.tsx[2m > [22m[2mRecordingStudioEnhancedModal / Open
[22m[39m[FilesContext] Identity ID: identity-alice
[90mstdout[2m | src/stories/root-components-with-providers.stories.tsx[2m > [22m[2mRecordingStudioEnhancedModal / Open
[22m[39m[FilesContext] About to set up File observeQuery
[90mstdout[2m | src/stories/root-components-with-providers.stories.tsx[2m > [22m[2mRecordingStudioEnhancedModal / Open
[22m[39m[ChatContext] Setting up AssistantChat observeQuery
[90mstdout[2m | src/stories/root-components-with-providers.stories.tsx[2m > [22m[2mRecordingStudioEnhancedModal / Open
[22m[39m[ChatContext] Waiting for subscription to initialize
[90mstdout[2m | src/stories/root-components-with-providers.stories.tsx[2m > [22m[2mRecordingStudioEnhancedModal / Open
[22m[39m[SettingsContext] Setting up Settings subscription for user: student-alice-sub
[90mstdout[2m | src/stories/root-components-with-providers.stories.tsx[2m > [22m[2mRecordingStudioEnhancedModal / Open
[22m[39m[Mock Data] Settings created: mock-settings-1790418676108 - notified 0 subscribers
[90mstdout[2m | src/stories/root-components-with-providers.stories.tsx[2m > [22m[2mRecordingStudioEnhancedModal / Open
[22m[39m[Mock Data] Unit.onUpdate() subscription added. Total: 1
[90mstdout[2m | src/stories/root-components-with-providers.stories.tsx[2m > [22m[2mRecordingStudioEnhancedModal / Open
[22m[39m[FilesContext] File observeQuery update: 6 files
[90mstdout[2m | src/stories/root-components-with-providers.stories.tsx[2m > [22m[2mRecordingStudioEnhancedModal / Open
[22m[39m[SectionContext] Section observeQuery update: 0
[90mstdout[2m | src/stories/root-components-with-providers.stories.tsx[2m > [22m[2mRecordingStudioEnhancedModal / Open
[22m[39m[FilesContext] File observeQuery update: 6 files
[90mstdout[2m | src/stories/root-components-with-providers.stories.tsx[2m > [22m[2mRecordingStudioEnhancedModal / Open
[22m[39m[ChatContext] AssistantChat initialized with 1 chats
[90mstdout[2m | src/stories/root-components-with-providers.stories.tsx[2m > [22m[2mRecordingStudioEnhancedModal / Open
[22m[39m[ChatContext] Setting initial chat: mock-assistant-chat-1
[90mstdout[2m | src/stories/root-components-with-providers.stories.tsx[2m > [22m[2mRecordingStudioEnhancedModal / Open
[22m[39m[MOCK CourseVectorStore] Initialized with mock data
[90mstdout[2m | src/stories/root-components-with-providers.stories.tsx[2m > [22m[2mRecordingStudioEnhancedModal / Open
[22m[39m[MOCK CourseVectorStore] Initialized with mock data
[90mstdout[2m | src/stories/root-components-with-providers.stories.tsx[2m > [22m[2mRecordingStudioEnhancedModal / Open
[22m[39m[FilesContext] Vector store population triggered {
  "currentVectorStoreSize": 3,
  "documentsCount": 0,
  "filesCount": 6,
  "isInitialLoad": true,
}
[90mstdout[2m | src/stories/root-components-with-providers.stories.tsx[2m > [22m[2mRecordingStudioEnhancedModal / Open
[22m[39m[FilesContext] Vector store population complete - 3 total embeddings
[90mstdout[2m | src/stories/root-components-with-providers.stories.tsx[2m > [22m[2mRecordingStudioEnhancedModal / Open
[22m[39m[FilesContext] Vector store population triggered {
  "currentVectorStoreSize": 3,
  "documentsCount": 0,
  "filesCount": 6,
  "isInitialLoad": true,
}
[90mstdout[2m | src/stories/root-components-with-providers.stories.tsx[2m > [22m[2mRecordingStudioEnhancedModal / Open
[22m[39m[FilesContext] Vector store population complete - 3 total embeddings
[90mstdout[2m | src/stories/root-components-with-providers.stories.tsx[2m > [22m[2mRecordingStudioEnhancedModal / Open
[22m[39m[ChatContext] Chat exists and not archived, skipping creation
[90mstdout[2m | src/stories/root-components-with-providers.stories.tsx[2m > [22m[2mRecordingStudioEnhancedModal / Closed
[22m[39m[ChatContext] Cleaning up subscriptions
[90mstdout[2m | src/stories/root-components-with-providers.stories.tsx[2m > [22m[2mRecordingStudioEnhancedModal / Closed
[22m[39m[Mock Data] Unit.onUpdate() subscription removed. Remaining: 0
[90mstdout[2m | src/stories/root-components-with-providers.stories.tsx[2m > [22m[2mRecordingStudioEnhancedModal / Closed
[22m[39m[MOCK CourseVectorStore] Initialized with mock data
[90mstdout[2m | src/stories/root-components-with-providers.stories.tsx[2m > [22m[2mRecordingStudioEnhancedModal / Closed
[22m[39m[TranslationModeController] Setting mode to: off
[90mstdout[2m | src/stories/root-components-with-providers.stories.tsx[2m > [22m[2mRecordingStudioEnhancedModal / Closed
[22m[39m[UnitContext] useEffect triggered {
  "authLoading": false,
  "hasUser": true,
  "id": "mock-unit-id",
  "userSub": "mock-user-sub",
}
[90mstdout[2m | src/stories/root-components-with-providers.stories.tsx[2m > [22m[2mRecordingStudioEnhancedModal / Closed
[22m[39m[UnitContext] Fetching unit data for id: mock-unit-id
[90mstdout[2m | src/stories/root-components-with-providers.stories.tsx[2m > [22m[2mRecordingStudioEnhancedModal / Closed
[22m[39m[FilesContext] Initializing vector store from IndexedDB
[90mstdout[2m | src/stories/root-components-with-providers.stories.tsx[2m > [22m[2mRecordingStudioEnhancedModal / Closed
[22m[39m[FilesContext] fetchFiles called
[90mstdout[2m | src/stories/root-components-with-providers.stories.tsx[2m > [22m[2mRecordingStudioEnhancedModal / Closed
[22m[39m[FilesContext] User authenticated: mock-user-sub
[90mstdout[2m | src/stories/root-components-with-providers.stories.tsx[2m > [22m[2mRecordingStudioEnhancedModal / Closed
[22m[39m[FilesContext] Identity ID: us-east-1:mock-identity-123
[90mstdout[2m | src/stories/root-components-with-providers.stories.tsx[2m > [22m[2mRecordingStudioEnhancedModal / Closed
[22m[39m[FilesContext] About to set up File observeQuery
[90mstdout[2m | src/stories/root-components-with-providers.stories.tsx[2m > [22m[2mRecordingStudioEnhancedModal / Closed
[22m[39m[ChatContext] Setting up AssistantChat observeQuery
[90mstdout[2m | src/stories/root-components-with-providers.stories.tsx[2m > [22m[2mRecordingStudioEnhancedModal / Closed
[22m[39m[ChatContext] Waiting for subscription to initialize
[90mstdout[2m | src/stories/root-components-with-providers.stories.tsx[2m > [22m[2mRecordingStudioEnhancedModal / Closed
[22m[39m[SettingsContext] Setting up Settings subscription for user: mock-user-sub
[90mstdout[2m | src/stories/root-components-with-providers.stories.tsx[2m > [22m[2mRecordingStudioEnhancedModal / Closed
[22m[39m[Mock Data] Settings created: mock-settings-1790418676338 - notified 0 subscribers
[90mstdout[2m | src/stories/root-components-with-providers.stories.tsx[2m > [22m[2mRecordingStudioEnhancedModal / Closed
[22m[39m[Mock Data] Unit.onUpdate() subscription added. Total: 1
[90mstdout[2m | src/stories/root-components-with-providers.stories.tsx[2m > [22m[2mRecordingStudioEnhancedModal / Closed
[22m[39m[SectionContext] Section observeQuery update: 0
[90mstdout[2m | src/stories/root-components-with-providers.stories.tsx[2m > [22m[2mRecordingStudioEnhancedModal / Closed
[22m[39m[FilesContext] File observeQuery update: 6 files
[90mstdout[2m | src/stories/root-components-with-providers.stories.tsx[2m > [22m[2mRecordingStudioEnhancedModal / Closed
[22m[39m[ChatContext] AssistantChat initialized with 1 chats
[90mstdout[2m | src/stories/root-components-with-providers.stories.tsx[2m > [22m[2mRecordingStudioEnhancedModal / Closed
[22m[39m[ChatContext] Setting initial chat: mock-assistant-chat-1
[90mstdout[2m | src/stories/root-components-with-providers.stories.tsx[2m > [22m[2mRecordingStudioEnhancedModal / Closed
[22m[39m[Mock Storage] downloadData called with: undefined
[90mstdout[2m | src/stories/root-components-with-providers.stories.tsx[2m > [22m[2mRecordingStudioEnhancedModal / Closed
[22m[39m[MOCK CourseVectorStore] Initialized with mock data
[90mstdout[2m | src/stories/root-components-with-providers.stories.tsx[2m > [22m[2mRecordingStudioEnhancedModal / Closed
[22m[39m[FilesContext] Vector store population triggered {
  "currentVectorStoreSize": 3,
  "documentsCount": 0,
  "filesCount": 6,
  "isInitialLoad": true,
}
[90mstdout[2m | src/stories/root-components-with-providers.stories.tsx[2m > [22m[2mRecordingStudioEnhancedModal / Closed
[22m[39m[FilesContext] Vector store population complete - 3 total embeddings
[90mstdout[2m | src/stories/root-components-with-providers.stories.tsx[2m > [22m[2mRecordingStudioEnhancedModal / Closed
[22m[39m[ChatContext] Chat exists and not archived, skipping creation
 [32m✓[39m [30m[45m storybook (chromium) [49m[39m src/stories/root-components-with-providers.stories.tsx [2m([22m[2m7 tests[22m[2m)[22m[33m 2399[2mms[22m[39m
   [33m[2m✓[22m[39m AppShell / Default [33m 1231[2mms[22m[39m
   [33m[2m✓[22m[39m RecordingStudioEnhancedModal / Open [33m 333[2mms[22m[39m
[90mstdout[2m | unknown test
[22m[39m[MOCK vectorStoreDB.js] Module loaded - mock IndexedDB operations
[90mstdout[2m | unknown test
[22m[39m[Task Completion] DOM action listeners initialized
[90mstdout[2m | unknown test
[22m[39m[Task Completion] Auto-completion detector initialized
[90mstdout[2m | unknown test
[22m[39m[Preview] Task completion detector initialized
[90mstdout[2m | src/components/Gamification/AntiBadges.stories.tsx[2m > [22m[2mGallery
[22m[39m[TranslationModeController] Setting mode to: off
[90mstdout[2m | src/components/Gamification/AntiBadges.stories.tsx[2m > [22m[2mIcon Shelf
[22m[39m[TranslationModeController] Setting mode to: off
[90mstdout[2m | src/components/Gamification/AntiBadges.stories.tsx[2m > [22m[2mLocked State
[22m[39m[TranslationModeController] Setting mode to: off
[90mstdout[2m | src/components/Gamification/AntiBadges.stories.tsx[2m > [22m[2mMeta Badges
[22m[39m[TranslationModeController] Setting mode to: off
 [32m✓[39m [30m[45m storybook (chromium) [49m[39m src/components/Gamification/AntiBadges.stories.tsx [2m([22m[2m4 tests[22m[2m)[22m[33m 1908[2mms[22m[39m
   [33m[2m✓[22m[39m Gallery [33m 927[2mms[22m[39m
   [33m[2m✓[22m[39m Icon Shelf [33m 439[2mms[22m[39m
[90mstdout[2m | unknown test
[22m[39m[MOCK vectorStoreDB.js] Module loaded - mock IndexedDB operations
[90mstdout[2m | unknown test
[22m[39m[Task Completion] DOM action listeners initialized
[90mstdout[2m | unknown test
[22m[39m[Task Completion] Auto-completion detector initialized
[90mstdout[2m | unknown test
[22m[39m[Preview] Task completion detector initialized
[90mstdout[2m | src/components/Gamification/XPTunerDialog.stories.tsx[2m > [22m[2mDefault
[22m[39m[TranslationModeController] Setting mode to: off
[90mstdout[2m | src/components/Gamification/XPTunerDialog.stories.tsx[2m > [22m[2mWith Custom Multipliers
[22m[39m[TranslationModeController] Setting mode to: off
[90mstdout[2m | src/components/Gamification/XPTunerDialog.stories.tsx[2m > [22m[2mWith Caps
[22m[39m[TranslationModeController] Setting mode to: off
[90mstdout[2m | src/components/Gamification/XPTunerDialog.stories.tsx[2m > [22m[2mXP Disabled
[22m[39m[TranslationModeController] Setting mode to: off
[90mstdout[2m | src/components/Gamification/XPTunerDialog.stories.tsx[2m > [22m[2mDouble XP
[22m[39m[TranslationModeController] Setting mode to: off
[90mstdout[2m | src/components/Gamification/XPTunerDialog.stories.tsx[2m > [22m[2mNo Section Name
[22m[39m[TranslationModeController] Setting mode to: off
[90mstdout[2m | src/components/Gamification/XPTunerDialog.stories.tsx[2m > [22m[2mCustom Leveling
[22m[39m[TranslationModeController] Setting mode to: off
[90mstdout[2m | src/components/Gamification/XPTunerDialog.stories.tsx[2m > [22m[2mMax Levels
[22m[39m[TranslationModeController] Setting mode to: off
 [32m✓[39m [30m[45m storybook (chromium) [49m[39m src/components/Gamification/XPTunerDialog.stories.tsx [2m([22m[2m8 tests[22m[2m)[22m[33m 4764[2mms[22m[39m
   [33m[2m✓[22m[39m Default [33m 983[2mms[22m[39m
   [33m[2m✓[22m[39m With Custom Multipliers [33m 513[2mms[22m[39m
   [33m[2m✓[22m[39m With Caps [33m 874[2mms[22m[39m
   [33m[2m✓[22m[39m XP Disabled [33m 442[2mms[22m[39m
   [33m[2m✓[22m[39m Double XP [33m 487[2mms[22m[39m
   [33m[2m✓[22m[39m No Section Name [33m 460[2mms[22m[39m
   [33m[2m✓[22m[39m Custom Leveling [33m 506[2mms[22m[39m
   [33m[2m✓[22m[39m Max Levels [33m 499[2mms[22m[39m
[90mstdout[2m | unknown test
[22m[39m[MOCK vectorStoreDB.js] Module loaded - mock IndexedDB operations
[90mstdout[2m | unknown test
[22m[39m[Task Completion] DOM action listeners initialized
[90mstdout[2m | unknown test
[22m[39m[Task Completion] Auto-completion detector initialized
[90mstdout[2m | unknown test
[22m[39m[Preview] Task completion detector initialized
[90mstdout[2m | src/components/Gamification/ArmorEditor.stories.tsx[2m > [22m[2mDefault
[22m[39m[TranslationModeController] Setting mode to: off
[90mstdout[2m | src/components/Gamification/ArmorEditor.stories.tsx[2m > [22m[2mWith Initial Config
[22m[39m[TranslationModeController] Setting mode to: off
[90mstdout[2m | src/components/Gamification/ArmorEditor.stories.tsx[2m > [22m[2mQuartered Shield
[22m[39m[TranslationModeController] Setting mode to: off
[90mstdout[2m | src/components/Gamification/ArmorEditor.stories.tsx[2m > [22m[2mChevron Band
[22m[39m[TranslationModeController] Setting mode to: off
[90mstdout[2m | src/components/Gamification/ArmorEditor.stories.tsx[2m > [22m[2mSaltire Cross
[22m[39m[TranslationModeController] Setting mode to: off
[90mstdout[2m | src/components/Gamification/ArmorEditor.stories.tsx[2m > [22m[2mBend With Border
[22m[39m[TranslationModeController] Setting mode to: off
[90mstdout[2m | src/components/Gamification/ArmorEditor.stories.tsx[2m > [22m[2mChief Band
[22m[39m[TranslationModeController] Setting mode to: off
[90mstdout[2m | src/components/Gamification/ArmorEditor.stories.tsx[2m > [22m[2mLarge Charge
[22m[39m[TranslationModeController] Setting mode to: off
[90mstdout[2m | src/components/Gamification/ArmorEditor.stories.tsx[2m > [22m[2mMultiple Charges
[22m[39m[TranslationModeController] Setting mode to: off
 [32m✓[39m [30m[45m storybook (chromium) [49m[39m src/components/Gamification/ArmorEditor.stories.tsx [2m([22m[2m9 tests[22m[2m)[22m[33m 3548[2mms[22m[39m
   [33m[2m✓[22m[39m Default [33m 375[2mms[22m[39m
   [33m[2m✓[22m[39m With Initial Config [33m 441[2mms[22m[39m
   [33m[2m✓[22m[39m Quartered Shield [33m 431[2mms[22m[39m
   [33m[2m✓[22m[39m Chevron Band [33m 456[2mms[22m[39m
   [33m[2m✓[22m[39m Saltire Cross [33m 362[2mms[22m[39m
   [33m[2m✓[22m[39m Bend With Border [33m 417[2mms[22m[39m
   [33m[2m✓[22m[39m Chief Band [33m 331[2mms[22m[39m
   [33m[2m✓[22m[39m Large Charge [33m 369[2mms[22m[39m
   [33m[2m✓[22m[39m Multiple Charges [33m 367[2mms[22m[39m
[90mstdout[2m | unknown test
[22m[39m[MOCK vectorStoreDB.js] Module loaded - mock IndexedDB operations
[90mstdout[2m | unknown test
[22m[39m[Task Completion] DOM action listeners initialized
[90mstdout[2m | unknown test
[22m[39m[Task Completion] Auto-completion detector initialized
[90mstdout[2m | unknown test
[22m[39m[Preview] Task completion detector initialized
[90mstdout[2m | src/components/InlineGradeCell.stories.tsx[2m > [22m[2mDefault
[22m[39m[TranslationModeController] Setting mode to: off
[90mstdout[2m | src/components/InlineGradeCell.stories.tsx[2m > [22m[2mWith Override
[22m[39m[TranslationModeController] Setting mode to: off
[90mstdout[2m | src/components/InlineGradeCell.stories.tsx[2m > [22m[2mNo Grade
[22m[39m[TranslationModeController] Setting mode to: off
[90mstdout[2m | src/components/InlineGradeCell.stories.tsx[2m > [22m[2mStudent View
[22m[39m[TranslationModeController] Setting mode to: off
[90mstdout[2m | src/components/InlineGradeCell.stories.tsx[2m > [22m[2mGradebook Table
[22m[39m[TranslationModeController] Setting mode to: off
 [32m✓[39m [30m[45m storybook (chromium) [49m[39m src/components/InlineGradeCell.stories.tsx [2m([22m[2m5 tests[22m[2m)[22m[33m 3333[2mms[22m[39m
   [33m[2m✓[22m[39m With Override [33m 1014[2mms[22m[39m
   [33m[2m✓[22m[39m No Grade [33m 1162[2mms[22m[39m
   [33m[2m✓[22m[39m Student View [33m 778[2mms[22m[39m
[90mstdout[2m | unknown test
[22m[39m[MOCK vectorStoreDB.js] Module loaded - mock IndexedDB operations
[90mstdout[2m | unknown test
[22m[39m[Task Completion] DOM action listeners initialized
[90mstdout[2m | unknown test
[22m[39m[Task Completion] Auto-completion detector initialized
[90mstdout[2m | unknown test
[22m[39m[Preview] Task completion detector initialized
[90mstdout[2m | src/stories/root-components.stories.tsx[2m > [22m[2mAuthFormSkeleton
[22m[39m[MOCK CourseVectorStore] Initialized with mock data
[90mstdout[2m | src/stories/root-components.stories.tsx[2m > [22m[2mAuthFormSkeleton
[22m[39m[TranslationModeController] Setting mode to: off
[90mstdout[2m | src/stories/root-components.stories.tsx[2m > [22m[2mAuthFormSkeleton
[22m[39m[UnitContext] useEffect triggered {
  "authLoading": false,
  "hasUser": true,
  "id": "mock-unit-id",
  "userSub": "mock-user-sub",
}
[90mstdout[2m | src/stories/root-components.stories.tsx[2m > [22m[2mAuthFormSkeleton
[22m[39m[UnitContext] Fetching unit data for id: mock-unit-id
[90mstdout[2m | src/stories/root-components.stories.tsx[2m > [22m[2mAuthFormSkeleton
[22m[39m[FilesContext] Initializing vector store from IndexedDB
[90mstdout[2m | src/stories/root-components.stories.tsx[2m > [22m[2mAuthFormSkeleton
[22m[39m[FilesContext] fetchFiles called
[90mstdout[2m | src/stories/root-components.stories.tsx[2m > [22m[2mAuthFormSkeleton
[22m[39m[FilesContext] User authenticated: mock-user-sub
[90mstdout[2m | src/stories/root-components.stories.tsx[2m > [22m[2mAuthFormSkeleton
[22m[39m[FilesContext] Identity ID: us-east-1:mock-identity-123
[90mstdout[2m | src/stories/root-components.stories.tsx[2m > [22m[2mAuthFormSkeleton
[22m[39m[FilesContext] About to set up File observeQuery
[90mstdout[2m | src/stories/root-components.stories.tsx[2m > [22m[2mAuthFormSkeleton
[22m[39m[ChatContext] Setting up AssistantChat observeQuery
[90mstdout[2m | src/stories/root-components.stories.tsx[2m > [22m[2mAuthFormSkeleton
[22m[39m[ChatContext] Waiting for subscription to initialize
[90mstdout[2m | src/stories/root-components.stories.tsx[2m > [22m[2mAuthFormSkeleton
[22m[39m[SettingsContext] Setting up Settings subscription for user: mock-user-sub
[90mstdout[2m | src/stories/root-components.stories.tsx[2m > [22m[2mAuthFormSkeleton
[22m[39m[Mock Data] Settings created: mock-settings-1790418692275 - notified 0 subscribers
[90mstdout[2m | src/stories/root-components.stories.tsx[2m > [22m[2mAuthFormSkeleton
[22m[39m[Mock Data] Unit.onUpdate() subscription added. Total: 1
[90mstdout[2m | src/stories/root-components.stories.tsx[2m > [22m[2mAuthFormSkeleton
[22m[39m[SectionContext] Section observeQuery update: 0
[90mstdout[2m | src/stories/root-components.stories.tsx[2m > [22m[2mAuthFormSkeleton
[22m[39m[FilesContext] File observeQuery update: 6 files
[90mstdout[2m | src/stories/root-components.stories.tsx[2m > [22m[2mAuthFormSkeleton
[22m[39m[ChatContext] AssistantChat initialized with 1 chats
[90mstdout[2m | src/stories/root-components.stories.tsx[2m > [22m[2mAuthFormSkeleton
[22m[39m[ChatContext] Setting initial chat: mock-assistant-chat-1
[90mstdout[2m | src/stories/root-components.stories.tsx[2m > [22m[2mAuthFormSkeleton
[22m[39m[MOCK CourseVectorStore] Initialized with mock data
[90mstdout[2m | src/stories/root-components.stories.tsx[2m > [22m[2mAuthFormSkeleton
[22m[39m[FilesContext] Vector store population triggered {
  "currentVectorStoreSize": 3,
  "documentsCount": 0,
  "filesCount": 6,
  "isInitialLoad": true,
}
[90mstdout[2m | src/stories/root-components.stories.tsx[2m > [22m[2mAuthFormSkeleton
[22m[39m[FilesContext] Vector store population complete - 3 total embeddings
[90mstdout[2m | src/stories/root-components.stories.tsx[2m > [22m[2mAuthFormSkeleton
[22m[39m[ChatContext] Chat exists and not archived, skipping creation
[90mstdout[2m | src/stories/root-components.stories.tsx[2m > [22m[2mAuthFormSkeleton
[22m[39m[Mock Storage] downloadData called with: undefined
[90mstdout[2m | src/stories/root-components.stories.tsx[2m > [22m[2mAppSkeleton
[22m[39m[ChatContext] Cleaning up subscriptions
[90mstdout[2m | src/stories/root-components.stories.tsx[2m > [22m[2mAppSkeleton
[22m[39m[Mock Data] Unit.onUpdate() subscription removed. Remaining: 0
[90mstdout[2m | src/stories/root-components.stories.tsx[2m > [22m[2mAppSkeleton
[22m[39m[MOCK CourseVectorStore] Initialized with mock data
[90mstdout[2m | src/stories/root-components.stories.tsx[2m > [22m[2mAppSkeleton
[22m[39m[TranslationModeController] Setting mode to: off
[90mstdout[2m | src/stories/root-components.stories.tsx[2m > [22m[2mAppSkeleton
[22m[39m[UnitContext] useEffect triggered {
  "authLoading": false,
  "hasUser": true,
  "id": "mock-unit-id",
  "userSub": "mock-user-sub",
}
[90mstdout[2m | src/stories/root-components.stories.tsx[2m > [22m[2mAppSkeleton
[22m[39m[UnitContext] Fetching unit data for id: mock-unit-id
[90mstdout[2m | src/stories/root-components.stories.tsx[2m > [22m[2mAppSkeleton
[22m[39m[FilesContext] Initializing vector store from IndexedDB
[90mstdout[2m | src/stories/root-components.stories.tsx[2m > [22m[2mAppSkeleton
[22m[39m[FilesContext] fetchFiles called
[90mstdout[2m | src/stories/root-components.stories.tsx[2m > [22m[2mAppSkeleton
[22m[39m[FilesContext] User authenticated: mock-user-sub
[90mstdout[2m | src/stories/root-components.stories.tsx[2m > [22m[2mAppSkeleton
[22m[39m[FilesContext] Identity ID: us-east-1:mock-identity-123
[90mstdout[2m | src/stories/root-components.stories.tsx[2m > [22m[2mAppSkeleton
[22m[39m[FilesContext] About to set up File observeQuery
[90mstdout[2m | src/stories/root-components.stories.tsx[2m > [22m[2mAppSkeleton
[22m[39m[ChatContext] Setting up AssistantChat observeQuery
[90mstdout[2m | src/stories/root-components.stories.tsx[2m > [22m[2mAppSkeleton
[22m[39m[ChatContext] Waiting for subscription to initialize
[90mstdout[2m | src/stories/root-components.stories.tsx[2m > [22m[2mAppSkeleton
[22m[39m[SettingsContext] Setting up Settings subscription for user: mock-user-sub
[90mstdout[2m | src/stories/root-components.stories.tsx[2m > [22m[2mAppSkeleton
[22m[39m[Mock Data] Settings created: mock-settings-1790418692389 - notified 0 subscribers
[90mstdout[2m | src/stories/root-components.stories.tsx[2m > [22m[2mAppSkeleton
[22m[39m[Mock Data] Unit.onUpdate() subscription added. Total: 1
[90mstdout[2m | src/stories/root-components.stories.tsx[2m > [22m[2mAppSkeleton
[22m[39m[SectionContext] Section observeQuery update: 0
[90mstdout[2m | src/stories/root-components.stories.tsx[2m > [22m[2mAppSkeleton
[22m[39m[FilesContext] File observeQuery update: 6 files
[90mstdout[2m | src/stories/root-components.stories.tsx[2m > [22m[2mAppSkeleton
[22m[39m[ChatContext] AssistantChat initialized with 1 chats
[90mstdout[2m | src/stories/root-components.stories.tsx[2m > [22m[2mAppSkeleton
[22m[39m[ChatContext] Setting initial chat: mock-assistant-chat-1
[90mstdout[2m | src/stories/root-components.stories.tsx[2m > [22m[2mAppSkeleton
[22m[39m[Mock Storage] downloadData called with: undefined
[90mstdout[2m | src/stories/root-components.stories.tsx[2m > [22m[2mAppSkeleton
[22m[39m[MOCK CourseVectorStore] Initialized with mock data
[90mstdout[2m | src/stories/root-components.stories.tsx[2m > [22m[2mAppSkeleton
[22m[39m[FilesContext] Vector store population triggered {
  "currentVectorStoreSize": 3,
  "documentsCount": 0,
  "filesCount": 6,
  "isInitialLoad": true,
}
[90mstdout[2m | src/stories/root-components.stories.tsx[2m > [22m[2mAppSkeleton
[22m[39m[FilesContext] Vector store population complete - 3 total embeddings
[90mstdout[2m | src/stories/root-components.stories.tsx[2m > [22m[2mAppSkeleton
[22m[39m[ChatContext] Chat exists and not archived, skipping creation
[90mstdout[2m | src/stories/root-components.stories.tsx[2m > [22m[2mBotAvatar / Default
[22m[39m[ChatContext] Cleaning up subscriptions
[90mstdout[2m | src/stories/root-components.stories.tsx[2m > [22m[2mBotAvatar / Default
[22m[39m[Mock Data] Unit.onUpdate() subscription removed. Remaining: 0
[90mstdout[2m | src/stories/root-components.stories.tsx[2m > [22m[2mBotAvatar / Default
[22m[39m[MOCK CourseVectorStore] Initialized with mock data
[90mstdout[2m | src/stories/root-components.stories.tsx[2m > [22m[2mBotAvatar / Default
[22m[39m[TranslationModeController] Setting mode to: off
[90mstdout[2m | src/stories/root-components.stories.tsx[2m > [22m[2mBotAvatar / Default
[22m[39m[UnitContext] useEffect triggered {
  "authLoading": false,
  "hasUser": true,
  "id": "mock-unit-id",
  "userSub": "mock-user-sub",
}
[90mstdout[2m | src/stories/root-components.stories.tsx[2m > [22m[2mBotAvatar / Default
[22m[39m[UnitContext] Fetching unit data for id: mock-unit-id
[90mstdout[2m | src/stories/root-components.stories.tsx[2m > [22m[2mBotAvatar / Default
[22m[39m[FilesContext] Initializing vector store from IndexedDB
[90mstdout[2m | src/stories/root-components.stories.tsx[2m > [22m[2mBotAvatar / Default
[22m[39m[FilesContext] fetchFiles called
[90mstdout[2m | src/stories/root-components.stories.tsx[2m > [22m[2mBotAvatar / Default
[22m[39m[FilesContext] User authenticated: mock-user-sub
[90mstdout[2m | src/stories/root-components.stories.tsx[2m > [22m[2mBotAvatar / Default
[22m[39m[FilesContext] Identity ID: us-east-1:mock-identity-123
[90mstdout[2m | src/stories/root-components.stories.tsx[2m > [22m[2mBotAvatar / Default
[22m[39m[FilesContext] About to set up File observeQuery
[90mstdout[2m | src/stories/root-components.stories.tsx[2m > [22m[2mBotAvatar / Default
[22m[39m[ChatContext] Setting up AssistantChat observeQuery
[90mstdout[2m | src/stories/root-components.stories.tsx[2m > [22m[2mBotAvatar / Default
[22m[39m[ChatContext] Waiting for subscription to initialize
[90mstdout[2m | src/stories/root-components.stories.tsx[2m > [22m[2mBotAvatar / Default
[22m[39m[SettingsContext] Setting up Settings subscription for user: mock-user-sub
[90mstdout[2m | src/stories/root-components.stories.tsx[2m > [22m[2mBotAvatar / Default
[22m[39m[Mock Data] Settings created: mock-settings-1790418692486 - notified 0 subscribers
[90mstdout[2m | src/stories/root-components.stories.tsx[2m > [22m[2mBotAvatar / Default
[22m[39m[Mock Data] Unit.onUpdate() subscription added. Total: 1
[90mstdout[2m | src/stories/root-components.stories.tsx[2m > [22m[2mBotAvatar / Default
[22m[39m[SectionContext] Section observeQuery update: 0
[90mstdout[2m | src/stories/root-components.stories.tsx[2m > [22m[2mBotAvatar / Default
[22m[39m[Mock Storage] downloadData called with: undefined
[90mstdout[2m | src/stories/root-components.stories.tsx[2m > [22m[2mBotAvatar / Default
[22m[39m[FilesContext] File observeQuery update: 6 files
[90mstdout[2m | src/stories/root-components.stories.tsx[2m > [22m[2mBotAvatar / Default
[22m[39m[ChatContext] AssistantChat initialized with 1 chats
[90mstdout[2m | src/stories/root-components.stories.tsx[2m > [22m[2mBotAvatar / Default
[22m[39m[ChatContext] Setting initial chat: mock-assistant-chat-1
[90mstdout[2m | src/stories/root-components.stories.tsx[2m > [22m[2mBotAvatar / Default
[22m[39m[MOCK CourseVectorStore] Initialized with mock data
[90mstdout[2m | src/stories/root-components.stories.tsx[2m > [22m[2mBotAvatar / Default
[22m[39m[FilesContext] Vector store population triggered {
  "currentVectorStoreSize": 3,
  "documentsCount": 0,
  "filesCount": 6,
  "isInitialLoad": true,
}
[90mstdout[2m | src/stories/root-components.stories.tsx[2m > [22m[2mBotAvatar / Default
[22m[39m[FilesContext] Vector store population complete - 3 total embeddings
[90mstdout[2m | src/stories/root-components.stories.tsx[2m > [22m[2mBotAvatar / Default
[22m[39m[ChatContext] Chat exists and not archived, skipping creation
[90mstdout[2m | src/stories/root-components.stories.tsx[2m > [22m[2mBotAvatar / Large
[22m[39m[ChatContext] Cleaning up subscriptions
[90mstdout[2m | src/stories/root-components.stories.tsx[2m > [22m[2mBotAvatar / Large
[22m[39m[Mock Data] Unit.onUpdate() subscription removed. Remaining: 0
[90mstdout[2m | src/stories/root-components.stories.tsx[2m > [22m[2mBotAvatar / Large
[22m[39m[MOCK CourseVectorStore] Initialized with mock data
[90mstdout[2m | src/stories/root-components.stories.tsx[2m > [22m[2mBotAvatar / Large
[22m[39m[TranslationModeController] Setting mode to: off
[90mstdout[2m | src/stories/root-components.stories.tsx[2m > [22m[2mBotAvatar / Large
[22m[39m[UnitContext] useEffect triggered {
  "authLoading": false,
  "hasUser": true,
  "id": "mock-unit-id",
  "userSub": "mock-user-sub",
}
[90mstdout[2m | src/stories/root-components.stories.tsx[2m > [22m[2mBotAvatar / Large
[22m[39m[UnitContext] Fetching unit data for id: mock-unit-id
[90mstdout[2m | src/stories/root-components.stories.tsx[2m > [22m[2mBotAvatar / Large
[22m[39m[FilesContext] Initializing vector store from IndexedDB
[90mstdout[2m | src/stories/root-components.stories.tsx[2m > [22m[2mBotAvatar / Large
[22m[39m[FilesContext] fetchFiles called
[90mstdout[2m | src/stories/root-components.stories.tsx[2m > [22m[2mBotAvatar / Large
[22m[39m[FilesContext] User authenticated: mock-user-sub
[90mstdout[2m | src/stories/root-components.stories.tsx[2m > [22m[2mBotAvatar / Large
[22m[39m[FilesContext] Identity ID: us-east-1:mock-identity-123
[90mstdout[2m | src/stories/root-components.stories.tsx[2m > [22m[2mBotAvatar / Large
[22m[39m[FilesContext] About to set up File observeQuery
[90mstdout[2m | src/stories/root-components.stories.tsx[2m > [22m[2mBotAvatar / Large
[22m[39m[ChatContext] Setting up AssistantChat observeQuery
[90mstdout[2m | src/stories/root-components.stories.tsx[2m > [22m[2mBotAvatar / Large
[22m[39m[ChatContext] Waiting for subscription to initialize
[90mstdout[2m | src/stories/root-components.stories.tsx[2m > [22m[2mBotAvatar / Large
[22m[39m[SettingsContext] Setting up Settings subscription for user: mock-user-sub
[90mstdout[2m | src/stories/root-components.stories.tsx[2m > [22m[2mBotAvatar / Large
[22m[39m[Mock Data] Settings created: mock-settings-1790418692572 - notified 0 subscribers
[90mstdout[2m | src/stories/root-components.stories.tsx[2m > [22m[2mBotAvatar / Large
[22m[39m[Mock Data] Unit.onUpdate() subscription added. Total: 1
[90mstdout[2m | src/stories/root-components.stories.tsx[2m > [22m[2mBotAvatar / Large
[22m[39m[SectionContext] Section observeQuery update: 0
[90mstdout[2m | src/stories/root-components.stories.tsx[2m > [22m[2mBotAvatar / Large
[22m[39m[FilesContext] File observeQuery update: 6 files
[90mstdout[2m | src/stories/root-components.stories.tsx[2m > [22m[2mBotAvatar / Large
[22m[39m[ChatContext] AssistantChat initialized with 1 chats
[90mstdout[2m | src/stories/root-components.stories.tsx[2m > [22m[2mBotAvatar / Large
[22m[39m[ChatContext] Setting initial chat: mock-assistant-chat-1
[90mstdout[2m | src/stories/root-components.stories.tsx[2m > [22m[2mBotAvatar / Large
[22m[39m[MOCK CourseVectorStore] Initialized with mock data
[90mstdout[2m | src/stories/root-components.stories.tsx[2m > [22m[2mBotAvatar / Large
[22m[39m[FilesContext] Vector store population triggered {
  "currentVectorStoreSize": 3,
  "documentsCount": 0,
  "filesCount": 6,
  "isInitialLoad": true,
}
[90mstdout[2m | src/stories/root-components.stories.tsx[2m > [22m[2mBotAvatar / Large
[22m[39m[FilesContext] Vector store population complete - 3 total embeddings
[90mstdout[2m | src/stories/root-components.stories.tsx[2m > [22m[2mBotAvatar / Large
[22m[39m[ChatContext] Chat exists and not archived, skipping creation
[90mstdout[2m | src/stories/root-components.stories.tsx[2m > [22m[2mBotAvatar / Large
[22m[39m[Mock Storage] downloadData called with: undefined
[90mstdout[2m | src/stories/root-components.stories.tsx[2m > [22m[2mBotCustomizer / Locked (Tier 0)
[22m[39m[ChatContext] Cleaning up subscriptions
[90mstdout[2m | src/stories/root-components.stories.tsx[2m > [22m[2mBotCustomizer / Locked (Tier 0)
[22m[39m[Mock Data] Unit.onUpdate() subscription removed. Remaining: 0
[90mstdout[2m | src/stories/root-components.stories.tsx[2m > [22m[2mBotCustomizer / Locked (Tier 0)
[22m[39m[MOCK CourseVectorStore] Initialized with mock data
[90mstdout[2m | src/stories/root-components.stories.tsx[2m > [22m[2mBotCustomizer / Locked (Tier 0)
[22m[39m[TranslationModeController] Setting mode to: off
[90mstdout[2m | src/stories/root-components.stories.tsx[2m > [22m[2mBotCustomizer / Locked (Tier 0)
[22m[39m[UnitContext] useEffect triggered {
  "authLoading": false,
  "hasUser": true,
  "id": "mock-unit-id",
  "userSub": "mock-user-sub",
}
[90mstdout[2m | src/stories/root-components.stories.tsx[2m > [22m[2mBotCustomizer / Locked (Tier 0)
[22m[39m[UnitContext] Fetching unit data for id: mock-unit-id
[90mstdout[2m | src/stories/root-components.stories.tsx[2m > [22m[2mBotCustomizer / Locked (Tier 0)
[22m[39m[FilesContext] Initializing vector store from IndexedDB
[90mstdout[2m | src/stories/root-components.stories.tsx[2m > [22m[2mBotCustomizer / Locked (Tier 0)
[22m[39m[FilesContext] fetchFiles called
[90mstdout[2m | src/stories/root-components.stories.tsx[2m > [22m[2mBotCustomizer / Locked (Tier 0)
[22m[39m[FilesContext] User authenticated: mock-user-sub
[90mstdout[2m | src/stories/root-components.stories.tsx[2m > [22m[2mBotCustomizer / Locked (Tier 0)
[22m[39m[FilesContext] Identity ID: us-east-1:mock-identity-123
[90mstdout[2m | src/stories/root-components.stories.tsx[2m > [22m[2mBotCustomizer / Locked (Tier 0)
[22m[39m[FilesContext] About to set up File observeQuery
[90mstdout[2m | src/stories/root-components.stories.tsx[2m > [22m[2mBotCustomizer / Locked (Tier 0)
[22m[39m[ChatContext] Setting up AssistantChat observeQuery
[90mstdout[2m | src/stories/root-components.stories.tsx[2m > [22m[2mBotCustomizer / Locked (Tier 0)
[22m[39m[ChatContext] Waiting for subscription to initialize
[90mstdout[2m | src/stories/root-components.stories.tsx[2m > [22m[2mBotCustomizer / Locked (Tier 0)
[22m[39m[SettingsContext] Setting up Settings subscription for user: mock-user-sub
[90mstdout[2m | src/stories/root-components.stories.tsx[2m > [22m[2mBotCustomizer / Locked (Tier 0)
[22m[39m[Mock Data] Settings created: mock-settings-1790418692656 - notified 0 subscribers
[90mstdout[2m | src/stories/root-components.stories.tsx[2m > [22m[2mBotCustomizer / Locked (Tier 0)
[22m[39m[Mock Data] Unit.onUpdate() subscription added. Total: 1
[90mstdout[2m | src/stories/root-components.stories.tsx[2m > [22m[2mBotCustomizer / Locked (Tier 0)
[22m[39m[SectionContext] Section observeQuery update: 0
[90mstdout[2m | src/stories/root-components.stories.tsx[2m > [22m[2mBotCustomizer / Locked (Tier 0)
[22m[39m[FilesContext] File observeQuery update: 6 files
[90mstdout[2m | src/stories/root-components.stories.tsx[2m > [22m[2mBotCustomizer / Locked (Tier 0)
[22m[39m[ChatContext] AssistantChat initialized with 1 chats
[90mstdout[2m | src/stories/root-components.stories.tsx[2m > [22m[2mBotCustomizer / Locked (Tier 0)
[22m[39m[ChatContext] Setting initial chat: mock-assistant-chat-1
[90mstdout[2m | src/stories/root-components.stories.tsx[2m > [22m[2mBotCustomizer / Locked (Tier 0)
[22m[39m[Mock Storage] downloadData called with: undefined
[90mstdout[2m | src/stories/root-components.stories.tsx[2m > [22m[2mBotCustomizer / Locked (Tier 0)
[22m[39m[MOCK CourseVectorStore] Initialized with mock data
[90mstdout[2m | src/stories/root-components.stories.tsx[2m > [22m[2mBotCustomizer / Locked (Tier 0)
[22m[39m[FilesContext] Vector store population triggered {
  "currentVectorStoreSize": 3,
  "documentsCount": 0,
  "filesCount": 6,
  "isInitialLoad": true,
}
[90mstdout[2m | src/stories/root-components.stories.tsx[2m > [22m[2mBotCustomizer / Locked (Tier 0)
[22m[39m[FilesContext] Vector store population complete - 3 total embeddings
[90mstdout[2m | src/stories/root-components.stories.tsx[2m > [22m[2mBotCustomizer / Locked (Tier 0)
[22m[39m[ChatContext] Chat exists and not archived, skipping creation
[90mstdout[2m | src/stories/root-components.stories.tsx[2m > [22m[2mBotCustomizer / Tier 2
[22m[39m[ChatContext] Cleaning up subscriptions
[90mstdout[2m | src/stories/root-components.stories.tsx[2m > [22m[2mBotCustomizer / Tier 2
[22m[39m[Mock Data] Unit.onUpdate() subscription removed. Remaining: 0
[90mstdout[2m | src/stories/root-components.stories.tsx[2m > [22m[2mBotCustomizer / Tier 2
[22m[39m[MOCK CourseVectorStore] Initialized with mock data
[90mstdout[2m | src/stories/root-components.stories.tsx[2m > [22m[2mBotCustomizer / Tier 2
[22m[39m[TranslationModeController] Setting mode to: off
[90mstdout[2m | src/stories/root-components.stories.tsx[2m > [22m[2mBotCustomizer / Tier 2
[22m[39m[UnitContext] useEffect triggered {
  "authLoading": false,
  "hasUser": true,
  "id": "mock-unit-id",
  "userSub": "mock-user-sub",
}
[90mstdout[2m | src/stories/root-components.stories.tsx[2m > [22m[2mBotCustomizer / Tier 2
[22m[39m[UnitContext] Fetching unit data for id: mock-unit-id
[90mstdout[2m | src/stories/root-components.stories.tsx[2m > [22m[2mBotCustomizer / Tier 2
[22m[39m[FilesContext] Initializing vector store from IndexedDB
[90mstdout[2m | src/stories/root-components.stories.tsx[2m > [22m[2mBotCustomizer / Tier 2
[22m[39m[FilesContext] fetchFiles called
[90mstdout[2m | src/stories/root-components.stories.tsx[2m > [22m[2mBotCustomizer / Tier 2
[22m[39m[FilesContext] User authenticated: mock-user-sub
[90mstdout[2m | src/stories/root-components.stories.tsx[2m > [22m[2mBotCustomizer / Tier 2
[22m[39m[FilesContext] Identity ID: us-east-1:mock-identity-123
[90mstdout[2m | src/stories/root-components.stories.tsx[2m > [22m[2mBotCustomizer / Tier 2
[22m[39m[FilesContext] About to set up File observeQuery
[90mstdout[2m | src/stories/root-components.stories.tsx[2m > [22m[2mBotCustomizer / Tier 2
[22m[39m[ChatContext] Setting up AssistantChat observeQuery
[90mstdout[2m | src/stories/root-components.stories.tsx[2m > [22m[2mBotCustomizer / Tier 2
[22m[39m[ChatContext] Waiting for subscription to initialize
[90mstdout[2m | src/stories/root-components.stories.tsx[2m > [22m[2mBotCustomizer / Tier 2
[22m[39m[SettingsContext] Setting up Settings subscription for user: mock-user-sub
[90mstdout[2m | src/stories/root-components.stories.tsx[2m > [22m[2mBotCustomizer / Tier 2
[22m[39m[Mock Data] Settings created: mock-settings-1790418692779 - notified 0 subscribers
[90mstdout[2m | src/stories/root-components.stories.tsx[2m > [22m[2mBotCustomizer / Tier 2
[22m[39m[Mock Data] Unit.onUpdate() subscription added. Total: 1
[90mstdout[2m | src/stories/root-components.stories.tsx[2m > [22m[2mBotCustomizer / Tier 2
[22m[39m[SectionContext] Section observeQuery update: 0
[90mstdout[2m | src/stories/root-components.stories.tsx[2m > [22m[2mBotCustomizer / Tier 2
[22m[39m[FilesContext] File observeQuery update: 6 files
[90mstdout[2m | src/stories/root-components.stories.tsx[2m > [22m[2mBotCustomizer / Tier 2
[22m[39m[ChatContext] AssistantChat initialized with 1 chats
[90mstdout[2m | src/stories/root-components.stories.tsx[2m > [22m[2mBotCustomizer / Tier 2
[22m[39m[ChatContext] Setting initial chat: mock-assistant-chat-1
[90mstdout[2m | src/stories/root-components.stories.tsx[2m > [22m[2mBotCustomizer / Tier 2
[22m[39m[MOCK CourseVectorStore] Initialized with mock data
[90mstdout[2m | src/stories/root-components.stories.tsx[2m > [22m[2mBotCustomizer / Tier 2
[22m[39m[FilesContext] Vector store population triggered {
  "currentVectorStoreSize": 3,
  "documentsCount": 0,
  "filesCount": 6,
  "isInitialLoad": true,
}
[90mstdout[2m | src/stories/root-components.stories.tsx[2m > [22m[2mBotCustomizer / Tier 2
[22m[39m[FilesContext] Vector store population complete - 3 total embeddings
[90mstdout[2m | src/stories/root-components.stories.tsx[2m > [22m[2mBotCustomizer / Tier 2
[22m[39m[ChatContext] Chat exists and not archived, skipping creation
[90mstdout[2m | src/stories/root-components.stories.tsx[2m > [22m[2mBotCustomizer / Tier 2
[22m[39m[Mock Storage] downloadData called with: undefined
[90mstdout[2m | src/stories/root-components.stories.tsx[2m > [22m[2mBotCustomizer / Full Unlock
[22m[39m[ChatContext] Cleaning up subscriptions
[90mstdout[2m | src/stories/root-components.stories.tsx[2m > [22m[2mBotCustomizer / Full Unlock
[22m[39m[Mock Data] Unit.onUpdate() subscription removed. Remaining: 0
[90mstdout[2m | src/stories/root-components.stories.tsx[2m > [22m[2mBotCustomizer / Full Unlock
[22m[39m[MOCK CourseVectorStore] Initialized with mock data
[90mstdout[2m | src/stories/root-components.stories.tsx[2m > [22m[2mBotCustomizer / Full Unlock
[22m[39m[TranslationModeController] Setting mode to: off
[90mstdout[2m | src/stories/root-components.stories.tsx[2m > [22m[2mBotCustomizer / Full Unlock
[22m[39m[UnitContext] useEffect triggered {
  "authLoading": false,
  "hasUser": true,
  "id": "mock-unit-id",
  "userSub": "mock-user-sub",
}
[90mstdout[2m | src/stories/root-components.stories.tsx[2m > [22m[2mBotCustomizer / Full Unlock
[22m[39m[UnitContext] Fetching unit data for id: mock-unit-id
[90mstdout[2m | src/stories/root-components.stories.tsx[2m > [22m[2mBotCustomizer / Full Unlock
[22m[39m[FilesContext] Initializing vector store from IndexedDB
[90mstdout[2m | src/stories/root-components.stories.tsx[2m > [22m[2mBotCustomizer / Full Unlock
[22m[39m[FilesContext] fetchFiles called
[90mstdout[2m | src/stories/root-components.stories.tsx[2m > [22m[2mBotCustomizer / Full Unlock
[22m[39m[FilesContext] User authenticated: mock-user-sub
[90mstdout[2m | src/stories/root-components.stories.tsx[2m > [22m[2mBotCustomizer / Full Unlock
[22m[39m[FilesContext] Identity ID: us-east-1:mock-identity-123
[90mstdout[2m | src/stories/root-components.stories.tsx[2m > [22m[2mBotCustomizer / Full Unlock
[22m[39m[FilesContext] About to set up File observeQuery
[90mstdout[2m | src/stories/root-components.stories.tsx[2m > [22m[2mBotCustomizer / Full Unlock
[22m[39m[ChatContext] Setting up AssistantChat observeQuery
[90mstdout[2m | src/stories/root-components.stories.tsx[2m > [22m[2mBotCustomizer / Full Unlock
[22m[39m[ChatContext] Waiting for subscription to initialize
[90mstdout[2m | src/stories/root-components.stories.tsx[2m > [22m[2mBotCustomizer / Full Unlock
[22m[39m[SettingsContext] Setting up Settings subscription for user: mock-user-sub
[90mstdout[2m | src/stories/root-components.stories.tsx[2m > [22m[2mBotCustomizer / Full Unlock
[22m[39m[Mock Data] Settings created: mock-settings-1790418692916 - notified 0 subscribers
[90mstdout[2m | src/stories/root-components.stories.tsx[2m > [22m[2mBotCustomizer / Full Unlock
[22m[39m[Mock Data] Unit.onUpdate() subscription added. Total: 1
[90mstdout[2m | src/stories/root-components.stories.tsx[2m > [22m[2mBotCustomizer / Full Unlock
[22m[39m[SectionContext] Section observeQuery update: 0
[90mstdout[2m | src/stories/root-components.stories.tsx[2m > [22m[2mBotCustomizer / Full Unlock
[22m[39m[FilesContext] File observeQuery update: 6 files
[90mstdout[2m | src/stories/root-components.stories.tsx[2m > [22m[2mBotCustomizer / Full Unlock
[22m[39m[ChatContext] AssistantChat initialized with 1 chats
[90mstdout[2m | src/stories/root-components.stories.tsx[2m > [22m[2mBotCustomizer / Full Unlock
[22m[39m[ChatContext] Setting initial chat: mock-assistant-chat-1
[90mstdout[2m | src/stories/root-components.stories.tsx[2m > [22m[2mBotCustomizer / Full Unlock
[22m[39m[MOCK CourseVectorStore] Initialized with mock data
[90mstdout[2m | src/stories/root-components.stories.tsx[2m > [22m[2mBotCustomizer / Full Unlock
[22m[39m[FilesContext] Vector store population triggered {
  "currentVectorStoreSize": 3,
  "documentsCount": 0,
  "filesCount": 6,
  "isInitialLoad": true,
}
[90mstdout[2m | src/stories/root-components.stories.tsx[2m > [22m[2mBotCustomizer / Full Unlock
[22m[39m[FilesContext] Vector store population complete - 3 total embeddings
[90mstdout[2m | src/stories/root-components.stories.tsx[2m > [22m[2mBotCustomizer / Full Unlock
[22m[39m[ChatContext] Chat exists and not archived, skipping creation
[90mstdout[2m | src/stories/root-components.stories.tsx[2m > [22m[2mBotCustomizer / Full Unlock
[22m[39m[Mock Storage] downloadData called with: undefined
[90mstdout[2m | src/stories/root-components.stories.tsx[2m > [22m[2mCommunityUnitCard
[22m[39m[ChatContext] Cleaning up subscriptions
[90mstdout[2m | src/stories/root-components.stories.tsx[2m > [22m[2mCommunityUnitCard
[22m[39m[Mock Data] Unit.onUpdate() subscription removed. Remaining: 0
[90mstdout[2m | src/stories/root-components.stories.tsx[2m > [22m[2mCommunityUnitCard
[22m[39m[MOCK CourseVectorStore] Initialized with mock data
[90mstdout[2m | src/stories/root-components.stories.tsx[2m > [22m[2mCommunityUnitCard
[22m[39m[TranslationModeController] Setting mode to: off
[90mstdout[2m | src/stories/root-components.stories.tsx[2m > [22m[2mCommunityUnitCard
[22m[39m[UnitContext] useEffect triggered {
  "authLoading": false,
  "hasUser": true,
  "id": "mock-unit-id",
  "userSub": "mock-user-sub",
}
[90mstdout[2m | src/stories/root-components.stories.tsx[2m > [22m[2mCommunityUnitCard
[22m[39m[UnitContext] Fetching unit data for id: mock-unit-id
[90mstdout[2m | src/stories/root-components.stories.tsx[2m > [22m[2mCommunityUnitCard
[22m[39m[FilesContext] Initializing vector store from IndexedDB
[90mstdout[2m | src/stories/root-components.stories.tsx[2m > [22m[2mCommunityUnitCard
[22m[39m[FilesContext] fetchFiles called
[90mstdout[2m | src/stories/root-components.stories.tsx[2m > [22m[2mCommunityUnitCard
[22m[39m[FilesContext] User authenticated: mock-user-sub
[90mstdout[2m | src/stories/root-components.stories.tsx[2m > [22m[2mCommunityUnitCard
[22m[39m[FilesContext] Identity ID: us-east-1:mock-identity-123
[90mstdout[2m | src/stories/root-components.stories.tsx[2m > [22m[2mCommunityUnitCard
[22m[39m[FilesContext] About to set up File observeQuery
[90mstdout[2m | src/stories/root-components.stories.tsx[2m > [22m[2mCommunityUnitCard
[22m[39m[ChatContext] Setting up AssistantChat observeQuery
[90mstdout[2m | src/stories/root-components.stories.tsx[2m > [22m[2mCommunityUnitCard
[22m[39m[ChatContext] Waiting for subscription to initialize
[90mstdout[2m | src/stories/root-components.stories.tsx[2m > [22m[2mCommunityUnitCard
[22m[39m[SettingsContext] Setting up Settings subscription for user: mock-user-sub
[90mstdout[2m | src/stories/root-components.stories.tsx[2m > [22m[2mCommunityUnitCard
[22m[39m[Mock Data] Settings created: mock-settings-1790418693047 - notified 0 subscribers
[90mstdout[2m | src/stories/root-components.stories.tsx[2m > [22m[2mCommunityUnitCard
[22m[39m[Mock Data] Unit.onUpdate() subscription added. Total: 1
[90mstdout[2m | src/stories/root-components.stories.tsx[2m > [22m[2mCommunityUnitCard
[22m[39m[SectionContext] Section observeQuery update: 0
[90mstdout[2m | src/stories/root-components.stories.tsx[2m > [22m[2mCommunityUnitCard
[22m[39m[FilesContext] File observeQuery update: 6 files
[90mstdout[2m | src/stories/root-components.stories.tsx[2m > [22m[2mCommunityUnitCard
[22m[39m[ChatContext] AssistantChat initialized with 1 chats
[90mstdout[2m | src/stories/root-components.stories.tsx[2m > [22m[2mCommunityUnitCard
[22m[39m[ChatContext] Setting initial chat: mock-assistant-chat-1
[90mstdout[2m | src/stories/root-components.stories.tsx[2m > [22m[2mCommunityUnitCard
[22m[39m[MOCK CourseVectorStore] Initialized with mock data
[90mstdout[2m | src/stories/root-components.stories.tsx[2m > [22m[2mCommunityUnitCard
[22m[39m[FilesContext] Vector store population triggered {
  "currentVectorStoreSize": 3,
  "documentsCount": 0,
  "filesCount": 6,
  "isInitialLoad": true,
}
[90mstdout[2m | src/stories/root-components.stories.tsx[2m > [22m[2mCommunityUnitCard
[22m[39m[FilesContext] Vector store population complete - 3 total embeddings
[90mstdout[2m | src/stories/root-components.stories.tsx[2m > [22m[2mCommunityUnitCard
[22m[39m[ChatContext] Chat exists and not archived, skipping creation
[90mstdout[2m | src/stories/root-components.stories.tsx[2m > [22m[2mCommunityUnitCard
[22m[39m[Mock Storage] downloadData called with: undefined
[90mstdout[2m | src/stories/root-components.stories.tsx[2m > [22m[2mCommunityUnitCard / Forking
[22m[39m[ChatContext] Cleaning up subscriptions
[90mstdout[2m | src/stories/root-components.stories.tsx[2m > [22m[2mCommunityUnitCard / Forking
[22m[39m[Mock Data] Unit.onUpdate() subscription removed. Remaining: 0
[90mstdout[2m | src/stories/root-components.stories.tsx[2m > [22m[2mCommunityUnitCard / Forking
[22m[39m[MOCK CourseVectorStore] Initialized with mock data
[90mstdout[2m | src/stories/root-components.stories.tsx[2m > [22m[2mCommunityUnitCard / Forking
[22m[39m[TranslationModeController] Setting mode to: off
[90mstdout[2m | src/stories/root-components.stories.tsx[2m > [22m[2mCommunityUnitCard / Forking
[22m[39m[UnitContext] useEffect triggered {
  "authLoading": false,
  "hasUser": true,
  "id": "mock-unit-id",
  "userSub": "mock-user-sub",
}
[90mstdout[2m | src/stories/root-components.stories.tsx[2m > [22m[2mCommunityUnitCard / Forking
[22m[39m[UnitContext] Fetching unit data for id: mock-unit-id
[90mstdout[2m | src/stories/root-components.stories.tsx[2m > [22m[2mCommunityUnitCard / Forking
[22m[39m[FilesContext] Initializing vector store from IndexedDB
[90mstdout[2m | src/stories/root-components.stories.tsx[2m > [22m[2mCommunityUnitCard / Forking
[22m[39m[FilesContext] fetchFiles called
[90mstdout[2m | src/stories/root-components.stories.tsx[2m > [22m[2mCommunityUnitCard / Forking
[22m[39m[FilesContext] User authenticated: mock-user-sub
[90mstdout[2m | src/stories/root-components.stories.tsx[2m > [22m[2mCommunityUnitCard / Forking
[22m[39m[FilesContext] Identity ID: us-east-1:mock-identity-123
[90mstdout[2m | src/stories/root-components.stories.tsx[2m > [22m[2mCommunityUnitCard / Forking
[22m[39m[FilesContext] About to set up File observeQuery
[90mstdout[2m | src/stories/root-components.stories.tsx[2m > [22m[2mCommunityUnitCard / Forking
[22m[39m[ChatContext] Setting up AssistantChat observeQuery
[90mstdout[2m | src/stories/root-components.stories.tsx[2m > [22m[2mCommunityUnitCard / Forking
[22m[39m[ChatContext] Waiting for subscription to initialize
[90mstdout[2m | src/stories/root-components.stories.tsx[2m > [22m[2mCommunityUnitCard / Forking
[22m[39m[SettingsContext] Setting up Settings subscription for user: mock-user-sub
[90mstdout[2m | src/stories/root-components.stories.tsx[2m > [22m[2mCommunityUnitCard / Forking
[22m[39m[Mock Data] Settings created: mock-settings-1790418693161 - notified 0 subscribers
[90mstdout[2m | src/stories/root-components.stories.tsx[2m > [22m[2mCommunityUnitCard / Forking
[22m[39m[Mock Data] Unit.onUpdate() subscription added. Total: 1
[90mstdout[2m | src/stories/root-components.stories.tsx[2m > [22m[2mCommunityUnitCard / Forking
[22m[39m[SectionContext] Section observeQuery update: 0
[90mstdout[2m | src/stories/root-components.stories.tsx[2m > [22m[2mCommunityUnitCard / Forking
[22m[39m[FilesContext] File observeQuery update: 6 files
[90mstdout[2m | src/stories/root-components.stories.tsx[2m > [22m[2mCommunityUnitCard / Forking
[22m[39m[ChatContext] AssistantChat initialized with 1 chats
[90mstdout[2m | src/stories/root-components.stories.tsx[2m > [22m[2mCommunityUnitCard / Forking
[22m[39m[ChatContext] Setting initial chat: mock-assistant-chat-1
[90mstdout[2m | src/stories/root-components.stories.tsx[2m > [22m[2mCommunityUnitCard / Forking
[22m[39m[MOCK CourseVectorStore] Initialized with mock data
[90mstdout[2m | src/stories/root-components.stories.tsx[2m > [22m[2mCommunityUnitCard / Forking
[22m[39m[FilesContext] Vector store population triggered {
  "currentVectorStoreSize": 3,
  "documentsCount": 0,
  "filesCount": 6,
  "isInitialLoad": true,
}
[90mstdout[2m | src/stories/root-components.stories.tsx[2m > [22m[2mCommunityUnitCard / Forking
[22m[39m[FilesContext] Vector store population complete - 3 total embeddings
[90mstdout[2m | src/stories/root-components.stories.tsx[2m > [22m[2mCommunityUnitCard / Forking
[22m[39m[ChatContext] Chat exists and not archived, skipping creation
[90mstdout[2m | src/stories/root-components.stories.tsx[2m > [22m[2mCommunityUnitCard / Forking
[22m[39m[Mock Storage] downloadData called with: undefined
[90mstdout[2m | src/stories/root-components.stories.tsx[2m > [22m[2mLazyCardMedia
[22m[39m[ChatContext] Cleaning up subscriptions
[90mstdout[2m | src/stories/root-components.stories.tsx[2m > [22m[2mLazyCardMedia
[22m[39m[Mock Data] Unit.onUpdate() subscription removed. Remaining: 0
[90mstdout[2m | src/stories/root-components.stories.tsx[2m > [22m[2mLazyCardMedia
[22m[39m[MOCK CourseVectorStore] Initialized with mock data
[90mstdout[2m | src/stories/root-components.stories.tsx[2m > [22m[2mLazyCardMedia
[22m[39m[TranslationModeController] Setting mode to: off
[90mstdout[2m | src/stories/root-components.stories.tsx[2m > [22m[2mLazyCardMedia
[22m[39m[UnitContext] useEffect triggered {
  "authLoading": false,
  "hasUser": true,
  "id": "mock-unit-id",
  "userSub": "mock-user-sub",
}
[90mstdout[2m | src/stories/root-components.stories.tsx[2m > [22m[2mLazyCardMedia
[22m[39m[UnitContext] Fetching unit data for id: mock-unit-id
[90mstdout[2m | src/stories/root-components.stories.tsx[2m > [22m[2mLazyCardMedia
[22m[39m[FilesContext] Initializing vector store from IndexedDB
[90mstdout[2m | src/stories/root-components.stories.tsx[2m > [22m[2mLazyCardMedia
[22m[39m[FilesContext] fetchFiles called
[90mstdout[2m | src/stories/root-components.stories.tsx[2m > [22m[2mLazyCardMedia
[22m[39m[FilesContext] User authenticated: mock-user-sub
[90mstdout[2m | src/stories/root-components.stories.tsx[2m > [22m[2mLazyCardMedia
[22m[39m[FilesContext] Identity ID: us-east-1:mock-identity-123
[90mstdout[2m | src/stories/root-components.stories.tsx[2m > [22m[2mLazyCardMedia
[22m[39m[FilesContext] About to set up File observeQuery
[90mstdout[2m | src/stories/root-components.stories.tsx[2m > [22m[2mLazyCardMedia
[22m[39m[ChatContext] Setting up AssistantChat observeQuery
[90mstdout[2m | src/stories/root-components.stories.tsx[2m > [22m[2mLazyCardMedia
[22m[39m[ChatContext] Waiting for subscription to initialize
[90mstdout[2m | src/stories/root-components.stories.tsx[2m > [22m[2mLazyCardMedia
[22m[39m[SettingsContext] Setting up Settings subscription for user: mock-user-sub
[90mstdout[2m | src/stories/root-components.stories.tsx[2m > [22m[2mLazyCardMedia
[22m[39m[Mock Data] Settings created: mock-settings-1790418693255 - notified 0 subscribers
[90mstdout[2m | src/stories/root-components.stories.tsx[2m > [22m[2mLazyCardMedia
[22m[39m[Mock Data] Unit.onUpdate() subscription added. Total: 1
[90mstdout[2m | src/stories/root-components.stories.tsx[2m > [22m[2mLazyCardMedia
[22m[39m[SectionContext] Section observeQuery update: 0
[90mstdout[2m | src/stories/root-components.stories.tsx[2m > [22m[2mLazyCardMedia
[22m[39m[FilesContext] File observeQuery update: 6 files
[90mstdout[2m | src/stories/root-components.stories.tsx[2m > [22m[2mLazyCardMedia
[22m[39m[ChatContext] AssistantChat initialized with 1 chats
[90mstdout[2m | src/stories/root-components.stories.tsx[2m > [22m[2mLazyCardMedia
[22m[39m[ChatContext] Setting initial chat: mock-assistant-chat-1
[90mstdout[2m | src/stories/root-components.stories.tsx[2m > [22m[2mLazyCardMedia
[22m[39m[MOCK CourseVectorStore] Initialized with mock data
[90mstdout[2m | src/stories/root-components.stories.tsx[2m > [22m[2mLazyCardMedia
[22m[39mMock Cache.getItem called with: getCachedUrl_public/images/sample-thumbnail.jpg
[90mstdout[2m | src/stories/root-components.stories.tsx[2m > [22m[2mLazyCardMedia
[22m[39mMock Cache.getItem called with: getCachedUrl_protected/us-east-1:identity-teacher-1/file-sample-1/small.webp
[90mstdout[2m | src/stories/root-components.stories.tsx[2m > [22m[2mLazyCardMedia
[22m[39mMock Cache.getItem called with: getCachedUrl_protected/us-east-1:identity-teacher-1/file-sample-1/medium.webp
[90mstdout[2m | src/stories/root-components.stories.tsx[2m > [22m[2mLazyCardMedia
[22m[39mMock Cache.getItem called with: getCachedUrl_protected/us-east-1:identity-teacher-1/file-sample-1/large.webp
[90mstdout[2m | src/stories/root-components.stories.tsx[2m > [22m[2mLazyCardMedia
[22m[39m[FilesContext] Vector store population triggered {
  "currentVectorStoreSize": 3,
  "documentsCount": 0,
  "filesCount": 6,
  "isInitialLoad": true,
}
[90mstdout[2m | src/stories/root-components.stories.tsx[2m > [22m[2mLazyCardMedia
[22m[39m[FilesContext] Vector store population complete - 3 total embeddings
[90mstdout[2m | src/stories/root-components.stories.tsx[2m > [22m[2mLazyCardMedia
[22m[39m[ChatContext] Chat exists and not archived, skipping creation
[90mstdout[2m | src/stories/root-components.stories.tsx[2m > [22m[2mLazyCardMedia
[22m[39mMock getUrl called with: public/images/sample-thumbnail.jpg
[90mstdout[2m | src/stories/root-components.stories.tsx[2m > [22m[2mLazyCardMedia
[22m[39mMock getUrl called with: protected/us-east-1:identity-teacher-1/file-sample-1/small.webp
[90mstdout[2m | src/stories/root-components.stories.tsx[2m > [22m[2mLazyCardMedia
[22m[39mMock getUrl called with: protected/us-east-1:identity-teacher-1/file-sample-1/medium.webp
[90mstdout[2m | src/stories/root-components.stories.tsx[2m > [22m[2mLazyCardMedia
[22m[39mMock getUrl called with: protected/us-east-1:identity-teacher-1/file-sample-1/large.webp
[90mstdout[2m | src/stories/root-components.stories.tsx[2m > [22m[2mLazyCardMedia
[22m[39mMock Cache.setItem called with: getCachedUrl_public/images/sample-thumbnail.jpg public/images/sample-thumbnail.jpg
[90mstdout[2m | src/stories/root-components.stories.tsx[2m > [22m[2mLazyCardMedia
[22m[39mMock Cache.setItem called with: getCachedUrl_protected/us-east-1:identity-teacher-1/file-sample-1/small.webp protected/us-east-1:identity-teacher-1/file-sample-1/small.webp
[90mstdout[2m | src/stories/root-components.stories.tsx[2m > [22m[2mLazyCardMedia
[22m[39mMock Cache.setItem called with: getCachedUrl_protected/us-east-1:identity-teacher-1/file-sample-1/medium.webp protected/us-east-1:identity-teacher-1/file-sample-1/medium.webp
[90mstdout[2m | src/stories/root-components.stories.tsx[2m > [22m[2mLazyCardMedia
[22m[39mMock Cache.setItem called with: getCachedUrl_protected/us-east-1:identity-teacher-1/file-sample-1/large.webp protected/us-east-1:identity-teacher-1/file-sample-1/large.webp
[90mstdout[2m | src/stories/root-components.stories.tsx[2m > [22m[2mLazyCardMedia
[22m[39m[Mock Storage] downloadData called with: undefined
[90mstdout[2m | src/stories/root-components.stories.tsx[2m > [22m[2mPrefetchButton
[22m[39m[ChatContext] Cleaning up subscriptions
[90mstdout[2m | src/stories/root-components.stories.tsx[2m > [22m[2mPrefetchButton
[22m[39m[Mock Data] Unit.onUpdate() subscription removed. Remaining: 0
[90mstdout[2m | src/stories/root-components.stories.tsx[2m > [22m[2mPrefetchButton
[22m[39m[MOCK CourseVectorStore] Initialized with mock data
[90mstdout[2m | src/stories/root-components.stories.tsx[2m > [22m[2mPrefetchButton
[22m[39m[TranslationModeController] Setting mode to: off
[90mstdout[2m | src/stories/root-components.stories.tsx[2m > [22m[2mPrefetchButton
[22m[39m[UnitContext] useEffect triggered {
  "authLoading": false,
  "hasUser": true,
  "id": "mock-unit-id",
  "userSub": "mock-user-sub",
}
[90mstdout[2m | src/stories/root-components.stories.tsx[2m > [22m[2mPrefetchButton
[22m[39m[UnitContext] Fetching unit data for id: mock-unit-id
[90mstdout[2m | src/stories/root-components.stories.tsx[2m > [22m[2mPrefetchButton
[22m[39m[FilesContext] Initializing vector store from IndexedDB
[90mstdout[2m | src/stories/root-components.stories.tsx[2m > [22m[2mPrefetchButton
[22m[39m[FilesContext] fetchFiles called
[90mstdout[2m | src/stories/root-components.stories.tsx[2m > [22m[2mPrefetchButton
[22m[39m[FilesContext] User authenticated: mock-user-sub
[90mstdout[2m | src/stories/root-components.stories.tsx[2m > [22m[2mPrefetchButton
[22m[39m[FilesContext] Identity ID: us-east-1:mock-identity-123
[90mstdout[2m | src/stories/root-components.stories.tsx[2m > [22m[2mPrefetchButton
[22m[39m[FilesContext] About to set up File observeQuery
[90mstdout[2m | src/stories/root-components.stories.tsx[2m > [22m[2mPrefetchButton
[22m[39m[ChatContext] Setting up AssistantChat observeQuery
[90mstdout[2m | src/stories/root-components.stories.tsx[2m > [22m[2mPrefetchButton
[22m[39m[ChatContext] Waiting for subscription to initialize
[90mstdout[2m | src/stories/root-components.stories.tsx[2m > [22m[2mPrefetchButton
[22m[39m[SettingsContext] Setting up Settings subscription for user: mock-user-sub
[90mstdout[2m | src/stories/root-components.stories.tsx[2m > [22m[2mPrefetchButton
[22m[39m[Mock Data] Settings created: mock-settings-1790418693391 - notified 0 subscribers
[90mstdout[2m | src/stories/root-components.stories.tsx[2m > [22m[2mPrefetchButton
[22m[39m[Mock Data] Unit.onUpdate() subscription added. Total: 1
[90mstdout[2m | src/stories/root-components.stories.tsx[2m > [22m[2mPrefetchButton
[22m[39m[SectionContext] Section observeQuery update: 0
[90mstdout[2m | src/stories/root-components.stories.tsx[2m > [22m[2mPrefetchButton
[22m[39m[FilesContext] File observeQuery update: 6 files
[90mstdout[2m | src/stories/root-components.stories.tsx[2m > [22m[2mPrefetchButton
[22m[39m[MOCK CourseVectorStore] Initialized with mock data
[90mstdout[2m | src/stories/root-components.stories.tsx[2m > [22m[2mPrefetchButton
[22m[39m[FilesContext] Vector store population triggered {
  "currentVectorStoreSize": 3,
  "documentsCount": 0,
  "filesCount": 6,
  "isInitialLoad": true,
}
[90mstdout[2m | src/stories/root-components.stories.tsx[2m > [22m[2mPrefetchButton
[22m[39m[FilesContext] Vector store population complete - 3 total embeddings
[90mstdout[2m | src/stories/root-components.stories.tsx[2m > [22m[2mPrefetchButton
[22m[39m[ChatContext] AssistantChat initialized with 1 chats
[90mstdout[2m | src/stories/root-components.stories.tsx[2m > [22m[2mPrefetchButton
[22m[39m[ChatContext] Setting initial chat: mock-assistant-chat-1
[90mstdout[2m | src/stories/root-components.stories.tsx[2m > [22m[2mPrefetchButton
[22m[39m[Mock Storage] downloadData called with: undefined
[90mstdout[2m | src/stories/root-components.stories.tsx[2m > [22m[2mPrefetchButton
[22m[39m[ChatContext] Chat exists and not archived, skipping creation
[90mstdout[2m | src/stories/root-components.stories.tsx[2m > [22m[2mPrefetchButton / Outlined
[22m[39m[ChatContext] Cleaning up subscriptions
[90mstdout[2m | src/stories/root-components.stories.tsx[2m > [22m[2mPrefetchButton / Outlined
[22m[39m[Mock Data] Unit.onUpdate() subscription removed. Remaining: 0
[90mstdout[2m | src/stories/root-components.stories.tsx[2m > [22m[2mPrefetchButton / Outlined
[22m[39m[MOCK CourseVectorStore] Initialized with mock data
[90mstdout[2m | src/stories/root-components.stories.tsx[2m > [22m[2mPrefetchButton / Outlined
[22m[39m[TranslationModeController] Setting mode to: off
[90mstdout[2m | src/stories/root-components.stories.tsx[2m > [22m[2mPrefetchButton / Outlined
[22m[39m[UnitContext] useEffect triggered {
  "authLoading": false,
  "hasUser": true,
  "id": "mock-unit-id",
  "userSub": "mock-user-sub",
}
[90mstdout[2m | src/stories/root-components.stories.tsx[2m > [22m[2mPrefetchButton / Outlined
[22m[39m[UnitContext] Fetching unit data for id: mock-unit-id
[90mstdout[2m | src/stories/root-components.stories.tsx[2m > [22m[2mPrefetchButton / Outlined
[22m[39m[FilesContext] Initializing vector store from IndexedDB
[90mstdout[2m | src/stories/root-components.stories.tsx[2m > [22m[2mPrefetchButton / Outlined
[22m[39m[FilesContext] fetchFiles called
[90mstdout[2m | src/stories/root-components.stories.tsx[2m > [22m[2mPrefetchButton / Outlined
[22m[39m[FilesContext] User authenticated: mock-user-sub
[90mstdout[2m | src/stories/root-components.stories.tsx[2m > [22m[2mPrefetchButton / Outlined
[22m[39m[FilesContext] Identity ID: us-east-1:mock-identity-123
[90mstdout[2m | src/stories/root-components.stories.tsx[2m > [22m[2mPrefetchButton / Outlined
[22m[39m[FilesContext] About to set up File observeQuery
[90mstdout[2m | src/stories/root-components.stories.tsx[2m > [22m[2mPrefetchButton / Outlined
[22m[39m[ChatContext] Setting up AssistantChat observeQuery
[90mstdout[2m | src/stories/root-components.stories.tsx[2m > [22m[2mPrefetchButton / Outlined
[22m[39m[ChatContext] Waiting for subscription to initialize
[90mstdout[2m | src/stories/root-components.stories.tsx[2m > [22m[2mPrefetchButton / Outlined
[22m[39m[SettingsContext] Setting up Settings subscription for user: mock-user-sub
[90mstdout[2m | src/stories/root-components.stories.tsx[2m > [22m[2mPrefetchButton / Outlined
[22m[39m[Mock Data] Settings created: mock-settings-1790418693493 - notified 0 subscribers
[90mstdout[2m | src/stories/root-components.stories.tsx[2m > [22m[2mPrefetchButton / Outlined
[22m[39m[Mock Data] Unit.onUpdate() subscription added. Total: 1
[90mstdout[2m | src/stories/root-components.stories.tsx[2m > [22m[2mPrefetchButton / Outlined
[22m[39m[SectionContext] Section observeQuery update: 0
[90mstdout[2m | src/stories/root-components.stories.tsx[2m > [22m[2mPrefetchButton / Outlined
[22m[39m[FilesContext] File observeQuery update: 6 files
[90mstdout[2m | src/stories/root-components.stories.tsx[2m > [22m[2mPrefetchButton / Outlined
[22m[39m[ChatContext] AssistantChat initialized with 1 chats
[90mstdout[2m | src/stories/root-components.stories.tsx[2m > [22m[2mPrefetchButton / Outlined
[22m[39m[ChatContext] Setting initial chat: mock-assistant-chat-1
[90mstdout[2m | src/stories/root-components.stories.tsx[2m > [22m[2mPrefetchButton / Outlined
[22m[39m[MOCK CourseVectorStore] Initialized with mock data
[90mstdout[2m | src/stories/root-components.stories.tsx[2m > [22m[2mPrefetchButton / Outlined
[22m[39m[FilesContext] Vector store population triggered {
  "currentVectorStoreSize": 3,
  "documentsCount": 0,
  "filesCount": 6,
  "isInitialLoad": true,
}
[90mstdout[2m | src/stories/root-components.stories.tsx[2m > [22m[2mPrefetchButton / Outlined
[22m[39m[FilesContext] Vector store population complete - 3 total embeddings
[90mstdout[2m | src/stories/root-components.stories.tsx[2m > [22m[2mPrefetchButton / Outlined
[22m[39m[ChatContext] Chat exists and not archived, skipping creation
[90mstdout[2m | src/stories/root-components.stories.tsx[2m > [22m[2mPrefetchButton / Outlined
[22m[39m[Mock Storage] downloadData called with: undefined
[90mstdout[2m | src/stories/root-components.stories.tsx[2m > [22m[2mSharedUnitCard / Edit Permission
[22m[39m[ChatContext] Cleaning up subscriptions
[90mstdout[2m | src/stories/root-components.stories.tsx[2m > [22m[2mSharedUnitCard / Edit Permission
[22m[39m[Mock Data] Unit.onUpdate() subscription removed. Remaining: 0
[90mstdout[2m | src/stories/root-components.stories.tsx[2m > [22m[2mSharedUnitCard / Edit Permission
[22m[39m[MOCK CourseVectorStore] Initialized with mock data
[90mstdout[2m | src/stories/root-components.stories.tsx[2m > [22m[2mSharedUnitCard / Edit Permission
[22m[39m[TranslationModeController] Setting mode to: off
[90mstdout[2m | src/stories/root-components.stories.tsx[2m > [22m[2mSharedUnitCard / Edit Permission
[22m[39m[UnitContext] useEffect triggered {
  "authLoading": false,
  "hasUser": true,
  "id": "mock-unit-id",
  "userSub": "mock-user-sub",
}
[90mstdout[2m | src/stories/root-components.stories.tsx[2m > [22m[2mSharedUnitCard / Edit Permission
[22m[39m[UnitContext] Fetching unit data for id: mock-unit-id
[90mstdout[2m | src/stories/root-components.stories.tsx[2m > [22m[2mSharedUnitCard / Edit Permission
[22m[39m[FilesContext] Initializing vector store from IndexedDB
[90mstdout[2m | src/stories/root-components.stories.tsx[2m > [22m[2mSharedUnitCard / Edit Permission
[22m[39m[FilesContext] fetchFiles called
[90mstdout[2m | src/stories/root-components.stories.tsx[2m > [22m[2mSharedUnitCard / Edit Permission
[22m[39m[FilesContext] User authenticated: mock-user-sub
[90mstdout[2m | src/stories/root-components.stories.tsx[2m > [22m[2mSharedUnitCard / Edit Permission
[22m[39m[FilesContext] Identity ID: us-east-1:mock-identity-123
[90mstdout[2m | src/stories/root-components.stories.tsx[2m > [22m[2mSharedUnitCard / Edit Permission
[22m[39m[FilesContext] About to set up File observeQuery
[90mstdout[2m | src/stories/root-components.stories.tsx[2m > [22m[2mSharedUnitCard / Edit Permission
[22m[39m[ChatContext] Setting up AssistantChat observeQuery
[90mstdout[2m | src/stories/root-components.stories.tsx[2m > [22m[2mSharedUnitCard / Edit Permission
[22m[39m[ChatContext] Waiting for subscription to initialize
[90mstdout[2m | src/stories/root-components.stories.tsx[2m > [22m[2mSharedUnitCard / Edit Permission
[22m[39m[SettingsContext] Setting up Settings subscription for user: mock-user-sub
[90mstdout[2m | src/stories/root-components.stories.tsx[2m > [22m[2mSharedUnitCard / Edit Permission
[22m[39m[Mock Data] Settings created: mock-settings-1790418693595 - notified 0 subscribers
[90mstdout[2m | src/stories/root-components.stories.tsx[2m > [22m[2mSharedUnitCard / Edit Permission
[22m[39m[Mock Data] Unit.onUpdate() subscription added. Total: 1
[90mstdout[2m | src/stories/root-components.stories.tsx[2m > [22m[2mSharedUnitCard / Edit Permission
[22m[39m[SectionContext] Section observeQuery update: 0
[90mstdout[2m | src/stories/root-components.stories.tsx[2m > [22m[2mSharedUnitCard / Edit Permission
[22m[39m[FilesContext] File observeQuery update: 6 files
[90mstdout[2m | src/stories/root-components.stories.tsx[2m > [22m[2mSharedUnitCard / Edit Permission
[22m[39m[ChatContext] AssistantChat initialized with 1 chats
[90mstdout[2m | src/stories/root-components.stories.tsx[2m > [22m[2mSharedUnitCard / Edit Permission
[22m[39m[ChatContext] Setting initial chat: mock-assistant-chat-1
[90mstdout[2m | src/stories/root-components.stories.tsx[2m > [22m[2mSharedUnitCard / Edit Permission
[22m[39m[MOCK CourseVectorStore] Initialized with mock data
[90mstdout[2m | src/stories/root-components.stories.tsx[2m > [22m[2mSharedUnitCard / Edit Permission
[22m[39m[FilesContext] Vector store population triggered {
  "currentVectorStoreSize": 3,
  "documentsCount": 0,
  "filesCount": 6,
  "isInitialLoad": true,
}
[90mstdout[2m | src/stories/root-components.stories.tsx[2m > [22m[2mSharedUnitCard / Edit Permission
[22m[39m[FilesContext] Vector store population complete - 3 total embeddings
[90mstdout[2m | src/stories/root-components.stories.tsx[2m > [22m[2mSharedUnitCard / Edit Permission
[22m[39m[ChatContext] Chat exists and not archived, skipping creation
[90mstdout[2m | src/stories/root-components.stories.tsx[2m > [22m[2mSharedUnitCard / Edit Permission
[22m[39m[Mock Storage] downloadData called with: undefined
[90mstdout[2m | src/stories/root-components.stories.tsx[2m > [22m[2mSharedUnitCard / Read-Only
[22m[39m[ChatContext] Cleaning up subscriptions
[90mstdout[2m | src/stories/root-components.stories.tsx[2m > [22m[2mSharedUnitCard / Read-Only
[22m[39m[Mock Data] Unit.onUpdate() subscription removed. Remaining: 0
[90mstdout[2m | src/stories/root-components.stories.tsx[2m > [22m[2mSharedUnitCard / Read-Only
[22m[39m[MOCK CourseVectorStore] Initialized with mock data
[90mstdout[2m | src/stories/root-components.stories.tsx[2m > [22m[2mSharedUnitCard / Read-Only
[22m[39m[TranslationModeController] Setting mode to: off
[90mstdout[2m | src/stories/root-components.stories.tsx[2m > [22m[2mSharedUnitCard / Read-Only
[22m[39m[UnitContext] useEffect triggered {
  "authLoading": false,
  "hasUser": true,
  "id": "mock-unit-id",
  "userSub": "mock-user-sub",
}
[90mstdout[2m | src/stories/root-components.stories.tsx[2m > [22m[2mSharedUnitCard / Read-Only
[22m[39m[UnitContext] Fetching unit data for id: mock-unit-id
[90mstdout[2m | src/stories/root-components.stories.tsx[2m > [22m[2mSharedUnitCard / Read-Only
[22m[39m[FilesContext] Initializing vector store from IndexedDB
[90mstdout[2m | src/stories/root-components.stories.tsx[2m > [22m[2mSharedUnitCard / Read-Only
[22m[39m[FilesContext] fetchFiles called
[90mstdout[2m | src/stories/root-components.stories.tsx[2m > [22m[2mSharedUnitCard / Read-Only
[22m[39m[FilesContext] User authenticated: mock-user-sub
[90mstdout[2m | src/stories/root-components.stories.tsx[2m > [22m[2mSharedUnitCard / Read-Only
[22m[39m[FilesContext] Identity ID: us-east-1:mock-identity-123
[90mstdout[2m | src/stories/root-components.stories.tsx[2m > [22m[2mSharedUnitCard / Read-Only
[22m[39m[FilesContext] About to set up File observeQuery
[90mstdout[2m | src/stories/root-components.stories.tsx[2m > [22m[2mSharedUnitCard / Read-Only
[22m[39m[ChatContext] Setting up AssistantChat observeQuery
[90mstdout[2m | src/stories/root-components.stories.tsx[2m > [22m[2mSharedUnitCard / Read-Only
[22m[39m[ChatContext] Waiting for subscription to initialize
[90mstdout[2m | src/stories/root-components.stories.tsx[2m > [22m[2mSharedUnitCard / Read-Only
[22m[39m[SettingsContext] Setting up Settings subscription for user: mock-user-sub
[90mstdout[2m | src/stories/root-components.stories.tsx[2m > [22m[2mSharedUnitCard / Read-Only
[22m[39m[Mock Data] Settings created: mock-settings-1790418693709 - notified 0 subscribers
[90mstdout[2m | src/stories/root-components.stories.tsx[2m > [22m[2mSharedUnitCard / Read-Only
[22m[39m[Mock Data] Unit.onUpdate() subscription added. Total: 1
[90mstdout[2m | src/stories/root-components.stories.tsx[2m > [22m[2mSharedUnitCard / Read-Only
[22m[39m[SectionContext] Section observeQuery update: 0
[90mstdout[2m | src/stories/root-components.stories.tsx[2m > [22m[2mSharedUnitCard / Read-Only
[22m[39m[FilesContext] File observeQuery update: 6 files
[90mstdout[2m | src/stories/root-components.stories.tsx[2m > [22m[2mSharedUnitCard / Read-Only
[22m[39m[ChatContext] AssistantChat initialized with 1 chats
[90mstdout[2m | src/stories/root-components.stories.tsx[2m > [22m[2mSharedUnitCard / Read-Only
[22m[39m[ChatContext] Setting initial chat: mock-assistant-chat-1
[90mstdout[2m | src/stories/root-components.stories.tsx[2m > [22m[2mSharedUnitCard / Read-Only
[22m[39m[MOCK CourseVectorStore] Initialized with mock data
[90mstdout[2m | src/stories/root-components.stories.tsx[2m > [22m[2mSharedUnitCard / Read-Only
[22m[39m[FilesContext] Vector store population triggered {
  "currentVectorStoreSize": 3,
  "documentsCount": 0,
  "filesCount": 6,
  "isInitialLoad": true,
}
[90mstdout[2m | src/stories/root-components.stories.tsx[2m > [22m[2mSharedUnitCard / Read-Only
[22m[39m[FilesContext] Vector store population complete - 3 total embeddings
[90mstdout[2m | src/stories/root-components.stories.tsx[2m > [22m[2mSharedUnitCard / Read-Only
[22m[39m[ChatContext] Chat exists and not archived, skipping creation
[90mstdout[2m | src/stories/root-components.stories.tsx[2m > [22m[2mSharedUnitCard / Read-Only
[22m[39m[Mock Storage] downloadData called with: undefined
[90mstdout[2m | src/stories/root-components.stories.tsx[2m > [22m[2mShowDeletedToggle / Off
[22m[39m[ChatContext] Cleaning up subscriptions
[90mstdout[2m | src/stories/root-components.stories.tsx[2m > [22m[2mShowDeletedToggle / Off
[22m[39m[Mock Data] Unit.onUpdate() subscription removed. Remaining: 0
[90mstdout[2m | src/stories/root-components.stories.tsx[2m > [22m[2mShowDeletedToggle / Off
[22m[39m[MOCK CourseVectorStore] Initialized with mock data
[90mstdout[2m | src/stories/root-components.stories.tsx[2m > [22m[2mShowDeletedToggle / Off
[22m[39m[TranslationModeController] Setting mode to: off
[90mstdout[2m | src/stories/root-components.stories.tsx[2m > [22m[2mShowDeletedToggle / Off
[22m[39m[UnitContext] useEffect triggered {
  "authLoading": false,
  "hasUser": true,
  "id": "mock-unit-id",
  "userSub": "mock-user-sub",
}
[90mstdout[2m | src/stories/root-components.stories.tsx[2m > [22m[2mShowDeletedToggle / Off
[22m[39m[UnitContext] Fetching unit data for id: mock-unit-id
[90mstdout[2m | src/stories/root-components.stories.tsx[2m > [22m[2mShowDeletedToggle / Off
[22m[39m[FilesContext] Initializing vector store from IndexedDB
[90mstdout[2m | src/stories/root-components.stories.tsx[2m > [22m[2mShowDeletedToggle / Off
[22m[39m[FilesContext] fetchFiles called
[90mstdout[2m | src/stories/root-components.stories.tsx[2m > [22m[2mShowDeletedToggle / Off
[22m[39m[FilesContext] User authenticated: mock-user-sub
[90mstdout[2m | src/stories/root-components.stories.tsx[2m > [22m[2mShowDeletedToggle / Off
[22m[39m[FilesContext] Identity ID: us-east-1:mock-identity-123
[90mstdout[2m | src/stories/root-components.stories.tsx[2m > [22m[2mShowDeletedToggle / Off
[22m[39m[FilesContext] About to set up File observeQuery
[90mstdout[2m | src/stories/root-components.stories.tsx[2m > [22m[2mShowDeletedToggle / Off
[22m[39m[ChatContext] Setting up AssistantChat observeQuery
[90mstdout[2m | src/stories/root-components.stories.tsx[2m > [22m[2mShowDeletedToggle / Off
[22m[39m[ChatContext] Waiting for subscription to initialize
[90mstdout[2m | src/stories/root-components.stories.tsx[2m > [22m[2mShowDeletedToggle / Off
[22m[39m[SettingsContext] Setting up Settings subscription for user: mock-user-sub
[90mstdout[2m | src/stories/root-components.stories.tsx[2m > [22m[2mShowDeletedToggle / Off
[22m[39m[Mock Data] Settings created: mock-settings-1790418693819 - notified 0 subscribers
[90mstdout[2m | src/stories/root-components.stories.tsx[2m > [22m[2mShowDeletedToggle / Off
[22m[39m[Mock Data] Unit.onUpdate() subscription added. Total: 1
[90mstdout[2m | src/stories/root-components.stories.tsx[2m > [22m[2mShowDeletedToggle / Off
[22m[39m[SectionContext] Section observeQuery update: 0
[90mstdout[2m | src/stories/root-components.stories.tsx[2m > [22m[2mShowDeletedToggle / Off
[22m[39m[FilesContext] File observeQuery update: 6 files
[90mstdout[2m | src/stories/root-components.stories.tsx[2m > [22m[2mShowDeletedToggle / Off
[22m[39m[ChatContext] AssistantChat initialized with 1 chats
[90mstdout[2m | src/stories/root-components.stories.tsx[2m > [22m[2mShowDeletedToggle / Off
[22m[39m[ChatContext] Setting initial chat: mock-assistant-chat-1
[90mstdout[2m | src/stories/root-components.stories.tsx[2m > [22m[2mShowDeletedToggle / Off
[22m[39m[Mock Storage] downloadData called with: undefined
[90mstdout[2m | src/stories/root-components.stories.tsx[2m > [22m[2mShowDeletedToggle / Off
[22m[39m[MOCK CourseVectorStore] Initialized with mock data
[90mstdout[2m | src/stories/root-components.stories.tsx[2m > [22m[2mShowDeletedToggle / Off
[22m[39m[FilesContext] Vector store population triggered {
  "currentVectorStoreSize": 3,
  "documentsCount": 0,
  "filesCount": 6,
  "isInitialLoad": true,
}
[90mstdout[2m | src/stories/root-components.stories.tsx[2m > [22m[2mShowDeletedToggle / Off
[22m[39m[FilesContext] Vector store population complete - 3 total embeddings
[90mstdout[2m | src/stories/root-components.stories.tsx[2m > [22m[2mShowDeletedToggle / Off
[22m[39m[ChatContext] Chat exists and not archived, skipping creation
[90mstdout[2m | src/stories/root-components.stories.tsx[2m > [22m[2mShowDeletedToggle / On
[22m[39m[ChatContext] Cleaning up subscriptions
[90mstdout[2m | src/stories/root-components.stories.tsx[2m > [22m[2mShowDeletedToggle / On
[22m[39m[Mock Data] Unit.onUpdate() subscription removed. Remaining: 0
[90mstdout[2m | src/stories/root-components.stories.tsx[2m > [22m[2mShowDeletedToggle / On
[22m[39m[MOCK CourseVectorStore] Initialized with mock data
[90mstdout[2m | src/stories/root-components.stories.tsx[2m > [22m[2mShowDeletedToggle / On
[22m[39m[TranslationModeController] Setting mode to: off
[90mstdout[2m | src/stories/root-components.stories.tsx[2m > [22m[2mShowDeletedToggle / On
[22m[39m[UnitContext] useEffect triggered {
  "authLoading": false,
  "hasUser": true,
  "id": "mock-unit-id",
  "userSub": "mock-user-sub",
}
[90mstdout[2m | src/stories/root-components.stories.tsx[2m > [22m[2mShowDeletedToggle / On
[22m[39m[UnitContext] Fetching unit data for id: mock-unit-id
[90mstdout[2m | src/stories/root-components.stories.tsx[2m > [22m[2mShowDeletedToggle / On
[22m[39m[FilesContext] Initializing vector store from IndexedDB
[90mstdout[2m | src/stories/root-components.stories.tsx[2m > [22m[2mShowDeletedToggle / On
[22m[39m[FilesContext] fetchFiles called
[90mstdout[2m | src/stories/root-components.stories.tsx[2m > [22m[2mShowDeletedToggle / On
[22m[39m[FilesContext] User authenticated: mock-user-sub
[90mstdout[2m | src/stories/root-components.stories.tsx[2m > [22m[2mShowDeletedToggle / On
[22m[39m[FilesContext] Identity ID: us-east-1:mock-identity-123
[90mstdout[2m | src/stories/root-components.stories.tsx[2m > [22m[2mShowDeletedToggle / On
[22m[39m[FilesContext] About to set up File observeQuery
[90mstdout[2m | src/stories/root-components.stories.tsx[2m > [22m[2mShowDeletedToggle / On
[22m[39m[ChatContext] Setting up AssistantChat observeQuery
[90mstdout[2m | src/stories/root-components.stories.tsx[2m > [22m[2mShowDeletedToggle / On
[22m[39m[ChatContext] Waiting for subscription to initialize
[90mstdout[2m | src/stories/root-components.stories.tsx[2m > [22m[2mShowDeletedToggle / On
[22m[39m[SettingsContext] Setting up Settings subscription for user: mock-user-sub
[90mstdout[2m | src/stories/root-components.stories.tsx[2m > [22m[2mShowDeletedToggle / On
[22m[39m[Mock Data] Settings created: mock-settings-1790418693913 - notified 0 subscribers
[90mstdout[2m | src/stories/root-components.stories.tsx[2m > [22m[2mShowDeletedToggle / On
[22m[39m[Mock Data] Unit.onUpdate() subscription added. Total: 1
[90mstdout[2m | src/stories/root-components.stories.tsx[2m > [22m[2mShowDeletedToggle / On
[22m[39m[SectionContext] Section observeQuery update: 0
[90mstdout[2m | src/stories/root-components.stories.tsx[2m > [22m[2mShowDeletedToggle / On
[22m[39m[FilesContext] File observeQuery update: 6 files
[90mstdout[2m | src/stories/root-components.stories.tsx[2m > [22m[2mShowDeletedToggle / On
[22m[39m[ChatContext] AssistantChat initialized with 1 chats
[90mstdout[2m | src/stories/root-components.stories.tsx[2m > [22m[2mShowDeletedToggle / On
[22m[39m[ChatContext] Setting initial chat: mock-assistant-chat-1
[90mstdout[2m | src/stories/root-components.stories.tsx[2m > [22m[2mShowDeletedToggle / On
[22m[39m[Mock Storage] downloadData called with: undefined
[90mstdout[2m | src/stories/root-components.stories.tsx[2m > [22m[2mShowDeletedToggle / On
[22m[39m[MOCK CourseVectorStore] Initialized with mock data
[90mstdout[2m | src/stories/root-components.stories.tsx[2m > [22m[2mShowDeletedToggle / On
[22m[39m[FilesContext] Vector store population triggered {
  "currentVectorStoreSize": 3,
  "documentsCount": 0,
  "filesCount": 6,
  "isInitialLoad": true,
}
[90mstdout[2m | src/stories/root-components.stories.tsx[2m > [22m[2mShowDeletedToggle / On
[22m[39m[FilesContext] Vector store population complete - 3 total embeddings
[90mstdout[2m | src/stories/root-components.stories.tsx[2m > [22m[2mShowDeletedToggle / On
[22m[39m[ChatContext] Chat exists and not archived, skipping creation
[90mstdout[2m | src/stories/root-components.stories.tsx[2m > [22m[2mToolbarScrollButton / Left
[22m[39m[ChatContext] Cleaning up subscriptions
[90mstdout[2m | src/stories/root-components.stories.tsx[2m > [22m[2mToolbarScrollButton / Left
[22m[39m[Mock Data] Unit.onUpdate() subscription removed. Remaining: 0
[90mstdout[2m | src/stories/root-components.stories.tsx[2m > [22m[2mToolbarScrollButton / Left
[22m[39m[MOCK CourseVectorStore] Initialized with mock data
[90mstdout[2m | src/stories/root-components.stories.tsx[2m > [22m[2mToolbarScrollButton / Left
[22m[39m[TranslationModeController] Setting mode to: off
[90mstdout[2m | src/stories/root-components.stories.tsx[2m > [22m[2mToolbarScrollButton / Left
[22m[39m[UnitContext] useEffect triggered {
  "authLoading": false,
  "hasUser": true,
  "id": "mock-unit-id",
  "userSub": "mock-user-sub",
}
[90mstdout[2m | src/stories/root-components.stories.tsx[2m > [22m[2mToolbarScrollButton / Left
[22m[39m[UnitContext] Fetching unit data for id: mock-unit-id
[90mstdout[2m | src/stories/root-components.stories.tsx[2m > [22m[2mToolbarScrollButton / Left
[22m[39m[FilesContext] Initializing vector store from IndexedDB
[90mstdout[2m | src/stories/root-components.stories.tsx[2m > [22m[2mToolbarScrollButton / Left
[22m[39m[FilesContext] fetchFiles called
[90mstdout[2m | src/stories/root-components.stories.tsx[2m > [22m[2mToolbarScrollButton / Left
[22m[39m[FilesContext] User authenticated: mock-user-sub
[90mstdout[2m | src/stories/root-components.stories.tsx[2m > [22m[2mToolbarScrollButton / Left
[22m[39m[FilesContext] Identity ID: us-east-1:mock-identity-123
[90mstdout[2m | src/stories/root-components.stories.tsx[2m > [22m[2mToolbarScrollButton / Left
[22m[39m[FilesContext] About to set up File observeQuery
[90mstdout[2m | src/stories/root-components.stories.tsx[2m > [22m[2mToolbarScrollButton / Left
[22m[39m[ChatContext] Setting up AssistantChat observeQuery
[90mstdout[2m | src/stories/root-components.stories.tsx[2m > [22m[2mToolbarScrollButton / Left
[22m[39m[ChatContext] Waiting for subscription to initialize
[90mstdout[2m | src/stories/root-components.stories.tsx[2m > [22m[2mToolbarScrollButton / Left
[22m[39m[SettingsContext] Setting up Settings subscription for user: mock-user-sub
[90mstdout[2m | src/stories/root-components.stories.tsx[2m > [22m[2mToolbarScrollButton / Left
[22m[39m[Mock Data] Settings created: mock-settings-1790418694009 - notified 0 subscribers
[90mstdout[2m | src/stories/root-components.stories.tsx[2m > [22m[2mToolbarScrollButton / Left
[22m[39m[Mock Data] Unit.onUpdate() subscription added. Total: 1
[90mstdout[2m | src/stories/root-components.stories.tsx[2m > [22m[2mToolbarScrollButton / Left
[22m[39m[SectionContext] Section observeQuery update: 0
[90mstdout[2m | src/stories/root-components.stories.tsx[2m > [22m[2mToolbarScrollButton / Left
[22m[39m[FilesContext] File observeQuery update: 6 files
[90mstdout[2m | src/stories/root-components.stories.tsx[2m > [22m[2mToolbarScrollButton / Left
[22m[39m[ChatContext] AssistantChat initialized with 1 chats
[90mstdout[2m | src/stories/root-components.stories.tsx[2m > [22m[2mToolbarScrollButton / Left
[22m[39m[ChatContext] Setting initial chat: mock-assistant-chat-1
[90mstdout[2m | src/stories/root-components.stories.tsx[2m > [22m[2mToolbarScrollButton / Left
[22m[39m[Mock Storage] downloadData called with: undefined
[90mstdout[2m | src/stories/root-components.stories.tsx[2m > [22m[2mToolbarScrollButton / Left
[22m[39m[MOCK CourseVectorStore] Initialized with mock data
[90mstdout[2m | src/stories/root-components.stories.tsx[2m > [22m[2mToolbarScrollButton / Left
[22m[39m[FilesContext] Vector store population triggered {
  "currentVectorStoreSize": 3,
  "documentsCount": 0,
  "filesCount": 6,
  "isInitialLoad": true,
}
[90mstdout[2m | src/stories/root-components.stories.tsx[2m > [22m[2mToolbarScrollButton / Left
[22m[39m[FilesContext] Vector store population complete - 3 total embeddings
[90mstdout[2m | src/stories/root-components.stories.tsx[2m > [22m[2mToolbarScrollButton / Left
[22m[39m[ChatContext] Chat exists and not archived, skipping creation
[90mstdout[2m | src/stories/root-components.stories.tsx[2m > [22m[2mToolbarScrollButton / Right
[22m[39m[ChatContext] Cleaning up subscriptions
[90mstdout[2m | src/stories/root-components.stories.tsx[2m > [22m[2mToolbarScrollButton / Right
[22m[39m[Mock Data] Unit.onUpdate() subscription removed. Remaining: 0
[90mstdout[2m | src/stories/root-components.stories.tsx[2m > [22m[2mToolbarScrollButton / Right
[22m[39m[MOCK CourseVectorStore] Initialized with mock data
[90mstdout[2m | src/stories/root-components.stories.tsx[2m > [22m[2mToolbarScrollButton / Right
[22m[39m[TranslationModeController] Setting mode to: off
[90mstdout[2m | src/stories/root-components.stories.tsx[2m > [22m[2mToolbarScrollButton / Right
[22m[39m[UnitContext] useEffect triggered {
  "authLoading": false,
  "hasUser": true,
  "id": "mock-unit-id",
  "userSub": "mock-user-sub",
}
[90mstdout[2m | src/stories/root-components.stories.tsx[2m > [22m[2mToolbarScrollButton / Right
[22m[39m[UnitContext] Fetching unit data for id: mock-unit-id
[90mstdout[2m | src/stories/root-components.stories.tsx[2m > [22m[2mToolbarScrollButton / Right
[22m[39m[FilesContext] Initializing vector store from IndexedDB
[90mstdout[2m | src/stories/root-components.stories.tsx[2m > [22m[2mToolbarScrollButton / Right
[22m[39m[FilesContext] fetchFiles called
[90mstdout[2m | src/stories/root-components.stories.tsx[2m > [22m[2mToolbarScrollButton / Right
[22m[39m[FilesContext] User authenticated: mock-user-sub
[90mstdout[2m | src/stories/root-components.stories.tsx[2m > [22m[2mToolbarScrollButton / Right
[22m[39m[FilesContext] Identity ID: us-east-1:mock-identity-123
[90mstdout[2m | src/stories/root-components.stories.tsx[2m > [22m[2mToolbarScrollButton / Right
[22m[39m[FilesContext] About to set up File observeQuery
[90mstdout[2m | src/stories/root-components.stories.tsx[2m > [22m[2mToolbarScrollButton / Right
[22m[39m[ChatContext] Setting up AssistantChat observeQuery
[90mstdout[2m | src/stories/root-components.stories.tsx[2m > [22m[2mToolbarScrollButton / Right
[22m[39m[ChatContext] Waiting for subscription to initialize
[90mstdout[2m | src/stories/root-components.stories.tsx[2m > [22m[2mToolbarScrollButton / Right
[22m[39m[SettingsContext] Setting up Settings subscription for user: mock-user-sub
[90mstdout[2m | src/stories/root-components.stories.tsx[2m > [22m[2mToolbarScrollButton / Right
[22m[39m[Mock Data] Settings created: mock-settings-1790418694101 - notified 0 subscribers
[90mstdout[2m | src/stories/root-components.stories.tsx[2m > [22m[2mToolbarScrollButton / Right
[22m[39m[Mock Data] Unit.onUpdate() subscription added. Total: 1
[90mstdout[2m | src/stories/root-components.stories.tsx[2m > [22m[2mToolbarScrollButton / Right
[22m[39m[SectionContext] Section observeQuery update: 0
[90mstdout[2m | src/stories/root-components.stories.tsx[2m > [22m[2mToolbarScrollButton / Right
[22m[39m[FilesContext] File observeQuery update: 6 files
[90mstdout[2m | src/stories/root-components.stories.tsx[2m > [22m[2mToolbarScrollButton / Right
[22m[39m[ChatContext] AssistantChat initialized with 1 chats
[90mstdout[2m | src/stories/root-components.stories.tsx[2m > [22m[2mToolbarScrollButton / Right
[22m[39m[ChatContext] Setting initial chat: mock-assistant-chat-1
[90mstdout[2m | src/stories/root-components.stories.tsx[2m > [22m[2mToolbarScrollButton / Right
[22m[39m[MOCK CourseVectorStore] Initialized with mock data
[90mstdout[2m | src/stories/root-components.stories.tsx[2m > [22m[2mToolbarScrollButton / Right
[22m[39m[FilesContext] Vector store population triggered {
  "currentVectorStoreSize": 3,
  "documentsCount": 0,
  "filesCount": 6,
  "isInitialLoad": true,
}
[90mstdout[2m | src/stories/root-components.stories.tsx[2m > [22m[2mToolbarScrollButton / Right
[22m[39m[FilesContext] Vector store population complete - 3 total embeddings
[90mstdout[2m | src/stories/root-components.stories.tsx[2m > [22m[2mToolbarScrollButton / Right
[22m[39m[ChatContext] Chat exists and not archived, skipping creation
[90mstdout[2m | src/stories/root-components.stories.tsx[2m > [22m[2mToolbarScrollButton / Right
[22m[39m[Mock Storage] downloadData called with: undefined
[90mstdout[2m | src/stories/root-components.stories.tsx[2m > [22m[2mToolbarScrollButton / Disabled
[22m[39m[ChatContext] Cleaning up subscriptions
[90mstdout[2m | src/stories/root-components.stories.tsx[2m > [22m[2mToolbarScrollButton / Disabled
[22m[39m[Mock Data] Unit.onUpdate() subscription removed. Remaining: 0
[90mstdout[2m | src/stories/root-components.stories.tsx[2m > [22m[2mToolbarScrollButton / Disabled
[22m[39m[MOCK CourseVectorStore] Initialized with mock data
[90mstdout[2m | src/stories/root-components.stories.tsx[2m > [22m[2mToolbarScrollButton / Disabled
[22m[39m[TranslationModeController] Setting mode to: off
[90mstdout[2m | src/stories/root-components.stories.tsx[2m > [22m[2mToolbarScrollButton / Disabled
[22m[39m[UnitContext] useEffect triggered {
  "authLoading": false,
  "hasUser": true,
  "id": "mock-unit-id",
  "userSub": "mock-user-sub",
}
[90mstdout[2m | src/stories/root-components.stories.tsx[2m > [22m[2mToolbarScrollButton / Disabled
[22m[39m[UnitContext] Fetching unit data for id: mock-unit-id
[90mstdout[2m | src/stories/root-components.stories.tsx[2m > [22m[2mToolbarScrollButton / Disabled
[22m[39m[FilesContext] Initializing vector store from IndexedDB
[90mstdout[2m | src/stories/root-components.stories.tsx[2m > [22m[2mToolbarScrollButton / Disabled
[22m[39m[FilesContext] fetchFiles called
[90mstdout[2m | src/stories/root-components.stories.tsx[2m > [22m[2mToolbarScrollButton / Disabled
[22m[39m[FilesContext] User authenticated: mock-user-sub
[90mstdout[2m | src/stories/root-components.stories.tsx[2m > [22m[2mToolbarScrollButton / Disabled
[22m[39m[FilesContext] Identity ID: us-east-1:mock-identity-123
[90mstdout[2m | src/stories/root-components.stories.tsx[2m > [22m[2mToolbarScrollButton / Disabled
[22m[39m[FilesContext] About to set up File observeQuery
[90mstdout[2m | src/stories/root-components.stories.tsx[2m > [22m[2mToolbarScrollButton / Disabled
[22m[39m[ChatContext] Setting up AssistantChat observeQuery
[90mstdout[2m | src/stories/root-components.stories.tsx[2m > [22m[2mToolbarScrollButton / Disabled
[22m[39m[ChatContext] Waiting for subscription to initialize
[90mstdout[2m | src/stories/root-components.stories.tsx[2m > [22m[2mToolbarScrollButton / Disabled
[22m[39m[SettingsContext] Setting up Settings subscription for user: mock-user-sub
[90mstdout[2m | src/stories/root-components.stories.tsx[2m > [22m[2mToolbarScrollButton / Disabled
[22m[39m[Mock Data] Settings created: mock-settings-1790418694189 - notified 0 subscribers
[90mstdout[2m | src/stories/root-components.stories.tsx[2m > [22m[2mToolbarScrollButton / Disabled
[22m[39m[Mock Data] Unit.onUpdate() subscription added. Total: 1
[90mstdout[2m | src/stories/root-components.stories.tsx[2m > [22m[2mToolbarScrollButton / Disabled
[22m[39m[SectionContext] Section observeQuery update: 0
[90mstdout[2m | src/stories/root-components.stories.tsx[2m > [22m[2mToolbarScrollButton / Disabled
[22m[39m[Mock Storage] downloadData called with: undefined
[90mstdout[2m | src/stories/root-components.stories.tsx[2m > [22m[2mToolbarScrollButton / Disabled
[22m[39m[FilesContext] File observeQuery update: 6 files
[90mstdout[2m | src/stories/root-components.stories.tsx[2m > [22m[2mToolbarScrollButton / Disabled
[22m[39m[ChatContext] AssistantChat initialized with 1 chats
[90mstdout[2m | src/stories/root-components.stories.tsx[2m > [22m[2mToolbarScrollButton / Disabled
[22m[39m[ChatContext] Setting initial chat: mock-assistant-chat-1
[90mstdout[2m | src/stories/root-components.stories.tsx[2m > [22m[2mToolbarScrollButton / Disabled
[22m[39m[MOCK CourseVectorStore] Initialized with mock data
[90mstdout[2m | src/stories/root-components.stories.tsx[2m > [22m[2mToolbarScrollButton / Disabled
[22m[39m[FilesContext] Vector store population triggered {
  "currentVectorStoreSize": 3,
  "documentsCount": 0,
  "filesCount": 6,
  "isInitialLoad": true,
}
[90mstdout[2m | src/stories/root-components.stories.tsx[2m > [22m[2mToolbarScrollButton / Disabled
[22m[39m[FilesContext] Vector store population complete - 3 total embeddings
[90mstdout[2m | src/stories/root-components.stories.tsx[2m > [22m[2mToolbarScrollButton / Disabled
[22m[39m[ChatContext] Chat exists and not archived, skipping creation
[90mstdout[2m | src/stories/root-components.stories.tsx
[22m[39m
════════════════════════════════════════════════════════════
[90mstdout[2m | src/stories/root-components.stories.tsx
[22m[39m  STORYBOOK AUDIT — 1 issue(s) in 19 stories
[90mstdout[2m | src/stories/root-components.stories.tsx
[22m[39m════════════════════════════════════════════════════════════
[90mstdout[2m | src/stories/root-components.stories.tsx
[22m[39m  NETWORK FAILURES / 404s (1 total):
[90mstdout[2m | src/stories/root-components.stories.tsx
[22m[39m    [1x] http://localhost:63315/public/images/sample-thumbnail.jpg: Resource load failed: img
[90mstdout[2m | src/stories/root-components.stories.tsx
[22m[39m
[90mstdout[2m | src/stories/root-components.stories.tsx
[22m[39m  STORIES WITH ISSUES:
[90mstdout[2m | src/stories/root-components.stories.tsx
[22m[39m    • PrefetchButton (1 network)
[90mstdout[2m | src/stories/root-components.stories.tsx
[22m[39m
[90mstdout[2m | src/stories/root-components.stories.tsx
[22m[39m  VERDICT: ISSUES FOUND
[90mstdout[2m | src/stories/root-components.stories.tsx
[22m[39m════════════════════════════════════════════════════════════

 [32m✓[39m [30m[45m storybook (chromium) [49m[39m src/stories/root-components.stories.tsx [2m([22m[2m19 tests[22m[2m)[22m[33m 2016[2mms[22m[39m
[90mstdout[2m | unknown test
[22m[39m[MOCK vectorStoreDB.js] Module loaded - mock IndexedDB operations
[90mstdout[2m | unknown test
[22m[39m[Task Completion] DOM action listeners initialized
[90mstdout[2m | unknown test
[22m[39m[Task Completion] Auto-completion detector initialized
[90mstdout[2m | unknown test
[22m[39m[Preview] Task completion detector initialized
[90mstdout[2m | src/components/PracticeDrill/PracticeDrillDialog.stories.tsx[2m > [22m[2mDefault
[22m[39m[Preview] Skipped initializing default mock data (initializeMockData=false)
[90mstdout[2m | src/components/PracticeDrill/PracticeDrillDialog.stories.tsx[2m > [22m[2mDefault
[22m[39m[Mock Data] seedMockWords: Adding 1 words
[90mstdout[2m | src/components/PracticeDrill/PracticeDrillDialog.stories.tsx[2m > [22m[2mDefault
[22m[39m[Mock Data] seedMockUnit: Adding unit unit-abc-123
[90mstdout[2m | src/components/PracticeDrill/PracticeDrillDialog.stories.tsx[2m > [22m[2mDefault
[22m[39m[MOCK CourseVectorStore] Initialized with mock data
[90mstdout[2m | src/components/PracticeDrill/PracticeDrillDialog.stories.tsx[2m > [22m[2mDefault
[22m[39m[TranslationModeController] Setting mode to: off
[90mstdout[2m | src/components/PracticeDrill/PracticeDrillDialog.stories.tsx[2m > [22m[2mDefault
[22m[39m[UnitContext] useEffect triggered {
  "authLoading": false,
  "hasUser": true,
  "id": "unit-abc-123",
  "userSub": "mock-user-sub",
}
[90mstdout[2m | src/components/PracticeDrill/PracticeDrillDialog.stories.tsx[2m > [22m[2mDefault
[22m[39m[UnitContext] Fetching unit data for id: unit-abc-123
[90mstdout[2m | src/components/PracticeDrill/PracticeDrillDialog.stories.tsx[2m > [22m[2mDefault
[22m[39m[FilesContext] Initializing vector store from IndexedDB
[90mstdout[2m | src/components/PracticeDrill/PracticeDrillDialog.stories.tsx[2m > [22m[2mDefault
[22m[39m[FilesContext] fetchFiles called
[90mstdout[2m | src/components/PracticeDrill/PracticeDrillDialog.stories.tsx[2m > [22m[2mDefault
[22m[39m[FilesContext] User authenticated: mock-user-sub
[90mstdout[2m | src/components/PracticeDrill/PracticeDrillDialog.stories.tsx[2m > [22m[2mDefault
[22m[39m[FilesContext] Identity ID: us-east-1:mock-identity-123
[90mstdout[2m | src/components/PracticeDrill/PracticeDrillDialog.stories.tsx[2m > [22m[2mDefault
[22m[39m[FilesContext] About to set up File observeQuery
[90mstdout[2m | src/components/PracticeDrill/PracticeDrillDialog.stories.tsx[2m > [22m[2mDefault
[22m[39m[ChatContext] Setting up AssistantChat observeQuery
[90mstdout[2m | src/components/PracticeDrill/PracticeDrillDialog.stories.tsx[2m > [22m[2mDefault
[22m[39m[ChatContext] Waiting for subscription to initialize
[90mstdout[2m | src/components/PracticeDrill/PracticeDrillDialog.stories.tsx[2m > [22m[2mDefault
[22m[39m[SettingsContext] Setting up Settings subscription for user: mock-user-sub
[90mstdout[2m | src/components/PracticeDrill/PracticeDrillDialog.stories.tsx[2m > [22m[2mDefault
[22m[39m[Mock Data] PracticeSession created: mock-practicesession-1790418698054 - notified 1 subscribers
[90mstdout[2m | src/components/PracticeDrill/PracticeDrillDialog.stories.tsx[2m > [22m[2mDefault
[22m[39m[Mock Data] Settings created: mock-settings-1790418698054 - notified 0 subscribers
[90mstdout[2m | src/components/PracticeDrill/PracticeDrillDialog.stories.tsx[2m > [22m[2mDefault
[22m[39m[Mock Data] Unit.onUpdate() subscription added. Total: 1
[90mstdout[2m | src/components/PracticeDrill/PracticeDrillDialog.stories.tsx[2m > [22m[2mDefault
[22m[39m[MOCK CourseVectorStore] Initialized with mock data
[90mstdout[2m | src/components/PracticeDrill/PracticeDrillDialog.stories.tsx[2m > [22m[2mDefault
[22m[39m[WorkbookStatePlugin] Loading unit content into read-only workbook: drill-mock-practicesession-1790418698054
[90mstdout[2m | src/components/PracticeDrill/PracticeDrillDialog.stories.tsx[2m > [22m[2mDefault
[22m[39m[FilesContext] Initializing vector store from IndexedDB
[90mstdout[2m | src/components/PracticeDrill/PracticeDrillDialog.stories.tsx[2m > [22m[2mDefault
[22m[39m[FilesContext] fetchFiles called
[90mstdout[2m | src/components/PracticeDrill/PracticeDrillDialog.stories.tsx[2m > [22m[2mDefault
[22m[39m[FilesContext] User authenticated: mock-user-sub
[90mstdout[2m | src/components/PracticeDrill/PracticeDrillDialog.stories.tsx[2m > [22m[2mDefault
[22m[39m[FilesContext] Identity ID: us-east-1:mock-identity-123
[90mstdout[2m | src/components/PracticeDrill/PracticeDrillDialog.stories.tsx[2m > [22m[2mDefault
[22m[39m[FilesContext] About to set up File observeQuery
[90mstdout[2m | src/components/PracticeDrill/PracticeDrillDialog.stories.tsx[2m > [22m[2mDefault
[22m[39mQuestionBlockRo.grade {
  "_version": 1,
  "accuracy": null,
  "complete": false,
  "data": {},
  "id": "drill-grade-mock-practicesession-1790418698054",
}
[90mstdout[2m | src/components/PracticeDrill/PracticeDrillDialog.stories.tsx[2m > [22m[2mDefault
[22m[39m......!q {
  "answer": "Mitochondria",
  "correct": true,
}
[90mstdout[2m | src/components/PracticeDrill/PracticeDrillDialog.stories.tsx[2m > [22m[2mDefault
[22m[39m......!q {
  "answer": "Nucleus",
  "correct": false,
}
[90mstdout[2m | src/components/PracticeDrill/PracticeDrillDialog.stories.tsx[2m > [22m[2mDefault
[22m[39m......!q {
  "answer": "Ribosome",
  "correct": false,
}
[90mstdout[2m | src/components/PracticeDrill/PracticeDrillDialog.stories.tsx[2m > [22m[2mDefault
[22m[39mQuestionBlock.nodeKey 3 type: string
[90mstdout[2m | src/components/PracticeDrill/PracticeDrillDialog.stories.tsx[2m > [22m[2mDefault
[22m[39mQuestionBlock.questionContent [
  {
    "answer": "Mitochondria",
    "correct": true,
  },
  {
    "answer": "Nucleus",
    "correct": false,
  },
  {
    "answer": "Ribosome",
    "correct": false,
  },
]
[90mstdout[2m | src/components/PracticeDrill/PracticeDrillDialog.stories.tsx[2m > [22m[2mDefault
[22m[39mQuestionBlock.grade.data keys: []
[90mstdout[2m | src/components/PracticeDrill/PracticeDrillDialog.stories.tsx[2m > [22m[2mDefault
[22m[39mQuestionBlock.grade.data[nodeKey]: undefined
[90mstdout[2m | src/components/PracticeDrill/PracticeDrillDialog.stories.tsx[2m > [22m[2mDefault
[22m[39mQuestionBlockRo.inProgress {}
[90mstdout[2m | src/components/PracticeDrill/PracticeDrillDialog.stories.tsx[2m > [22m[2mDefault
[22m[39m[SectionContext] Section observeQuery update: 0
[90mstdout[2m | src/components/PracticeDrill/PracticeDrillDialog.stories.tsx[2m > [22m[2mDefault
[22m[39m[FilesContext] File observeQuery update: 0 files
[90mstdout[2m | src/components/PracticeDrill/PracticeDrillDialog.stories.tsx[2m > [22m[2mDefault
[22m[39m[ChatContext] AssistantChat initialized with 0 chats
[90mstdout[2m | src/components/PracticeDrill/PracticeDrillDialog.stories.tsx[2m > [22m[2mDefault
[22m[39m[MOCK CourseVectorStore] Initialized with mock data
[90mstdout[2m | src/components/PracticeDrill/PracticeDrillDialog.stories.tsx[2m > [22m[2mDefault
[22m[39mQuestionBlockRo.grade {
  "_version": 1,
  "accuracy": null,
  "complete": false,
  "data": {},
  "id": "drill-grade-mock-practicesession-1790418698054",
}
[90mstdout[2m | src/components/PracticeDrill/PracticeDrillDialog.stories.tsx[2m > [22m[2mDefault
[22m[39m......!q {
  "answer": "Mitochondria",
  "correct": true,
}
[90mstdout[2m | src/components/PracticeDrill/PracticeDrillDialog.stories.tsx[2m > [22m[2mDefault
[22m[39m......!q {
  "answer": "Nucleus",
  "correct": false,
}
[90mstdout[2m | src/components/PracticeDrill/PracticeDrillDialog.stories.tsx[2m > [22m[2mDefault
[22m[39m......!q {
  "answer": "Ribosome",
  "correct": false,
}
[90mstdout[2m | src/components/PracticeDrill/PracticeDrillDialog.stories.tsx[2m > [22m[2mDefault
[22m[39mQuestionBlock.nodeKey 3 type: string
[90mstdout[2m | src/components/PracticeDrill/PracticeDrillDialog.stories.tsx[2m > [22m[2mDefault
[22m[39mQuestionBlock.questionContent [
  {
    "answer": "Mitochondria",
    "correct": true,
  },
  {
    "answer": "Nucleus",
    "correct": false,
  },
  {
    "answer": "Ribosome",
    "correct": false,
  },
]
[90mstdout[2m | src/components/PracticeDrill/PracticeDrillDialog.stories.tsx[2m > [22m[2mDefault
[22m[39mQuestionBlock.grade.data keys: []
[90mstdout[2m | src/components/PracticeDrill/PracticeDrillDialog.stories.tsx[2m > [22m[2mDefault
[22m[39mQuestionBlock.grade.data[nodeKey]: undefined
[90mstdout[2m | src/components/PracticeDrill/PracticeDrillDialog.stories.tsx[2m > [22m[2mDefault
[22m[39mQuestionBlockRo.inProgress {}
[90mstdout[2m | src/components/PracticeDrill/PracticeDrillDialog.stories.tsx[2m > [22m[2mDefault
[22m[39m[ChatContext] No current chat available, will create one
[90mstdout[2m | src/components/PracticeDrill/PracticeDrillDialog.stories.tsx[2m > [22m[2mDefault
[22m[39m[ChatContext] Creating AssistantChat with user: undefined
[90mstdout[2m | src/components/PracticeDrill/PracticeDrillDialog.stories.tsx[2m > [22m[2mDefault
[22m[39m[Mock Data] AssistantChat created: mock-assistantchat-1790418698300 - notified 1 subscribers
[90mstdout[2m | src/components/PracticeDrill/PracticeDrillDialog.stories.tsx[2m > [22m[2mDefault
[22m[39m[ChatContext] Create result: {
  "data": {
    "_version": 1,
    "archived": false,
    "chatFiles": [Function anonymous],
    "createdAt": "2026-09-26T10:31:38.300Z",
    "id": "mock-assistantchat-1790418698300",
    "model": "gpt-4",
    "updatedAt": "2026-09-26T10:31:38.300Z",
  },
  "errors": [],
  "hasData": true,
  "hasErrors": true,
}
[90mstdout[2m | src/components/PracticeDrill/PracticeDrillDialog.stories.tsx[2m > [22m[2mDefault
[22m[39m[ChatContext] Created AssistantChat: mock-assistantchat-1790418698300 at: 2026-09-26T10:31:38.300Z
[90mstdout[2m | src/components/PracticeDrill/PracticeDrillDialog.stories.tsx[2m > [22m[2mDefault
[22m[39m[FilesContext] File observeQuery update: 0 files
[90mstdout[2m | src/components/PracticeDrill/PracticeDrillDialog.stories.tsx[2m > [22m[2mDefault
[22m[39m[Mock Storage] downloadData called with: undefined
[90mstdout[2m | src/components/PracticeDrill/PracticeDrillDialog.stories.tsx[2m > [22m[2mDefault
[22m[39m[ChatContext] Setting initial chat: mock-assistantchat-1790418698300
[90mstdout[2m | src/components/PracticeDrill/PracticeDrillDialog.stories.tsx[2m > [22m[2mDefault
[22m[39m[MOCK CourseVectorStore] Initialized with mock data
[90mstdout[2m | src/components/PracticeDrill/PracticeDrillDialog.stories.tsx[2m > [22m[2mDefault
[22m[39m[ChatContext] Chat exists and not archived, skipping creation
[90mstdout[2m | src/components/PracticeDrill/PracticeDrillDialog.stories.tsx[2m > [22m[2mDefault
[22m[39m[Mock Storage] downloadData called with: undefined
[90mstdout[2m | src/components/PracticeDrill/PracticeDrillDialog.stories.tsx[2m > [22m[2mDefault
[22m[39mfilterWords {
  "filter": "",
  "wordsCount": 1,
}
[90mstdout[2m | src/components/PracticeDrill/PracticeDrillDialog.stories.tsx[2m > [22m[2mVocabulary Only
[22m[39m[ChatContext] Cleaning up subscriptions
[90mstdout[2m | src/components/PracticeDrill/PracticeDrillDialog.stories.tsx[2m > [22m[2mVocabulary Only
[22m[39m[Mock Data] Unit.onUpdate() subscription removed. Remaining: 0
[90mstdout[2m | src/components/PracticeDrill/PracticeDrillDialog.stories.tsx[2m > [22m[2mVocabulary Only
[22m[39m[Preview] Skipped initializing default mock data (initializeMockData=false)
[90mstdout[2m | src/components/PracticeDrill/PracticeDrillDialog.stories.tsx[2m > [22m[2mVocabulary Only
[22m[39m[Mock Data] seedMockWords: Adding 1 words
[90mstdout[2m | src/components/PracticeDrill/PracticeDrillDialog.stories.tsx[2m > [22m[2mVocabulary Only
[22m[39m[Mock Data] seedMockUnit: Adding unit unit-abc-123
[90mstdout[2m | src/components/PracticeDrill/PracticeDrillDialog.stories.tsx[2m > [22m[2mVocabulary Only
[22m[39m[MOCK CourseVectorStore] Initialized with mock data
[90mstdout[2m | src/components/PracticeDrill/PracticeDrillDialog.stories.tsx[2m > [22m[2mVocabulary Only
[22m[39m[TranslationModeController] Setting mode to: off
[90mstdout[2m | src/components/PracticeDrill/PracticeDrillDialog.stories.tsx[2m > [22m[2mVocabulary Only
[22m[39m[UnitContext] useEffect triggered {
  "authLoading": false,
  "hasUser": true,
  "id": "unit-abc-123",
  "userSub": "mock-user-sub",
}
[90mstdout[2m | src/components/PracticeDrill/PracticeDrillDialog.stories.tsx[2m > [22m[2mVocabulary Only
[22m[39m[UnitContext] Fetching unit data for id: unit-abc-123
[90mstdout[2m | src/components/PracticeDrill/PracticeDrillDialog.stories.tsx[2m > [22m[2mVocabulary Only
[22m[39m[FilesContext] Initializing vector store from IndexedDB
[90mstdout[2m | src/components/PracticeDrill/PracticeDrillDialog.stories.tsx[2m > [22m[2mVocabulary Only
[22m[39m[FilesContext] fetchFiles called
[90mstdout[2m | src/components/PracticeDrill/PracticeDrillDialog.stories.tsx[2m > [22m[2mVocabulary Only
[22m[39m[FilesContext] User authenticated: mock-user-sub
[90mstdout[2m | src/components/PracticeDrill/PracticeDrillDialog.stories.tsx[2m > [22m[2mVocabulary Only
[22m[39m[FilesContext] Identity ID: us-east-1:mock-identity-123
[90mstdout[2m | src/components/PracticeDrill/PracticeDrillDialog.stories.tsx[2m > [22m[2mVocabulary Only
[22m[39m[FilesContext] About to set up File observeQuery
[90mstdout[2m | src/components/PracticeDrill/PracticeDrillDialog.stories.tsx[2m > [22m[2mVocabulary Only
[22m[39m[ChatContext] Setting up AssistantChat observeQuery
[90mstdout[2m | src/components/PracticeDrill/PracticeDrillDialog.stories.tsx[2m > [22m[2mVocabulary Only
[22m[39m[ChatContext] Waiting for subscription to initialize
[90mstdout[2m | src/components/PracticeDrill/PracticeDrillDialog.stories.tsx[2m > [22m[2mVocabulary Only
[22m[39m[SettingsContext] Setting up Settings subscription for user: mock-user-sub
[90mstdout[2m | src/components/PracticeDrill/PracticeDrillDialog.stories.tsx[2m > [22m[2mVocabulary Only
[22m[39m[Mock Data] PracticeSession created: mock-practicesession-1790418698592 - notified 1 subscribers
[90mstdout[2m | src/components/PracticeDrill/PracticeDrillDialog.stories.tsx[2m > [22m[2mVocabulary Only
[22m[39m[Mock Data] Settings created: mock-settings-1790418698593 - notified 0 subscribers
[90mstdout[2m | src/components/PracticeDrill/PracticeDrillDialog.stories.tsx[2m > [22m[2mVocabulary Only
[22m[39m[Mock Data] Unit.onUpdate() subscription added. Total: 1
[90mstdout[2m | src/components/PracticeDrill/PracticeDrillDialog.stories.tsx[2m > [22m[2mVocabulary Only
[22m[39m[MOCK CourseVectorStore] Initialized with mock data
[90mstdout[2m | src/components/PracticeDrill/PracticeDrillDialog.stories.tsx[2m > [22m[2mVocabulary Only
[22m[39m[WorkbookStatePlugin] Loading unit content into read-only workbook: drill-mock-practicesession-1790418698592
[90mstdout[2m | src/components/PracticeDrill/PracticeDrillDialog.stories.tsx[2m > [22m[2mVocabulary Only
[22m[39m[FilesContext] Initializing vector store from IndexedDB
[90mstdout[2m | src/components/PracticeDrill/PracticeDrillDialog.stories.tsx[2m > [22m[2mVocabulary Only
[22m[39m[FilesContext] fetchFiles called
[90mstdout[2m | src/components/PracticeDrill/PracticeDrillDialog.stories.tsx[2m > [22m[2mVocabulary Only
[22m[39m[FilesContext] User authenticated: mock-user-sub
[90mstdout[2m | src/components/PracticeDrill/PracticeDrillDialog.stories.tsx[2m > [22m[2mVocabulary Only
[22m[39m[FilesContext] Identity ID: us-east-1:mock-identity-123
[90mstdout[2m | src/components/PracticeDrill/PracticeDrillDialog.stories.tsx[2m > [22m[2mVocabulary Only
[22m[39m[FilesContext] About to set up File observeQuery
[90mstdout[2m | src/components/PracticeDrill/PracticeDrillDialog.stories.tsx[2m > [22m[2mVocabulary Only
[22m[39mQuestionBlockRo.grade {
  "_version": 1,
  "accuracy": null,
  "complete": false,
  "data": {},
  "id": "drill-grade-mock-practicesession-1790418698592",
}
[90mstdout[2m | src/components/PracticeDrill/PracticeDrillDialog.stories.tsx[2m > [22m[2mVocabulary Only
[22m[39m......!q {
  "answer": "Mitochondria",
  "correct": true,
}
[90mstdout[2m | src/components/PracticeDrill/PracticeDrillDialog.stories.tsx[2m > [22m[2mVocabulary Only
[22m[39m......!q {
  "answer": "Nucleus",
  "correct": false,
}
[90mstdout[2m | src/components/PracticeDrill/PracticeDrillDialog.stories.tsx[2m > [22m[2mVocabulary Only
[22m[39m......!q {
  "answer": "Ribosome",
  "correct": false,
}
[90mstdout[2m | src/components/PracticeDrill/PracticeDrillDialog.stories.tsx[2m > [22m[2mVocabulary Only
[22m[39mQuestionBlock.nodeKey 10 type: string
[90mstdout[2m | src/components/PracticeDrill/PracticeDrillDialog.stories.tsx[2m > [22m[2mVocabulary Only
[22m[39mQuestionBlock.questionContent [
  {
    "answer": "Mitochondria",
    "correct": true,
  },
  {
    "answer": "Nucleus",
    "correct": false,
  },
  {
    "answer": "Ribosome",
    "correct": false,
  },
]
[90mstdout[2m | src/components/PracticeDrill/PracticeDrillDialog.stories.tsx[2m > [22m[2mVocabulary Only
[22m[39mQuestionBlock.grade.data keys: []
[90mstdout[2m | src/components/PracticeDrill/PracticeDrillDialog.stories.tsx[2m > [22m[2mVocabulary Only
[22m[39mQuestionBlock.grade.data[nodeKey]: undefined
[90mstdout[2m | src/components/PracticeDrill/PracticeDrillDialog.stories.tsx[2m > [22m[2mVocabulary Only
[22m[39mQuestionBlockRo.inProgress {}
[90mstdout[2m | src/components/PracticeDrill/PracticeDrillDialog.stories.tsx[2m > [22m[2mVocabulary Only
[22m[39m[SectionContext] Section observeQuery update: 0
[90mstdout[2m | src/components/PracticeDrill/PracticeDrillDialog.stories.tsx[2m > [22m[2mVocabulary Only
[22m[39m[FilesContext] File observeQuery update: 0 files
[90mstdout[2m | src/components/PracticeDrill/PracticeDrillDialog.stories.tsx[2m > [22m[2mVocabulary Only
[22m[39m[ChatContext] AssistantChat initialized with 0 chats
[90mstdout[2m | src/components/PracticeDrill/PracticeDrillDialog.stories.tsx[2m > [22m[2mVocabulary Only
[22m[39m[MOCK CourseVectorStore] Initialized with mock data
[90mstdout[2m | src/components/PracticeDrill/PracticeDrillDialog.stories.tsx[2m > [22m[2mVocabulary Only
[22m[39mQuestionBlockRo.grade {
  "_version": 1,
  "accuracy": null,
  "complete": false,
  "data": {},
  "id": "drill-grade-mock-practicesession-1790418698592",
}
[90mstdout[2m | src/components/PracticeDrill/PracticeDrillDialog.stories.tsx[2m > [22m[2mVocabulary Only
[22m[39m......!q {
  "answer": "Mitochondria",
  "correct": true,
}
[90mstdout[2m | src/components/PracticeDrill/PracticeDrillDialog.stories.tsx[2m > [22m[2mVocabulary Only
[22m[39m......!q {
  "answer": "Nucleus",
  "correct": false,
}
[90mstdout[2m | src/components/PracticeDrill/PracticeDrillDialog.stories.tsx[2m > [22m[2mVocabulary Only
[22m[39m......!q {
  "answer": "Ribosome",
  "correct": false,
}
[90mstdout[2m | src/components/PracticeDrill/PracticeDrillDialog.stories.tsx[2m > [22m[2mVocabulary Only
[22m[39mQuestionBlock.nodeKey 10 type: string
[90mstdout[2m | src/components/PracticeDrill/PracticeDrillDialog.stories.tsx[2m > [22m[2mVocabulary Only
[22m[39mQuestionBlock.questionContent [
  {
    "answer": "Mitochondria",
    "correct": true,
  },
  {
    "answer": "Nucleus",
    "correct": false,
  },
  {
    "answer": "Ribosome",
    "correct": false,
  },
]
[90mstdout[2m | src/components/PracticeDrill/PracticeDrillDialog.stories.tsx[2m > [22m[2mVocabulary Only
[22m[39mQuestionBlock.grade.data keys: []
[90mstdout[2m | src/components/PracticeDrill/PracticeDrillDialog.stories.tsx[2m > [22m[2mVocabulary Only
[22m[39mQuestionBlock.grade.data[nodeKey]: undefined
[90mstdout[2m | src/components/PracticeDrill/PracticeDrillDialog.stories.tsx[2m > [22m[2mVocabulary Only
[22m[39mQuestionBlockRo.inProgress {}
[90mstdout[2m | src/components/PracticeDrill/PracticeDrillDialog.stories.tsx[2m > [22m[2mVocabulary Only
[22m[39m[ChatContext] No current chat available, will create one
[90mstdout[2m | src/components/PracticeDrill/PracticeDrillDialog.stories.tsx[2m > [22m[2mVocabulary Only
[22m[39m[ChatContext] Creating AssistantChat with user: undefined
[90mstdout[2m | src/components/PracticeDrill/PracticeDrillDialog.stories.tsx[2m > [22m[2mVocabulary Only
[22m[39m[Mock Data] AssistantChat created: mock-assistantchat-1790418698779 - notified 1 subscribers
[90mstdout[2m | src/components/PracticeDrill/PracticeDrillDialog.stories.tsx[2m > [22m[2mVocabulary Only
[22m[39m[ChatContext] Create result: {
  "data": {
    "_version": 1,
    "archived": false,
    "chatFiles": [Function anonymous],
    "createdAt": "2026-09-26T10:31:38.779Z",
    "id": "mock-assistantchat-1790418698779",
    "model": "gpt-4",
    "updatedAt": "2026-09-26T10:31:38.779Z",
  },
  "errors": [],
  "hasData": true,
  "hasErrors": true,
}
[90mstdout[2m | src/components/PracticeDrill/PracticeDrillDialog.stories.tsx[2m > [22m[2mVocabulary Only
[22m[39m[ChatContext] Created AssistantChat: mock-assistantchat-1790418698779 at: 2026-09-26T10:31:38.779Z
[90mstdout[2m | src/components/PracticeDrill/PracticeDrillDialog.stories.tsx[2m > [22m[2mVocabulary Only
[22m[39m[FilesContext] File observeQuery update: 0 files
[90mstdout[2m | src/components/PracticeDrill/PracticeDrillDialog.stories.tsx[2m > [22m[2mVocabulary Only
[22m[39m[Mock Storage] downloadData called with: undefined
[90mstdout[2m | src/components/PracticeDrill/PracticeDrillDialog.stories.tsx[2m > [22m[2mVocabulary Only
[22m[39m[ChatContext] Setting initial chat: mock-assistantchat-1790418698779
[90mstdout[2m | src/components/PracticeDrill/PracticeDrillDialog.stories.tsx[2m > [22m[2mVocabulary Only
[22m[39m[MOCK CourseVectorStore] Initialized with mock data
[90mstdout[2m | src/components/PracticeDrill/PracticeDrillDialog.stories.tsx[2m > [22m[2mVocabulary Only
[22m[39m[ChatContext] Chat exists and not archived, skipping creation
[90mstdout[2m | src/components/PracticeDrill/PracticeDrillDialog.stories.tsx[2m > [22m[2mVocabulary Only
[22m[39m[Mock Storage] downloadData called with: undefined
[90mstdout[2m | src/components/PracticeDrill/PracticeDrillDialog.stories.tsx[2m > [22m[2mDiminished XP
[22m[39m[ChatContext] Cleaning up subscriptions
[90mstdout[2m | src/components/PracticeDrill/PracticeDrillDialog.stories.tsx[2m > [22m[2mDiminished XP
[22m[39m[Mock Data] Unit.onUpdate() subscription removed. Remaining: 0
[90mstdout[2m | src/components/PracticeDrill/PracticeDrillDialog.stories.tsx[2m > [22m[2mDiminished XP
[22m[39m[Preview] Skipped initializing default mock data (initializeMockData=false)
[90mstdout[2m | src/components/PracticeDrill/PracticeDrillDialog.stories.tsx[2m > [22m[2mDiminished XP
[22m[39m[Mock Data] seedMockWords: Adding 1 words
[90mstdout[2m | src/components/PracticeDrill/PracticeDrillDialog.stories.tsx[2m > [22m[2mDiminished XP
[22m[39m[Mock Data] seedMockUnit: Adding unit unit-abc-123
[90mstdout[2m | src/components/PracticeDrill/PracticeDrillDialog.stories.tsx[2m > [22m[2mDiminished XP
[22m[39m[MOCK CourseVectorStore] Initialized with mock data
[90mstdout[2m | src/components/PracticeDrill/PracticeDrillDialog.stories.tsx[2m > [22m[2mDiminished XP
[22m[39m[TranslationModeController] Setting mode to: off
[90mstdout[2m | src/components/PracticeDrill/PracticeDrillDialog.stories.tsx[2m > [22m[2mDiminished XP
[22m[39m[UnitContext] useEffect triggered {
  "authLoading": false,
  "hasUser": true,
  "id": "unit-abc-123",
  "userSub": "mock-user-sub",
}
[90mstdout[2m | src/components/PracticeDrill/PracticeDrillDialog.stories.tsx[2m > [22m[2mDiminished XP
[22m[39m[UnitContext] Fetching unit data for id: unit-abc-123
[90mstdout[2m | src/components/PracticeDrill/PracticeDrillDialog.stories.tsx[2m > [22m[2mDiminished XP
[22m[39m[FilesContext] Initializing vector store from IndexedDB
[90mstdout[2m | src/components/PracticeDrill/PracticeDrillDialog.stories.tsx[2m > [22m[2mDiminished XP
[22m[39m[FilesContext] fetchFiles called
[90mstdout[2m | src/components/PracticeDrill/PracticeDrillDialog.stories.tsx[2m > [22m[2mDiminished XP
[22m[39m[FilesContext] User authenticated: mock-user-sub
[90mstdout[2m | src/components/PracticeDrill/PracticeDrillDialog.stories.tsx[2m > [22m[2mDiminished XP
[22m[39m[FilesContext] Identity ID: us-east-1:mock-identity-123
[90mstdout[2m | src/components/PracticeDrill/PracticeDrillDialog.stories.tsx[2m > [22m[2mDiminished XP
[22m[39m[FilesContext] About to set up File observeQuery
[90mstdout[2m | src/components/PracticeDrill/PracticeDrillDialog.stories.tsx[2m > [22m[2mDiminished XP
[22m[39m[ChatContext] Setting up AssistantChat observeQuery
[90mstdout[2m | src/components/PracticeDrill/PracticeDrillDialog.stories.tsx[2m > [22m[2mDiminished XP
[22m[39m[ChatContext] Waiting for subscription to initialize
[90mstdout[2m | src/components/PracticeDrill/PracticeDrillDialog.stories.tsx[2m > [22m[2mDiminished XP
[22m[39m[SettingsContext] Setting up Settings subscription for user: mock-user-sub
[90mstdout[2m | src/components/PracticeDrill/PracticeDrillDialog.stories.tsx[2m > [22m[2mDiminished XP
[22m[39m[Mock Data] PracticeSession created: mock-practicesession-1790418698984 - notified 1 subscribers
[90mstdout[2m | src/components/PracticeDrill/PracticeDrillDialog.stories.tsx[2m > [22m[2mDiminished XP
[22m[39m[Mock Data] Settings created: mock-settings-1790418698984 - notified 0 subscribers
[90mstdout[2m | src/components/PracticeDrill/PracticeDrillDialog.stories.tsx[2m > [22m[2mDiminished XP
[22m[39m[Mock Data] Unit.onUpdate() subscription added. Total: 1
[90mstdout[2m | src/components/PracticeDrill/PracticeDrillDialog.stories.tsx[2m > [22m[2mDiminished XP
[22m[39m[MOCK CourseVectorStore] Initialized with mock data
[90mstdout[2m | src/components/PracticeDrill/PracticeDrillDialog.stories.tsx[2m > [22m[2mDiminished XP
[22m[39m[WorkbookStatePlugin] Loading unit content into read-only workbook: drill-mock-practicesession-1790418698984
[90mstdout[2m | src/components/PracticeDrill/PracticeDrillDialog.stories.tsx[2m > [22m[2mDiminished XP
[22m[39m[FilesContext] Initializing vector store from IndexedDB
[90mstdout[2m | src/components/PracticeDrill/PracticeDrillDialog.stories.tsx[2m > [22m[2mDiminished XP
[22m[39m[FilesContext] fetchFiles called
[90mstdout[2m | src/components/PracticeDrill/PracticeDrillDialog.stories.tsx[2m > [22m[2mDiminished XP
[22m[39m[FilesContext] User authenticated: mock-user-sub
[90mstdout[2m | src/components/PracticeDrill/PracticeDrillDialog.stories.tsx[2m > [22m[2mDiminished XP
[22m[39m[FilesContext] Identity ID: us-east-1:mock-identity-123
[90mstdout[2m | src/components/PracticeDrill/PracticeDrillDialog.stories.tsx[2m > [22m[2mDiminished XP
[22m[39m[FilesContext] About to set up File observeQuery
[90mstdout[2m | src/components/PracticeDrill/PracticeDrillDialog.stories.tsx[2m > [22m[2mDiminished XP
[22m[39mQuestionBlockRo.grade {
  "_version": 1,
  "accuracy": null,
  "complete": false,
  "data": {},
  "id": "drill-grade-mock-practicesession-1790418698984",
}
[90mstdout[2m | src/components/PracticeDrill/PracticeDrillDialog.stories.tsx[2m > [22m[2mDiminished XP
[22m[39m......!q {
  "answer": "Mitochondria",
  "correct": true,
}
[90mstdout[2m | src/components/PracticeDrill/PracticeDrillDialog.stories.tsx[2m > [22m[2mDiminished XP
[22m[39m......!q {
  "answer": "Nucleus",
  "correct": false,
}
[90mstdout[2m | src/components/PracticeDrill/PracticeDrillDialog.stories.tsx[2m > [22m[2mDiminished XP
[22m[39m......!q {
  "answer": "Ribosome",
  "correct": false,
}
[90mstdout[2m | src/components/PracticeDrill/PracticeDrillDialog.stories.tsx[2m > [22m[2mDiminished XP
[22m[39mQuestionBlock.nodeKey 17 type: string
[90mstdout[2m | src/components/PracticeDrill/PracticeDrillDialog.stories.tsx[2m > [22m[2mDiminished XP
[22m[39mQuestionBlock.questionContent [
  {
    "answer": "Mitochondria",
    "correct": true,
  },
  {
    "answer": "Nucleus",
    "correct": false,
  },
  {
    "answer": "Ribosome",
    "correct": false,
  },
]
[90mstdout[2m | src/components/PracticeDrill/PracticeDrillDialog.stories.tsx[2m > [22m[2mDiminished XP
[22m[39mQuestionBlock.grade.data keys: []
[90mstdout[2m | src/components/PracticeDrill/PracticeDrillDialog.stories.tsx[2m > [22m[2mDiminished XP
[22m[39mQuestionBlock.grade.data[nodeKey]: undefined
[90mstdout[2m | src/components/PracticeDrill/PracticeDrillDialog.stories.tsx[2m > [22m[2mDiminished XP
[22m[39mQuestionBlockRo.inProgress {}
[90mstdout[2m | src/components/PracticeDrill/PracticeDrillDialog.stories.tsx[2m > [22m[2mDiminished XP
[22m[39m[SectionContext] Section observeQuery update: 0
[90mstdout[2m | src/components/PracticeDrill/PracticeDrillDialog.stories.tsx[2m > [22m[2mDiminished XP
[22m[39m[FilesContext] File observeQuery update: 0 files
[90mstdout[2m | src/components/PracticeDrill/PracticeDrillDialog.stories.tsx[2m > [22m[2mDiminished XP
[22m[39m[ChatContext] AssistantChat initialized with 0 chats
[90mstdout[2m | src/components/PracticeDrill/PracticeDrillDialog.stories.tsx[2m > [22m[2mDiminished XP
[22m[39m[MOCK CourseVectorStore] Initialized with mock data
[90mstdout[2m | src/components/PracticeDrill/PracticeDrillDialog.stories.tsx[2m > [22m[2mDiminished XP
[22m[39mQuestionBlockRo.grade {
  "_version": 1,
  "accuracy": null,
  "complete": false,
  "data": {},
  "id": "drill-grade-mock-practicesession-1790418698984",
}
[90mstdout[2m | src/components/PracticeDrill/PracticeDrillDialog.stories.tsx[2m > [22m[2mDiminished XP
[22m[39m......!q {
  "answer": "Mitochondria",
  "correct": true,
}
[90mstdout[2m | src/components/PracticeDrill/PracticeDrillDialog.stories.tsx[2m > [22m[2mDiminished XP
[22m[39m......!q {
  "answer": "Nucleus",
  "correct": false,
}
[90mstdout[2m | src/components/PracticeDrill/PracticeDrillDialog.stories.tsx[2m > [22m[2mDiminished XP
[22m[39m......!q {
  "answer": "Ribosome",
  "correct": false,
}
[90mstdout[2m | src/components/PracticeDrill/PracticeDrillDialog.stories.tsx[2m > [22m[2mDiminished XP
[22m[39mQuestionBlock.nodeKey 17 type: string
[90mstdout[2m | src/components/PracticeDrill/PracticeDrillDialog.stories.tsx[2m > [22m[2mDiminished XP
[22m[39mQuestionBlock.questionContent [
  {
    "answer": "Mitochondria",
    "correct": true,
  },
  {
    "answer": "Nucleus",
    "correct": false,
  },
  {
    "answer": "Ribosome",
    "correct": false,
  },
]
[90mstdout[2m | src/components/PracticeDrill/PracticeDrillDialog.stories.tsx[2m > [22m[2mDiminished XP
[22m[39mQuestionBlock.grade.data keys: []
[90mstdout[2m | src/components/PracticeDrill/PracticeDrillDialog.stories.tsx[2m > [22m[2mDiminished XP
[22m[39mQuestionBlock.grade.data[nodeKey]: undefined
[90mstdout[2m | src/components/PracticeDrill/PracticeDrillDialog.stories.tsx[2m > [22m[2mDiminished XP
[22m[39mQuestionBlockRo.inProgress {}
[90mstdout[2m | src/components/PracticeDrill/PracticeDrillDialog.stories.tsx[2m > [22m[2mDiminished XP
[22m[39m[ChatContext] No current chat available, will create one
[90mstdout[2m | src/components/PracticeDrill/PracticeDrillDialog.stories.tsx[2m > [22m[2mDiminished XP
[22m[39m[ChatContext] Creating AssistantChat with user: undefined
[90mstdout[2m | src/components/PracticeDrill/PracticeDrillDialog.stories.tsx[2m > [22m[2mDiminished XP
[22m[39m[Mock Data] AssistantChat created: mock-assistantchat-1790418699139 - notified 1 subscribers
[90mstdout[2m | src/components/PracticeDrill/PracticeDrillDialog.stories.tsx[2m > [22m[2mDiminished XP
[22m[39m[ChatContext] Create result: {
  "data": {
    "_version": 1,
    "archived": false,
    "chatFiles": [Function anonymous],
    "createdAt": "2026-09-26T10:31:39.139Z",
    "id": "mock-assistantchat-1790418699139",
    "model": "gpt-4",
    "updatedAt": "2026-09-26T10:31:39.139Z",
  },
  "errors": [],
  "hasData": true,
  "hasErrors": true,
}
[90mstdout[2m | src/components/PracticeDrill/PracticeDrillDialog.stories.tsx[2m > [22m[2mDiminished XP
[22m[39m[ChatContext] Created AssistantChat: mock-assistantchat-1790418699139 at: 2026-09-26T10:31:39.139Z
[90mstdout[2m | src/components/PracticeDrill/PracticeDrillDialog.stories.tsx[2m > [22m[2mDiminished XP
[22m[39m[FilesContext] File observeQuery update: 0 files
[90mstdout[2m | src/components/PracticeDrill/PracticeDrillDialog.stories.tsx[2m > [22m[2mDiminished XP
[22m[39m[Mock Storage] downloadData called with: undefined
[90mstdout[2m | src/components/PracticeDrill/PracticeDrillDialog.stories.tsx[2m > [22m[2mDiminished XP
[22m[39m[ChatContext] Setting initial chat: mock-assistantchat-1790418699139
[90mstdout[2m | src/components/PracticeDrill/PracticeDrillDialog.stories.tsx[2m > [22m[2mDiminished XP
[22m[39m[MOCK CourseVectorStore] Initialized with mock data
[90mstdout[2m | src/components/PracticeDrill/PracticeDrillDialog.stories.tsx[2m > [22m[2mDiminished XP
[22m[39m[ChatContext] Chat exists and not archived, skipping creation
[90mstdout[2m | src/components/PracticeDrill/PracticeDrillDialog.stories.tsx[2m > [22m[2mDiminished XP
[22m[39m[Mock Storage] downloadData called with: undefined
[90mstdout[2m | src/components/PracticeDrill/PracticeDrillDialog.stories.tsx[2m > [22m[2mReview Drill
[22m[39m[ChatContext] Cleaning up subscriptions
[90mstdout[2m | src/components/PracticeDrill/PracticeDrillDialog.stories.tsx[2m > [22m[2mReview Drill
[22m[39m[Mock Data] Unit.onUpdate() subscription removed. Remaining: 0
[90mstdout[2m | src/components/PracticeDrill/PracticeDrillDialog.stories.tsx[2m > [22m[2mReview Drill
[22m[39m[Preview] Skipped initializing default mock data (initializeMockData=false)
[90mstdout[2m | src/components/PracticeDrill/PracticeDrillDialog.stories.tsx[2m > [22m[2mReview Drill
[22m[39m[Mock Data] seedMockWords: Adding 1 words
[90mstdout[2m | src/components/PracticeDrill/PracticeDrillDialog.stories.tsx[2m > [22m[2mReview Drill
[22m[39m[Mock Data] seedMockUnit: Adding unit unit-abc-123
[90mstdout[2m | src/components/PracticeDrill/PracticeDrillDialog.stories.tsx[2m > [22m[2mReview Drill
[22m[39m[MOCK CourseVectorStore] Initialized with mock data
[90mstdout[2m | src/components/PracticeDrill/PracticeDrillDialog.stories.tsx[2m > [22m[2mReview Drill
[22m[39m[TranslationModeController] Setting mode to: off
[90mstdout[2m | src/components/PracticeDrill/PracticeDrillDialog.stories.tsx[2m > [22m[2mReview Drill
[22m[39m[UnitContext] useEffect triggered {
  "authLoading": false,
  "hasUser": true,
  "id": "unit-abc-123",
  "userSub": "mock-user-sub",
}
[90mstdout[2m | src/components/PracticeDrill/PracticeDrillDialog.stories.tsx[2m > [22m[2mReview Drill
[22m[39m[UnitContext] Fetching unit data for id: unit-abc-123
[90mstdout[2m | src/components/PracticeDrill/PracticeDrillDialog.stories.tsx[2m > [22m[2mReview Drill
[22m[39m[FilesContext] Initializing vector store from IndexedDB
[90mstdout[2m | src/components/PracticeDrill/PracticeDrillDialog.stories.tsx[2m > [22m[2mReview Drill
[22m[39m[FilesContext] fetchFiles called
[90mstdout[2m | src/components/PracticeDrill/PracticeDrillDialog.stories.tsx[2m > [22m[2mReview Drill
[22m[39m[FilesContext] User authenticated: mock-user-sub
[90mstdout[2m | src/components/PracticeDrill/PracticeDrillDialog.stories.tsx[2m > [22m[2mReview Drill
[22m[39m[FilesContext] Identity ID: us-east-1:mock-identity-123
[90mstdout[2m | src/components/PracticeDrill/PracticeDrillDialog.stories.tsx[2m > [22m[2mReview Drill
[22m[39m[FilesContext] About to set up File observeQuery
[90mstdout[2m | src/components/PracticeDrill/PracticeDrillDialog.stories.tsx[2m > [22m[2mReview Drill
[22m[39m[ChatContext] Setting up AssistantChat observeQuery
[90mstdout[2m | src/components/PracticeDrill/PracticeDrillDialog.stories.tsx[2m > [22m[2mReview Drill
[22m[39m[ChatContext] Waiting for subscription to initialize
[90mstdout[2m | src/components/PracticeDrill/PracticeDrillDialog.stories.tsx[2m > [22m[2mReview Drill
[22m[39m[SettingsContext] Setting up Settings subscription for user: mock-user-sub
[90mstdout[2m | src/components/PracticeDrill/PracticeDrillDialog.stories.tsx[2m > [22m[2mReview Drill
[22m[39m[Mock Data] PracticeSession created: mock-practicesession-1790418699348 - notified 1 subscribers
[90mstdout[2m | src/components/PracticeDrill/PracticeDrillDialog.stories.tsx[2m > [22m[2mReview Drill
[22m[39m[Mock Data] Settings created: mock-settings-1790418699348 - notified 0 subscribers
[90mstdout[2m | src/components/PracticeDrill/PracticeDrillDialog.stories.tsx[2m > [22m[2mReview Drill
[22m[39m[Mock Data] Unit.onUpdate() subscription added. Total: 1
[90mstdout[2m | src/components/PracticeDrill/PracticeDrillDialog.stories.tsx[2m > [22m[2mReview Drill
[22m[39m[MOCK CourseVectorStore] Initialized with mock data
[90mstdout[2m | src/components/PracticeDrill/PracticeDrillDialog.stories.tsx[2m > [22m[2mReview Drill
[22m[39m[WorkbookStatePlugin] Loading unit content into read-only workbook: drill-mock-practicesession-1790418699348
[90mstdout[2m | src/components/PracticeDrill/PracticeDrillDialog.stories.tsx[2m > [22m[2mReview Drill
[22m[39m[FilesContext] Initializing vector store from IndexedDB
[90mstdout[2m | src/components/PracticeDrill/PracticeDrillDialog.stories.tsx[2m > [22m[2mReview Drill
[22m[39m[FilesContext] fetchFiles called
[90mstdout[2m | src/components/PracticeDrill/PracticeDrillDialog.stories.tsx[2m > [22m[2mReview Drill
[22m[39m[FilesContext] User authenticated: mock-user-sub
[90mstdout[2m | src/components/PracticeDrill/PracticeDrillDialog.stories.tsx[2m > [22m[2mReview Drill
[22m[39m[FilesContext] Identity ID: us-east-1:mock-identity-123
[90mstdout[2m | src/components/PracticeDrill/PracticeDrillDialog.stories.tsx[2m > [22m[2mReview Drill
[22m[39m[FilesContext] About to set up File observeQuery
[90mstdout[2m | src/components/PracticeDrill/PracticeDrillDialog.stories.tsx[2m > [22m[2mReview Drill
[22m[39mQuestionBlockRo.grade {
  "_version": 1,
  "accuracy": null,
  "complete": false,
  "data": {},
  "id": "drill-grade-mock-practicesession-1790418699348",
}
[90mstdout[2m | src/components/PracticeDrill/PracticeDrillDialog.stories.tsx[2m > [22m[2mReview Drill
[22m[39m......!q {
  "answer": "Mitochondria",
  "correct": true,
}
[90mstdout[2m | src/components/PracticeDrill/PracticeDrillDialog.stories.tsx[2m > [22m[2mReview Drill
[22m[39m......!q {
  "answer": "Nucleus",
  "correct": false,
}
[90mstdout[2m | src/components/PracticeDrill/PracticeDrillDialog.stories.tsx[2m > [22m[2mReview Drill
[22m[39m......!q {
  "answer": "Ribosome",
  "correct": false,
}
[90mstdout[2m | src/components/PracticeDrill/PracticeDrillDialog.stories.tsx[2m > [22m[2mReview Drill
[22m[39mQuestionBlock.nodeKey 24 type: string
[90mstdout[2m | src/components/PracticeDrill/PracticeDrillDialog.stories.tsx[2m > [22m[2mReview Drill
[22m[39mQuestionBlock.questionContent [
  {
    "answer": "Mitochondria",
    "correct": true,
  },
  {
    "answer": "Nucleus",
    "correct": false,
  },
  {
    "answer": "Ribosome",
    "correct": false,
  },
]
[90mstdout[2m | src/components/PracticeDrill/PracticeDrillDialog.stories.tsx[2m > [22m[2mReview Drill
[22m[39mQuestionBlock.grade.data keys: []
[90mstdout[2m | src/components/PracticeDrill/PracticeDrillDialog.stories.tsx[2m > [22m[2mReview Drill
[22m[39mQuestionBlock.grade.data[nodeKey]: undefined
[90mstdout[2m | src/components/PracticeDrill/PracticeDrillDialog.stories.tsx[2m > [22m[2mReview Drill
[22m[39mQuestionBlockRo.inProgress {}
[90mstdout[2m | src/components/PracticeDrill/PracticeDrillDialog.stories.tsx[2m > [22m[2mReview Drill
[22m[39m[SectionContext] Section observeQuery update: 0
[90mstdout[2m | src/components/PracticeDrill/PracticeDrillDialog.stories.tsx[2m > [22m[2mReview Drill
[22m[39m[FilesContext] File observeQuery update: 0 files
[90mstdout[2m | src/components/PracticeDrill/PracticeDrillDialog.stories.tsx[2m > [22m[2mReview Drill
[22m[39m[ChatContext] AssistantChat initialized with 0 chats
[90mstdout[2m | src/components/PracticeDrill/PracticeDrillDialog.stories.tsx[2m > [22m[2mReview Drill
[22m[39m[MOCK CourseVectorStore] Initialized with mock data
[90mstdout[2m | src/components/PracticeDrill/PracticeDrillDialog.stories.tsx[2m > [22m[2mReview Drill
[22m[39mQuestionBlockRo.grade {
  "_version": 1,
  "accuracy": null,
  "complete": false,
  "data": {},
  "id": "drill-grade-mock-practicesession-1790418699348",
}
[90mstdout[2m | src/components/PracticeDrill/PracticeDrillDialog.stories.tsx[2m > [22m[2mReview Drill
[22m[39m......!q {
  "answer": "Mitochondria",
  "correct": true,
}
[90mstdout[2m | src/components/PracticeDrill/PracticeDrillDialog.stories.tsx[2m > [22m[2mReview Drill
[22m[39m......!q {
  "answer": "Nucleus",
  "correct": false,
}
[90mstdout[2m | src/components/PracticeDrill/PracticeDrillDialog.stories.tsx[2m > [22m[2mReview Drill
[22m[39m......!q {
  "answer": "Ribosome",
  "correct": false,
}
[90mstdout[2m | src/components/PracticeDrill/PracticeDrillDialog.stories.tsx[2m > [22m[2mReview Drill
[22m[39mQuestionBlock.nodeKey 24 type: string
[90mstdout[2m | src/components/PracticeDrill/PracticeDrillDialog.stories.tsx[2m > [22m[2mReview Drill
[22m[39mQuestionBlock.questionContent [
  {
    "answer": "Mitochondria",
    "correct": true,
  },
  {
    "answer": "Nucleus",
    "correct": false,
  },
  {
    "answer": "Ribosome",
    "correct": false,
  },
]
[90mstdout[2m | src/components/PracticeDrill/PracticeDrillDialog.stories.tsx[2m > [22m[2mReview Drill
[22m[39mQuestionBlock.grade.data keys: []
[90mstdout[2m | src/components/PracticeDrill/PracticeDrillDialog.stories.tsx[2m > [22m[2mReview Drill
[22m[39mQuestionBlock.grade.data[nodeKey]: undefined
[90mstdout[2m | src/components/PracticeDrill/PracticeDrillDialog.stories.tsx[2m > [22m[2mReview Drill
[22m[39mQuestionBlockRo.inProgress {}
[90mstdout[2m | src/components/PracticeDrill/PracticeDrillDialog.stories.tsx[2m > [22m[2mReview Drill
[22m[39m[ChatContext] No current chat available, will create one
[90mstdout[2m | src/components/PracticeDrill/PracticeDrillDialog.stories.tsx[2m > [22m[2mReview Drill
[22m[39m[ChatContext] Creating AssistantChat with user: undefined
[90mstdout[2m | src/components/PracticeDrill/PracticeDrillDialog.stories.tsx[2m > [22m[2mReview Drill
[22m[39m[Mock Data] AssistantChat created: mock-assistantchat-1790418699499 - notified 1 subscribers
[90mstdout[2m | src/components/PracticeDrill/PracticeDrillDialog.stories.tsx[2m > [22m[2mReview Drill
[22m[39m[ChatContext] Create result: {
  "data": {
    "_version": 1,
    "archived": false,
    "chatFiles": [Function anonymous],
    "createdAt": "2026-09-26T10:31:39.499Z",
    "id": "mock-assistantchat-1790418699499",
    "model": "gpt-4",
    "updatedAt": "2026-09-26T10:31:39.499Z",
  },
  "errors": [],
  "hasData": true,
  "hasErrors": true,
}
[90mstdout[2m | src/components/PracticeDrill/PracticeDrillDialog.stories.tsx[2m > [22m[2mReview Drill
[22m[39m[ChatContext] Created AssistantChat: mock-assistantchat-1790418699499 at: 2026-09-26T10:31:39.499Z
[90mstdout[2m | src/components/PracticeDrill/PracticeDrillDialog.stories.tsx[2m > [22m[2mReview Drill
[22m[39m[FilesContext] File observeQuery update: 0 files
[90mstdout[2m | src/components/PracticeDrill/PracticeDrillDialog.stories.tsx[2m > [22m[2mReview Drill
[22m[39m[Mock Storage] downloadData called with: undefined
[90mstdout[2m | src/components/PracticeDrill/PracticeDrillDialog.stories.tsx[2m > [22m[2mReview Drill
[22m[39m[ChatContext] Setting initial chat: mock-assistantchat-1790418699499
[90mstdout[2m | src/components/PracticeDrill/PracticeDrillDialog.stories.tsx[2m > [22m[2mReview Drill
[22m[39m[MOCK CourseVectorStore] Initialized with mock data
[90mstdout[2m | src/components/PracticeDrill/PracticeDrillDialog.stories.tsx[2m > [22m[2mReview Drill
[22m[39m[ChatContext] Chat exists and not archived, skipping creation
[90mstdout[2m | src/components/PracticeDrill/PracticeDrillDialog.stories.tsx[2m > [22m[2mReview Drill
[22m[39m[Mock Storage] downloadData called with: undefined
[90mstdout[2m | src/components/PracticeDrill/PracticeDrillDialog.stories.tsx[2m > [22m[2mClosed
[22m[39m[ChatContext] Cleaning up subscriptions
[90mstdout[2m | src/components/PracticeDrill/PracticeDrillDialog.stories.tsx[2m > [22m[2mClosed
[22m[39m[Mock Data] Unit.onUpdate() subscription removed. Remaining: 0
[90mstdout[2m | src/components/PracticeDrill/PracticeDrillDialog.stories.tsx[2m > [22m[2mClosed
[22m[39m[Preview] Skipped initializing default mock data (initializeMockData=false)
[90mstdout[2m | src/components/PracticeDrill/PracticeDrillDialog.stories.tsx[2m > [22m[2mClosed
[22m[39m[Mock Data] seedMockWords: Adding 1 words
[90mstdout[2m | src/components/PracticeDrill/PracticeDrillDialog.stories.tsx[2m > [22m[2mClosed
[22m[39m[Mock Data] seedMockUnit: Adding unit unit-abc-123
[90mstdout[2m | src/components/PracticeDrill/PracticeDrillDialog.stories.tsx[2m > [22m[2mClosed
[22m[39m[MOCK CourseVectorStore] Initialized with mock data
[90mstdout[2m | src/components/PracticeDrill/PracticeDrillDialog.stories.tsx[2m > [22m[2mClosed
[22m[39m[TranslationModeController] Setting mode to: off
[90mstdout[2m | src/components/PracticeDrill/PracticeDrillDialog.stories.tsx[2m > [22m[2mClosed
[22m[39m[UnitContext] useEffect triggered {
  "authLoading": false,
  "hasUser": true,
  "id": "unit-abc-123",
  "userSub": "mock-user-sub",
}
[90mstdout[2m | src/components/PracticeDrill/PracticeDrillDialog.stories.tsx[2m > [22m[2mClosed
[22m[39m[UnitContext] Fetching unit data for id: unit-abc-123
[90mstdout[2m | src/components/PracticeDrill/PracticeDrillDialog.stories.tsx[2m > [22m[2mClosed
[22m[39m[FilesContext] Initializing vector store from IndexedDB
[90mstdout[2m | src/components/PracticeDrill/PracticeDrillDialog.stories.tsx[2m > [22m[2mClosed
[22m[39m[FilesContext] fetchFiles called
[90mstdout[2m | src/components/PracticeDrill/PracticeDrillDialog.stories.tsx[2m > [22m[2mClosed
[22m[39m[FilesContext] User authenticated: mock-user-sub
[90mstdout[2m | src/components/PracticeDrill/PracticeDrillDialog.stories.tsx[2m > [22m[2mClosed
[22m[39m[FilesContext] Identity ID: us-east-1:mock-identity-123
[90mstdout[2m | src/components/PracticeDrill/PracticeDrillDialog.stories.tsx[2m > [22m[2mClosed
[22m[39m[FilesContext] About to set up File observeQuery
[90mstdout[2m | src/components/PracticeDrill/PracticeDrillDialog.stories.tsx[2m > [22m[2mClosed
[22m[39m[ChatContext] Setting up AssistantChat observeQuery
[90mstdout[2m | src/components/PracticeDrill/PracticeDrillDialog.stories.tsx[2m > [22m[2mClosed
[22m[39m[ChatContext] Waiting for subscription to initialize
[90mstdout[2m | src/components/PracticeDrill/PracticeDrillDialog.stories.tsx[2m > [22m[2mClosed
[22m[39m[SettingsContext] Setting up Settings subscription for user: mock-user-sub
[90mstdout[2m | src/components/PracticeDrill/PracticeDrillDialog.stories.tsx[2m > [22m[2mClosed
[22m[39m[Mock Data] Settings created: mock-settings-1790418699716 - notified 0 subscribers
[90mstdout[2m | src/components/PracticeDrill/PracticeDrillDialog.stories.tsx[2m > [22m[2mClosed
[22m[39m[Mock Data] Unit.onUpdate() subscription added. Total: 1
[90mstdout[2m | src/components/PracticeDrill/PracticeDrillDialog.stories.tsx[2m > [22m[2mClosed
[22m[39m[SectionContext] Section observeQuery update: 0
[90mstdout[2m | src/components/PracticeDrill/PracticeDrillDialog.stories.tsx[2m > [22m[2mClosed
[22m[39m[Mock Storage] downloadData called with: undefined
[90mstdout[2m | src/components/PracticeDrill/PracticeDrillDialog.stories.tsx[2m > [22m[2mClosed
[22m[39m[FilesContext] File observeQuery update: 0 files
[90mstdout[2m | src/components/PracticeDrill/PracticeDrillDialog.stories.tsx[2m > [22m[2mClosed
[22m[39m[ChatContext] AssistantChat initialized with 0 chats
[90mstdout[2m | src/components/PracticeDrill/PracticeDrillDialog.stories.tsx[2m > [22m[2mClosed
[22m[39m[MOCK CourseVectorStore] Initialized with mock data
[90mstdout[2m | src/components/PracticeDrill/PracticeDrillDialog.stories.tsx[2m > [22m[2mClosed
[22m[39m[ChatContext] No current chat available, will create one
[90mstdout[2m | src/components/PracticeDrill/PracticeDrillDialog.stories.tsx[2m > [22m[2mClosed
[22m[39m[ChatContext] Creating AssistantChat with user: undefined
[90mstdout[2m | src/components/PracticeDrill/PracticeDrillDialog.stories.tsx[2m > [22m[2mClosed
[22m[39m[Mock Data] AssistantChat created: mock-assistantchat-1790418699728 - notified 1 subscribers
[90mstdout[2m | src/components/PracticeDrill/PracticeDrillDialog.stories.tsx[2m > [22m[2mClosed
[22m[39m[ChatContext] Create result: {
  "data": {
    "_version": 1,
    "archived": false,
    "chatFiles": [Function anonymous],
    "createdAt": "2026-09-26T10:31:39.728Z",
    "id": "mock-assistantchat-1790418699728",
    "model": "gpt-4",
    "updatedAt": "2026-09-26T10:31:39.728Z",
  },
  "errors": [],
  "hasData": true,
  "hasErrors": true,
}
[90mstdout[2m | src/components/PracticeDrill/PracticeDrillDialog.stories.tsx[2m > [22m[2mClosed
[22m[39m[ChatContext] Created AssistantChat: mock-assistantchat-1790418699728 at: 2026-09-26T10:31:39.728Z
[90mstdout[2m | src/components/PracticeDrill/PracticeDrillDialog.stories.tsx[2m > [22m[2mClosed
[22m[39m[ChatContext] Setting initial chat: mock-assistantchat-1790418699728
[90mstdout[2m | src/components/PracticeDrill/PracticeDrillDialog.stories.tsx[2m > [22m[2mClosed
[22m[39m[ChatContext] Chat exists and not archived, skipping creation
[90mstdout[2m | src/components/PracticeDrill/PracticeDrillDialog.stories.tsx[2m > [22m[2mError State
[22m[39m[ChatContext] Cleaning up subscriptions
[90mstdout[2m | src/components/PracticeDrill/PracticeDrillDialog.stories.tsx[2m > [22m[2mError State
[22m[39m[Mock Data] Unit.onUpdate() subscription removed. Remaining: 0
[90mstdout[2m | src/components/PracticeDrill/PracticeDrillDialog.stories.tsx[2m > [22m[2mError State
[22m[39m[Preview] Skipped initializing default mock data (initializeMockData=false)
[90mstdout[2m | src/components/PracticeDrill/PracticeDrillDialog.stories.tsx[2m > [22m[2mError State
[22m[39m[Mock Data] seedMockWords: Adding 1 words
[90mstdout[2m | src/components/PracticeDrill/PracticeDrillDialog.stories.tsx[2m > [22m[2mError State
[22m[39m[Mock Data] seedMockUnit: Adding unit unit-abc-123
[90mstdout[2m | src/components/PracticeDrill/PracticeDrillDialog.stories.tsx[2m > [22m[2mError State
[22m[39m[MOCK CourseVectorStore] Initialized with mock data
[90mstdout[2m | src/components/PracticeDrill/PracticeDrillDialog.stories.tsx[2m > [22m[2mError State
[22m[39m[TranslationModeController] Setting mode to: off
[90mstdout[2m | src/components/PracticeDrill/PracticeDrillDialog.stories.tsx[2m > [22m[2mError State
[22m[39m[UnitContext] useEffect triggered {
  "authLoading": false,
  "hasUser": true,
  "id": "nonexistent-unit",
  "userSub": "mock-user-sub",
}
[90mstdout[2m | src/components/PracticeDrill/PracticeDrillDialog.stories.tsx[2m > [22m[2mError State
[22m[39m[UnitContext] Fetching unit data for id: nonexistent-unit
[90mstdout[2m | src/components/PracticeDrill/PracticeDrillDialog.stories.tsx[2m > [22m[2mError State
[22m[39m[FilesContext] Initializing vector store from IndexedDB
[90mstdout[2m | src/components/PracticeDrill/PracticeDrillDialog.stories.tsx[2m > [22m[2mError State
[22m[39m[FilesContext] fetchFiles called
[90mstdout[2m | src/components/PracticeDrill/PracticeDrillDialog.stories.tsx[2m > [22m[2mError State
[22m[39m[FilesContext] User authenticated: mock-user-sub
[90mstdout[2m | src/components/PracticeDrill/PracticeDrillDialog.stories.tsx[2m > [22m[2mError State
[22m[39m[FilesContext] Identity ID: us-east-1:mock-identity-123
[90mstdout[2m | src/components/PracticeDrill/PracticeDrillDialog.stories.tsx[2m > [22m[2mError State
[22m[39m[FilesContext] About to set up File observeQuery
[90mstdout[2m | src/components/PracticeDrill/PracticeDrillDialog.stories.tsx[2m > [22m[2mError State
[22m[39m[ChatContext] Setting up AssistantChat observeQuery
[90mstdout[2m | src/components/PracticeDrill/PracticeDrillDialog.stories.tsx[2m > [22m[2mError State
[22m[39m[ChatContext] Waiting for subscription to initialize
[90mstdout[2m | src/components/PracticeDrill/PracticeDrillDialog.stories.tsx[2m > [22m[2mError State
[22m[39m[SettingsContext] Setting up Settings subscription for user: mock-user-sub
[90mstdout[2m | src/components/PracticeDrill/PracticeDrillDialog.stories.tsx[2m > [22m[2mError State
[22m[39m[Mock Data] PracticeSession created: mock-practicesession-1790418699827 - notified 1 subscribers
[90mstdout[2m | src/components/PracticeDrill/PracticeDrillDialog.stories.tsx[2m > [22m[2mError State
[22m[39m[Mock Data] Settings created: mock-settings-1790418699828 - notified 0 subscribers
[90mstdout[2m | src/components/PracticeDrill/PracticeDrillDialog.stories.tsx[2m > [22m[2mError State
[22m[39m[Mock Data] Unit.onUpdate() subscription added. Total: 1
[90mstdout[2m | src/components/PracticeDrill/PracticeDrillDialog.stories.tsx[2m > [22m[2mError State
[22m[39m[MOCK CourseVectorStore] Initialized with mock data
[90mstdout[2m | src/components/PracticeDrill/PracticeDrillDialog.stories.tsx[2m > [22m[2mError State
[22m[39m[WorkbookStatePlugin] Loading unit content into read-only workbook: drill-mock-practicesession-1790418699827
[90mstdout[2m | src/components/PracticeDrill/PracticeDrillDialog.stories.tsx[2m > [22m[2mError State
[22m[39m[FilesContext] Initializing vector store from IndexedDB
[90mstdout[2m | src/components/PracticeDrill/PracticeDrillDialog.stories.tsx[2m > [22m[2mError State
[22m[39m[FilesContext] fetchFiles called
[90mstdout[2m | src/components/PracticeDrill/PracticeDrillDialog.stories.tsx[2m > [22m[2mError State
[22m[39m[FilesContext] User authenticated: mock-user-sub
[90mstdout[2m | src/components/PracticeDrill/PracticeDrillDialog.stories.tsx[2m > [22m[2mError State
[22m[39m[FilesContext] Identity ID: us-east-1:mock-identity-123
[90mstdout[2m | src/components/PracticeDrill/PracticeDrillDialog.stories.tsx[2m > [22m[2mError State
[22m[39m[FilesContext] About to set up File observeQuery
[90mstdout[2m | src/components/PracticeDrill/PracticeDrillDialog.stories.tsx[2m > [22m[2mError State
[22m[39mQuestionBlockRo.grade {
  "_version": 1,
  "accuracy": null,
  "complete": false,
  "data": {},
  "id": "drill-grade-mock-practicesession-1790418699827",
}
[90mstdout[2m | src/components/PracticeDrill/PracticeDrillDialog.stories.tsx[2m > [22m[2mError State
[22m[39m......!q {
  "answer": "Mitochondria",
  "correct": true,
}
[90mstdout[2m | src/components/PracticeDrill/PracticeDrillDialog.stories.tsx[2m > [22m[2mError State
[22m[39m......!q {
  "answer": "Nucleus",
  "correct": false,
}
[90mstdout[2m | src/components/PracticeDrill/PracticeDrillDialog.stories.tsx[2m > [22m[2mError State
[22m[39m......!q {
  "answer": "Ribosome",
  "correct": false,
}
[90mstdout[2m | src/components/PracticeDrill/PracticeDrillDialog.stories.tsx[2m > [22m[2mError State
[22m[39mQuestionBlock.nodeKey 31 type: string
[90mstdout[2m | src/components/PracticeDrill/PracticeDrillDialog.stories.tsx[2m > [22m[2mError State
[22m[39mQuestionBlock.questionContent [
  {
    "answer": "Mitochondria",
    "correct": true,
  },
  {
    "answer": "Nucleus",
    "correct": false,
  },
  {
    "answer": "Ribosome",
    "correct": false,
  },
]
[90mstdout[2m | src/components/PracticeDrill/PracticeDrillDialog.stories.tsx[2m > [22m[2mError State
[22m[39mQuestionBlock.grade.data keys: []
[90mstdout[2m | src/components/PracticeDrill/PracticeDrillDialog.stories.tsx[2m > [22m[2mError State
[22m[39mQuestionBlock.grade.data[nodeKey]: undefined
[90mstdout[2m | src/components/PracticeDrill/PracticeDrillDialog.stories.tsx[2m > [22m[2mError State
[22m[39mQuestionBlockRo.inProgress {}
[90mstdout[2m | src/components/PracticeDrill/PracticeDrillDialog.stories.tsx[2m > [22m[2mError State
[22m[39m[SectionContext] Section observeQuery update: 0
[90mstdout[2m | src/components/PracticeDrill/PracticeDrillDialog.stories.tsx[2m > [22m[2mError State
[22m[39m[FilesContext] File observeQuery update: 0 files
[90mstdout[2m | src/components/PracticeDrill/PracticeDrillDialog.stories.tsx[2m > [22m[2mError State
[22m[39m[ChatContext] AssistantChat initialized with 0 chats
[90mstdout[2m | src/components/PracticeDrill/PracticeDrillDialog.stories.tsx[2m > [22m[2mError State
[22m[39m[MOCK CourseVectorStore] Initialized with mock data
[90mstdout[2m | src/components/PracticeDrill/PracticeDrillDialog.stories.tsx[2m > [22m[2mError State
[22m[39mQuestionBlockRo.grade {
  "_version": 1,
  "accuracy": null,
  "complete": false,
  "data": {},
  "id": "drill-grade-mock-practicesession-1790418699827",
}
[90mstdout[2m | src/components/PracticeDrill/PracticeDrillDialog.stories.tsx[2m > [22m[2mError State
[22m[39m......!q {
  "answer": "Mitochondria",
  "correct": true,
}
[90mstdout[2m | src/components/PracticeDrill/PracticeDrillDialog.stories.tsx[2m > [22m[2mError State
[22m[39m......!q {
  "answer": "Nucleus",
  "correct": false,
}
[90mstdout[2m | src/components/PracticeDrill/PracticeDrillDialog.stories.tsx[2m > [22m[2mError State
[22m[39m......!q {
  "answer": "Ribosome",
  "correct": false,
}
[90mstdout[2m | src/components/PracticeDrill/PracticeDrillDialog.stories.tsx[2m > [22m[2mError State
[22m[39mQuestionBlock.nodeKey 31 type: string
[90mstdout[2m | src/components/PracticeDrill/PracticeDrillDialog.stories.tsx[2m > [22m[2mError State
[22m[39mQuestionBlock.questionContent [
  {
    "answer": "Mitochondria",
    "correct": true,
  },
  {
    "answer": "Nucleus",
    "correct": false,
  },
  {
    "answer": "Ribosome",
    "correct": false,
  },
]
[90mstdout[2m | src/components/PracticeDrill/PracticeDrillDialog.stories.tsx[2m > [22m[2mError State
[22m[39mQuestionBlock.grade.data keys: []
[90mstdout[2m | src/components/PracticeDrill/PracticeDrillDialog.stories.tsx[2m > [22m[2mError State
[22m[39mQuestionBlock.grade.data[nodeKey]: undefined
[90mstdout[2m | src/components/PracticeDrill/PracticeDrillDialog.stories.tsx[2m > [22m[2mError State
[22m[39mQuestionBlockRo.inProgress {}
[90mstdout[2m | src/components/PracticeDrill/PracticeDrillDialog.stories.tsx[2m > [22m[2mError State
[22m[39m[ChatContext] No current chat available, will create one
[90mstdout[2m | src/components/PracticeDrill/PracticeDrillDialog.stories.tsx[2m > [22m[2mError State
[22m[39m[ChatContext] Creating AssistantChat with user: undefined
[90mstdout[2m | src/components/PracticeDrill/PracticeDrillDialog.stories.tsx[2m > [22m[2mError State
[22m[39m[Mock Data] AssistantChat created: mock-assistantchat-1790418699967 - notified 1 subscribers
[90mstdout[2m | src/components/PracticeDrill/PracticeDrillDialog.stories.tsx[2m > [22m[2mError State
[22m[39m[ChatContext] Create result: {
  "data": {
    "_version": 1,
    "archived": false,
    "chatFiles": [Function anonymous],
    "createdAt": "2026-09-26T10:31:39.967Z",
    "id": "mock-assistantchat-1790418699967",
    "model": "gpt-4",
    "updatedAt": "2026-09-26T10:31:39.967Z",
  },
  "errors": [],
  "hasData": true,
  "hasErrors": true,
}
[90mstdout[2m | src/components/PracticeDrill/PracticeDrillDialog.stories.tsx[2m > [22m[2mError State
[22m[39m[ChatContext] Created AssistantChat: mock-assistantchat-1790418699967 at: 2026-09-26T10:31:39.967Z
[90mstdout[2m | src/components/PracticeDrill/PracticeDrillDialog.stories.tsx[2m > [22m[2mError State
[22m[39m[FilesContext] File observeQuery update: 0 files
[90mstdout[2m | src/components/PracticeDrill/PracticeDrillDialog.stories.tsx[2m > [22m[2mError State
[22m[39m[Mock Storage] downloadData called with: undefined
[90mstdout[2m | src/components/PracticeDrill/PracticeDrillDialog.stories.tsx[2m > [22m[2mError State
[22m[39m[ChatContext] Setting initial chat: mock-assistantchat-1790418699967
[90mstdout[2m | src/components/PracticeDrill/PracticeDrillDialog.stories.tsx[2m > [22m[2mError State
[22m[39m[MOCK CourseVectorStore] Initialized with mock data
[90mstdout[2m | src/components/PracticeDrill/PracticeDrillDialog.stories.tsx[2m > [22m[2mError State
[22m[39m[ChatContext] Chat exists and not archived, skipping creation
[90mstdout[2m | src/components/PracticeDrill/PracticeDrillDialog.stories.tsx[2m > [22m[2mError State
[22m[39m[Mock Storage] downloadData called with: undefined
 [32m✓[39m [30m[45m storybook (chromium) [49m[39m src/components/PracticeDrill/PracticeDrillDialog.stories.tsx [2m([22m[2m6 tests[22m[2m)[22m[33m 2150[2mms[22m[39m
   [33m[2m✓[22m[39m Default [33m 549[2mms[22m[39m
   [33m[2m✓[22m[39m Vocabulary Only [33m 424[2mms[22m[39m
   [33m[2m✓[22m[39m Diminished XP [33m 364[2mms[22m[39m
   [33m[2m✓[22m[39m Review Drill [33m 378[2mms[22m[39m
   [33m[2m✓[22m[39m Error State [33m 345[2mms[22m[39m
[90mstdout[2m | unknown test
[22m[39m[MOCK vectorStoreDB.js] Module loaded - mock IndexedDB operations
[90mstdout[2m | unknown test
[22m[39m[Task Completion] DOM action listeners initialized
[90mstdout[2m | unknown test
[22m[39m[Task Completion] Auto-completion detector initialized
[90mstdout[2m | unknown test
[22m[39m[Preview] Task completion detector initialized
[90mstdout[2m | src/components/QuestionsReview2.stories.tsx[2m > [22m[2mDefault
[22m[39m[Preview] Skipped initializing default mock data (initializeMockData=false)
[90mstdout[2m | src/components/QuestionsReview2.stories.tsx[2m > [22m[2mDefault
[22m[39m[Mock Data] seedMockDocuments: Adding 1 documents
[90mstdout[2m | src/components/QuestionsReview2.stories.tsx[2m > [22m[2mDefault
[22m[39m[Mock Data] seedMockParsedContent: Adding 1 parsed content records
[90mstdout[2m | src/components/QuestionsReview2.stories.tsx[2m > [22m[2mDefault
[22m[39m[MOCK CourseVectorStore] Initialized with mock data
[90mstdout[2m | src/components/QuestionsReview2.stories.tsx[2m > [22m[2mDefault
[22m[39m[TranslationModeController] Setting mode to: off
[90mstdout[2m | src/components/QuestionsReview2.stories.tsx[2m > [22m[2mDefault
[22m[39m[UnitContext] useEffect triggered {
  "authLoading": false,
  "hasUser": true,
  "id": "mock-unit-1",
  "userSub": "mock-user-sub",
}
[90mstdout[2m | src/components/QuestionsReview2.stories.tsx[2m > [22m[2mDefault
[22m[39m[UnitContext] Fetching unit data for id: mock-unit-1
[90mstdout[2m | src/components/QuestionsReview2.stories.tsx[2m > [22m[2mDefault
[22m[39m[FilesContext] Initializing vector store from IndexedDB
[90mstdout[2m | src/components/QuestionsReview2.stories.tsx[2m > [22m[2mDefault
[22m[39m[FilesContext] fetchFiles called
[90mstdout[2m | src/components/QuestionsReview2.stories.tsx[2m > [22m[2mDefault
[22m[39m[FilesContext] User authenticated: mock-user-sub
[90mstdout[2m | src/components/QuestionsReview2.stories.tsx[2m > [22m[2mDefault
[22m[39m[FilesContext] Identity ID: us-east-1:mock-identity-123
[90mstdout[2m | src/components/QuestionsReview2.stories.tsx[2m > [22m[2mDefault
[22m[39m[FilesContext] About to set up File observeQuery
[90mstdout[2m | src/components/QuestionsReview2.stories.tsx[2m > [22m[2mDefault
[22m[39m[ChatContext] Setting up AssistantChat observeQuery
[90mstdout[2m | src/components/QuestionsReview2.stories.tsx[2m > [22m[2mDefault
[22m[39m[ChatContext] Waiting for subscription to initialize
[90mstdout[2m | src/components/QuestionsReview2.stories.tsx[2m > [22m[2mDefault
[22m[39m[SettingsContext] Setting up Settings subscription for user: mock-user-sub
[90mstdout[2m | src/components/QuestionsReview2.stories.tsx[2m > [22m[2mDefault
[22m[39m[Mock Data] Settings created: mock-settings-1790418703489 - notified 0 subscribers
[90mstdout[2m | src/components/QuestionsReview2.stories.tsx[2m > [22m[2mDefault
[22m[39m[Mock Data] Unit.onUpdate() subscription added. Total: 1
[90mstdout[2m | src/components/QuestionsReview2.stories.tsx[2m > [22m[2mDefault
[22m[39m[SectionContext] Section observeQuery update: 0
[90mstdout[2m | src/components/QuestionsReview2.stories.tsx[2m > [22m[2mDefault
[22m[39m[FilesContext] File observeQuery update: 0 files
[90mstdout[2m | src/components/QuestionsReview2.stories.tsx[2m > [22m[2mDefault
[22m[39m[ChatContext] AssistantChat initialized with 0 chats
[90mstdout[2m | src/components/QuestionsReview2.stories.tsx[2m > [22m[2mDefault
[22m[39m[MOCK CourseVectorStore] Initialized with mock data
[90mstdout[2m | src/components/QuestionsReview2.stories.tsx[2m > [22m[2mDefault
[22m[39m[ChatContext] No current chat available, will create one
[90mstdout[2m | src/components/QuestionsReview2.stories.tsx[2m > [22m[2mDefault
[22m[39m[ChatContext] Creating AssistantChat with user: undefined
[90mstdout[2m | src/components/QuestionsReview2.stories.tsx[2m > [22m[2mDefault
[22m[39m[Mock Data] AssistantChat created: mock-assistantchat-1790418703715 - notified 1 subscribers
[90mstdout[2m | src/components/QuestionsReview2.stories.tsx[2m > [22m[2mDefault
[22m[39m[ChatContext] Create result: {
  "data": {
    "_version": 1,
    "archived": false,
    "chatFiles": [Function anonymous],
    "createdAt": "2026-09-26T10:31:43.715Z",
    "id": "mock-assistantchat-1790418703715",
    "model": "gpt-4",
    "updatedAt": "2026-09-26T10:31:43.715Z",
  },
  "errors": [],
  "hasData": true,
  "hasErrors": true,
}
[90mstdout[2m | src/components/QuestionsReview2.stories.tsx[2m > [22m[2mDefault
[22m[39m[ChatContext] Created AssistantChat: mock-assistantchat-1790418703715 at: 2026-09-26T10:31:43.715Z
[90mstdout[2m | src/components/QuestionsReview2.stories.tsx[2m > [22m[2mDefault
[22m[39m[Mock Storage] downloadData called with: undefined
[90mstdout[2m | src/components/QuestionsReview2.stories.tsx[2m > [22m[2mDefault
[22m[39m[ChatContext] Setting initial chat: mock-assistantchat-1790418703715
[90mstdout[2m | src/components/QuestionsReview2.stories.tsx[2m > [22m[2mDefault
[22m[39m[ChatContext] Chat exists and not archived, skipping creation
[90mstdout[2m | src/components/QuestionsReview2.stories.tsx[2m > [22m[2mWith Search Highlight
[22m[39m[ChatContext] Cleaning up subscriptions
[90mstdout[2m | src/components/QuestionsReview2.stories.tsx[2m > [22m[2mWith Search Highlight
[22m[39m[Mock Data] Unit.onUpdate() subscription removed. Remaining: 0
[90mstdout[2m | src/components/QuestionsReview2.stories.tsx[2m > [22m[2mWith Search Highlight
[22m[39m[Preview] Skipped initializing default mock data (initializeMockData=false)
[90mstdout[2m | src/components/QuestionsReview2.stories.tsx[2m > [22m[2mWith Search Highlight
[22m[39m[Mock Data] seedMockDocuments: Adding 1 documents
[90mstdout[2m | src/components/QuestionsReview2.stories.tsx[2m > [22m[2mWith Search Highlight
[22m[39m[Mock Data] seedMockParsedContent: Adding 1 parsed content records
[90mstdout[2m | src/components/QuestionsReview2.stories.tsx[2m > [22m[2mWith Search Highlight
[22m[39m[MOCK CourseVectorStore] Initialized with mock data
[90mstdout[2m | src/components/QuestionsReview2.stories.tsx[2m > [22m[2mWith Search Highlight
[22m[39m[TranslationModeController] Setting mode to: off
[90mstdout[2m | src/components/QuestionsReview2.stories.tsx[2m > [22m[2mWith Search Highlight
[22m[39m[UnitContext] useEffect triggered {
  "authLoading": false,
  "hasUser": true,
  "id": "mock-unit-1",
  "userSub": "mock-user-sub",
}
[90mstdout[2m | src/components/QuestionsReview2.stories.tsx[2m > [22m[2mWith Search Highlight
[22m[39m[UnitContext] Fetching unit data for id: mock-unit-1
[90mstdout[2m | src/components/QuestionsReview2.stories.tsx[2m > [22m[2mWith Search Highlight
[22m[39m[FilesContext] Initializing vector store from IndexedDB
[90mstdout[2m | src/components/QuestionsReview2.stories.tsx[2m > [22m[2mWith Search Highlight
[22m[39m[FilesContext] fetchFiles called
[90mstdout[2m | src/components/QuestionsReview2.stories.tsx[2m > [22m[2mWith Search Highlight
[22m[39m[FilesContext] User authenticated: mock-user-sub
[90mstdout[2m | src/components/QuestionsReview2.stories.tsx[2m > [22m[2mWith Search Highlight
[22m[39m[FilesContext] Identity ID: us-east-1:mock-identity-123
[90mstdout[2m | src/components/QuestionsReview2.stories.tsx[2m > [22m[2mWith Search Highlight
[22m[39m[FilesContext] About to set up File observeQuery
[90mstdout[2m | src/components/QuestionsReview2.stories.tsx[2m > [22m[2mWith Search Highlight
[22m[39m[ChatContext] Setting up AssistantChat observeQuery
[90mstdout[2m | src/components/QuestionsReview2.stories.tsx[2m > [22m[2mWith Search Highlight
[22m[39m[ChatContext] Waiting for subscription to initialize
[90mstdout[2m | src/components/QuestionsReview2.stories.tsx[2m > [22m[2mWith Search Highlight
[22m[39m[SettingsContext] Setting up Settings subscription for user: mock-user-sub
[90mstdout[2m | src/components/QuestionsReview2.stories.tsx[2m > [22m[2mWith Search Highlight
[22m[39m[Mock Data] Settings created: mock-settings-1790418704007 - notified 0 subscribers
[90mstdout[2m | src/components/QuestionsReview2.stories.tsx[2m > [22m[2mWith Search Highlight
[22m[39m[Mock Data] Unit.onUpdate() subscription added. Total: 1
[90mstdout[2m | src/components/QuestionsReview2.stories.tsx[2m > [22m[2mWith Search Highlight
[22m[39m[SectionContext] Section observeQuery update: 0
[90mstdout[2m | src/components/QuestionsReview2.stories.tsx[2m > [22m[2mWith Search Highlight
[22m[39m[FilesContext] File observeQuery update: 0 files
[90mstdout[2m | src/components/QuestionsReview2.stories.tsx[2m > [22m[2mWith Search Highlight
[22m[39m[ChatContext] AssistantChat initialized with 0 chats
[90mstdout[2m | src/components/QuestionsReview2.stories.tsx[2m > [22m[2mWith Search Highlight
[22m[39m[Mock Storage] downloadData called with: undefined
[90mstdout[2m | src/components/QuestionsReview2.stories.tsx[2m > [22m[2mWith Search Highlight
[22m[39m[MOCK CourseVectorStore] Initialized with mock data
[90mstdout[2m | src/components/QuestionsReview2.stories.tsx[2m > [22m[2mWith Search Highlight
[22m[39m[ChatContext] No current chat available, will create one
[90mstdout[2m | src/components/QuestionsReview2.stories.tsx[2m > [22m[2mWith Search Highlight
[22m[39m[ChatContext] Creating AssistantChat with user: undefined
[90mstdout[2m | src/components/QuestionsReview2.stories.tsx[2m > [22m[2mWith Search Highlight
[22m[39m[Mock Data] AssistantChat created: mock-assistantchat-1790418704128 - notified 1 subscribers
[90mstdout[2m | src/components/QuestionsReview2.stories.tsx[2m > [22m[2mWith Search Highlight
[22m[39m[ChatContext] Create result: {
  "data": {
    "_version": 1,
    "archived": false,
    "chatFiles": [Function anonymous],
    "createdAt": "2026-09-26T10:31:44.128Z",
    "id": "mock-assistantchat-1790418704128",
    "model": "gpt-4",
    "updatedAt": "2026-09-26T10:31:44.128Z",
  },
  "errors": [],
  "hasData": true,
  "hasErrors": true,
}
[90mstdout[2m | src/components/QuestionsReview2.stories.tsx[2m > [22m[2mWith Search Highlight
[22m[39m[ChatContext] Created AssistantChat: mock-assistantchat-1790418704128 at: 2026-09-26T10:31:44.128Z
[90mstdout[2m | src/components/QuestionsReview2.stories.tsx[2m > [22m[2mWith Search Highlight
[22m[39m[ChatContext] Setting initial chat: mock-assistantchat-1790418704128
[90mstdout[2m | src/components/QuestionsReview2.stories.tsx[2m > [22m[2mWith Search Highlight
[22m[39m[ChatContext] Chat exists and not archived, skipping creation
[90mstdout[2m | src/components/QuestionsReview2.stories.tsx[2m > [22m[2mLarge List
[22m[39m[ChatContext] Cleaning up subscriptions
[90mstdout[2m | src/components/QuestionsReview2.stories.tsx[2m > [22m[2mLarge List
[22m[39m[Mock Data] Unit.onUpdate() subscription removed. Remaining: 0
[90mstdout[2m | src/components/QuestionsReview2.stories.tsx[2m > [22m[2mLarge List
[22m[39m[Preview] Skipped initializing default mock data (initializeMockData=false)
[90mstdout[2m | src/components/QuestionsReview2.stories.tsx[2m > [22m[2mLarge List
[22m[39m[Mock Data] seedMockDocuments: Adding 1 documents
[90mstdout[2m | src/components/QuestionsReview2.stories.tsx[2m > [22m[2mLarge List
[22m[39m[Mock Data] seedMockParsedContent: Adding 1 parsed content records
[90mstdout[2m | src/components/QuestionsReview2.stories.tsx[2m > [22m[2mLarge List
[22m[39m[MOCK CourseVectorStore] Initialized with mock data
[90mstdout[2m | src/components/QuestionsReview2.stories.tsx[2m > [22m[2mLarge List
[22m[39m[TranslationModeController] Setting mode to: off
[90mstdout[2m | src/components/QuestionsReview2.stories.tsx[2m > [22m[2mLarge List
[22m[39m[UnitContext] useEffect triggered {
  "authLoading": false,
  "hasUser": true,
  "id": "mock-unit-1",
  "userSub": "mock-user-sub",
}
[90mstdout[2m | src/components/QuestionsReview2.stories.tsx[2m > [22m[2mLarge List
[22m[39m[UnitContext] Fetching unit data for id: mock-unit-1
[90mstdout[2m | src/components/QuestionsReview2.stories.tsx[2m > [22m[2mLarge List
[22m[39m[FilesContext] Initializing vector store from IndexedDB
[90mstdout[2m | src/components/QuestionsReview2.stories.tsx[2m > [22m[2mLarge List
[22m[39m[FilesContext] fetchFiles called
[90mstdout[2m | src/components/QuestionsReview2.stories.tsx[2m > [22m[2mLarge List
[22m[39m[FilesContext] User authenticated: mock-user-sub
[90mstdout[2m | src/components/QuestionsReview2.stories.tsx[2m > [22m[2mLarge List
[22m[39m[FilesContext] Identity ID: us-east-1:mock-identity-123
[90mstdout[2m | src/components/QuestionsReview2.stories.tsx[2m > [22m[2mLarge List
[22m[39m[FilesContext] About to set up File observeQuery
[90mstdout[2m | src/components/QuestionsReview2.stories.tsx[2m > [22m[2mLarge List
[22m[39m[ChatContext] Setting up AssistantChat observeQuery
[90mstdout[2m | src/components/QuestionsReview2.stories.tsx[2m > [22m[2mLarge List
[22m[39m[ChatContext] Waiting for subscription to initialize
[90mstdout[2m | src/components/QuestionsReview2.stories.tsx[2m > [22m[2mLarge List
[22m[39m[SettingsContext] Setting up Settings subscription for user: mock-user-sub
[90mstdout[2m | src/components/QuestionsReview2.stories.tsx[2m > [22m[2mLarge List
[22m[39m[Mock Data] Settings created: mock-settings-1790418704277 - notified 0 subscribers
[90mstdout[2m | src/components/QuestionsReview2.stories.tsx[2m > [22m[2mLarge List
[22m[39m[Mock Data] Unit.onUpdate() subscription added. Total: 1
[90mstdout[2m | src/components/QuestionsReview2.stories.tsx[2m > [22m[2mLarge List
[22m[39m[SectionContext] Section observeQuery update: 0
[90mstdout[2m | src/components/QuestionsReview2.stories.tsx[2m > [22m[2mLarge List
[22m[39m[FilesContext] File observeQuery update: 0 files
[90mstdout[2m | src/components/QuestionsReview2.stories.tsx[2m > [22m[2mLarge List
[22m[39m[ChatContext] AssistantChat initialized with 0 chats
[90mstdout[2m | src/components/QuestionsReview2.stories.tsx[2m > [22m[2mLarge List
[22m[39m[Mock Storage] downloadData called with: undefined
[90mstdout[2m | src/components/QuestionsReview2.stories.tsx[2m > [22m[2mLarge List
[22m[39m[MOCK CourseVectorStore] Initialized with mock data
[90mstdout[2m | src/components/QuestionsReview2.stories.tsx[2m > [22m[2mLarge List
[22m[39m[ChatContext] No current chat available, will create one
[90mstdout[2m | src/components/QuestionsReview2.stories.tsx[2m > [22m[2mLarge List
[22m[39m[ChatContext] Creating AssistantChat with user: undefined
[90mstdout[2m | src/components/QuestionsReview2.stories.tsx[2m > [22m[2mLarge List
[22m[39m[Mock Data] AssistantChat created: mock-assistantchat-1790418704536 - notified 1 subscribers
[90mstdout[2m | src/components/QuestionsReview2.stories.tsx[2m > [22m[2mLarge List
[22m[39m[ChatContext] Create result: {
  "data": {
    "_version": 1,
    "archived": false,
    "chatFiles": [Function anonymous],
    "createdAt": "2026-09-26T10:31:44.536Z",
    "id": "mock-assistantchat-1790418704536",
    "model": "gpt-4",
    "updatedAt": "2026-09-26T10:31:44.536Z",
  },
  "errors": [],
  "hasData": true,
  "hasErrors": true,
}
[90mstdout[2m | src/components/QuestionsReview2.stories.tsx[2m > [22m[2mLarge List
[22m[39m[ChatContext] Created AssistantChat: mock-assistantchat-1790418704536 at: 2026-09-26T10:31:44.536Z
[90mstdout[2m | src/components/QuestionsReview2.stories.tsx[2m > [22m[2mLarge List
[22m[39m[ChatContext] Setting initial chat: mock-assistantchat-1790418704536
[90mstdout[2m | src/components/QuestionsReview2.stories.tsx[2m > [22m[2mLarge List
[22m[39m[ChatContext] Chat exists and not archived, skipping creation
[90mstdout[2m | src/components/QuestionsReview2.stories.tsx[2m > [22m[2mEssay Questions
[22m[39m[ChatContext] Cleaning up subscriptions
[90mstdout[2m | src/components/QuestionsReview2.stories.tsx[2m > [22m[2mEssay Questions
[22m[39m[Mock Data] Unit.onUpdate() subscription removed. Remaining: 0
[90mstdout[2m | src/components/QuestionsReview2.stories.tsx[2m > [22m[2mEssay Questions
[22m[39m[Preview] Skipped initializing default mock data (initializeMockData=false)
[90mstdout[2m | src/components/QuestionsReview2.stories.tsx[2m > [22m[2mEssay Questions
[22m[39m[Mock Data] seedMockDocuments: Adding 1 documents
[90mstdout[2m | src/components/QuestionsReview2.stories.tsx[2m > [22m[2mEssay Questions
[22m[39m[Mock Data] seedMockParsedContent: Adding 1 parsed content records
[90mstdout[2m | src/components/QuestionsReview2.stories.tsx[2m > [22m[2mEssay Questions
[22m[39m[MOCK CourseVectorStore] Initialized with mock data
[90mstdout[2m | src/components/QuestionsReview2.stories.tsx[2m > [22m[2mEssay Questions
[22m[39m[TranslationModeController] Setting mode to: off
[90mstdout[2m | src/components/QuestionsReview2.stories.tsx[2m > [22m[2mEssay Questions
[22m[39m[UnitContext] useEffect triggered {
  "authLoading": false,
  "hasUser": true,
  "id": "mock-unit-1",
  "userSub": "mock-user-sub",
}
[90mstdout[2m | src/components/QuestionsReview2.stories.tsx[2m > [22m[2mEssay Questions
[22m[39m[UnitContext] Fetching unit data for id: mock-unit-1
[90mstdout[2m | src/components/QuestionsReview2.stories.tsx[2m > [22m[2mEssay Questions
[22m[39m[FilesContext] Initializing vector store from IndexedDB
[90mstdout[2m | src/components/QuestionsReview2.stories.tsx[2m > [22m[2mEssay Questions
[22m[39m[FilesContext] fetchFiles called
[90mstdout[2m | src/components/QuestionsReview2.stories.tsx[2m > [22m[2mEssay Questions
[22m[39m[FilesContext] User authenticated: mock-user-sub
[90mstdout[2m | src/components/QuestionsReview2.stories.tsx[2m > [22m[2mEssay Questions
[22m[39m[FilesContext] Identity ID: us-east-1:mock-identity-123
[90mstdout[2m | src/components/QuestionsReview2.stories.tsx[2m > [22m[2mEssay Questions
[22m[39m[FilesContext] About to set up File observeQuery
[90mstdout[2m | src/components/QuestionsReview2.stories.tsx[2m > [22m[2mEssay Questions
[22m[39m[ChatContext] Setting up AssistantChat observeQuery
[90mstdout[2m | src/components/QuestionsReview2.stories.tsx[2m > [22m[2mEssay Questions
[22m[39m[ChatContext] Waiting for subscription to initialize
[90mstdout[2m | src/components/QuestionsReview2.stories.tsx[2m > [22m[2mEssay Questions
[22m[39m[SettingsContext] Setting up Settings subscription for user: mock-user-sub
[90mstdout[2m | src/components/QuestionsReview2.stories.tsx[2m > [22m[2mEssay Questions
[22m[39m[Mock Data] Settings created: mock-settings-1790418704750 - notified 0 subscribers
[90mstdout[2m | src/components/QuestionsReview2.stories.tsx[2m > [22m[2mEssay Questions
[22m[39m[Mock Data] Unit.onUpdate() subscription added. Total: 1
[90mstdout[2m | src/components/QuestionsReview2.stories.tsx[2m > [22m[2mEssay Questions
[22m[39m[SectionContext] Section observeQuery update: 0
[90mstdout[2m | src/components/QuestionsReview2.stories.tsx[2m > [22m[2mEssay Questions
[22m[39m[FilesContext] File observeQuery update: 0 files
[90mstdout[2m | src/components/QuestionsReview2.stories.tsx[2m > [22m[2mEssay Questions
[22m[39m[ChatContext] AssistantChat initialized with 0 chats
[90mstdout[2m | src/components/QuestionsReview2.stories.tsx[2m > [22m[2mEssay Questions
[22m[39m[Mock Storage] downloadData called with: undefined
[90mstdout[2m | src/components/QuestionsReview2.stories.tsx[2m > [22m[2mEssay Questions
[22m[39m[MOCK CourseVectorStore] Initialized with mock data
[90mstdout[2m | src/components/QuestionsReview2.stories.tsx[2m > [22m[2mEssay Questions
[22m[39m[ChatContext] No current chat available, will create one
[90mstdout[2m | src/components/QuestionsReview2.stories.tsx[2m > [22m[2mEssay Questions
[22m[39m[ChatContext] Creating AssistantChat with user: undefined
[90mstdout[2m | src/components/QuestionsReview2.stories.tsx[2m > [22m[2mEssay Questions
[22m[39m[Mock Data] AssistantChat created: mock-assistantchat-1790418704898 - notified 1 subscribers
[90mstdout[2m | src/components/QuestionsReview2.stories.tsx[2m > [22m[2mEssay Questions
[22m[39m[ChatContext] Create result: {
  "data": {
    "_version": 1,
    "archived": false,
    "chatFiles": [Function anonymous],
    "createdAt": "2026-09-26T10:31:44.898Z",
    "id": "mock-assistantchat-1790418704898",
    "model": "gpt-4",
    "updatedAt": "2026-09-26T10:31:44.898Z",
  },
  "errors": [],
  "hasData": true,
  "hasErrors": true,
}
[90mstdout[2m | src/components/QuestionsReview2.stories.tsx[2m > [22m[2mEssay Questions
[22m[39m[ChatContext] Created AssistantChat: mock-assistantchat-1790418704898 at: 2026-09-26T10:31:44.898Z
[90mstdout[2m | src/components/QuestionsReview2.stories.tsx[2m > [22m[2mEssay Questions
[22m[39m[ChatContext] Setting initial chat: mock-assistantchat-1790418704898
[90mstdout[2m | src/components/QuestionsReview2.stories.tsx[2m > [22m[2mEssay Questions
[22m[39m[ChatContext] Chat exists and not archived, skipping creation
[90mstdout[2m | src/components/QuestionsReview2.stories.tsx[2m > [22m[2mComprehension Questions
[22m[39m[ChatContext] Cleaning up subscriptions
[90mstdout[2m | src/components/QuestionsReview2.stories.tsx[2m > [22m[2mComprehension Questions
[22m[39m[Mock Data] Unit.onUpdate() subscription removed. Remaining: 0
[90mstdout[2m | src/components/QuestionsReview2.stories.tsx[2m > [22m[2mComprehension Questions
[22m[39m[Preview] Skipped initializing default mock data (initializeMockData=false)
[90mstdout[2m | src/components/QuestionsReview2.stories.tsx[2m > [22m[2mComprehension Questions
[22m[39m[Mock Data] seedMockDocuments: Adding 1 documents
[90mstdout[2m | src/components/QuestionsReview2.stories.tsx[2m > [22m[2mComprehension Questions
[22m[39m[Mock Data] seedMockParsedContent: Adding 1 parsed content records
[90mstdout[2m | src/components/QuestionsReview2.stories.tsx[2m > [22m[2mComprehension Questions
[22m[39m[MOCK CourseVectorStore] Initialized with mock data
[90mstdout[2m | src/components/QuestionsReview2.stories.tsx[2m > [22m[2mComprehension Questions
[22m[39m[TranslationModeController] Setting mode to: off
[90mstdout[2m | src/components/QuestionsReview2.stories.tsx[2m > [22m[2mComprehension Questions
[22m[39m[UnitContext] useEffect triggered {
  "authLoading": false,
  "hasUser": true,
  "id": "mock-unit-1",
  "userSub": "mock-user-sub",
}
[90mstdout[2m | src/components/QuestionsReview2.stories.tsx[2m > [22m[2mComprehension Questions
[22m[39m[UnitContext] Fetching unit data for id: mock-unit-1
[90mstdout[2m | src/components/QuestionsReview2.stories.tsx[2m > [22m[2mComprehension Questions
[22m[39m[FilesContext] Initializing vector store from IndexedDB
[90mstdout[2m | src/components/QuestionsReview2.stories.tsx[2m > [22m[2mComprehension Questions
[22m[39m[FilesContext] fetchFiles called
[90mstdout[2m | src/components/QuestionsReview2.stories.tsx[2m > [22m[2mComprehension Questions
[22m[39m[FilesContext] User authenticated: mock-user-sub
[90mstdout[2m | src/components/QuestionsReview2.stories.tsx[2m > [22m[2mComprehension Questions
[22m[39m[FilesContext] Identity ID: us-east-1:mock-identity-123
[90mstdout[2m | src/components/QuestionsReview2.stories.tsx[2m > [22m[2mComprehension Questions
[22m[39m[FilesContext] About to set up File observeQuery
[90mstdout[2m | src/components/QuestionsReview2.stories.tsx[2m > [22m[2mComprehension Questions
[22m[39m[ChatContext] Setting up AssistantChat observeQuery
[90mstdout[2m | src/components/QuestionsReview2.stories.tsx[2m > [22m[2mComprehension Questions
[22m[39m[ChatContext] Waiting for subscription to initialize
[90mstdout[2m | src/components/QuestionsReview2.stories.tsx[2m > [22m[2mComprehension Questions
[22m[39m[SettingsContext] Setting up Settings subscription for user: mock-user-sub
[90mstdout[2m | src/components/QuestionsReview2.stories.tsx[2m > [22m[2mComprehension Questions
[22m[39m[Mock Data] Settings created: mock-settings-1790418705032 - notified 0 subscribers
[90mstdout[2m | src/components/QuestionsReview2.stories.tsx[2m > [22m[2mComprehension Questions
[22m[39m[Mock Data] Unit.onUpdate() subscription added. Total: 1
[90mstdout[2m | src/components/QuestionsReview2.stories.tsx[2m > [22m[2mComprehension Questions
[22m[39m[SectionContext] Section observeQuery update: 0
[90mstdout[2m | src/components/QuestionsReview2.stories.tsx[2m > [22m[2mComprehension Questions
[22m[39m[FilesContext] File observeQuery update: 0 files
[90mstdout[2m | src/components/QuestionsReview2.stories.tsx[2m > [22m[2mComprehension Questions
[22m[39m[ChatContext] AssistantChat initialized with 0 chats
[90mstdout[2m | src/components/QuestionsReview2.stories.tsx[2m > [22m[2mComprehension Questions
[22m[39m[Mock Storage] downloadData called with: undefined
[90mstdout[2m | src/components/QuestionsReview2.stories.tsx[2m > [22m[2mComprehension Questions
[22m[39m[MOCK CourseVectorStore] Initialized with mock data
[90mstdout[2m | src/components/QuestionsReview2.stories.tsx[2m > [22m[2mComprehension Questions
[22m[39m[ChatContext] No current chat available, will create one
[90mstdout[2m | src/components/QuestionsReview2.stories.tsx[2m > [22m[2mComprehension Questions
[22m[39m[ChatContext] Creating AssistantChat with user: undefined
[90mstdout[2m | src/components/QuestionsReview2.stories.tsx[2m > [22m[2mComprehension Questions
[22m[39m[Mock Data] AssistantChat created: mock-assistantchat-1790418705132 - notified 1 subscribers
[90mstdout[2m | src/components/QuestionsReview2.stories.tsx[2m > [22m[2mComprehension Questions
[22m[39m[ChatContext] Create result: {
  "data": {
    "_version": 1,
    "archived": false,
    "chatFiles": [Function anonymous],
    "createdAt": "2026-09-26T10:31:45.132Z",
    "id": "mock-assistantchat-1790418705132",
    "model": "gpt-4",
    "updatedAt": "2026-09-26T10:31:45.132Z",
  },
  "errors": [],
  "hasData": true,
  "hasErrors": true,
}
[90mstdout[2m | src/components/QuestionsReview2.stories.tsx[2m > [22m[2mComprehension Questions
[22m[39m[ChatContext] Created AssistantChat: mock-assistantchat-1790418705132 at: 2026-09-26T10:31:45.132Z
[90mstdout[2m | src/components/QuestionsReview2.stories.tsx[2m > [22m[2mComprehension Questions
[22m[39m[ChatContext] Setting initial chat: mock-assistantchat-1790418705132
[90mstdout[2m | src/components/QuestionsReview2.stories.tsx[2m > [22m[2mComprehension Questions
[22m[39m[ChatContext] Chat exists and not archived, skipping creation
[90mstdout[2m | src/components/QuestionsReview2.stories.tsx[2m > [22m[2mMixed Difficulty
[22m[39m[ChatContext] Cleaning up subscriptions
[90mstdout[2m | src/components/QuestionsReview2.stories.tsx[2m > [22m[2mMixed Difficulty
[22m[39m[Mock Data] Unit.onUpdate() subscription removed. Remaining: 0
[90mstdout[2m | src/components/QuestionsReview2.stories.tsx[2m > [22m[2mMixed Difficulty
[22m[39m[Preview] Skipped initializing default mock data (initializeMockData=false)
[90mstdout[2m | src/components/QuestionsReview2.stories.tsx[2m > [22m[2mMixed Difficulty
[22m[39m[Mock Data] seedMockDocuments: Adding 1 documents
[90mstdout[2m | src/components/QuestionsReview2.stories.tsx[2m > [22m[2mMixed Difficulty
[22m[39m[Mock Data] seedMockParsedContent: Adding 1 parsed content records
[90mstdout[2m | src/components/QuestionsReview2.stories.tsx[2m > [22m[2mMixed Difficulty
[22m[39m[MOCK CourseVectorStore] Initialized with mock data
[90mstdout[2m | src/components/QuestionsReview2.stories.tsx[2m > [22m[2mMixed Difficulty
[22m[39m[TranslationModeController] Setting mode to: off
[90mstdout[2m | src/components/QuestionsReview2.stories.tsx[2m > [22m[2mMixed Difficulty
[22m[39m[UnitContext] useEffect triggered {
  "authLoading": false,
  "hasUser": true,
  "id": "mock-unit-1",
  "userSub": "mock-user-sub",
}
[90mstdout[2m | src/components/QuestionsReview2.stories.tsx[2m > [22m[2mMixed Difficulty
[22m[39m[UnitContext] Fetching unit data for id: mock-unit-1
[90mstdout[2m | src/components/QuestionsReview2.stories.tsx[2m > [22m[2mMixed Difficulty
[22m[39m[FilesContext] Initializing vector store from IndexedDB
[90mstdout[2m | src/components/QuestionsReview2.stories.tsx[2m > [22m[2mMixed Difficulty
[22m[39m[FilesContext] fetchFiles called
[90mstdout[2m | src/components/QuestionsReview2.stories.tsx[2m > [22m[2mMixed Difficulty
[22m[39m[FilesContext] User authenticated: mock-user-sub
[90mstdout[2m | src/components/QuestionsReview2.stories.tsx[2m > [22m[2mMixed Difficulty
[22m[39m[FilesContext] Identity ID: us-east-1:mock-identity-123
[90mstdout[2m | src/components/QuestionsReview2.stories.tsx[2m > [22m[2mMixed Difficulty
[22m[39m[FilesContext] About to set up File observeQuery
[90mstdout[2m | src/components/QuestionsReview2.stories.tsx[2m > [22m[2mMixed Difficulty
[22m[39m[ChatContext] Setting up AssistantChat observeQuery
[90mstdout[2m | src/components/QuestionsReview2.stories.tsx[2m > [22m[2mMixed Difficulty
[22m[39m[ChatContext] Waiting for subscription to initialize
[90mstdout[2m | src/components/QuestionsReview2.stories.tsx[2m > [22m[2mMixed Difficulty
[22m[39m[SettingsContext] Setting up Settings subscription for user: mock-user-sub
[90mstdout[2m | src/components/QuestionsReview2.stories.tsx[2m > [22m[2mMixed Difficulty
[22m[39m[Mock Data] Settings created: mock-settings-1790418705266 - notified 0 subscribers
[90mstdout[2m | src/components/QuestionsReview2.stories.tsx[2m > [22m[2mMixed Difficulty
[22m[39m[Mock Data] Unit.onUpdate() subscription added. Total: 1
[90mstdout[2m | src/components/QuestionsReview2.stories.tsx[2m > [22m[2mMixed Difficulty
[22m[39m[SectionContext] Section observeQuery update: 0
[90mstdout[2m | src/components/QuestionsReview2.stories.tsx[2m > [22m[2mMixed Difficulty
[22m[39m[FilesContext] File observeQuery update: 0 files
[90mstdout[2m | src/components/QuestionsReview2.stories.tsx[2m > [22m[2mMixed Difficulty
[22m[39m[ChatContext] AssistantChat initialized with 0 chats
[90mstdout[2m | src/components/QuestionsReview2.stories.tsx[2m > [22m[2mMixed Difficulty
[22m[39m[Mock Storage] downloadData called with: undefined
[90mstdout[2m | src/components/QuestionsReview2.stories.tsx[2m > [22m[2mMixed Difficulty
[22m[39m[MOCK CourseVectorStore] Initialized with mock data
[90mstdout[2m | src/components/QuestionsReview2.stories.tsx[2m > [22m[2mMixed Difficulty
[22m[39m[ChatContext] No current chat available, will create one
[90mstdout[2m | src/components/QuestionsReview2.stories.tsx[2m > [22m[2mMixed Difficulty
[22m[39m[ChatContext] Creating AssistantChat with user: undefined
[90mstdout[2m | src/components/QuestionsReview2.stories.tsx[2m > [22m[2mMixed Difficulty
[22m[39m[Mock Data] AssistantChat created: mock-assistantchat-1790418705381 - notified 1 subscribers
[90mstdout[2m | src/components/QuestionsReview2.stories.tsx[2m > [22m[2mMixed Difficulty
[22m[39m[ChatContext] Create result: {
  "data": {
    "_version": 1,
    "archived": false,
    "chatFiles": [Function anonymous],
    "createdAt": "2026-09-26T10:31:45.381Z",
    "id": "mock-assistantchat-1790418705381",
    "model": "gpt-4",
    "updatedAt": "2026-09-26T10:31:45.381Z",
  },
  "errors": [],
  "hasData": true,
  "hasErrors": true,
}
[90mstdout[2m | src/components/QuestionsReview2.stories.tsx[2m > [22m[2mMixed Difficulty
[22m[39m[ChatContext] Created AssistantChat: mock-assistantchat-1790418705381 at: 2026-09-26T10:31:45.381Z
[90mstdout[2m | src/components/QuestionsReview2.stories.tsx[2m > [22m[2mMixed Difficulty
[22m[39m[ChatContext] Setting initial chat: mock-assistantchat-1790418705381
[90mstdout[2m | src/components/QuestionsReview2.stories.tsx[2m > [22m[2mMixed Difficulty
[22m[39m[ChatContext] Chat exists and not archived, skipping creation
[90mstdout[2m | src/components/QuestionsReview2.stories.tsx[2m > [22m[2mWith Media Attachments
[22m[39m[ChatContext] Cleaning up subscriptions
[90mstdout[2m | src/components/QuestionsReview2.stories.tsx[2m > [22m[2mWith Media Attachments
[22m[39m[Mock Data] Unit.onUpdate() subscription removed. Remaining: 0
[90mstdout[2m | src/components/QuestionsReview2.stories.tsx[2m > [22m[2mWith Media Attachments
[22m[39m[Preview] Skipped initializing default mock data (initializeMockData=false)
[90mstdout[2m | src/components/QuestionsReview2.stories.tsx[2m > [22m[2mWith Media Attachments
[22m[39m[Mock Data] seedMockDocuments: Adding 1 documents
[90mstdout[2m | src/components/QuestionsReview2.stories.tsx[2m > [22m[2mWith Media Attachments
[22m[39m[Mock Data] seedMockParsedContent: Adding 1 parsed content records
[90mstdout[2m | src/components/QuestionsReview2.stories.tsx[2m > [22m[2mWith Media Attachments
[22m[39m[MOCK CourseVectorStore] Initialized with mock data
[90mstdout[2m | src/components/QuestionsReview2.stories.tsx[2m > [22m[2mWith Media Attachments
[22m[39m[TranslationModeController] Setting mode to: off
[90mstdout[2m | src/components/QuestionsReview2.stories.tsx[2m > [22m[2mWith Media Attachments
[22m[39m[UnitContext] useEffect triggered {
  "authLoading": false,
  "hasUser": true,
  "id": "mock-unit-1",
  "userSub": "mock-user-sub",
}
[90mstdout[2m | src/components/QuestionsReview2.stories.tsx[2m > [22m[2mWith Media Attachments
[22m[39m[UnitContext] Fetching unit data for id: mock-unit-1
[90mstdout[2m | src/components/QuestionsReview2.stories.tsx[2m > [22m[2mWith Media Attachments
[22m[39m[FilesContext] Initializing vector store from IndexedDB
[90mstdout[2m | src/components/QuestionsReview2.stories.tsx[2m > [22m[2mWith Media Attachments
[22m[39m[FilesContext] fetchFiles called
[90mstdout[2m | src/components/QuestionsReview2.stories.tsx[2m > [22m[2mWith Media Attachments
[22m[39m[FilesContext] User authenticated: mock-user-sub
[90mstdout[2m | src/components/QuestionsReview2.stories.tsx[2m > [22m[2mWith Media Attachments
[22m[39m[FilesContext] Identity ID: us-east-1:mock-identity-123
[90mstdout[2m | src/components/QuestionsReview2.stories.tsx[2m > [22m[2mWith Media Attachments
[22m[39m[FilesContext] About to set up File observeQuery
[90mstdout[2m | src/components/QuestionsReview2.stories.tsx[2m > [22m[2mWith Media Attachments
[22m[39m[ChatContext] Setting up AssistantChat observeQuery
[90mstdout[2m | src/components/QuestionsReview2.stories.tsx[2m > [22m[2mWith Media Attachments
[22m[39m[ChatContext] Waiting for subscription to initialize
[90mstdout[2m | src/components/QuestionsReview2.stories.tsx[2m > [22m[2mWith Media Attachments
[22m[39m[SettingsContext] Setting up Settings subscription for user: mock-user-sub
[90mstdout[2m | src/components/QuestionsReview2.stories.tsx[2m > [22m[2mWith Media Attachments
[22m[39m[Mock Data] Settings created: mock-settings-1790418705498 - notified 0 subscribers
[90mstdout[2m | src/components/QuestionsReview2.stories.tsx[2m > [22m[2mWith Media Attachments
[22m[39m[Mock Data] Unit.onUpdate() subscription added. Total: 1
[90mstdout[2m | src/components/QuestionsReview2.stories.tsx[2m > [22m[2mWith Media Attachments
[22m[39m[SectionContext] Section observeQuery update: 0
[90mstdout[2m | src/components/QuestionsReview2.stories.tsx[2m > [22m[2mWith Media Attachments
[22m[39m[FilesContext] File observeQuery update: 0 files
[90mstdout[2m | src/components/QuestionsReview2.stories.tsx[2m > [22m[2mWith Media Attachments
[22m[39m[ChatContext] AssistantChat initialized with 0 chats
[90mstdout[2m | src/components/QuestionsReview2.stories.tsx[2m > [22m[2mWith Media Attachments
[22m[39m[Mock Storage] downloadData called with: undefined
[90mstdout[2m | src/components/QuestionsReview2.stories.tsx[2m > [22m[2mWith Media Attachments
[22m[39m[MOCK CourseVectorStore] Initialized with mock data
[90mstdout[2m | src/components/QuestionsReview2.stories.tsx[2m > [22m[2mWith Media Attachments
[22m[39m[ChatContext] No current chat available, will create one
[90mstdout[2m | src/components/QuestionsReview2.stories.tsx[2m > [22m[2mWith Media Attachments
[22m[39m[ChatContext] Creating AssistantChat with user: undefined
[90mstdout[2m | src/components/QuestionsReview2.stories.tsx[2m > [22m[2mWith Media Attachments
[22m[39m[Mock Data] AssistantChat created: mock-assistantchat-1790418705603 - notified 1 subscribers
[90mstdout[2m | src/components/QuestionsReview2.stories.tsx[2m > [22m[2mWith Media Attachments
[22m[39m[ChatContext] Create result: {
  "data": {
    "_version": 1,
    "archived": false,
    "chatFiles": [Function anonymous],
    "createdAt": "2026-09-26T10:31:45.603Z",
    "id": "mock-assistantchat-1790418705603",
    "model": "gpt-4",
    "updatedAt": "2026-09-26T10:31:45.603Z",
  },
  "errors": [],
  "hasData": true,
  "hasErrors": true,
}
[90mstdout[2m | src/components/QuestionsReview2.stories.tsx[2m > [22m[2mWith Media Attachments
[22m[39m[ChatContext] Created AssistantChat: mock-assistantchat-1790418705603 at: 2026-09-26T10:31:45.603Z
[90mstdout[2m | src/components/QuestionsReview2.stories.tsx[2m > [22m[2mWith Media Attachments
[22m[39m[ChatContext] Setting initial chat: mock-assistantchat-1790418705603
[90mstdout[2m | src/components/QuestionsReview2.stories.tsx[2m > [22m[2mWith Media Attachments
[22m[39m[ChatContext] Chat exists and not archived, skipping creation
[90mstdout[2m | src/components/QuestionsReview2.stories.tsx[2m > [22m[2mAlready Imported
[22m[39m[ChatContext] Cleaning up subscriptions
[90mstdout[2m | src/components/QuestionsReview2.stories.tsx[2m > [22m[2mAlready Imported
[22m[39m[Mock Data] Unit.onUpdate() subscription removed. Remaining: 0
[90mstdout[2m | src/components/QuestionsReview2.stories.tsx[2m > [22m[2mAlready Imported
[22m[39m[Preview] Skipped initializing default mock data (initializeMockData=false)
[90mstdout[2m | src/components/QuestionsReview2.stories.tsx[2m > [22m[2mAlready Imported
[22m[39m[Mock Data] seedMockDocuments: Adding 1 documents
[90mstdout[2m | src/components/QuestionsReview2.stories.tsx[2m > [22m[2mAlready Imported
[22m[39m[Mock Data] seedMockParsedContent: Adding 1 parsed content records
[90mstdout[2m | src/components/QuestionsReview2.stories.tsx[2m > [22m[2mAlready Imported
[22m[39m[MOCK CourseVectorStore] Initialized with mock data
[90mstdout[2m | src/components/QuestionsReview2.stories.tsx[2m > [22m[2mAlready Imported
[22m[39m[TranslationModeController] Setting mode to: off
[90mstdout[2m | src/components/QuestionsReview2.stories.tsx[2m > [22m[2mAlready Imported
[22m[39m[UnitContext] useEffect triggered {
  "authLoading": false,
  "hasUser": true,
  "id": "mock-unit-1",
  "userSub": "mock-user-sub",
}
[90mstdout[2m | src/components/QuestionsReview2.stories.tsx[2m > [22m[2mAlready Imported
[22m[39m[UnitContext] Fetching unit data for id: mock-unit-1
[90mstdout[2m | src/components/QuestionsReview2.stories.tsx[2m > [22m[2mAlready Imported
[22m[39m[FilesContext] Initializing vector store from IndexedDB
[90mstdout[2m | src/components/QuestionsReview2.stories.tsx[2m > [22m[2mAlready Imported
[22m[39m[FilesContext] fetchFiles called
[90mstdout[2m | src/components/QuestionsReview2.stories.tsx[2m > [22m[2mAlready Imported
[22m[39m[FilesContext] User authenticated: mock-user-sub
[90mstdout[2m | src/components/QuestionsReview2.stories.tsx[2m > [22m[2mAlready Imported
[22m[39m[FilesContext] Identity ID: us-east-1:mock-identity-123
[90mstdout[2m | src/components/QuestionsReview2.stories.tsx[2m > [22m[2mAlready Imported
[22m[39m[FilesContext] About to set up File observeQuery
[90mstdout[2m | src/components/QuestionsReview2.stories.tsx[2m > [22m[2mAlready Imported
[22m[39m[ChatContext] Setting up AssistantChat observeQuery
[90mstdout[2m | src/components/QuestionsReview2.stories.tsx[2m > [22m[2mAlready Imported
[22m[39m[ChatContext] Waiting for subscription to initialize
[90mstdout[2m | src/components/QuestionsReview2.stories.tsx[2m > [22m[2mAlready Imported
[22m[39m[SettingsContext] Setting up Settings subscription for user: mock-user-sub
[90mstdout[2m | src/components/QuestionsReview2.stories.tsx[2m > [22m[2mAlready Imported
[22m[39m[Mock Data] Settings created: mock-settings-1790418705745 - notified 0 subscribers
[90mstdout[2m | src/components/QuestionsReview2.stories.tsx[2m > [22m[2mAlready Imported
[22m[39m[Mock Data] Unit.onUpdate() subscription added. Total: 1
[90mstdout[2m | src/components/QuestionsReview2.stories.tsx[2m > [22m[2mAlready Imported
[22m[39m[SectionContext] Section observeQuery update: 0
[90mstdout[2m | src/components/QuestionsReview2.stories.tsx[2m > [22m[2mAlready Imported
[22m[39m[FilesContext] File observeQuery update: 0 files
[90mstdout[2m | src/components/QuestionsReview2.stories.tsx[2m > [22m[2mAlready Imported
[22m[39m[ChatContext] AssistantChat initialized with 0 chats
[90mstdout[2m | src/components/QuestionsReview2.stories.tsx[2m > [22m[2mAlready Imported
[22m[39m[MOCK CourseVectorStore] Initialized with mock data
[90mstdout[2m | src/components/QuestionsReview2.stories.tsx[2m > [22m[2mAlready Imported
[22m[39m[ChatContext] No current chat available, will create one
[90mstdout[2m | src/components/QuestionsReview2.stories.tsx[2m > [22m[2mAlready Imported
[22m[39m[ChatContext] Creating AssistantChat with user: undefined
[90mstdout[2m | src/components/QuestionsReview2.stories.tsx[2m > [22m[2mAlready Imported
[22m[39m[Mock Data] AssistantChat created: mock-assistantchat-1790418705802 - notified 1 subscribers
[90mstdout[2m | src/components/QuestionsReview2.stories.tsx[2m > [22m[2mAlready Imported
[22m[39m[ChatContext] Create result: {
  "data": {
    "_version": 1,
    "archived": false,
    "chatFiles": [Function anonymous],
    "createdAt": "2026-09-26T10:31:45.802Z",
    "id": "mock-assistantchat-1790418705802",
    "model": "gpt-4",
    "updatedAt": "2026-09-26T10:31:45.802Z",
  },
  "errors": [],
  "hasData": true,
  "hasErrors": true,
}
[90mstdout[2m | src/components/QuestionsReview2.stories.tsx[2m > [22m[2mAlready Imported
[22m[39m[ChatContext] Created AssistantChat: mock-assistantchat-1790418705802 at: 2026-09-26T10:31:45.802Z
[90mstdout[2m | src/components/QuestionsReview2.stories.tsx[2m > [22m[2mAlready Imported
[22m[39m[Mock Storage] downloadData called with: undefined
[90mstdout[2m | src/components/QuestionsReview2.stories.tsx[2m > [22m[2mAlready Imported
[22m[39m[ChatContext] Setting initial chat: mock-assistantchat-1790418705802
[90mstdout[2m | src/components/QuestionsReview2.stories.tsx[2m > [22m[2mAlready Imported
[22m[39m[ChatContext] Chat exists and not archived, skipping creation
[90mstdout[2m | src/components/QuestionsReview2.stories.tsx[2m > [22m[2mMinimal Data
[22m[39m[ChatContext] Cleaning up subscriptions
[90mstdout[2m | src/components/QuestionsReview2.stories.tsx[2m > [22m[2mMinimal Data
[22m[39m[Mock Data] Unit.onUpdate() subscription removed. Remaining: 0
[90mstdout[2m | src/components/QuestionsReview2.stories.tsx[2m > [22m[2mMinimal Data
[22m[39m[Preview] Skipped initializing default mock data (initializeMockData=false)
[90mstdout[2m | src/components/QuestionsReview2.stories.tsx[2m > [22m[2mMinimal Data
[22m[39m[Mock Data] seedMockDocuments: Adding 1 documents
[90mstdout[2m | src/components/QuestionsReview2.stories.tsx[2m > [22m[2mMinimal Data
[22m[39m[Mock Data] seedMockParsedContent: Adding 1 parsed content records
[90mstdout[2m | src/components/QuestionsReview2.stories.tsx[2m > [22m[2mMinimal Data
[22m[39m[MOCK CourseVectorStore] Initialized with mock data
[90mstdout[2m | src/components/QuestionsReview2.stories.tsx[2m > [22m[2mMinimal Data
[22m[39m[TranslationModeController] Setting mode to: off
[90mstdout[2m | src/components/QuestionsReview2.stories.tsx[2m > [22m[2mMinimal Data
[22m[39m[UnitContext] useEffect triggered {
  "authLoading": false,
  "hasUser": true,
  "id": "mock-unit-1",
  "userSub": "mock-user-sub",
}
[90mstdout[2m | src/components/QuestionsReview2.stories.tsx[2m > [22m[2mMinimal Data
[22m[39m[UnitContext] Fetching unit data for id: mock-unit-1
[90mstdout[2m | src/components/QuestionsReview2.stories.tsx[2m > [22m[2mMinimal Data
[22m[39m[FilesContext] Initializing vector store from IndexedDB
[90mstdout[2m | src/components/QuestionsReview2.stories.tsx[2m > [22m[2mMinimal Data
[22m[39m[FilesContext] fetchFiles called
[90mstdout[2m | src/components/QuestionsReview2.stories.tsx[2m > [22m[2mMinimal Data
[22m[39m[FilesContext] User authenticated: mock-user-sub
[90mstdout[2m | src/components/QuestionsReview2.stories.tsx[2m > [22m[2mMinimal Data
[22m[39m[FilesContext] Identity ID: us-east-1:mock-identity-123
[90mstdout[2m | src/components/QuestionsReview2.stories.tsx[2m > [22m[2mMinimal Data
[22m[39m[FilesContext] About to set up File observeQuery
[90mstdout[2m | src/components/QuestionsReview2.stories.tsx[2m > [22m[2mMinimal Data
[22m[39m[ChatContext] Setting up AssistantChat observeQuery
[90mstdout[2m | src/components/QuestionsReview2.stories.tsx[2m > [22m[2mMinimal Data
[22m[39m[ChatContext] Waiting for subscription to initialize
[90mstdout[2m | src/components/QuestionsReview2.stories.tsx[2m > [22m[2mMinimal Data
[22m[39m[SettingsContext] Setting up Settings subscription for user: mock-user-sub
[90mstdout[2m | src/components/QuestionsReview2.stories.tsx[2m > [22m[2mMinimal Data
[22m[39m[Mock Data] Settings created: mock-settings-1790418705932 - notified 0 subscribers
[90mstdout[2m | src/components/QuestionsReview2.stories.tsx[2m > [22m[2mMinimal Data
[22m[39m[Mock Data] Unit.onUpdate() subscription added. Total: 1
[90mstdout[2m | src/components/QuestionsReview2.stories.tsx[2m > [22m[2mMinimal Data
[22m[39m[SectionContext] Section observeQuery update: 0
[90mstdout[2m | src/components/QuestionsReview2.stories.tsx[2m > [22m[2mMinimal Data
[22m[39m[FilesContext] File observeQuery update: 0 files
[90mstdout[2m | src/components/QuestionsReview2.stories.tsx[2m > [22m[2mMinimal Data
[22m[39m[ChatContext] AssistantChat initialized with 0 chats
[90mstdout[2m | src/components/QuestionsReview2.stories.tsx[2m > [22m[2mMinimal Data
[22m[39m[Mock Storage] downloadData called with: undefined
[90mstdout[2m | src/components/QuestionsReview2.stories.tsx[2m > [22m[2mMinimal Data
[22m[39m[MOCK CourseVectorStore] Initialized with mock data
[90mstdout[2m | src/components/QuestionsReview2.stories.tsx[2m > [22m[2mMinimal Data
[22m[39m[ChatContext] No current chat available, will create one
[90mstdout[2m | src/components/QuestionsReview2.stories.tsx[2m > [22m[2mMinimal Data
[22m[39m[ChatContext] Creating AssistantChat with user: undefined
[90mstdout[2m | src/components/QuestionsReview2.stories.tsx[2m > [22m[2mMinimal Data
[22m[39m[Mock Data] AssistantChat created: mock-assistantchat-1790418706023 - notified 1 subscribers
[90mstdout[2m | src/components/QuestionsReview2.stories.tsx[2m > [22m[2mMinimal Data
[22m[39m[ChatContext] Create result: {
  "data": {
    "_version": 1,
    "archived": false,
    "chatFiles": [Function anonymous],
    "createdAt": "2026-09-26T10:31:46.023Z",
    "id": "mock-assistantchat-1790418706023",
    "model": "gpt-4",
    "updatedAt": "2026-09-26T10:31:46.023Z",
  },
  "errors": [],
  "hasData": true,
  "hasErrors": true,
}
[90mstdout[2m | src/components/QuestionsReview2.stories.tsx[2m > [22m[2mMinimal Data
[22m[39m[ChatContext] Created AssistantChat: mock-assistantchat-1790418706023 at: 2026-09-26T10:31:46.023Z
[90mstdout[2m | src/components/QuestionsReview2.stories.tsx[2m > [22m[2mMinimal Data
[22m[39m[ChatContext] Setting initial chat: mock-assistantchat-1790418706023
[90mstdout[2m | src/components/QuestionsReview2.stories.tsx[2m > [22m[2mMinimal Data
[22m[39m[ChatContext] Chat exists and not archived, skipping creation
[90mstdout[2m | src/components/QuestionsReview2.stories.tsx[2m > [22m[2mNo Questions
[22m[39m[ChatContext] Cleaning up subscriptions
[90mstdout[2m | src/components/QuestionsReview2.stories.tsx[2m > [22m[2mNo Questions
[22m[39m[Mock Data] Unit.onUpdate() subscription removed. Remaining: 0
[90mstdout[2m | src/components/QuestionsReview2.stories.tsx[2m > [22m[2mNo Questions
[22m[39m[Preview] Skipped initializing default mock data (initializeMockData=false)
[90mstdout[2m | src/components/QuestionsReview2.stories.tsx[2m > [22m[2mNo Questions
[22m[39m[MOCK CourseVectorStore] Initialized with mock data
[90mstdout[2m | src/components/QuestionsReview2.stories.tsx[2m > [22m[2mNo Questions
[22m[39m[TranslationModeController] Setting mode to: off
[90mstdout[2m | src/components/QuestionsReview2.stories.tsx[2m > [22m[2mNo Questions
[22m[39m[UnitContext] useEffect triggered {
  "authLoading": false,
  "hasUser": true,
  "id": "mock-unit-1",
  "userSub": "mock-user-sub",
}
[90mstdout[2m | src/components/QuestionsReview2.stories.tsx[2m > [22m[2mNo Questions
[22m[39m[UnitContext] Fetching unit data for id: mock-unit-1
[90mstdout[2m | src/components/QuestionsReview2.stories.tsx[2m > [22m[2mNo Questions
[22m[39m[FilesContext] Initializing vector store from IndexedDB
[90mstdout[2m | src/components/QuestionsReview2.stories.tsx[2m > [22m[2mNo Questions
[22m[39m[FilesContext] fetchFiles called
[90mstdout[2m | src/components/QuestionsReview2.stories.tsx[2m > [22m[2mNo Questions
[22m[39m[FilesContext] User authenticated: mock-user-sub
[90mstdout[2m | src/components/QuestionsReview2.stories.tsx[2m > [22m[2mNo Questions
[22m[39m[FilesContext] Identity ID: us-east-1:mock-identity-123
[90mstdout[2m | src/components/QuestionsReview2.stories.tsx[2m > [22m[2mNo Questions
[22m[39m[FilesContext] About to set up File observeQuery
[90mstdout[2m | src/components/QuestionsReview2.stories.tsx[2m > [22m[2mNo Questions
[22m[39m[ChatContext] Setting up AssistantChat observeQuery
[90mstdout[2m | src/components/QuestionsReview2.stories.tsx[2m > [22m[2mNo Questions
[22m[39m[ChatContext] Waiting for subscription to initialize
[90mstdout[2m | src/components/QuestionsReview2.stories.tsx[2m > [22m[2mNo Questions
[22m[39m[SettingsContext] Setting up Settings subscription for user: mock-user-sub
[90mstdout[2m | src/components/QuestionsReview2.stories.tsx[2m > [22m[2mNo Questions
[22m[39m[Mock Data] Settings created: mock-settings-1790418706131 - notified 0 subscribers
[90mstdout[2m | src/components/QuestionsReview2.stories.tsx[2m > [22m[2mNo Questions
[22m[39m[Mock Data] Unit.onUpdate() subscription added. Total: 1
[90mstdout[2m | src/components/QuestionsReview2.stories.tsx[2m > [22m[2mNo Questions
[22m[39m[SectionContext] Section observeQuery update: 0
[90mstdout[2m | src/components/QuestionsReview2.stories.tsx[2m > [22m[2mNo Questions
[22m[39m[FilesContext] File observeQuery update: 0 files
[90mstdout[2m | src/components/QuestionsReview2.stories.tsx[2m > [22m[2mNo Questions
[22m[39m[ChatContext] AssistantChat initialized with 0 chats
[90mstdout[2m | src/components/QuestionsReview2.stories.tsx[2m > [22m[2mNo Questions
[22m[39m[Mock Storage] downloadData called with: undefined
[90mstdout[2m | src/components/QuestionsReview2.stories.tsx[2m > [22m[2mNo Questions
[22m[39m[MOCK CourseVectorStore] Initialized with mock data
[90mstdout[2m | src/components/QuestionsReview2.stories.tsx[2m > [22m[2mNo Questions
[22m[39m[ChatContext] No current chat available, will create one
[90mstdout[2m | src/components/QuestionsReview2.stories.tsx[2m > [22m[2mNo Questions
[22m[39m[ChatContext] Creating AssistantChat with user: undefined
[90mstdout[2m | src/components/QuestionsReview2.stories.tsx[2m > [22m[2mNo Questions
[22m[39m[Mock Data] AssistantChat created: mock-assistantchat-1790418706148 - notified 1 subscribers
[90mstdout[2m | src/components/QuestionsReview2.stories.tsx[2m > [22m[2mNo Questions
[22m[39m[ChatContext] Create result: {
  "data": {
    "_version": 1,
    "archived": false,
    "chatFiles": [Function anonymous],
    "createdAt": "2026-09-26T10:31:46.148Z",
    "id": "mock-assistantchat-1790418706148",
    "model": "gpt-4",
    "updatedAt": "2026-09-26T10:31:46.148Z",
  },
  "errors": [],
  "hasData": true,
  "hasErrors": true,
}
[90mstdout[2m | src/components/QuestionsReview2.stories.tsx[2m > [22m[2mNo Questions
[22m[39m[ChatContext] Created AssistantChat: mock-assistantchat-1790418706148 at: 2026-09-26T10:31:46.148Z
[90mstdout[2m | src/components/QuestionsReview2.stories.tsx[2m > [22m[2mNo Questions
[22m[39m[ChatContext] Setting initial chat: mock-assistantchat-1790418706148
[90mstdout[2m | src/components/QuestionsReview2.stories.tsx[2m > [22m[2mNo Questions
[22m[39m[ChatContext] Chat exists and not archived, skipping creation
[90mstdout[2m | src/components/QuestionsReview2.stories.tsx[2m > [22m[2mWith Summaries Expanded
[22m[39m[ChatContext] Cleaning up subscriptions
[90mstdout[2m | src/components/QuestionsReview2.stories.tsx[2m > [22m[2mWith Summaries Expanded
[22m[39m[Mock Data] Unit.onUpdate() subscription removed. Remaining: 0
[90mstdout[2m | src/components/QuestionsReview2.stories.tsx[2m > [22m[2mWith Summaries Expanded
[22m[39m[Preview] Skipped initializing default mock data (initializeMockData=false)
[90mstdout[2m | src/components/QuestionsReview2.stories.tsx[2m > [22m[2mWith Summaries Expanded
[22m[39m[MOCK CourseVectorStore] Initialized with mock data
[90mstdout[2m | src/components/QuestionsReview2.stories.tsx[2m > [22m[2mWith Summaries Expanded
[22m[39m[TranslationModeController] Setting mode to: off
[90mstdout[2m | src/components/QuestionsReview2.stories.tsx[2m > [22m[2mWith Summaries Expanded
[22m[39m[UnitContext] useEffect triggered {
  "authLoading": false,
  "hasUser": true,
  "id": "mock-unit-1",
  "userSub": "mock-user-sub",
}
[90mstdout[2m | src/components/QuestionsReview2.stories.tsx[2m > [22m[2mWith Summaries Expanded
[22m[39m[UnitContext] Fetching unit data for id: mock-unit-1
[90mstdout[2m | src/components/QuestionsReview2.stories.tsx[2m > [22m[2mWith Summaries Expanded
[22m[39m[FilesContext] Initializing vector store from IndexedDB
[90mstdout[2m | src/components/QuestionsReview2.stories.tsx[2m > [22m[2mWith Summaries Expanded
[22m[39m[FilesContext] fetchFiles called
[90mstdout[2m | src/components/QuestionsReview2.stories.tsx[2m > [22m[2mWith Summaries Expanded
[22m[39m[FilesContext] User authenticated: mock-user-sub
[90mstdout[2m | src/components/QuestionsReview2.stories.tsx[2m > [22m[2mWith Summaries Expanded
[22m[39m[FilesContext] Identity ID: us-east-1:mock-identity-123
[90mstdout[2m | src/components/QuestionsReview2.stories.tsx[2m > [22m[2mWith Summaries Expanded
[22m[39m[FilesContext] About to set up File observeQuery
[90mstdout[2m | src/components/QuestionsReview2.stories.tsx[2m > [22m[2mWith Summaries Expanded
[22m[39m[ChatContext] Setting up AssistantChat observeQuery
[90mstdout[2m | src/components/QuestionsReview2.stories.tsx[2m > [22m[2mWith Summaries Expanded
[22m[39m[ChatContext] Waiting for subscription to initialize
[90mstdout[2m | src/components/QuestionsReview2.stories.tsx[2m > [22m[2mWith Summaries Expanded
[22m[39m[SettingsContext] Setting up Settings subscription for user: mock-user-sub
[90mstdout[2m | src/components/QuestionsReview2.stories.tsx[2m > [22m[2mWith Summaries Expanded
[22m[39m[Mock Data] Settings created: mock-settings-1790418706237 - notified 0 subscribers
[90mstdout[2m | src/components/QuestionsReview2.stories.tsx[2m > [22m[2mWith Summaries Expanded
[22m[39m[Mock Data] Unit.onUpdate() subscription added. Total: 1
[90mstdout[2m | src/components/QuestionsReview2.stories.tsx[2m > [22m[2mWith Summaries Expanded
[22m[39m[SectionContext] Section observeQuery update: 0
[90mstdout[2m | src/components/QuestionsReview2.stories.tsx[2m > [22m[2mWith Summaries Expanded
[22m[39m[FilesContext] File observeQuery update: 0 files
[90mstdout[2m | src/components/QuestionsReview2.stories.tsx[2m > [22m[2mWith Summaries Expanded
[22m[39m[ChatContext] AssistantChat initialized with 0 chats
[90mstdout[2m | src/components/QuestionsReview2.stories.tsx[2m > [22m[2mWith Summaries Expanded
[22m[39m[Mock Storage] downloadData called with: undefined
[90mstdout[2m | src/components/QuestionsReview2.stories.tsx[2m > [22m[2mWith Summaries Expanded
[22m[39m[MOCK CourseVectorStore] Initialized with mock data
[90mstdout[2m | src/components/QuestionsReview2.stories.tsx[2m > [22m[2mWith Summaries Expanded
[22m[39m[ChatContext] No current chat available, will create one
[90mstdout[2m | src/components/QuestionsReview2.stories.tsx[2m > [22m[2mWith Summaries Expanded
[22m[39m[ChatContext] Creating AssistantChat with user: undefined
[90mstdout[2m | src/components/QuestionsReview2.stories.tsx[2m > [22m[2mWith Summaries Expanded
[22m[39m[Mock Data] AssistantChat created: mock-assistantchat-1790418706250 - notified 1 subscribers
[90mstdout[2m | src/components/QuestionsReview2.stories.tsx[2m > [22m[2mWith Summaries Expanded
[22m[39m[ChatContext] Create result: {
  "data": {
    "_version": 1,
    "archived": false,
    "chatFiles": [Function anonymous],
    "createdAt": "2026-09-26T10:31:46.250Z",
    "id": "mock-assistantchat-1790418706250",
    "model": "gpt-4",
    "updatedAt": "2026-09-26T10:31:46.250Z",
  },
  "errors": [],
  "hasData": true,
  "hasErrors": true,
}
[90mstdout[2m | src/components/QuestionsReview2.stories.tsx[2m > [22m[2mWith Summaries Expanded
[22m[39m[ChatContext] Created AssistantChat: mock-assistantchat-1790418706250 at: 2026-09-26T10:31:46.250Z
[90mstdout[2m | src/components/QuestionsReview2.stories.tsx[2m > [22m[2mWith Summaries Expanded
[22m[39m[ChatContext] Setting initial chat: mock-assistantchat-1790418706250
[90mstdout[2m | src/components/QuestionsReview2.stories.tsx[2m > [22m[2mWith Summaries Expanded
[22m[39m[ChatContext] Chat exists and not archived, skipping creation
[90mstdout[2m | src/components/QuestionsReview2.stories.tsx[2m > [22m[2mPlayground
[22m[39m[ChatContext] Cleaning up subscriptions
[90mstdout[2m | src/components/QuestionsReview2.stories.tsx[2m > [22m[2mPlayground
[22m[39m[Mock Data] Unit.onUpdate() subscription removed. Remaining: 0
[90mstdout[2m | src/components/QuestionsReview2.stories.tsx[2m > [22m[2mPlayground
[22m[39m[Preview] Skipped initializing default mock data (initializeMockData=false)
[90mstdout[2m | src/components/QuestionsReview2.stories.tsx[2m > [22m[2mPlayground
[22m[39m[MOCK CourseVectorStore] Initialized with mock data
[90mstdout[2m | src/components/QuestionsReview2.stories.tsx[2m > [22m[2mPlayground
[22m[39m[TranslationModeController] Setting mode to: off
[90mstdout[2m | src/components/QuestionsReview2.stories.tsx[2m > [22m[2mPlayground
[22m[39m[UnitContext] useEffect triggered {
  "authLoading": false,
  "hasUser": true,
  "id": "mock-unit-1",
  "userSub": "mock-user-sub",
}
[90mstdout[2m | src/components/QuestionsReview2.stories.tsx[2m > [22m[2mPlayground
[22m[39m[UnitContext] Fetching unit data for id: mock-unit-1
[90mstdout[2m | src/components/QuestionsReview2.stories.tsx[2m > [22m[2mPlayground
[22m[39m[FilesContext] Initializing vector store from IndexedDB
[90mstdout[2m | src/components/QuestionsReview2.stories.tsx[2m > [22m[2mPlayground
[22m[39m[FilesContext] fetchFiles called
[90mstdout[2m | src/components/QuestionsReview2.stories.tsx[2m > [22m[2mPlayground
[22m[39m[FilesContext] User authenticated: mock-user-sub
[90mstdout[2m | src/components/QuestionsReview2.stories.tsx[2m > [22m[2mPlayground
[22m[39m[FilesContext] Identity ID: us-east-1:mock-identity-123
[90mstdout[2m | src/components/QuestionsReview2.stories.tsx[2m > [22m[2mPlayground
[22m[39m[FilesContext] About to set up File observeQuery
[90mstdout[2m | src/components/QuestionsReview2.stories.tsx[2m > [22m[2mPlayground
[22m[39m[ChatContext] Setting up AssistantChat observeQuery
[90mstdout[2m | src/components/QuestionsReview2.stories.tsx[2m > [22m[2mPlayground
[22m[39m[ChatContext] Waiting for subscription to initialize
[90mstdout[2m | src/components/QuestionsReview2.stories.tsx[2m > [22m[2mPlayground
[22m[39m[SettingsContext] Setting up Settings subscription for user: mock-user-sub
[90mstdout[2m | src/components/QuestionsReview2.stories.tsx[2m > [22m[2mPlayground
[22m[39m[Mock Data] Settings created: mock-settings-1790418706335 - notified 0 subscribers
[90mstdout[2m | src/components/QuestionsReview2.stories.tsx[2m > [22m[2mPlayground
[22m[39m[Mock Data] Unit.onUpdate() subscription added. Total: 1
[90mstdout[2m | src/components/QuestionsReview2.stories.tsx[2m > [22m[2mPlayground
[22m[39m[SectionContext] Section observeQuery update: 0
[90mstdout[2m | src/components/QuestionsReview2.stories.tsx[2m > [22m[2mPlayground
[22m[39m[FilesContext] File observeQuery update: 0 files
[90mstdout[2m | src/components/QuestionsReview2.stories.tsx[2m > [22m[2mPlayground
[22m[39m[ChatContext] AssistantChat initialized with 0 chats
[90mstdout[2m | src/components/QuestionsReview2.stories.tsx[2m > [22m[2mPlayground
[22m[39m[Mock Storage] downloadData called with: undefined
[90mstdout[2m | src/components/QuestionsReview2.stories.tsx[2m > [22m[2mPlayground
[22m[39m[MOCK CourseVectorStore] Initialized with mock data
[90mstdout[2m | src/components/QuestionsReview2.stories.tsx[2m > [22m[2mPlayground
[22m[39m[ChatContext] No current chat available, will create one
[90mstdout[2m | src/components/QuestionsReview2.stories.tsx[2m > [22m[2mPlayground
[22m[39m[ChatContext] Creating AssistantChat with user: undefined
[90mstdout[2m | src/components/QuestionsReview2.stories.tsx[2m > [22m[2mPlayground
[22m[39m[Mock Data] AssistantChat created: mock-assistantchat-1790418706348 - notified 1 subscribers
[90mstdout[2m | src/components/QuestionsReview2.stories.tsx[2m > [22m[2mPlayground
[22m[39m[ChatContext] Create result: {
  "data": {
    "_version": 1,
    "archived": false,
    "chatFiles": [Function anonymous],
    "createdAt": "2026-09-26T10:31:46.348Z",
    "id": "mock-assistantchat-1790418706348",
    "model": "gpt-4",
    "updatedAt": "2026-09-26T10:31:46.348Z",
  },
  "errors": [],
  "hasData": true,
  "hasErrors": true,
}
[90mstdout[2m | src/components/QuestionsReview2.stories.tsx[2m > [22m[2mPlayground
[22m[39m[ChatContext] Created AssistantChat: mock-assistantchat-1790418706348 at: 2026-09-26T10:31:46.348Z
[90mstdout[2m | src/components/QuestionsReview2.stories.tsx[2m > [22m[2mPlayground
[22m[39m[ChatContext] Setting initial chat: mock-assistantchat-1790418706348
[90mstdout[2m | src/components/QuestionsReview2.stories.tsx[2m > [22m[2mPlayground
[22m[39m[ChatContext] Chat exists and not archived, skipping creation
[90mstdout[2m | src/components/QuestionsReview2.stories.tsx[2m > [22m[2mBadge Showcase
[22m[39m[ChatContext] Cleaning up subscriptions
[90mstdout[2m | src/components/QuestionsReview2.stories.tsx[2m > [22m[2mBadge Showcase
[22m[39m[Mock Data] Unit.onUpdate() subscription removed. Remaining: 0
[90mstdout[2m | src/components/QuestionsReview2.stories.tsx[2m > [22m[2mBadge Showcase
[22m[39m[Preview] Skipped initializing default mock data (initializeMockData=false)
[90mstdout[2m | src/components/QuestionsReview2.stories.tsx[2m > [22m[2mBadge Showcase
[22m[39m[MOCK CourseVectorStore] Initialized with mock data
[90mstdout[2m | src/components/QuestionsReview2.stories.tsx[2m > [22m[2mBadge Showcase
[22m[39m[TranslationModeController] Setting mode to: off
[90mstdout[2m | src/components/QuestionsReview2.stories.tsx[2m > [22m[2mBadge Showcase
[22m[39m[UnitContext] useEffect triggered {
  "authLoading": false,
  "hasUser": true,
  "id": "mock-unit-id",
  "userSub": "mock-user-sub",
}
[90mstdout[2m | src/components/QuestionsReview2.stories.tsx[2m > [22m[2mBadge Showcase
[22m[39m[UnitContext] Fetching unit data for id: mock-unit-id
[90mstdout[2m | src/components/QuestionsReview2.stories.tsx[2m > [22m[2mBadge Showcase
[22m[39m[FilesContext] Initializing vector store from IndexedDB
[90mstdout[2m | src/components/QuestionsReview2.stories.tsx[2m > [22m[2mBadge Showcase
[22m[39m[FilesContext] fetchFiles called
[90mstdout[2m | src/components/QuestionsReview2.stories.tsx[2m > [22m[2mBadge Showcase
[22m[39m[FilesContext] User authenticated: mock-user-sub
[90mstdout[2m | src/components/QuestionsReview2.stories.tsx[2m > [22m[2mBadge Showcase
[22m[39m[FilesContext] Identity ID: us-east-1:mock-identity-123
[90mstdout[2m | src/components/QuestionsReview2.stories.tsx[2m > [22m[2mBadge Showcase
[22m[39m[FilesContext] About to set up File observeQuery
[90mstdout[2m | src/components/QuestionsReview2.stories.tsx[2m > [22m[2mBadge Showcase
[22m[39m[ChatContext] Setting up AssistantChat observeQuery
[90mstdout[2m | src/components/QuestionsReview2.stories.tsx[2m > [22m[2mBadge Showcase
[22m[39m[ChatContext] Waiting for subscription to initialize
[90mstdout[2m | src/components/QuestionsReview2.stories.tsx[2m > [22m[2mBadge Showcase
[22m[39m[SettingsContext] Setting up Settings subscription for user: mock-user-sub
[90mstdout[2m | src/components/QuestionsReview2.stories.tsx[2m > [22m[2mBadge Showcase
[22m[39m[Mock Data] Settings created: mock-settings-1790418706423 - notified 0 subscribers
[90mstdout[2m | src/components/QuestionsReview2.stories.tsx[2m > [22m[2mBadge Showcase
[22m[39m[Mock Data] Unit.onUpdate() subscription added. Total: 1
[90mstdout[2m | src/components/QuestionsReview2.stories.tsx[2m > [22m[2mBadge Showcase
[22m[39m[SectionContext] Section observeQuery update: 0
[90mstdout[2m | src/components/QuestionsReview2.stories.tsx[2m > [22m[2mBadge Showcase
[22m[39m[FilesContext] File observeQuery update: 0 files
[90mstdout[2m | src/components/QuestionsReview2.stories.tsx[2m > [22m[2mBadge Showcase
[22m[39m[ChatContext] AssistantChat initialized with 0 chats
[90mstdout[2m | src/components/QuestionsReview2.stories.tsx[2m > [22m[2mBadge Showcase
[22m[39m[Mock Storage] downloadData called with: undefined
[90mstdout[2m | src/components/QuestionsReview2.stories.tsx[2m > [22m[2mBadge Showcase
[22m[39m[MOCK CourseVectorStore] Initialized with mock data
[90mstdout[2m | src/components/QuestionsReview2.stories.tsx[2m > [22m[2mBadge Showcase
[22m[39m[ChatContext] No current chat available, will create one
[90mstdout[2m | src/components/QuestionsReview2.stories.tsx[2m > [22m[2mBadge Showcase
[22m[39m[ChatContext] Creating AssistantChat with user: undefined
[90mstdout[2m | src/components/QuestionsReview2.stories.tsx[2m > [22m[2mBadge Showcase
[22m[39m[Mock Data] AssistantChat created: mock-assistantchat-1790418706438 - notified 1 subscribers
[90mstdout[2m | src/components/QuestionsReview2.stories.tsx[2m > [22m[2mBadge Showcase
[22m[39m[ChatContext] Create result: {
  "data": {
    "_version": 1,
    "archived": false,
    "chatFiles": [Function anonymous],
    "createdAt": "2026-09-26T10:31:46.438Z",
    "id": "mock-assistantchat-1790418706438",
    "model": "gpt-4",
    "updatedAt": "2026-09-26T10:31:46.438Z",
  },
  "errors": [],
  "hasData": true,
  "hasErrors": true,
}
[90mstdout[2m | src/components/QuestionsReview2.stories.tsx[2m > [22m[2mBadge Showcase
[22m[39m[ChatContext] Created AssistantChat: mock-assistantchat-1790418706438 at: 2026-09-26T10:31:46.438Z
[90mstdout[2m | src/components/QuestionsReview2.stories.tsx[2m > [22m[2mBadge Showcase
[22m[39m[ChatContext] Setting initial chat: mock-assistantchat-1790418706438
[90mstdout[2m | src/components/QuestionsReview2.stories.tsx[2m > [22m[2mBadge Showcase
[22m[39m[ChatContext] Chat exists and not archived, skipping creation
 [32m✓[39m [30m[45m storybook (chromium) [49m[39m src/components/QuestionsReview2.stories.tsx [2m([22m[2m13 tests[22m[2m)[22m[33m 3046[2mms[22m[39m
   [33m[2m✓[22m[39m Default [33m 512[2mms[22m[39m
   [33m[2m✓[22m[39m Large List [33m 470[2mms[22m[39m
[90mstdout[2m | unknown test
[22m[39m[MOCK vectorStoreDB.js] Module loaded - mock IndexedDB operations
[90mstdout[2m | unknown test
[22m[39m[Task Completion] DOM action listeners initialized
[90mstdout[2m | unknown test
[22m[39m[Task Completion] Auto-completion detector initialized
[90mstdout[2m | unknown test
[22m[39m[Preview] Task completion detector initialized
[90mstdout[2m | src/components/Editor3/components/AudioWaveformPlayer.stories.jsx[2m > [22m[2mWith Waveform Data
[22m[39m[MOCK CourseVectorStore] Initialized with mock data
[90mstdout[2m | src/components/Editor3/components/AudioWaveformPlayer.stories.jsx[2m > [22m[2mWith Waveform Data
[22m[39m[AudioPlayerContext] Loading new source: /story-mocks/cinematic-designed-sci-fi-whoosh-tran...
[90mstdout[2m | src/components/Editor3/components/AudioWaveformPlayer.stories.jsx[2m > [22m[2mWith Waveform Data
[22m[39m[TranslationModeController] Setting mode to: off
[90mstdout[2m | src/components/Editor3/components/AudioWaveformPlayer.stories.jsx[2m > [22m[2mWith Waveform Data
[22m[39m[FilesContext] Initializing vector store from IndexedDB
[90mstdout[2m | src/components/Editor3/components/AudioWaveformPlayer.stories.jsx[2m > [22m[2mWith Waveform Data
[22m[39m[FilesContext] fetchFiles called
[90mstdout[2m | src/components/Editor3/components/AudioWaveformPlayer.stories.jsx[2m > [22m[2mWith Waveform Data
[22m[39m[FilesContext] User authenticated: mock-user-sub
[90mstdout[2m | src/components/Editor3/components/AudioWaveformPlayer.stories.jsx[2m > [22m[2mWith Waveform Data
[22m[39m[FilesContext] Identity ID: us-east-1:mock-identity-123
[90mstdout[2m | src/components/Editor3/components/AudioWaveformPlayer.stories.jsx[2m > [22m[2mWith Waveform Data
[22m[39m[FilesContext] About to set up File observeQuery
[90mstdout[2m | src/components/Editor3/components/AudioWaveformPlayer.stories.jsx[2m > [22m[2mWith Waveform Data
[22m[39m[ChatContext] Setting up AssistantChat observeQuery
[90mstdout[2m | src/components/Editor3/components/AudioWaveformPlayer.stories.jsx[2m > [22m[2mWith Waveform Data
[22m[39m[ChatContext] Waiting for subscription to initialize
[90mstdout[2m | src/components/Editor3/components/AudioWaveformPlayer.stories.jsx[2m > [22m[2mWith Waveform Data
[22m[39m[SettingsContext] Setting up Settings subscription for user: mock-user-sub
[90mstdout[2m | src/components/Editor3/components/AudioWaveformPlayer.stories.jsx[2m > [22m[2mWith Waveform Data
[22m[39m[Mock Data] Settings created: mock-settings-1790418707017 - notified 0 subscribers
[90mstdout[2m | src/components/Editor3/components/AudioWaveformPlayer.stories.jsx[2m > [22m[2mWith Waveform Data
[22m[39m[FilesContext] File observeQuery update: 6 files
[90mstdout[2m | src/components/Editor3/components/AudioWaveformPlayer.stories.jsx[2m > [22m[2mWith Waveform Data
[22m[39m[ChatContext] AssistantChat initialized with 1 chats
[90mstdout[2m | src/components/Editor3/components/AudioWaveformPlayer.stories.jsx[2m > [22m[2mWith Waveform Data
[22m[39m[ChatContext] Setting initial chat: mock-assistant-chat-1
[90mstdout[2m | src/components/Editor3/components/AudioWaveformPlayer.stories.jsx[2m > [22m[2mWith Waveform Data
[22m[39m[MOCK CourseVectorStore] Initialized with mock data
[90mstdout[2m | src/components/Editor3/components/AudioWaveformPlayer.stories.jsx[2m > [22m[2mWith Waveform Data
[22m[39m[FilesContext] Vector store population triggered {
  "currentVectorStoreSize": 3,
  "documentsCount": 0,
  "filesCount": 6,
  "isInitialLoad": true,
}
[90mstdout[2m | src/components/Editor3/components/AudioWaveformPlayer.stories.jsx[2m > [22m[2mWith Waveform Data
[22m[39m[FilesContext] Vector store population complete - 3 total embeddings
[90mstdout[2m | src/components/Editor3/components/AudioWaveformPlayer.stories.jsx[2m > [22m[2mWith Waveform Data
[22m[39m[ChatContext] Chat exists and not archived, skipping creation
[90mstdout[2m | src/components/Editor3/components/AudioWaveformPlayer.stories.jsx[2m > [22m[2mWith Waveform Data
[22m[39m[Mock Storage] downloadData called with: undefined
[90mstdout[2m | src/components/Editor3/components/AudioWaveformPlayer.stories.jsx[2m > [22m[2mCompact Player
[22m[39m[ChatContext] Cleaning up subscriptions
[90mstdout[2m | src/components/Editor3/components/AudioWaveformPlayer.stories.jsx[2m > [22m[2mCompact Player
[22m[39m[MOCK CourseVectorStore] Initialized with mock data
[90mstdout[2m | src/components/Editor3/components/AudioWaveformPlayer.stories.jsx[2m > [22m[2mCompact Player
[22m[39m[AudioPlayerContext] Loading new source: /story-mocks/cinematic-designed-sci-fi-whoosh-tran...
[90mstdout[2m | src/components/Editor3/components/AudioWaveformPlayer.stories.jsx[2m > [22m[2mCompact Player
[22m[39m[TranslationModeController] Setting mode to: off
[90mstdout[2m | src/components/Editor3/components/AudioWaveformPlayer.stories.jsx[2m > [22m[2mCompact Player
[22m[39m[FilesContext] Initializing vector store from IndexedDB
[90mstdout[2m | src/components/Editor3/components/AudioWaveformPlayer.stories.jsx[2m > [22m[2mCompact Player
[22m[39m[FilesContext] fetchFiles called
[90mstdout[2m | src/components/Editor3/components/AudioWaveformPlayer.stories.jsx[2m > [22m[2mCompact Player
[22m[39m[FilesContext] User authenticated: mock-user-sub
[90mstdout[2m | src/components/Editor3/components/AudioWaveformPlayer.stories.jsx[2m > [22m[2mCompact Player
[22m[39m[FilesContext] Identity ID: us-east-1:mock-identity-123
[90mstdout[2m | src/components/Editor3/components/AudioWaveformPlayer.stories.jsx[2m > [22m[2mCompact Player
[22m[39m[FilesContext] About to set up File observeQuery
[90mstdout[2m | src/components/Editor3/components/AudioWaveformPlayer.stories.jsx[2m > [22m[2mCompact Player
[22m[39m[ChatContext] Setting up AssistantChat observeQuery
[90mstdout[2m | src/components/Editor3/components/AudioWaveformPlayer.stories.jsx[2m > [22m[2mCompact Player
[22m[39m[ChatContext] Waiting for subscription to initialize
[90mstdout[2m | src/components/Editor3/components/AudioWaveformPlayer.stories.jsx[2m > [22m[2mCompact Player
[22m[39m[SettingsContext] Setting up Settings subscription for user: mock-user-sub
[90mstdout[2m | src/components/Editor3/components/AudioWaveformPlayer.stories.jsx[2m > [22m[2mCompact Player
[22m[39m[Mock Data] Settings created: mock-settings-1790418707221 - notified 0 subscribers
[90mstdout[2m | src/components/Editor3/components/AudioWaveformPlayer.stories.jsx[2m > [22m[2mCompact Player
[22m[39m[FilesContext] File observeQuery update: 6 files
[90mstdout[2m | src/components/Editor3/components/AudioWaveformPlayer.stories.jsx[2m > [22m[2mCompact Player
[22m[39m[ChatContext] AssistantChat initialized with 1 chats
[90mstdout[2m | src/components/Editor3/components/AudioWaveformPlayer.stories.jsx[2m > [22m[2mCompact Player
[22m[39m[ChatContext] Setting initial chat: mock-assistant-chat-1
[90mstdout[2m | src/components/Editor3/components/AudioWaveformPlayer.stories.jsx[2m > [22m[2mCompact Player
[22m[39m[MOCK CourseVectorStore] Initialized with mock data
[90mstdout[2m | src/components/Editor3/components/AudioWaveformPlayer.stories.jsx[2m > [22m[2mCompact Player
[22m[39m[FilesContext] Vector store population triggered {
  "currentVectorStoreSize": 3,
  "documentsCount": 0,
  "filesCount": 6,
  "isInitialLoad": true,
}
[90mstdout[2m | src/components/Editor3/components/AudioWaveformPlayer.stories.jsx[2m > [22m[2mCompact Player
[22m[39m[FilesContext] Vector store population complete - 3 total embeddings
[90mstdout[2m | src/components/Editor3/components/AudioWaveformPlayer.stories.jsx[2m > [22m[2mCompact Player
[22m[39m[ChatContext] Chat exists and not archived, skipping creation
[90mstdout[2m | src/components/Editor3/components/AudioWaveformPlayer.stories.jsx[2m > [22m[2mCompact Player
[22m[39m[Mock Storage] downloadData called with: undefined
[90mstdout[2m | src/components/Editor3/components/AudioWaveformPlayer.stories.jsx[2m > [22m[2mWith Prompt
[22m[39m[ChatContext] Cleaning up subscriptions
[90mstdout[2m | src/components/Editor3/components/AudioWaveformPlayer.stories.jsx[2m > [22m[2mWith Prompt
[22m[39m[MOCK CourseVectorStore] Initialized with mock data
[90mstdout[2m | src/components/Editor3/components/AudioWaveformPlayer.stories.jsx[2m > [22m[2mWith Prompt
[22m[39m[AudioPlayerContext] Loading new source: /story-mocks/cinematic-designed-sci-fi-whoosh-tran...
[90mstdout[2m | src/components/Editor3/components/AudioWaveformPlayer.stories.jsx[2m > [22m[2mWith Prompt
[22m[39m[TranslationModeController] Setting mode to: off
[90mstdout[2m | src/components/Editor3/components/AudioWaveformPlayer.stories.jsx[2m > [22m[2mWith Prompt
[22m[39m[FilesContext] Initializing vector store from IndexedDB
[90mstdout[2m | src/components/Editor3/components/AudioWaveformPlayer.stories.jsx[2m > [22m[2mWith Prompt
[22m[39m[FilesContext] fetchFiles called
[90mstdout[2m | src/components/Editor3/components/AudioWaveformPlayer.stories.jsx[2m > [22m[2mWith Prompt
[22m[39m[FilesContext] User authenticated: mock-user-sub
[90mstdout[2m | src/components/Editor3/components/AudioWaveformPlayer.stories.jsx[2m > [22m[2mWith Prompt
[22m[39m[FilesContext] Identity ID: us-east-1:mock-identity-123
[90mstdout[2m | src/components/Editor3/components/AudioWaveformPlayer.stories.jsx[2m > [22m[2mWith Prompt
[22m[39m[FilesContext] About to set up File observeQuery
[90mstdout[2m | src/components/Editor3/components/AudioWaveformPlayer.stories.jsx[2m > [22m[2mWith Prompt
[22m[39m[ChatContext] Setting up AssistantChat observeQuery
[90mstdout[2m | src/components/Editor3/components/AudioWaveformPlayer.stories.jsx[2m > [22m[2mWith Prompt
[22m[39m[ChatContext] Waiting for subscription to initialize
[90mstdout[2m | src/components/Editor3/components/AudioWaveformPlayer.stories.jsx[2m > [22m[2mWith Prompt
[22m[39m[SettingsContext] Setting up Settings subscription for user: mock-user-sub
[90mstdout[2m | src/components/Editor3/components/AudioWaveformPlayer.stories.jsx[2m > [22m[2mWith Prompt
[22m[39m[Mock Data] Settings created: mock-settings-1790418707367 - notified 0 subscribers
[90mstdout[2m | src/components/Editor3/components/AudioWaveformPlayer.stories.jsx[2m > [22m[2mWith Prompt
[22m[39m[FilesContext] File observeQuery update: 6 files
[90mstdout[2m | src/components/Editor3/components/AudioWaveformPlayer.stories.jsx[2m > [22m[2mWith Prompt
[22m[39m[ChatContext] AssistantChat initialized with 1 chats
[90mstdout[2m | src/components/Editor3/components/AudioWaveformPlayer.stories.jsx[2m > [22m[2mWith Prompt
[22m[39m[ChatContext] Setting initial chat: mock-assistant-chat-1
[90mstdout[2m | src/components/Editor3/components/AudioWaveformPlayer.stories.jsx[2m > [22m[2mWith Prompt
[22m[39m[MOCK CourseVectorStore] Initialized with mock data
[90mstdout[2m | src/components/Editor3/components/AudioWaveformPlayer.stories.jsx[2m > [22m[2mWith Prompt
[22m[39m[FilesContext] Vector store population triggered {
  "currentVectorStoreSize": 3,
  "documentsCount": 0,
  "filesCount": 6,
  "isInitialLoad": true,
}
[90mstdout[2m | src/components/Editor3/components/AudioWaveformPlayer.stories.jsx[2m > [22m[2mWith Prompt
[22m[39m[FilesContext] Vector store population complete - 3 total embeddings
[90mstdout[2m | src/components/Editor3/components/AudioWaveformPlayer.stories.jsx[2m > [22m[2mWith Prompt
[22m[39m[ChatContext] Chat exists and not archived, skipping creation
[90mstdout[2m | src/components/Editor3/components/AudioWaveformPlayer.stories.jsx[2m > [22m[2mWith Prompt
[22m[39m[Mock Storage] downloadData called with: undefined
[90mstdout[2m | src/components/Editor3/components/AudioWaveformPlayer.stories.jsx[2m > [22m[2mWith Audio Prompt
[22m[39m[ChatContext] Cleaning up subscriptions
[90mstdout[2m | src/components/Editor3/components/AudioWaveformPlayer.stories.jsx[2m > [22m[2mWith Audio Prompt
[22m[39m[MOCK CourseVectorStore] Initialized with mock data
[90mstdout[2m | src/components/Editor3/components/AudioWaveformPlayer.stories.jsx[2m > [22m[2mWith Audio Prompt
[22m[39mMock Cache.getItem called with: getCachedUrl_/story-mocks/cinematic-designed-sci-fi-whoosh-transition-nexawave-228295.mp3
[90mstdout[2m | src/components/Editor3/components/AudioWaveformPlayer.stories.jsx[2m > [22m[2mWith Audio Prompt
[22m[39mMock Cache.getItem called with: getCachedUrl_/story-mocks/cinematic-designed-sci-fi-whoosh-transition-nexawave-228295.mp3
[90mstdout[2m | src/components/Editor3/components/AudioWaveformPlayer.stories.jsx[2m > [22m[2mWith Audio Prompt
[22m[39m[TranslationModeController] Setting mode to: off
[90mstdout[2m | src/components/Editor3/components/AudioWaveformPlayer.stories.jsx[2m > [22m[2mWith Audio Prompt
[22m[39m[FilesContext] Initializing vector store from IndexedDB
[90mstdout[2m | src/components/Editor3/components/AudioWaveformPlayer.stories.jsx[2m > [22m[2mWith Audio Prompt
[22m[39m[FilesContext] fetchFiles called
[90mstdout[2m | src/components/Editor3/components/AudioWaveformPlayer.stories.jsx[2m > [22m[2mWith Audio Prompt
[22m[39m[FilesContext] User authenticated: mock-user-sub
[90mstdout[2m | src/components/Editor3/components/AudioWaveformPlayer.stories.jsx[2m > [22m[2mWith Audio Prompt
[22m[39m[FilesContext] Identity ID: us-east-1:mock-identity-123
[90mstdout[2m | src/components/Editor3/components/AudioWaveformPlayer.stories.jsx[2m > [22m[2mWith Audio Prompt
[22m[39m[FilesContext] About to set up File observeQuery
[90mstdout[2m | src/components/Editor3/components/AudioWaveformPlayer.stories.jsx[2m > [22m[2mWith Audio Prompt
[22m[39m[ChatContext] Setting up AssistantChat observeQuery
[90mstdout[2m | src/components/Editor3/components/AudioWaveformPlayer.stories.jsx[2m > [22m[2mWith Audio Prompt
[22m[39m[ChatContext] Waiting for subscription to initialize
[90mstdout[2m | src/components/Editor3/components/AudioWaveformPlayer.stories.jsx[2m > [22m[2mWith Audio Prompt
[22m[39m[SettingsContext] Setting up Settings subscription for user: mock-user-sub
[90mstdout[2m | src/components/Editor3/components/AudioWaveformPlayer.stories.jsx[2m > [22m[2mWith Audio Prompt
[22m[39mMock Cache.getItem called with: getCachedUrl_/story-mocks/cinematic-designed-sci-fi-whoosh-transition-nexawave-228295.mp3
[90mstdout[2m | src/components/Editor3/components/AudioWaveformPlayer.stories.jsx[2m > [22m[2mWith Audio Prompt
[22m[39mMock getUrl called with: /story-mocks/cinematic-designed-sci-fi-whoosh-transition-nexawave-228295.mp3
[90mstdout[2m | src/components/Editor3/components/AudioWaveformPlayer.stories.jsx[2m > [22m[2mWith Audio Prompt
[22m[39mMock getUrl called with: /story-mocks/cinematic-designed-sci-fi-whoosh-transition-nexawave-228295.mp3
[90mstdout[2m | src/components/Editor3/components/AudioWaveformPlayer.stories.jsx[2m > [22m[2mWith Audio Prompt
[22m[39m[Mock Data] Settings created: mock-settings-1790418707546 - notified 0 subscribers
[90mstdout[2m | src/components/Editor3/components/AudioWaveformPlayer.stories.jsx[2m > [22m[2mWith Audio Prompt
[22m[39mMock getUrl called with: /story-mocks/cinematic-designed-sci-fi-whoosh-transition-nexawave-228295.mp3
[90mstdout[2m | src/components/Editor3/components/AudioWaveformPlayer.stories.jsx[2m > [22m[2mWith Audio Prompt
[22m[39mMock Cache.setItem called with: getCachedUrl_/story-mocks/cinematic-designed-sci-fi-whoosh-transition-nexawave-228295.mp3 /story-mocks/cinematic-designed-sci-fi-whoosh-transition-nexawave-228295.mp3
[90mstdout[2m | src/components/Editor3/components/AudioWaveformPlayer.stories.jsx[2m > [22m[2mWith Audio Prompt
[22m[39mMock Cache.setItem called with: getCachedUrl_/story-mocks/cinematic-designed-sci-fi-whoosh-transition-nexawave-228295.mp3 /story-mocks/cinematic-designed-sci-fi-whoosh-transition-nexawave-228295.mp3
[90mstdout[2m | src/components/Editor3/components/AudioWaveformPlayer.stories.jsx[2m > [22m[2mWith Audio Prompt
[22m[39mMock Cache.setItem called with: getCachedUrl_/story-mocks/cinematic-designed-sci-fi-whoosh-transition-nexawave-228295.mp3 /story-mocks/cinematic-designed-sci-fi-whoosh-transition-nexawave-228295.mp3
[90mstdout[2m | src/components/Editor3/components/AudioWaveformPlayer.stories.jsx[2m > [22m[2mWith Audio Prompt
[22m[39mMock Cache.getItem called with: getCachedUrl_/story-mocks/cinematic-designed-sci-fi-whoosh-transition-nexawave-228295.mp3
[90mstdout[2m | src/components/Editor3/components/AudioWaveformPlayer.stories.jsx[2m > [22m[2mWith Audio Prompt
[22m[39mMock getUrl called with: /story-mocks/cinematic-designed-sci-fi-whoosh-transition-nexawave-228295.mp3
[90mstdout[2m | src/components/Editor3/components/AudioWaveformPlayer.stories.jsx[2m > [22m[2mWith Audio Prompt
[22m[39mMock Cache.setItem called with: getCachedUrl_/story-mocks/cinematic-designed-sci-fi-whoosh-transition-nexawave-228295.mp3 /story-mocks/cinematic-designed-sci-fi-whoosh-transition-nexawave-228295.mp3
[90mstdout[2m | src/components/Editor3/components/AudioWaveformPlayer.stories.jsx[2m > [22m[2mWith Audio Prompt
[22m[39m[FilesContext] File observeQuery update: 6 files
[90mstdout[2m | src/components/Editor3/components/AudioWaveformPlayer.stories.jsx[2m > [22m[2mWith Audio Prompt
[22m[39m[ChatContext] AssistantChat initialized with 1 chats
[90mstdout[2m | src/components/Editor3/components/AudioWaveformPlayer.stories.jsx[2m > [22m[2mWith Audio Prompt
[22m[39m[ChatContext] Setting initial chat: mock-assistant-chat-1
[90mstdout[2m | src/components/Editor3/components/AudioWaveformPlayer.stories.jsx[2m > [22m[2mWith Audio Prompt
[22m[39m[MOCK CourseVectorStore] Initialized with mock data
[90mstdout[2m | src/components/Editor3/components/AudioWaveformPlayer.stories.jsx[2m > [22m[2mWith Audio Prompt
[22m[39mMock Cache.getItem called with: getCachedUrl_/story-mocks/cinematic-designed-sci-fi-whoosh-transition-nexawave-228295.mp3
[90mstdout[2m | src/components/Editor3/components/AudioWaveformPlayer.stories.jsx[2m > [22m[2mWith Audio Prompt
[22m[39m[FilesContext] Vector store population triggered {
  "currentVectorStoreSize": 3,
  "documentsCount": 0,
  "filesCount": 6,
  "isInitialLoad": true,
}
[90mstdout[2m | src/components/Editor3/components/AudioWaveformPlayer.stories.jsx[2m > [22m[2mWith Audio Prompt
[22m[39m[FilesContext] Vector store population complete - 3 total embeddings
[90mstdout[2m | src/components/Editor3/components/AudioWaveformPlayer.stories.jsx[2m > [22m[2mWith Audio Prompt
[22m[39m[ChatContext] Chat exists and not archived, skipping creation
[90mstdout[2m | src/components/Editor3/components/AudioWaveformPlayer.stories.jsx[2m > [22m[2mWith Audio Prompt
[22m[39mMock getUrl called with: /story-mocks/cinematic-designed-sci-fi-whoosh-transition-nexawave-228295.mp3
[90mstdout[2m | src/components/Editor3/components/AudioWaveformPlayer.stories.jsx[2m > [22m[2mWith Audio Prompt
[22m[39mMock Cache.setItem called with: getCachedUrl_/story-mocks/cinematic-designed-sci-fi-whoosh-transition-nexawave-228295.mp3 /story-mocks/cinematic-designed-sci-fi-whoosh-transition-nexawave-228295.mp3
[90mstdout[2m | src/components/Editor3/components/AudioWaveformPlayer.stories.jsx[2m > [22m[2mWith Audio Prompt
[22m[39m[Mock Storage] downloadData called with: undefined
[90mstdout[2m | src/components/Editor3/components/AudioWaveformPlayer.stories.jsx[2m > [22m[2mNo Duration
[22m[39m[ChatContext] Cleaning up subscriptions
[90mstdout[2m | src/components/Editor3/components/AudioWaveformPlayer.stories.jsx[2m > [22m[2mNo Duration
[22m[39m[MOCK CourseVectorStore] Initialized with mock data
[90mstdout[2m | src/components/Editor3/components/AudioWaveformPlayer.stories.jsx[2m > [22m[2mNo Duration
[22m[39m[AudioPlayerContext] Loading new source: /story-mocks/cinematic-designed-sci-fi-whoosh-tran...
[90mstdout[2m | src/components/Editor3/components/AudioWaveformPlayer.stories.jsx[2m > [22m[2mNo Duration
[22m[39m[TranslationModeController] Setting mode to: off
[90mstdout[2m | src/components/Editor3/components/AudioWaveformPlayer.stories.jsx[2m > [22m[2mNo Duration
[22m[39m[FilesContext] Initializing vector store from IndexedDB
[90mstdout[2m | src/components/Editor3/components/AudioWaveformPlayer.stories.jsx[2m > [22m[2mNo Duration
[22m[39m[FilesContext] fetchFiles called
[90mstdout[2m | src/components/Editor3/components/AudioWaveformPlayer.stories.jsx[2m > [22m[2mNo Duration
[22m[39m[FilesContext] User authenticated: mock-user-sub
[90mstdout[2m | src/components/Editor3/components/AudioWaveformPlayer.stories.jsx[2m > [22m[2mNo Duration
[22m[39m[FilesContext] Identity ID: us-east-1:mock-identity-123
[90mstdout[2m | src/components/Editor3/components/AudioWaveformPlayer.stories.jsx[2m > [22m[2mNo Duration
[22m[39m[FilesContext] About to set up File observeQuery
[90mstdout[2m | src/components/Editor3/components/AudioWaveformPlayer.stories.jsx[2m > [22m[2mNo Duration
[22m[39m[ChatContext] Setting up AssistantChat observeQuery
[90mstdout[2m | src/components/Editor3/components/AudioWaveformPlayer.stories.jsx[2m > [22m[2mNo Duration
[22m[39m[ChatContext] Waiting for subscription to initialize
[90mstdout[2m | src/components/Editor3/components/AudioWaveformPlayer.stories.jsx[2m > [22m[2mNo Duration
[22m[39m[SettingsContext] Setting up Settings subscription for user: mock-user-sub
[90mstdout[2m | src/components/Editor3/components/AudioWaveformPlayer.stories.jsx[2m > [22m[2mNo Duration
[22m[39m[Mock Data] Settings created: mock-settings-1790418708837 - notified 0 subscribers
[90mstdout[2m | src/components/Editor3/components/AudioWaveformPlayer.stories.jsx[2m > [22m[2mNo Duration
[22m[39m[FilesContext] File observeQuery update: 6 files
[90mstdout[2m | src/components/Editor3/components/AudioWaveformPlayer.stories.jsx[2m > [22m[2mNo Duration
[22m[39m[ChatContext] AssistantChat initialized with 1 chats
[90mstdout[2m | src/components/Editor3/components/AudioWaveformPlayer.stories.jsx[2m > [22m[2mNo Duration
[22m[39m[ChatContext] Setting initial chat: mock-assistant-chat-1
[90mstdout[2m | src/components/Editor3/components/AudioWaveformPlayer.stories.jsx[2m > [22m[2mNo Duration
[22m[39m[MOCK CourseVectorStore] Initialized with mock data
[90mstdout[2m | src/components/Editor3/components/AudioWaveformPlayer.stories.jsx[2m > [22m[2mNo Duration
[22m[39m[FilesContext] Vector store population triggered {
  "currentVectorStoreSize": 3,
  "documentsCount": 0,
  "filesCount": 6,
  "isInitialLoad": true,
}
[90mstdout[2m | src/components/Editor3/components/AudioWaveformPlayer.stories.jsx[2m > [22m[2mNo Duration
[22m[39m[FilesContext] Vector store population complete - 3 total embeddings
[90mstdout[2m | src/components/Editor3/components/AudioWaveformPlayer.stories.jsx[2m > [22m[2mNo Duration
[22m[39m[ChatContext] Chat exists and not archived, skipping creation
[90mstdout[2m | src/components/Editor3/components/AudioWaveformPlayer.stories.jsx[2m > [22m[2mNo Duration
[22m[39m[Mock Storage] downloadData called with: undefined
[90mstdout[2m | src/components/Editor3/components/AudioWaveformPlayer.stories.jsx[2m > [22m[2mVarious Sizes
[22m[39m[ChatContext] Cleaning up subscriptions
[90mstdout[2m | src/components/Editor3/components/AudioWaveformPlayer.stories.jsx[2m > [22m[2mVarious Sizes
[22m[39m[MOCK CourseVectorStore] Initialized with mock data
[90mstdout[2m | src/components/Editor3/components/AudioWaveformPlayer.stories.jsx[2m > [22m[2mVarious Sizes
[22m[39m[AudioPlayerContext] Loading new source: /story-mocks/cinematic-designed-sci-fi-whoosh-tran...
[90mstdout[2m | src/components/Editor3/components/AudioWaveformPlayer.stories.jsx[2m > [22m[2mVarious Sizes
[22m[39m[AudioPlayerContext] Loading new source: /story-mocks/cinematic-designed-sci-fi-whoosh-tran...
[90mstdout[2m | src/components/Editor3/components/AudioWaveformPlayer.stories.jsx[2m > [22m[2mVarious Sizes
[22m[39m[AudioPlayerContext] Loading new source: /story-mocks/cinematic-designed-sci-fi-whoosh-tran...
[90mstdout[2m | src/components/Editor3/components/AudioWaveformPlayer.stories.jsx[2m > [22m[2mVarious Sizes
[22m[39m[TranslationModeController] Setting mode to: off
[90mstdout[2m | src/components/Editor3/components/AudioWaveformPlayer.stories.jsx[2m > [22m[2mVarious Sizes
[22m[39m[FilesContext] Initializing vector store from IndexedDB
[90mstdout[2m | src/components/Editor3/components/AudioWaveformPlayer.stories.jsx[2m > [22m[2mVarious Sizes
[22m[39m[FilesContext] fetchFiles called
[90mstdout[2m | src/components/Editor3/components/AudioWaveformPlayer.stories.jsx[2m > [22m[2mVarious Sizes
[22m[39m[FilesContext] User authenticated: mock-user-sub
[90mstdout[2m | src/components/Editor3/components/AudioWaveformPlayer.stories.jsx[2m > [22m[2mVarious Sizes
[22m[39m[FilesContext] Identity ID: us-east-1:mock-identity-123
[90mstdout[2m | src/components/Editor3/components/AudioWaveformPlayer.stories.jsx[2m > [22m[2mVarious Sizes
[22m[39m[FilesContext] About to set up File observeQuery
[90mstdout[2m | src/components/Editor3/components/AudioWaveformPlayer.stories.jsx[2m > [22m[2mVarious Sizes
[22m[39m[ChatContext] Setting up AssistantChat observeQuery
[90mstdout[2m | src/components/Editor3/components/AudioWaveformPlayer.stories.jsx[2m > [22m[2mVarious Sizes
[22m[39m[ChatContext] Waiting for subscription to initialize
[90mstdout[2m | src/components/Editor3/components/AudioWaveformPlayer.stories.jsx[2m > [22m[2mVarious Sizes
[22m[39m[SettingsContext] Setting up Settings subscription for user: mock-user-sub
[90mstdout[2m | src/components/Editor3/components/AudioWaveformPlayer.stories.jsx[2m > [22m[2mVarious Sizes
[22m[39m[Mock Data] Settings created: mock-settings-1790418709061 - notified 0 subscribers
[90mstdout[2m | src/components/Editor3/components/AudioWaveformPlayer.stories.jsx[2m > [22m[2mVarious Sizes
[22m[39m[FilesContext] File observeQuery update: 6 files
[90mstdout[2m | src/components/Editor3/components/AudioWaveformPlayer.stories.jsx[2m > [22m[2mVarious Sizes
[22m[39m[ChatContext] AssistantChat initialized with 1 chats
[90mstdout[2m | src/components/Editor3/components/AudioWaveformPlayer.stories.jsx[2m > [22m[2mVarious Sizes
[22m[39m[ChatContext] Setting initial chat: mock-assistant-chat-1
[90mstdout[2m | src/components/Editor3/components/AudioWaveformPlayer.stories.jsx[2m > [22m[2mVarious Sizes
[22m[39m[MOCK CourseVectorStore] Initialized with mock data
[90mstdout[2m | src/components/Editor3/components/AudioWaveformPlayer.stories.jsx[2m > [22m[2mVarious Sizes
[22m[39m[FilesContext] Vector store population triggered {
  "currentVectorStoreSize": 3,
  "documentsCount": 0,
  "filesCount": 6,
  "isInitialLoad": true,
}
[90mstdout[2m | src/components/Editor3/components/AudioWaveformPlayer.stories.jsx[2m > [22m[2mVarious Sizes
[22m[39m[FilesContext] Vector store population complete - 3 total embeddings
[90mstdout[2m | src/components/Editor3/components/AudioWaveformPlayer.stories.jsx[2m > [22m[2mVarious Sizes
[22m[39m[ChatContext] Chat exists and not archived, skipping creation
[90mstdout[2m | src/components/Editor3/components/AudioWaveformPlayer.stories.jsx[2m > [22m[2mVarious Sizes
[22m[39m[Mock Storage] downloadData called with: undefined
[90mstdout[2m | src/components/Editor3/components/AudioWaveformPlayer.stories.jsx[2m > [22m[2mMultiple Players In List
[22m[39m[ChatContext] Cleaning up subscriptions
[90mstdout[2m | src/components/Editor3/components/AudioWaveformPlayer.stories.jsx[2m > [22m[2mMultiple Players In List
[22m[39m[MOCK CourseVectorStore] Initialized with mock data
[90mstdout[2m | src/components/Editor3/components/AudioWaveformPlayer.stories.jsx[2m > [22m[2mMultiple Players In List
[22m[39m[AudioPlayerContext] Loading new source: /story-mocks/cinematic-designed-sci-fi-whoosh-tran...
[90mstdout[2m | src/components/Editor3/components/AudioWaveformPlayer.stories.jsx[2m > [22m[2mMultiple Players In List
[22m[39m[AudioPlayerContext] Loading new source: /story-mocks/cinematic-designed-sci-fi-whoosh-tran...
[90mstdout[2m | src/components/Editor3/components/AudioWaveformPlayer.stories.jsx[2m > [22m[2mMultiple Players In List
[22m[39m[AudioPlayerContext] Loading new source: /story-mocks/cinematic-designed-sci-fi-whoosh-tran...
[90mstdout[2m | src/components/Editor3/components/AudioWaveformPlayer.stories.jsx[2m > [22m[2mMultiple Players In List
[22m[39m[TranslationModeController] Setting mode to: off
[90mstdout[2m | src/components/Editor3/components/AudioWaveformPlayer.stories.jsx[2m > [22m[2mMultiple Players In List
[22m[39m[FilesContext] Initializing vector store from IndexedDB
[90mstdout[2m | src/components/Editor3/components/AudioWaveformPlayer.stories.jsx[2m > [22m[2mMultiple Players In List
[22m[39m[FilesContext] fetchFiles called
[90mstdout[2m | src/components/Editor3/components/AudioWaveformPlayer.stories.jsx[2m > [22m[2mMultiple Players In List
[22m[39m[FilesContext] User authenticated: mock-user-sub
[90mstdout[2m | src/components/Editor3/components/AudioWaveformPlayer.stories.jsx[2m > [22m[2mMultiple Players In List
[22m[39m[FilesContext] Identity ID: us-east-1:mock-identity-123
[90mstdout[2m | src/components/Editor3/components/AudioWaveformPlayer.stories.jsx[2m > [22m[2mMultiple Players In List
[22m[39m[FilesContext] About to set up File observeQuery
[90mstdout[2m | src/components/Editor3/components/AudioWaveformPlayer.stories.jsx[2m > [22m[2mMultiple Players In List
[22m[39m[ChatContext] Setting up AssistantChat observeQuery
[90mstdout[2m | src/components/Editor3/components/AudioWaveformPlayer.stories.jsx[2m > [22m[2mMultiple Players In List
[22m[39m[ChatContext] Waiting for subscription to initialize
[90mstdout[2m | src/components/Editor3/components/AudioWaveformPlayer.stories.jsx[2m > [22m[2mMultiple Players In List
[22m[39m[SettingsContext] Setting up Settings subscription for user: mock-user-sub
[90mstdout[2m | src/components/Editor3/components/AudioWaveformPlayer.stories.jsx[2m > [22m[2mMultiple Players In List
[22m[39m[Mock Data] Settings created: mock-settings-1790418709449 - notified 0 subscribers
[90mstdout[2m | src/components/Editor3/components/AudioWaveformPlayer.stories.jsx[2m > [22m[2mMultiple Players In List
[22m[39m[FilesContext] File observeQuery update: 6 files
[90mstdout[2m | src/components/Editor3/components/AudioWaveformPlayer.stories.jsx[2m > [22m[2mMultiple Players In List
[22m[39m[ChatContext] AssistantChat initialized with 1 chats
[90mstdout[2m | src/components/Editor3/components/AudioWaveformPlayer.stories.jsx[2m > [22m[2mMultiple Players In List
[22m[39m[ChatContext] Setting initial chat: mock-assistant-chat-1
[90mstdout[2m | src/components/Editor3/components/AudioWaveformPlayer.stories.jsx[2m > [22m[2mMultiple Players In List
[22m[39m[MOCK CourseVectorStore] Initialized with mock data
[90mstdout[2m | src/components/Editor3/components/AudioWaveformPlayer.stories.jsx[2m > [22m[2mMultiple Players In List
[22m[39m[FilesContext] Vector store population triggered {
  "currentVectorStoreSize": 3,
  "documentsCount": 0,
  "filesCount": 6,
  "isInitialLoad": true,
}
[90mstdout[2m | src/components/Editor3/components/AudioWaveformPlayer.stories.jsx[2m > [22m[2mMultiple Players In List
[22m[39m[FilesContext] Vector store population complete - 3 total embeddings
[90mstdout[2m | src/components/Editor3/components/AudioWaveformPlayer.stories.jsx[2m > [22m[2mMultiple Players In List
[22m[39m[ChatContext] Chat exists and not archived, skipping creation
[90mstdout[2m | src/components/Editor3/components/AudioWaveformPlayer.stories.jsx[2m > [22m[2mMultiple Players In List
[22m[39m[Mock Storage] downloadData called with: undefined
[90mstdout[2m | src/components/Editor3/components/AudioWaveformPlayer.stories.jsx[2m > [22m[2mNo Audio Source
[22m[39m[ChatContext] Cleaning up subscriptions
[90mstdout[2m | src/components/Editor3/components/AudioWaveformPlayer.stories.jsx[2m > [22m[2mNo Audio Source
[22m[39m[MOCK CourseVectorStore] Initialized with mock data
[90mstdout[2m | src/components/Editor3/components/AudioWaveformPlayer.stories.jsx[2m > [22m[2mNo Audio Source
[22m[39m[TranslationModeController] Setting mode to: off
[90mstdout[2m | src/components/Editor3/components/AudioWaveformPlayer.stories.jsx[2m > [22m[2mNo Audio Source
[22m[39m[FilesContext] Initializing vector store from IndexedDB
[90mstdout[2m | src/components/Editor3/components/AudioWaveformPlayer.stories.jsx[2m > [22m[2mNo Audio Source
[22m[39m[FilesContext] fetchFiles called
[90mstdout[2m | src/components/Editor3/components/AudioWaveformPlayer.stories.jsx[2m > [22m[2mNo Audio Source
[22m[39m[FilesContext] User authenticated: mock-user-sub
[90mstdout[2m | src/components/Editor3/components/AudioWaveformPlayer.stories.jsx[2m > [22m[2mNo Audio Source
[22m[39m[FilesContext] Identity ID: us-east-1:mock-identity-123
[90mstdout[2m | src/components/Editor3/components/AudioWaveformPlayer.stories.jsx[2m > [22m[2mNo Audio Source
[22m[39m[FilesContext] About to set up File observeQuery
[90mstdout[2m | src/components/Editor3/components/AudioWaveformPlayer.stories.jsx[2m > [22m[2mNo Audio Source
[22m[39m[ChatContext] Setting up AssistantChat observeQuery
[90mstdout[2m | src/components/Editor3/components/AudioWaveformPlayer.stories.jsx[2m > [22m[2mNo Audio Source
[22m[39m[ChatContext] Waiting for subscription to initialize
[90mstdout[2m | src/components/Editor3/components/AudioWaveformPlayer.stories.jsx[2m > [22m[2mNo Audio Source
[22m[39m[SettingsContext] Setting up Settings subscription for user: mock-user-sub
[90mstdout[2m | src/components/Editor3/components/AudioWaveformPlayer.stories.jsx[2m > [22m[2mNo Audio Source
[22m[39m[Mock Data] Settings created: mock-settings-1790418709695 - notified 0 subscribers
[90mstdout[2m | src/components/Editor3/components/AudioWaveformPlayer.stories.jsx[2m > [22m[2mNo Audio Source
[22m[39m[Mock Storage] downloadData called with: undefined
[90mstdout[2m | src/components/Editor3/components/AudioWaveformPlayer.stories.jsx[2m > [22m[2mNo Audio Source
[22m[39m[FilesContext] File observeQuery update: 6 files
[90mstdout[2m | src/components/Editor3/components/AudioWaveformPlayer.stories.jsx[2m > [22m[2mNo Audio Source
[22m[39m[ChatContext] AssistantChat initialized with 1 chats
[90mstdout[2m | src/components/Editor3/components/AudioWaveformPlayer.stories.jsx[2m > [22m[2mNo Audio Source
[22m[39m[ChatContext] Setting initial chat: mock-assistant-chat-1
[90mstdout[2m | src/components/Editor3/components/AudioWaveformPlayer.stories.jsx[2m > [22m[2mNo Audio Source
[22m[39m[MOCK CourseVectorStore] Initialized with mock data
[90mstdout[2m | src/components/Editor3/components/AudioWaveformPlayer.stories.jsx[2m > [22m[2mNo Audio Source
[22m[39m[FilesContext] Vector store population triggered {
  "currentVectorStoreSize": 3,
  "documentsCount": 0,
  "filesCount": 6,
  "isInitialLoad": true,
}
[90mstdout[2m | src/components/Editor3/components/AudioWaveformPlayer.stories.jsx[2m > [22m[2mNo Audio Source
[22m[39m[FilesContext] Vector store population complete - 3 total embeddings
[90mstdout[2m | src/components/Editor3/components/AudioWaveformPlayer.stories.jsx[2m > [22m[2mNo Audio Source
[22m[39m[ChatContext] Chat exists and not archived, skipping creation
[90mstdout[2m | src/components/Editor3/components/AudioWaveformPlayer.stories.jsx[2m > [22m[2mWith Recording
[22m[39m[ChatContext] Cleaning up subscriptions
[90mstdout[2m | src/components/Editor3/components/AudioWaveformPlayer.stories.jsx[2m > [22m[2mWith Recording
[22m[39m[MOCK CourseVectorStore] Initialized with mock data
[90mstdout[2m | src/components/Editor3/components/AudioWaveformPlayer.stories.jsx[2m > [22m[2mWith Recording
[22m[39m[TranslationModeController] Setting mode to: off
[90mstdout[2m | src/components/Editor3/components/AudioWaveformPlayer.stories.jsx[2m > [22m[2mWith Recording
[22m[39m[FilesContext] Initializing vector store from IndexedDB
[90mstdout[2m | src/components/Editor3/components/AudioWaveformPlayer.stories.jsx[2m > [22m[2mWith Recording
[22m[39m[FilesContext] fetchFiles called
[90mstdout[2m | src/components/Editor3/components/AudioWaveformPlayer.stories.jsx[2m > [22m[2mWith Recording
[22m[39m[FilesContext] User authenticated: mock-user-sub
[90mstdout[2m | src/components/Editor3/components/AudioWaveformPlayer.stories.jsx[2m > [22m[2mWith Recording
[22m[39m[FilesContext] Identity ID: us-east-1:mock-identity-123
[90mstdout[2m | src/components/Editor3/components/AudioWaveformPlayer.stories.jsx[2m > [22m[2mWith Recording
[22m[39m[FilesContext] About to set up File observeQuery
[90mstdout[2m | src/components/Editor3/components/AudioWaveformPlayer.stories.jsx[2m > [22m[2mWith Recording
[22m[39m[ChatContext] Setting up AssistantChat observeQuery
[90mstdout[2m | src/components/Editor3/components/AudioWaveformPlayer.stories.jsx[2m > [22m[2mWith Recording
[22m[39m[ChatContext] Waiting for subscription to initialize
[90mstdout[2m | src/components/Editor3/components/AudioWaveformPlayer.stories.jsx[2m > [22m[2mWith Recording
[22m[39m[SettingsContext] Setting up Settings subscription for user: mock-user-sub
[90mstdout[2m | src/components/Editor3/components/AudioWaveformPlayer.stories.jsx[2m > [22m[2mWith Recording
[22m[39m[Mock Data] Settings created: mock-settings-1790418709821 - notified 0 subscribers
[90mstdout[2m | src/components/Editor3/components/AudioWaveformPlayer.stories.jsx[2m > [22m[2mWith Recording
[22m[39m[FilesContext] File observeQuery update: 6 files
[90mstdout[2m | src/components/Editor3/components/AudioWaveformPlayer.stories.jsx[2m > [22m[2mWith Recording
[22m[39m[ChatContext] AssistantChat initialized with 1 chats
[90mstdout[2m | src/components/Editor3/components/AudioWaveformPlayer.stories.jsx[2m > [22m[2mWith Recording
[22m[39m[ChatContext] Setting initial chat: mock-assistant-chat-1
[90mstdout[2m | src/components/Editor3/components/AudioWaveformPlayer.stories.jsx[2m > [22m[2mWith Recording
[22m[39m[MOCK CourseVectorStore] Initialized with mock data
[90mstdout[2m | src/components/Editor3/components/AudioWaveformPlayer.stories.jsx[2m > [22m[2mWith Recording
[22m[39m[FilesContext] Vector store population triggered {
  "currentVectorStoreSize": 3,
  "documentsCount": 0,
  "filesCount": 6,
  "isInitialLoad": true,
}
[90mstdout[2m | src/components/Editor3/components/AudioWaveformPlayer.stories.jsx[2m > [22m[2mWith Recording
[22m[39m[FilesContext] Vector store population complete - 3 total embeddings
[90mstdout[2m | src/components/Editor3/components/AudioWaveformPlayer.stories.jsx[2m > [22m[2mWith Recording
[22m[39m[ChatContext] Chat exists and not archived, skipping creation
[90mstdout[2m | src/components/Editor3/components/AudioWaveformPlayer.stories.jsx[2m > [22m[2mWith Recording
[22m[39m[Mock Storage] downloadData called with: undefined
[90mstdout[2m | src/components/Editor3/components/AudioWaveformPlayer.stories.jsx[2m > [22m[2mRecording With Callback
[22m[39m[ChatContext] Cleaning up subscriptions
[90mstdout[2m | src/components/Editor3/components/AudioWaveformPlayer.stories.jsx[2m > [22m[2mRecording With Callback
[22m[39m[MOCK CourseVectorStore] Initialized with mock data
[90mstdout[2m | src/components/Editor3/components/AudioWaveformPlayer.stories.jsx[2m > [22m[2mRecording With Callback
[22m[39m[TranslationModeController] Setting mode to: off
[90mstdout[2m | src/components/Editor3/components/AudioWaveformPlayer.stories.jsx[2m > [22m[2mRecording With Callback
[22m[39m[FilesContext] Initializing vector store from IndexedDB
[90mstdout[2m | src/components/Editor3/components/AudioWaveformPlayer.stories.jsx[2m > [22m[2mRecording With Callback
[22m[39m[FilesContext] fetchFiles called
[90mstdout[2m | src/components/Editor3/components/AudioWaveformPlayer.stories.jsx[2m > [22m[2mRecording With Callback
[22m[39m[FilesContext] User authenticated: mock-user-sub
[90mstdout[2m | src/components/Editor3/components/AudioWaveformPlayer.stories.jsx[2m > [22m[2mRecording With Callback
[22m[39m[FilesContext] Identity ID: us-east-1:mock-identity-123
[90mstdout[2m | src/components/Editor3/components/AudioWaveformPlayer.stories.jsx[2m > [22m[2mRecording With Callback
[22m[39m[FilesContext] About to set up File observeQuery
[90mstdout[2m | src/components/Editor3/components/AudioWaveformPlayer.stories.jsx[2m > [22m[2mRecording With Callback
[22m[39m[ChatContext] Setting up AssistantChat observeQuery
[90mstdout[2m | src/components/Editor3/components/AudioWaveformPlayer.stories.jsx[2m > [22m[2mRecording With Callback
[22m[39m[ChatContext] Waiting for subscription to initialize
[90mstdout[2m | src/components/Editor3/components/AudioWaveformPlayer.stories.jsx[2m > [22m[2mRecording With Callback
[22m[39m[SettingsContext] Setting up Settings subscription for user: mock-user-sub
[90mstdout[2m | src/components/Editor3/components/AudioWaveformPlayer.stories.jsx[2m > [22m[2mRecording With Callback
[22m[39m[Mock Data] Settings created: mock-settings-1790418709989 - notified 0 subscribers
[90mstdout[2m | src/components/Editor3/components/AudioWaveformPlayer.stories.jsx[2m > [22m[2mRecording With Callback
[22m[39m[FilesContext] File observeQuery update: 6 files
[90mstdout[2m | src/components/Editor3/components/AudioWaveformPlayer.stories.jsx[2m > [22m[2mRecording With Callback
[22m[39m[ChatContext] AssistantChat initialized with 1 chats
[90mstdout[2m | src/components/Editor3/components/AudioWaveformPlayer.stories.jsx[2m > [22m[2mRecording With Callback
[22m[39m[ChatContext] Setting initial chat: mock-assistant-chat-1
[90mstdout[2m | src/components/Editor3/components/AudioWaveformPlayer.stories.jsx[2m > [22m[2mRecording With Callback
[22m[39m[MOCK CourseVectorStore] Initialized with mock data
[90mstdout[2m | src/components/Editor3/components/AudioWaveformPlayer.stories.jsx[2m > [22m[2mRecording With Callback
[22m[39m[FilesContext] Vector store population triggered {
  "currentVectorStoreSize": 3,
  "documentsCount": 0,
  "filesCount": 6,
  "isInitialLoad": true,
}
[90mstdout[2m | src/components/Editor3/components/AudioWaveformPlayer.stories.jsx[2m > [22m[2mRecording With Callback
[22m[39m[FilesContext] Vector store population complete - 3 total embeddings
[90mstdout[2m | src/components/Editor3/components/AudioWaveformPlayer.stories.jsx[2m > [22m[2mRecording With Callback
[22m[39m[ChatContext] Chat exists and not archived, skipping creation
[90mstdout[2m | src/components/Editor3/components/AudioWaveformPlayer.stories.jsx[2m > [22m[2mRecording With Callback
[22m[39m[Mock Storage] downloadData called with: undefined
[90mstdout[2m | src/components/Editor3/components/AudioWaveformPlayer.stories.jsx[2m > [22m[2mRecording With Callback
[22m[39m[AudioWaveformPlayer] Starting real-time waveform visualization
[90mstdout[2m | src/components/Editor3/components/AudioWaveformPlayer.stories.jsx[2m > [22m[2mRecording With Callback
[22m[39m[Mock Auth] getCurrentUser returning: {
  "attributes": {
    "email": "alice@example.com",
    "sub": "student-alice-sub",
  },
  "userId": "student-alice-sub",
  "username": "student-alice-sub",
}
[90mstdout[2m | src/components/Editor3/components/AudioWaveformPlayer.stories.jsx[2m > [22m[2mRecording With Callback
[22m[39m[UserSubmission] Uploading to: private/student-alice-sub/user-submissions/test-grade-123/pronunciation-practice/test-grade-123_pronunciation-practice_1790418710244.mp3
[90mstdout[2m | src/components/Editor3/components/AudioWaveformPlayer.stories.jsx[2m > [22m[2mRecording With Callback
[22m[39m[Mock Storage] uploadData called with: {
  "key": undefined,
  "options": {
    "contentType": "audio/webm;codecs=opus",
  },
  "path": "private/student-alice-sub/user-submissions/test-grade-123/pronunciation-practice/test-grade-123_pronunciation-practice_1790418710244.mp3",
}
[90mstdout[2m | src/components/Editor3/components/AudioWaveformPlayer.stories.jsx[2m > [22m[2mRecording With Callback
[22m[39m[Mock Storage] Stored blob as data URL for path: private/student-alice-sub/user-submissions/test-grade-123/pronunciation-practice/test-grade-123_pronunciation-practice_1790418710244.mp3 (110 bytes, audio/webm;codecs=opus)
[90mstdout[2m | src/components/Editor3/components/AudioWaveformPlayer.stories.jsx[2m > [22m[2mRecording With Callback
[22m[39m[UserSubmission] Upload successful: private/student-alice-sub/user-submissions/test-grade-123/pronunciation-practice/test-grade-123_pronunciation-practice_1790418710244.mp3
[90mstdout[2m | src/components/Editor3/components/AudioWaveformPlayer.stories.jsx[2m > [22m[2mRecording With Callback
[22m[39m[Mock Auth] getCurrentUser returning: {
  "attributes": {
    "email": "alice@example.com",
    "sub": "student-alice-sub",
  },
  "userId": "student-alice-sub",
  "username": "student-alice-sub",
}
[90mstdout[2m | src/components/Editor3/components/AudioWaveformPlayer.stories.jsx[2m > [22m[2mRecording With Callback
[22m[39m[Mock Data] File created: mock-file-1790418710267 - notified 1 subscribers
[90mstdout[2m | src/components/Editor3/components/AudioWaveformPlayer.stories.jsx[2m > [22m[2mRecording With Callback
[22m[39mRecording complete: {
  "_version": 1,
  "createdAt": "2026-09-26T10:31:50.267Z",
  "id": "mock-file-1790418710267",
  "identityId": "us-east-1:mock-identity-123",
  "level": "PRIVATE",
  "mimeType": "audio/webm;codecs=opus",
  "name": "test-grade-123_pronunciation-practice_1790418710244.mp3",
  "owner": "student-alice-sub",
  "parsedContent": [Function anonymous],
  "path": "private/student-alice-sub/user-submissions/test-grade-123/pronunciation-practice/test-grade-123_pronunciation-practice_1790418710244.mp3",
  "size": 110,
  "updatedAt": "2026-09-26T10:31:50.267Z",
} {
  "filename": "test-grade-123_pronunciation-practice_1790418710244.mp3",
  "gradeId": "test-grade-123",
  "metadata": {
    "definition": "Hello (Japanese)",
    "phrase": "こんにちは",
    "uploadedAt": "2026-09-26T10:31:50.250Z",
    "uploadedBy": "student-alice-sub",
    "userId": "student-alice-sub",
    "username": "student-alice-sub",
  },
  "nodeKey": "pronunciation-practice",
  "path": "private/student-alice-sub/user-submissions/test-grade-123/pronunciation-practice/test-grade-123_pronunciation-practice_1790418710244.mp3",
  "uploadedAt": 1790418710244,
}
[90mstdout[2m | src/components/Editor3/components/AudioWaveformPlayer.stories.jsx[2m > [22m[2mRecording With Callback
[22m[39m[FilesContext] File observeQuery update: 7 files
[90mstdout[2m | src/components/Editor3/components/AudioWaveformPlayer.stories.jsx[2m > [22m[2mRecording With Callback
[22m[39m[MOCK CourseVectorStore] Initialized with mock data
[90mstdout[2m | src/components/Editor3/components/AudioWaveformPlayer.stories.jsx[2m > [22m[2mRecording With Callback
[22m[39m[FilesContext] Vector store population triggered {
  "currentVectorStoreSize": 3,
  "documentsCount": 0,
  "filesCount": 7,
  "isInitialLoad": false,
}
[90mstdout[2m | src/components/Editor3/components/AudioWaveformPlayer.stories.jsx[2m > [22m[2mRecording With Callback
[22m[39m[FilesContext] Vector store population complete - 3 total embeddings
[90mstdout[2m | src/components/Editor3/components/AudioWaveformPlayer.stories.jsx[2m > [22m[2mRecording Only
[22m[39m[ChatContext] Cleaning up subscriptions
[90mstdout[2m | src/components/Editor3/components/AudioWaveformPlayer.stories.jsx[2m > [22m[2mRecording Only
[22m[39m[MOCK CourseVectorStore] Initialized with mock data
[90mstdout[2m | src/components/Editor3/components/AudioWaveformPlayer.stories.jsx[2m > [22m[2mRecording Only
[22m[39m[TranslationModeController] Setting mode to: off
[90mstdout[2m | src/components/Editor3/components/AudioWaveformPlayer.stories.jsx[2m > [22m[2mRecording Only
[22m[39m[FilesContext] Initializing vector store from IndexedDB
[90mstdout[2m | src/components/Editor3/components/AudioWaveformPlayer.stories.jsx[2m > [22m[2mRecording Only
[22m[39m[FilesContext] fetchFiles called
[90mstdout[2m | src/components/Editor3/components/AudioWaveformPlayer.stories.jsx[2m > [22m[2mRecording Only
[22m[39m[FilesContext] User authenticated: mock-user-sub
[90mstdout[2m | src/components/Editor3/components/AudioWaveformPlayer.stories.jsx[2m > [22m[2mRecording Only
[22m[39m[FilesContext] Identity ID: us-east-1:mock-identity-123
[90mstdout[2m | src/components/Editor3/components/AudioWaveformPlayer.stories.jsx[2m > [22m[2mRecording Only
[22m[39m[FilesContext] About to set up File observeQuery
[90mstdout[2m | src/components/Editor3/components/AudioWaveformPlayer.stories.jsx[2m > [22m[2mRecording Only
[22m[39m[ChatContext] Setting up AssistantChat observeQuery
[90mstdout[2m | src/components/Editor3/components/AudioWaveformPlayer.stories.jsx[2m > [22m[2mRecording Only
[22m[39m[ChatContext] Waiting for subscription to initialize
[90mstdout[2m | src/components/Editor3/components/AudioWaveformPlayer.stories.jsx[2m > [22m[2mRecording Only
[22m[39m[SettingsContext] Setting up Settings subscription for user: mock-user-sub
[90mstdout[2m | src/components/Editor3/components/AudioWaveformPlayer.stories.jsx[2m > [22m[2mRecording Only
[22m[39m[Mock Data] Settings created: mock-settings-1790418710421 - notified 0 subscribers
[90mstdout[2m | src/components/Editor3/components/AudioWaveformPlayer.stories.jsx[2m > [22m[2mRecording Only
[22m[39m[FilesContext] File observeQuery update: 6 files
[90mstdout[2m | src/components/Editor3/components/AudioWaveformPlayer.stories.jsx[2m > [22m[2mRecording Only
[22m[39m[ChatContext] AssistantChat initialized with 1 chats
[90mstdout[2m | src/components/Editor3/components/AudioWaveformPlayer.stories.jsx[2m > [22m[2mRecording Only
[22m[39m[ChatContext] Setting initial chat: mock-assistant-chat-1
[90mstdout[2m | src/components/Editor3/components/AudioWaveformPlayer.stories.jsx[2m > [22m[2mRecording Only
[22m[39m[MOCK CourseVectorStore] Initialized with mock data
[90mstdout[2m | src/components/Editor3/components/AudioWaveformPlayer.stories.jsx[2m > [22m[2mRecording Only
[22m[39m[FilesContext] Vector store population triggered {
  "currentVectorStoreSize": 3,
  "documentsCount": 0,
  "filesCount": 6,
  "isInitialLoad": true,
}
[90mstdout[2m | src/components/Editor3/components/AudioWaveformPlayer.stories.jsx[2m > [22m[2mRecording Only
[22m[39m[FilesContext] Vector store population complete - 3 total embeddings
[90mstdout[2m | src/components/Editor3/components/AudioWaveformPlayer.stories.jsx[2m > [22m[2mRecording Only
[22m[39m[ChatContext] Chat exists and not archived, skipping creation
[90mstdout[2m | src/components/Editor3/components/AudioWaveformPlayer.stories.jsx[2m > [22m[2mRecording Only
[22m[39m[Mock Storage] downloadData called with: undefined
[90mstdout[2m | src/components/Editor3/components/AudioWaveformPlayer.stories.jsx[2m > [22m[2mDocumentation
[22m[39m[ChatContext] Cleaning up subscriptions
[90mstdout[2m | src/components/Editor3/components/AudioWaveformPlayer.stories.jsx[2m > [22m[2mDocumentation
[22m[39m[MOCK CourseVectorStore] Initialized with mock data
[90mstdout[2m | src/components/Editor3/components/AudioWaveformPlayer.stories.jsx[2m > [22m[2mDocumentation
[22m[39m[TranslationModeController] Setting mode to: off
[90mstdout[2m | src/components/Editor3/components/AudioWaveformPlayer.stories.jsx[2m > [22m[2mDocumentation
[22m[39m[FilesContext] Initializing vector store from IndexedDB
[90mstdout[2m | src/components/Editor3/components/AudioWaveformPlayer.stories.jsx[2m > [22m[2mDocumentation
[22m[39m[FilesContext] fetchFiles called
[90mstdout[2m | src/components/Editor3/components/AudioWaveformPlayer.stories.jsx[2m > [22m[2mDocumentation
[22m[39m[FilesContext] User authenticated: mock-user-sub
[90mstdout[2m | src/components/Editor3/components/AudioWaveformPlayer.stories.jsx[2m > [22m[2mDocumentation
[22m[39m[FilesContext] Identity ID: us-east-1:mock-identity-123
[90mstdout[2m | src/components/Editor3/components/AudioWaveformPlayer.stories.jsx[2m > [22m[2mDocumentation
[22m[39m[FilesContext] About to set up File observeQuery
[90mstdout[2m | src/components/Editor3/components/AudioWaveformPlayer.stories.jsx[2m > [22m[2mDocumentation
[22m[39m[ChatContext] Setting up AssistantChat observeQuery
[90mstdout[2m | src/components/Editor3/components/AudioWaveformPlayer.stories.jsx[2m > [22m[2mDocumentation
[22m[39m[ChatContext] Waiting for subscription to initialize
[90mstdout[2m | src/components/Editor3/components/AudioWaveformPlayer.stories.jsx[2m > [22m[2mDocumentation
[22m[39m[SettingsContext] Setting up Settings subscription for user: mock-user-sub
[90mstdout[2m | src/components/Editor3/components/AudioWaveformPlayer.stories.jsx[2m > [22m[2mDocumentation
[22m[39m[Mock Data] Settings created: mock-settings-1790418710544 - notified 0 subscribers
[90mstdout[2m | src/components/Editor3/components/AudioWaveformPlayer.stories.jsx[2m > [22m[2mDocumentation
[22m[39m[FilesContext] File observeQuery update: 6 files
[90mstdout[2m | src/components/Editor3/components/AudioWaveformPlayer.stories.jsx[2m > [22m[2mDocumentation
[22m[39m[MOCK CourseVectorStore] Initialized with mock data
[90mstdout[2m | src/components/Editor3/components/AudioWaveformPlayer.stories.jsx[2m > [22m[2mDocumentation
[22m[39m[FilesContext] Vector store population triggered {
  "currentVectorStoreSize": 3,
  "documentsCount": 0,
  "filesCount": 6,
  "isInitialLoad": true,
}
[90mstdout[2m | src/components/Editor3/components/AudioWaveformPlayer.stories.jsx[2m > [22m[2mDocumentation
[22m[39m[FilesContext] Vector store population complete - 3 total embeddings
[90mstdout[2m | src/components/Editor3/components/AudioWaveformPlayer.stories.jsx[2m > [22m[2mDocumentation
[22m[39m[ChatContext] AssistantChat initialized with 1 chats
[90mstdout[2m | src/components/Editor3/components/AudioWaveformPlayer.stories.jsx[2m > [22m[2mDocumentation
[22m[39m[ChatContext] Setting initial chat: mock-assistant-chat-1
[90mstdout[2m | src/components/Editor3/components/AudioWaveformPlayer.stories.jsx[2m > [22m[2mDocumentation
[22m[39m[Mock Storage] downloadData called with: undefined
[90mstdout[2m | src/components/Editor3/components/AudioWaveformPlayer.stories.jsx[2m > [22m[2mDocumentation
[22m[39m[ChatContext] Chat exists and not archived, skipping creation
[90mstdout[2m | src/components/Editor3/components/AudioWaveformPlayer.stories.jsx
[22m[39m
════════════════════════════════════════════════════════════
[90mstdout[2m | src/components/Editor3/components/AudioWaveformPlayer.stories.jsx
[22m[39m  STORYBOOK AUDIT — 1 issue(s) in 12 stories
[90mstdout[2m | src/components/Editor3/components/AudioWaveformPlayer.stories.jsx
[22m[39m════════════════════════════════════════════════════════════
[90mstdout[2m | src/components/Editor3/components/AudioWaveformPlayer.stories.jsx
[22m[39m  CONSOLE ERRORS (1 total across 1 unique):
[90mstdout[2m | src/components/Editor3/components/AudioWaveformPlayer.stories.jsx
[22m[39m    [1x] Error calculating waveform data: Unable to decode audio data
[90mstdout[2m | src/components/Editor3/components/AudioWaveformPlayer.stories.jsx
[22m[39m
[90mstdout[2m | src/components/Editor3/components/AudioWaveformPlayer.stories.jsx
[22m[39m  STORIES WITH ISSUES:
[90mstdout[2m | src/components/Editor3/components/AudioWaveformPlayer.stories.jsx
[22m[39m    • Recording With Callback (1 console)
[90mstdout[2m | src/components/Editor3/components/AudioWaveformPlayer.stories.jsx
[22m[39m
[90mstdout[2m | src/components/Editor3/components/AudioWaveformPlayer.stories.jsx
[22m[39m  VERDICT: ISSUES FOUND
[90mstdout[2m | src/components/Editor3/components/AudioWaveformPlayer.stories.jsx
[22m[39m════════════════════════════════════════════════════════════

 [32m✓[39m [30m[45m storybook (chromium) [49m[39m src/components/Editor3/components/AudioWaveformPlayer.stories.jsx [2m([22m[2m12 tests[22m[2m)[22m[33m 3677[2mms[22m[39m
   [33m[2m✓[22m[39m No Duration [33m 1241[2mms[22m[39m
   [33m[2m✓[22m[39m Various Sizes [33m 371[2mms[22m[39m
   [33m[2m✓[22m[39m Multiple Players In List [33m 344[2mms[22m[39m
   [33m[2m✓[22m[39m Recording With Callback [33m 459[2mms[22m[39m
[90mstdout[2m | unknown test
[22m[39m[MOCK vectorStoreDB.js] Module loaded - mock IndexedDB operations
[90mstdout[2m | unknown test
[22m[39m[Task Completion] DOM action listeners initialized
[90mstdout[2m | unknown test
[22m[39m[Task Completion] Auto-completion detector initialized
[90mstdout[2m | unknown test
[22m[39m[Preview] Task completion detector initialized
[90mstdout[2m | src/components/Editor3/components/MetadataEditor.stories.tsx[2m > [22m[2mDefault
[22m[39m[MOCK CourseVectorStore] Initialized with mock data
[90mstdout[2m | src/components/Editor3/components/MetadataEditor.stories.tsx[2m > [22m[2mDefault
[22m[39m[TranslationModeController] Setting mode to: off
[90mstdout[2m | src/components/Editor3/components/MetadataEditor.stories.tsx[2m > [22m[2mDefault
[22m[39m[UnitContext] useEffect triggered {
  "authLoading": false,
  "hasUser": true,
  "id": "mock-unit-id",
  "userSub": "mock-user-sub",
}
[90mstdout[2m | src/components/Editor3/components/MetadataEditor.stories.tsx[2m > [22m[2mDefault
[22m[39m[UnitContext] Fetching unit data for id: mock-unit-id
[90mstdout[2m | src/components/Editor3/components/MetadataEditor.stories.tsx[2m > [22m[2mDefault
[22m[39m[FilesContext] Initializing vector store from IndexedDB
[90mstdout[2m | src/components/Editor3/components/MetadataEditor.stories.tsx[2m > [22m[2mDefault
[22m[39m[FilesContext] fetchFiles called
[90mstdout[2m | src/components/Editor3/components/MetadataEditor.stories.tsx[2m > [22m[2mDefault
[22m[39m[FilesContext] User authenticated: mock-user-sub
[90mstdout[2m | src/components/Editor3/components/MetadataEditor.stories.tsx[2m > [22m[2mDefault
[22m[39m[FilesContext] Identity ID: us-east-1:mock-identity-123
[90mstdout[2m | src/components/Editor3/components/MetadataEditor.stories.tsx[2m > [22m[2mDefault
[22m[39m[FilesContext] About to set up File observeQuery
[90mstdout[2m | src/components/Editor3/components/MetadataEditor.stories.tsx[2m > [22m[2mDefault
[22m[39m[ChatContext] Setting up AssistantChat observeQuery
[90mstdout[2m | src/components/Editor3/components/MetadataEditor.stories.tsx[2m > [22m[2mDefault
[22m[39m[ChatContext] Waiting for subscription to initialize
[90mstdout[2m | src/components/Editor3/components/MetadataEditor.stories.tsx[2m > [22m[2mDefault
[22m[39m[SettingsContext] Setting up Settings subscription for user: mock-user-sub
[90mstdout[2m | src/components/Editor3/components/MetadataEditor.stories.tsx[2m > [22m[2mDefault
[22m[39m[Mock Data] Settings created: mock-settings-1790418714706 - notified 0 subscribers
[90mstdout[2m | src/components/Editor3/components/MetadataEditor.stories.tsx[2m > [22m[2mDefault
[22m[39m[Mock Data] Unit.onUpdate() subscription added. Total: 1
[90mstdout[2m | src/components/Editor3/components/MetadataEditor.stories.tsx[2m > [22m[2mDefault
[22m[39m[SectionContext] Section observeQuery update: 0
[90mstdout[2m | src/components/Editor3/components/MetadataEditor.stories.tsx[2m > [22m[2mDefault
[22m[39m[FilesContext] File observeQuery update: 6 files
[90mstdout[2m | src/components/Editor3/components/MetadataEditor.stories.tsx[2m > [22m[2mDefault
[22m[39m[ChatContext] AssistantChat initialized with 1 chats
[90mstdout[2m | src/components/Editor3/components/MetadataEditor.stories.tsx[2m > [22m[2mDefault
[22m[39m[ChatContext] Setting initial chat: mock-assistant-chat-1
[90mstdout[2m | src/components/Editor3/components/MetadataEditor.stories.tsx[2m > [22m[2mDefault
[22m[39m[MOCK CourseVectorStore] Initialized with mock data
[90mstdout[2m | src/components/Editor3/components/MetadataEditor.stories.tsx[2m > [22m[2mDefault
[22m[39m[FilesContext] Vector store population triggered {
  "currentVectorStoreSize": 3,
  "documentsCount": 0,
  "filesCount": 6,
  "isInitialLoad": true,
}
[90mstdout[2m | src/components/Editor3/components/MetadataEditor.stories.tsx[2m > [22m[2mDefault
[22m[39m[FilesContext] Vector store population complete - 3 total embeddings
[90mstdout[2m | src/components/Editor3/components/MetadataEditor.stories.tsx[2m > [22m[2mDefault
[22m[39m[ChatContext] Chat exists and not archived, skipping creation
[90mstdout[2m | src/components/Editor3/components/MetadataEditor.stories.tsx[2m > [22m[2mDefault
[22m[39m[Mock Storage] downloadData called with: undefined
[90mstdout[2m | src/components/Editor3/components/MetadataEditor.stories.tsx[2m > [22m[2mQuick Auto Save
[22m[39m[ChatContext] Cleaning up subscriptions
[90mstdout[2m | src/components/Editor3/components/MetadataEditor.stories.tsx[2m > [22m[2mQuick Auto Save
[22m[39m[Mock Data] Unit.onUpdate() subscription removed. Remaining: 0
[90mstdout[2m | src/components/Editor3/components/MetadataEditor.stories.tsx[2m > [22m[2mQuick Auto Save
[22m[39m[MOCK CourseVectorStore] Initialized with mock data
[90mstdout[2m | src/components/Editor3/components/MetadataEditor.stories.tsx[2m > [22m[2mQuick Auto Save
[22m[39m[TranslationModeController] Setting mode to: off
[90mstdout[2m | src/components/Editor3/components/MetadataEditor.stories.tsx[2m > [22m[2mQuick Auto Save
[22m[39m[UnitContext] useEffect triggered {
  "authLoading": false,
  "hasUser": true,
  "id": "mock-unit-id",
  "userSub": "mock-user-sub",
}
[90mstdout[2m | src/components/Editor3/components/MetadataEditor.stories.tsx[2m > [22m[2mQuick Auto Save
[22m[39m[UnitContext] Fetching unit data for id: mock-unit-id
[90mstdout[2m | src/components/Editor3/components/MetadataEditor.stories.tsx[2m > [22m[2mQuick Auto Save
[22m[39m[FilesContext] Initializing vector store from IndexedDB
[90mstdout[2m | src/components/Editor3/components/MetadataEditor.stories.tsx[2m > [22m[2mQuick Auto Save
[22m[39m[FilesContext] fetchFiles called
[90mstdout[2m | src/components/Editor3/components/MetadataEditor.stories.tsx[2m > [22m[2mQuick Auto Save
[22m[39m[FilesContext] User authenticated: mock-user-sub
[90mstdout[2m | src/components/Editor3/components/MetadataEditor.stories.tsx[2m > [22m[2mQuick Auto Save
[22m[39m[FilesContext] Identity ID: us-east-1:mock-identity-123
[90mstdout[2m | src/components/Editor3/components/MetadataEditor.stories.tsx[2m > [22m[2mQuick Auto Save
[22m[39m[FilesContext] About to set up File observeQuery
[90mstdout[2m | src/components/Editor3/components/MetadataEditor.stories.tsx[2m > [22m[2mQuick Auto Save
[22m[39m[ChatContext] Setting up AssistantChat observeQuery
[90mstdout[2m | src/components/Editor3/components/MetadataEditor.stories.tsx[2m > [22m[2mQuick Auto Save
[22m[39m[ChatContext] Waiting for subscription to initialize
[90mstdout[2m | src/components/Editor3/components/MetadataEditor.stories.tsx[2m > [22m[2mQuick Auto Save
[22m[39m[SettingsContext] Setting up Settings subscription for user: mock-user-sub
[90mstdout[2m | src/components/Editor3/components/MetadataEditor.stories.tsx[2m > [22m[2mQuick Auto Save
[22m[39m[Mock Data] Settings created: mock-settings-1790418714999 - notified 0 subscribers
[90mstdout[2m | src/components/Editor3/components/MetadataEditor.stories.tsx[2m > [22m[2mQuick Auto Save
[22m[39m[Mock Data] Unit.onUpdate() subscription added. Total: 1
[90mstdout[2m | src/components/Editor3/components/MetadataEditor.stories.tsx[2m > [22m[2mQuick Auto Save
[22m[39m[SectionContext] Section observeQuery update: 0
[90mstdout[2m | src/components/Editor3/components/MetadataEditor.stories.tsx[2m > [22m[2mQuick Auto Save
[22m[39m[FilesContext] File observeQuery update: 6 files
[90mstdout[2m | src/components/Editor3/components/MetadataEditor.stories.tsx[2m > [22m[2mQuick Auto Save
[22m[39m[ChatContext] AssistantChat initialized with 1 chats
[90mstdout[2m | src/components/Editor3/components/MetadataEditor.stories.tsx[2m > [22m[2mQuick Auto Save
[22m[39m[ChatContext] Setting initial chat: mock-assistant-chat-1
[90mstdout[2m | src/components/Editor3/components/MetadataEditor.stories.tsx[2m > [22m[2mQuick Auto Save
[22m[39m[MOCK CourseVectorStore] Initialized with mock data
[90mstdout[2m | src/components/Editor3/components/MetadataEditor.stories.tsx[2m > [22m[2mQuick Auto Save
[22m[39m[FilesContext] Vector store population triggered {
  "currentVectorStoreSize": 3,
  "documentsCount": 0,
  "filesCount": 6,
  "isInitialLoad": true,
}
[90mstdout[2m | src/components/Editor3/components/MetadataEditor.stories.tsx[2m > [22m[2mQuick Auto Save
[22m[39m[FilesContext] Vector store population complete - 3 total embeddings
[90mstdout[2m | src/components/Editor3/components/MetadataEditor.stories.tsx[2m > [22m[2mQuick Auto Save
[22m[39m[ChatContext] Chat exists and not archived, skipping creation
[90mstdout[2m | src/components/Editor3/components/MetadataEditor.stories.tsx[2m > [22m[2mQuick Auto Save
[22m[39m[Mock Storage] downloadData called with: undefined
[90mstdout[2m | src/components/Editor3/components/MetadataEditor.stories.tsx[2m > [22m[2mMinimal File
[22m[39m[ChatContext] Cleaning up subscriptions
[90mstdout[2m | src/components/Editor3/components/MetadataEditor.stories.tsx[2m > [22m[2mMinimal File
[22m[39m[Mock Data] Unit.onUpdate() subscription removed. Remaining: 0
[90mstdout[2m | src/components/Editor3/components/MetadataEditor.stories.tsx[2m > [22m[2mMinimal File
[22m[39m[MOCK CourseVectorStore] Initialized with mock data
[90mstdout[2m | src/components/Editor3/components/MetadataEditor.stories.tsx[2m > [22m[2mMinimal File
[22m[39m[TranslationModeController] Setting mode to: off
[90mstdout[2m | src/components/Editor3/components/MetadataEditor.stories.tsx[2m > [22m[2mMinimal File
[22m[39m[UnitContext] useEffect triggered {
  "authLoading": false,
  "hasUser": true,
  "id": "mock-unit-id",
  "userSub": "mock-user-sub",
}
[90mstdout[2m | src/components/Editor3/components/MetadataEditor.stories.tsx[2m > [22m[2mMinimal File
[22m[39m[UnitContext] Fetching unit data for id: mock-unit-id
[90mstdout[2m | src/components/Editor3/components/MetadataEditor.stories.tsx[2m > [22m[2mMinimal File
[22m[39m[FilesContext] Initializing vector store from IndexedDB
[90mstdout[2m | src/components/Editor3/components/MetadataEditor.stories.tsx[2m > [22m[2mMinimal File
[22m[39m[FilesContext] fetchFiles called
[90mstdout[2m | src/components/Editor3/components/MetadataEditor.stories.tsx[2m > [22m[2mMinimal File
[22m[39m[FilesContext] User authenticated: mock-user-sub
[90mstdout[2m | src/components/Editor3/components/MetadataEditor.stories.tsx[2m > [22m[2mMinimal File
[22m[39m[FilesContext] Identity ID: us-east-1:mock-identity-123
[90mstdout[2m | src/components/Editor3/components/MetadataEditor.stories.tsx[2m > [22m[2mMinimal File
[22m[39m[FilesContext] About to set up File observeQuery
[90mstdout[2m | src/components/Editor3/components/MetadataEditor.stories.tsx[2m > [22m[2mMinimal File
[22m[39m[ChatContext] Setting up AssistantChat observeQuery
[90mstdout[2m | src/components/Editor3/components/MetadataEditor.stories.tsx[2m > [22m[2mMinimal File
[22m[39m[ChatContext] Waiting for subscription to initialize
[90mstdout[2m | src/components/Editor3/components/MetadataEditor.stories.tsx[2m > [22m[2mMinimal File
[22m[39m[SettingsContext] Setting up Settings subscription for user: mock-user-sub
[90mstdout[2m | src/components/Editor3/components/MetadataEditor.stories.tsx[2m > [22m[2mMinimal File
[22m[39m[Mock Data] Settings created: mock-settings-1790418715203 - notified 0 subscribers
[90mstdout[2m | src/components/Editor3/components/MetadataEditor.stories.tsx[2m > [22m[2mMinimal File
[22m[39m[Mock Data] Unit.onUpdate() subscription added. Total: 1
[90mstdout[2m | src/components/Editor3/components/MetadataEditor.stories.tsx[2m > [22m[2mMinimal File
[22m[39m[SectionContext] Section observeQuery update: 0
[90mstdout[2m | src/components/Editor3/components/MetadataEditor.stories.tsx[2m > [22m[2mMinimal File
[22m[39m[FilesContext] File observeQuery update: 6 files
[90mstdout[2m | src/components/Editor3/components/MetadataEditor.stories.tsx[2m > [22m[2mMinimal File
[22m[39m[ChatContext] AssistantChat initialized with 1 chats
[90mstdout[2m | src/components/Editor3/components/MetadataEditor.stories.tsx[2m > [22m[2mMinimal File
[22m[39m[ChatContext] Setting initial chat: mock-assistant-chat-1
[90mstdout[2m | src/components/Editor3/components/MetadataEditor.stories.tsx[2m > [22m[2mMinimal File
[22m[39m[MOCK CourseVectorStore] Initialized with mock data
[90mstdout[2m | src/components/Editor3/components/MetadataEditor.stories.tsx[2m > [22m[2mMinimal File
[22m[39m[FilesContext] Vector store population triggered {
  "currentVectorStoreSize": 3,
  "documentsCount": 0,
  "filesCount": 6,
  "isInitialLoad": true,
}
[90mstdout[2m | src/components/Editor3/components/MetadataEditor.stories.tsx[2m > [22m[2mMinimal File
[22m[39m[FilesContext] Vector store population complete - 3 total embeddings
[90mstdout[2m | src/components/Editor3/components/MetadataEditor.stories.tsx[2m > [22m[2mMinimal File
[22m[39m[ChatContext] Chat exists and not archived, skipping creation
[90mstdout[2m | src/components/Editor3/components/MetadataEditor.stories.tsx[2m > [22m[2mMinimal File
[22m[39m[Mock Storage] downloadData called with: undefined
[90mstdout[2m | src/components/Editor3/components/MetadataEditor.stories.tsx[2m > [22m[2mLarge Metadata
[22m[39m[ChatContext] Cleaning up subscriptions
[90mstdout[2m | src/components/Editor3/components/MetadataEditor.stories.tsx[2m > [22m[2mLarge Metadata
[22m[39m[Mock Data] Unit.onUpdate() subscription removed. Remaining: 0
[90mstdout[2m | src/components/Editor3/components/MetadataEditor.stories.tsx[2m > [22m[2mLarge Metadata
[22m[39m[MOCK CourseVectorStore] Initialized with mock data
[90mstdout[2m | src/components/Editor3/components/MetadataEditor.stories.tsx[2m > [22m[2mLarge Metadata
[22m[39m[TranslationModeController] Setting mode to: off
[90mstdout[2m | src/components/Editor3/components/MetadataEditor.stories.tsx[2m > [22m[2mLarge Metadata
[22m[39m[UnitContext] useEffect triggered {
  "authLoading": false,
  "hasUser": true,
  "id": "mock-unit-id",
  "userSub": "mock-user-sub",
}
[90mstdout[2m | src/components/Editor3/components/MetadataEditor.stories.tsx[2m > [22m[2mLarge Metadata
[22m[39m[UnitContext] Fetching unit data for id: mock-unit-id
[90mstdout[2m | src/components/Editor3/components/MetadataEditor.stories.tsx[2m > [22m[2mLarge Metadata
[22m[39m[FilesContext] Initializing vector store from IndexedDB
[90mstdout[2m | src/components/Editor3/components/MetadataEditor.stories.tsx[2m > [22m[2mLarge Metadata
[22m[39m[FilesContext] fetchFiles called
[90mstdout[2m | src/components/Editor3/components/MetadataEditor.stories.tsx[2m > [22m[2mLarge Metadata
[22m[39m[FilesContext] User authenticated: mock-user-sub
[90mstdout[2m | src/components/Editor3/components/MetadataEditor.stories.tsx[2m > [22m[2mLarge Metadata
[22m[39m[FilesContext] Identity ID: us-east-1:mock-identity-123
[90mstdout[2m | src/components/Editor3/components/MetadataEditor.stories.tsx[2m > [22m[2mLarge Metadata
[22m[39m[FilesContext] About to set up File observeQuery
[90mstdout[2m | src/components/Editor3/components/MetadataEditor.stories.tsx[2m > [22m[2mLarge Metadata
[22m[39m[ChatContext] Setting up AssistantChat observeQuery
[90mstdout[2m | src/components/Editor3/components/MetadataEditor.stories.tsx[2m > [22m[2mLarge Metadata
[22m[39m[ChatContext] Waiting for subscription to initialize
[90mstdout[2m | src/components/Editor3/components/MetadataEditor.stories.tsx[2m > [22m[2mLarge Metadata
[22m[39m[SettingsContext] Setting up Settings subscription for user: mock-user-sub
[90mstdout[2m | src/components/Editor3/components/MetadataEditor.stories.tsx[2m > [22m[2mLarge Metadata
[22m[39m[Mock Data] Settings created: mock-settings-1790418715402 - notified 0 subscribers
[90mstdout[2m | src/components/Editor3/components/MetadataEditor.stories.tsx[2m > [22m[2mLarge Metadata
[22m[39m[Mock Data] Unit.onUpdate() subscription added. Total: 1
[90mstdout[2m | src/components/Editor3/components/MetadataEditor.stories.tsx[2m > [22m[2mLarge Metadata
[22m[39m[SectionContext] Section observeQuery update: 0
[90mstdout[2m | src/components/Editor3/components/MetadataEditor.stories.tsx[2m > [22m[2mLarge Metadata
[22m[39m[FilesContext] File observeQuery update: 6 files
[90mstdout[2m | src/components/Editor3/components/MetadataEditor.stories.tsx[2m > [22m[2mLarge Metadata
[22m[39m[ChatContext] AssistantChat initialized with 1 chats
[90mstdout[2m | src/components/Editor3/components/MetadataEditor.stories.tsx[2m > [22m[2mLarge Metadata
[22m[39m[ChatContext] Setting initial chat: mock-assistant-chat-1
[90mstdout[2m | src/components/Editor3/components/MetadataEditor.stories.tsx[2m > [22m[2mLarge Metadata
[22m[39m[MOCK CourseVectorStore] Initialized with mock data
[90mstdout[2m | src/components/Editor3/components/MetadataEditor.stories.tsx[2m > [22m[2mLarge Metadata
[22m[39m[FilesContext] Vector store population triggered {
  "currentVectorStoreSize": 3,
  "documentsCount": 0,
  "filesCount": 6,
  "isInitialLoad": true,
}
[90mstdout[2m | src/components/Editor3/components/MetadataEditor.stories.tsx[2m > [22m[2mLarge Metadata
[22m[39m[FilesContext] Vector store population complete - 3 total embeddings
[90mstdout[2m | src/components/Editor3/components/MetadataEditor.stories.tsx[2m > [22m[2mLarge Metadata
[22m[39m[ChatContext] Chat exists and not archived, skipping creation
[90mstdout[2m | src/components/Editor3/components/MetadataEditor.stories.tsx[2m > [22m[2mLarge Metadata
[22m[39m[Mock Storage] downloadData called with: undefined
[90mstdout[2m | src/components/Editor3/components/MetadataEditor.stories.tsx[2m > [22m[2mAI Generated Image
[22m[39m[ChatContext] Cleaning up subscriptions
[90mstdout[2m | src/components/Editor3/components/MetadataEditor.stories.tsx[2m > [22m[2mAI Generated Image
[22m[39m[Mock Data] Unit.onUpdate() subscription removed. Remaining: 0
[90mstdout[2m | src/components/Editor3/components/MetadataEditor.stories.tsx[2m > [22m[2mAI Generated Image
[22m[39m[MOCK CourseVectorStore] Initialized with mock data
[90mstdout[2m | src/components/Editor3/components/MetadataEditor.stories.tsx[2m > [22m[2mAI Generated Image
[22m[39m[TranslationModeController] Setting mode to: off
[90mstdout[2m | src/components/Editor3/components/MetadataEditor.stories.tsx[2m > [22m[2mAI Generated Image
[22m[39m[UnitContext] useEffect triggered {
  "authLoading": false,
  "hasUser": true,
  "id": "mock-unit-id",
  "userSub": "mock-user-sub",
}
[90mstdout[2m | src/components/Editor3/components/MetadataEditor.stories.tsx[2m > [22m[2mAI Generated Image
[22m[39m[UnitContext] Fetching unit data for id: mock-unit-id
[90mstdout[2m | src/components/Editor3/components/MetadataEditor.stories.tsx[2m > [22m[2mAI Generated Image
[22m[39m[FilesContext] Initializing vector store from IndexedDB
[90mstdout[2m | src/components/Editor3/components/MetadataEditor.stories.tsx[2m > [22m[2mAI Generated Image
[22m[39m[FilesContext] fetchFiles called
[90mstdout[2m | src/components/Editor3/components/MetadataEditor.stories.tsx[2m > [22m[2mAI Generated Image
[22m[39m[FilesContext] User authenticated: mock-user-sub
[90mstdout[2m | src/components/Editor3/components/MetadataEditor.stories.tsx[2m > [22m[2mAI Generated Image
[22m[39m[FilesContext] Identity ID: us-east-1:mock-identity-123
[90mstdout[2m | src/components/Editor3/components/MetadataEditor.stories.tsx[2m > [22m[2mAI Generated Image
[22m[39m[FilesContext] About to set up File observeQuery
[90mstdout[2m | src/components/Editor3/components/MetadataEditor.stories.tsx[2m > [22m[2mAI Generated Image
[22m[39m[ChatContext] Setting up AssistantChat observeQuery
[90mstdout[2m | src/components/Editor3/components/MetadataEditor.stories.tsx[2m > [22m[2mAI Generated Image
[22m[39m[ChatContext] Waiting for subscription to initialize
[90mstdout[2m | src/components/Editor3/components/MetadataEditor.stories.tsx[2m > [22m[2mAI Generated Image
[22m[39m[SettingsContext] Setting up Settings subscription for user: mock-user-sub
[90mstdout[2m | src/components/Editor3/components/MetadataEditor.stories.tsx[2m > [22m[2mAI Generated Image
[22m[39m[Mock Data] Settings created: mock-settings-1790418715577 - notified 0 subscribers
[90mstdout[2m | src/components/Editor3/components/MetadataEditor.stories.tsx[2m > [22m[2mAI Generated Image
[22m[39m[Mock Data] Unit.onUpdate() subscription added. Total: 1
[90mstdout[2m | src/components/Editor3/components/MetadataEditor.stories.tsx[2m > [22m[2mAI Generated Image
[22m[39m[SectionContext] Section observeQuery update: 0
[90mstdout[2m | src/components/Editor3/components/MetadataEditor.stories.tsx[2m > [22m[2mAI Generated Image
[22m[39m[FilesContext] File observeQuery update: 6 files
[90mstdout[2m | src/components/Editor3/components/MetadataEditor.stories.tsx[2m > [22m[2mAI Generated Image
[22m[39m[ChatContext] AssistantChat initialized with 1 chats
[90mstdout[2m | src/components/Editor3/components/MetadataEditor.stories.tsx[2m > [22m[2mAI Generated Image
[22m[39m[ChatContext] Setting initial chat: mock-assistant-chat-1
[90mstdout[2m | src/components/Editor3/components/MetadataEditor.stories.tsx[2m > [22m[2mAI Generated Image
[22m[39m[MOCK CourseVectorStore] Initialized with mock data
[90mstdout[2m | src/components/Editor3/components/MetadataEditor.stories.tsx[2m > [22m[2mAI Generated Image
[22m[39m[FilesContext] Vector store population triggered {
  "currentVectorStoreSize": 3,
  "documentsCount": 0,
  "filesCount": 6,
  "isInitialLoad": true,
}
[90mstdout[2m | src/components/Editor3/components/MetadataEditor.stories.tsx[2m > [22m[2mAI Generated Image
[22m[39m[FilesContext] Vector store population complete - 3 total embeddings
[90mstdout[2m | src/components/Editor3/components/MetadataEditor.stories.tsx[2m > [22m[2mAI Generated Image
[22m[39m[ChatContext] Chat exists and not archived, skipping creation
[90mstdout[2m | src/components/Editor3/components/MetadataEditor.stories.tsx[2m > [22m[2mAI Generated Image
[22m[39m[Mock Storage] downloadData called with: undefined
[90mstdout[2m | src/components/Editor3/components/MetadataEditor.stories.tsx[2m > [22m[2mTTS Audio File
[22m[39m[ChatContext] Cleaning up subscriptions
[90mstdout[2m | src/components/Editor3/components/MetadataEditor.stories.tsx[2m > [22m[2mTTS Audio File
[22m[39m[Mock Data] Unit.onUpdate() subscription removed. Remaining: 0
[90mstdout[2m | src/components/Editor3/components/MetadataEditor.stories.tsx[2m > [22m[2mTTS Audio File
[22m[39m[MOCK CourseVectorStore] Initialized with mock data
[90mstdout[2m | src/components/Editor3/components/MetadataEditor.stories.tsx[2m > [22m[2mTTS Audio File
[22m[39m[TranslationModeController] Setting mode to: off
[90mstdout[2m | src/components/Editor3/components/MetadataEditor.stories.tsx[2m > [22m[2mTTS Audio File
[22m[39m[UnitContext] useEffect triggered {
  "authLoading": false,
  "hasUser": true,
  "id": "mock-unit-id",
  "userSub": "mock-user-sub",
}
[90mstdout[2m | src/components/Editor3/components/MetadataEditor.stories.tsx[2m > [22m[2mTTS Audio File
[22m[39m[UnitContext] Fetching unit data for id: mock-unit-id
[90mstdout[2m | src/components/Editor3/components/MetadataEditor.stories.tsx[2m > [22m[2mTTS Audio File
[22m[39m[FilesContext] Initializing vector store from IndexedDB
[90mstdout[2m | src/components/Editor3/components/MetadataEditor.stories.tsx[2m > [22m[2mTTS Audio File
[22m[39m[FilesContext] fetchFiles called
[90mstdout[2m | src/components/Editor3/components/MetadataEditor.stories.tsx[2m > [22m[2mTTS Audio File
[22m[39m[FilesContext] User authenticated: mock-user-sub
[90mstdout[2m | src/components/Editor3/components/MetadataEditor.stories.tsx[2m > [22m[2mTTS Audio File
[22m[39m[FilesContext] Identity ID: us-east-1:mock-identity-123
[90mstdout[2m | src/components/Editor3/components/MetadataEditor.stories.tsx[2m > [22m[2mTTS Audio File
[22m[39m[FilesContext] About to set up File observeQuery
[90mstdout[2m | src/components/Editor3/components/MetadataEditor.stories.tsx[2m > [22m[2mTTS Audio File
[22m[39m[ChatContext] Setting up AssistantChat observeQuery
[90mstdout[2m | src/components/Editor3/components/MetadataEditor.stories.tsx[2m > [22m[2mTTS Audio File
[22m[39m[ChatContext] Waiting for subscription to initialize
[90mstdout[2m | src/components/Editor3/components/MetadataEditor.stories.tsx[2m > [22m[2mTTS Audio File
[22m[39m[SettingsContext] Setting up Settings subscription for user: mock-user-sub
[90mstdout[2m | src/components/Editor3/components/MetadataEditor.stories.tsx[2m > [22m[2mTTS Audio File
[22m[39m[Mock Data] Settings created: mock-settings-1790418715757 - notified 0 subscribers
[90mstdout[2m | src/components/Editor3/components/MetadataEditor.stories.tsx[2m > [22m[2mTTS Audio File
[22m[39m[Mock Data] Unit.onUpdate() subscription added. Total: 1
[90mstdout[2m | src/components/Editor3/components/MetadataEditor.stories.tsx[2m > [22m[2mTTS Audio File
[22m[39m[SectionContext] Section observeQuery update: 0
[90mstdout[2m | src/components/Editor3/components/MetadataEditor.stories.tsx[2m > [22m[2mTTS Audio File
[22m[39m[FilesContext] File observeQuery update: 6 files
[90mstdout[2m | src/components/Editor3/components/MetadataEditor.stories.tsx[2m > [22m[2mTTS Audio File
[22m[39m[ChatContext] AssistantChat initialized with 1 chats
[90mstdout[2m | src/components/Editor3/components/MetadataEditor.stories.tsx[2m > [22m[2mTTS Audio File
[22m[39m[ChatContext] Setting initial chat: mock-assistant-chat-1
[90mstdout[2m | src/components/Editor3/components/MetadataEditor.stories.tsx[2m > [22m[2mTTS Audio File
[22m[39m[MOCK CourseVectorStore] Initialized with mock data
[90mstdout[2m | src/components/Editor3/components/MetadataEditor.stories.tsx[2m > [22m[2mTTS Audio File
[22m[39m[FilesContext] Vector store population triggered {
  "currentVectorStoreSize": 3,
  "documentsCount": 0,
  "filesCount": 6,
  "isInitialLoad": true,
}
[90mstdout[2m | src/components/Editor3/components/MetadataEditor.stories.tsx[2m > [22m[2mTTS Audio File
[22m[39m[FilesContext] Vector store population complete - 3 total embeddings
[90mstdout[2m | src/components/Editor3/components/MetadataEditor.stories.tsx[2m > [22m[2mTTS Audio File
[22m[39m[ChatContext] Chat exists and not archived, skipping creation
[90mstdout[2m | src/components/Editor3/components/MetadataEditor.stories.tsx[2m > [22m[2mTTS Audio File
[22m[39m[Mock Storage] downloadData called with: undefined
[90mstdout[2m | src/components/Editor3/components/MetadataEditor.stories.tsx[2m > [22m[2mAll File Types
[22m[39m[ChatContext] Cleaning up subscriptions
[90mstdout[2m | src/components/Editor3/components/MetadataEditor.stories.tsx[2m > [22m[2mAll File Types
[22m[39m[Mock Data] Unit.onUpdate() subscription removed. Remaining: 0
[90mstdout[2m | src/components/Editor3/components/MetadataEditor.stories.tsx[2m > [22m[2mAll File Types
[22m[39m[MOCK CourseVectorStore] Initialized with mock data
[90mstdout[2m | src/components/Editor3/components/MetadataEditor.stories.tsx[2m > [22m[2mAll File Types
[22m[39m[TranslationModeController] Setting mode to: off
[90mstdout[2m | src/components/Editor3/components/MetadataEditor.stories.tsx[2m > [22m[2mAll File Types
[22m[39m[UnitContext] useEffect triggered {
  "authLoading": false,
  "hasUser": true,
  "id": "mock-unit-id",
  "userSub": "mock-user-sub",
}
[90mstdout[2m | src/components/Editor3/components/MetadataEditor.stories.tsx[2m > [22m[2mAll File Types
[22m[39m[UnitContext] Fetching unit data for id: mock-unit-id
[90mstdout[2m | src/components/Editor3/components/MetadataEditor.stories.tsx[2m > [22m[2mAll File Types
[22m[39m[FilesContext] Initializing vector store from IndexedDB
[90mstdout[2m | src/components/Editor3/components/MetadataEditor.stories.tsx[2m > [22m[2mAll File Types
[22m[39m[FilesContext] fetchFiles called
[90mstdout[2m | src/components/Editor3/components/MetadataEditor.stories.tsx[2m > [22m[2mAll File Types
[22m[39m[FilesContext] User authenticated: mock-user-sub
[90mstdout[2m | src/components/Editor3/components/MetadataEditor.stories.tsx[2m > [22m[2mAll File Types
[22m[39m[FilesContext] Identity ID: us-east-1:mock-identity-123
[90mstdout[2m | src/components/Editor3/components/MetadataEditor.stories.tsx[2m > [22m[2mAll File Types
[22m[39m[FilesContext] About to set up File observeQuery
[90mstdout[2m | src/components/Editor3/components/MetadataEditor.stories.tsx[2m > [22m[2mAll File Types
[22m[39m[ChatContext] Setting up AssistantChat observeQuery
[90mstdout[2m | src/components/Editor3/components/MetadataEditor.stories.tsx[2m > [22m[2mAll File Types
[22m[39m[ChatContext] Waiting for subscription to initialize
[90mstdout[2m | src/components/Editor3/components/MetadataEditor.stories.tsx[2m > [22m[2mAll File Types
[22m[39m[SettingsContext] Setting up Settings subscription for user: mock-user-sub
[90mstdout[2m | src/components/Editor3/components/MetadataEditor.stories.tsx[2m > [22m[2mAll File Types
[22m[39m[Mock Data] Settings created: mock-settings-1790418715977 - notified 0 subscribers
[90mstdout[2m | src/components/Editor3/components/MetadataEditor.stories.tsx[2m > [22m[2mAll File Types
[22m[39m[Mock Data] Unit.onUpdate() subscription added. Total: 1
[90mstdout[2m | src/components/Editor3/components/MetadataEditor.stories.tsx[2m > [22m[2mAll File Types
[22m[39m[SectionContext] Section observeQuery update: 0
[90mstdout[2m | src/components/Editor3/components/MetadataEditor.stories.tsx[2m > [22m[2mAll File Types
[22m[39m[FilesContext] File observeQuery update: 6 files
[90mstdout[2m | src/components/Editor3/components/MetadataEditor.stories.tsx[2m > [22m[2mAll File Types
[22m[39m[ChatContext] AssistantChat initialized with 1 chats
[90mstdout[2m | src/components/Editor3/components/MetadataEditor.stories.tsx[2m > [22m[2mAll File Types
[22m[39m[ChatContext] Setting initial chat: mock-assistant-chat-1
[90mstdout[2m | src/components/Editor3/components/MetadataEditor.stories.tsx[2m > [22m[2mAll File Types
[22m[39m[MOCK CourseVectorStore] Initialized with mock data
[90mstdout[2m | src/components/Editor3/components/MetadataEditor.stories.tsx[2m > [22m[2mAll File Types
[22m[39m[FilesContext] Vector store population triggered {
  "currentVectorStoreSize": 3,
  "documentsCount": 0,
  "filesCount": 6,
  "isInitialLoad": true,
}
[90mstdout[2m | src/components/Editor3/components/MetadataEditor.stories.tsx[2m > [22m[2mAll File Types
[22m[39m[FilesContext] Vector store population complete - 3 total embeddings
[90mstdout[2m | src/components/Editor3/components/MetadataEditor.stories.tsx[2m > [22m[2mAll File Types
[22m[39m[ChatContext] Chat exists and not archived, skipping creation
[90mstdout[2m | src/components/Editor3/components/MetadataEditor.stories.tsx[2m > [22m[2mAll File Types
[22m[39m[Mock Storage] downloadData called with: undefined
[90mstdout[2m | src/components/Editor3/components/MetadataEditor.stories.tsx[2m > [22m[2mPlayground
[22m[39m[ChatContext] Cleaning up subscriptions
[90mstdout[2m | src/components/Editor3/components/MetadataEditor.stories.tsx[2m > [22m[2mPlayground
[22m[39m[Mock Data] Unit.onUpdate() subscription removed. Remaining: 0
[90mstdout[2m | src/components/Editor3/components/MetadataEditor.stories.tsx[2m > [22m[2mPlayground
[22m[39m[MOCK CourseVectorStore] Initialized with mock data
[90mstdout[2m | src/components/Editor3/components/MetadataEditor.stories.tsx[2m > [22m[2mPlayground
[22m[39m[TranslationModeController] Setting mode to: off
[90mstdout[2m | src/components/Editor3/components/MetadataEditor.stories.tsx[2m > [22m[2mPlayground
[22m[39m[UnitContext] useEffect triggered {
  "authLoading": false,
  "hasUser": true,
  "id": "mock-unit-id",
  "userSub": "mock-user-sub",
}
[90mstdout[2m | src/components/Editor3/components/MetadataEditor.stories.tsx[2m > [22m[2mPlayground
[22m[39m[UnitContext] Fetching unit data for id: mock-unit-id
[90mstdout[2m | src/components/Editor3/components/MetadataEditor.stories.tsx[2m > [22m[2mPlayground
[22m[39m[FilesContext] Initializing vector store from IndexedDB
[90mstdout[2m | src/components/Editor3/components/MetadataEditor.stories.tsx[2m > [22m[2mPlayground
[22m[39m[FilesContext] fetchFiles called
[90mstdout[2m | src/components/Editor3/components/MetadataEditor.stories.tsx[2m > [22m[2mPlayground
[22m[39m[FilesContext] User authenticated: mock-user-sub
[90mstdout[2m | src/components/Editor3/components/MetadataEditor.stories.tsx[2m > [22m[2mPlayground
[22m[39m[FilesContext] Identity ID: us-east-1:mock-identity-123
[90mstdout[2m | src/components/Editor3/components/MetadataEditor.stories.tsx[2m > [22m[2mPlayground
[22m[39m[FilesContext] About to set up File observeQuery
[90mstdout[2m | src/components/Editor3/components/MetadataEditor.stories.tsx[2m > [22m[2mPlayground
[22m[39m[ChatContext] Setting up AssistantChat observeQuery
[90mstdout[2m | src/components/Editor3/components/MetadataEditor.stories.tsx[2m > [22m[2mPlayground
[22m[39m[ChatContext] Waiting for subscription to initialize
[90mstdout[2m | src/components/Editor3/components/MetadataEditor.stories.tsx[2m > [22m[2mPlayground
[22m[39m[SettingsContext] Setting up Settings subscription for user: mock-user-sub
[90mstdout[2m | src/components/Editor3/components/MetadataEditor.stories.tsx[2m > [22m[2mPlayground
[22m[39m[Mock Data] Settings created: mock-settings-1790418716265 - notified 0 subscribers
[90mstdout[2m | src/components/Editor3/components/MetadataEditor.stories.tsx[2m > [22m[2mPlayground
[22m[39m[Mock Data] Unit.onUpdate() subscription added. Total: 1
[90mstdout[2m | src/components/Editor3/components/MetadataEditor.stories.tsx[2m > [22m[2mPlayground
[22m[39m[SectionContext] Section observeQuery update: 0
[90mstdout[2m | src/components/Editor3/components/MetadataEditor.stories.tsx[2m > [22m[2mPlayground
[22m[39m[FilesContext] File observeQuery update: 6 files
[90mstdout[2m | src/components/Editor3/components/MetadataEditor.stories.tsx[2m > [22m[2mPlayground
[22m[39m[ChatContext] AssistantChat initialized with 1 chats
[90mstdout[2m | src/components/Editor3/components/MetadataEditor.stories.tsx[2m > [22m[2mPlayground
[22m[39m[ChatContext] Setting initial chat: mock-assistant-chat-1
[90mstdout[2m | src/components/Editor3/components/MetadataEditor.stories.tsx[2m > [22m[2mPlayground
[22m[39m[MOCK CourseVectorStore] Initialized with mock data
[90mstdout[2m | src/components/Editor3/components/MetadataEditor.stories.tsx[2m > [22m[2mPlayground
[22m[39m[FilesContext] Vector store population triggered {
  "currentVectorStoreSize": 3,
  "documentsCount": 0,
  "filesCount": 6,
  "isInitialLoad": true,
}
[90mstdout[2m | src/components/Editor3/components/MetadataEditor.stories.tsx[2m > [22m[2mPlayground
[22m[39m[FilesContext] Vector store population complete - 3 total embeddings
[90mstdout[2m | src/components/Editor3/components/MetadataEditor.stories.tsx[2m > [22m[2mPlayground
[22m[39m[ChatContext] Chat exists and not archived, skipping creation
[90mstdout[2m | src/components/Editor3/components/MetadataEditor.stories.tsx[2m > [22m[2mPlayground
[22m[39m[Mock Storage] downloadData called with: undefined
[90mstdout[2m | src/components/Editor3/components/MetadataEditor.stories.tsx[2m > [22m[2mNear Character Limits
[22m[39m[ChatContext] Cleaning up subscriptions
[90mstdout[2m | src/components/Editor3/components/MetadataEditor.stories.tsx[2m > [22m[2mNear Character Limits
[22m[39m[Mock Data] Unit.onUpdate() subscription removed. Remaining: 0
[90mstdout[2m | src/components/Editor3/components/MetadataEditor.stories.tsx[2m > [22m[2mNear Character Limits
[22m[39m[MOCK CourseVectorStore] Initialized with mock data
[90mstdout[2m | src/components/Editor3/components/MetadataEditor.stories.tsx[2m > [22m[2mNear Character Limits
[22m[39m[TranslationModeController] Setting mode to: off
[90mstdout[2m | src/components/Editor3/components/MetadataEditor.stories.tsx[2m > [22m[2mNear Character Limits
[22m[39m[UnitContext] useEffect triggered {
  "authLoading": false,
  "hasUser": true,
  "id": "mock-unit-id",
  "userSub": "mock-user-sub",
}
[90mstdout[2m | src/components/Editor3/components/MetadataEditor.stories.tsx[2m > [22m[2mNear Character Limits
[22m[39m[UnitContext] Fetching unit data for id: mock-unit-id
[90mstdout[2m | src/components/Editor3/components/MetadataEditor.stories.tsx[2m > [22m[2mNear Character Limits
[22m[39m[FilesContext] Initializing vector store from IndexedDB
[90mstdout[2m | src/components/Editor3/components/MetadataEditor.stories.tsx[2m > [22m[2mNear Character Limits
[22m[39m[FilesContext] fetchFiles called
[90mstdout[2m | src/components/Editor3/components/MetadataEditor.stories.tsx[2m > [22m[2mNear Character Limits
[22m[39m[FilesContext] User authenticated: mock-user-sub
[90mstdout[2m | src/components/Editor3/components/MetadataEditor.stories.tsx[2m > [22m[2mNear Character Limits
[22m[39m[FilesContext] Identity ID: us-east-1:mock-identity-123
[90mstdout[2m | src/components/Editor3/components/MetadataEditor.stories.tsx[2m > [22m[2mNear Character Limits
[22m[39m[FilesContext] About to set up File observeQuery
[90mstdout[2m | src/components/Editor3/components/MetadataEditor.stories.tsx[2m > [22m[2mNear Character Limits
[22m[39m[ChatContext] Setting up AssistantChat observeQuery
[90mstdout[2m | src/components/Editor3/components/MetadataEditor.stories.tsx[2m > [22m[2mNear Character Limits
[22m[39m[ChatContext] Waiting for subscription to initialize
[90mstdout[2m | src/components/Editor3/components/MetadataEditor.stories.tsx[2m > [22m[2mNear Character Limits
[22m[39m[SettingsContext] Setting up Settings subscription for user: mock-user-sub
[90mstdout[2m | src/components/Editor3/components/MetadataEditor.stories.tsx[2m > [22m[2mNear Character Limits
[22m[39m[Mock Data] Settings created: mock-settings-1790418716446 - notified 0 subscribers
[90mstdout[2m | src/components/Editor3/components/MetadataEditor.stories.tsx[2m > [22m[2mNear Character Limits
[22m[39m[Mock Data] Unit.onUpdate() subscription added. Total: 1
[90mstdout[2m | src/components/Editor3/components/MetadataEditor.stories.tsx[2m > [22m[2mNear Character Limits
[22m[39m[SectionContext] Section observeQuery update: 0
[90mstdout[2m | src/components/Editor3/components/MetadataEditor.stories.tsx[2m > [22m[2mNear Character Limits
[22m[39m[FilesContext] File observeQuery update: 6 files
[90mstdout[2m | src/components/Editor3/components/MetadataEditor.stories.tsx[2m > [22m[2mNear Character Limits
[22m[39m[ChatContext] AssistantChat initialized with 1 chats
[90mstdout[2m | src/components/Editor3/components/MetadataEditor.stories.tsx[2m > [22m[2mNear Character Limits
[22m[39m[ChatContext] Setting initial chat: mock-assistant-chat-1
[90mstdout[2m | src/components/Editor3/components/MetadataEditor.stories.tsx[2m > [22m[2mNear Character Limits
[22m[39m[MOCK CourseVectorStore] Initialized with mock data
[90mstdout[2m | src/components/Editor3/components/MetadataEditor.stories.tsx[2m > [22m[2mNear Character Limits
[22m[39m[FilesContext] Vector store population triggered {
  "currentVectorStoreSize": 3,
  "documentsCount": 0,
  "filesCount": 6,
  "isInitialLoad": true,
}
[90mstdout[2m | src/components/Editor3/components/MetadataEditor.stories.tsx[2m > [22m[2mNear Character Limits
[22m[39m[FilesContext] Vector store population complete - 3 total embeddings
[90mstdout[2m | src/components/Editor3/components/MetadataEditor.stories.tsx[2m > [22m[2mNear Character Limits
[22m[39m[ChatContext] Chat exists and not archived, skipping creation
[90mstdout[2m | src/components/Editor3/components/MetadataEditor.stories.tsx[2m > [22m[2mNear Character Limits
[22m[39m[Mock Storage] downloadData called with: undefined
 [32m✓[39m [30m[45m storybook (chromium) [49m[39m src/components/Editor3/components/MetadataEditor.stories.tsx [2m([22m[2m9 tests[22m[2m)[22m[33m 1938[2mms[22m[39m
   [33m[2m✓[22m[39m Default [33m 320[2mms[22m[39m
   [33m[2m✓[22m[39m All File Types [33m 337[2mms[22m[39m
[90mstdout[2m | unknown test
[22m[39m[MOCK vectorStoreDB.js] Module loaded - mock IndexedDB operations
[90mstdout[2m | unknown test
[22m[39m[Task Completion] DOM action listeners initialized
[90mstdout[2m | unknown test
[22m[39m[Task Completion] Auto-completion detector initialized
[90mstdout[2m | unknown test
[22m[39m[Preview] Task completion detector initialized
[90mstdout[2m | src/components/Gamification/AvatarUnlockEditor.stories.tsx[2m > [22m[2mDefault
[22m[39m[MOCK CourseVectorStore] Initialized with mock data
[90mstdout[2m | src/components/Gamification/AvatarUnlockEditor.stories.tsx[2m > [22m[2mDefault
[22m[39m[TranslationModeController] Setting mode to: off
[90mstdout[2m | src/components/Gamification/AvatarUnlockEditor.stories.tsx[2m > [22m[2mDefault
[22m[39m[UnitContext] useEffect triggered {
  "authLoading": false,
  "hasUser": true,
  "id": "mock-unit-id",
  "userSub": "mock-user-sub",
}
[90mstdout[2m | src/components/Gamification/AvatarUnlockEditor.stories.tsx[2m > [22m[2mDefault
[22m[39m[UnitContext] Fetching unit data for id: mock-unit-id
[90mstdout[2m | src/components/Gamification/AvatarUnlockEditor.stories.tsx[2m > [22m[2mDefault
[22m[39m[FilesContext] Initializing vector store from IndexedDB
[90mstdout[2m | src/components/Gamification/AvatarUnlockEditor.stories.tsx[2m > [22m[2mDefault
[22m[39m[FilesContext] fetchFiles called
[90mstdout[2m | src/components/Gamification/AvatarUnlockEditor.stories.tsx[2m > [22m[2mDefault
[22m[39m[FilesContext] User authenticated: mock-user-sub
[90mstdout[2m | src/components/Gamification/AvatarUnlockEditor.stories.tsx[2m > [22m[2mDefault
[22m[39m[FilesContext] Identity ID: us-east-1:mock-identity-123
[90mstdout[2m | src/components/Gamification/AvatarUnlockEditor.stories.tsx[2m > [22m[2mDefault
[22m[39m[FilesContext] About to set up File observeQuery
[90mstdout[2m | src/components/Gamification/AvatarUnlockEditor.stories.tsx[2m > [22m[2mDefault
[22m[39m[ChatContext] Setting up AssistantChat observeQuery
[90mstdout[2m | src/components/Gamification/AvatarUnlockEditor.stories.tsx[2m > [22m[2mDefault
[22m[39m[ChatContext] Waiting for subscription to initialize
[90mstdout[2m | src/components/Gamification/AvatarUnlockEditor.stories.tsx[2m > [22m[2mDefault
[22m[39m[SettingsContext] Setting up Settings subscription for user: mock-user-sub
[90mstdout[2m | src/components/Gamification/AvatarUnlockEditor.stories.tsx[2m > [22m[2mDefault
[22m[39m[Mock Data] Settings created: mock-settings-1790418717675 - notified 0 subscribers
[90mstdout[2m | src/components/Gamification/AvatarUnlockEditor.stories.tsx[2m > [22m[2mDefault
[22m[39m[Mock Data] Unit.onUpdate() subscription added. Total: 1
[90mstdout[2m | src/components/Gamification/AvatarUnlockEditor.stories.tsx[2m > [22m[2mDefault
[22m[39m[SectionContext] Section observeQuery update: 0
[90mstdout[2m | src/components/Gamification/AvatarUnlockEditor.stories.tsx[2m > [22m[2mDefault
[22m[39m[FilesContext] File observeQuery update: 6 files
[90mstdout[2m | src/components/Gamification/AvatarUnlockEditor.stories.tsx[2m > [22m[2mDefault
[22m[39m[ChatContext] AssistantChat initialized with 1 chats
[90mstdout[2m | src/components/Gamification/AvatarUnlockEditor.stories.tsx[2m > [22m[2mDefault
[22m[39m[ChatContext] Setting initial chat: mock-assistant-chat-1
[90mstdout[2m | src/components/Gamification/AvatarUnlockEditor.stories.tsx[2m > [22m[2mDefault
[22m[39m[MOCK CourseVectorStore] Initialized with mock data
[90mstdout[2m | src/components/Gamification/AvatarUnlockEditor.stories.tsx[2m > [22m[2mDefault
[22m[39m[FilesContext] Vector store population triggered {
  "currentVectorStoreSize": 3,
  "documentsCount": 0,
  "filesCount": 6,
  "isInitialLoad": true,
}
[90mstdout[2m | src/components/Gamification/AvatarUnlockEditor.stories.tsx[2m > [22m[2mDefault
[22m[39m[FilesContext] Vector store population complete - 3 total embeddings
[90mstdout[2m | src/components/Gamification/AvatarUnlockEditor.stories.tsx[2m > [22m[2mDefault
[22m[39m[ChatContext] Chat exists and not archived, skipping creation
[90mstdout[2m | src/components/Gamification/AvatarUnlockEditor.stories.tsx[2m > [22m[2mDefault
[22m[39m[Mock Storage] downloadData called with: undefined
[90mstdout[2m | src/components/Gamification/AvatarUnlockEditor.stories.tsx[2m > [22m[2mCustom Config
[22m[39m[ChatContext] Cleaning up subscriptions
[90mstdout[2m | src/components/Gamification/AvatarUnlockEditor.stories.tsx[2m > [22m[2mCustom Config
[22m[39m[Mock Data] Unit.onUpdate() subscription removed. Remaining: 0
[90mstdout[2m | src/components/Gamification/AvatarUnlockEditor.stories.tsx[2m > [22m[2mCustom Config
[22m[39m[MOCK CourseVectorStore] Initialized with mock data
[90mstdout[2m | src/components/Gamification/AvatarUnlockEditor.stories.tsx[2m > [22m[2mCustom Config
[22m[39m[TranslationModeController] Setting mode to: off
[90mstdout[2m | src/components/Gamification/AvatarUnlockEditor.stories.tsx[2m > [22m[2mCustom Config
[22m[39m[UnitContext] useEffect triggered {
  "authLoading": false,
  "hasUser": true,
  "id": "mock-unit-id",
  "userSub": "mock-user-sub",
}
[90mstdout[2m | src/components/Gamification/AvatarUnlockEditor.stories.tsx[2m > [22m[2mCustom Config
[22m[39m[UnitContext] Fetching unit data for id: mock-unit-id
[90mstdout[2m | src/components/Gamification/AvatarUnlockEditor.stories.tsx[2m > [22m[2mCustom Config
[22m[39m[FilesContext] Initializing vector store from IndexedDB
[90mstdout[2m | src/components/Gamification/AvatarUnlockEditor.stories.tsx[2m > [22m[2mCustom Config
[22m[39m[FilesContext] fetchFiles called
[90mstdout[2m | src/components/Gamification/AvatarUnlockEditor.stories.tsx[2m > [22m[2mCustom Config
[22m[39m[FilesContext] User authenticated: mock-user-sub
[90mstdout[2m | src/components/Gamification/AvatarUnlockEditor.stories.tsx[2m > [22m[2mCustom Config
[22m[39m[FilesContext] Identity ID: us-east-1:mock-identity-123
[90mstdout[2m | src/components/Gamification/AvatarUnlockEditor.stories.tsx[2m > [22m[2mCustom Config
[22m[39m[FilesContext] About to set up File observeQuery
[90mstdout[2m | src/components/Gamification/AvatarUnlockEditor.stories.tsx[2m > [22m[2mCustom Config
[22m[39m[ChatContext] Setting up AssistantChat observeQuery
[90mstdout[2m | src/components/Gamification/AvatarUnlockEditor.stories.tsx[2m > [22m[2mCustom Config
[22m[39m[ChatContext] Waiting for subscription to initialize
[90mstdout[2m | src/components/Gamification/AvatarUnlockEditor.stories.tsx[2m > [22m[2mCustom Config
[22m[39m[SettingsContext] Setting up Settings subscription for user: mock-user-sub
[90mstdout[2m | src/components/Gamification/AvatarUnlockEditor.stories.tsx[2m > [22m[2mCustom Config
[22m[39m[Mock Data] Settings created: mock-settings-1790418718064 - notified 0 subscribers
[90mstdout[2m | src/components/Gamification/AvatarUnlockEditor.stories.tsx[2m > [22m[2mCustom Config
[22m[39m[Mock Data] Unit.onUpdate() subscription added. Total: 1
[90mstdout[2m | src/components/Gamification/AvatarUnlockEditor.stories.tsx[2m > [22m[2mCustom Config
[22m[39m[SectionContext] Section observeQuery update: 0
[90mstdout[2m | src/components/Gamification/AvatarUnlockEditor.stories.tsx[2m > [22m[2mCustom Config
[22m[39m[FilesContext] File observeQuery update: 6 files
[90mstdout[2m | src/components/Gamification/AvatarUnlockEditor.stories.tsx[2m > [22m[2mCustom Config
[22m[39m[ChatContext] AssistantChat initialized with 1 chats
[90mstdout[2m | src/components/Gamification/AvatarUnlockEditor.stories.tsx[2m > [22m[2mCustom Config
[22m[39m[ChatContext] Setting initial chat: mock-assistant-chat-1
[90mstdout[2m | src/components/Gamification/AvatarUnlockEditor.stories.tsx[2m > [22m[2mCustom Config
[22m[39m[MOCK CourseVectorStore] Initialized with mock data
[90mstdout[2m | src/components/Gamification/AvatarUnlockEditor.stories.tsx[2m > [22m[2mCustom Config
[22m[39m[FilesContext] Vector store population triggered {
  "currentVectorStoreSize": 3,
  "documentsCount": 0,
  "filesCount": 6,
  "isInitialLoad": true,
}
[90mstdout[2m | src/components/Gamification/AvatarUnlockEditor.stories.tsx[2m > [22m[2mCustom Config
[22m[39m[FilesContext] Vector store population complete - 3 total embeddings
[90mstdout[2m | src/components/Gamification/AvatarUnlockEditor.stories.tsx[2m > [22m[2mCustom Config
[22m[39m[ChatContext] Chat exists and not archived, skipping creation
[90mstdout[2m | src/components/Gamification/AvatarUnlockEditor.stories.tsx[2m > [22m[2mCustom Config
[22m[39m[Mock Storage] downloadData called with: undefined
[90mstdout[2m | src/components/Gamification/AvatarUnlockEditor.stories.tsx[2m > [22m[2mAll Styles Assigned
[22m[39m[ChatContext] Cleaning up subscriptions
[90mstdout[2m | src/components/Gamification/AvatarUnlockEditor.stories.tsx[2m > [22m[2mAll Styles Assigned
[22m[39m[Mock Data] Unit.onUpdate() subscription removed. Remaining: 0
[90mstdout[2m | src/components/Gamification/AvatarUnlockEditor.stories.tsx[2m > [22m[2mAll Styles Assigned
[22m[39m[MOCK CourseVectorStore] Initialized with mock data
[90mstdout[2m | src/components/Gamification/AvatarUnlockEditor.stories.tsx[2m > [22m[2mAll Styles Assigned
[22m[39m[TranslationModeController] Setting mode to: off
[90mstdout[2m | src/components/Gamification/AvatarUnlockEditor.stories.tsx[2m > [22m[2mAll Styles Assigned
[22m[39m[UnitContext] useEffect triggered {
  "authLoading": false,
  "hasUser": true,
  "id": "mock-unit-id",
  "userSub": "mock-user-sub",
}
[90mstdout[2m | src/components/Gamification/AvatarUnlockEditor.stories.tsx[2m > [22m[2mAll Styles Assigned
[22m[39m[UnitContext] Fetching unit data for id: mock-unit-id
[90mstdout[2m | src/components/Gamification/AvatarUnlockEditor.stories.tsx[2m > [22m[2mAll Styles Assigned
[22m[39m[FilesContext] Initializing vector store from IndexedDB
[90mstdout[2m | src/components/Gamification/AvatarUnlockEditor.stories.tsx[2m > [22m[2mAll Styles Assigned
[22m[39m[FilesContext] fetchFiles called
[90mstdout[2m | src/components/Gamification/AvatarUnlockEditor.stories.tsx[2m > [22m[2mAll Styles Assigned
[22m[39m[FilesContext] User authenticated: mock-user-sub
[90mstdout[2m | src/components/Gamification/AvatarUnlockEditor.stories.tsx[2m > [22m[2mAll Styles Assigned
[22m[39m[FilesContext] Identity ID: us-east-1:mock-identity-123
[90mstdout[2m | src/components/Gamification/AvatarUnlockEditor.stories.tsx[2m > [22m[2mAll Styles Assigned
[22m[39m[FilesContext] About to set up File observeQuery
[90mstdout[2m | src/components/Gamification/AvatarUnlockEditor.stories.tsx[2m > [22m[2mAll Styles Assigned
[22m[39m[ChatContext] Setting up AssistantChat observeQuery
[90mstdout[2m | src/components/Gamification/AvatarUnlockEditor.stories.tsx[2m > [22m[2mAll Styles Assigned
[22m[39m[ChatContext] Waiting for subscription to initialize
[90mstdout[2m | src/components/Gamification/AvatarUnlockEditor.stories.tsx[2m > [22m[2mAll Styles Assigned
[22m[39m[SettingsContext] Setting up Settings subscription for user: mock-user-sub
[90mstdout[2m | src/components/Gamification/AvatarUnlockEditor.stories.tsx[2m > [22m[2mAll Styles Assigned
[22m[39m[Mock Data] Settings created: mock-settings-1790418718464 - notified 0 subscribers
[90mstdout[2m | src/components/Gamification/AvatarUnlockEditor.stories.tsx[2m > [22m[2mAll Styles Assigned
[22m[39m[Mock Data] Unit.onUpdate() subscription added. Total: 1
[90mstdout[2m | src/components/Gamification/AvatarUnlockEditor.stories.tsx[2m > [22m[2mAll Styles Assigned
[22m[39m[SectionContext] Section observeQuery update: 0
[90mstdout[2m | src/components/Gamification/AvatarUnlockEditor.stories.tsx[2m > [22m[2mAll Styles Assigned
[22m[39m[FilesContext] File observeQuery update: 6 files
[90mstdout[2m | src/components/Gamification/AvatarUnlockEditor.stories.tsx[2m > [22m[2mAll Styles Assigned
[22m[39m[ChatContext] AssistantChat initialized with 1 chats
[90mstdout[2m | src/components/Gamification/AvatarUnlockEditor.stories.tsx[2m > [22m[2mAll Styles Assigned
[22m[39m[ChatContext] Setting initial chat: mock-assistant-chat-1
[90mstdout[2m | src/components/Gamification/AvatarUnlockEditor.stories.tsx[2m > [22m[2mAll Styles Assigned
[22m[39m[MOCK CourseVectorStore] Initialized with mock data
[90mstdout[2m | src/components/Gamification/AvatarUnlockEditor.stories.tsx[2m > [22m[2mAll Styles Assigned
[22m[39m[FilesContext] Vector store population triggered {
  "currentVectorStoreSize": 3,
  "documentsCount": 0,
  "filesCount": 6,
  "isInitialLoad": true,
}
[90mstdout[2m | src/components/Gamification/AvatarUnlockEditor.stories.tsx[2m > [22m[2mAll Styles Assigned
[22m[39m[FilesContext] Vector store population complete - 3 total embeddings
[90mstdout[2m | src/components/Gamification/AvatarUnlockEditor.stories.tsx[2m > [22m[2mAll Styles Assigned
[22m[39m[ChatContext] Chat exists and not archived, skipping creation
[90mstdout[2m | src/components/Gamification/AvatarUnlockEditor.stories.tsx[2m > [22m[2mAll Styles Assigned
[22m[39m[Mock Storage] downloadData called with: undefined
[90mstdout[2m | src/components/Gamification/AvatarUnlockEditor.stories.tsx[2m > [22m[2mGlow Ring Disabled
[22m[39m[ChatContext] Cleaning up subscriptions
[90mstdout[2m | src/components/Gamification/AvatarUnlockEditor.stories.tsx[2m > [22m[2mGlow Ring Disabled
[22m[39m[Mock Data] Unit.onUpdate() subscription removed. Remaining: 0
[90mstdout[2m | src/components/Gamification/AvatarUnlockEditor.stories.tsx[2m > [22m[2mGlow Ring Disabled
[22m[39m[MOCK CourseVectorStore] Initialized with mock data
[90mstdout[2m | src/components/Gamification/AvatarUnlockEditor.stories.tsx[2m > [22m[2mGlow Ring Disabled
[22m[39m[TranslationModeController] Setting mode to: off
[90mstdout[2m | src/components/Gamification/AvatarUnlockEditor.stories.tsx[2m > [22m[2mGlow Ring Disabled
[22m[39m[UnitContext] useEffect triggered {
  "authLoading": false,
  "hasUser": true,
  "id": "mock-unit-id",
  "userSub": "mock-user-sub",
}
[90mstdout[2m | src/components/Gamification/AvatarUnlockEditor.stories.tsx[2m > [22m[2mGlow Ring Disabled
[22m[39m[UnitContext] Fetching unit data for id: mock-unit-id
[90mstdout[2m | src/components/Gamification/AvatarUnlockEditor.stories.tsx[2m > [22m[2mGlow Ring Disabled
[22m[39m[FilesContext] Initializing vector store from IndexedDB
[90mstdout[2m | src/components/Gamification/AvatarUnlockEditor.stories.tsx[2m > [22m[2mGlow Ring Disabled
[22m[39m[FilesContext] fetchFiles called
[90mstdout[2m | src/components/Gamification/AvatarUnlockEditor.stories.tsx[2m > [22m[2mGlow Ring Disabled
[22m[39m[FilesContext] User authenticated: mock-user-sub
[90mstdout[2m | src/components/Gamification/AvatarUnlockEditor.stories.tsx[2m > [22m[2mGlow Ring Disabled
[22m[39m[FilesContext] Identity ID: us-east-1:mock-identity-123
[90mstdout[2m | src/components/Gamification/AvatarUnlockEditor.stories.tsx[2m > [22m[2mGlow Ring Disabled
[22m[39m[FilesContext] About to set up File observeQuery
[90mstdout[2m | src/components/Gamification/AvatarUnlockEditor.stories.tsx[2m > [22m[2mGlow Ring Disabled
[22m[39m[ChatContext] Setting up AssistantChat observeQuery
[90mstdout[2m | src/components/Gamification/AvatarUnlockEditor.stories.tsx[2m > [22m[2mGlow Ring Disabled
[22m[39m[ChatContext] Waiting for subscription to initialize
[90mstdout[2m | src/components/Gamification/AvatarUnlockEditor.stories.tsx[2m > [22m[2mGlow Ring Disabled
[22m[39m[SettingsContext] Setting up Settings subscription for user: mock-user-sub
[90mstdout[2m | src/components/Gamification/AvatarUnlockEditor.stories.tsx[2m > [22m[2mGlow Ring Disabled
[22m[39m[Mock Data] Settings created: mock-settings-1790418718844 - notified 0 subscribers
[90mstdout[2m | src/components/Gamification/AvatarUnlockEditor.stories.tsx[2m > [22m[2mGlow Ring Disabled
[22m[39m[Mock Data] Unit.onUpdate() subscription added. Total: 1
[90mstdout[2m | src/components/Gamification/AvatarUnlockEditor.stories.tsx[2m > [22m[2mGlow Ring Disabled
[22m[39m[SectionContext] Section observeQuery update: 0
[90mstdout[2m | src/components/Gamification/AvatarUnlockEditor.stories.tsx[2m > [22m[2mGlow Ring Disabled
[22m[39m[FilesContext] File observeQuery update: 6 files
[90mstdout[2m | src/components/Gamification/AvatarUnlockEditor.stories.tsx[2m > [22m[2mGlow Ring Disabled
[22m[39m[ChatContext] AssistantChat initialized with 1 chats
[90mstdout[2m | src/components/Gamification/AvatarUnlockEditor.stories.tsx[2m > [22m[2mGlow Ring Disabled
[22m[39m[ChatContext] Setting initial chat: mock-assistant-chat-1
[90mstdout[2m | src/components/Gamification/AvatarUnlockEditor.stories.tsx[2m > [22m[2mGlow Ring Disabled
[22m[39m[MOCK CourseVectorStore] Initialized with mock data
[90mstdout[2m | src/components/Gamification/AvatarUnlockEditor.stories.tsx[2m > [22m[2mGlow Ring Disabled
[22m[39m[FilesContext] Vector store population triggered {
  "currentVectorStoreSize": 3,
  "documentsCount": 0,
  "filesCount": 6,
  "isInitialLoad": true,
}
[90mstdout[2m | src/components/Gamification/AvatarUnlockEditor.stories.tsx[2m > [22m[2mGlow Ring Disabled
[22m[39m[FilesContext] Vector store population complete - 3 total embeddings
[90mstdout[2m | src/components/Gamification/AvatarUnlockEditor.stories.tsx[2m > [22m[2mGlow Ring Disabled
[22m[39m[ChatContext] Chat exists and not archived, skipping creation
[90mstdout[2m | src/components/Gamification/AvatarUnlockEditor.stories.tsx[2m > [22m[2mGlow Ring Disabled
[22m[39m[Mock Storage] downloadData called with: undefined
 [32m✓[39m [30m[45m storybook (chromium) [49m[39m src/components/Gamification/AvatarUnlockEditor.stories.tsx [2m([22m[2m4 tests[22m[2m)[22m[33m 1495[2mms[22m[39m
   [33m[2m✓[22m[39m Default [33m 396[2mms[22m[39m
   [33m[2m✓[22m[39m Custom Config [33m 355[2mms[22m[39m
   [33m[2m✓[22m[39m All Styles Assigned [33m 464[2mms[22m[39m
[90mstdout[2m | unknown test
[22m[39m[MOCK vectorStoreDB.js] Module loaded - mock IndexedDB operations
[90mstdout[2m | unknown test
[22m[39m[Task Completion] DOM action listeners initialized
[90mstdout[2m | unknown test
[22m[39m[Task Completion] Auto-completion detector initialized
[90mstdout[2m | unknown test
[22m[39m[Preview] Task completion detector initialized
[90mstdout[2m | src/components/GradedWorkbookViewer/GradedWorkbookViewer.stories.tsx[2m > [22m[2mMultiple Attempts
[22m[39m[MOCK CourseVectorStore] Initialized with mock data
[90mstdout[2m | src/components/GradedWorkbookViewer/GradedWorkbookViewer.stories.tsx[2m > [22m[2mMultiple Attempts
[22m[39m[TranslationModeController] Setting mode to: off
[90mstdout[2m | src/components/GradedWorkbookViewer/GradedWorkbookViewer.stories.tsx[2m > [22m[2mMultiple Attempts
[22m[39m[UnitContext] useEffect triggered {
  "authLoading": false,
  "hasUser": true,
  "id": "mock-unit-id",
  "userSub": "mock-user-sub",
}
[90mstdout[2m | src/components/GradedWorkbookViewer/GradedWorkbookViewer.stories.tsx[2m > [22m[2mMultiple Attempts
[22m[39m[UnitContext] Fetching unit data for id: mock-unit-id
[90mstdout[2m | src/components/GradedWorkbookViewer/GradedWorkbookViewer.stories.tsx[2m > [22m[2mMultiple Attempts
[22m[39m[FilesContext] Initializing vector store from IndexedDB
[90mstdout[2m | src/components/GradedWorkbookViewer/GradedWorkbookViewer.stories.tsx[2m > [22m[2mMultiple Attempts
[22m[39m[FilesContext] fetchFiles called
[90mstdout[2m | src/components/GradedWorkbookViewer/GradedWorkbookViewer.stories.tsx[2m > [22m[2mMultiple Attempts
[22m[39m[FilesContext] User authenticated: mock-user-sub
[90mstdout[2m | src/components/GradedWorkbookViewer/GradedWorkbookViewer.stories.tsx[2m > [22m[2mMultiple Attempts
[22m[39m[FilesContext] Identity ID: us-east-1:mock-identity-123
[90mstdout[2m | src/components/GradedWorkbookViewer/GradedWorkbookViewer.stories.tsx[2m > [22m[2mMultiple Attempts
[22m[39m[FilesContext] About to set up File observeQuery
[90mstdout[2m | src/components/GradedWorkbookViewer/GradedWorkbookViewer.stories.tsx[2m > [22m[2mMultiple Attempts
[22m[39m[ChatContext] Setting up AssistantChat observeQuery
[90mstdout[2m | src/components/GradedWorkbookViewer/GradedWorkbookViewer.stories.tsx[2m > [22m[2mMultiple Attempts
[22m[39m[ChatContext] Waiting for subscription to initialize
[90mstdout[2m | src/components/GradedWorkbookViewer/GradedWorkbookViewer.stories.tsx[2m > [22m[2mMultiple Attempts
[22m[39m[SettingsContext] Setting up Settings subscription for user: mock-user-sub
[90mstdout[2m | src/components/GradedWorkbookViewer/GradedWorkbookViewer.stories.tsx[2m > [22m[2mMultiple Attempts
[22m[39m[Mock Data] Settings created: mock-settings-1790418722661 - notified 0 subscribers
[90mstdout[2m | src/components/GradedWorkbookViewer/GradedWorkbookViewer.stories.tsx[2m > [22m[2mMultiple Attempts
[22m[39m[Mock Data] Unit.onUpdate() subscription added. Total: 1
[90mstdout[2m | src/components/GradedWorkbookViewer/GradedWorkbookViewer.stories.tsx[2m > [22m[2mMultiple Attempts
[22m[39m[SectionContext] Section observeQuery update: 0
[90mstdout[2m | src/components/GradedWorkbookViewer/GradedWorkbookViewer.stories.tsx[2m > [22m[2mMultiple Attempts
[22m[39m[FilesContext] File observeQuery update: 6 files
[90mstdout[2m | src/components/GradedWorkbookViewer/GradedWorkbookViewer.stories.tsx[2m > [22m[2mMultiple Attempts
[22m[39m[ChatContext] AssistantChat initialized with 1 chats
[90mstdout[2m | src/components/GradedWorkbookViewer/GradedWorkbookViewer.stories.tsx[2m > [22m[2mMultiple Attempts
[22m[39m[ChatContext] Setting initial chat: mock-assistant-chat-1
[90mstdout[2m | src/components/GradedWorkbookViewer/GradedWorkbookViewer.stories.tsx[2m > [22m[2mMultiple Attempts
[22m[39m[MOCK CourseVectorStore] Initialized with mock data
[90mstdout[2m | src/components/GradedWorkbookViewer/GradedWorkbookViewer.stories.tsx[2m > [22m[2mMultiple Attempts
[22m[39m[FilesContext] Vector store population triggered {
  "currentVectorStoreSize": 3,
  "documentsCount": 0,
  "filesCount": 6,
  "isInitialLoad": true,
}
[90mstdout[2m | src/components/GradedWorkbookViewer/GradedWorkbookViewer.stories.tsx[2m > [22m[2mMultiple Attempts
[22m[39m[FilesContext] Vector store population complete - 3 total embeddings
[90mstdout[2m | src/components/GradedWorkbookViewer/GradedWorkbookViewer.stories.tsx[2m > [22m[2mMultiple Attempts
[22m[39m[ChatContext] Chat exists and not archived, skipping creation
[90mstdout[2m | src/components/GradedWorkbookViewer/GradedWorkbookViewer.stories.tsx[2m > [22m[2mMultiple Attempts
[22m[39m[Mock Storage] downloadData called with: undefined
[90mstdout[2m | src/components/GradedWorkbookViewer/GradedWorkbookViewer.stories.tsx[2m > [22m[2mMultiple Attempts
[22m[39mfilterWords {
  "filter": "",
  "wordsCount": 0,
}
[90mstdout[2m | src/components/GradedWorkbookViewer/GradedWorkbookViewer.stories.tsx[2m > [22m[2mFlagged Content
[22m[39m[ChatContext] Cleaning up subscriptions
[90mstdout[2m | src/components/GradedWorkbookViewer/GradedWorkbookViewer.stories.tsx[2m > [22m[2mFlagged Content
[22m[39m[Mock Data] Unit.onUpdate() subscription removed. Remaining: 0
[90mstdout[2m | src/components/GradedWorkbookViewer/GradedWorkbookViewer.stories.tsx[2m > [22m[2mFlagged Content
[22m[39m[MOCK CourseVectorStore] Initialized with mock data
[90mstdout[2m | src/components/GradedWorkbookViewer/GradedWorkbookViewer.stories.tsx[2m > [22m[2mFlagged Content
[22m[39m[TranslationModeController] Setting mode to: off
[90mstdout[2m | src/components/GradedWorkbookViewer/GradedWorkbookViewer.stories.tsx[2m > [22m[2mFlagged Content
[22m[39m[UnitContext] useEffect triggered {
  "authLoading": false,
  "hasUser": true,
  "id": "mock-unit-id",
  "userSub": "mock-user-sub",
}
[90mstdout[2m | src/components/GradedWorkbookViewer/GradedWorkbookViewer.stories.tsx[2m > [22m[2mFlagged Content
[22m[39m[UnitContext] Fetching unit data for id: mock-unit-id
[90mstdout[2m | src/components/GradedWorkbookViewer/GradedWorkbookViewer.stories.tsx[2m > [22m[2mFlagged Content
[22m[39m[FilesContext] Initializing vector store from IndexedDB
[90mstdout[2m | src/components/GradedWorkbookViewer/GradedWorkbookViewer.stories.tsx[2m > [22m[2mFlagged Content
[22m[39m[FilesContext] fetchFiles called
[90mstdout[2m | src/components/GradedWorkbookViewer/GradedWorkbookViewer.stories.tsx[2m > [22m[2mFlagged Content
[22m[39m[FilesContext] User authenticated: mock-user-sub
[90mstdout[2m | src/components/GradedWorkbookViewer/GradedWorkbookViewer.stories.tsx[2m > [22m[2mFlagged Content
[22m[39m[FilesContext] Identity ID: us-east-1:mock-identity-123
[90mstdout[2m | src/components/GradedWorkbookViewer/GradedWorkbookViewer.stories.tsx[2m > [22m[2mFlagged Content
[22m[39m[FilesContext] About to set up File observeQuery
[90mstdout[2m | src/components/GradedWorkbookViewer/GradedWorkbookViewer.stories.tsx[2m > [22m[2mFlagged Content
[22m[39m[ChatContext] Setting up AssistantChat observeQuery
[90mstdout[2m | src/components/GradedWorkbookViewer/GradedWorkbookViewer.stories.tsx[2m > [22m[2mFlagged Content
[22m[39m[ChatContext] Waiting for subscription to initialize
[90mstdout[2m | src/components/GradedWorkbookViewer/GradedWorkbookViewer.stories.tsx[2m > [22m[2mFlagged Content
[22m[39m[SettingsContext] Setting up Settings subscription for user: mock-user-sub
[90mstdout[2m | src/components/GradedWorkbookViewer/GradedWorkbookViewer.stories.tsx[2m > [22m[2mFlagged Content
[22m[39m[Mock Data] Settings created: mock-settings-1790418723038 - notified 0 subscribers
[90mstdout[2m | src/components/GradedWorkbookViewer/GradedWorkbookViewer.stories.tsx[2m > [22m[2mFlagged Content
[22m[39m[Mock Data] Unit.onUpdate() subscription added. Total: 1
[90mstdout[2m | src/components/GradedWorkbookViewer/GradedWorkbookViewer.stories.tsx[2m > [22m[2mFlagged Content
[22m[39m[SectionContext] Section observeQuery update: 0
[90mstdout[2m | src/components/GradedWorkbookViewer/GradedWorkbookViewer.stories.tsx[2m > [22m[2mFlagged Content
[22m[39m[FilesContext] File observeQuery update: 6 files
[90mstdout[2m | src/components/GradedWorkbookViewer/GradedWorkbookViewer.stories.tsx[2m > [22m[2mFlagged Content
[22m[39m[ChatContext] AssistantChat initialized with 1 chats
[90mstdout[2m | src/components/GradedWorkbookViewer/GradedWorkbookViewer.stories.tsx[2m > [22m[2mFlagged Content
[22m[39m[ChatContext] Setting initial chat: mock-assistant-chat-1
[90mstdout[2m | src/components/GradedWorkbookViewer/GradedWorkbookViewer.stories.tsx[2m > [22m[2mFlagged Content
[22m[39m[MOCK CourseVectorStore] Initialized with mock data
[90mstdout[2m | src/components/GradedWorkbookViewer/GradedWorkbookViewer.stories.tsx[2m > [22m[2mFlagged Content
[22m[39m[FilesContext] Vector store population triggered {
  "currentVectorStoreSize": 3,
  "documentsCount": 0,
  "filesCount": 6,
  "isInitialLoad": true,
}
[90mstdout[2m | src/components/GradedWorkbookViewer/GradedWorkbookViewer.stories.tsx[2m > [22m[2mFlagged Content
[22m[39m[FilesContext] Vector store population complete - 3 total embeddings
[90mstdout[2m | src/components/GradedWorkbookViewer/GradedWorkbookViewer.stories.tsx[2m > [22m[2mFlagged Content
[22m[39m[ChatContext] Chat exists and not archived, skipping creation
[90mstdout[2m | src/components/GradedWorkbookViewer/GradedWorkbookViewer.stories.tsx[2m > [22m[2mFlagged Content
[22m[39m[Mock Storage] downloadData called with: undefined
[90mstdout[2m | src/components/GradedWorkbookViewer/GradedWorkbookViewer.stories.tsx[2m > [22m[2mPending Moderation
[22m[39m[ChatContext] Cleaning up subscriptions
[90mstdout[2m | src/components/GradedWorkbookViewer/GradedWorkbookViewer.stories.tsx[2m > [22m[2mPending Moderation
[22m[39m[Mock Data] Unit.onUpdate() subscription removed. Remaining: 0
[90mstdout[2m | src/components/GradedWorkbookViewer/GradedWorkbookViewer.stories.tsx[2m > [22m[2mPending Moderation
[22m[39m[MOCK CourseVectorStore] Initialized with mock data
[90mstdout[2m | src/components/GradedWorkbookViewer/GradedWorkbookViewer.stories.tsx[2m > [22m[2mPending Moderation
[22m[39m[TranslationModeController] Setting mode to: off
[90mstdout[2m | src/components/GradedWorkbookViewer/GradedWorkbookViewer.stories.tsx[2m > [22m[2mPending Moderation
[22m[39m[UnitContext] useEffect triggered {
  "authLoading": false,
  "hasUser": true,
  "id": "mock-unit-id",
  "userSub": "mock-user-sub",
}
[90mstdout[2m | src/components/GradedWorkbookViewer/GradedWorkbookViewer.stories.tsx[2m > [22m[2mPending Moderation
[22m[39m[UnitContext] Fetching unit data for id: mock-unit-id
[90mstdout[2m | src/components/GradedWorkbookViewer/GradedWorkbookViewer.stories.tsx[2m > [22m[2mPending Moderation
[22m[39m[FilesContext] Initializing vector store from IndexedDB
[90mstdout[2m | src/components/GradedWorkbookViewer/GradedWorkbookViewer.stories.tsx[2m > [22m[2mPending Moderation
[22m[39m[FilesContext] fetchFiles called
[90mstdout[2m | src/components/GradedWorkbookViewer/GradedWorkbookViewer.stories.tsx[2m > [22m[2mPending Moderation
[22m[39m[FilesContext] User authenticated: mock-user-sub
[90mstdout[2m | src/components/GradedWorkbookViewer/GradedWorkbookViewer.stories.tsx[2m > [22m[2mPending Moderation
[22m[39m[FilesContext] Identity ID: us-east-1:mock-identity-123
[90mstdout[2m | src/components/GradedWorkbookViewer/GradedWorkbookViewer.stories.tsx[2m > [22m[2mPending Moderation
[22m[39m[FilesContext] About to set up File observeQuery
[90mstdout[2m | src/components/GradedWorkbookViewer/GradedWorkbookViewer.stories.tsx[2m > [22m[2mPending Moderation
[22m[39m[ChatContext] Setting up AssistantChat observeQuery
[90mstdout[2m | src/components/GradedWorkbookViewer/GradedWorkbookViewer.stories.tsx[2m > [22m[2mPending Moderation
[22m[39m[ChatContext] Waiting for subscription to initialize
[90mstdout[2m | src/components/GradedWorkbookViewer/GradedWorkbookViewer.stories.tsx[2m > [22m[2mPending Moderation
[22m[39m[SettingsContext] Setting up Settings subscription for user: mock-user-sub
[90mstdout[2m | src/components/GradedWorkbookViewer/GradedWorkbookViewer.stories.tsx[2m > [22m[2mPending Moderation
[22m[39m[Mock Data] Settings created: mock-settings-1790418723283 - notified 0 subscribers
[90mstdout[2m | src/components/GradedWorkbookViewer/GradedWorkbookViewer.stories.tsx[2m > [22m[2mPending Moderation
[22m[39m[Mock Data] Unit.onUpdate() subscription added. Total: 1
[90mstdout[2m | src/components/GradedWorkbookViewer/GradedWorkbookViewer.stories.tsx[2m > [22m[2mPending Moderation
[22m[39m[SectionContext] Section observeQuery update: 0
[90mstdout[2m | src/components/GradedWorkbookViewer/GradedWorkbookViewer.stories.tsx[2m > [22m[2mPending Moderation
[22m[39m[FilesContext] File observeQuery update: 6 files
[90mstdout[2m | src/components/GradedWorkbookViewer/GradedWorkbookViewer.stories.tsx[2m > [22m[2mPending Moderation
[22m[39m[ChatContext] AssistantChat initialized with 1 chats
[90mstdout[2m | src/components/GradedWorkbookViewer/GradedWorkbookViewer.stories.tsx[2m > [22m[2mPending Moderation
[22m[39m[ChatContext] Setting initial chat: mock-assistant-chat-1
[90mstdout[2m | src/components/GradedWorkbookViewer/GradedWorkbookViewer.stories.tsx[2m > [22m[2mPending Moderation
[22m[39m[MOCK CourseVectorStore] Initialized with mock data
[90mstdout[2m | src/components/GradedWorkbookViewer/GradedWorkbookViewer.stories.tsx[2m > [22m[2mPending Moderation
[22m[39m[FilesContext] Vector store population triggered {
  "currentVectorStoreSize": 3,
  "documentsCount": 0,
  "filesCount": 6,
  "isInitialLoad": true,
}
[90mstdout[2m | src/components/GradedWorkbookViewer/GradedWorkbookViewer.stories.tsx[2m > [22m[2mPending Moderation
[22m[39m[FilesContext] Vector store population complete - 3 total embeddings
[90mstdout[2m | src/components/GradedWorkbookViewer/GradedWorkbookViewer.stories.tsx[2m > [22m[2mPending Moderation
[22m[39m[ChatContext] Chat exists and not archived, skipping creation
[90mstdout[2m | src/components/GradedWorkbookViewer/GradedWorkbookViewer.stories.tsx[2m > [22m[2mPending Moderation
[22m[39m[Mock Storage] downloadData called with: undefined
[90mstdout[2m | src/components/GradedWorkbookViewer/GradedWorkbookViewer.stories.tsx[2m > [22m[2mSingle Attempt High Score
[22m[39m[ChatContext] Cleaning up subscriptions
[90mstdout[2m | src/components/GradedWorkbookViewer/GradedWorkbookViewer.stories.tsx[2m > [22m[2mSingle Attempt High Score
[22m[39m[Mock Data] Unit.onUpdate() subscription removed. Remaining: 0
[90mstdout[2m | src/components/GradedWorkbookViewer/GradedWorkbookViewer.stories.tsx[2m > [22m[2mSingle Attempt High Score
[22m[39m[MOCK CourseVectorStore] Initialized with mock data
[90mstdout[2m | src/components/GradedWorkbookViewer/GradedWorkbookViewer.stories.tsx[2m > [22m[2mSingle Attempt High Score
[22m[39m[TranslationModeController] Setting mode to: off
[90mstdout[2m | src/components/GradedWorkbookViewer/GradedWorkbookViewer.stories.tsx[2m > [22m[2mSingle Attempt High Score
[22m[39m[UnitContext] useEffect triggered {
  "authLoading": false,
  "hasUser": true,
  "id": "mock-unit-id",
  "userSub": "mock-user-sub",
}
[90mstdout[2m | src/components/GradedWorkbookViewer/GradedWorkbookViewer.stories.tsx[2m > [22m[2mSingle Attempt High Score
[22m[39m[UnitContext] Fetching unit data for id: mock-unit-id
[90mstdout[2m | src/components/GradedWorkbookViewer/GradedWorkbookViewer.stories.tsx[2m > [22m[2mSingle Attempt High Score
[22m[39m[FilesContext] Initializing vector store from IndexedDB
[90mstdout[2m | src/components/GradedWorkbookViewer/GradedWorkbookViewer.stories.tsx[2m > [22m[2mSingle Attempt High Score
[22m[39m[FilesContext] fetchFiles called
[90mstdout[2m | src/components/GradedWorkbookViewer/GradedWorkbookViewer.stories.tsx[2m > [22m[2mSingle Attempt High Score
[22m[39m[FilesContext] User authenticated: mock-user-sub
[90mstdout[2m | src/components/GradedWorkbookViewer/GradedWorkbookViewer.stories.tsx[2m > [22m[2mSingle Attempt High Score
[22m[39m[FilesContext] Identity ID: us-east-1:mock-identity-123
[90mstdout[2m | src/components/GradedWorkbookViewer/GradedWorkbookViewer.stories.tsx[2m > [22m[2mSingle Attempt High Score
[22m[39m[FilesContext] About to set up File observeQuery
[90mstdout[2m | src/components/GradedWorkbookViewer/GradedWorkbookViewer.stories.tsx[2m > [22m[2mSingle Attempt High Score
[22m[39m[ChatContext] Setting up AssistantChat observeQuery
[90mstdout[2m | src/components/GradedWorkbookViewer/GradedWorkbookViewer.stories.tsx[2m > [22m[2mSingle Attempt High Score
[22m[39m[ChatContext] Waiting for subscription to initialize
[90mstdout[2m | src/components/GradedWorkbookViewer/GradedWorkbookViewer.stories.tsx[2m > [22m[2mSingle Attempt High Score
[22m[39m[SettingsContext] Setting up Settings subscription for user: mock-user-sub
[90mstdout[2m | src/components/GradedWorkbookViewer/GradedWorkbookViewer.stories.tsx[2m > [22m[2mSingle Attempt High Score
[22m[39m[Mock Data] Settings created: mock-settings-1790418723520 - notified 0 subscribers
[90mstdout[2m | src/components/GradedWorkbookViewer/GradedWorkbookViewer.stories.tsx[2m > [22m[2mSingle Attempt High Score
[22m[39m[Mock Data] Unit.onUpdate() subscription added. Total: 1
[90mstdout[2m | src/components/GradedWorkbookViewer/GradedWorkbookViewer.stories.tsx[2m > [22m[2mSingle Attempt High Score
[22m[39m[SectionContext] Section observeQuery update: 0
[90mstdout[2m | src/components/GradedWorkbookViewer/GradedWorkbookViewer.stories.tsx[2m > [22m[2mSingle Attempt High Score
[22m[39m[FilesContext] File observeQuery update: 6 files
[90mstdout[2m | src/components/GradedWorkbookViewer/GradedWorkbookViewer.stories.tsx[2m > [22m[2mSingle Attempt High Score
[22m[39m[ChatContext] AssistantChat initialized with 1 chats
[90mstdout[2m | src/components/GradedWorkbookViewer/GradedWorkbookViewer.stories.tsx[2m > [22m[2mSingle Attempt High Score
[22m[39m[ChatContext] Setting initial chat: mock-assistant-chat-1
[90mstdout[2m | src/components/GradedWorkbookViewer/GradedWorkbookViewer.stories.tsx[2m > [22m[2mSingle Attempt High Score
[22m[39m[MOCK CourseVectorStore] Initialized with mock data
[90mstdout[2m | src/components/GradedWorkbookViewer/GradedWorkbookViewer.stories.tsx[2m > [22m[2mSingle Attempt High Score
[22m[39m[FilesContext] Vector store population triggered {
  "currentVectorStoreSize": 3,
  "documentsCount": 0,
  "filesCount": 6,
  "isInitialLoad": true,
}
[90mstdout[2m | src/components/GradedWorkbookViewer/GradedWorkbookViewer.stories.tsx[2m > [22m[2mSingle Attempt High Score
[22m[39m[FilesContext] Vector store population complete - 3 total embeddings
[90mstdout[2m | src/components/GradedWorkbookViewer/GradedWorkbookViewer.stories.tsx[2m > [22m[2mSingle Attempt High Score
[22m[39m[ChatContext] Chat exists and not archived, skipping creation
[90mstdout[2m | src/components/GradedWorkbookViewer/GradedWorkbookViewer.stories.tsx[2m > [22m[2mSingle Attempt High Score
[22m[39m[Mock Storage] downloadData called with: undefined
[90mstdout[2m | src/components/GradedWorkbookViewer/GradedWorkbookViewer.stories.tsx[2m > [22m[2mSingle Attempt Low Score
[22m[39m[ChatContext] Cleaning up subscriptions
[90mstdout[2m | src/components/GradedWorkbookViewer/GradedWorkbookViewer.stories.tsx[2m > [22m[2mSingle Attempt Low Score
[22m[39m[Mock Data] Unit.onUpdate() subscription removed. Remaining: 0
[90mstdout[2m | src/components/GradedWorkbookViewer/GradedWorkbookViewer.stories.tsx[2m > [22m[2mSingle Attempt Low Score
[22m[39m[MOCK CourseVectorStore] Initialized with mock data
[90mstdout[2m | src/components/GradedWorkbookViewer/GradedWorkbookViewer.stories.tsx[2m > [22m[2mSingle Attempt Low Score
[22m[39m[TranslationModeController] Setting mode to: off
[90mstdout[2m | src/components/GradedWorkbookViewer/GradedWorkbookViewer.stories.tsx[2m > [22m[2mSingle Attempt Low Score
[22m[39m[UnitContext] useEffect triggered {
  "authLoading": false,
  "hasUser": true,
  "id": "mock-unit-id",
  "userSub": "mock-user-sub",
}
[90mstdout[2m | src/components/GradedWorkbookViewer/GradedWorkbookViewer.stories.tsx[2m > [22m[2mSingle Attempt Low Score
[22m[39m[UnitContext] Fetching unit data for id: mock-unit-id
[90mstdout[2m | src/components/GradedWorkbookViewer/GradedWorkbookViewer.stories.tsx[2m > [22m[2mSingle Attempt Low Score
[22m[39m[FilesContext] Initializing vector store from IndexedDB
[90mstdout[2m | src/components/GradedWorkbookViewer/GradedWorkbookViewer.stories.tsx[2m > [22m[2mSingle Attempt Low Score
[22m[39m[FilesContext] fetchFiles called
[90mstdout[2m | src/components/GradedWorkbookViewer/GradedWorkbookViewer.stories.tsx[2m > [22m[2mSingle Attempt Low Score
[22m[39m[FilesContext] User authenticated: mock-user-sub
[90mstdout[2m | src/components/GradedWorkbookViewer/GradedWorkbookViewer.stories.tsx[2m > [22m[2mSingle Attempt Low Score
[22m[39m[FilesContext] Identity ID: us-east-1:mock-identity-123
[90mstdout[2m | src/components/GradedWorkbookViewer/GradedWorkbookViewer.stories.tsx[2m > [22m[2mSingle Attempt Low Score
[22m[39m[FilesContext] About to set up File observeQuery
[90mstdout[2m | src/components/GradedWorkbookViewer/GradedWorkbookViewer.stories.tsx[2m > [22m[2mSingle Attempt Low Score
[22m[39m[ChatContext] Setting up AssistantChat observeQuery
[90mstdout[2m | src/components/GradedWorkbookViewer/GradedWorkbookViewer.stories.tsx[2m > [22m[2mSingle Attempt Low Score
[22m[39m[ChatContext] Waiting for subscription to initialize
[90mstdout[2m | src/components/GradedWorkbookViewer/GradedWorkbookViewer.stories.tsx[2m > [22m[2mSingle Attempt Low Score
[22m[39m[SettingsContext] Setting up Settings subscription for user: mock-user-sub
[90mstdout[2m | src/components/GradedWorkbookViewer/GradedWorkbookViewer.stories.tsx[2m > [22m[2mSingle Attempt Low Score
[22m[39m[Mock Data] Settings created: mock-settings-1790418723733 - notified 0 subscribers
[90mstdout[2m | src/components/GradedWorkbookViewer/GradedWorkbookViewer.stories.tsx[2m > [22m[2mSingle Attempt Low Score
[22m[39m[Mock Data] Unit.onUpdate() subscription added. Total: 1
[90mstdout[2m | src/components/GradedWorkbookViewer/GradedWorkbookViewer.stories.tsx[2m > [22m[2mSingle Attempt Low Score
[22m[39m[SectionContext] Section observeQuery update: 0
[90mstdout[2m | src/components/GradedWorkbookViewer/GradedWorkbookViewer.stories.tsx[2m > [22m[2mSingle Attempt Low Score
[22m[39m[FilesContext] File observeQuery update: 6 files
[90mstdout[2m | src/components/GradedWorkbookViewer/GradedWorkbookViewer.stories.tsx[2m > [22m[2mSingle Attempt Low Score
[22m[39m[ChatContext] AssistantChat initialized with 1 chats
[90mstdout[2m | src/components/GradedWorkbookViewer/GradedWorkbookViewer.stories.tsx[2m > [22m[2mSingle Attempt Low Score
[22m[39m[ChatContext] Setting initial chat: mock-assistant-chat-1
[90mstdout[2m | src/components/GradedWorkbookViewer/GradedWorkbookViewer.stories.tsx[2m > [22m[2mSingle Attempt Low Score
[22m[39m[MOCK CourseVectorStore] Initialized with mock data
[90mstdout[2m | src/components/GradedWorkbookViewer/GradedWorkbookViewer.stories.tsx[2m > [22m[2mSingle Attempt Low Score
[22m[39m[FilesContext] Vector store population triggered {
  "currentVectorStoreSize": 3,
  "documentsCount": 0,
  "filesCount": 6,
  "isInitialLoad": true,
}
[90mstdout[2m | src/components/GradedWorkbookViewer/GradedWorkbookViewer.stories.tsx[2m > [22m[2mSingle Attempt Low Score
[22m[39m[FilesContext] Vector store population complete - 3 total embeddings
[90mstdout[2m | src/components/GradedWorkbookViewer/GradedWorkbookViewer.stories.tsx[2m > [22m[2mSingle Attempt Low Score
[22m[39m[ChatContext] Chat exists and not archived, skipping creation
[90mstdout[2m | src/components/GradedWorkbookViewer/GradedWorkbookViewer.stories.tsx[2m > [22m[2mSingle Attempt Low Score
[22m[39m[Mock Storage] downloadData called with: undefined
[90mstdout[2m | src/components/GradedWorkbookViewer/GradedWorkbookViewer.stories.tsx[2m > [22m[2mNo Moderation
[22m[39m[ChatContext] Cleaning up subscriptions
[90mstdout[2m | src/components/GradedWorkbookViewer/GradedWorkbookViewer.stories.tsx[2m > [22m[2mNo Moderation
[22m[39m[Mock Data] Unit.onUpdate() subscription removed. Remaining: 0
[90mstdout[2m | src/components/GradedWorkbookViewer/GradedWorkbookViewer.stories.tsx[2m > [22m[2mNo Moderation
[22m[39m[MOCK CourseVectorStore] Initialized with mock data
[90mstdout[2m | src/components/GradedWorkbookViewer/GradedWorkbookViewer.stories.tsx[2m > [22m[2mNo Moderation
[22m[39m[TranslationModeController] Setting mode to: off
[90mstdout[2m | src/components/GradedWorkbookViewer/GradedWorkbookViewer.stories.tsx[2m > [22m[2mNo Moderation
[22m[39m[UnitContext] useEffect triggered {
  "authLoading": false,
  "hasUser": true,
  "id": "mock-unit-id",
  "userSub": "mock-user-sub",
}
[90mstdout[2m | src/components/GradedWorkbookViewer/GradedWorkbookViewer.stories.tsx[2m > [22m[2mNo Moderation
[22m[39m[UnitContext] Fetching unit data for id: mock-unit-id
[90mstdout[2m | src/components/GradedWorkbookViewer/GradedWorkbookViewer.stories.tsx[2m > [22m[2mNo Moderation
[22m[39m[FilesContext] Initializing vector store from IndexedDB
[90mstdout[2m | src/components/GradedWorkbookViewer/GradedWorkbookViewer.stories.tsx[2m > [22m[2mNo Moderation
[22m[39m[FilesContext] fetchFiles called
[90mstdout[2m | src/components/GradedWorkbookViewer/GradedWorkbookViewer.stories.tsx[2m > [22m[2mNo Moderation
[22m[39m[FilesContext] User authenticated: mock-user-sub
[90mstdout[2m | src/components/GradedWorkbookViewer/GradedWorkbookViewer.stories.tsx[2m > [22m[2mNo Moderation
[22m[39m[FilesContext] Identity ID: us-east-1:mock-identity-123
[90mstdout[2m | src/components/GradedWorkbookViewer/GradedWorkbookViewer.stories.tsx[2m > [22m[2mNo Moderation
[22m[39m[FilesContext] About to set up File observeQuery
[90mstdout[2m | src/components/GradedWorkbookViewer/GradedWorkbookViewer.stories.tsx[2m > [22m[2mNo Moderation
[22m[39m[ChatContext] Setting up AssistantChat observeQuery
[90mstdout[2m | src/components/GradedWorkbookViewer/GradedWorkbookViewer.stories.tsx[2m > [22m[2mNo Moderation
[22m[39m[ChatContext] Waiting for subscription to initialize
[90mstdout[2m | src/components/GradedWorkbookViewer/GradedWorkbookViewer.stories.tsx[2m > [22m[2mNo Moderation
[22m[39m[SettingsContext] Setting up Settings subscription for user: mock-user-sub
[90mstdout[2m | src/components/GradedWorkbookViewer/GradedWorkbookViewer.stories.tsx[2m > [22m[2mNo Moderation
[22m[39m[Mock Data] Settings created: mock-settings-1790418723939 - notified 0 subscribers
[90mstdout[2m | src/components/GradedWorkbookViewer/GradedWorkbookViewer.stories.tsx[2m > [22m[2mNo Moderation
[22m[39m[Mock Data] Unit.onUpdate() subscription added. Total: 1
[90mstdout[2m | src/components/GradedWorkbookViewer/GradedWorkbookViewer.stories.tsx[2m > [22m[2mNo Moderation
[22m[39m[SectionContext] Section observeQuery update: 0
[90mstdout[2m | src/components/GradedWorkbookViewer/GradedWorkbookViewer.stories.tsx[2m > [22m[2mNo Moderation
[22m[39m[FilesContext] File observeQuery update: 6 files
[90mstdout[2m | src/components/GradedWorkbookViewer/GradedWorkbookViewer.stories.tsx[2m > [22m[2mNo Moderation
[22m[39m[ChatContext] AssistantChat initialized with 1 chats
[90mstdout[2m | src/components/GradedWorkbookViewer/GradedWorkbookViewer.stories.tsx[2m > [22m[2mNo Moderation
[22m[39m[ChatContext] Setting initial chat: mock-assistant-chat-1
[90mstdout[2m | src/components/GradedWorkbookViewer/GradedWorkbookViewer.stories.tsx[2m > [22m[2mNo Moderation
[22m[39m[MOCK CourseVectorStore] Initialized with mock data
[90mstdout[2m | src/components/GradedWorkbookViewer/GradedWorkbookViewer.stories.tsx[2m > [22m[2mNo Moderation
[22m[39m[FilesContext] Vector store population triggered {
  "currentVectorStoreSize": 3,
  "documentsCount": 0,
  "filesCount": 6,
  "isInitialLoad": true,
}
[90mstdout[2m | src/components/GradedWorkbookViewer/GradedWorkbookViewer.stories.tsx[2m > [22m[2mNo Moderation
[22m[39m[FilesContext] Vector store population complete - 3 total embeddings
[90mstdout[2m | src/components/GradedWorkbookViewer/GradedWorkbookViewer.stories.tsx[2m > [22m[2mNo Moderation
[22m[39m[ChatContext] Chat exists and not archived, skipping creation
[90mstdout[2m | src/components/GradedWorkbookViewer/GradedWorkbookViewer.stories.tsx[2m > [22m[2mNo Moderation
[22m[39m[Mock Storage] downloadData called with: undefined
 [32m✓[39m [30m[45m storybook (chromium) [49m[39m src/components/GradedWorkbookViewer/GradedWorkbookViewer.stories.tsx [2m([22m[2m6 tests[22m[2m)[22m[33m 1575[2mms[22m[39m
   [33m[2m✓[22m[39m Multiple Attempts [33m 409[2mms[22m[39m
[90mstdout[2m | unknown test
[22m[39m[MOCK vectorStoreDB.js] Module loaded - mock IndexedDB operations
[90mstdout[2m | unknown test
[22m[39m[Task Completion] DOM action listeners initialized
[90mstdout[2m | unknown test
[22m[39m[Task Completion] Auto-completion detector initialized
[90mstdout[2m | unknown test
[22m[39m[Preview] Task completion detector initialized
[90mstdout[2m | src/components/Editor3/plugins/CustomAnswerPlugin.audio-drawing.stories.jsx[2m > [22m[2mAudio Only Question
[22m[39m[Preview] Skipped initializing default mock data (initializeMockData=false)
[90mstdout[2m | src/components/Editor3/plugins/CustomAnswerPlugin.audio-drawing.stories.jsx[2m > [22m[2mAudio Only Question
[22m[39m[MOCK CourseVectorStore] Initialized with mock data
[90mstdout[2m | src/components/Editor3/plugins/CustomAnswerPlugin.audio-drawing.stories.jsx[2m > [22m[2mAudio Only Question
[22m[39m[Mock Data] seedMockUnit: Adding unit mock-unit-id
[90mstdout[2m | src/components/Editor3/plugins/CustomAnswerPlugin.audio-drawing.stories.jsx[2m > [22m[2mAudio Only Question
[22m[39m[Mock Data] seedMockQuestions: Adding 2 questions
[90mstdout[2m | src/components/Editor3/plugins/CustomAnswerPlugin.audio-drawing.stories.jsx[2m > [22m[2mAudio Only Question
[22m[39m[TranslationModeController] Setting mode to: off
[90mstdout[2m | src/components/Editor3/plugins/CustomAnswerPlugin.audio-drawing.stories.jsx[2m > [22m[2mAudio Only Question
[22m[39m[UnitContext] useEffect triggered {
  "authLoading": false,
  "hasUser": true,
  "id": "mock-unit-id",
  "userSub": "mock-user-sub",
}
[90mstdout[2m | src/components/Editor3/plugins/CustomAnswerPlugin.audio-drawing.stories.jsx[2m > [22m[2mAudio Only Question
[22m[39m[UnitContext] Fetching unit data for id: mock-unit-id
[90mstdout[2m | src/components/Editor3/plugins/CustomAnswerPlugin.audio-drawing.stories.jsx[2m > [22m[2mAudio Only Question
[22m[39m[FilesContext] Initializing vector store from IndexedDB
[90mstdout[2m | src/components/Editor3/plugins/CustomAnswerPlugin.audio-drawing.stories.jsx[2m > [22m[2mAudio Only Question
[22m[39m[FilesContext] fetchFiles called
[90mstdout[2m | src/components/Editor3/plugins/CustomAnswerPlugin.audio-drawing.stories.jsx[2m > [22m[2mAudio Only Question
[22m[39m[FilesContext] User authenticated: mock-user-sub
[90mstdout[2m | src/components/Editor3/plugins/CustomAnswerPlugin.audio-drawing.stories.jsx[2m > [22m[2mAudio Only Question
[22m[39m[FilesContext] Identity ID: us-east-1:mock-identity-123
[90mstdout[2m | src/components/Editor3/plugins/CustomAnswerPlugin.audio-drawing.stories.jsx[2m > [22m[2mAudio Only Question
[22m[39m[FilesContext] About to set up File observeQuery
[90mstdout[2m | src/components/Editor3/plugins/CustomAnswerPlugin.audio-drawing.stories.jsx[2m > [22m[2mAudio Only Question
[22m[39m[ChatContext] Setting up AssistantChat observeQuery
[90mstdout[2m | src/components/Editor3/plugins/CustomAnswerPlugin.audio-drawing.stories.jsx[2m > [22m[2mAudio Only Question
[22m[39m[ChatContext] Waiting for subscription to initialize
[90mstdout[2m | src/components/Editor3/plugins/CustomAnswerPlugin.audio-drawing.stories.jsx[2m > [22m[2mAudio Only Question
[22m[39m[SettingsContext] Setting up Settings subscription for user: mock-user-sub
[90mstdout[2m | src/components/Editor3/plugins/CustomAnswerPlugin.audio-drawing.stories.jsx[2m > [22m[2mAudio Only Question
[22m[39mCustomAnswerComponent.questionID audio-q1
[90mstdout[2m | src/components/Editor3/plugins/CustomAnswerPlugin.audio-drawing.stories.jsx[2m > [22m[2mAudio Only Question
[22m[39mCustomAnswerComponent.questionBank []
[90mstdout[2m | src/components/Editor3/plugins/CustomAnswerPlugin.audio-drawing.stories.jsx[2m > [22m[2mAudio Only Question
[22m[39mCustomAnswerComponent.question {}
[90mstdout[2m | src/components/Editor3/plugins/CustomAnswerPlugin.audio-drawing.stories.jsx[2m > [22m[2mAudio Only Question
[22m[39mCustomAnswerComponent.question {}
[90mstdout[2m | src/components/Editor3/plugins/CustomAnswerPlugin.audio-drawing.stories.jsx[2m > [22m[2mAudio Only Question
[22m[39mCustomAnswerComponent.prompt undefined
[90mstdout[2m | src/components/Editor3/plugins/CustomAnswerPlugin.audio-drawing.stories.jsx[2m > [22m[2mAudio Only Question
[22m[39mCustomAnswerComponent.feedback[questionID] undefined
[90mstdout[2m | src/components/Editor3/plugins/CustomAnswerPlugin.audio-drawing.stories.jsx[2m > [22m[2mAudio Only Question
[22m[39mCustomAnswerComponent.isCompleted undefined
[90mstdout[2m | src/components/Editor3/plugins/CustomAnswerPlugin.audio-drawing.stories.jsx[2m > [22m[2mAudio Only Question
[22m[39mCustomAnswerComponent.currentPromptMethod text
[90mstdout[2m | src/components/Editor3/plugins/CustomAnswerPlugin.audio-drawing.stories.jsx[2m > [22m[2mAudio Only Question
[22m[39mCustomAnswerComponent.displayPrompt undefined
[90mstdout[2m | src/components/Editor3/plugins/CustomAnswerPlugin.audio-drawing.stories.jsx[2m > [22m[2mAudio Only Question
[22m[39mCustomAnswerComponent.questionID audio-q2
[90mstdout[2m | src/components/Editor3/plugins/CustomAnswerPlugin.audio-drawing.stories.jsx[2m > [22m[2mAudio Only Question
[22m[39mCustomAnswerComponent.questionBank []
[90mstdout[2m | src/components/Editor3/plugins/CustomAnswerPlugin.audio-drawing.stories.jsx[2m > [22m[2mAudio Only Question
[22m[39mCustomAnswerComponent.question {}
[90mstdout[2m | src/components/Editor3/plugins/CustomAnswerPlugin.audio-drawing.stories.jsx[2m > [22m[2mAudio Only Question
[22m[39mCustomAnswerComponent.question {}
[90mstdout[2m | src/components/Editor3/plugins/CustomAnswerPlugin.audio-drawing.stories.jsx[2m > [22m[2mAudio Only Question
[22m[39mCustomAnswerComponent.prompt undefined
[90mstdout[2m | src/components/Editor3/plugins/CustomAnswerPlugin.audio-drawing.stories.jsx[2m > [22m[2mAudio Only Question
[22m[39mCustomAnswerComponent.feedback[questionID] undefined
[90mstdout[2m | src/components/Editor3/plugins/CustomAnswerPlugin.audio-drawing.stories.jsx[2m > [22m[2mAudio Only Question
[22m[39mCustomAnswerComponent.isCompleted undefined
[90mstdout[2m | src/components/Editor3/plugins/CustomAnswerPlugin.audio-drawing.stories.jsx[2m > [22m[2mAudio Only Question
[22m[39mCustomAnswerComponent.currentPromptMethod text
[90mstdout[2m | src/components/Editor3/plugins/CustomAnswerPlugin.audio-drawing.stories.jsx[2m > [22m[2mAudio Only Question
[22m[39mCustomAnswerComponent.displayPrompt undefined
[90mstdout[2m | src/components/Editor3/plugins/CustomAnswerPlugin.audio-drawing.stories.jsx[2m > [22m[2mAudio Only Question
[22m[39mallowedInput [
  "audio",
]
[90mstdout[2m | src/components/Editor3/plugins/CustomAnswerPlugin.audio-drawing.stories.jsx[2m > [22m[2mAudio Only Question
[22m[39mpromptMethod [
  "text",
]
[90mstdout[2m | src/components/Editor3/plugins/CustomAnswerPlugin.audio-drawing.stories.jsx[2m > [22m[2mAudio Only Question
[22m[39mAnswerComponent.currentPromptMethod text
[90mstdout[2m | src/components/Editor3/plugins/CustomAnswerPlugin.audio-drawing.stories.jsx[2m > [22m[2mAudio Only Question
[22m[39mAnswerComponent.promptMethod [
  "text",
]
[90mstdout[2m | src/components/Editor3/plugins/CustomAnswerPlugin.audio-drawing.stories.jsx[2m > [22m[2mAudio Only Question
[22m[39mallowedInput [
  "audio",
]
[90mstdout[2m | src/components/Editor3/plugins/CustomAnswerPlugin.audio-drawing.stories.jsx[2m > [22m[2mAudio Only Question
[22m[39mpromptMethod [
  "text",
]
[90mstdout[2m | src/components/Editor3/plugins/CustomAnswerPlugin.audio-drawing.stories.jsx[2m > [22m[2mAudio Only Question
[22m[39mAnswerComponent.currentPromptMethod text
[90mstdout[2m | src/components/Editor3/plugins/CustomAnswerPlugin.audio-drawing.stories.jsx[2m > [22m[2mAudio Only Question
[22m[39m[Mock Data] Settings created: mock-settings-1790418727585 - notified 0 subscribers
[90mstdout[2m | src/components/Editor3/plugins/CustomAnswerPlugin.audio-drawing.stories.jsx[2m > [22m[2mAudio Only Question
[22m[39m[Mock Data] Unit.onUpdate() subscription added. Total: 1
[90mstdout[2m | src/components/Editor3/plugins/CustomAnswerPlugin.audio-drawing.stories.jsx[2m > [22m[2mAudio Only Question
[22m[39mCustomAnswerComponent.questionID audio-q1
[90mstdout[2m | src/components/Editor3/plugins/CustomAnswerPlugin.audio-drawing.stories.jsx[2m > [22m[2mAudio Only Question
[22m[39mCustomAnswerComponent.questionBank []
[90mstdout[2m | src/components/Editor3/plugins/CustomAnswerPlugin.audio-drawing.stories.jsx[2m > [22m[2mAudio Only Question
[22m[39mCustomAnswerComponent.question {}
[90mstdout[2m | src/components/Editor3/plugins/CustomAnswerPlugin.audio-drawing.stories.jsx[2m > [22m[2mAudio Only Question
[22m[39mCustomAnswerComponent.question {}
[90mstdout[2m | src/components/Editor3/plugins/CustomAnswerPlugin.audio-drawing.stories.jsx[2m > [22m[2mAudio Only Question
[22m[39mCustomAnswerComponent.prompt undefined
[90mstdout[2m | src/components/Editor3/plugins/CustomAnswerPlugin.audio-drawing.stories.jsx[2m > [22m[2mAudio Only Question
[22m[39mCustomAnswerComponent.feedback[questionID] undefined
[90mstdout[2m | src/components/Editor3/plugins/CustomAnswerPlugin.audio-drawing.stories.jsx[2m > [22m[2mAudio Only Question
[22m[39mCustomAnswerComponent.isCompleted undefined
[90mstdout[2m | src/components/Editor3/plugins/CustomAnswerPlugin.audio-drawing.stories.jsx[2m > [22m[2mAudio Only Question
[22m[39mCustomAnswerComponent.currentPromptMethod text
[90mstdout[2m | src/components/Editor3/plugins/CustomAnswerPlugin.audio-drawing.stories.jsx[2m > [22m[2mAudio Only Question
[22m[39mCustomAnswerComponent.displayPrompt undefined
[90mstdout[2m | src/components/Editor3/plugins/CustomAnswerPlugin.audio-drawing.stories.jsx[2m > [22m[2mAudio Only Question
[22m[39mCustomAnswerComponent.questionID audio-q2
[90mstdout[2m | src/components/Editor3/plugins/CustomAnswerPlugin.audio-drawing.stories.jsx[2m > [22m[2mAudio Only Question
[22m[39mCustomAnswerComponent.questionBank []
[90mstdout[2m | src/components/Editor3/plugins/CustomAnswerPlugin.audio-drawing.stories.jsx[2m > [22m[2mAudio Only Question
[22m[39mCustomAnswerComponent.question {}
[90mstdout[2m | src/components/Editor3/plugins/CustomAnswerPlugin.audio-drawing.stories.jsx[2m > [22m[2mAudio Only Question
[22m[39mCustomAnswerComponent.question {}
[90mstdout[2m | src/components/Editor3/plugins/CustomAnswerPlugin.audio-drawing.stories.jsx[2m > [22m[2mAudio Only Question
[22m[39mCustomAnswerComponent.prompt undefined
[90mstdout[2m | src/components/Editor3/plugins/CustomAnswerPlugin.audio-drawing.stories.jsx[2m > [22m[2mAudio Only Question
[22m[39mCustomAnswerComponent.feedback[questionID] undefined
[90mstdout[2m | src/components/Editor3/plugins/CustomAnswerPlugin.audio-drawing.stories.jsx[2m > [22m[2mAudio Only Question
[22m[39mCustomAnswerComponent.isCompleted undefined
[90mstdout[2m | src/components/Editor3/plugins/CustomAnswerPlugin.audio-drawing.stories.jsx[2m > [22m[2mAudio Only Question
[22m[39mCustomAnswerComponent.currentPromptMethod text
[90mstdout[2m | src/components/Editor3/plugins/CustomAnswerPlugin.audio-drawing.stories.jsx[2m > [22m[2mAudio Only Question
[22m[39mCustomAnswerComponent.displayPrompt undefined
[90mstdout[2m | src/components/Editor3/plugins/CustomAnswerPlugin.audio-drawing.stories.jsx[2m > [22m[2mAudio Only Question
[22m[39m[SectionContext] Section observeQuery update: 0
[90mstdout[2m | src/components/Editor3/plugins/CustomAnswerPlugin.audio-drawing.stories.jsx[2m > [22m[2mAudio Only Question
[22m[39m[FilesContext] File observeQuery update: 0 files
[90mstdout[2m | src/components/Editor3/plugins/CustomAnswerPlugin.audio-drawing.stories.jsx[2m > [22m[2mAudio Only Question
[22m[39m[ChatContext] AssistantChat initialized with 0 chats
[90mstdout[2m | src/components/Editor3/plugins/CustomAnswerPlugin.audio-drawing.stories.jsx[2m > [22m[2mAudio Only Question
[22m[39m[MOCK CourseVectorStore] Initialized with mock data
[90mstdout[2m | src/components/Editor3/plugins/CustomAnswerPlugin.audio-drawing.stories.jsx[2m > [22m[2mAudio Only Question
[22m[39mCustomAnswerComponent.questionID audio-q1
[90mstdout[2m | src/components/Editor3/plugins/CustomAnswerPlugin.audio-drawing.stories.jsx[2m > [22m[2mAudio Only Question
[22m[39mCustomAnswerComponent.questionBank {
  "audio-q1": {
    "answer": "bonjour",
    "id": "audio-q1",
    "prompt": "Say "Bonjour"",
    "type": "audio",
  },
  "audio-q2": {
    "answer": "merci",
    "id": "audio-q2",
    "prompt": "Say "Merci"",
    "type": "audio",
  },
}
[90mstdout[2m | src/components/Editor3/plugins/CustomAnswerPlugin.audio-drawing.stories.jsx[2m > [22m[2mAudio Only Question
[22m[39mCustomAnswerComponent.question {
  "answer": "bonjour",
  "id": "audio-q1",
  "prompt": "Say "Bonjour"",
  "type": "audio",
}
[90mstdout[2m | src/components/Editor3/plugins/CustomAnswerPlugin.audio-drawing.stories.jsx[2m > [22m[2mAudio Only Question
[22m[39mCustomAnswerComponent.question {
  "answer": "bonjour",
  "id": "audio-q1",
  "prompt": "Say "Bonjour"",
  "type": "audio",
}
[90mstdout[2m | src/components/Editor3/plugins/CustomAnswerPlugin.audio-drawing.stories.jsx[2m > [22m[2mAudio Only Question
[22m[39mCustomAnswerComponent.prompt Say "Bonjour"
[90mstdout[2m | src/components/Editor3/plugins/CustomAnswerPlugin.audio-drawing.stories.jsx[2m > [22m[2mAudio Only Question
[22m[39mCustomAnswerComponent.feedback[questionID] undefined
[90mstdout[2m | src/components/Editor3/plugins/CustomAnswerPlugin.audio-drawing.stories.jsx[2m > [22m[2mAudio Only Question
[22m[39mCustomAnswerComponent.isCompleted undefined
[90mstdout[2m | src/components/Editor3/plugins/CustomAnswerPlugin.audio-drawing.stories.jsx[2m > [22m[2mAudio Only Question
[22m[39mCustomAnswerComponent.currentPromptMethod text
[90mstdout[2m | src/components/Editor3/plugins/CustomAnswerPlugin.audio-drawing.stories.jsx[2m > [22m[2mAudio Only Question
[22m[39mCustomAnswerComponent.displayPrompt Say "Bonjour"
[90mstdout[2m | src/components/Editor3/plugins/CustomAnswerPlugin.audio-drawing.stories.jsx[2m > [22m[2mAudio Only Question
[22m[39mCustomAnswerComponent.questionID audio-q2
[90mstdout[2m | src/components/Editor3/plugins/CustomAnswerPlugin.audio-drawing.stories.jsx[2m > [22m[2mAudio Only Question
[22m[39mCustomAnswerComponent.questionBank {
  "audio-q1": {
    "answer": "bonjour",
    "id": "audio-q1",
    "prompt": "Say "Bonjour"",
    "type": "audio",
  },
  "audio-q2": {
    "answer": "merci",
    "id": "audio-q2",
    "prompt": "Say "Merci"",
    "type": "audio",
  },
}
[90mstdout[2m | src/components/Editor3/plugins/CustomAnswerPlugin.audio-drawing.stories.jsx[2m > [22m[2mAudio Only Question
[22m[39mCustomAnswerComponent.question {
  "answer": "merci",
  "id": "audio-q2",
  "prompt": "Say "Merci"",
  "type": "audio",
}
[90mstdout[2m | src/components/Editor3/plugins/CustomAnswerPlugin.audio-drawing.stories.jsx[2m > [22m[2mAudio Only Question
[22m[39mCustomAnswerComponent.question {
  "answer": "merci",
  "id": "audio-q2",
  "prompt": "Say "Merci"",
  "type": "audio",
}
[90mstdout[2m | src/components/Editor3/plugins/CustomAnswerPlugin.audio-drawing.stories.jsx[2m > [22m[2mAudio Only Question
[22m[39mCustomAnswerComponent.prompt Say "Merci"
[90mstdout[2m | src/components/Editor3/plugins/CustomAnswerPlugin.audio-drawing.stories.jsx[2m > [22m[2mAudio Only Question
[22m[39mCustomAnswerComponent.feedback[questionID] undefined
[90mstdout[2m | src/components/Editor3/plugins/CustomAnswerPlugin.audio-drawing.stories.jsx[2m > [22m[2mAudio Only Question
[22m[39mCustomAnswerComponent.isCompleted undefined
[90mstdout[2m | src/components/Editor3/plugins/CustomAnswerPlugin.audio-drawing.stories.jsx[2m > [22m[2mAudio Only Question
[22m[39mCustomAnswerComponent.currentPromptMethod text
[90mstdout[2m | src/components/Editor3/plugins/CustomAnswerPlugin.audio-drawing.stories.jsx[2m > [22m[2mAudio Only Question
[22m[39mCustomAnswerComponent.displayPrompt Say "Merci"
[90mstdout[2m | src/components/Editor3/plugins/CustomAnswerPlugin.audio-drawing.stories.jsx[2m > [22m[2mAudio Only Question
[22m[39m[ChatContext] No current chat available, will create one
[90mstdout[2m | src/components/Editor3/plugins/CustomAnswerPlugin.audio-drawing.stories.jsx[2m > [22m[2mAudio Only Question
[22m[39m[ChatContext] Creating AssistantChat with user: undefined
[90mstdout[2m | src/components/Editor3/plugins/CustomAnswerPlugin.audio-drawing.stories.jsx[2m > [22m[2mAudio Only Question
[22m[39m[Mock Data] AssistantChat created: mock-assistantchat-1790418727676 - notified 1 subscribers
[90mstdout[2m | src/components/Editor3/plugins/CustomAnswerPlugin.audio-drawing.stories.jsx[2m > [22m[2mAudio Only Question
[22m[39m[ChatContext] Create result: {
  "data": {
    "_version": 1,
    "archived": false,
    "chatFiles": [Function anonymous],
    "createdAt": "2026-09-26T10:32:07.676Z",
    "id": "mock-assistantchat-1790418727676",
    "model": "gpt-4",
    "updatedAt": "2026-09-26T10:32:07.676Z",
  },
  "errors": [],
  "hasData": true,
  "hasErrors": true,
}
[90mstdout[2m | src/components/Editor3/plugins/CustomAnswerPlugin.audio-drawing.stories.jsx[2m > [22m[2mAudio Only Question
[22m[39m[ChatContext] Created AssistantChat: mock-assistantchat-1790418727676 at: 2026-09-26T10:32:07.676Z
[90mstdout[2m | src/components/Editor3/plugins/CustomAnswerPlugin.audio-drawing.stories.jsx[2m > [22m[2mAudio Only Question
[22m[39m[Mock Storage] downloadData called with: undefined
[90mstdout[2m | src/components/Editor3/plugins/CustomAnswerPlugin.audio-drawing.stories.jsx[2m > [22m[2mAudio Only Question
[22m[39m[ChatContext] Setting initial chat: mock-assistantchat-1790418727676
[90mstdout[2m | src/components/Editor3/plugins/CustomAnswerPlugin.audio-drawing.stories.jsx[2m > [22m[2mAudio Only Question
[22m[39m[ChatContext] Chat exists and not archived, skipping creation
[90mstdout[2m | src/components/Editor3/plugins/CustomAnswerPlugin.audio-drawing.stories.jsx[2m > [22m[2mDrawing Only Question
[22m[39m[ChatContext] Cleaning up subscriptions
[90mstdout[2m | src/components/Editor3/plugins/CustomAnswerPlugin.audio-drawing.stories.jsx[2m > [22m[2mDrawing Only Question
[22m[39m[Mock Data] Unit.onUpdate() subscription removed. Remaining: 0
[90mstdout[2m | src/components/Editor3/plugins/CustomAnswerPlugin.audio-drawing.stories.jsx[2m > [22m[2mDrawing Only Question
[22m[39m[Preview] Skipped initializing default mock data (initializeMockData=false)
[90mstdout[2m | src/components/Editor3/plugins/CustomAnswerPlugin.audio-drawing.stories.jsx[2m > [22m[2mDrawing Only Question
[22m[39m[MOCK CourseVectorStore] Initialized with mock data
[90mstdout[2m | src/components/Editor3/plugins/CustomAnswerPlugin.audio-drawing.stories.jsx[2m > [22m[2mDrawing Only Question
[22m[39m[Mock Data] seedMockUnit: Adding unit mock-unit-id
[90mstdout[2m | src/components/Editor3/plugins/CustomAnswerPlugin.audio-drawing.stories.jsx[2m > [22m[2mDrawing Only Question
[22m[39m[Mock Data] seedMockQuestions: Adding 2 questions
[90mstdout[2m | src/components/Editor3/plugins/CustomAnswerPlugin.audio-drawing.stories.jsx[2m > [22m[2mDrawing Only Question
[22m[39m[TranslationModeController] Setting mode to: off
[90mstdout[2m | src/components/Editor3/plugins/CustomAnswerPlugin.audio-drawing.stories.jsx[2m > [22m[2mDrawing Only Question
[22m[39m[UnitContext] useEffect triggered {
  "authLoading": false,
  "hasUser": true,
  "id": "mock-unit-id",
  "userSub": "mock-user-sub",
}
[90mstdout[2m | src/components/Editor3/plugins/CustomAnswerPlugin.audio-drawing.stories.jsx[2m > [22m[2mDrawing Only Question
[22m[39m[UnitContext] Fetching unit data for id: mock-unit-id
[90mstdout[2m | src/components/Editor3/plugins/CustomAnswerPlugin.audio-drawing.stories.jsx[2m > [22m[2mDrawing Only Question
[22m[39m[FilesContext] Initializing vector store from IndexedDB
[90mstdout[2m | src/components/Editor3/plugins/CustomAnswerPlugin.audio-drawing.stories.jsx[2m > [22m[2mDrawing Only Question
[22m[39m[FilesContext] fetchFiles called
[90mstdout[2m | src/components/Editor3/plugins/CustomAnswerPlugin.audio-drawing.stories.jsx[2m > [22m[2mDrawing Only Question
[22m[39m[FilesContext] User authenticated: mock-user-sub
[90mstdout[2m | src/components/Editor3/plugins/CustomAnswerPlugin.audio-drawing.stories.jsx[2m > [22m[2mDrawing Only Question
[22m[39m[FilesContext] Identity ID: us-east-1:mock-identity-123
[90mstdout[2m | src/components/Editor3/plugins/CustomAnswerPlugin.audio-drawing.stories.jsx[2m > [22m[2mDrawing Only Question
[22m[39m[FilesContext] About to set up File observeQuery
[90mstdout[2m | src/components/Editor3/plugins/CustomAnswerPlugin.audio-drawing.stories.jsx[2m > [22m[2mDrawing Only Question
[22m[39m[ChatContext] Setting up AssistantChat observeQuery
[90mstdout[2m | src/components/Editor3/plugins/CustomAnswerPlugin.audio-drawing.stories.jsx[2m > [22m[2mDrawing Only Question
[22m[39m[ChatContext] Waiting for subscription to initialize
[90mstdout[2m | src/components/Editor3/plugins/CustomAnswerPlugin.audio-drawing.stories.jsx[2m > [22m[2mDrawing Only Question
[22m[39m[SettingsContext] Setting up Settings subscription for user: mock-user-sub
[90mstdout[2m | src/components/Editor3/plugins/CustomAnswerPlugin.audio-drawing.stories.jsx[2m > [22m[2mDrawing Only Question
[22m[39mCustomAnswerComponent.questionID drawing-q1
[90mstdout[2m | src/components/Editor3/plugins/CustomAnswerPlugin.audio-drawing.stories.jsx[2m > [22m[2mDrawing Only Question
[22m[39mCustomAnswerComponent.questionBank []
[90mstdout[2m | src/components/Editor3/plugins/CustomAnswerPlugin.audio-drawing.stories.jsx[2m > [22m[2mDrawing Only Question
[22m[39mCustomAnswerComponent.question {}
[90mstdout[2m | src/components/Editor3/plugins/CustomAnswerPlugin.audio-drawing.stories.jsx[2m > [22m[2mDrawing Only Question
[22m[39mCustomAnswerComponent.question {}
[90mstdout[2m | src/components/Editor3/plugins/CustomAnswerPlugin.audio-drawing.stories.jsx[2m > [22m[2mDrawing Only Question
[22m[39mCustomAnswerComponent.prompt undefined
[90mstdout[2m | src/components/Editor3/plugins/CustomAnswerPlugin.audio-drawing.stories.jsx[2m > [22m[2mDrawing Only Question
[22m[39mCustomAnswerComponent.feedback[questionID] undefined
[90mstdout[2m | src/components/Editor3/plugins/CustomAnswerPlugin.audio-drawing.stories.jsx[2m > [22m[2mDrawing Only Question
[22m[39mCustomAnswerComponent.isCompleted undefined
[90mstdout[2m | src/components/Editor3/plugins/CustomAnswerPlugin.audio-drawing.stories.jsx[2m > [22m[2mDrawing Only Question
[22m[39mCustomAnswerComponent.currentPromptMethod text
[90mstdout[2m | src/components/Editor3/plugins/CustomAnswerPlugin.audio-drawing.stories.jsx[2m > [22m[2mDrawing Only Question
[22m[39mCustomAnswerComponent.displayPrompt undefined
[90mstdout[2m | src/components/Editor3/plugins/CustomAnswerPlugin.audio-drawing.stories.jsx[2m > [22m[2mDrawing Only Question
[22m[39mCustomAnswerComponent.questionID drawing-q2
[90mstdout[2m | src/components/Editor3/plugins/CustomAnswerPlugin.audio-drawing.stories.jsx[2m > [22m[2mDrawing Only Question
[22m[39mCustomAnswerComponent.questionBank []
[90mstdout[2m | src/components/Editor3/plugins/CustomAnswerPlugin.audio-drawing.stories.jsx[2m > [22m[2mDrawing Only Question
[22m[39mCustomAnswerComponent.question {}
[90mstdout[2m | src/components/Editor3/plugins/CustomAnswerPlugin.audio-drawing.stories.jsx[2m > [22m[2mDrawing Only Question
[22m[39mCustomAnswerComponent.question {}
[90mstdout[2m | src/components/Editor3/plugins/CustomAnswerPlugin.audio-drawing.stories.jsx[2m > [22m[2mDrawing Only Question
[22m[39mCustomAnswerComponent.prompt undefined
[90mstdout[2m | src/components/Editor3/plugins/CustomAnswerPlugin.audio-drawing.stories.jsx[2m > [22m[2mDrawing Only Question
[22m[39mCustomAnswerComponent.feedback[questionID] undefined
[90mstdout[2m | src/components/Editor3/plugins/CustomAnswerPlugin.audio-drawing.stories.jsx[2m > [22m[2mDrawing Only Question
[22m[39mCustomAnswerComponent.isCompleted undefined
[90mstdout[2m | src/components/Editor3/plugins/CustomAnswerPlugin.audio-drawing.stories.jsx[2m > [22m[2mDrawing Only Question
[22m[39mCustomAnswerComponent.currentPromptMethod text
[90mstdout[2m | src/components/Editor3/plugins/CustomAnswerPlugin.audio-drawing.stories.jsx[2m > [22m[2mDrawing Only Question
[22m[39mCustomAnswerComponent.displayPrompt undefined
[90mstdout[2m | src/components/Editor3/plugins/CustomAnswerPlugin.audio-drawing.stories.jsx[2m > [22m[2mDrawing Only Question
[22m[39mallowedInput [
  "writing",
]
[90mstdout[2m | src/components/Editor3/plugins/CustomAnswerPlugin.audio-drawing.stories.jsx[2m > [22m[2mDrawing Only Question
[22m[39mpromptMethod [
  "text",
]
[90mstdout[2m | src/components/Editor3/plugins/CustomAnswerPlugin.audio-drawing.stories.jsx[2m > [22m[2mDrawing Only Question
[22m[39mAnswerComponent.currentPromptMethod text
[90mstdout[2m | src/components/Editor3/plugins/CustomAnswerPlugin.audio-drawing.stories.jsx[2m > [22m[2mDrawing Only Question
[22m[39mAnswerComponent.promptMethod [
  "text",
]
[90mstdout[2m | src/components/Editor3/plugins/CustomAnswerPlugin.audio-drawing.stories.jsx[2m > [22m[2mDrawing Only Question
[22m[39mallowedInput [
  "writing",
]
[90mstdout[2m | src/components/Editor3/plugins/CustomAnswerPlugin.audio-drawing.stories.jsx[2m > [22m[2mDrawing Only Question
[22m[39mpromptMethod [
  "text",
]
[90mstdout[2m | src/components/Editor3/plugins/CustomAnswerPlugin.audio-drawing.stories.jsx[2m > [22m[2mDrawing Only Question
[22m[39mAnswerComponent.currentPromptMethod text
[90mstdout[2m | src/components/Editor3/plugins/CustomAnswerPlugin.audio-drawing.stories.jsx[2m > [22m[2mDrawing Only Question
[22m[39m[Mock Data] Settings created: mock-settings-1790418727886 - notified 0 subscribers
[90mstdout[2m | src/components/Editor3/plugins/CustomAnswerPlugin.audio-drawing.stories.jsx[2m > [22m[2mDrawing Only Question
[22m[39m[Mock Data] Unit.onUpdate() subscription added. Total: 1
[90mstdout[2m | src/components/Editor3/plugins/CustomAnswerPlugin.audio-drawing.stories.jsx[2m > [22m[2mDrawing Only Question
[22m[39mCustomAnswerComponent.questionID drawing-q1
[90mstdout[2m | src/components/Editor3/plugins/CustomAnswerPlugin.audio-drawing.stories.jsx[2m > [22m[2mDrawing Only Question
[22m[39mCustomAnswerComponent.questionBank []
[90mstdout[2m | src/components/Editor3/plugins/CustomAnswerPlugin.audio-drawing.stories.jsx[2m > [22m[2mDrawing Only Question
[22m[39mCustomAnswerComponent.question {}
[90mstdout[2m | src/components/Editor3/plugins/CustomAnswerPlugin.audio-drawing.stories.jsx[2m > [22m[2mDrawing Only Question
[22m[39mCustomAnswerComponent.question {}
[90mstdout[2m | src/components/Editor3/plugins/CustomAnswerPlugin.audio-drawing.stories.jsx[2m > [22m[2mDrawing Only Question
[22m[39mCustomAnswerComponent.prompt undefined
[90mstdout[2m | src/components/Editor3/plugins/CustomAnswerPlugin.audio-drawing.stories.jsx[2m > [22m[2mDrawing Only Question
[22m[39mCustomAnswerComponent.feedback[questionID] undefined
[90mstdout[2m | src/components/Editor3/plugins/CustomAnswerPlugin.audio-drawing.stories.jsx[2m > [22m[2mDrawing Only Question
[22m[39mCustomAnswerComponent.isCompleted undefined
[90mstdout[2m | src/components/Editor3/plugins/CustomAnswerPlugin.audio-drawing.stories.jsx[2m > [22m[2mDrawing Only Question
[22m[39mCustomAnswerComponent.currentPromptMethod text
[90mstdout[2m | src/components/Editor3/plugins/CustomAnswerPlugin.audio-drawing.stories.jsx[2m > [22m[2mDrawing Only Question
[22m[39mCustomAnswerComponent.displayPrompt undefined
[90mstdout[2m | src/components/Editor3/plugins/CustomAnswerPlugin.audio-drawing.stories.jsx[2m > [22m[2mDrawing Only Question
[22m[39mCustomAnswerComponent.questionID drawing-q2
[90mstdout[2m | src/components/Editor3/plugins/CustomAnswerPlugin.audio-drawing.stories.jsx[2m > [22m[2mDrawing Only Question
[22m[39mCustomAnswerComponent.questionBank []
[90mstdout[2m | src/components/Editor3/plugins/CustomAnswerPlugin.audio-drawing.stories.jsx[2m > [22m[2mDrawing Only Question
[22m[39mCustomAnswerComponent.question {}
[90mstdout[2m | src/components/Editor3/plugins/CustomAnswerPlugin.audio-drawing.stories.jsx[2m > [22m[2mDrawing Only Question
[22m[39mCustomAnswerComponent.question {}
[90mstdout[2m | src/components/Editor3/plugins/CustomAnswerPlugin.audio-drawing.stories.jsx[2m > [22m[2mDrawing Only Question
[22m[39mCustomAnswerComponent.prompt undefined
[90mstdout[2m | src/components/Editor3/plugins/CustomAnswerPlugin.audio-drawing.stories.jsx[2m > [22m[2mDrawing Only Question
[22m[39mCustomAnswerComponent.feedback[questionID] undefined
[90mstdout[2m | src/components/Editor3/plugins/CustomAnswerPlugin.audio-drawing.stories.jsx[2m > [22m[2mDrawing Only Question
[22m[39mCustomAnswerComponent.isCompleted undefined
[90mstdout[2m | src/components/Editor3/plugins/CustomAnswerPlugin.audio-drawing.stories.jsx[2m > [22m[2mDrawing Only Question
[22m[39mCustomAnswerComponent.currentPromptMethod text
[90mstdout[2m | src/components/Editor3/plugins/CustomAnswerPlugin.audio-drawing.stories.jsx[2m > [22m[2mDrawing Only Question
[22m[39mCustomAnswerComponent.displayPrompt undefined
[90mstdout[2m | src/components/Editor3/plugins/CustomAnswerPlugin.audio-drawing.stories.jsx[2m > [22m[2mDrawing Only Question
[22m[39m[SectionContext] Section observeQuery update: 0
[90mstdout[2m | src/components/Editor3/plugins/CustomAnswerPlugin.audio-drawing.stories.jsx[2m > [22m[2mDrawing Only Question
[22m[39m[FilesContext] File observeQuery update: 0 files
[90mstdout[2m | src/components/Editor3/plugins/CustomAnswerPlugin.audio-drawing.stories.jsx[2m > [22m[2mDrawing Only Question
[22m[39m[ChatContext] AssistantChat initialized with 0 chats
[90mstdout[2m | src/components/Editor3/plugins/CustomAnswerPlugin.audio-drawing.stories.jsx[2m > [22m[2mDrawing Only Question
[22m[39m[MOCK CourseVectorStore] Initialized with mock data
[90mstdout[2m | src/components/Editor3/plugins/CustomAnswerPlugin.audio-drawing.stories.jsx[2m > [22m[2mDrawing Only Question
[22m[39mCustomAnswerComponent.questionID drawing-q1
[90mstdout[2m | src/components/Editor3/plugins/CustomAnswerPlugin.audio-drawing.stories.jsx[2m > [22m[2mDrawing Only Question
[22m[39mCustomAnswerComponent.questionBank {
  "drawing-q1": {
    "answer": "A house with roof, walls, door, and windows",
    "id": "drawing-q1",
    "prompt": "Draw a house",
    "type": "drawing",
  },
  "drawing-q2": {
    "answer": "A tree with trunk and branches",
    "id": "drawing-q2",
    "prompt": "Draw a tree",
    "type": "drawing",
  },
}
[90mstdout[2m | src/components/Editor3/plugins/CustomAnswerPlugin.audio-drawing.stories.jsx[2m > [22m[2mDrawing Only Question
[22m[39mCustomAnswerComponent.question {
  "answer": "A house with roof, walls, door, and windows",
  "id": "drawing-q1",
  "prompt": "Draw a house",
  "type": "drawing",
}
[90mstdout[2m | src/components/Editor3/plugins/CustomAnswerPlugin.audio-drawing.stories.jsx[2m > [22m[2mDrawing Only Question
[22m[39mCustomAnswerComponent.question {
  "answer": "A house with roof, walls, door, and windows",
  "id": "drawing-q1",
  "prompt": "Draw a house",
  "type": "drawing",
}
[90mstdout[2m | src/components/Editor3/plugins/CustomAnswerPlugin.audio-drawing.stories.jsx[2m > [22m[2mDrawing Only Question
[22m[39mCustomAnswerComponent.prompt Draw a house
[90mstdout[2m | src/components/Editor3/plugins/CustomAnswerPlugin.audio-drawing.stories.jsx[2m > [22m[2mDrawing Only Question
[22m[39mCustomAnswerComponent.feedback[questionID] undefined
[90mstdout[2m | src/components/Editor3/plugins/CustomAnswerPlugin.audio-drawing.stories.jsx[2m > [22m[2mDrawing Only Question
[22m[39mCustomAnswerComponent.isCompleted undefined
[90mstdout[2m | src/components/Editor3/plugins/CustomAnswerPlugin.audio-drawing.stories.jsx[2m > [22m[2mDrawing Only Question
[22m[39mCustomAnswerComponent.currentPromptMethod text
[90mstdout[2m | src/components/Editor3/plugins/CustomAnswerPlugin.audio-drawing.stories.jsx[2m > [22m[2mDrawing Only Question
[22m[39mCustomAnswerComponent.displayPrompt Draw a house
[90mstdout[2m | src/components/Editor3/plugins/CustomAnswerPlugin.audio-drawing.stories.jsx[2m > [22m[2mDrawing Only Question
[22m[39mCustomAnswerComponent.questionID drawing-q2
[90mstdout[2m | src/components/Editor3/plugins/CustomAnswerPlugin.audio-drawing.stories.jsx[2m > [22m[2mDrawing Only Question
[22m[39mCustomAnswerComponent.questionBank {
  "drawing-q1": {
    "answer": "A house with roof, walls, door, and windows",
    "id": "drawing-q1",
    "prompt": "Draw a house",
    "type": "drawing",
  },
  "drawing-q2": {
    "answer": "A tree with trunk and branches",
    "id": "drawing-q2",
    "prompt": "Draw a tree",
    "type": "drawing",
  },
}
[90mstdout[2m | src/components/Editor3/plugins/CustomAnswerPlugin.audio-drawing.stories.jsx[2m > [22m[2mDrawing Only Question
[22m[39mCustomAnswerComponent.question {
  "answer": "A tree with trunk and branches",
  "id": "drawing-q2",
  "prompt": "Draw a tree",
  "type": "drawing",
}
[90mstdout[2m | src/components/Editor3/plugins/CustomAnswerPlugin.audio-drawing.stories.jsx[2m > [22m[2mDrawing Only Question
[22m[39mCustomAnswerComponent.question {
  "answer": "A tree with trunk and branches",
  "id": "drawing-q2",
  "prompt": "Draw a tree",
  "type": "drawing",
}
[90mstdout[2m | src/components/Editor3/plugins/CustomAnswerPlugin.audio-drawing.stories.jsx[2m > [22m[2mDrawing Only Question
[22m[39mCustomAnswerComponent.prompt Draw a tree
[90mstdout[2m | src/components/Editor3/plugins/CustomAnswerPlugin.audio-drawing.stories.jsx[2m > [22m[2mDrawing Only Question
[22m[39mCustomAnswerComponent.feedback[questionID] undefined
[90mstdout[2m | src/components/Editor3/plugins/CustomAnswerPlugin.audio-drawing.stories.jsx[2m > [22m[2mDrawing Only Question
[22m[39mCustomAnswerComponent.isCompleted undefined
[90mstdout[2m | src/components/Editor3/plugins/CustomAnswerPlugin.audio-drawing.stories.jsx[2m > [22m[2mDrawing Only Question
[22m[39mCustomAnswerComponent.currentPromptMethod text
[90mstdout[2m | src/components/Editor3/plugins/CustomAnswerPlugin.audio-drawing.stories.jsx[2m > [22m[2mDrawing Only Question
[22m[39mCustomAnswerComponent.displayPrompt Draw a tree
[90mstdout[2m | src/components/Editor3/plugins/CustomAnswerPlugin.audio-drawing.stories.jsx[2m > [22m[2mDrawing Only Question
[22m[39m[ChatContext] No current chat available, will create one
[90mstdout[2m | src/components/Editor3/plugins/CustomAnswerPlugin.audio-drawing.stories.jsx[2m > [22m[2mDrawing Only Question
[22m[39m[ChatContext] Creating AssistantChat with user: undefined
[90mstdout[2m | src/components/Editor3/plugins/CustomAnswerPlugin.audio-drawing.stories.jsx[2m > [22m[2mDrawing Only Question
[22m[39m[Mock Data] AssistantChat created: mock-assistantchat-1790418727923 - notified 1 subscribers
[90mstdout[2m | src/components/Editor3/plugins/CustomAnswerPlugin.audio-drawing.stories.jsx[2m > [22m[2mDrawing Only Question
[22m[39m[ChatContext] Create result: {
  "data": {
    "_version": 1,
    "archived": false,
    "chatFiles": [Function anonymous],
    "createdAt": "2026-09-26T10:32:07.923Z",
    "id": "mock-assistantchat-1790418727923",
    "model": "gpt-4",
    "updatedAt": "2026-09-26T10:32:07.923Z",
  },
  "errors": [],
  "hasData": true,
  "hasErrors": true,
}
[90mstdout[2m | src/components/Editor3/plugins/CustomAnswerPlugin.audio-drawing.stories.jsx[2m > [22m[2mDrawing Only Question
[22m[39m[ChatContext] Created AssistantChat: mock-assistantchat-1790418727923 at: 2026-09-26T10:32:07.923Z
[90mstdout[2m | src/components/Editor3/plugins/CustomAnswerPlugin.audio-drawing.stories.jsx[2m > [22m[2mDrawing Only Question
[22m[39m[Mock Storage] downloadData called with: undefined
[90mstdout[2m | src/components/Editor3/plugins/CustomAnswerPlugin.audio-drawing.stories.jsx[2m > [22m[2mDrawing Only Question
[22m[39m[ChatContext] Setting initial chat: mock-assistantchat-1790418727923
[90mstdout[2m | src/components/Editor3/plugins/CustomAnswerPlugin.audio-drawing.stories.jsx[2m > [22m[2mDrawing Only Question
[22m[39m[ChatContext] Chat exists and not archived, skipping creation
[90mstdout[2m | src/components/Editor3/plugins/CustomAnswerPlugin.audio-drawing.stories.jsx[2m > [22m[2mDrawing Only Question
[22m[39mfilterWords {
  "filter": "",
  "wordsCount": 0,
}
[90mstdout[2m | src/components/Editor3/plugins/CustomAnswerPlugin.audio-drawing.stories.jsx[2m > [22m[2mMulti Modal Question
[22m[39m[ChatContext] Cleaning up subscriptions
[90mstdout[2m | src/components/Editor3/plugins/CustomAnswerPlugin.audio-drawing.stories.jsx[2m > [22m[2mMulti Modal Question
[22m[39m[Mock Data] Unit.onUpdate() subscription removed. Remaining: 0
[90mstdout[2m | src/components/Editor3/plugins/CustomAnswerPlugin.audio-drawing.stories.jsx[2m > [22m[2mMulti Modal Question
[22m[39m[Preview] Skipped initializing default mock data (initializeMockData=false)
[90mstdout[2m | src/components/Editor3/plugins/CustomAnswerPlugin.audio-drawing.stories.jsx[2m > [22m[2mMulti Modal Question
[22m[39m[MOCK CourseVectorStore] Initialized with mock data
[90mstdout[2m | src/components/Editor3/plugins/CustomAnswerPlugin.audio-drawing.stories.jsx[2m > [22m[2mMulti Modal Question
[22m[39m[Mock Data] seedMockUnit: Adding unit mock-unit-id
[90mstdout[2m | src/components/Editor3/plugins/CustomAnswerPlugin.audio-drawing.stories.jsx[2m > [22m[2mMulti Modal Question
[22m[39m[Mock Data] seedMockQuestions: Adding 1 questions
[90mstdout[2m | src/components/Editor3/plugins/CustomAnswerPlugin.audio-drawing.stories.jsx[2m > [22m[2mMulti Modal Question
[22m[39m[TranslationModeController] Setting mode to: off
[90mstdout[2m | src/components/Editor3/plugins/CustomAnswerPlugin.audio-drawing.stories.jsx[2m > [22m[2mMulti Modal Question
[22m[39m[UnitContext] useEffect triggered {
  "authLoading": false,
  "hasUser": true,
  "id": "mock-unit-id",
  "userSub": "mock-user-sub",
}
[90mstdout[2m | src/components/Editor3/plugins/CustomAnswerPlugin.audio-drawing.stories.jsx[2m > [22m[2mMulti Modal Question
[22m[39m[UnitContext] Fetching unit data for id: mock-unit-id
[90mstdout[2m | src/components/Editor3/plugins/CustomAnswerPlugin.audio-drawing.stories.jsx[2m > [22m[2mMulti Modal Question
[22m[39m[FilesContext] Initializing vector store from IndexedDB
[90mstdout[2m | src/components/Editor3/plugins/CustomAnswerPlugin.audio-drawing.stories.jsx[2m > [22m[2mMulti Modal Question
[22m[39m[FilesContext] fetchFiles called
[90mstdout[2m | src/components/Editor3/plugins/CustomAnswerPlugin.audio-drawing.stories.jsx[2m > [22m[2mMulti Modal Question
[22m[39m[FilesContext] User authenticated: mock-user-sub
[90mstdout[2m | src/components/Editor3/plugins/CustomAnswerPlugin.audio-drawing.stories.jsx[2m > [22m[2mMulti Modal Question
[22m[39m[FilesContext] Identity ID: us-east-1:mock-identity-123
[90mstdout[2m | src/components/Editor3/plugins/CustomAnswerPlugin.audio-drawing.stories.jsx[2m > [22m[2mMulti Modal Question
[22m[39m[FilesContext] About to set up File observeQuery
[90mstdout[2m | src/components/Editor3/plugins/CustomAnswerPlugin.audio-drawing.stories.jsx[2m > [22m[2mMulti Modal Question
[22m[39m[ChatContext] Setting up AssistantChat observeQuery
[90mstdout[2m | src/components/Editor3/plugins/CustomAnswerPlugin.audio-drawing.stories.jsx[2m > [22m[2mMulti Modal Question
[22m[39m[ChatContext] Waiting for subscription to initialize
[90mstdout[2m | src/components/Editor3/plugins/CustomAnswerPlugin.audio-drawing.stories.jsx[2m > [22m[2mMulti Modal Question
[22m[39m[SettingsContext] Setting up Settings subscription for user: mock-user-sub
[90mstdout[2m | src/components/Editor3/plugins/CustomAnswerPlugin.audio-drawing.stories.jsx[2m > [22m[2mMulti Modal Question
[22m[39mCustomAnswerComponent.questionID multi-q1
[90mstdout[2m | src/components/Editor3/plugins/CustomAnswerPlugin.audio-drawing.stories.jsx[2m > [22m[2mMulti Modal Question
[22m[39mCustomAnswerComponent.questionBank []
[90mstdout[2m | src/components/Editor3/plugins/CustomAnswerPlugin.audio-drawing.stories.jsx[2m > [22m[2mMulti Modal Question
[22m[39mCustomAnswerComponent.question {}
[90mstdout[2m | src/components/Editor3/plugins/CustomAnswerPlugin.audio-drawing.stories.jsx[2m > [22m[2mMulti Modal Question
[22m[39mCustomAnswerComponent.question {}
[90mstdout[2m | src/components/Editor3/plugins/CustomAnswerPlugin.audio-drawing.stories.jsx[2m > [22m[2mMulti Modal Question
[22m[39mCustomAnswerComponent.prompt undefined
[90mstdout[2m | src/components/Editor3/plugins/CustomAnswerPlugin.audio-drawing.stories.jsx[2m > [22m[2mMulti Modal Question
[22m[39mCustomAnswerComponent.feedback[questionID] undefined
[90mstdout[2m | src/components/Editor3/plugins/CustomAnswerPlugin.audio-drawing.stories.jsx[2m > [22m[2mMulti Modal Question
[22m[39mCustomAnswerComponent.isCompleted undefined
[90mstdout[2m | src/components/Editor3/plugins/CustomAnswerPlugin.audio-drawing.stories.jsx[2m > [22m[2mMulti Modal Question
[22m[39mCustomAnswerComponent.currentPromptMethod text
[90mstdout[2m | src/components/Editor3/plugins/CustomAnswerPlugin.audio-drawing.stories.jsx[2m > [22m[2mMulti Modal Question
[22m[39mCustomAnswerComponent.displayPrompt undefined
[90mstdout[2m | src/components/Editor3/plugins/CustomAnswerPlugin.audio-drawing.stories.jsx[2m > [22m[2mMulti Modal Question
[22m[39mallowedInput [
  "text",
  "audio",
  "writing",
]
[90mstdout[2m | src/components/Editor3/plugins/CustomAnswerPlugin.audio-drawing.stories.jsx[2m > [22m[2mMulti Modal Question
[22m[39mpromptMethod [
  "text",
]
[90mstdout[2m | src/components/Editor3/plugins/CustomAnswerPlugin.audio-drawing.stories.jsx[2m > [22m[2mMulti Modal Question
[22m[39mAnswerComponent.currentPromptMethod text
[90mstdout[2m | src/components/Editor3/plugins/CustomAnswerPlugin.audio-drawing.stories.jsx[2m > [22m[2mMulti Modal Question
[22m[39mAnswerComponent.promptMethod [
  "text",
]
[90mstdout[2m | src/components/Editor3/plugins/CustomAnswerPlugin.audio-drawing.stories.jsx[2m > [22m[2mMulti Modal Question
[22m[39mallowedInput [
  "text",
  "audio",
  "writing",
]
[90mstdout[2m | src/components/Editor3/plugins/CustomAnswerPlugin.audio-drawing.stories.jsx[2m > [22m[2mMulti Modal Question
[22m[39mpromptMethod [
  "text",
]
[90mstdout[2m | src/components/Editor3/plugins/CustomAnswerPlugin.audio-drawing.stories.jsx[2m > [22m[2mMulti Modal Question
[22m[39mAnswerComponent.currentPromptMethod text
[90mstdout[2m | src/components/Editor3/plugins/CustomAnswerPlugin.audio-drawing.stories.jsx[2m > [22m[2mMulti Modal Question
[22m[39m[Mock Data] Settings created: mock-settings-1790418728132 - notified 0 subscribers
[90mstdout[2m | src/components/Editor3/plugins/CustomAnswerPlugin.audio-drawing.stories.jsx[2m > [22m[2mMulti Modal Question
[22m[39m[Mock Data] Unit.onUpdate() subscription added. Total: 1
[90mstdout[2m | src/components/Editor3/plugins/CustomAnswerPlugin.audio-drawing.stories.jsx[2m > [22m[2mMulti Modal Question
[22m[39mCustomAnswerComponent.questionID multi-q1
[90mstdout[2m | src/components/Editor3/plugins/CustomAnswerPlugin.audio-drawing.stories.jsx[2m > [22m[2mMulti Modal Question
[22m[39mCustomAnswerComponent.questionBank []
[90mstdout[2m | src/components/Editor3/plugins/CustomAnswerPlugin.audio-drawing.stories.jsx[2m > [22m[2mMulti Modal Question
[22m[39mCustomAnswerComponent.question {}
[90mstdout[2m | src/components/Editor3/plugins/CustomAnswerPlugin.audio-drawing.stories.jsx[2m > [22m[2mMulti Modal Question
[22m[39mCustomAnswerComponent.question {}
[90mstdout[2m | src/components/Editor3/plugins/CustomAnswerPlugin.audio-drawing.stories.jsx[2m > [22m[2mMulti Modal Question
[22m[39mCustomAnswerComponent.prompt undefined
[90mstdout[2m | src/components/Editor3/plugins/CustomAnswerPlugin.audio-drawing.stories.jsx[2m > [22m[2mMulti Modal Question
[22m[39mCustomAnswerComponent.feedback[questionID] undefined
[90mstdout[2m | src/components/Editor3/plugins/CustomAnswerPlugin.audio-drawing.stories.jsx[2m > [22m[2mMulti Modal Question
[22m[39mCustomAnswerComponent.isCompleted undefined
[90mstdout[2m | src/components/Editor3/plugins/CustomAnswerPlugin.audio-drawing.stories.jsx[2m > [22m[2mMulti Modal Question
[22m[39mCustomAnswerComponent.currentPromptMethod text
[90mstdout[2m | src/components/Editor3/plugins/CustomAnswerPlugin.audio-drawing.stories.jsx[2m > [22m[2mMulti Modal Question
[22m[39mCustomAnswerComponent.displayPrompt undefined
[90mstdout[2m | src/components/Editor3/plugins/CustomAnswerPlugin.audio-drawing.stories.jsx[2m > [22m[2mMulti Modal Question
[22m[39m[SectionContext] Section observeQuery update: 0
[90mstdout[2m | src/components/Editor3/plugins/CustomAnswerPlugin.audio-drawing.stories.jsx[2m > [22m[2mMulti Modal Question
[22m[39m[FilesContext] File observeQuery update: 0 files
[90mstdout[2m | src/components/Editor3/plugins/CustomAnswerPlugin.audio-drawing.stories.jsx[2m > [22m[2mMulti Modal Question
[22m[39m[ChatContext] AssistantChat initialized with 0 chats
[90mstdout[2m | src/components/Editor3/plugins/CustomAnswerPlugin.audio-drawing.stories.jsx[2m > [22m[2mMulti Modal Question
[22m[39m[MOCK CourseVectorStore] Initialized with mock data
[90mstdout[2m | src/components/Editor3/plugins/CustomAnswerPlugin.audio-drawing.stories.jsx[2m > [22m[2mMulti Modal Question
[22m[39mCustomAnswerComponent.questionID multi-q1
[90mstdout[2m | src/components/Editor3/plugins/CustomAnswerPlugin.audio-drawing.stories.jsx[2m > [22m[2mMulti Modal Question
[22m[39mCustomAnswerComponent.questionBank {
  "multi-q1": {
    "answer": "The process by which plants convert light energy into chemical energy",
    "id": "multi-q1",
    "prompt": "Explain photosynthesis",
    "type": "multi",
  },
}
[90mstdout[2m | src/components/Editor3/plugins/CustomAnswerPlugin.audio-drawing.stories.jsx[2m > [22m[2mMulti Modal Question
[22m[39mCustomAnswerComponent.question {
  "answer": "The process by which plants convert light energy into chemical energy",
  "id": "multi-q1",
  "prompt": "Explain photosynthesis",
  "type": "multi",
}
[90mstdout[2m | src/components/Editor3/plugins/CustomAnswerPlugin.audio-drawing.stories.jsx[2m > [22m[2mMulti Modal Question
[22m[39mCustomAnswerComponent.question {
  "answer": "The process by which plants convert light energy into chemical energy",
  "id": "multi-q1",
  "prompt": "Explain photosynthesis",
  "type": "multi",
}
[90mstdout[2m | src/components/Editor3/plugins/CustomAnswerPlugin.audio-drawing.stories.jsx[2m > [22m[2mMulti Modal Question
[22m[39mCustomAnswerComponent.prompt Explain photosynthesis
[90mstdout[2m | src/components/Editor3/plugins/CustomAnswerPlugin.audio-drawing.stories.jsx[2m > [22m[2mMulti Modal Question
[22m[39mCustomAnswerComponent.feedback[questionID] undefined
[90mstdout[2m | src/components/Editor3/plugins/CustomAnswerPlugin.audio-drawing.stories.jsx[2m > [22m[2mMulti Modal Question
[22m[39mCustomAnswerComponent.isCompleted undefined
[90mstdout[2m | src/components/Editor3/plugins/CustomAnswerPlugin.audio-drawing.stories.jsx[2m > [22m[2mMulti Modal Question
[22m[39mCustomAnswerComponent.currentPromptMethod text
[90mstdout[2m | src/components/Editor3/plugins/CustomAnswerPlugin.audio-drawing.stories.jsx[2m > [22m[2mMulti Modal Question
[22m[39mCustomAnswerComponent.displayPrompt Explain photosynthesis
[90mstdout[2m | src/components/Editor3/plugins/CustomAnswerPlugin.audio-drawing.stories.jsx[2m > [22m[2mMulti Modal Question
[22m[39m[ChatContext] No current chat available, will create one
[90mstdout[2m | src/components/Editor3/plugins/CustomAnswerPlugin.audio-drawing.stories.jsx[2m > [22m[2mMulti Modal Question
[22m[39m[ChatContext] Creating AssistantChat with user: undefined
[90mstdout[2m | src/components/Editor3/plugins/CustomAnswerPlugin.audio-drawing.stories.jsx[2m > [22m[2mMulti Modal Question
[22m[39m[Mock Data] AssistantChat created: mock-assistantchat-1790418728155 - notified 1 subscribers
[90mstdout[2m | src/components/Editor3/plugins/CustomAnswerPlugin.audio-drawing.stories.jsx[2m > [22m[2mMulti Modal Question
[22m[39m[ChatContext] Create result: {
  "data": {
    "_version": 1,
    "archived": false,
    "chatFiles": [Function anonymous],
    "createdAt": "2026-09-26T10:32:08.155Z",
    "id": "mock-assistantchat-1790418728155",
    "model": "gpt-4",
    "updatedAt": "2026-09-26T10:32:08.155Z",
  },
  "errors": [],
  "hasData": true,
  "hasErrors": true,
}
[90mstdout[2m | src/components/Editor3/plugins/CustomAnswerPlugin.audio-drawing.stories.jsx[2m > [22m[2mMulti Modal Question
[22m[39m[ChatContext] Created AssistantChat: mock-assistantchat-1790418728155 at: 2026-09-26T10:32:08.155Z
[90mstdout[2m | src/components/Editor3/plugins/CustomAnswerPlugin.audio-drawing.stories.jsx[2m > [22m[2mMulti Modal Question
[22m[39m[Mock Storage] downloadData called with: undefined
[90mstdout[2m | src/components/Editor3/plugins/CustomAnswerPlugin.audio-drawing.stories.jsx[2m > [22m[2mMulti Modal Question
[22m[39m[ChatContext] Setting initial chat: mock-assistantchat-1790418728155
[90mstdout[2m | src/components/Editor3/plugins/CustomAnswerPlugin.audio-drawing.stories.jsx[2m > [22m[2mMulti Modal Question
[22m[39m[ChatContext] Chat exists and not archived, skipping creation
[90mstdout[2m | src/components/Editor3/plugins/CustomAnswerPlugin.audio-drawing.stories.jsx[2m > [22m[2mLanguage Pronunciation
[22m[39m[ChatContext] Cleaning up subscriptions
[90mstdout[2m | src/components/Editor3/plugins/CustomAnswerPlugin.audio-drawing.stories.jsx[2m > [22m[2mLanguage Pronunciation
[22m[39m[Mock Data] Unit.onUpdate() subscription removed. Remaining: 0
[90mstdout[2m | src/components/Editor3/plugins/CustomAnswerPlugin.audio-drawing.stories.jsx[2m > [22m[2mLanguage Pronunciation
[22m[39m[Preview] Skipped initializing default mock data (initializeMockData=false)
[90mstdout[2m | src/components/Editor3/plugins/CustomAnswerPlugin.audio-drawing.stories.jsx[2m > [22m[2mLanguage Pronunciation
[22m[39m[MOCK CourseVectorStore] Initialized with mock data
[90mstdout[2m | src/components/Editor3/plugins/CustomAnswerPlugin.audio-drawing.stories.jsx[2m > [22m[2mLanguage Pronunciation
[22m[39m[Mock Data] seedMockUnit: Adding unit mock-unit-id
[90mstdout[2m | src/components/Editor3/plugins/CustomAnswerPlugin.audio-drawing.stories.jsx[2m > [22m[2mLanguage Pronunciation
[22m[39m[Mock Data] seedMockQuestions: Adding 2 questions
[90mstdout[2m | src/components/Editor3/plugins/CustomAnswerPlugin.audio-drawing.stories.jsx[2m > [22m[2mLanguage Pronunciation
[22m[39m[TranslationModeController] Setting mode to: off
[90mstdout[2m | src/components/Editor3/plugins/CustomAnswerPlugin.audio-drawing.stories.jsx[2m > [22m[2mLanguage Pronunciation
[22m[39m[UnitContext] useEffect triggered {
  "authLoading": false,
  "hasUser": true,
  "id": "mock-unit-id",
  "userSub": "mock-user-sub",
}
[90mstdout[2m | src/components/Editor3/plugins/CustomAnswerPlugin.audio-drawing.stories.jsx[2m > [22m[2mLanguage Pronunciation
[22m[39m[UnitContext] Fetching unit data for id: mock-unit-id
[90mstdout[2m | src/components/Editor3/plugins/CustomAnswerPlugin.audio-drawing.stories.jsx[2m > [22m[2mLanguage Pronunciation
[22m[39m[FilesContext] Initializing vector store from IndexedDB
[90mstdout[2m | src/components/Editor3/plugins/CustomAnswerPlugin.audio-drawing.stories.jsx[2m > [22m[2mLanguage Pronunciation
[22m[39m[FilesContext] fetchFiles called
[90mstdout[2m | src/components/Editor3/plugins/CustomAnswerPlugin.audio-drawing.stories.jsx[2m > [22m[2mLanguage Pronunciation
[22m[39m[FilesContext] User authenticated: mock-user-sub
[90mstdout[2m | src/components/Editor3/plugins/CustomAnswerPlugin.audio-drawing.stories.jsx[2m > [22m[2mLanguage Pronunciation
[22m[39m[FilesContext] Identity ID: us-east-1:mock-identity-123
[90mstdout[2m | src/components/Editor3/plugins/CustomAnswerPlugin.audio-drawing.stories.jsx[2m > [22m[2mLanguage Pronunciation
[22m[39m[FilesContext] About to set up File observeQuery
[90mstdout[2m | src/components/Editor3/plugins/CustomAnswerPlugin.audio-drawing.stories.jsx[2m > [22m[2mLanguage Pronunciation
[22m[39m[ChatContext] Setting up AssistantChat observeQuery
[90mstdout[2m | src/components/Editor3/plugins/CustomAnswerPlugin.audio-drawing.stories.jsx[2m > [22m[2mLanguage Pronunciation
[22m[39m[ChatContext] Waiting for subscription to initialize
[90mstdout[2m | src/components/Editor3/plugins/CustomAnswerPlugin.audio-drawing.stories.jsx[2m > [22m[2mLanguage Pronunciation
[22m[39m[SettingsContext] Setting up Settings subscription for user: mock-user-sub
[90mstdout[2m | src/components/Editor3/plugins/CustomAnswerPlugin.audio-drawing.stories.jsx[2m > [22m[2mLanguage Pronunciation
[22m[39mCustomAnswerComponent.questionID lang-audio-q1
[90mstdout[2m | src/components/Editor3/plugins/CustomAnswerPlugin.audio-drawing.stories.jsx[2m > [22m[2mLanguage Pronunciation
[22m[39mCustomAnswerComponent.questionBank []
[90mstdout[2m | src/components/Editor3/plugins/CustomAnswerPlugin.audio-drawing.stories.jsx[2m > [22m[2mLanguage Pronunciation
[22m[39mCustomAnswerComponent.question {}
[90mstdout[2m | src/components/Editor3/plugins/CustomAnswerPlugin.audio-drawing.stories.jsx[2m > [22m[2mLanguage Pronunciation
[22m[39mCustomAnswerComponent.question {}
[90mstdout[2m | src/components/Editor3/plugins/CustomAnswerPlugin.audio-drawing.stories.jsx[2m > [22m[2mLanguage Pronunciation
[22m[39mCustomAnswerComponent.prompt undefined
[90mstdout[2m | src/components/Editor3/plugins/CustomAnswerPlugin.audio-drawing.stories.jsx[2m > [22m[2mLanguage Pronunciation
[22m[39mCustomAnswerComponent.feedback[questionID] undefined
[90mstdout[2m | src/components/Editor3/plugins/CustomAnswerPlugin.audio-drawing.stories.jsx[2m > [22m[2mLanguage Pronunciation
[22m[39mCustomAnswerComponent.isCompleted undefined
[90mstdout[2m | src/components/Editor3/plugins/CustomAnswerPlugin.audio-drawing.stories.jsx[2m > [22m[2mLanguage Pronunciation
[22m[39mCustomAnswerComponent.currentPromptMethod audio
[90mstdout[2m | src/components/Editor3/plugins/CustomAnswerPlugin.audio-drawing.stories.jsx[2m > [22m[2mLanguage Pronunciation
[22m[39mCustomAnswerComponent.displayPrompt undefined
[90mstdout[2m | src/components/Editor3/plugins/CustomAnswerPlugin.audio-drawing.stories.jsx[2m > [22m[2mLanguage Pronunciation
[22m[39mCustomAnswerComponent.questionID lang-audio-q2
[90mstdout[2m | src/components/Editor3/plugins/CustomAnswerPlugin.audio-drawing.stories.jsx[2m > [22m[2mLanguage Pronunciation
[22m[39mCustomAnswerComponent.questionBank []
[90mstdout[2m | src/components/Editor3/plugins/CustomAnswerPlugin.audio-drawing.stories.jsx[2m > [22m[2mLanguage Pronunciation
[22m[39mCustomAnswerComponent.question {}
[90mstdout[2m | src/components/Editor3/plugins/CustomAnswerPlugin.audio-drawing.stories.jsx[2m > [22m[2mLanguage Pronunciation
[22m[39mCustomAnswerComponent.question {}
[90mstdout[2m | src/components/Editor3/plugins/CustomAnswerPlugin.audio-drawing.stories.jsx[2m > [22m[2mLanguage Pronunciation
[22m[39mCustomAnswerComponent.prompt undefined
[90mstdout[2m | src/components/Editor3/plugins/CustomAnswerPlugin.audio-drawing.stories.jsx[2m > [22m[2mLanguage Pronunciation
[22m[39mCustomAnswerComponent.feedback[questionID] undefined
[90mstdout[2m | src/components/Editor3/plugins/CustomAnswerPlugin.audio-drawing.stories.jsx[2m > [22m[2mLanguage Pronunciation
[22m[39mCustomAnswerComponent.isCompleted undefined
[90mstdout[2m | src/components/Editor3/plugins/CustomAnswerPlugin.audio-drawing.stories.jsx[2m > [22m[2mLanguage Pronunciation
[22m[39mCustomAnswerComponent.currentPromptMethod audio
[90mstdout[2m | src/components/Editor3/plugins/CustomAnswerPlugin.audio-drawing.stories.jsx[2m > [22m[2mLanguage Pronunciation
[22m[39mCustomAnswerComponent.displayPrompt undefined
[90mstdout[2m | src/components/Editor3/plugins/CustomAnswerPlugin.audio-drawing.stories.jsx[2m > [22m[2mLanguage Pronunciation
[22m[39mallowedInput [
  "audio",
]
[90mstdout[2m | src/components/Editor3/plugins/CustomAnswerPlugin.audio-drawing.stories.jsx[2m > [22m[2mLanguage Pronunciation
[22m[39mpromptMethod [
  "audio",
]
[90mstdout[2m | src/components/Editor3/plugins/CustomAnswerPlugin.audio-drawing.stories.jsx[2m > [22m[2mLanguage Pronunciation
[22m[39mAnswerComponent.currentPromptMethod audio
[90mstdout[2m | src/components/Editor3/plugins/CustomAnswerPlugin.audio-drawing.stories.jsx[2m > [22m[2mLanguage Pronunciation
[22m[39mAnswerComponent.promptMethod [
  "audio",
]
[90mstdout[2m | src/components/Editor3/plugins/CustomAnswerPlugin.audio-drawing.stories.jsx[2m > [22m[2mLanguage Pronunciation
[22m[39mallowedInput [
  "audio",
]
[90mstdout[2m | src/components/Editor3/plugins/CustomAnswerPlugin.audio-drawing.stories.jsx[2m > [22m[2mLanguage Pronunciation
[22m[39mpromptMethod [
  "audio",
]
[90mstdout[2m | src/components/Editor3/plugins/CustomAnswerPlugin.audio-drawing.stories.jsx[2m > [22m[2mLanguage Pronunciation
[22m[39mAnswerComponent.currentPromptMethod audio
[90mstdout[2m | src/components/Editor3/plugins/CustomAnswerPlugin.audio-drawing.stories.jsx[2m > [22m[2mLanguage Pronunciation
[22m[39m[Mock Data] Settings created: mock-settings-1790418728291 - notified 0 subscribers
[90mstdout[2m | src/components/Editor3/plugins/CustomAnswerPlugin.audio-drawing.stories.jsx[2m > [22m[2mLanguage Pronunciation
[22m[39m[Mock Data] Unit.onUpdate() subscription added. Total: 1
[90mstdout[2m | src/components/Editor3/plugins/CustomAnswerPlugin.audio-drawing.stories.jsx[2m > [22m[2mLanguage Pronunciation
[22m[39mCustomAnswerComponent.questionID lang-audio-q1
[90mstdout[2m | src/components/Editor3/plugins/CustomAnswerPlugin.audio-drawing.stories.jsx[2m > [22m[2mLanguage Pronunciation
[22m[39mCustomAnswerComponent.questionBank []
[90mstdout[2m | src/components/Editor3/plugins/CustomAnswerPlugin.audio-drawing.stories.jsx[2m > [22m[2mLanguage Pronunciation
[22m[39mCustomAnswerComponent.question {}
[90mstdout[2m | src/components/Editor3/plugins/CustomAnswerPlugin.audio-drawing.stories.jsx[2m > [22m[2mLanguage Pronunciation
[22m[39mCustomAnswerComponent.question {}
[90mstdout[2m | src/components/Editor3/plugins/CustomAnswerPlugin.audio-drawing.stories.jsx[2m > [22m[2mLanguage Pronunciation
[22m[39mCustomAnswerComponent.prompt undefined
[90mstdout[2m | src/components/Editor3/plugins/CustomAnswerPlugin.audio-drawing.stories.jsx[2m > [22m[2mLanguage Pronunciation
[22m[39mCustomAnswerComponent.feedback[questionID] undefined
[90mstdout[2m | src/components/Editor3/plugins/CustomAnswerPlugin.audio-drawing.stories.jsx[2m > [22m[2mLanguage Pronunciation
[22m[39mCustomAnswerComponent.isCompleted undefined
[90mstdout[2m | src/components/Editor3/plugins/CustomAnswerPlugin.audio-drawing.stories.jsx[2m > [22m[2mLanguage Pronunciation
[22m[39mCustomAnswerComponent.currentPromptMethod audio
[90mstdout[2m | src/components/Editor3/plugins/CustomAnswerPlugin.audio-drawing.stories.jsx[2m > [22m[2mLanguage Pronunciation
[22m[39mCustomAnswerComponent.displayPrompt undefined
[90mstdout[2m | src/components/Editor3/plugins/CustomAnswerPlugin.audio-drawing.stories.jsx[2m > [22m[2mLanguage Pronunciation
[22m[39mCustomAnswerComponent.questionID lang-audio-q2
[90mstdout[2m | src/components/Editor3/plugins/CustomAnswerPlugin.audio-drawing.stories.jsx[2m > [22m[2mLanguage Pronunciation
[22m[39mCustomAnswerComponent.questionBank []
[90mstdout[2m | src/components/Editor3/plugins/CustomAnswerPlugin.audio-drawing.stories.jsx[2m > [22m[2mLanguage Pronunciation
[22m[39mCustomAnswerComponent.question {}
[90mstdout[2m | src/components/Editor3/plugins/CustomAnswerPlugin.audio-drawing.stories.jsx[2m > [22m[2mLanguage Pronunciation
[22m[39mCustomAnswerComponent.question {}
[90mstdout[2m | src/components/Editor3/plugins/CustomAnswerPlugin.audio-drawing.stories.jsx[2m > [22m[2mLanguage Pronunciation
[22m[39mCustomAnswerComponent.prompt undefined
[90mstdout[2m | src/components/Editor3/plugins/CustomAnswerPlugin.audio-drawing.stories.jsx[2m > [22m[2mLanguage Pronunciation
[22m[39mCustomAnswerComponent.feedback[questionID] undefined
[90mstdout[2m | src/components/Editor3/plugins/CustomAnswerPlugin.audio-drawing.stories.jsx[2m > [22m[2mLanguage Pronunciation
[22m[39mCustomAnswerComponent.isCompleted undefined
[90mstdout[2m | src/components/Editor3/plugins/CustomAnswerPlugin.audio-drawing.stories.jsx[2m > [22m[2mLanguage Pronunciation
[22m[39mCustomAnswerComponent.currentPromptMethod audio
[90mstdout[2m | src/components/Editor3/plugins/CustomAnswerPlugin.audio-drawing.stories.jsx[2m > [22m[2mLanguage Pronunciation
[22m[39mCustomAnswerComponent.displayPrompt undefined
[90mstdout[2m | src/components/Editor3/plugins/CustomAnswerPlugin.audio-drawing.stories.jsx[2m > [22m[2mLanguage Pronunciation
[22m[39m[SectionContext] Section observeQuery update: 0
[90mstdout[2m | src/components/Editor3/plugins/CustomAnswerPlugin.audio-drawing.stories.jsx[2m > [22m[2mLanguage Pronunciation
[22m[39m[FilesContext] File observeQuery update: 0 files
[90mstdout[2m | src/components/Editor3/plugins/CustomAnswerPlugin.audio-drawing.stories.jsx[2m > [22m[2mLanguage Pronunciation
[22m[39m[ChatContext] AssistantChat initialized with 0 chats
[90mstdout[2m | src/components/Editor3/plugins/CustomAnswerPlugin.audio-drawing.stories.jsx[2m > [22m[2mLanguage Pronunciation
[22m[39m[MOCK CourseVectorStore] Initialized with mock data
[90mstdout[2m | src/components/Editor3/plugins/CustomAnswerPlugin.audio-drawing.stories.jsx[2m > [22m[2mLanguage Pronunciation
[22m[39mCustomAnswerComponent.questionID lang-audio-q1
[90mstdout[2m | src/components/Editor3/plugins/CustomAnswerPlugin.audio-drawing.stories.jsx[2m > [22m[2mLanguage Pronunciation
[22m[39mCustomAnswerComponent.questionBank {
  "lang-audio-q1": {
    "answer": "konnichiwa",
    "id": "lang-audio-q1",
    "prompt": "こんにちは",
    "type": "audio",
  },
  "lang-audio-q2": {
    "answer": "arigatou",
    "id": "lang-audio-q2",
    "prompt": "ありがとう",
    "type": "audio",
  },
}
[90mstdout[2m | src/components/Editor3/plugins/CustomAnswerPlugin.audio-drawing.stories.jsx[2m > [22m[2mLanguage Pronunciation
[22m[39mCustomAnswerComponent.question {
  "answer": "konnichiwa",
  "id": "lang-audio-q1",
  "prompt": "こんにちは",
  "type": "audio",
}
[90mstdout[2m | src/components/Editor3/plugins/CustomAnswerPlugin.audio-drawing.stories.jsx[2m > [22m[2mLanguage Pronunciation
[22m[39mCustomAnswerComponent.question {
  "answer": "konnichiwa",
  "id": "lang-audio-q1",
  "prompt": "こんにちは",
  "type": "audio",
}
[90mstdout[2m | src/components/Editor3/plugins/CustomAnswerPlugin.audio-drawing.stories.jsx[2m > [22m[2mLanguage Pronunciation
[22m[39mCustomAnswerComponent.prompt こんにちは
[90mstdout[2m | src/components/Editor3/plugins/CustomAnswerPlugin.audio-drawing.stories.jsx[2m > [22m[2mLanguage Pronunciation
[22m[39mCustomAnswerComponent.feedback[questionID] undefined
[90mstdout[2m | src/components/Editor3/plugins/CustomAnswerPlugin.audio-drawing.stories.jsx[2m > [22m[2mLanguage Pronunciation
[22m[39mCustomAnswerComponent.isCompleted undefined
[90mstdout[2m | src/components/Editor3/plugins/CustomAnswerPlugin.audio-drawing.stories.jsx[2m > [22m[2mLanguage Pronunciation
[22m[39mCustomAnswerComponent.currentPromptMethod audio
[90mstdout[2m | src/components/Editor3/plugins/CustomAnswerPlugin.audio-drawing.stories.jsx[2m > [22m[2mLanguage Pronunciation
[22m[39mCustomAnswerComponent.displayPrompt こんにちは
[90mstdout[2m | src/components/Editor3/plugins/CustomAnswerPlugin.audio-drawing.stories.jsx[2m > [22m[2mLanguage Pronunciation
[22m[39mCustomAnswerComponent.questionID lang-audio-q2
[90mstdout[2m | src/components/Editor3/plugins/CustomAnswerPlugin.audio-drawing.stories.jsx[2m > [22m[2mLanguage Pronunciation
[22m[39mCustomAnswerComponent.questionBank {
  "lang-audio-q1": {
    "answer": "konnichiwa",
    "id": "lang-audio-q1",
    "prompt": "こんにちは",
    "type": "audio",
  },
  "lang-audio-q2": {
    "answer": "arigatou",
    "id": "lang-audio-q2",
    "prompt": "ありがとう",
    "type": "audio",
  },
}
[90mstdout[2m | src/components/Editor3/plugins/CustomAnswerPlugin.audio-drawing.stories.jsx[2m > [22m[2mLanguage Pronunciation
[22m[39mCustomAnswerComponent.question {
  "answer": "arigatou",
  "id": "lang-audio-q2",
  "prompt": "ありがとう",
  "type": "audio",
}
[90mstdout[2m | src/components/Editor3/plugins/CustomAnswerPlugin.audio-drawing.stories.jsx[2m > [22m[2mLanguage Pronunciation
[22m[39mCustomAnswerComponent.question {
  "answer": "arigatou",
  "id": "lang-audio-q2",
  "prompt": "ありがとう",
  "type": "audio",
}
[90mstdout[2m | src/components/Editor3/plugins/CustomAnswerPlugin.audio-drawing.stories.jsx[2m > [22m[2mLanguage Pronunciation
[22m[39mCustomAnswerComponent.prompt ありがとう
[90mstdout[2m | src/components/Editor3/plugins/CustomAnswerPlugin.audio-drawing.stories.jsx[2m > [22m[2mLanguage Pronunciation
[22m[39mCustomAnswerComponent.feedback[questionID] undefined
[90mstdout[2m | src/components/Editor3/plugins/CustomAnswerPlugin.audio-drawing.stories.jsx[2m > [22m[2mLanguage Pronunciation
[22m[39mCustomAnswerComponent.isCompleted undefined
[90mstdout[2m | src/components/Editor3/plugins/CustomAnswerPlugin.audio-drawing.stories.jsx[2m > [22m[2mLanguage Pronunciation
[22m[39mCustomAnswerComponent.currentPromptMethod audio
[90mstdout[2m | src/components/Editor3/plugins/CustomAnswerPlugin.audio-drawing.stories.jsx[2m > [22m[2mLanguage Pronunciation
[22m[39mCustomAnswerComponent.displayPrompt ありがとう
[90mstdout[2m | src/components/Editor3/plugins/CustomAnswerPlugin.audio-drawing.stories.jsx[2m > [22m[2mLanguage Pronunciation
[22m[39m[ChatContext] No current chat available, will create one
[90mstdout[2m | src/components/Editor3/plugins/CustomAnswerPlugin.audio-drawing.stories.jsx[2m > [22m[2mLanguage Pronunciation
[22m[39m[ChatContext] Creating AssistantChat with user: undefined
[90mstdout[2m | src/components/Editor3/plugins/CustomAnswerPlugin.audio-drawing.stories.jsx[2m > [22m[2mLanguage Pronunciation
[22m[39m[Mock Data] AssistantChat created: mock-assistantchat-1790418728406 - notified 1 subscribers
[90mstdout[2m | src/components/Editor3/plugins/CustomAnswerPlugin.audio-drawing.stories.jsx[2m > [22m[2mLanguage Pronunciation
[22m[39m[ChatContext] Create result: {
  "data": {
    "_version": 1,
    "archived": false,
    "chatFiles": [Function anonymous],
    "createdAt": "2026-09-26T10:32:08.406Z",
    "id": "mock-assistantchat-1790418728406",
    "model": "gpt-4",
    "updatedAt": "2026-09-26T10:32:08.406Z",
  },
  "errors": [],
  "hasData": true,
  "hasErrors": true,
}
[90mstdout[2m | src/components/Editor3/plugins/CustomAnswerPlugin.audio-drawing.stories.jsx[2m > [22m[2mLanguage Pronunciation
[22m[39m[ChatContext] Created AssistantChat: mock-assistantchat-1790418728406 at: 2026-09-26T10:32:08.406Z
[90mstdout[2m | src/components/Editor3/plugins/CustomAnswerPlugin.audio-drawing.stories.jsx[2m > [22m[2mLanguage Pronunciation
[22m[39m[Mock Storage] downloadData called with: undefined
[90mstdout[2m | src/components/Editor3/plugins/CustomAnswerPlugin.audio-drawing.stories.jsx[2m > [22m[2mLanguage Pronunciation
[22m[39m[ChatContext] Setting initial chat: mock-assistantchat-1790418728406
[90mstdout[2m | src/components/Editor3/plugins/CustomAnswerPlugin.audio-drawing.stories.jsx[2m > [22m[2mLanguage Pronunciation
[22m[39m[ChatContext] Chat exists and not archived, skipping creation
[90mstdout[2m | src/components/Editor3/plugins/CustomAnswerPlugin.audio-drawing.stories.jsx[2m > [22m[2mFeature Documentation
[22m[39m[ChatContext] Cleaning up subscriptions
[90mstdout[2m | src/components/Editor3/plugins/CustomAnswerPlugin.audio-drawing.stories.jsx[2m > [22m[2mFeature Documentation
[22m[39m[Mock Data] Unit.onUpdate() subscription removed. Remaining: 0
[90mstdout[2m | src/components/Editor3/plugins/CustomAnswerPlugin.audio-drawing.stories.jsx[2m > [22m[2mFeature Documentation
[22m[39m[Preview] Skipped initializing default mock data (initializeMockData=false)
[90mstdout[2m | src/components/Editor3/plugins/CustomAnswerPlugin.audio-drawing.stories.jsx[2m > [22m[2mFeature Documentation
[22m[39m[MOCK CourseVectorStore] Initialized with mock data
[90mstdout[2m | src/components/Editor3/plugins/CustomAnswerPlugin.audio-drawing.stories.jsx[2m > [22m[2mFeature Documentation
[22m[39m[TranslationModeController] Setting mode to: off
[90mstdout[2m | src/components/Editor3/plugins/CustomAnswerPlugin.audio-drawing.stories.jsx[2m > [22m[2mFeature Documentation
[22m[39m[UnitContext] useEffect triggered {
  "authLoading": false,
  "hasUser": true,
  "id": "mock-unit-id",
  "userSub": "mock-user-sub",
}
[90mstdout[2m | src/components/Editor3/plugins/CustomAnswerPlugin.audio-drawing.stories.jsx[2m > [22m[2mFeature Documentation
[22m[39m[UnitContext] Fetching unit data for id: mock-unit-id
[90mstdout[2m | src/components/Editor3/plugins/CustomAnswerPlugin.audio-drawing.stories.jsx[2m > [22m[2mFeature Documentation
[22m[39m[FilesContext] Initializing vector store from IndexedDB
[90mstdout[2m | src/components/Editor3/plugins/CustomAnswerPlugin.audio-drawing.stories.jsx[2m > [22m[2mFeature Documentation
[22m[39m[FilesContext] fetchFiles called
[90mstdout[2m | src/components/Editor3/plugins/CustomAnswerPlugin.audio-drawing.stories.jsx[2m > [22m[2mFeature Documentation
[22m[39m[FilesContext] User authenticated: mock-user-sub
[90mstdout[2m | src/components/Editor3/plugins/CustomAnswerPlugin.audio-drawing.stories.jsx[2m > [22m[2mFeature Documentation
[22m[39m[FilesContext] Identity ID: us-east-1:mock-identity-123
[90mstdout[2m | src/components/Editor3/plugins/CustomAnswerPlugin.audio-drawing.stories.jsx[2m > [22m[2mFeature Documentation
[22m[39m[FilesContext] About to set up File observeQuery
[90mstdout[2m | src/components/Editor3/plugins/CustomAnswerPlugin.audio-drawing.stories.jsx[2m > [22m[2mFeature Documentation
[22m[39m[ChatContext] Setting up AssistantChat observeQuery
[90mstdout[2m | src/components/Editor3/plugins/CustomAnswerPlugin.audio-drawing.stories.jsx[2m > [22m[2mFeature Documentation
[22m[39m[ChatContext] Waiting for subscription to initialize
[90mstdout[2m | src/components/Editor3/plugins/CustomAnswerPlugin.audio-drawing.stories.jsx[2m > [22m[2mFeature Documentation
[22m[39m[SettingsContext] Setting up Settings subscription for user: mock-user-sub
[90mstdout[2m | src/components/Editor3/plugins/CustomAnswerPlugin.audio-drawing.stories.jsx[2m > [22m[2mFeature Documentation
[22m[39m[Mock Data] Settings created: mock-settings-1790418728665 - notified 0 subscribers
[90mstdout[2m | src/components/Editor3/plugins/CustomAnswerPlugin.audio-drawing.stories.jsx[2m > [22m[2mFeature Documentation
[22m[39m[Mock Data] Unit.onUpdate() subscription added. Total: 1
[90mstdout[2m | src/components/Editor3/plugins/CustomAnswerPlugin.audio-drawing.stories.jsx[2m > [22m[2mFeature Documentation
[22m[39m[SectionContext] Section observeQuery update: 0
[90mstdout[2m | src/components/Editor3/plugins/CustomAnswerPlugin.audio-drawing.stories.jsx[2m > [22m[2mFeature Documentation
[22m[39m[FilesContext] File observeQuery update: 0 files
[90mstdout[2m | src/components/Editor3/plugins/CustomAnswerPlugin.audio-drawing.stories.jsx[2m > [22m[2mFeature Documentation
[22m[39m[ChatContext] AssistantChat initialized with 0 chats
[90mstdout[2m | src/components/Editor3/plugins/CustomAnswerPlugin.audio-drawing.stories.jsx[2m > [22m[2mFeature Documentation
[22m[39m[MOCK CourseVectorStore] Initialized with mock data
[90mstdout[2m | src/components/Editor3/plugins/CustomAnswerPlugin.audio-drawing.stories.jsx[2m > [22m[2mFeature Documentation
[22m[39m[ChatContext] No current chat available, will create one
[90mstdout[2m | src/components/Editor3/plugins/CustomAnswerPlugin.audio-drawing.stories.jsx[2m > [22m[2mFeature Documentation
[22m[39m[ChatContext] Creating AssistantChat with user: undefined
[90mstdout[2m | src/components/Editor3/plugins/CustomAnswerPlugin.audio-drawing.stories.jsx[2m > [22m[2mFeature Documentation
[22m[39m[Mock Data] AssistantChat created: mock-assistantchat-1790418728681 - notified 1 subscribers
[90mstdout[2m | src/components/Editor3/plugins/CustomAnswerPlugin.audio-drawing.stories.jsx[2m > [22m[2mFeature Documentation
[22m[39m[ChatContext] Create result: {
  "data": {
    "_version": 1,
    "archived": false,
    "chatFiles": [Function anonymous],
    "createdAt": "2026-09-26T10:32:08.681Z",
    "id": "mock-assistantchat-1790418728681",
    "model": "gpt-4",
    "updatedAt": "2026-09-26T10:32:08.681Z",
  },
  "errors": [],
  "hasData": true,
  "hasErrors": true,
}
[90mstdout[2m | src/components/Editor3/plugins/CustomAnswerPlugin.audio-drawing.stories.jsx[2m > [22m[2mFeature Documentation
[22m[39m[ChatContext] Created AssistantChat: mock-assistantchat-1790418728681 at: 2026-09-26T10:32:08.681Z
[90mstdout[2m | src/components/Editor3/plugins/CustomAnswerPlugin.audio-drawing.stories.jsx[2m > [22m[2mFeature Documentation
[22m[39m[Mock Storage] downloadData called with: undefined
[90mstdout[2m | src/components/Editor3/plugins/CustomAnswerPlugin.audio-drawing.stories.jsx[2m > [22m[2mFeature Documentation
[22m[39m[ChatContext] Setting initial chat: mock-assistantchat-1790418728681
[90mstdout[2m | src/components/Editor3/plugins/CustomAnswerPlugin.audio-drawing.stories.jsx[2m > [22m[2mFeature Documentation
[22m[39m[ChatContext] Chat exists and not archived, skipping creation
[90mstdout[2m | src/components/Editor3/plugins/CustomAnswerPlugin.audio-drawing.stories.jsx[2m > [22m[2mAnswered Audio Question
[22m[39m[ChatContext] Cleaning up subscriptions
[90mstdout[2m | src/components/Editor3/plugins/CustomAnswerPlugin.audio-drawing.stories.jsx[2m > [22m[2mAnswered Audio Question
[22m[39m[Mock Data] Unit.onUpdate() subscription removed. Remaining: 0
[90mstdout[2m | src/components/Editor3/plugins/CustomAnswerPlugin.audio-drawing.stories.jsx[2m > [22m[2mAnswered Audio Question
[22m[39m[Preview] Skipped initializing default mock data (initializeMockData=false)
[90mstdout[2m | src/components/Editor3/plugins/CustomAnswerPlugin.audio-drawing.stories.jsx[2m > [22m[2mAnswered Audio Question
[22m[39m[MOCK CourseVectorStore] Initialized with mock data
[90mstdout[2m | src/components/Editor3/plugins/CustomAnswerPlugin.audio-drawing.stories.jsx[2m > [22m[2mAnswered Audio Question
[22m[39m[Mock Data] seedMockUnit: Adding unit mock-unit-id
[90mstdout[2m | src/components/Editor3/plugins/CustomAnswerPlugin.audio-drawing.stories.jsx[2m > [22m[2mAnswered Audio Question
[22m[39m[Mock Data] seedMockQuestions: Adding 1 questions
[90mstdout[2m | src/components/Editor3/plugins/CustomAnswerPlugin.audio-drawing.stories.jsx[2m > [22m[2mAnswered Audio Question
[22m[39m[TranslationModeController] Setting mode to: off
[90mstdout[2m | src/components/Editor3/plugins/CustomAnswerPlugin.audio-drawing.stories.jsx[2m > [22m[2mAnswered Audio Question
[22m[39m[UnitContext] useEffect triggered {
  "authLoading": false,
  "hasUser": true,
  "id": "mock-unit-id",
  "userSub": "mock-user-sub",
}
[90mstdout[2m | src/components/Editor3/plugins/CustomAnswerPlugin.audio-drawing.stories.jsx[2m > [22m[2mAnswered Audio Question
[22m[39m[UnitContext] Fetching unit data for id: mock-unit-id
[90mstdout[2m | src/components/Editor3/plugins/CustomAnswerPlugin.audio-drawing.stories.jsx[2m > [22m[2mAnswered Audio Question
[22m[39m[FilesContext] Initializing vector store from IndexedDB
[90mstdout[2m | src/components/Editor3/plugins/CustomAnswerPlugin.audio-drawing.stories.jsx[2m > [22m[2mAnswered Audio Question
[22m[39m[FilesContext] fetchFiles called
[90mstdout[2m | src/components/Editor3/plugins/CustomAnswerPlugin.audio-drawing.stories.jsx[2m > [22m[2mAnswered Audio Question
[22m[39m[FilesContext] User authenticated: mock-user-sub
[90mstdout[2m | src/components/Editor3/plugins/CustomAnswerPlugin.audio-drawing.stories.jsx[2m > [22m[2mAnswered Audio Question
[22m[39m[FilesContext] Identity ID: us-east-1:mock-identity-123
[90mstdout[2m | src/components/Editor3/plugins/CustomAnswerPlugin.audio-drawing.stories.jsx[2m > [22m[2mAnswered Audio Question
[22m[39m[FilesContext] About to set up File observeQuery
[90mstdout[2m | src/components/Editor3/plugins/CustomAnswerPlugin.audio-drawing.stories.jsx[2m > [22m[2mAnswered Audio Question
[22m[39m[ChatContext] Setting up AssistantChat observeQuery
[90mstdout[2m | src/components/Editor3/plugins/CustomAnswerPlugin.audio-drawing.stories.jsx[2m > [22m[2mAnswered Audio Question
[22m[39m[ChatContext] Waiting for subscription to initialize
[90mstdout[2m | src/components/Editor3/plugins/CustomAnswerPlugin.audio-drawing.stories.jsx[2m > [22m[2mAnswered Audio Question
[22m[39m[SettingsContext] Setting up Settings subscription for user: mock-user-sub
[90mstdout[2m | src/components/Editor3/plugins/CustomAnswerPlugin.audio-drawing.stories.jsx[2m > [22m[2mAnswered Audio Question
[22m[39mCustomAnswerComponent.questionID audio-q1
[90mstdout[2m | src/components/Editor3/plugins/CustomAnswerPlugin.audio-drawing.stories.jsx[2m > [22m[2mAnswered Audio Question
[22m[39mCustomAnswerComponent.questionBank []
[90mstdout[2m | src/components/Editor3/plugins/CustomAnswerPlugin.audio-drawing.stories.jsx[2m > [22m[2mAnswered Audio Question
[22m[39mCustomAnswerComponent.question {}
[90mstdout[2m | src/components/Editor3/plugins/CustomAnswerPlugin.audio-drawing.stories.jsx[2m > [22m[2mAnswered Audio Question
[22m[39mCustomAnswerComponent.question {}
[90mstdout[2m | src/components/Editor3/plugins/CustomAnswerPlugin.audio-drawing.stories.jsx[2m > [22m[2mAnswered Audio Question
[22m[39mCustomAnswerComponent.prompt undefined
[90mstdout[2m | src/components/Editor3/plugins/CustomAnswerPlugin.audio-drawing.stories.jsx[2m > [22m[2mAnswered Audio Question
[22m[39mCustomAnswerComponent.feedback[questionID] undefined
[90mstdout[2m | src/components/Editor3/plugins/CustomAnswerPlugin.audio-drawing.stories.jsx[2m > [22m[2mAnswered Audio Question
[22m[39mCustomAnswerComponent.isCompleted undefined
[90mstdout[2m | src/components/Editor3/plugins/CustomAnswerPlugin.audio-drawing.stories.jsx[2m > [22m[2mAnswered Audio Question
[22m[39mCustomAnswerComponent.currentPromptMethod prompt-text
[90mstdout[2m | src/components/Editor3/plugins/CustomAnswerPlugin.audio-drawing.stories.jsx[2m > [22m[2mAnswered Audio Question
[22m[39mCustomAnswerComponent.displayPrompt undefined
[90mstdout[2m | src/components/Editor3/plugins/CustomAnswerPlugin.audio-drawing.stories.jsx[2m > [22m[2mAnswered Audio Question
[22m[39mallowedInput [
  "audio",
]
[90mstdout[2m | src/components/Editor3/plugins/CustomAnswerPlugin.audio-drawing.stories.jsx[2m > [22m[2mAnswered Audio Question
[22m[39mpromptMethod [
  "prompt-text",
]
[90mstdout[2m | src/components/Editor3/plugins/CustomAnswerPlugin.audio-drawing.stories.jsx[2m > [22m[2mAnswered Audio Question
[22m[39mAnswerComponent.currentPromptMethod prompt-text
[90mstdout[2m | src/components/Editor3/plugins/CustomAnswerPlugin.audio-drawing.stories.jsx[2m > [22m[2mAnswered Audio Question
[22m[39mAnswerComponent.promptMethod [
  "prompt-text",
]
[90mstdout[2m | src/components/Editor3/plugins/CustomAnswerPlugin.audio-drawing.stories.jsx[2m > [22m[2mAnswered Audio Question
[22m[39mallowedInput [
  "audio",
]
[90mstdout[2m | src/components/Editor3/plugins/CustomAnswerPlugin.audio-drawing.stories.jsx[2m > [22m[2mAnswered Audio Question
[22m[39mpromptMethod [
  "prompt-text",
]
[90mstdout[2m | src/components/Editor3/plugins/CustomAnswerPlugin.audio-drawing.stories.jsx[2m > [22m[2mAnswered Audio Question
[22m[39mAnswerComponent.currentPromptMethod prompt-text
[90mstdout[2m | src/components/Editor3/plugins/CustomAnswerPlugin.audio-drawing.stories.jsx[2m > [22m[2mAnswered Audio Question
[22m[39m[Mock Data] Settings created: mock-settings-1790418728911 - notified 0 subscribers
[90mstdout[2m | src/components/Editor3/plugins/CustomAnswerPlugin.audio-drawing.stories.jsx[2m > [22m[2mAnswered Audio Question
[22m[39m[Mock Data] Unit.onUpdate() subscription added. Total: 1
[90mstdout[2m | src/components/Editor3/plugins/CustomAnswerPlugin.audio-drawing.stories.jsx[2m > [22m[2mAnswered Audio Question
[22m[39mCustomAnswerComponent.questionID audio-q1
[90mstdout[2m | src/components/Editor3/plugins/CustomAnswerPlugin.audio-drawing.stories.jsx[2m > [22m[2mAnswered Audio Question
[22m[39mCustomAnswerComponent.questionBank []
[90mstdout[2m | src/components/Editor3/plugins/CustomAnswerPlugin.audio-drawing.stories.jsx[2m > [22m[2mAnswered Audio Question
[22m[39mCustomAnswerComponent.question {}
[90mstdout[2m | src/components/Editor3/plugins/CustomAnswerPlugin.audio-drawing.stories.jsx[2m > [22m[2mAnswered Audio Question
[22m[39mCustomAnswerComponent.question {}
[90mstdout[2m | src/components/Editor3/plugins/CustomAnswerPlugin.audio-drawing.stories.jsx[2m > [22m[2mAnswered Audio Question
[22m[39mCustomAnswerComponent.prompt undefined
[90mstdout[2m | src/components/Editor3/plugins/CustomAnswerPlugin.audio-drawing.stories.jsx[2m > [22m[2mAnswered Audio Question
[22m[39mCustomAnswerComponent.feedback[questionID] undefined
[90mstdout[2m | src/components/Editor3/plugins/CustomAnswerPlugin.audio-drawing.stories.jsx[2m > [22m[2mAnswered Audio Question
[22m[39mCustomAnswerComponent.isCompleted undefined
[90mstdout[2m | src/components/Editor3/plugins/CustomAnswerPlugin.audio-drawing.stories.jsx[2m > [22m[2mAnswered Audio Question
[22m[39mCustomAnswerComponent.currentPromptMethod prompt-text
[90mstdout[2m | src/components/Editor3/plugins/CustomAnswerPlugin.audio-drawing.stories.jsx[2m > [22m[2mAnswered Audio Question
[22m[39mCustomAnswerComponent.displayPrompt undefined
[90mstdout[2m | src/components/Editor3/plugins/CustomAnswerPlugin.audio-drawing.stories.jsx[2m > [22m[2mAnswered Audio Question
[22m[39m[SectionContext] Section observeQuery update: 0
[90mstdout[2m | src/components/Editor3/plugins/CustomAnswerPlugin.audio-drawing.stories.jsx[2m > [22m[2mAnswered Audio Question
[22m[39m[FilesContext] File observeQuery update: 0 files
[90mstdout[2m | src/components/Editor3/plugins/CustomAnswerPlugin.audio-drawing.stories.jsx[2m > [22m[2mAnswered Audio Question
[22m[39m[ChatContext] AssistantChat initialized with 0 chats
[90mstdout[2m | src/components/Editor3/plugins/CustomAnswerPlugin.audio-drawing.stories.jsx[2m > [22m[2mAnswered Audio Question
[22m[39m[MOCK CourseVectorStore] Initialized with mock data
[90mstdout[2m | src/components/Editor3/plugins/CustomAnswerPlugin.audio-drawing.stories.jsx[2m > [22m[2mAnswered Audio Question
[22m[39mCustomAnswerComponent.questionID audio-q1
[90mstdout[2m | src/components/Editor3/plugins/CustomAnswerPlugin.audio-drawing.stories.jsx[2m > [22m[2mAnswered Audio Question
[22m[39mCustomAnswerComponent.questionBank {
  "audio-q1": {
    "answer": "bonjour",
    "id": "audio-q1",
    "prompt": "Say "Bonjour"",
    "type": "audio",
  },
}
[90mstdout[2m | src/components/Editor3/plugins/CustomAnswerPlugin.audio-drawing.stories.jsx[2m > [22m[2mAnswered Audio Question
[22m[39mCustomAnswerComponent.question {
  "answer": "bonjour",
  "id": "audio-q1",
  "prompt": "Say "Bonjour"",
  "type": "audio",
}
[90mstdout[2m | src/components/Editor3/plugins/CustomAnswerPlugin.audio-drawing.stories.jsx[2m > [22m[2mAnswered Audio Question
[22m[39mCustomAnswerComponent.question {
  "answer": "bonjour",
  "id": "audio-q1",
  "prompt": "Say "Bonjour"",
  "type": "audio",
}
[90mstdout[2m | src/components/Editor3/plugins/CustomAnswerPlugin.audio-drawing.stories.jsx[2m > [22m[2mAnswered Audio Question
[22m[39mCustomAnswerComponent.prompt Say "Bonjour"
[90mstdout[2m | src/components/Editor3/plugins/CustomAnswerPlugin.audio-drawing.stories.jsx[2m > [22m[2mAnswered Audio Question
[22m[39mCustomAnswerComponent.feedback[questionID] undefined
[90mstdout[2m | src/components/Editor3/plugins/CustomAnswerPlugin.audio-drawing.stories.jsx[2m > [22m[2mAnswered Audio Question
[22m[39mCustomAnswerComponent.isCompleted undefined
[90mstdout[2m | src/components/Editor3/plugins/CustomAnswerPlugin.audio-drawing.stories.jsx[2m > [22m[2mAnswered Audio Question
[22m[39mCustomAnswerComponent.currentPromptMethod prompt-text
[90mstdout[2m | src/components/Editor3/plugins/CustomAnswerPlugin.audio-drawing.stories.jsx[2m > [22m[2mAnswered Audio Question
[22m[39mCustomAnswerComponent.displayPrompt Say "Bonjour"
[90mstdout[2m | src/components/Editor3/plugins/CustomAnswerPlugin.audio-drawing.stories.jsx[2m > [22m[2mAnswered Audio Question
[22m[39m[ChatContext] No current chat available, will create one
[90mstdout[2m | src/components/Editor3/plugins/CustomAnswerPlugin.audio-drawing.stories.jsx[2m > [22m[2mAnswered Audio Question
[22m[39m[ChatContext] Creating AssistantChat with user: undefined
[90mstdout[2m | src/components/Editor3/plugins/CustomAnswerPlugin.audio-drawing.stories.jsx[2m > [22m[2mAnswered Audio Question
[22m[39m[Mock Data] AssistantChat created: mock-assistantchat-1790418729107 - notified 1 subscribers
[90mstdout[2m | src/components/Editor3/plugins/CustomAnswerPlugin.audio-drawing.stories.jsx[2m > [22m[2mAnswered Audio Question
[22m[39m[ChatContext] Create result: {
  "data": {
    "_version": 1,
    "archived": false,
    "chatFiles": [Function anonymous],
    "createdAt": "2026-09-26T10:32:09.107Z",
    "id": "mock-assistantchat-1790418729107",
    "model": "gpt-4",
    "updatedAt": "2026-09-26T10:32:09.107Z",
  },
  "errors": [],
  "hasData": true,
  "hasErrors": true,
}
[90mstdout[2m | src/components/Editor3/plugins/CustomAnswerPlugin.audio-drawing.stories.jsx[2m > [22m[2mAnswered Audio Question
[22m[39m[ChatContext] Created AssistantChat: mock-assistantchat-1790418729107 at: 2026-09-26T10:32:09.107Z
[90mstdout[2m | src/components/Editor3/plugins/CustomAnswerPlugin.audio-drawing.stories.jsx[2m > [22m[2mAnswered Audio Question
[22m[39m[Mock Storage] downloadData called with: undefined
[90mstdout[2m | src/components/Editor3/plugins/CustomAnswerPlugin.audio-drawing.stories.jsx[2m > [22m[2mAnswered Audio Question
[22m[39m[ChatContext] Setting initial chat: mock-assistantchat-1790418729107
[90mstdout[2m | src/components/Editor3/plugins/CustomAnswerPlugin.audio-drawing.stories.jsx[2m > [22m[2mAnswered Audio Question
[22m[39m[ChatContext] Chat exists and not archived, skipping creation
[90mstdout[2m | src/components/Editor3/plugins/CustomAnswerPlugin.audio-drawing.stories.jsx[2m > [22m[2mAnswered Drawing Question
[22m[39mCustomAnswerComponent.questionID audio-q1
[90mstdout[2m | src/components/Editor3/plugins/CustomAnswerPlugin.audio-drawing.stories.jsx[2m > [22m[2mAnswered Drawing Question
[22m[39mCustomAnswerComponent.questionBank {
  "audio-q1": {
    "answer": "bonjour",
    "id": "audio-q1",
    "prompt": "Say "Bonjour"",
    "type": "audio",
  },
}
[90mstdout[2m | src/components/Editor3/plugins/CustomAnswerPlugin.audio-drawing.stories.jsx[2m > [22m[2mAnswered Drawing Question
[22m[39mCustomAnswerComponent.question {
  "answer": "bonjour",
  "id": "audio-q1",
  "prompt": "Say "Bonjour"",
  "type": "audio",
}
[90mstdout[2m | src/components/Editor3/plugins/CustomAnswerPlugin.audio-drawing.stories.jsx[2m > [22m[2mAnswered Drawing Question
[22m[39mCustomAnswerComponent.question {
  "answer": "bonjour",
  "id": "audio-q1",
  "prompt": "Say "Bonjour"",
  "type": "audio",
}
[90mstdout[2m | src/components/Editor3/plugins/CustomAnswerPlugin.audio-drawing.stories.jsx[2m > [22m[2mAnswered Drawing Question
[22m[39mCustomAnswerComponent.prompt Say "Bonjour"
[90mstdout[2m | src/components/Editor3/plugins/CustomAnswerPlugin.audio-drawing.stories.jsx[2m > [22m[2mAnswered Drawing Question
[22m[39mCustomAnswerComponent.feedback[questionID] undefined
[90mstdout[2m | src/components/Editor3/plugins/CustomAnswerPlugin.audio-drawing.stories.jsx[2m > [22m[2mAnswered Drawing Question
[22m[39mCustomAnswerComponent.isCompleted undefined
[90mstdout[2m | src/components/Editor3/plugins/CustomAnswerPlugin.audio-drawing.stories.jsx[2m > [22m[2mAnswered Drawing Question
[22m[39mCustomAnswerComponent.currentPromptMethod prompt-text
[90mstdout[2m | src/components/Editor3/plugins/CustomAnswerPlugin.audio-drawing.stories.jsx[2m > [22m[2mAnswered Drawing Question
[22m[39mCustomAnswerComponent.displayPrompt Say "Bonjour"
[90mstdout[2m | src/components/Editor3/plugins/CustomAnswerPlugin.audio-drawing.stories.jsx[2m > [22m[2mAnswered Drawing Question
[22m[39m[ChatContext] Cleaning up subscriptions
[90mstdout[2m | src/components/Editor3/plugins/CustomAnswerPlugin.audio-drawing.stories.jsx[2m > [22m[2mAnswered Drawing Question
[22m[39m[Mock Data] Unit.onUpdate() subscription removed. Remaining: 0
[90mstdout[2m | src/components/Editor3/plugins/CustomAnswerPlugin.audio-drawing.stories.jsx[2m > [22m[2mAnswered Drawing Question
[22m[39m[Preview] Skipped initializing default mock data (initializeMockData=false)
[90mstdout[2m | src/components/Editor3/plugins/CustomAnswerPlugin.audio-drawing.stories.jsx[2m > [22m[2mAnswered Drawing Question
[22m[39m[MOCK CourseVectorStore] Initialized with mock data
[90mstdout[2m | src/components/Editor3/plugins/CustomAnswerPlugin.audio-drawing.stories.jsx[2m > [22m[2mAnswered Drawing Question
[22m[39m[Mock Data] seedMockUnit: Adding unit mock-unit-id
[90mstdout[2m | src/components/Editor3/plugins/CustomAnswerPlugin.audio-drawing.stories.jsx[2m > [22m[2mAnswered Drawing Question
[22m[39m[Mock Data] seedMockQuestions: Adding 1 questions
[90mstdout[2m | src/components/Editor3/plugins/CustomAnswerPlugin.audio-drawing.stories.jsx[2m > [22m[2mAnswered Drawing Question
[22m[39m[TranslationModeController] Setting mode to: off
[90mstdout[2m | src/components/Editor3/plugins/CustomAnswerPlugin.audio-drawing.stories.jsx[2m > [22m[2mAnswered Drawing Question
[22m[39m[UnitContext] useEffect triggered {
  "authLoading": false,
  "hasUser": true,
  "id": "mock-unit-id",
  "userSub": "mock-user-sub",
}
[90mstdout[2m | src/components/Editor3/plugins/CustomAnswerPlugin.audio-drawing.stories.jsx[2m > [22m[2mAnswered Drawing Question
[22m[39m[UnitContext] Fetching unit data for id: mock-unit-id
[90mstdout[2m | src/components/Editor3/plugins/CustomAnswerPlugin.audio-drawing.stories.jsx[2m > [22m[2mAnswered Drawing Question
[22m[39m[FilesContext] Initializing vector store from IndexedDB
[90mstdout[2m | src/components/Editor3/plugins/CustomAnswerPlugin.audio-drawing.stories.jsx[2m > [22m[2mAnswered Drawing Question
[22m[39m[FilesContext] fetchFiles called
[90mstdout[2m | src/components/Editor3/plugins/CustomAnswerPlugin.audio-drawing.stories.jsx[2m > [22m[2mAnswered Drawing Question
[22m[39m[FilesContext] User authenticated: mock-user-sub
[90mstdout[2m | src/components/Editor3/plugins/CustomAnswerPlugin.audio-drawing.stories.jsx[2m > [22m[2mAnswered Drawing Question
[22m[39m[FilesContext] Identity ID: us-east-1:mock-identity-123
[90mstdout[2m | src/components/Editor3/plugins/CustomAnswerPlugin.audio-drawing.stories.jsx[2m > [22m[2mAnswered Drawing Question
[22m[39m[FilesContext] About to set up File observeQuery
[90mstdout[2m | src/components/Editor3/plugins/CustomAnswerPlugin.audio-drawing.stories.jsx[2m > [22m[2mAnswered Drawing Question
[22m[39m[ChatContext] Setting up AssistantChat observeQuery
[90mstdout[2m | src/components/Editor3/plugins/CustomAnswerPlugin.audio-drawing.stories.jsx[2m > [22m[2mAnswered Drawing Question
[22m[39m[ChatContext] Waiting for subscription to initialize
[90mstdout[2m | src/components/Editor3/plugins/CustomAnswerPlugin.audio-drawing.stories.jsx[2m > [22m[2mAnswered Drawing Question
[22m[39m[SettingsContext] Setting up Settings subscription for user: mock-user-sub
[90mstdout[2m | src/components/Editor3/plugins/CustomAnswerPlugin.audio-drawing.stories.jsx[2m > [22m[2mAnswered Drawing Question
[22m[39mCustomAnswerComponent.questionID drawing-q1
[90mstdout[2m | src/components/Editor3/plugins/CustomAnswerPlugin.audio-drawing.stories.jsx[2m > [22m[2mAnswered Drawing Question
[22m[39mCustomAnswerComponent.questionBank []
[90mstdout[2m | src/components/Editor3/plugins/CustomAnswerPlugin.audio-drawing.stories.jsx[2m > [22m[2mAnswered Drawing Question
[22m[39mCustomAnswerComponent.question {}
[90mstdout[2m | src/components/Editor3/plugins/CustomAnswerPlugin.audio-drawing.stories.jsx[2m > [22m[2mAnswered Drawing Question
[22m[39mCustomAnswerComponent.question {}
[90mstdout[2m | src/components/Editor3/plugins/CustomAnswerPlugin.audio-drawing.stories.jsx[2m > [22m[2mAnswered Drawing Question
[22m[39mCustomAnswerComponent.prompt undefined
[90mstdout[2m | src/components/Editor3/plugins/CustomAnswerPlugin.audio-drawing.stories.jsx[2m > [22m[2mAnswered Drawing Question
[22m[39mCustomAnswerComponent.feedback[questionID] undefined
[90mstdout[2m | src/components/Editor3/plugins/CustomAnswerPlugin.audio-drawing.stories.jsx[2m > [22m[2mAnswered Drawing Question
[22m[39mCustomAnswerComponent.isCompleted undefined
[90mstdout[2m | src/components/Editor3/plugins/CustomAnswerPlugin.audio-drawing.stories.jsx[2m > [22m[2mAnswered Drawing Question
[22m[39mCustomAnswerComponent.currentPromptMethod prompt-text
[90mstdout[2m | src/components/Editor3/plugins/CustomAnswerPlugin.audio-drawing.stories.jsx[2m > [22m[2mAnswered Drawing Question
[22m[39mCustomAnswerComponent.displayPrompt undefined
[90mstdout[2m | src/components/Editor3/plugins/CustomAnswerPlugin.audio-drawing.stories.jsx[2m > [22m[2mAnswered Drawing Question
[22m[39mallowedInput [
  "writing",
]
[90mstdout[2m | src/components/Editor3/plugins/CustomAnswerPlugin.audio-drawing.stories.jsx[2m > [22m[2mAnswered Drawing Question
[22m[39mpromptMethod [
  "prompt-text",
]
[90mstdout[2m | src/components/Editor3/plugins/CustomAnswerPlugin.audio-drawing.stories.jsx[2m > [22m[2mAnswered Drawing Question
[22m[39mAnswerComponent.currentPromptMethod prompt-text
[90mstdout[2m | src/components/Editor3/plugins/CustomAnswerPlugin.audio-drawing.stories.jsx[2m > [22m[2mAnswered Drawing Question
[22m[39mAnswerComponent.promptMethod [
  "prompt-text",
]
[90mstdout[2m | src/components/Editor3/plugins/CustomAnswerPlugin.audio-drawing.stories.jsx[2m > [22m[2mAnswered Drawing Question
[22m[39mallowedInput [
  "writing",
]
[90mstdout[2m | src/components/Editor3/plugins/CustomAnswerPlugin.audio-drawing.stories.jsx[2m > [22m[2mAnswered Drawing Question
[22m[39mpromptMethod [
  "prompt-text",
]
[90mstdout[2m | src/components/Editor3/plugins/CustomAnswerPlugin.audio-drawing.stories.jsx[2m > [22m[2mAnswered Drawing Question
[22m[39mAnswerComponent.currentPromptMethod prompt-text
[90mstdout[2m | src/components/Editor3/plugins/CustomAnswerPlugin.audio-drawing.stories.jsx[2m > [22m[2mAnswered Drawing Question
[22m[39m[Mock Data] Settings created: mock-settings-1790418729286 - notified 0 subscribers
[90mstdout[2m | src/components/Editor3/plugins/CustomAnswerPlugin.audio-drawing.stories.jsx[2m > [22m[2mAnswered Drawing Question
[22m[39m[Mock Data] Unit.onUpdate() subscription added. Total: 1
[90mstdout[2m | src/components/Editor3/plugins/CustomAnswerPlugin.audio-drawing.stories.jsx[2m > [22m[2mAnswered Drawing Question
[22m[39mCustomAnswerComponent.questionID drawing-q1
[90mstdout[2m | src/components/Editor3/plugins/CustomAnswerPlugin.audio-drawing.stories.jsx[2m > [22m[2mAnswered Drawing Question
[22m[39mCustomAnswerComponent.questionBank []
[90mstdout[2m | src/components/Editor3/plugins/CustomAnswerPlugin.audio-drawing.stories.jsx[2m > [22m[2mAnswered Drawing Question
[22m[39mCustomAnswerComponent.question {}
[90mstdout[2m | src/components/Editor3/plugins/CustomAnswerPlugin.audio-drawing.stories.jsx[2m > [22m[2mAnswered Drawing Question
[22m[39mCustomAnswerComponent.question {}
[90mstdout[2m | src/components/Editor3/plugins/CustomAnswerPlugin.audio-drawing.stories.jsx[2m > [22m[2mAnswered Drawing Question
[22m[39mCustomAnswerComponent.prompt undefined
[90mstdout[2m | src/components/Editor3/plugins/CustomAnswerPlugin.audio-drawing.stories.jsx[2m > [22m[2mAnswered Drawing Question
[22m[39mCustomAnswerComponent.feedback[questionID] undefined
[90mstdout[2m | src/components/Editor3/plugins/CustomAnswerPlugin.audio-drawing.stories.jsx[2m > [22m[2mAnswered Drawing Question
[22m[39mCustomAnswerComponent.isCompleted undefined
[90mstdout[2m | src/components/Editor3/plugins/CustomAnswerPlugin.audio-drawing.stories.jsx[2m > [22m[2mAnswered Drawing Question
[22m[39mCustomAnswerComponent.currentPromptMethod prompt-text
[90mstdout[2m | src/components/Editor3/plugins/CustomAnswerPlugin.audio-drawing.stories.jsx[2m > [22m[2mAnswered Drawing Question
[22m[39mCustomAnswerComponent.displayPrompt undefined
[90mstdout[2m | src/components/Editor3/plugins/CustomAnswerPlugin.audio-drawing.stories.jsx[2m > [22m[2mAnswered Drawing Question
[22m[39m[SectionContext] Section observeQuery update: 0
[90mstdout[2m | src/components/Editor3/plugins/CustomAnswerPlugin.audio-drawing.stories.jsx[2m > [22m[2mAnswered Drawing Question
[22m[39m[FilesContext] File observeQuery update: 0 files
[90mstdout[2m | src/components/Editor3/plugins/CustomAnswerPlugin.audio-drawing.stories.jsx[2m > [22m[2mAnswered Drawing Question
[22m[39m[ChatContext] AssistantChat initialized with 0 chats
[90mstdout[2m | src/components/Editor3/plugins/CustomAnswerPlugin.audio-drawing.stories.jsx[2m > [22m[2mAnswered Drawing Question
[22m[39m[MOCK CourseVectorStore] Initialized with mock data
[90mstdout[2m | src/components/Editor3/plugins/CustomAnswerPlugin.audio-drawing.stories.jsx[2m > [22m[2mAnswered Drawing Question
[22m[39mCustomAnswerComponent.questionID drawing-q1
[90mstdout[2m | src/components/Editor3/plugins/CustomAnswerPlugin.audio-drawing.stories.jsx[2m > [22m[2mAnswered Drawing Question
[22m[39mCustomAnswerComponent.questionBank {
  "drawing-q1": {
    "answer": "A house with roof, walls, door, and windows",
    "id": "drawing-q1",
    "prompt": "Draw a house",
    "type": "drawing",
  },
}
[90mstdout[2m | src/components/Editor3/plugins/CustomAnswerPlugin.audio-drawing.stories.jsx[2m > [22m[2mAnswered Drawing Question
[22m[39mCustomAnswerComponent.question {
  "answer": "A house with roof, walls, door, and windows",
  "id": "drawing-q1",
  "prompt": "Draw a house",
  "type": "drawing",
}
[90mstdout[2m | src/components/Editor3/plugins/CustomAnswerPlugin.audio-drawing.stories.jsx[2m > [22m[2mAnswered Drawing Question
[22m[39mCustomAnswerComponent.question {
  "answer": "A house with roof, walls, door, and windows",
  "id": "drawing-q1",
  "prompt": "Draw a house",
  "type": "drawing",
}
[90mstdout[2m | src/components/Editor3/plugins/CustomAnswerPlugin.audio-drawing.stories.jsx[2m > [22m[2mAnswered Drawing Question
[22m[39mCustomAnswerComponent.prompt Draw a house
[90mstdout[2m | src/components/Editor3/plugins/CustomAnswerPlugin.audio-drawing.stories.jsx[2m > [22m[2mAnswered Drawing Question
[22m[39mCustomAnswerComponent.feedback[questionID] undefined
[90mstdout[2m | src/components/Editor3/plugins/CustomAnswerPlugin.audio-drawing.stories.jsx[2m > [22m[2mAnswered Drawing Question
[22m[39mCustomAnswerComponent.isCompleted undefined
[90mstdout[2m | src/components/Editor3/plugins/CustomAnswerPlugin.audio-drawing.stories.jsx[2m > [22m[2mAnswered Drawing Question
[22m[39mCustomAnswerComponent.currentPromptMethod prompt-text
[90mstdout[2m | src/components/Editor3/plugins/CustomAnswerPlugin.audio-drawing.stories.jsx[2m > [22m[2mAnswered Drawing Question
[22m[39mCustomAnswerComponent.displayPrompt Draw a house
[90mstdout[2m | src/components/Editor3/plugins/CustomAnswerPlugin.audio-drawing.stories.jsx[2m > [22m[2mAnswered Drawing Question
[22m[39m[ChatContext] No current chat available, will create one
[90mstdout[2m | src/components/Editor3/plugins/CustomAnswerPlugin.audio-drawing.stories.jsx[2m > [22m[2mAnswered Drawing Question
[22m[39m[ChatContext] Creating AssistantChat with user: undefined
[90mstdout[2m | src/components/Editor3/plugins/CustomAnswerPlugin.audio-drawing.stories.jsx[2m > [22m[2mAnswered Drawing Question
[22m[39m[Mock Data] AssistantChat created: mock-assistantchat-1790418729326 - notified 1 subscribers
[90mstdout[2m | src/components/Editor3/plugins/CustomAnswerPlugin.audio-drawing.stories.jsx[2m > [22m[2mAnswered Drawing Question
[22m[39m[ChatContext] Create result: {
  "data": {
    "_version": 1,
    "archived": false,
    "chatFiles": [Function anonymous],
    "createdAt": "2026-09-26T10:32:09.326Z",
    "id": "mock-assistantchat-1790418729326",
    "model": "gpt-4",
    "updatedAt": "2026-09-26T10:32:09.326Z",
  },
  "errors": [],
  "hasData": true,
  "hasErrors": true,
}
[90mstdout[2m | src/components/Editor3/plugins/CustomAnswerPlugin.audio-drawing.stories.jsx[2m > [22m[2mAnswered Drawing Question
[22m[39m[ChatContext] Created AssistantChat: mock-assistantchat-1790418729326 at: 2026-09-26T10:32:09.326Z
[90mstdout[2m | src/components/Editor3/plugins/CustomAnswerPlugin.audio-drawing.stories.jsx[2m > [22m[2mAnswered Drawing Question
[22m[39m[Mock Storage] downloadData called with: undefined
[90mstdout[2m | src/components/Editor3/plugins/CustomAnswerPlugin.audio-drawing.stories.jsx[2m > [22m[2mAnswered Drawing Question
[22m[39m[ChatContext] Setting initial chat: mock-assistantchat-1790418729326
[90mstdout[2m | src/components/Editor3/plugins/CustomAnswerPlugin.audio-drawing.stories.jsx[2m > [22m[2mAnswered Drawing Question
[22m[39m[ChatContext] Chat exists and not archived, skipping creation
 [32m✓[39m [30m[45m storybook (chromium) [49m[39m src/components/Editor3/plugins/CustomAnswerPlugin.audio-drawing.stories.jsx [2m([22m[2m7 tests[22m[2m)[22m[33m 1953[2mms[22m[39m
   [33m[2m✓[22m[39m Audio Only Question [33m 357[2mms[22m[39m
   [33m[2m✓[22m[39m Language Pronunciation [33m 412[2mms[22m[39m
   [33m[2m✓[22m[39m Answered Audio Question [33m 393[2mms[22m[39m
[90mstdout[2m | unknown test
[22m[39m[MOCK vectorStoreDB.js] Module loaded - mock IndexedDB operations
[90mstdout[2m | unknown test
[22m[39m[Task Completion] DOM action listeners initialized
[90mstdout[2m | unknown test
[22m[39m[Task Completion] Auto-completion detector initialized
[90mstdout[2m | unknown test
[22m[39m[Preview] Task completion detector initialized
[90mstdout[2m | src/components/RecordingStudio3Modal.stories.jsx[2m > [22m[2mWord Preset
[22m[39m[MOCK CourseVectorStore] Initialized with mock data
[90mstdout[2m | src/components/RecordingStudio3Modal.stories.jsx[2m > [22m[2mWord Preset
[22m[39m[TranslationModeController] Setting mode to: off
[90mstdout[2m | src/components/RecordingStudio3Modal.stories.jsx[2m > [22m[2mWord Preset
[22m[39m[UnitContext] useEffect triggered {
  "authLoading": false,
  "hasUser": true,
  "id": "mock-unit-id",
  "userSub": "mock-user-sub",
}
[90mstdout[2m | src/components/RecordingStudio3Modal.stories.jsx[2m > [22m[2mWord Preset
[22m[39m[UnitContext] Fetching unit data for id: mock-unit-id
[90mstdout[2m | src/components/RecordingStudio3Modal.stories.jsx[2m > [22m[2mWord Preset
[22m[39m[FilesContext] Initializing vector store from IndexedDB
[90mstdout[2m | src/components/RecordingStudio3Modal.stories.jsx[2m > [22m[2mWord Preset
[22m[39m[FilesContext] fetchFiles called
[90mstdout[2m | src/components/RecordingStudio3Modal.stories.jsx[2m > [22m[2mWord Preset
[22m[39m[FilesContext] User authenticated: mock-user-sub
[90mstdout[2m | src/components/RecordingStudio3Modal.stories.jsx[2m > [22m[2mWord Preset
[22m[39m[FilesContext] Identity ID: us-east-1:mock-identity-123
[90mstdout[2m | src/components/RecordingStudio3Modal.stories.jsx[2m > [22m[2mWord Preset
[22m[39m[FilesContext] About to set up File observeQuery
[90mstdout[2m | src/components/RecordingStudio3Modal.stories.jsx[2m > [22m[2mWord Preset
[22m[39m[ChatContext] Setting up AssistantChat observeQuery
[90mstdout[2m | src/components/RecordingStudio3Modal.stories.jsx[2m > [22m[2mWord Preset
[22m[39m[ChatContext] Waiting for subscription to initialize
[90mstdout[2m | src/components/RecordingStudio3Modal.stories.jsx[2m > [22m[2mWord Preset
[22m[39m[SettingsContext] Setting up Settings subscription for user: mock-user-sub
[90mstdout[2m | src/components/RecordingStudio3Modal.stories.jsx[2m > [22m[2mWord Preset
[22m[39m[Mock Data] Settings created: mock-settings-1790418733005 - notified 0 subscribers
[90mstdout[2m | src/components/RecordingStudio3Modal.stories.jsx[2m > [22m[2mWord Preset
[22m[39m[Mock Data] Unit.onUpdate() subscription added. Total: 1
[90mstdout[2m | src/components/RecordingStudio3Modal.stories.jsx[2m > [22m[2mWord Preset
[22m[39m[SectionContext] Section observeQuery update: 0
[90mstdout[2m | src/components/RecordingStudio3Modal.stories.jsx[2m > [22m[2mWord Preset
[22m[39m[FilesContext] File observeQuery update: 6 files
[90mstdout[2m | src/components/RecordingStudio3Modal.stories.jsx[2m > [22m[2mWord Preset
[22m[39m[ChatContext] AssistantChat initialized with 1 chats
[90mstdout[2m | src/components/RecordingStudio3Modal.stories.jsx[2m > [22m[2mWord Preset
[22m[39m[ChatContext] Setting initial chat: mock-assistant-chat-1
[90mstdout[2m | src/components/RecordingStudio3Modal.stories.jsx[2m > [22m[2mWord Preset
[22m[39m[MOCK CourseVectorStore] Initialized with mock data
[90mstdout[2m | src/components/RecordingStudio3Modal.stories.jsx[2m > [22m[2mWord Preset
[22m[39m[FilesContext] Vector store population triggered {
  "currentVectorStoreSize": 3,
  "documentsCount": 0,
  "filesCount": 6,
  "isInitialLoad": true,
}
[90mstdout[2m | src/components/RecordingStudio3Modal.stories.jsx[2m > [22m[2mWord Preset
[22m[39m[FilesContext] Vector store population complete - 3 total embeddings
[90mstdout[2m | src/components/RecordingStudio3Modal.stories.jsx[2m > [22m[2mWord Preset
[22m[39m[ChatContext] Chat exists and not archived, skipping creation
[90mstdout[2m | src/components/RecordingStudio3Modal.stories.jsx[2m > [22m[2mWord Preset
[22m[39m[Mock Storage] downloadData called with: undefined
[90mstdout[2m | src/components/RecordingStudio3Modal.stories.jsx[2m > [22m[2mConversation Preset
[22m[39m[ChatContext] Cleaning up subscriptions
[90mstdout[2m | src/components/RecordingStudio3Modal.stories.jsx[2m > [22m[2mConversation Preset
[22m[39m[Mock Data] Unit.onUpdate() subscription removed. Remaining: 0
[90mstdout[2m | src/components/RecordingStudio3Modal.stories.jsx[2m > [22m[2mConversation Preset
[22m[39m[MOCK CourseVectorStore] Initialized with mock data
[90mstdout[2m | src/components/RecordingStudio3Modal.stories.jsx[2m > [22m[2mConversation Preset
[22m[39m[TranslationModeController] Setting mode to: off
[90mstdout[2m | src/components/RecordingStudio3Modal.stories.jsx[2m > [22m[2mConversation Preset
[22m[39m[UnitContext] useEffect triggered {
  "authLoading": false,
  "hasUser": true,
  "id": "mock-unit-id",
  "userSub": "mock-user-sub",
}
[90mstdout[2m | src/components/RecordingStudio3Modal.stories.jsx[2m > [22m[2mConversation Preset
[22m[39m[UnitContext] Fetching unit data for id: mock-unit-id
[90mstdout[2m | src/components/RecordingStudio3Modal.stories.jsx[2m > [22m[2mConversation Preset
[22m[39m[FilesContext] Initializing vector store from IndexedDB
[90mstdout[2m | src/components/RecordingStudio3Modal.stories.jsx[2m > [22m[2mConversation Preset
[22m[39m[FilesContext] fetchFiles called
[90mstdout[2m | src/components/RecordingStudio3Modal.stories.jsx[2m > [22m[2mConversation Preset
[22m[39m[FilesContext] User authenticated: mock-user-sub
[90mstdout[2m | src/components/RecordingStudio3Modal.stories.jsx[2m > [22m[2mConversation Preset
[22m[39m[FilesContext] Identity ID: us-east-1:mock-identity-123
[90mstdout[2m | src/components/RecordingStudio3Modal.stories.jsx[2m > [22m[2mConversation Preset
[22m[39m[FilesContext] About to set up File observeQuery
[90mstdout[2m | src/components/RecordingStudio3Modal.stories.jsx[2m > [22m[2mConversation Preset
[22m[39m[ChatContext] Setting up AssistantChat observeQuery
[90mstdout[2m | src/components/RecordingStudio3Modal.stories.jsx[2m > [22m[2mConversation Preset
[22m[39m[ChatContext] Waiting for subscription to initialize
[90mstdout[2m | src/components/RecordingStudio3Modal.stories.jsx[2m > [22m[2mConversation Preset
[22m[39m[SettingsContext] Setting up Settings subscription for user: mock-user-sub
[90mstdout[2m | src/components/RecordingStudio3Modal.stories.jsx[2m > [22m[2mConversation Preset
[22m[39m[Mock Data] Settings created: mock-settings-1790418733453 - notified 0 subscribers
[90mstdout[2m | src/components/RecordingStudio3Modal.stories.jsx[2m > [22m[2mConversation Preset
[22m[39m[Mock Data] Unit.onUpdate() subscription added. Total: 1
[90mstdout[2m | src/components/RecordingStudio3Modal.stories.jsx[2m > [22m[2mConversation Preset
[22m[39m[SectionContext] Section observeQuery update: 0
[90mstdout[2m | src/components/RecordingStudio3Modal.stories.jsx[2m > [22m[2mConversation Preset
[22m[39m[FilesContext] File observeQuery update: 6 files
[90mstdout[2m | src/components/RecordingStudio3Modal.stories.jsx[2m > [22m[2mConversation Preset
[22m[39m[ChatContext] AssistantChat initialized with 1 chats
[90mstdout[2m | src/components/RecordingStudio3Modal.stories.jsx[2m > [22m[2mConversation Preset
[22m[39m[ChatContext] Setting initial chat: mock-assistant-chat-1
[90mstdout[2m | src/components/RecordingStudio3Modal.stories.jsx[2m > [22m[2mConversation Preset
[22m[39m[MOCK CourseVectorStore] Initialized with mock data
[90mstdout[2m | src/components/RecordingStudio3Modal.stories.jsx[2m > [22m[2mConversation Preset
[22m[39m[FilesContext] Vector store population triggered {
  "currentVectorStoreSize": 3,
  "documentsCount": 0,
  "filesCount": 6,
  "isInitialLoad": true,
}
[90mstdout[2m | src/components/RecordingStudio3Modal.stories.jsx[2m > [22m[2mConversation Preset
[22m[39m[FilesContext] Vector store population complete - 3 total embeddings
[90mstdout[2m | src/components/RecordingStudio3Modal.stories.jsx[2m > [22m[2mConversation Preset
[22m[39m[ChatContext] Chat exists and not archived, skipping creation
[90mstdout[2m | src/components/RecordingStudio3Modal.stories.jsx[2m > [22m[2mConversation Preset
[22m[39m[Mock Storage] downloadData called with: undefined
[90mstdout[2m | src/components/RecordingStudio3Modal.stories.jsx[2m > [22m[2mQuestion Preset
[22m[39m[ChatContext] Cleaning up subscriptions
[90mstdout[2m | src/components/RecordingStudio3Modal.stories.jsx[2m > [22m[2mQuestion Preset
[22m[39m[Mock Data] Unit.onUpdate() subscription removed. Remaining: 0
[90mstdout[2m | src/components/RecordingStudio3Modal.stories.jsx[2m > [22m[2mQuestion Preset
[22m[39m[MOCK CourseVectorStore] Initialized with mock data
[90mstdout[2m | src/components/RecordingStudio3Modal.stories.jsx[2m > [22m[2mQuestion Preset
[22m[39m[TranslationModeController] Setting mode to: off
[90mstdout[2m | src/components/RecordingStudio3Modal.stories.jsx[2m > [22m[2mQuestion Preset
[22m[39m[UnitContext] useEffect triggered {
  "authLoading": false,
  "hasUser": true,
  "id": "mock-unit-id",
  "userSub": "mock-user-sub",
}
[90mstdout[2m | src/components/RecordingStudio3Modal.stories.jsx[2m > [22m[2mQuestion Preset
[22m[39m[UnitContext] Fetching unit data for id: mock-unit-id
[90mstdout[2m | src/components/RecordingStudio3Modal.stories.jsx[2m > [22m[2mQuestion Preset
[22m[39m[FilesContext] Initializing vector store from IndexedDB
[90mstdout[2m | src/components/RecordingStudio3Modal.stories.jsx[2m > [22m[2mQuestion Preset
[22m[39m[FilesContext] fetchFiles called
[90mstdout[2m | src/components/RecordingStudio3Modal.stories.jsx[2m > [22m[2mQuestion Preset
[22m[39m[FilesContext] User authenticated: mock-user-sub
[90mstdout[2m | src/components/RecordingStudio3Modal.stories.jsx[2m > [22m[2mQuestion Preset
[22m[39m[FilesContext] Identity ID: us-east-1:mock-identity-123
[90mstdout[2m | src/components/RecordingStudio3Modal.stories.jsx[2m > [22m[2mQuestion Preset
[22m[39m[FilesContext] About to set up File observeQuery
[90mstdout[2m | src/components/RecordingStudio3Modal.stories.jsx[2m > [22m[2mQuestion Preset
[22m[39m[ChatContext] Setting up AssistantChat observeQuery
[90mstdout[2m | src/components/RecordingStudio3Modal.stories.jsx[2m > [22m[2mQuestion Preset
[22m[39m[ChatContext] Waiting for subscription to initialize
[90mstdout[2m | src/components/RecordingStudio3Modal.stories.jsx[2m > [22m[2mQuestion Preset
[22m[39m[SettingsContext] Setting up Settings subscription for user: mock-user-sub
[90mstdout[2m | src/components/RecordingStudio3Modal.stories.jsx[2m > [22m[2mQuestion Preset
[22m[39m[Mock Data] Settings created: mock-settings-1790418733814 - notified 0 subscribers
[90mstdout[2m | src/components/RecordingStudio3Modal.stories.jsx[2m > [22m[2mQuestion Preset
[22m[39m[Mock Data] Unit.onUpdate() subscription added. Total: 1
[90mstdout[2m | src/components/RecordingStudio3Modal.stories.jsx[2m > [22m[2mQuestion Preset
[22m[39m[SectionContext] Section observeQuery update: 0
[90mstdout[2m | src/components/RecordingStudio3Modal.stories.jsx[2m > [22m[2mQuestion Preset
[22m[39m[FilesContext] File observeQuery update: 6 files
[90mstdout[2m | src/components/RecordingStudio3Modal.stories.jsx[2m > [22m[2mQuestion Preset
[22m[39m[ChatContext] AssistantChat initialized with 1 chats
[90mstdout[2m | src/components/RecordingStudio3Modal.stories.jsx[2m > [22m[2mQuestion Preset
[22m[39m[ChatContext] Setting initial chat: mock-assistant-chat-1
[90mstdout[2m | src/components/RecordingStudio3Modal.stories.jsx[2m > [22m[2mQuestion Preset
[22m[39m[MOCK CourseVectorStore] Initialized with mock data
[90mstdout[2m | src/components/RecordingStudio3Modal.stories.jsx[2m > [22m[2mQuestion Preset
[22m[39m[FilesContext] Vector store population triggered {
  "currentVectorStoreSize": 3,
  "documentsCount": 0,
  "filesCount": 6,
  "isInitialLoad": true,
}
[90mstdout[2m | src/components/RecordingStudio3Modal.stories.jsx[2m > [22m[2mQuestion Preset
[22m[39m[FilesContext] Vector store population complete - 3 total embeddings
[90mstdout[2m | src/components/RecordingStudio3Modal.stories.jsx[2m > [22m[2mQuestion Preset
[22m[39m[ChatContext] Chat exists and not archived, skipping creation
[90mstdout[2m | src/components/RecordingStudio3Modal.stories.jsx[2m > [22m[2mQuestion Preset
[22m[39m[Mock Storage] downloadData called with: undefined
[90mstdout[2m | src/components/RecordingStudio3Modal.stories.jsx[2m > [22m[2mConfirmation Preview
[22m[39m[ChatContext] Cleaning up subscriptions
[90mstdout[2m | src/components/RecordingStudio3Modal.stories.jsx[2m > [22m[2mConfirmation Preview
[22m[39m[Mock Data] Unit.onUpdate() subscription removed. Remaining: 0
[90mstdout[2m | src/components/RecordingStudio3Modal.stories.jsx[2m > [22m[2mConfirmation Preview
[22m[39m[MOCK CourseVectorStore] Initialized with mock data
[90mstdout[2m | src/components/RecordingStudio3Modal.stories.jsx[2m > [22m[2mConfirmation Preview
[22m[39m[TranslationModeController] Setting mode to: off
[90mstdout[2m | src/components/RecordingStudio3Modal.stories.jsx[2m > [22m[2mConfirmation Preview
[22m[39m[UnitContext] useEffect triggered {
  "authLoading": false,
  "hasUser": true,
  "id": "mock-unit-id",
  "userSub": "mock-user-sub",
}
[90mstdout[2m | src/components/RecordingStudio3Modal.stories.jsx[2m > [22m[2mConfirmation Preview
[22m[39m[UnitContext] Fetching unit data for id: mock-unit-id
[90mstdout[2m | src/components/RecordingStudio3Modal.stories.jsx[2m > [22m[2mConfirmation Preview
[22m[39m[FilesContext] Initializing vector store from IndexedDB
[90mstdout[2m | src/components/RecordingStudio3Modal.stories.jsx[2m > [22m[2mConfirmation Preview
[22m[39m[FilesContext] fetchFiles called
[90mstdout[2m | src/components/RecordingStudio3Modal.stories.jsx[2m > [22m[2mConfirmation Preview
[22m[39m[FilesContext] User authenticated: mock-user-sub
[90mstdout[2m | src/components/RecordingStudio3Modal.stories.jsx[2m > [22m[2mConfirmation Preview
[22m[39m[FilesContext] Identity ID: us-east-1:mock-identity-123
[90mstdout[2m | src/components/RecordingStudio3Modal.stories.jsx[2m > [22m[2mConfirmation Preview
[22m[39m[FilesContext] About to set up File observeQuery
[90mstdout[2m | src/components/RecordingStudio3Modal.stories.jsx[2m > [22m[2mConfirmation Preview
[22m[39m[ChatContext] Setting up AssistantChat observeQuery
[90mstdout[2m | src/components/RecordingStudio3Modal.stories.jsx[2m > [22m[2mConfirmation Preview
[22m[39m[ChatContext] Waiting for subscription to initialize
[90mstdout[2m | src/components/RecordingStudio3Modal.stories.jsx[2m > [22m[2mConfirmation Preview
[22m[39m[SettingsContext] Setting up Settings subscription for user: mock-user-sub
[90mstdout[2m | src/components/RecordingStudio3Modal.stories.jsx[2m > [22m[2mConfirmation Preview
[22m[39m[Mock Data] Settings created: mock-settings-1790418734220 - notified 0 subscribers
[90mstdout[2m | src/components/RecordingStudio3Modal.stories.jsx[2m > [22m[2mConfirmation Preview
[22m[39m[Mock Data] Unit.onUpdate() subscription added. Total: 1
[90mstdout[2m | src/components/RecordingStudio3Modal.stories.jsx[2m > [22m[2mConfirmation Preview
[22m[39m[SectionContext] Section observeQuery update: 0
[90mstdout[2m | src/components/RecordingStudio3Modal.stories.jsx[2m > [22m[2mConfirmation Preview
[22m[39m[FilesContext] File observeQuery update: 6 files
[90mstdout[2m | src/components/RecordingStudio3Modal.stories.jsx[2m > [22m[2mConfirmation Preview
[22m[39m[ChatContext] AssistantChat initialized with 1 chats
[90mstdout[2m | src/components/RecordingStudio3Modal.stories.jsx[2m > [22m[2mConfirmation Preview
[22m[39m[ChatContext] Setting initial chat: mock-assistant-chat-1
[90mstdout[2m | src/components/RecordingStudio3Modal.stories.jsx[2m > [22m[2mConfirmation Preview
[22m[39m[MOCK CourseVectorStore] Initialized with mock data
[90mstdout[2m | src/components/RecordingStudio3Modal.stories.jsx[2m > [22m[2mConfirmation Preview
[22m[39m[FilesContext] Vector store population triggered {
  "currentVectorStoreSize": 3,
  "documentsCount": 0,
  "filesCount": 6,
  "isInitialLoad": true,
}
[90mstdout[2m | src/components/RecordingStudio3Modal.stories.jsx[2m > [22m[2mConfirmation Preview
[22m[39m[FilesContext] Vector store population complete - 3 total embeddings
[90mstdout[2m | src/components/RecordingStudio3Modal.stories.jsx[2m > [22m[2mConfirmation Preview
[22m[39m[ChatContext] Chat exists and not archived, skipping creation
[90mstdout[2m | src/components/RecordingStudio3Modal.stories.jsx[2m > [22m[2mConfirmation Preview
[22m[39m[Mock Storage] downloadData called with: undefined
[90mstdout[2m | src/components/RecordingStudio3Modal.stories.jsx[2m > [22m[2mRead Only
[22m[39m[ChatContext] Cleaning up subscriptions
[90mstdout[2m | src/components/RecordingStudio3Modal.stories.jsx[2m > [22m[2mRead Only
[22m[39m[Mock Data] Unit.onUpdate() subscription removed. Remaining: 0
[90mstdout[2m | src/components/RecordingStudio3Modal.stories.jsx[2m > [22m[2mRead Only
[22m[39m[MOCK CourseVectorStore] Initialized with mock data
[90mstdout[2m | src/components/RecordingStudio3Modal.stories.jsx[2m > [22m[2mRead Only
[22m[39m[TranslationModeController] Setting mode to: off
[90mstdout[2m | src/components/RecordingStudio3Modal.stories.jsx[2m > [22m[2mRead Only
[22m[39m[UnitContext] useEffect triggered {
  "authLoading": false,
  "hasUser": true,
  "id": "mock-unit-id",
  "userSub": "mock-user-sub",
}
[90mstdout[2m | src/components/RecordingStudio3Modal.stories.jsx[2m > [22m[2mRead Only
[22m[39m[UnitContext] Fetching unit data for id: mock-unit-id
[90mstdout[2m | src/components/RecordingStudio3Modal.stories.jsx[2m > [22m[2mRead Only
[22m[39m[FilesContext] Initializing vector store from IndexedDB
[90mstdout[2m | src/components/RecordingStudio3Modal.stories.jsx[2m > [22m[2mRead Only
[22m[39m[FilesContext] fetchFiles called
[90mstdout[2m | src/components/RecordingStudio3Modal.stories.jsx[2m > [22m[2mRead Only
[22m[39m[FilesContext] User authenticated: mock-user-sub
[90mstdout[2m | src/components/RecordingStudio3Modal.stories.jsx[2m > [22m[2mRead Only
[22m[39m[FilesContext] Identity ID: us-east-1:mock-identity-123
[90mstdout[2m | src/components/RecordingStudio3Modal.stories.jsx[2m > [22m[2mRead Only
[22m[39m[FilesContext] About to set up File observeQuery
[90mstdout[2m | src/components/RecordingStudio3Modal.stories.jsx[2m > [22m[2mRead Only
[22m[39m[ChatContext] Setting up AssistantChat observeQuery
[90mstdout[2m | src/components/RecordingStudio3Modal.stories.jsx[2m > [22m[2mRead Only
[22m[39m[ChatContext] Waiting for subscription to initialize
[90mstdout[2m | src/components/RecordingStudio3Modal.stories.jsx[2m > [22m[2mRead Only
[22m[39m[SettingsContext] Setting up Settings subscription for user: mock-user-sub
[90mstdout[2m | src/components/RecordingStudio3Modal.stories.jsx[2m > [22m[2mRead Only
[22m[39m[Mock Data] Settings created: mock-settings-1790418734620 - notified 0 subscribers
[90mstdout[2m | src/components/RecordingStudio3Modal.stories.jsx[2m > [22m[2mRead Only
[22m[39m[Mock Data] Unit.onUpdate() subscription added. Total: 1
[90mstdout[2m | src/components/RecordingStudio3Modal.stories.jsx[2m > [22m[2mRead Only
[22m[39m[SectionContext] Section observeQuery update: 0
[90mstdout[2m | src/components/RecordingStudio3Modal.stories.jsx[2m > [22m[2mRead Only
[22m[39m[FilesContext] File observeQuery update: 6 files
[90mstdout[2m | src/components/RecordingStudio3Modal.stories.jsx[2m > [22m[2mRead Only
[22m[39m[ChatContext] AssistantChat initialized with 1 chats
[90mstdout[2m | src/components/RecordingStudio3Modal.stories.jsx[2m > [22m[2mRead Only
[22m[39m[ChatContext] Setting initial chat: mock-assistant-chat-1
[90mstdout[2m | src/components/RecordingStudio3Modal.stories.jsx[2m > [22m[2mRead Only
[22m[39m[MOCK CourseVectorStore] Initialized with mock data
[90mstdout[2m | src/components/RecordingStudio3Modal.stories.jsx[2m > [22m[2mRead Only
[22m[39m[FilesContext] Vector store population triggered {
  "currentVectorStoreSize": 3,
  "documentsCount": 0,
  "filesCount": 6,
  "isInitialLoad": true,
}
[90mstdout[2m | src/components/RecordingStudio3Modal.stories.jsx[2m > [22m[2mRead Only
[22m[39m[FilesContext] Vector store population complete - 3 total embeddings
[90mstdout[2m | src/components/RecordingStudio3Modal.stories.jsx[2m > [22m[2mRead Only
[22m[39m[ChatContext] Chat exists and not archived, skipping creation
[90mstdout[2m | src/components/RecordingStudio3Modal.stories.jsx[2m > [22m[2mRead Only
[22m[39m[Mock Storage] downloadData called with: undefined
[90mstdout[2m | src/components/RecordingStudio3Modal.stories.jsx[2m > [22m[2mConversation With Recorded Takes
[22m[39m[ChatContext] Cleaning up subscriptions
[90mstdout[2m | src/components/RecordingStudio3Modal.stories.jsx[2m > [22m[2mConversation With Recorded Takes
[22m[39m[Mock Data] Unit.onUpdate() subscription removed. Remaining: 0
[90mstdout[2m | src/components/RecordingStudio3Modal.stories.jsx[2m > [22m[2mConversation With Recorded Takes
[22m[39m[MOCK CourseVectorStore] Initialized with mock data
[90mstdout[2m | src/components/RecordingStudio3Modal.stories.jsx[2m > [22m[2mConversation With Recorded Takes
[22m[39m[TranslationModeController] Setting mode to: off
[90mstdout[2m | src/components/RecordingStudio3Modal.stories.jsx[2m > [22m[2mConversation With Recorded Takes
[22m[39m[UnitContext] useEffect triggered {
  "authLoading": false,
  "hasUser": true,
  "id": "mock-unit-id",
  "userSub": "mock-user-sub",
}
[90mstdout[2m | src/components/RecordingStudio3Modal.stories.jsx[2m > [22m[2mConversation With Recorded Takes
[22m[39m[UnitContext] Fetching unit data for id: mock-unit-id
[90mstdout[2m | src/components/RecordingStudio3Modal.stories.jsx[2m > [22m[2mConversation With Recorded Takes
[22m[39m[FilesContext] Initializing vector store from IndexedDB
[90mstdout[2m | src/components/RecordingStudio3Modal.stories.jsx[2m > [22m[2mConversation With Recorded Takes
[22m[39m[FilesContext] fetchFiles called
[90mstdout[2m | src/components/RecordingStudio3Modal.stories.jsx[2m > [22m[2mConversation With Recorded Takes
[22m[39m[FilesContext] User authenticated: mock-user-sub
[90mstdout[2m | src/components/RecordingStudio3Modal.stories.jsx[2m > [22m[2mConversation With Recorded Takes
[22m[39m[FilesContext] Identity ID: us-east-1:mock-identity-123
[90mstdout[2m | src/components/RecordingStudio3Modal.stories.jsx[2m > [22m[2mConversation With Recorded Takes
[22m[39m[FilesContext] About to set up File observeQuery
[90mstdout[2m | src/components/RecordingStudio3Modal.stories.jsx[2m > [22m[2mConversation With Recorded Takes
[22m[39m[ChatContext] Setting up AssistantChat observeQuery
[90mstdout[2m | src/components/RecordingStudio3Modal.stories.jsx[2m > [22m[2mConversation With Recorded Takes
[22m[39m[ChatContext] Waiting for subscription to initialize
[90mstdout[2m | src/components/RecordingStudio3Modal.stories.jsx[2m > [22m[2mConversation With Recorded Takes
[22m[39m[SettingsContext] Setting up Settings subscription for user: mock-user-sub
[90mstdout[2m | src/components/RecordingStudio3Modal.stories.jsx[2m > [22m[2mConversation With Recorded Takes
[22m[39m[Mock Data] Settings created: mock-settings-1790418735039 - notified 0 subscribers
[90mstdout[2m | src/components/RecordingStudio3Modal.stories.jsx[2m > [22m[2mConversation With Recorded Takes
[22m[39m[Mock Data] Unit.onUpdate() subscription added. Total: 1
[90mstdout[2m | src/components/RecordingStudio3Modal.stories.jsx[2m > [22m[2mConversation With Recorded Takes
[22m[39m[SectionContext] Section observeQuery update: 0
[90mstdout[2m | src/components/RecordingStudio3Modal.stories.jsx[2m > [22m[2mConversation With Recorded Takes
[22m[39m[FilesContext] File observeQuery update: 6 files
[90mstdout[2m | src/components/RecordingStudio3Modal.stories.jsx[2m > [22m[2mConversation With Recorded Takes
[22m[39m[ChatContext] AssistantChat initialized with 1 chats
[90mstdout[2m | src/components/RecordingStudio3Modal.stories.jsx[2m > [22m[2mConversation With Recorded Takes
[22m[39m[ChatContext] Setting initial chat: mock-assistant-chat-1
[90mstdout[2m | src/components/RecordingStudio3Modal.stories.jsx[2m > [22m[2mConversation With Recorded Takes
[22m[39m[MOCK CourseVectorStore] Initialized with mock data
[90mstdout[2m | src/components/RecordingStudio3Modal.stories.jsx[2m > [22m[2mConversation With Recorded Takes
[22m[39m[FilesContext] Vector store population triggered {
  "currentVectorStoreSize": 3,
  "documentsCount": 0,
  "filesCount": 6,
  "isInitialLoad": true,
}
[90mstdout[2m | src/components/RecordingStudio3Modal.stories.jsx[2m > [22m[2mConversation With Recorded Takes
[22m[39m[FilesContext] Vector store population complete - 3 total embeddings
[90mstdout[2m | src/components/RecordingStudio3Modal.stories.jsx[2m > [22m[2mConversation With Recorded Takes
[22m[39m[ChatContext] Chat exists and not archived, skipping creation
[90mstdout[2m | src/components/RecordingStudio3Modal.stories.jsx[2m > [22m[2mConversation With Recorded Takes
[22m[39m[Mock Storage] downloadData called with: undefined
[90mstdout[2m | src/components/RecordingStudio3Modal.stories.jsx[2m > [22m[2mClosed
[22m[39m[ChatContext] Cleaning up subscriptions
[90mstdout[2m | src/components/RecordingStudio3Modal.stories.jsx[2m > [22m[2mClosed
[22m[39m[Mock Data] Unit.onUpdate() subscription removed. Remaining: 0
[90mstdout[2m | src/components/RecordingStudio3Modal.stories.jsx[2m > [22m[2mClosed
[22m[39m[MOCK CourseVectorStore] Initialized with mock data
[90mstdout[2m | src/components/RecordingStudio3Modal.stories.jsx[2m > [22m[2mClosed
[22m[39m[TranslationModeController] Setting mode to: off
[90mstdout[2m | src/components/RecordingStudio3Modal.stories.jsx[2m > [22m[2mClosed
[22m[39m[UnitContext] useEffect triggered {
  "authLoading": false,
  "hasUser": true,
  "id": "mock-unit-id",
  "userSub": "mock-user-sub",
}
[90mstdout[2m | src/components/RecordingStudio3Modal.stories.jsx[2m > [22m[2mClosed
[22m[39m[UnitContext] Fetching unit data for id: mock-unit-id
[90mstdout[2m | src/components/RecordingStudio3Modal.stories.jsx[2m > [22m[2mClosed
[22m[39m[FilesContext] Initializing vector store from IndexedDB
[90mstdout[2m | src/components/RecordingStudio3Modal.stories.jsx[2m > [22m[2mClosed
[22m[39m[FilesContext] fetchFiles called
[90mstdout[2m | src/components/RecordingStudio3Modal.stories.jsx[2m > [22m[2mClosed
[22m[39m[FilesContext] User authenticated: mock-user-sub
[90mstdout[2m | src/components/RecordingStudio3Modal.stories.jsx[2m > [22m[2mClosed
[22m[39m[FilesContext] Identity ID: us-east-1:mock-identity-123
[90mstdout[2m | src/components/RecordingStudio3Modal.stories.jsx[2m > [22m[2mClosed
[22m[39m[FilesContext] About to set up File observeQuery
[90mstdout[2m | src/components/RecordingStudio3Modal.stories.jsx[2m > [22m[2mClosed
[22m[39m[ChatContext] Setting up AssistantChat observeQuery
[90mstdout[2m | src/components/RecordingStudio3Modal.stories.jsx[2m > [22m[2mClosed
[22m[39m[ChatContext] Waiting for subscription to initialize
[90mstdout[2m | src/components/RecordingStudio3Modal.stories.jsx[2m > [22m[2mClosed
[22m[39m[SettingsContext] Setting up Settings subscription for user: mock-user-sub
[90mstdout[2m | src/components/RecordingStudio3Modal.stories.jsx[2m > [22m[2mClosed
[22m[39m[Mock Data] Settings created: mock-settings-1790418735324 - notified 0 subscribers
[90mstdout[2m | src/components/RecordingStudio3Modal.stories.jsx[2m > [22m[2mClosed
[22m[39m[Mock Data] Unit.onUpdate() subscription added. Total: 1
[90mstdout[2m | src/components/RecordingStudio3Modal.stories.jsx[2m > [22m[2mClosed
[22m[39m[SectionContext] Section observeQuery update: 0
[90mstdout[2m | src/components/RecordingStudio3Modal.stories.jsx[2m > [22m[2mClosed
[22m[39m[FilesContext] File observeQuery update: 6 files
[90mstdout[2m | src/components/RecordingStudio3Modal.stories.jsx[2m > [22m[2mClosed
[22m[39m[ChatContext] AssistantChat initialized with 1 chats
[90mstdout[2m | src/components/RecordingStudio3Modal.stories.jsx[2m > [22m[2mClosed
[22m[39m[ChatContext] Setting initial chat: mock-assistant-chat-1
[90mstdout[2m | src/components/RecordingStudio3Modal.stories.jsx[2m > [22m[2mClosed
[22m[39m[MOCK CourseVectorStore] Initialized with mock data
[90mstdout[2m | src/components/RecordingStudio3Modal.stories.jsx[2m > [22m[2mClosed
[22m[39m[FilesContext] Vector store population triggered {
  "currentVectorStoreSize": 3,
  "documentsCount": 0,
  "filesCount": 6,
  "isInitialLoad": true,
}
[90mstdout[2m | src/components/RecordingStudio3Modal.stories.jsx[2m > [22m[2mClosed
[22m[39m[FilesContext] Vector store population complete - 3 total embeddings
[90mstdout[2m | src/components/RecordingStudio3Modal.stories.jsx[2m > [22m[2mClosed
[22m[39m[ChatContext] Chat exists and not archived, skipping creation
[90mstdout[2m | src/components/RecordingStudio3Modal.stories.jsx[2m > [22m[2mClosed
[22m[39m[Mock Storage] downloadData called with: undefined
[90mstdout[2m | src/components/RecordingStudio3Modal.stories.jsx[2m > [22m[2mInteractive
[22m[39m[ChatContext] Cleaning up subscriptions
[90mstdout[2m | src/components/RecordingStudio3Modal.stories.jsx[2m > [22m[2mInteractive
[22m[39m[Mock Data] Unit.onUpdate() subscription removed. Remaining: 0
[90mstdout[2m | src/components/RecordingStudio3Modal.stories.jsx[2m > [22m[2mInteractive
[22m[39m[MOCK CourseVectorStore] Initialized with mock data
[90mstdout[2m | src/components/RecordingStudio3Modal.stories.jsx[2m > [22m[2mInteractive
[22m[39m[TranslationModeController] Setting mode to: off
[90mstdout[2m | src/components/RecordingStudio3Modal.stories.jsx[2m > [22m[2mInteractive
[22m[39m[UnitContext] useEffect triggered {
  "authLoading": false,
  "hasUser": true,
  "id": "mock-unit-id",
  "userSub": "mock-user-sub",
}
[90mstdout[2m | src/components/RecordingStudio3Modal.stories.jsx[2m > [22m[2mInteractive
[22m[39m[UnitContext] Fetching unit data for id: mock-unit-id
[90mstdout[2m | src/components/RecordingStudio3Modal.stories.jsx[2m > [22m[2mInteractive
[22m[39m[FilesContext] Initializing vector store from IndexedDB
[90mstdout[2m | src/components/RecordingStudio3Modal.stories.jsx[2m > [22m[2mInteractive
[22m[39m[FilesContext] fetchFiles called
[90mstdout[2m | src/components/RecordingStudio3Modal.stories.jsx[2m > [22m[2mInteractive
[22m[39m[FilesContext] User authenticated: mock-user-sub
[90mstdout[2m | src/components/RecordingStudio3Modal.stories.jsx[2m > [22m[2mInteractive
[22m[39m[FilesContext] Identity ID: us-east-1:mock-identity-123
[90mstdout[2m | src/components/RecordingStudio3Modal.stories.jsx[2m > [22m[2mInteractive
[22m[39m[FilesContext] About to set up File observeQuery
[90mstdout[2m | src/components/RecordingStudio3Modal.stories.jsx[2m > [22m[2mInteractive
[22m[39m[ChatContext] Setting up AssistantChat observeQuery
[90mstdout[2m | src/components/RecordingStudio3Modal.stories.jsx[2m > [22m[2mInteractive
[22m[39m[ChatContext] Waiting for subscription to initialize
[90mstdout[2m | src/components/RecordingStudio3Modal.stories.jsx[2m > [22m[2mInteractive
[22m[39m[SettingsContext] Setting up Settings subscription for user: mock-user-sub
[90mstdout[2m | src/components/RecordingStudio3Modal.stories.jsx[2m > [22m[2mInteractive
[22m[39m[Mock Data] Settings created: mock-settings-1790418735430 - notified 0 subscribers
[90mstdout[2m | src/components/RecordingStudio3Modal.stories.jsx[2m > [22m[2mInteractive
[22m[39m[Mock Data] Unit.onUpdate() subscription added. Total: 1
[90mstdout[2m | src/components/RecordingStudio3Modal.stories.jsx[2m > [22m[2mInteractive
[22m[39m[SectionContext] Section observeQuery update: 0
[90mstdout[2m | src/components/RecordingStudio3Modal.stories.jsx[2m > [22m[2mInteractive
[22m[39m[FilesContext] File observeQuery update: 6 files
[90mstdout[2m | src/components/RecordingStudio3Modal.stories.jsx[2m > [22m[2mInteractive
[22m[39m[ChatContext] AssistantChat initialized with 1 chats
[90mstdout[2m | src/components/RecordingStudio3Modal.stories.jsx[2m > [22m[2mInteractive
[22m[39m[ChatContext] Setting initial chat: mock-assistant-chat-1
[90mstdout[2m | src/components/RecordingStudio3Modal.stories.jsx[2m > [22m[2mInteractive
[22m[39m[Mock Storage] downloadData called with: undefined
[90mstdout[2m | src/components/RecordingStudio3Modal.stories.jsx[2m > [22m[2mInteractive
[22m[39m[MOCK CourseVectorStore] Initialized with mock data
[90mstdout[2m | src/components/RecordingStudio3Modal.stories.jsx[2m > [22m[2mInteractive
[22m[39m[FilesContext] Vector store population triggered {
  "currentVectorStoreSize": 3,
  "documentsCount": 0,
  "filesCount": 6,
  "isInitialLoad": true,
}
[90mstdout[2m | src/components/RecordingStudio3Modal.stories.jsx[2m > [22m[2mInteractive
[22m[39m[FilesContext] Vector store population complete - 3 total embeddings
[90mstdout[2m | src/components/RecordingStudio3Modal.stories.jsx[2m > [22m[2mInteractive
[22m[39m[ChatContext] Chat exists and not archived, skipping creation
 [32m✓[39m [30m[45m storybook (chromium) [49m[39m src/components/RecordingStudio3Modal.stories.jsx [2m([22m[2m8 tests[22m[2m)[22m[33m 2727[2mms[22m[39m
   [33m[2m✓[22m[39m Word Preset [33m 567[2mms[22m[39m
   [33m[2m✓[22m[39m Question Preset [33m 434[2mms[22m[39m
   [33m[2m✓[22m[39m Confirmation Preview [33m 414[2mms[22m[39m
   [33m[2m✓[22m[39m Read Only [33m 406[2mms[22m[39m
   [33m[2m✓[22m[39m Conversation With Recorded Takes [33m 406[2mms[22m[39m
[90mstdout[2m | unknown test
[22m[39m[MOCK vectorStoreDB.js] Module loaded - mock IndexedDB operations
[90mstdout[2m | unknown test
[22m[39m[Task Completion] DOM action listeners initialized
[90mstdout[2m | unknown test
[22m[39m[Task Completion] Auto-completion detector initialized
[90mstdout[2m | unknown test
[22m[39m[Preview] Task completion detector initialized
[90mstdout[2m | src/components/JobsDashboard.stories.tsx[2m > [22m[2mDefault
[22m[39m[MOCK CourseVectorStore] Initialized with mock data
[90mstdout[2m | src/components/JobsDashboard.stories.tsx[2m > [22m[2mDefault
[22m[39m[TranslationModeController] Setting mode to: off
[90mstdout[2m | src/components/JobsDashboard.stories.tsx[2m > [22m[2mDefault
[22m[39m[UnitContext] useEffect triggered {
  "authLoading": false,
  "hasUser": true,
  "id": "mock-unit-id",
  "userSub": "mock-user-sub",
}
[90mstdout[2m | src/components/JobsDashboard.stories.tsx[2m > [22m[2mDefault
[22m[39m[UnitContext] Fetching unit data for id: mock-unit-id
[90mstdout[2m | src/components/JobsDashboard.stories.tsx[2m > [22m[2mDefault
[22m[39m[FilesContext] Initializing vector store from IndexedDB
[90mstdout[2m | src/components/JobsDashboard.stories.tsx[2m > [22m[2mDefault
[22m[39m[FilesContext] fetchFiles called
[90mstdout[2m | src/components/JobsDashboard.stories.tsx[2m > [22m[2mDefault
[22m[39m[FilesContext] User authenticated: mock-user-sub
[90mstdout[2m | src/components/JobsDashboard.stories.tsx[2m > [22m[2mDefault
[22m[39m[FilesContext] Identity ID: us-east-1:mock-identity-123
[90mstdout[2m | src/components/JobsDashboard.stories.tsx[2m > [22m[2mDefault
[22m[39m[FilesContext] About to set up File observeQuery
[90mstdout[2m | src/components/JobsDashboard.stories.tsx[2m > [22m[2mDefault
[22m[39m[ChatContext] Setting up AssistantChat observeQuery
[90mstdout[2m | src/components/JobsDashboard.stories.tsx[2m > [22m[2mDefault
[22m[39m[ChatContext] Waiting for subscription to initialize
[90mstdout[2m | src/components/JobsDashboard.stories.tsx[2m > [22m[2mDefault
[22m[39m[SettingsContext] Setting up Settings subscription for user: mock-user-sub
[90mstdout[2m | src/components/JobsDashboard.stories.tsx[2m > [22m[2mDefault
[22m[39m[Mock Data] Settings created: mock-settings-1790418736122 - notified 0 subscribers
[90mstdout[2m | src/components/JobsDashboard.stories.tsx[2m > [22m[2mDefault
[22m[39m[Mock Data] Unit.onUpdate() subscription added. Total: 1
[90mstdout[2m | src/components/JobsDashboard.stories.tsx[2m > [22m[2mDefault
[22m[39m[SectionContext] Section observeQuery update: 0
[90mstdout[2m | src/components/JobsDashboard.stories.tsx[2m > [22m[2mDefault
[22m[39m[FilesContext] File observeQuery update: 6 files
[90mstdout[2m | src/components/JobsDashboard.stories.tsx[2m > [22m[2mDefault
[22m[39m[ChatContext] AssistantChat initialized with 1 chats
[90mstdout[2m | src/components/JobsDashboard.stories.tsx[2m > [22m[2mDefault
[22m[39m[ChatContext] Setting initial chat: mock-assistant-chat-1
[90mstdout[2m | src/components/JobsDashboard.stories.tsx[2m > [22m[2mDefault
[22m[39m[MOCK CourseVectorStore] Initialized with mock data
[90mstdout[2m | src/components/JobsDashboard.stories.tsx[2m > [22m[2mDefault
[22m[39m[FilesContext] Vector store population triggered {
  "currentVectorStoreSize": 3,
  "documentsCount": 0,
  "filesCount": 6,
  "isInitialLoad": true,
}
[90mstdout[2m | src/components/JobsDashboard.stories.tsx[2m > [22m[2mDefault
[22m[39m[FilesContext] Vector store population complete - 3 total embeddings
[90mstdout[2m | src/components/JobsDashboard.stories.tsx[2m > [22m[2mDefault
[22m[39m[ChatContext] Chat exists and not archived, skipping creation
[90mstdout[2m | src/components/JobsDashboard.stories.tsx[2m > [22m[2mDefault
[22m[39m[Mock Storage] downloadData called with: undefined
[90mstdout[2m | src/components/JobsDashboard.stories.tsx[2m > [22m[2mCompact
[22m[39m[ChatContext] Cleaning up subscriptions
[90mstdout[2m | src/components/JobsDashboard.stories.tsx[2m > [22m[2mCompact
[22m[39m[Mock Data] Unit.onUpdate() subscription removed. Remaining: 0
[90mstdout[2m | src/components/JobsDashboard.stories.tsx[2m > [22m[2mCompact
[22m[39m[MOCK CourseVectorStore] Initialized with mock data
[90mstdout[2m | src/components/JobsDashboard.stories.tsx[2m > [22m[2mCompact
[22m[39m[TranslationModeController] Setting mode to: off
[90mstdout[2m | src/components/JobsDashboard.stories.tsx[2m > [22m[2mCompact
[22m[39m[UnitContext] useEffect triggered {
  "authLoading": false,
  "hasUser": true,
  "id": "mock-unit-id",
  "userSub": "mock-user-sub",
}
[90mstdout[2m | src/components/JobsDashboard.stories.tsx[2m > [22m[2mCompact
[22m[39m[UnitContext] Fetching unit data for id: mock-unit-id
[90mstdout[2m | src/components/JobsDashboard.stories.tsx[2m > [22m[2mCompact
[22m[39m[FilesContext] Initializing vector store from IndexedDB
[90mstdout[2m | src/components/JobsDashboard.stories.tsx[2m > [22m[2mCompact
[22m[39m[FilesContext] fetchFiles called
[90mstdout[2m | src/components/JobsDashboard.stories.tsx[2m > [22m[2mCompact
[22m[39m[FilesContext] User authenticated: mock-user-sub
[90mstdout[2m | src/components/JobsDashboard.stories.tsx[2m > [22m[2mCompact
[22m[39m[FilesContext] Identity ID: us-east-1:mock-identity-123
[90mstdout[2m | src/components/JobsDashboard.stories.tsx[2m > [22m[2mCompact
[22m[39m[FilesContext] About to set up File observeQuery
[90mstdout[2m | src/components/JobsDashboard.stories.tsx[2m > [22m[2mCompact
[22m[39m[ChatContext] Setting up AssistantChat observeQuery
[90mstdout[2m | src/components/JobsDashboard.stories.tsx[2m > [22m[2mCompact
[22m[39m[ChatContext] Waiting for subscription to initialize
[90mstdout[2m | src/components/JobsDashboard.stories.tsx[2m > [22m[2mCompact
[22m[39m[SettingsContext] Setting up Settings subscription for user: mock-user-sub
[90mstdout[2m | src/components/JobsDashboard.stories.tsx[2m > [22m[2mCompact
[22m[39m[Mock Data] Settings created: mock-settings-1790418736486 - notified 0 subscribers
[90mstdout[2m | src/components/JobsDashboard.stories.tsx[2m > [22m[2mCompact
[22m[39m[Mock Data] Unit.onUpdate() subscription added. Total: 1
[90mstdout[2m | src/components/JobsDashboard.stories.tsx[2m > [22m[2mCompact
[22m[39m[SectionContext] Section observeQuery update: 0
[90mstdout[2m | src/components/JobsDashboard.stories.tsx[2m > [22m[2mCompact
[22m[39m[FilesContext] File observeQuery update: 6 files
[90mstdout[2m | src/components/JobsDashboard.stories.tsx[2m > [22m[2mCompact
[22m[39m[ChatContext] AssistantChat initialized with 1 chats
[90mstdout[2m | src/components/JobsDashboard.stories.tsx[2m > [22m[2mCompact
[22m[39m[ChatContext] Setting initial chat: mock-assistant-chat-1
[90mstdout[2m | src/components/JobsDashboard.stories.tsx[2m > [22m[2mCompact
[22m[39m[MOCK CourseVectorStore] Initialized with mock data
[90mstdout[2m | src/components/JobsDashboard.stories.tsx[2m > [22m[2mCompact
[22m[39m[FilesContext] Vector store population triggered {
  "currentVectorStoreSize": 3,
  "documentsCount": 0,
  "filesCount": 6,
  "isInitialLoad": true,
}
[90mstdout[2m | src/components/JobsDashboard.stories.tsx[2m > [22m[2mCompact
[22m[39m[FilesContext] Vector store population complete - 3 total embeddings
[90mstdout[2m | src/components/JobsDashboard.stories.tsx[2m > [22m[2mCompact
[22m[39m[ChatContext] Chat exists and not archived, skipping creation
[90mstdout[2m | src/components/JobsDashboard.stories.tsx[2m > [22m[2mCompact
[22m[39m[Mock Storage] downloadData called with: undefined
[90mstdout[2m | src/components/JobsDashboard.stories.tsx[2m > [22m[2mWith Jobs
[22m[39m[ChatContext] Cleaning up subscriptions
[90mstdout[2m | src/components/JobsDashboard.stories.tsx[2m > [22m[2mWith Jobs
[22m[39m[Mock Data] Unit.onUpdate() subscription removed. Remaining: 0
[90mstdout[2m | src/components/JobsDashboard.stories.tsx[2m > [22m[2mWith Jobs
[22m[39m[MOCK CourseVectorStore] Initialized with mock data
[90mstdout[2m | src/components/JobsDashboard.stories.tsx[2m > [22m[2mWith Jobs
[22m[39m[TranslationModeController] Setting mode to: off
[90mstdout[2m | src/components/JobsDashboard.stories.tsx[2m > [22m[2mWith Jobs
[22m[39m[UnitContext] useEffect triggered {
  "authLoading": false,
  "hasUser": true,
  "id": "mock-unit-id",
  "userSub": "mock-user-sub",
}
[90mstdout[2m | src/components/JobsDashboard.stories.tsx[2m > [22m[2mWith Jobs
[22m[39m[UnitContext] Fetching unit data for id: mock-unit-id
[90mstdout[2m | src/components/JobsDashboard.stories.tsx[2m > [22m[2mWith Jobs
[22m[39m[FilesContext] Initializing vector store from IndexedDB
[90mstdout[2m | src/components/JobsDashboard.stories.tsx[2m > [22m[2mWith Jobs
[22m[39m[FilesContext] fetchFiles called
[90mstdout[2m | src/components/JobsDashboard.stories.tsx[2m > [22m[2mWith Jobs
[22m[39m[FilesContext] User authenticated: mock-user-sub
[90mstdout[2m | src/components/JobsDashboard.stories.tsx[2m > [22m[2mWith Jobs
[22m[39m[FilesContext] Identity ID: us-east-1:mock-identity-123
[90mstdout[2m | src/components/JobsDashboard.stories.tsx[2m > [22m[2mWith Jobs
[22m[39m[FilesContext] About to set up File observeQuery
[90mstdout[2m | src/components/JobsDashboard.stories.tsx[2m > [22m[2mWith Jobs
[22m[39m[ChatContext] Setting up AssistantChat observeQuery
[90mstdout[2m | src/components/JobsDashboard.stories.tsx[2m > [22m[2mWith Jobs
[22m[39m[ChatContext] Waiting for subscription to initialize
[90mstdout[2m | src/components/JobsDashboard.stories.tsx[2m > [22m[2mWith Jobs
[22m[39m[SettingsContext] Setting up Settings subscription for user: mock-user-sub
[90mstdout[2m | src/components/JobsDashboard.stories.tsx[2m > [22m[2mWith Jobs
[22m[39m[Mock Data] Settings created: mock-settings-1790418736774 - notified 0 subscribers
[90mstdout[2m | src/components/JobsDashboard.stories.tsx[2m > [22m[2mWith Jobs
[22m[39m[Mock Data] Unit.onUpdate() subscription added. Total: 1
[90mstdout[2m | src/components/JobsDashboard.stories.tsx[2m > [22m[2mWith Jobs
[22m[39m[SectionContext] Section observeQuery update: 0
[90mstdout[2m | src/components/JobsDashboard.stories.tsx[2m > [22m[2mWith Jobs
[22m[39m[FilesContext] File observeQuery update: 6 files
[90mstdout[2m | src/components/JobsDashboard.stories.tsx[2m > [22m[2mWith Jobs
[22m[39m[ChatContext] AssistantChat initialized with 1 chats
[90mstdout[2m | src/components/JobsDashboard.stories.tsx[2m > [22m[2mWith Jobs
[22m[39m[ChatContext] Setting initial chat: mock-assistant-chat-1
[90mstdout[2m | src/components/JobsDashboard.stories.tsx[2m > [22m[2mWith Jobs
[22m[39m[MOCK CourseVectorStore] Initialized with mock data
[90mstdout[2m | src/components/JobsDashboard.stories.tsx[2m > [22m[2mWith Jobs
[22m[39m[FilesContext] Vector store population triggered {
  "currentVectorStoreSize": 3,
  "documentsCount": 0,
  "filesCount": 6,
  "isInitialLoad": true,
}
[90mstdout[2m | src/components/JobsDashboard.stories.tsx[2m > [22m[2mWith Jobs
[22m[39m[FilesContext] Vector store population complete - 3 total embeddings
[90mstdout[2m | src/components/JobsDashboard.stories.tsx[2m > [22m[2mWith Jobs
[22m[39m[ChatContext] Chat exists and not archived, skipping creation
[90mstdout[2m | src/components/JobsDashboard.stories.tsx[2m > [22m[2mWith Jobs
[22m[39m[Mock Storage] downloadData called with: undefined
 [32m✓[39m [30m[45m storybook (chromium) [49m[39m src/components/JobsDashboard.stories.tsx [2m([22m[2m3 tests[22m[2m)[22m[33m 1011[2mms[22m[39m
   [33m[2m✓[22m[39m Default [33m 392[2mms[22m[39m
   [33m[2m✓[22m[39m Compact [33m 304[2mms[22m[39m
   [33m[2m✓[22m[39m With Jobs [33m 314[2mms[22m[39m
[90mstdout[2m | unknown test
[22m[39m[MOCK vectorStoreDB.js] Module loaded - mock IndexedDB operations
[90mstdout[2m | unknown test
[22m[39m[Task Completion] DOM action listeners initialized
[90mstdout[2m | unknown test
[22m[39m[Task Completion] Auto-completion detector initialized
[90mstdout[2m | unknown test
[22m[39m[Preview] Task completion detector initialized
[90mstdout[2m | src/components/Gamification/PixelSpriteMascot.stories.tsx[2m > [22m[2mDefault
[22m[39m[TranslationModeController] Setting mode to: off
[90mstdout[2m | src/components/Gamification/PixelSpriteMascot.stories.tsx[2m > [22m[2mAll Stages
[22m[39m[TranslationModeController] Setting mode to: off
[90mstdout[2m | src/components/Gamification/PixelSpriteMascot.stories.tsx[2m > [22m[2mDifferent Seeds
[22m[39m[TranslationModeController] Setting mode to: off
[90mstdout[2m | src/components/Gamification/PixelSpriteMascot.stories.tsx[2m > [22m[2mSleeping
[22m[39m[TranslationModeController] Setting mode to: off
[90mstdout[2m | src/components/Gamification/PixelSpriteMascot.stories.tsx[2m > [22m[2mSquad Pet
[22m[39m[TranslationModeController] Setting mode to: off
[90mstdout[2m | src/components/Gamification/PixelSpriteMascot.stories.tsx[2m > [22m[2mBoss Monster
[22m[39m[TranslationModeController] Setting mode to: off
[90mstdout[2m | src/components/Gamification/PixelSpriteMascot.stories.tsx[2m > [22m[2mBorrowed Accessories
[22m[39m[TranslationModeController] Setting mode to: off
[90mstdout[2m | src/components/Gamification/PixelSpriteMascot.stories.tsx[2m > [22m[2mBorrowed Hats
[22m[39m[TranslationModeController] Setting mode to: off
[90mstdout[2m | src/components/Gamification/PixelSpriteMascot.stories.tsx[2m > [22m[2mBorrowed Across Stages
[22m[39m[TranslationModeController] Setting mode to: off
 [32m✓[39m [30m[45m storybook (chromium) [49m[39m src/components/Gamification/PixelSpriteMascot.stories.tsx [2m([22m[2m9 tests[22m[2m)[22m[33m 2793[2mms[22m[39m
   [33m[2m✓[22m[39m All Stages [33m 418[2mms[22m[39m
   [33m[2m✓[22m[39m Different Seeds [33m 455[2mms[22m[39m
   [33m[2m✓[22m[39m Borrowed Accessories [33m 466[2mms[22m[39m
   [33m[2m✓[22m[39m Borrowed Hats [33m 485[2mms[22m[39m
   [33m[2m✓[22m[39m Borrowed Across Stages [33m 406[2mms[22m[39m
[90mstdout[2m | unknown test
[22m[39m[MOCK vectorStoreDB.js] Module loaded - mock IndexedDB operations
[90mstdout[2m | unknown test
[22m[39m[Task Completion] DOM action listeners initialized
[90mstdout[2m | unknown test
[22m[39m[Task Completion] Auto-completion detector initialized
[90mstdout[2m | unknown test
[22m[39m[Preview] Task completion detector initialized
[90mstdout[2m | src/components/AIAgentConfig.stories.tsx[2m > [22m[2mPlatform Mode
[22m[39m[MOCK CourseVectorStore] Initialized with mock data
[90mstdout[2m | src/components/AIAgentConfig.stories.tsx[2m > [22m[2mPlatform Mode
[22m[39m[TranslationModeController] Setting mode to: off
[90mstdout[2m | src/components/AIAgentConfig.stories.tsx[2m > [22m[2mPlatform Mode
[22m[39m[UnitContext] useEffect triggered {
  "authLoading": false,
  "hasUser": true,
  "id": "mock-unit-id",
  "userSub": "mock-user-sub",
}
[90mstdout[2m | src/components/AIAgentConfig.stories.tsx[2m > [22m[2mPlatform Mode
[22m[39m[UnitContext] Fetching unit data for id: mock-unit-id
[90mstdout[2m | src/components/AIAgentConfig.stories.tsx[2m > [22m[2mPlatform Mode
[22m[39m[FilesContext] Initializing vector store from IndexedDB
[90mstdout[2m | src/components/AIAgentConfig.stories.tsx[2m > [22m[2mPlatform Mode
[22m[39m[FilesContext] fetchFiles called
[90mstdout[2m | src/components/AIAgentConfig.stories.tsx[2m > [22m[2mPlatform Mode
[22m[39m[FilesContext] User authenticated: mock-user-sub
[90mstdout[2m | src/components/AIAgentConfig.stories.tsx[2m > [22m[2mPlatform Mode
[22m[39m[FilesContext] Identity ID: us-east-1:mock-identity-123
[90mstdout[2m | src/components/AIAgentConfig.stories.tsx[2m > [22m[2mPlatform Mode
[22m[39m[FilesContext] About to set up File observeQuery
[90mstdout[2m | src/components/AIAgentConfig.stories.tsx[2m > [22m[2mPlatform Mode
[22m[39m[ChatContext] Setting up AssistantChat observeQuery
[90mstdout[2m | src/components/AIAgentConfig.stories.tsx[2m > [22m[2mPlatform Mode
[22m[39m[ChatContext] Waiting for subscription to initialize
[90mstdout[2m | src/components/AIAgentConfig.stories.tsx[2m > [22m[2mPlatform Mode
[22m[39m[SettingsContext] Setting up Settings subscription for user: mock-user-sub
[90mstdout[2m | src/components/AIAgentConfig.stories.tsx[2m > [22m[2mPlatform Mode
[22m[39m[Mock Data] Settings created: mock-settings-1790418740955 - notified 0 subscribers
[90mstdout[2m | src/components/AIAgentConfig.stories.tsx[2m > [22m[2mPlatform Mode
[22m[39m[Mock Data] Unit.onUpdate() subscription added. Total: 1
[90mstdout[2m | src/components/AIAgentConfig.stories.tsx[2m > [22m[2mPlatform Mode
[22m[39m[SectionContext] Section observeQuery update: 0
[90mstdout[2m | src/components/AIAgentConfig.stories.tsx[2m > [22m[2mPlatform Mode
[22m[39m[FilesContext] File observeQuery update: 6 files
[90mstdout[2m | src/components/AIAgentConfig.stories.tsx[2m > [22m[2mPlatform Mode
[22m[39m[ChatContext] AssistantChat initialized with 1 chats
[90mstdout[2m | src/components/AIAgentConfig.stories.tsx[2m > [22m[2mPlatform Mode
[22m[39m[ChatContext] Setting initial chat: mock-assistant-chat-1
[90mstdout[2m | src/components/AIAgentConfig.stories.tsx[2m > [22m[2mPlatform Mode
[22m[39m[MOCK CourseVectorStore] Initialized with mock data
[90mstdout[2m | src/components/AIAgentConfig.stories.tsx[2m > [22m[2mPlatform Mode
[22m[39m[FilesContext] Vector store population triggered {
  "currentVectorStoreSize": 3,
  "documentsCount": 0,
  "filesCount": 6,
  "isInitialLoad": true,
}
[90mstdout[2m | src/components/AIAgentConfig.stories.tsx[2m > [22m[2mPlatform Mode
[22m[39m[FilesContext] Vector store population complete - 3 total embeddings
[90mstdout[2m | src/components/AIAgentConfig.stories.tsx[2m > [22m[2mPlatform Mode
[22m[39m[ChatContext] Chat exists and not archived, skipping creation
[90mstdout[2m | src/components/AIAgentConfig.stories.tsx[2m > [22m[2mPlatform Mode
[22m[39m[Mock Storage] downloadData called with: undefined
[90mstdout[2m | src/components/AIAgentConfig.stories.tsx[2m > [22m[2mPlatform — Budget Enforcement Disabled
[22m[39m[ChatContext] Cleaning up subscriptions
[90mstdout[2m | src/components/AIAgentConfig.stories.tsx[2m > [22m[2mPlatform — Budget Enforcement Disabled
[22m[39m[Mock Data] Unit.onUpdate() subscription removed. Remaining: 0
[90mstdout[2m | src/components/AIAgentConfig.stories.tsx[2m > [22m[2mPlatform — Budget Enforcement Disabled
[22m[39m[MOCK CourseVectorStore] Initialized with mock data
[90mstdout[2m | src/components/AIAgentConfig.stories.tsx[2m > [22m[2mPlatform — Budget Enforcement Disabled
[22m[39m[TranslationModeController] Setting mode to: off
[90mstdout[2m | src/components/AIAgentConfig.stories.tsx[2m > [22m[2mPlatform — Budget Enforcement Disabled
[22m[39m[UnitContext] useEffect triggered {
  "authLoading": false,
  "hasUser": true,
  "id": "mock-unit-id",
  "userSub": "mock-user-sub",
}
[90mstdout[2m | src/components/AIAgentConfig.stories.tsx[2m > [22m[2mPlatform — Budget Enforcement Disabled
[22m[39m[UnitContext] Fetching unit data for id: mock-unit-id
[90mstdout[2m | src/components/AIAgentConfig.stories.tsx[2m > [22m[2mPlatform — Budget Enforcement Disabled
[22m[39m[FilesContext] Initializing vector store from IndexedDB
[90mstdout[2m | src/components/AIAgentConfig.stories.tsx[2m > [22m[2mPlatform — Budget Enforcement Disabled
[22m[39m[FilesContext] fetchFiles called
[90mstdout[2m | src/components/AIAgentConfig.stories.tsx[2m > [22m[2mPlatform — Budget Enforcement Disabled
[22m[39m[FilesContext] User authenticated: mock-user-sub
[90mstdout[2m | src/components/AIAgentConfig.stories.tsx[2m > [22m[2mPlatform — Budget Enforcement Disabled
[22m[39m[FilesContext] Identity ID: us-east-1:mock-identity-123
[90mstdout[2m | src/components/AIAgentConfig.stories.tsx[2m > [22m[2mPlatform — Budget Enforcement Disabled
[22m[39m[FilesContext] About to set up File observeQuery
[90mstdout[2m | src/components/AIAgentConfig.stories.tsx[2m > [22m[2mPlatform — Budget Enforcement Disabled
[22m[39m[ChatContext] Setting up AssistantChat observeQuery
[90mstdout[2m | src/components/AIAgentConfig.stories.tsx[2m > [22m[2mPlatform — Budget Enforcement Disabled
[22m[39m[ChatContext] Waiting for subscription to initialize
[90mstdout[2m | src/components/AIAgentConfig.stories.tsx[2m > [22m[2mPlatform — Budget Enforcement Disabled
[22m[39m[SettingsContext] Setting up Settings subscription for user: mock-user-sub
[90mstdout[2m | src/components/AIAgentConfig.stories.tsx[2m > [22m[2mPlatform — Budget Enforcement Disabled
[22m[39m[Mock Data] Settings created: mock-settings-1790418741484 - notified 0 subscribers
[90mstdout[2m | src/components/AIAgentConfig.stories.tsx[2m > [22m[2mPlatform — Budget Enforcement Disabled
[22m[39m[Mock Data] Unit.onUpdate() subscription added. Total: 1
[90mstdout[2m | src/components/AIAgentConfig.stories.tsx[2m > [22m[2mPlatform — Budget Enforcement Disabled
[22m[39m[SectionContext] Section observeQuery update: 0
[90mstdout[2m | src/components/AIAgentConfig.stories.tsx[2m > [22m[2mPlatform — Budget Enforcement Disabled
[22m[39m[FilesContext] File observeQuery update: 6 files
[90mstdout[2m | src/components/AIAgentConfig.stories.tsx[2m > [22m[2mPlatform — Budget Enforcement Disabled
[22m[39m[ChatContext] AssistantChat initialized with 1 chats
[90mstdout[2m | src/components/AIAgentConfig.stories.tsx[2m > [22m[2mPlatform — Budget Enforcement Disabled
[22m[39m[ChatContext] Setting initial chat: mock-assistant-chat-1
[90mstdout[2m | src/components/AIAgentConfig.stories.tsx[2m > [22m[2mPlatform — Budget Enforcement Disabled
[22m[39m[MOCK CourseVectorStore] Initialized with mock data
[90mstdout[2m | src/components/AIAgentConfig.stories.tsx[2m > [22m[2mPlatform — Budget Enforcement Disabled
[22m[39m[FilesContext] Vector store population triggered {
  "currentVectorStoreSize": 3,
  "documentsCount": 0,
  "filesCount": 6,
  "isInitialLoad": true,
}
[90mstdout[2m | src/components/AIAgentConfig.stories.tsx[2m > [22m[2mPlatform — Budget Enforcement Disabled
[22m[39m[FilesContext] Vector store population complete - 3 total embeddings
[90mstdout[2m | src/components/AIAgentConfig.stories.tsx[2m > [22m[2mPlatform — Budget Enforcement Disabled
[22m[39m[ChatContext] Chat exists and not archived, skipping creation
[90mstdout[2m | src/components/AIAgentConfig.stories.tsx[2m > [22m[2mPlatform — Budget Enforcement Disabled
[22m[39m[Mock Storage] downloadData called with: undefined
[90mstdout[2m | src/components/AIAgentConfig.stories.tsx[2m > [22m[2mPlatform — Budget Enforcement Disabled
[22m[39mfilterWords {
  "filter": "",
  "wordsCount": 0,
}
[90mstdout[2m | src/components/AIAgentConfig.stories.tsx[2m > [22m[2mPlatform — Custom Model Selection
[22m[39m[ChatContext] Cleaning up subscriptions
[90mstdout[2m | src/components/AIAgentConfig.stories.tsx[2m > [22m[2mPlatform — Custom Model Selection
[22m[39m[Mock Data] Unit.onUpdate() subscription removed. Remaining: 0
[90mstdout[2m | src/components/AIAgentConfig.stories.tsx[2m > [22m[2mPlatform — Custom Model Selection
[22m[39m[MOCK CourseVectorStore] Initialized with mock data
[90mstdout[2m | src/components/AIAgentConfig.stories.tsx[2m > [22m[2mPlatform — Custom Model Selection
[22m[39m[TranslationModeController] Setting mode to: off
[90mstdout[2m | src/components/AIAgentConfig.stories.tsx[2m > [22m[2mPlatform — Custom Model Selection
[22m[39m[UnitContext] useEffect triggered {
  "authLoading": false,
  "hasUser": true,
  "id": "mock-unit-id",
  "userSub": "mock-user-sub",
}
[90mstdout[2m | src/components/AIAgentConfig.stories.tsx[2m > [22m[2mPlatform — Custom Model Selection
[22m[39m[UnitContext] Fetching unit data for id: mock-unit-id
[90mstdout[2m | src/components/AIAgentConfig.stories.tsx[2m > [22m[2mPlatform — Custom Model Selection
[22m[39m[FilesContext] Initializing vector store from IndexedDB
[90mstdout[2m | src/components/AIAgentConfig.stories.tsx[2m > [22m[2mPlatform — Custom Model Selection
[22m[39m[FilesContext] fetchFiles called
[90mstdout[2m | src/components/AIAgentConfig.stories.tsx[2m > [22m[2mPlatform — Custom Model Selection
[22m[39m[FilesContext] User authenticated: mock-user-sub
[90mstdout[2m | src/components/AIAgentConfig.stories.tsx[2m > [22m[2mPlatform — Custom Model Selection
[22m[39m[FilesContext] Identity ID: us-east-1:mock-identity-123
[90mstdout[2m | src/components/AIAgentConfig.stories.tsx[2m > [22m[2mPlatform — Custom Model Selection
[22m[39m[FilesContext] About to set up File observeQuery
[90mstdout[2m | src/components/AIAgentConfig.stories.tsx[2m > [22m[2mPlatform — Custom Model Selection
[22m[39m[ChatContext] Setting up AssistantChat observeQuery
[90mstdout[2m | src/components/AIAgentConfig.stories.tsx[2m > [22m[2mPlatform — Custom Model Selection
[22m[39m[ChatContext] Waiting for subscription to initialize
[90mstdout[2m | src/components/AIAgentConfig.stories.tsx[2m > [22m[2mPlatform — Custom Model Selection
[22m[39m[SettingsContext] Setting up Settings subscription for user: mock-user-sub
[90mstdout[2m | src/components/AIAgentConfig.stories.tsx[2m > [22m[2mPlatform — Custom Model Selection
[22m[39m[Mock Data] Settings created: mock-settings-1790418741913 - notified 0 subscribers
[90mstdout[2m | src/components/AIAgentConfig.stories.tsx[2m > [22m[2mPlatform — Custom Model Selection
[22m[39m[Mock Data] Unit.onUpdate() subscription added. Total: 1
[90mstdout[2m | src/components/AIAgentConfig.stories.tsx[2m > [22m[2mPlatform — Custom Model Selection
[22m[39m[SectionContext] Section observeQuery update: 0
[90mstdout[2m | src/components/AIAgentConfig.stories.tsx[2m > [22m[2mPlatform — Custom Model Selection
[22m[39m[FilesContext] File observeQuery update: 6 files
[90mstdout[2m | src/components/AIAgentConfig.stories.tsx[2m > [22m[2mPlatform — Custom Model Selection
[22m[39m[ChatContext] AssistantChat initialized with 1 chats
[90mstdout[2m | src/components/AIAgentConfig.stories.tsx[2m > [22m[2mPlatform — Custom Model Selection
[22m[39m[ChatContext] Setting initial chat: mock-assistant-chat-1
[90mstdout[2m | src/components/AIAgentConfig.stories.tsx[2m > [22m[2mPlatform — Custom Model Selection
[22m[39m[MOCK CourseVectorStore] Initialized with mock data
[90mstdout[2m | src/components/AIAgentConfig.stories.tsx[2m > [22m[2mPlatform — Custom Model Selection
[22m[39m[FilesContext] Vector store population triggered {
  "currentVectorStoreSize": 3,
  "documentsCount": 0,
  "filesCount": 6,
  "isInitialLoad": true,
}
[90mstdout[2m | src/components/AIAgentConfig.stories.tsx[2m > [22m[2mPlatform — Custom Model Selection
[22m[39m[FilesContext] Vector store population complete - 3 total embeddings
[90mstdout[2m | src/components/AIAgentConfig.stories.tsx[2m > [22m[2mPlatform — Custom Model Selection
[22m[39m[ChatContext] Chat exists and not archived, skipping creation
[90mstdout[2m | src/components/AIAgentConfig.stories.tsx[2m > [22m[2mPlatform — Custom Model Selection
[22m[39m[Mock Storage] downloadData called with: undefined
[90mstdout[2m | src/components/AIAgentConfig.stories.tsx[2m > [22m[2mPlatform — Saving State
[22m[39m[ChatContext] Cleaning up subscriptions
[90mstdout[2m | src/components/AIAgentConfig.stories.tsx[2m > [22m[2mPlatform — Saving State
[22m[39m[Mock Data] Unit.onUpdate() subscription removed. Remaining: 0
[90mstdout[2m | src/components/AIAgentConfig.stories.tsx[2m > [22m[2mPlatform — Saving State
[22m[39m[MOCK CourseVectorStore] Initialized with mock data
[90mstdout[2m | src/components/AIAgentConfig.stories.tsx[2m > [22m[2mPlatform — Saving State
[22m[39m[TranslationModeController] Setting mode to: off
[90mstdout[2m | src/components/AIAgentConfig.stories.tsx[2m > [22m[2mPlatform — Saving State
[22m[39m[UnitContext] useEffect triggered {
  "authLoading": false,
  "hasUser": true,
  "id": "mock-unit-id",
  "userSub": "mock-user-sub",
}
[90mstdout[2m | src/components/AIAgentConfig.stories.tsx[2m > [22m[2mPlatform — Saving State
[22m[39m[UnitContext] Fetching unit data for id: mock-unit-id
[90mstdout[2m | src/components/AIAgentConfig.stories.tsx[2m > [22m[2mPlatform — Saving State
[22m[39m[FilesContext] Initializing vector store from IndexedDB
[90mstdout[2m | src/components/AIAgentConfig.stories.tsx[2m > [22m[2mPlatform — Saving State
[22m[39m[FilesContext] fetchFiles called
[90mstdout[2m | src/components/AIAgentConfig.stories.tsx[2m > [22m[2mPlatform — Saving State
[22m[39m[FilesContext] User authenticated: mock-user-sub
[90mstdout[2m | src/components/AIAgentConfig.stories.tsx[2m > [22m[2mPlatform — Saving State
[22m[39m[FilesContext] Identity ID: us-east-1:mock-identity-123
[90mstdout[2m | src/components/AIAgentConfig.stories.tsx[2m > [22m[2mPlatform — Saving State
[22m[39m[FilesContext] About to set up File observeQuery
[90mstdout[2m | src/components/AIAgentConfig.stories.tsx[2m > [22m[2mPlatform — Saving State
[22m[39m[ChatContext] Setting up AssistantChat observeQuery
[90mstdout[2m | src/components/AIAgentConfig.stories.tsx[2m > [22m[2mPlatform — Saving State
[22m[39m[ChatContext] Waiting for subscription to initialize
[90mstdout[2m | src/components/AIAgentConfig.stories.tsx[2m > [22m[2mPlatform — Saving State
[22m[39m[SettingsContext] Setting up Settings subscription for user: mock-user-sub
[90mstdout[2m | src/components/AIAgentConfig.stories.tsx[2m > [22m[2mPlatform — Saving State
[22m[39m[Mock Data] Settings created: mock-settings-1790418742270 - notified 0 subscribers
[90mstdout[2m | src/components/AIAgentConfig.stories.tsx[2m > [22m[2mPlatform — Saving State
[22m[39m[Mock Data] Unit.onUpdate() subscription added. Total: 1
[90mstdout[2m | src/components/AIAgentConfig.stories.tsx[2m > [22m[2mPlatform — Saving State
[22m[39m[SectionContext] Section observeQuery update: 0
[90mstdout[2m | src/components/AIAgentConfig.stories.tsx[2m > [22m[2mPlatform — Saving State
[22m[39m[FilesContext] File observeQuery update: 6 files
[90mstdout[2m | src/components/AIAgentConfig.stories.tsx[2m > [22m[2mPlatform — Saving State
[22m[39m[ChatContext] AssistantChat initialized with 1 chats
[90mstdout[2m | src/components/AIAgentConfig.stories.tsx[2m > [22m[2mPlatform — Saving State
[22m[39m[ChatContext] Setting initial chat: mock-assistant-chat-1
[90mstdout[2m | src/components/AIAgentConfig.stories.tsx[2m > [22m[2mPlatform — Saving State
[22m[39m[MOCK CourseVectorStore] Initialized with mock data
[90mstdout[2m | src/components/AIAgentConfig.stories.tsx[2m > [22m[2mPlatform — Saving State
[22m[39m[FilesContext] Vector store population triggered {
  "currentVectorStoreSize": 3,
  "documentsCount": 0,
  "filesCount": 6,
  "isInitialLoad": true,
}
[90mstdout[2m | src/components/AIAgentConfig.stories.tsx[2m > [22m[2mPlatform — Saving State
[22m[39m[FilesContext] Vector store population complete - 3 total embeddings
[90mstdout[2m | src/components/AIAgentConfig.stories.tsx[2m > [22m[2mPlatform — Saving State
[22m[39m[ChatContext] Chat exists and not archived, skipping creation
[90mstdout[2m | src/components/AIAgentConfig.stories.tsx[2m > [22m[2mPlatform — Saving State
[22m[39m[Mock Storage] downloadData called with: undefined
[90mstdout[2m | src/components/AIAgentConfig.stories.tsx[2m > [22m[2mPlatform — Saving State
[22m[39mfilterWords {
  "filter": "",
  "wordsCount": 0,
}
[90mstdout[2m | src/components/AIAgentConfig.stories.tsx[2m > [22m[2mSection Mode
[22m[39m[ChatContext] Cleaning up subscriptions
[90mstdout[2m | src/components/AIAgentConfig.stories.tsx[2m > [22m[2mSection Mode
[22m[39m[Mock Data] Unit.onUpdate() subscription removed. Remaining: 0
[90mstdout[2m | src/components/AIAgentConfig.stories.tsx[2m > [22m[2mSection Mode
[22m[39m[MOCK CourseVectorStore] Initialized with mock data
[90mstdout[2m | src/components/AIAgentConfig.stories.tsx[2m > [22m[2mSection Mode
[22m[39m[TranslationModeController] Setting mode to: off
[90mstdout[2m | src/components/AIAgentConfig.stories.tsx[2m > [22m[2mSection Mode
[22m[39m[UnitContext] useEffect triggered {
  "authLoading": false,
  "hasUser": true,
  "id": "mock-unit-id",
  "userSub": "mock-user-sub",
}
[90mstdout[2m | src/components/AIAgentConfig.stories.tsx[2m > [22m[2mSection Mode
[22m[39m[UnitContext] Fetching unit data for id: mock-unit-id
[90mstdout[2m | src/components/AIAgentConfig.stories.tsx[2m > [22m[2mSection Mode
[22m[39m[FilesContext] Initializing vector store from IndexedDB
[90mstdout[2m | src/components/AIAgentConfig.stories.tsx[2m > [22m[2mSection Mode
[22m[39m[FilesContext] fetchFiles called
[90mstdout[2m | src/components/AIAgentConfig.stories.tsx[2m > [22m[2mSection Mode
[22m[39m[FilesContext] User authenticated: mock-user-sub
[90mstdout[2m | src/components/AIAgentConfig.stories.tsx[2m > [22m[2mSection Mode
[22m[39m[FilesContext] Identity ID: us-east-1:mock-identity-123
[90mstdout[2m | src/components/AIAgentConfig.stories.tsx[2m > [22m[2mSection Mode
[22m[39m[FilesContext] About to set up File observeQuery
[90mstdout[2m | src/components/AIAgentConfig.stories.tsx[2m > [22m[2mSection Mode
[22m[39m[ChatContext] Setting up AssistantChat observeQuery
[90mstdout[2m | src/components/AIAgentConfig.stories.tsx[2m > [22m[2mSection Mode
[22m[39m[ChatContext] Waiting for subscription to initialize
[90mstdout[2m | src/components/AIAgentConfig.stories.tsx[2m > [22m[2mSection Mode
[22m[39m[SettingsContext] Setting up Settings subscription for user: mock-user-sub
[90mstdout[2m | src/components/AIAgentConfig.stories.tsx[2m > [22m[2mSection Mode
[22m[39m[Mock Data] Settings created: mock-settings-1790418742623 - notified 0 subscribers
[90mstdout[2m | src/components/AIAgentConfig.stories.tsx[2m > [22m[2mSection Mode
[22m[39m[Mock Data] Unit.onUpdate() subscription added. Total: 1
[90mstdout[2m | src/components/AIAgentConfig.stories.tsx[2m > [22m[2mSection Mode
[22m[39m[SectionContext] Section observeQuery update: 0
[90mstdout[2m | src/components/AIAgentConfig.stories.tsx[2m > [22m[2mSection Mode
[22m[39m[FilesContext] File observeQuery update: 6 files
[90mstdout[2m | src/components/AIAgentConfig.stories.tsx[2m > [22m[2mSection Mode
[22m[39m[ChatContext] AssistantChat initialized with 1 chats
[90mstdout[2m | src/components/AIAgentConfig.stories.tsx[2m > [22m[2mSection Mode
[22m[39m[ChatContext] Setting initial chat: mock-assistant-chat-1
[90mstdout[2m | src/components/AIAgentConfig.stories.tsx[2m > [22m[2mSection Mode
[22m[39m[MOCK CourseVectorStore] Initialized with mock data
[90mstdout[2m | src/components/AIAgentConfig.stories.tsx[2m > [22m[2mSection Mode
[22m[39m[FilesContext] Vector store population triggered {
  "currentVectorStoreSize": 3,
  "documentsCount": 0,
  "filesCount": 6,
  "isInitialLoad": true,
}
[90mstdout[2m | src/components/AIAgentConfig.stories.tsx[2m > [22m[2mSection Mode
[22m[39m[FilesContext] Vector store population complete - 3 total embeddings
[90mstdout[2m | src/components/AIAgentConfig.stories.tsx[2m > [22m[2mSection Mode
[22m[39m[ChatContext] Chat exists and not archived, skipping creation
[90mstdout[2m | src/components/AIAgentConfig.stories.tsx[2m > [22m[2mSection Mode
[22m[39m[Mock Storage] downloadData called with: undefined
[90mstdout[2m | src/components/AIAgentConfig.stories.tsx[2m > [22m[2mSection — With Overrides Applied
[22m[39m[ChatContext] Cleaning up subscriptions
[90mstdout[2m | src/components/AIAgentConfig.stories.tsx[2m > [22m[2mSection — With Overrides Applied
[22m[39m[Mock Data] Unit.onUpdate() subscription removed. Remaining: 0
[90mstdout[2m | src/components/AIAgentConfig.stories.tsx[2m > [22m[2mSection — With Overrides Applied
[22m[39m[MOCK CourseVectorStore] Initialized with mock data
[90mstdout[2m | src/components/AIAgentConfig.stories.tsx[2m > [22m[2mSection — With Overrides Applied
[22m[39m[TranslationModeController] Setting mode to: off
[90mstdout[2m | src/components/AIAgentConfig.stories.tsx[2m > [22m[2mSection — With Overrides Applied
[22m[39m[UnitContext] useEffect triggered {
  "authLoading": false,
  "hasUser": true,
  "id": "mock-unit-id",
  "userSub": "mock-user-sub",
}
[90mstdout[2m | src/components/AIAgentConfig.stories.tsx[2m > [22m[2mSection — With Overrides Applied
[22m[39m[UnitContext] Fetching unit data for id: mock-unit-id
[90mstdout[2m | src/components/AIAgentConfig.stories.tsx[2m > [22m[2mSection — With Overrides Applied
[22m[39m[FilesContext] Initializing vector store from IndexedDB
[90mstdout[2m | src/components/AIAgentConfig.stories.tsx[2m > [22m[2mSection — With Overrides Applied
[22m[39m[FilesContext] fetchFiles called
[90mstdout[2m | src/components/AIAgentConfig.stories.tsx[2m > [22m[2mSection — With Overrides Applied
[22m[39m[FilesContext] User authenticated: mock-user-sub
[90mstdout[2m | src/components/AIAgentConfig.stories.tsx[2m > [22m[2mSection — With Overrides Applied
[22m[39m[FilesContext] Identity ID: us-east-1:mock-identity-123
[90mstdout[2m | src/components/AIAgentConfig.stories.tsx[2m > [22m[2mSection — With Overrides Applied
[22m[39m[FilesContext] About to set up File observeQuery
[90mstdout[2m | src/components/AIAgentConfig.stories.tsx[2m > [22m[2mSection — With Overrides Applied
[22m[39m[ChatContext] Setting up AssistantChat observeQuery
[90mstdout[2m | src/components/AIAgentConfig.stories.tsx[2m > [22m[2mSection — With Overrides Applied
[22m[39m[ChatContext] Waiting for subscription to initialize
[90mstdout[2m | src/components/AIAgentConfig.stories.tsx[2m > [22m[2mSection — With Overrides Applied
[22m[39m[SettingsContext] Setting up Settings subscription for user: mock-user-sub
[90mstdout[2m | src/components/AIAgentConfig.stories.tsx[2m > [22m[2mSection — With Overrides Applied
[22m[39m[Mock Data] Settings created: mock-settings-1790418742919 - notified 0 subscribers
[90mstdout[2m | src/components/AIAgentConfig.stories.tsx[2m > [22m[2mSection — With Overrides Applied
[22m[39m[Mock Data] Unit.onUpdate() subscription added. Total: 1
[90mstdout[2m | src/components/AIAgentConfig.stories.tsx[2m > [22m[2mSection — With Overrides Applied
[22m[39m[SectionContext] Section observeQuery update: 0
[90mstdout[2m | src/components/AIAgentConfig.stories.tsx[2m > [22m[2mSection — With Overrides Applied
[22m[39m[FilesContext] File observeQuery update: 6 files
[90mstdout[2m | src/components/AIAgentConfig.stories.tsx[2m > [22m[2mSection — With Overrides Applied
[22m[39m[ChatContext] AssistantChat initialized with 1 chats
[90mstdout[2m | src/components/AIAgentConfig.stories.tsx[2m > [22m[2mSection — With Overrides Applied
[22m[39m[ChatContext] Setting initial chat: mock-assistant-chat-1
[90mstdout[2m | src/components/AIAgentConfig.stories.tsx[2m > [22m[2mSection — With Overrides Applied
[22m[39m[MOCK CourseVectorStore] Initialized with mock data
[90mstdout[2m | src/components/AIAgentConfig.stories.tsx[2m > [22m[2mSection — With Overrides Applied
[22m[39m[FilesContext] Vector store population triggered {
  "currentVectorStoreSize": 3,
  "documentsCount": 0,
  "filesCount": 6,
  "isInitialLoad": true,
}
[90mstdout[2m | src/components/AIAgentConfig.stories.tsx[2m > [22m[2mSection — With Overrides Applied
[22m[39m[FilesContext] Vector store population complete - 3 total embeddings
[90mstdout[2m | src/components/AIAgentConfig.stories.tsx[2m > [22m[2mSection — With Overrides Applied
[22m[39m[ChatContext] Chat exists and not archived, skipping creation
[90mstdout[2m | src/components/AIAgentConfig.stories.tsx[2m > [22m[2mSection — With Overrides Applied
[22m[39m[Mock Storage] downloadData called with: undefined
[90mstdout[2m | src/components/AIAgentConfig.stories.tsx[2m > [22m[2mPlatform — Empty/Default Values
[22m[39m[ChatContext] Cleaning up subscriptions
[90mstdout[2m | src/components/AIAgentConfig.stories.tsx[2m > [22m[2mPlatform — Empty/Default Values
[22m[39m[Mock Data] Unit.onUpdate() subscription removed. Remaining: 0
[90mstdout[2m | src/components/AIAgentConfig.stories.tsx[2m > [22m[2mPlatform — Empty/Default Values
[22m[39m[MOCK CourseVectorStore] Initialized with mock data
[90mstdout[2m | src/components/AIAgentConfig.stories.tsx[2m > [22m[2mPlatform — Empty/Default Values
[22m[39m[TranslationModeController] Setting mode to: off
[90mstdout[2m | src/components/AIAgentConfig.stories.tsx[2m > [22m[2mPlatform — Empty/Default Values
[22m[39m[UnitContext] useEffect triggered {
  "authLoading": false,
  "hasUser": true,
  "id": "mock-unit-id",
  "userSub": "mock-user-sub",
}
[90mstdout[2m | src/components/AIAgentConfig.stories.tsx[2m > [22m[2mPlatform — Empty/Default Values
[22m[39m[UnitContext] Fetching unit data for id: mock-unit-id
[90mstdout[2m | src/components/AIAgentConfig.stories.tsx[2m > [22m[2mPlatform — Empty/Default Values
[22m[39m[FilesContext] Initializing vector store from IndexedDB
[90mstdout[2m | src/components/AIAgentConfig.stories.tsx[2m > [22m[2mPlatform — Empty/Default Values
[22m[39m[FilesContext] fetchFiles called
[90mstdout[2m | src/components/AIAgentConfig.stories.tsx[2m > [22m[2mPlatform — Empty/Default Values
[22m[39m[FilesContext] User authenticated: mock-user-sub
[90mstdout[2m | src/components/AIAgentConfig.stories.tsx[2m > [22m[2mPlatform — Empty/Default Values
[22m[39m[FilesContext] Identity ID: us-east-1:mock-identity-123
[90mstdout[2m | src/components/AIAgentConfig.stories.tsx[2m > [22m[2mPlatform — Empty/Default Values
[22m[39m[FilesContext] About to set up File observeQuery
[90mstdout[2m | src/components/AIAgentConfig.stories.tsx[2m > [22m[2mPlatform — Empty/Default Values
[22m[39m[ChatContext] Setting up AssistantChat observeQuery
[90mstdout[2m | src/components/AIAgentConfig.stories.tsx[2m > [22m[2mPlatform — Empty/Default Values
[22m[39m[ChatContext] Waiting for subscription to initialize
[90mstdout[2m | src/components/AIAgentConfig.stories.tsx[2m > [22m[2mPlatform — Empty/Default Values
[22m[39m[SettingsContext] Setting up Settings subscription for user: mock-user-sub
[90mstdout[2m | src/components/AIAgentConfig.stories.tsx[2m > [22m[2mPlatform — Empty/Default Values
[22m[39m[Mock Data] Settings created: mock-settings-1790418743305 - notified 0 subscribers
[90mstdout[2m | src/components/AIAgentConfig.stories.tsx[2m > [22m[2mPlatform — Empty/Default Values
[22m[39m[Mock Data] Unit.onUpdate() subscription added. Total: 1
[90mstdout[2m | src/components/AIAgentConfig.stories.tsx[2m > [22m[2mPlatform — Empty/Default Values
[22m[39m[SectionContext] Section observeQuery update: 0
[90mstdout[2m | src/components/AIAgentConfig.stories.tsx[2m > [22m[2mPlatform — Empty/Default Values
[22m[39m[FilesContext] File observeQuery update: 6 files
[90mstdout[2m | src/components/AIAgentConfig.stories.tsx[2m > [22m[2mPlatform — Empty/Default Values
[22m[39m[ChatContext] AssistantChat initialized with 1 chats
[90mstdout[2m | src/components/AIAgentConfig.stories.tsx[2m > [22m[2mPlatform — Empty/Default Values
[22m[39m[ChatContext] Setting initial chat: mock-assistant-chat-1
[90mstdout[2m | src/components/AIAgentConfig.stories.tsx[2m > [22m[2mPlatform — Empty/Default Values
[22m[39m[MOCK CourseVectorStore] Initialized with mock data
[90mstdout[2m | src/components/AIAgentConfig.stories.tsx[2m > [22m[2mPlatform — Empty/Default Values
[22m[39m[FilesContext] Vector store population triggered {
  "currentVectorStoreSize": 3,
  "documentsCount": 0,
  "filesCount": 6,
  "isInitialLoad": true,
}
[90mstdout[2m | src/components/AIAgentConfig.stories.tsx[2m > [22m[2mPlatform — Empty/Default Values
[22m[39m[FilesContext] Vector store population complete - 3 total embeddings
[90mstdout[2m | src/components/AIAgentConfig.stories.tsx[2m > [22m[2mPlatform — Empty/Default Values
[22m[39m[ChatContext] Chat exists and not archived, skipping creation
[90mstdout[2m | src/components/AIAgentConfig.stories.tsx[2m > [22m[2mPlatform — Empty/Default Values
[22m[39m[Mock Storage] downloadData called with: undefined
 [32m✓[39m [30m[45m storybook (chromium) [49m[39m src/components/AIAgentConfig.stories.tsx [2m([22m[2m7 tests[22m[2m)[22m[33m 2806[2mms[22m[39m
   [33m[2m✓[22m[39m Platform Mode [33m 565[2mms[22m[39m
   [33m[2m✓[22m[39m Platform — Budget Enforcement Disabled [33m 446[2mms[22m[39m
   [33m[2m✓[22m[39m Platform — Custom Model Selection [33m 422[2mms[22m[39m
   [33m[2m✓[22m[39m Platform — Saving State [33m 362[2mms[22m[39m
   [33m[2m✓[22m[39m Section Mode [33m 311[2mms[22m[39m
   [33m[2m✓[22m[39m Platform — Empty/Default Values [33m 403[2mms[22m[39m
[90mstdout[2m | unknown test
[22m[39m[MOCK vectorStoreDB.js] Module loaded - mock IndexedDB operations
[90mstdout[2m | unknown test
[22m[39m[Task Completion] DOM action listeners initialized
[90mstdout[2m | unknown test
[22m[39m[Task Completion] Auto-completion detector initialized
[90mstdout[2m | unknown test
[22m[39m[Preview] Task completion detector initialized
[90mstdout[2m | src/components/GroupChallengeEditor.stories.tsx[2m > [22m[2mDefault
[22m[39m[MOCK CourseVectorStore] Initialized with mock data
[90mstdout[2m | src/components/GroupChallengeEditor.stories.tsx[2m > [22m[2mDefault
[22m[39m[TranslationModeController] Setting mode to: off
[90mstdout[2m | src/components/GroupChallengeEditor.stories.tsx[2m > [22m[2mDefault
[22m[39m[UnitContext] useEffect triggered {
  "authLoading": false,
  "hasUser": true,
  "id": "mock-unit-id",
  "userSub": "mock-user-sub",
}
[90mstdout[2m | src/components/GroupChallengeEditor.stories.tsx[2m > [22m[2mDefault
[22m[39m[UnitContext] Fetching unit data for id: mock-unit-id
[90mstdout[2m | src/components/GroupChallengeEditor.stories.tsx[2m > [22m[2mDefault
[22m[39m[FilesContext] Initializing vector store from IndexedDB
[90mstdout[2m | src/components/GroupChallengeEditor.stories.tsx[2m > [22m[2mDefault
[22m[39m[FilesContext] fetchFiles called
[90mstdout[2m | src/components/GroupChallengeEditor.stories.tsx[2m > [22m[2mDefault
[22m[39m[FilesContext] User authenticated: mock-user-sub
[90mstdout[2m | src/components/GroupChallengeEditor.stories.tsx[2m > [22m[2mDefault
[22m[39m[FilesContext] Identity ID: us-east-1:mock-identity-123
[90mstdout[2m | src/components/GroupChallengeEditor.stories.tsx[2m > [22m[2mDefault
[22m[39m[FilesContext] About to set up File observeQuery
[90mstdout[2m | src/components/GroupChallengeEditor.stories.tsx[2m > [22m[2mDefault
[22m[39m[ChatContext] Setting up AssistantChat observeQuery
[90mstdout[2m | src/components/GroupChallengeEditor.stories.tsx[2m > [22m[2mDefault
[22m[39m[ChatContext] Waiting for subscription to initialize
[90mstdout[2m | src/components/GroupChallengeEditor.stories.tsx[2m > [22m[2mDefault
[22m[39m[SettingsContext] Setting up Settings subscription for user: mock-user-sub
[90mstdout[2m | src/components/GroupChallengeEditor.stories.tsx[2m > [22m[2mDefault
[22m[39m[Mock Data] Settings created: mock-settings-1790418743996 - notified 0 subscribers
[90mstdout[2m | src/components/GroupChallengeEditor.stories.tsx[2m > [22m[2mDefault
[22m[39m[Mock Data] Unit.onUpdate() subscription added. Total: 1
[90mstdout[2m | src/components/GroupChallengeEditor.stories.tsx[2m > [22m[2mDefault
[22m[39m[SectionContext] Section observeQuery update: 0
[90mstdout[2m | src/components/GroupChallengeEditor.stories.tsx[2m > [22m[2mDefault
[22m[39m[FilesContext] File observeQuery update: 6 files
[90mstdout[2m | src/components/GroupChallengeEditor.stories.tsx[2m > [22m[2mDefault
[22m[39m[ChatContext] AssistantChat initialized with 1 chats
[90mstdout[2m | src/components/GroupChallengeEditor.stories.tsx[2m > [22m[2mDefault
[22m[39m[ChatContext] Setting initial chat: mock-assistant-chat-1
[90mstdout[2m | src/components/GroupChallengeEditor.stories.tsx[2m > [22m[2mDefault
[22m[39m[MOCK CourseVectorStore] Initialized with mock data
[90mstdout[2m | src/components/GroupChallengeEditor.stories.tsx[2m > [22m[2mDefault
[22m[39m[FilesContext] Vector store population triggered {
  "currentVectorStoreSize": 3,
  "documentsCount": 0,
  "filesCount": 6,
  "isInitialLoad": true,
}
[90mstdout[2m | src/components/GroupChallengeEditor.stories.tsx[2m > [22m[2mDefault
[22m[39m[FilesContext] Vector store population complete - 3 total embeddings
[90mstdout[2m | src/components/GroupChallengeEditor.stories.tsx[2m > [22m[2mDefault
[22m[39m[ChatContext] Chat exists and not archived, skipping creation
[90mstdout[2m | src/components/GroupChallengeEditor.stories.tsx[2m > [22m[2mDefault
[22m[39m[Mock Storage] downloadData called with: undefined
[90mstdout[2m | src/components/GroupChallengeEditor.stories.tsx[2m > [22m[2mEdit With Progress
[22m[39m[ChatContext] Cleaning up subscriptions
[90mstdout[2m | src/components/GroupChallengeEditor.stories.tsx[2m > [22m[2mEdit With Progress
[22m[39m[Mock Data] Unit.onUpdate() subscription removed. Remaining: 0
[90mstdout[2m | src/components/GroupChallengeEditor.stories.tsx[2m > [22m[2mEdit With Progress
[22m[39m[MOCK CourseVectorStore] Initialized with mock data
[90mstdout[2m | src/components/GroupChallengeEditor.stories.tsx[2m > [22m[2mEdit With Progress
[22m[39m[TranslationModeController] Setting mode to: off
[90mstdout[2m | src/components/GroupChallengeEditor.stories.tsx[2m > [22m[2mEdit With Progress
[22m[39m[UnitContext] useEffect triggered {
  "authLoading": false,
  "hasUser": true,
  "id": "mock-unit-id",
  "userSub": "mock-user-sub",
}
[90mstdout[2m | src/components/GroupChallengeEditor.stories.tsx[2m > [22m[2mEdit With Progress
[22m[39m[UnitContext] Fetching unit data for id: mock-unit-id
[90mstdout[2m | src/components/GroupChallengeEditor.stories.tsx[2m > [22m[2mEdit With Progress
[22m[39m[FilesContext] Initializing vector store from IndexedDB
[90mstdout[2m | src/components/GroupChallengeEditor.stories.tsx[2m > [22m[2mEdit With Progress
[22m[39m[FilesContext] fetchFiles called
[90mstdout[2m | src/components/GroupChallengeEditor.stories.tsx[2m > [22m[2mEdit With Progress
[22m[39m[FilesContext] User authenticated: mock-user-sub
[90mstdout[2m | src/components/GroupChallengeEditor.stories.tsx[2m > [22m[2mEdit With Progress
[22m[39m[FilesContext] Identity ID: us-east-1:mock-identity-123
[90mstdout[2m | src/components/GroupChallengeEditor.stories.tsx[2m > [22m[2mEdit With Progress
[22m[39m[FilesContext] About to set up File observeQuery
[90mstdout[2m | src/components/GroupChallengeEditor.stories.tsx[2m > [22m[2mEdit With Progress
[22m[39m[ChatContext] Setting up AssistantChat observeQuery
[90mstdout[2m | src/components/GroupChallengeEditor.stories.tsx[2m > [22m[2mEdit With Progress
[22m[39m[ChatContext] Waiting for subscription to initialize
[90mstdout[2m | src/components/GroupChallengeEditor.stories.tsx[2m > [22m[2mEdit With Progress
[22m[39m[SettingsContext] Setting up Settings subscription for user: mock-user-sub
[90mstdout[2m | src/components/GroupChallengeEditor.stories.tsx[2m > [22m[2mEdit With Progress
[22m[39m[Mock Data] Settings created: mock-settings-1790418744341 - notified 0 subscribers
[90mstdout[2m | src/components/GroupChallengeEditor.stories.tsx[2m > [22m[2mEdit With Progress
[22m[39m[Mock Data] Unit.onUpdate() subscription added. Total: 1
[90mstdout[2m | src/components/GroupChallengeEditor.stories.tsx[2m > [22m[2mEdit With Progress
[22m[39m[SectionContext] Section observeQuery update: 0
[90mstdout[2m | src/components/GroupChallengeEditor.stories.tsx[2m > [22m[2mEdit With Progress
[22m[39m[FilesContext] File observeQuery update: 6 files
[90mstdout[2m | src/components/GroupChallengeEditor.stories.tsx[2m > [22m[2mEdit With Progress
[22m[39m[ChatContext] AssistantChat initialized with 1 chats
[90mstdout[2m | src/components/GroupChallengeEditor.stories.tsx[2m > [22m[2mEdit With Progress
[22m[39m[ChatContext] Setting initial chat: mock-assistant-chat-1
[90mstdout[2m | src/components/GroupChallengeEditor.stories.tsx[2m > [22m[2mEdit With Progress
[22m[39m[MOCK CourseVectorStore] Initialized with mock data
[90mstdout[2m | src/components/GroupChallengeEditor.stories.tsx[2m > [22m[2mEdit With Progress
[22m[39m[FilesContext] Vector store population triggered {
  "currentVectorStoreSize": 3,
  "documentsCount": 0,
  "filesCount": 6,
  "isInitialLoad": true,
}
[90mstdout[2m | src/components/GroupChallengeEditor.stories.tsx[2m > [22m[2mEdit With Progress
[22m[39m[FilesContext] Vector store population complete - 3 total embeddings
[90mstdout[2m | src/components/GroupChallengeEditor.stories.tsx[2m > [22m[2mEdit With Progress
[22m[39m[ChatContext] Chat exists and not archived, skipping creation
[90mstdout[2m | src/components/GroupChallengeEditor.stories.tsx[2m > [22m[2mEdit With Progress
[22m[39m[Mock Storage] downloadData called with: undefined
[90mstdout[2m | src/components/GroupChallengeEditor.stories.tsx[2m > [22m[2mExpired Deadline
[22m[39m[ChatContext] Cleaning up subscriptions
[90mstdout[2m | src/components/GroupChallengeEditor.stories.tsx[2m > [22m[2mExpired Deadline
[22m[39m[Mock Data] Unit.onUpdate() subscription removed. Remaining: 0
[90mstdout[2m | src/components/GroupChallengeEditor.stories.tsx[2m > [22m[2mExpired Deadline
[22m[39m[MOCK CourseVectorStore] Initialized with mock data
[90mstdout[2m | src/components/GroupChallengeEditor.stories.tsx[2m > [22m[2mExpired Deadline
[22m[39m[TranslationModeController] Setting mode to: off
[90mstdout[2m | src/components/GroupChallengeEditor.stories.tsx[2m > [22m[2mExpired Deadline
[22m[39m[UnitContext] useEffect triggered {
  "authLoading": false,
  "hasUser": true,
  "id": "mock-unit-id",
  "userSub": "mock-user-sub",
}
[90mstdout[2m | src/components/GroupChallengeEditor.stories.tsx[2m > [22m[2mExpired Deadline
[22m[39m[UnitContext] Fetching unit data for id: mock-unit-id
[90mstdout[2m | src/components/GroupChallengeEditor.stories.tsx[2m > [22m[2mExpired Deadline
[22m[39m[FilesContext] Initializing vector store from IndexedDB
[90mstdout[2m | src/components/GroupChallengeEditor.stories.tsx[2m > [22m[2mExpired Deadline
[22m[39m[FilesContext] fetchFiles called
[90mstdout[2m | src/components/GroupChallengeEditor.stories.tsx[2m > [22m[2mExpired Deadline
[22m[39m[FilesContext] User authenticated: mock-user-sub
[90mstdout[2m | src/components/GroupChallengeEditor.stories.tsx[2m > [22m[2mExpired Deadline
[22m[39m[FilesContext] Identity ID: us-east-1:mock-identity-123
[90mstdout[2m | src/components/GroupChallengeEditor.stories.tsx[2m > [22m[2mExpired Deadline
[22m[39m[FilesContext] About to set up File observeQuery
[90mstdout[2m | src/components/GroupChallengeEditor.stories.tsx[2m > [22m[2mExpired Deadline
[22m[39m[ChatContext] Setting up AssistantChat observeQuery
[90mstdout[2m | src/components/GroupChallengeEditor.stories.tsx[2m > [22m[2mExpired Deadline
[22m[39m[ChatContext] Waiting for subscription to initialize
[90mstdout[2m | src/components/GroupChallengeEditor.stories.tsx[2m > [22m[2mExpired Deadline
[22m[39m[SettingsContext] Setting up Settings subscription for user: mock-user-sub
[90mstdout[2m | src/components/GroupChallengeEditor.stories.tsx[2m > [22m[2mExpired Deadline
[22m[39m[Mock Data] Settings created: mock-settings-1790418744621 - notified 0 subscribers
[90mstdout[2m | src/components/GroupChallengeEditor.stories.tsx[2m > [22m[2mExpired Deadline
[22m[39m[Mock Data] Unit.onUpdate() subscription added. Total: 1
[90mstdout[2m | src/components/GroupChallengeEditor.stories.tsx[2m > [22m[2mExpired Deadline
[22m[39m[SectionContext] Section observeQuery update: 0
[90mstdout[2m | src/components/GroupChallengeEditor.stories.tsx[2m > [22m[2mExpired Deadline
[22m[39m[FilesContext] File observeQuery update: 6 files
[90mstdout[2m | src/components/GroupChallengeEditor.stories.tsx[2m > [22m[2mExpired Deadline
[22m[39m[ChatContext] AssistantChat initialized with 1 chats
[90mstdout[2m | src/components/GroupChallengeEditor.stories.tsx[2m > [22m[2mExpired Deadline
[22m[39m[ChatContext] Setting initial chat: mock-assistant-chat-1
[90mstdout[2m | src/components/GroupChallengeEditor.stories.tsx[2m > [22m[2mExpired Deadline
[22m[39m[MOCK CourseVectorStore] Initialized with mock data
[90mstdout[2m | src/components/GroupChallengeEditor.stories.tsx[2m > [22m[2mExpired Deadline
[22m[39m[FilesContext] Vector store population triggered {
  "currentVectorStoreSize": 3,
  "documentsCount": 0,
  "filesCount": 6,
  "isInitialLoad": true,
}
[90mstdout[2m | src/components/GroupChallengeEditor.stories.tsx[2m > [22m[2mExpired Deadline
[22m[39m[FilesContext] Vector store population complete - 3 total embeddings
[90mstdout[2m | src/components/GroupChallengeEditor.stories.tsx[2m > [22m[2mExpired Deadline
[22m[39m[ChatContext] Chat exists and not archived, skipping creation
[90mstdout[2m | src/components/GroupChallengeEditor.stories.tsx[2m > [22m[2mExpired Deadline
[22m[39m[Mock Storage] downloadData called with: undefined
[90mstdout[2m | src/components/GroupChallengeEditor.stories.tsx[2m > [22m[2mCompleted Challenge
[22m[39m[ChatContext] Cleaning up subscriptions
[90mstdout[2m | src/components/GroupChallengeEditor.stories.tsx[2m > [22m[2mCompleted Challenge
[22m[39m[Mock Data] Unit.onUpdate() subscription removed. Remaining: 0
[90mstdout[2m | src/components/GroupChallengeEditor.stories.tsx[2m > [22m[2mCompleted Challenge
[22m[39m[MOCK CourseVectorStore] Initialized with mock data
[90mstdout[2m | src/components/GroupChallengeEditor.stories.tsx[2m > [22m[2mCompleted Challenge
[22m[39m[TranslationModeController] Setting mode to: off
[90mstdout[2m | src/components/GroupChallengeEditor.stories.tsx[2m > [22m[2mCompleted Challenge
[22m[39m[UnitContext] useEffect triggered {
  "authLoading": false,
  "hasUser": true,
  "id": "mock-unit-id",
  "userSub": "mock-user-sub",
}
[90mstdout[2m | src/components/GroupChallengeEditor.stories.tsx[2m > [22m[2mCompleted Challenge
[22m[39m[UnitContext] Fetching unit data for id: mock-unit-id
[90mstdout[2m | src/components/GroupChallengeEditor.stories.tsx[2m > [22m[2mCompleted Challenge
[22m[39m[FilesContext] Initializing vector store from IndexedDB
[90mstdout[2m | src/components/GroupChallengeEditor.stories.tsx[2m > [22m[2mCompleted Challenge
[22m[39m[FilesContext] fetchFiles called
[90mstdout[2m | src/components/GroupChallengeEditor.stories.tsx[2m > [22m[2mCompleted Challenge
[22m[39m[FilesContext] User authenticated: mock-user-sub
[90mstdout[2m | src/components/GroupChallengeEditor.stories.tsx[2m > [22m[2mCompleted Challenge
[22m[39m[FilesContext] Identity ID: us-east-1:mock-identity-123
[90mstdout[2m | src/components/GroupChallengeEditor.stories.tsx[2m > [22m[2mCompleted Challenge
[22m[39m[FilesContext] About to set up File observeQuery
[90mstdout[2m | src/components/GroupChallengeEditor.stories.tsx[2m > [22m[2mCompleted Challenge
[22m[39m[ChatContext] Setting up AssistantChat observeQuery
[90mstdout[2m | src/components/GroupChallengeEditor.stories.tsx[2m > [22m[2mCompleted Challenge
[22m[39m[ChatContext] Waiting for subscription to initialize
[90mstdout[2m | src/components/GroupChallengeEditor.stories.tsx[2m > [22m[2mCompleted Challenge
[22m[39m[SettingsContext] Setting up Settings subscription for user: mock-user-sub
[90mstdout[2m | src/components/GroupChallengeEditor.stories.tsx[2m > [22m[2mCompleted Challenge
[22m[39m[Mock Data] Settings created: mock-settings-1790418744852 - notified 0 subscribers
[90mstdout[2m | src/components/GroupChallengeEditor.stories.tsx[2m > [22m[2mCompleted Challenge
[22m[39m[Mock Data] Unit.onUpdate() subscription added. Total: 1
[90mstdout[2m | src/components/GroupChallengeEditor.stories.tsx[2m > [22m[2mCompleted Challenge
[22m[39m[SectionContext] Section observeQuery update: 0
[90mstdout[2m | src/components/GroupChallengeEditor.stories.tsx[2m > [22m[2mCompleted Challenge
[22m[39m[FilesContext] File observeQuery update: 6 files
[90mstdout[2m | src/components/GroupChallengeEditor.stories.tsx[2m > [22m[2mCompleted Challenge
[22m[39m[ChatContext] AssistantChat initialized with 1 chats
[90mstdout[2m | src/components/GroupChallengeEditor.stories.tsx[2m > [22m[2mCompleted Challenge
[22m[39m[ChatContext] Setting initial chat: mock-assistant-chat-1
[90mstdout[2m | src/components/GroupChallengeEditor.stories.tsx[2m > [22m[2mCompleted Challenge
[22m[39m[Mock Storage] downloadData called with: undefined
[90mstdout[2m | src/components/GroupChallengeEditor.stories.tsx[2m > [22m[2mCompleted Challenge
[22m[39m[MOCK CourseVectorStore] Initialized with mock data
[90mstdout[2m | src/components/GroupChallengeEditor.stories.tsx[2m > [22m[2mCompleted Challenge
[22m[39m[FilesContext] Vector store population triggered {
  "currentVectorStoreSize": 3,
  "documentsCount": 0,
  "filesCount": 6,
  "isInitialLoad": true,
}
[90mstdout[2m | src/components/GroupChallengeEditor.stories.tsx[2m > [22m[2mCompleted Challenge
[22m[39m[FilesContext] Vector store population complete - 3 total embeddings
[90mstdout[2m | src/components/GroupChallengeEditor.stories.tsx[2m > [22m[2mCompleted Challenge
[22m[39m[ChatContext] Chat exists and not archived, skipping creation
[90mstdout[2m | src/components/GroupChallengeEditor.stories.tsx[2m > [22m[2mSubmitting
[22m[39m[ChatContext] Cleaning up subscriptions
[90mstdout[2m | src/components/GroupChallengeEditor.stories.tsx[2m > [22m[2mSubmitting
[22m[39m[Mock Data] Unit.onUpdate() subscription removed. Remaining: 0
[90mstdout[2m | src/components/GroupChallengeEditor.stories.tsx[2m > [22m[2mSubmitting
[22m[39m[MOCK CourseVectorStore] Initialized with mock data
[90mstdout[2m | src/components/GroupChallengeEditor.stories.tsx[2m > [22m[2mSubmitting
[22m[39m[TranslationModeController] Setting mode to: off
[90mstdout[2m | src/components/GroupChallengeEditor.stories.tsx[2m > [22m[2mSubmitting
[22m[39m[UnitContext] useEffect triggered {
  "authLoading": false,
  "hasUser": true,
  "id": "mock-unit-id",
  "userSub": "mock-user-sub",
}
[90mstdout[2m | src/components/GroupChallengeEditor.stories.tsx[2m > [22m[2mSubmitting
[22m[39m[UnitContext] Fetching unit data for id: mock-unit-id
[90mstdout[2m | src/components/GroupChallengeEditor.stories.tsx[2m > [22m[2mSubmitting
[22m[39m[FilesContext] Initializing vector store from IndexedDB
[90mstdout[2m | src/components/GroupChallengeEditor.stories.tsx[2m > [22m[2mSubmitting
[22m[39m[FilesContext] fetchFiles called
[90mstdout[2m | src/components/GroupChallengeEditor.stories.tsx[2m > [22m[2mSubmitting
[22m[39m[FilesContext] User authenticated: mock-user-sub
[90mstdout[2m | src/components/GroupChallengeEditor.stories.tsx[2m > [22m[2mSubmitting
[22m[39m[FilesContext] Identity ID: us-east-1:mock-identity-123
[90mstdout[2m | src/components/GroupChallengeEditor.stories.tsx[2m > [22m[2mSubmitting
[22m[39m[FilesContext] About to set up File observeQuery
[90mstdout[2m | src/components/GroupChallengeEditor.stories.tsx[2m > [22m[2mSubmitting
[22m[39m[ChatContext] Setting up AssistantChat observeQuery
[90mstdout[2m | src/components/GroupChallengeEditor.stories.tsx[2m > [22m[2mSubmitting
[22m[39m[ChatContext] Waiting for subscription to initialize
[90mstdout[2m | src/components/GroupChallengeEditor.stories.tsx[2m > [22m[2mSubmitting
[22m[39m[SettingsContext] Setting up Settings subscription for user: mock-user-sub
[90mstdout[2m | src/components/GroupChallengeEditor.stories.tsx[2m > [22m[2mSubmitting
[22m[39m[Mock Data] Settings created: mock-settings-1790418745067 - notified 0 subscribers
[90mstdout[2m | src/components/GroupChallengeEditor.stories.tsx[2m > [22m[2mSubmitting
[22m[39m[Mock Data] Unit.onUpdate() subscription added. Total: 1
[90mstdout[2m | src/components/GroupChallengeEditor.stories.tsx[2m > [22m[2mSubmitting
[22m[39m[SectionContext] Section observeQuery update: 0
[90mstdout[2m | src/components/GroupChallengeEditor.stories.tsx[2m > [22m[2mSubmitting
[22m[39m[FilesContext] File observeQuery update: 6 files
[90mstdout[2m | src/components/GroupChallengeEditor.stories.tsx[2m > [22m[2mSubmitting
[22m[39m[ChatContext] AssistantChat initialized with 1 chats
[90mstdout[2m | src/components/GroupChallengeEditor.stories.tsx[2m > [22m[2mSubmitting
[22m[39m[ChatContext] Setting initial chat: mock-assistant-chat-1
[90mstdout[2m | src/components/GroupChallengeEditor.stories.tsx[2m > [22m[2mSubmitting
[22m[39m[Mock Storage] downloadData called with: undefined
[90mstdout[2m | src/components/GroupChallengeEditor.stories.tsx[2m > [22m[2mSubmitting
[22m[39m[MOCK CourseVectorStore] Initialized with mock data
[90mstdout[2m | src/components/GroupChallengeEditor.stories.tsx[2m > [22m[2mSubmitting
[22m[39m[FilesContext] Vector store population triggered {
  "currentVectorStoreSize": 3,
  "documentsCount": 0,
  "filesCount": 6,
  "isInitialLoad": true,
}
[90mstdout[2m | src/components/GroupChallengeEditor.stories.tsx[2m > [22m[2mSubmitting
[22m[39m[FilesContext] Vector store population complete - 3 total embeddings
[90mstdout[2m | src/components/GroupChallengeEditor.stories.tsx[2m > [22m[2mSubmitting
[22m[39m[ChatContext] Chat exists and not archived, skipping creation
[90mstdout[2m | src/components/GroupChallengeEditor.stories.tsx[2m > [22m[2mSubmitting
[22m[39mfilterWords {
  "filter": "",
  "wordsCount": 0,
}
 [32m✓[39m [30m[45m storybook (chromium) [49m[39m src/components/GroupChallengeEditor.stories.tsx [2m([22m[2m5 tests[22m[2m)[22m[33m 1314[2mms[22m[39m
   [33m[2m✓[22m[39m Default [33m 306[2mms[22m[39m
   [33m[2m✓[22m[39m Edit With Progress [33m 310[2mms[22m[39m
[90mstdout[2m | unknown test
[22m[39m[MOCK vectorStoreDB.js] Module loaded - mock IndexedDB operations
[90mstdout[2m | unknown test
[22m[39m[Task Completion] DOM action listeners initialized
[90mstdout[2m | unknown test
[22m[39m[Task Completion] Auto-completion detector initialized
[90mstdout[2m | unknown test
[22m[39m[Preview] Task completion detector initialized
[90mstdout[2m | src/components/ChatSidebar/ToolCallPreview.stories.tsx[2m > [22m[2mSearch Content Pending
[22m[39m[MOCK CourseVectorStore] Initialized with mock data
[90mstdout[2m | src/components/ChatSidebar/ToolCallPreview.stories.tsx[2m > [22m[2mSearch Content Pending
[22m[39m[TranslationModeController] Setting mode to: off
[90mstdout[2m | src/components/ChatSidebar/ToolCallPreview.stories.tsx[2m > [22m[2mSearch Content Pending
[22m[39m[UnitContext] useEffect triggered {
  "authLoading": false,
  "hasUser": true,
  "id": "mock-unit-id",
  "userSub": "mock-user-sub",
}
[90mstdout[2m | src/components/ChatSidebar/ToolCallPreview.stories.tsx[2m > [22m[2mSearch Content Pending
[22m[39m[UnitContext] Fetching unit data for id: mock-unit-id
[90mstdout[2m | src/components/ChatSidebar/ToolCallPreview.stories.tsx[2m > [22m[2mSearch Content Pending
[22m[39m[FilesContext] Initializing vector store from IndexedDB
[90mstdout[2m | src/components/ChatSidebar/ToolCallPreview.stories.tsx[2m > [22m[2mSearch Content Pending
[22m[39m[FilesContext] fetchFiles called
[90mstdout[2m | src/components/ChatSidebar/ToolCallPreview.stories.tsx[2m > [22m[2mSearch Content Pending
[22m[39m[FilesContext] User authenticated: mock-user-sub
[90mstdout[2m | src/components/ChatSidebar/ToolCallPreview.stories.tsx[2m > [22m[2mSearch Content Pending
[22m[39m[FilesContext] Identity ID: us-east-1:mock-identity-123
[90mstdout[2m | src/components/ChatSidebar/ToolCallPreview.stories.tsx[2m > [22m[2mSearch Content Pending
[22m[39m[FilesContext] About to set up File observeQuery
[90mstdout[2m | src/components/ChatSidebar/ToolCallPreview.stories.tsx[2m > [22m[2mSearch Content Pending
[22m[39m[ChatContext] Setting up AssistantChat observeQuery
[90mstdout[2m | src/components/ChatSidebar/ToolCallPreview.stories.tsx[2m > [22m[2mSearch Content Pending
[22m[39m[ChatContext] Waiting for subscription to initialize
[90mstdout[2m | src/components/ChatSidebar/ToolCallPreview.stories.tsx[2m > [22m[2mSearch Content Pending
[22m[39m[SettingsContext] Setting up Settings subscription for user: mock-user-sub
[90mstdout[2m | src/components/ChatSidebar/ToolCallPreview.stories.tsx[2m > [22m[2mSearch Content Pending
[22m[39m[Mock Data] Settings created: mock-settings-1790418745760 - notified 0 subscribers
[90mstdout[2m | src/components/ChatSidebar/ToolCallPreview.stories.tsx[2m > [22m[2mSearch Content Pending
[22m[39m[Mock Data] Unit.onUpdate() subscription added. Total: 1
[90mstdout[2m | src/components/ChatSidebar/ToolCallPreview.stories.tsx[2m > [22m[2mSearch Content Pending
[22m[39m[SectionContext] Section observeQuery update: 0
[90mstdout[2m | src/components/ChatSidebar/ToolCallPreview.stories.tsx[2m > [22m[2mSearch Content Pending
[22m[39m[FilesContext] File observeQuery update: 6 files
[90mstdout[2m | src/components/ChatSidebar/ToolCallPreview.stories.tsx[2m > [22m[2mSearch Content Pending
[22m[39m[ChatContext] AssistantChat initialized with 1 chats
[90mstdout[2m | src/components/ChatSidebar/ToolCallPreview.stories.tsx[2m > [22m[2mSearch Content Pending
[22m[39m[ChatContext] Setting initial chat: mock-assistant-chat-1
[90mstdout[2m | src/components/ChatSidebar/ToolCallPreview.stories.tsx[2m > [22m[2mSearch Content Pending
[22m[39m[MOCK CourseVectorStore] Initialized with mock data
[90mstdout[2m | src/components/ChatSidebar/ToolCallPreview.stories.tsx[2m > [22m[2mSearch Content Pending
[22m[39m[FilesContext] Vector store population triggered {
  "currentVectorStoreSize": 3,
  "documentsCount": 0,
  "filesCount": 6,
  "isInitialLoad": true,
}
[90mstdout[2m | src/components/ChatSidebar/ToolCallPreview.stories.tsx[2m > [22m[2mSearch Content Pending
[22m[39m[FilesContext] Vector store population complete - 3 total embeddings
[90mstdout[2m | src/components/ChatSidebar/ToolCallPreview.stories.tsx[2m > [22m[2mSearch Content Pending
[22m[39m[ChatContext] Chat exists and not archived, skipping creation
[90mstdout[2m | src/components/ChatSidebar/ToolCallPreview.stories.tsx[2m > [22m[2mSearch Content Pending
[22m[39m[Mock Storage] downloadData called with: undefined
[90mstdout[2m | src/components/ChatSidebar/ToolCallPreview.stories.tsx[2m > [22m[2mCreate Section Pending
[22m[39m[ChatContext] Cleaning up subscriptions
[90mstdout[2m | src/components/ChatSidebar/ToolCallPreview.stories.tsx[2m > [22m[2mCreate Section Pending
[22m[39m[Mock Data] Unit.onUpdate() subscription removed. Remaining: 0
[90mstdout[2m | src/components/ChatSidebar/ToolCallPreview.stories.tsx[2m > [22m[2mCreate Section Pending
[22m[39m[MOCK CourseVectorStore] Initialized with mock data
[90mstdout[2m | src/components/ChatSidebar/ToolCallPreview.stories.tsx[2m > [22m[2mCreate Section Pending
[22m[39m[TranslationModeController] Setting mode to: off
[90mstdout[2m | src/components/ChatSidebar/ToolCallPreview.stories.tsx[2m > [22m[2mCreate Section Pending
[22m[39m[UnitContext] useEffect triggered {
  "authLoading": false,
  "hasUser": true,
  "id": "mock-unit-id",
  "userSub": "mock-user-sub",
}
[90mstdout[2m | src/components/ChatSidebar/ToolCallPreview.stories.tsx[2m > [22m[2mCreate Section Pending
[22m[39m[UnitContext] Fetching unit data for id: mock-unit-id
[90mstdout[2m | src/components/ChatSidebar/ToolCallPreview.stories.tsx[2m > [22m[2mCreate Section Pending
[22m[39m[FilesContext] Initializing vector store from IndexedDB
[90mstdout[2m | src/components/ChatSidebar/ToolCallPreview.stories.tsx[2m > [22m[2mCreate Section Pending
[22m[39m[FilesContext] fetchFiles called
[90mstdout[2m | src/components/ChatSidebar/ToolCallPreview.stories.tsx[2m > [22m[2mCreate Section Pending
[22m[39m[FilesContext] User authenticated: mock-user-sub
[90mstdout[2m | src/components/ChatSidebar/ToolCallPreview.stories.tsx[2m > [22m[2mCreate Section Pending
[22m[39m[FilesContext] Identity ID: us-east-1:mock-identity-123
[90mstdout[2m | src/components/ChatSidebar/ToolCallPreview.stories.tsx[2m > [22m[2mCreate Section Pending
[22m[39m[FilesContext] About to set up File observeQuery
[90mstdout[2m | src/components/ChatSidebar/ToolCallPreview.stories.tsx[2m > [22m[2mCreate Section Pending
[22m[39m[ChatContext] Setting up AssistantChat observeQuery
[90mstdout[2m | src/components/ChatSidebar/ToolCallPreview.stories.tsx[2m > [22m[2mCreate Section Pending
[22m[39m[ChatContext] Waiting for subscription to initialize
[90mstdout[2m | src/components/ChatSidebar/ToolCallPreview.stories.tsx[2m > [22m[2mCreate Section Pending
[22m[39m[SettingsContext] Setting up Settings subscription for user: mock-user-sub
[90mstdout[2m | src/components/ChatSidebar/ToolCallPreview.stories.tsx[2m > [22m[2mCreate Section Pending
[22m[39m[Mock Data] Settings created: mock-settings-1790418746019 - notified 0 subscribers
[90mstdout[2m | src/components/ChatSidebar/ToolCallPreview.stories.tsx[2m > [22m[2mCreate Section Pending
[22m[39m[Mock Data] Unit.onUpdate() subscription added. Total: 1
[90mstdout[2m | src/components/ChatSidebar/ToolCallPreview.stories.tsx[2m > [22m[2mCreate Section Pending
[22m[39m[SectionContext] Section observeQuery update: 0
[90mstdout[2m | src/components/ChatSidebar/ToolCallPreview.stories.tsx[2m > [22m[2mCreate Section Pending
[22m[39m[FilesContext] File observeQuery update: 6 files
[90mstdout[2m | src/components/ChatSidebar/ToolCallPreview.stories.tsx[2m > [22m[2mCreate Section Pending
[22m[39m[ChatContext] AssistantChat initialized with 1 chats
[90mstdout[2m | src/components/ChatSidebar/ToolCallPreview.stories.tsx[2m > [22m[2mCreate Section Pending
[22m[39m[ChatContext] Setting initial chat: mock-assistant-chat-1
[90mstdout[2m | src/components/ChatSidebar/ToolCallPreview.stories.tsx[2m > [22m[2mCreate Section Pending
[22m[39m[MOCK CourseVectorStore] Initialized with mock data
[90mstdout[2m | src/components/ChatSidebar/ToolCallPreview.stories.tsx[2m > [22m[2mCreate Section Pending
[22m[39m[FilesContext] Vector store population triggered {
  "currentVectorStoreSize": 3,
  "documentsCount": 0,
  "filesCount": 6,
  "isInitialLoad": true,
}
[90mstdout[2m | src/components/ChatSidebar/ToolCallPreview.stories.tsx[2m > [22m[2mCreate Section Pending
[22m[39m[FilesContext] Vector store population complete - 3 total embeddings
[90mstdout[2m | src/components/ChatSidebar/ToolCallPreview.stories.tsx[2m > [22m[2mCreate Section Pending
[22m[39m[ChatContext] Chat exists and not archived, skipping creation
[90mstdout[2m | src/components/ChatSidebar/ToolCallPreview.stories.tsx[2m > [22m[2mCreate Section Pending
[22m[39m[Mock Storage] downloadData called with: undefined
[90mstdout[2m | src/components/ChatSidebar/ToolCallPreview.stories.tsx[2m > [22m[2mGenerate Content Pending
[22m[39m[ChatContext] Cleaning up subscriptions
[90mstdout[2m | src/components/ChatSidebar/ToolCallPreview.stories.tsx[2m > [22m[2mGenerate Content Pending
[22m[39m[Mock Data] Unit.onUpdate() subscription removed. Remaining: 0
[90mstdout[2m | src/components/ChatSidebar/ToolCallPreview.stories.tsx[2m > [22m[2mGenerate Content Pending
[22m[39m[MOCK CourseVectorStore] Initialized with mock data
[90mstdout[2m | src/components/ChatSidebar/ToolCallPreview.stories.tsx[2m > [22m[2mGenerate Content Pending
[22m[39m[TranslationModeController] Setting mode to: off
[90mstdout[2m | src/components/ChatSidebar/ToolCallPreview.stories.tsx[2m > [22m[2mGenerate Content Pending
[22m[39m[UnitContext] useEffect triggered {
  "authLoading": false,
  "hasUser": true,
  "id": "mock-unit-id",
  "userSub": "mock-user-sub",
}
[90mstdout[2m | src/components/ChatSidebar/ToolCallPreview.stories.tsx[2m > [22m[2mGenerate Content Pending
[22m[39m[UnitContext] Fetching unit data for id: mock-unit-id
[90mstdout[2m | src/components/ChatSidebar/ToolCallPreview.stories.tsx[2m > [22m[2mGenerate Content Pending
[22m[39m[FilesContext] Initializing vector store from IndexedDB
[90mstdout[2m | src/components/ChatSidebar/ToolCallPreview.stories.tsx[2m > [22m[2mGenerate Content Pending
[22m[39m[FilesContext] fetchFiles called
[90mstdout[2m | src/components/ChatSidebar/ToolCallPreview.stories.tsx[2m > [22m[2mGenerate Content Pending
[22m[39m[FilesContext] User authenticated: mock-user-sub
[90mstdout[2m | src/components/ChatSidebar/ToolCallPreview.stories.tsx[2m > [22m[2mGenerate Content Pending
[22m[39m[FilesContext] Identity ID: us-east-1:mock-identity-123
[90mstdout[2m | src/components/ChatSidebar/ToolCallPreview.stories.tsx[2m > [22m[2mGenerate Content Pending
[22m[39m[FilesContext] About to set up File observeQuery
[90mstdout[2m | src/components/ChatSidebar/ToolCallPreview.stories.tsx[2m > [22m[2mGenerate Content Pending
[22m[39m[ChatContext] Setting up AssistantChat observeQuery
[90mstdout[2m | src/components/ChatSidebar/ToolCallPreview.stories.tsx[2m > [22m[2mGenerate Content Pending
[22m[39m[ChatContext] Waiting for subscription to initialize
[90mstdout[2m | src/components/ChatSidebar/ToolCallPreview.stories.tsx[2m > [22m[2mGenerate Content Pending
[22m[39m[SettingsContext] Setting up Settings subscription for user: mock-user-sub
[90mstdout[2m | src/components/ChatSidebar/ToolCallPreview.stories.tsx[2m > [22m[2mGenerate Content Pending
[22m[39m[Mock Data] Settings created: mock-settings-1790418746233 - notified 0 subscribers
[90mstdout[2m | src/components/ChatSidebar/ToolCallPreview.stories.tsx[2m > [22m[2mGenerate Content Pending
[22m[39m[Mock Data] Unit.onUpdate() subscription added. Total: 1
[90mstdout[2m | src/components/ChatSidebar/ToolCallPreview.stories.tsx[2m > [22m[2mGenerate Content Pending
[22m[39m[SectionContext] Section observeQuery update: 0
[90mstdout[2m | src/components/ChatSidebar/ToolCallPreview.stories.tsx[2m > [22m[2mGenerate Content Pending
[22m[39m[FilesContext] File observeQuery update: 6 files
[90mstdout[2m | src/components/ChatSidebar/ToolCallPreview.stories.tsx[2m > [22m[2mGenerate Content Pending
[22m[39m[ChatContext] AssistantChat initialized with 1 chats
[90mstdout[2m | src/components/ChatSidebar/ToolCallPreview.stories.tsx[2m > [22m[2mGenerate Content Pending
[22m[39m[ChatContext] Setting initial chat: mock-assistant-chat-1
[90mstdout[2m | src/components/ChatSidebar/ToolCallPreview.stories.tsx[2m > [22m[2mGenerate Content Pending
[22m[39m[MOCK CourseVectorStore] Initialized with mock data
[90mstdout[2m | src/components/ChatSidebar/ToolCallPreview.stories.tsx[2m > [22m[2mGenerate Content Pending
[22m[39m[FilesContext] Vector store population triggered {
  "currentVectorStoreSize": 3,
  "documentsCount": 0,
  "filesCount": 6,
  "isInitialLoad": true,
}
[90mstdout[2m | src/components/ChatSidebar/ToolCallPreview.stories.tsx[2m > [22m[2mGenerate Content Pending
[22m[39m[FilesContext] Vector store population complete - 3 total embeddings
[90mstdout[2m | src/components/ChatSidebar/ToolCallPreview.stories.tsx[2m > [22m[2mGenerate Content Pending
[22m[39m[ChatContext] Chat exists and not archived, skipping creation
[90mstdout[2m | src/components/ChatSidebar/ToolCallPreview.stories.tsx[2m > [22m[2mGenerate Content Pending
[22m[39m[Mock Storage] downloadData called with: undefined
[90mstdout[2m | src/components/ChatSidebar/ToolCallPreview.stories.tsx[2m > [22m[2mGenerate Content Pending
[22m[39mfilterWords {
  "filter": "",
  "wordsCount": 0,
}
[90mstdout[2m | src/components/ChatSidebar/ToolCallPreview.stories.tsx[2m > [22m[2mTool Executing
[22m[39m[ChatContext] Cleaning up subscriptions
[90mstdout[2m | src/components/ChatSidebar/ToolCallPreview.stories.tsx[2m > [22m[2mTool Executing
[22m[39m[Mock Data] Unit.onUpdate() subscription removed. Remaining: 0
[90mstdout[2m | src/components/ChatSidebar/ToolCallPreview.stories.tsx[2m > [22m[2mTool Executing
[22m[39m[MOCK CourseVectorStore] Initialized with mock data
[90mstdout[2m | src/components/ChatSidebar/ToolCallPreview.stories.tsx[2m > [22m[2mTool Executing
[22m[39m[TranslationModeController] Setting mode to: off
[90mstdout[2m | src/components/ChatSidebar/ToolCallPreview.stories.tsx[2m > [22m[2mTool Executing
[22m[39m[UnitContext] useEffect triggered {
  "authLoading": false,
  "hasUser": true,
  "id": "mock-unit-id",
  "userSub": "mock-user-sub",
}
[90mstdout[2m | src/components/ChatSidebar/ToolCallPreview.stories.tsx[2m > [22m[2mTool Executing
[22m[39m[UnitContext] Fetching unit data for id: mock-unit-id
[90mstdout[2m | src/components/ChatSidebar/ToolCallPreview.stories.tsx[2m > [22m[2mTool Executing
[22m[39m[FilesContext] Initializing vector store from IndexedDB
[90mstdout[2m | src/components/ChatSidebar/ToolCallPreview.stories.tsx[2m > [22m[2mTool Executing
[22m[39m[FilesContext] fetchFiles called
[90mstdout[2m | src/components/ChatSidebar/ToolCallPreview.stories.tsx[2m > [22m[2mTool Executing
[22m[39m[FilesContext] User authenticated: mock-user-sub
[90mstdout[2m | src/components/ChatSidebar/ToolCallPreview.stories.tsx[2m > [22m[2mTool Executing
[22m[39m[FilesContext] Identity ID: us-east-1:mock-identity-123
[90mstdout[2m | src/components/ChatSidebar/ToolCallPreview.stories.tsx[2m > [22m[2mTool Executing
[22m[39m[FilesContext] About to set up File observeQuery
[90mstdout[2m | src/components/ChatSidebar/ToolCallPreview.stories.tsx[2m > [22m[2mTool Executing
[22m[39m[ChatContext] Setting up AssistantChat observeQuery
[90mstdout[2m | src/components/ChatSidebar/ToolCallPreview.stories.tsx[2m > [22m[2mTool Executing
[22m[39m[ChatContext] Waiting for subscription to initialize
[90mstdout[2m | src/components/ChatSidebar/ToolCallPreview.stories.tsx[2m > [22m[2mTool Executing
[22m[39m[SettingsContext] Setting up Settings subscription for user: mock-user-sub
[90mstdout[2m | src/components/ChatSidebar/ToolCallPreview.stories.tsx[2m > [22m[2mTool Executing
[22m[39m[Mock Data] Settings created: mock-settings-1790418746486 - notified 0 subscribers
[90mstdout[2m | src/components/ChatSidebar/ToolCallPreview.stories.tsx[2m > [22m[2mTool Executing
[22m[39m[Mock Data] Unit.onUpdate() subscription added. Total: 1
[90mstdout[2m | src/components/ChatSidebar/ToolCallPreview.stories.tsx[2m > [22m[2mTool Executing
[22m[39m[SectionContext] Section observeQuery update: 0
[90mstdout[2m | src/components/ChatSidebar/ToolCallPreview.stories.tsx[2m > [22m[2mTool Executing
[22m[39m[FilesContext] File observeQuery update: 6 files
[90mstdout[2m | src/components/ChatSidebar/ToolCallPreview.stories.tsx[2m > [22m[2mTool Executing
[22m[39m[ChatContext] AssistantChat initialized with 1 chats
[90mstdout[2m | src/components/ChatSidebar/ToolCallPreview.stories.tsx[2m > [22m[2mTool Executing
[22m[39m[ChatContext] Setting initial chat: mock-assistant-chat-1
[90mstdout[2m | src/components/ChatSidebar/ToolCallPreview.stories.tsx[2m > [22m[2mTool Executing
[22m[39m[MOCK CourseVectorStore] Initialized with mock data
[90mstdout[2m | src/components/ChatSidebar/ToolCallPreview.stories.tsx[2m > [22m[2mTool Executing
[22m[39m[FilesContext] Vector store population triggered {
  "currentVectorStoreSize": 3,
  "documentsCount": 0,
  "filesCount": 6,
  "isInitialLoad": true,
}
[90mstdout[2m | src/components/ChatSidebar/ToolCallPreview.stories.tsx[2m > [22m[2mTool Executing
[22m[39m[FilesContext] Vector store population complete - 3 total embeddings
[90mstdout[2m | src/components/ChatSidebar/ToolCallPreview.stories.tsx[2m > [22m[2mTool Executing
[22m[39m[ChatContext] Chat exists and not archived, skipping creation
[90mstdout[2m | src/components/ChatSidebar/ToolCallPreview.stories.tsx[2m > [22m[2mTool Executing
[22m[39m[Mock Storage] downloadData called with: undefined
[90mstdout[2m | src/components/ChatSidebar/ToolCallPreview.stories.tsx[2m > [22m[2mTool Executed
[22m[39m[ChatContext] Cleaning up subscriptions
[90mstdout[2m | src/components/ChatSidebar/ToolCallPreview.stories.tsx[2m > [22m[2mTool Executed
[22m[39m[Mock Data] Unit.onUpdate() subscription removed. Remaining: 0
[90mstdout[2m | src/components/ChatSidebar/ToolCallPreview.stories.tsx[2m > [22m[2mTool Executed
[22m[39m[MOCK CourseVectorStore] Initialized with mock data
[90mstdout[2m | src/components/ChatSidebar/ToolCallPreview.stories.tsx[2m > [22m[2mTool Executed
[22m[39m[TranslationModeController] Setting mode to: off
[90mstdout[2m | src/components/ChatSidebar/ToolCallPreview.stories.tsx[2m > [22m[2mTool Executed
[22m[39m[UnitContext] useEffect triggered {
  "authLoading": false,
  "hasUser": true,
  "id": "mock-unit-id",
  "userSub": "mock-user-sub",
}
[90mstdout[2m | src/components/ChatSidebar/ToolCallPreview.stories.tsx[2m > [22m[2mTool Executed
[22m[39m[UnitContext] Fetching unit data for id: mock-unit-id
[90mstdout[2m | src/components/ChatSidebar/ToolCallPreview.stories.tsx[2m > [22m[2mTool Executed
[22m[39m[FilesContext] Initializing vector store from IndexedDB
[90mstdout[2m | src/components/ChatSidebar/ToolCallPreview.stories.tsx[2m > [22m[2mTool Executed
[22m[39m[FilesContext] fetchFiles called
[90mstdout[2m | src/components/ChatSidebar/ToolCallPreview.stories.tsx[2m > [22m[2mTool Executed
[22m[39m[FilesContext] User authenticated: mock-user-sub
[90mstdout[2m | src/components/ChatSidebar/ToolCallPreview.stories.tsx[2m > [22m[2mTool Executed
[22m[39m[FilesContext] Identity ID: us-east-1:mock-identity-123
[90mstdout[2m | src/components/ChatSidebar/ToolCallPreview.stories.tsx[2m > [22m[2mTool Executed
[22m[39m[FilesContext] About to set up File observeQuery
[90mstdout[2m | src/components/ChatSidebar/ToolCallPreview.stories.tsx[2m > [22m[2mTool Executed
[22m[39m[ChatContext] Setting up AssistantChat observeQuery
[90mstdout[2m | src/components/ChatSidebar/ToolCallPreview.stories.tsx[2m > [22m[2mTool Executed
[22m[39m[ChatContext] Waiting for subscription to initialize
[90mstdout[2m | src/components/ChatSidebar/ToolCallPreview.stories.tsx[2m > [22m[2mTool Executed
[22m[39m[SettingsContext] Setting up Settings subscription for user: mock-user-sub
[90mstdout[2m | src/components/ChatSidebar/ToolCallPreview.stories.tsx[2m > [22m[2mTool Executed
[22m[39m[Mock Data] Settings created: mock-settings-1790418746643 - notified 0 subscribers
[90mstdout[2m | src/components/ChatSidebar/ToolCallPreview.stories.tsx[2m > [22m[2mTool Executed
[22m[39m[Mock Data] Unit.onUpdate() subscription added. Total: 1
[90mstdout[2m | src/components/ChatSidebar/ToolCallPreview.stories.tsx[2m > [22m[2mTool Executed
[22m[39m[SectionContext] Section observeQuery update: 0
[90mstdout[2m | src/components/ChatSidebar/ToolCallPreview.stories.tsx[2m > [22m[2mTool Executed
[22m[39m[FilesContext] File observeQuery update: 6 files
[90mstdout[2m | src/components/ChatSidebar/ToolCallPreview.stories.tsx[2m > [22m[2mTool Executed
[22m[39m[ChatContext] AssistantChat initialized with 1 chats
[90mstdout[2m | src/components/ChatSidebar/ToolCallPreview.stories.tsx[2m > [22m[2mTool Executed
[22m[39m[ChatContext] Setting initial chat: mock-assistant-chat-1
[90mstdout[2m | src/components/ChatSidebar/ToolCallPreview.stories.tsx[2m > [22m[2mTool Executed
[22m[39m[MOCK CourseVectorStore] Initialized with mock data
[90mstdout[2m | src/components/ChatSidebar/ToolCallPreview.stories.tsx[2m > [22m[2mTool Executed
[22m[39m[FilesContext] Vector store population triggered {
  "currentVectorStoreSize": 3,
  "documentsCount": 0,
  "filesCount": 6,
  "isInitialLoad": true,
}
[90mstdout[2m | src/components/ChatSidebar/ToolCallPreview.stories.tsx[2m > [22m[2mTool Executed
[22m[39m[FilesContext] Vector store population complete - 3 total embeddings
[90mstdout[2m | src/components/ChatSidebar/ToolCallPreview.stories.tsx[2m > [22m[2mTool Executed
[22m[39m[ChatContext] Chat exists and not archived, skipping creation
[90mstdout[2m | src/components/ChatSidebar/ToolCallPreview.stories.tsx[2m > [22m[2mTool Executed
[22m[39m[Mock Storage] downloadData called with: undefined
[90mstdout[2m | src/components/ChatSidebar/ToolCallPreview.stories.tsx[2m > [22m[2mTool Error
[22m[39m[ChatContext] Cleaning up subscriptions
[90mstdout[2m | src/components/ChatSidebar/ToolCallPreview.stories.tsx[2m > [22m[2mTool Error
[22m[39m[Mock Data] Unit.onUpdate() subscription removed. Remaining: 0
[90mstdout[2m | src/components/ChatSidebar/ToolCallPreview.stories.tsx[2m > [22m[2mTool Error
[22m[39m[MOCK CourseVectorStore] Initialized with mock data
[90mstdout[2m | src/components/ChatSidebar/ToolCallPreview.stories.tsx[2m > [22m[2mTool Error
[22m[39m[TranslationModeController] Setting mode to: off
[90mstdout[2m | src/components/ChatSidebar/ToolCallPreview.stories.tsx[2m > [22m[2mTool Error
[22m[39m[UnitContext] useEffect triggered {
  "authLoading": false,
  "hasUser": true,
  "id": "mock-unit-id",
  "userSub": "mock-user-sub",
}
[90mstdout[2m | src/components/ChatSidebar/ToolCallPreview.stories.tsx[2m > [22m[2mTool Error
[22m[39m[UnitContext] Fetching unit data for id: mock-unit-id
[90mstdout[2m | src/components/ChatSidebar/ToolCallPreview.stories.tsx[2m > [22m[2mTool Error
[22m[39m[FilesContext] Initializing vector store from IndexedDB
[90mstdout[2m | src/components/ChatSidebar/ToolCallPreview.stories.tsx[2m > [22m[2mTool Error
[22m[39m[FilesContext] fetchFiles called
[90mstdout[2m | src/components/ChatSidebar/ToolCallPreview.stories.tsx[2m > [22m[2mTool Error
[22m[39m[FilesContext] User authenticated: mock-user-sub
[90mstdout[2m | src/components/ChatSidebar/ToolCallPreview.stories.tsx[2m > [22m[2mTool Error
[22m[39m[FilesContext] Identity ID: us-east-1:mock-identity-123
[90mstdout[2m | src/components/ChatSidebar/ToolCallPreview.stories.tsx[2m > [22m[2mTool Error
[22m[39m[FilesContext] About to set up File observeQuery
[90mstdout[2m | src/components/ChatSidebar/ToolCallPreview.stories.tsx[2m > [22m[2mTool Error
[22m[39m[ChatContext] Setting up AssistantChat observeQuery
[90mstdout[2m | src/components/ChatSidebar/ToolCallPreview.stories.tsx[2m > [22m[2mTool Error
[22m[39m[ChatContext] Waiting for subscription to initialize
[90mstdout[2m | src/components/ChatSidebar/ToolCallPreview.stories.tsx[2m > [22m[2mTool Error
[22m[39m[SettingsContext] Setting up Settings subscription for user: mock-user-sub
[90mstdout[2m | src/components/ChatSidebar/ToolCallPreview.stories.tsx[2m > [22m[2mTool Error
[22m[39m[Mock Data] Settings created: mock-settings-1790418746781 - notified 0 subscribers
[90mstdout[2m | src/components/ChatSidebar/ToolCallPreview.stories.tsx[2m > [22m[2mTool Error
[22m[39m[Mock Data] Unit.onUpdate() subscription added. Total: 1
[90mstdout[2m | src/components/ChatSidebar/ToolCallPreview.stories.tsx[2m > [22m[2mTool Error
[22m[39m[SectionContext] Section observeQuery update: 0
[90mstdout[2m | src/components/ChatSidebar/ToolCallPreview.stories.tsx[2m > [22m[2mTool Error
[22m[39m[FilesContext] File observeQuery update: 6 files
[90mstdout[2m | src/components/ChatSidebar/ToolCallPreview.stories.tsx[2m > [22m[2mTool Error
[22m[39m[ChatContext] AssistantChat initialized with 1 chats
[90mstdout[2m | src/components/ChatSidebar/ToolCallPreview.stories.tsx[2m > [22m[2mTool Error
[22m[39m[ChatContext] Setting initial chat: mock-assistant-chat-1
[90mstdout[2m | src/components/ChatSidebar/ToolCallPreview.stories.tsx[2m > [22m[2mTool Error
[22m[39m[MOCK CourseVectorStore] Initialized with mock data
[90mstdout[2m | src/components/ChatSidebar/ToolCallPreview.stories.tsx[2m > [22m[2mTool Error
[22m[39m[FilesContext] Vector store population triggered {
  "currentVectorStoreSize": 3,
  "documentsCount": 0,
  "filesCount": 6,
  "isInitialLoad": true,
}
[90mstdout[2m | src/components/ChatSidebar/ToolCallPreview.stories.tsx[2m > [22m[2mTool Error
[22m[39m[FilesContext] Vector store population complete - 3 total embeddings
[90mstdout[2m | src/components/ChatSidebar/ToolCallPreview.stories.tsx[2m > [22m[2mTool Error
[22m[39m[ChatContext] Chat exists and not archived, skipping creation
[90mstdout[2m | src/components/ChatSidebar/ToolCallPreview.stories.tsx[2m > [22m[2mTool Error
[22m[39m[Mock Storage] downloadData called with: undefined
[90mstdout[2m | src/components/ChatSidebar/ToolCallPreview.stories.tsx[2m > [22m[2mCompact View
[22m[39m[ChatContext] Cleaning up subscriptions
[90mstdout[2m | src/components/ChatSidebar/ToolCallPreview.stories.tsx[2m > [22m[2mCompact View
[22m[39m[Mock Data] Unit.onUpdate() subscription removed. Remaining: 0
[90mstdout[2m | src/components/ChatSidebar/ToolCallPreview.stories.tsx[2m > [22m[2mCompact View
[22m[39m[MOCK CourseVectorStore] Initialized with mock data
[90mstdout[2m | src/components/ChatSidebar/ToolCallPreview.stories.tsx[2m > [22m[2mCompact View
[22m[39m[TranslationModeController] Setting mode to: off
[90mstdout[2m | src/components/ChatSidebar/ToolCallPreview.stories.tsx[2m > [22m[2mCompact View
[22m[39m[UnitContext] useEffect triggered {
  "authLoading": false,
  "hasUser": true,
  "id": "mock-unit-id",
  "userSub": "mock-user-sub",
}
[90mstdout[2m | src/components/ChatSidebar/ToolCallPreview.stories.tsx[2m > [22m[2mCompact View
[22m[39m[UnitContext] Fetching unit data for id: mock-unit-id
[90mstdout[2m | src/components/ChatSidebar/ToolCallPreview.stories.tsx[2m > [22m[2mCompact View
[22m[39m[FilesContext] Initializing vector store from IndexedDB
[90mstdout[2m | src/components/ChatSidebar/ToolCallPreview.stories.tsx[2m > [22m[2mCompact View
[22m[39m[FilesContext] fetchFiles called
[90mstdout[2m | src/components/ChatSidebar/ToolCallPreview.stories.tsx[2m > [22m[2mCompact View
[22m[39m[FilesContext] User authenticated: mock-user-sub
[90mstdout[2m | src/components/ChatSidebar/ToolCallPreview.stories.tsx[2m > [22m[2mCompact View
[22m[39m[FilesContext] Identity ID: us-east-1:mock-identity-123
[90mstdout[2m | src/components/ChatSidebar/ToolCallPreview.stories.tsx[2m > [22m[2mCompact View
[22m[39m[FilesContext] About to set up File observeQuery
[90mstdout[2m | src/components/ChatSidebar/ToolCallPreview.stories.tsx[2m > [22m[2mCompact View
[22m[39m[ChatContext] Setting up AssistantChat observeQuery
[90mstdout[2m | src/components/ChatSidebar/ToolCallPreview.stories.tsx[2m > [22m[2mCompact View
[22m[39m[ChatContext] Waiting for subscription to initialize
[90mstdout[2m | src/components/ChatSidebar/ToolCallPreview.stories.tsx[2m > [22m[2mCompact View
[22m[39m[SettingsContext] Setting up Settings subscription for user: mock-user-sub
[90mstdout[2m | src/components/ChatSidebar/ToolCallPreview.stories.tsx[2m > [22m[2mCompact View
[22m[39m[Mock Data] Settings created: mock-settings-1790418746923 - notified 0 subscribers
[90mstdout[2m | src/components/ChatSidebar/ToolCallPreview.stories.tsx[2m > [22m[2mCompact View
[22m[39m[Mock Data] Unit.onUpdate() subscription added. Total: 1
[90mstdout[2m | src/components/ChatSidebar/ToolCallPreview.stories.tsx[2m > [22m[2mCompact View
[22m[39m[SectionContext] Section observeQuery update: 0
[90mstdout[2m | src/components/ChatSidebar/ToolCallPreview.stories.tsx[2m > [22m[2mCompact View
[22m[39m[FilesContext] File observeQuery update: 6 files
[90mstdout[2m | src/components/ChatSidebar/ToolCallPreview.stories.tsx[2m > [22m[2mCompact View
[22m[39m[ChatContext] AssistantChat initialized with 1 chats
[90mstdout[2m | src/components/ChatSidebar/ToolCallPreview.stories.tsx[2m > [22m[2mCompact View
[22m[39m[ChatContext] Setting initial chat: mock-assistant-chat-1
[90mstdout[2m | src/components/ChatSidebar/ToolCallPreview.stories.tsx[2m > [22m[2mCompact View
[22m[39m[MOCK CourseVectorStore] Initialized with mock data
[90mstdout[2m | src/components/ChatSidebar/ToolCallPreview.stories.tsx[2m > [22m[2mCompact View
[22m[39m[FilesContext] Vector store population triggered {
  "currentVectorStoreSize": 3,
  "documentsCount": 0,
  "filesCount": 6,
  "isInitialLoad": true,
}
[90mstdout[2m | src/components/ChatSidebar/ToolCallPreview.stories.tsx[2m > [22m[2mCompact View
[22m[39m[FilesContext] Vector store population complete - 3 total embeddings
[90mstdout[2m | src/components/ChatSidebar/ToolCallPreview.stories.tsx[2m > [22m[2mCompact View
[22m[39m[ChatContext] Chat exists and not archived, skipping creation
[90mstdout[2m | src/components/ChatSidebar/ToolCallPreview.stories.tsx[2m > [22m[2mCompact View
[22m[39m[Mock Storage] downloadData called with: undefined
[90mstdout[2m | src/components/ChatSidebar/ToolCallPreview.stories.tsx[2m > [22m[2mAll Tool Types
[22m[39m[ChatContext] Cleaning up subscriptions
[90mstdout[2m | src/components/ChatSidebar/ToolCallPreview.stories.tsx[2m > [22m[2mAll Tool Types
[22m[39m[Mock Data] Unit.onUpdate() subscription removed. Remaining: 0
[90mstdout[2m | src/components/ChatSidebar/ToolCallPreview.stories.tsx[2m > [22m[2mAll Tool Types
[22m[39m[MOCK CourseVectorStore] Initialized with mock data
[90mstdout[2m | src/components/ChatSidebar/ToolCallPreview.stories.tsx[2m > [22m[2mAll Tool Types
[22m[39m[TranslationModeController] Setting mode to: off
[90mstdout[2m | src/components/ChatSidebar/ToolCallPreview.stories.tsx[2m > [22m[2mAll Tool Types
[22m[39m[UnitContext] useEffect triggered {
  "authLoading": false,
  "hasUser": true,
  "id": "mock-unit-id",
  "userSub": "mock-user-sub",
}
[90mstdout[2m | src/components/ChatSidebar/ToolCallPreview.stories.tsx[2m > [22m[2mAll Tool Types
[22m[39m[UnitContext] Fetching unit data for id: mock-unit-id
[90mstdout[2m | src/components/ChatSidebar/ToolCallPreview.stories.tsx[2m > [22m[2mAll Tool Types
[22m[39m[FilesContext] Initializing vector store from IndexedDB
[90mstdout[2m | src/components/ChatSidebar/ToolCallPreview.stories.tsx[2m > [22m[2mAll Tool Types
[22m[39m[FilesContext] fetchFiles called
[90mstdout[2m | src/components/ChatSidebar/ToolCallPreview.stories.tsx[2m > [22m[2mAll Tool Types
[22m[39m[FilesContext] User authenticated: mock-user-sub
[90mstdout[2m | src/components/ChatSidebar/ToolCallPreview.stories.tsx[2m > [22m[2mAll Tool Types
[22m[39m[FilesContext] Identity ID: us-east-1:mock-identity-123
[90mstdout[2m | src/components/ChatSidebar/ToolCallPreview.stories.tsx[2m > [22m[2mAll Tool Types
[22m[39m[FilesContext] About to set up File observeQuery
[90mstdout[2m | src/components/ChatSidebar/ToolCallPreview.stories.tsx[2m > [22m[2mAll Tool Types
[22m[39m[ChatContext] Setting up AssistantChat observeQuery
[90mstdout[2m | src/components/ChatSidebar/ToolCallPreview.stories.tsx[2m > [22m[2mAll Tool Types
[22m[39m[ChatContext] Waiting for subscription to initialize
[90mstdout[2m | src/components/ChatSidebar/ToolCallPreview.stories.tsx[2m > [22m[2mAll Tool Types
[22m[39m[SettingsContext] Setting up Settings subscription for user: mock-user-sub
[90mstdout[2m | src/components/ChatSidebar/ToolCallPreview.stories.tsx[2m > [22m[2mAll Tool Types
[22m[39m[Mock Data] Settings created: mock-settings-1790418747116 - notified 0 subscribers
[90mstdout[2m | src/components/ChatSidebar/ToolCallPreview.stories.tsx[2m > [22m[2mAll Tool Types
[22m[39m[Mock Data] Unit.onUpdate() subscription added. Total: 1
[90mstdout[2m | src/components/ChatSidebar/ToolCallPreview.stories.tsx[2m > [22m[2mAll Tool Types
[22m[39m[SectionContext] Section observeQuery update: 0
[90mstdout[2m | src/components/ChatSidebar/ToolCallPreview.stories.tsx[2m > [22m[2mAll Tool Types
[22m[39m[FilesContext] File observeQuery update: 6 files
[90mstdout[2m | src/components/ChatSidebar/ToolCallPreview.stories.tsx[2m > [22m[2mAll Tool Types
[22m[39m[ChatContext] AssistantChat initialized with 1 chats
[90mstdout[2m | src/components/ChatSidebar/ToolCallPreview.stories.tsx[2m > [22m[2mAll Tool Types
[22m[39m[ChatContext] Setting initial chat: mock-assistant-chat-1
[90mstdout[2m | src/components/ChatSidebar/ToolCallPreview.stories.tsx[2m > [22m[2mAll Tool Types
[22m[39m[MOCK CourseVectorStore] Initialized with mock data
[90mstdout[2m | src/components/ChatSidebar/ToolCallPreview.stories.tsx[2m > [22m[2mAll Tool Types
[22m[39m[FilesContext] Vector store population triggered {
  "currentVectorStoreSize": 3,
  "documentsCount": 0,
  "filesCount": 6,
  "isInitialLoad": true,
}
[90mstdout[2m | src/components/ChatSidebar/ToolCallPreview.stories.tsx[2m > [22m[2mAll Tool Types
[22m[39m[FilesContext] Vector store population complete - 3 total embeddings
[90mstdout[2m | src/components/ChatSidebar/ToolCallPreview.stories.tsx[2m > [22m[2mAll Tool Types
[22m[39m[ChatContext] Chat exists and not archived, skipping creation
[90mstdout[2m | src/components/ChatSidebar/ToolCallPreview.stories.tsx[2m > [22m[2mAll Tool Types
[22m[39m[Mock Storage] downloadData called with: undefined
 [32m✓[39m [30m[45m storybook (chromium) [49m[39m src/components/ChatSidebar/ToolCallPreview.stories.tsx [2m([22m[2m8 tests[22m[2m)[22m[33m 1626[2mms[22m[39m
[90mstdout[2m | unknown test
[22m[39m[MOCK vectorStoreDB.js] Module loaded - mock IndexedDB operations
[90mstdout[2m | unknown test
[22m[39m[Task Completion] DOM action listeners initialized
[90mstdout[2m | unknown test
[22m[39m[Task Completion] Auto-completion detector initialized
[90mstdout[2m | unknown test
[22m[39m[Preview] Task completion detector initialized
[90mstdout[2m | src/components/Editor3/components/AudioAnswerMedia.stories.tsx[2m > [22m[2mBy Word
[22m[39m[MOCK CourseVectorStore] Initialized with mock data
[90mstdout[2m | src/components/Editor3/components/AudioAnswerMedia.stories.tsx[2m > [22m[2mBy Word
[22m[39mMock Cache.getItem called with: getCachedUrl_/story-mocks/cinematic-designed-sci-fi-whoosh-transition-nexawave-228295.mp3
[90mstdout[2m | src/components/Editor3/components/AudioAnswerMedia.stories.tsx[2m > [22m[2mBy Word
[22m[39m[TranslationModeController] Setting mode to: off
[90mstdout[2m | src/components/Editor3/components/AudioAnswerMedia.stories.tsx[2m > [22m[2mBy Word
[22m[39m[UnitContext] useEffect triggered {
  "authLoading": false,
  "hasUser": true,
  "id": "mock-unit-id",
  "userSub": "mock-user-sub",
}
[90mstdout[2m | src/components/Editor3/components/AudioAnswerMedia.stories.tsx[2m > [22m[2mBy Word
[22m[39m[UnitContext] Fetching unit data for id: mock-unit-id
[90mstdout[2m | src/components/Editor3/components/AudioAnswerMedia.stories.tsx[2m > [22m[2mBy Word
[22m[39m[FilesContext] Initializing vector store from IndexedDB
[90mstdout[2m | src/components/Editor3/components/AudioAnswerMedia.stories.tsx[2m > [22m[2mBy Word
[22m[39m[FilesContext] fetchFiles called
[90mstdout[2m | src/components/Editor3/components/AudioAnswerMedia.stories.tsx[2m > [22m[2mBy Word
[22m[39m[FilesContext] User authenticated: mock-user-sub
[90mstdout[2m | src/components/Editor3/components/AudioAnswerMedia.stories.tsx[2m > [22m[2mBy Word
[22m[39m[FilesContext] Identity ID: us-east-1:mock-identity-123
[90mstdout[2m | src/components/Editor3/components/AudioAnswerMedia.stories.tsx[2m > [22m[2mBy Word
[22m[39m[FilesContext] About to set up File observeQuery
[90mstdout[2m | src/components/Editor3/components/AudioAnswerMedia.stories.tsx[2m > [22m[2mBy Word
[22m[39m[ChatContext] Setting up AssistantChat observeQuery
[90mstdout[2m | src/components/Editor3/components/AudioAnswerMedia.stories.tsx[2m > [22m[2mBy Word
[22m[39m[ChatContext] Waiting for subscription to initialize
[90mstdout[2m | src/components/Editor3/components/AudioAnswerMedia.stories.tsx[2m > [22m[2mBy Word
[22m[39m[SettingsContext] Setting up Settings subscription for user: mock-user-sub
[90mstdout[2m | src/components/Editor3/components/AudioAnswerMedia.stories.tsx[2m > [22m[2mBy Word
[22m[39mMock getUrl called with: /story-mocks/cinematic-designed-sci-fi-whoosh-transition-nexawave-228295.mp3
[90mstdout[2m | src/components/Editor3/components/AudioAnswerMedia.stories.tsx[2m > [22m[2mBy Word
[22m[39m[Mock Data] Settings created: mock-settings-1790418748022 - notified 0 subscribers
[90mstdout[2m | src/components/Editor3/components/AudioAnswerMedia.stories.tsx[2m > [22m[2mBy Word
[22m[39mMock Cache.setItem called with: getCachedUrl_/story-mocks/cinematic-designed-sci-fi-whoosh-transition-nexawave-228295.mp3 /story-mocks/cinematic-designed-sci-fi-whoosh-transition-nexawave-228295.mp3
[90mstdout[2m | src/components/Editor3/components/AudioAnswerMedia.stories.tsx[2m > [22m[2mBy Word
[22m[39m[Mock Data] Unit.onUpdate() subscription added. Total: 1
[90mstdout[2m | src/components/Editor3/components/AudioAnswerMedia.stories.tsx[2m > [22m[2mBy Word
[22m[39m[SectionContext] Section observeQuery update: 0
[90mstdout[2m | src/components/Editor3/components/AudioAnswerMedia.stories.tsx[2m > [22m[2mBy Word
[22m[39m[FilesContext] File observeQuery update: 6 files
[90mstdout[2m | src/components/Editor3/components/AudioAnswerMedia.stories.tsx[2m > [22m[2mBy Word
[22m[39m[ChatContext] AssistantChat initialized with 1 chats
[90mstdout[2m | src/components/Editor3/components/AudioAnswerMedia.stories.tsx[2m > [22m[2mBy Word
[22m[39m[ChatContext] Setting initial chat: mock-assistant-chat-1
[90mstdout[2m | src/components/Editor3/components/AudioAnswerMedia.stories.tsx[2m > [22m[2mBy Word
[22m[39m[MOCK CourseVectorStore] Initialized with mock data
[90mstdout[2m | src/components/Editor3/components/AudioAnswerMedia.stories.tsx[2m > [22m[2mBy Word
[22m[39m[FilesContext] Vector store population triggered {
  "currentVectorStoreSize": 3,
  "documentsCount": 0,
  "filesCount": 6,
  "isInitialLoad": true,
}
[90mstdout[2m | src/components/Editor3/components/AudioAnswerMedia.stories.tsx[2m > [22m[2mBy Word
[22m[39m[FilesContext] Vector store population complete - 3 total embeddings
[90mstdout[2m | src/components/Editor3/components/AudioAnswerMedia.stories.tsx[2m > [22m[2mBy Word
[22m[39m[ChatContext] Chat exists and not archived, skipping creation
[90mstdout[2m | src/components/Editor3/components/AudioAnswerMedia.stories.tsx[2m > [22m[2mBy Word
[22m[39m[Mock Storage] downloadData called with: undefined
[90mstdout[2m | src/components/Editor3/components/AudioAnswerMedia.stories.tsx[2m > [22m[2mBy Definition
[22m[39m[ChatContext] Cleaning up subscriptions
[90mstdout[2m | src/components/Editor3/components/AudioAnswerMedia.stories.tsx[2m > [22m[2mBy Definition
[22m[39m[Mock Data] Unit.onUpdate() subscription removed. Remaining: 0
[90mstdout[2m | src/components/Editor3/components/AudioAnswerMedia.stories.tsx[2m > [22m[2mBy Definition
[22m[39m[MOCK CourseVectorStore] Initialized with mock data
[90mstdout[2m | src/components/Editor3/components/AudioAnswerMedia.stories.tsx[2m > [22m[2mBy Definition
[22m[39mMock Cache.getItem called with: getCachedUrl_/story-mocks/cinematic-designed-sci-fi-whoosh-transition-nexawave-228295.mp3
[90mstdout[2m | src/components/Editor3/components/AudioAnswerMedia.stories.tsx[2m > [22m[2mBy Definition
[22m[39m[TranslationModeController] Setting mode to: off
[90mstdout[2m | src/components/Editor3/components/AudioAnswerMedia.stories.tsx[2m > [22m[2mBy Definition
[22m[39m[UnitContext] useEffect triggered {
  "authLoading": false,
  "hasUser": true,
  "id": "mock-unit-id",
  "userSub": "mock-user-sub",
}
[90mstdout[2m | src/components/Editor3/components/AudioAnswerMedia.stories.tsx[2m > [22m[2mBy Definition
[22m[39m[UnitContext] Fetching unit data for id: mock-unit-id
[90mstdout[2m | src/components/Editor3/components/AudioAnswerMedia.stories.tsx[2m > [22m[2mBy Definition
[22m[39m[FilesContext] Initializing vector store from IndexedDB
[90mstdout[2m | src/components/Editor3/components/AudioAnswerMedia.stories.tsx[2m > [22m[2mBy Definition
[22m[39m[FilesContext] fetchFiles called
[90mstdout[2m | src/components/Editor3/components/AudioAnswerMedia.stories.tsx[2m > [22m[2mBy Definition
[22m[39m[FilesContext] User authenticated: mock-user-sub
[90mstdout[2m | src/components/Editor3/components/AudioAnswerMedia.stories.tsx[2m > [22m[2mBy Definition
[22m[39m[FilesContext] Identity ID: us-east-1:mock-identity-123
[90mstdout[2m | src/components/Editor3/components/AudioAnswerMedia.stories.tsx[2m > [22m[2mBy Definition
[22m[39m[FilesContext] About to set up File observeQuery
[90mstdout[2m | src/components/Editor3/components/AudioAnswerMedia.stories.tsx[2m > [22m[2mBy Definition
[22m[39m[ChatContext] Setting up AssistantChat observeQuery
[90mstdout[2m | src/components/Editor3/components/AudioAnswerMedia.stories.tsx[2m > [22m[2mBy Definition
[22m[39m[ChatContext] Waiting for subscription to initialize
[90mstdout[2m | src/components/Editor3/components/AudioAnswerMedia.stories.tsx[2m > [22m[2mBy Definition
[22m[39m[SettingsContext] Setting up Settings subscription for user: mock-user-sub
[90mstdout[2m | src/components/Editor3/components/AudioAnswerMedia.stories.tsx[2m > [22m[2mBy Definition
[22m[39mMock getUrl called with: /story-mocks/cinematic-designed-sci-fi-whoosh-transition-nexawave-228295.mp3
[90mstdout[2m | src/components/Editor3/components/AudioAnswerMedia.stories.tsx[2m > [22m[2mBy Definition
[22m[39m[Mock Data] Settings created: mock-settings-1790418748571 - notified 0 subscribers
[90mstdout[2m | src/components/Editor3/components/AudioAnswerMedia.stories.tsx[2m > [22m[2mBy Definition
[22m[39mMock Cache.setItem called with: getCachedUrl_/story-mocks/cinematic-designed-sci-fi-whoosh-transition-nexawave-228295.mp3 /story-mocks/cinematic-designed-sci-fi-whoosh-transition-nexawave-228295.mp3
[90mstdout[2m | src/components/Editor3/components/AudioAnswerMedia.stories.tsx[2m > [22m[2mBy Definition
[22m[39m[Mock Data] Unit.onUpdate() subscription added. Total: 1
[90mstdout[2m | src/components/Editor3/components/AudioAnswerMedia.stories.tsx[2m > [22m[2mBy Definition
[22m[39m[SectionContext] Section observeQuery update: 0
[90mstdout[2m | src/components/Editor3/components/AudioAnswerMedia.stories.tsx[2m > [22m[2mBy Definition
[22m[39m[FilesContext] File observeQuery update: 6 files
[90mstdout[2m | src/components/Editor3/components/AudioAnswerMedia.stories.tsx[2m > [22m[2mBy Definition
[22m[39m[ChatContext] AssistantChat initialized with 1 chats
[90mstdout[2m | src/components/Editor3/components/AudioAnswerMedia.stories.tsx[2m > [22m[2mBy Definition
[22m[39m[ChatContext] Setting initial chat: mock-assistant-chat-1
[90mstdout[2m | src/components/Editor3/components/AudioAnswerMedia.stories.tsx[2m > [22m[2mBy Definition
[22m[39m[MOCK CourseVectorStore] Initialized with mock data
[90mstdout[2m | src/components/Editor3/components/AudioAnswerMedia.stories.tsx[2m > [22m[2mBy Definition
[22m[39m[FilesContext] Vector store population triggered {
  "currentVectorStoreSize": 3,
  "documentsCount": 0,
  "filesCount": 6,
  "isInitialLoad": true,
}
[90mstdout[2m | src/components/Editor3/components/AudioAnswerMedia.stories.tsx[2m > [22m[2mBy Definition
[22m[39m[FilesContext] Vector store population complete - 3 total embeddings
[90mstdout[2m | src/components/Editor3/components/AudioAnswerMedia.stories.tsx[2m > [22m[2mBy Definition
[22m[39m[ChatContext] Chat exists and not archived, skipping creation
[90mstdout[2m | src/components/Editor3/components/AudioAnswerMedia.stories.tsx[2m > [22m[2mBy Definition
[22m[39m[Mock Storage] downloadData called with: undefined
[90mstdout[2m | src/components/Editor3/components/AudioAnswerMedia.stories.tsx[2m > [22m[2mBy Question
[22m[39m[ChatContext] Cleaning up subscriptions
[90mstdout[2m | src/components/Editor3/components/AudioAnswerMedia.stories.tsx[2m > [22m[2mBy Question
[22m[39m[Mock Data] Unit.onUpdate() subscription removed. Remaining: 0
[90mstdout[2m | src/components/Editor3/components/AudioAnswerMedia.stories.tsx[2m > [22m[2mBy Question
[22m[39m[MOCK CourseVectorStore] Initialized with mock data
[90mstdout[2m | src/components/Editor3/components/AudioAnswerMedia.stories.tsx[2m > [22m[2mBy Question
[22m[39mMock Cache.getItem called with: getCachedUrl_/story-mocks/cinematic-designed-sci-fi-whoosh-transition-nexawave-228295.mp3
[90mstdout[2m | src/components/Editor3/components/AudioAnswerMedia.stories.tsx[2m > [22m[2mBy Question
[22m[39m[TranslationModeController] Setting mode to: off
[90mstdout[2m | src/components/Editor3/components/AudioAnswerMedia.stories.tsx[2m > [22m[2mBy Question
[22m[39m[UnitContext] useEffect triggered {
  "authLoading": false,
  "hasUser": true,
  "id": "mock-unit-id",
  "userSub": "mock-user-sub",
}
[90mstdout[2m | src/components/Editor3/components/AudioAnswerMedia.stories.tsx[2m > [22m[2mBy Question
[22m[39m[UnitContext] Fetching unit data for id: mock-unit-id
[90mstdout[2m | src/components/Editor3/components/AudioAnswerMedia.stories.tsx[2m > [22m[2mBy Question
[22m[39m[FilesContext] Initializing vector store from IndexedDB
[90mstdout[2m | src/components/Editor3/components/AudioAnswerMedia.stories.tsx[2m > [22m[2mBy Question
[22m[39m[FilesContext] fetchFiles called
[90mstdout[2m | src/components/Editor3/components/AudioAnswerMedia.stories.tsx[2m > [22m[2mBy Question
[22m[39m[FilesContext] User authenticated: mock-user-sub
[90mstdout[2m | src/components/Editor3/components/AudioAnswerMedia.stories.tsx[2m > [22m[2mBy Question
[22m[39m[FilesContext] Identity ID: us-east-1:mock-identity-123
[90mstdout[2m | src/components/Editor3/components/AudioAnswerMedia.stories.tsx[2m > [22m[2mBy Question
[22m[39m[FilesContext] About to set up File observeQuery
[90mstdout[2m | src/components/Editor3/components/AudioAnswerMedia.stories.tsx[2m > [22m[2mBy Question
[22m[39m[ChatContext] Setting up AssistantChat observeQuery
[90mstdout[2m | src/components/Editor3/components/AudioAnswerMedia.stories.tsx[2m > [22m[2mBy Question
[22m[39m[ChatContext] Waiting for subscription to initialize
[90mstdout[2m | src/components/Editor3/components/AudioAnswerMedia.stories.tsx[2m > [22m[2mBy Question
[22m[39m[SettingsContext] Setting up Settings subscription for user: mock-user-sub
[90mstdout[2m | src/components/Editor3/components/AudioAnswerMedia.stories.tsx[2m > [22m[2mBy Question
[22m[39mMock getUrl called with: /story-mocks/cinematic-designed-sci-fi-whoosh-transition-nexawave-228295.mp3
[90mstdout[2m | src/components/Editor3/components/AudioAnswerMedia.stories.tsx[2m > [22m[2mBy Question
[22m[39m[Mock Data] Settings created: mock-settings-1790418749139 - notified 0 subscribers
[90mstdout[2m | src/components/Editor3/components/AudioAnswerMedia.stories.tsx[2m > [22m[2mBy Question
[22m[39mMock Cache.setItem called with: getCachedUrl_/story-mocks/cinematic-designed-sci-fi-whoosh-transition-nexawave-228295.mp3 /story-mocks/cinematic-designed-sci-fi-whoosh-transition-nexawave-228295.mp3
[90mstdout[2m | src/components/Editor3/components/AudioAnswerMedia.stories.tsx[2m > [22m[2mBy Question
[22m[39m[Mock Data] Unit.onUpdate() subscription added. Total: 1
[90mstdout[2m | src/components/Editor3/components/AudioAnswerMedia.stories.tsx[2m > [22m[2mBy Question
[22m[39m[SectionContext] Section observeQuery update: 0
[90mstdout[2m | src/components/Editor3/components/AudioAnswerMedia.stories.tsx[2m > [22m[2mBy Question
[22m[39m[FilesContext] File observeQuery update: 6 files
[90mstdout[2m | src/components/Editor3/components/AudioAnswerMedia.stories.tsx[2m > [22m[2mBy Question
[22m[39m[ChatContext] AssistantChat initialized with 1 chats
[90mstdout[2m | src/components/Editor3/components/AudioAnswerMedia.stories.tsx[2m > [22m[2mBy Question
[22m[39m[ChatContext] Setting initial chat: mock-assistant-chat-1
[90mstdout[2m | src/components/Editor3/components/AudioAnswerMedia.stories.tsx[2m > [22m[2mBy Question
[22m[39m[MOCK CourseVectorStore] Initialized with mock data
[90mstdout[2m | src/components/Editor3/components/AudioAnswerMedia.stories.tsx[2m > [22m[2mBy Question
[22m[39m[FilesContext] Vector store population triggered {
  "currentVectorStoreSize": 3,
  "documentsCount": 0,
  "filesCount": 6,
  "isInitialLoad": true,
}
[90mstdout[2m | src/components/Editor3/components/AudioAnswerMedia.stories.tsx[2m > [22m[2mBy Question
[22m[39m[FilesContext] Vector store population complete - 3 total embeddings
[90mstdout[2m | src/components/Editor3/components/AudioAnswerMedia.stories.tsx[2m > [22m[2mBy Question
[22m[39m[ChatContext] Chat exists and not archived, skipping creation
[90mstdout[2m | src/components/Editor3/components/AudioAnswerMedia.stories.tsx[2m > [22m[2mBy Question
[22m[39m[Mock Storage] downloadData called with: undefined
[90mstdout[2m | src/components/Editor3/components/AudioAnswerMedia.stories.tsx[2m > [22m[2mBy Answer Graded
[22m[39m[ChatContext] Cleaning up subscriptions
[90mstdout[2m | src/components/Editor3/components/AudioAnswerMedia.stories.tsx[2m > [22m[2mBy Answer Graded
[22m[39m[Mock Data] Unit.onUpdate() subscription removed. Remaining: 0
[90mstdout[2m | src/components/Editor3/components/AudioAnswerMedia.stories.tsx[2m > [22m[2mBy Answer Graded
[22m[39m[MOCK CourseVectorStore] Initialized with mock data
[90mstdout[2m | src/components/Editor3/components/AudioAnswerMedia.stories.tsx[2m > [22m[2mBy Answer Graded
[22m[39mMock Cache.getItem called with: getCachedUrl_/story-mocks/cinematic-designed-sci-fi-whoosh-transition-nexawave-228295.mp3
[90mstdout[2m | src/components/Editor3/components/AudioAnswerMedia.stories.tsx[2m > [22m[2mBy Answer Graded
[22m[39m[TranslationModeController] Setting mode to: off
[90mstdout[2m | src/components/Editor3/components/AudioAnswerMedia.stories.tsx[2m > [22m[2mBy Answer Graded
[22m[39m[UnitContext] useEffect triggered {
  "authLoading": false,
  "hasUser": true,
  "id": "mock-unit-id",
  "userSub": "mock-user-sub",
}
[90mstdout[2m | src/components/Editor3/components/AudioAnswerMedia.stories.tsx[2m > [22m[2mBy Answer Graded
[22m[39m[UnitContext] Fetching unit data for id: mock-unit-id
[90mstdout[2m | src/components/Editor3/components/AudioAnswerMedia.stories.tsx[2m > [22m[2mBy Answer Graded
[22m[39m[FilesContext] Initializing vector store from IndexedDB
[90mstdout[2m | src/components/Editor3/components/AudioAnswerMedia.stories.tsx[2m > [22m[2mBy Answer Graded
[22m[39m[FilesContext] fetchFiles called
[90mstdout[2m | src/components/Editor3/components/AudioAnswerMedia.stories.tsx[2m > [22m[2mBy Answer Graded
[22m[39m[FilesContext] User authenticated: mock-user-sub
[90mstdout[2m | src/components/Editor3/components/AudioAnswerMedia.stories.tsx[2m > [22m[2mBy Answer Graded
[22m[39m[FilesContext] Identity ID: us-east-1:mock-identity-123
[90mstdout[2m | src/components/Editor3/components/AudioAnswerMedia.stories.tsx[2m > [22m[2mBy Answer Graded
[22m[39m[FilesContext] About to set up File observeQuery
[90mstdout[2m | src/components/Editor3/components/AudioAnswerMedia.stories.tsx[2m > [22m[2mBy Answer Graded
[22m[39m[ChatContext] Setting up AssistantChat observeQuery
[90mstdout[2m | src/components/Editor3/components/AudioAnswerMedia.stories.tsx[2m > [22m[2mBy Answer Graded
[22m[39m[ChatContext] Waiting for subscription to initialize
[90mstdout[2m | src/components/Editor3/components/AudioAnswerMedia.stories.tsx[2m > [22m[2mBy Answer Graded
[22m[39m[SettingsContext] Setting up Settings subscription for user: mock-user-sub
[90mstdout[2m | src/components/Editor3/components/AudioAnswerMedia.stories.tsx[2m > [22m[2mBy Answer Graded
[22m[39mMock getUrl called with: /story-mocks/cinematic-designed-sci-fi-whoosh-transition-nexawave-228295.mp3
[90mstdout[2m | src/components/Editor3/components/AudioAnswerMedia.stories.tsx[2m > [22m[2mBy Answer Graded
[22m[39m[Mock Data] Settings created: mock-settings-1790418749685 - notified 0 subscribers
[90mstdout[2m | src/components/Editor3/components/AudioAnswerMedia.stories.tsx[2m > [22m[2mBy Answer Graded
[22m[39mMock Cache.setItem called with: getCachedUrl_/story-mocks/cinematic-designed-sci-fi-whoosh-transition-nexawave-228295.mp3 /story-mocks/cinematic-designed-sci-fi-whoosh-transition-nexawave-228295.mp3
[90mstdout[2m | src/components/Editor3/components/AudioAnswerMedia.stories.tsx[2m > [22m[2mBy Answer Graded
[22m[39m[Mock Data] Unit.onUpdate() subscription added. Total: 1
[90mstdout[2m | src/components/Editor3/components/AudioAnswerMedia.stories.tsx[2m > [22m[2mBy Answer Graded
[22m[39m[SectionContext] Section observeQuery update: 0
[90mstdout[2m | src/components/Editor3/components/AudioAnswerMedia.stories.tsx[2m > [22m[2mBy Answer Graded
[22m[39m[FilesContext] File observeQuery update: 6 files
[90mstdout[2m | src/components/Editor3/components/AudioAnswerMedia.stories.tsx[2m > [22m[2mBy Answer Graded
[22m[39m[ChatContext] AssistantChat initialized with 1 chats
[90mstdout[2m | src/components/Editor3/components/AudioAnswerMedia.stories.tsx[2m > [22m[2mBy Answer Graded
[22m[39m[ChatContext] Setting initial chat: mock-assistant-chat-1
[90mstdout[2m | src/components/Editor3/components/AudioAnswerMedia.stories.tsx[2m > [22m[2mBy Answer Graded
[22m[39m[MOCK CourseVectorStore] Initialized with mock data
[90mstdout[2m | src/components/Editor3/components/AudioAnswerMedia.stories.tsx[2m > [22m[2mBy Answer Graded
[22m[39m[FilesContext] Vector store population triggered {
  "currentVectorStoreSize": 3,
  "documentsCount": 0,
  "filesCount": 6,
  "isInitialLoad": true,
}
[90mstdout[2m | src/components/Editor3/components/AudioAnswerMedia.stories.tsx[2m > [22m[2mBy Answer Graded
[22m[39m[FilesContext] Vector store population complete - 3 total embeddings
[90mstdout[2m | src/components/Editor3/components/AudioAnswerMedia.stories.tsx[2m > [22m[2mBy Answer Graded
[22m[39m[ChatContext] Chat exists and not archived, skipping creation
[90mstdout[2m | src/components/Editor3/components/AudioAnswerMedia.stories.tsx[2m > [22m[2mBy Answer Graded
[22m[39m[Mock Storage] downloadData called with: undefined
[90mstdout[2m | src/components/Editor3/components/AudioAnswerMedia.stories.tsx[2m > [22m[2mImage Output Audio
[22m[39m[ChatContext] Cleaning up subscriptions
[90mstdout[2m | src/components/Editor3/components/AudioAnswerMedia.stories.tsx[2m > [22m[2mImage Output Audio
[22m[39m[Mock Data] Unit.onUpdate() subscription removed. Remaining: 0
[90mstdout[2m | src/components/Editor3/components/AudioAnswerMedia.stories.tsx[2m > [22m[2mImage Output Audio
[22m[39m[MOCK CourseVectorStore] Initialized with mock data
[90mstdout[2m | src/components/Editor3/components/AudioAnswerMedia.stories.tsx[2m > [22m[2mImage Output Audio
[22m[39mMock Cache.getItem called with: getCachedUrl_/story-mocks/animals-10008941_1280.jpg
[90mstdout[2m | src/components/Editor3/components/AudioAnswerMedia.stories.tsx[2m > [22m[2mImage Output Audio
[22m[39m[TranslationModeController] Setting mode to: off
[90mstdout[2m | src/components/Editor3/components/AudioAnswerMedia.stories.tsx[2m > [22m[2mImage Output Audio
[22m[39m[UnitContext] useEffect triggered {
  "authLoading": false,
  "hasUser": true,
  "id": "mock-unit-id",
  "userSub": "mock-user-sub",
}
[90mstdout[2m | src/components/Editor3/components/AudioAnswerMedia.stories.tsx[2m > [22m[2mImage Output Audio
[22m[39m[UnitContext] Fetching unit data for id: mock-unit-id
[90mstdout[2m | src/components/Editor3/components/AudioAnswerMedia.stories.tsx[2m > [22m[2mImage Output Audio
[22m[39m[FilesContext] Initializing vector store from IndexedDB
[90mstdout[2m | src/components/Editor3/components/AudioAnswerMedia.stories.tsx[2m > [22m[2mImage Output Audio
[22m[39m[FilesContext] fetchFiles called
[90mstdout[2m | src/components/Editor3/components/AudioAnswerMedia.stories.tsx[2m > [22m[2mImage Output Audio
[22m[39m[FilesContext] User authenticated: mock-user-sub
[90mstdout[2m | src/components/Editor3/components/AudioAnswerMedia.stories.tsx[2m > [22m[2mImage Output Audio
[22m[39m[FilesContext] Identity ID: us-east-1:mock-identity-123
[90mstdout[2m | src/components/Editor3/components/AudioAnswerMedia.stories.tsx[2m > [22m[2mImage Output Audio
[22m[39m[FilesContext] About to set up File observeQuery
[90mstdout[2m | src/components/Editor3/components/AudioAnswerMedia.stories.tsx[2m > [22m[2mImage Output Audio
[22m[39m[ChatContext] Setting up AssistantChat observeQuery
[90mstdout[2m | src/components/Editor3/components/AudioAnswerMedia.stories.tsx[2m > [22m[2mImage Output Audio
[22m[39m[ChatContext] Waiting for subscription to initialize
[90mstdout[2m | src/components/Editor3/components/AudioAnswerMedia.stories.tsx[2m > [22m[2mImage Output Audio
[22m[39m[SettingsContext] Setting up Settings subscription for user: mock-user-sub
[90mstdout[2m | src/components/Editor3/components/AudioAnswerMedia.stories.tsx[2m > [22m[2mImage Output Audio
[22m[39mMock getUrl called with: /story-mocks/animals-10008941_1280.jpg
[90mstdout[2m | src/components/Editor3/components/AudioAnswerMedia.stories.tsx[2m > [22m[2mImage Output Audio
[22m[39m[Mock Data] Settings created: mock-settings-1790418750162 - notified 0 subscribers
[90mstdout[2m | src/components/Editor3/components/AudioAnswerMedia.stories.tsx[2m > [22m[2mImage Output Audio
[22m[39mMock Cache.setItem called with: getCachedUrl_/story-mocks/animals-10008941_1280.jpg /story-mocks/animals-10008941_1280.jpg
[90mstdout[2m | src/components/Editor3/components/AudioAnswerMedia.stories.tsx[2m > [22m[2mImage Output Audio
[22m[39m[Mock Data] Unit.onUpdate() subscription added. Total: 1
[90mstdout[2m | src/components/Editor3/components/AudioAnswerMedia.stories.tsx[2m > [22m[2mImage Output Audio
[22m[39m[SectionContext] Section observeQuery update: 0
[90mstdout[2m | src/components/Editor3/components/AudioAnswerMedia.stories.tsx[2m > [22m[2mImage Output Audio
[22m[39m[FilesContext] File observeQuery update: 6 files
[90mstdout[2m | src/components/Editor3/components/AudioAnswerMedia.stories.tsx[2m > [22m[2mImage Output Audio
[22m[39m[ChatContext] AssistantChat initialized with 1 chats
[90mstdout[2m | src/components/Editor3/components/AudioAnswerMedia.stories.tsx[2m > [22m[2mImage Output Audio
[22m[39m[ChatContext] Setting initial chat: mock-assistant-chat-1
[90mstdout[2m | src/components/Editor3/components/AudioAnswerMedia.stories.tsx[2m > [22m[2mImage Output Audio
[22m[39m[MOCK CourseVectorStore] Initialized with mock data
[90mstdout[2m | src/components/Editor3/components/AudioAnswerMedia.stories.tsx[2m > [22m[2mImage Output Audio
[22m[39m[FilesContext] Vector store population triggered {
  "currentVectorStoreSize": 3,
  "documentsCount": 0,
  "filesCount": 6,
  "isInitialLoad": true,
}
[90mstdout[2m | src/components/Editor3/components/AudioAnswerMedia.stories.tsx[2m > [22m[2mImage Output Audio
[22m[39m[FilesContext] Vector store population complete - 3 total embeddings
[90mstdout[2m | src/components/Editor3/components/AudioAnswerMedia.stories.tsx[2m > [22m[2mImage Output Audio
[22m[39m[ChatContext] Chat exists and not archived, skipping creation
[90mstdout[2m | src/components/Editor3/components/AudioAnswerMedia.stories.tsx[2m > [22m[2mImage Output Audio
[22m[39m[Mock Storage] downloadData called with: undefined
[90mstdout[2m | src/components/Editor3/components/AudioAnswerMedia.stories.tsx[2m > [22m[2mImage Input Drawing
[22m[39m[ChatContext] Cleaning up subscriptions
[90mstdout[2m | src/components/Editor3/components/AudioAnswerMedia.stories.tsx[2m > [22m[2mImage Input Drawing
[22m[39m[Mock Data] Unit.onUpdate() subscription removed. Remaining: 0
[90mstdout[2m | src/components/Editor3/components/AudioAnswerMedia.stories.tsx[2m > [22m[2mImage Input Drawing
[22m[39m[MOCK CourseVectorStore] Initialized with mock data
[90mstdout[2m | src/components/Editor3/components/AudioAnswerMedia.stories.tsx[2m > [22m[2mImage Input Drawing
[22m[39mMock Cache.getItem called with: getCachedUrl_/story-mocks/animals-10008941_1280.jpg
[90mstdout[2m | src/components/Editor3/components/AudioAnswerMedia.stories.tsx[2m > [22m[2mImage Input Drawing
[22m[39m[TranslationModeController] Setting mode to: off
[90mstdout[2m | src/components/Editor3/components/AudioAnswerMedia.stories.tsx[2m > [22m[2mImage Input Drawing
[22m[39m[UnitContext] useEffect triggered {
  "authLoading": false,
  "hasUser": true,
  "id": "mock-unit-id",
  "userSub": "mock-user-sub",
}
[90mstdout[2m | src/components/Editor3/components/AudioAnswerMedia.stories.tsx[2m > [22m[2mImage Input Drawing
[22m[39m[UnitContext] Fetching unit data for id: mock-unit-id
[90mstdout[2m | src/components/Editor3/components/AudioAnswerMedia.stories.tsx[2m > [22m[2mImage Input Drawing
[22m[39m[FilesContext] Initializing vector store from IndexedDB
[90mstdout[2m | src/components/Editor3/components/AudioAnswerMedia.stories.tsx[2m > [22m[2mImage Input Drawing
[22m[39m[FilesContext] fetchFiles called
[90mstdout[2m | src/components/Editor3/components/AudioAnswerMedia.stories.tsx[2m > [22m[2mImage Input Drawing
[22m[39m[FilesContext] User authenticated: mock-user-sub
[90mstdout[2m | src/components/Editor3/components/AudioAnswerMedia.stories.tsx[2m > [22m[2mImage Input Drawing
[22m[39m[FilesContext] Identity ID: us-east-1:mock-identity-123
[90mstdout[2m | src/components/Editor3/components/AudioAnswerMedia.stories.tsx[2m > [22m[2mImage Input Drawing
[22m[39m[FilesContext] About to set up File observeQuery
[90mstdout[2m | src/components/Editor3/components/AudioAnswerMedia.stories.tsx[2m > [22m[2mImage Input Drawing
[22m[39m[ChatContext] Setting up AssistantChat observeQuery
[90mstdout[2m | src/components/Editor3/components/AudioAnswerMedia.stories.tsx[2m > [22m[2mImage Input Drawing
[22m[39m[ChatContext] Waiting for subscription to initialize
[90mstdout[2m | src/components/Editor3/components/AudioAnswerMedia.stories.tsx[2m > [22m[2mImage Input Drawing
[22m[39m[SettingsContext] Setting up Settings subscription for user: mock-user-sub
[90mstdout[2m | src/components/Editor3/components/AudioAnswerMedia.stories.tsx[2m > [22m[2mImage Input Drawing
[22m[39mMock getUrl called with: /story-mocks/animals-10008941_1280.jpg
[90mstdout[2m | src/components/Editor3/components/AudioAnswerMedia.stories.tsx[2m > [22m[2mImage Input Drawing
[22m[39m[Mock Data] Settings created: mock-settings-1790418750396 - notified 0 subscribers
[90mstdout[2m | src/components/Editor3/components/AudioAnswerMedia.stories.tsx[2m > [22m[2mImage Input Drawing
[22m[39mMock Cache.setItem called with: getCachedUrl_/story-mocks/animals-10008941_1280.jpg /story-mocks/animals-10008941_1280.jpg
[90mstdout[2m | src/components/Editor3/components/AudioAnswerMedia.stories.tsx[2m > [22m[2mImage Input Drawing
[22m[39m[Mock Data] Unit.onUpdate() subscription added. Total: 1
[90mstdout[2m | src/components/Editor3/components/AudioAnswerMedia.stories.tsx[2m > [22m[2mImage Input Drawing
[22m[39m[SectionContext] Section observeQuery update: 0
[90mstdout[2m | src/components/Editor3/components/AudioAnswerMedia.stories.tsx[2m > [22m[2mImage Input Drawing
[22m[39m[FilesContext] File observeQuery update: 6 files
[90mstdout[2m | src/components/Editor3/components/AudioAnswerMedia.stories.tsx[2m > [22m[2mImage Input Drawing
[22m[39m[ChatContext] AssistantChat initialized with 1 chats
[90mstdout[2m | src/components/Editor3/components/AudioAnswerMedia.stories.tsx[2m > [22m[2mImage Input Drawing
[22m[39m[ChatContext] Setting initial chat: mock-assistant-chat-1
[90mstdout[2m | src/components/Editor3/components/AudioAnswerMedia.stories.tsx[2m > [22m[2mImage Input Drawing
[22m[39m[MOCK CourseVectorStore] Initialized with mock data
[90mstdout[2m | src/components/Editor3/components/AudioAnswerMedia.stories.tsx[2m > [22m[2mImage Input Drawing
[22m[39m[FilesContext] Vector store population triggered {
  "currentVectorStoreSize": 3,
  "documentsCount": 0,
  "filesCount": 6,
  "isInitialLoad": true,
}
[90mstdout[2m | src/components/Editor3/components/AudioAnswerMedia.stories.tsx[2m > [22m[2mImage Input Drawing
[22m[39m[FilesContext] Vector store population complete - 3 total embeddings
[90mstdout[2m | src/components/Editor3/components/AudioAnswerMedia.stories.tsx[2m > [22m[2mImage Input Drawing
[22m[39m[ChatContext] Chat exists and not archived, skipping creation
[90mstdout[2m | src/components/Editor3/components/AudioAnswerMedia.stories.tsx[2m > [22m[2mImage Input Drawing
[22m[39m[Mock Storage] downloadData called with: undefined
[90mstdout[2m | src/components/Editor3/components/AudioAnswerMedia.stories.tsx[2m > [22m[2mImage Input Text
[22m[39m[ChatContext] Cleaning up subscriptions
[90mstdout[2m | src/components/Editor3/components/AudioAnswerMedia.stories.tsx[2m > [22m[2mImage Input Text
[22m[39m[Mock Data] Unit.onUpdate() subscription removed. Remaining: 0
[90mstdout[2m | src/components/Editor3/components/AudioAnswerMedia.stories.tsx[2m > [22m[2mImage Input Text
[22m[39m[MOCK CourseVectorStore] Initialized with mock data
[90mstdout[2m | src/components/Editor3/components/AudioAnswerMedia.stories.tsx[2m > [22m[2mImage Input Text
[22m[39mMock Cache.getItem called with: getCachedUrl_/story-mocks/animals-10008941_1280.jpg
[90mstdout[2m | src/components/Editor3/components/AudioAnswerMedia.stories.tsx[2m > [22m[2mImage Input Text
[22m[39m[TranslationModeController] Setting mode to: off
[90mstdout[2m | src/components/Editor3/components/AudioAnswerMedia.stories.tsx[2m > [22m[2mImage Input Text
[22m[39m[UnitContext] useEffect triggered {
  "authLoading": false,
  "hasUser": true,
  "id": "mock-unit-id",
  "userSub": "mock-user-sub",
}
[90mstdout[2m | src/components/Editor3/components/AudioAnswerMedia.stories.tsx[2m > [22m[2mImage Input Text
[22m[39m[UnitContext] Fetching unit data for id: mock-unit-id
[90mstdout[2m | src/components/Editor3/components/AudioAnswerMedia.stories.tsx[2m > [22m[2mImage Input Text
[22m[39m[FilesContext] Initializing vector store from IndexedDB
[90mstdout[2m | src/components/Editor3/components/AudioAnswerMedia.stories.tsx[2m > [22m[2mImage Input Text
[22m[39m[FilesContext] fetchFiles called
[90mstdout[2m | src/components/Editor3/components/AudioAnswerMedia.stories.tsx[2m > [22m[2mImage Input Text
[22m[39m[FilesContext] User authenticated: mock-user-sub
[90mstdout[2m | src/components/Editor3/components/AudioAnswerMedia.stories.tsx[2m > [22m[2mImage Input Text
[22m[39m[FilesContext] Identity ID: us-east-1:mock-identity-123
[90mstdout[2m | src/components/Editor3/components/AudioAnswerMedia.stories.tsx[2m > [22m[2mImage Input Text
[22m[39m[FilesContext] About to set up File observeQuery
[90mstdout[2m | src/components/Editor3/components/AudioAnswerMedia.stories.tsx[2m > [22m[2mImage Input Text
[22m[39m[ChatContext] Setting up AssistantChat observeQuery
[90mstdout[2m | src/components/Editor3/components/AudioAnswerMedia.stories.tsx[2m > [22m[2mImage Input Text
[22m[39m[ChatContext] Waiting for subscription to initialize
[90mstdout[2m | src/components/Editor3/components/AudioAnswerMedia.stories.tsx[2m > [22m[2mImage Input Text
[22m[39m[SettingsContext] Setting up Settings subscription for user: mock-user-sub
[90mstdout[2m | src/components/Editor3/components/AudioAnswerMedia.stories.tsx[2m > [22m[2mImage Input Text
[22m[39mMock getUrl called with: /story-mocks/animals-10008941_1280.jpg
[90mstdout[2m | src/components/Editor3/components/AudioAnswerMedia.stories.tsx[2m > [22m[2mImage Input Text
[22m[39m[Mock Data] Settings created: mock-settings-1790418750569 - notified 0 subscribers
[90mstdout[2m | src/components/Editor3/components/AudioAnswerMedia.stories.tsx[2m > [22m[2mImage Input Text
[22m[39mMock Cache.setItem called with: getCachedUrl_/story-mocks/animals-10008941_1280.jpg /story-mocks/animals-10008941_1280.jpg
[90mstdout[2m | src/components/Editor3/components/AudioAnswerMedia.stories.tsx[2m > [22m[2mImage Input Text
[22m[39m[Mock Data] Unit.onUpdate() subscription added. Total: 1
[90mstdout[2m | src/components/Editor3/components/AudioAnswerMedia.stories.tsx[2m > [22m[2mImage Input Text
[22m[39m[SectionContext] Section observeQuery update: 0
[90mstdout[2m | src/components/Editor3/components/AudioAnswerMedia.stories.tsx[2m > [22m[2mImage Input Text
[22m[39m[FilesContext] File observeQuery update: 6 files
[90mstdout[2m | src/components/Editor3/components/AudioAnswerMedia.stories.tsx[2m > [22m[2mImage Input Text
[22m[39m[ChatContext] AssistantChat initialized with 1 chats
[90mstdout[2m | src/components/Editor3/components/AudioAnswerMedia.stories.tsx[2m > [22m[2mImage Input Text
[22m[39m[ChatContext] Setting initial chat: mock-assistant-chat-1
[90mstdout[2m | src/components/Editor3/components/AudioAnswerMedia.stories.tsx[2m > [22m[2mImage Input Text
[22m[39m[MOCK CourseVectorStore] Initialized with mock data
[90mstdout[2m | src/components/Editor3/components/AudioAnswerMedia.stories.tsx[2m > [22m[2mImage Input Text
[22m[39m[FilesContext] Vector store population triggered {
  "currentVectorStoreSize": 3,
  "documentsCount": 0,
  "filesCount": 6,
  "isInitialLoad": true,
}
[90mstdout[2m | src/components/Editor3/components/AudioAnswerMedia.stories.tsx[2m > [22m[2mImage Input Text
[22m[39m[FilesContext] Vector store population complete - 3 total embeddings
[90mstdout[2m | src/components/Editor3/components/AudioAnswerMedia.stories.tsx[2m > [22m[2mImage Input Text
[22m[39m[ChatContext] Chat exists and not archived, skipping creation
[90mstdout[2m | src/components/Editor3/components/AudioAnswerMedia.stories.tsx[2m > [22m[2mImage Input Text
[22m[39m[Mock Storage] downloadData called with: undefined
 [32m✓[39m [30m[45m storybook (chromium) [49m[39m src/components/Editor3/components/AudioAnswerMedia.stories.tsx [2m([22m[2m7 tests[22m[2m)[22m[33m 2801[2mms[22m[39m
   [33m[2m✓[22m[39m By Word [33m 561[2mms[22m[39m
   [33m[2m✓[22m[39m By Definition [33m 473[2mms[22m[39m
   [33m[2m✓[22m[39m By Question [33m 657[2mms[22m[39m
   [33m[2m✓[22m[39m By Answer Graded [33m 484[2mms[22m[39m
[90mstdout[2m | unknown test
[22m[39m[MOCK vectorStoreDB.js] Module loaded - mock IndexedDB operations
[90mstdout[2m | unknown test
[22m[39m[Task Completion] DOM action listeners initialized
[90mstdout[2m | unknown test
[22m[39m[Task Completion] Auto-completion detector initialized
[90mstdout[2m | unknown test
[22m[39m[Preview] Task completion detector initialized
[90mstdout[2m | src/components/Editor3/plugins/AnswerPlugin.audio-drawing.stories.jsx[2m > [22m[2mAudio Pronunciation
[22m[39m[Preview] Skipped initializing default mock data (initializeMockData=false)
[90mstdout[2m | src/components/Editor3/plugins/AnswerPlugin.audio-drawing.stories.jsx[2m > [22m[2mAudio Pronunciation
[22m[39m[Mock Data] seedMockWords: Adding 5 words
[90mstdout[2m | src/components/Editor3/plugins/AnswerPlugin.audio-drawing.stories.jsx[2m > [22m[2mAudio Pronunciation
[22m[39m[Mock Data] seedMockUnit: Adding unit mock-unit-id
[90mstdout[2m | src/components/Editor3/plugins/AnswerPlugin.audio-drawing.stories.jsx[2m > [22m[2mAudio Pronunciation
[22m[39m[MOCK CourseVectorStore] Initialized with mock data
[90mstdout[2m | src/components/Editor3/plugins/AnswerPlugin.audio-drawing.stories.jsx[2m > [22m[2mAudio Pronunciation
[22m[39m[TranslationModeController] Setting mode to: off
[90mstdout[2m | src/components/Editor3/plugins/AnswerPlugin.audio-drawing.stories.jsx[2m > [22m[2mAudio Pronunciation
[22m[39m[UnitContext] useEffect triggered {
  "authLoading": false,
  "hasUser": true,
  "id": "mock-unit-id",
  "userSub": "mock-user-sub",
}
[90mstdout[2m | src/components/Editor3/plugins/AnswerPlugin.audio-drawing.stories.jsx[2m > [22m[2mAudio Pronunciation
[22m[39m[UnitContext] Fetching unit data for id: mock-unit-id
[90mstdout[2m | src/components/Editor3/plugins/AnswerPlugin.audio-drawing.stories.jsx[2m > [22m[2mAudio Pronunciation
[22m[39m[FilesContext] Initializing vector store from IndexedDB
[90mstdout[2m | src/components/Editor3/plugins/AnswerPlugin.audio-drawing.stories.jsx[2m > [22m[2mAudio Pronunciation
[22m[39m[FilesContext] fetchFiles called
[90mstdout[2m | src/components/Editor3/plugins/AnswerPlugin.audio-drawing.stories.jsx[2m > [22m[2mAudio Pronunciation
[22m[39m[FilesContext] User authenticated: mock-user-sub
[90mstdout[2m | src/components/Editor3/plugins/AnswerPlugin.audio-drawing.stories.jsx[2m > [22m[2mAudio Pronunciation
[22m[39m[FilesContext] Identity ID: us-east-1:mock-identity-123
[90mstdout[2m | src/components/Editor3/plugins/AnswerPlugin.audio-drawing.stories.jsx[2m > [22m[2mAudio Pronunciation
[22m[39m[FilesContext] About to set up File observeQuery
[90mstdout[2m | src/components/Editor3/plugins/AnswerPlugin.audio-drawing.stories.jsx[2m > [22m[2mAudio Pronunciation
[22m[39m[ChatContext] Setting up AssistantChat observeQuery
[90mstdout[2m | src/components/Editor3/plugins/AnswerPlugin.audio-drawing.stories.jsx[2m > [22m[2mAudio Pronunciation
[22m[39m[ChatContext] Waiting for subscription to initialize
[90mstdout[2m | src/components/Editor3/plugins/AnswerPlugin.audio-drawing.stories.jsx[2m > [22m[2mAudio Pronunciation
[22m[39m[SettingsContext] Setting up Settings subscription for user: mock-user-sub
[90mstdout[2m | src/components/Editor3/plugins/AnswerPlugin.audio-drawing.stories.jsx[2m > [22m[2mAudio Pronunciation
[22m[39m[Mock Data] Settings created: mock-settings-1790418755304 - notified 0 subscribers
[90mstdout[2m | src/components/Editor3/plugins/AnswerPlugin.audio-drawing.stories.jsx[2m > [22m[2mAudio Pronunciation
[22m[39m[Mock Data] Unit.onUpdate() subscription added. Total: 1
[90mstdout[2m | src/components/Editor3/plugins/AnswerPlugin.audio-drawing.stories.jsx[2m > [22m[2mAudio Pronunciation
[22m[39m[SectionContext] Section observeQuery update: 0
[90mstdout[2m | src/components/Editor3/plugins/AnswerPlugin.audio-drawing.stories.jsx[2m > [22m[2mAudio Pronunciation
[22m[39m[FilesContext] File observeQuery update: 0 files
[90mstdout[2m | src/components/Editor3/plugins/AnswerPlugin.audio-drawing.stories.jsx[2m > [22m[2mAudio Pronunciation
[22m[39m[ChatContext] AssistantChat initialized with 0 chats
[90mstdout[2m | src/components/Editor3/plugins/AnswerPlugin.audio-drawing.stories.jsx[2m > [22m[2mAudio Pronunciation
[22m[39m[MOCK CourseVectorStore] Initialized with mock data
[90mstdout[2m | src/components/Editor3/plugins/AnswerPlugin.audio-drawing.stories.jsx[2m > [22m[2mAudio Pronunciation
[22m[39m[ChatContext] No current chat available, will create one
[90mstdout[2m | src/components/Editor3/plugins/AnswerPlugin.audio-drawing.stories.jsx[2m > [22m[2mAudio Pronunciation
[22m[39m[ChatContext] Creating AssistantChat with user: undefined
[90mstdout[2m | src/components/Editor3/plugins/AnswerPlugin.audio-drawing.stories.jsx[2m > [22m[2mAudio Pronunciation
[22m[39m[Mock Data] AssistantChat created: mock-assistantchat-1790418755480 - notified 1 subscribers
[90mstdout[2m | src/components/Editor3/plugins/AnswerPlugin.audio-drawing.stories.jsx[2m > [22m[2mAudio Pronunciation
[22m[39m[ChatContext] Create result: {
  "data": {
    "_version": 1,
    "archived": false,
    "chatFiles": [Function anonymous],
    "createdAt": "2026-09-26T10:32:35.480Z",
    "id": "mock-assistantchat-1790418755480",
    "model": "gpt-4",
    "updatedAt": "2026-09-26T10:32:35.480Z",
  },
  "errors": [],
  "hasData": true,
  "hasErrors": true,
}
[90mstdout[2m | src/components/Editor3/plugins/AnswerPlugin.audio-drawing.stories.jsx[2m > [22m[2mAudio Pronunciation
[22m[39m[ChatContext] Created AssistantChat: mock-assistantchat-1790418755480 at: 2026-09-26T10:32:35.480Z
[90mstdout[2m | src/components/Editor3/plugins/AnswerPlugin.audio-drawing.stories.jsx[2m > [22m[2mAudio Pronunciation
[22m[39m[Mock Storage] downloadData called with: undefined
[90mstdout[2m | src/components/Editor3/plugins/AnswerPlugin.audio-drawing.stories.jsx[2m > [22m[2mAudio Pronunciation
[22m[39m[ChatContext] Setting initial chat: mock-assistantchat-1790418755480
[90mstdout[2m | src/components/Editor3/plugins/AnswerPlugin.audio-drawing.stories.jsx[2m > [22m[2mAudio Pronunciation
[22m[39m[ChatContext] Chat exists and not archived, skipping creation
[90mstdout[2m | src/components/Editor3/plugins/AnswerPlugin.audio-drawing.stories.jsx[2m > [22m[2mDrawing Vocabulary
[22m[39m[ChatContext] Cleaning up subscriptions
[90mstdout[2m | src/components/Editor3/plugins/AnswerPlugin.audio-drawing.stories.jsx[2m > [22m[2mDrawing Vocabulary
[22m[39m[Mock Data] Unit.onUpdate() subscription removed. Remaining: 0
[90mstdout[2m | src/components/Editor3/plugins/AnswerPlugin.audio-drawing.stories.jsx[2m > [22m[2mDrawing Vocabulary
[22m[39m[Preview] Skipped initializing default mock data (initializeMockData=false)
[90mstdout[2m | src/components/Editor3/plugins/AnswerPlugin.audio-drawing.stories.jsx[2m > [22m[2mDrawing Vocabulary
[22m[39m[Mock Data] seedMockWords: Adding 5 words
[90mstdout[2m | src/components/Editor3/plugins/AnswerPlugin.audio-drawing.stories.jsx[2m > [22m[2mDrawing Vocabulary
[22m[39m[Mock Data] seedMockUnit: Adding unit mock-unit-id
[90mstdout[2m | src/components/Editor3/plugins/AnswerPlugin.audio-drawing.stories.jsx[2m > [22m[2mDrawing Vocabulary
[22m[39m[MOCK CourseVectorStore] Initialized with mock data
[90mstdout[2m | src/components/Editor3/plugins/AnswerPlugin.audio-drawing.stories.jsx[2m > [22m[2mDrawing Vocabulary
[22m[39m[TranslationModeController] Setting mode to: off
[90mstdout[2m | src/components/Editor3/plugins/AnswerPlugin.audio-drawing.stories.jsx[2m > [22m[2mDrawing Vocabulary
[22m[39m[UnitContext] useEffect triggered {
  "authLoading": false,
  "hasUser": true,
  "id": "mock-unit-id",
  "userSub": "mock-user-sub",
}
[90mstdout[2m | src/components/Editor3/plugins/AnswerPlugin.audio-drawing.stories.jsx[2m > [22m[2mDrawing Vocabulary
[22m[39m[UnitContext] Fetching unit data for id: mock-unit-id
[90mstdout[2m | src/components/Editor3/plugins/AnswerPlugin.audio-drawing.stories.jsx[2m > [22m[2mDrawing Vocabulary
[22m[39m[FilesContext] Initializing vector store from IndexedDB
[90mstdout[2m | src/components/Editor3/plugins/AnswerPlugin.audio-drawing.stories.jsx[2m > [22m[2mDrawing Vocabulary
[22m[39m[FilesContext] fetchFiles called
[90mstdout[2m | src/components/Editor3/plugins/AnswerPlugin.audio-drawing.stories.jsx[2m > [22m[2mDrawing Vocabulary
[22m[39m[FilesContext] User authenticated: mock-user-sub
[90mstdout[2m | src/components/Editor3/plugins/AnswerPlugin.audio-drawing.stories.jsx[2m > [22m[2mDrawing Vocabulary
[22m[39m[FilesContext] Identity ID: us-east-1:mock-identity-123
[90mstdout[2m | src/components/Editor3/plugins/AnswerPlugin.audio-drawing.stories.jsx[2m > [22m[2mDrawing Vocabulary
[22m[39m[FilesContext] About to set up File observeQuery
[90mstdout[2m | src/components/Editor3/plugins/AnswerPlugin.audio-drawing.stories.jsx[2m > [22m[2mDrawing Vocabulary
[22m[39m[ChatContext] Setting up AssistantChat observeQuery
[90mstdout[2m | src/components/Editor3/plugins/AnswerPlugin.audio-drawing.stories.jsx[2m > [22m[2mDrawing Vocabulary
[22m[39m[ChatContext] Waiting for subscription to initialize
[90mstdout[2m | src/components/Editor3/plugins/AnswerPlugin.audio-drawing.stories.jsx[2m > [22m[2mDrawing Vocabulary
[22m[39m[SettingsContext] Setting up Settings subscription for user: mock-user-sub
[90mstdout[2m | src/components/Editor3/plugins/AnswerPlugin.audio-drawing.stories.jsx[2m > [22m[2mDrawing Vocabulary
[22m[39m[Mock Data] Settings created: mock-settings-1790418755900 - notified 0 subscribers
[90mstdout[2m | src/components/Editor3/plugins/AnswerPlugin.audio-drawing.stories.jsx[2m > [22m[2mDrawing Vocabulary
[22m[39m[Mock Data] Unit.onUpdate() subscription added. Total: 1
[90mstdout[2m | src/components/Editor3/plugins/AnswerPlugin.audio-drawing.stories.jsx[2m > [22m[2mDrawing Vocabulary
[22m[39m[SectionContext] Section observeQuery update: 0
[90mstdout[2m | src/components/Editor3/plugins/AnswerPlugin.audio-drawing.stories.jsx[2m > [22m[2mDrawing Vocabulary
[22m[39m[FilesContext] File observeQuery update: 0 files
[90mstdout[2m | src/components/Editor3/plugins/AnswerPlugin.audio-drawing.stories.jsx[2m > [22m[2mDrawing Vocabulary
[22m[39m[ChatContext] AssistantChat initialized with 0 chats
[90mstdout[2m | src/components/Editor3/plugins/AnswerPlugin.audio-drawing.stories.jsx[2m > [22m[2mDrawing Vocabulary
[22m[39m[MOCK CourseVectorStore] Initialized with mock data
[90mstdout[2m | src/components/Editor3/plugins/AnswerPlugin.audio-drawing.stories.jsx[2m > [22m[2mDrawing Vocabulary
[22m[39m[ChatContext] No current chat available, will create one
[90mstdout[2m | src/components/Editor3/plugins/AnswerPlugin.audio-drawing.stories.jsx[2m > [22m[2mDrawing Vocabulary
[22m[39m[ChatContext] Creating AssistantChat with user: undefined
[90mstdout[2m | src/components/Editor3/plugins/AnswerPlugin.audio-drawing.stories.jsx[2m > [22m[2mDrawing Vocabulary
[22m[39m[Mock Data] AssistantChat created: mock-assistantchat-1790418755949 - notified 1 subscribers
[90mstdout[2m | src/components/Editor3/plugins/AnswerPlugin.audio-drawing.stories.jsx[2m > [22m[2mDrawing Vocabulary
[22m[39m[ChatContext] Create result: {
  "data": {
    "_version": 1,
    "archived": false,
    "chatFiles": [Function anonymous],
    "createdAt": "2026-09-26T10:32:35.949Z",
    "id": "mock-assistantchat-1790418755949",
    "model": "gpt-4",
    "updatedAt": "2026-09-26T10:32:35.949Z",
  },
  "errors": [],
  "hasData": true,
  "hasErrors": true,
}
[90mstdout[2m | src/components/Editor3/plugins/AnswerPlugin.audio-drawing.stories.jsx[2m > [22m[2mDrawing Vocabulary
[22m[39m[ChatContext] Created AssistantChat: mock-assistantchat-1790418755949 at: 2026-09-26T10:32:35.949Z
[90mstdout[2m | src/components/Editor3/plugins/AnswerPlugin.audio-drawing.stories.jsx[2m > [22m[2mDrawing Vocabulary
[22m[39m[Mock Storage] downloadData called with: undefined
[90mstdout[2m | src/components/Editor3/plugins/AnswerPlugin.audio-drawing.stories.jsx[2m > [22m[2mDrawing Vocabulary
[22m[39m[ChatContext] Setting initial chat: mock-assistantchat-1790418755949
[90mstdout[2m | src/components/Editor3/plugins/AnswerPlugin.audio-drawing.stories.jsx[2m > [22m[2mDrawing Vocabulary
[22m[39m[ChatContext] Chat exists and not archived, skipping creation
[90mstdout[2m | src/components/Editor3/plugins/AnswerPlugin.audio-drawing.stories.jsx[2m > [22m[2mMulti Modal Vocabulary
[22m[39m[ChatContext] Cleaning up subscriptions
[90mstdout[2m | src/components/Editor3/plugins/AnswerPlugin.audio-drawing.stories.jsx[2m > [22m[2mMulti Modal Vocabulary
[22m[39m[Mock Data] Unit.onUpdate() subscription removed. Remaining: 0
[90mstdout[2m | src/components/Editor3/plugins/AnswerPlugin.audio-drawing.stories.jsx[2m > [22m[2mMulti Modal Vocabulary
[22m[39m[Preview] Skipped initializing default mock data (initializeMockData=false)
[90mstdout[2m | src/components/Editor3/plugins/AnswerPlugin.audio-drawing.stories.jsx[2m > [22m[2mMulti Modal Vocabulary
[22m[39m[Mock Data] seedMockWords: Adding 5 words
[90mstdout[2m | src/components/Editor3/plugins/AnswerPlugin.audio-drawing.stories.jsx[2m > [22m[2mMulti Modal Vocabulary
[22m[39m[Mock Data] seedMockUnit: Adding unit mock-unit-id
[90mstdout[2m | src/components/Editor3/plugins/AnswerPlugin.audio-drawing.stories.jsx[2m > [22m[2mMulti Modal Vocabulary
[22m[39m[MOCK CourseVectorStore] Initialized with mock data
[90mstdout[2m | src/components/Editor3/plugins/AnswerPlugin.audio-drawing.stories.jsx[2m > [22m[2mMulti Modal Vocabulary
[22m[39m[TranslationModeController] Setting mode to: off
[90mstdout[2m | src/components/Editor3/plugins/AnswerPlugin.audio-drawing.stories.jsx[2m > [22m[2mMulti Modal Vocabulary
[22m[39m[UnitContext] useEffect triggered {
  "authLoading": false,
  "hasUser": true,
  "id": "mock-unit-id",
  "userSub": "mock-user-sub",
}
[90mstdout[2m | src/components/Editor3/plugins/AnswerPlugin.audio-drawing.stories.jsx[2m > [22m[2mMulti Modal Vocabulary
[22m[39m[UnitContext] Fetching unit data for id: mock-unit-id
[90mstdout[2m | src/components/Editor3/plugins/AnswerPlugin.audio-drawing.stories.jsx[2m > [22m[2mMulti Modal Vocabulary
[22m[39m[FilesContext] Initializing vector store from IndexedDB
[90mstdout[2m | src/components/Editor3/plugins/AnswerPlugin.audio-drawing.stories.jsx[2m > [22m[2mMulti Modal Vocabulary
[22m[39m[FilesContext] fetchFiles called
[90mstdout[2m | src/components/Editor3/plugins/AnswerPlugin.audio-drawing.stories.jsx[2m > [22m[2mMulti Modal Vocabulary
[22m[39m[FilesContext] User authenticated: mock-user-sub
[90mstdout[2m | src/components/Editor3/plugins/AnswerPlugin.audio-drawing.stories.jsx[2m > [22m[2mMulti Modal Vocabulary
[22m[39m[FilesContext] Identity ID: us-east-1:mock-identity-123
[90mstdout[2m | src/components/Editor3/plugins/AnswerPlugin.audio-drawing.stories.jsx[2m > [22m[2mMulti Modal Vocabulary
[22m[39m[FilesContext] About to set up File observeQuery
[90mstdout[2m | src/components/Editor3/plugins/AnswerPlugin.audio-drawing.stories.jsx[2m > [22m[2mMulti Modal Vocabulary
[22m[39m[ChatContext] Setting up AssistantChat observeQuery
[90mstdout[2m | src/components/Editor3/plugins/AnswerPlugin.audio-drawing.stories.jsx[2m > [22m[2mMulti Modal Vocabulary
[22m[39m[ChatContext] Waiting for subscription to initialize
[90mstdout[2m | src/components/Editor3/plugins/AnswerPlugin.audio-drawing.stories.jsx[2m > [22m[2mMulti Modal Vocabulary
[22m[39m[SettingsContext] Setting up Settings subscription for user: mock-user-sub
[90mstdout[2m | src/components/Editor3/plugins/AnswerPlugin.audio-drawing.stories.jsx[2m > [22m[2mMulti Modal Vocabulary
[22m[39m[Mock Data] Settings created: mock-settings-1790418756201 - notified 0 subscribers
[90mstdout[2m | src/components/Editor3/plugins/AnswerPlugin.audio-drawing.stories.jsx[2m > [22m[2mMulti Modal Vocabulary
[22m[39m[Mock Data] Unit.onUpdate() subscription added. Total: 1
[90mstdout[2m | src/components/Editor3/plugins/AnswerPlugin.audio-drawing.stories.jsx[2m > [22m[2mMulti Modal Vocabulary
[22m[39m[SectionContext] Section observeQuery update: 0
[90mstdout[2m | src/components/Editor3/plugins/AnswerPlugin.audio-drawing.stories.jsx[2m > [22m[2mMulti Modal Vocabulary
[22m[39m[FilesContext] File observeQuery update: 0 files
[90mstdout[2m | src/components/Editor3/plugins/AnswerPlugin.audio-drawing.stories.jsx[2m > [22m[2mMulti Modal Vocabulary
[22m[39m[ChatContext] AssistantChat initialized with 0 chats
[90mstdout[2m | src/components/Editor3/plugins/AnswerPlugin.audio-drawing.stories.jsx[2m > [22m[2mMulti Modal Vocabulary
[22m[39m[MOCK CourseVectorStore] Initialized with mock data
[90mstdout[2m | src/components/Editor3/plugins/AnswerPlugin.audio-drawing.stories.jsx[2m > [22m[2mMulti Modal Vocabulary
[22m[39m[ChatContext] No current chat available, will create one
[90mstdout[2m | src/components/Editor3/plugins/AnswerPlugin.audio-drawing.stories.jsx[2m > [22m[2mMulti Modal Vocabulary
[22m[39m[ChatContext] Creating AssistantChat with user: undefined
[90mstdout[2m | src/components/Editor3/plugins/AnswerPlugin.audio-drawing.stories.jsx[2m > [22m[2mMulti Modal Vocabulary
[22m[39m[Mock Data] AssistantChat created: mock-assistantchat-1790418756276 - notified 1 subscribers
[90mstdout[2m | src/components/Editor3/plugins/AnswerPlugin.audio-drawing.stories.jsx[2m > [22m[2mMulti Modal Vocabulary
[22m[39m[ChatContext] Create result: {
  "data": {
    "_version": 1,
    "archived": false,
    "chatFiles": [Function anonymous],
    "createdAt": "2026-09-26T10:32:36.276Z",
    "id": "mock-assistantchat-1790418756276",
    "model": "gpt-4",
    "updatedAt": "2026-09-26T10:32:36.276Z",
  },
  "errors": [],
  "hasData": true,
  "hasErrors": true,
}
[90mstdout[2m | src/components/Editor3/plugins/AnswerPlugin.audio-drawing.stories.jsx[2m > [22m[2mMulti Modal Vocabulary
[22m[39m[ChatContext] Created AssistantChat: mock-assistantchat-1790418756276 at: 2026-09-26T10:32:36.276Z
[90mstdout[2m | src/components/Editor3/plugins/AnswerPlugin.audio-drawing.stories.jsx[2m > [22m[2mMulti Modal Vocabulary
[22m[39m[Mock Storage] downloadData called with: undefined
[90mstdout[2m | src/components/Editor3/plugins/AnswerPlugin.audio-drawing.stories.jsx[2m > [22m[2mMulti Modal Vocabulary
[22m[39m[ChatContext] Setting initial chat: mock-assistantchat-1790418756276
[90mstdout[2m | src/components/Editor3/plugins/AnswerPlugin.audio-drawing.stories.jsx[2m > [22m[2mMulti Modal Vocabulary
[22m[39m[ChatContext] Chat exists and not archived, skipping creation
[90mstdout[2m | src/components/Editor3/plugins/AnswerPlugin.audio-drawing.stories.jsx[2m > [22m[2mListening Comprehension
[22m[39m[ChatContext] Cleaning up subscriptions
[90mstdout[2m | src/components/Editor3/plugins/AnswerPlugin.audio-drawing.stories.jsx[2m > [22m[2mListening Comprehension
[22m[39m[Mock Data] Unit.onUpdate() subscription removed. Remaining: 0
[90mstdout[2m | src/components/Editor3/plugins/AnswerPlugin.audio-drawing.stories.jsx[2m > [22m[2mListening Comprehension
[22m[39m[Preview] Skipped initializing default mock data (initializeMockData=false)
[90mstdout[2m | src/components/Editor3/plugins/AnswerPlugin.audio-drawing.stories.jsx[2m > [22m[2mListening Comprehension
[22m[39m[Mock Data] seedMockWords: Adding 5 words
[90mstdout[2m | src/components/Editor3/plugins/AnswerPlugin.audio-drawing.stories.jsx[2m > [22m[2mListening Comprehension
[22m[39m[Mock Data] seedMockUnit: Adding unit mock-unit-id
[90mstdout[2m | src/components/Editor3/plugins/AnswerPlugin.audio-drawing.stories.jsx[2m > [22m[2mListening Comprehension
[22m[39m[MOCK CourseVectorStore] Initialized with mock data
[90mstdout[2m | src/components/Editor3/plugins/AnswerPlugin.audio-drawing.stories.jsx[2m > [22m[2mListening Comprehension
[22m[39m[TranslationModeController] Setting mode to: off
[90mstdout[2m | src/components/Editor3/plugins/AnswerPlugin.audio-drawing.stories.jsx[2m > [22m[2mListening Comprehension
[22m[39m[UnitContext] useEffect triggered {
  "authLoading": false,
  "hasUser": true,
  "id": "mock-unit-id",
  "userSub": "mock-user-sub",
}
[90mstdout[2m | src/components/Editor3/plugins/AnswerPlugin.audio-drawing.stories.jsx[2m > [22m[2mListening Comprehension
[22m[39m[UnitContext] Fetching unit data for id: mock-unit-id
[90mstdout[2m | src/components/Editor3/plugins/AnswerPlugin.audio-drawing.stories.jsx[2m > [22m[2mListening Comprehension
[22m[39m[FilesContext] Initializing vector store from IndexedDB
[90mstdout[2m | src/components/Editor3/plugins/AnswerPlugin.audio-drawing.stories.jsx[2m > [22m[2mListening Comprehension
[22m[39m[FilesContext] fetchFiles called
[90mstdout[2m | src/components/Editor3/plugins/AnswerPlugin.audio-drawing.stories.jsx[2m > [22m[2mListening Comprehension
[22m[39m[FilesContext] User authenticated: mock-user-sub
[90mstdout[2m | src/components/Editor3/plugins/AnswerPlugin.audio-drawing.stories.jsx[2m > [22m[2mListening Comprehension
[22m[39m[FilesContext] Identity ID: us-east-1:mock-identity-123
[90mstdout[2m | src/components/Editor3/plugins/AnswerPlugin.audio-drawing.stories.jsx[2m > [22m[2mListening Comprehension
[22m[39m[FilesContext] About to set up File observeQuery
[90mstdout[2m | src/components/Editor3/plugins/AnswerPlugin.audio-drawing.stories.jsx[2m > [22m[2mListening Comprehension
[22m[39m[ChatContext] Setting up AssistantChat observeQuery
[90mstdout[2m | src/components/Editor3/plugins/AnswerPlugin.audio-drawing.stories.jsx[2m > [22m[2mListening Comprehension
[22m[39m[ChatContext] Waiting for subscription to initialize
[90mstdout[2m | src/components/Editor3/plugins/AnswerPlugin.audio-drawing.stories.jsx[2m > [22m[2mListening Comprehension
[22m[39m[SettingsContext] Setting up Settings subscription for user: mock-user-sub
[90mstdout[2m | src/components/Editor3/plugins/AnswerPlugin.audio-drawing.stories.jsx[2m > [22m[2mListening Comprehension
[22m[39m[Mock Data] Settings created: mock-settings-1790418756459 - notified 0 subscribers
[90mstdout[2m | src/components/Editor3/plugins/AnswerPlugin.audio-drawing.stories.jsx[2m > [22m[2mListening Comprehension
[22m[39m[Mock Data] Unit.onUpdate() subscription added. Total: 1
[90mstdout[2m | src/components/Editor3/plugins/AnswerPlugin.audio-drawing.stories.jsx[2m > [22m[2mListening Comprehension
[22m[39mMock Cache.getItem called with: getCachedUrl_/story-mocks/sound-design-elements-sfx-ps-022-302865.mp3
[90mstdout[2m | src/components/Editor3/plugins/AnswerPlugin.audio-drawing.stories.jsx[2m > [22m[2mListening Comprehension
[22m[39mMock Cache.getItem called with: getCachedUrl_/story-mocks/descent-whoosh-long-cinematic-sound-effect-405921.mp3
[90mstdout[2m | src/components/Editor3/plugins/AnswerPlugin.audio-drawing.stories.jsx[2m > [22m[2mListening Comprehension
[22m[39mMock Cache.getItem called with: getCachedUrl_/story-mocks/cinematic-designed-sci-fi-whoosh-transition-nexawave-228295.mp3
[90mstdout[2m | src/components/Editor3/plugins/AnswerPlugin.audio-drawing.stories.jsx[2m > [22m[2mListening Comprehension
[22m[39mMock getUrl called with: /story-mocks/sound-design-elements-sfx-ps-022-302865.mp3
[90mstdout[2m | src/components/Editor3/plugins/AnswerPlugin.audio-drawing.stories.jsx[2m > [22m[2mListening Comprehension
[22m[39mMock getUrl called with: /story-mocks/descent-whoosh-long-cinematic-sound-effect-405921.mp3
[90mstdout[2m | src/components/Editor3/plugins/AnswerPlugin.audio-drawing.stories.jsx[2m > [22m[2mListening Comprehension
[22m[39mMock getUrl called with: /story-mocks/cinematic-designed-sci-fi-whoosh-transition-nexawave-228295.mp3
[90mstdout[2m | src/components/Editor3/plugins/AnswerPlugin.audio-drawing.stories.jsx[2m > [22m[2mListening Comprehension
[22m[39mMock Cache.setItem called with: getCachedUrl_/story-mocks/sound-design-elements-sfx-ps-022-302865.mp3 /story-mocks/sound-design-elements-sfx-ps-022-302865.mp3
[90mstdout[2m | src/components/Editor3/plugins/AnswerPlugin.audio-drawing.stories.jsx[2m > [22m[2mListening Comprehension
[22m[39mMock Cache.setItem called with: getCachedUrl_/story-mocks/descent-whoosh-long-cinematic-sound-effect-405921.mp3 /story-mocks/descent-whoosh-long-cinematic-sound-effect-405921.mp3
[90mstdout[2m | src/components/Editor3/plugins/AnswerPlugin.audio-drawing.stories.jsx[2m > [22m[2mListening Comprehension
[22m[39mMock Cache.setItem called with: getCachedUrl_/story-mocks/cinematic-designed-sci-fi-whoosh-transition-nexawave-228295.mp3 /story-mocks/cinematic-designed-sci-fi-whoosh-transition-nexawave-228295.mp3
[90mstdout[2m | src/components/Editor3/plugins/AnswerPlugin.audio-drawing.stories.jsx[2m > [22m[2mListening Comprehension
[22m[39m[SectionContext] Section observeQuery update: 0
[90mstdout[2m | src/components/Editor3/plugins/AnswerPlugin.audio-drawing.stories.jsx[2m > [22m[2mListening Comprehension
[22m[39m[FilesContext] File observeQuery update: 0 files
[90mstdout[2m | src/components/Editor3/plugins/AnswerPlugin.audio-drawing.stories.jsx[2m > [22m[2mListening Comprehension
[22m[39m[ChatContext] AssistantChat initialized with 0 chats
[90mstdout[2m | src/components/Editor3/plugins/AnswerPlugin.audio-drawing.stories.jsx[2m > [22m[2mListening Comprehension
[22m[39m[MOCK CourseVectorStore] Initialized with mock data
[90mstdout[2m | src/components/Editor3/plugins/AnswerPlugin.audio-drawing.stories.jsx[2m > [22m[2mListening Comprehension
[22m[39m[AudioPlayerContext] Loading new source: /story-mocks/sound-design-elements-sfx-ps-022-3028...
[90mstdout[2m | src/components/Editor3/plugins/AnswerPlugin.audio-drawing.stories.jsx[2m > [22m[2mListening Comprehension
[22m[39m[AudioPlayerContext] Loading new source: /story-mocks/descent-whoosh-long-cinematic-sound-e...
[90mstdout[2m | src/components/Editor3/plugins/AnswerPlugin.audio-drawing.stories.jsx[2m > [22m[2mListening Comprehension
[22m[39m[AudioPlayerContext] Loading new source: /story-mocks/cinematic-designed-sci-fi-whoosh-tran...
[90mstdout[2m | src/components/Editor3/plugins/AnswerPlugin.audio-drawing.stories.jsx[2m > [22m[2mListening Comprehension
[22m[39m[ChatContext] No current chat available, will create one
[90mstdout[2m | src/components/Editor3/plugins/AnswerPlugin.audio-drawing.stories.jsx[2m > [22m[2mListening Comprehension
[22m[39m[ChatContext] Creating AssistantChat with user: undefined
[90mstdout[2m | src/components/Editor3/plugins/AnswerPlugin.audio-drawing.stories.jsx[2m > [22m[2mListening Comprehension
[22m[39m[Mock Data] AssistantChat created: mock-assistantchat-1790418756614 - notified 1 subscribers
[90mstdout[2m | src/components/Editor3/plugins/AnswerPlugin.audio-drawing.stories.jsx[2m > [22m[2mListening Comprehension
[22m[39m[ChatContext] Create result: {
  "data": {
    "_version": 1,
    "archived": false,
    "chatFiles": [Function anonymous],
    "createdAt": "2026-09-26T10:32:36.614Z",
    "id": "mock-assistantchat-1790418756614",
    "model": "gpt-4",
    "updatedAt": "2026-09-26T10:32:36.614Z",
  },
  "errors": [],
  "hasData": true,
  "hasErrors": true,
}
[90mstdout[2m | src/components/Editor3/plugins/AnswerPlugin.audio-drawing.stories.jsx[2m > [22m[2mListening Comprehension
[22m[39m[ChatContext] Created AssistantChat: mock-assistantchat-1790418756614 at: 2026-09-26T10:32:36.614Z
[90mstdout[2m | src/components/Editor3/plugins/AnswerPlugin.audio-drawing.stories.jsx[2m > [22m[2mListening Comprehension
[22m[39m[Mock Storage] downloadData called with: undefined
[90mstdout[2m | src/components/Editor3/plugins/AnswerPlugin.audio-drawing.stories.jsx[2m > [22m[2mListening Comprehension
[22m[39m[ChatContext] Setting initial chat: mock-assistantchat-1790418756614
[90mstdout[2m | src/components/Editor3/plugins/AnswerPlugin.audio-drawing.stories.jsx[2m > [22m[2mListening Comprehension
[22m[39m[ChatContext] Chat exists and not archived, skipping creation
[90mstdout[2m | src/components/Editor3/plugins/AnswerPlugin.audio-drawing.stories.jsx[2m > [22m[2mDefinition To Drawing
[22m[39m[ChatContext] Cleaning up subscriptions
[90mstdout[2m | src/components/Editor3/plugins/AnswerPlugin.audio-drawing.stories.jsx[2m > [22m[2mDefinition To Drawing
[22m[39m[Mock Data] Unit.onUpdate() subscription removed. Remaining: 0
[90mstdout[2m | src/components/Editor3/plugins/AnswerPlugin.audio-drawing.stories.jsx[2m > [22m[2mDefinition To Drawing
[22m[39m[Preview] Skipped initializing default mock data (initializeMockData=false)
[90mstdout[2m | src/components/Editor3/plugins/AnswerPlugin.audio-drawing.stories.jsx[2m > [22m[2mDefinition To Drawing
[22m[39m[Mock Data] seedMockWords: Adding 5 words
[90mstdout[2m | src/components/Editor3/plugins/AnswerPlugin.audio-drawing.stories.jsx[2m > [22m[2mDefinition To Drawing
[22m[39m[Mock Data] seedMockUnit: Adding unit mock-unit-id
[90mstdout[2m | src/components/Editor3/plugins/AnswerPlugin.audio-drawing.stories.jsx[2m > [22m[2mDefinition To Drawing
[22m[39m[MOCK CourseVectorStore] Initialized with mock data
[90mstdout[2m | src/components/Editor3/plugins/AnswerPlugin.audio-drawing.stories.jsx[2m > [22m[2mDefinition To Drawing
[22m[39m[TranslationModeController] Setting mode to: off
[90mstdout[2m | src/components/Editor3/plugins/AnswerPlugin.audio-drawing.stories.jsx[2m > [22m[2mDefinition To Drawing
[22m[39m[UnitContext] useEffect triggered {
  "authLoading": false,
  "hasUser": true,
  "id": "mock-unit-id",
  "userSub": "mock-user-sub",
}
[90mstdout[2m | src/components/Editor3/plugins/AnswerPlugin.audio-drawing.stories.jsx[2m > [22m[2mDefinition To Drawing
[22m[39m[UnitContext] Fetching unit data for id: mock-unit-id
[90mstdout[2m | src/components/Editor3/plugins/AnswerPlugin.audio-drawing.stories.jsx[2m > [22m[2mDefinition To Drawing
[22m[39m[FilesContext] Initializing vector store from IndexedDB
[90mstdout[2m | src/components/Editor3/plugins/AnswerPlugin.audio-drawing.stories.jsx[2m > [22m[2mDefinition To Drawing
[22m[39m[FilesContext] fetchFiles called
[90mstdout[2m | src/components/Editor3/plugins/AnswerPlugin.audio-drawing.stories.jsx[2m > [22m[2mDefinition To Drawing
[22m[39m[FilesContext] User authenticated: mock-user-sub
[90mstdout[2m | src/components/Editor3/plugins/AnswerPlugin.audio-drawing.stories.jsx[2m > [22m[2mDefinition To Drawing
[22m[39m[FilesContext] Identity ID: us-east-1:mock-identity-123
[90mstdout[2m | src/components/Editor3/plugins/AnswerPlugin.audio-drawing.stories.jsx[2m > [22m[2mDefinition To Drawing
[22m[39m[FilesContext] About to set up File observeQuery
[90mstdout[2m | src/components/Editor3/plugins/AnswerPlugin.audio-drawing.stories.jsx[2m > [22m[2mDefinition To Drawing
[22m[39m[ChatContext] Setting up AssistantChat observeQuery
[90mstdout[2m | src/components/Editor3/plugins/AnswerPlugin.audio-drawing.stories.jsx[2m > [22m[2mDefinition To Drawing
[22m[39m[ChatContext] Waiting for subscription to initialize
[90mstdout[2m | src/components/Editor3/plugins/AnswerPlugin.audio-drawing.stories.jsx[2m > [22m[2mDefinition To Drawing
[22m[39m[SettingsContext] Setting up Settings subscription for user: mock-user-sub
[90mstdout[2m | src/components/Editor3/plugins/AnswerPlugin.audio-drawing.stories.jsx[2m > [22m[2mDefinition To Drawing
[22m[39m[Mock Data] Settings created: mock-settings-1790418757210 - notified 0 subscribers
[90mstdout[2m | src/components/Editor3/plugins/AnswerPlugin.audio-drawing.stories.jsx[2m > [22m[2mDefinition To Drawing
[22m[39m[Mock Data] Unit.onUpdate() subscription added. Total: 1
[90mstdout[2m | src/components/Editor3/plugins/AnswerPlugin.audio-drawing.stories.jsx[2m > [22m[2mDefinition To Drawing
[22m[39m[SectionContext] Section observeQuery update: 0
[90mstdout[2m | src/components/Editor3/plugins/AnswerPlugin.audio-drawing.stories.jsx[2m > [22m[2mDefinition To Drawing
[22m[39m[FilesContext] File observeQuery update: 0 files
[90mstdout[2m | src/components/Editor3/plugins/AnswerPlugin.audio-drawing.stories.jsx[2m > [22m[2mDefinition To Drawing
[22m[39m[ChatContext] AssistantChat initialized with 0 chats
[90mstdout[2m | src/components/Editor3/plugins/AnswerPlugin.audio-drawing.stories.jsx[2m > [22m[2mDefinition To Drawing
[22m[39m[MOCK CourseVectorStore] Initialized with mock data
[90mstdout[2m | src/components/Editor3/plugins/AnswerPlugin.audio-drawing.stories.jsx[2m > [22m[2mDefinition To Drawing
[22m[39m[ChatContext] No current chat available, will create one
[90mstdout[2m | src/components/Editor3/plugins/AnswerPlugin.audio-drawing.stories.jsx[2m > [22m[2mDefinition To Drawing
[22m[39m[ChatContext] Creating AssistantChat with user: undefined
[90mstdout[2m | src/components/Editor3/plugins/AnswerPlugin.audio-drawing.stories.jsx[2m > [22m[2mDefinition To Drawing
[22m[39m[Mock Data] AssistantChat created: mock-assistantchat-1790418757287 - notified 1 subscribers
[90mstdout[2m | src/components/Editor3/plugins/AnswerPlugin.audio-drawing.stories.jsx[2m > [22m[2mDefinition To Drawing
[22m[39m[ChatContext] Create result: {
  "data": {
    "_version": 1,
    "archived": false,
    "chatFiles": [Function anonymous],
    "createdAt": "2026-09-26T10:32:37.287Z",
    "id": "mock-assistantchat-1790418757287",
    "model": "gpt-4",
    "updatedAt": "2026-09-26T10:32:37.287Z",
  },
  "errors": [],
  "hasData": true,
  "hasErrors": true,
}
[90mstdout[2m | src/components/Editor3/plugins/AnswerPlugin.audio-drawing.stories.jsx[2m > [22m[2mDefinition To Drawing
[22m[39m[ChatContext] Created AssistantChat: mock-assistantchat-1790418757287 at: 2026-09-26T10:32:37.287Z
[90mstdout[2m | src/components/Editor3/plugins/AnswerPlugin.audio-drawing.stories.jsx[2m > [22m[2mDefinition To Drawing
[22m[39m[Mock Storage] downloadData called with: undefined
[90mstdout[2m | src/components/Editor3/plugins/AnswerPlugin.audio-drawing.stories.jsx[2m > [22m[2mDefinition To Drawing
[22m[39m[ChatContext] Setting initial chat: mock-assistantchat-1790418757287
[90mstdout[2m | src/components/Editor3/plugins/AnswerPlugin.audio-drawing.stories.jsx[2m > [22m[2mDefinition To Drawing
[22m[39m[ChatContext] Chat exists and not archived, skipping creation
 [32m✓[39m [30m[45m storybook (chromium) [49m[39m src/components/Editor3/plugins/AnswerPlugin.audio-drawing.stories.jsx [2m([22m[2m5 tests[22m[2m)[22m[33m 2215[2mms[22m[39m
   [33m[2m✓[22m[39m Audio Pronunciation [33m 605[2mms[22m[39m
   [33m[2m✓[22m[39m Listening Comprehension [33m 721[2mms[22m[39m
   [33m[2m✓[22m[39m Definition To Drawing [33m 316[2mms[22m[39m
[90mstdout[2m | unknown test
[22m[39m[MOCK vectorStoreDB.js] Module loaded - mock IndexedDB operations
[90mstdout[2m | unknown test
[22m[39m[Task Completion] DOM action listeners initialized
[90mstdout[2m | unknown test
[22m[39m[Task Completion] Auto-completion detector initialized
[90mstdout[2m | unknown test
[22m[39m[Preview] Task completion detector initialized
[90mstdout[2m | src/components/Dashboard/AssignmentCard.stories.tsx[2m > [22m[2mPending
[22m[39m[TranslationModeController] Setting mode to: off
[90mstdout[2m | src/components/Dashboard/AssignmentCard.stories.tsx[2m > [22m[2mOverdue
[22m[39m[TranslationModeController] Setting mode to: off
[90mstdout[2m | src/components/Dashboard/AssignmentCard.stories.tsx[2m > [22m[2mDue Soon
[22m[39m[TranslationModeController] Setting mode to: off
[90mstdout[2m | src/components/Dashboard/AssignmentCard.stories.tsx[2m > [22m[2mNo Due Date
[22m[39m[TranslationModeController] Setting mode to: off
[90mstdout[2m | src/components/Dashboard/AssignmentCard.stories.tsx[2m > [22m[2mExtended Accommodation
[22m[39m[TranslationModeController] Setting mode to: off
[90mstdout[2m | src/components/Dashboard/AssignmentCard.stories.tsx[2m > [22m[2mCompleted
[22m[39m[TranslationModeController] Setting mode to: off
[90mstdout[2m | src/components/Dashboard/AssignmentCard.stories.tsx[2m > [22m[2mCompleted Low Score
[22m[39m[TranslationModeController] Setting mode to: off
[90mstdout[2m | src/components/Dashboard/AssignmentCard.stories.tsx[2m > [22m[2mJust Completed (check pop)
[22m[39m[TranslationModeController] Setting mode to: off
[90mstdout[2m | src/components/Dashboard/AssignmentCard.stories.tsx[2m > [22m[2mLocked
[22m[39m[TranslationModeController] Setting mode to: off
[90mstdout[2m | src/components/Dashboard/AssignmentCard.stories.tsx[2m > [22m[2mLocked With Date
[22m[39m[TranslationModeController] Setting mode to: off
[90mstdout[2m | src/components/Dashboard/AssignmentCard.stories.tsx[2m > [22m[2mUp Next
[22m[39m[TranslationModeController] Setting mode to: off
[90mstdout[2m | src/components/Dashboard/AssignmentCard.stories.tsx[2m > [22m[2mEasy Difficulty
[22m[39m[TranslationModeController] Setting mode to: off
[90mstdout[2m | src/components/Dashboard/AssignmentCard.stories.tsx[2m > [22m[2mHard Difficulty
[22m[39m[TranslationModeController] Setting mode to: off
[90mstdout[2m | src/components/Dashboard/AssignmentCard.stories.tsx[2m > [22m[2mMobile Viewport
[22m[39m[TranslationModeController] Setting mode to: off
[90mstdout[2m | src/components/Dashboard/AssignmentCard.stories.tsx[2m > [22m[2mTablet Viewport
[22m[39m[TranslationModeController] Setting mode to: off
[90mstdout[2m | src/components/Dashboard/AssignmentCard.stories.tsx[2m > [22m[2mDesktop Viewport
[22m[39m[TranslationModeController] Setting mode to: off
 [32m✓[39m [30m[45m storybook (chromium) [49m[39m src/components/Dashboard/AssignmentCard.stories.tsx [2m([22m[2m16 tests[22m[2m)[22m[33m 2829[2mms[22m[39m
   [33m[2m✓[22m[39m Just Completed (check pop) [33m 557[2mms[22m[39m
[90mstdout[2m | unknown test
[22m[39m[MOCK vectorStoreDB.js] Module loaded - mock IndexedDB operations
[90mstdout[2m | unknown test
[22m[39m[Task Completion] DOM action listeners initialized
[90mstdout[2m | unknown test
[22m[39m[Task Completion] Auto-completion detector initialized
[90mstdout[2m | unknown test
[22m[39m[Preview] Task completion detector initialized
[90mstdout[2m | src/components/PracticeDrill/PracticeDrillWorkbook.stories.tsx[2m > [22m[2mDefault
[22m[39m[Preview] Skipped initializing default mock data (initializeMockData=false)
[90mstdout[2m | src/components/PracticeDrill/PracticeDrillWorkbook.stories.tsx[2m > [22m[2mDefault
[22m[39m[Mock Data] seedMockWords: Adding 5 words
[90mstdout[2m | src/components/PracticeDrill/PracticeDrillWorkbook.stories.tsx[2m > [22m[2mDefault
[22m[39m[Mock Data] seedMockUnit: Adding unit drill-workbook-story-unit
[90mstdout[2m | src/components/PracticeDrill/PracticeDrillWorkbook.stories.tsx[2m > [22m[2mDefault
[22m[39m[MOCK CourseVectorStore] Initialized with mock data
[90mstdout[2m | src/components/PracticeDrill/PracticeDrillWorkbook.stories.tsx[2m > [22m[2mDefault
[22m[39m[TranslationModeController] Setting mode to: off
[90mstdout[2m | src/components/PracticeDrill/PracticeDrillWorkbook.stories.tsx[2m > [22m[2mDefault
[22m[39m[UnitContext] useEffect triggered {
  "authLoading": false,
  "hasUser": true,
  "id": "drill-workbook-story-unit",
  "userSub": "mock-user-sub",
}
[90mstdout[2m | src/components/PracticeDrill/PracticeDrillWorkbook.stories.tsx[2m > [22m[2mDefault
[22m[39m[UnitContext] Fetching unit data for id: drill-workbook-story-unit
[90mstdout[2m | src/components/PracticeDrill/PracticeDrillWorkbook.stories.tsx[2m > [22m[2mDefault
[22m[39m[FilesContext] Initializing vector store from IndexedDB
[90mstdout[2m | src/components/PracticeDrill/PracticeDrillWorkbook.stories.tsx[2m > [22m[2mDefault
[22m[39m[FilesContext] fetchFiles called
[90mstdout[2m | src/components/PracticeDrill/PracticeDrillWorkbook.stories.tsx[2m > [22m[2mDefault
[22m[39m[FilesContext] User authenticated: mock-user-sub
[90mstdout[2m | src/components/PracticeDrill/PracticeDrillWorkbook.stories.tsx[2m > [22m[2mDefault
[22m[39m[FilesContext] Identity ID: us-east-1:mock-identity-123
[90mstdout[2m | src/components/PracticeDrill/PracticeDrillWorkbook.stories.tsx[2m > [22m[2mDefault
[22m[39m[FilesContext] About to set up File observeQuery
[90mstdout[2m | src/components/PracticeDrill/PracticeDrillWorkbook.stories.tsx[2m > [22m[2mDefault
[22m[39m[ChatContext] Setting up AssistantChat observeQuery
[90mstdout[2m | src/components/PracticeDrill/PracticeDrillWorkbook.stories.tsx[2m > [22m[2mDefault
[22m[39m[ChatContext] Waiting for subscription to initialize
[90mstdout[2m | src/components/PracticeDrill/PracticeDrillWorkbook.stories.tsx[2m > [22m[2mDefault
[22m[39m[SettingsContext] Setting up Settings subscription for user: mock-user-sub
[90mstdout[2m | src/components/PracticeDrill/PracticeDrillWorkbook.stories.tsx[2m > [22m[2mDefault
[22m[39mQuestionBlockRo.grade {
  "_version": 1,
  "accuracy": null,
  "complete": false,
  "data": {},
  "id": "drill-grade-story-session-1",
}
[90mstdout[2m | src/components/PracticeDrill/PracticeDrillWorkbook.stories.tsx[2m > [22m[2mDefault
[22m[39m......!q {
  "answer": "Mitochondria",
  "correct": true,
}
[90mstdout[2m | src/components/PracticeDrill/PracticeDrillWorkbook.stories.tsx[2m > [22m[2mDefault
[22m[39m......!q {
  "answer": "Nucleus",
  "correct": false,
}
[90mstdout[2m | src/components/PracticeDrill/PracticeDrillWorkbook.stories.tsx[2m > [22m[2mDefault
[22m[39m......!q {
  "answer": "Ribosome",
  "correct": false,
}
[90mstdout[2m | src/components/PracticeDrill/PracticeDrillWorkbook.stories.tsx[2m > [22m[2mDefault
[22m[39m......!q {
  "answer": "Golgi apparatus",
  "correct": false,
}
[90mstdout[2m | src/components/PracticeDrill/PracticeDrillWorkbook.stories.tsx[2m > [22m[2mDefault
[22m[39mQuestionBlock.nodeKey 3 type: string
[90mstdout[2m | src/components/PracticeDrill/PracticeDrillWorkbook.stories.tsx[2m > [22m[2mDefault
[22m[39mQuestionBlock.questionContent [
  {
    "answer": "Mitochondria",
    "correct": true,
  },
  {
    "answer": "Nucleus",
    "correct": false,
  },
  {
    "answer": "Ribosome",
    "correct": false,
  },
  {
    "answer": "Golgi apparatus",
    "correct": false,
  },
]
[90mstdout[2m | src/components/PracticeDrill/PracticeDrillWorkbook.stories.tsx[2m > [22m[2mDefault
[22m[39mQuestionBlock.grade.data keys: []
[90mstdout[2m | src/components/PracticeDrill/PracticeDrillWorkbook.stories.tsx[2m > [22m[2mDefault
[22m[39mQuestionBlock.grade.data[nodeKey]: undefined
[90mstdout[2m | src/components/PracticeDrill/PracticeDrillWorkbook.stories.tsx[2m > [22m[2mDefault
[22m[39mQuestionBlockRo.inProgress {}
[90mstdout[2m | src/components/PracticeDrill/PracticeDrillWorkbook.stories.tsx[2m > [22m[2mDefault
[22m[39mEasy.nodeKey 11 type: string
[90mstdout[2m | src/components/PracticeDrill/PracticeDrillWorkbook.stories.tsx[2m > [22m[2mDefault
[22m[39mEasy.grade: {
  "_version": 1,
  "accuracy": null,
  "complete": false,
  "data": {},
  "id": "drill-grade-story-session-1",
}
[90mstdout[2m | src/components/PracticeDrill/PracticeDrillWorkbook.stories.tsx[2m > [22m[2mDefault
[22m[39mEasy.grade.data: {}
[90mstdout[2m | src/components/PracticeDrill/PracticeDrillWorkbook.stories.tsx[2m > [22m[2mDefault
[22m[39mEasy.grade.data === grade? false
[90mstdout[2m | src/components/PracticeDrill/PracticeDrillWorkbook.stories.tsx[2m > [22m[2mDefault
[22m[39mEasy.grade.data keys: []
[90mstdout[2m | src/components/PracticeDrill/PracticeDrillWorkbook.stories.tsx[2m > [22m[2mDefault
[22m[39mEasy.grade.data[nodeKey]: undefined
[90mstdout[2m | src/components/PracticeDrill/PracticeDrillWorkbook.stories.tsx[2m > [22m[2mDefault
[22m[39mEasy.inProgress {}
[90mstdout[2m | src/components/PracticeDrill/PracticeDrillWorkbook.stories.tsx[2m > [22m[2mDefault
[22m[39mHard.attemptedAnswers {}
[90mstdout[2m | src/components/PracticeDrill/PracticeDrillWorkbook.stories.tsx[2m > [22m[2mDefault
[22m[39mLearn._vocabulary []
[90mstdout[2m | src/components/PracticeDrill/PracticeDrillWorkbook.stories.tsx[2m > [22m[2mDefault
[22m[39mMeaningAssociationExercise._vocabulary []
[90mstdout[2m | src/components/PracticeDrill/PracticeDrillWorkbook.stories.tsx[2m > [22m[2mDefault
[22m[39mHard._vocabulary []
[90mstdout[2m | src/components/PracticeDrill/PracticeDrillWorkbook.stories.tsx[2m > [22m[2mDefault
[22m[39mEasy.nodeKey 11 type: string
[90mstdout[2m | src/components/PracticeDrill/PracticeDrillWorkbook.stories.tsx[2m > [22m[2mDefault
[22m[39mEasy.grade: {
  "_version": 1,
  "accuracy": null,
  "complete": false,
  "data": {},
  "id": "drill-grade-story-session-1",
}
[90mstdout[2m | src/components/PracticeDrill/PracticeDrillWorkbook.stories.tsx[2m > [22m[2mDefault
[22m[39mEasy.grade.data: {}
[90mstdout[2m | src/components/PracticeDrill/PracticeDrillWorkbook.stories.tsx[2m > [22m[2mDefault
[22m[39mEasy.grade.data === grade? false
[90mstdout[2m | src/components/PracticeDrill/PracticeDrillWorkbook.stories.tsx[2m > [22m[2mDefault
[22m[39mEasy.grade.data keys: []
[90mstdout[2m | src/components/PracticeDrill/PracticeDrillWorkbook.stories.tsx[2m > [22m[2mDefault
[22m[39mEasy.grade.data[nodeKey]: undefined
[90mstdout[2m | src/components/PracticeDrill/PracticeDrillWorkbook.stories.tsx[2m > [22m[2mDefault
[22m[39mEasy.inProgress {}
[90mstdout[2m | src/components/PracticeDrill/PracticeDrillWorkbook.stories.tsx[2m > [22m[2mDefault
[22m[39mHard.attemptedAnswers {}
[90mstdout[2m | src/components/PracticeDrill/PracticeDrillWorkbook.stories.tsx[2m > [22m[2mDefault
[22m[39m[Mock Data] Settings created: mock-settings-1790418769651 - notified 0 subscribers
[90mstdout[2m | src/components/PracticeDrill/PracticeDrillWorkbook.stories.tsx[2m > [22m[2mDefault
[22m[39m[Mock Data] Unit.onUpdate() subscription added. Total: 1
[90mstdout[2m | src/components/PracticeDrill/PracticeDrillWorkbook.stories.tsx[2m > [22m[2mDefault
[22m[39mQuestionBlockRo.grade {
  "_version": 1,
  "accuracy": null,
  "complete": false,
  "data": {},
  "id": "drill-grade-story-session-1",
}
[90mstdout[2m | src/components/PracticeDrill/PracticeDrillWorkbook.stories.tsx[2m > [22m[2mDefault
[22m[39m......!q {
  "answer": "Mitochondria",
  "correct": true,
}
[90mstdout[2m | src/components/PracticeDrill/PracticeDrillWorkbook.stories.tsx[2m > [22m[2mDefault
[22m[39m......!q {
  "answer": "Nucleus",
  "correct": false,
}
[90mstdout[2m | src/components/PracticeDrill/PracticeDrillWorkbook.stories.tsx[2m > [22m[2mDefault
[22m[39m......!q {
  "answer": "Ribosome",
  "correct": false,
}
[90mstdout[2m | src/components/PracticeDrill/PracticeDrillWorkbook.stories.tsx[2m > [22m[2mDefault
[22m[39m......!q {
  "answer": "Golgi apparatus",
  "correct": false,
}
[90mstdout[2m | src/components/PracticeDrill/PracticeDrillWorkbook.stories.tsx[2m > [22m[2mDefault
[22m[39mQuestionBlock.nodeKey 3 type: string
[90mstdout[2m | src/components/PracticeDrill/PracticeDrillWorkbook.stories.tsx[2m > [22m[2mDefault
[22m[39mQuestionBlock.questionContent [
  {
    "answer": "Mitochondria",
    "correct": true,
  },
  {
    "answer": "Nucleus",
    "correct": false,
  },
  {
    "answer": "Ribosome",
    "correct": false,
  },
  {
    "answer": "Golgi apparatus",
    "correct": false,
  },
]
[90mstdout[2m | src/components/PracticeDrill/PracticeDrillWorkbook.stories.tsx[2m > [22m[2mDefault
[22m[39mQuestionBlock.grade.data keys: []
[90mstdout[2m | src/components/PracticeDrill/PracticeDrillWorkbook.stories.tsx[2m > [22m[2mDefault
[22m[39mQuestionBlock.grade.data[nodeKey]: undefined
[90mstdout[2m | src/components/PracticeDrill/PracticeDrillWorkbook.stories.tsx[2m > [22m[2mDefault
[22m[39mQuestionBlockRo.inProgress {}
[90mstdout[2m | src/components/PracticeDrill/PracticeDrillWorkbook.stories.tsx[2m > [22m[2mDefault
[22m[39mEasy.nodeKey 11 type: string
[90mstdout[2m | src/components/PracticeDrill/PracticeDrillWorkbook.stories.tsx[2m > [22m[2mDefault
[22m[39mEasy.grade: {
  "_version": 1,
  "accuracy": null,
  "complete": false,
  "data": {},
  "id": "drill-grade-story-session-1",
}
[90mstdout[2m | src/components/PracticeDrill/PracticeDrillWorkbook.stories.tsx[2m > [22m[2mDefault
[22m[39mEasy.grade.data: {}
[90mstdout[2m | src/components/PracticeDrill/PracticeDrillWorkbook.stories.tsx[2m > [22m[2mDefault
[22m[39mEasy.grade.data === grade? false
[90mstdout[2m | src/components/PracticeDrill/PracticeDrillWorkbook.stories.tsx[2m > [22m[2mDefault
[22m[39mEasy.grade.data keys: []
[90mstdout[2m | src/components/PracticeDrill/PracticeDrillWorkbook.stories.tsx[2m > [22m[2mDefault
[22m[39mEasy.grade.data[nodeKey]: undefined
[90mstdout[2m | src/components/PracticeDrill/PracticeDrillWorkbook.stories.tsx[2m > [22m[2mDefault
[22m[39mEasy.inProgress {}
[90mstdout[2m | src/components/PracticeDrill/PracticeDrillWorkbook.stories.tsx[2m > [22m[2mDefault
[22m[39mHard.attemptedAnswers {}
[90mstdout[2m | src/components/PracticeDrill/PracticeDrillWorkbook.stories.tsx[2m > [22m[2mDefault
[22m[39m[SectionContext] Section observeQuery update: 0
[90mstdout[2m | src/components/PracticeDrill/PracticeDrillWorkbook.stories.tsx[2m > [22m[2mDefault
[22m[39m[FilesContext] File observeQuery update: 0 files
[90mstdout[2m | src/components/PracticeDrill/PracticeDrillWorkbook.stories.tsx[2m > [22m[2mDefault
[22m[39m[ChatContext] AssistantChat initialized with 0 chats
[90mstdout[2m | src/components/PracticeDrill/PracticeDrillWorkbook.stories.tsx[2m > [22m[2mDefault
[22m[39m[MOCK CourseVectorStore] Initialized with mock data
[90mstdout[2m | src/components/PracticeDrill/PracticeDrillWorkbook.stories.tsx[2m > [22m[2mDefault
[22m[39mQuestionBlockRo.grade {
  "_version": 1,
  "accuracy": null,
  "complete": false,
  "data": {},
  "id": "drill-grade-story-session-1",
}
[90mstdout[2m | src/components/PracticeDrill/PracticeDrillWorkbook.stories.tsx[2m > [22m[2mDefault
[22m[39m......!q {
  "answer": "Mitochondria",
  "correct": true,
}
[90mstdout[2m | src/components/PracticeDrill/PracticeDrillWorkbook.stories.tsx[2m > [22m[2mDefault
[22m[39m......!q {
  "answer": "Nucleus",
  "correct": false,
}
[90mstdout[2m | src/components/PracticeDrill/PracticeDrillWorkbook.stories.tsx[2m > [22m[2mDefault
[22m[39m......!q {
  "answer": "Ribosome",
  "correct": false,
}
[90mstdout[2m | src/components/PracticeDrill/PracticeDrillWorkbook.stories.tsx[2m > [22m[2mDefault
[22m[39m......!q {
  "answer": "Golgi apparatus",
  "correct": false,
}
[90mstdout[2m | src/components/PracticeDrill/PracticeDrillWorkbook.stories.tsx[2m > [22m[2mDefault
[22m[39mQuestionBlock.nodeKey 3 type: string
[90mstdout[2m | src/components/PracticeDrill/PracticeDrillWorkbook.stories.tsx[2m > [22m[2mDefault
[22m[39mQuestionBlock.questionContent [
  {
    "answer": "Mitochondria",
    "correct": true,
  },
  {
    "answer": "Nucleus",
    "correct": false,
  },
  {
    "answer": "Ribosome",
    "correct": false,
  },
  {
    "answer": "Golgi apparatus",
    "correct": false,
  },
]
[90mstdout[2m | src/components/PracticeDrill/PracticeDrillWorkbook.stories.tsx[2m > [22m[2mDefault
[22m[39mQuestionBlock.grade.data keys: []
[90mstdout[2m | src/components/PracticeDrill/PracticeDrillWorkbook.stories.tsx[2m > [22m[2mDefault
[22m[39mQuestionBlock.grade.data[nodeKey]: undefined
[90mstdout[2m | src/components/PracticeDrill/PracticeDrillWorkbook.stories.tsx[2m > [22m[2mDefault
[22m[39mQuestionBlockRo.inProgress {}
[90mstdout[2m | src/components/PracticeDrill/PracticeDrillWorkbook.stories.tsx[2m > [22m[2mDefault
[22m[39mEasy.nodeKey 11 type: string
[90mstdout[2m | src/components/PracticeDrill/PracticeDrillWorkbook.stories.tsx[2m > [22m[2mDefault
[22m[39mEasy.grade: {
  "_version": 1,
  "accuracy": null,
  "complete": false,
  "data": {},
  "id": "drill-grade-story-session-1",
}
[90mstdout[2m | src/components/PracticeDrill/PracticeDrillWorkbook.stories.tsx[2m > [22m[2mDefault
[22m[39mEasy.grade.data: {}
[90mstdout[2m | src/components/PracticeDrill/PracticeDrillWorkbook.stories.tsx[2m > [22m[2mDefault
[22m[39mEasy.grade.data === grade? false
[90mstdout[2m | src/components/PracticeDrill/PracticeDrillWorkbook.stories.tsx[2m > [22m[2mDefault
[22m[39mEasy.grade.data keys: []
[90mstdout[2m | src/components/PracticeDrill/PracticeDrillWorkbook.stories.tsx[2m > [22m[2mDefault
[22m[39mEasy.grade.data[nodeKey]: undefined
[90mstdout[2m | src/components/PracticeDrill/PracticeDrillWorkbook.stories.tsx[2m > [22m[2mDefault
[22m[39mEasy.inProgress {}
[90mstdout[2m | src/components/PracticeDrill/PracticeDrillWorkbook.stories.tsx[2m > [22m[2mDefault
[22m[39mHard.attemptedAnswers {}
[90mstdout[2m | src/components/PracticeDrill/PracticeDrillWorkbook.stories.tsx[2m > [22m[2mDefault
[22m[39mLearn._vocabulary []
[90mstdout[2m | src/components/PracticeDrill/PracticeDrillWorkbook.stories.tsx[2m > [22m[2mDefault
[22m[39mMeaningAssociationExercise._vocabulary []
[90mstdout[2m | src/components/PracticeDrill/PracticeDrillWorkbook.stories.tsx[2m > [22m[2mDefault
[22m[39mHard._vocabulary []
[90mstdout[2m | src/components/PracticeDrill/PracticeDrillWorkbook.stories.tsx[2m > [22m[2mDefault
[22m[39m[ChatContext] No current chat available, will create one
[90mstdout[2m | src/components/PracticeDrill/PracticeDrillWorkbook.stories.tsx[2m > [22m[2mDefault
[22m[39m[ChatContext] Creating AssistantChat with user: undefined
[90mstdout[2m | src/components/PracticeDrill/PracticeDrillWorkbook.stories.tsx[2m > [22m[2mDefault
[22m[39m[Mock Data] AssistantChat created: mock-assistantchat-1790418769807 - notified 1 subscribers
[90mstdout[2m | src/components/PracticeDrill/PracticeDrillWorkbook.stories.tsx[2m > [22m[2mDefault
[22m[39mEasy.nodeKey 11 type: string
[90mstdout[2m | src/components/PracticeDrill/PracticeDrillWorkbook.stories.tsx[2m > [22m[2mDefault
[22m[39mEasy.grade: {
  "_version": 1,
  "accuracy": null,
  "complete": false,
  "data": {},
  "id": "drill-grade-story-session-1",
}
[90mstdout[2m | src/components/PracticeDrill/PracticeDrillWorkbook.stories.tsx[2m > [22m[2mDefault
[22m[39mEasy.grade.data: {}
[90mstdout[2m | src/components/PracticeDrill/PracticeDrillWorkbook.stories.tsx[2m > [22m[2mDefault
[22m[39mEasy.grade.data === grade? false
[90mstdout[2m | src/components/PracticeDrill/PracticeDrillWorkbook.stories.tsx[2m > [22m[2mDefault
[22m[39mEasy.grade.data keys: []
[90mstdout[2m | src/components/PracticeDrill/PracticeDrillWorkbook.stories.tsx[2m > [22m[2mDefault
[22m[39mEasy.grade.data[nodeKey]: undefined
[90mstdout[2m | src/components/PracticeDrill/PracticeDrillWorkbook.stories.tsx[2m > [22m[2mDefault
[22m[39mEasy.inProgress {}
[90mstdout[2m | src/components/PracticeDrill/PracticeDrillWorkbook.stories.tsx[2m > [22m[2mDefault
[22m[39mHard.attemptedAnswers {}
[90mstdout[2m | src/components/PracticeDrill/PracticeDrillWorkbook.stories.tsx[2m > [22m[2mDefault
[22m[39mQuestionBlockRo.grade {
  "_version": 1,
  "accuracy": null,
  "complete": false,
  "data": {},
  "id": "drill-grade-story-session-1",
}
[90mstdout[2m | src/components/PracticeDrill/PracticeDrillWorkbook.stories.tsx[2m > [22m[2mDefault
[22m[39m......!q {
  "answer": "Mitochondria",
  "correct": true,
}
[90mstdout[2m | src/components/PracticeDrill/PracticeDrillWorkbook.stories.tsx[2m > [22m[2mDefault
[22m[39m......!q {
  "answer": "Nucleus",
  "correct": false,
}
[90mstdout[2m | src/components/PracticeDrill/PracticeDrillWorkbook.stories.tsx[2m > [22m[2mDefault
[22m[39m......!q {
  "answer": "Ribosome",
  "correct": false,
}
[90mstdout[2m | src/components/PracticeDrill/PracticeDrillWorkbook.stories.tsx[2m > [22m[2mDefault
[22m[39m......!q {
  "answer": "Golgi apparatus",
  "correct": false,
}
[90mstdout[2m | src/components/PracticeDrill/PracticeDrillWorkbook.stories.tsx[2m > [22m[2mDefault
[22m[39mQuestionBlock.nodeKey 14 type: string
[90mstdout[2m | src/components/PracticeDrill/PracticeDrillWorkbook.stories.tsx[2m > [22m[2mDefault
[22m[39mQuestionBlock.questionContent [
  {
    "answer": "Mitochondria",
    "correct": true,
  },
  {
    "answer": "Nucleus",
    "correct": false,
  },
  {
    "answer": "Ribosome",
    "correct": false,
  },
  {
    "answer": "Golgi apparatus",
    "correct": false,
  },
]
[90mstdout[2m | src/components/PracticeDrill/PracticeDrillWorkbook.stories.tsx[2m > [22m[2mDefault
[22m[39mQuestionBlock.grade.data keys: []
[90mstdout[2m | src/components/PracticeDrill/PracticeDrillWorkbook.stories.tsx[2m > [22m[2mDefault
[22m[39mQuestionBlock.grade.data[nodeKey]: undefined
[90mstdout[2m | src/components/PracticeDrill/PracticeDrillWorkbook.stories.tsx[2m > [22m[2mDefault
[22m[39mQuestionBlockRo.inProgress {}
[90mstdout[2m | src/components/PracticeDrill/PracticeDrillWorkbook.stories.tsx[2m > [22m[2mDefault
[22m[39mEasy.nodeKey 22 type: string
[90mstdout[2m | src/components/PracticeDrill/PracticeDrillWorkbook.stories.tsx[2m > [22m[2mDefault
[22m[39mEasy.grade: {
  "_version": 1,
  "accuracy": null,
  "complete": false,
  "data": {},
  "id": "drill-grade-story-session-1",
}
[90mstdout[2m | src/components/PracticeDrill/PracticeDrillWorkbook.stories.tsx[2m > [22m[2mDefault
[22m[39mEasy.grade.data: {}
[90mstdout[2m | src/components/PracticeDrill/PracticeDrillWorkbook.stories.tsx[2m > [22m[2mDefault
[22m[39mEasy.grade.data === grade? false
[90mstdout[2m | src/components/PracticeDrill/PracticeDrillWorkbook.stories.tsx[2m > [22m[2mDefault
[22m[39mEasy.grade.data keys: []
[90mstdout[2m | src/components/PracticeDrill/PracticeDrillWorkbook.stories.tsx[2m > [22m[2mDefault
[22m[39mEasy.grade.data[nodeKey]: undefined
[90mstdout[2m | src/components/PracticeDrill/PracticeDrillWorkbook.stories.tsx[2m > [22m[2mDefault
[22m[39mEasy.inProgress {}
[90mstdout[2m | src/components/PracticeDrill/PracticeDrillWorkbook.stories.tsx[2m > [22m[2mDefault
[22m[39mHard.attemptedAnswers {}
[90mstdout[2m | src/components/PracticeDrill/PracticeDrillWorkbook.stories.tsx[2m > [22m[2mDefault
[22m[39mLearn._vocabulary [
  {
    "_version": 1,
    "definition": "Process of converting light to energy",
    "id": "word-3",
    "owner": "mock-user-sub",
    "phrase": "Photosynthesis",
    "pronunciation": "foh-toh-SIN-thuh-sis",
  },
  {
    "_version": 1,
    "definition": "Process of converting glucose to ATP",
    "id": "word-4",
    "owner": "mock-user-sub",
    "phrase": "Respiration",
    "pronunciation": "res-puh-RAY-shun",
  },
  {
    "_version": 1,
    "definition": "Movement of water across a membrane",
    "id": "word-5",
    "owner": "mock-user-sub",
    "phrase": "Osmosis",
    "pronunciation": "oz-MOH-sis",
  },
]
[90mstdout[2m | src/components/PracticeDrill/PracticeDrillWorkbook.stories.tsx[2m > [22m[2mDefault
[22m[39mMeaningAssociationExercise._vocabulary [
  {
    "_version": 1,
    "definition": "Process of converting light to energy",
    "id": "word-3",
    "owner": "mock-user-sub",
    "phrase": "Photosynthesis",
    "pronunciation": "foh-toh-SIN-thuh-sis",
  },
  {
    "_version": 1,
    "definition": "Process of converting glucose to ATP",
    "id": "word-4",
    "owner": "mock-user-sub",
    "phrase": "Respiration",
    "pronunciation": "res-puh-RAY-shun",
  },
  {
    "_version": 1,
    "definition": "Movement of water across a membrane",
    "id": "word-5",
    "owner": "mock-user-sub",
    "phrase": "Osmosis",
    "pronunciation": "oz-MOH-sis",
  },
]
[90mstdout[2m | src/components/PracticeDrill/PracticeDrillWorkbook.stories.tsx[2m > [22m[2mDefault
[22m[39mHard._vocabulary [
  {
    "_version": 1,
    "definition": "Process of converting light to energy",
    "id": "word-3",
    "owner": "mock-user-sub",
    "phrase": "Photosynthesis",
    "pronunciation": "foh-toh-SIN-thuh-sis",
  },
  {
    "_version": 1,
    "definition": "Process of converting glucose to ATP",
    "id": "word-4",
    "owner": "mock-user-sub",
    "phrase": "Respiration",
    "pronunciation": "res-puh-RAY-shun",
  },
  {
    "_version": 1,
    "definition": "Movement of water across a membrane",
    "id": "word-5",
    "owner": "mock-user-sub",
    "phrase": "Osmosis",
    "pronunciation": "oz-MOH-sis",
  },
]
[90mstdout[2m | src/components/PracticeDrill/PracticeDrillWorkbook.stories.tsx[2m > [22m[2mDefault
[22m[39mEasy.nodeKey 22 type: string
[90mstdout[2m | src/components/PracticeDrill/PracticeDrillWorkbook.stories.tsx[2m > [22m[2mDefault
[22m[39mEasy.grade: {
  "_version": 1,
  "accuracy": null,
  "complete": false,
  "data": {},
  "id": "drill-grade-story-session-1",
}
[90mstdout[2m | src/components/PracticeDrill/PracticeDrillWorkbook.stories.tsx[2m > [22m[2mDefault
[22m[39mEasy.grade.data: {}
[90mstdout[2m | src/components/PracticeDrill/PracticeDrillWorkbook.stories.tsx[2m > [22m[2mDefault
[22m[39mEasy.grade.data === grade? false
[90mstdout[2m | src/components/PracticeDrill/PracticeDrillWorkbook.stories.tsx[2m > [22m[2mDefault
[22m[39mEasy.grade.data keys: []
[90mstdout[2m | src/components/PracticeDrill/PracticeDrillWorkbook.stories.tsx[2m > [22m[2mDefault
[22m[39mEasy.grade.data[nodeKey]: undefined
[90mstdout[2m | src/components/PracticeDrill/PracticeDrillWorkbook.stories.tsx[2m > [22m[2mDefault
[22m[39mEasy.inProgress {}
[90mstdout[2m | src/components/PracticeDrill/PracticeDrillWorkbook.stories.tsx[2m > [22m[2mDefault
[22m[39mHard.attemptedAnswers {}
[90mstdout[2m | src/components/PracticeDrill/PracticeDrillWorkbook.stories.tsx[2m > [22m[2mDefault
[22m[39m[ChatContext] Create result: {
  "data": {
    "_version": 1,
    "archived": false,
    "chatFiles": [Function anonymous],
    "createdAt": "2026-09-26T10:32:49.807Z",
    "id": "mock-assistantchat-1790418769807",
    "model": "gpt-4",
    "updatedAt": "2026-09-26T10:32:49.807Z",
  },
  "errors": [],
  "hasData": true,
  "hasErrors": true,
}
[90mstdout[2m | src/components/PracticeDrill/PracticeDrillWorkbook.stories.tsx[2m > [22m[2mDefault
[22m[39m[ChatContext] Created AssistantChat: mock-assistantchat-1790418769807 at: 2026-09-26T10:32:49.807Z
[90mstdout[2m | src/components/PracticeDrill/PracticeDrillWorkbook.stories.tsx[2m > [22m[2mDefault
[22m[39m[Mock Storage] downloadData called with: undefined
[90mstdout[2m | src/components/PracticeDrill/PracticeDrillWorkbook.stories.tsx[2m > [22m[2mDefault
[22m[39m[ChatContext] Setting initial chat: mock-assistantchat-1790418769807
[90mstdout[2m | src/components/PracticeDrill/PracticeDrillWorkbook.stories.tsx[2m > [22m[2mDefault
[22m[39m[ChatContext] Chat exists and not archived, skipping creation
[90mstdout[2m | src/components/PracticeDrill/PracticeDrillWorkbook.stories.tsx[2m > [22m[2mDefault
[22m[39mEasy.nodeKey 22 type: string
[90mstdout[2m | src/components/PracticeDrill/PracticeDrillWorkbook.stories.tsx[2m > [22m[2mDefault
[22m[39mEasy.grade: {
  "_version": 1,
  "accuracy": null,
  "complete": false,
  "data": {},
  "id": "drill-grade-story-session-1",
}
[90mstdout[2m | src/components/PracticeDrill/PracticeDrillWorkbook.stories.tsx[2m > [22m[2mDefault
[22m[39mEasy.grade.data: {}
[90mstdout[2m | src/components/PracticeDrill/PracticeDrillWorkbook.stories.tsx[2m > [22m[2mDefault
[22m[39mEasy.grade.data === grade? false
[90mstdout[2m | src/components/PracticeDrill/PracticeDrillWorkbook.stories.tsx[2m > [22m[2mDefault
[22m[39mEasy.grade.data keys: []
[90mstdout[2m | src/components/PracticeDrill/PracticeDrillWorkbook.stories.tsx[2m > [22m[2mDefault
[22m[39mEasy.grade.data[nodeKey]: undefined
[90mstdout[2m | src/components/PracticeDrill/PracticeDrillWorkbook.stories.tsx[2m > [22m[2mDefault
[22m[39mEasy.inProgress {}
[90mstdout[2m | src/components/PracticeDrill/PracticeDrillWorkbook.stories.tsx[2m > [22m[2mDefault
[22m[39mHard.attemptedAnswers {}
[90mstdout[2m | src/components/PracticeDrill/PracticeDrillWorkbook.stories.tsx[2m > [22m[2mEmpty
[22m[39m[ChatContext] Cleaning up subscriptions
[90mstdout[2m | src/components/PracticeDrill/PracticeDrillWorkbook.stories.tsx[2m > [22m[2mEmpty
[22m[39m[Mock Data] Unit.onUpdate() subscription removed. Remaining: 0
[90mstdout[2m | src/components/PracticeDrill/PracticeDrillWorkbook.stories.tsx[2m > [22m[2mEmpty
[22m[39m[Preview] Skipped initializing default mock data (initializeMockData=false)
[90mstdout[2m | src/components/PracticeDrill/PracticeDrillWorkbook.stories.tsx[2m > [22m[2mEmpty
[22m[39m[Mock Data] seedMockWords: Adding 5 words
[90mstdout[2m | src/components/PracticeDrill/PracticeDrillWorkbook.stories.tsx[2m > [22m[2mEmpty
[22m[39m[Mock Data] seedMockUnit: Adding unit drill-workbook-story-unit
[90mstdout[2m | src/components/PracticeDrill/PracticeDrillWorkbook.stories.tsx[2m > [22m[2mEmpty
[22m[39m[MOCK CourseVectorStore] Initialized with mock data
[90mstdout[2m | src/components/PracticeDrill/PracticeDrillWorkbook.stories.tsx[2m > [22m[2mEmpty
[22m[39m[TranslationModeController] Setting mode to: off
[90mstdout[2m | src/components/PracticeDrill/PracticeDrillWorkbook.stories.tsx[2m > [22m[2mEmpty
[22m[39m[UnitContext] useEffect triggered {
  "authLoading": false,
  "hasUser": true,
  "id": "drill-workbook-story-unit",
  "userSub": "mock-user-sub",
}
[90mstdout[2m | src/components/PracticeDrill/PracticeDrillWorkbook.stories.tsx[2m > [22m[2mEmpty
[22m[39m[UnitContext] Fetching unit data for id: drill-workbook-story-unit
[90mstdout[2m | src/components/PracticeDrill/PracticeDrillWorkbook.stories.tsx[2m > [22m[2mEmpty
[22m[39m[FilesContext] Initializing vector store from IndexedDB
[90mstdout[2m | src/components/PracticeDrill/PracticeDrillWorkbook.stories.tsx[2m > [22m[2mEmpty
[22m[39m[FilesContext] fetchFiles called
[90mstdout[2m | src/components/PracticeDrill/PracticeDrillWorkbook.stories.tsx[2m > [22m[2mEmpty
[22m[39m[FilesContext] User authenticated: mock-user-sub
[90mstdout[2m | src/components/PracticeDrill/PracticeDrillWorkbook.stories.tsx[2m > [22m[2mEmpty
[22m[39m[FilesContext] Identity ID: us-east-1:mock-identity-123
[90mstdout[2m | src/components/PracticeDrill/PracticeDrillWorkbook.stories.tsx[2m > [22m[2mEmpty
[22m[39m[FilesContext] About to set up File observeQuery
[90mstdout[2m | src/components/PracticeDrill/PracticeDrillWorkbook.stories.tsx[2m > [22m[2mEmpty
[22m[39m[ChatContext] Setting up AssistantChat observeQuery
[90mstdout[2m | src/components/PracticeDrill/PracticeDrillWorkbook.stories.tsx[2m > [22m[2mEmpty
[22m[39m[ChatContext] Waiting for subscription to initialize
[90mstdout[2m | src/components/PracticeDrill/PracticeDrillWorkbook.stories.tsx[2m > [22m[2mEmpty
[22m[39m[SettingsContext] Setting up Settings subscription for user: mock-user-sub
[90mstdout[2m | src/components/PracticeDrill/PracticeDrillWorkbook.stories.tsx[2m > [22m[2mEmpty
[22m[39m[Mock Data] Settings created: mock-settings-1790418770285 - notified 0 subscribers
[90mstdout[2m | src/components/PracticeDrill/PracticeDrillWorkbook.stories.tsx[2m > [22m[2mEmpty
[22m[39m[Mock Data] Unit.onUpdate() subscription added. Total: 1
[90mstdout[2m | src/components/PracticeDrill/PracticeDrillWorkbook.stories.tsx[2m > [22m[2mEmpty
[22m[39m[SectionContext] Section observeQuery update: 0
[90mstdout[2m | src/components/PracticeDrill/PracticeDrillWorkbook.stories.tsx[2m > [22m[2mEmpty
[22m[39m[Mock Storage] downloadData called with: undefined
[90mstdout[2m | src/components/PracticeDrill/PracticeDrillWorkbook.stories.tsx[2m > [22m[2mEmpty
[22m[39m[FilesContext] File observeQuery update: 0 files
[90mstdout[2m | src/components/PracticeDrill/PracticeDrillWorkbook.stories.tsx[2m > [22m[2mEmpty
[22m[39m[ChatContext] AssistantChat initialized with 0 chats
[90mstdout[2m | src/components/PracticeDrill/PracticeDrillWorkbook.stories.tsx[2m > [22m[2mEmpty
[22m[39m[MOCK CourseVectorStore] Initialized with mock data
[90mstdout[2m | src/components/PracticeDrill/PracticeDrillWorkbook.stories.tsx[2m > [22m[2mEmpty
[22m[39m[ChatContext] No current chat available, will create one
[90mstdout[2m | src/components/PracticeDrill/PracticeDrillWorkbook.stories.tsx[2m > [22m[2mEmpty
[22m[39m[ChatContext] Creating AssistantChat with user: undefined
[90mstdout[2m | src/components/PracticeDrill/PracticeDrillWorkbook.stories.tsx[2m > [22m[2mEmpty
[22m[39m[Mock Data] AssistantChat created: mock-assistantchat-1790418770300 - notified 1 subscribers
[90mstdout[2m | src/components/PracticeDrill/PracticeDrillWorkbook.stories.tsx[2m > [22m[2mEmpty
[22m[39m[ChatContext] Create result: {
  "data": {
    "_version": 1,
    "archived": false,
    "chatFiles": [Function anonymous],
    "createdAt": "2026-09-26T10:32:50.300Z",
    "id": "mock-assistantchat-1790418770300",
    "model": "gpt-4",
    "updatedAt": "2026-09-26T10:32:50.300Z",
  },
  "errors": [],
  "hasData": true,
  "hasErrors": true,
}
[90mstdout[2m | src/components/PracticeDrill/PracticeDrillWorkbook.stories.tsx[2m > [22m[2mEmpty
[22m[39m[ChatContext] Created AssistantChat: mock-assistantchat-1790418770300 at: 2026-09-26T10:32:50.300Z
[90mstdout[2m | src/components/PracticeDrill/PracticeDrillWorkbook.stories.tsx[2m > [22m[2mEmpty
[22m[39m[ChatContext] Setting initial chat: mock-assistantchat-1790418770300
[90mstdout[2m | src/components/PracticeDrill/PracticeDrillWorkbook.stories.tsx[2m > [22m[2mEmpty
[22m[39m[ChatContext] Chat exists and not archived, skipping creation
[90mstdout[2m | src/components/PracticeDrill/PracticeDrillWorkbook.stories.tsx[2m > [22m[2mWith Document Refs
[22m[39m[ChatContext] Cleaning up subscriptions
[90mstdout[2m | src/components/PracticeDrill/PracticeDrillWorkbook.stories.tsx[2m > [22m[2mWith Document Refs
[22m[39m[Mock Data] Unit.onUpdate() subscription removed. Remaining: 0
[90mstdout[2m | src/components/PracticeDrill/PracticeDrillWorkbook.stories.tsx[2m > [22m[2mWith Document Refs
[22m[39m[Preview] Skipped initializing default mock data (initializeMockData=false)
[90mstdout[2m | src/components/PracticeDrill/PracticeDrillWorkbook.stories.tsx[2m > [22m[2mWith Document Refs
[22m[39m[Mock Data] seedMockWords: Adding 5 words
[90mstdout[2m | src/components/PracticeDrill/PracticeDrillWorkbook.stories.tsx[2m > [22m[2mWith Document Refs
[22m[39m[Mock Data] seedMockUnit: Adding unit drill-workbook-story-unit
[90mstdout[2m | src/components/PracticeDrill/PracticeDrillWorkbook.stories.tsx[2m > [22m[2mWith Document Refs
[22m[39m[MOCK CourseVectorStore] Initialized with mock data
[90mstdout[2m | src/components/PracticeDrill/PracticeDrillWorkbook.stories.tsx[2m > [22m[2mWith Document Refs
[22m[39m[TranslationModeController] Setting mode to: off
[90mstdout[2m | src/components/PracticeDrill/PracticeDrillWorkbook.stories.tsx[2m > [22m[2mWith Document Refs
[22m[39m[UnitContext] useEffect triggered {
  "authLoading": false,
  "hasUser": true,
  "id": "drill-workbook-story-unit",
  "userSub": "mock-user-sub",
}
[90mstdout[2m | src/components/PracticeDrill/PracticeDrillWorkbook.stories.tsx[2m > [22m[2mWith Document Refs
[22m[39m[UnitContext] Fetching unit data for id: drill-workbook-story-unit
[90mstdout[2m | src/components/PracticeDrill/PracticeDrillWorkbook.stories.tsx[2m > [22m[2mWith Document Refs
[22m[39m[FilesContext] Initializing vector store from IndexedDB
[90mstdout[2m | src/components/PracticeDrill/PracticeDrillWorkbook.stories.tsx[2m > [22m[2mWith Document Refs
[22m[39m[FilesContext] fetchFiles called
[90mstdout[2m | src/components/PracticeDrill/PracticeDrillWorkbook.stories.tsx[2m > [22m[2mWith Document Refs
[22m[39m[FilesContext] User authenticated: mock-user-sub
[90mstdout[2m | src/components/PracticeDrill/PracticeDrillWorkbook.stories.tsx[2m > [22m[2mWith Document Refs
[22m[39m[FilesContext] Identity ID: us-east-1:mock-identity-123
[90mstdout[2m | src/components/PracticeDrill/PracticeDrillWorkbook.stories.tsx[2m > [22m[2mWith Document Refs
[22m[39m[FilesContext] About to set up File observeQuery
[90mstdout[2m | src/components/PracticeDrill/PracticeDrillWorkbook.stories.tsx[2m > [22m[2mWith Document Refs
[22m[39m[ChatContext] Setting up AssistantChat observeQuery
[90mstdout[2m | src/components/PracticeDrill/PracticeDrillWorkbook.stories.tsx[2m > [22m[2mWith Document Refs
[22m[39m[ChatContext] Waiting for subscription to initialize
[90mstdout[2m | src/components/PracticeDrill/PracticeDrillWorkbook.stories.tsx[2m > [22m[2mWith Document Refs
[22m[39m[SettingsContext] Setting up Settings subscription for user: mock-user-sub
[90mstdout[2m | src/components/PracticeDrill/PracticeDrillWorkbook.stories.tsx[2m > [22m[2mWith Document Refs
[22m[39mQuestionBlockRo.grade {
  "_version": 1,
  "accuracy": null,
  "complete": false,
  "data": {},
  "id": "drill-grade-story-session-5",
}
[90mstdout[2m | src/components/PracticeDrill/PracticeDrillWorkbook.stories.tsx[2m > [22m[2mWith Document Refs
[22m[39m......!q {
  "answer": "Mitochondria",
  "correct": true,
}
[90mstdout[2m | src/components/PracticeDrill/PracticeDrillWorkbook.stories.tsx[2m > [22m[2mWith Document Refs
[22m[39m......!q {
  "answer": "Nucleus",
  "correct": false,
}
[90mstdout[2m | src/components/PracticeDrill/PracticeDrillWorkbook.stories.tsx[2m > [22m[2mWith Document Refs
[22m[39m......!q {
  "answer": "Ribosome",
  "correct": false,
}
[90mstdout[2m | src/components/PracticeDrill/PracticeDrillWorkbook.stories.tsx[2m > [22m[2mWith Document Refs
[22m[39m......!q {
  "answer": "Golgi apparatus",
  "correct": false,
}
[90mstdout[2m | src/components/PracticeDrill/PracticeDrillWorkbook.stories.tsx[2m > [22m[2mWith Document Refs
[22m[39mQuestionBlock.nodeKey 27 type: string
[90mstdout[2m | src/components/PracticeDrill/PracticeDrillWorkbook.stories.tsx[2m > [22m[2mWith Document Refs
[22m[39mQuestionBlock.questionContent [
  {
    "answer": "Mitochondria",
    "correct": true,
  },
  {
    "answer": "Nucleus",
    "correct": false,
  },
  {
    "answer": "Ribosome",
    "correct": false,
  },
  {
    "answer": "Golgi apparatus",
    "correct": false,
  },
]
[90mstdout[2m | src/components/PracticeDrill/PracticeDrillWorkbook.stories.tsx[2m > [22m[2mWith Document Refs
[22m[39mQuestionBlock.grade.data keys: []
[90mstdout[2m | src/components/PracticeDrill/PracticeDrillWorkbook.stories.tsx[2m > [22m[2mWith Document Refs
[22m[39mQuestionBlock.grade.data[nodeKey]: undefined
[90mstdout[2m | src/components/PracticeDrill/PracticeDrillWorkbook.stories.tsx[2m > [22m[2mWith Document Refs
[22m[39mQuestionBlockRo.inProgress {}
[90mstdout[2m | src/components/PracticeDrill/PracticeDrillWorkbook.stories.tsx[2m > [22m[2mWith Document Refs
[22m[39m[Mock Data] Settings created: mock-settings-1790418770497 - notified 0 subscribers
[90mstdout[2m | src/components/PracticeDrill/PracticeDrillWorkbook.stories.tsx[2m > [22m[2mWith Document Refs
[22m[39m[Mock Data] Unit.onUpdate() subscription added. Total: 1
[90mstdout[2m | src/components/PracticeDrill/PracticeDrillWorkbook.stories.tsx[2m > [22m[2mWith Document Refs
[22m[39mQuestionBlockRo.grade {
  "_version": 1,
  "accuracy": null,
  "complete": false,
  "data": {},
  "id": "drill-grade-story-session-5",
}
[90mstdout[2m | src/components/PracticeDrill/PracticeDrillWorkbook.stories.tsx[2m > [22m[2mWith Document Refs
[22m[39m......!q {
  "answer": "Mitochondria",
  "correct": true,
}
[90mstdout[2m | src/components/PracticeDrill/PracticeDrillWorkbook.stories.tsx[2m > [22m[2mWith Document Refs
[22m[39m......!q {
  "answer": "Nucleus",
  "correct": false,
}
[90mstdout[2m | src/components/PracticeDrill/PracticeDrillWorkbook.stories.tsx[2m > [22m[2mWith Document Refs
[22m[39m......!q {
  "answer": "Ribosome",
  "correct": false,
}
[90mstdout[2m | src/components/PracticeDrill/PracticeDrillWorkbook.stories.tsx[2m > [22m[2mWith Document Refs
[22m[39m......!q {
  "answer": "Golgi apparatus",
  "correct": false,
}
[90mstdout[2m | src/components/PracticeDrill/PracticeDrillWorkbook.stories.tsx[2m > [22m[2mWith Document Refs
[22m[39mQuestionBlock.nodeKey 27 type: string
[90mstdout[2m | src/components/PracticeDrill/PracticeDrillWorkbook.stories.tsx[2m > [22m[2mWith Document Refs
[22m[39mQuestionBlock.questionContent [
  {
    "answer": "Mitochondria",
    "correct": true,
  },
  {
    "answer": "Nucleus",
    "correct": false,
  },
  {
    "answer": "Ribosome",
    "correct": false,
  },
  {
    "answer": "Golgi apparatus",
    "correct": false,
  },
]
[90mstdout[2m | src/components/PracticeDrill/PracticeDrillWorkbook.stories.tsx[2m > [22m[2mWith Document Refs
[22m[39mQuestionBlock.grade.data keys: []
[90mstdout[2m | src/components/PracticeDrill/PracticeDrillWorkbook.stories.tsx[2m > [22m[2mWith Document Refs
[22m[39mQuestionBlock.grade.data[nodeKey]: undefined
[90mstdout[2m | src/components/PracticeDrill/PracticeDrillWorkbook.stories.tsx[2m > [22m[2mWith Document Refs
[22m[39mQuestionBlockRo.inProgress {}
[90mstdout[2m | src/components/PracticeDrill/PracticeDrillWorkbook.stories.tsx[2m > [22m[2mWith Document Refs
[22m[39m[SectionContext] Section observeQuery update: 0
[90mstdout[2m | src/components/PracticeDrill/PracticeDrillWorkbook.stories.tsx[2m > [22m[2mWith Document Refs
[22m[39m[FilesContext] File observeQuery update: 0 files
[90mstdout[2m | src/components/PracticeDrill/PracticeDrillWorkbook.stories.tsx[2m > [22m[2mWith Document Refs
[22m[39m[ChatContext] AssistantChat initialized with 0 chats
[90mstdout[2m | src/components/PracticeDrill/PracticeDrillWorkbook.stories.tsx[2m > [22m[2mWith Document Refs
[22m[39m[MOCK CourseVectorStore] Initialized with mock data
[90mstdout[2m | src/components/PracticeDrill/PracticeDrillWorkbook.stories.tsx[2m > [22m[2mWith Document Refs
[22m[39mQuestionBlockRo.grade {
  "_version": 1,
  "accuracy": null,
  "complete": false,
  "data": {},
  "id": "drill-grade-story-session-5",
}
[90mstdout[2m | src/components/PracticeDrill/PracticeDrillWorkbook.stories.tsx[2m > [22m[2mWith Document Refs
[22m[39m......!q {
  "answer": "Mitochondria",
  "correct": true,
}
[90mstdout[2m | src/components/PracticeDrill/PracticeDrillWorkbook.stories.tsx[2m > [22m[2mWith Document Refs
[22m[39m......!q {
  "answer": "Nucleus",
  "correct": false,
}
[90mstdout[2m | src/components/PracticeDrill/PracticeDrillWorkbook.stories.tsx[2m > [22m[2mWith Document Refs
[22m[39m......!q {
  "answer": "Ribosome",
  "correct": false,
}
[90mstdout[2m | src/components/PracticeDrill/PracticeDrillWorkbook.stories.tsx[2m > [22m[2mWith Document Refs
[22m[39m......!q {
  "answer": "Golgi apparatus",
  "correct": false,
}
[90mstdout[2m | src/components/PracticeDrill/PracticeDrillWorkbook.stories.tsx[2m > [22m[2mWith Document Refs
[22m[39mQuestionBlock.nodeKey 27 type: string
[90mstdout[2m | src/components/PracticeDrill/PracticeDrillWorkbook.stories.tsx[2m > [22m[2mWith Document Refs
[22m[39mQuestionBlock.questionContent [
  {
    "answer": "Mitochondria",
    "correct": true,
  },
  {
    "answer": "Nucleus",
    "correct": false,
  },
  {
    "answer": "Ribosome",
    "correct": false,
  },
  {
    "answer": "Golgi apparatus",
    "correct": false,
  },
]
[90mstdout[2m | src/components/PracticeDrill/PracticeDrillWorkbook.stories.tsx[2m > [22m[2mWith Document Refs
[22m[39mQuestionBlock.grade.data keys: []
[90mstdout[2m | src/components/PracticeDrill/PracticeDrillWorkbook.stories.tsx[2m > [22m[2mWith Document Refs
[22m[39mQuestionBlock.grade.data[nodeKey]: undefined
[90mstdout[2m | src/components/PracticeDrill/PracticeDrillWorkbook.stories.tsx[2m > [22m[2mWith Document Refs
[22m[39mQuestionBlockRo.inProgress {}
[90mstdout[2m | src/components/PracticeDrill/PracticeDrillWorkbook.stories.tsx[2m > [22m[2mWith Document Refs
[22m[39m[ChatContext] No current chat available, will create one
[90mstdout[2m | src/components/PracticeDrill/PracticeDrillWorkbook.stories.tsx[2m > [22m[2mWith Document Refs
[22m[39m[ChatContext] Creating AssistantChat with user: undefined
[90mstdout[2m | src/components/PracticeDrill/PracticeDrillWorkbook.stories.tsx[2m > [22m[2mWith Document Refs
[22m[39m[Mock Data] AssistantChat created: mock-assistantchat-1790418770594 - notified 1 subscribers
[90mstdout[2m | src/components/PracticeDrill/PracticeDrillWorkbook.stories.tsx[2m > [22m[2mWith Document Refs
[22m[39mQuestionBlockRo.grade {
  "_version": 1,
  "accuracy": null,
  "complete": false,
  "data": {},
  "id": "drill-grade-story-session-5",
}
[90mstdout[2m | src/components/PracticeDrill/PracticeDrillWorkbook.stories.tsx[2m > [22m[2mWith Document Refs
[22m[39m......!q {
  "answer": "Mitochondria",
  "correct": true,
}
[90mstdout[2m | src/components/PracticeDrill/PracticeDrillWorkbook.stories.tsx[2m > [22m[2mWith Document Refs
[22m[39m......!q {
  "answer": "Nucleus",
  "correct": false,
}
[90mstdout[2m | src/components/PracticeDrill/PracticeDrillWorkbook.stories.tsx[2m > [22m[2mWith Document Refs
[22m[39m......!q {
  "answer": "Ribosome",
  "correct": false,
}
[90mstdout[2m | src/components/PracticeDrill/PracticeDrillWorkbook.stories.tsx[2m > [22m[2mWith Document Refs
[22m[39m......!q {
  "answer": "Golgi apparatus",
  "correct": false,
}
[90mstdout[2m | src/components/PracticeDrill/PracticeDrillWorkbook.stories.tsx[2m > [22m[2mWith Document Refs
[22m[39mQuestionBlock.nodeKey 38 type: string
[90mstdout[2m | src/components/PracticeDrill/PracticeDrillWorkbook.stories.tsx[2m > [22m[2mWith Document Refs
[22m[39mQuestionBlock.questionContent [
  {
    "answer": "Mitochondria",
    "correct": true,
  },
  {
    "answer": "Nucleus",
    "correct": false,
  },
  {
    "answer": "Ribosome",
    "correct": false,
  },
  {
    "answer": "Golgi apparatus",
    "correct": false,
  },
]
[90mstdout[2m | src/components/PracticeDrill/PracticeDrillWorkbook.stories.tsx[2m > [22m[2mWith Document Refs
[22m[39mQuestionBlock.grade.data keys: []
[90mstdout[2m | src/components/PracticeDrill/PracticeDrillWorkbook.stories.tsx[2m > [22m[2mWith Document Refs
[22m[39mQuestionBlock.grade.data[nodeKey]: undefined
[90mstdout[2m | src/components/PracticeDrill/PracticeDrillWorkbook.stories.tsx[2m > [22m[2mWith Document Refs
[22m[39mQuestionBlockRo.inProgress {}
[90mstdout[2m | src/components/PracticeDrill/PracticeDrillWorkbook.stories.tsx[2m > [22m[2mWith Document Refs
[22m[39m[ChatContext] Create result: {
  "data": {
    "_version": 1,
    "archived": false,
    "chatFiles": [Function anonymous],
    "createdAt": "2026-09-26T10:32:50.594Z",
    "id": "mock-assistantchat-1790418770594",
    "model": "gpt-4",
    "updatedAt": "2026-09-26T10:32:50.594Z",
  },
  "errors": [],
  "hasData": true,
  "hasErrors": true,
}
[90mstdout[2m | src/components/PracticeDrill/PracticeDrillWorkbook.stories.tsx[2m > [22m[2mWith Document Refs
[22m[39m[ChatContext] Created AssistantChat: mock-assistantchat-1790418770594 at: 2026-09-26T10:32:50.594Z
[90mstdout[2m | src/components/PracticeDrill/PracticeDrillWorkbook.stories.tsx[2m > [22m[2mWith Document Refs
[22m[39m[Mock Storage] downloadData called with: undefined
[90mstdout[2m | src/components/PracticeDrill/PracticeDrillWorkbook.stories.tsx[2m > [22m[2mWith Document Refs
[22m[39m[ChatContext] Setting initial chat: mock-assistantchat-1790418770594
[90mstdout[2m | src/components/PracticeDrill/PracticeDrillWorkbook.stories.tsx[2m > [22m[2mWith Document Refs
[22m[39m[ChatContext] Chat exists and not archived, skipping creation
 [32m✓[39m [30m[45m storybook (chromium) [49m[39m src/components/PracticeDrill/PracticeDrillWorkbook.stories.tsx [2m([22m[2m3 tests[22m[2m)[22m[33m 1403[2mms[22m[39m
   [33m[2m✓[22m[39m Default [33m 869[2mms[22m[39m
   [33m[2m✓[22m[39m With Document Refs [33m 395[2mms[22m[39m
[90mstdout[2m | unknown test
[22m[39m[MOCK vectorStoreDB.js] Module loaded - mock IndexedDB operations
[90mstdout[2m | unknown test
[22m[39m[Task Completion] DOM action listeners initialized
[90mstdout[2m | unknown test
[22m[39m[Task Completion] Auto-completion detector initialized
[90mstdout[2m | unknown test
[22m[39m[Preview] Task completion detector initialized
[90mstdout[2m | src/components/ChatSidebar/VirtualizedMessageList.stories.jsx[2m > [22m[2mEmpty
[22m[39m[MOCK CourseVectorStore] Initialized with mock data
[90mstdout[2m | src/components/ChatSidebar/VirtualizedMessageList.stories.jsx[2m > [22m[2mEmpty
[22m[39m[TranslationModeController] Setting mode to: off
[90mstdout[2m | src/components/ChatSidebar/VirtualizedMessageList.stories.jsx[2m > [22m[2mEmpty
[22m[39m[UnitContext] useEffect triggered {
  "authLoading": false,
  "hasUser": true,
  "id": "mock-unit-id",
  "userSub": "mock-user-sub",
}
[90mstdout[2m | src/components/ChatSidebar/VirtualizedMessageList.stories.jsx[2m > [22m[2mEmpty
[22m[39m[UnitContext] Fetching unit data for id: mock-unit-id
[90mstdout[2m | src/components/ChatSidebar/VirtualizedMessageList.stories.jsx[2m > [22m[2mEmpty
[22m[39m[FilesContext] Initializing vector store from IndexedDB
[90mstdout[2m | src/components/ChatSidebar/VirtualizedMessageList.stories.jsx[2m > [22m[2mEmpty
[22m[39m[FilesContext] fetchFiles called
[90mstdout[2m | src/components/ChatSidebar/VirtualizedMessageList.stories.jsx[2m > [22m[2mEmpty
[22m[39m[FilesContext] User authenticated: mock-user-sub
[90mstdout[2m | src/components/ChatSidebar/VirtualizedMessageList.stories.jsx[2m > [22m[2mEmpty
[22m[39m[FilesContext] Identity ID: us-east-1:mock-identity-123
[90mstdout[2m | src/components/ChatSidebar/VirtualizedMessageList.stories.jsx[2m > [22m[2mEmpty
[22m[39m[FilesContext] About to set up File observeQuery
[90mstdout[2m | src/components/ChatSidebar/VirtualizedMessageList.stories.jsx[2m > [22m[2mEmpty
[22m[39m[ChatContext] Setting up AssistantChat observeQuery
[90mstdout[2m | src/components/ChatSidebar/VirtualizedMessageList.stories.jsx[2m > [22m[2mEmpty
[22m[39m[ChatContext] Waiting for subscription to initialize
[90mstdout[2m | src/components/ChatSidebar/VirtualizedMessageList.stories.jsx[2m > [22m[2mEmpty
[22m[39m[SettingsContext] Setting up Settings subscription for user: mock-user-sub
[90mstdout[2m | src/components/ChatSidebar/VirtualizedMessageList.stories.jsx[2m > [22m[2mEmpty
[22m[39m[Mock Data] Settings created: mock-settings-1790418774696 - notified 0 subscribers
[90mstdout[2m | src/components/ChatSidebar/VirtualizedMessageList.stories.jsx[2m > [22m[2mEmpty
[22m[39m[Mock Data] Unit.onUpdate() subscription added. Total: 1
[90mstdout[2m | src/components/ChatSidebar/VirtualizedMessageList.stories.jsx[2m > [22m[2mEmpty
[22m[39m[SectionContext] Section observeQuery update: 0
[90mstdout[2m | src/components/ChatSidebar/VirtualizedMessageList.stories.jsx[2m > [22m[2mEmpty
[22m[39m[FilesContext] File observeQuery update: 6 files
[90mstdout[2m | src/components/ChatSidebar/VirtualizedMessageList.stories.jsx[2m > [22m[2mEmpty
[22m[39m[ChatContext] AssistantChat initialized with 1 chats
[90mstdout[2m | src/components/ChatSidebar/VirtualizedMessageList.stories.jsx[2m > [22m[2mEmpty
[22m[39m[ChatContext] Setting initial chat: mock-assistant-chat-1
[90mstdout[2m | src/components/ChatSidebar/VirtualizedMessageList.stories.jsx[2m > [22m[2mEmpty
[22m[39m[MOCK CourseVectorStore] Initialized with mock data
[90mstdout[2m | src/components/ChatSidebar/VirtualizedMessageList.stories.jsx[2m > [22m[2mEmpty
[22m[39m[FilesContext] Vector store population triggered {
  "currentVectorStoreSize": 3,
  "documentsCount": 0,
  "filesCount": 6,
  "isInitialLoad": true,
}
[90mstdout[2m | src/components/ChatSidebar/VirtualizedMessageList.stories.jsx[2m > [22m[2mEmpty
[22m[39m[FilesContext] Vector store population complete - 3 total embeddings
[90mstdout[2m | src/components/ChatSidebar/VirtualizedMessageList.stories.jsx[2m > [22m[2mEmpty
[22m[39m[ChatContext] Chat exists and not archived, skipping creation
[90mstdout[2m | src/components/ChatSidebar/VirtualizedMessageList.stories.jsx[2m > [22m[2mEmpty
[22m[39m[Mock Storage] downloadData called with: undefined
[90mstdout[2m | src/components/ChatSidebar/VirtualizedMessageList.stories.jsx[2m > [22m[2mFew Messages
[22m[39m[ChatContext] Cleaning up subscriptions
[90mstdout[2m | src/components/ChatSidebar/VirtualizedMessageList.stories.jsx[2m > [22m[2mFew Messages
[22m[39m[Mock Data] Unit.onUpdate() subscription removed. Remaining: 0
[90mstdout[2m | src/components/ChatSidebar/VirtualizedMessageList.stories.jsx[2m > [22m[2mFew Messages
[22m[39m[MOCK CourseVectorStore] Initialized with mock data
[90mstdout[2m | src/components/ChatSidebar/VirtualizedMessageList.stories.jsx[2m > [22m[2mFew Messages
[22m[39m[TranslationModeController] Setting mode to: off
[90mstdout[2m | src/components/ChatSidebar/VirtualizedMessageList.stories.jsx[2m > [22m[2mFew Messages
[22m[39m[UnitContext] useEffect triggered {
  "authLoading": false,
  "hasUser": true,
  "id": "mock-unit-id",
  "userSub": "mock-user-sub",
}
[90mstdout[2m | src/components/ChatSidebar/VirtualizedMessageList.stories.jsx[2m > [22m[2mFew Messages
[22m[39m[UnitContext] Fetching unit data for id: mock-unit-id
[90mstdout[2m | src/components/ChatSidebar/VirtualizedMessageList.stories.jsx[2m > [22m[2mFew Messages
[22m[39m[FilesContext] Initializing vector store from IndexedDB
[90mstdout[2m | src/components/ChatSidebar/VirtualizedMessageList.stories.jsx[2m > [22m[2mFew Messages
[22m[39m[FilesContext] fetchFiles called
[90mstdout[2m | src/components/ChatSidebar/VirtualizedMessageList.stories.jsx[2m > [22m[2mFew Messages
[22m[39m[FilesContext] User authenticated: mock-user-sub
[90mstdout[2m | src/components/ChatSidebar/VirtualizedMessageList.stories.jsx[2m > [22m[2mFew Messages
[22m[39m[FilesContext] Identity ID: us-east-1:mock-identity-123
[90mstdout[2m | src/components/ChatSidebar/VirtualizedMessageList.stories.jsx[2m > [22m[2mFew Messages
[22m[39m[FilesContext] About to set up File observeQuery
[90mstdout[2m | src/components/ChatSidebar/VirtualizedMessageList.stories.jsx[2m > [22m[2mFew Messages
[22m[39m[ChatContext] Setting up AssistantChat observeQuery
[90mstdout[2m | src/components/ChatSidebar/VirtualizedMessageList.stories.jsx[2m > [22m[2mFew Messages
[22m[39m[ChatContext] Waiting for subscription to initialize
[90mstdout[2m | src/components/ChatSidebar/VirtualizedMessageList.stories.jsx[2m > [22m[2mFew Messages
[22m[39m[SettingsContext] Setting up Settings subscription for user: mock-user-sub
[90mstdout[2m | src/components/ChatSidebar/VirtualizedMessageList.stories.jsx[2m > [22m[2mFew Messages
[22m[39m[Mock Data] Settings created: mock-settings-1790418774867 - notified 0 subscribers
[90mstdout[2m | src/components/ChatSidebar/VirtualizedMessageList.stories.jsx[2m > [22m[2mFew Messages
[22m[39m[Mock Data] Unit.onUpdate() subscription added. Total: 1
[90mstdout[2m | src/components/ChatSidebar/VirtualizedMessageList.stories.jsx[2m > [22m[2mFew Messages
[22m[39m[SectionContext] Section observeQuery update: 0
[90mstdout[2m | src/components/ChatSidebar/VirtualizedMessageList.stories.jsx[2m > [22m[2mFew Messages
[22m[39m[FilesContext] File observeQuery update: 6 files
[90mstdout[2m | src/components/ChatSidebar/VirtualizedMessageList.stories.jsx[2m > [22m[2mFew Messages
[22m[39m[ChatContext] AssistantChat initialized with 1 chats
[90mstdout[2m | src/components/ChatSidebar/VirtualizedMessageList.stories.jsx[2m > [22m[2mFew Messages
[22m[39m[ChatContext] Setting initial chat: mock-assistant-chat-1
[90mstdout[2m | src/components/ChatSidebar/VirtualizedMessageList.stories.jsx[2m > [22m[2mFew Messages
[22m[39m[MOCK CourseVectorStore] Initialized with mock data
[90mstdout[2m | src/components/ChatSidebar/VirtualizedMessageList.stories.jsx[2m > [22m[2mFew Messages
[22m[39m[FilesContext] Vector store population triggered {
  "currentVectorStoreSize": 3,
  "documentsCount": 0,
  "filesCount": 6,
  "isInitialLoad": true,
}
[90mstdout[2m | src/components/ChatSidebar/VirtualizedMessageList.stories.jsx[2m > [22m[2mFew Messages
[22m[39m[FilesContext] Vector store population complete - 3 total embeddings
[90mstdout[2m | src/components/ChatSidebar/VirtualizedMessageList.stories.jsx[2m > [22m[2mFew Messages
[22m[39m[ChatContext] Chat exists and not archived, skipping creation
[90mstdout[2m | src/components/ChatSidebar/VirtualizedMessageList.stories.jsx[2m > [22m[2mFew Messages
[22m[39m[Mock Storage] downloadData called with: undefined
[90mstdout[2m | src/components/ChatSidebar/VirtualizedMessageList.stories.jsx[2m > [22m[2mMany Messages
[22m[39m[ChatContext] Cleaning up subscriptions
[90mstdout[2m | src/components/ChatSidebar/VirtualizedMessageList.stories.jsx[2m > [22m[2mMany Messages
[22m[39m[Mock Data] Unit.onUpdate() subscription removed. Remaining: 0
[90mstdout[2m | src/components/ChatSidebar/VirtualizedMessageList.stories.jsx[2m > [22m[2mMany Messages
[22m[39m[MOCK CourseVectorStore] Initialized with mock data
[90mstdout[2m | src/components/ChatSidebar/VirtualizedMessageList.stories.jsx[2m > [22m[2mMany Messages
[22m[39m[TranslationModeController] Setting mode to: off
[90mstdout[2m | src/components/ChatSidebar/VirtualizedMessageList.stories.jsx[2m > [22m[2mMany Messages
[22m[39m[UnitContext] useEffect triggered {
  "authLoading": false,
  "hasUser": true,
  "id": "mock-unit-id",
  "userSub": "mock-user-sub",
}
[90mstdout[2m | src/components/ChatSidebar/VirtualizedMessageList.stories.jsx[2m > [22m[2mMany Messages
[22m[39m[UnitContext] Fetching unit data for id: mock-unit-id
[90mstdout[2m | src/components/ChatSidebar/VirtualizedMessageList.stories.jsx[2m > [22m[2mMany Messages
[22m[39m[FilesContext] Initializing vector store from IndexedDB
[90mstdout[2m | src/components/ChatSidebar/VirtualizedMessageList.stories.jsx[2m > [22m[2mMany Messages
[22m[39m[FilesContext] fetchFiles called
[90mstdout[2m | src/components/ChatSidebar/VirtualizedMessageList.stories.jsx[2m > [22m[2mMany Messages
[22m[39m[FilesContext] User authenticated: mock-user-sub
[90mstdout[2m | src/components/ChatSidebar/VirtualizedMessageList.stories.jsx[2m > [22m[2mMany Messages
[22m[39m[FilesContext] Identity ID: us-east-1:mock-identity-123
[90mstdout[2m | src/components/ChatSidebar/VirtualizedMessageList.stories.jsx[2m > [22m[2mMany Messages
[22m[39m[FilesContext] About to set up File observeQuery
[90mstdout[2m | src/components/ChatSidebar/VirtualizedMessageList.stories.jsx[2m > [22m[2mMany Messages
[22m[39m[ChatContext] Setting up AssistantChat observeQuery
[90mstdout[2m | src/components/ChatSidebar/VirtualizedMessageList.stories.jsx[2m > [22m[2mMany Messages
[22m[39m[ChatContext] Waiting for subscription to initialize
[90mstdout[2m | src/components/ChatSidebar/VirtualizedMessageList.stories.jsx[2m > [22m[2mMany Messages
[22m[39m[SettingsContext] Setting up Settings subscription for user: mock-user-sub
[90mstdout[2m | src/components/ChatSidebar/VirtualizedMessageList.stories.jsx[2m > [22m[2mMany Messages
[22m[39m[Mock Data] Settings created: mock-settings-1790418775056 - notified 0 subscribers
[90mstdout[2m | src/components/ChatSidebar/VirtualizedMessageList.stories.jsx[2m > [22m[2mMany Messages
[22m[39m[Mock Data] Unit.onUpdate() subscription added. Total: 1
[90mstdout[2m | src/components/ChatSidebar/VirtualizedMessageList.stories.jsx[2m > [22m[2mMany Messages
[22m[39m[SectionContext] Section observeQuery update: 0
[90mstdout[2m | src/components/ChatSidebar/VirtualizedMessageList.stories.jsx[2m > [22m[2mMany Messages
[22m[39m[FilesContext] File observeQuery update: 6 files
[90mstdout[2m | src/components/ChatSidebar/VirtualizedMessageList.stories.jsx[2m > [22m[2mMany Messages
[22m[39m[ChatContext] AssistantChat initialized with 1 chats
[90mstdout[2m | src/components/ChatSidebar/VirtualizedMessageList.stories.jsx[2m > [22m[2mMany Messages
[22m[39m[ChatContext] Setting initial chat: mock-assistant-chat-1
[90mstdout[2m | src/components/ChatSidebar/VirtualizedMessageList.stories.jsx[2m > [22m[2mMany Messages
[22m[39m[MOCK CourseVectorStore] Initialized with mock data
[90mstdout[2m | src/components/ChatSidebar/VirtualizedMessageList.stories.jsx[2m > [22m[2mMany Messages
[22m[39m[FilesContext] Vector store population triggered {
  "currentVectorStoreSize": 3,
  "documentsCount": 0,
  "filesCount": 6,
  "isInitialLoad": true,
}
[90mstdout[2m | src/components/ChatSidebar/VirtualizedMessageList.stories.jsx[2m > [22m[2mMany Messages
[22m[39m[FilesContext] Vector store population complete - 3 total embeddings
[90mstdout[2m | src/components/ChatSidebar/VirtualizedMessageList.stories.jsx[2m > [22m[2mMany Messages
[22m[39m[ChatContext] Chat exists and not archived, skipping creation
[90mstdout[2m | src/components/ChatSidebar/VirtualizedMessageList.stories.jsx[2m > [22m[2mMany Messages
[22m[39m[Mock Storage] downloadData called with: undefined
[90mstdout[2m | src/components/ChatSidebar/VirtualizedMessageList.stories.jsx[2m > [22m[2mLarge Conversation
[22m[39m[ChatContext] Cleaning up subscriptions
[90mstdout[2m | src/components/ChatSidebar/VirtualizedMessageList.stories.jsx[2m > [22m[2mLarge Conversation
[22m[39m[Mock Data] Unit.onUpdate() subscription removed. Remaining: 0
[90mstdout[2m | src/components/ChatSidebar/VirtualizedMessageList.stories.jsx[2m > [22m[2mLarge Conversation
[22m[39m[MOCK CourseVectorStore] Initialized with mock data
[90mstdout[2m | src/components/ChatSidebar/VirtualizedMessageList.stories.jsx[2m > [22m[2mLarge Conversation
[22m[39m[TranslationModeController] Setting mode to: off
[90mstdout[2m | src/components/ChatSidebar/VirtualizedMessageList.stories.jsx[2m > [22m[2mLarge Conversation
[22m[39m[UnitContext] useEffect triggered {
  "authLoading": false,
  "hasUser": true,
  "id": "mock-unit-id",
  "userSub": "mock-user-sub",
}
[90mstdout[2m | src/components/ChatSidebar/VirtualizedMessageList.stories.jsx[2m > [22m[2mLarge Conversation
[22m[39m[UnitContext] Fetching unit data for id: mock-unit-id
[90mstdout[2m | src/components/ChatSidebar/VirtualizedMessageList.stories.jsx[2m > [22m[2mLarge Conversation
[22m[39m[FilesContext] Initializing vector store from IndexedDB
[90mstdout[2m | src/components/ChatSidebar/VirtualizedMessageList.stories.jsx[2m > [22m[2mLarge Conversation
[22m[39m[FilesContext] fetchFiles called
[90mstdout[2m | src/components/ChatSidebar/VirtualizedMessageList.stories.jsx[2m > [22m[2mLarge Conversation
[22m[39m[FilesContext] User authenticated: mock-user-sub
[90mstdout[2m | src/components/ChatSidebar/VirtualizedMessageList.stories.jsx[2m > [22m[2mLarge Conversation
[22m[39m[FilesContext] Identity ID: us-east-1:mock-identity-123
[90mstdout[2m | src/components/ChatSidebar/VirtualizedMessageList.stories.jsx[2m > [22m[2mLarge Conversation
[22m[39m[FilesContext] About to set up File observeQuery
[90mstdout[2m | src/components/ChatSidebar/VirtualizedMessageList.stories.jsx[2m > [22m[2mLarge Conversation
[22m[39m[ChatContext] Setting up AssistantChat observeQuery
[90mstdout[2m | src/components/ChatSidebar/VirtualizedMessageList.stories.jsx[2m > [22m[2mLarge Conversation
[22m[39m[ChatContext] Waiting for subscription to initialize
[90mstdout[2m | src/components/ChatSidebar/VirtualizedMessageList.stories.jsx[2m > [22m[2mLarge Conversation
[22m[39m[SettingsContext] Setting up Settings subscription for user: mock-user-sub
[90mstdout[2m | src/components/ChatSidebar/VirtualizedMessageList.stories.jsx[2m > [22m[2mLarge Conversation
[22m[39m[Mock Data] Settings created: mock-settings-1790418775295 - notified 0 subscribers
[90mstdout[2m | src/components/ChatSidebar/VirtualizedMessageList.stories.jsx[2m > [22m[2mLarge Conversation
[22m[39m[Mock Data] Unit.onUpdate() subscription added. Total: 1
[90mstdout[2m | src/components/ChatSidebar/VirtualizedMessageList.stories.jsx[2m > [22m[2mLarge Conversation
[22m[39m[SectionContext] Section observeQuery update: 0
[90mstdout[2m | src/components/ChatSidebar/VirtualizedMessageList.stories.jsx[2m > [22m[2mLarge Conversation
[22m[39m[FilesContext] File observeQuery update: 6 files
[90mstdout[2m | src/components/ChatSidebar/VirtualizedMessageList.stories.jsx[2m > [22m[2mLarge Conversation
[22m[39m[ChatContext] AssistantChat initialized with 1 chats
[90mstdout[2m | src/components/ChatSidebar/VirtualizedMessageList.stories.jsx[2m > [22m[2mLarge Conversation
[22m[39m[ChatContext] Setting initial chat: mock-assistant-chat-1
[90mstdout[2m | src/components/ChatSidebar/VirtualizedMessageList.stories.jsx[2m > [22m[2mLarge Conversation
[22m[39m[MOCK CourseVectorStore] Initialized with mock data
[90mstdout[2m | src/components/ChatSidebar/VirtualizedMessageList.stories.jsx[2m > [22m[2mLarge Conversation
[22m[39m[FilesContext] Vector store population triggered {
  "currentVectorStoreSize": 3,
  "documentsCount": 0,
  "filesCount": 6,
  "isInitialLoad": true,
}
[90mstdout[2m | src/components/ChatSidebar/VirtualizedMessageList.stories.jsx[2m > [22m[2mLarge Conversation
[22m[39m[FilesContext] Vector store population complete - 3 total embeddings
[90mstdout[2m | src/components/ChatSidebar/VirtualizedMessageList.stories.jsx[2m > [22m[2mLarge Conversation
[22m[39m[ChatContext] Chat exists and not archived, skipping creation
[90mstdout[2m | src/components/ChatSidebar/VirtualizedMessageList.stories.jsx[2m > [22m[2mLarge Conversation
[22m[39m[Mock Storage] downloadData called with: undefined
[90mstdout[2m | src/components/ChatSidebar/VirtualizedMessageList.stories.jsx[2m > [22m[2mWith Tool Calls
[22m[39m[ChatContext] Cleaning up subscriptions
[90mstdout[2m | src/components/ChatSidebar/VirtualizedMessageList.stories.jsx[2m > [22m[2mWith Tool Calls
[22m[39m[Mock Data] Unit.onUpdate() subscription removed. Remaining: 0
[90mstdout[2m | src/components/ChatSidebar/VirtualizedMessageList.stories.jsx[2m > [22m[2mWith Tool Calls
[22m[39m[MOCK CourseVectorStore] Initialized with mock data
[90mstdout[2m | src/components/ChatSidebar/VirtualizedMessageList.stories.jsx[2m > [22m[2mWith Tool Calls
[22m[39m[TranslationModeController] Setting mode to: off
[90mstdout[2m | src/components/ChatSidebar/VirtualizedMessageList.stories.jsx[2m > [22m[2mWith Tool Calls
[22m[39m[UnitContext] useEffect triggered {
  "authLoading": false,
  "hasUser": true,
  "id": "mock-unit-id",
  "userSub": "mock-user-sub",
}
[90mstdout[2m | src/components/ChatSidebar/VirtualizedMessageList.stories.jsx[2m > [22m[2mWith Tool Calls
[22m[39m[UnitContext] Fetching unit data for id: mock-unit-id
[90mstdout[2m | src/components/ChatSidebar/VirtualizedMessageList.stories.jsx[2m > [22m[2mWith Tool Calls
[22m[39m[FilesContext] Initializing vector store from IndexedDB
[90mstdout[2m | src/components/ChatSidebar/VirtualizedMessageList.stories.jsx[2m > [22m[2mWith Tool Calls
[22m[39m[FilesContext] fetchFiles called
[90mstdout[2m | src/components/ChatSidebar/VirtualizedMessageList.stories.jsx[2m > [22m[2mWith Tool Calls
[22m[39m[FilesContext] User authenticated: mock-user-sub
[90mstdout[2m | src/components/ChatSidebar/VirtualizedMessageList.stories.jsx[2m > [22m[2mWith Tool Calls
[22m[39m[FilesContext] Identity ID: us-east-1:mock-identity-123
[90mstdout[2m | src/components/ChatSidebar/VirtualizedMessageList.stories.jsx[2m > [22m[2mWith Tool Calls
[22m[39m[FilesContext] About to set up File observeQuery
[90mstdout[2m | src/components/ChatSidebar/VirtualizedMessageList.stories.jsx[2m > [22m[2mWith Tool Calls
[22m[39m[ChatContext] Setting up AssistantChat observeQuery
[90mstdout[2m | src/components/ChatSidebar/VirtualizedMessageList.stories.jsx[2m > [22m[2mWith Tool Calls
[22m[39m[ChatContext] Waiting for subscription to initialize
[90mstdout[2m | src/components/ChatSidebar/VirtualizedMessageList.stories.jsx[2m > [22m[2mWith Tool Calls
[22m[39m[SettingsContext] Setting up Settings subscription for user: mock-user-sub
[90mstdout[2m | src/components/ChatSidebar/VirtualizedMessageList.stories.jsx[2m > [22m[2mWith Tool Calls
[22m[39m[Mock Data] Settings created: mock-settings-1790418775668 - notified 0 subscribers
[90mstdout[2m | src/components/ChatSidebar/VirtualizedMessageList.stories.jsx[2m > [22m[2mWith Tool Calls
[22m[39m[Mock Data] Unit.onUpdate() subscription added. Total: 1
[90mstdout[2m | src/components/ChatSidebar/VirtualizedMessageList.stories.jsx[2m > [22m[2mWith Tool Calls
[22m[39m[SectionContext] Section observeQuery update: 0
[90mstdout[2m | src/components/ChatSidebar/VirtualizedMessageList.stories.jsx[2m > [22m[2mWith Tool Calls
[22m[39m[FilesContext] File observeQuery update: 6 files
[90mstdout[2m | src/components/ChatSidebar/VirtualizedMessageList.stories.jsx[2m > [22m[2mWith Tool Calls
[22m[39m[ChatContext] AssistantChat initialized with 1 chats
[90mstdout[2m | src/components/ChatSidebar/VirtualizedMessageList.stories.jsx[2m > [22m[2mWith Tool Calls
[22m[39m[ChatContext] Setting initial chat: mock-assistant-chat-1
[90mstdout[2m | src/components/ChatSidebar/VirtualizedMessageList.stories.jsx[2m > [22m[2mWith Tool Calls
[22m[39m[MOCK CourseVectorStore] Initialized with mock data
[90mstdout[2m | src/components/ChatSidebar/VirtualizedMessageList.stories.jsx[2m > [22m[2mWith Tool Calls
[22m[39m[FilesContext] Vector store population triggered {
  "currentVectorStoreSize": 3,
  "documentsCount": 0,
  "filesCount": 6,
  "isInitialLoad": true,
}
[90mstdout[2m | src/components/ChatSidebar/VirtualizedMessageList.stories.jsx[2m > [22m[2mWith Tool Calls
[22m[39m[FilesContext] Vector store population complete - 3 total embeddings
[90mstdout[2m | src/components/ChatSidebar/VirtualizedMessageList.stories.jsx[2m > [22m[2mWith Tool Calls
[22m[39m[ChatContext] Chat exists and not archived, skipping creation
[90mstdout[2m | src/components/ChatSidebar/VirtualizedMessageList.stories.jsx[2m > [22m[2mWith Tool Calls
[22m[39m[Mock Storage] downloadData called with: undefined
[90mstdout[2m | src/components/ChatSidebar/VirtualizedMessageList.stories.jsx[2m > [22m[2mStreaming Message
[22m[39m[ChatContext] Cleaning up subscriptions
[90mstdout[2m | src/components/ChatSidebar/VirtualizedMessageList.stories.jsx[2m > [22m[2mStreaming Message
[22m[39m[Mock Data] Unit.onUpdate() subscription removed. Remaining: 0
[90mstdout[2m | src/components/ChatSidebar/VirtualizedMessageList.stories.jsx[2m > [22m[2mStreaming Message
[22m[39m[MOCK CourseVectorStore] Initialized with mock data
[90mstdout[2m | src/components/ChatSidebar/VirtualizedMessageList.stories.jsx[2m > [22m[2mStreaming Message
[22m[39m[TranslationModeController] Setting mode to: off
[90mstdout[2m | src/components/ChatSidebar/VirtualizedMessageList.stories.jsx[2m > [22m[2mStreaming Message
[22m[39m[UnitContext] useEffect triggered {
  "authLoading": false,
  "hasUser": true,
  "id": "mock-unit-id",
  "userSub": "mock-user-sub",
}
[90mstdout[2m | src/components/ChatSidebar/VirtualizedMessageList.stories.jsx[2m > [22m[2mStreaming Message
[22m[39m[UnitContext] Fetching unit data for id: mock-unit-id
[90mstdout[2m | src/components/ChatSidebar/VirtualizedMessageList.stories.jsx[2m > [22m[2mStreaming Message
[22m[39m[FilesContext] Initializing vector store from IndexedDB
[90mstdout[2m | src/components/ChatSidebar/VirtualizedMessageList.stories.jsx[2m > [22m[2mStreaming Message
[22m[39m[FilesContext] fetchFiles called
[90mstdout[2m | src/components/ChatSidebar/VirtualizedMessageList.stories.jsx[2m > [22m[2mStreaming Message
[22m[39m[FilesContext] User authenticated: mock-user-sub
[90mstdout[2m | src/components/ChatSidebar/VirtualizedMessageList.stories.jsx[2m > [22m[2mStreaming Message
[22m[39m[FilesContext] Identity ID: us-east-1:mock-identity-123
[90mstdout[2m | src/components/ChatSidebar/VirtualizedMessageList.stories.jsx[2m > [22m[2mStreaming Message
[22m[39m[FilesContext] About to set up File observeQuery
[90mstdout[2m | src/components/ChatSidebar/VirtualizedMessageList.stories.jsx[2m > [22m[2mStreaming Message
[22m[39m[ChatContext] Setting up AssistantChat observeQuery
[90mstdout[2m | src/components/ChatSidebar/VirtualizedMessageList.stories.jsx[2m > [22m[2mStreaming Message
[22m[39m[ChatContext] Waiting for subscription to initialize
[90mstdout[2m | src/components/ChatSidebar/VirtualizedMessageList.stories.jsx[2m > [22m[2mStreaming Message
[22m[39m[SettingsContext] Setting up Settings subscription for user: mock-user-sub
[90mstdout[2m | src/components/ChatSidebar/VirtualizedMessageList.stories.jsx[2m > [22m[2mStreaming Message
[22m[39m[Mock Data] Settings created: mock-settings-1790418775925 - notified 0 subscribers
[90mstdout[2m | src/components/ChatSidebar/VirtualizedMessageList.stories.jsx[2m > [22m[2mStreaming Message
[22m[39m[Mock Data] Unit.onUpdate() subscription added. Total: 1
[90mstdout[2m | src/components/ChatSidebar/VirtualizedMessageList.stories.jsx[2m > [22m[2mStreaming Message
[22m[39m[SectionContext] Section observeQuery update: 0
[90mstdout[2m | src/components/ChatSidebar/VirtualizedMessageList.stories.jsx[2m > [22m[2mStreaming Message
[22m[39m[FilesContext] File observeQuery update: 6 files
[90mstdout[2m | src/components/ChatSidebar/VirtualizedMessageList.stories.jsx[2m > [22m[2mStreaming Message
[22m[39m[ChatContext] AssistantChat initialized with 1 chats
[90mstdout[2m | src/components/ChatSidebar/VirtualizedMessageList.stories.jsx[2m > [22m[2mStreaming Message
[22m[39m[ChatContext] Setting initial chat: mock-assistant-chat-1
[90mstdout[2m | src/components/ChatSidebar/VirtualizedMessageList.stories.jsx[2m > [22m[2mStreaming Message
[22m[39m[MOCK CourseVectorStore] Initialized with mock data
[90mstdout[2m | src/components/ChatSidebar/VirtualizedMessageList.stories.jsx[2m > [22m[2mStreaming Message
[22m[39m[FilesContext] Vector store population triggered {
  "currentVectorStoreSize": 3,
  "documentsCount": 0,
  "filesCount": 6,
  "isInitialLoad": true,
}
[90mstdout[2m | src/components/ChatSidebar/VirtualizedMessageList.stories.jsx[2m > [22m[2mStreaming Message
[22m[39m[FilesContext] Vector store population complete - 3 total embeddings
[90mstdout[2m | src/components/ChatSidebar/VirtualizedMessageList.stories.jsx[2m > [22m[2mStreaming Message
[22m[39m[ChatContext] Chat exists and not archived, skipping creation
[90mstdout[2m | src/components/ChatSidebar/VirtualizedMessageList.stories.jsx[2m > [22m[2mStreaming Message
[22m[39m[Mock Storage] downloadData called with: undefined
[90mstdout[2m | src/components/ChatSidebar/VirtualizedMessageList.stories.jsx[2m > [22m[2mCustom Rendering
[22m[39m[ChatContext] Cleaning up subscriptions
[90mstdout[2m | src/components/ChatSidebar/VirtualizedMessageList.stories.jsx[2m > [22m[2mCustom Rendering
[22m[39m[Mock Data] Unit.onUpdate() subscription removed. Remaining: 0
[90mstdout[2m | src/components/ChatSidebar/VirtualizedMessageList.stories.jsx[2m > [22m[2mCustom Rendering
[22m[39m[MOCK CourseVectorStore] Initialized with mock data
[90mstdout[2m | src/components/ChatSidebar/VirtualizedMessageList.stories.jsx[2m > [22m[2mCustom Rendering
[22m[39m[TranslationModeController] Setting mode to: off
[90mstdout[2m | src/components/ChatSidebar/VirtualizedMessageList.stories.jsx[2m > [22m[2mCustom Rendering
[22m[39m[UnitContext] useEffect triggered {
  "authLoading": false,
  "hasUser": true,
  "id": "mock-unit-id",
  "userSub": "mock-user-sub",
}
[90mstdout[2m | src/components/ChatSidebar/VirtualizedMessageList.stories.jsx[2m > [22m[2mCustom Rendering
[22m[39m[UnitContext] Fetching unit data for id: mock-unit-id
[90mstdout[2m | src/components/ChatSidebar/VirtualizedMessageList.stories.jsx[2m > [22m[2mCustom Rendering
[22m[39m[FilesContext] Initializing vector store from IndexedDB
[90mstdout[2m | src/components/ChatSidebar/VirtualizedMessageList.stories.jsx[2m > [22m[2mCustom Rendering
[22m[39m[FilesContext] fetchFiles called
[90mstdout[2m | src/components/ChatSidebar/VirtualizedMessageList.stories.jsx[2m > [22m[2mCustom Rendering
[22m[39m[FilesContext] User authenticated: mock-user-sub
[90mstdout[2m | src/components/ChatSidebar/VirtualizedMessageList.stories.jsx[2m > [22m[2mCustom Rendering
[22m[39m[FilesContext] Identity ID: us-east-1:mock-identity-123
[90mstdout[2m | src/components/ChatSidebar/VirtualizedMessageList.stories.jsx[2m > [22m[2mCustom Rendering
[22m[39m[FilesContext] About to set up File observeQuery
[90mstdout[2m | src/components/ChatSidebar/VirtualizedMessageList.stories.jsx[2m > [22m[2mCustom Rendering
[22m[39m[ChatContext] Setting up AssistantChat observeQuery
[90mstdout[2m | src/components/ChatSidebar/VirtualizedMessageList.stories.jsx[2m > [22m[2mCustom Rendering
[22m[39m[ChatContext] Waiting for subscription to initialize
[90mstdout[2m | src/components/ChatSidebar/VirtualizedMessageList.stories.jsx[2m > [22m[2mCustom Rendering
[22m[39m[SettingsContext] Setting up Settings subscription for user: mock-user-sub
[90mstdout[2m | src/components/ChatSidebar/VirtualizedMessageList.stories.jsx[2m > [22m[2mCustom Rendering
[22m[39m[Mock Data] Settings created: mock-settings-1790418776072 - notified 0 subscribers
[90mstdout[2m | src/components/ChatSidebar/VirtualizedMessageList.stories.jsx[2m > [22m[2mCustom Rendering
[22m[39m[Mock Data] Unit.onUpdate() subscription added. Total: 1
[90mstdout[2m | src/components/ChatSidebar/VirtualizedMessageList.stories.jsx[2m > [22m[2mCustom Rendering
[22m[39m[SectionContext] Section observeQuery update: 0
[90mstdout[2m | src/components/ChatSidebar/VirtualizedMessageList.stories.jsx[2m > [22m[2mCustom Rendering
[22m[39m[FilesContext] File observeQuery update: 6 files
[90mstdout[2m | src/components/ChatSidebar/VirtualizedMessageList.stories.jsx[2m > [22m[2mCustom Rendering
[22m[39m[ChatContext] AssistantChat initialized with 1 chats
[90mstdout[2m | src/components/ChatSidebar/VirtualizedMessageList.stories.jsx[2m > [22m[2mCustom Rendering
[22m[39m[ChatContext] Setting initial chat: mock-assistant-chat-1
[90mstdout[2m | src/components/ChatSidebar/VirtualizedMessageList.stories.jsx[2m > [22m[2mCustom Rendering
[22m[39m[MOCK CourseVectorStore] Initialized with mock data
[90mstdout[2m | src/components/ChatSidebar/VirtualizedMessageList.stories.jsx[2m > [22m[2mCustom Rendering
[22m[39m[FilesContext] Vector store population triggered {
  "currentVectorStoreSize": 3,
  "documentsCount": 0,
  "filesCount": 6,
  "isInitialLoad": true,
}
[90mstdout[2m | src/components/ChatSidebar/VirtualizedMessageList.stories.jsx[2m > [22m[2mCustom Rendering
[22m[39m[FilesContext] Vector store population complete - 3 total embeddings
[90mstdout[2m | src/components/ChatSidebar/VirtualizedMessageList.stories.jsx[2m > [22m[2mCustom Rendering
[22m[39m[ChatContext] Chat exists and not archived, skipping creation
[90mstdout[2m | src/components/ChatSidebar/VirtualizedMessageList.stories.jsx[2m > [22m[2mCustom Rendering
[22m[39m[Mock Storage] downloadData called with: undefined
[90mstdout[2m | src/components/ChatSidebar/VirtualizedMessageList.stories.jsx[2m > [22m[2mNo Scroll Button
[22m[39m[ChatContext] Cleaning up subscriptions
[90mstdout[2m | src/components/ChatSidebar/VirtualizedMessageList.stories.jsx[2m > [22m[2mNo Scroll Button
[22m[39m[Mock Data] Unit.onUpdate() subscription removed. Remaining: 0
[90mstdout[2m | src/components/ChatSidebar/VirtualizedMessageList.stories.jsx[2m > [22m[2mNo Scroll Button
[22m[39m[MOCK CourseVectorStore] Initialized with mock data
[90mstdout[2m | src/components/ChatSidebar/VirtualizedMessageList.stories.jsx[2m > [22m[2mNo Scroll Button
[22m[39m[TranslationModeController] Setting mode to: off
[90mstdout[2m | src/components/ChatSidebar/VirtualizedMessageList.stories.jsx[2m > [22m[2mNo Scroll Button
[22m[39m[UnitContext] useEffect triggered {
  "authLoading": false,
  "hasUser": true,
  "id": "mock-unit-id",
  "userSub": "mock-user-sub",
}
[90mstdout[2m | src/components/ChatSidebar/VirtualizedMessageList.stories.jsx[2m > [22m[2mNo Scroll Button
[22m[39m[UnitContext] Fetching unit data for id: mock-unit-id
[90mstdout[2m | src/components/ChatSidebar/VirtualizedMessageList.stories.jsx[2m > [22m[2mNo Scroll Button
[22m[39m[FilesContext] Initializing vector store from IndexedDB
[90mstdout[2m | src/components/ChatSidebar/VirtualizedMessageList.stories.jsx[2m > [22m[2mNo Scroll Button
[22m[39m[FilesContext] fetchFiles called
[90mstdout[2m | src/components/ChatSidebar/VirtualizedMessageList.stories.jsx[2m > [22m[2mNo Scroll Button
[22m[39m[FilesContext] User authenticated: mock-user-sub
[90mstdout[2m | src/components/ChatSidebar/VirtualizedMessageList.stories.jsx[2m > [22m[2mNo Scroll Button
[22m[39m[FilesContext] Identity ID: us-east-1:mock-identity-123
[90mstdout[2m | src/components/ChatSidebar/VirtualizedMessageList.stories.jsx[2m > [22m[2mNo Scroll Button
[22m[39m[FilesContext] About to set up File observeQuery
[90mstdout[2m | src/components/ChatSidebar/VirtualizedMessageList.stories.jsx[2m > [22m[2mNo Scroll Button
[22m[39m[ChatContext] Setting up AssistantChat observeQuery
[90mstdout[2m | src/components/ChatSidebar/VirtualizedMessageList.stories.jsx[2m > [22m[2mNo Scroll Button
[22m[39m[ChatContext] Waiting for subscription to initialize
[90mstdout[2m | src/components/ChatSidebar/VirtualizedMessageList.stories.jsx[2m > [22m[2mNo Scroll Button
[22m[39m[SettingsContext] Setting up Settings subscription for user: mock-user-sub
[90mstdout[2m | src/components/ChatSidebar/VirtualizedMessageList.stories.jsx[2m > [22m[2mNo Scroll Button
[22m[39m[Mock Data] Settings created: mock-settings-1790418776260 - notified 0 subscribers
[90mstdout[2m | src/components/ChatSidebar/VirtualizedMessageList.stories.jsx[2m > [22m[2mNo Scroll Button
[22m[39m[Mock Data] Unit.onUpdate() subscription added. Total: 1
[90mstdout[2m | src/components/ChatSidebar/VirtualizedMessageList.stories.jsx[2m > [22m[2mNo Scroll Button
[22m[39m[SectionContext] Section observeQuery update: 0
[90mstdout[2m | src/components/ChatSidebar/VirtualizedMessageList.stories.jsx[2m > [22m[2mNo Scroll Button
[22m[39m[FilesContext] File observeQuery update: 6 files
[90mstdout[2m | src/components/ChatSidebar/VirtualizedMessageList.stories.jsx[2m > [22m[2mNo Scroll Button
[22m[39m[ChatContext] AssistantChat initialized with 1 chats
[90mstdout[2m | src/components/ChatSidebar/VirtualizedMessageList.stories.jsx[2m > [22m[2mNo Scroll Button
[22m[39m[ChatContext] Setting initial chat: mock-assistant-chat-1
[90mstdout[2m | src/components/ChatSidebar/VirtualizedMessageList.stories.jsx[2m > [22m[2mNo Scroll Button
[22m[39m[MOCK CourseVectorStore] Initialized with mock data
[90mstdout[2m | src/components/ChatSidebar/VirtualizedMessageList.stories.jsx[2m > [22m[2mNo Scroll Button
[22m[39m[FilesContext] Vector store population triggered {
  "currentVectorStoreSize": 3,
  "documentsCount": 0,
  "filesCount": 6,
  "isInitialLoad": true,
}
[90mstdout[2m | src/components/ChatSidebar/VirtualizedMessageList.stories.jsx[2m > [22m[2mNo Scroll Button
[22m[39m[FilesContext] Vector store population complete - 3 total embeddings
[90mstdout[2m | src/components/ChatSidebar/VirtualizedMessageList.stories.jsx[2m > [22m[2mNo Scroll Button
[22m[39m[ChatContext] Chat exists and not archived, skipping creation
[90mstdout[2m | src/components/ChatSidebar/VirtualizedMessageList.stories.jsx[2m > [22m[2mNo Scroll Button
[22m[39m[Mock Storage] downloadData called with: undefined
[90mstdout[2m | src/components/ChatSidebar/VirtualizedMessageList.stories.jsx[2m > [22m[2mLarg Messages
[22m[39m[ChatContext] Cleaning up subscriptions
[90mstdout[2m | src/components/ChatSidebar/VirtualizedMessageList.stories.jsx[2m > [22m[2mLarg Messages
[22m[39m[Mock Data] Unit.onUpdate() subscription removed. Remaining: 0
[90mstdout[2m | src/components/ChatSidebar/VirtualizedMessageList.stories.jsx[2m > [22m[2mLarg Messages
[22m[39m[MOCK CourseVectorStore] Initialized with mock data
[90mstdout[2m | src/components/ChatSidebar/VirtualizedMessageList.stories.jsx[2m > [22m[2mLarg Messages
[22m[39m[TranslationModeController] Setting mode to: off
[90mstdout[2m | src/components/ChatSidebar/VirtualizedMessageList.stories.jsx[2m > [22m[2mLarg Messages
[22m[39m[UnitContext] useEffect triggered {
  "authLoading": false,
  "hasUser": true,
  "id": "mock-unit-id",
  "userSub": "mock-user-sub",
}
[90mstdout[2m | src/components/ChatSidebar/VirtualizedMessageList.stories.jsx[2m > [22m[2mLarg Messages
[22m[39m[UnitContext] Fetching unit data for id: mock-unit-id
[90mstdout[2m | src/components/ChatSidebar/VirtualizedMessageList.stories.jsx[2m > [22m[2mLarg Messages
[22m[39m[FilesContext] Initializing vector store from IndexedDB
[90mstdout[2m | src/components/ChatSidebar/VirtualizedMessageList.stories.jsx[2m > [22m[2mLarg Messages
[22m[39m[FilesContext] fetchFiles called
[90mstdout[2m | src/components/ChatSidebar/VirtualizedMessageList.stories.jsx[2m > [22m[2mLarg Messages
[22m[39m[FilesContext] User authenticated: mock-user-sub
[90mstdout[2m | src/components/ChatSidebar/VirtualizedMessageList.stories.jsx[2m > [22m[2mLarg Messages
[22m[39m[FilesContext] Identity ID: us-east-1:mock-identity-123
[90mstdout[2m | src/components/ChatSidebar/VirtualizedMessageList.stories.jsx[2m > [22m[2mLarg Messages
[22m[39m[FilesContext] About to set up File observeQuery
[90mstdout[2m | src/components/ChatSidebar/VirtualizedMessageList.stories.jsx[2m > [22m[2mLarg Messages
[22m[39m[ChatContext] Setting up AssistantChat observeQuery
[90mstdout[2m | src/components/ChatSidebar/VirtualizedMessageList.stories.jsx[2m > [22m[2mLarg Messages
[22m[39m[ChatContext] Waiting for subscription to initialize
[90mstdout[2m | src/components/ChatSidebar/VirtualizedMessageList.stories.jsx[2m > [22m[2mLarg Messages
[22m[39m[SettingsContext] Setting up Settings subscription for user: mock-user-sub
[90mstdout[2m | src/components/ChatSidebar/VirtualizedMessageList.stories.jsx[2m > [22m[2mLarg Messages
[22m[39m[Mock Data] Settings created: mock-settings-1790418776444 - notified 0 subscribers
[90mstdout[2m | src/components/ChatSidebar/VirtualizedMessageList.stories.jsx[2m > [22m[2mLarg Messages
[22m[39m[Mock Data] Unit.onUpdate() subscription added. Total: 1
[90mstdout[2m | src/components/ChatSidebar/VirtualizedMessageList.stories.jsx[2m > [22m[2mLarg Messages
[22m[39m[SectionContext] Section observeQuery update: 0
[90mstdout[2m | src/components/ChatSidebar/VirtualizedMessageList.stories.jsx[2m > [22m[2mLarg Messages
[22m[39m[FilesContext] File observeQuery update: 6 files
[90mstdout[2m | src/components/ChatSidebar/VirtualizedMessageList.stories.jsx[2m > [22m[2mLarg Messages
[22m[39m[ChatContext] AssistantChat initialized with 1 chats
[90mstdout[2m | src/components/ChatSidebar/VirtualizedMessageList.stories.jsx[2m > [22m[2mLarg Messages
[22m[39m[ChatContext] Setting initial chat: mock-assistant-chat-1
[90mstdout[2m | src/components/ChatSidebar/VirtualizedMessageList.stories.jsx[2m > [22m[2mLarg Messages
[22m[39m[MOCK CourseVectorStore] Initialized with mock data
[90mstdout[2m | src/components/ChatSidebar/VirtualizedMessageList.stories.jsx[2m > [22m[2mLarg Messages
[22m[39m[FilesContext] Vector store population triggered {
  "currentVectorStoreSize": 3,
  "documentsCount": 0,
  "filesCount": 6,
  "isInitialLoad": true,
}
[90mstdout[2m | src/components/ChatSidebar/VirtualizedMessageList.stories.jsx[2m > [22m[2mLarg Messages
[22m[39m[FilesContext] Vector store population complete - 3 total embeddings
[90mstdout[2m | src/components/ChatSidebar/VirtualizedMessageList.stories.jsx[2m > [22m[2mLarg Messages
[22m[39m[ChatContext] Chat exists and not archived, skipping creation
[90mstdout[2m | src/components/ChatSidebar/VirtualizedMessageList.stories.jsx[2m > [22m[2mLarg Messages
[22m[39m[Mock Storage] downloadData called with: undefined
 [32m✓[39m [30m[45m storybook (chromium) [49m[39m src/components/ChatSidebar/VirtualizedMessageList.stories.jsx [2m([22m[2m9 tests[22m[2m)[22m[33m 1940[2mms[22m[39m
   [33m[2m✓[22m[39m With Tool Calls [33m 369[2mms[22m[39m
[90mstdout[2m | unknown test
[22m[39m[MOCK vectorStoreDB.js] Module loaded - mock IndexedDB operations
[90mstdout[2m | unknown test
[22m[39m[Task Completion] DOM action listeners initialized
[90mstdout[2m | unknown test
[22m[39m[Task Completion] Auto-completion detector initialized
[90mstdout[2m | unknown test
[22m[39m[Preview] Task completion detector initialized
[90mstdout[2m | src/components/Chat/Chat.stories.tsx[2m > [22m[2mDefault
[22m[39m[MOCK CourseVectorStore] Initialized with mock data
[90mstdout[2m | src/components/Chat/Chat.stories.tsx[2m > [22m[2mDefault
[22m[39m[TranslationModeController] Setting mode to: off
[90mstdout[2m | src/components/Chat/Chat.stories.tsx[2m > [22m[2mDefault
[22m[39m[UnitContext] useEffect triggered {
  "authLoading": false,
  "hasUser": true,
  "id": "mock-unit-id",
  "userSub": "mock-user-sub",
}
[90mstdout[2m | src/components/Chat/Chat.stories.tsx[2m > [22m[2mDefault
[22m[39m[UnitContext] Fetching unit data for id: mock-unit-id
[90mstdout[2m | src/components/Chat/Chat.stories.tsx[2m > [22m[2mDefault
[22m[39m[FilesContext] Initializing vector store from IndexedDB
[90mstdout[2m | src/components/Chat/Chat.stories.tsx[2m > [22m[2mDefault
[22m[39m[FilesContext] fetchFiles called
[90mstdout[2m | src/components/Chat/Chat.stories.tsx[2m > [22m[2mDefault
[22m[39m[FilesContext] User authenticated: mock-user-sub
[90mstdout[2m | src/components/Chat/Chat.stories.tsx[2m > [22m[2mDefault
[22m[39m[FilesContext] Identity ID: us-east-1:mock-identity-123
[90mstdout[2m | src/components/Chat/Chat.stories.tsx[2m > [22m[2mDefault
[22m[39m[FilesContext] About to set up File observeQuery
[90mstdout[2m | src/components/Chat/Chat.stories.tsx[2m > [22m[2mDefault
[22m[39m[ChatContext] Setting up AssistantChat observeQuery
[90mstdout[2m | src/components/Chat/Chat.stories.tsx[2m > [22m[2mDefault
[22m[39m[ChatContext] Waiting for subscription to initialize
[90mstdout[2m | src/components/Chat/Chat.stories.tsx[2m > [22m[2mDefault
[22m[39m[SettingsContext] Setting up Settings subscription for user: mock-user-sub
[90mstdout[2m | src/components/Chat/Chat.stories.tsx[2m > [22m[2mDefault
[22m[39m[Mock Data] Settings created: mock-settings-1790418777188 - notified 0 subscribers
[90mstdout[2m | src/components/Chat/Chat.stories.tsx[2m > [22m[2mDefault
[22m[39m[Mock Data] Unit.onUpdate() subscription added. Total: 1
[90mstdout[2m | src/components/Chat/Chat.stories.tsx[2m > [22m[2mDefault
[22m[39m[YjsProvider] chat-section-section-123 connection status: connected
[90mstdout[2m | src/components/Chat/Chat.stories.tsx[2m > [22m[2mDefault
[22m[39m[YjsProvider] chat-section-section-123 synced with server
[90mstdout[2m | src/components/Chat/Chat.stories.tsx[2m > [22m[2mDefault
[22m[39m[SectionContext] Section observeQuery update: 0
[90mstdout[2m | src/components/Chat/Chat.stories.tsx[2m > [22m[2mDefault
[22m[39m[FilesContext] File observeQuery update: 6 files
[90mstdout[2m | src/components/Chat/Chat.stories.tsx[2m > [22m[2mDefault
[22m[39m[ChatContext] AssistantChat initialized with 1 chats
[90mstdout[2m | src/components/Chat/Chat.stories.tsx[2m > [22m[2mDefault
[22m[39m[ChatContext] Setting initial chat: mock-assistant-chat-1
[90mstdout[2m | src/components/Chat/Chat.stories.tsx[2m > [22m[2mDefault
[22m[39m[MOCK CourseVectorStore] Initialized with mock data
[90mstdout[2m | src/components/Chat/Chat.stories.tsx[2m > [22m[2mDefault
[22m[39m[FilesContext] Vector store population triggered {
  "currentVectorStoreSize": 3,
  "documentsCount": 0,
  "filesCount": 6,
  "isInitialLoad": true,
}
[90mstdout[2m | src/components/Chat/Chat.stories.tsx[2m > [22m[2mDefault
[22m[39m[FilesContext] Vector store population complete - 3 total embeddings
[90mstdout[2m | src/components/Chat/Chat.stories.tsx[2m > [22m[2mDefault
[22m[39m[ChatContext] Chat exists and not archived, skipping creation
[90mstdout[2m | src/components/Chat/Chat.stories.tsx[2m > [22m[2mDefault
[22m[39m[Mock Storage] downloadData called with: undefined
[90mstdout[2m | src/components/Chat/Chat.stories.tsx[2m > [22m[2mTopic List Default
[22m[39m[ChatContext] Cleaning up subscriptions
[90mstdout[2m | src/components/Chat/Chat.stories.tsx[2m > [22m[2mTopic List Default
[22m[39m[Mock Data] Unit.onUpdate() subscription removed. Remaining: 0
[90mstdout[2m | src/components/Chat/Chat.stories.tsx[2m > [22m[2mTopic List Default
[22m[39m[YjsProvider] chat-section-section-123 connection status: disconnected
[90mstdout[2m | src/components/Chat/Chat.stories.tsx[2m > [22m[2mTopic List Default
[22m[39m[MOCK CourseVectorStore] Initialized with mock data
[90mstdout[2m | src/components/Chat/Chat.stories.tsx[2m > [22m[2mTopic List Default
[22m[39m[TranslationModeController] Setting mode to: off
[90mstdout[2m | src/components/Chat/Chat.stories.tsx[2m > [22m[2mTopic List Default
[22m[39m[UnitContext] useEffect triggered {
  "authLoading": false,
  "hasUser": true,
  "id": "mock-unit-id",
  "userSub": "mock-user-sub",
}
[90mstdout[2m | src/components/Chat/Chat.stories.tsx[2m > [22m[2mTopic List Default
[22m[39m[UnitContext] Fetching unit data for id: mock-unit-id
[90mstdout[2m | src/components/Chat/Chat.stories.tsx[2m > [22m[2mTopic List Default
[22m[39m[FilesContext] Initializing vector store from IndexedDB
[90mstdout[2m | src/components/Chat/Chat.stories.tsx[2m > [22m[2mTopic List Default
[22m[39m[FilesContext] fetchFiles called
[90mstdout[2m | src/components/Chat/Chat.stories.tsx[2m > [22m[2mTopic List Default
[22m[39m[FilesContext] User authenticated: mock-user-sub
[90mstdout[2m | src/components/Chat/Chat.stories.tsx[2m > [22m[2mTopic List Default
[22m[39m[FilesContext] Identity ID: us-east-1:mock-identity-123
[90mstdout[2m | src/components/Chat/Chat.stories.tsx[2m > [22m[2mTopic List Default
[22m[39m[FilesContext] About to set up File observeQuery
[90mstdout[2m | src/components/Chat/Chat.stories.tsx[2m > [22m[2mTopic List Default
[22m[39m[ChatContext] Setting up AssistantChat observeQuery
[90mstdout[2m | src/components/Chat/Chat.stories.tsx[2m > [22m[2mTopic List Default
[22m[39m[ChatContext] Waiting for subscription to initialize
[90mstdout[2m | src/components/Chat/Chat.stories.tsx[2m > [22m[2mTopic List Default
[22m[39m[SettingsContext] Setting up Settings subscription for user: mock-user-sub
[90mstdout[2m | src/components/Chat/Chat.stories.tsx[2m > [22m[2mTopic List Default
[22m[39m[Mock Data] Settings created: mock-settings-1790418777355 - notified 0 subscribers
[90mstdout[2m | src/components/Chat/Chat.stories.tsx[2m > [22m[2mTopic List Default
[22m[39m[Mock Data] Unit.onUpdate() subscription added. Total: 1
[90mstdout[2m | src/components/Chat/Chat.stories.tsx[2m > [22m[2mTopic List Default
[22m[39m[SectionContext] Section observeQuery update: 0
[90mstdout[2m | src/components/Chat/Chat.stories.tsx[2m > [22m[2mTopic List Default
[22m[39m[FilesContext] File observeQuery update: 6 files
[90mstdout[2m | src/components/Chat/Chat.stories.tsx[2m > [22m[2mTopic List Default
[22m[39m[ChatContext] AssistantChat initialized with 1 chats
[90mstdout[2m | src/components/Chat/Chat.stories.tsx[2m > [22m[2mTopic List Default
[22m[39m[ChatContext] Setting initial chat: mock-assistant-chat-1
[90mstdout[2m | src/components/Chat/Chat.stories.tsx[2m > [22m[2mTopic List Default
[22m[39m[MOCK CourseVectorStore] Initialized with mock data
[90mstdout[2m | src/components/Chat/Chat.stories.tsx[2m > [22m[2mTopic List Default
[22m[39m[FilesContext] Vector store population triggered {
  "currentVectorStoreSize": 3,
  "documentsCount": 0,
  "filesCount": 6,
  "isInitialLoad": true,
}
[90mstdout[2m | src/components/Chat/Chat.stories.tsx[2m > [22m[2mTopic List Default
[22m[39m[FilesContext] Vector store population complete - 3 total embeddings
[90mstdout[2m | src/components/Chat/Chat.stories.tsx[2m > [22m[2mTopic List Default
[22m[39m[ChatContext] Chat exists and not archived, skipping creation
[90mstdout[2m | src/components/Chat/Chat.stories.tsx[2m > [22m[2mTopic List Default
[22m[39m[Mock Storage] downloadData called with: undefined
[90mstdout[2m | src/components/Chat/Chat.stories.tsx[2m > [22m[2mTopic List With Active
[22m[39m[ChatContext] Cleaning up subscriptions
[90mstdout[2m | src/components/Chat/Chat.stories.tsx[2m > [22m[2mTopic List With Active
[22m[39m[Mock Data] Unit.onUpdate() subscription removed. Remaining: 0
[90mstdout[2m | src/components/Chat/Chat.stories.tsx[2m > [22m[2mTopic List With Active
[22m[39m[MOCK CourseVectorStore] Initialized with mock data
[90mstdout[2m | src/components/Chat/Chat.stories.tsx[2m > [22m[2mTopic List With Active
[22m[39m[TranslationModeController] Setting mode to: off
[90mstdout[2m | src/components/Chat/Chat.stories.tsx[2m > [22m[2mTopic List With Active
[22m[39m[UnitContext] useEffect triggered {
  "authLoading": false,
  "hasUser": true,
  "id": "mock-unit-id",
  "userSub": "mock-user-sub",
}
[90mstdout[2m | src/components/Chat/Chat.stories.tsx[2m > [22m[2mTopic List With Active
[22m[39m[UnitContext] Fetching unit data for id: mock-unit-id
[90mstdout[2m | src/components/Chat/Chat.stories.tsx[2m > [22m[2mTopic List With Active
[22m[39m[FilesContext] Initializing vector store from IndexedDB
[90mstdout[2m | src/components/Chat/Chat.stories.tsx[2m > [22m[2mTopic List With Active
[22m[39m[FilesContext] fetchFiles called
[90mstdout[2m | src/components/Chat/Chat.stories.tsx[2m > [22m[2mTopic List With Active
[22m[39m[FilesContext] User authenticated: mock-user-sub
[90mstdout[2m | src/components/Chat/Chat.stories.tsx[2m > [22m[2mTopic List With Active
[22m[39m[FilesContext] Identity ID: us-east-1:mock-identity-123
[90mstdout[2m | src/components/Chat/Chat.stories.tsx[2m > [22m[2mTopic List With Active
[22m[39m[FilesContext] About to set up File observeQuery
[90mstdout[2m | src/components/Chat/Chat.stories.tsx[2m > [22m[2mTopic List With Active
[22m[39m[ChatContext] Setting up AssistantChat observeQuery
[90mstdout[2m | src/components/Chat/Chat.stories.tsx[2m > [22m[2mTopic List With Active
[22m[39m[ChatContext] Waiting for subscription to initialize
[90mstdout[2m | src/components/Chat/Chat.stories.tsx[2m > [22m[2mTopic List With Active
[22m[39m[SettingsContext] Setting up Settings subscription for user: mock-user-sub
[90mstdout[2m | src/components/Chat/Chat.stories.tsx[2m > [22m[2mTopic List With Active
[22m[39m[Mock Data] Settings created: mock-settings-1790418777519 - notified 0 subscribers
[90mstdout[2m | src/components/Chat/Chat.stories.tsx[2m > [22m[2mTopic List With Active
[22m[39m[Mock Data] Unit.onUpdate() subscription added. Total: 1
[90mstdout[2m | src/components/Chat/Chat.stories.tsx[2m > [22m[2mTopic List With Active
[22m[39m[SectionContext] Section observeQuery update: 0
[90mstdout[2m | src/components/Chat/Chat.stories.tsx[2m > [22m[2mTopic List With Active
[22m[39m[FilesContext] File observeQuery update: 6 files
[90mstdout[2m | src/components/Chat/Chat.stories.tsx[2m > [22m[2mTopic List With Active
[22m[39m[ChatContext] AssistantChat initialized with 1 chats
[90mstdout[2m | src/components/Chat/Chat.stories.tsx[2m > [22m[2mTopic List With Active
[22m[39m[ChatContext] Setting initial chat: mock-assistant-chat-1
[90mstdout[2m | src/components/Chat/Chat.stories.tsx[2m > [22m[2mTopic List With Active
[22m[39m[MOCK CourseVectorStore] Initialized with mock data
[90mstdout[2m | src/components/Chat/Chat.stories.tsx[2m > [22m[2mTopic List With Active
[22m[39m[FilesContext] Vector store population triggered {
  "currentVectorStoreSize": 3,
  "documentsCount": 0,
  "filesCount": 6,
  "isInitialLoad": true,
}
[90mstdout[2m | src/components/Chat/Chat.stories.tsx[2m > [22m[2mTopic List With Active
[22m[39m[FilesContext] Vector store population complete - 3 total embeddings
[90mstdout[2m | src/components/Chat/Chat.stories.tsx[2m > [22m[2mTopic List With Active
[22m[39m[ChatContext] Chat exists and not archived, skipping creation
[90mstdout[2m | src/components/Chat/Chat.stories.tsx[2m > [22m[2mTopic List With Active
[22m[39m[Mock Storage] downloadData called with: undefined
[90mstdout[2m | src/components/Chat/Chat.stories.tsx[2m > [22m[2mTopic List Empty
[22m[39m[ChatContext] Cleaning up subscriptions
[90mstdout[2m | src/components/Chat/Chat.stories.tsx[2m > [22m[2mTopic List Empty
[22m[39m[Mock Data] Unit.onUpdate() subscription removed. Remaining: 0
[90mstdout[2m | src/components/Chat/Chat.stories.tsx[2m > [22m[2mTopic List Empty
[22m[39m[MOCK CourseVectorStore] Initialized with mock data
[90mstdout[2m | src/components/Chat/Chat.stories.tsx[2m > [22m[2mTopic List Empty
[22m[39m[TranslationModeController] Setting mode to: off
[90mstdout[2m | src/components/Chat/Chat.stories.tsx[2m > [22m[2mTopic List Empty
[22m[39m[UnitContext] useEffect triggered {
  "authLoading": false,
  "hasUser": true,
  "id": "mock-unit-id",
  "userSub": "mock-user-sub",
}
[90mstdout[2m | src/components/Chat/Chat.stories.tsx[2m > [22m[2mTopic List Empty
[22m[39m[UnitContext] Fetching unit data for id: mock-unit-id
[90mstdout[2m | src/components/Chat/Chat.stories.tsx[2m > [22m[2mTopic List Empty
[22m[39m[FilesContext] Initializing vector store from IndexedDB
[90mstdout[2m | src/components/Chat/Chat.stories.tsx[2m > [22m[2mTopic List Empty
[22m[39m[FilesContext] fetchFiles called
[90mstdout[2m | src/components/Chat/Chat.stories.tsx[2m > [22m[2mTopic List Empty
[22m[39m[FilesContext] User authenticated: mock-user-sub
[90mstdout[2m | src/components/Chat/Chat.stories.tsx[2m > [22m[2mTopic List Empty
[22m[39m[FilesContext] Identity ID: us-east-1:mock-identity-123
[90mstdout[2m | src/components/Chat/Chat.stories.tsx[2m > [22m[2mTopic List Empty
[22m[39m[FilesContext] About to set up File observeQuery
[90mstdout[2m | src/components/Chat/Chat.stories.tsx[2m > [22m[2mTopic List Empty
[22m[39m[ChatContext] Setting up AssistantChat observeQuery
[90mstdout[2m | src/components/Chat/Chat.stories.tsx[2m > [22m[2mTopic List Empty
[22m[39m[ChatContext] Waiting for subscription to initialize
[90mstdout[2m | src/components/Chat/Chat.stories.tsx[2m > [22m[2mTopic List Empty
[22m[39m[SettingsContext] Setting up Settings subscription for user: mock-user-sub
[90mstdout[2m | src/components/Chat/Chat.stories.tsx[2m > [22m[2mTopic List Empty
[22m[39m[Mock Data] Settings created: mock-settings-1790418777661 - notified 0 subscribers
[90mstdout[2m | src/components/Chat/Chat.stories.tsx[2m > [22m[2mTopic List Empty
[22m[39m[Mock Data] Unit.onUpdate() subscription added. Total: 1
[90mstdout[2m | src/components/Chat/Chat.stories.tsx[2m > [22m[2mTopic List Empty
[22m[39m[SectionContext] Section observeQuery update: 0
[90mstdout[2m | src/components/Chat/Chat.stories.tsx[2m > [22m[2mTopic List Empty
[22m[39m[FilesContext] File observeQuery update: 6 files
[90mstdout[2m | src/components/Chat/Chat.stories.tsx[2m > [22m[2mTopic List Empty
[22m[39m[ChatContext] AssistantChat initialized with 1 chats
[90mstdout[2m | src/components/Chat/Chat.stories.tsx[2m > [22m[2mTopic List Empty
[22m[39m[ChatContext] Setting initial chat: mock-assistant-chat-1
[90mstdout[2m | src/components/Chat/Chat.stories.tsx[2m > [22m[2mTopic List Empty
[22m[39m[MOCK CourseVectorStore] Initialized with mock data
[90mstdout[2m | src/components/Chat/Chat.stories.tsx[2m > [22m[2mTopic List Empty
[22m[39m[FilesContext] Vector store population triggered {
  "currentVectorStoreSize": 3,
  "documentsCount": 0,
  "filesCount": 6,
  "isInitialLoad": true,
}
[90mstdout[2m | src/components/Chat/Chat.stories.tsx[2m > [22m[2mTopic List Empty
[22m[39m[FilesContext] Vector store population complete - 3 total embeddings
[90mstdout[2m | src/components/Chat/Chat.stories.tsx[2m > [22m[2mTopic List Empty
[22m[39m[ChatContext] Chat exists and not archived, skipping creation
[90mstdout[2m | src/components/Chat/Chat.stories.tsx[2m > [22m[2mTopic List Empty
[22m[39m[Mock Storage] downloadData called with: undefined
[90mstdout[2m | src/components/Chat/Chat.stories.tsx[2m > [22m[2mThread View With Messages
[22m[39m[ChatContext] Cleaning up subscriptions
[90mstdout[2m | src/components/Chat/Chat.stories.tsx[2m > [22m[2mThread View With Messages
[22m[39m[Mock Data] Unit.onUpdate() subscription removed. Remaining: 0
[90mstdout[2m | src/components/Chat/Chat.stories.tsx[2m > [22m[2mThread View With Messages
[22m[39m[MOCK CourseVectorStore] Initialized with mock data
[90mstdout[2m | src/components/Chat/Chat.stories.tsx[2m > [22m[2mThread View With Messages
[22m[39m[TranslationModeController] Setting mode to: off
[90mstdout[2m | src/components/Chat/Chat.stories.tsx[2m > [22m[2mThread View With Messages
[22m[39m[UnitContext] useEffect triggered {
  "authLoading": false,
  "hasUser": true,
  "id": "mock-unit-id",
  "userSub": "mock-user-sub",
}
[90mstdout[2m | src/components/Chat/Chat.stories.tsx[2m > [22m[2mThread View With Messages
[22m[39m[UnitContext] Fetching unit data for id: mock-unit-id
[90mstdout[2m | src/components/Chat/Chat.stories.tsx[2m > [22m[2mThread View With Messages
[22m[39m[FilesContext] Initializing vector store from IndexedDB
[90mstdout[2m | src/components/Chat/Chat.stories.tsx[2m > [22m[2mThread View With Messages
[22m[39m[FilesContext] fetchFiles called
[90mstdout[2m | src/components/Chat/Chat.stories.tsx[2m > [22m[2mThread View With Messages
[22m[39m[FilesContext] User authenticated: mock-user-sub
[90mstdout[2m | src/components/Chat/Chat.stories.tsx[2m > [22m[2mThread View With Messages
[22m[39m[FilesContext] Identity ID: us-east-1:mock-identity-123
[90mstdout[2m | src/components/Chat/Chat.stories.tsx[2m > [22m[2mThread View With Messages
[22m[39m[FilesContext] About to set up File observeQuery
[90mstdout[2m | src/components/Chat/Chat.stories.tsx[2m > [22m[2mThread View With Messages
[22m[39m[ChatContext] Setting up AssistantChat observeQuery
[90mstdout[2m | src/components/Chat/Chat.stories.tsx[2m > [22m[2mThread View With Messages
[22m[39m[ChatContext] Waiting for subscription to initialize
[90mstdout[2m | src/components/Chat/Chat.stories.tsx[2m > [22m[2mThread View With Messages
[22m[39m[SettingsContext] Setting up Settings subscription for user: mock-user-sub
[90mstdout[2m | src/components/Chat/Chat.stories.tsx[2m > [22m[2mThread View With Messages
[22m[39m[Mock Data] Settings created: mock-settings-1790418777827 - notified 0 subscribers
[90mstdout[2m | src/components/Chat/Chat.stories.tsx[2m > [22m[2mThread View With Messages
[22m[39m[Mock Data] Unit.onUpdate() subscription added. Total: 1
[90mstdout[2m | src/components/Chat/Chat.stories.tsx[2m > [22m[2mThread View With Messages
[22m[39m[SectionContext] Section observeQuery update: 0
[90mstdout[2m | src/components/Chat/Chat.stories.tsx[2m > [22m[2mThread View With Messages
[22m[39m[FilesContext] File observeQuery update: 6 files
[90mstdout[2m | src/components/Chat/Chat.stories.tsx[2m > [22m[2mThread View With Messages
[22m[39m[ChatContext] AssistantChat initialized with 1 chats
[90mstdout[2m | src/components/Chat/Chat.stories.tsx[2m > [22m[2mThread View With Messages
[22m[39m[ChatContext] Setting initial chat: mock-assistant-chat-1
[90mstdout[2m | src/components/Chat/Chat.stories.tsx[2m > [22m[2mThread View With Messages
[22m[39m[MOCK CourseVectorStore] Initialized with mock data
[90mstdout[2m | src/components/Chat/Chat.stories.tsx[2m > [22m[2mThread View With Messages
[22m[39m[FilesContext] Vector store population triggered {
  "currentVectorStoreSize": 3,
  "documentsCount": 0,
  "filesCount": 6,
  "isInitialLoad": true,
}
[90mstdout[2m | src/components/Chat/Chat.stories.tsx[2m > [22m[2mThread View With Messages
[22m[39m[FilesContext] Vector store population complete - 3 total embeddings
[90mstdout[2m | src/components/Chat/Chat.stories.tsx[2m > [22m[2mThread View With Messages
[22m[39m[ChatContext] Chat exists and not archived, skipping creation
[90mstdout[2m | src/components/Chat/Chat.stories.tsx[2m > [22m[2mThread View With Messages
[22m[39m[Mock Storage] downloadData called with: undefined
[90mstdout[2m | src/components/Chat/Chat.stories.tsx[2m > [22m[2mThread View With Typing
[22m[39m[ChatContext] Cleaning up subscriptions
[90mstdout[2m | src/components/Chat/Chat.stories.tsx[2m > [22m[2mThread View With Typing
[22m[39m[Mock Data] Unit.onUpdate() subscription removed. Remaining: 0
[90mstdout[2m | src/components/Chat/Chat.stories.tsx[2m > [22m[2mThread View With Typing
[22m[39m[MOCK CourseVectorStore] Initialized with mock data
[90mstdout[2m | src/components/Chat/Chat.stories.tsx[2m > [22m[2mThread View With Typing
[22m[39m[TranslationModeController] Setting mode to: off
[90mstdout[2m | src/components/Chat/Chat.stories.tsx[2m > [22m[2mThread View With Typing
[22m[39m[UnitContext] useEffect triggered {
  "authLoading": false,
  "hasUser": true,
  "id": "mock-unit-id",
  "userSub": "mock-user-sub",
}
[90mstdout[2m | src/components/Chat/Chat.stories.tsx[2m > [22m[2mThread View With Typing
[22m[39m[UnitContext] Fetching unit data for id: mock-unit-id
[90mstdout[2m | src/components/Chat/Chat.stories.tsx[2m > [22m[2mThread View With Typing
[22m[39m[FilesContext] Initializing vector store from IndexedDB
[90mstdout[2m | src/components/Chat/Chat.stories.tsx[2m > [22m[2mThread View With Typing
[22m[39m[FilesContext] fetchFiles called
[90mstdout[2m | src/components/Chat/Chat.stories.tsx[2m > [22m[2mThread View With Typing
[22m[39m[FilesContext] User authenticated: mock-user-sub
[90mstdout[2m | src/components/Chat/Chat.stories.tsx[2m > [22m[2mThread View With Typing
[22m[39m[FilesContext] Identity ID: us-east-1:mock-identity-123
[90mstdout[2m | src/components/Chat/Chat.stories.tsx[2m > [22m[2mThread View With Typing
[22m[39m[FilesContext] About to set up File observeQuery
[90mstdout[2m | src/components/Chat/Chat.stories.tsx[2m > [22m[2mThread View With Typing
[22m[39m[ChatContext] Setting up AssistantChat observeQuery
[90mstdout[2m | src/components/Chat/Chat.stories.tsx[2m > [22m[2mThread View With Typing
[22m[39m[ChatContext] Waiting for subscription to initialize
[90mstdout[2m | src/components/Chat/Chat.stories.tsx[2m > [22m[2mThread View With Typing
[22m[39m[SettingsContext] Setting up Settings subscription for user: mock-user-sub
[90mstdout[2m | src/components/Chat/Chat.stories.tsx[2m > [22m[2mThread View With Typing
[22m[39m[Mock Data] Settings created: mock-settings-1790418777989 - notified 0 subscribers
[90mstdout[2m | src/components/Chat/Chat.stories.tsx[2m > [22m[2mThread View With Typing
[22m[39m[Mock Data] Unit.onUpdate() subscription added. Total: 1
[90mstdout[2m | src/components/Chat/Chat.stories.tsx[2m > [22m[2mThread View With Typing
[22m[39m[SectionContext] Section observeQuery update: 0
[90mstdout[2m | src/components/Chat/Chat.stories.tsx[2m > [22m[2mThread View With Typing
[22m[39m[FilesContext] File observeQuery update: 6 files
[90mstdout[2m | src/components/Chat/Chat.stories.tsx[2m > [22m[2mThread View With Typing
[22m[39m[ChatContext] AssistantChat initialized with 1 chats
[90mstdout[2m | src/components/Chat/Chat.stories.tsx[2m > [22m[2mThread View With Typing
[22m[39m[ChatContext] Setting initial chat: mock-assistant-chat-1
[90mstdout[2m | src/components/Chat/Chat.stories.tsx[2m > [22m[2mThread View With Typing
[22m[39m[MOCK CourseVectorStore] Initialized with mock data
[90mstdout[2m | src/components/Chat/Chat.stories.tsx[2m > [22m[2mThread View With Typing
[22m[39m[FilesContext] Vector store population triggered {
  "currentVectorStoreSize": 3,
  "documentsCount": 0,
  "filesCount": 6,
  "isInitialLoad": true,
}
[90mstdout[2m | src/components/Chat/Chat.stories.tsx[2m > [22m[2mThread View With Typing
[22m[39m[FilesContext] Vector store population complete - 3 total embeddings
[90mstdout[2m | src/components/Chat/Chat.stories.tsx[2m > [22m[2mThread View With Typing
[22m[39m[ChatContext] Chat exists and not archived, skipping creation
[90mstdout[2m | src/components/Chat/Chat.stories.tsx[2m > [22m[2mThread View With Typing
[22m[39m[Mock Storage] downloadData called with: undefined
[90mstdout[2m | src/components/Chat/Chat.stories.tsx[2m > [22m[2mThread View Empty
[22m[39m[ChatContext] Cleaning up subscriptions
[90mstdout[2m | src/components/Chat/Chat.stories.tsx[2m > [22m[2mThread View Empty
[22m[39m[Mock Data] Unit.onUpdate() subscription removed. Remaining: 0
[90mstdout[2m | src/components/Chat/Chat.stories.tsx[2m > [22m[2mThread View Empty
[22m[39m[MOCK CourseVectorStore] Initialized with mock data
[90mstdout[2m | src/components/Chat/Chat.stories.tsx[2m > [22m[2mThread View Empty
[22m[39m[TranslationModeController] Setting mode to: off
[90mstdout[2m | src/components/Chat/Chat.stories.tsx[2m > [22m[2mThread View Empty
[22m[39m[UnitContext] useEffect triggered {
  "authLoading": false,
  "hasUser": true,
  "id": "mock-unit-id",
  "userSub": "mock-user-sub",
}
[90mstdout[2m | src/components/Chat/Chat.stories.tsx[2m > [22m[2mThread View Empty
[22m[39m[UnitContext] Fetching unit data for id: mock-unit-id
[90mstdout[2m | src/components/Chat/Chat.stories.tsx[2m > [22m[2mThread View Empty
[22m[39m[FilesContext] Initializing vector store from IndexedDB
[90mstdout[2m | src/components/Chat/Chat.stories.tsx[2m > [22m[2mThread View Empty
[22m[39m[FilesContext] fetchFiles called
[90mstdout[2m | src/components/Chat/Chat.stories.tsx[2m > [22m[2mThread View Empty
[22m[39m[FilesContext] User authenticated: mock-user-sub
[90mstdout[2m | src/components/Chat/Chat.stories.tsx[2m > [22m[2mThread View Empty
[22m[39m[FilesContext] Identity ID: us-east-1:mock-identity-123
[90mstdout[2m | src/components/Chat/Chat.stories.tsx[2m > [22m[2mThread View Empty
[22m[39m[FilesContext] About to set up File observeQuery
[90mstdout[2m | src/components/Chat/Chat.stories.tsx[2m > [22m[2mThread View Empty
[22m[39m[ChatContext] Setting up AssistantChat observeQuery
[90mstdout[2m | src/components/Chat/Chat.stories.tsx[2m > [22m[2mThread View Empty
[22m[39m[ChatContext] Waiting for subscription to initialize
[90mstdout[2m | src/components/Chat/Chat.stories.tsx[2m > [22m[2mThread View Empty
[22m[39m[SettingsContext] Setting up Settings subscription for user: mock-user-sub
[90mstdout[2m | src/components/Chat/Chat.stories.tsx[2m > [22m[2mThread View Empty
[22m[39m[Mock Data] Settings created: mock-settings-1790418778117 - notified 0 subscribers
[90mstdout[2m | src/components/Chat/Chat.stories.tsx[2m > [22m[2mThread View Empty
[22m[39m[Mock Data] Unit.onUpdate() subscription added. Total: 1
[90mstdout[2m | src/components/Chat/Chat.stories.tsx[2m > [22m[2mThread View Empty
[22m[39m[SectionContext] Section observeQuery update: 0
[90mstdout[2m | src/components/Chat/Chat.stories.tsx[2m > [22m[2mThread View Empty
[22m[39m[Mock Storage] downloadData called with: undefined
[90mstdout[2m | src/components/Chat/Chat.stories.tsx[2m > [22m[2mThread View Empty
[22m[39m[FilesContext] File observeQuery update: 6 files
[90mstdout[2m | src/components/Chat/Chat.stories.tsx[2m > [22m[2mThread View Empty
[22m[39m[ChatContext] AssistantChat initialized with 1 chats
[90mstdout[2m | src/components/Chat/Chat.stories.tsx[2m > [22m[2mThread View Empty
[22m[39m[ChatContext] Setting initial chat: mock-assistant-chat-1
[90mstdout[2m | src/components/Chat/Chat.stories.tsx[2m > [22m[2mThread View Empty
[22m[39m[MOCK CourseVectorStore] Initialized with mock data
[90mstdout[2m | src/components/Chat/Chat.stories.tsx[2m > [22m[2mComposer Default
[22m[39m[FilesContext] Vector store population triggered {
  "currentVectorStoreSize": 3,
  "documentsCount": 0,
  "filesCount": 6,
  "isInitialLoad": true,
}
[90mstdout[2m | src/components/Chat/Chat.stories.tsx[2m > [22m[2mComposer Default
[22m[39m[FilesContext] Vector store population complete - 3 total embeddings
[90mstdout[2m | src/components/Chat/Chat.stories.tsx[2m > [22m[2mComposer Default
[22m[39m[ChatContext] Chat exists and not archived, skipping creation
[90mstdout[2m | src/components/Chat/Chat.stories.tsx[2m > [22m[2mComposer Default
[22m[39m[ChatContext] Cleaning up subscriptions
[90mstdout[2m | src/components/Chat/Chat.stories.tsx[2m > [22m[2mComposer Default
[22m[39m[Mock Data] Unit.onUpdate() subscription removed. Remaining: 0
[90mstdout[2m | src/components/Chat/Chat.stories.tsx[2m > [22m[2mComposer Default
[22m[39m[MOCK CourseVectorStore] Initialized with mock data
[90mstdout[2m | src/components/Chat/Chat.stories.tsx[2m > [22m[2mComposer Default
[22m[39m[TranslationModeController] Setting mode to: off
[90mstdout[2m | src/components/Chat/Chat.stories.tsx[2m > [22m[2mComposer Default
[22m[39m[UnitContext] useEffect triggered {
  "authLoading": false,
  "hasUser": true,
  "id": "mock-unit-id",
  "userSub": "mock-user-sub",
}
[90mstdout[2m | src/components/Chat/Chat.stories.tsx[2m > [22m[2mComposer Default
[22m[39m[UnitContext] Fetching unit data for id: mock-unit-id
[90mstdout[2m | src/components/Chat/Chat.stories.tsx[2m > [22m[2mComposer Default
[22m[39m[FilesContext] Initializing vector store from IndexedDB
[90mstdout[2m | src/components/Chat/Chat.stories.tsx[2m > [22m[2mComposer Default
[22m[39m[FilesContext] fetchFiles called
[90mstdout[2m | src/components/Chat/Chat.stories.tsx[2m > [22m[2mComposer Default
[22m[39m[FilesContext] User authenticated: mock-user-sub
[90mstdout[2m | src/components/Chat/Chat.stories.tsx[2m > [22m[2mComposer Default
[22m[39m[FilesContext] Identity ID: us-east-1:mock-identity-123
[90mstdout[2m | src/components/Chat/Chat.stories.tsx[2m > [22m[2mComposer Default
[22m[39m[FilesContext] About to set up File observeQuery
[90mstdout[2m | src/components/Chat/Chat.stories.tsx[2m > [22m[2mComposer Default
[22m[39m[ChatContext] Setting up AssistantChat observeQuery
[90mstdout[2m | src/components/Chat/Chat.stories.tsx[2m > [22m[2mComposer Default
[22m[39m[ChatContext] Waiting for subscription to initialize
[90mstdout[2m | src/components/Chat/Chat.stories.tsx[2m > [22m[2mComposer Default
[22m[39m[SettingsContext] Setting up Settings subscription for user: mock-user-sub
[90mstdout[2m | src/components/Chat/Chat.stories.tsx[2m > [22m[2mComposer Default
[22m[39m[Mock Data] Settings created: mock-settings-1790418778220 - notified 0 subscribers
[90mstdout[2m | src/components/Chat/Chat.stories.tsx[2m > [22m[2mComposer Default
[22m[39m[Mock Data] Unit.onUpdate() subscription added. Total: 1
[90mstdout[2m | src/components/Chat/Chat.stories.tsx[2m > [22m[2mComposer Default
[22m[39m[SectionContext] Section observeQuery update: 0
[90mstdout[2m | src/components/Chat/Chat.stories.tsx[2m > [22m[2mComposer Default
[22m[39m[FilesContext] File observeQuery update: 6 files
[90mstdout[2m | src/components/Chat/Chat.stories.tsx[2m > [22m[2mComposer Default
[22m[39m[ChatContext] AssistantChat initialized with 1 chats
[90mstdout[2m | src/components/Chat/Chat.stories.tsx[2m > [22m[2mComposer Default
[22m[39m[ChatContext] Setting initial chat: mock-assistant-chat-1
[90mstdout[2m | src/components/Chat/Chat.stories.tsx[2m > [22m[2mComposer Default
[22m[39m[MOCK CourseVectorStore] Initialized with mock data
[90mstdout[2m | src/components/Chat/Chat.stories.tsx[2m > [22m[2mComposer Default
[22m[39m[FilesContext] Vector store population triggered {
  "currentVectorStoreSize": 3,
  "documentsCount": 0,
  "filesCount": 6,
  "isInitialLoad": true,
}
[90mstdout[2m | src/components/Chat/Chat.stories.tsx[2m > [22m[2mComposer Default
[22m[39m[FilesContext] Vector store population complete - 3 total embeddings
[90mstdout[2m | src/components/Chat/Chat.stories.tsx[2m > [22m[2mComposer Default
[22m[39m[ChatContext] Chat exists and not archived, skipping creation
[90mstdout[2m | src/components/Chat/Chat.stories.tsx[2m > [22m[2mComposer Default
[22m[39m[Mock Storage] downloadData called with: undefined
[90mstdout[2m | src/components/Chat/Chat.stories.tsx[2m > [22m[2mComposer With Reply
[22m[39m[ChatContext] Cleaning up subscriptions
[90mstdout[2m | src/components/Chat/Chat.stories.tsx[2m > [22m[2mComposer With Reply
[22m[39m[Mock Data] Unit.onUpdate() subscription removed. Remaining: 0
[90mstdout[2m | src/components/Chat/Chat.stories.tsx[2m > [22m[2mComposer With Reply
[22m[39m[MOCK CourseVectorStore] Initialized with mock data
[90mstdout[2m | src/components/Chat/Chat.stories.tsx[2m > [22m[2mComposer With Reply
[22m[39m[TranslationModeController] Setting mode to: off
[90mstdout[2m | src/components/Chat/Chat.stories.tsx[2m > [22m[2mComposer With Reply
[22m[39m[UnitContext] useEffect triggered {
  "authLoading": false,
  "hasUser": true,
  "id": "mock-unit-id",
  "userSub": "mock-user-sub",
}
[90mstdout[2m | src/components/Chat/Chat.stories.tsx[2m > [22m[2mComposer With Reply
[22m[39m[UnitContext] Fetching unit data for id: mock-unit-id
[90mstdout[2m | src/components/Chat/Chat.stories.tsx[2m > [22m[2mComposer With Reply
[22m[39m[FilesContext] Initializing vector store from IndexedDB
[90mstdout[2m | src/components/Chat/Chat.stories.tsx[2m > [22m[2mComposer With Reply
[22m[39m[FilesContext] fetchFiles called
[90mstdout[2m | src/components/Chat/Chat.stories.tsx[2m > [22m[2mComposer With Reply
[22m[39m[FilesContext] User authenticated: mock-user-sub
[90mstdout[2m | src/components/Chat/Chat.stories.tsx[2m > [22m[2mComposer With Reply
[22m[39m[FilesContext] Identity ID: us-east-1:mock-identity-123
[90mstdout[2m | src/components/Chat/Chat.stories.tsx[2m > [22m[2mComposer With Reply
[22m[39m[FilesContext] About to set up File observeQuery
[90mstdout[2m | src/components/Chat/Chat.stories.tsx[2m > [22m[2mComposer With Reply
[22m[39m[ChatContext] Setting up AssistantChat observeQuery
[90mstdout[2m | src/components/Chat/Chat.stories.tsx[2m > [22m[2mComposer With Reply
[22m[39m[ChatContext] Waiting for subscription to initialize
[90mstdout[2m | src/components/Chat/Chat.stories.tsx[2m > [22m[2mComposer With Reply
[22m[39m[SettingsContext] Setting up Settings subscription for user: mock-user-sub
[90mstdout[2m | src/components/Chat/Chat.stories.tsx[2m > [22m[2mComposer With Reply
[22m[39m[Mock Data] Settings created: mock-settings-1790418778477 - notified 0 subscribers
[90mstdout[2m | src/components/Chat/Chat.stories.tsx[2m > [22m[2mComposer With Reply
[22m[39m[Mock Data] Unit.onUpdate() subscription added. Total: 1
[90mstdout[2m | src/components/Chat/Chat.stories.tsx[2m > [22m[2mComposer With Reply
[22m[39m[SectionContext] Section observeQuery update: 0
[90mstdout[2m | src/components/Chat/Chat.stories.tsx[2m > [22m[2mComposer With Reply
[22m[39m[FilesContext] File observeQuery update: 6 files
[90mstdout[2m | src/components/Chat/Chat.stories.tsx[2m > [22m[2mComposer With Reply
[22m[39m[ChatContext] AssistantChat initialized with 1 chats
[90mstdout[2m | src/components/Chat/Chat.stories.tsx[2m > [22m[2mComposer With Reply
[22m[39m[ChatContext] Setting initial chat: mock-assistant-chat-1
[90mstdout[2m | src/components/Chat/Chat.stories.tsx[2m > [22m[2mComposer With Reply
[22m[39m[MOCK CourseVectorStore] Initialized with mock data
[90mstdout[2m | src/components/Chat/Chat.stories.tsx[2m > [22m[2mComposer With Reply
[22m[39m[FilesContext] Vector store population triggered {
  "currentVectorStoreSize": 3,
  "documentsCount": 0,
  "filesCount": 6,
  "isInitialLoad": true,
}
[90mstdout[2m | src/components/Chat/Chat.stories.tsx[2m > [22m[2mComposer With Reply
[22m[39m[FilesContext] Vector store population complete - 3 total embeddings
[90mstdout[2m | src/components/Chat/Chat.stories.tsx[2m > [22m[2mComposer With Reply
[22m[39m[ChatContext] Chat exists and not archived, skipping creation
[90mstdout[2m | src/components/Chat/Chat.stories.tsx[2m > [22m[2mComposer With Reply
[22m[39m[Mock Storage] downloadData called with: undefined
[90mstdout[2m | src/components/Chat/Chat.stories.tsx[2m > [22m[2mMention Chip Bot
[22m[39m[ChatContext] Cleaning up subscriptions
[90mstdout[2m | src/components/Chat/Chat.stories.tsx[2m > [22m[2mMention Chip Bot
[22m[39m[Mock Data] Unit.onUpdate() subscription removed. Remaining: 0
[90mstdout[2m | src/components/Chat/Chat.stories.tsx[2m > [22m[2mMention Chip Bot
[22m[39m[MOCK CourseVectorStore] Initialized with mock data
[90mstdout[2m | src/components/Chat/Chat.stories.tsx[2m > [22m[2mMention Chip Bot
[22m[39m[TranslationModeController] Setting mode to: off
[90mstdout[2m | src/components/Chat/Chat.stories.tsx[2m > [22m[2mMention Chip Bot
[22m[39m[UnitContext] useEffect triggered {
  "authLoading": false,
  "hasUser": true,
  "id": "mock-unit-id",
  "userSub": "mock-user-sub",
}
[90mstdout[2m | src/components/Chat/Chat.stories.tsx[2m > [22m[2mMention Chip Bot
[22m[39m[UnitContext] Fetching unit data for id: mock-unit-id
[90mstdout[2m | src/components/Chat/Chat.stories.tsx[2m > [22m[2mMention Chip Bot
[22m[39m[FilesContext] Initializing vector store from IndexedDB
[90mstdout[2m | src/components/Chat/Chat.stories.tsx[2m > [22m[2mMention Chip Bot
[22m[39m[FilesContext] fetchFiles called
[90mstdout[2m | src/components/Chat/Chat.stories.tsx[2m > [22m[2mMention Chip Bot
[22m[39m[FilesContext] User authenticated: mock-user-sub
[90mstdout[2m | src/components/Chat/Chat.stories.tsx[2m > [22m[2mMention Chip Bot
[22m[39m[FilesContext] Identity ID: us-east-1:mock-identity-123
[90mstdout[2m | src/components/Chat/Chat.stories.tsx[2m > [22m[2mMention Chip Bot
[22m[39m[FilesContext] About to set up File observeQuery
[90mstdout[2m | src/components/Chat/Chat.stories.tsx[2m > [22m[2mMention Chip Bot
[22m[39m[ChatContext] Setting up AssistantChat observeQuery
[90mstdout[2m | src/components/Chat/Chat.stories.tsx[2m > [22m[2mMention Chip Bot
[22m[39m[ChatContext] Waiting for subscription to initialize
[90mstdout[2m | src/components/Chat/Chat.stories.tsx[2m > [22m[2mMention Chip Bot
[22m[39m[SettingsContext] Setting up Settings subscription for user: mock-user-sub
[90mstdout[2m | src/components/Chat/Chat.stories.tsx[2m > [22m[2mMention Chip Bot
[22m[39m[Mock Data] Settings created: mock-settings-1790418778582 - notified 0 subscribers
[90mstdout[2m | src/components/Chat/Chat.stories.tsx[2m > [22m[2mMention Chip Bot
[22m[39m[Mock Data] Unit.onUpdate() subscription added. Total: 1
[90mstdout[2m | src/components/Chat/Chat.stories.tsx[2m > [22m[2mMention Chip Bot
[22m[39m[SectionContext] Section observeQuery update: 0
[90mstdout[2m | src/components/Chat/Chat.stories.tsx[2m > [22m[2mMention Chip Bot
[22m[39m[Mock Storage] downloadData called with: undefined
[90mstdout[2m | src/components/Chat/Chat.stories.tsx[2m > [22m[2mMention Chip Bot
[22m[39m[FilesContext] File observeQuery update: 6 files
[90mstdout[2m | src/components/Chat/Chat.stories.tsx[2m > [22m[2mMention Chip Bot
[22m[39m[ChatContext] AssistantChat initialized with 1 chats
[90mstdout[2m | src/components/Chat/Chat.stories.tsx[2m > [22m[2mMention Chip Bot
[22m[39m[ChatContext] Setting initial chat: mock-assistant-chat-1
[90mstdout[2m | src/components/Chat/Chat.stories.tsx[2m > [22m[2mMention Chip Bot
[22m[39m[MOCK CourseVectorStore] Initialized with mock data
[90mstdout[2m | src/components/Chat/Chat.stories.tsx[2m > [22m[2mMention Chip Bot
[22m[39m[FilesContext] Vector store population triggered {
  "currentVectorStoreSize": 3,
  "documentsCount": 0,
  "filesCount": 6,
  "isInitialLoad": true,
}
[90mstdout[2m | src/components/Chat/Chat.stories.tsx[2m > [22m[2mMention Chip Bot
[22m[39m[FilesContext] Vector store population complete - 3 total embeddings
[90mstdout[2m | src/components/Chat/Chat.stories.tsx[2m > [22m[2mMention Chip Bot
[22m[39m[ChatContext] Chat exists and not archived, skipping creation
 [32m✓[39m [30m[45m storybook (chromium) [49m[39m src/components/Chat/Chat.stories.tsx [2m([22m[2m10 tests[22m[2m)[22m[33m 1537[2mms[22m[39m
[90mstdout[2m | unknown test
[22m[39m[MOCK vectorStoreDB.js] Module loaded - mock IndexedDB operations
[90mstdout[2m | unknown test
[22m[39m[Task Completion] DOM action listeners initialized
[90mstdout[2m | unknown test
[22m[39m[Task Completion] Auto-completion detector initialized
[90mstdout[2m | unknown test
[22m[39m[Preview] Task completion detector initialized
[90mstdout[2m | src/components/Gamification/BadgeShelf.stories.tsx[2m > [22m[2mAll Earned
[22m[39m[TranslationModeController] Setting mode to: off
[90mstdout[2m | src/components/Gamification/BadgeShelf.stories.tsx[2m > [22m[2mPartially Earned
[22m[39m[TranslationModeController] Setting mode to: off
[90mstdout[2m | src/components/Gamification/BadgeShelf.stories.tsx[2m > [22m[2mEmpty
[22m[39m[TranslationModeController] Setting mode to: off
[90mstdout[2m | src/components/Gamification/BadgeShelf.stories.tsx[2m > [22m[2mTwo Columns
[22m[39m[TranslationModeController] Setting mode to: off
[90mstdout[2m | src/components/Gamification/BadgeShelf.stories.tsx[2m > [22m[2mEarned Only
[22m[39m[TranslationModeController] Setting mode to: off
[90mstdout[2m | src/components/Gamification/BadgeShelf.stories.tsx[2m > [22m[2mWith Multipliers
[22m[39m[TranslationModeController] Setting mode to: off
[90mstdout[2m | src/components/Gamification/BadgeShelf.stories.tsx[2m > [22m[2mEarned Only Empty
[22m[39m[TranslationModeController] Setting mode to: off
[90mstdout[2m | src/components/Gamification/BadgeShelf.stories.tsx[2m > [22m[2mAvatar Progression
[22m[39m[TranslationModeController] Setting mode to: off
 [32m✓[39m [30m[45m storybook (chromium) [49m[39m src/components/Gamification/BadgeShelf.stories.tsx [2m([22m[2m8 tests[22m[2m)[22m[33m 1407[2mms[22m[39m
   [33m[2m✓[22m[39m All Earned [33m 315[2mms[22m[39m
[90mstdout[2m | unknown test
[22m[39m[MOCK vectorStoreDB.js] Module loaded - mock IndexedDB operations
[90mstdout[2m | unknown test
[22m[39m[Task Completion] DOM action listeners initialized
[90mstdout[2m | unknown test
[22m[39m[Task Completion] Auto-completion detector initialized
[90mstdout[2m | unknown test
[22m[39m[Preview] Task completion detector initialized
[90mstdout[2m | src/components/PracticeDrill/PracticeDrillConfigPopup.stories.tsx[2m > [22m[2mDefault
[22m[39m[MOCK CourseVectorStore] Initialized with mock data
[90mstdout[2m | src/components/PracticeDrill/PracticeDrillConfigPopup.stories.tsx[2m > [22m[2mDefault
[22m[39m[TranslationModeController] Setting mode to: off
[90mstdout[2m | src/components/PracticeDrill/PracticeDrillConfigPopup.stories.tsx[2m > [22m[2mDefault
[22m[39m[UnitContext] useEffect triggered {
  "authLoading": false,
  "hasUser": true,
  "id": "mock-unit-id",
  "userSub": "mock-user-sub",
}
[90mstdout[2m | src/components/PracticeDrill/PracticeDrillConfigPopup.stories.tsx[2m > [22m[2mDefault
[22m[39m[UnitContext] Fetching unit data for id: mock-unit-id
[90mstdout[2m | src/components/PracticeDrill/PracticeDrillConfigPopup.stories.tsx[2m > [22m[2mDefault
[22m[39m[FilesContext] Initializing vector store from IndexedDB
[90mstdout[2m | src/components/PracticeDrill/PracticeDrillConfigPopup.stories.tsx[2m > [22m[2mDefault
[22m[39m[FilesContext] fetchFiles called
[90mstdout[2m | src/components/PracticeDrill/PracticeDrillConfigPopup.stories.tsx[2m > [22m[2mDefault
[22m[39m[FilesContext] User authenticated: mock-user-sub
[90mstdout[2m | src/components/PracticeDrill/PracticeDrillConfigPopup.stories.tsx[2m > [22m[2mDefault
[22m[39m[FilesContext] Identity ID: us-east-1:mock-identity-123
[90mstdout[2m | src/components/PracticeDrill/PracticeDrillConfigPopup.stories.tsx[2m > [22m[2mDefault
[22m[39m[FilesContext] About to set up File observeQuery
[90mstdout[2m | src/components/PracticeDrill/PracticeDrillConfigPopup.stories.tsx[2m > [22m[2mDefault
[22m[39m[ChatContext] Setting up AssistantChat observeQuery
[90mstdout[2m | src/components/PracticeDrill/PracticeDrillConfigPopup.stories.tsx[2m > [22m[2mDefault
[22m[39m[ChatContext] Waiting for subscription to initialize
[90mstdout[2m | src/components/PracticeDrill/PracticeDrillConfigPopup.stories.tsx[2m > [22m[2mDefault
[22m[39m[SettingsContext] Setting up Settings subscription for user: mock-user-sub
[90mstdout[2m | src/components/PracticeDrill/PracticeDrillConfigPopup.stories.tsx[2m > [22m[2mDefault
[22m[39m[Mock Data] Settings created: mock-settings-1790418781280 - notified 0 subscribers
[90mstdout[2m | src/components/PracticeDrill/PracticeDrillConfigPopup.stories.tsx[2m > [22m[2mDefault
[22m[39m[Mock Data] Unit.onUpdate() subscription added. Total: 1
[90mstdout[2m | src/components/PracticeDrill/PracticeDrillConfigPopup.stories.tsx[2m > [22m[2mDefault
[22m[39m[SectionContext] Section observeQuery update: 0
[90mstdout[2m | src/components/PracticeDrill/PracticeDrillConfigPopup.stories.tsx[2m > [22m[2mDefault
[22m[39m[FilesContext] File observeQuery update: 6 files
[90mstdout[2m | src/components/PracticeDrill/PracticeDrillConfigPopup.stories.tsx[2m > [22m[2mDefault
[22m[39m[ChatContext] AssistantChat initialized with 1 chats
[90mstdout[2m | src/components/PracticeDrill/PracticeDrillConfigPopup.stories.tsx[2m > [22m[2mDefault
[22m[39m[ChatContext] Setting initial chat: mock-assistant-chat-1
[90mstdout[2m | src/components/PracticeDrill/PracticeDrillConfigPopup.stories.tsx[2m > [22m[2mDefault
[22m[39m[MOCK CourseVectorStore] Initialized with mock data
[90mstdout[2m | src/components/PracticeDrill/PracticeDrillConfigPopup.stories.tsx[2m > [22m[2mDefault
[22m[39m[FilesContext] Vector store population triggered {
  "currentVectorStoreSize": 3,
  "documentsCount": 0,
  "filesCount": 6,
  "isInitialLoad": true,
}
[90mstdout[2m | src/components/PracticeDrill/PracticeDrillConfigPopup.stories.tsx[2m > [22m[2mDefault
[22m[39m[FilesContext] Vector store population complete - 3 total embeddings
[90mstdout[2m | src/components/PracticeDrill/PracticeDrillConfigPopup.stories.tsx[2m > [22m[2mDefault
[22m[39m[ChatContext] Chat exists and not archived, skipping creation
[90mstdout[2m | src/components/PracticeDrill/PracticeDrillConfigPopup.stories.tsx[2m > [22m[2mDefault
[22m[39m[Mock Storage] downloadData called with: undefined
[90mstdout[2m | src/components/PracticeDrill/PracticeDrillConfigPopup.stories.tsx[2m > [22m[2mWith Coverage
[22m[39m[ChatContext] Cleaning up subscriptions
[90mstdout[2m | src/components/PracticeDrill/PracticeDrillConfigPopup.stories.tsx[2m > [22m[2mWith Coverage
[22m[39m[Mock Data] Unit.onUpdate() subscription removed. Remaining: 0
[90mstdout[2m | src/components/PracticeDrill/PracticeDrillConfigPopup.stories.tsx[2m > [22m[2mWith Coverage
[22m[39m[MOCK CourseVectorStore] Initialized with mock data
[90mstdout[2m | src/components/PracticeDrill/PracticeDrillConfigPopup.stories.tsx[2m > [22m[2mWith Coverage
[22m[39m[TranslationModeController] Setting mode to: off
[90mstdout[2m | src/components/PracticeDrill/PracticeDrillConfigPopup.stories.tsx[2m > [22m[2mWith Coverage
[22m[39m[UnitContext] useEffect triggered {
  "authLoading": false,
  "hasUser": true,
  "id": "mock-unit-id",
  "userSub": "mock-user-sub",
}
[90mstdout[2m | src/components/PracticeDrill/PracticeDrillConfigPopup.stories.tsx[2m > [22m[2mWith Coverage
[22m[39m[UnitContext] Fetching unit data for id: mock-unit-id
[90mstdout[2m | src/components/PracticeDrill/PracticeDrillConfigPopup.stories.tsx[2m > [22m[2mWith Coverage
[22m[39m[FilesContext] Initializing vector store from IndexedDB
[90mstdout[2m | src/components/PracticeDrill/PracticeDrillConfigPopup.stories.tsx[2m > [22m[2mWith Coverage
[22m[39m[FilesContext] fetchFiles called
[90mstdout[2m | src/components/PracticeDrill/PracticeDrillConfigPopup.stories.tsx[2m > [22m[2mWith Coverage
[22m[39m[FilesContext] User authenticated: mock-user-sub
[90mstdout[2m | src/components/PracticeDrill/PracticeDrillConfigPopup.stories.tsx[2m > [22m[2mWith Coverage
[22m[39m[FilesContext] Identity ID: us-east-1:mock-identity-123
[90mstdout[2m | src/components/PracticeDrill/PracticeDrillConfigPopup.stories.tsx[2m > [22m[2mWith Coverage
[22m[39m[FilesContext] About to set up File observeQuery
[90mstdout[2m | src/components/PracticeDrill/PracticeDrillConfigPopup.stories.tsx[2m > [22m[2mWith Coverage
[22m[39m[ChatContext] Setting up AssistantChat observeQuery
[90mstdout[2m | src/components/PracticeDrill/PracticeDrillConfigPopup.stories.tsx[2m > [22m[2mWith Coverage
[22m[39m[ChatContext] Waiting for subscription to initialize
[90mstdout[2m | src/components/PracticeDrill/PracticeDrillConfigPopup.stories.tsx[2m > [22m[2mWith Coverage
[22m[39m[SettingsContext] Setting up Settings subscription for user: mock-user-sub
[90mstdout[2m | src/components/PracticeDrill/PracticeDrillConfigPopup.stories.tsx[2m > [22m[2mWith Coverage
[22m[39m[Mock Data] Settings created: mock-settings-1790418781587 - notified 0 subscribers
[90mstdout[2m | src/components/PracticeDrill/PracticeDrillConfigPopup.stories.tsx[2m > [22m[2mWith Coverage
[22m[39m[Mock Data] Unit.onUpdate() subscription added. Total: 1
[90mstdout[2m | src/components/PracticeDrill/PracticeDrillConfigPopup.stories.tsx[2m > [22m[2mWith Coverage
[22m[39m[SectionContext] Section observeQuery update: 0
[90mstdout[2m | src/components/PracticeDrill/PracticeDrillConfigPopup.stories.tsx[2m > [22m[2mWith Coverage
[22m[39m[FilesContext] File observeQuery update: 6 files
[90mstdout[2m | src/components/PracticeDrill/PracticeDrillConfigPopup.stories.tsx[2m > [22m[2mWith Coverage
[22m[39m[ChatContext] AssistantChat initialized with 1 chats
[90mstdout[2m | src/components/PracticeDrill/PracticeDrillConfigPopup.stories.tsx[2m > [22m[2mWith Coverage
[22m[39m[ChatContext] Setting initial chat: mock-assistant-chat-1
[90mstdout[2m | src/components/PracticeDrill/PracticeDrillConfigPopup.stories.tsx[2m > [22m[2mWith Coverage
[22m[39m[MOCK CourseVectorStore] Initialized with mock data
[90mstdout[2m | src/components/PracticeDrill/PracticeDrillConfigPopup.stories.tsx[2m > [22m[2mWith Coverage
[22m[39m[FilesContext] Vector store population triggered {
  "currentVectorStoreSize": 3,
  "documentsCount": 0,
  "filesCount": 6,
  "isInitialLoad": true,
}
[90mstdout[2m | src/components/PracticeDrill/PracticeDrillConfigPopup.stories.tsx[2m > [22m[2mWith Coverage
[22m[39m[FilesContext] Vector store population complete - 3 total embeddings
[90mstdout[2m | src/components/PracticeDrill/PracticeDrillConfigPopup.stories.tsx[2m > [22m[2mWith Coverage
[22m[39m[ChatContext] Chat exists and not archived, skipping creation
[90mstdout[2m | src/components/PracticeDrill/PracticeDrillConfigPopup.stories.tsx[2m > [22m[2mWith Coverage
[22m[39m[Mock Storage] downloadData called with: undefined
[90mstdout[2m | src/components/PracticeDrill/PracticeDrillConfigPopup.stories.tsx[2m > [22m[2mFull Coverage
[22m[39m[ChatContext] Cleaning up subscriptions
[90mstdout[2m | src/components/PracticeDrill/PracticeDrillConfigPopup.stories.tsx[2m > [22m[2mFull Coverage
[22m[39m[Mock Data] Unit.onUpdate() subscription removed. Remaining: 0
[90mstdout[2m | src/components/PracticeDrill/PracticeDrillConfigPopup.stories.tsx[2m > [22m[2mFull Coverage
[22m[39m[MOCK CourseVectorStore] Initialized with mock data
[90mstdout[2m | src/components/PracticeDrill/PracticeDrillConfigPopup.stories.tsx[2m > [22m[2mFull Coverage
[22m[39m[TranslationModeController] Setting mode to: off
[90mstdout[2m | src/components/PracticeDrill/PracticeDrillConfigPopup.stories.tsx[2m > [22m[2mFull Coverage
[22m[39m[UnitContext] useEffect triggered {
  "authLoading": false,
  "hasUser": true,
  "id": "mock-unit-id",
  "userSub": "mock-user-sub",
}
[90mstdout[2m | src/components/PracticeDrill/PracticeDrillConfigPopup.stories.tsx[2m > [22m[2mFull Coverage
[22m[39m[UnitContext] Fetching unit data for id: mock-unit-id
[90mstdout[2m | src/components/PracticeDrill/PracticeDrillConfigPopup.stories.tsx[2m > [22m[2mFull Coverage
[22m[39m[FilesContext] Initializing vector store from IndexedDB
[90mstdout[2m | src/components/PracticeDrill/PracticeDrillConfigPopup.stories.tsx[2m > [22m[2mFull Coverage
[22m[39m[FilesContext] fetchFiles called
[90mstdout[2m | src/components/PracticeDrill/PracticeDrillConfigPopup.stories.tsx[2m > [22m[2mFull Coverage
[22m[39m[FilesContext] User authenticated: mock-user-sub
[90mstdout[2m | src/components/PracticeDrill/PracticeDrillConfigPopup.stories.tsx[2m > [22m[2mFull Coverage
[22m[39m[FilesContext] Identity ID: us-east-1:mock-identity-123
[90mstdout[2m | src/components/PracticeDrill/PracticeDrillConfigPopup.stories.tsx[2m > [22m[2mFull Coverage
[22m[39m[FilesContext] About to set up File observeQuery
[90mstdout[2m | src/components/PracticeDrill/PracticeDrillConfigPopup.stories.tsx[2m > [22m[2mFull Coverage
[22m[39m[ChatContext] Setting up AssistantChat observeQuery
[90mstdout[2m | src/components/PracticeDrill/PracticeDrillConfigPopup.stories.tsx[2m > [22m[2mFull Coverage
[22m[39m[ChatContext] Waiting for subscription to initialize
[90mstdout[2m | src/components/PracticeDrill/PracticeDrillConfigPopup.stories.tsx[2m > [22m[2mFull Coverage
[22m[39m[SettingsContext] Setting up Settings subscription for user: mock-user-sub
[90mstdout[2m | src/components/PracticeDrill/PracticeDrillConfigPopup.stories.tsx[2m > [22m[2mFull Coverage
[22m[39m[Mock Data] Settings created: mock-settings-1790418781842 - notified 0 subscribers
[90mstdout[2m | src/components/PracticeDrill/PracticeDrillConfigPopup.stories.tsx[2m > [22m[2mFull Coverage
[22m[39m[Mock Data] Unit.onUpdate() subscription added. Total: 1
[90mstdout[2m | src/components/PracticeDrill/PracticeDrillConfigPopup.stories.tsx[2m > [22m[2mFull Coverage
[22m[39m[SectionContext] Section observeQuery update: 0
[90mstdout[2m | src/components/PracticeDrill/PracticeDrillConfigPopup.stories.tsx[2m > [22m[2mFull Coverage
[22m[39m[FilesContext] File observeQuery update: 6 files
[90mstdout[2m | src/components/PracticeDrill/PracticeDrillConfigPopup.stories.tsx[2m > [22m[2mFull Coverage
[22m[39m[ChatContext] AssistantChat initialized with 1 chats
[90mstdout[2m | src/components/PracticeDrill/PracticeDrillConfigPopup.stories.tsx[2m > [22m[2mFull Coverage
[22m[39m[ChatContext] Setting initial chat: mock-assistant-chat-1
[90mstdout[2m | src/components/PracticeDrill/PracticeDrillConfigPopup.stories.tsx[2m > [22m[2mFull Coverage
[22m[39m[MOCK CourseVectorStore] Initialized with mock data
[90mstdout[2m | src/components/PracticeDrill/PracticeDrillConfigPopup.stories.tsx[2m > [22m[2mFull Coverage
[22m[39m[FilesContext] Vector store population triggered {
  "currentVectorStoreSize": 3,
  "documentsCount": 0,
  "filesCount": 6,
  "isInitialLoad": true,
}
[90mstdout[2m | src/components/PracticeDrill/PracticeDrillConfigPopup.stories.tsx[2m > [22m[2mFull Coverage
[22m[39m[FilesContext] Vector store population complete - 3 total embeddings
[90mstdout[2m | src/components/PracticeDrill/PracticeDrillConfigPopup.stories.tsx[2m > [22m[2mFull Coverage
[22m[39m[ChatContext] Chat exists and not archived, skipping creation
[90mstdout[2m | src/components/PracticeDrill/PracticeDrillConfigPopup.stories.tsx[2m > [22m[2mFull Coverage
[22m[39m[Mock Storage] downloadData called with: undefined
[90mstdout[2m | src/components/PracticeDrill/PracticeDrillConfigPopup.stories.tsx[2m > [22m[2mVocabulary Only
[22m[39m[ChatContext] Cleaning up subscriptions
[90mstdout[2m | src/components/PracticeDrill/PracticeDrillConfigPopup.stories.tsx[2m > [22m[2mVocabulary Only
[22m[39m[Mock Data] Unit.onUpdate() subscription removed. Remaining: 0
[90mstdout[2m | src/components/PracticeDrill/PracticeDrillConfigPopup.stories.tsx[2m > [22m[2mVocabulary Only
[22m[39m[MOCK CourseVectorStore] Initialized with mock data
[90mstdout[2m | src/components/PracticeDrill/PracticeDrillConfigPopup.stories.tsx[2m > [22m[2mVocabulary Only
[22m[39m[TranslationModeController] Setting mode to: off
[90mstdout[2m | src/components/PracticeDrill/PracticeDrillConfigPopup.stories.tsx[2m > [22m[2mVocabulary Only
[22m[39m[UnitContext] useEffect triggered {
  "authLoading": false,
  "hasUser": true,
  "id": "mock-unit-id",
  "userSub": "mock-user-sub",
}
[90mstdout[2m | src/components/PracticeDrill/PracticeDrillConfigPopup.stories.tsx[2m > [22m[2mVocabulary Only
[22m[39m[UnitContext] Fetching unit data for id: mock-unit-id
[90mstdout[2m | src/components/PracticeDrill/PracticeDrillConfigPopup.stories.tsx[2m > [22m[2mVocabulary Only
[22m[39m[FilesContext] Initializing vector store from IndexedDB
[90mstdout[2m | src/components/PracticeDrill/PracticeDrillConfigPopup.stories.tsx[2m > [22m[2mVocabulary Only
[22m[39m[FilesContext] fetchFiles called
[90mstdout[2m | src/components/PracticeDrill/PracticeDrillConfigPopup.stories.tsx[2m > [22m[2mVocabulary Only
[22m[39m[FilesContext] User authenticated: mock-user-sub
[90mstdout[2m | src/components/PracticeDrill/PracticeDrillConfigPopup.stories.tsx[2m > [22m[2mVocabulary Only
[22m[39m[FilesContext] Identity ID: us-east-1:mock-identity-123
[90mstdout[2m | src/components/PracticeDrill/PracticeDrillConfigPopup.stories.tsx[2m > [22m[2mVocabulary Only
[22m[39m[FilesContext] About to set up File observeQuery
[90mstdout[2m | src/components/PracticeDrill/PracticeDrillConfigPopup.stories.tsx[2m > [22m[2mVocabulary Only
[22m[39m[ChatContext] Setting up AssistantChat observeQuery
[90mstdout[2m | src/components/PracticeDrill/PracticeDrillConfigPopup.stories.tsx[2m > [22m[2mVocabulary Only
[22m[39m[ChatContext] Waiting for subscription to initialize
[90mstdout[2m | src/components/PracticeDrill/PracticeDrillConfigPopup.stories.tsx[2m > [22m[2mVocabulary Only
[22m[39m[SettingsContext] Setting up Settings subscription for user: mock-user-sub
[90mstdout[2m | src/components/PracticeDrill/PracticeDrillConfigPopup.stories.tsx[2m > [22m[2mVocabulary Only
[22m[39m[Mock Data] Settings created: mock-settings-1790418782119 - notified 0 subscribers
[90mstdout[2m | src/components/PracticeDrill/PracticeDrillConfigPopup.stories.tsx[2m > [22m[2mVocabulary Only
[22m[39m[Mock Data] Unit.onUpdate() subscription added. Total: 1
[90mstdout[2m | src/components/PracticeDrill/PracticeDrillConfigPopup.stories.tsx[2m > [22m[2mVocabulary Only
[22m[39m[SectionContext] Section observeQuery update: 0
[90mstdout[2m | src/components/PracticeDrill/PracticeDrillConfigPopup.stories.tsx[2m > [22m[2mVocabulary Only
[22m[39m[FilesContext] File observeQuery update: 6 files
[90mstdout[2m | src/components/PracticeDrill/PracticeDrillConfigPopup.stories.tsx[2m > [22m[2mVocabulary Only
[22m[39m[ChatContext] AssistantChat initialized with 1 chats
[90mstdout[2m | src/components/PracticeDrill/PracticeDrillConfigPopup.stories.tsx[2m > [22m[2mVocabulary Only
[22m[39m[ChatContext] Setting initial chat: mock-assistant-chat-1
[90mstdout[2m | src/components/PracticeDrill/PracticeDrillConfigPopup.stories.tsx[2m > [22m[2mVocabulary Only
[22m[39m[MOCK CourseVectorStore] Initialized with mock data
[90mstdout[2m | src/components/PracticeDrill/PracticeDrillConfigPopup.stories.tsx[2m > [22m[2mVocabulary Only
[22m[39m[FilesContext] Vector store population triggered {
  "currentVectorStoreSize": 3,
  "documentsCount": 0,
  "filesCount": 6,
  "isInitialLoad": true,
}
[90mstdout[2m | src/components/PracticeDrill/PracticeDrillConfigPopup.stories.tsx[2m > [22m[2mVocabulary Only
[22m[39m[FilesContext] Vector store population complete - 3 total embeddings
[90mstdout[2m | src/components/PracticeDrill/PracticeDrillConfigPopup.stories.tsx[2m > [22m[2mVocabulary Only
[22m[39m[ChatContext] Chat exists and not archived, skipping creation
[90mstdout[2m | src/components/PracticeDrill/PracticeDrillConfigPopup.stories.tsx[2m > [22m[2mVocabulary Only
[22m[39m[Mock Storage] downloadData called with: undefined
[90mstdout[2m | src/components/PracticeDrill/PracticeDrillConfigPopup.stories.tsx[2m > [22m[2mNo Content
[22m[39m[ChatContext] Cleaning up subscriptions
[90mstdout[2m | src/components/PracticeDrill/PracticeDrillConfigPopup.stories.tsx[2m > [22m[2mNo Content
[22m[39m[Mock Data] Unit.onUpdate() subscription removed. Remaining: 0
[90mstdout[2m | src/components/PracticeDrill/PracticeDrillConfigPopup.stories.tsx[2m > [22m[2mNo Content
[22m[39m[MOCK CourseVectorStore] Initialized with mock data
[90mstdout[2m | src/components/PracticeDrill/PracticeDrillConfigPopup.stories.tsx[2m > [22m[2mNo Content
[22m[39m[TranslationModeController] Setting mode to: off
[90mstdout[2m | src/components/PracticeDrill/PracticeDrillConfigPopup.stories.tsx[2m > [22m[2mNo Content
[22m[39m[UnitContext] useEffect triggered {
  "authLoading": false,
  "hasUser": true,
  "id": "mock-unit-id",
  "userSub": "mock-user-sub",
}
[90mstdout[2m | src/components/PracticeDrill/PracticeDrillConfigPopup.stories.tsx[2m > [22m[2mNo Content
[22m[39m[UnitContext] Fetching unit data for id: mock-unit-id
[90mstdout[2m | src/components/PracticeDrill/PracticeDrillConfigPopup.stories.tsx[2m > [22m[2mNo Content
[22m[39m[FilesContext] Initializing vector store from IndexedDB
[90mstdout[2m | src/components/PracticeDrill/PracticeDrillConfigPopup.stories.tsx[2m > [22m[2mNo Content
[22m[39m[FilesContext] fetchFiles called
[90mstdout[2m | src/components/PracticeDrill/PracticeDrillConfigPopup.stories.tsx[2m > [22m[2mNo Content
[22m[39m[FilesContext] User authenticated: mock-user-sub
[90mstdout[2m | src/components/PracticeDrill/PracticeDrillConfigPopup.stories.tsx[2m > [22m[2mNo Content
[22m[39m[FilesContext] Identity ID: us-east-1:mock-identity-123
[90mstdout[2m | src/components/PracticeDrill/PracticeDrillConfigPopup.stories.tsx[2m > [22m[2mNo Content
[22m[39m[FilesContext] About to set up File observeQuery
[90mstdout[2m | src/components/PracticeDrill/PracticeDrillConfigPopup.stories.tsx[2m > [22m[2mNo Content
[22m[39m[ChatContext] Setting up AssistantChat observeQuery
[90mstdout[2m | src/components/PracticeDrill/PracticeDrillConfigPopup.stories.tsx[2m > [22m[2mNo Content
[22m[39m[ChatContext] Waiting for subscription to initialize
[90mstdout[2m | src/components/PracticeDrill/PracticeDrillConfigPopup.stories.tsx[2m > [22m[2mNo Content
[22m[39m[SettingsContext] Setting up Settings subscription for user: mock-user-sub
[90mstdout[2m | src/components/PracticeDrill/PracticeDrillConfigPopup.stories.tsx[2m > [22m[2mNo Content
[22m[39m[Mock Data] Settings created: mock-settings-1790418782363 - notified 0 subscribers
[90mstdout[2m | src/components/PracticeDrill/PracticeDrillConfigPopup.stories.tsx[2m > [22m[2mNo Content
[22m[39m[Mock Data] Unit.onUpdate() subscription added. Total: 1
[90mstdout[2m | src/components/PracticeDrill/PracticeDrillConfigPopup.stories.tsx[2m > [22m[2mNo Content
[22m[39m[SectionContext] Section observeQuery update: 0
[90mstdout[2m | src/components/PracticeDrill/PracticeDrillConfigPopup.stories.tsx[2m > [22m[2mNo Content
[22m[39m[FilesContext] File observeQuery update: 6 files
[90mstdout[2m | src/components/PracticeDrill/PracticeDrillConfigPopup.stories.tsx[2m > [22m[2mNo Content
[22m[39m[ChatContext] AssistantChat initialized with 1 chats
[90mstdout[2m | src/components/PracticeDrill/PracticeDrillConfigPopup.stories.tsx[2m > [22m[2mNo Content
[22m[39m[ChatContext] Setting initial chat: mock-assistant-chat-1
[90mstdout[2m | src/components/PracticeDrill/PracticeDrillConfigPopup.stories.tsx[2m > [22m[2mNo Content
[22m[39m[MOCK CourseVectorStore] Initialized with mock data
[90mstdout[2m | src/components/PracticeDrill/PracticeDrillConfigPopup.stories.tsx[2m > [22m[2mNo Content
[22m[39m[FilesContext] Vector store population triggered {
  "currentVectorStoreSize": 3,
  "documentsCount": 0,
  "filesCount": 6,
  "isInitialLoad": true,
}
[90mstdout[2m | src/components/PracticeDrill/PracticeDrillConfigPopup.stories.tsx[2m > [22m[2mNo Content
[22m[39m[FilesContext] Vector store population complete - 3 total embeddings
[90mstdout[2m | src/components/PracticeDrill/PracticeDrillConfigPopup.stories.tsx[2m > [22m[2mNo Content
[22m[39m[ChatContext] Chat exists and not archived, skipping creation
[90mstdout[2m | src/components/PracticeDrill/PracticeDrillConfigPopup.stories.tsx[2m > [22m[2mNo Content
[22m[39m[Mock Storage] downloadData called with: undefined
[90mstdout[2m | src/components/PracticeDrill/PracticeDrillConfigPopup.stories.tsx[2m > [22m[2mLoading
[22m[39m[ChatContext] Cleaning up subscriptions
[90mstdout[2m | src/components/PracticeDrill/PracticeDrillConfigPopup.stories.tsx[2m > [22m[2mLoading
[22m[39m[Mock Data] Unit.onUpdate() subscription removed. Remaining: 0
[90mstdout[2m | src/components/PracticeDrill/PracticeDrillConfigPopup.stories.tsx[2m > [22m[2mLoading
[22m[39m[MOCK CourseVectorStore] Initialized with mock data
[90mstdout[2m | src/components/PracticeDrill/PracticeDrillConfigPopup.stories.tsx[2m > [22m[2mLoading
[22m[39m[TranslationModeController] Setting mode to: off
[90mstdout[2m | src/components/PracticeDrill/PracticeDrillConfigPopup.stories.tsx[2m > [22m[2mLoading
[22m[39m[UnitContext] useEffect triggered {
  "authLoading": false,
  "hasUser": true,
  "id": "mock-unit-id",
  "userSub": "mock-user-sub",
}
[90mstdout[2m | src/components/PracticeDrill/PracticeDrillConfigPopup.stories.tsx[2m > [22m[2mLoading
[22m[39m[UnitContext] Fetching unit data for id: mock-unit-id
[90mstdout[2m | src/components/PracticeDrill/PracticeDrillConfigPopup.stories.tsx[2m > [22m[2mLoading
[22m[39m[FilesContext] Initializing vector store from IndexedDB
[90mstdout[2m | src/components/PracticeDrill/PracticeDrillConfigPopup.stories.tsx[2m > [22m[2mLoading
[22m[39m[FilesContext] fetchFiles called
[90mstdout[2m | src/components/PracticeDrill/PracticeDrillConfigPopup.stories.tsx[2m > [22m[2mLoading
[22m[39m[FilesContext] User authenticated: mock-user-sub
[90mstdout[2m | src/components/PracticeDrill/PracticeDrillConfigPopup.stories.tsx[2m > [22m[2mLoading
[22m[39m[FilesContext] Identity ID: us-east-1:mock-identity-123
[90mstdout[2m | src/components/PracticeDrill/PracticeDrillConfigPopup.stories.tsx[2m > [22m[2mLoading
[22m[39m[FilesContext] About to set up File observeQuery
[90mstdout[2m | src/components/PracticeDrill/PracticeDrillConfigPopup.stories.tsx[2m > [22m[2mLoading
[22m[39m[ChatContext] Setting up AssistantChat observeQuery
[90mstdout[2m | src/components/PracticeDrill/PracticeDrillConfigPopup.stories.tsx[2m > [22m[2mLoading
[22m[39m[ChatContext] Waiting for subscription to initialize
[90mstdout[2m | src/components/PracticeDrill/PracticeDrillConfigPopup.stories.tsx[2m > [22m[2mLoading
[22m[39m[SettingsContext] Setting up Settings subscription for user: mock-user-sub
[90mstdout[2m | src/components/PracticeDrill/PracticeDrillConfigPopup.stories.tsx[2m > [22m[2mLoading
[22m[39m[Mock Data] Settings created: mock-settings-1790418782616 - notified 0 subscribers
[90mstdout[2m | src/components/PracticeDrill/PracticeDrillConfigPopup.stories.tsx[2m > [22m[2mLoading
[22m[39m[Mock Data] Unit.onUpdate() subscription added. Total: 1
[90mstdout[2m | src/components/PracticeDrill/PracticeDrillConfigPopup.stories.tsx[2m > [22m[2mLoading
[22m[39m[SectionContext] Section observeQuery update: 0
[90mstdout[2m | src/components/PracticeDrill/PracticeDrillConfigPopup.stories.tsx[2m > [22m[2mLoading
[22m[39m[FilesContext] File observeQuery update: 6 files
[90mstdout[2m | src/components/PracticeDrill/PracticeDrillConfigPopup.stories.tsx[2m > [22m[2mLoading
[22m[39m[ChatContext] AssistantChat initialized with 1 chats
[90mstdout[2m | src/components/PracticeDrill/PracticeDrillConfigPopup.stories.tsx[2m > [22m[2mLoading
[22m[39m[ChatContext] Setting initial chat: mock-assistant-chat-1
[90mstdout[2m | src/components/PracticeDrill/PracticeDrillConfigPopup.stories.tsx[2m > [22m[2mLoading
[22m[39m[MOCK CourseVectorStore] Initialized with mock data
[90mstdout[2m | src/components/PracticeDrill/PracticeDrillConfigPopup.stories.tsx[2m > [22m[2mLoading
[22m[39m[FilesContext] Vector store population triggered {
  "currentVectorStoreSize": 3,
  "documentsCount": 0,
  "filesCount": 6,
  "isInitialLoad": true,
}
[90mstdout[2m | src/components/PracticeDrill/PracticeDrillConfigPopup.stories.tsx[2m > [22m[2mLoading
[22m[39m[FilesContext] Vector store population complete - 3 total embeddings
[90mstdout[2m | src/components/PracticeDrill/PracticeDrillConfigPopup.stories.tsx[2m > [22m[2mLoading
[22m[39m[ChatContext] Chat exists and not archived, skipping creation
[90mstdout[2m | src/components/PracticeDrill/PracticeDrillConfigPopup.stories.tsx[2m > [22m[2mLoading
[22m[39m[Mock Storage] downloadData called with: undefined
[90mstdout[2m | src/components/PracticeDrill/PracticeDrillConfigPopup.stories.tsx[2m > [22m[2mPre Configured From Chat
[22m[39m[ChatContext] Cleaning up subscriptions
[90mstdout[2m | src/components/PracticeDrill/PracticeDrillConfigPopup.stories.tsx[2m > [22m[2mPre Configured From Chat
[22m[39m[Mock Data] Unit.onUpdate() subscription removed. Remaining: 0
[90mstdout[2m | src/components/PracticeDrill/PracticeDrillConfigPopup.stories.tsx[2m > [22m[2mPre Configured From Chat
[22m[39m[MOCK CourseVectorStore] Initialized with mock data
[90mstdout[2m | src/components/PracticeDrill/PracticeDrillConfigPopup.stories.tsx[2m > [22m[2mPre Configured From Chat
[22m[39m[TranslationModeController] Setting mode to: off
[90mstdout[2m | src/components/PracticeDrill/PracticeDrillConfigPopup.stories.tsx[2m > [22m[2mPre Configured From Chat
[22m[39m[UnitContext] useEffect triggered {
  "authLoading": false,
  "hasUser": true,
  "id": "mock-unit-id",
  "userSub": "mock-user-sub",
}
[90mstdout[2m | src/components/PracticeDrill/PracticeDrillConfigPopup.stories.tsx[2m > [22m[2mPre Configured From Chat
[22m[39m[UnitContext] Fetching unit data for id: mock-unit-id
[90mstdout[2m | src/components/PracticeDrill/PracticeDrillConfigPopup.stories.tsx[2m > [22m[2mPre Configured From Chat
[22m[39m[FilesContext] Initializing vector store from IndexedDB
[90mstdout[2m | src/components/PracticeDrill/PracticeDrillConfigPopup.stories.tsx[2m > [22m[2mPre Configured From Chat
[22m[39m[FilesContext] fetchFiles called
[90mstdout[2m | src/components/PracticeDrill/PracticeDrillConfigPopup.stories.tsx[2m > [22m[2mPre Configured From Chat
[22m[39m[FilesContext] User authenticated: mock-user-sub
[90mstdout[2m | src/components/PracticeDrill/PracticeDrillConfigPopup.stories.tsx[2m > [22m[2mPre Configured From Chat
[22m[39m[FilesContext] Identity ID: us-east-1:mock-identity-123
[90mstdout[2m | src/components/PracticeDrill/PracticeDrillConfigPopup.stories.tsx[2m > [22m[2mPre Configured From Chat
[22m[39m[FilesContext] About to set up File observeQuery
[90mstdout[2m | src/components/PracticeDrill/PracticeDrillConfigPopup.stories.tsx[2m > [22m[2mPre Configured From Chat
[22m[39m[ChatContext] Setting up AssistantChat observeQuery
[90mstdout[2m | src/components/PracticeDrill/PracticeDrillConfigPopup.stories.tsx[2m > [22m[2mPre Configured From Chat
[22m[39m[ChatContext] Waiting for subscription to initialize
[90mstdout[2m | src/components/PracticeDrill/PracticeDrillConfigPopup.stories.tsx[2m > [22m[2mPre Configured From Chat
[22m[39m[SettingsContext] Setting up Settings subscription for user: mock-user-sub
[90mstdout[2m | src/components/PracticeDrill/PracticeDrillConfigPopup.stories.tsx[2m > [22m[2mPre Configured From Chat
[22m[39m[Mock Data] Settings created: mock-settings-1790418782885 - notified 0 subscribers
[90mstdout[2m | src/components/PracticeDrill/PracticeDrillConfigPopup.stories.tsx[2m > [22m[2mPre Configured From Chat
[22m[39m[Mock Data] Unit.onUpdate() subscription added. Total: 1
[90mstdout[2m | src/components/PracticeDrill/PracticeDrillConfigPopup.stories.tsx[2m > [22m[2mPre Configured From Chat
[22m[39m[SectionContext] Section observeQuery update: 0
[90mstdout[2m | src/components/PracticeDrill/PracticeDrillConfigPopup.stories.tsx[2m > [22m[2mPre Configured From Chat
[22m[39m[FilesContext] File observeQuery update: 6 files
[90mstdout[2m | src/components/PracticeDrill/PracticeDrillConfigPopup.stories.tsx[2m > [22m[2mPre Configured From Chat
[22m[39m[ChatContext] AssistantChat initialized with 1 chats
[90mstdout[2m | src/components/PracticeDrill/PracticeDrillConfigPopup.stories.tsx[2m > [22m[2mPre Configured From Chat
[22m[39m[ChatContext] Setting initial chat: mock-assistant-chat-1
[90mstdout[2m | src/components/PracticeDrill/PracticeDrillConfigPopup.stories.tsx[2m > [22m[2mPre Configured From Chat
[22m[39m[MOCK CourseVectorStore] Initialized with mock data
[90mstdout[2m | src/components/PracticeDrill/PracticeDrillConfigPopup.stories.tsx[2m > [22m[2mPre Configured From Chat
[22m[39m[FilesContext] Vector store population triggered {
  "currentVectorStoreSize": 3,
  "documentsCount": 0,
  "filesCount": 6,
  "isInitialLoad": true,
}
[90mstdout[2m | src/components/PracticeDrill/PracticeDrillConfigPopup.stories.tsx[2m > [22m[2mPre Configured From Chat
[22m[39m[FilesContext] Vector store population complete - 3 total embeddings
[90mstdout[2m | src/components/PracticeDrill/PracticeDrillConfigPopup.stories.tsx[2m > [22m[2mPre Configured From Chat
[22m[39m[ChatContext] Chat exists and not archived, skipping creation
[90mstdout[2m | src/components/PracticeDrill/PracticeDrillConfigPopup.stories.tsx[2m > [22m[2mPre Configured From Chat
[22m[39m[Mock Storage] downloadData called with: undefined
 [32m✓[39m [30m[45m storybook (chromium) [49m[39m src/components/PracticeDrill/PracticeDrillConfigPopup.stories.tsx [2m([22m[2m7 tests[22m[2m)[22m[33m 1922[2mms[22m[39m
   [33m[2m✓[22m[39m Default [33m 347[2mms[22m[39m
[90mstdout[2m | unknown test
[22m[39m[MOCK vectorStoreDB.js] Module loaded - mock IndexedDB operations
[90mstdout[2m | unknown test
[22m[39m[Task Completion] DOM action listeners initialized
[90mstdout[2m | unknown test
[22m[39m[Task Completion] Auto-completion detector initialized
[90mstdout[2m | unknown test
[22m[39m[Preview] Task completion detector initialized
[90mstdout[2m | src/components/Gamification/BadgeEditor.stories.tsx[2m > [22m[2mDefault
[22m[39m[TranslationModeController] Setting mode to: off
[90mstdout[2m | src/components/Gamification/BadgeEditor.stories.tsx[2m > [22m[2mWith Custom Badges
[22m[39m[TranslationModeController] Setting mode to: off
 [32m✓[39m [30m[45m storybook (chromium) [49m[39m src/components/Gamification/BadgeEditor.stories.tsx [2m([22m[2m2 tests[22m[2m)[22m[33m 2218[2mms[22m[39m
   [33m[2m✓[22m[39m Default [33m 1285[2mms[22m[39m
   [33m[2m✓[22m[39m With Custom Badges [33m 932[2mms[22m[39m
[90mstdout[2m | unknown test
[22m[39m[MOCK vectorStoreDB.js] Module loaded - mock IndexedDB operations
[90mstdout[2m | unknown test
[22m[39m[Task Completion] DOM action listeners initialized
[90mstdout[2m | unknown test
[22m[39m[Task Completion] Auto-completion detector initialized
[90mstdout[2m | unknown test
[22m[39m[Preview] Task completion detector initialized
[90mstdout[2m | src/components/ChatSidebar/EditableBlockPreview.stories.jsx[2m > [22m[2mQuiz Block
[22m[39m[MOCK CourseVectorStore] Initialized with mock data
[90mstdout[2m | src/components/ChatSidebar/EditableBlockPreview.stories.jsx[2m > [22m[2mQuiz Block
[22m[39m[TranslationModeController] Setting mode to: off
[90mstdout[2m | src/components/ChatSidebar/EditableBlockPreview.stories.jsx[2m > [22m[2mQuiz Block
[22m[39m[UnitContext] useEffect triggered {
  "authLoading": false,
  "hasUser": true,
  "id": "mock-unit-id",
  "userSub": "mock-user-sub",
}
[90mstdout[2m | src/components/ChatSidebar/EditableBlockPreview.stories.jsx[2m > [22m[2mQuiz Block
[22m[39m[UnitContext] Fetching unit data for id: mock-unit-id
[90mstdout[2m | src/components/ChatSidebar/EditableBlockPreview.stories.jsx[2m > [22m[2mQuiz Block
[22m[39m[FilesContext] Initializing vector store from IndexedDB
[90mstdout[2m | src/components/ChatSidebar/EditableBlockPreview.stories.jsx[2m > [22m[2mQuiz Block
[22m[39m[FilesContext] fetchFiles called
[90mstdout[2m | src/components/ChatSidebar/EditableBlockPreview.stories.jsx[2m > [22m[2mQuiz Block
[22m[39m[FilesContext] User authenticated: mock-user-sub
[90mstdout[2m | src/components/ChatSidebar/EditableBlockPreview.stories.jsx[2m > [22m[2mQuiz Block
[22m[39m[FilesContext] Identity ID: us-east-1:mock-identity-123
[90mstdout[2m | src/components/ChatSidebar/EditableBlockPreview.stories.jsx[2m > [22m[2mQuiz Block
[22m[39m[FilesContext] About to set up File observeQuery
[90mstdout[2m | src/components/ChatSidebar/EditableBlockPreview.stories.jsx[2m > [22m[2mQuiz Block
[22m[39m[ChatContext] Setting up AssistantChat observeQuery
[90mstdout[2m | src/components/ChatSidebar/EditableBlockPreview.stories.jsx[2m > [22m[2mQuiz Block
[22m[39m[ChatContext] Waiting for subscription to initialize
[90mstdout[2m | src/components/ChatSidebar/EditableBlockPreview.stories.jsx[2m > [22m[2mQuiz Block
[22m[39m[SettingsContext] Setting up Settings subscription for user: mock-user-sub
[90mstdout[2m | src/components/ChatSidebar/EditableBlockPreview.stories.jsx[2m > [22m[2mQuiz Block
[22m[39m[Mock Data] Settings created: mock-settings-1790418789781 - notified 0 subscribers
[90mstdout[2m | src/components/ChatSidebar/EditableBlockPreview.stories.jsx[2m > [22m[2mQuiz Block
[22m[39m[Mock Data] Unit.onUpdate() subscription added. Total: 1
[90mstdout[2m | src/components/ChatSidebar/EditableBlockPreview.stories.jsx[2m > [22m[2mQuiz Block
[22m[39m[SectionContext] Section observeQuery update: 0
[90mstdout[2m | src/components/ChatSidebar/EditableBlockPreview.stories.jsx[2m > [22m[2mQuiz Block
[22m[39m[FilesContext] File observeQuery update: 6 files
[90mstdout[2m | src/components/ChatSidebar/EditableBlockPreview.stories.jsx[2m > [22m[2mQuiz Block
[22m[39m[ChatContext] AssistantChat initialized with 1 chats
[90mstdout[2m | src/components/ChatSidebar/EditableBlockPreview.stories.jsx[2m > [22m[2mQuiz Block
[22m[39m[ChatContext] Setting initial chat: mock-assistant-chat-1
[90mstdout[2m | src/components/ChatSidebar/EditableBlockPreview.stories.jsx[2m > [22m[2mQuiz Block
[22m[39m[MOCK CourseVectorStore] Initialized with mock data
[90mstdout[2m | src/components/ChatSidebar/EditableBlockPreview.stories.jsx[2m > [22m[2mQuiz Block
[22m[39m[FilesContext] Vector store population triggered {
  "currentVectorStoreSize": 3,
  "documentsCount": 0,
  "filesCount": 6,
  "isInitialLoad": true,
}
[90mstdout[2m | src/components/ChatSidebar/EditableBlockPreview.stories.jsx[2m > [22m[2mQuiz Block
[22m[39m[FilesContext] Vector store population complete - 3 total embeddings
[90mstdout[2m | src/components/ChatSidebar/EditableBlockPreview.stories.jsx[2m > [22m[2mQuiz Block
[22m[39m[ChatContext] Chat exists and not archived, skipping creation
[90mstdout[2m | src/components/ChatSidebar/EditableBlockPreview.stories.jsx[2m > [22m[2mQuiz Block
[22m[39m[Mock Storage] downloadData called with: undefined
[90mstdout[2m | src/components/ChatSidebar/EditableBlockPreview.stories.jsx[2m > [22m[2mAnswer Block
[22m[39m[ChatContext] Cleaning up subscriptions
[90mstdout[2m | src/components/ChatSidebar/EditableBlockPreview.stories.jsx[2m > [22m[2mAnswer Block
[22m[39m[Mock Data] Unit.onUpdate() subscription removed. Remaining: 0
[90mstdout[2m | src/components/ChatSidebar/EditableBlockPreview.stories.jsx[2m > [22m[2mAnswer Block
[22m[39m[MOCK CourseVectorStore] Initialized with mock data
[90mstdout[2m | src/components/ChatSidebar/EditableBlockPreview.stories.jsx[2m > [22m[2mAnswer Block
[22m[39m[Mock Data] seedMockWords: Adding 2 words
[90mstdout[2m | src/components/ChatSidebar/EditableBlockPreview.stories.jsx[2m > [22m[2mAnswer Block
[22m[39m[TranslationModeController] Setting mode to: off
[90mstdout[2m | src/components/ChatSidebar/EditableBlockPreview.stories.jsx[2m > [22m[2mAnswer Block
[22m[39m[UnitContext] useEffect triggered {
  "authLoading": false,
  "hasUser": true,
  "id": "mock-unit-id",
  "userSub": "mock-user-sub",
}
[90mstdout[2m | src/components/ChatSidebar/EditableBlockPreview.stories.jsx[2m > [22m[2mAnswer Block
[22m[39m[UnitContext] Fetching unit data for id: mock-unit-id
[90mstdout[2m | src/components/ChatSidebar/EditableBlockPreview.stories.jsx[2m > [22m[2mAnswer Block
[22m[39m[FilesContext] Initializing vector store from IndexedDB
[90mstdout[2m | src/components/ChatSidebar/EditableBlockPreview.stories.jsx[2m > [22m[2mAnswer Block
[22m[39m[FilesContext] fetchFiles called
[90mstdout[2m | src/components/ChatSidebar/EditableBlockPreview.stories.jsx[2m > [22m[2mAnswer Block
[22m[39m[FilesContext] User authenticated: mock-user-sub
[90mstdout[2m | src/components/ChatSidebar/EditableBlockPreview.stories.jsx[2m > [22m[2mAnswer Block
[22m[39m[FilesContext] Identity ID: us-east-1:mock-identity-123
[90mstdout[2m | src/components/ChatSidebar/EditableBlockPreview.stories.jsx[2m > [22m[2mAnswer Block
[22m[39m[FilesContext] About to set up File observeQuery
[90mstdout[2m | src/components/ChatSidebar/EditableBlockPreview.stories.jsx[2m > [22m[2mAnswer Block
[22m[39m[ChatContext] Setting up AssistantChat observeQuery
[90mstdout[2m | src/components/ChatSidebar/EditableBlockPreview.stories.jsx[2m > [22m[2mAnswer Block
[22m[39m[ChatContext] Waiting for subscription to initialize
[90mstdout[2m | src/components/ChatSidebar/EditableBlockPreview.stories.jsx[2m > [22m[2mAnswer Block
[22m[39m[SettingsContext] Setting up Settings subscription for user: mock-user-sub
[90mstdout[2m | src/components/ChatSidebar/EditableBlockPreview.stories.jsx[2m > [22m[2mAnswer Block
[22m[39m[Mock Data] Settings created: mock-settings-1790418790152 - notified 0 subscribers
[90mstdout[2m | src/components/ChatSidebar/EditableBlockPreview.stories.jsx[2m > [22m[2mAnswer Block
[22m[39m[Mock Data] Unit.onUpdate() subscription added. Total: 1
[90mstdout[2m | src/components/ChatSidebar/EditableBlockPreview.stories.jsx[2m > [22m[2mAnswer Block
[22m[39m[SectionContext] Section observeQuery update: 0
[90mstdout[2m | src/components/ChatSidebar/EditableBlockPreview.stories.jsx[2m > [22m[2mAnswer Block
[22m[39m[FilesContext] File observeQuery update: 6 files
[90mstdout[2m | src/components/ChatSidebar/EditableBlockPreview.stories.jsx[2m > [22m[2mAnswer Block
[22m[39m[ChatContext] AssistantChat initialized with 1 chats
[90mstdout[2m | src/components/ChatSidebar/EditableBlockPreview.stories.jsx[2m > [22m[2mAnswer Block
[22m[39m[ChatContext] Setting initial chat: mock-assistant-chat-1
[90mstdout[2m | src/components/ChatSidebar/EditableBlockPreview.stories.jsx[2m > [22m[2mAnswer Block
[22m[39m[MOCK CourseVectorStore] Initialized with mock data
[90mstdout[2m | src/components/ChatSidebar/EditableBlockPreview.stories.jsx[2m > [22m[2mAnswer Block
[22m[39m[FilesContext] Vector store population triggered {
  "currentVectorStoreSize": 3,
  "documentsCount": 0,
  "filesCount": 6,
  "isInitialLoad": true,
}
[90mstdout[2m | src/components/ChatSidebar/EditableBlockPreview.stories.jsx[2m > [22m[2mAnswer Block
[22m[39m[FilesContext] Vector store population complete - 3 total embeddings
[90mstdout[2m | src/components/ChatSidebar/EditableBlockPreview.stories.jsx[2m > [22m[2mAnswer Block
[22m[39m[ChatContext] Chat exists and not archived, skipping creation
[90mstdout[2m | src/components/ChatSidebar/EditableBlockPreview.stories.jsx[2m > [22m[2mAnswer Block
[22m[39m[Mock Storage] downloadData called with: undefined
[90mstdout[2m | src/components/ChatSidebar/EditableBlockPreview.stories.jsx[2m > [22m[2mMeaning Association Block
[22m[39m[ChatContext] Cleaning up subscriptions
[90mstdout[2m | src/components/ChatSidebar/EditableBlockPreview.stories.jsx[2m > [22m[2mMeaning Association Block
[22m[39m[Mock Data] Unit.onUpdate() subscription removed. Remaining: 0
[90mstdout[2m | src/components/ChatSidebar/EditableBlockPreview.stories.jsx[2m > [22m[2mMeaning Association Block
[22m[39m[MOCK CourseVectorStore] Initialized with mock data
[90mstdout[2m | src/components/ChatSidebar/EditableBlockPreview.stories.jsx[2m > [22m[2mMeaning Association Block
[22m[39m[Mock Data] seedMockWords: Adding 2 words
[90mstdout[2m | src/components/ChatSidebar/EditableBlockPreview.stories.jsx[2m > [22m[2mMeaning Association Block
[22m[39m[TranslationModeController] Setting mode to: off
[90mstdout[2m | src/components/ChatSidebar/EditableBlockPreview.stories.jsx[2m > [22m[2mMeaning Association Block
[22m[39m[UnitContext] useEffect triggered {
  "authLoading": false,
  "hasUser": true,
  "id": "mock-unit-id",
  "userSub": "mock-user-sub",
}
[90mstdout[2m | src/components/ChatSidebar/EditableBlockPreview.stories.jsx[2m > [22m[2mMeaning Association Block
[22m[39m[UnitContext] Fetching unit data for id: mock-unit-id
[90mstdout[2m | src/components/ChatSidebar/EditableBlockPreview.stories.jsx[2m > [22m[2mMeaning Association Block
[22m[39m[FilesContext] Initializing vector store from IndexedDB
[90mstdout[2m | src/components/ChatSidebar/EditableBlockPreview.stories.jsx[2m > [22m[2mMeaning Association Block
[22m[39m[FilesContext] fetchFiles called
[90mstdout[2m | src/components/ChatSidebar/EditableBlockPreview.stories.jsx[2m > [22m[2mMeaning Association Block
[22m[39m[FilesContext] User authenticated: mock-user-sub
[90mstdout[2m | src/components/ChatSidebar/EditableBlockPreview.stories.jsx[2m > [22m[2mMeaning Association Block
[22m[39m[FilesContext] Identity ID: us-east-1:mock-identity-123
[90mstdout[2m | src/components/ChatSidebar/EditableBlockPreview.stories.jsx[2m > [22m[2mMeaning Association Block
[22m[39m[FilesContext] About to set up File observeQuery
[90mstdout[2m | src/components/ChatSidebar/EditableBlockPreview.stories.jsx[2m > [22m[2mMeaning Association Block
[22m[39m[ChatContext] Setting up AssistantChat observeQuery
[90mstdout[2m | src/components/ChatSidebar/EditableBlockPreview.stories.jsx[2m > [22m[2mMeaning Association Block
[22m[39m[ChatContext] Waiting for subscription to initialize
[90mstdout[2m | src/components/ChatSidebar/EditableBlockPreview.stories.jsx[2m > [22m[2mMeaning Association Block
[22m[39m[SettingsContext] Setting up Settings subscription for user: mock-user-sub
[90mstdout[2m | src/components/ChatSidebar/EditableBlockPreview.stories.jsx[2m > [22m[2mMeaning Association Block
[22m[39m[Mock Data] Settings created: mock-settings-1790418790614 - notified 0 subscribers
[90mstdout[2m | src/components/ChatSidebar/EditableBlockPreview.stories.jsx[2m > [22m[2mMeaning Association Block
[22m[39m[Mock Data] Unit.onUpdate() subscription added. Total: 1
[90mstdout[2m | src/components/ChatSidebar/EditableBlockPreview.stories.jsx[2m > [22m[2mMeaning Association Block
[22m[39m[SectionContext] Section observeQuery update: 0
[90mstdout[2m | src/components/ChatSidebar/EditableBlockPreview.stories.jsx[2m > [22m[2mMeaning Association Block
[22m[39m[FilesContext] File observeQuery update: 6 files
[90mstdout[2m | src/components/ChatSidebar/EditableBlockPreview.stories.jsx[2m > [22m[2mMeaning Association Block
[22m[39m[ChatContext] AssistantChat initialized with 1 chats
[90mstdout[2m | src/components/ChatSidebar/EditableBlockPreview.stories.jsx[2m > [22m[2mMeaning Association Block
[22m[39m[ChatContext] Setting initial chat: mock-assistant-chat-1
[90mstdout[2m | src/components/ChatSidebar/EditableBlockPreview.stories.jsx[2m > [22m[2mMeaning Association Block
[22m[39m[MOCK CourseVectorStore] Initialized with mock data
[90mstdout[2m | src/components/ChatSidebar/EditableBlockPreview.stories.jsx[2m > [22m[2mMeaning Association Block
[22m[39m[FilesContext] Vector store population triggered {
  "currentVectorStoreSize": 3,
  "documentsCount": 0,
  "filesCount": 6,
  "isInitialLoad": true,
}
[90mstdout[2m | src/components/ChatSidebar/EditableBlockPreview.stories.jsx[2m > [22m[2mMeaning Association Block
[22m[39m[FilesContext] Vector store population complete - 3 total embeddings
[90mstdout[2m | src/components/ChatSidebar/EditableBlockPreview.stories.jsx[2m > [22m[2mMeaning Association Block
[22m[39m[ChatContext] Chat exists and not archived, skipping creation
[90mstdout[2m | src/components/ChatSidebar/EditableBlockPreview.stories.jsx[2m > [22m[2mMeaning Association Block
[22m[39m[Mock Storage] downloadData called with: undefined
[90mstdout[2m | src/components/ChatSidebar/EditableBlockPreview.stories.jsx[2m > [22m[2mCustom Answer Block
[22m[39m[ChatContext] Cleaning up subscriptions
[90mstdout[2m | src/components/ChatSidebar/EditableBlockPreview.stories.jsx[2m > [22m[2mCustom Answer Block
[22m[39m[Mock Data] Unit.onUpdate() subscription removed. Remaining: 0
[90mstdout[2m | src/components/ChatSidebar/EditableBlockPreview.stories.jsx[2m > [22m[2mCustom Answer Block
[22m[39m[MOCK CourseVectorStore] Initialized with mock data
[90mstdout[2m | src/components/ChatSidebar/EditableBlockPreview.stories.jsx[2m > [22m[2mCustom Answer Block
[22m[39m[Mock Data] seedMockQuestions: Adding 1 questions
[90mstdout[2m | src/components/ChatSidebar/EditableBlockPreview.stories.jsx[2m > [22m[2mCustom Answer Block
[22m[39m[TranslationModeController] Setting mode to: off
[90mstdout[2m | src/components/ChatSidebar/EditableBlockPreview.stories.jsx[2m > [22m[2mCustom Answer Block
[22m[39m[UnitContext] useEffect triggered {
  "authLoading": false,
  "hasUser": true,
  "id": "mock-unit-id",
  "userSub": "mock-user-sub",
}
[90mstdout[2m | src/components/ChatSidebar/EditableBlockPreview.stories.jsx[2m > [22m[2mCustom Answer Block
[22m[39m[UnitContext] Fetching unit data for id: mock-unit-id
[90mstdout[2m | src/components/ChatSidebar/EditableBlockPreview.stories.jsx[2m > [22m[2mCustom Answer Block
[22m[39m[FilesContext] Initializing vector store from IndexedDB
[90mstdout[2m | src/components/ChatSidebar/EditableBlockPreview.stories.jsx[2m > [22m[2mCustom Answer Block
[22m[39m[FilesContext] fetchFiles called
[90mstdout[2m | src/components/ChatSidebar/EditableBlockPreview.stories.jsx[2m > [22m[2mCustom Answer Block
[22m[39m[FilesContext] User authenticated: mock-user-sub
[90mstdout[2m | src/components/ChatSidebar/EditableBlockPreview.stories.jsx[2m > [22m[2mCustom Answer Block
[22m[39m[FilesContext] Identity ID: us-east-1:mock-identity-123
[90mstdout[2m | src/components/ChatSidebar/EditableBlockPreview.stories.jsx[2m > [22m[2mCustom Answer Block
[22m[39m[FilesContext] About to set up File observeQuery
[90mstdout[2m | src/components/ChatSidebar/EditableBlockPreview.stories.jsx[2m > [22m[2mCustom Answer Block
[22m[39m[ChatContext] Setting up AssistantChat observeQuery
[90mstdout[2m | src/components/ChatSidebar/EditableBlockPreview.stories.jsx[2m > [22m[2mCustom Answer Block
[22m[39m[ChatContext] Waiting for subscription to initialize
[90mstdout[2m | src/components/ChatSidebar/EditableBlockPreview.stories.jsx[2m > [22m[2mCustom Answer Block
[22m[39m[SettingsContext] Setting up Settings subscription for user: mock-user-sub
[90mstdout[2m | src/components/ChatSidebar/EditableBlockPreview.stories.jsx[2m > [22m[2mCustom Answer Block
[22m[39m[Mock Data] Settings created: mock-settings-1790418791018 - notified 0 subscribers
[90mstdout[2m | src/components/ChatSidebar/EditableBlockPreview.stories.jsx[2m > [22m[2mCustom Answer Block
[22m[39m[Mock Data] Unit.onUpdate() subscription added. Total: 1
[90mstdout[2m | src/components/ChatSidebar/EditableBlockPreview.stories.jsx[2m > [22m[2mCustom Answer Block
[22m[39m[SectionContext] Section observeQuery update: 0
[90mstdout[2m | src/components/ChatSidebar/EditableBlockPreview.stories.jsx[2m > [22m[2mCustom Answer Block
[22m[39m[FilesContext] File observeQuery update: 6 files
[90mstdout[2m | src/components/ChatSidebar/EditableBlockPreview.stories.jsx[2m > [22m[2mCustom Answer Block
[22m[39m[ChatContext] AssistantChat initialized with 1 chats
[90mstdout[2m | src/components/ChatSidebar/EditableBlockPreview.stories.jsx[2m > [22m[2mCustom Answer Block
[22m[39m[ChatContext] Setting initial chat: mock-assistant-chat-1
[90mstdout[2m | src/components/ChatSidebar/EditableBlockPreview.stories.jsx[2m > [22m[2mCustom Answer Block
[22m[39m[MOCK CourseVectorStore] Initialized with mock data
[90mstdout[2m | src/components/ChatSidebar/EditableBlockPreview.stories.jsx[2m > [22m[2mCustom Answer Block
[22m[39m[FilesContext] Vector store population triggered {
  "currentVectorStoreSize": 3,
  "documentsCount": 0,
  "filesCount": 6,
  "isInitialLoad": true,
}
[90mstdout[2m | src/components/ChatSidebar/EditableBlockPreview.stories.jsx[2m > [22m[2mCustom Answer Block
[22m[39m[FilesContext] Vector store population complete - 3 total embeddings
[90mstdout[2m | src/components/ChatSidebar/EditableBlockPreview.stories.jsx[2m > [22m[2mCustom Answer Block
[22m[39m[ChatContext] Chat exists and not archived, skipping creation
[90mstdout[2m | src/components/ChatSidebar/EditableBlockPreview.stories.jsx[2m > [22m[2mCustom Answer Block
[22m[39m[Mock Storage] downloadData called with: undefined
[90mstdout[2m | src/components/ChatSidebar/EditableBlockPreview.stories.jsx[2m > [22m[2mWith Regenerate
[22m[39m[ChatContext] Cleaning up subscriptions
[90mstdout[2m | src/components/ChatSidebar/EditableBlockPreview.stories.jsx[2m > [22m[2mWith Regenerate
[22m[39m[Mock Data] Unit.onUpdate() subscription removed. Remaining: 0
[90mstdout[2m | src/components/ChatSidebar/EditableBlockPreview.stories.jsx[2m > [22m[2mWith Regenerate
[22m[39m[MOCK CourseVectorStore] Initialized with mock data
[90mstdout[2m | src/components/ChatSidebar/EditableBlockPreview.stories.jsx[2m > [22m[2mWith Regenerate
[22m[39m[TranslationModeController] Setting mode to: off
[90mstdout[2m | src/components/ChatSidebar/EditableBlockPreview.stories.jsx[2m > [22m[2mWith Regenerate
[22m[39m[UnitContext] useEffect triggered {
  "authLoading": false,
  "hasUser": true,
  "id": "mock-unit-id",
  "userSub": "mock-user-sub",
}
[90mstdout[2m | src/components/ChatSidebar/EditableBlockPreview.stories.jsx[2m > [22m[2mWith Regenerate
[22m[39m[UnitContext] Fetching unit data for id: mock-unit-id
[90mstdout[2m | src/components/ChatSidebar/EditableBlockPreview.stories.jsx[2m > [22m[2mWith Regenerate
[22m[39m[FilesContext] Initializing vector store from IndexedDB
[90mstdout[2m | src/components/ChatSidebar/EditableBlockPreview.stories.jsx[2m > [22m[2mWith Regenerate
[22m[39m[FilesContext] fetchFiles called
[90mstdout[2m | src/components/ChatSidebar/EditableBlockPreview.stories.jsx[2m > [22m[2mWith Regenerate
[22m[39m[FilesContext] User authenticated: mock-user-sub
[90mstdout[2m | src/components/ChatSidebar/EditableBlockPreview.stories.jsx[2m > [22m[2mWith Regenerate
[22m[39m[FilesContext] Identity ID: us-east-1:mock-identity-123
[90mstdout[2m | src/components/ChatSidebar/EditableBlockPreview.stories.jsx[2m > [22m[2mWith Regenerate
[22m[39m[FilesContext] About to set up File observeQuery
[90mstdout[2m | src/components/ChatSidebar/EditableBlockPreview.stories.jsx[2m > [22m[2mWith Regenerate
[22m[39m[ChatContext] Setting up AssistantChat observeQuery
[90mstdout[2m | src/components/ChatSidebar/EditableBlockPreview.stories.jsx[2m > [22m[2mWith Regenerate
[22m[39m[ChatContext] Waiting for subscription to initialize
[90mstdout[2m | src/components/ChatSidebar/EditableBlockPreview.stories.jsx[2m > [22m[2mWith Regenerate
[22m[39m[SettingsContext] Setting up Settings subscription for user: mock-user-sub
[90mstdout[2m | src/components/ChatSidebar/EditableBlockPreview.stories.jsx[2m > [22m[2mWith Regenerate
[22m[39m[Mock Data] Settings created: mock-settings-1790418791421 - notified 0 subscribers
[90mstdout[2m | src/components/ChatSidebar/EditableBlockPreview.stories.jsx[2m > [22m[2mWith Regenerate
[22m[39m[Mock Data] Unit.onUpdate() subscription added. Total: 1
[90mstdout[2m | src/components/ChatSidebar/EditableBlockPreview.stories.jsx[2m > [22m[2mWith Regenerate
[22m[39m[SectionContext] Section observeQuery update: 0
[90mstdout[2m | src/components/ChatSidebar/EditableBlockPreview.stories.jsx[2m > [22m[2mWith Regenerate
[22m[39m[FilesContext] File observeQuery update: 6 files
[90mstdout[2m | src/components/ChatSidebar/EditableBlockPreview.stories.jsx[2m > [22m[2mWith Regenerate
[22m[39m[ChatContext] AssistantChat initialized with 1 chats
[90mstdout[2m | src/components/ChatSidebar/EditableBlockPreview.stories.jsx[2m > [22m[2mWith Regenerate
[22m[39m[ChatContext] Setting initial chat: mock-assistant-chat-1
[90mstdout[2m | src/components/ChatSidebar/EditableBlockPreview.stories.jsx[2m > [22m[2mWith Regenerate
[22m[39m[MOCK CourseVectorStore] Initialized with mock data
[90mstdout[2m | src/components/ChatSidebar/EditableBlockPreview.stories.jsx[2m > [22m[2mWith Regenerate
[22m[39m[FilesContext] Vector store population triggered {
  "currentVectorStoreSize": 3,
  "documentsCount": 0,
  "filesCount": 6,
  "isInitialLoad": true,
}
[90mstdout[2m | src/components/ChatSidebar/EditableBlockPreview.stories.jsx[2m > [22m[2mWith Regenerate
[22m[39m[FilesContext] Vector store population complete - 3 total embeddings
[90mstdout[2m | src/components/ChatSidebar/EditableBlockPreview.stories.jsx[2m > [22m[2mWith Regenerate
[22m[39m[ChatContext] Chat exists and not archived, skipping creation
[90mstdout[2m | src/components/ChatSidebar/EditableBlockPreview.stories.jsx[2m > [22m[2mWith Regenerate
[22m[39m[Mock Storage] downloadData called with: undefined
 [32m✓[39m [30m[45m storybook (chromium) [49m[39m src/components/ChatSidebar/EditableBlockPreview.stories.jsx [2m([22m[2m5 tests[22m[2m)[22m[33m 1973[2mms[22m[39m
   [33m[2m✓[22m[39m Quiz Block [33m 392[2mms[22m[39m
   [33m[2m✓[22m[39m Answer Block [33m 361[2mms[22m[39m
   [33m[2m✓[22m[39m Meaning Association Block [33m 543[2mms[22m[39m
   [33m[2m✓[22m[39m Custom Answer Block [33m 381[2mms[22m[39m
[90mstdout[2m | unknown test
[22m[39m[MOCK vectorStoreDB.js] Module loaded - mock IndexedDB operations
[90mstdout[2m | unknown test
[22m[39m[Task Completion] DOM action listeners initialized
[90mstdout[2m | unknown test
[22m[39m[Task Completion] Auto-completion detector initialized
[90mstdout[2m | unknown test
[22m[39m[Preview] Task completion detector initialized
[90mstdout[2m | src/components/Gamification/SkillForm.stories.tsx[2m > [22m[2mDefault
[22m[39m[TranslationModeController] Setting mode to: off
[90mstdout[2m | src/components/Gamification/SkillForm.stories.tsx[2m > [22m[2mWithout Generate
[22m[39m[TranslationModeController] Setting mode to: off
[90mstdout[2m | src/components/Gamification/SkillForm.stories.tsx[2m > [22m[2mEmpty Section
[22m[39m[TranslationModeController] Setting mode to: off
[90mstdout[2m | src/components/Gamification/SkillForm.stories.tsx[2m > [22m[2mSubmitting
[22m[39m[TranslationModeController] Setting mode to: off
[90mstdout[2m | src/components/Gamification/SkillForm.stories.tsx[2m > [22m[2mCreate Skill With Units
[22m[39m[TranslationModeController] Setting mode to: off
 [32m✓[39m [30m[45m storybook (chromium) [49m[39m src/components/Gamification/SkillForm.stories.tsx [2m([22m[2m5 tests[22m[2m)[22m[33m 1962[2mms[22m[39m
   [33m[2m✓[22m[39m Create Skill With Units [33m 1236[2mms[22m[39m
[90mstdout[2m | unknown test
[22m[39m[MOCK vectorStoreDB.js] Module loaded - mock IndexedDB operations
[90mstdout[2m | unknown test
[22m[39m[Task Completion] DOM action listeners initialized
[90mstdout[2m | unknown test
[22m[39m[Task Completion] Auto-completion detector initialized
[90mstdout[2m | unknown test
[22m[39m[Preview] Task completion detector initialized
[90mstdout[2m | src/components/NotificationList.stories.tsx[2m > [22m[2mWith Notifications
[22m[39m[TranslationModeController] Setting mode to: off
[90mstdout[2m | src/components/NotificationList.stories.tsx[2m > [22m[2mEmpty State
[22m[39m[TranslationModeController] Setting mode to: off
[90mstdout[2m | src/components/NotificationList.stories.tsx[2m > [22m[2mLoading
[22m[39m[TranslationModeController] Setting mode to: off
[90mstdout[2m | src/components/NotificationList.stories.tsx[2m > [22m[2mAll Read
[22m[39m[TranslationModeController] Setting mode to: off
[90mstdout[2m | src/components/NotificationList.stories.tsx[2m > [22m[2mOnly Gamification
[22m[39m[TranslationModeController] Setting mode to: off
 [32m✓[39m [30m[45m storybook (chromium) [49m[39m src/components/NotificationList.stories.tsx [2m([22m[2m5 tests[22m[2m)[22m[33m 1478[2mms[22m[39m
   [33m[2m✓[22m[39m With Notifications [33m 500[2mms[22m[39m
   [33m[2m✓[22m[39m All Read [33m 423[2mms[22m[39m
   [33m[2m✓[22m[39m Only Gamification [33m 354[2mms[22m[39m
[90mstdout[2m | unknown test
[22m[39m[MOCK vectorStoreDB.js] Module loaded - mock IndexedDB operations
[90mstdout[2m | unknown test
[22m[39m[Task Completion] DOM action listeners initialized
[90mstdout[2m | unknown test
[22m[39m[Task Completion] Auto-completion detector initialized
[90mstdout[2m | unknown test
[22m[39m[Preview] Task completion detector initialized
[90mstdout[2m | src/components/Gamification/BadgeIcon.stories.tsx[2m > [22m[2mDefault
[22m[39m[TranslationModeController] Setting mode to: off
[90mstdout[2m | src/components/Gamification/BadgeIcon.stories.tsx[2m > [22m[2mLocked
[22m[39m[TranslationModeController] Setting mode to: off
[90mstdout[2m | src/components/Gamification/BadgeIcon.stories.tsx[2m > [22m[2mLarge Epic
[22m[39m[TranslationModeController] Setting mode to: off
[90mstdout[2m | src/components/Gamification/BadgeIcon.stories.tsx[2m > [22m[2mLegendary Bot Whisperer
[22m[39m[TranslationModeController] Setting mode to: off
[90mstdout[2m | src/components/Gamification/BadgeIcon.stories.tsx[2m > [22m[2mAll Badges
[22m[39m[TranslationModeController] Setting mode to: off
[90mstdout[2m | src/components/Gamification/BadgeIcon.stories.tsx[2m > [22m[2mEarned Vs Locked
[22m[39m[TranslationModeController] Setting mode to: off
[90mstdout[2m | src/components/Gamification/BadgeIcon.stories.tsx[2m > [22m[2mSizes
[22m[39m[TranslationModeController] Setting mode to: off
[90mstdout[2m | src/components/Gamification/BadgeIcon.stories.tsx[2m > [22m[2mShapes
[22m[39m[TranslationModeController] Setting mode to: off
[90mstdout[2m | src/components/Gamification/BadgeIcon.stories.tsx[2m > [22m[2mStaggered Grid
[22m[39m[TranslationModeController] Setting mode to: off
[90mstdout[2m | src/components/Gamification/BadgeIcon.stories.tsx[2m > [22m[2mBot Whisperer Progression
[22m[39m[TranslationModeController] Setting mode to: off
 [32m✓[39m [30m[45m storybook (chromium) [49m[39m src/components/Gamification/BadgeIcon.stories.tsx [2m([22m[2m10 tests[22m[2m)[22m[33m 1633[2mms[22m[39m
   [33m[2m✓[22m[39m All Badges [33m 525[2mms[22m[39m
[90mstdout[2m | unknown test
[22m[39m[MOCK vectorStoreDB.js] Module loaded - mock IndexedDB operations
[90mstdout[2m | unknown test
[22m[39m[Task Completion] DOM action listeners initialized
[90mstdout[2m | unknown test
[22m[39m[Task Completion] Auto-completion detector initialized
[90mstdout[2m | unknown test
[22m[39m[Preview] Task completion detector initialized
[90mstdout[2m | src/components/SkillTreeEditor.stories.tsx[2m > [22m[2mDefault
[22m[39m[TranslationModeController] Setting mode to: off
[90mstdout[2m | src/components/SkillTreeEditor.stories.tsx[2m > [22m[2mEdit Existing
[22m[39m[TranslationModeController] Setting mode to: off
[90mstdout[2m | src/components/SkillTreeEditor.stories.tsx[2m > [22m[2mEmpty Section
[22m[39m[TranslationModeController] Setting mode to: off
[90mstdout[2m | src/components/SkillTreeEditor.stories.tsx[2m > [22m[2mSubmitting
[22m[39m[TranslationModeController] Setting mode to: off
[90mstdout[2m | src/components/SkillTreeEditor.stories.tsx[2m > [22m[2mHigh Accuracy
[22m[39m[TranslationModeController] Setting mode to: off
 [32m✓[39m [30m[45m storybook (chromium) [49m[39m src/components/SkillTreeEditor.stories.tsx [2m([22m[2m5 tests[22m[2m)[22m[33m 932[2mms[22m[39m
[90mstdout[2m | unknown test
[22m[39m[MOCK vectorStoreDB.js] Module loaded - mock IndexedDB operations
[90mstdout[2m | unknown test
[22m[39m[Task Completion] DOM action listeners initialized
[90mstdout[2m | unknown test
[22m[39m[Task Completion] Auto-completion detector initialized
[90mstdout[2m | unknown test
[22m[39m[Preview] Task completion detector initialized
[90mstdout[2m | src/components/Editor3/plugins/AnswerPlugin.stories.jsx[2m > [22m[2mEditable Empty
[22m[39m[Preview] Skipped initializing default mock data (initializeMockData=false)
[90mstdout[2m | src/components/Editor3/plugins/AnswerPlugin.stories.jsx[2m > [22m[2mEditable Empty
[22m[39m[MOCK CourseVectorStore] Initialized with mock data
[90mstdout[2m | src/components/Editor3/plugins/AnswerPlugin.stories.jsx[2m > [22m[2mEditable Empty
[22m[39m[Mock Data] seedMockUnit: Adding unit mock-unit-id
[90mstdout[2m | src/components/Editor3/plugins/AnswerPlugin.stories.jsx[2m > [22m[2mEditable Empty
[22m[39m[TranslationModeController] Setting mode to: off
[90mstdout[2m | src/components/Editor3/plugins/AnswerPlugin.stories.jsx[2m > [22m[2mEditable Empty
[22m[39m[UnitContext] useEffect triggered {
  "authLoading": false,
  "hasUser": true,
  "id": "mock-unit-id",
  "userSub": "mock-user-sub",
}
[90mstdout[2m | src/components/Editor3/plugins/AnswerPlugin.stories.jsx[2m > [22m[2mEditable Empty
[22m[39m[UnitContext] Fetching unit data for id: mock-unit-id
[90mstdout[2m | src/components/Editor3/plugins/AnswerPlugin.stories.jsx[2m > [22m[2mEditable Empty
[22m[39m[FilesContext] Initializing vector store from IndexedDB
[90mstdout[2m | src/components/Editor3/plugins/AnswerPlugin.stories.jsx[2m > [22m[2mEditable Empty
[22m[39m[FilesContext] fetchFiles called
[90mstdout[2m | src/components/Editor3/plugins/AnswerPlugin.stories.jsx[2m > [22m[2mEditable Empty
[22m[39m[FilesContext] User authenticated: mock-user-sub
[90mstdout[2m | src/components/Editor3/plugins/AnswerPlugin.stories.jsx[2m > [22m[2mEditable Empty
[22m[39m[FilesContext] Identity ID: us-east-1:mock-identity-123
[90mstdout[2m | src/components/Editor3/plugins/AnswerPlugin.stories.jsx[2m > [22m[2mEditable Empty
[22m[39m[FilesContext] About to set up File observeQuery
[90mstdout[2m | src/components/Editor3/plugins/AnswerPlugin.stories.jsx[2m > [22m[2mEditable Empty
[22m[39m[ChatContext] Setting up AssistantChat observeQuery
[90mstdout[2m | src/components/Editor3/plugins/AnswerPlugin.stories.jsx[2m > [22m[2mEditable Empty
[22m[39m[ChatContext] Waiting for subscription to initialize
[90mstdout[2m | src/components/Editor3/plugins/AnswerPlugin.stories.jsx[2m > [22m[2mEditable Empty
[22m[39m[SettingsContext] Setting up Settings subscription for user: mock-user-sub
[90mstdout[2m | src/components/Editor3/plugins/AnswerPlugin.stories.jsx[2m > [22m[2mEditable Empty
[22m[39m[Mock Data] Settings created: mock-settings-1790418803141 - notified 0 subscribers
[90mstdout[2m | src/components/Editor3/plugins/AnswerPlugin.stories.jsx[2m > [22m[2mEditable Empty
[22m[39m[Mock Data] Unit.onUpdate() subscription added. Total: 1
[90mstdout[2m | src/components/Editor3/plugins/AnswerPlugin.stories.jsx[2m > [22m[2mEditable Empty
[22m[39m[SectionContext] Section observeQuery update: 0
[90mstdout[2m | src/components/Editor3/plugins/AnswerPlugin.stories.jsx[2m > [22m[2mEditable Empty
[22m[39m[FilesContext] File observeQuery update: 0 files
[90mstdout[2m | src/components/Editor3/plugins/AnswerPlugin.stories.jsx[2m > [22m[2mEditable Empty
[22m[39m[ChatContext] AssistantChat initialized with 0 chats
[90mstdout[2m | src/components/Editor3/plugins/AnswerPlugin.stories.jsx[2m > [22m[2mEditable Empty
[22m[39m[Mock Storage] downloadData called with: undefined
[90mstdout[2m | src/components/Editor3/plugins/AnswerPlugin.stories.jsx[2m > [22m[2mEditable Empty
[22m[39m[MOCK CourseVectorStore] Initialized with mock data
[90mstdout[2m | src/components/Editor3/plugins/AnswerPlugin.stories.jsx[2m > [22m[2mEditable Empty
[22m[39m[ChatContext] No current chat available, will create one
[90mstdout[2m | src/components/Editor3/plugins/AnswerPlugin.stories.jsx[2m > [22m[2mEditable Empty
[22m[39m[ChatContext] Creating AssistantChat with user: undefined
[90mstdout[2m | src/components/Editor3/plugins/AnswerPlugin.stories.jsx[2m > [22m[2mEditable Empty
[22m[39m[Mock Data] AssistantChat created: mock-assistantchat-1790418803160 - notified 1 subscribers
[90mstdout[2m | src/components/Editor3/plugins/AnswerPlugin.stories.jsx[2m > [22m[2mEditable Empty
[22m[39m[ChatContext] Create result: {
  "data": {
    "_version": 1,
    "archived": false,
    "chatFiles": [Function anonymous],
    "createdAt": "2026-09-26T10:33:23.160Z",
    "id": "mock-assistantchat-1790418803160",
    "model": "gpt-4",
    "updatedAt": "2026-09-26T10:33:23.160Z",
  },
  "errors": [],
  "hasData": true,
  "hasErrors": true,
}
[90mstdout[2m | src/components/Editor3/plugins/AnswerPlugin.stories.jsx[2m > [22m[2mEditable Empty
[22m[39m[ChatContext] Created AssistantChat: mock-assistantchat-1790418803160 at: 2026-09-26T10:33:23.160Z
[90mstdout[2m | src/components/Editor3/plugins/AnswerPlugin.stories.jsx[2m > [22m[2mEditable Empty
[22m[39m[ChatContext] Setting initial chat: mock-assistantchat-1790418803160
[90mstdout[2m | src/components/Editor3/plugins/AnswerPlugin.stories.jsx[2m > [22m[2mEditable Empty
[22m[39m[ChatContext] Chat exists and not archived, skipping creation
[90mstdout[2m | src/components/Editor3/plugins/AnswerPlugin.stories.jsx[2m > [22m[2mEditable With Answer
[22m[39m[ChatContext] Cleaning up subscriptions
[90mstdout[2m | src/components/Editor3/plugins/AnswerPlugin.stories.jsx[2m > [22m[2mEditable With Answer
[22m[39m[Mock Data] Unit.onUpdate() subscription removed. Remaining: 0
[90mstdout[2m | src/components/Editor3/plugins/AnswerPlugin.stories.jsx[2m > [22m[2mEditable With Answer
[22m[39m[Preview] Skipped initializing default mock data (initializeMockData=false)
[90mstdout[2m | src/components/Editor3/plugins/AnswerPlugin.stories.jsx[2m > [22m[2mEditable With Answer
[22m[39m[MOCK CourseVectorStore] Initialized with mock data
[90mstdout[2m | src/components/Editor3/plugins/AnswerPlugin.stories.jsx[2m > [22m[2mEditable With Answer
[22m[39m[Mock Data] seedMockUnit: Adding unit mock-unit-id
[90mstdout[2m | src/components/Editor3/plugins/AnswerPlugin.stories.jsx[2m > [22m[2mEditable With Answer
[22m[39m[TranslationModeController] Setting mode to: off
[90mstdout[2m | src/components/Editor3/plugins/AnswerPlugin.stories.jsx[2m > [22m[2mEditable With Answer
[22m[39m[UnitContext] useEffect triggered {
  "authLoading": false,
  "hasUser": true,
  "id": "mock-unit-id",
  "userSub": "mock-user-sub",
}
[90mstdout[2m | src/components/Editor3/plugins/AnswerPlugin.stories.jsx[2m > [22m[2mEditable With Answer
[22m[39m[UnitContext] Fetching unit data for id: mock-unit-id
[90mstdout[2m | src/components/Editor3/plugins/AnswerPlugin.stories.jsx[2m > [22m[2mEditable With Answer
[22m[39m[FilesContext] Initializing vector store from IndexedDB
[90mstdout[2m | src/components/Editor3/plugins/AnswerPlugin.stories.jsx[2m > [22m[2mEditable With Answer
[22m[39m[FilesContext] fetchFiles called
[90mstdout[2m | src/components/Editor3/plugins/AnswerPlugin.stories.jsx[2m > [22m[2mEditable With Answer
[22m[39m[FilesContext] User authenticated: mock-user-sub
[90mstdout[2m | src/components/Editor3/plugins/AnswerPlugin.stories.jsx[2m > [22m[2mEditable With Answer
[22m[39m[FilesContext] Identity ID: us-east-1:mock-identity-123
[90mstdout[2m | src/components/Editor3/plugins/AnswerPlugin.stories.jsx[2m > [22m[2mEditable With Answer
[22m[39m[FilesContext] About to set up File observeQuery
[90mstdout[2m | src/components/Editor3/plugins/AnswerPlugin.stories.jsx[2m > [22m[2mEditable With Answer
[22m[39m[ChatContext] Setting up AssistantChat observeQuery
[90mstdout[2m | src/components/Editor3/plugins/AnswerPlugin.stories.jsx[2m > [22m[2mEditable With Answer
[22m[39m[ChatContext] Waiting for subscription to initialize
[90mstdout[2m | src/components/Editor3/plugins/AnswerPlugin.stories.jsx[2m > [22m[2mEditable With Answer
[22m[39m[SettingsContext] Setting up Settings subscription for user: mock-user-sub
[90mstdout[2m | src/components/Editor3/plugins/AnswerPlugin.stories.jsx[2m > [22m[2mEditable With Answer
[22m[39m[Mock Data] Settings created: mock-settings-1790418803359 - notified 0 subscribers
[90mstdout[2m | src/components/Editor3/plugins/AnswerPlugin.stories.jsx[2m > [22m[2mEditable With Answer
[22m[39m[Mock Data] Unit.onUpdate() subscription added. Total: 1
[90mstdout[2m | src/components/Editor3/plugins/AnswerPlugin.stories.jsx[2m > [22m[2mEditable With Answer
[22m[39m[SectionContext] Section observeQuery update: 0
[90mstdout[2m | src/components/Editor3/plugins/AnswerPlugin.stories.jsx[2m > [22m[2mEditable With Answer
[22m[39m[FilesContext] File observeQuery update: 0 files
[90mstdout[2m | src/components/Editor3/plugins/AnswerPlugin.stories.jsx[2m > [22m[2mEditable With Answer
[22m[39m[ChatContext] AssistantChat initialized with 0 chats
[90mstdout[2m | src/components/Editor3/plugins/AnswerPlugin.stories.jsx[2m > [22m[2mEditable With Answer
[22m[39m[MOCK CourseVectorStore] Initialized with mock data
[90mstdout[2m | src/components/Editor3/plugins/AnswerPlugin.stories.jsx[2m > [22m[2mEditable With Answer
[22m[39m[ChatContext] No current chat available, will create one
[90mstdout[2m | src/components/Editor3/plugins/AnswerPlugin.stories.jsx[2m > [22m[2mEditable With Answer
[22m[39m[ChatContext] Creating AssistantChat with user: undefined
[90mstdout[2m | src/components/Editor3/plugins/AnswerPlugin.stories.jsx[2m > [22m[2mEditable With Answer
[22m[39m[Mock Data] AssistantChat created: mock-assistantchat-1790418803403 - notified 1 subscribers
[90mstdout[2m | src/components/Editor3/plugins/AnswerPlugin.stories.jsx[2m > [22m[2mEditable With Answer
[22m[39m[ChatContext] Create result: {
  "data": {
    "_version": 1,
    "archived": false,
    "chatFiles": [Function anonymous],
    "createdAt": "2026-09-26T10:33:23.403Z",
    "id": "mock-assistantchat-1790418803403",
    "model": "gpt-4",
    "updatedAt": "2026-09-26T10:33:23.403Z",
  },
  "errors": [],
  "hasData": true,
  "hasErrors": true,
}
[90mstdout[2m | src/components/Editor3/plugins/AnswerPlugin.stories.jsx[2m > [22m[2mEditable With Answer
[22m[39m[ChatContext] Created AssistantChat: mock-assistantchat-1790418803403 at: 2026-09-26T10:33:23.403Z
[90mstdout[2m | src/components/Editor3/plugins/AnswerPlugin.stories.jsx[2m > [22m[2mEditable With Answer
[22m[39m[Mock Storage] downloadData called with: undefined
[90mstdout[2m | src/components/Editor3/plugins/AnswerPlugin.stories.jsx[2m > [22m[2mEditable With Answer
[22m[39m[ChatContext] Setting initial chat: mock-assistantchat-1790418803403
[90mstdout[2m | src/components/Editor3/plugins/AnswerPlugin.stories.jsx[2m > [22m[2mEditable With Answer
[22m[39m[ChatContext] Chat exists and not archived, skipping creation
[90mstdout[2m | src/components/Editor3/plugins/AnswerPlugin.stories.jsx[2m > [22m[2mRead Only With Answer
[22m[39m[ChatContext] Cleaning up subscriptions
[90mstdout[2m | src/components/Editor3/plugins/AnswerPlugin.stories.jsx[2m > [22m[2mRead Only With Answer
[22m[39m[Mock Data] Unit.onUpdate() subscription removed. Remaining: 0
[90mstdout[2m | src/components/Editor3/plugins/AnswerPlugin.stories.jsx[2m > [22m[2mRead Only With Answer
[22m[39m[Preview] Skipped initializing default mock data (initializeMockData=false)
[90mstdout[2m | src/components/Editor3/plugins/AnswerPlugin.stories.jsx[2m > [22m[2mRead Only With Answer
[22m[39m[MOCK CourseVectorStore] Initialized with mock data
[90mstdout[2m | src/components/Editor3/plugins/AnswerPlugin.stories.jsx[2m > [22m[2mRead Only With Answer
[22m[39m[Mock Data] seedMockUnit: Adding unit mock-unit-id
[90mstdout[2m | src/components/Editor3/plugins/AnswerPlugin.stories.jsx[2m > [22m[2mRead Only With Answer
[22m[39m[TranslationModeController] Setting mode to: off
[90mstdout[2m | src/components/Editor3/plugins/AnswerPlugin.stories.jsx[2m > [22m[2mRead Only With Answer
[22m[39m[UnitContext] useEffect triggered {
  "authLoading": false,
  "hasUser": true,
  "id": "mock-unit-id",
  "userSub": "mock-user-sub",
}
[90mstdout[2m | src/components/Editor3/plugins/AnswerPlugin.stories.jsx[2m > [22m[2mRead Only With Answer
[22m[39m[UnitContext] Fetching unit data for id: mock-unit-id
[90mstdout[2m | src/components/Editor3/plugins/AnswerPlugin.stories.jsx[2m > [22m[2mRead Only With Answer
[22m[39m[FilesContext] Initializing vector store from IndexedDB
[90mstdout[2m | src/components/Editor3/plugins/AnswerPlugin.stories.jsx[2m > [22m[2mRead Only With Answer
[22m[39m[FilesContext] fetchFiles called
[90mstdout[2m | src/components/Editor3/plugins/AnswerPlugin.stories.jsx[2m > [22m[2mRead Only With Answer
[22m[39m[FilesContext] User authenticated: mock-user-sub
[90mstdout[2m | src/components/Editor3/plugins/AnswerPlugin.stories.jsx[2m > [22m[2mRead Only With Answer
[22m[39m[FilesContext] Identity ID: us-east-1:mock-identity-123
[90mstdout[2m | src/components/Editor3/plugins/AnswerPlugin.stories.jsx[2m > [22m[2mRead Only With Answer
[22m[39m[FilesContext] About to set up File observeQuery
[90mstdout[2m | src/components/Editor3/plugins/AnswerPlugin.stories.jsx[2m > [22m[2mRead Only With Answer
[22m[39m[ChatContext] Setting up AssistantChat observeQuery
[90mstdout[2m | src/components/Editor3/plugins/AnswerPlugin.stories.jsx[2m > [22m[2mRead Only With Answer
[22m[39m[ChatContext] Waiting for subscription to initialize
[90mstdout[2m | src/components/Editor3/plugins/AnswerPlugin.stories.jsx[2m > [22m[2mRead Only With Answer
[22m[39m[SettingsContext] Setting up Settings subscription for user: mock-user-sub
[90mstdout[2m | src/components/Editor3/plugins/AnswerPlugin.stories.jsx[2m > [22m[2mRead Only With Answer
[22m[39m[Mock Data] Settings created: mock-settings-1790418803787 - notified 0 subscribers
[90mstdout[2m | src/components/Editor3/plugins/AnswerPlugin.stories.jsx[2m > [22m[2mRead Only With Answer
[22m[39m[Mock Data] Unit.onUpdate() subscription added. Total: 1
[90mstdout[2m | src/components/Editor3/plugins/AnswerPlugin.stories.jsx[2m > [22m[2mRead Only With Answer
[22m[39m[SectionContext] Section observeQuery update: 0
[90mstdout[2m | src/components/Editor3/plugins/AnswerPlugin.stories.jsx[2m > [22m[2mRead Only With Answer
[22m[39m[FilesContext] File observeQuery update: 0 files
[90mstdout[2m | src/components/Editor3/plugins/AnswerPlugin.stories.jsx[2m > [22m[2mRead Only With Answer
[22m[39m[ChatContext] AssistantChat initialized with 0 chats
[90mstdout[2m | src/components/Editor3/plugins/AnswerPlugin.stories.jsx[2m > [22m[2mRead Only With Answer
[22m[39m[MOCK CourseVectorStore] Initialized with mock data
[90mstdout[2m | src/components/Editor3/plugins/AnswerPlugin.stories.jsx[2m > [22m[2mRead Only With Answer
[22m[39m[ChatContext] No current chat available, will create one
[90mstdout[2m | src/components/Editor3/plugins/AnswerPlugin.stories.jsx[2m > [22m[2mRead Only With Answer
[22m[39m[ChatContext] Creating AssistantChat with user: undefined
[90mstdout[2m | src/components/Editor3/plugins/AnswerPlugin.stories.jsx[2m > [22m[2mRead Only With Answer
[22m[39m[Mock Data] AssistantChat created: mock-assistantchat-1790418803839 - notified 1 subscribers
[90mstdout[2m | src/components/Editor3/plugins/AnswerPlugin.stories.jsx[2m > [22m[2mRead Only With Answer
[22m[39m[ChatContext] Create result: {
  "data": {
    "_version": 1,
    "archived": false,
    "chatFiles": [Function anonymous],
    "createdAt": "2026-09-26T10:33:23.839Z",
    "id": "mock-assistantchat-1790418803839",
    "model": "gpt-4",
    "updatedAt": "2026-09-26T10:33:23.839Z",
  },
  "errors": [],
  "hasData": true,
  "hasErrors": true,
}
[90mstdout[2m | src/components/Editor3/plugins/AnswerPlugin.stories.jsx[2m > [22m[2mRead Only With Answer
[22m[39m[ChatContext] Created AssistantChat: mock-assistantchat-1790418803839 at: 2026-09-26T10:33:23.839Z
[90mstdout[2m | src/components/Editor3/plugins/AnswerPlugin.stories.jsx[2m > [22m[2mRead Only With Answer
[22m[39m[Mock Storage] downloadData called with: undefined
[90mstdout[2m | src/components/Editor3/plugins/AnswerPlugin.stories.jsx[2m > [22m[2mRead Only With Answer
[22m[39m[ChatContext] Setting initial chat: mock-assistantchat-1790418803839
[90mstdout[2m | src/components/Editor3/plugins/AnswerPlugin.stories.jsx[2m > [22m[2mRead Only With Answer
[22m[39m[ChatContext] Chat exists and not archived, skipping creation
[90mstdout[2m | src/components/Editor3/plugins/AnswerPlugin.stories.jsx[2m > [22m[2mRead Only With Answer
[22m[39mfilterWords {
  "filter": "",
  "wordsCount": 0,
}
 [32m✓[39m [30m[45m storybook (chromium) [49m[39m src/components/Editor3/plugins/AnswerPlugin.stories.jsx [2m([22m[2m3 tests[22m[2m)[22m[33m 863[2mms[22m[39m
   [33m[2m✓[22m[39m Editable With Answer [33m 441[2mms[22m[39m
[90mstdout[2m | unknown test
[22m[39m[MOCK vectorStoreDB.js] Module loaded - mock IndexedDB operations
[90mstdout[2m | unknown test
[22m[39m[Task Completion] DOM action listeners initialized
[90mstdout[2m | unknown test
[22m[39m[Task Completion] Auto-completion detector initialized
[90mstdout[2m | unknown test
[22m[39m[Preview] Task completion detector initialized
[90mstdout[2m | src/components/DictionaryEditor2.stories.jsx[2m > [22m[2mDefault
[22m[39m[Preview] Skipped initializing default mock data (initializeMockData=false)
[90mstdout[2m | src/components/DictionaryEditor2.stories.jsx[2m > [22m[2mDefault
[22m[39m[Mock Data] seedMockUnit: Adding unit unit-1
[90mstdout[2m | src/components/DictionaryEditor2.stories.jsx[2m > [22m[2mDefault
[22m[39m[Mock Data] seedMockWords: Adding 5 words
[90mstdout[2m | src/components/DictionaryEditor2.stories.jsx[2m > [22m[2mDefault
[22m[39m[MOCK CourseVectorStore] Initialized with mock data
[90mstdout[2m | src/components/DictionaryEditor2.stories.jsx[2m > [22m[2mDefault
[22m[39m[TranslationModeController] Setting mode to: off
[90mstdout[2m | src/components/DictionaryEditor2.stories.jsx[2m > [22m[2mDefault
[22m[39m[UnitContext] useEffect triggered {
  "authLoading": false,
  "hasUser": true,
  "id": "unit-1",
  "userSub": "mock-user-sub",
}
[90mstdout[2m | src/components/DictionaryEditor2.stories.jsx[2m > [22m[2mDefault
[22m[39m[UnitContext] Fetching unit data for id: unit-1
[90mstdout[2m | src/components/DictionaryEditor2.stories.jsx[2m > [22m[2mDefault
[22m[39m[FilesContext] Initializing vector store from IndexedDB
[90mstdout[2m | src/components/DictionaryEditor2.stories.jsx[2m > [22m[2mDefault
[22m[39m[FilesContext] fetchFiles called
[90mstdout[2m | src/components/DictionaryEditor2.stories.jsx[2m > [22m[2mDefault
[22m[39m[FilesContext] User authenticated: mock-user-sub
[90mstdout[2m | src/components/DictionaryEditor2.stories.jsx[2m > [22m[2mDefault
[22m[39m[FilesContext] Identity ID: us-east-1:mock-identity-123
[90mstdout[2m | src/components/DictionaryEditor2.stories.jsx[2m > [22m[2mDefault
[22m[39m[FilesContext] About to set up File observeQuery
[90mstdout[2m | src/components/DictionaryEditor2.stories.jsx[2m > [22m[2mDefault
[22m[39m[ChatContext] Setting up AssistantChat observeQuery
[90mstdout[2m | src/components/DictionaryEditor2.stories.jsx[2m > [22m[2mDefault
[22m[39m[ChatContext] Waiting for subscription to initialize
[90mstdout[2m | src/components/DictionaryEditor2.stories.jsx[2m > [22m[2mDefault
[22m[39m[SettingsContext] Setting up Settings subscription for user: mock-user-sub
[90mstdout[2m | src/components/DictionaryEditor2.stories.jsx[2m > [22m[2mDefault
[22m[39m[Mock Data] Settings created: mock-settings-1790418807608 - notified 0 subscribers
[90mstdout[2m | src/components/DictionaryEditor2.stories.jsx[2m > [22m[2mDefault
[22m[39m[Mock Data] Unit.onUpdate() subscription added. Total: 1
[90mstdout[2m | src/components/DictionaryEditor2.stories.jsx[2m > [22m[2mDefault
[22m[39m[SectionContext] Section observeQuery update: 0
[90mstdout[2m | src/components/DictionaryEditor2.stories.jsx[2m > [22m[2mDefault
[22m[39m[FilesContext] File observeQuery update: 0 files
[90mstdout[2m | src/components/DictionaryEditor2.stories.jsx[2m > [22m[2mDefault
[22m[39m[ChatContext] AssistantChat initialized with 0 chats
[90mstdout[2m | src/components/DictionaryEditor2.stories.jsx[2m > [22m[2mDefault
[22m[39m[MOCK CourseVectorStore] Initialized with mock data
[90mstdout[2m | src/components/DictionaryEditor2.stories.jsx[2m > [22m[2mDefault
[22m[39m[ChatContext] No current chat available, will create one
[90mstdout[2m | src/components/DictionaryEditor2.stories.jsx[2m > [22m[2mDefault
[22m[39m[ChatContext] Creating AssistantChat with user: undefined
[90mstdout[2m | src/components/DictionaryEditor2.stories.jsx[2m > [22m[2mDefault
[22m[39m[Mock Data] AssistantChat created: mock-assistantchat-1790418807659 - notified 1 subscribers
[90mstdout[2m | src/components/DictionaryEditor2.stories.jsx[2m > [22m[2mDefault
[22m[39m[ChatContext] Create result: {
  "data": {
    "_version": 1,
    "archived": false,
    "chatFiles": [Function anonymous],
    "createdAt": "2026-09-26T10:33:27.659Z",
    "id": "mock-assistantchat-1790418807659",
    "model": "gpt-4",
    "updatedAt": "2026-09-26T10:33:27.659Z",
  },
  "errors": [],
  "hasData": true,
  "hasErrors": true,
}
[90mstdout[2m | src/components/DictionaryEditor2.stories.jsx[2m > [22m[2mDefault
[22m[39m[ChatContext] Created AssistantChat: mock-assistantchat-1790418807659 at: 2026-09-26T10:33:27.659Z
[90mstdout[2m | src/components/DictionaryEditor2.stories.jsx[2m > [22m[2mDefault
[22m[39m[Mock Storage] downloadData called with: undefined
[90mstdout[2m | src/components/DictionaryEditor2.stories.jsx[2m > [22m[2mDefault
[22m[39m[ChatContext] Setting initial chat: mock-assistantchat-1790418807659
[90mstdout[2m | src/components/DictionaryEditor2.stories.jsx[2m > [22m[2mDefault
[22m[39m[ChatContext] Chat exists and not archived, skipping creation
[90mstdout[2m | src/components/DictionaryEditor2.stories.jsx[2m > [22m[2mEmpty
[22m[39m[ChatContext] Cleaning up subscriptions
[90mstdout[2m | src/components/DictionaryEditor2.stories.jsx[2m > [22m[2mEmpty
[22m[39m[Mock Data] Unit.onUpdate() subscription removed. Remaining: 0
[90mstdout[2m | src/components/DictionaryEditor2.stories.jsx[2m > [22m[2mEmpty
[22m[39m[Preview] Skipped initializing default mock data (initializeMockData=false)
[90mstdout[2m | src/components/DictionaryEditor2.stories.jsx[2m > [22m[2mEmpty
[22m[39m[Mock Data] seedMockUnit: Adding unit unit-1
[90mstdout[2m | src/components/DictionaryEditor2.stories.jsx[2m > [22m[2mEmpty
[22m[39m[Mock Data] seedMockWords: Adding 5 words
[90mstdout[2m | src/components/DictionaryEditor2.stories.jsx[2m > [22m[2mEmpty
[22m[39m[MOCK CourseVectorStore] Initialized with mock data
[90mstdout[2m | src/components/DictionaryEditor2.stories.jsx[2m > [22m[2mEmpty
[22m[39m[TranslationModeController] Setting mode to: off
[90mstdout[2m | src/components/DictionaryEditor2.stories.jsx[2m > [22m[2mEmpty
[22m[39m[UnitContext] useEffect triggered {
  "authLoading": false,
  "hasUser": true,
  "id": "unit-1",
  "userSub": "mock-user-sub",
}
[90mstdout[2m | src/components/DictionaryEditor2.stories.jsx[2m > [22m[2mEmpty
[22m[39m[UnitContext] Fetching unit data for id: unit-1
[90mstdout[2m | src/components/DictionaryEditor2.stories.jsx[2m > [22m[2mEmpty
[22m[39m[FilesContext] Initializing vector store from IndexedDB
[90mstdout[2m | src/components/DictionaryEditor2.stories.jsx[2m > [22m[2mEmpty
[22m[39m[FilesContext] fetchFiles called
[90mstdout[2m | src/components/DictionaryEditor2.stories.jsx[2m > [22m[2mEmpty
[22m[39m[FilesContext] User authenticated: mock-user-sub
[90mstdout[2m | src/components/DictionaryEditor2.stories.jsx[2m > [22m[2mEmpty
[22m[39m[FilesContext] Identity ID: us-east-1:mock-identity-123
[90mstdout[2m | src/components/DictionaryEditor2.stories.jsx[2m > [22m[2mEmpty
[22m[39m[FilesContext] About to set up File observeQuery
[90mstdout[2m | src/components/DictionaryEditor2.stories.jsx[2m > [22m[2mEmpty
[22m[39m[ChatContext] Setting up AssistantChat observeQuery
[90mstdout[2m | src/components/DictionaryEditor2.stories.jsx[2m > [22m[2mEmpty
[22m[39m[ChatContext] Waiting for subscription to initialize
[90mstdout[2m | src/components/DictionaryEditor2.stories.jsx[2m > [22m[2mEmpty
[22m[39m[SettingsContext] Setting up Settings subscription for user: mock-user-sub
[90mstdout[2m | src/components/DictionaryEditor2.stories.jsx[2m > [22m[2mEmpty
[22m[39m[Mock Data] Settings created: mock-settings-1790418808069 - notified 0 subscribers
[90mstdout[2m | src/components/DictionaryEditor2.stories.jsx[2m > [22m[2mEmpty
[22m[39m[Mock Data] Unit.onUpdate() subscription added. Total: 1
[90mstdout[2m | src/components/DictionaryEditor2.stories.jsx[2m > [22m[2mEmpty
[22m[39m[SectionContext] Section observeQuery update: 0
[90mstdout[2m | src/components/DictionaryEditor2.stories.jsx[2m > [22m[2mEmpty
[22m[39m[FilesContext] File observeQuery update: 0 files
[90mstdout[2m | src/components/DictionaryEditor2.stories.jsx[2m > [22m[2mEmpty
[22m[39m[ChatContext] AssistantChat initialized with 0 chats
[90mstdout[2m | src/components/DictionaryEditor2.stories.jsx[2m > [22m[2mEmpty
[22m[39m[MOCK CourseVectorStore] Initialized with mock data
[90mstdout[2m | src/components/DictionaryEditor2.stories.jsx[2m > [22m[2mEmpty
[22m[39m[ChatContext] No current chat available, will create one
[90mstdout[2m | src/components/DictionaryEditor2.stories.jsx[2m > [22m[2mEmpty
[22m[39m[ChatContext] Creating AssistantChat with user: undefined
[90mstdout[2m | src/components/DictionaryEditor2.stories.jsx[2m > [22m[2mEmpty
[22m[39m[Mock Data] AssistantChat created: mock-assistantchat-1790418808130 - notified 1 subscribers
[90mstdout[2m | src/components/DictionaryEditor2.stories.jsx[2m > [22m[2mEmpty
[22m[39m[ChatContext] Create result: {
  "data": {
    "_version": 1,
    "archived": false,
    "chatFiles": [Function anonymous],
    "createdAt": "2026-09-26T10:33:28.130Z",
    "id": "mock-assistantchat-1790418808130",
    "model": "gpt-4",
    "updatedAt": "2026-09-26T10:33:28.130Z",
  },
  "errors": [],
  "hasData": true,
  "hasErrors": true,
}
[90mstdout[2m | src/components/DictionaryEditor2.stories.jsx[2m > [22m[2mEmpty
[22m[39m[ChatContext] Created AssistantChat: mock-assistantchat-1790418808130 at: 2026-09-26T10:33:28.130Z
[90mstdout[2m | src/components/DictionaryEditor2.stories.jsx[2m > [22m[2mEmpty
[22m[39m[Mock Storage] downloadData called with: undefined
[90mstdout[2m | src/components/DictionaryEditor2.stories.jsx[2m > [22m[2mEmpty
[22m[39m[ChatContext] Setting initial chat: mock-assistantchat-1790418808130
[90mstdout[2m | src/components/DictionaryEditor2.stories.jsx[2m > [22m[2mEmpty
[22m[39m[ChatContext] Chat exists and not archived, skipping creation
[90mstdout[2m | src/components/DictionaryEditor2.stories.jsx[2m > [22m[2mBulk Imported
[22m[39m[ChatContext] Cleaning up subscriptions
[90mstdout[2m | src/components/DictionaryEditor2.stories.jsx[2m > [22m[2mBulk Imported
[22m[39m[Mock Data] Unit.onUpdate() subscription removed. Remaining: 0
[90mstdout[2m | src/components/DictionaryEditor2.stories.jsx[2m > [22m[2mBulk Imported
[22m[39m[Preview] Skipped initializing default mock data (initializeMockData=false)
[90mstdout[2m | src/components/DictionaryEditor2.stories.jsx[2m > [22m[2mBulk Imported
[22m[39m[Mock Data] seedMockUnit: Adding unit unit-1
[90mstdout[2m | src/components/DictionaryEditor2.stories.jsx[2m > [22m[2mBulk Imported
[22m[39m[Mock Data] seedMockWords: Adding 5 words
[90mstdout[2m | src/components/DictionaryEditor2.stories.jsx[2m > [22m[2mBulk Imported
[22m[39m[Mock Data] seedMockUnit: Adding unit unit-csv
[90mstdout[2m | src/components/DictionaryEditor2.stories.jsx[2m > [22m[2mBulk Imported
[22m[39m[Mock Data] seedMockWords: Adding 10 words
[90mstdout[2m | src/components/DictionaryEditor2.stories.jsx[2m > [22m[2mBulk Imported
[22m[39m[MOCK CourseVectorStore] Initialized with mock data
[90mstdout[2m | src/components/DictionaryEditor2.stories.jsx[2m > [22m[2mBulk Imported
[22m[39m[TranslationModeController] Setting mode to: off
[90mstdout[2m | src/components/DictionaryEditor2.stories.jsx[2m > [22m[2mBulk Imported
[22m[39m[UnitContext] useEffect triggered {
  "authLoading": false,
  "hasUser": true,
  "id": "unit-csv",
  "userSub": "mock-user-sub",
}
[90mstdout[2m | src/components/DictionaryEditor2.stories.jsx[2m > [22m[2mBulk Imported
[22m[39m[UnitContext] Fetching unit data for id: unit-csv
[90mstdout[2m | src/components/DictionaryEditor2.stories.jsx[2m > [22m[2mBulk Imported
[22m[39m[FilesContext] Initializing vector store from IndexedDB
[90mstdout[2m | src/components/DictionaryEditor2.stories.jsx[2m > [22m[2mBulk Imported
[22m[39m[FilesContext] fetchFiles called
[90mstdout[2m | src/components/DictionaryEditor2.stories.jsx[2m > [22m[2mBulk Imported
[22m[39m[FilesContext] User authenticated: mock-user-sub
[90mstdout[2m | src/components/DictionaryEditor2.stories.jsx[2m > [22m[2mBulk Imported
[22m[39m[FilesContext] Identity ID: us-east-1:mock-identity-123
[90mstdout[2m | src/components/DictionaryEditor2.stories.jsx[2m > [22m[2mBulk Imported
[22m[39m[FilesContext] About to set up File observeQuery
[90mstdout[2m | src/components/DictionaryEditor2.stories.jsx[2m > [22m[2mBulk Imported
[22m[39m[ChatContext] Setting up AssistantChat observeQuery
[90mstdout[2m | src/components/DictionaryEditor2.stories.jsx[2m > [22m[2mBulk Imported
[22m[39m[ChatContext] Waiting for subscription to initialize
[90mstdout[2m | src/components/DictionaryEditor2.stories.jsx[2m > [22m[2mBulk Imported
[22m[39m[SettingsContext] Setting up Settings subscription for user: mock-user-sub
[90mstdout[2m | src/components/DictionaryEditor2.stories.jsx[2m > [22m[2mBulk Imported
[22m[39m[Mock Data] Settings created: mock-settings-1790418808327 - notified 0 subscribers
[90mstdout[2m | src/components/DictionaryEditor2.stories.jsx[2m > [22m[2mBulk Imported
[22m[39m[Mock Data] Unit.onUpdate() subscription added. Total: 1
[90mstdout[2m | src/components/DictionaryEditor2.stories.jsx[2m > [22m[2mBulk Imported
[22m[39m[SectionContext] Section observeQuery update: 0
[90mstdout[2m | src/components/DictionaryEditor2.stories.jsx[2m > [22m[2mBulk Imported
[22m[39m[FilesContext] File observeQuery update: 0 files
[90mstdout[2m | src/components/DictionaryEditor2.stories.jsx[2m > [22m[2mBulk Imported
[22m[39m[ChatContext] AssistantChat initialized with 0 chats
[90mstdout[2m | src/components/DictionaryEditor2.stories.jsx[2m > [22m[2mBulk Imported
[22m[39m[MOCK CourseVectorStore] Initialized with mock data
[90mstdout[2m | src/components/DictionaryEditor2.stories.jsx[2m > [22m[2mBulk Imported
[22m[39m[ChatContext] No current chat available, will create one
[90mstdout[2m | src/components/DictionaryEditor2.stories.jsx[2m > [22m[2mBulk Imported
[22m[39m[ChatContext] Creating AssistantChat with user: undefined
[90mstdout[2m | src/components/DictionaryEditor2.stories.jsx[2m > [22m[2mBulk Imported
[22m[39m[Mock Data] AssistantChat created: mock-assistantchat-1790418808362 - notified 1 subscribers
[90mstdout[2m | src/components/DictionaryEditor2.stories.jsx[2m > [22m[2mBulk Imported
[22m[39m[ChatContext] Create result: {
  "data": {
    "_version": 1,
    "archived": false,
    "chatFiles": [Function anonymous],
    "createdAt": "2026-09-26T10:33:28.362Z",
    "id": "mock-assistantchat-1790418808362",
    "model": "gpt-4",
    "updatedAt": "2026-09-26T10:33:28.362Z",
  },
  "errors": [],
  "hasData": true,
  "hasErrors": true,
}
[90mstdout[2m | src/components/DictionaryEditor2.stories.jsx[2m > [22m[2mBulk Imported
[22m[39m[ChatContext] Created AssistantChat: mock-assistantchat-1790418808362 at: 2026-09-26T10:33:28.362Z
[90mstdout[2m | src/components/DictionaryEditor2.stories.jsx[2m > [22m[2mBulk Imported
[22m[39m[Mock Storage] downloadData called with: undefined
[90mstdout[2m | src/components/DictionaryEditor2.stories.jsx[2m > [22m[2mBulk Imported
[22m[39m[ChatContext] Setting initial chat: mock-assistantchat-1790418808362
[90mstdout[2m | src/components/DictionaryEditor2.stories.jsx[2m > [22m[2mBulk Imported
[22m[39m[ChatContext] Chat exists and not archived, skipping creation
 [32m✓[39m [30m[45m storybook (chromium) [49m[39m src/components/DictionaryEditor2.stories.jsx [2m([22m[2m3 tests[22m[2m)[22m[33m 1231[2mms[22m[39m
   [33m[2m✓[22m[39m Default [33m 499[2mms[22m[39m
   [33m[2m✓[22m[39m Bulk Imported [33m 481[2mms[22m[39m
[90mstdout[2m | unknown test
[22m[39m[MOCK vectorStoreDB.js] Module loaded - mock IndexedDB operations
[90mstdout[2m | unknown test
[22m[39m[Task Completion] DOM action listeners initialized
[90mstdout[2m | unknown test
[22m[39m[Task Completion] Auto-completion detector initialized
[90mstdout[2m | unknown test
[22m[39m[Preview] Task completion detector initialized
[90mstdout[2m | src/components/Editor3/plugins/YouTubePlugin.stories.jsx[2m > [22m[2mEditable Empty
[22m[39m[Preview] Skipped initializing default mock data (initializeMockData=false)
[90mstdout[2m | src/components/Editor3/plugins/YouTubePlugin.stories.jsx[2m > [22m[2mEditable Empty
[22m[39m[Mock Data] seedMockUnit: Adding unit youtube-plugin-story-unit
[90mstdout[2m | src/components/Editor3/plugins/YouTubePlugin.stories.jsx[2m > [22m[2mEditable Empty
[22m[39m[MOCK CourseVectorStore] Initialized with mock data
[90mstdout[2m | src/components/Editor3/plugins/YouTubePlugin.stories.jsx[2m > [22m[2mEditable Empty
[22m[39m[TranslationModeController] Setting mode to: off
[90mstdout[2m | src/components/Editor3/plugins/YouTubePlugin.stories.jsx[2m > [22m[2mEditable Empty
[22m[39m[UnitContext] useEffect triggered {
  "authLoading": false,
  "hasUser": true,
  "id": "youtube-plugin-story-unit",
  "userSub": "mock-user-sub",
}
[90mstdout[2m | src/components/Editor3/plugins/YouTubePlugin.stories.jsx[2m > [22m[2mEditable Empty
[22m[39m[UnitContext] Fetching unit data for id: youtube-plugin-story-unit
[90mstdout[2m | src/components/Editor3/plugins/YouTubePlugin.stories.jsx[2m > [22m[2mEditable Empty
[22m[39m[FilesContext] Initializing vector store from IndexedDB
[90mstdout[2m | src/components/Editor3/plugins/YouTubePlugin.stories.jsx[2m > [22m[2mEditable Empty
[22m[39m[FilesContext] fetchFiles called
[90mstdout[2m | src/components/Editor3/plugins/YouTubePlugin.stories.jsx[2m > [22m[2mEditable Empty
[22m[39m[FilesContext] User authenticated: mock-user-sub
[90mstdout[2m | src/components/Editor3/plugins/YouTubePlugin.stories.jsx[2m > [22m[2mEditable Empty
[22m[39m[FilesContext] Identity ID: us-east-1:mock-identity-123
[90mstdout[2m | src/components/Editor3/plugins/YouTubePlugin.stories.jsx[2m > [22m[2mEditable Empty
[22m[39m[FilesContext] About to set up File observeQuery
[90mstdout[2m | src/components/Editor3/plugins/YouTubePlugin.stories.jsx[2m > [22m[2mEditable Empty
[22m[39m[ChatContext] Setting up AssistantChat observeQuery
[90mstdout[2m | src/components/Editor3/plugins/YouTubePlugin.stories.jsx[2m > [22m[2mEditable Empty
[22m[39m[ChatContext] Waiting for subscription to initialize
[90mstdout[2m | src/components/Editor3/plugins/YouTubePlugin.stories.jsx[2m > [22m[2mEditable Empty
[22m[39m[SettingsContext] Setting up Settings subscription for user: mock-user-sub
[90mstdout[2m | src/components/Editor3/plugins/YouTubePlugin.stories.jsx[2m > [22m[2mEditable Empty
[22m[39m[Mock Data] Settings created: mock-settings-1790418809528 - notified 0 subscribers
[90mstdout[2m | src/components/Editor3/plugins/YouTubePlugin.stories.jsx[2m > [22m[2mEditable Empty
[22m[39m[Mock Data] Unit.onUpdate() subscription added. Total: 1
[90mstdout[2m | src/components/Editor3/plugins/YouTubePlugin.stories.jsx[2m > [22m[2mEditable Empty
[22m[39m[SectionContext] Section observeQuery update: 0
[90mstdout[2m | src/components/Editor3/plugins/YouTubePlugin.stories.jsx[2m > [22m[2mEditable Empty
[22m[39m[FilesContext] File observeQuery update: 0 files
[90mstdout[2m | src/components/Editor3/plugins/YouTubePlugin.stories.jsx[2m > [22m[2mEditable Empty
[22m[39m[MOCK CourseVectorStore] Initialized with mock data
[90mstdout[2m | src/components/Editor3/plugins/YouTubePlugin.stories.jsx[2m > [22m[2mEditable Empty
[22m[39m[ChatContext] AssistantChat initialized with 0 chats
[90mstdout[2m | src/components/Editor3/plugins/YouTubePlugin.stories.jsx[2m > [22m[2mEditable Empty
[22m[39m[Mock Storage] downloadData called with: undefined
[90mstdout[2m | src/components/Editor3/plugins/YouTubePlugin.stories.jsx[2m > [22m[2mEditable Empty
[22m[39m[ChatContext] No current chat available, will create one
[90mstdout[2m | src/components/Editor3/plugins/YouTubePlugin.stories.jsx[2m > [22m[2mEditable Empty
[22m[39m[ChatContext] Creating AssistantChat with user: undefined
[90mstdout[2m | src/components/Editor3/plugins/YouTubePlugin.stories.jsx[2m > [22m[2mEditable Empty
[22m[39m[Mock Data] AssistantChat created: mock-assistantchat-1790418809548 - notified 1 subscribers
[90mstdout[2m | src/components/Editor3/plugins/YouTubePlugin.stories.jsx[2m > [22m[2mEditable Empty
[22m[39m[ChatContext] Create result: {
  "data": {
    "_version": 1,
    "archived": false,
    "chatFiles": [Function anonymous],
    "createdAt": "2026-09-26T10:33:29.548Z",
    "id": "mock-assistantchat-1790418809548",
    "model": "gpt-4",
    "updatedAt": "2026-09-26T10:33:29.548Z",
  },
  "errors": [],
  "hasData": true,
  "hasErrors": true,
}
[90mstdout[2m | src/components/Editor3/plugins/YouTubePlugin.stories.jsx[2m > [22m[2mEditable Empty
[22m[39m[ChatContext] Created AssistantChat: mock-assistantchat-1790418809548 at: 2026-09-26T10:33:29.548Z
[90mstdout[2m | src/components/Editor3/plugins/YouTubePlugin.stories.jsx[2m > [22m[2mEditable Empty
[22m[39m[ChatContext] Setting initial chat: mock-assistantchat-1790418809548
[90mstdout[2m | src/components/Editor3/plugins/YouTubePlugin.stories.jsx[2m > [22m[2mEditable Empty
[22m[39m[ChatContext] Chat exists and not archived, skipping creation
[90mstdout[2m | src/components/Editor3/plugins/YouTubePlugin.stories.jsx[2m > [22m[2mEditable With Video
[22m[39m[ChatContext] Cleaning up subscriptions
[90mstdout[2m | src/components/Editor3/plugins/YouTubePlugin.stories.jsx[2m > [22m[2mEditable With Video
[22m[39m[Mock Data] Unit.onUpdate() subscription removed. Remaining: 0
[90mstdout[2m | src/components/Editor3/plugins/YouTubePlugin.stories.jsx[2m > [22m[2mEditable With Video
[22m[39m[Preview] Skipped initializing default mock data (initializeMockData=false)
[90mstdout[2m | src/components/Editor3/plugins/YouTubePlugin.stories.jsx[2m > [22m[2mEditable With Video
[22m[39m[Mock Data] seedMockUnit: Adding unit youtube-plugin-story-unit
[90mstdout[2m | src/components/Editor3/plugins/YouTubePlugin.stories.jsx[2m > [22m[2mEditable With Video
[22m[39m[MOCK CourseVectorStore] Initialized with mock data
[90mstdout[2m | src/components/Editor3/plugins/YouTubePlugin.stories.jsx[2m > [22m[2mEditable With Video
[22m[39m[TranslationModeController] Setting mode to: off
[90mstdout[2m | src/components/Editor3/plugins/YouTubePlugin.stories.jsx[2m > [22m[2mEditable With Video
[22m[39m[UnitContext] useEffect triggered {
  "authLoading": false,
  "hasUser": true,
  "id": "youtube-plugin-story-unit",
  "userSub": "mock-user-sub",
}
[90mstdout[2m | src/components/Editor3/plugins/YouTubePlugin.stories.jsx[2m > [22m[2mEditable With Video
[22m[39m[UnitContext] Fetching unit data for id: youtube-plugin-story-unit
[90mstdout[2m | src/components/Editor3/plugins/YouTubePlugin.stories.jsx[2m > [22m[2mEditable With Video
[22m[39m[FilesContext] Initializing vector store from IndexedDB
[90mstdout[2m | src/components/Editor3/plugins/YouTubePlugin.stories.jsx[2m > [22m[2mEditable With Video
[22m[39m[FilesContext] fetchFiles called
[90mstdout[2m | src/components/Editor3/plugins/YouTubePlugin.stories.jsx[2m > [22m[2mEditable With Video
[22m[39m[FilesContext] User authenticated: mock-user-sub
[90mstdout[2m | src/components/Editor3/plugins/YouTubePlugin.stories.jsx[2m > [22m[2mEditable With Video
[22m[39m[FilesContext] Identity ID: us-east-1:mock-identity-123
[90mstdout[2m | src/components/Editor3/plugins/YouTubePlugin.stories.jsx[2m > [22m[2mEditable With Video
[22m[39m[FilesContext] About to set up File observeQuery
[90mstdout[2m | src/components/Editor3/plugins/YouTubePlugin.stories.jsx[2m > [22m[2mEditable With Video
[22m[39m[ChatContext] Setting up AssistantChat observeQuery
[90mstdout[2m | src/components/Editor3/plugins/YouTubePlugin.stories.jsx[2m > [22m[2mEditable With Video
[22m[39m[ChatContext] Waiting for subscription to initialize
[90mstdout[2m | src/components/Editor3/plugins/YouTubePlugin.stories.jsx[2m > [22m[2mEditable With Video
[22m[39m[SettingsContext] Setting up Settings subscription for user: mock-user-sub
[90mstdout[2m | src/components/Editor3/plugins/YouTubePlugin.stories.jsx[2m > [22m[2mEditable With Video
[22m[39m[Mock Data] Settings created: mock-settings-1790418809689 - notified 0 subscribers
[90mstdout[2m | src/components/Editor3/plugins/YouTubePlugin.stories.jsx[2m > [22m[2mEditable With Video
[22m[39m[Mock Data] Unit.onUpdate() subscription added. Total: 1
[90mstdout[2m | src/components/Editor3/plugins/YouTubePlugin.stories.jsx[2m > [22m[2mEditable With Video
[22m[39m[SectionContext] Section observeQuery update: 0
[90mstdout[2m | src/components/Editor3/plugins/YouTubePlugin.stories.jsx[2m > [22m[2mEditable With Video
[22m[39m[FilesContext] File observeQuery update: 0 files
[90mstdout[2m | src/components/Editor3/plugins/YouTubePlugin.stories.jsx[2m > [22m[2mEditable With Video
[22m[39m[ChatContext] AssistantChat initialized with 0 chats
[90mstdout[2m | src/components/Editor3/plugins/YouTubePlugin.stories.jsx[2m > [22m[2mEditable With Video
[22m[39m[MOCK CourseVectorStore] Initialized with mock data
[90mstdout[2m | src/components/Editor3/plugins/YouTubePlugin.stories.jsx[2m > [22m[2mEditable With Video
[22m[39m[ChatContext] No current chat available, will create one
[90mstdout[2m | src/components/Editor3/plugins/YouTubePlugin.stories.jsx[2m > [22m[2mEditable With Video
[22m[39m[ChatContext] Creating AssistantChat with user: undefined
[90mstdout[2m | src/components/Editor3/plugins/YouTubePlugin.stories.jsx[2m > [22m[2mEditable With Video
[22m[39m[Mock Data] AssistantChat created: mock-assistantchat-1790418809700 - notified 1 subscribers
[90mstdout[2m | src/components/Editor3/plugins/YouTubePlugin.stories.jsx[2m > [22m[2mEditable With Video
[22m[39m[ChatContext] Create result: {
  "data": {
    "_version": 1,
    "archived": false,
    "chatFiles": [Function anonymous],
    "createdAt": "2026-09-26T10:33:29.700Z",
    "id": "mock-assistantchat-1790418809700",
    "model": "gpt-4",
    "updatedAt": "2026-09-26T10:33:29.700Z",
  },
  "errors": [],
  "hasData": true,
  "hasErrors": true,
}
[90mstdout[2m | src/components/Editor3/plugins/YouTubePlugin.stories.jsx[2m > [22m[2mEditable With Video
[22m[39m[ChatContext] Created AssistantChat: mock-assistantchat-1790418809700 at: 2026-09-26T10:33:29.700Z
[90mstdout[2m | src/components/Editor3/plugins/YouTubePlugin.stories.jsx[2m > [22m[2mEditable With Video
[22m[39m[Mock Storage] downloadData called with: undefined
[90mstdout[2m | src/components/Editor3/plugins/YouTubePlugin.stories.jsx[2m > [22m[2mEditable With Video
[22m[39m[ChatContext] Setting initial chat: mock-assistantchat-1790418809700
[90mstdout[2m | src/components/Editor3/plugins/YouTubePlugin.stories.jsx[2m > [22m[2mEditable With Video
[22m[39m[ChatContext] Chat exists and not archived, skipping creation
[90mstdout[2m | src/components/Editor3/plugins/YouTubePlugin.stories.jsx[2m > [22m[2mRead Only With Video
[22m[39m[ChatContext] Cleaning up subscriptions
[90mstdout[2m | src/components/Editor3/plugins/YouTubePlugin.stories.jsx[2m > [22m[2mRead Only With Video
[22m[39m[Mock Data] Unit.onUpdate() subscription removed. Remaining: 0
[90mstdout[2m | src/components/Editor3/plugins/YouTubePlugin.stories.jsx[2m > [22m[2mRead Only With Video
[22m[39m[Preview] Skipped initializing default mock data (initializeMockData=false)
[90mstdout[2m | src/components/Editor3/plugins/YouTubePlugin.stories.jsx[2m > [22m[2mRead Only With Video
[22m[39m[Mock Data] seedMockUnit: Adding unit youtube-plugin-story-unit
[90mstdout[2m | src/components/Editor3/plugins/YouTubePlugin.stories.jsx[2m > [22m[2mRead Only With Video
[22m[39m[MOCK CourseVectorStore] Initialized with mock data
[90mstdout[2m | src/components/Editor3/plugins/YouTubePlugin.stories.jsx[2m > [22m[2mRead Only With Video
[22m[39m[TranslationModeController] Setting mode to: off
[90mstdout[2m | src/components/Editor3/plugins/YouTubePlugin.stories.jsx[2m > [22m[2mRead Only With Video
[22m[39m[UnitContext] useEffect triggered {
  "authLoading": false,
  "hasUser": true,
  "id": "youtube-plugin-story-unit",
  "userSub": "mock-user-sub",
}
[90mstdout[2m | src/components/Editor3/plugins/YouTubePlugin.stories.jsx[2m > [22m[2mRead Only With Video
[22m[39m[UnitContext] Fetching unit data for id: youtube-plugin-story-unit
[90mstdout[2m | src/components/Editor3/plugins/YouTubePlugin.stories.jsx[2m > [22m[2mRead Only With Video
[22m[39m[FilesContext] Initializing vector store from IndexedDB
[90mstdout[2m | src/components/Editor3/plugins/YouTubePlugin.stories.jsx[2m > [22m[2mRead Only With Video
[22m[39m[FilesContext] fetchFiles called
[90mstdout[2m | src/components/Editor3/plugins/YouTubePlugin.stories.jsx[2m > [22m[2mRead Only With Video
[22m[39m[FilesContext] User authenticated: mock-user-sub
[90mstdout[2m | src/components/Editor3/plugins/YouTubePlugin.stories.jsx[2m > [22m[2mRead Only With Video
[22m[39m[FilesContext] Identity ID: us-east-1:mock-identity-123
[90mstdout[2m | src/components/Editor3/plugins/YouTubePlugin.stories.jsx[2m > [22m[2mRead Only With Video
[22m[39m[FilesContext] About to set up File observeQuery
[90mstdout[2m | src/components/Editor3/plugins/YouTubePlugin.stories.jsx[2m > [22m[2mRead Only With Video
[22m[39m[ChatContext] Setting up AssistantChat observeQuery
[90mstdout[2m | src/components/Editor3/plugins/YouTubePlugin.stories.jsx[2m > [22m[2mRead Only With Video
[22m[39m[ChatContext] Waiting for subscription to initialize
[90mstdout[2m | src/components/Editor3/plugins/YouTubePlugin.stories.jsx[2m > [22m[2mRead Only With Video
[22m[39m[SettingsContext] Setting up Settings subscription for user: mock-user-sub
[90mstdout[2m | src/components/Editor3/plugins/YouTubePlugin.stories.jsx[2m > [22m[2mRead Only With Video
[22m[39m[Mock Data] Settings created: mock-settings-1790418810307 - notified 0 subscribers
[90mstdout[2m | src/components/Editor3/plugins/YouTubePlugin.stories.jsx[2m > [22m[2mRead Only With Video
[22m[39m[Mock Data] Unit.onUpdate() subscription added. Total: 1
[90mstdout[2m | src/components/Editor3/plugins/YouTubePlugin.stories.jsx[2m > [22m[2mRead Only With Video
[22m[39m[SectionContext] Section observeQuery update: 0
[90mstdout[2m | src/components/Editor3/plugins/YouTubePlugin.stories.jsx[2m > [22m[2mRead Only With Video
[22m[39m[FilesContext] File observeQuery update: 0 files
[90mstdout[2m | src/components/Editor3/plugins/YouTubePlugin.stories.jsx[2m > [22m[2mRead Only With Video
[22m[39m[ChatContext] AssistantChat initialized with 0 chats
[90mstdout[2m | src/components/Editor3/plugins/YouTubePlugin.stories.jsx[2m > [22m[2mRead Only With Video
[22m[39m[MOCK CourseVectorStore] Initialized with mock data
[90mstdout[2m | src/components/Editor3/plugins/YouTubePlugin.stories.jsx[2m > [22m[2mRead Only With Video
[22m[39m[ChatContext] No current chat available, will create one
[90mstdout[2m | src/components/Editor3/plugins/YouTubePlugin.stories.jsx[2m > [22m[2mRead Only With Video
[22m[39m[ChatContext] Creating AssistantChat with user: undefined
[90mstdout[2m | src/components/Editor3/plugins/YouTubePlugin.stories.jsx[2m > [22m[2mRead Only With Video
[22m[39m[Mock Data] AssistantChat created: mock-assistantchat-1790418810323 - notified 1 subscribers
[90mstdout[2m | src/components/Editor3/plugins/YouTubePlugin.stories.jsx[2m > [22m[2mRead Only With Video
[22m[39m[ChatContext] Create result: {
  "data": {
    "_version": 1,
    "archived": false,
    "chatFiles": [Function anonymous],
    "createdAt": "2026-09-26T10:33:30.323Z",
    "id": "mock-assistantchat-1790418810323",
    "model": "gpt-4",
    "updatedAt": "2026-09-26T10:33:30.323Z",
  },
  "errors": [],
  "hasData": true,
  "hasErrors": true,
}
[90mstdout[2m | src/components/Editor3/plugins/YouTubePlugin.stories.jsx[2m > [22m[2mRead Only With Video
[22m[39m[ChatContext] Created AssistantChat: mock-assistantchat-1790418810323 at: 2026-09-26T10:33:30.323Z
[90mstdout[2m | src/components/Editor3/plugins/YouTubePlugin.stories.jsx[2m > [22m[2mRead Only With Video
[22m[39m[Mock Storage] downloadData called with: undefined
[90mstdout[2m | src/components/Editor3/plugins/YouTubePlugin.stories.jsx[2m > [22m[2mRead Only With Video
[22m[39m[ChatContext] Setting initial chat: mock-assistantchat-1790418810323
[90mstdout[2m | src/components/Editor3/plugins/YouTubePlugin.stories.jsx[2m > [22m[2mRead Only With Video
[22m[39m[ChatContext] Chat exists and not archived, skipping creation
 [32m✓[39m [30m[45m storybook (chromium) [49m[39m src/components/Editor3/plugins/YouTubePlugin.stories.jsx [2m([22m[2m3 tests[22m[2m)[22m[33m 1391[2mms[22m[39m
   [33m[2m✓[22m[39m Editable With Video [33m 581[2mms[22m[39m
   [33m[2m✓[22m[39m Read Only With Video [33m 633[2mms[22m[39m
[90mstdout[2m | unknown test
[22m[39m[MOCK vectorStoreDB.js] Module loaded - mock IndexedDB operations
[90mstdout[2m | unknown test
[22m[39m[Task Completion] DOM action listeners initialized
[90mstdout[2m | unknown test
[22m[39m[Task Completion] Auto-completion detector initialized
[90mstdout[2m | unknown test
[22m[39m[Preview] Task completion detector initialized
[90mstdout[2m | src/stories/chat-components.stories.tsx[2m > [22m[2mMentionChip / User
[22m[39m[MOCK CourseVectorStore] Initialized with mock data
[90mstdout[2m | src/stories/chat-components.stories.tsx[2m > [22m[2mMentionChip / User
[22m[39m[TranslationModeController] Setting mode to: off
[90mstdout[2m | src/stories/chat-components.stories.tsx[2m > [22m[2mMentionChip / User
[22m[39m[UnitContext] useEffect triggered {
  "authLoading": false,
  "hasUser": true,
  "id": "mock-unit-id",
  "userSub": "mock-user-sub",
}
[90mstdout[2m | src/stories/chat-components.stories.tsx[2m > [22m[2mMentionChip / User
[22m[39m[UnitContext] Fetching unit data for id: mock-unit-id
[90mstdout[2m | src/stories/chat-components.stories.tsx[2m > [22m[2mMentionChip / User
[22m[39m[FilesContext] Initializing vector store from IndexedDB
[90mstdout[2m | src/stories/chat-components.stories.tsx[2m > [22m[2mMentionChip / User
[22m[39m[FilesContext] fetchFiles called
[90mstdout[2m | src/stories/chat-components.stories.tsx[2m > [22m[2mMentionChip / User
[22m[39m[FilesContext] User authenticated: mock-user-sub
[90mstdout[2m | src/stories/chat-components.stories.tsx[2m > [22m[2mMentionChip / User
[22m[39m[FilesContext] Identity ID: us-east-1:mock-identity-123
[90mstdout[2m | src/stories/chat-components.stories.tsx[2m > [22m[2mMentionChip / User
[22m[39m[FilesContext] About to set up File observeQuery
[90mstdout[2m | src/stories/chat-components.stories.tsx[2m > [22m[2mMentionChip / User
[22m[39m[ChatContext] Setting up AssistantChat observeQuery
[90mstdout[2m | src/stories/chat-components.stories.tsx[2m > [22m[2mMentionChip / User
[22m[39m[ChatContext] Waiting for subscription to initialize
[90mstdout[2m | src/stories/chat-components.stories.tsx[2m > [22m[2mMentionChip / User
[22m[39m[SettingsContext] Setting up Settings subscription for user: mock-user-sub
[90mstdout[2m | src/stories/chat-components.stories.tsx[2m > [22m[2mMentionChip / User
[22m[39m[Mock Data] Settings created: mock-settings-1790418814438 - notified 0 subscribers
[90mstdout[2m | src/stories/chat-components.stories.tsx[2m > [22m[2mMentionChip / User
[22m[39m[Mock Data] Unit.onUpdate() subscription added. Total: 1
[90mstdout[2m | src/stories/chat-components.stories.tsx[2m > [22m[2mMentionChip / User
[22m[39m[SectionContext] Section observeQuery update: 0
[90mstdout[2m | src/stories/chat-components.stories.tsx[2m > [22m[2mMentionChip / User
[22m[39m[FilesContext] File observeQuery update: 6 files
[90mstdout[2m | src/stories/chat-components.stories.tsx[2m > [22m[2mMentionChip / User
[22m[39m[MOCK CourseVectorStore] Initialized with mock data
[90mstdout[2m | src/stories/chat-components.stories.tsx[2m > [22m[2mMentionChip / User
[22m[39m[FilesContext] Vector store population triggered {
  "currentVectorStoreSize": 3,
  "documentsCount": 0,
  "filesCount": 6,
  "isInitialLoad": true,
}
[90mstdout[2m | src/stories/chat-components.stories.tsx[2m > [22m[2mMentionChip / User
[22m[39m[FilesContext] Vector store population complete - 3 total embeddings
[90mstdout[2m | src/stories/chat-components.stories.tsx[2m > [22m[2mMentionChip / User
[22m[39m[ChatContext] AssistantChat initialized with 1 chats
[90mstdout[2m | src/stories/chat-components.stories.tsx[2m > [22m[2mMentionChip / User
[22m[39m[ChatContext] Setting initial chat: mock-assistant-chat-1
[90mstdout[2m | src/stories/chat-components.stories.tsx[2m > [22m[2mMentionChip / User
[22m[39m[Mock Storage] downloadData called with: undefined
[90mstdout[2m | src/stories/chat-components.stories.tsx[2m > [22m[2mMentionChip / User
[22m[39m[ChatContext] Chat exists and not archived, skipping creation
[90mstdout[2m | src/stories/chat-components.stories.tsx[2m > [22m[2mMentionChip / Bot (Kai)
[22m[39m[ChatContext] Cleaning up subscriptions
[90mstdout[2m | src/stories/chat-components.stories.tsx[2m > [22m[2mMentionChip / Bot (Kai)
[22m[39m[Mock Data] Unit.onUpdate() subscription removed. Remaining: 0
[90mstdout[2m | src/stories/chat-components.stories.tsx[2m > [22m[2mMentionChip / Bot (Kai)
[22m[39m[MOCK CourseVectorStore] Initialized with mock data
[90mstdout[2m | src/stories/chat-components.stories.tsx[2m > [22m[2mMentionChip / Bot (Kai)
[22m[39m[TranslationModeController] Setting mode to: off
[90mstdout[2m | src/stories/chat-components.stories.tsx[2m > [22m[2mMentionChip / Bot (Kai)
[22m[39m[UnitContext] useEffect triggered {
  "authLoading": false,
  "hasUser": true,
  "id": "mock-unit-id",
  "userSub": "mock-user-sub",
}
[90mstdout[2m | src/stories/chat-components.stories.tsx[2m > [22m[2mMentionChip / Bot (Kai)
[22m[39m[UnitContext] Fetching unit data for id: mock-unit-id
[90mstdout[2m | src/stories/chat-components.stories.tsx[2m > [22m[2mMentionChip / Bot (Kai)
[22m[39m[FilesContext] Initializing vector store from IndexedDB
[90mstdout[2m | src/stories/chat-components.stories.tsx[2m > [22m[2mMentionChip / Bot (Kai)
[22m[39m[FilesContext] fetchFiles called
[90mstdout[2m | src/stories/chat-components.stories.tsx[2m > [22m[2mMentionChip / Bot (Kai)
[22m[39m[FilesContext] User authenticated: mock-user-sub
[90mstdout[2m | src/stories/chat-components.stories.tsx[2m > [22m[2mMentionChip / Bot (Kai)
[22m[39m[FilesContext] Identity ID: us-east-1:mock-identity-123
[90mstdout[2m | src/stories/chat-components.stories.tsx[2m > [22m[2mMentionChip / Bot (Kai)
[22m[39m[FilesContext] About to set up File observeQuery
[90mstdout[2m | src/stories/chat-components.stories.tsx[2m > [22m[2mMentionChip / Bot (Kai)
[22m[39m[ChatContext] Setting up AssistantChat observeQuery
[90mstdout[2m | src/stories/chat-components.stories.tsx[2m > [22m[2mMentionChip / Bot (Kai)
[22m[39m[ChatContext] Waiting for subscription to initialize
[90mstdout[2m | src/stories/chat-components.stories.tsx[2m > [22m[2mMentionChip / Bot (Kai)
[22m[39m[SettingsContext] Setting up Settings subscription for user: mock-user-sub
[90mstdout[2m | src/stories/chat-components.stories.tsx[2m > [22m[2mMentionChip / Bot (Kai)
[22m[39m[Mock Data] Settings created: mock-settings-1790418814574 - notified 0 subscribers
[90mstdout[2m | src/stories/chat-components.stories.tsx[2m > [22m[2mMentionChip / Bot (Kai)
[22m[39m[Mock Data] Unit.onUpdate() subscription added. Total: 1
[90mstdout[2m | src/stories/chat-components.stories.tsx[2m > [22m[2mMentionChip / Bot (Kai)
[22m[39m[SectionContext] Section observeQuery update: 0
[90mstdout[2m | src/stories/chat-components.stories.tsx[2m > [22m[2mMentionChip / Bot (Kai)
[22m[39m[FilesContext] File observeQuery update: 6 files
[90mstdout[2m | src/stories/chat-components.stories.tsx[2m > [22m[2mMentionChip / Bot (Kai)
[22m[39m[ChatContext] AssistantChat initialized with 1 chats
[90mstdout[2m | src/stories/chat-components.stories.tsx[2m > [22m[2mMentionChip / Bot (Kai)
[22m[39m[ChatContext] Setting initial chat: mock-assistant-chat-1
[90mstdout[2m | src/stories/chat-components.stories.tsx[2m > [22m[2mMentionChip / Bot (Kai)
[22m[39m[Mock Storage] downloadData called with: undefined
[90mstdout[2m | src/stories/chat-components.stories.tsx[2m > [22m[2mMentionChip / Bot (Kai)
[22m[39m[MOCK CourseVectorStore] Initialized with mock data
[90mstdout[2m | src/stories/chat-components.stories.tsx[2m > [22m[2mMentionChip / Bot (Kai)
[22m[39m[FilesContext] Vector store population triggered {
  "currentVectorStoreSize": 3,
  "documentsCount": 0,
  "filesCount": 6,
  "isInitialLoad": true,
}
[90mstdout[2m | src/stories/chat-components.stories.tsx[2m > [22m[2mMentionChip / Bot (Kai)
[22m[39m[FilesContext] Vector store population complete - 3 total embeddings
[90mstdout[2m | src/stories/chat-components.stories.tsx[2m > [22m[2mMentionChip / Bot (Kai)
[22m[39m[ChatContext] Chat exists and not archived, skipping creation
[90mstdout[2m | src/stories/chat-components.stories.tsx[2m > [22m[2mMentionChip / Non-clickable
[22m[39m[ChatContext] Cleaning up subscriptions
[90mstdout[2m | src/stories/chat-components.stories.tsx[2m > [22m[2mMentionChip / Non-clickable
[22m[39m[Mock Data] Unit.onUpdate() subscription removed. Remaining: 0
[90mstdout[2m | src/stories/chat-components.stories.tsx[2m > [22m[2mMentionChip / Non-clickable
[22m[39m[MOCK CourseVectorStore] Initialized with mock data
[90mstdout[2m | src/stories/chat-components.stories.tsx[2m > [22m[2mMentionChip / Non-clickable
[22m[39m[TranslationModeController] Setting mode to: off
[90mstdout[2m | src/stories/chat-components.stories.tsx[2m > [22m[2mMentionChip / Non-clickable
[22m[39m[UnitContext] useEffect triggered {
  "authLoading": false,
  "hasUser": true,
  "id": "mock-unit-id",
  "userSub": "mock-user-sub",
}
[90mstdout[2m | src/stories/chat-components.stories.tsx[2m > [22m[2mMentionChip / Non-clickable
[22m[39m[UnitContext] Fetching unit data for id: mock-unit-id
[90mstdout[2m | src/stories/chat-components.stories.tsx[2m > [22m[2mMentionChip / Non-clickable
[22m[39m[FilesContext] Initializing vector store from IndexedDB
[90mstdout[2m | src/stories/chat-components.stories.tsx[2m > [22m[2mMentionChip / Non-clickable
[22m[39m[FilesContext] fetchFiles called
[90mstdout[2m | src/stories/chat-components.stories.tsx[2m > [22m[2mMentionChip / Non-clickable
[22m[39m[FilesContext] User authenticated: mock-user-sub
[90mstdout[2m | src/stories/chat-components.stories.tsx[2m > [22m[2mMentionChip / Non-clickable
[22m[39m[FilesContext] Identity ID: us-east-1:mock-identity-123
[90mstdout[2m | src/stories/chat-components.stories.tsx[2m > [22m[2mMentionChip / Non-clickable
[22m[39m[FilesContext] About to set up File observeQuery
[90mstdout[2m | src/stories/chat-components.stories.tsx[2m > [22m[2mMentionChip / Non-clickable
[22m[39m[ChatContext] Setting up AssistantChat observeQuery
[90mstdout[2m | src/stories/chat-components.stories.tsx[2m > [22m[2mMentionChip / Non-clickable
[22m[39m[ChatContext] Waiting for subscription to initialize
[90mstdout[2m | src/stories/chat-components.stories.tsx[2m > [22m[2mMentionChip / Non-clickable
[22m[39m[SettingsContext] Setting up Settings subscription for user: mock-user-sub
[90mstdout[2m | src/stories/chat-components.stories.tsx[2m > [22m[2mMentionChip / Non-clickable
[22m[39m[Mock Data] Settings created: mock-settings-1790418814674 - notified 0 subscribers
[90mstdout[2m | src/stories/chat-components.stories.tsx[2m > [22m[2mMentionChip / Non-clickable
[22m[39m[Mock Data] Unit.onUpdate() subscription added. Total: 1
[90mstdout[2m | src/stories/chat-components.stories.tsx[2m > [22m[2mMentionChip / Non-clickable
[22m[39m[SectionContext] Section observeQuery update: 0
[90mstdout[2m | src/stories/chat-components.stories.tsx[2m > [22m[2mMentionChip / Non-clickable
[22m[39m[FilesContext] File observeQuery update: 6 files
[90mstdout[2m | src/stories/chat-components.stories.tsx[2m > [22m[2mMentionChip / Non-clickable
[22m[39m[ChatContext] AssistantChat initialized with 1 chats
[90mstdout[2m | src/stories/chat-components.stories.tsx[2m > [22m[2mMentionChip / Non-clickable
[22m[39m[ChatContext] Setting initial chat: mock-assistant-chat-1
[90mstdout[2m | src/stories/chat-components.stories.tsx[2m > [22m[2mMentionChip / Non-clickable
[22m[39m[Mock Storage] downloadData called with: undefined
[90mstdout[2m | src/stories/chat-components.stories.tsx[2m > [22m[2mMentionChip / Non-clickable
[22m[39m[MOCK CourseVectorStore] Initialized with mock data
[90mstdout[2m | src/stories/chat-components.stories.tsx[2m > [22m[2mMentionChip / Non-clickable
[22m[39m[FilesContext] Vector store population triggered {
  "currentVectorStoreSize": 3,
  "documentsCount": 0,
  "filesCount": 6,
  "isInitialLoad": true,
}
[90mstdout[2m | src/stories/chat-components.stories.tsx[2m > [22m[2mMentionChip / Non-clickable
[22m[39m[FilesContext] Vector store population complete - 3 total embeddings
[90mstdout[2m | src/stories/chat-components.stories.tsx[2m > [22m[2mMentionChip / Non-clickable
[22m[39m[ChatContext] Chat exists and not archived, skipping creation
[90mstdout[2m | src/stories/chat-components.stories.tsx[2m > [22m[2mMessageComposer / Default
[22m[39m[ChatContext] Cleaning up subscriptions
[90mstdout[2m | src/stories/chat-components.stories.tsx[2m > [22m[2mMessageComposer / Default
[22m[39m[Mock Data] Unit.onUpdate() subscription removed. Remaining: 0
[90mstdout[2m | src/stories/chat-components.stories.tsx[2m > [22m[2mMessageComposer / Default
[22m[39m[MOCK CourseVectorStore] Initialized with mock data
[90mstdout[2m | src/stories/chat-components.stories.tsx[2m > [22m[2mMessageComposer / Default
[22m[39m[TranslationModeController] Setting mode to: off
[90mstdout[2m | src/stories/chat-components.stories.tsx[2m > [22m[2mMessageComposer / Default
[22m[39m[UnitContext] useEffect triggered {
  "authLoading": false,
  "hasUser": true,
  "id": "mock-unit-id",
  "userSub": "mock-user-sub",
}
[90mstdout[2m | src/stories/chat-components.stories.tsx[2m > [22m[2mMessageComposer / Default
[22m[39m[UnitContext] Fetching unit data for id: mock-unit-id
[90mstdout[2m | src/stories/chat-components.stories.tsx[2m > [22m[2mMessageComposer / Default
[22m[39m[FilesContext] Initializing vector store from IndexedDB
[90mstdout[2m | src/stories/chat-components.stories.tsx[2m > [22m[2mMessageComposer / Default
[22m[39m[FilesContext] fetchFiles called
[90mstdout[2m | src/stories/chat-components.stories.tsx[2m > [22m[2mMessageComposer / Default
[22m[39m[FilesContext] User authenticated: mock-user-sub
[90mstdout[2m | src/stories/chat-components.stories.tsx[2m > [22m[2mMessageComposer / Default
[22m[39m[FilesContext] Identity ID: us-east-1:mock-identity-123
[90mstdout[2m | src/stories/chat-components.stories.tsx[2m > [22m[2mMessageComposer / Default
[22m[39m[FilesContext] About to set up File observeQuery
[90mstdout[2m | src/stories/chat-components.stories.tsx[2m > [22m[2mMessageComposer / Default
[22m[39m[ChatContext] Setting up AssistantChat observeQuery
[90mstdout[2m | src/stories/chat-components.stories.tsx[2m > [22m[2mMessageComposer / Default
[22m[39m[ChatContext] Waiting for subscription to initialize
[90mstdout[2m | src/stories/chat-components.stories.tsx[2m > [22m[2mMessageComposer / Default
[22m[39m[SettingsContext] Setting up Settings subscription for user: mock-user-sub
[90mstdout[2m | src/stories/chat-components.stories.tsx[2m > [22m[2mMessageComposer / Default
[22m[39m[Mock Data] Settings created: mock-settings-1790418814787 - notified 0 subscribers
[90mstdout[2m | src/stories/chat-components.stories.tsx[2m > [22m[2mMessageComposer / Default
[22m[39m[Mock Data] Unit.onUpdate() subscription added. Total: 1
[90mstdout[2m | src/stories/chat-components.stories.tsx[2m > [22m[2mMessageComposer / Default
[22m[39m[SectionContext] Section observeQuery update: 0
[90mstdout[2m | src/stories/chat-components.stories.tsx[2m > [22m[2mMessageComposer / Default
[22m[39m[FilesContext] File observeQuery update: 6 files
[90mstdout[2m | src/stories/chat-components.stories.tsx[2m > [22m[2mMessageComposer / Default
[22m[39m[ChatContext] AssistantChat initialized with 1 chats
[90mstdout[2m | src/stories/chat-components.stories.tsx[2m > [22m[2mMessageComposer / Default
[22m[39m[ChatContext] Setting initial chat: mock-assistant-chat-1
[90mstdout[2m | src/stories/chat-components.stories.tsx[2m > [22m[2mMessageComposer / Default
[22m[39m[MOCK CourseVectorStore] Initialized with mock data
[90mstdout[2m | src/stories/chat-components.stories.tsx[2m > [22m[2mMessageComposer / Default
[22m[39m[FilesContext] Vector store population triggered {
  "currentVectorStoreSize": 3,
  "documentsCount": 0,
  "filesCount": 6,
  "isInitialLoad": true,
}
[90mstdout[2m | src/stories/chat-components.stories.tsx[2m > [22m[2mMessageComposer / Default
[22m[39m[FilesContext] Vector store population complete - 3 total embeddings
[90mstdout[2m | src/stories/chat-components.stories.tsx[2m > [22m[2mMessageComposer / Default
[22m[39m[ChatContext] Chat exists and not archived, skipping creation
[90mstdout[2m | src/stories/chat-components.stories.tsx[2m > [22m[2mMessageComposer / Default
[22m[39m[Mock Storage] downloadData called with: undefined
[90mstdout[2m | src/stories/chat-components.stories.tsx[2m > [22m[2mMessageComposer / With Reply
[22m[39m[ChatContext] Cleaning up subscriptions
[90mstdout[2m | src/stories/chat-components.stories.tsx[2m > [22m[2mMessageComposer / With Reply
[22m[39m[Mock Data] Unit.onUpdate() subscription removed. Remaining: 0
[90mstdout[2m | src/stories/chat-components.stories.tsx[2m > [22m[2mMessageComposer / With Reply
[22m[39m[MOCK CourseVectorStore] Initialized with mock data
[90mstdout[2m | src/stories/chat-components.stories.tsx[2m > [22m[2mMessageComposer / With Reply
[22m[39m[TranslationModeController] Setting mode to: off
[90mstdout[2m | src/stories/chat-components.stories.tsx[2m > [22m[2mMessageComposer / With Reply
[22m[39m[UnitContext] useEffect triggered {
  "authLoading": false,
  "hasUser": true,
  "id": "mock-unit-id",
  "userSub": "mock-user-sub",
}
[90mstdout[2m | src/stories/chat-components.stories.tsx[2m > [22m[2mMessageComposer / With Reply
[22m[39m[UnitContext] Fetching unit data for id: mock-unit-id
[90mstdout[2m | src/stories/chat-components.stories.tsx[2m > [22m[2mMessageComposer / With Reply
[22m[39m[FilesContext] Initializing vector store from IndexedDB
[90mstdout[2m | src/stories/chat-components.stories.tsx[2m > [22m[2mMessageComposer / With Reply
[22m[39m[FilesContext] fetchFiles called
[90mstdout[2m | src/stories/chat-components.stories.tsx[2m > [22m[2mMessageComposer / With Reply
[22m[39m[FilesContext] User authenticated: mock-user-sub
[90mstdout[2m | src/stories/chat-components.stories.tsx[2m > [22m[2mMessageComposer / With Reply
[22m[39m[FilesContext] Identity ID: us-east-1:mock-identity-123
[90mstdout[2m | src/stories/chat-components.stories.tsx[2m > [22m[2mMessageComposer / With Reply
[22m[39m[FilesContext] About to set up File observeQuery
[90mstdout[2m | src/stories/chat-components.stories.tsx[2m > [22m[2mMessageComposer / With Reply
[22m[39m[ChatContext] Setting up AssistantChat observeQuery
[90mstdout[2m | src/stories/chat-components.stories.tsx[2m > [22m[2mMessageComposer / With Reply
[22m[39m[ChatContext] Waiting for subscription to initialize
[90mstdout[2m | src/stories/chat-components.stories.tsx[2m > [22m[2mMessageComposer / With Reply
[22m[39m[SettingsContext] Setting up Settings subscription for user: mock-user-sub
[90mstdout[2m | src/stories/chat-components.stories.tsx[2m > [22m[2mMessageComposer / With Reply
[22m[39m[Mock Data] Settings created: mock-settings-1790418814907 - notified 0 subscribers
[90mstdout[2m | src/stories/chat-components.stories.tsx[2m > [22m[2mMessageComposer / With Reply
[22m[39m[Mock Data] Unit.onUpdate() subscription added. Total: 1
[90mstdout[2m | src/stories/chat-components.stories.tsx[2m > [22m[2mMessageComposer / With Reply
[22m[39m[SectionContext] Section observeQuery update: 0
[90mstdout[2m | src/stories/chat-components.stories.tsx[2m > [22m[2mMessageComposer / With Reply
[22m[39m[FilesContext] File observeQuery update: 6 files
[90mstdout[2m | src/stories/chat-components.stories.tsx[2m > [22m[2mMessageComposer / With Reply
[22m[39m[ChatContext] AssistantChat initialized with 1 chats
[90mstdout[2m | src/stories/chat-components.stories.tsx[2m > [22m[2mMessageComposer / With Reply
[22m[39m[ChatContext] Setting initial chat: mock-assistant-chat-1
[90mstdout[2m | src/stories/chat-components.stories.tsx[2m > [22m[2mMessageComposer / With Reply
[22m[39m[MOCK CourseVectorStore] Initialized with mock data
[90mstdout[2m | src/stories/chat-components.stories.tsx[2m > [22m[2mMessageComposer / With Reply
[22m[39m[FilesContext] Vector store population triggered {
  "currentVectorStoreSize": 3,
  "documentsCount": 0,
  "filesCount": 6,
  "isInitialLoad": true,
}
[90mstdout[2m | src/stories/chat-components.stories.tsx[2m > [22m[2mMessageComposer / With Reply
[22m[39m[FilesContext] Vector store population complete - 3 total embeddings
[90mstdout[2m | src/stories/chat-components.stories.tsx[2m > [22m[2mMessageComposer / With Reply
[22m[39m[ChatContext] Chat exists and not archived, skipping creation
[90mstdout[2m | src/stories/chat-components.stories.tsx[2m > [22m[2mMessageComposer / With Reply
[22m[39m[Mock Storage] downloadData called with: undefined
[90mstdout[2m | src/stories/chat-components.stories.tsx[2m > [22m[2mLexicalMessageRenderer / Markdown
[22m[39m[ChatContext] Cleaning up subscriptions
[90mstdout[2m | src/stories/chat-components.stories.tsx[2m > [22m[2mLexicalMessageRenderer / Markdown
[22m[39m[Mock Data] Unit.onUpdate() subscription removed. Remaining: 0
[90mstdout[2m | src/stories/chat-components.stories.tsx[2m > [22m[2mLexicalMessageRenderer / Markdown
[22m[39m[MOCK CourseVectorStore] Initialized with mock data
[90mstdout[2m | src/stories/chat-components.stories.tsx[2m > [22m[2mLexicalMessageRenderer / Markdown
[22m[39m[TranslationModeController] Setting mode to: off
[90mstdout[2m | src/stories/chat-components.stories.tsx[2m > [22m[2mLexicalMessageRenderer / Markdown
[22m[39m[UnitContext] useEffect triggered {
  "authLoading": false,
  "hasUser": true,
  "id": "mock-unit-id",
  "userSub": "mock-user-sub",
}
[90mstdout[2m | src/stories/chat-components.stories.tsx[2m > [22m[2mLexicalMessageRenderer / Markdown
[22m[39m[UnitContext] Fetching unit data for id: mock-unit-id
[90mstdout[2m | src/stories/chat-components.stories.tsx[2m > [22m[2mLexicalMessageRenderer / Markdown
[22m[39m[FilesContext] Initializing vector store from IndexedDB
[90mstdout[2m | src/stories/chat-components.stories.tsx[2m > [22m[2mLexicalMessageRenderer / Markdown
[22m[39m[FilesContext] fetchFiles called
[90mstdout[2m | src/stories/chat-components.stories.tsx[2m > [22m[2mLexicalMessageRenderer / Markdown
[22m[39m[FilesContext] User authenticated: mock-user-sub
[90mstdout[2m | src/stories/chat-components.stories.tsx[2m > [22m[2mLexicalMessageRenderer / Markdown
[22m[39m[FilesContext] Identity ID: us-east-1:mock-identity-123
[90mstdout[2m | src/stories/chat-components.stories.tsx[2m > [22m[2mLexicalMessageRenderer / Markdown
[22m[39m[FilesContext] About to set up File observeQuery
[90mstdout[2m | src/stories/chat-components.stories.tsx[2m > [22m[2mLexicalMessageRenderer / Markdown
[22m[39m[ChatContext] Setting up AssistantChat observeQuery
[90mstdout[2m | src/stories/chat-components.stories.tsx[2m > [22m[2mLexicalMessageRenderer / Markdown
[22m[39m[ChatContext] Waiting for subscription to initialize
[90mstdout[2m | src/stories/chat-components.stories.tsx[2m > [22m[2mLexicalMessageRenderer / Markdown
[22m[39m[SettingsContext] Setting up Settings subscription for user: mock-user-sub
[90mstdout[2m | src/stories/chat-components.stories.tsx[2m > [22m[2mLexicalMessageRenderer / Markdown
[22m[39m[Mock Data] Settings created: mock-settings-1790418815009 - notified 0 subscribers
[90mstdout[2m | src/stories/chat-components.stories.tsx[2m > [22m[2mLexicalMessageRenderer / Markdown
[22m[39m[Mock Data] Unit.onUpdate() subscription added. Total: 1
[90mstdout[2m | src/stories/chat-components.stories.tsx[2m > [22m[2mLexicalMessageRenderer / Markdown
[22m[39m[SectionContext] Section observeQuery update: 0
[90mstdout[2m | src/stories/chat-components.stories.tsx[2m > [22m[2mLexicalMessageRenderer / Markdown
[22m[39m[FilesContext] File observeQuery update: 6 files
[90mstdout[2m | src/stories/chat-components.stories.tsx[2m > [22m[2mLexicalMessageRenderer / Markdown
[22m[39m[ChatContext] AssistantChat initialized with 1 chats
[90mstdout[2m | src/stories/chat-components.stories.tsx[2m > [22m[2mLexicalMessageRenderer / Markdown
[22m[39m[ChatContext] Setting initial chat: mock-assistant-chat-1
[90mstdout[2m | src/stories/chat-components.stories.tsx[2m > [22m[2mLexicalMessageRenderer / Markdown
[22m[39m[MOCK CourseVectorStore] Initialized with mock data
[90mstdout[2m | src/stories/chat-components.stories.tsx[2m > [22m[2mLexicalMessageRenderer / Markdown
[22m[39m[FilesContext] Vector store population triggered {
  "currentVectorStoreSize": 3,
  "documentsCount": 0,
  "filesCount": 6,
  "isInitialLoad": true,
}
[90mstdout[2m | src/stories/chat-components.stories.tsx[2m > [22m[2mLexicalMessageRenderer / Markdown
[22m[39m[FilesContext] Vector store population complete - 3 total embeddings
[90mstdout[2m | src/stories/chat-components.stories.tsx[2m > [22m[2mLexicalMessageRenderer / Markdown
[22m[39m[ChatContext] Chat exists and not archived, skipping creation
[90mstdout[2m | src/stories/chat-components.stories.tsx[2m > [22m[2mLexicalMessageRenderer / Markdown
[22m[39m[Mock Storage] downloadData called with: undefined
[90mstdout[2m | src/stories/chat-components.stories.tsx[2m > [22m[2mLexicalMessageRenderer / Plain Text
[22m[39m[ChatContext] Cleaning up subscriptions
[90mstdout[2m | src/stories/chat-components.stories.tsx[2m > [22m[2mLexicalMessageRenderer / Plain Text
[22m[39m[Mock Data] Unit.onUpdate() subscription removed. Remaining: 0
[90mstdout[2m | src/stories/chat-components.stories.tsx[2m > [22m[2mLexicalMessageRenderer / Plain Text
[22m[39m[MOCK CourseVectorStore] Initialized with mock data
[90mstdout[2m | src/stories/chat-components.stories.tsx[2m > [22m[2mLexicalMessageRenderer / Plain Text
[22m[39m[TranslationModeController] Setting mode to: off
[90mstdout[2m | src/stories/chat-components.stories.tsx[2m > [22m[2mLexicalMessageRenderer / Plain Text
[22m[39m[UnitContext] useEffect triggered {
  "authLoading": false,
  "hasUser": true,
  "id": "mock-unit-id",
  "userSub": "mock-user-sub",
}
[90mstdout[2m | src/stories/chat-components.stories.tsx[2m > [22m[2mLexicalMessageRenderer / Plain Text
[22m[39m[UnitContext] Fetching unit data for id: mock-unit-id
[90mstdout[2m | src/stories/chat-components.stories.tsx[2m > [22m[2mLexicalMessageRenderer / Plain Text
[22m[39m[FilesContext] Initializing vector store from IndexedDB
[90mstdout[2m | src/stories/chat-components.stories.tsx[2m > [22m[2mLexicalMessageRenderer / Plain Text
[22m[39m[FilesContext] fetchFiles called
[90mstdout[2m | src/stories/chat-components.stories.tsx[2m > [22m[2mLexicalMessageRenderer / Plain Text
[22m[39m[FilesContext] User authenticated: mock-user-sub
[90mstdout[2m | src/stories/chat-components.stories.tsx[2m > [22m[2mLexicalMessageRenderer / Plain Text
[22m[39m[FilesContext] Identity ID: us-east-1:mock-identity-123
[90mstdout[2m | src/stories/chat-components.stories.tsx[2m > [22m[2mLexicalMessageRenderer / Plain Text
[22m[39m[FilesContext] About to set up File observeQuery
[90mstdout[2m | src/stories/chat-components.stories.tsx[2m > [22m[2mLexicalMessageRenderer / Plain Text
[22m[39m[ChatContext] Setting up AssistantChat observeQuery
[90mstdout[2m | src/stories/chat-components.stories.tsx[2m > [22m[2mLexicalMessageRenderer / Plain Text
[22m[39m[ChatContext] Waiting for subscription to initialize
[90mstdout[2m | src/stories/chat-components.stories.tsx[2m > [22m[2mLexicalMessageRenderer / Plain Text
[22m[39m[SettingsContext] Setting up Settings subscription for user: mock-user-sub
[90mstdout[2m | src/stories/chat-components.stories.tsx[2m > [22m[2mLexicalMessageRenderer / Plain Text
[22m[39m[Mock Data] Settings created: mock-settings-1790418815126 - notified 0 subscribers
[90mstdout[2m | src/stories/chat-components.stories.tsx[2m > [22m[2mLexicalMessageRenderer / Plain Text
[22m[39m[Mock Data] Unit.onUpdate() subscription added. Total: 1
[90mstdout[2m | src/stories/chat-components.stories.tsx[2m > [22m[2mLexicalMessageRenderer / Plain Text
[22m[39m[SectionContext] Section observeQuery update: 0
[90mstdout[2m | src/stories/chat-components.stories.tsx[2m > [22m[2mLexicalMessageRenderer / Plain Text
[22m[39m[FilesContext] File observeQuery update: 6 files
[90mstdout[2m | src/stories/chat-components.stories.tsx[2m > [22m[2mLexicalMessageRenderer / Plain Text
[22m[39m[ChatContext] AssistantChat initialized with 1 chats
[90mstdout[2m | src/stories/chat-components.stories.tsx[2m > [22m[2mLexicalMessageRenderer / Plain Text
[22m[39m[ChatContext] Setting initial chat: mock-assistant-chat-1
[90mstdout[2m | src/stories/chat-components.stories.tsx[2m > [22m[2mLexicalMessageRenderer / Plain Text
[22m[39m[Mock Storage] downloadData called with: undefined
[90mstdout[2m | src/stories/chat-components.stories.tsx[2m > [22m[2mLexicalMessageRenderer / Plain Text
[22m[39m[MOCK CourseVectorStore] Initialized with mock data
[90mstdout[2m | src/stories/chat-components.stories.tsx[2m > [22m[2mLexicalMessageRenderer / Plain Text
[22m[39m[FilesContext] Vector store population triggered {
  "currentVectorStoreSize": 3,
  "documentsCount": 0,
  "filesCount": 6,
  "isInitialLoad": true,
}
[90mstdout[2m | src/stories/chat-components.stories.tsx[2m > [22m[2mLexicalMessageRenderer / Plain Text
[22m[39m[FilesContext] Vector store population complete - 3 total embeddings
[90mstdout[2m | src/stories/chat-components.stories.tsx[2m > [22m[2mLexicalMessageRenderer / Plain Text
[22m[39m[ChatContext] Chat exists and not archived, skipping creation
[90mstdout[2m | src/stories/chat-components.stories.tsx[2m > [22m[2mNavigationPrompt / Editor Context
[22m[39m[ChatContext] Cleaning up subscriptions
[90mstdout[2m | src/stories/chat-components.stories.tsx[2m > [22m[2mNavigationPrompt / Editor Context
[22m[39m[Mock Data] Unit.onUpdate() subscription removed. Remaining: 0
[90mstdout[2m | src/stories/chat-components.stories.tsx[2m > [22m[2mNavigationPrompt / Editor Context
[22m[39m[MOCK CourseVectorStore] Initialized with mock data
[90mstdout[2m | src/stories/chat-components.stories.tsx[2m > [22m[2mNavigationPrompt / Editor Context
[22m[39m[TranslationModeController] Setting mode to: off
[90mstdout[2m | src/stories/chat-components.stories.tsx[2m > [22m[2mNavigationPrompt / Editor Context
[22m[39m[UnitContext] useEffect triggered {
  "authLoading": false,
  "hasUser": true,
  "id": "mock-unit-id",
  "userSub": "mock-user-sub",
}
[90mstdout[2m | src/stories/chat-components.stories.tsx[2m > [22m[2mNavigationPrompt / Editor Context
[22m[39m[UnitContext] Fetching unit data for id: mock-unit-id
[90mstdout[2m | src/stories/chat-components.stories.tsx[2m > [22m[2mNavigationPrompt / Editor Context
[22m[39m[FilesContext] Initializing vector store from IndexedDB
[90mstdout[2m | src/stories/chat-components.stories.tsx[2m > [22m[2mNavigationPrompt / Editor Context
[22m[39m[FilesContext] fetchFiles called
[90mstdout[2m | src/stories/chat-components.stories.tsx[2m > [22m[2mNavigationPrompt / Editor Context
[22m[39m[FilesContext] User authenticated: mock-user-sub
[90mstdout[2m | src/stories/chat-components.stories.tsx[2m > [22m[2mNavigationPrompt / Editor Context
[22m[39m[FilesContext] Identity ID: us-east-1:mock-identity-123
[90mstdout[2m | src/stories/chat-components.stories.tsx[2m > [22m[2mNavigationPrompt / Editor Context
[22m[39m[FilesContext] About to set up File observeQuery
[90mstdout[2m | src/stories/chat-components.stories.tsx[2m > [22m[2mNavigationPrompt / Editor Context
[22m[39m[ChatContext] Setting up AssistantChat observeQuery
[90mstdout[2m | src/stories/chat-components.stories.tsx[2m > [22m[2mNavigationPrompt / Editor Context
[22m[39m[ChatContext] Waiting for subscription to initialize
[90mstdout[2m | src/stories/chat-components.stories.tsx[2m > [22m[2mNavigationPrompt / Editor Context
[22m[39m[SettingsContext] Setting up Settings subscription for user: mock-user-sub
[90mstdout[2m | src/stories/chat-components.stories.tsx[2m > [22m[2mNavigationPrompt / Editor Context
[22m[39m[Mock Data] Settings created: mock-settings-1790418815257 - notified 0 subscribers
[90mstdout[2m | src/stories/chat-components.stories.tsx[2m > [22m[2mNavigationPrompt / Editor Context
[22m[39m[Mock Data] Unit.onUpdate() subscription added. Total: 1
[90mstdout[2m | src/stories/chat-components.stories.tsx[2m > [22m[2mNavigationPrompt / Editor Context
[22m[39m[SectionContext] Section observeQuery update: 0
[90mstdout[2m | src/stories/chat-components.stories.tsx[2m > [22m[2mNavigationPrompt / Editor Context
[22m[39m[FilesContext] File observeQuery update: 6 files
[90mstdout[2m | src/stories/chat-components.stories.tsx[2m > [22m[2mNavigationPrompt / Editor Context
[22m[39m[ChatContext] AssistantChat initialized with 1 chats
[90mstdout[2m | src/stories/chat-components.stories.tsx[2m > [22m[2mNavigationPrompt / Editor Context
[22m[39m[ChatContext] Setting initial chat: mock-assistant-chat-1
[90mstdout[2m | src/stories/chat-components.stories.tsx[2m > [22m[2mNavigationPrompt / Editor Context
[22m[39m[MOCK CourseVectorStore] Initialized with mock data
[90mstdout[2m | src/stories/chat-components.stories.tsx[2m > [22m[2mNavigationPrompt / Editor Context
[22m[39m[FilesContext] Vector store population triggered {
  "currentVectorStoreSize": 3,
  "documentsCount": 0,
  "filesCount": 6,
  "isInitialLoad": true,
}
[90mstdout[2m | src/stories/chat-components.stories.tsx[2m > [22m[2mNavigationPrompt / Editor Context
[22m[39m[FilesContext] Vector store population complete - 3 total embeddings
[90mstdout[2m | src/stories/chat-components.stories.tsx[2m > [22m[2mNavigationPrompt / Editor Context
[22m[39m[ChatContext] Chat exists and not archived, skipping creation
[90mstdout[2m | src/stories/chat-components.stories.tsx[2m > [22m[2mNavigationPrompt / Editor Context
[22m[39m[Mock Storage] downloadData called with: undefined
[90mstdout[2m | src/stories/chat-components.stories.tsx[2m > [22m[2mNavigationPrompt / Sections Context
[22m[39m[ChatContext] Cleaning up subscriptions
[90mstdout[2m | src/stories/chat-components.stories.tsx[2m > [22m[2mNavigationPrompt / Sections Context
[22m[39m[Mock Data] Unit.onUpdate() subscription removed. Remaining: 0
[90mstdout[2m | src/stories/chat-components.stories.tsx[2m > [22m[2mNavigationPrompt / Sections Context
[22m[39m[MOCK CourseVectorStore] Initialized with mock data
[90mstdout[2m | src/stories/chat-components.stories.tsx[2m > [22m[2mNavigationPrompt / Sections Context
[22m[39m[TranslationModeController] Setting mode to: off
[90mstdout[2m | src/stories/chat-components.stories.tsx[2m > [22m[2mNavigationPrompt / Sections Context
[22m[39m[UnitContext] useEffect triggered {
  "authLoading": false,
  "hasUser": true,
  "id": "mock-unit-id",
  "userSub": "mock-user-sub",
}
[90mstdout[2m | src/stories/chat-components.stories.tsx[2m > [22m[2mNavigationPrompt / Sections Context
[22m[39m[UnitContext] Fetching unit data for id: mock-unit-id
[90mstdout[2m | src/stories/chat-components.stories.tsx[2m > [22m[2mNavigationPrompt / Sections Context
[22m[39m[FilesContext] Initializing vector store from IndexedDB
[90mstdout[2m | src/stories/chat-components.stories.tsx[2m > [22m[2mNavigationPrompt / Sections Context
[22m[39m[FilesContext] fetchFiles called
[90mstdout[2m | src/stories/chat-components.stories.tsx[2m > [22m[2mNavigationPrompt / Sections Context
[22m[39m[FilesContext] User authenticated: mock-user-sub
[90mstdout[2m | src/stories/chat-components.stories.tsx[2m > [22m[2mNavigationPrompt / Sections Context
[22m[39m[FilesContext] Identity ID: us-east-1:mock-identity-123
[90mstdout[2m | src/stories/chat-components.stories.tsx[2m > [22m[2mNavigationPrompt / Sections Context
[22m[39m[FilesContext] About to set up File observeQuery
[90mstdout[2m | src/stories/chat-components.stories.tsx[2m > [22m[2mNavigationPrompt / Sections Context
[22m[39m[ChatContext] Setting up AssistantChat observeQuery
[90mstdout[2m | src/stories/chat-components.stories.tsx[2m > [22m[2mNavigationPrompt / Sections Context
[22m[39m[ChatContext] Waiting for subscription to initialize
[90mstdout[2m | src/stories/chat-components.stories.tsx[2m > [22m[2mNavigationPrompt / Sections Context
[22m[39m[SettingsContext] Setting up Settings subscription for user: mock-user-sub
[90mstdout[2m | src/stories/chat-components.stories.tsx[2m > [22m[2mNavigationPrompt / Sections Context
[22m[39m[Mock Data] Settings created: mock-settings-1790418815370 - notified 0 subscribers
[90mstdout[2m | src/stories/chat-components.stories.tsx[2m > [22m[2mNavigationPrompt / Sections Context
[22m[39m[Mock Data] Unit.onUpdate() subscription added. Total: 1
[90mstdout[2m | src/stories/chat-components.stories.tsx[2m > [22m[2mNavigationPrompt / Sections Context
[22m[39m[SectionContext] Section observeQuery update: 0
[90mstdout[2m | src/stories/chat-components.stories.tsx[2m > [22m[2mNavigationPrompt / Sections Context
[22m[39m[FilesContext] File observeQuery update: 6 files
[90mstdout[2m | src/stories/chat-components.stories.tsx[2m > [22m[2mNavigationPrompt / Sections Context
[22m[39m[MOCK CourseVectorStore] Initialized with mock data
[90mstdout[2m | src/stories/chat-components.stories.tsx[2m > [22m[2mNavigationPrompt / Sections Context
[22m[39m[FilesContext] Vector store population triggered {
  "currentVectorStoreSize": 3,
  "documentsCount": 0,
  "filesCount": 6,
  "isInitialLoad": true,
}
[90mstdout[2m | src/stories/chat-components.stories.tsx[2m > [22m[2mNavigationPrompt / Sections Context
[22m[39m[FilesContext] Vector store population complete - 3 total embeddings
[90mstdout[2m | src/stories/chat-components.stories.tsx[2m > [22m[2mNavigationPrompt / Sections Context
[22m[39m[ChatContext] AssistantChat initialized with 1 chats
[90mstdout[2m | src/stories/chat-components.stories.tsx[2m > [22m[2mNavigationPrompt / Sections Context
[22m[39m[ChatContext] Setting initial chat: mock-assistant-chat-1
[90mstdout[2m | src/stories/chat-components.stories.tsx[2m > [22m[2mNavigationPrompt / Sections Context
[22m[39m[ChatContext] Chat exists and not archived, skipping creation
[90mstdout[2m | src/stories/chat-components.stories.tsx[2m > [22m[2mNavigationPrompt / Sections Context
[22m[39m[Mock Storage] downloadData called with: undefined
[90mstdout[2m | src/stories/chat-components.stories.tsx[2m > [22m[2mRecordingScriptPreview / Word Preset
[22m[39m[ChatContext] Cleaning up subscriptions
[90mstdout[2m | src/stories/chat-components.stories.tsx[2m > [22m[2mRecordingScriptPreview / Word Preset
[22m[39m[Mock Data] Unit.onUpdate() subscription removed. Remaining: 0
[90mstdout[2m | src/stories/chat-components.stories.tsx[2m > [22m[2mRecordingScriptPreview / Word Preset
[22m[39m[MOCK CourseVectorStore] Initialized with mock data
[90mstdout[2m | src/stories/chat-components.stories.tsx[2m > [22m[2mRecordingScriptPreview / Word Preset
[22m[39m[TranslationModeController] Setting mode to: off
[90mstdout[2m | src/stories/chat-components.stories.tsx[2m > [22m[2mRecordingScriptPreview / Word Preset
[22m[39m[UnitContext] useEffect triggered {
  "authLoading": false,
  "hasUser": true,
  "id": "mock-unit-id",
  "userSub": "mock-user-sub",
}
[90mstdout[2m | src/stories/chat-components.stories.tsx[2m > [22m[2mRecordingScriptPreview / Word Preset
[22m[39m[UnitContext] Fetching unit data for id: mock-unit-id
[90mstdout[2m | src/stories/chat-components.stories.tsx[2m > [22m[2mRecordingScriptPreview / Word Preset
[22m[39m[FilesContext] Initializing vector store from IndexedDB
[90mstdout[2m | src/stories/chat-components.stories.tsx[2m > [22m[2mRecordingScriptPreview / Word Preset
[22m[39m[FilesContext] fetchFiles called
[90mstdout[2m | src/stories/chat-components.stories.tsx[2m > [22m[2mRecordingScriptPreview / Word Preset
[22m[39m[FilesContext] User authenticated: mock-user-sub
[90mstdout[2m | src/stories/chat-components.stories.tsx[2m > [22m[2mRecordingScriptPreview / Word Preset
[22m[39m[FilesContext] Identity ID: us-east-1:mock-identity-123
[90mstdout[2m | src/stories/chat-components.stories.tsx[2m > [22m[2mRecordingScriptPreview / Word Preset
[22m[39m[FilesContext] About to set up File observeQuery
[90mstdout[2m | src/stories/chat-components.stories.tsx[2m > [22m[2mRecordingScriptPreview / Word Preset
[22m[39m[ChatContext] Setting up AssistantChat observeQuery
[90mstdout[2m | src/stories/chat-components.stories.tsx[2m > [22m[2mRecordingScriptPreview / Word Preset
[22m[39m[ChatContext] Waiting for subscription to initialize
[90mstdout[2m | src/stories/chat-components.stories.tsx[2m > [22m[2mRecordingScriptPreview / Word Preset
[22m[39m[SettingsContext] Setting up Settings subscription for user: mock-user-sub
[90mstdout[2m | src/stories/chat-components.stories.tsx[2m > [22m[2mRecordingScriptPreview / Word Preset
[22m[39m[Mock Data] Settings created: mock-settings-1790418815475 - notified 0 subscribers
[90mstdout[2m | src/stories/chat-components.stories.tsx[2m > [22m[2mRecordingScriptPreview / Word Preset
[22m[39m[Mock Data] Unit.onUpdate() subscription added. Total: 1
[90mstdout[2m | src/stories/chat-components.stories.tsx[2m > [22m[2mRecordingScriptPreview / Word Preset
[22m[39m[SectionContext] Section observeQuery update: 0
[90mstdout[2m | src/stories/chat-components.stories.tsx[2m > [22m[2mRecordingScriptPreview / Word Preset
[22m[39m[FilesContext] File observeQuery update: 6 files
[90mstdout[2m | src/stories/chat-components.stories.tsx[2m > [22m[2mRecordingScriptPreview / Word Preset
[22m[39m[ChatContext] AssistantChat initialized with 1 chats
[90mstdout[2m | src/stories/chat-components.stories.tsx[2m > [22m[2mRecordingScriptPreview / Word Preset
[22m[39m[ChatContext] Setting initial chat: mock-assistant-chat-1
[90mstdout[2m | src/stories/chat-components.stories.tsx[2m > [22m[2mRecordingScriptPreview / Word Preset
[22m[39m[MOCK CourseVectorStore] Initialized with mock data
[90mstdout[2m | src/stories/chat-components.stories.tsx[2m > [22m[2mRecordingScriptPreview / Word Preset
[22m[39m[FilesContext] Vector store population triggered {
  "currentVectorStoreSize": 3,
  "documentsCount": 0,
  "filesCount": 6,
  "isInitialLoad": true,
}
[90mstdout[2m | src/stories/chat-components.stories.tsx[2m > [22m[2mRecordingScriptPreview / Word Preset
[22m[39m[FilesContext] Vector store population complete - 3 total embeddings
[90mstdout[2m | src/stories/chat-components.stories.tsx[2m > [22m[2mRecordingScriptPreview / Word Preset
[22m[39m[ChatContext] Chat exists and not archived, skipping creation
[90mstdout[2m | src/stories/chat-components.stories.tsx[2m > [22m[2mRecordingScriptPreview / Word Preset
[22m[39m[Mock Storage] downloadData called with: undefined
[90mstdout[2m | src/stories/chat-components.stories.tsx[2m > [22m[2mRecordingScriptPreview / Conversation Preset
[22m[39m[ChatContext] Cleaning up subscriptions
[90mstdout[2m | src/stories/chat-components.stories.tsx[2m > [22m[2mRecordingScriptPreview / Conversation Preset
[22m[39m[Mock Data] Unit.onUpdate() subscription removed. Remaining: 0
[90mstdout[2m | src/stories/chat-components.stories.tsx[2m > [22m[2mRecordingScriptPreview / Conversation Preset
[22m[39m[MOCK CourseVectorStore] Initialized with mock data
[90mstdout[2m | src/stories/chat-components.stories.tsx[2m > [22m[2mRecordingScriptPreview / Conversation Preset
[22m[39m[TranslationModeController] Setting mode to: off
[90mstdout[2m | src/stories/chat-components.stories.tsx[2m > [22m[2mRecordingScriptPreview / Conversation Preset
[22m[39m[UnitContext] useEffect triggered {
  "authLoading": false,
  "hasUser": true,
  "id": "mock-unit-id",
  "userSub": "mock-user-sub",
}
[90mstdout[2m | src/stories/chat-components.stories.tsx[2m > [22m[2mRecordingScriptPreview / Conversation Preset
[22m[39m[UnitContext] Fetching unit data for id: mock-unit-id
[90mstdout[2m | src/stories/chat-components.stories.tsx[2m > [22m[2mRecordingScriptPreview / Conversation Preset
[22m[39m[FilesContext] Initializing vector store from IndexedDB
[90mstdout[2m | src/stories/chat-components.stories.tsx[2m > [22m[2mRecordingScriptPreview / Conversation Preset
[22m[39m[FilesContext] fetchFiles called
[90mstdout[2m | src/stories/chat-components.stories.tsx[2m > [22m[2mRecordingScriptPreview / Conversation Preset
[22m[39m[FilesContext] User authenticated: mock-user-sub
[90mstdout[2m | src/stories/chat-components.stories.tsx[2m > [22m[2mRecordingScriptPreview / Conversation Preset
[22m[39m[FilesContext] Identity ID: us-east-1:mock-identity-123
[90mstdout[2m | src/stories/chat-components.stories.tsx[2m > [22m[2mRecordingScriptPreview / Conversation Preset
[22m[39m[FilesContext] About to set up File observeQuery
[90mstdout[2m | src/stories/chat-components.stories.tsx[2m > [22m[2mRecordingScriptPreview / Conversation Preset
[22m[39m[ChatContext] Setting up AssistantChat observeQuery
[90mstdout[2m | src/stories/chat-components.stories.tsx[2m > [22m[2mRecordingScriptPreview / Conversation Preset
[22m[39m[ChatContext] Waiting for subscription to initialize
[90mstdout[2m | src/stories/chat-components.stories.tsx[2m > [22m[2mRecordingScriptPreview / Conversation Preset
[22m[39m[SettingsContext] Setting up Settings subscription for user: mock-user-sub
[90mstdout[2m | src/stories/chat-components.stories.tsx[2m > [22m[2mRecordingScriptPreview / Conversation Preset
[22m[39m[Mock Data] Settings created: mock-settings-1790418815600 - notified 0 subscribers
[90mstdout[2m | src/stories/chat-components.stories.tsx[2m > [22m[2mRecordingScriptPreview / Conversation Preset
[22m[39m[Mock Data] Unit.onUpdate() subscription added. Total: 1
[90mstdout[2m | src/stories/chat-components.stories.tsx[2m > [22m[2mRecordingScriptPreview / Conversation Preset
[22m[39m[SectionContext] Section observeQuery update: 0
[90mstdout[2m | src/stories/chat-components.stories.tsx[2m > [22m[2mRecordingScriptPreview / Conversation Preset
[22m[39m[Mock Storage] downloadData called with: undefined
[90mstdout[2m | src/stories/chat-components.stories.tsx[2m > [22m[2mRecordingScriptPreview / Conversation Preset
[22m[39m[FilesContext] File observeQuery update: 6 files
[90mstdout[2m | src/stories/chat-components.stories.tsx[2m > [22m[2mRecordingScriptPreview / Conversation Preset
[22m[39m[ChatContext] AssistantChat initialized with 1 chats
[90mstdout[2m | src/stories/chat-components.stories.tsx[2m > [22m[2mRecordingScriptPreview / Conversation Preset
[22m[39m[ChatContext] Setting initial chat: mock-assistant-chat-1
[90mstdout[2m | src/stories/chat-components.stories.tsx[2m > [22m[2mRecordingScriptPreview / Conversation Preset
[22m[39m[MOCK CourseVectorStore] Initialized with mock data
[90mstdout[2m | src/stories/chat-components.stories.tsx[2m > [22m[2mRecordingScriptPreview / Conversation Preset
[22m[39m[FilesContext] Vector store population triggered {
  "currentVectorStoreSize": 3,
  "documentsCount": 0,
  "filesCount": 6,
  "isInitialLoad": true,
}
[90mstdout[2m | src/stories/chat-components.stories.tsx[2m > [22m[2mRecordingScriptPreview / Conversation Preset
[22m[39m[FilesContext] Vector store population complete - 3 total embeddings
[90mstdout[2m | src/stories/chat-components.stories.tsx[2m > [22m[2mRecordingScriptPreview / Conversation Preset
[22m[39m[ChatContext] Chat exists and not archived, skipping creation
 [32m✓[39m [30m[45m storybook (chromium) [49m[39m src/stories/chat-components.stories.tsx [2m([22m[2m11 tests[22m[2m)[22m[33m 1269[2mms[22m[39m
[90mstdout[2m | unknown test
[22m[39m[MOCK vectorStoreDB.js] Module loaded - mock IndexedDB operations
[90mstdout[2m | unknown test
[22m[39m[Task Completion] DOM action listeners initialized
[90mstdout[2m | unknown test
[22m[39m[Task Completion] Auto-completion detector initialized
[90mstdout[2m | unknown test
[22m[39m[Preview] Task completion detector initialized
[90mstdout[2m | src/components/Editor3/components/AssignmentConfiguration.stories.jsx[2m > [22m[2mWith Existing Assignment
[22m[39m[MOCK CourseVectorStore] Initialized with mock data
[90mstdout[2m | src/components/Editor3/components/AssignmentConfiguration.stories.jsx[2m > [22m[2mWith Existing Assignment
[22m[39m[TranslationModeController] Setting mode to: off
[90mstdout[2m | src/components/Editor3/components/AssignmentConfiguration.stories.jsx[2m > [22m[2mWith Existing Assignment
[22m[39m[FilesContext] Initializing vector store from IndexedDB
[90mstdout[2m | src/components/Editor3/components/AssignmentConfiguration.stories.jsx[2m > [22m[2mWith Existing Assignment
[22m[39m[FilesContext] fetchFiles called
[90mstdout[2m | src/components/Editor3/components/AssignmentConfiguration.stories.jsx[2m > [22m[2mWith Existing Assignment
[22m[39m[FilesContext] User authenticated: mock-user-sub
[90mstdout[2m | src/components/Editor3/components/AssignmentConfiguration.stories.jsx[2m > [22m[2mWith Existing Assignment
[22m[39m[FilesContext] Identity ID: us-east-1:mock-identity-123
[90mstdout[2m | src/components/Editor3/components/AssignmentConfiguration.stories.jsx[2m > [22m[2mWith Existing Assignment
[22m[39m[FilesContext] About to set up File observeQuery
[90mstdout[2m | src/components/Editor3/components/AssignmentConfiguration.stories.jsx[2m > [22m[2mWith Existing Assignment
[22m[39m[ChatContext] Setting up AssistantChat observeQuery
[90mstdout[2m | src/components/Editor3/components/AssignmentConfiguration.stories.jsx[2m > [22m[2mWith Existing Assignment
[22m[39m[ChatContext] Waiting for subscription to initialize
[90mstdout[2m | src/components/Editor3/components/AssignmentConfiguration.stories.jsx[2m > [22m[2mWith Existing Assignment
[22m[39m[SettingsContext] Setting up Settings subscription for user: mock-user-sub
[90mstdout[2m | src/components/Editor3/components/AssignmentConfiguration.stories.jsx[2m > [22m[2mWith Existing Assignment
[22m[39m[Mock Data] Settings created: mock-settings-1790418819323 - notified 0 subscribers
[90mstdout[2m | src/components/Editor3/components/AssignmentConfiguration.stories.jsx[2m > [22m[2mWith Existing Assignment
[22m[39m[FilesContext] File observeQuery update: 6 files
[90mstdout[2m | src/components/Editor3/components/AssignmentConfiguration.stories.jsx[2m > [22m[2mWith Existing Assignment
[22m[39m[ChatContext] AssistantChat initialized with 1 chats
[90mstdout[2m | src/components/Editor3/components/AssignmentConfiguration.stories.jsx[2m > [22m[2mWith Existing Assignment
[22m[39m[ChatContext] Setting initial chat: mock-assistant-chat-1
[90mstdout[2m | src/components/Editor3/components/AssignmentConfiguration.stories.jsx[2m > [22m[2mWith Existing Assignment
[22m[39m[MOCK CourseVectorStore] Initialized with mock data
[90mstdout[2m | src/components/Editor3/components/AssignmentConfiguration.stories.jsx[2m > [22m[2mWith Existing Assignment
[22m[39m[FilesContext] Vector store population triggered {
  "currentVectorStoreSize": 3,
  "documentsCount": 0,
  "filesCount": 6,
  "isInitialLoad": true,
}
[90mstdout[2m | src/components/Editor3/components/AssignmentConfiguration.stories.jsx[2m > [22m[2mWith Existing Assignment
[22m[39m[FilesContext] Vector store population complete - 3 total embeddings
[90mstdout[2m | src/components/Editor3/components/AssignmentConfiguration.stories.jsx[2m > [22m[2mWith Existing Assignment
[22m[39m[ChatContext] Chat exists and not archived, skipping creation
[90mstdout[2m | src/components/Editor3/components/AssignmentConfiguration.stories.jsx[2m > [22m[2mWith Existing Assignment
[22m[39m[Mock Storage] downloadData called with: undefined
[90mstdout[2m | src/components/Editor3/components/AssignmentConfiguration.stories.jsx[2m > [22m[2mNo Assignments
[22m[39m[ChatContext] Cleaning up subscriptions
[90mstdout[2m | src/components/Editor3/components/AssignmentConfiguration.stories.jsx[2m > [22m[2mNo Assignments
[22m[39m[MOCK CourseVectorStore] Initialized with mock data
[90mstdout[2m | src/components/Editor3/components/AssignmentConfiguration.stories.jsx[2m > [22m[2mNo Assignments
[22m[39m[TranslationModeController] Setting mode to: off
[90mstdout[2m | src/components/Editor3/components/AssignmentConfiguration.stories.jsx[2m > [22m[2mNo Assignments
[22m[39m[FilesContext] Initializing vector store from IndexedDB
[90mstdout[2m | src/components/Editor3/components/AssignmentConfiguration.stories.jsx[2m > [22m[2mNo Assignments
[22m[39m[FilesContext] fetchFiles called
[90mstdout[2m | src/components/Editor3/components/AssignmentConfiguration.stories.jsx[2m > [22m[2mNo Assignments
[22m[39m[FilesContext] User authenticated: mock-user-sub
[90mstdout[2m | src/components/Editor3/components/AssignmentConfiguration.stories.jsx[2m > [22m[2mNo Assignments
[22m[39m[FilesContext] Identity ID: us-east-1:mock-identity-123
[90mstdout[2m | src/components/Editor3/components/AssignmentConfiguration.stories.jsx[2m > [22m[2mNo Assignments
[22m[39m[FilesContext] About to set up File observeQuery
[90mstdout[2m | src/components/Editor3/components/AssignmentConfiguration.stories.jsx[2m > [22m[2mNo Assignments
[22m[39m[ChatContext] Setting up AssistantChat observeQuery
[90mstdout[2m | src/components/Editor3/components/AssignmentConfiguration.stories.jsx[2m > [22m[2mNo Assignments
[22m[39m[ChatContext] Waiting for subscription to initialize
[90mstdout[2m | src/components/Editor3/components/AssignmentConfiguration.stories.jsx[2m > [22m[2mNo Assignments
[22m[39m[SettingsContext] Setting up Settings subscription for user: mock-user-sub
[90mstdout[2m | src/components/Editor3/components/AssignmentConfiguration.stories.jsx[2m > [22m[2mNo Assignments
[22m[39m[Mock Data] Settings created: mock-settings-1790418819713 - notified 0 subscribers
[90mstdout[2m | src/components/Editor3/components/AssignmentConfiguration.stories.jsx[2m > [22m[2mNo Assignments
[22m[39m[FilesContext] File observeQuery update: 6 files
[90mstdout[2m | src/components/Editor3/components/AssignmentConfiguration.stories.jsx[2m > [22m[2mNo Assignments
[22m[39m[ChatContext] AssistantChat initialized with 1 chats
[90mstdout[2m | src/components/Editor3/components/AssignmentConfiguration.stories.jsx[2m > [22m[2mNo Assignments
[22m[39m[ChatContext] Setting initial chat: mock-assistant-chat-1
[90mstdout[2m | src/components/Editor3/components/AssignmentConfiguration.stories.jsx[2m > [22m[2mNo Assignments
[22m[39m[MOCK CourseVectorStore] Initialized with mock data
[90mstdout[2m | src/components/Editor3/components/AssignmentConfiguration.stories.jsx[2m > [22m[2mNo Assignments
[22m[39m[FilesContext] Vector store population triggered {
  "currentVectorStoreSize": 3,
  "documentsCount": 0,
  "filesCount": 6,
  "isInitialLoad": true,
}
[90mstdout[2m | src/components/Editor3/components/AssignmentConfiguration.stories.jsx[2m > [22m[2mNo Assignments
[22m[39m[FilesContext] Vector store population complete - 3 total embeddings
[90mstdout[2m | src/components/Editor3/components/AssignmentConfiguration.stories.jsx[2m > [22m[2mNo Assignments
[22m[39m[ChatContext] Chat exists and not archived, skipping creation
[90mstdout[2m | src/components/Editor3/components/AssignmentConfiguration.stories.jsx[2m > [22m[2mNo Assignments
[22m[39m[Mock Storage] downloadData called with: undefined
[90mstdout[2m | src/components/Editor3/components/AssignmentConfiguration.stories.jsx[2m > [22m[2mNo Sections
[22m[39m[ChatContext] Cleaning up subscriptions
[90mstdout[2m | src/components/Editor3/components/AssignmentConfiguration.stories.jsx[2m > [22m[2mNo Sections
[22m[39m[MOCK CourseVectorStore] Initialized with mock data
[90mstdout[2m | src/components/Editor3/components/AssignmentConfiguration.stories.jsx[2m > [22m[2mNo Sections
[22m[39m[TranslationModeController] Setting mode to: off
[90mstdout[2m | src/components/Editor3/components/AssignmentConfiguration.stories.jsx[2m > [22m[2mNo Sections
[22m[39m[FilesContext] Initializing vector store from IndexedDB
[90mstdout[2m | src/components/Editor3/components/AssignmentConfiguration.stories.jsx[2m > [22m[2mNo Sections
[22m[39m[FilesContext] fetchFiles called
[90mstdout[2m | src/components/Editor3/components/AssignmentConfiguration.stories.jsx[2m > [22m[2mNo Sections
[22m[39m[FilesContext] User authenticated: mock-user-sub
[90mstdout[2m | src/components/Editor3/components/AssignmentConfiguration.stories.jsx[2m > [22m[2mNo Sections
[22m[39m[FilesContext] Identity ID: us-east-1:mock-identity-123
[90mstdout[2m | src/components/Editor3/components/AssignmentConfiguration.stories.jsx[2m > [22m[2mNo Sections
[22m[39m[FilesContext] About to set up File observeQuery
[90mstdout[2m | src/components/Editor3/components/AssignmentConfiguration.stories.jsx[2m > [22m[2mNo Sections
[22m[39m[ChatContext] Setting up AssistantChat observeQuery
[90mstdout[2m | src/components/Editor3/components/AssignmentConfiguration.stories.jsx[2m > [22m[2mNo Sections
[22m[39m[ChatContext] Waiting for subscription to initialize
[90mstdout[2m | src/components/Editor3/components/AssignmentConfiguration.stories.jsx[2m > [22m[2mNo Sections
[22m[39m[SettingsContext] Setting up Settings subscription for user: mock-user-sub
[90mstdout[2m | src/components/Editor3/components/AssignmentConfiguration.stories.jsx[2m > [22m[2mNo Sections
[22m[39m[Mock Data] Settings created: mock-settings-1790418820018 - notified 0 subscribers
[90mstdout[2m | src/components/Editor3/components/AssignmentConfiguration.stories.jsx[2m > [22m[2mNo Sections
[22m[39m[FilesContext] File observeQuery update: 6 files
[90mstdout[2m | src/components/Editor3/components/AssignmentConfiguration.stories.jsx[2m > [22m[2mNo Sections
[22m[39m[ChatContext] AssistantChat initialized with 1 chats
[90mstdout[2m | src/components/Editor3/components/AssignmentConfiguration.stories.jsx[2m > [22m[2mNo Sections
[22m[39m[ChatContext] Setting initial chat: mock-assistant-chat-1
[90mstdout[2m | src/components/Editor3/components/AssignmentConfiguration.stories.jsx[2m > [22m[2mNo Sections
[22m[39m[MOCK CourseVectorStore] Initialized with mock data
[90mstdout[2m | src/components/Editor3/components/AssignmentConfiguration.stories.jsx[2m > [22m[2mNo Sections
[22m[39m[FilesContext] Vector store population triggered {
  "currentVectorStoreSize": 3,
  "documentsCount": 0,
  "filesCount": 6,
  "isInitialLoad": true,
}
[90mstdout[2m | src/components/Editor3/components/AssignmentConfiguration.stories.jsx[2m > [22m[2mNo Sections
[22m[39m[FilesContext] Vector store population complete - 3 total embeddings
[90mstdout[2m | src/components/Editor3/components/AssignmentConfiguration.stories.jsx[2m > [22m[2mNo Sections
[22m[39m[ChatContext] Chat exists and not archived, skipping creation
[90mstdout[2m | src/components/Editor3/components/AssignmentConfiguration.stories.jsx[2m > [22m[2mNo Sections
[22m[39m[Mock Storage] downloadData called with: undefined
 [32m✓[39m [30m[45m storybook (chromium) [49m[39m src/components/Editor3/components/AssignmentConfiguration.stories.jsx [2m([22m[2m3 tests[22m[2m)[22m[33m 1101[2mms[22m[39m
   [33m[2m✓[22m[39m With Existing Assignment [33m 483[2mms[22m[39m
   [33m[2m✓[22m[39m No Assignments [33m 318[2mms[22m[39m
[90mstdout[2m | unknown test
[22m[39m[MOCK vectorStoreDB.js] Module loaded - mock IndexedDB operations
[90mstdout[2m | unknown test
[22m[39m[Task Completion] DOM action listeners initialized
[90mstdout[2m | unknown test
[22m[39m[Task Completion] Auto-completion detector initialized
[90mstdout[2m | unknown test
[22m[39m[Preview] Task completion detector initialized
[90mstdout[2m | src/components/ChatSidebar/ContentPreview.stories.tsx[2m > [22m[2mMarkdown Format
[22m[39m[MOCK CourseVectorStore] Initialized with mock data
[90mstdout[2m | src/components/ChatSidebar/ContentPreview.stories.tsx[2m > [22m[2mMarkdown Format
[22m[39m[TranslationModeController] Setting mode to: off
[90mstdout[2m | src/components/ChatSidebar/ContentPreview.stories.tsx[2m > [22m[2mMarkdown Format
[22m[39m[UnitContext] useEffect triggered {
  "authLoading": false,
  "hasUser": true,
  "id": "mock-unit-id",
  "userSub": "mock-user-sub",
}
[90mstdout[2m | src/components/ChatSidebar/ContentPreview.stories.tsx[2m > [22m[2mMarkdown Format
[22m[39m[UnitContext] Fetching unit data for id: mock-unit-id
[90mstdout[2m | src/components/ChatSidebar/ContentPreview.stories.tsx[2m > [22m[2mMarkdown Format
[22m[39m[FilesContext] Initializing vector store from IndexedDB
[90mstdout[2m | src/components/ChatSidebar/ContentPreview.stories.tsx[2m > [22m[2mMarkdown Format
[22m[39m[FilesContext] fetchFiles called
[90mstdout[2m | src/components/ChatSidebar/ContentPreview.stories.tsx[2m > [22m[2mMarkdown Format
[22m[39m[FilesContext] User authenticated: mock-user-sub
[90mstdout[2m | src/components/ChatSidebar/ContentPreview.stories.tsx[2m > [22m[2mMarkdown Format
[22m[39m[FilesContext] Identity ID: us-east-1:mock-identity-123
[90mstdout[2m | src/components/ChatSidebar/ContentPreview.stories.tsx[2m > [22m[2mMarkdown Format
[22m[39m[FilesContext] About to set up File observeQuery
[90mstdout[2m | src/components/ChatSidebar/ContentPreview.stories.tsx[2m > [22m[2mMarkdown Format
[22m[39m[ChatContext] Setting up AssistantChat observeQuery
[90mstdout[2m | src/components/ChatSidebar/ContentPreview.stories.tsx[2m > [22m[2mMarkdown Format
[22m[39m[ChatContext] Waiting for subscription to initialize
[90mstdout[2m | src/components/ChatSidebar/ContentPreview.stories.tsx[2m > [22m[2mMarkdown Format
[22m[39m[SettingsContext] Setting up Settings subscription for user: mock-user-sub
[90mstdout[2m | src/components/ChatSidebar/ContentPreview.stories.tsx[2m > [22m[2mMarkdown Format
[22m[39m[Mock Data] Settings created: mock-settings-1790418820760 - notified 0 subscribers
[90mstdout[2m | src/components/ChatSidebar/ContentPreview.stories.tsx[2m > [22m[2mMarkdown Format
[22m[39m[Mock Data] Unit.onUpdate() subscription added. Total: 1
[90mstdout[2m | src/components/ChatSidebar/ContentPreview.stories.tsx[2m > [22m[2mMarkdown Format
[22m[39m[SectionContext] Section observeQuery update: 0
[90mstdout[2m | src/components/ChatSidebar/ContentPreview.stories.tsx[2m > [22m[2mMarkdown Format
[22m[39m[FilesContext] File observeQuery update: 6 files
[90mstdout[2m | src/components/ChatSidebar/ContentPreview.stories.tsx[2m > [22m[2mMarkdown Format
[22m[39m[ChatContext] AssistantChat initialized with 1 chats
[90mstdout[2m | src/components/ChatSidebar/ContentPreview.stories.tsx[2m > [22m[2mMarkdown Format
[22m[39m[ChatContext] Setting initial chat: mock-assistant-chat-1
[90mstdout[2m | src/components/ChatSidebar/ContentPreview.stories.tsx[2m > [22m[2mMarkdown Format
[22m[39m[MOCK CourseVectorStore] Initialized with mock data
[90mstdout[2m | src/components/ChatSidebar/ContentPreview.stories.tsx[2m > [22m[2mMarkdown Format
[22m[39m[FilesContext] Vector store population triggered {
  "currentVectorStoreSize": 3,
  "documentsCount": 0,
  "filesCount": 6,
  "isInitialLoad": true,
}
[90mstdout[2m | src/components/ChatSidebar/ContentPreview.stories.tsx[2m > [22m[2mMarkdown Format
[22m[39m[FilesContext] Vector store population complete - 3 total embeddings
[90mstdout[2m | src/components/ChatSidebar/ContentPreview.stories.tsx[2m > [22m[2mMarkdown Format
[22m[39m[ChatContext] Chat exists and not archived, skipping creation
[90mstdout[2m | src/components/ChatSidebar/ContentPreview.stories.tsx[2m > [22m[2mMarkdown Format
[22m[39m[Mock Storage] downloadData called with: undefined
[90mstdout[2m | src/components/ChatSidebar/ContentPreview.stories.tsx[2m > [22m[2mCompact
[22m[39m[ChatContext] Cleaning up subscriptions
[90mstdout[2m | src/components/ChatSidebar/ContentPreview.stories.tsx[2m > [22m[2mCompact
[22m[39m[Mock Data] Unit.onUpdate() subscription removed. Remaining: 0
[90mstdout[2m | src/components/ChatSidebar/ContentPreview.stories.tsx[2m > [22m[2mCompact
[22m[39m[MOCK CourseVectorStore] Initialized with mock data
[90mstdout[2m | src/components/ChatSidebar/ContentPreview.stories.tsx[2m > [22m[2mCompact
[22m[39m[TranslationModeController] Setting mode to: off
[90mstdout[2m | src/components/ChatSidebar/ContentPreview.stories.tsx[2m > [22m[2mCompact
[22m[39m[UnitContext] useEffect triggered {
  "authLoading": false,
  "hasUser": true,
  "id": "mock-unit-id",
  "userSub": "mock-user-sub",
}
[90mstdout[2m | src/components/ChatSidebar/ContentPreview.stories.tsx[2m > [22m[2mCompact
[22m[39m[UnitContext] Fetching unit data for id: mock-unit-id
[90mstdout[2m | src/components/ChatSidebar/ContentPreview.stories.tsx[2m > [22m[2mCompact
[22m[39m[FilesContext] Initializing vector store from IndexedDB
[90mstdout[2m | src/components/ChatSidebar/ContentPreview.stories.tsx[2m > [22m[2mCompact
[22m[39m[FilesContext] fetchFiles called
[90mstdout[2m | src/components/ChatSidebar/ContentPreview.stories.tsx[2m > [22m[2mCompact
[22m[39m[FilesContext] User authenticated: mock-user-sub
[90mstdout[2m | src/components/ChatSidebar/ContentPreview.stories.tsx[2m > [22m[2mCompact
[22m[39m[FilesContext] Identity ID: us-east-1:mock-identity-123
[90mstdout[2m | src/components/ChatSidebar/ContentPreview.stories.tsx[2m > [22m[2mCompact
[22m[39m[FilesContext] About to set up File observeQuery
[90mstdout[2m | src/components/ChatSidebar/ContentPreview.stories.tsx[2m > [22m[2mCompact
[22m[39m[ChatContext] Setting up AssistantChat observeQuery
[90mstdout[2m | src/components/ChatSidebar/ContentPreview.stories.tsx[2m > [22m[2mCompact
[22m[39m[ChatContext] Waiting for subscription to initialize
[90mstdout[2m | src/components/ChatSidebar/ContentPreview.stories.tsx[2m > [22m[2mCompact
[22m[39m[SettingsContext] Setting up Settings subscription for user: mock-user-sub
[90mstdout[2m | src/components/ChatSidebar/ContentPreview.stories.tsx[2m > [22m[2mCompact
[22m[39m[Mock Data] Settings created: mock-settings-1790418820954 - notified 0 subscribers
[90mstdout[2m | src/components/ChatSidebar/ContentPreview.stories.tsx[2m > [22m[2mCompact
[22m[39m[Mock Data] Unit.onUpdate() subscription added. Total: 1
[90mstdout[2m | src/components/ChatSidebar/ContentPreview.stories.tsx[2m > [22m[2mCompact
[22m[39m[SectionContext] Section observeQuery update: 0
[90mstdout[2m | src/components/ChatSidebar/ContentPreview.stories.tsx[2m > [22m[2mCompact
[22m[39m[FilesContext] File observeQuery update: 6 files
[90mstdout[2m | src/components/ChatSidebar/ContentPreview.stories.tsx[2m > [22m[2mCompact
[22m[39m[ChatContext] AssistantChat initialized with 1 chats
[90mstdout[2m | src/components/ChatSidebar/ContentPreview.stories.tsx[2m > [22m[2mCompact
[22m[39m[ChatContext] Setting initial chat: mock-assistant-chat-1
[90mstdout[2m | src/components/ChatSidebar/ContentPreview.stories.tsx[2m > [22m[2mCompact
[22m[39m[MOCK CourseVectorStore] Initialized with mock data
[90mstdout[2m | src/components/ChatSidebar/ContentPreview.stories.tsx[2m > [22m[2mCompact
[22m[39m[FilesContext] Vector store population triggered {
  "currentVectorStoreSize": 3,
  "documentsCount": 0,
  "filesCount": 6,
  "isInitialLoad": true,
}
[90mstdout[2m | src/components/ChatSidebar/ContentPreview.stories.tsx[2m > [22m[2mCompact
[22m[39m[FilesContext] Vector store population complete - 3 total embeddings
[90mstdout[2m | src/components/ChatSidebar/ContentPreview.stories.tsx[2m > [22m[2mCompact
[22m[39m[ChatContext] Chat exists and not archived, skipping creation
[90mstdout[2m | src/components/ChatSidebar/ContentPreview.stories.tsx[2m > [22m[2mCompact
[22m[39m[Mock Storage] downloadData called with: undefined
[90mstdout[2m | src/components/ChatSidebar/ContentPreview.stories.tsx[2m > [22m[2mNo Actions
[22m[39m[ChatContext] Cleaning up subscriptions
[90mstdout[2m | src/components/ChatSidebar/ContentPreview.stories.tsx[2m > [22m[2mNo Actions
[22m[39m[Mock Data] Unit.onUpdate() subscription removed. Remaining: 0
[90mstdout[2m | src/components/ChatSidebar/ContentPreview.stories.tsx[2m > [22m[2mNo Actions
[22m[39m[MOCK CourseVectorStore] Initialized with mock data
[90mstdout[2m | src/components/ChatSidebar/ContentPreview.stories.tsx[2m > [22m[2mNo Actions
[22m[39m[TranslationModeController] Setting mode to: off
[90mstdout[2m | src/components/ChatSidebar/ContentPreview.stories.tsx[2m > [22m[2mNo Actions
[22m[39m[UnitContext] useEffect triggered {
  "authLoading": false,
  "hasUser": true,
  "id": "mock-unit-id",
  "userSub": "mock-user-sub",
}
[90mstdout[2m | src/components/ChatSidebar/ContentPreview.stories.tsx[2m > [22m[2mNo Actions
[22m[39m[UnitContext] Fetching unit data for id: mock-unit-id
[90mstdout[2m | src/components/ChatSidebar/ContentPreview.stories.tsx[2m > [22m[2mNo Actions
[22m[39m[FilesContext] Initializing vector store from IndexedDB
[90mstdout[2m | src/components/ChatSidebar/ContentPreview.stories.tsx[2m > [22m[2mNo Actions
[22m[39m[FilesContext] fetchFiles called
[90mstdout[2m | src/components/ChatSidebar/ContentPreview.stories.tsx[2m > [22m[2mNo Actions
[22m[39m[FilesContext] User authenticated: mock-user-sub
[90mstdout[2m | src/components/ChatSidebar/ContentPreview.stories.tsx[2m > [22m[2mNo Actions
[22m[39m[FilesContext] Identity ID: us-east-1:mock-identity-123
[90mstdout[2m | src/components/ChatSidebar/ContentPreview.stories.tsx[2m > [22m[2mNo Actions
[22m[39m[FilesContext] About to set up File observeQuery
[90mstdout[2m | src/components/ChatSidebar/ContentPreview.stories.tsx[2m > [22m[2mNo Actions
[22m[39m[ChatContext] Setting up AssistantChat observeQuery
[90mstdout[2m | src/components/ChatSidebar/ContentPreview.stories.tsx[2m > [22m[2mNo Actions
[22m[39m[ChatContext] Waiting for subscription to initialize
[90mstdout[2m | src/components/ChatSidebar/ContentPreview.stories.tsx[2m > [22m[2mNo Actions
[22m[39m[SettingsContext] Setting up Settings subscription for user: mock-user-sub
[90mstdout[2m | src/components/ChatSidebar/ContentPreview.stories.tsx[2m > [22m[2mNo Actions
[22m[39m[Mock Data] Settings created: mock-settings-1790418821101 - notified 0 subscribers
[90mstdout[2m | src/components/ChatSidebar/ContentPreview.stories.tsx[2m > [22m[2mNo Actions
[22m[39m[Mock Data] Unit.onUpdate() subscription added. Total: 1
[90mstdout[2m | src/components/ChatSidebar/ContentPreview.stories.tsx[2m > [22m[2mNo Actions
[22m[39m[SectionContext] Section observeQuery update: 0
[90mstdout[2m | src/components/ChatSidebar/ContentPreview.stories.tsx[2m > [22m[2mNo Actions
[22m[39m[FilesContext] File observeQuery update: 6 files
[90mstdout[2m | src/components/ChatSidebar/ContentPreview.stories.tsx[2m > [22m[2mNo Actions
[22m[39m[ChatContext] AssistantChat initialized with 1 chats
[90mstdout[2m | src/components/ChatSidebar/ContentPreview.stories.tsx[2m > [22m[2mNo Actions
[22m[39m[ChatContext] Setting initial chat: mock-assistant-chat-1
[90mstdout[2m | src/components/ChatSidebar/ContentPreview.stories.tsx[2m > [22m[2mNo Actions
[22m[39m[MOCK CourseVectorStore] Initialized with mock data
[90mstdout[2m | src/components/ChatSidebar/ContentPreview.stories.tsx[2m > [22m[2mNo Actions
[22m[39m[FilesContext] Vector store population triggered {
  "currentVectorStoreSize": 3,
  "documentsCount": 0,
  "filesCount": 6,
  "isInitialLoad": true,
}
[90mstdout[2m | src/components/ChatSidebar/ContentPreview.stories.tsx[2m > [22m[2mNo Actions
[22m[39m[FilesContext] Vector store population complete - 3 total embeddings
[90mstdout[2m | src/components/ChatSidebar/ContentPreview.stories.tsx[2m > [22m[2mNo Actions
[22m[39m[ChatContext] Chat exists and not archived, skipping creation
[90mstdout[2m | src/components/ChatSidebar/ContentPreview.stories.tsx[2m > [22m[2mNo Actions
[22m[39m[Mock Storage] downloadData called with: undefined
[90mstdout[2m | src/components/ChatSidebar/ContentPreview.stories.tsx[2m > [22m[2mHTML Format
[22m[39m[ChatContext] Cleaning up subscriptions
[90mstdout[2m | src/components/ChatSidebar/ContentPreview.stories.tsx[2m > [22m[2mHTML Format
[22m[39m[Mock Data] Unit.onUpdate() subscription removed. Remaining: 0
[90mstdout[2m | src/components/ChatSidebar/ContentPreview.stories.tsx[2m > [22m[2mHTML Format
[22m[39m[MOCK CourseVectorStore] Initialized with mock data
[90mstdout[2m | src/components/ChatSidebar/ContentPreview.stories.tsx[2m > [22m[2mHTML Format
[22m[39m[TranslationModeController] Setting mode to: off
[90mstdout[2m | src/components/ChatSidebar/ContentPreview.stories.tsx[2m > [22m[2mHTML Format
[22m[39m[UnitContext] useEffect triggered {
  "authLoading": false,
  "hasUser": true,
  "id": "mock-unit-id",
  "userSub": "mock-user-sub",
}
[90mstdout[2m | src/components/ChatSidebar/ContentPreview.stories.tsx[2m > [22m[2mHTML Format
[22m[39m[UnitContext] Fetching unit data for id: mock-unit-id
[90mstdout[2m | src/components/ChatSidebar/ContentPreview.stories.tsx[2m > [22m[2mHTML Format
[22m[39m[FilesContext] Initializing vector store from IndexedDB
[90mstdout[2m | src/components/ChatSidebar/ContentPreview.stories.tsx[2m > [22m[2mHTML Format
[22m[39m[FilesContext] fetchFiles called
[90mstdout[2m | src/components/ChatSidebar/ContentPreview.stories.tsx[2m > [22m[2mHTML Format
[22m[39m[FilesContext] User authenticated: mock-user-sub
[90mstdout[2m | src/components/ChatSidebar/ContentPreview.stories.tsx[2m > [22m[2mHTML Format
[22m[39m[FilesContext] Identity ID: us-east-1:mock-identity-123
[90mstdout[2m | src/components/ChatSidebar/ContentPreview.stories.tsx[2m > [22m[2mHTML Format
[22m[39m[FilesContext] About to set up File observeQuery
[90mstdout[2m | src/components/ChatSidebar/ContentPreview.stories.tsx[2m > [22m[2mHTML Format
[22m[39m[ChatContext] Setting up AssistantChat observeQuery
[90mstdout[2m | src/components/ChatSidebar/ContentPreview.stories.tsx[2m > [22m[2mHTML Format
[22m[39m[ChatContext] Waiting for subscription to initialize
[90mstdout[2m | src/components/ChatSidebar/ContentPreview.stories.tsx[2m > [22m[2mHTML Format
[22m[39m[SettingsContext] Setting up Settings subscription for user: mock-user-sub
[90mstdout[2m | src/components/ChatSidebar/ContentPreview.stories.tsx[2m > [22m[2mHTML Format
[22m[39m[Mock Data] Settings created: mock-settings-1790418821230 - notified 0 subscribers
[90mstdout[2m | src/components/ChatSidebar/ContentPreview.stories.tsx[2m > [22m[2mHTML Format
[22m[39m[Mock Data] Unit.onUpdate() subscription added. Total: 1
[90mstdout[2m | src/components/ChatSidebar/ContentPreview.stories.tsx[2m > [22m[2mHTML Format
[22m[39m[SectionContext] Section observeQuery update: 0
[90mstdout[2m | src/components/ChatSidebar/ContentPreview.stories.tsx[2m > [22m[2mHTML Format
[22m[39m[FilesContext] File observeQuery update: 6 files
[90mstdout[2m | src/components/ChatSidebar/ContentPreview.stories.tsx[2m > [22m[2mHTML Format
[22m[39m[ChatContext] AssistantChat initialized with 1 chats
[90mstdout[2m | src/components/ChatSidebar/ContentPreview.stories.tsx[2m > [22m[2mHTML Format
[22m[39m[ChatContext] Setting initial chat: mock-assistant-chat-1
[90mstdout[2m | src/components/ChatSidebar/ContentPreview.stories.tsx[2m > [22m[2mHTML Format
[22m[39m[MOCK CourseVectorStore] Initialized with mock data
[90mstdout[2m | src/components/ChatSidebar/ContentPreview.stories.tsx[2m > [22m[2mHTML Format
[22m[39m[FilesContext] Vector store population triggered {
  "currentVectorStoreSize": 3,
  "documentsCount": 0,
  "filesCount": 6,
  "isInitialLoad": true,
}
[90mstdout[2m | src/components/ChatSidebar/ContentPreview.stories.tsx[2m > [22m[2mHTML Format
[22m[39m[FilesContext] Vector store population complete - 3 total embeddings
[90mstdout[2m | src/components/ChatSidebar/ContentPreview.stories.tsx[2m > [22m[2mHTML Format
[22m[39m[ChatContext] Chat exists and not archived, skipping creation
[90mstdout[2m | src/components/ChatSidebar/ContentPreview.stories.tsx[2m > [22m[2mHTML Format
[22m[39m[Mock Storage] downloadData called with: undefined
[90mstdout[2m | src/components/ChatSidebar/ContentPreview.stories.tsx[2m > [22m[2mLong Content
[22m[39m[ChatContext] Cleaning up subscriptions
[90mstdout[2m | src/components/ChatSidebar/ContentPreview.stories.tsx[2m > [22m[2mLong Content
[22m[39m[Mock Data] Unit.onUpdate() subscription removed. Remaining: 0
[90mstdout[2m | src/components/ChatSidebar/ContentPreview.stories.tsx[2m > [22m[2mLong Content
[22m[39m[MOCK CourseVectorStore] Initialized with mock data
[90mstdout[2m | src/components/ChatSidebar/ContentPreview.stories.tsx[2m > [22m[2mLong Content
[22m[39m[TranslationModeController] Setting mode to: off
[90mstdout[2m | src/components/ChatSidebar/ContentPreview.stories.tsx[2m > [22m[2mLong Content
[22m[39m[UnitContext] useEffect triggered {
  "authLoading": false,
  "hasUser": true,
  "id": "mock-unit-id",
  "userSub": "mock-user-sub",
}
[90mstdout[2m | src/components/ChatSidebar/ContentPreview.stories.tsx[2m > [22m[2mLong Content
[22m[39m[UnitContext] Fetching unit data for id: mock-unit-id
[90mstdout[2m | src/components/ChatSidebar/ContentPreview.stories.tsx[2m > [22m[2mLong Content
[22m[39m[FilesContext] Initializing vector store from IndexedDB
[90mstdout[2m | src/components/ChatSidebar/ContentPreview.stories.tsx[2m > [22m[2mLong Content
[22m[39m[FilesContext] fetchFiles called
[90mstdout[2m | src/components/ChatSidebar/ContentPreview.stories.tsx[2m > [22m[2mLong Content
[22m[39m[FilesContext] User authenticated: mock-user-sub
[90mstdout[2m | src/components/ChatSidebar/ContentPreview.stories.tsx[2m > [22m[2mLong Content
[22m[39m[FilesContext] Identity ID: us-east-1:mock-identity-123
[90mstdout[2m | src/components/ChatSidebar/ContentPreview.stories.tsx[2m > [22m[2mLong Content
[22m[39m[FilesContext] About to set up File observeQuery
[90mstdout[2m | src/components/ChatSidebar/ContentPreview.stories.tsx[2m > [22m[2mLong Content
[22m[39m[ChatContext] Setting up AssistantChat observeQuery
[90mstdout[2m | src/components/ChatSidebar/ContentPreview.stories.tsx[2m > [22m[2mLong Content
[22m[39m[ChatContext] Waiting for subscription to initialize
[90mstdout[2m | src/components/ChatSidebar/ContentPreview.stories.tsx[2m > [22m[2mLong Content
[22m[39m[SettingsContext] Setting up Settings subscription for user: mock-user-sub
[90mstdout[2m | src/components/ChatSidebar/ContentPreview.stories.tsx[2m > [22m[2mLong Content
[22m[39m[Mock Data] Settings created: mock-settings-1790418821394 - notified 0 subscribers
[90mstdout[2m | src/components/ChatSidebar/ContentPreview.stories.tsx[2m > [22m[2mLong Content
[22m[39m[Mock Data] Unit.onUpdate() subscription added. Total: 1
[90mstdout[2m | src/components/ChatSidebar/ContentPreview.stories.tsx[2m > [22m[2mLong Content
[22m[39m[SectionContext] Section observeQuery update: 0
[90mstdout[2m | src/components/ChatSidebar/ContentPreview.stories.tsx[2m > [22m[2mLong Content
[22m[39m[FilesContext] File observeQuery update: 6 files
[90mstdout[2m | src/components/ChatSidebar/ContentPreview.stories.tsx[2m > [22m[2mLong Content
[22m[39m[ChatContext] AssistantChat initialized with 1 chats
[90mstdout[2m | src/components/ChatSidebar/ContentPreview.stories.tsx[2m > [22m[2mLong Content
[22m[39m[ChatContext] Setting initial chat: mock-assistant-chat-1
[90mstdout[2m | src/components/ChatSidebar/ContentPreview.stories.tsx[2m > [22m[2mLong Content
[22m[39m[MOCK CourseVectorStore] Initialized with mock data
[90mstdout[2m | src/components/ChatSidebar/ContentPreview.stories.tsx[2m > [22m[2mLong Content
[22m[39m[FilesContext] Vector store population triggered {
  "currentVectorStoreSize": 3,
  "documentsCount": 0,
  "filesCount": 6,
  "isInitialLoad": true,
}
[90mstdout[2m | src/components/ChatSidebar/ContentPreview.stories.tsx[2m > [22m[2mLong Content
[22m[39m[FilesContext] Vector store population complete - 3 total embeddings
[90mstdout[2m | src/components/ChatSidebar/ContentPreview.stories.tsx[2m > [22m[2mLong Content
[22m[39m[ChatContext] Chat exists and not archived, skipping creation
[90mstdout[2m | src/components/ChatSidebar/ContentPreview.stories.tsx[2m > [22m[2mLong Content
[22m[39m[Mock Storage] downloadData called with: undefined
 [32m✓[39m [30m[45m storybook (chromium) [49m[39m src/components/ChatSidebar/ContentPreview.stories.tsx [2m([22m[2m5 tests[22m[2m)[22m[33m 858[2mms[22m[39m
[90mstdout[2m | unknown test
[22m[39m[MOCK vectorStoreDB.js] Module loaded - mock IndexedDB operations
[90mstdout[2m | unknown test
[22m[39m[Task Completion] DOM action listeners initialized
[90mstdout[2m | unknown test
[22m[39m[Task Completion] Auto-completion detector initialized
[90mstdout[2m | unknown test
[22m[39m[Preview] Task completion detector initialized
[90mstdout[2m | src/components/MainToolbar.stories.jsx[2m > [22m[2mFull Toolbar
[22m[39m[MOCK CourseVectorStore] Initialized with mock data
[90mstdout[2m | src/components/MainToolbar.stories.jsx[2m > [22m[2mFull Toolbar
[22m[39m[TranslationModeController] Setting mode to: off
[90mstdout[2m | src/components/MainToolbar.stories.jsx[2m > [22m[2mFull Toolbar
[22m[39m[UnitContext] useEffect triggered {
  "authLoading": false,
  "hasUser": true,
  "id": "mock-unit-id",
  "userSub": "mock-user-sub",
}
[90mstdout[2m | src/components/MainToolbar.stories.jsx[2m > [22m[2mFull Toolbar
[22m[39m[UnitContext] Fetching unit data for id: mock-unit-id
[90mstdout[2m | src/components/MainToolbar.stories.jsx[2m > [22m[2mFull Toolbar
[22m[39m[FilesContext] Initializing vector store from IndexedDB
[90mstdout[2m | src/components/MainToolbar.stories.jsx[2m > [22m[2mFull Toolbar
[22m[39m[FilesContext] fetchFiles called
[90mstdout[2m | src/components/MainToolbar.stories.jsx[2m > [22m[2mFull Toolbar
[22m[39m[FilesContext] User authenticated: mock-user-sub
[90mstdout[2m | src/components/MainToolbar.stories.jsx[2m > [22m[2mFull Toolbar
[22m[39m[FilesContext] Identity ID: us-east-1:mock-identity-123
[90mstdout[2m | src/components/MainToolbar.stories.jsx[2m > [22m[2mFull Toolbar
[22m[39m[FilesContext] About to set up File observeQuery
[90mstdout[2m | src/components/MainToolbar.stories.jsx[2m > [22m[2mFull Toolbar
[22m[39m[ChatContext] Setting up AssistantChat observeQuery
[90mstdout[2m | src/components/MainToolbar.stories.jsx[2m > [22m[2mFull Toolbar
[22m[39m[ChatContext] Waiting for subscription to initialize
[90mstdout[2m | src/components/MainToolbar.stories.jsx[2m > [22m[2mFull Toolbar
[22m[39m[SettingsContext] Setting up Settings subscription for user: mock-user-sub
[90mstdout[2m | src/components/MainToolbar.stories.jsx[2m > [22m[2mFull Toolbar
[22m[39m[Mock Data] Settings created: mock-settings-1790418825111 - notified 0 subscribers
[90mstdout[2m | src/components/MainToolbar.stories.jsx[2m > [22m[2mFull Toolbar
[22m[39m[Mock Data] Unit.onUpdate() subscription added. Total: 1
[90mstdout[2m | src/components/MainToolbar.stories.jsx[2m > [22m[2mFull Toolbar
[22m[39m[SectionContext] Section observeQuery update: 0
[90mstdout[2m | src/components/MainToolbar.stories.jsx[2m > [22m[2mFull Toolbar
[22m[39m[FilesContext] File observeQuery update: 6 files
[90mstdout[2m | src/components/MainToolbar.stories.jsx[2m > [22m[2mFull Toolbar
[22m[39m[ChatContext] AssistantChat initialized with 1 chats
[90mstdout[2m | src/components/MainToolbar.stories.jsx[2m > [22m[2mFull Toolbar
[22m[39m[ChatContext] Setting initial chat: mock-assistant-chat-1
[90mstdout[2m | src/components/MainToolbar.stories.jsx[2m > [22m[2mFull Toolbar
[22m[39m[MOCK CourseVectorStore] Initialized with mock data
[90mstdout[2m | src/components/MainToolbar.stories.jsx[2m > [22m[2mFull Toolbar
[22m[39m[FilesContext] Vector store population triggered {
  "currentVectorStoreSize": 3,
  "documentsCount": 0,
  "filesCount": 6,
  "isInitialLoad": true,
}
[90mstdout[2m | src/components/MainToolbar.stories.jsx[2m > [22m[2mFull Toolbar
[22m[39m[FilesContext] Vector store population complete - 3 total embeddings
[90mstdout[2m | src/components/MainToolbar.stories.jsx[2m > [22m[2mFull Toolbar
[22m[39m[ChatContext] Chat exists and not archived, skipping creation
[90mstdout[2m | src/components/MainToolbar.stories.jsx[2m > [22m[2mFull Toolbar
[22m[39m[Mock Storage] downloadData called with: undefined
[90mstdout[2m | src/components/MainToolbar.stories.jsx[2m > [22m[2mSettings Menu Only
[22m[39m[ChatContext] Cleaning up subscriptions
[90mstdout[2m | src/components/MainToolbar.stories.jsx[2m > [22m[2mSettings Menu Only
[22m[39m[Mock Data] Unit.onUpdate() subscription removed. Remaining: 0
[90mstdout[2m | src/components/MainToolbar.stories.jsx[2m > [22m[2mSettings Menu Only
[22m[39m[MOCK CourseVectorStore] Initialized with mock data
[90mstdout[2m | src/components/MainToolbar.stories.jsx[2m > [22m[2mSettings Menu Only
[22m[39m[TranslationModeController] Setting mode to: off
[90mstdout[2m | src/components/MainToolbar.stories.jsx[2m > [22m[2mSettings Menu Only
[22m[39m[UnitContext] useEffect triggered {
  "authLoading": false,
  "hasUser": true,
  "id": "mock-unit-id",
  "userSub": "mock-user-sub",
}
[90mstdout[2m | src/components/MainToolbar.stories.jsx[2m > [22m[2mSettings Menu Only
[22m[39m[UnitContext] Fetching unit data for id: mock-unit-id
[90mstdout[2m | src/components/MainToolbar.stories.jsx[2m > [22m[2mSettings Menu Only
[22m[39m[FilesContext] Initializing vector store from IndexedDB
[90mstdout[2m | src/components/MainToolbar.stories.jsx[2m > [22m[2mSettings Menu Only
[22m[39m[FilesContext] fetchFiles called
[90mstdout[2m | src/components/MainToolbar.stories.jsx[2m > [22m[2mSettings Menu Only
[22m[39m[FilesContext] User authenticated: mock-user-sub
[90mstdout[2m | src/components/MainToolbar.stories.jsx[2m > [22m[2mSettings Menu Only
[22m[39m[FilesContext] Identity ID: us-east-1:mock-identity-123
[90mstdout[2m | src/components/MainToolbar.stories.jsx[2m > [22m[2mSettings Menu Only
[22m[39m[FilesContext] About to set up File observeQuery
[90mstdout[2m | src/components/MainToolbar.stories.jsx[2m > [22m[2mSettings Menu Only
[22m[39m[ChatContext] Setting up AssistantChat observeQuery
[90mstdout[2m | src/components/MainToolbar.stories.jsx[2m > [22m[2mSettings Menu Only
[22m[39m[ChatContext] Waiting for subscription to initialize
[90mstdout[2m | src/components/MainToolbar.stories.jsx[2m > [22m[2mSettings Menu Only
[22m[39m[SettingsContext] Setting up Settings subscription for user: mock-user-sub
[90mstdout[2m | src/components/MainToolbar.stories.jsx[2m > [22m[2mSettings Menu Only
[22m[39m[Mock Data] Settings created: mock-settings-1790418825337 - notified 0 subscribers
[90mstdout[2m | src/components/MainToolbar.stories.jsx[2m > [22m[2mSettings Menu Only
[22m[39m[Mock Data] Unit.onUpdate() subscription added. Total: 1
[90mstdout[2m | src/components/MainToolbar.stories.jsx[2m > [22m[2mSettings Menu Only
[22m[39m[SectionContext] Section observeQuery update: 0
[90mstdout[2m | src/components/MainToolbar.stories.jsx[2m > [22m[2mSettings Menu Only
[22m[39m[FilesContext] File observeQuery update: 6 files
[90mstdout[2m | src/components/MainToolbar.stories.jsx[2m > [22m[2mSettings Menu Only
[22m[39m[ChatContext] AssistantChat initialized with 1 chats
[90mstdout[2m | src/components/MainToolbar.stories.jsx[2m > [22m[2mSettings Menu Only
[22m[39m[ChatContext] Setting initial chat: mock-assistant-chat-1
[90mstdout[2m | src/components/MainToolbar.stories.jsx[2m > [22m[2mSettings Menu Only
[22m[39m[Mock Storage] downloadData called with: undefined
[90mstdout[2m | src/components/MainToolbar.stories.jsx[2m > [22m[2mSettings Menu Only
[22m[39m[MOCK CourseVectorStore] Initialized with mock data
[90mstdout[2m | src/components/MainToolbar.stories.jsx[2m > [22m[2mSettings Menu Only
[22m[39m[FilesContext] Vector store population triggered {
  "currentVectorStoreSize": 3,
  "documentsCount": 0,
  "filesCount": 6,
  "isInitialLoad": true,
}
[90mstdout[2m | src/components/MainToolbar.stories.jsx[2m > [22m[2mSettings Menu Only
[22m[39m[FilesContext] Vector store population complete - 3 total embeddings
[90mstdout[2m | src/components/MainToolbar.stories.jsx[2m > [22m[2mSettings Menu Only
[22m[39m[ChatContext] Chat exists and not archived, skipping creation
[90mstdout[2m | src/components/MainToolbar.stories.jsx[2m > [22m[2mHelp Menu Only
[22m[39m[ChatContext] Cleaning up subscriptions
[90mstdout[2m | src/components/MainToolbar.stories.jsx[2m > [22m[2mHelp Menu Only
[22m[39m[Mock Data] Unit.onUpdate() subscription removed. Remaining: 0
[90mstdout[2m | src/components/MainToolbar.stories.jsx[2m > [22m[2mHelp Menu Only
[22m[39m[MOCK CourseVectorStore] Initialized with mock data
[90mstdout[2m | src/components/MainToolbar.stories.jsx[2m > [22m[2mHelp Menu Only
[22m[39m[TranslationModeController] Setting mode to: off
[90mstdout[2m | src/components/MainToolbar.stories.jsx[2m > [22m[2mHelp Menu Only
[22m[39m[UnitContext] useEffect triggered {
  "authLoading": false,
  "hasUser": true,
  "id": "mock-unit-id",
  "userSub": "mock-user-sub",
}
[90mstdout[2m | src/components/MainToolbar.stories.jsx[2m > [22m[2mHelp Menu Only
[22m[39m[UnitContext] Fetching unit data for id: mock-unit-id
[90mstdout[2m | src/components/MainToolbar.stories.jsx[2m > [22m[2mHelp Menu Only
[22m[39m[FilesContext] Initializing vector store from IndexedDB
[90mstdout[2m | src/components/MainToolbar.stories.jsx[2m > [22m[2mHelp Menu Only
[22m[39m[FilesContext] fetchFiles called
[90mstdout[2m | src/components/MainToolbar.stories.jsx[2m > [22m[2mHelp Menu Only
[22m[39m[FilesContext] User authenticated: mock-user-sub
[90mstdout[2m | src/components/MainToolbar.stories.jsx[2m > [22m[2mHelp Menu Only
[22m[39m[FilesContext] Identity ID: us-east-1:mock-identity-123
[90mstdout[2m | src/components/MainToolbar.stories.jsx[2m > [22m[2mHelp Menu Only
[22m[39m[FilesContext] About to set up File observeQuery
[90mstdout[2m | src/components/MainToolbar.stories.jsx[2m > [22m[2mHelp Menu Only
[22m[39m[ChatContext] Setting up AssistantChat observeQuery
[90mstdout[2m | src/components/MainToolbar.stories.jsx[2m > [22m[2mHelp Menu Only
[22m[39m[ChatContext] Waiting for subscription to initialize
[90mstdout[2m | src/components/MainToolbar.stories.jsx[2m > [22m[2mHelp Menu Only
[22m[39m[SettingsContext] Setting up Settings subscription for user: mock-user-sub
[90mstdout[2m | src/components/MainToolbar.stories.jsx[2m > [22m[2mHelp Menu Only
[22m[39m[Mock Data] Settings created: mock-settings-1790418825537 - notified 0 subscribers
[90mstdout[2m | src/components/MainToolbar.stories.jsx[2m > [22m[2mHelp Menu Only
[22m[39m[Mock Data] Unit.onUpdate() subscription added. Total: 1
[90mstdout[2m | src/components/MainToolbar.stories.jsx[2m > [22m[2mHelp Menu Only
[22m[39m[SectionContext] Section observeQuery update: 0
[90mstdout[2m | src/components/MainToolbar.stories.jsx[2m > [22m[2mHelp Menu Only
[22m[39m[FilesContext] File observeQuery update: 6 files
[90mstdout[2m | src/components/MainToolbar.stories.jsx[2m > [22m[2mHelp Menu Only
[22m[39m[ChatContext] AssistantChat initialized with 1 chats
[90mstdout[2m | src/components/MainToolbar.stories.jsx[2m > [22m[2mHelp Menu Only
[22m[39m[ChatContext] Setting initial chat: mock-assistant-chat-1
[90mstdout[2m | src/components/MainToolbar.stories.jsx[2m > [22m[2mHelp Menu Only
[22m[39m[MOCK CourseVectorStore] Initialized with mock data
[90mstdout[2m | src/components/MainToolbar.stories.jsx[2m > [22m[2mHelp Menu Only
[22m[39m[FilesContext] Vector store population triggered {
  "currentVectorStoreSize": 3,
  "documentsCount": 0,
  "filesCount": 6,
  "isInitialLoad": true,
}
[90mstdout[2m | src/components/MainToolbar.stories.jsx[2m > [22m[2mHelp Menu Only
[22m[39m[FilesContext] Vector store population complete - 3 total embeddings
[90mstdout[2m | src/components/MainToolbar.stories.jsx[2m > [22m[2mHelp Menu Only
[22m[39m[ChatContext] Chat exists and not archived, skipping creation
[90mstdout[2m | src/components/MainToolbar.stories.jsx[2m > [22m[2mHelp Menu Only
[22m[39m[Mock Storage] downloadData called with: undefined
[90mstdout[2m | src/components/MainToolbar.stories.jsx[2m > [22m[2mUser Menu Only
[22m[39m[ChatContext] Cleaning up subscriptions
[90mstdout[2m | src/components/MainToolbar.stories.jsx[2m > [22m[2mUser Menu Only
[22m[39m[Mock Data] Unit.onUpdate() subscription removed. Remaining: 0
[90mstdout[2m | src/components/MainToolbar.stories.jsx[2m > [22m[2mUser Menu Only
[22m[39m[MOCK CourseVectorStore] Initialized with mock data
[90mstdout[2m | src/components/MainToolbar.stories.jsx[2m > [22m[2mUser Menu Only
[22m[39m[TranslationModeController] Setting mode to: off
[90mstdout[2m | src/components/MainToolbar.stories.jsx[2m > [22m[2mUser Menu Only
[22m[39m[UnitContext] useEffect triggered {
  "authLoading": false,
  "hasUser": true,
  "id": "mock-unit-id",
  "userSub": "mock-user-sub",
}
[90mstdout[2m | src/components/MainToolbar.stories.jsx[2m > [22m[2mUser Menu Only
[22m[39m[UnitContext] Fetching unit data for id: mock-unit-id
[90mstdout[2m | src/components/MainToolbar.stories.jsx[2m > [22m[2mUser Menu Only
[22m[39m[FilesContext] Initializing vector store from IndexedDB
[90mstdout[2m | src/components/MainToolbar.stories.jsx[2m > [22m[2mUser Menu Only
[22m[39m[FilesContext] fetchFiles called
[90mstdout[2m | src/components/MainToolbar.stories.jsx[2m > [22m[2mUser Menu Only
[22m[39m[FilesContext] User authenticated: mock-user-sub
[90mstdout[2m | src/components/MainToolbar.stories.jsx[2m > [22m[2mUser Menu Only
[22m[39m[FilesContext] Identity ID: us-east-1:mock-identity-123
[90mstdout[2m | src/components/MainToolbar.stories.jsx[2m > [22m[2mUser Menu Only
[22m[39m[FilesContext] About to set up File observeQuery
[90mstdout[2m | src/components/MainToolbar.stories.jsx[2m > [22m[2mUser Menu Only
[22m[39m[ChatContext] Setting up AssistantChat observeQuery
[90mstdout[2m | src/components/MainToolbar.stories.jsx[2m > [22m[2mUser Menu Only
[22m[39m[ChatContext] Waiting for subscription to initialize
[90mstdout[2m | src/components/MainToolbar.stories.jsx[2m > [22m[2mUser Menu Only
[22m[39m[SettingsContext] Setting up Settings subscription for user: mock-user-sub
[90mstdout[2m | src/components/MainToolbar.stories.jsx[2m > [22m[2mUser Menu Only
[22m[39m[Mock Data] Settings created: mock-settings-1790418825704 - notified 0 subscribers
[90mstdout[2m | src/components/MainToolbar.stories.jsx[2m > [22m[2mUser Menu Only
[22m[39m[Mock Data] Unit.onUpdate() subscription added. Total: 1
[90mstdout[2m | src/components/MainToolbar.stories.jsx[2m > [22m[2mUser Menu Only
[22m[39m[SectionContext] Section observeQuery update: 0
[90mstdout[2m | src/components/MainToolbar.stories.jsx[2m > [22m[2mUser Menu Only
[22m[39m[FilesContext] File observeQuery update: 6 files
[90mstdout[2m | src/components/MainToolbar.stories.jsx[2m > [22m[2mUser Menu Only
[22m[39m[ChatContext] AssistantChat initialized with 1 chats
[90mstdout[2m | src/components/MainToolbar.stories.jsx[2m > [22m[2mUser Menu Only
[22m[39m[ChatContext] Setting initial chat: mock-assistant-chat-1
[90mstdout[2m | src/components/MainToolbar.stories.jsx[2m > [22m[2mUser Menu Only
[22m[39m[Mock Storage] downloadData called with: undefined
[90mstdout[2m | src/components/MainToolbar.stories.jsx[2m > [22m[2mUser Menu Only
[22m[39m[MOCK CourseVectorStore] Initialized with mock data
[90mstdout[2m | src/components/MainToolbar.stories.jsx[2m > [22m[2mUser Menu Only
[22m[39m[FilesContext] Vector store population triggered {
  "currentVectorStoreSize": 3,
  "documentsCount": 0,
  "filesCount": 6,
  "isInitialLoad": true,
}
[90mstdout[2m | src/components/MainToolbar.stories.jsx[2m > [22m[2mUser Menu Only
[22m[39m[FilesContext] Vector store population complete - 3 total embeddings
[90mstdout[2m | src/components/MainToolbar.stories.jsx[2m > [22m[2mUser Menu Only
[22m[39m[ChatContext] Chat exists and not archived, skipping creation
[90mstdout[2m | src/components/MainToolbar.stories.jsx[2m > [22m[2mJoin Section Demo
[22m[39m[ChatContext] Cleaning up subscriptions
[90mstdout[2m | src/components/MainToolbar.stories.jsx[2m > [22m[2mJoin Section Demo
[22m[39m[Mock Data] Unit.onUpdate() subscription removed. Remaining: 0
[90mstdout[2m | src/components/MainToolbar.stories.jsx[2m > [22m[2mJoin Section Demo
[22m[39m[MOCK CourseVectorStore] Initialized with mock data
[90mstdout[2m | src/components/MainToolbar.stories.jsx[2m > [22m[2mJoin Section Demo
[22m[39m[TranslationModeController] Setting mode to: off
[90mstdout[2m | src/components/MainToolbar.stories.jsx[2m > [22m[2mJoin Section Demo
[22m[39m[UnitContext] useEffect triggered {
  "authLoading": false,
  "hasUser": true,
  "id": "mock-unit-id",
  "userSub": "mock-user-sub",
}
[90mstdout[2m | src/components/MainToolbar.stories.jsx[2m > [22m[2mJoin Section Demo
[22m[39m[UnitContext] Fetching unit data for id: mock-unit-id
[90mstdout[2m | src/components/MainToolbar.stories.jsx[2m > [22m[2mJoin Section Demo
[22m[39m[FilesContext] Initializing vector store from IndexedDB
[90mstdout[2m | src/components/MainToolbar.stories.jsx[2m > [22m[2mJoin Section Demo
[22m[39m[FilesContext] fetchFiles called
[90mstdout[2m | src/components/MainToolbar.stories.jsx[2m > [22m[2mJoin Section Demo
[22m[39m[FilesContext] User authenticated: mock-user-sub
[90mstdout[2m | src/components/MainToolbar.stories.jsx[2m > [22m[2mJoin Section Demo
[22m[39m[FilesContext] Identity ID: us-east-1:mock-identity-123
[90mstdout[2m | src/components/MainToolbar.stories.jsx[2m > [22m[2mJoin Section Demo
[22m[39m[FilesContext] About to set up File observeQuery
[90mstdout[2m | src/components/MainToolbar.stories.jsx[2m > [22m[2mJoin Section Demo
[22m[39m[ChatContext] Setting up AssistantChat observeQuery
[90mstdout[2m | src/components/MainToolbar.stories.jsx[2m > [22m[2mJoin Section Demo
[22m[39m[ChatContext] Waiting for subscription to initialize
[90mstdout[2m | src/components/MainToolbar.stories.jsx[2m > [22m[2mJoin Section Demo
[22m[39m[SettingsContext] Setting up Settings subscription for user: mock-user-sub
[90mstdout[2m | src/components/MainToolbar.stories.jsx[2m > [22m[2mJoin Section Demo
[22m[39m[Mock Data] Settings created: mock-settings-1790418825951 - notified 0 subscribers
[90mstdout[2m | src/components/MainToolbar.stories.jsx[2m > [22m[2mJoin Section Demo
[22m[39m[Mock Data] Unit.onUpdate() subscription added. Total: 1
[90mstdout[2m | src/components/MainToolbar.stories.jsx[2m > [22m[2mJoin Section Demo
[22m[39m[SectionContext] Section observeQuery update: 0
[90mstdout[2m | src/components/MainToolbar.stories.jsx[2m > [22m[2mJoin Section Demo
[22m[39m[FilesContext] File observeQuery update: 6 files
[90mstdout[2m | src/components/MainToolbar.stories.jsx[2m > [22m[2mJoin Section Demo
[22m[39m[ChatContext] AssistantChat initialized with 1 chats
[90mstdout[2m | src/components/MainToolbar.stories.jsx[2m > [22m[2mJoin Section Demo
[22m[39m[ChatContext] Setting initial chat: mock-assistant-chat-1
[90mstdout[2m | src/components/MainToolbar.stories.jsx[2m > [22m[2mJoin Section Demo
[22m[39m[MOCK CourseVectorStore] Initialized with mock data
[90mstdout[2m | src/components/MainToolbar.stories.jsx[2m > [22m[2mJoin Section Demo
[22m[39m[FilesContext] Vector store population triggered {
  "currentVectorStoreSize": 3,
  "documentsCount": 0,
  "filesCount": 6,
  "isInitialLoad": true,
}
[90mstdout[2m | src/components/MainToolbar.stories.jsx[2m > [22m[2mJoin Section Demo
[22m[39m[FilesContext] Vector store population complete - 3 total embeddings
[90mstdout[2m | src/components/MainToolbar.stories.jsx[2m > [22m[2mJoin Section Demo
[22m[39m[ChatContext] Chat exists and not archived, skipping creation
[90mstdout[2m | src/components/MainToolbar.stories.jsx[2m > [22m[2mJoin Section Demo
[22m[39m[Mock Storage] downloadData called with: undefined
 [32m✓[39m [30m[45m storybook (chromium) [49m[39m src/components/MainToolbar.stories.jsx [2m([22m[2m5 tests[22m[2m)[22m[33m 1370[2mms[22m[39m
   [33m[2m✓[22m[39m Full Toolbar [33m 360[2mms[22m[39m
   [33m[2m✓[22m[39m Join Section Demo [33m 478[2mms[22m[39m
[90mstdout[2m | unknown test
[22m[39m[MOCK vectorStoreDB.js] Module loaded - mock IndexedDB operations
[90mstdout[2m | unknown test
[22m[39m[Task Completion] DOM action listeners initialized
[90mstdout[2m | unknown test
[22m[39m[Task Completion] Auto-completion detector initialized
[90mstdout[2m | unknown test
[22m[39m[Preview] Task completion detector initialized
[90mstdout[2m | src/components/MeaningAssociationExercise/MeaningAssociation.stories.jsx[2m > [22m[2mEasy Exercise
[22m[39m[MOCK CourseVectorStore] Initialized with mock data
[90mstdout[2m | src/components/MeaningAssociationExercise/MeaningAssociation.stories.jsx[2m > [22m[2mEasy Exercise
[22m[39mEasy.nodeKey easy-1 type: string
[90mstdout[2m | src/components/MeaningAssociationExercise/MeaningAssociation.stories.jsx[2m > [22m[2mEasy Exercise
[22m[39mEasy.grade: {
  "data": null,
}
[90mstdout[2m | src/components/MeaningAssociationExercise/MeaningAssociation.stories.jsx[2m > [22m[2mEasy Exercise
[22m[39mEasy.grade.data: null
[90mstdout[2m | src/components/MeaningAssociationExercise/MeaningAssociation.stories.jsx[2m > [22m[2mEasy Exercise
[22m[39mEasy.grade.data === grade? false
[90mstdout[2m | src/components/MeaningAssociationExercise/MeaningAssociation.stories.jsx[2m > [22m[2mEasy Exercise
[22m[39mEasy.grade.data keys: no data
[90mstdout[2m | src/components/MeaningAssociationExercise/MeaningAssociation.stories.jsx[2m > [22m[2mEasy Exercise
[22m[39mEasy.grade.data[nodeKey]: undefined
[90mstdout[2m | src/components/MeaningAssociationExercise/MeaningAssociation.stories.jsx[2m > [22m[2mEasy Exercise
[22m[39mEasy.inProgress {}
[90mstdout[2m | src/components/MeaningAssociationExercise/MeaningAssociation.stories.jsx[2m > [22m[2mEasy Exercise
[22m[39mMeaningAssociationExercise._vocabulary [
  {
    "definition": "A greeting",
    "id": "1",
    "phrase": "Hello",
  },
  {
    "definition": "A farewell",
    "id": "2",
    "phrase": "Goodbye",
  },
  {
    "definition": "Expression of gratitude",
    "id": "3",
    "phrase": "Thank you",
  },
  {
    "definition": "Polite request",
    "id": "4",
    "phrase": "Please",
  },
]
[90mstdout[2m | src/components/MeaningAssociationExercise/MeaningAssociation.stories.jsx[2m > [22m[2mEasy Exercise
[22m[39m[TranslationModeController] Setting mode to: off
[90mstdout[2m | src/components/MeaningAssociationExercise/MeaningAssociation.stories.jsx[2m > [22m[2mEasy Exercise
[22m[39m[UnitContext] useEffect triggered {
  "authLoading": false,
  "hasUser": true,
  "id": "mock-unit-id",
  "userSub": "mock-user-sub",
}
[90mstdout[2m | src/components/MeaningAssociationExercise/MeaningAssociation.stories.jsx[2m > [22m[2mEasy Exercise
[22m[39m[UnitContext] Fetching unit data for id: mock-unit-id
[90mstdout[2m | src/components/MeaningAssociationExercise/MeaningAssociation.stories.jsx[2m > [22m[2mEasy Exercise
[22m[39m[FilesContext] Initializing vector store from IndexedDB
[90mstdout[2m | src/components/MeaningAssociationExercise/MeaningAssociation.stories.jsx[2m > [22m[2mEasy Exercise
[22m[39m[FilesContext] fetchFiles called
[90mstdout[2m | src/components/MeaningAssociationExercise/MeaningAssociation.stories.jsx[2m > [22m[2mEasy Exercise
[22m[39m[FilesContext] User authenticated: mock-user-sub
[90mstdout[2m | src/components/MeaningAssociationExercise/MeaningAssociation.stories.jsx[2m > [22m[2mEasy Exercise
[22m[39m[FilesContext] Identity ID: us-east-1:mock-identity-123
[90mstdout[2m | src/components/MeaningAssociationExercise/MeaningAssociation.stories.jsx[2m > [22m[2mEasy Exercise
[22m[39m[FilesContext] About to set up File observeQuery
[90mstdout[2m | src/components/MeaningAssociationExercise/MeaningAssociation.stories.jsx[2m > [22m[2mEasy Exercise
[22m[39m[ChatContext] Setting up AssistantChat observeQuery
[90mstdout[2m | src/components/MeaningAssociationExercise/MeaningAssociation.stories.jsx[2m > [22m[2mEasy Exercise
[22m[39m[ChatContext] Waiting for subscription to initialize
[90mstdout[2m | src/components/MeaningAssociationExercise/MeaningAssociation.stories.jsx[2m > [22m[2mEasy Exercise
[22m[39m[SettingsContext] Setting up Settings subscription for user: mock-user-sub
[90mstdout[2m | src/components/MeaningAssociationExercise/MeaningAssociation.stories.jsx[2m > [22m[2mEasy Exercise
[22m[39mEasy.nodeKey easy-1 type: string
[90mstdout[2m | src/components/MeaningAssociationExercise/MeaningAssociation.stories.jsx[2m > [22m[2mEasy Exercise
[22m[39mEasy.grade: {
  "data": null,
}
[90mstdout[2m | src/components/MeaningAssociationExercise/MeaningAssociation.stories.jsx[2m > [22m[2mEasy Exercise
[22m[39mEasy.grade.data: null
[90mstdout[2m | src/components/MeaningAssociationExercise/MeaningAssociation.stories.jsx[2m > [22m[2mEasy Exercise
[22m[39mEasy.grade.data === grade? false
[90mstdout[2m | src/components/MeaningAssociationExercise/MeaningAssociation.stories.jsx[2m > [22m[2mEasy Exercise
[22m[39mEasy.grade.data keys: no data
[90mstdout[2m | src/components/MeaningAssociationExercise/MeaningAssociation.stories.jsx[2m > [22m[2mEasy Exercise
[22m[39mEasy.grade.data[nodeKey]: undefined
[90mstdout[2m | src/components/MeaningAssociationExercise/MeaningAssociation.stories.jsx[2m > [22m[2mEasy Exercise
[22m[39mEasy.inProgress {}
[90mstdout[2m | src/components/MeaningAssociationExercise/MeaningAssociation.stories.jsx[2m > [22m[2mEasy Exercise
[22m[39m[Mock Data] Settings created: mock-settings-1790418826836 - notified 0 subscribers
[90mstdout[2m | src/components/MeaningAssociationExercise/MeaningAssociation.stories.jsx[2m > [22m[2mEasy Exercise
[22m[39m[Mock Data] Unit.onUpdate() subscription added. Total: 1
[90mstdout[2m | src/components/MeaningAssociationExercise/MeaningAssociation.stories.jsx[2m > [22m[2mEasy Exercise
[22m[39mEasy.nodeKey easy-1 type: string
[90mstdout[2m | src/components/MeaningAssociationExercise/MeaningAssociation.stories.jsx[2m > [22m[2mEasy Exercise
[22m[39mEasy.grade: {
  "data": null,
}
[90mstdout[2m | src/components/MeaningAssociationExercise/MeaningAssociation.stories.jsx[2m > [22m[2mEasy Exercise
[22m[39mEasy.grade.data: null
[90mstdout[2m | src/components/MeaningAssociationExercise/MeaningAssociation.stories.jsx[2m > [22m[2mEasy Exercise
[22m[39mEasy.grade.data === grade? false
[90mstdout[2m | src/components/MeaningAssociationExercise/MeaningAssociation.stories.jsx[2m > [22m[2mEasy Exercise
[22m[39mEasy.grade.data keys: no data
[90mstdout[2m | src/components/MeaningAssociationExercise/MeaningAssociation.stories.jsx[2m > [22m[2mEasy Exercise
[22m[39mEasy.grade.data[nodeKey]: undefined
[90mstdout[2m | src/components/MeaningAssociationExercise/MeaningAssociation.stories.jsx[2m > [22m[2mEasy Exercise
[22m[39mEasy.inProgress {}
[90mstdout[2m | src/components/MeaningAssociationExercise/MeaningAssociation.stories.jsx[2m > [22m[2mEasy Exercise
[22m[39m[SectionContext] Section observeQuery update: 0
[90mstdout[2m | src/components/MeaningAssociationExercise/MeaningAssociation.stories.jsx[2m > [22m[2mEasy Exercise
[22m[39m[FilesContext] File observeQuery update: 6 files
[90mstdout[2m | src/components/MeaningAssociationExercise/MeaningAssociation.stories.jsx[2m > [22m[2mEasy Exercise
[22m[39m[ChatContext] AssistantChat initialized with 1 chats
[90mstdout[2m | src/components/MeaningAssociationExercise/MeaningAssociation.stories.jsx[2m > [22m[2mEasy Exercise
[22m[39m[ChatContext] Setting initial chat: mock-assistant-chat-1
[90mstdout[2m | src/components/MeaningAssociationExercise/MeaningAssociation.stories.jsx[2m > [22m[2mEasy Exercise
[22m[39m[MOCK CourseVectorStore] Initialized with mock data
[90mstdout[2m | src/components/MeaningAssociationExercise/MeaningAssociation.stories.jsx[2m > [22m[2mEasy Exercise
[22m[39mEasy.nodeKey easy-1 type: string
[90mstdout[2m | src/components/MeaningAssociationExercise/MeaningAssociation.stories.jsx[2m > [22m[2mEasy Exercise
[22m[39mEasy.grade: {
  "data": null,
}
[90mstdout[2m | src/components/MeaningAssociationExercise/MeaningAssociation.stories.jsx[2m > [22m[2mEasy Exercise
[22m[39mEasy.grade.data: null
[90mstdout[2m | src/components/MeaningAssociationExercise/MeaningAssociation.stories.jsx[2m > [22m[2mEasy Exercise
[22m[39mEasy.grade.data === grade? false
[90mstdout[2m | src/components/MeaningAssociationExercise/MeaningAssociation.stories.jsx[2m > [22m[2mEasy Exercise
[22m[39mEasy.grade.data keys: no data
[90mstdout[2m | src/components/MeaningAssociationExercise/MeaningAssociation.stories.jsx[2m > [22m[2mEasy Exercise
[22m[39mEasy.grade.data[nodeKey]: undefined
[90mstdout[2m | src/components/MeaningAssociationExercise/MeaningAssociation.stories.jsx[2m > [22m[2mEasy Exercise
[22m[39mEasy.inProgress {}
[90mstdout[2m | src/components/MeaningAssociationExercise/MeaningAssociation.stories.jsx[2m > [22m[2mEasy Exercise
[22m[39m[FilesContext] Vector store population triggered {
  "currentVectorStoreSize": 3,
  "documentsCount": 0,
  "filesCount": 6,
  "isInitialLoad": true,
}
[90mstdout[2m | src/components/MeaningAssociationExercise/MeaningAssociation.stories.jsx[2m > [22m[2mEasy Exercise
[22m[39m[FilesContext] Vector store population complete - 3 total embeddings
[90mstdout[2m | src/components/MeaningAssociationExercise/MeaningAssociation.stories.jsx[2m > [22m[2mEasy Exercise
[22m[39m[ChatContext] Chat exists and not archived, skipping creation
[90mstdout[2m | src/components/MeaningAssociationExercise/MeaningAssociation.stories.jsx[2m > [22m[2mEasy Exercise
[22m[39m[Mock Storage] downloadData called with: undefined
[90mstdout[2m | src/components/MeaningAssociationExercise/MeaningAssociation.stories.jsx[2m > [22m[2mEasy Exercise Completed
[22m[39m[ChatContext] Cleaning up subscriptions
[90mstdout[2m | src/components/MeaningAssociationExercise/MeaningAssociation.stories.jsx[2m > [22m[2mEasy Exercise Completed
[22m[39m[Mock Data] Unit.onUpdate() subscription removed. Remaining: 0
[90mstdout[2m | src/components/MeaningAssociationExercise/MeaningAssociation.stories.jsx[2m > [22m[2mEasy Exercise Completed
[22m[39m[MOCK CourseVectorStore] Initialized with mock data
[90mstdout[2m | src/components/MeaningAssociationExercise/MeaningAssociation.stories.jsx[2m > [22m[2mEasy Exercise Completed
[22m[39mEasy.nodeKey easy-2 type: string
[90mstdout[2m | src/components/MeaningAssociationExercise/MeaningAssociation.stories.jsx[2m > [22m[2mEasy Exercise Completed
[22m[39mEasy.grade: {
  "data": "{"easy-2":{"complete":true,"tabIndex":0,"easy":{"verifiedAnswers":["1","2","3","4"],"attemptedAnswers":{"1":["1"],"2":["2"],"3":["3"],"4":["4"]},"attemptsCount":4,"accuracy":1,"percentComplete":1,"complete":true},"hard":{"verifiedAnswers":["1","2","3","4"],"attemptedAnswers":{"1":["1"],"2":["2"],"3":["3"],"4":["4"]},"attemptsCount":4,"accuracy":1,"percentComplete":1,"complete":true},"learn":{"verifiedAnswers":["1","2","3","4"],"attemptedAnswers":{"1":["1"],"2":["2"],"3":["3"],"4":["4"]},"attemptsCount":4,"accuracy":1,"percentComplete":1,"complete":true,"droppedPairs":{"1":"1","2":"2","3":"3","4":"4"}}}}",
}
[90mstdout[2m | src/components/MeaningAssociationExercise/MeaningAssociation.stories.jsx[2m > [22m[2mEasy Exercise Completed
[22m[39mEasy.grade.data: {"easy-2":{"complete":true,"tabIndex":0,"easy":{"verifiedAnswers":["1","2","3","4"],"attemptedAnswers":{"1":["1"],"2":["2"],"3":["3"],"4":["4"]},"attemptsCount":4,"accuracy":1,"percentComplete":1,"complete":true},"hard":{"verifiedAnswers":["1","2","3","4"],"attemptedAnswers":{"1":["1"],"2":["2"],"3":["3"],"4":["4"]},"attemptsCount":4,"accuracy":1,"percentComplete":1,"complete":true},"learn":{"verifiedAnswers":["1","2","3","4"],"attemptedAnswers":{"1":["1"],"2":["2"],"3":["3"],"4":["4"]},"attemptsCount":4,"accuracy":1,"percentComplete":1,"complete":true,"droppedPairs":{"1":"1","2":"2","3":"3","4":"4"}}}}
[90mstdout[2m | src/components/MeaningAssociationExercise/MeaningAssociation.stories.jsx[2m > [22m[2mEasy Exercise Completed
[22m[39mEasy.grade.data === grade? false
[90mstdout[2m | src/components/MeaningAssociationExercise/MeaningAssociation.stories.jsx[2m > [22m[2mEasy Exercise Completed
[22m[39mEasy.grade.data keys: [
  "0",
  "1",
  "2",
  "3",
  "4",
  "5",
  "6",
  "7",
  "8",
  "9",
  "10",
  "11",
  "12",
  "13",
  "14",
  "15",
  "16",
  "17",
  "18",
  "19",
  "20",
  "21",
  "22",
  "23",
  "24",
  "25",
  "26",
  "27",
  "28",
  "29",
  "30",
  "31",
  "32",
  "33",
  "34",
  "35",
  "36",
  "37",
  "38",
  "39",
  "40",
  "41",
  "42",
  "43",
  "44",
  "45",
  "46",
  "47",
  "48",
  "49",
  "50",
  "51",
  "52",
  "53",
  "54",
  "55",
  "56",
  "57",
  "58",
  "59",
  "60",
  "61",
  "62",
  "63",
  "64",
  "65",
  "66",
  "67",
  "68",
  "69",
  "70",
  "71",
  "72",
  "73",
  "74",
  "75",
  "76",
  "77",
  "78",
  "79",
  "80",
  "81",
  "82",
  "83",
  "84",
  "85",
  "86",
  "87",
  "88",
  "89",
  "90",
  "91",
  "92",
  "93",
  "94",
  "95",
  "96",
  "97",
  "98",
  "99",
  "100",
  "101",
  "102",
  "103",
  "104",
  "105",
  "106",
  "107",
  "108",
  "109",
  "110",
  "111",
  "112",
  "113",
  "114",
  "115",
  "116",
  "117",
  "118",
  "119",
  "120",
  "121",
  "122",
  "123",
  "124",
  "125",
  "126",
  "127",
  "128",
  "129",
  "130",
  "131",
  "132",
  "133",
  "134",
  "135",
  "136",
  "137",
  "138",
  "139",
  "140",
  "141",
  "142",
  "143",
  "144",
  "145",
  "146",
  "147",
  "148",
  "149",
  "150",
  "151",
  "152",
  "153",
  "154",
  "155",
  "156",
  "157",
  "158",
  "159",
  "160",
  "161",
  "162",
  "163",
  "164",
  "165",
  "166",
  "167",
  "168",
  "169",
  "170",
  "171",
  "172",
  "173",
  "174",
  "175",
  "176",
  "177",
  "178",
  "179",
  "180",
  "181",
  "182",
  "183",
  "184",
  "185",
  "186",
  "187",
  "188",
  "189",
  "190",
  "191",
  "192",
  "193",
  "194",
  "195",
  "196",
  "197",
  "198",
  "199",
  "200",
  "201",
  "202",
  "203",
  "204",
  "205",
  "206",
  "207",
  "208",
  "209",
  "210",
  "211",
  "212",
  "213",
  "214",
  "215",
  "216",
  "217",
  "218",
  "219",
  "220",
  "221",
  "222",
  "223",
  "224",
  "225",
  "226",
  "227",
  "228",
  "229",
  "230",
  "231",
  "232",
  "233",
  "234",
  "235",
  "236",
  "237",
  "238",
  "239",
  "240",
  "241",
  "242",
  "243",
  "244",
  "245",
  "246",
  "247",
  "248",
  "249",
  "250",
  "251",
  "252",
  "253",
  "254",
  "255",
  "256",
  "257",
  "258",
  "259",
  "260",
  "261",
  "262",
  "263",
  "264",
  "265",
  "266",
  "267",
  "268",
  "269",
  "270",
  "271",
  "272",
  "273",
  "274",
  "275",
  "276",
  "277",
  "278",
  "279",
  "280",
  "281",
  "282",
  "283",
  "284",
  "285",
  "286",
  "287",
  "288",
  "289",
  "290",
  "291",
  "292",
  "293",
  "294",
  "295",
  "296",
  "297",
  "298",
  "299",
  "300",
  "301",
  "302",
  "303",
  "304",
  "305",
  "306",
  "307",
  "308",
  "309",
  "310",
  "311",
  "312",
  "313",
  "314",
  "315",
  "316",
  "317",
  "318",
  "319",
  "320",
  "321",
  "322",
  "323",
  "324",
  "325",
  "326",
  "327",
  "328",
  "329",
  "330",
  "331",
  "332",
  "333",
  "334",
  "335",
  "336",
  "337",
  "338",
  "339",
  "340",
  "341",
  "342",
  "343",
  "344",
  "345",
  "346",
  "347",
  "348",
  "349",
  "350",
  "351",
  "352",
  "353",
  "354",
  "355",
  "356",
  "357",
  "358",
  "359",
  "360",
  "361",
  "362",
  "363",
  "364",
  "365",
  "366",
  "367",
  "368",
  "369",
  "370",
  "371",
  "372",
  "373",
  "374",
  "375",
  "376",
  "377",
  "378",
  "379",
  "380",
  "381",
  "382",
  "383",
  "384",
  "385",
  "386",
  "387",
  "388",
  "389",
  "390",
  "391",
  "392",
  "393",
  "394",
  "395",
  "396",
  "397",
  "398",
  "399",
  "400",
  "401",
  "402",
  "403",
  "404",
  "405",
  "406",
  "407",
  "408",
  "409",
  "410",
  "411",
  "412",
  "413",
  "414",
  "415",
  "416",
  "417",
  "418",
  "419",
  "420",
  "421",
  "422",
  "423",
  "424",
  "425",
  "426",
  "427",
  "428",
  "429",
  "430",
  "431",
  "432",
  "433",
  "434",
  "435",
  "436",
  "437",
  "438",
  "439",
  "440",
  "441",
  "442",
  "443",
  "444",
  "445",
  "446",
  "447",
  "448",
  "449",
  "450",
  "451",
  "452",
  "453",
  "454",
  "455",
  "456",
  "457",
  "458",
  "459",
  "460",
  "461",
  "462",
  "463",
  "464",
  "465",
  "466",
  "467",
  "468",
  "469",
  "470",
  "471",
  "472",
  "473",
  "474",
  "475",
  "476",
  "477",
  "478",
  "479",
  "480",
  "481",
  "482",
  "483",
  "484",
  "485",
  "486",
  "487",
  "488",
  "489",
  "490",
  "491",
  "492",
  "493",
  "494",
  "495",
  "496",
  "497",
  "498",
  "499",
  "500",
  "501",
  "502",
  "503",
  "504",
  "505",
  "506",
  "507",
  "508",
  "509",
  "510",
  "511",
  "512",
  "513",
  "514",
  "515",
  "516",
  "517",
  "518",
  "519",
  "520",
  "521",
  "522",
  "523",
  "524",
  "525",
  "526",
  "527",
  "528",
  "529",
  "530",
  "531",
  "532",
  "533",
  "534",
  "535",
  "536",
  "537",
  "538",
  "539",
  "540",
  "541",
  "542",
  "543",
  "544",
  "545",
  "546",
  "547",
  "548",
  "549",
  "550",
  "551",
  "552",
  "553",
  "554",
  "555",
  "556",
  "557",
  "558",
  "559",
  "560",
  "561",
  "562",
  "563",
  "564",
  "565",
  "566",
  "567",
  "568",
  "569",
  "570",
  "571",
  "572",
  "573",
  "574",
  "575",
  "576",
  "577",
  "578",
  "579",
  "580",
  "581",
  "582",
  "583",
  "584",
  "585",
  "586",
  "587",
  "588",
  "589",
  "590",
  "591",
  "592",
  "593",
  "594",
  "595",
  "596",
  "597",
  "598",
  "599",
  "600",
  "601",
  "602",
  "603",
  "604",
  "605",
  "606",
  "607",
  "608",
  "609",
]
[90mstdout[2m | src/components/MeaningAssociationExercise/MeaningAssociation.stories.jsx[2m > [22m[2mEasy Exercise Completed
[22m[39mEasy.grade.data[nodeKey]: undefined
[90mstdout[2m | src/components/MeaningAssociationExercise/MeaningAssociation.stories.jsx[2m > [22m[2mEasy Exercise Completed
[22m[39mEasy.inProgress {
  "complete": true,
  "easy": {
    "accuracy": 1,
    "attemptedAnswers": {
      "1": [
        "1",
      ],
      "2": [
        "2",
      ],
      "3": [
        "3",
      ],
      "4": [
        "4",
      ],
    },
    "attemptsCount": 4,
    "complete": true,
    "percentComplete": 1,
    "verifiedAnswers": [
      "1",
      "2",
      "3",
      "4",
    ],
  },
  "hard": {
    "accuracy": 1,
    "attemptedAnswers": {
      "1": [
        "1",
      ],
      "2": [
        "2",
      ],
      "3": [
        "3",
      ],
      "4": [
        "4",
      ],
    },
    "attemptsCount": 4,
    "complete": true,
    "percentComplete": 1,
    "verifiedAnswers": [
      "1",
      "2",
      "3",
      "4",
    ],
  },
  "learn": {
    "accuracy": 1,
    "attemptedAnswers": {
      "1": [
        "1",
      ],
      "2": [
        "2",
      ],
      "3": [
        "3",
      ],
      "4": [
        "4",
      ],
    },
    "attemptsCount": 4,
    "complete": true,
    "droppedPairs": {
      "1": "1",
      "2": "2",
      "3": "3",
      "4": "4",
    },
    "percentComplete": 1,
    "verifiedAnswers": [
      "1",
      "2",
      "3",
      "4",
    ],
  },
  "tabIndex": 0,
}
[90mstdout[2m | src/components/MeaningAssociationExercise/MeaningAssociation.stories.jsx[2m > [22m[2mEasy Exercise Completed
[22m[39mMeaningAssociationExercise._vocabulary [
  {
    "definition": "A greeting",
    "id": "1",
    "phrase": "Hello",
  },
  {
    "definition": "A farewell",
    "id": "2",
    "phrase": "Goodbye",
  },
  {
    "definition": "Expression of gratitude",
    "id": "3",
    "phrase": "Thank you",
  },
  {
    "definition": "Polite request",
    "id": "4",
    "phrase": "Please",
  },
]
[90mstdout[2m | src/components/MeaningAssociationExercise/MeaningAssociation.stories.jsx[2m > [22m[2mEasy Exercise Completed
[22m[39m[TranslationModeController] Setting mode to: off
[90mstdout[2m | src/components/MeaningAssociationExercise/MeaningAssociation.stories.jsx[2m > [22m[2mEasy Exercise Completed
[22m[39m[UnitContext] useEffect triggered {
  "authLoading": false,
  "hasUser": true,
  "id": "mock-unit-id",
  "userSub": "mock-user-sub",
}
[90mstdout[2m | src/components/MeaningAssociationExercise/MeaningAssociation.stories.jsx[2m > [22m[2mEasy Exercise Completed
[22m[39m[UnitContext] Fetching unit data for id: mock-unit-id
[90mstdout[2m | src/components/MeaningAssociationExercise/MeaningAssociation.stories.jsx[2m > [22m[2mEasy Exercise Completed
[22m[39m[FilesContext] Initializing vector store from IndexedDB
[90mstdout[2m | src/components/MeaningAssociationExercise/MeaningAssociation.stories.jsx[2m > [22m[2mEasy Exercise Completed
[22m[39m[FilesContext] fetchFiles called
[90mstdout[2m | src/components/MeaningAssociationExercise/MeaningAssociation.stories.jsx[2m > [22m[2mEasy Exercise Completed
[22m[39m[FilesContext] User authenticated: mock-user-sub
[90mstdout[2m | src/components/MeaningAssociationExercise/MeaningAssociation.stories.jsx[2m > [22m[2mEasy Exercise Completed
[22m[39m[FilesContext] Identity ID: us-east-1:mock-identity-123
[90mstdout[2m | src/components/MeaningAssociationExercise/MeaningAssociation.stories.jsx[2m > [22m[2mEasy Exercise Completed
[22m[39m[FilesContext] About to set up File observeQuery
[90mstdout[2m | src/components/MeaningAssociationExercise/MeaningAssociation.stories.jsx[2m > [22m[2mEasy Exercise Completed
[22m[39m[ChatContext] Setting up AssistantChat observeQuery
[90mstdout[2m | src/components/MeaningAssociationExercise/MeaningAssociation.stories.jsx[2m > [22m[2mEasy Exercise Completed
[22m[39m[ChatContext] Waiting for subscription to initialize
[90mstdout[2m | src/components/MeaningAssociationExercise/MeaningAssociation.stories.jsx[2m > [22m[2mEasy Exercise Completed
[22m[39m[SettingsContext] Setting up Settings subscription for user: mock-user-sub
[90mstdout[2m | src/components/MeaningAssociationExercise/MeaningAssociation.stories.jsx[2m > [22m[2mEasy Exercise Completed
[22m[39mEasy.nodeKey easy-2 type: string
[90mstdout[2m | src/components/MeaningAssociationExercise/MeaningAssociation.stories.jsx[2m > [22m[2mEasy Exercise Completed
[22m[39mEasy.grade: {
  "data": "{"easy-2":{"complete":true,"tabIndex":0,"easy":{"verifiedAnswers":["1","2","3","4"],"attemptedAnswers":{"1":["1"],"2":["2"],"3":["3"],"4":["4"]},"attemptsCount":4,"accuracy":1,"percentComplete":1,"complete":true},"hard":{"verifiedAnswers":["1","2","3","4"],"attemptedAnswers":{"1":["1"],"2":["2"],"3":["3"],"4":["4"]},"attemptsCount":4,"accuracy":1,"percentComplete":1,"complete":true},"learn":{"verifiedAnswers":["1","2","3","4"],"attemptedAnswers":{"1":["1"],"2":["2"],"3":["3"],"4":["4"]},"attemptsCount":4,"accuracy":1,"percentComplete":1,"complete":true,"droppedPairs":{"1":"1","2":"2","3":"3","4":"4"}}}}",
}
[90mstdout[2m | src/components/MeaningAssociationExercise/MeaningAssociation.stories.jsx[2m > [22m[2mEasy Exercise Completed
[22m[39mEasy.grade.data: {"easy-2":{"complete":true,"tabIndex":0,"easy":{"verifiedAnswers":["1","2","3","4"],"attemptedAnswers":{"1":["1"],"2":["2"],"3":["3"],"4":["4"]},"attemptsCount":4,"accuracy":1,"percentComplete":1,"complete":true},"hard":{"verifiedAnswers":["1","2","3","4"],"attemptedAnswers":{"1":["1"],"2":["2"],"3":["3"],"4":["4"]},"attemptsCount":4,"accuracy":1,"percentComplete":1,"complete":true},"learn":{"verifiedAnswers":["1","2","3","4"],"attemptedAnswers":{"1":["1"],"2":["2"],"3":["3"],"4":["4"]},"attemptsCount":4,"accuracy":1,"percentComplete":1,"complete":true,"droppedPairs":{"1":"1","2":"2","3":"3","4":"4"}}}}
[90mstdout[2m | src/components/MeaningAssociationExercise/MeaningAssociation.stories.jsx[2m > [22m[2mEasy Exercise Completed
[22m[39mEasy.grade.data === grade? false
[90mstdout[2m | src/components/MeaningAssociationExercise/MeaningAssociation.stories.jsx[2m > [22m[2mEasy Exercise Completed
[22m[39mEasy.grade.data keys: [
  "0",
  "1",
  "2",
  "3",
  "4",
  "5",
  "6",
  "7",
  "8",
  "9",
  "10",
  "11",
  "12",
  "13",
  "14",
  "15",
  "16",
  "17",
  "18",
  "19",
  "20",
  "21",
  "22",
  "23",
  "24",
  "25",
  "26",
  "27",
  "28",
  "29",
  "30",
  "31",
  "32",
  "33",
  "34",
  "35",
  "36",
  "37",
  "38",
  "39",
  "40",
  "41",
  "42",
  "43",
  "44",
  "45",
  "46",
  "47",
  "48",
  "49",
  "50",
  "51",
  "52",
  "53",
  "54",
  "55",
  "56",
  "57",
  "58",
  "59",
  "60",
  "61",
  "62",
  "63",
  "64",
  "65",
  "66",
  "67",
  "68",
  "69",
  "70",
  "71",
  "72",
  "73",
  "74",
  "75",
  "76",
  "77",
  "78",
  "79",
  "80",
  "81",
  "82",
  "83",
  "84",
  "85",
  "86",
  "87",
  "88",
  "89",
  "90",
  "91",
  "92",
  "93",
  "94",
  "95",
  "96",
  "97",
  "98",
  "99",
  "100",
  "101",
  "102",
  "103",
  "104",
  "105",
  "106",
  "107",
  "108",
  "109",
  "110",
  "111",
  "112",
  "113",
  "114",
  "115",
  "116",
  "117",
  "118",
  "119",
  "120",
  "121",
  "122",
  "123",
  "124",
  "125",
  "126",
  "127",
  "128",
  "129",
  "130",
  "131",
  "132",
  "133",
  "134",
  "135",
  "136",
  "137",
  "138",
  "139",
  "140",
  "141",
  "142",
  "143",
  "144",
  "145",
  "146",
  "147",
  "148",
  "149",
  "150",
  "151",
  "152",
  "153",
  "154",
  "155",
  "156",
  "157",
  "158",
  "159",
  "160",
  "161",
  "162",
  "163",
  "164",
  "165",
  "166",
  "167",
  "168",
  "169",
  "170",
  "171",
  "172",
  "173",
  "174",
  "175",
  "176",
  "177",
  "178",
  "179",
  "180",
  "181",
  "182",
  "183",
  "184",
  "185",
  "186",
  "187",
  "188",
  "189",
  "190",
  "191",
  "192",
  "193",
  "194",
  "195",
  "196",
  "197",
  "198",
  "199",
  "200",
  "201",
  "202",
  "203",
  "204",
  "205",
  "206",
  "207",
  "208",
  "209",
  "210",
  "211",
  "212",
  "213",
  "214",
  "215",
  "216",
  "217",
  "218",
  "219",
  "220",
  "221",
  "222",
  "223",
  "224",
  "225",
  "226",
  "227",
  "228",
  "229",
  "230",
  "231",
  "232",
  "233",
  "234",
  "235",
  "236",
  "237",
  "238",
  "239",
  "240",
  "241",
  "242",
  "243",
  "244",
  "245",
  "246",
  "247",
  "248",
  "249",
  "250",
  "251",
  "252",
  "253",
  "254",
  "255",
  "256",
  "257",
  "258",
  "259",
  "260",
  "261",
  "262",
  "263",
  "264",
  "265",
  "266",
  "267",
  "268",
  "269",
  "270",
  "271",
  "272",
  "273",
  "274",
  "275",
  "276",
  "277",
  "278",
  "279",
  "280",
  "281",
  "282",
  "283",
  "284",
  "285",
  "286",
  "287",
  "288",
  "289",
  "290",
  "291",
  "292",
  "293",
  "294",
  "295",
  "296",
  "297",
  "298",
  "299",
  "300",
  "301",
  "302",
  "303",
  "304",
  "305",
  "306",
  "307",
  "308",
  "309",
  "310",
  "311",
  "312",
  "313",
  "314",
  "315",
  "316",
  "317",
  "318",
  "319",
  "320",
  "321",
  "322",
  "323",
  "324",
  "325",
  "326",
  "327",
  "328",
  "329",
  "330",
  "331",
  "332",
  "333",
  "334",
  "335",
  "336",
  "337",
  "338",
  "339",
  "340",
  "341",
  "342",
  "343",
  "344",
  "345",
  "346",
  "347",
  "348",
  "349",
  "350",
  "351",
  "352",
  "353",
  "354",
  "355",
  "356",
  "357",
  "358",
  "359",
  "360",
  "361",
  "362",
  "363",
  "364",
  "365",
  "366",
  "367",
  "368",
  "369",
  "370",
  "371",
  "372",
  "373",
  "374",
  "375",
  "376",
  "377",
  "378",
  "379",
  "380",
  "381",
  "382",
  "383",
  "384",
  "385",
  "386",
  "387",
  "388",
  "389",
  "390",
  "391",
  "392",
  "393",
  "394",
  "395",
  "396",
  "397",
  "398",
  "399",
  "400",
  "401",
  "402",
  "403",
  "404",
  "405",
  "406",
  "407",
  "408",
  "409",
  "410",
  "411",
  "412",
  "413",
  "414",
  "415",
  "416",
  "417",
  "418",
  "419",
  "420",
  "421",
  "422",
  "423",
  "424",
  "425",
  "426",
  "427",
  "428",
  "429",
  "430",
  "431",
  "432",
  "433",
  "434",
  "435",
  "436",
  "437",
  "438",
  "439",
  "440",
  "441",
  "442",
  "443",
  "444",
  "445",
  "446",
  "447",
  "448",
  "449",
  "450",
  "451",
  "452",
  "453",
  "454",
  "455",
  "456",
  "457",
  "458",
  "459",
  "460",
  "461",
  "462",
  "463",
  "464",
  "465",
  "466",
  "467",
  "468",
  "469",
  "470",
  "471",
  "472",
  "473",
  "474",
  "475",
  "476",
  "477",
  "478",
  "479",
  "480",
  "481",
  "482",
  "483",
  "484",
  "485",
  "486",
  "487",
  "488",
  "489",
  "490",
  "491",
  "492",
  "493",
  "494",
  "495",
  "496",
  "497",
  "498",
  "499",
  "500",
  "501",
  "502",
  "503",
  "504",
  "505",
  "506",
  "507",
  "508",
  "509",
  "510",
  "511",
  "512",
  "513",
  "514",
  "515",
  "516",
  "517",
  "518",
  "519",
  "520",
  "521",
  "522",
  "523",
  "524",
  "525",
  "526",
  "527",
  "528",
  "529",
  "530",
  "531",
  "532",
  "533",
  "534",
  "535",
  "536",
  "537",
  "538",
  "539",
  "540",
  "541",
  "542",
  "543",
  "544",
  "545",
  "546",
  "547",
  "548",
  "549",
  "550",
  "551",
  "552",
  "553",
  "554",
  "555",
  "556",
  "557",
  "558",
  "559",
  "560",
  "561",
  "562",
  "563",
  "564",
  "565",
  "566",
  "567",
  "568",
  "569",
  "570",
  "571",
  "572",
  "573",
  "574",
  "575",
  "576",
  "577",
  "578",
  "579",
  "580",
  "581",
  "582",
  "583",
  "584",
  "585",
  "586",
  "587",
  "588",
  "589",
  "590",
  "591",
  "592",
  "593",
  "594",
  "595",
  "596",
  "597",
  "598",
  "599",
  "600",
  "601",
  "602",
  "603",
  "604",
  "605",
  "606",
  "607",
  "608",
  "609",
]
[90mstdout[2m | src/components/MeaningAssociationExercise/MeaningAssociation.stories.jsx[2m > [22m[2mEasy Exercise Completed
[22m[39mEasy.grade.data[nodeKey]: undefined
[90mstdout[2m | src/components/MeaningAssociationExercise/MeaningAssociation.stories.jsx[2m > [22m[2mEasy Exercise Completed
[22m[39mEasy.inProgress {
  "complete": true,
  "easy": {
    "accuracy": 1,
    "attemptedAnswers": {
      "1": [
        "1",
      ],
      "2": [
        "2",
      ],
      "3": [
        "3",
      ],
      "4": [
        "4",
      ],
    },
    "attemptsCount": 4,
    "complete": true,
    "percentComplete": 1,
    "verifiedAnswers": [
      "1",
      "2",
      "3",
      "4",
    ],
  },
  "hard": {
    "accuracy": 1,
    "attemptedAnswers": {
      "1": [
        "1",
      ],
      "2": [
        "2",
      ],
      "3": [
        "3",
      ],
      "4": [
        "4",
      ],
    },
    "attemptsCount": 4,
    "complete": true,
    "percentComplete": 1,
    "verifiedAnswers": [
      "1",
      "2",
      "3",
      "4",
    ],
  },
  "learn": {
    "accuracy": 1,
    "attemptedAnswers": {
      "1": [
        "1",
      ],
      "2": [
        "2",
      ],
      "3": [
        "3",
      ],
      "4": [
        "4",
      ],
    },
    "attemptsCount": 4,
    "complete": true,
    "droppedPairs": {
      "1": "1",
      "2": "2",
      "3": "3",
      "4": "4",
    },
    "percentComplete": 1,
    "verifiedAnswers": [
      "1",
      "2",
      "3",
      "4",
    ],
  },
  "tabIndex": 0,
}
[90mstdout[2m | src/components/MeaningAssociationExercise/MeaningAssociation.stories.jsx[2m > [22m[2mEasy Exercise Completed
[22m[39m[Mock Data] Settings created: mock-settings-1790418827030 - notified 0 subscribers
[90mstdout[2m | src/components/MeaningAssociationExercise/MeaningAssociation.stories.jsx[2m > [22m[2mEasy Exercise Completed
[22m[39m[Mock Data] Unit.onUpdate() subscription added. Total: 1
[90mstdout[2m | src/components/MeaningAssociationExercise/MeaningAssociation.stories.jsx[2m > [22m[2mEasy Exercise Completed
[22m[39mEasy.nodeKey easy-2 type: string
[90mstdout[2m | src/components/MeaningAssociationExercise/MeaningAssociation.stories.jsx[2m > [22m[2mEasy Exercise Completed
[22m[39mEasy.grade: {
  "data": "{"easy-2":{"complete":true,"tabIndex":0,"easy":{"verifiedAnswers":["1","2","3","4"],"attemptedAnswers":{"1":["1"],"2":["2"],"3":["3"],"4":["4"]},"attemptsCount":4,"accuracy":1,"percentComplete":1,"complete":true},"hard":{"verifiedAnswers":["1","2","3","4"],"attemptedAnswers":{"1":["1"],"2":["2"],"3":["3"],"4":["4"]},"attemptsCount":4,"accuracy":1,"percentComplete":1,"complete":true},"learn":{"verifiedAnswers":["1","2","3","4"],"attemptedAnswers":{"1":["1"],"2":["2"],"3":["3"],"4":["4"]},"attemptsCount":4,"accuracy":1,"percentComplete":1,"complete":true,"droppedPairs":{"1":"1","2":"2","3":"3","4":"4"}}}}",
}
[90mstdout[2m | src/components/MeaningAssociationExercise/MeaningAssociation.stories.jsx[2m > [22m[2mEasy Exercise Completed
[22m[39mEasy.grade.data: {"easy-2":{"complete":true,"tabIndex":0,"easy":{"verifiedAnswers":["1","2","3","4"],"attemptedAnswers":{"1":["1"],"2":["2"],"3":["3"],"4":["4"]},"attemptsCount":4,"accuracy":1,"percentComplete":1,"complete":true},"hard":{"verifiedAnswers":["1","2","3","4"],"attemptedAnswers":{"1":["1"],"2":["2"],"3":["3"],"4":["4"]},"attemptsCount":4,"accuracy":1,"percentComplete":1,"complete":true},"learn":{"verifiedAnswers":["1","2","3","4"],"attemptedAnswers":{"1":["1"],"2":["2"],"3":["3"],"4":["4"]},"attemptsCount":4,"accuracy":1,"percentComplete":1,"complete":true,"droppedPairs":{"1":"1","2":"2","3":"3","4":"4"}}}}
[90mstdout[2m | src/components/MeaningAssociationExercise/MeaningAssociation.stories.jsx[2m > [22m[2mEasy Exercise Completed
[22m[39mEasy.grade.data === grade? false
[90mstdout[2m | src/components/MeaningAssociationExercise/MeaningAssociation.stories.jsx[2m > [22m[2mEasy Exercise Completed
[22m[39mEasy.grade.data keys: [
  "0",
  "1",
  "2",
  "3",
  "4",
  "5",
  "6",
  "7",
  "8",
  "9",
  "10",
  "11",
  "12",
  "13",
  "14",
  "15",
  "16",
  "17",
  "18",
  "19",
  "20",
  "21",
  "22",
  "23",
  "24",
  "25",
  "26",
  "27",
  "28",
  "29",
  "30",
  "31",
  "32",
  "33",
  "34",
  "35",
  "36",
  "37",
  "38",
  "39",
  "40",
  "41",
  "42",
  "43",
  "44",
  "45",
  "46",
  "47",
  "48",
  "49",
  "50",
  "51",
  "52",
  "53",
  "54",
  "55",
  "56",
  "57",
  "58",
  "59",
  "60",
  "61",
  "62",
  "63",
  "64",
  "65",
  "66",
  "67",
  "68",
  "69",
  "70",
  "71",
  "72",
  "73",
  "74",
  "75",
  "76",
  "77",
  "78",
  "79",
  "80",
  "81",
  "82",
  "83",
  "84",
  "85",
  "86",
  "87",
  "88",
  "89",
  "90",
  "91",
  "92",
  "93",
  "94",
  "95",
  "96",
  "97",
  "98",
  "99",
  "100",
  "101",
  "102",
  "103",
  "104",
  "105",
  "106",
  "107",
  "108",
  "109",
  "110",
  "111",
  "112",
  "113",
  "114",
  "115",
  "116",
  "117",
  "118",
  "119",
  "120",
  "121",
  "122",
  "123",
  "124",
  "125",
  "126",
  "127",
  "128",
  "129",
  "130",
  "131",
  "132",
  "133",
  "134",
  "135",
  "136",
  "137",
  "138",
  "139",
  "140",
  "141",
  "142",
  "143",
  "144",
  "145",
  "146",
  "147",
  "148",
  "149",
  "150",
  "151",
  "152",
  "153",
  "154",
  "155",
  "156",
  "157",
  "158",
  "159",
  "160",
  "161",
  "162",
  "163",
  "164",
  "165",
  "166",
  "167",
  "168",
  "169",
  "170",
  "171",
  "172",
  "173",
  "174",
  "175",
  "176",
  "177",
  "178",
  "179",
  "180",
  "181",
  "182",
  "183",
  "184",
  "185",
  "186",
  "187",
  "188",
  "189",
  "190",
  "191",
  "192",
  "193",
  "194",
  "195",
  "196",
  "197",
  "198",
  "199",
  "200",
  "201",
  "202",
  "203",
  "204",
  "205",
  "206",
  "207",
  "208",
  "209",
  "210",
  "211",
  "212",
  "213",
  "214",
  "215",
  "216",
  "217",
  "218",
  "219",
  "220",
  "221",
  "222",
  "223",
  "224",
  "225",
  "226",
  "227",
  "228",
  "229",
  "230",
  "231",
  "232",
  "233",
  "234",
  "235",
  "236",
  "237",
  "238",
  "239",
  "240",
  "241",
  "242",
  "243",
  "244",
  "245",
  "246",
  "247",
  "248",
  "249",
  "250",
  "251",
  "252",
  "253",
  "254",
  "255",
  "256",
  "257",
  "258",
  "259",
  "260",
  "261",
  "262",
  "263",
  "264",
  "265",
  "266",
  "267",
  "268",
  "269",
  "270",
  "271",
  "272",
  "273",
  "274",
  "275",
  "276",
  "277",
  "278",
  "279",
  "280",
  "281",
  "282",
  "283",
  "284",
  "285",
  "286",
  "287",
  "288",
  "289",
  "290",
  "291",
  "292",
  "293",
  "294",
  "295",
  "296",
  "297",
  "298",
  "299",
  "300",
  "301",
  "302",
  "303",
  "304",
  "305",
  "306",
  "307",
  "308",
  "309",
  "310",
  "311",
  "312",
  "313",
  "314",
  "315",
  "316",
  "317",
  "318",
  "319",
  "320",
  "321",
  "322",
  "323",
  "324",
  "325",
  "326",
  "327",
  "328",
  "329",
  "330",
  "331",
  "332",
  "333",
  "334",
  "335",
  "336",
  "337",
  "338",
  "339",
  "340",
  "341",
  "342",
  "343",
  "344",
  "345",
  "346",
  "347",
  "348",
  "349",
  "350",
  "351",
  "352",
  "353",
  "354",
  "355",
  "356",
  "357",
  "358",
  "359",
  "360",
  "361",
  "362",
  "363",
  "364",
  "365",
  "366",
  "367",
  "368",
  "369",
  "370",
  "371",
  "372",
  "373",
  "374",
  "375",
  "376",
  "377",
  "378",
  "379",
  "380",
  "381",
  "382",
  "383",
  "384",
  "385",
  "386",
  "387",
  "388",
  "389",
  "390",
  "391",
  "392",
  "393",
  "394",
  "395",
  "396",
  "397",
  "398",
  "399",
  "400",
  "401",
  "402",
  "403",
  "404",
  "405",
  "406",
  "407",
  "408",
  "409",
  "410",
  "411",
  "412",
  "413",
  "414",
  "415",
  "416",
  "417",
  "418",
  "419",
  "420",
  "421",
  "422",
  "423",
  "424",
  "425",
  "426",
  "427",
  "428",
  "429",
  "430",
  "431",
  "432",
  "433",
  "434",
  "435",
  "436",
  "437",
  "438",
  "439",
  "440",
  "441",
  "442",
  "443",
  "444",
  "445",
  "446",
  "447",
  "448",
  "449",
  "450",
  "451",
  "452",
  "453",
  "454",
  "455",
  "456",
  "457",
  "458",
  "459",
  "460",
  "461",
  "462",
  "463",
  "464",
  "465",
  "466",
  "467",
  "468",
  "469",
  "470",
  "471",
  "472",
  "473",
  "474",
  "475",
  "476",
  "477",
  "478",
  "479",
  "480",
  "481",
  "482",
  "483",
  "484",
  "485",
  "486",
  "487",
  "488",
  "489",
  "490",
  "491",
  "492",
  "493",
  "494",
  "495",
  "496",
  "497",
  "498",
  "499",
  "500",
  "501",
  "502",
  "503",
  "504",
  "505",
  "506",
  "507",
  "508",
  "509",
  "510",
  "511",
  "512",
  "513",
  "514",
  "515",
  "516",
  "517",
  "518",
  "519",
  "520",
  "521",
  "522",
  "523",
  "524",
  "525",
  "526",
  "527",
  "528",
  "529",
  "530",
  "531",
  "532",
  "533",
  "534",
  "535",
  "536",
  "537",
  "538",
  "539",
  "540",
  "541",
  "542",
  "543",
  "544",
  "545",
  "546",
  "547",
  "548",
  "549",
  "550",
  "551",
  "552",
  "553",
  "554",
  "555",
  "556",
  "557",
  "558",
  "559",
  "560",
  "561",
  "562",
  "563",
  "564",
  "565",
  "566",
  "567",
  "568",
  "569",
  "570",
  "571",
  "572",
  "573",
  "574",
  "575",
  "576",
  "577",
  "578",
  "579",
  "580",
  "581",
  "582",
  "583",
  "584",
  "585",
  "586",
  "587",
  "588",
  "589",
  "590",
  "591",
  "592",
  "593",
  "594",
  "595",
  "596",
  "597",
  "598",
  "599",
  "600",
  "601",
  "602",
  "603",
  "604",
  "605",
  "606",
  "607",
  "608",
  "609",
]
[90mstdout[2m | src/components/MeaningAssociationExercise/MeaningAssociation.stories.jsx[2m > [22m[2mEasy Exercise Completed
[22m[39mEasy.grade.data[nodeKey]: undefined
[90mstdout[2m | src/components/MeaningAssociationExercise/MeaningAssociation.stories.jsx[2m > [22m[2mEasy Exercise Completed
[22m[39mEasy.inProgress {
  "complete": true,
  "easy": {
    "accuracy": 1,
    "attemptedAnswers": {
      "1": [
        "1",
      ],
      "2": [
        "2",
      ],
      "3": [
        "3",
      ],
      "4": [
        "4",
      ],
    },
    "attemptsCount": 4,
    "complete": true,
    "percentComplete": 1,
    "verifiedAnswers": [
      "1",
      "2",
      "3",
      "4",
    ],
  },
  "hard": {
    "accuracy": 1,
    "attemptedAnswers": {
      "1": [
        "1",
      ],
      "2": [
        "2",
      ],
      "3": [
        "3",
      ],
      "4": [
        "4",
      ],
    },
    "attemptsCount": 4,
    "complete": true,
    "percentComplete": 1,
    "verifiedAnswers": [
      "1",
      "2",
      "3",
      "4",
    ],
  },
  "learn": {
    "accuracy": 1,
    "attemptedAnswers": {
      "1": [
        "1",
      ],
      "2": [
        "2",
      ],
      "3": [
        "3",
      ],
      "4": [
        "4",
      ],
    },
    "attemptsCount": 4,
    "complete": true,
    "droppedPairs": {
      "1": "1",
      "2": "2",
      "3": "3",
      "4": "4",
    },
    "percentComplete": 1,
    "verifiedAnswers": [
      "1",
      "2",
      "3",
      "4",
    ],
  },
  "tabIndex": 0,
}
[90mstdout[2m | src/components/MeaningAssociationExercise/MeaningAssociation.stories.jsx[2m > [22m[2mEasy Exercise Completed
[22m[39m[SectionContext] Section observeQuery update: 0
[90mstdout[2m | src/components/MeaningAssociationExercise/MeaningAssociation.stories.jsx[2m > [22m[2mEasy Exercise Completed
[22m[39m[FilesContext] File observeQuery update: 6 files
[90mstdout[2m | src/components/MeaningAssociationExercise/MeaningAssociation.stories.jsx[2m > [22m[2mEasy Exercise Completed
[22m[39m[ChatContext] AssistantChat initialized with 1 chats
[90mstdout[2m | src/components/MeaningAssociationExercise/MeaningAssociation.stories.jsx[2m > [22m[2mEasy Exercise Completed
[22m[39m[ChatContext] Setting initial chat: mock-assistant-chat-1
[90mstdout[2m | src/components/MeaningAssociationExercise/MeaningAssociation.stories.jsx[2m > [22m[2mEasy Exercise Completed
[22m[39m[MOCK CourseVectorStore] Initialized with mock data
[90mstdout[2m | src/components/MeaningAssociationExercise/MeaningAssociation.stories.jsx[2m > [22m[2mEasy Exercise Completed
[22m[39mEasy.nodeKey easy-2 type: string
[90mstdout[2m | src/components/MeaningAssociationExercise/MeaningAssociation.stories.jsx[2m > [22m[2mEasy Exercise Completed
[22m[39mEasy.grade: {
  "data": "{"easy-2":{"complete":true,"tabIndex":0,"easy":{"verifiedAnswers":["1","2","3","4"],"attemptedAnswers":{"1":["1"],"2":["2"],"3":["3"],"4":["4"]},"attemptsCount":4,"accuracy":1,"percentComplete":1,"complete":true},"hard":{"verifiedAnswers":["1","2","3","4"],"attemptedAnswers":{"1":["1"],"2":["2"],"3":["3"],"4":["4"]},"attemptsCount":4,"accuracy":1,"percentComplete":1,"complete":true},"learn":{"verifiedAnswers":["1","2","3","4"],"attemptedAnswers":{"1":["1"],"2":["2"],"3":["3"],"4":["4"]},"attemptsCount":4,"accuracy":1,"percentComplete":1,"complete":true,"droppedPairs":{"1":"1","2":"2","3":"3","4":"4"}}}}",
}
[90mstdout[2m | src/components/MeaningAssociationExercise/MeaningAssociation.stories.jsx[2m > [22m[2mEasy Exercise Completed
[22m[39mEasy.grade.data: {"easy-2":{"complete":true,"tabIndex":0,"easy":{"verifiedAnswers":["1","2","3","4"],"attemptedAnswers":{"1":["1"],"2":["2"],"3":["3"],"4":["4"]},"attemptsCount":4,"accuracy":1,"percentComplete":1,"complete":true},"hard":{"verifiedAnswers":["1","2","3","4"],"attemptedAnswers":{"1":["1"],"2":["2"],"3":["3"],"4":["4"]},"attemptsCount":4,"accuracy":1,"percentComplete":1,"complete":true},"learn":{"verifiedAnswers":["1","2","3","4"],"attemptedAnswers":{"1":["1"],"2":["2"],"3":["3"],"4":["4"]},"attemptsCount":4,"accuracy":1,"percentComplete":1,"complete":true,"droppedPairs":{"1":"1","2":"2","3":"3","4":"4"}}}}
[90mstdout[2m | src/components/MeaningAssociationExercise/MeaningAssociation.stories.jsx[2m > [22m[2mEasy Exercise Completed
[22m[39mEasy.grade.data === grade? false
[90mstdout[2m | src/components/MeaningAssociationExercise/MeaningAssociation.stories.jsx[2m > [22m[2mEasy Exercise Completed
[22m[39mEasy.grade.data keys: [
  "0",
  "1",
  "2",
  "3",
  "4",
  "5",
  "6",
  "7",
  "8",
  "9",
  "10",
  "11",
  "12",
  "13",
  "14",
  "15",
  "16",
  "17",
  "18",
  "19",
  "20",
  "21",
  "22",
  "23",
  "24",
  "25",
  "26",
  "27",
  "28",
  "29",
  "30",
  "31",
  "32",
  "33",
  "34",
  "35",
  "36",
  "37",
  "38",
  "39",
  "40",
  "41",
  "42",
  "43",
  "44",
  "45",
  "46",
  "47",
  "48",
  "49",
  "50",
  "51",
  "52",
  "53",
  "54",
  "55",
  "56",
  "57",
  "58",
  "59",
  "60",
  "61",
  "62",
  "63",
  "64",
  "65",
  "66",
  "67",
  "68",
  "69",
  "70",
  "71",
  "72",
  "73",
  "74",
  "75",
  "76",
  "77",
  "78",
  "79",
  "80",
  "81",
  "82",
  "83",
  "84",
  "85",
  "86",
  "87",
  "88",
  "89",
  "90",
  "91",
  "92",
  "93",
  "94",
  "95",
  "96",
  "97",
  "98",
  "99",
  "100",
  "101",
  "102",
  "103",
  "104",
  "105",
  "106",
  "107",
  "108",
  "109",
  "110",
  "111",
  "112",
  "113",
  "114",
  "115",
  "116",
  "117",
  "118",
  "119",
  "120",
  "121",
  "122",
  "123",
  "124",
  "125",
  "126",
  "127",
  "128",
  "129",
  "130",
  "131",
  "132",
  "133",
  "134",
  "135",
  "136",
  "137",
  "138",
  "139",
  "140",
  "141",
  "142",
  "143",
  "144",
  "145",
  "146",
  "147",
  "148",
  "149",
  "150",
  "151",
  "152",
  "153",
  "154",
  "155",
  "156",
  "157",
  "158",
  "159",
  "160",
  "161",
  "162",
  "163",
  "164",
  "165",
  "166",
  "167",
  "168",
  "169",
  "170",
  "171",
  "172",
  "173",
  "174",
  "175",
  "176",
  "177",
  "178",
  "179",
  "180",
  "181",
  "182",
  "183",
  "184",
  "185",
  "186",
  "187",
  "188",
  "189",
  "190",
  "191",
  "192",
  "193",
  "194",
  "195",
  "196",
  "197",
  "198",
  "199",
  "200",
  "201",
  "202",
  "203",
  "204",
  "205",
  "206",
  "207",
  "208",
  "209",
  "210",
  "211",
  "212",
  "213",
  "214",
  "215",
  "216",
  "217",
  "218",
  "219",
  "220",
  "221",
  "222",
  "223",
  "224",
  "225",
  "226",
  "227",
  "228",
  "229",
  "230",
  "231",
  "232",
  "233",
  "234",
  "235",
  "236",
  "237",
  "238",
  "239",
  "240",
  "241",
  "242",
  "243",
  "244",
  "245",
  "246",
  "247",
  "248",
  "249",
  "250",
  "251",
  "252",
  "253",
  "254",
  "255",
  "256",
  "257",
  "258",
  "259",
  "260",
  "261",
  "262",
  "263",
  "264",
  "265",
  "266",
  "267",
  "268",
  "269",
  "270",
  "271",
  "272",
  "273",
  "274",
  "275",
  "276",
  "277",
  "278",
  "279",
  "280",
  "281",
  "282",
  "283",
  "284",
  "285",
  "286",
  "287",
  "288",
  "289",
  "290",
  "291",
  "292",
  "293",
  "294",
  "295",
  "296",
  "297",
  "298",
  "299",
  "300",
  "301",
  "302",
  "303",
  "304",
  "305",
  "306",
  "307",
  "308",
  "309",
  "310",
  "311",
  "312",
  "313",
  "314",
  "315",
  "316",
  "317",
  "318",
  "319",
  "320",
  "321",
  "322",
  "323",
  "324",
  "325",
  "326",
  "327",
  "328",
  "329",
  "330",
  "331",
  "332",
  "333",
  "334",
  "335",
  "336",
  "337",
  "338",
  "339",
  "340",
  "341",
  "342",
  "343",
  "344",
  "345",
  "346",
  "347",
  "348",
  "349",
  "350",
  "351",
  "352",
  "353",
  "354",
  "355",
  "356",
  "357",
  "358",
  "359",
  "360",
  "361",
  "362",
  "363",
  "364",
  "365",
  "366",
  "367",
  "368",
  "369",
  "370",
  "371",
  "372",
  "373",
  "374",
  "375",
  "376",
  "377",
  "378",
  "379",
  "380",
  "381",
  "382",
  "383",
  "384",
  "385",
  "386",
  "387",
  "388",
  "389",
  "390",
  "391",
  "392",
  "393",
  "394",
  "395",
  "396",
  "397",
  "398",
  "399",
  "400",
  "401",
  "402",
  "403",
  "404",
  "405",
  "406",
  "407",
  "408",
  "409",
  "410",
  "411",
  "412",
  "413",
  "414",
  "415",
  "416",
  "417",
  "418",
  "419",
  "420",
  "421",
  "422",
  "423",
  "424",
  "425",
  "426",
  "427",
  "428",
  "429",
  "430",
  "431",
  "432",
  "433",
  "434",
  "435",
  "436",
  "437",
  "438",
  "439",
  "440",
  "441",
  "442",
  "443",
  "444",
  "445",
  "446",
  "447",
  "448",
  "449",
  "450",
  "451",
  "452",
  "453",
  "454",
  "455",
  "456",
  "457",
  "458",
  "459",
  "460",
  "461",
  "462",
  "463",
  "464",
  "465",
  "466",
  "467",
  "468",
  "469",
  "470",
  "471",
  "472",
  "473",
  "474",
  "475",
  "476",
  "477",
  "478",
  "479",
  "480",
  "481",
  "482",
  "483",
  "484",
  "485",
  "486",
  "487",
  "488",
  "489",
  "490",
  "491",
  "492",
  "493",
  "494",
  "495",
  "496",
  "497",
  "498",
  "499",
  "500",
  "501",
  "502",
  "503",
  "504",
  "505",
  "506",
  "507",
  "508",
  "509",
  "510",
  "511",
  "512",
  "513",
  "514",
  "515",
  "516",
  "517",
  "518",
  "519",
  "520",
  "521",
  "522",
  "523",
  "524",
  "525",
  "526",
  "527",
  "528",
  "529",
  "530",
  "531",
  "532",
  "533",
  "534",
  "535",
  "536",
  "537",
  "538",
  "539",
  "540",
  "541",
  "542",
  "543",
  "544",
  "545",
  "546",
  "547",
  "548",
  "549",
  "550",
  "551",
  "552",
  "553",
  "554",
  "555",
  "556",
  "557",
  "558",
  "559",
  "560",
  "561",
  "562",
  "563",
  "564",
  "565",
  "566",
  "567",
  "568",
  "569",
  "570",
  "571",
  "572",
  "573",
  "574",
  "575",
  "576",
  "577",
  "578",
  "579",
  "580",
  "581",
  "582",
  "583",
  "584",
  "585",
  "586",
  "587",
  "588",
  "589",
  "590",
  "591",
  "592",
  "593",
  "594",
  "595",
  "596",
  "597",
  "598",
  "599",
  "600",
  "601",
  "602",
  "603",
  "604",
  "605",
  "606",
  "607",
  "608",
  "609",
]
[90mstdout[2m | src/components/MeaningAssociationExercise/MeaningAssociation.stories.jsx[2m > [22m[2mEasy Exercise Completed
[22m[39mEasy.grade.data[nodeKey]: undefined
[90mstdout[2m | src/components/MeaningAssociationExercise/MeaningAssociation.stories.jsx[2m > [22m[2mEasy Exercise Completed
[22m[39mEasy.inProgress {
  "complete": true,
  "easy": {
    "accuracy": 1,
    "attemptedAnswers": {
      "1": [
        "1",
      ],
      "2": [
        "2",
      ],
      "3": [
        "3",
      ],
      "4": [
        "4",
      ],
    },
    "attemptsCount": 4,
    "complete": true,
    "percentComplete": 1,
    "verifiedAnswers": [
      "1",
      "2",
      "3",
      "4",
    ],
  },
  "hard": {
    "accuracy": 1,
    "attemptedAnswers": {
      "1": [
        "1",
      ],
      "2": [
        "2",
      ],
      "3": [
        "3",
      ],
      "4": [
        "4",
      ],
    },
    "attemptsCount": 4,
    "complete": true,
    "percentComplete": 1,
    "verifiedAnswers": [
      "1",
      "2",
      "3",
      "4",
    ],
  },
  "learn": {
    "accuracy": 1,
    "attemptedAnswers": {
      "1": [
        "1",
      ],
      "2": [
        "2",
      ],
      "3": [
        "3",
      ],
      "4": [
        "4",
      ],
    },
    "attemptsCount": 4,
    "complete": true,
    "droppedPairs": {
      "1": "1",
      "2": "2",
      "3": "3",
      "4": "4",
    },
    "percentComplete": 1,
    "verifiedAnswers": [
      "1",
      "2",
      "3",
      "4",
    ],
  },
  "tabIndex": 0,
}
[90mstdout[2m | src/components/MeaningAssociationExercise/MeaningAssociation.stories.jsx[2m > [22m[2mEasy Exercise Completed
[22m[39m[FilesContext] Vector store population triggered {
  "currentVectorStoreSize": 3,
  "documentsCount": 0,
  "filesCount": 6,
  "isInitialLoad": true,
}
[90mstdout[2m | src/components/MeaningAssociationExercise/MeaningAssociation.stories.jsx[2m > [22m[2mEasy Exercise Completed
[22m[39m[FilesContext] Vector store population complete - 3 total embeddings
[90mstdout[2m | src/components/MeaningAssociationExercise/MeaningAssociation.stories.jsx[2m > [22m[2mEasy Exercise Completed
[22m[39m[ChatContext] Chat exists and not archived, skipping creation
[90mstdout[2m | src/components/MeaningAssociationExercise/MeaningAssociation.stories.jsx[2m > [22m[2mEasy Exercise Completed
[22m[39m[Mock Storage] downloadData called with: undefined
[90mstdout[2m | src/components/MeaningAssociationExercise/MeaningAssociation.stories.jsx[2m > [22m[2mHard Exercise
[22m[39m[ChatContext] Cleaning up subscriptions
[90mstdout[2m | src/components/MeaningAssociationExercise/MeaningAssociation.stories.jsx[2m > [22m[2mHard Exercise
[22m[39m[Mock Data] Unit.onUpdate() subscription removed. Remaining: 0
[90mstdout[2m | src/components/MeaningAssociationExercise/MeaningAssociation.stories.jsx[2m > [22m[2mHard Exercise
[22m[39m[MOCK CourseVectorStore] Initialized with mock data
[90mstdout[2m | src/components/MeaningAssociationExercise/MeaningAssociation.stories.jsx[2m > [22m[2mHard Exercise
[22m[39mHard.attemptedAnswers {}
[90mstdout[2m | src/components/MeaningAssociationExercise/MeaningAssociation.stories.jsx[2m > [22m[2mHard Exercise
[22m[39mHard._vocabulary [
  {
    "definition": "A greeting",
    "id": "1",
    "phrase": "Hello",
  },
  {
    "definition": "A farewell",
    "id": "2",
    "phrase": "Goodbye",
  },
  {
    "definition": "Expression of gratitude",
    "id": "3",
    "phrase": "Thank you",
  },
  {
    "definition": "Polite request",
    "id": "4",
    "phrase": "Please",
  },
]
[90mstdout[2m | src/components/MeaningAssociationExercise/MeaningAssociation.stories.jsx[2m > [22m[2mHard Exercise
[22m[39m[TranslationModeController] Setting mode to: off
[90mstdout[2m | src/components/MeaningAssociationExercise/MeaningAssociation.stories.jsx[2m > [22m[2mHard Exercise
[22m[39m[UnitContext] useEffect triggered {
  "authLoading": false,
  "hasUser": true,
  "id": "mock-unit-id",
  "userSub": "mock-user-sub",
}
[90mstdout[2m | src/components/MeaningAssociationExercise/MeaningAssociation.stories.jsx[2m > [22m[2mHard Exercise
[22m[39m[UnitContext] Fetching unit data for id: mock-unit-id
[90mstdout[2m | src/components/MeaningAssociationExercise/MeaningAssociation.stories.jsx[2m > [22m[2mHard Exercise
[22m[39m[FilesContext] Initializing vector store from IndexedDB
[90mstdout[2m | src/components/MeaningAssociationExercise/MeaningAssociation.stories.jsx[2m > [22m[2mHard Exercise
[22m[39m[FilesContext] fetchFiles called
[90mstdout[2m | src/components/MeaningAssociationExercise/MeaningAssociation.stories.jsx[2m > [22m[2mHard Exercise
[22m[39m[FilesContext] User authenticated: mock-user-sub
[90mstdout[2m | src/components/MeaningAssociationExercise/MeaningAssociation.stories.jsx[2m > [22m[2mHard Exercise
[22m[39m[FilesContext] Identity ID: us-east-1:mock-identity-123
[90mstdout[2m | src/components/MeaningAssociationExercise/MeaningAssociation.stories.jsx[2m > [22m[2mHard Exercise
[22m[39m[FilesContext] About to set up File observeQuery
[90mstdout[2m | src/components/MeaningAssociationExercise/MeaningAssociation.stories.jsx[2m > [22m[2mHard Exercise
[22m[39m[ChatContext] Setting up AssistantChat observeQuery
[90mstdout[2m | src/components/MeaningAssociationExercise/MeaningAssociation.stories.jsx[2m > [22m[2mHard Exercise
[22m[39m[ChatContext] Waiting for subscription to initialize
[90mstdout[2m | src/components/MeaningAssociationExercise/MeaningAssociation.stories.jsx[2m > [22m[2mHard Exercise
[22m[39m[SettingsContext] Setting up Settings subscription for user: mock-user-sub
[90mstdout[2m | src/components/MeaningAssociationExercise/MeaningAssociation.stories.jsx[2m > [22m[2mHard Exercise
[22m[39mHard.attemptedAnswers {}
[90mstdout[2m | src/components/MeaningAssociationExercise/MeaningAssociation.stories.jsx[2m > [22m[2mHard Exercise
[22m[39m[Mock Data] Settings created: mock-settings-1790418827163 - notified 0 subscribers
[90mstdout[2m | src/components/MeaningAssociationExercise/MeaningAssociation.stories.jsx[2m > [22m[2mHard Exercise
[22m[39m[Mock Data] Unit.onUpdate() subscription added. Total: 1
[90mstdout[2m | src/components/MeaningAssociationExercise/MeaningAssociation.stories.jsx[2m > [22m[2mHard Exercise
[22m[39mHard.attemptedAnswers {}
[90mstdout[2m | src/components/MeaningAssociationExercise/MeaningAssociation.stories.jsx[2m > [22m[2mHard Exercise
[22m[39m[SectionContext] Section observeQuery update: 0
[90mstdout[2m | src/components/MeaningAssociationExercise/MeaningAssociation.stories.jsx[2m > [22m[2mHard Exercise
[22m[39m[FilesContext] File observeQuery update: 6 files
[90mstdout[2m | src/components/MeaningAssociationExercise/MeaningAssociation.stories.jsx[2m > [22m[2mHard Exercise
[22m[39m[ChatContext] AssistantChat initialized with 1 chats
[90mstdout[2m | src/components/MeaningAssociationExercise/MeaningAssociation.stories.jsx[2m > [22m[2mHard Exercise
[22m[39m[ChatContext] Setting initial chat: mock-assistant-chat-1
[90mstdout[2m | src/components/MeaningAssociationExercise/MeaningAssociation.stories.jsx[2m > [22m[2mHard Exercise
[22m[39m[MOCK CourseVectorStore] Initialized with mock data
[90mstdout[2m | src/components/MeaningAssociationExercise/MeaningAssociation.stories.jsx[2m > [22m[2mHard Exercise
[22m[39mHard.attemptedAnswers {}
[90mstdout[2m | src/components/MeaningAssociationExercise/MeaningAssociation.stories.jsx[2m > [22m[2mHard Exercise
[22m[39m[FilesContext] Vector store population triggered {
  "currentVectorStoreSize": 3,
  "documentsCount": 0,
  "filesCount": 6,
  "isInitialLoad": true,
}
[90mstdout[2m | src/components/MeaningAssociationExercise/MeaningAssociation.stories.jsx[2m > [22m[2mHard Exercise
[22m[39m[FilesContext] Vector store population complete - 3 total embeddings
[90mstdout[2m | src/components/MeaningAssociationExercise/MeaningAssociation.stories.jsx[2m > [22m[2mHard Exercise
[22m[39m[ChatContext] Chat exists and not archived, skipping creation
[90mstdout[2m | src/components/MeaningAssociationExercise/MeaningAssociation.stories.jsx[2m > [22m[2mHard Exercise
[22m[39m[Mock Storage] downloadData called with: undefined
[90mstdout[2m | src/components/MeaningAssociationExercise/MeaningAssociation.stories.jsx[2m > [22m[2mHard Exercise Completed
[22m[39m[ChatContext] Cleaning up subscriptions
[90mstdout[2m | src/components/MeaningAssociationExercise/MeaningAssociation.stories.jsx[2m > [22m[2mHard Exercise Completed
[22m[39m[Mock Data] Unit.onUpdate() subscription removed. Remaining: 0
[90mstdout[2m | src/components/MeaningAssociationExercise/MeaningAssociation.stories.jsx[2m > [22m[2mHard Exercise Completed
[22m[39m[MOCK CourseVectorStore] Initialized with mock data
[90mstdout[2m | src/components/MeaningAssociationExercise/MeaningAssociation.stories.jsx[2m > [22m[2mHard Exercise Completed
[22m[39mHard.attemptedAnswers {}
[90mstdout[2m | src/components/MeaningAssociationExercise/MeaningAssociation.stories.jsx[2m > [22m[2mHard Exercise Completed
[22m[39mHard._vocabulary [
  {
    "definition": "A greeting",
    "id": "1",
    "phrase": "Hello",
  },
  {
    "definition": "A farewell",
    "id": "2",
    "phrase": "Goodbye",
  },
  {
    "definition": "Expression of gratitude",
    "id": "3",
    "phrase": "Thank you",
  },
  {
    "definition": "Polite request",
    "id": "4",
    "phrase": "Please",
  },
]
[90mstdout[2m | src/components/MeaningAssociationExercise/MeaningAssociation.stories.jsx[2m > [22m[2mHard Exercise Completed
[22m[39m[TranslationModeController] Setting mode to: off
[90mstdout[2m | src/components/MeaningAssociationExercise/MeaningAssociation.stories.jsx[2m > [22m[2mHard Exercise Completed
[22m[39m[UnitContext] useEffect triggered {
  "authLoading": false,
  "hasUser": true,
  "id": "mock-unit-id",
  "userSub": "mock-user-sub",
}
[90mstdout[2m | src/components/MeaningAssociationExercise/MeaningAssociation.stories.jsx[2m > [22m[2mHard Exercise Completed
[22m[39m[UnitContext] Fetching unit data for id: mock-unit-id
[90mstdout[2m | src/components/MeaningAssociationExercise/MeaningAssociation.stories.jsx[2m > [22m[2mHard Exercise Completed
[22m[39m[FilesContext] Initializing vector store from IndexedDB
[90mstdout[2m | src/components/MeaningAssociationExercise/MeaningAssociation.stories.jsx[2m > [22m[2mHard Exercise Completed
[22m[39m[FilesContext] fetchFiles called
[90mstdout[2m | src/components/MeaningAssociationExercise/MeaningAssociation.stories.jsx[2m > [22m[2mHard Exercise Completed
[22m[39m[FilesContext] User authenticated: mock-user-sub
[90mstdout[2m | src/components/MeaningAssociationExercise/MeaningAssociation.stories.jsx[2m > [22m[2mHard Exercise Completed
[22m[39m[FilesContext] Identity ID: us-east-1:mock-identity-123
[90mstdout[2m | src/components/MeaningAssociationExercise/MeaningAssociation.stories.jsx[2m > [22m[2mHard Exercise Completed
[22m[39m[FilesContext] About to set up File observeQuery
[90mstdout[2m | src/components/MeaningAssociationExercise/MeaningAssociation.stories.jsx[2m > [22m[2mHard Exercise Completed
[22m[39m[ChatContext] Setting up AssistantChat observeQuery
[90mstdout[2m | src/components/MeaningAssociationExercise/MeaningAssociation.stories.jsx[2m > [22m[2mHard Exercise Completed
[22m[39m[ChatContext] Waiting for subscription to initialize
[90mstdout[2m | src/components/MeaningAssociationExercise/MeaningAssociation.stories.jsx[2m > [22m[2mHard Exercise Completed
[22m[39m[SettingsContext] Setting up Settings subscription for user: mock-user-sub
[90mstdout[2m | src/components/MeaningAssociationExercise/MeaningAssociation.stories.jsx[2m > [22m[2mHard Exercise Completed
[22m[39mHard.attemptedAnswers {
  "1": [
    "1",
  ],
  "2": [
    "2",
  ],
  "3": [
    "3",
  ],
  "4": [
    "4",
  ],
}
[90mstdout[2m | src/components/MeaningAssociationExercise/MeaningAssociation.stories.jsx[2m > [22m[2mHard Exercise Completed
[22m[39m[Mock Data] Settings created: mock-settings-1790418827290 - notified 0 subscribers
[90mstdout[2m | src/components/MeaningAssociationExercise/MeaningAssociation.stories.jsx[2m > [22m[2mHard Exercise Completed
[22m[39m[Mock Data] Unit.onUpdate() subscription added. Total: 1
[90mstdout[2m | src/components/MeaningAssociationExercise/MeaningAssociation.stories.jsx[2m > [22m[2mHard Exercise Completed
[22m[39mHard.attemptedAnswers {
  "1": [
    "1",
  ],
  "2": [
    "2",
  ],
  "3": [
    "3",
  ],
  "4": [
    "4",
  ],
}
[90mstdout[2m | src/components/MeaningAssociationExercise/MeaningAssociation.stories.jsx[2m > [22m[2mHard Exercise Completed
[22m[39m[SectionContext] Section observeQuery update: 0
[90mstdout[2m | src/components/MeaningAssociationExercise/MeaningAssociation.stories.jsx[2m > [22m[2mHard Exercise Completed
[22m[39m[FilesContext] File observeQuery update: 6 files
[90mstdout[2m | src/components/MeaningAssociationExercise/MeaningAssociation.stories.jsx[2m > [22m[2mHard Exercise Completed
[22m[39m[ChatContext] AssistantChat initialized with 1 chats
[90mstdout[2m | src/components/MeaningAssociationExercise/MeaningAssociation.stories.jsx[2m > [22m[2mHard Exercise Completed
[22m[39m[ChatContext] Setting initial chat: mock-assistant-chat-1
[90mstdout[2m | src/components/MeaningAssociationExercise/MeaningAssociation.stories.jsx[2m > [22m[2mHard Exercise Completed
[22m[39m[MOCK CourseVectorStore] Initialized with mock data
[90mstdout[2m | src/components/MeaningAssociationExercise/MeaningAssociation.stories.jsx[2m > [22m[2mHard Exercise Completed
[22m[39mHard.attemptedAnswers {
  "1": [
    "1",
  ],
  "2": [
    "2",
  ],
  "3": [
    "3",
  ],
  "4": [
    "4",
  ],
}
[90mstdout[2m | src/components/MeaningAssociationExercise/MeaningAssociation.stories.jsx[2m > [22m[2mHard Exercise Completed
[22m[39m[FilesContext] Vector store population triggered {
  "currentVectorStoreSize": 3,
  "documentsCount": 0,
  "filesCount": 6,
  "isInitialLoad": true,
}
[90mstdout[2m | src/components/MeaningAssociationExercise/MeaningAssociation.stories.jsx[2m > [22m[2mHard Exercise Completed
[22m[39m[FilesContext] Vector store population complete - 3 total embeddings
[90mstdout[2m | src/components/MeaningAssociationExercise/MeaningAssociation.stories.jsx[2m > [22m[2mHard Exercise Completed
[22m[39m[ChatContext] Chat exists and not archived, skipping creation
[90mstdout[2m | src/components/MeaningAssociationExercise/MeaningAssociation.stories.jsx[2m > [22m[2mHard Exercise Completed
[22m[39m[Mock Storage] downloadData called with: undefined
[90mstdout[2m | src/components/MeaningAssociationExercise/MeaningAssociation.stories.jsx[2m > [22m[2mLearn Exercise
[22m[39m[ChatContext] Cleaning up subscriptions
[90mstdout[2m | src/components/MeaningAssociationExercise/MeaningAssociation.stories.jsx[2m > [22m[2mLearn Exercise
[22m[39m[Mock Data] Unit.onUpdate() subscription removed. Remaining: 0
[90mstdout[2m | src/components/MeaningAssociationExercise/MeaningAssociation.stories.jsx[2m > [22m[2mLearn Exercise
[22m[39m[MOCK CourseVectorStore] Initialized with mock data
[90mstdout[2m | src/components/MeaningAssociationExercise/MeaningAssociation.stories.jsx[2m > [22m[2mLearn Exercise
[22m[39mLearn._vocabulary [
  {
    "definition": "A greeting",
    "id": "1",
    "phrase": "Hello",
  },
  {
    "definition": "A farewell",
    "id": "2",
    "phrase": "Goodbye",
  },
  {
    "definition": "Expression of gratitude",
    "id": "3",
    "phrase": "Thank you",
  },
  {
    "definition": "Polite request",
    "id": "4",
    "phrase": "Please",
  },
]
[90mstdout[2m | src/components/MeaningAssociationExercise/MeaningAssociation.stories.jsx[2m > [22m[2mLearn Exercise
[22m[39m[TranslationModeController] Setting mode to: off
[90mstdout[2m | src/components/MeaningAssociationExercise/MeaningAssociation.stories.jsx[2m > [22m[2mLearn Exercise
[22m[39m[UnitContext] useEffect triggered {
  "authLoading": false,
  "hasUser": true,
  "id": "mock-unit-id",
  "userSub": "mock-user-sub",
}
[90mstdout[2m | src/components/MeaningAssociationExercise/MeaningAssociation.stories.jsx[2m > [22m[2mLearn Exercise
[22m[39m[UnitContext] Fetching unit data for id: mock-unit-id
[90mstdout[2m | src/components/MeaningAssociationExercise/MeaningAssociation.stories.jsx[2m > [22m[2mLearn Exercise
[22m[39m[FilesContext] Initializing vector store from IndexedDB
[90mstdout[2m | src/components/MeaningAssociationExercise/MeaningAssociation.stories.jsx[2m > [22m[2mLearn Exercise
[22m[39m[FilesContext] fetchFiles called
[90mstdout[2m | src/components/MeaningAssociationExercise/MeaningAssociation.stories.jsx[2m > [22m[2mLearn Exercise
[22m[39m[FilesContext] User authenticated: mock-user-sub
[90mstdout[2m | src/components/MeaningAssociationExercise/MeaningAssociation.stories.jsx[2m > [22m[2mLearn Exercise
[22m[39m[FilesContext] Identity ID: us-east-1:mock-identity-123
[90mstdout[2m | src/components/MeaningAssociationExercise/MeaningAssociation.stories.jsx[2m > [22m[2mLearn Exercise
[22m[39m[FilesContext] About to set up File observeQuery
[90mstdout[2m | src/components/MeaningAssociationExercise/MeaningAssociation.stories.jsx[2m > [22m[2mLearn Exercise
[22m[39m[ChatContext] Setting up AssistantChat observeQuery
[90mstdout[2m | src/components/MeaningAssociationExercise/MeaningAssociation.stories.jsx[2m > [22m[2mLearn Exercise
[22m[39m[ChatContext] Waiting for subscription to initialize
[90mstdout[2m | src/components/MeaningAssociationExercise/MeaningAssociation.stories.jsx[2m > [22m[2mLearn Exercise
[22m[39m[SettingsContext] Setting up Settings subscription for user: mock-user-sub
[90mstdout[2m | src/components/MeaningAssociationExercise/MeaningAssociation.stories.jsx[2m > [22m[2mLearn Exercise
[22m[39m[Mock Data] Settings created: mock-settings-1790418827437 - notified 0 subscribers
[90mstdout[2m | src/components/MeaningAssociationExercise/MeaningAssociation.stories.jsx[2m > [22m[2mLearn Exercise
[22m[39m[Mock Data] Unit.onUpdate() subscription added. Total: 1
[90mstdout[2m | src/components/MeaningAssociationExercise/MeaningAssociation.stories.jsx[2m > [22m[2mLearn Exercise
[22m[39m[SectionContext] Section observeQuery update: 0
[90mstdout[2m | src/components/MeaningAssociationExercise/MeaningAssociation.stories.jsx[2m > [22m[2mLearn Exercise
[22m[39m[FilesContext] File observeQuery update: 6 files
[90mstdout[2m | src/components/MeaningAssociationExercise/MeaningAssociation.stories.jsx[2m > [22m[2mLearn Exercise
[22m[39m[ChatContext] AssistantChat initialized with 1 chats
[90mstdout[2m | src/components/MeaningAssociationExercise/MeaningAssociation.stories.jsx[2m > [22m[2mLearn Exercise
[22m[39m[ChatContext] Setting initial chat: mock-assistant-chat-1
[90mstdout[2m | src/components/MeaningAssociationExercise/MeaningAssociation.stories.jsx[2m > [22m[2mLearn Exercise
[22m[39m[MOCK CourseVectorStore] Initialized with mock data
[90mstdout[2m | src/components/MeaningAssociationExercise/MeaningAssociation.stories.jsx[2m > [22m[2mLearn Exercise
[22m[39m[FilesContext] Vector store population triggered {
  "currentVectorStoreSize": 3,
  "documentsCount": 0,
  "filesCount": 6,
  "isInitialLoad": true,
}
[90mstdout[2m | src/components/MeaningAssociationExercise/MeaningAssociation.stories.jsx[2m > [22m[2mLearn Exercise
[22m[39m[FilesContext] Vector store population complete - 3 total embeddings
[90mstdout[2m | src/components/MeaningAssociationExercise/MeaningAssociation.stories.jsx[2m > [22m[2mLearn Exercise
[22m[39m[ChatContext] Chat exists and not archived, skipping creation
[90mstdout[2m | src/components/MeaningAssociationExercise/MeaningAssociation.stories.jsx[2m > [22m[2mLearn Exercise
[22m[39m[Mock Storage] downloadData called with: undefined
[90mstdout[2m | src/components/MeaningAssociationExercise/MeaningAssociation.stories.jsx[2m > [22m[2mLearn Exercise Completed
[22m[39m[ChatContext] Cleaning up subscriptions
[90mstdout[2m | src/components/MeaningAssociationExercise/MeaningAssociation.stories.jsx[2m > [22m[2mLearn Exercise Completed
[22m[39m[Mock Data] Unit.onUpdate() subscription removed. Remaining: 0
[90mstdout[2m | src/components/MeaningAssociationExercise/MeaningAssociation.stories.jsx[2m > [22m[2mLearn Exercise Completed
[22m[39m[MOCK CourseVectorStore] Initialized with mock data
[90mstdout[2m | src/components/MeaningAssociationExercise/MeaningAssociation.stories.jsx[2m > [22m[2mLearn Exercise Completed
[22m[39mLearn._vocabulary [
  {
    "definition": "A greeting",
    "id": "1",
    "phrase": "Hello",
  },
  {
    "definition": "A farewell",
    "id": "2",
    "phrase": "Goodbye",
  },
  {
    "definition": "Expression of gratitude",
    "id": "3",
    "phrase": "Thank you",
  },
  {
    "definition": "Polite request",
    "id": "4",
    "phrase": "Please",
  },
]
[90mstdout[2m | src/components/MeaningAssociationExercise/MeaningAssociation.stories.jsx[2m > [22m[2mLearn Exercise Completed
[22m[39m[TranslationModeController] Setting mode to: off
[90mstdout[2m | src/components/MeaningAssociationExercise/MeaningAssociation.stories.jsx[2m > [22m[2mLearn Exercise Completed
[22m[39m[UnitContext] useEffect triggered {
  "authLoading": false,
  "hasUser": true,
  "id": "mock-unit-id",
  "userSub": "mock-user-sub",
}
[90mstdout[2m | src/components/MeaningAssociationExercise/MeaningAssociation.stories.jsx[2m > [22m[2mLearn Exercise Completed
[22m[39m[UnitContext] Fetching unit data for id: mock-unit-id
[90mstdout[2m | src/components/MeaningAssociationExercise/MeaningAssociation.stories.jsx[2m > [22m[2mLearn Exercise Completed
[22m[39m[FilesContext] Initializing vector store from IndexedDB
[90mstdout[2m | src/components/MeaningAssociationExercise/MeaningAssociation.stories.jsx[2m > [22m[2mLearn Exercise Completed
[22m[39m[FilesContext] fetchFiles called
[90mstdout[2m | src/components/MeaningAssociationExercise/MeaningAssociation.stories.jsx[2m > [22m[2mLearn Exercise Completed
[22m[39m[FilesContext] User authenticated: mock-user-sub
[90mstdout[2m | src/components/MeaningAssociationExercise/MeaningAssociation.stories.jsx[2m > [22m[2mLearn Exercise Completed
[22m[39m[FilesContext] Identity ID: us-east-1:mock-identity-123
[90mstdout[2m | src/components/MeaningAssociationExercise/MeaningAssociation.stories.jsx[2m > [22m[2mLearn Exercise Completed
[22m[39m[FilesContext] About to set up File observeQuery
[90mstdout[2m | src/components/MeaningAssociationExercise/MeaningAssociation.stories.jsx[2m > [22m[2mLearn Exercise Completed
[22m[39m[ChatContext] Setting up AssistantChat observeQuery
[90mstdout[2m | src/components/MeaningAssociationExercise/MeaningAssociation.stories.jsx[2m > [22m[2mLearn Exercise Completed
[22m[39m[ChatContext] Waiting for subscription to initialize
[90mstdout[2m | src/components/MeaningAssociationExercise/MeaningAssociation.stories.jsx[2m > [22m[2mLearn Exercise Completed
[22m[39m[SettingsContext] Setting up Settings subscription for user: mock-user-sub
[90mstdout[2m | src/components/MeaningAssociationExercise/MeaningAssociation.stories.jsx[2m > [22m[2mLearn Exercise Completed
[22m[39m[Mock Data] Settings created: mock-settings-1790418827600 - notified 0 subscribers
[90mstdout[2m | src/components/MeaningAssociationExercise/MeaningAssociation.stories.jsx[2m > [22m[2mLearn Exercise Completed
[22m[39m[Mock Data] Unit.onUpdate() subscription added. Total: 1
[90mstdout[2m | src/components/MeaningAssociationExercise/MeaningAssociation.stories.jsx[2m > [22m[2mLearn Exercise Completed
[22m[39m[SectionContext] Section observeQuery update: 0
[90mstdout[2m | src/components/MeaningAssociationExercise/MeaningAssociation.stories.jsx[2m > [22m[2mLearn Exercise Completed
[22m[39m[FilesContext] File observeQuery update: 6 files
[90mstdout[2m | src/components/MeaningAssociationExercise/MeaningAssociation.stories.jsx[2m > [22m[2mLearn Exercise Completed
[22m[39m[ChatContext] AssistantChat initialized with 1 chats
[90mstdout[2m | src/components/MeaningAssociationExercise/MeaningAssociation.stories.jsx[2m > [22m[2mLearn Exercise Completed
[22m[39m[ChatContext] Setting initial chat: mock-assistant-chat-1
[90mstdout[2m | src/components/MeaningAssociationExercise/MeaningAssociation.stories.jsx[2m > [22m[2mLearn Exercise Completed
[22m[39m[MOCK CourseVectorStore] Initialized with mock data
[90mstdout[2m | src/components/MeaningAssociationExercise/MeaningAssociation.stories.jsx[2m > [22m[2mLearn Exercise Completed
[22m[39m[FilesContext] Vector store population triggered {
  "currentVectorStoreSize": 3,
  "documentsCount": 0,
  "filesCount": 6,
  "isInitialLoad": true,
}
[90mstdout[2m | src/components/MeaningAssociationExercise/MeaningAssociation.stories.jsx[2m > [22m[2mLearn Exercise Completed
[22m[39m[FilesContext] Vector store population complete - 3 total embeddings
[90mstdout[2m | src/components/MeaningAssociationExercise/MeaningAssociation.stories.jsx[2m > [22m[2mLearn Exercise Completed
[22m[39m[ChatContext] Chat exists and not archived, skipping creation
[90mstdout[2m | src/components/MeaningAssociationExercise/MeaningAssociation.stories.jsx[2m > [22m[2mLearn Exercise Completed
[22m[39m[Mock Storage] downloadData called with: undefined
[90mstdout[2m | src/components/MeaningAssociationExercise/MeaningAssociation.stories.jsx[2m > [22m[2mCompletion Screen Learn
[22m[39m[ChatContext] Cleaning up subscriptions
[90mstdout[2m | src/components/MeaningAssociationExercise/MeaningAssociation.stories.jsx[2m > [22m[2mCompletion Screen Learn
[22m[39m[Mock Data] Unit.onUpdate() subscription removed. Remaining: 0
[90mstdout[2m | src/components/MeaningAssociationExercise/MeaningAssociation.stories.jsx[2m > [22m[2mCompletion Screen Learn
[22m[39m[MOCK CourseVectorStore] Initialized with mock data
[90mstdout[2m | src/components/MeaningAssociationExercise/MeaningAssociation.stories.jsx[2m > [22m[2mCompletion Screen Learn
[22m[39m[TranslationModeController] Setting mode to: off
[90mstdout[2m | src/components/MeaningAssociationExercise/MeaningAssociation.stories.jsx[2m > [22m[2mCompletion Screen Learn
[22m[39m[UnitContext] useEffect triggered {
  "authLoading": false,
  "hasUser": true,
  "id": "mock-unit-id",
  "userSub": "mock-user-sub",
}
[90mstdout[2m | src/components/MeaningAssociationExercise/MeaningAssociation.stories.jsx[2m > [22m[2mCompletion Screen Learn
[22m[39m[UnitContext] Fetching unit data for id: mock-unit-id
[90mstdout[2m | src/components/MeaningAssociationExercise/MeaningAssociation.stories.jsx[2m > [22m[2mCompletion Screen Learn
[22m[39m[FilesContext] Initializing vector store from IndexedDB
[90mstdout[2m | src/components/MeaningAssociationExercise/MeaningAssociation.stories.jsx[2m > [22m[2mCompletion Screen Learn
[22m[39m[FilesContext] fetchFiles called
[90mstdout[2m | src/components/MeaningAssociationExercise/MeaningAssociation.stories.jsx[2m > [22m[2mCompletion Screen Learn
[22m[39m[FilesContext] User authenticated: mock-user-sub
[90mstdout[2m | src/components/MeaningAssociationExercise/MeaningAssociation.stories.jsx[2m > [22m[2mCompletion Screen Learn
[22m[39m[FilesContext] Identity ID: us-east-1:mock-identity-123
[90mstdout[2m | src/components/MeaningAssociationExercise/MeaningAssociation.stories.jsx[2m > [22m[2mCompletion Screen Learn
[22m[39m[FilesContext] About to set up File observeQuery
[90mstdout[2m | src/components/MeaningAssociationExercise/MeaningAssociation.stories.jsx[2m > [22m[2mCompletion Screen Learn
[22m[39m[ChatContext] Setting up AssistantChat observeQuery
[90mstdout[2m | src/components/MeaningAssociationExercise/MeaningAssociation.stories.jsx[2m > [22m[2mCompletion Screen Learn
[22m[39m[ChatContext] Waiting for subscription to initialize
[90mstdout[2m | src/components/MeaningAssociationExercise/MeaningAssociation.stories.jsx[2m > [22m[2mCompletion Screen Learn
[22m[39m[SettingsContext] Setting up Settings subscription for user: mock-user-sub
[90mstdout[2m | src/components/MeaningAssociationExercise/MeaningAssociation.stories.jsx[2m > [22m[2mCompletion Screen Learn
[22m[39m[Mock Data] Settings created: mock-settings-1790418827752 - notified 0 subscribers
[90mstdout[2m | src/components/MeaningAssociationExercise/MeaningAssociation.stories.jsx[2m > [22m[2mCompletion Screen Learn
[22m[39m[Mock Data] Unit.onUpdate() subscription added. Total: 1
[90mstdout[2m | src/components/MeaningAssociationExercise/MeaningAssociation.stories.jsx[2m > [22m[2mCompletion Screen Learn
[22m[39m[SectionContext] Section observeQuery update: 0
[90mstdout[2m | src/components/MeaningAssociationExercise/MeaningAssociation.stories.jsx[2m > [22m[2mCompletion Screen Learn
[22m[39m[FilesContext] File observeQuery update: 6 files
[90mstdout[2m | src/components/MeaningAssociationExercise/MeaningAssociation.stories.jsx[2m > [22m[2mCompletion Screen Learn
[22m[39m[ChatContext] AssistantChat initialized with 1 chats
[90mstdout[2m | src/components/MeaningAssociationExercise/MeaningAssociation.stories.jsx[2m > [22m[2mCompletion Screen Learn
[22m[39m[ChatContext] Setting initial chat: mock-assistant-chat-1
[90mstdout[2m | src/components/MeaningAssociationExercise/MeaningAssociation.stories.jsx[2m > [22m[2mCompletion Screen Learn
[22m[39m[MOCK CourseVectorStore] Initialized with mock data
[90mstdout[2m | src/components/MeaningAssociationExercise/MeaningAssociation.stories.jsx[2m > [22m[2mCompletion Screen Learn
[22m[39m[FilesContext] Vector store population triggered {
  "currentVectorStoreSize": 3,
  "documentsCount": 0,
  "filesCount": 6,
  "isInitialLoad": true,
}
[90mstdout[2m | src/components/MeaningAssociationExercise/MeaningAssociation.stories.jsx[2m > [22m[2mCompletion Screen Learn
[22m[39m[FilesContext] Vector store population complete - 3 total embeddings
[90mstdout[2m | src/components/MeaningAssociationExercise/MeaningAssociation.stories.jsx[2m > [22m[2mCompletion Screen Learn
[22m[39m[ChatContext] Chat exists and not archived, skipping creation
[90mstdout[2m | src/components/MeaningAssociationExercise/MeaningAssociation.stories.jsx[2m > [22m[2mCompletion Screen Learn
[22m[39m[Mock Storage] downloadData called with: undefined
[90mstdout[2m | src/components/MeaningAssociationExercise/MeaningAssociation.stories.jsx[2m > [22m[2mCompletion Screen Easy
[22m[39m[ChatContext] Cleaning up subscriptions
[90mstdout[2m | src/components/MeaningAssociationExercise/MeaningAssociation.stories.jsx[2m > [22m[2mCompletion Screen Easy
[22m[39m[Mock Data] Unit.onUpdate() subscription removed. Remaining: 0
[90mstdout[2m | src/components/MeaningAssociationExercise/MeaningAssociation.stories.jsx[2m > [22m[2mCompletion Screen Easy
[22m[39m[MOCK CourseVectorStore] Initialized with mock data
[90mstdout[2m | src/components/MeaningAssociationExercise/MeaningAssociation.stories.jsx[2m > [22m[2mCompletion Screen Easy
[22m[39m[TranslationModeController] Setting mode to: off
[90mstdout[2m | src/components/MeaningAssociationExercise/MeaningAssociation.stories.jsx[2m > [22m[2mCompletion Screen Easy
[22m[39m[UnitContext] useEffect triggered {
  "authLoading": false,
  "hasUser": true,
  "id": "mock-unit-id",
  "userSub": "mock-user-sub",
}
[90mstdout[2m | src/components/MeaningAssociationExercise/MeaningAssociation.stories.jsx[2m > [22m[2mCompletion Screen Easy
[22m[39m[UnitContext] Fetching unit data for id: mock-unit-id
[90mstdout[2m | src/components/MeaningAssociationExercise/MeaningAssociation.stories.jsx[2m > [22m[2mCompletion Screen Easy
[22m[39m[FilesContext] Initializing vector store from IndexedDB
[90mstdout[2m | src/components/MeaningAssociationExercise/MeaningAssociation.stories.jsx[2m > [22m[2mCompletion Screen Easy
[22m[39m[FilesContext] fetchFiles called
[90mstdout[2m | src/components/MeaningAssociationExercise/MeaningAssociation.stories.jsx[2m > [22m[2mCompletion Screen Easy
[22m[39m[FilesContext] User authenticated: mock-user-sub
[90mstdout[2m | src/components/MeaningAssociationExercise/MeaningAssociation.stories.jsx[2m > [22m[2mCompletion Screen Easy
[22m[39m[FilesContext] Identity ID: us-east-1:mock-identity-123
[90mstdout[2m | src/components/MeaningAssociationExercise/MeaningAssociation.stories.jsx[2m > [22m[2mCompletion Screen Easy
[22m[39m[FilesContext] About to set up File observeQuery
[90mstdout[2m | src/components/MeaningAssociationExercise/MeaningAssociation.stories.jsx[2m > [22m[2mCompletion Screen Easy
[22m[39m[ChatContext] Setting up AssistantChat observeQuery
[90mstdout[2m | src/components/MeaningAssociationExercise/MeaningAssociation.stories.jsx[2m > [22m[2mCompletion Screen Easy
[22m[39m[ChatContext] Waiting for subscription to initialize
[90mstdout[2m | src/components/MeaningAssociationExercise/MeaningAssociation.stories.jsx[2m > [22m[2mCompletion Screen Easy
[22m[39m[SettingsContext] Setting up Settings subscription for user: mock-user-sub
[90mstdout[2m | src/components/MeaningAssociationExercise/MeaningAssociation.stories.jsx[2m > [22m[2mCompletion Screen Easy
[22m[39m[Mock Data] Settings created: mock-settings-1790418827870 - notified 0 subscribers
[90mstdout[2m | src/components/MeaningAssociationExercise/MeaningAssociation.stories.jsx[2m > [22m[2mCompletion Screen Easy
[22m[39m[Mock Data] Unit.onUpdate() subscription added. Total: 1
[90mstdout[2m | src/components/MeaningAssociationExercise/MeaningAssociation.stories.jsx[2m > [22m[2mCompletion Screen Easy
[22m[39m[SectionContext] Section observeQuery update: 0
[90mstdout[2m | src/components/MeaningAssociationExercise/MeaningAssociation.stories.jsx[2m > [22m[2mCompletion Screen Easy
[22m[39m[FilesContext] File observeQuery update: 6 files
[90mstdout[2m | src/components/MeaningAssociationExercise/MeaningAssociation.stories.jsx[2m > [22m[2mCompletion Screen Easy
[22m[39m[ChatContext] AssistantChat initialized with 1 chats
[90mstdout[2m | src/components/MeaningAssociationExercise/MeaningAssociation.stories.jsx[2m > [22m[2mCompletion Screen Easy
[22m[39m[ChatContext] Setting initial chat: mock-assistant-chat-1
[90mstdout[2m | src/components/MeaningAssociationExercise/MeaningAssociation.stories.jsx[2m > [22m[2mCompletion Screen Easy
[22m[39m[Mock Storage] downloadData called with: undefined
[90mstdout[2m | src/components/MeaningAssociationExercise/MeaningAssociation.stories.jsx[2m > [22m[2mCompletion Screen Easy
[22m[39m[MOCK CourseVectorStore] Initialized with mock data
[90mstdout[2m | src/components/MeaningAssociationExercise/MeaningAssociation.stories.jsx[2m > [22m[2mCompletion Screen Easy
[22m[39m[FilesContext] Vector store population triggered {
  "currentVectorStoreSize": 3,
  "documentsCount": 0,
  "filesCount": 6,
  "isInitialLoad": true,
}
[90mstdout[2m | src/components/MeaningAssociationExercise/MeaningAssociation.stories.jsx[2m > [22m[2mCompletion Screen Easy
[22m[39m[FilesContext] Vector store population complete - 3 total embeddings
[90mstdout[2m | src/components/MeaningAssociationExercise/MeaningAssociation.stories.jsx[2m > [22m[2mCompletion Screen Easy
[22m[39m[ChatContext] Chat exists and not archived, skipping creation
[90mstdout[2m | src/components/MeaningAssociationExercise/MeaningAssociation.stories.jsx[2m > [22m[2mCompletion Screen Hard
[22m[39m[ChatContext] Cleaning up subscriptions
[90mstdout[2m | src/components/MeaningAssociationExercise/MeaningAssociation.stories.jsx[2m > [22m[2mCompletion Screen Hard
[22m[39m[Mock Data] Unit.onUpdate() subscription removed. Remaining: 0
[90mstdout[2m | src/components/MeaningAssociationExercise/MeaningAssociation.stories.jsx[2m > [22m[2mCompletion Screen Hard
[22m[39m[MOCK CourseVectorStore] Initialized with mock data
[90mstdout[2m | src/components/MeaningAssociationExercise/MeaningAssociation.stories.jsx[2m > [22m[2mCompletion Screen Hard
[22m[39m[TranslationModeController] Setting mode to: off
[90mstdout[2m | src/components/MeaningAssociationExercise/MeaningAssociation.stories.jsx[2m > [22m[2mCompletion Screen Hard
[22m[39m[UnitContext] useEffect triggered {
  "authLoading": false,
  "hasUser": true,
  "id": "mock-unit-id",
  "userSub": "mock-user-sub",
}
[90mstdout[2m | src/components/MeaningAssociationExercise/MeaningAssociation.stories.jsx[2m > [22m[2mCompletion Screen Hard
[22m[39m[UnitContext] Fetching unit data for id: mock-unit-id
[90mstdout[2m | src/components/MeaningAssociationExercise/MeaningAssociation.stories.jsx[2m > [22m[2mCompletion Screen Hard
[22m[39m[FilesContext] Initializing vector store from IndexedDB
[90mstdout[2m | src/components/MeaningAssociationExercise/MeaningAssociation.stories.jsx[2m > [22m[2mCompletion Screen Hard
[22m[39m[FilesContext] fetchFiles called
[90mstdout[2m | src/components/MeaningAssociationExercise/MeaningAssociation.stories.jsx[2m > [22m[2mCompletion Screen Hard
[22m[39m[FilesContext] User authenticated: mock-user-sub
[90mstdout[2m | src/components/MeaningAssociationExercise/MeaningAssociation.stories.jsx[2m > [22m[2mCompletion Screen Hard
[22m[39m[FilesContext] Identity ID: us-east-1:mock-identity-123
[90mstdout[2m | src/components/MeaningAssociationExercise/MeaningAssociation.stories.jsx[2m > [22m[2mCompletion Screen Hard
[22m[39m[FilesContext] About to set up File observeQuery
[90mstdout[2m | src/components/MeaningAssociationExercise/MeaningAssociation.stories.jsx[2m > [22m[2mCompletion Screen Hard
[22m[39m[ChatContext] Setting up AssistantChat observeQuery
[90mstdout[2m | src/components/MeaningAssociationExercise/MeaningAssociation.stories.jsx[2m > [22m[2mCompletion Screen Hard
[22m[39m[ChatContext] Waiting for subscription to initialize
[90mstdout[2m | src/components/MeaningAssociationExercise/MeaningAssociation.stories.jsx[2m > [22m[2mCompletion Screen Hard
[22m[39m[SettingsContext] Setting up Settings subscription for user: mock-user-sub
[90mstdout[2m | src/components/MeaningAssociationExercise/MeaningAssociation.stories.jsx[2m > [22m[2mCompletion Screen Hard
[22m[39m[Mock Data] Settings created: mock-settings-1790418828001 - notified 0 subscribers
[90mstdout[2m | src/components/MeaningAssociationExercise/MeaningAssociation.stories.jsx[2m > [22m[2mCompletion Screen Hard
[22m[39m[Mock Data] Unit.onUpdate() subscription added. Total: 1
[90mstdout[2m | src/components/MeaningAssociationExercise/MeaningAssociation.stories.jsx[2m > [22m[2mCompletion Screen Hard
[22m[39m[SectionContext] Section observeQuery update: 0
[90mstdout[2m | src/components/MeaningAssociationExercise/MeaningAssociation.stories.jsx[2m > [22m[2mCompletion Screen Hard
[22m[39m[FilesContext] File observeQuery update: 6 files
[90mstdout[2m | src/components/MeaningAssociationExercise/MeaningAssociation.stories.jsx[2m > [22m[2mCompletion Screen Hard
[22m[39m[ChatContext] AssistantChat initialized with 1 chats
[90mstdout[2m | src/components/MeaningAssociationExercise/MeaningAssociation.stories.jsx[2m > [22m[2mCompletion Screen Hard
[22m[39m[ChatContext] Setting initial chat: mock-assistant-chat-1
[90mstdout[2m | src/components/MeaningAssociationExercise/MeaningAssociation.stories.jsx[2m > [22m[2mCompletion Screen Hard
[22m[39m[Mock Storage] downloadData called with: undefined
[90mstdout[2m | src/components/MeaningAssociationExercise/MeaningAssociation.stories.jsx[2m > [22m[2mCompletion Screen Hard
[22m[39m[MOCK CourseVectorStore] Initialized with mock data
[90mstdout[2m | src/components/MeaningAssociationExercise/MeaningAssociation.stories.jsx[2m > [22m[2mCompletion Screen Hard
[22m[39m[FilesContext] Vector store population triggered {
  "currentVectorStoreSize": 3,
  "documentsCount": 0,
  "filesCount": 6,
  "isInitialLoad": true,
}
[90mstdout[2m | src/components/MeaningAssociationExercise/MeaningAssociation.stories.jsx[2m > [22m[2mCompletion Screen Hard
[22m[39m[FilesContext] Vector store population complete - 3 total embeddings
[90mstdout[2m | src/components/MeaningAssociationExercise/MeaningAssociation.stories.jsx[2m > [22m[2mCompletion Screen Hard
[22m[39m[ChatContext] Chat exists and not archived, skipping creation
 [32m✓[39m [30m[45m storybook (chromium) [49m[39m src/components/MeaningAssociationExercise/MeaningAssociation.stories.jsx [2m([22m[2m9 tests[22m[2m)[22m[33m 1314[2mms[22m[39m
[90mstdout[2m | unknown test
[22m[39m[MOCK vectorStoreDB.js] Module loaded - mock IndexedDB operations
[90mstdout[2m | unknown test
[22m[39m[Task Completion] DOM action listeners initialized
[90mstdout[2m | unknown test
[22m[39m[Task Completion] Auto-completion detector initialized
[90mstdout[2m | unknown test
[22m[39m[Preview] Task completion detector initialized
[90mstdout[2m | src/components/Gamification/AvatarCustomizer.stories.tsx[2m > [22m[2mLevel 2 Colors
[22m[39m[TranslationModeController] Setting mode to: off
[90mstdout[2m | src/components/Gamification/AvatarCustomizer.stories.tsx[2m > [22m[2mLevel 4 Accessories
[22m[39m[TranslationModeController] Setting mode to: off
[90mstdout[2m | src/components/Gamification/AvatarCustomizer.stories.tsx[2m > [22m[2mLevel 5 Full
[22m[39m[TranslationModeController] Setting mode to: off
[90mstdout[2m | src/components/Gamification/AvatarCustomizer.stories.tsx[2m > [22m[2mLevel 1 All Locked
[22m[39m[TranslationModeController] Setting mode to: off
[90mstdout[2m | src/components/Gamification/AvatarCustomizer.stories.tsx[2m > [22m[2mWith Existing Overrides
[22m[39m[TranslationModeController] Setting mode to: off
 [32m✓[39m [30m[45m storybook (chromium) [49m[39m src/components/Gamification/AvatarCustomizer.stories.tsx [2m([22m[2m5 tests[22m[2m)[22m[33m 1252[2mms[22m[39m
   [33m[2m✓[22m[39m Level 2 Colors [33m 337[2mms[22m[39m
[90mstdout[2m | unknown test
[22m[39m[MOCK vectorStoreDB.js] Module loaded - mock IndexedDB operations
[90mstdout[2m | unknown test
[22m[39m[Task Completion] DOM action listeners initialized
[90mstdout[2m | unknown test
[22m[39m[Task Completion] Auto-completion detector initialized
[90mstdout[2m | unknown test
[22m[39m[Preview] Task completion detector initialized
[90mstdout[2m | src/components/PeerReview/OpenCollaborationRooms.stories.tsx[2m > [22m[2mInstructor View
[22m[39m[MOCK CourseVectorStore] Initialized with mock data
[90mstdout[2m | src/components/PeerReview/OpenCollaborationRooms.stories.tsx[2m > [22m[2mInstructor View
[22m[39m[TranslationModeController] Setting mode to: off
[90mstdout[2m | src/components/PeerReview/OpenCollaborationRooms.stories.tsx[2m > [22m[2mInstructor View
[22m[39m[UnitContext] useEffect triggered {
  "authLoading": false,
  "hasUser": true,
  "id": "mock-unit-id",
  "userSub": "mock-user-sub",
}
[90mstdout[2m | src/components/PeerReview/OpenCollaborationRooms.stories.tsx[2m > [22m[2mInstructor View
[22m[39m[UnitContext] Fetching unit data for id: mock-unit-id
[90mstdout[2m | src/components/PeerReview/OpenCollaborationRooms.stories.tsx[2m > [22m[2mInstructor View
[22m[39m[FilesContext] Initializing vector store from IndexedDB
[90mstdout[2m | src/components/PeerReview/OpenCollaborationRooms.stories.tsx[2m > [22m[2mInstructor View
[22m[39m[FilesContext] fetchFiles called
[90mstdout[2m | src/components/PeerReview/OpenCollaborationRooms.stories.tsx[2m > [22m[2mInstructor View
[22m[39m[FilesContext] User authenticated: mock-user-sub
[90mstdout[2m | src/components/PeerReview/OpenCollaborationRooms.stories.tsx[2m > [22m[2mInstructor View
[22m[39m[FilesContext] Identity ID: us-east-1:mock-identity-123
[90mstdout[2m | src/components/PeerReview/OpenCollaborationRooms.stories.tsx[2m > [22m[2mInstructor View
[22m[39m[FilesContext] About to set up File observeQuery
[90mstdout[2m | src/components/PeerReview/OpenCollaborationRooms.stories.tsx[2m > [22m[2mInstructor View
[22m[39m[ChatContext] Setting up AssistantChat observeQuery
[90mstdout[2m | src/components/PeerReview/OpenCollaborationRooms.stories.tsx[2m > [22m[2mInstructor View
[22m[39m[ChatContext] Waiting for subscription to initialize
[90mstdout[2m | src/components/PeerReview/OpenCollaborationRooms.stories.tsx[2m > [22m[2mInstructor View
[22m[39m[SettingsContext] Setting up Settings subscription for user: mock-user-sub
[90mstdout[2m | src/components/PeerReview/OpenCollaborationRooms.stories.tsx[2m > [22m[2mInstructor View
[22m[39m[Mock Data] Settings created: mock-settings-1790418830377 - notified 0 subscribers
[90mstdout[2m | src/components/PeerReview/OpenCollaborationRooms.stories.tsx[2m > [22m[2mInstructor View
[22m[39m[Mock Data] Unit.onUpdate() subscription added. Total: 1
[90mstdout[2m | src/components/PeerReview/OpenCollaborationRooms.stories.tsx[2m > [22m[2mInstructor View
[22m[39m[SectionContext] Section observeQuery update: 0
[90mstdout[2m | src/components/PeerReview/OpenCollaborationRooms.stories.tsx[2m > [22m[2mInstructor View
[22m[39m[FilesContext] File observeQuery update: 6 files
[90mstdout[2m | src/components/PeerReview/OpenCollaborationRooms.stories.tsx[2m > [22m[2mInstructor View
[22m[39m[ChatContext] AssistantChat initialized with 1 chats
[90mstdout[2m | src/components/PeerReview/OpenCollaborationRooms.stories.tsx[2m > [22m[2mInstructor View
[22m[39m[ChatContext] Setting initial chat: mock-assistant-chat-1
[90mstdout[2m | src/components/PeerReview/OpenCollaborationRooms.stories.tsx[2m > [22m[2mInstructor View
[22m[39m[MOCK CourseVectorStore] Initialized with mock data
[90mstdout[2m | src/components/PeerReview/OpenCollaborationRooms.stories.tsx[2m > [22m[2mInstructor View
[22m[39m[FilesContext] Vector store population triggered {
  "currentVectorStoreSize": 3,
  "documentsCount": 0,
  "filesCount": 6,
  "isInitialLoad": true,
}
[90mstdout[2m | src/components/PeerReview/OpenCollaborationRooms.stories.tsx[2m > [22m[2mInstructor View
[22m[39m[FilesContext] Vector store population complete - 3 total embeddings
[90mstdout[2m | src/components/PeerReview/OpenCollaborationRooms.stories.tsx[2m > [22m[2mInstructor View
[22m[39m[ChatContext] Chat exists and not archived, skipping creation
[90mstdout[2m | src/components/PeerReview/OpenCollaborationRooms.stories.tsx[2m > [22m[2mInstructor View
[22m[39m[Mock Storage] downloadData called with: undefined
[90mstdout[2m | src/components/PeerReview/OpenCollaborationRooms.stories.tsx[2m > [22m[2mStudent View
[22m[39m[ChatContext] Cleaning up subscriptions
[90mstdout[2m | src/components/PeerReview/OpenCollaborationRooms.stories.tsx[2m > [22m[2mStudent View
[22m[39m[Mock Data] Unit.onUpdate() subscription removed. Remaining: 0
[90mstdout[2m | src/components/PeerReview/OpenCollaborationRooms.stories.tsx[2m > [22m[2mStudent View
[22m[39m[MOCK CourseVectorStore] Initialized with mock data
[90mstdout[2m | src/components/PeerReview/OpenCollaborationRooms.stories.tsx[2m > [22m[2mStudent View
[22m[39m[TranslationModeController] Setting mode to: off
[90mstdout[2m | src/components/PeerReview/OpenCollaborationRooms.stories.tsx[2m > [22m[2mStudent View
[22m[39m[UnitContext] useEffect triggered {
  "authLoading": false,
  "hasUser": true,
  "id": "mock-unit-id",
  "userSub": "mock-user-sub",
}
[90mstdout[2m | src/components/PeerReview/OpenCollaborationRooms.stories.tsx[2m > [22m[2mStudent View
[22m[39m[UnitContext] Fetching unit data for id: mock-unit-id
[90mstdout[2m | src/components/PeerReview/OpenCollaborationRooms.stories.tsx[2m > [22m[2mStudent View
[22m[39m[FilesContext] Initializing vector store from IndexedDB
[90mstdout[2m | src/components/PeerReview/OpenCollaborationRooms.stories.tsx[2m > [22m[2mStudent View
[22m[39m[FilesContext] fetchFiles called
[90mstdout[2m | src/components/PeerReview/OpenCollaborationRooms.stories.tsx[2m > [22m[2mStudent View
[22m[39m[FilesContext] User authenticated: mock-user-sub
[90mstdout[2m | src/components/PeerReview/OpenCollaborationRooms.stories.tsx[2m > [22m[2mStudent View
[22m[39m[FilesContext] Identity ID: us-east-1:mock-identity-123
[90mstdout[2m | src/components/PeerReview/OpenCollaborationRooms.stories.tsx[2m > [22m[2mStudent View
[22m[39m[FilesContext] About to set up File observeQuery
[90mstdout[2m | src/components/PeerReview/OpenCollaborationRooms.stories.tsx[2m > [22m[2mStudent View
[22m[39m[ChatContext] Setting up AssistantChat observeQuery
[90mstdout[2m | src/components/PeerReview/OpenCollaborationRooms.stories.tsx[2m > [22m[2mStudent View
[22m[39m[ChatContext] Waiting for subscription to initialize
[90mstdout[2m | src/components/PeerReview/OpenCollaborationRooms.stories.tsx[2m > [22m[2mStudent View
[22m[39m[SettingsContext] Setting up Settings subscription for user: mock-user-sub
[90mstdout[2m | src/components/PeerReview/OpenCollaborationRooms.stories.tsx[2m > [22m[2mStudent View
[22m[39m[Mock Data] Settings created: mock-settings-1790418830650 - notified 0 subscribers
[90mstdout[2m | src/components/PeerReview/OpenCollaborationRooms.stories.tsx[2m > [22m[2mStudent View
[22m[39m[Mock Data] Unit.onUpdate() subscription added. Total: 1
[90mstdout[2m | src/components/PeerReview/OpenCollaborationRooms.stories.tsx[2m > [22m[2mStudent View
[22m[39m[SectionContext] Section observeQuery update: 0
[90mstdout[2m | src/components/PeerReview/OpenCollaborationRooms.stories.tsx[2m > [22m[2mStudent View
[22m[39m[FilesContext] File observeQuery update: 6 files
[90mstdout[2m | src/components/PeerReview/OpenCollaborationRooms.stories.tsx[2m > [22m[2mStudent View
[22m[39m[ChatContext] AssistantChat initialized with 1 chats
[90mstdout[2m | src/components/PeerReview/OpenCollaborationRooms.stories.tsx[2m > [22m[2mStudent View
[22m[39m[ChatContext] Setting initial chat: mock-assistant-chat-1
[90mstdout[2m | src/components/PeerReview/OpenCollaborationRooms.stories.tsx[2m > [22m[2mStudent View
[22m[39m[Mock Storage] downloadData called with: undefined
[90mstdout[2m | src/components/PeerReview/OpenCollaborationRooms.stories.tsx[2m > [22m[2mStudent View
[22m[39m[MOCK CourseVectorStore] Initialized with mock data
[90mstdout[2m | src/components/PeerReview/OpenCollaborationRooms.stories.tsx[2m > [22m[2mStudent View
[22m[39m[FilesContext] Vector store population triggered {
  "currentVectorStoreSize": 3,
  "documentsCount": 0,
  "filesCount": 6,
  "isInitialLoad": true,
}
[90mstdout[2m | src/components/PeerReview/OpenCollaborationRooms.stories.tsx[2m > [22m[2mStudent View
[22m[39m[FilesContext] Vector store population complete - 3 total embeddings
[90mstdout[2m | src/components/PeerReview/OpenCollaborationRooms.stories.tsx[2m > [22m[2mStudent View
[22m[39m[ChatContext] Chat exists and not archived, skipping creation
[90mstdout[2m | src/components/PeerReview/OpenCollaborationRooms.stories.tsx[2m > [22m[2mOnly Tutoring Rooms
[22m[39m[ChatContext] Cleaning up subscriptions
[90mstdout[2m | src/components/PeerReview/OpenCollaborationRooms.stories.tsx[2m > [22m[2mOnly Tutoring Rooms
[22m[39m[Mock Data] Unit.onUpdate() subscription removed. Remaining: 0
[90mstdout[2m | src/components/PeerReview/OpenCollaborationRooms.stories.tsx[2m > [22m[2mOnly Tutoring Rooms
[22m[39m[MOCK CourseVectorStore] Initialized with mock data
[90mstdout[2m | src/components/PeerReview/OpenCollaborationRooms.stories.tsx[2m > [22m[2mOnly Tutoring Rooms
[22m[39m[TranslationModeController] Setting mode to: off
[90mstdout[2m | src/components/PeerReview/OpenCollaborationRooms.stories.tsx[2m > [22m[2mOnly Tutoring Rooms
[22m[39m[UnitContext] useEffect triggered {
  "authLoading": false,
  "hasUser": true,
  "id": "mock-unit-id",
  "userSub": "mock-user-sub",
}
[90mstdout[2m | src/components/PeerReview/OpenCollaborationRooms.stories.tsx[2m > [22m[2mOnly Tutoring Rooms
[22m[39m[UnitContext] Fetching unit data for id: mock-unit-id
[90mstdout[2m | src/components/PeerReview/OpenCollaborationRooms.stories.tsx[2m > [22m[2mOnly Tutoring Rooms
[22m[39m[FilesContext] Initializing vector store from IndexedDB
[90mstdout[2m | src/components/PeerReview/OpenCollaborationRooms.stories.tsx[2m > [22m[2mOnly Tutoring Rooms
[22m[39m[FilesContext] fetchFiles called
[90mstdout[2m | src/components/PeerReview/OpenCollaborationRooms.stories.tsx[2m > [22m[2mOnly Tutoring Rooms
[22m[39m[FilesContext] User authenticated: mock-user-sub
[90mstdout[2m | src/components/PeerReview/OpenCollaborationRooms.stories.tsx[2m > [22m[2mOnly Tutoring Rooms
[22m[39m[FilesContext] Identity ID: us-east-1:mock-identity-123
[90mstdout[2m | src/components/PeerReview/OpenCollaborationRooms.stories.tsx[2m > [22m[2mOnly Tutoring Rooms
[22m[39m[FilesContext] About to set up File observeQuery
[90mstdout[2m | src/components/PeerReview/OpenCollaborationRooms.stories.tsx[2m > [22m[2mOnly Tutoring Rooms
[22m[39m[ChatContext] Setting up AssistantChat observeQuery
[90mstdout[2m | src/components/PeerReview/OpenCollaborationRooms.stories.tsx[2m > [22m[2mOnly Tutoring Rooms
[22m[39m[ChatContext] Waiting for subscription to initialize
[90mstdout[2m | src/components/PeerReview/OpenCollaborationRooms.stories.tsx[2m > [22m[2mOnly Tutoring Rooms
[22m[39m[SettingsContext] Setting up Settings subscription for user: mock-user-sub
[90mstdout[2m | src/components/PeerReview/OpenCollaborationRooms.stories.tsx[2m > [22m[2mOnly Tutoring Rooms
[22m[39m[Mock Data] Settings created: mock-settings-1790418830869 - notified 0 subscribers
[90mstdout[2m | src/components/PeerReview/OpenCollaborationRooms.stories.tsx[2m > [22m[2mOnly Tutoring Rooms
[22m[39m[Mock Data] Unit.onUpdate() subscription added. Total: 1
[90mstdout[2m | src/components/PeerReview/OpenCollaborationRooms.stories.tsx[2m > [22m[2mOnly Tutoring Rooms
[22m[39m[SectionContext] Section observeQuery update: 0
[90mstdout[2m | src/components/PeerReview/OpenCollaborationRooms.stories.tsx[2m > [22m[2mOnly Tutoring Rooms
[22m[39m[FilesContext] File observeQuery update: 6 files
[90mstdout[2m | src/components/PeerReview/OpenCollaborationRooms.stories.tsx[2m > [22m[2mOnly Tutoring Rooms
[22m[39m[ChatContext] AssistantChat initialized with 1 chats
[90mstdout[2m | src/components/PeerReview/OpenCollaborationRooms.stories.tsx[2m > [22m[2mOnly Tutoring Rooms
[22m[39m[ChatContext] Setting initial chat: mock-assistant-chat-1
[90mstdout[2m | src/components/PeerReview/OpenCollaborationRooms.stories.tsx[2m > [22m[2mOnly Tutoring Rooms
[22m[39m[MOCK CourseVectorStore] Initialized with mock data
[90mstdout[2m | src/components/PeerReview/OpenCollaborationRooms.stories.tsx[2m > [22m[2mOnly Tutoring Rooms
[22m[39m[FilesContext] Vector store population triggered {
  "currentVectorStoreSize": 3,
  "documentsCount": 0,
  "filesCount": 6,
  "isInitialLoad": true,
}
[90mstdout[2m | src/components/PeerReview/OpenCollaborationRooms.stories.tsx[2m > [22m[2mOnly Tutoring Rooms
[22m[39m[FilesContext] Vector store population complete - 3 total embeddings
[90mstdout[2m | src/components/PeerReview/OpenCollaborationRooms.stories.tsx[2m > [22m[2mOnly Tutoring Rooms
[22m[39m[ChatContext] Chat exists and not archived, skipping creation
[90mstdout[2m | src/components/PeerReview/OpenCollaborationRooms.stories.tsx[2m > [22m[2mOnly Tutoring Rooms
[22m[39m[Mock Storage] downloadData called with: undefined
[90mstdout[2m | src/components/PeerReview/OpenCollaborationRooms.stories.tsx[2m > [22m[2mEmpty Rooms
[22m[39m[ChatContext] Cleaning up subscriptions
[90mstdout[2m | src/components/PeerReview/OpenCollaborationRooms.stories.tsx[2m > [22m[2mEmpty Rooms
[22m[39m[Mock Data] Unit.onUpdate() subscription removed. Remaining: 0
[90mstdout[2m | src/components/PeerReview/OpenCollaborationRooms.stories.tsx[2m > [22m[2mEmpty Rooms
[22m[39m[MOCK CourseVectorStore] Initialized with mock data
[90mstdout[2m | src/components/PeerReview/OpenCollaborationRooms.stories.tsx[2m > [22m[2mEmpty Rooms
[22m[39m[TranslationModeController] Setting mode to: off
[90mstdout[2m | src/components/PeerReview/OpenCollaborationRooms.stories.tsx[2m > [22m[2mEmpty Rooms
[22m[39m[UnitContext] useEffect triggered {
  "authLoading": false,
  "hasUser": true,
  "id": "mock-unit-id",
  "userSub": "mock-user-sub",
}
[90mstdout[2m | src/components/PeerReview/OpenCollaborationRooms.stories.tsx[2m > [22m[2mEmpty Rooms
[22m[39m[UnitContext] Fetching unit data for id: mock-unit-id
[90mstdout[2m | src/components/PeerReview/OpenCollaborationRooms.stories.tsx[2m > [22m[2mEmpty Rooms
[22m[39m[FilesContext] Initializing vector store from IndexedDB
[90mstdout[2m | src/components/PeerReview/OpenCollaborationRooms.stories.tsx[2m > [22m[2mEmpty Rooms
[22m[39m[FilesContext] fetchFiles called
[90mstdout[2m | src/components/PeerReview/OpenCollaborationRooms.stories.tsx[2m > [22m[2mEmpty Rooms
[22m[39m[FilesContext] User authenticated: mock-user-sub
[90mstdout[2m | src/components/PeerReview/OpenCollaborationRooms.stories.tsx[2m > [22m[2mEmpty Rooms
[22m[39m[FilesContext] Identity ID: us-east-1:mock-identity-123
[90mstdout[2m | src/components/PeerReview/OpenCollaborationRooms.stories.tsx[2m > [22m[2mEmpty Rooms
[22m[39m[FilesContext] About to set up File observeQuery
[90mstdout[2m | src/components/PeerReview/OpenCollaborationRooms.stories.tsx[2m > [22m[2mEmpty Rooms
[22m[39m[ChatContext] Setting up AssistantChat observeQuery
[90mstdout[2m | src/components/PeerReview/OpenCollaborationRooms.stories.tsx[2m > [22m[2mEmpty Rooms
[22m[39m[ChatContext] Waiting for subscription to initialize
[90mstdout[2m | src/components/PeerReview/OpenCollaborationRooms.stories.tsx[2m > [22m[2mEmpty Rooms
[22m[39m[SettingsContext] Setting up Settings subscription for user: mock-user-sub
[90mstdout[2m | src/components/PeerReview/OpenCollaborationRooms.stories.tsx[2m > [22m[2mEmpty Rooms
[22m[39m[Mock Data] Settings created: mock-settings-1790418831030 - notified 0 subscribers
[90mstdout[2m | src/components/PeerReview/OpenCollaborationRooms.stories.tsx[2m > [22m[2mEmpty Rooms
[22m[39m[Mock Data] Unit.onUpdate() subscription added. Total: 1
[90mstdout[2m | src/components/PeerReview/OpenCollaborationRooms.stories.tsx[2m > [22m[2mEmpty Rooms
[22m[39m[SectionContext] Section observeQuery update: 0
[90mstdout[2m | src/components/PeerReview/OpenCollaborationRooms.stories.tsx[2m > [22m[2mEmpty Rooms
[22m[39m[FilesContext] File observeQuery update: 6 files
[90mstdout[2m | src/components/PeerReview/OpenCollaborationRooms.stories.tsx[2m > [22m[2mEmpty Rooms
[22m[39m[ChatContext] AssistantChat initialized with 1 chats
[90mstdout[2m | src/components/PeerReview/OpenCollaborationRooms.stories.tsx[2m > [22m[2mEmpty Rooms
[22m[39m[ChatContext] Setting initial chat: mock-assistant-chat-1
[90mstdout[2m | src/components/PeerReview/OpenCollaborationRooms.stories.tsx[2m > [22m[2mEmpty Rooms
[22m[39m[MOCK CourseVectorStore] Initialized with mock data
[90mstdout[2m | src/components/PeerReview/OpenCollaborationRooms.stories.tsx[2m > [22m[2mEmpty Rooms
[22m[39m[FilesContext] Vector store population triggered {
  "currentVectorStoreSize": 3,
  "documentsCount": 0,
  "filesCount": 6,
  "isInitialLoad": true,
}
[90mstdout[2m | src/components/PeerReview/OpenCollaborationRooms.stories.tsx[2m > [22m[2mEmpty Rooms
[22m[39m[FilesContext] Vector store population complete - 3 total embeddings
[90mstdout[2m | src/components/PeerReview/OpenCollaborationRooms.stories.tsx[2m > [22m[2mEmpty Rooms
[22m[39m[ChatContext] Chat exists and not archived, skipping creation
[90mstdout[2m | src/components/PeerReview/OpenCollaborationRooms.stories.tsx[2m > [22m[2mEmpty Rooms
[22m[39m[Mock Storage] downloadData called with: undefined
 [32m✓[39m [30m[45m storybook (chromium) [49m[39m src/components/PeerReview/OpenCollaborationRooms.stories.tsx [2m([22m[2m4 tests[22m[2m)[22m[33m 844[2mms[22m[39m
   [33m[2m✓[22m[39m Instructor View [33m 315[2mms[22m[39m
[90mstdout[2m | unknown test
[22m[39m[MOCK vectorStoreDB.js] Module loaded - mock IndexedDB operations
[90mstdout[2m | unknown test
[22m[39m[Task Completion] DOM action listeners initialized
[90mstdout[2m | unknown test
[22m[39m[Task Completion] Auto-completion detector initialized
[90mstdout[2m | unknown test
[22m[39m[Preview] Task completion detector initialized
[90mstdout[2m | src/components/MiniEditor/MiniEditor.stories.tsx[2m > [22m[2mRead Only
[22m[39m[MOCK CourseVectorStore] Initialized with mock data
[90mstdout[2m | src/components/MiniEditor/MiniEditor.stories.tsx[2m > [22m[2mRead Only
[22m[39m[TranslationModeController] Setting mode to: off
[90mstdout[2m | src/components/MiniEditor/MiniEditor.stories.tsx[2m > [22m[2mRead Only
[22m[39m[UnitContext] useEffect triggered {
  "authLoading": false,
  "hasUser": true,
  "id": "mock-unit-id",
  "userSub": "mock-user-sub",
}
[90mstdout[2m | src/components/MiniEditor/MiniEditor.stories.tsx[2m > [22m[2mRead Only
[22m[39m[UnitContext] Fetching unit data for id: mock-unit-id
[90mstdout[2m | src/components/MiniEditor/MiniEditor.stories.tsx[2m > [22m[2mRead Only
[22m[39m[FilesContext] Initializing vector store from IndexedDB
[90mstdout[2m | src/components/MiniEditor/MiniEditor.stories.tsx[2m > [22m[2mRead Only
[22m[39m[FilesContext] fetchFiles called
[90mstdout[2m | src/components/MiniEditor/MiniEditor.stories.tsx[2m > [22m[2mRead Only
[22m[39m[FilesContext] User authenticated: mock-user-sub
[90mstdout[2m | src/components/MiniEditor/MiniEditor.stories.tsx[2m > [22m[2mRead Only
[22m[39m[FilesContext] Identity ID: us-east-1:mock-identity-123
[90mstdout[2m | src/components/MiniEditor/MiniEditor.stories.tsx[2m > [22m[2mRead Only
[22m[39m[FilesContext] About to set up File observeQuery
[90mstdout[2m | src/components/MiniEditor/MiniEditor.stories.tsx[2m > [22m[2mRead Only
[22m[39m[ChatContext] Setting up AssistantChat observeQuery
[90mstdout[2m | src/components/MiniEditor/MiniEditor.stories.tsx[2m > [22m[2mRead Only
[22m[39m[ChatContext] Waiting for subscription to initialize
[90mstdout[2m | src/components/MiniEditor/MiniEditor.stories.tsx[2m > [22m[2mRead Only
[22m[39m[SettingsContext] Setting up Settings subscription for user: mock-user-sub
[90mstdout[2m | src/components/MiniEditor/MiniEditor.stories.tsx[2m > [22m[2mRead Only
[22m[39m[Mock Data] Settings created: mock-settings-1790418834580 - notified 0 subscribers
[90mstdout[2m | src/components/MiniEditor/MiniEditor.stories.tsx[2m > [22m[2mRead Only
[22m[39m[Mock Data] Unit.onUpdate() subscription added. Total: 1
[90mstdout[2m | src/components/MiniEditor/MiniEditor.stories.tsx[2m > [22m[2mRead Only
[22m[39m[SectionContext] Section observeQuery update: 0
[90mstdout[2m | src/components/MiniEditor/MiniEditor.stories.tsx[2m > [22m[2mRead Only
[22m[39m[FilesContext] File observeQuery update: 6 files
[90mstdout[2m | src/components/MiniEditor/MiniEditor.stories.tsx[2m > [22m[2mRead Only
[22m[39m[ChatContext] AssistantChat initialized with 1 chats
[90mstdout[2m | src/components/MiniEditor/MiniEditor.stories.tsx[2m > [22m[2mRead Only
[22m[39m[ChatContext] Setting initial chat: mock-assistant-chat-1
[90mstdout[2m | src/components/MiniEditor/MiniEditor.stories.tsx[2m > [22m[2mRead Only
[22m[39m[MOCK CourseVectorStore] Initialized with mock data
[90mstdout[2m | src/components/MiniEditor/MiniEditor.stories.tsx[2m > [22m[2mRead Only
[22m[39m[FilesContext] Vector store population triggered {
  "currentVectorStoreSize": 3,
  "documentsCount": 0,
  "filesCount": 6,
  "isInitialLoad": true,
}
[90mstdout[2m | src/components/MiniEditor/MiniEditor.stories.tsx[2m > [22m[2mRead Only
[22m[39m[FilesContext] Vector store population complete - 3 total embeddings
[90mstdout[2m | src/components/MiniEditor/MiniEditor.stories.tsx[2m > [22m[2mRead Only
[22m[39m[ChatContext] Chat exists and not archived, skipping creation
[90mstdout[2m | src/components/MiniEditor/MiniEditor.stories.tsx[2m > [22m[2mRead Only
[22m[39m[Mock Storage] downloadData called with: undefined
[90mstdout[2m | src/components/MiniEditor/MiniEditor.stories.tsx[2m > [22m[2mRead-Only (Compact)
[22m[39m[ChatContext] Cleaning up subscriptions
[90mstdout[2m | src/components/MiniEditor/MiniEditor.stories.tsx[2m > [22m[2mRead-Only (Compact)
[22m[39m[Mock Data] Unit.onUpdate() subscription removed. Remaining: 0
[90mstdout[2m | src/components/MiniEditor/MiniEditor.stories.tsx[2m > [22m[2mRead-Only (Compact)
[22m[39m[MOCK CourseVectorStore] Initialized with mock data
[90mstdout[2m | src/components/MiniEditor/MiniEditor.stories.tsx[2m > [22m[2mRead-Only (Compact)
[22m[39m[TranslationModeController] Setting mode to: off
[90mstdout[2m | src/components/MiniEditor/MiniEditor.stories.tsx[2m > [22m[2mRead-Only (Compact)
[22m[39m[UnitContext] useEffect triggered {
  "authLoading": false,
  "hasUser": true,
  "id": "mock-unit-id",
  "userSub": "mock-user-sub",
}
[90mstdout[2m | src/components/MiniEditor/MiniEditor.stories.tsx[2m > [22m[2mRead-Only (Compact)
[22m[39m[UnitContext] Fetching unit data for id: mock-unit-id
[90mstdout[2m | src/components/MiniEditor/MiniEditor.stories.tsx[2m > [22m[2mRead-Only (Compact)
[22m[39m[FilesContext] Initializing vector store from IndexedDB
[90mstdout[2m | src/components/MiniEditor/MiniEditor.stories.tsx[2m > [22m[2mRead-Only (Compact)
[22m[39m[FilesContext] fetchFiles called
[90mstdout[2m | src/components/MiniEditor/MiniEditor.stories.tsx[2m > [22m[2mRead-Only (Compact)
[22m[39m[FilesContext] User authenticated: mock-user-sub
[90mstdout[2m | src/components/MiniEditor/MiniEditor.stories.tsx[2m > [22m[2mRead-Only (Compact)
[22m[39m[FilesContext] Identity ID: us-east-1:mock-identity-123
[90mstdout[2m | src/components/MiniEditor/MiniEditor.stories.tsx[2m > [22m[2mRead-Only (Compact)
[22m[39m[FilesContext] About to set up File observeQuery
[90mstdout[2m | src/components/MiniEditor/MiniEditor.stories.tsx[2m > [22m[2mRead-Only (Compact)
[22m[39m[ChatContext] Setting up AssistantChat observeQuery
[90mstdout[2m | src/components/MiniEditor/MiniEditor.stories.tsx[2m > [22m[2mRead-Only (Compact)
[22m[39m[ChatContext] Waiting for subscription to initialize
[90mstdout[2m | src/components/MiniEditor/MiniEditor.stories.tsx[2m > [22m[2mRead-Only (Compact)
[22m[39m[SettingsContext] Setting up Settings subscription for user: mock-user-sub
[90mstdout[2m | src/components/MiniEditor/MiniEditor.stories.tsx[2m > [22m[2mRead-Only (Compact)
[22m[39m[Mock Data] Settings created: mock-settings-1790418834728 - notified 0 subscribers
[90mstdout[2m | src/components/MiniEditor/MiniEditor.stories.tsx[2m > [22m[2mRead-Only (Compact)
[22m[39m[Mock Data] Unit.onUpdate() subscription added. Total: 1
[90mstdout[2m | src/components/MiniEditor/MiniEditor.stories.tsx[2m > [22m[2mRead-Only (Compact)
[22m[39m[SectionContext] Section observeQuery update: 0
[90mstdout[2m | src/components/MiniEditor/MiniEditor.stories.tsx[2m > [22m[2mRead-Only (Compact)
[22m[39m[FilesContext] File observeQuery update: 6 files
[90mstdout[2m | src/components/MiniEditor/MiniEditor.stories.tsx[2m > [22m[2mRead-Only (Compact)
[22m[39m[MOCK CourseVectorStore] Initialized with mock data
[90mstdout[2m | src/components/MiniEditor/MiniEditor.stories.tsx[2m > [22m[2mRead-Only (Compact)
[22m[39m[FilesContext] Vector store population triggered {
  "currentVectorStoreSize": 3,
  "documentsCount": 0,
  "filesCount": 6,
  "isInitialLoad": true,
}
[90mstdout[2m | src/components/MiniEditor/MiniEditor.stories.tsx[2m > [22m[2mRead-Only (Compact)
[22m[39m[FilesContext] Vector store population complete - 3 total embeddings
[90mstdout[2m | src/components/MiniEditor/MiniEditor.stories.tsx[2m > [22m[2mRead-Only (Compact)
[22m[39m[ChatContext] AssistantChat initialized with 1 chats
[90mstdout[2m | src/components/MiniEditor/MiniEditor.stories.tsx[2m > [22m[2mRead-Only (Compact)
[22m[39m[ChatContext] Setting initial chat: mock-assistant-chat-1
[90mstdout[2m | src/components/MiniEditor/MiniEditor.stories.tsx[2m > [22m[2mRead-Only (Compact)
[22m[39m[Mock Storage] downloadData called with: undefined
[90mstdout[2m | src/components/MiniEditor/MiniEditor.stories.tsx[2m > [22m[2mRead-Only (Compact)
[22m[39m[ChatContext] Chat exists and not archived, skipping creation
[90mstdout[2m | src/components/MiniEditor/MiniEditor.stories.tsx[2m > [22m[2mRead-Only (Scrollable)
[22m[39m[ChatContext] Cleaning up subscriptions
[90mstdout[2m | src/components/MiniEditor/MiniEditor.stories.tsx[2m > [22m[2mRead-Only (Scrollable)
[22m[39m[Mock Data] Unit.onUpdate() subscription removed. Remaining: 0
[90mstdout[2m | src/components/MiniEditor/MiniEditor.stories.tsx[2m > [22m[2mRead-Only (Scrollable)
[22m[39m[MOCK CourseVectorStore] Initialized with mock data
[90mstdout[2m | src/components/MiniEditor/MiniEditor.stories.tsx[2m > [22m[2mRead-Only (Scrollable)
[22m[39m[TranslationModeController] Setting mode to: off
[90mstdout[2m | src/components/MiniEditor/MiniEditor.stories.tsx[2m > [22m[2mRead-Only (Scrollable)
[22m[39m[UnitContext] useEffect triggered {
  "authLoading": false,
  "hasUser": true,
  "id": "mock-unit-id",
  "userSub": "mock-user-sub",
}
[90mstdout[2m | src/components/MiniEditor/MiniEditor.stories.tsx[2m > [22m[2mRead-Only (Scrollable)
[22m[39m[UnitContext] Fetching unit data for id: mock-unit-id
[90mstdout[2m | src/components/MiniEditor/MiniEditor.stories.tsx[2m > [22m[2mRead-Only (Scrollable)
[22m[39m[FilesContext] Initializing vector store from IndexedDB
[90mstdout[2m | src/components/MiniEditor/MiniEditor.stories.tsx[2m > [22m[2mRead-Only (Scrollable)
[22m[39m[FilesContext] fetchFiles called
[90mstdout[2m | src/components/MiniEditor/MiniEditor.stories.tsx[2m > [22m[2mRead-Only (Scrollable)
[22m[39m[FilesContext] User authenticated: mock-user-sub
[90mstdout[2m | src/components/MiniEditor/MiniEditor.stories.tsx[2m > [22m[2mRead-Only (Scrollable)
[22m[39m[FilesContext] Identity ID: us-east-1:mock-identity-123
[90mstdout[2m | src/components/MiniEditor/MiniEditor.stories.tsx[2m > [22m[2mRead-Only (Scrollable)
[22m[39m[FilesContext] About to set up File observeQuery
[90mstdout[2m | src/components/MiniEditor/MiniEditor.stories.tsx[2m > [22m[2mRead-Only (Scrollable)
[22m[39m[ChatContext] Setting up AssistantChat observeQuery
[90mstdout[2m | src/components/MiniEditor/MiniEditor.stories.tsx[2m > [22m[2mRead-Only (Scrollable)
[22m[39m[ChatContext] Waiting for subscription to initialize
[90mstdout[2m | src/components/MiniEditor/MiniEditor.stories.tsx[2m > [22m[2mRead-Only (Scrollable)
[22m[39m[SettingsContext] Setting up Settings subscription for user: mock-user-sub
[90mstdout[2m | src/components/MiniEditor/MiniEditor.stories.tsx[2m > [22m[2mRead-Only (Scrollable)
[22m[39m[Mock Data] Settings created: mock-settings-1790418834837 - notified 0 subscribers
[90mstdout[2m | src/components/MiniEditor/MiniEditor.stories.tsx[2m > [22m[2mRead-Only (Scrollable)
[22m[39m[Mock Data] Unit.onUpdate() subscription added. Total: 1
[90mstdout[2m | src/components/MiniEditor/MiniEditor.stories.tsx[2m > [22m[2mRead-Only (Scrollable)
[22m[39m[SectionContext] Section observeQuery update: 0
[90mstdout[2m | src/components/MiniEditor/MiniEditor.stories.tsx[2m > [22m[2mRead-Only (Scrollable)
[22m[39m[FilesContext] File observeQuery update: 6 files
[90mstdout[2m | src/components/MiniEditor/MiniEditor.stories.tsx[2m > [22m[2mRead-Only (Scrollable)
[22m[39m[ChatContext] AssistantChat initialized with 1 chats
[90mstdout[2m | src/components/MiniEditor/MiniEditor.stories.tsx[2m > [22m[2mRead-Only (Scrollable)
[22m[39m[ChatContext] Setting initial chat: mock-assistant-chat-1
[90mstdout[2m | src/components/MiniEditor/MiniEditor.stories.tsx[2m > [22m[2mRead-Only (Scrollable)
[22m[39m[Mock Storage] downloadData called with: undefined
[90mstdout[2m | src/components/MiniEditor/MiniEditor.stories.tsx[2m > [22m[2mRead-Only (Scrollable)
[22m[39m[MOCK CourseVectorStore] Initialized with mock data
[90mstdout[2m | src/components/MiniEditor/MiniEditor.stories.tsx[2m > [22m[2mRead-Only (Scrollable)
[22m[39m[FilesContext] Vector store population triggered {
  "currentVectorStoreSize": 3,
  "documentsCount": 0,
  "filesCount": 6,
  "isInitialLoad": true,
}
[90mstdout[2m | src/components/MiniEditor/MiniEditor.stories.tsx[2m > [22m[2mRead-Only (Scrollable)
[22m[39m[FilesContext] Vector store population complete - 3 total embeddings
[90mstdout[2m | src/components/MiniEditor/MiniEditor.stories.tsx[2m > [22m[2mRead-Only (Scrollable)
[22m[39m[ChatContext] Chat exists and not archived, skipping creation
[90mstdout[2m | src/components/MiniEditor/MiniEditor.stories.tsx[2m > [22m[2mRead-Only (No content)
[22m[39m[ChatContext] Cleaning up subscriptions
[90mstdout[2m | src/components/MiniEditor/MiniEditor.stories.tsx[2m > [22m[2mRead-Only (No content)
[22m[39m[Mock Data] Unit.onUpdate() subscription removed. Remaining: 0
[90mstdout[2m | src/components/MiniEditor/MiniEditor.stories.tsx[2m > [22m[2mRead-Only (No content)
[22m[39m[MOCK CourseVectorStore] Initialized with mock data
[90mstdout[2m | src/components/MiniEditor/MiniEditor.stories.tsx[2m > [22m[2mRead-Only (No content)
[22m[39m[TranslationModeController] Setting mode to: off
[90mstdout[2m | src/components/MiniEditor/MiniEditor.stories.tsx[2m > [22m[2mRead-Only (No content)
[22m[39m[UnitContext] useEffect triggered {
  "authLoading": false,
  "hasUser": true,
  "id": "mock-unit-id",
  "userSub": "mock-user-sub",
}
[90mstdout[2m | src/components/MiniEditor/MiniEditor.stories.tsx[2m > [22m[2mRead-Only (No content)
[22m[39m[UnitContext] Fetching unit data for id: mock-unit-id
[90mstdout[2m | src/components/MiniEditor/MiniEditor.stories.tsx[2m > [22m[2mRead-Only (No content)
[22m[39m[FilesContext] Initializing vector store from IndexedDB
[90mstdout[2m | src/components/MiniEditor/MiniEditor.stories.tsx[2m > [22m[2mRead-Only (No content)
[22m[39m[FilesContext] fetchFiles called
[90mstdout[2m | src/components/MiniEditor/MiniEditor.stories.tsx[2m > [22m[2mRead-Only (No content)
[22m[39m[FilesContext] User authenticated: mock-user-sub
[90mstdout[2m | src/components/MiniEditor/MiniEditor.stories.tsx[2m > [22m[2mRead-Only (No content)
[22m[39m[FilesContext] Identity ID: us-east-1:mock-identity-123
[90mstdout[2m | src/components/MiniEditor/MiniEditor.stories.tsx[2m > [22m[2mRead-Only (No content)
[22m[39m[FilesContext] About to set up File observeQuery
[90mstdout[2m | src/components/MiniEditor/MiniEditor.stories.tsx[2m > [22m[2mRead-Only (No content)
[22m[39m[ChatContext] Setting up AssistantChat observeQuery
[90mstdout[2m | src/components/MiniEditor/MiniEditor.stories.tsx[2m > [22m[2mRead-Only (No content)
[22m[39m[ChatContext] Waiting for subscription to initialize
[90mstdout[2m | src/components/MiniEditor/MiniEditor.stories.tsx[2m > [22m[2mRead-Only (No content)
[22m[39m[SettingsContext] Setting up Settings subscription for user: mock-user-sub
[90mstdout[2m | src/components/MiniEditor/MiniEditor.stories.tsx[2m > [22m[2mRead-Only (No content)
[22m[39m[Mock Data] Settings created: mock-settings-1790418834955 - notified 0 subscribers
[90mstdout[2m | src/components/MiniEditor/MiniEditor.stories.tsx[2m > [22m[2mRead-Only (No content)
[22m[39m[Mock Data] Unit.onUpdate() subscription added. Total: 1
[90mstdout[2m | src/components/MiniEditor/MiniEditor.stories.tsx[2m > [22m[2mRead-Only (No content)
[22m[39m[SectionContext] Section observeQuery update: 0
[90mstdout[2m | src/components/MiniEditor/MiniEditor.stories.tsx[2m > [22m[2mRead-Only (No content)
[22m[39m[FilesContext] File observeQuery update: 6 files
[90mstdout[2m | src/components/MiniEditor/MiniEditor.stories.tsx[2m > [22m[2mRead-Only (No content)
[22m[39m[ChatContext] AssistantChat initialized with 1 chats
[90mstdout[2m | src/components/MiniEditor/MiniEditor.stories.tsx[2m > [22m[2mRead-Only (No content)
[22m[39m[ChatContext] Setting initial chat: mock-assistant-chat-1
[90mstdout[2m | src/components/MiniEditor/MiniEditor.stories.tsx[2m > [22m[2mRead-Only (No content)
[22m[39m[MOCK CourseVectorStore] Initialized with mock data
[90mstdout[2m | src/components/MiniEditor/MiniEditor.stories.tsx[2m > [22m[2mRead-Only (No content)
[22m[39m[FilesContext] Vector store population triggered {
  "currentVectorStoreSize": 3,
  "documentsCount": 0,
  "filesCount": 6,
  "isInitialLoad": true,
}
[90mstdout[2m | src/components/MiniEditor/MiniEditor.stories.tsx[2m > [22m[2mRead-Only (No content)
[22m[39m[FilesContext] Vector store population complete - 3 total embeddings
[90mstdout[2m | src/components/MiniEditor/MiniEditor.stories.tsx[2m > [22m[2mRead-Only (No content)
[22m[39m[ChatContext] Chat exists and not archived, skipping creation
[90mstdout[2m | src/components/MiniEditor/MiniEditor.stories.tsx[2m > [22m[2mRead-Only (No content)
[22m[39m[Mock Storage] downloadData called with: undefined
[90mstdout[2m | src/components/MiniEditor/MiniEditor.stories.tsx[2m > [22m[2mEditable
[22m[39m[ChatContext] Cleaning up subscriptions
[90mstdout[2m | src/components/MiniEditor/MiniEditor.stories.tsx[2m > [22m[2mEditable
[22m[39m[Mock Data] Unit.onUpdate() subscription removed. Remaining: 0
[90mstdout[2m | src/components/MiniEditor/MiniEditor.stories.tsx[2m > [22m[2mEditable
[22m[39m[MOCK CourseVectorStore] Initialized with mock data
[90mstdout[2m | src/components/MiniEditor/MiniEditor.stories.tsx[2m > [22m[2mEditable
[22m[39m[TranslationModeController] Setting mode to: off
[90mstdout[2m | src/components/MiniEditor/MiniEditor.stories.tsx[2m > [22m[2mEditable
[22m[39m[UnitContext] useEffect triggered {
  "authLoading": false,
  "hasUser": true,
  "id": "mock-unit-id",
  "userSub": "mock-user-sub",
}
[90mstdout[2m | src/components/MiniEditor/MiniEditor.stories.tsx[2m > [22m[2mEditable
[22m[39m[UnitContext] Fetching unit data for id: mock-unit-id
[90mstdout[2m | src/components/MiniEditor/MiniEditor.stories.tsx[2m > [22m[2mEditable
[22m[39m[FilesContext] Initializing vector store from IndexedDB
[90mstdout[2m | src/components/MiniEditor/MiniEditor.stories.tsx[2m > [22m[2mEditable
[22m[39m[FilesContext] fetchFiles called
[90mstdout[2m | src/components/MiniEditor/MiniEditor.stories.tsx[2m > [22m[2mEditable
[22m[39m[FilesContext] User authenticated: mock-user-sub
[90mstdout[2m | src/components/MiniEditor/MiniEditor.stories.tsx[2m > [22m[2mEditable
[22m[39m[FilesContext] Identity ID: us-east-1:mock-identity-123
[90mstdout[2m | src/components/MiniEditor/MiniEditor.stories.tsx[2m > [22m[2mEditable
[22m[39m[FilesContext] About to set up File observeQuery
[90mstdout[2m | src/components/MiniEditor/MiniEditor.stories.tsx[2m > [22m[2mEditable
[22m[39m[ChatContext] Setting up AssistantChat observeQuery
[90mstdout[2m | src/components/MiniEditor/MiniEditor.stories.tsx[2m > [22m[2mEditable
[22m[39m[ChatContext] Waiting for subscription to initialize
[90mstdout[2m | src/components/MiniEditor/MiniEditor.stories.tsx[2m > [22m[2mEditable
[22m[39m[SettingsContext] Setting up Settings subscription for user: mock-user-sub
[90mstdout[2m | src/components/MiniEditor/MiniEditor.stories.tsx[2m > [22m[2mEditable
[22m[39m[Mock Data] Settings created: mock-settings-1790418835074 - notified 0 subscribers
[90mstdout[2m | src/components/MiniEditor/MiniEditor.stories.tsx[2m > [22m[2mEditable
[22m[39m[Mock Data] Unit.onUpdate() subscription added. Total: 1
[90mstdout[2m | src/components/MiniEditor/MiniEditor.stories.tsx[2m > [22m[2mEditable
[22m[39m[SectionContext] Section observeQuery update: 0
[90mstdout[2m | src/components/MiniEditor/MiniEditor.stories.tsx[2m > [22m[2mEditable
[22m[39m[FilesContext] File observeQuery update: 6 files
[90mstdout[2m | src/components/MiniEditor/MiniEditor.stories.tsx[2m > [22m[2mEditable
[22m[39m[ChatContext] AssistantChat initialized with 1 chats
[90mstdout[2m | src/components/MiniEditor/MiniEditor.stories.tsx[2m > [22m[2mEditable
[22m[39m[ChatContext] Setting initial chat: mock-assistant-chat-1
[90mstdout[2m | src/components/MiniEditor/MiniEditor.stories.tsx[2m > [22m[2mEditable
[22m[39m[MOCK CourseVectorStore] Initialized with mock data
[90mstdout[2m | src/components/MiniEditor/MiniEditor.stories.tsx[2m > [22m[2mEditable
[22m[39m[FilesContext] Vector store population triggered {
  "currentVectorStoreSize": 3,
  "documentsCount": 0,
  "filesCount": 6,
  "isInitialLoad": true,
}
[90mstdout[2m | src/components/MiniEditor/MiniEditor.stories.tsx[2m > [22m[2mEditable
[22m[39m[FilesContext] Vector store population complete - 3 total embeddings
[90mstdout[2m | src/components/MiniEditor/MiniEditor.stories.tsx[2m > [22m[2mEditable
[22m[39m[ChatContext] Chat exists and not archived, skipping creation
[90mstdout[2m | src/components/MiniEditor/MiniEditor.stories.tsx[2m > [22m[2mEditable
[22m[39m[Mock Storage] downloadData called with: undefined
[90mstdout[2m | src/components/MiniEditor/MiniEditor.stories.tsx[2m > [22m[2mEditable (Pre-filled)
[22m[39m[ChatContext] Cleaning up subscriptions
[90mstdout[2m | src/components/MiniEditor/MiniEditor.stories.tsx[2m > [22m[2mEditable (Pre-filled)
[22m[39m[Mock Data] Unit.onUpdate() subscription removed. Remaining: 0
[90mstdout[2m | src/components/MiniEditor/MiniEditor.stories.tsx[2m > [22m[2mEditable (Pre-filled)
[22m[39m[MOCK CourseVectorStore] Initialized with mock data
[90mstdout[2m | src/components/MiniEditor/MiniEditor.stories.tsx[2m > [22m[2mEditable (Pre-filled)
[22m[39m[TranslationModeController] Setting mode to: off
[90mstdout[2m | src/components/MiniEditor/MiniEditor.stories.tsx[2m > [22m[2mEditable (Pre-filled)
[22m[39m[UnitContext] useEffect triggered {
  "authLoading": false,
  "hasUser": true,
  "id": "mock-unit-id",
  "userSub": "mock-user-sub",
}
[90mstdout[2m | src/components/MiniEditor/MiniEditor.stories.tsx[2m > [22m[2mEditable (Pre-filled)
[22m[39m[UnitContext] Fetching unit data for id: mock-unit-id
[90mstdout[2m | src/components/MiniEditor/MiniEditor.stories.tsx[2m > [22m[2mEditable (Pre-filled)
[22m[39m[FilesContext] Initializing vector store from IndexedDB
[90mstdout[2m | src/components/MiniEditor/MiniEditor.stories.tsx[2m > [22m[2mEditable (Pre-filled)
[22m[39m[FilesContext] fetchFiles called
[90mstdout[2m | src/components/MiniEditor/MiniEditor.stories.tsx[2m > [22m[2mEditable (Pre-filled)
[22m[39m[FilesContext] User authenticated: mock-user-sub
[90mstdout[2m | src/components/MiniEditor/MiniEditor.stories.tsx[2m > [22m[2mEditable (Pre-filled)
[22m[39m[FilesContext] Identity ID: us-east-1:mock-identity-123
[90mstdout[2m | src/components/MiniEditor/MiniEditor.stories.tsx[2m > [22m[2mEditable (Pre-filled)
[22m[39m[FilesContext] About to set up File observeQuery
[90mstdout[2m | src/components/MiniEditor/MiniEditor.stories.tsx[2m > [22m[2mEditable (Pre-filled)
[22m[39m[ChatContext] Setting up AssistantChat observeQuery
[90mstdout[2m | src/components/MiniEditor/MiniEditor.stories.tsx[2m > [22m[2mEditable (Pre-filled)
[22m[39m[ChatContext] Waiting for subscription to initialize
[90mstdout[2m | src/components/MiniEditor/MiniEditor.stories.tsx[2m > [22m[2mEditable (Pre-filled)
[22m[39m[SettingsContext] Setting up Settings subscription for user: mock-user-sub
[90mstdout[2m | src/components/MiniEditor/MiniEditor.stories.tsx[2m > [22m[2mEditable (Pre-filled)
[22m[39m[Mock Data] Settings created: mock-settings-1790418835182 - notified 0 subscribers
[90mstdout[2m | src/components/MiniEditor/MiniEditor.stories.tsx[2m > [22m[2mEditable (Pre-filled)
[22m[39m[Mock Data] Unit.onUpdate() subscription added. Total: 1
[90mstdout[2m | src/components/MiniEditor/MiniEditor.stories.tsx[2m > [22m[2mEditable (Pre-filled)
[22m[39m[SectionContext] Section observeQuery update: 0
[90mstdout[2m | src/components/MiniEditor/MiniEditor.stories.tsx[2m > [22m[2mEditable (Pre-filled)
[22m[39m[FilesContext] File observeQuery update: 6 files
[90mstdout[2m | src/components/MiniEditor/MiniEditor.stories.tsx[2m > [22m[2mEditable (Pre-filled)
[22m[39m[ChatContext] AssistantChat initialized with 1 chats
[90mstdout[2m | src/components/MiniEditor/MiniEditor.stories.tsx[2m > [22m[2mEditable (Pre-filled)
[22m[39m[ChatContext] Setting initial chat: mock-assistant-chat-1
[90mstdout[2m | src/components/MiniEditor/MiniEditor.stories.tsx[2m > [22m[2mEditable (Pre-filled)
[22m[39m[MOCK CourseVectorStore] Initialized with mock data
[90mstdout[2m | src/components/MiniEditor/MiniEditor.stories.tsx[2m > [22m[2mEditable (Pre-filled)
[22m[39m[FilesContext] Vector store population triggered {
  "currentVectorStoreSize": 3,
  "documentsCount": 0,
  "filesCount": 6,
  "isInitialLoad": true,
}
[90mstdout[2m | src/components/MiniEditor/MiniEditor.stories.tsx[2m > [22m[2mEditable (Pre-filled)
[22m[39m[FilesContext] Vector store population complete - 3 total embeddings
[90mstdout[2m | src/components/MiniEditor/MiniEditor.stories.tsx[2m > [22m[2mEditable (Pre-filled)
[22m[39m[ChatContext] Chat exists and not archived, skipping creation
[90mstdout[2m | src/components/MiniEditor/MiniEditor.stories.tsx[2m > [22m[2mEditable (Pre-filled)
[22m[39m[Mock Storage] downloadData called with: undefined
[90mstdout[2m | src/components/MiniEditor/MiniEditor.stories.tsx[2m > [22m[2mEditable (Chat Mode)
[22m[39m[ChatContext] Cleaning up subscriptions
[90mstdout[2m | src/components/MiniEditor/MiniEditor.stories.tsx[2m > [22m[2mEditable (Chat Mode)
[22m[39m[Mock Data] Unit.onUpdate() subscription removed. Remaining: 0
[90mstdout[2m | src/components/MiniEditor/MiniEditor.stories.tsx[2m > [22m[2mEditable (Chat Mode)
[22m[39m[MOCK CourseVectorStore] Initialized with mock data
[90mstdout[2m | src/components/MiniEditor/MiniEditor.stories.tsx[2m > [22m[2mEditable (Chat Mode)
[22m[39m[TranslationModeController] Setting mode to: off
[90mstdout[2m | src/components/MiniEditor/MiniEditor.stories.tsx[2m > [22m[2mEditable (Chat Mode)
[22m[39m[UnitContext] useEffect triggered {
  "authLoading": false,
  "hasUser": true,
  "id": "mock-unit-id",
  "userSub": "mock-user-sub",
}
[90mstdout[2m | src/components/MiniEditor/MiniEditor.stories.tsx[2m > [22m[2mEditable (Chat Mode)
[22m[39m[UnitContext] Fetching unit data for id: mock-unit-id
[90mstdout[2m | src/components/MiniEditor/MiniEditor.stories.tsx[2m > [22m[2mEditable (Chat Mode)
[22m[39m[FilesContext] Initializing vector store from IndexedDB
[90mstdout[2m | src/components/MiniEditor/MiniEditor.stories.tsx[2m > [22m[2mEditable (Chat Mode)
[22m[39m[FilesContext] fetchFiles called
[90mstdout[2m | src/components/MiniEditor/MiniEditor.stories.tsx[2m > [22m[2mEditable (Chat Mode)
[22m[39m[FilesContext] User authenticated: mock-user-sub
[90mstdout[2m | src/components/MiniEditor/MiniEditor.stories.tsx[2m > [22m[2mEditable (Chat Mode)
[22m[39m[FilesContext] Identity ID: us-east-1:mock-identity-123
[90mstdout[2m | src/components/MiniEditor/MiniEditor.stories.tsx[2m > [22m[2mEditable (Chat Mode)
[22m[39m[FilesContext] About to set up File observeQuery
[90mstdout[2m | src/components/MiniEditor/MiniEditor.stories.tsx[2m > [22m[2mEditable (Chat Mode)
[22m[39m[ChatContext] Setting up AssistantChat observeQuery
[90mstdout[2m | src/components/MiniEditor/MiniEditor.stories.tsx[2m > [22m[2mEditable (Chat Mode)
[22m[39m[ChatContext] Waiting for subscription to initialize
[90mstdout[2m | src/components/MiniEditor/MiniEditor.stories.tsx[2m > [22m[2mEditable (Chat Mode)
[22m[39m[SettingsContext] Setting up Settings subscription for user: mock-user-sub
[90mstdout[2m | src/components/MiniEditor/MiniEditor.stories.tsx[2m > [22m[2mEditable (Chat Mode)
[22m[39m[Mock Data] Settings created: mock-settings-1790418835299 - notified 0 subscribers
[90mstdout[2m | src/components/MiniEditor/MiniEditor.stories.tsx[2m > [22m[2mEditable (Chat Mode)
[22m[39m[Mock Data] Unit.onUpdate() subscription added. Total: 1
[90mstdout[2m | src/components/MiniEditor/MiniEditor.stories.tsx[2m > [22m[2mEditable (Chat Mode)
[22m[39m[SectionContext] Section observeQuery update: 0
[90mstdout[2m | src/components/MiniEditor/MiniEditor.stories.tsx[2m > [22m[2mEditable (Chat Mode)
[22m[39m[FilesContext] File observeQuery update: 6 files
[90mstdout[2m | src/components/MiniEditor/MiniEditor.stories.tsx[2m > [22m[2mEditable (Chat Mode)
[22m[39m[ChatContext] AssistantChat initialized with 1 chats
[90mstdout[2m | src/components/MiniEditor/MiniEditor.stories.tsx[2m > [22m[2mEditable (Chat Mode)
[22m[39m[ChatContext] Setting initial chat: mock-assistant-chat-1
[90mstdout[2m | src/components/MiniEditor/MiniEditor.stories.tsx[2m > [22m[2mEditable (Chat Mode)
[22m[39m[MOCK CourseVectorStore] Initialized with mock data
[90mstdout[2m | src/components/MiniEditor/MiniEditor.stories.tsx[2m > [22m[2mEditable (Chat Mode)
[22m[39m[FilesContext] Vector store population triggered {
  "currentVectorStoreSize": 3,
  "documentsCount": 0,
  "filesCount": 6,
  "isInitialLoad": true,
}
[90mstdout[2m | src/components/MiniEditor/MiniEditor.stories.tsx[2m > [22m[2mEditable (Chat Mode)
[22m[39m[FilesContext] Vector store population complete - 3 total embeddings
[90mstdout[2m | src/components/MiniEditor/MiniEditor.stories.tsx[2m > [22m[2mEditable (Chat Mode)
[22m[39m[ChatContext] Chat exists and not archived, skipping creation
[90mstdout[2m | src/components/MiniEditor/MiniEditor.stories.tsx[2m > [22m[2mEditable (Chat Mode)
[22m[39m[Mock Storage] downloadData called with: undefined
[90mstdout[2m | src/components/MiniEditor/MiniEditor.stories.tsx[2m > [22m[2mChat Mode (No Block Inserter)
[22m[39m[ChatContext] Cleaning up subscriptions
[90mstdout[2m | src/components/MiniEditor/MiniEditor.stories.tsx[2m > [22m[2mChat Mode (No Block Inserter)
[22m[39m[Mock Data] Unit.onUpdate() subscription removed. Remaining: 0
[90mstdout[2m | src/components/MiniEditor/MiniEditor.stories.tsx[2m > [22m[2mChat Mode (No Block Inserter)
[22m[39m[MOCK CourseVectorStore] Initialized with mock data
[90mstdout[2m | src/components/MiniEditor/MiniEditor.stories.tsx[2m > [22m[2mChat Mode (No Block Inserter)
[22m[39m[TranslationModeController] Setting mode to: off
[90mstdout[2m | src/components/MiniEditor/MiniEditor.stories.tsx[2m > [22m[2mChat Mode (No Block Inserter)
[22m[39m[UnitContext] useEffect triggered {
  "authLoading": false,
  "hasUser": true,
  "id": "mock-unit-id",
  "userSub": "mock-user-sub",
}
[90mstdout[2m | src/components/MiniEditor/MiniEditor.stories.tsx[2m > [22m[2mChat Mode (No Block Inserter)
[22m[39m[UnitContext] Fetching unit data for id: mock-unit-id
[90mstdout[2m | src/components/MiniEditor/MiniEditor.stories.tsx[2m > [22m[2mChat Mode (No Block Inserter)
[22m[39m[FilesContext] Initializing vector store from IndexedDB
[90mstdout[2m | src/components/MiniEditor/MiniEditor.stories.tsx[2m > [22m[2mChat Mode (No Block Inserter)
[22m[39m[FilesContext] fetchFiles called
[90mstdout[2m | src/components/MiniEditor/MiniEditor.stories.tsx[2m > [22m[2mChat Mode (No Block Inserter)
[22m[39m[FilesContext] User authenticated: mock-user-sub
[90mstdout[2m | src/components/MiniEditor/MiniEditor.stories.tsx[2m > [22m[2mChat Mode (No Block Inserter)
[22m[39m[FilesContext] Identity ID: us-east-1:mock-identity-123
[90mstdout[2m | src/components/MiniEditor/MiniEditor.stories.tsx[2m > [22m[2mChat Mode (No Block Inserter)
[22m[39m[FilesContext] About to set up File observeQuery
[90mstdout[2m | src/components/MiniEditor/MiniEditor.stories.tsx[2m > [22m[2mChat Mode (No Block Inserter)
[22m[39m[ChatContext] Setting up AssistantChat observeQuery
[90mstdout[2m | src/components/MiniEditor/MiniEditor.stories.tsx[2m > [22m[2mChat Mode (No Block Inserter)
[22m[39m[ChatContext] Waiting for subscription to initialize
[90mstdout[2m | src/components/MiniEditor/MiniEditor.stories.tsx[2m > [22m[2mChat Mode (No Block Inserter)
[22m[39m[SettingsContext] Setting up Settings subscription for user: mock-user-sub
[90mstdout[2m | src/components/MiniEditor/MiniEditor.stories.tsx[2m > [22m[2mChat Mode (No Block Inserter)
[22m[39m[Mock Data] Settings created: mock-settings-1790418835436 - notified 0 subscribers
[90mstdout[2m | src/components/MiniEditor/MiniEditor.stories.tsx[2m > [22m[2mChat Mode (No Block Inserter)
[22m[39m[Mock Data] Unit.onUpdate() subscription added. Total: 1
[90mstdout[2m | src/components/MiniEditor/MiniEditor.stories.tsx[2m > [22m[2mChat Mode (No Block Inserter)
[22m[39m[SectionContext] Section observeQuery update: 0
[90mstdout[2m | src/components/MiniEditor/MiniEditor.stories.tsx[2m > [22m[2mChat Mode (No Block Inserter)
[22m[39m[FilesContext] File observeQuery update: 6 files
[90mstdout[2m | src/components/MiniEditor/MiniEditor.stories.tsx[2m > [22m[2mChat Mode (No Block Inserter)
[22m[39m[ChatContext] AssistantChat initialized with 1 chats
[90mstdout[2m | src/components/MiniEditor/MiniEditor.stories.tsx[2m > [22m[2mChat Mode (No Block Inserter)
[22m[39m[ChatContext] Setting initial chat: mock-assistant-chat-1
[90mstdout[2m | src/components/MiniEditor/MiniEditor.stories.tsx[2m > [22m[2mChat Mode (No Block Inserter)
[22m[39m[Mock Storage] downloadData called with: undefined
[90mstdout[2m | src/components/MiniEditor/MiniEditor.stories.tsx[2m > [22m[2mChat Mode (No Block Inserter)
[22m[39m[MOCK CourseVectorStore] Initialized with mock data
[90mstdout[2m | src/components/MiniEditor/MiniEditor.stories.tsx[2m > [22m[2mChat Mode (No Block Inserter)
[22m[39m[FilesContext] Vector store population triggered {
  "currentVectorStoreSize": 3,
  "documentsCount": 0,
  "filesCount": 6,
  "isInitialLoad": true,
}
[90mstdout[2m | src/components/MiniEditor/MiniEditor.stories.tsx[2m > [22m[2mChat Mode (No Block Inserter)
[22m[39m[FilesContext] Vector store population complete - 3 total embeddings
[90mstdout[2m | src/components/MiniEditor/MiniEditor.stories.tsx[2m > [22m[2mChat Mode (No Block Inserter)
[22m[39m[ChatContext] Chat exists and not archived, skipping creation
[90mstdout[2m | src/components/MiniEditor/MiniEditor.stories.tsx[2m > [22m[2mUse Case: Squad Description
[22m[39m[ChatContext] Cleaning up subscriptions
[90mstdout[2m | src/components/MiniEditor/MiniEditor.stories.tsx[2m > [22m[2mUse Case: Squad Description
[22m[39m[Mock Data] Unit.onUpdate() subscription removed. Remaining: 0
[90mstdout[2m | src/components/MiniEditor/MiniEditor.stories.tsx[2m > [22m[2mUse Case: Squad Description
[22m[39m[MOCK CourseVectorStore] Initialized with mock data
[90mstdout[2m | src/components/MiniEditor/MiniEditor.stories.tsx[2m > [22m[2mUse Case: Squad Description
[22m[39m[TranslationModeController] Setting mode to: off
[90mstdout[2m | src/components/MiniEditor/MiniEditor.stories.tsx[2m > [22m[2mUse Case: Squad Description
[22m[39m[UnitContext] useEffect triggered {
  "authLoading": false,
  "hasUser": true,
  "id": "mock-unit-id",
  "userSub": "mock-user-sub",
}
[90mstdout[2m | src/components/MiniEditor/MiniEditor.stories.tsx[2m > [22m[2mUse Case: Squad Description
[22m[39m[UnitContext] Fetching unit data for id: mock-unit-id
[90mstdout[2m | src/components/MiniEditor/MiniEditor.stories.tsx[2m > [22m[2mUse Case: Squad Description
[22m[39m[FilesContext] Initializing vector store from IndexedDB
[90mstdout[2m | src/components/MiniEditor/MiniEditor.stories.tsx[2m > [22m[2mUse Case: Squad Description
[22m[39m[FilesContext] fetchFiles called
[90mstdout[2m | src/components/MiniEditor/MiniEditor.stories.tsx[2m > [22m[2mUse Case: Squad Description
[22m[39m[FilesContext] User authenticated: mock-user-sub
[90mstdout[2m | src/components/MiniEditor/MiniEditor.stories.tsx[2m > [22m[2mUse Case: Squad Description
[22m[39m[FilesContext] Identity ID: us-east-1:mock-identity-123
[90mstdout[2m | src/components/MiniEditor/MiniEditor.stories.tsx[2m > [22m[2mUse Case: Squad Description
[22m[39m[FilesContext] About to set up File observeQuery
[90mstdout[2m | src/components/MiniEditor/MiniEditor.stories.tsx[2m > [22m[2mUse Case: Squad Description
[22m[39m[ChatContext] Setting up AssistantChat observeQuery
[90mstdout[2m | src/components/MiniEditor/MiniEditor.stories.tsx[2m > [22m[2mUse Case: Squad Description
[22m[39m[ChatContext] Waiting for subscription to initialize
[90mstdout[2m | src/components/MiniEditor/MiniEditor.stories.tsx[2m > [22m[2mUse Case: Squad Description
[22m[39m[SettingsContext] Setting up Settings subscription for user: mock-user-sub
[90mstdout[2m | src/components/MiniEditor/MiniEditor.stories.tsx[2m > [22m[2mUse Case: Squad Description
[22m[39m[Mock Data] Settings created: mock-settings-1790418835531 - notified 0 subscribers
[90mstdout[2m | src/components/MiniEditor/MiniEditor.stories.tsx[2m > [22m[2mUse Case: Squad Description
[22m[39m[Mock Data] Unit.onUpdate() subscription added. Total: 1
[90mstdout[2m | src/components/MiniEditor/MiniEditor.stories.tsx[2m > [22m[2mUse Case: Squad Description
[22m[39m[SectionContext] Section observeQuery update: 0
[90mstdout[2m | src/components/MiniEditor/MiniEditor.stories.tsx[2m > [22m[2mUse Case: Squad Description
[22m[39m[FilesContext] File observeQuery update: 6 files
[90mstdout[2m | src/components/MiniEditor/MiniEditor.stories.tsx[2m > [22m[2mUse Case: Squad Description
[22m[39m[ChatContext] AssistantChat initialized with 1 chats
[90mstdout[2m | src/components/MiniEditor/MiniEditor.stories.tsx[2m > [22m[2mUse Case: Squad Description
[22m[39m[ChatContext] Setting initial chat: mock-assistant-chat-1
[90mstdout[2m | src/components/MiniEditor/MiniEditor.stories.tsx[2m > [22m[2mUse Case: Squad Description
[22m[39m[MOCK CourseVectorStore] Initialized with mock data
[90mstdout[2m | src/components/MiniEditor/MiniEditor.stories.tsx[2m > [22m[2mUse Case: Squad Description
[22m[39m[FilesContext] Vector store population triggered {
  "currentVectorStoreSize": 3,
  "documentsCount": 0,
  "filesCount": 6,
  "isInitialLoad": true,
}
[90mstdout[2m | src/components/MiniEditor/MiniEditor.stories.tsx[2m > [22m[2mUse Case: Squad Description
[22m[39m[FilesContext] Vector store population complete - 3 total embeddings
[90mstdout[2m | src/components/MiniEditor/MiniEditor.stories.tsx[2m > [22m[2mUse Case: Squad Description
[22m[39m[ChatContext] Chat exists and not archived, skipping creation
[90mstdout[2m | src/components/MiniEditor/MiniEditor.stories.tsx[2m > [22m[2mUse Case: Squad Description
[22m[39m[Mock Storage] downloadData called with: undefined
[90mstdout[2m | src/components/MiniEditor/MiniEditor.stories.tsx[2m > [22m[2mUse Case: Campaign Briefing
[22m[39m[ChatContext] Cleaning up subscriptions
[90mstdout[2m | src/components/MiniEditor/MiniEditor.stories.tsx[2m > [22m[2mUse Case: Campaign Briefing
[22m[39m[Mock Data] Unit.onUpdate() subscription removed. Remaining: 0
[90mstdout[2m | src/components/MiniEditor/MiniEditor.stories.tsx[2m > [22m[2mUse Case: Campaign Briefing
[22m[39m[MOCK CourseVectorStore] Initialized with mock data
[90mstdout[2m | src/components/MiniEditor/MiniEditor.stories.tsx[2m > [22m[2mUse Case: Campaign Briefing
[22m[39m[TranslationModeController] Setting mode to: off
[90mstdout[2m | src/components/MiniEditor/MiniEditor.stories.tsx[2m > [22m[2mUse Case: Campaign Briefing
[22m[39m[UnitContext] useEffect triggered {
  "authLoading": false,
  "hasUser": true,
  "id": "mock-unit-id",
  "userSub": "mock-user-sub",
}
[90mstdout[2m | src/components/MiniEditor/MiniEditor.stories.tsx[2m > [22m[2mUse Case: Campaign Briefing
[22m[39m[UnitContext] Fetching unit data for id: mock-unit-id
[90mstdout[2m | src/components/MiniEditor/MiniEditor.stories.tsx[2m > [22m[2mUse Case: Campaign Briefing
[22m[39m[FilesContext] Initializing vector store from IndexedDB
[90mstdout[2m | src/components/MiniEditor/MiniEditor.stories.tsx[2m > [22m[2mUse Case: Campaign Briefing
[22m[39m[FilesContext] fetchFiles called
[90mstdout[2m | src/components/MiniEditor/MiniEditor.stories.tsx[2m > [22m[2mUse Case: Campaign Briefing
[22m[39m[FilesContext] User authenticated: mock-user-sub
[90mstdout[2m | src/components/MiniEditor/MiniEditor.stories.tsx[2m > [22m[2mUse Case: Campaign Briefing
[22m[39m[FilesContext] Identity ID: us-east-1:mock-identity-123
[90mstdout[2m | src/components/MiniEditor/MiniEditor.stories.tsx[2m > [22m[2mUse Case: Campaign Briefing
[22m[39m[FilesContext] About to set up File observeQuery
[90mstdout[2m | src/components/MiniEditor/MiniEditor.stories.tsx[2m > [22m[2mUse Case: Campaign Briefing
[22m[39m[ChatContext] Setting up AssistantChat observeQuery
[90mstdout[2m | src/components/MiniEditor/MiniEditor.stories.tsx[2m > [22m[2mUse Case: Campaign Briefing
[22m[39m[ChatContext] Waiting for subscription to initialize
[90mstdout[2m | src/components/MiniEditor/MiniEditor.stories.tsx[2m > [22m[2mUse Case: Campaign Briefing
[22m[39m[SettingsContext] Setting up Settings subscription for user: mock-user-sub
[90mstdout[2m | src/components/MiniEditor/MiniEditor.stories.tsx[2m > [22m[2mUse Case: Campaign Briefing
[22m[39m[Mock Data] Settings created: mock-settings-1790418835647 - notified 0 subscribers
[90mstdout[2m | src/components/MiniEditor/MiniEditor.stories.tsx[2m > [22m[2mUse Case: Campaign Briefing
[22m[39m[Mock Data] Unit.onUpdate() subscription added. Total: 1
[90mstdout[2m | src/components/MiniEditor/MiniEditor.stories.tsx[2m > [22m[2mUse Case: Campaign Briefing
[22m[39m[SectionContext] Section observeQuery update: 0
[90mstdout[2m | src/components/MiniEditor/MiniEditor.stories.tsx[2m > [22m[2mUse Case: Campaign Briefing
[22m[39m[FilesContext] File observeQuery update: 6 files
[90mstdout[2m | src/components/MiniEditor/MiniEditor.stories.tsx[2m > [22m[2mUse Case: Campaign Briefing
[22m[39m[ChatContext] AssistantChat initialized with 1 chats
[90mstdout[2m | src/components/MiniEditor/MiniEditor.stories.tsx[2m > [22m[2mUse Case: Campaign Briefing
[22m[39m[ChatContext] Setting initial chat: mock-assistant-chat-1
[90mstdout[2m | src/components/MiniEditor/MiniEditor.stories.tsx[2m > [22m[2mUse Case: Campaign Briefing
[22m[39m[MOCK CourseVectorStore] Initialized with mock data
[90mstdout[2m | src/components/MiniEditor/MiniEditor.stories.tsx[2m > [22m[2mUse Case: Campaign Briefing
[22m[39m[FilesContext] Vector store population triggered {
  "currentVectorStoreSize": 3,
  "documentsCount": 0,
  "filesCount": 6,
  "isInitialLoad": true,
}
[90mstdout[2m | src/components/MiniEditor/MiniEditor.stories.tsx[2m > [22m[2mUse Case: Campaign Briefing
[22m[39m[FilesContext] Vector store population complete - 3 total embeddings
[90mstdout[2m | src/components/MiniEditor/MiniEditor.stories.tsx[2m > [22m[2mUse Case: Campaign Briefing
[22m[39m[ChatContext] Chat exists and not archived, skipping creation
[90mstdout[2m | src/components/MiniEditor/MiniEditor.stories.tsx[2m > [22m[2mUse Case: Campaign Briefing
[22m[39m[Mock Storage] downloadData called with: undefined
 [32m✓[39m [30m[45m storybook (chromium) [49m[39m src/components/MiniEditor/MiniEditor.stories.tsx [2m([22m[2m10 tests[22m[2m)[22m[33m 1186[2mms[22m[39m
[90mstdout[2m | unknown test
[22m[39m[MOCK vectorStoreDB.js] Module loaded - mock IndexedDB operations
[90mstdout[2m | unknown test
[22m[39m[Task Completion] DOM action listeners initialized
[90mstdout[2m | unknown test
[22m[39m[Task Completion] Auto-completion detector initialized
[90mstdout[2m | unknown test
[22m[39m[Preview] Task completion detector initialized
[90mstdout[2m | src/components/CollaborativeChat/TopicList.stories.tsx[2m > [22m[2mSection Scope
[22m[39m[TranslationModeController] Setting mode to: off
[90mstdout[2m | src/components/CollaborativeChat/TopicList.stories.tsx[2m > [22m[2mUnit Scope
[22m[39m[TranslationModeController] Setting mode to: off
[90mstdout[2m | src/components/CollaborativeChat/TopicList.stories.tsx[2m > [22m[2mEmpty Topics
[22m[39m[TranslationModeController] Setting mode to: off
[90mstdout[2m | src/components/CollaborativeChat/TopicList.stories.tsx[2m > [22m[2mNo Selection
[22m[39m[TranslationModeController] Setting mode to: off
 [32m✓[39m [30m[45m storybook (chromium) [49m[39m src/components/CollaborativeChat/TopicList.stories.tsx [2m([22m[2m4 tests[22m[2m)[22m[33m 1296[2mms[22m[39m
   [33m[2m✓[22m[39m Section Scope [33m 660[2mms[22m[39m
   [33m[2m✓[22m[39m Empty Topics [33m 414[2mms[22m[39m
[90mstdout[2m | unknown test
[22m[39m[MOCK vectorStoreDB.js] Module loaded - mock IndexedDB operations
[90mstdout[2m | unknown test
[22m[39m[Task Completion] DOM action listeners initialized
[90mstdout[2m | unknown test
[22m[39m[Task Completion] Auto-completion detector initialized
[90mstdout[2m | unknown test
[22m[39m[Preview] Task completion detector initialized
[90mstdout[2m | src/components/EasterEggEditor.stories.tsx[2m > [22m[2mDefault
[22m[39m[MOCK CourseVectorStore] Initialized with mock data
[90mstdout[2m | src/components/EasterEggEditor.stories.tsx[2m > [22m[2mDefault
[22m[39m[TranslationModeController] Setting mode to: off
[90mstdout[2m | src/components/EasterEggEditor.stories.tsx[2m > [22m[2mDefault
[22m[39m[UnitContext] useEffect triggered {
  "authLoading": false,
  "hasUser": true,
  "id": "mock-unit-id",
  "userSub": "mock-user-sub",
}
[90mstdout[2m | src/components/EasterEggEditor.stories.tsx[2m > [22m[2mDefault
[22m[39m[UnitContext] Fetching unit data for id: mock-unit-id
[90mstdout[2m | src/components/EasterEggEditor.stories.tsx[2m > [22m[2mDefault
[22m[39m[FilesContext] Initializing vector store from IndexedDB
[90mstdout[2m | src/components/EasterEggEditor.stories.tsx[2m > [22m[2mDefault
[22m[39m[FilesContext] fetchFiles called
[90mstdout[2m | src/components/EasterEggEditor.stories.tsx[2m > [22m[2mDefault
[22m[39m[FilesContext] User authenticated: mock-user-sub
[90mstdout[2m | src/components/EasterEggEditor.stories.tsx[2m > [22m[2mDefault
[22m[39m[FilesContext] Identity ID: us-east-1:mock-identity-123
[90mstdout[2m | src/components/EasterEggEditor.stories.tsx[2m > [22m[2mDefault
[22m[39m[FilesContext] About to set up File observeQuery
[90mstdout[2m | src/components/EasterEggEditor.stories.tsx[2m > [22m[2mDefault
[22m[39m[ChatContext] Setting up AssistantChat observeQuery
[90mstdout[2m | src/components/EasterEggEditor.stories.tsx[2m > [22m[2mDefault
[22m[39m[ChatContext] Waiting for subscription to initialize
[90mstdout[2m | src/components/EasterEggEditor.stories.tsx[2m > [22m[2mDefault
[22m[39m[SettingsContext] Setting up Settings subscription for user: mock-user-sub
[90mstdout[2m | src/components/EasterEggEditor.stories.tsx[2m > [22m[2mDefault
[22m[39m[Mock Data] Settings created: mock-settings-1790418838105 - notified 0 subscribers
[90mstdout[2m | src/components/EasterEggEditor.stories.tsx[2m > [22m[2mDefault
[22m[39m[Mock Data] Unit.onUpdate() subscription added. Total: 1
[90mstdout[2m | src/components/EasterEggEditor.stories.tsx[2m > [22m[2mDefault
[22m[39m[SectionContext] Section observeQuery update: 0
[90mstdout[2m | src/components/EasterEggEditor.stories.tsx[2m > [22m[2mDefault
[22m[39m[FilesContext] File observeQuery update: 6 files
[90mstdout[2m | src/components/EasterEggEditor.stories.tsx[2m > [22m[2mDefault
[22m[39m[ChatContext] AssistantChat initialized with 1 chats
[90mstdout[2m | src/components/EasterEggEditor.stories.tsx[2m > [22m[2mDefault
[22m[39m[ChatContext] Setting initial chat: mock-assistant-chat-1
[90mstdout[2m | src/components/EasterEggEditor.stories.tsx[2m > [22m[2mDefault
[22m[39m[MOCK CourseVectorStore] Initialized with mock data
[90mstdout[2m | src/components/EasterEggEditor.stories.tsx[2m > [22m[2mDefault
[22m[39m[FilesContext] Vector store population triggered {
  "currentVectorStoreSize": 3,
  "documentsCount": 0,
  "filesCount": 6,
  "isInitialLoad": true,
}
[90mstdout[2m | src/components/EasterEggEditor.stories.tsx[2m > [22m[2mDefault
[22m[39m[FilesContext] Vector store population complete - 3 total embeddings
[90mstdout[2m | src/components/EasterEggEditor.stories.tsx[2m > [22m[2mDefault
[22m[39m[ChatContext] Chat exists and not archived, skipping creation
[90mstdout[2m | src/components/EasterEggEditor.stories.tsx[2m > [22m[2mDefault
[22m[39m[Mock Storage] downloadData called with: undefined
[90mstdout[2m | src/components/EasterEggEditor.stories.tsx[2m > [22m[2mEdit Keyword Egg
[22m[39m[ChatContext] Cleaning up subscriptions
[90mstdout[2m | src/components/EasterEggEditor.stories.tsx[2m > [22m[2mEdit Keyword Egg
[22m[39m[Mock Data] Unit.onUpdate() subscription removed. Remaining: 0
[90mstdout[2m | src/components/EasterEggEditor.stories.tsx[2m > [22m[2mEdit Keyword Egg
[22m[39m[MOCK CourseVectorStore] Initialized with mock data
[90mstdout[2m | src/components/EasterEggEditor.stories.tsx[2m > [22m[2mEdit Keyword Egg
[22m[39m[TranslationModeController] Setting mode to: off
[90mstdout[2m | src/components/EasterEggEditor.stories.tsx[2m > [22m[2mEdit Keyword Egg
[22m[39m[UnitContext] useEffect triggered {
  "authLoading": false,
  "hasUser": true,
  "id": "mock-unit-id",
  "userSub": "mock-user-sub",
}
[90mstdout[2m | src/components/EasterEggEditor.stories.tsx[2m > [22m[2mEdit Keyword Egg
[22m[39m[UnitContext] Fetching unit data for id: mock-unit-id
[90mstdout[2m | src/components/EasterEggEditor.stories.tsx[2m > [22m[2mEdit Keyword Egg
[22m[39m[FilesContext] Initializing vector store from IndexedDB
[90mstdout[2m | src/components/EasterEggEditor.stories.tsx[2m > [22m[2mEdit Keyword Egg
[22m[39m[FilesContext] fetchFiles called
[90mstdout[2m | src/components/EasterEggEditor.stories.tsx[2m > [22m[2mEdit Keyword Egg
[22m[39m[FilesContext] User authenticated: mock-user-sub
[90mstdout[2m | src/components/EasterEggEditor.stories.tsx[2m > [22m[2mEdit Keyword Egg
[22m[39m[FilesContext] Identity ID: us-east-1:mock-identity-123
[90mstdout[2m | src/components/EasterEggEditor.stories.tsx[2m > [22m[2mEdit Keyword Egg
[22m[39m[FilesContext] About to set up File observeQuery
[90mstdout[2m | src/components/EasterEggEditor.stories.tsx[2m > [22m[2mEdit Keyword Egg
[22m[39m[ChatContext] Setting up AssistantChat observeQuery
[90mstdout[2m | src/components/EasterEggEditor.stories.tsx[2m > [22m[2mEdit Keyword Egg
[22m[39m[ChatContext] Waiting for subscription to initialize
[90mstdout[2m | src/components/EasterEggEditor.stories.tsx[2m > [22m[2mEdit Keyword Egg
[22m[39m[SettingsContext] Setting up Settings subscription for user: mock-user-sub
[90mstdout[2m | src/components/EasterEggEditor.stories.tsx[2m > [22m[2mEdit Keyword Egg
[22m[39m[Mock Data] Settings created: mock-settings-1790418838394 - notified 0 subscribers
[90mstdout[2m | src/components/EasterEggEditor.stories.tsx[2m > [22m[2mEdit Keyword Egg
[22m[39m[Mock Data] Unit.onUpdate() subscription added. Total: 1
[90mstdout[2m | src/components/EasterEggEditor.stories.tsx[2m > [22m[2mEdit Keyword Egg
[22m[39m[SectionContext] Section observeQuery update: 0
[90mstdout[2m | src/components/EasterEggEditor.stories.tsx[2m > [22m[2mEdit Keyword Egg
[22m[39m[FilesContext] File observeQuery update: 6 files
[90mstdout[2m | src/components/EasterEggEditor.stories.tsx[2m > [22m[2mEdit Keyword Egg
[22m[39m[ChatContext] AssistantChat initialized with 1 chats
[90mstdout[2m | src/components/EasterEggEditor.stories.tsx[2m > [22m[2mEdit Keyword Egg
[22m[39m[ChatContext] Setting initial chat: mock-assistant-chat-1
[90mstdout[2m | src/components/EasterEggEditor.stories.tsx[2m > [22m[2mEdit Keyword Egg
[22m[39m[MOCK CourseVectorStore] Initialized with mock data
[90mstdout[2m | src/components/EasterEggEditor.stories.tsx[2m > [22m[2mEdit Keyword Egg
[22m[39m[FilesContext] Vector store population triggered {
  "currentVectorStoreSize": 3,
  "documentsCount": 0,
  "filesCount": 6,
  "isInitialLoad": true,
}
[90mstdout[2m | src/components/EasterEggEditor.stories.tsx[2m > [22m[2mEdit Keyword Egg
[22m[39m[FilesContext] Vector store population complete - 3 total embeddings
[90mstdout[2m | src/components/EasterEggEditor.stories.tsx[2m > [22m[2mEdit Keyword Egg
[22m[39m[ChatContext] Chat exists and not archived, skipping creation
[90mstdout[2m | src/components/EasterEggEditor.stories.tsx[2m > [22m[2mEdit Keyword Egg
[22m[39m[Mock Storage] downloadData called with: undefined
[90mstdout[2m | src/components/EasterEggEditor.stories.tsx[2m > [22m[2mSchedule Trigger
[22m[39m[ChatContext] Cleaning up subscriptions
[90mstdout[2m | src/components/EasterEggEditor.stories.tsx[2m > [22m[2mSchedule Trigger
[22m[39m[Mock Data] Unit.onUpdate() subscription removed. Remaining: 0
[90mstdout[2m | src/components/EasterEggEditor.stories.tsx[2m > [22m[2mSchedule Trigger
[22m[39m[MOCK CourseVectorStore] Initialized with mock data
[90mstdout[2m | src/components/EasterEggEditor.stories.tsx[2m > [22m[2mSchedule Trigger
[22m[39m[TranslationModeController] Setting mode to: off
[90mstdout[2m | src/components/EasterEggEditor.stories.tsx[2m > [22m[2mSchedule Trigger
[22m[39m[UnitContext] useEffect triggered {
  "authLoading": false,
  "hasUser": true,
  "id": "mock-unit-id",
  "userSub": "mock-user-sub",
}
[90mstdout[2m | src/components/EasterEggEditor.stories.tsx[2m > [22m[2mSchedule Trigger
[22m[39m[UnitContext] Fetching unit data for id: mock-unit-id
[90mstdout[2m | src/components/EasterEggEditor.stories.tsx[2m > [22m[2mSchedule Trigger
[22m[39m[FilesContext] Initializing vector store from IndexedDB
[90mstdout[2m | src/components/EasterEggEditor.stories.tsx[2m > [22m[2mSchedule Trigger
[22m[39m[FilesContext] fetchFiles called
[90mstdout[2m | src/components/EasterEggEditor.stories.tsx[2m > [22m[2mSchedule Trigger
[22m[39m[FilesContext] User authenticated: mock-user-sub
[90mstdout[2m | src/components/EasterEggEditor.stories.tsx[2m > [22m[2mSchedule Trigger
[22m[39m[FilesContext] Identity ID: us-east-1:mock-identity-123
[90mstdout[2m | src/components/EasterEggEditor.stories.tsx[2m > [22m[2mSchedule Trigger
[22m[39m[FilesContext] About to set up File observeQuery
[90mstdout[2m | src/components/EasterEggEditor.stories.tsx[2m > [22m[2mSchedule Trigger
[22m[39m[ChatContext] Setting up AssistantChat observeQuery
[90mstdout[2m | src/components/EasterEggEditor.stories.tsx[2m > [22m[2mSchedule Trigger
[22m[39m[ChatContext] Waiting for subscription to initialize
[90mstdout[2m | src/components/EasterEggEditor.stories.tsx[2m > [22m[2mSchedule Trigger
[22m[39m[SettingsContext] Setting up Settings subscription for user: mock-user-sub
[90mstdout[2m | src/components/EasterEggEditor.stories.tsx[2m > [22m[2mSchedule Trigger
[22m[39m[Mock Data] Settings created: mock-settings-1790418838598 - notified 0 subscribers
[90mstdout[2m | src/components/EasterEggEditor.stories.tsx[2m > [22m[2mSchedule Trigger
[22m[39m[Mock Data] Unit.onUpdate() subscription added. Total: 1
[90mstdout[2m | src/components/EasterEggEditor.stories.tsx[2m > [22m[2mSchedule Trigger
[22m[39m[SectionContext] Section observeQuery update: 0
[90mstdout[2m | src/components/EasterEggEditor.stories.tsx[2m > [22m[2mSchedule Trigger
[22m[39m[FilesContext] File observeQuery update: 6 files
[90mstdout[2m | src/components/EasterEggEditor.stories.tsx[2m > [22m[2mSchedule Trigger
[22m[39m[ChatContext] AssistantChat initialized with 1 chats
[90mstdout[2m | src/components/EasterEggEditor.stories.tsx[2m > [22m[2mSchedule Trigger
[22m[39m[ChatContext] Setting initial chat: mock-assistant-chat-1
[90mstdout[2m | src/components/EasterEggEditor.stories.tsx[2m > [22m[2mSchedule Trigger
[22m[39m[MOCK CourseVectorStore] Initialized with mock data
[90mstdout[2m | src/components/EasterEggEditor.stories.tsx[2m > [22m[2mSchedule Trigger
[22m[39m[FilesContext] Vector store population triggered {
  "currentVectorStoreSize": 3,
  "documentsCount": 0,
  "filesCount": 6,
  "isInitialLoad": true,
}
[90mstdout[2m | src/components/EasterEggEditor.stories.tsx[2m > [22m[2mSchedule Trigger
[22m[39m[FilesContext] Vector store population complete - 3 total embeddings
[90mstdout[2m | src/components/EasterEggEditor.stories.tsx[2m > [22m[2mSchedule Trigger
[22m[39m[ChatContext] Chat exists and not archived, skipping creation
[90mstdout[2m | src/components/EasterEggEditor.stories.tsx[2m > [22m[2mSchedule Trigger
[22m[39m[Mock Storage] downloadData called with: undefined
[90mstdout[2m | src/components/EasterEggEditor.stories.tsx[2m > [22m[2mAchievement Trigger
[22m[39m[ChatContext] Cleaning up subscriptions
[90mstdout[2m | src/components/EasterEggEditor.stories.tsx[2m > [22m[2mAchievement Trigger
[22m[39m[Mock Data] Unit.onUpdate() subscription removed. Remaining: 0
[90mstdout[2m | src/components/EasterEggEditor.stories.tsx[2m > [22m[2mAchievement Trigger
[22m[39m[MOCK CourseVectorStore] Initialized with mock data
[90mstdout[2m | src/components/EasterEggEditor.stories.tsx[2m > [22m[2mAchievement Trigger
[22m[39m[TranslationModeController] Setting mode to: off
[90mstdout[2m | src/components/EasterEggEditor.stories.tsx[2m > [22m[2mAchievement Trigger
[22m[39m[UnitContext] useEffect triggered {
  "authLoading": false,
  "hasUser": true,
  "id": "mock-unit-id",
  "userSub": "mock-user-sub",
}
[90mstdout[2m | src/components/EasterEggEditor.stories.tsx[2m > [22m[2mAchievement Trigger
[22m[39m[UnitContext] Fetching unit data for id: mock-unit-id
[90mstdout[2m | src/components/EasterEggEditor.stories.tsx[2m > [22m[2mAchievement Trigger
[22m[39m[FilesContext] Initializing vector store from IndexedDB
[90mstdout[2m | src/components/EasterEggEditor.stories.tsx[2m > [22m[2mAchievement Trigger
[22m[39m[FilesContext] fetchFiles called
[90mstdout[2m | src/components/EasterEggEditor.stories.tsx[2m > [22m[2mAchievement Trigger
[22m[39m[FilesContext] User authenticated: mock-user-sub
[90mstdout[2m | src/components/EasterEggEditor.stories.tsx[2m > [22m[2mAchievement Trigger
[22m[39m[FilesContext] Identity ID: us-east-1:mock-identity-123
[90mstdout[2m | src/components/EasterEggEditor.stories.tsx[2m > [22m[2mAchievement Trigger
[22m[39m[FilesContext] About to set up File observeQuery
[90mstdout[2m | src/components/EasterEggEditor.stories.tsx[2m > [22m[2mAchievement Trigger
[22m[39m[ChatContext] Setting up AssistantChat observeQuery
[90mstdout[2m | src/components/EasterEggEditor.stories.tsx[2m > [22m[2mAchievement Trigger
[22m[39m[ChatContext] Waiting for subscription to initialize
[90mstdout[2m | src/components/EasterEggEditor.stories.tsx[2m > [22m[2mAchievement Trigger
[22m[39m[SettingsContext] Setting up Settings subscription for user: mock-user-sub
[90mstdout[2m | src/components/EasterEggEditor.stories.tsx[2m > [22m[2mAchievement Trigger
[22m[39m[Mock Data] Settings created: mock-settings-1790418838801 - notified 0 subscribers
[90mstdout[2m | src/components/EasterEggEditor.stories.tsx[2m > [22m[2mAchievement Trigger
[22m[39m[Mock Data] Unit.onUpdate() subscription added. Total: 1
[90mstdout[2m | src/components/EasterEggEditor.stories.tsx[2m > [22m[2mAchievement Trigger
[22m[39m[SectionContext] Section observeQuery update: 0
[90mstdout[2m | src/components/EasterEggEditor.stories.tsx[2m > [22m[2mAchievement Trigger
[22m[39m[FilesContext] File observeQuery update: 6 files
[90mstdout[2m | src/components/EasterEggEditor.stories.tsx[2m > [22m[2mAchievement Trigger
[22m[39m[ChatContext] AssistantChat initialized with 1 chats
[90mstdout[2m | src/components/EasterEggEditor.stories.tsx[2m > [22m[2mAchievement Trigger
[22m[39m[ChatContext] Setting initial chat: mock-assistant-chat-1
[90mstdout[2m | src/components/EasterEggEditor.stories.tsx[2m > [22m[2mAchievement Trigger
[22m[39m[MOCK CourseVectorStore] Initialized with mock data
[90mstdout[2m | src/components/EasterEggEditor.stories.tsx[2m > [22m[2mAchievement Trigger
[22m[39m[FilesContext] Vector store population triggered {
  "currentVectorStoreSize": 3,
  "documentsCount": 0,
  "filesCount": 6,
  "isInitialLoad": true,
}
[90mstdout[2m | src/components/EasterEggEditor.stories.tsx[2m > [22m[2mAchievement Trigger
[22m[39m[FilesContext] Vector store population complete - 3 total embeddings
[90mstdout[2m | src/components/EasterEggEditor.stories.tsx[2m > [22m[2mAchievement Trigger
[22m[39m[ChatContext] Chat exists and not archived, skipping creation
[90mstdout[2m | src/components/EasterEggEditor.stories.tsx[2m > [22m[2mAchievement Trigger
[22m[39m[Mock Storage] downloadData called with: undefined
[90mstdout[2m | src/components/EasterEggEditor.stories.tsx[2m > [22m[2mInactive Egg
[22m[39m[ChatContext] Cleaning up subscriptions
[90mstdout[2m | src/components/EasterEggEditor.stories.tsx[2m > [22m[2mInactive Egg
[22m[39m[Mock Data] Unit.onUpdate() subscription removed. Remaining: 0
[90mstdout[2m | src/components/EasterEggEditor.stories.tsx[2m > [22m[2mInactive Egg
[22m[39m[MOCK CourseVectorStore] Initialized with mock data
[90mstdout[2m | src/components/EasterEggEditor.stories.tsx[2m > [22m[2mInactive Egg
[22m[39m[TranslationModeController] Setting mode to: off
[90mstdout[2m | src/components/EasterEggEditor.stories.tsx[2m > [22m[2mInactive Egg
[22m[39m[UnitContext] useEffect triggered {
  "authLoading": false,
  "hasUser": true,
  "id": "mock-unit-id",
  "userSub": "mock-user-sub",
}
[90mstdout[2m | src/components/EasterEggEditor.stories.tsx[2m > [22m[2mInactive Egg
[22m[39m[UnitContext] Fetching unit data for id: mock-unit-id
[90mstdout[2m | src/components/EasterEggEditor.stories.tsx[2m > [22m[2mInactive Egg
[22m[39m[FilesContext] Initializing vector store from IndexedDB
[90mstdout[2m | src/components/EasterEggEditor.stories.tsx[2m > [22m[2mInactive Egg
[22m[39m[FilesContext] fetchFiles called
[90mstdout[2m | src/components/EasterEggEditor.stories.tsx[2m > [22m[2mInactive Egg
[22m[39m[FilesContext] User authenticated: mock-user-sub
[90mstdout[2m | src/components/EasterEggEditor.stories.tsx[2m > [22m[2mInactive Egg
[22m[39m[FilesContext] Identity ID: us-east-1:mock-identity-123
[90mstdout[2m | src/components/EasterEggEditor.stories.tsx[2m > [22m[2mInactive Egg
[22m[39m[FilesContext] About to set up File observeQuery
[90mstdout[2m | src/components/EasterEggEditor.stories.tsx[2m > [22m[2mInactive Egg
[22m[39m[ChatContext] Setting up AssistantChat observeQuery
[90mstdout[2m | src/components/EasterEggEditor.stories.tsx[2m > [22m[2mInactive Egg
[22m[39m[ChatContext] Waiting for subscription to initialize
[90mstdout[2m | src/components/EasterEggEditor.stories.tsx[2m > [22m[2mInactive Egg
[22m[39m[SettingsContext] Setting up Settings subscription for user: mock-user-sub
[90mstdout[2m | src/components/EasterEggEditor.stories.tsx[2m > [22m[2mInactive Egg
[22m[39m[Mock Data] Settings created: mock-settings-1790418839004 - notified 0 subscribers
[90mstdout[2m | src/components/EasterEggEditor.stories.tsx[2m > [22m[2mInactive Egg
[22m[39m[Mock Data] Unit.onUpdate() subscription added. Total: 1
[90mstdout[2m | src/components/EasterEggEditor.stories.tsx[2m > [22m[2mInactive Egg
[22m[39m[SectionContext] Section observeQuery update: 0
[90mstdout[2m | src/components/EasterEggEditor.stories.tsx[2m > [22m[2mInactive Egg
[22m[39m[FilesContext] File observeQuery update: 6 files
[90mstdout[2m | src/components/EasterEggEditor.stories.tsx[2m > [22m[2mInactive Egg
[22m[39m[ChatContext] AssistantChat initialized with 1 chats
[90mstdout[2m | src/components/EasterEggEditor.stories.tsx[2m > [22m[2mInactive Egg
[22m[39m[ChatContext] Setting initial chat: mock-assistant-chat-1
[90mstdout[2m | src/components/EasterEggEditor.stories.tsx[2m > [22m[2mInactive Egg
[22m[39m[MOCK CourseVectorStore] Initialized with mock data
[90mstdout[2m | src/components/EasterEggEditor.stories.tsx[2m > [22m[2mInactive Egg
[22m[39m[FilesContext] Vector store population triggered {
  "currentVectorStoreSize": 3,
  "documentsCount": 0,
  "filesCount": 6,
  "isInitialLoad": true,
}
[90mstdout[2m | src/components/EasterEggEditor.stories.tsx[2m > [22m[2mInactive Egg
[22m[39m[FilesContext] Vector store population complete - 3 total embeddings
[90mstdout[2m | src/components/EasterEggEditor.stories.tsx[2m > [22m[2mInactive Egg
[22m[39m[ChatContext] Chat exists and not archived, skipping creation
[90mstdout[2m | src/components/EasterEggEditor.stories.tsx[2m > [22m[2mInactive Egg
[22m[39m[Mock Storage] downloadData called with: undefined
[90mstdout[2m | src/components/EasterEggEditor.stories.tsx[2m > [22m[2mSubmitting
[22m[39m[ChatContext] Cleaning up subscriptions
[90mstdout[2m | src/components/EasterEggEditor.stories.tsx[2m > [22m[2mSubmitting
[22m[39m[Mock Data] Unit.onUpdate() subscription removed. Remaining: 0
[90mstdout[2m | src/components/EasterEggEditor.stories.tsx[2m > [22m[2mSubmitting
[22m[39m[MOCK CourseVectorStore] Initialized with mock data
[90mstdout[2m | src/components/EasterEggEditor.stories.tsx[2m > [22m[2mSubmitting
[22m[39m[TranslationModeController] Setting mode to: off
[90mstdout[2m | src/components/EasterEggEditor.stories.tsx[2m > [22m[2mSubmitting
[22m[39m[UnitContext] useEffect triggered {
  "authLoading": false,
  "hasUser": true,
  "id": "mock-unit-id",
  "userSub": "mock-user-sub",
}
[90mstdout[2m | src/components/EasterEggEditor.stories.tsx[2m > [22m[2mSubmitting
[22m[39m[UnitContext] Fetching unit data for id: mock-unit-id
[90mstdout[2m | src/components/EasterEggEditor.stories.tsx[2m > [22m[2mSubmitting
[22m[39m[FilesContext] Initializing vector store from IndexedDB
[90mstdout[2m | src/components/EasterEggEditor.stories.tsx[2m > [22m[2mSubmitting
[22m[39m[FilesContext] fetchFiles called
[90mstdout[2m | src/components/EasterEggEditor.stories.tsx[2m > [22m[2mSubmitting
[22m[39m[FilesContext] User authenticated: mock-user-sub
[90mstdout[2m | src/components/EasterEggEditor.stories.tsx[2m > [22m[2mSubmitting
[22m[39m[FilesContext] Identity ID: us-east-1:mock-identity-123
[90mstdout[2m | src/components/EasterEggEditor.stories.tsx[2m > [22m[2mSubmitting
[22m[39m[FilesContext] About to set up File observeQuery
[90mstdout[2m | src/components/EasterEggEditor.stories.tsx[2m > [22m[2mSubmitting
[22m[39m[ChatContext] Setting up AssistantChat observeQuery
[90mstdout[2m | src/components/EasterEggEditor.stories.tsx[2m > [22m[2mSubmitting
[22m[39m[ChatContext] Waiting for subscription to initialize
[90mstdout[2m | src/components/EasterEggEditor.stories.tsx[2m > [22m[2mSubmitting
[22m[39m[SettingsContext] Setting up Settings subscription for user: mock-user-sub
[90mstdout[2m | src/components/EasterEggEditor.stories.tsx[2m > [22m[2mSubmitting
[22m[39m[Mock Data] Settings created: mock-settings-1790418839228 - notified 0 subscribers
[90mstdout[2m | src/components/EasterEggEditor.stories.tsx[2m > [22m[2mSubmitting
[22m[39m[Mock Data] Unit.onUpdate() subscription added. Total: 1
[90mstdout[2m | src/components/EasterEggEditor.stories.tsx[2m > [22m[2mSubmitting
[22m[39m[SectionContext] Section observeQuery update: 0
[90mstdout[2m | src/components/EasterEggEditor.stories.tsx[2m > [22m[2mSubmitting
[22m[39m[FilesContext] File observeQuery update: 6 files
[90mstdout[2m | src/components/EasterEggEditor.stories.tsx[2m > [22m[2mSubmitting
[22m[39m[ChatContext] AssistantChat initialized with 1 chats
[90mstdout[2m | src/components/EasterEggEditor.stories.tsx[2m > [22m[2mSubmitting
[22m[39m[ChatContext] Setting initial chat: mock-assistant-chat-1
[90mstdout[2m | src/components/EasterEggEditor.stories.tsx[2m > [22m[2mSubmitting
[22m[39m[MOCK CourseVectorStore] Initialized with mock data
[90mstdout[2m | src/components/EasterEggEditor.stories.tsx[2m > [22m[2mSubmitting
[22m[39m[FilesContext] Vector store population triggered {
  "currentVectorStoreSize": 3,
  "documentsCount": 0,
  "filesCount": 6,
  "isInitialLoad": true,
}
[90mstdout[2m | src/components/EasterEggEditor.stories.tsx[2m > [22m[2mSubmitting
[22m[39m[FilesContext] Vector store population complete - 3 total embeddings
[90mstdout[2m | src/components/EasterEggEditor.stories.tsx[2m > [22m[2mSubmitting
[22m[39m[ChatContext] Chat exists and not archived, skipping creation
[90mstdout[2m | src/components/EasterEggEditor.stories.tsx[2m > [22m[2mSubmitting
[22m[39m[Mock Storage] downloadData called with: undefined
 [32m✓[39m [30m[45m storybook (chromium) [49m[39m src/components/EasterEggEditor.stories.tsx [2m([22m[2m6 tests[22m[2m)[22m[33m 1388[2mms[22m[39m
   [33m[2m✓[22m[39m Default [33m 338[2mms[22m[39m
[90mstdout[2m | unknown test
[22m[39m[MOCK vectorStoreDB.js] Module loaded - mock IndexedDB operations
[90mstdout[2m | unknown test
[22m[39m[Task Completion] DOM action listeners initialized
[90mstdout[2m | unknown test
[22m[39m[Task Completion] Auto-completion detector initialized
[90mstdout[2m | unknown test
[22m[39m[Preview] Task completion detector initialized
[90mstdout[2m | src/components/Gamification/SectionSelector.stories.tsx[2m > [22m[2mDefault
[22m[39m[TranslationModeController] Setting mode to: off
[90mstdout[2m | src/components/Gamification/SectionSelector.stories.tsx[2m > [22m[2mWith Selection
[22m[39m[TranslationModeController] Setting mode to: off
[90mstdout[2m | src/components/Gamification/SectionSelector.stories.tsx[2m > [22m[2mEmpty
[22m[39m[TranslationModeController] Setting mode to: off
[90mstdout[2m | src/components/Gamification/SectionSelector.stories.tsx[2m > [22m[2mSingle Section
[22m[39m[TranslationModeController] Setting mode to: off
[90mstdout[2m | src/components/Gamification/SectionSelector.stories.tsx[2m > [22m[2mMany Sections
[22m[39m[TranslationModeController] Setting mode to: off
[90mstdout[2m | src/components/Gamification/SectionSelector.stories.tsx[2m > [22m[2mLoading
[22m[39m[TranslationModeController] Setting mode to: off
[90mstdout[2m | src/components/Gamification/SectionSelector.stories.tsx[2m > [22m[2mDisabled
[22m[39m[TranslationModeController] Setting mode to: off
[90mstdout[2m | src/components/Gamification/SectionSelector.stories.tsx[2m > [22m[2mSelect Section
[22m[39m[TranslationModeController] Setting mode to: off
[90mstdout[2m | src/components/Gamification/SectionSelector.stories.tsx[2m > [22m[2mClear Selection
[22m[39m[TranslationModeController] Setting mode to: off
 [32m✓[39m [30m[45m storybook (chromium) [49m[39m src/components/Gamification/SectionSelector.stories.tsx [2m([22m[2m9 tests[22m[2m)[22m[33m 1057[2mms[22m[39m
   [33m[2m✓[22m[39m Select Section [33m 327[2mms[22m[39m
[90mstdout[2m | unknown test
[22m[39m[MOCK vectorStoreDB.js] Module loaded - mock IndexedDB operations
[90mstdout[2m | unknown test
[22m[39m[Task Completion] DOM action listeners initialized
[90mstdout[2m | unknown test
[22m[39m[Task Completion] Auto-completion detector initialized
[90mstdout[2m | unknown test
[22m[39m[Preview] Task completion detector initialized
[90mstdout[2m | src/components/Gamification/SquadPostEditor.stories.tsx[2m > [22m[2mDefault
[22m[39m[TranslationModeController] Setting mode to: off
[90mstdout[2m | src/components/Gamification/SquadPostEditor.stories.tsx[2m > [22m[2mWith Initial Content
[22m[39m[TranslationModeController] Setting mode to: off
[90mstdout[2m | src/components/Gamification/SquadPostEditor.stories.tsx[2m > [22m[2mDisabled
[22m[39m[TranslationModeController] Setting mode to: off
 [32m✓[39m [30m[45m storybook (chromium) [49m[39m src/components/Gamification/SquadPostEditor.stories.tsx [2m([22m[2m3 tests[22m[2m)[22m[33m 1024[2mms[22m[39m
   [33m[2m✓[22m[39m Default [33m 510[2mms[22m[39m
   [33m[2m✓[22m[39m With Initial Content [33m 439[2mms[22m[39m
[90mstdout[2m | unknown test
[22m[39m[MOCK vectorStoreDB.js] Module loaded - mock IndexedDB operations
[90mstdout[2m | unknown test
[22m[39m[Task Completion] DOM action listeners initialized
[90mstdout[2m | unknown test
[22m[39m[Task Completion] Auto-completion detector initialized
[90mstdout[2m | unknown test
[22m[39m[Preview] Task completion detector initialized
[90mstdout[2m | src/components/DebugPanel/ComponentTreeView.stories.tsx[2m > [22m[2mDefault
[22m[39m[MOCK CourseVectorStore] Initialized with mock data
[90mstdout[2m | src/components/DebugPanel/ComponentTreeView.stories.tsx[2m > [22m[2mDefault
[22m[39m[TranslationModeController] Setting mode to: off
[90mstdout[2m | src/components/DebugPanel/ComponentTreeView.stories.tsx[2m > [22m[2mDefault
[22m[39m[UnitContext] useEffect triggered {
  "authLoading": false,
  "hasUser": true,
  "id": "mock-unit-id",
  "userSub": "mock-user-sub",
}
[90mstdout[2m | src/components/DebugPanel/ComponentTreeView.stories.tsx[2m > [22m[2mDefault
[22m[39m[UnitContext] Fetching unit data for id: mock-unit-id
[90mstdout[2m | src/components/DebugPanel/ComponentTreeView.stories.tsx[2m > [22m[2mDefault
[22m[39m[FilesContext] Initializing vector store from IndexedDB
[90mstdout[2m | src/components/DebugPanel/ComponentTreeView.stories.tsx[2m > [22m[2mDefault
[22m[39m[FilesContext] fetchFiles called
[90mstdout[2m | src/components/DebugPanel/ComponentTreeView.stories.tsx[2m > [22m[2mDefault
[22m[39m[FilesContext] User authenticated: mock-user-sub
[90mstdout[2m | src/components/DebugPanel/ComponentTreeView.stories.tsx[2m > [22m[2mDefault
[22m[39m[FilesContext] Identity ID: us-east-1:mock-identity-123
[90mstdout[2m | src/components/DebugPanel/ComponentTreeView.stories.tsx[2m > [22m[2mDefault
[22m[39m[FilesContext] About to set up File observeQuery
[90mstdout[2m | src/components/DebugPanel/ComponentTreeView.stories.tsx[2m > [22m[2mDefault
[22m[39m[ChatContext] Setting up AssistantChat observeQuery
[90mstdout[2m | src/components/DebugPanel/ComponentTreeView.stories.tsx[2m > [22m[2mDefault
[22m[39m[ChatContext] Waiting for subscription to initialize
[90mstdout[2m | src/components/DebugPanel/ComponentTreeView.stories.tsx[2m > [22m[2mDefault
[22m[39m[SettingsContext] Setting up Settings subscription for user: mock-user-sub
[90mstdout[2m | src/components/DebugPanel/ComponentTreeView.stories.tsx[2m > [22m[2mDefault
[22m[39m[Mock Data] Settings created: mock-settings-1790418845773 - notified 0 subscribers
[90mstdout[2m | src/components/DebugPanel/ComponentTreeView.stories.tsx[2m > [22m[2mDefault
[22m[39m[Mock Data] Unit.onUpdate() subscription added. Total: 1
[90mstdout[2m | src/components/DebugPanel/ComponentTreeView.stories.tsx[2m > [22m[2mDefault
[22m[39m[SectionContext] Section observeQuery update: 0
[90mstdout[2m | src/components/DebugPanel/ComponentTreeView.stories.tsx[2m > [22m[2mDefault
[22m[39m[FilesContext] File observeQuery update: 6 files
[90mstdout[2m | src/components/DebugPanel/ComponentTreeView.stories.tsx[2m > [22m[2mDefault
[22m[39m[ChatContext] AssistantChat initialized with 1 chats
[90mstdout[2m | src/components/DebugPanel/ComponentTreeView.stories.tsx[2m > [22m[2mDefault
[22m[39m[ChatContext] Setting initial chat: mock-assistant-chat-1
[90mstdout[2m | src/components/DebugPanel/ComponentTreeView.stories.tsx[2m > [22m[2mDefault
[22m[39m[MOCK CourseVectorStore] Initialized with mock data
[90mstdout[2m | src/components/DebugPanel/ComponentTreeView.stories.tsx[2m > [22m[2mDefault
[22m[39m[FilesContext] Vector store population triggered {
  "currentVectorStoreSize": 3,
  "documentsCount": 0,
  "filesCount": 6,
  "isInitialLoad": true,
}
[90mstdout[2m | src/components/DebugPanel/ComponentTreeView.stories.tsx[2m > [22m[2mDefault
[22m[39m[FilesContext] Vector store population complete - 3 total embeddings
[90mstdout[2m | src/components/DebugPanel/ComponentTreeView.stories.tsx[2m > [22m[2mDefault
[22m[39m[ChatContext] Chat exists and not archived, skipping creation
[90mstdout[2m | src/components/DebugPanel/ComponentTreeView.stories.tsx[2m > [22m[2mDefault
[22m[39m[Mock Storage] downloadData called with: undefined
[90mstdout[2m | src/components/DebugPanel/ComponentTreeView.stories.tsx[2m > [22m[2mEmpty Tree
[22m[39m[ChatContext] Cleaning up subscriptions
[90mstdout[2m | src/components/DebugPanel/ComponentTreeView.stories.tsx[2m > [22m[2mEmpty Tree
[22m[39m[Mock Data] Unit.onUpdate() subscription removed. Remaining: 0
[90mstdout[2m | src/components/DebugPanel/ComponentTreeView.stories.tsx[2m > [22m[2mEmpty Tree
[22m[39m[MOCK CourseVectorStore] Initialized with mock data
[90mstdout[2m | src/components/DebugPanel/ComponentTreeView.stories.tsx[2m > [22m[2mEmpty Tree
[22m[39m[TranslationModeController] Setting mode to: off
[90mstdout[2m | src/components/DebugPanel/ComponentTreeView.stories.tsx[2m > [22m[2mEmpty Tree
[22m[39m[UnitContext] useEffect triggered {
  "authLoading": false,
  "hasUser": true,
  "id": "mock-unit-id",
  "userSub": "mock-user-sub",
}
[90mstdout[2m | src/components/DebugPanel/ComponentTreeView.stories.tsx[2m > [22m[2mEmpty Tree
[22m[39m[UnitContext] Fetching unit data for id: mock-unit-id
[90mstdout[2m | src/components/DebugPanel/ComponentTreeView.stories.tsx[2m > [22m[2mEmpty Tree
[22m[39m[FilesContext] Initializing vector store from IndexedDB
[90mstdout[2m | src/components/DebugPanel/ComponentTreeView.stories.tsx[2m > [22m[2mEmpty Tree
[22m[39m[FilesContext] fetchFiles called
[90mstdout[2m | src/components/DebugPanel/ComponentTreeView.stories.tsx[2m > [22m[2mEmpty Tree
[22m[39m[FilesContext] User authenticated: mock-user-sub
[90mstdout[2m | src/components/DebugPanel/ComponentTreeView.stories.tsx[2m > [22m[2mEmpty Tree
[22m[39m[FilesContext] Identity ID: us-east-1:mock-identity-123
[90mstdout[2m | src/components/DebugPanel/ComponentTreeView.stories.tsx[2m > [22m[2mEmpty Tree
[22m[39m[FilesContext] About to set up File observeQuery
[90mstdout[2m | src/components/DebugPanel/ComponentTreeView.stories.tsx[2m > [22m[2mEmpty Tree
[22m[39m[ChatContext] Setting up AssistantChat observeQuery
[90mstdout[2m | src/components/DebugPanel/ComponentTreeView.stories.tsx[2m > [22m[2mEmpty Tree
[22m[39m[ChatContext] Waiting for subscription to initialize
[90mstdout[2m | src/components/DebugPanel/ComponentTreeView.stories.tsx[2m > [22m[2mEmpty Tree
[22m[39m[SettingsContext] Setting up Settings subscription for user: mock-user-sub
[90mstdout[2m | src/components/DebugPanel/ComponentTreeView.stories.tsx[2m > [22m[2mEmpty Tree
[22m[39m[Mock Data] Settings created: mock-settings-1790418845963 - notified 0 subscribers
[90mstdout[2m | src/components/DebugPanel/ComponentTreeView.stories.tsx[2m > [22m[2mEmpty Tree
[22m[39m[Mock Data] Unit.onUpdate() subscription added. Total: 1
[90mstdout[2m | src/components/DebugPanel/ComponentTreeView.stories.tsx[2m > [22m[2mEmpty Tree
[22m[39m[SectionContext] Section observeQuery update: 0
[90mstdout[2m | src/components/DebugPanel/ComponentTreeView.stories.tsx[2m > [22m[2mEmpty Tree
[22m[39m[Mock Storage] downloadData called with: undefined
[90mstdout[2m | src/components/DebugPanel/ComponentTreeView.stories.tsx[2m > [22m[2mEmpty Tree
[22m[39m[FilesContext] File observeQuery update: 6 files
[90mstdout[2m | src/components/DebugPanel/ComponentTreeView.stories.tsx[2m > [22m[2mEmpty Tree
[22m[39m[MOCK CourseVectorStore] Initialized with mock data
[90mstdout[2m | src/components/DebugPanel/ComponentTreeView.stories.tsx[2m > [22m[2mEmpty Tree
[22m[39m[FilesContext] Vector store population triggered {
  "currentVectorStoreSize": 3,
  "documentsCount": 0,
  "filesCount": 6,
  "isInitialLoad": true,
}
[90mstdout[2m | src/components/DebugPanel/ComponentTreeView.stories.tsx[2m > [22m[2mEmpty Tree
[22m[39m[FilesContext] Vector store population complete - 3 total embeddings
[90mstdout[2m | src/components/DebugPanel/ComponentTreeView.stories.tsx[2m > [22m[2mEmpty Tree
[22m[39m[ChatContext] AssistantChat initialized with 1 chats
[90mstdout[2m | src/components/DebugPanel/ComponentTreeView.stories.tsx[2m > [22m[2mEmpty Tree
[22m[39m[ChatContext] Setting initial chat: mock-assistant-chat-1
[90mstdout[2m | src/components/DebugPanel/ComponentTreeView.stories.tsx[2m > [22m[2mEmpty Tree
[22m[39m[ChatContext] Chat exists and not archived, skipping creation
[90mstdout[2m | src/components/DebugPanel/ComponentTreeView.stories.tsx[2m > [22m[2mSingle Component
[22m[39m[ChatContext] Cleaning up subscriptions
[90mstdout[2m | src/components/DebugPanel/ComponentTreeView.stories.tsx[2m > [22m[2mSingle Component
[22m[39m[Mock Data] Unit.onUpdate() subscription removed. Remaining: 0
[90mstdout[2m | src/components/DebugPanel/ComponentTreeView.stories.tsx[2m > [22m[2mSingle Component
[22m[39m[MOCK CourseVectorStore] Initialized with mock data
[90mstdout[2m | src/components/DebugPanel/ComponentTreeView.stories.tsx[2m > [22m[2mSingle Component
[22m[39m[TranslationModeController] Setting mode to: off
[90mstdout[2m | src/components/DebugPanel/ComponentTreeView.stories.tsx[2m > [22m[2mSingle Component
[22m[39m[UnitContext] useEffect triggered {
  "authLoading": false,
  "hasUser": true,
  "id": "mock-unit-id",
  "userSub": "mock-user-sub",
}
[90mstdout[2m | src/components/DebugPanel/ComponentTreeView.stories.tsx[2m > [22m[2mSingle Component
[22m[39m[UnitContext] Fetching unit data for id: mock-unit-id
[90mstdout[2m | src/components/DebugPanel/ComponentTreeView.stories.tsx[2m > [22m[2mSingle Component
[22m[39m[FilesContext] Initializing vector store from IndexedDB
[90mstdout[2m | src/components/DebugPanel/ComponentTreeView.stories.tsx[2m > [22m[2mSingle Component
[22m[39m[FilesContext] fetchFiles called
[90mstdout[2m | src/components/DebugPanel/ComponentTreeView.stories.tsx[2m > [22m[2mSingle Component
[22m[39m[FilesContext] User authenticated: mock-user-sub
[90mstdout[2m | src/components/DebugPanel/ComponentTreeView.stories.tsx[2m > [22m[2mSingle Component
[22m[39m[FilesContext] Identity ID: us-east-1:mock-identity-123
[90mstdout[2m | src/components/DebugPanel/ComponentTreeView.stories.tsx[2m > [22m[2mSingle Component
[22m[39m[FilesContext] About to set up File observeQuery
[90mstdout[2m | src/components/DebugPanel/ComponentTreeView.stories.tsx[2m > [22m[2mSingle Component
[22m[39m[ChatContext] Setting up AssistantChat observeQuery
[90mstdout[2m | src/components/DebugPanel/ComponentTreeView.stories.tsx[2m > [22m[2mSingle Component
[22m[39m[ChatContext] Waiting for subscription to initialize
[90mstdout[2m | src/components/DebugPanel/ComponentTreeView.stories.tsx[2m > [22m[2mSingle Component
[22m[39m[SettingsContext] Setting up Settings subscription for user: mock-user-sub
[90mstdout[2m | src/components/DebugPanel/ComponentTreeView.stories.tsx[2m > [22m[2mSingle Component
[22m[39m[Mock Data] Settings created: mock-settings-1790418846057 - notified 0 subscribers
[90mstdout[2m | src/components/DebugPanel/ComponentTreeView.stories.tsx[2m > [22m[2mSingle Component
[22m[39m[Mock Data] Unit.onUpdate() subscription added. Total: 1
[90mstdout[2m | src/components/DebugPanel/ComponentTreeView.stories.tsx[2m > [22m[2mSingle Component
[22m[39m[SectionContext] Section observeQuery update: 0
[90mstdout[2m | src/components/DebugPanel/ComponentTreeView.stories.tsx[2m > [22m[2mSingle Component
[22m[39m[FilesContext] File observeQuery update: 6 files
[90mstdout[2m | src/components/DebugPanel/ComponentTreeView.stories.tsx[2m > [22m[2mSingle Component
[22m[39m[ChatContext] AssistantChat initialized with 1 chats
[90mstdout[2m | src/components/DebugPanel/ComponentTreeView.stories.tsx[2m > [22m[2mSingle Component
[22m[39m[ChatContext] Setting initial chat: mock-assistant-chat-1
[90mstdout[2m | src/components/DebugPanel/ComponentTreeView.stories.tsx[2m > [22m[2mSingle Component
[22m[39m[Mock Storage] downloadData called with: undefined
[90mstdout[2m | src/components/DebugPanel/ComponentTreeView.stories.tsx[2m > [22m[2mSingle Component
[22m[39m[MOCK CourseVectorStore] Initialized with mock data
[90mstdout[2m | src/components/DebugPanel/ComponentTreeView.stories.tsx[2m > [22m[2mSingle Component
[22m[39m[FilesContext] Vector store population triggered {
  "currentVectorStoreSize": 3,
  "documentsCount": 0,
  "filesCount": 6,
  "isInitialLoad": true,
}
[90mstdout[2m | src/components/DebugPanel/ComponentTreeView.stories.tsx[2m > [22m[2mSingle Component
[22m[39m[FilesContext] Vector store population complete - 3 total embeddings
[90mstdout[2m | src/components/DebugPanel/ComponentTreeView.stories.tsx[2m > [22m[2mSingle Component
[22m[39m[ChatContext] Chat exists and not archived, skipping creation
[90mstdout[2m | src/components/DebugPanel/ComponentTreeView.stories.tsx[2m > [22m[2mWith Selection
[22m[39m[ChatContext] Cleaning up subscriptions
[90mstdout[2m | src/components/DebugPanel/ComponentTreeView.stories.tsx[2m > [22m[2mWith Selection
[22m[39m[Mock Data] Unit.onUpdate() subscription removed. Remaining: 0
[90mstdout[2m | src/components/DebugPanel/ComponentTreeView.stories.tsx[2m > [22m[2mWith Selection
[22m[39m[MOCK CourseVectorStore] Initialized with mock data
[90mstdout[2m | src/components/DebugPanel/ComponentTreeView.stories.tsx[2m > [22m[2mWith Selection
[22m[39m[TranslationModeController] Setting mode to: off
[90mstdout[2m | src/components/DebugPanel/ComponentTreeView.stories.tsx[2m > [22m[2mWith Selection
[22m[39m[UnitContext] useEffect triggered {
  "authLoading": false,
  "hasUser": true,
  "id": "mock-unit-id",
  "userSub": "mock-user-sub",
}
[90mstdout[2m | src/components/DebugPanel/ComponentTreeView.stories.tsx[2m > [22m[2mWith Selection
[22m[39m[UnitContext] Fetching unit data for id: mock-unit-id
[90mstdout[2m | src/components/DebugPanel/ComponentTreeView.stories.tsx[2m > [22m[2mWith Selection
[22m[39m[FilesContext] Initializing vector store from IndexedDB
[90mstdout[2m | src/components/DebugPanel/ComponentTreeView.stories.tsx[2m > [22m[2mWith Selection
[22m[39m[FilesContext] fetchFiles called
[90mstdout[2m | src/components/DebugPanel/ComponentTreeView.stories.tsx[2m > [22m[2mWith Selection
[22m[39m[FilesContext] User authenticated: mock-user-sub
[90mstdout[2m | src/components/DebugPanel/ComponentTreeView.stories.tsx[2m > [22m[2mWith Selection
[22m[39m[FilesContext] Identity ID: us-east-1:mock-identity-123
[90mstdout[2m | src/components/DebugPanel/ComponentTreeView.stories.tsx[2m > [22m[2mWith Selection
[22m[39m[FilesContext] About to set up File observeQuery
[90mstdout[2m | src/components/DebugPanel/ComponentTreeView.stories.tsx[2m > [22m[2mWith Selection
[22m[39m[ChatContext] Setting up AssistantChat observeQuery
[90mstdout[2m | src/components/DebugPanel/ComponentTreeView.stories.tsx[2m > [22m[2mWith Selection
[22m[39m[ChatContext] Waiting for subscription to initialize
[90mstdout[2m | src/components/DebugPanel/ComponentTreeView.stories.tsx[2m > [22m[2mWith Selection
[22m[39m[SettingsContext] Setting up Settings subscription for user: mock-user-sub
[90mstdout[2m | src/components/DebugPanel/ComponentTreeView.stories.tsx[2m > [22m[2mWith Selection
[22m[39m[Mock Data] Settings created: mock-settings-1790418846212 - notified 0 subscribers
[90mstdout[2m | src/components/DebugPanel/ComponentTreeView.stories.tsx[2m > [22m[2mWith Selection
[22m[39m[Mock Data] Unit.onUpdate() subscription added. Total: 1
[90mstdout[2m | src/components/DebugPanel/ComponentTreeView.stories.tsx[2m > [22m[2mWith Selection
[22m[39m[SectionContext] Section observeQuery update: 0
[90mstdout[2m | src/components/DebugPanel/ComponentTreeView.stories.tsx[2m > [22m[2mWith Selection
[22m[39m[FilesContext] File observeQuery update: 6 files
[90mstdout[2m | src/components/DebugPanel/ComponentTreeView.stories.tsx[2m > [22m[2mWith Selection
[22m[39m[MOCK CourseVectorStore] Initialized with mock data
[90mstdout[2m | src/components/DebugPanel/ComponentTreeView.stories.tsx[2m > [22m[2mWith Selection
[22m[39m[FilesContext] Vector store population triggered {
  "currentVectorStoreSize": 3,
  "documentsCount": 0,
  "filesCount": 6,
  "isInitialLoad": true,
}
[90mstdout[2m | src/components/DebugPanel/ComponentTreeView.stories.tsx[2m > [22m[2mWith Selection
[22m[39m[FilesContext] Vector store population complete - 3 total embeddings
[90mstdout[2m | src/components/DebugPanel/ComponentTreeView.stories.tsx[2m > [22m[2mWith Selection
[22m[39m[ChatContext] AssistantChat initialized with 1 chats
[90mstdout[2m | src/components/DebugPanel/ComponentTreeView.stories.tsx[2m > [22m[2mWith Selection
[22m[39m[ChatContext] Setting initial chat: mock-assistant-chat-1
[90mstdout[2m | src/components/DebugPanel/ComponentTreeView.stories.tsx[2m > [22m[2mWith Selection
[22m[39m[Mock Storage] downloadData called with: undefined
[90mstdout[2m | src/components/DebugPanel/ComponentTreeView.stories.tsx[2m > [22m[2mWith Selection
[22m[39m[ChatContext] Chat exists and not archived, skipping creation
[90mstdout[2m | src/components/DebugPanel/ComponentTreeView.stories.tsx[2m > [22m[2mMany Instances
[22m[39m[ChatContext] Cleaning up subscriptions
[90mstdout[2m | src/components/DebugPanel/ComponentTreeView.stories.tsx[2m > [22m[2mMany Instances
[22m[39m[Mock Data] Unit.onUpdate() subscription removed. Remaining: 0
[90mstdout[2m | src/components/DebugPanel/ComponentTreeView.stories.tsx[2m > [22m[2mMany Instances
[22m[39m[MOCK CourseVectorStore] Initialized with mock data
[90mstdout[2m | src/components/DebugPanel/ComponentTreeView.stories.tsx[2m > [22m[2mMany Instances
[22m[39m[TranslationModeController] Setting mode to: off
[90mstdout[2m | src/components/DebugPanel/ComponentTreeView.stories.tsx[2m > [22m[2mMany Instances
[22m[39m[UnitContext] useEffect triggered {
  "authLoading": false,
  "hasUser": true,
  "id": "mock-unit-id",
  "userSub": "mock-user-sub",
}
[90mstdout[2m | src/components/DebugPanel/ComponentTreeView.stories.tsx[2m > [22m[2mMany Instances
[22m[39m[UnitContext] Fetching unit data for id: mock-unit-id
[90mstdout[2m | src/components/DebugPanel/ComponentTreeView.stories.tsx[2m > [22m[2mMany Instances
[22m[39m[FilesContext] Initializing vector store from IndexedDB
[90mstdout[2m | src/components/DebugPanel/ComponentTreeView.stories.tsx[2m > [22m[2mMany Instances
[22m[39m[FilesContext] fetchFiles called
[90mstdout[2m | src/components/DebugPanel/ComponentTreeView.stories.tsx[2m > [22m[2mMany Instances
[22m[39m[FilesContext] User authenticated: mock-user-sub
[90mstdout[2m | src/components/DebugPanel/ComponentTreeView.stories.tsx[2m > [22m[2mMany Instances
[22m[39m[FilesContext] Identity ID: us-east-1:mock-identity-123
[90mstdout[2m | src/components/DebugPanel/ComponentTreeView.stories.tsx[2m > [22m[2mMany Instances
[22m[39m[FilesContext] About to set up File observeQuery
[90mstdout[2m | src/components/DebugPanel/ComponentTreeView.stories.tsx[2m > [22m[2mMany Instances
[22m[39m[ChatContext] Setting up AssistantChat observeQuery
[90mstdout[2m | src/components/DebugPanel/ComponentTreeView.stories.tsx[2m > [22m[2mMany Instances
[22m[39m[ChatContext] Waiting for subscription to initialize
[90mstdout[2m | src/components/DebugPanel/ComponentTreeView.stories.tsx[2m > [22m[2mMany Instances
[22m[39m[SettingsContext] Setting up Settings subscription for user: mock-user-sub
[90mstdout[2m | src/components/DebugPanel/ComponentTreeView.stories.tsx[2m > [22m[2mMany Instances
[22m[39m[Mock Data] Settings created: mock-settings-1790418846440 - notified 0 subscribers
[90mstdout[2m | src/components/DebugPanel/ComponentTreeView.stories.tsx[2m > [22m[2mMany Instances
[22m[39m[Mock Data] Unit.onUpdate() subscription added. Total: 1
[90mstdout[2m | src/components/DebugPanel/ComponentTreeView.stories.tsx[2m > [22m[2mMany Instances
[22m[39m[SectionContext] Section observeQuery update: 0
[90mstdout[2m | src/components/DebugPanel/ComponentTreeView.stories.tsx[2m > [22m[2mMany Instances
[22m[39m[FilesContext] File observeQuery update: 6 files
[90mstdout[2m | src/components/DebugPanel/ComponentTreeView.stories.tsx[2m > [22m[2mMany Instances
[22m[39m[ChatContext] AssistantChat initialized with 1 chats
[90mstdout[2m | src/components/DebugPanel/ComponentTreeView.stories.tsx[2m > [22m[2mMany Instances
[22m[39m[ChatContext] Setting initial chat: mock-assistant-chat-1
[90mstdout[2m | src/components/DebugPanel/ComponentTreeView.stories.tsx[2m > [22m[2mMany Instances
[22m[39m[MOCK CourseVectorStore] Initialized with mock data
[90mstdout[2m | src/components/DebugPanel/ComponentTreeView.stories.tsx[2m > [22m[2mMany Instances
[22m[39m[FilesContext] Vector store population triggered {
  "currentVectorStoreSize": 3,
  "documentsCount": 0,
  "filesCount": 6,
  "isInitialLoad": true,
}
[90mstdout[2m | src/components/DebugPanel/ComponentTreeView.stories.tsx[2m > [22m[2mMany Instances
[22m[39m[FilesContext] Vector store population complete - 3 total embeddings
[90mstdout[2m | src/components/DebugPanel/ComponentTreeView.stories.tsx[2m > [22m[2mMany Instances
[22m[39m[ChatContext] Chat exists and not archived, skipping creation
[90mstdout[2m | src/components/DebugPanel/ComponentTreeView.stories.tsx[2m > [22m[2mMany Instances
[22m[39m[Mock Storage] downloadData called with: undefined
[90mstdout[2m | src/components/DebugPanel/ComponentTreeView.stories.tsx[2m > [22m[2mMany Instances
[22m[39mfilterWords {
  "filter": "",
  "wordsCount": 0,
}
[90mstdout[2m | src/components/DebugPanel/ComponentTreeView.stories.tsx[2m > [22m[2mHigh Render Count
[22m[39m[ChatContext] Cleaning up subscriptions
[90mstdout[2m | src/components/DebugPanel/ComponentTreeView.stories.tsx[2m > [22m[2mHigh Render Count
[22m[39m[Mock Data] Unit.onUpdate() subscription removed. Remaining: 0
[90mstdout[2m | src/components/DebugPanel/ComponentTreeView.stories.tsx[2m > [22m[2mHigh Render Count
[22m[39m[MOCK CourseVectorStore] Initialized with mock data
[90mstdout[2m | src/components/DebugPanel/ComponentTreeView.stories.tsx[2m > [22m[2mHigh Render Count
[22m[39m[TranslationModeController] Setting mode to: off
[90mstdout[2m | src/components/DebugPanel/ComponentTreeView.stories.tsx[2m > [22m[2mHigh Render Count
[22m[39m[UnitContext] useEffect triggered {
  "authLoading": false,
  "hasUser": true,
  "id": "mock-unit-id",
  "userSub": "mock-user-sub",
}
[90mstdout[2m | src/components/DebugPanel/ComponentTreeView.stories.tsx[2m > [22m[2mHigh Render Count
[22m[39m[UnitContext] Fetching unit data for id: mock-unit-id
[90mstdout[2m | src/components/DebugPanel/ComponentTreeView.stories.tsx[2m > [22m[2mHigh Render Count
[22m[39m[FilesContext] Initializing vector store from IndexedDB
[90mstdout[2m | src/components/DebugPanel/ComponentTreeView.stories.tsx[2m > [22m[2mHigh Render Count
[22m[39m[FilesContext] fetchFiles called
[90mstdout[2m | src/components/DebugPanel/ComponentTreeView.stories.tsx[2m > [22m[2mHigh Render Count
[22m[39m[FilesContext] User authenticated: mock-user-sub
[90mstdout[2m | src/components/DebugPanel/ComponentTreeView.stories.tsx[2m > [22m[2mHigh Render Count
[22m[39m[FilesContext] Identity ID: us-east-1:mock-identity-123
[90mstdout[2m | src/components/DebugPanel/ComponentTreeView.stories.tsx[2m > [22m[2mHigh Render Count
[22m[39m[FilesContext] About to set up File observeQuery
[90mstdout[2m | src/components/DebugPanel/ComponentTreeView.stories.tsx[2m > [22m[2mHigh Render Count
[22m[39m[ChatContext] Setting up AssistantChat observeQuery
[90mstdout[2m | src/components/DebugPanel/ComponentTreeView.stories.tsx[2m > [22m[2mHigh Render Count
[22m[39m[ChatContext] Waiting for subscription to initialize
[90mstdout[2m | src/components/DebugPanel/ComponentTreeView.stories.tsx[2m > [22m[2mHigh Render Count
[22m[39m[SettingsContext] Setting up Settings subscription for user: mock-user-sub
[90mstdout[2m | src/components/DebugPanel/ComponentTreeView.stories.tsx[2m > [22m[2mHigh Render Count
[22m[39m[Mock Data] Settings created: mock-settings-1790418846674 - notified 0 subscribers
[90mstdout[2m | src/components/DebugPanel/ComponentTreeView.stories.tsx[2m > [22m[2mHigh Render Count
[22m[39m[Mock Data] Unit.onUpdate() subscription added. Total: 1
[90mstdout[2m | src/components/DebugPanel/ComponentTreeView.stories.tsx[2m > [22m[2mHigh Render Count
[22m[39m[SectionContext] Section observeQuery update: 0
[90mstdout[2m | src/components/DebugPanel/ComponentTreeView.stories.tsx[2m > [22m[2mHigh Render Count
[22m[39m[FilesContext] File observeQuery update: 6 files
[90mstdout[2m | src/components/DebugPanel/ComponentTreeView.stories.tsx[2m > [22m[2mHigh Render Count
[22m[39m[ChatContext] AssistantChat initialized with 1 chats
[90mstdout[2m | src/components/DebugPanel/ComponentTreeView.stories.tsx[2m > [22m[2mHigh Render Count
[22m[39m[ChatContext] Setting initial chat: mock-assistant-chat-1
[90mstdout[2m | src/components/DebugPanel/ComponentTreeView.stories.tsx[2m > [22m[2mHigh Render Count
[22m[39m[MOCK CourseVectorStore] Initialized with mock data
[90mstdout[2m | src/components/DebugPanel/ComponentTreeView.stories.tsx[2m > [22m[2mHigh Render Count
[22m[39m[FilesContext] Vector store population triggered {
  "currentVectorStoreSize": 3,
  "documentsCount": 0,
  "filesCount": 6,
  "isInitialLoad": true,
}
[90mstdout[2m | src/components/DebugPanel/ComponentTreeView.stories.tsx[2m > [22m[2mHigh Render Count
[22m[39m[FilesContext] Vector store population complete - 3 total embeddings
[90mstdout[2m | src/components/DebugPanel/ComponentTreeView.stories.tsx[2m > [22m[2mHigh Render Count
[22m[39m[ChatContext] Chat exists and not archived, skipping creation
[90mstdout[2m | src/components/DebugPanel/ComponentTreeView.stories.tsx[2m > [22m[2mHigh Render Count
[22m[39m[Mock Storage] downloadData called with: undefined
[90mstdout[2m | src/components/DebugPanel/ComponentTreeView.stories.tsx[2m > [22m[2mComplex Props
[22m[39m[ChatContext] Cleaning up subscriptions
[90mstdout[2m | src/components/DebugPanel/ComponentTreeView.stories.tsx[2m > [22m[2mComplex Props
[22m[39m[Mock Data] Unit.onUpdate() subscription removed. Remaining: 0
[90mstdout[2m | src/components/DebugPanel/ComponentTreeView.stories.tsx[2m > [22m[2mComplex Props
[22m[39m[MOCK CourseVectorStore] Initialized with mock data
[90mstdout[2m | src/components/DebugPanel/ComponentTreeView.stories.tsx[2m > [22m[2mComplex Props
[22m[39m[TranslationModeController] Setting mode to: off
[90mstdout[2m | src/components/DebugPanel/ComponentTreeView.stories.tsx[2m > [22m[2mComplex Props
[22m[39m[UnitContext] useEffect triggered {
  "authLoading": false,
  "hasUser": true,
  "id": "mock-unit-id",
  "userSub": "mock-user-sub",
}
[90mstdout[2m | src/components/DebugPanel/ComponentTreeView.stories.tsx[2m > [22m[2mComplex Props
[22m[39m[UnitContext] Fetching unit data for id: mock-unit-id
[90mstdout[2m | src/components/DebugPanel/ComponentTreeView.stories.tsx[2m > [22m[2mComplex Props
[22m[39m[FilesContext] Initializing vector store from IndexedDB
[90mstdout[2m | src/components/DebugPanel/ComponentTreeView.stories.tsx[2m > [22m[2mComplex Props
[22m[39m[FilesContext] fetchFiles called
[90mstdout[2m | src/components/DebugPanel/ComponentTreeView.stories.tsx[2m > [22m[2mComplex Props
[22m[39m[FilesContext] User authenticated: mock-user-sub
[90mstdout[2m | src/components/DebugPanel/ComponentTreeView.stories.tsx[2m > [22m[2mComplex Props
[22m[39m[FilesContext] Identity ID: us-east-1:mock-identity-123
[90mstdout[2m | src/components/DebugPanel/ComponentTreeView.stories.tsx[2m > [22m[2mComplex Props
[22m[39m[FilesContext] About to set up File observeQuery
[90mstdout[2m | src/components/DebugPanel/ComponentTreeView.stories.tsx[2m > [22m[2mComplex Props
[22m[39m[ChatContext] Setting up AssistantChat observeQuery
[90mstdout[2m | src/components/DebugPanel/ComponentTreeView.stories.tsx[2m > [22m[2mComplex Props
[22m[39m[ChatContext] Waiting for subscription to initialize
[90mstdout[2m | src/components/DebugPanel/ComponentTreeView.stories.tsx[2m > [22m[2mComplex Props
[22m[39m[SettingsContext] Setting up Settings subscription for user: mock-user-sub
[90mstdout[2m | src/components/DebugPanel/ComponentTreeView.stories.tsx[2m > [22m[2mComplex Props
[22m[39m[Mock Data] Settings created: mock-settings-1790418846832 - notified 0 subscribers
[90mstdout[2m | src/components/DebugPanel/ComponentTreeView.stories.tsx[2m > [22m[2mComplex Props
[22m[39m[Mock Data] Unit.onUpdate() subscription added. Total: 1
[90mstdout[2m | src/components/DebugPanel/ComponentTreeView.stories.tsx[2m > [22m[2mComplex Props
[22m[39m[SectionContext] Section observeQuery update: 0
[90mstdout[2m | src/components/DebugPanel/ComponentTreeView.stories.tsx[2m > [22m[2mComplex Props
[22m[39m[Mock Storage] downloadData called with: undefined
[90mstdout[2m | src/components/DebugPanel/ComponentTreeView.stories.tsx[2m > [22m[2mComplex Props
[22m[39m[FilesContext] File observeQuery update: 6 files
[90mstdout[2m | src/components/DebugPanel/ComponentTreeView.stories.tsx[2m > [22m[2mComplex Props
[22m[39m[MOCK CourseVectorStore] Initialized with mock data
[90mstdout[2m | src/components/DebugPanel/ComponentTreeView.stories.tsx[2m > [22m[2mComplex Props
[22m[39m[FilesContext] Vector store population triggered {
  "currentVectorStoreSize": 3,
  "documentsCount": 0,
  "filesCount": 6,
  "isInitialLoad": true,
}
[90mstdout[2m | src/components/DebugPanel/ComponentTreeView.stories.tsx[2m > [22m[2mComplex Props
[22m[39m[FilesContext] Vector store population complete - 3 total embeddings
[90mstdout[2m | src/components/DebugPanel/ComponentTreeView.stories.tsx[2m > [22m[2mComplex Props
[22m[39m[ChatContext] AssistantChat initialized with 1 chats
[90mstdout[2m | src/components/DebugPanel/ComponentTreeView.stories.tsx[2m > [22m[2mComplex Props
[22m[39m[ChatContext] Setting initial chat: mock-assistant-chat-1
[90mstdout[2m | src/components/DebugPanel/ComponentTreeView.stories.tsx[2m > [22m[2mComplex Props
[22m[39m[ChatContext] Chat exists and not archived, skipping creation
 [32m✓[39m [30m[45m storybook (chromium) [49m[39m src/components/DebugPanel/ComponentTreeView.stories.tsx [2m([22m[2m7 tests[22m[2m)[22m[33m 1238[2mms[22m[39m
[90mstdout[2m | unknown test
[22m[39m[MOCK vectorStoreDB.js] Module loaded - mock IndexedDB operations
[90mstdout[2m | unknown test
[22m[39m[Task Completion] DOM action listeners initialized
[90mstdout[2m | unknown test
[22m[39m[Task Completion] Auto-completion detector initialized
[90mstdout[2m | unknown test
[22m[39m[Preview] Task completion detector initialized
[90mstdout[2m | src/components/DebugPanel/DebugPanel.stories.tsx[2m > [22m[2mDefault
[22m[39m[MOCK CourseVectorStore] Initialized with mock data
[90mstdout[2m | src/components/DebugPanel/DebugPanel.stories.tsx[2m > [22m[2mDefault
[22m[39m[TranslationModeController] Setting mode to: off
[90mstdout[2m | src/components/DebugPanel/DebugPanel.stories.tsx[2m > [22m[2mDefault
[22m[39m[UnitContext] useEffect triggered {
  "authLoading": false,
  "hasUser": true,
  "id": "mock-unit-id",
  "userSub": "mock-user-sub",
}
[90mstdout[2m | src/components/DebugPanel/DebugPanel.stories.tsx[2m > [22m[2mDefault
[22m[39m[UnitContext] Fetching unit data for id: mock-unit-id
[90mstdout[2m | src/components/DebugPanel/DebugPanel.stories.tsx[2m > [22m[2mDefault
[22m[39m[FilesContext] Initializing vector store from IndexedDB
[90mstdout[2m | src/components/DebugPanel/DebugPanel.stories.tsx[2m > [22m[2mDefault
[22m[39m[FilesContext] fetchFiles called
[90mstdout[2m | src/components/DebugPanel/DebugPanel.stories.tsx[2m > [22m[2mDefault
[22m[39m[FilesContext] User authenticated: mock-user-sub
[90mstdout[2m | src/components/DebugPanel/DebugPanel.stories.tsx[2m > [22m[2mDefault
[22m[39m[FilesContext] Identity ID: us-east-1:mock-identity-123
[90mstdout[2m | src/components/DebugPanel/DebugPanel.stories.tsx[2m > [22m[2mDefault
[22m[39m[FilesContext] About to set up File observeQuery
[90mstdout[2m | src/components/DebugPanel/DebugPanel.stories.tsx[2m > [22m[2mDefault
[22m[39m[ChatContext] Setting up AssistantChat observeQuery
[90mstdout[2m | src/components/DebugPanel/DebugPanel.stories.tsx[2m > [22m[2mDefault
[22m[39m[ChatContext] Waiting for subscription to initialize
[90mstdout[2m | src/components/DebugPanel/DebugPanel.stories.tsx[2m > [22m[2mDefault
[22m[39m[SettingsContext] Setting up Settings subscription for user: mock-user-sub
[90mstdout[2m | src/components/DebugPanel/DebugPanel.stories.tsx[2m > [22m[2mDefault
[22m[39m[Mock Data] Settings created: mock-settings-1790418847405 - notified 0 subscribers
[90mstdout[2m | src/components/DebugPanel/DebugPanel.stories.tsx[2m > [22m[2mDefault
[22m[39m[Mock Data] Unit.onUpdate() subscription added. Total: 1
[90mstdout[2m | src/components/DebugPanel/DebugPanel.stories.tsx[2m > [22m[2mDefault
[22m[39m[SectionContext] Section observeQuery update: 0
[90mstdout[2m | src/components/DebugPanel/DebugPanel.stories.tsx[2m > [22m[2mDefault
[22m[39m[FilesContext] File observeQuery update: 6 files
[90mstdout[2m | src/components/DebugPanel/DebugPanel.stories.tsx[2m > [22m[2mDefault
[22m[39m[ChatContext] AssistantChat initialized with 1 chats
[90mstdout[2m | src/components/DebugPanel/DebugPanel.stories.tsx[2m > [22m[2mDefault
[22m[39m[ChatContext] Setting initial chat: mock-assistant-chat-1
[90mstdout[2m | src/components/DebugPanel/DebugPanel.stories.tsx[2m > [22m[2mDefault
[22m[39m[MOCK CourseVectorStore] Initialized with mock data
[90mstdout[2m | src/components/DebugPanel/DebugPanel.stories.tsx[2m > [22m[2mDefault
[22m[39m[FilesContext] Vector store population triggered {
  "currentVectorStoreSize": 3,
  "documentsCount": 0,
  "filesCount": 6,
  "isInitialLoad": true,
}
[90mstdout[2m | src/components/DebugPanel/DebugPanel.stories.tsx[2m > [22m[2mDefault
[22m[39m[FilesContext] Vector store population complete - 3 total embeddings
[90mstdout[2m | src/components/DebugPanel/DebugPanel.stories.tsx[2m > [22m[2mDefault
[22m[39m[ChatContext] Chat exists and not archived, skipping creation
[90mstdout[2m | src/components/DebugPanel/DebugPanel.stories.tsx[2m > [22m[2mDefault
[22m[39m[Mock Storage] downloadData called with: undefined
[90mstdout[2m | src/components/DebugPanel/DebugPanel.stories.tsx[2m > [22m[2mLogs Tab
[22m[39m[ChatContext] Cleaning up subscriptions
[90mstdout[2m | src/components/DebugPanel/DebugPanel.stories.tsx[2m > [22m[2mLogs Tab
[22m[39m[Mock Data] Unit.onUpdate() subscription removed. Remaining: 0
[90mstdout[2m | src/components/DebugPanel/DebugPanel.stories.tsx[2m > [22m[2mLogs Tab
[22m[39m[MOCK CourseVectorStore] Initialized with mock data
[90mstdout[2m | src/components/DebugPanel/DebugPanel.stories.tsx[2m > [22m[2mLogs Tab
[22m[39m[TranslationModeController] Setting mode to: off
[90mstdout[2m | src/components/DebugPanel/DebugPanel.stories.tsx[2m > [22m[2mLogs Tab
[22m[39m[UnitContext] useEffect triggered {
  "authLoading": false,
  "hasUser": true,
  "id": "mock-unit-id",
  "userSub": "mock-user-sub",
}
[90mstdout[2m | src/components/DebugPanel/DebugPanel.stories.tsx[2m > [22m[2mLogs Tab
[22m[39m[UnitContext] Fetching unit data for id: mock-unit-id
[90mstdout[2m | src/components/DebugPanel/DebugPanel.stories.tsx[2m > [22m[2mLogs Tab
[22m[39m[FilesContext] Initializing vector store from IndexedDB
[90mstdout[2m | src/components/DebugPanel/DebugPanel.stories.tsx[2m > [22m[2mLogs Tab
[22m[39m[FilesContext] fetchFiles called
[90mstdout[2m | src/components/DebugPanel/DebugPanel.stories.tsx[2m > [22m[2mLogs Tab
[22m[39m[FilesContext] User authenticated: mock-user-sub
[90mstdout[2m | src/components/DebugPanel/DebugPanel.stories.tsx[2m > [22m[2mLogs Tab
[22m[39m[FilesContext] Identity ID: us-east-1:mock-identity-123
[90mstdout[2m | src/components/DebugPanel/DebugPanel.stories.tsx[2m > [22m[2mLogs Tab
[22m[39m[FilesContext] About to set up File observeQuery
[90mstdout[2m | src/components/DebugPanel/DebugPanel.stories.tsx[2m > [22m[2mLogs Tab
[22m[39m[ChatContext] Setting up AssistantChat observeQuery
[90mstdout[2m | src/components/DebugPanel/DebugPanel.stories.tsx[2m > [22m[2mLogs Tab
[22m[39m[ChatContext] Waiting for subscription to initialize
[90mstdout[2m | src/components/DebugPanel/DebugPanel.stories.tsx[2m > [22m[2mLogs Tab
[22m[39m[SettingsContext] Setting up Settings subscription for user: mock-user-sub
[90mstdout[2m | src/components/DebugPanel/DebugPanel.stories.tsx[2m > [22m[2mLogs Tab
[22m[39m[Mock Data] Settings created: mock-settings-1790418847785 - notified 0 subscribers
[90mstdout[2m | src/components/DebugPanel/DebugPanel.stories.tsx[2m > [22m[2mLogs Tab
[22m[39m[Mock Data] Unit.onUpdate() subscription added. Total: 1
[90mstdout[2m | src/components/DebugPanel/DebugPanel.stories.tsx[2m > [22m[2mLogs Tab
[22m[39m[SectionContext] Section observeQuery update: 0
[90mstdout[2m | src/components/DebugPanel/DebugPanel.stories.tsx[2m > [22m[2mLogs Tab
[22m[39m[FilesContext] File observeQuery update: 6 files
[90mstdout[2m | src/components/DebugPanel/DebugPanel.stories.tsx[2m > [22m[2mLogs Tab
[22m[39m[ChatContext] AssistantChat initialized with 1 chats
[90mstdout[2m | src/components/DebugPanel/DebugPanel.stories.tsx[2m > [22m[2mLogs Tab
[22m[39m[ChatContext] Setting initial chat: mock-assistant-chat-1
[90mstdout[2m | src/components/DebugPanel/DebugPanel.stories.tsx[2m > [22m[2mLogs Tab
[22m[39m[MOCK CourseVectorStore] Initialized with mock data
[90mstdout[2m | src/components/DebugPanel/DebugPanel.stories.tsx[2m > [22m[2mLogs Tab
[22m[39m[FilesContext] Vector store population triggered {
  "currentVectorStoreSize": 3,
  "documentsCount": 0,
  "filesCount": 6,
  "isInitialLoad": true,
}
[90mstdout[2m | src/components/DebugPanel/DebugPanel.stories.tsx[2m > [22m[2mLogs Tab
[22m[39m[FilesContext] Vector store population complete - 3 total embeddings
[90mstdout[2m | src/components/DebugPanel/DebugPanel.stories.tsx[2m > [22m[2mLogs Tab
[22m[39m[ChatContext] Chat exists and not archived, skipping creation
[90mstdout[2m | src/components/DebugPanel/DebugPanel.stories.tsx[2m > [22m[2mLogs Tab
[22m[39m[Mock Storage] downloadData called with: undefined
[90mstdout[2m | src/components/DebugPanel/DebugPanel.stories.tsx[2m > [22m[2mState Tab
[22m[39m[ChatContext] Cleaning up subscriptions
[90mstdout[2m | src/components/DebugPanel/DebugPanel.stories.tsx[2m > [22m[2mState Tab
[22m[39m[Mock Data] Unit.onUpdate() subscription removed. Remaining: 0
[90mstdout[2m | src/components/DebugPanel/DebugPanel.stories.tsx[2m > [22m[2mState Tab
[22m[39m[MOCK CourseVectorStore] Initialized with mock data
[90mstdout[2m | src/components/DebugPanel/DebugPanel.stories.tsx[2m > [22m[2mState Tab
[22m[39m[TranslationModeController] Setting mode to: off
[90mstdout[2m | src/components/DebugPanel/DebugPanel.stories.tsx[2m > [22m[2mState Tab
[22m[39m[UnitContext] useEffect triggered {
  "authLoading": false,
  "hasUser": true,
  "id": "mock-unit-id",
  "userSub": "mock-user-sub",
}
[90mstdout[2m | src/components/DebugPanel/DebugPanel.stories.tsx[2m > [22m[2mState Tab
[22m[39m[UnitContext] Fetching unit data for id: mock-unit-id
[90mstdout[2m | src/components/DebugPanel/DebugPanel.stories.tsx[2m > [22m[2mState Tab
[22m[39m[FilesContext] Initializing vector store from IndexedDB
[90mstdout[2m | src/components/DebugPanel/DebugPanel.stories.tsx[2m > [22m[2mState Tab
[22m[39m[FilesContext] fetchFiles called
[90mstdout[2m | src/components/DebugPanel/DebugPanel.stories.tsx[2m > [22m[2mState Tab
[22m[39m[FilesContext] User authenticated: mock-user-sub
[90mstdout[2m | src/components/DebugPanel/DebugPanel.stories.tsx[2m > [22m[2mState Tab
[22m[39m[FilesContext] Identity ID: us-east-1:mock-identity-123
[90mstdout[2m | src/components/DebugPanel/DebugPanel.stories.tsx[2m > [22m[2mState Tab
[22m[39m[FilesContext] About to set up File observeQuery
[90mstdout[2m | src/components/DebugPanel/DebugPanel.stories.tsx[2m > [22m[2mState Tab
[22m[39m[ChatContext] Setting up AssistantChat observeQuery
[90mstdout[2m | src/components/DebugPanel/DebugPanel.stories.tsx[2m > [22m[2mState Tab
[22m[39m[ChatContext] Waiting for subscription to initialize
[90mstdout[2m | src/components/DebugPanel/DebugPanel.stories.tsx[2m > [22m[2mState Tab
[22m[39m[SettingsContext] Setting up Settings subscription for user: mock-user-sub
[90mstdout[2m | src/components/DebugPanel/DebugPanel.stories.tsx[2m > [22m[2mState Tab
[22m[39m[Mock Data] Settings created: mock-settings-1790418847969 - notified 0 subscribers
[90mstdout[2m | src/components/DebugPanel/DebugPanel.stories.tsx[2m > [22m[2mState Tab
[22m[39m[Mock Data] Unit.onUpdate() subscription added. Total: 1
[90mstdout[2m | src/components/DebugPanel/DebugPanel.stories.tsx[2m > [22m[2mState Tab
[22m[39m[SectionContext] Section observeQuery update: 0
[90mstdout[2m | src/components/DebugPanel/DebugPanel.stories.tsx[2m > [22m[2mState Tab
[22m[39m[FilesContext] File observeQuery update: 6 files
[90mstdout[2m | src/components/DebugPanel/DebugPanel.stories.tsx[2m > [22m[2mState Tab
[22m[39m[ChatContext] AssistantChat initialized with 1 chats
[90mstdout[2m | src/components/DebugPanel/DebugPanel.stories.tsx[2m > [22m[2mState Tab
[22m[39m[ChatContext] Setting initial chat: mock-assistant-chat-1
[90mstdout[2m | src/components/DebugPanel/DebugPanel.stories.tsx[2m > [22m[2mState Tab
[22m[39m[MOCK CourseVectorStore] Initialized with mock data
[90mstdout[2m | src/components/DebugPanel/DebugPanel.stories.tsx[2m > [22m[2mState Tab
[22m[39m[FilesContext] Vector store population triggered {
  "currentVectorStoreSize": 3,
  "documentsCount": 0,
  "filesCount": 6,
  "isInitialLoad": true,
}
[90mstdout[2m | src/components/DebugPanel/DebugPanel.stories.tsx[2m > [22m[2mState Tab
[22m[39m[FilesContext] Vector store population complete - 3 total embeddings
[90mstdout[2m | src/components/DebugPanel/DebugPanel.stories.tsx[2m > [22m[2mState Tab
[22m[39m[ChatContext] Chat exists and not archived, skipping creation
[90mstdout[2m | src/components/DebugPanel/DebugPanel.stories.tsx[2m > [22m[2mState Tab
[22m[39m[Mock Storage] downloadData called with: undefined
[90mstdout[2m | src/components/DebugPanel/DebugPanel.stories.tsx[2m > [22m[2mBottom Position
[22m[39m[ChatContext] Cleaning up subscriptions
[90mstdout[2m | src/components/DebugPanel/DebugPanel.stories.tsx[2m > [22m[2mBottom Position
[22m[39m[Mock Data] Unit.onUpdate() subscription removed. Remaining: 0
[90mstdout[2m | src/components/DebugPanel/DebugPanel.stories.tsx[2m > [22m[2mBottom Position
[22m[39m[MOCK CourseVectorStore] Initialized with mock data
[90mstdout[2m | src/components/DebugPanel/DebugPanel.stories.tsx[2m > [22m[2mBottom Position
[22m[39m[TranslationModeController] Setting mode to: off
[90mstdout[2m | src/components/DebugPanel/DebugPanel.stories.tsx[2m > [22m[2mBottom Position
[22m[39m[UnitContext] useEffect triggered {
  "authLoading": false,
  "hasUser": true,
  "id": "mock-unit-id",
  "userSub": "mock-user-sub",
}
[90mstdout[2m | src/components/DebugPanel/DebugPanel.stories.tsx[2m > [22m[2mBottom Position
[22m[39m[UnitContext] Fetching unit data for id: mock-unit-id
[90mstdout[2m | src/components/DebugPanel/DebugPanel.stories.tsx[2m > [22m[2mBottom Position
[22m[39m[FilesContext] Initializing vector store from IndexedDB
[90mstdout[2m | src/components/DebugPanel/DebugPanel.stories.tsx[2m > [22m[2mBottom Position
[22m[39m[FilesContext] fetchFiles called
[90mstdout[2m | src/components/DebugPanel/DebugPanel.stories.tsx[2m > [22m[2mBottom Position
[22m[39m[FilesContext] User authenticated: mock-user-sub
[90mstdout[2m | src/components/DebugPanel/DebugPanel.stories.tsx[2m > [22m[2mBottom Position
[22m[39m[FilesContext] Identity ID: us-east-1:mock-identity-123
[90mstdout[2m | src/components/DebugPanel/DebugPanel.stories.tsx[2m > [22m[2mBottom Position
[22m[39m[FilesContext] About to set up File observeQuery
[90mstdout[2m | src/components/DebugPanel/DebugPanel.stories.tsx[2m > [22m[2mBottom Position
[22m[39m[ChatContext] Setting up AssistantChat observeQuery
[90mstdout[2m | src/components/DebugPanel/DebugPanel.stories.tsx[2m > [22m[2mBottom Position
[22m[39m[ChatContext] Waiting for subscription to initialize
[90mstdout[2m | src/components/DebugPanel/DebugPanel.stories.tsx[2m > [22m[2mBottom Position
[22m[39m[SettingsContext] Setting up Settings subscription for user: mock-user-sub
[90mstdout[2m | src/components/DebugPanel/DebugPanel.stories.tsx[2m > [22m[2mBottom Position
[22m[39m[Mock Data] Settings created: mock-settings-1790418848099 - notified 0 subscribers
[90mstdout[2m | src/components/DebugPanel/DebugPanel.stories.tsx[2m > [22m[2mBottom Position
[22m[39m[Mock Data] Unit.onUpdate() subscription added. Total: 1
[90mstdout[2m | src/components/DebugPanel/DebugPanel.stories.tsx[2m > [22m[2mBottom Position
[22m[39m[SectionContext] Section observeQuery update: 0
[90mstdout[2m | src/components/DebugPanel/DebugPanel.stories.tsx[2m > [22m[2mBottom Position
[22m[39m[FilesContext] File observeQuery update: 6 files
[90mstdout[2m | src/components/DebugPanel/DebugPanel.stories.tsx[2m > [22m[2mBottom Position
[22m[39m[ChatContext] AssistantChat initialized with 1 chats
[90mstdout[2m | src/components/DebugPanel/DebugPanel.stories.tsx[2m > [22m[2mBottom Position
[22m[39m[ChatContext] Setting initial chat: mock-assistant-chat-1
[90mstdout[2m | src/components/DebugPanel/DebugPanel.stories.tsx[2m > [22m[2mBottom Position
[22m[39m[MOCK CourseVectorStore] Initialized with mock data
[90mstdout[2m | src/components/DebugPanel/DebugPanel.stories.tsx[2m > [22m[2mBottom Position
[22m[39m[FilesContext] Vector store population triggered {
  "currentVectorStoreSize": 3,
  "documentsCount": 0,
  "filesCount": 6,
  "isInitialLoad": true,
}
[90mstdout[2m | src/components/DebugPanel/DebugPanel.stories.tsx[2m > [22m[2mBottom Position
[22m[39m[FilesContext] Vector store population complete - 3 total embeddings
[90mstdout[2m | src/components/DebugPanel/DebugPanel.stories.tsx[2m > [22m[2mBottom Position
[22m[39m[ChatContext] Chat exists and not archived, skipping creation
[90mstdout[2m | src/components/DebugPanel/DebugPanel.stories.tsx[2m > [22m[2mBottom Position
[22m[39m[Mock Storage] downloadData called with: undefined
[90mstdout[2m | src/components/DebugPanel/DebugPanel.stories.tsx[2m > [22m[2mInteractive
[22m[39m[ChatContext] Cleaning up subscriptions
[90mstdout[2m | src/components/DebugPanel/DebugPanel.stories.tsx[2m > [22m[2mInteractive
[22m[39m[Mock Data] Unit.onUpdate() subscription removed. Remaining: 0
[90mstdout[2m | src/components/DebugPanel/DebugPanel.stories.tsx[2m > [22m[2mInteractive
[22m[39m[MOCK CourseVectorStore] Initialized with mock data
[90mstdout[2m | src/components/DebugPanel/DebugPanel.stories.tsx[2m > [22m[2mInteractive
[22m[39m[TranslationModeController] Setting mode to: off
[90mstdout[2m | src/components/DebugPanel/DebugPanel.stories.tsx[2m > [22m[2mInteractive
[22m[39m[UnitContext] useEffect triggered {
  "authLoading": false,
  "hasUser": true,
  "id": "mock-unit-id",
  "userSub": "mock-user-sub",
}
[90mstdout[2m | src/components/DebugPanel/DebugPanel.stories.tsx[2m > [22m[2mInteractive
[22m[39m[UnitContext] Fetching unit data for id: mock-unit-id
[90mstdout[2m | src/components/DebugPanel/DebugPanel.stories.tsx[2m > [22m[2mInteractive
[22m[39m[FilesContext] Initializing vector store from IndexedDB
[90mstdout[2m | src/components/DebugPanel/DebugPanel.stories.tsx[2m > [22m[2mInteractive
[22m[39m[FilesContext] fetchFiles called
[90mstdout[2m | src/components/DebugPanel/DebugPanel.stories.tsx[2m > [22m[2mInteractive
[22m[39m[FilesContext] User authenticated: mock-user-sub
[90mstdout[2m | src/components/DebugPanel/DebugPanel.stories.tsx[2m > [22m[2mInteractive
[22m[39m[FilesContext] Identity ID: us-east-1:mock-identity-123
[90mstdout[2m | src/components/DebugPanel/DebugPanel.stories.tsx[2m > [22m[2mInteractive
[22m[39m[FilesContext] About to set up File observeQuery
[90mstdout[2m | src/components/DebugPanel/DebugPanel.stories.tsx[2m > [22m[2mInteractive
[22m[39m[ChatContext] Setting up AssistantChat observeQuery
[90mstdout[2m | src/components/DebugPanel/DebugPanel.stories.tsx[2m > [22m[2mInteractive
[22m[39m[ChatContext] Waiting for subscription to initialize
[90mstdout[2m | src/components/DebugPanel/DebugPanel.stories.tsx[2m > [22m[2mInteractive
[22m[39m[SettingsContext] Setting up Settings subscription for user: mock-user-sub
[90mstdout[2m | src/components/DebugPanel/DebugPanel.stories.tsx[2m > [22m[2mInteractive
[22m[39m[Mock Data] Settings created: mock-settings-1790418848253 - notified 0 subscribers
[90mstdout[2m | src/components/DebugPanel/DebugPanel.stories.tsx[2m > [22m[2mInteractive
[22m[39m[Mock Data] Unit.onUpdate() subscription added. Total: 1
[90mstdout[2m | src/components/DebugPanel/DebugPanel.stories.tsx[2m > [22m[2mInteractive
[22m[39m[SectionContext] Section observeQuery update: 0
[90mstdout[2m | src/components/DebugPanel/DebugPanel.stories.tsx[2m > [22m[2mInteractive
[22m[39m[FilesContext] File observeQuery update: 6 files
[90mstdout[2m | src/components/DebugPanel/DebugPanel.stories.tsx[2m > [22m[2mInteractive
[22m[39m[ChatContext] AssistantChat initialized with 1 chats
[90mstdout[2m | src/components/DebugPanel/DebugPanel.stories.tsx[2m > [22m[2mInteractive
[22m[39m[ChatContext] Setting initial chat: mock-assistant-chat-1
[90mstdout[2m | src/components/DebugPanel/DebugPanel.stories.tsx[2m > [22m[2mInteractive
[22m[39m[MOCK CourseVectorStore] Initialized with mock data
[90mstdout[2m | src/components/DebugPanel/DebugPanel.stories.tsx[2m > [22m[2mInteractive
[22m[39m[FilesContext] Vector store population triggered {
  "currentVectorStoreSize": 3,
  "documentsCount": 0,
  "filesCount": 6,
  "isInitialLoad": true,
}
[90mstdout[2m | src/components/DebugPanel/DebugPanel.stories.tsx[2m > [22m[2mInteractive
[22m[39m[FilesContext] Vector store population complete - 3 total embeddings
[90mstdout[2m | src/components/DebugPanel/DebugPanel.stories.tsx[2m > [22m[2mInteractive
[22m[39m[ChatContext] Chat exists and not archived, skipping creation
[90mstdout[2m | src/components/DebugPanel/DebugPanel.stories.tsx[2m > [22m[2mInteractive
[22m[39m[Mock Storage] downloadData called with: undefined
[90mstdout[2m | src/components/DebugPanel/DebugPanel.stories.tsx[2m > [22m[2mLeft Position
[22m[39m[ChatContext] Cleaning up subscriptions
[90mstdout[2m | src/components/DebugPanel/DebugPanel.stories.tsx[2m > [22m[2mLeft Position
[22m[39m[Mock Data] Unit.onUpdate() subscription removed. Remaining: 0
[90mstdout[2m | src/components/DebugPanel/DebugPanel.stories.tsx[2m > [22m[2mLeft Position
[22m[39m[MOCK CourseVectorStore] Initialized with mock data
[90mstdout[2m | src/components/DebugPanel/DebugPanel.stories.tsx[2m > [22m[2mLeft Position
[22m[39m[TranslationModeController] Setting mode to: off
[90mstdout[2m | src/components/DebugPanel/DebugPanel.stories.tsx[2m > [22m[2mLeft Position
[22m[39m[UnitContext] useEffect triggered {
  "authLoading": false,
  "hasUser": true,
  "id": "mock-unit-id",
  "userSub": "mock-user-sub",
}
[90mstdout[2m | src/components/DebugPanel/DebugPanel.stories.tsx[2m > [22m[2mLeft Position
[22m[39m[UnitContext] Fetching unit data for id: mock-unit-id
[90mstdout[2m | src/components/DebugPanel/DebugPanel.stories.tsx[2m > [22m[2mLeft Position
[22m[39m[FilesContext] Initializing vector store from IndexedDB
[90mstdout[2m | src/components/DebugPanel/DebugPanel.stories.tsx[2m > [22m[2mLeft Position
[22m[39m[FilesContext] fetchFiles called
[90mstdout[2m | src/components/DebugPanel/DebugPanel.stories.tsx[2m > [22m[2mLeft Position
[22m[39m[FilesContext] User authenticated: mock-user-sub
[90mstdout[2m | src/components/DebugPanel/DebugPanel.stories.tsx[2m > [22m[2mLeft Position
[22m[39m[FilesContext] Identity ID: us-east-1:mock-identity-123
[90mstdout[2m | src/components/DebugPanel/DebugPanel.stories.tsx[2m > [22m[2mLeft Position
[22m[39m[FilesContext] About to set up File observeQuery
[90mstdout[2m | src/components/DebugPanel/DebugPanel.stories.tsx[2m > [22m[2mLeft Position
[22m[39m[ChatContext] Setting up AssistantChat observeQuery
[90mstdout[2m | src/components/DebugPanel/DebugPanel.stories.tsx[2m > [22m[2mLeft Position
[22m[39m[ChatContext] Waiting for subscription to initialize
[90mstdout[2m | src/components/DebugPanel/DebugPanel.stories.tsx[2m > [22m[2mLeft Position
[22m[39m[SettingsContext] Setting up Settings subscription for user: mock-user-sub
[90mstdout[2m | src/components/DebugPanel/DebugPanel.stories.tsx[2m > [22m[2mLeft Position
[22m[39m[Mock Data] Settings created: mock-settings-1790418848448 - notified 0 subscribers
[90mstdout[2m | src/components/DebugPanel/DebugPanel.stories.tsx[2m > [22m[2mLeft Position
[22m[39m[Mock Data] Unit.onUpdate() subscription added. Total: 1
[90mstdout[2m | src/components/DebugPanel/DebugPanel.stories.tsx[2m > [22m[2mLeft Position
[22m[39m[SectionContext] Section observeQuery update: 0
[90mstdout[2m | src/components/DebugPanel/DebugPanel.stories.tsx[2m > [22m[2mLeft Position
[22m[39m[FilesContext] File observeQuery update: 6 files
[90mstdout[2m | src/components/DebugPanel/DebugPanel.stories.tsx[2m > [22m[2mLeft Position
[22m[39m[ChatContext] AssistantChat initialized with 1 chats
[90mstdout[2m | src/components/DebugPanel/DebugPanel.stories.tsx[2m > [22m[2mLeft Position
[22m[39m[ChatContext] Setting initial chat: mock-assistant-chat-1
[90mstdout[2m | src/components/DebugPanel/DebugPanel.stories.tsx[2m > [22m[2mLeft Position
[22m[39m[MOCK CourseVectorStore] Initialized with mock data
[90mstdout[2m | src/components/DebugPanel/DebugPanel.stories.tsx[2m > [22m[2mLeft Position
[22m[39m[FilesContext] Vector store population triggered {
  "currentVectorStoreSize": 3,
  "documentsCount": 0,
  "filesCount": 6,
  "isInitialLoad": true,
}
[90mstdout[2m | src/components/DebugPanel/DebugPanel.stories.tsx[2m > [22m[2mLeft Position
[22m[39m[FilesContext] Vector store population complete - 3 total embeddings
[90mstdout[2m | src/components/DebugPanel/DebugPanel.stories.tsx[2m > [22m[2mLeft Position
[22m[39m[ChatContext] Chat exists and not archived, skipping creation
[90mstdout[2m | src/components/DebugPanel/DebugPanel.stories.tsx[2m > [22m[2mLeft Position
[22m[39m[Mock Storage] downloadData called with: undefined
 [32m✓[39m [30m[45m storybook (chromium) [49m[39m src/components/DebugPanel/DebugPanel.stories.tsx [2m([22m[2m6 tests[22m[2m)[22m[33m 1252[2mms[22m[39m
   [33m[2m✓[22m[39m Default [33m 367[2mms[22m[39m
[90mstdout[2m | unknown test
[22m[39m[MOCK vectorStoreDB.js] Module loaded - mock IndexedDB operations
[90mstdout[2m | unknown test
[22m[39m[Task Completion] DOM action listeners initialized
[90mstdout[2m | unknown test
[22m[39m[Task Completion] Auto-completion detector initialized
[90mstdout[2m | unknown test
[22m[39m[Preview] Task completion detector initialized
[90mstdout[2m | src/components/Editor3/components/EnhancedGeneration.stories.jsx[2m > [22m[2mUnified Image Generation
[22m[39m[MOCK CourseVectorStore] Initialized with mock data
[90mstdout[2m | src/components/Editor3/components/EnhancedGeneration.stories.jsx[2m > [22m[2mUnified Image Generation
[22m[39m[TranslationModeController] Setting mode to: off
[90mstdout[2m | src/components/Editor3/components/EnhancedGeneration.stories.jsx[2m > [22m[2mUnified Image Generation
[22m[39m[UnitContext] useEffect triggered {
  "authLoading": false,
  "hasUser": true,
  "id": "mock-unit-id",
  "userSub": "mock-user-sub",
}
[90mstdout[2m | src/components/Editor3/components/EnhancedGeneration.stories.jsx[2m > [22m[2mUnified Image Generation
[22m[39m[UnitContext] Fetching unit data for id: mock-unit-id
[90mstdout[2m | src/components/Editor3/components/EnhancedGeneration.stories.jsx[2m > [22m[2mUnified Image Generation
[22m[39m[FilesContext] Initializing vector store from IndexedDB
[90mstdout[2m | src/components/Editor3/components/EnhancedGeneration.stories.jsx[2m > [22m[2mUnified Image Generation
[22m[39m[FilesContext] fetchFiles called
[90mstdout[2m | src/components/Editor3/components/EnhancedGeneration.stories.jsx[2m > [22m[2mUnified Image Generation
[22m[39m[FilesContext] User authenticated: mock-user-sub
[90mstdout[2m | src/components/Editor3/components/EnhancedGeneration.stories.jsx[2m > [22m[2mUnified Image Generation
[22m[39m[FilesContext] Identity ID: us-east-1:mock-identity-123
[90mstdout[2m | src/components/Editor3/components/EnhancedGeneration.stories.jsx[2m > [22m[2mUnified Image Generation
[22m[39m[FilesContext] About to set up File observeQuery
[90mstdout[2m | src/components/Editor3/components/EnhancedGeneration.stories.jsx[2m > [22m[2mUnified Image Generation
[22m[39m[ChatContext] Setting up AssistantChat observeQuery
[90mstdout[2m | src/components/Editor3/components/EnhancedGeneration.stories.jsx[2m > [22m[2mUnified Image Generation
[22m[39m[ChatContext] Waiting for subscription to initialize
[90mstdout[2m | src/components/Editor3/components/EnhancedGeneration.stories.jsx[2m > [22m[2mUnified Image Generation
[22m[39m[SettingsContext] Setting up Settings subscription for user: mock-user-sub
[90mstdout[2m | src/components/Editor3/components/EnhancedGeneration.stories.jsx[2m > [22m[2mUnified Image Generation
[22m[39m[Mock Data] Settings created: mock-settings-1790418849085 - notified 0 subscribers
[90mstdout[2m | src/components/Editor3/components/EnhancedGeneration.stories.jsx[2m > [22m[2mUnified Image Generation
[22m[39m[Mock Data] Unit.onUpdate() subscription added. Total: 1
[90mstdout[2m | src/components/Editor3/components/EnhancedGeneration.stories.jsx[2m > [22m[2mUnified Image Generation
[22m[39m[SectionContext] Section observeQuery update: 0
[90mstdout[2m | src/components/Editor3/components/EnhancedGeneration.stories.jsx[2m > [22m[2mUnified Image Generation
[22m[39m[FilesContext] File observeQuery update: 6 files
[90mstdout[2m | src/components/Editor3/components/EnhancedGeneration.stories.jsx[2m > [22m[2mUnified Image Generation
[22m[39m[ChatContext] AssistantChat initialized with 1 chats
[90mstdout[2m | src/components/Editor3/components/EnhancedGeneration.stories.jsx[2m > [22m[2mUnified Image Generation
[22m[39m[ChatContext] Setting initial chat: mock-assistant-chat-1
[90mstdout[2m | src/components/Editor3/components/EnhancedGeneration.stories.jsx[2m > [22m[2mUnified Image Generation
[22m[39m[MOCK CourseVectorStore] Initialized with mock data
[90mstdout[2m | src/components/Editor3/components/EnhancedGeneration.stories.jsx[2m > [22m[2mUnified Image Generation
[22m[39m[FilesContext] Vector store population triggered {
  "currentVectorStoreSize": 3,
  "documentsCount": 0,
  "filesCount": 6,
  "isInitialLoad": true,
}
[90mstdout[2m | src/components/Editor3/components/EnhancedGeneration.stories.jsx[2m > [22m[2mUnified Image Generation
[22m[39m[FilesContext] Vector store population complete - 3 total embeddings
[90mstdout[2m | src/components/Editor3/components/EnhancedGeneration.stories.jsx[2m > [22m[2mUnified Image Generation
[22m[39m[ChatContext] Chat exists and not archived, skipping creation
[90mstdout[2m | src/components/Editor3/components/EnhancedGeneration.stories.jsx[2m > [22m[2mUnified Image Generation
[22m[39m[Mock Storage] downloadData called with: undefined
[90mstdout[2m | src/components/Editor3/components/EnhancedGeneration.stories.jsx[2m > [22m[2mUnified Image Generation
[22m[39mfilterWords {
  "filter": "",
  "wordsCount": 0,
}
[90mstdout[2m | src/components/Editor3/components/EnhancedGeneration.stories.jsx[2m > [22m[2mUnified Audio Generation
[22m[39m[ChatContext] Cleaning up subscriptions
[90mstdout[2m | src/components/Editor3/components/EnhancedGeneration.stories.jsx[2m > [22m[2mUnified Audio Generation
[22m[39m[Mock Data] Unit.onUpdate() subscription removed. Remaining: 0
[90mstdout[2m | src/components/Editor3/components/EnhancedGeneration.stories.jsx[2m > [22m[2mUnified Audio Generation
[22m[39m[MOCK CourseVectorStore] Initialized with mock data
[90mstdout[2m | src/components/Editor3/components/EnhancedGeneration.stories.jsx[2m > [22m[2mUnified Audio Generation
[22m[39m[TranslationModeController] Setting mode to: off
[90mstdout[2m | src/components/Editor3/components/EnhancedGeneration.stories.jsx[2m > [22m[2mUnified Audio Generation
[22m[39m[UnitContext] useEffect triggered {
  "authLoading": false,
  "hasUser": true,
  "id": "mock-unit-id",
  "userSub": "mock-user-sub",
}
[90mstdout[2m | src/components/Editor3/components/EnhancedGeneration.stories.jsx[2m > [22m[2mUnified Audio Generation
[22m[39m[UnitContext] Fetching unit data for id: mock-unit-id
[90mstdout[2m | src/components/Editor3/components/EnhancedGeneration.stories.jsx[2m > [22m[2mUnified Audio Generation
[22m[39m[FilesContext] Initializing vector store from IndexedDB
[90mstdout[2m | src/components/Editor3/components/EnhancedGeneration.stories.jsx[2m > [22m[2mUnified Audio Generation
[22m[39m[FilesContext] fetchFiles called
[90mstdout[2m | src/components/Editor3/components/EnhancedGeneration.stories.jsx[2m > [22m[2mUnified Audio Generation
[22m[39m[FilesContext] User authenticated: mock-user-sub
[90mstdout[2m | src/components/Editor3/components/EnhancedGeneration.stories.jsx[2m > [22m[2mUnified Audio Generation
[22m[39m[FilesContext] Identity ID: us-east-1:mock-identity-123
[90mstdout[2m | src/components/Editor3/components/EnhancedGeneration.stories.jsx[2m > [22m[2mUnified Audio Generation
[22m[39m[FilesContext] About to set up File observeQuery
[90mstdout[2m | src/components/Editor3/components/EnhancedGeneration.stories.jsx[2m > [22m[2mUnified Audio Generation
[22m[39m[ChatContext] Setting up AssistantChat observeQuery
[90mstdout[2m | src/components/Editor3/components/EnhancedGeneration.stories.jsx[2m > [22m[2mUnified Audio Generation
[22m[39m[ChatContext] Waiting for subscription to initialize
[90mstdout[2m | src/components/Editor3/components/EnhancedGeneration.stories.jsx[2m > [22m[2mUnified Audio Generation
[22m[39m[SettingsContext] Setting up Settings subscription for user: mock-user-sub
[90mstdout[2m | src/components/Editor3/components/EnhancedGeneration.stories.jsx[2m > [22m[2mUnified Audio Generation
[22m[39m[Mock Data] Settings created: mock-settings-1790418849297 - notified 0 subscribers
[90mstdout[2m | src/components/Editor3/components/EnhancedGeneration.stories.jsx[2m > [22m[2mUnified Audio Generation
[22m[39m[Mock Data] Unit.onUpdate() subscription added. Total: 1
[90mstdout[2m | src/components/Editor3/components/EnhancedGeneration.stories.jsx[2m > [22m[2mUnified Audio Generation
[22m[39m[SectionContext] Section observeQuery update: 0
[90mstdout[2m | src/components/Editor3/components/EnhancedGeneration.stories.jsx[2m > [22m[2mUnified Audio Generation
[22m[39m[FilesContext] File observeQuery update: 6 files
[90mstdout[2m | src/components/Editor3/components/EnhancedGeneration.stories.jsx[2m > [22m[2mUnified Audio Generation
[22m[39m[ChatContext] AssistantChat initialized with 1 chats
[90mstdout[2m | src/components/Editor3/components/EnhancedGeneration.stories.jsx[2m > [22m[2mUnified Audio Generation
[22m[39m[ChatContext] Setting initial chat: mock-assistant-chat-1
[90mstdout[2m | src/components/Editor3/components/EnhancedGeneration.stories.jsx[2m > [22m[2mUnified Audio Generation
[22m[39m[Mock Storage] downloadData called with: undefined
[90mstdout[2m | src/components/Editor3/components/EnhancedGeneration.stories.jsx[2m > [22m[2mUnified Audio Generation
[22m[39m[MOCK CourseVectorStore] Initialized with mock data
[90mstdout[2m | src/components/Editor3/components/EnhancedGeneration.stories.jsx[2m > [22m[2mUnified Audio Generation
[22m[39m[FilesContext] Vector store population triggered {
  "currentVectorStoreSize": 3,
  "documentsCount": 0,
  "filesCount": 6,
  "isInitialLoad": true,
}
[90mstdout[2m | src/components/Editor3/components/EnhancedGeneration.stories.jsx[2m > [22m[2mUnified Audio Generation
[22m[39m[FilesContext] Vector store population complete - 3 total embeddings
[90mstdout[2m | src/components/Editor3/components/EnhancedGeneration.stories.jsx[2m > [22m[2mUnified Audio Generation
[22m[39m[ChatContext] Chat exists and not archived, skipping creation
[90mstdout[2m | src/components/Editor3/components/EnhancedGeneration.stories.jsx[2m > [22m[2mImage Mask Editor Demo
[22m[39m[ChatContext] Cleaning up subscriptions
[90mstdout[2m | src/components/Editor3/components/EnhancedGeneration.stories.jsx[2m > [22m[2mImage Mask Editor Demo
[22m[39m[Mock Data] Unit.onUpdate() subscription removed. Remaining: 0
[90mstdout[2m | src/components/Editor3/components/EnhancedGeneration.stories.jsx[2m > [22m[2mImage Mask Editor Demo
[22m[39m[MOCK CourseVectorStore] Initialized with mock data
[90mstdout[2m | src/components/Editor3/components/EnhancedGeneration.stories.jsx[2m > [22m[2mImage Mask Editor Demo
[22m[39m[TranslationModeController] Setting mode to: off
[90mstdout[2m | src/components/Editor3/components/EnhancedGeneration.stories.jsx[2m > [22m[2mImage Mask Editor Demo
[22m[39m[UnitContext] useEffect triggered {
  "authLoading": false,
  "hasUser": true,
  "id": "mock-unit-id",
  "userSub": "mock-user-sub",
}
[90mstdout[2m | src/components/Editor3/components/EnhancedGeneration.stories.jsx[2m > [22m[2mImage Mask Editor Demo
[22m[39m[UnitContext] Fetching unit data for id: mock-unit-id
[90mstdout[2m | src/components/Editor3/components/EnhancedGeneration.stories.jsx[2m > [22m[2mImage Mask Editor Demo
[22m[39m[FilesContext] Initializing vector store from IndexedDB
[90mstdout[2m | src/components/Editor3/components/EnhancedGeneration.stories.jsx[2m > [22m[2mImage Mask Editor Demo
[22m[39m[FilesContext] fetchFiles called
[90mstdout[2m | src/components/Editor3/components/EnhancedGeneration.stories.jsx[2m > [22m[2mImage Mask Editor Demo
[22m[39m[FilesContext] User authenticated: mock-user-sub
[90mstdout[2m | src/components/Editor3/components/EnhancedGeneration.stories.jsx[2m > [22m[2mImage Mask Editor Demo
[22m[39m[FilesContext] Identity ID: us-east-1:mock-identity-123
[90mstdout[2m | src/components/Editor3/components/EnhancedGeneration.stories.jsx[2m > [22m[2mImage Mask Editor Demo
[22m[39m[FilesContext] About to set up File observeQuery
[90mstdout[2m | src/components/Editor3/components/EnhancedGeneration.stories.jsx[2m > [22m[2mImage Mask Editor Demo
[22m[39m[ChatContext] Setting up AssistantChat observeQuery
[90mstdout[2m | src/components/Editor3/components/EnhancedGeneration.stories.jsx[2m > [22m[2mImage Mask Editor Demo
[22m[39m[ChatContext] Waiting for subscription to initialize
[90mstdout[2m | src/components/Editor3/components/EnhancedGeneration.stories.jsx[2m > [22m[2mImage Mask Editor Demo
[22m[39m[SettingsContext] Setting up Settings subscription for user: mock-user-sub
[90mstdout[2m | src/components/Editor3/components/EnhancedGeneration.stories.jsx[2m > [22m[2mImage Mask Editor Demo
[22m[39m[Mock Data] Settings created: mock-settings-1790418849468 - notified 0 subscribers
[90mstdout[2m | src/components/Editor3/components/EnhancedGeneration.stories.jsx[2m > [22m[2mImage Mask Editor Demo
[22m[39m[Mock Data] Unit.onUpdate() subscription added. Total: 1
[90mstdout[2m | src/components/Editor3/components/EnhancedGeneration.stories.jsx[2m > [22m[2mImage Mask Editor Demo
[22m[39m[SectionContext] Section observeQuery update: 0
[90mstdout[2m | src/components/Editor3/components/EnhancedGeneration.stories.jsx[2m > [22m[2mImage Mask Editor Demo
[22m[39m[Mock Storage] downloadData called with: undefined
[90mstdout[2m | src/components/Editor3/components/EnhancedGeneration.stories.jsx[2m > [22m[2mImage Mask Editor Demo
[22m[39m[FilesContext] File observeQuery update: 6 files
[90mstdout[2m | src/components/Editor3/components/EnhancedGeneration.stories.jsx[2m > [22m[2mImage Mask Editor Demo
[22m[39m[ChatContext] AssistantChat initialized with 1 chats
[90mstdout[2m | src/components/Editor3/components/EnhancedGeneration.stories.jsx[2m > [22m[2mImage Mask Editor Demo
[22m[39m[ChatContext] Setting initial chat: mock-assistant-chat-1
[90mstdout[2m | src/components/Editor3/components/EnhancedGeneration.stories.jsx[2m > [22m[2mImage Mask Editor Demo
[22m[39m[MOCK CourseVectorStore] Initialized with mock data
[90mstdout[2m | src/components/Editor3/components/EnhancedGeneration.stories.jsx[2m > [22m[2mImage Mask Editor Demo
[22m[39m[FilesContext] Vector store population triggered {
  "currentVectorStoreSize": 3,
  "documentsCount": 0,
  "filesCount": 6,
  "isInitialLoad": true,
}
[90mstdout[2m | src/components/Editor3/components/EnhancedGeneration.stories.jsx[2m > [22m[2mImage Mask Editor Demo
[22m[39m[FilesContext] Vector store population complete - 3 total embeddings
[90mstdout[2m | src/components/Editor3/components/EnhancedGeneration.stories.jsx[2m > [22m[2mImage Mask Editor Demo
[22m[39m[ChatContext] Chat exists and not archived, skipping creation
[90mstdout[2m | src/components/Editor3/components/EnhancedGeneration.stories.jsx[2m > [22m[2mComplete Workflow
[22m[39m[ChatContext] Cleaning up subscriptions
[90mstdout[2m | src/components/Editor3/components/EnhancedGeneration.stories.jsx[2m > [22m[2mComplete Workflow
[22m[39m[Mock Data] Unit.onUpdate() subscription removed. Remaining: 0
[90mstdout[2m | src/components/Editor3/components/EnhancedGeneration.stories.jsx[2m > [22m[2mComplete Workflow
[22m[39m[MOCK CourseVectorStore] Initialized with mock data
[90mstdout[2m | src/components/Editor3/components/EnhancedGeneration.stories.jsx[2m > [22m[2mComplete Workflow
[22m[39m[TranslationModeController] Setting mode to: off
[90mstdout[2m | src/components/Editor3/components/EnhancedGeneration.stories.jsx[2m > [22m[2mComplete Workflow
[22m[39m[UnitContext] useEffect triggered {
  "authLoading": false,
  "hasUser": true,
  "id": "mock-unit-id",
  "userSub": "mock-user-sub",
}
[90mstdout[2m | src/components/Editor3/components/EnhancedGeneration.stories.jsx[2m > [22m[2mComplete Workflow
[22m[39m[UnitContext] Fetching unit data for id: mock-unit-id
[90mstdout[2m | src/components/Editor3/components/EnhancedGeneration.stories.jsx[2m > [22m[2mComplete Workflow
[22m[39m[FilesContext] Initializing vector store from IndexedDB
[90mstdout[2m | src/components/Editor3/components/EnhancedGeneration.stories.jsx[2m > [22m[2mComplete Workflow
[22m[39m[FilesContext] fetchFiles called
[90mstdout[2m | src/components/Editor3/components/EnhancedGeneration.stories.jsx[2m > [22m[2mComplete Workflow
[22m[39m[FilesContext] User authenticated: mock-user-sub
[90mstdout[2m | src/components/Editor3/components/EnhancedGeneration.stories.jsx[2m > [22m[2mComplete Workflow
[22m[39m[FilesContext] Identity ID: us-east-1:mock-identity-123
[90mstdout[2m | src/components/Editor3/components/EnhancedGeneration.stories.jsx[2m > [22m[2mComplete Workflow
[22m[39m[FilesContext] About to set up File observeQuery
[90mstdout[2m | src/components/Editor3/components/EnhancedGeneration.stories.jsx[2m > [22m[2mComplete Workflow
[22m[39m[ChatContext] Setting up AssistantChat observeQuery
[90mstdout[2m | src/components/Editor3/components/EnhancedGeneration.stories.jsx[2m > [22m[2mComplete Workflow
[22m[39m[ChatContext] Waiting for subscription to initialize
[90mstdout[2m | src/components/Editor3/components/EnhancedGeneration.stories.jsx[2m > [22m[2mComplete Workflow
[22m[39m[SettingsContext] Setting up Settings subscription for user: mock-user-sub
[90mstdout[2m | src/components/Editor3/components/EnhancedGeneration.stories.jsx[2m > [22m[2mComplete Workflow
[22m[39m[Mock Data] Settings created: mock-settings-1790418849924 - notified 0 subscribers
[90mstdout[2m | src/components/Editor3/components/EnhancedGeneration.stories.jsx[2m > [22m[2mComplete Workflow
[22m[39m[Mock Data] Unit.onUpdate() subscription added. Total: 1
[90mstdout[2m | src/components/Editor3/components/EnhancedGeneration.stories.jsx[2m > [22m[2mComplete Workflow
[22m[39m[SectionContext] Section observeQuery update: 0
[90mstdout[2m | src/components/Editor3/components/EnhancedGeneration.stories.jsx[2m > [22m[2mComplete Workflow
[22m[39m[FilesContext] File observeQuery update: 6 files
[90mstdout[2m | src/components/Editor3/components/EnhancedGeneration.stories.jsx[2m > [22m[2mComplete Workflow
[22m[39m[ChatContext] AssistantChat initialized with 1 chats
[90mstdout[2m | src/components/Editor3/components/EnhancedGeneration.stories.jsx[2m > [22m[2mComplete Workflow
[22m[39m[ChatContext] Setting initial chat: mock-assistant-chat-1
[90mstdout[2m | src/components/Editor3/components/EnhancedGeneration.stories.jsx[2m > [22m[2mComplete Workflow
[22m[39m[MOCK CourseVectorStore] Initialized with mock data
[90mstdout[2m | src/components/Editor3/components/EnhancedGeneration.stories.jsx[2m > [22m[2mComplete Workflow
[22m[39m[FilesContext] Vector store population triggered {
  "currentVectorStoreSize": 3,
  "documentsCount": 0,
  "filesCount": 6,
  "isInitialLoad": true,
}
[90mstdout[2m | src/components/Editor3/components/EnhancedGeneration.stories.jsx[2m > [22m[2mComplete Workflow
[22m[39m[FilesContext] Vector store population complete - 3 total embeddings
[90mstdout[2m | src/components/Editor3/components/EnhancedGeneration.stories.jsx[2m > [22m[2mComplete Workflow
[22m[39m[ChatContext] Chat exists and not archived, skipping creation
[90mstdout[2m | src/components/Editor3/components/EnhancedGeneration.stories.jsx[2m > [22m[2mComplete Workflow
[22m[39m[Mock Storage] downloadData called with: undefined
[90mstdout[2m | src/components/Editor3/components/EnhancedGeneration.stories.jsx[2m > [22m[2mFeature Documentation
[22m[39m[ChatContext] Cleaning up subscriptions
[90mstdout[2m | src/components/Editor3/components/EnhancedGeneration.stories.jsx[2m > [22m[2mFeature Documentation
[22m[39m[Mock Data] Unit.onUpdate() subscription removed. Remaining: 0
[90mstdout[2m | src/components/Editor3/components/EnhancedGeneration.stories.jsx[2m > [22m[2mFeature Documentation
[22m[39m[MOCK CourseVectorStore] Initialized with mock data
[90mstdout[2m | src/components/Editor3/components/EnhancedGeneration.stories.jsx[2m > [22m[2mFeature Documentation
[22m[39m[TranslationModeController] Setting mode to: off
[90mstdout[2m | src/components/Editor3/components/EnhancedGeneration.stories.jsx[2m > [22m[2mFeature Documentation
[22m[39m[UnitContext] useEffect triggered {
  "authLoading": false,
  "hasUser": true,
  "id": "mock-unit-id",
  "userSub": "mock-user-sub",
}
[90mstdout[2m | src/components/Editor3/components/EnhancedGeneration.stories.jsx[2m > [22m[2mFeature Documentation
[22m[39m[UnitContext] Fetching unit data for id: mock-unit-id
[90mstdout[2m | src/components/Editor3/components/EnhancedGeneration.stories.jsx[2m > [22m[2mFeature Documentation
[22m[39m[FilesContext] Initializing vector store from IndexedDB
[90mstdout[2m | src/components/Editor3/components/EnhancedGeneration.stories.jsx[2m > [22m[2mFeature Documentation
[22m[39m[FilesContext] fetchFiles called
[90mstdout[2m | src/components/Editor3/components/EnhancedGeneration.stories.jsx[2m > [22m[2mFeature Documentation
[22m[39m[FilesContext] User authenticated: mock-user-sub
[90mstdout[2m | src/components/Editor3/components/EnhancedGeneration.stories.jsx[2m > [22m[2mFeature Documentation
[22m[39m[FilesContext] Identity ID: us-east-1:mock-identity-123
[90mstdout[2m | src/components/Editor3/components/EnhancedGeneration.stories.jsx[2m > [22m[2mFeature Documentation
[22m[39m[FilesContext] About to set up File observeQuery
[90mstdout[2m | src/components/Editor3/components/EnhancedGeneration.stories.jsx[2m > [22m[2mFeature Documentation
[22m[39m[ChatContext] Setting up AssistantChat observeQuery
[90mstdout[2m | src/components/Editor3/components/EnhancedGeneration.stories.jsx[2m > [22m[2mFeature Documentation
[22m[39m[ChatContext] Waiting for subscription to initialize
[90mstdout[2m | src/components/Editor3/components/EnhancedGeneration.stories.jsx[2m > [22m[2mFeature Documentation
[22m[39m[SettingsContext] Setting up Settings subscription for user: mock-user-sub
[90mstdout[2m | src/components/Editor3/components/EnhancedGeneration.stories.jsx[2m > [22m[2mFeature Documentation
[22m[39m[Mock Data] Settings created: mock-settings-1790418850122 - notified 0 subscribers
[90mstdout[2m | src/components/Editor3/components/EnhancedGeneration.stories.jsx[2m > [22m[2mFeature Documentation
[22m[39m[Mock Data] Unit.onUpdate() subscription added. Total: 1
[90mstdout[2m | src/components/Editor3/components/EnhancedGeneration.stories.jsx[2m > [22m[2mFeature Documentation
[22m[39m[SectionContext] Section observeQuery update: 0
[90mstdout[2m | src/components/Editor3/components/EnhancedGeneration.stories.jsx[2m > [22m[2mFeature Documentation
[22m[39m[FilesContext] File observeQuery update: 6 files
[90mstdout[2m | src/components/Editor3/components/EnhancedGeneration.stories.jsx[2m > [22m[2mFeature Documentation
[22m[39m[ChatContext] AssistantChat initialized with 1 chats
[90mstdout[2m | src/components/Editor3/components/EnhancedGeneration.stories.jsx[2m > [22m[2mFeature Documentation
[22m[39m[ChatContext] Setting initial chat: mock-assistant-chat-1
[90mstdout[2m | src/components/Editor3/components/EnhancedGeneration.stories.jsx[2m > [22m[2mFeature Documentation
[22m[39m[MOCK CourseVectorStore] Initialized with mock data
[90mstdout[2m | src/components/Editor3/components/EnhancedGeneration.stories.jsx[2m > [22m[2mFeature Documentation
[22m[39m[FilesContext] Vector store population triggered {
  "currentVectorStoreSize": 3,
  "documentsCount": 0,
  "filesCount": 6,
  "isInitialLoad": true,
}
[90mstdout[2m | src/components/Editor3/components/EnhancedGeneration.stories.jsx[2m > [22m[2mFeature Documentation
[22m[39m[FilesContext] Vector store population complete - 3 total embeddings
[90mstdout[2m | src/components/Editor3/components/EnhancedGeneration.stories.jsx[2m > [22m[2mFeature Documentation
[22m[39m[ChatContext] Chat exists and not archived, skipping creation
[90mstdout[2m | src/components/Editor3/components/EnhancedGeneration.stories.jsx[2m > [22m[2mFeature Documentation
[22m[39m[Mock Storage] downloadData called with: undefined
 [32m✓[39m [30m[45m storybook (chromium) [49m[39m src/components/Editor3/components/EnhancedGeneration.stories.jsx [2m([22m[2m5 tests[22m[2m)[22m[33m 1244[2mms[22m[39m
   [33m[2m✓[22m[39m Complete Workflow [33m 370[2mms[22m[39m
[90mstdout[2m | unknown test
[22m[39m[MOCK vectorStoreDB.js] Module loaded - mock IndexedDB operations
[90mstdout[2m | unknown test
[22m[39m[Task Completion] DOM action listeners initialized
[90mstdout[2m | unknown test
[22m[39m[Task Completion] Auto-completion detector initialized
[90mstdout[2m | unknown test
[22m[39m[Preview] Task completion detector initialized
[90mstdout[2m | src/components/Gamification/EasterEggForm.stories.tsx[2m > [22m[2mDefault
[22m[39m[TranslationModeController] Setting mode to: off
[90mstdout[2m | src/components/Gamification/EasterEggForm.stories.tsx[2m > [22m[2mSubmitting
[22m[39m[TranslationModeController] Setting mode to: off
 [32m✓[39m [30m[45m storybook (chromium) [49m[39m src/components/Gamification/EasterEggForm.stories.tsx [2m([22m[2m2 tests[22m[2m)[22m[33m 1206[2mms[22m[39m
   [33m[2m✓[22m[39m Default [33m 1089[2mms[22m[39m
[90mstdout[2m | unknown test
[22m[39m[MOCK vectorStoreDB.js] Module loaded - mock IndexedDB operations
[90mstdout[2m | unknown test
[22m[39m[Task Completion] DOM action listeners initialized
[90mstdout[2m | unknown test
[22m[39m[Task Completion] Auto-completion detector initialized
[90mstdout[2m | unknown test
[22m[39m[Preview] Task completion detector initialized
[90mstdout[2m | src/components/ModerationPanel.stories.jsx[2m > [22m[2mSingle Category Flagged
[22m[39m[MOCK CourseVectorStore] Initialized with mock data
[90mstdout[2m | src/components/ModerationPanel.stories.jsx[2m > [22m[2mSingle Category Flagged
[22m[39m[TranslationModeController] Setting mode to: off
[90mstdout[2m | src/components/ModerationPanel.stories.jsx[2m > [22m[2mSingle Category Flagged
[22m[39m[UnitContext] useEffect triggered {
  "authLoading": false,
  "hasUser": true,
  "id": "mock-unit-id",
  "userSub": "mock-user-sub",
}
[90mstdout[2m | src/components/ModerationPanel.stories.jsx[2m > [22m[2mSingle Category Flagged
[22m[39m[UnitContext] Fetching unit data for id: mock-unit-id
[90mstdout[2m | src/components/ModerationPanel.stories.jsx[2m > [22m[2mSingle Category Flagged
[22m[39m[FilesContext] Initializing vector store from IndexedDB
[90mstdout[2m | src/components/ModerationPanel.stories.jsx[2m > [22m[2mSingle Category Flagged
[22m[39m[FilesContext] fetchFiles called
[90mstdout[2m | src/components/ModerationPanel.stories.jsx[2m > [22m[2mSingle Category Flagged
[22m[39m[FilesContext] User authenticated: mock-user-sub
[90mstdout[2m | src/components/ModerationPanel.stories.jsx[2m > [22m[2mSingle Category Flagged
[22m[39m[FilesContext] Identity ID: us-east-1:mock-identity-123
[90mstdout[2m | src/components/ModerationPanel.stories.jsx[2m > [22m[2mSingle Category Flagged
[22m[39m[FilesContext] About to set up File observeQuery
[90mstdout[2m | src/components/ModerationPanel.stories.jsx[2m > [22m[2mSingle Category Flagged
[22m[39m[ChatContext] Setting up AssistantChat observeQuery
[90mstdout[2m | src/components/ModerationPanel.stories.jsx[2m > [22m[2mSingle Category Flagged
[22m[39m[ChatContext] Waiting for subscription to initialize
[90mstdout[2m | src/components/ModerationPanel.stories.jsx[2m > [22m[2mSingle Category Flagged
[22m[39m[SettingsContext] Setting up Settings subscription for user: mock-user-sub
[90mstdout[2m | src/components/ModerationPanel.stories.jsx[2m > [22m[2mSingle Category Flagged
[22m[39m[Mock Data] Settings created: mock-settings-1790418853050 - notified 0 subscribers
[90mstdout[2m | src/components/ModerationPanel.stories.jsx[2m > [22m[2mSingle Category Flagged
[22m[39m[Mock Data] Unit.onUpdate() subscription added. Total: 1
[90mstdout[2m | src/components/ModerationPanel.stories.jsx[2m > [22m[2mSingle Category Flagged
[22m[39m[SectionContext] Section observeQuery update: 0
[90mstdout[2m | src/components/ModerationPanel.stories.jsx[2m > [22m[2mSingle Category Flagged
[22m[39m[FilesContext] File observeQuery update: 6 files
[90mstdout[2m | src/components/ModerationPanel.stories.jsx[2m > [22m[2mSingle Category Flagged
[22m[39m[ChatContext] AssistantChat initialized with 1 chats
[90mstdout[2m | src/components/ModerationPanel.stories.jsx[2m > [22m[2mSingle Category Flagged
[22m[39m[ChatContext] Setting initial chat: mock-assistant-chat-1
[90mstdout[2m | src/components/ModerationPanel.stories.jsx[2m > [22m[2mSingle Category Flagged
[22m[39m[MOCK CourseVectorStore] Initialized with mock data
[90mstdout[2m | src/components/ModerationPanel.stories.jsx[2m > [22m[2mSingle Category Flagged
[22m[39m[FilesContext] Vector store population triggered {
  "currentVectorStoreSize": 3,
  "documentsCount": 0,
  "filesCount": 6,
  "isInitialLoad": true,
}
[90mstdout[2m | src/components/ModerationPanel.stories.jsx[2m > [22m[2mSingle Category Flagged
[22m[39m[FilesContext] Vector store population complete - 3 total embeddings
[90mstdout[2m | src/components/ModerationPanel.stories.jsx[2m > [22m[2mSingle Category Flagged
[22m[39m[ChatContext] Chat exists and not archived, skipping creation
[90mstdout[2m | src/components/ModerationPanel.stories.jsx[2m > [22m[2mSingle Category Flagged
[22m[39m[Mock Storage] downloadData called with: undefined
[90mstdout[2m | src/components/ModerationPanel.stories.jsx[2m > [22m[2mMultiple Categories Flagged
[22m[39m[ChatContext] Cleaning up subscriptions
[90mstdout[2m | src/components/ModerationPanel.stories.jsx[2m > [22m[2mMultiple Categories Flagged
[22m[39m[Mock Data] Unit.onUpdate() subscription removed. Remaining: 0
[90mstdout[2m | src/components/ModerationPanel.stories.jsx[2m > [22m[2mMultiple Categories Flagged
[22m[39m[MOCK CourseVectorStore] Initialized with mock data
[90mstdout[2m | src/components/ModerationPanel.stories.jsx[2m > [22m[2mMultiple Categories Flagged
[22m[39m[TranslationModeController] Setting mode to: off
[90mstdout[2m | src/components/ModerationPanel.stories.jsx[2m > [22m[2mMultiple Categories Flagged
[22m[39m[UnitContext] useEffect triggered {
  "authLoading": false,
  "hasUser": true,
  "id": "mock-unit-id",
  "userSub": "mock-user-sub",
}
[90mstdout[2m | src/components/ModerationPanel.stories.jsx[2m > [22m[2mMultiple Categories Flagged
[22m[39m[UnitContext] Fetching unit data for id: mock-unit-id
[90mstdout[2m | src/components/ModerationPanel.stories.jsx[2m > [22m[2mMultiple Categories Flagged
[22m[39m[FilesContext] Initializing vector store from IndexedDB
[90mstdout[2m | src/components/ModerationPanel.stories.jsx[2m > [22m[2mMultiple Categories Flagged
[22m[39m[FilesContext] fetchFiles called
[90mstdout[2m | src/components/ModerationPanel.stories.jsx[2m > [22m[2mMultiple Categories Flagged
[22m[39m[FilesContext] User authenticated: mock-user-sub
[90mstdout[2m | src/components/ModerationPanel.stories.jsx[2m > [22m[2mMultiple Categories Flagged
[22m[39m[FilesContext] Identity ID: us-east-1:mock-identity-123
[90mstdout[2m | src/components/ModerationPanel.stories.jsx[2m > [22m[2mMultiple Categories Flagged
[22m[39m[FilesContext] About to set up File observeQuery
[90mstdout[2m | src/components/ModerationPanel.stories.jsx[2m > [22m[2mMultiple Categories Flagged
[22m[39m[ChatContext] Setting up AssistantChat observeQuery
[90mstdout[2m | src/components/ModerationPanel.stories.jsx[2m > [22m[2mMultiple Categories Flagged
[22m[39m[ChatContext] Waiting for subscription to initialize
[90mstdout[2m | src/components/ModerationPanel.stories.jsx[2m > [22m[2mMultiple Categories Flagged
[22m[39m[SettingsContext] Setting up Settings subscription for user: mock-user-sub
[90mstdout[2m | src/components/ModerationPanel.stories.jsx[2m > [22m[2mMultiple Categories Flagged
[22m[39m[Mock Data] Settings created: mock-settings-1790418853252 - notified 0 subscribers
[90mstdout[2m | src/components/ModerationPanel.stories.jsx[2m > [22m[2mMultiple Categories Flagged
[22m[39m[Mock Data] Unit.onUpdate() subscription added. Total: 1
[90mstdout[2m | src/components/ModerationPanel.stories.jsx[2m > [22m[2mMultiple Categories Flagged
[22m[39m[SectionContext] Section observeQuery update: 0
[90mstdout[2m | src/components/ModerationPanel.stories.jsx[2m > [22m[2mMultiple Categories Flagged
[22m[39m[FilesContext] File observeQuery update: 6 files
[90mstdout[2m | src/components/ModerationPanel.stories.jsx[2m > [22m[2mMultiple Categories Flagged
[22m[39m[ChatContext] AssistantChat initialized with 1 chats
[90mstdout[2m | src/components/ModerationPanel.stories.jsx[2m > [22m[2mMultiple Categories Flagged
[22m[39m[ChatContext] Setting initial chat: mock-assistant-chat-1
[90mstdout[2m | src/components/ModerationPanel.stories.jsx[2m > [22m[2mMultiple Categories Flagged
[22m[39m[MOCK CourseVectorStore] Initialized with mock data
[90mstdout[2m | src/components/ModerationPanel.stories.jsx[2m > [22m[2mMultiple Categories Flagged
[22m[39m[FilesContext] Vector store population triggered {
  "currentVectorStoreSize": 3,
  "documentsCount": 0,
  "filesCount": 6,
  "isInitialLoad": true,
}
[90mstdout[2m | src/components/ModerationPanel.stories.jsx[2m > [22m[2mMultiple Categories Flagged
[22m[39m[FilesContext] Vector store population complete - 3 total embeddings
[90mstdout[2m | src/components/ModerationPanel.stories.jsx[2m > [22m[2mMultiple Categories Flagged
[22m[39m[ChatContext] Chat exists and not archived, skipping creation
[90mstdout[2m | src/components/ModerationPanel.stories.jsx[2m > [22m[2mMultiple Categories Flagged
[22m[39m[Mock Storage] downloadData called with: undefined
[90mstdout[2m | src/components/ModerationPanel.stories.jsx[2m > [22m[2mLow Confidence Flag
[22m[39m[ChatContext] Cleaning up subscriptions
[90mstdout[2m | src/components/ModerationPanel.stories.jsx[2m > [22m[2mLow Confidence Flag
[22m[39m[Mock Data] Unit.onUpdate() subscription removed. Remaining: 0
[90mstdout[2m | src/components/ModerationPanel.stories.jsx[2m > [22m[2mLow Confidence Flag
[22m[39m[MOCK CourseVectorStore] Initialized with mock data
[90mstdout[2m | src/components/ModerationPanel.stories.jsx[2m > [22m[2mLow Confidence Flag
[22m[39m[TranslationModeController] Setting mode to: off
[90mstdout[2m | src/components/ModerationPanel.stories.jsx[2m > [22m[2mLow Confidence Flag
[22m[39m[UnitContext] useEffect triggered {
  "authLoading": false,
  "hasUser": true,
  "id": "mock-unit-id",
  "userSub": "mock-user-sub",
}
[90mstdout[2m | src/components/ModerationPanel.stories.jsx[2m > [22m[2mLow Confidence Flag
[22m[39m[UnitContext] Fetching unit data for id: mock-unit-id
[90mstdout[2m | src/components/ModerationPanel.stories.jsx[2m > [22m[2mLow Confidence Flag
[22m[39m[FilesContext] Initializing vector store from IndexedDB
[90mstdout[2m | src/components/ModerationPanel.stories.jsx[2m > [22m[2mLow Confidence Flag
[22m[39m[FilesContext] fetchFiles called
[90mstdout[2m | src/components/ModerationPanel.stories.jsx[2m > [22m[2mLow Confidence Flag
[22m[39m[FilesContext] User authenticated: mock-user-sub
[90mstdout[2m | src/components/ModerationPanel.stories.jsx[2m > [22m[2mLow Confidence Flag
[22m[39m[FilesContext] Identity ID: us-east-1:mock-identity-123
[90mstdout[2m | src/components/ModerationPanel.stories.jsx[2m > [22m[2mLow Confidence Flag
[22m[39m[FilesContext] About to set up File observeQuery
[90mstdout[2m | src/components/ModerationPanel.stories.jsx[2m > [22m[2mLow Confidence Flag
[22m[39m[ChatContext] Setting up AssistantChat observeQuery
[90mstdout[2m | src/components/ModerationPanel.stories.jsx[2m > [22m[2mLow Confidence Flag
[22m[39m[ChatContext] Waiting for subscription to initialize
[90mstdout[2m | src/components/ModerationPanel.stories.jsx[2m > [22m[2mLow Confidence Flag
[22m[39m[SettingsContext] Setting up Settings subscription for user: mock-user-sub
[90mstdout[2m | src/components/ModerationPanel.stories.jsx[2m > [22m[2mLow Confidence Flag
[22m[39m[Mock Data] Settings created: mock-settings-1790418853375 - notified 0 subscribers
[90mstdout[2m | src/components/ModerationPanel.stories.jsx[2m > [22m[2mLow Confidence Flag
[22m[39m[Mock Data] Unit.onUpdate() subscription added. Total: 1
[90mstdout[2m | src/components/ModerationPanel.stories.jsx[2m > [22m[2mLow Confidence Flag
[22m[39m[SectionContext] Section observeQuery update: 0
[90mstdout[2m | src/components/ModerationPanel.stories.jsx[2m > [22m[2mLow Confidence Flag
[22m[39m[FilesContext] File observeQuery update: 6 files
[90mstdout[2m | src/components/ModerationPanel.stories.jsx[2m > [22m[2mLow Confidence Flag
[22m[39m[ChatContext] AssistantChat initialized with 1 chats
[90mstdout[2m | src/components/ModerationPanel.stories.jsx[2m > [22m[2mLow Confidence Flag
[22m[39m[ChatContext] Setting initial chat: mock-assistant-chat-1
[90mstdout[2m | src/components/ModerationPanel.stories.jsx[2m > [22m[2mLow Confidence Flag
[22m[39m[MOCK CourseVectorStore] Initialized with mock data
[90mstdout[2m | src/components/ModerationPanel.stories.jsx[2m > [22m[2mLow Confidence Flag
[22m[39m[FilesContext] Vector store population triggered {
  "currentVectorStoreSize": 3,
  "documentsCount": 0,
  "filesCount": 6,
  "isInitialLoad": true,
}
[90mstdout[2m | src/components/ModerationPanel.stories.jsx[2m > [22m[2mLow Confidence Flag
[22m[39m[FilesContext] Vector store population complete - 3 total embeddings
[90mstdout[2m | src/components/ModerationPanel.stories.jsx[2m > [22m[2mLow Confidence Flag
[22m[39m[ChatContext] Chat exists and not archived, skipping creation
[90mstdout[2m | src/components/ModerationPanel.stories.jsx[2m > [22m[2mLow Confidence Flag
[22m[39m[Mock Storage] downloadData called with: undefined
[90mstdout[2m | src/components/ModerationPanel.stories.jsx[2m > [22m[2mApproved Content
[22m[39m[ChatContext] Cleaning up subscriptions
[90mstdout[2m | src/components/ModerationPanel.stories.jsx[2m > [22m[2mApproved Content
[22m[39m[Mock Data] Unit.onUpdate() subscription removed. Remaining: 0
[90mstdout[2m | src/components/ModerationPanel.stories.jsx[2m > [22m[2mApproved Content
[22m[39m[MOCK CourseVectorStore] Initialized with mock data
[90mstdout[2m | src/components/ModerationPanel.stories.jsx[2m > [22m[2mApproved Content
[22m[39m[TranslationModeController] Setting mode to: off
[90mstdout[2m | src/components/ModerationPanel.stories.jsx[2m > [22m[2mApproved Content
[22m[39m[UnitContext] useEffect triggered {
  "authLoading": false,
  "hasUser": true,
  "id": "mock-unit-id",
  "userSub": "mock-user-sub",
}
[90mstdout[2m | src/components/ModerationPanel.stories.jsx[2m > [22m[2mApproved Content
[22m[39m[UnitContext] Fetching unit data for id: mock-unit-id
[90mstdout[2m | src/components/ModerationPanel.stories.jsx[2m > [22m[2mApproved Content
[22m[39m[FilesContext] Initializing vector store from IndexedDB
[90mstdout[2m | src/components/ModerationPanel.stories.jsx[2m > [22m[2mApproved Content
[22m[39m[FilesContext] fetchFiles called
[90mstdout[2m | src/components/ModerationPanel.stories.jsx[2m > [22m[2mApproved Content
[22m[39m[FilesContext] User authenticated: mock-user-sub
[90mstdout[2m | src/components/ModerationPanel.stories.jsx[2m > [22m[2mApproved Content
[22m[39m[FilesContext] Identity ID: us-east-1:mock-identity-123
[90mstdout[2m | src/components/ModerationPanel.stories.jsx[2m > [22m[2mApproved Content
[22m[39m[FilesContext] About to set up File observeQuery
[90mstdout[2m | src/components/ModerationPanel.stories.jsx[2m > [22m[2mApproved Content
[22m[39m[ChatContext] Setting up AssistantChat observeQuery
[90mstdout[2m | src/components/ModerationPanel.stories.jsx[2m > [22m[2mApproved Content
[22m[39m[ChatContext] Waiting for subscription to initialize
[90mstdout[2m | src/components/ModerationPanel.stories.jsx[2m > [22m[2mApproved Content
[22m[39m[SettingsContext] Setting up Settings subscription for user: mock-user-sub
[90mstdout[2m | src/components/ModerationPanel.stories.jsx[2m > [22m[2mApproved Content
[22m[39m[Mock Data] Settings created: mock-settings-1790418853476 - notified 0 subscribers
[90mstdout[2m | src/components/ModerationPanel.stories.jsx[2m > [22m[2mApproved Content
[22m[39m[Mock Data] Unit.onUpdate() subscription added. Total: 1
[90mstdout[2m | src/components/ModerationPanel.stories.jsx[2m > [22m[2mApproved Content
[22m[39m[SectionContext] Section observeQuery update: 0
[90mstdout[2m | src/components/ModerationPanel.stories.jsx[2m > [22m[2mApproved Content
[22m[39m[Mock Storage] downloadData called with: undefined
[90mstdout[2m | src/components/ModerationPanel.stories.jsx[2m > [22m[2mApproved Content
[22m[39m[FilesContext] File observeQuery update: 6 files
[90mstdout[2m | src/components/ModerationPanel.stories.jsx[2m > [22m[2mApproved Content
[22m[39m[ChatContext] AssistantChat initialized with 1 chats
[90mstdout[2m | src/components/ModerationPanel.stories.jsx[2m > [22m[2mApproved Content
[22m[39m[ChatContext] Setting initial chat: mock-assistant-chat-1
[90mstdout[2m | src/components/ModerationPanel.stories.jsx[2m > [22m[2mApproved Content
[22m[39m[MOCK CourseVectorStore] Initialized with mock data
[90mstdout[2m | src/components/ModerationPanel.stories.jsx[2m > [22m[2mApproved Content
[22m[39m[FilesContext] Vector store population triggered {
  "currentVectorStoreSize": 3,
  "documentsCount": 0,
  "filesCount": 6,
  "isInitialLoad": true,
}
[90mstdout[2m | src/components/ModerationPanel.stories.jsx[2m > [22m[2mApproved Content
[22m[39m[FilesContext] Vector store population complete - 3 total embeddings
[90mstdout[2m | src/components/ModerationPanel.stories.jsx[2m > [22m[2mApproved Content
[22m[39m[ChatContext] Chat exists and not archived, skipping creation
[90mstdout[2m | src/components/ModerationPanel.stories.jsx[2m > [22m[2mUnchecked Content
[22m[39m[ChatContext] Cleaning up subscriptions
[90mstdout[2m | src/components/ModerationPanel.stories.jsx[2m > [22m[2mUnchecked Content
[22m[39m[Mock Data] Unit.onUpdate() subscription removed. Remaining: 0
[90mstdout[2m | src/components/ModerationPanel.stories.jsx[2m > [22m[2mUnchecked Content
[22m[39m[MOCK CourseVectorStore] Initialized with mock data
[90mstdout[2m | src/components/ModerationPanel.stories.jsx[2m > [22m[2mUnchecked Content
[22m[39m[TranslationModeController] Setting mode to: off
[90mstdout[2m | src/components/ModerationPanel.stories.jsx[2m > [22m[2mUnchecked Content
[22m[39m[UnitContext] useEffect triggered {
  "authLoading": false,
  "hasUser": true,
  "id": "mock-unit-id",
  "userSub": "mock-user-sub",
}
[90mstdout[2m | src/components/ModerationPanel.stories.jsx[2m > [22m[2mUnchecked Content
[22m[39m[UnitContext] Fetching unit data for id: mock-unit-id
[90mstdout[2m | src/components/ModerationPanel.stories.jsx[2m > [22m[2mUnchecked Content
[22m[39m[FilesContext] Initializing vector store from IndexedDB
[90mstdout[2m | src/components/ModerationPanel.stories.jsx[2m > [22m[2mUnchecked Content
[22m[39m[FilesContext] fetchFiles called
[90mstdout[2m | src/components/ModerationPanel.stories.jsx[2m > [22m[2mUnchecked Content
[22m[39m[FilesContext] User authenticated: mock-user-sub
[90mstdout[2m | src/components/ModerationPanel.stories.jsx[2m > [22m[2mUnchecked Content
[22m[39m[FilesContext] Identity ID: us-east-1:mock-identity-123
[90mstdout[2m | src/components/ModerationPanel.stories.jsx[2m > [22m[2mUnchecked Content
[22m[39m[FilesContext] About to set up File observeQuery
[90mstdout[2m | src/components/ModerationPanel.stories.jsx[2m > [22m[2mUnchecked Content
[22m[39m[ChatContext] Setting up AssistantChat observeQuery
[90mstdout[2m | src/components/ModerationPanel.stories.jsx[2m > [22m[2mUnchecked Content
[22m[39m[ChatContext] Waiting for subscription to initialize
[90mstdout[2m | src/components/ModerationPanel.stories.jsx[2m > [22m[2mUnchecked Content
[22m[39m[SettingsContext] Setting up Settings subscription for user: mock-user-sub
[90mstdout[2m | src/components/ModerationPanel.stories.jsx[2m > [22m[2mUnchecked Content
[22m[39m[Mock Data] Settings created: mock-settings-1790418853540 - notified 0 subscribers
[90mstdout[2m | src/components/ModerationPanel.stories.jsx[2m > [22m[2mUnchecked Content
[22m[39m[Mock Data] Unit.onUpdate() subscription added. Total: 1
[90mstdout[2m | src/components/ModerationPanel.stories.jsx[2m > [22m[2mUnchecked Content
[22m[39m[Mock Storage] downloadData called with: undefined
[90mstdout[2m | src/components/ModerationPanel.stories.jsx[2m > [22m[2mUnchecked Content
[22m[39m[SectionContext] Section observeQuery update: 0
[90mstdout[2m | src/components/ModerationPanel.stories.jsx[2m > [22m[2mUnchecked Content
[22m[39m[FilesContext] File observeQuery update: 6 files
[90mstdout[2m | src/components/ModerationPanel.stories.jsx[2m > [22m[2mUnchecked Content
[22m[39m[ChatContext] AssistantChat initialized with 1 chats
[90mstdout[2m | src/components/ModerationPanel.stories.jsx[2m > [22m[2mUnchecked Content
[22m[39m[ChatContext] Setting initial chat: mock-assistant-chat-1
[90mstdout[2m | src/components/ModerationPanel.stories.jsx[2m > [22m[2mUnchecked Content
[22m[39m[MOCK CourseVectorStore] Initialized with mock data
[90mstdout[2m | src/components/ModerationPanel.stories.jsx[2m > [22m[2mCustom Title
[22m[39m[FilesContext] Vector store population triggered {
  "currentVectorStoreSize": 3,
  "documentsCount": 0,
  "filesCount": 6,
  "isInitialLoad": true,
}
[90mstdout[2m | src/components/ModerationPanel.stories.jsx[2m > [22m[2mCustom Title
[22m[39m[FilesContext] Vector store population complete - 3 total embeddings
[90mstdout[2m | src/components/ModerationPanel.stories.jsx[2m > [22m[2mCustom Title
[22m[39m[ChatContext] Chat exists and not archived, skipping creation
[90mstdout[2m | src/components/ModerationPanel.stories.jsx[2m > [22m[2mCustom Title
[22m[39m[ChatContext] Cleaning up subscriptions
[90mstdout[2m | src/components/ModerationPanel.stories.jsx[2m > [22m[2mCustom Title
[22m[39m[Mock Data] Unit.onUpdate() subscription removed. Remaining: 0
[90mstdout[2m | src/components/ModerationPanel.stories.jsx[2m > [22m[2mCustom Title
[22m[39m[MOCK CourseVectorStore] Initialized with mock data
[90mstdout[2m | src/components/ModerationPanel.stories.jsx[2m > [22m[2mCustom Title
[22m[39m[TranslationModeController] Setting mode to: off
[90mstdout[2m | src/components/ModerationPanel.stories.jsx[2m > [22m[2mCustom Title
[22m[39m[UnitContext] useEffect triggered {
  "authLoading": false,
  "hasUser": true,
  "id": "mock-unit-id",
  "userSub": "mock-user-sub",
}
[90mstdout[2m | src/components/ModerationPanel.stories.jsx[2m > [22m[2mCustom Title
[22m[39m[UnitContext] Fetching unit data for id: mock-unit-id
[90mstdout[2m | src/components/ModerationPanel.stories.jsx[2m > [22m[2mCustom Title
[22m[39m[FilesContext] Initializing vector store from IndexedDB
[90mstdout[2m | src/components/ModerationPanel.stories.jsx[2m > [22m[2mCustom Title
[22m[39m[FilesContext] fetchFiles called
[90mstdout[2m | src/components/ModerationPanel.stories.jsx[2m > [22m[2mCustom Title
[22m[39m[FilesContext] User authenticated: mock-user-sub
[90mstdout[2m | src/components/ModerationPanel.stories.jsx[2m > [22m[2mCustom Title
[22m[39m[FilesContext] Identity ID: us-east-1:mock-identity-123
[90mstdout[2m | src/components/ModerationPanel.stories.jsx[2m > [22m[2mCustom Title
[22m[39m[FilesContext] About to set up File observeQuery
[90mstdout[2m | src/components/ModerationPanel.stories.jsx[2m > [22m[2mCustom Title
[22m[39m[ChatContext] Setting up AssistantChat observeQuery
[90mstdout[2m | src/components/ModerationPanel.stories.jsx[2m > [22m[2mCustom Title
[22m[39m[ChatContext] Waiting for subscription to initialize
[90mstdout[2m | src/components/ModerationPanel.stories.jsx[2m > [22m[2mCustom Title
[22m[39m[SettingsContext] Setting up Settings subscription for user: mock-user-sub
[90mstdout[2m | src/components/ModerationPanel.stories.jsx[2m > [22m[2mCustom Title
[22m[39m[Mock Data] Settings created: mock-settings-1790418853644 - notified 0 subscribers
[90mstdout[2m | src/components/ModerationPanel.stories.jsx[2m > [22m[2mCustom Title
[22m[39m[Mock Data] Unit.onUpdate() subscription added. Total: 1
[90mstdout[2m | src/components/ModerationPanel.stories.jsx[2m > [22m[2mCustom Title
[22m[39m[SectionContext] Section observeQuery update: 0
[90mstdout[2m | src/components/ModerationPanel.stories.jsx[2m > [22m[2mCustom Title
[22m[39m[FilesContext] File observeQuery update: 6 files
[90mstdout[2m | src/components/ModerationPanel.stories.jsx[2m > [22m[2mCustom Title
[22m[39m[ChatContext] AssistantChat initialized with 1 chats
[90mstdout[2m | src/components/ModerationPanel.stories.jsx[2m > [22m[2mCustom Title
[22m[39m[ChatContext] Setting initial chat: mock-assistant-chat-1
[90mstdout[2m | src/components/ModerationPanel.stories.jsx[2m > [22m[2mCustom Title
[22m[39m[MOCK CourseVectorStore] Initialized with mock data
[90mstdout[2m | src/components/ModerationPanel.stories.jsx[2m > [22m[2mCustom Title
[22m[39m[FilesContext] Vector store population triggered {
  "currentVectorStoreSize": 3,
  "documentsCount": 0,
  "filesCount": 6,
  "isInitialLoad": true,
}
[90mstdout[2m | src/components/ModerationPanel.stories.jsx[2m > [22m[2mCustom Title
[22m[39m[FilesContext] Vector store population complete - 3 total embeddings
[90mstdout[2m | src/components/ModerationPanel.stories.jsx[2m > [22m[2mCustom Title
[22m[39m[ChatContext] Chat exists and not archived, skipping creation
[90mstdout[2m | src/components/ModerationPanel.stories.jsx[2m > [22m[2mCustom Title
[22m[39m[Mock Storage] downloadData called with: undefined
[90mstdout[2m | src/components/ModerationPanel.stories.jsx[2m > [22m[2mInstructor Review Workflow
[22m[39m[ChatContext] Cleaning up subscriptions
[90mstdout[2m | src/components/ModerationPanel.stories.jsx[2m > [22m[2mInstructor Review Workflow
[22m[39m[Mock Data] Unit.onUpdate() subscription removed. Remaining: 0
[90mstdout[2m | src/components/ModerationPanel.stories.jsx[2m > [22m[2mInstructor Review Workflow
[22m[39m[MOCK CourseVectorStore] Initialized with mock data
[90mstdout[2m | src/components/ModerationPanel.stories.jsx[2m > [22m[2mInstructor Review Workflow
[22m[39m[TranslationModeController] Setting mode to: off
[90mstdout[2m | src/components/ModerationPanel.stories.jsx[2m > [22m[2mInstructor Review Workflow
[22m[39m[UnitContext] useEffect triggered {
  "authLoading": false,
  "hasUser": true,
  "id": "mock-unit-id",
  "userSub": "mock-user-sub",
}
[90mstdout[2m | src/components/ModerationPanel.stories.jsx[2m > [22m[2mInstructor Review Workflow
[22m[39m[UnitContext] Fetching unit data for id: mock-unit-id
[90mstdout[2m | src/components/ModerationPanel.stories.jsx[2m > [22m[2mInstructor Review Workflow
[22m[39m[FilesContext] Initializing vector store from IndexedDB
[90mstdout[2m | src/components/ModerationPanel.stories.jsx[2m > [22m[2mInstructor Review Workflow
[22m[39m[FilesContext] fetchFiles called
[90mstdout[2m | src/components/ModerationPanel.stories.jsx[2m > [22m[2mInstructor Review Workflow
[22m[39m[FilesContext] User authenticated: mock-user-sub
[90mstdout[2m | src/components/ModerationPanel.stories.jsx[2m > [22m[2mInstructor Review Workflow
[22m[39m[FilesContext] Identity ID: us-east-1:mock-identity-123
[90mstdout[2m | src/components/ModerationPanel.stories.jsx[2m > [22m[2mInstructor Review Workflow
[22m[39m[FilesContext] About to set up File observeQuery
[90mstdout[2m | src/components/ModerationPanel.stories.jsx[2m > [22m[2mInstructor Review Workflow
[22m[39m[ChatContext] Setting up AssistantChat observeQuery
[90mstdout[2m | src/components/ModerationPanel.stories.jsx[2m > [22m[2mInstructor Review Workflow
[22m[39m[ChatContext] Waiting for subscription to initialize
[90mstdout[2m | src/components/ModerationPanel.stories.jsx[2m > [22m[2mInstructor Review Workflow
[22m[39m[SettingsContext] Setting up Settings subscription for user: mock-user-sub
[90mstdout[2m | src/components/ModerationPanel.stories.jsx[2m > [22m[2mInstructor Review Workflow
[22m[39m[Mock Data] Settings created: mock-settings-1790418853916 - notified 0 subscribers
[90mstdout[2m | src/components/ModerationPanel.stories.jsx[2m > [22m[2mInstructor Review Workflow
[22m[39m[Mock Data] Unit.onUpdate() subscription added. Total: 1
[90mstdout[2m | src/components/ModerationPanel.stories.jsx[2m > [22m[2mInstructor Review Workflow
[22m[39m[SectionContext] Section observeQuery update: 0
[90mstdout[2m | src/components/ModerationPanel.stories.jsx[2m > [22m[2mInstructor Review Workflow
[22m[39m[FilesContext] File observeQuery update: 6 files
[90mstdout[2m | src/components/ModerationPanel.stories.jsx[2m > [22m[2mInstructor Review Workflow
[22m[39m[ChatContext] AssistantChat initialized with 1 chats
[90mstdout[2m | src/components/ModerationPanel.stories.jsx[2m > [22m[2mInstructor Review Workflow
[22m[39m[ChatContext] Setting initial chat: mock-assistant-chat-1
[90mstdout[2m | src/components/ModerationPanel.stories.jsx[2m > [22m[2mInstructor Review Workflow
[22m[39m[MOCK CourseVectorStore] Initialized with mock data
[90mstdout[2m | src/components/ModerationPanel.stories.jsx[2m > [22m[2mInstructor Review Workflow
[22m[39m[FilesContext] Vector store population triggered {
  "currentVectorStoreSize": 3,
  "documentsCount": 0,
  "filesCount": 6,
  "isInitialLoad": true,
}
[90mstdout[2m | src/components/ModerationPanel.stories.jsx[2m > [22m[2mInstructor Review Workflow
[22m[39m[FilesContext] Vector store population complete - 3 total embeddings
[90mstdout[2m | src/components/ModerationPanel.stories.jsx[2m > [22m[2mInstructor Review Workflow
[22m[39m[ChatContext] Chat exists and not archived, skipping creation
[90mstdout[2m | src/components/ModerationPanel.stories.jsx[2m > [22m[2mInstructor Review Workflow
[22m[39m[Mock Storage] downloadData called with: undefined
[90mstdout[2m | src/components/ModerationPanel.stories.jsx[2m > [22m[2mMalformed Flags
[22m[39m[ChatContext] Cleaning up subscriptions
[90mstdout[2m | src/components/ModerationPanel.stories.jsx[2m > [22m[2mMalformed Flags
[22m[39m[Mock Data] Unit.onUpdate() subscription removed. Remaining: 0
[90mstdout[2m | src/components/ModerationPanel.stories.jsx[2m > [22m[2mMalformed Flags
[22m[39m[MOCK CourseVectorStore] Initialized with mock data
[90mstdout[2m | src/components/ModerationPanel.stories.jsx[2m > [22m[2mMalformed Flags
[22m[39m[TranslationModeController] Setting mode to: off
[90mstdout[2m | src/components/ModerationPanel.stories.jsx[2m > [22m[2mMalformed Flags
[22m[39m[UnitContext] useEffect triggered {
  "authLoading": false,
  "hasUser": true,
  "id": "mock-unit-id",
  "userSub": "mock-user-sub",
}
[90mstdout[2m | src/components/ModerationPanel.stories.jsx[2m > [22m[2mMalformed Flags
[22m[39m[UnitContext] Fetching unit data for id: mock-unit-id
[90mstdout[2m | src/components/ModerationPanel.stories.jsx[2m > [22m[2mMalformed Flags
[22m[39m[FilesContext] Initializing vector store from IndexedDB
[90mstdout[2m | src/components/ModerationPanel.stories.jsx[2m > [22m[2mMalformed Flags
[22m[39m[FilesContext] fetchFiles called
[90mstdout[2m | src/components/ModerationPanel.stories.jsx[2m > [22m[2mMalformed Flags
[22m[39m[FilesContext] User authenticated: mock-user-sub
[90mstdout[2m | src/components/ModerationPanel.stories.jsx[2m > [22m[2mMalformed Flags
[22m[39m[FilesContext] Identity ID: us-east-1:mock-identity-123
[90mstdout[2m | src/components/ModerationPanel.stories.jsx[2m > [22m[2mMalformed Flags
[22m[39m[FilesContext] About to set up File observeQuery
[90mstdout[2m | src/components/ModerationPanel.stories.jsx[2m > [22m[2mMalformed Flags
[22m[39m[ChatContext] Setting up AssistantChat observeQuery
[90mstdout[2m | src/components/ModerationPanel.stories.jsx[2m > [22m[2mMalformed Flags
[22m[39m[ChatContext] Waiting for subscription to initialize
[90mstdout[2m | src/components/ModerationPanel.stories.jsx[2m > [22m[2mMalformed Flags
[22m[39m[SettingsContext] Setting up Settings subscription for user: mock-user-sub
[90mstdout[2m | src/components/ModerationPanel.stories.jsx[2m > [22m[2mMalformed Flags
[22m[39m[Mock Data] Settings created: mock-settings-1790418854125 - notified 0 subscribers
[90mstdout[2m | src/components/ModerationPanel.stories.jsx[2m > [22m[2mMalformed Flags
[22m[39m[Mock Data] Unit.onUpdate() subscription added. Total: 1
[90mstdout[2m | src/components/ModerationPanel.stories.jsx[2m > [22m[2mMalformed Flags
[22m[39m[SectionContext] Section observeQuery update: 0
[90mstdout[2m | src/components/ModerationPanel.stories.jsx[2m > [22m[2mMalformed Flags
[22m[39m[FilesContext] File observeQuery update: 6 files
[90mstdout[2m | src/components/ModerationPanel.stories.jsx[2m > [22m[2mMalformed Flags
[22m[39m[ChatContext] AssistantChat initialized with 1 chats
[90mstdout[2m | src/components/ModerationPanel.stories.jsx[2m > [22m[2mMalformed Flags
[22m[39m[ChatContext] Setting initial chat: mock-assistant-chat-1
[90mstdout[2m | src/components/ModerationPanel.stories.jsx[2m > [22m[2mMalformed Flags
[22m[39m[MOCK CourseVectorStore] Initialized with mock data
[90mstdout[2m | src/components/ModerationPanel.stories.jsx[2m > [22m[2mMalformed Flags
[22m[39m[FilesContext] Vector store population triggered {
  "currentVectorStoreSize": 3,
  "documentsCount": 0,
  "filesCount": 6,
  "isInitialLoad": true,
}
[90mstdout[2m | src/components/ModerationPanel.stories.jsx[2m > [22m[2mMalformed Flags
[22m[39m[FilesContext] Vector store population complete - 3 total embeddings
[90mstdout[2m | src/components/ModerationPanel.stories.jsx[2m > [22m[2mMalformed Flags
[22m[39m[ChatContext] Chat exists and not archived, skipping creation
[90mstdout[2m | src/components/ModerationPanel.stories.jsx[2m > [22m[2mMalformed Flags
[22m[39m[Mock Storage] downloadData called with: undefined
 [32m✓[39m [30m[45m storybook (chromium) [49m[39m src/components/ModerationPanel.stories.jsx [2m([22m[2m8 tests[22m[2m)[22m[33m 1204[2mms[22m[39m
   [33m[2m✓[22m[39m Instructor Review Workflow [33m 326[2mms[22m[39m
[90mstdout[2m | unknown test
[22m[39m[MOCK vectorStoreDB.js] Module loaded - mock IndexedDB operations
[90mstdout[2m | unknown test
[22m[39m[Task Completion] DOM action listeners initialized
[90mstdout[2m | unknown test
[22m[39m[Task Completion] Auto-completion detector initialized
[90mstdout[2m | unknown test
[22m[39m[Preview] Task completion detector initialized
[90mstdout[2m | src/components/Gamification/BadgeVisualPicker.stories.tsx[2m > [22m[2mDefault
[22m[39m[TranslationModeController] Setting mode to: off
[90mstdout[2m | src/components/Gamification/BadgeVisualPicker.stories.tsx[2m > [22m[2mFire Shield
[22m[39m[TranslationModeController] Setting mode to: off
[90mstdout[2m | src/components/Gamification/BadgeVisualPicker.stories.tsx[2m > [22m[2mCosmic Diamond
[22m[39m[TranslationModeController] Setting mode to: off
 [32m✓[39m [30m[45m storybook (chromium) [49m[39m src/components/Gamification/BadgeVisualPicker.stories.tsx [2m([22m[2m3 tests[22m[2m)[22m[33m 1096[2mms[22m[39m
   [33m[2m✓[22m[39m Default [33m 383[2mms[22m[39m
   [33m[2m✓[22m[39m Fire Shield [33m 363[2mms[22m[39m
   [33m[2m✓[22m[39m Cosmic Diamond [33m 349[2mms[22m[39m
[90mstdout[2m | unknown test
[22m[39m[MOCK vectorStoreDB.js] Module loaded - mock IndexedDB operations
[90mstdout[2m | unknown test
[22m[39m[Task Completion] DOM action listeners initialized
[90mstdout[2m | unknown test
[22m[39m[Task Completion] Auto-completion detector initialized
[90mstdout[2m | unknown test
[22m[39m[Preview] Task completion detector initialized
[90mstdout[2m | src/components/PdfThumbnail.stories.tsx[2m > [22m[2mDefault
[22m[39m[TranslationModeController] Setting mode to: off
[90mstdout[2m | src/components/PdfThumbnail.stories.tsx[2m > [22m[2mWith Page Number
[22m[39m[TranslationModeController] Setting mode to: off
[90mstdout[2m | src/components/PdfThumbnail.stories.tsx[2m > [22m[2mLarge Thumbnail
[22m[39m[TranslationModeController] Setting mode to: off
[90mstdout[2m | src/components/PdfThumbnail.stories.tsx[2m > [22m[2mSmall Thumbnail
[22m[39m[TranslationModeController] Setting mode to: off
[90mstdout[2m | src/components/PdfThumbnail.stories.tsx[2m > [22m[2mClickable
[22m[39m[TranslationModeController] Setting mode to: off
[90mstdout[2m | src/components/PdfThumbnail.stories.tsx[2m > [22m[2mFile List Example
[22m[39m[TranslationModeController] Setting mode to: off
[90mstdout[2m | src/components/PdfThumbnail.stories.tsx[2m > [22m[2mThumbnail Grid
[22m[39m[TranslationModeController] Setting mode to: off
[90mstdout[2m | src/components/PdfThumbnail.stories.tsx[2m > [22m[2mLoading State
[22m[39m[TranslationModeController] Setting mode to: off
[90mstdout[2m | src/components/PdfThumbnail.stories.tsx[2m > [22m[2mError State
[22m[39m[TranslationModeController] Setting mode to: off
[90mstdout[2m | src/components/PdfThumbnail.stories.tsx[2m > [22m[2mNo Border
[22m[39m[TranslationModeController] Setting mode to: off
[90mstdout[2m | src/components/PdfThumbnail.stories.tsx[2m > [22m[2mDocument Reference Badge
[22m[39m[TranslationModeController] Setting mode to: off
 [32m✓[39m [30m[45m storybook (chromium) [49m[39m src/components/PdfThumbnail.stories.tsx [2m([22m[2m11 tests[22m[2m)[22m[33m 1100[2mms[22m[39m
[90mstdout[2m | unknown test
[22m[39m[MOCK vectorStoreDB.js] Module loaded - mock IndexedDB operations
[90mstdout[2m | unknown test
[22m[39m[Task Completion] DOM action listeners initialized
[90mstdout[2m | unknown test
[22m[39m[Task Completion] Auto-completion detector initialized
[90mstdout[2m | unknown test
[22m[39m[Preview] Task completion detector initialized
[90mstdout[2m | src/components/Gamification/SectionXPGauge.stories.tsx[2m > [22m[2mFew Units
[22m[39m[TranslationModeController] Setting mode to: off
[90mstdout[2m | src/components/Gamification/SectionXPGauge.stories.tsx[2m > [22m[2mModerate Units
[22m[39m[TranslationModeController] Setting mode to: off
[90mstdout[2m | src/components/Gamification/SectionXPGauge.stories.tsx[2m > [22m[2mMany Units
[22m[39m[TranslationModeController] Setting mode to: off
[90mstdout[2m | src/components/Gamification/SectionXPGauge.stories.tsx[2m > [22m[2mCustom Level Config
[22m[39m[TranslationModeController] Setting mode to: off
[90mstdout[2m | src/components/Gamification/SectionXPGauge.stories.tsx[2m > [22m[2mWith Multipliers
[22m[39m[TranslationModeController] Setting mode to: off
[90mstdout[2m | src/components/Gamification/SectionXPGauge.stories.tsx[2m > [22m[2mAll Levels Reachable
[22m[39m[TranslationModeController] Setting mode to: off
[90mstdout[2m | src/components/Gamification/SectionXPGauge.stories.tsx[2m > [22m[2mNo Tuner
[22m[39m[TranslationModeController] Setting mode to: off
 [32m✓[39m [30m[45m storybook (chromium) [49m[39m src/components/Gamification/SectionXPGauge.stories.tsx [2m([22m[2m7 tests[22m[2m)[22m[33m 1028[2mms[22m[39m
[90mstdout[2m | unknown test
[22m[39m[MOCK vectorStoreDB.js] Module loaded - mock IndexedDB operations
[90mstdout[2m | unknown test
[22m[39m[Task Completion] DOM action listeners initialized
[90mstdout[2m | unknown test
[22m[39m[Task Completion] Auto-completion detector initialized
[90mstdout[2m | unknown test
[22m[39m[Preview] Task completion detector initialized
[90mstdout[2m | src/components/Editor3/plugins/MeaningAssociationPlugin.stories.jsx[2m > [22m[2mEditable Empty
[22m[39m[Preview] Skipped initializing default mock data (initializeMockData=false)
[90mstdout[2m | src/components/Editor3/plugins/MeaningAssociationPlugin.stories.jsx[2m > [22m[2mEditable Empty
[22m[39m[Mock Data] seedMockUnit: Adding unit meaning-association-story-unit
[90mstdout[2m | src/components/Editor3/plugins/MeaningAssociationPlugin.stories.jsx[2m > [22m[2mEditable Empty
[22m[39m[MOCK CourseVectorStore] Initialized with mock data
[90mstdout[2m | src/components/Editor3/plugins/MeaningAssociationPlugin.stories.jsx[2m > [22m[2mEditable Empty
[22m[39m[TranslationModeController] Setting mode to: off
[90mstdout[2m | src/components/Editor3/plugins/MeaningAssociationPlugin.stories.jsx[2m > [22m[2mEditable Empty
[22m[39m[UnitContext] useEffect triggered {
  "authLoading": false,
  "hasUser": true,
  "id": "meaning-association-story-unit",
  "userSub": "mock-user-sub",
}
[90mstdout[2m | src/components/Editor3/plugins/MeaningAssociationPlugin.stories.jsx[2m > [22m[2mEditable Empty
[22m[39m[UnitContext] Fetching unit data for id: meaning-association-story-unit
[90mstdout[2m | src/components/Editor3/plugins/MeaningAssociationPlugin.stories.jsx[2m > [22m[2mEditable Empty
[22m[39m[FilesContext] Initializing vector store from IndexedDB
[90mstdout[2m | src/components/Editor3/plugins/MeaningAssociationPlugin.stories.jsx[2m > [22m[2mEditable Empty
[22m[39m[FilesContext] fetchFiles called
[90mstdout[2m | src/components/Editor3/plugins/MeaningAssociationPlugin.stories.jsx[2m > [22m[2mEditable Empty
[22m[39m[FilesContext] User authenticated: mock-user-sub
[90mstdout[2m | src/components/Editor3/plugins/MeaningAssociationPlugin.stories.jsx[2m > [22m[2mEditable Empty
[22m[39m[FilesContext] Identity ID: us-east-1:mock-identity-123
[90mstdout[2m | src/components/Editor3/plugins/MeaningAssociationPlugin.stories.jsx[2m > [22m[2mEditable Empty
[22m[39m[FilesContext] About to set up File observeQuery
[90mstdout[2m | src/components/Editor3/plugins/MeaningAssociationPlugin.stories.jsx[2m > [22m[2mEditable Empty
[22m[39m[ChatContext] Setting up AssistantChat observeQuery
[90mstdout[2m | src/components/Editor3/plugins/MeaningAssociationPlugin.stories.jsx[2m > [22m[2mEditable Empty
[22m[39m[ChatContext] Waiting for subscription to initialize
[90mstdout[2m | src/components/Editor3/plugins/MeaningAssociationPlugin.stories.jsx[2m > [22m[2mEditable Empty
[22m[39m[SettingsContext] Setting up Settings subscription for user: mock-user-sub
[90mstdout[2m | src/components/Editor3/plugins/MeaningAssociationPlugin.stories.jsx[2m > [22m[2mEditable Empty
[22m[39m[Mock Data] Settings created: mock-settings-1790418865525 - notified 0 subscribers
[90mstdout[2m | src/components/Editor3/plugins/MeaningAssociationPlugin.stories.jsx[2m > [22m[2mEditable Empty
[22m[39m[Mock Data] Unit.onUpdate() subscription added. Total: 1
[90mstdout[2m | src/components/Editor3/plugins/MeaningAssociationPlugin.stories.jsx[2m > [22m[2mEditable Empty
[22m[39m[SectionContext] Section observeQuery update: 0
[90mstdout[2m | src/components/Editor3/plugins/MeaningAssociationPlugin.stories.jsx[2m > [22m[2mEditable Empty
[22m[39m[FilesContext] File observeQuery update: 0 files
[90mstdout[2m | src/components/Editor3/plugins/MeaningAssociationPlugin.stories.jsx[2m > [22m[2mEditable Empty
[22m[39m[MOCK CourseVectorStore] Initialized with mock data
[90mstdout[2m | src/components/Editor3/plugins/MeaningAssociationPlugin.stories.jsx[2m > [22m[2mEditable Empty
[22m[39m[ChatContext] AssistantChat initialized with 0 chats
[90mstdout[2m | src/components/Editor3/plugins/MeaningAssociationPlugin.stories.jsx[2m > [22m[2mEditable Empty
[22m[39m[Mock Storage] downloadData called with: undefined
[90mstdout[2m | src/components/Editor3/plugins/MeaningAssociationPlugin.stories.jsx[2m > [22m[2mEditable Empty
[22m[39m[ChatContext] No current chat available, will create one
[90mstdout[2m | src/components/Editor3/plugins/MeaningAssociationPlugin.stories.jsx[2m > [22m[2mEditable Empty
[22m[39m[ChatContext] Creating AssistantChat with user: undefined
[90mstdout[2m | src/components/Editor3/plugins/MeaningAssociationPlugin.stories.jsx[2m > [22m[2mEditable Empty
[22m[39m[Mock Data] AssistantChat created: mock-assistantchat-1790418865539 - notified 1 subscribers
[90mstdout[2m | src/components/Editor3/plugins/MeaningAssociationPlugin.stories.jsx[2m > [22m[2mEditable Empty
[22m[39m[ChatContext] Create result: {
  "data": {
    "_version": 1,
    "archived": false,
    "chatFiles": [Function anonymous],
    "createdAt": "2026-09-26T10:34:25.539Z",
    "id": "mock-assistantchat-1790418865539",
    "model": "gpt-4",
    "updatedAt": "2026-09-26T10:34:25.539Z",
  },
  "errors": [],
  "hasData": true,
  "hasErrors": true,
}
[90mstdout[2m | src/components/Editor3/plugins/MeaningAssociationPlugin.stories.jsx[2m > [22m[2mEditable Empty
[22m[39m[ChatContext] Created AssistantChat: mock-assistantchat-1790418865539 at: 2026-09-26T10:34:25.539Z
[90mstdout[2m | src/components/Editor3/plugins/MeaningAssociationPlugin.stories.jsx[2m > [22m[2mEditable Empty
[22m[39m[ChatContext] Setting initial chat: mock-assistantchat-1790418865539
[90mstdout[2m | src/components/Editor3/plugins/MeaningAssociationPlugin.stories.jsx[2m > [22m[2mEditable Empty
[22m[39m[ChatContext] Chat exists and not archived, skipping creation
[90mstdout[2m | src/components/Editor3/plugins/MeaningAssociationPlugin.stories.jsx[2m > [22m[2mEditable With Exercise
[22m[39m[ChatContext] Cleaning up subscriptions
[90mstdout[2m | src/components/Editor3/plugins/MeaningAssociationPlugin.stories.jsx[2m > [22m[2mEditable With Exercise
[22m[39m[Mock Data] Unit.onUpdate() subscription removed. Remaining: 0
[90mstdout[2m | src/components/Editor3/plugins/MeaningAssociationPlugin.stories.jsx[2m > [22m[2mEditable With Exercise
[22m[39m[Preview] Skipped initializing default mock data (initializeMockData=false)
[90mstdout[2m | src/components/Editor3/plugins/MeaningAssociationPlugin.stories.jsx[2m > [22m[2mEditable With Exercise
[22m[39m[Mock Data] seedMockUnit: Adding unit meaning-association-story-unit
[90mstdout[2m | src/components/Editor3/plugins/MeaningAssociationPlugin.stories.jsx[2m > [22m[2mEditable With Exercise
[22m[39m[MOCK CourseVectorStore] Initialized with mock data
[90mstdout[2m | src/components/Editor3/plugins/MeaningAssociationPlugin.stories.jsx[2m > [22m[2mEditable With Exercise
[22m[39m[TranslationModeController] Setting mode to: off
[90mstdout[2m | src/components/Editor3/plugins/MeaningAssociationPlugin.stories.jsx[2m > [22m[2mEditable With Exercise
[22m[39m[UnitContext] useEffect triggered {
  "authLoading": false,
  "hasUser": true,
  "id": "meaning-association-story-unit",
  "userSub": "mock-user-sub",
}
[90mstdout[2m | src/components/Editor3/plugins/MeaningAssociationPlugin.stories.jsx[2m > [22m[2mEditable With Exercise
[22m[39m[UnitContext] Fetching unit data for id: meaning-association-story-unit
[90mstdout[2m | src/components/Editor3/plugins/MeaningAssociationPlugin.stories.jsx[2m > [22m[2mEditable With Exercise
[22m[39m[FilesContext] Initializing vector store from IndexedDB
[90mstdout[2m | src/components/Editor3/plugins/MeaningAssociationPlugin.stories.jsx[2m > [22m[2mEditable With Exercise
[22m[39m[FilesContext] fetchFiles called
[90mstdout[2m | src/components/Editor3/plugins/MeaningAssociationPlugin.stories.jsx[2m > [22m[2mEditable With Exercise
[22m[39m[FilesContext] User authenticated: mock-user-sub
[90mstdout[2m | src/components/Editor3/plugins/MeaningAssociationPlugin.stories.jsx[2m > [22m[2mEditable With Exercise
[22m[39m[FilesContext] Identity ID: us-east-1:mock-identity-123
[90mstdout[2m | src/components/Editor3/plugins/MeaningAssociationPlugin.stories.jsx[2m > [22m[2mEditable With Exercise
[22m[39m[FilesContext] About to set up File observeQuery
[90mstdout[2m | src/components/Editor3/plugins/MeaningAssociationPlugin.stories.jsx[2m > [22m[2mEditable With Exercise
[22m[39m[ChatContext] Setting up AssistantChat observeQuery
[90mstdout[2m | src/components/Editor3/plugins/MeaningAssociationPlugin.stories.jsx[2m > [22m[2mEditable With Exercise
[22m[39m[ChatContext] Waiting for subscription to initialize
[90mstdout[2m | src/components/Editor3/plugins/MeaningAssociationPlugin.stories.jsx[2m > [22m[2mEditable With Exercise
[22m[39m[SettingsContext] Setting up Settings subscription for user: mock-user-sub
[90mstdout[2m | src/components/Editor3/plugins/MeaningAssociationPlugin.stories.jsx[2m > [22m[2mEditable With Exercise
[22m[39m[Mock Data] Settings created: mock-settings-1790418865722 - notified 0 subscribers
[90mstdout[2m | src/components/Editor3/plugins/MeaningAssociationPlugin.stories.jsx[2m > [22m[2mEditable With Exercise
[22m[39m[Mock Data] Unit.onUpdate() subscription added. Total: 1
[90mstdout[2m | src/components/Editor3/plugins/MeaningAssociationPlugin.stories.jsx[2m > [22m[2mEditable With Exercise
[22m[39m[SectionContext] Section observeQuery update: 0
[90mstdout[2m | src/components/Editor3/plugins/MeaningAssociationPlugin.stories.jsx[2m > [22m[2mEditable With Exercise
[22m[39m[FilesContext] File observeQuery update: 0 files
[90mstdout[2m | src/components/Editor3/plugins/MeaningAssociationPlugin.stories.jsx[2m > [22m[2mEditable With Exercise
[22m[39m[ChatContext] AssistantChat initialized with 0 chats
[90mstdout[2m | src/components/Editor3/plugins/MeaningAssociationPlugin.stories.jsx[2m > [22m[2mEditable With Exercise
[22m[39m[MOCK CourseVectorStore] Initialized with mock data
[90mstdout[2m | src/components/Editor3/plugins/MeaningAssociationPlugin.stories.jsx[2m > [22m[2mEditable With Exercise
[22m[39m[ChatContext] No current chat available, will create one
[90mstdout[2m | src/components/Editor3/plugins/MeaningAssociationPlugin.stories.jsx[2m > [22m[2mEditable With Exercise
[22m[39m[ChatContext] Creating AssistantChat with user: undefined
[90mstdout[2m | src/components/Editor3/plugins/MeaningAssociationPlugin.stories.jsx[2m > [22m[2mEditable With Exercise
[22m[39m[Mock Data] AssistantChat created: mock-assistantchat-1790418865770 - notified 1 subscribers
[90mstdout[2m | src/components/Editor3/plugins/MeaningAssociationPlugin.stories.jsx[2m > [22m[2mEditable With Exercise
[22m[39m[ChatContext] Create result: {
  "data": {
    "_version": 1,
    "archived": false,
    "chatFiles": [Function anonymous],
    "createdAt": "2026-09-26T10:34:25.770Z",
    "id": "mock-assistantchat-1790418865770",
    "model": "gpt-4",
    "updatedAt": "2026-09-26T10:34:25.770Z",
  },
  "errors": [],
  "hasData": true,
  "hasErrors": true,
}
[90mstdout[2m | src/components/Editor3/plugins/MeaningAssociationPlugin.stories.jsx[2m > [22m[2mEditable With Exercise
[22m[39m[ChatContext] Created AssistantChat: mock-assistantchat-1790418865770 at: 2026-09-26T10:34:25.770Z
[90mstdout[2m | src/components/Editor3/plugins/MeaningAssociationPlugin.stories.jsx[2m > [22m[2mEditable With Exercise
[22m[39m[Mock Storage] downloadData called with: undefined
[90mstdout[2m | src/components/Editor3/plugins/MeaningAssociationPlugin.stories.jsx[2m > [22m[2mEditable With Exercise
[22m[39m[ChatContext] Setting initial chat: mock-assistantchat-1790418865770
[90mstdout[2m | src/components/Editor3/plugins/MeaningAssociationPlugin.stories.jsx[2m > [22m[2mEditable With Exercise
[22m[39m[ChatContext] Chat exists and not archived, skipping creation
[90mstdout[2m | src/components/Editor3/plugins/MeaningAssociationPlugin.stories.jsx[2m > [22m[2mRead Only With Exercise
[22m[39m[ChatContext] Cleaning up subscriptions
[90mstdout[2m | src/components/Editor3/plugins/MeaningAssociationPlugin.stories.jsx[2m > [22m[2mRead Only With Exercise
[22m[39m[Mock Data] Unit.onUpdate() subscription removed. Remaining: 0
[90mstdout[2m | src/components/Editor3/plugins/MeaningAssociationPlugin.stories.jsx[2m > [22m[2mRead Only With Exercise
[22m[39m[Preview] Skipped initializing default mock data (initializeMockData=false)
[90mstdout[2m | src/components/Editor3/plugins/MeaningAssociationPlugin.stories.jsx[2m > [22m[2mRead Only With Exercise
[22m[39m[Mock Data] seedMockUnit: Adding unit meaning-association-story-unit
[90mstdout[2m | src/components/Editor3/plugins/MeaningAssociationPlugin.stories.jsx[2m > [22m[2mRead Only With Exercise
[22m[39m[MOCK CourseVectorStore] Initialized with mock data
[90mstdout[2m | src/components/Editor3/plugins/MeaningAssociationPlugin.stories.jsx[2m > [22m[2mRead Only With Exercise
[22m[39m[TranslationModeController] Setting mode to: off
[90mstdout[2m | src/components/Editor3/plugins/MeaningAssociationPlugin.stories.jsx[2m > [22m[2mRead Only With Exercise
[22m[39m[UnitContext] useEffect triggered {
  "authLoading": false,
  "hasUser": true,
  "id": "meaning-association-story-unit",
  "userSub": "mock-user-sub",
}
[90mstdout[2m | src/components/Editor3/plugins/MeaningAssociationPlugin.stories.jsx[2m > [22m[2mRead Only With Exercise
[22m[39m[UnitContext] Fetching unit data for id: meaning-association-story-unit
[90mstdout[2m | src/components/Editor3/plugins/MeaningAssociationPlugin.stories.jsx[2m > [22m[2mRead Only With Exercise
[22m[39m[FilesContext] Initializing vector store from IndexedDB
[90mstdout[2m | src/components/Editor3/plugins/MeaningAssociationPlugin.stories.jsx[2m > [22m[2mRead Only With Exercise
[22m[39m[FilesContext] fetchFiles called
[90mstdout[2m | src/components/Editor3/plugins/MeaningAssociationPlugin.stories.jsx[2m > [22m[2mRead Only With Exercise
[22m[39m[FilesContext] User authenticated: mock-user-sub
[90mstdout[2m | src/components/Editor3/plugins/MeaningAssociationPlugin.stories.jsx[2m > [22m[2mRead Only With Exercise
[22m[39m[FilesContext] Identity ID: us-east-1:mock-identity-123
[90mstdout[2m | src/components/Editor3/plugins/MeaningAssociationPlugin.stories.jsx[2m > [22m[2mRead Only With Exercise
[22m[39m[FilesContext] About to set up File observeQuery
[90mstdout[2m | src/components/Editor3/plugins/MeaningAssociationPlugin.stories.jsx[2m > [22m[2mRead Only With Exercise
[22m[39m[ChatContext] Setting up AssistantChat observeQuery
[90mstdout[2m | src/components/Editor3/plugins/MeaningAssociationPlugin.stories.jsx[2m > [22m[2mRead Only With Exercise
[22m[39m[ChatContext] Waiting for subscription to initialize
[90mstdout[2m | src/components/Editor3/plugins/MeaningAssociationPlugin.stories.jsx[2m > [22m[2mRead Only With Exercise
[22m[39m[SettingsContext] Setting up Settings subscription for user: mock-user-sub
[90mstdout[2m | src/components/Editor3/plugins/MeaningAssociationPlugin.stories.jsx[2m > [22m[2mRead Only With Exercise
[22m[39mEasy.nodeKey 11 type: string
[90mstdout[2m | src/components/Editor3/plugins/MeaningAssociationPlugin.stories.jsx[2m > [22m[2mRead Only With Exercise
[22m[39mEasy.grade: {}
[90mstdout[2m | src/components/Editor3/plugins/MeaningAssociationPlugin.stories.jsx[2m > [22m[2mRead Only With Exercise
[22m[39mEasy.grade.data: undefined
[90mstdout[2m | src/components/Editor3/plugins/MeaningAssociationPlugin.stories.jsx[2m > [22m[2mRead Only With Exercise
[22m[39mEasy.grade.data === grade? false
[90mstdout[2m | src/components/Editor3/plugins/MeaningAssociationPlugin.stories.jsx[2m > [22m[2mRead Only With Exercise
[22m[39mEasy.grade.data keys: no data
[90mstdout[2m | src/components/Editor3/plugins/MeaningAssociationPlugin.stories.jsx[2m > [22m[2mRead Only With Exercise
[22m[39mEasy.grade.data[nodeKey]: undefined
[90mstdout[2m | src/components/Editor3/plugins/MeaningAssociationPlugin.stories.jsx[2m > [22m[2mRead Only With Exercise
[22m[39mEasy.inProgress {}
[90mstdout[2m | src/components/Editor3/plugins/MeaningAssociationPlugin.stories.jsx[2m > [22m[2mRead Only With Exercise
[22m[39mHard.attemptedAnswers {}
[90mstdout[2m | src/components/Editor3/plugins/MeaningAssociationPlugin.stories.jsx[2m > [22m[2mRead Only With Exercise
[22m[39mLearn._vocabulary [
  {
    "audio": [
      "/story-mocks/cinematic-designed-sci-fi-whoosh-transition-nexawave-228295.mp3",
    ],
    "definition": "a greeting or expression of goodwill",
    "id": "word-1",
    "phrase": "hello",
    "pronunciation": "heh-LOH",
  },
  {
    "audio": [
      "/story-mocks/descent-whoosh-long-cinematic-sound-effect-405921.mp3",
    ],
    "definition": "a parting phrase",
    "id": "word-2",
    "phrase": "goodbye",
    "pronunciation": "good-BYE",
  },
  {
    "audio": [
      "/story-mocks/sound-design-elements-sfx-ps-022-302865.mp3",
    ],
    "definition": "an expression of gratitude",
    "id": "word-3",
    "phrase": "thank you",
    "pronunciation": "THANK yoo",
  },
  {
    "audio": [
      "/story-mocks/cinematic-designed-sci-fi-whoosh-transition-nexawave-228295.mp3",
    ],
    "definition": "used to make a polite request",
    "id": "word-4",
    "phrase": "please",
    "pronunciation": "PLEEZ",
  },
]
[90mstdout[2m | src/components/Editor3/plugins/MeaningAssociationPlugin.stories.jsx[2m > [22m[2mRead Only With Exercise
[22m[39mMeaningAssociationExercise._vocabulary [
  {
    "audio": [
      "/story-mocks/cinematic-designed-sci-fi-whoosh-transition-nexawave-228295.mp3",
    ],
    "definition": "a greeting or expression of goodwill",
    "id": "word-1",
    "phrase": "hello",
    "pronunciation": "heh-LOH",
  },
  {
    "audio": [
      "/story-mocks/descent-whoosh-long-cinematic-sound-effect-405921.mp3",
    ],
    "definition": "a parting phrase",
    "id": "word-2",
    "phrase": "goodbye",
    "pronunciation": "good-BYE",
  },
  {
    "audio": [
      "/story-mocks/sound-design-elements-sfx-ps-022-302865.mp3",
    ],
    "definition": "an expression of gratitude",
    "id": "word-3",
    "phrase": "thank you",
    "pronunciation": "THANK yoo",
  },
  {
    "audio": [
      "/story-mocks/cinematic-designed-sci-fi-whoosh-transition-nexawave-228295.mp3",
    ],
    "definition": "used to make a polite request",
    "id": "word-4",
    "phrase": "please",
    "pronunciation": "PLEEZ",
  },
]
[90mstdout[2m | src/components/Editor3/plugins/MeaningAssociationPlugin.stories.jsx[2m > [22m[2mRead Only With Exercise
[22m[39mHard._vocabulary [
  {
    "audio": [
      "/story-mocks/cinematic-designed-sci-fi-whoosh-transition-nexawave-228295.mp3",
    ],
    "definition": "a greeting or expression of goodwill",
    "id": "word-1",
    "phrase": "hello",
    "pronunciation": "heh-LOH",
  },
  {
    "audio": [
      "/story-mocks/descent-whoosh-long-cinematic-sound-effect-405921.mp3",
    ],
    "definition": "a parting phrase",
    "id": "word-2",
    "phrase": "goodbye",
    "pronunciation": "good-BYE",
  },
  {
    "audio": [
      "/story-mocks/sound-design-elements-sfx-ps-022-302865.mp3",
    ],
    "definition": "an expression of gratitude",
    "id": "word-3",
    "phrase": "thank you",
    "pronunciation": "THANK yoo",
  },
  {
    "audio": [
      "/story-mocks/cinematic-designed-sci-fi-whoosh-transition-nexawave-228295.mp3",
    ],
    "definition": "used to make a polite request",
    "id": "word-4",
    "phrase": "please",
    "pronunciation": "PLEEZ",
  },
]
[90mstdout[2m | src/components/Editor3/plugins/MeaningAssociationPlugin.stories.jsx[2m > [22m[2mRead Only With Exercise
[22m[39mEasy.nodeKey 11 type: string
[90mstdout[2m | src/components/Editor3/plugins/MeaningAssociationPlugin.stories.jsx[2m > [22m[2mRead Only With Exercise
[22m[39mEasy.grade: {}
[90mstdout[2m | src/components/Editor3/plugins/MeaningAssociationPlugin.stories.jsx[2m > [22m[2mRead Only With Exercise
[22m[39mEasy.grade.data: undefined
[90mstdout[2m | src/components/Editor3/plugins/MeaningAssociationPlugin.stories.jsx[2m > [22m[2mRead Only With Exercise
[22m[39mEasy.grade.data === grade? false
[90mstdout[2m | src/components/Editor3/plugins/MeaningAssociationPlugin.stories.jsx[2m > [22m[2mRead Only With Exercise
[22m[39mEasy.grade.data keys: no data
[90mstdout[2m | src/components/Editor3/plugins/MeaningAssociationPlugin.stories.jsx[2m > [22m[2mRead Only With Exercise
[22m[39mEasy.grade.data[nodeKey]: undefined
[90mstdout[2m | src/components/Editor3/plugins/MeaningAssociationPlugin.stories.jsx[2m > [22m[2mRead Only With Exercise
[22m[39mEasy.inProgress {}
[90mstdout[2m | src/components/Editor3/plugins/MeaningAssociationPlugin.stories.jsx[2m > [22m[2mRead Only With Exercise
[22m[39mHard.attemptedAnswers {}
[90mstdout[2m | src/components/Editor3/plugins/MeaningAssociationPlugin.stories.jsx[2m > [22m[2mRead Only With Exercise
[22m[39m[Mock Data] Settings created: mock-settings-1790418866081 - notified 0 subscribers
[90mstdout[2m | src/components/Editor3/plugins/MeaningAssociationPlugin.stories.jsx[2m > [22m[2mRead Only With Exercise
[22m[39m[Mock Data] Unit.onUpdate() subscription added. Total: 1
[90mstdout[2m | src/components/Editor3/plugins/MeaningAssociationPlugin.stories.jsx[2m > [22m[2mRead Only With Exercise
[22m[39mEasy.nodeKey 11 type: string
[90mstdout[2m | src/components/Editor3/plugins/MeaningAssociationPlugin.stories.jsx[2m > [22m[2mRead Only With Exercise
[22m[39mEasy.grade: {}
[90mstdout[2m | src/components/Editor3/plugins/MeaningAssociationPlugin.stories.jsx[2m > [22m[2mRead Only With Exercise
[22m[39mEasy.grade.data: undefined
[90mstdout[2m | src/components/Editor3/plugins/MeaningAssociationPlugin.stories.jsx[2m > [22m[2mRead Only With Exercise
[22m[39mEasy.grade.data === grade? false
[90mstdout[2m | src/components/Editor3/plugins/MeaningAssociationPlugin.stories.jsx[2m > [22m[2mRead Only With Exercise
[22m[39mEasy.grade.data keys: no data
[90mstdout[2m | src/components/Editor3/plugins/MeaningAssociationPlugin.stories.jsx[2m > [22m[2mRead Only With Exercise
[22m[39mEasy.grade.data[nodeKey]: undefined
[90mstdout[2m | src/components/Editor3/plugins/MeaningAssociationPlugin.stories.jsx[2m > [22m[2mRead Only With Exercise
[22m[39mEasy.inProgress {}
[90mstdout[2m | src/components/Editor3/plugins/MeaningAssociationPlugin.stories.jsx[2m > [22m[2mRead Only With Exercise
[22m[39mHard.attemptedAnswers {}
[90mstdout[2m | src/components/Editor3/plugins/MeaningAssociationPlugin.stories.jsx[2m > [22m[2mRead Only With Exercise
[22m[39m[SectionContext] Section observeQuery update: 0
[90mstdout[2m | src/components/Editor3/plugins/MeaningAssociationPlugin.stories.jsx[2m > [22m[2mRead Only With Exercise
[22m[39m[FilesContext] File observeQuery update: 0 files
[90mstdout[2m | src/components/Editor3/plugins/MeaningAssociationPlugin.stories.jsx[2m > [22m[2mRead Only With Exercise
[22m[39m[ChatContext] AssistantChat initialized with 0 chats
[90mstdout[2m | src/components/Editor3/plugins/MeaningAssociationPlugin.stories.jsx[2m > [22m[2mRead Only With Exercise
[22m[39m[MOCK CourseVectorStore] Initialized with mock data
[90mstdout[2m | src/components/Editor3/plugins/MeaningAssociationPlugin.stories.jsx[2m > [22m[2mRead Only With Exercise
[22m[39mEasy.nodeKey 11 type: string
[90mstdout[2m | src/components/Editor3/plugins/MeaningAssociationPlugin.stories.jsx[2m > [22m[2mRead Only With Exercise
[22m[39mEasy.grade: undefined
[90mstdout[2m | src/components/Editor3/plugins/MeaningAssociationPlugin.stories.jsx[2m > [22m[2mRead Only With Exercise
[22m[39mEasy.grade.data: undefined
[90mstdout[2m | src/components/Editor3/plugins/MeaningAssociationPlugin.stories.jsx[2m > [22m[2mRead Only With Exercise
[22m[39mEasy.grade.data === grade? true
[90mstdout[2m | src/components/Editor3/plugins/MeaningAssociationPlugin.stories.jsx[2m > [22m[2mRead Only With Exercise
[22m[39mEasy.grade.data keys: no data
[90mstdout[2m | src/components/Editor3/plugins/MeaningAssociationPlugin.stories.jsx[2m > [22m[2mRead Only With Exercise
[22m[39mEasy.grade.data[nodeKey]: undefined
[90mstdout[2m | src/components/Editor3/plugins/MeaningAssociationPlugin.stories.jsx[2m > [22m[2mRead Only With Exercise
[22m[39mEasy.inProgress {}
[90mstdout[2m | src/components/Editor3/plugins/MeaningAssociationPlugin.stories.jsx[2m > [22m[2mRead Only With Exercise
[22m[39mHard.attemptedAnswers {}
[90mstdout[2m | src/components/Editor3/plugins/MeaningAssociationPlugin.stories.jsx[2m > [22m[2mRead Only With Exercise
[22m[39m[ChatContext] No current chat available, will create one
[90mstdout[2m | src/components/Editor3/plugins/MeaningAssociationPlugin.stories.jsx[2m > [22m[2mRead Only With Exercise
[22m[39m[ChatContext] Creating AssistantChat with user: undefined
[90mstdout[2m | src/components/Editor3/plugins/MeaningAssociationPlugin.stories.jsx[2m > [22m[2mRead Only With Exercise
[22m[39m[Mock Data] AssistantChat created: mock-assistantchat-1790418866195 - notified 1 subscribers
[90mstdout[2m | src/components/Editor3/plugins/MeaningAssociationPlugin.stories.jsx[2m > [22m[2mRead Only With Exercise
[22m[39m[ChatContext] Create result: {
  "data": {
    "_version": 1,
    "archived": false,
    "chatFiles": [Function anonymous],
    "createdAt": "2026-09-26T10:34:26.195Z",
    "id": "mock-assistantchat-1790418866195",
    "model": "gpt-4",
    "updatedAt": "2026-09-26T10:34:26.195Z",
  },
  "errors": [],
  "hasData": true,
  "hasErrors": true,
}
[90mstdout[2m | src/components/Editor3/plugins/MeaningAssociationPlugin.stories.jsx[2m > [22m[2mRead Only With Exercise
[22m[39m[ChatContext] Created AssistantChat: mock-assistantchat-1790418866195 at: 2026-09-26T10:34:26.195Z
[90mstdout[2m | src/components/Editor3/plugins/MeaningAssociationPlugin.stories.jsx[2m > [22m[2mRead Only With Exercise
[22m[39m[Mock Storage] downloadData called with: undefined
[90mstdout[2m | src/components/Editor3/plugins/MeaningAssociationPlugin.stories.jsx[2m > [22m[2mRead Only With Exercise
[22m[39m[ChatContext] Setting initial chat: mock-assistantchat-1790418866195
[90mstdout[2m | src/components/Editor3/plugins/MeaningAssociationPlugin.stories.jsx[2m > [22m[2mRead Only With Exercise
[22m[39m[ChatContext] Chat exists and not archived, skipping creation
[90mstdout[2m | src/components/Editor3/plugins/MeaningAssociationPlugin.stories.jsx
[22m[39mEasy.nodeKey 11 type: string
[90mstdout[2m | src/components/Editor3/plugins/MeaningAssociationPlugin.stories.jsx
[22m[39mEasy.grade: undefined
[90mstdout[2m | src/components/Editor3/plugins/MeaningAssociationPlugin.stories.jsx
[22m[39mEasy.grade.data: undefined
[90mstdout[2m | src/components/Editor3/plugins/MeaningAssociationPlugin.stories.jsx
[22m[39mEasy.grade.data === grade? true
[90mstdout[2m | src/components/Editor3/plugins/MeaningAssociationPlugin.stories.jsx
[22m[39mEasy.grade.data keys: no data
[90mstdout[2m | src/components/Editor3/plugins/MeaningAssociationPlugin.stories.jsx
[22m[39mEasy.grade.data[nodeKey]: undefined
[90mstdout[2m | src/components/Editor3/plugins/MeaningAssociationPlugin.stories.jsx
[22m[39mEasy.inProgress {}
[90mstdout[2m | src/components/Editor3/plugins/MeaningAssociationPlugin.stories.jsx
[22m[39mHard.attemptedAnswers {}
 [32m✓[39m [30m[45m storybook (chromium) [49m[39m src/components/Editor3/plugins/MeaningAssociationPlugin.stories.jsx [2m([22m[2m3 tests[22m[2m)[22m[33m 898[2mms[22m[39m
   [33m[2m✓[22m[39m Read Only With Exercise [33m 465[2mms[22m[39m
[90mstdout[2m | unknown test
[22m[39m[MOCK vectorStoreDB.js] Module loaded - mock IndexedDB operations
[90mstdout[2m | unknown test
[22m[39m[Task Completion] DOM action listeners initialized
[90mstdout[2m | unknown test
[22m[39m[Task Completion] Auto-completion detector initialized
[90mstdout[2m | unknown test
[22m[39m[Preview] Task completion detector initialized
[90mstdout[2m | src/components/NotificationCard.stories.tsx[2m > [22m[2mUnseen
[22m[39m[TranslationModeController] Setting mode to: off
[90mstdout[2m | src/components/NotificationCard.stories.tsx[2m > [22m[2mSeen
[22m[39m[TranslationModeController] Setting mode to: off
[90mstdout[2m | src/components/NotificationCard.stories.tsx[2m > [22m[2mInteracted
[22m[39m[TranslationModeController] Setting mode to: off
[90mstdout[2m | src/components/NotificationCard.stories.tsx[2m > [22m[2mAssignment Category
[22m[39m[TranslationModeController] Setting mode to: off
[90mstdout[2m | src/components/NotificationCard.stories.tsx[2m > [22m[2mCollaboration Category
[22m[39m[TranslationModeController] Setting mode to: off
[90mstdout[2m | src/components/NotificationCard.stories.tsx[2m > [22m[2mSquad Category
[22m[39m[TranslationModeController] Setting mode to: off
[90mstdout[2m | src/components/NotificationCard.stories.tsx[2m > [22m[2mSystem Category
[22m[39m[TranslationModeController] Setting mode to: off
[90mstdout[2m | src/components/NotificationCard.stories.tsx[2m > [22m[2mTitle Only (no body)
[22m[39m[TranslationModeController] Setting mode to: off
[90mstdout[2m | src/components/NotificationCard.stories.tsx[2m > [22m[2mAll Categories (stacked)
[22m[39m[TranslationModeController] Setting mode to: off
 [32m✓[39m [30m[45m storybook (chromium) [49m[39m src/components/NotificationCard.stories.tsx [2m([22m[2m9 tests[22m[2m)[22m[33m 910[2mms[22m[39m
[90mstdout[2m | unknown test
[22m[39m[MOCK vectorStoreDB.js] Module loaded - mock IndexedDB operations
[90mstdout[2m | unknown test
[22m[39m[Task Completion] DOM action listeners initialized
[90mstdout[2m | unknown test
[22m[39m[Task Completion] Auto-completion detector initialized
[90mstdout[2m | unknown test
[22m[39m[Preview] Task completion detector initialized
[90mstdout[2m | src/components/Dashboard/UpNextCard.stories.tsx[2m > [22m[2mDefault
[22m[39m[TranslationModeController] Setting mode to: off
[90mstdout[2m | src/components/Dashboard/UpNextCard.stories.tsx[2m > [22m[2mWith Chapter Context
[22m[39m[TranslationModeController] Setting mode to: off
[90mstdout[2m | src/components/Dashboard/UpNextCard.stories.tsx[2m > [22m[2mWith Nailed It
[22m[39m[TranslationModeController] Setting mode to: off
[90mstdout[2m | src/components/Dashboard/UpNextCard.stories.tsx[2m > [22m[2mNo Due Date
[22m[39m[TranslationModeController] Setting mode to: off
[90mstdout[2m | src/components/Dashboard/UpNextCard.stories.tsx[2m > [22m[2mMobile Viewport
[22m[39m[TranslationModeController] Setting mode to: off
[90mstdout[2m | src/components/Dashboard/UpNextCard.stories.tsx[2m > [22m[2mTablet Viewport
[22m[39m[TranslationModeController] Setting mode to: off
[90mstdout[2m | src/components/Dashboard/UpNextCard.stories.tsx[2m > [22m[2mDesktop Viewport
[22m[39m[TranslationModeController] Setting mode to: off
 [32m✓[39m [30m[45m storybook (chromium) [49m[39m src/components/Dashboard/UpNextCard.stories.tsx [2m([22m[2m7 tests[22m[2m)[22m[33m 927[2mms[22m[39m
[90mstdout[2m | unknown test
[22m[39m[MOCK vectorStoreDB.js] Module loaded - mock IndexedDB operations
[90mstdout[2m | unknown test
[22m[39m[Task Completion] DOM action listeners initialized
[90mstdout[2m | unknown test
[22m[39m[Task Completion] Auto-completion detector initialized
[90mstdout[2m | unknown test
[22m[39m[Preview] Task completion detector initialized
[90mstdout[2m | src/components/AIFeedbackWidget.stories.jsx[2m > [22m[2mChat Message
[22m[39m[MOCK CourseVectorStore] Initialized with mock data
[90mstdout[2m | src/components/AIFeedbackWidget.stories.jsx[2m > [22m[2mChat Message
[22m[39m[TranslationModeController] Setting mode to: off
[90mstdout[2m | src/components/AIFeedbackWidget.stories.jsx[2m > [22m[2mChat Message
[22m[39m[UnitContext] useEffect triggered {
  "authLoading": false,
  "hasUser": true,
  "id": "mock-unit-id",
  "userSub": "mock-user-sub",
}
[90mstdout[2m | src/components/AIFeedbackWidget.stories.jsx[2m > [22m[2mChat Message
[22m[39m[UnitContext] Fetching unit data for id: mock-unit-id
[90mstdout[2m | src/components/AIFeedbackWidget.stories.jsx[2m > [22m[2mChat Message
[22m[39m[FilesContext] Initializing vector store from IndexedDB
[90mstdout[2m | src/components/AIFeedbackWidget.stories.jsx[2m > [22m[2mChat Message
[22m[39m[FilesContext] fetchFiles called
[90mstdout[2m | src/components/AIFeedbackWidget.stories.jsx[2m > [22m[2mChat Message
[22m[39m[FilesContext] User authenticated: mock-user-sub
[90mstdout[2m | src/components/AIFeedbackWidget.stories.jsx[2m > [22m[2mChat Message
[22m[39m[FilesContext] Identity ID: us-east-1:mock-identity-123
[90mstdout[2m | src/components/AIFeedbackWidget.stories.jsx[2m > [22m[2mChat Message
[22m[39m[FilesContext] About to set up File observeQuery
[90mstdout[2m | src/components/AIFeedbackWidget.stories.jsx[2m > [22m[2mChat Message
[22m[39m[ChatContext] Setting up AssistantChat observeQuery
[90mstdout[2m | src/components/AIFeedbackWidget.stories.jsx[2m > [22m[2mChat Message
[22m[39m[ChatContext] Waiting for subscription to initialize
[90mstdout[2m | src/components/AIFeedbackWidget.stories.jsx[2m > [22m[2mChat Message
[22m[39m[SettingsContext] Setting up Settings subscription for user: mock-user-sub
[90mstdout[2m | src/components/AIFeedbackWidget.stories.jsx[2m > [22m[2mChat Message
[22m[39m[Mock Data] Settings created: mock-settings-1790418872396 - notified 0 subscribers
[90mstdout[2m | src/components/AIFeedbackWidget.stories.jsx[2m > [22m[2mChat Message
[22m[39m[Mock Data] Unit.onUpdate() subscription added. Total: 1
[90mstdout[2m | src/components/AIFeedbackWidget.stories.jsx[2m > [22m[2mChat Message
[22m[39m[SectionContext] Section observeQuery update: 0
[90mstdout[2m | src/components/AIFeedbackWidget.stories.jsx[2m > [22m[2mChat Message
[22m[39m[FilesContext] File observeQuery update: 6 files
[90mstdout[2m | src/components/AIFeedbackWidget.stories.jsx[2m > [22m[2mChat Message
[22m[39m[ChatContext] AssistantChat initialized with 1 chats
[90mstdout[2m | src/components/AIFeedbackWidget.stories.jsx[2m > [22m[2mChat Message
[22m[39m[ChatContext] Setting initial chat: mock-assistant-chat-1
[90mstdout[2m | src/components/AIFeedbackWidget.stories.jsx[2m > [22m[2mChat Message
[22m[39m[MOCK CourseVectorStore] Initialized with mock data
[90mstdout[2m | src/components/AIFeedbackWidget.stories.jsx[2m > [22m[2mChat Message
[22m[39m[FilesContext] Vector store population triggered {
  "currentVectorStoreSize": 3,
  "documentsCount": 0,
  "filesCount": 6,
  "isInitialLoad": true,
}
[90mstdout[2m | src/components/AIFeedbackWidget.stories.jsx[2m > [22m[2mChat Message
[22m[39m[FilesContext] Vector store population complete - 3 total embeddings
[90mstdout[2m | src/components/AIFeedbackWidget.stories.jsx[2m > [22m[2mChat Message
[22m[39m[ChatContext] Chat exists and not archived, skipping creation
[90mstdout[2m | src/components/AIFeedbackWidget.stories.jsx[2m > [22m[2mChat Message
[22m[39m[Mock Storage] downloadData called with: undefined
[90mstdout[2m | src/components/AIFeedbackWidget.stories.jsx[2m > [22m[2mChat Message
[22m[39m[Mock Data] AIFeedback created: mock-aifeedback-1790418872426 - notified 0 subscribers
[90mstdout[2m | src/components/AIFeedbackWidget.stories.jsx[2m > [22m[2mChat Message
[22m[39mfilterWords {
  "filter": "",
  "wordsCount": 0,
}
[90mstdout[2m | src/components/AIFeedbackWidget.stories.jsx[2m > [22m[2mContent Completion
[22m[39m[ChatContext] Cleaning up subscriptions
[90mstdout[2m | src/components/AIFeedbackWidget.stories.jsx[2m > [22m[2mContent Completion
[22m[39m[Mock Data] Unit.onUpdate() subscription removed. Remaining: 0
[90mstdout[2m | src/components/AIFeedbackWidget.stories.jsx[2m > [22m[2mContent Completion
[22m[39m[MOCK CourseVectorStore] Initialized with mock data
[90mstdout[2m | src/components/AIFeedbackWidget.stories.jsx[2m > [22m[2mContent Completion
[22m[39m[TranslationModeController] Setting mode to: off
[90mstdout[2m | src/components/AIFeedbackWidget.stories.jsx[2m > [22m[2mContent Completion
[22m[39m[UnitContext] useEffect triggered {
  "authLoading": false,
  "hasUser": true,
  "id": "mock-unit-id",
  "userSub": "mock-user-sub",
}
[90mstdout[2m | src/components/AIFeedbackWidget.stories.jsx[2m > [22m[2mContent Completion
[22m[39m[UnitContext] Fetching unit data for id: mock-unit-id
[90mstdout[2m | src/components/AIFeedbackWidget.stories.jsx[2m > [22m[2mContent Completion
[22m[39m[FilesContext] Initializing vector store from IndexedDB
[90mstdout[2m | src/components/AIFeedbackWidget.stories.jsx[2m > [22m[2mContent Completion
[22m[39m[FilesContext] fetchFiles called
[90mstdout[2m | src/components/AIFeedbackWidget.stories.jsx[2m > [22m[2mContent Completion
[22m[39m[FilesContext] User authenticated: mock-user-sub
[90mstdout[2m | src/components/AIFeedbackWidget.stories.jsx[2m > [22m[2mContent Completion
[22m[39m[FilesContext] Identity ID: us-east-1:mock-identity-123
[90mstdout[2m | src/components/AIFeedbackWidget.stories.jsx[2m > [22m[2mContent Completion
[22m[39m[FilesContext] About to set up File observeQuery
[90mstdout[2m | src/components/AIFeedbackWidget.stories.jsx[2m > [22m[2mContent Completion
[22m[39m[ChatContext] Setting up AssistantChat observeQuery
[90mstdout[2m | src/components/AIFeedbackWidget.stories.jsx[2m > [22m[2mContent Completion
[22m[39m[ChatContext] Waiting for subscription to initialize
[90mstdout[2m | src/components/AIFeedbackWidget.stories.jsx[2m > [22m[2mContent Completion
[22m[39m[SettingsContext] Setting up Settings subscription for user: mock-user-sub
[90mstdout[2m | src/components/AIFeedbackWidget.stories.jsx[2m > [22m[2mContent Completion
[22m[39m[Mock Data] Settings created: mock-settings-1790418872617 - notified 0 subscribers
[90mstdout[2m | src/components/AIFeedbackWidget.stories.jsx[2m > [22m[2mContent Completion
[22m[39m[Mock Data] Unit.onUpdate() subscription added. Total: 1
[90mstdout[2m | src/components/AIFeedbackWidget.stories.jsx[2m > [22m[2mContent Completion
[22m[39m[SectionContext] Section observeQuery update: 0
[90mstdout[2m | src/components/AIFeedbackWidget.stories.jsx[2m > [22m[2mContent Completion
[22m[39m[FilesContext] File observeQuery update: 6 files
[90mstdout[2m | src/components/AIFeedbackWidget.stories.jsx[2m > [22m[2mContent Completion
[22m[39m[ChatContext] AssistantChat initialized with 1 chats
[90mstdout[2m | src/components/AIFeedbackWidget.stories.jsx[2m > [22m[2mContent Completion
[22m[39m[ChatContext] Setting initial chat: mock-assistant-chat-1
[90mstdout[2m | src/components/AIFeedbackWidget.stories.jsx[2m > [22m[2mContent Completion
[22m[39m[MOCK CourseVectorStore] Initialized with mock data
[90mstdout[2m | src/components/AIFeedbackWidget.stories.jsx[2m > [22m[2mContent Completion
[22m[39m[FilesContext] Vector store population triggered {
  "currentVectorStoreSize": 3,
  "documentsCount": 0,
  "filesCount": 6,
  "isInitialLoad": true,
}
[90mstdout[2m | src/components/AIFeedbackWidget.stories.jsx[2m > [22m[2mContent Completion
[22m[39m[FilesContext] Vector store population complete - 3 total embeddings
[90mstdout[2m | src/components/AIFeedbackWidget.stories.jsx[2m > [22m[2mContent Completion
[22m[39m[ChatContext] Chat exists and not archived, skipping creation
[90mstdout[2m | src/components/AIFeedbackWidget.stories.jsx[2m > [22m[2mContent Completion
[22m[39m[Mock Storage] downloadData called with: undefined
[90mstdout[2m | src/components/AIFeedbackWidget.stories.jsx[2m > [22m[2mWith Labels
[22m[39m[ChatContext] Cleaning up subscriptions
[90mstdout[2m | src/components/AIFeedbackWidget.stories.jsx[2m > [22m[2mWith Labels
[22m[39m[Mock Data] Unit.onUpdate() subscription removed. Remaining: 0
[90mstdout[2m | src/components/AIFeedbackWidget.stories.jsx[2m > [22m[2mWith Labels
[22m[39m[MOCK CourseVectorStore] Initialized with mock data
[90mstdout[2m | src/components/AIFeedbackWidget.stories.jsx[2m > [22m[2mWith Labels
[22m[39m[TranslationModeController] Setting mode to: off
[90mstdout[2m | src/components/AIFeedbackWidget.stories.jsx[2m > [22m[2mWith Labels
[22m[39m[UnitContext] useEffect triggered {
  "authLoading": false,
  "hasUser": true,
  "id": "mock-unit-id",
  "userSub": "mock-user-sub",
}
[90mstdout[2m | src/components/AIFeedbackWidget.stories.jsx[2m > [22m[2mWith Labels
[22m[39m[UnitContext] Fetching unit data for id: mock-unit-id
[90mstdout[2m | src/components/AIFeedbackWidget.stories.jsx[2m > [22m[2mWith Labels
[22m[39m[FilesContext] Initializing vector store from IndexedDB
[90mstdout[2m | src/components/AIFeedbackWidget.stories.jsx[2m > [22m[2mWith Labels
[22m[39m[FilesContext] fetchFiles called
[90mstdout[2m | src/components/AIFeedbackWidget.stories.jsx[2m > [22m[2mWith Labels
[22m[39m[FilesContext] User authenticated: mock-user-sub
[90mstdout[2m | src/components/AIFeedbackWidget.stories.jsx[2m > [22m[2mWith Labels
[22m[39m[FilesContext] Identity ID: us-east-1:mock-identity-123
[90mstdout[2m | src/components/AIFeedbackWidget.stories.jsx[2m > [22m[2mWith Labels
[22m[39m[FilesContext] About to set up File observeQuery
[90mstdout[2m | src/components/AIFeedbackWidget.stories.jsx[2m > [22m[2mWith Labels
[22m[39m[ChatContext] Setting up AssistantChat observeQuery
[90mstdout[2m | src/components/AIFeedbackWidget.stories.jsx[2m > [22m[2mWith Labels
[22m[39m[ChatContext] Waiting for subscription to initialize
[90mstdout[2m | src/components/AIFeedbackWidget.stories.jsx[2m > [22m[2mWith Labels
[22m[39m[SettingsContext] Setting up Settings subscription for user: mock-user-sub
[90mstdout[2m | src/components/AIFeedbackWidget.stories.jsx[2m > [22m[2mWith Labels
[22m[39m[Mock Data] Settings created: mock-settings-1790418872714 - notified 0 subscribers
[90mstdout[2m | src/components/AIFeedbackWidget.stories.jsx[2m > [22m[2mWith Labels
[22m[39m[Mock Data] Unit.onUpdate() subscription added. Total: 1
[90mstdout[2m | src/components/AIFeedbackWidget.stories.jsx[2m > [22m[2mWith Labels
[22m[39m[SectionContext] Section observeQuery update: 0
[90mstdout[2m | src/components/AIFeedbackWidget.stories.jsx[2m > [22m[2mWith Labels
[22m[39m[FilesContext] File observeQuery update: 6 files
[90mstdout[2m | src/components/AIFeedbackWidget.stories.jsx[2m > [22m[2mWith Labels
[22m[39m[ChatContext] AssistantChat initialized with 1 chats
[90mstdout[2m | src/components/AIFeedbackWidget.stories.jsx[2m > [22m[2mWith Labels
[22m[39m[ChatContext] Setting initial chat: mock-assistant-chat-1
[90mstdout[2m | src/components/AIFeedbackWidget.stories.jsx[2m > [22m[2mWith Labels
[22m[39m[MOCK CourseVectorStore] Initialized with mock data
[90mstdout[2m | src/components/AIFeedbackWidget.stories.jsx[2m > [22m[2mWith Labels
[22m[39m[FilesContext] Vector store population triggered {
  "currentVectorStoreSize": 3,
  "documentsCount": 0,
  "filesCount": 6,
  "isInitialLoad": true,
}
[90mstdout[2m | src/components/AIFeedbackWidget.stories.jsx[2m > [22m[2mWith Labels
[22m[39m[FilesContext] Vector store population complete - 3 total embeddings
[90mstdout[2m | src/components/AIFeedbackWidget.stories.jsx[2m > [22m[2mWith Labels
[22m[39m[ChatContext] Chat exists and not archived, skipping creation
[90mstdout[2m | src/components/AIFeedbackWidget.stories.jsx[2m > [22m[2mWith Labels
[22m[39m[Mock Storage] downloadData called with: undefined
[90mstdout[2m | src/components/AIFeedbackWidget.stories.jsx[2m > [22m[2mLarge Buttons
[22m[39m[ChatContext] Cleaning up subscriptions
[90mstdout[2m | src/components/AIFeedbackWidget.stories.jsx[2m > [22m[2mLarge Buttons
[22m[39m[Mock Data] Unit.onUpdate() subscription removed. Remaining: 0
[90mstdout[2m | src/components/AIFeedbackWidget.stories.jsx[2m > [22m[2mLarge Buttons
[22m[39m[MOCK CourseVectorStore] Initialized with mock data
[90mstdout[2m | src/components/AIFeedbackWidget.stories.jsx[2m > [22m[2mLarge Buttons
[22m[39m[TranslationModeController] Setting mode to: off
[90mstdout[2m | src/components/AIFeedbackWidget.stories.jsx[2m > [22m[2mLarge Buttons
[22m[39m[UnitContext] useEffect triggered {
  "authLoading": false,
  "hasUser": true,
  "id": "mock-unit-id",
  "userSub": "mock-user-sub",
}
[90mstdout[2m | src/components/AIFeedbackWidget.stories.jsx[2m > [22m[2mLarge Buttons
[22m[39m[UnitContext] Fetching unit data for id: mock-unit-id
[90mstdout[2m | src/components/AIFeedbackWidget.stories.jsx[2m > [22m[2mLarge Buttons
[22m[39m[FilesContext] Initializing vector store from IndexedDB
[90mstdout[2m | src/components/AIFeedbackWidget.stories.jsx[2m > [22m[2mLarge Buttons
[22m[39m[FilesContext] fetchFiles called
[90mstdout[2m | src/components/AIFeedbackWidget.stories.jsx[2m > [22m[2mLarge Buttons
[22m[39m[FilesContext] User authenticated: mock-user-sub
[90mstdout[2m | src/components/AIFeedbackWidget.stories.jsx[2m > [22m[2mLarge Buttons
[22m[39m[FilesContext] Identity ID: us-east-1:mock-identity-123
[90mstdout[2m | src/components/AIFeedbackWidget.stories.jsx[2m > [22m[2mLarge Buttons
[22m[39m[FilesContext] About to set up File observeQuery
[90mstdout[2m | src/components/AIFeedbackWidget.stories.jsx[2m > [22m[2mLarge Buttons
[22m[39m[ChatContext] Setting up AssistantChat observeQuery
[90mstdout[2m | src/components/AIFeedbackWidget.stories.jsx[2m > [22m[2mLarge Buttons
[22m[39m[ChatContext] Waiting for subscription to initialize
[90mstdout[2m | src/components/AIFeedbackWidget.stories.jsx[2m > [22m[2mLarge Buttons
[22m[39m[SettingsContext] Setting up Settings subscription for user: mock-user-sub
[90mstdout[2m | src/components/AIFeedbackWidget.stories.jsx[2m > [22m[2mLarge Buttons
[22m[39m[Mock Data] Settings created: mock-settings-1790418872827 - notified 0 subscribers
[90mstdout[2m | src/components/AIFeedbackWidget.stories.jsx[2m > [22m[2mLarge Buttons
[22m[39m[Mock Data] Unit.onUpdate() subscription added. Total: 1
[90mstdout[2m | src/components/AIFeedbackWidget.stories.jsx[2m > [22m[2mLarge Buttons
[22m[39m[SectionContext] Section observeQuery update: 0
[90mstdout[2m | src/components/AIFeedbackWidget.stories.jsx[2m > [22m[2mLarge Buttons
[22m[39m[FilesContext] File observeQuery update: 6 files
[90mstdout[2m | src/components/AIFeedbackWidget.stories.jsx[2m > [22m[2mLarge Buttons
[22m[39m[ChatContext] AssistantChat initialized with 1 chats
[90mstdout[2m | src/components/AIFeedbackWidget.stories.jsx[2m > [22m[2mLarge Buttons
[22m[39m[ChatContext] Setting initial chat: mock-assistant-chat-1
[90mstdout[2m | src/components/AIFeedbackWidget.stories.jsx[2m > [22m[2mLarge Buttons
[22m[39m[MOCK CourseVectorStore] Initialized with mock data
[90mstdout[2m | src/components/AIFeedbackWidget.stories.jsx[2m > [22m[2mLarge Buttons
[22m[39m[FilesContext] Vector store population triggered {
  "currentVectorStoreSize": 3,
  "documentsCount": 0,
  "filesCount": 6,
  "isInitialLoad": true,
}
[90mstdout[2m | src/components/AIFeedbackWidget.stories.jsx[2m > [22m[2mLarge Buttons
[22m[39m[FilesContext] Vector store population complete - 3 total embeddings
[90mstdout[2m | src/components/AIFeedbackWidget.stories.jsx[2m > [22m[2mLarge Buttons
[22m[39m[ChatContext] Chat exists and not archived, skipping creation
[90mstdout[2m | src/components/AIFeedbackWidget.stories.jsx[2m > [22m[2mLarge Buttons
[22m[39m[Mock Storage] downloadData called with: undefined
[90mstdout[2m | src/components/AIFeedbackWidget.stories.jsx[2m > [22m[2mIn Chat Context
[22m[39m[ChatContext] Cleaning up subscriptions
[90mstdout[2m | src/components/AIFeedbackWidget.stories.jsx[2m > [22m[2mIn Chat Context
[22m[39m[Mock Data] Unit.onUpdate() subscription removed. Remaining: 0
[90mstdout[2m | src/components/AIFeedbackWidget.stories.jsx[2m > [22m[2mIn Chat Context
[22m[39m[MOCK CourseVectorStore] Initialized with mock data
[90mstdout[2m | src/components/AIFeedbackWidget.stories.jsx[2m > [22m[2mIn Chat Context
[22m[39m[TranslationModeController] Setting mode to: off
[90mstdout[2m | src/components/AIFeedbackWidget.stories.jsx[2m > [22m[2mIn Chat Context
[22m[39m[UnitContext] useEffect triggered {
  "authLoading": false,
  "hasUser": true,
  "id": "mock-unit-id",
  "userSub": "mock-user-sub",
}
[90mstdout[2m | src/components/AIFeedbackWidget.stories.jsx[2m > [22m[2mIn Chat Context
[22m[39m[UnitContext] Fetching unit data for id: mock-unit-id
[90mstdout[2m | src/components/AIFeedbackWidget.stories.jsx[2m > [22m[2mIn Chat Context
[22m[39m[FilesContext] Initializing vector store from IndexedDB
[90mstdout[2m | src/components/AIFeedbackWidget.stories.jsx[2m > [22m[2mIn Chat Context
[22m[39m[FilesContext] fetchFiles called
[90mstdout[2m | src/components/AIFeedbackWidget.stories.jsx[2m > [22m[2mIn Chat Context
[22m[39m[FilesContext] User authenticated: mock-user-sub
[90mstdout[2m | src/components/AIFeedbackWidget.stories.jsx[2m > [22m[2mIn Chat Context
[22m[39m[FilesContext] Identity ID: us-east-1:mock-identity-123
[90mstdout[2m | src/components/AIFeedbackWidget.stories.jsx[2m > [22m[2mIn Chat Context
[22m[39m[FilesContext] About to set up File observeQuery
[90mstdout[2m | src/components/AIFeedbackWidget.stories.jsx[2m > [22m[2mIn Chat Context
[22m[39m[ChatContext] Setting up AssistantChat observeQuery
[90mstdout[2m | src/components/AIFeedbackWidget.stories.jsx[2m > [22m[2mIn Chat Context
[22m[39m[ChatContext] Waiting for subscription to initialize
[90mstdout[2m | src/components/AIFeedbackWidget.stories.jsx[2m > [22m[2mIn Chat Context
[22m[39m[SettingsContext] Setting up Settings subscription for user: mock-user-sub
[90mstdout[2m | src/components/AIFeedbackWidget.stories.jsx[2m > [22m[2mIn Chat Context
[22m[39m[Mock Data] Settings created: mock-settings-1790418872933 - notified 0 subscribers
[90mstdout[2m | src/components/AIFeedbackWidget.stories.jsx[2m > [22m[2mIn Chat Context
[22m[39m[Mock Data] Unit.onUpdate() subscription added. Total: 1
[90mstdout[2m | src/components/AIFeedbackWidget.stories.jsx[2m > [22m[2mIn Chat Context
[22m[39m[SectionContext] Section observeQuery update: 0
[90mstdout[2m | src/components/AIFeedbackWidget.stories.jsx[2m > [22m[2mIn Chat Context
[22m[39m[FilesContext] File observeQuery update: 6 files
[90mstdout[2m | src/components/AIFeedbackWidget.stories.jsx[2m > [22m[2mIn Chat Context
[22m[39m[ChatContext] AssistantChat initialized with 1 chats
[90mstdout[2m | src/components/AIFeedbackWidget.stories.jsx[2m > [22m[2mIn Chat Context
[22m[39m[ChatContext] Setting initial chat: mock-assistant-chat-1
[90mstdout[2m | src/components/AIFeedbackWidget.stories.jsx[2m > [22m[2mIn Chat Context
[22m[39m[MOCK CourseVectorStore] Initialized with mock data
[90mstdout[2m | src/components/AIFeedbackWidget.stories.jsx[2m > [22m[2mIn Chat Context
[22m[39m[FilesContext] Vector store population triggered {
  "currentVectorStoreSize": 3,
  "documentsCount": 0,
  "filesCount": 6,
  "isInitialLoad": true,
}
[90mstdout[2m | src/components/AIFeedbackWidget.stories.jsx[2m > [22m[2mIn Chat Context
[22m[39m[FilesContext] Vector store population complete - 3 total embeddings
[90mstdout[2m | src/components/AIFeedbackWidget.stories.jsx[2m > [22m[2mIn Chat Context
[22m[39m[ChatContext] Chat exists and not archived, skipping creation
[90mstdout[2m | src/components/AIFeedbackWidget.stories.jsx[2m > [22m[2mIn Chat Context
[22m[39m[Mock Storage] downloadData called with: undefined
[90mstdout[2m | src/components/AIFeedbackWidget.stories.jsx[2m > [22m[2mWith Callback
[22m[39m[ChatContext] Cleaning up subscriptions
[90mstdout[2m | src/components/AIFeedbackWidget.stories.jsx[2m > [22m[2mWith Callback
[22m[39m[Mock Data] Unit.onUpdate() subscription removed. Remaining: 0
[90mstdout[2m | src/components/AIFeedbackWidget.stories.jsx[2m > [22m[2mWith Callback
[22m[39m[MOCK CourseVectorStore] Initialized with mock data
[90mstdout[2m | src/components/AIFeedbackWidget.stories.jsx[2m > [22m[2mWith Callback
[22m[39m[TranslationModeController] Setting mode to: off
[90mstdout[2m | src/components/AIFeedbackWidget.stories.jsx[2m > [22m[2mWith Callback
[22m[39m[UnitContext] useEffect triggered {
  "authLoading": false,
  "hasUser": true,
  "id": "mock-unit-id",
  "userSub": "mock-user-sub",
}
[90mstdout[2m | src/components/AIFeedbackWidget.stories.jsx[2m > [22m[2mWith Callback
[22m[39m[UnitContext] Fetching unit data for id: mock-unit-id
[90mstdout[2m | src/components/AIFeedbackWidget.stories.jsx[2m > [22m[2mWith Callback
[22m[39m[FilesContext] Initializing vector store from IndexedDB
[90mstdout[2m | src/components/AIFeedbackWidget.stories.jsx[2m > [22m[2mWith Callback
[22m[39m[FilesContext] fetchFiles called
[90mstdout[2m | src/components/AIFeedbackWidget.stories.jsx[2m > [22m[2mWith Callback
[22m[39m[FilesContext] User authenticated: mock-user-sub
[90mstdout[2m | src/components/AIFeedbackWidget.stories.jsx[2m > [22m[2mWith Callback
[22m[39m[FilesContext] Identity ID: us-east-1:mock-identity-123
[90mstdout[2m | src/components/AIFeedbackWidget.stories.jsx[2m > [22m[2mWith Callback
[22m[39m[FilesContext] About to set up File observeQuery
[90mstdout[2m | src/components/AIFeedbackWidget.stories.jsx[2m > [22m[2mWith Callback
[22m[39m[ChatContext] Setting up AssistantChat observeQuery
[90mstdout[2m | src/components/AIFeedbackWidget.stories.jsx[2m > [22m[2mWith Callback
[22m[39m[ChatContext] Waiting for subscription to initialize
[90mstdout[2m | src/components/AIFeedbackWidget.stories.jsx[2m > [22m[2mWith Callback
[22m[39m[SettingsContext] Setting up Settings subscription for user: mock-user-sub
[90mstdout[2m | src/components/AIFeedbackWidget.stories.jsx[2m > [22m[2mWith Callback
[22m[39m[Mock Data] Settings created: mock-settings-1790418873033 - notified 0 subscribers
[90mstdout[2m | src/components/AIFeedbackWidget.stories.jsx[2m > [22m[2mWith Callback
[22m[39m[Mock Data] Unit.onUpdate() subscription added. Total: 1
[90mstdout[2m | src/components/AIFeedbackWidget.stories.jsx[2m > [22m[2mWith Callback
[22m[39m[SectionContext] Section observeQuery update: 0
[90mstdout[2m | src/components/AIFeedbackWidget.stories.jsx[2m > [22m[2mWith Callback
[22m[39m[FilesContext] File observeQuery update: 6 files
[90mstdout[2m | src/components/AIFeedbackWidget.stories.jsx[2m > [22m[2mWith Callback
[22m[39m[ChatContext] AssistantChat initialized with 1 chats
[90mstdout[2m | src/components/AIFeedbackWidget.stories.jsx[2m > [22m[2mWith Callback
[22m[39m[ChatContext] Setting initial chat: mock-assistant-chat-1
[90mstdout[2m | src/components/AIFeedbackWidget.stories.jsx[2m > [22m[2mWith Callback
[22m[39m[MOCK CourseVectorStore] Initialized with mock data
[90mstdout[2m | src/components/AIFeedbackWidget.stories.jsx[2m > [22m[2mWith Callback
[22m[39m[FilesContext] Vector store population triggered {
  "currentVectorStoreSize": 3,
  "documentsCount": 0,
  "filesCount": 6,
  "isInitialLoad": true,
}
[90mstdout[2m | src/components/AIFeedbackWidget.stories.jsx[2m > [22m[2mWith Callback
[22m[39m[FilesContext] Vector store population complete - 3 total embeddings
[90mstdout[2m | src/components/AIFeedbackWidget.stories.jsx[2m > [22m[2mWith Callback
[22m[39m[ChatContext] Chat exists and not archived, skipping creation
[90mstdout[2m | src/components/AIFeedbackWidget.stories.jsx[2m > [22m[2mWith Callback
[22m[39m[Mock Storage] downloadData called with: undefined
[90mstdout[2m | src/components/AIFeedbackWidget.stories.jsx[2m > [22m[2mWith Callback
[22m[39m[Mock Data] AIFeedback created: mock-aifeedback-1790418873069 - notified 0 subscribers
[90mstdout[2m | src/components/AIFeedbackWidget.stories.jsx[2m > [22m[2mWith Callback
[22m[39mFeedback submitted: {
  "_version": 1,
  "comment": undefined,
  "contentType": "VOCABULARY_EXTRACTION",
  "createdAt": "2026-09-26T10:34:33.069Z",
  "documentID": undefined,
  "feedbackType": "POSITIVE",
  "generatedContent": "食べる (taberu) - to eat",
  "gradeID": undefined,
  "id": "mock-aifeedback-1790418873069",
  "messageId": undefined,
  "metadata": undefined,
  "model": "gpt-4",
  "prompt": undefined,
  "reasons": undefined,
  "sessionId": undefined,
  "unitID": undefined,
  "updatedAt": "2026-09-26T10:34:33.069Z",
}
 [32m✓[39m [30m[45m storybook (chromium) [49m[39m src/components/AIFeedbackWidget.stories.jsx [2m([22m[2m6 tests[22m[2m)[22m[33m 840[2mms[22m[39m
[90mstdout[2m | unknown test
[22m[39m[MOCK vectorStoreDB.js] Module loaded - mock IndexedDB operations
[90mstdout[2m | unknown test
[22m[39m[Task Completion] DOM action listeners initialized
[90mstdout[2m | unknown test
[22m[39m[Task Completion] Auto-completion detector initialized
[90mstdout[2m | unknown test
[22m[39m[Preview] Task completion detector initialized
[90mstdout[2m | src/stories/section-settings.stories.tsx[2m > [22m[2mAI Settings
[22m[39m[MOCK CourseVectorStore] Initialized with mock data
[90mstdout[2m | src/stories/section-settings.stories.tsx[2m > [22m[2mAI Settings
[22m[39m[TranslationModeController] Setting mode to: off
[90mstdout[2m | src/stories/section-settings.stories.tsx[2m > [22m[2mAI Settings
[22m[39m[UnitContext] useEffect triggered {
  "authLoading": false,
  "hasUser": true,
  "id": "mock-unit-id",
  "userSub": "mock-user-sub",
}
[90mstdout[2m | src/stories/section-settings.stories.tsx[2m > [22m[2mAI Settings
[22m[39m[UnitContext] Fetching unit data for id: mock-unit-id
[90mstdout[2m | src/stories/section-settings.stories.tsx[2m > [22m[2mAI Settings
[22m[39m[FilesContext] Initializing vector store from IndexedDB
[90mstdout[2m | src/stories/section-settings.stories.tsx[2m > [22m[2mAI Settings
[22m[39m[FilesContext] fetchFiles called
[90mstdout[2m | src/stories/section-settings.stories.tsx[2m > [22m[2mAI Settings
[22m[39m[FilesContext] User authenticated: mock-user-sub
[90mstdout[2m | src/stories/section-settings.stories.tsx[2m > [22m[2mAI Settings
[22m[39m[FilesContext] Identity ID: us-east-1:mock-identity-123
[90mstdout[2m | src/stories/section-settings.stories.tsx[2m > [22m[2mAI Settings
[22m[39m[FilesContext] About to set up File observeQuery
[90mstdout[2m | src/stories/section-settings.stories.tsx[2m > [22m[2mAI Settings
[22m[39m[ChatContext] Setting up AssistantChat observeQuery
[90mstdout[2m | src/stories/section-settings.stories.tsx[2m > [22m[2mAI Settings
[22m[39m[ChatContext] Waiting for subscription to initialize
[90mstdout[2m | src/stories/section-settings.stories.tsx[2m > [22m[2mAI Settings
[22m[39m[SettingsContext] Setting up Settings subscription for user: mock-user-sub
[90mstdout[2m | src/stories/section-settings.stories.tsx[2m > [22m[2mAI Settings
[22m[39m[Mock Data] Settings created: mock-settings-1790418873681 - notified 0 subscribers
[90mstdout[2m | src/stories/section-settings.stories.tsx[2m > [22m[2mAI Settings
[22m[39m[Mock Data] Unit.onUpdate() subscription added. Total: 1
[90mstdout[2m | src/stories/section-settings.stories.tsx[2m > [22m[2mAI Settings
[22m[39m[SectionContext] Section observeQuery update: 0
[90mstdout[2m | src/stories/section-settings.stories.tsx[2m > [22m[2mAI Settings
[22m[39m[FilesContext] File observeQuery update: 6 files
[90mstdout[2m | src/stories/section-settings.stories.tsx[2m > [22m[2mAI Settings
[22m[39m[ChatContext] AssistantChat initialized with 1 chats
[90mstdout[2m | src/stories/section-settings.stories.tsx[2m > [22m[2mAI Settings
[22m[39m[ChatContext] Setting initial chat: mock-assistant-chat-1
[90mstdout[2m | src/stories/section-settings.stories.tsx[2m > [22m[2mAI Settings
[22m[39m[Mock Storage] downloadData called with: undefined
[90mstdout[2m | src/stories/section-settings.stories.tsx[2m > [22m[2mAI Settings
[22m[39m[MOCK CourseVectorStore] Initialized with mock data
[90mstdout[2m | src/stories/section-settings.stories.tsx[2m > [22m[2mAI Settings
[22m[39m[FilesContext] Vector store population triggered {
  "currentVectorStoreSize": 3,
  "documentsCount": 0,
  "filesCount": 6,
  "isInitialLoad": true,
}
[90mstdout[2m | src/stories/section-settings.stories.tsx[2m > [22m[2mAI Settings
[22m[39m[FilesContext] Vector store population complete - 3 total embeddings
[90mstdout[2m | src/stories/section-settings.stories.tsx[2m > [22m[2mAI Settings
[22m[39m[ChatContext] Chat exists and not archived, skipping creation
[90mstdout[2m | src/stories/section-settings.stories.tsx[2m > [22m[2mGamification Settings
[22m[39m[ChatContext] Cleaning up subscriptions
[90mstdout[2m | src/stories/section-settings.stories.tsx[2m > [22m[2mGamification Settings
[22m[39m[Mock Data] Unit.onUpdate() subscription removed. Remaining: 0
[90mstdout[2m | src/stories/section-settings.stories.tsx[2m > [22m[2mGamification Settings
[22m[39m[MOCK CourseVectorStore] Initialized with mock data
[90mstdout[2m | src/stories/section-settings.stories.tsx[2m > [22m[2mGamification Settings
[22m[39m[TranslationModeController] Setting mode to: off
[90mstdout[2m | src/stories/section-settings.stories.tsx[2m > [22m[2mGamification Settings
[22m[39m[UnitContext] useEffect triggered {
  "authLoading": false,
  "hasUser": true,
  "id": "mock-unit-id",
  "userSub": "mock-user-sub",
}
[90mstdout[2m | src/stories/section-settings.stories.tsx[2m > [22m[2mGamification Settings
[22m[39m[UnitContext] Fetching unit data for id: mock-unit-id
[90mstdout[2m | src/stories/section-settings.stories.tsx[2m > [22m[2mGamification Settings
[22m[39m[FilesContext] Initializing vector store from IndexedDB
[90mstdout[2m | src/stories/section-settings.stories.tsx[2m > [22m[2mGamification Settings
[22m[39m[FilesContext] fetchFiles called
[90mstdout[2m | src/stories/section-settings.stories.tsx[2m > [22m[2mGamification Settings
[22m[39m[FilesContext] User authenticated: mock-user-sub
[90mstdout[2m | src/stories/section-settings.stories.tsx[2m > [22m[2mGamification Settings
[22m[39m[FilesContext] Identity ID: us-east-1:mock-identity-123
[90mstdout[2m | src/stories/section-settings.stories.tsx[2m > [22m[2mGamification Settings
[22m[39m[FilesContext] About to set up File observeQuery
[90mstdout[2m | src/stories/section-settings.stories.tsx[2m > [22m[2mGamification Settings
[22m[39m[ChatContext] Setting up AssistantChat observeQuery
[90mstdout[2m | src/stories/section-settings.stories.tsx[2m > [22m[2mGamification Settings
[22m[39m[ChatContext] Waiting for subscription to initialize
[90mstdout[2m | src/stories/section-settings.stories.tsx[2m > [22m[2mGamification Settings
[22m[39m[SettingsContext] Setting up Settings subscription for user: mock-user-sub
[90mstdout[2m | src/stories/section-settings.stories.tsx[2m > [22m[2mGamification Settings
[22m[39m[Mock Data] Settings created: mock-settings-1790418874016 - notified 0 subscribers
[90mstdout[2m | src/stories/section-settings.stories.tsx[2m > [22m[2mGamification Settings
[22m[39m[Mock Data] Unit.onUpdate() subscription added. Total: 1
[90mstdout[2m | src/stories/section-settings.stories.tsx[2m > [22m[2mGamification Settings
[22m[39m[SectionContext] Section observeQuery update: 0
[90mstdout[2m | src/stories/section-settings.stories.tsx[2m > [22m[2mGamification Settings
[22m[39m[FilesContext] File observeQuery update: 6 files
[90mstdout[2m | src/stories/section-settings.stories.tsx[2m > [22m[2mGamification Settings
[22m[39m[ChatContext] AssistantChat initialized with 1 chats
[90mstdout[2m | src/stories/section-settings.stories.tsx[2m > [22m[2mGamification Settings
[22m[39m[ChatContext] Setting initial chat: mock-assistant-chat-1
[90mstdout[2m | src/stories/section-settings.stories.tsx[2m > [22m[2mGamification Settings
[22m[39m[MOCK CourseVectorStore] Initialized with mock data
[90mstdout[2m | src/stories/section-settings.stories.tsx[2m > [22m[2mGamification Settings
[22m[39m[FilesContext] Vector store population triggered {
  "currentVectorStoreSize": 3,
  "documentsCount": 0,
  "filesCount": 6,
  "isInitialLoad": true,
}
[90mstdout[2m | src/stories/section-settings.stories.tsx[2m > [22m[2mGamification Settings
[22m[39m[FilesContext] Vector store population complete - 3 total embeddings
[90mstdout[2m | src/stories/section-settings.stories.tsx[2m > [22m[2mGamification Settings
[22m[39m[ChatContext] Chat exists and not archived, skipping creation
[90mstdout[2m | src/stories/section-settings.stories.tsx[2m > [22m[2mGamification Settings
[22m[39m[Mock Storage] downloadData called with: undefined
 [32m✓[39m [30m[45m storybook (chromium) [49m[39m src/stories/section-settings.stories.tsx [2m([22m[2m2 tests[22m[2m)[22m[33m 811[2mms[22m[39m
   [33m[2m✓[22m[39m Gamification Settings [33m 685[2mms[22m[39m
[90mstdout[2m | unknown test
[22m[39m[MOCK vectorStoreDB.js] Module loaded - mock IndexedDB operations
[90mstdout[2m | unknown test
[22m[39m[Task Completion] DOM action listeners initialized
[90mstdout[2m | unknown test
[22m[39m[Task Completion] Auto-completion detector initialized
[90mstdout[2m | unknown test
[22m[39m[Preview] Task completion detector initialized
[90mstdout[2m | src/components/PracticeDrill/JoinPracticeDialog.stories.tsx[2m > [22m[2mOpen
[22m[39m[MOCK CourseVectorStore] Initialized with mock data
[90mstdout[2m | src/components/PracticeDrill/JoinPracticeDialog.stories.tsx[2m > [22m[2mOpen
[22m[39m[TranslationModeController] Setting mode to: off
[90mstdout[2m | src/components/PracticeDrill/JoinPracticeDialog.stories.tsx[2m > [22m[2mOpen
[22m[39m[UnitContext] useEffect triggered {
  "authLoading": false,
  "hasUser": true,
  "id": "mock-unit-id",
  "userSub": "mock-user-sub",
}
[90mstdout[2m | src/components/PracticeDrill/JoinPracticeDialog.stories.tsx[2m > [22m[2mOpen
[22m[39m[UnitContext] Fetching unit data for id: mock-unit-id
[90mstdout[2m | src/components/PracticeDrill/JoinPracticeDialog.stories.tsx[2m > [22m[2mOpen
[22m[39m[FilesContext] Initializing vector store from IndexedDB
[90mstdout[2m | src/components/PracticeDrill/JoinPracticeDialog.stories.tsx[2m > [22m[2mOpen
[22m[39m[FilesContext] fetchFiles called
[90mstdout[2m | src/components/PracticeDrill/JoinPracticeDialog.stories.tsx[2m > [22m[2mOpen
[22m[39m[FilesContext] User authenticated: mock-user-sub
[90mstdout[2m | src/components/PracticeDrill/JoinPracticeDialog.stories.tsx[2m > [22m[2mOpen
[22m[39m[FilesContext] Identity ID: us-east-1:mock-identity-123
[90mstdout[2m | src/components/PracticeDrill/JoinPracticeDialog.stories.tsx[2m > [22m[2mOpen
[22m[39m[FilesContext] About to set up File observeQuery
[90mstdout[2m | src/components/PracticeDrill/JoinPracticeDialog.stories.tsx[2m > [22m[2mOpen
[22m[39m[ChatContext] Setting up AssistantChat observeQuery
[90mstdout[2m | src/components/PracticeDrill/JoinPracticeDialog.stories.tsx[2m > [22m[2mOpen
[22m[39m[ChatContext] Waiting for subscription to initialize
[90mstdout[2m | src/components/PracticeDrill/JoinPracticeDialog.stories.tsx[2m > [22m[2mOpen
[22m[39m[SettingsContext] Setting up Settings subscription for user: mock-user-sub
[90mstdout[2m | src/components/PracticeDrill/JoinPracticeDialog.stories.tsx[2m > [22m[2mOpen
[22m[39m[Mock Data] Settings created: mock-settings-1790418875024 - notified 0 subscribers
[90mstdout[2m | src/components/PracticeDrill/JoinPracticeDialog.stories.tsx[2m > [22m[2mOpen
[22m[39m[Mock Data] Unit.onUpdate() subscription added. Total: 1
[90mstdout[2m | src/components/PracticeDrill/JoinPracticeDialog.stories.tsx[2m > [22m[2mOpen
[22m[39m[SectionContext] Section observeQuery update: 0
[90mstdout[2m | src/components/PracticeDrill/JoinPracticeDialog.stories.tsx[2m > [22m[2mOpen
[22m[39m[FilesContext] File observeQuery update: 6 files
[90mstdout[2m | src/components/PracticeDrill/JoinPracticeDialog.stories.tsx[2m > [22m[2mOpen
[22m[39m[ChatContext] AssistantChat initialized with 1 chats
[90mstdout[2m | src/components/PracticeDrill/JoinPracticeDialog.stories.tsx[2m > [22m[2mOpen
[22m[39m[ChatContext] Setting initial chat: mock-assistant-chat-1
[90mstdout[2m | src/components/PracticeDrill/JoinPracticeDialog.stories.tsx[2m > [22m[2mOpen
[22m[39m[MOCK CourseVectorStore] Initialized with mock data
[90mstdout[2m | src/components/PracticeDrill/JoinPracticeDialog.stories.tsx[2m > [22m[2mOpen
[22m[39m[FilesContext] Vector store population triggered {
  "currentVectorStoreSize": 3,
  "documentsCount": 0,
  "filesCount": 6,
  "isInitialLoad": true,
}
[90mstdout[2m | src/components/PracticeDrill/JoinPracticeDialog.stories.tsx[2m > [22m[2mOpen
[22m[39m[FilesContext] Vector store population complete - 3 total embeddings
[90mstdout[2m | src/components/PracticeDrill/JoinPracticeDialog.stories.tsx[2m > [22m[2mOpen
[22m[39m[ChatContext] Chat exists and not archived, skipping creation
[90mstdout[2m | src/components/PracticeDrill/JoinPracticeDialog.stories.tsx[2m > [22m[2mOpen
[22m[39m[Mock Storage] downloadData called with: undefined
[90mstdout[2m | src/components/PracticeDrill/JoinPracticeDialog.stories.tsx[2m > [22m[2mClosed
[22m[39m[ChatContext] Cleaning up subscriptions
[90mstdout[2m | src/components/PracticeDrill/JoinPracticeDialog.stories.tsx[2m > [22m[2mClosed
[22m[39m[Mock Data] Unit.onUpdate() subscription removed. Remaining: 0
[90mstdout[2m | src/components/PracticeDrill/JoinPracticeDialog.stories.tsx[2m > [22m[2mClosed
[22m[39m[MOCK CourseVectorStore] Initialized with mock data
[90mstdout[2m | src/components/PracticeDrill/JoinPracticeDialog.stories.tsx[2m > [22m[2mClosed
[22m[39m[TranslationModeController] Setting mode to: off
[90mstdout[2m | src/components/PracticeDrill/JoinPracticeDialog.stories.tsx[2m > [22m[2mClosed
[22m[39m[UnitContext] useEffect triggered {
  "authLoading": false,
  "hasUser": true,
  "id": "mock-unit-id",
  "userSub": "mock-user-sub",
}
[90mstdout[2m | src/components/PracticeDrill/JoinPracticeDialog.stories.tsx[2m > [22m[2mClosed
[22m[39m[UnitContext] Fetching unit data for id: mock-unit-id
[90mstdout[2m | src/components/PracticeDrill/JoinPracticeDialog.stories.tsx[2m > [22m[2mClosed
[22m[39m[FilesContext] Initializing vector store from IndexedDB
[90mstdout[2m | src/components/PracticeDrill/JoinPracticeDialog.stories.tsx[2m > [22m[2mClosed
[22m[39m[FilesContext] fetchFiles called
[90mstdout[2m | src/components/PracticeDrill/JoinPracticeDialog.stories.tsx[2m > [22m[2mClosed
[22m[39m[FilesContext] User authenticated: mock-user-sub
[90mstdout[2m | src/components/PracticeDrill/JoinPracticeDialog.stories.tsx[2m > [22m[2mClosed
[22m[39m[FilesContext] Identity ID: us-east-1:mock-identity-123
[90mstdout[2m | src/components/PracticeDrill/JoinPracticeDialog.stories.tsx[2m > [22m[2mClosed
[22m[39m[FilesContext] About to set up File observeQuery
[90mstdout[2m | src/components/PracticeDrill/JoinPracticeDialog.stories.tsx[2m > [22m[2mClosed
[22m[39m[ChatContext] Setting up AssistantChat observeQuery
[90mstdout[2m | src/components/PracticeDrill/JoinPracticeDialog.stories.tsx[2m > [22m[2mClosed
[22m[39m[ChatContext] Waiting for subscription to initialize
[90mstdout[2m | src/components/PracticeDrill/JoinPracticeDialog.stories.tsx[2m > [22m[2mClosed
[22m[39m[SettingsContext] Setting up Settings subscription for user: mock-user-sub
[90mstdout[2m | src/components/PracticeDrill/JoinPracticeDialog.stories.tsx[2m > [22m[2mClosed
[22m[39m[Mock Data] Settings created: mock-settings-1790418875400 - notified 0 subscribers
[90mstdout[2m | src/components/PracticeDrill/JoinPracticeDialog.stories.tsx[2m > [22m[2mClosed
[22m[39m[Mock Data] Unit.onUpdate() subscription added. Total: 1
[90mstdout[2m | src/components/PracticeDrill/JoinPracticeDialog.stories.tsx[2m > [22m[2mClosed
[22m[39m[SectionContext] Section observeQuery update: 0
[90mstdout[2m | src/components/PracticeDrill/JoinPracticeDialog.stories.tsx[2m > [22m[2mClosed
[22m[39m[FilesContext] File observeQuery update: 6 files
[90mstdout[2m | src/components/PracticeDrill/JoinPracticeDialog.stories.tsx[2m > [22m[2mClosed
[22m[39m[ChatContext] AssistantChat initialized with 1 chats
[90mstdout[2m | src/components/PracticeDrill/JoinPracticeDialog.stories.tsx[2m > [22m[2mClosed
[22m[39m[ChatContext] Setting initial chat: mock-assistant-chat-1
[90mstdout[2m | src/components/PracticeDrill/JoinPracticeDialog.stories.tsx[2m > [22m[2mClosed
[22m[39m[Mock Storage] downloadData called with: undefined
[90mstdout[2m | src/components/PracticeDrill/JoinPracticeDialog.stories.tsx[2m > [22m[2mClosed
[22m[39m[MOCK CourseVectorStore] Initialized with mock data
[90mstdout[2m | src/components/PracticeDrill/JoinPracticeDialog.stories.tsx[2m > [22m[2mClosed
[22m[39m[FilesContext] Vector store population triggered {
  "currentVectorStoreSize": 3,
  "documentsCount": 0,
  "filesCount": 6,
  "isInitialLoad": true,
}
[90mstdout[2m | src/components/PracticeDrill/JoinPracticeDialog.stories.tsx[2m > [22m[2mClosed
[22m[39m[FilesContext] Vector store population complete - 3 total embeddings
[90mstdout[2m | src/components/PracticeDrill/JoinPracticeDialog.stories.tsx[2m > [22m[2mClosed
[22m[39m[ChatContext] Chat exists and not archived, skipping creation
 [32m✓[39m [30m[45m storybook (chromium) [49m[39m src/components/PracticeDrill/JoinPracticeDialog.stories.tsx [2m([22m[2m2 tests[22m[2m)[22m[33m 524[2mms[22m[39m
   [33m[2m✓[22m[39m Open [33m 430[2mms[22m[39m
[90mstdout[2m | unknown test
[22m[39m[MOCK vectorStoreDB.js] Module loaded - mock IndexedDB operations
[90mstdout[2m | unknown test
[22m[39m[Task Completion] DOM action listeners initialized
[90mstdout[2m | unknown test
[22m[39m[Task Completion] Auto-completion detector initialized
[90mstdout[2m | unknown test
[22m[39m[Preview] Task completion detector initialized
[90mstdout[2m | src/components/Editor3/plugins/AIContentCompletionPlugin.stories.jsx[2m > [22m[2mEmpty Editor
[22m[39m[Preview] Skipped initializing default mock data (initializeMockData=false)
[90mstdout[2m | src/components/Editor3/plugins/AIContentCompletionPlugin.stories.jsx[2m > [22m[2mEmpty Editor
[22m[39m[Mock Data] seedMockUnit: Adding unit ai-completion-story-unit
[90mstdout[2m | src/components/Editor3/plugins/AIContentCompletionPlugin.stories.jsx[2m > [22m[2mEmpty Editor
[22m[39m[MOCK CourseVectorStore] Initialized with mock data
[90mstdout[2m | src/components/Editor3/plugins/AIContentCompletionPlugin.stories.jsx[2m > [22m[2mEmpty Editor
[22m[39m[TranslationModeController] Setting mode to: off
[90mstdout[2m | src/components/Editor3/plugins/AIContentCompletionPlugin.stories.jsx[2m > [22m[2mEmpty Editor
[22m[39m[UnitContext] useEffect triggered {
  "authLoading": false,
  "hasUser": true,
  "id": "ai-completion-story-unit",
  "userSub": "mock-user-sub",
}
[90mstdout[2m | src/components/Editor3/plugins/AIContentCompletionPlugin.stories.jsx[2m > [22m[2mEmpty Editor
[22m[39m[UnitContext] Fetching unit data for id: ai-completion-story-unit
[90mstdout[2m | src/components/Editor3/plugins/AIContentCompletionPlugin.stories.jsx[2m > [22m[2mEmpty Editor
[22m[39m[FilesContext] Initializing vector store from IndexedDB
[90mstdout[2m | src/components/Editor3/plugins/AIContentCompletionPlugin.stories.jsx[2m > [22m[2mEmpty Editor
[22m[39m[FilesContext] fetchFiles called
[90mstdout[2m | src/components/Editor3/plugins/AIContentCompletionPlugin.stories.jsx[2m > [22m[2mEmpty Editor
[22m[39m[FilesContext] User authenticated: mock-user-sub
[90mstdout[2m | src/components/Editor3/plugins/AIContentCompletionPlugin.stories.jsx[2m > [22m[2mEmpty Editor
[22m[39m[FilesContext] Identity ID: us-east-1:mock-identity-123
[90mstdout[2m | src/components/Editor3/plugins/AIContentCompletionPlugin.stories.jsx[2m > [22m[2mEmpty Editor
[22m[39m[FilesContext] About to set up File observeQuery
[90mstdout[2m | src/components/Editor3/plugins/AIContentCompletionPlugin.stories.jsx[2m > [22m[2mEmpty Editor
[22m[39m[ChatContext] Setting up AssistantChat observeQuery
[90mstdout[2m | src/components/Editor3/plugins/AIContentCompletionPlugin.stories.jsx[2m > [22m[2mEmpty Editor
[22m[39m[ChatContext] Waiting for subscription to initialize
[90mstdout[2m | src/components/Editor3/plugins/AIContentCompletionPlugin.stories.jsx[2m > [22m[2mEmpty Editor
[22m[39m[SettingsContext] Setting up Settings subscription for user: mock-user-sub
[90mstdout[2m | src/components/Editor3/plugins/AIContentCompletionPlugin.stories.jsx[2m > [22m[2mEmpty Editor
[22m[39m[Mock Data] Settings created: mock-settings-1790418876009 - notified 0 subscribers
[90mstdout[2m | src/components/Editor3/plugins/AIContentCompletionPlugin.stories.jsx[2m > [22m[2mEmpty Editor
[22m[39m[Mock Data] Unit.onUpdate() subscription added. Total: 1
[90mstdout[2m | src/components/Editor3/plugins/AIContentCompletionPlugin.stories.jsx[2m > [22m[2mEmpty Editor
[22m[39m[SectionContext] Section observeQuery update: 0
[90mstdout[2m | src/components/Editor3/plugins/AIContentCompletionPlugin.stories.jsx[2m > [22m[2mEmpty Editor
[22m[39m[FilesContext] File observeQuery update: 0 files
[90mstdout[2m | src/components/Editor3/plugins/AIContentCompletionPlugin.stories.jsx[2m > [22m[2mEmpty Editor
[22m[39m[ChatContext] AssistantChat initialized with 0 chats
[90mstdout[2m | src/components/Editor3/plugins/AIContentCompletionPlugin.stories.jsx[2m > [22m[2mEmpty Editor
[22m[39m[MOCK CourseVectorStore] Initialized with mock data
[90mstdout[2m | src/components/Editor3/plugins/AIContentCompletionPlugin.stories.jsx[2m > [22m[2mEmpty Editor
[22m[39m[ChatContext] No current chat available, will create one
[90mstdout[2m | src/components/Editor3/plugins/AIContentCompletionPlugin.stories.jsx[2m > [22m[2mEmpty Editor
[22m[39m[ChatContext] Creating AssistantChat with user: undefined
[90mstdout[2m | src/components/Editor3/plugins/AIContentCompletionPlugin.stories.jsx[2m > [22m[2mEmpty Editor
[22m[39m[Mock Data] AssistantChat created: mock-assistantchat-1790418876025 - notified 1 subscribers
[90mstdout[2m | src/components/Editor3/plugins/AIContentCompletionPlugin.stories.jsx[2m > [22m[2mEmpty Editor
[22m[39m[ChatContext] Create result: {
  "data": {
    "_version": 1,
    "archived": false,
    "chatFiles": [Function anonymous],
    "createdAt": "2026-09-26T10:34:36.025Z",
    "id": "mock-assistantchat-1790418876025",
    "model": "gpt-4",
    "updatedAt": "2026-09-26T10:34:36.025Z",
  },
  "errors": [],
  "hasData": true,
  "hasErrors": true,
}
[90mstdout[2m | src/components/Editor3/plugins/AIContentCompletionPlugin.stories.jsx[2m > [22m[2mEmpty Editor
[22m[39m[ChatContext] Created AssistantChat: mock-assistantchat-1790418876025 at: 2026-09-26T10:34:36.025Z
[90mstdout[2m | src/components/Editor3/plugins/AIContentCompletionPlugin.stories.jsx[2m > [22m[2mEmpty Editor
[22m[39m[Mock Storage] downloadData called with: undefined
[90mstdout[2m | src/components/Editor3/plugins/AIContentCompletionPlugin.stories.jsx[2m > [22m[2mEmpty Editor
[22m[39m[ChatContext] Setting initial chat: mock-assistantchat-1790418876025
[90mstdout[2m | src/components/Editor3/plugins/AIContentCompletionPlugin.stories.jsx[2m > [22m[2mEmpty Editor
[22m[39m[ChatContext] Chat exists and not archived, skipping creation
[90mstdout[2m | src/components/Editor3/plugins/AIContentCompletionPlugin.stories.jsx[2m > [22m[2mPartial Explanation
[22m[39m[ChatContext] Cleaning up subscriptions
[90mstdout[2m | src/components/Editor3/plugins/AIContentCompletionPlugin.stories.jsx[2m > [22m[2mPartial Explanation
[22m[39m[Mock Data] Unit.onUpdate() subscription removed. Remaining: 0
[90mstdout[2m | src/components/Editor3/plugins/AIContentCompletionPlugin.stories.jsx[2m > [22m[2mPartial Explanation
[22m[39m[Preview] Skipped initializing default mock data (initializeMockData=false)
[90mstdout[2m | src/components/Editor3/plugins/AIContentCompletionPlugin.stories.jsx[2m > [22m[2mPartial Explanation
[22m[39m[Mock Data] seedMockUnit: Adding unit ai-completion-story-unit
[90mstdout[2m | src/components/Editor3/plugins/AIContentCompletionPlugin.stories.jsx[2m > [22m[2mPartial Explanation
[22m[39m[MOCK CourseVectorStore] Initialized with mock data
[90mstdout[2m | src/components/Editor3/plugins/AIContentCompletionPlugin.stories.jsx[2m > [22m[2mPartial Explanation
[22m[39m[TranslationModeController] Setting mode to: off
[90mstdout[2m | src/components/Editor3/plugins/AIContentCompletionPlugin.stories.jsx[2m > [22m[2mPartial Explanation
[22m[39m[UnitContext] useEffect triggered {
  "authLoading": false,
  "hasUser": true,
  "id": "ai-completion-story-unit",
  "userSub": "mock-user-sub",
}
[90mstdout[2m | src/components/Editor3/plugins/AIContentCompletionPlugin.stories.jsx[2m > [22m[2mPartial Explanation
[22m[39m[UnitContext] Fetching unit data for id: ai-completion-story-unit
[90mstdout[2m | src/components/Editor3/plugins/AIContentCompletionPlugin.stories.jsx[2m > [22m[2mPartial Explanation
[22m[39m[FilesContext] Initializing vector store from IndexedDB
[90mstdout[2m | src/components/Editor3/plugins/AIContentCompletionPlugin.stories.jsx[2m > [22m[2mPartial Explanation
[22m[39m[FilesContext] fetchFiles called
[90mstdout[2m | src/components/Editor3/plugins/AIContentCompletionPlugin.stories.jsx[2m > [22m[2mPartial Explanation
[22m[39m[FilesContext] User authenticated: mock-user-sub
[90mstdout[2m | src/components/Editor3/plugins/AIContentCompletionPlugin.stories.jsx[2m > [22m[2mPartial Explanation
[22m[39m[FilesContext] Identity ID: us-east-1:mock-identity-123
[90mstdout[2m | src/components/Editor3/plugins/AIContentCompletionPlugin.stories.jsx[2m > [22m[2mPartial Explanation
[22m[39m[FilesContext] About to set up File observeQuery
[90mstdout[2m | src/components/Editor3/plugins/AIContentCompletionPlugin.stories.jsx[2m > [22m[2mPartial Explanation
[22m[39m[ChatContext] Setting up AssistantChat observeQuery
[90mstdout[2m | src/components/Editor3/plugins/AIContentCompletionPlugin.stories.jsx[2m > [22m[2mPartial Explanation
[22m[39m[ChatContext] Waiting for subscription to initialize
[90mstdout[2m | src/components/Editor3/plugins/AIContentCompletionPlugin.stories.jsx[2m > [22m[2mPartial Explanation
[22m[39m[SettingsContext] Setting up Settings subscription for user: mock-user-sub
[90mstdout[2m | src/components/Editor3/plugins/AIContentCompletionPlugin.stories.jsx[2m > [22m[2mPartial Explanation
[22m[39m[Mock Data] Settings created: mock-settings-1790418876171 - notified 0 subscribers
[90mstdout[2m | src/components/Editor3/plugins/AIContentCompletionPlugin.stories.jsx[2m > [22m[2mPartial Explanation
[22m[39m[Mock Data] Unit.onUpdate() subscription added. Total: 1
[90mstdout[2m | src/components/Editor3/plugins/AIContentCompletionPlugin.stories.jsx[2m > [22m[2mPartial Explanation
[22m[39m[SectionContext] Section observeQuery update: 0
[90mstdout[2m | src/components/Editor3/plugins/AIContentCompletionPlugin.stories.jsx[2m > [22m[2mPartial Explanation
[22m[39m[Mock Storage] downloadData called with: undefined
[90mstdout[2m | src/components/Editor3/plugins/AIContentCompletionPlugin.stories.jsx[2m > [22m[2mPartial Explanation
[22m[39m[FilesContext] File observeQuery update: 0 files
[90mstdout[2m | src/components/Editor3/plugins/AIContentCompletionPlugin.stories.jsx[2m > [22m[2mPartial Explanation
[22m[39m[ChatContext] AssistantChat initialized with 0 chats
[90mstdout[2m | src/components/Editor3/plugins/AIContentCompletionPlugin.stories.jsx[2m > [22m[2mPartial Explanation
[22m[39m[MOCK CourseVectorStore] Initialized with mock data
[90mstdout[2m | src/components/Editor3/plugins/AIContentCompletionPlugin.stories.jsx[2m > [22m[2mPartial Explanation
[22m[39m[ChatContext] No current chat available, will create one
[90mstdout[2m | src/components/Editor3/plugins/AIContentCompletionPlugin.stories.jsx[2m > [22m[2mPartial Explanation
[22m[39m[ChatContext] Creating AssistantChat with user: undefined
[90mstdout[2m | src/components/Editor3/plugins/AIContentCompletionPlugin.stories.jsx[2m > [22m[2mPartial Explanation
[22m[39m[Mock Data] AssistantChat created: mock-assistantchat-1790418876181 - notified 1 subscribers
[90mstdout[2m | src/components/Editor3/plugins/AIContentCompletionPlugin.stories.jsx[2m > [22m[2mPartial Explanation
[22m[39m[ChatContext] Create result: {
  "data": {
    "_version": 1,
    "archived": false,
    "chatFiles": [Function anonymous],
    "createdAt": "2026-09-26T10:34:36.181Z",
    "id": "mock-assistantchat-1790418876181",
    "model": "gpt-4",
    "updatedAt": "2026-09-26T10:34:36.181Z",
  },
  "errors": [],
  "hasData": true,
  "hasErrors": true,
}
[90mstdout[2m | src/components/Editor3/plugins/AIContentCompletionPlugin.stories.jsx[2m > [22m[2mPartial Explanation
[22m[39m[ChatContext] Created AssistantChat: mock-assistantchat-1790418876181 at: 2026-09-26T10:34:36.181Z
[90mstdout[2m | src/components/Editor3/plugins/AIContentCompletionPlugin.stories.jsx[2m > [22m[2mPartial Explanation
[22m[39m[ChatContext] Setting initial chat: mock-assistantchat-1790418876181
[90mstdout[2m | src/components/Editor3/plugins/AIContentCompletionPlugin.stories.jsx[2m > [22m[2mPartial Explanation
[22m[39m[ChatContext] Chat exists and not archived, skipping creation
[90mstdout[2m | src/components/Editor3/plugins/AIContentCompletionPlugin.stories.jsx[2m > [22m[2mMid Lesson
[22m[39m[ChatContext] Cleaning up subscriptions
[90mstdout[2m | src/components/Editor3/plugins/AIContentCompletionPlugin.stories.jsx[2m > [22m[2mMid Lesson
[22m[39m[Mock Data] Unit.onUpdate() subscription removed. Remaining: 0
[90mstdout[2m | src/components/Editor3/plugins/AIContentCompletionPlugin.stories.jsx[2m > [22m[2mMid Lesson
[22m[39m[Preview] Skipped initializing default mock data (initializeMockData=false)
[90mstdout[2m | src/components/Editor3/plugins/AIContentCompletionPlugin.stories.jsx[2m > [22m[2mMid Lesson
[22m[39m[Mock Data] seedMockUnit: Adding unit ai-completion-story-unit
[90mstdout[2m | src/components/Editor3/plugins/AIContentCompletionPlugin.stories.jsx[2m > [22m[2mMid Lesson
[22m[39m[MOCK CourseVectorStore] Initialized with mock data
[90mstdout[2m | src/components/Editor3/plugins/AIContentCompletionPlugin.stories.jsx[2m > [22m[2mMid Lesson
[22m[39m[TranslationModeController] Setting mode to: off
[90mstdout[2m | src/components/Editor3/plugins/AIContentCompletionPlugin.stories.jsx[2m > [22m[2mMid Lesson
[22m[39m[UnitContext] useEffect triggered {
  "authLoading": false,
  "hasUser": true,
  "id": "ai-completion-story-unit",
  "userSub": "mock-user-sub",
}
[90mstdout[2m | src/components/Editor3/plugins/AIContentCompletionPlugin.stories.jsx[2m > [22m[2mMid Lesson
[22m[39m[UnitContext] Fetching unit data for id: ai-completion-story-unit
[90mstdout[2m | src/components/Editor3/plugins/AIContentCompletionPlugin.stories.jsx[2m > [22m[2mMid Lesson
[22m[39m[FilesContext] Initializing vector store from IndexedDB
[90mstdout[2m | src/components/Editor3/plugins/AIContentCompletionPlugin.stories.jsx[2m > [22m[2mMid Lesson
[22m[39m[FilesContext] fetchFiles called
[90mstdout[2m | src/components/Editor3/plugins/AIContentCompletionPlugin.stories.jsx[2m > [22m[2mMid Lesson
[22m[39m[FilesContext] User authenticated: mock-user-sub
[90mstdout[2m | src/components/Editor3/plugins/AIContentCompletionPlugin.stories.jsx[2m > [22m[2mMid Lesson
[22m[39m[FilesContext] Identity ID: us-east-1:mock-identity-123
[90mstdout[2m | src/components/Editor3/plugins/AIContentCompletionPlugin.stories.jsx[2m > [22m[2mMid Lesson
[22m[39m[FilesContext] About to set up File observeQuery
[90mstdout[2m | src/components/Editor3/plugins/AIContentCompletionPlugin.stories.jsx[2m > [22m[2mMid Lesson
[22m[39m[ChatContext] Setting up AssistantChat observeQuery
[90mstdout[2m | src/components/Editor3/plugins/AIContentCompletionPlugin.stories.jsx[2m > [22m[2mMid Lesson
[22m[39m[ChatContext] Waiting for subscription to initialize
[90mstdout[2m | src/components/Editor3/plugins/AIContentCompletionPlugin.stories.jsx[2m > [22m[2mMid Lesson
[22m[39m[SettingsContext] Setting up Settings subscription for user: mock-user-sub
[90mstdout[2m | src/components/Editor3/plugins/AIContentCompletionPlugin.stories.jsx[2m > [22m[2mMid Lesson
[22m[39m[Mock Data] Settings created: mock-settings-1790418876296 - notified 0 subscribers
[90mstdout[2m | src/components/Editor3/plugins/AIContentCompletionPlugin.stories.jsx[2m > [22m[2mMid Lesson
[22m[39m[Mock Data] Unit.onUpdate() subscription added. Total: 1
[90mstdout[2m | src/components/Editor3/plugins/AIContentCompletionPlugin.stories.jsx[2m > [22m[2mMid Lesson
[22m[39m[SectionContext] Section observeQuery update: 0
[90mstdout[2m | src/components/Editor3/plugins/AIContentCompletionPlugin.stories.jsx[2m > [22m[2mMid Lesson
[22m[39m[FilesContext] File observeQuery update: 0 files
[90mstdout[2m | src/components/Editor3/plugins/AIContentCompletionPlugin.stories.jsx[2m > [22m[2mMid Lesson
[22m[39m[ChatContext] AssistantChat initialized with 0 chats
[90mstdout[2m | src/components/Editor3/plugins/AIContentCompletionPlugin.stories.jsx[2m > [22m[2mMid Lesson
[22m[39m[Mock Storage] downloadData called with: undefined
[90mstdout[2m | src/components/Editor3/plugins/AIContentCompletionPlugin.stories.jsx[2m > [22m[2mMid Lesson
[22m[39m[MOCK CourseVectorStore] Initialized with mock data
[90mstdout[2m | src/components/Editor3/plugins/AIContentCompletionPlugin.stories.jsx[2m > [22m[2mMid Lesson
[22m[39m[ChatContext] No current chat available, will create one
[90mstdout[2m | src/components/Editor3/plugins/AIContentCompletionPlugin.stories.jsx[2m > [22m[2mMid Lesson
[22m[39m[ChatContext] Creating AssistantChat with user: undefined
[90mstdout[2m | src/components/Editor3/plugins/AIContentCompletionPlugin.stories.jsx[2m > [22m[2mMid Lesson
[22m[39m[Mock Data] AssistantChat created: mock-assistantchat-1790418876310 - notified 1 subscribers
[90mstdout[2m | src/components/Editor3/plugins/AIContentCompletionPlugin.stories.jsx[2m > [22m[2mMid Lesson
[22m[39m[ChatContext] Create result: {
  "data": {
    "_version": 1,
    "archived": false,
    "chatFiles": [Function anonymous],
    "createdAt": "2026-09-26T10:34:36.310Z",
    "id": "mock-assistantchat-1790418876310",
    "model": "gpt-4",
    "updatedAt": "2026-09-26T10:34:36.310Z",
  },
  "errors": [],
  "hasData": true,
  "hasErrors": true,
}
[90mstdout[2m | src/components/Editor3/plugins/AIContentCompletionPlugin.stories.jsx[2m > [22m[2mMid Lesson
[22m[39m[ChatContext] Created AssistantChat: mock-assistantchat-1790418876310 at: 2026-09-26T10:34:36.310Z
[90mstdout[2m | src/components/Editor3/plugins/AIContentCompletionPlugin.stories.jsx[2m > [22m[2mMid Lesson
[22m[39m[ChatContext] Setting initial chat: mock-assistantchat-1790418876310
[90mstdout[2m | src/components/Editor3/plugins/AIContentCompletionPlugin.stories.jsx[2m > [22m[2mMid Lesson
[22m[39m[ChatContext] Chat exists and not archived, skipping creation
[90mstdout[2m | src/components/Editor3/plugins/AIContentCompletionPlugin.stories.jsx[2m > [22m[2mStreaming Demo
[22m[39m[ChatContext] Cleaning up subscriptions
[90mstdout[2m | src/components/Editor3/plugins/AIContentCompletionPlugin.stories.jsx[2m > [22m[2mStreaming Demo
[22m[39m[Mock Data] Unit.onUpdate() subscription removed. Remaining: 0
[90mstdout[2m | src/components/Editor3/plugins/AIContentCompletionPlugin.stories.jsx[2m > [22m[2mStreaming Demo
[22m[39m[Preview] Skipped initializing default mock data (initializeMockData=false)
[90mstdout[2m | src/components/Editor3/plugins/AIContentCompletionPlugin.stories.jsx[2m > [22m[2mStreaming Demo
[22m[39m[Mock Data] seedMockUnit: Adding unit ai-completion-story-unit
[90mstdout[2m | src/components/Editor3/plugins/AIContentCompletionPlugin.stories.jsx[2m > [22m[2mStreaming Demo
[22m[39m[MOCK CourseVectorStore] Initialized with mock data
[90mstdout[2m | src/components/Editor3/plugins/AIContentCompletionPlugin.stories.jsx[2m > [22m[2mStreaming Demo
[22m[39m[TranslationModeController] Setting mode to: off
[90mstdout[2m | src/components/Editor3/plugins/AIContentCompletionPlugin.stories.jsx[2m > [22m[2mStreaming Demo
[22m[39m[UnitContext] useEffect triggered {
  "authLoading": false,
  "hasUser": true,
  "id": "ai-completion-story-unit",
  "userSub": "mock-user-sub",
}
[90mstdout[2m | src/components/Editor3/plugins/AIContentCompletionPlugin.stories.jsx[2m > [22m[2mStreaming Demo
[22m[39m[UnitContext] Fetching unit data for id: ai-completion-story-unit
[90mstdout[2m | src/components/Editor3/plugins/AIContentCompletionPlugin.stories.jsx[2m > [22m[2mStreaming Demo
[22m[39m[FilesContext] Initializing vector store from IndexedDB
[90mstdout[2m | src/components/Editor3/plugins/AIContentCompletionPlugin.stories.jsx[2m > [22m[2mStreaming Demo
[22m[39m[FilesContext] fetchFiles called
[90mstdout[2m | src/components/Editor3/plugins/AIContentCompletionPlugin.stories.jsx[2m > [22m[2mStreaming Demo
[22m[39m[FilesContext] User authenticated: mock-user-sub
[90mstdout[2m | src/components/Editor3/plugins/AIContentCompletionPlugin.stories.jsx[2m > [22m[2mStreaming Demo
[22m[39m[FilesContext] Identity ID: us-east-1:mock-identity-123
[90mstdout[2m | src/components/Editor3/plugins/AIContentCompletionPlugin.stories.jsx[2m > [22m[2mStreaming Demo
[22m[39m[FilesContext] About to set up File observeQuery
[90mstdout[2m | src/components/Editor3/plugins/AIContentCompletionPlugin.stories.jsx[2m > [22m[2mStreaming Demo
[22m[39m[ChatContext] Setting up AssistantChat observeQuery
[90mstdout[2m | src/components/Editor3/plugins/AIContentCompletionPlugin.stories.jsx[2m > [22m[2mStreaming Demo
[22m[39m[ChatContext] Waiting for subscription to initialize
[90mstdout[2m | src/components/Editor3/plugins/AIContentCompletionPlugin.stories.jsx[2m > [22m[2mStreaming Demo
[22m[39m[SettingsContext] Setting up Settings subscription for user: mock-user-sub
[90mstdout[2m | src/components/Editor3/plugins/AIContentCompletionPlugin.stories.jsx[2m > [22m[2mStreaming Demo
[22m[39m[Mock Data] Settings created: mock-settings-1790418876420 - notified 0 subscribers
[90mstdout[2m | src/components/Editor3/plugins/AIContentCompletionPlugin.stories.jsx[2m > [22m[2mStreaming Demo
[22m[39m[Mock Data] Unit.onUpdate() subscription added. Total: 1
[90mstdout[2m | src/components/Editor3/plugins/AIContentCompletionPlugin.stories.jsx[2m > [22m[2mStreaming Demo
[22m[39m[SectionContext] Section observeQuery update: 0
[90mstdout[2m | src/components/Editor3/plugins/AIContentCompletionPlugin.stories.jsx[2m > [22m[2mStreaming Demo
[22m[39m[FilesContext] File observeQuery update: 0 files
[90mstdout[2m | src/components/Editor3/plugins/AIContentCompletionPlugin.stories.jsx[2m > [22m[2mStreaming Demo
[22m[39m[ChatContext] AssistantChat initialized with 0 chats
[90mstdout[2m | src/components/Editor3/plugins/AIContentCompletionPlugin.stories.jsx[2m > [22m[2mStreaming Demo
[22m[39m[Mock Storage] downloadData called with: undefined
[90mstdout[2m | src/components/Editor3/plugins/AIContentCompletionPlugin.stories.jsx[2m > [22m[2mStreaming Demo
[22m[39m[MOCK CourseVectorStore] Initialized with mock data
[90mstdout[2m | src/components/Editor3/plugins/AIContentCompletionPlugin.stories.jsx[2m > [22m[2mStreaming Demo
[22m[39m[ChatContext] No current chat available, will create one
[90mstdout[2m | src/components/Editor3/plugins/AIContentCompletionPlugin.stories.jsx[2m > [22m[2mStreaming Demo
[22m[39m[ChatContext] Creating AssistantChat with user: undefined
[90mstdout[2m | src/components/Editor3/plugins/AIContentCompletionPlugin.stories.jsx[2m > [22m[2mStreaming Demo
[22m[39m[Mock Data] AssistantChat created: mock-assistantchat-1790418876432 - notified 1 subscribers
[90mstdout[2m | src/components/Editor3/plugins/AIContentCompletionPlugin.stories.jsx[2m > [22m[2mStreaming Demo
[22m[39m[ChatContext] Create result: {
  "data": {
    "_version": 1,
    "archived": false,
    "chatFiles": [Function anonymous],
    "createdAt": "2026-09-26T10:34:36.432Z",
    "id": "mock-assistantchat-1790418876432",
    "model": "gpt-4",
    "updatedAt": "2026-09-26T10:34:36.432Z",
  },
  "errors": [],
  "hasData": true,
  "hasErrors": true,
}
[90mstdout[2m | src/components/Editor3/plugins/AIContentCompletionPlugin.stories.jsx[2m > [22m[2mStreaming Demo
[22m[39m[ChatContext] Created AssistantChat: mock-assistantchat-1790418876432 at: 2026-09-26T10:34:36.432Z
[90mstdout[2m | src/components/Editor3/plugins/AIContentCompletionPlugin.stories.jsx[2m > [22m[2mStreaming Demo
[22m[39m[ChatContext] Setting initial chat: mock-assistantchat-1790418876432
[90mstdout[2m | src/components/Editor3/plugins/AIContentCompletionPlugin.stories.jsx[2m > [22m[2mStreaming Demo
[22m[39m[ChatContext] Chat exists and not archived, skipping creation
[90mstdout[2m | src/components/Editor3/plugins/AIContentCompletionPlugin.stories.jsx[2m > [22m[2mAI Unavailable
[22m[39m[ChatContext] Cleaning up subscriptions
[90mstdout[2m | src/components/Editor3/plugins/AIContentCompletionPlugin.stories.jsx[2m > [22m[2mAI Unavailable
[22m[39m[Mock Data] Unit.onUpdate() subscription removed. Remaining: 0
[90mstdout[2m | src/components/Editor3/plugins/AIContentCompletionPlugin.stories.jsx[2m > [22m[2mAI Unavailable
[22m[39m[Preview] Skipped initializing default mock data (initializeMockData=false)
[90mstdout[2m | src/components/Editor3/plugins/AIContentCompletionPlugin.stories.jsx[2m > [22m[2mAI Unavailable
[22m[39m[Mock Data] seedMockUnit: Adding unit ai-completion-story-unit
[90mstdout[2m | src/components/Editor3/plugins/AIContentCompletionPlugin.stories.jsx[2m > [22m[2mAI Unavailable
[22m[39m[MOCK CourseVectorStore] Initialized with mock data
[90mstdout[2m | src/components/Editor3/plugins/AIContentCompletionPlugin.stories.jsx[2m > [22m[2mAI Unavailable
[22m[39m[TranslationModeController] Setting mode to: off
[90mstdout[2m | src/components/Editor3/plugins/AIContentCompletionPlugin.stories.jsx[2m > [22m[2mAI Unavailable
[22m[39m[UnitContext] useEffect triggered {
  "authLoading": false,
  "hasUser": true,
  "id": "ai-completion-story-unit",
  "userSub": "mock-user-sub",
}
[90mstdout[2m | src/components/Editor3/plugins/AIContentCompletionPlugin.stories.jsx[2m > [22m[2mAI Unavailable
[22m[39m[UnitContext] Fetching unit data for id: ai-completion-story-unit
[90mstdout[2m | src/components/Editor3/plugins/AIContentCompletionPlugin.stories.jsx[2m > [22m[2mAI Unavailable
[22m[39m[FilesContext] Initializing vector store from IndexedDB
[90mstdout[2m | src/components/Editor3/plugins/AIContentCompletionPlugin.stories.jsx[2m > [22m[2mAI Unavailable
[22m[39m[FilesContext] fetchFiles called
[90mstdout[2m | src/components/Editor3/plugins/AIContentCompletionPlugin.stories.jsx[2m > [22m[2mAI Unavailable
[22m[39m[FilesContext] User authenticated: mock-user-sub
[90mstdout[2m | src/components/Editor3/plugins/AIContentCompletionPlugin.stories.jsx[2m > [22m[2mAI Unavailable
[22m[39m[FilesContext] Identity ID: us-east-1:mock-identity-123
[90mstdout[2m | src/components/Editor3/plugins/AIContentCompletionPlugin.stories.jsx[2m > [22m[2mAI Unavailable
[22m[39m[FilesContext] About to set up File observeQuery
[90mstdout[2m | src/components/Editor3/plugins/AIContentCompletionPlugin.stories.jsx[2m > [22m[2mAI Unavailable
[22m[39m[ChatContext] Setting up AssistantChat observeQuery
[90mstdout[2m | src/components/Editor3/plugins/AIContentCompletionPlugin.stories.jsx[2m > [22m[2mAI Unavailable
[22m[39m[ChatContext] Waiting for subscription to initialize
[90mstdout[2m | src/components/Editor3/plugins/AIContentCompletionPlugin.stories.jsx[2m > [22m[2mAI Unavailable
[22m[39m[SettingsContext] Setting up Settings subscription for user: mock-user-sub
[90mstdout[2m | src/components/Editor3/plugins/AIContentCompletionPlugin.stories.jsx[2m > [22m[2mAI Unavailable
[22m[39m[Mock Data] Settings created: mock-settings-1790418876535 - notified 0 subscribers
[90mstdout[2m | src/components/Editor3/plugins/AIContentCompletionPlugin.stories.jsx[2m > [22m[2mAI Unavailable
[22m[39m[Mock Data] Unit.onUpdate() subscription added. Total: 1
[90mstdout[2m | src/components/Editor3/plugins/AIContentCompletionPlugin.stories.jsx[2m > [22m[2mAI Unavailable
[22m[39m[SectionContext] Section observeQuery update: 0
[90mstdout[2m | src/components/Editor3/plugins/AIContentCompletionPlugin.stories.jsx[2m > [22m[2mAI Unavailable
[22m[39m[Mock Storage] downloadData called with: undefined
[90mstdout[2m | src/components/Editor3/plugins/AIContentCompletionPlugin.stories.jsx[2m > [22m[2mAI Unavailable
[22m[39m[FilesContext] File observeQuery update: 0 files
[90mstdout[2m | src/components/Editor3/plugins/AIContentCompletionPlugin.stories.jsx[2m > [22m[2mAI Unavailable
[22m[39m[ChatContext] AssistantChat initialized with 0 chats
[90mstdout[2m | src/components/Editor3/plugins/AIContentCompletionPlugin.stories.jsx[2m > [22m[2mAI Unavailable
[22m[39m[MOCK CourseVectorStore] Initialized with mock data
[90mstdout[2m | src/components/Editor3/plugins/AIContentCompletionPlugin.stories.jsx[2m > [22m[2mAI Unavailable
[22m[39m[ChatContext] No current chat available, will create one
[90mstdout[2m | src/components/Editor3/plugins/AIContentCompletionPlugin.stories.jsx[2m > [22m[2mAI Unavailable
[22m[39m[ChatContext] Creating AssistantChat with user: undefined
[90mstdout[2m | src/components/Editor3/plugins/AIContentCompletionPlugin.stories.jsx[2m > [22m[2mAI Unavailable
[22m[39m[Mock Data] AssistantChat created: mock-assistantchat-1790418876591 - notified 1 subscribers
[90mstdout[2m | src/components/Editor3/plugins/AIContentCompletionPlugin.stories.jsx[2m > [22m[2mAI Unavailable
[22m[39m[ChatContext] Create result: {
  "data": {
    "_version": 1,
    "archived": false,
    "chatFiles": [Function anonymous],
    "createdAt": "2026-09-26T10:34:36.591Z",
    "id": "mock-assistantchat-1790418876591",
    "model": "gpt-4",
    "updatedAt": "2026-09-26T10:34:36.591Z",
  },
  "errors": [],
  "hasData": true,
  "hasErrors": true,
}
[90mstdout[2m | src/components/Editor3/plugins/AIContentCompletionPlugin.stories.jsx[2m > [22m[2mAI Unavailable
[22m[39m[ChatContext] Created AssistantChat: mock-assistantchat-1790418876591 at: 2026-09-26T10:34:36.591Z
[90mstdout[2m | src/components/Editor3/plugins/AIContentCompletionPlugin.stories.jsx[2m > [22m[2mAI Unavailable
[22m[39m[ChatContext] Setting initial chat: mock-assistantchat-1790418876591
[90mstdout[2m | src/components/Editor3/plugins/AIContentCompletionPlugin.stories.jsx
[22m[39m[ChatContext] Chat exists and not archived, skipping creation
 [32m✓[39m [30m[45m storybook (chromium) [49m[39m src/components/Editor3/plugins/AIContentCompletionPlugin.stories.jsx [2m([22m[2m5 tests[22m[2m)[22m[33m 668[2mms[22m[39m
[90mstdout[2m | unknown test
[22m[39m[MOCK vectorStoreDB.js] Module loaded - mock IndexedDB operations
[90mstdout[2m | unknown test
[22m[39m[Task Completion] DOM action listeners initialized
[90mstdout[2m | unknown test
[22m[39m[Task Completion] Auto-completion detector initialized
[90mstdout[2m | unknown test
[22m[39m[Preview] Task completion detector initialized
[90mstdout[2m | src/components/Gamification/AvatarDisplay.stories.tsx[2m > [22m[2mDefault
[22m[39m[TranslationModeController] Setting mode to: off
[90mstdout[2m | src/components/Gamification/AvatarDisplay.stories.tsx[2m > [22m[2mWith Glow Ring
[22m[39m[TranslationModeController] Setting mode to: off
[90mstdout[2m | src/components/Gamification/AvatarDisplay.stories.tsx[2m > [22m[2mFire Border
[22m[39m[TranslationModeController] Setting mode to: off
[90mstdout[2m | src/components/Gamification/AvatarDisplay.stories.tsx[2m > [22m[2mIce Border
[22m[39m[TranslationModeController] Setting mode to: off
[90mstdout[2m | src/components/Gamification/AvatarDisplay.stories.tsx[2m > [22m[2mGold Border
[22m[39m[TranslationModeController] Setting mode to: off
[90mstdout[2m | src/components/Gamification/AvatarDisplay.stories.tsx[2m > [22m[2mRainbow Border
[22m[39m[TranslationModeController] Setting mode to: off
[90mstdout[2m | src/components/Gamification/AvatarDisplay.stories.tsx[2m > [22m[2mNo Badge
[22m[39m[TranslationModeController] Setting mode to: off
[90mstdout[2m | src/components/Gamification/AvatarDisplay.stories.tsx[2m > [22m[2mMinimal
[22m[39m[TranslationModeController] Setting mode to: off
[90mstdout[2m | src/components/Gamification/AvatarDisplay.stories.tsx[2m > [22m[2mWith Guild Crest
[22m[39m[TranslationModeController] Setting mode to: off
[90mstdout[2m | src/components/Gamification/AvatarDisplay.stories.tsx[2m > [22m[2mAll Border Effects
[22m[39m[TranslationModeController] Setting mode to: off
 [32m✓[39m [30m[45m storybook (chromium) [49m[39m src/components/Gamification/AvatarDisplay.stories.tsx [2m([22m[2m10 tests[22m[2m)[22m[33m 907[2mms[22m[39m
[90mstdout[2m | unknown test
[22m[39m[MOCK vectorStoreDB.js] Module loaded - mock IndexedDB operations
[90mstdout[2m | unknown test
[22m[39m[Task Completion] DOM action listeners initialized
[90mstdout[2m | unknown test
[22m[39m[Task Completion] Auto-completion detector initialized
[90mstdout[2m | unknown test
[22m[39m[Preview] Task completion detector initialized
[90mstdout[2m | .storybook/TranslationMode.stories.tsx[2m > [22m[2mDefault
[22m[39m[MOCK CourseVectorStore] Initialized with mock data
[90mstdout[2m | .storybook/TranslationMode.stories.tsx[2m > [22m[2mDefault
[22m[39m[TranslationOverlay] Mode changed to: off for key: demo.title
[90mstdout[2m | .storybook/TranslationMode.stories.tsx[2m > [22m[2mDefault
[22m[39m[TranslationOverlay] Mode changed to: off for key: demo.description
[90mstdout[2m | .storybook/TranslationMode.stories.tsx[2m > [22m[2mDefault
[22m[39m[TranslationOverlay] Mode changed to: off for key: demo.instructions
[90mstdout[2m | .storybook/TranslationMode.stories.tsx[2m > [22m[2mDefault
[22m[39m[TranslationOverlay] Mode changed to: off for key: demo.auth_form_heading
[90mstdout[2m | .storybook/TranslationMode.stories.tsx[2m > [22m[2mDefault
[22m[39m[TranslationOverlay] Mode changed to: off for key: username
[90mstdout[2m | .storybook/TranslationMode.stories.tsx[2m > [22m[2mDefault
[22m[39m[TranslationOverlay] Mode changed to: off for key: username
[90mstdout[2m | .storybook/TranslationMode.stories.tsx[2m > [22m[2mDefault
[22m[39m[TranslationOverlay] Mode changed to: off for key: password
[90mstdout[2m | .storybook/TranslationMode.stories.tsx[2m > [22m[2mDefault
[22m[39m[TranslationOverlay] Mode changed to: off for key: password
[90mstdout[2m | .storybook/TranslationMode.stories.tsx[2m > [22m[2mDefault
[22m[39m[TranslationOverlay] Mode changed to: off for key: email
[90mstdout[2m | .storybook/TranslationMode.stories.tsx[2m > [22m[2mDefault
[22m[39m[TranslationOverlay] Mode changed to: off for key: email
[90mstdout[2m | .storybook/TranslationMode.stories.tsx[2m > [22m[2mDefault
[22m[39m[TranslationOverlay] Mode changed to: off for key: sign_in
[90mstdout[2m | .storybook/TranslationMode.stories.tsx[2m > [22m[2mDefault
[22m[39m[TranslationOverlay] Mode changed to: off for key: sign_up
[90mstdout[2m | .storybook/TranslationMode.stories.tsx[2m > [22m[2mDefault
[22m[39m[TranslationOverlay] Mode changed to: off for key: forgot_password
[90mstdout[2m | .storybook/TranslationMode.stories.tsx[2m > [22m[2mDefault
[22m[39m[TranslationOverlay] Mode changed to: off for key: reset_password
[90mstdout[2m | .storybook/TranslationMode.stories.tsx[2m > [22m[2mDefault
[22m[39m[TranslationOverlay] Mode changed to: off for key: sign_out
[90mstdout[2m | .storybook/TranslationMode.stories.tsx[2m > [22m[2mDefault
[22m[39m[TranslationOverlay] Mode changed to: off for key: demo.password_reset_heading
[90mstdout[2m | .storybook/TranslationMode.stories.tsx[2m > [22m[2mDefault
[22m[39m[TranslationOverlay] Mode changed to: off for key: confirm_password
[90mstdout[2m | .storybook/TranslationMode.stories.tsx[2m > [22m[2mDefault
[22m[39m[TranslationOverlay] Mode changed to: off for key: confirm_password
[90mstdout[2m | .storybook/TranslationMode.stories.tsx[2m > [22m[2mDefault
[22m[39m[TranslationOverlay] Mode changed to: off for key: confirm_password_placeholder
[90mstdout[2m | .storybook/TranslationMode.stories.tsx[2m > [22m[2mDefault
[22m[39m[TranslationModeController] Setting mode to: off
[90mstdout[2m | .storybook/TranslationMode.stories.tsx[2m > [22m[2mDefault
[22m[39m[TranslationModeController] Setting mode to: off
[90mstdout[2m | .storybook/TranslationMode.stories.tsx[2m > [22m[2mDefault
[22m[39m[UnitContext] useEffect triggered {
  "authLoading": false,
  "hasUser": true,
  "id": "mock-unit-id",
  "userSub": "mock-user-sub",
}
[90mstdout[2m | .storybook/TranslationMode.stories.tsx[2m > [22m[2mDefault
[22m[39m[UnitContext] Fetching unit data for id: mock-unit-id
[90mstdout[2m | .storybook/TranslationMode.stories.tsx[2m > [22m[2mDefault
[22m[39m[FilesContext] Initializing vector store from IndexedDB
[90mstdout[2m | .storybook/TranslationMode.stories.tsx[2m > [22m[2mDefault
[22m[39m[FilesContext] fetchFiles called
[90mstdout[2m | .storybook/TranslationMode.stories.tsx[2m > [22m[2mDefault
[22m[39m[FilesContext] User authenticated: mock-user-sub
[90mstdout[2m | .storybook/TranslationMode.stories.tsx[2m > [22m[2mDefault
[22m[39m[FilesContext] Identity ID: us-east-1:mock-identity-123
[90mstdout[2m | .storybook/TranslationMode.stories.tsx[2m > [22m[2mDefault
[22m[39m[FilesContext] About to set up File observeQuery
[90mstdout[2m | .storybook/TranslationMode.stories.tsx[2m > [22m[2mDefault
[22m[39m[ChatContext] Setting up AssistantChat observeQuery
[90mstdout[2m | .storybook/TranslationMode.stories.tsx[2m > [22m[2mDefault
[22m[39m[ChatContext] Waiting for subscription to initialize
[90mstdout[2m | .storybook/TranslationMode.stories.tsx[2m > [22m[2mDefault
[22m[39m[SettingsContext] Setting up Settings subscription for user: mock-user-sub
[90mstdout[2m | .storybook/TranslationMode.stories.tsx[2m > [22m[2mDefault
[22m[39m[Mock Data] Settings created: mock-settings-1790418878515 - notified 0 subscribers
[90mstdout[2m | .storybook/TranslationMode.stories.tsx[2m > [22m[2mDefault
[22m[39m[Mock Data] Unit.onUpdate() subscription added. Total: 1
[90mstdout[2m | .storybook/TranslationMode.stories.tsx[2m > [22m[2mDefault
[22m[39m[SectionContext] Section observeQuery update: 0
[90mstdout[2m | .storybook/TranslationMode.stories.tsx[2m > [22m[2mDefault
[22m[39m[FilesContext] File observeQuery update: 6 files
[90mstdout[2m | .storybook/TranslationMode.stories.tsx[2m > [22m[2mDefault
[22m[39m[ChatContext] AssistantChat initialized with 1 chats
[90mstdout[2m | .storybook/TranslationMode.stories.tsx[2m > [22m[2mDefault
[22m[39m[ChatContext] Setting initial chat: mock-assistant-chat-1
[90mstdout[2m | .storybook/TranslationMode.stories.tsx[2m > [22m[2mDefault
[22m[39m[MOCK CourseVectorStore] Initialized with mock data
[90mstdout[2m | .storybook/TranslationMode.stories.tsx[2m > [22m[2mDefault
[22m[39m[FilesContext] Vector store population triggered {
  "currentVectorStoreSize": 3,
  "documentsCount": 0,
  "filesCount": 6,
  "isInitialLoad": true,
}
[90mstdout[2m | .storybook/TranslationMode.stories.tsx[2m > [22m[2mDefault
[22m[39m[FilesContext] Vector store population complete - 3 total embeddings
[90mstdout[2m | .storybook/TranslationMode.stories.tsx[2m > [22m[2mDefault
[22m[39m[ChatContext] Chat exists and not archived, skipping creation
[90mstdout[2m | .storybook/TranslationMode.stories.tsx[2m > [22m[2mDefault
[22m[39m[Mock Storage] downloadData called with: undefined
[90mstdout[2m | .storybook/TranslationMode.stories.tsx[2m > [22m[2mEditor Namespace
[22m[39m[ChatContext] Cleaning up subscriptions
[90mstdout[2m | .storybook/TranslationMode.stories.tsx[2m > [22m[2mEditor Namespace
[22m[39m[Mock Data] Unit.onUpdate() subscription removed. Remaining: 0
[90mstdout[2m | .storybook/TranslationMode.stories.tsx[2m > [22m[2mEditor Namespace
[22m[39m[MOCK CourseVectorStore] Initialized with mock data
[90mstdout[2m | .storybook/TranslationMode.stories.tsx[2m > [22m[2mEditor Namespace
[22m[39m[TranslationOverlay] Mode changed to: off for key: demo.title
[90mstdout[2m | .storybook/TranslationMode.stories.tsx[2m > [22m[2mEditor Namespace
[22m[39m[TranslationOverlay] Mode changed to: off for key: demo.description
[90mstdout[2m | .storybook/TranslationMode.stories.tsx[2m > [22m[2mEditor Namespace
[22m[39m[TranslationOverlay] Mode changed to: off for key: demo.instructions
[90mstdout[2m | .storybook/TranslationMode.stories.tsx[2m > [22m[2mEditor Namespace
[22m[39m[TranslationOverlay] Mode changed to: off for key: demo.auth_form_heading
[90mstdout[2m | .storybook/TranslationMode.stories.tsx[2m > [22m[2mEditor Namespace
[22m[39m[TranslationOverlay] Mode changed to: off for key: username
[90mstdout[2m | .storybook/TranslationMode.stories.tsx[2m > [22m[2mEditor Namespace
[22m[39m[TranslationOverlay] Mode changed to: off for key: username
[90mstdout[2m | .storybook/TranslationMode.stories.tsx[2m > [22m[2mEditor Namespace
[22m[39m[TranslationOverlay] Mode changed to: off for key: password
[90mstdout[2m | .storybook/TranslationMode.stories.tsx[2m > [22m[2mEditor Namespace
[22m[39m[TranslationOverlay] Mode changed to: off for key: password
[90mstdout[2m | .storybook/TranslationMode.stories.tsx[2m > [22m[2mEditor Namespace
[22m[39m[TranslationOverlay] Mode changed to: off for key: email
[90mstdout[2m | .storybook/TranslationMode.stories.tsx[2m > [22m[2mEditor Namespace
[22m[39m[TranslationOverlay] Mode changed to: off for key: email
[90mstdout[2m | .storybook/TranslationMode.stories.tsx[2m > [22m[2mEditor Namespace
[22m[39m[TranslationOverlay] Mode changed to: off for key: sign_in
[90mstdout[2m | .storybook/TranslationMode.stories.tsx[2m > [22m[2mEditor Namespace
[22m[39m[TranslationOverlay] Mode changed to: off for key: sign_up
[90mstdout[2m | .storybook/TranslationMode.stories.tsx[2m > [22m[2mEditor Namespace
[22m[39m[TranslationOverlay] Mode changed to: off for key: forgot_password
[90mstdout[2m | .storybook/TranslationMode.stories.tsx[2m > [22m[2mEditor Namespace
[22m[39m[TranslationOverlay] Mode changed to: off for key: reset_password
[90mstdout[2m | .storybook/TranslationMode.stories.tsx[2m > [22m[2mEditor Namespace
[22m[39m[TranslationOverlay] Mode changed to: off for key: sign_out
[90mstdout[2m | .storybook/TranslationMode.stories.tsx[2m > [22m[2mEditor Namespace
[22m[39m[TranslationOverlay] Mode changed to: off for key: demo.password_reset_heading
[90mstdout[2m | .storybook/TranslationMode.stories.tsx[2m > [22m[2mEditor Namespace
[22m[39m[TranslationOverlay] Mode changed to: off for key: confirm_password
[90mstdout[2m | .storybook/TranslationMode.stories.tsx[2m > [22m[2mEditor Namespace
[22m[39m[TranslationOverlay] Mode changed to: off for key: confirm_password
[90mstdout[2m | .storybook/TranslationMode.stories.tsx[2m > [22m[2mEditor Namespace
[22m[39m[TranslationOverlay] Mode changed to: off for key: confirm_password_placeholder
[90mstdout[2m | .storybook/TranslationMode.stories.tsx[2m > [22m[2mEditor Namespace
[22m[39m[TranslationModeController] Setting mode to: off
[90mstdout[2m | .storybook/TranslationMode.stories.tsx[2m > [22m[2mEditor Namespace
[22m[39m[TranslationModeController] Setting mode to: off
[90mstdout[2m | .storybook/TranslationMode.stories.tsx[2m > [22m[2mEditor Namespace
[22m[39m[UnitContext] useEffect triggered {
  "authLoading": false,
  "hasUser": true,
  "id": "mock-unit-id",
  "userSub": "mock-user-sub",
}
[90mstdout[2m | .storybook/TranslationMode.stories.tsx[2m > [22m[2mEditor Namespace
[22m[39m[UnitContext] Fetching unit data for id: mock-unit-id
[90mstdout[2m | .storybook/TranslationMode.stories.tsx[2m > [22m[2mEditor Namespace
[22m[39m[FilesContext] Initializing vector store from IndexedDB
[90mstdout[2m | .storybook/TranslationMode.stories.tsx[2m > [22m[2mEditor Namespace
[22m[39m[FilesContext] fetchFiles called
[90mstdout[2m | .storybook/TranslationMode.stories.tsx[2m > [22m[2mEditor Namespace
[22m[39m[FilesContext] User authenticated: mock-user-sub
[90mstdout[2m | .storybook/TranslationMode.stories.tsx[2m > [22m[2mEditor Namespace
[22m[39m[FilesContext] Identity ID: us-east-1:mock-identity-123
[90mstdout[2m | .storybook/TranslationMode.stories.tsx[2m > [22m[2mEditor Namespace
[22m[39m[FilesContext] About to set up File observeQuery
[90mstdout[2m | .storybook/TranslationMode.stories.tsx[2m > [22m[2mEditor Namespace
[22m[39m[ChatContext] Setting up AssistantChat observeQuery
[90mstdout[2m | .storybook/TranslationMode.stories.tsx[2m > [22m[2mEditor Namespace
[22m[39m[ChatContext] Waiting for subscription to initialize
[90mstdout[2m | .storybook/TranslationMode.stories.tsx[2m > [22m[2mEditor Namespace
[22m[39m[SettingsContext] Setting up Settings subscription for user: mock-user-sub
[90mstdout[2m | .storybook/TranslationMode.stories.tsx[2m > [22m[2mEditor Namespace
[22m[39m[Mock Data] Settings created: mock-settings-1790418878839 - notified 0 subscribers
[90mstdout[2m | .storybook/TranslationMode.stories.tsx[2m > [22m[2mEditor Namespace
[22m[39m[Mock Data] Unit.onUpdate() subscription added. Total: 1
[90mstdout[2m | .storybook/TranslationMode.stories.tsx[2m > [22m[2mEditor Namespace
[22m[39m[SectionContext] Section observeQuery update: 0
[90mstdout[2m | .storybook/TranslationMode.stories.tsx[2m > [22m[2mEditor Namespace
[22m[39m[FilesContext] File observeQuery update: 6 files
[90mstdout[2m | .storybook/TranslationMode.stories.tsx[2m > [22m[2mEditor Namespace
[22m[39m[ChatContext] AssistantChat initialized with 1 chats
[90mstdout[2m | .storybook/TranslationMode.stories.tsx[2m > [22m[2mEditor Namespace
[22m[39m[ChatContext] Setting initial chat: mock-assistant-chat-1
[90mstdout[2m | .storybook/TranslationMode.stories.tsx[2m > [22m[2mEditor Namespace
[22m[39m[MOCK CourseVectorStore] Initialized with mock data
[90mstdout[2m | .storybook/TranslationMode.stories.tsx[2m > [22m[2mEditor Namespace
[22m[39m[FilesContext] Vector store population triggered {
  "currentVectorStoreSize": 3,
  "documentsCount": 0,
  "filesCount": 6,
  "isInitialLoad": true,
}
[90mstdout[2m | .storybook/TranslationMode.stories.tsx[2m > [22m[2mEditor Namespace
[22m[39m[FilesContext] Vector store population complete - 3 total embeddings
[90mstdout[2m | .storybook/TranslationMode.stories.tsx[2m > [22m[2mEditor Namespace
[22m[39m[ChatContext] Chat exists and not archived, skipping creation
[90mstdout[2m | .storybook/TranslationMode.stories.tsx[2m > [22m[2mEditor Namespace
[22m[39m[Mock Storage] downloadData called with: undefined
[90mstdout[2m | .storybook/TranslationMode.stories.tsx[2m > [22m[2mAuth Namespace
[22m[39m[ChatContext] Cleaning up subscriptions
[90mstdout[2m | .storybook/TranslationMode.stories.tsx[2m > [22m[2mAuth Namespace
[22m[39m[Mock Data] Unit.onUpdate() subscription removed. Remaining: 0
[90mstdout[2m | .storybook/TranslationMode.stories.tsx[2m > [22m[2mAuth Namespace
[22m[39m[MOCK CourseVectorStore] Initialized with mock data
[90mstdout[2m | .storybook/TranslationMode.stories.tsx[2m > [22m[2mAuth Namespace
[22m[39m[TranslationOverlay] Mode changed to: off for key: demo.title
[90mstdout[2m | .storybook/TranslationMode.stories.tsx[2m > [22m[2mAuth Namespace
[22m[39m[TranslationOverlay] Mode changed to: off for key: demo.description
[90mstdout[2m | .storybook/TranslationMode.stories.tsx[2m > [22m[2mAuth Namespace
[22m[39m[TranslationOverlay] Mode changed to: off for key: demo.instructions
[90mstdout[2m | .storybook/TranslationMode.stories.tsx[2m > [22m[2mAuth Namespace
[22m[39m[TranslationOverlay] Mode changed to: off for key: demo.auth_form_heading
[90mstdout[2m | .storybook/TranslationMode.stories.tsx[2m > [22m[2mAuth Namespace
[22m[39m[TranslationOverlay] Mode changed to: off for key: username
[90mstdout[2m | .storybook/TranslationMode.stories.tsx[2m > [22m[2mAuth Namespace
[22m[39m[TranslationOverlay] Mode changed to: off for key: username
[90mstdout[2m | .storybook/TranslationMode.stories.tsx[2m > [22m[2mAuth Namespace
[22m[39m[TranslationOverlay] Mode changed to: off for key: password
[90mstdout[2m | .storybook/TranslationMode.stories.tsx[2m > [22m[2mAuth Namespace
[22m[39m[TranslationOverlay] Mode changed to: off for key: password
[90mstdout[2m | .storybook/TranslationMode.stories.tsx[2m > [22m[2mAuth Namespace
[22m[39m[TranslationOverlay] Mode changed to: off for key: email
[90mstdout[2m | .storybook/TranslationMode.stories.tsx[2m > [22m[2mAuth Namespace
[22m[39m[TranslationOverlay] Mode changed to: off for key: email
[90mstdout[2m | .storybook/TranslationMode.stories.tsx[2m > [22m[2mAuth Namespace
[22m[39m[TranslationOverlay] Mode changed to: off for key: sign_in
[90mstdout[2m | .storybook/TranslationMode.stories.tsx[2m > [22m[2mAuth Namespace
[22m[39m[TranslationOverlay] Mode changed to: off for key: sign_up
[90mstdout[2m | .storybook/TranslationMode.stories.tsx[2m > [22m[2mAuth Namespace
[22m[39m[TranslationOverlay] Mode changed to: off for key: forgot_password
[90mstdout[2m | .storybook/TranslationMode.stories.tsx[2m > [22m[2mAuth Namespace
[22m[39m[TranslationOverlay] Mode changed to: off for key: reset_password
[90mstdout[2m | .storybook/TranslationMode.stories.tsx[2m > [22m[2mAuth Namespace
[22m[39m[TranslationOverlay] Mode changed to: off for key: sign_out
[90mstdout[2m | .storybook/TranslationMode.stories.tsx[2m > [22m[2mAuth Namespace
[22m[39m[TranslationOverlay] Mode changed to: off for key: demo.password_reset_heading
[90mstdout[2m | .storybook/TranslationMode.stories.tsx[2m > [22m[2mAuth Namespace
[22m[39m[TranslationOverlay] Mode changed to: off for key: confirm_password
[90mstdout[2m | .storybook/TranslationMode.stories.tsx[2m > [22m[2mAuth Namespace
[22m[39m[TranslationOverlay] Mode changed to: off for key: confirm_password
[90mstdout[2m | .storybook/TranslationMode.stories.tsx[2m > [22m[2mAuth Namespace
[22m[39m[TranslationOverlay] Mode changed to: off for key: confirm_password_placeholder
[90mstdout[2m | .storybook/TranslationMode.stories.tsx[2m > [22m[2mAuth Namespace
[22m[39m[TranslationModeController] Setting mode to: off
[90mstdout[2m | .storybook/TranslationMode.stories.tsx[2m > [22m[2mAuth Namespace
[22m[39m[TranslationModeController] Setting mode to: off
[90mstdout[2m | .storybook/TranslationMode.stories.tsx[2m > [22m[2mAuth Namespace
[22m[39m[UnitContext] useEffect triggered {
  "authLoading": false,
  "hasUser": true,
  "id": "mock-unit-id",
  "userSub": "mock-user-sub",
}
[90mstdout[2m | .storybook/TranslationMode.stories.tsx[2m > [22m[2mAuth Namespace
[22m[39m[UnitContext] Fetching unit data for id: mock-unit-id
[90mstdout[2m | .storybook/TranslationMode.stories.tsx[2m > [22m[2mAuth Namespace
[22m[39m[FilesContext] Initializing vector store from IndexedDB
[90mstdout[2m | .storybook/TranslationMode.stories.tsx[2m > [22m[2mAuth Namespace
[22m[39m[FilesContext] fetchFiles called
[90mstdout[2m | .storybook/TranslationMode.stories.tsx[2m > [22m[2mAuth Namespace
[22m[39m[FilesContext] User authenticated: mock-user-sub
[90mstdout[2m | .storybook/TranslationMode.stories.tsx[2m > [22m[2mAuth Namespace
[22m[39m[FilesContext] Identity ID: us-east-1:mock-identity-123
[90mstdout[2m | .storybook/TranslationMode.stories.tsx[2m > [22m[2mAuth Namespace
[22m[39m[FilesContext] About to set up File observeQuery
[90mstdout[2m | .storybook/TranslationMode.stories.tsx[2m > [22m[2mAuth Namespace
[22m[39m[ChatContext] Setting up AssistantChat observeQuery
[90mstdout[2m | .storybook/TranslationMode.stories.tsx[2m > [22m[2mAuth Namespace
[22m[39m[ChatContext] Waiting for subscription to initialize
[90mstdout[2m | .storybook/TranslationMode.stories.tsx[2m > [22m[2mAuth Namespace
[22m[39m[SettingsContext] Setting up Settings subscription for user: mock-user-sub
[90mstdout[2m | .storybook/TranslationMode.stories.tsx[2m > [22m[2mAuth Namespace
[22m[39m[Mock Data] Settings created: mock-settings-1790418879045 - notified 0 subscribers
[90mstdout[2m | .storybook/TranslationMode.stories.tsx[2m > [22m[2mAuth Namespace
[22m[39m[Mock Data] Unit.onUpdate() subscription added. Total: 1
[90mstdout[2m | .storybook/TranslationMode.stories.tsx[2m > [22m[2mAuth Namespace
[22m[39m[SectionContext] Section observeQuery update: 0
[90mstdout[2m | .storybook/TranslationMode.stories.tsx[2m > [22m[2mAuth Namespace
[22m[39m[FilesContext] File observeQuery update: 6 files
[90mstdout[2m | .storybook/TranslationMode.stories.tsx[2m > [22m[2mAuth Namespace
[22m[39m[ChatContext] AssistantChat initialized with 1 chats
[90mstdout[2m | .storybook/TranslationMode.stories.tsx[2m > [22m[2mAuth Namespace
[22m[39m[ChatContext] Setting initial chat: mock-assistant-chat-1
[90mstdout[2m | .storybook/TranslationMode.stories.tsx[2m > [22m[2mAuth Namespace
[22m[39m[MOCK CourseVectorStore] Initialized with mock data
[90mstdout[2m | .storybook/TranslationMode.stories.tsx[2m > [22m[2mAuth Namespace
[22m[39m[FilesContext] Vector store population triggered {
  "currentVectorStoreSize": 3,
  "documentsCount": 0,
  "filesCount": 6,
  "isInitialLoad": true,
}
[90mstdout[2m | .storybook/TranslationMode.stories.tsx[2m > [22m[2mAuth Namespace
[22m[39m[FilesContext] Vector store population complete - 3 total embeddings
[90mstdout[2m | .storybook/TranslationMode.stories.tsx[2m > [22m[2mAuth Namespace
[22m[39m[ChatContext] Chat exists and not archived, skipping creation
[90mstdout[2m | .storybook/TranslationMode.stories.tsx[2m > [22m[2mAuth Namespace
[22m[39m[Mock Storage] downloadData called with: undefined
 [32m✓[39m [30m[45m storybook (chromium) [49m[39m .storybook/TranslationMode.stories.tsx [2m([22m[2m3 tests[22m[2m)[22m[33m 771[2mms[22m[39m
   [33m[2m✓[22m[39m Default [33m 326[2mms[22m[39m
[90mstdout[2m | unknown test
[22m[39m[MOCK vectorStoreDB.js] Module loaded - mock IndexedDB operations
[90mstdout[2m | unknown test
[22m[39m[Task Completion] DOM action listeners initialized
[90mstdout[2m | unknown test
[22m[39m[Task Completion] Auto-completion detector initialized
[90mstdout[2m | unknown test
[22m[39m[Preview] Task completion detector initialized
[90mstdout[2m | src/stories/Page.stories.ts[2m > [22m[2mLogged Out
[22m[39m[MOCK CourseVectorStore] Initialized with mock data
[90mstdout[2m | src/stories/Page.stories.ts[2m > [22m[2mLogged Out
[22m[39m[TranslationModeController] Setting mode to: off
[90mstdout[2m | src/stories/Page.stories.ts[2m > [22m[2mLogged Out
[22m[39m[UnitContext] useEffect triggered {
  "authLoading": false,
  "hasUser": true,
  "id": "mock-unit-id",
  "userSub": "mock-user-sub",
}
[90mstdout[2m | src/stories/Page.stories.ts[2m > [22m[2mLogged Out
[22m[39m[UnitContext] Fetching unit data for id: mock-unit-id
[90mstdout[2m | src/stories/Page.stories.ts[2m > [22m[2mLogged Out
[22m[39m[FilesContext] Initializing vector store from IndexedDB
[90mstdout[2m | src/stories/Page.stories.ts[2m > [22m[2mLogged Out
[22m[39m[FilesContext] fetchFiles called
[90mstdout[2m | src/stories/Page.stories.ts[2m > [22m[2mLogged Out
[22m[39m[FilesContext] User authenticated: mock-user-sub
[90mstdout[2m | src/stories/Page.stories.ts[2m > [22m[2mLogged Out
[22m[39m[FilesContext] Identity ID: us-east-1:mock-identity-123
[90mstdout[2m | src/stories/Page.stories.ts[2m > [22m[2mLogged Out
[22m[39m[FilesContext] About to set up File observeQuery
[90mstdout[2m | src/stories/Page.stories.ts[2m > [22m[2mLogged Out
[22m[39m[ChatContext] Setting up AssistantChat observeQuery
[90mstdout[2m | src/stories/Page.stories.ts[2m > [22m[2mLogged Out
[22m[39m[ChatContext] Waiting for subscription to initialize
[90mstdout[2m | src/stories/Page.stories.ts[2m > [22m[2mLogged Out
[22m[39m[SettingsContext] Setting up Settings subscription for user: mock-user-sub
[90mstdout[2m | src/stories/Page.stories.ts[2m > [22m[2mLogged Out
[22m[39m[Mock Data] Settings created: mock-settings-1790418879848 - notified 0 subscribers
[90mstdout[2m | src/stories/Page.stories.ts[2m > [22m[2mLogged Out
[22m[39m[Mock Data] Unit.onUpdate() subscription added. Total: 1
[90mstdout[2m | src/stories/Page.stories.ts[2m > [22m[2mLogged Out
[22m[39m[SectionContext] Section observeQuery update: 0
[90mstdout[2m | src/stories/Page.stories.ts[2m > [22m[2mLogged Out
[22m[39m[FilesContext] File observeQuery update: 6 files
[90mstdout[2m | src/stories/Page.stories.ts[2m > [22m[2mLogged Out
[22m[39m[ChatContext] AssistantChat initialized with 1 chats
[90mstdout[2m | src/stories/Page.stories.ts[2m > [22m[2mLogged Out
[22m[39m[ChatContext] Setting initial chat: mock-assistant-chat-1
[90mstdout[2m | src/stories/Page.stories.ts[2m > [22m[2mLogged Out
[22m[39m[MOCK CourseVectorStore] Initialized with mock data
[90mstdout[2m | src/stories/Page.stories.ts[2m > [22m[2mLogged Out
[22m[39m[FilesContext] Vector store population triggered {
  "currentVectorStoreSize": 3,
  "documentsCount": 0,
  "filesCount": 6,
  "isInitialLoad": true,
}
[90mstdout[2m | src/stories/Page.stories.ts[2m > [22m[2mLogged Out
[22m[39m[FilesContext] Vector store population complete - 3 total embeddings
[90mstdout[2m | src/stories/Page.stories.ts[2m > [22m[2mLogged Out
[22m[39m[ChatContext] Chat exists and not archived, skipping creation
[90mstdout[2m | src/stories/Page.stories.ts[2m > [22m[2mLogged Out
[22m[39m[Mock Storage] downloadData called with: undefined
[90mstdout[2m | src/stories/Page.stories.ts[2m > [22m[2mLogged In
[22m[39m[ChatContext] Cleaning up subscriptions
[90mstdout[2m | src/stories/Page.stories.ts[2m > [22m[2mLogged In
[22m[39m[Mock Data] Unit.onUpdate() subscription removed. Remaining: 0
[90mstdout[2m | src/stories/Page.stories.ts[2m > [22m[2mLogged In
[22m[39m[MOCK CourseVectorStore] Initialized with mock data
[90mstdout[2m | src/stories/Page.stories.ts[2m > [22m[2mLogged In
[22m[39m[TranslationModeController] Setting mode to: off
[90mstdout[2m | src/stories/Page.stories.ts[2m > [22m[2mLogged In
[22m[39m[UnitContext] useEffect triggered {
  "authLoading": false,
  "hasUser": true,
  "id": "mock-unit-id",
  "userSub": "mock-user-sub",
}
[90mstdout[2m | src/stories/Page.stories.ts[2m > [22m[2mLogged In
[22m[39m[UnitContext] Fetching unit data for id: mock-unit-id
[90mstdout[2m | src/stories/Page.stories.ts[2m > [22m[2mLogged In
[22m[39m[FilesContext] Initializing vector store from IndexedDB
[90mstdout[2m | src/stories/Page.stories.ts[2m > [22m[2mLogged In
[22m[39m[FilesContext] fetchFiles called
[90mstdout[2m | src/stories/Page.stories.ts[2m > [22m[2mLogged In
[22m[39m[FilesContext] User authenticated: mock-user-sub
[90mstdout[2m | src/stories/Page.stories.ts[2m > [22m[2mLogged In
[22m[39m[FilesContext] Identity ID: us-east-1:mock-identity-123
[90mstdout[2m | src/stories/Page.stories.ts[2m > [22m[2mLogged In
[22m[39m[FilesContext] About to set up File observeQuery
[90mstdout[2m | src/stories/Page.stories.ts[2m > [22m[2mLogged In
[22m[39m[ChatContext] Setting up AssistantChat observeQuery
[90mstdout[2m | src/stories/Page.stories.ts[2m > [22m[2mLogged In
[22m[39m[ChatContext] Waiting for subscription to initialize
[90mstdout[2m | src/stories/Page.stories.ts[2m > [22m[2mLogged In
[22m[39m[SettingsContext] Setting up Settings subscription for user: mock-user-sub
[90mstdout[2m | src/stories/Page.stories.ts[2m > [22m[2mLogged In
[22m[39m[Mock Data] Settings created: mock-settings-1790418880119 - notified 0 subscribers
[90mstdout[2m | src/stories/Page.stories.ts[2m > [22m[2mLogged In
[22m[39m[Mock Data] Unit.onUpdate() subscription added. Total: 1
[90mstdout[2m | src/stories/Page.stories.ts[2m > [22m[2mLogged In
[22m[39m[SectionContext] Section observeQuery update: 0
[90mstdout[2m | src/stories/Page.stories.ts[2m > [22m[2mLogged In
[22m[39m[FilesContext] File observeQuery update: 6 files
[90mstdout[2m | src/stories/Page.stories.ts[2m > [22m[2mLogged In
[22m[39m[ChatContext] AssistantChat initialized with 1 chats
[90mstdout[2m | src/stories/Page.stories.ts[2m > [22m[2mLogged In
[22m[39m[ChatContext] Setting initial chat: mock-assistant-chat-1
[90mstdout[2m | src/stories/Page.stories.ts[2m > [22m[2mLogged In
[22m[39m[MOCK CourseVectorStore] Initialized with mock data
[90mstdout[2m | src/stories/Page.stories.ts[2m > [22m[2mLogged In
[22m[39m[FilesContext] Vector store population triggered {
  "currentVectorStoreSize": 3,
  "documentsCount": 0,
  "filesCount": 6,
  "isInitialLoad": true,
}
[90mstdout[2m | src/stories/Page.stories.ts[2m > [22m[2mLogged In
[22m[39m[FilesContext] Vector store population complete - 3 total embeddings
[90mstdout[2m | src/stories/Page.stories.ts[2m > [22m[2mLogged In
[22m[39m[ChatContext] Chat exists and not archived, skipping creation
[90mstdout[2m | src/stories/Page.stories.ts[2m > [22m[2mLogged In
[22m[39m[Mock Storage] downloadData called with: undefined
 [32m✓[39m [30m[45m storybook (chromium) [49m[39m src/stories/Page.stories.ts [2m([22m[2m2 tests[22m[2m)[22m[33m 517[2mms[22m[39m
[90mstdout[2m | unknown test
[22m[39m[MOCK vectorStoreDB.js] Module loaded - mock IndexedDB operations
[90mstdout[2m | unknown test
[22m[39m[Task Completion] DOM action listeners initialized
[90mstdout[2m | unknown test
[22m[39m[Task Completion] Auto-completion detector initialized
[90mstdout[2m | unknown test
[22m[39m[Preview] Task completion detector initialized
[90mstdout[2m | src/components/UserAvatar.stories.tsx[2m > [22m[2mDefault
[22m[39m[MOCK CourseVectorStore] Initialized with mock data
[90mstdout[2m | src/components/UserAvatar.stories.tsx[2m > [22m[2mDefault
[22m[39m[TranslationModeController] Setting mode to: off
[90mstdout[2m | src/components/UserAvatar.stories.tsx[2m > [22m[2mDefault
[22m[39m[UnitContext] useEffect triggered {
  "authLoading": false,
  "hasUser": true,
  "id": "mock-unit-id",
  "userSub": "mock-user-sub",
}
[90mstdout[2m | src/components/UserAvatar.stories.tsx[2m > [22m[2mDefault
[22m[39m[UnitContext] Fetching unit data for id: mock-unit-id
[90mstdout[2m | src/components/UserAvatar.stories.tsx[2m > [22m[2mDefault
[22m[39m[FilesContext] Initializing vector store from IndexedDB
[90mstdout[2m | src/components/UserAvatar.stories.tsx[2m > [22m[2mDefault
[22m[39m[FilesContext] fetchFiles called
[90mstdout[2m | src/components/UserAvatar.stories.tsx[2m > [22m[2mDefault
[22m[39m[FilesContext] User authenticated: mock-user-sub
[90mstdout[2m | src/components/UserAvatar.stories.tsx[2m > [22m[2mDefault
[22m[39m[FilesContext] Identity ID: us-east-1:mock-identity-123
[90mstdout[2m | src/components/UserAvatar.stories.tsx[2m > [22m[2mDefault
[22m[39m[FilesContext] About to set up File observeQuery
[90mstdout[2m | src/components/UserAvatar.stories.tsx[2m > [22m[2mDefault
[22m[39m[ChatContext] Setting up AssistantChat observeQuery
[90mstdout[2m | src/components/UserAvatar.stories.tsx[2m > [22m[2mDefault
[22m[39m[ChatContext] Waiting for subscription to initialize
[90mstdout[2m | src/components/UserAvatar.stories.tsx[2m > [22m[2mDefault
[22m[39m[SettingsContext] Setting up Settings subscription for user: mock-user-sub
[90mstdout[2m | src/components/UserAvatar.stories.tsx[2m > [22m[2mDefault
[22m[39m[Mock Data] Settings created: mock-settings-1790418880996 - notified 0 subscribers
[90mstdout[2m | src/components/UserAvatar.stories.tsx[2m > [22m[2mDefault
[22m[39m[Mock Data] Unit.onUpdate() subscription added. Total: 1
[90mstdout[2m | src/components/UserAvatar.stories.tsx[2m > [22m[2mDefault
[22m[39m[SectionContext] Section observeQuery update: 0
[90mstdout[2m | src/components/UserAvatar.stories.tsx[2m > [22m[2mDefault
[22m[39m[FilesContext] File observeQuery update: 6 files
[90mstdout[2m | src/components/UserAvatar.stories.tsx[2m > [22m[2mDefault
[22m[39m[ChatContext] AssistantChat initialized with 1 chats
[90mstdout[2m | src/components/UserAvatar.stories.tsx[2m > [22m[2mDefault
[22m[39m[ChatContext] Setting initial chat: mock-assistant-chat-1
[90mstdout[2m | src/components/UserAvatar.stories.tsx[2m > [22m[2mDefault
[22m[39m[MOCK CourseVectorStore] Initialized with mock data
[90mstdout[2m | src/components/UserAvatar.stories.tsx[2m > [22m[2mDefault
[22m[39m[FilesContext] Vector store population triggered {
  "currentVectorStoreSize": 3,
  "documentsCount": 0,
  "filesCount": 6,
  "isInitialLoad": true,
}
[90mstdout[2m | src/components/UserAvatar.stories.tsx[2m > [22m[2mDefault
[22m[39m[FilesContext] Vector store population complete - 3 total embeddings
[90mstdout[2m | src/components/UserAvatar.stories.tsx[2m > [22m[2mDefault
[22m[39m[ChatContext] Chat exists and not archived, skipping creation
[90mstdout[2m | src/components/UserAvatar.stories.tsx[2m > [22m[2mDefault
[22m[39m[Mock Storage] downloadData called with: undefined
[90mstdout[2m | src/components/UserAvatar.stories.tsx[2m > [22m[2mSmall
[22m[39m[ChatContext] Cleaning up subscriptions
[90mstdout[2m | src/components/UserAvatar.stories.tsx[2m > [22m[2mSmall
[22m[39m[Mock Data] Unit.onUpdate() subscription removed. Remaining: 0
[90mstdout[2m | src/components/UserAvatar.stories.tsx[2m > [22m[2mSmall
[22m[39m[MOCK CourseVectorStore] Initialized with mock data
[90mstdout[2m | src/components/UserAvatar.stories.tsx[2m > [22m[2mSmall
[22m[39m[TranslationModeController] Setting mode to: off
[90mstdout[2m | src/components/UserAvatar.stories.tsx[2m > [22m[2mSmall
[22m[39m[UnitContext] useEffect triggered {
  "authLoading": false,
  "hasUser": true,
  "id": "mock-unit-id",
  "userSub": "mock-user-sub",
}
[90mstdout[2m | src/components/UserAvatar.stories.tsx[2m > [22m[2mSmall
[22m[39m[UnitContext] Fetching unit data for id: mock-unit-id
[90mstdout[2m | src/components/UserAvatar.stories.tsx[2m > [22m[2mSmall
[22m[39m[FilesContext] Initializing vector store from IndexedDB
[90mstdout[2m | src/components/UserAvatar.stories.tsx[2m > [22m[2mSmall
[22m[39m[FilesContext] fetchFiles called
[90mstdout[2m | src/components/UserAvatar.stories.tsx[2m > [22m[2mSmall
[22m[39m[FilesContext] User authenticated: mock-user-sub
[90mstdout[2m | src/components/UserAvatar.stories.tsx[2m > [22m[2mSmall
[22m[39m[FilesContext] Identity ID: us-east-1:mock-identity-123
[90mstdout[2m | src/components/UserAvatar.stories.tsx[2m > [22m[2mSmall
[22m[39m[FilesContext] About to set up File observeQuery
[90mstdout[2m | src/components/UserAvatar.stories.tsx[2m > [22m[2mSmall
[22m[39m[ChatContext] Setting up AssistantChat observeQuery
[90mstdout[2m | src/components/UserAvatar.stories.tsx[2m > [22m[2mSmall
[22m[39m[ChatContext] Waiting for subscription to initialize
[90mstdout[2m | src/components/UserAvatar.stories.tsx[2m > [22m[2mSmall
[22m[39m[SettingsContext] Setting up Settings subscription for user: mock-user-sub
[90mstdout[2m | src/components/UserAvatar.stories.tsx[2m > [22m[2mSmall
[22m[39m[Mock Data] Settings created: mock-settings-1790418881155 - notified 0 subscribers
[90mstdout[2m | src/components/UserAvatar.stories.tsx[2m > [22m[2mSmall
[22m[39m[Mock Data] Unit.onUpdate() subscription added. Total: 1
[90mstdout[2m | src/components/UserAvatar.stories.tsx[2m > [22m[2mSmall
[22m[39m[SectionContext] Section observeQuery update: 0
[90mstdout[2m | src/components/UserAvatar.stories.tsx[2m > [22m[2mSmall
[22m[39m[FilesContext] File observeQuery update: 6 files
[90mstdout[2m | src/components/UserAvatar.stories.tsx[2m > [22m[2mSmall
[22m[39m[MOCK CourseVectorStore] Initialized with mock data
[90mstdout[2m | src/components/UserAvatar.stories.tsx[2m > [22m[2mSmall
[22m[39m[FilesContext] Vector store population triggered {
  "currentVectorStoreSize": 3,
  "documentsCount": 0,
  "filesCount": 6,
  "isInitialLoad": true,
}
[90mstdout[2m | src/components/UserAvatar.stories.tsx[2m > [22m[2mSmall
[22m[39m[FilesContext] Vector store population complete - 3 total embeddings
[90mstdout[2m | src/components/UserAvatar.stories.tsx[2m > [22m[2mSmall
[22m[39m[ChatContext] AssistantChat initialized with 1 chats
[90mstdout[2m | src/components/UserAvatar.stories.tsx[2m > [22m[2mSmall
[22m[39m[ChatContext] Setting initial chat: mock-assistant-chat-1
[90mstdout[2m | src/components/UserAvatar.stories.tsx[2m > [22m[2mSmall
[22m[39m[Mock Storage] downloadData called with: undefined
[90mstdout[2m | src/components/UserAvatar.stories.tsx[2m > [22m[2mSmall
[22m[39m[ChatContext] Chat exists and not archived, skipping creation
[90mstdout[2m | src/components/UserAvatar.stories.tsx[2m > [22m[2mLarge
[22m[39m[ChatContext] Cleaning up subscriptions
[90mstdout[2m | src/components/UserAvatar.stories.tsx[2m > [22m[2mLarge
[22m[39m[Mock Data] Unit.onUpdate() subscription removed. Remaining: 0
[90mstdout[2m | src/components/UserAvatar.stories.tsx[2m > [22m[2mLarge
[22m[39m[MOCK CourseVectorStore] Initialized with mock data
[90mstdout[2m | src/components/UserAvatar.stories.tsx[2m > [22m[2mLarge
[22m[39m[TranslationModeController] Setting mode to: off
[90mstdout[2m | src/components/UserAvatar.stories.tsx[2m > [22m[2mLarge
[22m[39m[UnitContext] useEffect triggered {
  "authLoading": false,
  "hasUser": true,
  "id": "mock-unit-id",
  "userSub": "mock-user-sub",
}
[90mstdout[2m | src/components/UserAvatar.stories.tsx[2m > [22m[2mLarge
[22m[39m[UnitContext] Fetching unit data for id: mock-unit-id
[90mstdout[2m | src/components/UserAvatar.stories.tsx[2m > [22m[2mLarge
[22m[39m[FilesContext] Initializing vector store from IndexedDB
[90mstdout[2m | src/components/UserAvatar.stories.tsx[2m > [22m[2mLarge
[22m[39m[FilesContext] fetchFiles called
[90mstdout[2m | src/components/UserAvatar.stories.tsx[2m > [22m[2mLarge
[22m[39m[FilesContext] User authenticated: mock-user-sub
[90mstdout[2m | src/components/UserAvatar.stories.tsx[2m > [22m[2mLarge
[22m[39m[FilesContext] Identity ID: us-east-1:mock-identity-123
[90mstdout[2m | src/components/UserAvatar.stories.tsx[2m > [22m[2mLarge
[22m[39m[FilesContext] About to set up File observeQuery
[90mstdout[2m | src/components/UserAvatar.stories.tsx[2m > [22m[2mLarge
[22m[39m[ChatContext] Setting up AssistantChat observeQuery
[90mstdout[2m | src/components/UserAvatar.stories.tsx[2m > [22m[2mLarge
[22m[39m[ChatContext] Waiting for subscription to initialize
[90mstdout[2m | src/components/UserAvatar.stories.tsx[2m > [22m[2mLarge
[22m[39m[SettingsContext] Setting up Settings subscription for user: mock-user-sub
[90mstdout[2m | src/components/UserAvatar.stories.tsx[2m > [22m[2mLarge
[22m[39m[Mock Data] Settings created: mock-settings-1790418881256 - notified 0 subscribers
[90mstdout[2m | src/components/UserAvatar.stories.tsx[2m > [22m[2mLarge
[22m[39m[Mock Data] Unit.onUpdate() subscription added. Total: 1
[90mstdout[2m | src/components/UserAvatar.stories.tsx[2m > [22m[2mLarge
[22m[39m[SectionContext] Section observeQuery update: 0
[90mstdout[2m | src/components/UserAvatar.stories.tsx[2m > [22m[2mLarge
[22m[39m[FilesContext] File observeQuery update: 6 files
[90mstdout[2m | src/components/UserAvatar.stories.tsx[2m > [22m[2mLarge
[22m[39m[ChatContext] AssistantChat initialized with 1 chats
[90mstdout[2m | src/components/UserAvatar.stories.tsx[2m > [22m[2mLarge
[22m[39m[ChatContext] Setting initial chat: mock-assistant-chat-1
[90mstdout[2m | src/components/UserAvatar.stories.tsx[2m > [22m[2mLarge
[22m[39m[Mock Storage] downloadData called with: undefined
[90mstdout[2m | src/components/UserAvatar.stories.tsx[2m > [22m[2mLarge
[22m[39m[MOCK CourseVectorStore] Initialized with mock data
[90mstdout[2m | src/components/UserAvatar.stories.tsx[2m > [22m[2mLarge
[22m[39m[FilesContext] Vector store population triggered {
  "currentVectorStoreSize": 3,
  "documentsCount": 0,
  "filesCount": 6,
  "isInitialLoad": true,
}
[90mstdout[2m | src/components/UserAvatar.stories.tsx[2m > [22m[2mLarge
[22m[39m[FilesContext] Vector store population complete - 3 total embeddings
[90mstdout[2m | src/components/UserAvatar.stories.tsx[2m > [22m[2mLarge
[22m[39m[ChatContext] Chat exists and not archived, skipping creation
[90mstdout[2m | src/components/UserAvatar.stories.tsx[2m > [22m[2mWith Streak
[22m[39m[ChatContext] Cleaning up subscriptions
[90mstdout[2m | src/components/UserAvatar.stories.tsx[2m > [22m[2mWith Streak
[22m[39m[Mock Data] Unit.onUpdate() subscription removed. Remaining: 0
[90mstdout[2m | src/components/UserAvatar.stories.tsx[2m > [22m[2mWith Streak
[22m[39m[MOCK CourseVectorStore] Initialized with mock data
[90mstdout[2m | src/components/UserAvatar.stories.tsx[2m > [22m[2mWith Streak
[22m[39m[TranslationModeController] Setting mode to: off
[90mstdout[2m | src/components/UserAvatar.stories.tsx[2m > [22m[2mWith Streak
[22m[39m[UnitContext] useEffect triggered {
  "authLoading": false,
  "hasUser": true,
  "id": "mock-unit-id",
  "userSub": "mock-user-sub",
}
[90mstdout[2m | src/components/UserAvatar.stories.tsx[2m > [22m[2mWith Streak
[22m[39m[UnitContext] Fetching unit data for id: mock-unit-id
[90mstdout[2m | src/components/UserAvatar.stories.tsx[2m > [22m[2mWith Streak
[22m[39m[FilesContext] Initializing vector store from IndexedDB
[90mstdout[2m | src/components/UserAvatar.stories.tsx[2m > [22m[2mWith Streak
[22m[39m[FilesContext] fetchFiles called
[90mstdout[2m | src/components/UserAvatar.stories.tsx[2m > [22m[2mWith Streak
[22m[39m[FilesContext] User authenticated: mock-user-sub
[90mstdout[2m | src/components/UserAvatar.stories.tsx[2m > [22m[2mWith Streak
[22m[39m[FilesContext] Identity ID: us-east-1:mock-identity-123
[90mstdout[2m | src/components/UserAvatar.stories.tsx[2m > [22m[2mWith Streak
[22m[39m[FilesContext] About to set up File observeQuery
[90mstdout[2m | src/components/UserAvatar.stories.tsx[2m > [22m[2mWith Streak
[22m[39m[ChatContext] Setting up AssistantChat observeQuery
[90mstdout[2m | src/components/UserAvatar.stories.tsx[2m > [22m[2mWith Streak
[22m[39m[ChatContext] Waiting for subscription to initialize
[90mstdout[2m | src/components/UserAvatar.stories.tsx[2m > [22m[2mWith Streak
[22m[39m[SettingsContext] Setting up Settings subscription for user: mock-user-sub
[90mstdout[2m | src/components/UserAvatar.stories.tsx[2m > [22m[2mWith Streak
[22m[39m[Mock Data] Settings created: mock-settings-1790418881341 - notified 0 subscribers
[90mstdout[2m | src/components/UserAvatar.stories.tsx[2m > [22m[2mWith Streak
[22m[39m[Mock Data] Unit.onUpdate() subscription added. Total: 1
[90mstdout[2m | src/components/UserAvatar.stories.tsx[2m > [22m[2mWith Streak
[22m[39m[SectionContext] Section observeQuery update: 0
[90mstdout[2m | src/components/UserAvatar.stories.tsx[2m > [22m[2mWith Streak
[22m[39m[FilesContext] File observeQuery update: 6 files
[90mstdout[2m | src/components/UserAvatar.stories.tsx[2m > [22m[2mWith Streak
[22m[39m[ChatContext] AssistantChat initialized with 1 chats
[90mstdout[2m | src/components/UserAvatar.stories.tsx[2m > [22m[2mWith Streak
[22m[39m[ChatContext] Setting initial chat: mock-assistant-chat-1
[90mstdout[2m | src/components/UserAvatar.stories.tsx[2m > [22m[2mWith Streak
[22m[39m[MOCK CourseVectorStore] Initialized with mock data
[90mstdout[2m | src/components/UserAvatar.stories.tsx[2m > [22m[2mWith Streak
[22m[39m[FilesContext] Vector store population triggered {
  "currentVectorStoreSize": 3,
  "documentsCount": 0,
  "filesCount": 6,
  "isInitialLoad": true,
}
[90mstdout[2m | src/components/UserAvatar.stories.tsx[2m > [22m[2mWith Streak
[22m[39m[FilesContext] Vector store population complete - 3 total embeddings
[90mstdout[2m | src/components/UserAvatar.stories.tsx[2m > [22m[2mWith Streak
[22m[39m[ChatContext] Chat exists and not archived, skipping creation
[90mstdout[2m | src/components/UserAvatar.stories.tsx[2m > [22m[2mWith Streak
[22m[39m[Mock Storage] downloadData called with: undefined
[90mstdout[2m | src/components/UserAvatar.stories.tsx[2m > [22m[2mStreak Milestone
[22m[39m[ChatContext] Cleaning up subscriptions
[90mstdout[2m | src/components/UserAvatar.stories.tsx[2m > [22m[2mStreak Milestone
[22m[39m[Mock Data] Unit.onUpdate() subscription removed. Remaining: 0
[90mstdout[2m | src/components/UserAvatar.stories.tsx[2m > [22m[2mStreak Milestone
[22m[39m[MOCK CourseVectorStore] Initialized with mock data
[90mstdout[2m | src/components/UserAvatar.stories.tsx[2m > [22m[2mStreak Milestone
[22m[39m[TranslationModeController] Setting mode to: off
[90mstdout[2m | src/components/UserAvatar.stories.tsx[2m > [22m[2mStreak Milestone
[22m[39m[UnitContext] useEffect triggered {
  "authLoading": false,
  "hasUser": true,
  "id": "mock-unit-id",
  "userSub": "mock-user-sub",
}
[90mstdout[2m | src/components/UserAvatar.stories.tsx[2m > [22m[2mStreak Milestone
[22m[39m[UnitContext] Fetching unit data for id: mock-unit-id
[90mstdout[2m | src/components/UserAvatar.stories.tsx[2m > [22m[2mStreak Milestone
[22m[39m[FilesContext] Initializing vector store from IndexedDB
[90mstdout[2m | src/components/UserAvatar.stories.tsx[2m > [22m[2mStreak Milestone
[22m[39m[FilesContext] fetchFiles called
[90mstdout[2m | src/components/UserAvatar.stories.tsx[2m > [22m[2mStreak Milestone
[22m[39m[FilesContext] User authenticated: mock-user-sub
[90mstdout[2m | src/components/UserAvatar.stories.tsx[2m > [22m[2mStreak Milestone
[22m[39m[FilesContext] Identity ID: us-east-1:mock-identity-123
[90mstdout[2m | src/components/UserAvatar.stories.tsx[2m > [22m[2mStreak Milestone
[22m[39m[FilesContext] About to set up File observeQuery
[90mstdout[2m | src/components/UserAvatar.stories.tsx[2m > [22m[2mStreak Milestone
[22m[39m[ChatContext] Setting up AssistantChat observeQuery
[90mstdout[2m | src/components/UserAvatar.stories.tsx[2m > [22m[2mStreak Milestone
[22m[39m[ChatContext] Waiting for subscription to initialize
[90mstdout[2m | src/components/UserAvatar.stories.tsx[2m > [22m[2mStreak Milestone
[22m[39m[SettingsContext] Setting up Settings subscription for user: mock-user-sub
[90mstdout[2m | src/components/UserAvatar.stories.tsx[2m > [22m[2mStreak Milestone
[22m[39m[Mock Data] Settings created: mock-settings-1790418881452 - notified 0 subscribers
[90mstdout[2m | src/components/UserAvatar.stories.tsx[2m > [22m[2mStreak Milestone
[22m[39m[Mock Data] Unit.onUpdate() subscription added. Total: 1
[90mstdout[2m | src/components/UserAvatar.stories.tsx[2m > [22m[2mStreak Milestone
[22m[39m[SectionContext] Section observeQuery update: 0
[90mstdout[2m | src/components/UserAvatar.stories.tsx[2m > [22m[2mStreak Milestone
[22m[39m[FilesContext] File observeQuery update: 6 files
[90mstdout[2m | src/components/UserAvatar.stories.tsx[2m > [22m[2mStreak Milestone
[22m[39m[ChatContext] AssistantChat initialized with 1 chats
[90mstdout[2m | src/components/UserAvatar.stories.tsx[2m > [22m[2mStreak Milestone
[22m[39m[ChatContext] Setting initial chat: mock-assistant-chat-1
[90mstdout[2m | src/components/UserAvatar.stories.tsx[2m > [22m[2mStreak Milestone
[22m[39m[Mock Storage] downloadData called with: undefined
[90mstdout[2m | src/components/UserAvatar.stories.tsx[2m > [22m[2mStreak Milestone
[22m[39m[MOCK CourseVectorStore] Initialized with mock data
[90mstdout[2m | src/components/UserAvatar.stories.tsx[2m > [22m[2mStreak Milestone
[22m[39m[FilesContext] Vector store population triggered {
  "currentVectorStoreSize": 3,
  "documentsCount": 0,
  "filesCount": 6,
  "isInitialLoad": true,
}
[90mstdout[2m | src/components/UserAvatar.stories.tsx[2m > [22m[2mStreak Milestone
[22m[39m[FilesContext] Vector store population complete - 3 total embeddings
[90mstdout[2m | src/components/UserAvatar.stories.tsx[2m > [22m[2mStreak Milestone
[22m[39m[ChatContext] Chat exists and not archived, skipping creation
[90mstdout[2m | src/components/UserAvatar.stories.tsx[2m > [22m[2mLarge With Streak
[22m[39m[ChatContext] Cleaning up subscriptions
[90mstdout[2m | src/components/UserAvatar.stories.tsx[2m > [22m[2mLarge With Streak
[22m[39m[Mock Data] Unit.onUpdate() subscription removed. Remaining: 0
[90mstdout[2m | src/components/UserAvatar.stories.tsx[2m > [22m[2mLarge With Streak
[22m[39m[MOCK CourseVectorStore] Initialized with mock data
[90mstdout[2m | src/components/UserAvatar.stories.tsx[2m > [22m[2mLarge With Streak
[22m[39m[TranslationModeController] Setting mode to: off
[90mstdout[2m | src/components/UserAvatar.stories.tsx[2m > [22m[2mLarge With Streak
[22m[39m[UnitContext] useEffect triggered {
  "authLoading": false,
  "hasUser": true,
  "id": "mock-unit-id",
  "userSub": "mock-user-sub",
}
[90mstdout[2m | src/components/UserAvatar.stories.tsx[2m > [22m[2mLarge With Streak
[22m[39m[UnitContext] Fetching unit data for id: mock-unit-id
[90mstdout[2m | src/components/UserAvatar.stories.tsx[2m > [22m[2mLarge With Streak
[22m[39m[FilesContext] Initializing vector store from IndexedDB
[90mstdout[2m | src/components/UserAvatar.stories.tsx[2m > [22m[2mLarge With Streak
[22m[39m[FilesContext] fetchFiles called
[90mstdout[2m | src/components/UserAvatar.stories.tsx[2m > [22m[2mLarge With Streak
[22m[39m[FilesContext] User authenticated: mock-user-sub
[90mstdout[2m | src/components/UserAvatar.stories.tsx[2m > [22m[2mLarge With Streak
[22m[39m[FilesContext] Identity ID: us-east-1:mock-identity-123
[90mstdout[2m | src/components/UserAvatar.stories.tsx[2m > [22m[2mLarge With Streak
[22m[39m[FilesContext] About to set up File observeQuery
[90mstdout[2m | src/components/UserAvatar.stories.tsx[2m > [22m[2mLarge With Streak
[22m[39m[ChatContext] Setting up AssistantChat observeQuery
[90mstdout[2m | src/components/UserAvatar.stories.tsx[2m > [22m[2mLarge With Streak
[22m[39m[ChatContext] Waiting for subscription to initialize
[90mstdout[2m | src/components/UserAvatar.stories.tsx[2m > [22m[2mLarge With Streak
[22m[39m[SettingsContext] Setting up Settings subscription for user: mock-user-sub
[90mstdout[2m | src/components/UserAvatar.stories.tsx[2m > [22m[2mLarge With Streak
[22m[39m[Mock Data] Settings created: mock-settings-1790418881536 - notified 0 subscribers
[90mstdout[2m | src/components/UserAvatar.stories.tsx[2m > [22m[2mLarge With Streak
[22m[39m[Mock Data] Unit.onUpdate() subscription added. Total: 1
[90mstdout[2m | src/components/UserAvatar.stories.tsx[2m > [22m[2mLarge With Streak
[22m[39m[SectionContext] Section observeQuery update: 0
[90mstdout[2m | src/components/UserAvatar.stories.tsx[2m > [22m[2mLarge With Streak
[22m[39m[FilesContext] File observeQuery update: 6 files
[90mstdout[2m | src/components/UserAvatar.stories.tsx[2m > [22m[2mLarge With Streak
[22m[39m[ChatContext] AssistantChat initialized with 1 chats
[90mstdout[2m | src/components/UserAvatar.stories.tsx[2m > [22m[2mLarge With Streak
[22m[39m[ChatContext] Setting initial chat: mock-assistant-chat-1
[90mstdout[2m | src/components/UserAvatar.stories.tsx[2m > [22m[2mLarge With Streak
[22m[39m[Mock Storage] downloadData called with: undefined
[90mstdout[2m | src/components/UserAvatar.stories.tsx[2m > [22m[2mLarge With Streak
[22m[39m[MOCK CourseVectorStore] Initialized with mock data
[90mstdout[2m | src/components/UserAvatar.stories.tsx[2m > [22m[2mLarge With Streak
[22m[39m[FilesContext] Vector store population triggered {
  "currentVectorStoreSize": 3,
  "documentsCount": 0,
  "filesCount": 6,
  "isInitialLoad": true,
}
[90mstdout[2m | src/components/UserAvatar.stories.tsx[2m > [22m[2mLarge With Streak
[22m[39m[FilesContext] Vector store population complete - 3 total embeddings
[90mstdout[2m | src/components/UserAvatar.stories.tsx[2m > [22m[2mLarge With Streak
[22m[39m[ChatContext] Chat exists and not archived, skipping creation
[90mstdout[2m | src/components/UserAvatar.stories.tsx[2m > [22m[2mSmall With Streak
[22m[39m[ChatContext] Cleaning up subscriptions
[90mstdout[2m | src/components/UserAvatar.stories.tsx[2m > [22m[2mSmall With Streak
[22m[39m[Mock Data] Unit.onUpdate() subscription removed. Remaining: 0
[90mstdout[2m | src/components/UserAvatar.stories.tsx[2m > [22m[2mSmall With Streak
[22m[39m[MOCK CourseVectorStore] Initialized with mock data
[90mstdout[2m | src/components/UserAvatar.stories.tsx[2m > [22m[2mSmall With Streak
[22m[39m[TranslationModeController] Setting mode to: off
[90mstdout[2m | src/components/UserAvatar.stories.tsx[2m > [22m[2mSmall With Streak
[22m[39m[UnitContext] useEffect triggered {
  "authLoading": false,
  "hasUser": true,
  "id": "mock-unit-id",
  "userSub": "mock-user-sub",
}
[90mstdout[2m | src/components/UserAvatar.stories.tsx[2m > [22m[2mSmall With Streak
[22m[39m[UnitContext] Fetching unit data for id: mock-unit-id
[90mstdout[2m | src/components/UserAvatar.stories.tsx[2m > [22m[2mSmall With Streak
[22m[39m[FilesContext] Initializing vector store from IndexedDB
[90mstdout[2m | src/components/UserAvatar.stories.tsx[2m > [22m[2mSmall With Streak
[22m[39m[FilesContext] fetchFiles called
[90mstdout[2m | src/components/UserAvatar.stories.tsx[2m > [22m[2mSmall With Streak
[22m[39m[FilesContext] User authenticated: mock-user-sub
[90mstdout[2m | src/components/UserAvatar.stories.tsx[2m > [22m[2mSmall With Streak
[22m[39m[FilesContext] Identity ID: us-east-1:mock-identity-123
[90mstdout[2m | src/components/UserAvatar.stories.tsx[2m > [22m[2mSmall With Streak
[22m[39m[FilesContext] About to set up File observeQuery
[90mstdout[2m | src/components/UserAvatar.stories.tsx[2m > [22m[2mSmall With Streak
[22m[39m[ChatContext] Setting up AssistantChat observeQuery
[90mstdout[2m | src/components/UserAvatar.stories.tsx[2m > [22m[2mSmall With Streak
[22m[39m[ChatContext] Waiting for subscription to initialize
[90mstdout[2m | src/components/UserAvatar.stories.tsx[2m > [22m[2mSmall With Streak
[22m[39m[SettingsContext] Setting up Settings subscription for user: mock-user-sub
[90mstdout[2m | src/components/UserAvatar.stories.tsx[2m > [22m[2mSmall With Streak
[22m[39m[Mock Data] Settings created: mock-settings-1790418881621 - notified 0 subscribers
[90mstdout[2m | src/components/UserAvatar.stories.tsx[2m > [22m[2mSmall With Streak
[22m[39m[Mock Data] Unit.onUpdate() subscription added. Total: 1
[90mstdout[2m | src/components/UserAvatar.stories.tsx[2m > [22m[2mSmall With Streak
[22m[39m[SectionContext] Section observeQuery update: 0
[90mstdout[2m | src/components/UserAvatar.stories.tsx[2m > [22m[2mSmall With Streak
[22m[39m[FilesContext] File observeQuery update: 6 files
[90mstdout[2m | src/components/UserAvatar.stories.tsx[2m > [22m[2mSmall With Streak
[22m[39m[ChatContext] AssistantChat initialized with 1 chats
[90mstdout[2m | src/components/UserAvatar.stories.tsx[2m > [22m[2mSmall With Streak
[22m[39m[ChatContext] Setting initial chat: mock-assistant-chat-1
[90mstdout[2m | src/components/UserAvatar.stories.tsx[2m > [22m[2mSmall With Streak
[22m[39m[Mock Storage] downloadData called with: undefined
[90mstdout[2m | src/components/UserAvatar.stories.tsx[2m > [22m[2mSmall With Streak
[22m[39m[MOCK CourseVectorStore] Initialized with mock data
[90mstdout[2m | src/components/UserAvatar.stories.tsx[2m > [22m[2mSmall With Streak
[22m[39m[FilesContext] Vector store population triggered {
  "currentVectorStoreSize": 3,
  "documentsCount": 0,
  "filesCount": 6,
  "isInitialLoad": true,
}
[90mstdout[2m | src/components/UserAvatar.stories.tsx[2m > [22m[2mSmall With Streak
[22m[39m[FilesContext] Vector store population complete - 3 total embeddings
[90mstdout[2m | src/components/UserAvatar.stories.tsx[2m > [22m[2mSmall With Streak
[22m[39m[ChatContext] Chat exists and not archived, skipping creation
[90mstdout[2m | src/components/UserAvatar.stories.tsx[2m > [22m[2mZero Streak
[22m[39m[ChatContext] Cleaning up subscriptions
[90mstdout[2m | src/components/UserAvatar.stories.tsx[2m > [22m[2mZero Streak
[22m[39m[Mock Data] Unit.onUpdate() subscription removed. Remaining: 0
[90mstdout[2m | src/components/UserAvatar.stories.tsx[2m > [22m[2mZero Streak
[22m[39m[MOCK CourseVectorStore] Initialized with mock data
[90mstdout[2m | src/components/UserAvatar.stories.tsx[2m > [22m[2mZero Streak
[22m[39m[TranslationModeController] Setting mode to: off
[90mstdout[2m | src/components/UserAvatar.stories.tsx[2m > [22m[2mZero Streak
[22m[39m[UnitContext] useEffect triggered {
  "authLoading": false,
  "hasUser": true,
  "id": "mock-unit-id",
  "userSub": "mock-user-sub",
}
[90mstdout[2m | src/components/UserAvatar.stories.tsx[2m > [22m[2mZero Streak
[22m[39m[UnitContext] Fetching unit data for id: mock-unit-id
[90mstdout[2m | src/components/UserAvatar.stories.tsx[2m > [22m[2mZero Streak
[22m[39m[FilesContext] Initializing vector store from IndexedDB
[90mstdout[2m | src/components/UserAvatar.stories.tsx[2m > [22m[2mZero Streak
[22m[39m[FilesContext] fetchFiles called
[90mstdout[2m | src/components/UserAvatar.stories.tsx[2m > [22m[2mZero Streak
[22m[39m[FilesContext] User authenticated: mock-user-sub
[90mstdout[2m | src/components/UserAvatar.stories.tsx[2m > [22m[2mZero Streak
[22m[39m[FilesContext] Identity ID: us-east-1:mock-identity-123
[90mstdout[2m | src/components/UserAvatar.stories.tsx[2m > [22m[2mZero Streak
[22m[39m[FilesContext] About to set up File observeQuery
[90mstdout[2m | src/components/UserAvatar.stories.tsx[2m > [22m[2mZero Streak
[22m[39m[ChatContext] Setting up AssistantChat observeQuery
[90mstdout[2m | src/components/UserAvatar.stories.tsx[2m > [22m[2mZero Streak
[22m[39m[ChatContext] Waiting for subscription to initialize
[90mstdout[2m | src/components/UserAvatar.stories.tsx[2m > [22m[2mZero Streak
[22m[39m[SettingsContext] Setting up Settings subscription for user: mock-user-sub
[90mstdout[2m | src/components/UserAvatar.stories.tsx[2m > [22m[2mZero Streak
[22m[39m[Mock Data] Settings created: mock-settings-1790418881725 - notified 0 subscribers
[90mstdout[2m | src/components/UserAvatar.stories.tsx[2m > [22m[2mZero Streak
[22m[39m[Mock Data] Unit.onUpdate() subscription added. Total: 1
[90mstdout[2m | src/components/UserAvatar.stories.tsx[2m > [22m[2mZero Streak
[22m[39m[SectionContext] Section observeQuery update: 0
[90mstdout[2m | src/components/UserAvatar.stories.tsx[2m > [22m[2mZero Streak
[22m[39m[FilesContext] File observeQuery update: 6 files
[90mstdout[2m | src/components/UserAvatar.stories.tsx[2m > [22m[2mZero Streak
[22m[39m[MOCK CourseVectorStore] Initialized with mock data
[90mstdout[2m | src/components/UserAvatar.stories.tsx[2m > [22m[2mZero Streak
[22m[39m[FilesContext] Vector store population triggered {
  "currentVectorStoreSize": 3,
  "documentsCount": 0,
  "filesCount": 6,
  "isInitialLoad": true,
}
[90mstdout[2m | src/components/UserAvatar.stories.tsx[2m > [22m[2mZero Streak
[22m[39m[FilesContext] Vector store population complete - 3 total embeddings
[90mstdout[2m | src/components/UserAvatar.stories.tsx[2m > [22m[2mZero Streak
[22m[39m[ChatContext] AssistantChat initialized with 1 chats
[90mstdout[2m | src/components/UserAvatar.stories.tsx[2m > [22m[2mZero Streak
[22m[39m[ChatContext] Setting initial chat: mock-assistant-chat-1
[90mstdout[2m | src/components/UserAvatar.stories.tsx[2m > [22m[2mZero Streak
[22m[39m[Mock Storage] downloadData called with: undefined
[90mstdout[2m | src/components/UserAvatar.stories.tsx[2m > [22m[2mZero Streak
[22m[39m[ChatContext] Chat exists and not archived, skipping creation
[90mstdout[2m | src/components/UserAvatar.stories.tsx[2m > [22m[2mWith External Src
[22m[39m[ChatContext] Cleaning up subscriptions
[90mstdout[2m | src/components/UserAvatar.stories.tsx[2m > [22m[2mWith External Src
[22m[39m[Mock Data] Unit.onUpdate() subscription removed. Remaining: 0
[90mstdout[2m | src/components/UserAvatar.stories.tsx[2m > [22m[2mWith External Src
[22m[39m[MOCK CourseVectorStore] Initialized with mock data
[90mstdout[2m | src/components/UserAvatar.stories.tsx[2m > [22m[2mWith External Src
[22m[39m[TranslationModeController] Setting mode to: off
[90mstdout[2m | src/components/UserAvatar.stories.tsx[2m > [22m[2mWith External Src
[22m[39m[UnitContext] useEffect triggered {
  "authLoading": false,
  "hasUser": true,
  "id": "mock-unit-id",
  "userSub": "mock-user-sub",
}
[90mstdout[2m | src/components/UserAvatar.stories.tsx[2m > [22m[2mWith External Src
[22m[39m[UnitContext] Fetching unit data for id: mock-unit-id
[90mstdout[2m | src/components/UserAvatar.stories.tsx[2m > [22m[2mWith External Src
[22m[39m[FilesContext] Initializing vector store from IndexedDB
[90mstdout[2m | src/components/UserAvatar.stories.tsx[2m > [22m[2mWith External Src
[22m[39m[FilesContext] fetchFiles called
[90mstdout[2m | src/components/UserAvatar.stories.tsx[2m > [22m[2mWith External Src
[22m[39m[FilesContext] User authenticated: mock-user-sub
[90mstdout[2m | src/components/UserAvatar.stories.tsx[2m > [22m[2mWith External Src
[22m[39m[FilesContext] Identity ID: us-east-1:mock-identity-123
[90mstdout[2m | src/components/UserAvatar.stories.tsx[2m > [22m[2mWith External Src
[22m[39m[FilesContext] About to set up File observeQuery
[90mstdout[2m | src/components/UserAvatar.stories.tsx[2m > [22m[2mWith External Src
[22m[39m[ChatContext] Setting up AssistantChat observeQuery
[90mstdout[2m | src/components/UserAvatar.stories.tsx[2m > [22m[2mWith External Src
[22m[39m[ChatContext] Waiting for subscription to initialize
[90mstdout[2m | src/components/UserAvatar.stories.tsx[2m > [22m[2mWith External Src
[22m[39m[SettingsContext] Setting up Settings subscription for user: mock-user-sub
[90mstdout[2m | src/components/UserAvatar.stories.tsx[2m > [22m[2mWith External Src
[22m[39m[Mock Data] Settings created: mock-settings-1790418881826 - notified 0 subscribers
[90mstdout[2m | src/components/UserAvatar.stories.tsx[2m > [22m[2mWith External Src
[22m[39m[Mock Data] Unit.onUpdate() subscription added. Total: 1
[90mstdout[2m | src/components/UserAvatar.stories.tsx[2m > [22m[2mWith External Src
[22m[39m[SectionContext] Section observeQuery update: 0
[90mstdout[2m | src/components/UserAvatar.stories.tsx[2m > [22m[2mWith External Src
[22m[39m[FilesContext] File observeQuery update: 6 files
[90mstdout[2m | src/components/UserAvatar.stories.tsx[2m > [22m[2mWith External Src
[22m[39m[ChatContext] AssistantChat initialized with 1 chats
[90mstdout[2m | src/components/UserAvatar.stories.tsx[2m > [22m[2mWith External Src
[22m[39m[ChatContext] Setting initial chat: mock-assistant-chat-1
[90mstdout[2m | src/components/UserAvatar.stories.tsx[2m > [22m[2mWith External Src
[22m[39m[Mock Storage] downloadData called with: undefined
[90mstdout[2m | src/components/UserAvatar.stories.tsx[2m > [22m[2mWith External Src
[22m[39m[MOCK CourseVectorStore] Initialized with mock data
[90mstdout[2m | src/components/UserAvatar.stories.tsx[2m > [22m[2mWith External Src
[22m[39m[FilesContext] Vector store population triggered {
  "currentVectorStoreSize": 3,
  "documentsCount": 0,
  "filesCount": 6,
  "isInitialLoad": true,
}
[90mstdout[2m | src/components/UserAvatar.stories.tsx[2m > [22m[2mWith External Src
[22m[39m[FilesContext] Vector store population complete - 3 total embeddings
[90mstdout[2m | src/components/UserAvatar.stories.tsx[2m > [22m[2mWith External Src
[22m[39m[ChatContext] Chat exists and not archived, skipping creation
 [32m✓[39m [30m[45m storybook (chromium) [49m[39m src/components/UserAvatar.stories.tsx [2m([22m[2m9 tests[22m[2m)[22m[33m 962[2mms[22m[39m
[90mstdout[2m | unknown test
[22m[39m[MOCK vectorStoreDB.js] Module loaded - mock IndexedDB operations
[90mstdout[2m | unknown test
[22m[39m[Task Completion] DOM action listeners initialized
[90mstdout[2m | unknown test
[22m[39m[Task Completion] Auto-completion detector initialized
[90mstdout[2m | unknown test
[22m[39m[Preview] Task completion detector initialized
[90mstdout[2m | src/components/DebugPanel/StateInspector.stories.tsx[2m > [22m[2mDefault
[22m[39m[MOCK CourseVectorStore] Initialized with mock data
[90mstdout[2m | src/components/DebugPanel/StateInspector.stories.tsx[2m > [22m[2mDefault
[22m[39m[TranslationModeController] Setting mode to: off
[90mstdout[2m | src/components/DebugPanel/StateInspector.stories.tsx[2m > [22m[2mDefault
[22m[39m[UnitContext] useEffect triggered {
  "authLoading": false,
  "hasUser": true,
  "id": "mock-unit-id",
  "userSub": "mock-user-sub",
}
[90mstdout[2m | src/components/DebugPanel/StateInspector.stories.tsx[2m > [22m[2mDefault
[22m[39m[UnitContext] Fetching unit data for id: mock-unit-id
[90mstdout[2m | src/components/DebugPanel/StateInspector.stories.tsx[2m > [22m[2mDefault
[22m[39m[FilesContext] Initializing vector store from IndexedDB
[90mstdout[2m | src/components/DebugPanel/StateInspector.stories.tsx[2m > [22m[2mDefault
[22m[39m[FilesContext] fetchFiles called
[90mstdout[2m | src/components/DebugPanel/StateInspector.stories.tsx[2m > [22m[2mDefault
[22m[39m[FilesContext] User authenticated: mock-user-sub
[90mstdout[2m | src/components/DebugPanel/StateInspector.stories.tsx[2m > [22m[2mDefault
[22m[39m[FilesContext] Identity ID: us-east-1:mock-identity-123
[90mstdout[2m | src/components/DebugPanel/StateInspector.stories.tsx[2m > [22m[2mDefault
[22m[39m[FilesContext] About to set up File observeQuery
[90mstdout[2m | src/components/DebugPanel/StateInspector.stories.tsx[2m > [22m[2mDefault
[22m[39m[ChatContext] Setting up AssistantChat observeQuery
[90mstdout[2m | src/components/DebugPanel/StateInspector.stories.tsx[2m > [22m[2mDefault
[22m[39m[ChatContext] Waiting for subscription to initialize
[90mstdout[2m | src/components/DebugPanel/StateInspector.stories.tsx[2m > [22m[2mDefault
[22m[39m[SettingsContext] Setting up Settings subscription for user: mock-user-sub
[90mstdout[2m | src/components/DebugPanel/StateInspector.stories.tsx[2m > [22m[2mDefault
[22m[39m[Mock Data] Settings created: mock-settings-1790418882690 - notified 0 subscribers
[90mstdout[2m | src/components/DebugPanel/StateInspector.stories.tsx[2m > [22m[2mDefault
[22m[39m[Mock Data] Unit.onUpdate() subscription added. Total: 1
[90mstdout[2m | src/components/DebugPanel/StateInspector.stories.tsx[2m > [22m[2mDefault
[22m[39m[SectionContext] Section observeQuery update: 0
[90mstdout[2m | src/components/DebugPanel/StateInspector.stories.tsx[2m > [22m[2mDefault
[22m[39m[FilesContext] File observeQuery update: 6 files
[90mstdout[2m | src/components/DebugPanel/StateInspector.stories.tsx[2m > [22m[2mDefault
[22m[39m[ChatContext] AssistantChat initialized with 1 chats
[90mstdout[2m | src/components/DebugPanel/StateInspector.stories.tsx[2m > [22m[2mDefault
[22m[39m[ChatContext] Setting initial chat: mock-assistant-chat-1
[90mstdout[2m | src/components/DebugPanel/StateInspector.stories.tsx[2m > [22m[2mDefault
[22m[39m[MOCK CourseVectorStore] Initialized with mock data
[90mstdout[2m | src/components/DebugPanel/StateInspector.stories.tsx[2m > [22m[2mDefault
[22m[39m[FilesContext] Vector store population triggered {
  "currentVectorStoreSize": 3,
  "documentsCount": 0,
  "filesCount": 6,
  "isInitialLoad": true,
}
[90mstdout[2m | src/components/DebugPanel/StateInspector.stories.tsx[2m > [22m[2mDefault
[22m[39m[FilesContext] Vector store population complete - 3 total embeddings
[90mstdout[2m | src/components/DebugPanel/StateInspector.stories.tsx[2m > [22m[2mDefault
[22m[39m[ChatContext] Chat exists and not archived, skipping creation
[90mstdout[2m | src/components/DebugPanel/StateInspector.stories.tsx[2m > [22m[2mDefault
[22m[39m[Mock Storage] downloadData called with: undefined
[90mstdout[2m | src/components/DebugPanel/StateInspector.stories.tsx[2m > [22m[2mEmpty State
[22m[39m[ChatContext] Cleaning up subscriptions
[90mstdout[2m | src/components/DebugPanel/StateInspector.stories.tsx[2m > [22m[2mEmpty State
[22m[39m[Mock Data] Unit.onUpdate() subscription removed. Remaining: 0
[90mstdout[2m | src/components/DebugPanel/StateInspector.stories.tsx[2m > [22m[2mEmpty State
[22m[39m[MOCK CourseVectorStore] Initialized with mock data
[90mstdout[2m | src/components/DebugPanel/StateInspector.stories.tsx[2m > [22m[2mEmpty State
[22m[39m[TranslationModeController] Setting mode to: off
[90mstdout[2m | src/components/DebugPanel/StateInspector.stories.tsx[2m > [22m[2mEmpty State
[22m[39m[UnitContext] useEffect triggered {
  "authLoading": false,
  "hasUser": true,
  "id": "mock-unit-id",
  "userSub": "mock-user-sub",
}
[90mstdout[2m | src/components/DebugPanel/StateInspector.stories.tsx[2m > [22m[2mEmpty State
[22m[39m[UnitContext] Fetching unit data for id: mock-unit-id
[90mstdout[2m | src/components/DebugPanel/StateInspector.stories.tsx[2m > [22m[2mEmpty State
[22m[39m[FilesContext] Initializing vector store from IndexedDB
[90mstdout[2m | src/components/DebugPanel/StateInspector.stories.tsx[2m > [22m[2mEmpty State
[22m[39m[FilesContext] fetchFiles called
[90mstdout[2m | src/components/DebugPanel/StateInspector.stories.tsx[2m > [22m[2mEmpty State
[22m[39m[FilesContext] User authenticated: mock-user-sub
[90mstdout[2m | src/components/DebugPanel/StateInspector.stories.tsx[2m > [22m[2mEmpty State
[22m[39m[FilesContext] Identity ID: us-east-1:mock-identity-123
[90mstdout[2m | src/components/DebugPanel/StateInspector.stories.tsx[2m > [22m[2mEmpty State
[22m[39m[FilesContext] About to set up File observeQuery
[90mstdout[2m | src/components/DebugPanel/StateInspector.stories.tsx[2m > [22m[2mEmpty State
[22m[39m[ChatContext] Setting up AssistantChat observeQuery
[90mstdout[2m | src/components/DebugPanel/StateInspector.stories.tsx[2m > [22m[2mEmpty State
[22m[39m[ChatContext] Waiting for subscription to initialize
[90mstdout[2m | src/components/DebugPanel/StateInspector.stories.tsx[2m > [22m[2mEmpty State
[22m[39m[SettingsContext] Setting up Settings subscription for user: mock-user-sub
[90mstdout[2m | src/components/DebugPanel/StateInspector.stories.tsx[2m > [22m[2mEmpty State
[22m[39m[Mock Data] Settings created: mock-settings-1790418883303 - notified 0 subscribers
[90mstdout[2m | src/components/DebugPanel/StateInspector.stories.tsx[2m > [22m[2mEmpty State
[22m[39m[Mock Data] Unit.onUpdate() subscription added. Total: 1
[90mstdout[2m | src/components/DebugPanel/StateInspector.stories.tsx[2m > [22m[2mEmpty State
[22m[39m[SectionContext] Section observeQuery update: 0
[90mstdout[2m | src/components/DebugPanel/StateInspector.stories.tsx[2m > [22m[2mEmpty State
[22m[39m[FilesContext] File observeQuery update: 6 files
[90mstdout[2m | src/components/DebugPanel/StateInspector.stories.tsx[2m > [22m[2mEmpty State
[22m[39m[ChatContext] AssistantChat initialized with 1 chats
[90mstdout[2m | src/components/DebugPanel/StateInspector.stories.tsx[2m > [22m[2mEmpty State
[22m[39m[ChatContext] Setting initial chat: mock-assistant-chat-1
[90mstdout[2m | src/components/DebugPanel/StateInspector.stories.tsx[2m > [22m[2mEmpty State
[22m[39m[MOCK CourseVectorStore] Initialized with mock data
[90mstdout[2m | src/components/DebugPanel/StateInspector.stories.tsx[2m > [22m[2mEmpty State
[22m[39m[FilesContext] Vector store population triggered {
  "currentVectorStoreSize": 3,
  "documentsCount": 0,
  "filesCount": 6,
  "isInitialLoad": true,
}
[90mstdout[2m | src/components/DebugPanel/StateInspector.stories.tsx[2m > [22m[2mEmpty State
[22m[39m[FilesContext] Vector store population complete - 3 total embeddings
[90mstdout[2m | src/components/DebugPanel/StateInspector.stories.tsx[2m > [22m[2mEmpty State
[22m[39m[ChatContext] Chat exists and not archived, skipping creation
[90mstdout[2m | src/components/DebugPanel/StateInspector.stories.tsx[2m > [22m[2mEmpty State
[22m[39m[Mock Storage] downloadData called with: undefined
[90mstdout[2m | src/components/DebugPanel/StateInspector.stories.tsx[2m > [22m[2mWith Errors
[22m[39m[ChatContext] Cleaning up subscriptions
[90mstdout[2m | src/components/DebugPanel/StateInspector.stories.tsx[2m > [22m[2mWith Errors
[22m[39m[Mock Data] Unit.onUpdate() subscription removed. Remaining: 0
[90mstdout[2m | src/components/DebugPanel/StateInspector.stories.tsx[2m > [22m[2mWith Errors
[22m[39m[MOCK CourseVectorStore] Initialized with mock data
[90mstdout[2m | src/components/DebugPanel/StateInspector.stories.tsx[2m > [22m[2mWith Errors
[22m[39m[TranslationModeController] Setting mode to: off
[90mstdout[2m | src/components/DebugPanel/StateInspector.stories.tsx[2m > [22m[2mWith Errors
[22m[39m[UnitContext] useEffect triggered {
  "authLoading": false,
  "hasUser": true,
  "id": "mock-unit-id",
  "userSub": "mock-user-sub",
}
[90mstdout[2m | src/components/DebugPanel/StateInspector.stories.tsx[2m > [22m[2mWith Errors
[22m[39m[UnitContext] Fetching unit data for id: mock-unit-id
[90mstdout[2m | src/components/DebugPanel/StateInspector.stories.tsx[2m > [22m[2mWith Errors
[22m[39m[FilesContext] Initializing vector store from IndexedDB
[90mstdout[2m | src/components/DebugPanel/StateInspector.stories.tsx[2m > [22m[2mWith Errors
[22m[39m[FilesContext] fetchFiles called
[90mstdout[2m | src/components/DebugPanel/StateInspector.stories.tsx[2m > [22m[2mWith Errors
[22m[39m[FilesContext] User authenticated: mock-user-sub
[90mstdout[2m | src/components/DebugPanel/StateInspector.stories.tsx[2m > [22m[2mWith Errors
[22m[39m[FilesContext] Identity ID: us-east-1:mock-identity-123
[90mstdout[2m | src/components/DebugPanel/StateInspector.stories.tsx[2m > [22m[2mWith Errors
[22m[39m[FilesContext] About to set up File observeQuery
[90mstdout[2m | src/components/DebugPanel/StateInspector.stories.tsx[2m > [22m[2mWith Errors
[22m[39m[ChatContext] Setting up AssistantChat observeQuery
[90mstdout[2m | src/components/DebugPanel/StateInspector.stories.tsx[2m > [22m[2mWith Errors
[22m[39m[ChatContext] Waiting for subscription to initialize
[90mstdout[2m | src/components/DebugPanel/StateInspector.stories.tsx[2m > [22m[2mWith Errors
[22m[39m[SettingsContext] Setting up Settings subscription for user: mock-user-sub
[90mstdout[2m | src/components/DebugPanel/StateInspector.stories.tsx[2m > [22m[2mWith Errors
[22m[39m[Mock Data] Settings created: mock-settings-1790418883571 - notified 0 subscribers
[90mstdout[2m | src/components/DebugPanel/StateInspector.stories.tsx[2m > [22m[2mWith Errors
[22m[39m[Mock Data] Unit.onUpdate() subscription added. Total: 1
[90mstdout[2m | src/components/DebugPanel/StateInspector.stories.tsx[2m > [22m[2mWith Errors
[22m[39m[SectionContext] Section observeQuery update: 0
[90mstdout[2m | src/components/DebugPanel/StateInspector.stories.tsx[2m > [22m[2mWith Errors
[22m[39m[FilesContext] File observeQuery update: 6 files
[90mstdout[2m | src/components/DebugPanel/StateInspector.stories.tsx[2m > [22m[2mWith Errors
[22m[39m[ChatContext] AssistantChat initialized with 1 chats
[90mstdout[2m | src/components/DebugPanel/StateInspector.stories.tsx[2m > [22m[2mWith Errors
[22m[39m[ChatContext] Setting initial chat: mock-assistant-chat-1
[90mstdout[2m | src/components/DebugPanel/StateInspector.stories.tsx[2m > [22m[2mWith Errors
[22m[39m[MOCK CourseVectorStore] Initialized with mock data
[90mstdout[2m | src/components/DebugPanel/StateInspector.stories.tsx[2m > [22m[2mWith Errors
[22m[39m[FilesContext] Vector store population triggered {
  "currentVectorStoreSize": 3,
  "documentsCount": 0,
  "filesCount": 6,
  "isInitialLoad": true,
}
[90mstdout[2m | src/components/DebugPanel/StateInspector.stories.tsx[2m > [22m[2mWith Errors
[22m[39m[FilesContext] Vector store population complete - 3 total embeddings
[90mstdout[2m | src/components/DebugPanel/StateInspector.stories.tsx[2m > [22m[2mWith Errors
[22m[39m[ChatContext] Chat exists and not archived, skipping creation
[90mstdout[2m | src/components/DebugPanel/StateInspector.stories.tsx[2m > [22m[2mWith Errors
[22m[39m[Mock Storage] downloadData called with: undefined
[90mstdout[2m | src/components/DebugPanel/StateInspector.stories.tsx[2m > [22m[2mLarge Data Set
[22m[39m[ChatContext] Cleaning up subscriptions
[90mstdout[2m | src/components/DebugPanel/StateInspector.stories.tsx[2m > [22m[2mLarge Data Set
[22m[39m[Mock Data] Unit.onUpdate() subscription removed. Remaining: 0
[90mstdout[2m | src/components/DebugPanel/StateInspector.stories.tsx[2m > [22m[2mLarge Data Set
[22m[39m[MOCK CourseVectorStore] Initialized with mock data
[90mstdout[2m | src/components/DebugPanel/StateInspector.stories.tsx[2m > [22m[2mLarge Data Set
[22m[39m[TranslationModeController] Setting mode to: off
[90mstdout[2m | src/components/DebugPanel/StateInspector.stories.tsx[2m > [22m[2mLarge Data Set
[22m[39m[UnitContext] useEffect triggered {
  "authLoading": false,
  "hasUser": true,
  "id": "mock-unit-id",
  "userSub": "mock-user-sub",
}
[90mstdout[2m | src/components/DebugPanel/StateInspector.stories.tsx[2m > [22m[2mLarge Data Set
[22m[39m[UnitContext] Fetching unit data for id: mock-unit-id
[90mstdout[2m | src/components/DebugPanel/StateInspector.stories.tsx[2m > [22m[2mLarge Data Set
[22m[39m[FilesContext] Initializing vector store from IndexedDB
[90mstdout[2m | src/components/DebugPanel/StateInspector.stories.tsx[2m > [22m[2mLarge Data Set
[22m[39m[FilesContext] fetchFiles called
[90mstdout[2m | src/components/DebugPanel/StateInspector.stories.tsx[2m > [22m[2mLarge Data Set
[22m[39m[FilesContext] User authenticated: mock-user-sub
[90mstdout[2m | src/components/DebugPanel/StateInspector.stories.tsx[2m > [22m[2mLarge Data Set
[22m[39m[FilesContext] Identity ID: us-east-1:mock-identity-123
[90mstdout[2m | src/components/DebugPanel/StateInspector.stories.tsx[2m > [22m[2mLarge Data Set
[22m[39m[FilesContext] About to set up File observeQuery
[90mstdout[2m | src/components/DebugPanel/StateInspector.stories.tsx[2m > [22m[2mLarge Data Set
[22m[39m[ChatContext] Setting up AssistantChat observeQuery
[90mstdout[2m | src/components/DebugPanel/StateInspector.stories.tsx[2m > [22m[2mLarge Data Set
[22m[39m[ChatContext] Waiting for subscription to initialize
[90mstdout[2m | src/components/DebugPanel/StateInspector.stories.tsx[2m > [22m[2mLarge Data Set
[22m[39m[SettingsContext] Setting up Settings subscription for user: mock-user-sub
[90mstdout[2m | src/components/DebugPanel/StateInspector.stories.tsx[2m > [22m[2mLarge Data Set
[22m[39m[Mock Data] Settings created: mock-settings-1790418883769 - notified 0 subscribers
[90mstdout[2m | src/components/DebugPanel/StateInspector.stories.tsx[2m > [22m[2mLarge Data Set
[22m[39m[Mock Data] Unit.onUpdate() subscription added. Total: 1
[90mstdout[2m | src/components/DebugPanel/StateInspector.stories.tsx[2m > [22m[2mLarge Data Set
[22m[39m[SectionContext] Section observeQuery update: 0
[90mstdout[2m | src/components/DebugPanel/StateInspector.stories.tsx[2m > [22m[2mLarge Data Set
[22m[39m[FilesContext] File observeQuery update: 6 files
[90mstdout[2m | src/components/DebugPanel/StateInspector.stories.tsx[2m > [22m[2mLarge Data Set
[22m[39m[ChatContext] AssistantChat initialized with 1 chats
[90mstdout[2m | src/components/DebugPanel/StateInspector.stories.tsx[2m > [22m[2mLarge Data Set
[22m[39m[ChatContext] Setting initial chat: mock-assistant-chat-1
[90mstdout[2m | src/components/DebugPanel/StateInspector.stories.tsx[2m > [22m[2mLarge Data Set
[22m[39m[MOCK CourseVectorStore] Initialized with mock data
[90mstdout[2m | src/components/DebugPanel/StateInspector.stories.tsx[2m > [22m[2mLarge Data Set
[22m[39m[FilesContext] Vector store population triggered {
  "currentVectorStoreSize": 3,
  "documentsCount": 0,
  "filesCount": 6,
  "isInitialLoad": true,
}
[90mstdout[2m | src/components/DebugPanel/StateInspector.stories.tsx[2m > [22m[2mLarge Data Set
[22m[39m[FilesContext] Vector store population complete - 3 total embeddings
[90mstdout[2m | src/components/DebugPanel/StateInspector.stories.tsx[2m > [22m[2mLarge Data Set
[22m[39m[ChatContext] Chat exists and not archived, skipping creation
[90mstdout[2m | src/components/DebugPanel/StateInspector.stories.tsx[2m > [22m[2mLarge Data Set
[22m[39m[Mock Storage] downloadData called with: undefined
 [32m✓[39m [30m[45m storybook (chromium) [49m[39m src/components/DebugPanel/StateInspector.stories.tsx [2m([22m[2m4 tests[22m[2m)[22m[33m 1387[2mms[22m[39m
   [33m[2m✓[22m[39m Default [33m 582[2mms[22m[39m
   [33m[2m✓[22m[39m Empty State [33m 407[2mms[22m[39m
[90mstdout[2m | unknown test
[22m[39m[MOCK vectorStoreDB.js] Module loaded - mock IndexedDB operations
[90mstdout[2m | unknown test
[22m[39m[Task Completion] DOM action listeners initialized
[90mstdout[2m | unknown test
[22m[39m[Task Completion] Auto-completion detector initialized
[90mstdout[2m | unknown test
[22m[39m[Preview] Task completion detector initialized
[90mstdout[2m | src/components/CampaignProgress.stories.tsx[2m > [22m[2mIn Progress
[22m[39m[MOCK CourseVectorStore] Initialized with mock data
[90mstdout[2m | src/components/CampaignProgress.stories.tsx[2m > [22m[2mIn Progress
[22m[39m[TranslationModeController] Setting mode to: off
[90mstdout[2m | src/components/CampaignProgress.stories.tsx[2m > [22m[2mIn Progress
[22m[39m[UnitContext] useEffect triggered {
  "authLoading": false,
  "hasUser": true,
  "id": "mock-unit-id",
  "userSub": "mock-user-sub",
}
[90mstdout[2m | src/components/CampaignProgress.stories.tsx[2m > [22m[2mIn Progress
[22m[39m[UnitContext] Fetching unit data for id: mock-unit-id
[90mstdout[2m | src/components/CampaignProgress.stories.tsx[2m > [22m[2mIn Progress
[22m[39m[FilesContext] Initializing vector store from IndexedDB
[90mstdout[2m | src/components/CampaignProgress.stories.tsx[2m > [22m[2mIn Progress
[22m[39m[FilesContext] fetchFiles called
[90mstdout[2m | src/components/CampaignProgress.stories.tsx[2m > [22m[2mIn Progress
[22m[39m[FilesContext] User authenticated: mock-user-sub
[90mstdout[2m | src/components/CampaignProgress.stories.tsx[2m > [22m[2mIn Progress
[22m[39m[FilesContext] Identity ID: us-east-1:mock-identity-123
[90mstdout[2m | src/components/CampaignProgress.stories.tsx[2m > [22m[2mIn Progress
[22m[39m[FilesContext] About to set up File observeQuery
[90mstdout[2m | src/components/CampaignProgress.stories.tsx[2m > [22m[2mIn Progress
[22m[39m[ChatContext] Setting up AssistantChat observeQuery
[90mstdout[2m | src/components/CampaignProgress.stories.tsx[2m > [22m[2mIn Progress
[22m[39m[ChatContext] Waiting for subscription to initialize
[90mstdout[2m | src/components/CampaignProgress.stories.tsx[2m > [22m[2mIn Progress
[22m[39m[SettingsContext] Setting up Settings subscription for user: mock-user-sub
[90mstdout[2m | src/components/CampaignProgress.stories.tsx[2m > [22m[2mIn Progress
[22m[39m[Mock Data] Settings created: mock-settings-1790418884533 - notified 0 subscribers
[90mstdout[2m | src/components/CampaignProgress.stories.tsx[2m > [22m[2mIn Progress
[22m[39m[Mock Data] Unit.onUpdate() subscription added. Total: 1
[90mstdout[2m | src/components/CampaignProgress.stories.tsx[2m > [22m[2mIn Progress
[22m[39m[SectionContext] Section observeQuery update: 0
[90mstdout[2m | src/components/CampaignProgress.stories.tsx[2m > [22m[2mIn Progress
[22m[39m[FilesContext] File observeQuery update: 6 files
[90mstdout[2m | src/components/CampaignProgress.stories.tsx[2m > [22m[2mIn Progress
[22m[39m[ChatContext] AssistantChat initialized with 1 chats
[90mstdout[2m | src/components/CampaignProgress.stories.tsx[2m > [22m[2mIn Progress
[22m[39m[ChatContext] Setting initial chat: mock-assistant-chat-1
[90mstdout[2m | src/components/CampaignProgress.stories.tsx[2m > [22m[2mIn Progress
[22m[39m[MOCK CourseVectorStore] Initialized with mock data
[90mstdout[2m | src/components/CampaignProgress.stories.tsx[2m > [22m[2mIn Progress
[22m[39m[FilesContext] Vector store population triggered {
  "currentVectorStoreSize": 3,
  "documentsCount": 0,
  "filesCount": 6,
  "isInitialLoad": true,
}
[90mstdout[2m | src/components/CampaignProgress.stories.tsx[2m > [22m[2mIn Progress
[22m[39m[FilesContext] Vector store population complete - 3 total embeddings
[90mstdout[2m | src/components/CampaignProgress.stories.tsx[2m > [22m[2mIn Progress
[22m[39m[ChatContext] Chat exists and not archived, skipping creation
[90mstdout[2m | src/components/CampaignProgress.stories.tsx[2m > [22m[2mIn Progress
[22m[39m[Mock Storage] downloadData called with: undefined
[90mstdout[2m | src/components/CampaignProgress.stories.tsx[2m > [22m[2mCompleted
[22m[39m[ChatContext] Cleaning up subscriptions
[90mstdout[2m | src/components/CampaignProgress.stories.tsx[2m > [22m[2mCompleted
[22m[39m[Mock Data] Unit.onUpdate() subscription removed. Remaining: 0
[90mstdout[2m | src/components/CampaignProgress.stories.tsx[2m > [22m[2mCompleted
[22m[39m[MOCK CourseVectorStore] Initialized with mock data
[90mstdout[2m | src/components/CampaignProgress.stories.tsx[2m > [22m[2mCompleted
[22m[39m[TranslationModeController] Setting mode to: off
[90mstdout[2m | src/components/CampaignProgress.stories.tsx[2m > [22m[2mCompleted
[22m[39m[UnitContext] useEffect triggered {
  "authLoading": false,
  "hasUser": true,
  "id": "mock-unit-id",
  "userSub": "mock-user-sub",
}
[90mstdout[2m | src/components/CampaignProgress.stories.tsx[2m > [22m[2mCompleted
[22m[39m[UnitContext] Fetching unit data for id: mock-unit-id
[90mstdout[2m | src/components/CampaignProgress.stories.tsx[2m > [22m[2mCompleted
[22m[39m[FilesContext] Initializing vector store from IndexedDB
[90mstdout[2m | src/components/CampaignProgress.stories.tsx[2m > [22m[2mCompleted
[22m[39m[FilesContext] fetchFiles called
[90mstdout[2m | src/components/CampaignProgress.stories.tsx[2m > [22m[2mCompleted
[22m[39m[FilesContext] User authenticated: mock-user-sub
[90mstdout[2m | src/components/CampaignProgress.stories.tsx[2m > [22m[2mCompleted
[22m[39m[FilesContext] Identity ID: us-east-1:mock-identity-123
[90mstdout[2m | src/components/CampaignProgress.stories.tsx[2m > [22m[2mCompleted
[22m[39m[FilesContext] About to set up File observeQuery
[90mstdout[2m | src/components/CampaignProgress.stories.tsx[2m > [22m[2mCompleted
[22m[39m[ChatContext] Setting up AssistantChat observeQuery
[90mstdout[2m | src/components/CampaignProgress.stories.tsx[2m > [22m[2mCompleted
[22m[39m[ChatContext] Waiting for subscription to initialize
[90mstdout[2m | src/components/CampaignProgress.stories.tsx[2m > [22m[2mCompleted
[22m[39m[SettingsContext] Setting up Settings subscription for user: mock-user-sub
[90mstdout[2m | src/components/CampaignProgress.stories.tsx[2m > [22m[2mCompleted
[22m[39m[Mock Data] Settings created: mock-settings-1790418884786 - notified 0 subscribers
[90mstdout[2m | src/components/CampaignProgress.stories.tsx[2m > [22m[2mCompleted
[22m[39m[Mock Data] Unit.onUpdate() subscription added. Total: 1
[90mstdout[2m | src/components/CampaignProgress.stories.tsx[2m > [22m[2mCompleted
[22m[39m[SectionContext] Section observeQuery update: 0
[90mstdout[2m | src/components/CampaignProgress.stories.tsx[2m > [22m[2mCompleted
[22m[39m[FilesContext] File observeQuery update: 6 files
[90mstdout[2m | src/components/CampaignProgress.stories.tsx[2m > [22m[2mCompleted
[22m[39m[ChatContext] AssistantChat initialized with 1 chats
[90mstdout[2m | src/components/CampaignProgress.stories.tsx[2m > [22m[2mCompleted
[22m[39m[ChatContext] Setting initial chat: mock-assistant-chat-1
[90mstdout[2m | src/components/CampaignProgress.stories.tsx[2m > [22m[2mCompleted
[22m[39m[MOCK CourseVectorStore] Initialized with mock data
[90mstdout[2m | src/components/CampaignProgress.stories.tsx[2m > [22m[2mCompleted
[22m[39m[FilesContext] Vector store population triggered {
  "currentVectorStoreSize": 3,
  "documentsCount": 0,
  "filesCount": 6,
  "isInitialLoad": true,
}
[90mstdout[2m | src/components/CampaignProgress.stories.tsx[2m > [22m[2mCompleted
[22m[39m[FilesContext] Vector store population complete - 3 total embeddings
[90mstdout[2m | src/components/CampaignProgress.stories.tsx[2m > [22m[2mCompleted
[22m[39m[ChatContext] Chat exists and not archived, skipping creation
[90mstdout[2m | src/components/CampaignProgress.stories.tsx[2m > [22m[2mCompleted
[22m[39m[Mock Storage] downloadData called with: undefined
[90mstdout[2m | src/components/CampaignProgress.stories.tsx[2m > [22m[2mUrgent Deadline
[22m[39m[ChatContext] Cleaning up subscriptions
[90mstdout[2m | src/components/CampaignProgress.stories.tsx[2m > [22m[2mUrgent Deadline
[22m[39m[Mock Data] Unit.onUpdate() subscription removed. Remaining: 0
[90mstdout[2m | src/components/CampaignProgress.stories.tsx[2m > [22m[2mUrgent Deadline
[22m[39m[MOCK CourseVectorStore] Initialized with mock data
[90mstdout[2m | src/components/CampaignProgress.stories.tsx[2m > [22m[2mUrgent Deadline
[22m[39m[TranslationModeController] Setting mode to: off
[90mstdout[2m | src/components/CampaignProgress.stories.tsx[2m > [22m[2mUrgent Deadline
[22m[39m[UnitContext] useEffect triggered {
  "authLoading": false,
  "hasUser": true,
  "id": "mock-unit-id",
  "userSub": "mock-user-sub",
}
[90mstdout[2m | src/components/CampaignProgress.stories.tsx[2m > [22m[2mUrgent Deadline
[22m[39m[UnitContext] Fetching unit data for id: mock-unit-id
[90mstdout[2m | src/components/CampaignProgress.stories.tsx[2m > [22m[2mUrgent Deadline
[22m[39m[FilesContext] Initializing vector store from IndexedDB
[90mstdout[2m | src/components/CampaignProgress.stories.tsx[2m > [22m[2mUrgent Deadline
[22m[39m[FilesContext] fetchFiles called
[90mstdout[2m | src/components/CampaignProgress.stories.tsx[2m > [22m[2mUrgent Deadline
[22m[39m[FilesContext] User authenticated: mock-user-sub
[90mstdout[2m | src/components/CampaignProgress.stories.tsx[2m > [22m[2mUrgent Deadline
[22m[39m[FilesContext] Identity ID: us-east-1:mock-identity-123
[90mstdout[2m | src/components/CampaignProgress.stories.tsx[2m > [22m[2mUrgent Deadline
[22m[39m[FilesContext] About to set up File observeQuery
[90mstdout[2m | src/components/CampaignProgress.stories.tsx[2m > [22m[2mUrgent Deadline
[22m[39m[ChatContext] Setting up AssistantChat observeQuery
[90mstdout[2m | src/components/CampaignProgress.stories.tsx[2m > [22m[2mUrgent Deadline
[22m[39m[ChatContext] Waiting for subscription to initialize
[90mstdout[2m | src/components/CampaignProgress.stories.tsx[2m > [22m[2mUrgent Deadline
[22m[39m[SettingsContext] Setting up Settings subscription for user: mock-user-sub
[90mstdout[2m | src/components/CampaignProgress.stories.tsx[2m > [22m[2mUrgent Deadline
[22m[39m[Mock Data] Settings created: mock-settings-1790418884971 - notified 0 subscribers
[90mstdout[2m | src/components/CampaignProgress.stories.tsx[2m > [22m[2mUrgent Deadline
[22m[39m[Mock Data] Unit.onUpdate() subscription added. Total: 1
[90mstdout[2m | src/components/CampaignProgress.stories.tsx[2m > [22m[2mUrgent Deadline
[22m[39m[SectionContext] Section observeQuery update: 0
[90mstdout[2m | src/components/CampaignProgress.stories.tsx[2m > [22m[2mUrgent Deadline
[22m[39m[FilesContext] File observeQuery update: 6 files
[90mstdout[2m | src/components/CampaignProgress.stories.tsx[2m > [22m[2mUrgent Deadline
[22m[39m[ChatContext] AssistantChat initialized with 1 chats
[90mstdout[2m | src/components/CampaignProgress.stories.tsx[2m > [22m[2mUrgent Deadline
[22m[39m[ChatContext] Setting initial chat: mock-assistant-chat-1
[90mstdout[2m | src/components/CampaignProgress.stories.tsx[2m > [22m[2mUrgent Deadline
[22m[39m[MOCK CourseVectorStore] Initialized with mock data
[90mstdout[2m | src/components/CampaignProgress.stories.tsx[2m > [22m[2mUrgent Deadline
[22m[39m[FilesContext] Vector store population triggered {
  "currentVectorStoreSize": 3,
  "documentsCount": 0,
  "filesCount": 6,
  "isInitialLoad": true,
}
[90mstdout[2m | src/components/CampaignProgress.stories.tsx[2m > [22m[2mUrgent Deadline
[22m[39m[FilesContext] Vector store population complete - 3 total embeddings
[90mstdout[2m | src/components/CampaignProgress.stories.tsx[2m > [22m[2mUrgent Deadline
[22m[39m[ChatContext] Chat exists and not archived, skipping creation
[90mstdout[2m | src/components/CampaignProgress.stories.tsx[2m > [22m[2mUrgent Deadline
[22m[39m[Mock Storage] downloadData called with: undefined
[90mstdout[2m | src/components/CampaignProgress.stories.tsx[2m > [22m[2mSimple Progress
[22m[39m[ChatContext] Cleaning up subscriptions
[90mstdout[2m | src/components/CampaignProgress.stories.tsx[2m > [22m[2mSimple Progress
[22m[39m[Mock Data] Unit.onUpdate() subscription removed. Remaining: 0
[90mstdout[2m | src/components/CampaignProgress.stories.tsx[2m > [22m[2mSimple Progress
[22m[39m[MOCK CourseVectorStore] Initialized with mock data
[90mstdout[2m | src/components/CampaignProgress.stories.tsx[2m > [22m[2mSimple Progress
[22m[39m[TranslationModeController] Setting mode to: off
[90mstdout[2m | src/components/CampaignProgress.stories.tsx[2m > [22m[2mSimple Progress
[22m[39m[UnitContext] useEffect triggered {
  "authLoading": false,
  "hasUser": true,
  "id": "mock-unit-id",
  "userSub": "mock-user-sub",
}
[90mstdout[2m | src/components/CampaignProgress.stories.tsx[2m > [22m[2mSimple Progress
[22m[39m[UnitContext] Fetching unit data for id: mock-unit-id
[90mstdout[2m | src/components/CampaignProgress.stories.tsx[2m > [22m[2mSimple Progress
[22m[39m[FilesContext] Initializing vector store from IndexedDB
[90mstdout[2m | src/components/CampaignProgress.stories.tsx[2m > [22m[2mSimple Progress
[22m[39m[FilesContext] fetchFiles called
[90mstdout[2m | src/components/CampaignProgress.stories.tsx[2m > [22m[2mSimple Progress
[22m[39m[FilesContext] User authenticated: mock-user-sub
[90mstdout[2m | src/components/CampaignProgress.stories.tsx[2m > [22m[2mSimple Progress
[22m[39m[FilesContext] Identity ID: us-east-1:mock-identity-123
[90mstdout[2m | src/components/CampaignProgress.stories.tsx[2m > [22m[2mSimple Progress
[22m[39m[FilesContext] About to set up File observeQuery
[90mstdout[2m | src/components/CampaignProgress.stories.tsx[2m > [22m[2mSimple Progress
[22m[39m[ChatContext] Setting up AssistantChat observeQuery
[90mstdout[2m | src/components/CampaignProgress.stories.tsx[2m > [22m[2mSimple Progress
[22m[39m[ChatContext] Waiting for subscription to initialize
[90mstdout[2m | src/components/CampaignProgress.stories.tsx[2m > [22m[2mSimple Progress
[22m[39m[SettingsContext] Setting up Settings subscription for user: mock-user-sub
[90mstdout[2m | src/components/CampaignProgress.stories.tsx[2m > [22m[2mSimple Progress
[22m[39m[Mock Data] Settings created: mock-settings-1790418885120 - notified 0 subscribers
[90mstdout[2m | src/components/CampaignProgress.stories.tsx[2m > [22m[2mSimple Progress
[22m[39m[Mock Data] Unit.onUpdate() subscription added. Total: 1
[90mstdout[2m | src/components/CampaignProgress.stories.tsx[2m > [22m[2mSimple Progress
[22m[39m[SectionContext] Section observeQuery update: 0
[90mstdout[2m | src/components/CampaignProgress.stories.tsx[2m > [22m[2mSimple Progress
[22m[39m[FilesContext] File observeQuery update: 6 files
[90mstdout[2m | src/components/CampaignProgress.stories.tsx[2m > [22m[2mSimple Progress
[22m[39m[ChatContext] AssistantChat initialized with 1 chats
[90mstdout[2m | src/components/CampaignProgress.stories.tsx[2m > [22m[2mSimple Progress
[22m[39m[ChatContext] Setting initial chat: mock-assistant-chat-1
[90mstdout[2m | src/components/CampaignProgress.stories.tsx[2m > [22m[2mSimple Progress
[22m[39m[MOCK CourseVectorStore] Initialized with mock data
[90mstdout[2m | src/components/CampaignProgress.stories.tsx[2m > [22m[2mSimple Progress
[22m[39m[FilesContext] Vector store population triggered {
  "currentVectorStoreSize": 3,
  "documentsCount": 0,
  "filesCount": 6,
  "isInitialLoad": true,
}
[90mstdout[2m | src/components/CampaignProgress.stories.tsx[2m > [22m[2mSimple Progress
[22m[39m[FilesContext] Vector store population complete - 3 total embeddings
[90mstdout[2m | src/components/CampaignProgress.stories.tsx[2m > [22m[2mSimple Progress
[22m[39m[ChatContext] Chat exists and not archived, skipping creation
[90mstdout[2m | src/components/CampaignProgress.stories.tsx[2m > [22m[2mSimple Progress
[22m[39m[Mock Storage] downloadData called with: undefined
[90mstdout[2m | src/components/CampaignProgress.stories.tsx[2m > [22m[2mEnded Campaign
[22m[39m[ChatContext] Cleaning up subscriptions
[90mstdout[2m | src/components/CampaignProgress.stories.tsx[2m > [22m[2mEnded Campaign
[22m[39m[Mock Data] Unit.onUpdate() subscription removed. Remaining: 0
[90mstdout[2m | src/components/CampaignProgress.stories.tsx[2m > [22m[2mEnded Campaign
[22m[39m[MOCK CourseVectorStore] Initialized with mock data
[90mstdout[2m | src/components/CampaignProgress.stories.tsx[2m > [22m[2mEnded Campaign
[22m[39m[TranslationModeController] Setting mode to: off
[90mstdout[2m | src/components/CampaignProgress.stories.tsx[2m > [22m[2mEnded Campaign
[22m[39m[UnitContext] useEffect triggered {
  "authLoading": false,
  "hasUser": true,
  "id": "mock-unit-id",
  "userSub": "mock-user-sub",
}
[90mstdout[2m | src/components/CampaignProgress.stories.tsx[2m > [22m[2mEnded Campaign
[22m[39m[UnitContext] Fetching unit data for id: mock-unit-id
[90mstdout[2m | src/components/CampaignProgress.stories.tsx[2m > [22m[2mEnded Campaign
[22m[39m[FilesContext] Initializing vector store from IndexedDB
[90mstdout[2m | src/components/CampaignProgress.stories.tsx[2m > [22m[2mEnded Campaign
[22m[39m[FilesContext] fetchFiles called
[90mstdout[2m | src/components/CampaignProgress.stories.tsx[2m > [22m[2mEnded Campaign
[22m[39m[FilesContext] User authenticated: mock-user-sub
[90mstdout[2m | src/components/CampaignProgress.stories.tsx[2m > [22m[2mEnded Campaign
[22m[39m[FilesContext] Identity ID: us-east-1:mock-identity-123
[90mstdout[2m | src/components/CampaignProgress.stories.tsx[2m > [22m[2mEnded Campaign
[22m[39m[FilesContext] About to set up File observeQuery
[90mstdout[2m | src/components/CampaignProgress.stories.tsx[2m > [22m[2mEnded Campaign
[22m[39m[ChatContext] Setting up AssistantChat observeQuery
[90mstdout[2m | src/components/CampaignProgress.stories.tsx[2m > [22m[2mEnded Campaign
[22m[39m[ChatContext] Waiting for subscription to initialize
[90mstdout[2m | src/components/CampaignProgress.stories.tsx[2m > [22m[2mEnded Campaign
[22m[39m[SettingsContext] Setting up Settings subscription for user: mock-user-sub
[90mstdout[2m | src/components/CampaignProgress.stories.tsx[2m > [22m[2mEnded Campaign
[22m[39m[Mock Data] Settings created: mock-settings-1790418885295 - notified 0 subscribers
[90mstdout[2m | src/components/CampaignProgress.stories.tsx[2m > [22m[2mEnded Campaign
[22m[39m[Mock Data] Unit.onUpdate() subscription added. Total: 1
[90mstdout[2m | src/components/CampaignProgress.stories.tsx[2m > [22m[2mEnded Campaign
[22m[39m[SectionContext] Section observeQuery update: 0
[90mstdout[2m | src/components/CampaignProgress.stories.tsx[2m > [22m[2mEnded Campaign
[22m[39m[FilesContext] File observeQuery update: 6 files
[90mstdout[2m | src/components/CampaignProgress.stories.tsx[2m > [22m[2mEnded Campaign
[22m[39m[ChatContext] AssistantChat initialized with 1 chats
[90mstdout[2m | src/components/CampaignProgress.stories.tsx[2m > [22m[2mEnded Campaign
[22m[39m[ChatContext] Setting initial chat: mock-assistant-chat-1
[90mstdout[2m | src/components/CampaignProgress.stories.tsx[2m > [22m[2mEnded Campaign
[22m[39m[MOCK CourseVectorStore] Initialized with mock data
[90mstdout[2m | src/components/CampaignProgress.stories.tsx[2m > [22m[2mEnded Campaign
[22m[39m[FilesContext] Vector store population triggered {
  "currentVectorStoreSize": 3,
  "documentsCount": 0,
  "filesCount": 6,
  "isInitialLoad": true,
}
[90mstdout[2m | src/components/CampaignProgress.stories.tsx[2m > [22m[2mEnded Campaign
[22m[39m[FilesContext] Vector store population complete - 3 total embeddings
[90mstdout[2m | src/components/CampaignProgress.stories.tsx[2m > [22m[2mEnded Campaign
[22m[39m[ChatContext] Chat exists and not archived, skipping creation
[90mstdout[2m | src/components/CampaignProgress.stories.tsx[2m > [22m[2mEnded Campaign
[22m[39m[Mock Storage] downloadData called with: undefined
 [32m✓[39m [30m[45m storybook (chromium) [49m[39m src/components/CampaignProgress.stories.tsx [2m([22m[2m5 tests[22m[2m)[22m[33m 985[2mms[22m[39m
   [33m[2m✓[22m[39m In Progress [33m 308[2mms[22m[39m
[90mstdout[2m | unknown test
[22m[39m[MOCK vectorStoreDB.js] Module loaded - mock IndexedDB operations
[90mstdout[2m | unknown test
[22m[39m[Task Completion] DOM action listeners initialized
[90mstdout[2m | unknown test
[22m[39m[Task Completion] Auto-completion detector initialized
[90mstdout[2m | unknown test
[22m[39m[Preview] Task completion detector initialized
[90mstdout[2m | src/components/PermissionErrorOverlay.stories.jsx[2m > [22m[2mUnit Permission Error
[22m[39m[MOCK CourseVectorStore] Initialized with mock data
[90mstdout[2m | src/components/PermissionErrorOverlay.stories.jsx[2m > [22m[2mUnit Permission Error
[22m[39m[TranslationModeController] Setting mode to: off
[90mstdout[2m | src/components/PermissionErrorOverlay.stories.jsx[2m > [22m[2mUnit Permission Error
[22m[39m[UnitContext] useEffect triggered {
  "authLoading": false,
  "hasUser": true,
  "id": "mock-unit-id",
  "userSub": "mock-user-sub",
}
[90mstdout[2m | src/components/PermissionErrorOverlay.stories.jsx[2m > [22m[2mUnit Permission Error
[22m[39m[UnitContext] Fetching unit data for id: mock-unit-id
[90mstdout[2m | src/components/PermissionErrorOverlay.stories.jsx[2m > [22m[2mUnit Permission Error
[22m[39m[FilesContext] Initializing vector store from IndexedDB
[90mstdout[2m | src/components/PermissionErrorOverlay.stories.jsx[2m > [22m[2mUnit Permission Error
[22m[39m[FilesContext] fetchFiles called
[90mstdout[2m | src/components/PermissionErrorOverlay.stories.jsx[2m > [22m[2mUnit Permission Error
[22m[39m[FilesContext] User authenticated: mock-user-sub
[90mstdout[2m | src/components/PermissionErrorOverlay.stories.jsx[2m > [22m[2mUnit Permission Error
[22m[39m[FilesContext] Identity ID: us-east-1:mock-identity-123
[90mstdout[2m | src/components/PermissionErrorOverlay.stories.jsx[2m > [22m[2mUnit Permission Error
[22m[39m[FilesContext] About to set up File observeQuery
[90mstdout[2m | src/components/PermissionErrorOverlay.stories.jsx[2m > [22m[2mUnit Permission Error
[22m[39m[ChatContext] Setting up AssistantChat observeQuery
[90mstdout[2m | src/components/PermissionErrorOverlay.stories.jsx[2m > [22m[2mUnit Permission Error
[22m[39m[ChatContext] Waiting for subscription to initialize
[90mstdout[2m | src/components/PermissionErrorOverlay.stories.jsx[2m > [22m[2mUnit Permission Error
[22m[39m[SettingsContext] Setting up Settings subscription for user: mock-user-sub
[90mstdout[2m | src/components/PermissionErrorOverlay.stories.jsx[2m > [22m[2mUnit Permission Error
[22m[39m[Mock Data] Settings created: mock-settings-1790418886136 - notified 0 subscribers
[90mstdout[2m | src/components/PermissionErrorOverlay.stories.jsx[2m > [22m[2mUnit Permission Error
[22m[39m[Mock Data] Unit.onUpdate() subscription added. Total: 1
[90mstdout[2m | src/components/PermissionErrorOverlay.stories.jsx[2m > [22m[2mUnit Permission Error
[22m[39m[SectionContext] Section observeQuery update: 0
[90mstdout[2m | src/components/PermissionErrorOverlay.stories.jsx[2m > [22m[2mUnit Permission Error
[22m[39m[FilesContext] File observeQuery update: 6 files
[90mstdout[2m | src/components/PermissionErrorOverlay.stories.jsx[2m > [22m[2mUnit Permission Error
[22m[39m[ChatContext] AssistantChat initialized with 1 chats
[90mstdout[2m | src/components/PermissionErrorOverlay.stories.jsx[2m > [22m[2mUnit Permission Error
[22m[39m[ChatContext] Setting initial chat: mock-assistant-chat-1
[90mstdout[2m | src/components/PermissionErrorOverlay.stories.jsx[2m > [22m[2mUnit Permission Error
[22m[39m[MOCK CourseVectorStore] Initialized with mock data
[90mstdout[2m | src/components/PermissionErrorOverlay.stories.jsx[2m > [22m[2mUnit Permission Error
[22m[39m[FilesContext] Vector store population triggered {
  "currentVectorStoreSize": 3,
  "documentsCount": 0,
  "filesCount": 6,
  "isInitialLoad": true,
}
[90mstdout[2m | src/components/PermissionErrorOverlay.stories.jsx[2m > [22m[2mUnit Permission Error
[22m[39m[FilesContext] Vector store population complete - 3 total embeddings
[90mstdout[2m | src/components/PermissionErrorOverlay.stories.jsx[2m > [22m[2mUnit Permission Error
[22m[39m[ChatContext] Chat exists and not archived, skipping creation
[90mstdout[2m | src/components/PermissionErrorOverlay.stories.jsx[2m > [22m[2mUnit Permission Error
[22m[39m[Mock Storage] downloadData called with: undefined
[90mstdout[2m | src/components/PermissionErrorOverlay.stories.jsx[2m > [22m[2mCustom Message
[22m[39m[ChatContext] Cleaning up subscriptions
[90mstdout[2m | src/components/PermissionErrorOverlay.stories.jsx[2m > [22m[2mCustom Message
[22m[39m[Mock Data] Unit.onUpdate() subscription removed. Remaining: 0
[90mstdout[2m | src/components/PermissionErrorOverlay.stories.jsx[2m > [22m[2mCustom Message
[22m[39m[MOCK CourseVectorStore] Initialized with mock data
[90mstdout[2m | src/components/PermissionErrorOverlay.stories.jsx[2m > [22m[2mCustom Message
[22m[39m[TranslationModeController] Setting mode to: off
[90mstdout[2m | src/components/PermissionErrorOverlay.stories.jsx[2m > [22m[2mCustom Message
[22m[39m[UnitContext] useEffect triggered {
  "authLoading": false,
  "hasUser": true,
  "id": "mock-unit-id",
  "userSub": "mock-user-sub",
}
[90mstdout[2m | src/components/PermissionErrorOverlay.stories.jsx[2m > [22m[2mCustom Message
[22m[39m[UnitContext] Fetching unit data for id: mock-unit-id
[90mstdout[2m | src/components/PermissionErrorOverlay.stories.jsx[2m > [22m[2mCustom Message
[22m[39m[FilesContext] Initializing vector store from IndexedDB
[90mstdout[2m | src/components/PermissionErrorOverlay.stories.jsx[2m > [22m[2mCustom Message
[22m[39m[FilesContext] fetchFiles called
[90mstdout[2m | src/components/PermissionErrorOverlay.stories.jsx[2m > [22m[2mCustom Message
[22m[39m[FilesContext] User authenticated: mock-user-sub
[90mstdout[2m | src/components/PermissionErrorOverlay.stories.jsx[2m > [22m[2mCustom Message
[22m[39m[FilesContext] Identity ID: us-east-1:mock-identity-123
[90mstdout[2m | src/components/PermissionErrorOverlay.stories.jsx[2m > [22m[2mCustom Message
[22m[39m[FilesContext] About to set up File observeQuery
[90mstdout[2m | src/components/PermissionErrorOverlay.stories.jsx[2m > [22m[2mCustom Message
[22m[39m[ChatContext] Setting up AssistantChat observeQuery
[90mstdout[2m | src/components/PermissionErrorOverlay.stories.jsx[2m > [22m[2mCustom Message
[22m[39m[ChatContext] Waiting for subscription to initialize
[90mstdout[2m | src/components/PermissionErrorOverlay.stories.jsx[2m > [22m[2mCustom Message
[22m[39m[SettingsContext] Setting up Settings subscription for user: mock-user-sub
[90mstdout[2m | src/components/PermissionErrorOverlay.stories.jsx[2m > [22m[2mCustom Message
[22m[39m[Mock Data] Settings created: mock-settings-1790418886384 - notified 0 subscribers
[90mstdout[2m | src/components/PermissionErrorOverlay.stories.jsx[2m > [22m[2mCustom Message
[22m[39m[Mock Data] Unit.onUpdate() subscription added. Total: 1
[90mstdout[2m | src/components/PermissionErrorOverlay.stories.jsx[2m > [22m[2mCustom Message
[22m[39m[SectionContext] Section observeQuery update: 0
[90mstdout[2m | src/components/PermissionErrorOverlay.stories.jsx[2m > [22m[2mCustom Message
[22m[39m[FilesContext] File observeQuery update: 6 files
[90mstdout[2m | src/components/PermissionErrorOverlay.stories.jsx[2m > [22m[2mCustom Message
[22m[39m[ChatContext] AssistantChat initialized with 1 chats
[90mstdout[2m | src/components/PermissionErrorOverlay.stories.jsx[2m > [22m[2mCustom Message
[22m[39m[ChatContext] Setting initial chat: mock-assistant-chat-1
[90mstdout[2m | src/components/PermissionErrorOverlay.stories.jsx[2m > [22m[2mCustom Message
[22m[39m[MOCK CourseVectorStore] Initialized with mock data
[90mstdout[2m | src/components/PermissionErrorOverlay.stories.jsx[2m > [22m[2mCustom Message
[22m[39m[FilesContext] Vector store population triggered {
  "currentVectorStoreSize": 3,
  "documentsCount": 0,
  "filesCount": 6,
  "isInitialLoad": true,
}
[90mstdout[2m | src/components/PermissionErrorOverlay.stories.jsx[2m > [22m[2mCustom Message
[22m[39m[FilesContext] Vector store population complete - 3 total embeddings
[90mstdout[2m | src/components/PermissionErrorOverlay.stories.jsx[2m > [22m[2mCustom Message
[22m[39m[ChatContext] Chat exists and not archived, skipping creation
[90mstdout[2m | src/components/PermissionErrorOverlay.stories.jsx[2m > [22m[2mCustom Message
[22m[39m[Mock Storage] downloadData called with: undefined
[90mstdout[2m | src/components/PermissionErrorOverlay.stories.jsx[2m > [22m[2mSection Permission Error
[22m[39m[ChatContext] Cleaning up subscriptions
[90mstdout[2m | src/components/PermissionErrorOverlay.stories.jsx[2m > [22m[2mSection Permission Error
[22m[39m[Mock Data] Unit.onUpdate() subscription removed. Remaining: 0
[90mstdout[2m | src/components/PermissionErrorOverlay.stories.jsx[2m > [22m[2mSection Permission Error
[22m[39m[MOCK CourseVectorStore] Initialized with mock data
[90mstdout[2m | src/components/PermissionErrorOverlay.stories.jsx[2m > [22m[2mSection Permission Error
[22m[39m[TranslationModeController] Setting mode to: off
[90mstdout[2m | src/components/PermissionErrorOverlay.stories.jsx[2m > [22m[2mSection Permission Error
[22m[39m[UnitContext] useEffect triggered {
  "authLoading": false,
  "hasUser": true,
  "id": "mock-unit-id",
  "userSub": "mock-user-sub",
}
[90mstdout[2m | src/components/PermissionErrorOverlay.stories.jsx[2m > [22m[2mSection Permission Error
[22m[39m[UnitContext] Fetching unit data for id: mock-unit-id
[90mstdout[2m | src/components/PermissionErrorOverlay.stories.jsx[2m > [22m[2mSection Permission Error
[22m[39m[FilesContext] Initializing vector store from IndexedDB
[90mstdout[2m | src/components/PermissionErrorOverlay.stories.jsx[2m > [22m[2mSection Permission Error
[22m[39m[FilesContext] fetchFiles called
[90mstdout[2m | src/components/PermissionErrorOverlay.stories.jsx[2m > [22m[2mSection Permission Error
[22m[39m[FilesContext] User authenticated: mock-user-sub
[90mstdout[2m | src/components/PermissionErrorOverlay.stories.jsx[2m > [22m[2mSection Permission Error
[22m[39m[FilesContext] Identity ID: us-east-1:mock-identity-123
[90mstdout[2m | src/components/PermissionErrorOverlay.stories.jsx[2m > [22m[2mSection Permission Error
[22m[39m[FilesContext] About to set up File observeQuery
[90mstdout[2m | src/components/PermissionErrorOverlay.stories.jsx[2m > [22m[2mSection Permission Error
[22m[39m[ChatContext] Setting up AssistantChat observeQuery
[90mstdout[2m | src/components/PermissionErrorOverlay.stories.jsx[2m > [22m[2mSection Permission Error
[22m[39m[ChatContext] Waiting for subscription to initialize
[90mstdout[2m | src/components/PermissionErrorOverlay.stories.jsx[2m > [22m[2mSection Permission Error
[22m[39m[SettingsContext] Setting up Settings subscription for user: mock-user-sub
[90mstdout[2m | src/components/PermissionErrorOverlay.stories.jsx[2m > [22m[2mSection Permission Error
[22m[39m[Mock Data] Settings created: mock-settings-1790418886574 - notified 0 subscribers
[90mstdout[2m | src/components/PermissionErrorOverlay.stories.jsx[2m > [22m[2mSection Permission Error
[22m[39m[Mock Data] Unit.onUpdate() subscription added. Total: 1
[90mstdout[2m | src/components/PermissionErrorOverlay.stories.jsx[2m > [22m[2mSection Permission Error
[22m[39m[SectionContext] Section observeQuery update: 0
[90mstdout[2m | src/components/PermissionErrorOverlay.stories.jsx[2m > [22m[2mSection Permission Error
[22m[39m[FilesContext] File observeQuery update: 6 files
[90mstdout[2m | src/components/PermissionErrorOverlay.stories.jsx[2m > [22m[2mSection Permission Error
[22m[39m[ChatContext] AssistantChat initialized with 1 chats
[90mstdout[2m | src/components/PermissionErrorOverlay.stories.jsx[2m > [22m[2mSection Permission Error
[22m[39m[ChatContext] Setting initial chat: mock-assistant-chat-1
[90mstdout[2m | src/components/PermissionErrorOverlay.stories.jsx[2m > [22m[2mSection Permission Error
[22m[39m[MOCK CourseVectorStore] Initialized with mock data
[90mstdout[2m | src/components/PermissionErrorOverlay.stories.jsx[2m > [22m[2mSection Permission Error
[22m[39m[FilesContext] Vector store population triggered {
  "currentVectorStoreSize": 3,
  "documentsCount": 0,
  "filesCount": 6,
  "isInitialLoad": true,
}
[90mstdout[2m | src/components/PermissionErrorOverlay.stories.jsx[2m > [22m[2mSection Permission Error
[22m[39m[FilesContext] Vector store population complete - 3 total embeddings
[90mstdout[2m | src/components/PermissionErrorOverlay.stories.jsx[2m > [22m[2mSection Permission Error
[22m[39m[ChatContext] Chat exists and not archived, skipping creation
[90mstdout[2m | src/components/PermissionErrorOverlay.stories.jsx[2m > [22m[2mSection Permission Error
[22m[39m[Mock Storage] downloadData called with: undefined
[90mstdout[2m | src/components/PermissionErrorOverlay.stories.jsx[2m > [22m[2mAssignment Permission Error
[22m[39m[ChatContext] Cleaning up subscriptions
[90mstdout[2m | src/components/PermissionErrorOverlay.stories.jsx[2m > [22m[2mAssignment Permission Error
[22m[39m[Mock Data] Unit.onUpdate() subscription removed. Remaining: 0
[90mstdout[2m | src/components/PermissionErrorOverlay.stories.jsx[2m > [22m[2mAssignment Permission Error
[22m[39m[MOCK CourseVectorStore] Initialized with mock data
[90mstdout[2m | src/components/PermissionErrorOverlay.stories.jsx[2m > [22m[2mAssignment Permission Error
[22m[39m[TranslationModeController] Setting mode to: off
[90mstdout[2m | src/components/PermissionErrorOverlay.stories.jsx[2m > [22m[2mAssignment Permission Error
[22m[39m[UnitContext] useEffect triggered {
  "authLoading": false,
  "hasUser": true,
  "id": "mock-unit-id",
  "userSub": "mock-user-sub",
}
[90mstdout[2m | src/components/PermissionErrorOverlay.stories.jsx[2m > [22m[2mAssignment Permission Error
[22m[39m[UnitContext] Fetching unit data for id: mock-unit-id
[90mstdout[2m | src/components/PermissionErrorOverlay.stories.jsx[2m > [22m[2mAssignment Permission Error
[22m[39m[FilesContext] Initializing vector store from IndexedDB
[90mstdout[2m | src/components/PermissionErrorOverlay.stories.jsx[2m > [22m[2mAssignment Permission Error
[22m[39m[FilesContext] fetchFiles called
[90mstdout[2m | src/components/PermissionErrorOverlay.stories.jsx[2m > [22m[2mAssignment Permission Error
[22m[39m[FilesContext] User authenticated: mock-user-sub
[90mstdout[2m | src/components/PermissionErrorOverlay.stories.jsx[2m > [22m[2mAssignment Permission Error
[22m[39m[FilesContext] Identity ID: us-east-1:mock-identity-123
[90mstdout[2m | src/components/PermissionErrorOverlay.stories.jsx[2m > [22m[2mAssignment Permission Error
[22m[39m[FilesContext] About to set up File observeQuery
[90mstdout[2m | src/components/PermissionErrorOverlay.stories.jsx[2m > [22m[2mAssignment Permission Error
[22m[39m[ChatContext] Setting up AssistantChat observeQuery
[90mstdout[2m | src/components/PermissionErrorOverlay.stories.jsx[2m > [22m[2mAssignment Permission Error
[22m[39m[ChatContext] Waiting for subscription to initialize
[90mstdout[2m | src/components/PermissionErrorOverlay.stories.jsx[2m > [22m[2mAssignment Permission Error
[22m[39m[SettingsContext] Setting up Settings subscription for user: mock-user-sub
[90mstdout[2m | src/components/PermissionErrorOverlay.stories.jsx[2m > [22m[2mAssignment Permission Error
[22m[39m[Mock Data] Settings created: mock-settings-1790418886729 - notified 0 subscribers
[90mstdout[2m | src/components/PermissionErrorOverlay.stories.jsx[2m > [22m[2mAssignment Permission Error
[22m[39m[Mock Data] Unit.onUpdate() subscription added. Total: 1
[90mstdout[2m | src/components/PermissionErrorOverlay.stories.jsx[2m > [22m[2mAssignment Permission Error
[22m[39m[SectionContext] Section observeQuery update: 0
[90mstdout[2m | src/components/PermissionErrorOverlay.stories.jsx[2m > [22m[2mAssignment Permission Error
[22m[39m[FilesContext] File observeQuery update: 6 files
[90mstdout[2m | src/components/PermissionErrorOverlay.stories.jsx[2m > [22m[2mAssignment Permission Error
[22m[39m[ChatContext] AssistantChat initialized with 1 chats
[90mstdout[2m | src/components/PermissionErrorOverlay.stories.jsx[2m > [22m[2mAssignment Permission Error
[22m[39m[ChatContext] Setting initial chat: mock-assistant-chat-1
[90mstdout[2m | src/components/PermissionErrorOverlay.stories.jsx[2m > [22m[2mAssignment Permission Error
[22m[39m[MOCK CourseVectorStore] Initialized with mock data
[90mstdout[2m | src/components/PermissionErrorOverlay.stories.jsx[2m > [22m[2mAssignment Permission Error
[22m[39m[FilesContext] Vector store population triggered {
  "currentVectorStoreSize": 3,
  "documentsCount": 0,
  "filesCount": 6,
  "isInitialLoad": true,
}
[90mstdout[2m | src/components/PermissionErrorOverlay.stories.jsx[2m > [22m[2mAssignment Permission Error
[22m[39m[FilesContext] Vector store population complete - 3 total embeddings
[90mstdout[2m | src/components/PermissionErrorOverlay.stories.jsx[2m > [22m[2mAssignment Permission Error
[22m[39m[ChatContext] Chat exists and not archived, skipping creation
[90mstdout[2m | src/components/PermissionErrorOverlay.stories.jsx[2m > [22m[2mAssignment Permission Error
[22m[39m[Mock Storage] downloadData called with: undefined
[90mstdout[2m | src/components/PermissionErrorOverlay.stories.jsx[2m > [22m[2mClosed State
[22m[39m[ChatContext] Cleaning up subscriptions
[90mstdout[2m | src/components/PermissionErrorOverlay.stories.jsx[2m > [22m[2mClosed State
[22m[39m[Mock Data] Unit.onUpdate() subscription removed. Remaining: 0
[90mstdout[2m | src/components/PermissionErrorOverlay.stories.jsx[2m > [22m[2mClosed State
[22m[39m[MOCK CourseVectorStore] Initialized with mock data
[90mstdout[2m | src/components/PermissionErrorOverlay.stories.jsx[2m > [22m[2mClosed State
[22m[39m[TranslationModeController] Setting mode to: off
[90mstdout[2m | src/components/PermissionErrorOverlay.stories.jsx[2m > [22m[2mClosed State
[22m[39m[UnitContext] useEffect triggered {
  "authLoading": false,
  "hasUser": true,
  "id": "mock-unit-id",
  "userSub": "mock-user-sub",
}
[90mstdout[2m | src/components/PermissionErrorOverlay.stories.jsx[2m > [22m[2mClosed State
[22m[39m[UnitContext] Fetching unit data for id: mock-unit-id
[90mstdout[2m | src/components/PermissionErrorOverlay.stories.jsx[2m > [22m[2mClosed State
[22m[39m[FilesContext] Initializing vector store from IndexedDB
[90mstdout[2m | src/components/PermissionErrorOverlay.stories.jsx[2m > [22m[2mClosed State
[22m[39m[FilesContext] fetchFiles called
[90mstdout[2m | src/components/PermissionErrorOverlay.stories.jsx[2m > [22m[2mClosed State
[22m[39m[FilesContext] User authenticated: mock-user-sub
[90mstdout[2m | src/components/PermissionErrorOverlay.stories.jsx[2m > [22m[2mClosed State
[22m[39m[FilesContext] Identity ID: us-east-1:mock-identity-123
[90mstdout[2m | src/components/PermissionErrorOverlay.stories.jsx[2m > [22m[2mClosed State
[22m[39m[FilesContext] About to set up File observeQuery
[90mstdout[2m | src/components/PermissionErrorOverlay.stories.jsx[2m > [22m[2mClosed State
[22m[39m[ChatContext] Setting up AssistantChat observeQuery
[90mstdout[2m | src/components/PermissionErrorOverlay.stories.jsx[2m > [22m[2mClosed State
[22m[39m[ChatContext] Waiting for subscription to initialize
[90mstdout[2m | src/components/PermissionErrorOverlay.stories.jsx[2m > [22m[2mClosed State
[22m[39m[SettingsContext] Setting up Settings subscription for user: mock-user-sub
[90mstdout[2m | src/components/PermissionErrorOverlay.stories.jsx[2m > [22m[2mClosed State
[22m[39m[Mock Data] Settings created: mock-settings-1790418886860 - notified 0 subscribers
[90mstdout[2m | src/components/PermissionErrorOverlay.stories.jsx[2m > [22m[2mClosed State
[22m[39m[Mock Data] Unit.onUpdate() subscription added. Total: 1
[90mstdout[2m | src/components/PermissionErrorOverlay.stories.jsx[2m > [22m[2mClosed State
[22m[39m[SectionContext] Section observeQuery update: 0
[90mstdout[2m | src/components/PermissionErrorOverlay.stories.jsx[2m > [22m[2mClosed State
[22m[39m[FilesContext] File observeQuery update: 6 files
[90mstdout[2m | src/components/PermissionErrorOverlay.stories.jsx[2m > [22m[2mClosed State
[22m[39m[ChatContext] AssistantChat initialized with 1 chats
[90mstdout[2m | src/components/PermissionErrorOverlay.stories.jsx[2m > [22m[2mClosed State
[22m[39m[ChatContext] Setting initial chat: mock-assistant-chat-1
[90mstdout[2m | src/components/PermissionErrorOverlay.stories.jsx[2m > [22m[2mClosed State
[22m[39m[MOCK CourseVectorStore] Initialized with mock data
[90mstdout[2m | src/components/PermissionErrorOverlay.stories.jsx[2m > [22m[2mClosed State
[22m[39m[FilesContext] Vector store population triggered {
  "currentVectorStoreSize": 3,
  "documentsCount": 0,
  "filesCount": 6,
  "isInitialLoad": true,
}
[90mstdout[2m | src/components/PermissionErrorOverlay.stories.jsx[2m > [22m[2mClosed State
[22m[39m[FilesContext] Vector store population complete - 3 total embeddings
[90mstdout[2m | src/components/PermissionErrorOverlay.stories.jsx[2m > [22m[2mClosed State
[22m[39m[ChatContext] Chat exists and not archived, skipping creation
[90mstdout[2m | src/components/PermissionErrorOverlay.stories.jsx[2m > [22m[2mClosed State
[22m[39m[Mock Storage] downloadData called with: undefined
[90mstdout[2m | src/components/PermissionErrorOverlay.stories.jsx[2m > [22m[2mInteractive
[22m[39m[ChatContext] Cleaning up subscriptions
[90mstdout[2m | src/components/PermissionErrorOverlay.stories.jsx[2m > [22m[2mInteractive
[22m[39m[Mock Data] Unit.onUpdate() subscription removed. Remaining: 0
[90mstdout[2m | src/components/PermissionErrorOverlay.stories.jsx[2m > [22m[2mInteractive
[22m[39m[MOCK CourseVectorStore] Initialized with mock data
[90mstdout[2m | src/components/PermissionErrorOverlay.stories.jsx[2m > [22m[2mInteractive
[22m[39m[TranslationModeController] Setting mode to: off
[90mstdout[2m | src/components/PermissionErrorOverlay.stories.jsx[2m > [22m[2mInteractive
[22m[39m[UnitContext] useEffect triggered {
  "authLoading": false,
  "hasUser": true,
  "id": "mock-unit-id",
  "userSub": "mock-user-sub",
}
[90mstdout[2m | src/components/PermissionErrorOverlay.stories.jsx[2m > [22m[2mInteractive
[22m[39m[UnitContext] Fetching unit data for id: mock-unit-id
[90mstdout[2m | src/components/PermissionErrorOverlay.stories.jsx[2m > [22m[2mInteractive
[22m[39m[FilesContext] Initializing vector store from IndexedDB
[90mstdout[2m | src/components/PermissionErrorOverlay.stories.jsx[2m > [22m[2mInteractive
[22m[39m[FilesContext] fetchFiles called
[90mstdout[2m | src/components/PermissionErrorOverlay.stories.jsx[2m > [22m[2mInteractive
[22m[39m[FilesContext] User authenticated: mock-user-sub
[90mstdout[2m | src/components/PermissionErrorOverlay.stories.jsx[2m > [22m[2mInteractive
[22m[39m[FilesContext] Identity ID: us-east-1:mock-identity-123
[90mstdout[2m | src/components/PermissionErrorOverlay.stories.jsx[2m > [22m[2mInteractive
[22m[39m[FilesContext] About to set up File observeQuery
[90mstdout[2m | src/components/PermissionErrorOverlay.stories.jsx[2m > [22m[2mInteractive
[22m[39m[ChatContext] Setting up AssistantChat observeQuery
[90mstdout[2m | src/components/PermissionErrorOverlay.stories.jsx[2m > [22m[2mInteractive
[22m[39m[ChatContext] Waiting for subscription to initialize
[90mstdout[2m | src/components/PermissionErrorOverlay.stories.jsx[2m > [22m[2mInteractive
[22m[39m[SettingsContext] Setting up Settings subscription for user: mock-user-sub
[90mstdout[2m | src/components/PermissionErrorOverlay.stories.jsx[2m > [22m[2mInteractive
[22m[39m[Mock Data] Settings created: mock-settings-1790418886951 - notified 0 subscribers
[90mstdout[2m | src/components/PermissionErrorOverlay.stories.jsx[2m > [22m[2mInteractive
[22m[39m[Mock Data] Unit.onUpdate() subscription added. Total: 1
[90mstdout[2m | src/components/PermissionErrorOverlay.stories.jsx[2m > [22m[2mInteractive
[22m[39m[SectionContext] Section observeQuery update: 0
[90mstdout[2m | src/components/PermissionErrorOverlay.stories.jsx[2m > [22m[2mInteractive
[22m[39m[FilesContext] File observeQuery update: 6 files
[90mstdout[2m | src/components/PermissionErrorOverlay.stories.jsx[2m > [22m[2mInteractive
[22m[39m[ChatContext] AssistantChat initialized with 1 chats
[90mstdout[2m | src/components/PermissionErrorOverlay.stories.jsx[2m > [22m[2mInteractive
[22m[39m[ChatContext] Setting initial chat: mock-assistant-chat-1
[90mstdout[2m | src/components/PermissionErrorOverlay.stories.jsx[2m > [22m[2mInteractive
[22m[39m[MOCK CourseVectorStore] Initialized with mock data
[90mstdout[2m | src/components/PermissionErrorOverlay.stories.jsx[2m > [22m[2mInteractive
[22m[39m[FilesContext] Vector store population triggered {
  "currentVectorStoreSize": 3,
  "documentsCount": 0,
  "filesCount": 6,
  "isInitialLoad": true,
}
[90mstdout[2m | src/components/PermissionErrorOverlay.stories.jsx[2m > [22m[2mInteractive
[22m[39m[FilesContext] Vector store population complete - 3 total embeddings
[90mstdout[2m | src/components/PermissionErrorOverlay.stories.jsx[2m > [22m[2mInteractive
[22m[39m[ChatContext] Chat exists and not archived, skipping creation
[90mstdout[2m | src/components/PermissionErrorOverlay.stories.jsx[2m > [22m[2mInteractive
[22m[39m[Mock Storage] downloadData called with: undefined
 [32m✓[39m [30m[45m storybook (chromium) [49m[39m src/components/PermissionErrorOverlay.stories.jsx [2m([22m[2m6 tests[22m[2m)[22m[33m 966[2mms[22m[39m
[90mstdout[2m | unknown test
[22m[39m[MOCK vectorStoreDB.js] Module loaded - mock IndexedDB operations
[90mstdout[2m | unknown test
[22m[39m[Task Completion] DOM action listeners initialized
[90mstdout[2m | unknown test
[22m[39m[Task Completion] Auto-completion detector initialized
[90mstdout[2m | unknown test
[22m[39m[Preview] Task completion detector initialized
[90mstdout[2m | .storybook/components/SpotlightOverlay.stories.tsx[2m > [22m[2mTutorial Mode
[22m[39m[MOCK CourseVectorStore] Initialized with mock data
[90mstdout[2m | .storybook/components/SpotlightOverlay.stories.tsx[2m > [22m[2mTutorial Mode
[22m[39m[TranslationModeController] Setting mode to: off
[90mstdout[2m | .storybook/components/SpotlightOverlay.stories.tsx[2m > [22m[2mTutorial Mode
[22m[39m[UnitContext] useEffect triggered {
  "authLoading": false,
  "hasUser": true,
  "id": "mock-unit-id",
  "userSub": "mock-user-sub",
}
[90mstdout[2m | .storybook/components/SpotlightOverlay.stories.tsx[2m > [22m[2mTutorial Mode
[22m[39m[UnitContext] Fetching unit data for id: mock-unit-id
[90mstdout[2m | .storybook/components/SpotlightOverlay.stories.tsx[2m > [22m[2mTutorial Mode
[22m[39m[FilesContext] Initializing vector store from IndexedDB
[90mstdout[2m | .storybook/components/SpotlightOverlay.stories.tsx[2m > [22m[2mTutorial Mode
[22m[39m[FilesContext] fetchFiles called
[90mstdout[2m | .storybook/components/SpotlightOverlay.stories.tsx[2m > [22m[2mTutorial Mode
[22m[39m[FilesContext] User authenticated: mock-user-sub
[90mstdout[2m | .storybook/components/SpotlightOverlay.stories.tsx[2m > [22m[2mTutorial Mode
[22m[39m[FilesContext] Identity ID: us-east-1:mock-identity-123
[90mstdout[2m | .storybook/components/SpotlightOverlay.stories.tsx[2m > [22m[2mTutorial Mode
[22m[39m[FilesContext] About to set up File observeQuery
[90mstdout[2m | .storybook/components/SpotlightOverlay.stories.tsx[2m > [22m[2mTutorial Mode
[22m[39m[ChatContext] Setting up AssistantChat observeQuery
[90mstdout[2m | .storybook/components/SpotlightOverlay.stories.tsx[2m > [22m[2mTutorial Mode
[22m[39m[ChatContext] Waiting for subscription to initialize
[90mstdout[2m | .storybook/components/SpotlightOverlay.stories.tsx[2m > [22m[2mTutorial Mode
[22m[39m[SettingsContext] Setting up Settings subscription for user: mock-user-sub
[90mstdout[2m | .storybook/components/SpotlightOverlay.stories.tsx[2m > [22m[2mTutorial Mode
[22m[39m[Mock Data] Settings created: mock-settings-1790418887940 - notified 0 subscribers
[90mstdout[2m | .storybook/components/SpotlightOverlay.stories.tsx[2m > [22m[2mTutorial Mode
[22m[39m[Mock Data] Unit.onUpdate() subscription added. Total: 1
[90mstdout[2m | .storybook/components/SpotlightOverlay.stories.tsx[2m > [22m[2mTutorial Mode
[22m[39m[SectionContext] Section observeQuery update: 0
[90mstdout[2m | .storybook/components/SpotlightOverlay.stories.tsx[2m > [22m[2mTutorial Mode
[22m[39m[FilesContext] File observeQuery update: 6 files
[90mstdout[2m | .storybook/components/SpotlightOverlay.stories.tsx[2m > [22m[2mTutorial Mode
[22m[39m[ChatContext] AssistantChat initialized with 1 chats
[90mstdout[2m | .storybook/components/SpotlightOverlay.stories.tsx[2m > [22m[2mTutorial Mode
[22m[39m[ChatContext] Setting initial chat: mock-assistant-chat-1
[90mstdout[2m | .storybook/components/SpotlightOverlay.stories.tsx[2m > [22m[2mTutorial Mode
[22m[39m[MOCK CourseVectorStore] Initialized with mock data
[90mstdout[2m | .storybook/components/SpotlightOverlay.stories.tsx[2m > [22m[2mTutorial Mode
[22m[39m[FilesContext] Vector store population triggered {
  "currentVectorStoreSize": 3,
  "documentsCount": 0,
  "filesCount": 6,
  "isInitialLoad": true,
}
[90mstdout[2m | .storybook/components/SpotlightOverlay.stories.tsx[2m > [22m[2mTutorial Mode
[22m[39m[FilesContext] Vector store population complete - 3 total embeddings
[90mstdout[2m | .storybook/components/SpotlightOverlay.stories.tsx[2m > [22m[2mTutorial Mode
[22m[39m[ChatContext] Chat exists and not archived, skipping creation
[90mstdout[2m | .storybook/components/SpotlightOverlay.stories.tsx[2m > [22m[2mTutorial Mode
[22m[39m[Mock Storage] downloadData called with: undefined
[90mstdout[2m | .storybook/components/SpotlightOverlay.stories.tsx[2m > [22m[2mQuiz Mode
[22m[39m[ChatContext] Cleaning up subscriptions
[90mstdout[2m | .storybook/components/SpotlightOverlay.stories.tsx[2m > [22m[2mQuiz Mode
[22m[39m[Mock Data] Unit.onUpdate() subscription removed. Remaining: 0
[90mstdout[2m | .storybook/components/SpotlightOverlay.stories.tsx[2m > [22m[2mQuiz Mode
[22m[39m[MOCK CourseVectorStore] Initialized with mock data
[90mstdout[2m | .storybook/components/SpotlightOverlay.stories.tsx[2m > [22m[2mQuiz Mode
[22m[39m[TranslationModeController] Setting mode to: off
[90mstdout[2m | .storybook/components/SpotlightOverlay.stories.tsx[2m > [22m[2mQuiz Mode
[22m[39m[UnitContext] useEffect triggered {
  "authLoading": false,
  "hasUser": true,
  "id": "mock-unit-id",
  "userSub": "mock-user-sub",
}
[90mstdout[2m | .storybook/components/SpotlightOverlay.stories.tsx[2m > [22m[2mQuiz Mode
[22m[39m[UnitContext] Fetching unit data for id: mock-unit-id
[90mstdout[2m | .storybook/components/SpotlightOverlay.stories.tsx[2m > [22m[2mQuiz Mode
[22m[39m[FilesContext] Initializing vector store from IndexedDB
[90mstdout[2m | .storybook/components/SpotlightOverlay.stories.tsx[2m > [22m[2mQuiz Mode
[22m[39m[FilesContext] fetchFiles called
[90mstdout[2m | .storybook/components/SpotlightOverlay.stories.tsx[2m > [22m[2mQuiz Mode
[22m[39m[FilesContext] User authenticated: mock-user-sub
[90mstdout[2m | .storybook/components/SpotlightOverlay.stories.tsx[2m > [22m[2mQuiz Mode
[22m[39m[FilesContext] Identity ID: us-east-1:mock-identity-123
[90mstdout[2m | .storybook/components/SpotlightOverlay.stories.tsx[2m > [22m[2mQuiz Mode
[22m[39m[FilesContext] About to set up File observeQuery
[90mstdout[2m | .storybook/components/SpotlightOverlay.stories.tsx[2m > [22m[2mQuiz Mode
[22m[39m[ChatContext] Setting up AssistantChat observeQuery
[90mstdout[2m | .storybook/components/SpotlightOverlay.stories.tsx[2m > [22m[2mQuiz Mode
[22m[39m[ChatContext] Waiting for subscription to initialize
[90mstdout[2m | .storybook/components/SpotlightOverlay.stories.tsx[2m > [22m[2mQuiz Mode
[22m[39m[SettingsContext] Setting up Settings subscription for user: mock-user-sub
[90mstdout[2m | .storybook/components/SpotlightOverlay.stories.tsx[2m > [22m[2mQuiz Mode
[22m[39m[Mock Data] Settings created: mock-settings-1790418888193 - notified 0 subscribers
[90mstdout[2m | .storybook/components/SpotlightOverlay.stories.tsx[2m > [22m[2mQuiz Mode
[22m[39m[Mock Data] Unit.onUpdate() subscription added. Total: 1
[90mstdout[2m | .storybook/components/SpotlightOverlay.stories.tsx[2m > [22m[2mQuiz Mode
[22m[39m[SectionContext] Section observeQuery update: 0
[90mstdout[2m | .storybook/components/SpotlightOverlay.stories.tsx[2m > [22m[2mQuiz Mode
[22m[39m[FilesContext] File observeQuery update: 6 files
[90mstdout[2m | .storybook/components/SpotlightOverlay.stories.tsx[2m > [22m[2mQuiz Mode
[22m[39m[MOCK CourseVectorStore] Initialized with mock data
[90mstdout[2m | .storybook/components/SpotlightOverlay.stories.tsx[2m > [22m[2mQuiz Mode
[22m[39m[FilesContext] Vector store population triggered {
  "currentVectorStoreSize": 3,
  "documentsCount": 0,
  "filesCount": 6,
  "isInitialLoad": true,
}
[90mstdout[2m | .storybook/components/SpotlightOverlay.stories.tsx[2m > [22m[2mQuiz Mode
[22m[39m[FilesContext] Vector store population complete - 3 total embeddings
[90mstdout[2m | .storybook/components/SpotlightOverlay.stories.tsx[2m > [22m[2mQuiz Mode
[22m[39m[ChatContext] AssistantChat initialized with 1 chats
[90mstdout[2m | .storybook/components/SpotlightOverlay.stories.tsx[2m > [22m[2mQuiz Mode
[22m[39m[ChatContext] Setting initial chat: mock-assistant-chat-1
[90mstdout[2m | .storybook/components/SpotlightOverlay.stories.tsx[2m > [22m[2mQuiz Mode
[22m[39m[ChatContext] Chat exists and not archived, skipping creation
[90mstdout[2m | .storybook/components/SpotlightOverlay.stories.tsx[2m > [22m[2mQuiz Mode
[22m[39m[Mock Storage] downloadData called with: undefined
[90mstdout[2m | .storybook/components/SpotlightOverlay.stories.tsx[2m > [22m[2mQuiz Mode
[22m[39mfilterWords {
  "filter": "",
  "wordsCount": 0,
}
[90mstdout[2m | .storybook/components/SpotlightOverlay.stories.tsx[2m > [22m[2mSingle Step
[22m[39m[ChatContext] Cleaning up subscriptions
[90mstdout[2m | .storybook/components/SpotlightOverlay.stories.tsx[2m > [22m[2mSingle Step
[22m[39m[Mock Data] Unit.onUpdate() subscription removed. Remaining: 0
[90mstdout[2m | .storybook/components/SpotlightOverlay.stories.tsx[2m > [22m[2mSingle Step
[22m[39m[MOCK CourseVectorStore] Initialized with mock data
[90mstdout[2m | .storybook/components/SpotlightOverlay.stories.tsx[2m > [22m[2mSingle Step
[22m[39m[SpotlightOverlay] Looking for selector: #start-tour-button in manager
[90mstdout[2m | .storybook/components/SpotlightOverlay.stories.tsx[2m > [22m[2mSingle Step
[22m[39m[SpotlightOverlay] Element found: true
[90mstdout[2m | .storybook/components/SpotlightOverlay.stories.tsx[2m > [22m[2mSingle Step
[22m[39m[SpotlightOverlay] Target rect (manager): {
  "height": 36.5,
  "left": 48,
  "top": 125.5,
  "width": 118.078125,
}
[90mstdout[2m | .storybook/components/SpotlightOverlay.stories.tsx[2m > [22m[2mSingle Step
[22m[39m[TranslationModeController] Setting mode to: off
[90mstdout[2m | .storybook/components/SpotlightOverlay.stories.tsx[2m > [22m[2mSingle Step
[22m[39m[UnitContext] useEffect triggered {
  "authLoading": false,
  "hasUser": true,
  "id": "mock-unit-id",
  "userSub": "mock-user-sub",
}
[90mstdout[2m | .storybook/components/SpotlightOverlay.stories.tsx[2m > [22m[2mSingle Step
[22m[39m[UnitContext] Fetching unit data for id: mock-unit-id
[90mstdout[2m | .storybook/components/SpotlightOverlay.stories.tsx[2m > [22m[2mSingle Step
[22m[39m[FilesContext] Initializing vector store from IndexedDB
[90mstdout[2m | .storybook/components/SpotlightOverlay.stories.tsx[2m > [22m[2mSingle Step
[22m[39m[FilesContext] fetchFiles called
[90mstdout[2m | .storybook/components/SpotlightOverlay.stories.tsx[2m > [22m[2mSingle Step
[22m[39m[FilesContext] User authenticated: mock-user-sub
[90mstdout[2m | .storybook/components/SpotlightOverlay.stories.tsx[2m > [22m[2mSingle Step
[22m[39m[FilesContext] Identity ID: us-east-1:mock-identity-123
[90mstdout[2m | .storybook/components/SpotlightOverlay.stories.tsx[2m > [22m[2mSingle Step
[22m[39m[FilesContext] About to set up File observeQuery
[90mstdout[2m | .storybook/components/SpotlightOverlay.stories.tsx[2m > [22m[2mSingle Step
[22m[39m[ChatContext] Setting up AssistantChat observeQuery
[90mstdout[2m | .storybook/components/SpotlightOverlay.stories.tsx[2m > [22m[2mSingle Step
[22m[39m[ChatContext] Waiting for subscription to initialize
[90mstdout[2m | .storybook/components/SpotlightOverlay.stories.tsx[2m > [22m[2mSingle Step
[22m[39m[SettingsContext] Setting up Settings subscription for user: mock-user-sub
[90mstdout[2m | .storybook/components/SpotlightOverlay.stories.tsx[2m > [22m[2mSingle Step
[22m[39m[Mock Data] Settings created: mock-settings-1790418888697 - notified 0 subscribers
[90mstdout[2m | .storybook/components/SpotlightOverlay.stories.tsx[2m > [22m[2mSingle Step
[22m[39m[Mock Data] Unit.onUpdate() subscription added. Total: 1
[90mstdout[2m | .storybook/components/SpotlightOverlay.stories.tsx[2m > [22m[2mSingle Step
[22m[39m[SectionContext] Section observeQuery update: 0
[90mstdout[2m | .storybook/components/SpotlightOverlay.stories.tsx[2m > [22m[2mSingle Step
[22m[39m[FilesContext] File observeQuery update: 6 files
[90mstdout[2m | .storybook/components/SpotlightOverlay.stories.tsx[2m > [22m[2mSingle Step
[22m[39m[ChatContext] AssistantChat initialized with 1 chats
[90mstdout[2m | .storybook/components/SpotlightOverlay.stories.tsx[2m > [22m[2mSingle Step
[22m[39m[ChatContext] Setting initial chat: mock-assistant-chat-1
[90mstdout[2m | .storybook/components/SpotlightOverlay.stories.tsx[2m > [22m[2mSingle Step
[22m[39m[SpotlightOverlay] ⏱️ Retry attempt after 100 ms
[90mstdout[2m | .storybook/components/SpotlightOverlay.stories.tsx[2m > [22m[2mSingle Step
[22m[39m[SpotlightOverlay] Looking for selector: #start-tour-button in manager
[90mstdout[2m | .storybook/components/SpotlightOverlay.stories.tsx[2m > [22m[2mSingle Step
[22m[39m[SpotlightOverlay] Element found: true
[90mstdout[2m | .storybook/components/SpotlightOverlay.stories.tsx[2m > [22m[2mSingle Step
[22m[39m[SpotlightOverlay] Target rect (manager): {
  "height": 36.5,
  "left": 48,
  "top": 125.5,
  "width": 118.078125,
}
[90mstdout[2m | .storybook/components/SpotlightOverlay.stories.tsx[2m > [22m[2mSingle Step
[22m[39m[Mock Storage] downloadData called with: undefined
[90mstdout[2m | .storybook/components/SpotlightOverlay.stories.tsx[2m > [22m[2mSingle Step
[22m[39m[MOCK CourseVectorStore] Initialized with mock data
[90mstdout[2m | .storybook/components/SpotlightOverlay.stories.tsx[2m > [22m[2mSingle Step
[22m[39m[FilesContext] Vector store population triggered {
  "currentVectorStoreSize": 3,
  "documentsCount": 0,
  "filesCount": 6,
  "isInitialLoad": true,
}
[90mstdout[2m | .storybook/components/SpotlightOverlay.stories.tsx[2m > [22m[2mSingle Step
[22m[39m[FilesContext] Vector store population complete - 3 total embeddings
[90mstdout[2m | .storybook/components/SpotlightOverlay.stories.tsx[2m > [22m[2mSingle Step
[22m[39m[ChatContext] Chat exists and not archived, skipping creation
[90mstdout[2m | .storybook/components/SpotlightOverlay.stories.tsx[2m > [22m[2mSingle Step
[22m[39m[SpotlightOverlay] ⏱️ Retry attempt after 300 ms
[90mstdout[2m | .storybook/components/SpotlightOverlay.stories.tsx[2m > [22m[2mSingle Step
[22m[39m[SpotlightOverlay] Looking for selector: #start-tour-button in manager
[90mstdout[2m | .storybook/components/SpotlightOverlay.stories.tsx[2m > [22m[2mSingle Step
[22m[39m[SpotlightOverlay] Element found: true
[90mstdout[2m | .storybook/components/SpotlightOverlay.stories.tsx[2m > [22m[2mSingle Step
[22m[39m[SpotlightOverlay] Target rect (manager): {
  "height": 36.5,
  "left": 48,
  "top": 125.5,
  "width": 118.078125,
}
[90mstdout[2m | .storybook/components/SpotlightOverlay.stories.tsx[2m > [22m[2mSingle Step
[22m[39m[SpotlightOverlay] ⏱️ Retry attempt after 500 ms
[90mstdout[2m | .storybook/components/SpotlightOverlay.stories.tsx[2m > [22m[2mSingle Step
[22m[39m[SpotlightOverlay] Looking for selector: #start-tour-button in manager
[90mstdout[2m | .storybook/components/SpotlightOverlay.stories.tsx[2m > [22m[2mSingle Step
[22m[39m[SpotlightOverlay] Element found: true
[90mstdout[2m | .storybook/components/SpotlightOverlay.stories.tsx[2m > [22m[2mSingle Step
[22m[39m[SpotlightOverlay] Target rect (manager): {
  "height": 36.5,
  "left": 48,
  "top": 125.5,
  "width": 118.078125,
}
[90mstdout[2m | .storybook/components/SpotlightOverlay.stories.tsx[2m > [22m[2mNo Target Element
[22m[39m[ChatContext] Cleaning up subscriptions
[90mstdout[2m | .storybook/components/SpotlightOverlay.stories.tsx[2m > [22m[2mNo Target Element
[22m[39m[Mock Data] Unit.onUpdate() subscription removed. Remaining: 0
[90mstdout[2m | .storybook/components/SpotlightOverlay.stories.tsx[2m > [22m[2mNo Target Element
[22m[39m[MOCK CourseVectorStore] Initialized with mock data
[90mstdout[2m | .storybook/components/SpotlightOverlay.stories.tsx[2m > [22m[2mNo Target Element
[22m[39m[SpotlightOverlay] No target selector or position, centering
[90mstdout[2m | .storybook/components/SpotlightOverlay.stories.tsx[2m > [22m[2mNo Target Element
[22m[39m[TranslationModeController] Setting mode to: off
[90mstdout[2m | .storybook/components/SpotlightOverlay.stories.tsx[2m > [22m[2mNo Target Element
[22m[39m[UnitContext] useEffect triggered {
  "authLoading": false,
  "hasUser": true,
  "id": "mock-unit-id",
  "userSub": "mock-user-sub",
}
[90mstdout[2m | .storybook/components/SpotlightOverlay.stories.tsx[2m > [22m[2mNo Target Element
[22m[39m[UnitContext] Fetching unit data for id: mock-unit-id
[90mstdout[2m | .storybook/components/SpotlightOverlay.stories.tsx[2m > [22m[2mNo Target Element
[22m[39m[FilesContext] Initializing vector store from IndexedDB
[90mstdout[2m | .storybook/components/SpotlightOverlay.stories.tsx[2m > [22m[2mNo Target Element
[22m[39m[FilesContext] fetchFiles called
[90mstdout[2m | .storybook/components/SpotlightOverlay.stories.tsx[2m > [22m[2mNo Target Element
[22m[39m[FilesContext] User authenticated: mock-user-sub
[90mstdout[2m | .storybook/components/SpotlightOverlay.stories.tsx[2m > [22m[2mNo Target Element
[22m[39m[FilesContext] Identity ID: us-east-1:mock-identity-123
[90mstdout[2m | .storybook/components/SpotlightOverlay.stories.tsx[2m > [22m[2mNo Target Element
[22m[39m[FilesContext] About to set up File observeQuery
[90mstdout[2m | .storybook/components/SpotlightOverlay.stories.tsx[2m > [22m[2mNo Target Element
[22m[39m[ChatContext] Setting up AssistantChat observeQuery
[90mstdout[2m | .storybook/components/SpotlightOverlay.stories.tsx[2m > [22m[2mNo Target Element
[22m[39m[ChatContext] Waiting for subscription to initialize
[90mstdout[2m | .storybook/components/SpotlightOverlay.stories.tsx[2m > [22m[2mNo Target Element
[22m[39m[SettingsContext] Setting up Settings subscription for user: mock-user-sub
[90mstdout[2m | .storybook/components/SpotlightOverlay.stories.tsx[2m > [22m[2mNo Target Element
[22m[39m[Mock Data] Settings created: mock-settings-1790418889509 - notified 0 subscribers
[90mstdout[2m | .storybook/components/SpotlightOverlay.stories.tsx[2m > [22m[2mNo Target Element
[22m[39m[Mock Data] Unit.onUpdate() subscription added. Total: 1
[90mstdout[2m | .storybook/components/SpotlightOverlay.stories.tsx[2m > [22m[2mNo Target Element
[22m[39m[SectionContext] Section observeQuery update: 0
[90mstdout[2m | .storybook/components/SpotlightOverlay.stories.tsx[2m > [22m[2mNo Target Element
[22m[39m[FilesContext] File observeQuery update: 6 files
[90mstdout[2m | .storybook/components/SpotlightOverlay.stories.tsx[2m > [22m[2mNo Target Element
[22m[39m[ChatContext] AssistantChat initialized with 1 chats
[90mstdout[2m | .storybook/components/SpotlightOverlay.stories.tsx[2m > [22m[2mNo Target Element
[22m[39m[ChatContext] Setting initial chat: mock-assistant-chat-1
[90mstdout[2m | .storybook/components/SpotlightOverlay.stories.tsx[2m > [22m[2mNo Target Element
[22m[39m[MOCK CourseVectorStore] Initialized with mock data
[90mstdout[2m | .storybook/components/SpotlightOverlay.stories.tsx[2m > [22m[2mNo Target Element
[22m[39m[FilesContext] Vector store population triggered {
  "currentVectorStoreSize": 3,
  "documentsCount": 0,
  "filesCount": 6,
  "isInitialLoad": true,
}
[90mstdout[2m | .storybook/components/SpotlightOverlay.stories.tsx[2m > [22m[2mNo Target Element
[22m[39m[FilesContext] Vector store population complete - 3 total embeddings
[90mstdout[2m | .storybook/components/SpotlightOverlay.stories.tsx[2m > [22m[2mNo Target Element
[22m[39m[ChatContext] Chat exists and not archived, skipping creation
[90mstdout[2m | .storybook/components/SpotlightOverlay.stories.tsx[2m > [22m[2mNo Target Element
[22m[39m[Mock Storage] downloadData called with: undefined
[90mstdout[2m | .storybook/components/SpotlightOverlay.stories.tsx[2m > [22m[2mNo Target Element
[22m[39m[SpotlightOverlay] ⏱️ Retry attempt after 100 ms
[90mstdout[2m | .storybook/components/SpotlightOverlay.stories.tsx[2m > [22m[2mNo Target Element
[22m[39m[SpotlightOverlay] No target selector or position, centering
[90mstdout[2m | .storybook/components/SpotlightOverlay.stories.tsx[2m > [22m[2mNo Target Element
[22m[39m[SpotlightOverlay] ⏱️ Retry attempt after 300 ms
[90mstdout[2m | .storybook/components/SpotlightOverlay.stories.tsx[2m > [22m[2mNo Target Element
[22m[39m[SpotlightOverlay] No target selector or position, centering
[90mstdout[2m | .storybook/components/SpotlightOverlay.stories.tsx[2m > [22m[2mManual Positioning
[22m[39m[ChatContext] Cleaning up subscriptions
[90mstdout[2m | .storybook/components/SpotlightOverlay.stories.tsx[2m > [22m[2mManual Positioning
[22m[39m[Mock Data] Unit.onUpdate() subscription removed. Remaining: 0
[90mstdout[2m | .storybook/components/SpotlightOverlay.stories.tsx[2m > [22m[2mManual Positioning
[22m[39m[MOCK CourseVectorStore] Initialized with mock data
[90mstdout[2m | .storybook/components/SpotlightOverlay.stories.tsx[2m > [22m[2mManual Positioning
[22m[39m[SpotlightOverlay] Using manual position: {
  "height": 100,
  "left": 300,
  "top": 200,
  "width": 200,
}
[90mstdout[2m | .storybook/components/SpotlightOverlay.stories.tsx[2m > [22m[2mManual Positioning
[22m[39m[TranslationModeController] Setting mode to: off
[90mstdout[2m | .storybook/components/SpotlightOverlay.stories.tsx[2m > [22m[2mManual Positioning
[22m[39m[UnitContext] useEffect triggered {
  "authLoading": false,
  "hasUser": true,
  "id": "mock-unit-id",
  "userSub": "mock-user-sub",
}
[90mstdout[2m | .storybook/components/SpotlightOverlay.stories.tsx[2m > [22m[2mManual Positioning
[22m[39m[UnitContext] Fetching unit data for id: mock-unit-id
[90mstdout[2m | .storybook/components/SpotlightOverlay.stories.tsx[2m > [22m[2mManual Positioning
[22m[39m[FilesContext] Initializing vector store from IndexedDB
[90mstdout[2m | .storybook/components/SpotlightOverlay.stories.tsx[2m > [22m[2mManual Positioning
[22m[39m[FilesContext] fetchFiles called
[90mstdout[2m | .storybook/components/SpotlightOverlay.stories.tsx[2m > [22m[2mManual Positioning
[22m[39m[FilesContext] User authenticated: mock-user-sub
[90mstdout[2m | .storybook/components/SpotlightOverlay.stories.tsx[2m > [22m[2mManual Positioning
[22m[39m[FilesContext] Identity ID: us-east-1:mock-identity-123
[90mstdout[2m | .storybook/components/SpotlightOverlay.stories.tsx[2m > [22m[2mManual Positioning
[22m[39m[FilesContext] About to set up File observeQuery
[90mstdout[2m | .storybook/components/SpotlightOverlay.stories.tsx[2m > [22m[2mManual Positioning
[22m[39m[ChatContext] Setting up AssistantChat observeQuery
[90mstdout[2m | .storybook/components/SpotlightOverlay.stories.tsx[2m > [22m[2mManual Positioning
[22m[39m[ChatContext] Waiting for subscription to initialize
[90mstdout[2m | .storybook/components/SpotlightOverlay.stories.tsx[2m > [22m[2mManual Positioning
[22m[39m[SettingsContext] Setting up Settings subscription for user: mock-user-sub
[90mstdout[2m | .storybook/components/SpotlightOverlay.stories.tsx[2m > [22m[2mManual Positioning
[22m[39m[Mock Data] Settings created: mock-settings-1790418889919 - notified 0 subscribers
[90mstdout[2m | .storybook/components/SpotlightOverlay.stories.tsx[2m > [22m[2mManual Positioning
[22m[39m[Mock Data] Unit.onUpdate() subscription added. Total: 1
[90mstdout[2m | .storybook/components/SpotlightOverlay.stories.tsx[2m > [22m[2mManual Positioning
[22m[39m[SectionContext] Section observeQuery update: 0
[90mstdout[2m | .storybook/components/SpotlightOverlay.stories.tsx[2m > [22m[2mManual Positioning
[22m[39m[FilesContext] File observeQuery update: 6 files
[90mstdout[2m | .storybook/components/SpotlightOverlay.stories.tsx[2m > [22m[2mManual Positioning
[22m[39m[ChatContext] AssistantChat initialized with 1 chats
[90mstdout[2m | .storybook/components/SpotlightOverlay.stories.tsx[2m > [22m[2mManual Positioning
[22m[39m[ChatContext] Setting initial chat: mock-assistant-chat-1
[90mstdout[2m | .storybook/components/SpotlightOverlay.stories.tsx[2m > [22m[2mManual Positioning
[22m[39m[MOCK CourseVectorStore] Initialized with mock data
[90mstdout[2m | .storybook/components/SpotlightOverlay.stories.tsx[2m > [22m[2mManual Positioning
[22m[39m[FilesContext] Vector store population triggered {
  "currentVectorStoreSize": 3,
  "documentsCount": 0,
  "filesCount": 6,
  "isInitialLoad": true,
}
[90mstdout[2m | .storybook/components/SpotlightOverlay.stories.tsx[2m > [22m[2mManual Positioning
[22m[39m[FilesContext] Vector store population complete - 3 total embeddings
[90mstdout[2m | .storybook/components/SpotlightOverlay.stories.tsx[2m > [22m[2mManual Positioning
[22m[39m[ChatContext] Chat exists and not archived, skipping creation
[90mstdout[2m | .storybook/components/SpotlightOverlay.stories.tsx[2m > [22m[2mManual Positioning
[22m[39m[Mock Storage] downloadData called with: undefined
[90mstdout[2m | .storybook/components/SpotlightOverlay.stories.tsx[2m > [22m[2mManual Positioning
[22m[39m[SpotlightOverlay] ⏱️ Retry attempt after 100 ms
[90mstdout[2m | .storybook/components/SpotlightOverlay.stories.tsx[2m > [22m[2mManual Positioning
[22m[39m[SpotlightOverlay] Using manual position: {
  "height": 100,
  "left": 300,
  "top": 200,
  "width": 200,
}
[90mstdout[2m | .storybook/components/SpotlightOverlay.stories.tsx[2m > [22m[2mManual Positioning
[22m[39mfilterWords {
  "filter": "",
  "wordsCount": 0,
}
 [32m✓[39m [30m[45m storybook (chromium) [49m[39m .storybook/components/SpotlightOverlay.stories.tsx [2m([22m[2m5 tests[22m[2m)[22m[33m 2203[2mms[22m[39m
   [33m[2m✓[22m[39m Single Step [33m 851[2mms[22m[39m
   [33m[2m✓[22m[39m No Target Element [33m 596[2mms[22m[39m
[90mstdout[2m | unknown test
[22m[39m[MOCK vectorStoreDB.js] Module loaded - mock IndexedDB operations
[90mstdout[2m | unknown test
[22m[39m[Task Completion] DOM action listeners initialized
[90mstdout[2m | unknown test
[22m[39m[Task Completion] Auto-completion detector initialized
[90mstdout[2m | unknown test
[22m[39m[Preview] Task completion detector initialized
[90mstdout[2m | src/components/Editor3/plugins/BlockSuggestionPluginAI.stories.jsx[2m > [22m[2mCompare A Ivs Rules
[22m[39m[Preview] Skipped initializing default mock data (initializeMockData=false)
[90mstdout[2m | src/components/Editor3/plugins/BlockSuggestionPluginAI.stories.jsx[2m > [22m[2mCompare A Ivs Rules
[22m[39m[Mock Data] seedMockUnit: Adding unit block-suggestion-ai-story-unit
[90mstdout[2m | src/components/Editor3/plugins/BlockSuggestionPluginAI.stories.jsx[2m > [22m[2mCompare A Ivs Rules
[22m[39m[MOCK CourseVectorStore] Initialized with mock data
[90mstdout[2m | src/components/Editor3/plugins/BlockSuggestionPluginAI.stories.jsx[2m > [22m[2mCompare A Ivs Rules
[22m[39m[TranslationModeController] Setting mode to: off
[90mstdout[2m | src/components/Editor3/plugins/BlockSuggestionPluginAI.stories.jsx[2m > [22m[2mCompare A Ivs Rules
[22m[39m[UnitContext] useEffect triggered {
  "authLoading": false,
  "hasUser": true,
  "id": "block-suggestion-ai-story-unit",
  "userSub": "mock-user-sub",
}
[90mstdout[2m | src/components/Editor3/plugins/BlockSuggestionPluginAI.stories.jsx[2m > [22m[2mCompare A Ivs Rules
[22m[39m[UnitContext] Fetching unit data for id: block-suggestion-ai-story-unit
[90mstdout[2m | src/components/Editor3/plugins/BlockSuggestionPluginAI.stories.jsx[2m > [22m[2mCompare A Ivs Rules
[22m[39m[FilesContext] Initializing vector store from IndexedDB
[90mstdout[2m | src/components/Editor3/plugins/BlockSuggestionPluginAI.stories.jsx[2m > [22m[2mCompare A Ivs Rules
[22m[39m[FilesContext] fetchFiles called
[90mstdout[2m | src/components/Editor3/plugins/BlockSuggestionPluginAI.stories.jsx[2m > [22m[2mCompare A Ivs Rules
[22m[39m[FilesContext] User authenticated: mock-user-sub
[90mstdout[2m | src/components/Editor3/plugins/BlockSuggestionPluginAI.stories.jsx[2m > [22m[2mCompare A Ivs Rules
[22m[39m[FilesContext] Identity ID: us-east-1:mock-identity-123
[90mstdout[2m | src/components/Editor3/plugins/BlockSuggestionPluginAI.stories.jsx[2m > [22m[2mCompare A Ivs Rules
[22m[39m[FilesContext] About to set up File observeQuery
[90mstdout[2m | src/components/Editor3/plugins/BlockSuggestionPluginAI.stories.jsx[2m > [22m[2mCompare A Ivs Rules
[22m[39m[ChatContext] Setting up AssistantChat observeQuery
[90mstdout[2m | src/components/Editor3/plugins/BlockSuggestionPluginAI.stories.jsx[2m > [22m[2mCompare A Ivs Rules
[22m[39m[ChatContext] Waiting for subscription to initialize
[90mstdout[2m | src/components/Editor3/plugins/BlockSuggestionPluginAI.stories.jsx[2m > [22m[2mCompare A Ivs Rules
[22m[39m[SettingsContext] Setting up Settings subscription for user: mock-user-sub
[90mstdout[2m | src/components/Editor3/plugins/BlockSuggestionPluginAI.stories.jsx[2m > [22m[2mCompare A Ivs Rules
[22m[39m[Mock Data] Settings created: mock-settings-1790418894376 - notified 0 subscribers
[90mstdout[2m | src/components/Editor3/plugins/BlockSuggestionPluginAI.stories.jsx[2m > [22m[2mCompare A Ivs Rules
[22m[39m[Mock Data] Unit.onUpdate() subscription added. Total: 1
[90mstdout[2m | src/components/Editor3/plugins/BlockSuggestionPluginAI.stories.jsx[2m > [22m[2mCompare A Ivs Rules
[22m[39m[SectionContext] Section observeQuery update: 0
[90mstdout[2m | src/components/Editor3/plugins/BlockSuggestionPluginAI.stories.jsx[2m > [22m[2mCompare A Ivs Rules
[22m[39m[FilesContext] File observeQuery update: 0 files
[90mstdout[2m | src/components/Editor3/plugins/BlockSuggestionPluginAI.stories.jsx[2m > [22m[2mCompare A Ivs Rules
[22m[39m[ChatContext] AssistantChat initialized with 0 chats
[90mstdout[2m | src/components/Editor3/plugins/BlockSuggestionPluginAI.stories.jsx[2m > [22m[2mCompare A Ivs Rules
[22m[39m[MOCK CourseVectorStore] Initialized with mock data
[90mstdout[2m | src/components/Editor3/plugins/BlockSuggestionPluginAI.stories.jsx[2m > [22m[2mCompare A Ivs Rules
[22m[39m[ChatContext] No current chat available, will create one
[90mstdout[2m | src/components/Editor3/plugins/BlockSuggestionPluginAI.stories.jsx[2m > [22m[2mCompare A Ivs Rules
[22m[39m[ChatContext] Creating AssistantChat with user: undefined
[90mstdout[2m | src/components/Editor3/plugins/BlockSuggestionPluginAI.stories.jsx[2m > [22m[2mCompare A Ivs Rules
[22m[39m[Mock Data] AssistantChat created: mock-assistantchat-1790418894394 - notified 1 subscribers
[90mstdout[2m | src/components/Editor3/plugins/BlockSuggestionPluginAI.stories.jsx[2m > [22m[2mCompare A Ivs Rules
[22m[39m[ChatContext] Create result: {
  "data": {
    "_version": 1,
    "archived": false,
    "chatFiles": [Function anonymous],
    "createdAt": "2026-09-26T10:34:54.394Z",
    "id": "mock-assistantchat-1790418894394",
    "model": "gpt-4",
    "updatedAt": "2026-09-26T10:34:54.394Z",
  },
  "errors": [],
  "hasData": true,
  "hasErrors": true,
}
[90mstdout[2m | src/components/Editor3/plugins/BlockSuggestionPluginAI.stories.jsx[2m > [22m[2mCompare A Ivs Rules
[22m[39m[ChatContext] Created AssistantChat: mock-assistantchat-1790418894394 at: 2026-09-26T10:34:54.394Z
[90mstdout[2m | src/components/Editor3/plugins/BlockSuggestionPluginAI.stories.jsx[2m > [22m[2mCompare A Ivs Rules
[22m[39m[Mock Storage] downloadData called with: undefined
[90mstdout[2m | src/components/Editor3/plugins/BlockSuggestionPluginAI.stories.jsx[2m > [22m[2mCompare A Ivs Rules
[22m[39m[ChatContext] Setting initial chat: mock-assistantchat-1790418894394
[90mstdout[2m | src/components/Editor3/plugins/BlockSuggestionPluginAI.stories.jsx[2m > [22m[2mCompare A Ivs Rules
[22m[39m[ChatContext] Chat exists and not archived, skipping creation
[90mstdout[2m | src/components/Editor3/plugins/BlockSuggestionPluginAI.stories.jsx[2m > [22m[2mAfter Explanation
[22m[39m[ChatContext] Cleaning up subscriptions
[90mstdout[2m | src/components/Editor3/plugins/BlockSuggestionPluginAI.stories.jsx[2m > [22m[2mAfter Explanation
[22m[39m[Mock Data] Unit.onUpdate() subscription removed. Remaining: 0
[90mstdout[2m | src/components/Editor3/plugins/BlockSuggestionPluginAI.stories.jsx[2m > [22m[2mAfter Explanation
[22m[39m[Preview] Skipped initializing default mock data (initializeMockData=false)
[90mstdout[2m | src/components/Editor3/plugins/BlockSuggestionPluginAI.stories.jsx[2m > [22m[2mAfter Explanation
[22m[39m[Mock Data] seedMockUnit: Adding unit block-suggestion-ai-story-unit
[90mstdout[2m | src/components/Editor3/plugins/BlockSuggestionPluginAI.stories.jsx[2m > [22m[2mAfter Explanation
[22m[39m[MOCK CourseVectorStore] Initialized with mock data
[90mstdout[2m | src/components/Editor3/plugins/BlockSuggestionPluginAI.stories.jsx[2m > [22m[2mAfter Explanation
[22m[39m[TranslationModeController] Setting mode to: off
[90mstdout[2m | src/components/Editor3/plugins/BlockSuggestionPluginAI.stories.jsx[2m > [22m[2mAfter Explanation
[22m[39m[UnitContext] useEffect triggered {
  "authLoading": false,
  "hasUser": true,
  "id": "block-suggestion-ai-story-unit",
  "userSub": "mock-user-sub",
}
[90mstdout[2m | src/components/Editor3/plugins/BlockSuggestionPluginAI.stories.jsx[2m > [22m[2mAfter Explanation
[22m[39m[UnitContext] Fetching unit data for id: block-suggestion-ai-story-unit
[90mstdout[2m | src/components/Editor3/plugins/BlockSuggestionPluginAI.stories.jsx[2m > [22m[2mAfter Explanation
[22m[39m[FilesContext] Initializing vector store from IndexedDB
[90mstdout[2m | src/components/Editor3/plugins/BlockSuggestionPluginAI.stories.jsx[2m > [22m[2mAfter Explanation
[22m[39m[FilesContext] fetchFiles called
[90mstdout[2m | src/components/Editor3/plugins/BlockSuggestionPluginAI.stories.jsx[2m > [22m[2mAfter Explanation
[22m[39m[FilesContext] User authenticated: mock-user-sub
[90mstdout[2m | src/components/Editor3/plugins/BlockSuggestionPluginAI.stories.jsx[2m > [22m[2mAfter Explanation
[22m[39m[FilesContext] Identity ID: us-east-1:mock-identity-123
[90mstdout[2m | src/components/Editor3/plugins/BlockSuggestionPluginAI.stories.jsx[2m > [22m[2mAfter Explanation
[22m[39m[FilesContext] About to set up File observeQuery
[90mstdout[2m | src/components/Editor3/plugins/BlockSuggestionPluginAI.stories.jsx[2m > [22m[2mAfter Explanation
[22m[39m[ChatContext] Setting up AssistantChat observeQuery
[90mstdout[2m | src/components/Editor3/plugins/BlockSuggestionPluginAI.stories.jsx[2m > [22m[2mAfter Explanation
[22m[39m[ChatContext] Waiting for subscription to initialize
[90mstdout[2m | src/components/Editor3/plugins/BlockSuggestionPluginAI.stories.jsx[2m > [22m[2mAfter Explanation
[22m[39m[SettingsContext] Setting up Settings subscription for user: mock-user-sub
[90mstdout[2m | src/components/Editor3/plugins/BlockSuggestionPluginAI.stories.jsx[2m > [22m[2mAfter Explanation
[22m[39m[Mock Data] Settings created: mock-settings-1790418894602 - notified 0 subscribers
[90mstdout[2m | src/components/Editor3/plugins/BlockSuggestionPluginAI.stories.jsx[2m > [22m[2mAfter Explanation
[22m[39m[Mock Data] Unit.onUpdate() subscription added. Total: 1
[90mstdout[2m | src/components/Editor3/plugins/BlockSuggestionPluginAI.stories.jsx[2m > [22m[2mAfter Explanation
[22m[39m[SectionContext] Section observeQuery update: 0
[90mstdout[2m | src/components/Editor3/plugins/BlockSuggestionPluginAI.stories.jsx[2m > [22m[2mAfter Explanation
[22m[39m[FilesContext] File observeQuery update: 0 files
[90mstdout[2m | src/components/Editor3/plugins/BlockSuggestionPluginAI.stories.jsx[2m > [22m[2mAfter Explanation
[22m[39m[ChatContext] AssistantChat initialized with 0 chats
[90mstdout[2m | src/components/Editor3/plugins/BlockSuggestionPluginAI.stories.jsx[2m > [22m[2mAfter Explanation
[22m[39m[MOCK CourseVectorStore] Initialized with mock data
[90mstdout[2m | src/components/Editor3/plugins/BlockSuggestionPluginAI.stories.jsx[2m > [22m[2mAfter Explanation
[22m[39m[ChatContext] No current chat available, will create one
[90mstdout[2m | src/components/Editor3/plugins/BlockSuggestionPluginAI.stories.jsx[2m > [22m[2mAfter Explanation
[22m[39m[ChatContext] Creating AssistantChat with user: undefined
[90mstdout[2m | src/components/Editor3/plugins/BlockSuggestionPluginAI.stories.jsx[2m > [22m[2mAfter Explanation
[22m[39m[Mock Data] AssistantChat created: mock-assistantchat-1790418894618 - notified 1 subscribers
[90mstdout[2m | src/components/Editor3/plugins/BlockSuggestionPluginAI.stories.jsx[2m > [22m[2mAfter Explanation
[22m[39m[ChatContext] Create result: {
  "data": {
    "_version": 1,
    "archived": false,
    "chatFiles": [Function anonymous],
    "createdAt": "2026-09-26T10:34:54.618Z",
    "id": "mock-assistantchat-1790418894618",
    "model": "gpt-4",
    "updatedAt": "2026-09-26T10:34:54.618Z",
  },
  "errors": [],
  "hasData": true,
  "hasErrors": true,
}
[90mstdout[2m | src/components/Editor3/plugins/BlockSuggestionPluginAI.stories.jsx[2m > [22m[2mAfter Explanation
[22m[39m[ChatContext] Created AssistantChat: mock-assistantchat-1790418894618 at: 2026-09-26T10:34:54.618Z
[90mstdout[2m | src/components/Editor3/plugins/BlockSuggestionPluginAI.stories.jsx[2m > [22m[2mAfter Explanation
[22m[39m[Mock Storage] downloadData called with: undefined
[90mstdout[2m | src/components/Editor3/plugins/BlockSuggestionPluginAI.stories.jsx[2m > [22m[2mAfter Explanation
[22m[39m[ChatContext] Setting initial chat: mock-assistantchat-1790418894618
[90mstdout[2m | src/components/Editor3/plugins/BlockSuggestionPluginAI.stories.jsx[2m > [22m[2mAfter Explanation
[22m[39m[ChatContext] Chat exists and not archived, skipping creation
[90mstdout[2m | src/components/Editor3/plugins/BlockSuggestionPluginAI.stories.jsx[2m > [22m[2mComplex Lesson Structure
[22m[39m[ChatContext] Cleaning up subscriptions
[90mstdout[2m | src/components/Editor3/plugins/BlockSuggestionPluginAI.stories.jsx[2m > [22m[2mComplex Lesson Structure
[22m[39m[Mock Data] Unit.onUpdate() subscription removed. Remaining: 0
[90mstdout[2m | src/components/Editor3/plugins/BlockSuggestionPluginAI.stories.jsx[2m > [22m[2mComplex Lesson Structure
[22m[39m[Preview] Skipped initializing default mock data (initializeMockData=false)
[90mstdout[2m | src/components/Editor3/plugins/BlockSuggestionPluginAI.stories.jsx[2m > [22m[2mComplex Lesson Structure
[22m[39m[Mock Data] seedMockUnit: Adding unit block-suggestion-ai-story-unit
[90mstdout[2m | src/components/Editor3/plugins/BlockSuggestionPluginAI.stories.jsx[2m > [22m[2mComplex Lesson Structure
[22m[39m[MOCK CourseVectorStore] Initialized with mock data
[90mstdout[2m | src/components/Editor3/plugins/BlockSuggestionPluginAI.stories.jsx[2m > [22m[2mComplex Lesson Structure
[22m[39m[TranslationModeController] Setting mode to: off
[90mstdout[2m | src/components/Editor3/plugins/BlockSuggestionPluginAI.stories.jsx[2m > [22m[2mComplex Lesson Structure
[22m[39m[UnitContext] useEffect triggered {
  "authLoading": false,
  "hasUser": true,
  "id": "block-suggestion-ai-story-unit",
  "userSub": "mock-user-sub",
}
[90mstdout[2m | src/components/Editor3/plugins/BlockSuggestionPluginAI.stories.jsx[2m > [22m[2mComplex Lesson Structure
[22m[39m[UnitContext] Fetching unit data for id: block-suggestion-ai-story-unit
[90mstdout[2m | src/components/Editor3/plugins/BlockSuggestionPluginAI.stories.jsx[2m > [22m[2mComplex Lesson Structure
[22m[39m[FilesContext] Initializing vector store from IndexedDB
[90mstdout[2m | src/components/Editor3/plugins/BlockSuggestionPluginAI.stories.jsx[2m > [22m[2mComplex Lesson Structure
[22m[39m[FilesContext] fetchFiles called
[90mstdout[2m | src/components/Editor3/plugins/BlockSuggestionPluginAI.stories.jsx[2m > [22m[2mComplex Lesson Structure
[22m[39m[FilesContext] User authenticated: mock-user-sub
[90mstdout[2m | src/components/Editor3/plugins/BlockSuggestionPluginAI.stories.jsx[2m > [22m[2mComplex Lesson Structure
[22m[39m[FilesContext] Identity ID: us-east-1:mock-identity-123
[90mstdout[2m | src/components/Editor3/plugins/BlockSuggestionPluginAI.stories.jsx[2m > [22m[2mComplex Lesson Structure
[22m[39m[FilesContext] About to set up File observeQuery
[90mstdout[2m | src/components/Editor3/plugins/BlockSuggestionPluginAI.stories.jsx[2m > [22m[2mComplex Lesson Structure
[22m[39m[ChatContext] Setting up AssistantChat observeQuery
[90mstdout[2m | src/components/Editor3/plugins/BlockSuggestionPluginAI.stories.jsx[2m > [22m[2mComplex Lesson Structure
[22m[39m[ChatContext] Waiting for subscription to initialize
[90mstdout[2m | src/components/Editor3/plugins/BlockSuggestionPluginAI.stories.jsx[2m > [22m[2mComplex Lesson Structure
[22m[39m[SettingsContext] Setting up Settings subscription for user: mock-user-sub
[90mstdout[2m | src/components/Editor3/plugins/BlockSuggestionPluginAI.stories.jsx[2m > [22m[2mComplex Lesson Structure
[22m[39m[Mock Data] Settings created: mock-settings-1790418894758 - notified 0 subscribers
[90mstdout[2m | src/components/Editor3/plugins/BlockSuggestionPluginAI.stories.jsx[2m > [22m[2mComplex Lesson Structure
[22m[39m[Mock Data] Unit.onUpdate() subscription added. Total: 1
[90mstdout[2m | src/components/Editor3/plugins/BlockSuggestionPluginAI.stories.jsx[2m > [22m[2mComplex Lesson Structure
[22m[39m[SectionContext] Section observeQuery update: 0
[90mstdout[2m | src/components/Editor3/plugins/BlockSuggestionPluginAI.stories.jsx[2m > [22m[2mComplex Lesson Structure
[22m[39m[FilesContext] File observeQuery update: 0 files
[90mstdout[2m | src/components/Editor3/plugins/BlockSuggestionPluginAI.stories.jsx[2m > [22m[2mComplex Lesson Structure
[22m[39m[ChatContext] AssistantChat initialized with 0 chats
[90mstdout[2m | src/components/Editor3/plugins/BlockSuggestionPluginAI.stories.jsx[2m > [22m[2mComplex Lesson Structure
[22m[39m[Mock Storage] downloadData called with: undefined
[90mstdout[2m | src/components/Editor3/plugins/BlockSuggestionPluginAI.stories.jsx[2m > [22m[2mComplex Lesson Structure
[22m[39m[MOCK CourseVectorStore] Initialized with mock data
[90mstdout[2m | src/components/Editor3/plugins/BlockSuggestionPluginAI.stories.jsx[2m > [22m[2mComplex Lesson Structure
[22m[39m[ChatContext] No current chat available, will create one
[90mstdout[2m | src/components/Editor3/plugins/BlockSuggestionPluginAI.stories.jsx[2m > [22m[2mComplex Lesson Structure
[22m[39m[ChatContext] Creating AssistantChat with user: undefined
[90mstdout[2m | src/components/Editor3/plugins/BlockSuggestionPluginAI.stories.jsx[2m > [22m[2mComplex Lesson Structure
[22m[39m[Mock Data] AssistantChat created: mock-assistantchat-1790418894784 - notified 1 subscribers
[90mstdout[2m | src/components/Editor3/plugins/BlockSuggestionPluginAI.stories.jsx[2m > [22m[2mComplex Lesson Structure
[22m[39m[ChatContext] Create result: {
  "data": {
    "_version": 1,
    "archived": false,
    "chatFiles": [Function anonymous],
    "createdAt": "2026-09-26T10:34:54.784Z",
    "id": "mock-assistantchat-1790418894784",
    "model": "gpt-4",
    "updatedAt": "2026-09-26T10:34:54.784Z",
  },
  "errors": [],
  "hasData": true,
  "hasErrors": true,
}
[90mstdout[2m | src/components/Editor3/plugins/BlockSuggestionPluginAI.stories.jsx[2m > [22m[2mComplex Lesson Structure
[22m[39m[ChatContext] Created AssistantChat: mock-assistantchat-1790418894784 at: 2026-09-26T10:34:54.784Z
[90mstdout[2m | src/components/Editor3/plugins/BlockSuggestionPluginAI.stories.jsx[2m > [22m[2mComplex Lesson Structure
[22m[39m[ChatContext] Setting initial chat: mock-assistantchat-1790418894784
[90mstdout[2m | src/components/Editor3/plugins/BlockSuggestionPluginAI.stories.jsx[2m > [22m[2mComplex Lesson Structure
[22m[39m[ChatContext] Chat exists and not archived, skipping creation
[90mstdout[2m | src/components/Editor3/plugins/BlockSuggestionPluginAI.stories.jsx[2m > [22m[2mAfter Quiz
[22m[39m[ChatContext] Cleaning up subscriptions
[90mstdout[2m | src/components/Editor3/plugins/BlockSuggestionPluginAI.stories.jsx[2m > [22m[2mAfter Quiz
[22m[39m[Mock Data] Unit.onUpdate() subscription removed. Remaining: 0
[90mstdout[2m | src/components/Editor3/plugins/BlockSuggestionPluginAI.stories.jsx[2m > [22m[2mAfter Quiz
[22m[39m[Preview] Skipped initializing default mock data (initializeMockData=false)
[90mstdout[2m | src/components/Editor3/plugins/BlockSuggestionPluginAI.stories.jsx[2m > [22m[2mAfter Quiz
[22m[39m[Mock Data] seedMockUnit: Adding unit block-suggestion-ai-story-unit
[90mstdout[2m | src/components/Editor3/plugins/BlockSuggestionPluginAI.stories.jsx[2m > [22m[2mAfter Quiz
[22m[39m[MOCK CourseVectorStore] Initialized with mock data
[90mstdout[2m | src/components/Editor3/plugins/BlockSuggestionPluginAI.stories.jsx[2m > [22m[2mAfter Quiz
[22m[39m[TranslationModeController] Setting mode to: off
[90mstdout[2m | src/components/Editor3/plugins/BlockSuggestionPluginAI.stories.jsx[2m > [22m[2mAfter Quiz
[22m[39m[UnitContext] useEffect triggered {
  "authLoading": false,
  "hasUser": true,
  "id": "block-suggestion-ai-story-unit",
  "userSub": "mock-user-sub",
}
[90mstdout[2m | src/components/Editor3/plugins/BlockSuggestionPluginAI.stories.jsx[2m > [22m[2mAfter Quiz
[22m[39m[UnitContext] Fetching unit data for id: block-suggestion-ai-story-unit
[90mstdout[2m | src/components/Editor3/plugins/BlockSuggestionPluginAI.stories.jsx[2m > [22m[2mAfter Quiz
[22m[39m[FilesContext] Initializing vector store from IndexedDB
[90mstdout[2m | src/components/Editor3/plugins/BlockSuggestionPluginAI.stories.jsx[2m > [22m[2mAfter Quiz
[22m[39m[FilesContext] fetchFiles called
[90mstdout[2m | src/components/Editor3/plugins/BlockSuggestionPluginAI.stories.jsx[2m > [22m[2mAfter Quiz
[22m[39m[FilesContext] User authenticated: mock-user-sub
[90mstdout[2m | src/components/Editor3/plugins/BlockSuggestionPluginAI.stories.jsx[2m > [22m[2mAfter Quiz
[22m[39m[FilesContext] Identity ID: us-east-1:mock-identity-123
[90mstdout[2m | src/components/Editor3/plugins/BlockSuggestionPluginAI.stories.jsx[2m > [22m[2mAfter Quiz
[22m[39m[FilesContext] About to set up File observeQuery
[90mstdout[2m | src/components/Editor3/plugins/BlockSuggestionPluginAI.stories.jsx[2m > [22m[2mAfter Quiz
[22m[39m[ChatContext] Setting up AssistantChat observeQuery
[90mstdout[2m | src/components/Editor3/plugins/BlockSuggestionPluginAI.stories.jsx[2m > [22m[2mAfter Quiz
[22m[39m[ChatContext] Waiting for subscription to initialize
[90mstdout[2m | src/components/Editor3/plugins/BlockSuggestionPluginAI.stories.jsx[2m > [22m[2mAfter Quiz
[22m[39m[SettingsContext] Setting up Settings subscription for user: mock-user-sub
[90mstdout[2m | src/components/Editor3/plugins/BlockSuggestionPluginAI.stories.jsx[2m > [22m[2mAfter Quiz
[22m[39m[Mock Data] Settings created: mock-settings-1790418895035 - notified 0 subscribers
[90mstdout[2m | src/components/Editor3/plugins/BlockSuggestionPluginAI.stories.jsx[2m > [22m[2mAfter Quiz
[22m[39m[Mock Data] Unit.onUpdate() subscription added. Total: 1
[90mstdout[2m | src/components/Editor3/plugins/BlockSuggestionPluginAI.stories.jsx[2m > [22m[2mAfter Quiz
[22m[39m[SectionContext] Section observeQuery update: 0
[90mstdout[2m | src/components/Editor3/plugins/BlockSuggestionPluginAI.stories.jsx[2m > [22m[2mAfter Quiz
[22m[39m[FilesContext] File observeQuery update: 0 files
[90mstdout[2m | src/components/Editor3/plugins/BlockSuggestionPluginAI.stories.jsx[2m > [22m[2mAfter Quiz
[22m[39m[ChatContext] AssistantChat initialized with 0 chats
[90mstdout[2m | src/components/Editor3/plugins/BlockSuggestionPluginAI.stories.jsx[2m > [22m[2mAfter Quiz
[22m[39m[MOCK CourseVectorStore] Initialized with mock data
[90mstdout[2m | src/components/Editor3/plugins/BlockSuggestionPluginAI.stories.jsx[2m > [22m[2mAfter Quiz
[22m[39m[ChatContext] No current chat available, will create one
[90mstdout[2m | src/components/Editor3/plugins/BlockSuggestionPluginAI.stories.jsx[2m > [22m[2mAfter Quiz
[22m[39m[ChatContext] Creating AssistantChat with user: undefined
[90mstdout[2m | src/components/Editor3/plugins/BlockSuggestionPluginAI.stories.jsx[2m > [22m[2mAfter Quiz
[22m[39m[Mock Data] AssistantChat created: mock-assistantchat-1790418895111 - notified 1 subscribers
[90mstdout[2m | src/components/Editor3/plugins/BlockSuggestionPluginAI.stories.jsx[2m > [22m[2mAfter Quiz
[22m[39m[ChatContext] Create result: {
  "data": {
    "_version": 1,
    "archived": false,
    "chatFiles": [Function anonymous],
    "createdAt": "2026-09-26T10:34:55.111Z",
    "id": "mock-assistantchat-1790418895111",
    "model": "gpt-4",
    "updatedAt": "2026-09-26T10:34:55.111Z",
  },
  "errors": [],
  "hasData": true,
  "hasErrors": true,
}
[90mstdout[2m | src/components/Editor3/plugins/BlockSuggestionPluginAI.stories.jsx[2m > [22m[2mAfter Quiz
[22m[39m[ChatContext] Created AssistantChat: mock-assistantchat-1790418895111 at: 2026-09-26T10:34:55.111Z
[90mstdout[2m | src/components/Editor3/plugins/BlockSuggestionPluginAI.stories.jsx[2m > [22m[2mAfter Quiz
[22m[39m[Mock Storage] downloadData called with: undefined
[90mstdout[2m | src/components/Editor3/plugins/BlockSuggestionPluginAI.stories.jsx[2m > [22m[2mAfter Quiz
[22m[39m[ChatContext] Setting initial chat: mock-assistantchat-1790418895111
[90mstdout[2m | src/components/Editor3/plugins/BlockSuggestionPluginAI.stories.jsx[2m > [22m[2mAfter Quiz
[22m[39m[ChatContext] Chat exists and not archived, skipping creation
[90mstdout[2m | src/components/Editor3/plugins/BlockSuggestionPluginAI.stories.jsx[2m > [22m[2mEmpty Lesson
[22m[39m[ChatContext] Cleaning up subscriptions
[90mstdout[2m | src/components/Editor3/plugins/BlockSuggestionPluginAI.stories.jsx[2m > [22m[2mEmpty Lesson
[22m[39m[Mock Data] Unit.onUpdate() subscription removed. Remaining: 0
[90mstdout[2m | src/components/Editor3/plugins/BlockSuggestionPluginAI.stories.jsx[2m > [22m[2mEmpty Lesson
[22m[39m[Preview] Skipped initializing default mock data (initializeMockData=false)
[90mstdout[2m | src/components/Editor3/plugins/BlockSuggestionPluginAI.stories.jsx[2m > [22m[2mEmpty Lesson
[22m[39m[Mock Data] seedMockUnit: Adding unit block-suggestion-ai-story-unit
[90mstdout[2m | src/components/Editor3/plugins/BlockSuggestionPluginAI.stories.jsx[2m > [22m[2mEmpty Lesson
[22m[39m[MOCK CourseVectorStore] Initialized with mock data
[90mstdout[2m | src/components/Editor3/plugins/BlockSuggestionPluginAI.stories.jsx[2m > [22m[2mEmpty Lesson
[22m[39m[TranslationModeController] Setting mode to: off
[90mstdout[2m | src/components/Editor3/plugins/BlockSuggestionPluginAI.stories.jsx[2m > [22m[2mEmpty Lesson
[22m[39m[UnitContext] useEffect triggered {
  "authLoading": false,
  "hasUser": true,
  "id": "block-suggestion-ai-story-unit",
  "userSub": "mock-user-sub",
}
[90mstdout[2m | src/components/Editor3/plugins/BlockSuggestionPluginAI.stories.jsx[2m > [22m[2mEmpty Lesson
[22m[39m[UnitContext] Fetching unit data for id: block-suggestion-ai-story-unit
[90mstdout[2m | src/components/Editor3/plugins/BlockSuggestionPluginAI.stories.jsx[2m > [22m[2mEmpty Lesson
[22m[39m[FilesContext] Initializing vector store from IndexedDB
[90mstdout[2m | src/components/Editor3/plugins/BlockSuggestionPluginAI.stories.jsx[2m > [22m[2mEmpty Lesson
[22m[39m[FilesContext] fetchFiles called
[90mstdout[2m | src/components/Editor3/plugins/BlockSuggestionPluginAI.stories.jsx[2m > [22m[2mEmpty Lesson
[22m[39m[FilesContext] User authenticated: mock-user-sub
[90mstdout[2m | src/components/Editor3/plugins/BlockSuggestionPluginAI.stories.jsx[2m > [22m[2mEmpty Lesson
[22m[39m[FilesContext] Identity ID: us-east-1:mock-identity-123
[90mstdout[2m | src/components/Editor3/plugins/BlockSuggestionPluginAI.stories.jsx[2m > [22m[2mEmpty Lesson
[22m[39m[FilesContext] About to set up File observeQuery
[90mstdout[2m | src/components/Editor3/plugins/BlockSuggestionPluginAI.stories.jsx[2m > [22m[2mEmpty Lesson
[22m[39m[ChatContext] Setting up AssistantChat observeQuery
[90mstdout[2m | src/components/Editor3/plugins/BlockSuggestionPluginAI.stories.jsx[2m > [22m[2mEmpty Lesson
[22m[39m[ChatContext] Waiting for subscription to initialize
[90mstdout[2m | src/components/Editor3/plugins/BlockSuggestionPluginAI.stories.jsx[2m > [22m[2mEmpty Lesson
[22m[39m[SettingsContext] Setting up Settings subscription for user: mock-user-sub
[90mstdout[2m | src/components/Editor3/plugins/BlockSuggestionPluginAI.stories.jsx[2m > [22m[2mEmpty Lesson
[22m[39m[Mock Data] Settings created: mock-settings-1790418895301 - notified 0 subscribers
[90mstdout[2m | src/components/Editor3/plugins/BlockSuggestionPluginAI.stories.jsx[2m > [22m[2mEmpty Lesson
[22m[39m[Mock Data] Unit.onUpdate() subscription added. Total: 1
[90mstdout[2m | src/components/Editor3/plugins/BlockSuggestionPluginAI.stories.jsx[2m > [22m[2mEmpty Lesson
[22m[39m[SectionContext] Section observeQuery update: 0
[90mstdout[2m | src/components/Editor3/plugins/BlockSuggestionPluginAI.stories.jsx[2m > [22m[2mEmpty Lesson
[22m[39m[FilesContext] File observeQuery update: 0 files
[90mstdout[2m | src/components/Editor3/plugins/BlockSuggestionPluginAI.stories.jsx[2m > [22m[2mEmpty Lesson
[22m[39m[ChatContext] AssistantChat initialized with 0 chats
[90mstdout[2m | src/components/Editor3/plugins/BlockSuggestionPluginAI.stories.jsx[2m > [22m[2mEmpty Lesson
[22m[39m[Mock Storage] downloadData called with: undefined
[90mstdout[2m | src/components/Editor3/plugins/BlockSuggestionPluginAI.stories.jsx[2m > [22m[2mEmpty Lesson
[22m[39m[MOCK CourseVectorStore] Initialized with mock data
[90mstdout[2m | src/components/Editor3/plugins/BlockSuggestionPluginAI.stories.jsx[2m > [22m[2mEmpty Lesson
[22m[39m[ChatContext] No current chat available, will create one
[90mstdout[2m | src/components/Editor3/plugins/BlockSuggestionPluginAI.stories.jsx[2m > [22m[2mEmpty Lesson
[22m[39m[ChatContext] Creating AssistantChat with user: undefined
[90mstdout[2m | src/components/Editor3/plugins/BlockSuggestionPluginAI.stories.jsx[2m > [22m[2mEmpty Lesson
[22m[39m[Mock Data] AssistantChat created: mock-assistantchat-1790418895321 - notified 1 subscribers
[90mstdout[2m | src/components/Editor3/plugins/BlockSuggestionPluginAI.stories.jsx[2m > [22m[2mEmpty Lesson
[22m[39m[ChatContext] Create result: {
  "data": {
    "_version": 1,
    "archived": false,
    "chatFiles": [Function anonymous],
    "createdAt": "2026-09-26T10:34:55.321Z",
    "id": "mock-assistantchat-1790418895321",
    "model": "gpt-4",
    "updatedAt": "2026-09-26T10:34:55.321Z",
  },
  "errors": [],
  "hasData": true,
  "hasErrors": true,
}
[90mstdout[2m | src/components/Editor3/plugins/BlockSuggestionPluginAI.stories.jsx[2m > [22m[2mEmpty Lesson
[22m[39m[ChatContext] Created AssistantChat: mock-assistantchat-1790418895321 at: 2026-09-26T10:34:55.321Z
[90mstdout[2m | src/components/Editor3/plugins/BlockSuggestionPluginAI.stories.jsx[2m > [22m[2mEmpty Lesson
[22m[39m[ChatContext] Setting initial chat: mock-assistantchat-1790418895321
[90mstdout[2m | src/components/Editor3/plugins/BlockSuggestionPluginAI.stories.jsx[2m > [22m[2mEmpty Lesson
[22m[39m[ChatContext] Chat exists and not archived, skipping creation
 [32m✓[39m [30m[45m storybook (chromium) [49m[39m src/components/Editor3/plugins/BlockSuggestionPluginAI.stories.jsx [2m([22m[2m5 tests[22m[2m)[22m[33m 1128[2mms[22m[39m
   [33m[2m✓[22m[39m After Quiz [33m 357[2mms[22m[39m
[90mstdout[2m | unknown test
[22m[39m[MOCK vectorStoreDB.js] Module loaded - mock IndexedDB operations
[90mstdout[2m | unknown test
[22m[39m[Task Completion] DOM action listeners initialized
[90mstdout[2m | unknown test
[22m[39m[Task Completion] Auto-completion detector initialized
[90mstdout[2m | unknown test
[22m[39m[Preview] Task completion detector initialized
[90mstdout[2m | src/components/Workbook/WorkbookProgress.stories.tsx[2m > [22m[2mDefault
[22m[39m[MOCK CourseVectorStore] Initialized with mock data
[90mstdout[2m | src/components/Workbook/WorkbookProgress.stories.tsx[2m > [22m[2mDefault
[22m[39m[TranslationModeController] Setting mode to: off
[90mstdout[2m | src/components/Workbook/WorkbookProgress.stories.tsx[2m > [22m[2mDefault
[22m[39m[FilesContext] Initializing vector store from IndexedDB
[90mstdout[2m | src/components/Workbook/WorkbookProgress.stories.tsx[2m > [22m[2mDefault
[22m[39m[FilesContext] fetchFiles called
[90mstdout[2m | src/components/Workbook/WorkbookProgress.stories.tsx[2m > [22m[2mDefault
[22m[39m[FilesContext] User authenticated: mock-user-sub
[90mstdout[2m | src/components/Workbook/WorkbookProgress.stories.tsx[2m > [22m[2mDefault
[22m[39m[FilesContext] Identity ID: us-east-1:mock-identity-123
[90mstdout[2m | src/components/Workbook/WorkbookProgress.stories.tsx[2m > [22m[2mDefault
[22m[39m[FilesContext] About to set up File observeQuery
[90mstdout[2m | src/components/Workbook/WorkbookProgress.stories.tsx[2m > [22m[2mDefault
[22m[39m[ChatContext] Setting up AssistantChat observeQuery
[90mstdout[2m | src/components/Workbook/WorkbookProgress.stories.tsx[2m > [22m[2mDefault
[22m[39m[ChatContext] Waiting for subscription to initialize
[90mstdout[2m | src/components/Workbook/WorkbookProgress.stories.tsx[2m > [22m[2mDefault
[22m[39m[SettingsContext] Setting up Settings subscription for user: mock-user-sub
[90mstdout[2m | src/components/Workbook/WorkbookProgress.stories.tsx[2m > [22m[2mDefault
[22m[39m[Mock Data] Settings created: mock-settings-1790418898901 - notified 0 subscribers
[90mstdout[2m | src/components/Workbook/WorkbookProgress.stories.tsx[2m > [22m[2mDefault
[22m[39m[FilesContext] File observeQuery update: 6 files
[90mstdout[2m | src/components/Workbook/WorkbookProgress.stories.tsx[2m > [22m[2mDefault
[22m[39m[Mock Storage] downloadData called with: undefined
[90mstdout[2m | src/components/Workbook/WorkbookProgress.stories.tsx[2m > [22m[2mDefault
[22m[39m[ChatContext] AssistantChat initialized with 1 chats
[90mstdout[2m | src/components/Workbook/WorkbookProgress.stories.tsx[2m > [22m[2mDefault
[22m[39m[ChatContext] Setting initial chat: mock-assistant-chat-1
[90mstdout[2m | src/components/Workbook/WorkbookProgress.stories.tsx[2m > [22m[2mDefault
[22m[39m[MOCK CourseVectorStore] Initialized with mock data
[90mstdout[2m | src/components/Workbook/WorkbookProgress.stories.tsx[2m > [22m[2mDefault
[22m[39m[FilesContext] Vector store population triggered {
  "currentVectorStoreSize": 3,
  "documentsCount": 0,
  "filesCount": 6,
  "isInitialLoad": true,
}
[90mstdout[2m | src/components/Workbook/WorkbookProgress.stories.tsx[2m > [22m[2mDefault
[22m[39m[FilesContext] Vector store population complete - 3 total embeddings
[90mstdout[2m | src/components/Workbook/WorkbookProgress.stories.tsx[2m > [22m[2mDefault
[22m[39m[ChatContext] Chat exists and not archived, skipping creation
[90mstdout[2m | src/components/Workbook/WorkbookProgress.stories.tsx[2m > [22m[2mCompact
[22m[39m[ChatContext] Cleaning up subscriptions
[90mstdout[2m | src/components/Workbook/WorkbookProgress.stories.tsx[2m > [22m[2mCompact
[22m[39m[MOCK CourseVectorStore] Initialized with mock data
[90mstdout[2m | src/components/Workbook/WorkbookProgress.stories.tsx[2m > [22m[2mCompact
[22m[39m[TranslationModeController] Setting mode to: off
[90mstdout[2m | src/components/Workbook/WorkbookProgress.stories.tsx[2m > [22m[2mCompact
[22m[39m[FilesContext] Initializing vector store from IndexedDB
[90mstdout[2m | src/components/Workbook/WorkbookProgress.stories.tsx[2m > [22m[2mCompact
[22m[39m[FilesContext] fetchFiles called
[90mstdout[2m | src/components/Workbook/WorkbookProgress.stories.tsx[2m > [22m[2mCompact
[22m[39m[FilesContext] User authenticated: mock-user-sub
[90mstdout[2m | src/components/Workbook/WorkbookProgress.stories.tsx[2m > [22m[2mCompact
[22m[39m[FilesContext] Identity ID: us-east-1:mock-identity-123
[90mstdout[2m | src/components/Workbook/WorkbookProgress.stories.tsx[2m > [22m[2mCompact
[22m[39m[FilesContext] About to set up File observeQuery
[90mstdout[2m | src/components/Workbook/WorkbookProgress.stories.tsx[2m > [22m[2mCompact
[22m[39m[ChatContext] Setting up AssistantChat observeQuery
[90mstdout[2m | src/components/Workbook/WorkbookProgress.stories.tsx[2m > [22m[2mCompact
[22m[39m[ChatContext] Waiting for subscription to initialize
[90mstdout[2m | src/components/Workbook/WorkbookProgress.stories.tsx[2m > [22m[2mCompact
[22m[39m[SettingsContext] Setting up Settings subscription for user: mock-user-sub
[90mstdout[2m | src/components/Workbook/WorkbookProgress.stories.tsx[2m > [22m[2mCompact
[22m[39m[Mock Data] Settings created: mock-settings-1790418899037 - notified 0 subscribers
[90mstdout[2m | src/components/Workbook/WorkbookProgress.stories.tsx[2m > [22m[2mCompact
[22m[39m[FilesContext] File observeQuery update: 6 files
[90mstdout[2m | src/components/Workbook/WorkbookProgress.stories.tsx[2m > [22m[2mCompact
[22m[39m[ChatContext] AssistantChat initialized with 1 chats
[90mstdout[2m | src/components/Workbook/WorkbookProgress.stories.tsx[2m > [22m[2mCompact
[22m[39m[ChatContext] Setting initial chat: mock-assistant-chat-1
[90mstdout[2m | src/components/Workbook/WorkbookProgress.stories.tsx[2m > [22m[2mCompact
[22m[39m[Mock Storage] downloadData called with: undefined
[90mstdout[2m | src/components/Workbook/WorkbookProgress.stories.tsx[2m > [22m[2mCompact
[22m[39m[MOCK CourseVectorStore] Initialized with mock data
[90mstdout[2m | src/components/Workbook/WorkbookProgress.stories.tsx[2m > [22m[2mCompact
[22m[39m[FilesContext] Vector store population triggered {
  "currentVectorStoreSize": 3,
  "documentsCount": 0,
  "filesCount": 6,
  "isInitialLoad": true,
}
[90mstdout[2m | src/components/Workbook/WorkbookProgress.stories.tsx[2m > [22m[2mCompact
[22m[39m[FilesContext] Vector store population complete - 3 total embeddings
[90mstdout[2m | src/components/Workbook/WorkbookProgress.stories.tsx[2m > [22m[2mCompact
[22m[39m[ChatContext] Chat exists and not archived, skipping creation
[90mstdout[2m | src/components/Workbook/WorkbookProgress.stories.tsx[2m > [22m[2mDetailed
[22m[39m[ChatContext] Cleaning up subscriptions
[90mstdout[2m | src/components/Workbook/WorkbookProgress.stories.tsx[2m > [22m[2mDetailed
[22m[39m[MOCK CourseVectorStore] Initialized with mock data
[90mstdout[2m | src/components/Workbook/WorkbookProgress.stories.tsx[2m > [22m[2mDetailed
[22m[39m[TranslationModeController] Setting mode to: off
[90mstdout[2m | src/components/Workbook/WorkbookProgress.stories.tsx[2m > [22m[2mDetailed
[22m[39m[FilesContext] Initializing vector store from IndexedDB
[90mstdout[2m | src/components/Workbook/WorkbookProgress.stories.tsx[2m > [22m[2mDetailed
[22m[39m[FilesContext] fetchFiles called
[90mstdout[2m | src/components/Workbook/WorkbookProgress.stories.tsx[2m > [22m[2mDetailed
[22m[39m[FilesContext] User authenticated: mock-user-sub
[90mstdout[2m | src/components/Workbook/WorkbookProgress.stories.tsx[2m > [22m[2mDetailed
[22m[39m[FilesContext] Identity ID: us-east-1:mock-identity-123
[90mstdout[2m | src/components/Workbook/WorkbookProgress.stories.tsx[2m > [22m[2mDetailed
[22m[39m[FilesContext] About to set up File observeQuery
[90mstdout[2m | src/components/Workbook/WorkbookProgress.stories.tsx[2m > [22m[2mDetailed
[22m[39m[ChatContext] Setting up AssistantChat observeQuery
[90mstdout[2m | src/components/Workbook/WorkbookProgress.stories.tsx[2m > [22m[2mDetailed
[22m[39m[ChatContext] Waiting for subscription to initialize
[90mstdout[2m | src/components/Workbook/WorkbookProgress.stories.tsx[2m > [22m[2mDetailed
[22m[39m[SettingsContext] Setting up Settings subscription for user: mock-user-sub
[90mstdout[2m | src/components/Workbook/WorkbookProgress.stories.tsx[2m > [22m[2mDetailed
[22m[39m[Mock Data] Settings created: mock-settings-1790418899241 - notified 0 subscribers
[90mstdout[2m | src/components/Workbook/WorkbookProgress.stories.tsx[2m > [22m[2mDetailed
[22m[39m[FilesContext] File observeQuery update: 6 files
[90mstdout[2m | src/components/Workbook/WorkbookProgress.stories.tsx[2m > [22m[2mDetailed
[22m[39m[MOCK CourseVectorStore] Initialized with mock data
[90mstdout[2m | src/components/Workbook/WorkbookProgress.stories.tsx[2m > [22m[2mDetailed
[22m[39m[FilesContext] Vector store population triggered {
  "currentVectorStoreSize": 3,
  "documentsCount": 0,
  "filesCount": 6,
  "isInitialLoad": true,
}
[90mstdout[2m | src/components/Workbook/WorkbookProgress.stories.tsx[2m > [22m[2mDetailed
[22m[39m[FilesContext] Vector store population complete - 3 total embeddings
[90mstdout[2m | src/components/Workbook/WorkbookProgress.stories.tsx[2m > [22m[2mDetailed
[22m[39m[ChatContext] AssistantChat initialized with 1 chats
[90mstdout[2m | src/components/Workbook/WorkbookProgress.stories.tsx[2m > [22m[2mDetailed
[22m[39m[ChatContext] Setting initial chat: mock-assistant-chat-1
[90mstdout[2m | src/components/Workbook/WorkbookProgress.stories.tsx[2m > [22m[2mDetailed
[22m[39m[Mock Storage] downloadData called with: undefined
[90mstdout[2m | src/components/Workbook/WorkbookProgress.stories.tsx[2m > [22m[2mDetailed
[22m[39m[ChatContext] Chat exists and not archived, skipping creation
[90mstdout[2m | src/components/Workbook/WorkbookProgress.stories.tsx[2m > [22m[2mComplete
[22m[39m[ChatContext] Cleaning up subscriptions
[90mstdout[2m | src/components/Workbook/WorkbookProgress.stories.tsx[2m > [22m[2mComplete
[22m[39m[MOCK CourseVectorStore] Initialized with mock data
[90mstdout[2m | src/components/Workbook/WorkbookProgress.stories.tsx[2m > [22m[2mComplete
[22m[39m[TranslationModeController] Setting mode to: off
[90mstdout[2m | src/components/Workbook/WorkbookProgress.stories.tsx[2m > [22m[2mComplete
[22m[39m[FilesContext] Initializing vector store from IndexedDB
[90mstdout[2m | src/components/Workbook/WorkbookProgress.stories.tsx[2m > [22m[2mComplete
[22m[39m[FilesContext] fetchFiles called
[90mstdout[2m | src/components/Workbook/WorkbookProgress.stories.tsx[2m > [22m[2mComplete
[22m[39m[FilesContext] User authenticated: mock-user-sub
[90mstdout[2m | src/components/Workbook/WorkbookProgress.stories.tsx[2m > [22m[2mComplete
[22m[39m[FilesContext] Identity ID: us-east-1:mock-identity-123
[90mstdout[2m | src/components/Workbook/WorkbookProgress.stories.tsx[2m > [22m[2mComplete
[22m[39m[FilesContext] About to set up File observeQuery
[90mstdout[2m | src/components/Workbook/WorkbookProgress.stories.tsx[2m > [22m[2mComplete
[22m[39m[ChatContext] Setting up AssistantChat observeQuery
[90mstdout[2m | src/components/Workbook/WorkbookProgress.stories.tsx[2m > [22m[2mComplete
[22m[39m[ChatContext] Waiting for subscription to initialize
[90mstdout[2m | src/components/Workbook/WorkbookProgress.stories.tsx[2m > [22m[2mComplete
[22m[39m[SettingsContext] Setting up Settings subscription for user: mock-user-sub
[90mstdout[2m | src/components/Workbook/WorkbookProgress.stories.tsx[2m > [22m[2mComplete
[22m[39m[Mock Data] Settings created: mock-settings-1790418899414 - notified 0 subscribers
[90mstdout[2m | src/components/Workbook/WorkbookProgress.stories.tsx[2m > [22m[2mComplete
[22m[39m[FilesContext] File observeQuery update: 6 files
[90mstdout[2m | src/components/Workbook/WorkbookProgress.stories.tsx[2m > [22m[2mComplete
[22m[39m[ChatContext] AssistantChat initialized with 1 chats
[90mstdout[2m | src/components/Workbook/WorkbookProgress.stories.tsx[2m > [22m[2mComplete
[22m[39m[ChatContext] Setting initial chat: mock-assistant-chat-1
[90mstdout[2m | src/components/Workbook/WorkbookProgress.stories.tsx[2m > [22m[2mComplete
[22m[39m[MOCK CourseVectorStore] Initialized with mock data
[90mstdout[2m | src/components/Workbook/WorkbookProgress.stories.tsx[2m > [22m[2mComplete
[22m[39m[FilesContext] Vector store population triggered {
  "currentVectorStoreSize": 3,
  "documentsCount": 0,
  "filesCount": 6,
  "isInitialLoad": true,
}
[90mstdout[2m | src/components/Workbook/WorkbookProgress.stories.tsx[2m > [22m[2mComplete
[22m[39m[FilesContext] Vector store population complete - 3 total embeddings
[90mstdout[2m | src/components/Workbook/WorkbookProgress.stories.tsx[2m > [22m[2mComplete
[22m[39m[ChatContext] Chat exists and not archived, skipping creation
[90mstdout[2m | src/components/Workbook/WorkbookProgress.stories.tsx[2m > [22m[2mComplete
[22m[39m[Mock Storage] downloadData called with: undefined
[90mstdout[2m | src/components/Workbook/WorkbookProgress.stories.tsx[2m > [22m[2mJust Started
[22m[39m[ChatContext] Cleaning up subscriptions
[90mstdout[2m | src/components/Workbook/WorkbookProgress.stories.tsx[2m > [22m[2mJust Started
[22m[39m[MOCK CourseVectorStore] Initialized with mock data
[90mstdout[2m | src/components/Workbook/WorkbookProgress.stories.tsx[2m > [22m[2mJust Started
[22m[39m[TranslationModeController] Setting mode to: off
[90mstdout[2m | src/components/Workbook/WorkbookProgress.stories.tsx[2m > [22m[2mJust Started
[22m[39m[FilesContext] Initializing vector store from IndexedDB
[90mstdout[2m | src/components/Workbook/WorkbookProgress.stories.tsx[2m > [22m[2mJust Started
[22m[39m[FilesContext] fetchFiles called
[90mstdout[2m | src/components/Workbook/WorkbookProgress.stories.tsx[2m > [22m[2mJust Started
[22m[39m[FilesContext] User authenticated: mock-user-sub
[90mstdout[2m | src/components/Workbook/WorkbookProgress.stories.tsx[2m > [22m[2mJust Started
[22m[39m[FilesContext] Identity ID: us-east-1:mock-identity-123
[90mstdout[2m | src/components/Workbook/WorkbookProgress.stories.tsx[2m > [22m[2mJust Started
[22m[39m[FilesContext] About to set up File observeQuery
[90mstdout[2m | src/components/Workbook/WorkbookProgress.stories.tsx[2m > [22m[2mJust Started
[22m[39m[ChatContext] Setting up AssistantChat observeQuery
[90mstdout[2m | src/components/Workbook/WorkbookProgress.stories.tsx[2m > [22m[2mJust Started
[22m[39m[ChatContext] Waiting for subscription to initialize
[90mstdout[2m | src/components/Workbook/WorkbookProgress.stories.tsx[2m > [22m[2mJust Started
[22m[39m[SettingsContext] Setting up Settings subscription for user: mock-user-sub
[90mstdout[2m | src/components/Workbook/WorkbookProgress.stories.tsx[2m > [22m[2mJust Started
[22m[39m[Mock Data] Settings created: mock-settings-1790418899528 - notified 0 subscribers
[90mstdout[2m | src/components/Workbook/WorkbookProgress.stories.tsx[2m > [22m[2mJust Started
[22m[39m[Mock Storage] downloadData called with: undefined
[90mstdout[2m | src/components/Workbook/WorkbookProgress.stories.tsx[2m > [22m[2mJust Started
[22m[39m[FilesContext] File observeQuery update: 6 files
[90mstdout[2m | src/components/Workbook/WorkbookProgress.stories.tsx[2m > [22m[2mJust Started
[22m[39m[ChatContext] AssistantChat initialized with 1 chats
[90mstdout[2m | src/components/Workbook/WorkbookProgress.stories.tsx[2m > [22m[2mJust Started
[22m[39m[ChatContext] Setting initial chat: mock-assistant-chat-1
[90mstdout[2m | src/components/Workbook/WorkbookProgress.stories.tsx[2m > [22m[2mJust Started
[22m[39m[MOCK CourseVectorStore] Initialized with mock data
[90mstdout[2m | src/components/Workbook/WorkbookProgress.stories.tsx[2m > [22m[2mJust Started
[22m[39m[FilesContext] Vector store population triggered {
  "currentVectorStoreSize": 3,
  "documentsCount": 0,
  "filesCount": 6,
  "isInitialLoad": true,
}
[90mstdout[2m | src/components/Workbook/WorkbookProgress.stories.tsx[2m > [22m[2mJust Started
[22m[39m[FilesContext] Vector store population complete - 3 total embeddings
[90mstdout[2m | src/components/Workbook/WorkbookProgress.stories.tsx[2m > [22m[2mJust Started
[22m[39m[ChatContext] Chat exists and not archived, skipping creation
[90mstdout[2m | src/components/Workbook/WorkbookProgress.stories.tsx[2m > [22m[2mDisabled
[22m[39m[ChatContext] Cleaning up subscriptions
[90mstdout[2m | src/components/Workbook/WorkbookProgress.stories.tsx[2m > [22m[2mDisabled
[22m[39m[MOCK CourseVectorStore] Initialized with mock data
[90mstdout[2m | src/components/Workbook/WorkbookProgress.stories.tsx[2m > [22m[2mDisabled
[22m[39m[TranslationModeController] Setting mode to: off
[90mstdout[2m | src/components/Workbook/WorkbookProgress.stories.tsx[2m > [22m[2mDisabled
[22m[39m[FilesContext] Initializing vector store from IndexedDB
[90mstdout[2m | src/components/Workbook/WorkbookProgress.stories.tsx[2m > [22m[2mDisabled
[22m[39m[FilesContext] fetchFiles called
[90mstdout[2m | src/components/Workbook/WorkbookProgress.stories.tsx[2m > [22m[2mDisabled
[22m[39m[FilesContext] User authenticated: mock-user-sub
[90mstdout[2m | src/components/Workbook/WorkbookProgress.stories.tsx[2m > [22m[2mDisabled
[22m[39m[FilesContext] Identity ID: us-east-1:mock-identity-123
[90mstdout[2m | src/components/Workbook/WorkbookProgress.stories.tsx[2m > [22m[2mDisabled
[22m[39m[FilesContext] About to set up File observeQuery
[90mstdout[2m | src/components/Workbook/WorkbookProgress.stories.tsx[2m > [22m[2mDisabled
[22m[39m[ChatContext] Setting up AssistantChat observeQuery
[90mstdout[2m | src/components/Workbook/WorkbookProgress.stories.tsx[2m > [22m[2mDisabled
[22m[39m[ChatContext] Waiting for subscription to initialize
[90mstdout[2m | src/components/Workbook/WorkbookProgress.stories.tsx[2m > [22m[2mDisabled
[22m[39m[SettingsContext] Setting up Settings subscription for user: mock-user-sub
[90mstdout[2m | src/components/Workbook/WorkbookProgress.stories.tsx[2m > [22m[2mDisabled
[22m[39m[Mock Data] Settings created: mock-settings-1790418899628 - notified 0 subscribers
[90mstdout[2m | src/components/Workbook/WorkbookProgress.stories.tsx[2m > [22m[2mDisabled
[22m[39m[FilesContext] File observeQuery update: 6 files
[90mstdout[2m | src/components/Workbook/WorkbookProgress.stories.tsx[2m > [22m[2mDisabled
[22m[39m[ChatContext] AssistantChat initialized with 1 chats
[90mstdout[2m | src/components/Workbook/WorkbookProgress.stories.tsx[2m > [22m[2mDisabled
[22m[39m[ChatContext] Setting initial chat: mock-assistant-chat-1
[90mstdout[2m | src/components/Workbook/WorkbookProgress.stories.tsx[2m > [22m[2mDisabled
[22m[39m[MOCK CourseVectorStore] Initialized with mock data
[90mstdout[2m | src/components/Workbook/WorkbookProgress.stories.tsx[2m > [22m[2mDisabled
[22m[39m[FilesContext] Vector store population triggered {
  "currentVectorStoreSize": 3,
  "documentsCount": 0,
  "filesCount": 6,
  "isInitialLoad": true,
}
[90mstdout[2m | src/components/Workbook/WorkbookProgress.stories.tsx[2m > [22m[2mDisabled
[22m[39m[FilesContext] Vector store population complete - 3 total embeddings
[90mstdout[2m | src/components/Workbook/WorkbookProgress.stories.tsx[2m > [22m[2mDisabled
[22m[39m[ChatContext] Chat exists and not archived, skipping creation
[90mstdout[2m | src/components/Workbook/WorkbookProgress.stories.tsx[2m > [22m[2mDisabled
[22m[39m[Mock Storage] downloadData called with: undefined
 [32m✓[39m [30m[45m storybook (chromium) [49m[39m src/components/Workbook/WorkbookProgress.stories.tsx [2m([22m[2m6 tests[22m[2m)[22m[33m 809[2mms[22m[39m
[90mstdout[2m | unknown test
[22m[39m[MOCK vectorStoreDB.js] Module loaded - mock IndexedDB operations
[90mstdout[2m | unknown test
[22m[39m[Task Completion] DOM action listeners initialized
[90mstdout[2m | unknown test
[22m[39m[Task Completion] Auto-completion detector initialized
[90mstdout[2m | unknown test
[22m[39m[Preview] Task completion detector initialized
[90mstdout[2m | src/components/Gamification/SkillTree.stories.tsx[2m > [22m[2mDefault
[22m[39m[TranslationModeController] Setting mode to: off
[90mstdout[2m | src/components/Gamification/SkillTree.stories.tsx[2m > [22m[2mAll Mastered
[22m[39m[TranslationModeController] Setting mode to: off
[90mstdout[2m | src/components/Gamification/SkillTree.stories.tsx[2m > [22m[2mAll Locked
[22m[39m[TranslationModeController] Setting mode to: off
[90mstdout[2m | src/components/Gamification/SkillTree.stories.tsx[2m > [22m[2mEmpty
[22m[39m[TranslationModeController] Setting mode to: off
[90mstdout[2m | src/components/Gamification/SkillTree.stories.tsx[2m > [22m[2mWith Generate
[22m[39m[TranslationModeController] Setting mode to: off
[90mstdout[2m | src/components/Gamification/SkillTree.stories.tsx[2m > [22m[2mDefault Interaction
[22m[39m[TranslationModeController] Setting mode to: off
[90mstdout[2m | src/components/Gamification/SkillTree.stories.tsx[2m > [22m[2mEmpty Interaction
[22m[39m[TranslationModeController] Setting mode to: off
 [32m✓[39m [30m[45m storybook (chromium) [49m[39m src/components/Gamification/SkillTree.stories.tsx [2m([22m[2m7 tests[22m[2m)[22m[33m 1300[2mms[22m[39m
[90mstdout[2m | unknown test
[22m[39m[MOCK vectorStoreDB.js] Module loaded - mock IndexedDB operations
[90mstdout[2m | unknown test
[22m[39m[Task Completion] DOM action listeners initialized
[90mstdout[2m | unknown test
[22m[39m[Task Completion] Auto-completion detector initialized
[90mstdout[2m | unknown test
[22m[39m[Preview] Task completion detector initialized
[90mstdout[2m | src/components/Gamification/StreakShield.stories.tsx[2m > [22m[2mWith Freezes
[22m[39m[TranslationModeController] Setting mode to: off
[90mstdout[2m | src/components/Gamification/StreakShield.stories.tsx[2m > [22m[2mNo Freezes
[22m[39m[TranslationModeController] Setting mode to: off
[90mstdout[2m | src/components/Gamification/StreakShield.stories.tsx[2m > [22m[2mSmall Size
[22m[39m[TranslationModeController] Setting mode to: off
 [32m✓[39m [30m[45m storybook (chromium) [49m[39m src/components/Gamification/StreakShield.stories.tsx [2m([22m[2m3 tests[22m[2m)[22m[32m 284[2mms[22m[39m
[90mstdout[2m | unknown test
[22m[39m[MOCK vectorStoreDB.js] Module loaded - mock IndexedDB operations
[90mstdout[2m | unknown test
[22m[39m[Task Completion] DOM action listeners initialized
[90mstdout[2m | unknown test
[22m[39m[Task Completion] Auto-completion detector initialized
[90mstdout[2m | unknown test
[22m[39m[Preview] Task completion detector initialized
[90mstdout[2m | src/components/Gamification/StreakCalendar.stories.tsx[2m > [22m[2mEmpty
[22m[39m[TranslationModeController] Setting mode to: off
[90mstdout[2m | src/components/Gamification/StreakCalendar.stories.tsx[2m > [22m[2mFew Active Days
[22m[39m[TranslationModeController] Setting mode to: off
[90mstdout[2m | src/components/Gamification/StreakCalendar.stories.tsx[2m > [22m[2mMost Days Active
[22m[39m[TranslationModeController] Setting mode to: off
[90mstdout[2m | src/components/Gamification/StreakCalendar.stories.tsx[2m > [22m[2mEvery Day
[22m[39m[TranslationModeController] Setting mode to: off
[90mstdout[2m | src/components/Gamification/StreakCalendar.stories.tsx[2m > [22m[2mSpecific Month
[22m[39m[TranslationModeController] Setting mode to: off
 [32m✓[39m [30m[45m storybook (chromium) [49m[39m src/components/Gamification/StreakCalendar.stories.tsx [2m([22m[2m5 tests[22m[2m)[22m[33m 910[2mms[22m[39m
[90mstdout[2m | unknown test
[22m[39m[MOCK vectorStoreDB.js] Module loaded - mock IndexedDB operations
[90mstdout[2m | unknown test
[22m[39m[Task Completion] DOM action listeners initialized
[90mstdout[2m | unknown test
[22m[39m[Task Completion] Auto-completion detector initialized
[90mstdout[2m | unknown test
[22m[39m[Preview] Task completion detector initialized
[90mstdout[2m | src/components/RecordingStudioEnhanced.stories.tsx[2m > [22m[2mDefault
[22m[39m[MOCK CourseVectorStore] Initialized with mock data
[90mstdout[2m | src/components/RecordingStudioEnhanced.stories.tsx[2m > [22m[2mDefault
[22m[39m[TranslationModeController] Setting mode to: off
[90mstdout[2m | src/components/RecordingStudioEnhanced.stories.tsx[2m > [22m[2mDefault
[22m[39m[UnitContext] useEffect triggered {
  "authLoading": false,
  "hasUser": true,
  "id": "mock-unit-id",
  "userSub": "mock-user-sub",
}
[90mstdout[2m | src/components/RecordingStudioEnhanced.stories.tsx[2m > [22m[2mDefault
[22m[39m[UnitContext] Fetching unit data for id: mock-unit-id
[90mstdout[2m | src/components/RecordingStudioEnhanced.stories.tsx[2m > [22m[2mDefault
[22m[39m[FilesContext] Initializing vector store from IndexedDB
[90mstdout[2m | src/components/RecordingStudioEnhanced.stories.tsx[2m > [22m[2mDefault
[22m[39m[FilesContext] fetchFiles called
[90mstdout[2m | src/components/RecordingStudioEnhanced.stories.tsx[2m > [22m[2mDefault
[22m[39m[FilesContext] User authenticated: mock-user-sub
[90mstdout[2m | src/components/RecordingStudioEnhanced.stories.tsx[2m > [22m[2mDefault
[22m[39m[FilesContext] Identity ID: us-east-1:mock-identity-123
[90mstdout[2m | src/components/RecordingStudioEnhanced.stories.tsx[2m > [22m[2mDefault
[22m[39m[FilesContext] About to set up File observeQuery
[90mstdout[2m | src/components/RecordingStudioEnhanced.stories.tsx[2m > [22m[2mDefault
[22m[39m[ChatContext] Setting up AssistantChat observeQuery
[90mstdout[2m | src/components/RecordingStudioEnhanced.stories.tsx[2m > [22m[2mDefault
[22m[39m[ChatContext] Waiting for subscription to initialize
[90mstdout[2m | src/components/RecordingStudioEnhanced.stories.tsx[2m > [22m[2mDefault
[22m[39m[SettingsContext] Setting up Settings subscription for user: mock-user-sub
[90mstdout[2m | src/components/RecordingStudioEnhanced.stories.tsx[2m > [22m[2mDefault
[22m[39m[Mock Data] Settings created: mock-settings-1790418904804 - notified 0 subscribers
[90mstdout[2m | src/components/RecordingStudioEnhanced.stories.tsx[2m > [22m[2mDefault
[22m[39m[Mock Data] Unit.onUpdate() subscription added. Total: 1
[90mstdout[2m | src/components/RecordingStudioEnhanced.stories.tsx[2m > [22m[2mDefault
[22m[39m[SectionContext] Section observeQuery update: 0
[90mstdout[2m | src/components/RecordingStudioEnhanced.stories.tsx[2m > [22m[2mDefault
[22m[39m[FilesContext] File observeQuery update: 6 files
[90mstdout[2m | src/components/RecordingStudioEnhanced.stories.tsx[2m > [22m[2mDefault
[22m[39m[ChatContext] AssistantChat initialized with 1 chats
[90mstdout[2m | src/components/RecordingStudioEnhanced.stories.tsx[2m > [22m[2mDefault
[22m[39m[ChatContext] Setting initial chat: mock-assistant-chat-1
[90mstdout[2m | src/components/RecordingStudioEnhanced.stories.tsx[2m > [22m[2mDefault
[22m[39m[MOCK CourseVectorStore] Initialized with mock data
[90mstdout[2m | src/components/RecordingStudioEnhanced.stories.tsx[2m > [22m[2mDefault
[22m[39m[FilesContext] Vector store population triggered {
  "currentVectorStoreSize": 3,
  "documentsCount": 0,
  "filesCount": 6,
  "isInitialLoad": true,
}
[90mstdout[2m | src/components/RecordingStudioEnhanced.stories.tsx[2m > [22m[2mDefault
[22m[39m[FilesContext] Vector store population complete - 3 total embeddings
[90mstdout[2m | src/components/RecordingStudioEnhanced.stories.tsx[2m > [22m[2mDefault
[22m[39m[ChatContext] Chat exists and not archived, skipping creation
[90mstdout[2m | src/components/RecordingStudioEnhanced.stories.tsx[2m > [22m[2mDefault
[22m[39m[Mock Storage] downloadData called with: undefined
[90mstdout[2m | src/components/RecordingStudioEnhanced.stories.tsx[2m > [22m[2mWith Metadata
[22m[39m[ChatContext] Cleaning up subscriptions
[90mstdout[2m | src/components/RecordingStudioEnhanced.stories.tsx[2m > [22m[2mWith Metadata
[22m[39m[Mock Data] Unit.onUpdate() subscription removed. Remaining: 0
[90mstdout[2m | src/components/RecordingStudioEnhanced.stories.tsx[2m > [22m[2mWith Metadata
[22m[39m[MOCK CourseVectorStore] Initialized with mock data
[90mstdout[2m | src/components/RecordingStudioEnhanced.stories.tsx[2m > [22m[2mWith Metadata
[22m[39m[TranslationModeController] Setting mode to: off
[90mstdout[2m | src/components/RecordingStudioEnhanced.stories.tsx[2m > [22m[2mWith Metadata
[22m[39m[UnitContext] useEffect triggered {
  "authLoading": false,
  "hasUser": true,
  "id": "mock-unit-id",
  "userSub": "mock-user-sub",
}
[90mstdout[2m | src/components/RecordingStudioEnhanced.stories.tsx[2m > [22m[2mWith Metadata
[22m[39m[UnitContext] Fetching unit data for id: mock-unit-id
[90mstdout[2m | src/components/RecordingStudioEnhanced.stories.tsx[2m > [22m[2mWith Metadata
[22m[39m[FilesContext] Initializing vector store from IndexedDB
[90mstdout[2m | src/components/RecordingStudioEnhanced.stories.tsx[2m > [22m[2mWith Metadata
[22m[39m[FilesContext] fetchFiles called
[90mstdout[2m | src/components/RecordingStudioEnhanced.stories.tsx[2m > [22m[2mWith Metadata
[22m[39m[FilesContext] User authenticated: mock-user-sub
[90mstdout[2m | src/components/RecordingStudioEnhanced.stories.tsx[2m > [22m[2mWith Metadata
[22m[39m[FilesContext] Identity ID: us-east-1:mock-identity-123
[90mstdout[2m | src/components/RecordingStudioEnhanced.stories.tsx[2m > [22m[2mWith Metadata
[22m[39m[FilesContext] About to set up File observeQuery
[90mstdout[2m | src/components/RecordingStudioEnhanced.stories.tsx[2m > [22m[2mWith Metadata
[22m[39m[ChatContext] Setting up AssistantChat observeQuery
[90mstdout[2m | src/components/RecordingStudioEnhanced.stories.tsx[2m > [22m[2mWith Metadata
[22m[39m[ChatContext] Waiting for subscription to initialize
[90mstdout[2m | src/components/RecordingStudioEnhanced.stories.tsx[2m > [22m[2mWith Metadata
[22m[39m[SettingsContext] Setting up Settings subscription for user: mock-user-sub
[90mstdout[2m | src/components/RecordingStudioEnhanced.stories.tsx[2m > [22m[2mWith Metadata
[22m[39m[Mock Data] Settings created: mock-settings-1790418905093 - notified 0 subscribers
[90mstdout[2m | src/components/RecordingStudioEnhanced.stories.tsx[2m > [22m[2mWith Metadata
[22m[39m[Mock Data] Unit.onUpdate() subscription added. Total: 1
[90mstdout[2m | src/components/RecordingStudioEnhanced.stories.tsx[2m > [22m[2mWith Metadata
[22m[39m[SectionContext] Section observeQuery update: 0
[90mstdout[2m | src/components/RecordingStudioEnhanced.stories.tsx[2m > [22m[2mWith Metadata
[22m[39m[FilesContext] File observeQuery update: 6 files
[90mstdout[2m | src/components/RecordingStudioEnhanced.stories.tsx[2m > [22m[2mWith Metadata
[22m[39m[ChatContext] AssistantChat initialized with 1 chats
[90mstdout[2m | src/components/RecordingStudioEnhanced.stories.tsx[2m > [22m[2mWith Metadata
[22m[39m[ChatContext] Setting initial chat: mock-assistant-chat-1
[90mstdout[2m | src/components/RecordingStudioEnhanced.stories.tsx[2m > [22m[2mWith Metadata
[22m[39m[MOCK CourseVectorStore] Initialized with mock data
[90mstdout[2m | src/components/RecordingStudioEnhanced.stories.tsx[2m > [22m[2mWith Metadata
[22m[39m[FilesContext] Vector store population triggered {
  "currentVectorStoreSize": 3,
  "documentsCount": 0,
  "filesCount": 6,
  "isInitialLoad": true,
}
[90mstdout[2m | src/components/RecordingStudioEnhanced.stories.tsx[2m > [22m[2mWith Metadata
[22m[39m[FilesContext] Vector store population complete - 3 total embeddings
[90mstdout[2m | src/components/RecordingStudioEnhanced.stories.tsx[2m > [22m[2mWith Metadata
[22m[39m[ChatContext] Chat exists and not archived, skipping creation
[90mstdout[2m | src/components/RecordingStudioEnhanced.stories.tsx[2m > [22m[2mWith Metadata
[22m[39m[Mock Storage] downloadData called with: undefined
[90mstdout[2m | src/components/RecordingStudioEnhanced.stories.tsx[2m > [22m[2mMinimal Props
[22m[39m[ChatContext] Cleaning up subscriptions
[90mstdout[2m | src/components/RecordingStudioEnhanced.stories.tsx[2m > [22m[2mMinimal Props
[22m[39m[Mock Data] Unit.onUpdate() subscription removed. Remaining: 0
[90mstdout[2m | src/components/RecordingStudioEnhanced.stories.tsx[2m > [22m[2mMinimal Props
[22m[39m[MOCK CourseVectorStore] Initialized with mock data
[90mstdout[2m | src/components/RecordingStudioEnhanced.stories.tsx[2m > [22m[2mMinimal Props
[22m[39m[TranslationModeController] Setting mode to: off
[90mstdout[2m | src/components/RecordingStudioEnhanced.stories.tsx[2m > [22m[2mMinimal Props
[22m[39m[UnitContext] useEffect triggered {
  "authLoading": false,
  "hasUser": true,
  "id": "mock-unit-id",
  "userSub": "mock-user-sub",
}
[90mstdout[2m | src/components/RecordingStudioEnhanced.stories.tsx[2m > [22m[2mMinimal Props
[22m[39m[UnitContext] Fetching unit data for id: mock-unit-id
[90mstdout[2m | src/components/RecordingStudioEnhanced.stories.tsx[2m > [22m[2mMinimal Props
[22m[39m[FilesContext] Initializing vector store from IndexedDB
[90mstdout[2m | src/components/RecordingStudioEnhanced.stories.tsx[2m > [22m[2mMinimal Props
[22m[39m[FilesContext] fetchFiles called
[90mstdout[2m | src/components/RecordingStudioEnhanced.stories.tsx[2m > [22m[2mMinimal Props
[22m[39m[FilesContext] User authenticated: mock-user-sub
[90mstdout[2m | src/components/RecordingStudioEnhanced.stories.tsx[2m > [22m[2mMinimal Props
[22m[39m[FilesContext] Identity ID: us-east-1:mock-identity-123
[90mstdout[2m | src/components/RecordingStudioEnhanced.stories.tsx[2m > [22m[2mMinimal Props
[22m[39m[FilesContext] About to set up File observeQuery
[90mstdout[2m | src/components/RecordingStudioEnhanced.stories.tsx[2m > [22m[2mMinimal Props
[22m[39m[ChatContext] Setting up AssistantChat observeQuery
[90mstdout[2m | src/components/RecordingStudioEnhanced.stories.tsx[2m > [22m[2mMinimal Props
[22m[39m[ChatContext] Waiting for subscription to initialize
[90mstdout[2m | src/components/RecordingStudioEnhanced.stories.tsx[2m > [22m[2mMinimal Props
[22m[39m[SettingsContext] Setting up Settings subscription for user: mock-user-sub
[90mstdout[2m | src/components/RecordingStudioEnhanced.stories.tsx[2m > [22m[2mMinimal Props
[22m[39m[Mock Data] Settings created: mock-settings-1790418905334 - notified 0 subscribers
[90mstdout[2m | src/components/RecordingStudioEnhanced.stories.tsx[2m > [22m[2mMinimal Props
[22m[39m[Mock Data] Unit.onUpdate() subscription added. Total: 1
[90mstdout[2m | src/components/RecordingStudioEnhanced.stories.tsx[2m > [22m[2mMinimal Props
[22m[39m[SectionContext] Section observeQuery update: 0
[90mstdout[2m | src/components/RecordingStudioEnhanced.stories.tsx[2m > [22m[2mMinimal Props
[22m[39m[FilesContext] File observeQuery update: 6 files
[90mstdout[2m | src/components/RecordingStudioEnhanced.stories.tsx[2m > [22m[2mMinimal Props
[22m[39m[ChatContext] AssistantChat initialized with 1 chats
[90mstdout[2m | src/components/RecordingStudioEnhanced.stories.tsx[2m > [22m[2mMinimal Props
[22m[39m[ChatContext] Setting initial chat: mock-assistant-chat-1
[90mstdout[2m | src/components/RecordingStudioEnhanced.stories.tsx[2m > [22m[2mMinimal Props
[22m[39m[MOCK CourseVectorStore] Initialized with mock data
[90mstdout[2m | src/components/RecordingStudioEnhanced.stories.tsx[2m > [22m[2mMinimal Props
[22m[39m[FilesContext] Vector store population triggered {
  "currentVectorStoreSize": 3,
  "documentsCount": 0,
  "filesCount": 6,
  "isInitialLoad": true,
}
[90mstdout[2m | src/components/RecordingStudioEnhanced.stories.tsx[2m > [22m[2mMinimal Props
[22m[39m[FilesContext] Vector store population complete - 3 total embeddings
[90mstdout[2m | src/components/RecordingStudioEnhanced.stories.tsx[2m > [22m[2mMinimal Props
[22m[39m[ChatContext] Chat exists and not archived, skipping creation
[90mstdout[2m | src/components/RecordingStudioEnhanced.stories.tsx[2m > [22m[2mMinimal Props
[22m[39m[Mock Storage] downloadData called with: undefined
 [32m✓[39m [30m[45m storybook (chromium) [49m[39m src/components/RecordingStudioEnhanced.stories.tsx [2m([22m[2m3 tests[22m[2m)[22m[33m 795[2mms[22m[39m
   [33m[2m✓[22m[39m Default [33m 321[2mms[22m[39m
[90mstdout[2m | unknown test
[22m[39m[MOCK vectorStoreDB.js] Module loaded - mock IndexedDB operations
[90mstdout[2m | unknown test
[22m[39m[Task Completion] DOM action listeners initialized
[90mstdout[2m | unknown test
[22m[39m[Task Completion] Auto-completion detector initialized
[90mstdout[2m | unknown test
[22m[39m[Preview] Task completion detector initialized
[90mstdout[2m | src/components/Editor3/plugins/LinkPlugin.stories.jsx[2m > [22m[2mEditable Empty
[22m[39m[Preview] Skipped initializing default mock data (initializeMockData=false)
[90mstdout[2m | src/components/Editor3/plugins/LinkPlugin.stories.jsx[2m > [22m[2mEditable Empty
[22m[39m[Mock Data] seedMockUnit: Adding unit link-plugin-story-unit
[90mstdout[2m | src/components/Editor3/plugins/LinkPlugin.stories.jsx[2m > [22m[2mEditable Empty
[22m[39m[MOCK CourseVectorStore] Initialized with mock data
[90mstdout[2m | src/components/Editor3/plugins/LinkPlugin.stories.jsx[2m > [22m[2mEditable Empty
[22m[39m[TranslationModeController] Setting mode to: off
[90mstdout[2m | src/components/Editor3/plugins/LinkPlugin.stories.jsx[2m > [22m[2mEditable Empty
[22m[39m[UnitContext] useEffect triggered {
  "authLoading": false,
  "hasUser": true,
  "id": "link-plugin-story-unit",
  "userSub": "mock-user-sub",
}
[90mstdout[2m | src/components/Editor3/plugins/LinkPlugin.stories.jsx[2m > [22m[2mEditable Empty
[22m[39m[UnitContext] Fetching unit data for id: link-plugin-story-unit
[90mstdout[2m | src/components/Editor3/plugins/LinkPlugin.stories.jsx[2m > [22m[2mEditable Empty
[22m[39m[FilesContext] Initializing vector store from IndexedDB
[90mstdout[2m | src/components/Editor3/plugins/LinkPlugin.stories.jsx[2m > [22m[2mEditable Empty
[22m[39m[FilesContext] fetchFiles called
[90mstdout[2m | src/components/Editor3/plugins/LinkPlugin.stories.jsx[2m > [22m[2mEditable Empty
[22m[39m[FilesContext] User authenticated: mock-user-sub
[90mstdout[2m | src/components/Editor3/plugins/LinkPlugin.stories.jsx[2m > [22m[2mEditable Empty
[22m[39m[FilesContext] Identity ID: us-east-1:mock-identity-123
[90mstdout[2m | src/components/Editor3/plugins/LinkPlugin.stories.jsx[2m > [22m[2mEditable Empty
[22m[39m[FilesContext] About to set up File observeQuery
[90mstdout[2m | src/components/Editor3/plugins/LinkPlugin.stories.jsx[2m > [22m[2mEditable Empty
[22m[39m[ChatContext] Setting up AssistantChat observeQuery
[90mstdout[2m | src/components/Editor3/plugins/LinkPlugin.stories.jsx[2m > [22m[2mEditable Empty
[22m[39m[ChatContext] Waiting for subscription to initialize
[90mstdout[2m | src/components/Editor3/plugins/LinkPlugin.stories.jsx[2m > [22m[2mEditable Empty
[22m[39m[SettingsContext] Setting up Settings subscription for user: mock-user-sub
[90mstdout[2m | src/components/Editor3/plugins/LinkPlugin.stories.jsx[2m > [22m[2mEditable Empty
[22m[39m[Mock Data] Settings created: mock-settings-1790418906031 - notified 0 subscribers
[90mstdout[2m | src/components/Editor3/plugins/LinkPlugin.stories.jsx[2m > [22m[2mEditable Empty
[22m[39m[Mock Data] Unit.onUpdate() subscription added. Total: 1
[90mstdout[2m | src/components/Editor3/plugins/LinkPlugin.stories.jsx[2m > [22m[2mEditable Empty
[22m[39m[SectionContext] Section observeQuery update: 0
[90mstdout[2m | src/components/Editor3/plugins/LinkPlugin.stories.jsx[2m > [22m[2mEditable Empty
[22m[39m[FilesContext] File observeQuery update: 0 files
[90mstdout[2m | src/components/Editor3/plugins/LinkPlugin.stories.jsx[2m > [22m[2mEditable Empty
[22m[39m[ChatContext] AssistantChat initialized with 0 chats
[90mstdout[2m | src/components/Editor3/plugins/LinkPlugin.stories.jsx[2m > [22m[2mEditable Empty
[22m[39m[MOCK CourseVectorStore] Initialized with mock data
[90mstdout[2m | src/components/Editor3/plugins/LinkPlugin.stories.jsx[2m > [22m[2mEditable Empty
[22m[39m[ChatContext] No current chat available, will create one
[90mstdout[2m | src/components/Editor3/plugins/LinkPlugin.stories.jsx[2m > [22m[2mEditable Empty
[22m[39m[ChatContext] Creating AssistantChat with user: undefined
[90mstdout[2m | src/components/Editor3/plugins/LinkPlugin.stories.jsx[2m > [22m[2mEditable Empty
[22m[39m[Mock Data] AssistantChat created: mock-assistantchat-1790418906042 - notified 1 subscribers
[90mstdout[2m | src/components/Editor3/plugins/LinkPlugin.stories.jsx[2m > [22m[2mEditable Empty
[22m[39m[ChatContext] Create result: {
  "data": {
    "_version": 1,
    "archived": false,
    "chatFiles": [Function anonymous],
    "createdAt": "2026-09-26T10:35:06.042Z",
    "id": "mock-assistantchat-1790418906042",
    "model": "gpt-4",
    "updatedAt": "2026-09-26T10:35:06.042Z",
  },
  "errors": [],
  "hasData": true,
  "hasErrors": true,
}
[90mstdout[2m | src/components/Editor3/plugins/LinkPlugin.stories.jsx[2m > [22m[2mEditable Empty
[22m[39m[ChatContext] Created AssistantChat: mock-assistantchat-1790418906042 at: 2026-09-26T10:35:06.042Z
[90mstdout[2m | src/components/Editor3/plugins/LinkPlugin.stories.jsx[2m > [22m[2mEditable Empty
[22m[39m[Mock Storage] downloadData called with: undefined
[90mstdout[2m | src/components/Editor3/plugins/LinkPlugin.stories.jsx[2m > [22m[2mEditable Empty
[22m[39m[ChatContext] Setting initial chat: mock-assistantchat-1790418906042
[90mstdout[2m | src/components/Editor3/plugins/LinkPlugin.stories.jsx[2m > [22m[2mEditable Empty
[22m[39m[ChatContext] Chat exists and not archived, skipping creation
[90mstdout[2m | src/components/Editor3/plugins/LinkPlugin.stories.jsx[2m > [22m[2mEditable With Links
[22m[39m[ChatContext] Cleaning up subscriptions
[90mstdout[2m | src/components/Editor3/plugins/LinkPlugin.stories.jsx[2m > [22m[2mEditable With Links
[22m[39m[Mock Data] Unit.onUpdate() subscription removed. Remaining: 0
[90mstdout[2m | src/components/Editor3/plugins/LinkPlugin.stories.jsx[2m > [22m[2mEditable With Links
[22m[39m[Preview] Skipped initializing default mock data (initializeMockData=false)
[90mstdout[2m | src/components/Editor3/plugins/LinkPlugin.stories.jsx[2m > [22m[2mEditable With Links
[22m[39m[Mock Data] seedMockUnit: Adding unit link-plugin-story-unit
[90mstdout[2m | src/components/Editor3/plugins/LinkPlugin.stories.jsx[2m > [22m[2mEditable With Links
[22m[39m[MOCK CourseVectorStore] Initialized with mock data
[90mstdout[2m | src/components/Editor3/plugins/LinkPlugin.stories.jsx[2m > [22m[2mEditable With Links
[22m[39m[TranslationModeController] Setting mode to: off
[90mstdout[2m | src/components/Editor3/plugins/LinkPlugin.stories.jsx[2m > [22m[2mEditable With Links
[22m[39m[UnitContext] useEffect triggered {
  "authLoading": false,
  "hasUser": true,
  "id": "link-plugin-story-unit",
  "userSub": "mock-user-sub",
}
[90mstdout[2m | src/components/Editor3/plugins/LinkPlugin.stories.jsx[2m > [22m[2mEditable With Links
[22m[39m[UnitContext] Fetching unit data for id: link-plugin-story-unit
[90mstdout[2m | src/components/Editor3/plugins/LinkPlugin.stories.jsx[2m > [22m[2mEditable With Links
[22m[39m[FilesContext] Initializing vector store from IndexedDB
[90mstdout[2m | src/components/Editor3/plugins/LinkPlugin.stories.jsx[2m > [22m[2mEditable With Links
[22m[39m[FilesContext] fetchFiles called
[90mstdout[2m | src/components/Editor3/plugins/LinkPlugin.stories.jsx[2m > [22m[2mEditable With Links
[22m[39m[FilesContext] User authenticated: mock-user-sub
[90mstdout[2m | src/components/Editor3/plugins/LinkPlugin.stories.jsx[2m > [22m[2mEditable With Links
[22m[39m[FilesContext] Identity ID: us-east-1:mock-identity-123
[90mstdout[2m | src/components/Editor3/plugins/LinkPlugin.stories.jsx[2m > [22m[2mEditable With Links
[22m[39m[FilesContext] About to set up File observeQuery
[90mstdout[2m | src/components/Editor3/plugins/LinkPlugin.stories.jsx[2m > [22m[2mEditable With Links
[22m[39m[ChatContext] Setting up AssistantChat observeQuery
[90mstdout[2m | src/components/Editor3/plugins/LinkPlugin.stories.jsx[2m > [22m[2mEditable With Links
[22m[39m[ChatContext] Waiting for subscription to initialize
[90mstdout[2m | src/components/Editor3/plugins/LinkPlugin.stories.jsx[2m > [22m[2mEditable With Links
[22m[39m[SettingsContext] Setting up Settings subscription for user: mock-user-sub
[90mstdout[2m | src/components/Editor3/plugins/LinkPlugin.stories.jsx[2m > [22m[2mEditable With Links
[22m[39m[Mock Data] Settings created: mock-settings-1790418906193 - notified 0 subscribers
[90mstdout[2m | src/components/Editor3/plugins/LinkPlugin.stories.jsx[2m > [22m[2mEditable With Links
[22m[39m[Mock Data] Unit.onUpdate() subscription added. Total: 1
[90mstdout[2m | src/components/Editor3/plugins/LinkPlugin.stories.jsx[2m > [22m[2mEditable With Links
[22m[39m[SectionContext] Section observeQuery update: 0
[90mstdout[2m | src/components/Editor3/plugins/LinkPlugin.stories.jsx[2m > [22m[2mEditable With Links
[22m[39m[FilesContext] File observeQuery update: 0 files
[90mstdout[2m | src/components/Editor3/plugins/LinkPlugin.stories.jsx[2m > [22m[2mEditable With Links
[22m[39m[ChatContext] AssistantChat initialized with 0 chats
[90mstdout[2m | src/components/Editor3/plugins/LinkPlugin.stories.jsx[2m > [22m[2mEditable With Links
[22m[39m[Mock Storage] downloadData called with: undefined
[90mstdout[2m | src/components/Editor3/plugins/LinkPlugin.stories.jsx[2m > [22m[2mEditable With Links
[22m[39m[MOCK CourseVectorStore] Initialized with mock data
[90mstdout[2m | src/components/Editor3/plugins/LinkPlugin.stories.jsx[2m > [22m[2mEditable With Links
[22m[39m[ChatContext] No current chat available, will create one
[90mstdout[2m | src/components/Editor3/plugins/LinkPlugin.stories.jsx[2m > [22m[2mEditable With Links
[22m[39m[ChatContext] Creating AssistantChat with user: undefined
[90mstdout[2m | src/components/Editor3/plugins/LinkPlugin.stories.jsx[2m > [22m[2mEditable With Links
[22m[39m[Mock Data] AssistantChat created: mock-assistantchat-1790418906207 - notified 1 subscribers
[90mstdout[2m | src/components/Editor3/plugins/LinkPlugin.stories.jsx[2m > [22m[2mEditable With Links
[22m[39m[ChatContext] Create result: {
  "data": {
    "_version": 1,
    "archived": false,
    "chatFiles": [Function anonymous],
    "createdAt": "2026-09-26T10:35:06.207Z",
    "id": "mock-assistantchat-1790418906207",
    "model": "gpt-4",
    "updatedAt": "2026-09-26T10:35:06.207Z",
  },
  "errors": [],
  "hasData": true,
  "hasErrors": true,
}
[90mstdout[2m | src/components/Editor3/plugins/LinkPlugin.stories.jsx[2m > [22m[2mEditable With Links
[22m[39m[ChatContext] Created AssistantChat: mock-assistantchat-1790418906207 at: 2026-09-26T10:35:06.207Z
[90mstdout[2m | src/components/Editor3/plugins/LinkPlugin.stories.jsx[2m > [22m[2mEditable With Links
[22m[39m[ChatContext] Setting initial chat: mock-assistantchat-1790418906207
[90mstdout[2m | src/components/Editor3/plugins/LinkPlugin.stories.jsx[2m > [22m[2mEditable With Links
[22m[39m[ChatContext] Chat exists and not archived, skipping creation
[90mstdout[2m | src/components/Editor3/plugins/LinkPlugin.stories.jsx[2m > [22m[2mRead Only With Links
[22m[39m[ChatContext] Cleaning up subscriptions
[90mstdout[2m | src/components/Editor3/plugins/LinkPlugin.stories.jsx[2m > [22m[2mRead Only With Links
[22m[39m[Mock Data] Unit.onUpdate() subscription removed. Remaining: 0
[90mstdout[2m | src/components/Editor3/plugins/LinkPlugin.stories.jsx[2m > [22m[2mRead Only With Links
[22m[39m[Preview] Skipped initializing default mock data (initializeMockData=false)
[90mstdout[2m | src/components/Editor3/plugins/LinkPlugin.stories.jsx[2m > [22m[2mRead Only With Links
[22m[39m[Mock Data] seedMockUnit: Adding unit link-plugin-story-unit
[90mstdout[2m | src/components/Editor3/plugins/LinkPlugin.stories.jsx[2m > [22m[2mRead Only With Links
[22m[39m[MOCK CourseVectorStore] Initialized with mock data
[90mstdout[2m | src/components/Editor3/plugins/LinkPlugin.stories.jsx[2m > [22m[2mRead Only With Links
[22m[39m[TranslationModeController] Setting mode to: off
[90mstdout[2m | src/components/Editor3/plugins/LinkPlugin.stories.jsx[2m > [22m[2mRead Only With Links
[22m[39m[UnitContext] useEffect triggered {
  "authLoading": false,
  "hasUser": true,
  "id": "link-plugin-story-unit",
  "userSub": "mock-user-sub",
}
[90mstdout[2m | src/components/Editor3/plugins/LinkPlugin.stories.jsx[2m > [22m[2mRead Only With Links
[22m[39m[UnitContext] Fetching unit data for id: link-plugin-story-unit
[90mstdout[2m | src/components/Editor3/plugins/LinkPlugin.stories.jsx[2m > [22m[2mRead Only With Links
[22m[39m[FilesContext] Initializing vector store from IndexedDB
[90mstdout[2m | src/components/Editor3/plugins/LinkPlugin.stories.jsx[2m > [22m[2mRead Only With Links
[22m[39m[FilesContext] fetchFiles called
[90mstdout[2m | src/components/Editor3/plugins/LinkPlugin.stories.jsx[2m > [22m[2mRead Only With Links
[22m[39m[FilesContext] User authenticated: mock-user-sub
[90mstdout[2m | src/components/Editor3/plugins/LinkPlugin.stories.jsx[2m > [22m[2mRead Only With Links
[22m[39m[FilesContext] Identity ID: us-east-1:mock-identity-123
[90mstdout[2m | src/components/Editor3/plugins/LinkPlugin.stories.jsx[2m > [22m[2mRead Only With Links
[22m[39m[FilesContext] About to set up File observeQuery
[90mstdout[2m | src/components/Editor3/plugins/LinkPlugin.stories.jsx[2m > [22m[2mRead Only With Links
[22m[39m[ChatContext] Setting up AssistantChat observeQuery
[90mstdout[2m | src/components/Editor3/plugins/LinkPlugin.stories.jsx[2m > [22m[2mRead Only With Links
[22m[39m[ChatContext] Waiting for subscription to initialize
[90mstdout[2m | src/components/Editor3/plugins/LinkPlugin.stories.jsx[2m > [22m[2mRead Only With Links
[22m[39m[SettingsContext] Setting up Settings subscription for user: mock-user-sub
[90mstdout[2m | src/components/Editor3/plugins/LinkPlugin.stories.jsx[2m > [22m[2mRead Only With Links
[22m[39m[Mock Data] Settings created: mock-settings-1790418906339 - notified 0 subscribers
[90mstdout[2m | src/components/Editor3/plugins/LinkPlugin.stories.jsx[2m > [22m[2mRead Only With Links
[22m[39m[Mock Data] Unit.onUpdate() subscription added. Total: 1
[90mstdout[2m | src/components/Editor3/plugins/LinkPlugin.stories.jsx[2m > [22m[2mRead Only With Links
[22m[39m[SectionContext] Section observeQuery update: 0
[90mstdout[2m | src/components/Editor3/plugins/LinkPlugin.stories.jsx[2m > [22m[2mRead Only With Links
[22m[39m[FilesContext] File observeQuery update: 0 files
[90mstdout[2m | src/components/Editor3/plugins/LinkPlugin.stories.jsx[2m > [22m[2mRead Only With Links
[22m[39m[ChatContext] AssistantChat initialized with 0 chats
[90mstdout[2m | src/components/Editor3/plugins/LinkPlugin.stories.jsx[2m > [22m[2mRead Only With Links
[22m[39m[Mock Storage] downloadData called with: undefined
[90mstdout[2m | src/components/Editor3/plugins/LinkPlugin.stories.jsx[2m > [22m[2mRead Only With Links
[22m[39m[MOCK CourseVectorStore] Initialized with mock data
[90mstdout[2m | src/components/Editor3/plugins/LinkPlugin.stories.jsx[2m > [22m[2mRead Only With Links
[22m[39m[ChatContext] No current chat available, will create one
[90mstdout[2m | src/components/Editor3/plugins/LinkPlugin.stories.jsx[2m > [22m[2mRead Only With Links
[22m[39m[ChatContext] Creating AssistantChat with user: undefined
[90mstdout[2m | src/components/Editor3/plugins/LinkPlugin.stories.jsx[2m > [22m[2mRead Only With Links
[22m[39m[Mock Data] AssistantChat created: mock-assistantchat-1790418906351 - notified 1 subscribers
[90mstdout[2m | src/components/Editor3/plugins/LinkPlugin.stories.jsx[2m > [22m[2mRead Only With Links
[22m[39m[ChatContext] Create result: {
  "data": {
    "_version": 1,
    "archived": false,
    "chatFiles": [Function anonymous],
    "createdAt": "2026-09-26T10:35:06.351Z",
    "id": "mock-assistantchat-1790418906351",
    "model": "gpt-4",
    "updatedAt": "2026-09-26T10:35:06.351Z",
  },
  "errors": [],
  "hasData": true,
  "hasErrors": true,
}
[90mstdout[2m | src/components/Editor3/plugins/LinkPlugin.stories.jsx[2m > [22m[2mRead Only With Links
[22m[39m[ChatContext] Created AssistantChat: mock-assistantchat-1790418906351 at: 2026-09-26T10:35:06.351Z
[90mstdout[2m | src/components/Editor3/plugins/LinkPlugin.stories.jsx[2m > [22m[2mRead Only With Links
[22m[39m[ChatContext] Setting initial chat: mock-assistantchat-1790418906351
[90mstdout[2m | src/components/Editor3/plugins/LinkPlugin.stories.jsx[2m > [22m[2mRead Only With Links
[22m[39m[ChatContext] Chat exists and not archived, skipping creation
 [32m✓[39m [30m[45m storybook (chromium) [49m[39m src/components/Editor3/plugins/LinkPlugin.stories.jsx [2m([22m[2m3 tests[22m[2m)[22m[33m 441[2mms[22m[39m
[90mstdout[2m | unknown test
[22m[39m[MOCK vectorStoreDB.js] Module loaded - mock IndexedDB operations
[90mstdout[2m | unknown test
[22m[39m[Task Completion] DOM action listeners initialized
[90mstdout[2m | unknown test
[22m[39m[Task Completion] Auto-completion detector initialized
[90mstdout[2m | unknown test
[22m[39m[Preview] Task completion detector initialized
[90mstdout[2m | src/components/Gamification/BossBattleCard.stories.tsx[2m > [22m[2mActive
[22m[39m[MOCK CourseVectorStore] Initialized with mock data
[90mstdout[2m | src/components/Gamification/BossBattleCard.stories.tsx[2m > [22m[2mActive
[22m[39m[TranslationModeController] Setting mode to: off
[90mstdout[2m | src/components/Gamification/BossBattleCard.stories.tsx[2m > [22m[2mActive
[22m[39m[UnitContext] useEffect triggered {
  "authLoading": false,
  "hasUser": true,
  "id": "mock-unit-id",
  "userSub": "mock-user-sub",
}
[90mstdout[2m | src/components/Gamification/BossBattleCard.stories.tsx[2m > [22m[2mActive
[22m[39m[UnitContext] Fetching unit data for id: mock-unit-id
[90mstdout[2m | src/components/Gamification/BossBattleCard.stories.tsx[2m > [22m[2mActive
[22m[39m[FilesContext] Initializing vector store from IndexedDB
[90mstdout[2m | src/components/Gamification/BossBattleCard.stories.tsx[2m > [22m[2mActive
[22m[39m[FilesContext] fetchFiles called
[90mstdout[2m | src/components/Gamification/BossBattleCard.stories.tsx[2m > [22m[2mActive
[22m[39m[FilesContext] User authenticated: mock-user-sub
[90mstdout[2m | src/components/Gamification/BossBattleCard.stories.tsx[2m > [22m[2mActive
[22m[39m[FilesContext] Identity ID: us-east-1:mock-identity-123
[90mstdout[2m | src/components/Gamification/BossBattleCard.stories.tsx[2m > [22m[2mActive
[22m[39m[FilesContext] About to set up File observeQuery
[90mstdout[2m | src/components/Gamification/BossBattleCard.stories.tsx[2m > [22m[2mActive
[22m[39m[ChatContext] Setting up AssistantChat observeQuery
[90mstdout[2m | src/components/Gamification/BossBattleCard.stories.tsx[2m > [22m[2mActive
[22m[39m[ChatContext] Waiting for subscription to initialize
[90mstdout[2m | src/components/Gamification/BossBattleCard.stories.tsx[2m > [22m[2mActive
[22m[39m[SettingsContext] Setting up Settings subscription for user: mock-user-sub
[90mstdout[2m | src/components/Gamification/BossBattleCard.stories.tsx[2m > [22m[2mActive
[22m[39m[Mock Data] Settings created: mock-settings-1790418907062 - notified 0 subscribers
[90mstdout[2m | src/components/Gamification/BossBattleCard.stories.tsx[2m > [22m[2mActive
[22m[39m[Mock Data] Unit.onUpdate() subscription added. Total: 1
[90mstdout[2m | src/components/Gamification/BossBattleCard.stories.tsx[2m > [22m[2mActive
[22m[39m[SectionContext] Section observeQuery update: 0
[90mstdout[2m | src/components/Gamification/BossBattleCard.stories.tsx[2m > [22m[2mActive
[22m[39m[FilesContext] File observeQuery update: 6 files
[90mstdout[2m | src/components/Gamification/BossBattleCard.stories.tsx[2m > [22m[2mActive
[22m[39m[ChatContext] AssistantChat initialized with 1 chats
[90mstdout[2m | src/components/Gamification/BossBattleCard.stories.tsx[2m > [22m[2mActive
[22m[39m[ChatContext] Setting initial chat: mock-assistant-chat-1
[90mstdout[2m | src/components/Gamification/BossBattleCard.stories.tsx[2m > [22m[2mActive
[22m[39m[MOCK CourseVectorStore] Initialized with mock data
[90mstdout[2m | src/components/Gamification/BossBattleCard.stories.tsx[2m > [22m[2mActive
[22m[39m[FilesContext] Vector store population triggered {
  "currentVectorStoreSize": 3,
  "documentsCount": 0,
  "filesCount": 6,
  "isInitialLoad": true,
}
[90mstdout[2m | src/components/Gamification/BossBattleCard.stories.tsx[2m > [22m[2mActive
[22m[39m[FilesContext] Vector store population complete - 3 total embeddings
[90mstdout[2m | src/components/Gamification/BossBattleCard.stories.tsx[2m > [22m[2mActive
[22m[39m[ChatContext] Chat exists and not archived, skipping creation
[90mstdout[2m | src/components/Gamification/BossBattleCard.stories.tsx[2m > [22m[2mActive
[22m[39m[Mock Storage] downloadData called with: undefined
[90mstdout[2m | src/components/Gamification/BossBattleCard.stories.tsx[2m > [22m[2mDefeated
[22m[39m[ChatContext] Cleaning up subscriptions
[90mstdout[2m | src/components/Gamification/BossBattleCard.stories.tsx[2m > [22m[2mDefeated
[22m[39m[Mock Data] Unit.onUpdate() subscription removed. Remaining: 0
[90mstdout[2m | src/components/Gamification/BossBattleCard.stories.tsx[2m > [22m[2mDefeated
[22m[39m[MOCK CourseVectorStore] Initialized with mock data
[90mstdout[2m | src/components/Gamification/BossBattleCard.stories.tsx[2m > [22m[2mDefeated
[22m[39m[TranslationModeController] Setting mode to: off
[90mstdout[2m | src/components/Gamification/BossBattleCard.stories.tsx[2m > [22m[2mDefeated
[22m[39m[UnitContext] useEffect triggered {
  "authLoading": false,
  "hasUser": true,
  "id": "mock-unit-id",
  "userSub": "mock-user-sub",
}
[90mstdout[2m | src/components/Gamification/BossBattleCard.stories.tsx[2m > [22m[2mDefeated
[22m[39m[UnitContext] Fetching unit data for id: mock-unit-id
[90mstdout[2m | src/components/Gamification/BossBattleCard.stories.tsx[2m > [22m[2mDefeated
[22m[39m[FilesContext] Initializing vector store from IndexedDB
[90mstdout[2m | src/components/Gamification/BossBattleCard.stories.tsx[2m > [22m[2mDefeated
[22m[39m[FilesContext] fetchFiles called
[90mstdout[2m | src/components/Gamification/BossBattleCard.stories.tsx[2m > [22m[2mDefeated
[22m[39m[FilesContext] User authenticated: mock-user-sub
[90mstdout[2m | src/components/Gamification/BossBattleCard.stories.tsx[2m > [22m[2mDefeated
[22m[39m[FilesContext] Identity ID: us-east-1:mock-identity-123
[90mstdout[2m | src/components/Gamification/BossBattleCard.stories.tsx[2m > [22m[2mDefeated
[22m[39m[FilesContext] About to set up File observeQuery
[90mstdout[2m | src/components/Gamification/BossBattleCard.stories.tsx[2m > [22m[2mDefeated
[22m[39m[ChatContext] Setting up AssistantChat observeQuery
[90mstdout[2m | src/components/Gamification/BossBattleCard.stories.tsx[2m > [22m[2mDefeated
[22m[39m[ChatContext] Waiting for subscription to initialize
[90mstdout[2m | src/components/Gamification/BossBattleCard.stories.tsx[2m > [22m[2mDefeated
[22m[39m[SettingsContext] Setting up Settings subscription for user: mock-user-sub
[90mstdout[2m | src/components/Gamification/BossBattleCard.stories.tsx[2m > [22m[2mDefeated
[22m[39m[Mock Data] Settings created: mock-settings-1790418907246 - notified 0 subscribers
[90mstdout[2m | src/components/Gamification/BossBattleCard.stories.tsx[2m > [22m[2mDefeated
[22m[39m[Mock Data] Unit.onUpdate() subscription added. Total: 1
[90mstdout[2m | src/components/Gamification/BossBattleCard.stories.tsx[2m > [22m[2mDefeated
[22m[39m[SectionContext] Section observeQuery update: 0
[90mstdout[2m | src/components/Gamification/BossBattleCard.stories.tsx[2m > [22m[2mDefeated
[22m[39m[FilesContext] File observeQuery update: 6 files
[90mstdout[2m | src/components/Gamification/BossBattleCard.stories.tsx[2m > [22m[2mDefeated
[22m[39m[ChatContext] AssistantChat initialized with 1 chats
[90mstdout[2m | src/components/Gamification/BossBattleCard.stories.tsx[2m > [22m[2mDefeated
[22m[39m[ChatContext] Setting initial chat: mock-assistant-chat-1
[90mstdout[2m | src/components/Gamification/BossBattleCard.stories.tsx[2m > [22m[2mDefeated
[22m[39m[MOCK CourseVectorStore] Initialized with mock data
[90mstdout[2m | src/components/Gamification/BossBattleCard.stories.tsx[2m > [22m[2mDefeated
[22m[39m[FilesContext] Vector store population triggered {
  "currentVectorStoreSize": 3,
  "documentsCount": 0,
  "filesCount": 6,
  "isInitialLoad": true,
}
[90mstdout[2m | src/components/Gamification/BossBattleCard.stories.tsx[2m > [22m[2mDefeated
[22m[39m[FilesContext] Vector store population complete - 3 total embeddings
[90mstdout[2m | src/components/Gamification/BossBattleCard.stories.tsx[2m > [22m[2mDefeated
[22m[39m[ChatContext] Chat exists and not archived, skipping creation
[90mstdout[2m | src/components/Gamification/BossBattleCard.stories.tsx[2m > [22m[2mDefeated
[22m[39m[Mock Storage] downloadData called with: undefined
[90mstdout[2m | src/components/Gamification/BossBattleCard.stories.tsx[2m > [22m[2mSingle Phase
[22m[39m[ChatContext] Cleaning up subscriptions
[90mstdout[2m | src/components/Gamification/BossBattleCard.stories.tsx[2m > [22m[2mSingle Phase
[22m[39m[Mock Data] Unit.onUpdate() subscription removed. Remaining: 0
[90mstdout[2m | src/components/Gamification/BossBattleCard.stories.tsx[2m > [22m[2mSingle Phase
[22m[39m[MOCK CourseVectorStore] Initialized with mock data
[90mstdout[2m | src/components/Gamification/BossBattleCard.stories.tsx[2m > [22m[2mSingle Phase
[22m[39m[TranslationModeController] Setting mode to: off
[90mstdout[2m | src/components/Gamification/BossBattleCard.stories.tsx[2m > [22m[2mSingle Phase
[22m[39m[UnitContext] useEffect triggered {
  "authLoading": false,
  "hasUser": true,
  "id": "mock-unit-id",
  "userSub": "mock-user-sub",
}
[90mstdout[2m | src/components/Gamification/BossBattleCard.stories.tsx[2m > [22m[2mSingle Phase
[22m[39m[UnitContext] Fetching unit data for id: mock-unit-id
[90mstdout[2m | src/components/Gamification/BossBattleCard.stories.tsx[2m > [22m[2mSingle Phase
[22m[39m[FilesContext] Initializing vector store from IndexedDB
[90mstdout[2m | src/components/Gamification/BossBattleCard.stories.tsx[2m > [22m[2mSingle Phase
[22m[39m[FilesContext] fetchFiles called
[90mstdout[2m | src/components/Gamification/BossBattleCard.stories.tsx[2m > [22m[2mSingle Phase
[22m[39m[FilesContext] User authenticated: mock-user-sub
[90mstdout[2m | src/components/Gamification/BossBattleCard.stories.tsx[2m > [22m[2mSingle Phase
[22m[39m[FilesContext] Identity ID: us-east-1:mock-identity-123
[90mstdout[2m | src/components/Gamification/BossBattleCard.stories.tsx[2m > [22m[2mSingle Phase
[22m[39m[FilesContext] About to set up File observeQuery
[90mstdout[2m | src/components/Gamification/BossBattleCard.stories.tsx[2m > [22m[2mSingle Phase
[22m[39m[ChatContext] Setting up AssistantChat observeQuery
[90mstdout[2m | src/components/Gamification/BossBattleCard.stories.tsx[2m > [22m[2mSingle Phase
[22m[39m[ChatContext] Waiting for subscription to initialize
[90mstdout[2m | src/components/Gamification/BossBattleCard.stories.tsx[2m > [22m[2mSingle Phase
[22m[39m[SettingsContext] Setting up Settings subscription for user: mock-user-sub
[90mstdout[2m | src/components/Gamification/BossBattleCard.stories.tsx[2m > [22m[2mSingle Phase
[22m[39m[Mock Data] Settings created: mock-settings-1790418907392 - notified 0 subscribers
[90mstdout[2m | src/components/Gamification/BossBattleCard.stories.tsx[2m > [22m[2mSingle Phase
[22m[39m[Mock Data] Unit.onUpdate() subscription added. Total: 1
[90mstdout[2m | src/components/Gamification/BossBattleCard.stories.tsx[2m > [22m[2mSingle Phase
[22m[39m[SectionContext] Section observeQuery update: 0
[90mstdout[2m | src/components/Gamification/BossBattleCard.stories.tsx[2m > [22m[2mSingle Phase
[22m[39m[FilesContext] File observeQuery update: 6 files
[90mstdout[2m | src/components/Gamification/BossBattleCard.stories.tsx[2m > [22m[2mSingle Phase
[22m[39m[ChatContext] AssistantChat initialized with 1 chats
[90mstdout[2m | src/components/Gamification/BossBattleCard.stories.tsx[2m > [22m[2mSingle Phase
[22m[39m[ChatContext] Setting initial chat: mock-assistant-chat-1
[90mstdout[2m | src/components/Gamification/BossBattleCard.stories.tsx[2m > [22m[2mSingle Phase
[22m[39m[MOCK CourseVectorStore] Initialized with mock data
[90mstdout[2m | src/components/Gamification/BossBattleCard.stories.tsx[2m > [22m[2mSingle Phase
[22m[39m[FilesContext] Vector store population triggered {
  "currentVectorStoreSize": 3,
  "documentsCount": 0,
  "filesCount": 6,
  "isInitialLoad": true,
}
[90mstdout[2m | src/components/Gamification/BossBattleCard.stories.tsx[2m > [22m[2mSingle Phase
[22m[39m[FilesContext] Vector store population complete - 3 total embeddings
[90mstdout[2m | src/components/Gamification/BossBattleCard.stories.tsx[2m > [22m[2mSingle Phase
[22m[39m[ChatContext] Chat exists and not archived, skipping creation
[90mstdout[2m | src/components/Gamification/BossBattleCard.stories.tsx[2m > [22m[2mSingle Phase
[22m[39m[Mock Storage] downloadData called with: undefined
[90mstdout[2m | src/components/Gamification/BossBattleCard.stories.tsx[2m > [22m[2mActive Interaction
[22m[39m[ChatContext] Cleaning up subscriptions
[90mstdout[2m | src/components/Gamification/BossBattleCard.stories.tsx[2m > [22m[2mActive Interaction
[22m[39m[Mock Data] Unit.onUpdate() subscription removed. Remaining: 0
[90mstdout[2m | src/components/Gamification/BossBattleCard.stories.tsx[2m > [22m[2mActive Interaction
[22m[39m[MOCK CourseVectorStore] Initialized with mock data
[90mstdout[2m | src/components/Gamification/BossBattleCard.stories.tsx[2m > [22m[2mActive Interaction
[22m[39m[TranslationModeController] Setting mode to: off
[90mstdout[2m | src/components/Gamification/BossBattleCard.stories.tsx[2m > [22m[2mActive Interaction
[22m[39m[UnitContext] useEffect triggered {
  "authLoading": false,
  "hasUser": true,
  "id": "mock-unit-id",
  "userSub": "mock-user-sub",
}
[90mstdout[2m | src/components/Gamification/BossBattleCard.stories.tsx[2m > [22m[2mActive Interaction
[22m[39m[UnitContext] Fetching unit data for id: mock-unit-id
[90mstdout[2m | src/components/Gamification/BossBattleCard.stories.tsx[2m > [22m[2mActive Interaction
[22m[39m[FilesContext] Initializing vector store from IndexedDB
[90mstdout[2m | src/components/Gamification/BossBattleCard.stories.tsx[2m > [22m[2mActive Interaction
[22m[39m[FilesContext] fetchFiles called
[90mstdout[2m | src/components/Gamification/BossBattleCard.stories.tsx[2m > [22m[2mActive Interaction
[22m[39m[FilesContext] User authenticated: mock-user-sub
[90mstdout[2m | src/components/Gamification/BossBattleCard.stories.tsx[2m > [22m[2mActive Interaction
[22m[39m[FilesContext] Identity ID: us-east-1:mock-identity-123
[90mstdout[2m | src/components/Gamification/BossBattleCard.stories.tsx[2m > [22m[2mActive Interaction
[22m[39m[FilesContext] About to set up File observeQuery
[90mstdout[2m | src/components/Gamification/BossBattleCard.stories.tsx[2m > [22m[2mActive Interaction
[22m[39m[ChatContext] Setting up AssistantChat observeQuery
[90mstdout[2m | src/components/Gamification/BossBattleCard.stories.tsx[2m > [22m[2mActive Interaction
[22m[39m[ChatContext] Waiting for subscription to initialize
[90mstdout[2m | src/components/Gamification/BossBattleCard.stories.tsx[2m > [22m[2mActive Interaction
[22m[39m[SettingsContext] Setting up Settings subscription for user: mock-user-sub
[90mstdout[2m | src/components/Gamification/BossBattleCard.stories.tsx[2m > [22m[2mActive Interaction
[22m[39m[Mock Data] Settings created: mock-settings-1790418907539 - notified 0 subscribers
[90mstdout[2m | src/components/Gamification/BossBattleCard.stories.tsx[2m > [22m[2mActive Interaction
[22m[39m[Mock Data] Unit.onUpdate() subscription added. Total: 1
[90mstdout[2m | src/components/Gamification/BossBattleCard.stories.tsx[2m > [22m[2mActive Interaction
[22m[39m[SectionContext] Section observeQuery update: 0
[90mstdout[2m | src/components/Gamification/BossBattleCard.stories.tsx[2m > [22m[2mActive Interaction
[22m[39m[FilesContext] File observeQuery update: 6 files
[90mstdout[2m | src/components/Gamification/BossBattleCard.stories.tsx[2m > [22m[2mActive Interaction
[22m[39m[ChatContext] AssistantChat initialized with 1 chats
[90mstdout[2m | src/components/Gamification/BossBattleCard.stories.tsx[2m > [22m[2mActive Interaction
[22m[39m[ChatContext] Setting initial chat: mock-assistant-chat-1
[90mstdout[2m | src/components/Gamification/BossBattleCard.stories.tsx[2m > [22m[2mActive Interaction
[22m[39m[MOCK CourseVectorStore] Initialized with mock data
[90mstdout[2m | src/components/Gamification/BossBattleCard.stories.tsx[2m > [22m[2mActive Interaction
[22m[39m[FilesContext] Vector store population triggered {
  "currentVectorStoreSize": 3,
  "documentsCount": 0,
  "filesCount": 6,
  "isInitialLoad": true,
}
[90mstdout[2m | src/components/Gamification/BossBattleCard.stories.tsx[2m > [22m[2mActive Interaction
[22m[39m[FilesContext] Vector store population complete - 3 total embeddings
[90mstdout[2m | src/components/Gamification/BossBattleCard.stories.tsx[2m > [22m[2mActive Interaction
[22m[39m[ChatContext] Chat exists and not archived, skipping creation
[90mstdout[2m | src/components/Gamification/BossBattleCard.stories.tsx[2m > [22m[2mActive Interaction
[22m[39m[Mock Storage] downloadData called with: undefined
 [32m✓[39m [30m[45m storybook (chromium) [49m[39m src/components/Gamification/BossBattleCard.stories.tsx [2m([22m[2m4 tests[22m[2m)[22m[33m 700[2mms[22m[39m
[90mstdout[2m | unknown test
[22m[39m[MOCK vectorStoreDB.js] Module loaded - mock IndexedDB operations
[90mstdout[2m | unknown test
[22m[39m[Task Completion] DOM action listeners initialized
[90mstdout[2m | unknown test
[22m[39m[Task Completion] Auto-completion detector initialized
[90mstdout[2m | unknown test
[22m[39m[Preview] Task completion detector initialized
[90mstdout[2m | src/components/Editor3/plugins/CustomAIPlugin.stories.tsx[2m > [22m[2mEditor: Empty + Insert Button
[22m[39m[Preview] Skipped initializing default mock data (initializeMockData=false)
[90mstdout[2m | src/components/Editor3/plugins/CustomAIPlugin.stories.tsx[2m > [22m[2mEditor: Empty + Insert Button
[22m[39m[MOCK CourseVectorStore] Initialized with mock data
[90mstdout[2m | src/components/Editor3/plugins/CustomAIPlugin.stories.tsx[2m > [22m[2mEditor: Empty + Insert Button
[22m[39m[Mock Data] seedMockUnit: Adding unit mock-unit-id
[90mstdout[2m | src/components/Editor3/plugins/CustomAIPlugin.stories.tsx[2m > [22m[2mEditor: Empty + Insert Button
[22m[39m[TranslationModeController] Setting mode to: off
[90mstdout[2m | src/components/Editor3/plugins/CustomAIPlugin.stories.tsx[2m > [22m[2mEditor: Empty + Insert Button
[22m[39m[UnitContext] useEffect triggered {
  "authLoading": false,
  "hasUser": true,
  "id": "mock-unit-id",
  "userSub": "mock-user-sub",
}
[90mstdout[2m | src/components/Editor3/plugins/CustomAIPlugin.stories.tsx[2m > [22m[2mEditor: Empty + Insert Button
[22m[39m[UnitContext] Fetching unit data for id: mock-unit-id
[90mstdout[2m | src/components/Editor3/plugins/CustomAIPlugin.stories.tsx[2m > [22m[2mEditor: Empty + Insert Button
[22m[39m[FilesContext] Initializing vector store from IndexedDB
[90mstdout[2m | src/components/Editor3/plugins/CustomAIPlugin.stories.tsx[2m > [22m[2mEditor: Empty + Insert Button
[22m[39m[FilesContext] fetchFiles called
[90mstdout[2m | src/components/Editor3/plugins/CustomAIPlugin.stories.tsx[2m > [22m[2mEditor: Empty + Insert Button
[22m[39m[FilesContext] User authenticated: mock-user-sub
[90mstdout[2m | src/components/Editor3/plugins/CustomAIPlugin.stories.tsx[2m > [22m[2mEditor: Empty + Insert Button
[22m[39m[FilesContext] Identity ID: us-east-1:mock-identity-123
[90mstdout[2m | src/components/Editor3/plugins/CustomAIPlugin.stories.tsx[2m > [22m[2mEditor: Empty + Insert Button
[22m[39m[FilesContext] About to set up File observeQuery
[90mstdout[2m | src/components/Editor3/plugins/CustomAIPlugin.stories.tsx[2m > [22m[2mEditor: Empty + Insert Button
[22m[39m[ChatContext] Setting up AssistantChat observeQuery
[90mstdout[2m | src/components/Editor3/plugins/CustomAIPlugin.stories.tsx[2m > [22m[2mEditor: Empty + Insert Button
[22m[39m[ChatContext] Waiting for subscription to initialize
[90mstdout[2m | src/components/Editor3/plugins/CustomAIPlugin.stories.tsx[2m > [22m[2mEditor: Empty + Insert Button
[22m[39m[SettingsContext] Setting up Settings subscription for user: mock-user-sub
[90mstdout[2m | src/components/Editor3/plugins/CustomAIPlugin.stories.tsx[2m > [22m[2mEditor: Empty + Insert Button
[22m[39m[Mock Data] Settings created: mock-settings-1790418908153 - notified 0 subscribers
[90mstdout[2m | src/components/Editor3/plugins/CustomAIPlugin.stories.tsx[2m > [22m[2mEditor: Empty + Insert Button
[22m[39m[Mock Data] Unit.onUpdate() subscription added. Total: 1
[90mstdout[2m | src/components/Editor3/plugins/CustomAIPlugin.stories.tsx[2m > [22m[2mEditor: Empty + Insert Button
[22m[39m[SectionContext] Section observeQuery update: 0
[90mstdout[2m | src/components/Editor3/plugins/CustomAIPlugin.stories.tsx[2m > [22m[2mEditor: Empty + Insert Button
[22m[39m[FilesContext] File observeQuery update: 0 files
[90mstdout[2m | src/components/Editor3/plugins/CustomAIPlugin.stories.tsx[2m > [22m[2mEditor: Empty + Insert Button
[22m[39m[ChatContext] AssistantChat initialized with 0 chats
[90mstdout[2m | src/components/Editor3/plugins/CustomAIPlugin.stories.tsx[2m > [22m[2mEditor: Empty + Insert Button
[22m[39m[MOCK CourseVectorStore] Initialized with mock data
[90mstdout[2m | src/components/Editor3/plugins/CustomAIPlugin.stories.tsx[2m > [22m[2mEditor: Empty + Insert Button
[22m[39m[ChatContext] No current chat available, will create one
[90mstdout[2m | src/components/Editor3/plugins/CustomAIPlugin.stories.tsx[2m > [22m[2mEditor: Empty + Insert Button
[22m[39m[ChatContext] Creating AssistantChat with user: undefined
[90mstdout[2m | src/components/Editor3/plugins/CustomAIPlugin.stories.tsx[2m > [22m[2mEditor: Empty + Insert Button
[22m[39m[Mock Data] AssistantChat created: mock-assistantchat-1790418908167 - notified 1 subscribers
[90mstdout[2m | src/components/Editor3/plugins/CustomAIPlugin.stories.tsx[2m > [22m[2mEditor: Empty + Insert Button
[22m[39m[ChatContext] Create result: {
  "data": {
    "_version": 1,
    "archived": false,
    "chatFiles": [Function anonymous],
    "createdAt": "2026-09-26T10:35:08.167Z",
    "id": "mock-assistantchat-1790418908167",
    "model": "gpt-4",
    "updatedAt": "2026-09-26T10:35:08.167Z",
  },
  "errors": [],
  "hasData": true,
  "hasErrors": true,
}
[90mstdout[2m | src/components/Editor3/plugins/CustomAIPlugin.stories.tsx[2m > [22m[2mEditor: Empty + Insert Button
[22m[39m[ChatContext] Created AssistantChat: mock-assistantchat-1790418908167 at: 2026-09-26T10:35:08.167Z
[90mstdout[2m | src/components/Editor3/plugins/CustomAIPlugin.stories.tsx[2m > [22m[2mEditor: Empty + Insert Button
[22m[39m[Mock Storage] downloadData called with: undefined
[90mstdout[2m | src/components/Editor3/plugins/CustomAIPlugin.stories.tsx[2m > [22m[2mEditor: Empty + Insert Button
[22m[39m[ChatContext] Setting initial chat: mock-assistantchat-1790418908167
[90mstdout[2m | src/components/Editor3/plugins/CustomAIPlugin.stories.tsx[2m > [22m[2mEditor: Empty + Insert Button
[22m[39m[ChatContext] Chat exists and not archived, skipping creation
[90mstdout[2m | src/components/Editor3/plugins/CustomAIPlugin.stories.tsx[2m > [22m[2mEditor: With Questions & Criteria
[22m[39m[ChatContext] Cleaning up subscriptions
[90mstdout[2m | src/components/Editor3/plugins/CustomAIPlugin.stories.tsx[2m > [22m[2mEditor: With Questions & Criteria
[22m[39m[Mock Data] Unit.onUpdate() subscription removed. Remaining: 0
[90mstdout[2m | src/components/Editor3/plugins/CustomAIPlugin.stories.tsx[2m > [22m[2mEditor: With Questions & Criteria
[22m[39m[Preview] Skipped initializing default mock data (initializeMockData=false)
[90mstdout[2m | src/components/Editor3/plugins/CustomAIPlugin.stories.tsx[2m > [22m[2mEditor: With Questions & Criteria
[22m[39m[MOCK CourseVectorStore] Initialized with mock data
[90mstdout[2m | src/components/Editor3/plugins/CustomAIPlugin.stories.tsx[2m > [22m[2mEditor: With Questions & Criteria
[22m[39m[Mock Data] seedMockUnit: Adding unit mock-unit-id
[90mstdout[2m | src/components/Editor3/plugins/CustomAIPlugin.stories.tsx[2m > [22m[2mEditor: With Questions & Criteria
[22m[39m[TranslationModeController] Setting mode to: off
[90mstdout[2m | src/components/Editor3/plugins/CustomAIPlugin.stories.tsx[2m > [22m[2mEditor: With Questions & Criteria
[22m[39m[UnitContext] useEffect triggered {
  "authLoading": false,
  "hasUser": true,
  "id": "mock-unit-id",
  "userSub": "mock-user-sub",
}
[90mstdout[2m | src/components/Editor3/plugins/CustomAIPlugin.stories.tsx[2m > [22m[2mEditor: With Questions & Criteria
[22m[39m[UnitContext] Fetching unit data for id: mock-unit-id
[90mstdout[2m | src/components/Editor3/plugins/CustomAIPlugin.stories.tsx[2m > [22m[2mEditor: With Questions & Criteria
[22m[39m[FilesContext] Initializing vector store from IndexedDB
[90mstdout[2m | src/components/Editor3/plugins/CustomAIPlugin.stories.tsx[2m > [22m[2mEditor: With Questions & Criteria
[22m[39m[FilesContext] fetchFiles called
[90mstdout[2m | src/components/Editor3/plugins/CustomAIPlugin.stories.tsx[2m > [22m[2mEditor: With Questions & Criteria
[22m[39m[FilesContext] User authenticated: mock-user-sub
[90mstdout[2m | src/components/Editor3/plugins/CustomAIPlugin.stories.tsx[2m > [22m[2mEditor: With Questions & Criteria
[22m[39m[FilesContext] Identity ID: us-east-1:mock-identity-123
[90mstdout[2m | src/components/Editor3/plugins/CustomAIPlugin.stories.tsx[2m > [22m[2mEditor: With Questions & Criteria
[22m[39m[FilesContext] About to set up File observeQuery
[90mstdout[2m | src/components/Editor3/plugins/CustomAIPlugin.stories.tsx[2m > [22m[2mEditor: With Questions & Criteria
[22m[39m[ChatContext] Setting up AssistantChat observeQuery
[90mstdout[2m | src/components/Editor3/plugins/CustomAIPlugin.stories.tsx[2m > [22m[2mEditor: With Questions & Criteria
[22m[39m[ChatContext] Waiting for subscription to initialize
[90mstdout[2m | src/components/Editor3/plugins/CustomAIPlugin.stories.tsx[2m > [22m[2mEditor: With Questions & Criteria
[22m[39m[SettingsContext] Setting up Settings subscription for user: mock-user-sub
[90mstdout[2m | src/components/Editor3/plugins/CustomAIPlugin.stories.tsx[2m > [22m[2mEditor: With Questions & Criteria
[22m[39m[Mock Data] Settings created: mock-settings-1790418908288 - notified 0 subscribers
[90mstdout[2m | src/components/Editor3/plugins/CustomAIPlugin.stories.tsx[2m > [22m[2mEditor: With Questions & Criteria
[22m[39m[Mock Data] Unit.onUpdate() subscription added. Total: 1
[90mstdout[2m | src/components/Editor3/plugins/CustomAIPlugin.stories.tsx[2m > [22m[2mEditor: With Questions & Criteria
[22m[39m[SectionContext] Section observeQuery update: 0
[90mstdout[2m | src/components/Editor3/plugins/CustomAIPlugin.stories.tsx[2m > [22m[2mEditor: With Questions & Criteria
[22m[39m[FilesContext] File observeQuery update: 0 files
[90mstdout[2m | src/components/Editor3/plugins/CustomAIPlugin.stories.tsx[2m > [22m[2mEditor: With Questions & Criteria
[22m[39m[MOCK CourseVectorStore] Initialized with mock data
[90mstdout[2m | src/components/Editor3/plugins/CustomAIPlugin.stories.tsx[2m > [22m[2mEditor: With Questions & Criteria
[22m[39m[ChatContext] AssistantChat initialized with 0 chats
[90mstdout[2m | src/components/Editor3/plugins/CustomAIPlugin.stories.tsx[2m > [22m[2mEditor: With Questions & Criteria
[22m[39m[Mock Storage] downloadData called with: undefined
[90mstdout[2m | src/components/Editor3/plugins/CustomAIPlugin.stories.tsx[2m > [22m[2mEditor: With Questions & Criteria
[22m[39m[ChatContext] No current chat available, will create one
[90mstdout[2m | src/components/Editor3/plugins/CustomAIPlugin.stories.tsx[2m > [22m[2mEditor: With Questions & Criteria
[22m[39m[ChatContext] Creating AssistantChat with user: undefined
[90mstdout[2m | src/components/Editor3/plugins/CustomAIPlugin.stories.tsx[2m > [22m[2mEditor: With Questions & Criteria
[22m[39m[Mock Data] AssistantChat created: mock-assistantchat-1790418908301 - notified 1 subscribers
[90mstdout[2m | src/components/Editor3/plugins/CustomAIPlugin.stories.tsx[2m > [22m[2mEditor: With Questions & Criteria
[22m[39m[ChatContext] Create result: {
  "data": {
    "_version": 1,
    "archived": false,
    "chatFiles": [Function anonymous],
    "createdAt": "2026-09-26T10:35:08.301Z",
    "id": "mock-assistantchat-1790418908301",
    "model": "gpt-4",
    "updatedAt": "2026-09-26T10:35:08.301Z",
  },
  "errors": [],
  "hasData": true,
  "hasErrors": true,
}
[90mstdout[2m | src/components/Editor3/plugins/CustomAIPlugin.stories.tsx[2m > [22m[2mEditor: With Questions & Criteria
[22m[39m[ChatContext] Created AssistantChat: mock-assistantchat-1790418908301 at: 2026-09-26T10:35:08.301Z
[90mstdout[2m | src/components/Editor3/plugins/CustomAIPlugin.stories.tsx[2m > [22m[2mEditor: With Questions & Criteria
[22m[39m[ChatContext] Setting initial chat: mock-assistantchat-1790418908301
[90mstdout[2m | src/components/Editor3/plugins/CustomAIPlugin.stories.tsx[2m > [22m[2mEditor: With Questions & Criteria
[22m[39m[ChatContext] Chat exists and not archived, skipping creation
[90mstdout[2m | src/components/Editor3/plugins/CustomAIPlugin.stories.tsx[2m > [22m[2mStudent: Text Input Mode
[22m[39m[ChatContext] Cleaning up subscriptions
[90mstdout[2m | src/components/Editor3/plugins/CustomAIPlugin.stories.tsx[2m > [22m[2mStudent: Text Input Mode
[22m[39m[Mock Data] Unit.onUpdate() subscription removed. Remaining: 0
[90mstdout[2m | src/components/Editor3/plugins/CustomAIPlugin.stories.tsx[2m > [22m[2mStudent: Text Input Mode
[22m[39m[Preview] Skipped initializing default mock data (initializeMockData=false)
[90mstdout[2m | src/components/Editor3/plugins/CustomAIPlugin.stories.tsx[2m > [22m[2mStudent: Text Input Mode
[22m[39m[MOCK CourseVectorStore] Initialized with mock data
[90mstdout[2m | src/components/Editor3/plugins/CustomAIPlugin.stories.tsx[2m > [22m[2mStudent: Text Input Mode
[22m[39m[Mock Data] seedMockUnit: Adding unit mock-unit-id
[90mstdout[2m | src/components/Editor3/plugins/CustomAIPlugin.stories.tsx[2m > [22m[2mStudent: Text Input Mode
[22m[39m[TranslationModeController] Setting mode to: off
[90mstdout[2m | src/components/Editor3/plugins/CustomAIPlugin.stories.tsx[2m > [22m[2mStudent: Text Input Mode
[22m[39m[UnitContext] useEffect triggered {
  "authLoading": false,
  "hasUser": true,
  "id": "mock-unit-id",
  "userSub": "mock-user-sub",
}
[90mstdout[2m | src/components/Editor3/plugins/CustomAIPlugin.stories.tsx[2m > [22m[2mStudent: Text Input Mode
[22m[39m[UnitContext] Fetching unit data for id: mock-unit-id
[90mstdout[2m | src/components/Editor3/plugins/CustomAIPlugin.stories.tsx[2m > [22m[2mStudent: Text Input Mode
[22m[39m[FilesContext] Initializing vector store from IndexedDB
[90mstdout[2m | src/components/Editor3/plugins/CustomAIPlugin.stories.tsx[2m > [22m[2mStudent: Text Input Mode
[22m[39m[FilesContext] fetchFiles called
[90mstdout[2m | src/components/Editor3/plugins/CustomAIPlugin.stories.tsx[2m > [22m[2mStudent: Text Input Mode
[22m[39m[FilesContext] User authenticated: mock-user-sub
[90mstdout[2m | src/components/Editor3/plugins/CustomAIPlugin.stories.tsx[2m > [22m[2mStudent: Text Input Mode
[22m[39m[FilesContext] Identity ID: us-east-1:mock-identity-123
[90mstdout[2m | src/components/Editor3/plugins/CustomAIPlugin.stories.tsx[2m > [22m[2mStudent: Text Input Mode
[22m[39m[FilesContext] About to set up File observeQuery
[90mstdout[2m | src/components/Editor3/plugins/CustomAIPlugin.stories.tsx[2m > [22m[2mStudent: Text Input Mode
[22m[39m[ChatContext] Setting up AssistantChat observeQuery
[90mstdout[2m | src/components/Editor3/plugins/CustomAIPlugin.stories.tsx[2m > [22m[2mStudent: Text Input Mode
[22m[39m[ChatContext] Waiting for subscription to initialize
[90mstdout[2m | src/components/Editor3/plugins/CustomAIPlugin.stories.tsx[2m > [22m[2mStudent: Text Input Mode
[22m[39m[SettingsContext] Setting up Settings subscription for user: mock-user-sub
[90mstdout[2m | src/components/Editor3/plugins/CustomAIPlugin.stories.tsx[2m > [22m[2mStudent: Text Input Mode
[22m[39m[Mock Data] Settings created: mock-settings-1790418908436 - notified 0 subscribers
[90mstdout[2m | src/components/Editor3/plugins/CustomAIPlugin.stories.tsx[2m > [22m[2mStudent: Text Input Mode
[22m[39m[Mock Data] Unit.onUpdate() subscription added. Total: 1
[90mstdout[2m | src/components/Editor3/plugins/CustomAIPlugin.stories.tsx[2m > [22m[2mStudent: Text Input Mode
[22m[39m[SectionContext] Section observeQuery update: 0
[90mstdout[2m | src/components/Editor3/plugins/CustomAIPlugin.stories.tsx[2m > [22m[2mStudent: Text Input Mode
[22m[39m[FilesContext] File observeQuery update: 0 files
[90mstdout[2m | src/components/Editor3/plugins/CustomAIPlugin.stories.tsx[2m > [22m[2mStudent: Text Input Mode
[22m[39m[ChatContext] AssistantChat initialized with 0 chats
[90mstdout[2m | src/components/Editor3/plugins/CustomAIPlugin.stories.tsx[2m > [22m[2mStudent: Text Input Mode
[22m[39m[Mock Storage] downloadData called with: undefined
[90mstdout[2m | src/components/Editor3/plugins/CustomAIPlugin.stories.tsx[2m > [22m[2mStudent: Text Input Mode
[22m[39m[MOCK CourseVectorStore] Initialized with mock data
[90mstdout[2m | src/components/Editor3/plugins/CustomAIPlugin.stories.tsx[2m > [22m[2mStudent: Text Input Mode
[22m[39m[ChatContext] No current chat available, will create one
[90mstdout[2m | src/components/Editor3/plugins/CustomAIPlugin.stories.tsx[2m > [22m[2mStudent: Text Input Mode
[22m[39m[ChatContext] Creating AssistantChat with user: undefined
[90mstdout[2m | src/components/Editor3/plugins/CustomAIPlugin.stories.tsx[2m > [22m[2mStudent: Text Input Mode
[22m[39m[Mock Data] AssistantChat created: mock-assistantchat-1790418908451 - notified 1 subscribers
[90mstdout[2m | src/components/Editor3/plugins/CustomAIPlugin.stories.tsx[2m > [22m[2mStudent: Text Input Mode
[22m[39m[ChatContext] Create result: {
  "data": {
    "_version": 1,
    "archived": false,
    "chatFiles": [Function anonymous],
    "createdAt": "2026-09-26T10:35:08.451Z",
    "id": "mock-assistantchat-1790418908451",
    "model": "gpt-4",
    "updatedAt": "2026-09-26T10:35:08.451Z",
  },
  "errors": [],
  "hasData": true,
  "hasErrors": true,
}
[90mstdout[2m | src/components/Editor3/plugins/CustomAIPlugin.stories.tsx[2m > [22m[2mStudent: Text Input Mode
[22m[39m[ChatContext] Created AssistantChat: mock-assistantchat-1790418908451 at: 2026-09-26T10:35:08.451Z
[90mstdout[2m | src/components/Editor3/plugins/CustomAIPlugin.stories.tsx[2m > [22m[2mStudent: Text Input Mode
[22m[39m[ChatContext] Setting initial chat: mock-assistantchat-1790418908451
[90mstdout[2m | src/components/Editor3/plugins/CustomAIPlugin.stories.tsx[2m > [22m[2mStudent: Text Input Mode
[22m[39m[ChatContext] Chat exists and not archived, skipping creation
[90mstdout[2m | src/components/Editor3/plugins/CustomAIPlugin.stories.tsx[2m > [22m[2mStudent: All Input Modes
[22m[39m[ChatContext] Cleaning up subscriptions
[90mstdout[2m | src/components/Editor3/plugins/CustomAIPlugin.stories.tsx[2m > [22m[2mStudent: All Input Modes
[22m[39m[Mock Data] Unit.onUpdate() subscription removed. Remaining: 0
[90mstdout[2m | src/components/Editor3/plugins/CustomAIPlugin.stories.tsx[2m > [22m[2mStudent: All Input Modes
[22m[39m[Preview] Skipped initializing default mock data (initializeMockData=false)
[90mstdout[2m | src/components/Editor3/plugins/CustomAIPlugin.stories.tsx[2m > [22m[2mStudent: All Input Modes
[22m[39m[MOCK CourseVectorStore] Initialized with mock data
[90mstdout[2m | src/components/Editor3/plugins/CustomAIPlugin.stories.tsx[2m > [22m[2mStudent: All Input Modes
[22m[39m[Mock Data] seedMockUnit: Adding unit mock-unit-id
[90mstdout[2m | src/components/Editor3/plugins/CustomAIPlugin.stories.tsx[2m > [22m[2mStudent: All Input Modes
[22m[39m[TranslationModeController] Setting mode to: off
[90mstdout[2m | src/components/Editor3/plugins/CustomAIPlugin.stories.tsx[2m > [22m[2mStudent: All Input Modes
[22m[39m[UnitContext] useEffect triggered {
  "authLoading": false,
  "hasUser": true,
  "id": "mock-unit-id",
  "userSub": "mock-user-sub",
}
[90mstdout[2m | src/components/Editor3/plugins/CustomAIPlugin.stories.tsx[2m > [22m[2mStudent: All Input Modes
[22m[39m[UnitContext] Fetching unit data for id: mock-unit-id
[90mstdout[2m | src/components/Editor3/plugins/CustomAIPlugin.stories.tsx[2m > [22m[2mStudent: All Input Modes
[22m[39m[FilesContext] Initializing vector store from IndexedDB
[90mstdout[2m | src/components/Editor3/plugins/CustomAIPlugin.stories.tsx[2m > [22m[2mStudent: All Input Modes
[22m[39m[FilesContext] fetchFiles called
[90mstdout[2m | src/components/Editor3/plugins/CustomAIPlugin.stories.tsx[2m > [22m[2mStudent: All Input Modes
[22m[39m[FilesContext] User authenticated: mock-user-sub
[90mstdout[2m | src/components/Editor3/plugins/CustomAIPlugin.stories.tsx[2m > [22m[2mStudent: All Input Modes
[22m[39m[FilesContext] Identity ID: us-east-1:mock-identity-123
[90mstdout[2m | src/components/Editor3/plugins/CustomAIPlugin.stories.tsx[2m > [22m[2mStudent: All Input Modes
[22m[39m[FilesContext] About to set up File observeQuery
[90mstdout[2m | src/components/Editor3/plugins/CustomAIPlugin.stories.tsx[2m > [22m[2mStudent: All Input Modes
[22m[39m[ChatContext] Setting up AssistantChat observeQuery
[90mstdout[2m | src/components/Editor3/plugins/CustomAIPlugin.stories.tsx[2m > [22m[2mStudent: All Input Modes
[22m[39m[ChatContext] Waiting for subscription to initialize
[90mstdout[2m | src/components/Editor3/plugins/CustomAIPlugin.stories.tsx[2m > [22m[2mStudent: All Input Modes
[22m[39m[SettingsContext] Setting up Settings subscription for user: mock-user-sub
[90mstdout[2m | src/components/Editor3/plugins/CustomAIPlugin.stories.tsx[2m > [22m[2mStudent: All Input Modes
[22m[39m[Mock Data] Settings created: mock-settings-1790418908666 - notified 0 subscribers
[90mstdout[2m | src/components/Editor3/plugins/CustomAIPlugin.stories.tsx[2m > [22m[2mStudent: All Input Modes
[22m[39m[Mock Data] Unit.onUpdate() subscription added. Total: 1
[90mstdout[2m | src/components/Editor3/plugins/CustomAIPlugin.stories.tsx[2m > [22m[2mStudent: All Input Modes
[22m[39m[SectionContext] Section observeQuery update: 0
[90mstdout[2m | src/components/Editor3/plugins/CustomAIPlugin.stories.tsx[2m > [22m[2mStudent: All Input Modes
[22m[39m[FilesContext] File observeQuery update: 0 files
[90mstdout[2m | src/components/Editor3/plugins/CustomAIPlugin.stories.tsx[2m > [22m[2mStudent: All Input Modes
[22m[39m[ChatContext] AssistantChat initialized with 0 chats
[90mstdout[2m | src/components/Editor3/plugins/CustomAIPlugin.stories.tsx[2m > [22m[2mStudent: All Input Modes
[22m[39m[MOCK CourseVectorStore] Initialized with mock data
[90mstdout[2m | src/components/Editor3/plugins/CustomAIPlugin.stories.tsx[2m > [22m[2mStudent: All Input Modes
[22m[39m[ChatContext] No current chat available, will create one
[90mstdout[2m | src/components/Editor3/plugins/CustomAIPlugin.stories.tsx[2m > [22m[2mStudent: All Input Modes
[22m[39m[ChatContext] Creating AssistantChat with user: undefined
[90mstdout[2m | src/components/Editor3/plugins/CustomAIPlugin.stories.tsx[2m > [22m[2mStudent: All Input Modes
[22m[39m[Mock Data] AssistantChat created: mock-assistantchat-1790418908729 - notified 1 subscribers
[90mstdout[2m | src/components/Editor3/plugins/CustomAIPlugin.stories.tsx[2m > [22m[2mStudent: All Input Modes
[22m[39m[ChatContext] Create result: {
  "data": {
    "_version": 1,
    "archived": false,
    "chatFiles": [Function anonymous],
    "createdAt": "2026-09-26T10:35:08.729Z",
    "id": "mock-assistantchat-1790418908729",
    "model": "gpt-4",
    "updatedAt": "2026-09-26T10:35:08.729Z",
  },
  "errors": [],
  "hasData": true,
  "hasErrors": true,
}
[90mstdout[2m | src/components/Editor3/plugins/CustomAIPlugin.stories.tsx[2m > [22m[2mStudent: All Input Modes
[22m[39m[ChatContext] Created AssistantChat: mock-assistantchat-1790418908729 at: 2026-09-26T10:35:08.729Z
[90mstdout[2m | src/components/Editor3/plugins/CustomAIPlugin.stories.tsx[2m > [22m[2mStudent: All Input Modes
[22m[39m[Mock Storage] downloadData called with: undefined
[90mstdout[2m | src/components/Editor3/plugins/CustomAIPlugin.stories.tsx[2m > [22m[2mStudent: All Input Modes
[22m[39m[ChatContext] Setting initial chat: mock-assistantchat-1790418908729
[90mstdout[2m | src/components/Editor3/plugins/CustomAIPlugin.stories.tsx[2m > [22m[2mStudent: All Input Modes
[22m[39m[ChatContext] Chat exists and not archived, skipping creation
[90mstdout[2m | src/components/Editor3/plugins/CustomAIPlugin.stories.tsx[2m > [22m[2mEditor: Empty Block (No Questions)
[22m[39m[ChatContext] Cleaning up subscriptions
[90mstdout[2m | src/components/Editor3/plugins/CustomAIPlugin.stories.tsx[2m > [22m[2mEditor: Empty Block (No Questions)
[22m[39m[Mock Data] Unit.onUpdate() subscription removed. Remaining: 0
[90mstdout[2m | src/components/Editor3/plugins/CustomAIPlugin.stories.tsx[2m > [22m[2mEditor: Empty Block (No Questions)
[22m[39m[Preview] Skipped initializing default mock data (initializeMockData=false)
[90mstdout[2m | src/components/Editor3/plugins/CustomAIPlugin.stories.tsx[2m > [22m[2mEditor: Empty Block (No Questions)
[22m[39m[MOCK CourseVectorStore] Initialized with mock data
[90mstdout[2m | src/components/Editor3/plugins/CustomAIPlugin.stories.tsx[2m > [22m[2mEditor: Empty Block (No Questions)
[22m[39m[Mock Data] seedMockUnit: Adding unit mock-unit-id
[90mstdout[2m | src/components/Editor3/plugins/CustomAIPlugin.stories.tsx[2m > [22m[2mEditor: Empty Block (No Questions)
[22m[39m[TranslationModeController] Setting mode to: off
[90mstdout[2m | src/components/Editor3/plugins/CustomAIPlugin.stories.tsx[2m > [22m[2mEditor: Empty Block (No Questions)
[22m[39m[UnitContext] useEffect triggered {
  "authLoading": false,
  "hasUser": true,
  "id": "mock-unit-id",
  "userSub": "mock-user-sub",
}
[90mstdout[2m | src/components/Editor3/plugins/CustomAIPlugin.stories.tsx[2m > [22m[2mEditor: Empty Block (No Questions)
[22m[39m[UnitContext] Fetching unit data for id: mock-unit-id
[90mstdout[2m | src/components/Editor3/plugins/CustomAIPlugin.stories.tsx[2m > [22m[2mEditor: Empty Block (No Questions)
[22m[39m[FilesContext] Initializing vector store from IndexedDB
[90mstdout[2m | src/components/Editor3/plugins/CustomAIPlugin.stories.tsx[2m > [22m[2mEditor: Empty Block (No Questions)
[22m[39m[FilesContext] fetchFiles called
[90mstdout[2m | src/components/Editor3/plugins/CustomAIPlugin.stories.tsx[2m > [22m[2mEditor: Empty Block (No Questions)
[22m[39m[FilesContext] User authenticated: mock-user-sub
[90mstdout[2m | src/components/Editor3/plugins/CustomAIPlugin.stories.tsx[2m > [22m[2mEditor: Empty Block (No Questions)
[22m[39m[FilesContext] Identity ID: us-east-1:mock-identity-123
[90mstdout[2m | src/components/Editor3/plugins/CustomAIPlugin.stories.tsx[2m > [22m[2mEditor: Empty Block (No Questions)
[22m[39m[FilesContext] About to set up File observeQuery
[90mstdout[2m | src/components/Editor3/plugins/CustomAIPlugin.stories.tsx[2m > [22m[2mEditor: Empty Block (No Questions)
[22m[39m[ChatContext] Setting up AssistantChat observeQuery
[90mstdout[2m | src/components/Editor3/plugins/CustomAIPlugin.stories.tsx[2m > [22m[2mEditor: Empty Block (No Questions)
[22m[39m[ChatContext] Waiting for subscription to initialize
[90mstdout[2m | src/components/Editor3/plugins/CustomAIPlugin.stories.tsx[2m > [22m[2mEditor: Empty Block (No Questions)
[22m[39m[SettingsContext] Setting up Settings subscription for user: mock-user-sub
[90mstdout[2m | src/components/Editor3/plugins/CustomAIPlugin.stories.tsx[2m > [22m[2mEditor: Empty Block (No Questions)
[22m[39m[Mock Data] Settings created: mock-settings-1790418908903 - notified 0 subscribers
[90mstdout[2m | src/components/Editor3/plugins/CustomAIPlugin.stories.tsx[2m > [22m[2mEditor: Empty Block (No Questions)
[22m[39m[Mock Data] Unit.onUpdate() subscription added. Total: 1
[90mstdout[2m | src/components/Editor3/plugins/CustomAIPlugin.stories.tsx[2m > [22m[2mEditor: Empty Block (No Questions)
[22m[39m[SectionContext] Section observeQuery update: 0
[90mstdout[2m | src/components/Editor3/plugins/CustomAIPlugin.stories.tsx[2m > [22m[2mEditor: Empty Block (No Questions)
[22m[39m[FilesContext] File observeQuery update: 0 files
[90mstdout[2m | src/components/Editor3/plugins/CustomAIPlugin.stories.tsx[2m > [22m[2mEditor: Empty Block (No Questions)
[22m[39m[ChatContext] AssistantChat initialized with 0 chats
[90mstdout[2m | src/components/Editor3/plugins/CustomAIPlugin.stories.tsx[2m > [22m[2mEditor: Empty Block (No Questions)
[22m[39m[MOCK CourseVectorStore] Initialized with mock data
[90mstdout[2m | src/components/Editor3/plugins/CustomAIPlugin.stories.tsx[2m > [22m[2mEditor: Empty Block (No Questions)
[22m[39m[ChatContext] No current chat available, will create one
[90mstdout[2m | src/components/Editor3/plugins/CustomAIPlugin.stories.tsx[2m > [22m[2mEditor: Empty Block (No Questions)
[22m[39m[ChatContext] Creating AssistantChat with user: undefined
[90mstdout[2m | src/components/Editor3/plugins/CustomAIPlugin.stories.tsx[2m > [22m[2mEditor: Empty Block (No Questions)
[22m[39m[Mock Data] AssistantChat created: mock-assistantchat-1790418908933 - notified 1 subscribers
[90mstdout[2m | src/components/Editor3/plugins/CustomAIPlugin.stories.tsx[2m > [22m[2mEditor: Empty Block (No Questions)
[22m[39m[ChatContext] Create result: {
  "data": {
    "_version": 1,
    "archived": false,
    "chatFiles": [Function anonymous],
    "createdAt": "2026-09-26T10:35:08.933Z",
    "id": "mock-assistantchat-1790418908933",
    "model": "gpt-4",
    "updatedAt": "2026-09-26T10:35:08.933Z",
  },
  "errors": [],
  "hasData": true,
  "hasErrors": true,
}
[90mstdout[2m | src/components/Editor3/plugins/CustomAIPlugin.stories.tsx[2m > [22m[2mEditor: Empty Block (No Questions)
[22m[39m[ChatContext] Created AssistantChat: mock-assistantchat-1790418908933 at: 2026-09-26T10:35:08.933Z
[90mstdout[2m | src/components/Editor3/plugins/CustomAIPlugin.stories.tsx[2m > [22m[2mEditor: Empty Block (No Questions)
[22m[39m[Mock Storage] downloadData called with: undefined
[90mstdout[2m | src/components/Editor3/plugins/CustomAIPlugin.stories.tsx[2m > [22m[2mEditor: Empty Block (No Questions)
[22m[39m[ChatContext] Setting initial chat: mock-assistantchat-1790418908933
[90mstdout[2m | src/components/Editor3/plugins/CustomAIPlugin.stories.tsx[2m > [22m[2mEditor: Empty Block (No Questions)
[22m[39m[ChatContext] Chat exists and not archived, skipping creation
 [32m✓[39m [30m[45m storybook (chromium) [49m[39m src/components/Editor3/plugins/CustomAIPlugin.stories.tsx [2m([22m[2m5 tests[22m[2m)[22m[33m 936[2mms[22m[39m
   [33m[2m✓[22m[39m Student: All Input Modes [33m 308[2mms[22m[39m
[90mstdout[2m | unknown test
[22m[39m[MOCK vectorStoreDB.js] Module loaded - mock IndexedDB operations
[90mstdout[2m | unknown test
[22m[39m[Task Completion] DOM action listeners initialized
[90mstdout[2m | unknown test
[22m[39m[Task Completion] Auto-completion detector initialized
[90mstdout[2m | unknown test
[22m[39m[Preview] Task completion detector initialized
[90mstdout[2m | src/components/AvatarEditor.stories.tsx[2m > [22m[2mDefault
[22m[39m[MOCK CourseVectorStore] Initialized with mock data
[90mstdout[2m | src/components/AvatarEditor.stories.tsx[2m > [22m[2mDefault
[22m[39m[TranslationModeController] Setting mode to: off
[90mstdout[2m | src/components/AvatarEditor.stories.tsx[2m > [22m[2mDefault
[22m[39m[UnitContext] useEffect triggered {
  "authLoading": false,
  "hasUser": true,
  "id": "mock-unit-id",
  "userSub": "mock-user-sub",
}
[90mstdout[2m | src/components/AvatarEditor.stories.tsx[2m > [22m[2mDefault
[22m[39m[UnitContext] Fetching unit data for id: mock-unit-id
[90mstdout[2m | src/components/AvatarEditor.stories.tsx[2m > [22m[2mDefault
[22m[39m[FilesContext] Initializing vector store from IndexedDB
[90mstdout[2m | src/components/AvatarEditor.stories.tsx[2m > [22m[2mDefault
[22m[39m[FilesContext] fetchFiles called
[90mstdout[2m | src/components/AvatarEditor.stories.tsx[2m > [22m[2mDefault
[22m[39m[FilesContext] User authenticated: mock-user-sub
[90mstdout[2m | src/components/AvatarEditor.stories.tsx[2m > [22m[2mDefault
[22m[39m[FilesContext] Identity ID: us-east-1:mock-identity-123
[90mstdout[2m | src/components/AvatarEditor.stories.tsx[2m > [22m[2mDefault
[22m[39m[FilesContext] About to set up File observeQuery
[90mstdout[2m | src/components/AvatarEditor.stories.tsx[2m > [22m[2mDefault
[22m[39m[ChatContext] Setting up AssistantChat observeQuery
[90mstdout[2m | src/components/AvatarEditor.stories.tsx[2m > [22m[2mDefault
[22m[39m[ChatContext] Waiting for subscription to initialize
[90mstdout[2m | src/components/AvatarEditor.stories.tsx[2m > [22m[2mDefault
[22m[39m[SettingsContext] Setting up Settings subscription for user: mock-user-sub
[90mstdout[2m | src/components/AvatarEditor.stories.tsx[2m > [22m[2mDefault
[22m[39m[Mock Data] Settings created: mock-settings-1790418909749 - notified 0 subscribers
[90mstdout[2m | src/components/AvatarEditor.stories.tsx[2m > [22m[2mDefault
[22m[39m[Mock Data] Unit.onUpdate() subscription added. Total: 1
[90mstdout[2m | src/components/AvatarEditor.stories.tsx[2m > [22m[2mDefault
[22m[39m[SectionContext] Section observeQuery update: 0
[90mstdout[2m | src/components/AvatarEditor.stories.tsx[2m > [22m[2mDefault
[22m[39m[FilesContext] File observeQuery update: 6 files
[90mstdout[2m | src/components/AvatarEditor.stories.tsx[2m > [22m[2mDefault
[22m[39m[ChatContext] AssistantChat initialized with 1 chats
[90mstdout[2m | src/components/AvatarEditor.stories.tsx[2m > [22m[2mDefault
[22m[39m[ChatContext] Setting initial chat: mock-assistant-chat-1
[90mstdout[2m | src/components/AvatarEditor.stories.tsx[2m > [22m[2mDefault
[22m[39m[MOCK CourseVectorStore] Initialized with mock data
[90mstdout[2m | src/components/AvatarEditor.stories.tsx[2m > [22m[2mDefault
[22m[39m[FilesContext] Vector store population triggered {
  "currentVectorStoreSize": 3,
  "documentsCount": 0,
  "filesCount": 6,
  "isInitialLoad": true,
}
[90mstdout[2m | src/components/AvatarEditor.stories.tsx[2m > [22m[2mDefault
[22m[39m[FilesContext] Vector store population complete - 3 total embeddings
[90mstdout[2m | src/components/AvatarEditor.stories.tsx[2m > [22m[2mDefault
[22m[39m[ChatContext] Chat exists and not archived, skipping creation
[90mstdout[2m | src/components/AvatarEditor.stories.tsx[2m > [22m[2mDefault
[22m[39m[Mock Storage] downloadData called with: undefined
[90mstdout[2m | src/components/AvatarEditor.stories.tsx[2m > [22m[2mDefault
[22m[39mfilterWords {
  "filter": "",
  "wordsCount": 0,
}
[90mstdout[2m | src/components/AvatarEditor.stories.tsx[2m > [22m[2mLevel 1
[22m[39m[ChatContext] Cleaning up subscriptions
[90mstdout[2m | src/components/AvatarEditor.stories.tsx[2m > [22m[2mLevel 1
[22m[39m[Mock Data] Unit.onUpdate() subscription removed. Remaining: 0
[90mstdout[2m | src/components/AvatarEditor.stories.tsx[2m > [22m[2mLevel 1
[22m[39m[MOCK CourseVectorStore] Initialized with mock data
[90mstdout[2m | src/components/AvatarEditor.stories.tsx[2m > [22m[2mLevel 1
[22m[39m[TranslationModeController] Setting mode to: off
[90mstdout[2m | src/components/AvatarEditor.stories.tsx[2m > [22m[2mLevel 1
[22m[39m[UnitContext] useEffect triggered {
  "authLoading": false,
  "hasUser": true,
  "id": "mock-unit-id",
  "userSub": "mock-user-sub",
}
[90mstdout[2m | src/components/AvatarEditor.stories.tsx[2m > [22m[2mLevel 1
[22m[39m[UnitContext] Fetching unit data for id: mock-unit-id
[90mstdout[2m | src/components/AvatarEditor.stories.tsx[2m > [22m[2mLevel 1
[22m[39m[FilesContext] Initializing vector store from IndexedDB
[90mstdout[2m | src/components/AvatarEditor.stories.tsx[2m > [22m[2mLevel 1
[22m[39m[FilesContext] fetchFiles called
[90mstdout[2m | src/components/AvatarEditor.stories.tsx[2m > [22m[2mLevel 1
[22m[39m[FilesContext] User authenticated: mock-user-sub
[90mstdout[2m | src/components/AvatarEditor.stories.tsx[2m > [22m[2mLevel 1
[22m[39m[FilesContext] Identity ID: us-east-1:mock-identity-123
[90mstdout[2m | src/components/AvatarEditor.stories.tsx[2m > [22m[2mLevel 1
[22m[39m[FilesContext] About to set up File observeQuery
[90mstdout[2m | src/components/AvatarEditor.stories.tsx[2m > [22m[2mLevel 1
[22m[39m[ChatContext] Setting up AssistantChat observeQuery
[90mstdout[2m | src/components/AvatarEditor.stories.tsx[2m > [22m[2mLevel 1
[22m[39m[ChatContext] Waiting for subscription to initialize
[90mstdout[2m | src/components/AvatarEditor.stories.tsx[2m > [22m[2mLevel 1
[22m[39m[SettingsContext] Setting up Settings subscription for user: mock-user-sub
[90mstdout[2m | src/components/AvatarEditor.stories.tsx[2m > [22m[2mLevel 1
[22m[39m[Mock Data] Settings created: mock-settings-1790418909966 - notified 0 subscribers
[90mstdout[2m | src/components/AvatarEditor.stories.tsx[2m > [22m[2mLevel 1
[22m[39m[Mock Data] Unit.onUpdate() subscription added. Total: 1
[90mstdout[2m | src/components/AvatarEditor.stories.tsx[2m > [22m[2mLevel 1
[22m[39m[SectionContext] Section observeQuery update: 0
[90mstdout[2m | src/components/AvatarEditor.stories.tsx[2m > [22m[2mLevel 1
[22m[39m[FilesContext] File observeQuery update: 6 files
[90mstdout[2m | src/components/AvatarEditor.stories.tsx[2m > [22m[2mLevel 1
[22m[39m[ChatContext] AssistantChat initialized with 1 chats
[90mstdout[2m | src/components/AvatarEditor.stories.tsx[2m > [22m[2mLevel 1
[22m[39m[ChatContext] Setting initial chat: mock-assistant-chat-1
[90mstdout[2m | src/components/AvatarEditor.stories.tsx[2m > [22m[2mLevel 1
[22m[39m[MOCK CourseVectorStore] Initialized with mock data
[90mstdout[2m | src/components/AvatarEditor.stories.tsx[2m > [22m[2mLevel 1
[22m[39m[FilesContext] Vector store population triggered {
  "currentVectorStoreSize": 3,
  "documentsCount": 0,
  "filesCount": 6,
  "isInitialLoad": true,
}
[90mstdout[2m | src/components/AvatarEditor.stories.tsx[2m > [22m[2mLevel 1
[22m[39m[FilesContext] Vector store population complete - 3 total embeddings
[90mstdout[2m | src/components/AvatarEditor.stories.tsx[2m > [22m[2mLevel 1
[22m[39m[ChatContext] Chat exists and not archived, skipping creation
[90mstdout[2m | src/components/AvatarEditor.stories.tsx[2m > [22m[2mLevel 1
[22m[39m[Mock Storage] downloadData called with: undefined
[90mstdout[2m | src/components/AvatarEditor.stories.tsx[2m > [22m[2mLevel 2 Detailed
[22m[39m[ChatContext] Cleaning up subscriptions
[90mstdout[2m | src/components/AvatarEditor.stories.tsx[2m > [22m[2mLevel 2 Detailed
[22m[39m[Mock Data] Unit.onUpdate() subscription removed. Remaining: 0
[90mstdout[2m | src/components/AvatarEditor.stories.tsx[2m > [22m[2mLevel 2 Detailed
[22m[39m[MOCK CourseVectorStore] Initialized with mock data
[90mstdout[2m | src/components/AvatarEditor.stories.tsx[2m > [22m[2mLevel 2 Detailed
[22m[39m[TranslationModeController] Setting mode to: off
[90mstdout[2m | src/components/AvatarEditor.stories.tsx[2m > [22m[2mLevel 2 Detailed
[22m[39m[UnitContext] useEffect triggered {
  "authLoading": false,
  "hasUser": true,
  "id": "mock-unit-id",
  "userSub": "mock-user-sub",
}
[90mstdout[2m | src/components/AvatarEditor.stories.tsx[2m > [22m[2mLevel 2 Detailed
[22m[39m[UnitContext] Fetching unit data for id: mock-unit-id
[90mstdout[2m | src/components/AvatarEditor.stories.tsx[2m > [22m[2mLevel 2 Detailed
[22m[39m[FilesContext] Initializing vector store from IndexedDB
[90mstdout[2m | src/components/AvatarEditor.stories.tsx[2m > [22m[2mLevel 2 Detailed
[22m[39m[FilesContext] fetchFiles called
[90mstdout[2m | src/components/AvatarEditor.stories.tsx[2m > [22m[2mLevel 2 Detailed
[22m[39m[FilesContext] User authenticated: mock-user-sub
[90mstdout[2m | src/components/AvatarEditor.stories.tsx[2m > [22m[2mLevel 2 Detailed
[22m[39m[FilesContext] Identity ID: us-east-1:mock-identity-123
[90mstdout[2m | src/components/AvatarEditor.stories.tsx[2m > [22m[2mLevel 2 Detailed
[22m[39m[FilesContext] About to set up File observeQuery
[90mstdout[2m | src/components/AvatarEditor.stories.tsx[2m > [22m[2mLevel 2 Detailed
[22m[39m[ChatContext] Setting up AssistantChat observeQuery
[90mstdout[2m | src/components/AvatarEditor.stories.tsx[2m > [22m[2mLevel 2 Detailed
[22m[39m[ChatContext] Waiting for subscription to initialize
[90mstdout[2m | src/components/AvatarEditor.stories.tsx[2m > [22m[2mLevel 2 Detailed
[22m[39m[SettingsContext] Setting up Settings subscription for user: mock-user-sub
[90mstdout[2m | src/components/AvatarEditor.stories.tsx[2m > [22m[2mLevel 2 Detailed
[22m[39m[Mock Data] Settings created: mock-settings-1790418910085 - notified 0 subscribers
[90mstdout[2m | src/components/AvatarEditor.stories.tsx[2m > [22m[2mLevel 2 Detailed
[22m[39m[Mock Data] Unit.onUpdate() subscription added. Total: 1
[90mstdout[2m | src/components/AvatarEditor.stories.tsx[2m > [22m[2mLevel 2 Detailed
[22m[39m[SectionContext] Section observeQuery update: 0
[90mstdout[2m | src/components/AvatarEditor.stories.tsx[2m > [22m[2mLevel 2 Detailed
[22m[39m[FilesContext] File observeQuery update: 6 files
[90mstdout[2m | src/components/AvatarEditor.stories.tsx[2m > [22m[2mLevel 2 Detailed
[22m[39m[ChatContext] AssistantChat initialized with 1 chats
[90mstdout[2m | src/components/AvatarEditor.stories.tsx[2m > [22m[2mLevel 2 Detailed
[22m[39m[ChatContext] Setting initial chat: mock-assistant-chat-1
[90mstdout[2m | src/components/AvatarEditor.stories.tsx[2m > [22m[2mLevel 2 Detailed
[22m[39m[MOCK CourseVectorStore] Initialized with mock data
[90mstdout[2m | src/components/AvatarEditor.stories.tsx[2m > [22m[2mLevel 2 Detailed
[22m[39m[FilesContext] Vector store population triggered {
  "currentVectorStoreSize": 3,
  "documentsCount": 0,
  "filesCount": 6,
  "isInitialLoad": true,
}
[90mstdout[2m | src/components/AvatarEditor.stories.tsx[2m > [22m[2mLevel 2 Detailed
[22m[39m[FilesContext] Vector store population complete - 3 total embeddings
[90mstdout[2m | src/components/AvatarEditor.stories.tsx[2m > [22m[2mLevel 2 Detailed
[22m[39m[ChatContext] Chat exists and not archived, skipping creation
[90mstdout[2m | src/components/AvatarEditor.stories.tsx[2m > [22m[2mLevel 2 Detailed
[22m[39m[Mock Storage] downloadData called with: undefined
[90mstdout[2m | src/components/AvatarEditor.stories.tsx[2m > [22m[2mLevel 3 Toon Head
[22m[39m[ChatContext] Cleaning up subscriptions
[90mstdout[2m | src/components/AvatarEditor.stories.tsx[2m > [22m[2mLevel 3 Toon Head
[22m[39m[Mock Data] Unit.onUpdate() subscription removed. Remaining: 0
[90mstdout[2m | src/components/AvatarEditor.stories.tsx[2m > [22m[2mLevel 3 Toon Head
[22m[39m[MOCK CourseVectorStore] Initialized with mock data
[90mstdout[2m | src/components/AvatarEditor.stories.tsx[2m > [22m[2mLevel 3 Toon Head
[22m[39m[TranslationModeController] Setting mode to: off
[90mstdout[2m | src/components/AvatarEditor.stories.tsx[2m > [22m[2mLevel 3 Toon Head
[22m[39m[UnitContext] useEffect triggered {
  "authLoading": false,
  "hasUser": true,
  "id": "mock-unit-id",
  "userSub": "mock-user-sub",
}
[90mstdout[2m | src/components/AvatarEditor.stories.tsx[2m > [22m[2mLevel 3 Toon Head
[22m[39m[UnitContext] Fetching unit data for id: mock-unit-id
[90mstdout[2m | src/components/AvatarEditor.stories.tsx[2m > [22m[2mLevel 3 Toon Head
[22m[39m[FilesContext] Initializing vector store from IndexedDB
[90mstdout[2m | src/components/AvatarEditor.stories.tsx[2m > [22m[2mLevel 3 Toon Head
[22m[39m[FilesContext] fetchFiles called
[90mstdout[2m | src/components/AvatarEditor.stories.tsx[2m > [22m[2mLevel 3 Toon Head
[22m[39m[FilesContext] User authenticated: mock-user-sub
[90mstdout[2m | src/components/AvatarEditor.stories.tsx[2m > [22m[2mLevel 3 Toon Head
[22m[39m[FilesContext] Identity ID: us-east-1:mock-identity-123
[90mstdout[2m | src/components/AvatarEditor.stories.tsx[2m > [22m[2mLevel 3 Toon Head
[22m[39m[FilesContext] About to set up File observeQuery
[90mstdout[2m | src/components/AvatarEditor.stories.tsx[2m > [22m[2mLevel 3 Toon Head
[22m[39m[ChatContext] Setting up AssistantChat observeQuery
[90mstdout[2m | src/components/AvatarEditor.stories.tsx[2m > [22m[2mLevel 3 Toon Head
[22m[39m[ChatContext] Waiting for subscription to initialize
[90mstdout[2m | src/components/AvatarEditor.stories.tsx[2m > [22m[2mLevel 3 Toon Head
[22m[39m[SettingsContext] Setting up Settings subscription for user: mock-user-sub
[90mstdout[2m | src/components/AvatarEditor.stories.tsx[2m > [22m[2mLevel 3 Toon Head
[22m[39m[Mock Data] Settings created: mock-settings-1790418910192 - notified 0 subscribers
[90mstdout[2m | src/components/AvatarEditor.stories.tsx[2m > [22m[2mLevel 3 Toon Head
[22m[39m[Mock Data] Unit.onUpdate() subscription added. Total: 1
[90mstdout[2m | src/components/AvatarEditor.stories.tsx[2m > [22m[2mLevel 3 Toon Head
[22m[39m[SectionContext] Section observeQuery update: 0
[90mstdout[2m | src/components/AvatarEditor.stories.tsx[2m > [22m[2mLevel 3 Toon Head
[22m[39m[FilesContext] File observeQuery update: 6 files
[90mstdout[2m | src/components/AvatarEditor.stories.tsx[2m > [22m[2mLevel 3 Toon Head
[22m[39m[ChatContext] AssistantChat initialized with 1 chats
[90mstdout[2m | src/components/AvatarEditor.stories.tsx[2m > [22m[2mLevel 3 Toon Head
[22m[39m[ChatContext] Setting initial chat: mock-assistant-chat-1
[90mstdout[2m | src/components/AvatarEditor.stories.tsx[2m > [22m[2mLevel 3 Toon Head
[22m[39m[MOCK CourseVectorStore] Initialized with mock data
[90mstdout[2m | src/components/AvatarEditor.stories.tsx[2m > [22m[2mLevel 3 Toon Head
[22m[39m[FilesContext] Vector store population triggered {
  "currentVectorStoreSize": 3,
  "documentsCount": 0,
  "filesCount": 6,
  "isInitialLoad": true,
}
[90mstdout[2m | src/components/AvatarEditor.stories.tsx[2m > [22m[2mLevel 3 Toon Head
[22m[39m[FilesContext] Vector store population complete - 3 total embeddings
[90mstdout[2m | src/components/AvatarEditor.stories.tsx[2m > [22m[2mLevel 3 Toon Head
[22m[39m[ChatContext] Chat exists and not archived, skipping creation
[90mstdout[2m | src/components/AvatarEditor.stories.tsx[2m > [22m[2mLevel 3 Toon Head
[22m[39m[Mock Storage] downloadData called with: undefined
[90mstdout[2m | src/components/AvatarEditor.stories.tsx[2m > [22m[2mWith Overrides
[22m[39m[ChatContext] Cleaning up subscriptions
[90mstdout[2m | src/components/AvatarEditor.stories.tsx[2m > [22m[2mWith Overrides
[22m[39m[Mock Data] Unit.onUpdate() subscription removed. Remaining: 0
[90mstdout[2m | src/components/AvatarEditor.stories.tsx[2m > [22m[2mWith Overrides
[22m[39m[MOCK CourseVectorStore] Initialized with mock data
[90mstdout[2m | src/components/AvatarEditor.stories.tsx[2m > [22m[2mWith Overrides
[22m[39m[TranslationModeController] Setting mode to: off
[90mstdout[2m | src/components/AvatarEditor.stories.tsx[2m > [22m[2mWith Overrides
[22m[39m[UnitContext] useEffect triggered {
  "authLoading": false,
  "hasUser": true,
  "id": "mock-unit-id",
  "userSub": "mock-user-sub",
}
[90mstdout[2m | src/components/AvatarEditor.stories.tsx[2m > [22m[2mWith Overrides
[22m[39m[UnitContext] Fetching unit data for id: mock-unit-id
[90mstdout[2m | src/components/AvatarEditor.stories.tsx[2m > [22m[2mWith Overrides
[22m[39m[FilesContext] Initializing vector store from IndexedDB
[90mstdout[2m | src/components/AvatarEditor.stories.tsx[2m > [22m[2mWith Overrides
[22m[39m[FilesContext] fetchFiles called
[90mstdout[2m | src/components/AvatarEditor.stories.tsx[2m > [22m[2mWith Overrides
[22m[39m[FilesContext] User authenticated: mock-user-sub
[90mstdout[2m | src/components/AvatarEditor.stories.tsx[2m > [22m[2mWith Overrides
[22m[39m[FilesContext] Identity ID: us-east-1:mock-identity-123
[90mstdout[2m | src/components/AvatarEditor.stories.tsx[2m > [22m[2mWith Overrides
[22m[39m[FilesContext] About to set up File observeQuery
[90mstdout[2m | src/components/AvatarEditor.stories.tsx[2m > [22m[2mWith Overrides
[22m[39m[ChatContext] Setting up AssistantChat observeQuery
[90mstdout[2m | src/components/AvatarEditor.stories.tsx[2m > [22m[2mWith Overrides
[22m[39m[ChatContext] Waiting for subscription to initialize
[90mstdout[2m | src/components/AvatarEditor.stories.tsx[2m > [22m[2mWith Overrides
[22m[39m[SettingsContext] Setting up Settings subscription for user: mock-user-sub
[90mstdout[2m | src/components/AvatarEditor.stories.tsx[2m > [22m[2mWith Overrides
[22m[39m[Mock Data] Settings created: mock-settings-1790418910328 - notified 0 subscribers
[90mstdout[2m | src/components/AvatarEditor.stories.tsx[2m > [22m[2mWith Overrides
[22m[39m[Mock Data] Unit.onUpdate() subscription added. Total: 1
[90mstdout[2m | src/components/AvatarEditor.stories.tsx[2m > [22m[2mWith Overrides
[22m[39m[SectionContext] Section observeQuery update: 0
[90mstdout[2m | src/components/AvatarEditor.stories.tsx[2m > [22m[2mWith Overrides
[22m[39m[FilesContext] File observeQuery update: 6 files
[90mstdout[2m | src/components/AvatarEditor.stories.tsx[2m > [22m[2mWith Overrides
[22m[39m[ChatContext] AssistantChat initialized with 1 chats
[90mstdout[2m | src/components/AvatarEditor.stories.tsx[2m > [22m[2mWith Overrides
[22m[39m[ChatContext] Setting initial chat: mock-assistant-chat-1
[90mstdout[2m | src/components/AvatarEditor.stories.tsx[2m > [22m[2mWith Overrides
[22m[39m[MOCK CourseVectorStore] Initialized with mock data
[90mstdout[2m | src/components/AvatarEditor.stories.tsx[2m > [22m[2mWith Overrides
[22m[39m[FilesContext] Vector store population triggered {
  "currentVectorStoreSize": 3,
  "documentsCount": 0,
  "filesCount": 6,
  "isInitialLoad": true,
}
[90mstdout[2m | src/components/AvatarEditor.stories.tsx[2m > [22m[2mWith Overrides
[22m[39m[FilesContext] Vector store population complete - 3 total embeddings
[90mstdout[2m | src/components/AvatarEditor.stories.tsx[2m > [22m[2mWith Overrides
[22m[39m[ChatContext] Chat exists and not archived, skipping creation
[90mstdout[2m | src/components/AvatarEditor.stories.tsx[2m > [22m[2mWith Overrides
[22m[39m[Mock Storage] downloadData called with: undefined
 [32m✓[39m [30m[45m storybook (chromium) [49m[39m src/components/AvatarEditor.stories.tsx [2m([22m[2m5 tests[22m[2m)[22m[33m 732[2mms[22m[39m
[90mstdout[2m | unknown test
[22m[39m[MOCK vectorStoreDB.js] Module loaded - mock IndexedDB operations
[90mstdout[2m | unknown test
[22m[39m[Task Completion] DOM action listeners initialized
[90mstdout[2m | unknown test
[22m[39m[Task Completion] Auto-completion detector initialized
[90mstdout[2m | unknown test
[22m[39m[Preview] Task completion detector initialized
[90mstdout[2m | src/components/CollaborativeChat/MessageInput.stories.tsx[2m > [22m[2mDefault
[22m[39m[TranslationModeController] Setting mode to: off
[90mstdout[2m | src/components/CollaborativeChat/MessageInput.stories.tsx[2m > [22m[2mWith Reply
[22m[39m[TranslationModeController] Setting mode to: off
[90mstdout[2m | src/components/CollaborativeChat/MessageInput.stories.tsx[2m > [22m[2mDisabled
[22m[39m[TranslationModeController] Setting mode to: off
[90mstdout[2m | src/components/CollaborativeChat/MessageInput.stories.tsx[2m > [22m[2mNo Members
[22m[39m[TranslationModeController] Setting mode to: off
 [32m✓[39m [30m[45m storybook (chromium) [49m[39m src/components/CollaborativeChat/MessageInput.stories.tsx [2m([22m[2m4 tests[22m[2m)[22m[33m 821[2mms[22m[39m
   [33m[2m✓[22m[39m Default [33m 305[2mms[22m[39m
   [33m[2m✓[22m[39m No Members [33m 364[2mms[22m[39m
[90mstdout[2m | unknown test
[22m[39m[MOCK vectorStoreDB.js] Module loaded - mock IndexedDB operations
[90mstdout[2m | unknown test
[22m[39m[Task Completion] DOM action listeners initialized
[90mstdout[2m | unknown test
[22m[39m[Task Completion] Auto-completion detector initialized
[90mstdout[2m | unknown test
[22m[39m[Preview] Task completion detector initialized
[90mstdout[2m | src/components/ModerationBadge.stories.jsx[2m > [22m[2mApproved Content
[22m[39m[MOCK CourseVectorStore] Initialized with mock data
[90mstdout[2m | src/components/ModerationBadge.stories.jsx[2m > [22m[2mApproved Content
[22m[39m[TranslationModeController] Setting mode to: off
[90mstdout[2m | src/components/ModerationBadge.stories.jsx[2m > [22m[2mApproved Content
[22m[39m[UnitContext] useEffect triggered {
  "authLoading": false,
  "hasUser": true,
  "id": "mock-unit-id",
  "userSub": "mock-user-sub",
}
[90mstdout[2m | src/components/ModerationBadge.stories.jsx[2m > [22m[2mApproved Content
[22m[39m[UnitContext] Fetching unit data for id: mock-unit-id
[90mstdout[2m | src/components/ModerationBadge.stories.jsx[2m > [22m[2mApproved Content
[22m[39m[FilesContext] Initializing vector store from IndexedDB
[90mstdout[2m | src/components/ModerationBadge.stories.jsx[2m > [22m[2mApproved Content
[22m[39m[FilesContext] fetchFiles called
[90mstdout[2m | src/components/ModerationBadge.stories.jsx[2m > [22m[2mApproved Content
[22m[39m[FilesContext] User authenticated: mock-user-sub
[90mstdout[2m | src/components/ModerationBadge.stories.jsx[2m > [22m[2mApproved Content
[22m[39m[FilesContext] Identity ID: us-east-1:mock-identity-123
[90mstdout[2m | src/components/ModerationBadge.stories.jsx[2m > [22m[2mApproved Content
[22m[39m[FilesContext] About to set up File observeQuery
[90mstdout[2m | src/components/ModerationBadge.stories.jsx[2m > [22m[2mApproved Content
[22m[39m[ChatContext] Setting up AssistantChat observeQuery
[90mstdout[2m | src/components/ModerationBadge.stories.jsx[2m > [22m[2mApproved Content
[22m[39m[ChatContext] Waiting for subscription to initialize
[90mstdout[2m | src/components/ModerationBadge.stories.jsx[2m > [22m[2mApproved Content
[22m[39m[SettingsContext] Setting up Settings subscription for user: mock-user-sub
[90mstdout[2m | src/components/ModerationBadge.stories.jsx[2m > [22m[2mApproved Content
[22m[39m[Mock Data] Settings created: mock-settings-1790418913608 - notified 0 subscribers
[90mstdout[2m | src/components/ModerationBadge.stories.jsx[2m > [22m[2mApproved Content
[22m[39m[Mock Data] Unit.onUpdate() subscription added. Total: 1
[90mstdout[2m | src/components/ModerationBadge.stories.jsx[2m > [22m[2mApproved Content
[22m[39m[SectionContext] Section observeQuery update: 0
[90mstdout[2m | src/components/ModerationBadge.stories.jsx[2m > [22m[2mApproved Content
[22m[39m[FilesContext] File observeQuery update: 6 files
[90mstdout[2m | src/components/ModerationBadge.stories.jsx[2m > [22m[2mApproved Content
[22m[39m[ChatContext] AssistantChat initialized with 1 chats
[90mstdout[2m | src/components/ModerationBadge.stories.jsx[2m > [22m[2mApproved Content
[22m[39m[ChatContext] Setting initial chat: mock-assistant-chat-1
[90mstdout[2m | src/components/ModerationBadge.stories.jsx[2m > [22m[2mApproved Content
[22m[39m[Mock Storage] downloadData called with: undefined
[90mstdout[2m | src/components/ModerationBadge.stories.jsx[2m > [22m[2mApproved Content
[22m[39m[MOCK CourseVectorStore] Initialized with mock data
[90mstdout[2m | src/components/ModerationBadge.stories.jsx[2m > [22m[2mApproved Content
[22m[39m[FilesContext] Vector store population triggered {
  "currentVectorStoreSize": 3,
  "documentsCount": 0,
  "filesCount": 6,
  "isInitialLoad": true,
}
[90mstdout[2m | src/components/ModerationBadge.stories.jsx[2m > [22m[2mApproved Content
[22m[39m[FilesContext] Vector store population complete - 3 total embeddings
[90mstdout[2m | src/components/ModerationBadge.stories.jsx[2m > [22m[2mApproved Content
[22m[39m[ChatContext] Chat exists and not archived, skipping creation
[90mstdout[2m | src/components/ModerationBadge.stories.jsx[2m > [22m[2mApproved With Details
[22m[39m[ChatContext] Cleaning up subscriptions
[90mstdout[2m | src/components/ModerationBadge.stories.jsx[2m > [22m[2mApproved With Details
[22m[39m[Mock Data] Unit.onUpdate() subscription removed. Remaining: 0
[90mstdout[2m | src/components/ModerationBadge.stories.jsx[2m > [22m[2mApproved With Details
[22m[39m[MOCK CourseVectorStore] Initialized with mock data
[90mstdout[2m | src/components/ModerationBadge.stories.jsx[2m > [22m[2mApproved With Details
[22m[39m[TranslationModeController] Setting mode to: off
[90mstdout[2m | src/components/ModerationBadge.stories.jsx[2m > [22m[2mApproved With Details
[22m[39m[UnitContext] useEffect triggered {
  "authLoading": false,
  "hasUser": true,
  "id": "mock-unit-id",
  "userSub": "mock-user-sub",
}
[90mstdout[2m | src/components/ModerationBadge.stories.jsx[2m > [22m[2mApproved With Details
[22m[39m[UnitContext] Fetching unit data for id: mock-unit-id
[90mstdout[2m | src/components/ModerationBadge.stories.jsx[2m > [22m[2mApproved With Details
[22m[39m[FilesContext] Initializing vector store from IndexedDB
[90mstdout[2m | src/components/ModerationBadge.stories.jsx[2m > [22m[2mApproved With Details
[22m[39m[FilesContext] fetchFiles called
[90mstdout[2m | src/components/ModerationBadge.stories.jsx[2m > [22m[2mApproved With Details
[22m[39m[FilesContext] User authenticated: mock-user-sub
[90mstdout[2m | src/components/ModerationBadge.stories.jsx[2m > [22m[2mApproved With Details
[22m[39m[FilesContext] Identity ID: us-east-1:mock-identity-123
[90mstdout[2m | src/components/ModerationBadge.stories.jsx[2m > [22m[2mApproved With Details
[22m[39m[FilesContext] About to set up File observeQuery
[90mstdout[2m | src/components/ModerationBadge.stories.jsx[2m > [22m[2mApproved With Details
[22m[39m[ChatContext] Setting up AssistantChat observeQuery
[90mstdout[2m | src/components/ModerationBadge.stories.jsx[2m > [22m[2mApproved With Details
[22m[39m[ChatContext] Waiting for subscription to initialize
[90mstdout[2m | src/components/ModerationBadge.stories.jsx[2m > [22m[2mApproved With Details
[22m[39m[SettingsContext] Setting up Settings subscription for user: mock-user-sub
[90mstdout[2m | src/components/ModerationBadge.stories.jsx[2m > [22m[2mApproved With Details
[22m[39m[Mock Data] Settings created: mock-settings-1790418913718 - notified 0 subscribers
[90mstdout[2m | src/components/ModerationBadge.stories.jsx[2m > [22m[2mApproved With Details
[22m[39m[Mock Data] Unit.onUpdate() subscription added. Total: 1
[90mstdout[2m | src/components/ModerationBadge.stories.jsx[2m > [22m[2mApproved With Details
[22m[39m[SectionContext] Section observeQuery update: 0
[90mstdout[2m | src/components/ModerationBadge.stories.jsx[2m > [22m[2mApproved With Details
[22m[39m[FilesContext] File observeQuery update: 6 files
[90mstdout[2m | src/components/ModerationBadge.stories.jsx[2m > [22m[2mApproved With Details
[22m[39m[ChatContext] AssistantChat initialized with 1 chats
[90mstdout[2m | src/components/ModerationBadge.stories.jsx[2m > [22m[2mApproved With Details
[22m[39m[ChatContext] Setting initial chat: mock-assistant-chat-1
[90mstdout[2m | src/components/ModerationBadge.stories.jsx[2m > [22m[2mApproved With Details
[22m[39m[Mock Storage] downloadData called with: undefined
[90mstdout[2m | src/components/ModerationBadge.stories.jsx[2m > [22m[2mApproved With Details
[22m[39m[MOCK CourseVectorStore] Initialized with mock data
[90mstdout[2m | src/components/ModerationBadge.stories.jsx[2m > [22m[2mApproved With Details
[22m[39m[FilesContext] Vector store population triggered {
  "currentVectorStoreSize": 3,
  "documentsCount": 0,
  "filesCount": 6,
  "isInitialLoad": true,
}
[90mstdout[2m | src/components/ModerationBadge.stories.jsx[2m > [22m[2mApproved With Details
[22m[39m[FilesContext] Vector store population complete - 3 total embeddings
[90mstdout[2m | src/components/ModerationBadge.stories.jsx[2m > [22m[2mApproved With Details
[22m[39m[ChatContext] Chat exists and not archived, skipping creation
[90mstdout[2m | src/components/ModerationBadge.stories.jsx[2m > [22m[2mFlagged Single Category
[22m[39m[ChatContext] Cleaning up subscriptions
[90mstdout[2m | src/components/ModerationBadge.stories.jsx[2m > [22m[2mFlagged Single Category
[22m[39m[Mock Data] Unit.onUpdate() subscription removed. Remaining: 0
[90mstdout[2m | src/components/ModerationBadge.stories.jsx[2m > [22m[2mFlagged Single Category
[22m[39m[MOCK CourseVectorStore] Initialized with mock data
[90mstdout[2m | src/components/ModerationBadge.stories.jsx[2m > [22m[2mFlagged Single Category
[22m[39m[TranslationModeController] Setting mode to: off
[90mstdout[2m | src/components/ModerationBadge.stories.jsx[2m > [22m[2mFlagged Single Category
[22m[39m[UnitContext] useEffect triggered {
  "authLoading": false,
  "hasUser": true,
  "id": "mock-unit-id",
  "userSub": "mock-user-sub",
}
[90mstdout[2m | src/components/ModerationBadge.stories.jsx[2m > [22m[2mFlagged Single Category
[22m[39m[UnitContext] Fetching unit data for id: mock-unit-id
[90mstdout[2m | src/components/ModerationBadge.stories.jsx[2m > [22m[2mFlagged Single Category
[22m[39m[FilesContext] Initializing vector store from IndexedDB
[90mstdout[2m | src/components/ModerationBadge.stories.jsx[2m > [22m[2mFlagged Single Category
[22m[39m[FilesContext] fetchFiles called
[90mstdout[2m | src/components/ModerationBadge.stories.jsx[2m > [22m[2mFlagged Single Category
[22m[39m[FilesContext] User authenticated: mock-user-sub
[90mstdout[2m | src/components/ModerationBadge.stories.jsx[2m > [22m[2mFlagged Single Category
[22m[39m[FilesContext] Identity ID: us-east-1:mock-identity-123
[90mstdout[2m | src/components/ModerationBadge.stories.jsx[2m > [22m[2mFlagged Single Category
[22m[39m[FilesContext] About to set up File observeQuery
[90mstdout[2m | src/components/ModerationBadge.stories.jsx[2m > [22m[2mFlagged Single Category
[22m[39m[ChatContext] Setting up AssistantChat observeQuery
[90mstdout[2m | src/components/ModerationBadge.stories.jsx[2m > [22m[2mFlagged Single Category
[22m[39m[ChatContext] Waiting for subscription to initialize
[90mstdout[2m | src/components/ModerationBadge.stories.jsx[2m > [22m[2mFlagged Single Category
[22m[39m[SettingsContext] Setting up Settings subscription for user: mock-user-sub
[90mstdout[2m | src/components/ModerationBadge.stories.jsx[2m > [22m[2mFlagged Single Category
[22m[39m[Mock Data] Settings created: mock-settings-1790418913852 - notified 0 subscribers
[90mstdout[2m | src/components/ModerationBadge.stories.jsx[2m > [22m[2mFlagged Single Category
[22m[39m[Mock Data] Unit.onUpdate() subscription added. Total: 1
[90mstdout[2m | src/components/ModerationBadge.stories.jsx[2m > [22m[2mFlagged Single Category
[22m[39m[SectionContext] Section observeQuery update: 0
[90mstdout[2m | src/components/ModerationBadge.stories.jsx[2m > [22m[2mFlagged Single Category
[22m[39m[FilesContext] File observeQuery update: 6 files
[90mstdout[2m | src/components/ModerationBadge.stories.jsx[2m > [22m[2mFlagged Single Category
[22m[39m[ChatContext] AssistantChat initialized with 1 chats
[90mstdout[2m | src/components/ModerationBadge.stories.jsx[2m > [22m[2mFlagged Single Category
[22m[39m[ChatContext] Setting initial chat: mock-assistant-chat-1
[90mstdout[2m | src/components/ModerationBadge.stories.jsx[2m > [22m[2mFlagged Single Category
[22m[39m[MOCK CourseVectorStore] Initialized with mock data
[90mstdout[2m | src/components/ModerationBadge.stories.jsx[2m > [22m[2mFlagged Single Category
[22m[39m[FilesContext] Vector store population triggered {
  "currentVectorStoreSize": 3,
  "documentsCount": 0,
  "filesCount": 6,
  "isInitialLoad": true,
}
[90mstdout[2m | src/components/ModerationBadge.stories.jsx[2m > [22m[2mFlagged Single Category
[22m[39m[FilesContext] Vector store population complete - 3 total embeddings
[90mstdout[2m | src/components/ModerationBadge.stories.jsx[2m > [22m[2mFlagged Single Category
[22m[39m[ChatContext] Chat exists and not archived, skipping creation
[90mstdout[2m | src/components/ModerationBadge.stories.jsx[2m > [22m[2mFlagged Single Category
[22m[39m[Mock Storage] downloadData called with: undefined
[90mstdout[2m | src/components/ModerationBadge.stories.jsx[2m > [22m[2mFlagged With Details
[22m[39m[ChatContext] Cleaning up subscriptions
[90mstdout[2m | src/components/ModerationBadge.stories.jsx[2m > [22m[2mFlagged With Details
[22m[39m[Mock Data] Unit.onUpdate() subscription removed. Remaining: 0
[90mstdout[2m | src/components/ModerationBadge.stories.jsx[2m > [22m[2mFlagged With Details
[22m[39m[MOCK CourseVectorStore] Initialized with mock data
[90mstdout[2m | src/components/ModerationBadge.stories.jsx[2m > [22m[2mFlagged With Details
[22m[39m[TranslationModeController] Setting mode to: off
[90mstdout[2m | src/components/ModerationBadge.stories.jsx[2m > [22m[2mFlagged With Details
[22m[39m[UnitContext] useEffect triggered {
  "authLoading": false,
  "hasUser": true,
  "id": "mock-unit-id",
  "userSub": "mock-user-sub",
}
[90mstdout[2m | src/components/ModerationBadge.stories.jsx[2m > [22m[2mFlagged With Details
[22m[39m[UnitContext] Fetching unit data for id: mock-unit-id
[90mstdout[2m | src/components/ModerationBadge.stories.jsx[2m > [22m[2mFlagged With Details
[22m[39m[FilesContext] Initializing vector store from IndexedDB
[90mstdout[2m | src/components/ModerationBadge.stories.jsx[2m > [22m[2mFlagged With Details
[22m[39m[FilesContext] fetchFiles called
[90mstdout[2m | src/components/ModerationBadge.stories.jsx[2m > [22m[2mFlagged With Details
[22m[39m[FilesContext] User authenticated: mock-user-sub
[90mstdout[2m | src/components/ModerationBadge.stories.jsx[2m > [22m[2mFlagged With Details
[22m[39m[FilesContext] Identity ID: us-east-1:mock-identity-123
[90mstdout[2m | src/components/ModerationBadge.stories.jsx[2m > [22m[2mFlagged With Details
[22m[39m[FilesContext] About to set up File observeQuery
[90mstdout[2m | src/components/ModerationBadge.stories.jsx[2m > [22m[2mFlagged With Details
[22m[39m[ChatContext] Setting up AssistantChat observeQuery
[90mstdout[2m | src/components/ModerationBadge.stories.jsx[2m > [22m[2mFlagged With Details
[22m[39m[ChatContext] Waiting for subscription to initialize
[90mstdout[2m | src/components/ModerationBadge.stories.jsx[2m > [22m[2mFlagged With Details
[22m[39m[SettingsContext] Setting up Settings subscription for user: mock-user-sub
[90mstdout[2m | src/components/ModerationBadge.stories.jsx[2m > [22m[2mFlagged With Details
[22m[39m[Mock Data] Settings created: mock-settings-1790418913960 - notified 0 subscribers
[90mstdout[2m | src/components/ModerationBadge.stories.jsx[2m > [22m[2mFlagged With Details
[22m[39m[Mock Data] Unit.onUpdate() subscription added. Total: 1
[90mstdout[2m | src/components/ModerationBadge.stories.jsx[2m > [22m[2mFlagged With Details
[22m[39m[SectionContext] Section observeQuery update: 0
[90mstdout[2m | src/components/ModerationBadge.stories.jsx[2m > [22m[2mFlagged With Details
[22m[39m[FilesContext] File observeQuery update: 6 files
[90mstdout[2m | src/components/ModerationBadge.stories.jsx[2m > [22m[2mFlagged With Details
[22m[39m[ChatContext] AssistantChat initialized with 1 chats
[90mstdout[2m | src/components/ModerationBadge.stories.jsx[2m > [22m[2mFlagged With Details
[22m[39m[ChatContext] Setting initial chat: mock-assistant-chat-1
[90mstdout[2m | src/components/ModerationBadge.stories.jsx[2m > [22m[2mFlagged With Details
[22m[39m[MOCK CourseVectorStore] Initialized with mock data
[90mstdout[2m | src/components/ModerationBadge.stories.jsx[2m > [22m[2mFlagged With Details
[22m[39m[FilesContext] Vector store population triggered {
  "currentVectorStoreSize": 3,
  "documentsCount": 0,
  "filesCount": 6,
  "isInitialLoad": true,
}
[90mstdout[2m | src/components/ModerationBadge.stories.jsx[2m > [22m[2mFlagged With Details
[22m[39m[FilesContext] Vector store population complete - 3 total embeddings
[90mstdout[2m | src/components/ModerationBadge.stories.jsx[2m > [22m[2mFlagged With Details
[22m[39m[ChatContext] Chat exists and not archived, skipping creation
[90mstdout[2m | src/components/ModerationBadge.stories.jsx[2m > [22m[2mFlagged With Details
[22m[39m[Mock Storage] downloadData called with: undefined
[90mstdout[2m | src/components/ModerationBadge.stories.jsx[2m > [22m[2mFlagged Multiple Categories
[22m[39m[ChatContext] Cleaning up subscriptions
[90mstdout[2m | src/components/ModerationBadge.stories.jsx[2m > [22m[2mFlagged Multiple Categories
[22m[39m[Mock Data] Unit.onUpdate() subscription removed. Remaining: 0
[90mstdout[2m | src/components/ModerationBadge.stories.jsx[2m > [22m[2mFlagged Multiple Categories
[22m[39m[MOCK CourseVectorStore] Initialized with mock data
[90mstdout[2m | src/components/ModerationBadge.stories.jsx[2m > [22m[2mFlagged Multiple Categories
[22m[39m[TranslationModeController] Setting mode to: off
[90mstdout[2m | src/components/ModerationBadge.stories.jsx[2m > [22m[2mFlagged Multiple Categories
[22m[39m[UnitContext] useEffect triggered {
  "authLoading": false,
  "hasUser": true,
  "id": "mock-unit-id",
  "userSub": "mock-user-sub",
}
[90mstdout[2m | src/components/ModerationBadge.stories.jsx[2m > [22m[2mFlagged Multiple Categories
[22m[39m[UnitContext] Fetching unit data for id: mock-unit-id
[90mstdout[2m | src/components/ModerationBadge.stories.jsx[2m > [22m[2mFlagged Multiple Categories
[22m[39m[FilesContext] Initializing vector store from IndexedDB
[90mstdout[2m | src/components/ModerationBadge.stories.jsx[2m > [22m[2mFlagged Multiple Categories
[22m[39m[FilesContext] fetchFiles called
[90mstdout[2m | src/components/ModerationBadge.stories.jsx[2m > [22m[2mFlagged Multiple Categories
[22m[39m[FilesContext] User authenticated: mock-user-sub
[90mstdout[2m | src/components/ModerationBadge.stories.jsx[2m > [22m[2mFlagged Multiple Categories
[22m[39m[FilesContext] Identity ID: us-east-1:mock-identity-123
[90mstdout[2m | src/components/ModerationBadge.stories.jsx[2m > [22m[2mFlagged Multiple Categories
[22m[39m[FilesContext] About to set up File observeQuery
[90mstdout[2m | src/components/ModerationBadge.stories.jsx[2m > [22m[2mFlagged Multiple Categories
[22m[39m[ChatContext] Setting up AssistantChat observeQuery
[90mstdout[2m | src/components/ModerationBadge.stories.jsx[2m > [22m[2mFlagged Multiple Categories
[22m[39m[ChatContext] Waiting for subscription to initialize
[90mstdout[2m | src/components/ModerationBadge.stories.jsx[2m > [22m[2mFlagged Multiple Categories
[22m[39m[SettingsContext] Setting up Settings subscription for user: mock-user-sub
[90mstdout[2m | src/components/ModerationBadge.stories.jsx[2m > [22m[2mFlagged Multiple Categories
[22m[39m[Mock Data] Settings created: mock-settings-1790418914053 - notified 0 subscribers
[90mstdout[2m | src/components/ModerationBadge.stories.jsx[2m > [22m[2mFlagged Multiple Categories
[22m[39m[Mock Data] Unit.onUpdate() subscription added. Total: 1
[90mstdout[2m | src/components/ModerationBadge.stories.jsx[2m > [22m[2mFlagged Multiple Categories
[22m[39m[SectionContext] Section observeQuery update: 0
[90mstdout[2m | src/components/ModerationBadge.stories.jsx[2m > [22m[2mFlagged Multiple Categories
[22m[39m[FilesContext] File observeQuery update: 6 files
[90mstdout[2m | src/components/ModerationBadge.stories.jsx[2m > [22m[2mFlagged Multiple Categories
[22m[39m[MOCK CourseVectorStore] Initialized with mock data
[90mstdout[2m | src/components/ModerationBadge.stories.jsx[2m > [22m[2mFlagged Multiple Categories
[22m[39m[FilesContext] Vector store population triggered {
  "currentVectorStoreSize": 3,
  "documentsCount": 0,
  "filesCount": 6,
  "isInitialLoad": true,
}
[90mstdout[2m | src/components/ModerationBadge.stories.jsx[2m > [22m[2mFlagged Multiple Categories
[22m[39m[FilesContext] Vector store population complete - 3 total embeddings
[90mstdout[2m | src/components/ModerationBadge.stories.jsx[2m > [22m[2mFlagged Multiple Categories
[22m[39m[ChatContext] AssistantChat initialized with 1 chats
[90mstdout[2m | src/components/ModerationBadge.stories.jsx[2m > [22m[2mFlagged Multiple Categories
[22m[39m[ChatContext] Setting initial chat: mock-assistant-chat-1
[90mstdout[2m | src/components/ModerationBadge.stories.jsx[2m > [22m[2mFlagged Multiple Categories
[22m[39m[Mock Storage] downloadData called with: undefined
[90mstdout[2m | src/components/ModerationBadge.stories.jsx[2m > [22m[2mFlagged Multiple Categories
[22m[39m[ChatContext] Chat exists and not archived, skipping creation
[90mstdout[2m | src/components/ModerationBadge.stories.jsx[2m > [22m[2mUnchecked Content
[22m[39m[ChatContext] Cleaning up subscriptions
[90mstdout[2m | src/components/ModerationBadge.stories.jsx[2m > [22m[2mUnchecked Content
[22m[39m[Mock Data] Unit.onUpdate() subscription removed. Remaining: 0
[90mstdout[2m | src/components/ModerationBadge.stories.jsx[2m > [22m[2mUnchecked Content
[22m[39m[MOCK CourseVectorStore] Initialized with mock data
[90mstdout[2m | src/components/ModerationBadge.stories.jsx[2m > [22m[2mUnchecked Content
[22m[39m[TranslationModeController] Setting mode to: off
[90mstdout[2m | src/components/ModerationBadge.stories.jsx[2m > [22m[2mUnchecked Content
[22m[39m[UnitContext] useEffect triggered {
  "authLoading": false,
  "hasUser": true,
  "id": "mock-unit-id",
  "userSub": "mock-user-sub",
}
[90mstdout[2m | src/components/ModerationBadge.stories.jsx[2m > [22m[2mUnchecked Content
[22m[39m[UnitContext] Fetching unit data for id: mock-unit-id
[90mstdout[2m | src/components/ModerationBadge.stories.jsx[2m > [22m[2mUnchecked Content
[22m[39m[FilesContext] Initializing vector store from IndexedDB
[90mstdout[2m | src/components/ModerationBadge.stories.jsx[2m > [22m[2mUnchecked Content
[22m[39m[FilesContext] fetchFiles called
[90mstdout[2m | src/components/ModerationBadge.stories.jsx[2m > [22m[2mUnchecked Content
[22m[39m[FilesContext] User authenticated: mock-user-sub
[90mstdout[2m | src/components/ModerationBadge.stories.jsx[2m > [22m[2mUnchecked Content
[22m[39m[FilesContext] Identity ID: us-east-1:mock-identity-123
[90mstdout[2m | src/components/ModerationBadge.stories.jsx[2m > [22m[2mUnchecked Content
[22m[39m[FilesContext] About to set up File observeQuery
[90mstdout[2m | src/components/ModerationBadge.stories.jsx[2m > [22m[2mUnchecked Content
[22m[39m[ChatContext] Setting up AssistantChat observeQuery
[90mstdout[2m | src/components/ModerationBadge.stories.jsx[2m > [22m[2mUnchecked Content
[22m[39m[ChatContext] Waiting for subscription to initialize
[90mstdout[2m | src/components/ModerationBadge.stories.jsx[2m > [22m[2mUnchecked Content
[22m[39m[SettingsContext] Setting up Settings subscription for user: mock-user-sub
[90mstdout[2m | src/components/ModerationBadge.stories.jsx[2m > [22m[2mUnchecked Content
[22m[39m[Mock Data] Settings created: mock-settings-1790418914143 - notified 0 subscribers
[90mstdout[2m | src/components/ModerationBadge.stories.jsx[2m > [22m[2mUnchecked Content
[22m[39m[Mock Data] Unit.onUpdate() subscription added. Total: 1
[90mstdout[2m | src/components/ModerationBadge.stories.jsx[2m > [22m[2mUnchecked Content
[22m[39m[SectionContext] Section observeQuery update: 0
[90mstdout[2m | src/components/ModerationBadge.stories.jsx[2m > [22m[2mUnchecked Content
[22m[39m[FilesContext] File observeQuery update: 6 files
[90mstdout[2m | src/components/ModerationBadge.stories.jsx[2m > [22m[2mUnchecked Content
[22m[39m[Mock Storage] downloadData called with: undefined
[90mstdout[2m | src/components/ModerationBadge.stories.jsx[2m > [22m[2mUnchecked Content
[22m[39m[MOCK CourseVectorStore] Initialized with mock data
[90mstdout[2m | src/components/ModerationBadge.stories.jsx[2m > [22m[2mUnchecked Content
[22m[39m[FilesContext] Vector store population triggered {
  "currentVectorStoreSize": 3,
  "documentsCount": 0,
  "filesCount": 6,
  "isInitialLoad": true,
}
[90mstdout[2m | src/components/ModerationBadge.stories.jsx[2m > [22m[2mUnchecked Content
[22m[39m[FilesContext] Vector store population complete - 3 total embeddings
[90mstdout[2m | src/components/ModerationBadge.stories.jsx[2m > [22m[2mUnchecked Content
[22m[39m[ChatContext] AssistantChat initialized with 1 chats
[90mstdout[2m | src/components/ModerationBadge.stories.jsx[2m > [22m[2mUnchecked Content
[22m[39m[ChatContext] Setting initial chat: mock-assistant-chat-1
[90mstdout[2m | src/components/ModerationBadge.stories.jsx[2m > [22m[2mUnchecked Content
[22m[39m[ChatContext] Chat exists and not archived, skipping creation
[90mstdout[2m | src/components/ModerationBadge.stories.jsx[2m > [22m[2mIcon Only
[22m[39m[ChatContext] Cleaning up subscriptions
[90mstdout[2m | src/components/ModerationBadge.stories.jsx[2m > [22m[2mIcon Only
[22m[39m[Mock Data] Unit.onUpdate() subscription removed. Remaining: 0
[90mstdout[2m | src/components/ModerationBadge.stories.jsx[2m > [22m[2mIcon Only
[22m[39m[MOCK CourseVectorStore] Initialized with mock data
[90mstdout[2m | src/components/ModerationBadge.stories.jsx[2m > [22m[2mIcon Only
[22m[39m[TranslationModeController] Setting mode to: off
[90mstdout[2m | src/components/ModerationBadge.stories.jsx[2m > [22m[2mIcon Only
[22m[39m[UnitContext] useEffect triggered {
  "authLoading": false,
  "hasUser": true,
  "id": "mock-unit-id",
  "userSub": "mock-user-sub",
}
[90mstdout[2m | src/components/ModerationBadge.stories.jsx[2m > [22m[2mIcon Only
[22m[39m[UnitContext] Fetching unit data for id: mock-unit-id
[90mstdout[2m | src/components/ModerationBadge.stories.jsx[2m > [22m[2mIcon Only
[22m[39m[FilesContext] Initializing vector store from IndexedDB
[90mstdout[2m | src/components/ModerationBadge.stories.jsx[2m > [22m[2mIcon Only
[22m[39m[FilesContext] fetchFiles called
[90mstdout[2m | src/components/ModerationBadge.stories.jsx[2m > [22m[2mIcon Only
[22m[39m[FilesContext] User authenticated: mock-user-sub
[90mstdout[2m | src/components/ModerationBadge.stories.jsx[2m > [22m[2mIcon Only
[22m[39m[FilesContext] Identity ID: us-east-1:mock-identity-123
[90mstdout[2m | src/components/ModerationBadge.stories.jsx[2m > [22m[2mIcon Only
[22m[39m[FilesContext] About to set up File observeQuery
[90mstdout[2m | src/components/ModerationBadge.stories.jsx[2m > [22m[2mIcon Only
[22m[39m[ChatContext] Setting up AssistantChat observeQuery
[90mstdout[2m | src/components/ModerationBadge.stories.jsx[2m > [22m[2mIcon Only
[22m[39m[ChatContext] Waiting for subscription to initialize
[90mstdout[2m | src/components/ModerationBadge.stories.jsx[2m > [22m[2mIcon Only
[22m[39m[SettingsContext] Setting up Settings subscription for user: mock-user-sub
[90mstdout[2m | src/components/ModerationBadge.stories.jsx[2m > [22m[2mIcon Only
[22m[39m[Mock Data] Settings created: mock-settings-1790418914221 - notified 0 subscribers
[90mstdout[2m | src/components/ModerationBadge.stories.jsx[2m > [22m[2mIcon Only
[22m[39m[Mock Data] Unit.onUpdate() subscription added. Total: 1
[90mstdout[2m | src/components/ModerationBadge.stories.jsx[2m > [22m[2mIcon Only
[22m[39m[SectionContext] Section observeQuery update: 0
[90mstdout[2m | src/components/ModerationBadge.stories.jsx[2m > [22m[2mIcon Only
[22m[39m[FilesContext] File observeQuery update: 6 files
[90mstdout[2m | src/components/ModerationBadge.stories.jsx[2m > [22m[2mIcon Only
[22m[39m[ChatContext] AssistantChat initialized with 1 chats
[90mstdout[2m | src/components/ModerationBadge.stories.jsx[2m > [22m[2mIcon Only
[22m[39m[ChatContext] Setting initial chat: mock-assistant-chat-1
[90mstdout[2m | src/components/ModerationBadge.stories.jsx[2m > [22m[2mIcon Only
[22m[39m[MOCK CourseVectorStore] Initialized with mock data
[90mstdout[2m | src/components/ModerationBadge.stories.jsx[2m > [22m[2mIcon Only
[22m[39m[FilesContext] Vector store population triggered {
  "currentVectorStoreSize": 3,
  "documentsCount": 0,
  "filesCount": 6,
  "isInitialLoad": true,
}
[90mstdout[2m | src/components/ModerationBadge.stories.jsx[2m > [22m[2mIcon Only
[22m[39m[FilesContext] Vector store population complete - 3 total embeddings
[90mstdout[2m | src/components/ModerationBadge.stories.jsx[2m > [22m[2mIcon Only
[22m[39m[ChatContext] Chat exists and not archived, skipping creation
[90mstdout[2m | src/components/ModerationBadge.stories.jsx[2m > [22m[2mIcon Only
[22m[39m[Mock Storage] downloadData called with: undefined
[90mstdout[2m | src/components/ModerationBadge.stories.jsx[2m > [22m[2mIn Content List
[22m[39m[ChatContext] Cleaning up subscriptions
[90mstdout[2m | src/components/ModerationBadge.stories.jsx[2m > [22m[2mIn Content List
[22m[39m[Mock Data] Unit.onUpdate() subscription removed. Remaining: 0
[90mstdout[2m | src/components/ModerationBadge.stories.jsx[2m > [22m[2mIn Content List
[22m[39m[MOCK CourseVectorStore] Initialized with mock data
[90mstdout[2m | src/components/ModerationBadge.stories.jsx[2m > [22m[2mIn Content List
[22m[39m[TranslationModeController] Setting mode to: off
[90mstdout[2m | src/components/ModerationBadge.stories.jsx[2m > [22m[2mIn Content List
[22m[39m[UnitContext] useEffect triggered {
  "authLoading": false,
  "hasUser": true,
  "id": "mock-unit-id",
  "userSub": "mock-user-sub",
}
[90mstdout[2m | src/components/ModerationBadge.stories.jsx[2m > [22m[2mIn Content List
[22m[39m[UnitContext] Fetching unit data for id: mock-unit-id
[90mstdout[2m | src/components/ModerationBadge.stories.jsx[2m > [22m[2mIn Content List
[22m[39m[FilesContext] Initializing vector store from IndexedDB
[90mstdout[2m | src/components/ModerationBadge.stories.jsx[2m > [22m[2mIn Content List
[22m[39m[FilesContext] fetchFiles called
[90mstdout[2m | src/components/ModerationBadge.stories.jsx[2m > [22m[2mIn Content List
[22m[39m[FilesContext] User authenticated: mock-user-sub
[90mstdout[2m | src/components/ModerationBadge.stories.jsx[2m > [22m[2mIn Content List
[22m[39m[FilesContext] Identity ID: us-east-1:mock-identity-123
[90mstdout[2m | src/components/ModerationBadge.stories.jsx[2m > [22m[2mIn Content List
[22m[39m[FilesContext] About to set up File observeQuery
[90mstdout[2m | src/components/ModerationBadge.stories.jsx[2m > [22m[2mIn Content List
[22m[39m[ChatContext] Setting up AssistantChat observeQuery
[90mstdout[2m | src/components/ModerationBadge.stories.jsx[2m > [22m[2mIn Content List
[22m[39m[ChatContext] Waiting for subscription to initialize
[90mstdout[2m | src/components/ModerationBadge.stories.jsx[2m > [22m[2mIn Content List
[22m[39m[SettingsContext] Setting up Settings subscription for user: mock-user-sub
[90mstdout[2m | src/components/ModerationBadge.stories.jsx[2m > [22m[2mIn Content List
[22m[39m[Mock Data] Settings created: mock-settings-1790418914335 - notified 0 subscribers
[90mstdout[2m | src/components/ModerationBadge.stories.jsx[2m > [22m[2mIn Content List
[22m[39m[Mock Data] Unit.onUpdate() subscription added. Total: 1
[90mstdout[2m | src/components/ModerationBadge.stories.jsx[2m > [22m[2mIn Content List
[22m[39m[SectionContext] Section observeQuery update: 0
[90mstdout[2m | src/components/ModerationBadge.stories.jsx[2m > [22m[2mIn Content List
[22m[39m[FilesContext] File observeQuery update: 6 files
[90mstdout[2m | src/components/ModerationBadge.stories.jsx[2m > [22m[2mIn Content List
[22m[39m[ChatContext] AssistantChat initialized with 1 chats
[90mstdout[2m | src/components/ModerationBadge.stories.jsx[2m > [22m[2mIn Content List
[22m[39m[ChatContext] Setting initial chat: mock-assistant-chat-1
[90mstdout[2m | src/components/ModerationBadge.stories.jsx[2m > [22m[2mIn Content List
[22m[39m[MOCK CourseVectorStore] Initialized with mock data
[90mstdout[2m | src/components/ModerationBadge.stories.jsx[2m > [22m[2mIn Content List
[22m[39m[FilesContext] Vector store population triggered {
  "currentVectorStoreSize": 3,
  "documentsCount": 0,
  "filesCount": 6,
  "isInitialLoad": true,
}
[90mstdout[2m | src/components/ModerationBadge.stories.jsx[2m > [22m[2mIn Content List
[22m[39m[FilesContext] Vector store population complete - 3 total embeddings
[90mstdout[2m | src/components/ModerationBadge.stories.jsx[2m > [22m[2mIn Content List
[22m[39m[ChatContext] Chat exists and not archived, skipping creation
[90mstdout[2m | src/components/ModerationBadge.stories.jsx[2m > [22m[2mIn Content List
[22m[39m[Mock Storage] downloadData called with: undefined
 [32m✓[39m [30m[45m storybook (chromium) [49m[39m src/components/ModerationBadge.stories.jsx [2m([22m[2m8 tests[22m[2m)[22m[33m 832[2mms[22m[39m
[90mstdout[2m | unknown test
[22m[39m[MOCK vectorStoreDB.js] Module loaded - mock IndexedDB operations
[90mstdout[2m | unknown test
[22m[39m[Task Completion] DOM action listeners initialized
[90mstdout[2m | unknown test
[22m[39m[Task Completion] Auto-completion detector initialized
[90mstdout[2m | unknown test
[22m[39m[Preview] Task completion detector initialized
[90mstdout[2m | src/components/Section/AccommodationsDialog.stories.jsx[2m > [22m[2mEmpty
[22m[39m[MOCK CourseVectorStore] Initialized with mock data
[90mstdout[2m | src/components/Section/AccommodationsDialog.stories.jsx[2m > [22m[2mEmpty
[22m[39m[TranslationModeController] Setting mode to: off
[90mstdout[2m | src/components/Section/AccommodationsDialog.stories.jsx[2m > [22m[2mEmpty
[22m[39m[UnitContext] useEffect triggered {
  "authLoading": false,
  "hasUser": true,
  "id": "mock-unit-id",
  "userSub": "mock-user-sub",
}
[90mstdout[2m | src/components/Section/AccommodationsDialog.stories.jsx[2m > [22m[2mEmpty
[22m[39m[UnitContext] Fetching unit data for id: mock-unit-id
[90mstdout[2m | src/components/Section/AccommodationsDialog.stories.jsx[2m > [22m[2mEmpty
[22m[39m[FilesContext] Initializing vector store from IndexedDB
[90mstdout[2m | src/components/Section/AccommodationsDialog.stories.jsx[2m > [22m[2mEmpty
[22m[39m[FilesContext] fetchFiles called
[90mstdout[2m | src/components/Section/AccommodationsDialog.stories.jsx[2m > [22m[2mEmpty
[22m[39m[FilesContext] User authenticated: mock-user-sub
[90mstdout[2m | src/components/Section/AccommodationsDialog.stories.jsx[2m > [22m[2mEmpty
[22m[39m[FilesContext] Identity ID: us-east-1:mock-identity-123
[90mstdout[2m | src/components/Section/AccommodationsDialog.stories.jsx[2m > [22m[2mEmpty
[22m[39m[FilesContext] About to set up File observeQuery
[90mstdout[2m | src/components/Section/AccommodationsDialog.stories.jsx[2m > [22m[2mEmpty
[22m[39m[ChatContext] Setting up AssistantChat observeQuery
[90mstdout[2m | src/components/Section/AccommodationsDialog.stories.jsx[2m > [22m[2mEmpty
[22m[39m[ChatContext] Waiting for subscription to initialize
[90mstdout[2m | src/components/Section/AccommodationsDialog.stories.jsx[2m > [22m[2mEmpty
[22m[39m[SettingsContext] Setting up Settings subscription for user: mock-user-sub
[90mstdout[2m | src/components/Section/AccommodationsDialog.stories.jsx[2m > [22m[2mEmpty
[22m[39m[Mock Data] Settings created: mock-settings-1790418914952 - notified 0 subscribers
[90mstdout[2m | src/components/Section/AccommodationsDialog.stories.jsx[2m > [22m[2mEmpty
[22m[39m[Mock Data] Unit.onUpdate() subscription added. Total: 1
[90mstdout[2m | src/components/Section/AccommodationsDialog.stories.jsx[2m > [22m[2mEmpty
[22m[39m[SectionContext] Section observeQuery update: 0
[90mstdout[2m | src/components/Section/AccommodationsDialog.stories.jsx[2m > [22m[2mEmpty
[22m[39m[FilesContext] File observeQuery update: 6 files
[90mstdout[2m | src/components/Section/AccommodationsDialog.stories.jsx[2m > [22m[2mEmpty
[22m[39m[ChatContext] AssistantChat initialized with 1 chats
[90mstdout[2m | src/components/Section/AccommodationsDialog.stories.jsx[2m > [22m[2mEmpty
[22m[39m[ChatContext] Setting initial chat: mock-assistant-chat-1
[90mstdout[2m | src/components/Section/AccommodationsDialog.stories.jsx[2m > [22m[2mEmpty
[22m[39m[MOCK CourseVectorStore] Initialized with mock data
[90mstdout[2m | src/components/Section/AccommodationsDialog.stories.jsx[2m > [22m[2mEmpty
[22m[39m[FilesContext] Vector store population triggered {
  "currentVectorStoreSize": 3,
  "documentsCount": 0,
  "filesCount": 6,
  "isInitialLoad": true,
}
[90mstdout[2m | src/components/Section/AccommodationsDialog.stories.jsx[2m > [22m[2mEmpty
[22m[39m[FilesContext] Vector store population complete - 3 total embeddings
[90mstdout[2m | src/components/Section/AccommodationsDialog.stories.jsx[2m > [22m[2mEmpty
[22m[39m[ChatContext] Chat exists and not archived, skipping creation
[90mstdout[2m | src/components/Section/AccommodationsDialog.stories.jsx[2m > [22m[2mEmpty
[22m[39m[Mock Storage] downloadData called with: undefined
[90mstdout[2m | src/components/Section/AccommodationsDialog.stories.jsx[2m > [22m[2mWith Existing Accommodations
[22m[39m[ChatContext] Cleaning up subscriptions
[90mstdout[2m | src/components/Section/AccommodationsDialog.stories.jsx[2m > [22m[2mWith Existing Accommodations
[22m[39m[Mock Data] Unit.onUpdate() subscription removed. Remaining: 0
[90mstdout[2m | src/components/Section/AccommodationsDialog.stories.jsx[2m > [22m[2mWith Existing Accommodations
[22m[39m[MOCK CourseVectorStore] Initialized with mock data
[90mstdout[2m | src/components/Section/AccommodationsDialog.stories.jsx[2m > [22m[2mWith Existing Accommodations
[22m[39m[TranslationModeController] Setting mode to: off
[90mstdout[2m | src/components/Section/AccommodationsDialog.stories.jsx[2m > [22m[2mWith Existing Accommodations
[22m[39m[UnitContext] useEffect triggered {
  "authLoading": false,
  "hasUser": true,
  "id": "mock-unit-id",
  "userSub": "mock-user-sub",
}
[90mstdout[2m | src/components/Section/AccommodationsDialog.stories.jsx[2m > [22m[2mWith Existing Accommodations
[22m[39m[UnitContext] Fetching unit data for id: mock-unit-id
[90mstdout[2m | src/components/Section/AccommodationsDialog.stories.jsx[2m > [22m[2mWith Existing Accommodations
[22m[39m[FilesContext] Initializing vector store from IndexedDB
[90mstdout[2m | src/components/Section/AccommodationsDialog.stories.jsx[2m > [22m[2mWith Existing Accommodations
[22m[39m[FilesContext] fetchFiles called
[90mstdout[2m | src/components/Section/AccommodationsDialog.stories.jsx[2m > [22m[2mWith Existing Accommodations
[22m[39m[FilesContext] User authenticated: mock-user-sub
[90mstdout[2m | src/components/Section/AccommodationsDialog.stories.jsx[2m > [22m[2mWith Existing Accommodations
[22m[39m[FilesContext] Identity ID: us-east-1:mock-identity-123
[90mstdout[2m | src/components/Section/AccommodationsDialog.stories.jsx[2m > [22m[2mWith Existing Accommodations
[22m[39m[FilesContext] About to set up File observeQuery
[90mstdout[2m | src/components/Section/AccommodationsDialog.stories.jsx[2m > [22m[2mWith Existing Accommodations
[22m[39m[ChatContext] Setting up AssistantChat observeQuery
[90mstdout[2m | src/components/Section/AccommodationsDialog.stories.jsx[2m > [22m[2mWith Existing Accommodations
[22m[39m[ChatContext] Waiting for subscription to initialize
[90mstdout[2m | src/components/Section/AccommodationsDialog.stories.jsx[2m > [22m[2mWith Existing Accommodations
[22m[39m[SettingsContext] Setting up Settings subscription for user: mock-user-sub
[90mstdout[2m | src/components/Section/AccommodationsDialog.stories.jsx[2m > [22m[2mWith Existing Accommodations
[22m[39m[Mock Data] Settings created: mock-settings-1790418915266 - notified 0 subscribers
[90mstdout[2m | src/components/Section/AccommodationsDialog.stories.jsx[2m > [22m[2mWith Existing Accommodations
[22m[39m[Mock Data] Unit.onUpdate() subscription added. Total: 1
[90mstdout[2m | src/components/Section/AccommodationsDialog.stories.jsx[2m > [22m[2mWith Existing Accommodations
[22m[39m[SectionContext] Section observeQuery update: 0
[90mstdout[2m | src/components/Section/AccommodationsDialog.stories.jsx[2m > [22m[2mWith Existing Accommodations
[22m[39m[FilesContext] File observeQuery update: 6 files
[90mstdout[2m | src/components/Section/AccommodationsDialog.stories.jsx[2m > [22m[2mWith Existing Accommodations
[22m[39m[ChatContext] AssistantChat initialized with 1 chats
[90mstdout[2m | src/components/Section/AccommodationsDialog.stories.jsx[2m > [22m[2mWith Existing Accommodations
[22m[39m[ChatContext] Setting initial chat: mock-assistant-chat-1
[90mstdout[2m | src/components/Section/AccommodationsDialog.stories.jsx[2m > [22m[2mWith Existing Accommodations
[22m[39m[MOCK CourseVectorStore] Initialized with mock data
[90mstdout[2m | src/components/Section/AccommodationsDialog.stories.jsx[2m > [22m[2mWith Existing Accommodations
[22m[39m[FilesContext] Vector store population triggered {
  "currentVectorStoreSize": 3,
  "documentsCount": 0,
  "filesCount": 6,
  "isInitialLoad": true,
}
[90mstdout[2m | src/components/Section/AccommodationsDialog.stories.jsx[2m > [22m[2mWith Existing Accommodations
[22m[39m[FilesContext] Vector store population complete - 3 total embeddings
[90mstdout[2m | src/components/Section/AccommodationsDialog.stories.jsx[2m > [22m[2mWith Existing Accommodations
[22m[39m[ChatContext] Chat exists and not archived, skipping creation
[90mstdout[2m | src/components/Section/AccommodationsDialog.stories.jsx[2m > [22m[2mWith Existing Accommodations
[22m[39m[Mock Storage] downloadData called with: undefined
[90mstdout[2m | src/components/Section/AccommodationsDialog.stories.jsx[2m > [22m[2mNo Students
[22m[39m[ChatContext] Cleaning up subscriptions
[90mstdout[2m | src/components/Section/AccommodationsDialog.stories.jsx[2m > [22m[2mNo Students
[22m[39m[Mock Data] Unit.onUpdate() subscription removed. Remaining: 0
[90mstdout[2m | src/components/Section/AccommodationsDialog.stories.jsx[2m > [22m[2mNo Students
[22m[39m[MOCK CourseVectorStore] Initialized with mock data
[90mstdout[2m | src/components/Section/AccommodationsDialog.stories.jsx[2m > [22m[2mNo Students
[22m[39m[TranslationModeController] Setting mode to: off
[90mstdout[2m | src/components/Section/AccommodationsDialog.stories.jsx[2m > [22m[2mNo Students
[22m[39m[UnitContext] useEffect triggered {
  "authLoading": false,
  "hasUser": true,
  "id": "mock-unit-id",
  "userSub": "mock-user-sub",
}
[90mstdout[2m | src/components/Section/AccommodationsDialog.stories.jsx[2m > [22m[2mNo Students
[22m[39m[UnitContext] Fetching unit data for id: mock-unit-id
[90mstdout[2m | src/components/Section/AccommodationsDialog.stories.jsx[2m > [22m[2mNo Students
[22m[39m[FilesContext] Initializing vector store from IndexedDB
[90mstdout[2m | src/components/Section/AccommodationsDialog.stories.jsx[2m > [22m[2mNo Students
[22m[39m[FilesContext] fetchFiles called
[90mstdout[2m | src/components/Section/AccommodationsDialog.stories.jsx[2m > [22m[2mNo Students
[22m[39m[FilesContext] User authenticated: mock-user-sub
[90mstdout[2m | src/components/Section/AccommodationsDialog.stories.jsx[2m > [22m[2mNo Students
[22m[39m[FilesContext] Identity ID: us-east-1:mock-identity-123
[90mstdout[2m | src/components/Section/AccommodationsDialog.stories.jsx[2m > [22m[2mNo Students
[22m[39m[FilesContext] About to set up File observeQuery
[90mstdout[2m | src/components/Section/AccommodationsDialog.stories.jsx[2m > [22m[2mNo Students
[22m[39m[ChatContext] Setting up AssistantChat observeQuery
[90mstdout[2m | src/components/Section/AccommodationsDialog.stories.jsx[2m > [22m[2mNo Students
[22m[39m[ChatContext] Waiting for subscription to initialize
[90mstdout[2m | src/components/Section/AccommodationsDialog.stories.jsx[2m > [22m[2mNo Students
[22m[39m[SettingsContext] Setting up Settings subscription for user: mock-user-sub
[90mstdout[2m | src/components/Section/AccommodationsDialog.stories.jsx[2m > [22m[2mNo Students
[22m[39m[Mock Data] Settings created: mock-settings-1790418915438 - notified 0 subscribers
[90mstdout[2m | src/components/Section/AccommodationsDialog.stories.jsx[2m > [22m[2mNo Students
[22m[39m[Mock Data] Unit.onUpdate() subscription added. Total: 1
[90mstdout[2m | src/components/Section/AccommodationsDialog.stories.jsx[2m > [22m[2mNo Students
[22m[39m[SectionContext] Section observeQuery update: 0
[90mstdout[2m | src/components/Section/AccommodationsDialog.stories.jsx[2m > [22m[2mNo Students
[22m[39m[FilesContext] File observeQuery update: 6 files
[90mstdout[2m | src/components/Section/AccommodationsDialog.stories.jsx[2m > [22m[2mNo Students
[22m[39m[ChatContext] AssistantChat initialized with 1 chats
[90mstdout[2m | src/components/Section/AccommodationsDialog.stories.jsx[2m > [22m[2mNo Students
[22m[39m[ChatContext] Setting initial chat: mock-assistant-chat-1
[90mstdout[2m | src/components/Section/AccommodationsDialog.stories.jsx[2m > [22m[2mNo Students
[22m[39m[MOCK CourseVectorStore] Initialized with mock data
[90mstdout[2m | src/components/Section/AccommodationsDialog.stories.jsx[2m > [22m[2mNo Students
[22m[39m[FilesContext] Vector store population triggered {
  "currentVectorStoreSize": 3,
  "documentsCount": 0,
  "filesCount": 6,
  "isInitialLoad": true,
}
[90mstdout[2m | src/components/Section/AccommodationsDialog.stories.jsx[2m > [22m[2mNo Students
[22m[39m[FilesContext] Vector store population complete - 3 total embeddings
[90mstdout[2m | src/components/Section/AccommodationsDialog.stories.jsx[2m > [22m[2mNo Students
[22m[39m[ChatContext] Chat exists and not archived, skipping creation
[90mstdout[2m | src/components/Section/AccommodationsDialog.stories.jsx[2m > [22m[2mNo Students
[22m[39m[Mock Storage] downloadData called with: undefined
 [32m✓[39m [30m[45m storybook (chromium) [49m[39m src/components/Section/AccommodationsDialog.stories.jsx [2m([22m[2m3 tests[22m[2m)[22m[33m 732[2mms[22m[39m
   [33m[2m✓[22m[39m Empty [33m 349[2mms[22m[39m
[90mstdout[2m | unknown test
[22m[39m[MOCK vectorStoreDB.js] Module loaded - mock IndexedDB operations
[90mstdout[2m | unknown test
[22m[39m[Task Completion] DOM action listeners initialized
[90mstdout[2m | unknown test
[22m[39m[Task Completion] Auto-completion detector initialized
[90mstdout[2m | unknown test
[22m[39m[Preview] Task completion detector initialized
[90mstdout[2m | src/components/Gamification/ChallengeRecapCard.stories.tsx[2m > [22m[2mWith Recaps
[22m[39m[MOCK CourseVectorStore] Initialized with mock data
[90mstdout[2m | src/components/Gamification/ChallengeRecapCard.stories.tsx[2m > [22m[2mWith Recaps
[22m[39m[TranslationModeController] Setting mode to: off
[90mstdout[2m | src/components/Gamification/ChallengeRecapCard.stories.tsx[2m > [22m[2mWith Recaps
[22m[39m[UnitContext] useEffect triggered {
  "authLoading": false,
  "hasUser": true,
  "id": "mock-unit-id",
  "userSub": "mock-user-sub",
}
[90mstdout[2m | src/components/Gamification/ChallengeRecapCard.stories.tsx[2m > [22m[2mWith Recaps
[22m[39m[UnitContext] Fetching unit data for id: mock-unit-id
[90mstdout[2m | src/components/Gamification/ChallengeRecapCard.stories.tsx[2m > [22m[2mWith Recaps
[22m[39m[FilesContext] Initializing vector store from IndexedDB
[90mstdout[2m | src/components/Gamification/ChallengeRecapCard.stories.tsx[2m > [22m[2mWith Recaps
[22m[39m[FilesContext] fetchFiles called
[90mstdout[2m | src/components/Gamification/ChallengeRecapCard.stories.tsx[2m > [22m[2mWith Recaps
[22m[39m[FilesContext] User authenticated: mock-user-sub
[90mstdout[2m | src/components/Gamification/ChallengeRecapCard.stories.tsx[2m > [22m[2mWith Recaps
[22m[39m[FilesContext] Identity ID: us-east-1:mock-identity-123
[90mstdout[2m | src/components/Gamification/ChallengeRecapCard.stories.tsx[2m > [22m[2mWith Recaps
[22m[39m[FilesContext] About to set up File observeQuery
[90mstdout[2m | src/components/Gamification/ChallengeRecapCard.stories.tsx[2m > [22m[2mWith Recaps
[22m[39m[ChatContext] Setting up AssistantChat observeQuery
[90mstdout[2m | src/components/Gamification/ChallengeRecapCard.stories.tsx[2m > [22m[2mWith Recaps
[22m[39m[ChatContext] Waiting for subscription to initialize
[90mstdout[2m | src/components/Gamification/ChallengeRecapCard.stories.tsx[2m > [22m[2mWith Recaps
[22m[39m[SettingsContext] Setting up Settings subscription for user: mock-user-sub
[90mstdout[2m | src/components/Gamification/ChallengeRecapCard.stories.tsx[2m > [22m[2mWith Recaps
[22m[39m[Mock Data] Settings created: mock-settings-1790418916063 - notified 0 subscribers
[90mstdout[2m | src/components/Gamification/ChallengeRecapCard.stories.tsx[2m > [22m[2mWith Recaps
[22m[39m[Mock Data] Unit.onUpdate() subscription added. Total: 1
[90mstdout[2m | src/components/Gamification/ChallengeRecapCard.stories.tsx[2m > [22m[2mWith Recaps
[22m[39m[SectionContext] Section observeQuery update: 0
[90mstdout[2m | src/components/Gamification/ChallengeRecapCard.stories.tsx[2m > [22m[2mWith Recaps
[22m[39m[FilesContext] File observeQuery update: 6 files
[90mstdout[2m | src/components/Gamification/ChallengeRecapCard.stories.tsx[2m > [22m[2mWith Recaps
[22m[39m[ChatContext] AssistantChat initialized with 1 chats
[90mstdout[2m | src/components/Gamification/ChallengeRecapCard.stories.tsx[2m > [22m[2mWith Recaps
[22m[39m[ChatContext] Setting initial chat: mock-assistant-chat-1
[90mstdout[2m | src/components/Gamification/ChallengeRecapCard.stories.tsx[2m > [22m[2mWith Recaps
[22m[39m[MOCK CourseVectorStore] Initialized with mock data
[90mstdout[2m | src/components/Gamification/ChallengeRecapCard.stories.tsx[2m > [22m[2mWith Recaps
[22m[39m[FilesContext] Vector store population triggered {
  "currentVectorStoreSize": 3,
  "documentsCount": 0,
  "filesCount": 6,
  "isInitialLoad": true,
}
[90mstdout[2m | src/components/Gamification/ChallengeRecapCard.stories.tsx[2m > [22m[2mWith Recaps
[22m[39m[FilesContext] Vector store population complete - 3 total embeddings
[90mstdout[2m | src/components/Gamification/ChallengeRecapCard.stories.tsx[2m > [22m[2mWith Recaps
[22m[39m[ChatContext] Chat exists and not archived, skipping creation
[90mstdout[2m | src/components/Gamification/ChallengeRecapCard.stories.tsx[2m > [22m[2mWith Recaps
[22m[39m[Mock Storage] downloadData called with: undefined
[90mstdout[2m | src/components/Gamification/ChallengeRecapCard.stories.tsx[2m > [22m[2mNo Recaps
[22m[39m[ChatContext] Cleaning up subscriptions
[90mstdout[2m | src/components/Gamification/ChallengeRecapCard.stories.tsx[2m > [22m[2mNo Recaps
[22m[39m[Mock Data] Unit.onUpdate() subscription removed. Remaining: 0
[90mstdout[2m | src/components/Gamification/ChallengeRecapCard.stories.tsx[2m > [22m[2mNo Recaps
[22m[39m[MOCK CourseVectorStore] Initialized with mock data
[90mstdout[2m | src/components/Gamification/ChallengeRecapCard.stories.tsx[2m > [22m[2mNo Recaps
[22m[39m[TranslationModeController] Setting mode to: off
[90mstdout[2m | src/components/Gamification/ChallengeRecapCard.stories.tsx[2m > [22m[2mNo Recaps
[22m[39m[UnitContext] useEffect triggered {
  "authLoading": false,
  "hasUser": true,
  "id": "mock-unit-id",
  "userSub": "mock-user-sub",
}
[90mstdout[2m | src/components/Gamification/ChallengeRecapCard.stories.tsx[2m > [22m[2mNo Recaps
[22m[39m[UnitContext] Fetching unit data for id: mock-unit-id
[90mstdout[2m | src/components/Gamification/ChallengeRecapCard.stories.tsx[2m > [22m[2mNo Recaps
[22m[39m[FilesContext] Initializing vector store from IndexedDB
[90mstdout[2m | src/components/Gamification/ChallengeRecapCard.stories.tsx[2m > [22m[2mNo Recaps
[22m[39m[FilesContext] fetchFiles called
[90mstdout[2m | src/components/Gamification/ChallengeRecapCard.stories.tsx[2m > [22m[2mNo Recaps
[22m[39m[FilesContext] User authenticated: mock-user-sub
[90mstdout[2m | src/components/Gamification/ChallengeRecapCard.stories.tsx[2m > [22m[2mNo Recaps
[22m[39m[FilesContext] Identity ID: us-east-1:mock-identity-123
[90mstdout[2m | src/components/Gamification/ChallengeRecapCard.stories.tsx[2m > [22m[2mNo Recaps
[22m[39m[FilesContext] About to set up File observeQuery
[90mstdout[2m | src/components/Gamification/ChallengeRecapCard.stories.tsx[2m > [22m[2mNo Recaps
[22m[39m[ChatContext] Setting up AssistantChat observeQuery
[90mstdout[2m | src/components/Gamification/ChallengeRecapCard.stories.tsx[2m > [22m[2mNo Recaps
[22m[39m[ChatContext] Waiting for subscription to initialize
[90mstdout[2m | src/components/Gamification/ChallengeRecapCard.stories.tsx[2m > [22m[2mNo Recaps
[22m[39m[SettingsContext] Setting up Settings subscription for user: mock-user-sub
[90mstdout[2m | src/components/Gamification/ChallengeRecapCard.stories.tsx[2m > [22m[2mNo Recaps
[22m[39m[Mock Data] Settings created: mock-settings-1790418916292 - notified 0 subscribers
[90mstdout[2m | src/components/Gamification/ChallengeRecapCard.stories.tsx[2m > [22m[2mNo Recaps
[22m[39m[Mock Data] Unit.onUpdate() subscription added. Total: 1
[90mstdout[2m | src/components/Gamification/ChallengeRecapCard.stories.tsx[2m > [22m[2mNo Recaps
[22m[39m[SectionContext] Section observeQuery update: 0
[90mstdout[2m | src/components/Gamification/ChallengeRecapCard.stories.tsx[2m > [22m[2mNo Recaps
[22m[39m[FilesContext] File observeQuery update: 6 files
[90mstdout[2m | src/components/Gamification/ChallengeRecapCard.stories.tsx[2m > [22m[2mNo Recaps
[22m[39m[ChatContext] AssistantChat initialized with 1 chats
[90mstdout[2m | src/components/Gamification/ChallengeRecapCard.stories.tsx[2m > [22m[2mNo Recaps
[22m[39m[ChatContext] Setting initial chat: mock-assistant-chat-1
[90mstdout[2m | src/components/Gamification/ChallengeRecapCard.stories.tsx[2m > [22m[2mNo Recaps
[22m[39m[Mock Storage] downloadData called with: undefined
[90mstdout[2m | src/components/Gamification/ChallengeRecapCard.stories.tsx[2m > [22m[2mNo Recaps
[22m[39m[MOCK CourseVectorStore] Initialized with mock data
[90mstdout[2m | src/components/Gamification/ChallengeRecapCard.stories.tsx[2m > [22m[2mNo Recaps
[22m[39m[FilesContext] Vector store population triggered {
  "currentVectorStoreSize": 3,
  "documentsCount": 0,
  "filesCount": 6,
  "isInitialLoad": true,
}
[90mstdout[2m | src/components/Gamification/ChallengeRecapCard.stories.tsx[2m > [22m[2mNo Recaps
[22m[39m[FilesContext] Vector store population complete - 3 total embeddings
[90mstdout[2m | src/components/Gamification/ChallengeRecapCard.stories.tsx[2m > [22m[2mNo Recaps
[22m[39m[ChatContext] Chat exists and not archived, skipping creation
[90mstdout[2m | src/components/Gamification/ChallengeRecapCard.stories.tsx[2m > [22m[2mNo Recaps Learner View
[22m[39m[ChatContext] Cleaning up subscriptions
[90mstdout[2m | src/components/Gamification/ChallengeRecapCard.stories.tsx[2m > [22m[2mNo Recaps Learner View
[22m[39m[Mock Data] Unit.onUpdate() subscription removed. Remaining: 0
[90mstdout[2m | src/components/Gamification/ChallengeRecapCard.stories.tsx[2m > [22m[2mNo Recaps Learner View
[22m[39m[MOCK CourseVectorStore] Initialized with mock data
[90mstdout[2m | src/components/Gamification/ChallengeRecapCard.stories.tsx[2m > [22m[2mNo Recaps Learner View
[22m[39m[TranslationModeController] Setting mode to: off
[90mstdout[2m | src/components/Gamification/ChallengeRecapCard.stories.tsx[2m > [22m[2mNo Recaps Learner View
[22m[39m[UnitContext] useEffect triggered {
  "authLoading": false,
  "hasUser": true,
  "id": "mock-unit-id",
  "userSub": "mock-user-sub",
}
[90mstdout[2m | src/components/Gamification/ChallengeRecapCard.stories.tsx[2m > [22m[2mNo Recaps Learner View
[22m[39m[UnitContext] Fetching unit data for id: mock-unit-id
[90mstdout[2m | src/components/Gamification/ChallengeRecapCard.stories.tsx[2m > [22m[2mNo Recaps Learner View
[22m[39m[FilesContext] Initializing vector store from IndexedDB
[90mstdout[2m | src/components/Gamification/ChallengeRecapCard.stories.tsx[2m > [22m[2mNo Recaps Learner View
[22m[39m[FilesContext] fetchFiles called
[90mstdout[2m | src/components/Gamification/ChallengeRecapCard.stories.tsx[2m > [22m[2mNo Recaps Learner View
[22m[39m[FilesContext] User authenticated: mock-user-sub
[90mstdout[2m | src/components/Gamification/ChallengeRecapCard.stories.tsx[2m > [22m[2mNo Recaps Learner View
[22m[39m[FilesContext] Identity ID: us-east-1:mock-identity-123
[90mstdout[2m | src/components/Gamification/ChallengeRecapCard.stories.tsx[2m > [22m[2mNo Recaps Learner View
[22m[39m[FilesContext] About to set up File observeQuery
[90mstdout[2m | src/components/Gamification/ChallengeRecapCard.stories.tsx[2m > [22m[2mNo Recaps Learner View
[22m[39m[ChatContext] Setting up AssistantChat observeQuery
[90mstdout[2m | src/components/Gamification/ChallengeRecapCard.stories.tsx[2m > [22m[2mNo Recaps Learner View
[22m[39m[ChatContext] Waiting for subscription to initialize
[90mstdout[2m | src/components/Gamification/ChallengeRecapCard.stories.tsx[2m > [22m[2mNo Recaps Learner View
[22m[39m[SettingsContext] Setting up Settings subscription for user: mock-user-sub
[90mstdout[2m | src/components/Gamification/ChallengeRecapCard.stories.tsx[2m > [22m[2mNo Recaps Learner View
[22m[39m[Mock Data] Settings created: mock-settings-1790418916406 - notified 0 subscribers
[90mstdout[2m | src/components/Gamification/ChallengeRecapCard.stories.tsx[2m > [22m[2mNo Recaps Learner View
[22m[39m[Mock Data] Unit.onUpdate() subscription added. Total: 1
[90mstdout[2m | src/components/Gamification/ChallengeRecapCard.stories.tsx[2m > [22m[2mNo Recaps Learner View
[22m[39m[SectionContext] Section observeQuery update: 0
[90mstdout[2m | src/components/Gamification/ChallengeRecapCard.stories.tsx[2m > [22m[2mNo Recaps Learner View
[22m[39m[FilesContext] File observeQuery update: 6 files
[90mstdout[2m | src/components/Gamification/ChallengeRecapCard.stories.tsx[2m > [22m[2mNo Recaps Learner View
[22m[39m[ChatContext] AssistantChat initialized with 1 chats
[90mstdout[2m | src/components/Gamification/ChallengeRecapCard.stories.tsx[2m > [22m[2mNo Recaps Learner View
[22m[39m[ChatContext] Setting initial chat: mock-assistant-chat-1
[90mstdout[2m | src/components/Gamification/ChallengeRecapCard.stories.tsx[2m > [22m[2mNo Recaps Learner View
[22m[39m[Mock Storage] downloadData called with: undefined
[90mstdout[2m | src/components/Gamification/ChallengeRecapCard.stories.tsx[2m > [22m[2mNo Recaps Learner View
[22m[39m[MOCK CourseVectorStore] Initialized with mock data
[90mstdout[2m | src/components/Gamification/ChallengeRecapCard.stories.tsx[2m > [22m[2mNo Recaps Learner View
[22m[39m[FilesContext] Vector store population triggered {
  "currentVectorStoreSize": 3,
  "documentsCount": 0,
  "filesCount": 6,
  "isInitialLoad": true,
}
[90mstdout[2m | src/components/Gamification/ChallengeRecapCard.stories.tsx[2m > [22m[2mNo Recaps Learner View
[22m[39m[FilesContext] Vector store population complete - 3 total embeddings
[90mstdout[2m | src/components/Gamification/ChallengeRecapCard.stories.tsx[2m > [22m[2mNo Recaps Learner View
[22m[39m[ChatContext] Chat exists and not archived, skipping creation
[90mstdout[2m | src/components/Gamification/ChallengeRecapCard.stories.tsx[2m > [22m[2mGenerating
[22m[39m[ChatContext] Cleaning up subscriptions
[90mstdout[2m | src/components/Gamification/ChallengeRecapCard.stories.tsx[2m > [22m[2mGenerating
[22m[39m[Mock Data] Unit.onUpdate() subscription removed. Remaining: 0
[90mstdout[2m | src/components/Gamification/ChallengeRecapCard.stories.tsx[2m > [22m[2mGenerating
[22m[39m[MOCK CourseVectorStore] Initialized with mock data
[90mstdout[2m | src/components/Gamification/ChallengeRecapCard.stories.tsx[2m > [22m[2mGenerating
[22m[39m[TranslationModeController] Setting mode to: off
[90mstdout[2m | src/components/Gamification/ChallengeRecapCard.stories.tsx[2m > [22m[2mGenerating
[22m[39m[UnitContext] useEffect triggered {
  "authLoading": false,
  "hasUser": true,
  "id": "mock-unit-id",
  "userSub": "mock-user-sub",
}
[90mstdout[2m | src/components/Gamification/ChallengeRecapCard.stories.tsx[2m > [22m[2mGenerating
[22m[39m[UnitContext] Fetching unit data for id: mock-unit-id
[90mstdout[2m | src/components/Gamification/ChallengeRecapCard.stories.tsx[2m > [22m[2mGenerating
[22m[39m[FilesContext] Initializing vector store from IndexedDB
[90mstdout[2m | src/components/Gamification/ChallengeRecapCard.stories.tsx[2m > [22m[2mGenerating
[22m[39m[FilesContext] fetchFiles called
[90mstdout[2m | src/components/Gamification/ChallengeRecapCard.stories.tsx[2m > [22m[2mGenerating
[22m[39m[FilesContext] User authenticated: mock-user-sub
[90mstdout[2m | src/components/Gamification/ChallengeRecapCard.stories.tsx[2m > [22m[2mGenerating
[22m[39m[FilesContext] Identity ID: us-east-1:mock-identity-123
[90mstdout[2m | src/components/Gamification/ChallengeRecapCard.stories.tsx[2m > [22m[2mGenerating
[22m[39m[FilesContext] About to set up File observeQuery
[90mstdout[2m | src/components/Gamification/ChallengeRecapCard.stories.tsx[2m > [22m[2mGenerating
[22m[39m[ChatContext] Setting up AssistantChat observeQuery
[90mstdout[2m | src/components/Gamification/ChallengeRecapCard.stories.tsx[2m > [22m[2mGenerating
[22m[39m[ChatContext] Waiting for subscription to initialize
[90mstdout[2m | src/components/Gamification/ChallengeRecapCard.stories.tsx[2m > [22m[2mGenerating
[22m[39m[SettingsContext] Setting up Settings subscription for user: mock-user-sub
[90mstdout[2m | src/components/Gamification/ChallengeRecapCard.stories.tsx[2m > [22m[2mGenerating
[22m[39m[Mock Data] Settings created: mock-settings-1790418916531 - notified 0 subscribers
[90mstdout[2m | src/components/Gamification/ChallengeRecapCard.stories.tsx[2m > [22m[2mGenerating
[22m[39m[Mock Data] Unit.onUpdate() subscription added. Total: 1
[90mstdout[2m | src/components/Gamification/ChallengeRecapCard.stories.tsx[2m > [22m[2mGenerating
[22m[39m[SectionContext] Section observeQuery update: 0
[90mstdout[2m | src/components/Gamification/ChallengeRecapCard.stories.tsx[2m > [22m[2mGenerating
[22m[39m[FilesContext] File observeQuery update: 6 files
[90mstdout[2m | src/components/Gamification/ChallengeRecapCard.stories.tsx[2m > [22m[2mGenerating
[22m[39m[Mock Storage] downloadData called with: undefined
[90mstdout[2m | src/components/Gamification/ChallengeRecapCard.stories.tsx[2m > [22m[2mGenerating
[22m[39m[ChatContext] AssistantChat initialized with 1 chats
[90mstdout[2m | src/components/Gamification/ChallengeRecapCard.stories.tsx[2m > [22m[2mGenerating
[22m[39m[ChatContext] Setting initial chat: mock-assistant-chat-1
[90mstdout[2m | src/components/Gamification/ChallengeRecapCard.stories.tsx[2m > [22m[2mGenerating
[22m[39m[MOCK CourseVectorStore] Initialized with mock data
[90mstdout[2m | src/components/Gamification/ChallengeRecapCard.stories.tsx[2m > [22m[2mGenerating
[22m[39m[FilesContext] Vector store population triggered {
  "currentVectorStoreSize": 3,
  "documentsCount": 0,
  "filesCount": 6,
  "isInitialLoad": true,
}
[90mstdout[2m | src/components/Gamification/ChallengeRecapCard.stories.tsx[2m > [22m[2mGenerating
[22m[39m[FilesContext] Vector store population complete - 3 total embeddings
[90mstdout[2m | src/components/Gamification/ChallengeRecapCard.stories.tsx[2m > [22m[2mGenerating
[22m[39m[ChatContext] Chat exists and not archived, skipping creation
[90mstdout[2m | src/components/Gamification/ChallengeRecapCard.stories.tsx[2m > [22m[2mLearner View
[22m[39m[ChatContext] Cleaning up subscriptions
[90mstdout[2m | src/components/Gamification/ChallengeRecapCard.stories.tsx[2m > [22m[2mLearner View
[22m[39m[Mock Data] Unit.onUpdate() subscription removed. Remaining: 0
[90mstdout[2m | src/components/Gamification/ChallengeRecapCard.stories.tsx[2m > [22m[2mLearner View
[22m[39m[MOCK CourseVectorStore] Initialized with mock data
[90mstdout[2m | src/components/Gamification/ChallengeRecapCard.stories.tsx[2m > [22m[2mLearner View
[22m[39m[TranslationModeController] Setting mode to: off
[90mstdout[2m | src/components/Gamification/ChallengeRecapCard.stories.tsx[2m > [22m[2mLearner View
[22m[39m[UnitContext] useEffect triggered {
  "authLoading": false,
  "hasUser": true,
  "id": "mock-unit-id",
  "userSub": "mock-user-sub",
}
[90mstdout[2m | src/components/Gamification/ChallengeRecapCard.stories.tsx[2m > [22m[2mLearner View
[22m[39m[UnitContext] Fetching unit data for id: mock-unit-id
[90mstdout[2m | src/components/Gamification/ChallengeRecapCard.stories.tsx[2m > [22m[2mLearner View
[22m[39m[FilesContext] Initializing vector store from IndexedDB
[90mstdout[2m | src/components/Gamification/ChallengeRecapCard.stories.tsx[2m > [22m[2mLearner View
[22m[39m[FilesContext] fetchFiles called
[90mstdout[2m | src/components/Gamification/ChallengeRecapCard.stories.tsx[2m > [22m[2mLearner View
[22m[39m[FilesContext] User authenticated: mock-user-sub
[90mstdout[2m | src/components/Gamification/ChallengeRecapCard.stories.tsx[2m > [22m[2mLearner View
[22m[39m[FilesContext] Identity ID: us-east-1:mock-identity-123
[90mstdout[2m | src/components/Gamification/ChallengeRecapCard.stories.tsx[2m > [22m[2mLearner View
[22m[39m[FilesContext] About to set up File observeQuery
[90mstdout[2m | src/components/Gamification/ChallengeRecapCard.stories.tsx[2m > [22m[2mLearner View
[22m[39m[ChatContext] Setting up AssistantChat observeQuery
[90mstdout[2m | src/components/Gamification/ChallengeRecapCard.stories.tsx[2m > [22m[2mLearner View
[22m[39m[ChatContext] Waiting for subscription to initialize
[90mstdout[2m | src/components/Gamification/ChallengeRecapCard.stories.tsx[2m > [22m[2mLearner View
[22m[39m[SettingsContext] Setting up Settings subscription for user: mock-user-sub
[90mstdout[2m | src/components/Gamification/ChallengeRecapCard.stories.tsx[2m > [22m[2mLearner View
[22m[39m[Mock Data] Settings created: mock-settings-1790418916675 - notified 0 subscribers
[90mstdout[2m | src/components/Gamification/ChallengeRecapCard.stories.tsx[2m > [22m[2mLearner View
[22m[39m[Mock Data] Unit.onUpdate() subscription added. Total: 1
[90mstdout[2m | src/components/Gamification/ChallengeRecapCard.stories.tsx[2m > [22m[2mLearner View
[22m[39m[SectionContext] Section observeQuery update: 0
[90mstdout[2m | src/components/Gamification/ChallengeRecapCard.stories.tsx[2m > [22m[2mLearner View
[22m[39m[FilesContext] File observeQuery update: 6 files
[90mstdout[2m | src/components/Gamification/ChallengeRecapCard.stories.tsx[2m > [22m[2mLearner View
[22m[39m[ChatContext] AssistantChat initialized with 1 chats
[90mstdout[2m | src/components/Gamification/ChallengeRecapCard.stories.tsx[2m > [22m[2mLearner View
[22m[39m[ChatContext] Setting initial chat: mock-assistant-chat-1
[90mstdout[2m | src/components/Gamification/ChallengeRecapCard.stories.tsx[2m > [22m[2mLearner View
[22m[39m[MOCK CourseVectorStore] Initialized with mock data
[90mstdout[2m | src/components/Gamification/ChallengeRecapCard.stories.tsx[2m > [22m[2mLearner View
[22m[39m[FilesContext] Vector store population triggered {
  "currentVectorStoreSize": 3,
  "documentsCount": 0,
  "filesCount": 6,
  "isInitialLoad": true,
}
[90mstdout[2m | src/components/Gamification/ChallengeRecapCard.stories.tsx[2m > [22m[2mLearner View
[22m[39m[FilesContext] Vector store population complete - 3 total embeddings
[90mstdout[2m | src/components/Gamification/ChallengeRecapCard.stories.tsx[2m > [22m[2mLearner View
[22m[39m[ChatContext] Chat exists and not archived, skipping creation
[90mstdout[2m | src/components/Gamification/ChallengeRecapCard.stories.tsx[2m > [22m[2mLearner View
[22m[39m[Mock Storage] downloadData called with: undefined
 [32m✓[39m [30m[45m storybook (chromium) [49m[39m src/components/Gamification/ChallengeRecapCard.stories.tsx [2m([22m[2m5 tests[22m[2m)[22m[33m 874[2mms[22m[39m
   [33m[2m✓[22m[39m With Recaps [33m 309[2mms[22m[39m
[90mstdout[2m | unknown test
[22m[39m[MOCK vectorStoreDB.js] Module loaded - mock IndexedDB operations
[90mstdout[2m | unknown test
[22m[39m[Task Completion] DOM action listeners initialized
[90mstdout[2m | unknown test
[22m[39m[Task Completion] Auto-completion detector initialized
[90mstdout[2m | unknown test
[22m[39m[Preview] Task completion detector initialized
[90mstdout[2m | src/components/SortableAnswers.stories.jsx[2m > [22m[2mDefault
[22m[39m[MOCK CourseVectorStore] Initialized with mock data
[90mstdout[2m | src/components/SortableAnswers.stories.jsx[2m > [22m[2mDefault
[22m[39manswers [
  {
    "answer": "Paris",
    "correct": true,
  },
  {
    "answer": "London",
    "correct": false,
  },
  {
    "answer": "Berlin",
    "correct": false,
  },
  {
    "answer": "Madrid",
    "correct": false,
  },
]
[90mstdout[2m | src/components/SortableAnswers.stories.jsx[2m > [22m[2mDefault
[22m[39mAnswer {
  "answer": "Paris",
  "correct": true,
}
[90mstdout[2m | src/components/SortableAnswers.stories.jsx[2m > [22m[2mDefault
[22m[39mAnswer {
  "answer": "London",
  "correct": false,
}
[90mstdout[2m | src/components/SortableAnswers.stories.jsx[2m > [22m[2mDefault
[22m[39mAnswer {
  "answer": "Berlin",
  "correct": false,
}
[90mstdout[2m | src/components/SortableAnswers.stories.jsx[2m > [22m[2mDefault
[22m[39mAnswer {
  "answer": "Madrid",
  "correct": false,
}
[90mstdout[2m | src/components/SortableAnswers.stories.jsx[2m > [22m[2mDefault
[22m[39m[TranslationModeController] Setting mode to: off
[90mstdout[2m | src/components/SortableAnswers.stories.jsx[2m > [22m[2mDefault
[22m[39m[UnitContext] useEffect triggered {
  "authLoading": false,
  "hasUser": true,
  "id": "mock-unit-id",
  "userSub": "mock-user-sub",
}
[90mstdout[2m | src/components/SortableAnswers.stories.jsx[2m > [22m[2mDefault
[22m[39m[UnitContext] Fetching unit data for id: mock-unit-id
[90mstdout[2m | src/components/SortableAnswers.stories.jsx[2m > [22m[2mDefault
[22m[39m[FilesContext] Initializing vector store from IndexedDB
[90mstdout[2m | src/components/SortableAnswers.stories.jsx[2m > [22m[2mDefault
[22m[39m[FilesContext] fetchFiles called
[90mstdout[2m | src/components/SortableAnswers.stories.jsx[2m > [22m[2mDefault
[22m[39m[FilesContext] User authenticated: mock-user-sub
[90mstdout[2m | src/components/SortableAnswers.stories.jsx[2m > [22m[2mDefault
[22m[39m[FilesContext] Identity ID: us-east-1:mock-identity-123
[90mstdout[2m | src/components/SortableAnswers.stories.jsx[2m > [22m[2mDefault
[22m[39m[FilesContext] About to set up File observeQuery
[90mstdout[2m | src/components/SortableAnswers.stories.jsx[2m > [22m[2mDefault
[22m[39m[ChatContext] Setting up AssistantChat observeQuery
[90mstdout[2m | src/components/SortableAnswers.stories.jsx[2m > [22m[2mDefault
[22m[39m[ChatContext] Waiting for subscription to initialize
[90mstdout[2m | src/components/SortableAnswers.stories.jsx[2m > [22m[2mDefault
[22m[39m[SettingsContext] Setting up Settings subscription for user: mock-user-sub
[90mstdout[2m | src/components/SortableAnswers.stories.jsx[2m > [22m[2mDefault
[22m[39mAnswer {
  "answer": "Paris",
  "correct": true,
}
[90mstdout[2m | src/components/SortableAnswers.stories.jsx[2m > [22m[2mDefault
[22m[39mAnswer {
  "answer": "London",
  "correct": false,
}
[90mstdout[2m | src/components/SortableAnswers.stories.jsx[2m > [22m[2mDefault
[22m[39mAnswer {
  "answer": "Berlin",
  "correct": false,
}
[90mstdout[2m | src/components/SortableAnswers.stories.jsx[2m > [22m[2mDefault
[22m[39mAnswer {
  "answer": "Madrid",
  "correct": false,
}
[90mstdout[2m | src/components/SortableAnswers.stories.jsx[2m > [22m[2mDefault
[22m[39m[Mock Data] Settings created: mock-settings-1790418917396 - notified 0 subscribers
[90mstdout[2m | src/components/SortableAnswers.stories.jsx[2m > [22m[2mDefault
[22m[39m[Mock Data] Unit.onUpdate() subscription added. Total: 1
[90mstdout[2m | src/components/SortableAnswers.stories.jsx[2m > [22m[2mDefault
[22m[39m[SectionContext] Section observeQuery update: 0
[90mstdout[2m | src/components/SortableAnswers.stories.jsx[2m > [22m[2mDefault
[22m[39m[FilesContext] File observeQuery update: 6 files
[90mstdout[2m | src/components/SortableAnswers.stories.jsx[2m > [22m[2mDefault
[22m[39m[ChatContext] AssistantChat initialized with 1 chats
[90mstdout[2m | src/components/SortableAnswers.stories.jsx[2m > [22m[2mDefault
[22m[39m[ChatContext] Setting initial chat: mock-assistant-chat-1
[90mstdout[2m | src/components/SortableAnswers.stories.jsx[2m > [22m[2mDefault
[22m[39m[MOCK CourseVectorStore] Initialized with mock data
[90mstdout[2m | src/components/SortableAnswers.stories.jsx[2m > [22m[2mDefault
[22m[39m[FilesContext] Vector store population triggered {
  "currentVectorStoreSize": 3,
  "documentsCount": 0,
  "filesCount": 6,
  "isInitialLoad": true,
}
[90mstdout[2m | src/components/SortableAnswers.stories.jsx[2m > [22m[2mDefault
[22m[39m[FilesContext] Vector store population complete - 3 total embeddings
[90mstdout[2m | src/components/SortableAnswers.stories.jsx[2m > [22m[2mDefault
[22m[39m[ChatContext] Chat exists and not archived, skipping creation
[90mstdout[2m | src/components/SortableAnswers.stories.jsx[2m > [22m[2mDefault
[22m[39m[Mock Storage] downloadData called with: undefined
[90mstdout[2m | src/components/SortableAnswers.stories.jsx[2m > [22m[2mSingle Answer
[22m[39m[ChatContext] Cleaning up subscriptions
[90mstdout[2m | src/components/SortableAnswers.stories.jsx[2m > [22m[2mSingle Answer
[22m[39m[Mock Data] Unit.onUpdate() subscription removed. Remaining: 0
[90mstdout[2m | src/components/SortableAnswers.stories.jsx[2m > [22m[2mSingle Answer
[22m[39m[MOCK CourseVectorStore] Initialized with mock data
[90mstdout[2m | src/components/SortableAnswers.stories.jsx[2m > [22m[2mSingle Answer
[22m[39manswers [
  {
    "answer": "Single answer",
    "correct": true,
  },
]
[90mstdout[2m | src/components/SortableAnswers.stories.jsx[2m > [22m[2mSingle Answer
[22m[39mAnswer {
  "answer": "Single answer",
  "correct": true,
}
[90mstdout[2m | src/components/SortableAnswers.stories.jsx[2m > [22m[2mSingle Answer
[22m[39m[TranslationModeController] Setting mode to: off
[90mstdout[2m | src/components/SortableAnswers.stories.jsx[2m > [22m[2mSingle Answer
[22m[39m[UnitContext] useEffect triggered {
  "authLoading": false,
  "hasUser": true,
  "id": "mock-unit-id",
  "userSub": "mock-user-sub",
}
[90mstdout[2m | src/components/SortableAnswers.stories.jsx[2m > [22m[2mSingle Answer
[22m[39m[UnitContext] Fetching unit data for id: mock-unit-id
[90mstdout[2m | src/components/SortableAnswers.stories.jsx[2m > [22m[2mSingle Answer
[22m[39m[FilesContext] Initializing vector store from IndexedDB
[90mstdout[2m | src/components/SortableAnswers.stories.jsx[2m > [22m[2mSingle Answer
[22m[39m[FilesContext] fetchFiles called
[90mstdout[2m | src/components/SortableAnswers.stories.jsx[2m > [22m[2mSingle Answer
[22m[39m[FilesContext] User authenticated: mock-user-sub
[90mstdout[2m | src/components/SortableAnswers.stories.jsx[2m > [22m[2mSingle Answer
[22m[39m[FilesContext] Identity ID: us-east-1:mock-identity-123
[90mstdout[2m | src/components/SortableAnswers.stories.jsx[2m > [22m[2mSingle Answer
[22m[39m[FilesContext] About to set up File observeQuery
[90mstdout[2m | src/components/SortableAnswers.stories.jsx[2m > [22m[2mSingle Answer
[22m[39m[ChatContext] Setting up AssistantChat observeQuery
[90mstdout[2m | src/components/SortableAnswers.stories.jsx[2m > [22m[2mSingle Answer
[22m[39m[ChatContext] Waiting for subscription to initialize
[90mstdout[2m | src/components/SortableAnswers.stories.jsx[2m > [22m[2mSingle Answer
[22m[39m[SettingsContext] Setting up Settings subscription for user: mock-user-sub
[90mstdout[2m | src/components/SortableAnswers.stories.jsx[2m > [22m[2mSingle Answer
[22m[39mAnswer {
  "answer": "Single answer",
  "correct": true,
}
[90mstdout[2m | src/components/SortableAnswers.stories.jsx[2m > [22m[2mSingle Answer
[22m[39m[Mock Data] Settings created: mock-settings-1790418917685 - notified 0 subscribers
[90mstdout[2m | src/components/SortableAnswers.stories.jsx[2m > [22m[2mSingle Answer
[22m[39m[Mock Data] Unit.onUpdate() subscription added. Total: 1
[90mstdout[2m | src/components/SortableAnswers.stories.jsx[2m > [22m[2mSingle Answer
[22m[39m[SectionContext] Section observeQuery update: 0
[90mstdout[2m | src/components/SortableAnswers.stories.jsx[2m > [22m[2mSingle Answer
[22m[39m[FilesContext] File observeQuery update: 6 files
[90mstdout[2m | src/components/SortableAnswers.stories.jsx[2m > [22m[2mSingle Answer
[22m[39m[ChatContext] AssistantChat initialized with 1 chats
[90mstdout[2m | src/components/SortableAnswers.stories.jsx[2m > [22m[2mSingle Answer
[22m[39m[ChatContext] Setting initial chat: mock-assistant-chat-1
[90mstdout[2m | src/components/SortableAnswers.stories.jsx[2m > [22m[2mSingle Answer
[22m[39m[MOCK CourseVectorStore] Initialized with mock data
[90mstdout[2m | src/components/SortableAnswers.stories.jsx[2m > [22m[2mSingle Answer
[22m[39m[FilesContext] Vector store population triggered {
  "currentVectorStoreSize": 3,
  "documentsCount": 0,
  "filesCount": 6,
  "isInitialLoad": true,
}
[90mstdout[2m | src/components/SortableAnswers.stories.jsx[2m > [22m[2mSingle Answer
[22m[39m[FilesContext] Vector store population complete - 3 total embeddings
[90mstdout[2m | src/components/SortableAnswers.stories.jsx[2m > [22m[2mSingle Answer
[22m[39m[ChatContext] Chat exists and not archived, skipping creation
[90mstdout[2m | src/components/SortableAnswers.stories.jsx[2m > [22m[2mSingle Answer
[22m[39m[Mock Storage] downloadData called with: undefined
[90mstdout[2m | src/components/SortableAnswers.stories.jsx[2m > [22m[2mMany Answers
[22m[39m[ChatContext] Cleaning up subscriptions
[90mstdout[2m | src/components/SortableAnswers.stories.jsx[2m > [22m[2mMany Answers
[22m[39m[Mock Data] Unit.onUpdate() subscription removed. Remaining: 0
[90mstdout[2m | src/components/SortableAnswers.stories.jsx[2m > [22m[2mMany Answers
[22m[39m[MOCK CourseVectorStore] Initialized with mock data
[90mstdout[2m | src/components/SortableAnswers.stories.jsx[2m > [22m[2mMany Answers
[22m[39manswers [
  {
    "answer": "Answer 1",
    "correct": false,
  },
  {
    "answer": "Answer 2",
    "correct": true,
  },
  {
    "answer": "Answer 3",
    "correct": false,
  },
  {
    "answer": "Answer 4",
    "correct": false,
  },
  {
    "answer": "Answer 5",
    "correct": false,
  },
  {
    "answer": "Answer 6",
    "correct": false,
  },
]
[90mstdout[2m | src/components/SortableAnswers.stories.jsx[2m > [22m[2mMany Answers
[22m[39mAnswer {
  "answer": "Answer 1",
  "correct": false,
}
[90mstdout[2m | src/components/SortableAnswers.stories.jsx[2m > [22m[2mMany Answers
[22m[39mAnswer {
  "answer": "Answer 2",
  "correct": true,
}
[90mstdout[2m | src/components/SortableAnswers.stories.jsx[2m > [22m[2mMany Answers
[22m[39mAnswer {
  "answer": "Answer 3",
  "correct": false,
}
[90mstdout[2m | src/components/SortableAnswers.stories.jsx[2m > [22m[2mMany Answers
[22m[39mAnswer {
  "answer": "Answer 4",
  "correct": false,
}
[90mstdout[2m | src/components/SortableAnswers.stories.jsx[2m > [22m[2mMany Answers
[22m[39mAnswer {
  "answer": "Answer 5",
  "correct": false,
}
[90mstdout[2m | src/components/SortableAnswers.stories.jsx[2m > [22m[2mMany Answers
[22m[39mAnswer {
  "answer": "Answer 6",
  "correct": false,
}
[90mstdout[2m | src/components/SortableAnswers.stories.jsx[2m > [22m[2mMany Answers
[22m[39m[TranslationModeController] Setting mode to: off
[90mstdout[2m | src/components/SortableAnswers.stories.jsx[2m > [22m[2mMany Answers
[22m[39m[UnitContext] useEffect triggered {
  "authLoading": false,
  "hasUser": true,
  "id": "mock-unit-id",
  "userSub": "mock-user-sub",
}
[90mstdout[2m | src/components/SortableAnswers.stories.jsx[2m > [22m[2mMany Answers
[22m[39m[UnitContext] Fetching unit data for id: mock-unit-id
[90mstdout[2m | src/components/SortableAnswers.stories.jsx[2m > [22m[2mMany Answers
[22m[39m[FilesContext] Initializing vector store from IndexedDB
[90mstdout[2m | src/components/SortableAnswers.stories.jsx[2m > [22m[2mMany Answers
[22m[39m[FilesContext] fetchFiles called
[90mstdout[2m | src/components/SortableAnswers.stories.jsx[2m > [22m[2mMany Answers
[22m[39m[FilesContext] User authenticated: mock-user-sub
[90mstdout[2m | src/components/SortableAnswers.stories.jsx[2m > [22m[2mMany Answers
[22m[39m[FilesContext] Identity ID: us-east-1:mock-identity-123
[90mstdout[2m | src/components/SortableAnswers.stories.jsx[2m > [22m[2mMany Answers
[22m[39m[FilesContext] About to set up File observeQuery
[90mstdout[2m | src/components/SortableAnswers.stories.jsx[2m > [22m[2mMany Answers
[22m[39m[ChatContext] Setting up AssistantChat observeQuery
[90mstdout[2m | src/components/SortableAnswers.stories.jsx[2m > [22m[2mMany Answers
[22m[39m[ChatContext] Waiting for subscription to initialize
[90mstdout[2m | src/components/SortableAnswers.stories.jsx[2m > [22m[2mMany Answers
[22m[39m[SettingsContext] Setting up Settings subscription for user: mock-user-sub
[90mstdout[2m | src/components/SortableAnswers.stories.jsx[2m > [22m[2mMany Answers
[22m[39mAnswer {
  "answer": "Answer 1",
  "correct": false,
}
[90mstdout[2m | src/components/SortableAnswers.stories.jsx[2m > [22m[2mMany Answers
[22m[39mAnswer {
  "answer": "Answer 2",
  "correct": true,
}
[90mstdout[2m | src/components/SortableAnswers.stories.jsx[2m > [22m[2mMany Answers
[22m[39mAnswer {
  "answer": "Answer 3",
  "correct": false,
}
[90mstdout[2m | src/components/SortableAnswers.stories.jsx[2m > [22m[2mMany Answers
[22m[39mAnswer {
  "answer": "Answer 4",
  "correct": false,
}
[90mstdout[2m | src/components/SortableAnswers.stories.jsx[2m > [22m[2mMany Answers
[22m[39mAnswer {
  "answer": "Answer 5",
  "correct": false,
}
[90mstdout[2m | src/components/SortableAnswers.stories.jsx[2m > [22m[2mMany Answers
[22m[39mAnswer {
  "answer": "Answer 6",
  "correct": false,
}
[90mstdout[2m | src/components/SortableAnswers.stories.jsx[2m > [22m[2mMany Answers
[22m[39m[Mock Data] Settings created: mock-settings-1790418917911 - notified 0 subscribers
[90mstdout[2m | src/components/SortableAnswers.stories.jsx[2m > [22m[2mMany Answers
[22m[39m[Mock Data] Unit.onUpdate() subscription added. Total: 1
[90mstdout[2m | src/components/SortableAnswers.stories.jsx[2m > [22m[2mMany Answers
[22m[39m[SectionContext] Section observeQuery update: 0
[90mstdout[2m | src/components/SortableAnswers.stories.jsx[2m > [22m[2mMany Answers
[22m[39m[FilesContext] File observeQuery update: 6 files
[90mstdout[2m | src/components/SortableAnswers.stories.jsx[2m > [22m[2mMany Answers
[22m[39m[ChatContext] AssistantChat initialized with 1 chats
[90mstdout[2m | src/components/SortableAnswers.stories.jsx[2m > [22m[2mMany Answers
[22m[39m[ChatContext] Setting initial chat: mock-assistant-chat-1
[90mstdout[2m | src/components/SortableAnswers.stories.jsx[2m > [22m[2mMany Answers
[22m[39m[MOCK CourseVectorStore] Initialized with mock data
[90mstdout[2m | src/components/SortableAnswers.stories.jsx[2m > [22m[2mMany Answers
[22m[39m[FilesContext] Vector store population triggered {
  "currentVectorStoreSize": 3,
  "documentsCount": 0,
  "filesCount": 6,
  "isInitialLoad": true,
}
[90mstdout[2m | src/components/SortableAnswers.stories.jsx[2m > [22m[2mMany Answers
[22m[39m[FilesContext] Vector store population complete - 3 total embeddings
[90mstdout[2m | src/components/SortableAnswers.stories.jsx[2m > [22m[2mMany Answers
[22m[39m[ChatContext] Chat exists and not archived, skipping creation
[90mstdout[2m | src/components/SortableAnswers.stories.jsx[2m > [22m[2mMany Answers
[22m[39m[Mock Storage] downloadData called with: undefined
 [32m✓[39m [30m[45m storybook (chromium) [49m[39m src/components/SortableAnswers.stories.jsx [2m([22m[2m3 tests[22m[2m)[22m[33m 798[2mms[22m[39m
   [33m[2m✓[22m[39m Default [33m 360[2mms[22m[39m
[90mstdout[2m | unknown test
[22m[39m[MOCK vectorStoreDB.js] Module loaded - mock IndexedDB operations
[90mstdout[2m | unknown test
[22m[39m[Task Completion] DOM action listeners initialized
[90mstdout[2m | unknown test
[22m[39m[Task Completion] Auto-completion detector initialized
[90mstdout[2m | unknown test
[22m[39m[Preview] Task completion detector initialized
[90mstdout[2m | src/components/Gamification/SquadJoinPanel.stories.tsx[2m > [22m[2mBrowse Squads
[22m[39m[TranslationModeController] Setting mode to: off
[90mstdout[2m | src/components/Gamification/SquadJoinPanel.stories.tsx[2m > [22m[2mIn Squad
[22m[39m[TranslationModeController] Setting mode to: off
[90mstdout[2m | src/components/Gamification/SquadJoinPanel.stories.tsx[2m > [22m[2mIn Squad As Member
[22m[39m[TranslationModeController] Setting mode to: off
[90mstdout[2m | src/components/Gamification/SquadJoinPanel.stories.tsx[2m > [22m[2mEmpty State
[22m[39m[TranslationModeController] Setting mode to: off
[90mstdout[2m | src/components/Gamification/SquadJoinPanel.stories.tsx[2m > [22m[2mLoading
[22m[39m[TranslationModeController] Setting mode to: off
 [32m✓[39m [30m[45m storybook (chromium) [49m[39m src/components/Gamification/SquadJoinPanel.stories.tsx [2m([22m[2m5 tests[22m[2m)[22m[33m 782[2mms[22m[39m
[90mstdout[2m | unknown test
[22m[39m[MOCK vectorStoreDB.js] Module loaded - mock IndexedDB operations
[90mstdout[2m | unknown test
[22m[39m[Task Completion] DOM action listeners initialized
[90mstdout[2m | unknown test
[22m[39m[Task Completion] Auto-completion detector initialized
[90mstdout[2m | unknown test
[22m[39m[Preview] Task completion detector initialized
[90mstdout[2m | src/components/Editor3/plugins/CustomAnswerPlugin.stories.jsx[2m > [22m[2mEditable Empty
[22m[39m[Preview] Skipped initializing default mock data (initializeMockData=false)
[90mstdout[2m | src/components/Editor3/plugins/CustomAnswerPlugin.stories.jsx[2m > [22m[2mEditable Empty
[22m[39m[MOCK CourseVectorStore] Initialized with mock data
[90mstdout[2m | src/components/Editor3/plugins/CustomAnswerPlugin.stories.jsx[2m > [22m[2mEditable Empty
[22m[39m[Mock Data] seedMockUnit: Adding unit mock-unit-id
[90mstdout[2m | src/components/Editor3/plugins/CustomAnswerPlugin.stories.jsx[2m > [22m[2mEditable Empty
[22m[39m[TranslationModeController] Setting mode to: off
[90mstdout[2m | src/components/Editor3/plugins/CustomAnswerPlugin.stories.jsx[2m > [22m[2mEditable Empty
[22m[39m[UnitContext] useEffect triggered {
  "authLoading": false,
  "hasUser": true,
  "id": "mock-unit-id",
  "userSub": "mock-user-sub",
}
[90mstdout[2m | src/components/Editor3/plugins/CustomAnswerPlugin.stories.jsx[2m > [22m[2mEditable Empty
[22m[39m[UnitContext] Fetching unit data for id: mock-unit-id
[90mstdout[2m | src/components/Editor3/plugins/CustomAnswerPlugin.stories.jsx[2m > [22m[2mEditable Empty
[22m[39m[FilesContext] Initializing vector store from IndexedDB
[90mstdout[2m | src/components/Editor3/plugins/CustomAnswerPlugin.stories.jsx[2m > [22m[2mEditable Empty
[22m[39m[FilesContext] fetchFiles called
[90mstdout[2m | src/components/Editor3/plugins/CustomAnswerPlugin.stories.jsx[2m > [22m[2mEditable Empty
[22m[39m[FilesContext] User authenticated: mock-user-sub
[90mstdout[2m | src/components/Editor3/plugins/CustomAnswerPlugin.stories.jsx[2m > [22m[2mEditable Empty
[22m[39m[FilesContext] Identity ID: us-east-1:mock-identity-123
[90mstdout[2m | src/components/Editor3/plugins/CustomAnswerPlugin.stories.jsx[2m > [22m[2mEditable Empty
[22m[39m[FilesContext] About to set up File observeQuery
[90mstdout[2m | src/components/Editor3/plugins/CustomAnswerPlugin.stories.jsx[2m > [22m[2mEditable Empty
[22m[39m[ChatContext] Setting up AssistantChat observeQuery
[90mstdout[2m | src/components/Editor3/plugins/CustomAnswerPlugin.stories.jsx[2m > [22m[2mEditable Empty
[22m[39m[ChatContext] Waiting for subscription to initialize
[90mstdout[2m | src/components/Editor3/plugins/CustomAnswerPlugin.stories.jsx[2m > [22m[2mEditable Empty
[22m[39m[SettingsContext] Setting up Settings subscription for user: mock-user-sub
[90mstdout[2m | src/components/Editor3/plugins/CustomAnswerPlugin.stories.jsx[2m > [22m[2mEditable Empty
[22m[39m[Mock Data] Settings created: mock-settings-1790418926366 - notified 0 subscribers
[90mstdout[2m | src/components/Editor3/plugins/CustomAnswerPlugin.stories.jsx[2m > [22m[2mEditable Empty
[22m[39m[Mock Data] Unit.onUpdate() subscription added. Total: 1
[90mstdout[2m | src/components/Editor3/plugins/CustomAnswerPlugin.stories.jsx[2m > [22m[2mEditable Empty
[22m[39m[SectionContext] Section observeQuery update: 0
[90mstdout[2m | src/components/Editor3/plugins/CustomAnswerPlugin.stories.jsx[2m > [22m[2mEditable Empty
[22m[39m[FilesContext] File observeQuery update: 0 files
[90mstdout[2m | src/components/Editor3/plugins/CustomAnswerPlugin.stories.jsx[2m > [22m[2mEditable Empty
[22m[39m[ChatContext] AssistantChat initialized with 0 chats
[90mstdout[2m | src/components/Editor3/plugins/CustomAnswerPlugin.stories.jsx[2m > [22m[2mEditable Empty
[22m[39m[MOCK CourseVectorStore] Initialized with mock data
[90mstdout[2m | src/components/Editor3/plugins/CustomAnswerPlugin.stories.jsx[2m > [22m[2mEditable Empty
[22m[39m[ChatContext] No current chat available, will create one
[90mstdout[2m | src/components/Editor3/plugins/CustomAnswerPlugin.stories.jsx[2m > [22m[2mEditable Empty
[22m[39m[ChatContext] Creating AssistantChat with user: undefined
[90mstdout[2m | src/components/Editor3/plugins/CustomAnswerPlugin.stories.jsx[2m > [22m[2mEditable Empty
[22m[39m[Mock Data] AssistantChat created: mock-assistantchat-1790418926384 - notified 1 subscribers
[90mstdout[2m | src/components/Editor3/plugins/CustomAnswerPlugin.stories.jsx[2m > [22m[2mEditable Empty
[22m[39m[ChatContext] Create result: {
  "data": {
    "_version": 1,
    "archived": false,
    "chatFiles": [Function anonymous],
    "createdAt": "2026-09-26T10:35:26.384Z",
    "id": "mock-assistantchat-1790418926384",
    "model": "gpt-4",
    "updatedAt": "2026-09-26T10:35:26.384Z",
  },
  "errors": [],
  "hasData": true,
  "hasErrors": true,
}
[90mstdout[2m | src/components/Editor3/plugins/CustomAnswerPlugin.stories.jsx[2m > [22m[2mEditable Empty
[22m[39m[ChatContext] Created AssistantChat: mock-assistantchat-1790418926384 at: 2026-09-26T10:35:26.384Z
[90mstdout[2m | src/components/Editor3/plugins/CustomAnswerPlugin.stories.jsx[2m > [22m[2mEditable Empty
[22m[39m[Mock Storage] downloadData called with: undefined
[90mstdout[2m | src/components/Editor3/plugins/CustomAnswerPlugin.stories.jsx[2m > [22m[2mEditable Empty
[22m[39m[ChatContext] Setting initial chat: mock-assistantchat-1790418926384
[90mstdout[2m | src/components/Editor3/plugins/CustomAnswerPlugin.stories.jsx[2m > [22m[2mEditable Empty
[22m[39m[ChatContext] Chat exists and not archived, skipping creation
[90mstdout[2m | src/components/Editor3/plugins/CustomAnswerPlugin.stories.jsx[2m > [22m[2mEditable With Custom Answer
[22m[39m[ChatContext] Cleaning up subscriptions
[90mstdout[2m | src/components/Editor3/plugins/CustomAnswerPlugin.stories.jsx[2m > [22m[2mEditable With Custom Answer
[22m[39m[Mock Data] Unit.onUpdate() subscription removed. Remaining: 0
[90mstdout[2m | src/components/Editor3/plugins/CustomAnswerPlugin.stories.jsx[2m > [22m[2mEditable With Custom Answer
[22m[39m[Preview] Skipped initializing default mock data (initializeMockData=false)
[90mstdout[2m | src/components/Editor3/plugins/CustomAnswerPlugin.stories.jsx[2m > [22m[2mEditable With Custom Answer
[22m[39m[MOCK CourseVectorStore] Initialized with mock data
[90mstdout[2m | src/components/Editor3/plugins/CustomAnswerPlugin.stories.jsx[2m > [22m[2mEditable With Custom Answer
[22m[39m[Mock Data] seedMockUnit: Adding unit mock-unit-id
[90mstdout[2m | src/components/Editor3/plugins/CustomAnswerPlugin.stories.jsx[2m > [22m[2mEditable With Custom Answer
[22m[39m[TranslationModeController] Setting mode to: off
[90mstdout[2m | src/components/Editor3/plugins/CustomAnswerPlugin.stories.jsx[2m > [22m[2mEditable With Custom Answer
[22m[39m[UnitContext] useEffect triggered {
  "authLoading": false,
  "hasUser": true,
  "id": "mock-unit-id",
  "userSub": "mock-user-sub",
}
[90mstdout[2m | src/components/Editor3/plugins/CustomAnswerPlugin.stories.jsx[2m > [22m[2mEditable With Custom Answer
[22m[39m[UnitContext] Fetching unit data for id: mock-unit-id
[90mstdout[2m | src/components/Editor3/plugins/CustomAnswerPlugin.stories.jsx[2m > [22m[2mEditable With Custom Answer
[22m[39m[FilesContext] Initializing vector store from IndexedDB
[90mstdout[2m | src/components/Editor3/plugins/CustomAnswerPlugin.stories.jsx[2m > [22m[2mEditable With Custom Answer
[22m[39m[FilesContext] fetchFiles called
[90mstdout[2m | src/components/Editor3/plugins/CustomAnswerPlugin.stories.jsx[2m > [22m[2mEditable With Custom Answer
[22m[39m[FilesContext] User authenticated: mock-user-sub
[90mstdout[2m | src/components/Editor3/plugins/CustomAnswerPlugin.stories.jsx[2m > [22m[2mEditable With Custom Answer
[22m[39m[FilesContext] Identity ID: us-east-1:mock-identity-123
[90mstdout[2m | src/components/Editor3/plugins/CustomAnswerPlugin.stories.jsx[2m > [22m[2mEditable With Custom Answer
[22m[39m[FilesContext] About to set up File observeQuery
[90mstdout[2m | src/components/Editor3/plugins/CustomAnswerPlugin.stories.jsx[2m > [22m[2mEditable With Custom Answer
[22m[39m[ChatContext] Setting up AssistantChat observeQuery
[90mstdout[2m | src/components/Editor3/plugins/CustomAnswerPlugin.stories.jsx[2m > [22m[2mEditable With Custom Answer
[22m[39m[ChatContext] Waiting for subscription to initialize
[90mstdout[2m | src/components/Editor3/plugins/CustomAnswerPlugin.stories.jsx[2m > [22m[2mEditable With Custom Answer
[22m[39m[SettingsContext] Setting up Settings subscription for user: mock-user-sub
[90mstdout[2m | src/components/Editor3/plugins/CustomAnswerPlugin.stories.jsx[2m > [22m[2mEditable With Custom Answer
[22m[39m[Mock Data] Settings created: mock-settings-1790418926572 - notified 0 subscribers
[90mstdout[2m | src/components/Editor3/plugins/CustomAnswerPlugin.stories.jsx[2m > [22m[2mEditable With Custom Answer
[22m[39m[Mock Data] Unit.onUpdate() subscription added. Total: 1
[90mstdout[2m | src/components/Editor3/plugins/CustomAnswerPlugin.stories.jsx[2m > [22m[2mEditable With Custom Answer
[22m[39m[SectionContext] Section observeQuery update: 0
[90mstdout[2m | src/components/Editor3/plugins/CustomAnswerPlugin.stories.jsx[2m > [22m[2mEditable With Custom Answer
[22m[39m[FilesContext] File observeQuery update: 0 files
[90mstdout[2m | src/components/Editor3/plugins/CustomAnswerPlugin.stories.jsx[2m > [22m[2mEditable With Custom Answer
[22m[39m[ChatContext] AssistantChat initialized with 0 chats
[90mstdout[2m | src/components/Editor3/plugins/CustomAnswerPlugin.stories.jsx[2m > [22m[2mEditable With Custom Answer
[22m[39m[MOCK CourseVectorStore] Initialized with mock data
[90mstdout[2m | src/components/Editor3/plugins/CustomAnswerPlugin.stories.jsx[2m > [22m[2mEditable With Custom Answer
[22m[39m[ChatContext] No current chat available, will create one
[90mstdout[2m | src/components/Editor3/plugins/CustomAnswerPlugin.stories.jsx[2m > [22m[2mEditable With Custom Answer
[22m[39m[ChatContext] Creating AssistantChat with user: undefined
[90mstdout[2m | src/components/Editor3/plugins/CustomAnswerPlugin.stories.jsx[2m > [22m[2mEditable With Custom Answer
[22m[39m[Mock Data] AssistantChat created: mock-assistantchat-1790418926607 - notified 1 subscribers
[90mstdout[2m | src/components/Editor3/plugins/CustomAnswerPlugin.stories.jsx[2m > [22m[2mEditable With Custom Answer
[22m[39m[ChatContext] Create result: {
  "data": {
    "_version": 1,
    "archived": false,
    "chatFiles": [Function anonymous],
    "createdAt": "2026-09-26T10:35:26.607Z",
    "id": "mock-assistantchat-1790418926607",
    "model": "gpt-4",
    "updatedAt": "2026-09-26T10:35:26.607Z",
  },
  "errors": [],
  "hasData": true,
  "hasErrors": true,
}
[90mstdout[2m | src/components/Editor3/plugins/CustomAnswerPlugin.stories.jsx[2m > [22m[2mEditable With Custom Answer
[22m[39m[ChatContext] Created AssistantChat: mock-assistantchat-1790418926607 at: 2026-09-26T10:35:26.607Z
[90mstdout[2m | src/components/Editor3/plugins/CustomAnswerPlugin.stories.jsx[2m > [22m[2mEditable With Custom Answer
[22m[39m[Mock Storage] downloadData called with: undefined
[90mstdout[2m | src/components/Editor3/plugins/CustomAnswerPlugin.stories.jsx[2m > [22m[2mEditable With Custom Answer
[22m[39m[ChatContext] Setting initial chat: mock-assistantchat-1790418926607
[90mstdout[2m | src/components/Editor3/plugins/CustomAnswerPlugin.stories.jsx[2m > [22m[2mEditable With Custom Answer
[22m[39m[ChatContext] Chat exists and not archived, skipping creation
[90mstdout[2m | src/components/Editor3/plugins/CustomAnswerPlugin.stories.jsx[2m > [22m[2mRead Only With Custom Answer
[22m[39m[ChatContext] Cleaning up subscriptions
[90mstdout[2m | src/components/Editor3/plugins/CustomAnswerPlugin.stories.jsx[2m > [22m[2mRead Only With Custom Answer
[22m[39m[Mock Data] Unit.onUpdate() subscription removed. Remaining: 0
[90mstdout[2m | src/components/Editor3/plugins/CustomAnswerPlugin.stories.jsx[2m > [22m[2mRead Only With Custom Answer
[22m[39m[Preview] Skipped initializing default mock data (initializeMockData=false)
[90mstdout[2m | src/components/Editor3/plugins/CustomAnswerPlugin.stories.jsx[2m > [22m[2mRead Only With Custom Answer
[22m[39m[MOCK CourseVectorStore] Initialized with mock data
[90mstdout[2m | src/components/Editor3/plugins/CustomAnswerPlugin.stories.jsx[2m > [22m[2mRead Only With Custom Answer
[22m[39m[Mock Data] seedMockUnit: Adding unit mock-unit-id
[90mstdout[2m | src/components/Editor3/plugins/CustomAnswerPlugin.stories.jsx[2m > [22m[2mRead Only With Custom Answer
[22m[39m[TranslationModeController] Setting mode to: off
[90mstdout[2m | src/components/Editor3/plugins/CustomAnswerPlugin.stories.jsx[2m > [22m[2mRead Only With Custom Answer
[22m[39m[UnitContext] useEffect triggered {
  "authLoading": false,
  "hasUser": true,
  "id": "mock-unit-id",
  "userSub": "mock-user-sub",
}
[90mstdout[2m | src/components/Editor3/plugins/CustomAnswerPlugin.stories.jsx[2m > [22m[2mRead Only With Custom Answer
[22m[39m[UnitContext] Fetching unit data for id: mock-unit-id
[90mstdout[2m | src/components/Editor3/plugins/CustomAnswerPlugin.stories.jsx[2m > [22m[2mRead Only With Custom Answer
[22m[39m[FilesContext] Initializing vector store from IndexedDB
[90mstdout[2m | src/components/Editor3/plugins/CustomAnswerPlugin.stories.jsx[2m > [22m[2mRead Only With Custom Answer
[22m[39m[FilesContext] fetchFiles called
[90mstdout[2m | src/components/Editor3/plugins/CustomAnswerPlugin.stories.jsx[2m > [22m[2mRead Only With Custom Answer
[22m[39m[FilesContext] User authenticated: mock-user-sub
[90mstdout[2m | src/components/Editor3/plugins/CustomAnswerPlugin.stories.jsx[2m > [22m[2mRead Only With Custom Answer
[22m[39m[FilesContext] Identity ID: us-east-1:mock-identity-123
[90mstdout[2m | src/components/Editor3/plugins/CustomAnswerPlugin.stories.jsx[2m > [22m[2mRead Only With Custom Answer
[22m[39m[FilesContext] About to set up File observeQuery
[90mstdout[2m | src/components/Editor3/plugins/CustomAnswerPlugin.stories.jsx[2m > [22m[2mRead Only With Custom Answer
[22m[39m[ChatContext] Setting up AssistantChat observeQuery
[90mstdout[2m | src/components/Editor3/plugins/CustomAnswerPlugin.stories.jsx[2m > [22m[2mRead Only With Custom Answer
[22m[39m[ChatContext] Waiting for subscription to initialize
[90mstdout[2m | src/components/Editor3/plugins/CustomAnswerPlugin.stories.jsx[2m > [22m[2mRead Only With Custom Answer
[22m[39m[SettingsContext] Setting up Settings subscription for user: mock-user-sub
[90mstdout[2m | src/components/Editor3/plugins/CustomAnswerPlugin.stories.jsx[2m > [22m[2mRead Only With Custom Answer
[22m[39mCustomAnswerComponent.questionID question-1
[90mstdout[2m | src/components/Editor3/plugins/CustomAnswerPlugin.stories.jsx[2m > [22m[2mRead Only With Custom Answer
[22m[39mCustomAnswerComponent.questionBank []
[90mstdout[2m | src/components/Editor3/plugins/CustomAnswerPlugin.stories.jsx[2m > [22m[2mRead Only With Custom Answer
[22m[39mCustomAnswerComponent.question {}
[90mstdout[2m | src/components/Editor3/plugins/CustomAnswerPlugin.stories.jsx[2m > [22m[2mRead Only With Custom Answer
[22m[39mCustomAnswerComponent.question {}
[90mstdout[2m | src/components/Editor3/plugins/CustomAnswerPlugin.stories.jsx[2m > [22m[2mRead Only With Custom Answer
[22m[39mCustomAnswerComponent.prompt undefined
[90mstdout[2m | src/components/Editor3/plugins/CustomAnswerPlugin.stories.jsx[2m > [22m[2mRead Only With Custom Answer
[22m[39mCustomAnswerComponent.feedback[questionID] undefined
[90mstdout[2m | src/components/Editor3/plugins/CustomAnswerPlugin.stories.jsx[2m > [22m[2mRead Only With Custom Answer
[22m[39mCustomAnswerComponent.isCompleted undefined
[90mstdout[2m | src/components/Editor3/plugins/CustomAnswerPlugin.stories.jsx[2m > [22m[2mRead Only With Custom Answer
[22m[39mCustomAnswerComponent.currentPromptMethod text
[90mstdout[2m | src/components/Editor3/plugins/CustomAnswerPlugin.stories.jsx[2m > [22m[2mRead Only With Custom Answer
[22m[39mCustomAnswerComponent.displayPrompt undefined
[90mstdout[2m | src/components/Editor3/plugins/CustomAnswerPlugin.stories.jsx[2m > [22m[2mRead Only With Custom Answer
[22m[39mCustomAnswerComponent.questionID question-2
[90mstdout[2m | src/components/Editor3/plugins/CustomAnswerPlugin.stories.jsx[2m > [22m[2mRead Only With Custom Answer
[22m[39mCustomAnswerComponent.questionBank []
[90mstdout[2m | src/components/Editor3/plugins/CustomAnswerPlugin.stories.jsx[2m > [22m[2mRead Only With Custom Answer
[22m[39mCustomAnswerComponent.question {}
[90mstdout[2m | src/components/Editor3/plugins/CustomAnswerPlugin.stories.jsx[2m > [22m[2mRead Only With Custom Answer
[22m[39mCustomAnswerComponent.question {}
[90mstdout[2m | src/components/Editor3/plugins/CustomAnswerPlugin.stories.jsx[2m > [22m[2mRead Only With Custom Answer
[22m[39mCustomAnswerComponent.prompt undefined
[90mstdout[2m | src/components/Editor3/plugins/CustomAnswerPlugin.stories.jsx[2m > [22m[2mRead Only With Custom Answer
[22m[39mCustomAnswerComponent.feedback[questionID] undefined
[90mstdout[2m | src/components/Editor3/plugins/CustomAnswerPlugin.stories.jsx[2m > [22m[2mRead Only With Custom Answer
[22m[39mCustomAnswerComponent.isCompleted undefined
[90mstdout[2m | src/components/Editor3/plugins/CustomAnswerPlugin.stories.jsx[2m > [22m[2mRead Only With Custom Answer
[22m[39mCustomAnswerComponent.currentPromptMethod text
[90mstdout[2m | src/components/Editor3/plugins/CustomAnswerPlugin.stories.jsx[2m > [22m[2mRead Only With Custom Answer
[22m[39mCustomAnswerComponent.displayPrompt undefined
[90mstdout[2m | src/components/Editor3/plugins/CustomAnswerPlugin.stories.jsx[2m > [22m[2mRead Only With Custom Answer
[22m[39mallowedInput [
  "text",
  "audio",
]
[90mstdout[2m | src/components/Editor3/plugins/CustomAnswerPlugin.stories.jsx[2m > [22m[2mRead Only With Custom Answer
[22m[39mpromptMethod [
  "text",
]
[90mstdout[2m | src/components/Editor3/plugins/CustomAnswerPlugin.stories.jsx[2m > [22m[2mRead Only With Custom Answer
[22m[39mAnswerComponent.currentPromptMethod text
[90mstdout[2m | src/components/Editor3/plugins/CustomAnswerPlugin.stories.jsx[2m > [22m[2mRead Only With Custom Answer
[22m[39mAnswerComponent.promptMethod [
  "text",
]
[90mstdout[2m | src/components/Editor3/plugins/CustomAnswerPlugin.stories.jsx[2m > [22m[2mRead Only With Custom Answer
[22m[39mallowedInput [
  "text",
  "audio",
]
[90mstdout[2m | src/components/Editor3/plugins/CustomAnswerPlugin.stories.jsx[2m > [22m[2mRead Only With Custom Answer
[22m[39mpromptMethod [
  "text",
]
[90mstdout[2m | src/components/Editor3/plugins/CustomAnswerPlugin.stories.jsx[2m > [22m[2mRead Only With Custom Answer
[22m[39mAnswerComponent.currentPromptMethod text
[90mstdout[2m | src/components/Editor3/plugins/CustomAnswerPlugin.stories.jsx[2m > [22m[2mRead Only With Custom Answer
[22m[39m[Mock Data] Settings created: mock-settings-1790418926818 - notified 0 subscribers
[90mstdout[2m | src/components/Editor3/plugins/CustomAnswerPlugin.stories.jsx[2m > [22m[2mRead Only With Custom Answer
[22m[39m[Mock Data] Unit.onUpdate() subscription added. Total: 1
[90mstdout[2m | src/components/Editor3/plugins/CustomAnswerPlugin.stories.jsx[2m > [22m[2mRead Only With Custom Answer
[22m[39mCustomAnswerComponent.questionID question-1
[90mstdout[2m | src/components/Editor3/plugins/CustomAnswerPlugin.stories.jsx[2m > [22m[2mRead Only With Custom Answer
[22m[39mCustomAnswerComponent.questionBank []
[90mstdout[2m | src/components/Editor3/plugins/CustomAnswerPlugin.stories.jsx[2m > [22m[2mRead Only With Custom Answer
[22m[39mCustomAnswerComponent.question {}
[90mstdout[2m | src/components/Editor3/plugins/CustomAnswerPlugin.stories.jsx[2m > [22m[2mRead Only With Custom Answer
[22m[39mCustomAnswerComponent.question {}
[90mstdout[2m | src/components/Editor3/plugins/CustomAnswerPlugin.stories.jsx[2m > [22m[2mRead Only With Custom Answer
[22m[39mCustomAnswerComponent.prompt undefined
[90mstdout[2m | src/components/Editor3/plugins/CustomAnswerPlugin.stories.jsx[2m > [22m[2mRead Only With Custom Answer
[22m[39mCustomAnswerComponent.feedback[questionID] undefined
[90mstdout[2m | src/components/Editor3/plugins/CustomAnswerPlugin.stories.jsx[2m > [22m[2mRead Only With Custom Answer
[22m[39mCustomAnswerComponent.isCompleted undefined
[90mstdout[2m | src/components/Editor3/plugins/CustomAnswerPlugin.stories.jsx[2m > [22m[2mRead Only With Custom Answer
[22m[39mCustomAnswerComponent.currentPromptMethod text
[90mstdout[2m | src/components/Editor3/plugins/CustomAnswerPlugin.stories.jsx[2m > [22m[2mRead Only With Custom Answer
[22m[39mCustomAnswerComponent.displayPrompt undefined
[90mstdout[2m | src/components/Editor3/plugins/CustomAnswerPlugin.stories.jsx[2m > [22m[2mRead Only With Custom Answer
[22m[39mCustomAnswerComponent.questionID question-2
[90mstdout[2m | src/components/Editor3/plugins/CustomAnswerPlugin.stories.jsx[2m > [22m[2mRead Only With Custom Answer
[22m[39mCustomAnswerComponent.questionBank []
[90mstdout[2m | src/components/Editor3/plugins/CustomAnswerPlugin.stories.jsx[2m > [22m[2mRead Only With Custom Answer
[22m[39mCustomAnswerComponent.question {}
[90mstdout[2m | src/components/Editor3/plugins/CustomAnswerPlugin.stories.jsx[2m > [22m[2mRead Only With Custom Answer
[22m[39mCustomAnswerComponent.question {}
[90mstdout[2m | src/components/Editor3/plugins/CustomAnswerPlugin.stories.jsx[2m > [22m[2mRead Only With Custom Answer
[22m[39mCustomAnswerComponent.prompt undefined
[90mstdout[2m | src/components/Editor3/plugins/CustomAnswerPlugin.stories.jsx[2m > [22m[2mRead Only With Custom Answer
[22m[39mCustomAnswerComponent.feedback[questionID] undefined
[90mstdout[2m | src/components/Editor3/plugins/CustomAnswerPlugin.stories.jsx[2m > [22m[2mRead Only With Custom Answer
[22m[39mCustomAnswerComponent.isCompleted undefined
[90mstdout[2m | src/components/Editor3/plugins/CustomAnswerPlugin.stories.jsx[2m > [22m[2mRead Only With Custom Answer
[22m[39mCustomAnswerComponent.currentPromptMethod text
[90mstdout[2m | src/components/Editor3/plugins/CustomAnswerPlugin.stories.jsx[2m > [22m[2mRead Only With Custom Answer
[22m[39mCustomAnswerComponent.displayPrompt undefined
[90mstdout[2m | src/components/Editor3/plugins/CustomAnswerPlugin.stories.jsx[2m > [22m[2mRead Only With Custom Answer
[22m[39m[SectionContext] Section observeQuery update: 0
[90mstdout[2m | src/components/Editor3/plugins/CustomAnswerPlugin.stories.jsx[2m > [22m[2mRead Only With Custom Answer
[22m[39m[FilesContext] File observeQuery update: 0 files
[90mstdout[2m | src/components/Editor3/plugins/CustomAnswerPlugin.stories.jsx[2m > [22m[2mRead Only With Custom Answer
[22m[39m[ChatContext] AssistantChat initialized with 0 chats
[90mstdout[2m | src/components/Editor3/plugins/CustomAnswerPlugin.stories.jsx[2m > [22m[2mRead Only With Custom Answer
[22m[39m[MOCK CourseVectorStore] Initialized with mock data
[90mstdout[2m | src/components/Editor3/plugins/CustomAnswerPlugin.stories.jsx[2m > [22m[2mRead Only With Custom Answer
[22m[39mCustomAnswerComponent.questionID question-1
[90mstdout[2m | src/components/Editor3/plugins/CustomAnswerPlugin.stories.jsx[2m > [22m[2mRead Only With Custom Answer
[22m[39mCustomAnswerComponent.questionBank {}
[90mstdout[2m | src/components/Editor3/plugins/CustomAnswerPlugin.stories.jsx[2m > [22m[2mRead Only With Custom Answer
[22m[39mCustomAnswerComponent.question {}
[90mstdout[2m | src/components/Editor3/plugins/CustomAnswerPlugin.stories.jsx[2m > [22m[2mRead Only With Custom Answer
[22m[39mCustomAnswerComponent.question {}
[90mstdout[2m | src/components/Editor3/plugins/CustomAnswerPlugin.stories.jsx[2m > [22m[2mRead Only With Custom Answer
[22m[39mCustomAnswerComponent.prompt undefined
[90mstdout[2m | src/components/Editor3/plugins/CustomAnswerPlugin.stories.jsx[2m > [22m[2mRead Only With Custom Answer
[22m[39mCustomAnswerComponent.feedback[questionID] undefined
[90mstdout[2m | src/components/Editor3/plugins/CustomAnswerPlugin.stories.jsx[2m > [22m[2mRead Only With Custom Answer
[22m[39mCustomAnswerComponent.isCompleted undefined
[90mstdout[2m | src/components/Editor3/plugins/CustomAnswerPlugin.stories.jsx[2m > [22m[2mRead Only With Custom Answer
[22m[39mCustomAnswerComponent.currentPromptMethod text
[90mstdout[2m | src/components/Editor3/plugins/CustomAnswerPlugin.stories.jsx[2m > [22m[2mRead Only With Custom Answer
[22m[39mCustomAnswerComponent.displayPrompt undefined
[90mstdout[2m | src/components/Editor3/plugins/CustomAnswerPlugin.stories.jsx[2m > [22m[2mRead Only With Custom Answer
[22m[39mCustomAnswerComponent.questionID question-2
[90mstdout[2m | src/components/Editor3/plugins/CustomAnswerPlugin.stories.jsx[2m > [22m[2mRead Only With Custom Answer
[22m[39mCustomAnswerComponent.questionBank {}
[90mstdout[2m | src/components/Editor3/plugins/CustomAnswerPlugin.stories.jsx[2m > [22m[2mRead Only With Custom Answer
[22m[39mCustomAnswerComponent.question {}
[90mstdout[2m | src/components/Editor3/plugins/CustomAnswerPlugin.stories.jsx[2m > [22m[2mRead Only With Custom Answer
[22m[39mCustomAnswerComponent.question {}
[90mstdout[2m | src/components/Editor3/plugins/CustomAnswerPlugin.stories.jsx[2m > [22m[2mRead Only With Custom Answer
[22m[39mCustomAnswerComponent.prompt undefined
[90mstdout[2m | src/components/Editor3/plugins/CustomAnswerPlugin.stories.jsx[2m > [22m[2mRead Only With Custom Answer
[22m[39mCustomAnswerComponent.feedback[questionID] undefined
[90mstdout[2m | src/components/Editor3/plugins/CustomAnswerPlugin.stories.jsx[2m > [22m[2mRead Only With Custom Answer
[22m[39mCustomAnswerComponent.isCompleted undefined
[90mstdout[2m | src/components/Editor3/plugins/CustomAnswerPlugin.stories.jsx[2m > [22m[2mRead Only With Custom Answer
[22m[39mCustomAnswerComponent.currentPromptMethod text
[90mstdout[2m | src/components/Editor3/plugins/CustomAnswerPlugin.stories.jsx[2m > [22m[2mRead Only With Custom Answer
[22m[39mCustomAnswerComponent.displayPrompt undefined
[90mstdout[2m | src/components/Editor3/plugins/CustomAnswerPlugin.stories.jsx[2m > [22m[2mRead Only With Custom Answer
[22m[39m[ChatContext] No current chat available, will create one
[90mstdout[2m | src/components/Editor3/plugins/CustomAnswerPlugin.stories.jsx[2m > [22m[2mRead Only With Custom Answer
[22m[39m[ChatContext] Creating AssistantChat with user: undefined
[90mstdout[2m | src/components/Editor3/plugins/CustomAnswerPlugin.stories.jsx[2m > [22m[2mRead Only With Custom Answer
[22m[39m[Mock Data] AssistantChat created: mock-assistantchat-1790418926875 - notified 1 subscribers
[90mstdout[2m | src/components/Editor3/plugins/CustomAnswerPlugin.stories.jsx[2m > [22m[2mRead Only With Custom Answer
[22m[39m[ChatContext] Create result: {
  "data": {
    "_version": 1,
    "archived": false,
    "chatFiles": [Function anonymous],
    "createdAt": "2026-09-26T10:35:26.875Z",
    "id": "mock-assistantchat-1790418926875",
    "model": "gpt-4",
    "updatedAt": "2026-09-26T10:35:26.876Z",
  },
  "errors": [],
  "hasData": true,
  "hasErrors": true,
}
[90mstdout[2m | src/components/Editor3/plugins/CustomAnswerPlugin.stories.jsx[2m > [22m[2mRead Only With Custom Answer
[22m[39m[ChatContext] Created AssistantChat: mock-assistantchat-1790418926875 at: 2026-09-26T10:35:26.875Z
[90mstdout[2m | src/components/Editor3/plugins/CustomAnswerPlugin.stories.jsx[2m > [22m[2mRead Only With Custom Answer
[22m[39m[Mock Storage] downloadData called with: undefined
[90mstdout[2m | src/components/Editor3/plugins/CustomAnswerPlugin.stories.jsx[2m > [22m[2mRead Only With Custom Answer
[22m[39m[ChatContext] Setting initial chat: mock-assistantchat-1790418926875
[90mstdout[2m | src/components/Editor3/plugins/CustomAnswerPlugin.stories.jsx[2m > [22m[2mRead Only With Custom Answer
[22m[39m[ChatContext] Chat exists and not archived, skipping creation
 [32m✓[39m [30m[45m storybook (chromium) [49m[39m src/components/Editor3/plugins/CustomAnswerPlugin.stories.jsx [2m([22m[2m3 tests[22m[2m)[22m[33m 666[2mms[22m[39m
[90mstdout[2m | unknown test
[22m[39m[MOCK vectorStoreDB.js] Module loaded - mock IndexedDB operations
[90mstdout[2m | unknown test
[22m[39m[Task Completion] DOM action listeners initialized
[90mstdout[2m | unknown test
[22m[39m[Task Completion] Auto-completion detector initialized
[90mstdout[2m | unknown test
[22m[39m[Preview] Task completion detector initialized
[90mstdout[2m | src/components/PeerReview/PeerReviewAssignmentDialog.stories.tsx[2m > [22m[2mDefault
[22m[39m[MOCK CourseVectorStore] Initialized with mock data
[90mstdout[2m | src/components/PeerReview/PeerReviewAssignmentDialog.stories.tsx[2m > [22m[2mDefault
[22m[39m[TranslationModeController] Setting mode to: off
[90mstdout[2m | src/components/PeerReview/PeerReviewAssignmentDialog.stories.tsx[2m > [22m[2mDefault
[22m[39m[UnitContext] useEffect triggered {
  "authLoading": false,
  "hasUser": true,
  "id": "mock-unit-id",
  "userSub": "mock-user-sub",
}
[90mstdout[2m | src/components/PeerReview/PeerReviewAssignmentDialog.stories.tsx[2m > [22m[2mDefault
[22m[39m[UnitContext] Fetching unit data for id: mock-unit-id
[90mstdout[2m | src/components/PeerReview/PeerReviewAssignmentDialog.stories.tsx[2m > [22m[2mDefault
[22m[39m[FilesContext] Initializing vector store from IndexedDB
[90mstdout[2m | src/components/PeerReview/PeerReviewAssignmentDialog.stories.tsx[2m > [22m[2mDefault
[22m[39m[FilesContext] fetchFiles called
[90mstdout[2m | src/components/PeerReview/PeerReviewAssignmentDialog.stories.tsx[2m > [22m[2mDefault
[22m[39m[FilesContext] User authenticated: mock-user-sub
[90mstdout[2m | src/components/PeerReview/PeerReviewAssignmentDialog.stories.tsx[2m > [22m[2mDefault
[22m[39m[FilesContext] Identity ID: us-east-1:mock-identity-123
[90mstdout[2m | src/components/PeerReview/PeerReviewAssignmentDialog.stories.tsx[2m > [22m[2mDefault
[22m[39m[FilesContext] About to set up File observeQuery
[90mstdout[2m | src/components/PeerReview/PeerReviewAssignmentDialog.stories.tsx[2m > [22m[2mDefault
[22m[39m[ChatContext] Setting up AssistantChat observeQuery
[90mstdout[2m | src/components/PeerReview/PeerReviewAssignmentDialog.stories.tsx[2m > [22m[2mDefault
[22m[39m[ChatContext] Waiting for subscription to initialize
[90mstdout[2m | src/components/PeerReview/PeerReviewAssignmentDialog.stories.tsx[2m > [22m[2mDefault
[22m[39m[SettingsContext] Setting up Settings subscription for user: mock-user-sub
[90mstdout[2m | src/components/PeerReview/PeerReviewAssignmentDialog.stories.tsx[2m > [22m[2mDefault
[22m[39m[Mock Data] Settings created: mock-settings-1790418927454 - notified 0 subscribers
[90mstdout[2m | src/components/PeerReview/PeerReviewAssignmentDialog.stories.tsx[2m > [22m[2mDefault
[22m[39m[Mock Data] Unit.onUpdate() subscription added. Total: 1
[90mstdout[2m | src/components/PeerReview/PeerReviewAssignmentDialog.stories.tsx[2m > [22m[2mDefault
[22m[39m[SectionContext] Section observeQuery update: 0
[90mstdout[2m | src/components/PeerReview/PeerReviewAssignmentDialog.stories.tsx[2m > [22m[2mDefault
[22m[39m[FilesContext] File observeQuery update: 6 files
[90mstdout[2m | src/components/PeerReview/PeerReviewAssignmentDialog.stories.tsx[2m > [22m[2mDefault
[22m[39m[ChatContext] AssistantChat initialized with 1 chats
[90mstdout[2m | src/components/PeerReview/PeerReviewAssignmentDialog.stories.tsx[2m > [22m[2mDefault
[22m[39m[ChatContext] Setting initial chat: mock-assistant-chat-1
[90mstdout[2m | src/components/PeerReview/PeerReviewAssignmentDialog.stories.tsx[2m > [22m[2mDefault
[22m[39m[MOCK CourseVectorStore] Initialized with mock data
[90mstdout[2m | src/components/PeerReview/PeerReviewAssignmentDialog.stories.tsx[2m > [22m[2mDefault
[22m[39m[FilesContext] Vector store population triggered {
  "currentVectorStoreSize": 3,
  "documentsCount": 0,
  "filesCount": 6,
  "isInitialLoad": true,
}
[90mstdout[2m | src/components/PeerReview/PeerReviewAssignmentDialog.stories.tsx[2m > [22m[2mDefault
[22m[39m[FilesContext] Vector store population complete - 3 total embeddings
[90mstdout[2m | src/components/PeerReview/PeerReviewAssignmentDialog.stories.tsx[2m > [22m[2mDefault
[22m[39m[ChatContext] Chat exists and not archived, skipping creation
[90mstdout[2m | src/components/PeerReview/PeerReviewAssignmentDialog.stories.tsx[2m > [22m[2mDefault
[22m[39m[Mock Storage] downloadData called with: undefined
[90mstdout[2m | src/components/PeerReview/PeerReviewAssignmentDialog.stories.tsx[2m > [22m[2mSingle Grade
[22m[39m[ChatContext] Cleaning up subscriptions
[90mstdout[2m | src/components/PeerReview/PeerReviewAssignmentDialog.stories.tsx[2m > [22m[2mSingle Grade
[22m[39m[Mock Data] Unit.onUpdate() subscription removed. Remaining: 0
[90mstdout[2m | src/components/PeerReview/PeerReviewAssignmentDialog.stories.tsx[2m > [22m[2mSingle Grade
[22m[39m[MOCK CourseVectorStore] Initialized with mock data
[90mstdout[2m | src/components/PeerReview/PeerReviewAssignmentDialog.stories.tsx[2m > [22m[2mSingle Grade
[22m[39m[TranslationModeController] Setting mode to: off
[90mstdout[2m | src/components/PeerReview/PeerReviewAssignmentDialog.stories.tsx[2m > [22m[2mSingle Grade
[22m[39m[UnitContext] useEffect triggered {
  "authLoading": false,
  "hasUser": true,
  "id": "mock-unit-id",
  "userSub": "mock-user-sub",
}
[90mstdout[2m | src/components/PeerReview/PeerReviewAssignmentDialog.stories.tsx[2m > [22m[2mSingle Grade
[22m[39m[UnitContext] Fetching unit data for id: mock-unit-id
[90mstdout[2m | src/components/PeerReview/PeerReviewAssignmentDialog.stories.tsx[2m > [22m[2mSingle Grade
[22m[39m[FilesContext] Initializing vector store from IndexedDB
[90mstdout[2m | src/components/PeerReview/PeerReviewAssignmentDialog.stories.tsx[2m > [22m[2mSingle Grade
[22m[39m[FilesContext] fetchFiles called
[90mstdout[2m | src/components/PeerReview/PeerReviewAssignmentDialog.stories.tsx[2m > [22m[2mSingle Grade
[22m[39m[FilesContext] User authenticated: mock-user-sub
[90mstdout[2m | src/components/PeerReview/PeerReviewAssignmentDialog.stories.tsx[2m > [22m[2mSingle Grade
[22m[39m[FilesContext] Identity ID: us-east-1:mock-identity-123
[90mstdout[2m | src/components/PeerReview/PeerReviewAssignmentDialog.stories.tsx[2m > [22m[2mSingle Grade
[22m[39m[FilesContext] About to set up File observeQuery
[90mstdout[2m | src/components/PeerReview/PeerReviewAssignmentDialog.stories.tsx[2m > [22m[2mSingle Grade
[22m[39m[ChatContext] Setting up AssistantChat observeQuery
[90mstdout[2m | src/components/PeerReview/PeerReviewAssignmentDialog.stories.tsx[2m > [22m[2mSingle Grade
[22m[39m[ChatContext] Waiting for subscription to initialize
[90mstdout[2m | src/components/PeerReview/PeerReviewAssignmentDialog.stories.tsx[2m > [22m[2mSingle Grade
[22m[39m[SettingsContext] Setting up Settings subscription for user: mock-user-sub
[90mstdout[2m | src/components/PeerReview/PeerReviewAssignmentDialog.stories.tsx[2m > [22m[2mSingle Grade
[22m[39m[Mock Data] Settings created: mock-settings-1790418927640 - notified 0 subscribers
[90mstdout[2m | src/components/PeerReview/PeerReviewAssignmentDialog.stories.tsx[2m > [22m[2mSingle Grade
[22m[39m[Mock Data] Unit.onUpdate() subscription added. Total: 1
[90mstdout[2m | src/components/PeerReview/PeerReviewAssignmentDialog.stories.tsx[2m > [22m[2mSingle Grade
[22m[39m[SectionContext] Section observeQuery update: 0
[90mstdout[2m | src/components/PeerReview/PeerReviewAssignmentDialog.stories.tsx[2m > [22m[2mSingle Grade
[22m[39m[FilesContext] File observeQuery update: 6 files
[90mstdout[2m | src/components/PeerReview/PeerReviewAssignmentDialog.stories.tsx[2m > [22m[2mSingle Grade
[22m[39m[ChatContext] AssistantChat initialized with 1 chats
[90mstdout[2m | src/components/PeerReview/PeerReviewAssignmentDialog.stories.tsx[2m > [22m[2mSingle Grade
[22m[39m[ChatContext] Setting initial chat: mock-assistant-chat-1
[90mstdout[2m | src/components/PeerReview/PeerReviewAssignmentDialog.stories.tsx[2m > [22m[2mSingle Grade
[22m[39m[MOCK CourseVectorStore] Initialized with mock data
[90mstdout[2m | src/components/PeerReview/PeerReviewAssignmentDialog.stories.tsx[2m > [22m[2mSingle Grade
[22m[39m[FilesContext] Vector store population triggered {
  "currentVectorStoreSize": 3,
  "documentsCount": 0,
  "filesCount": 6,
  "isInitialLoad": true,
}
[90mstdout[2m | src/components/PeerReview/PeerReviewAssignmentDialog.stories.tsx[2m > [22m[2mSingle Grade
[22m[39m[FilesContext] Vector store population complete - 3 total embeddings
[90mstdout[2m | src/components/PeerReview/PeerReviewAssignmentDialog.stories.tsx[2m > [22m[2mSingle Grade
[22m[39m[ChatContext] Chat exists and not archived, skipping creation
[90mstdout[2m | src/components/PeerReview/PeerReviewAssignmentDialog.stories.tsx[2m > [22m[2mSingle Grade
[22m[39m[Mock Storage] downloadData called with: undefined
[90mstdout[2m | src/components/PeerReview/PeerReviewAssignmentDialog.stories.tsx[2m > [22m[2mMany Students
[22m[39m[ChatContext] Cleaning up subscriptions
[90mstdout[2m | src/components/PeerReview/PeerReviewAssignmentDialog.stories.tsx[2m > [22m[2mMany Students
[22m[39m[Mock Data] Unit.onUpdate() subscription removed. Remaining: 0
[90mstdout[2m | src/components/PeerReview/PeerReviewAssignmentDialog.stories.tsx[2m > [22m[2mMany Students
[22m[39m[MOCK CourseVectorStore] Initialized with mock data
[90mstdout[2m | src/components/PeerReview/PeerReviewAssignmentDialog.stories.tsx[2m > [22m[2mMany Students
[22m[39m[TranslationModeController] Setting mode to: off
[90mstdout[2m | src/components/PeerReview/PeerReviewAssignmentDialog.stories.tsx[2m > [22m[2mMany Students
[22m[39m[UnitContext] useEffect triggered {
  "authLoading": false,
  "hasUser": true,
  "id": "mock-unit-id",
  "userSub": "mock-user-sub",
}
[90mstdout[2m | src/components/PeerReview/PeerReviewAssignmentDialog.stories.tsx[2m > [22m[2mMany Students
[22m[39m[UnitContext] Fetching unit data for id: mock-unit-id
[90mstdout[2m | src/components/PeerReview/PeerReviewAssignmentDialog.stories.tsx[2m > [22m[2mMany Students
[22m[39m[FilesContext] Initializing vector store from IndexedDB
[90mstdout[2m | src/components/PeerReview/PeerReviewAssignmentDialog.stories.tsx[2m > [22m[2mMany Students
[22m[39m[FilesContext] fetchFiles called
[90mstdout[2m | src/components/PeerReview/PeerReviewAssignmentDialog.stories.tsx[2m > [22m[2mMany Students
[22m[39m[FilesContext] User authenticated: mock-user-sub
[90mstdout[2m | src/components/PeerReview/PeerReviewAssignmentDialog.stories.tsx[2m > [22m[2mMany Students
[22m[39m[FilesContext] Identity ID: us-east-1:mock-identity-123
[90mstdout[2m | src/components/PeerReview/PeerReviewAssignmentDialog.stories.tsx[2m > [22m[2mMany Students
[22m[39m[FilesContext] About to set up File observeQuery
[90mstdout[2m | src/components/PeerReview/PeerReviewAssignmentDialog.stories.tsx[2m > [22m[2mMany Students
[22m[39m[ChatContext] Setting up AssistantChat observeQuery
[90mstdout[2m | src/components/PeerReview/PeerReviewAssignmentDialog.stories.tsx[2m > [22m[2mMany Students
[22m[39m[ChatContext] Waiting for subscription to initialize
[90mstdout[2m | src/components/PeerReview/PeerReviewAssignmentDialog.stories.tsx[2m > [22m[2mMany Students
[22m[39m[SettingsContext] Setting up Settings subscription for user: mock-user-sub
[90mstdout[2m | src/components/PeerReview/PeerReviewAssignmentDialog.stories.tsx[2m > [22m[2mMany Students
[22m[39m[Mock Data] Settings created: mock-settings-1790418927773 - notified 0 subscribers
[90mstdout[2m | src/components/PeerReview/PeerReviewAssignmentDialog.stories.tsx[2m > [22m[2mMany Students
[22m[39m[Mock Data] Unit.onUpdate() subscription added. Total: 1
[90mstdout[2m | src/components/PeerReview/PeerReviewAssignmentDialog.stories.tsx[2m > [22m[2mMany Students
[22m[39m[SectionContext] Section observeQuery update: 0
[90mstdout[2m | src/components/PeerReview/PeerReviewAssignmentDialog.stories.tsx[2m > [22m[2mMany Students
[22m[39m[FilesContext] File observeQuery update: 6 files
[90mstdout[2m | src/components/PeerReview/PeerReviewAssignmentDialog.stories.tsx[2m > [22m[2mMany Students
[22m[39m[ChatContext] AssistantChat initialized with 1 chats
[90mstdout[2m | src/components/PeerReview/PeerReviewAssignmentDialog.stories.tsx[2m > [22m[2mMany Students
[22m[39m[ChatContext] Setting initial chat: mock-assistant-chat-1
[90mstdout[2m | src/components/PeerReview/PeerReviewAssignmentDialog.stories.tsx[2m > [22m[2mMany Students
[22m[39m[MOCK CourseVectorStore] Initialized with mock data
[90mstdout[2m | src/components/PeerReview/PeerReviewAssignmentDialog.stories.tsx[2m > [22m[2mMany Students
[22m[39m[FilesContext] Vector store population triggered {
  "currentVectorStoreSize": 3,
  "documentsCount": 0,
  "filesCount": 6,
  "isInitialLoad": true,
}
[90mstdout[2m | src/components/PeerReview/PeerReviewAssignmentDialog.stories.tsx[2m > [22m[2mMany Students
[22m[39m[FilesContext] Vector store population complete - 3 total embeddings
[90mstdout[2m | src/components/PeerReview/PeerReviewAssignmentDialog.stories.tsx[2m > [22m[2mMany Students
[22m[39m[ChatContext] Chat exists and not archived, skipping creation
[90mstdout[2m | src/components/PeerReview/PeerReviewAssignmentDialog.stories.tsx[2m > [22m[2mMany Students
[22m[39m[Mock Storage] downloadData called with: undefined
[90mstdout[2m | src/components/PeerReview/PeerReviewAssignmentDialog.stories.tsx[2m > [22m[2mClosed
[22m[39m[ChatContext] Cleaning up subscriptions
[90mstdout[2m | src/components/PeerReview/PeerReviewAssignmentDialog.stories.tsx[2m > [22m[2mClosed
[22m[39m[Mock Data] Unit.onUpdate() subscription removed. Remaining: 0
[90mstdout[2m | src/components/PeerReview/PeerReviewAssignmentDialog.stories.tsx[2m > [22m[2mClosed
[22m[39m[MOCK CourseVectorStore] Initialized with mock data
[90mstdout[2m | src/components/PeerReview/PeerReviewAssignmentDialog.stories.tsx[2m > [22m[2mClosed
[22m[39m[TranslationModeController] Setting mode to: off
[90mstdout[2m | src/components/PeerReview/PeerReviewAssignmentDialog.stories.tsx[2m > [22m[2mClosed
[22m[39m[UnitContext] useEffect triggered {
  "authLoading": false,
  "hasUser": true,
  "id": "mock-unit-id",
  "userSub": "mock-user-sub",
}
[90mstdout[2m | src/components/PeerReview/PeerReviewAssignmentDialog.stories.tsx[2m > [22m[2mClosed
[22m[39m[UnitContext] Fetching unit data for id: mock-unit-id
[90mstdout[2m | src/components/PeerReview/PeerReviewAssignmentDialog.stories.tsx[2m > [22m[2mClosed
[22m[39m[FilesContext] Initializing vector store from IndexedDB
[90mstdout[2m | src/components/PeerReview/PeerReviewAssignmentDialog.stories.tsx[2m > [22m[2mClosed
[22m[39m[FilesContext] fetchFiles called
[90mstdout[2m | src/components/PeerReview/PeerReviewAssignmentDialog.stories.tsx[2m > [22m[2mClosed
[22m[39m[FilesContext] User authenticated: mock-user-sub
[90mstdout[2m | src/components/PeerReview/PeerReviewAssignmentDialog.stories.tsx[2m > [22m[2mClosed
[22m[39m[FilesContext] Identity ID: us-east-1:mock-identity-123
[90mstdout[2m | src/components/PeerReview/PeerReviewAssignmentDialog.stories.tsx[2m > [22m[2mClosed
[22m[39m[FilesContext] About to set up File observeQuery
[90mstdout[2m | src/components/PeerReview/PeerReviewAssignmentDialog.stories.tsx[2m > [22m[2mClosed
[22m[39m[ChatContext] Setting up AssistantChat observeQuery
[90mstdout[2m | src/components/PeerReview/PeerReviewAssignmentDialog.stories.tsx[2m > [22m[2mClosed
[22m[39m[ChatContext] Waiting for subscription to initialize
[90mstdout[2m | src/components/PeerReview/PeerReviewAssignmentDialog.stories.tsx[2m > [22m[2mClosed
[22m[39m[SettingsContext] Setting up Settings subscription for user: mock-user-sub
[90mstdout[2m | src/components/PeerReview/PeerReviewAssignmentDialog.stories.tsx[2m > [22m[2mClosed
[22m[39m[Mock Data] Settings created: mock-settings-1790418927880 - notified 0 subscribers
[90mstdout[2m | src/components/PeerReview/PeerReviewAssignmentDialog.stories.tsx[2m > [22m[2mClosed
[22m[39m[Mock Data] Unit.onUpdate() subscription added. Total: 1
[90mstdout[2m | src/components/PeerReview/PeerReviewAssignmentDialog.stories.tsx[2m > [22m[2mClosed
[22m[39m[SectionContext] Section observeQuery update: 0
[90mstdout[2m | src/components/PeerReview/PeerReviewAssignmentDialog.stories.tsx[2m > [22m[2mClosed
[22m[39m[Mock Storage] downloadData called with: undefined
[90mstdout[2m | src/components/PeerReview/PeerReviewAssignmentDialog.stories.tsx[2m > [22m[2mClosed
[22m[39m[FilesContext] File observeQuery update: 6 files
[90mstdout[2m | src/components/PeerReview/PeerReviewAssignmentDialog.stories.tsx[2m > [22m[2mClosed
[22m[39m[ChatContext] AssistantChat initialized with 1 chats
[90mstdout[2m | src/components/PeerReview/PeerReviewAssignmentDialog.stories.tsx[2m > [22m[2mClosed
[22m[39m[ChatContext] Setting initial chat: mock-assistant-chat-1
[90mstdout[2m | src/components/PeerReview/PeerReviewAssignmentDialog.stories.tsx[2m > [22m[2mClosed
[22m[39m[MOCK CourseVectorStore] Initialized with mock data
[90mstdout[2m | src/components/PeerReview/PeerReviewAssignmentDialog.stories.tsx[2m > [22m[2mClosed
[22m[39m[FilesContext] Vector store population triggered {
  "currentVectorStoreSize": 3,
  "documentsCount": 0,
  "filesCount": 6,
  "isInitialLoad": true,
}
[90mstdout[2m | src/components/PeerReview/PeerReviewAssignmentDialog.stories.tsx[2m > [22m[2mClosed
[22m[39m[FilesContext] Vector store population complete - 3 total embeddings
[90mstdout[2m | src/components/PeerReview/PeerReviewAssignmentDialog.stories.tsx[2m > [22m[2mClosed
[22m[39m[ChatContext] Chat exists and not archived, skipping creation
 [32m✓[39m [30m[45m storybook (chromium) [49m[39m src/components/PeerReview/PeerReviewAssignmentDialog.stories.tsx [2m([22m[2m4 tests[22m[2m)[22m[33m 556[2mms[22m[39m
[90mstdout[2m | unknown test
[22m[39m[MOCK vectorStoreDB.js] Module loaded - mock IndexedDB operations
[90mstdout[2m | unknown test
[22m[39m[Task Completion] DOM action listeners initialized
[90mstdout[2m | unknown test
[22m[39m[Task Completion] Auto-completion detector initialized
[90mstdout[2m | unknown test
[22m[39m[Preview] Task completion detector initialized
[90mstdout[2m | .storybook/components/Welcome.stories.tsx[2m > [22m[2mWelcome
[22m[39m[MOCK CourseVectorStore] Initialized with mock data
[90mstdout[2m | .storybook/components/Welcome.stories.tsx[2m > [22m[2mWelcome
[22m[39m[TranslationModeController] Setting mode to: off
[90mstdout[2m | .storybook/components/Welcome.stories.tsx[2m > [22m[2mWelcome
[22m[39m[UnitContext] useEffect triggered {
  "authLoading": false,
  "hasUser": true,
  "id": "mock-unit-id",
  "userSub": "mock-user-sub",
}
[90mstdout[2m | .storybook/components/Welcome.stories.tsx[2m > [22m[2mWelcome
[22m[39m[UnitContext] Fetching unit data for id: mock-unit-id
[90mstdout[2m | .storybook/components/Welcome.stories.tsx[2m > [22m[2mWelcome
[22m[39m[FilesContext] Initializing vector store from IndexedDB
[90mstdout[2m | .storybook/components/Welcome.stories.tsx[2m > [22m[2mWelcome
[22m[39m[FilesContext] fetchFiles called
[90mstdout[2m | .storybook/components/Welcome.stories.tsx[2m > [22m[2mWelcome
[22m[39m[FilesContext] User authenticated: mock-user-sub
[90mstdout[2m | .storybook/components/Welcome.stories.tsx[2m > [22m[2mWelcome
[22m[39m[FilesContext] Identity ID: us-east-1:mock-identity-123
[90mstdout[2m | .storybook/components/Welcome.stories.tsx[2m > [22m[2mWelcome
[22m[39m[FilesContext] About to set up File observeQuery
[90mstdout[2m | .storybook/components/Welcome.stories.tsx[2m > [22m[2mWelcome
[22m[39m[ChatContext] Setting up AssistantChat observeQuery
[90mstdout[2m | .storybook/components/Welcome.stories.tsx[2m > [22m[2mWelcome
[22m[39m[ChatContext] Waiting for subscription to initialize
[90mstdout[2m | .storybook/components/Welcome.stories.tsx[2m > [22m[2mWelcome
[22m[39m[SettingsContext] Setting up Settings subscription for user: mock-user-sub
[90mstdout[2m | .storybook/components/Welcome.stories.tsx[2m > [22m[2mWelcome
[22m[39m[Mock Data] Settings created: mock-settings-1790418928539 - notified 0 subscribers
[90mstdout[2m | .storybook/components/Welcome.stories.tsx[2m > [22m[2mWelcome
[22m[39m[Mock Data] Unit.onUpdate() subscription added. Total: 1
[90mstdout[2m | .storybook/components/Welcome.stories.tsx[2m > [22m[2mWelcome
[22m[39m[SectionContext] Section observeQuery update: 0
[90mstdout[2m | .storybook/components/Welcome.stories.tsx[2m > [22m[2mWelcome
[22m[39m[FilesContext] File observeQuery update: 6 files
[90mstdout[2m | .storybook/components/Welcome.stories.tsx[2m > [22m[2mWelcome
[22m[39m[ChatContext] AssistantChat initialized with 1 chats
[90mstdout[2m | .storybook/components/Welcome.stories.tsx[2m > [22m[2mWelcome
[22m[39m[ChatContext] Setting initial chat: mock-assistant-chat-1
[90mstdout[2m | .storybook/components/Welcome.stories.tsx[2m > [22m[2mWelcome
[22m[39m[MOCK CourseVectorStore] Initialized with mock data
[90mstdout[2m | .storybook/components/Welcome.stories.tsx[2m > [22m[2mWelcome
[22m[39m[FilesContext] Vector store population triggered {
  "currentVectorStoreSize": 3,
  "documentsCount": 0,
  "filesCount": 6,
  "isInitialLoad": true,
}
[90mstdout[2m | .storybook/components/Welcome.stories.tsx[2m > [22m[2mWelcome
[22m[39m[FilesContext] Vector store population complete - 3 total embeddings
[90mstdout[2m | .storybook/components/Welcome.stories.tsx[2m > [22m[2mWelcome
[22m[39m[ChatContext] Chat exists and not archived, skipping creation
[90mstdout[2m | .storybook/components/Welcome.stories.tsx[2m > [22m[2mWelcome
[22m[39m[Mock Storage] downloadData called with: undefined
[90mstdout[2m | .storybook/components/Welcome.stories.tsx[2m > [22m[2mWelcome
[22m[39mfilterWords {
  "filter": "",
  "wordsCount": 0,
}
 [32m✓[39m [30m[45m storybook (chromium) [49m[39m .storybook/components/Welcome.stories.tsx [2m([22m[2m1 test[22m[2m)[22m[33m 805[2mms[22m[39m
   [33m[2m✓[22m[39m Welcome [33m 804[2mms[22m[39m
[90mstdout[2m | unknown test
[22m[39m[MOCK vectorStoreDB.js] Module loaded - mock IndexedDB operations
[90mstdout[2m | unknown test
[22m[39m[Task Completion] DOM action listeners initialized
[90mstdout[2m | unknown test
[22m[39m[Task Completion] Auto-completion detector initialized
[90mstdout[2m | unknown test
[22m[39m[Preview] Task completion detector initialized
[90mstdout[2m | src/components/NotificationInvitations.stories.tsx[2m > [22m[2mPeer Review Invitations
[22m[39m[MOCK CourseVectorStore] Initialized with mock data
[90mstdout[2m | src/components/NotificationInvitations.stories.tsx[2m > [22m[2mPeer Review Invitations
[22m[39m[TranslationModeController] Setting mode to: off
[90mstdout[2m | src/components/NotificationInvitations.stories.tsx[2m > [22m[2mPeer Review Invitations
[22m[39m[UnitContext] useEffect triggered {
  "authLoading": false,
  "hasUser": true,
  "id": "mock-unit-id",
  "userSub": "mock-user-sub",
}
[90mstdout[2m | src/components/NotificationInvitations.stories.tsx[2m > [22m[2mPeer Review Invitations
[22m[39m[UnitContext] Fetching unit data for id: mock-unit-id
[90mstdout[2m | src/components/NotificationInvitations.stories.tsx[2m > [22m[2mPeer Review Invitations
[22m[39m[FilesContext] Initializing vector store from IndexedDB
[90mstdout[2m | src/components/NotificationInvitations.stories.tsx[2m > [22m[2mPeer Review Invitations
[22m[39m[FilesContext] fetchFiles called
[90mstdout[2m | src/components/NotificationInvitations.stories.tsx[2m > [22m[2mPeer Review Invitations
[22m[39m[FilesContext] User authenticated: mock-user-sub
[90mstdout[2m | src/components/NotificationInvitations.stories.tsx[2m > [22m[2mPeer Review Invitations
[22m[39m[FilesContext] Identity ID: us-east-1:mock-identity-123
[90mstdout[2m | src/components/NotificationInvitations.stories.tsx[2m > [22m[2mPeer Review Invitations
[22m[39m[FilesContext] About to set up File observeQuery
[90mstdout[2m | src/components/NotificationInvitations.stories.tsx[2m > [22m[2mPeer Review Invitations
[22m[39m[ChatContext] Setting up AssistantChat observeQuery
[90mstdout[2m | src/components/NotificationInvitations.stories.tsx[2m > [22m[2mPeer Review Invitations
[22m[39m[ChatContext] Waiting for subscription to initialize
[90mstdout[2m | src/components/NotificationInvitations.stories.tsx[2m > [22m[2mPeer Review Invitations
[22m[39m[SettingsContext] Setting up Settings subscription for user: mock-user-sub
[90mstdout[2m | src/components/NotificationInvitations.stories.tsx[2m > [22m[2mPeer Review Invitations
[22m[39m[Mock Data] Settings created: mock-settings-1790418929731 - notified 0 subscribers
[90mstdout[2m | src/components/NotificationInvitations.stories.tsx[2m > [22m[2mPeer Review Invitations
[22m[39m[Mock Data] Unit.onUpdate() subscription added. Total: 1
[90mstdout[2m | src/components/NotificationInvitations.stories.tsx[2m > [22m[2mPeer Review Invitations
[22m[39m[SectionContext] Section observeQuery update: 0
[90mstdout[2m | src/components/NotificationInvitations.stories.tsx[2m > [22m[2mPeer Review Invitations
[22m[39m[FilesContext] File observeQuery update: 6 files
[90mstdout[2m | src/components/NotificationInvitations.stories.tsx[2m > [22m[2mPeer Review Invitations
[22m[39m[ChatContext] AssistantChat initialized with 1 chats
[90mstdout[2m | src/components/NotificationInvitations.stories.tsx[2m > [22m[2mPeer Review Invitations
[22m[39m[ChatContext] Setting initial chat: mock-assistant-chat-1
[90mstdout[2m | src/components/NotificationInvitations.stories.tsx[2m > [22m[2mPeer Review Invitations
[22m[39m[MOCK CourseVectorStore] Initialized with mock data
[90mstdout[2m | src/components/NotificationInvitations.stories.tsx[2m > [22m[2mPeer Review Invitations
[22m[39m[FilesContext] Vector store population triggered {
  "currentVectorStoreSize": 3,
  "documentsCount": 0,
  "filesCount": 6,
  "isInitialLoad": true,
}
[90mstdout[2m | src/components/NotificationInvitations.stories.tsx[2m > [22m[2mPeer Review Invitations
[22m[39m[FilesContext] Vector store population complete - 3 total embeddings
[90mstdout[2m | src/components/NotificationInvitations.stories.tsx[2m > [22m[2mPeer Review Invitations
[22m[39m[ChatContext] Chat exists and not archived, skipping creation
[90mstdout[2m | src/components/NotificationInvitations.stories.tsx[2m > [22m[2mPeer Review Invitations
[22m[39m[Mock Storage] downloadData called with: undefined
[90mstdout[2m | src/components/NotificationInvitations.stories.tsx[2m > [22m[2mPractice Session Invitations
[22m[39m[ChatContext] Cleaning up subscriptions
[90mstdout[2m | src/components/NotificationInvitations.stories.tsx[2m > [22m[2mPractice Session Invitations
[22m[39m[Mock Data] Unit.onUpdate() subscription removed. Remaining: 0
[90mstdout[2m | src/components/NotificationInvitations.stories.tsx[2m > [22m[2mPractice Session Invitations
[22m[39m[MOCK CourseVectorStore] Initialized with mock data
[90mstdout[2m | src/components/NotificationInvitations.stories.tsx[2m > [22m[2mPractice Session Invitations
[22m[39m[TranslationModeController] Setting mode to: off
[90mstdout[2m | src/components/NotificationInvitations.stories.tsx[2m > [22m[2mPractice Session Invitations
[22m[39m[UnitContext] useEffect triggered {
  "authLoading": false,
  "hasUser": true,
  "id": "mock-unit-id",
  "userSub": "mock-user-sub",
}
[90mstdout[2m | src/components/NotificationInvitations.stories.tsx[2m > [22m[2mPractice Session Invitations
[22m[39m[UnitContext] Fetching unit data for id: mock-unit-id
[90mstdout[2m | src/components/NotificationInvitations.stories.tsx[2m > [22m[2mPractice Session Invitations
[22m[39m[FilesContext] Initializing vector store from IndexedDB
[90mstdout[2m | src/components/NotificationInvitations.stories.tsx[2m > [22m[2mPractice Session Invitations
[22m[39m[FilesContext] fetchFiles called
[90mstdout[2m | src/components/NotificationInvitations.stories.tsx[2m > [22m[2mPractice Session Invitations
[22m[39m[FilesContext] User authenticated: mock-user-sub
[90mstdout[2m | src/components/NotificationInvitations.stories.tsx[2m > [22m[2mPractice Session Invitations
[22m[39m[FilesContext] Identity ID: us-east-1:mock-identity-123
[90mstdout[2m | src/components/NotificationInvitations.stories.tsx[2m > [22m[2mPractice Session Invitations
[22m[39m[FilesContext] About to set up File observeQuery
[90mstdout[2m | src/components/NotificationInvitations.stories.tsx[2m > [22m[2mPractice Session Invitations
[22m[39m[ChatContext] Setting up AssistantChat observeQuery
[90mstdout[2m | src/components/NotificationInvitations.stories.tsx[2m > [22m[2mPractice Session Invitations
[22m[39m[ChatContext] Waiting for subscription to initialize
[90mstdout[2m | src/components/NotificationInvitations.stories.tsx[2m > [22m[2mPractice Session Invitations
[22m[39m[SettingsContext] Setting up Settings subscription for user: mock-user-sub
[90mstdout[2m | src/components/NotificationInvitations.stories.tsx[2m > [22m[2mPractice Session Invitations
[22m[39m[Mock Data] Settings created: mock-settings-1790418929867 - notified 0 subscribers
[90mstdout[2m | src/components/NotificationInvitations.stories.tsx[2m > [22m[2mPractice Session Invitations
[22m[39m[Mock Data] Unit.onUpdate() subscription added. Total: 1
[90mstdout[2m | src/components/NotificationInvitations.stories.tsx[2m > [22m[2mPractice Session Invitations
[22m[39m[SectionContext] Section observeQuery update: 0
[90mstdout[2m | src/components/NotificationInvitations.stories.tsx[2m > [22m[2mPractice Session Invitations
[22m[39m[Mock Storage] downloadData called with: undefined
[90mstdout[2m | src/components/NotificationInvitations.stories.tsx[2m > [22m[2mPractice Session Invitations
[22m[39m[FilesContext] File observeQuery update: 6 files
[90mstdout[2m | src/components/NotificationInvitations.stories.tsx[2m > [22m[2mPractice Session Invitations
[22m[39m[MOCK CourseVectorStore] Initialized with mock data
[90mstdout[2m | src/components/NotificationInvitations.stories.tsx[2m > [22m[2mPractice Session Invitations
[22m[39m[FilesContext] Vector store population triggered {
  "currentVectorStoreSize": 3,
  "documentsCount": 0,
  "filesCount": 6,
  "isInitialLoad": true,
}
[90mstdout[2m | src/components/NotificationInvitations.stories.tsx[2m > [22m[2mPractice Session Invitations
[22m[39m[FilesContext] Vector store population complete - 3 total embeddings
[90mstdout[2m | src/components/NotificationInvitations.stories.tsx[2m > [22m[2mPractice Session Invitations
[22m[39m[ChatContext] AssistantChat initialized with 1 chats
[90mstdout[2m | src/components/NotificationInvitations.stories.tsx[2m > [22m[2mPractice Session Invitations
[22m[39m[ChatContext] Setting initial chat: mock-assistant-chat-1
[90mstdout[2m | src/components/NotificationInvitations.stories.tsx[2m > [22m[2mPractice Session Invitations
[22m[39m[ChatContext] Chat exists and not archived, skipping creation
[90mstdout[2m | src/components/NotificationInvitations.stories.tsx[2m > [22m[2mWorkbook Invitations
[22m[39m[ChatContext] Cleaning up subscriptions
[90mstdout[2m | src/components/NotificationInvitations.stories.tsx[2m > [22m[2mWorkbook Invitations
[22m[39m[Mock Data] Unit.onUpdate() subscription removed. Remaining: 0
[90mstdout[2m | src/components/NotificationInvitations.stories.tsx[2m > [22m[2mWorkbook Invitations
[22m[39m[MOCK CourseVectorStore] Initialized with mock data
[90mstdout[2m | src/components/NotificationInvitations.stories.tsx[2m > [22m[2mWorkbook Invitations
[22m[39m[TranslationModeController] Setting mode to: off
[90mstdout[2m | src/components/NotificationInvitations.stories.tsx[2m > [22m[2mWorkbook Invitations
[22m[39m[UnitContext] useEffect triggered {
  "authLoading": false,
  "hasUser": true,
  "id": "mock-unit-id",
  "userSub": "mock-user-sub",
}
[90mstdout[2m | src/components/NotificationInvitations.stories.tsx[2m > [22m[2mWorkbook Invitations
[22m[39m[UnitContext] Fetching unit data for id: mock-unit-id
[90mstdout[2m | src/components/NotificationInvitations.stories.tsx[2m > [22m[2mWorkbook Invitations
[22m[39m[FilesContext] Initializing vector store from IndexedDB
[90mstdout[2m | src/components/NotificationInvitations.stories.tsx[2m > [22m[2mWorkbook Invitations
[22m[39m[FilesContext] fetchFiles called
[90mstdout[2m | src/components/NotificationInvitations.stories.tsx[2m > [22m[2mWorkbook Invitations
[22m[39m[FilesContext] User authenticated: mock-user-sub
[90mstdout[2m | src/components/NotificationInvitations.stories.tsx[2m > [22m[2mWorkbook Invitations
[22m[39m[FilesContext] Identity ID: us-east-1:mock-identity-123
[90mstdout[2m | src/components/NotificationInvitations.stories.tsx[2m > [22m[2mWorkbook Invitations
[22m[39m[FilesContext] About to set up File observeQuery
[90mstdout[2m | src/components/NotificationInvitations.stories.tsx[2m > [22m[2mWorkbook Invitations
[22m[39m[ChatContext] Setting up AssistantChat observeQuery
[90mstdout[2m | src/components/NotificationInvitations.stories.tsx[2m > [22m[2mWorkbook Invitations
[22m[39m[ChatContext] Waiting for subscription to initialize
[90mstdout[2m | src/components/NotificationInvitations.stories.tsx[2m > [22m[2mWorkbook Invitations
[22m[39m[SettingsContext] Setting up Settings subscription for user: mock-user-sub
[90mstdout[2m | src/components/NotificationInvitations.stories.tsx[2m > [22m[2mWorkbook Invitations
[22m[39m[Mock Data] Settings created: mock-settings-1790418929985 - notified 0 subscribers
[90mstdout[2m | src/components/NotificationInvitations.stories.tsx[2m > [22m[2mWorkbook Invitations
[22m[39m[Mock Data] Unit.onUpdate() subscription added. Total: 1
[90mstdout[2m | src/components/NotificationInvitations.stories.tsx[2m > [22m[2mWorkbook Invitations
[22m[39m[SectionContext] Section observeQuery update: 0
[90mstdout[2m | src/components/NotificationInvitations.stories.tsx[2m > [22m[2mWorkbook Invitations
[22m[39m[FilesContext] File observeQuery update: 6 files
[90mstdout[2m | src/components/NotificationInvitations.stories.tsx[2m > [22m[2mWorkbook Invitations
[22m[39m[ChatContext] AssistantChat initialized with 1 chats
[90mstdout[2m | src/components/NotificationInvitations.stories.tsx[2m > [22m[2mWorkbook Invitations
[22m[39m[ChatContext] Setting initial chat: mock-assistant-chat-1
[90mstdout[2m | src/components/NotificationInvitations.stories.tsx[2m > [22m[2mWorkbook Invitations
[22m[39m[Mock Storage] downloadData called with: undefined
[90mstdout[2m | src/components/NotificationInvitations.stories.tsx[2m > [22m[2mWorkbook Invitations
[22m[39m[MOCK CourseVectorStore] Initialized with mock data
[90mstdout[2m | src/components/NotificationInvitations.stories.tsx[2m > [22m[2mWorkbook Invitations
[22m[39m[FilesContext] Vector store population triggered {
  "currentVectorStoreSize": 3,
  "documentsCount": 0,
  "filesCount": 6,
  "isInitialLoad": true,
}
[90mstdout[2m | src/components/NotificationInvitations.stories.tsx[2m > [22m[2mWorkbook Invitations
[22m[39m[FilesContext] Vector store population complete - 3 total embeddings
[90mstdout[2m | src/components/NotificationInvitations.stories.tsx[2m > [22m[2mWorkbook Invitations
[22m[39m[ChatContext] Chat exists and not archived, skipping creation
[90mstdout[2m | src/components/NotificationInvitations.stories.tsx[2m > [22m[2mAll Collaboration Types
[22m[39m[ChatContext] Cleaning up subscriptions
[90mstdout[2m | src/components/NotificationInvitations.stories.tsx[2m > [22m[2mAll Collaboration Types
[22m[39m[Mock Data] Unit.onUpdate() subscription removed. Remaining: 0
[90mstdout[2m | src/components/NotificationInvitations.stories.tsx[2m > [22m[2mAll Collaboration Types
[22m[39m[MOCK CourseVectorStore] Initialized with mock data
[90mstdout[2m | src/components/NotificationInvitations.stories.tsx[2m > [22m[2mAll Collaboration Types
[22m[39m[TranslationModeController] Setting mode to: off
[90mstdout[2m | src/components/NotificationInvitations.stories.tsx[2m > [22m[2mAll Collaboration Types
[22m[39m[UnitContext] useEffect triggered {
  "authLoading": false,
  "hasUser": true,
  "id": "mock-unit-id",
  "userSub": "mock-user-sub",
}
[90mstdout[2m | src/components/NotificationInvitations.stories.tsx[2m > [22m[2mAll Collaboration Types
[22m[39m[UnitContext] Fetching unit data for id: mock-unit-id
[90mstdout[2m | src/components/NotificationInvitations.stories.tsx[2m > [22m[2mAll Collaboration Types
[22m[39m[FilesContext] Initializing vector store from IndexedDB
[90mstdout[2m | src/components/NotificationInvitations.stories.tsx[2m > [22m[2mAll Collaboration Types
[22m[39m[FilesContext] fetchFiles called
[90mstdout[2m | src/components/NotificationInvitations.stories.tsx[2m > [22m[2mAll Collaboration Types
[22m[39m[FilesContext] User authenticated: mock-user-sub
[90mstdout[2m | src/components/NotificationInvitations.stories.tsx[2m > [22m[2mAll Collaboration Types
[22m[39m[FilesContext] Identity ID: us-east-1:mock-identity-123
[90mstdout[2m | src/components/NotificationInvitations.stories.tsx[2m > [22m[2mAll Collaboration Types
[22m[39m[FilesContext] About to set up File observeQuery
[90mstdout[2m | src/components/NotificationInvitations.stories.tsx[2m > [22m[2mAll Collaboration Types
[22m[39m[ChatContext] Setting up AssistantChat observeQuery
[90mstdout[2m | src/components/NotificationInvitations.stories.tsx[2m > [22m[2mAll Collaboration Types
[22m[39m[ChatContext] Waiting for subscription to initialize
[90mstdout[2m | src/components/NotificationInvitations.stories.tsx[2m > [22m[2mAll Collaboration Types
[22m[39m[SettingsContext] Setting up Settings subscription for user: mock-user-sub
[90mstdout[2m | src/components/NotificationInvitations.stories.tsx[2m > [22m[2mAll Collaboration Types
[22m[39m[Mock Data] Settings created: mock-settings-1790418930097 - notified 0 subscribers
[90mstdout[2m | src/components/NotificationInvitations.stories.tsx[2m > [22m[2mAll Collaboration Types
[22m[39m[Mock Data] Unit.onUpdate() subscription added. Total: 1
[90mstdout[2m | src/components/NotificationInvitations.stories.tsx[2m > [22m[2mAll Collaboration Types
[22m[39m[SectionContext] Section observeQuery update: 0
[90mstdout[2m | src/components/NotificationInvitations.stories.tsx[2m > [22m[2mAll Collaboration Types
[22m[39m[FilesContext] File observeQuery update: 6 files
[90mstdout[2m | src/components/NotificationInvitations.stories.tsx[2m > [22m[2mAll Collaboration Types
[22m[39m[ChatContext] AssistantChat initialized with 1 chats
[90mstdout[2m | src/components/NotificationInvitations.stories.tsx[2m > [22m[2mAll Collaboration Types
[22m[39m[ChatContext] Setting initial chat: mock-assistant-chat-1
[90mstdout[2m | src/components/NotificationInvitations.stories.tsx[2m > [22m[2mAll Collaboration Types
[22m[39m[Mock Storage] downloadData called with: undefined
[90mstdout[2m | src/components/NotificationInvitations.stories.tsx[2m > [22m[2mAll Collaboration Types
[22m[39m[MOCK CourseVectorStore] Initialized with mock data
[90mstdout[2m | src/components/NotificationInvitations.stories.tsx[2m > [22m[2mAll Collaboration Types
[22m[39m[FilesContext] Vector store population triggered {
  "currentVectorStoreSize": 3,
  "documentsCount": 0,
  "filesCount": 6,
  "isInitialLoad": true,
}
[90mstdout[2m | src/components/NotificationInvitations.stories.tsx[2m > [22m[2mAll Collaboration Types
[22m[39m[FilesContext] Vector store population complete - 3 total embeddings
[90mstdout[2m | src/components/NotificationInvitations.stories.tsx[2m > [22m[2mAll Collaboration Types
[22m[39m[ChatContext] Chat exists and not archived, skipping creation
[90mstdout[2m | src/components/NotificationInvitations.stories.tsx[2m > [22m[2mNo Invitations
[22m[39m[ChatContext] Cleaning up subscriptions
[90mstdout[2m | src/components/NotificationInvitations.stories.tsx[2m > [22m[2mNo Invitations
[22m[39m[Mock Data] Unit.onUpdate() subscription removed. Remaining: 0
[90mstdout[2m | src/components/NotificationInvitations.stories.tsx[2m > [22m[2mNo Invitations
[22m[39m[MOCK CourseVectorStore] Initialized with mock data
[90mstdout[2m | src/components/NotificationInvitations.stories.tsx[2m > [22m[2mNo Invitations
[22m[39m[TranslationModeController] Setting mode to: off
[90mstdout[2m | src/components/NotificationInvitations.stories.tsx[2m > [22m[2mNo Invitations
[22m[39m[UnitContext] useEffect triggered {
  "authLoading": false,
  "hasUser": true,
  "id": "mock-unit-id",
  "userSub": "mock-user-sub",
}
[90mstdout[2m | src/components/NotificationInvitations.stories.tsx[2m > [22m[2mNo Invitations
[22m[39m[UnitContext] Fetching unit data for id: mock-unit-id
[90mstdout[2m | src/components/NotificationInvitations.stories.tsx[2m > [22m[2mNo Invitations
[22m[39m[FilesContext] Initializing vector store from IndexedDB
[90mstdout[2m | src/components/NotificationInvitations.stories.tsx[2m > [22m[2mNo Invitations
[22m[39m[FilesContext] fetchFiles called
[90mstdout[2m | src/components/NotificationInvitations.stories.tsx[2m > [22m[2mNo Invitations
[22m[39m[FilesContext] User authenticated: mock-user-sub
[90mstdout[2m | src/components/NotificationInvitations.stories.tsx[2m > [22m[2mNo Invitations
[22m[39m[FilesContext] Identity ID: us-east-1:mock-identity-123
[90mstdout[2m | src/components/NotificationInvitations.stories.tsx[2m > [22m[2mNo Invitations
[22m[39m[FilesContext] About to set up File observeQuery
[90mstdout[2m | src/components/NotificationInvitations.stories.tsx[2m > [22m[2mNo Invitations
[22m[39m[ChatContext] Setting up AssistantChat observeQuery
[90mstdout[2m | src/components/NotificationInvitations.stories.tsx[2m > [22m[2mNo Invitations
[22m[39m[ChatContext] Waiting for subscription to initialize
[90mstdout[2m | src/components/NotificationInvitations.stories.tsx[2m > [22m[2mNo Invitations
[22m[39m[SettingsContext] Setting up Settings subscription for user: mock-user-sub
[90mstdout[2m | src/components/NotificationInvitations.stories.tsx[2m > [22m[2mNo Invitations
[22m[39m[Mock Data] Settings created: mock-settings-1790418930218 - notified 0 subscribers
[90mstdout[2m | src/components/NotificationInvitations.stories.tsx[2m > [22m[2mNo Invitations
[22m[39m[Mock Data] Unit.onUpdate() subscription added. Total: 1
[90mstdout[2m | src/components/NotificationInvitations.stories.tsx[2m > [22m[2mNo Invitations
[22m[39m[SectionContext] Section observeQuery update: 0
[90mstdout[2m | src/components/NotificationInvitations.stories.tsx[2m > [22m[2mNo Invitations
[22m[39m[FilesContext] File observeQuery update: 6 files
[90mstdout[2m | src/components/NotificationInvitations.stories.tsx[2m > [22m[2mNo Invitations
[22m[39m[ChatContext] AssistantChat initialized with 1 chats
[90mstdout[2m | src/components/NotificationInvitations.stories.tsx[2m > [22m[2mNo Invitations
[22m[39m[ChatContext] Setting initial chat: mock-assistant-chat-1
[90mstdout[2m | src/components/NotificationInvitations.stories.tsx[2m > [22m[2mNo Invitations
[22m[39m[Mock Storage] downloadData called with: undefined
[90mstdout[2m | src/components/NotificationInvitations.stories.tsx[2m > [22m[2mNo Invitations
[22m[39m[MOCK CourseVectorStore] Initialized with mock data
[90mstdout[2m | src/components/NotificationInvitations.stories.tsx[2m > [22m[2mNo Invitations
[22m[39m[FilesContext] Vector store population triggered {
  "currentVectorStoreSize": 3,
  "documentsCount": 0,
  "filesCount": 6,
  "isInitialLoad": true,
}
[90mstdout[2m | src/components/NotificationInvitations.stories.tsx[2m > [22m[2mNo Invitations
[22m[39m[FilesContext] Vector store population complete - 3 total embeddings
[90mstdout[2m | src/components/NotificationInvitations.stories.tsx[2m > [22m[2mNo Invitations
[22m[39m[ChatContext] Chat exists and not archived, skipping creation
[90mstdout[2m | src/components/NotificationInvitations.stories.tsx[2m > [22m[2mLoading
[22m[39m[ChatContext] Cleaning up subscriptions
[90mstdout[2m | src/components/NotificationInvitations.stories.tsx[2m > [22m[2mLoading
[22m[39m[Mock Data] Unit.onUpdate() subscription removed. Remaining: 0
[90mstdout[2m | src/components/NotificationInvitations.stories.tsx[2m > [22m[2mLoading
[22m[39m[MOCK CourseVectorStore] Initialized with mock data
[90mstdout[2m | src/components/NotificationInvitations.stories.tsx[2m > [22m[2mLoading
[22m[39m[TranslationModeController] Setting mode to: off
[90mstdout[2m | src/components/NotificationInvitations.stories.tsx[2m > [22m[2mLoading
[22m[39m[UnitContext] useEffect triggered {
  "authLoading": false,
  "hasUser": true,
  "id": "mock-unit-id",
  "userSub": "mock-user-sub",
}
[90mstdout[2m | src/components/NotificationInvitations.stories.tsx[2m > [22m[2mLoading
[22m[39m[UnitContext] Fetching unit data for id: mock-unit-id
[90mstdout[2m | src/components/NotificationInvitations.stories.tsx[2m > [22m[2mLoading
[22m[39m[FilesContext] Initializing vector store from IndexedDB
[90mstdout[2m | src/components/NotificationInvitations.stories.tsx[2m > [22m[2mLoading
[22m[39m[FilesContext] fetchFiles called
[90mstdout[2m | src/components/NotificationInvitations.stories.tsx[2m > [22m[2mLoading
[22m[39m[FilesContext] User authenticated: mock-user-sub
[90mstdout[2m | src/components/NotificationInvitations.stories.tsx[2m > [22m[2mLoading
[22m[39m[FilesContext] Identity ID: us-east-1:mock-identity-123
[90mstdout[2m | src/components/NotificationInvitations.stories.tsx[2m > [22m[2mLoading
[22m[39m[FilesContext] About to set up File observeQuery
[90mstdout[2m | src/components/NotificationInvitations.stories.tsx[2m > [22m[2mLoading
[22m[39m[ChatContext] Setting up AssistantChat observeQuery
[90mstdout[2m | src/components/NotificationInvitations.stories.tsx[2m > [22m[2mLoading
[22m[39m[ChatContext] Waiting for subscription to initialize
[90mstdout[2m | src/components/NotificationInvitations.stories.tsx[2m > [22m[2mLoading
[22m[39m[SettingsContext] Setting up Settings subscription for user: mock-user-sub
[90mstdout[2m | src/components/NotificationInvitations.stories.tsx[2m > [22m[2mLoading
[22m[39m[Mock Data] Settings created: mock-settings-1790418930302 - notified 0 subscribers
[90mstdout[2m | src/components/NotificationInvitations.stories.tsx[2m > [22m[2mLoading
[22m[39m[Mock Data] Unit.onUpdate() subscription added. Total: 1
[90mstdout[2m | src/components/NotificationInvitations.stories.tsx[2m > [22m[2mLoading
[22m[39m[SectionContext] Section observeQuery update: 0
[90mstdout[2m | src/components/NotificationInvitations.stories.tsx[2m > [22m[2mLoading
[22m[39m[FilesContext] File observeQuery update: 6 files
[90mstdout[2m | src/components/NotificationInvitations.stories.tsx[2m > [22m[2mLoading
[22m[39m[ChatContext] AssistantChat initialized with 1 chats
[90mstdout[2m | src/components/NotificationInvitations.stories.tsx[2m > [22m[2mLoading
[22m[39m[ChatContext] Setting initial chat: mock-assistant-chat-1
[90mstdout[2m | src/components/NotificationInvitations.stories.tsx[2m > [22m[2mLoading
[22m[39m[Mock Storage] downloadData called with: undefined
[90mstdout[2m | src/components/NotificationInvitations.stories.tsx[2m > [22m[2mLoading
[22m[39m[MOCK CourseVectorStore] Initialized with mock data
[90mstdout[2m | src/components/NotificationInvitations.stories.tsx[2m > [22m[2mLoading
[22m[39m[FilesContext] Vector store population triggered {
  "currentVectorStoreSize": 3,
  "documentsCount": 0,
  "filesCount": 6,
  "isInitialLoad": true,
}
[90mstdout[2m | src/components/NotificationInvitations.stories.tsx[2m > [22m[2mLoading
[22m[39m[FilesContext] Vector store population complete - 3 total embeddings
[90mstdout[2m | src/components/NotificationInvitations.stories.tsx[2m > [22m[2mLoading
[22m[39m[ChatContext] Chat exists and not archived, skipping creation
 [32m✓[39m [30m[45m storybook (chromium) [49m[39m src/components/NotificationInvitations.stories.tsx [2m([22m[2m6 tests[22m[2m)[22m[33m 695[2mms[22m[39m
[90mstdout[2m | unknown test
[22m[39m[MOCK vectorStoreDB.js] Module loaded - mock IndexedDB operations
[90mstdout[2m | unknown test
[22m[39m[Task Completion] DOM action listeners initialized
[90mstdout[2m | unknown test
[22m[39m[Task Completion] Auto-completion detector initialized
[90mstdout[2m | unknown test
[22m[39m[Preview] Task completion detector initialized
[90mstdout[2m | src/components/Gamification/SkillDetailPanel.stories.tsx[2m > [22m[2mIn Progress
[22m[39m[TranslationModeController] Setting mode to: off
[90mstdout[2m | src/components/Gamification/SkillDetailPanel.stories.tsx[2m > [22m[2mMastered
[22m[39m[TranslationModeController] Setting mode to: off
[90mstdout[2m | src/components/Gamification/SkillDetailPanel.stories.tsx[2m > [22m[2mLocked
[22m[39m[TranslationModeController] Setting mode to: off
 [32m✓[39m [30m[45m storybook (chromium) [49m[39m src/components/Gamification/SkillDetailPanel.stories.tsx [2m([22m[2m3 tests[22m[2m)[22m[33m 404[2mms[22m[39m
[90mstdout[2m | unknown test
[22m[39m[MOCK vectorStoreDB.js] Module loaded - mock IndexedDB operations
[90mstdout[2m | unknown test
[22m[39m[Task Completion] DOM action listeners initialized
[90mstdout[2m | unknown test
[22m[39m[Task Completion] Auto-completion detector initialized
[90mstdout[2m | unknown test
[22m[39m[Preview] Task completion detector initialized
[90mstdout[2m | src/components/Gamification/LevelBadge.stories.tsx[2m > [22m[2mBeginner
[22m[39m[MOCK CourseVectorStore] Initialized with mock data
[90mstdout[2m | src/components/Gamification/LevelBadge.stories.tsx[2m > [22m[2mBeginner
[22m[39m[TranslationModeController] Setting mode to: off
[90mstdout[2m | src/components/Gamification/LevelBadge.stories.tsx[2m > [22m[2mBeginner
[22m[39m[UnitContext] useEffect triggered {
  "authLoading": false,
  "hasUser": true,
  "id": "mock-unit-id",
  "userSub": "mock-user-sub",
}
[90mstdout[2m | src/components/Gamification/LevelBadge.stories.tsx[2m > [22m[2mBeginner
[22m[39m[UnitContext] Fetching unit data for id: mock-unit-id
[90mstdout[2m | src/components/Gamification/LevelBadge.stories.tsx[2m > [22m[2mBeginner
[22m[39m[FilesContext] Initializing vector store from IndexedDB
[90mstdout[2m | src/components/Gamification/LevelBadge.stories.tsx[2m > [22m[2mBeginner
[22m[39m[FilesContext] fetchFiles called
[90mstdout[2m | src/components/Gamification/LevelBadge.stories.tsx[2m > [22m[2mBeginner
[22m[39m[FilesContext] User authenticated: mock-user-sub
[90mstdout[2m | src/components/Gamification/LevelBadge.stories.tsx[2m > [22m[2mBeginner
[22m[39m[FilesContext] Identity ID: us-east-1:mock-identity-123
[90mstdout[2m | src/components/Gamification/LevelBadge.stories.tsx[2m > [22m[2mBeginner
[22m[39m[FilesContext] About to set up File observeQuery
[90mstdout[2m | src/components/Gamification/LevelBadge.stories.tsx[2m > [22m[2mBeginner
[22m[39m[ChatContext] Setting up AssistantChat observeQuery
[90mstdout[2m | src/components/Gamification/LevelBadge.stories.tsx[2m > [22m[2mBeginner
[22m[39m[ChatContext] Waiting for subscription to initialize
[90mstdout[2m | src/components/Gamification/LevelBadge.stories.tsx[2m > [22m[2mBeginner
[22m[39m[SettingsContext] Setting up Settings subscription for user: mock-user-sub
[90mstdout[2m | src/components/Gamification/LevelBadge.stories.tsx[2m > [22m[2mBeginner
[22m[39m[Mock Data] Settings created: mock-settings-1790418931686 - notified 0 subscribers
[90mstdout[2m | src/components/Gamification/LevelBadge.stories.tsx[2m > [22m[2mBeginner
[22m[39m[Mock Data] Unit.onUpdate() subscription added. Total: 1
[90mstdout[2m | src/components/Gamification/LevelBadge.stories.tsx[2m > [22m[2mBeginner
[22m[39m[SectionContext] Section observeQuery update: 0
[90mstdout[2m | src/components/Gamification/LevelBadge.stories.tsx[2m > [22m[2mBeginner
[22m[39m[FilesContext] File observeQuery update: 6 files
[90mstdout[2m | src/components/Gamification/LevelBadge.stories.tsx[2m > [22m[2mBeginner
[22m[39m[ChatContext] AssistantChat initialized with 1 chats
[90mstdout[2m | src/components/Gamification/LevelBadge.stories.tsx[2m > [22m[2mBeginner
[22m[39m[ChatContext] Setting initial chat: mock-assistant-chat-1
[90mstdout[2m | src/components/Gamification/LevelBadge.stories.tsx[2m > [22m[2mBeginner
[22m[39m[MOCK CourseVectorStore] Initialized with mock data
[90mstdout[2m | src/components/Gamification/LevelBadge.stories.tsx[2m > [22m[2mBeginner
[22m[39m[FilesContext] Vector store population triggered {
  "currentVectorStoreSize": 3,
  "documentsCount": 0,
  "filesCount": 6,
  "isInitialLoad": true,
}
[90mstdout[2m | src/components/Gamification/LevelBadge.stories.tsx[2m > [22m[2mBeginner
[22m[39m[FilesContext] Vector store population complete - 3 total embeddings
[90mstdout[2m | src/components/Gamification/LevelBadge.stories.tsx[2m > [22m[2mBeginner
[22m[39m[ChatContext] Chat exists and not archived, skipping creation
[90mstdout[2m | src/components/Gamification/LevelBadge.stories.tsx[2m > [22m[2mBeginner
[22m[39m[Mock Storage] downloadData called with: undefined
[90mstdout[2m | src/components/Gamification/LevelBadge.stories.tsx[2m > [22m[2mExplorer
[22m[39m[ChatContext] Cleaning up subscriptions
[90mstdout[2m | src/components/Gamification/LevelBadge.stories.tsx[2m > [22m[2mExplorer
[22m[39m[Mock Data] Unit.onUpdate() subscription removed. Remaining: 0
[90mstdout[2m | src/components/Gamification/LevelBadge.stories.tsx[2m > [22m[2mExplorer
[22m[39m[MOCK CourseVectorStore] Initialized with mock data
[90mstdout[2m | src/components/Gamification/LevelBadge.stories.tsx[2m > [22m[2mExplorer
[22m[39m[TranslationModeController] Setting mode to: off
[90mstdout[2m | src/components/Gamification/LevelBadge.stories.tsx[2m > [22m[2mExplorer
[22m[39m[UnitContext] useEffect triggered {
  "authLoading": false,
  "hasUser": true,
  "id": "mock-unit-id",
  "userSub": "mock-user-sub",
}
[90mstdout[2m | src/components/Gamification/LevelBadge.stories.tsx[2m > [22m[2mExplorer
[22m[39m[UnitContext] Fetching unit data for id: mock-unit-id
[90mstdout[2m | src/components/Gamification/LevelBadge.stories.tsx[2m > [22m[2mExplorer
[22m[39m[FilesContext] Initializing vector store from IndexedDB
[90mstdout[2m | src/components/Gamification/LevelBadge.stories.tsx[2m > [22m[2mExplorer
[22m[39m[FilesContext] fetchFiles called
[90mstdout[2m | src/components/Gamification/LevelBadge.stories.tsx[2m > [22m[2mExplorer
[22m[39m[FilesContext] User authenticated: mock-user-sub
[90mstdout[2m | src/components/Gamification/LevelBadge.stories.tsx[2m > [22m[2mExplorer
[22m[39m[FilesContext] Identity ID: us-east-1:mock-identity-123
[90mstdout[2m | src/components/Gamification/LevelBadge.stories.tsx[2m > [22m[2mExplorer
[22m[39m[FilesContext] About to set up File observeQuery
[90mstdout[2m | src/components/Gamification/LevelBadge.stories.tsx[2m > [22m[2mExplorer
[22m[39m[ChatContext] Setting up AssistantChat observeQuery
[90mstdout[2m | src/components/Gamification/LevelBadge.stories.tsx[2m > [22m[2mExplorer
[22m[39m[ChatContext] Waiting for subscription to initialize
[90mstdout[2m | src/components/Gamification/LevelBadge.stories.tsx[2m > [22m[2mExplorer
[22m[39m[SettingsContext] Setting up Settings subscription for user: mock-user-sub
[90mstdout[2m | src/components/Gamification/LevelBadge.stories.tsx[2m > [22m[2mExplorer
[22m[39m[Mock Data] Settings created: mock-settings-1790418931818 - notified 0 subscribers
[90mstdout[2m | src/components/Gamification/LevelBadge.stories.tsx[2m > [22m[2mExplorer
[22m[39m[Mock Data] Unit.onUpdate() subscription added. Total: 1
[90mstdout[2m | src/components/Gamification/LevelBadge.stories.tsx[2m > [22m[2mExplorer
[22m[39m[SectionContext] Section observeQuery update: 0
[90mstdout[2m | src/components/Gamification/LevelBadge.stories.tsx[2m > [22m[2mExplorer
[22m[39m[FilesContext] File observeQuery update: 6 files
[90mstdout[2m | src/components/Gamification/LevelBadge.stories.tsx[2m > [22m[2mExplorer
[22m[39m[ChatContext] AssistantChat initialized with 1 chats
[90mstdout[2m | src/components/Gamification/LevelBadge.stories.tsx[2m > [22m[2mExplorer
[22m[39m[ChatContext] Setting initial chat: mock-assistant-chat-1
[90mstdout[2m | src/components/Gamification/LevelBadge.stories.tsx[2m > [22m[2mExplorer
[22m[39m[MOCK CourseVectorStore] Initialized with mock data
[90mstdout[2m | src/components/Gamification/LevelBadge.stories.tsx[2m > [22m[2mExplorer
[22m[39m[FilesContext] Vector store population triggered {
  "currentVectorStoreSize": 3,
  "documentsCount": 0,
  "filesCount": 6,
  "isInitialLoad": true,
}
[90mstdout[2m | src/components/Gamification/LevelBadge.stories.tsx[2m > [22m[2mExplorer
[22m[39m[FilesContext] Vector store population complete - 3 total embeddings
[90mstdout[2m | src/components/Gamification/LevelBadge.stories.tsx[2m > [22m[2mExplorer
[22m[39m[ChatContext] Chat exists and not archived, skipping creation
[90mstdout[2m | src/components/Gamification/LevelBadge.stories.tsx[2m > [22m[2mExplorer
[22m[39m[Mock Storage] downloadData called with: undefined
[90mstdout[2m | src/components/Gamification/LevelBadge.stories.tsx[2m > [22m[2mPractitioner
[22m[39m[ChatContext] Cleaning up subscriptions
[90mstdout[2m | src/components/Gamification/LevelBadge.stories.tsx[2m > [22m[2mPractitioner
[22m[39m[Mock Data] Unit.onUpdate() subscription removed. Remaining: 0
[90mstdout[2m | src/components/Gamification/LevelBadge.stories.tsx[2m > [22m[2mPractitioner
[22m[39m[MOCK CourseVectorStore] Initialized with mock data
[90mstdout[2m | src/components/Gamification/LevelBadge.stories.tsx[2m > [22m[2mPractitioner
[22m[39m[TranslationModeController] Setting mode to: off
[90mstdout[2m | src/components/Gamification/LevelBadge.stories.tsx[2m > [22m[2mPractitioner
[22m[39m[UnitContext] useEffect triggered {
  "authLoading": false,
  "hasUser": true,
  "id": "mock-unit-id",
  "userSub": "mock-user-sub",
}
[90mstdout[2m | src/components/Gamification/LevelBadge.stories.tsx[2m > [22m[2mPractitioner
[22m[39m[UnitContext] Fetching unit data for id: mock-unit-id
[90mstdout[2m | src/components/Gamification/LevelBadge.stories.tsx[2m > [22m[2mPractitioner
[22m[39m[FilesContext] Initializing vector store from IndexedDB
[90mstdout[2m | src/components/Gamification/LevelBadge.stories.tsx[2m > [22m[2mPractitioner
[22m[39m[FilesContext] fetchFiles called
[90mstdout[2m | src/components/Gamification/LevelBadge.stories.tsx[2m > [22m[2mPractitioner
[22m[39m[FilesContext] User authenticated: mock-user-sub
[90mstdout[2m | src/components/Gamification/LevelBadge.stories.tsx[2m > [22m[2mPractitioner
[22m[39m[FilesContext] Identity ID: us-east-1:mock-identity-123
[90mstdout[2m | src/components/Gamification/LevelBadge.stories.tsx[2m > [22m[2mPractitioner
[22m[39m[FilesContext] About to set up File observeQuery
[90mstdout[2m | src/components/Gamification/LevelBadge.stories.tsx[2m > [22m[2mPractitioner
[22m[39m[ChatContext] Setting up AssistantChat observeQuery
[90mstdout[2m | src/components/Gamification/LevelBadge.stories.tsx[2m > [22m[2mPractitioner
[22m[39m[ChatContext] Waiting for subscription to initialize
[90mstdout[2m | src/components/Gamification/LevelBadge.stories.tsx[2m > [22m[2mPractitioner
[22m[39m[SettingsContext] Setting up Settings subscription for user: mock-user-sub
[90mstdout[2m | src/components/Gamification/LevelBadge.stories.tsx[2m > [22m[2mPractitioner
[22m[39m[Mock Data] Settings created: mock-settings-1790418931923 - notified 0 subscribers
[90mstdout[2m | src/components/Gamification/LevelBadge.stories.tsx[2m > [22m[2mPractitioner
[22m[39m[Mock Data] Unit.onUpdate() subscription added. Total: 1
[90mstdout[2m | src/components/Gamification/LevelBadge.stories.tsx[2m > [22m[2mPractitioner
[22m[39m[SectionContext] Section observeQuery update: 0
[90mstdout[2m | src/components/Gamification/LevelBadge.stories.tsx[2m > [22m[2mPractitioner
[22m[39m[FilesContext] File observeQuery update: 6 files
[90mstdout[2m | src/components/Gamification/LevelBadge.stories.tsx[2m > [22m[2mPractitioner
[22m[39m[ChatContext] AssistantChat initialized with 1 chats
[90mstdout[2m | src/components/Gamification/LevelBadge.stories.tsx[2m > [22m[2mPractitioner
[22m[39m[ChatContext] Setting initial chat: mock-assistant-chat-1
[90mstdout[2m | src/components/Gamification/LevelBadge.stories.tsx[2m > [22m[2mPractitioner
[22m[39m[MOCK CourseVectorStore] Initialized with mock data
[90mstdout[2m | src/components/Gamification/LevelBadge.stories.tsx[2m > [22m[2mPractitioner
[22m[39m[FilesContext] Vector store population triggered {
  "currentVectorStoreSize": 3,
  "documentsCount": 0,
  "filesCount": 6,
  "isInitialLoad": true,
}
[90mstdout[2m | src/components/Gamification/LevelBadge.stories.tsx[2m > [22m[2mPractitioner
[22m[39m[FilesContext] Vector store population complete - 3 total embeddings
[90mstdout[2m | src/components/Gamification/LevelBadge.stories.tsx[2m > [22m[2mPractitioner
[22m[39m[ChatContext] Chat exists and not archived, skipping creation
[90mstdout[2m | src/components/Gamification/LevelBadge.stories.tsx[2m > [22m[2mPractitioner
[22m[39m[Mock Storage] downloadData called with: undefined
[90mstdout[2m | src/components/Gamification/LevelBadge.stories.tsx[2m > [22m[2mContributor
[22m[39m[ChatContext] Cleaning up subscriptions
[90mstdout[2m | src/components/Gamification/LevelBadge.stories.tsx[2m > [22m[2mContributor
[22m[39m[Mock Data] Unit.onUpdate() subscription removed. Remaining: 0
[90mstdout[2m | src/components/Gamification/LevelBadge.stories.tsx[2m > [22m[2mContributor
[22m[39m[MOCK CourseVectorStore] Initialized with mock data
[90mstdout[2m | src/components/Gamification/LevelBadge.stories.tsx[2m > [22m[2mContributor
[22m[39m[TranslationModeController] Setting mode to: off
[90mstdout[2m | src/components/Gamification/LevelBadge.stories.tsx[2m > [22m[2mContributor
[22m[39m[UnitContext] useEffect triggered {
  "authLoading": false,
  "hasUser": true,
  "id": "mock-unit-id",
  "userSub": "mock-user-sub",
}
[90mstdout[2m | src/components/Gamification/LevelBadge.stories.tsx[2m > [22m[2mContributor
[22m[39m[UnitContext] Fetching unit data for id: mock-unit-id
[90mstdout[2m | src/components/Gamification/LevelBadge.stories.tsx[2m > [22m[2mContributor
[22m[39m[FilesContext] Initializing vector store from IndexedDB
[90mstdout[2m | src/components/Gamification/LevelBadge.stories.tsx[2m > [22m[2mContributor
[22m[39m[FilesContext] fetchFiles called
[90mstdout[2m | src/components/Gamification/LevelBadge.stories.tsx[2m > [22m[2mContributor
[22m[39m[FilesContext] User authenticated: mock-user-sub
[90mstdout[2m | src/components/Gamification/LevelBadge.stories.tsx[2m > [22m[2mContributor
[22m[39m[FilesContext] Identity ID: us-east-1:mock-identity-123
[90mstdout[2m | src/components/Gamification/LevelBadge.stories.tsx[2m > [22m[2mContributor
[22m[39m[FilesContext] About to set up File observeQuery
[90mstdout[2m | src/components/Gamification/LevelBadge.stories.tsx[2m > [22m[2mContributor
[22m[39m[ChatContext] Setting up AssistantChat observeQuery
[90mstdout[2m | src/components/Gamification/LevelBadge.stories.tsx[2m > [22m[2mContributor
[22m[39m[ChatContext] Waiting for subscription to initialize
[90mstdout[2m | src/components/Gamification/LevelBadge.stories.tsx[2m > [22m[2mContributor
[22m[39m[SettingsContext] Setting up Settings subscription for user: mock-user-sub
[90mstdout[2m | src/components/Gamification/LevelBadge.stories.tsx[2m > [22m[2mContributor
[22m[39m[Mock Data] Settings created: mock-settings-1790418932025 - notified 0 subscribers
[90mstdout[2m | src/components/Gamification/LevelBadge.stories.tsx[2m > [22m[2mContributor
[22m[39m[Mock Data] Unit.onUpdate() subscription added. Total: 1
[90mstdout[2m | src/components/Gamification/LevelBadge.stories.tsx[2m > [22m[2mContributor
[22m[39m[SectionContext] Section observeQuery update: 0
[90mstdout[2m | src/components/Gamification/LevelBadge.stories.tsx[2m > [22m[2mContributor
[22m[39m[FilesContext] File observeQuery update: 6 files
[90mstdout[2m | src/components/Gamification/LevelBadge.stories.tsx[2m > [22m[2mContributor
[22m[39m[ChatContext] AssistantChat initialized with 1 chats
[90mstdout[2m | src/components/Gamification/LevelBadge.stories.tsx[2m > [22m[2mContributor
[22m[39m[ChatContext] Setting initial chat: mock-assistant-chat-1
[90mstdout[2m | src/components/Gamification/LevelBadge.stories.tsx[2m > [22m[2mContributor
[22m[39m[Mock Storage] downloadData called with: undefined
[90mstdout[2m | src/components/Gamification/LevelBadge.stories.tsx[2m > [22m[2mContributor
[22m[39m[MOCK CourseVectorStore] Initialized with mock data
[90mstdout[2m | src/components/Gamification/LevelBadge.stories.tsx[2m > [22m[2mContributor
[22m[39m[FilesContext] Vector store population triggered {
  "currentVectorStoreSize": 3,
  "documentsCount": 0,
  "filesCount": 6,
  "isInitialLoad": true,
}
[90mstdout[2m | src/components/Gamification/LevelBadge.stories.tsx[2m > [22m[2mContributor
[22m[39m[FilesContext] Vector store population complete - 3 total embeddings
[90mstdout[2m | src/components/Gamification/LevelBadge.stories.tsx[2m > [22m[2mContributor
[22m[39m[ChatContext] Chat exists and not archived, skipping creation
[90mstdout[2m | src/components/Gamification/LevelBadge.stories.tsx[2m > [22m[2mExpert
[22m[39m[ChatContext] Cleaning up subscriptions
[90mstdout[2m | src/components/Gamification/LevelBadge.stories.tsx[2m > [22m[2mExpert
[22m[39m[Mock Data] Unit.onUpdate() subscription removed. Remaining: 0
[90mstdout[2m | src/components/Gamification/LevelBadge.stories.tsx[2m > [22m[2mExpert
[22m[39m[MOCK CourseVectorStore] Initialized with mock data
[90mstdout[2m | src/components/Gamification/LevelBadge.stories.tsx[2m > [22m[2mExpert
[22m[39m[TranslationModeController] Setting mode to: off
[90mstdout[2m | src/components/Gamification/LevelBadge.stories.tsx[2m > [22m[2mExpert
[22m[39m[UnitContext] useEffect triggered {
  "authLoading": false,
  "hasUser": true,
  "id": "mock-unit-id",
  "userSub": "mock-user-sub",
}
[90mstdout[2m | src/components/Gamification/LevelBadge.stories.tsx[2m > [22m[2mExpert
[22m[39m[UnitContext] Fetching unit data for id: mock-unit-id
[90mstdout[2m | src/components/Gamification/LevelBadge.stories.tsx[2m > [22m[2mExpert
[22m[39m[FilesContext] Initializing vector store from IndexedDB
[90mstdout[2m | src/components/Gamification/LevelBadge.stories.tsx[2m > [22m[2mExpert
[22m[39m[FilesContext] fetchFiles called
[90mstdout[2m | src/components/Gamification/LevelBadge.stories.tsx[2m > [22m[2mExpert
[22m[39m[FilesContext] User authenticated: mock-user-sub
[90mstdout[2m | src/components/Gamification/LevelBadge.stories.tsx[2m > [22m[2mExpert
[22m[39m[FilesContext] Identity ID: us-east-1:mock-identity-123
[90mstdout[2m | src/components/Gamification/LevelBadge.stories.tsx[2m > [22m[2mExpert
[22m[39m[FilesContext] About to set up File observeQuery
[90mstdout[2m | src/components/Gamification/LevelBadge.stories.tsx[2m > [22m[2mExpert
[22m[39m[ChatContext] Setting up AssistantChat observeQuery
[90mstdout[2m | src/components/Gamification/LevelBadge.stories.tsx[2m > [22m[2mExpert
[22m[39m[ChatContext] Waiting for subscription to initialize
[90mstdout[2m | src/components/Gamification/LevelBadge.stories.tsx[2m > [22m[2mExpert
[22m[39m[SettingsContext] Setting up Settings subscription for user: mock-user-sub
[90mstdout[2m | src/components/Gamification/LevelBadge.stories.tsx[2m > [22m[2mExpert
[22m[39m[Mock Data] Settings created: mock-settings-1790418932123 - notified 0 subscribers
[90mstdout[2m | src/components/Gamification/LevelBadge.stories.tsx[2m > [22m[2mExpert
[22m[39m[Mock Data] Unit.onUpdate() subscription added. Total: 1
[90mstdout[2m | src/components/Gamification/LevelBadge.stories.tsx[2m > [22m[2mExpert
[22m[39m[SectionContext] Section observeQuery update: 0
[90mstdout[2m | src/components/Gamification/LevelBadge.stories.tsx[2m > [22m[2mExpert
[22m[39m[FilesContext] File observeQuery update: 6 files
[90mstdout[2m | src/components/Gamification/LevelBadge.stories.tsx[2m > [22m[2mExpert
[22m[39m[ChatContext] AssistantChat initialized with 1 chats
[90mstdout[2m | src/components/Gamification/LevelBadge.stories.tsx[2m > [22m[2mExpert
[22m[39m[ChatContext] Setting initial chat: mock-assistant-chat-1
[90mstdout[2m | src/components/Gamification/LevelBadge.stories.tsx[2m > [22m[2mExpert
[22m[39m[Mock Storage] downloadData called with: undefined
[90mstdout[2m | src/components/Gamification/LevelBadge.stories.tsx[2m > [22m[2mExpert
[22m[39m[MOCK CourseVectorStore] Initialized with mock data
[90mstdout[2m | src/components/Gamification/LevelBadge.stories.tsx[2m > [22m[2mExpert
[22m[39m[FilesContext] Vector store population triggered {
  "currentVectorStoreSize": 3,
  "documentsCount": 0,
  "filesCount": 6,
  "isInitialLoad": true,
}
[90mstdout[2m | src/components/Gamification/LevelBadge.stories.tsx[2m > [22m[2mExpert
[22m[39m[FilesContext] Vector store population complete - 3 total embeddings
[90mstdout[2m | src/components/Gamification/LevelBadge.stories.tsx[2m > [22m[2mExpert
[22m[39m[ChatContext] Chat exists and not archived, skipping creation
[90mstdout[2m | src/components/Gamification/LevelBadge.stories.tsx[2m > [22m[2mMaster
[22m[39m[ChatContext] Cleaning up subscriptions
[90mstdout[2m | src/components/Gamification/LevelBadge.stories.tsx[2m > [22m[2mMaster
[22m[39m[Mock Data] Unit.onUpdate() subscription removed. Remaining: 0
[90mstdout[2m | src/components/Gamification/LevelBadge.stories.tsx[2m > [22m[2mMaster
[22m[39m[MOCK CourseVectorStore] Initialized with mock data
[90mstdout[2m | src/components/Gamification/LevelBadge.stories.tsx[2m > [22m[2mMaster
[22m[39m[TranslationModeController] Setting mode to: off
[90mstdout[2m | src/components/Gamification/LevelBadge.stories.tsx[2m > [22m[2mMaster
[22m[39m[UnitContext] useEffect triggered {
  "authLoading": false,
  "hasUser": true,
  "id": "mock-unit-id",
  "userSub": "mock-user-sub",
}
[90mstdout[2m | src/components/Gamification/LevelBadge.stories.tsx[2m > [22m[2mMaster
[22m[39m[UnitContext] Fetching unit data for id: mock-unit-id
[90mstdout[2m | src/components/Gamification/LevelBadge.stories.tsx[2m > [22m[2mMaster
[22m[39m[FilesContext] Initializing vector store from IndexedDB
[90mstdout[2m | src/components/Gamification/LevelBadge.stories.tsx[2m > [22m[2mMaster
[22m[39m[FilesContext] fetchFiles called
[90mstdout[2m | src/components/Gamification/LevelBadge.stories.tsx[2m > [22m[2mMaster
[22m[39m[FilesContext] User authenticated: mock-user-sub
[90mstdout[2m | src/components/Gamification/LevelBadge.stories.tsx[2m > [22m[2mMaster
[22m[39m[FilesContext] Identity ID: us-east-1:mock-identity-123
[90mstdout[2m | src/components/Gamification/LevelBadge.stories.tsx[2m > [22m[2mMaster
[22m[39m[FilesContext] About to set up File observeQuery
[90mstdout[2m | src/components/Gamification/LevelBadge.stories.tsx[2m > [22m[2mMaster
[22m[39m[ChatContext] Setting up AssistantChat observeQuery
[90mstdout[2m | src/components/Gamification/LevelBadge.stories.tsx[2m > [22m[2mMaster
[22m[39m[ChatContext] Waiting for subscription to initialize
[90mstdout[2m | src/components/Gamification/LevelBadge.stories.tsx[2m > [22m[2mMaster
[22m[39m[SettingsContext] Setting up Settings subscription for user: mock-user-sub
[90mstdout[2m | src/components/Gamification/LevelBadge.stories.tsx[2m > [22m[2mMaster
[22m[39m[Mock Data] Settings created: mock-settings-1790418932215 - notified 0 subscribers
[90mstdout[2m | src/components/Gamification/LevelBadge.stories.tsx[2m > [22m[2mMaster
[22m[39m[Mock Data] Unit.onUpdate() subscription added. Total: 1
[90mstdout[2m | src/components/Gamification/LevelBadge.stories.tsx[2m > [22m[2mMaster
[22m[39m[SectionContext] Section observeQuery update: 0
[90mstdout[2m | src/components/Gamification/LevelBadge.stories.tsx[2m > [22m[2mMaster
[22m[39m[FilesContext] File observeQuery update: 6 files
[90mstdout[2m | src/components/Gamification/LevelBadge.stories.tsx[2m > [22m[2mMaster
[22m[39m[ChatContext] AssistantChat initialized with 1 chats
[90mstdout[2m | src/components/Gamification/LevelBadge.stories.tsx[2m > [22m[2mMaster
[22m[39m[ChatContext] Setting initial chat: mock-assistant-chat-1
[90mstdout[2m | src/components/Gamification/LevelBadge.stories.tsx[2m > [22m[2mMaster
[22m[39m[Mock Storage] downloadData called with: undefined
[90mstdout[2m | src/components/Gamification/LevelBadge.stories.tsx[2m > [22m[2mMaster
[22m[39m[MOCK CourseVectorStore] Initialized with mock data
[90mstdout[2m | src/components/Gamification/LevelBadge.stories.tsx[2m > [22m[2mMaster
[22m[39m[FilesContext] Vector store population triggered {
  "currentVectorStoreSize": 3,
  "documentsCount": 0,
  "filesCount": 6,
  "isInitialLoad": true,
}
[90mstdout[2m | src/components/Gamification/LevelBadge.stories.tsx[2m > [22m[2mMaster
[22m[39m[FilesContext] Vector store population complete - 3 total embeddings
[90mstdout[2m | src/components/Gamification/LevelBadge.stories.tsx[2m > [22m[2mMaster
[22m[39m[ChatContext] Chat exists and not archived, skipping creation
[90mstdout[2m | src/components/Gamification/LevelBadge.stories.tsx[2m > [22m[2mSmall
[22m[39m[ChatContext] Cleaning up subscriptions
[90mstdout[2m | src/components/Gamification/LevelBadge.stories.tsx[2m > [22m[2mSmall
[22m[39m[Mock Data] Unit.onUpdate() subscription removed. Remaining: 0
[90mstdout[2m | src/components/Gamification/LevelBadge.stories.tsx[2m > [22m[2mSmall
[22m[39m[MOCK CourseVectorStore] Initialized with mock data
[90mstdout[2m | src/components/Gamification/LevelBadge.stories.tsx[2m > [22m[2mSmall
[22m[39m[TranslationModeController] Setting mode to: off
[90mstdout[2m | src/components/Gamification/LevelBadge.stories.tsx[2m > [22m[2mSmall
[22m[39m[UnitContext] useEffect triggered {
  "authLoading": false,
  "hasUser": true,
  "id": "mock-unit-id",
  "userSub": "mock-user-sub",
}
[90mstdout[2m | src/components/Gamification/LevelBadge.stories.tsx[2m > [22m[2mSmall
[22m[39m[UnitContext] Fetching unit data for id: mock-unit-id
[90mstdout[2m | src/components/Gamification/LevelBadge.stories.tsx[2m > [22m[2mSmall
[22m[39m[FilesContext] Initializing vector store from IndexedDB
[90mstdout[2m | src/components/Gamification/LevelBadge.stories.tsx[2m > [22m[2mSmall
[22m[39m[FilesContext] fetchFiles called
[90mstdout[2m | src/components/Gamification/LevelBadge.stories.tsx[2m > [22m[2mSmall
[22m[39m[FilesContext] User authenticated: mock-user-sub
[90mstdout[2m | src/components/Gamification/LevelBadge.stories.tsx[2m > [22m[2mSmall
[22m[39m[FilesContext] Identity ID: us-east-1:mock-identity-123
[90mstdout[2m | src/components/Gamification/LevelBadge.stories.tsx[2m > [22m[2mSmall
[22m[39m[FilesContext] About to set up File observeQuery
[90mstdout[2m | src/components/Gamification/LevelBadge.stories.tsx[2m > [22m[2mSmall
[22m[39m[ChatContext] Setting up AssistantChat observeQuery
[90mstdout[2m | src/components/Gamification/LevelBadge.stories.tsx[2m > [22m[2mSmall
[22m[39m[ChatContext] Waiting for subscription to initialize
[90mstdout[2m | src/components/Gamification/LevelBadge.stories.tsx[2m > [22m[2mSmall
[22m[39m[SettingsContext] Setting up Settings subscription for user: mock-user-sub
[90mstdout[2m | src/components/Gamification/LevelBadge.stories.tsx[2m > [22m[2mSmall
[22m[39m[Mock Data] Settings created: mock-settings-1790418932304 - notified 0 subscribers
[90mstdout[2m | src/components/Gamification/LevelBadge.stories.tsx[2m > [22m[2mSmall
[22m[39m[Mock Data] Unit.onUpdate() subscription added. Total: 1
[90mstdout[2m | src/components/Gamification/LevelBadge.stories.tsx[2m > [22m[2mSmall
[22m[39m[SectionContext] Section observeQuery update: 0
[90mstdout[2m | src/components/Gamification/LevelBadge.stories.tsx[2m > [22m[2mSmall
[22m[39m[FilesContext] File observeQuery update: 6 files
[90mstdout[2m | src/components/Gamification/LevelBadge.stories.tsx[2m > [22m[2mSmall
[22m[39m[ChatContext] AssistantChat initialized with 1 chats
[90mstdout[2m | src/components/Gamification/LevelBadge.stories.tsx[2m > [22m[2mSmall
[22m[39m[ChatContext] Setting initial chat: mock-assistant-chat-1
[90mstdout[2m | src/components/Gamification/LevelBadge.stories.tsx[2m > [22m[2mSmall
[22m[39m[Mock Storage] downloadData called with: undefined
[90mstdout[2m | src/components/Gamification/LevelBadge.stories.tsx[2m > [22m[2mSmall
[22m[39m[MOCK CourseVectorStore] Initialized with mock data
[90mstdout[2m | src/components/Gamification/LevelBadge.stories.tsx[2m > [22m[2mSmall
[22m[39m[FilesContext] Vector store population triggered {
  "currentVectorStoreSize": 3,
  "documentsCount": 0,
  "filesCount": 6,
  "isInitialLoad": true,
}
[90mstdout[2m | src/components/Gamification/LevelBadge.stories.tsx[2m > [22m[2mSmall
[22m[39m[FilesContext] Vector store population complete - 3 total embeddings
[90mstdout[2m | src/components/Gamification/LevelBadge.stories.tsx[2m > [22m[2mSmall
[22m[39m[ChatContext] Chat exists and not archived, skipping creation
[90mstdout[2m | src/components/Gamification/LevelBadge.stories.tsx[2m > [22m[2mNo Progress
[22m[39m[ChatContext] Cleaning up subscriptions
[90mstdout[2m | src/components/Gamification/LevelBadge.stories.tsx[2m > [22m[2mNo Progress
[22m[39m[Mock Data] Unit.onUpdate() subscription removed. Remaining: 0
[90mstdout[2m | src/components/Gamification/LevelBadge.stories.tsx[2m > [22m[2mNo Progress
[22m[39m[MOCK CourseVectorStore] Initialized with mock data
[90mstdout[2m | src/components/Gamification/LevelBadge.stories.tsx[2m > [22m[2mNo Progress
[22m[39m[TranslationModeController] Setting mode to: off
[90mstdout[2m | src/components/Gamification/LevelBadge.stories.tsx[2m > [22m[2mNo Progress
[22m[39m[UnitContext] useEffect triggered {
  "authLoading": false,
  "hasUser": true,
  "id": "mock-unit-id",
  "userSub": "mock-user-sub",
}
[90mstdout[2m | src/components/Gamification/LevelBadge.stories.tsx[2m > [22m[2mNo Progress
[22m[39m[UnitContext] Fetching unit data for id: mock-unit-id
[90mstdout[2m | src/components/Gamification/LevelBadge.stories.tsx[2m > [22m[2mNo Progress
[22m[39m[FilesContext] Initializing vector store from IndexedDB
[90mstdout[2m | src/components/Gamification/LevelBadge.stories.tsx[2m > [22m[2mNo Progress
[22m[39m[FilesContext] fetchFiles called
[90mstdout[2m | src/components/Gamification/LevelBadge.stories.tsx[2m > [22m[2mNo Progress
[22m[39m[FilesContext] User authenticated: mock-user-sub
[90mstdout[2m | src/components/Gamification/LevelBadge.stories.tsx[2m > [22m[2mNo Progress
[22m[39m[FilesContext] Identity ID: us-east-1:mock-identity-123
[90mstdout[2m | src/components/Gamification/LevelBadge.stories.tsx[2m > [22m[2mNo Progress
[22m[39m[FilesContext] About to set up File observeQuery
[90mstdout[2m | src/components/Gamification/LevelBadge.stories.tsx[2m > [22m[2mNo Progress
[22m[39m[ChatContext] Setting up AssistantChat observeQuery
[90mstdout[2m | src/components/Gamification/LevelBadge.stories.tsx[2m > [22m[2mNo Progress
[22m[39m[ChatContext] Waiting for subscription to initialize
[90mstdout[2m | src/components/Gamification/LevelBadge.stories.tsx[2m > [22m[2mNo Progress
[22m[39m[SettingsContext] Setting up Settings subscription for user: mock-user-sub
[90mstdout[2m | src/components/Gamification/LevelBadge.stories.tsx[2m > [22m[2mNo Progress
[22m[39m[Mock Data] Settings created: mock-settings-1790418932385 - notified 0 subscribers
[90mstdout[2m | src/components/Gamification/LevelBadge.stories.tsx[2m > [22m[2mNo Progress
[22m[39m[Mock Data] Unit.onUpdate() subscription added. Total: 1
[90mstdout[2m | src/components/Gamification/LevelBadge.stories.tsx[2m > [22m[2mNo Progress
[22m[39m[SectionContext] Section observeQuery update: 0
[90mstdout[2m | src/components/Gamification/LevelBadge.stories.tsx[2m > [22m[2mNo Progress
[22m[39m[FilesContext] File observeQuery update: 6 files
[90mstdout[2m | src/components/Gamification/LevelBadge.stories.tsx[2m > [22m[2mNo Progress
[22m[39m[ChatContext] AssistantChat initialized with 1 chats
[90mstdout[2m | src/components/Gamification/LevelBadge.stories.tsx[2m > [22m[2mNo Progress
[22m[39m[ChatContext] Setting initial chat: mock-assistant-chat-1
[90mstdout[2m | src/components/Gamification/LevelBadge.stories.tsx[2m > [22m[2mNo Progress
[22m[39m[Mock Storage] downloadData called with: undefined
[90mstdout[2m | src/components/Gamification/LevelBadge.stories.tsx[2m > [22m[2mNo Progress
[22m[39m[MOCK CourseVectorStore] Initialized with mock data
[90mstdout[2m | src/components/Gamification/LevelBadge.stories.tsx[2m > [22m[2mNo Progress
[22m[39m[FilesContext] Vector store population triggered {
  "currentVectorStoreSize": 3,
  "documentsCount": 0,
  "filesCount": 6,
  "isInitialLoad": true,
}
[90mstdout[2m | src/components/Gamification/LevelBadge.stories.tsx[2m > [22m[2mNo Progress
[22m[39m[FilesContext] Vector store population complete - 3 total embeddings
[90mstdout[2m | src/components/Gamification/LevelBadge.stories.tsx[2m > [22m[2mNo Progress
[22m[39m[ChatContext] Chat exists and not archived, skipping creation
 [32m✓[39m [30m[45m storybook (chromium) [49m[39m src/components/Gamification/LevelBadge.stories.tsx [2m([22m[2m8 tests[22m[2m)[22m[33m 821[2mms[22m[39m
[90mstdout[2m | unknown test
[22m[39m[MOCK vectorStoreDB.js] Module loaded - mock IndexedDB operations
[90mstdout[2m | unknown test
[22m[39m[Task Completion] DOM action listeners initialized
[90mstdout[2m | unknown test
[22m[39m[Task Completion] Auto-completion detector initialized
[90mstdout[2m | unknown test
[22m[39m[Preview] Task completion detector initialized
[90mstdout[2m | src/components/Gamification/ContentUnlockAnimation.stories.tsx[2m > [22m[2mPlaying
[22m[39m[MOCK CourseVectorStore] Initialized with mock data
[90mstdout[2m | src/components/Gamification/ContentUnlockAnimation.stories.tsx[2m > [22m[2mPlaying
[22m[39m[TranslationModeController] Setting mode to: off
[90mstdout[2m | src/components/Gamification/ContentUnlockAnimation.stories.tsx[2m > [22m[2mPlaying
[22m[39m[UnitContext] useEffect triggered {
  "authLoading": false,
  "hasUser": true,
  "id": "mock-unit-id",
  "userSub": "mock-user-sub",
}
[90mstdout[2m | src/components/Gamification/ContentUnlockAnimation.stories.tsx[2m > [22m[2mPlaying
[22m[39m[UnitContext] Fetching unit data for id: mock-unit-id
[90mstdout[2m | src/components/Gamification/ContentUnlockAnimation.stories.tsx[2m > [22m[2mPlaying
[22m[39m[FilesContext] Initializing vector store from IndexedDB
[90mstdout[2m | src/components/Gamification/ContentUnlockAnimation.stories.tsx[2m > [22m[2mPlaying
[22m[39m[FilesContext] fetchFiles called
[90mstdout[2m | src/components/Gamification/ContentUnlockAnimation.stories.tsx[2m > [22m[2mPlaying
[22m[39m[FilesContext] User authenticated: mock-user-sub
[90mstdout[2m | src/components/Gamification/ContentUnlockAnimation.stories.tsx[2m > [22m[2mPlaying
[22m[39m[FilesContext] Identity ID: us-east-1:mock-identity-123
[90mstdout[2m | src/components/Gamification/ContentUnlockAnimation.stories.tsx[2m > [22m[2mPlaying
[22m[39m[FilesContext] About to set up File observeQuery
[90mstdout[2m | src/components/Gamification/ContentUnlockAnimation.stories.tsx[2m > [22m[2mPlaying
[22m[39m[ChatContext] Setting up AssistantChat observeQuery
[90mstdout[2m | src/components/Gamification/ContentUnlockAnimation.stories.tsx[2m > [22m[2mPlaying
[22m[39m[ChatContext] Waiting for subscription to initialize
[90mstdout[2m | src/components/Gamification/ContentUnlockAnimation.stories.tsx[2m > [22m[2mPlaying
[22m[39m[SettingsContext] Setting up Settings subscription for user: mock-user-sub
[90mstdout[2m | src/components/Gamification/ContentUnlockAnimation.stories.tsx[2m > [22m[2mPlaying
[22m[39m[Mock Data] Settings created: mock-settings-1790418932955 - notified 0 subscribers
[90mstdout[2m | src/components/Gamification/ContentUnlockAnimation.stories.tsx[2m > [22m[2mPlaying
[22m[39m[Mock Data] Unit.onUpdate() subscription added. Total: 1
[90mstdout[2m | src/components/Gamification/ContentUnlockAnimation.stories.tsx[2m > [22m[2mPlaying
[22m[39m[SectionContext] Section observeQuery update: 0
[90mstdout[2m | src/components/Gamification/ContentUnlockAnimation.stories.tsx[2m > [22m[2mPlaying
[22m[39m[FilesContext] File observeQuery update: 6 files
[90mstdout[2m | src/components/Gamification/ContentUnlockAnimation.stories.tsx[2m > [22m[2mPlaying
[22m[39m[ChatContext] AssistantChat initialized with 1 chats
[90mstdout[2m | src/components/Gamification/ContentUnlockAnimation.stories.tsx[2m > [22m[2mPlaying
[22m[39m[ChatContext] Setting initial chat: mock-assistant-chat-1
[90mstdout[2m | src/components/Gamification/ContentUnlockAnimation.stories.tsx[2m > [22m[2mPlaying
[22m[39m[MOCK CourseVectorStore] Initialized with mock data
[90mstdout[2m | src/components/Gamification/ContentUnlockAnimation.stories.tsx[2m > [22m[2mPlaying
[22m[39m[FilesContext] Vector store population triggered {
  "currentVectorStoreSize": 3,
  "documentsCount": 0,
  "filesCount": 6,
  "isInitialLoad": true,
}
[90mstdout[2m | src/components/Gamification/ContentUnlockAnimation.stories.tsx[2m > [22m[2mPlaying
[22m[39m[FilesContext] Vector store population complete - 3 total embeddings
[90mstdout[2m | src/components/Gamification/ContentUnlockAnimation.stories.tsx[2m > [22m[2mPlaying
[22m[39m[ChatContext] Chat exists and not archived, skipping creation
[90mstdout[2m | src/components/Gamification/ContentUnlockAnimation.stories.tsx[2m > [22m[2mPlaying
[22m[39m[Mock Storage] downloadData called with: undefined
[90mstdout[2m | src/components/Gamification/ContentUnlockAnimation.stories.tsx[2m > [22m[2mIdle
[22m[39m[ChatContext] Cleaning up subscriptions
[90mstdout[2m | src/components/Gamification/ContentUnlockAnimation.stories.tsx[2m > [22m[2mIdle
[22m[39m[Mock Data] Unit.onUpdate() subscription removed. Remaining: 0
[90mstdout[2m | src/components/Gamification/ContentUnlockAnimation.stories.tsx[2m > [22m[2mIdle
[22m[39m[MOCK CourseVectorStore] Initialized with mock data
[90mstdout[2m | src/components/Gamification/ContentUnlockAnimation.stories.tsx[2m > [22m[2mIdle
[22m[39m[TranslationModeController] Setting mode to: off
[90mstdout[2m | src/components/Gamification/ContentUnlockAnimation.stories.tsx[2m > [22m[2mIdle
[22m[39m[UnitContext] useEffect triggered {
  "authLoading": false,
  "hasUser": true,
  "id": "mock-unit-id",
  "userSub": "mock-user-sub",
}
[90mstdout[2m | src/components/Gamification/ContentUnlockAnimation.stories.tsx[2m > [22m[2mIdle
[22m[39m[UnitContext] Fetching unit data for id: mock-unit-id
[90mstdout[2m | src/components/Gamification/ContentUnlockAnimation.stories.tsx[2m > [22m[2mIdle
[22m[39m[FilesContext] Initializing vector store from IndexedDB
[90mstdout[2m | src/components/Gamification/ContentUnlockAnimation.stories.tsx[2m > [22m[2mIdle
[22m[39m[FilesContext] fetchFiles called
[90mstdout[2m | src/components/Gamification/ContentUnlockAnimation.stories.tsx[2m > [22m[2mIdle
[22m[39m[FilesContext] User authenticated: mock-user-sub
[90mstdout[2m | src/components/Gamification/ContentUnlockAnimation.stories.tsx[2m > [22m[2mIdle
[22m[39m[FilesContext] Identity ID: us-east-1:mock-identity-123
[90mstdout[2m | src/components/Gamification/ContentUnlockAnimation.stories.tsx[2m > [22m[2mIdle
[22m[39m[FilesContext] About to set up File observeQuery
[90mstdout[2m | src/components/Gamification/ContentUnlockAnimation.stories.tsx[2m > [22m[2mIdle
[22m[39m[ChatContext] Setting up AssistantChat observeQuery
[90mstdout[2m | src/components/Gamification/ContentUnlockAnimation.stories.tsx[2m > [22m[2mIdle
[22m[39m[ChatContext] Waiting for subscription to initialize
[90mstdout[2m | src/components/Gamification/ContentUnlockAnimation.stories.tsx[2m > [22m[2mIdle
[22m[39m[SettingsContext] Setting up Settings subscription for user: mock-user-sub
[90mstdout[2m | src/components/Gamification/ContentUnlockAnimation.stories.tsx[2m > [22m[2mIdle
[22m[39m[Mock Data] Settings created: mock-settings-1790418933667 - notified 0 subscribers
[90mstdout[2m | src/components/Gamification/ContentUnlockAnimation.stories.tsx[2m > [22m[2mIdle
[22m[39m[Mock Data] Unit.onUpdate() subscription added. Total: 1
[90mstdout[2m | src/components/Gamification/ContentUnlockAnimation.stories.tsx[2m > [22m[2mIdle
[22m[39m[SectionContext] Section observeQuery update: 0
[90mstdout[2m | src/components/Gamification/ContentUnlockAnimation.stories.tsx[2m > [22m[2mIdle
[22m[39m[Mock Storage] downloadData called with: undefined
[90mstdout[2m | src/components/Gamification/ContentUnlockAnimation.stories.tsx[2m > [22m[2mIdle
[22m[39m[FilesContext] File observeQuery update: 6 files
[90mstdout[2m | src/components/Gamification/ContentUnlockAnimation.stories.tsx[2m > [22m[2mIdle
[22m[39m[MOCK CourseVectorStore] Initialized with mock data
[90mstdout[2m | src/components/Gamification/ContentUnlockAnimation.stories.tsx[2m > [22m[2mIdle
[22m[39m[FilesContext] Vector store population triggered {
  "currentVectorStoreSize": 3,
  "documentsCount": 0,
  "filesCount": 6,
  "isInitialLoad": true,
}
[90mstdout[2m | src/components/Gamification/ContentUnlockAnimation.stories.tsx[2m > [22m[2mIdle
[22m[39m[FilesContext] Vector store population complete - 3 total embeddings
[90mstdout[2m | src/components/Gamification/ContentUnlockAnimation.stories.tsx[2m > [22m[2mIdle
[22m[39m[ChatContext] AssistantChat initialized with 1 chats
[90mstdout[2m | src/components/Gamification/ContentUnlockAnimation.stories.tsx[2m > [22m[2mIdle
[22m[39m[ChatContext] Setting initial chat: mock-assistant-chat-1
[90mstdout[2m | src/components/Gamification/ContentUnlockAnimation.stories.tsx[2m > [22m[2mIdle
[22m[39m[ChatContext] Chat exists and not archived, skipping creation
 [32m✓[39m [30m[45m storybook (chromium) [49m[39m src/components/Gamification/ContentUnlockAnimation.stories.tsx [2m([22m[2m2 tests[22m[2m)[22m[33m 864[2mms[22m[39m
   [33m[2m✓[22m[39m Playing [33m 714[2mms[22m[39m
[90mstdout[2m | unknown test
[22m[39m[MOCK vectorStoreDB.js] Module loaded - mock IndexedDB operations
[90mstdout[2m | unknown test
[22m[39m[Task Completion] DOM action listeners initialized
[90mstdout[2m | unknown test
[22m[39m[Task Completion] Auto-completion detector initialized
[90mstdout[2m | unknown test
[22m[39m[Preview] Task completion detector initialized
[90mstdout[2m | src/stories/OnboardingExamples.stories.tsx[2m > [22m[2mAuto Detect Task Completion
[22m[39m[MOCK CourseVectorStore] Initialized with mock data
[90mstdout[2m | src/stories/OnboardingExamples.stories.tsx[2m > [22m[2mAuto Detect Task Completion
[22m[39m[TranslationModeController] Setting mode to: off
[90mstdout[2m | src/stories/OnboardingExamples.stories.tsx[2m > [22m[2mAuto Detect Task Completion
[22m[39m[UnitContext] useEffect triggered {
  "authLoading": false,
  "hasUser": true,
  "id": "mock-unit-id",
  "userSub": "mock-user-sub",
}
[90mstdout[2m | src/stories/OnboardingExamples.stories.tsx[2m > [22m[2mAuto Detect Task Completion
[22m[39m[UnitContext] Fetching unit data for id: mock-unit-id
[90mstdout[2m | src/stories/OnboardingExamples.stories.tsx[2m > [22m[2mAuto Detect Task Completion
[22m[39m[FilesContext] Initializing vector store from IndexedDB
[90mstdout[2m | src/stories/OnboardingExamples.stories.tsx[2m > [22m[2mAuto Detect Task Completion
[22m[39m[FilesContext] fetchFiles called
[90mstdout[2m | src/stories/OnboardingExamples.stories.tsx[2m > [22m[2mAuto Detect Task Completion
[22m[39m[FilesContext] User authenticated: mock-user-sub
[90mstdout[2m | src/stories/OnboardingExamples.stories.tsx[2m > [22m[2mAuto Detect Task Completion
[22m[39m[FilesContext] Identity ID: us-east-1:mock-identity-123
[90mstdout[2m | src/stories/OnboardingExamples.stories.tsx[2m > [22m[2mAuto Detect Task Completion
[22m[39m[FilesContext] About to set up File observeQuery
[90mstdout[2m | src/stories/OnboardingExamples.stories.tsx[2m > [22m[2mAuto Detect Task Completion
[22m[39m[ChatContext] Setting up AssistantChat observeQuery
[90mstdout[2m | src/stories/OnboardingExamples.stories.tsx[2m > [22m[2mAuto Detect Task Completion
[22m[39m[ChatContext] Waiting for subscription to initialize
[90mstdout[2m | src/stories/OnboardingExamples.stories.tsx[2m > [22m[2mAuto Detect Task Completion
[22m[39m[SettingsContext] Setting up Settings subscription for user: mock-user-sub
[90mstdout[2m | src/stories/OnboardingExamples.stories.tsx[2m > [22m[2mAuto Detect Task Completion
[22m[39m[Mock Data] Settings created: mock-settings-1790418934219 - notified 0 subscribers
[90mstdout[2m | src/stories/OnboardingExamples.stories.tsx[2m > [22m[2mAuto Detect Task Completion
[22m[39m[Mock Data] Unit.onUpdate() subscription added. Total: 1
[90mstdout[2m | src/stories/OnboardingExamples.stories.tsx[2m > [22m[2mAuto Detect Task Completion
[22m[39m[SectionContext] Section observeQuery update: 0
[90mstdout[2m | src/stories/OnboardingExamples.stories.tsx[2m > [22m[2mAuto Detect Task Completion
[22m[39m[FilesContext] File observeQuery update: 6 files
[90mstdout[2m | src/stories/OnboardingExamples.stories.tsx[2m > [22m[2mAuto Detect Task Completion
[22m[39m[ChatContext] AssistantChat initialized with 1 chats
[90mstdout[2m | src/stories/OnboardingExamples.stories.tsx[2m > [22m[2mAuto Detect Task Completion
[22m[39m[ChatContext] Setting initial chat: mock-assistant-chat-1
[90mstdout[2m | src/stories/OnboardingExamples.stories.tsx[2m > [22m[2mAuto Detect Task Completion
[22m[39m[MOCK CourseVectorStore] Initialized with mock data
[90mstdout[2m | src/stories/OnboardingExamples.stories.tsx[2m > [22m[2mAuto Detect Task Completion
[22m[39m[FilesContext] Vector store population triggered {
  "currentVectorStoreSize": 3,
  "documentsCount": 0,
  "filesCount": 6,
  "isInitialLoad": true,
}
[90mstdout[2m | src/stories/OnboardingExamples.stories.tsx[2m > [22m[2mAuto Detect Task Completion
[22m[39m[FilesContext] Vector store population complete - 3 total embeddings
[90mstdout[2m | src/stories/OnboardingExamples.stories.tsx[2m > [22m[2mAuto Detect Task Completion
[22m[39m[ChatContext] Chat exists and not archived, skipping creation
[90mstdout[2m | src/stories/OnboardingExamples.stories.tsx[2m > [22m[2mAuto Detect Task Completion
[22m[39m[Mock Storage] downloadData called with: undefined
[90mstdout[2m | src/stories/OnboardingExamples.stories.tsx[2m > [22m[2mManual Task Tracking
[22m[39m[ChatContext] Cleaning up subscriptions
[90mstdout[2m | src/stories/OnboardingExamples.stories.tsx[2m > [22m[2mManual Task Tracking
[22m[39m[Mock Data] Unit.onUpdate() subscription removed. Remaining: 0
[90mstdout[2m | src/stories/OnboardingExamples.stories.tsx[2m > [22m[2mManual Task Tracking
[22m[39m[MOCK CourseVectorStore] Initialized with mock data
[90mstdout[2m | src/stories/OnboardingExamples.stories.tsx[2m > [22m[2mManual Task Tracking
[22m[39m[TranslationModeController] Setting mode to: off
[90mstdout[2m | src/stories/OnboardingExamples.stories.tsx[2m > [22m[2mManual Task Tracking
[22m[39m[UnitContext] useEffect triggered {
  "authLoading": false,
  "hasUser": true,
  "id": "mock-unit-id",
  "userSub": "mock-user-sub",
}
[90mstdout[2m | src/stories/OnboardingExamples.stories.tsx[2m > [22m[2mManual Task Tracking
[22m[39m[UnitContext] Fetching unit data for id: mock-unit-id
[90mstdout[2m | src/stories/OnboardingExamples.stories.tsx[2m > [22m[2mManual Task Tracking
[22m[39m[FilesContext] Initializing vector store from IndexedDB
[90mstdout[2m | src/stories/OnboardingExamples.stories.tsx[2m > [22m[2mManual Task Tracking
[22m[39m[FilesContext] fetchFiles called
[90mstdout[2m | src/stories/OnboardingExamples.stories.tsx[2m > [22m[2mManual Task Tracking
[22m[39m[FilesContext] User authenticated: mock-user-sub
[90mstdout[2m | src/stories/OnboardingExamples.stories.tsx[2m > [22m[2mManual Task Tracking
[22m[39m[FilesContext] Identity ID: us-east-1:mock-identity-123
[90mstdout[2m | src/stories/OnboardingExamples.stories.tsx[2m > [22m[2mManual Task Tracking
[22m[39m[FilesContext] About to set up File observeQuery
[90mstdout[2m | src/stories/OnboardingExamples.stories.tsx[2m > [22m[2mManual Task Tracking
[22m[39m[ChatContext] Setting up AssistantChat observeQuery
[90mstdout[2m | src/stories/OnboardingExamples.stories.tsx[2m > [22m[2mManual Task Tracking
[22m[39m[ChatContext] Waiting for subscription to initialize
[90mstdout[2m | src/stories/OnboardingExamples.stories.tsx[2m > [22m[2mManual Task Tracking
[22m[39m[SettingsContext] Setting up Settings subscription for user: mock-user-sub
[90mstdout[2m | src/stories/OnboardingExamples.stories.tsx[2m > [22m[2mManual Task Tracking
[22m[39m[Mock Data] Settings created: mock-settings-1790418934374 - notified 0 subscribers
[90mstdout[2m | src/stories/OnboardingExamples.stories.tsx[2m > [22m[2mManual Task Tracking
[22m[39m[Mock Data] Unit.onUpdate() subscription added. Total: 1
[90mstdout[2m | src/stories/OnboardingExamples.stories.tsx[2m > [22m[2mManual Task Tracking
[22m[39m[SectionContext] Section observeQuery update: 0
[90mstdout[2m | src/stories/OnboardingExamples.stories.tsx[2m > [22m[2mManual Task Tracking
[22m[39m[FilesContext] File observeQuery update: 6 files
[90mstdout[2m | src/stories/OnboardingExamples.stories.tsx[2m > [22m[2mManual Task Tracking
[22m[39m[MOCK CourseVectorStore] Initialized with mock data
[90mstdout[2m | src/stories/OnboardingExamples.stories.tsx[2m > [22m[2mManual Task Tracking
[22m[39m[FilesContext] Vector store population triggered {
  "currentVectorStoreSize": 3,
  "documentsCount": 0,
  "filesCount": 6,
  "isInitialLoad": true,
}
[90mstdout[2m | src/stories/OnboardingExamples.stories.tsx[2m > [22m[2mManual Task Tracking
[22m[39m[FilesContext] Vector store population complete - 3 total embeddings
[90mstdout[2m | src/stories/OnboardingExamples.stories.tsx[2m > [22m[2mManual Task Tracking
[22m[39m[ChatContext] AssistantChat initialized with 1 chats
[90mstdout[2m | src/stories/OnboardingExamples.stories.tsx[2m > [22m[2mManual Task Tracking
[22m[39m[ChatContext] Setting initial chat: mock-assistant-chat-1
[90mstdout[2m | src/stories/OnboardingExamples.stories.tsx[2m > [22m[2mManual Task Tracking
[22m[39m[Mock Storage] downloadData called with: undefined
[90mstdout[2m | src/stories/OnboardingExamples.stories.tsx[2m > [22m[2mManual Task Tracking
[22m[39m[ChatContext] Chat exists and not archived, skipping creation
[90mstdout[2m | src/stories/OnboardingExamples.stories.tsx[2m > [22m[2mDisplay Onboarding Status
[22m[39m[ChatContext] Cleaning up subscriptions
[90mstdout[2m | src/stories/OnboardingExamples.stories.tsx[2m > [22m[2mDisplay Onboarding Status
[22m[39m[Mock Data] Unit.onUpdate() subscription removed. Remaining: 0
[90mstdout[2m | src/stories/OnboardingExamples.stories.tsx[2m > [22m[2mDisplay Onboarding Status
[22m[39m[MOCK CourseVectorStore] Initialized with mock data
[90mstdout[2m | src/stories/OnboardingExamples.stories.tsx[2m > [22m[2mDisplay Onboarding Status
[22m[39m[TranslationModeController] Setting mode to: off
[90mstdout[2m | src/stories/OnboardingExamples.stories.tsx[2m > [22m[2mDisplay Onboarding Status
[22m[39m[UnitContext] useEffect triggered {
  "authLoading": false,
  "hasUser": true,
  "id": "mock-unit-id",
  "userSub": "mock-user-sub",
}
[90mstdout[2m | src/stories/OnboardingExamples.stories.tsx[2m > [22m[2mDisplay Onboarding Status
[22m[39m[UnitContext] Fetching unit data for id: mock-unit-id
[90mstdout[2m | src/stories/OnboardingExamples.stories.tsx[2m > [22m[2mDisplay Onboarding Status
[22m[39m[FilesContext] Initializing vector store from IndexedDB
[90mstdout[2m | src/stories/OnboardingExamples.stories.tsx[2m > [22m[2mDisplay Onboarding Status
[22m[39m[FilesContext] fetchFiles called
[90mstdout[2m | src/stories/OnboardingExamples.stories.tsx[2m > [22m[2mDisplay Onboarding Status
[22m[39m[FilesContext] User authenticated: mock-user-sub
[90mstdout[2m | src/stories/OnboardingExamples.stories.tsx[2m > [22m[2mDisplay Onboarding Status
[22m[39m[FilesContext] Identity ID: us-east-1:mock-identity-123
[90mstdout[2m | src/stories/OnboardingExamples.stories.tsx[2m > [22m[2mDisplay Onboarding Status
[22m[39m[FilesContext] About to set up File observeQuery
[90mstdout[2m | src/stories/OnboardingExamples.stories.tsx[2m > [22m[2mDisplay Onboarding Status
[22m[39m[ChatContext] Setting up AssistantChat observeQuery
[90mstdout[2m | src/stories/OnboardingExamples.stories.tsx[2m > [22m[2mDisplay Onboarding Status
[22m[39m[ChatContext] Waiting for subscription to initialize
[90mstdout[2m | src/stories/OnboardingExamples.stories.tsx[2m > [22m[2mDisplay Onboarding Status
[22m[39m[SettingsContext] Setting up Settings subscription for user: mock-user-sub
[90mstdout[2m | src/stories/OnboardingExamples.stories.tsx[2m > [22m[2mDisplay Onboarding Status
[22m[39m[Mock Data] Settings created: mock-settings-1790418934500 - notified 0 subscribers
[90mstdout[2m | src/stories/OnboardingExamples.stories.tsx[2m > [22m[2mDisplay Onboarding Status
[22m[39m[Mock Data] Unit.onUpdate() subscription added. Total: 1
[90mstdout[2m | src/stories/OnboardingExamples.stories.tsx[2m > [22m[2mDisplay Onboarding Status
[22m[39m[SectionContext] Section observeQuery update: 0
[90mstdout[2m | src/stories/OnboardingExamples.stories.tsx[2m > [22m[2mDisplay Onboarding Status
[22m[39m[FilesContext] File observeQuery update: 6 files
[90mstdout[2m | src/stories/OnboardingExamples.stories.tsx[2m > [22m[2mDisplay Onboarding Status
[22m[39m[ChatContext] AssistantChat initialized with 1 chats
[90mstdout[2m | src/stories/OnboardingExamples.stories.tsx[2m > [22m[2mDisplay Onboarding Status
[22m[39m[ChatContext] Setting initial chat: mock-assistant-chat-1
[90mstdout[2m | src/stories/OnboardingExamples.stories.tsx[2m > [22m[2mDisplay Onboarding Status
[22m[39m[MOCK CourseVectorStore] Initialized with mock data
[90mstdout[2m | src/stories/OnboardingExamples.stories.tsx[2m > [22m[2mDisplay Onboarding Status
[22m[39m[FilesContext] Vector store population triggered {
  "currentVectorStoreSize": 3,
  "documentsCount": 0,
  "filesCount": 6,
  "isInitialLoad": true,
}
[90mstdout[2m | src/stories/OnboardingExamples.stories.tsx[2m > [22m[2mDisplay Onboarding Status
[22m[39m[FilesContext] Vector store population complete - 3 total embeddings
[90mstdout[2m | src/stories/OnboardingExamples.stories.tsx[2m > [22m[2mDisplay Onboarding Status
[22m[39m[ChatContext] Chat exists and not archived, skipping creation
[90mstdout[2m | src/stories/OnboardingExamples.stories.tsx[2m > [22m[2mDisplay Onboarding Status
[22m[39m[Mock Storage] downloadData called with: undefined
[90mstdout[2m | src/stories/OnboardingExamples.stories.tsx[2m > [22m[2mEvent Emission Example
[22m[39m[ChatContext] Cleaning up subscriptions
[90mstdout[2m | src/stories/OnboardingExamples.stories.tsx[2m > [22m[2mEvent Emission Example
[22m[39m[Mock Data] Unit.onUpdate() subscription removed. Remaining: 0
[90mstdout[2m | src/stories/OnboardingExamples.stories.tsx[2m > [22m[2mEvent Emission Example
[22m[39m[MOCK CourseVectorStore] Initialized with mock data
[90mstdout[2m | src/stories/OnboardingExamples.stories.tsx[2m > [22m[2mEvent Emission Example
[22m[39m[TranslationModeController] Setting mode to: off
[90mstdout[2m | src/stories/OnboardingExamples.stories.tsx[2m > [22m[2mEvent Emission Example
[22m[39m[UnitContext] useEffect triggered {
  "authLoading": false,
  "hasUser": true,
  "id": "mock-unit-id",
  "userSub": "mock-user-sub",
}
[90mstdout[2m | src/stories/OnboardingExamples.stories.tsx[2m > [22m[2mEvent Emission Example
[22m[39m[UnitContext] Fetching unit data for id: mock-unit-id
[90mstdout[2m | src/stories/OnboardingExamples.stories.tsx[2m > [22m[2mEvent Emission Example
[22m[39m[FilesContext] Initializing vector store from IndexedDB
[90mstdout[2m | src/stories/OnboardingExamples.stories.tsx[2m > [22m[2mEvent Emission Example
[22m[39m[FilesContext] fetchFiles called
[90mstdout[2m | src/stories/OnboardingExamples.stories.tsx[2m > [22m[2mEvent Emission Example
[22m[39m[FilesContext] User authenticated: mock-user-sub
[90mstdout[2m | src/stories/OnboardingExamples.stories.tsx[2m > [22m[2mEvent Emission Example
[22m[39m[FilesContext] Identity ID: us-east-1:mock-identity-123
[90mstdout[2m | src/stories/OnboardingExamples.stories.tsx[2m > [22m[2mEvent Emission Example
[22m[39m[FilesContext] About to set up File observeQuery
[90mstdout[2m | src/stories/OnboardingExamples.stories.tsx[2m > [22m[2mEvent Emission Example
[22m[39m[ChatContext] Setting up AssistantChat observeQuery
[90mstdout[2m | src/stories/OnboardingExamples.stories.tsx[2m > [22m[2mEvent Emission Example
[22m[39m[ChatContext] Waiting for subscription to initialize
[90mstdout[2m | src/stories/OnboardingExamples.stories.tsx[2m > [22m[2mEvent Emission Example
[22m[39m[SettingsContext] Setting up Settings subscription for user: mock-user-sub
[90mstdout[2m | src/stories/OnboardingExamples.stories.tsx[2m > [22m[2mEvent Emission Example
[22m[39m[Mock Data] Settings created: mock-settings-1790418934618 - notified 0 subscribers
[90mstdout[2m | src/stories/OnboardingExamples.stories.tsx[2m > [22m[2mEvent Emission Example
[22m[39m[Mock Data] Unit.onUpdate() subscription added. Total: 1
[90mstdout[2m | src/stories/OnboardingExamples.stories.tsx[2m > [22m[2mEvent Emission Example
[22m[39m[SectionContext] Section observeQuery update: 0
[90mstdout[2m | src/stories/OnboardingExamples.stories.tsx[2m > [22m[2mEvent Emission Example
[22m[39m[FilesContext] File observeQuery update: 6 files
[90mstdout[2m | src/stories/OnboardingExamples.stories.tsx[2m > [22m[2mEvent Emission Example
[22m[39m[ChatContext] AssistantChat initialized with 1 chats
[90mstdout[2m | src/stories/OnboardingExamples.stories.tsx[2m > [22m[2mEvent Emission Example
[22m[39m[ChatContext] Setting initial chat: mock-assistant-chat-1
[90mstdout[2m | src/stories/OnboardingExamples.stories.tsx[2m > [22m[2mEvent Emission Example
[22m[39m[Mock Storage] downloadData called with: undefined
[90mstdout[2m | src/stories/OnboardingExamples.stories.tsx[2m > [22m[2mEvent Emission Example
[22m[39m[MOCK CourseVectorStore] Initialized with mock data
[90mstdout[2m | src/stories/OnboardingExamples.stories.tsx[2m > [22m[2mEvent Emission Example
[22m[39m[FilesContext] Vector store population triggered {
  "currentVectorStoreSize": 3,
  "documentsCount": 0,
  "filesCount": 6,
  "isInitialLoad": true,
}
[90mstdout[2m | src/stories/OnboardingExamples.stories.tsx[2m > [22m[2mEvent Emission Example
[22m[39m[FilesContext] Vector store population complete - 3 total embeddings
[90mstdout[2m | src/stories/OnboardingExamples.stories.tsx[2m > [22m[2mEvent Emission Example
[22m[39m[ChatContext] Chat exists and not archived, skipping creation
[90mstdout[2m | src/stories/OnboardingExamples.stories.tsx[2m > [22m[2mSpotlight Integration
[22m[39m[ChatContext] Cleaning up subscriptions
[90mstdout[2m | src/stories/OnboardingExamples.stories.tsx[2m > [22m[2mSpotlight Integration
[22m[39m[Mock Data] Unit.onUpdate() subscription removed. Remaining: 0
[90mstdout[2m | src/stories/OnboardingExamples.stories.tsx[2m > [22m[2mSpotlight Integration
[22m[39m[MOCK CourseVectorStore] Initialized with mock data
[90mstdout[2m | src/stories/OnboardingExamples.stories.tsx[2m > [22m[2mSpotlight Integration
[22m[39m[TranslationModeController] Setting mode to: off
[90mstdout[2m | src/stories/OnboardingExamples.stories.tsx[2m > [22m[2mSpotlight Integration
[22m[39m[UnitContext] useEffect triggered {
  "authLoading": false,
  "hasUser": true,
  "id": "mock-unit-id",
  "userSub": "mock-user-sub",
}
[90mstdout[2m | src/stories/OnboardingExamples.stories.tsx[2m > [22m[2mSpotlight Integration
[22m[39m[UnitContext] Fetching unit data for id: mock-unit-id
[90mstdout[2m | src/stories/OnboardingExamples.stories.tsx[2m > [22m[2mSpotlight Integration
[22m[39m[FilesContext] Initializing vector store from IndexedDB
[90mstdout[2m | src/stories/OnboardingExamples.stories.tsx[2m > [22m[2mSpotlight Integration
[22m[39m[FilesContext] fetchFiles called
[90mstdout[2m | src/stories/OnboardingExamples.stories.tsx[2m > [22m[2mSpotlight Integration
[22m[39m[FilesContext] User authenticated: mock-user-sub
[90mstdout[2m | src/stories/OnboardingExamples.stories.tsx[2m > [22m[2mSpotlight Integration
[22m[39m[FilesContext] Identity ID: us-east-1:mock-identity-123
[90mstdout[2m | src/stories/OnboardingExamples.stories.tsx[2m > [22m[2mSpotlight Integration
[22m[39m[FilesContext] About to set up File observeQuery
[90mstdout[2m | src/stories/OnboardingExamples.stories.tsx[2m > [22m[2mSpotlight Integration
[22m[39m[ChatContext] Setting up AssistantChat observeQuery
[90mstdout[2m | src/stories/OnboardingExamples.stories.tsx[2m > [22m[2mSpotlight Integration
[22m[39m[ChatContext] Waiting for subscription to initialize
[90mstdout[2m | src/stories/OnboardingExamples.stories.tsx[2m > [22m[2mSpotlight Integration
[22m[39m[SettingsContext] Setting up Settings subscription for user: mock-user-sub
[90mstdout[2m | src/stories/OnboardingExamples.stories.tsx[2m > [22m[2mSpotlight Integration
[22m[39m[Mock Data] Settings created: mock-settings-1790418934752 - notified 0 subscribers
[90mstdout[2m | src/stories/OnboardingExamples.stories.tsx[2m > [22m[2mSpotlight Integration
[22m[39m[Mock Data] Unit.onUpdate() subscription added. Total: 1
[90mstdout[2m | src/stories/OnboardingExamples.stories.tsx[2m > [22m[2mSpotlight Integration
[22m[39m[SectionContext] Section observeQuery update: 0
[90mstdout[2m | src/stories/OnboardingExamples.stories.tsx[2m > [22m[2mSpotlight Integration
[22m[39m[FilesContext] File observeQuery update: 6 files
[90mstdout[2m | src/stories/OnboardingExamples.stories.tsx[2m > [22m[2mSpotlight Integration
[22m[39m[ChatContext] AssistantChat initialized with 1 chats
[90mstdout[2m | src/stories/OnboardingExamples.stories.tsx[2m > [22m[2mSpotlight Integration
[22m[39m[ChatContext] Setting initial chat: mock-assistant-chat-1
[90mstdout[2m | src/stories/OnboardingExamples.stories.tsx[2m > [22m[2mSpotlight Integration
[22m[39m[MOCK CourseVectorStore] Initialized with mock data
[90mstdout[2m | src/stories/OnboardingExamples.stories.tsx[2m > [22m[2mSpotlight Integration
[22m[39m[FilesContext] Vector store population triggered {
  "currentVectorStoreSize": 3,
  "documentsCount": 0,
  "filesCount": 6,
  "isInitialLoad": true,
}
[90mstdout[2m | src/stories/OnboardingExamples.stories.tsx[2m > [22m[2mSpotlight Integration
[22m[39m[FilesContext] Vector store population complete - 3 total embeddings
[90mstdout[2m | src/stories/OnboardingExamples.stories.tsx[2m > [22m[2mSpotlight Integration
[22m[39m[ChatContext] Chat exists and not archived, skipping creation
[90mstdout[2m | src/stories/OnboardingExamples.stories.tsx[2m > [22m[2mSpotlight Integration
[22m[39m[Mock Storage] downloadData called with: undefined
 [32m✓[39m [30m[45m storybook (chromium) [49m[39m src/stories/OnboardingExamples.stories.tsx [2m([22m[2m5 tests[22m[2m)[22m[33m 697[2mms[22m[39m
[90mstdout[2m | unknown test
[22m[39m[MOCK vectorStoreDB.js] Module loaded - mock IndexedDB operations
[90mstdout[2m | unknown test
[22m[39m[Task Completion] DOM action listeners initialized
[90mstdout[2m | unknown test
[22m[39m[Task Completion] Auto-completion detector initialized
[90mstdout[2m | unknown test
[22m[39m[Preview] Task completion detector initialized
[90mstdout[2m | src/components/PracticeDrill/CollaborativePresenceBar.stories.tsx[2m > [22m[2mConnected
[22m[39m[MOCK CourseVectorStore] Initialized with mock data
[90mstdout[2m | src/components/PracticeDrill/CollaborativePresenceBar.stories.tsx[2m > [22m[2mConnected
[22m[39m[TranslationModeController] Setting mode to: off
[90mstdout[2m | src/components/PracticeDrill/CollaborativePresenceBar.stories.tsx[2m > [22m[2mConnected
[22m[39m[UnitContext] useEffect triggered {
  "authLoading": false,
  "hasUser": true,
  "id": "mock-unit-id",
  "userSub": "mock-user-sub",
}
[90mstdout[2m | src/components/PracticeDrill/CollaborativePresenceBar.stories.tsx[2m > [22m[2mConnected
[22m[39m[UnitContext] Fetching unit data for id: mock-unit-id
[90mstdout[2m | src/components/PracticeDrill/CollaborativePresenceBar.stories.tsx[2m > [22m[2mConnected
[22m[39m[FilesContext] Initializing vector store from IndexedDB
[90mstdout[2m | src/components/PracticeDrill/CollaborativePresenceBar.stories.tsx[2m > [22m[2mConnected
[22m[39m[FilesContext] fetchFiles called
[90mstdout[2m | src/components/PracticeDrill/CollaborativePresenceBar.stories.tsx[2m > [22m[2mConnected
[22m[39m[FilesContext] User authenticated: mock-user-sub
[90mstdout[2m | src/components/PracticeDrill/CollaborativePresenceBar.stories.tsx[2m > [22m[2mConnected
[22m[39m[FilesContext] Identity ID: us-east-1:mock-identity-123
[90mstdout[2m | src/components/PracticeDrill/CollaborativePresenceBar.stories.tsx[2m > [22m[2mConnected
[22m[39m[FilesContext] About to set up File observeQuery
[90mstdout[2m | src/components/PracticeDrill/CollaborativePresenceBar.stories.tsx[2m > [22m[2mConnected
[22m[39m[ChatContext] Setting up AssistantChat observeQuery
[90mstdout[2m | src/components/PracticeDrill/CollaborativePresenceBar.stories.tsx[2m > [22m[2mConnected
[22m[39m[ChatContext] Waiting for subscription to initialize
[90mstdout[2m | src/components/PracticeDrill/CollaborativePresenceBar.stories.tsx[2m > [22m[2mConnected
[22m[39m[SettingsContext] Setting up Settings subscription for user: mock-user-sub
[90mstdout[2m | src/components/PracticeDrill/CollaborativePresenceBar.stories.tsx[2m > [22m[2mConnected
[22m[39m[Mock Data] Settings created: mock-settings-1790418935432 - notified 0 subscribers
[90mstdout[2m | src/components/PracticeDrill/CollaborativePresenceBar.stories.tsx[2m > [22m[2mConnected
[22m[39m[Mock Data] Unit.onUpdate() subscription added. Total: 1
[90mstdout[2m | src/components/PracticeDrill/CollaborativePresenceBar.stories.tsx[2m > [22m[2mConnected
[22m[39m[SectionContext] Section observeQuery update: 0
[90mstdout[2m | src/components/PracticeDrill/CollaborativePresenceBar.stories.tsx[2m > [22m[2mConnected
[22m[39m[FilesContext] File observeQuery update: 6 files
[90mstdout[2m | src/components/PracticeDrill/CollaborativePresenceBar.stories.tsx[2m > [22m[2mConnected
[22m[39m[ChatContext] AssistantChat initialized with 1 chats
[90mstdout[2m | src/components/PracticeDrill/CollaborativePresenceBar.stories.tsx[2m > [22m[2mConnected
[22m[39m[ChatContext] Setting initial chat: mock-assistant-chat-1
[90mstdout[2m | src/components/PracticeDrill/CollaborativePresenceBar.stories.tsx[2m > [22m[2mConnected
[22m[39m[MOCK CourseVectorStore] Initialized with mock data
[90mstdout[2m | src/components/PracticeDrill/CollaborativePresenceBar.stories.tsx[2m > [22m[2mConnected
[22m[39m[FilesContext] Vector store population triggered {
  "currentVectorStoreSize": 3,
  "documentsCount": 0,
  "filesCount": 6,
  "isInitialLoad": true,
}
[90mstdout[2m | src/components/PracticeDrill/CollaborativePresenceBar.stories.tsx[2m > [22m[2mConnected
[22m[39m[FilesContext] Vector store population complete - 3 total embeddings
[90mstdout[2m | src/components/PracticeDrill/CollaborativePresenceBar.stories.tsx[2m > [22m[2mConnected
[22m[39m[ChatContext] Chat exists and not archived, skipping creation
[90mstdout[2m | src/components/PracticeDrill/CollaborativePresenceBar.stories.tsx[2m > [22m[2mConnected
[22m[39m[Mock Storage] downloadData called with: undefined
[90mstdout[2m | src/components/PracticeDrill/CollaborativePresenceBar.stories.tsx[2m > [22m[2mDisconnected
[22m[39m[ChatContext] Cleaning up subscriptions
[90mstdout[2m | src/components/PracticeDrill/CollaborativePresenceBar.stories.tsx[2m > [22m[2mDisconnected
[22m[39m[Mock Data] Unit.onUpdate() subscription removed. Remaining: 0
[90mstdout[2m | src/components/PracticeDrill/CollaborativePresenceBar.stories.tsx[2m > [22m[2mDisconnected
[22m[39m[MOCK CourseVectorStore] Initialized with mock data
[90mstdout[2m | src/components/PracticeDrill/CollaborativePresenceBar.stories.tsx[2m > [22m[2mDisconnected
[22m[39m[TranslationModeController] Setting mode to: off
[90mstdout[2m | src/components/PracticeDrill/CollaborativePresenceBar.stories.tsx[2m > [22m[2mDisconnected
[22m[39m[UnitContext] useEffect triggered {
  "authLoading": false,
  "hasUser": true,
  "id": "mock-unit-id",
  "userSub": "mock-user-sub",
}
[90mstdout[2m | src/components/PracticeDrill/CollaborativePresenceBar.stories.tsx[2m > [22m[2mDisconnected
[22m[39m[UnitContext] Fetching unit data for id: mock-unit-id
[90mstdout[2m | src/components/PracticeDrill/CollaborativePresenceBar.stories.tsx[2m > [22m[2mDisconnected
[22m[39m[FilesContext] Initializing vector store from IndexedDB
[90mstdout[2m | src/components/PracticeDrill/CollaborativePresenceBar.stories.tsx[2m > [22m[2mDisconnected
[22m[39m[FilesContext] fetchFiles called
[90mstdout[2m | src/components/PracticeDrill/CollaborativePresenceBar.stories.tsx[2m > [22m[2mDisconnected
[22m[39m[FilesContext] User authenticated: mock-user-sub
[90mstdout[2m | src/components/PracticeDrill/CollaborativePresenceBar.stories.tsx[2m > [22m[2mDisconnected
[22m[39m[FilesContext] Identity ID: us-east-1:mock-identity-123
[90mstdout[2m | src/components/PracticeDrill/CollaborativePresenceBar.stories.tsx[2m > [22m[2mDisconnected
[22m[39m[FilesContext] About to set up File observeQuery
[90mstdout[2m | src/components/PracticeDrill/CollaborativePresenceBar.stories.tsx[2m > [22m[2mDisconnected
[22m[39m[ChatContext] Setting up AssistantChat observeQuery
[90mstdout[2m | src/components/PracticeDrill/CollaborativePresenceBar.stories.tsx[2m > [22m[2mDisconnected
[22m[39m[ChatContext] Waiting for subscription to initialize
[90mstdout[2m | src/components/PracticeDrill/CollaborativePresenceBar.stories.tsx[2m > [22m[2mDisconnected
[22m[39m[SettingsContext] Setting up Settings subscription for user: mock-user-sub
[90mstdout[2m | src/components/PracticeDrill/CollaborativePresenceBar.stories.tsx[2m > [22m[2mDisconnected
[22m[39m[Mock Data] Settings created: mock-settings-1790418935617 - notified 0 subscribers
[90mstdout[2m | src/components/PracticeDrill/CollaborativePresenceBar.stories.tsx[2m > [22m[2mDisconnected
[22m[39m[Mock Data] Unit.onUpdate() subscription added. Total: 1
[90mstdout[2m | src/components/PracticeDrill/CollaborativePresenceBar.stories.tsx[2m > [22m[2mDisconnected
[22m[39m[SectionContext] Section observeQuery update: 0
[90mstdout[2m | src/components/PracticeDrill/CollaborativePresenceBar.stories.tsx[2m > [22m[2mDisconnected
[22m[39m[FilesContext] File observeQuery update: 6 files
[90mstdout[2m | src/components/PracticeDrill/CollaborativePresenceBar.stories.tsx[2m > [22m[2mDisconnected
[22m[39m[ChatContext] AssistantChat initialized with 1 chats
[90mstdout[2m | src/components/PracticeDrill/CollaborativePresenceBar.stories.tsx[2m > [22m[2mDisconnected
[22m[39m[ChatContext] Setting initial chat: mock-assistant-chat-1
[90mstdout[2m | src/components/PracticeDrill/CollaborativePresenceBar.stories.tsx[2m > [22m[2mDisconnected
[22m[39m[MOCK CourseVectorStore] Initialized with mock data
[90mstdout[2m | src/components/PracticeDrill/CollaborativePresenceBar.stories.tsx[2m > [22m[2mDisconnected
[22m[39m[FilesContext] Vector store population triggered {
  "currentVectorStoreSize": 3,
  "documentsCount": 0,
  "filesCount": 6,
  "isInitialLoad": true,
}
[90mstdout[2m | src/components/PracticeDrill/CollaborativePresenceBar.stories.tsx[2m > [22m[2mDisconnected
[22m[39m[FilesContext] Vector store population complete - 3 total embeddings
[90mstdout[2m | src/components/PracticeDrill/CollaborativePresenceBar.stories.tsx[2m > [22m[2mDisconnected
[22m[39m[ChatContext] Chat exists and not archived, skipping creation
[90mstdout[2m | src/components/PracticeDrill/CollaborativePresenceBar.stories.tsx[2m > [22m[2mDisconnected
[22m[39m[Mock Storage] downloadData called with: undefined
[90mstdout[2m | src/components/PracticeDrill/CollaborativePresenceBar.stories.tsx[2m > [22m[2mTwo Participants
[22m[39m[ChatContext] Cleaning up subscriptions
[90mstdout[2m | src/components/PracticeDrill/CollaborativePresenceBar.stories.tsx[2m > [22m[2mTwo Participants
[22m[39m[Mock Data] Unit.onUpdate() subscription removed. Remaining: 0
[90mstdout[2m | src/components/PracticeDrill/CollaborativePresenceBar.stories.tsx[2m > [22m[2mTwo Participants
[22m[39m[MOCK CourseVectorStore] Initialized with mock data
[90mstdout[2m | src/components/PracticeDrill/CollaborativePresenceBar.stories.tsx[2m > [22m[2mTwo Participants
[22m[39m[TranslationModeController] Setting mode to: off
[90mstdout[2m | src/components/PracticeDrill/CollaborativePresenceBar.stories.tsx[2m > [22m[2mTwo Participants
[22m[39m[UnitContext] useEffect triggered {
  "authLoading": false,
  "hasUser": true,
  "id": "mock-unit-id",
  "userSub": "mock-user-sub",
}
[90mstdout[2m | src/components/PracticeDrill/CollaborativePresenceBar.stories.tsx[2m > [22m[2mTwo Participants
[22m[39m[UnitContext] Fetching unit data for id: mock-unit-id
[90mstdout[2m | src/components/PracticeDrill/CollaborativePresenceBar.stories.tsx[2m > [22m[2mTwo Participants
[22m[39m[FilesContext] Initializing vector store from IndexedDB
[90mstdout[2m | src/components/PracticeDrill/CollaborativePresenceBar.stories.tsx[2m > [22m[2mTwo Participants
[22m[39m[FilesContext] fetchFiles called
[90mstdout[2m | src/components/PracticeDrill/CollaborativePresenceBar.stories.tsx[2m > [22m[2mTwo Participants
[22m[39m[FilesContext] User authenticated: mock-user-sub
[90mstdout[2m | src/components/PracticeDrill/CollaborativePresenceBar.stories.tsx[2m > [22m[2mTwo Participants
[22m[39m[FilesContext] Identity ID: us-east-1:mock-identity-123
[90mstdout[2m | src/components/PracticeDrill/CollaborativePresenceBar.stories.tsx[2m > [22m[2mTwo Participants
[22m[39m[FilesContext] About to set up File observeQuery
[90mstdout[2m | src/components/PracticeDrill/CollaborativePresenceBar.stories.tsx[2m > [22m[2mTwo Participants
[22m[39m[ChatContext] Setting up AssistantChat observeQuery
[90mstdout[2m | src/components/PracticeDrill/CollaborativePresenceBar.stories.tsx[2m > [22m[2mTwo Participants
[22m[39m[ChatContext] Waiting for subscription to initialize
[90mstdout[2m | src/components/PracticeDrill/CollaborativePresenceBar.stories.tsx[2m > [22m[2mTwo Participants
[22m[39m[SettingsContext] Setting up Settings subscription for user: mock-user-sub
[90mstdout[2m | src/components/PracticeDrill/CollaborativePresenceBar.stories.tsx[2m > [22m[2mTwo Participants
[22m[39m[Mock Data] Settings created: mock-settings-1790418935767 - notified 0 subscribers
[90mstdout[2m | src/components/PracticeDrill/CollaborativePresenceBar.stories.tsx[2m > [22m[2mTwo Participants
[22m[39m[Mock Data] Unit.onUpdate() subscription added. Total: 1
[90mstdout[2m | src/components/PracticeDrill/CollaborativePresenceBar.stories.tsx[2m > [22m[2mTwo Participants
[22m[39m[SectionContext] Section observeQuery update: 0
[90mstdout[2m | src/components/PracticeDrill/CollaborativePresenceBar.stories.tsx[2m > [22m[2mTwo Participants
[22m[39m[FilesContext] File observeQuery update: 6 files
[90mstdout[2m | src/components/PracticeDrill/CollaborativePresenceBar.stories.tsx[2m > [22m[2mTwo Participants
[22m[39m[ChatContext] AssistantChat initialized with 1 chats
[90mstdout[2m | src/components/PracticeDrill/CollaborativePresenceBar.stories.tsx[2m > [22m[2mTwo Participants
[22m[39m[ChatContext] Setting initial chat: mock-assistant-chat-1
[90mstdout[2m | src/components/PracticeDrill/CollaborativePresenceBar.stories.tsx[2m > [22m[2mTwo Participants
[22m[39m[MOCK CourseVectorStore] Initialized with mock data
[90mstdout[2m | src/components/PracticeDrill/CollaborativePresenceBar.stories.tsx[2m > [22m[2mTwo Participants
[22m[39m[FilesContext] Vector store population triggered {
  "currentVectorStoreSize": 3,
  "documentsCount": 0,
  "filesCount": 6,
  "isInitialLoad": true,
}
[90mstdout[2m | src/components/PracticeDrill/CollaborativePresenceBar.stories.tsx[2m > [22m[2mTwo Participants
[22m[39m[FilesContext] Vector store population complete - 3 total embeddings
[90mstdout[2m | src/components/PracticeDrill/CollaborativePresenceBar.stories.tsx[2m > [22m[2mTwo Participants
[22m[39m[ChatContext] Chat exists and not archived, skipping creation
[90mstdout[2m | src/components/PracticeDrill/CollaborativePresenceBar.stories.tsx[2m > [22m[2mTwo Participants
[22m[39m[Mock Storage] downloadData called with: undefined
[90mstdout[2m | src/components/PracticeDrill/CollaborativePresenceBar.stories.tsx[2m > [22m[2mMany Participants
[22m[39m[ChatContext] Cleaning up subscriptions
[90mstdout[2m | src/components/PracticeDrill/CollaborativePresenceBar.stories.tsx[2m > [22m[2mMany Participants
[22m[39m[Mock Data] Unit.onUpdate() subscription removed. Remaining: 0
[90mstdout[2m | src/components/PracticeDrill/CollaborativePresenceBar.stories.tsx[2m > [22m[2mMany Participants
[22m[39m[MOCK CourseVectorStore] Initialized with mock data
[90mstdout[2m | src/components/PracticeDrill/CollaborativePresenceBar.stories.tsx[2m > [22m[2mMany Participants
[22m[39m[TranslationModeController] Setting mode to: off
[90mstdout[2m | src/components/PracticeDrill/CollaborativePresenceBar.stories.tsx[2m > [22m[2mMany Participants
[22m[39m[UnitContext] useEffect triggered {
  "authLoading": false,
  "hasUser": true,
  "id": "mock-unit-id",
  "userSub": "mock-user-sub",
}
[90mstdout[2m | src/components/PracticeDrill/CollaborativePresenceBar.stories.tsx[2m > [22m[2mMany Participants
[22m[39m[UnitContext] Fetching unit data for id: mock-unit-id
[90mstdout[2m | src/components/PracticeDrill/CollaborativePresenceBar.stories.tsx[2m > [22m[2mMany Participants
[22m[39m[FilesContext] Initializing vector store from IndexedDB
[90mstdout[2m | src/components/PracticeDrill/CollaborativePresenceBar.stories.tsx[2m > [22m[2mMany Participants
[22m[39m[FilesContext] fetchFiles called
[90mstdout[2m | src/components/PracticeDrill/CollaborativePresenceBar.stories.tsx[2m > [22m[2mMany Participants
[22m[39m[FilesContext] User authenticated: mock-user-sub
[90mstdout[2m | src/components/PracticeDrill/CollaborativePresenceBar.stories.tsx[2m > [22m[2mMany Participants
[22m[39m[FilesContext] Identity ID: us-east-1:mock-identity-123
[90mstdout[2m | src/components/PracticeDrill/CollaborativePresenceBar.stories.tsx[2m > [22m[2mMany Participants
[22m[39m[FilesContext] About to set up File observeQuery
[90mstdout[2m | src/components/PracticeDrill/CollaborativePresenceBar.stories.tsx[2m > [22m[2mMany Participants
[22m[39m[ChatContext] Setting up AssistantChat observeQuery
[90mstdout[2m | src/components/PracticeDrill/CollaborativePresenceBar.stories.tsx[2m > [22m[2mMany Participants
[22m[39m[ChatContext] Waiting for subscription to initialize
[90mstdout[2m | src/components/PracticeDrill/CollaborativePresenceBar.stories.tsx[2m > [22m[2mMany Participants
[22m[39m[SettingsContext] Setting up Settings subscription for user: mock-user-sub
[90mstdout[2m | src/components/PracticeDrill/CollaborativePresenceBar.stories.tsx[2m > [22m[2mMany Participants
[22m[39m[Mock Data] Settings created: mock-settings-1790418935955 - notified 0 subscribers
[90mstdout[2m | src/components/PracticeDrill/CollaborativePresenceBar.stories.tsx[2m > [22m[2mMany Participants
[22m[39m[Mock Data] Unit.onUpdate() subscription added. Total: 1
[90mstdout[2m | src/components/PracticeDrill/CollaborativePresenceBar.stories.tsx[2m > [22m[2mMany Participants
[22m[39m[SectionContext] Section observeQuery update: 0
[90mstdout[2m | src/components/PracticeDrill/CollaborativePresenceBar.stories.tsx[2m > [22m[2mMany Participants
[22m[39m[FilesContext] File observeQuery update: 6 files
[90mstdout[2m | src/components/PracticeDrill/CollaborativePresenceBar.stories.tsx[2m > [22m[2mMany Participants
[22m[39m[ChatContext] AssistantChat initialized with 1 chats
[90mstdout[2m | src/components/PracticeDrill/CollaborativePresenceBar.stories.tsx[2m > [22m[2mMany Participants
[22m[39m[ChatContext] Setting initial chat: mock-assistant-chat-1
[90mstdout[2m | src/components/PracticeDrill/CollaborativePresenceBar.stories.tsx[2m > [22m[2mMany Participants
[22m[39m[MOCK CourseVectorStore] Initialized with mock data
[90mstdout[2m | src/components/PracticeDrill/CollaborativePresenceBar.stories.tsx[2m > [22m[2mMany Participants
[22m[39m[FilesContext] Vector store population triggered {
  "currentVectorStoreSize": 3,
  "documentsCount": 0,
  "filesCount": 6,
  "isInitialLoad": true,
}
[90mstdout[2m | src/components/PracticeDrill/CollaborativePresenceBar.stories.tsx[2m > [22m[2mMany Participants
[22m[39m[FilesContext] Vector store population complete - 3 total embeddings
[90mstdout[2m | src/components/PracticeDrill/CollaborativePresenceBar.stories.tsx[2m > [22m[2mMany Participants
[22m[39m[ChatContext] Chat exists and not archived, skipping creation
[90mstdout[2m | src/components/PracticeDrill/CollaborativePresenceBar.stories.tsx[2m > [22m[2mMany Participants
[22m[39m[Mock Storage] downloadData called with: undefined
[90mstdout[2m | src/components/PracticeDrill/CollaborativePresenceBar.stories.tsx[2m > [22m[2mAll Complete
[22m[39m[ChatContext] Cleaning up subscriptions
[90mstdout[2m | src/components/PracticeDrill/CollaborativePresenceBar.stories.tsx[2m > [22m[2mAll Complete
[22m[39m[Mock Data] Unit.onUpdate() subscription removed. Remaining: 0
[90mstdout[2m | src/components/PracticeDrill/CollaborativePresenceBar.stories.tsx[2m > [22m[2mAll Complete
[22m[39m[MOCK CourseVectorStore] Initialized with mock data
[90mstdout[2m | src/components/PracticeDrill/CollaborativePresenceBar.stories.tsx[2m > [22m[2mAll Complete
[22m[39m[TranslationModeController] Setting mode to: off
[90mstdout[2m | src/components/PracticeDrill/CollaborativePresenceBar.stories.tsx[2m > [22m[2mAll Complete
[22m[39m[UnitContext] useEffect triggered {
  "authLoading": false,
  "hasUser": true,
  "id": "mock-unit-id",
  "userSub": "mock-user-sub",
}
[90mstdout[2m | src/components/PracticeDrill/CollaborativePresenceBar.stories.tsx[2m > [22m[2mAll Complete
[22m[39m[UnitContext] Fetching unit data for id: mock-unit-id
[90mstdout[2m | src/components/PracticeDrill/CollaborativePresenceBar.stories.tsx[2m > [22m[2mAll Complete
[22m[39m[FilesContext] Initializing vector store from IndexedDB
[90mstdout[2m | src/components/PracticeDrill/CollaborativePresenceBar.stories.tsx[2m > [22m[2mAll Complete
[22m[39m[FilesContext] fetchFiles called
[90mstdout[2m | src/components/PracticeDrill/CollaborativePresenceBar.stories.tsx[2m > [22m[2mAll Complete
[22m[39m[FilesContext] User authenticated: mock-user-sub
[90mstdout[2m | src/components/PracticeDrill/CollaborativePresenceBar.stories.tsx[2m > [22m[2mAll Complete
[22m[39m[FilesContext] Identity ID: us-east-1:mock-identity-123
[90mstdout[2m | src/components/PracticeDrill/CollaborativePresenceBar.stories.tsx[2m > [22m[2mAll Complete
[22m[39m[FilesContext] About to set up File observeQuery
[90mstdout[2m | src/components/PracticeDrill/CollaborativePresenceBar.stories.tsx[2m > [22m[2mAll Complete
[22m[39m[ChatContext] Setting up AssistantChat observeQuery
[90mstdout[2m | src/components/PracticeDrill/CollaborativePresenceBar.stories.tsx[2m > [22m[2mAll Complete
[22m[39m[ChatContext] Waiting for subscription to initialize
[90mstdout[2m | src/components/PracticeDrill/CollaborativePresenceBar.stories.tsx[2m > [22m[2mAll Complete
[22m[39m[SettingsContext] Setting up Settings subscription for user: mock-user-sub
[90mstdout[2m | src/components/PracticeDrill/CollaborativePresenceBar.stories.tsx[2m > [22m[2mAll Complete
[22m[39m[Mock Data] Settings created: mock-settings-1790418936087 - notified 0 subscribers
[90mstdout[2m | src/components/PracticeDrill/CollaborativePresenceBar.stories.tsx[2m > [22m[2mAll Complete
[22m[39m[Mock Data] Unit.onUpdate() subscription added. Total: 1
[90mstdout[2m | src/components/PracticeDrill/CollaborativePresenceBar.stories.tsx[2m > [22m[2mAll Complete
[22m[39m[SectionContext] Section observeQuery update: 0
[90mstdout[2m | src/components/PracticeDrill/CollaborativePresenceBar.stories.tsx[2m > [22m[2mAll Complete
[22m[39m[FilesContext] File observeQuery update: 6 files
[90mstdout[2m | src/components/PracticeDrill/CollaborativePresenceBar.stories.tsx[2m > [22m[2mAll Complete
[22m[39m[ChatContext] AssistantChat initialized with 1 chats
[90mstdout[2m | src/components/PracticeDrill/CollaborativePresenceBar.stories.tsx[2m > [22m[2mAll Complete
[22m[39m[ChatContext] Setting initial chat: mock-assistant-chat-1
[90mstdout[2m | src/components/PracticeDrill/CollaborativePresenceBar.stories.tsx[2m > [22m[2mAll Complete
[22m[39m[MOCK CourseVectorStore] Initialized with mock data
[90mstdout[2m | src/components/PracticeDrill/CollaborativePresenceBar.stories.tsx[2m > [22m[2mAll Complete
[22m[39m[FilesContext] Vector store population triggered {
  "currentVectorStoreSize": 3,
  "documentsCount": 0,
  "filesCount": 6,
  "isInitialLoad": true,
}
[90mstdout[2m | src/components/PracticeDrill/CollaborativePresenceBar.stories.tsx[2m > [22m[2mAll Complete
[22m[39m[FilesContext] Vector store population complete - 3 total embeddings
[90mstdout[2m | src/components/PracticeDrill/CollaborativePresenceBar.stories.tsx[2m > [22m[2mAll Complete
[22m[39m[ChatContext] Chat exists and not archived, skipping creation
[90mstdout[2m | src/components/PracticeDrill/CollaborativePresenceBar.stories.tsx[2m > [22m[2mAll Complete
[22m[39m[Mock Storage] downloadData called with: undefined
 [32m✓[39m [30m[45m storybook (chromium) [49m[39m src/components/PracticeDrill/CollaborativePresenceBar.stories.tsx [2m([22m[2m5 tests[22m[2m)[22m[33m 826[2mms[22m[39m
[90mstdout[2m | unknown test
[22m[39m[MOCK vectorStoreDB.js] Module loaded - mock IndexedDB operations
[90mstdout[2m | unknown test
[22m[39m[Task Completion] DOM action listeners initialized
[90mstdout[2m | unknown test
[22m[39m[Task Completion] Auto-completion detector initialized
[90mstdout[2m | unknown test
[22m[39m[Preview] Task completion detector initialized
[90mstdout[2m | src/components/Editor3/plugins/BlockSuggestionPlugin.stories.jsx[2m > [22m[2mEmpty Editor
[22m[39m[Preview] Skipped initializing default mock data (initializeMockData=false)
[90mstdout[2m | src/components/Editor3/plugins/BlockSuggestionPlugin.stories.jsx[2m > [22m[2mEmpty Editor
[22m[39m[Mock Data] seedMockUnit: Adding unit block-suggestion-story-unit
[90mstdout[2m | src/components/Editor3/plugins/BlockSuggestionPlugin.stories.jsx[2m > [22m[2mEmpty Editor
[22m[39m[MOCK CourseVectorStore] Initialized with mock data
[90mstdout[2m | src/components/Editor3/plugins/BlockSuggestionPlugin.stories.jsx[2m > [22m[2mEmpty Editor
[22m[39m[TranslationModeController] Setting mode to: off
[90mstdout[2m | src/components/Editor3/plugins/BlockSuggestionPlugin.stories.jsx[2m > [22m[2mEmpty Editor
[22m[39m[UnitContext] useEffect triggered {
  "authLoading": false,
  "hasUser": true,
  "id": "block-suggestion-story-unit",
  "userSub": "mock-user-sub",
}
[90mstdout[2m | src/components/Editor3/plugins/BlockSuggestionPlugin.stories.jsx[2m > [22m[2mEmpty Editor
[22m[39m[UnitContext] Fetching unit data for id: block-suggestion-story-unit
[90mstdout[2m | src/components/Editor3/plugins/BlockSuggestionPlugin.stories.jsx[2m > [22m[2mEmpty Editor
[22m[39m[FilesContext] Initializing vector store from IndexedDB
[90mstdout[2m | src/components/Editor3/plugins/BlockSuggestionPlugin.stories.jsx[2m > [22m[2mEmpty Editor
[22m[39m[FilesContext] fetchFiles called
[90mstdout[2m | src/components/Editor3/plugins/BlockSuggestionPlugin.stories.jsx[2m > [22m[2mEmpty Editor
[22m[39m[FilesContext] User authenticated: mock-user-sub
[90mstdout[2m | src/components/Editor3/plugins/BlockSuggestionPlugin.stories.jsx[2m > [22m[2mEmpty Editor
[22m[39m[FilesContext] Identity ID: us-east-1:mock-identity-123
[90mstdout[2m | src/components/Editor3/plugins/BlockSuggestionPlugin.stories.jsx[2m > [22m[2mEmpty Editor
[22m[39m[FilesContext] About to set up File observeQuery
[90mstdout[2m | src/components/Editor3/plugins/BlockSuggestionPlugin.stories.jsx[2m > [22m[2mEmpty Editor
[22m[39m[ChatContext] Setting up AssistantChat observeQuery
[90mstdout[2m | src/components/Editor3/plugins/BlockSuggestionPlugin.stories.jsx[2m > [22m[2mEmpty Editor
[22m[39m[ChatContext] Waiting for subscription to initialize
[90mstdout[2m | src/components/Editor3/plugins/BlockSuggestionPlugin.stories.jsx[2m > [22m[2mEmpty Editor
[22m[39m[SettingsContext] Setting up Settings subscription for user: mock-user-sub
[90mstdout[2m | src/components/Editor3/plugins/BlockSuggestionPlugin.stories.jsx[2m > [22m[2mEmpty Editor
[22m[39m[Mock Data] Settings created: mock-settings-1790418939782 - notified 0 subscribers
[90mstdout[2m | src/components/Editor3/plugins/BlockSuggestionPlugin.stories.jsx[2m > [22m[2mEmpty Editor
[22m[39m[Mock Data] Unit.onUpdate() subscription added. Total: 1
[90mstdout[2m | src/components/Editor3/plugins/BlockSuggestionPlugin.stories.jsx[2m > [22m[2mEmpty Editor
[22m[39m[SectionContext] Section observeQuery update: 0
[90mstdout[2m | src/components/Editor3/plugins/BlockSuggestionPlugin.stories.jsx[2m > [22m[2mEmpty Editor
[22m[39m[FilesContext] File observeQuery update: 0 files
[90mstdout[2m | src/components/Editor3/plugins/BlockSuggestionPlugin.stories.jsx[2m > [22m[2mEmpty Editor
[22m[39m[ChatContext] AssistantChat initialized with 0 chats
[90mstdout[2m | src/components/Editor3/plugins/BlockSuggestionPlugin.stories.jsx[2m > [22m[2mEmpty Editor
[22m[39m[MOCK CourseVectorStore] Initialized with mock data
[90mstdout[2m | src/components/Editor3/plugins/BlockSuggestionPlugin.stories.jsx[2m > [22m[2mEmpty Editor
[22m[39m[ChatContext] No current chat available, will create one
[90mstdout[2m | src/components/Editor3/plugins/BlockSuggestionPlugin.stories.jsx[2m > [22m[2mEmpty Editor
[22m[39m[ChatContext] Creating AssistantChat with user: undefined
[90mstdout[2m | src/components/Editor3/plugins/BlockSuggestionPlugin.stories.jsx[2m > [22m[2mEmpty Editor
[22m[39m[Mock Data] AssistantChat created: mock-assistantchat-1790418939802 - notified 1 subscribers
[90mstdout[2m | src/components/Editor3/plugins/BlockSuggestionPlugin.stories.jsx[2m > [22m[2mEmpty Editor
[22m[39m[ChatContext] Create result: {
  "data": {
    "_version": 1,
    "archived": false,
    "chatFiles": [Function anonymous],
    "createdAt": "2026-09-26T10:35:39.803Z",
    "id": "mock-assistantchat-1790418939802",
    "model": "gpt-4",
    "updatedAt": "2026-09-26T10:35:39.803Z",
  },
  "errors": [],
  "hasData": true,
  "hasErrors": true,
}
[90mstdout[2m | src/components/Editor3/plugins/BlockSuggestionPlugin.stories.jsx[2m > [22m[2mEmpty Editor
[22m[39m[ChatContext] Created AssistantChat: mock-assistantchat-1790418939802 at: 2026-09-26T10:35:39.803Z
[90mstdout[2m | src/components/Editor3/plugins/BlockSuggestionPlugin.stories.jsx[2m > [22m[2mEmpty Editor
[22m[39m[Mock Storage] downloadData called with: undefined
[90mstdout[2m | src/components/Editor3/plugins/BlockSuggestionPlugin.stories.jsx[2m > [22m[2mEmpty Editor
[22m[39m[ChatContext] Setting initial chat: mock-assistantchat-1790418939802
[90mstdout[2m | src/components/Editor3/plugins/BlockSuggestionPlugin.stories.jsx[2m > [22m[2mEmpty Editor
[22m[39m[ChatContext] Chat exists and not archived, skipping creation
[90mstdout[2m | src/components/Editor3/plugins/BlockSuggestionPlugin.stories.jsx[2m > [22m[2mAfter Heading
[22m[39m[ChatContext] Cleaning up subscriptions
[90mstdout[2m | src/components/Editor3/plugins/BlockSuggestionPlugin.stories.jsx[2m > [22m[2mAfter Heading
[22m[39m[Mock Data] Unit.onUpdate() subscription removed. Remaining: 0
[90mstdout[2m | src/components/Editor3/plugins/BlockSuggestionPlugin.stories.jsx[2m > [22m[2mAfter Heading
[22m[39m[Preview] Skipped initializing default mock data (initializeMockData=false)
[90mstdout[2m | src/components/Editor3/plugins/BlockSuggestionPlugin.stories.jsx[2m > [22m[2mAfter Heading
[22m[39m[Mock Data] seedMockUnit: Adding unit block-suggestion-story-unit
[90mstdout[2m | src/components/Editor3/plugins/BlockSuggestionPlugin.stories.jsx[2m > [22m[2mAfter Heading
[22m[39m[MOCK CourseVectorStore] Initialized with mock data
[90mstdout[2m | src/components/Editor3/plugins/BlockSuggestionPlugin.stories.jsx[2m > [22m[2mAfter Heading
[22m[39m[TranslationModeController] Setting mode to: off
[90mstdout[2m | src/components/Editor3/plugins/BlockSuggestionPlugin.stories.jsx[2m > [22m[2mAfter Heading
[22m[39m[UnitContext] useEffect triggered {
  "authLoading": false,
  "hasUser": true,
  "id": "block-suggestion-story-unit",
  "userSub": "mock-user-sub",
}
[90mstdout[2m | src/components/Editor3/plugins/BlockSuggestionPlugin.stories.jsx[2m > [22m[2mAfter Heading
[22m[39m[UnitContext] Fetching unit data for id: block-suggestion-story-unit
[90mstdout[2m | src/components/Editor3/plugins/BlockSuggestionPlugin.stories.jsx[2m > [22m[2mAfter Heading
[22m[39m[FilesContext] Initializing vector store from IndexedDB
[90mstdout[2m | src/components/Editor3/plugins/BlockSuggestionPlugin.stories.jsx[2m > [22m[2mAfter Heading
[22m[39m[FilesContext] fetchFiles called
[90mstdout[2m | src/components/Editor3/plugins/BlockSuggestionPlugin.stories.jsx[2m > [22m[2mAfter Heading
[22m[39m[FilesContext] User authenticated: mock-user-sub
[90mstdout[2m | src/components/Editor3/plugins/BlockSuggestionPlugin.stories.jsx[2m > [22m[2mAfter Heading
[22m[39m[FilesContext] Identity ID: us-east-1:mock-identity-123
[90mstdout[2m | src/components/Editor3/plugins/BlockSuggestionPlugin.stories.jsx[2m > [22m[2mAfter Heading
[22m[39m[FilesContext] About to set up File observeQuery
[90mstdout[2m | src/components/Editor3/plugins/BlockSuggestionPlugin.stories.jsx[2m > [22m[2mAfter Heading
[22m[39m[ChatContext] Setting up AssistantChat observeQuery
[90mstdout[2m | src/components/Editor3/plugins/BlockSuggestionPlugin.stories.jsx[2m > [22m[2mAfter Heading
[22m[39m[ChatContext] Waiting for subscription to initialize
[90mstdout[2m | src/components/Editor3/plugins/BlockSuggestionPlugin.stories.jsx[2m > [22m[2mAfter Heading
[22m[39m[SettingsContext] Setting up Settings subscription for user: mock-user-sub
[90mstdout[2m | src/components/Editor3/plugins/BlockSuggestionPlugin.stories.jsx[2m > [22m[2mAfter Heading
[22m[39m[Mock Data] Settings created: mock-settings-1790418939993 - notified 0 subscribers
[90mstdout[2m | src/components/Editor3/plugins/BlockSuggestionPlugin.stories.jsx[2m > [22m[2mAfter Heading
[22m[39m[Mock Data] Unit.onUpdate() subscription added. Total: 1
[90mstdout[2m | src/components/Editor3/plugins/BlockSuggestionPlugin.stories.jsx[2m > [22m[2mAfter Heading
[22m[39m[SectionContext] Section observeQuery update: 0
[90mstdout[2m | src/components/Editor3/plugins/BlockSuggestionPlugin.stories.jsx[2m > [22m[2mAfter Heading
[22m[39m[FilesContext] File observeQuery update: 0 files
[90mstdout[2m | src/components/Editor3/plugins/BlockSuggestionPlugin.stories.jsx[2m > [22m[2mAfter Heading
[22m[39m[ChatContext] AssistantChat initialized with 0 chats
[90mstdout[2m | src/components/Editor3/plugins/BlockSuggestionPlugin.stories.jsx[2m > [22m[2mAfter Heading
[22m[39m[Mock Storage] downloadData called with: undefined
[90mstdout[2m | src/components/Editor3/plugins/BlockSuggestionPlugin.stories.jsx[2m > [22m[2mAfter Heading
[22m[39m[MOCK CourseVectorStore] Initialized with mock data
[90mstdout[2m | src/components/Editor3/plugins/BlockSuggestionPlugin.stories.jsx[2m > [22m[2mAfter Heading
[22m[39m[ChatContext] No current chat available, will create one
[90mstdout[2m | src/components/Editor3/plugins/BlockSuggestionPlugin.stories.jsx[2m > [22m[2mAfter Heading
[22m[39m[ChatContext] Creating AssistantChat with user: undefined
[90mstdout[2m | src/components/Editor3/plugins/BlockSuggestionPlugin.stories.jsx[2m > [22m[2mAfter Heading
[22m[39m[Mock Data] AssistantChat created: mock-assistantchat-1790418940011 - notified 1 subscribers
[90mstdout[2m | src/components/Editor3/plugins/BlockSuggestionPlugin.stories.jsx[2m > [22m[2mAfter Heading
[22m[39m[ChatContext] Create result: {
  "data": {
    "_version": 1,
    "archived": false,
    "chatFiles": [Function anonymous],
    "createdAt": "2026-09-26T10:35:40.011Z",
    "id": "mock-assistantchat-1790418940011",
    "model": "gpt-4",
    "updatedAt": "2026-09-26T10:35:40.011Z",
  },
  "errors": [],
  "hasData": true,
  "hasErrors": true,
}
[90mstdout[2m | src/components/Editor3/plugins/BlockSuggestionPlugin.stories.jsx[2m > [22m[2mAfter Heading
[22m[39m[ChatContext] Created AssistantChat: mock-assistantchat-1790418940011 at: 2026-09-26T10:35:40.011Z
[90mstdout[2m | src/components/Editor3/plugins/BlockSuggestionPlugin.stories.jsx[2m > [22m[2mAfter Heading
[22m[39m[ChatContext] Setting initial chat: mock-assistantchat-1790418940011
[90mstdout[2m | src/components/Editor3/plugins/BlockSuggestionPlugin.stories.jsx[2m > [22m[2mAfter Heading
[22m[39m[ChatContext] Chat exists and not archived, skipping creation
[90mstdout[2m | src/components/Editor3/plugins/BlockSuggestionPlugin.stories.jsx[2m > [22m[2mAfter Explanation
[22m[39m[ChatContext] Cleaning up subscriptions
[90mstdout[2m | src/components/Editor3/plugins/BlockSuggestionPlugin.stories.jsx[2m > [22m[2mAfter Explanation
[22m[39m[Mock Data] Unit.onUpdate() subscription removed. Remaining: 0
[90mstdout[2m | src/components/Editor3/plugins/BlockSuggestionPlugin.stories.jsx[2m > [22m[2mAfter Explanation
[22m[39m[Preview] Skipped initializing default mock data (initializeMockData=false)
[90mstdout[2m | src/components/Editor3/plugins/BlockSuggestionPlugin.stories.jsx[2m > [22m[2mAfter Explanation
[22m[39m[Mock Data] seedMockUnit: Adding unit block-suggestion-story-unit
[90mstdout[2m | src/components/Editor3/plugins/BlockSuggestionPlugin.stories.jsx[2m > [22m[2mAfter Explanation
[22m[39m[MOCK CourseVectorStore] Initialized with mock data
[90mstdout[2m | src/components/Editor3/plugins/BlockSuggestionPlugin.stories.jsx[2m > [22m[2mAfter Explanation
[22m[39m[TranslationModeController] Setting mode to: off
[90mstdout[2m | src/components/Editor3/plugins/BlockSuggestionPlugin.stories.jsx[2m > [22m[2mAfter Explanation
[22m[39m[UnitContext] useEffect triggered {
  "authLoading": false,
  "hasUser": true,
  "id": "block-suggestion-story-unit",
  "userSub": "mock-user-sub",
}
[90mstdout[2m | src/components/Editor3/plugins/BlockSuggestionPlugin.stories.jsx[2m > [22m[2mAfter Explanation
[22m[39m[UnitContext] Fetching unit data for id: block-suggestion-story-unit
[90mstdout[2m | src/components/Editor3/plugins/BlockSuggestionPlugin.stories.jsx[2m > [22m[2mAfter Explanation
[22m[39m[FilesContext] Initializing vector store from IndexedDB
[90mstdout[2m | src/components/Editor3/plugins/BlockSuggestionPlugin.stories.jsx[2m > [22m[2mAfter Explanation
[22m[39m[FilesContext] fetchFiles called
[90mstdout[2m | src/components/Editor3/plugins/BlockSuggestionPlugin.stories.jsx[2m > [22m[2mAfter Explanation
[22m[39m[FilesContext] User authenticated: mock-user-sub
[90mstdout[2m | src/components/Editor3/plugins/BlockSuggestionPlugin.stories.jsx[2m > [22m[2mAfter Explanation
[22m[39m[FilesContext] Identity ID: us-east-1:mock-identity-123
[90mstdout[2m | src/components/Editor3/plugins/BlockSuggestionPlugin.stories.jsx[2m > [22m[2mAfter Explanation
[22m[39m[FilesContext] About to set up File observeQuery
[90mstdout[2m | src/components/Editor3/plugins/BlockSuggestionPlugin.stories.jsx[2m > [22m[2mAfter Explanation
[22m[39m[ChatContext] Setting up AssistantChat observeQuery
[90mstdout[2m | src/components/Editor3/plugins/BlockSuggestionPlugin.stories.jsx[2m > [22m[2mAfter Explanation
[22m[39m[ChatContext] Waiting for subscription to initialize
[90mstdout[2m | src/components/Editor3/plugins/BlockSuggestionPlugin.stories.jsx[2m > [22m[2mAfter Explanation
[22m[39m[SettingsContext] Setting up Settings subscription for user: mock-user-sub
[90mstdout[2m | src/components/Editor3/plugins/BlockSuggestionPlugin.stories.jsx[2m > [22m[2mAfter Explanation
[22m[39m[Mock Data] Settings created: mock-settings-1790418940383 - notified 0 subscribers
[90mstdout[2m | src/components/Editor3/plugins/BlockSuggestionPlugin.stories.jsx[2m > [22m[2mAfter Explanation
[22m[39m[Mock Data] Unit.onUpdate() subscription added. Total: 1
[90mstdout[2m | src/components/Editor3/plugins/BlockSuggestionPlugin.stories.jsx[2m > [22m[2mAfter Explanation
[22m[39m[SectionContext] Section observeQuery update: 0
[90mstdout[2m | src/components/Editor3/plugins/BlockSuggestionPlugin.stories.jsx[2m > [22m[2mAfter Explanation
[22m[39m[FilesContext] File observeQuery update: 0 files
[90mstdout[2m | src/components/Editor3/plugins/BlockSuggestionPlugin.stories.jsx[2m > [22m[2mAfter Explanation
[22m[39m[ChatContext] AssistantChat initialized with 0 chats
[90mstdout[2m | src/components/Editor3/plugins/BlockSuggestionPlugin.stories.jsx[2m > [22m[2mAfter Explanation
[22m[39m[MOCK CourseVectorStore] Initialized with mock data
[90mstdout[2m | src/components/Editor3/plugins/BlockSuggestionPlugin.stories.jsx[2m > [22m[2mAfter Explanation
[22m[39m[ChatContext] No current chat available, will create one
[90mstdout[2m | src/components/Editor3/plugins/BlockSuggestionPlugin.stories.jsx[2m > [22m[2mAfter Explanation
[22m[39m[ChatContext] Creating AssistantChat with user: undefined
[90mstdout[2m | src/components/Editor3/plugins/BlockSuggestionPlugin.stories.jsx[2m > [22m[2mAfter Explanation
[22m[39m[Mock Data] AssistantChat created: mock-assistantchat-1790418940441 - notified 1 subscribers
[90mstdout[2m | src/components/Editor3/plugins/BlockSuggestionPlugin.stories.jsx[2m > [22m[2mAfter Explanation
[22m[39m[ChatContext] Create result: {
  "data": {
    "_version": 1,
    "archived": false,
    "chatFiles": [Function anonymous],
    "createdAt": "2026-09-26T10:35:40.441Z",
    "id": "mock-assistantchat-1790418940441",
    "model": "gpt-4",
    "updatedAt": "2026-09-26T10:35:40.441Z",
  },
  "errors": [],
  "hasData": true,
  "hasErrors": true,
}
[90mstdout[2m | src/components/Editor3/plugins/BlockSuggestionPlugin.stories.jsx[2m > [22m[2mAfter Explanation
[22m[39m[ChatContext] Created AssistantChat: mock-assistantchat-1790418940441 at: 2026-09-26T10:35:40.441Z
[90mstdout[2m | src/components/Editor3/plugins/BlockSuggestionPlugin.stories.jsx[2m > [22m[2mAfter Explanation
[22m[39m[Mock Storage] downloadData called with: undefined
[90mstdout[2m | src/components/Editor3/plugins/BlockSuggestionPlugin.stories.jsx[2m > [22m[2mAfter Explanation
[22m[39m[ChatContext] Setting initial chat: mock-assistantchat-1790418940441
[90mstdout[2m | src/components/Editor3/plugins/BlockSuggestionPlugin.stories.jsx[2m > [22m[2mAfter Explanation
[22m[39m[ChatContext] Chat exists and not archived, skipping creation
[90mstdout[2m | src/components/Editor3/plugins/BlockSuggestionPlugin.stories.jsx[2m > [22m[2mAfter Quiz
[22m[39m[ChatContext] Cleaning up subscriptions
[90mstdout[2m | src/components/Editor3/plugins/BlockSuggestionPlugin.stories.jsx[2m > [22m[2mAfter Quiz
[22m[39m[Mock Data] Unit.onUpdate() subscription removed. Remaining: 0
[90mstdout[2m | src/components/Editor3/plugins/BlockSuggestionPlugin.stories.jsx[2m > [22m[2mAfter Quiz
[22m[39m[Preview] Skipped initializing default mock data (initializeMockData=false)
[90mstdout[2m | src/components/Editor3/plugins/BlockSuggestionPlugin.stories.jsx[2m > [22m[2mAfter Quiz
[22m[39m[Mock Data] seedMockUnit: Adding unit block-suggestion-story-unit
[90mstdout[2m | src/components/Editor3/plugins/BlockSuggestionPlugin.stories.jsx[2m > [22m[2mAfter Quiz
[22m[39m[MOCK CourseVectorStore] Initialized with mock data
[90mstdout[2m | src/components/Editor3/plugins/BlockSuggestionPlugin.stories.jsx[2m > [22m[2mAfter Quiz
[22m[39m[TranslationModeController] Setting mode to: off
[90mstdout[2m | src/components/Editor3/plugins/BlockSuggestionPlugin.stories.jsx[2m > [22m[2mAfter Quiz
[22m[39m[UnitContext] useEffect triggered {
  "authLoading": false,
  "hasUser": true,
  "id": "block-suggestion-story-unit",
  "userSub": "mock-user-sub",
}
[90mstdout[2m | src/components/Editor3/plugins/BlockSuggestionPlugin.stories.jsx[2m > [22m[2mAfter Quiz
[22m[39m[UnitContext] Fetching unit data for id: block-suggestion-story-unit
[90mstdout[2m | src/components/Editor3/plugins/BlockSuggestionPlugin.stories.jsx[2m > [22m[2mAfter Quiz
[22m[39m[FilesContext] Initializing vector store from IndexedDB
[90mstdout[2m | src/components/Editor3/plugins/BlockSuggestionPlugin.stories.jsx[2m > [22m[2mAfter Quiz
[22m[39m[FilesContext] fetchFiles called
[90mstdout[2m | src/components/Editor3/plugins/BlockSuggestionPlugin.stories.jsx[2m > [22m[2mAfter Quiz
[22m[39m[FilesContext] User authenticated: mock-user-sub
[90mstdout[2m | src/components/Editor3/plugins/BlockSuggestionPlugin.stories.jsx[2m > [22m[2mAfter Quiz
[22m[39m[FilesContext] Identity ID: us-east-1:mock-identity-123
[90mstdout[2m | src/components/Editor3/plugins/BlockSuggestionPlugin.stories.jsx[2m > [22m[2mAfter Quiz
[22m[39m[FilesContext] About to set up File observeQuery
[90mstdout[2m | src/components/Editor3/plugins/BlockSuggestionPlugin.stories.jsx[2m > [22m[2mAfter Quiz
[22m[39m[ChatContext] Setting up AssistantChat observeQuery
[90mstdout[2m | src/components/Editor3/plugins/BlockSuggestionPlugin.stories.jsx[2m > [22m[2mAfter Quiz
[22m[39m[ChatContext] Waiting for subscription to initialize
[90mstdout[2m | src/components/Editor3/plugins/BlockSuggestionPlugin.stories.jsx[2m > [22m[2mAfter Quiz
[22m[39m[SettingsContext] Setting up Settings subscription for user: mock-user-sub
[90mstdout[2m | src/components/Editor3/plugins/BlockSuggestionPlugin.stories.jsx[2m > [22m[2mAfter Quiz
[22m[39m[Mock Data] Settings created: mock-settings-1790418940605 - notified 0 subscribers
[90mstdout[2m | src/components/Editor3/plugins/BlockSuggestionPlugin.stories.jsx[2m > [22m[2mAfter Quiz
[22m[39m[Mock Data] Unit.onUpdate() subscription added. Total: 1
[90mstdout[2m | src/components/Editor3/plugins/BlockSuggestionPlugin.stories.jsx[2m > [22m[2mAfter Quiz
[22m[39m[SectionContext] Section observeQuery update: 0
[90mstdout[2m | src/components/Editor3/plugins/BlockSuggestionPlugin.stories.jsx[2m > [22m[2mAfter Quiz
[22m[39m[FilesContext] File observeQuery update: 0 files
[90mstdout[2m | src/components/Editor3/plugins/BlockSuggestionPlugin.stories.jsx[2m > [22m[2mAfter Quiz
[22m[39m[ChatContext] AssistantChat initialized with 0 chats
[90mstdout[2m | src/components/Editor3/plugins/BlockSuggestionPlugin.stories.jsx[2m > [22m[2mAfter Quiz
[22m[39m[MOCK CourseVectorStore] Initialized with mock data
[90mstdout[2m | src/components/Editor3/plugins/BlockSuggestionPlugin.stories.jsx[2m > [22m[2mAfter Quiz
[22m[39m[ChatContext] No current chat available, will create one
[90mstdout[2m | src/components/Editor3/plugins/BlockSuggestionPlugin.stories.jsx[2m > [22m[2mAfter Quiz
[22m[39m[ChatContext] Creating AssistantChat with user: undefined
[90mstdout[2m | src/components/Editor3/plugins/BlockSuggestionPlugin.stories.jsx[2m > [22m[2mAfter Quiz
[22m[39m[Mock Data] AssistantChat created: mock-assistantchat-1790418940649 - notified 1 subscribers
[90mstdout[2m | src/components/Editor3/plugins/BlockSuggestionPlugin.stories.jsx[2m > [22m[2mAfter Quiz
[22m[39m[ChatContext] Create result: {
  "data": {
    "_version": 1,
    "archived": false,
    "chatFiles": [Function anonymous],
    "createdAt": "2026-09-26T10:35:40.649Z",
    "id": "mock-assistantchat-1790418940649",
    "model": "gpt-4",
    "updatedAt": "2026-09-26T10:35:40.649Z",
  },
  "errors": [],
  "hasData": true,
  "hasErrors": true,
}
[90mstdout[2m | src/components/Editor3/plugins/BlockSuggestionPlugin.stories.jsx[2m > [22m[2mAfter Quiz
[22m[39m[ChatContext] Created AssistantChat: mock-assistantchat-1790418940649 at: 2026-09-26T10:35:40.649Z
[90mstdout[2m | src/components/Editor3/plugins/BlockSuggestionPlugin.stories.jsx[2m > [22m[2mAfter Quiz
[22m[39m[Mock Storage] downloadData called with: undefined
[90mstdout[2m | src/components/Editor3/plugins/BlockSuggestionPlugin.stories.jsx[2m > [22m[2mAfter Quiz
[22m[39m[ChatContext] Setting initial chat: mock-assistantchat-1790418940649
[90mstdout[2m | src/components/Editor3/plugins/BlockSuggestionPlugin.stories.jsx[2m > [22m[2mAfter Quiz
[22m[39m[ChatContext] Chat exists and not archived, skipping creation
 [32m✓[39m [30m[45m storybook (chromium) [49m[39m src/components/Editor3/plugins/BlockSuggestionPlugin.stories.jsx [2m([22m[2m4 tests[22m[2m)[22m[33m 1083[2mms[22m[39m
   [33m[2m✓[22m[39m After Explanation [33m 416[2mms[22m[39m
[90mstdout[2m | unknown test
[22m[39m[MOCK vectorStoreDB.js] Module loaded - mock IndexedDB operations
[90mstdout[2m | unknown test
[22m[39m[Task Completion] DOM action listeners initialized
[90mstdout[2m | unknown test
[22m[39m[Task Completion] Auto-completion detector initialized
[90mstdout[2m | unknown test
[22m[39m[Preview] Task completion detector initialized
[90mstdout[2m | src/components/Gamification/BossBattleProgress.stories.tsx[2m > [22m[2mHalf Progress
[22m[39m[TranslationModeController] Setting mode to: off
[90mstdout[2m | src/components/Gamification/BossBattleProgress.stories.tsx[2m > [22m[2mNearly Complete
[22m[39m[TranslationModeController] Setting mode to: off
[90mstdout[2m | src/components/Gamification/BossBattleProgress.stories.tsx[2m > [22m[2mCompleted
[22m[39m[TranslationModeController] Setting mode to: off
[90mstdout[2m | src/components/Gamification/BossBattleProgress.stories.tsx[2m > [22m[2mExpired
[22m[39m[TranslationModeController] Setting mode to: off
[90mstdout[2m | src/components/Gamification/BossBattleProgress.stories.tsx[2m > [22m[2mInactive
[22m[39m[TranslationModeController] Setting mode to: off
[90mstdout[2m | src/components/Gamification/BossBattleProgress.stories.tsx[2m > [22m[2mMinimal
[22m[39m[TranslationModeController] Setting mode to: off
[90mstdout[2m | src/components/Gamification/BossBattleProgress.stories.tsx[2m > [22m[2mToggle Active
[22m[39m[TranslationModeController] Setting mode to: off
[90mstdout[2m | src/components/Gamification/BossBattleProgress.stories.tsx[2m > [22m[2mDelete Battle
[22m[39m[TranslationModeController] Setting mode to: off
 [32m✓[39m [30m[45m storybook (chromium) [49m[39m src/components/Gamification/BossBattleProgress.stories.tsx [2m([22m[2m8 tests[22m[2m)[22m[33m 815[2mms[22m[39m
[90mstdout[2m | unknown test
[22m[39m[MOCK vectorStoreDB.js] Module loaded - mock IndexedDB operations
[90mstdout[2m | unknown test
[22m[39m[Task Completion] DOM action listeners initialized
[90mstdout[2m | unknown test
[22m[39m[Task Completion] Auto-completion detector initialized
[90mstdout[2m | unknown test
[22m[39m[Preview] Task completion detector initialized
[90mstdout[2m | src/components/Gamification/RedemptionConditionForm.stories.tsx[2m > [22m[2mEmpty
[22m[39m[TranslationModeController] Setting mode to: off
[90mstdout[2m | src/components/Gamification/RedemptionConditionForm.stories.tsx[2m > [22m[2mPrefilled
[22m[39m[TranslationModeController] Setting mode to: off
[90mstdout[2m | src/components/Gamification/RedemptionConditionForm.stories.tsx[2m > [22m[2mDisabled
[22m[39m[TranslationModeController] Setting mode to: off
 [32m✓[39m [30m[45m storybook (chromium) [49m[39m src/components/Gamification/RedemptionConditionForm.stories.tsx [2m([22m[2m3 tests[22m[2m)[22m[33m 729[2mms[22m[39m
   [33m[2m✓[22m[39m Empty [33m 386[2mms[22m[39m
[90mstdout[2m | unknown test
[22m[39m[MOCK vectorStoreDB.js] Module loaded - mock IndexedDB operations
[90mstdout[2m | unknown test
[22m[39m[Task Completion] DOM action listeners initialized
[90mstdout[2m | unknown test
[22m[39m[Task Completion] Auto-completion detector initialized
[90mstdout[2m | unknown test
[22m[39m[Preview] Task completion detector initialized
[90mstdout[2m | src/components/Gamification/SquadMessagePanel.stories.tsx[2m > [22m[2mDefault
[22m[39m[TranslationModeController] Setting mode to: off
[90mstdout[2m | src/components/Gamification/SquadMessagePanel.stories.tsx[2m > [22m[2mTwo Squads
[22m[39m[TranslationModeController] Setting mode to: off
[90mstdout[2m | src/components/Gamification/SquadMessagePanel.stories.tsx[2m > [22m[2mSubmitting
[22m[39m[TranslationModeController] Setting mode to: off
 [32m✓[39m [30m[45m storybook (chromium) [49m[39m src/components/Gamification/SquadMessagePanel.stories.tsx [2m([22m[2m3 tests[22m[2m)[22m[33m 601[2mms[22m[39m
[90mstdout[2m | unknown test
[22m[39m[MOCK vectorStoreDB.js] Module loaded - mock IndexedDB operations
[90mstdout[2m | unknown test
[22m[39m[Task Completion] DOM action listeners initialized
[90mstdout[2m | unknown test
[22m[39m[Task Completion] Auto-completion detector initialized
[90mstdout[2m | unknown test
[22m[39m[Preview] Task completion detector initialized
[90mstdout[2m | src/components/Gamification/AvatarGlowRing.stories.tsx[2m > [22m[2mDefault
[22m[39m[TranslationModeController] Setting mode to: off
[90mstdout[2m | src/components/Gamification/AvatarGlowRing.stories.tsx[2m > [22m[2mColor Presets
[22m[39m[TranslationModeController] Setting mode to: off
[90mstdout[2m | src/components/Gamification/AvatarGlowRing.stories.tsx[2m > [22m[2mFast Rotation
[22m[39m[TranslationModeController] Setting mode to: off
[90mstdout[2m | src/components/Gamification/AvatarGlowRing.stories.tsx[2m > [22m[2mThick Ring
[22m[39m[TranslationModeController] Setting mode to: off
[90mstdout[2m | src/components/Gamification/AvatarGlowRing.stories.tsx[2m > [22m[2mExpired (No Ring)
[22m[39m[TranslationModeController] Setting mode to: off
[90mstdout[2m | src/components/Gamification/AvatarGlowRing.stories.tsx[2m > [22m[2mInactive
[22m[39m[TranslationModeController] Setting mode to: off
[90mstdout[2m | src/components/Gamification/AvatarGlowRing.stories.tsx[2m > [22m[2mSmall (Toolbar Size)
[22m[39m[TranslationModeController] Setting mode to: off
[90mstdout[2m | src/components/Gamification/AvatarGlowRing.stories.tsx[2m > [22m[2mVia DiceBearAvatar glowRing prop
[22m[39m[TranslationModeController] Setting mode to: off
 [32m✓[39m [30m[45m storybook (chromium) [49m[39m src/components/Gamification/AvatarGlowRing.stories.tsx [2m([22m[2m8 tests[22m[2m)[22m[33m 599[2mms[22m[39m
[90mstdout[2m | unknown test
[22m[39m[MOCK vectorStoreDB.js] Module loaded - mock IndexedDB operations
[90mstdout[2m | unknown test
[22m[39m[Task Completion] DOM action listeners initialized
[90mstdout[2m | unknown test
[22m[39m[Task Completion] Auto-completion detector initialized
[90mstdout[2m | unknown test
[22m[39m[Preview] Task completion detector initialized
[90mstdout[2m | src/components/PracticeDrill/PracticeDrillProgress.stories.tsx[2m > [22m[2mDefault
[22m[39m[MOCK CourseVectorStore] Initialized with mock data
[90mstdout[2m | src/components/PracticeDrill/PracticeDrillProgress.stories.tsx[2m > [22m[2mDefault
[22m[39m[TranslationModeController] Setting mode to: off
[90mstdout[2m | src/components/PracticeDrill/PracticeDrillProgress.stories.tsx[2m > [22m[2mDefault
[22m[39m[UnitContext] useEffect triggered {
  "authLoading": false,
  "hasUser": true,
  "id": "mock-unit-id",
  "userSub": "mock-user-sub",
}
[90mstdout[2m | src/components/PracticeDrill/PracticeDrillProgress.stories.tsx[2m > [22m[2mDefault
[22m[39m[UnitContext] Fetching unit data for id: mock-unit-id
[90mstdout[2m | src/components/PracticeDrill/PracticeDrillProgress.stories.tsx[2m > [22m[2mDefault
[22m[39m[FilesContext] Initializing vector store from IndexedDB
[90mstdout[2m | src/components/PracticeDrill/PracticeDrillProgress.stories.tsx[2m > [22m[2mDefault
[22m[39m[FilesContext] fetchFiles called
[90mstdout[2m | src/components/PracticeDrill/PracticeDrillProgress.stories.tsx[2m > [22m[2mDefault
[22m[39m[FilesContext] User authenticated: mock-user-sub
[90mstdout[2m | src/components/PracticeDrill/PracticeDrillProgress.stories.tsx[2m > [22m[2mDefault
[22m[39m[FilesContext] Identity ID: us-east-1:mock-identity-123
[90mstdout[2m | src/components/PracticeDrill/PracticeDrillProgress.stories.tsx[2m > [22m[2mDefault
[22m[39m[FilesContext] About to set up File observeQuery
[90mstdout[2m | src/components/PracticeDrill/PracticeDrillProgress.stories.tsx[2m > [22m[2mDefault
[22m[39m[ChatContext] Setting up AssistantChat observeQuery
[90mstdout[2m | src/components/PracticeDrill/PracticeDrillProgress.stories.tsx[2m > [22m[2mDefault
[22m[39m[ChatContext] Waiting for subscription to initialize
[90mstdout[2m | src/components/PracticeDrill/PracticeDrillProgress.stories.tsx[2m > [22m[2mDefault
[22m[39m[SettingsContext] Setting up Settings subscription for user: mock-user-sub
[90mstdout[2m | src/components/PracticeDrill/PracticeDrillProgress.stories.tsx[2m > [22m[2mDefault
[22m[39m[Mock Data] Settings created: mock-settings-1790418946348 - notified 0 subscribers
[90mstdout[2m | src/components/PracticeDrill/PracticeDrillProgress.stories.tsx[2m > [22m[2mDefault
[22m[39m[Mock Data] Unit.onUpdate() subscription added. Total: 1
[90mstdout[2m | src/components/PracticeDrill/PracticeDrillProgress.stories.tsx[2m > [22m[2mDefault
[22m[39m[SectionContext] Section observeQuery update: 0
[90mstdout[2m | src/components/PracticeDrill/PracticeDrillProgress.stories.tsx[2m > [22m[2mDefault
[22m[39m[FilesContext] File observeQuery update: 6 files
[90mstdout[2m | src/components/PracticeDrill/PracticeDrillProgress.stories.tsx[2m > [22m[2mDefault
[22m[39m[ChatContext] AssistantChat initialized with 1 chats
[90mstdout[2m | src/components/PracticeDrill/PracticeDrillProgress.stories.tsx[2m > [22m[2mDefault
[22m[39m[ChatContext] Setting initial chat: mock-assistant-chat-1
[90mstdout[2m | src/components/PracticeDrill/PracticeDrillProgress.stories.tsx[2m > [22m[2mDefault
[22m[39m[MOCK CourseVectorStore] Initialized with mock data
[90mstdout[2m | src/components/PracticeDrill/PracticeDrillProgress.stories.tsx[2m > [22m[2mDefault
[22m[39m[FilesContext] Vector store population triggered {
  "currentVectorStoreSize": 3,
  "documentsCount": 0,
  "filesCount": 6,
  "isInitialLoad": true,
}
[90mstdout[2m | src/components/PracticeDrill/PracticeDrillProgress.stories.tsx[2m > [22m[2mDefault
[22m[39m[FilesContext] Vector store population complete - 3 total embeddings
[90mstdout[2m | src/components/PracticeDrill/PracticeDrillProgress.stories.tsx[2m > [22m[2mDefault
[22m[39m[ChatContext] Chat exists and not archived, skipping creation
[90mstdout[2m | src/components/PracticeDrill/PracticeDrillProgress.stories.tsx[2m > [22m[2mDefault
[22m[39m[Mock Storage] downloadData called with: undefined
[90mstdout[2m | src/components/PracticeDrill/PracticeDrillProgress.stories.tsx[2m > [22m[2mHalf Complete
[22m[39m[ChatContext] Cleaning up subscriptions
[90mstdout[2m | src/components/PracticeDrill/PracticeDrillProgress.stories.tsx[2m > [22m[2mHalf Complete
[22m[39m[Mock Data] Unit.onUpdate() subscription removed. Remaining: 0
[90mstdout[2m | src/components/PracticeDrill/PracticeDrillProgress.stories.tsx[2m > [22m[2mHalf Complete
[22m[39m[MOCK CourseVectorStore] Initialized with mock data
[90mstdout[2m | src/components/PracticeDrill/PracticeDrillProgress.stories.tsx[2m > [22m[2mHalf Complete
[22m[39m[TranslationModeController] Setting mode to: off
[90mstdout[2m | src/components/PracticeDrill/PracticeDrillProgress.stories.tsx[2m > [22m[2mHalf Complete
[22m[39m[UnitContext] useEffect triggered {
  "authLoading": false,
  "hasUser": true,
  "id": "mock-unit-id",
  "userSub": "mock-user-sub",
}
[90mstdout[2m | src/components/PracticeDrill/PracticeDrillProgress.stories.tsx[2m > [22m[2mHalf Complete
[22m[39m[UnitContext] Fetching unit data for id: mock-unit-id
[90mstdout[2m | src/components/PracticeDrill/PracticeDrillProgress.stories.tsx[2m > [22m[2mHalf Complete
[22m[39m[FilesContext] Initializing vector store from IndexedDB
[90mstdout[2m | src/components/PracticeDrill/PracticeDrillProgress.stories.tsx[2m > [22m[2mHalf Complete
[22m[39m[FilesContext] fetchFiles called
[90mstdout[2m | src/components/PracticeDrill/PracticeDrillProgress.stories.tsx[2m > [22m[2mHalf Complete
[22m[39m[FilesContext] User authenticated: mock-user-sub
[90mstdout[2m | src/components/PracticeDrill/PracticeDrillProgress.stories.tsx[2m > [22m[2mHalf Complete
[22m[39m[FilesContext] Identity ID: us-east-1:mock-identity-123
[90mstdout[2m | src/components/PracticeDrill/PracticeDrillProgress.stories.tsx[2m > [22m[2mHalf Complete
[22m[39m[FilesContext] About to set up File observeQuery
[90mstdout[2m | src/components/PracticeDrill/PracticeDrillProgress.stories.tsx[2m > [22m[2mHalf Complete
[22m[39m[ChatContext] Setting up AssistantChat observeQuery
[90mstdout[2m | src/components/PracticeDrill/PracticeDrillProgress.stories.tsx[2m > [22m[2mHalf Complete
[22m[39m[ChatContext] Waiting for subscription to initialize
[90mstdout[2m | src/components/PracticeDrill/PracticeDrillProgress.stories.tsx[2m > [22m[2mHalf Complete
[22m[39m[SettingsContext] Setting up Settings subscription for user: mock-user-sub
[90mstdout[2m | src/components/PracticeDrill/PracticeDrillProgress.stories.tsx[2m > [22m[2mHalf Complete
[22m[39m[Mock Data] Settings created: mock-settings-1790418946482 - notified 0 subscribers
[90mstdout[2m | src/components/PracticeDrill/PracticeDrillProgress.stories.tsx[2m > [22m[2mHalf Complete
[22m[39m[Mock Data] Unit.onUpdate() subscription added. Total: 1
[90mstdout[2m | src/components/PracticeDrill/PracticeDrillProgress.stories.tsx[2m > [22m[2mHalf Complete
[22m[39m[SectionContext] Section observeQuery update: 0
[90mstdout[2m | src/components/PracticeDrill/PracticeDrillProgress.stories.tsx[2m > [22m[2mHalf Complete
[22m[39m[FilesContext] File observeQuery update: 6 files
[90mstdout[2m | src/components/PracticeDrill/PracticeDrillProgress.stories.tsx[2m > [22m[2mHalf Complete
[22m[39m[ChatContext] AssistantChat initialized with 1 chats
[90mstdout[2m | src/components/PracticeDrill/PracticeDrillProgress.stories.tsx[2m > [22m[2mHalf Complete
[22m[39m[ChatContext] Setting initial chat: mock-assistant-chat-1
[90mstdout[2m | src/components/PracticeDrill/PracticeDrillProgress.stories.tsx[2m > [22m[2mHalf Complete
[22m[39m[MOCK CourseVectorStore] Initialized with mock data
[90mstdout[2m | src/components/PracticeDrill/PracticeDrillProgress.stories.tsx[2m > [22m[2mHalf Complete
[22m[39m[FilesContext] Vector store population triggered {
  "currentVectorStoreSize": 3,
  "documentsCount": 0,
  "filesCount": 6,
  "isInitialLoad": true,
}
[90mstdout[2m | src/components/PracticeDrill/PracticeDrillProgress.stories.tsx[2m > [22m[2mHalf Complete
[22m[39m[FilesContext] Vector store population complete - 3 total embeddings
[90mstdout[2m | src/components/PracticeDrill/PracticeDrillProgress.stories.tsx[2m > [22m[2mHalf Complete
[22m[39m[ChatContext] Chat exists and not archived, skipping creation
[90mstdout[2m | src/components/PracticeDrill/PracticeDrillProgress.stories.tsx[2m > [22m[2mHalf Complete
[22m[39m[Mock Storage] downloadData called with: undefined
[90mstdout[2m | src/components/PracticeDrill/PracticeDrillProgress.stories.tsx[2m > [22m[2mAll Complete
[22m[39m[ChatContext] Cleaning up subscriptions
[90mstdout[2m | src/components/PracticeDrill/PracticeDrillProgress.stories.tsx[2m > [22m[2mAll Complete
[22m[39m[Mock Data] Unit.onUpdate() subscription removed. Remaining: 0
[90mstdout[2m | src/components/PracticeDrill/PracticeDrillProgress.stories.tsx[2m > [22m[2mAll Complete
[22m[39m[MOCK CourseVectorStore] Initialized with mock data
[90mstdout[2m | src/components/PracticeDrill/PracticeDrillProgress.stories.tsx[2m > [22m[2mAll Complete
[22m[39m[TranslationModeController] Setting mode to: off
[90mstdout[2m | src/components/PracticeDrill/PracticeDrillProgress.stories.tsx[2m > [22m[2mAll Complete
[22m[39m[UnitContext] useEffect triggered {
  "authLoading": false,
  "hasUser": true,
  "id": "mock-unit-id",
  "userSub": "mock-user-sub",
}
[90mstdout[2m | src/components/PracticeDrill/PracticeDrillProgress.stories.tsx[2m > [22m[2mAll Complete
[22m[39m[UnitContext] Fetching unit data for id: mock-unit-id
[90mstdout[2m | src/components/PracticeDrill/PracticeDrillProgress.stories.tsx[2m > [22m[2mAll Complete
[22m[39m[FilesContext] Initializing vector store from IndexedDB
[90mstdout[2m | src/components/PracticeDrill/PracticeDrillProgress.stories.tsx[2m > [22m[2mAll Complete
[22m[39m[FilesContext] fetchFiles called
[90mstdout[2m | src/components/PracticeDrill/PracticeDrillProgress.stories.tsx[2m > [22m[2mAll Complete
[22m[39m[FilesContext] User authenticated: mock-user-sub
[90mstdout[2m | src/components/PracticeDrill/PracticeDrillProgress.stories.tsx[2m > [22m[2mAll Complete
[22m[39m[FilesContext] Identity ID: us-east-1:mock-identity-123
[90mstdout[2m | src/components/PracticeDrill/PracticeDrillProgress.stories.tsx[2m > [22m[2mAll Complete
[22m[39m[FilesContext] About to set up File observeQuery
[90mstdout[2m | src/components/PracticeDrill/PracticeDrillProgress.stories.tsx[2m > [22m[2mAll Complete
[22m[39m[ChatContext] Setting up AssistantChat observeQuery
[90mstdout[2m | src/components/PracticeDrill/PracticeDrillProgress.stories.tsx[2m > [22m[2mAll Complete
[22m[39m[ChatContext] Waiting for subscription to initialize
[90mstdout[2m | src/components/PracticeDrill/PracticeDrillProgress.stories.tsx[2m > [22m[2mAll Complete
[22m[39m[SettingsContext] Setting up Settings subscription for user: mock-user-sub
[90mstdout[2m | src/components/PracticeDrill/PracticeDrillProgress.stories.tsx[2m > [22m[2mAll Complete
[22m[39m[Mock Data] Settings created: mock-settings-1790418946592 - notified 0 subscribers
[90mstdout[2m | src/components/PracticeDrill/PracticeDrillProgress.stories.tsx[2m > [22m[2mAll Complete
[22m[39m[Mock Data] Unit.onUpdate() subscription added. Total: 1
[90mstdout[2m | src/components/PracticeDrill/PracticeDrillProgress.stories.tsx[2m > [22m[2mAll Complete
[22m[39m[SectionContext] Section observeQuery update: 0
[90mstdout[2m | src/components/PracticeDrill/PracticeDrillProgress.stories.tsx[2m > [22m[2mAll Complete
[22m[39m[FilesContext] File observeQuery update: 6 files
[90mstdout[2m | src/components/PracticeDrill/PracticeDrillProgress.stories.tsx[2m > [22m[2mAll Complete
[22m[39m[ChatContext] AssistantChat initialized with 1 chats
[90mstdout[2m | src/components/PracticeDrill/PracticeDrillProgress.stories.tsx[2m > [22m[2mAll Complete
[22m[39m[ChatContext] Setting initial chat: mock-assistant-chat-1
[90mstdout[2m | src/components/PracticeDrill/PracticeDrillProgress.stories.tsx[2m > [22m[2mAll Complete
[22m[39m[MOCK CourseVectorStore] Initialized with mock data
[90mstdout[2m | src/components/PracticeDrill/PracticeDrillProgress.stories.tsx[2m > [22m[2mAll Complete
[22m[39m[FilesContext] Vector store population triggered {
  "currentVectorStoreSize": 3,
  "documentsCount": 0,
  "filesCount": 6,
  "isInitialLoad": true,
}
[90mstdout[2m | src/components/PracticeDrill/PracticeDrillProgress.stories.tsx[2m > [22m[2mAll Complete
[22m[39m[FilesContext] Vector store population complete - 3 total embeddings
[90mstdout[2m | src/components/PracticeDrill/PracticeDrillProgress.stories.tsx[2m > [22m[2mAll Complete
[22m[39m[ChatContext] Chat exists and not archived, skipping creation
[90mstdout[2m | src/components/PracticeDrill/PracticeDrillProgress.stories.tsx[2m > [22m[2mAll Complete
[22m[39m[Mock Storage] downloadData called with: undefined
[90mstdout[2m | src/components/PracticeDrill/PracticeDrillProgress.stories.tsx[2m > [22m[2mDiminished XP
[22m[39m[ChatContext] Cleaning up subscriptions
[90mstdout[2m | src/components/PracticeDrill/PracticeDrillProgress.stories.tsx[2m > [22m[2mDiminished XP
[22m[39m[Mock Data] Unit.onUpdate() subscription removed. Remaining: 0
[90mstdout[2m | src/components/PracticeDrill/PracticeDrillProgress.stories.tsx[2m > [22m[2mDiminished XP
[22m[39m[MOCK CourseVectorStore] Initialized with mock data
[90mstdout[2m | src/components/PracticeDrill/PracticeDrillProgress.stories.tsx[2m > [22m[2mDiminished XP
[22m[39m[TranslationModeController] Setting mode to: off
[90mstdout[2m | src/components/PracticeDrill/PracticeDrillProgress.stories.tsx[2m > [22m[2mDiminished XP
[22m[39m[UnitContext] useEffect triggered {
  "authLoading": false,
  "hasUser": true,
  "id": "mock-unit-id",
  "userSub": "mock-user-sub",
}
[90mstdout[2m | src/components/PracticeDrill/PracticeDrillProgress.stories.tsx[2m > [22m[2mDiminished XP
[22m[39m[UnitContext] Fetching unit data for id: mock-unit-id
[90mstdout[2m | src/components/PracticeDrill/PracticeDrillProgress.stories.tsx[2m > [22m[2mDiminished XP
[22m[39m[FilesContext] Initializing vector store from IndexedDB
[90mstdout[2m | src/components/PracticeDrill/PracticeDrillProgress.stories.tsx[2m > [22m[2mDiminished XP
[22m[39m[FilesContext] fetchFiles called
[90mstdout[2m | src/components/PracticeDrill/PracticeDrillProgress.stories.tsx[2m > [22m[2mDiminished XP
[22m[39m[FilesContext] User authenticated: mock-user-sub
[90mstdout[2m | src/components/PracticeDrill/PracticeDrillProgress.stories.tsx[2m > [22m[2mDiminished XP
[22m[39m[FilesContext] Identity ID: us-east-1:mock-identity-123
[90mstdout[2m | src/components/PracticeDrill/PracticeDrillProgress.stories.tsx[2m > [22m[2mDiminished XP
[22m[39m[FilesContext] About to set up File observeQuery
[90mstdout[2m | src/components/PracticeDrill/PracticeDrillProgress.stories.tsx[2m > [22m[2mDiminished XP
[22m[39m[ChatContext] Setting up AssistantChat observeQuery
[90mstdout[2m | src/components/PracticeDrill/PracticeDrillProgress.stories.tsx[2m > [22m[2mDiminished XP
[22m[39m[ChatContext] Waiting for subscription to initialize
[90mstdout[2m | src/components/PracticeDrill/PracticeDrillProgress.stories.tsx[2m > [22m[2mDiminished XP
[22m[39m[SettingsContext] Setting up Settings subscription for user: mock-user-sub
[90mstdout[2m | src/components/PracticeDrill/PracticeDrillProgress.stories.tsx[2m > [22m[2mDiminished XP
[22m[39m[Mock Data] Settings created: mock-settings-1790418946698 - notified 0 subscribers
[90mstdout[2m | src/components/PracticeDrill/PracticeDrillProgress.stories.tsx[2m > [22m[2mDiminished XP
[22m[39m[Mock Data] Unit.onUpdate() subscription added. Total: 1
[90mstdout[2m | src/components/PracticeDrill/PracticeDrillProgress.stories.tsx[2m > [22m[2mDiminished XP
[22m[39m[SectionContext] Section observeQuery update: 0
[90mstdout[2m | src/components/PracticeDrill/PracticeDrillProgress.stories.tsx[2m > [22m[2mDiminished XP
[22m[39m[FilesContext] File observeQuery update: 6 files
[90mstdout[2m | src/components/PracticeDrill/PracticeDrillProgress.stories.tsx[2m > [22m[2mDiminished XP
[22m[39m[ChatContext] AssistantChat initialized with 1 chats
[90mstdout[2m | src/components/PracticeDrill/PracticeDrillProgress.stories.tsx[2m > [22m[2mDiminished XP
[22m[39m[ChatContext] Setting initial chat: mock-assistant-chat-1
[90mstdout[2m | src/components/PracticeDrill/PracticeDrillProgress.stories.tsx[2m > [22m[2mDiminished XP
[22m[39m[MOCK CourseVectorStore] Initialized with mock data
[90mstdout[2m | src/components/PracticeDrill/PracticeDrillProgress.stories.tsx[2m > [22m[2mDiminished XP
[22m[39m[FilesContext] Vector store population triggered {
  "currentVectorStoreSize": 3,
  "documentsCount": 0,
  "filesCount": 6,
  "isInitialLoad": true,
}
[90mstdout[2m | src/components/PracticeDrill/PracticeDrillProgress.stories.tsx[2m > [22m[2mDiminished XP
[22m[39m[FilesContext] Vector store population complete - 3 total embeddings
[90mstdout[2m | src/components/PracticeDrill/PracticeDrillProgress.stories.tsx[2m > [22m[2mDiminished XP
[22m[39m[ChatContext] Chat exists and not archived, skipping creation
[90mstdout[2m | src/components/PracticeDrill/PracticeDrillProgress.stories.tsx[2m > [22m[2mDiminished XP
[22m[39m[Mock Storage] downloadData called with: undefined
[90mstdout[2m | src/components/PracticeDrill/PracticeDrillProgress.stories.tsx[2m > [22m[2mWith Streak
[22m[39m[ChatContext] Cleaning up subscriptions
[90mstdout[2m | src/components/PracticeDrill/PracticeDrillProgress.stories.tsx[2m > [22m[2mWith Streak
[22m[39m[Mock Data] Unit.onUpdate() subscription removed. Remaining: 0
[90mstdout[2m | src/components/PracticeDrill/PracticeDrillProgress.stories.tsx[2m > [22m[2mWith Streak
[22m[39m[MOCK CourseVectorStore] Initialized with mock data
[90mstdout[2m | src/components/PracticeDrill/PracticeDrillProgress.stories.tsx[2m > [22m[2mWith Streak
[22m[39m[TranslationModeController] Setting mode to: off
[90mstdout[2m | src/components/PracticeDrill/PracticeDrillProgress.stories.tsx[2m > [22m[2mWith Streak
[22m[39m[UnitContext] useEffect triggered {
  "authLoading": false,
  "hasUser": true,
  "id": "mock-unit-id",
  "userSub": "mock-user-sub",
}
[90mstdout[2m | src/components/PracticeDrill/PracticeDrillProgress.stories.tsx[2m > [22m[2mWith Streak
[22m[39m[UnitContext] Fetching unit data for id: mock-unit-id
[90mstdout[2m | src/components/PracticeDrill/PracticeDrillProgress.stories.tsx[2m > [22m[2mWith Streak
[22m[39m[FilesContext] Initializing vector store from IndexedDB
[90mstdout[2m | src/components/PracticeDrill/PracticeDrillProgress.stories.tsx[2m > [22m[2mWith Streak
[22m[39m[FilesContext] fetchFiles called
[90mstdout[2m | src/components/PracticeDrill/PracticeDrillProgress.stories.tsx[2m > [22m[2mWith Streak
[22m[39m[FilesContext] User authenticated: mock-user-sub
[90mstdout[2m | src/components/PracticeDrill/PracticeDrillProgress.stories.tsx[2m > [22m[2mWith Streak
[22m[39m[FilesContext] Identity ID: us-east-1:mock-identity-123
[90mstdout[2m | src/components/PracticeDrill/PracticeDrillProgress.stories.tsx[2m > [22m[2mWith Streak
[22m[39m[FilesContext] About to set up File observeQuery
[90mstdout[2m | src/components/PracticeDrill/PracticeDrillProgress.stories.tsx[2m > [22m[2mWith Streak
[22m[39m[ChatContext] Setting up AssistantChat observeQuery
[90mstdout[2m | src/components/PracticeDrill/PracticeDrillProgress.stories.tsx[2m > [22m[2mWith Streak
[22m[39m[ChatContext] Waiting for subscription to initialize
[90mstdout[2m | src/components/PracticeDrill/PracticeDrillProgress.stories.tsx[2m > [22m[2mWith Streak
[22m[39m[SettingsContext] Setting up Settings subscription for user: mock-user-sub
[90mstdout[2m | src/components/PracticeDrill/PracticeDrillProgress.stories.tsx[2m > [22m[2mWith Streak
[22m[39m[Mock Data] Settings created: mock-settings-1790418946792 - notified 0 subscribers
[90mstdout[2m | src/components/PracticeDrill/PracticeDrillProgress.stories.tsx[2m > [22m[2mWith Streak
[22m[39m[Mock Data] Unit.onUpdate() subscription added. Total: 1
[90mstdout[2m | src/components/PracticeDrill/PracticeDrillProgress.stories.tsx[2m > [22m[2mWith Streak
[22m[39m[SectionContext] Section observeQuery update: 0
[90mstdout[2m | src/components/PracticeDrill/PracticeDrillProgress.stories.tsx[2m > [22m[2mWith Streak
[22m[39m[FilesContext] File observeQuery update: 6 files
[90mstdout[2m | src/components/PracticeDrill/PracticeDrillProgress.stories.tsx[2m > [22m[2mWith Streak
[22m[39m[ChatContext] AssistantChat initialized with 1 chats
[90mstdout[2m | src/components/PracticeDrill/PracticeDrillProgress.stories.tsx[2m > [22m[2mWith Streak
[22m[39m[ChatContext] Setting initial chat: mock-assistant-chat-1
[90mstdout[2m | src/components/PracticeDrill/PracticeDrillProgress.stories.tsx[2m > [22m[2mWith Streak
[22m[39m[MOCK CourseVectorStore] Initialized with mock data
[90mstdout[2m | src/components/PracticeDrill/PracticeDrillProgress.stories.tsx[2m > [22m[2mWith Streak
[22m[39m[FilesContext] Vector store population triggered {
  "currentVectorStoreSize": 3,
  "documentsCount": 0,
  "filesCount": 6,
  "isInitialLoad": true,
}
[90mstdout[2m | src/components/PracticeDrill/PracticeDrillProgress.stories.tsx[2m > [22m[2mWith Streak
[22m[39m[FilesContext] Vector store population complete - 3 total embeddings
[90mstdout[2m | src/components/PracticeDrill/PracticeDrillProgress.stories.tsx[2m > [22m[2mWith Streak
[22m[39m[ChatContext] Chat exists and not archived, skipping creation
[90mstdout[2m | src/components/PracticeDrill/PracticeDrillProgress.stories.tsx[2m > [22m[2mWith Streak
[22m[39m[Mock Storage] downloadData called with: undefined
 [32m✓[39m [30m[45m storybook (chromium) [49m[39m src/components/PracticeDrill/PracticeDrillProgress.stories.tsx [2m([22m[2m5 tests[22m[2m)[22m[33m 573[2mms[22m[39m
[90mstdout[2m | unknown test
[22m[39m[MOCK vectorStoreDB.js] Module loaded - mock IndexedDB operations
[90mstdout[2m | unknown test
[22m[39m[Task Completion] DOM action listeners initialized
[90mstdout[2m | unknown test
[22m[39m[Task Completion] Auto-completion detector initialized
[90mstdout[2m | unknown test
[22m[39m[Preview] Task completion detector initialized
[90mstdout[2m | src/stories/LearningModes.stories.tsx[2m > [22m[2mTutorial Mode Example
[22m[39m[MOCK CourseVectorStore] Initialized with mock data
[90mstdout[2m | src/stories/LearningModes.stories.tsx[2m > [22m[2mTutorial Mode Example
[22m[39m[TranslationModeController] Setting mode to: off
[90mstdout[2m | src/stories/LearningModes.stories.tsx[2m > [22m[2mTutorial Mode Example
[22m[39m[UnitContext] useEffect triggered {
  "authLoading": false,
  "hasUser": true,
  "id": "mock-unit-id",
  "userSub": "mock-user-sub",
}
[90mstdout[2m | src/stories/LearningModes.stories.tsx[2m > [22m[2mTutorial Mode Example
[22m[39m[UnitContext] Fetching unit data for id: mock-unit-id
[90mstdout[2m | src/stories/LearningModes.stories.tsx[2m > [22m[2mTutorial Mode Example
[22m[39m[FilesContext] Initializing vector store from IndexedDB
[90mstdout[2m | src/stories/LearningModes.stories.tsx[2m > [22m[2mTutorial Mode Example
[22m[39m[FilesContext] fetchFiles called
[90mstdout[2m | src/stories/LearningModes.stories.tsx[2m > [22m[2mTutorial Mode Example
[22m[39m[FilesContext] User authenticated: mock-user-sub
[90mstdout[2m | src/stories/LearningModes.stories.tsx[2m > [22m[2mTutorial Mode Example
[22m[39m[FilesContext] Identity ID: us-east-1:mock-identity-123
[90mstdout[2m | src/stories/LearningModes.stories.tsx[2m > [22m[2mTutorial Mode Example
[22m[39m[FilesContext] About to set up File observeQuery
[90mstdout[2m | src/stories/LearningModes.stories.tsx[2m > [22m[2mTutorial Mode Example
[22m[39m[ChatContext] Setting up AssistantChat observeQuery
[90mstdout[2m | src/stories/LearningModes.stories.tsx[2m > [22m[2mTutorial Mode Example
[22m[39m[ChatContext] Waiting for subscription to initialize
[90mstdout[2m | src/stories/LearningModes.stories.tsx[2m > [22m[2mTutorial Mode Example
[22m[39m[SettingsContext] Setting up Settings subscription for user: mock-user-sub
[90mstdout[2m | src/stories/LearningModes.stories.tsx[2m > [22m[2mTutorial Mode Example
[22m[39m[Mock Data] Settings created: mock-settings-1790418947333 - notified 0 subscribers
[90mstdout[2m | src/stories/LearningModes.stories.tsx[2m > [22m[2mTutorial Mode Example
[22m[39m[Mock Data] Unit.onUpdate() subscription added. Total: 1
[90mstdout[2m | src/stories/LearningModes.stories.tsx[2m > [22m[2mTutorial Mode Example
[22m[39m[SectionContext] Section observeQuery update: 0
[90mstdout[2m | src/stories/LearningModes.stories.tsx[2m > [22m[2mTutorial Mode Example
[22m[39m[FilesContext] File observeQuery update: 6 files
[90mstdout[2m | src/stories/LearningModes.stories.tsx[2m > [22m[2mTutorial Mode Example
[22m[39m[ChatContext] AssistantChat initialized with 1 chats
[90mstdout[2m | src/stories/LearningModes.stories.tsx[2m > [22m[2mTutorial Mode Example
[22m[39m[ChatContext] Setting initial chat: mock-assistant-chat-1
[90mstdout[2m | src/stories/LearningModes.stories.tsx[2m > [22m[2mTutorial Mode Example
[22m[39m[MOCK CourseVectorStore] Initialized with mock data
[90mstdout[2m | src/stories/LearningModes.stories.tsx[2m > [22m[2mTutorial Mode Example
[22m[39m[FilesContext] Vector store population triggered {
  "currentVectorStoreSize": 3,
  "documentsCount": 0,
  "filesCount": 6,
  "isInitialLoad": true,
}
[90mstdout[2m | src/stories/LearningModes.stories.tsx[2m > [22m[2mTutorial Mode Example
[22m[39m[FilesContext] Vector store population complete - 3 total embeddings
[90mstdout[2m | src/stories/LearningModes.stories.tsx[2m > [22m[2mTutorial Mode Example
[22m[39m[ChatContext] Chat exists and not archived, skipping creation
[90mstdout[2m | src/stories/LearningModes.stories.tsx[2m > [22m[2mTutorial Mode Example
[22m[39m[Mock Storage] downloadData called with: undefined
[90mstdout[2m | src/stories/LearningModes.stories.tsx[2m > [22m[2mQuiz Mode Example
[22m[39mfilterWords {
  "filter": "",
  "wordsCount": 0,
}
[90mstdout[2m | src/stories/LearningModes.stories.tsx[2m > [22m[2mQuiz Mode Example
[22m[39m[ChatContext] Cleaning up subscriptions
[90mstdout[2m | src/stories/LearningModes.stories.tsx[2m > [22m[2mQuiz Mode Example
[22m[39m[Mock Data] Unit.onUpdate() subscription removed. Remaining: 0
[90mstdout[2m | src/stories/LearningModes.stories.tsx[2m > [22m[2mQuiz Mode Example
[22m[39m[MOCK CourseVectorStore] Initialized with mock data
[90mstdout[2m | src/stories/LearningModes.stories.tsx[2m > [22m[2mQuiz Mode Example
[22m[39m[TranslationModeController] Setting mode to: off
[90mstdout[2m | src/stories/LearningModes.stories.tsx[2m > [22m[2mQuiz Mode Example
[22m[39m[UnitContext] useEffect triggered {
  "authLoading": false,
  "hasUser": true,
  "id": "mock-unit-id",
  "userSub": "mock-user-sub",
}
[90mstdout[2m | src/stories/LearningModes.stories.tsx[2m > [22m[2mQuiz Mode Example
[22m[39m[UnitContext] Fetching unit data for id: mock-unit-id
[90mstdout[2m | src/stories/LearningModes.stories.tsx[2m > [22m[2mQuiz Mode Example
[22m[39m[FilesContext] Initializing vector store from IndexedDB
[90mstdout[2m | src/stories/LearningModes.stories.tsx[2m > [22m[2mQuiz Mode Example
[22m[39m[FilesContext] fetchFiles called
[90mstdout[2m | src/stories/LearningModes.stories.tsx[2m > [22m[2mQuiz Mode Example
[22m[39m[FilesContext] User authenticated: mock-user-sub
[90mstdout[2m | src/stories/LearningModes.stories.tsx[2m > [22m[2mQuiz Mode Example
[22m[39m[FilesContext] Identity ID: us-east-1:mock-identity-123
[90mstdout[2m | src/stories/LearningModes.stories.tsx[2m > [22m[2mQuiz Mode Example
[22m[39m[FilesContext] About to set up File observeQuery
[90mstdout[2m | src/stories/LearningModes.stories.tsx[2m > [22m[2mQuiz Mode Example
[22m[39m[ChatContext] Setting up AssistantChat observeQuery
[90mstdout[2m | src/stories/LearningModes.stories.tsx[2m > [22m[2mQuiz Mode Example
[22m[39m[ChatContext] Waiting for subscription to initialize
[90mstdout[2m | src/stories/LearningModes.stories.tsx[2m > [22m[2mQuiz Mode Example
[22m[39m[SettingsContext] Setting up Settings subscription for user: mock-user-sub
[90mstdout[2m | src/stories/LearningModes.stories.tsx[2m > [22m[2mQuiz Mode Example
[22m[39m[Mock Data] Settings created: mock-settings-1790418947486 - notified 0 subscribers
[90mstdout[2m | src/stories/LearningModes.stories.tsx[2m > [22m[2mQuiz Mode Example
[22m[39m[Mock Data] Unit.onUpdate() subscription added. Total: 1
[90mstdout[2m | src/stories/LearningModes.stories.tsx[2m > [22m[2mQuiz Mode Example
[22m[39m[SectionContext] Section observeQuery update: 0
[90mstdout[2m | src/stories/LearningModes.stories.tsx[2m > [22m[2mQuiz Mode Example
[22m[39m[FilesContext] File observeQuery update: 6 files
[90mstdout[2m | src/stories/LearningModes.stories.tsx[2m > [22m[2mQuiz Mode Example
[22m[39m[MOCK CourseVectorStore] Initialized with mock data
[90mstdout[2m | src/stories/LearningModes.stories.tsx[2m > [22m[2mQuiz Mode Example
[22m[39m[FilesContext] Vector store population triggered {
  "currentVectorStoreSize": 3,
  "documentsCount": 0,
  "filesCount": 6,
  "isInitialLoad": true,
}
[90mstdout[2m | src/stories/LearningModes.stories.tsx[2m > [22m[2mQuiz Mode Example
[22m[39m[FilesContext] Vector store population complete - 3 total embeddings
[90mstdout[2m | src/stories/LearningModes.stories.tsx[2m > [22m[2mQuiz Mode Example
[22m[39m[ChatContext] AssistantChat initialized with 1 chats
[90mstdout[2m | src/stories/LearningModes.stories.tsx[2m > [22m[2mQuiz Mode Example
[22m[39m[ChatContext] Setting initial chat: mock-assistant-chat-1
[90mstdout[2m | src/stories/LearningModes.stories.tsx[2m > [22m[2mQuiz Mode Example
[22m[39m[Mock Storage] downloadData called with: undefined
[90mstdout[2m | src/stories/LearningModes.stories.tsx[2m > [22m[2mQuiz Mode Example
[22m[39m[ChatContext] Chat exists and not archived, skipping creation
[90mstdout[2m | src/stories/LearningModes.stories.tsx[2m > [22m[2mMultiple Tutorial Steps
[22m[39m[ChatContext] Cleaning up subscriptions
[90mstdout[2m | src/stories/LearningModes.stories.tsx[2m > [22m[2mMultiple Tutorial Steps
[22m[39m[Mock Data] Unit.onUpdate() subscription removed. Remaining: 0
[90mstdout[2m | src/stories/LearningModes.stories.tsx[2m > [22m[2mMultiple Tutorial Steps
[22m[39m[MOCK CourseVectorStore] Initialized with mock data
[90mstdout[2m | src/stories/LearningModes.stories.tsx[2m > [22m[2mMultiple Tutorial Steps
[22m[39m[TranslationModeController] Setting mode to: off
[90mstdout[2m | src/stories/LearningModes.stories.tsx[2m > [22m[2mMultiple Tutorial Steps
[22m[39m[UnitContext] useEffect triggered {
  "authLoading": false,
  "hasUser": true,
  "id": "mock-unit-id",
  "userSub": "mock-user-sub",
}
[90mstdout[2m | src/stories/LearningModes.stories.tsx[2m > [22m[2mMultiple Tutorial Steps
[22m[39m[UnitContext] Fetching unit data for id: mock-unit-id
[90mstdout[2m | src/stories/LearningModes.stories.tsx[2m > [22m[2mMultiple Tutorial Steps
[22m[39m[FilesContext] Initializing vector store from IndexedDB
[90mstdout[2m | src/stories/LearningModes.stories.tsx[2m > [22m[2mMultiple Tutorial Steps
[22m[39m[FilesContext] fetchFiles called
[90mstdout[2m | src/stories/LearningModes.stories.tsx[2m > [22m[2mMultiple Tutorial Steps
[22m[39m[FilesContext] User authenticated: mock-user-sub
[90mstdout[2m | src/stories/LearningModes.stories.tsx[2m > [22m[2mMultiple Tutorial Steps
[22m[39m[FilesContext] Identity ID: us-east-1:mock-identity-123
[90mstdout[2m | src/stories/LearningModes.stories.tsx[2m > [22m[2mMultiple Tutorial Steps
[22m[39m[FilesContext] About to set up File observeQuery
[90mstdout[2m | src/stories/LearningModes.stories.tsx[2m > [22m[2mMultiple Tutorial Steps
[22m[39m[ChatContext] Setting up AssistantChat observeQuery
[90mstdout[2m | src/stories/LearningModes.stories.tsx[2m > [22m[2mMultiple Tutorial Steps
[22m[39m[ChatContext] Waiting for subscription to initialize
[90mstdout[2m | src/stories/LearningModes.stories.tsx[2m > [22m[2mMultiple Tutorial Steps
[22m[39m[SettingsContext] Setting up Settings subscription for user: mock-user-sub
[90mstdout[2m | src/stories/LearningModes.stories.tsx[2m > [22m[2mMultiple Tutorial Steps
[22m[39m[Mock Data] Settings created: mock-settings-1790418947599 - notified 0 subscribers
[90mstdout[2m | src/stories/LearningModes.stories.tsx[2m > [22m[2mMultiple Tutorial Steps
[22m[39m[Mock Data] Unit.onUpdate() subscription added. Total: 1
[90mstdout[2m | src/stories/LearningModes.stories.tsx[2m > [22m[2mMultiple Tutorial Steps
[22m[39m[SectionContext] Section observeQuery update: 0
[90mstdout[2m | src/stories/LearningModes.stories.tsx[2m > [22m[2mMultiple Tutorial Steps
[22m[39m[FilesContext] File observeQuery update: 6 files
[90mstdout[2m | src/stories/LearningModes.stories.tsx[2m > [22m[2mMultiple Tutorial Steps
[22m[39m[ChatContext] AssistantChat initialized with 1 chats
[90mstdout[2m | src/stories/LearningModes.stories.tsx[2m > [22m[2mMultiple Tutorial Steps
[22m[39m[ChatContext] Setting initial chat: mock-assistant-chat-1
[90mstdout[2m | src/stories/LearningModes.stories.tsx[2m > [22m[2mMultiple Tutorial Steps
[22m[39m[MOCK CourseVectorStore] Initialized with mock data
[90mstdout[2m | src/stories/LearningModes.stories.tsx[2m > [22m[2mMultiple Tutorial Steps
[22m[39m[FilesContext] Vector store population triggered {
  "currentVectorStoreSize": 3,
  "documentsCount": 0,
  "filesCount": 6,
  "isInitialLoad": true,
}
[90mstdout[2m | src/stories/LearningModes.stories.tsx[2m > [22m[2mMultiple Tutorial Steps
[22m[39m[FilesContext] Vector store population complete - 3 total embeddings
[90mstdout[2m | src/stories/LearningModes.stories.tsx[2m > [22m[2mMultiple Tutorial Steps
[22m[39m[ChatContext] Chat exists and not archived, skipping creation
[90mstdout[2m | src/stories/LearningModes.stories.tsx[2m > [22m[2mMultiple Tutorial Steps
[22m[39m[Mock Storage] downloadData called with: undefined
[90mstdout[2m | src/stories/LearningModes.stories.tsx[2m > [22m[2mAuto Complete Tutorial
[22m[39m[ChatContext] Cleaning up subscriptions
[90mstdout[2m | src/stories/LearningModes.stories.tsx[2m > [22m[2mAuto Complete Tutorial
[22m[39m[Mock Data] Unit.onUpdate() subscription removed. Remaining: 0
[90mstdout[2m | src/stories/LearningModes.stories.tsx[2m > [22m[2mAuto Complete Tutorial
[22m[39m[MOCK CourseVectorStore] Initialized with mock data
[90mstdout[2m | src/stories/LearningModes.stories.tsx[2m > [22m[2mAuto Complete Tutorial
[22m[39m[TranslationModeController] Setting mode to: off
[90mstdout[2m | src/stories/LearningModes.stories.tsx[2m > [22m[2mAuto Complete Tutorial
[22m[39m[UnitContext] useEffect triggered {
  "authLoading": false,
  "hasUser": true,
  "id": "mock-unit-id",
  "userSub": "mock-user-sub",
}
[90mstdout[2m | src/stories/LearningModes.stories.tsx[2m > [22m[2mAuto Complete Tutorial
[22m[39m[UnitContext] Fetching unit data for id: mock-unit-id
[90mstdout[2m | src/stories/LearningModes.stories.tsx[2m > [22m[2mAuto Complete Tutorial
[22m[39m[FilesContext] Initializing vector store from IndexedDB
[90mstdout[2m | src/stories/LearningModes.stories.tsx[2m > [22m[2mAuto Complete Tutorial
[22m[39m[FilesContext] fetchFiles called
[90mstdout[2m | src/stories/LearningModes.stories.tsx[2m > [22m[2mAuto Complete Tutorial
[22m[39m[FilesContext] User authenticated: mock-user-sub
[90mstdout[2m | src/stories/LearningModes.stories.tsx[2m > [22m[2mAuto Complete Tutorial
[22m[39m[FilesContext] Identity ID: us-east-1:mock-identity-123
[90mstdout[2m | src/stories/LearningModes.stories.tsx[2m > [22m[2mAuto Complete Tutorial
[22m[39m[FilesContext] About to set up File observeQuery
[90mstdout[2m | src/stories/LearningModes.stories.tsx[2m > [22m[2mAuto Complete Tutorial
[22m[39m[ChatContext] Setting up AssistantChat observeQuery
[90mstdout[2m | src/stories/LearningModes.stories.tsx[2m > [22m[2mAuto Complete Tutorial
[22m[39m[ChatContext] Waiting for subscription to initialize
[90mstdout[2m | src/stories/LearningModes.stories.tsx[2m > [22m[2mAuto Complete Tutorial
[22m[39m[SettingsContext] Setting up Settings subscription for user: mock-user-sub
[90mstdout[2m | src/stories/LearningModes.stories.tsx[2m > [22m[2mAuto Complete Tutorial
[22m[39m[Mock Data] Settings created: mock-settings-1790418947713 - notified 0 subscribers
[90mstdout[2m | src/stories/LearningModes.stories.tsx[2m > [22m[2mAuto Complete Tutorial
[22m[39m[Mock Data] Unit.onUpdate() subscription added. Total: 1
[90mstdout[2m | src/stories/LearningModes.stories.tsx[2m > [22m[2mAuto Complete Tutorial
[22m[39m[SectionContext] Section observeQuery update: 0
[90mstdout[2m | src/stories/LearningModes.stories.tsx[2m > [22m[2mAuto Complete Tutorial
[22m[39m[FilesContext] File observeQuery update: 6 files
[90mstdout[2m | src/stories/LearningModes.stories.tsx[2m > [22m[2mAuto Complete Tutorial
[22m[39m[Mock Storage] downloadData called with: undefined
[90mstdout[2m | src/stories/LearningModes.stories.tsx[2m > [22m[2mAuto Complete Tutorial
[22m[39m[MOCK CourseVectorStore] Initialized with mock data
[90mstdout[2m | src/stories/LearningModes.stories.tsx[2m > [22m[2mAuto Complete Tutorial
[22m[39m[FilesContext] Vector store population triggered {
  "currentVectorStoreSize": 3,
  "documentsCount": 0,
  "filesCount": 6,
  "isInitialLoad": true,
}
[90mstdout[2m | src/stories/LearningModes.stories.tsx[2m > [22m[2mAuto Complete Tutorial
[22m[39m[FilesContext] Vector store population complete - 3 total embeddings
[90mstdout[2m | src/stories/LearningModes.stories.tsx[2m > [22m[2mAuto Complete Tutorial
[22m[39m[ChatContext] AssistantChat initialized with 1 chats
[90mstdout[2m | src/stories/LearningModes.stories.tsx[2m > [22m[2mAuto Complete Tutorial
[22m[39m[ChatContext] Setting initial chat: mock-assistant-chat-1
[90mstdout[2m | src/stories/LearningModes.stories.tsx[2m > [22m[2mAuto Complete Tutorial
[22m[39m[ChatContext] Chat exists and not archived, skipping creation
 [32m✓[39m [30m[45m storybook (chromium) [49m[39m src/stories/LearningModes.stories.tsx [2m([22m[2m4 tests[22m[2m)[22m[33m 502[2mms[22m[39m
[90mstdout[2m | unknown test
[22m[39m[MOCK vectorStoreDB.js] Module loaded - mock IndexedDB operations
[90mstdout[2m | unknown test
[22m[39m[Task Completion] DOM action listeners initialized
[90mstdout[2m | unknown test
[22m[39m[Task Completion] Auto-completion detector initialized
[90mstdout[2m | unknown test
[22m[39m[Preview] Task completion detector initialized
[90mstdout[2m | src/components/RecordingStudio3/HorizontalTimeline.stories.tsx[2m > [22m[2mTwo Speakers
[22m[39m[TranslationModeController] Setting mode to: off
[90mstdout[2m | src/components/RecordingStudio3/HorizontalTimeline.stories.tsx[2m > [22m[2mThree Speakers
[22m[39m[TranslationModeController] Setting mode to: off
[90mstdout[2m | src/components/RecordingStudio3/HorizontalTimeline.stories.tsx[2m > [22m[2mEmpty Timeline
[22m[39m[TranslationModeController] Setting mode to: off
[90mstdout[2m | src/components/RecordingStudio3/HorizontalTimeline.stories.tsx[2m > [22m[2mRecording State
[22m[39m[TranslationModeController] Setting mode to: off
 [32m✓[39m [30m[45m storybook (chromium) [49m[39m src/components/RecordingStudio3/HorizontalTimeline.stories.tsx [2m([22m[2m4 tests[22m[2m)[22m[33m 632[2mms[22m[39m
[90mstdout[2m | unknown test
[22m[39m[MOCK vectorStoreDB.js] Module loaded - mock IndexedDB operations
[90mstdout[2m | unknown test
[22m[39m[Task Completion] DOM action listeners initialized
[90mstdout[2m | unknown test
[22m[39m[Task Completion] Auto-completion detector initialized
[90mstdout[2m | unknown test
[22m[39m[Preview] Task completion detector initialized
[90mstdout[2m | src/components/GlobalChatDrawer.stories.jsx[2m > [22m[2mClosed
[22m[39m[MOCK CourseVectorStore] Initialized with mock data
[90mstdout[2m | src/components/GlobalChatDrawer.stories.jsx[2m > [22m[2mClosed
[22m[39m[TranslationModeController] Setting mode to: off
[90mstdout[2m | src/components/GlobalChatDrawer.stories.jsx[2m > [22m[2mClosed
[22m[39m[UnitContext] useEffect triggered {
  "authLoading": false,
  "hasUser": true,
  "id": "mock-unit-id",
  "userSub": "mock-user-sub",
}
[90mstdout[2m | src/components/GlobalChatDrawer.stories.jsx[2m > [22m[2mClosed
[22m[39m[UnitContext] Fetching unit data for id: mock-unit-id
[90mstdout[2m | src/components/GlobalChatDrawer.stories.jsx[2m > [22m[2mClosed
[22m[39m[FilesContext] Initializing vector store from IndexedDB
[90mstdout[2m | src/components/GlobalChatDrawer.stories.jsx[2m > [22m[2mClosed
[22m[39m[FilesContext] fetchFiles called
[90mstdout[2m | src/components/GlobalChatDrawer.stories.jsx[2m > [22m[2mClosed
[22m[39m[FilesContext] User authenticated: mock-user-sub
[90mstdout[2m | src/components/GlobalChatDrawer.stories.jsx[2m > [22m[2mClosed
[22m[39m[FilesContext] Identity ID: us-east-1:mock-identity-123
[90mstdout[2m | src/components/GlobalChatDrawer.stories.jsx[2m > [22m[2mClosed
[22m[39m[FilesContext] About to set up File observeQuery
[90mstdout[2m | src/components/GlobalChatDrawer.stories.jsx[2m > [22m[2mClosed
[22m[39m[ChatContext] Setting up AssistantChat observeQuery
[90mstdout[2m | src/components/GlobalChatDrawer.stories.jsx[2m > [22m[2mClosed
[22m[39m[ChatContext] Waiting for subscription to initialize
[90mstdout[2m | src/components/GlobalChatDrawer.stories.jsx[2m > [22m[2mClosed
[22m[39m[SettingsContext] Setting up Settings subscription for user: mock-user-sub
[90mstdout[2m | src/components/GlobalChatDrawer.stories.jsx[2m > [22m[2mClosed
[22m[39m[Mock Data] Settings created: mock-settings-1790418952370 - notified 0 subscribers
[90mstdout[2m | src/components/GlobalChatDrawer.stories.jsx[2m > [22m[2mClosed
[22m[39m[Mock Data] Unit.onUpdate() subscription added. Total: 1
[90mstdout[2m | src/components/GlobalChatDrawer.stories.jsx[2m > [22m[2mClosed
[22m[39m[SectionContext] Section observeQuery update: 0
[90mstdout[2m | src/components/GlobalChatDrawer.stories.jsx[2m > [22m[2mClosed
[22m[39m[FilesContext] File observeQuery update: 6 files
[90mstdout[2m | src/components/GlobalChatDrawer.stories.jsx[2m > [22m[2mClosed
[22m[39m[ChatContext] AssistantChat initialized with 1 chats
[90mstdout[2m | src/components/GlobalChatDrawer.stories.jsx[2m > [22m[2mClosed
[22m[39m[ChatContext] Setting initial chat: mock-assistant-chat-1
[90mstdout[2m | src/components/GlobalChatDrawer.stories.jsx[2m > [22m[2mClosed
[22m[39m[MOCK CourseVectorStore] Initialized with mock data
[90mstdout[2m | src/components/GlobalChatDrawer.stories.jsx[2m > [22m[2mClosed
[22m[39m[FilesContext] Vector store population triggered {
  "currentVectorStoreSize": 3,
  "documentsCount": 0,
  "filesCount": 6,
  "isInitialLoad": true,
}
[90mstdout[2m | src/components/GlobalChatDrawer.stories.jsx[2m > [22m[2mClosed
[22m[39m[FilesContext] Vector store population complete - 3 total embeddings
[90mstdout[2m | src/components/GlobalChatDrawer.stories.jsx[2m > [22m[2mClosed
[22m[39m[ChatContext] Chat exists and not archived, skipping creation
[90mstdout[2m | src/components/GlobalChatDrawer.stories.jsx[2m > [22m[2mClosed
[22m[39m[Mock Storage] downloadData called with: undefined
[90mstdout[2m | src/components/GlobalChatDrawer.stories.jsx[2m > [22m[2mOpen
[22m[39m[ChatContext] Cleaning up subscriptions
[90mstdout[2m | src/components/GlobalChatDrawer.stories.jsx[2m > [22m[2mOpen
[22m[39m[Mock Data] Unit.onUpdate() subscription removed. Remaining: 0
[90mstdout[2m | src/components/GlobalChatDrawer.stories.jsx[2m > [22m[2mOpen
[22m[39m[MOCK CourseVectorStore] Initialized with mock data
[90mstdout[2m | src/components/GlobalChatDrawer.stories.jsx[2m > [22m[2mOpen
[22m[39m[TranslationModeController] Setting mode to: off
[90mstdout[2m | src/components/GlobalChatDrawer.stories.jsx[2m > [22m[2mOpen
[22m[39m[UnitContext] useEffect triggered {
  "authLoading": false,
  "hasUser": true,
  "id": "mock-unit-id",
  "userSub": "mock-user-sub",
}
[90mstdout[2m | src/components/GlobalChatDrawer.stories.jsx[2m > [22m[2mOpen
[22m[39m[UnitContext] Fetching unit data for id: mock-unit-id
[90mstdout[2m | src/components/GlobalChatDrawer.stories.jsx[2m > [22m[2mOpen
[22m[39m[FilesContext] Initializing vector store from IndexedDB
[90mstdout[2m | src/components/GlobalChatDrawer.stories.jsx[2m > [22m[2mOpen
[22m[39m[FilesContext] fetchFiles called
[90mstdout[2m | src/components/GlobalChatDrawer.stories.jsx[2m > [22m[2mOpen
[22m[39m[FilesContext] User authenticated: mock-user-sub
[90mstdout[2m | src/components/GlobalChatDrawer.stories.jsx[2m > [22m[2mOpen
[22m[39m[FilesContext] Identity ID: us-east-1:mock-identity-123
[90mstdout[2m | src/components/GlobalChatDrawer.stories.jsx[2m > [22m[2mOpen
[22m[39m[FilesContext] About to set up File observeQuery
[90mstdout[2m | src/components/GlobalChatDrawer.stories.jsx[2m > [22m[2mOpen
[22m[39m[ChatContext] Setting up AssistantChat observeQuery
[90mstdout[2m | src/components/GlobalChatDrawer.stories.jsx[2m > [22m[2mOpen
[22m[39m[ChatContext] Waiting for subscription to initialize
[90mstdout[2m | src/components/GlobalChatDrawer.stories.jsx[2m > [22m[2mOpen
[22m[39m[SettingsContext] Setting up Settings subscription for user: mock-user-sub
[90mstdout[2m | src/components/GlobalChatDrawer.stories.jsx[2m > [22m[2mOpen
[22m[39m[Mock Data] Settings created: mock-settings-1790418952619 - notified 0 subscribers
[90mstdout[2m | src/components/GlobalChatDrawer.stories.jsx[2m > [22m[2mOpen
[22m[39m[Mock Data] Unit.onUpdate() subscription added. Total: 1
[90mstdout[2m | src/components/GlobalChatDrawer.stories.jsx[2m > [22m[2mOpen
[22m[39m[SectionContext] Section observeQuery update: 0
[90mstdout[2m | src/components/GlobalChatDrawer.stories.jsx[2m > [22m[2mOpen
[22m[39m[FilesContext] File observeQuery update: 6 files
[90mstdout[2m | src/components/GlobalChatDrawer.stories.jsx[2m > [22m[2mOpen
[22m[39m[ChatContext] AssistantChat initialized with 1 chats
[90mstdout[2m | src/components/GlobalChatDrawer.stories.jsx[2m > [22m[2mOpen
[22m[39m[ChatContext] Setting initial chat: mock-assistant-chat-1
[90mstdout[2m | src/components/GlobalChatDrawer.stories.jsx[2m > [22m[2mOpen
[22m[39m[MOCK CourseVectorStore] Initialized with mock data
[90mstdout[2m | src/components/GlobalChatDrawer.stories.jsx[2m > [22m[2mOpen
[22m[39m[FilesContext] Vector store population triggered {
  "currentVectorStoreSize": 3,
  "documentsCount": 0,
  "filesCount": 6,
  "isInitialLoad": true,
}
[90mstdout[2m | src/components/GlobalChatDrawer.stories.jsx[2m > [22m[2mOpen
[22m[39m[FilesContext] Vector store population complete - 3 total embeddings
[90mstdout[2m | src/components/GlobalChatDrawer.stories.jsx[2m > [22m[2mOpen
[22m[39m[ChatContext] Chat exists and not archived, skipping creation
[90mstdout[2m | src/components/GlobalChatDrawer.stories.jsx[2m > [22m[2mOpen
[22m[39m[Mock Storage] downloadData called with: undefined
[90mstdout[2m | src/components/GlobalChatDrawer.stories.jsx[2m > [22m[2mNarrow Width
[22m[39m[ChatContext] Cleaning up subscriptions
[90mstdout[2m | src/components/GlobalChatDrawer.stories.jsx[2m > [22m[2mNarrow Width
[22m[39m[Mock Data] Unit.onUpdate() subscription removed. Remaining: 0
[90mstdout[2m | src/components/GlobalChatDrawer.stories.jsx[2m > [22m[2mNarrow Width
[22m[39m[MOCK CourseVectorStore] Initialized with mock data
[90mstdout[2m | src/components/GlobalChatDrawer.stories.jsx[2m > [22m[2mNarrow Width
[22m[39m[TranslationModeController] Setting mode to: off
[90mstdout[2m | src/components/GlobalChatDrawer.stories.jsx[2m > [22m[2mNarrow Width
[22m[39m[UnitContext] useEffect triggered {
  "authLoading": false,
  "hasUser": true,
  "id": "mock-unit-id",
  "userSub": "mock-user-sub",
}
[90mstdout[2m | src/components/GlobalChatDrawer.stories.jsx[2m > [22m[2mNarrow Width
[22m[39m[UnitContext] Fetching unit data for id: mock-unit-id
[90mstdout[2m | src/components/GlobalChatDrawer.stories.jsx[2m > [22m[2mNarrow Width
[22m[39m[FilesContext] Initializing vector store from IndexedDB
[90mstdout[2m | src/components/GlobalChatDrawer.stories.jsx[2m > [22m[2mNarrow Width
[22m[39m[FilesContext] fetchFiles called
[90mstdout[2m | src/components/GlobalChatDrawer.stories.jsx[2m > [22m[2mNarrow Width
[22m[39m[FilesContext] User authenticated: mock-user-sub
[90mstdout[2m | src/components/GlobalChatDrawer.stories.jsx[2m > [22m[2mNarrow Width
[22m[39m[FilesContext] Identity ID: us-east-1:mock-identity-123
[90mstdout[2m | src/components/GlobalChatDrawer.stories.jsx[2m > [22m[2mNarrow Width
[22m[39m[FilesContext] About to set up File observeQuery
[90mstdout[2m | src/components/GlobalChatDrawer.stories.jsx[2m > [22m[2mNarrow Width
[22m[39m[ChatContext] Setting up AssistantChat observeQuery
[90mstdout[2m | src/components/GlobalChatDrawer.stories.jsx[2m > [22m[2mNarrow Width
[22m[39m[ChatContext] Waiting for subscription to initialize
[90mstdout[2m | src/components/GlobalChatDrawer.stories.jsx[2m > [22m[2mNarrow Width
[22m[39m[SettingsContext] Setting up Settings subscription for user: mock-user-sub
[90mstdout[2m | src/components/GlobalChatDrawer.stories.jsx[2m > [22m[2mNarrow Width
[22m[39m[Mock Data] Settings created: mock-settings-1790418952778 - notified 0 subscribers
[90mstdout[2m | src/components/GlobalChatDrawer.stories.jsx[2m > [22m[2mNarrow Width
[22m[39m[Mock Data] Unit.onUpdate() subscription added. Total: 1
[90mstdout[2m | src/components/GlobalChatDrawer.stories.jsx[2m > [22m[2mNarrow Width
[22m[39m[SectionContext] Section observeQuery update: 0
[90mstdout[2m | src/components/GlobalChatDrawer.stories.jsx[2m > [22m[2mNarrow Width
[22m[39m[FilesContext] File observeQuery update: 6 files
[90mstdout[2m | src/components/GlobalChatDrawer.stories.jsx[2m > [22m[2mNarrow Width
[22m[39m[ChatContext] AssistantChat initialized with 1 chats
[90mstdout[2m | src/components/GlobalChatDrawer.stories.jsx[2m > [22m[2mNarrow Width
[22m[39m[ChatContext] Setting initial chat: mock-assistant-chat-1
[90mstdout[2m | src/components/GlobalChatDrawer.stories.jsx[2m > [22m[2mNarrow Width
[22m[39m[MOCK CourseVectorStore] Initialized with mock data
[90mstdout[2m | src/components/GlobalChatDrawer.stories.jsx[2m > [22m[2mNarrow Width
[22m[39m[FilesContext] Vector store population triggered {
  "currentVectorStoreSize": 3,
  "documentsCount": 0,
  "filesCount": 6,
  "isInitialLoad": true,
}
[90mstdout[2m | src/components/GlobalChatDrawer.stories.jsx[2m > [22m[2mNarrow Width
[22m[39m[FilesContext] Vector store population complete - 3 total embeddings
[90mstdout[2m | src/components/GlobalChatDrawer.stories.jsx[2m > [22m[2mNarrow Width
[22m[39m[ChatContext] Chat exists and not archived, skipping creation
[90mstdout[2m | src/components/GlobalChatDrawer.stories.jsx[2m > [22m[2mNarrow Width
[22m[39m[Mock Storage] downloadData called with: undefined
 [32m✓[39m [30m[45m storybook (chromium) [49m[39m src/components/GlobalChatDrawer.stories.jsx [2m([22m[2m3 tests[22m[2m)[22m[33m 612[2mms[22m[39m
[90mstdout[2m | unknown test
[22m[39m[MOCK vectorStoreDB.js] Module loaded - mock IndexedDB operations
[90mstdout[2m | unknown test
[22m[39m[Task Completion] DOM action listeners initialized
[90mstdout[2m | unknown test
[22m[39m[Task Completion] Auto-completion detector initialized
[90mstdout[2m | unknown test
[22m[39m[Preview] Task completion detector initialized
[90mstdout[2m | src/components/Gamification/SquadEditor.stories.tsx[2m > [22m[2mNew Squad
[22m[39m[TranslationModeController] Setting mode to: off
[90mstdout[2m | src/components/Gamification/SquadEditor.stories.tsx[2m > [22m[2mExisting Squad
[22m[39m[TranslationModeController] Setting mode to: off
[90mstdout[2m | src/components/Gamification/SquadEditor.stories.tsx[2m > [22m[2mManual Save Only
[22m[39m[TranslationModeController] Setting mode to: off
 [32m✓[39m [30m[45m storybook (chromium) [49m[39m src/components/Gamification/SquadEditor.stories.tsx [2m([22m[2m3 tests[22m[2m)[22m[33m 582[2mms[22m[39m
[90mstdout[2m | unknown test
[22m[39m[MOCK vectorStoreDB.js] Module loaded - mock IndexedDB operations
[90mstdout[2m | unknown test
[22m[39m[Task Completion] DOM action listeners initialized
[90mstdout[2m | unknown test
[22m[39m[Task Completion] Auto-completion detector initialized
[90mstdout[2m | unknown test
[22m[39m[Preview] Task completion detector initialized
[90mstdout[2m | src/components/GradedWorkbookViewer/GutterAnnotations.stories.tsx[2m > [22m[2mMultiple Blocks
[22m[39m[MOCK CourseVectorStore] Initialized with mock data
[90mstdout[2m | src/components/GradedWorkbookViewer/GutterAnnotations.stories.tsx[2m > [22m[2mMultiple Blocks
[22m[39m[TranslationModeController] Setting mode to: off
[90mstdout[2m | src/components/GradedWorkbookViewer/GutterAnnotations.stories.tsx[2m > [22m[2mMultiple Blocks
[22m[39m[UnitContext] useEffect triggered {
  "authLoading": false,
  "hasUser": true,
  "id": "mock-unit-id",
  "userSub": "mock-user-sub",
}
[90mstdout[2m | src/components/GradedWorkbookViewer/GutterAnnotations.stories.tsx[2m > [22m[2mMultiple Blocks
[22m[39m[UnitContext] Fetching unit data for id: mock-unit-id
[90mstdout[2m | src/components/GradedWorkbookViewer/GutterAnnotations.stories.tsx[2m > [22m[2mMultiple Blocks
[22m[39m[FilesContext] Initializing vector store from IndexedDB
[90mstdout[2m | src/components/GradedWorkbookViewer/GutterAnnotations.stories.tsx[2m > [22m[2mMultiple Blocks
[22m[39m[FilesContext] fetchFiles called
[90mstdout[2m | src/components/GradedWorkbookViewer/GutterAnnotations.stories.tsx[2m > [22m[2mMultiple Blocks
[22m[39m[FilesContext] User authenticated: mock-user-sub
[90mstdout[2m | src/components/GradedWorkbookViewer/GutterAnnotations.stories.tsx[2m > [22m[2mMultiple Blocks
[22m[39m[FilesContext] Identity ID: us-east-1:mock-identity-123
[90mstdout[2m | src/components/GradedWorkbookViewer/GutterAnnotations.stories.tsx[2m > [22m[2mMultiple Blocks
[22m[39m[FilesContext] About to set up File observeQuery
[90mstdout[2m | src/components/GradedWorkbookViewer/GutterAnnotations.stories.tsx[2m > [22m[2mMultiple Blocks
[22m[39m[ChatContext] Setting up AssistantChat observeQuery
[90mstdout[2m | src/components/GradedWorkbookViewer/GutterAnnotations.stories.tsx[2m > [22m[2mMultiple Blocks
[22m[39m[ChatContext] Waiting for subscription to initialize
[90mstdout[2m | src/components/GradedWorkbookViewer/GutterAnnotations.stories.tsx[2m > [22m[2mMultiple Blocks
[22m[39m[SettingsContext] Setting up Settings subscription for user: mock-user-sub
[90mstdout[2m | src/components/GradedWorkbookViewer/GutterAnnotations.stories.tsx[2m > [22m[2mMultiple Blocks
[22m[39m[Mock Data] Settings created: mock-settings-1790418957461 - notified 0 subscribers
[90mstdout[2m | src/components/GradedWorkbookViewer/GutterAnnotations.stories.tsx[2m > [22m[2mMultiple Blocks
[22m[39m[Mock Data] Unit.onUpdate() subscription added. Total: 1
[90mstdout[2m | src/components/GradedWorkbookViewer/GutterAnnotations.stories.tsx[2m > [22m[2mMultiple Blocks
[22m[39m[SectionContext] Section observeQuery update: 0
[90mstdout[2m | src/components/GradedWorkbookViewer/GutterAnnotations.stories.tsx[2m > [22m[2mMultiple Blocks
[22m[39m[FilesContext] File observeQuery update: 6 files
[90mstdout[2m | src/components/GradedWorkbookViewer/GutterAnnotations.stories.tsx[2m > [22m[2mMultiple Blocks
[22m[39m[ChatContext] AssistantChat initialized with 1 chats
[90mstdout[2m | src/components/GradedWorkbookViewer/GutterAnnotations.stories.tsx[2m > [22m[2mMultiple Blocks
[22m[39m[ChatContext] Setting initial chat: mock-assistant-chat-1
[90mstdout[2m | src/components/GradedWorkbookViewer/GutterAnnotations.stories.tsx[2m > [22m[2mMultiple Blocks
[22m[39m[MOCK CourseVectorStore] Initialized with mock data
[90mstdout[2m | src/components/GradedWorkbookViewer/GutterAnnotations.stories.tsx[2m > [22m[2mMultiple Blocks
[22m[39m[FilesContext] Vector store population triggered {
  "currentVectorStoreSize": 3,
  "documentsCount": 0,
  "filesCount": 6,
  "isInitialLoad": true,
}
[90mstdout[2m | src/components/GradedWorkbookViewer/GutterAnnotations.stories.tsx[2m > [22m[2mMultiple Blocks
[22m[39m[FilesContext] Vector store population complete - 3 total embeddings
[90mstdout[2m | src/components/GradedWorkbookViewer/GutterAnnotations.stories.tsx[2m > [22m[2mMultiple Blocks
[22m[39m[ChatContext] Chat exists and not archived, skipping creation
[90mstdout[2m | src/components/GradedWorkbookViewer/GutterAnnotations.stories.tsx[2m > [22m[2mMultiple Blocks
[22m[39m[Mock Storage] downloadData called with: undefined
[90mstdout[2m | src/components/GradedWorkbookViewer/GutterAnnotations.stories.tsx[2m > [22m[2mSingle Block
[22m[39m[ChatContext] Cleaning up subscriptions
[90mstdout[2m | src/components/GradedWorkbookViewer/GutterAnnotations.stories.tsx[2m > [22m[2mSingle Block
[22m[39m[Mock Data] Unit.onUpdate() subscription removed. Remaining: 0
[90mstdout[2m | src/components/GradedWorkbookViewer/GutterAnnotations.stories.tsx[2m > [22m[2mSingle Block
[22m[39m[MOCK CourseVectorStore] Initialized with mock data
[90mstdout[2m | src/components/GradedWorkbookViewer/GutterAnnotations.stories.tsx[2m > [22m[2mSingle Block
[22m[39m[TranslationModeController] Setting mode to: off
[90mstdout[2m | src/components/GradedWorkbookViewer/GutterAnnotations.stories.tsx[2m > [22m[2mSingle Block
[22m[39m[UnitContext] useEffect triggered {
  "authLoading": false,
  "hasUser": true,
  "id": "mock-unit-id",
  "userSub": "mock-user-sub",
}
[90mstdout[2m | src/components/GradedWorkbookViewer/GutterAnnotations.stories.tsx[2m > [22m[2mSingle Block
[22m[39m[UnitContext] Fetching unit data for id: mock-unit-id
[90mstdout[2m | src/components/GradedWorkbookViewer/GutterAnnotations.stories.tsx[2m > [22m[2mSingle Block
[22m[39m[FilesContext] Initializing vector store from IndexedDB
[90mstdout[2m | src/components/GradedWorkbookViewer/GutterAnnotations.stories.tsx[2m > [22m[2mSingle Block
[22m[39m[FilesContext] fetchFiles called
[90mstdout[2m | src/components/GradedWorkbookViewer/GutterAnnotations.stories.tsx[2m > [22m[2mSingle Block
[22m[39m[FilesContext] User authenticated: mock-user-sub
[90mstdout[2m | src/components/GradedWorkbookViewer/GutterAnnotations.stories.tsx[2m > [22m[2mSingle Block
[22m[39m[FilesContext] Identity ID: us-east-1:mock-identity-123
[90mstdout[2m | src/components/GradedWorkbookViewer/GutterAnnotations.stories.tsx[2m > [22m[2mSingle Block
[22m[39m[FilesContext] About to set up File observeQuery
[90mstdout[2m | src/components/GradedWorkbookViewer/GutterAnnotations.stories.tsx[2m > [22m[2mSingle Block
[22m[39m[ChatContext] Setting up AssistantChat observeQuery
[90mstdout[2m | src/components/GradedWorkbookViewer/GutterAnnotations.stories.tsx[2m > [22m[2mSingle Block
[22m[39m[ChatContext] Waiting for subscription to initialize
[90mstdout[2m | src/components/GradedWorkbookViewer/GutterAnnotations.stories.tsx[2m > [22m[2mSingle Block
[22m[39m[SettingsContext] Setting up Settings subscription for user: mock-user-sub
[90mstdout[2m | src/components/GradedWorkbookViewer/GutterAnnotations.stories.tsx[2m > [22m[2mSingle Block
[22m[39m[Mock Data] Settings created: mock-settings-1790418957660 - notified 0 subscribers
[90mstdout[2m | src/components/GradedWorkbookViewer/GutterAnnotations.stories.tsx[2m > [22m[2mSingle Block
[22m[39m[Mock Data] Unit.onUpdate() subscription added. Total: 1
[90mstdout[2m | src/components/GradedWorkbookViewer/GutterAnnotations.stories.tsx[2m > [22m[2mSingle Block
[22m[39m[SectionContext] Section observeQuery update: 0
[90mstdout[2m | src/components/GradedWorkbookViewer/GutterAnnotations.stories.tsx[2m > [22m[2mSingle Block
[22m[39m[FilesContext] File observeQuery update: 6 files
[90mstdout[2m | src/components/GradedWorkbookViewer/GutterAnnotations.stories.tsx[2m > [22m[2mSingle Block
[22m[39m[ChatContext] AssistantChat initialized with 1 chats
[90mstdout[2m | src/components/GradedWorkbookViewer/GutterAnnotations.stories.tsx[2m > [22m[2mSingle Block
[22m[39m[ChatContext] Setting initial chat: mock-assistant-chat-1
[90mstdout[2m | src/components/GradedWorkbookViewer/GutterAnnotations.stories.tsx[2m > [22m[2mSingle Block
[22m[39m[Mock Storage] downloadData called with: undefined
[90mstdout[2m | src/components/GradedWorkbookViewer/GutterAnnotations.stories.tsx[2m > [22m[2mSingle Block
[22m[39m[MOCK CourseVectorStore] Initialized with mock data
[90mstdout[2m | src/components/GradedWorkbookViewer/GutterAnnotations.stories.tsx[2m > [22m[2mSingle Block
[22m[39m[FilesContext] Vector store population triggered {
  "currentVectorStoreSize": 3,
  "documentsCount": 0,
  "filesCount": 6,
  "isInitialLoad": true,
}
[90mstdout[2m | src/components/GradedWorkbookViewer/GutterAnnotations.stories.tsx[2m > [22m[2mSingle Block
[22m[39m[FilesContext] Vector store population complete - 3 total embeddings
[90mstdout[2m | src/components/GradedWorkbookViewer/GutterAnnotations.stories.tsx[2m > [22m[2mSingle Block
[22m[39m[ChatContext] Chat exists and not archived, skipping creation
[90mstdout[2m | src/components/GradedWorkbookViewer/GutterAnnotations.stories.tsx[2m > [22m[2mNo Wrong Answers
[22m[39m[ChatContext] Cleaning up subscriptions
[90mstdout[2m | src/components/GradedWorkbookViewer/GutterAnnotations.stories.tsx[2m > [22m[2mNo Wrong Answers
[22m[39m[Mock Data] Unit.onUpdate() subscription removed. Remaining: 0
[90mstdout[2m | src/components/GradedWorkbookViewer/GutterAnnotations.stories.tsx[2m > [22m[2mNo Wrong Answers
[22m[39m[MOCK CourseVectorStore] Initialized with mock data
[90mstdout[2m | src/components/GradedWorkbookViewer/GutterAnnotations.stories.tsx[2m > [22m[2mNo Wrong Answers
[22m[39m[TranslationModeController] Setting mode to: off
[90mstdout[2m | src/components/GradedWorkbookViewer/GutterAnnotations.stories.tsx[2m > [22m[2mNo Wrong Answers
[22m[39m[UnitContext] useEffect triggered {
  "authLoading": false,
  "hasUser": true,
  "id": "mock-unit-id",
  "userSub": "mock-user-sub",
}
[90mstdout[2m | src/components/GradedWorkbookViewer/GutterAnnotations.stories.tsx[2m > [22m[2mNo Wrong Answers
[22m[39m[UnitContext] Fetching unit data for id: mock-unit-id
[90mstdout[2m | src/components/GradedWorkbookViewer/GutterAnnotations.stories.tsx[2m > [22m[2mNo Wrong Answers
[22m[39m[FilesContext] Initializing vector store from IndexedDB
[90mstdout[2m | src/components/GradedWorkbookViewer/GutterAnnotations.stories.tsx[2m > [22m[2mNo Wrong Answers
[22m[39m[FilesContext] fetchFiles called
[90mstdout[2m | src/components/GradedWorkbookViewer/GutterAnnotations.stories.tsx[2m > [22m[2mNo Wrong Answers
[22m[39m[FilesContext] User authenticated: mock-user-sub
[90mstdout[2m | src/components/GradedWorkbookViewer/GutterAnnotations.stories.tsx[2m > [22m[2mNo Wrong Answers
[22m[39m[FilesContext] Identity ID: us-east-1:mock-identity-123
[90mstdout[2m | src/components/GradedWorkbookViewer/GutterAnnotations.stories.tsx[2m > [22m[2mNo Wrong Answers
[22m[39m[FilesContext] About to set up File observeQuery
[90mstdout[2m | src/components/GradedWorkbookViewer/GutterAnnotations.stories.tsx[2m > [22m[2mNo Wrong Answers
[22m[39m[ChatContext] Setting up AssistantChat observeQuery
[90mstdout[2m | src/components/GradedWorkbookViewer/GutterAnnotations.stories.tsx[2m > [22m[2mNo Wrong Answers
[22m[39m[ChatContext] Waiting for subscription to initialize
[90mstdout[2m | src/components/GradedWorkbookViewer/GutterAnnotations.stories.tsx[2m > [22m[2mNo Wrong Answers
[22m[39m[SettingsContext] Setting up Settings subscription for user: mock-user-sub
[90mstdout[2m | src/components/GradedWorkbookViewer/GutterAnnotations.stories.tsx[2m > [22m[2mNo Wrong Answers
[22m[39m[Mock Data] Settings created: mock-settings-1790418957766 - notified 0 subscribers
[90mstdout[2m | src/components/GradedWorkbookViewer/GutterAnnotations.stories.tsx[2m > [22m[2mNo Wrong Answers
[22m[39m[Mock Data] Unit.onUpdate() subscription added. Total: 1
[90mstdout[2m | src/components/GradedWorkbookViewer/GutterAnnotations.stories.tsx[2m > [22m[2mNo Wrong Answers
[22m[39m[SectionContext] Section observeQuery update: 0
[90mstdout[2m | src/components/GradedWorkbookViewer/GutterAnnotations.stories.tsx[2m > [22m[2mNo Wrong Answers
[22m[39m[FilesContext] File observeQuery update: 6 files
[90mstdout[2m | src/components/GradedWorkbookViewer/GutterAnnotations.stories.tsx[2m > [22m[2mNo Wrong Answers
[22m[39m[ChatContext] AssistantChat initialized with 1 chats
[90mstdout[2m | src/components/GradedWorkbookViewer/GutterAnnotations.stories.tsx[2m > [22m[2mNo Wrong Answers
[22m[39m[ChatContext] Setting initial chat: mock-assistant-chat-1
[90mstdout[2m | src/components/GradedWorkbookViewer/GutterAnnotations.stories.tsx[2m > [22m[2mNo Wrong Answers
[22m[39m[Mock Storage] downloadData called with: undefined
[90mstdout[2m | src/components/GradedWorkbookViewer/GutterAnnotations.stories.tsx[2m > [22m[2mNo Wrong Answers
[22m[39m[MOCK CourseVectorStore] Initialized with mock data
[90mstdout[2m | src/components/GradedWorkbookViewer/GutterAnnotations.stories.tsx[2m > [22m[2mNo Wrong Answers
[22m[39m[FilesContext] Vector store population triggered {
  "currentVectorStoreSize": 3,
  "documentsCount": 0,
  "filesCount": 6,
  "isInitialLoad": true,
}
[90mstdout[2m | src/components/GradedWorkbookViewer/GutterAnnotations.stories.tsx[2m > [22m[2mNo Wrong Answers
[22m[39m[FilesContext] Vector store population complete - 3 total embeddings
[90mstdout[2m | src/components/GradedWorkbookViewer/GutterAnnotations.stories.tsx[2m > [22m[2mNo Wrong Answers
[22m[39m[ChatContext] Chat exists and not archived, skipping creation
[90mstdout[2m | src/components/GradedWorkbookViewer/GutterAnnotations.stories.tsx[2m > [22m[2mFirst Attempt
[22m[39m[ChatContext] Cleaning up subscriptions
[90mstdout[2m | src/components/GradedWorkbookViewer/GutterAnnotations.stories.tsx[2m > [22m[2mFirst Attempt
[22m[39m[Mock Data] Unit.onUpdate() subscription removed. Remaining: 0
[90mstdout[2m | src/components/GradedWorkbookViewer/GutterAnnotations.stories.tsx[2m > [22m[2mFirst Attempt
[22m[39m[MOCK CourseVectorStore] Initialized with mock data
[90mstdout[2m | src/components/GradedWorkbookViewer/GutterAnnotations.stories.tsx[2m > [22m[2mFirst Attempt
[22m[39m[TranslationModeController] Setting mode to: off
[90mstdout[2m | src/components/GradedWorkbookViewer/GutterAnnotations.stories.tsx[2m > [22m[2mFirst Attempt
[22m[39m[UnitContext] useEffect triggered {
  "authLoading": false,
  "hasUser": true,
  "id": "mock-unit-id",
  "userSub": "mock-user-sub",
}
[90mstdout[2m | src/components/GradedWorkbookViewer/GutterAnnotations.stories.tsx[2m > [22m[2mFirst Attempt
[22m[39m[UnitContext] Fetching unit data for id: mock-unit-id
[90mstdout[2m | src/components/GradedWorkbookViewer/GutterAnnotations.stories.tsx[2m > [22m[2mFirst Attempt
[22m[39m[FilesContext] Initializing vector store from IndexedDB
[90mstdout[2m | src/components/GradedWorkbookViewer/GutterAnnotations.stories.tsx[2m > [22m[2mFirst Attempt
[22m[39m[FilesContext] fetchFiles called
[90mstdout[2m | src/components/GradedWorkbookViewer/GutterAnnotations.stories.tsx[2m > [22m[2mFirst Attempt
[22m[39m[FilesContext] User authenticated: mock-user-sub
[90mstdout[2m | src/components/GradedWorkbookViewer/GutterAnnotations.stories.tsx[2m > [22m[2mFirst Attempt
[22m[39m[FilesContext] Identity ID: us-east-1:mock-identity-123
[90mstdout[2m | src/components/GradedWorkbookViewer/GutterAnnotations.stories.tsx[2m > [22m[2mFirst Attempt
[22m[39m[FilesContext] About to set up File observeQuery
[90mstdout[2m | src/components/GradedWorkbookViewer/GutterAnnotations.stories.tsx[2m > [22m[2mFirst Attempt
[22m[39m[ChatContext] Setting up AssistantChat observeQuery
[90mstdout[2m | src/components/GradedWorkbookViewer/GutterAnnotations.stories.tsx[2m > [22m[2mFirst Attempt
[22m[39m[ChatContext] Waiting for subscription to initialize
[90mstdout[2m | src/components/GradedWorkbookViewer/GutterAnnotations.stories.tsx[2m > [22m[2mFirst Attempt
[22m[39m[SettingsContext] Setting up Settings subscription for user: mock-user-sub
[90mstdout[2m | src/components/GradedWorkbookViewer/GutterAnnotations.stories.tsx[2m > [22m[2mFirst Attempt
[22m[39m[Mock Data] Settings created: mock-settings-1790418957855 - notified 0 subscribers
[90mstdout[2m | src/components/GradedWorkbookViewer/GutterAnnotations.stories.tsx[2m > [22m[2mFirst Attempt
[22m[39m[Mock Data] Unit.onUpdate() subscription added. Total: 1
[90mstdout[2m | src/components/GradedWorkbookViewer/GutterAnnotations.stories.tsx[2m > [22m[2mFirst Attempt
[22m[39m[SectionContext] Section observeQuery update: 0
[90mstdout[2m | src/components/GradedWorkbookViewer/GutterAnnotations.stories.tsx[2m > [22m[2mFirst Attempt
[22m[39m[FilesContext] File observeQuery update: 6 files
[90mstdout[2m | src/components/GradedWorkbookViewer/GutterAnnotations.stories.tsx[2m > [22m[2mFirst Attempt
[22m[39m[ChatContext] AssistantChat initialized with 1 chats
[90mstdout[2m | src/components/GradedWorkbookViewer/GutterAnnotations.stories.tsx[2m > [22m[2mFirst Attempt
[22m[39m[ChatContext] Setting initial chat: mock-assistant-chat-1
[90mstdout[2m | src/components/GradedWorkbookViewer/GutterAnnotations.stories.tsx[2m > [22m[2mFirst Attempt
[22m[39m[Mock Storage] downloadData called with: undefined
[90mstdout[2m | src/components/GradedWorkbookViewer/GutterAnnotations.stories.tsx[2m > [22m[2mFirst Attempt
[22m[39m[MOCK CourseVectorStore] Initialized with mock data
[90mstdout[2m | src/components/GradedWorkbookViewer/GutterAnnotations.stories.tsx[2m > [22m[2mFirst Attempt
[22m[39m[FilesContext] Vector store population triggered {
  "currentVectorStoreSize": 3,
  "documentsCount": 0,
  "filesCount": 6,
  "isInitialLoad": true,
}
[90mstdout[2m | src/components/GradedWorkbookViewer/GutterAnnotations.stories.tsx[2m > [22m[2mFirst Attempt
[22m[39m[FilesContext] Vector store population complete - 3 total embeddings
[90mstdout[2m | src/components/GradedWorkbookViewer/GutterAnnotations.stories.tsx[2m > [22m[2mFirst Attempt
[22m[39m[ChatContext] Chat exists and not archived, skipping creation
 [32m✓[39m [30m[45m storybook (chromium) [49m[39m src/components/GradedWorkbookViewer/GutterAnnotations.stories.tsx [2m([22m[2m4 tests[22m[2m)[22m[33m 542[2mms[22m[39m
[90mstdout[2m | unknown test
[22m[39m[MOCK vectorStoreDB.js] Module loaded - mock IndexedDB operations
[90mstdout[2m | unknown test
[22m[39m[Task Completion] DOM action listeners initialized
[90mstdout[2m | unknown test
[22m[39m[Task Completion] Auto-completion detector initialized
[90mstdout[2m | unknown test
[22m[39m[Preview] Task completion detector initialized
[90mstdout[2m | src/components/Editor3/plugins/QuizPlugin.stories.jsx[2m > [22m[2mEditable Empty
[22m[39m[Preview] Skipped initializing default mock data (initializeMockData=false)
[90mstdout[2m | src/components/Editor3/plugins/QuizPlugin.stories.jsx[2m > [22m[2mEditable Empty
[22m[39m[Mock Data] seedMockUnit: Adding unit quiz-plugin-story-unit
[90mstdout[2m | src/components/Editor3/plugins/QuizPlugin.stories.jsx[2m > [22m[2mEditable Empty
[22m[39m[MOCK CourseVectorStore] Initialized with mock data
[90mstdout[2m | src/components/Editor3/plugins/QuizPlugin.stories.jsx[2m > [22m[2mEditable Empty
[22m[39m[TranslationModeController] Setting mode to: off
[90mstdout[2m | src/components/Editor3/plugins/QuizPlugin.stories.jsx[2m > [22m[2mEditable Empty
[22m[39m[UnitContext] useEffect triggered {
  "authLoading": false,
  "hasUser": true,
  "id": "quiz-plugin-story-unit",
  "userSub": "mock-user-sub",
}
[90mstdout[2m | src/components/Editor3/plugins/QuizPlugin.stories.jsx[2m > [22m[2mEditable Empty
[22m[39m[UnitContext] Fetching unit data for id: quiz-plugin-story-unit
[90mstdout[2m | src/components/Editor3/plugins/QuizPlugin.stories.jsx[2m > [22m[2mEditable Empty
[22m[39m[FilesContext] Initializing vector store from IndexedDB
[90mstdout[2m | src/components/Editor3/plugins/QuizPlugin.stories.jsx[2m > [22m[2mEditable Empty
[22m[39m[FilesContext] fetchFiles called
[90mstdout[2m | src/components/Editor3/plugins/QuizPlugin.stories.jsx[2m > [22m[2mEditable Empty
[22m[39m[FilesContext] User authenticated: mock-user-sub
[90mstdout[2m | src/components/Editor3/plugins/QuizPlugin.stories.jsx[2m > [22m[2mEditable Empty
[22m[39m[FilesContext] Identity ID: us-east-1:mock-identity-123
[90mstdout[2m | src/components/Editor3/plugins/QuizPlugin.stories.jsx[2m > [22m[2mEditable Empty
[22m[39m[FilesContext] About to set up File observeQuery
[90mstdout[2m | src/components/Editor3/plugins/QuizPlugin.stories.jsx[2m > [22m[2mEditable Empty
[22m[39m[ChatContext] Setting up AssistantChat observeQuery
[90mstdout[2m | src/components/Editor3/plugins/QuizPlugin.stories.jsx[2m > [22m[2mEditable Empty
[22m[39m[ChatContext] Waiting for subscription to initialize
[90mstdout[2m | src/components/Editor3/plugins/QuizPlugin.stories.jsx[2m > [22m[2mEditable Empty
[22m[39m[SettingsContext] Setting up Settings subscription for user: mock-user-sub
[90mstdout[2m | src/components/Editor3/plugins/QuizPlugin.stories.jsx[2m > [22m[2mEditable Empty
[22m[39m[Mock Data] Settings created: mock-settings-1790418958394 - notified 0 subscribers
[90mstdout[2m | src/components/Editor3/plugins/QuizPlugin.stories.jsx[2m > [22m[2mEditable Empty
[22m[39m[Mock Data] Unit.onUpdate() subscription added. Total: 1
[90mstdout[2m | src/components/Editor3/plugins/QuizPlugin.stories.jsx[2m > [22m[2mEditable Empty
[22m[39m[SectionContext] Section observeQuery update: 0
[90mstdout[2m | src/components/Editor3/plugins/QuizPlugin.stories.jsx[2m > [22m[2mEditable Empty
[22m[39m[FilesContext] File observeQuery update: 0 files
[90mstdout[2m | src/components/Editor3/plugins/QuizPlugin.stories.jsx[2m > [22m[2mEditable Empty
[22m[39m[ChatContext] AssistantChat initialized with 0 chats
[90mstdout[2m | src/components/Editor3/plugins/QuizPlugin.stories.jsx[2m > [22m[2mEditable Empty
[22m[39m[Mock Storage] downloadData called with: undefined
[90mstdout[2m | src/components/Editor3/plugins/QuizPlugin.stories.jsx[2m > [22m[2mEditable Empty
[22m[39m[MOCK CourseVectorStore] Initialized with mock data
[90mstdout[2m | src/components/Editor3/plugins/QuizPlugin.stories.jsx[2m > [22m[2mEditable Empty
[22m[39m[ChatContext] No current chat available, will create one
[90mstdout[2m | src/components/Editor3/plugins/QuizPlugin.stories.jsx[2m > [22m[2mEditable Empty
[22m[39m[ChatContext] Creating AssistantChat with user: undefined
[90mstdout[2m | src/components/Editor3/plugins/QuizPlugin.stories.jsx[2m > [22m[2mEditable Empty
[22m[39m[Mock Data] AssistantChat created: mock-assistantchat-1790418958409 - notified 1 subscribers
[90mstdout[2m | src/components/Editor3/plugins/QuizPlugin.stories.jsx[2m > [22m[2mEditable Empty
[22m[39m[ChatContext] Create result: {
  "data": {
    "_version": 1,
    "archived": false,
    "chatFiles": [Function anonymous],
    "createdAt": "2026-09-26T10:35:58.409Z",
    "id": "mock-assistantchat-1790418958409",
    "model": "gpt-4",
    "updatedAt": "2026-09-26T10:35:58.409Z",
  },
  "errors": [],
  "hasData": true,
  "hasErrors": true,
}
[90mstdout[2m | src/components/Editor3/plugins/QuizPlugin.stories.jsx[2m > [22m[2mEditable Empty
[22m[39m[ChatContext] Created AssistantChat: mock-assistantchat-1790418958409 at: 2026-09-26T10:35:58.409Z
[90mstdout[2m | src/components/Editor3/plugins/QuizPlugin.stories.jsx[2m > [22m[2mEditable Empty
[22m[39m[ChatContext] Setting initial chat: mock-assistantchat-1790418958409
[90mstdout[2m | src/components/Editor3/plugins/QuizPlugin.stories.jsx[2m > [22m[2mEditable Empty
[22m[39m[ChatContext] Chat exists and not archived, skipping creation
[90mstdout[2m | src/components/Editor3/plugins/QuizPlugin.stories.jsx[2m > [22m[2mEditable With Quiz
[22m[39m[ChatContext] Cleaning up subscriptions
[90mstdout[2m | src/components/Editor3/plugins/QuizPlugin.stories.jsx[2m > [22m[2mEditable With Quiz
[22m[39m[Mock Data] Unit.onUpdate() subscription removed. Remaining: 0
[90mstdout[2m | src/components/Editor3/plugins/QuizPlugin.stories.jsx[2m > [22m[2mEditable With Quiz
[22m[39m[Preview] Skipped initializing default mock data (initializeMockData=false)
[90mstdout[2m | src/components/Editor3/plugins/QuizPlugin.stories.jsx[2m > [22m[2mEditable With Quiz
[22m[39m[Mock Data] seedMockUnit: Adding unit quiz-plugin-story-unit
[90mstdout[2m | src/components/Editor3/plugins/QuizPlugin.stories.jsx[2m > [22m[2mEditable With Quiz
[22m[39m[MOCK CourseVectorStore] Initialized with mock data
[90mstdout[2m | src/components/Editor3/plugins/QuizPlugin.stories.jsx[2m > [22m[2mEditable With Quiz
[22m[39m[TranslationModeController] Setting mode to: off
[90mstdout[2m | src/components/Editor3/plugins/QuizPlugin.stories.jsx[2m > [22m[2mEditable With Quiz
[22m[39m[UnitContext] useEffect triggered {
  "authLoading": false,
  "hasUser": true,
  "id": "quiz-plugin-story-unit",
  "userSub": "mock-user-sub",
}
[90mstdout[2m | src/components/Editor3/plugins/QuizPlugin.stories.jsx[2m > [22m[2mEditable With Quiz
[22m[39m[UnitContext] Fetching unit data for id: quiz-plugin-story-unit
[90mstdout[2m | src/components/Editor3/plugins/QuizPlugin.stories.jsx[2m > [22m[2mEditable With Quiz
[22m[39m[FilesContext] Initializing vector store from IndexedDB
[90mstdout[2m | src/components/Editor3/plugins/QuizPlugin.stories.jsx[2m > [22m[2mEditable With Quiz
[22m[39m[FilesContext] fetchFiles called
[90mstdout[2m | src/components/Editor3/plugins/QuizPlugin.stories.jsx[2m > [22m[2mEditable With Quiz
[22m[39m[FilesContext] User authenticated: mock-user-sub
[90mstdout[2m | src/components/Editor3/plugins/QuizPlugin.stories.jsx[2m > [22m[2mEditable With Quiz
[22m[39m[FilesContext] Identity ID: us-east-1:mock-identity-123
[90mstdout[2m | src/components/Editor3/plugins/QuizPlugin.stories.jsx[2m > [22m[2mEditable With Quiz
[22m[39m[FilesContext] About to set up File observeQuery
[90mstdout[2m | src/components/Editor3/plugins/QuizPlugin.stories.jsx[2m > [22m[2mEditable With Quiz
[22m[39m[ChatContext] Setting up AssistantChat observeQuery
[90mstdout[2m | src/components/Editor3/plugins/QuizPlugin.stories.jsx[2m > [22m[2mEditable With Quiz
[22m[39m[ChatContext] Waiting for subscription to initialize
[90mstdout[2m | src/components/Editor3/plugins/QuizPlugin.stories.jsx[2m > [22m[2mEditable With Quiz
[22m[39m[SettingsContext] Setting up Settings subscription for user: mock-user-sub
[90mstdout[2m | src/components/Editor3/plugins/QuizPlugin.stories.jsx[2m > [22m[2mEditable With Quiz
[22m[39m[Mock Data] Settings created: mock-settings-1790418958587 - notified 0 subscribers
[90mstdout[2m | src/components/Editor3/plugins/QuizPlugin.stories.jsx[2m > [22m[2mEditable With Quiz
[22m[39m[Mock Data] Unit.onUpdate() subscription added. Total: 1
[90mstdout[2m | src/components/Editor3/plugins/QuizPlugin.stories.jsx[2m > [22m[2mEditable With Quiz
[22m[39m[SectionContext] Section observeQuery update: 0
[90mstdout[2m | src/components/Editor3/plugins/QuizPlugin.stories.jsx[2m > [22m[2mEditable With Quiz
[22m[39m[FilesContext] File observeQuery update: 0 files
[90mstdout[2m | src/components/Editor3/plugins/QuizPlugin.stories.jsx[2m > [22m[2mEditable With Quiz
[22m[39m[ChatContext] AssistantChat initialized with 0 chats
[90mstdout[2m | src/components/Editor3/plugins/QuizPlugin.stories.jsx[2m > [22m[2mEditable With Quiz
[22m[39m[MOCK CourseVectorStore] Initialized with mock data
[90mstdout[2m | src/components/Editor3/plugins/QuizPlugin.stories.jsx[2m > [22m[2mEditable With Quiz
[22m[39m[ChatContext] No current chat available, will create one
[90mstdout[2m | src/components/Editor3/plugins/QuizPlugin.stories.jsx[2m > [22m[2mEditable With Quiz
[22m[39m[ChatContext] Creating AssistantChat with user: undefined
[90mstdout[2m | src/components/Editor3/plugins/QuizPlugin.stories.jsx[2m > [22m[2mEditable With Quiz
[22m[39m[Mock Data] AssistantChat created: mock-assistantchat-1790418958668 - notified 1 subscribers
[90mstdout[2m | src/components/Editor3/plugins/QuizPlugin.stories.jsx[2m > [22m[2mEditable With Quiz
[22m[39m[ChatContext] Create result: {
  "data": {
    "_version": 1,
    "archived": false,
    "chatFiles": [Function anonymous],
    "createdAt": "2026-09-26T10:35:58.668Z",
    "id": "mock-assistantchat-1790418958668",
    "model": "gpt-4",
    "updatedAt": "2026-09-26T10:35:58.668Z",
  },
  "errors": [],
  "hasData": true,
  "hasErrors": true,
}
[90mstdout[2m | src/components/Editor3/plugins/QuizPlugin.stories.jsx[2m > [22m[2mEditable With Quiz
[22m[39m[ChatContext] Created AssistantChat: mock-assistantchat-1790418958668 at: 2026-09-26T10:35:58.668Z
[90mstdout[2m | src/components/Editor3/plugins/QuizPlugin.stories.jsx[2m > [22m[2mEditable With Quiz
[22m[39m[Mock Storage] downloadData called with: undefined
[90mstdout[2m | src/components/Editor3/plugins/QuizPlugin.stories.jsx[2m > [22m[2mEditable With Quiz
[22m[39m[ChatContext] Setting initial chat: mock-assistantchat-1790418958668
[90mstdout[2m | src/components/Editor3/plugins/QuizPlugin.stories.jsx[2m > [22m[2mEditable With Quiz
[22m[39m[ChatContext] Chat exists and not archived, skipping creation
[90mstdout[2m | src/components/Editor3/plugins/QuizPlugin.stories.jsx[2m > [22m[2mRead Only With Quiz
[22m[39m[ChatContext] Cleaning up subscriptions
[90mstdout[2m | src/components/Editor3/plugins/QuizPlugin.stories.jsx[2m > [22m[2mRead Only With Quiz
[22m[39m[Mock Data] Unit.onUpdate() subscription removed. Remaining: 0
[90mstdout[2m | src/components/Editor3/plugins/QuizPlugin.stories.jsx[2m > [22m[2mRead Only With Quiz
[22m[39m[Preview] Skipped initializing default mock data (initializeMockData=false)
[90mstdout[2m | src/components/Editor3/plugins/QuizPlugin.stories.jsx[2m > [22m[2mRead Only With Quiz
[22m[39m[Mock Data] seedMockUnit: Adding unit quiz-plugin-story-unit
[90mstdout[2m | src/components/Editor3/plugins/QuizPlugin.stories.jsx[2m > [22m[2mRead Only With Quiz
[22m[39m[MOCK CourseVectorStore] Initialized with mock data
[90mstdout[2m | src/components/Editor3/plugins/QuizPlugin.stories.jsx[2m > [22m[2mRead Only With Quiz
[22m[39m[TranslationModeController] Setting mode to: off
[90mstdout[2m | src/components/Editor3/plugins/QuizPlugin.stories.jsx[2m > [22m[2mRead Only With Quiz
[22m[39m[UnitContext] useEffect triggered {
  "authLoading": false,
  "hasUser": true,
  "id": "quiz-plugin-story-unit",
  "userSub": "mock-user-sub",
}
[90mstdout[2m | src/components/Editor3/plugins/QuizPlugin.stories.jsx[2m > [22m[2mRead Only With Quiz
[22m[39m[UnitContext] Fetching unit data for id: quiz-plugin-story-unit
[90mstdout[2m | src/components/Editor3/plugins/QuizPlugin.stories.jsx[2m > [22m[2mRead Only With Quiz
[22m[39m[FilesContext] Initializing vector store from IndexedDB
[90mstdout[2m | src/components/Editor3/plugins/QuizPlugin.stories.jsx[2m > [22m[2mRead Only With Quiz
[22m[39m[FilesContext] fetchFiles called
[90mstdout[2m | src/components/Editor3/plugins/QuizPlugin.stories.jsx[2m > [22m[2mRead Only With Quiz
[22m[39m[FilesContext] User authenticated: mock-user-sub
[90mstdout[2m | src/components/Editor3/plugins/QuizPlugin.stories.jsx[2m > [22m[2mRead Only With Quiz
[22m[39m[FilesContext] Identity ID: us-east-1:mock-identity-123
[90mstdout[2m | src/components/Editor3/plugins/QuizPlugin.stories.jsx[2m > [22m[2mRead Only With Quiz
[22m[39m[FilesContext] About to set up File observeQuery
[90mstdout[2m | src/components/Editor3/plugins/QuizPlugin.stories.jsx[2m > [22m[2mRead Only With Quiz
[22m[39m[ChatContext] Setting up AssistantChat observeQuery
[90mstdout[2m | src/components/Editor3/plugins/QuizPlugin.stories.jsx[2m > [22m[2mRead Only With Quiz
[22m[39m[ChatContext] Waiting for subscription to initialize
[90mstdout[2m | src/components/Editor3/plugins/QuizPlugin.stories.jsx[2m > [22m[2mRead Only With Quiz
[22m[39m[SettingsContext] Setting up Settings subscription for user: mock-user-sub
[90mstdout[2m | src/components/Editor3/plugins/QuizPlugin.stories.jsx[2m > [22m[2mRead Only With Quiz
[22m[39mQuestionBlockRo.grade {}
[90mstdout[2m | src/components/Editor3/plugins/QuizPlugin.stories.jsx[2m > [22m[2mRead Only With Quiz
[22m[39m......!q {
  "answer": "Paris",
  "correct": true,
  "id": "q1",
  "question": "What is the capital of France?",
}
[90mstdout[2m | src/components/Editor3/plugins/QuizPlugin.stories.jsx[2m > [22m[2mRead Only With Quiz
[22m[39m......!q {
  "answer": "London",
  "correct": false,
  "id": "q2",
  "question": "What is the capital of France?",
}
[90mstdout[2m | src/components/Editor3/plugins/QuizPlugin.stories.jsx[2m > [22m[2mRead Only With Quiz
[22m[39m......!q {
  "answer": "Berlin",
  "correct": false,
  "id": "q3",
  "question": "What is the capital of France?",
}
[90mstdout[2m | src/components/Editor3/plugins/QuizPlugin.stories.jsx[2m > [22m[2mRead Only With Quiz
[22m[39m......!q {
  "answer": "Madrid",
  "correct": false,
  "id": "q4",
  "question": "What is the capital of France?",
}
[90mstdout[2m | src/components/Editor3/plugins/QuizPlugin.stories.jsx[2m > [22m[2mRead Only With Quiz
[22m[39mQuestionBlock.nodeKey 11 type: string
[90mstdout[2m | src/components/Editor3/plugins/QuizPlugin.stories.jsx[2m > [22m[2mRead Only With Quiz
[22m[39mQuestionBlock.questionContent [
  {
    "answer": "Paris",
    "correct": true,
    "id": "q1",
    "question": "What is the capital of France?",
  },
  {
    "answer": "London",
    "correct": false,
    "id": "q2",
    "question": "What is the capital of France?",
  },
  {
    "answer": "Berlin",
    "correct": false,
    "id": "q3",
    "question": "What is the capital of France?",
  },
  {
    "answer": "Madrid",
    "correct": false,
    "id": "q4",
    "question": "What is the capital of France?",
  },
]
[90mstdout[2m | src/components/Editor3/plugins/QuizPlugin.stories.jsx[2m > [22m[2mRead Only With Quiz
[22m[39mQuestionBlock.grade.data keys: []
[90mstdout[2m | src/components/Editor3/plugins/QuizPlugin.stories.jsx[2m > [22m[2mRead Only With Quiz
[22m[39mQuestionBlock.grade.data[nodeKey]: undefined
[90mstdout[2m | src/components/Editor3/plugins/QuizPlugin.stories.jsx[2m > [22m[2mRead Only With Quiz
[22m[39mQuestionBlockRo.inProgress {}
[90mstdout[2m | src/components/Editor3/plugins/QuizPlugin.stories.jsx[2m > [22m[2mRead Only With Quiz
[22m[39m[Mock Data] Settings created: mock-settings-1790418958834 - notified 0 subscribers
[90mstdout[2m | src/components/Editor3/plugins/QuizPlugin.stories.jsx[2m > [22m[2mRead Only With Quiz
[22m[39m[Mock Data] Unit.onUpdate() subscription added. Total: 1
[90mstdout[2m | src/components/Editor3/plugins/QuizPlugin.stories.jsx[2m > [22m[2mRead Only With Quiz
[22m[39mQuestionBlockRo.grade {}
[90mstdout[2m | src/components/Editor3/plugins/QuizPlugin.stories.jsx[2m > [22m[2mRead Only With Quiz
[22m[39m......!q {
  "answer": "Paris",
  "correct": true,
  "id": "q1",
  "question": "What is the capital of France?",
}
[90mstdout[2m | src/components/Editor3/plugins/QuizPlugin.stories.jsx[2m > [22m[2mRead Only With Quiz
[22m[39m......!q {
  "answer": "London",
  "correct": false,
  "id": "q2",
  "question": "What is the capital of France?",
}
[90mstdout[2m | src/components/Editor3/plugins/QuizPlugin.stories.jsx[2m > [22m[2mRead Only With Quiz
[22m[39m......!q {
  "answer": "Berlin",
  "correct": false,
  "id": "q3",
  "question": "What is the capital of France?",
}
[90mstdout[2m | src/components/Editor3/plugins/QuizPlugin.stories.jsx[2m > [22m[2mRead Only With Quiz
[22m[39m......!q {
  "answer": "Madrid",
  "correct": false,
  "id": "q4",
  "question": "What is the capital of France?",
}
[90mstdout[2m | src/components/Editor3/plugins/QuizPlugin.stories.jsx[2m > [22m[2mRead Only With Quiz
[22m[39mQuestionBlock.nodeKey 11 type: string
[90mstdout[2m | src/components/Editor3/plugins/QuizPlugin.stories.jsx[2m > [22m[2mRead Only With Quiz
[22m[39mQuestionBlock.questionContent [
  {
    "answer": "Paris",
    "correct": true,
    "id": "q1",
    "question": "What is the capital of France?",
  },
  {
    "answer": "London",
    "correct": false,
    "id": "q2",
    "question": "What is the capital of France?",
  },
  {
    "answer": "Berlin",
    "correct": false,
    "id": "q3",
    "question": "What is the capital of France?",
  },
  {
    "answer": "Madrid",
    "correct": false,
    "id": "q4",
    "question": "What is the capital of France?",
  },
]
[90mstdout[2m | src/components/Editor3/plugins/QuizPlugin.stories.jsx[2m > [22m[2mRead Only With Quiz
[22m[39mQuestionBlock.grade.data keys: []
[90mstdout[2m | src/components/Editor3/plugins/QuizPlugin.stories.jsx[2m > [22m[2mRead Only With Quiz
[22m[39mQuestionBlock.grade.data[nodeKey]: undefined
[90mstdout[2m | src/components/Editor3/plugins/QuizPlugin.stories.jsx[2m > [22m[2mRead Only With Quiz
[22m[39mQuestionBlockRo.inProgress {}
[90mstdout[2m | src/components/Editor3/plugins/QuizPlugin.stories.jsx[2m > [22m[2mRead Only With Quiz
[22m[39m[SectionContext] Section observeQuery update: 0
[90mstdout[2m | src/components/Editor3/plugins/QuizPlugin.stories.jsx[2m > [22m[2mRead Only With Quiz
[22m[39m[FilesContext] File observeQuery update: 0 files
[90mstdout[2m | src/components/Editor3/plugins/QuizPlugin.stories.jsx[2m > [22m[2mRead Only With Quiz
[22m[39m[ChatContext] AssistantChat initialized with 0 chats
[90mstdout[2m | src/components/Editor3/plugins/QuizPlugin.stories.jsx[2m > [22m[2mRead Only With Quiz
[22m[39m[MOCK CourseVectorStore] Initialized with mock data
[90mstdout[2m | src/components/Editor3/plugins/QuizPlugin.stories.jsx[2m > [22m[2mRead Only With Quiz
[22m[39mQuestionBlockRo.grade undefined
[90mstdout[2m | src/components/Editor3/plugins/QuizPlugin.stories.jsx[2m > [22m[2mRead Only With Quiz
[22m[39m......!q {
  "answer": "Paris",
  "correct": true,
  "id": "q1",
  "question": "What is the capital of France?",
}
[90mstdout[2m | src/components/Editor3/plugins/QuizPlugin.stories.jsx[2m > [22m[2mRead Only With Quiz
[22m[39m......!q {
  "answer": "London",
  "correct": false,
  "id": "q2",
  "question": "What is the capital of France?",
}
[90mstdout[2m | src/components/Editor3/plugins/QuizPlugin.stories.jsx[2m > [22m[2mRead Only With Quiz
[22m[39m......!q {
  "answer": "Berlin",
  "correct": false,
  "id": "q3",
  "question": "What is the capital of France?",
}
[90mstdout[2m | src/components/Editor3/plugins/QuizPlugin.stories.jsx[2m > [22m[2mRead Only With Quiz
[22m[39m......!q {
  "answer": "Madrid",
  "correct": false,
  "id": "q4",
  "question": "What is the capital of France?",
}
[90mstdout[2m | src/components/Editor3/plugins/QuizPlugin.stories.jsx[2m > [22m[2mRead Only With Quiz
[22m[39mQuestionBlock.nodeKey 11 type: string
[90mstdout[2m | src/components/Editor3/plugins/QuizPlugin.stories.jsx[2m > [22m[2mRead Only With Quiz
[22m[39mQuestionBlock.questionContent [
  {
    "answer": "Paris",
    "correct": true,
    "id": "q1",
    "question": "What is the capital of France?",
  },
  {
    "answer": "London",
    "correct": false,
    "id": "q2",
    "question": "What is the capital of France?",
  },
  {
    "answer": "Berlin",
    "correct": false,
    "id": "q3",
    "question": "What is the capital of France?",
  },
  {
    "answer": "Madrid",
    "correct": false,
    "id": "q4",
    "question": "What is the capital of France?",
  },
]
[90mstdout[2m | src/components/Editor3/plugins/QuizPlugin.stories.jsx[2m > [22m[2mRead Only With Quiz
[22m[39mQuestionBlock.grade.data keys: []
[90mstdout[2m | src/components/Editor3/plugins/QuizPlugin.stories.jsx[2m > [22m[2mRead Only With Quiz
[22m[39mQuestionBlock.grade.data[nodeKey]: undefined
[90mstdout[2m | src/components/Editor3/plugins/QuizPlugin.stories.jsx[2m > [22m[2mRead Only With Quiz
[22m[39mQuestionBlockRo.inProgress {}
[90mstdout[2m | src/components/Editor3/plugins/QuizPlugin.stories.jsx[2m > [22m[2mRead Only With Quiz
[22m[39m[ChatContext] No current chat available, will create one
[90mstdout[2m | src/components/Editor3/plugins/QuizPlugin.stories.jsx[2m > [22m[2mRead Only With Quiz
[22m[39m[ChatContext] Creating AssistantChat with user: undefined
[90mstdout[2m | src/components/Editor3/plugins/QuizPlugin.stories.jsx[2m > [22m[2mRead Only With Quiz
[22m[39m[Mock Data] AssistantChat created: mock-assistantchat-1790418958886 - notified 1 subscribers
[90mstdout[2m | src/components/Editor3/plugins/QuizPlugin.stories.jsx[2m > [22m[2mRead Only With Quiz
[22m[39m[ChatContext] Create result: {
  "data": {
    "_version": 1,
    "archived": false,
    "chatFiles": [Function anonymous],
    "createdAt": "2026-09-26T10:35:58.886Z",
    "id": "mock-assistantchat-1790418958886",
    "model": "gpt-4",
    "updatedAt": "2026-09-26T10:35:58.886Z",
  },
  "errors": [],
  "hasData": true,
  "hasErrors": true,
}
[90mstdout[2m | src/components/Editor3/plugins/QuizPlugin.stories.jsx[2m > [22m[2mRead Only With Quiz
[22m[39m[ChatContext] Created AssistantChat: mock-assistantchat-1790418958886 at: 2026-09-26T10:35:58.886Z
[90mstdout[2m | src/components/Editor3/plugins/QuizPlugin.stories.jsx[2m > [22m[2mRead Only With Quiz
[22m[39m[Mock Storage] downloadData called with: undefined
[90mstdout[2m | src/components/Editor3/plugins/QuizPlugin.stories.jsx[2m > [22m[2mRead Only With Quiz
[22m[39m[ChatContext] Setting initial chat: mock-assistantchat-1790418958886
[90mstdout[2m | src/components/Editor3/plugins/QuizPlugin.stories.jsx[2m > [22m[2mRead Only With Quiz
[22m[39m[ChatContext] Chat exists and not archived, skipping creation
 [32m✓[39m [30m[45m storybook (chromium) [49m[39m src/components/Editor3/plugins/QuizPlugin.stories.jsx [2m([22m[2m3 tests[22m[2m)[22m[33m 616[2mms[22m[39m
[90mstdout[2m | unknown test
[22m[39m[MOCK vectorStoreDB.js] Module loaded - mock IndexedDB operations
[90mstdout[2m | unknown test
[22m[39m[Task Completion] DOM action listeners initialized
[90mstdout[2m | unknown test
[22m[39m[Task Completion] Auto-completion detector initialized
[90mstdout[2m | unknown test
[22m[39m[Preview] Task completion detector initialized
[90mstdout[2m | src/components/CollaborativeChat/ThreadView.stories.tsx[2m > [22m[2mWith Messages
[22m[39m[TranslationModeController] Setting mode to: off
[90mstdout[2m | src/components/CollaborativeChat/ThreadView.stories.tsx[2m > [22m[2mWith Typing Indicator
[22m[39m[TranslationModeController] Setting mode to: off
[90mstdout[2m | src/components/CollaborativeChat/ThreadView.stories.tsx[2m > [22m[2mEmpty Thread
[22m[39m[TranslationModeController] Setting mode to: off
[90mstdout[2m | src/components/CollaborativeChat/ThreadView.stories.tsx[2m > [22m[2mBot Conversation
[22m[39m[TranslationModeController] Setting mode to: off
 [32m✓[39m [30m[45m storybook (chromium) [49m[39m src/components/CollaborativeChat/ThreadView.stories.tsx [2m([22m[2m4 tests[22m[2m)[22m[33m 581[2mms[22m[39m
[90mstdout[2m | unknown test
[22m[39m[MOCK vectorStoreDB.js] Module loaded - mock IndexedDB operations
[90mstdout[2m | unknown test
[22m[39m[Task Completion] DOM action listeners initialized
[90mstdout[2m | unknown test
[22m[39m[Task Completion] Auto-completion detector initialized
[90mstdout[2m | unknown test
[22m[39m[Preview] Task completion detector initialized
[90mstdout[2m | src/components/Editor3/nodes/FileMetadataNode/FileMetadataComponent.stories.jsx[2m > [22m[2mPdf With Parsed Content
[22m[39m[MOCK CourseVectorStore] Initialized with mock data
[90mstdout[2m | src/components/Editor3/nodes/FileMetadataNode/FileMetadataComponent.stories.jsx[2m > [22m[2mPdf With Parsed Content
[22m[39m[TranslationModeController] Setting mode to: off
[90mstdout[2m | src/components/Editor3/nodes/FileMetadataNode/FileMetadataComponent.stories.jsx[2m > [22m[2mPdf With Parsed Content
[22m[39m[FilesContext] Initializing vector store from IndexedDB
[90mstdout[2m | src/components/Editor3/nodes/FileMetadataNode/FileMetadataComponent.stories.jsx[2m > [22m[2mPdf With Parsed Content
[22m[39m[FilesContext] fetchFiles called
[90mstdout[2m | src/components/Editor3/nodes/FileMetadataNode/FileMetadataComponent.stories.jsx[2m > [22m[2mPdf With Parsed Content
[22m[39m[FilesContext] User authenticated: mock-user-sub
[90mstdout[2m | src/components/Editor3/nodes/FileMetadataNode/FileMetadataComponent.stories.jsx[2m > [22m[2mPdf With Parsed Content
[22m[39m[FilesContext] Identity ID: us-east-1:mock-identity-123
[90mstdout[2m | src/components/Editor3/nodes/FileMetadataNode/FileMetadataComponent.stories.jsx[2m > [22m[2mPdf With Parsed Content
[22m[39m[FilesContext] About to set up File observeQuery
[90mstdout[2m | src/components/Editor3/nodes/FileMetadataNode/FileMetadataComponent.stories.jsx[2m > [22m[2mPdf With Parsed Content
[22m[39m[ChatContext] Setting up AssistantChat observeQuery
[90mstdout[2m | src/components/Editor3/nodes/FileMetadataNode/FileMetadataComponent.stories.jsx[2m > [22m[2mPdf With Parsed Content
[22m[39m[ChatContext] Waiting for subscription to initialize
[90mstdout[2m | src/components/Editor3/nodes/FileMetadataNode/FileMetadataComponent.stories.jsx[2m > [22m[2mPdf With Parsed Content
[22m[39m[SettingsContext] Setting up Settings subscription for user: mock-user-sub
[90mstdout[2m | src/components/Editor3/nodes/FileMetadataNode/FileMetadataComponent.stories.jsx[2m > [22m[2mPdf With Parsed Content
[22m[39m[Mock Data] Settings created: mock-settings-1790418966351 - notified 0 subscribers
[90mstdout[2m | src/components/Editor3/nodes/FileMetadataNode/FileMetadataComponent.stories.jsx[2m > [22m[2mPdf With Parsed Content
[22m[39m[FilesContext] File observeQuery update: 6 files
[90mstdout[2m | src/components/Editor3/nodes/FileMetadataNode/FileMetadataComponent.stories.jsx[2m > [22m[2mPdf With Parsed Content
[22m[39m[ChatContext] AssistantChat initialized with 1 chats
[90mstdout[2m | src/components/Editor3/nodes/FileMetadataNode/FileMetadataComponent.stories.jsx[2m > [22m[2mPdf With Parsed Content
[22m[39m[ChatContext] Setting initial chat: mock-assistant-chat-1
[90mstdout[2m | src/components/Editor3/nodes/FileMetadataNode/FileMetadataComponent.stories.jsx[2m > [22m[2mPdf With Parsed Content
[22m[39m[MOCK CourseVectorStore] Initialized with mock data
[90mstdout[2m | src/components/Editor3/nodes/FileMetadataNode/FileMetadataComponent.stories.jsx[2m > [22m[2mPdf With Parsed Content
[22m[39m[FilesContext] Vector store population triggered {
  "currentVectorStoreSize": 3,
  "documentsCount": 0,
  "filesCount": 6,
  "isInitialLoad": true,
}
[90mstdout[2m | src/components/Editor3/nodes/FileMetadataNode/FileMetadataComponent.stories.jsx[2m > [22m[2mPdf With Parsed Content
[22m[39m[FilesContext] Vector store population complete - 3 total embeddings
[90mstdout[2m | src/components/Editor3/nodes/FileMetadataNode/FileMetadataComponent.stories.jsx[2m > [22m[2mPdf With Parsed Content
[22m[39m[ChatContext] Chat exists and not archived, skipping creation
[90mstdout[2m | src/components/Editor3/nodes/FileMetadataNode/FileMetadataComponent.stories.jsx[2m > [22m[2mPdf With Parsed Content
[22m[39m[Mock Storage] downloadData called with: undefined
[90mstdout[2m | src/components/Editor3/nodes/FileMetadataNode/FileMetadataComponent.stories.jsx[2m > [22m[2mImage File
[22m[39m[ChatContext] Cleaning up subscriptions
[90mstdout[2m | src/components/Editor3/nodes/FileMetadataNode/FileMetadataComponent.stories.jsx[2m > [22m[2mImage File
[22m[39m[MOCK CourseVectorStore] Initialized with mock data
[90mstdout[2m | src/components/Editor3/nodes/FileMetadataNode/FileMetadataComponent.stories.jsx[2m > [22m[2mImage File
[22m[39m[TranslationModeController] Setting mode to: off
[90mstdout[2m | src/components/Editor3/nodes/FileMetadataNode/FileMetadataComponent.stories.jsx[2m > [22m[2mImage File
[22m[39m[FilesContext] Initializing vector store from IndexedDB
[90mstdout[2m | src/components/Editor3/nodes/FileMetadataNode/FileMetadataComponent.stories.jsx[2m > [22m[2mImage File
[22m[39m[FilesContext] fetchFiles called
[90mstdout[2m | src/components/Editor3/nodes/FileMetadataNode/FileMetadataComponent.stories.jsx[2m > [22m[2mImage File
[22m[39m[FilesContext] User authenticated: mock-user-sub
[90mstdout[2m | src/components/Editor3/nodes/FileMetadataNode/FileMetadataComponent.stories.jsx[2m > [22m[2mImage File
[22m[39m[FilesContext] Identity ID: us-east-1:mock-identity-123
[90mstdout[2m | src/components/Editor3/nodes/FileMetadataNode/FileMetadataComponent.stories.jsx[2m > [22m[2mImage File
[22m[39m[FilesContext] About to set up File observeQuery
[90mstdout[2m | src/components/Editor3/nodes/FileMetadataNode/FileMetadataComponent.stories.jsx[2m > [22m[2mImage File
[22m[39m[ChatContext] Setting up AssistantChat observeQuery
[90mstdout[2m | src/components/Editor3/nodes/FileMetadataNode/FileMetadataComponent.stories.jsx[2m > [22m[2mImage File
[22m[39m[ChatContext] Waiting for subscription to initialize
[90mstdout[2m | src/components/Editor3/nodes/FileMetadataNode/FileMetadataComponent.stories.jsx[2m > [22m[2mImage File
[22m[39m[SettingsContext] Setting up Settings subscription for user: mock-user-sub
[90mstdout[2m | src/components/Editor3/nodes/FileMetadataNode/FileMetadataComponent.stories.jsx[2m > [22m[2mImage File
[22m[39m[Mock Data] Settings created: mock-settings-1790418966589 - notified 0 subscribers
[90mstdout[2m | src/components/Editor3/nodes/FileMetadataNode/FileMetadataComponent.stories.jsx[2m > [22m[2mImage File
[22m[39m[FilesContext] File observeQuery update: 6 files
[90mstdout[2m | src/components/Editor3/nodes/FileMetadataNode/FileMetadataComponent.stories.jsx[2m > [22m[2mImage File
[22m[39m[ChatContext] AssistantChat initialized with 1 chats
[90mstdout[2m | src/components/Editor3/nodes/FileMetadataNode/FileMetadataComponent.stories.jsx[2m > [22m[2mImage File
[22m[39m[ChatContext] Setting initial chat: mock-assistant-chat-1
[90mstdout[2m | src/components/Editor3/nodes/FileMetadataNode/FileMetadataComponent.stories.jsx[2m > [22m[2mImage File
[22m[39m[MOCK CourseVectorStore] Initialized with mock data
[90mstdout[2m | src/components/Editor3/nodes/FileMetadataNode/FileMetadataComponent.stories.jsx[2m > [22m[2mImage File
[22m[39m[FilesContext] Vector store population triggered {
  "currentVectorStoreSize": 3,
  "documentsCount": 0,
  "filesCount": 6,
  "isInitialLoad": true,
}
[90mstdout[2m | src/components/Editor3/nodes/FileMetadataNode/FileMetadataComponent.stories.jsx[2m > [22m[2mImage File
[22m[39m[FilesContext] Vector store population complete - 3 total embeddings
[90mstdout[2m | src/components/Editor3/nodes/FileMetadataNode/FileMetadataComponent.stories.jsx[2m > [22m[2mImage File
[22m[39m[ChatContext] Chat exists and not archived, skipping creation
[90mstdout[2m | src/components/Editor3/nodes/FileMetadataNode/FileMetadataComponent.stories.jsx[2m > [22m[2mImage File
[22m[39m[Mock Storage] downloadData called with: undefined
[90mstdout[2m | src/components/Editor3/nodes/FileMetadataNode/FileMetadataComponent.stories.jsx[2m > [22m[2mWith Search
[22m[39m[ChatContext] Cleaning up subscriptions
[90mstdout[2m | src/components/Editor3/nodes/FileMetadataNode/FileMetadataComponent.stories.jsx[2m > [22m[2mWith Search
[22m[39m[MOCK CourseVectorStore] Initialized with mock data
[90mstdout[2m | src/components/Editor3/nodes/FileMetadataNode/FileMetadataComponent.stories.jsx[2m > [22m[2mWith Search
[22m[39m[TranslationModeController] Setting mode to: off
[90mstdout[2m | src/components/Editor3/nodes/FileMetadataNode/FileMetadataComponent.stories.jsx[2m > [22m[2mWith Search
[22m[39m[FilesContext] Initializing vector store from IndexedDB
[90mstdout[2m | src/components/Editor3/nodes/FileMetadataNode/FileMetadataComponent.stories.jsx[2m > [22m[2mWith Search
[22m[39m[FilesContext] fetchFiles called
[90mstdout[2m | src/components/Editor3/nodes/FileMetadataNode/FileMetadataComponent.stories.jsx[2m > [22m[2mWith Search
[22m[39m[FilesContext] User authenticated: mock-user-sub
[90mstdout[2m | src/components/Editor3/nodes/FileMetadataNode/FileMetadataComponent.stories.jsx[2m > [22m[2mWith Search
[22m[39m[FilesContext] Identity ID: us-east-1:mock-identity-123
[90mstdout[2m | src/components/Editor3/nodes/FileMetadataNode/FileMetadataComponent.stories.jsx[2m > [22m[2mWith Search
[22m[39m[FilesContext] About to set up File observeQuery
[90mstdout[2m | src/components/Editor3/nodes/FileMetadataNode/FileMetadataComponent.stories.jsx[2m > [22m[2mWith Search
[22m[39m[ChatContext] Setting up AssistantChat observeQuery
[90mstdout[2m | src/components/Editor3/nodes/FileMetadataNode/FileMetadataComponent.stories.jsx[2m > [22m[2mWith Search
[22m[39m[ChatContext] Waiting for subscription to initialize
[90mstdout[2m | src/components/Editor3/nodes/FileMetadataNode/FileMetadataComponent.stories.jsx[2m > [22m[2mWith Search
[22m[39m[SettingsContext] Setting up Settings subscription for user: mock-user-sub
[90mstdout[2m | src/components/Editor3/nodes/FileMetadataNode/FileMetadataComponent.stories.jsx[2m > [22m[2mWith Search
[22m[39m[Mock Data] Settings created: mock-settings-1790418966731 - notified 0 subscribers
[90mstdout[2m | src/components/Editor3/nodes/FileMetadataNode/FileMetadataComponent.stories.jsx[2m > [22m[2mWith Search
[22m[39m[FilesContext] File observeQuery update: 6 files
[90mstdout[2m | src/components/Editor3/nodes/FileMetadataNode/FileMetadataComponent.stories.jsx[2m > [22m[2mWith Search
[22m[39m[ChatContext] AssistantChat initialized with 1 chats
[90mstdout[2m | src/components/Editor3/nodes/FileMetadataNode/FileMetadataComponent.stories.jsx[2m > [22m[2mWith Search
[22m[39m[ChatContext] Setting initial chat: mock-assistant-chat-1
[90mstdout[2m | src/components/Editor3/nodes/FileMetadataNode/FileMetadataComponent.stories.jsx[2m > [22m[2mWith Search
[22m[39m[MOCK CourseVectorStore] Initialized with mock data
[90mstdout[2m | src/components/Editor3/nodes/FileMetadataNode/FileMetadataComponent.stories.jsx[2m > [22m[2mWith Search
[22m[39m[FilesContext] Vector store population triggered {
  "currentVectorStoreSize": 3,
  "documentsCount": 0,
  "filesCount": 6,
  "isInitialLoad": true,
}
[90mstdout[2m | src/components/Editor3/nodes/FileMetadataNode/FileMetadataComponent.stories.jsx[2m > [22m[2mWith Search
[22m[39m[FilesContext] Vector store population complete - 3 total embeddings
[90mstdout[2m | src/components/Editor3/nodes/FileMetadataNode/FileMetadataComponent.stories.jsx[2m > [22m[2mWith Search
[22m[39m[ChatContext] Chat exists and not archived, skipping creation
[90mstdout[2m | src/components/Editor3/nodes/FileMetadataNode/FileMetadataComponent.stories.jsx[2m > [22m[2mWith Search
[22m[39m[Mock Storage] downloadData called with: undefined
[90mstdout[2m | src/components/Editor3/nodes/FileMetadataNode/FileMetadataComponent.stories.jsx[2m > [22m[2mNo Parsed Content
[22m[39m[ChatContext] Cleaning up subscriptions
[90mstdout[2m | src/components/Editor3/nodes/FileMetadataNode/FileMetadataComponent.stories.jsx[2m > [22m[2mNo Parsed Content
[22m[39m[MOCK CourseVectorStore] Initialized with mock data
[90mstdout[2m | src/components/Editor3/nodes/FileMetadataNode/FileMetadataComponent.stories.jsx[2m > [22m[2mNo Parsed Content
[22m[39m[TranslationModeController] Setting mode to: off
[90mstdout[2m | src/components/Editor3/nodes/FileMetadataNode/FileMetadataComponent.stories.jsx[2m > [22m[2mNo Parsed Content
[22m[39m[FilesContext] Initializing vector store from IndexedDB
[90mstdout[2m | src/components/Editor3/nodes/FileMetadataNode/FileMetadataComponent.stories.jsx[2m > [22m[2mNo Parsed Content
[22m[39m[FilesContext] fetchFiles called
[90mstdout[2m | src/components/Editor3/nodes/FileMetadataNode/FileMetadataComponent.stories.jsx[2m > [22m[2mNo Parsed Content
[22m[39m[FilesContext] User authenticated: mock-user-sub
[90mstdout[2m | src/components/Editor3/nodes/FileMetadataNode/FileMetadataComponent.stories.jsx[2m > [22m[2mNo Parsed Content
[22m[39m[FilesContext] Identity ID: us-east-1:mock-identity-123
[90mstdout[2m | src/components/Editor3/nodes/FileMetadataNode/FileMetadataComponent.stories.jsx[2m > [22m[2mNo Parsed Content
[22m[39m[FilesContext] About to set up File observeQuery
[90mstdout[2m | src/components/Editor3/nodes/FileMetadataNode/FileMetadataComponent.stories.jsx[2m > [22m[2mNo Parsed Content
[22m[39m[ChatContext] Setting up AssistantChat observeQuery
[90mstdout[2m | src/components/Editor3/nodes/FileMetadataNode/FileMetadataComponent.stories.jsx[2m > [22m[2mNo Parsed Content
[22m[39m[ChatContext] Waiting for subscription to initialize
[90mstdout[2m | src/components/Editor3/nodes/FileMetadataNode/FileMetadataComponent.stories.jsx[2m > [22m[2mNo Parsed Content
[22m[39m[SettingsContext] Setting up Settings subscription for user: mock-user-sub
[90mstdout[2m | src/components/Editor3/nodes/FileMetadataNode/FileMetadataComponent.stories.jsx[2m > [22m[2mNo Parsed Content
[22m[39m[Mock Data] Settings created: mock-settings-1790418966862 - notified 0 subscribers
[90mstdout[2m | src/components/Editor3/nodes/FileMetadataNode/FileMetadataComponent.stories.jsx[2m > [22m[2mNo Parsed Content
[22m[39m[FilesContext] File observeQuery update: 6 files
[90mstdout[2m | src/components/Editor3/nodes/FileMetadataNode/FileMetadataComponent.stories.jsx[2m > [22m[2mNo Parsed Content
[22m[39m[ChatContext] AssistantChat initialized with 1 chats
[90mstdout[2m | src/components/Editor3/nodes/FileMetadataNode/FileMetadataComponent.stories.jsx[2m > [22m[2mNo Parsed Content
[22m[39m[ChatContext] Setting initial chat: mock-assistant-chat-1
[90mstdout[2m | src/components/Editor3/nodes/FileMetadataNode/FileMetadataComponent.stories.jsx[2m > [22m[2mNo Parsed Content
[22m[39m[MOCK CourseVectorStore] Initialized with mock data
[90mstdout[2m | src/components/Editor3/nodes/FileMetadataNode/FileMetadataComponent.stories.jsx[2m > [22m[2mNo Parsed Content
[22m[39m[FilesContext] Vector store population triggered {
  "currentVectorStoreSize": 3,
  "documentsCount": 0,
  "filesCount": 6,
  "isInitialLoad": true,
}
[90mstdout[2m | src/components/Editor3/nodes/FileMetadataNode/FileMetadataComponent.stories.jsx[2m > [22m[2mNo Parsed Content
[22m[39m[FilesContext] Vector store population complete - 3 total embeddings
[90mstdout[2m | src/components/Editor3/nodes/FileMetadataNode/FileMetadataComponent.stories.jsx[2m > [22m[2mNo Parsed Content
[22m[39m[ChatContext] Chat exists and not archived, skipping creation
[90mstdout[2m | src/components/Editor3/nodes/FileMetadataNode/FileMetadataComponent.stories.jsx[2m > [22m[2mNo Parsed Content
[22m[39m[Mock Storage] downloadData called with: undefined
 [32m✓[39m [30m[45m storybook (chromium) [49m[39m src/components/Editor3/nodes/FileMetadataNode/FileMetadataComponent.stories.jsx [2m([22m[2m4 tests[22m[2m)[22m[33m 697[2mms[22m[39m
[90mstdout[2m | unknown test
[22m[39m[MOCK vectorStoreDB.js] Module loaded - mock IndexedDB operations
[90mstdout[2m | unknown test
[22m[39m[Task Completion] DOM action listeners initialized
[90mstdout[2m | unknown test
[22m[39m[Task Completion] Auto-completion detector initialized
[90mstdout[2m | unknown test
[22m[39m[Preview] Task completion detector initialized
[90mstdout[2m | src/components/SectionAssigner.stories.jsx[2m > [22m[2mDefault
[22m[39m[MOCK CourseVectorStore] Initialized with mock data
[90mstdout[2m | src/components/SectionAssigner.stories.jsx[2m > [22m[2mDefault
[22m[39m[TranslationModeController] Setting mode to: off
[90mstdout[2m | src/components/SectionAssigner.stories.jsx[2m > [22m[2mDefault
[22m[39m[UnitContext] useEffect triggered {
  "authLoading": false,
  "hasUser": true,
  "id": "mock-unit-id",
  "userSub": "mock-user-sub",
}
[90mstdout[2m | src/components/SectionAssigner.stories.jsx[2m > [22m[2mDefault
[22m[39m[UnitContext] Fetching unit data for id: mock-unit-id
[90mstdout[2m | src/components/SectionAssigner.stories.jsx[2m > [22m[2mDefault
[22m[39m[FilesContext] Initializing vector store from IndexedDB
[90mstdout[2m | src/components/SectionAssigner.stories.jsx[2m > [22m[2mDefault
[22m[39m[FilesContext] fetchFiles called
[90mstdout[2m | src/components/SectionAssigner.stories.jsx[2m > [22m[2mDefault
[22m[39m[FilesContext] User authenticated: mock-user-sub
[90mstdout[2m | src/components/SectionAssigner.stories.jsx[2m > [22m[2mDefault
[22m[39m[FilesContext] Identity ID: us-east-1:mock-identity-123
[90mstdout[2m | src/components/SectionAssigner.stories.jsx[2m > [22m[2mDefault
[22m[39m[FilesContext] About to set up File observeQuery
[90mstdout[2m | src/components/SectionAssigner.stories.jsx[2m > [22m[2mDefault
[22m[39m[ChatContext] Setting up AssistantChat observeQuery
[90mstdout[2m | src/components/SectionAssigner.stories.jsx[2m > [22m[2mDefault
[22m[39m[ChatContext] Waiting for subscription to initialize
[90mstdout[2m | src/components/SectionAssigner.stories.jsx[2m > [22m[2mDefault
[22m[39m[SettingsContext] Setting up Settings subscription for user: mock-user-sub
[90mstdout[2m | src/components/SectionAssigner.stories.jsx[2m > [22m[2mDefault
[22m[39m[Mock Data] Settings created: mock-settings-1790418967484 - notified 0 subscribers
[90mstdout[2m | src/components/SectionAssigner.stories.jsx[2m > [22m[2mDefault
[22m[39m[Mock Data] Unit.onUpdate() subscription added. Total: 1
[90mstdout[2m | src/components/SectionAssigner.stories.jsx[2m > [22m[2mDefault
[22m[39m[SectionContext] Section observeQuery update: 0
[90mstdout[2m | src/components/SectionAssigner.stories.jsx[2m > [22m[2mDefault
[22m[39m[FilesContext] File observeQuery update: 6 files
[90mstdout[2m | src/components/SectionAssigner.stories.jsx[2m > [22m[2mDefault
[22m[39m[ChatContext] AssistantChat initialized with 1 chats
[90mstdout[2m | src/components/SectionAssigner.stories.jsx[2m > [22m[2mDefault
[22m[39m[ChatContext] Setting initial chat: mock-assistant-chat-1
[90mstdout[2m | src/components/SectionAssigner.stories.jsx[2m > [22m[2mDefault
[22m[39m[MOCK CourseVectorStore] Initialized with mock data
[90mstdout[2m | src/components/SectionAssigner.stories.jsx[2m > [22m[2mDefault
[22m[39m[FilesContext] Vector store population triggered {
  "currentVectorStoreSize": 3,
  "documentsCount": 0,
  "filesCount": 6,
  "isInitialLoad": true,
}
[90mstdout[2m | src/components/SectionAssigner.stories.jsx[2m > [22m[2mDefault
[22m[39m[FilesContext] Vector store population complete - 3 total embeddings
[90mstdout[2m | src/components/SectionAssigner.stories.jsx[2m > [22m[2mDefault
[22m[39m[ChatContext] Chat exists and not archived, skipping creation
[90mstdout[2m | src/components/SectionAssigner.stories.jsx[2m > [22m[2mDefault
[22m[39m[Mock Storage] downloadData called with: undefined
[90mstdout[2m | src/components/SectionAssigner.stories.jsx[2m > [22m[2mClosed
[22m[39m[ChatContext] Cleaning up subscriptions
[90mstdout[2m | src/components/SectionAssigner.stories.jsx[2m > [22m[2mClosed
[22m[39m[Mock Data] Unit.onUpdate() subscription removed. Remaining: 0
[90mstdout[2m | src/components/SectionAssigner.stories.jsx[2m > [22m[2mClosed
[22m[39m[MOCK CourseVectorStore] Initialized with mock data
[90mstdout[2m | src/components/SectionAssigner.stories.jsx[2m > [22m[2mClosed
[22m[39m[TranslationModeController] Setting mode to: off
[90mstdout[2m | src/components/SectionAssigner.stories.jsx[2m > [22m[2mClosed
[22m[39m[UnitContext] useEffect triggered {
  "authLoading": false,
  "hasUser": true,
  "id": "mock-unit-id",
  "userSub": "mock-user-sub",
}
[90mstdout[2m | src/components/SectionAssigner.stories.jsx[2m > [22m[2mClosed
[22m[39m[UnitContext] Fetching unit data for id: mock-unit-id
[90mstdout[2m | src/components/SectionAssigner.stories.jsx[2m > [22m[2mClosed
[22m[39m[FilesContext] Initializing vector store from IndexedDB
[90mstdout[2m | src/components/SectionAssigner.stories.jsx[2m > [22m[2mClosed
[22m[39m[FilesContext] fetchFiles called
[90mstdout[2m | src/components/SectionAssigner.stories.jsx[2m > [22m[2mClosed
[22m[39m[FilesContext] User authenticated: mock-user-sub
[90mstdout[2m | src/components/SectionAssigner.stories.jsx[2m > [22m[2mClosed
[22m[39m[FilesContext] Identity ID: us-east-1:mock-identity-123
[90mstdout[2m | src/components/SectionAssigner.stories.jsx[2m > [22m[2mClosed
[22m[39m[FilesContext] About to set up File observeQuery
[90mstdout[2m | src/components/SectionAssigner.stories.jsx[2m > [22m[2mClosed
[22m[39m[ChatContext] Setting up AssistantChat observeQuery
[90mstdout[2m | src/components/SectionAssigner.stories.jsx[2m > [22m[2mClosed
[22m[39m[ChatContext] Waiting for subscription to initialize
[90mstdout[2m | src/components/SectionAssigner.stories.jsx[2m > [22m[2mClosed
[22m[39m[SettingsContext] Setting up Settings subscription for user: mock-user-sub
[90mstdout[2m | src/components/SectionAssigner.stories.jsx[2m > [22m[2mClosed
[22m[39m[Mock Data] Settings created: mock-settings-1790418967680 - notified 0 subscribers
[90mstdout[2m | src/components/SectionAssigner.stories.jsx[2m > [22m[2mClosed
[22m[39m[Mock Data] Unit.onUpdate() subscription added. Total: 1
[90mstdout[2m | src/components/SectionAssigner.stories.jsx[2m > [22m[2mClosed
[22m[39m[SectionContext] Section observeQuery update: 0
[90mstdout[2m | src/components/SectionAssigner.stories.jsx[2m > [22m[2mClosed
[22m[39m[Mock Storage] downloadData called with: undefined
[90mstdout[2m | src/components/SectionAssigner.stories.jsx[2m > [22m[2mClosed
[22m[39m[FilesContext] File observeQuery update: 6 files
[90mstdout[2m | src/components/SectionAssigner.stories.jsx[2m > [22m[2mClosed
[22m[39m[ChatContext] AssistantChat initialized with 1 chats
[90mstdout[2m | src/components/SectionAssigner.stories.jsx[2m > [22m[2mClosed
[22m[39m[ChatContext] Setting initial chat: mock-assistant-chat-1
[90mstdout[2m | src/components/SectionAssigner.stories.jsx[2m > [22m[2mClosed
[22m[39m[MOCK CourseVectorStore] Initialized with mock data
[90mstdout[2m | src/components/SectionAssigner.stories.jsx[2m > [22m[2mClosed
[22m[39m[FilesContext] Vector store population triggered {
  "currentVectorStoreSize": 3,
  "documentsCount": 0,
  "filesCount": 6,
  "isInitialLoad": true,
}
[90mstdout[2m | src/components/SectionAssigner.stories.jsx[2m > [22m[2mClosed
[22m[39m[FilesContext] Vector store population complete - 3 total embeddings
[90mstdout[2m | src/components/SectionAssigner.stories.jsx[2m > [22m[2mClosed
[22m[39m[ChatContext] Chat exists and not archived, skipping creation
[90mstdout[2m | src/components/SectionAssigner.stories.jsx[2m > [22m[2mNo Sections
[22m[39m[ChatContext] Cleaning up subscriptions
[90mstdout[2m | src/components/SectionAssigner.stories.jsx[2m > [22m[2mNo Sections
[22m[39m[Mock Data] Unit.onUpdate() subscription removed. Remaining: 0
[90mstdout[2m | src/components/SectionAssigner.stories.jsx[2m > [22m[2mNo Sections
[22m[39m[MOCK CourseVectorStore] Initialized with mock data
[90mstdout[2m | src/components/SectionAssigner.stories.jsx[2m > [22m[2mNo Sections
[22m[39m[TranslationModeController] Setting mode to: off
[90mstdout[2m | src/components/SectionAssigner.stories.jsx[2m > [22m[2mNo Sections
[22m[39m[UnitContext] useEffect triggered {
  "authLoading": false,
  "hasUser": true,
  "id": "mock-unit-id",
  "userSub": "mock-user-sub",
}
[90mstdout[2m | src/components/SectionAssigner.stories.jsx[2m > [22m[2mNo Sections
[22m[39m[UnitContext] Fetching unit data for id: mock-unit-id
[90mstdout[2m | src/components/SectionAssigner.stories.jsx[2m > [22m[2mNo Sections
[22m[39m[FilesContext] Initializing vector store from IndexedDB
[90mstdout[2m | src/components/SectionAssigner.stories.jsx[2m > [22m[2mNo Sections
[22m[39m[FilesContext] fetchFiles called
[90mstdout[2m | src/components/SectionAssigner.stories.jsx[2m > [22m[2mNo Sections
[22m[39m[FilesContext] User authenticated: mock-user-sub
[90mstdout[2m | src/components/SectionAssigner.stories.jsx[2m > [22m[2mNo Sections
[22m[39m[FilesContext] Identity ID: us-east-1:mock-identity-123
[90mstdout[2m | src/components/SectionAssigner.stories.jsx[2m > [22m[2mNo Sections
[22m[39m[FilesContext] About to set up File observeQuery
[90mstdout[2m | src/components/SectionAssigner.stories.jsx[2m > [22m[2mNo Sections
[22m[39m[ChatContext] Setting up AssistantChat observeQuery
[90mstdout[2m | src/components/SectionAssigner.stories.jsx[2m > [22m[2mNo Sections
[22m[39m[ChatContext] Waiting for subscription to initialize
[90mstdout[2m | src/components/SectionAssigner.stories.jsx[2m > [22m[2mNo Sections
[22m[39m[SettingsContext] Setting up Settings subscription for user: mock-user-sub
[90mstdout[2m | src/components/SectionAssigner.stories.jsx[2m > [22m[2mNo Sections
[22m[39m[Mock Data] Settings created: mock-settings-1790418967801 - notified 0 subscribers
[90mstdout[2m | src/components/SectionAssigner.stories.jsx[2m > [22m[2mNo Sections
[22m[39m[Mock Data] Unit.onUpdate() subscription added. Total: 1
[90mstdout[2m | src/components/SectionAssigner.stories.jsx[2m > [22m[2mNo Sections
[22m[39m[SectionContext] Section observeQuery update: 0
[90mstdout[2m | src/components/SectionAssigner.stories.jsx[2m > [22m[2mNo Sections
[22m[39m[FilesContext] File observeQuery update: 6 files
[90mstdout[2m | src/components/SectionAssigner.stories.jsx[2m > [22m[2mNo Sections
[22m[39m[ChatContext] AssistantChat initialized with 1 chats
[90mstdout[2m | src/components/SectionAssigner.stories.jsx[2m > [22m[2mNo Sections
[22m[39m[ChatContext] Setting initial chat: mock-assistant-chat-1
[90mstdout[2m | src/components/SectionAssigner.stories.jsx[2m > [22m[2mNo Sections
[22m[39m[MOCK CourseVectorStore] Initialized with mock data
[90mstdout[2m | src/components/SectionAssigner.stories.jsx[2m > [22m[2mNo Sections
[22m[39m[FilesContext] Vector store population triggered {
  "currentVectorStoreSize": 3,
  "documentsCount": 0,
  "filesCount": 6,
  "isInitialLoad": true,
}
[90mstdout[2m | src/components/SectionAssigner.stories.jsx[2m > [22m[2mNo Sections
[22m[39m[FilesContext] Vector store population complete - 3 total embeddings
[90mstdout[2m | src/components/SectionAssigner.stories.jsx[2m > [22m[2mNo Sections
[22m[39m[ChatContext] Chat exists and not archived, skipping creation
[90mstdout[2m | src/components/SectionAssigner.stories.jsx[2m > [22m[2mNo Sections
[22m[39m[Mock Storage] downloadData called with: undefined
 [32m✓[39m [30m[45m storybook (chromium) [49m[39m src/components/SectionAssigner.stories.jsx [2m([22m[2m3 tests[22m[2m)[22m[33m 513[2mms[22m[39m
[90mstdout[2m | unknown test
[22m[39m[MOCK vectorStoreDB.js] Module loaded - mock IndexedDB operations
[90mstdout[2m | unknown test
[22m[39m[Task Completion] DOM action listeners initialized
[90mstdout[2m | unknown test
[22m[39m[Task Completion] Auto-completion detector initialized
[90mstdout[2m | unknown test
[22m[39m[Preview] Task completion detector initialized
[90mstdout[2m | src/components/QuestionEditor2.stories.jsx[2m > [22m[2mDefault
[22m[39m[MOCK CourseVectorStore] Initialized with mock data
[90mstdout[2m | src/components/QuestionEditor2.stories.jsx[2m > [22m[2mDefault
[22m[39m[Mock Data] seedMockUnit: Adding unit unit-1
[90mstdout[2m | src/components/QuestionEditor2.stories.jsx[2m > [22m[2mDefault
[22m[39m[Mock Data] seedMockQuestions: Adding 4 questions
[90mstdout[2m | src/components/QuestionEditor2.stories.jsx[2m > [22m[2mDefault
[22m[39m[TranslationModeController] Setting mode to: off
[90mstdout[2m | src/components/QuestionEditor2.stories.jsx[2m > [22m[2mDefault
[22m[39m[UnitContext] useEffect triggered {
  "authLoading": false,
  "hasUser": true,
  "id": "mock-unit-id",
  "userSub": "mock-user-sub",
}
[90mstdout[2m | src/components/QuestionEditor2.stories.jsx[2m > [22m[2mDefault
[22m[39m[UnitContext] Fetching unit data for id: mock-unit-id
[90mstdout[2m | src/components/QuestionEditor2.stories.jsx[2m > [22m[2mDefault
[22m[39m[FilesContext] Initializing vector store from IndexedDB
[90mstdout[2m | src/components/QuestionEditor2.stories.jsx[2m > [22m[2mDefault
[22m[39m[FilesContext] fetchFiles called
[90mstdout[2m | src/components/QuestionEditor2.stories.jsx[2m > [22m[2mDefault
[22m[39m[FilesContext] User authenticated: mock-user-sub
[90mstdout[2m | src/components/QuestionEditor2.stories.jsx[2m > [22m[2mDefault
[22m[39m[FilesContext] Identity ID: us-east-1:mock-identity-123
[90mstdout[2m | src/components/QuestionEditor2.stories.jsx[2m > [22m[2mDefault
[22m[39m[FilesContext] About to set up File observeQuery
[90mstdout[2m | src/components/QuestionEditor2.stories.jsx[2m > [22m[2mDefault
[22m[39m[ChatContext] Setting up AssistantChat observeQuery
[90mstdout[2m | src/components/QuestionEditor2.stories.jsx[2m > [22m[2mDefault
[22m[39m[ChatContext] Waiting for subscription to initialize
[90mstdout[2m | src/components/QuestionEditor2.stories.jsx[2m > [22m[2mDefault
[22m[39m[SettingsContext] Setting up Settings subscription for user: mock-user-sub
[90mstdout[2m | src/components/QuestionEditor2.stories.jsx[2m > [22m[2mDefault
[22m[39m[Mock Data] Settings created: mock-settings-1790418971349 - notified 0 subscribers
[90mstdout[2m | src/components/QuestionEditor2.stories.jsx[2m > [22m[2mDefault
[22m[39m[Mock Data] Unit.onUpdate() subscription added. Total: 1
[90mstdout[2m | src/components/QuestionEditor2.stories.jsx[2m > [22m[2mDefault
[22m[39m[SectionContext] Section observeQuery update: 0
[90mstdout[2m | src/components/QuestionEditor2.stories.jsx[2m > [22m[2mDefault
[22m[39m[FilesContext] File observeQuery update: 6 files
[90mstdout[2m | src/components/QuestionEditor2.stories.jsx[2m > [22m[2mDefault
[22m[39m[ChatContext] AssistantChat initialized with 1 chats
[90mstdout[2m | src/components/QuestionEditor2.stories.jsx[2m > [22m[2mDefault
[22m[39m[ChatContext] Setting initial chat: mock-assistant-chat-1
[90mstdout[2m | src/components/QuestionEditor2.stories.jsx[2m > [22m[2mDefault
[22m[39m[MOCK CourseVectorStore] Initialized with mock data
[90mstdout[2m | src/components/QuestionEditor2.stories.jsx[2m > [22m[2mDefault
[22m[39m[FilesContext] Vector store population triggered {
  "currentVectorStoreSize": 3,
  "documentsCount": 0,
  "filesCount": 6,
  "isInitialLoad": true,
}
[90mstdout[2m | src/components/QuestionEditor2.stories.jsx[2m > [22m[2mDefault
[22m[39m[FilesContext] Vector store population complete - 3 total embeddings
[90mstdout[2m | src/components/QuestionEditor2.stories.jsx[2m > [22m[2mDefault
[22m[39m[ChatContext] Chat exists and not archived, skipping creation
[90mstdout[2m | src/components/QuestionEditor2.stories.jsx[2m > [22m[2mDefault
[22m[39m[Mock Storage] downloadData called with: undefined
[90mstdout[2m | src/components/QuestionEditor2.stories.jsx[2m > [22m[2mEmpty
[22m[39m[ChatContext] Cleaning up subscriptions
[90mstdout[2m | src/components/QuestionEditor2.stories.jsx[2m > [22m[2mEmpty
[22m[39m[Mock Data] Unit.onUpdate() subscription removed. Remaining: 0
[90mstdout[2m | src/components/QuestionEditor2.stories.jsx[2m > [22m[2mEmpty
[22m[39m[Preview] Skipped initializing default mock data (initializeMockData=false)
[90mstdout[2m | src/components/QuestionEditor2.stories.jsx[2m > [22m[2mEmpty
[22m[39m[MOCK CourseVectorStore] Initialized with mock data
[90mstdout[2m | src/components/QuestionEditor2.stories.jsx[2m > [22m[2mEmpty
[22m[39m[Mock Data] seedMockUnit: Adding unit unit-1
[90mstdout[2m | src/components/QuestionEditor2.stories.jsx[2m > [22m[2mEmpty
[22m[39m[Mock Data] seedMockQuestions: Adding 4 questions
[90mstdout[2m | src/components/QuestionEditor2.stories.jsx[2m > [22m[2mEmpty
[22m[39m[TranslationModeController] Setting mode to: off
[90mstdout[2m | src/components/QuestionEditor2.stories.jsx[2m > [22m[2mEmpty
[22m[39m[UnitContext] useEffect triggered {
  "authLoading": false,
  "hasUser": true,
  "id": "mock-unit-id",
  "userSub": "mock-user-sub",
}
[90mstdout[2m | src/components/QuestionEditor2.stories.jsx[2m > [22m[2mEmpty
[22m[39m[UnitContext] Fetching unit data for id: mock-unit-id
[90mstdout[2m | src/components/QuestionEditor2.stories.jsx[2m > [22m[2mEmpty
[22m[39m[FilesContext] Initializing vector store from IndexedDB
[90mstdout[2m | src/components/QuestionEditor2.stories.jsx[2m > [22m[2mEmpty
[22m[39m[FilesContext] fetchFiles called
[90mstdout[2m | src/components/QuestionEditor2.stories.jsx[2m > [22m[2mEmpty
[22m[39m[FilesContext] User authenticated: mock-user-sub
[90mstdout[2m | src/components/QuestionEditor2.stories.jsx[2m > [22m[2mEmpty
[22m[39m[FilesContext] Identity ID: us-east-1:mock-identity-123
[90mstdout[2m | src/components/QuestionEditor2.stories.jsx[2m > [22m[2mEmpty
[22m[39m[FilesContext] About to set up File observeQuery
[90mstdout[2m | src/components/QuestionEditor2.stories.jsx[2m > [22m[2mEmpty
[22m[39m[ChatContext] Setting up AssistantChat observeQuery
[90mstdout[2m | src/components/QuestionEditor2.stories.jsx[2m > [22m[2mEmpty
[22m[39m[ChatContext] Waiting for subscription to initialize
[90mstdout[2m | src/components/QuestionEditor2.stories.jsx[2m > [22m[2mEmpty
[22m[39m[SettingsContext] Setting up Settings subscription for user: mock-user-sub
[90mstdout[2m | src/components/QuestionEditor2.stories.jsx[2m > [22m[2mEmpty
[22m[39m[Mock Data] Settings created: mock-settings-1790418971642 - notified 0 subscribers
[90mstdout[2m | src/components/QuestionEditor2.stories.jsx[2m > [22m[2mEmpty
[22m[39m[Mock Data] Unit.onUpdate() subscription added. Total: 1
[90mstdout[2m | src/components/QuestionEditor2.stories.jsx[2m > [22m[2mEmpty
[22m[39m[SectionContext] Section observeQuery update: 0
[90mstdout[2m | src/components/QuestionEditor2.stories.jsx[2m > [22m[2mEmpty
[22m[39m[FilesContext] File observeQuery update: 0 files
[90mstdout[2m | src/components/QuestionEditor2.stories.jsx[2m > [22m[2mEmpty
[22m[39m[ChatContext] AssistantChat initialized with 0 chats
[90mstdout[2m | src/components/QuestionEditor2.stories.jsx[2m > [22m[2mEmpty
[22m[39m[MOCK CourseVectorStore] Initialized with mock data
[90mstdout[2m | src/components/QuestionEditor2.stories.jsx[2m > [22m[2mEmpty
[22m[39m[ChatContext] No current chat available, will create one
[90mstdout[2m | src/components/QuestionEditor2.stories.jsx[2m > [22m[2mEmpty
[22m[39m[ChatContext] Creating AssistantChat with user: undefined
[90mstdout[2m | src/components/QuestionEditor2.stories.jsx[2m > [22m[2mEmpty
[22m[39m[Mock Data] AssistantChat created: mock-assistantchat-1790418971669 - notified 1 subscribers
[90mstdout[2m | src/components/QuestionEditor2.stories.jsx[2m > [22m[2mEmpty
[22m[39m[ChatContext] Create result: {
  "data": {
    "_version": 1,
    "archived": false,
    "chatFiles": [Function anonymous],
    "createdAt": "2026-09-26T10:36:11.669Z",
    "id": "mock-assistantchat-1790418971669",
    "model": "gpt-4",
    "updatedAt": "2026-09-26T10:36:11.669Z",
  },
  "errors": [],
  "hasData": true,
  "hasErrors": true,
}
[90mstdout[2m | src/components/QuestionEditor2.stories.jsx[2m > [22m[2mEmpty
[22m[39m[ChatContext] Created AssistantChat: mock-assistantchat-1790418971669 at: 2026-09-26T10:36:11.669Z
[90mstdout[2m | src/components/QuestionEditor2.stories.jsx[2m > [22m[2mEmpty
[22m[39m[Mock Storage] downloadData called with: undefined
[90mstdout[2m | src/components/QuestionEditor2.stories.jsx[2m > [22m[2mEmpty
[22m[39m[ChatContext] Setting initial chat: mock-assistantchat-1790418971669
[90mstdout[2m | src/components/QuestionEditor2.stories.jsx[2m > [22m[2mEmpty
[22m[39m[ChatContext] Chat exists and not archived, skipping creation
 [32m✓[39m [30m[45m storybook (chromium) [49m[39m src/components/QuestionEditor2.stories.jsx [2m([22m[2m2 tests[22m[2m)[22m[33m 581[2mms[22m[39m
   [33m[2m✓[22m[39m Default [33m 334[2mms[22m[39m
[90mstdout[2m | unknown test
[22m[39m[MOCK vectorStoreDB.js] Module loaded - mock IndexedDB operations
[90mstdout[2m | unknown test
[22m[39m[Task Completion] DOM action listeners initialized
[90mstdout[2m | unknown test
[22m[39m[Task Completion] Auto-completion detector initialized
[90mstdout[2m | unknown test
[22m[39m[Preview] Task completion detector initialized
[90mstdout[2m | src/components/Gamification/SquadMentionPill.stories.tsx[2m > [22m[2mDefault
[22m[39m[TranslationModeController] Setting mode to: off
[90mstdout[2m | src/components/Gamification/SquadMentionPill.stories.tsx[2m > [22m[2mMedium
[22m[39m[TranslationModeController] Setting mode to: off
[90mstdout[2m | src/components/Gamification/SquadMentionPill.stories.tsx[2m > [22m[2mWith Svg Crest
[22m[39m[TranslationModeController] Setting mode to: off
[90mstdout[2m | src/components/Gamification/SquadMentionPill.stories.tsx[2m > [22m[2mClickable
[22m[39m[TranslationModeController] Setting mode to: off
[90mstdout[2m | src/components/Gamification/SquadMentionPill.stories.tsx[2m > [22m[2mMultiple Inline
[22m[39m[TranslationModeController] Setting mode to: off
[90mstdout[2m | src/components/Gamification/SquadMentionPill.stories.tsx[2m > [22m[2mParsed From Template
[22m[39m[TranslationModeController] Setting mode to: off
 [32m✓[39m [30m[45m storybook (chromium) [49m[39m src/components/Gamification/SquadMentionPill.stories.tsx [2m([22m[2m6 tests[22m[2m)[22m[33m 486[2mms[22m[39m
[90mstdout[2m | unknown test
[22m[39m[MOCK vectorStoreDB.js] Module loaded - mock IndexedDB operations
[90mstdout[2m | unknown test
[22m[39m[Task Completion] DOM action listeners initialized
[90mstdout[2m | unknown test
[22m[39m[Task Completion] Auto-completion detector initialized
[90mstdout[2m | unknown test
[22m[39m[Preview] Task completion detector initialized
[90mstdout[2m | src/components/QuestionBlock.stories.jsx[2m > [22m[2mMultiple Choice
[22m[39m[MOCK CourseVectorStore] Initialized with mock data
[90mstdout[2m | src/components/QuestionBlock.stories.jsx[2m > [22m[2mMultiple Choice
[22m[39mblockKey mock-block-key
[90mstdout[2m | src/components/QuestionBlock.stories.jsx[2m > [22m[2mMultiple Choice
[22m[39mgutterRefs undefined
[90mstdout[2m | src/components/QuestionBlock.stories.jsx[2m > [22m[2mMultiple Choice
[22m[39m[TranslationModeController] Setting mode to: off
[90mstdout[2m | src/components/QuestionBlock.stories.jsx[2m > [22m[2mMultiple Choice
[22m[39m[UnitContext] useEffect triggered {
  "authLoading": false,
  "hasUser": true,
  "id": "mock-unit-id",
  "userSub": "mock-user-sub",
}
[90mstdout[2m | src/components/QuestionBlock.stories.jsx[2m > [22m[2mMultiple Choice
[22m[39m[UnitContext] Fetching unit data for id: mock-unit-id
[90mstdout[2m | src/components/QuestionBlock.stories.jsx[2m > [22m[2mMultiple Choice
[22m[39m[FilesContext] Initializing vector store from IndexedDB
[90mstdout[2m | src/components/QuestionBlock.stories.jsx[2m > [22m[2mMultiple Choice
[22m[39m[FilesContext] fetchFiles called
[90mstdout[2m | src/components/QuestionBlock.stories.jsx[2m > [22m[2mMultiple Choice
[22m[39m[FilesContext] User authenticated: mock-user-sub
[90mstdout[2m | src/components/QuestionBlock.stories.jsx[2m > [22m[2mMultiple Choice
[22m[39m[FilesContext] Identity ID: us-east-1:mock-identity-123
[90mstdout[2m | src/components/QuestionBlock.stories.jsx[2m > [22m[2mMultiple Choice
[22m[39m[FilesContext] About to set up File observeQuery
[90mstdout[2m | src/components/QuestionBlock.stories.jsx[2m > [22m[2mMultiple Choice
[22m[39m[ChatContext] Setting up AssistantChat observeQuery
[90mstdout[2m | src/components/QuestionBlock.stories.jsx[2m > [22m[2mMultiple Choice
[22m[39m[ChatContext] Waiting for subscription to initialize
[90mstdout[2m | src/components/QuestionBlock.stories.jsx[2m > [22m[2mMultiple Choice
[22m[39m[SettingsContext] Setting up Settings subscription for user: mock-user-sub
[90mstdout[2m | src/components/QuestionBlock.stories.jsx[2m > [22m[2mMultiple Choice
[22m[39mblockKey mock-block-key
[90mstdout[2m | src/components/QuestionBlock.stories.jsx[2m > [22m[2mMultiple Choice
[22m[39mgutterRefs undefined
[90mstdout[2m | src/components/QuestionBlock.stories.jsx[2m > [22m[2mMultiple Choice
[22m[39m[Mock Data] Settings created: mock-settings-1790418973220 - notified 0 subscribers
[90mstdout[2m | src/components/QuestionBlock.stories.jsx[2m > [22m[2mMultiple Choice
[22m[39m[Mock Data] Unit.onUpdate() subscription added. Total: 1
[90mstdout[2m | src/components/QuestionBlock.stories.jsx[2m > [22m[2mMultiple Choice
[22m[39mblockKey mock-block-key
[90mstdout[2m | src/components/QuestionBlock.stories.jsx[2m > [22m[2mMultiple Choice
[22m[39mgutterRefs undefined
[90mstdout[2m | src/components/QuestionBlock.stories.jsx[2m > [22m[2mMultiple Choice
[22m[39m[SectionContext] Section observeQuery update: 0
[90mstdout[2m | src/components/QuestionBlock.stories.jsx[2m > [22m[2mMultiple Choice
[22m[39m[FilesContext] File observeQuery update: 6 files
[90mstdout[2m | src/components/QuestionBlock.stories.jsx[2m > [22m[2mMultiple Choice
[22m[39m[ChatContext] AssistantChat initialized with 1 chats
[90mstdout[2m | src/components/QuestionBlock.stories.jsx[2m > [22m[2mMultiple Choice
[22m[39m[ChatContext] Setting initial chat: mock-assistant-chat-1
[90mstdout[2m | src/components/QuestionBlock.stories.jsx[2m > [22m[2mMultiple Choice
[22m[39m[MOCK CourseVectorStore] Initialized with mock data
[90mstdout[2m | src/components/QuestionBlock.stories.jsx[2m > [22m[2mMultiple Choice
[22m[39mblockKey mock-block-key
[90mstdout[2m | src/components/QuestionBlock.stories.jsx[2m > [22m[2mMultiple Choice
[22m[39mgutterRefs undefined
[90mstdout[2m | src/components/QuestionBlock.stories.jsx[2m > [22m[2mMultiple Choice
[22m[39m[FilesContext] Vector store population triggered {
  "currentVectorStoreSize": 3,
  "documentsCount": 0,
  "filesCount": 6,
  "isInitialLoad": true,
}
[90mstdout[2m | src/components/QuestionBlock.stories.jsx[2m > [22m[2mMultiple Choice
[22m[39m[FilesContext] Vector store population complete - 3 total embeddings
[90mstdout[2m | src/components/QuestionBlock.stories.jsx[2m > [22m[2mMultiple Choice
[22m[39m[ChatContext] Chat exists and not archived, skipping creation
[90mstdout[2m | src/components/QuestionBlock.stories.jsx[2m > [22m[2mMultiple Choice
[22m[39m[Mock Storage] downloadData called with: undefined
[90mstdout[2m | src/components/QuestionBlock.stories.jsx[2m > [22m[2mTrue False
[22m[39m[ChatContext] Cleaning up subscriptions
[90mstdout[2m | src/components/QuestionBlock.stories.jsx[2m > [22m[2mTrue False
[22m[39m[Mock Data] Unit.onUpdate() subscription removed. Remaining: 0
[90mstdout[2m | src/components/QuestionBlock.stories.jsx[2m > [22m[2mTrue False
[22m[39m[MOCK CourseVectorStore] Initialized with mock data
[90mstdout[2m | src/components/QuestionBlock.stories.jsx[2m > [22m[2mTrue False
[22m[39mblockKey mock-block-key
[90mstdout[2m | src/components/QuestionBlock.stories.jsx[2m > [22m[2mTrue False
[22m[39mgutterRefs undefined
[90mstdout[2m | src/components/QuestionBlock.stories.jsx[2m > [22m[2mTrue False
[22m[39m[TranslationModeController] Setting mode to: off
[90mstdout[2m | src/components/QuestionBlock.stories.jsx[2m > [22m[2mTrue False
[22m[39m[UnitContext] useEffect triggered {
  "authLoading": false,
  "hasUser": true,
  "id": "mock-unit-id",
  "userSub": "mock-user-sub",
}
[90mstdout[2m | src/components/QuestionBlock.stories.jsx[2m > [22m[2mTrue False
[22m[39m[UnitContext] Fetching unit data for id: mock-unit-id
[90mstdout[2m | src/components/QuestionBlock.stories.jsx[2m > [22m[2mTrue False
[22m[39m[FilesContext] Initializing vector store from IndexedDB
[90mstdout[2m | src/components/QuestionBlock.stories.jsx[2m > [22m[2mTrue False
[22m[39m[FilesContext] fetchFiles called
[90mstdout[2m | src/components/QuestionBlock.stories.jsx[2m > [22m[2mTrue False
[22m[39m[FilesContext] User authenticated: mock-user-sub
[90mstdout[2m | src/components/QuestionBlock.stories.jsx[2m > [22m[2mTrue False
[22m[39m[FilesContext] Identity ID: us-east-1:mock-identity-123
[90mstdout[2m | src/components/QuestionBlock.stories.jsx[2m > [22m[2mTrue False
[22m[39m[FilesContext] About to set up File observeQuery
[90mstdout[2m | src/components/QuestionBlock.stories.jsx[2m > [22m[2mTrue False
[22m[39m[ChatContext] Setting up AssistantChat observeQuery
[90mstdout[2m | src/components/QuestionBlock.stories.jsx[2m > [22m[2mTrue False
[22m[39m[ChatContext] Waiting for subscription to initialize
[90mstdout[2m | src/components/QuestionBlock.stories.jsx[2m > [22m[2mTrue False
[22m[39m[SettingsContext] Setting up Settings subscription for user: mock-user-sub
[90mstdout[2m | src/components/QuestionBlock.stories.jsx[2m > [22m[2mTrue False
[22m[39mblockKey mock-block-key
[90mstdout[2m | src/components/QuestionBlock.stories.jsx[2m > [22m[2mTrue False
[22m[39mgutterRefs undefined
[90mstdout[2m | src/components/QuestionBlock.stories.jsx[2m > [22m[2mTrue False
[22m[39m[Mock Data] Settings created: mock-settings-1790418973428 - notified 0 subscribers
[90mstdout[2m | src/components/QuestionBlock.stories.jsx[2m > [22m[2mTrue False
[22m[39m[Mock Data] Unit.onUpdate() subscription added. Total: 1
[90mstdout[2m | src/components/QuestionBlock.stories.jsx[2m > [22m[2mTrue False
[22m[39mblockKey mock-block-key
[90mstdout[2m | src/components/QuestionBlock.stories.jsx[2m > [22m[2mTrue False
[22m[39mgutterRefs undefined
[90mstdout[2m | src/components/QuestionBlock.stories.jsx[2m > [22m[2mTrue False
[22m[39m[SectionContext] Section observeQuery update: 0
[90mstdout[2m | src/components/QuestionBlock.stories.jsx[2m > [22m[2mTrue False
[22m[39m[FilesContext] File observeQuery update: 6 files
[90mstdout[2m | src/components/QuestionBlock.stories.jsx[2m > [22m[2mTrue False
[22m[39m[ChatContext] AssistantChat initialized with 1 chats
[90mstdout[2m | src/components/QuestionBlock.stories.jsx[2m > [22m[2mTrue False
[22m[39m[ChatContext] Setting initial chat: mock-assistant-chat-1
[90mstdout[2m | src/components/QuestionBlock.stories.jsx[2m > [22m[2mTrue False
[22m[39m[MOCK CourseVectorStore] Initialized with mock data
[90mstdout[2m | src/components/QuestionBlock.stories.jsx[2m > [22m[2mTrue False
[22m[39mblockKey mock-block-key
[90mstdout[2m | src/components/QuestionBlock.stories.jsx[2m > [22m[2mTrue False
[22m[39mgutterRefs undefined
[90mstdout[2m | src/components/QuestionBlock.stories.jsx[2m > [22m[2mTrue False
[22m[39m[FilesContext] Vector store population triggered {
  "currentVectorStoreSize": 3,
  "documentsCount": 0,
  "filesCount": 6,
  "isInitialLoad": true,
}
[90mstdout[2m | src/components/QuestionBlock.stories.jsx[2m > [22m[2mTrue False
[22m[39m[FilesContext] Vector store population complete - 3 total embeddings
[90mstdout[2m | src/components/QuestionBlock.stories.jsx[2m > [22m[2mTrue False
[22m[39m[ChatContext] Chat exists and not archived, skipping creation
[90mstdout[2m | src/components/QuestionBlock.stories.jsx[2m > [22m[2mTrue False
[22m[39m[Mock Storage] downloadData called with: undefined
[90mstdout[2m | src/components/QuestionBlock.stories.jsx[2m > [22m[2mMany Answers
[22m[39m[ChatContext] Cleaning up subscriptions
[90mstdout[2m | src/components/QuestionBlock.stories.jsx[2m > [22m[2mMany Answers
[22m[39m[Mock Data] Unit.onUpdate() subscription removed. Remaining: 0
[90mstdout[2m | src/components/QuestionBlock.stories.jsx[2m > [22m[2mMany Answers
[22m[39m[MOCK CourseVectorStore] Initialized with mock data
[90mstdout[2m | src/components/QuestionBlock.stories.jsx[2m > [22m[2mMany Answers
[22m[39mblockKey mock-block-key
[90mstdout[2m | src/components/QuestionBlock.stories.jsx[2m > [22m[2mMany Answers
[22m[39mgutterRefs undefined
[90mstdout[2m | src/components/QuestionBlock.stories.jsx[2m > [22m[2mMany Answers
[22m[39m[TranslationModeController] Setting mode to: off
[90mstdout[2m | src/components/QuestionBlock.stories.jsx[2m > [22m[2mMany Answers
[22m[39m[UnitContext] useEffect triggered {
  "authLoading": false,
  "hasUser": true,
  "id": "mock-unit-id",
  "userSub": "mock-user-sub",
}
[90mstdout[2m | src/components/QuestionBlock.stories.jsx[2m > [22m[2mMany Answers
[22m[39m[UnitContext] Fetching unit data for id: mock-unit-id
[90mstdout[2m | src/components/QuestionBlock.stories.jsx[2m > [22m[2mMany Answers
[22m[39m[FilesContext] Initializing vector store from IndexedDB
[90mstdout[2m | src/components/QuestionBlock.stories.jsx[2m > [22m[2mMany Answers
[22m[39m[FilesContext] fetchFiles called
[90mstdout[2m | src/components/QuestionBlock.stories.jsx[2m > [22m[2mMany Answers
[22m[39m[FilesContext] User authenticated: mock-user-sub
[90mstdout[2m | src/components/QuestionBlock.stories.jsx[2m > [22m[2mMany Answers
[22m[39m[FilesContext] Identity ID: us-east-1:mock-identity-123
[90mstdout[2m | src/components/QuestionBlock.stories.jsx[2m > [22m[2mMany Answers
[22m[39m[FilesContext] About to set up File observeQuery
[90mstdout[2m | src/components/QuestionBlock.stories.jsx[2m > [22m[2mMany Answers
[22m[39m[ChatContext] Setting up AssistantChat observeQuery
[90mstdout[2m | src/components/QuestionBlock.stories.jsx[2m > [22m[2mMany Answers
[22m[39m[ChatContext] Waiting for subscription to initialize
[90mstdout[2m | src/components/QuestionBlock.stories.jsx[2m > [22m[2mMany Answers
[22m[39m[SettingsContext] Setting up Settings subscription for user: mock-user-sub
[90mstdout[2m | src/components/QuestionBlock.stories.jsx[2m > [22m[2mMany Answers
[22m[39mblockKey mock-block-key
[90mstdout[2m | src/components/QuestionBlock.stories.jsx[2m > [22m[2mMany Answers
[22m[39mgutterRefs undefined
[90mstdout[2m | src/components/QuestionBlock.stories.jsx[2m > [22m[2mMany Answers
[22m[39m[Mock Data] Settings created: mock-settings-1790418973590 - notified 0 subscribers
[90mstdout[2m | src/components/QuestionBlock.stories.jsx[2m > [22m[2mMany Answers
[22m[39m[Mock Data] Unit.onUpdate() subscription added. Total: 1
[90mstdout[2m | src/components/QuestionBlock.stories.jsx[2m > [22m[2mMany Answers
[22m[39mblockKey mock-block-key
[90mstdout[2m | src/components/QuestionBlock.stories.jsx[2m > [22m[2mMany Answers
[22m[39mgutterRefs undefined
[90mstdout[2m | src/components/QuestionBlock.stories.jsx[2m > [22m[2mMany Answers
[22m[39m[SectionContext] Section observeQuery update: 0
[90mstdout[2m | src/components/QuestionBlock.stories.jsx[2m > [22m[2mMany Answers
[22m[39m[FilesContext] File observeQuery update: 6 files
[90mstdout[2m | src/components/QuestionBlock.stories.jsx[2m > [22m[2mMany Answers
[22m[39m[ChatContext] AssistantChat initialized with 1 chats
[90mstdout[2m | src/components/QuestionBlock.stories.jsx[2m > [22m[2mMany Answers
[22m[39m[ChatContext] Setting initial chat: mock-assistant-chat-1
[90mstdout[2m | src/components/QuestionBlock.stories.jsx[2m > [22m[2mMany Answers
[22m[39m[MOCK CourseVectorStore] Initialized with mock data
[90mstdout[2m | src/components/QuestionBlock.stories.jsx[2m > [22m[2mMany Answers
[22m[39mblockKey mock-block-key
[90mstdout[2m | src/components/QuestionBlock.stories.jsx[2m > [22m[2mMany Answers
[22m[39mgutterRefs undefined
[90mstdout[2m | src/components/QuestionBlock.stories.jsx[2m > [22m[2mMany Answers
[22m[39m[FilesContext] Vector store population triggered {
  "currentVectorStoreSize": 3,
  "documentsCount": 0,
  "filesCount": 6,
  "isInitialLoad": true,
}
[90mstdout[2m | src/components/QuestionBlock.stories.jsx[2m > [22m[2mMany Answers
[22m[39m[FilesContext] Vector store population complete - 3 total embeddings
[90mstdout[2m | src/components/QuestionBlock.stories.jsx[2m > [22m[2mMany Answers
[22m[39m[ChatContext] Chat exists and not archived, skipping creation
[90mstdout[2m | src/components/QuestionBlock.stories.jsx[2m > [22m[2mMany Answers
[22m[39m[Mock Storage] downloadData called with: undefined
 [32m✓[39m [30m[45m storybook (chromium) [49m[39m src/components/QuestionBlock.stories.jsx [2m([22m[2m3 tests[22m[2m)[22m[33m 559[2mms[22m[39m
[90mstdout[2m | unknown test
[22m[39m[MOCK vectorStoreDB.js] Module loaded - mock IndexedDB operations
[90mstdout[2m | unknown test
[22m[39m[Task Completion] DOM action listeners initialized
[90mstdout[2m | unknown test
[22m[39m[Task Completion] Auto-completion detector initialized
[90mstdout[2m | unknown test
[22m[39m[Preview] Task completion detector initialized
[90mstdout[2m | src/components/Workbook/WorkbookPresenceBar.stories.tsx[2m > [22m[2mThree Users
[22m[39m[MOCK CourseVectorStore] Initialized with mock data
[90mstdout[2m | src/components/Workbook/WorkbookPresenceBar.stories.tsx[2m > [22m[2mThree Users
[22m[39m[TranslationModeController] Setting mode to: off
[90mstdout[2m | src/components/Workbook/WorkbookPresenceBar.stories.tsx[2m > [22m[2mThree Users
[22m[39m[UnitContext] useEffect triggered {
  "authLoading": false,
  "hasUser": true,
  "id": "mock-unit-id",
  "userSub": "mock-user-sub",
}
[90mstdout[2m | src/components/Workbook/WorkbookPresenceBar.stories.tsx[2m > [22m[2mThree Users
[22m[39m[UnitContext] Fetching unit data for id: mock-unit-id
[90mstdout[2m | src/components/Workbook/WorkbookPresenceBar.stories.tsx[2m > [22m[2mThree Users
[22m[39m[FilesContext] Initializing vector store from IndexedDB
[90mstdout[2m | src/components/Workbook/WorkbookPresenceBar.stories.tsx[2m > [22m[2mThree Users
[22m[39m[FilesContext] fetchFiles called
[90mstdout[2m | src/components/Workbook/WorkbookPresenceBar.stories.tsx[2m > [22m[2mThree Users
[22m[39m[FilesContext] User authenticated: mock-user-sub
[90mstdout[2m | src/components/Workbook/WorkbookPresenceBar.stories.tsx[2m > [22m[2mThree Users
[22m[39m[FilesContext] Identity ID: us-east-1:mock-identity-123
[90mstdout[2m | src/components/Workbook/WorkbookPresenceBar.stories.tsx[2m > [22m[2mThree Users
[22m[39m[FilesContext] About to set up File observeQuery
[90mstdout[2m | src/components/Workbook/WorkbookPresenceBar.stories.tsx[2m > [22m[2mThree Users
[22m[39m[ChatContext] Setting up AssistantChat observeQuery
[90mstdout[2m | src/components/Workbook/WorkbookPresenceBar.stories.tsx[2m > [22m[2mThree Users
[22m[39m[ChatContext] Waiting for subscription to initialize
[90mstdout[2m | src/components/Workbook/WorkbookPresenceBar.stories.tsx[2m > [22m[2mThree Users
[22m[39m[SettingsContext] Setting up Settings subscription for user: mock-user-sub
[90mstdout[2m | src/components/Workbook/WorkbookPresenceBar.stories.tsx[2m > [22m[2mThree Users
[22m[39m[Mock Data] Settings created: mock-settings-1790418974133 - notified 0 subscribers
[90mstdout[2m | src/components/Workbook/WorkbookPresenceBar.stories.tsx[2m > [22m[2mThree Users
[22m[39m[Mock Data] Unit.onUpdate() subscription added. Total: 1
[90mstdout[2m | src/components/Workbook/WorkbookPresenceBar.stories.tsx[2m > [22m[2mThree Users
[22m[39m[SectionContext] Section observeQuery update: 0
[90mstdout[2m | src/components/Workbook/WorkbookPresenceBar.stories.tsx[2m > [22m[2mThree Users
[22m[39m[FilesContext] File observeQuery update: 6 files
[90mstdout[2m | src/components/Workbook/WorkbookPresenceBar.stories.tsx[2m > [22m[2mThree Users
[22m[39m[ChatContext] AssistantChat initialized with 1 chats
[90mstdout[2m | src/components/Workbook/WorkbookPresenceBar.stories.tsx[2m > [22m[2mThree Users
[22m[39m[ChatContext] Setting initial chat: mock-assistant-chat-1
[90mstdout[2m | src/components/Workbook/WorkbookPresenceBar.stories.tsx[2m > [22m[2mThree Users
[22m[39m[MOCK CourseVectorStore] Initialized with mock data
[90mstdout[2m | src/components/Workbook/WorkbookPresenceBar.stories.tsx[2m > [22m[2mThree Users
[22m[39m[FilesContext] Vector store population triggered {
  "currentVectorStoreSize": 3,
  "documentsCount": 0,
  "filesCount": 6,
  "isInitialLoad": true,
}
[90mstdout[2m | src/components/Workbook/WorkbookPresenceBar.stories.tsx[2m > [22m[2mThree Users
[22m[39m[FilesContext] Vector store population complete - 3 total embeddings
[90mstdout[2m | src/components/Workbook/WorkbookPresenceBar.stories.tsx[2m > [22m[2mThree Users
[22m[39m[ChatContext] Chat exists and not archived, skipping creation
[90mstdout[2m | src/components/Workbook/WorkbookPresenceBar.stories.tsx[2m > [22m[2mThree Users
[22m[39m[Mock Storage] downloadData called with: undefined
[90mstdout[2m | src/components/Workbook/WorkbookPresenceBar.stories.tsx[2m > [22m[2mSingle User
[22m[39m[ChatContext] Cleaning up subscriptions
[90mstdout[2m | src/components/Workbook/WorkbookPresenceBar.stories.tsx[2m > [22m[2mSingle User
[22m[39m[Mock Data] Unit.onUpdate() subscription removed. Remaining: 0
[90mstdout[2m | src/components/Workbook/WorkbookPresenceBar.stories.tsx[2m > [22m[2mSingle User
[22m[39m[MOCK CourseVectorStore] Initialized with mock data
[90mstdout[2m | src/components/Workbook/WorkbookPresenceBar.stories.tsx[2m > [22m[2mSingle User
[22m[39m[TranslationModeController] Setting mode to: off
[90mstdout[2m | src/components/Workbook/WorkbookPresenceBar.stories.tsx[2m > [22m[2mSingle User
[22m[39m[UnitContext] useEffect triggered {
  "authLoading": false,
  "hasUser": true,
  "id": "mock-unit-id",
  "userSub": "mock-user-sub",
}
[90mstdout[2m | src/components/Workbook/WorkbookPresenceBar.stories.tsx[2m > [22m[2mSingle User
[22m[39m[UnitContext] Fetching unit data for id: mock-unit-id
[90mstdout[2m | src/components/Workbook/WorkbookPresenceBar.stories.tsx[2m > [22m[2mSingle User
[22m[39m[FilesContext] Initializing vector store from IndexedDB
[90mstdout[2m | src/components/Workbook/WorkbookPresenceBar.stories.tsx[2m > [22m[2mSingle User
[22m[39m[FilesContext] fetchFiles called
[90mstdout[2m | src/components/Workbook/WorkbookPresenceBar.stories.tsx[2m > [22m[2mSingle User
[22m[39m[FilesContext] User authenticated: mock-user-sub
[90mstdout[2m | src/components/Workbook/WorkbookPresenceBar.stories.tsx[2m > [22m[2mSingle User
[22m[39m[FilesContext] Identity ID: us-east-1:mock-identity-123
[90mstdout[2m | src/components/Workbook/WorkbookPresenceBar.stories.tsx[2m > [22m[2mSingle User
[22m[39m[FilesContext] About to set up File observeQuery
[90mstdout[2m | src/components/Workbook/WorkbookPresenceBar.stories.tsx[2m > [22m[2mSingle User
[22m[39m[ChatContext] Setting up AssistantChat observeQuery
[90mstdout[2m | src/components/Workbook/WorkbookPresenceBar.stories.tsx[2m > [22m[2mSingle User
[22m[39m[ChatContext] Waiting for subscription to initialize
[90mstdout[2m | src/components/Workbook/WorkbookPresenceBar.stories.tsx[2m > [22m[2mSingle User
[22m[39m[SettingsContext] Setting up Settings subscription for user: mock-user-sub
[90mstdout[2m | src/components/Workbook/WorkbookPresenceBar.stories.tsx[2m > [22m[2mSingle User
[22m[39m[Mock Data] Settings created: mock-settings-1790418974304 - notified 0 subscribers
[90mstdout[2m | src/components/Workbook/WorkbookPresenceBar.stories.tsx[2m > [22m[2mSingle User
[22m[39m[Mock Data] Unit.onUpdate() subscription added. Total: 1
[90mstdout[2m | src/components/Workbook/WorkbookPresenceBar.stories.tsx[2m > [22m[2mSingle User
[22m[39m[SectionContext] Section observeQuery update: 0
[90mstdout[2m | src/components/Workbook/WorkbookPresenceBar.stories.tsx[2m > [22m[2mSingle User
[22m[39m[FilesContext] File observeQuery update: 6 files
[90mstdout[2m | src/components/Workbook/WorkbookPresenceBar.stories.tsx[2m > [22m[2mSingle User
[22m[39m[ChatContext] AssistantChat initialized with 1 chats
[90mstdout[2m | src/components/Workbook/WorkbookPresenceBar.stories.tsx[2m > [22m[2mSingle User
[22m[39m[ChatContext] Setting initial chat: mock-assistant-chat-1
[90mstdout[2m | src/components/Workbook/WorkbookPresenceBar.stories.tsx[2m > [22m[2mSingle User
[22m[39m[MOCK CourseVectorStore] Initialized with mock data
[90mstdout[2m | src/components/Workbook/WorkbookPresenceBar.stories.tsx[2m > [22m[2mSingle User
[22m[39m[FilesContext] Vector store population triggered {
  "currentVectorStoreSize": 3,
  "documentsCount": 0,
  "filesCount": 6,
  "isInitialLoad": true,
}
[90mstdout[2m | src/components/Workbook/WorkbookPresenceBar.stories.tsx[2m > [22m[2mSingle User
[22m[39m[FilesContext] Vector store population complete - 3 total embeddings
[90mstdout[2m | src/components/Workbook/WorkbookPresenceBar.stories.tsx[2m > [22m[2mSingle User
[22m[39m[ChatContext] Chat exists and not archived, skipping creation
[90mstdout[2m | src/components/Workbook/WorkbookPresenceBar.stories.tsx[2m > [22m[2mSingle User
[22m[39m[Mock Storage] downloadData called with: undefined
[90mstdout[2m | src/components/Workbook/WorkbookPresenceBar.stories.tsx[2m > [22m[2mWith Idle Users
[22m[39m[ChatContext] Cleaning up subscriptions
[90mstdout[2m | src/components/Workbook/WorkbookPresenceBar.stories.tsx[2m > [22m[2mWith Idle Users
[22m[39m[Mock Data] Unit.onUpdate() subscription removed. Remaining: 0
[90mstdout[2m | src/components/Workbook/WorkbookPresenceBar.stories.tsx[2m > [22m[2mWith Idle Users
[22m[39m[MOCK CourseVectorStore] Initialized with mock data
[90mstdout[2m | src/components/Workbook/WorkbookPresenceBar.stories.tsx[2m > [22m[2mWith Idle Users
[22m[39m[TranslationModeController] Setting mode to: off
[90mstdout[2m | src/components/Workbook/WorkbookPresenceBar.stories.tsx[2m > [22m[2mWith Idle Users
[22m[39m[UnitContext] useEffect triggered {
  "authLoading": false,
  "hasUser": true,
  "id": "mock-unit-id",
  "userSub": "mock-user-sub",
}
[90mstdout[2m | src/components/Workbook/WorkbookPresenceBar.stories.tsx[2m > [22m[2mWith Idle Users
[22m[39m[UnitContext] Fetching unit data for id: mock-unit-id
[90mstdout[2m | src/components/Workbook/WorkbookPresenceBar.stories.tsx[2m > [22m[2mWith Idle Users
[22m[39m[FilesContext] Initializing vector store from IndexedDB
[90mstdout[2m | src/components/Workbook/WorkbookPresenceBar.stories.tsx[2m > [22m[2mWith Idle Users
[22m[39m[FilesContext] fetchFiles called
[90mstdout[2m | src/components/Workbook/WorkbookPresenceBar.stories.tsx[2m > [22m[2mWith Idle Users
[22m[39m[FilesContext] User authenticated: mock-user-sub
[90mstdout[2m | src/components/Workbook/WorkbookPresenceBar.stories.tsx[2m > [22m[2mWith Idle Users
[22m[39m[FilesContext] Identity ID: us-east-1:mock-identity-123
[90mstdout[2m | src/components/Workbook/WorkbookPresenceBar.stories.tsx[2m > [22m[2mWith Idle Users
[22m[39m[FilesContext] About to set up File observeQuery
[90mstdout[2m | src/components/Workbook/WorkbookPresenceBar.stories.tsx[2m > [22m[2mWith Idle Users
[22m[39m[ChatContext] Setting up AssistantChat observeQuery
[90mstdout[2m | src/components/Workbook/WorkbookPresenceBar.stories.tsx[2m > [22m[2mWith Idle Users
[22m[39m[ChatContext] Waiting for subscription to initialize
[90mstdout[2m | src/components/Workbook/WorkbookPresenceBar.stories.tsx[2m > [22m[2mWith Idle Users
[22m[39m[SettingsContext] Setting up Settings subscription for user: mock-user-sub
[90mstdout[2m | src/components/Workbook/WorkbookPresenceBar.stories.tsx[2m > [22m[2mWith Idle Users
[22m[39m[Mock Data] Settings created: mock-settings-1790418974407 - notified 0 subscribers
[90mstdout[2m | src/components/Workbook/WorkbookPresenceBar.stories.tsx[2m > [22m[2mWith Idle Users
[22m[39m[Mock Data] Unit.onUpdate() subscription added. Total: 1
[90mstdout[2m | src/components/Workbook/WorkbookPresenceBar.stories.tsx[2m > [22m[2mWith Idle Users
[22m[39m[SectionContext] Section observeQuery update: 0
[90mstdout[2m | src/components/Workbook/WorkbookPresenceBar.stories.tsx[2m > [22m[2mWith Idle Users
[22m[39m[FilesContext] File observeQuery update: 6 files
[90mstdout[2m | src/components/Workbook/WorkbookPresenceBar.stories.tsx[2m > [22m[2mWith Idle Users
[22m[39m[ChatContext] AssistantChat initialized with 1 chats
[90mstdout[2m | src/components/Workbook/WorkbookPresenceBar.stories.tsx[2m > [22m[2mWith Idle Users
[22m[39m[ChatContext] Setting initial chat: mock-assistant-chat-1
[90mstdout[2m | src/components/Workbook/WorkbookPresenceBar.stories.tsx[2m > [22m[2mWith Idle Users
[22m[39m[MOCK CourseVectorStore] Initialized with mock data
[90mstdout[2m | src/components/Workbook/WorkbookPresenceBar.stories.tsx[2m > [22m[2mWith Idle Users
[22m[39m[FilesContext] Vector store population triggered {
  "currentVectorStoreSize": 3,
  "documentsCount": 0,
  "filesCount": 6,
  "isInitialLoad": true,
}
[90mstdout[2m | src/components/Workbook/WorkbookPresenceBar.stories.tsx[2m > [22m[2mWith Idle Users
[22m[39m[FilesContext] Vector store population complete - 3 total embeddings
[90mstdout[2m | src/components/Workbook/WorkbookPresenceBar.stories.tsx[2m > [22m[2mWith Idle Users
[22m[39m[ChatContext] Chat exists and not archived, skipping creation
[90mstdout[2m | src/components/Workbook/WorkbookPresenceBar.stories.tsx[2m > [22m[2mWith Idle Users
[22m[39m[Mock Storage] downloadData called with: undefined
[90mstdout[2m | src/components/Workbook/WorkbookPresenceBar.stories.tsx[2m > [22m[2mOverflow
[22m[39m[ChatContext] Cleaning up subscriptions
[90mstdout[2m | src/components/Workbook/WorkbookPresenceBar.stories.tsx[2m > [22m[2mOverflow
[22m[39m[Mock Data] Unit.onUpdate() subscription removed. Remaining: 0
[90mstdout[2m | src/components/Workbook/WorkbookPresenceBar.stories.tsx[2m > [22m[2mOverflow
[22m[39m[MOCK CourseVectorStore] Initialized with mock data
[90mstdout[2m | src/components/Workbook/WorkbookPresenceBar.stories.tsx[2m > [22m[2mOverflow
[22m[39m[TranslationModeController] Setting mode to: off
[90mstdout[2m | src/components/Workbook/WorkbookPresenceBar.stories.tsx[2m > [22m[2mOverflow
[22m[39m[UnitContext] useEffect triggered {
  "authLoading": false,
  "hasUser": true,
  "id": "mock-unit-id",
  "userSub": "mock-user-sub",
}
[90mstdout[2m | src/components/Workbook/WorkbookPresenceBar.stories.tsx[2m > [22m[2mOverflow
[22m[39m[UnitContext] Fetching unit data for id: mock-unit-id
[90mstdout[2m | src/components/Workbook/WorkbookPresenceBar.stories.tsx[2m > [22m[2mOverflow
[22m[39m[FilesContext] Initializing vector store from IndexedDB
[90mstdout[2m | src/components/Workbook/WorkbookPresenceBar.stories.tsx[2m > [22m[2mOverflow
[22m[39m[FilesContext] fetchFiles called
[90mstdout[2m | src/components/Workbook/WorkbookPresenceBar.stories.tsx[2m > [22m[2mOverflow
[22m[39m[FilesContext] User authenticated: mock-user-sub
[90mstdout[2m | src/components/Workbook/WorkbookPresenceBar.stories.tsx[2m > [22m[2mOverflow
[22m[39m[FilesContext] Identity ID: us-east-1:mock-identity-123
[90mstdout[2m | src/components/Workbook/WorkbookPresenceBar.stories.tsx[2m > [22m[2mOverflow
[22m[39m[FilesContext] About to set up File observeQuery
[90mstdout[2m | src/components/Workbook/WorkbookPresenceBar.stories.tsx[2m > [22m[2mOverflow
[22m[39m[ChatContext] Setting up AssistantChat observeQuery
[90mstdout[2m | src/components/Workbook/WorkbookPresenceBar.stories.tsx[2m > [22m[2mOverflow
[22m[39m[ChatContext] Waiting for subscription to initialize
[90mstdout[2m | src/components/Workbook/WorkbookPresenceBar.stories.tsx[2m > [22m[2mOverflow
[22m[39m[SettingsContext] Setting up Settings subscription for user: mock-user-sub
[90mstdout[2m | src/components/Workbook/WorkbookPresenceBar.stories.tsx[2m > [22m[2mOverflow
[22m[39m[Mock Data] Settings created: mock-settings-1790418974507 - notified 0 subscribers
[90mstdout[2m | src/components/Workbook/WorkbookPresenceBar.stories.tsx[2m > [22m[2mOverflow
[22m[39m[Mock Data] Unit.onUpdate() subscription added. Total: 1
[90mstdout[2m | src/components/Workbook/WorkbookPresenceBar.stories.tsx[2m > [22m[2mOverflow
[22m[39m[SectionContext] Section observeQuery update: 0
[90mstdout[2m | src/components/Workbook/WorkbookPresenceBar.stories.tsx[2m > [22m[2mOverflow
[22m[39m[FilesContext] File observeQuery update: 6 files
[90mstdout[2m | src/components/Workbook/WorkbookPresenceBar.stories.tsx[2m > [22m[2mOverflow
[22m[39m[ChatContext] AssistantChat initialized with 1 chats
[90mstdout[2m | src/components/Workbook/WorkbookPresenceBar.stories.tsx[2m > [22m[2mOverflow
[22m[39m[ChatContext] Setting initial chat: mock-assistant-chat-1
[90mstdout[2m | src/components/Workbook/WorkbookPresenceBar.stories.tsx[2m > [22m[2mOverflow
[22m[39m[MOCK CourseVectorStore] Initialized with mock data
[90mstdout[2m | src/components/Workbook/WorkbookPresenceBar.stories.tsx[2m > [22m[2mOverflow
[22m[39m[FilesContext] Vector store population triggered {
  "currentVectorStoreSize": 3,
  "documentsCount": 0,
  "filesCount": 6,
  "isInitialLoad": true,
}
[90mstdout[2m | src/components/Workbook/WorkbookPresenceBar.stories.tsx[2m > [22m[2mOverflow
[22m[39m[FilesContext] Vector store population complete - 3 total embeddings
[90mstdout[2m | src/components/Workbook/WorkbookPresenceBar.stories.tsx[2m > [22m[2mOverflow
[22m[39m[ChatContext] Chat exists and not archived, skipping creation
[90mstdout[2m | src/components/Workbook/WorkbookPresenceBar.stories.tsx[2m > [22m[2mOverflow
[22m[39m[Mock Storage] downloadData called with: undefined
[90mstdout[2m | src/components/Workbook/WorkbookPresenceBar.stories.tsx[2m > [22m[2mEmpty
[22m[39m[ChatContext] Cleaning up subscriptions
[90mstdout[2m | src/components/Workbook/WorkbookPresenceBar.stories.tsx[2m > [22m[2mEmpty
[22m[39m[Mock Data] Unit.onUpdate() subscription removed. Remaining: 0
[90mstdout[2m | src/components/Workbook/WorkbookPresenceBar.stories.tsx[2m > [22m[2mEmpty
[22m[39m[MOCK CourseVectorStore] Initialized with mock data
[90mstdout[2m | src/components/Workbook/WorkbookPresenceBar.stories.tsx[2m > [22m[2mEmpty
[22m[39m[TranslationModeController] Setting mode to: off
[90mstdout[2m | src/components/Workbook/WorkbookPresenceBar.stories.tsx[2m > [22m[2mEmpty
[22m[39m[UnitContext] useEffect triggered {
  "authLoading": false,
  "hasUser": true,
  "id": "mock-unit-id",
  "userSub": "mock-user-sub",
}
[90mstdout[2m | src/components/Workbook/WorkbookPresenceBar.stories.tsx[2m > [22m[2mEmpty
[22m[39m[UnitContext] Fetching unit data for id: mock-unit-id
[90mstdout[2m | src/components/Workbook/WorkbookPresenceBar.stories.tsx[2m > [22m[2mEmpty
[22m[39m[FilesContext] Initializing vector store from IndexedDB
[90mstdout[2m | src/components/Workbook/WorkbookPresenceBar.stories.tsx[2m > [22m[2mEmpty
[22m[39m[FilesContext] fetchFiles called
[90mstdout[2m | src/components/Workbook/WorkbookPresenceBar.stories.tsx[2m > [22m[2mEmpty
[22m[39m[FilesContext] User authenticated: mock-user-sub
[90mstdout[2m | src/components/Workbook/WorkbookPresenceBar.stories.tsx[2m > [22m[2mEmpty
[22m[39m[FilesContext] Identity ID: us-east-1:mock-identity-123
[90mstdout[2m | src/components/Workbook/WorkbookPresenceBar.stories.tsx[2m > [22m[2mEmpty
[22m[39m[FilesContext] About to set up File observeQuery
[90mstdout[2m | src/components/Workbook/WorkbookPresenceBar.stories.tsx[2m > [22m[2mEmpty
[22m[39m[ChatContext] Setting up AssistantChat observeQuery
[90mstdout[2m | src/components/Workbook/WorkbookPresenceBar.stories.tsx[2m > [22m[2mEmpty
[22m[39m[ChatContext] Waiting for subscription to initialize
[90mstdout[2m | src/components/Workbook/WorkbookPresenceBar.stories.tsx[2m > [22m[2mEmpty
[22m[39m[SettingsContext] Setting up Settings subscription for user: mock-user-sub
[90mstdout[2m | src/components/Workbook/WorkbookPresenceBar.stories.tsx[2m > [22m[2mEmpty
[22m[39m[Mock Data] Settings created: mock-settings-1790418974602 - notified 0 subscribers
[90mstdout[2m | src/components/Workbook/WorkbookPresenceBar.stories.tsx[2m > [22m[2mEmpty
[22m[39m[Mock Data] Unit.onUpdate() subscription added. Total: 1
[90mstdout[2m | src/components/Workbook/WorkbookPresenceBar.stories.tsx[2m > [22m[2mEmpty
[22m[39m[SectionContext] Section observeQuery update: 0
[90mstdout[2m | src/components/Workbook/WorkbookPresenceBar.stories.tsx[2m > [22m[2mEmpty
[22m[39m[Mock Storage] downloadData called with: undefined
[90mstdout[2m | src/components/Workbook/WorkbookPresenceBar.stories.tsx[2m > [22m[2mEmpty
[22m[39m[FilesContext] File observeQuery update: 6 files
[90mstdout[2m | src/components/Workbook/WorkbookPresenceBar.stories.tsx[2m > [22m[2mEmpty
[22m[39m[ChatContext] AssistantChat initialized with 1 chats
[90mstdout[2m | src/components/Workbook/WorkbookPresenceBar.stories.tsx[2m > [22m[2mEmpty
[22m[39m[ChatContext] Setting initial chat: mock-assistant-chat-1
[90mstdout[2m | src/components/Workbook/WorkbookPresenceBar.stories.tsx[2m > [22m[2mEmpty
[22m[39m[MOCK CourseVectorStore] Initialized with mock data
[90mstdout[2m | src/components/Workbook/WorkbookPresenceBar.stories.tsx[2m > [22m[2mEmpty
[22m[39m[FilesContext] Vector store population triggered {
  "currentVectorStoreSize": 3,
  "documentsCount": 0,
  "filesCount": 6,
  "isInitialLoad": true,
}
[90mstdout[2m | src/components/Workbook/WorkbookPresenceBar.stories.tsx[2m > [22m[2mEmpty
[22m[39m[FilesContext] Vector store population complete - 3 total embeddings
[90mstdout[2m | src/components/Workbook/WorkbookPresenceBar.stories.tsx[2m > [22m[2mEmpty
[22m[39m[ChatContext] Chat exists and not archived, skipping creation
 [32m✓[39m [30m[45m storybook (chromium) [49m[39m src/components/Workbook/WorkbookPresenceBar.stories.tsx [2m([22m[2m5 tests[22m[2m)[22m[33m 586[2mms[22m[39m
[90mstdout[2m | unknown test
[22m[39m[MOCK vectorStoreDB.js] Module loaded - mock IndexedDB operations
[90mstdout[2m | unknown test
[22m[39m[Task Completion] DOM action listeners initialized
[90mstdout[2m | unknown test
[22m[39m[Task Completion] Auto-completion detector initialized
[90mstdout[2m | unknown test
[22m[39m[Preview] Task completion detector initialized
[90mstdout[2m | src/components/Editor3/plugins/SearchHighlightPlugin.stories.jsx[2m > [22m[2mDefault
[22m[39m[Preview] Skipped initializing default mock data (initializeMockData=false)
[90mstdout[2m | src/components/Editor3/plugins/SearchHighlightPlugin.stories.jsx[2m > [22m[2mDefault
[22m[39m[MOCK CourseVectorStore] Initialized with mock data
[90mstdout[2m | src/components/Editor3/plugins/SearchHighlightPlugin.stories.jsx[2m > [22m[2mDefault
[22m[39m[TranslationModeController] Setting mode to: off
[90mstdout[2m | src/components/Editor3/plugins/SearchHighlightPlugin.stories.jsx[2m > [22m[2mDefault
[22m[39m[UnitContext] useEffect triggered {
  "authLoading": false,
  "hasUser": true,
  "id": "mock-unit-id",
  "userSub": "mock-user-sub",
}
[90mstdout[2m | src/components/Editor3/plugins/SearchHighlightPlugin.stories.jsx[2m > [22m[2mDefault
[22m[39m[UnitContext] Fetching unit data for id: mock-unit-id
[90mstdout[2m | src/components/Editor3/plugins/SearchHighlightPlugin.stories.jsx[2m > [22m[2mDefault
[22m[39m[FilesContext] Initializing vector store from IndexedDB
[90mstdout[2m | src/components/Editor3/plugins/SearchHighlightPlugin.stories.jsx[2m > [22m[2mDefault
[22m[39m[FilesContext] fetchFiles called
[90mstdout[2m | src/components/Editor3/plugins/SearchHighlightPlugin.stories.jsx[2m > [22m[2mDefault
[22m[39m[FilesContext] User authenticated: mock-user-sub
[90mstdout[2m | src/components/Editor3/plugins/SearchHighlightPlugin.stories.jsx[2m > [22m[2mDefault
[22m[39m[FilesContext] Identity ID: us-east-1:mock-identity-123
[90mstdout[2m | src/components/Editor3/plugins/SearchHighlightPlugin.stories.jsx[2m > [22m[2mDefault
[22m[39m[FilesContext] About to set up File observeQuery
[90mstdout[2m | src/components/Editor3/plugins/SearchHighlightPlugin.stories.jsx[2m > [22m[2mDefault
[22m[39m[ChatContext] Setting up AssistantChat observeQuery
[90mstdout[2m | src/components/Editor3/plugins/SearchHighlightPlugin.stories.jsx[2m > [22m[2mDefault
[22m[39m[ChatContext] Waiting for subscription to initialize
[90mstdout[2m | src/components/Editor3/plugins/SearchHighlightPlugin.stories.jsx[2m > [22m[2mDefault
[22m[39m[SettingsContext] Setting up Settings subscription for user: mock-user-sub
[90mstdout[2m | src/components/Editor3/plugins/SearchHighlightPlugin.stories.jsx[2m > [22m[2mDefault
[22m[39m[Mock Data] Settings created: mock-settings-1790418975128 - notified 0 subscribers
[90mstdout[2m | src/components/Editor3/plugins/SearchHighlightPlugin.stories.jsx[2m > [22m[2mDefault
[22m[39m[Mock Data] Unit.onUpdate() subscription added. Total: 1
[90mstdout[2m | src/components/Editor3/plugins/SearchHighlightPlugin.stories.jsx[2m > [22m[2mDefault
[22m[39m[SectionContext] Section observeQuery update: 0
[90mstdout[2m | src/components/Editor3/plugins/SearchHighlightPlugin.stories.jsx[2m > [22m[2mDefault
[22m[39m[FilesContext] File observeQuery update: 0 files
[90mstdout[2m | src/components/Editor3/plugins/SearchHighlightPlugin.stories.jsx[2m > [22m[2mDefault
[22m[39m[MOCK CourseVectorStore] Initialized with mock data
[90mstdout[2m | src/components/Editor3/plugins/SearchHighlightPlugin.stories.jsx[2m > [22m[2mDefault
[22m[39m[ChatContext] AssistantChat initialized with 0 chats
[90mstdout[2m | src/components/Editor3/plugins/SearchHighlightPlugin.stories.jsx[2m > [22m[2mDefault
[22m[39m[Mock Storage] downloadData called with: undefined
[90mstdout[2m | src/components/Editor3/plugins/SearchHighlightPlugin.stories.jsx[2m > [22m[2mDefault
[22m[39m[ChatContext] No current chat available, will create one
[90mstdout[2m | src/components/Editor3/plugins/SearchHighlightPlugin.stories.jsx[2m > [22m[2mDefault
[22m[39m[ChatContext] Creating AssistantChat with user: undefined
[90mstdout[2m | src/components/Editor3/plugins/SearchHighlightPlugin.stories.jsx[2m > [22m[2mDefault
[22m[39m[Mock Data] AssistantChat created: mock-assistantchat-1790418975146 - notified 1 subscribers
[90mstdout[2m | src/components/Editor3/plugins/SearchHighlightPlugin.stories.jsx[2m > [22m[2mDefault
[22m[39m[ChatContext] Create result: {
  "data": {
    "_version": 1,
    "archived": false,
    "chatFiles": [Function anonymous],
    "createdAt": "2026-09-26T10:36:15.146Z",
    "id": "mock-assistantchat-1790418975146",
    "model": "gpt-4",
    "updatedAt": "2026-09-26T10:36:15.146Z",
  },
  "errors": [],
  "hasData": true,
  "hasErrors": true,
}
[90mstdout[2m | src/components/Editor3/plugins/SearchHighlightPlugin.stories.jsx[2m > [22m[2mDefault
[22m[39m[ChatContext] Created AssistantChat: mock-assistantchat-1790418975146 at: 2026-09-26T10:36:15.146Z
[90mstdout[2m | src/components/Editor3/plugins/SearchHighlightPlugin.stories.jsx[2m > [22m[2mDefault
[22m[39m[ChatContext] Setting initial chat: mock-assistantchat-1790418975146
[90mstdout[2m | src/components/Editor3/plugins/SearchHighlightPlugin.stories.jsx[2m > [22m[2mDefault
[22m[39m[ChatContext] Chat exists and not archived, skipping creation
[90mstdout[2m | src/components/Editor3/plugins/SearchHighlightPlugin.stories.jsx[2m > [22m[2mWith Multiple Matches
[22m[39m[ChatContext] Cleaning up subscriptions
[90mstdout[2m | src/components/Editor3/plugins/SearchHighlightPlugin.stories.jsx[2m > [22m[2mWith Multiple Matches
[22m[39m[Mock Data] Unit.onUpdate() subscription removed. Remaining: 0
[90mstdout[2m | src/components/Editor3/plugins/SearchHighlightPlugin.stories.jsx[2m > [22m[2mWith Multiple Matches
[22m[39m[Preview] Skipped initializing default mock data (initializeMockData=false)
[90mstdout[2m | src/components/Editor3/plugins/SearchHighlightPlugin.stories.jsx[2m > [22m[2mWith Multiple Matches
[22m[39m[MOCK CourseVectorStore] Initialized with mock data
[90mstdout[2m | src/components/Editor3/plugins/SearchHighlightPlugin.stories.jsx[2m > [22m[2mWith Multiple Matches
[22m[39m[TranslationModeController] Setting mode to: off
[90mstdout[2m | src/components/Editor3/plugins/SearchHighlightPlugin.stories.jsx[2m > [22m[2mWith Multiple Matches
[22m[39m[UnitContext] useEffect triggered {
  "authLoading": false,
  "hasUser": true,
  "id": "mock-unit-id",
  "userSub": "mock-user-sub",
}
[90mstdout[2m | src/components/Editor3/plugins/SearchHighlightPlugin.stories.jsx[2m > [22m[2mWith Multiple Matches
[22m[39m[UnitContext] Fetching unit data for id: mock-unit-id
[90mstdout[2m | src/components/Editor3/plugins/SearchHighlightPlugin.stories.jsx[2m > [22m[2mWith Multiple Matches
[22m[39m[FilesContext] Initializing vector store from IndexedDB
[90mstdout[2m | src/components/Editor3/plugins/SearchHighlightPlugin.stories.jsx[2m > [22m[2mWith Multiple Matches
[22m[39m[FilesContext] fetchFiles called
[90mstdout[2m | src/components/Editor3/plugins/SearchHighlightPlugin.stories.jsx[2m > [22m[2mWith Multiple Matches
[22m[39m[FilesContext] User authenticated: mock-user-sub
[90mstdout[2m | src/components/Editor3/plugins/SearchHighlightPlugin.stories.jsx[2m > [22m[2mWith Multiple Matches
[22m[39m[FilesContext] Identity ID: us-east-1:mock-identity-123
[90mstdout[2m | src/components/Editor3/plugins/SearchHighlightPlugin.stories.jsx[2m > [22m[2mWith Multiple Matches
[22m[39m[FilesContext] About to set up File observeQuery
[90mstdout[2m | src/components/Editor3/plugins/SearchHighlightPlugin.stories.jsx[2m > [22m[2mWith Multiple Matches
[22m[39m[ChatContext] Setting up AssistantChat observeQuery
[90mstdout[2m | src/components/Editor3/plugins/SearchHighlightPlugin.stories.jsx[2m > [22m[2mWith Multiple Matches
[22m[39m[ChatContext] Waiting for subscription to initialize
[90mstdout[2m | src/components/Editor3/plugins/SearchHighlightPlugin.stories.jsx[2m > [22m[2mWith Multiple Matches
[22m[39m[SettingsContext] Setting up Settings subscription for user: mock-user-sub
[90mstdout[2m | src/components/Editor3/plugins/SearchHighlightPlugin.stories.jsx[2m > [22m[2mWith Multiple Matches
[22m[39m[Mock Data] Settings created: mock-settings-1790418975363 - notified 0 subscribers
[90mstdout[2m | src/components/Editor3/plugins/SearchHighlightPlugin.stories.jsx[2m > [22m[2mWith Multiple Matches
[22m[39m[Mock Data] Unit.onUpdate() subscription added. Total: 1
[90mstdout[2m | src/components/Editor3/plugins/SearchHighlightPlugin.stories.jsx[2m > [22m[2mWith Multiple Matches
[22m[39m[SectionContext] Section observeQuery update: 0
[90mstdout[2m | src/components/Editor3/plugins/SearchHighlightPlugin.stories.jsx[2m > [22m[2mWith Multiple Matches
[22m[39m[FilesContext] File observeQuery update: 0 files
[90mstdout[2m | src/components/Editor3/plugins/SearchHighlightPlugin.stories.jsx[2m > [22m[2mWith Multiple Matches
[22m[39m[ChatContext] AssistantChat initialized with 0 chats
[90mstdout[2m | src/components/Editor3/plugins/SearchHighlightPlugin.stories.jsx[2m > [22m[2mWith Multiple Matches
[22m[39m[MOCK CourseVectorStore] Initialized with mock data
[90mstdout[2m | src/components/Editor3/plugins/SearchHighlightPlugin.stories.jsx[2m > [22m[2mWith Multiple Matches
[22m[39m[ChatContext] No current chat available, will create one
[90mstdout[2m | src/components/Editor3/plugins/SearchHighlightPlugin.stories.jsx[2m > [22m[2mWith Multiple Matches
[22m[39m[ChatContext] Creating AssistantChat with user: undefined
[90mstdout[2m | src/components/Editor3/plugins/SearchHighlightPlugin.stories.jsx[2m > [22m[2mWith Multiple Matches
[22m[39m[Mock Data] AssistantChat created: mock-assistantchat-1790418975378 - notified 1 subscribers
[90mstdout[2m | src/components/Editor3/plugins/SearchHighlightPlugin.stories.jsx[2m > [22m[2mWith Multiple Matches
[22m[39m[ChatContext] Create result: {
  "data": {
    "_version": 1,
    "archived": false,
    "chatFiles": [Function anonymous],
    "createdAt": "2026-09-26T10:36:15.378Z",
    "id": "mock-assistantchat-1790418975378",
    "model": "gpt-4",
    "updatedAt": "2026-09-26T10:36:15.378Z",
  },
  "errors": [],
  "hasData": true,
  "hasErrors": true,
}
[90mstdout[2m | src/components/Editor3/plugins/SearchHighlightPlugin.stories.jsx[2m > [22m[2mWith Multiple Matches
[22m[39m[ChatContext] Created AssistantChat: mock-assistantchat-1790418975378 at: 2026-09-26T10:36:15.378Z
[90mstdout[2m | src/components/Editor3/plugins/SearchHighlightPlugin.stories.jsx[2m > [22m[2mWith Multiple Matches
[22m[39m[Mock Storage] downloadData called with: undefined
[90mstdout[2m | src/components/Editor3/plugins/SearchHighlightPlugin.stories.jsx[2m > [22m[2mWith Multiple Matches
[22m[39m[ChatContext] Setting initial chat: mock-assistantchat-1790418975378
[90mstdout[2m | src/components/Editor3/plugins/SearchHighlightPlugin.stories.jsx[2m > [22m[2mWith Multiple Matches
[22m[39m[ChatContext] Chat exists and not archived, skipping creation
[90mstdout[2m | src/components/Editor3/plugins/SearchHighlightPlugin.stories.jsx[2m > [22m[2mCase Insensitive
[22m[39m[ChatContext] Cleaning up subscriptions
[90mstdout[2m | src/components/Editor3/plugins/SearchHighlightPlugin.stories.jsx[2m > [22m[2mCase Insensitive
[22m[39m[Mock Data] Unit.onUpdate() subscription removed. Remaining: 0
[90mstdout[2m | src/components/Editor3/plugins/SearchHighlightPlugin.stories.jsx[2m > [22m[2mCase Insensitive
[22m[39m[Preview] Skipped initializing default mock data (initializeMockData=false)
[90mstdout[2m | src/components/Editor3/plugins/SearchHighlightPlugin.stories.jsx[2m > [22m[2mCase Insensitive
[22m[39m[MOCK CourseVectorStore] Initialized with mock data
[90mstdout[2m | src/components/Editor3/plugins/SearchHighlightPlugin.stories.jsx[2m > [22m[2mCase Insensitive
[22m[39m[TranslationModeController] Setting mode to: off
[90mstdout[2m | src/components/Editor3/plugins/SearchHighlightPlugin.stories.jsx[2m > [22m[2mCase Insensitive
[22m[39m[UnitContext] useEffect triggered {
  "authLoading": false,
  "hasUser": true,
  "id": "mock-unit-id",
  "userSub": "mock-user-sub",
}
[90mstdout[2m | src/components/Editor3/plugins/SearchHighlightPlugin.stories.jsx[2m > [22m[2mCase Insensitive
[22m[39m[UnitContext] Fetching unit data for id: mock-unit-id
[90mstdout[2m | src/components/Editor3/plugins/SearchHighlightPlugin.stories.jsx[2m > [22m[2mCase Insensitive
[22m[39m[FilesContext] Initializing vector store from IndexedDB
[90mstdout[2m | src/components/Editor3/plugins/SearchHighlightPlugin.stories.jsx[2m > [22m[2mCase Insensitive
[22m[39m[FilesContext] fetchFiles called
[90mstdout[2m | src/components/Editor3/plugins/SearchHighlightPlugin.stories.jsx[2m > [22m[2mCase Insensitive
[22m[39m[FilesContext] User authenticated: mock-user-sub
[90mstdout[2m | src/components/Editor3/plugins/SearchHighlightPlugin.stories.jsx[2m > [22m[2mCase Insensitive
[22m[39m[FilesContext] Identity ID: us-east-1:mock-identity-123
[90mstdout[2m | src/components/Editor3/plugins/SearchHighlightPlugin.stories.jsx[2m > [22m[2mCase Insensitive
[22m[39m[FilesContext] About to set up File observeQuery
[90mstdout[2m | src/components/Editor3/plugins/SearchHighlightPlugin.stories.jsx[2m > [22m[2mCase Insensitive
[22m[39m[ChatContext] Setting up AssistantChat observeQuery
[90mstdout[2m | src/components/Editor3/plugins/SearchHighlightPlugin.stories.jsx[2m > [22m[2mCase Insensitive
[22m[39m[ChatContext] Waiting for subscription to initialize
[90mstdout[2m | src/components/Editor3/plugins/SearchHighlightPlugin.stories.jsx[2m > [22m[2mCase Insensitive
[22m[39m[SettingsContext] Setting up Settings subscription for user: mock-user-sub
[90mstdout[2m | src/components/Editor3/plugins/SearchHighlightPlugin.stories.jsx[2m > [22m[2mCase Insensitive
[22m[39m[Mock Data] Settings created: mock-settings-1790418975505 - notified 0 subscribers
[90mstdout[2m | src/components/Editor3/plugins/SearchHighlightPlugin.stories.jsx[2m > [22m[2mCase Insensitive
[22m[39m[Mock Data] Unit.onUpdate() subscription added. Total: 1
[90mstdout[2m | src/components/Editor3/plugins/SearchHighlightPlugin.stories.jsx[2m > [22m[2mCase Insensitive
[22m[39m[SectionContext] Section observeQuery update: 0
[90mstdout[2m | src/components/Editor3/plugins/SearchHighlightPlugin.stories.jsx[2m > [22m[2mCase Insensitive
[22m[39m[FilesContext] File observeQuery update: 0 files
[90mstdout[2m | src/components/Editor3/plugins/SearchHighlightPlugin.stories.jsx[2m > [22m[2mCase Insensitive
[22m[39m[ChatContext] AssistantChat initialized with 0 chats
[90mstdout[2m | src/components/Editor3/plugins/SearchHighlightPlugin.stories.jsx[2m > [22m[2mCase Insensitive
[22m[39m[Mock Storage] downloadData called with: undefined
[90mstdout[2m | src/components/Editor3/plugins/SearchHighlightPlugin.stories.jsx[2m > [22m[2mCase Insensitive
[22m[39m[MOCK CourseVectorStore] Initialized with mock data
[90mstdout[2m | src/components/Editor3/plugins/SearchHighlightPlugin.stories.jsx[2m > [22m[2mCase Insensitive
[22m[39m[ChatContext] No current chat available, will create one
[90mstdout[2m | src/components/Editor3/plugins/SearchHighlightPlugin.stories.jsx[2m > [22m[2mCase Insensitive
[22m[39m[ChatContext] Creating AssistantChat with user: undefined
[90mstdout[2m | src/components/Editor3/plugins/SearchHighlightPlugin.stories.jsx[2m > [22m[2mCase Insensitive
[22m[39m[Mock Data] AssistantChat created: mock-assistantchat-1790418975518 - notified 1 subscribers
[90mstdout[2m | src/components/Editor3/plugins/SearchHighlightPlugin.stories.jsx[2m > [22m[2mCase Insensitive
[22m[39m[ChatContext] Create result: {
  "data": {
    "_version": 1,
    "archived": false,
    "chatFiles": [Function anonymous],
    "createdAt": "2026-09-26T10:36:15.518Z",
    "id": "mock-assistantchat-1790418975518",
    "model": "gpt-4",
    "updatedAt": "2026-09-26T10:36:15.518Z",
  },
  "errors": [],
  "hasData": true,
  "hasErrors": true,
}
[90mstdout[2m | src/components/Editor3/plugins/SearchHighlightPlugin.stories.jsx[2m > [22m[2mCase Insensitive
[22m[39m[ChatContext] Created AssistantChat: mock-assistantchat-1790418975518 at: 2026-09-26T10:36:15.518Z
[90mstdout[2m | src/components/Editor3/plugins/SearchHighlightPlugin.stories.jsx[2m > [22m[2mCase Insensitive
[22m[39m[ChatContext] Setting initial chat: mock-assistantchat-1790418975518
[90mstdout[2m | src/components/Editor3/plugins/SearchHighlightPlugin.stories.jsx[2m > [22m[2mCase Insensitive
[22m[39m[ChatContext] Chat exists and not archived, skipping creation
 [32m✓[39m [30m[45m storybook (chromium) [49m[39m src/components/Editor3/plugins/SearchHighlightPlugin.stories.jsx [2m([22m[2m3 tests[22m[2m)[22m[33m 519[2mms[22m[39m
[90mstdout[2m | unknown test
[22m[39m[MOCK vectorStoreDB.js] Module loaded - mock IndexedDB operations
[90mstdout[2m | unknown test
[22m[39m[Task Completion] DOM action listeners initialized
[90mstdout[2m | unknown test
[22m[39m[Task Completion] Auto-completion detector initialized
[90mstdout[2m | unknown test
[22m[39m[Preview] Task completion detector initialized
[90mstdout[2m | src/components/Gamification/StorybookPromoPanel.stories.tsx[2m > [22m[2mDefault
[22m[39m[TranslationModeController] Setting mode to: off
[90mstdout[2m | src/components/Gamification/StorybookPromoPanel.stories.tsx[2m > [22m[2mSome Badges Earned
[22m[39m[TranslationModeController] Setting mode to: off
[90mstdout[2m | src/components/Gamification/StorybookPromoPanel.stories.tsx[2m > [22m[2mAll Badges Earned
[22m[39m[TranslationModeController] Setting mode to: off
 [32m✓[39m [30m[45m storybook (chromium) [49m[39m src/components/Gamification/StorybookPromoPanel.stories.tsx [2m([22m[2m3 tests[22m[2m)[22m[33m 495[2mms[22m[39m
[90mstdout[2m | unknown test
[22m[39m[MOCK vectorStoreDB.js] Module loaded - mock IndexedDB operations
[90mstdout[2m | unknown test
[22m[39m[Task Completion] DOM action listeners initialized
[90mstdout[2m | unknown test
[22m[39m[Task Completion] Auto-completion detector initialized
[90mstdout[2m | unknown test
[22m[39m[Preview] Task completion detector initialized
[90mstdout[2m | src/components/Workbook/ConnectionStatus.stories.tsx[2m > [22m[2mConnected
[22m[39m[MOCK CourseVectorStore] Initialized with mock data
[90mstdout[2m | src/components/Workbook/ConnectionStatus.stories.tsx[2m > [22m[2mConnected
[22m[39m[TranslationModeController] Setting mode to: off
[90mstdout[2m | src/components/Workbook/ConnectionStatus.stories.tsx[2m > [22m[2mConnected
[22m[39m[FilesContext] Initializing vector store from IndexedDB
[90mstdout[2m | src/components/Workbook/ConnectionStatus.stories.tsx[2m > [22m[2mConnected
[22m[39m[FilesContext] fetchFiles called
[90mstdout[2m | src/components/Workbook/ConnectionStatus.stories.tsx[2m > [22m[2mConnected
[22m[39m[FilesContext] User authenticated: mock-user-sub
[90mstdout[2m | src/components/Workbook/ConnectionStatus.stories.tsx[2m > [22m[2mConnected
[22m[39m[FilesContext] Identity ID: us-east-1:mock-identity-123
[90mstdout[2m | src/components/Workbook/ConnectionStatus.stories.tsx[2m > [22m[2mConnected
[22m[39m[FilesContext] About to set up File observeQuery
[90mstdout[2m | src/components/Workbook/ConnectionStatus.stories.tsx[2m > [22m[2mConnected
[22m[39m[ChatContext] Setting up AssistantChat observeQuery
[90mstdout[2m | src/components/Workbook/ConnectionStatus.stories.tsx[2m > [22m[2mConnected
[22m[39m[ChatContext] Waiting for subscription to initialize
[90mstdout[2m | src/components/Workbook/ConnectionStatus.stories.tsx[2m > [22m[2mConnected
[22m[39m[SettingsContext] Setting up Settings subscription for user: mock-user-sub
[90mstdout[2m | src/components/Workbook/ConnectionStatus.stories.tsx[2m > [22m[2mConnected
[22m[39m[Mock Data] Settings created: mock-settings-1790418979971 - notified 0 subscribers
[90mstdout[2m | src/components/Workbook/ConnectionStatus.stories.tsx[2m > [22m[2mConnected
[22m[39m[FilesContext] File observeQuery update: 6 files
[90mstdout[2m | src/components/Workbook/ConnectionStatus.stories.tsx[2m > [22m[2mConnected
[22m[39m[ChatContext] AssistantChat initialized with 1 chats
[90mstdout[2m | src/components/Workbook/ConnectionStatus.stories.tsx[2m > [22m[2mConnected
[22m[39m[ChatContext] Setting initial chat: mock-assistant-chat-1
[90mstdout[2m | src/components/Workbook/ConnectionStatus.stories.tsx[2m > [22m[2mConnected
[22m[39m[MOCK CourseVectorStore] Initialized with mock data
[90mstdout[2m | src/components/Workbook/ConnectionStatus.stories.tsx[2m > [22m[2mConnected
[22m[39m[FilesContext] Vector store population triggered {
  "currentVectorStoreSize": 3,
  "documentsCount": 0,
  "filesCount": 6,
  "isInitialLoad": true,
}
[90mstdout[2m | src/components/Workbook/ConnectionStatus.stories.tsx[2m > [22m[2mConnected
[22m[39m[FilesContext] Vector store population complete - 3 total embeddings
[90mstdout[2m | src/components/Workbook/ConnectionStatus.stories.tsx[2m > [22m[2mConnected
[22m[39m[ChatContext] Chat exists and not archived, skipping creation
[90mstdout[2m | src/components/Workbook/ConnectionStatus.stories.tsx[2m > [22m[2mConnected
[22m[39m[Mock Storage] downloadData called with: undefined
[90mstdout[2m | src/components/Workbook/ConnectionStatus.stories.tsx[2m > [22m[2mConnected Medium
[22m[39m[ChatContext] Cleaning up subscriptions
[90mstdout[2m | src/components/Workbook/ConnectionStatus.stories.tsx[2m > [22m[2mConnected Medium
[22m[39m[MOCK CourseVectorStore] Initialized with mock data
[90mstdout[2m | src/components/Workbook/ConnectionStatus.stories.tsx[2m > [22m[2mConnected Medium
[22m[39m[TranslationModeController] Setting mode to: off
[90mstdout[2m | src/components/Workbook/ConnectionStatus.stories.tsx[2m > [22m[2mConnected Medium
[22m[39m[FilesContext] Initializing vector store from IndexedDB
[90mstdout[2m | src/components/Workbook/ConnectionStatus.stories.tsx[2m > [22m[2mConnected Medium
[22m[39m[FilesContext] fetchFiles called
[90mstdout[2m | src/components/Workbook/ConnectionStatus.stories.tsx[2m > [22m[2mConnected Medium
[22m[39m[FilesContext] User authenticated: mock-user-sub
[90mstdout[2m | src/components/Workbook/ConnectionStatus.stories.tsx[2m > [22m[2mConnected Medium
[22m[39m[FilesContext] Identity ID: us-east-1:mock-identity-123
[90mstdout[2m | src/components/Workbook/ConnectionStatus.stories.tsx[2m > [22m[2mConnected Medium
[22m[39m[FilesContext] About to set up File observeQuery
[90mstdout[2m | src/components/Workbook/ConnectionStatus.stories.tsx[2m > [22m[2mConnected Medium
[22m[39m[ChatContext] Setting up AssistantChat observeQuery
[90mstdout[2m | src/components/Workbook/ConnectionStatus.stories.tsx[2m > [22m[2mConnected Medium
[22m[39m[ChatContext] Waiting for subscription to initialize
[90mstdout[2m | src/components/Workbook/ConnectionStatus.stories.tsx[2m > [22m[2mConnected Medium
[22m[39m[SettingsContext] Setting up Settings subscription for user: mock-user-sub
[90mstdout[2m | src/components/Workbook/ConnectionStatus.stories.tsx[2m > [22m[2mConnected Medium
[22m[39m[Mock Data] Settings created: mock-settings-1790418980117 - notified 0 subscribers
[90mstdout[2m | src/components/Workbook/ConnectionStatus.stories.tsx[2m > [22m[2mConnected Medium
[22m[39m[FilesContext] File observeQuery update: 6 files
[90mstdout[2m | src/components/Workbook/ConnectionStatus.stories.tsx[2m > [22m[2mConnected Medium
[22m[39m[ChatContext] AssistantChat initialized with 1 chats
[90mstdout[2m | src/components/Workbook/ConnectionStatus.stories.tsx[2m > [22m[2mConnected Medium
[22m[39m[ChatContext] Setting initial chat: mock-assistant-chat-1
[90mstdout[2m | src/components/Workbook/ConnectionStatus.stories.tsx[2m > [22m[2mConnected Medium
[22m[39m[MOCK CourseVectorStore] Initialized with mock data
[90mstdout[2m | src/components/Workbook/ConnectionStatus.stories.tsx[2m > [22m[2mConnected Medium
[22m[39m[FilesContext] Vector store population triggered {
  "currentVectorStoreSize": 3,
  "documentsCount": 0,
  "filesCount": 6,
  "isInitialLoad": true,
}
[90mstdout[2m | src/components/Workbook/ConnectionStatus.stories.tsx[2m > [22m[2mConnected Medium
[22m[39m[FilesContext] Vector store population complete - 3 total embeddings
[90mstdout[2m | src/components/Workbook/ConnectionStatus.stories.tsx[2m > [22m[2mConnected Medium
[22m[39m[ChatContext] Chat exists and not archived, skipping creation
[90mstdout[2m | src/components/Workbook/ConnectionStatus.stories.tsx[2m > [22m[2mConnected Medium
[22m[39m[Mock Storage] downloadData called with: undefined
[90mstdout[2m | src/components/Workbook/ConnectionStatus.stories.tsx[2m > [22m[2mNo Label
[22m[39m[ChatContext] Cleaning up subscriptions
[90mstdout[2m | src/components/Workbook/ConnectionStatus.stories.tsx[2m > [22m[2mNo Label
[22m[39m[MOCK CourseVectorStore] Initialized with mock data
[90mstdout[2m | src/components/Workbook/ConnectionStatus.stories.tsx[2m > [22m[2mNo Label
[22m[39m[TranslationModeController] Setting mode to: off
[90mstdout[2m | src/components/Workbook/ConnectionStatus.stories.tsx[2m > [22m[2mNo Label
[22m[39m[FilesContext] Initializing vector store from IndexedDB
[90mstdout[2m | src/components/Workbook/ConnectionStatus.stories.tsx[2m > [22m[2mNo Label
[22m[39m[FilesContext] fetchFiles called
[90mstdout[2m | src/components/Workbook/ConnectionStatus.stories.tsx[2m > [22m[2mNo Label
[22m[39m[FilesContext] User authenticated: mock-user-sub
[90mstdout[2m | src/components/Workbook/ConnectionStatus.stories.tsx[2m > [22m[2mNo Label
[22m[39m[FilesContext] Identity ID: us-east-1:mock-identity-123
[90mstdout[2m | src/components/Workbook/ConnectionStatus.stories.tsx[2m > [22m[2mNo Label
[22m[39m[FilesContext] About to set up File observeQuery
[90mstdout[2m | src/components/Workbook/ConnectionStatus.stories.tsx[2m > [22m[2mNo Label
[22m[39m[ChatContext] Setting up AssistantChat observeQuery
[90mstdout[2m | src/components/Workbook/ConnectionStatus.stories.tsx[2m > [22m[2mNo Label
[22m[39m[ChatContext] Waiting for subscription to initialize
[90mstdout[2m | src/components/Workbook/ConnectionStatus.stories.tsx[2m > [22m[2mNo Label
[22m[39m[SettingsContext] Setting up Settings subscription for user: mock-user-sub
[90mstdout[2m | src/components/Workbook/ConnectionStatus.stories.tsx[2m > [22m[2mNo Label
[22m[39m[Mock Data] Settings created: mock-settings-1790418980213 - notified 0 subscribers
[90mstdout[2m | src/components/Workbook/ConnectionStatus.stories.tsx[2m > [22m[2mNo Label
[22m[39m[FilesContext] File observeQuery update: 6 files
[90mstdout[2m | src/components/Workbook/ConnectionStatus.stories.tsx[2m > [22m[2mNo Label
[22m[39m[ChatContext] AssistantChat initialized with 1 chats
[90mstdout[2m | src/components/Workbook/ConnectionStatus.stories.tsx[2m > [22m[2mNo Label
[22m[39m[ChatContext] Setting initial chat: mock-assistant-chat-1
[90mstdout[2m | src/components/Workbook/ConnectionStatus.stories.tsx[2m > [22m[2mNo Label
[22m[39m[MOCK CourseVectorStore] Initialized with mock data
[90mstdout[2m | src/components/Workbook/ConnectionStatus.stories.tsx[2m > [22m[2mNo Label
[22m[39m[FilesContext] Vector store population triggered {
  "currentVectorStoreSize": 3,
  "documentsCount": 0,
  "filesCount": 6,
  "isInitialLoad": true,
}
[90mstdout[2m | src/components/Workbook/ConnectionStatus.stories.tsx[2m > [22m[2mNo Label
[22m[39m[FilesContext] Vector store population complete - 3 total embeddings
[90mstdout[2m | src/components/Workbook/ConnectionStatus.stories.tsx[2m > [22m[2mNo Label
[22m[39m[ChatContext] Chat exists and not archived, skipping creation
[90mstdout[2m | src/components/Workbook/ConnectionStatus.stories.tsx[2m > [22m[2mNo Label
[22m[39m[Mock Storage] downloadData called with: undefined
[90mstdout[2m | src/components/Workbook/ConnectionStatus.stories.tsx[2m > [22m[2mDisabled
[22m[39m[ChatContext] Cleaning up subscriptions
[90mstdout[2m | src/components/Workbook/ConnectionStatus.stories.tsx[2m > [22m[2mDisabled
[22m[39m[MOCK CourseVectorStore] Initialized with mock data
[90mstdout[2m | src/components/Workbook/ConnectionStatus.stories.tsx[2m > [22m[2mDisabled
[22m[39m[TranslationModeController] Setting mode to: off
[90mstdout[2m | src/components/Workbook/ConnectionStatus.stories.tsx[2m > [22m[2mDisabled
[22m[39m[FilesContext] Initializing vector store from IndexedDB
[90mstdout[2m | src/components/Workbook/ConnectionStatus.stories.tsx[2m > [22m[2mDisabled
[22m[39m[FilesContext] fetchFiles called
[90mstdout[2m | src/components/Workbook/ConnectionStatus.stories.tsx[2m > [22m[2mDisabled
[22m[39m[FilesContext] User authenticated: mock-user-sub
[90mstdout[2m | src/components/Workbook/ConnectionStatus.stories.tsx[2m > [22m[2mDisabled
[22m[39m[FilesContext] Identity ID: us-east-1:mock-identity-123
[90mstdout[2m | src/components/Workbook/ConnectionStatus.stories.tsx[2m > [22m[2mDisabled
[22m[39m[FilesContext] About to set up File observeQuery
[90mstdout[2m | src/components/Workbook/ConnectionStatus.stories.tsx[2m > [22m[2mDisabled
[22m[39m[ChatContext] Setting up AssistantChat observeQuery
[90mstdout[2m | src/components/Workbook/ConnectionStatus.stories.tsx[2m > [22m[2mDisabled
[22m[39m[ChatContext] Waiting for subscription to initialize
[90mstdout[2m | src/components/Workbook/ConnectionStatus.stories.tsx[2m > [22m[2mDisabled
[22m[39m[SettingsContext] Setting up Settings subscription for user: mock-user-sub
[90mstdout[2m | src/components/Workbook/ConnectionStatus.stories.tsx[2m > [22m[2mDisabled
[22m[39m[Mock Data] Settings created: mock-settings-1790418980297 - notified 0 subscribers
[90mstdout[2m | src/components/Workbook/ConnectionStatus.stories.tsx[2m > [22m[2mDisabled
[22m[39m[Mock Storage] downloadData called with: undefined
[90mstdout[2m | src/components/Workbook/ConnectionStatus.stories.tsx[2m > [22m[2mDisabled
[22m[39m[FilesContext] File observeQuery update: 6 files
[90mstdout[2m | src/components/Workbook/ConnectionStatus.stories.tsx[2m > [22m[2mDisabled
[22m[39m[ChatContext] AssistantChat initialized with 1 chats
[90mstdout[2m | src/components/Workbook/ConnectionStatus.stories.tsx[2m > [22m[2mDisabled
[22m[39m[ChatContext] Setting initial chat: mock-assistant-chat-1
[90mstdout[2m | src/components/Workbook/ConnectionStatus.stories.tsx[2m > [22m[2mDisabled
[22m[39m[MOCK CourseVectorStore] Initialized with mock data
[90mstdout[2m | src/components/Workbook/ConnectionStatus.stories.tsx[2m > [22m[2mDisabled
[22m[39m[FilesContext] Vector store population triggered {
  "currentVectorStoreSize": 3,
  "documentsCount": 0,
  "filesCount": 6,
  "isInitialLoad": true,
}
[90mstdout[2m | src/components/Workbook/ConnectionStatus.stories.tsx[2m > [22m[2mDisabled
[22m[39m[FilesContext] Vector store population complete - 3 total embeddings
[90mstdout[2m | src/components/Workbook/ConnectionStatus.stories.tsx[2m > [22m[2mDisabled
[22m[39m[ChatContext] Chat exists and not archived, skipping creation
 [32m✓[39m [30m[45m storybook (chromium) [49m[39m src/components/Workbook/ConnectionStatus.stories.tsx [2m([22m[2m4 tests[22m[2m)[22m[33m 410[2mms[22m[39m
[90mstdout[2m | unknown test
[22m[39m[MOCK vectorStoreDB.js] Module loaded - mock IndexedDB operations
[90mstdout[2m | unknown test
[22m[39m[Task Completion] DOM action listeners initialized
[90mstdout[2m | unknown test
[22m[39m[Task Completion] Auto-completion detector initialized
[90mstdout[2m | unknown test
[22m[39m[Preview] Task completion detector initialized
[90mstdout[2m | src/components/Editor3/components/ExerciseResponsePanel.stories.tsx[2m > [22m[2mText Immediate Submit
[22m[39m[MOCK CourseVectorStore] Initialized with mock data
[90mstdout[2m | src/components/Editor3/components/ExerciseResponsePanel.stories.tsx[2m > [22m[2mText Immediate Submit
[22m[39m[TranslationModeController] Setting mode to: off
[90mstdout[2m | src/components/Editor3/components/ExerciseResponsePanel.stories.tsx[2m > [22m[2mText Immediate Submit
[22m[39m[UnitContext] useEffect triggered {
  "authLoading": false,
  "hasUser": true,
  "id": "mock-unit-id",
  "userSub": "mock-user-sub",
}
[90mstdout[2m | src/components/Editor3/components/ExerciseResponsePanel.stories.tsx[2m > [22m[2mText Immediate Submit
[22m[39m[UnitContext] Fetching unit data for id: mock-unit-id
[90mstdout[2m | src/components/Editor3/components/ExerciseResponsePanel.stories.tsx[2m > [22m[2mText Immediate Submit
[22m[39m[FilesContext] Initializing vector store from IndexedDB
[90mstdout[2m | src/components/Editor3/components/ExerciseResponsePanel.stories.tsx[2m > [22m[2mText Immediate Submit
[22m[39m[FilesContext] fetchFiles called
[90mstdout[2m | src/components/Editor3/components/ExerciseResponsePanel.stories.tsx[2m > [22m[2mText Immediate Submit
[22m[39m[FilesContext] User authenticated: mock-user-sub
[90mstdout[2m | src/components/Editor3/components/ExerciseResponsePanel.stories.tsx[2m > [22m[2mText Immediate Submit
[22m[39m[FilesContext] Identity ID: us-east-1:mock-identity-123
[90mstdout[2m | src/components/Editor3/components/ExerciseResponsePanel.stories.tsx[2m > [22m[2mText Immediate Submit
[22m[39m[FilesContext] About to set up File observeQuery
[90mstdout[2m | src/components/Editor3/components/ExerciseResponsePanel.stories.tsx[2m > [22m[2mText Immediate Submit
[22m[39m[ChatContext] Setting up AssistantChat observeQuery
[90mstdout[2m | src/components/Editor3/components/ExerciseResponsePanel.stories.tsx[2m > [22m[2mText Immediate Submit
[22m[39m[ChatContext] Waiting for subscription to initialize
[90mstdout[2m | src/components/Editor3/components/ExerciseResponsePanel.stories.tsx[2m > [22m[2mText Immediate Submit
[22m[39m[SettingsContext] Setting up Settings subscription for user: mock-user-sub
[90mstdout[2m | src/components/Editor3/components/ExerciseResponsePanel.stories.tsx[2m > [22m[2mText Immediate Submit
[22m[39m[Mock Data] Settings created: mock-settings-1790418980852 - notified 0 subscribers
[90mstdout[2m | src/components/Editor3/components/ExerciseResponsePanel.stories.tsx[2m > [22m[2mText Immediate Submit
[22m[39m[Mock Data] Unit.onUpdate() subscription added. Total: 1
[90mstdout[2m | src/components/Editor3/components/ExerciseResponsePanel.stories.tsx[2m > [22m[2mText Immediate Submit
[22m[39m[SectionContext] Section observeQuery update: 0
[90mstdout[2m | src/components/Editor3/components/ExerciseResponsePanel.stories.tsx[2m > [22m[2mText Immediate Submit
[22m[39m[FilesContext] File observeQuery update: 6 files
[90mstdout[2m | src/components/Editor3/components/ExerciseResponsePanel.stories.tsx[2m > [22m[2mText Immediate Submit
[22m[39m[ChatContext] AssistantChat initialized with 1 chats
[90mstdout[2m | src/components/Editor3/components/ExerciseResponsePanel.stories.tsx[2m > [22m[2mText Immediate Submit
[22m[39m[ChatContext] Setting initial chat: mock-assistant-chat-1
[90mstdout[2m | src/components/Editor3/components/ExerciseResponsePanel.stories.tsx[2m > [22m[2mText Immediate Submit
[22m[39m[MOCK CourseVectorStore] Initialized with mock data
[90mstdout[2m | src/components/Editor3/components/ExerciseResponsePanel.stories.tsx[2m > [22m[2mText Immediate Submit
[22m[39m[FilesContext] Vector store population triggered {
  "currentVectorStoreSize": 3,
  "documentsCount": 0,
  "filesCount": 6,
  "isInitialLoad": true,
}
[90mstdout[2m | src/components/Editor3/components/ExerciseResponsePanel.stories.tsx[2m > [22m[2mText Immediate Submit
[22m[39m[FilesContext] Vector store population complete - 3 total embeddings
[90mstdout[2m | src/components/Editor3/components/ExerciseResponsePanel.stories.tsx[2m > [22m[2mText Immediate Submit
[22m[39m[ChatContext] Chat exists and not archived, skipping creation
[90mstdout[2m | src/components/Editor3/components/ExerciseResponsePanel.stories.tsx[2m > [22m[2mText Immediate Submit
[22m[39m[Mock Storage] downloadData called with: undefined
[90mstdout[2m | src/components/Editor3/components/ExerciseResponsePanel.stories.tsx[2m > [22m[2mSketch Pending
[22m[39m[ChatContext] Cleaning up subscriptions
[90mstdout[2m | src/components/Editor3/components/ExerciseResponsePanel.stories.tsx[2m > [22m[2mSketch Pending
[22m[39m[Mock Data] Unit.onUpdate() subscription removed. Remaining: 0
[90mstdout[2m | src/components/Editor3/components/ExerciseResponsePanel.stories.tsx[2m > [22m[2mSketch Pending
[22m[39m[MOCK CourseVectorStore] Initialized with mock data
[90mstdout[2m | src/components/Editor3/components/ExerciseResponsePanel.stories.tsx[2m > [22m[2mSketch Pending
[22m[39m[TranslationModeController] Setting mode to: off
[90mstdout[2m | src/components/Editor3/components/ExerciseResponsePanel.stories.tsx[2m > [22m[2mSketch Pending
[22m[39m[UnitContext] useEffect triggered {
  "authLoading": false,
  "hasUser": true,
  "id": "mock-unit-id",
  "userSub": "mock-user-sub",
}
[90mstdout[2m | src/components/Editor3/components/ExerciseResponsePanel.stories.tsx[2m > [22m[2mSketch Pending
[22m[39m[UnitContext] Fetching unit data for id: mock-unit-id
[90mstdout[2m | src/components/Editor3/components/ExerciseResponsePanel.stories.tsx[2m > [22m[2mSketch Pending
[22m[39m[FilesContext] Initializing vector store from IndexedDB
[90mstdout[2m | src/components/Editor3/components/ExerciseResponsePanel.stories.tsx[2m > [22m[2mSketch Pending
[22m[39m[FilesContext] fetchFiles called
[90mstdout[2m | src/components/Editor3/components/ExerciseResponsePanel.stories.tsx[2m > [22m[2mSketch Pending
[22m[39m[FilesContext] User authenticated: mock-user-sub
[90mstdout[2m | src/components/Editor3/components/ExerciseResponsePanel.stories.tsx[2m > [22m[2mSketch Pending
[22m[39m[FilesContext] Identity ID: us-east-1:mock-identity-123
[90mstdout[2m | src/components/Editor3/components/ExerciseResponsePanel.stories.tsx[2m > [22m[2mSketch Pending
[22m[39m[FilesContext] About to set up File observeQuery
[90mstdout[2m | src/components/Editor3/components/ExerciseResponsePanel.stories.tsx[2m > [22m[2mSketch Pending
[22m[39m[ChatContext] Setting up AssistantChat observeQuery
[90mstdout[2m | src/components/Editor3/components/ExerciseResponsePanel.stories.tsx[2m > [22m[2mSketch Pending
[22m[39m[ChatContext] Waiting for subscription to initialize
[90mstdout[2m | src/components/Editor3/components/ExerciseResponsePanel.stories.tsx[2m > [22m[2mSketch Pending
[22m[39m[SettingsContext] Setting up Settings subscription for user: mock-user-sub
[90mstdout[2m | src/components/Editor3/components/ExerciseResponsePanel.stories.tsx[2m > [22m[2mSketch Pending
[22m[39m[Mock Data] Settings created: mock-settings-1790418980996 - notified 0 subscribers
[90mstdout[2m | src/components/Editor3/components/ExerciseResponsePanel.stories.tsx[2m > [22m[2mSketch Pending
[22m[39m[Mock Data] Unit.onUpdate() subscription added. Total: 1
[90mstdout[2m | src/components/Editor3/components/ExerciseResponsePanel.stories.tsx[2m > [22m[2mSketch Pending
[22m[39m[SectionContext] Section observeQuery update: 0
[90mstdout[2m | src/components/Editor3/components/ExerciseResponsePanel.stories.tsx[2m > [22m[2mSketch Pending
[22m[39m[FilesContext] File observeQuery update: 6 files
[90mstdout[2m | src/components/Editor3/components/ExerciseResponsePanel.stories.tsx[2m > [22m[2mSketch Pending
[22m[39m[ChatContext] AssistantChat initialized with 1 chats
[90mstdout[2m | src/components/Editor3/components/ExerciseResponsePanel.stories.tsx[2m > [22m[2mSketch Pending
[22m[39m[ChatContext] Setting initial chat: mock-assistant-chat-1
[90mstdout[2m | src/components/Editor3/components/ExerciseResponsePanel.stories.tsx[2m > [22m[2mSketch Pending
[22m[39m[Mock Storage] downloadData called with: undefined
[90mstdout[2m | src/components/Editor3/components/ExerciseResponsePanel.stories.tsx[2m > [22m[2mSketch Pending
[22m[39m[MOCK CourseVectorStore] Initialized with mock data
[90mstdout[2m | src/components/Editor3/components/ExerciseResponsePanel.stories.tsx[2m > [22m[2mSketch Pending
[22m[39m[FilesContext] Vector store population triggered {
  "currentVectorStoreSize": 3,
  "documentsCount": 0,
  "filesCount": 6,
  "isInitialLoad": true,
}
[90mstdout[2m | src/components/Editor3/components/ExerciseResponsePanel.stories.tsx[2m > [22m[2mSketch Pending
[22m[39m[FilesContext] Vector store population complete - 3 total embeddings
[90mstdout[2m | src/components/Editor3/components/ExerciseResponsePanel.stories.tsx[2m > [22m[2mSketch Pending
[22m[39m[ChatContext] Chat exists and not archived, skipping creation
[90mstdout[2m | src/components/Editor3/components/ExerciseResponsePanel.stories.tsx[2m > [22m[2mAudio Pending
[22m[39m[ChatContext] Cleaning up subscriptions
[90mstdout[2m | src/components/Editor3/components/ExerciseResponsePanel.stories.tsx[2m > [22m[2mAudio Pending
[22m[39m[Mock Data] Unit.onUpdate() subscription removed. Remaining: 0
[90mstdout[2m | src/components/Editor3/components/ExerciseResponsePanel.stories.tsx[2m > [22m[2mAudio Pending
[22m[39m[MOCK CourseVectorStore] Initialized with mock data
[90mstdout[2m | src/components/Editor3/components/ExerciseResponsePanel.stories.tsx[2m > [22m[2mAudio Pending
[22m[39m[TranslationModeController] Setting mode to: off
[90mstdout[2m | src/components/Editor3/components/ExerciseResponsePanel.stories.tsx[2m > [22m[2mAudio Pending
[22m[39m[UnitContext] useEffect triggered {
  "authLoading": false,
  "hasUser": true,
  "id": "mock-unit-id",
  "userSub": "mock-user-sub",
}
[90mstdout[2m | src/components/Editor3/components/ExerciseResponsePanel.stories.tsx[2m > [22m[2mAudio Pending
[22m[39m[UnitContext] Fetching unit data for id: mock-unit-id
[90mstdout[2m | src/components/Editor3/components/ExerciseResponsePanel.stories.tsx[2m > [22m[2mAudio Pending
[22m[39m[FilesContext] Initializing vector store from IndexedDB
[90mstdout[2m | src/components/Editor3/components/ExerciseResponsePanel.stories.tsx[2m > [22m[2mAudio Pending
[22m[39m[FilesContext] fetchFiles called
[90mstdout[2m | src/components/Editor3/components/ExerciseResponsePanel.stories.tsx[2m > [22m[2mAudio Pending
[22m[39m[FilesContext] User authenticated: mock-user-sub
[90mstdout[2m | src/components/Editor3/components/ExerciseResponsePanel.stories.tsx[2m > [22m[2mAudio Pending
[22m[39m[FilesContext] Identity ID: us-east-1:mock-identity-123
[90mstdout[2m | src/components/Editor3/components/ExerciseResponsePanel.stories.tsx[2m > [22m[2mAudio Pending
[22m[39m[FilesContext] About to set up File observeQuery
[90mstdout[2m | src/components/Editor3/components/ExerciseResponsePanel.stories.tsx[2m > [22m[2mAudio Pending
[22m[39m[ChatContext] Setting up AssistantChat observeQuery
[90mstdout[2m | src/components/Editor3/components/ExerciseResponsePanel.stories.tsx[2m > [22m[2mAudio Pending
[22m[39m[ChatContext] Waiting for subscription to initialize
[90mstdout[2m | src/components/Editor3/components/ExerciseResponsePanel.stories.tsx[2m > [22m[2mAudio Pending
[22m[39m[SettingsContext] Setting up Settings subscription for user: mock-user-sub
[90mstdout[2m | src/components/Editor3/components/ExerciseResponsePanel.stories.tsx[2m > [22m[2mAudio Pending
[22m[39m[Mock Data] Settings created: mock-settings-1790418981121 - notified 0 subscribers
[90mstdout[2m | src/components/Editor3/components/ExerciseResponsePanel.stories.tsx[2m > [22m[2mAudio Pending
[22m[39m[Mock Data] Unit.onUpdate() subscription added. Total: 1
[90mstdout[2m | src/components/Editor3/components/ExerciseResponsePanel.stories.tsx[2m > [22m[2mAudio Pending
[22m[39m[SectionContext] Section observeQuery update: 0
[90mstdout[2m | src/components/Editor3/components/ExerciseResponsePanel.stories.tsx[2m > [22m[2mAudio Pending
[22m[39m[FilesContext] File observeQuery update: 6 files
[90mstdout[2m | src/components/Editor3/components/ExerciseResponsePanel.stories.tsx[2m > [22m[2mAudio Pending
[22m[39m[ChatContext] AssistantChat initialized with 1 chats
[90mstdout[2m | src/components/Editor3/components/ExerciseResponsePanel.stories.tsx[2m > [22m[2mAudio Pending
[22m[39m[ChatContext] Setting initial chat: mock-assistant-chat-1
[90mstdout[2m | src/components/Editor3/components/ExerciseResponsePanel.stories.tsx[2m > [22m[2mAudio Pending
[22m[39m[MOCK CourseVectorStore] Initialized with mock data
[90mstdout[2m | src/components/Editor3/components/ExerciseResponsePanel.stories.tsx[2m > [22m[2mAudio Pending
[22m[39m[FilesContext] Vector store population triggered {
  "currentVectorStoreSize": 3,
  "documentsCount": 0,
  "filesCount": 6,
  "isInitialLoad": true,
}
[90mstdout[2m | src/components/Editor3/components/ExerciseResponsePanel.stories.tsx[2m > [22m[2mAudio Pending
[22m[39m[FilesContext] Vector store population complete - 3 total embeddings
[90mstdout[2m | src/components/Editor3/components/ExerciseResponsePanel.stories.tsx[2m > [22m[2mAudio Pending
[22m[39m[ChatContext] Chat exists and not archived, skipping creation
[90mstdout[2m | src/components/Editor3/components/ExerciseResponsePanel.stories.tsx[2m > [22m[2mAudio Pending
[22m[39m[Mock Storage] downloadData called with: undefined
 [32m✓[39m [30m[45m storybook (chromium) [49m[39m src/components/Editor3/components/ExerciseResponsePanel.stories.tsx [2m([22m[2m3 tests[22m[2m)[22m[33m 394[2mms[22m[39m
[90mstdout[2m | unknown test
[22m[39m[MOCK vectorStoreDB.js] Module loaded - mock IndexedDB operations
[90mstdout[2m | unknown test
[22m[39m[Task Completion] DOM action listeners initialized
[90mstdout[2m | unknown test
[22m[39m[Task Completion] Auto-completion detector initialized
[90mstdout[2m | unknown test
[22m[39m[Preview] Task completion detector initialized
[90mstdout[2m | src/components/Workbook/WorkbookInviteShare.stories.tsx[2m > [22m[2mConnected
[22m[39m[MOCK CourseVectorStore] Initialized with mock data
[90mstdout[2m | src/components/Workbook/WorkbookInviteShare.stories.tsx[2m > [22m[2mConnected
[22m[39m[TranslationModeController] Setting mode to: off
[90mstdout[2m | src/components/Workbook/WorkbookInviteShare.stories.tsx[2m > [22m[2mConnected
[22m[39m[UnitContext] useEffect triggered {
  "authLoading": false,
  "hasUser": true,
  "id": "mock-unit-id",
  "userSub": "mock-user-sub",
}
[90mstdout[2m | src/components/Workbook/WorkbookInviteShare.stories.tsx[2m > [22m[2mConnected
[22m[39m[UnitContext] Fetching unit data for id: mock-unit-id
[90mstdout[2m | src/components/Workbook/WorkbookInviteShare.stories.tsx[2m > [22m[2mConnected
[22m[39m[FilesContext] Initializing vector store from IndexedDB
[90mstdout[2m | src/components/Workbook/WorkbookInviteShare.stories.tsx[2m > [22m[2mConnected
[22m[39m[FilesContext] fetchFiles called
[90mstdout[2m | src/components/Workbook/WorkbookInviteShare.stories.tsx[2m > [22m[2mConnected
[22m[39m[FilesContext] User authenticated: mock-user-sub
[90mstdout[2m | src/components/Workbook/WorkbookInviteShare.stories.tsx[2m > [22m[2mConnected
[22m[39m[FilesContext] Identity ID: us-east-1:mock-identity-123
[90mstdout[2m | src/components/Workbook/WorkbookInviteShare.stories.tsx[2m > [22m[2mConnected
[22m[39m[FilesContext] About to set up File observeQuery
[90mstdout[2m | src/components/Workbook/WorkbookInviteShare.stories.tsx[2m > [22m[2mConnected
[22m[39m[ChatContext] Setting up AssistantChat observeQuery
[90mstdout[2m | src/components/Workbook/WorkbookInviteShare.stories.tsx[2m > [22m[2mConnected
[22m[39m[ChatContext] Waiting for subscription to initialize
[90mstdout[2m | src/components/Workbook/WorkbookInviteShare.stories.tsx[2m > [22m[2mConnected
[22m[39m[SettingsContext] Setting up Settings subscription for user: mock-user-sub
[90mstdout[2m | src/components/Workbook/WorkbookInviteShare.stories.tsx[2m > [22m[2mConnected
[22m[39m[Mock Data] Settings created: mock-settings-1790418981683 - notified 0 subscribers
[90mstdout[2m | src/components/Workbook/WorkbookInviteShare.stories.tsx[2m > [22m[2mConnected
[22m[39m[Mock Data] Unit.onUpdate() subscription added. Total: 1
[90mstdout[2m | src/components/Workbook/WorkbookInviteShare.stories.tsx[2m > [22m[2mConnected
[22m[39m[SectionContext] Section observeQuery update: 0
[90mstdout[2m | src/components/Workbook/WorkbookInviteShare.stories.tsx[2m > [22m[2mConnected
[22m[39m[FilesContext] File observeQuery update: 6 files
[90mstdout[2m | src/components/Workbook/WorkbookInviteShare.stories.tsx[2m > [22m[2mConnected
[22m[39m[ChatContext] AssistantChat initialized with 1 chats
[90mstdout[2m | src/components/Workbook/WorkbookInviteShare.stories.tsx[2m > [22m[2mConnected
[22m[39m[ChatContext] Setting initial chat: mock-assistant-chat-1
[90mstdout[2m | src/components/Workbook/WorkbookInviteShare.stories.tsx[2m > [22m[2mConnected
[22m[39m[MOCK CourseVectorStore] Initialized with mock data
[90mstdout[2m | src/components/Workbook/WorkbookInviteShare.stories.tsx[2m > [22m[2mConnected
[22m[39m[FilesContext] Vector store population triggered {
  "currentVectorStoreSize": 3,
  "documentsCount": 0,
  "filesCount": 6,
  "isInitialLoad": true,
}
[90mstdout[2m | src/components/Workbook/WorkbookInviteShare.stories.tsx[2m > [22m[2mConnected
[22m[39m[FilesContext] Vector store population complete - 3 total embeddings
[90mstdout[2m | src/components/Workbook/WorkbookInviteShare.stories.tsx[2m > [22m[2mConnected
[22m[39m[ChatContext] Chat exists and not archived, skipping creation
[90mstdout[2m | src/components/Workbook/WorkbookInviteShare.stories.tsx[2m > [22m[2mConnected
[22m[39m[Mock Storage] downloadData called with: undefined
[90mstdout[2m | src/components/Workbook/WorkbookInviteShare.stories.tsx[2m > [22m[2mDisconnected
[22m[39m[ChatContext] Cleaning up subscriptions
[90mstdout[2m | src/components/Workbook/WorkbookInviteShare.stories.tsx[2m > [22m[2mDisconnected
[22m[39m[Mock Data] Unit.onUpdate() subscription removed. Remaining: 0
[90mstdout[2m | src/components/Workbook/WorkbookInviteShare.stories.tsx[2m > [22m[2mDisconnected
[22m[39m[MOCK CourseVectorStore] Initialized with mock data
[90mstdout[2m | src/components/Workbook/WorkbookInviteShare.stories.tsx[2m > [22m[2mDisconnected
[22m[39m[TranslationModeController] Setting mode to: off
[90mstdout[2m | src/components/Workbook/WorkbookInviteShare.stories.tsx[2m > [22m[2mDisconnected
[22m[39m[UnitContext] useEffect triggered {
  "authLoading": false,
  "hasUser": true,
  "id": "mock-unit-id",
  "userSub": "mock-user-sub",
}
[90mstdout[2m | src/components/Workbook/WorkbookInviteShare.stories.tsx[2m > [22m[2mDisconnected
[22m[39m[UnitContext] Fetching unit data for id: mock-unit-id
[90mstdout[2m | src/components/Workbook/WorkbookInviteShare.stories.tsx[2m > [22m[2mDisconnected
[22m[39m[FilesContext] Initializing vector store from IndexedDB
[90mstdout[2m | src/components/Workbook/WorkbookInviteShare.stories.tsx[2m > [22m[2mDisconnected
[22m[39m[FilesContext] fetchFiles called
[90mstdout[2m | src/components/Workbook/WorkbookInviteShare.stories.tsx[2m > [22m[2mDisconnected
[22m[39m[FilesContext] User authenticated: mock-user-sub
[90mstdout[2m | src/components/Workbook/WorkbookInviteShare.stories.tsx[2m > [22m[2mDisconnected
[22m[39m[FilesContext] Identity ID: us-east-1:mock-identity-123
[90mstdout[2m | src/components/Workbook/WorkbookInviteShare.stories.tsx[2m > [22m[2mDisconnected
[22m[39m[FilesContext] About to set up File observeQuery
[90mstdout[2m | src/components/Workbook/WorkbookInviteShare.stories.tsx[2m > [22m[2mDisconnected
[22m[39m[ChatContext] Setting up AssistantChat observeQuery
[90mstdout[2m | src/components/Workbook/WorkbookInviteShare.stories.tsx[2m > [22m[2mDisconnected
[22m[39m[ChatContext] Waiting for subscription to initialize
[90mstdout[2m | src/components/Workbook/WorkbookInviteShare.stories.tsx[2m > [22m[2mDisconnected
[22m[39m[SettingsContext] Setting up Settings subscription for user: mock-user-sub
[90mstdout[2m | src/components/Workbook/WorkbookInviteShare.stories.tsx[2m > [22m[2mDisconnected
[22m[39m[Mock Data] Settings created: mock-settings-1790418981803 - notified 0 subscribers
[90mstdout[2m | src/components/Workbook/WorkbookInviteShare.stories.tsx[2m > [22m[2mDisconnected
[22m[39m[Mock Data] Unit.onUpdate() subscription added. Total: 1
[90mstdout[2m | src/components/Workbook/WorkbookInviteShare.stories.tsx[2m > [22m[2mDisconnected
[22m[39m[SectionContext] Section observeQuery update: 0
[90mstdout[2m | src/components/Workbook/WorkbookInviteShare.stories.tsx[2m > [22m[2mDisconnected
[22m[39m[FilesContext] File observeQuery update: 6 files
[90mstdout[2m | src/components/Workbook/WorkbookInviteShare.stories.tsx[2m > [22m[2mDisconnected
[22m[39m[ChatContext] AssistantChat initialized with 1 chats
[90mstdout[2m | src/components/Workbook/WorkbookInviteShare.stories.tsx[2m > [22m[2mDisconnected
[22m[39m[ChatContext] Setting initial chat: mock-assistant-chat-1
[90mstdout[2m | src/components/Workbook/WorkbookInviteShare.stories.tsx[2m > [22m[2mDisconnected
[22m[39m[MOCK CourseVectorStore] Initialized with mock data
[90mstdout[2m | src/components/Workbook/WorkbookInviteShare.stories.tsx[2m > [22m[2mDisconnected
[22m[39m[FilesContext] Vector store population triggered {
  "currentVectorStoreSize": 3,
  "documentsCount": 0,
  "filesCount": 6,
  "isInitialLoad": true,
}
[90mstdout[2m | src/components/Workbook/WorkbookInviteShare.stories.tsx[2m > [22m[2mDisconnected
[22m[39m[FilesContext] Vector store population complete - 3 total embeddings
[90mstdout[2m | src/components/Workbook/WorkbookInviteShare.stories.tsx[2m > [22m[2mDisconnected
[22m[39m[ChatContext] Chat exists and not archived, skipping creation
[90mstdout[2m | src/components/Workbook/WorkbookInviteShare.stories.tsx[2m > [22m[2mDisconnected
[22m[39m[Mock Storage] downloadData called with: undefined
[90mstdout[2m | src/components/Workbook/WorkbookInviteShare.stories.tsx[2m > [22m[2mNo Participants
[22m[39m[ChatContext] Cleaning up subscriptions
[90mstdout[2m | src/components/Workbook/WorkbookInviteShare.stories.tsx[2m > [22m[2mNo Participants
[22m[39m[Mock Data] Unit.onUpdate() subscription removed. Remaining: 0
[90mstdout[2m | src/components/Workbook/WorkbookInviteShare.stories.tsx[2m > [22m[2mNo Participants
[22m[39m[MOCK CourseVectorStore] Initialized with mock data
[90mstdout[2m | src/components/Workbook/WorkbookInviteShare.stories.tsx[2m > [22m[2mNo Participants
[22m[39m[TranslationModeController] Setting mode to: off
[90mstdout[2m | src/components/Workbook/WorkbookInviteShare.stories.tsx[2m > [22m[2mNo Participants
[22m[39m[UnitContext] useEffect triggered {
  "authLoading": false,
  "hasUser": true,
  "id": "mock-unit-id",
  "userSub": "mock-user-sub",
}
[90mstdout[2m | src/components/Workbook/WorkbookInviteShare.stories.tsx[2m > [22m[2mNo Participants
[22m[39m[UnitContext] Fetching unit data for id: mock-unit-id
[90mstdout[2m | src/components/Workbook/WorkbookInviteShare.stories.tsx[2m > [22m[2mNo Participants
[22m[39m[FilesContext] Initializing vector store from IndexedDB
[90mstdout[2m | src/components/Workbook/WorkbookInviteShare.stories.tsx[2m > [22m[2mNo Participants
[22m[39m[FilesContext] fetchFiles called
[90mstdout[2m | src/components/Workbook/WorkbookInviteShare.stories.tsx[2m > [22m[2mNo Participants
[22m[39m[FilesContext] User authenticated: mock-user-sub
[90mstdout[2m | src/components/Workbook/WorkbookInviteShare.stories.tsx[2m > [22m[2mNo Participants
[22m[39m[FilesContext] Identity ID: us-east-1:mock-identity-123
[90mstdout[2m | src/components/Workbook/WorkbookInviteShare.stories.tsx[2m > [22m[2mNo Participants
[22m[39m[FilesContext] About to set up File observeQuery
[90mstdout[2m | src/components/Workbook/WorkbookInviteShare.stories.tsx[2m > [22m[2mNo Participants
[22m[39m[ChatContext] Setting up AssistantChat observeQuery
[90mstdout[2m | src/components/Workbook/WorkbookInviteShare.stories.tsx[2m > [22m[2mNo Participants
[22m[39m[ChatContext] Waiting for subscription to initialize
[90mstdout[2m | src/components/Workbook/WorkbookInviteShare.stories.tsx[2m > [22m[2mNo Participants
[22m[39m[SettingsContext] Setting up Settings subscription for user: mock-user-sub
[90mstdout[2m | src/components/Workbook/WorkbookInviteShare.stories.tsx[2m > [22m[2mNo Participants
[22m[39m[Mock Data] Settings created: mock-settings-1790418981901 - notified 0 subscribers
[90mstdout[2m | src/components/Workbook/WorkbookInviteShare.stories.tsx[2m > [22m[2mNo Participants
[22m[39m[Mock Data] Unit.onUpdate() subscription added. Total: 1
[90mstdout[2m | src/components/Workbook/WorkbookInviteShare.stories.tsx[2m > [22m[2mNo Participants
[22m[39m[SectionContext] Section observeQuery update: 0
[90mstdout[2m | src/components/Workbook/WorkbookInviteShare.stories.tsx[2m > [22m[2mNo Participants
[22m[39m[FilesContext] File observeQuery update: 6 files
[90mstdout[2m | src/components/Workbook/WorkbookInviteShare.stories.tsx[2m > [22m[2mNo Participants
[22m[39m[ChatContext] AssistantChat initialized with 1 chats
[90mstdout[2m | src/components/Workbook/WorkbookInviteShare.stories.tsx[2m > [22m[2mNo Participants
[22m[39m[ChatContext] Setting initial chat: mock-assistant-chat-1
[90mstdout[2m | src/components/Workbook/WorkbookInviteShare.stories.tsx[2m > [22m[2mNo Participants
[22m[39m[MOCK CourseVectorStore] Initialized with mock data
[90mstdout[2m | src/components/Workbook/WorkbookInviteShare.stories.tsx[2m > [22m[2mNo Participants
[22m[39m[FilesContext] Vector store population triggered {
  "currentVectorStoreSize": 3,
  "documentsCount": 0,
  "filesCount": 6,
  "isInitialLoad": true,
}
[90mstdout[2m | src/components/Workbook/WorkbookInviteShare.stories.tsx[2m > [22m[2mNo Participants
[22m[39m[FilesContext] Vector store population complete - 3 total embeddings
[90mstdout[2m | src/components/Workbook/WorkbookInviteShare.stories.tsx[2m > [22m[2mNo Participants
[22m[39m[ChatContext] Chat exists and not archived, skipping creation
[90mstdout[2m | src/components/Workbook/WorkbookInviteShare.stories.tsx[2m > [22m[2mNo Participants
[22m[39m[Mock Storage] downloadData called with: undefined
[90mstdout[2m | src/components/Workbook/WorkbookInviteShare.stories.tsx[2m > [22m[2mMany Participants
[22m[39m[ChatContext] Cleaning up subscriptions
[90mstdout[2m | src/components/Workbook/WorkbookInviteShare.stories.tsx[2m > [22m[2mMany Participants
[22m[39m[Mock Data] Unit.onUpdate() subscription removed. Remaining: 0
[90mstdout[2m | src/components/Workbook/WorkbookInviteShare.stories.tsx[2m > [22m[2mMany Participants
[22m[39m[MOCK CourseVectorStore] Initialized with mock data
[90mstdout[2m | src/components/Workbook/WorkbookInviteShare.stories.tsx[2m > [22m[2mMany Participants
[22m[39m[TranslationModeController] Setting mode to: off
[90mstdout[2m | src/components/Workbook/WorkbookInviteShare.stories.tsx[2m > [22m[2mMany Participants
[22m[39m[UnitContext] useEffect triggered {
  "authLoading": false,
  "hasUser": true,
  "id": "mock-unit-id",
  "userSub": "mock-user-sub",
}
[90mstdout[2m | src/components/Workbook/WorkbookInviteShare.stories.tsx[2m > [22m[2mMany Participants
[22m[39m[UnitContext] Fetching unit data for id: mock-unit-id
[90mstdout[2m | src/components/Workbook/WorkbookInviteShare.stories.tsx[2m > [22m[2mMany Participants
[22m[39m[FilesContext] Initializing vector store from IndexedDB
[90mstdout[2m | src/components/Workbook/WorkbookInviteShare.stories.tsx[2m > [22m[2mMany Participants
[22m[39m[FilesContext] fetchFiles called
[90mstdout[2m | src/components/Workbook/WorkbookInviteShare.stories.tsx[2m > [22m[2mMany Participants
[22m[39m[FilesContext] User authenticated: mock-user-sub
[90mstdout[2m | src/components/Workbook/WorkbookInviteShare.stories.tsx[2m > [22m[2mMany Participants
[22m[39m[FilesContext] Identity ID: us-east-1:mock-identity-123
[90mstdout[2m | src/components/Workbook/WorkbookInviteShare.stories.tsx[2m > [22m[2mMany Participants
[22m[39m[FilesContext] About to set up File observeQuery
[90mstdout[2m | src/components/Workbook/WorkbookInviteShare.stories.tsx[2m > [22m[2mMany Participants
[22m[39m[ChatContext] Setting up AssistantChat observeQuery
[90mstdout[2m | src/components/Workbook/WorkbookInviteShare.stories.tsx[2m > [22m[2mMany Participants
[22m[39m[ChatContext] Waiting for subscription to initialize
[90mstdout[2m | src/components/Workbook/WorkbookInviteShare.stories.tsx[2m > [22m[2mMany Participants
[22m[39m[SettingsContext] Setting up Settings subscription for user: mock-user-sub
[90mstdout[2m | src/components/Workbook/WorkbookInviteShare.stories.tsx[2m > [22m[2mMany Participants
[22m[39m[Mock Data] Settings created: mock-settings-1790418981989 - notified 0 subscribers
[90mstdout[2m | src/components/Workbook/WorkbookInviteShare.stories.tsx[2m > [22m[2mMany Participants
[22m[39m[Mock Data] Unit.onUpdate() subscription added. Total: 1
[90mstdout[2m | src/components/Workbook/WorkbookInviteShare.stories.tsx[2m > [22m[2mMany Participants
[22m[39m[SectionContext] Section observeQuery update: 0
[90mstdout[2m | src/components/Workbook/WorkbookInviteShare.stories.tsx[2m > [22m[2mMany Participants
[22m[39m[FilesContext] File observeQuery update: 6 files
[90mstdout[2m | src/components/Workbook/WorkbookInviteShare.stories.tsx[2m > [22m[2mMany Participants
[22m[39m[ChatContext] AssistantChat initialized with 1 chats
[90mstdout[2m | src/components/Workbook/WorkbookInviteShare.stories.tsx[2m > [22m[2mMany Participants
[22m[39m[ChatContext] Setting initial chat: mock-assistant-chat-1
[90mstdout[2m | src/components/Workbook/WorkbookInviteShare.stories.tsx[2m > [22m[2mMany Participants
[22m[39m[MOCK CourseVectorStore] Initialized with mock data
[90mstdout[2m | src/components/Workbook/WorkbookInviteShare.stories.tsx[2m > [22m[2mMany Participants
[22m[39m[FilesContext] Vector store population triggered {
  "currentVectorStoreSize": 3,
  "documentsCount": 0,
  "filesCount": 6,
  "isInitialLoad": true,
}
[90mstdout[2m | src/components/Workbook/WorkbookInviteShare.stories.tsx[2m > [22m[2mMany Participants
[22m[39m[FilesContext] Vector store population complete - 3 total embeddings
[90mstdout[2m | src/components/Workbook/WorkbookInviteShare.stories.tsx[2m > [22m[2mMany Participants
[22m[39m[ChatContext] Chat exists and not archived, skipping creation
[90mstdout[2m | src/components/Workbook/WorkbookInviteShare.stories.tsx[2m > [22m[2mMany Participants
[22m[39m[Mock Storage] downloadData called with: undefined
[90mstdout[2m | src/components/Workbook/WorkbookInviteShare.stories.tsx[2m > [22m[2mCopy Error
[22m[39m[ChatContext] Cleaning up subscriptions
[90mstdout[2m | src/components/Workbook/WorkbookInviteShare.stories.tsx[2m > [22m[2mCopy Error
[22m[39m[Mock Data] Unit.onUpdate() subscription removed. Remaining: 0
[90mstdout[2m | src/components/Workbook/WorkbookInviteShare.stories.tsx[2m > [22m[2mCopy Error
[22m[39m[MOCK CourseVectorStore] Initialized with mock data
[90mstdout[2m | src/components/Workbook/WorkbookInviteShare.stories.tsx[2m > [22m[2mCopy Error
[22m[39m[TranslationModeController] Setting mode to: off
[90mstdout[2m | src/components/Workbook/WorkbookInviteShare.stories.tsx[2m > [22m[2mCopy Error
[22m[39m[UnitContext] useEffect triggered {
  "authLoading": false,
  "hasUser": true,
  "id": "mock-unit-id",
  "userSub": "mock-user-sub",
}
[90mstdout[2m | src/components/Workbook/WorkbookInviteShare.stories.tsx[2m > [22m[2mCopy Error
[22m[39m[UnitContext] Fetching unit data for id: mock-unit-id
[90mstdout[2m | src/components/Workbook/WorkbookInviteShare.stories.tsx[2m > [22m[2mCopy Error
[22m[39m[FilesContext] Initializing vector store from IndexedDB
[90mstdout[2m | src/components/Workbook/WorkbookInviteShare.stories.tsx[2m > [22m[2mCopy Error
[22m[39m[FilesContext] fetchFiles called
[90mstdout[2m | src/components/Workbook/WorkbookInviteShare.stories.tsx[2m > [22m[2mCopy Error
[22m[39m[FilesContext] User authenticated: mock-user-sub
[90mstdout[2m | src/components/Workbook/WorkbookInviteShare.stories.tsx[2m > [22m[2mCopy Error
[22m[39m[FilesContext] Identity ID: us-east-1:mock-identity-123
[90mstdout[2m | src/components/Workbook/WorkbookInviteShare.stories.tsx[2m > [22m[2mCopy Error
[22m[39m[FilesContext] About to set up File observeQuery
[90mstdout[2m | src/components/Workbook/WorkbookInviteShare.stories.tsx[2m > [22m[2mCopy Error
[22m[39m[ChatContext] Setting up AssistantChat observeQuery
[90mstdout[2m | src/components/Workbook/WorkbookInviteShare.stories.tsx[2m > [22m[2mCopy Error
[22m[39m[ChatContext] Waiting for subscription to initialize
[90mstdout[2m | src/components/Workbook/WorkbookInviteShare.stories.tsx[2m > [22m[2mCopy Error
[22m[39m[SettingsContext] Setting up Settings subscription for user: mock-user-sub
[90mstdout[2m | src/components/Workbook/WorkbookInviteShare.stories.tsx[2m > [22m[2mCopy Error
[22m[39m[Mock Data] Settings created: mock-settings-1790418982069 - notified 0 subscribers
[90mstdout[2m | src/components/Workbook/WorkbookInviteShare.stories.tsx[2m > [22m[2mCopy Error
[22m[39m[Mock Data] Unit.onUpdate() subscription added. Total: 1
[90mstdout[2m | src/components/Workbook/WorkbookInviteShare.stories.tsx[2m > [22m[2mCopy Error
[22m[39m[SectionContext] Section observeQuery update: 0
[90mstdout[2m | src/components/Workbook/WorkbookInviteShare.stories.tsx[2m > [22m[2mCopy Error
[22m[39m[FilesContext] File observeQuery update: 6 files
[90mstdout[2m | src/components/Workbook/WorkbookInviteShare.stories.tsx[2m > [22m[2mCopy Error
[22m[39m[ChatContext] AssistantChat initialized with 1 chats
[90mstdout[2m | src/components/Workbook/WorkbookInviteShare.stories.tsx[2m > [22m[2mCopy Error
[22m[39m[ChatContext] Setting initial chat: mock-assistant-chat-1
[90mstdout[2m | src/components/Workbook/WorkbookInviteShare.stories.tsx[2m > [22m[2mCopy Error
[22m[39m[Mock Storage] downloadData called with: undefined
[90mstdout[2m | src/components/Workbook/WorkbookInviteShare.stories.tsx[2m > [22m[2mCopy Error
[22m[39m[MOCK CourseVectorStore] Initialized with mock data
[90mstdout[2m | src/components/Workbook/WorkbookInviteShare.stories.tsx[2m > [22m[2mCopy Error
[22m[39m[FilesContext] Vector store population triggered {
  "currentVectorStoreSize": 3,
  "documentsCount": 0,
  "filesCount": 6,
  "isInitialLoad": true,
}
[90mstdout[2m | src/components/Workbook/WorkbookInviteShare.stories.tsx[2m > [22m[2mCopy Error
[22m[39m[FilesContext] Vector store population complete - 3 total embeddings
[90mstdout[2m | src/components/Workbook/WorkbookInviteShare.stories.tsx[2m > [22m[2mCopy Error
[22m[39m[ChatContext] Chat exists and not archived, skipping creation
 [32m✓[39m [30m[45m storybook (chromium) [49m[39m src/components/Workbook/WorkbookInviteShare.stories.tsx [2m([22m[2m5 tests[22m[2m)[22m[33m 492[2mms[22m[39m
[90mstdout[2m | unknown test
[22m[39m[MOCK vectorStoreDB.js] Module loaded - mock IndexedDB operations
[90mstdout[2m | unknown test
[22m[39m[Task Completion] DOM action listeners initialized
[90mstdout[2m | unknown test
[22m[39m[Task Completion] Auto-completion detector initialized
[90mstdout[2m | unknown test
[22m[39m[Preview] Task completion detector initialized
[90mstdout[2m | src/components/ConflictResolutionDialog.stories.tsx[2m > [22m[2mDefault
[22m[39m[TranslationModeController] Setting mode to: off
[90mstdout[2m | src/components/ConflictResolutionDialog.stories.tsx[2m > [22m[2mMinor Conflict
[22m[39m[TranslationModeController] Setting mode to: off
 [32m✓[39m [30m[45m storybook (chromium) [49m[39m src/components/ConflictResolutionDialog.stories.tsx [2m([22m[2m2 tests[22m[2m)[22m[33m 535[2mms[22m[39m
   [33m[2m✓[22m[39m Default [33m 312[2mms[22m[39m
[90mstdout[2m | unknown test
[22m[39m[MOCK vectorStoreDB.js] Module loaded - mock IndexedDB operations
[90mstdout[2m | unknown test
[22m[39m[Task Completion] DOM action listeners initialized
[90mstdout[2m | unknown test
[22m[39m[Task Completion] Auto-completion detector initialized
[90mstdout[2m | unknown test
[22m[39m[Preview] Task completion detector initialized
[90mstdout[2m | src/components/Gamification/SquadPostFeed.stories.tsx[2m > [22m[2mWith Posts
[22m[39m[TranslationModeController] Setting mode to: off
[90mstdout[2m | src/components/Gamification/SquadPostFeed.stories.tsx[2m > [22m[2mEmpty Feed
[22m[39m[TranslationModeController] Setting mode to: off
[90mstdout[2m | src/components/Gamification/SquadPostFeed.stories.tsx[2m > [22m[2mNon Member View
[22m[39m[TranslationModeController] Setting mode to: off
[90mstdout[2m | src/components/Gamification/SquadPostFeed.stories.tsx[2m > [22m[2mPublishing
[22m[39m[TranslationModeController] Setting mode to: off
 [32m✓[39m [30m[45m storybook (chromium) [49m[39m src/components/Gamification/SquadPostFeed.stories.tsx [2m([22m[2m4 tests[22m[2m)[22m[33m 677[2mms[22m[39m
[90mstdout[2m | unknown test
[22m[39m[MOCK vectorStoreDB.js] Module loaded - mock IndexedDB operations
[90mstdout[2m | unknown test
[22m[39m[Task Completion] DOM action listeners initialized
[90mstdout[2m | unknown test
[22m[39m[Task Completion] Auto-completion detector initialized
[90mstdout[2m | unknown test
[22m[39m[Preview] Task completion detector initialized
[90mstdout[2m | src/components/Editor3/plugins/ImagesPlugin.stories.jsx[2m > [22m[2mEditable Empty
[22m[39m[Preview] Skipped initializing default mock data (initializeMockData=false)
[90mstdout[2m | src/components/Editor3/plugins/ImagesPlugin.stories.jsx[2m > [22m[2mEditable Empty
[22m[39m[Mock Data] seedMockUnit: Adding unit images-plugin-story-unit
[90mstdout[2m | src/components/Editor3/plugins/ImagesPlugin.stories.jsx[2m > [22m[2mEditable Empty
[22m[39m[MOCK CourseVectorStore] Initialized with mock data
[90mstdout[2m | src/components/Editor3/plugins/ImagesPlugin.stories.jsx[2m > [22m[2mEditable Empty
[22m[39m[TranslationModeController] Setting mode to: off
[90mstdout[2m | src/components/Editor3/plugins/ImagesPlugin.stories.jsx[2m > [22m[2mEditable Empty
[22m[39m[UnitContext] useEffect triggered {
  "authLoading": false,
  "hasUser": true,
  "id": "images-plugin-story-unit",
  "userSub": "mock-user-sub",
}
[90mstdout[2m | src/components/Editor3/plugins/ImagesPlugin.stories.jsx[2m > [22m[2mEditable Empty
[22m[39m[UnitContext] Fetching unit data for id: images-plugin-story-unit
[90mstdout[2m | src/components/Editor3/plugins/ImagesPlugin.stories.jsx[2m > [22m[2mEditable Empty
[22m[39m[FilesContext] Initializing vector store from IndexedDB
[90mstdout[2m | src/components/Editor3/plugins/ImagesPlugin.stories.jsx[2m > [22m[2mEditable Empty
[22m[39m[FilesContext] fetchFiles called
[90mstdout[2m | src/components/Editor3/plugins/ImagesPlugin.stories.jsx[2m > [22m[2mEditable Empty
[22m[39m[FilesContext] User authenticated: mock-user-sub
[90mstdout[2m | src/components/Editor3/plugins/ImagesPlugin.stories.jsx[2m > [22m[2mEditable Empty
[22m[39m[FilesContext] Identity ID: us-east-1:mock-identity-123
[90mstdout[2m | src/components/Editor3/plugins/ImagesPlugin.stories.jsx[2m > [22m[2mEditable Empty
[22m[39m[FilesContext] About to set up File observeQuery
[90mstdout[2m | src/components/Editor3/plugins/ImagesPlugin.stories.jsx[2m > [22m[2mEditable Empty
[22m[39m[ChatContext] Setting up AssistantChat observeQuery
[90mstdout[2m | src/components/Editor3/plugins/ImagesPlugin.stories.jsx[2m > [22m[2mEditable Empty
[22m[39m[ChatContext] Waiting for subscription to initialize
[90mstdout[2m | src/components/Editor3/plugins/ImagesPlugin.stories.jsx[2m > [22m[2mEditable Empty
[22m[39m[SettingsContext] Setting up Settings subscription for user: mock-user-sub
[90mstdout[2m | src/components/Editor3/plugins/ImagesPlugin.stories.jsx[2m > [22m[2mEditable Empty
[22m[39m[Mock Data] Settings created: mock-settings-1790418990955 - notified 0 subscribers
[90mstdout[2m | src/components/Editor3/plugins/ImagesPlugin.stories.jsx[2m > [22m[2mEditable Empty
[22m[39m[Mock Data] Unit.onUpdate() subscription added. Total: 1
[90mstdout[2m | src/components/Editor3/plugins/ImagesPlugin.stories.jsx[2m > [22m[2mEditable Empty
[22m[39m[SectionContext] Section observeQuery update: 0
[90mstdout[2m | src/components/Editor3/plugins/ImagesPlugin.stories.jsx[2m > [22m[2mEditable Empty
[22m[39m[FilesContext] File observeQuery update: 0 files
[90mstdout[2m | src/components/Editor3/plugins/ImagesPlugin.stories.jsx[2m > [22m[2mEditable Empty
[22m[39m[ChatContext] AssistantChat initialized with 0 chats
[90mstdout[2m | src/components/Editor3/plugins/ImagesPlugin.stories.jsx[2m > [22m[2mEditable Empty
[22m[39m[MOCK CourseVectorStore] Initialized with mock data
[90mstdout[2m | src/components/Editor3/plugins/ImagesPlugin.stories.jsx[2m > [22m[2mEditable Empty
[22m[39m[ChatContext] No current chat available, will create one
[90mstdout[2m | src/components/Editor3/plugins/ImagesPlugin.stories.jsx[2m > [22m[2mEditable Empty
[22m[39m[ChatContext] Creating AssistantChat with user: undefined
[90mstdout[2m | src/components/Editor3/plugins/ImagesPlugin.stories.jsx[2m > [22m[2mEditable Empty
[22m[39m[Mock Data] AssistantChat created: mock-assistantchat-1790418990970 - notified 1 subscribers
[90mstdout[2m | src/components/Editor3/plugins/ImagesPlugin.stories.jsx[2m > [22m[2mEditable Empty
[22m[39m[ChatContext] Create result: {
  "data": {
    "_version": 1,
    "archived": false,
    "chatFiles": [Function anonymous],
    "createdAt": "2026-09-26T10:36:30.970Z",
    "id": "mock-assistantchat-1790418990970",
    "model": "gpt-4",
    "updatedAt": "2026-09-26T10:36:30.970Z",
  },
  "errors": [],
  "hasData": true,
  "hasErrors": true,
}
[90mstdout[2m | src/components/Editor3/plugins/ImagesPlugin.stories.jsx[2m > [22m[2mEditable Empty
[22m[39m[ChatContext] Created AssistantChat: mock-assistantchat-1790418990970 at: 2026-09-26T10:36:30.970Z
[90mstdout[2m | src/components/Editor3/plugins/ImagesPlugin.stories.jsx[2m > [22m[2mEditable Empty
[22m[39m[Mock Storage] downloadData called with: undefined
[90mstdout[2m | src/components/Editor3/plugins/ImagesPlugin.stories.jsx[2m > [22m[2mEditable Empty
[22m[39m[ChatContext] Setting initial chat: mock-assistantchat-1790418990970
[90mstdout[2m | src/components/Editor3/plugins/ImagesPlugin.stories.jsx[2m > [22m[2mEditable Empty
[22m[39m[ChatContext] Chat exists and not archived, skipping creation
[90mstdout[2m | src/components/Editor3/plugins/ImagesPlugin.stories.jsx[2m > [22m[2mEditable With Image
[22m[39m[ChatContext] Cleaning up subscriptions
[90mstdout[2m | src/components/Editor3/plugins/ImagesPlugin.stories.jsx[2m > [22m[2mEditable With Image
[22m[39m[Mock Data] Unit.onUpdate() subscription removed. Remaining: 0
[90mstdout[2m | src/components/Editor3/plugins/ImagesPlugin.stories.jsx[2m > [22m[2mEditable With Image
[22m[39m[Preview] Skipped initializing default mock data (initializeMockData=false)
[90mstdout[2m | src/components/Editor3/plugins/ImagesPlugin.stories.jsx[2m > [22m[2mEditable With Image
[22m[39m[Mock Data] seedMockUnit: Adding unit images-plugin-story-unit
[90mstdout[2m | src/components/Editor3/plugins/ImagesPlugin.stories.jsx[2m > [22m[2mEditable With Image
[22m[39m[MOCK CourseVectorStore] Initialized with mock data
[90mstdout[2m | src/components/Editor3/plugins/ImagesPlugin.stories.jsx[2m > [22m[2mEditable With Image
[22m[39m[TranslationModeController] Setting mode to: off
[90mstdout[2m | src/components/Editor3/plugins/ImagesPlugin.stories.jsx[2m > [22m[2mEditable With Image
[22m[39m[UnitContext] useEffect triggered {
  "authLoading": false,
  "hasUser": true,
  "id": "images-plugin-story-unit",
  "userSub": "mock-user-sub",
}
[90mstdout[2m | src/components/Editor3/plugins/ImagesPlugin.stories.jsx[2m > [22m[2mEditable With Image
[22m[39m[UnitContext] Fetching unit data for id: images-plugin-story-unit
[90mstdout[2m | src/components/Editor3/plugins/ImagesPlugin.stories.jsx[2m > [22m[2mEditable With Image
[22m[39m[FilesContext] Initializing vector store from IndexedDB
[90mstdout[2m | src/components/Editor3/plugins/ImagesPlugin.stories.jsx[2m > [22m[2mEditable With Image
[22m[39m[FilesContext] fetchFiles called
[90mstdout[2m | src/components/Editor3/plugins/ImagesPlugin.stories.jsx[2m > [22m[2mEditable With Image
[22m[39m[FilesContext] User authenticated: mock-user-sub
[90mstdout[2m | src/components/Editor3/plugins/ImagesPlugin.stories.jsx[2m > [22m[2mEditable With Image
[22m[39m[FilesContext] Identity ID: us-east-1:mock-identity-123
[90mstdout[2m | src/components/Editor3/plugins/ImagesPlugin.stories.jsx[2m > [22m[2mEditable With Image
[22m[39m[FilesContext] About to set up File observeQuery
[90mstdout[2m | src/components/Editor3/plugins/ImagesPlugin.stories.jsx[2m > [22m[2mEditable With Image
[22m[39m[ChatContext] Setting up AssistantChat observeQuery
[90mstdout[2m | src/components/Editor3/plugins/ImagesPlugin.stories.jsx[2m > [22m[2mEditable With Image
[22m[39m[ChatContext] Waiting for subscription to initialize
[90mstdout[2m | src/components/Editor3/plugins/ImagesPlugin.stories.jsx[2m > [22m[2mEditable With Image
[22m[39m[SettingsContext] Setting up Settings subscription for user: mock-user-sub
[90mstdout[2m | src/components/Editor3/plugins/ImagesPlugin.stories.jsx[2m > [22m[2mEditable With Image
[22m[39m[Mock Data] Settings created: mock-settings-1790418991120 - notified 0 subscribers
[90mstdout[2m | src/components/Editor3/plugins/ImagesPlugin.stories.jsx[2m > [22m[2mEditable With Image
[22m[39m[Mock Data] Unit.onUpdate() subscription added. Total: 1
[90mstdout[2m | src/components/Editor3/plugins/ImagesPlugin.stories.jsx[2m > [22m[2mEditable With Image
[22m[39m[SectionContext] Section observeQuery update: 0
[90mstdout[2m | src/components/Editor3/plugins/ImagesPlugin.stories.jsx[2m > [22m[2mEditable With Image
[22m[39m[FilesContext] File observeQuery update: 0 files
[90mstdout[2m | src/components/Editor3/plugins/ImagesPlugin.stories.jsx[2m > [22m[2mEditable With Image
[22m[39m[ChatContext] AssistantChat initialized with 0 chats
[90mstdout[2m | src/components/Editor3/plugins/ImagesPlugin.stories.jsx[2m > [22m[2mEditable With Image
[22m[39m[Mock Storage] downloadData called with: undefined
[90mstdout[2m | src/components/Editor3/plugins/ImagesPlugin.stories.jsx[2m > [22m[2mEditable With Image
[22m[39m[MOCK CourseVectorStore] Initialized with mock data
[90mstdout[2m | src/components/Editor3/plugins/ImagesPlugin.stories.jsx[2m > [22m[2mEditable With Image
[22m[39m[ChatContext] No current chat available, will create one
[90mstdout[2m | src/components/Editor3/plugins/ImagesPlugin.stories.jsx[2m > [22m[2mEditable With Image
[22m[39m[ChatContext] Creating AssistantChat with user: undefined
[90mstdout[2m | src/components/Editor3/plugins/ImagesPlugin.stories.jsx[2m > [22m[2mEditable With Image
[22m[39m[Mock Data] AssistantChat created: mock-assistantchat-1790418991128 - notified 1 subscribers
[90mstdout[2m | src/components/Editor3/plugins/ImagesPlugin.stories.jsx[2m > [22m[2mEditable With Image
[22m[39m[ChatContext] Create result: {
  "data": {
    "_version": 1,
    "archived": false,
    "chatFiles": [Function anonymous],
    "createdAt": "2026-09-26T10:36:31.128Z",
    "id": "mock-assistantchat-1790418991128",
    "model": "gpt-4",
    "updatedAt": "2026-09-26T10:36:31.128Z",
  },
  "errors": [],
  "hasData": true,
  "hasErrors": true,
}
[90mstdout[2m | src/components/Editor3/plugins/ImagesPlugin.stories.jsx[2m > [22m[2mEditable With Image
[22m[39m[ChatContext] Created AssistantChat: mock-assistantchat-1790418991128 at: 2026-09-26T10:36:31.128Z
[90mstdout[2m | src/components/Editor3/plugins/ImagesPlugin.stories.jsx[2m > [22m[2mEditable With Image
[22m[39m[ChatContext] Setting initial chat: mock-assistantchat-1790418991128
[90mstdout[2m | src/components/Editor3/plugins/ImagesPlugin.stories.jsx[2m > [22m[2mEditable With Image
[22m[39m[ChatContext] Chat exists and not archived, skipping creation
[90mstdout[2m | src/components/Editor3/plugins/ImagesPlugin.stories.jsx[2m > [22m[2mRead Only With Image
[22m[39m[ChatContext] Cleaning up subscriptions
[90mstdout[2m | src/components/Editor3/plugins/ImagesPlugin.stories.jsx[2m > [22m[2mRead Only With Image
[22m[39m[Mock Data] Unit.onUpdate() subscription removed. Remaining: 0
[90mstdout[2m | src/components/Editor3/plugins/ImagesPlugin.stories.jsx[2m > [22m[2mRead Only With Image
[22m[39m[Preview] Skipped initializing default mock data (initializeMockData=false)
[90mstdout[2m | src/components/Editor3/plugins/ImagesPlugin.stories.jsx[2m > [22m[2mRead Only With Image
[22m[39m[Mock Data] seedMockUnit: Adding unit images-plugin-story-unit
[90mstdout[2m | src/components/Editor3/plugins/ImagesPlugin.stories.jsx[2m > [22m[2mRead Only With Image
[22m[39m[MOCK CourseVectorStore] Initialized with mock data
[90mstdout[2m | src/components/Editor3/plugins/ImagesPlugin.stories.jsx[2m > [22m[2mRead Only With Image
[22m[39m[TranslationModeController] Setting mode to: off
[90mstdout[2m | src/components/Editor3/plugins/ImagesPlugin.stories.jsx[2m > [22m[2mRead Only With Image
[22m[39m[UnitContext] useEffect triggered {
  "authLoading": false,
  "hasUser": true,
  "id": "images-plugin-story-unit",
  "userSub": "mock-user-sub",
}
[90mstdout[2m | src/components/Editor3/plugins/ImagesPlugin.stories.jsx[2m > [22m[2mRead Only With Image
[22m[39m[UnitContext] Fetching unit data for id: images-plugin-story-unit
[90mstdout[2m | src/components/Editor3/plugins/ImagesPlugin.stories.jsx[2m > [22m[2mRead Only With Image
[22m[39m[FilesContext] Initializing vector store from IndexedDB
[90mstdout[2m | src/components/Editor3/plugins/ImagesPlugin.stories.jsx[2m > [22m[2mRead Only With Image
[22m[39m[FilesContext] fetchFiles called
[90mstdout[2m | src/components/Editor3/plugins/ImagesPlugin.stories.jsx[2m > [22m[2mRead Only With Image
[22m[39m[FilesContext] User authenticated: mock-user-sub
[90mstdout[2m | src/components/Editor3/plugins/ImagesPlugin.stories.jsx[2m > [22m[2mRead Only With Image
[22m[39m[FilesContext] Identity ID: us-east-1:mock-identity-123
[90mstdout[2m | src/components/Editor3/plugins/ImagesPlugin.stories.jsx[2m > [22m[2mRead Only With Image
[22m[39m[FilesContext] About to set up File observeQuery
[90mstdout[2m | src/components/Editor3/plugins/ImagesPlugin.stories.jsx[2m > [22m[2mRead Only With Image
[22m[39m[ChatContext] Setting up AssistantChat observeQuery
[90mstdout[2m | src/components/Editor3/plugins/ImagesPlugin.stories.jsx[2m > [22m[2mRead Only With Image
[22m[39m[ChatContext] Waiting for subscription to initialize
[90mstdout[2m | src/components/Editor3/plugins/ImagesPlugin.stories.jsx[2m > [22m[2mRead Only With Image
[22m[39m[SettingsContext] Setting up Settings subscription for user: mock-user-sub
[90mstdout[2m | src/components/Editor3/plugins/ImagesPlugin.stories.jsx[2m > [22m[2mRead Only With Image
[22m[39m[Mock Data] Settings created: mock-settings-1790418991253 - notified 0 subscribers
[90mstdout[2m | src/components/Editor3/plugins/ImagesPlugin.stories.jsx[2m > [22m[2mRead Only With Image
[22m[39m[Mock Data] Unit.onUpdate() subscription added. Total: 1
[90mstdout[2m | src/components/Editor3/plugins/ImagesPlugin.stories.jsx[2m > [22m[2mRead Only With Image
[22m[39m[SectionContext] Section observeQuery update: 0
[90mstdout[2m | src/components/Editor3/plugins/ImagesPlugin.stories.jsx[2m > [22m[2mRead Only With Image
[22m[39m[FilesContext] File observeQuery update: 0 files
[90mstdout[2m | src/components/Editor3/plugins/ImagesPlugin.stories.jsx[2m > [22m[2mRead Only With Image
[22m[39m[ChatContext] AssistantChat initialized with 0 chats
[90mstdout[2m | src/components/Editor3/plugins/ImagesPlugin.stories.jsx[2m > [22m[2mRead Only With Image
[22m[39m[Mock Storage] downloadData called with: undefined
[90mstdout[2m | src/components/Editor3/plugins/ImagesPlugin.stories.jsx[2m > [22m[2mRead Only With Image
[22m[39m[MOCK CourseVectorStore] Initialized with mock data
[90mstdout[2m | src/components/Editor3/plugins/ImagesPlugin.stories.jsx[2m > [22m[2mRead Only With Image
[22m[39m[ChatContext] No current chat available, will create one
[90mstdout[2m | src/components/Editor3/plugins/ImagesPlugin.stories.jsx[2m > [22m[2mRead Only With Image
[22m[39m[ChatContext] Creating AssistantChat with user: undefined
[90mstdout[2m | src/components/Editor3/plugins/ImagesPlugin.stories.jsx[2m > [22m[2mRead Only With Image
[22m[39m[Mock Data] AssistantChat created: mock-assistantchat-1790418991263 - notified 1 subscribers
[90mstdout[2m | src/components/Editor3/plugins/ImagesPlugin.stories.jsx[2m > [22m[2mRead Only With Image
[22m[39m[ChatContext] Create result: {
  "data": {
    "_version": 1,
    "archived": false,
    "chatFiles": [Function anonymous],
    "createdAt": "2026-09-26T10:36:31.263Z",
    "id": "mock-assistantchat-1790418991263",
    "model": "gpt-4",
    "updatedAt": "2026-09-26T10:36:31.263Z",
  },
  "errors": [],
  "hasData": true,
  "hasErrors": true,
}
[90mstdout[2m | src/components/Editor3/plugins/ImagesPlugin.stories.jsx[2m > [22m[2mRead Only With Image
[22m[39m[ChatContext] Created AssistantChat: mock-assistantchat-1790418991263 at: 2026-09-26T10:36:31.263Z
[90mstdout[2m | src/components/Editor3/plugins/ImagesPlugin.stories.jsx[2m > [22m[2mRead Only With Image
[22m[39m[ChatContext] Setting initial chat: mock-assistantchat-1790418991263
[90mstdout[2m | src/components/Editor3/plugins/ImagesPlugin.stories.jsx[2m > [22m[2mRead Only With Image
[22m[39m[ChatContext] Chat exists and not archived, skipping creation
 [32m✓[39m [30m[45m storybook (chromium) [49m[39m src/components/Editor3/plugins/ImagesPlugin.stories.jsx [2m([22m[2m3 tests[22m[2m)[22m[33m 440[2mms[22m[39m
[90mstdout[2m | unknown test
[22m[39m[MOCK vectorStoreDB.js] Module loaded - mock IndexedDB operations
[90mstdout[2m | unknown test
[22m[39m[Task Completion] DOM action listeners initialized
[90mstdout[2m | unknown test
[22m[39m[Task Completion] Auto-completion detector initialized
[90mstdout[2m | unknown test
[22m[39m[Preview] Task completion detector initialized
[90mstdout[2m | src/components/Gamification/ThemeUnlockEditor.stories.tsx[2m > [22m[2mDefault
[22m[39m[TranslationModeController] Setting mode to: off
[90mstdout[2m | src/components/Gamification/ThemeUnlockEditor.stories.tsx[2m > [22m[2mCustom Config
[22m[39m[TranslationModeController] Setting mode to: off
[90mstdout[2m | src/components/Gamification/ThemeUnlockEditor.stories.tsx[2m > [22m[2mInteraction
[22m[39m[TranslationModeController] Setting mode to: off
 [32m✓[39m [30m[45m storybook (chromium) [49m[39m src/components/Gamification/ThemeUnlockEditor.stories.tsx [2m([22m[2m3 tests[22m[2m)[22m[33m 535[2mms[22m[39m
[90mstdout[2m | unknown test
[22m[39m[MOCK vectorStoreDB.js] Module loaded - mock IndexedDB operations
[90mstdout[2m | unknown test
[22m[39m[Task Completion] DOM action listeners initialized
[90mstdout[2m | unknown test
[22m[39m[Task Completion] Auto-completion detector initialized
[90mstdout[2m | unknown test
[22m[39m[Preview] Task completion detector initialized
[90mstdout[2m | src/components/Editor3/plugins/ColorPicker.stories.jsx[2m > [22m[2mStandalone
[22m[39m[Preview] Skipped initializing default mock data (initializeMockData=false)
[90mstdout[2m | src/components/Editor3/plugins/ColorPicker.stories.jsx[2m > [22m[2mStandalone
[22m[39m[Mock Data] seedMockUnit: Adding unit color-picker-story-unit
[90mstdout[2m | src/components/Editor3/plugins/ColorPicker.stories.jsx[2m > [22m[2mStandalone
[22m[39m[MOCK CourseVectorStore] Initialized with mock data
[90mstdout[2m | src/components/Editor3/plugins/ColorPicker.stories.jsx[2m > [22m[2mStandalone
[22m[39m[TranslationModeController] Setting mode to: off
[90mstdout[2m | src/components/Editor3/plugins/ColorPicker.stories.jsx[2m > [22m[2mStandalone
[22m[39m[UnitContext] useEffect triggered {
  "authLoading": false,
  "hasUser": true,
  "id": "color-picker-story-unit",
  "userSub": "mock-user-sub",
}
[90mstdout[2m | src/components/Editor3/plugins/ColorPicker.stories.jsx[2m > [22m[2mStandalone
[22m[39m[UnitContext] Fetching unit data for id: color-picker-story-unit
[90mstdout[2m | src/components/Editor3/plugins/ColorPicker.stories.jsx[2m > [22m[2mStandalone
[22m[39m[FilesContext] Initializing vector store from IndexedDB
[90mstdout[2m | src/components/Editor3/plugins/ColorPicker.stories.jsx[2m > [22m[2mStandalone
[22m[39m[FilesContext] fetchFiles called
[90mstdout[2m | src/components/Editor3/plugins/ColorPicker.stories.jsx[2m > [22m[2mStandalone
[22m[39m[FilesContext] User authenticated: mock-user-sub
[90mstdout[2m | src/components/Editor3/plugins/ColorPicker.stories.jsx[2m > [22m[2mStandalone
[22m[39m[FilesContext] Identity ID: us-east-1:mock-identity-123
[90mstdout[2m | src/components/Editor3/plugins/ColorPicker.stories.jsx[2m > [22m[2mStandalone
[22m[39m[FilesContext] About to set up File observeQuery
[90mstdout[2m | src/components/Editor3/plugins/ColorPicker.stories.jsx[2m > [22m[2mStandalone
[22m[39m[ChatContext] Setting up AssistantChat observeQuery
[90mstdout[2m | src/components/Editor3/plugins/ColorPicker.stories.jsx[2m > [22m[2mStandalone
[22m[39m[ChatContext] Waiting for subscription to initialize
[90mstdout[2m | src/components/Editor3/plugins/ColorPicker.stories.jsx[2m > [22m[2mStandalone
[22m[39m[SettingsContext] Setting up Settings subscription for user: mock-user-sub
[90mstdout[2m | src/components/Editor3/plugins/ColorPicker.stories.jsx[2m > [22m[2mStandalone
[22m[39m[Mock Data] Settings created: mock-settings-1790418992891 - notified 0 subscribers
[90mstdout[2m | src/components/Editor3/plugins/ColorPicker.stories.jsx[2m > [22m[2mStandalone
[22m[39m[Mock Data] Unit.onUpdate() subscription added. Total: 1
[90mstdout[2m | src/components/Editor3/plugins/ColorPicker.stories.jsx[2m > [22m[2mStandalone
[22m[39m[SectionContext] Section observeQuery update: 0
[90mstdout[2m | src/components/Editor3/plugins/ColorPicker.stories.jsx[2m > [22m[2mStandalone
[22m[39m[FilesContext] File observeQuery update: 0 files
[90mstdout[2m | src/components/Editor3/plugins/ColorPicker.stories.jsx[2m > [22m[2mStandalone
[22m[39m[ChatContext] AssistantChat initialized with 0 chats
[90mstdout[2m | src/components/Editor3/plugins/ColorPicker.stories.jsx[2m > [22m[2mStandalone
[22m[39m[MOCK CourseVectorStore] Initialized with mock data
[90mstdout[2m | src/components/Editor3/plugins/ColorPicker.stories.jsx[2m > [22m[2mStandalone
[22m[39m[ChatContext] No current chat available, will create one
[90mstdout[2m | src/components/Editor3/plugins/ColorPicker.stories.jsx[2m > [22m[2mStandalone
[22m[39m[ChatContext] Creating AssistantChat with user: undefined
[90mstdout[2m | src/components/Editor3/plugins/ColorPicker.stories.jsx[2m > [22m[2mStandalone
[22m[39m[Mock Data] AssistantChat created: mock-assistantchat-1790418992910 - notified 1 subscribers
[90mstdout[2m | src/components/Editor3/plugins/ColorPicker.stories.jsx[2m > [22m[2mStandalone
[22m[39m[ChatContext] Create result: {
  "data": {
    "_version": 1,
    "archived": false,
    "chatFiles": [Function anonymous],
    "createdAt": "2026-09-26T10:36:32.910Z",
    "id": "mock-assistantchat-1790418992910",
    "model": "gpt-4",
    "updatedAt": "2026-09-26T10:36:32.910Z",
  },
  "errors": [],
  "hasData": true,
  "hasErrors": true,
}
[90mstdout[2m | src/components/Editor3/plugins/ColorPicker.stories.jsx[2m > [22m[2mStandalone
[22m[39m[ChatContext] Created AssistantChat: mock-assistantchat-1790418992910 at: 2026-09-26T10:36:32.910Z
[90mstdout[2m | src/components/Editor3/plugins/ColorPicker.stories.jsx[2m > [22m[2mStandalone
[22m[39m[Mock Storage] downloadData called with: undefined
[90mstdout[2m | src/components/Editor3/plugins/ColorPicker.stories.jsx[2m > [22m[2mStandalone
[22m[39m[ChatContext] Setting initial chat: mock-assistantchat-1790418992910
[90mstdout[2m | src/components/Editor3/plugins/ColorPicker.stories.jsx[2m > [22m[2mStandalone
[22m[39m[ChatContext] Chat exists and not archived, skipping creation
[90mstdout[2m | src/components/Editor3/plugins/ColorPicker.stories.jsx[2m > [22m[2mEditor Integration
[22m[39m[ChatContext] Cleaning up subscriptions
[90mstdout[2m | src/components/Editor3/plugins/ColorPicker.stories.jsx[2m > [22m[2mEditor Integration
[22m[39m[Mock Data] Unit.onUpdate() subscription removed. Remaining: 0
[90mstdout[2m | src/components/Editor3/plugins/ColorPicker.stories.jsx[2m > [22m[2mEditor Integration
[22m[39m[Preview] Skipped initializing default mock data (initializeMockData=false)
[90mstdout[2m | src/components/Editor3/plugins/ColorPicker.stories.jsx[2m > [22m[2mEditor Integration
[22m[39m[Mock Data] seedMockUnit: Adding unit color-picker-story-unit
[90mstdout[2m | src/components/Editor3/plugins/ColorPicker.stories.jsx[2m > [22m[2mEditor Integration
[22m[39m[MOCK CourseVectorStore] Initialized with mock data
[90mstdout[2m | src/components/Editor3/plugins/ColorPicker.stories.jsx[2m > [22m[2mEditor Integration
[22m[39m[TranslationModeController] Setting mode to: off
[90mstdout[2m | src/components/Editor3/plugins/ColorPicker.stories.jsx[2m > [22m[2mEditor Integration
[22m[39m[UnitContext] useEffect triggered {
  "authLoading": false,
  "hasUser": true,
  "id": "color-picker-story-unit",
  "userSub": "mock-user-sub",
}
[90mstdout[2m | src/components/Editor3/plugins/ColorPicker.stories.jsx[2m > [22m[2mEditor Integration
[22m[39m[UnitContext] Fetching unit data for id: color-picker-story-unit
[90mstdout[2m | src/components/Editor3/plugins/ColorPicker.stories.jsx[2m > [22m[2mEditor Integration
[22m[39m[FilesContext] Initializing vector store from IndexedDB
[90mstdout[2m | src/components/Editor3/plugins/ColorPicker.stories.jsx[2m > [22m[2mEditor Integration
[22m[39m[FilesContext] fetchFiles called
[90mstdout[2m | src/components/Editor3/plugins/ColorPicker.stories.jsx[2m > [22m[2mEditor Integration
[22m[39m[FilesContext] User authenticated: mock-user-sub
[90mstdout[2m | src/components/Editor3/plugins/ColorPicker.stories.jsx[2m > [22m[2mEditor Integration
[22m[39m[FilesContext] Identity ID: us-east-1:mock-identity-123
[90mstdout[2m | src/components/Editor3/plugins/ColorPicker.stories.jsx[2m > [22m[2mEditor Integration
[22m[39m[FilesContext] About to set up File observeQuery
[90mstdout[2m | src/components/Editor3/plugins/ColorPicker.stories.jsx[2m > [22m[2mEditor Integration
[22m[39m[ChatContext] Setting up AssistantChat observeQuery
[90mstdout[2m | src/components/Editor3/plugins/ColorPicker.stories.jsx[2m > [22m[2mEditor Integration
[22m[39m[ChatContext] Waiting for subscription to initialize
[90mstdout[2m | src/components/Editor3/plugins/ColorPicker.stories.jsx[2m > [22m[2mEditor Integration
[22m[39m[SettingsContext] Setting up Settings subscription for user: mock-user-sub
[90mstdout[2m | src/components/Editor3/plugins/ColorPicker.stories.jsx[2m > [22m[2mEditor Integration
[22m[39m[Mock Data] Settings created: mock-settings-1790418993100 - notified 0 subscribers
[90mstdout[2m | src/components/Editor3/plugins/ColorPicker.stories.jsx[2m > [22m[2mEditor Integration
[22m[39m[Mock Data] Unit.onUpdate() subscription added. Total: 1
[90mstdout[2m | src/components/Editor3/plugins/ColorPicker.stories.jsx[2m > [22m[2mEditor Integration
[22m[39m[SectionContext] Section observeQuery update: 0
[90mstdout[2m | src/components/Editor3/plugins/ColorPicker.stories.jsx[2m > [22m[2mEditor Integration
[22m[39m[Mock Storage] downloadData called with: undefined
[90mstdout[2m | src/components/Editor3/plugins/ColorPicker.stories.jsx[2m > [22m[2mEditor Integration
[22m[39m[FilesContext] File observeQuery update: 0 files
[90mstdout[2m | src/components/Editor3/plugins/ColorPicker.stories.jsx[2m > [22m[2mEditor Integration
[22m[39m[ChatContext] AssistantChat initialized with 0 chats
[90mstdout[2m | src/components/Editor3/plugins/ColorPicker.stories.jsx[2m > [22m[2mEditor Integration
[22m[39m[MOCK CourseVectorStore] Initialized with mock data
[90mstdout[2m | src/components/Editor3/plugins/ColorPicker.stories.jsx[2m > [22m[2mEditor Integration
[22m[39m[ChatContext] No current chat available, will create one
[90mstdout[2m | src/components/Editor3/plugins/ColorPicker.stories.jsx[2m > [22m[2mEditor Integration
[22m[39m[ChatContext] Creating AssistantChat with user: undefined
[90mstdout[2m | src/components/Editor3/plugins/ColorPicker.stories.jsx[2m > [22m[2mEditor Integration
[22m[39m[Mock Data] AssistantChat created: mock-assistantchat-1790418993112 - notified 1 subscribers
[90mstdout[2m | src/components/Editor3/plugins/ColorPicker.stories.jsx[2m > [22m[2mEditor Integration
[22m[39m[ChatContext] Create result: {
  "data": {
    "_version": 1,
    "archived": false,
    "chatFiles": [Function anonymous],
    "createdAt": "2026-09-26T10:36:33.112Z",
    "id": "mock-assistantchat-1790418993112",
    "model": "gpt-4",
    "updatedAt": "2026-09-26T10:36:33.112Z",
  },
  "errors": [],
  "hasData": true,
  "hasErrors": true,
}
[90mstdout[2m | src/components/Editor3/plugins/ColorPicker.stories.jsx[2m > [22m[2mEditor Integration
[22m[39m[ChatContext] Created AssistantChat: mock-assistantchat-1790418993112 at: 2026-09-26T10:36:33.112Z
[90mstdout[2m | src/components/Editor3/plugins/ColorPicker.stories.jsx[2m > [22m[2mEditor Integration
[22m[39m[ChatContext] Setting initial chat: mock-assistantchat-1790418993112
[90mstdout[2m | src/components/Editor3/plugins/ColorPicker.stories.jsx[2m > [22m[2mEditor Integration
[22m[39m[ChatContext] Chat exists and not archived, skipping creation
[90mstdout[2m | src/components/Editor3/plugins/ColorPicker.stories.jsx[2m > [22m[2mEditor With Colorful Text
[22m[39m[ChatContext] Cleaning up subscriptions
[90mstdout[2m | src/components/Editor3/plugins/ColorPicker.stories.jsx[2m > [22m[2mEditor With Colorful Text
[22m[39m[Mock Data] Unit.onUpdate() subscription removed. Remaining: 0
[90mstdout[2m | src/components/Editor3/plugins/ColorPicker.stories.jsx[2m > [22m[2mEditor With Colorful Text
[22m[39m[Preview] Skipped initializing default mock data (initializeMockData=false)
[90mstdout[2m | src/components/Editor3/plugins/ColorPicker.stories.jsx[2m > [22m[2mEditor With Colorful Text
[22m[39m[Mock Data] seedMockUnit: Adding unit color-picker-story-unit
[90mstdout[2m | src/components/Editor3/plugins/ColorPicker.stories.jsx[2m > [22m[2mEditor With Colorful Text
[22m[39m[MOCK CourseVectorStore] Initialized with mock data
[90mstdout[2m | src/components/Editor3/plugins/ColorPicker.stories.jsx[2m > [22m[2mEditor With Colorful Text
[22m[39m[TranslationModeController] Setting mode to: off
[90mstdout[2m | src/components/Editor3/plugins/ColorPicker.stories.jsx[2m > [22m[2mEditor With Colorful Text
[22m[39m[UnitContext] useEffect triggered {
  "authLoading": false,
  "hasUser": true,
  "id": "color-picker-story-unit",
  "userSub": "mock-user-sub",
}
[90mstdout[2m | src/components/Editor3/plugins/ColorPicker.stories.jsx[2m > [22m[2mEditor With Colorful Text
[22m[39m[UnitContext] Fetching unit data for id: color-picker-story-unit
[90mstdout[2m | src/components/Editor3/plugins/ColorPicker.stories.jsx[2m > [22m[2mEditor With Colorful Text
[22m[39m[FilesContext] Initializing vector store from IndexedDB
[90mstdout[2m | src/components/Editor3/plugins/ColorPicker.stories.jsx[2m > [22m[2mEditor With Colorful Text
[22m[39m[FilesContext] fetchFiles called
[90mstdout[2m | src/components/Editor3/plugins/ColorPicker.stories.jsx[2m > [22m[2mEditor With Colorful Text
[22m[39m[FilesContext] User authenticated: mock-user-sub
[90mstdout[2m | src/components/Editor3/plugins/ColorPicker.stories.jsx[2m > [22m[2mEditor With Colorful Text
[22m[39m[FilesContext] Identity ID: us-east-1:mock-identity-123
[90mstdout[2m | src/components/Editor3/plugins/ColorPicker.stories.jsx[2m > [22m[2mEditor With Colorful Text
[22m[39m[FilesContext] About to set up File observeQuery
[90mstdout[2m | src/components/Editor3/plugins/ColorPicker.stories.jsx[2m > [22m[2mEditor With Colorful Text
[22m[39m[ChatContext] Setting up AssistantChat observeQuery
[90mstdout[2m | src/components/Editor3/plugins/ColorPicker.stories.jsx[2m > [22m[2mEditor With Colorful Text
[22m[39m[ChatContext] Waiting for subscription to initialize
[90mstdout[2m | src/components/Editor3/plugins/ColorPicker.stories.jsx[2m > [22m[2mEditor With Colorful Text
[22m[39m[SettingsContext] Setting up Settings subscription for user: mock-user-sub
[90mstdout[2m | src/components/Editor3/plugins/ColorPicker.stories.jsx[2m > [22m[2mEditor With Colorful Text
[22m[39m[Mock Data] Settings created: mock-settings-1790418993216 - notified 0 subscribers
[90mstdout[2m | src/components/Editor3/plugins/ColorPicker.stories.jsx[2m > [22m[2mEditor With Colorful Text
[22m[39m[Mock Data] Unit.onUpdate() subscription added. Total: 1
[90mstdout[2m | src/components/Editor3/plugins/ColorPicker.stories.jsx[2m > [22m[2mEditor With Colorful Text
[22m[39m[SectionContext] Section observeQuery update: 0
[90mstdout[2m | src/components/Editor3/plugins/ColorPicker.stories.jsx[2m > [22m[2mEditor With Colorful Text
[22m[39m[Mock Storage] downloadData called with: undefined
[90mstdout[2m | src/components/Editor3/plugins/ColorPicker.stories.jsx[2m > [22m[2mEditor With Colorful Text
[22m[39m[FilesContext] File observeQuery update: 0 files
[90mstdout[2m | src/components/Editor3/plugins/ColorPicker.stories.jsx[2m > [22m[2mEditor With Colorful Text
[22m[39m[ChatContext] AssistantChat initialized with 0 chats
[90mstdout[2m | src/components/Editor3/plugins/ColorPicker.stories.jsx[2m > [22m[2mEditor With Colorful Text
[22m[39m[MOCK CourseVectorStore] Initialized with mock data
[90mstdout[2m | src/components/Editor3/plugins/ColorPicker.stories.jsx[2m > [22m[2mEditor With Colorful Text
[22m[39m[ChatContext] No current chat available, will create one
[90mstdout[2m | src/components/Editor3/plugins/ColorPicker.stories.jsx[2m > [22m[2mEditor With Colorful Text
[22m[39m[ChatContext] Creating AssistantChat with user: undefined
[90mstdout[2m | src/components/Editor3/plugins/ColorPicker.stories.jsx[2m > [22m[2mEditor With Colorful Text
[22m[39m[Mock Data] AssistantChat created: mock-assistantchat-1790418993266 - notified 1 subscribers
[90mstdout[2m | src/components/Editor3/plugins/ColorPicker.stories.jsx[2m > [22m[2mEditor With Colorful Text
[22m[39m[ChatContext] Create result: {
  "data": {
    "_version": 1,
    "archived": false,
    "chatFiles": [Function anonymous],
    "createdAt": "2026-09-26T10:36:33.266Z",
    "id": "mock-assistantchat-1790418993266",
    "model": "gpt-4",
    "updatedAt": "2026-09-26T10:36:33.266Z",
  },
  "errors": [],
  "hasData": true,
  "hasErrors": true,
}
[90mstdout[2m | src/components/Editor3/plugins/ColorPicker.stories.jsx[2m > [22m[2mEditor With Colorful Text
[22m[39m[ChatContext] Created AssistantChat: mock-assistantchat-1790418993266 at: 2026-09-26T10:36:33.266Z
[90mstdout[2m | src/components/Editor3/plugins/ColorPicker.stories.jsx[2m > [22m[2mEditor With Colorful Text
[22m[39m[ChatContext] Setting initial chat: mock-assistantchat-1790418993266
[90mstdout[2m | src/components/Editor3/plugins/ColorPicker.stories.jsx
[22m[39m[ChatContext] Chat exists and not archived, skipping creation
 [32m✓[39m [30m[45m storybook (chromium) [49m[39m src/components/Editor3/plugins/ColorPicker.stories.jsx [2m([22m[2m3 tests[22m[2m)[22m[33m 472[2mms[22m[39m
[90mstdout[2m | unknown test
[22m[39m[MOCK vectorStoreDB.js] Module loaded - mock IndexedDB operations
[90mstdout[2m | unknown test
[22m[39m[Task Completion] DOM action listeners initialized
[90mstdout[2m | unknown test
[22m[39m[Task Completion] Auto-completion detector initialized
[90mstdout[2m | unknown test
[22m[39m[Preview] Task completion detector initialized
[90mstdout[2m | src/components/ChatSidebar/RecordingScriptPreview.stories.jsx[2m > [22m[2mConversation
[22m[39m[MOCK CourseVectorStore] Initialized with mock data
[90mstdout[2m | src/components/ChatSidebar/RecordingScriptPreview.stories.jsx[2m > [22m[2mConversation
[22m[39m[TranslationModeController] Setting mode to: off
[90mstdout[2m | src/components/ChatSidebar/RecordingScriptPreview.stories.jsx[2m > [22m[2mConversation
[22m[39m[UnitContext] useEffect triggered {
  "authLoading": false,
  "hasUser": true,
  "id": "unit-demo",
  "userSub": "mock-user-sub",
}
[90mstdout[2m | src/components/ChatSidebar/RecordingScriptPreview.stories.jsx[2m > [22m[2mConversation
[22m[39m[UnitContext] Fetching unit data for id: unit-demo
[90mstdout[2m | src/components/ChatSidebar/RecordingScriptPreview.stories.jsx[2m > [22m[2mConversation
[22m[39m[FilesContext] Initializing vector store from IndexedDB
[90mstdout[2m | src/components/ChatSidebar/RecordingScriptPreview.stories.jsx[2m > [22m[2mConversation
[22m[39m[FilesContext] fetchFiles called
[90mstdout[2m | src/components/ChatSidebar/RecordingScriptPreview.stories.jsx[2m > [22m[2mConversation
[22m[39m[FilesContext] User authenticated: mock-user-sub
[90mstdout[2m | src/components/ChatSidebar/RecordingScriptPreview.stories.jsx[2m > [22m[2mConversation
[22m[39m[FilesContext] Identity ID: us-east-1:mock-identity-123
[90mstdout[2m | src/components/ChatSidebar/RecordingScriptPreview.stories.jsx[2m > [22m[2mConversation
[22m[39m[FilesContext] About to set up File observeQuery
[90mstdout[2m | src/components/ChatSidebar/RecordingScriptPreview.stories.jsx[2m > [22m[2mConversation
[22m[39m[ChatContext] Setting up AssistantChat observeQuery
[90mstdout[2m | src/components/ChatSidebar/RecordingScriptPreview.stories.jsx[2m > [22m[2mConversation
[22m[39m[ChatContext] Waiting for subscription to initialize
[90mstdout[2m | src/components/ChatSidebar/RecordingScriptPreview.stories.jsx[2m > [22m[2mConversation
[22m[39m[SettingsContext] Setting up Settings subscription for user: mock-user-sub
[90mstdout[2m | src/components/ChatSidebar/RecordingScriptPreview.stories.jsx[2m > [22m[2mConversation
[22m[39m[Mock Data] Settings created: mock-settings-1790418993828 - notified 0 subscribers
[90mstdout[2m | src/components/ChatSidebar/RecordingScriptPreview.stories.jsx[2m > [22m[2mConversation
[22m[39m[Mock Data] Unit.onUpdate() subscription added. Total: 1
[90mstdout[2m | src/components/ChatSidebar/RecordingScriptPreview.stories.jsx[2m > [22m[2mConversation
[22m[39m[SectionContext] Section observeQuery update: 0
[90mstdout[2m | src/components/ChatSidebar/RecordingScriptPreview.stories.jsx[2m > [22m[2mConversation
[22m[39m[FilesContext] File observeQuery update: 6 files
[90mstdout[2m | src/components/ChatSidebar/RecordingScriptPreview.stories.jsx[2m > [22m[2mConversation
[22m[39m[ChatContext] AssistantChat initialized with 1 chats
[90mstdout[2m | src/components/ChatSidebar/RecordingScriptPreview.stories.jsx[2m > [22m[2mConversation
[22m[39m[ChatContext] Setting initial chat: mock-assistant-chat-1
[90mstdout[2m | src/components/ChatSidebar/RecordingScriptPreview.stories.jsx[2m > [22m[2mConversation
[22m[39m[MOCK CourseVectorStore] Initialized with mock data
[90mstdout[2m | src/components/ChatSidebar/RecordingScriptPreview.stories.jsx[2m > [22m[2mConversation
[22m[39m[FilesContext] Vector store population triggered {
  "currentVectorStoreSize": 3,
  "documentsCount": 0,
  "filesCount": 6,
  "isInitialLoad": true,
}
[90mstdout[2m | src/components/ChatSidebar/RecordingScriptPreview.stories.jsx[2m > [22m[2mConversation
[22m[39m[FilesContext] Vector store population complete - 3 total embeddings
[90mstdout[2m | src/components/ChatSidebar/RecordingScriptPreview.stories.jsx[2m > [22m[2mConversation
[22m[39m[ChatContext] Chat exists and not archived, skipping creation
[90mstdout[2m | src/components/ChatSidebar/RecordingScriptPreview.stories.jsx[2m > [22m[2mConversation
[22m[39m[Mock Storage] downloadData called with: undefined
[90mstdout[2m | src/components/ChatSidebar/RecordingScriptPreview.stories.jsx[2m > [22m[2mVocabulary Word
[22m[39m[ChatContext] Cleaning up subscriptions
[90mstdout[2m | src/components/ChatSidebar/RecordingScriptPreview.stories.jsx[2m > [22m[2mVocabulary Word
[22m[39m[Mock Data] Unit.onUpdate() subscription removed. Remaining: 0
[90mstdout[2m | src/components/ChatSidebar/RecordingScriptPreview.stories.jsx[2m > [22m[2mVocabulary Word
[22m[39m[MOCK CourseVectorStore] Initialized with mock data
[90mstdout[2m | src/components/ChatSidebar/RecordingScriptPreview.stories.jsx[2m > [22m[2mVocabulary Word
[22m[39m[TranslationModeController] Setting mode to: off
[90mstdout[2m | src/components/ChatSidebar/RecordingScriptPreview.stories.jsx[2m > [22m[2mVocabulary Word
[22m[39m[UnitContext] useEffect triggered {
  "authLoading": false,
  "hasUser": true,
  "id": "unit-demo",
  "userSub": "mock-user-sub",
}
[90mstdout[2m | src/components/ChatSidebar/RecordingScriptPreview.stories.jsx[2m > [22m[2mVocabulary Word
[22m[39m[UnitContext] Fetching unit data for id: unit-demo
[90mstdout[2m | src/components/ChatSidebar/RecordingScriptPreview.stories.jsx[2m > [22m[2mVocabulary Word
[22m[39m[FilesContext] Initializing vector store from IndexedDB
[90mstdout[2m | src/components/ChatSidebar/RecordingScriptPreview.stories.jsx[2m > [22m[2mVocabulary Word
[22m[39m[FilesContext] fetchFiles called
[90mstdout[2m | src/components/ChatSidebar/RecordingScriptPreview.stories.jsx[2m > [22m[2mVocabulary Word
[22m[39m[FilesContext] User authenticated: mock-user-sub
[90mstdout[2m | src/components/ChatSidebar/RecordingScriptPreview.stories.jsx[2m > [22m[2mVocabulary Word
[22m[39m[FilesContext] Identity ID: us-east-1:mock-identity-123
[90mstdout[2m | src/components/ChatSidebar/RecordingScriptPreview.stories.jsx[2m > [22m[2mVocabulary Word
[22m[39m[FilesContext] About to set up File observeQuery
[90mstdout[2m | src/components/ChatSidebar/RecordingScriptPreview.stories.jsx[2m > [22m[2mVocabulary Word
[22m[39m[ChatContext] Setting up AssistantChat observeQuery
[90mstdout[2m | src/components/ChatSidebar/RecordingScriptPreview.stories.jsx[2m > [22m[2mVocabulary Word
[22m[39m[ChatContext] Waiting for subscription to initialize
[90mstdout[2m | src/components/ChatSidebar/RecordingScriptPreview.stories.jsx[2m > [22m[2mVocabulary Word
[22m[39m[SettingsContext] Setting up Settings subscription for user: mock-user-sub
[90mstdout[2m | src/components/ChatSidebar/RecordingScriptPreview.stories.jsx[2m > [22m[2mVocabulary Word
[22m[39m[Mock Data] Settings created: mock-settings-1790418994011 - notified 0 subscribers
[90mstdout[2m | src/components/ChatSidebar/RecordingScriptPreview.stories.jsx[2m > [22m[2mVocabulary Word
[22m[39m[Mock Data] Unit.onUpdate() subscription added. Total: 1
[90mstdout[2m | src/components/ChatSidebar/RecordingScriptPreview.stories.jsx[2m > [22m[2mVocabulary Word
[22m[39m[SectionContext] Section observeQuery update: 0
[90mstdout[2m | src/components/ChatSidebar/RecordingScriptPreview.stories.jsx[2m > [22m[2mVocabulary Word
[22m[39m[FilesContext] File observeQuery update: 6 files
[90mstdout[2m | src/components/ChatSidebar/RecordingScriptPreview.stories.jsx[2m > [22m[2mVocabulary Word
[22m[39m[ChatContext] AssistantChat initialized with 1 chats
[90mstdout[2m | src/components/ChatSidebar/RecordingScriptPreview.stories.jsx[2m > [22m[2mVocabulary Word
[22m[39m[ChatContext] Setting initial chat: mock-assistant-chat-1
[90mstdout[2m | src/components/ChatSidebar/RecordingScriptPreview.stories.jsx[2m > [22m[2mVocabulary Word
[22m[39m[MOCK CourseVectorStore] Initialized with mock data
[90mstdout[2m | src/components/ChatSidebar/RecordingScriptPreview.stories.jsx[2m > [22m[2mVocabulary Word
[22m[39m[FilesContext] Vector store population triggered {
  "currentVectorStoreSize": 3,
  "documentsCount": 0,
  "filesCount": 6,
  "isInitialLoad": true,
}
[90mstdout[2m | src/components/ChatSidebar/RecordingScriptPreview.stories.jsx[2m > [22m[2mVocabulary Word
[22m[39m[FilesContext] Vector store population complete - 3 total embeddings
[90mstdout[2m | src/components/ChatSidebar/RecordingScriptPreview.stories.jsx[2m > [22m[2mVocabulary Word
[22m[39m[ChatContext] Chat exists and not archived, skipping creation
[90mstdout[2m | src/components/ChatSidebar/RecordingScriptPreview.stories.jsx[2m > [22m[2mVocabulary Word
[22m[39m[Mock Storage] downloadData called with: undefined
[90mstdout[2m | src/components/ChatSidebar/RecordingScriptPreview.stories.jsx[2m > [22m[2mQA Recording
[22m[39m[ChatContext] Cleaning up subscriptions
[90mstdout[2m | src/components/ChatSidebar/RecordingScriptPreview.stories.jsx[2m > [22m[2mQA Recording
[22m[39m[Mock Data] Unit.onUpdate() subscription removed. Remaining: 0
[90mstdout[2m | src/components/ChatSidebar/RecordingScriptPreview.stories.jsx[2m > [22m[2mQA Recording
[22m[39m[MOCK CourseVectorStore] Initialized with mock data
[90mstdout[2m | src/components/ChatSidebar/RecordingScriptPreview.stories.jsx[2m > [22m[2mQA Recording
[22m[39m[TranslationModeController] Setting mode to: off
[90mstdout[2m | src/components/ChatSidebar/RecordingScriptPreview.stories.jsx[2m > [22m[2mQA Recording
[22m[39m[UnitContext] useEffect triggered {
  "authLoading": false,
  "hasUser": true,
  "id": "unit-demo",
  "userSub": "mock-user-sub",
}
[90mstdout[2m | src/components/ChatSidebar/RecordingScriptPreview.stories.jsx[2m > [22m[2mQA Recording
[22m[39m[UnitContext] Fetching unit data for id: unit-demo
[90mstdout[2m | src/components/ChatSidebar/RecordingScriptPreview.stories.jsx[2m > [22m[2mQA Recording
[22m[39m[FilesContext] Initializing vector store from IndexedDB
[90mstdout[2m | src/components/ChatSidebar/RecordingScriptPreview.stories.jsx[2m > [22m[2mQA Recording
[22m[39m[FilesContext] fetchFiles called
[90mstdout[2m | src/components/ChatSidebar/RecordingScriptPreview.stories.jsx[2m > [22m[2mQA Recording
[22m[39m[FilesContext] User authenticated: mock-user-sub
[90mstdout[2m | src/components/ChatSidebar/RecordingScriptPreview.stories.jsx[2m > [22m[2mQA Recording
[22m[39m[FilesContext] Identity ID: us-east-1:mock-identity-123
[90mstdout[2m | src/components/ChatSidebar/RecordingScriptPreview.stories.jsx[2m > [22m[2mQA Recording
[22m[39m[FilesContext] About to set up File observeQuery
[90mstdout[2m | src/components/ChatSidebar/RecordingScriptPreview.stories.jsx[2m > [22m[2mQA Recording
[22m[39m[ChatContext] Setting up AssistantChat observeQuery
[90mstdout[2m | src/components/ChatSidebar/RecordingScriptPreview.stories.jsx[2m > [22m[2mQA Recording
[22m[39m[ChatContext] Waiting for subscription to initialize
[90mstdout[2m | src/components/ChatSidebar/RecordingScriptPreview.stories.jsx[2m > [22m[2mQA Recording
[22m[39m[SettingsContext] Setting up Settings subscription for user: mock-user-sub
[90mstdout[2m | src/components/ChatSidebar/RecordingScriptPreview.stories.jsx[2m > [22m[2mQA Recording
[22m[39m[Mock Data] Settings created: mock-settings-1790418994172 - notified 0 subscribers
[90mstdout[2m | src/components/ChatSidebar/RecordingScriptPreview.stories.jsx[2m > [22m[2mQA Recording
[22m[39m[Mock Data] Unit.onUpdate() subscription added. Total: 1
[90mstdout[2m | src/components/ChatSidebar/RecordingScriptPreview.stories.jsx[2m > [22m[2mQA Recording
[22m[39m[SectionContext] Section observeQuery update: 0
[90mstdout[2m | src/components/ChatSidebar/RecordingScriptPreview.stories.jsx[2m > [22m[2mQA Recording
[22m[39m[FilesContext] File observeQuery update: 6 files
[90mstdout[2m | src/components/ChatSidebar/RecordingScriptPreview.stories.jsx[2m > [22m[2mQA Recording
[22m[39m[ChatContext] AssistantChat initialized with 1 chats
[90mstdout[2m | src/components/ChatSidebar/RecordingScriptPreview.stories.jsx[2m > [22m[2mQA Recording
[22m[39m[ChatContext] Setting initial chat: mock-assistant-chat-1
[90mstdout[2m | src/components/ChatSidebar/RecordingScriptPreview.stories.jsx[2m > [22m[2mQA Recording
[22m[39m[Mock Storage] downloadData called with: undefined
[90mstdout[2m | src/components/ChatSidebar/RecordingScriptPreview.stories.jsx[2m > [22m[2mQA Recording
[22m[39m[MOCK CourseVectorStore] Initialized with mock data
[90mstdout[2m | src/components/ChatSidebar/RecordingScriptPreview.stories.jsx[2m > [22m[2mQA Recording
[22m[39m[FilesContext] Vector store population triggered {
  "currentVectorStoreSize": 3,
  "documentsCount": 0,
  "filesCount": 6,
  "isInitialLoad": true,
}
[90mstdout[2m | src/components/ChatSidebar/RecordingScriptPreview.stories.jsx[2m > [22m[2mQA Recording
[22m[39m[FilesContext] Vector store population complete - 3 total embeddings
[90mstdout[2m | src/components/ChatSidebar/RecordingScriptPreview.stories.jsx[2m > [22m[2mQA Recording
[22m[39m[ChatContext] Chat exists and not archived, skipping creation
 [32m✓[39m [30m[45m storybook (chromium) [49m[39m src/components/ChatSidebar/RecordingScriptPreview.stories.jsx [2m([22m[2m3 tests[22m[2m)[22m[33m 492[2mms[22m[39m
[90mstdout[2m | unknown test
[22m[39m[MOCK vectorStoreDB.js] Module loaded - mock IndexedDB operations
[90mstdout[2m | unknown test
[22m[39m[Task Completion] DOM action listeners initialized
[90mstdout[2m | unknown test
[22m[39m[Task Completion] Auto-completion detector initialized
[90mstdout[2m | unknown test
[22m[39m[Preview] Task completion detector initialized
[90mstdout[2m | .storybook/docs/ForDevelopers.stories.tsx[2m > [22m[2mArchitecture
[22m[39m[MOCK CourseVectorStore] Initialized with mock data
[90mstdout[2m | .storybook/docs/ForDevelopers.stories.tsx[2m > [22m[2mArchitecture
[22m[39m[TranslationModeController] Setting mode to: off
[90mstdout[2m | .storybook/docs/ForDevelopers.stories.tsx[2m > [22m[2mArchitecture
[22m[39m[UnitContext] useEffect triggered {
  "authLoading": false,
  "hasUser": true,
  "id": "mock-unit-id",
  "userSub": "mock-user-sub",
}
[90mstdout[2m | .storybook/docs/ForDevelopers.stories.tsx[2m > [22m[2mArchitecture
[22m[39m[UnitContext] Fetching unit data for id: mock-unit-id
[90mstdout[2m | .storybook/docs/ForDevelopers.stories.tsx[2m > [22m[2mArchitecture
[22m[39m[FilesContext] Initializing vector store from IndexedDB
[90mstdout[2m | .storybook/docs/ForDevelopers.stories.tsx[2m > [22m[2mArchitecture
[22m[39m[FilesContext] fetchFiles called
[90mstdout[2m | .storybook/docs/ForDevelopers.stories.tsx[2m > [22m[2mArchitecture
[22m[39m[FilesContext] User authenticated: mock-user-sub
[90mstdout[2m | .storybook/docs/ForDevelopers.stories.tsx[2m > [22m[2mArchitecture
[22m[39m[FilesContext] Identity ID: us-east-1:mock-identity-123
[90mstdout[2m | .storybook/docs/ForDevelopers.stories.tsx[2m > [22m[2mArchitecture
[22m[39m[FilesContext] About to set up File observeQuery
[90mstdout[2m | .storybook/docs/ForDevelopers.stories.tsx[2m > [22m[2mArchitecture
[22m[39m[ChatContext] Setting up AssistantChat observeQuery
[90mstdout[2m | .storybook/docs/ForDevelopers.stories.tsx[2m > [22m[2mArchitecture
[22m[39m[ChatContext] Waiting for subscription to initialize
[90mstdout[2m | .storybook/docs/ForDevelopers.stories.tsx[2m > [22m[2mArchitecture
[22m[39m[SettingsContext] Setting up Settings subscription for user: mock-user-sub
[90mstdout[2m | .storybook/docs/ForDevelopers.stories.tsx[2m > [22m[2mArchitecture
[22m[39m[Mock Data] Settings created: mock-settings-1790418994732 - notified 0 subscribers
[90mstdout[2m | .storybook/docs/ForDevelopers.stories.tsx[2m > [22m[2mArchitecture
[22m[39m[Mock Data] Unit.onUpdate() subscription added. Total: 1
[90mstdout[2m | .storybook/docs/ForDevelopers.stories.tsx[2m > [22m[2mArchitecture
[22m[39m[SectionContext] Section observeQuery update: 0
[90mstdout[2m | .storybook/docs/ForDevelopers.stories.tsx[2m > [22m[2mArchitecture
[22m[39m[FilesContext] File observeQuery update: 6 files
[90mstdout[2m | .storybook/docs/ForDevelopers.stories.tsx[2m > [22m[2mArchitecture
[22m[39m[ChatContext] AssistantChat initialized with 1 chats
[90mstdout[2m | .storybook/docs/ForDevelopers.stories.tsx[2m > [22m[2mArchitecture
[22m[39m[ChatContext] Setting initial chat: mock-assistant-chat-1
[90mstdout[2m | .storybook/docs/ForDevelopers.stories.tsx[2m > [22m[2mArchitecture
[22m[39m[MOCK CourseVectorStore] Initialized with mock data
[90mstdout[2m | .storybook/docs/ForDevelopers.stories.tsx[2m > [22m[2mArchitecture
[22m[39m[FilesContext] Vector store population triggered {
  "currentVectorStoreSize": 3,
  "documentsCount": 0,
  "filesCount": 6,
  "isInitialLoad": true,
}
[90mstdout[2m | .storybook/docs/ForDevelopers.stories.tsx[2m > [22m[2mArchitecture
[22m[39m[FilesContext] Vector store population complete - 3 total embeddings
[90mstdout[2m | .storybook/docs/ForDevelopers.stories.tsx[2m > [22m[2mArchitecture
[22m[39m[ChatContext] Chat exists and not archived, skipping creation
[90mstdout[2m | .storybook/docs/ForDevelopers.stories.tsx[2m > [22m[2mArchitecture
[22m[39m[Mock Storage] downloadData called with: undefined
[90mstdout[2m | .storybook/docs/ForDevelopers.stories.tsx[2m > [22m[2mDev Setup
[22m[39m[ChatContext] Cleaning up subscriptions
[90mstdout[2m | .storybook/docs/ForDevelopers.stories.tsx[2m > [22m[2mDev Setup
[22m[39m[Mock Data] Unit.onUpdate() subscription removed. Remaining: 0
[90mstdout[2m | .storybook/docs/ForDevelopers.stories.tsx[2m > [22m[2mDev Setup
[22m[39m[MOCK CourseVectorStore] Initialized with mock data
[90mstdout[2m | .storybook/docs/ForDevelopers.stories.tsx[2m > [22m[2mDev Setup
[22m[39m[TranslationModeController] Setting mode to: off
[90mstdout[2m | .storybook/docs/ForDevelopers.stories.tsx[2m > [22m[2mDev Setup
[22m[39m[UnitContext] useEffect triggered {
  "authLoading": false,
  "hasUser": true,
  "id": "mock-unit-id",
  "userSub": "mock-user-sub",
}
[90mstdout[2m | .storybook/docs/ForDevelopers.stories.tsx[2m > [22m[2mDev Setup
[22m[39m[UnitContext] Fetching unit data for id: mock-unit-id
[90mstdout[2m | .storybook/docs/ForDevelopers.stories.tsx[2m > [22m[2mDev Setup
[22m[39m[FilesContext] Initializing vector store from IndexedDB
[90mstdout[2m | .storybook/docs/ForDevelopers.stories.tsx[2m > [22m[2mDev Setup
[22m[39m[FilesContext] fetchFiles called
[90mstdout[2m | .storybook/docs/ForDevelopers.stories.tsx[2m > [22m[2mDev Setup
[22m[39m[FilesContext] User authenticated: mock-user-sub
[90mstdout[2m | .storybook/docs/ForDevelopers.stories.tsx[2m > [22m[2mDev Setup
[22m[39m[FilesContext] Identity ID: us-east-1:mock-identity-123
[90mstdout[2m | .storybook/docs/ForDevelopers.stories.tsx[2m > [22m[2mDev Setup
[22m[39m[FilesContext] About to set up File observeQuery
[90mstdout[2m | .storybook/docs/ForDevelopers.stories.tsx[2m > [22m[2mDev Setup
[22m[39m[ChatContext] Setting up AssistantChat observeQuery
[90mstdout[2m | .storybook/docs/ForDevelopers.stories.tsx[2m > [22m[2mDev Setup
[22m[39m[ChatContext] Waiting for subscription to initialize
[90mstdout[2m | .storybook/docs/ForDevelopers.stories.tsx[2m > [22m[2mDev Setup
[22m[39m[SettingsContext] Setting up Settings subscription for user: mock-user-sub
[90mstdout[2m | .storybook/docs/ForDevelopers.stories.tsx[2m > [22m[2mDev Setup
[22m[39m[Mock Data] Settings created: mock-settings-1790418994965 - notified 0 subscribers
[90mstdout[2m | .storybook/docs/ForDevelopers.stories.tsx[2m > [22m[2mDev Setup
[22m[39m[Mock Data] Unit.onUpdate() subscription added. Total: 1
[90mstdout[2m | .storybook/docs/ForDevelopers.stories.tsx[2m > [22m[2mDev Setup
[22m[39m[SectionContext] Section observeQuery update: 0
[90mstdout[2m | .storybook/docs/ForDevelopers.stories.tsx[2m > [22m[2mDev Setup
[22m[39m[FilesContext] File observeQuery update: 6 files
[90mstdout[2m | .storybook/docs/ForDevelopers.stories.tsx[2m > [22m[2mDev Setup
[22m[39m[MOCK CourseVectorStore] Initialized with mock data
[90mstdout[2m | .storybook/docs/ForDevelopers.stories.tsx[2m > [22m[2mDev Setup
[22m[39m[FilesContext] Vector store population triggered {
  "currentVectorStoreSize": 3,
  "documentsCount": 0,
  "filesCount": 6,
  "isInitialLoad": true,
}
[90mstdout[2m | .storybook/docs/ForDevelopers.stories.tsx[2m > [22m[2mDev Setup
[22m[39m[FilesContext] Vector store population complete - 3 total embeddings
[90mstdout[2m | .storybook/docs/ForDevelopers.stories.tsx[2m > [22m[2mDev Setup
[22m[39m[ChatContext] AssistantChat initialized with 1 chats
[90mstdout[2m | .storybook/docs/ForDevelopers.stories.tsx[2m > [22m[2mDev Setup
[22m[39m[ChatContext] Setting initial chat: mock-assistant-chat-1
[90mstdout[2m | .storybook/docs/ForDevelopers.stories.tsx[2m > [22m[2mDev Setup
[22m[39m[Mock Storage] downloadData called with: undefined
[90mstdout[2m | .storybook/docs/ForDevelopers.stories.tsx[2m > [22m[2mDev Setup
[22m[39m[ChatContext] Chat exists and not archived, skipping creation
 [32m✓[39m [30m[45m storybook (chromium) [49m[39m .storybook/docs/ForDevelopers.stories.tsx [2m([22m[2m2 tests[22m[2m)[22m[33m 466[2mms[22m[39m
[90mstdout[2m | unknown test
[22m[39m[MOCK vectorStoreDB.js] Module loaded - mock IndexedDB operations
[90mstdout[2m | unknown test
[22m[39m[Task Completion] DOM action listeners initialized
[90mstdout[2m | unknown test
[22m[39m[Task Completion] Auto-completion detector initialized
[90mstdout[2m | unknown test
[22m[39m[Preview] Task completion detector initialized
[90mstdout[2m | src/components/RecordingStudio3/ScreenplayEditor.stories.tsx[2m > [22m[2mWith Content
[22m[39m[TranslationModeController] Setting mode to: off
[90mstdout[2m | src/components/RecordingStudio3/ScreenplayEditor.stories.tsx[2m > [22m[2mEmpty
[22m[39m[TranslationModeController] Setting mode to: off
[90mstdout[2m | src/components/RecordingStudio3/ScreenplayEditor.stories.tsx[2m > [22m[2mAI Generating
[22m[39m[TranslationModeController] Setting mode to: off
[90mstdout[2m | src/components/RecordingStudio3/ScreenplayEditor.stories.tsx[2m > [22m[2mRead Only
[22m[39m[TranslationModeController] Setting mode to: off
 [32m✓[39m [30m[45m storybook (chromium) [49m[39m src/components/RecordingStudio3/ScreenplayEditor.stories.tsx [2m([22m[2m4 tests[22m[2m)[22m[33m 454[2mms[22m[39m
[90mstdout[2m | unknown test
[22m[39m[MOCK vectorStoreDB.js] Module loaded - mock IndexedDB operations
[90mstdout[2m | unknown test
[22m[39m[Task Completion] DOM action listeners initialized
[90mstdout[2m | unknown test
[22m[39m[Task Completion] Auto-completion detector initialized
[90mstdout[2m | unknown test
[22m[39m[Preview] Task completion detector initialized
[90mstdout[2m | src/components/Gamification/CosmeticSelector.stories.tsx[2m > [22m[2mSelector Level 3
[22m[39m[TranslationModeController] Setting mode to: off
[90mstdout[2m | src/components/Gamification/CosmeticSelector.stories.tsx[2m > [22m[2mSelector Level 5
[22m[39m[TranslationModeController] Setting mode to: off
[90mstdout[2m | src/components/Gamification/CosmeticSelector.stories.tsx[2m > [22m[2mSelector Interaction
[22m[39m[TranslationModeController] Setting mode to: off
 [32m✓[39m [30m[45m storybook (chromium) [49m[39m src/components/Gamification/CosmeticSelector.stories.tsx [2m([22m[2m3 tests[22m[2m)[22m[33m 427[2mms[22m[39m
[90mstdout[2m | unknown test
[22m[39m[MOCK vectorStoreDB.js] Module loaded - mock IndexedDB operations
[90mstdout[2m | unknown test
[22m[39m[Task Completion] DOM action listeners initialized
[90mstdout[2m | unknown test
[22m[39m[Task Completion] Auto-completion detector initialized
[90mstdout[2m | unknown test
[22m[39m[Preview] Task completion detector initialized
[90mstdout[2m | src/components/Workbook/CommentGutterIcon.stories.tsx[2m > [22m[2mNo Comments
[22m[39m[MOCK CourseVectorStore] Initialized with mock data
[90mstdout[2m | src/components/Workbook/CommentGutterIcon.stories.tsx[2m > [22m[2mNo Comments
[22m[39m[TranslationModeController] Setting mode to: off
[90mstdout[2m | src/components/Workbook/CommentGutterIcon.stories.tsx[2m > [22m[2mNo Comments
[22m[39m[UnitContext] useEffect triggered {
  "authLoading": false,
  "hasUser": true,
  "id": "mock-unit-id",
  "userSub": "mock-user-sub",
}
[90mstdout[2m | src/components/Workbook/CommentGutterIcon.stories.tsx[2m > [22m[2mNo Comments
[22m[39m[UnitContext] Fetching unit data for id: mock-unit-id
[90mstdout[2m | src/components/Workbook/CommentGutterIcon.stories.tsx[2m > [22m[2mNo Comments
[22m[39m[FilesContext] Initializing vector store from IndexedDB
[90mstdout[2m | src/components/Workbook/CommentGutterIcon.stories.tsx[2m > [22m[2mNo Comments
[22m[39m[FilesContext] fetchFiles called
[90mstdout[2m | src/components/Workbook/CommentGutterIcon.stories.tsx[2m > [22m[2mNo Comments
[22m[39m[FilesContext] User authenticated: mock-user-sub
[90mstdout[2m | src/components/Workbook/CommentGutterIcon.stories.tsx[2m > [22m[2mNo Comments
[22m[39m[FilesContext] Identity ID: us-east-1:mock-identity-123
[90mstdout[2m | src/components/Workbook/CommentGutterIcon.stories.tsx[2m > [22m[2mNo Comments
[22m[39m[FilesContext] About to set up File observeQuery
[90mstdout[2m | src/components/Workbook/CommentGutterIcon.stories.tsx[2m > [22m[2mNo Comments
[22m[39m[ChatContext] Setting up AssistantChat observeQuery
[90mstdout[2m | src/components/Workbook/CommentGutterIcon.stories.tsx[2m > [22m[2mNo Comments
[22m[39m[ChatContext] Waiting for subscription to initialize
[90mstdout[2m | src/components/Workbook/CommentGutterIcon.stories.tsx[2m > [22m[2mNo Comments
[22m[39m[SettingsContext] Setting up Settings subscription for user: mock-user-sub
[90mstdout[2m | src/components/Workbook/CommentGutterIcon.stories.tsx[2m > [22m[2mNo Comments
[22m[39m[Mock Data] Settings created: mock-settings-1790419000344 - notified 0 subscribers
[90mstdout[2m | src/components/Workbook/CommentGutterIcon.stories.tsx[2m > [22m[2mNo Comments
[22m[39m[Mock Data] Unit.onUpdate() subscription added. Total: 1
[90mstdout[2m | src/components/Workbook/CommentGutterIcon.stories.tsx[2m > [22m[2mNo Comments
[22m[39m[SectionContext] Section observeQuery update: 0
[90mstdout[2m | src/components/Workbook/CommentGutterIcon.stories.tsx[2m > [22m[2mNo Comments
[22m[39m[FilesContext] File observeQuery update: 6 files
[90mstdout[2m | src/components/Workbook/CommentGutterIcon.stories.tsx[2m > [22m[2mNo Comments
[22m[39m[ChatContext] AssistantChat initialized with 1 chats
[90mstdout[2m | src/components/Workbook/CommentGutterIcon.stories.tsx[2m > [22m[2mNo Comments
[22m[39m[ChatContext] Setting initial chat: mock-assistant-chat-1
[90mstdout[2m | src/components/Workbook/CommentGutterIcon.stories.tsx[2m > [22m[2mNo Comments
[22m[39m[MOCK CourseVectorStore] Initialized with mock data
[90mstdout[2m | src/components/Workbook/CommentGutterIcon.stories.tsx[2m > [22m[2mNo Comments
[22m[39m[FilesContext] Vector store population triggered {
  "currentVectorStoreSize": 3,
  "documentsCount": 0,
  "filesCount": 6,
  "isInitialLoad": true,
}
[90mstdout[2m | src/components/Workbook/CommentGutterIcon.stories.tsx[2m > [22m[2mNo Comments
[22m[39m[FilesContext] Vector store population complete - 3 total embeddings
[90mstdout[2m | src/components/Workbook/CommentGutterIcon.stories.tsx[2m > [22m[2mNo Comments
[22m[39m[ChatContext] Chat exists and not archived, skipping creation
[90mstdout[2m | src/components/Workbook/CommentGutterIcon.stories.tsx[2m > [22m[2mNo Comments
[22m[39m[Mock Storage] downloadData called with: undefined
[90mstdout[2m | src/components/Workbook/CommentGutterIcon.stories.tsx[2m > [22m[2mWith Comments
[22m[39m[ChatContext] Cleaning up subscriptions
[90mstdout[2m | src/components/Workbook/CommentGutterIcon.stories.tsx[2m > [22m[2mWith Comments
[22m[39m[Mock Data] Unit.onUpdate() subscription removed. Remaining: 0
[90mstdout[2m | src/components/Workbook/CommentGutterIcon.stories.tsx[2m > [22m[2mWith Comments
[22m[39m[MOCK CourseVectorStore] Initialized with mock data
[90mstdout[2m | src/components/Workbook/CommentGutterIcon.stories.tsx[2m > [22m[2mWith Comments
[22m[39m[TranslationModeController] Setting mode to: off
[90mstdout[2m | src/components/Workbook/CommentGutterIcon.stories.tsx[2m > [22m[2mWith Comments
[22m[39m[UnitContext] useEffect triggered {
  "authLoading": false,
  "hasUser": true,
  "id": "mock-unit-id",
  "userSub": "mock-user-sub",
}
[90mstdout[2m | src/components/Workbook/CommentGutterIcon.stories.tsx[2m > [22m[2mWith Comments
[22m[39m[UnitContext] Fetching unit data for id: mock-unit-id
[90mstdout[2m | src/components/Workbook/CommentGutterIcon.stories.tsx[2m > [22m[2mWith Comments
[22m[39m[FilesContext] Initializing vector store from IndexedDB
[90mstdout[2m | src/components/Workbook/CommentGutterIcon.stories.tsx[2m > [22m[2mWith Comments
[22m[39m[FilesContext] fetchFiles called
[90mstdout[2m | src/components/Workbook/CommentGutterIcon.stories.tsx[2m > [22m[2mWith Comments
[22m[39m[FilesContext] User authenticated: mock-user-sub
[90mstdout[2m | src/components/Workbook/CommentGutterIcon.stories.tsx[2m > [22m[2mWith Comments
[22m[39m[FilesContext] Identity ID: us-east-1:mock-identity-123
[90mstdout[2m | src/components/Workbook/CommentGutterIcon.stories.tsx[2m > [22m[2mWith Comments
[22m[39m[FilesContext] About to set up File observeQuery
[90mstdout[2m | src/components/Workbook/CommentGutterIcon.stories.tsx[2m > [22m[2mWith Comments
[22m[39m[ChatContext] Setting up AssistantChat observeQuery
[90mstdout[2m | src/components/Workbook/CommentGutterIcon.stories.tsx[2m > [22m[2mWith Comments
[22m[39m[ChatContext] Waiting for subscription to initialize
[90mstdout[2m | src/components/Workbook/CommentGutterIcon.stories.tsx[2m > [22m[2mWith Comments
[22m[39m[SettingsContext] Setting up Settings subscription for user: mock-user-sub
[90mstdout[2m | src/components/Workbook/CommentGutterIcon.stories.tsx[2m > [22m[2mWith Comments
[22m[39m[Mock Data] Settings created: mock-settings-1790419000453 - notified 0 subscribers
[90mstdout[2m | src/components/Workbook/CommentGutterIcon.stories.tsx[2m > [22m[2mWith Comments
[22m[39m[Mock Data] Unit.onUpdate() subscription added. Total: 1
[90mstdout[2m | src/components/Workbook/CommentGutterIcon.stories.tsx[2m > [22m[2mWith Comments
[22m[39m[SectionContext] Section observeQuery update: 0
[90mstdout[2m | src/components/Workbook/CommentGutterIcon.stories.tsx[2m > [22m[2mWith Comments
[22m[39m[FilesContext] File observeQuery update: 6 files
[90mstdout[2m | src/components/Workbook/CommentGutterIcon.stories.tsx[2m > [22m[2mWith Comments
[22m[39m[ChatContext] AssistantChat initialized with 1 chats
[90mstdout[2m | src/components/Workbook/CommentGutterIcon.stories.tsx[2m > [22m[2mWith Comments
[22m[39m[ChatContext] Setting initial chat: mock-assistant-chat-1
[90mstdout[2m | src/components/Workbook/CommentGutterIcon.stories.tsx[2m > [22m[2mWith Comments
[22m[39m[MOCK CourseVectorStore] Initialized with mock data
[90mstdout[2m | src/components/Workbook/CommentGutterIcon.stories.tsx[2m > [22m[2mWith Comments
[22m[39m[FilesContext] Vector store population triggered {
  "currentVectorStoreSize": 3,
  "documentsCount": 0,
  "filesCount": 6,
  "isInitialLoad": true,
}
[90mstdout[2m | src/components/Workbook/CommentGutterIcon.stories.tsx[2m > [22m[2mWith Comments
[22m[39m[FilesContext] Vector store population complete - 3 total embeddings
[90mstdout[2m | src/components/Workbook/CommentGutterIcon.stories.tsx[2m > [22m[2mWith Comments
[22m[39m[ChatContext] Chat exists and not archived, skipping creation
[90mstdout[2m | src/components/Workbook/CommentGutterIcon.stories.tsx[2m > [22m[2mWith Comments
[22m[39m[Mock Storage] downloadData called with: undefined
[90mstdout[2m | src/components/Workbook/CommentGutterIcon.stories.tsx[2m > [22m[2mAll Resolved
[22m[39m[ChatContext] Cleaning up subscriptions
[90mstdout[2m | src/components/Workbook/CommentGutterIcon.stories.tsx[2m > [22m[2mAll Resolved
[22m[39m[Mock Data] Unit.onUpdate() subscription removed. Remaining: 0
[90mstdout[2m | src/components/Workbook/CommentGutterIcon.stories.tsx[2m > [22m[2mAll Resolved
[22m[39m[MOCK CourseVectorStore] Initialized with mock data
[90mstdout[2m | src/components/Workbook/CommentGutterIcon.stories.tsx[2m > [22m[2mAll Resolved
[22m[39m[TranslationModeController] Setting mode to: off
[90mstdout[2m | src/components/Workbook/CommentGutterIcon.stories.tsx[2m > [22m[2mAll Resolved
[22m[39m[UnitContext] useEffect triggered {
  "authLoading": false,
  "hasUser": true,
  "id": "mock-unit-id",
  "userSub": "mock-user-sub",
}
[90mstdout[2m | src/components/Workbook/CommentGutterIcon.stories.tsx[2m > [22m[2mAll Resolved
[22m[39m[UnitContext] Fetching unit data for id: mock-unit-id
[90mstdout[2m | src/components/Workbook/CommentGutterIcon.stories.tsx[2m > [22m[2mAll Resolved
[22m[39m[FilesContext] Initializing vector store from IndexedDB
[90mstdout[2m | src/components/Workbook/CommentGutterIcon.stories.tsx[2m > [22m[2mAll Resolved
[22m[39m[FilesContext] fetchFiles called
[90mstdout[2m | src/components/Workbook/CommentGutterIcon.stories.tsx[2m > [22m[2mAll Resolved
[22m[39m[FilesContext] User authenticated: mock-user-sub
[90mstdout[2m | src/components/Workbook/CommentGutterIcon.stories.tsx[2m > [22m[2mAll Resolved
[22m[39m[FilesContext] Identity ID: us-east-1:mock-identity-123
[90mstdout[2m | src/components/Workbook/CommentGutterIcon.stories.tsx[2m > [22m[2mAll Resolved
[22m[39m[FilesContext] About to set up File observeQuery
[90mstdout[2m | src/components/Workbook/CommentGutterIcon.stories.tsx[2m > [22m[2mAll Resolved
[22m[39m[ChatContext] Setting up AssistantChat observeQuery
[90mstdout[2m | src/components/Workbook/CommentGutterIcon.stories.tsx[2m > [22m[2mAll Resolved
[22m[39m[ChatContext] Waiting for subscription to initialize
[90mstdout[2m | src/components/Workbook/CommentGutterIcon.stories.tsx[2m > [22m[2mAll Resolved
[22m[39m[SettingsContext] Setting up Settings subscription for user: mock-user-sub
[90mstdout[2m | src/components/Workbook/CommentGutterIcon.stories.tsx[2m > [22m[2mAll Resolved
[22m[39m[Mock Data] Settings created: mock-settings-1790419000564 - notified 0 subscribers
[90mstdout[2m | src/components/Workbook/CommentGutterIcon.stories.tsx[2m > [22m[2mAll Resolved
[22m[39m[Mock Data] Unit.onUpdate() subscription added. Total: 1
[90mstdout[2m | src/components/Workbook/CommentGutterIcon.stories.tsx[2m > [22m[2mAll Resolved
[22m[39m[SectionContext] Section observeQuery update: 0
[90mstdout[2m | src/components/Workbook/CommentGutterIcon.stories.tsx[2m > [22m[2mAll Resolved
[22m[39m[Mock Storage] downloadData called with: undefined
[90mstdout[2m | src/components/Workbook/CommentGutterIcon.stories.tsx[2m > [22m[2mAll Resolved
[22m[39m[FilesContext] File observeQuery update: 6 files
[90mstdout[2m | src/components/Workbook/CommentGutterIcon.stories.tsx[2m > [22m[2mAll Resolved
[22m[39m[MOCK CourseVectorStore] Initialized with mock data
[90mstdout[2m | src/components/Workbook/CommentGutterIcon.stories.tsx[2m > [22m[2mAll Resolved
[22m[39m[FilesContext] Vector store population triggered {
  "currentVectorStoreSize": 3,
  "documentsCount": 0,
  "filesCount": 6,
  "isInitialLoad": true,
}
[90mstdout[2m | src/components/Workbook/CommentGutterIcon.stories.tsx[2m > [22m[2mAll Resolved
[22m[39m[FilesContext] Vector store population complete - 3 total embeddings
[90mstdout[2m | src/components/Workbook/CommentGutterIcon.stories.tsx[2m > [22m[2mAll Resolved
[22m[39m[ChatContext] AssistantChat initialized with 1 chats
[90mstdout[2m | src/components/Workbook/CommentGutterIcon.stories.tsx[2m > [22m[2mAll Resolved
[22m[39m[ChatContext] Setting initial chat: mock-assistant-chat-1
[90mstdout[2m | src/components/Workbook/CommentGutterIcon.stories.tsx[2m > [22m[2mAll Resolved
[22m[39m[ChatContext] Chat exists and not archived, skipping creation
 [32m✓[39m [30m[45m storybook (chromium) [49m[39m src/components/Workbook/CommentGutterIcon.stories.tsx [2m([22m[2m3 tests[22m[2m)[22m[33m 326[2mms[22m[39m
[90mstdout[2m | unknown test
[22m[39m[MOCK vectorStoreDB.js] Module loaded - mock IndexedDB operations
[90mstdout[2m | unknown test
[22m[39m[Task Completion] DOM action listeners initialized
[90mstdout[2m | unknown test
[22m[39m[Task Completion] Auto-completion detector initialized
[90mstdout[2m | unknown test
[22m[39m[Preview] Task completion detector initialized
[90mstdout[2m | src/components/Workbook/JoinWorkbookDialog.stories.tsx[2m > [22m[2mOpen
[22m[39m[MOCK CourseVectorStore] Initialized with mock data
[90mstdout[2m | src/components/Workbook/JoinWorkbookDialog.stories.tsx[2m > [22m[2mOpen
[22m[39m[TranslationModeController] Setting mode to: off
[90mstdout[2m | src/components/Workbook/JoinWorkbookDialog.stories.tsx[2m > [22m[2mOpen
[22m[39m[UnitContext] useEffect triggered {
  "authLoading": false,
  "hasUser": true,
  "id": "mock-unit-id",
  "userSub": "mock-user-sub",
}
[90mstdout[2m | src/components/Workbook/JoinWorkbookDialog.stories.tsx[2m > [22m[2mOpen
[22m[39m[UnitContext] Fetching unit data for id: mock-unit-id
[90mstdout[2m | src/components/Workbook/JoinWorkbookDialog.stories.tsx[2m > [22m[2mOpen
[22m[39m[FilesContext] Initializing vector store from IndexedDB
[90mstdout[2m | src/components/Workbook/JoinWorkbookDialog.stories.tsx[2m > [22m[2mOpen
[22m[39m[FilesContext] fetchFiles called
[90mstdout[2m | src/components/Workbook/JoinWorkbookDialog.stories.tsx[2m > [22m[2mOpen
[22m[39m[FilesContext] User authenticated: mock-user-sub
[90mstdout[2m | src/components/Workbook/JoinWorkbookDialog.stories.tsx[2m > [22m[2mOpen
[22m[39m[FilesContext] Identity ID: us-east-1:mock-identity-123
[90mstdout[2m | src/components/Workbook/JoinWorkbookDialog.stories.tsx[2m > [22m[2mOpen
[22m[39m[FilesContext] About to set up File observeQuery
[90mstdout[2m | src/components/Workbook/JoinWorkbookDialog.stories.tsx[2m > [22m[2mOpen
[22m[39m[ChatContext] Setting up AssistantChat observeQuery
[90mstdout[2m | src/components/Workbook/JoinWorkbookDialog.stories.tsx[2m > [22m[2mOpen
[22m[39m[ChatContext] Waiting for subscription to initialize
[90mstdout[2m | src/components/Workbook/JoinWorkbookDialog.stories.tsx[2m > [22m[2mOpen
[22m[39m[SettingsContext] Setting up Settings subscription for user: mock-user-sub
[90mstdout[2m | src/components/Workbook/JoinWorkbookDialog.stories.tsx[2m > [22m[2mOpen
[22m[39m[Mock Data] Settings created: mock-settings-1790419001123 - notified 0 subscribers
[90mstdout[2m | src/components/Workbook/JoinWorkbookDialog.stories.tsx[2m > [22m[2mOpen
[22m[39m[Mock Data] Unit.onUpdate() subscription added. Total: 1
[90mstdout[2m | src/components/Workbook/JoinWorkbookDialog.stories.tsx[2m > [22m[2mOpen
[22m[39m[SectionContext] Section observeQuery update: 0
[90mstdout[2m | src/components/Workbook/JoinWorkbookDialog.stories.tsx[2m > [22m[2mOpen
[22m[39m[FilesContext] File observeQuery update: 6 files
[90mstdout[2m | src/components/Workbook/JoinWorkbookDialog.stories.tsx[2m > [22m[2mOpen
[22m[39m[ChatContext] AssistantChat initialized with 1 chats
[90mstdout[2m | src/components/Workbook/JoinWorkbookDialog.stories.tsx[2m > [22m[2mOpen
[22m[39m[ChatContext] Setting initial chat: mock-assistant-chat-1
[90mstdout[2m | src/components/Workbook/JoinWorkbookDialog.stories.tsx[2m > [22m[2mOpen
[22m[39m[MOCK CourseVectorStore] Initialized with mock data
[90mstdout[2m | src/components/Workbook/JoinWorkbookDialog.stories.tsx[2m > [22m[2mOpen
[22m[39m[FilesContext] Vector store population triggered {
  "currentVectorStoreSize": 3,
  "documentsCount": 0,
  "filesCount": 6,
  "isInitialLoad": true,
}
[90mstdout[2m | src/components/Workbook/JoinWorkbookDialog.stories.tsx[2m > [22m[2mOpen
[22m[39m[FilesContext] Vector store population complete - 3 total embeddings
[90mstdout[2m | src/components/Workbook/JoinWorkbookDialog.stories.tsx[2m > [22m[2mOpen
[22m[39m[ChatContext] Chat exists and not archived, skipping creation
[90mstdout[2m | src/components/Workbook/JoinWorkbookDialog.stories.tsx[2m > [22m[2mOpen
[22m[39m[Mock Storage] downloadData called with: undefined
[90mstdout[2m | src/components/Workbook/JoinWorkbookDialog.stories.tsx[2m > [22m[2mClosed
[22m[39m[ChatContext] Cleaning up subscriptions
[90mstdout[2m | src/components/Workbook/JoinWorkbookDialog.stories.tsx[2m > [22m[2mClosed
[22m[39m[Mock Data] Unit.onUpdate() subscription removed. Remaining: 0
[90mstdout[2m | src/components/Workbook/JoinWorkbookDialog.stories.tsx[2m > [22m[2mClosed
[22m[39m[MOCK CourseVectorStore] Initialized with mock data
[90mstdout[2m | src/components/Workbook/JoinWorkbookDialog.stories.tsx[2m > [22m[2mClosed
[22m[39m[TranslationModeController] Setting mode to: off
[90mstdout[2m | src/components/Workbook/JoinWorkbookDialog.stories.tsx[2m > [22m[2mClosed
[22m[39m[UnitContext] useEffect triggered {
  "authLoading": false,
  "hasUser": true,
  "id": "mock-unit-id",
  "userSub": "mock-user-sub",
}
[90mstdout[2m | src/components/Workbook/JoinWorkbookDialog.stories.tsx[2m > [22m[2mClosed
[22m[39m[UnitContext] Fetching unit data for id: mock-unit-id
[90mstdout[2m | src/components/Workbook/JoinWorkbookDialog.stories.tsx[2m > [22m[2mClosed
[22m[39m[FilesContext] Initializing vector store from IndexedDB
[90mstdout[2m | src/components/Workbook/JoinWorkbookDialog.stories.tsx[2m > [22m[2mClosed
[22m[39m[FilesContext] fetchFiles called
[90mstdout[2m | src/components/Workbook/JoinWorkbookDialog.stories.tsx[2m > [22m[2mClosed
[22m[39m[FilesContext] User authenticated: mock-user-sub
[90mstdout[2m | src/components/Workbook/JoinWorkbookDialog.stories.tsx[2m > [22m[2mClosed
[22m[39m[FilesContext] Identity ID: us-east-1:mock-identity-123
[90mstdout[2m | src/components/Workbook/JoinWorkbookDialog.stories.tsx[2m > [22m[2mClosed
[22m[39m[FilesContext] About to set up File observeQuery
[90mstdout[2m | src/components/Workbook/JoinWorkbookDialog.stories.tsx[2m > [22m[2mClosed
[22m[39m[ChatContext] Setting up AssistantChat observeQuery
[90mstdout[2m | src/components/Workbook/JoinWorkbookDialog.stories.tsx[2m > [22m[2mClosed
[22m[39m[ChatContext] Waiting for subscription to initialize
[90mstdout[2m | src/components/Workbook/JoinWorkbookDialog.stories.tsx[2m > [22m[2mClosed
[22m[39m[SettingsContext] Setting up Settings subscription for user: mock-user-sub
[90mstdout[2m | src/components/Workbook/JoinWorkbookDialog.stories.tsx[2m > [22m[2mClosed
[22m[39m[Mock Data] Settings created: mock-settings-1790419001497 - notified 0 subscribers
[90mstdout[2m | src/components/Workbook/JoinWorkbookDialog.stories.tsx[2m > [22m[2mClosed
[22m[39m[Mock Data] Unit.onUpdate() subscription added. Total: 1
[90mstdout[2m | src/components/Workbook/JoinWorkbookDialog.stories.tsx[2m > [22m[2mClosed
[22m[39m[SectionContext] Section observeQuery update: 0
[90mstdout[2m | src/components/Workbook/JoinWorkbookDialog.stories.tsx[2m > [22m[2mClosed
[22m[39m[FilesContext] File observeQuery update: 6 files
[90mstdout[2m | src/components/Workbook/JoinWorkbookDialog.stories.tsx[2m > [22m[2mClosed
[22m[39m[ChatContext] AssistantChat initialized with 1 chats
[90mstdout[2m | src/components/Workbook/JoinWorkbookDialog.stories.tsx[2m > [22m[2mClosed
[22m[39m[ChatContext] Setting initial chat: mock-assistant-chat-1
[90mstdout[2m | src/components/Workbook/JoinWorkbookDialog.stories.tsx[2m > [22m[2mClosed
[22m[39m[Mock Storage] downloadData called with: undefined
[90mstdout[2m | src/components/Workbook/JoinWorkbookDialog.stories.tsx[2m > [22m[2mClosed
[22m[39m[MOCK CourseVectorStore] Initialized with mock data
[90mstdout[2m | src/components/Workbook/JoinWorkbookDialog.stories.tsx[2m > [22m[2mClosed
[22m[39m[FilesContext] Vector store population triggered {
  "currentVectorStoreSize": 3,
  "documentsCount": 0,
  "filesCount": 6,
  "isInitialLoad": true,
}
[90mstdout[2m | src/components/Workbook/JoinWorkbookDialog.stories.tsx[2m > [22m[2mClosed
[22m[39m[FilesContext] Vector store population complete - 3 total embeddings
[90mstdout[2m | src/components/Workbook/JoinWorkbookDialog.stories.tsx[2m > [22m[2mClosed
[22m[39m[ChatContext] Chat exists and not archived, skipping creation
 [32m✓[39m [30m[45m storybook (chromium) [49m[39m src/components/Workbook/JoinWorkbookDialog.stories.tsx [2m([22m[2m2 tests[22m[2m)[22m[33m 517[2mms[22m[39m
   [33m[2m✓[22m[39m Open [33m 428[2mms[22m[39m
[90mstdout[2m | unknown test
[22m[39m[MOCK vectorStoreDB.js] Module loaded - mock IndexedDB operations
[90mstdout[2m | unknown test
[22m[39m[Task Completion] DOM action listeners initialized
[90mstdout[2m | unknown test
[22m[39m[Task Completion] Auto-completion detector initialized
[90mstdout[2m | unknown test
[22m[39m[Preview] Task completion detector initialized
[90mstdout[2m | src/components/Editor3/components/PdfViewerComponent.stories.jsx[2m > [22m[2mDefault
[22m[39m[MOCK CourseVectorStore] Initialized with mock data
[90mstdout[2m | src/components/Editor3/components/PdfViewerComponent.stories.jsx[2m > [22m[2mDefault
[22m[39mMock Cache.getItem called with: getCachedUrl_public/documents/sample.pdf
[90mstdout[2m | src/components/Editor3/components/PdfViewerComponent.stories.jsx[2m > [22m[2mDefault
[22m[39m[TranslationModeController] Setting mode to: off
[90mstdout[2m | src/components/Editor3/components/PdfViewerComponent.stories.jsx[2m > [22m[2mDefault
[22m[39m[FilesContext] Initializing vector store from IndexedDB
[90mstdout[2m | src/components/Editor3/components/PdfViewerComponent.stories.jsx[2m > [22m[2mDefault
[22m[39m[FilesContext] fetchFiles called
[90mstdout[2m | src/components/Editor3/components/PdfViewerComponent.stories.jsx[2m > [22m[2mDefault
[22m[39m[FilesContext] User authenticated: mock-user-sub
[90mstdout[2m | src/components/Editor3/components/PdfViewerComponent.stories.jsx[2m > [22m[2mDefault
[22m[39m[FilesContext] Identity ID: us-east-1:mock-identity-123
[90mstdout[2m | src/components/Editor3/components/PdfViewerComponent.stories.jsx[2m > [22m[2mDefault
[22m[39m[FilesContext] About to set up File observeQuery
[90mstdout[2m | src/components/Editor3/components/PdfViewerComponent.stories.jsx[2m > [22m[2mDefault
[22m[39m[ChatContext] Setting up AssistantChat observeQuery
[90mstdout[2m | src/components/Editor3/components/PdfViewerComponent.stories.jsx[2m > [22m[2mDefault
[22m[39m[ChatContext] Waiting for subscription to initialize
[90mstdout[2m | src/components/Editor3/components/PdfViewerComponent.stories.jsx[2m > [22m[2mDefault
[22m[39m[SettingsContext] Setting up Settings subscription for user: mock-user-sub
[90mstdout[2m | src/components/Editor3/components/PdfViewerComponent.stories.jsx[2m > [22m[2mDefault
[22m[39mMock getUrl called with: public/documents/sample.pdf
[90mstdout[2m | src/components/Editor3/components/PdfViewerComponent.stories.jsx[2m > [22m[2mDefault
[22m[39m[Mock Data] Settings created: mock-settings-1790419005089 - notified 0 subscribers
[90mstdout[2m | src/components/Editor3/components/PdfViewerComponent.stories.jsx[2m > [22m[2mDefault
[22m[39mMock Cache.setItem called with: getCachedUrl_public/documents/sample.pdf blob:http://localhost:63315/87a3b1d5-b619-4840-b78b-c607ad0cc5e9
[90mstdout[2m | src/components/Editor3/components/PdfViewerComponent.stories.jsx[2m > [22m[2mDefault
[22m[39m[FilesContext] File observeQuery update: 6 files
[90mstdout[2m | src/components/Editor3/components/PdfViewerComponent.stories.jsx[2m > [22m[2mDefault
[22m[39m[ChatContext] AssistantChat initialized with 1 chats
[90mstdout[2m | src/components/Editor3/components/PdfViewerComponent.stories.jsx[2m > [22m[2mDefault
[22m[39m[ChatContext] Setting initial chat: mock-assistant-chat-1
[90mstdout[2m | src/components/Editor3/components/PdfViewerComponent.stories.jsx[2m > [22m[2mDefault
[22m[39m[MOCK CourseVectorStore] Initialized with mock data
[90mstdout[2m | src/components/Editor3/components/PdfViewerComponent.stories.jsx[2m > [22m[2mDefault
[22m[39m[FilesContext] Vector store population triggered {
  "currentVectorStoreSize": 3,
  "documentsCount": 0,
  "filesCount": 6,
  "isInitialLoad": true,
}
[90mstdout[2m | src/components/Editor3/components/PdfViewerComponent.stories.jsx[2m > [22m[2mDefault
[22m[39m[FilesContext] Vector store population complete - 3 total embeddings
[90mstdout[2m | src/components/Editor3/components/PdfViewerComponent.stories.jsx[2m > [22m[2mDefault
[22m[39m[ChatContext] Chat exists and not archived, skipping creation
[90mstdout[2m | src/components/Editor3/components/PdfViewerComponent.stories.jsx[2m > [22m[2mDefault
[22m[39m[Mock Storage] downloadData called with: undefined
[90mstdout[2m | src/components/Editor3/components/PdfViewerComponent.stories.jsx[2m > [22m[2mLong Filename
[22m[39m[ChatContext] Cleaning up subscriptions
[90mstdout[2m | src/components/Editor3/components/PdfViewerComponent.stories.jsx[2m > [22m[2mLong Filename
[22m[39m[MOCK CourseVectorStore] Initialized with mock data
[90mstdout[2m | src/components/Editor3/components/PdfViewerComponent.stories.jsx[2m > [22m[2mLong Filename
[22m[39mMock Cache.getItem called with: getCachedUrl_public/documents/very-long-filename-that-might-truncate.pdf
[90mstdout[2m | src/components/Editor3/components/PdfViewerComponent.stories.jsx[2m > [22m[2mLong Filename
[22m[39m[TranslationModeController] Setting mode to: off
[90mstdout[2m | src/components/Editor3/components/PdfViewerComponent.stories.jsx[2m > [22m[2mLong Filename
[22m[39m[FilesContext] Initializing vector store from IndexedDB
[90mstdout[2m | src/components/Editor3/components/PdfViewerComponent.stories.jsx[2m > [22m[2mLong Filename
[22m[39m[FilesContext] fetchFiles called
[90mstdout[2m | src/components/Editor3/components/PdfViewerComponent.stories.jsx[2m > [22m[2mLong Filename
[22m[39m[FilesContext] User authenticated: mock-user-sub
[90mstdout[2m | src/components/Editor3/components/PdfViewerComponent.stories.jsx[2m > [22m[2mLong Filename
[22m[39m[FilesContext] Identity ID: us-east-1:mock-identity-123
[90mstdout[2m | src/components/Editor3/components/PdfViewerComponent.stories.jsx[2m > [22m[2mLong Filename
[22m[39m[FilesContext] About to set up File observeQuery
[90mstdout[2m | src/components/Editor3/components/PdfViewerComponent.stories.jsx[2m > [22m[2mLong Filename
[22m[39m[ChatContext] Setting up AssistantChat observeQuery
[90mstdout[2m | src/components/Editor3/components/PdfViewerComponent.stories.jsx[2m > [22m[2mLong Filename
[22m[39m[ChatContext] Waiting for subscription to initialize
[90mstdout[2m | src/components/Editor3/components/PdfViewerComponent.stories.jsx[2m > [22m[2mLong Filename
[22m[39m[SettingsContext] Setting up Settings subscription for user: mock-user-sub
[90mstdout[2m | src/components/Editor3/components/PdfViewerComponent.stories.jsx[2m > [22m[2mLong Filename
[22m[39mMock getUrl called with: public/documents/very-long-filename-that-might-truncate.pdf
[90mstdout[2m | src/components/Editor3/components/PdfViewerComponent.stories.jsx[2m > [22m[2mLong Filename
[22m[39m[Mock Data] Settings created: mock-settings-1790419005334 - notified 0 subscribers
[90mstdout[2m | src/components/Editor3/components/PdfViewerComponent.stories.jsx[2m > [22m[2mLong Filename
[22m[39mMock Cache.setItem called with: getCachedUrl_public/documents/very-long-filename-that-might-truncate.pdf blob:http://localhost:63315/d735f152-f53a-400d-9632-7741e85d3b59
[90mstdout[2m | src/components/Editor3/components/PdfViewerComponent.stories.jsx[2m > [22m[2mLong Filename
[22m[39m[FilesContext] File observeQuery update: 6 files
[90mstdout[2m | src/components/Editor3/components/PdfViewerComponent.stories.jsx[2m > [22m[2mLong Filename
[22m[39m[ChatContext] AssistantChat initialized with 1 chats
[90mstdout[2m | src/components/Editor3/components/PdfViewerComponent.stories.jsx[2m > [22m[2mLong Filename
[22m[39m[ChatContext] Setting initial chat: mock-assistant-chat-1
[90mstdout[2m | src/components/Editor3/components/PdfViewerComponent.stories.jsx[2m > [22m[2mLong Filename
[22m[39m[MOCK CourseVectorStore] Initialized with mock data
[90mstdout[2m | src/components/Editor3/components/PdfViewerComponent.stories.jsx[2m > [22m[2mLong Filename
[22m[39m[FilesContext] Vector store population triggered {
  "currentVectorStoreSize": 3,
  "documentsCount": 0,
  "filesCount": 6,
  "isInitialLoad": true,
}
[90mstdout[2m | src/components/Editor3/components/PdfViewerComponent.stories.jsx[2m > [22m[2mLong Filename
[22m[39m[FilesContext] Vector store population complete - 3 total embeddings
[90mstdout[2m | src/components/Editor3/components/PdfViewerComponent.stories.jsx[2m > [22m[2mLong Filename
[22m[39m[ChatContext] Chat exists and not archived, skipping creation
[90mstdout[2m | src/components/Editor3/components/PdfViewerComponent.stories.jsx[2m > [22m[2mLong Filename
[22m[39m[Mock Storage] downloadData called with: undefined
 [32m✓[39m [30m[45m storybook (chromium) [49m[39m src/components/Editor3/components/PdfViewerComponent.stories.jsx [2m([22m[2m2 tests[22m[2m)[22m[33m 437[2mms[22m[39m
[90mstdout[2m | unknown test
[22m[39m[MOCK vectorStoreDB.js] Module loaded - mock IndexedDB operations
[90mstdout[2m | unknown test
[22m[39m[Task Completion] DOM action listeners initialized
[90mstdout[2m | unknown test
[22m[39m[Task Completion] Auto-completion detector initialized
[90mstdout[2m | unknown test
[22m[39m[Preview] Task completion detector initialized
[90mstdout[2m | src/components/Editor3/plugins/PlaylistPlugin.stories.jsx[2m > [22m[2mEditable Empty
[22m[39m[Preview] Skipped initializing default mock data (initializeMockData=false)
[90mstdout[2m | src/components/Editor3/plugins/PlaylistPlugin.stories.jsx[2m > [22m[2mEditable Empty
[22m[39m[Mock Data] seedMockUnit: Adding unit playlist-story-unit
[90mstdout[2m | src/components/Editor3/plugins/PlaylistPlugin.stories.jsx[2m > [22m[2mEditable Empty
[22m[39m[MOCK CourseVectorStore] Initialized with mock data
[90mstdout[2m | src/components/Editor3/plugins/PlaylistPlugin.stories.jsx[2m > [22m[2mEditable Empty
[22m[39m[TranslationModeController] Setting mode to: off
[90mstdout[2m | src/components/Editor3/plugins/PlaylistPlugin.stories.jsx[2m > [22m[2mEditable Empty
[22m[39m[UnitContext] useEffect triggered {
  "authLoading": false,
  "hasUser": true,
  "id": "playlist-story-unit",
  "userSub": "mock-user-sub",
}
[90mstdout[2m | src/components/Editor3/plugins/PlaylistPlugin.stories.jsx[2m > [22m[2mEditable Empty
[22m[39m[UnitContext] Fetching unit data for id: playlist-story-unit
[90mstdout[2m | src/components/Editor3/plugins/PlaylistPlugin.stories.jsx[2m > [22m[2mEditable Empty
[22m[39m[FilesContext] Initializing vector store from IndexedDB
[90mstdout[2m | src/components/Editor3/plugins/PlaylistPlugin.stories.jsx[2m > [22m[2mEditable Empty
[22m[39m[FilesContext] fetchFiles called
[90mstdout[2m | src/components/Editor3/plugins/PlaylistPlugin.stories.jsx[2m > [22m[2mEditable Empty
[22m[39m[FilesContext] User authenticated: mock-user-sub
[90mstdout[2m | src/components/Editor3/plugins/PlaylistPlugin.stories.jsx[2m > [22m[2mEditable Empty
[22m[39m[FilesContext] Identity ID: us-east-1:mock-identity-123
[90mstdout[2m | src/components/Editor3/plugins/PlaylistPlugin.stories.jsx[2m > [22m[2mEditable Empty
[22m[39m[FilesContext] About to set up File observeQuery
[90mstdout[2m | src/components/Editor3/plugins/PlaylistPlugin.stories.jsx[2m > [22m[2mEditable Empty
[22m[39m[ChatContext] Setting up AssistantChat observeQuery
[90mstdout[2m | src/components/Editor3/plugins/PlaylistPlugin.stories.jsx[2m > [22m[2mEditable Empty
[22m[39m[ChatContext] Waiting for subscription to initialize
[90mstdout[2m | src/components/Editor3/plugins/PlaylistPlugin.stories.jsx[2m > [22m[2mEditable Empty
[22m[39m[SettingsContext] Setting up Settings subscription for user: mock-user-sub
[90mstdout[2m | src/components/Editor3/plugins/PlaylistPlugin.stories.jsx[2m > [22m[2mEditable Empty
[22m[39m[Mock Data] Settings created: mock-settings-1790419005935 - notified 0 subscribers
[90mstdout[2m | src/components/Editor3/plugins/PlaylistPlugin.stories.jsx[2m > [22m[2mEditable Empty
[22m[39m[Mock Data] Unit.onUpdate() subscription added. Total: 1
[90mstdout[2m | src/components/Editor3/plugins/PlaylistPlugin.stories.jsx[2m > [22m[2mEditable Empty
[22m[39m[SectionContext] Section observeQuery update: 0
[90mstdout[2m | src/components/Editor3/plugins/PlaylistPlugin.stories.jsx[2m > [22m[2mEditable Empty
[22m[39m[FilesContext] File observeQuery update: 3 files
[90mstdout[2m | src/components/Editor3/plugins/PlaylistPlugin.stories.jsx[2m > [22m[2mEditable Empty
[22m[39m[ChatContext] AssistantChat initialized with 0 chats
[90mstdout[2m | src/components/Editor3/plugins/PlaylistPlugin.stories.jsx[2m > [22m[2mEditable Empty
[22m[39m[Mock Storage] downloadData called with: undefined
[90mstdout[2m | src/components/Editor3/plugins/PlaylistPlugin.stories.jsx[2m > [22m[2mEditable Empty
[22m[39m[MOCK CourseVectorStore] Initialized with mock data
[90mstdout[2m | src/components/Editor3/plugins/PlaylistPlugin.stories.jsx[2m > [22m[2mEditable Empty
[22m[39m[FilesContext] Vector store population triggered {
  "currentVectorStoreSize": 3,
  "documentsCount": 0,
  "filesCount": 3,
  "isInitialLoad": true,
}
[90mstdout[2m | src/components/Editor3/plugins/PlaylistPlugin.stories.jsx[2m > [22m[2mEditable Empty
[22m[39m[FilesContext] Vector store population complete - 3 total embeddings
[90mstdout[2m | src/components/Editor3/plugins/PlaylistPlugin.stories.jsx[2m > [22m[2mEditable Empty
[22m[39m[ChatContext] No current chat available, will create one
[90mstdout[2m | src/components/Editor3/plugins/PlaylistPlugin.stories.jsx[2m > [22m[2mEditable Empty
[22m[39m[ChatContext] Creating AssistantChat with user: undefined
[90mstdout[2m | src/components/Editor3/plugins/PlaylistPlugin.stories.jsx[2m > [22m[2mEditable Empty
[22m[39m[Mock Data] AssistantChat created: mock-assistantchat-1790419005952 - notified 1 subscribers
[90mstdout[2m | src/components/Editor3/plugins/PlaylistPlugin.stories.jsx[2m > [22m[2mEditable Empty
[22m[39m[ChatContext] Create result: {
  "data": {
    "_version": 1,
    "archived": false,
    "chatFiles": [Function anonymous],
    "createdAt": "2026-09-26T10:36:45.952Z",
    "id": "mock-assistantchat-1790419005952",
    "model": "gpt-4",
    "updatedAt": "2026-09-26T10:36:45.952Z",
  },
  "errors": [],
  "hasData": true,
  "hasErrors": true,
}
[90mstdout[2m | src/components/Editor3/plugins/PlaylistPlugin.stories.jsx[2m > [22m[2mEditable Empty
[22m[39m[ChatContext] Created AssistantChat: mock-assistantchat-1790419005952 at: 2026-09-26T10:36:45.952Z
[90mstdout[2m | src/components/Editor3/plugins/PlaylistPlugin.stories.jsx[2m > [22m[2mEditable Empty
[22m[39m[ChatContext] Setting initial chat: mock-assistantchat-1790419005952
[90mstdout[2m | src/components/Editor3/plugins/PlaylistPlugin.stories.jsx[2m > [22m[2mEditable Empty
[22m[39m[ChatContext] Chat exists and not archived, skipping creation
[90mstdout[2m | src/components/Editor3/plugins/PlaylistPlugin.stories.jsx[2m > [22m[2mEditable With Playlist
[22m[39m[ChatContext] Cleaning up subscriptions
[90mstdout[2m | src/components/Editor3/plugins/PlaylistPlugin.stories.jsx[2m > [22m[2mEditable With Playlist
[22m[39m[Mock Data] Unit.onUpdate() subscription removed. Remaining: 0
[90mstdout[2m | src/components/Editor3/plugins/PlaylistPlugin.stories.jsx[2m > [22m[2mEditable With Playlist
[22m[39m[Preview] Skipped initializing default mock data (initializeMockData=false)
[90mstdout[2m | src/components/Editor3/plugins/PlaylistPlugin.stories.jsx[2m > [22m[2mEditable With Playlist
[22m[39m[Mock Data] seedMockUnit: Adding unit playlist-story-unit
[90mstdout[2m | src/components/Editor3/plugins/PlaylistPlugin.stories.jsx[2m > [22m[2mEditable With Playlist
[22m[39m[MOCK CourseVectorStore] Initialized with mock data
[90mstdout[2m | src/components/Editor3/plugins/PlaylistPlugin.stories.jsx[2m > [22m[2mEditable With Playlist
[22m[39m[TranslationModeController] Setting mode to: off
[90mstdout[2m | src/components/Editor3/plugins/PlaylistPlugin.stories.jsx[2m > [22m[2mEditable With Playlist
[22m[39m[UnitContext] useEffect triggered {
  "authLoading": false,
  "hasUser": true,
  "id": "playlist-story-unit",
  "userSub": "mock-user-sub",
}
[90mstdout[2m | src/components/Editor3/plugins/PlaylistPlugin.stories.jsx[2m > [22m[2mEditable With Playlist
[22m[39m[UnitContext] Fetching unit data for id: playlist-story-unit
[90mstdout[2m | src/components/Editor3/plugins/PlaylistPlugin.stories.jsx[2m > [22m[2mEditable With Playlist
[22m[39m[FilesContext] Initializing vector store from IndexedDB
[90mstdout[2m | src/components/Editor3/plugins/PlaylistPlugin.stories.jsx[2m > [22m[2mEditable With Playlist
[22m[39m[FilesContext] fetchFiles called
[90mstdout[2m | src/components/Editor3/plugins/PlaylistPlugin.stories.jsx[2m > [22m[2mEditable With Playlist
[22m[39m[FilesContext] User authenticated: mock-user-sub
[90mstdout[2m | src/components/Editor3/plugins/PlaylistPlugin.stories.jsx[2m > [22m[2mEditable With Playlist
[22m[39m[FilesContext] Identity ID: us-east-1:mock-identity-123
[90mstdout[2m | src/components/Editor3/plugins/PlaylistPlugin.stories.jsx[2m > [22m[2mEditable With Playlist
[22m[39m[FilesContext] About to set up File observeQuery
[90mstdout[2m | src/components/Editor3/plugins/PlaylistPlugin.stories.jsx[2m > [22m[2mEditable With Playlist
[22m[39m[ChatContext] Setting up AssistantChat observeQuery
[90mstdout[2m | src/components/Editor3/plugins/PlaylistPlugin.stories.jsx[2m > [22m[2mEditable With Playlist
[22m[39m[ChatContext] Waiting for subscription to initialize
[90mstdout[2m | src/components/Editor3/plugins/PlaylistPlugin.stories.jsx[2m > [22m[2mEditable With Playlist
[22m[39m[SettingsContext] Setting up Settings subscription for user: mock-user-sub
[90mstdout[2m | src/components/Editor3/plugins/PlaylistPlugin.stories.jsx[2m > [22m[2mEditable With Playlist
[22m[39m[Mock Data] Settings created: mock-settings-1790419006088 - notified 0 subscribers
[90mstdout[2m | src/components/Editor3/plugins/PlaylistPlugin.stories.jsx[2m > [22m[2mEditable With Playlist
[22m[39m[Mock Data] Unit.onUpdate() subscription added. Total: 1
[90mstdout[2m | src/components/Editor3/plugins/PlaylistPlugin.stories.jsx[2m > [22m[2mEditable With Playlist
[22m[39m[SectionContext] Section observeQuery update: 0
[90mstdout[2m | src/components/Editor3/plugins/PlaylistPlugin.stories.jsx[2m > [22m[2mEditable With Playlist
[22m[39m[FilesContext] File observeQuery update: 3 files
[90mstdout[2m | src/components/Editor3/plugins/PlaylistPlugin.stories.jsx[2m > [22m[2mEditable With Playlist
[22m[39m[ChatContext] AssistantChat initialized with 0 chats
[90mstdout[2m | src/components/Editor3/plugins/PlaylistPlugin.stories.jsx[2m > [22m[2mEditable With Playlist
[22m[39m[MOCK CourseVectorStore] Initialized with mock data
[90mstdout[2m | src/components/Editor3/plugins/PlaylistPlugin.stories.jsx[2m > [22m[2mEditable With Playlist
[22m[39m[FilesContext] Vector store population triggered {
  "currentVectorStoreSize": 3,
  "documentsCount": 0,
  "filesCount": 3,
  "isInitialLoad": true,
}
[90mstdout[2m | src/components/Editor3/plugins/PlaylistPlugin.stories.jsx[2m > [22m[2mEditable With Playlist
[22m[39m[FilesContext] Vector store population complete - 3 total embeddings
[90mstdout[2m | src/components/Editor3/plugins/PlaylistPlugin.stories.jsx[2m > [22m[2mEditable With Playlist
[22m[39m[ChatContext] No current chat available, will create one
[90mstdout[2m | src/components/Editor3/plugins/PlaylistPlugin.stories.jsx[2m > [22m[2mEditable With Playlist
[22m[39m[ChatContext] Creating AssistantChat with user: undefined
[90mstdout[2m | src/components/Editor3/plugins/PlaylistPlugin.stories.jsx[2m > [22m[2mEditable With Playlist
[22m[39m[Mock Data] AssistantChat created: mock-assistantchat-1790419006113 - notified 1 subscribers
[90mstdout[2m | src/components/Editor3/plugins/PlaylistPlugin.stories.jsx[2m > [22m[2mEditable With Playlist
[22m[39m[ChatContext] Create result: {
  "data": {
    "_version": 1,
    "archived": false,
    "chatFiles": [Function anonymous],
    "createdAt": "2026-09-26T10:36:46.113Z",
    "id": "mock-assistantchat-1790419006113",
    "model": "gpt-4",
    "updatedAt": "2026-09-26T10:36:46.113Z",
  },
  "errors": [],
  "hasData": true,
  "hasErrors": true,
}
[90mstdout[2m | src/components/Editor3/plugins/PlaylistPlugin.stories.jsx[2m > [22m[2mEditable With Playlist
[22m[39m[ChatContext] Created AssistantChat: mock-assistantchat-1790419006113 at: 2026-09-26T10:36:46.113Z
[90mstdout[2m | src/components/Editor3/plugins/PlaylistPlugin.stories.jsx[2m > [22m[2mEditable With Playlist
[22m[39m[Mock Storage] downloadData called with: undefined
[90mstdout[2m | src/components/Editor3/plugins/PlaylistPlugin.stories.jsx[2m > [22m[2mEditable With Playlist
[22m[39m[ChatContext] Setting initial chat: mock-assistantchat-1790419006113
[90mstdout[2m | src/components/Editor3/plugins/PlaylistPlugin.stories.jsx[2m > [22m[2mEditable With Playlist
[22m[39m[ChatContext] Chat exists and not archived, skipping creation
[90mstdout[2m | src/components/Editor3/plugins/PlaylistPlugin.stories.jsx[2m > [22m[2mRead Only With Playlist
[22m[39m[ChatContext] Cleaning up subscriptions
[90mstdout[2m | src/components/Editor3/plugins/PlaylistPlugin.stories.jsx[2m > [22m[2mRead Only With Playlist
[22m[39m[Mock Data] Unit.onUpdate() subscription removed. Remaining: 0
[90mstdout[2m | src/components/Editor3/plugins/PlaylistPlugin.stories.jsx[2m > [22m[2mRead Only With Playlist
[22m[39m[Preview] Skipped initializing default mock data (initializeMockData=false)
[90mstdout[2m | src/components/Editor3/plugins/PlaylistPlugin.stories.jsx[2m > [22m[2mRead Only With Playlist
[22m[39m[Mock Data] seedMockUnit: Adding unit playlist-story-unit
[90mstdout[2m | src/components/Editor3/plugins/PlaylistPlugin.stories.jsx[2m > [22m[2mRead Only With Playlist
[22m[39m[MOCK CourseVectorStore] Initialized with mock data
[90mstdout[2m | src/components/Editor3/plugins/PlaylistPlugin.stories.jsx[2m > [22m[2mRead Only With Playlist
[22m[39m[TranslationModeController] Setting mode to: off
[90mstdout[2m | src/components/Editor3/plugins/PlaylistPlugin.stories.jsx[2m > [22m[2mRead Only With Playlist
[22m[39m[UnitContext] useEffect triggered {
  "authLoading": false,
  "hasUser": true,
  "id": "playlist-story-unit",
  "userSub": "mock-user-sub",
}
[90mstdout[2m | src/components/Editor3/plugins/PlaylistPlugin.stories.jsx[2m > [22m[2mRead Only With Playlist
[22m[39m[UnitContext] Fetching unit data for id: playlist-story-unit
[90mstdout[2m | src/components/Editor3/plugins/PlaylistPlugin.stories.jsx[2m > [22m[2mRead Only With Playlist
[22m[39m[FilesContext] Initializing vector store from IndexedDB
[90mstdout[2m | src/components/Editor3/plugins/PlaylistPlugin.stories.jsx[2m > [22m[2mRead Only With Playlist
[22m[39m[FilesContext] fetchFiles called
[90mstdout[2m | src/components/Editor3/plugins/PlaylistPlugin.stories.jsx[2m > [22m[2mRead Only With Playlist
[22m[39m[FilesContext] User authenticated: mock-user-sub
[90mstdout[2m | src/components/Editor3/plugins/PlaylistPlugin.stories.jsx[2m > [22m[2mRead Only With Playlist
[22m[39m[FilesContext] Identity ID: us-east-1:mock-identity-123
[90mstdout[2m | src/components/Editor3/plugins/PlaylistPlugin.stories.jsx[2m > [22m[2mRead Only With Playlist
[22m[39m[FilesContext] About to set up File observeQuery
[90mstdout[2m | src/components/Editor3/plugins/PlaylistPlugin.stories.jsx[2m > [22m[2mRead Only With Playlist
[22m[39m[ChatContext] Setting up AssistantChat observeQuery
[90mstdout[2m | src/components/Editor3/plugins/PlaylistPlugin.stories.jsx[2m > [22m[2mRead Only With Playlist
[22m[39m[ChatContext] Waiting for subscription to initialize
[90mstdout[2m | src/components/Editor3/plugins/PlaylistPlugin.stories.jsx[2m > [22m[2mRead Only With Playlist
[22m[39m[SettingsContext] Setting up Settings subscription for user: mock-user-sub
[90mstdout[2m | src/components/Editor3/plugins/PlaylistPlugin.stories.jsx[2m > [22m[2mRead Only With Playlist
[22m[39m[Mock Data] Settings created: mock-settings-1790419006268 - notified 0 subscribers
[90mstdout[2m | src/components/Editor3/plugins/PlaylistPlugin.stories.jsx[2m > [22m[2mRead Only With Playlist
[22m[39m[Mock Data] Unit.onUpdate() subscription added. Total: 1
[90mstdout[2m | src/components/Editor3/plugins/PlaylistPlugin.stories.jsx[2m > [22m[2mRead Only With Playlist
[22m[39m[SectionContext] Section observeQuery update: 0
[90mstdout[2m | src/components/Editor3/plugins/PlaylistPlugin.stories.jsx[2m > [22m[2mRead Only With Playlist
[22m[39m[FilesContext] File observeQuery update: 3 files
[90mstdout[2m | src/components/Editor3/plugins/PlaylistPlugin.stories.jsx[2m > [22m[2mRead Only With Playlist
[22m[39m[ChatContext] AssistantChat initialized with 0 chats
[90mstdout[2m | src/components/Editor3/plugins/PlaylistPlugin.stories.jsx[2m > [22m[2mRead Only With Playlist
[22m[39m[MOCK CourseVectorStore] Initialized with mock data
[90mstdout[2m | src/components/Editor3/plugins/PlaylistPlugin.stories.jsx[2m > [22m[2mRead Only With Playlist
[22m[39m[FilesContext] Vector store population triggered {
  "currentVectorStoreSize": 3,
  "documentsCount": 0,
  "filesCount": 3,
  "isInitialLoad": true,
}
[90mstdout[2m | src/components/Editor3/plugins/PlaylistPlugin.stories.jsx[2m > [22m[2mRead Only With Playlist
[22m[39m[FilesContext] Vector store population complete - 3 total embeddings
[90mstdout[2m | src/components/Editor3/plugins/PlaylistPlugin.stories.jsx[2m > [22m[2mRead Only With Playlist
[22m[39m[ChatContext] No current chat available, will create one
[90mstdout[2m | src/components/Editor3/plugins/PlaylistPlugin.stories.jsx[2m > [22m[2mRead Only With Playlist
[22m[39m[ChatContext] Creating AssistantChat with user: undefined
[90mstdout[2m | src/components/Editor3/plugins/PlaylistPlugin.stories.jsx[2m > [22m[2mRead Only With Playlist
[22m[39m[Mock Data] AssistantChat created: mock-assistantchat-1790419006278 - notified 1 subscribers
[90mstdout[2m | src/components/Editor3/plugins/PlaylistPlugin.stories.jsx[2m > [22m[2mRead Only With Playlist
[22m[39m[ChatContext] Create result: {
  "data": {
    "_version": 1,
    "archived": false,
    "chatFiles": [Function anonymous],
    "createdAt": "2026-09-26T10:36:46.278Z",
    "id": "mock-assistantchat-1790419006278",
    "model": "gpt-4",
    "updatedAt": "2026-09-26T10:36:46.278Z",
  },
  "errors": [],
  "hasData": true,
  "hasErrors": true,
}
[90mstdout[2m | src/components/Editor3/plugins/PlaylistPlugin.stories.jsx[2m > [22m[2mRead Only With Playlist
[22m[39m[ChatContext] Created AssistantChat: mock-assistantchat-1790419006278 at: 2026-09-26T10:36:46.278Z
[90mstdout[2m | src/components/Editor3/plugins/PlaylistPlugin.stories.jsx[2m > [22m[2mRead Only With Playlist
[22m[39m[Mock Storage] downloadData called with: undefined
[90mstdout[2m | src/components/Editor3/plugins/PlaylistPlugin.stories.jsx[2m > [22m[2mRead Only With Playlist
[22m[39m[ChatContext] Setting initial chat: mock-assistantchat-1790419006278
[90mstdout[2m | src/components/Editor3/plugins/PlaylistPlugin.stories.jsx[2m > [22m[2mRead Only With Playlist
[22m[39m[ChatContext] Chat exists and not archived, skipping creation
 [32m✓[39m [30m[45m storybook (chromium) [49m[39m src/components/Editor3/plugins/PlaylistPlugin.stories.jsx [2m([22m[2m3 tests[22m[2m)[22m[33m 491[2mms[22m[39m
[90mstdout[2m | unknown test
[22m[39m[MOCK vectorStoreDB.js] Module loaded - mock IndexedDB operations
[90mstdout[2m | unknown test
[22m[39m[Task Completion] DOM action listeners initialized
[90mstdout[2m | unknown test
[22m[39m[Task Completion] Auto-completion detector initialized
[90mstdout[2m | unknown test
[22m[39m[Preview] Task completion detector initialized
[90mstdout[2m | src/components/Editor3/components/StaticReferenceVisualizer.stories.tsx[2m > [22m[2mTop Center
[22m[39m[TranslationModeController] Setting mode to: off
[90mstdout[2m | src/components/Editor3/components/StaticReferenceVisualizer.stories.tsx[2m > [22m[2mAnimated Top Center
[22m[39m[TranslationModeController] Setting mode to: off
[90mstdout[2m | src/components/Editor3/components/StaticReferenceVisualizer.stories.tsx[2m > [22m[2mAudio Reactive Top Center
[22m[39m[TranslationModeController] Setting mode to: off
[90mstdout[2m | src/components/Editor3/components/StaticReferenceVisualizer.stories.tsx[2m > [22m[2mAudio Reactive Middle Center
[22m[39m[TranslationModeController] Setting mode to: off
[90mstdout[2m | src/components/Editor3/components/StaticReferenceVisualizer.stories.tsx[2m > [22m[2mMiddle Center
[22m[39m[TranslationModeController] Setting mode to: off
 [32m✓[39m [30m[45m storybook (chromium) [49m[39m src/components/Editor3/components/StaticReferenceVisualizer.stories.tsx [2m([22m[2m5 tests[22m[2m)[22m[33m 456[2mms[22m[39m
[90mstdout[2m | unknown test
[22m[39m[MOCK vectorStoreDB.js] Module loaded - mock IndexedDB operations
[90mstdout[2m | unknown test
[22m[39m[Task Completion] DOM action listeners initialized
[90mstdout[2m | unknown test
[22m[39m[Task Completion] Auto-completion detector initialized
[90mstdout[2m | unknown test
[22m[39m[Preview] Task completion detector initialized
[90mstdout[2m | src/components/PeerReview/PeerReviewInvitations.stories.tsx[2m > [22m[2mInvitations Story
[22m[39m[MOCK CourseVectorStore] Initialized with mock data
[90mstdout[2m | src/components/PeerReview/PeerReviewInvitations.stories.tsx[2m > [22m[2mInvitations Story
[22m[39m[TranslationModeController] Setting mode to: off
[90mstdout[2m | src/components/PeerReview/PeerReviewInvitations.stories.tsx[2m > [22m[2mInvitations Story
[22m[39m[UnitContext] useEffect triggered {
  "authLoading": false,
  "hasUser": true,
  "id": "mock-unit-id",
  "userSub": "mock-user-sub",
}
[90mstdout[2m | src/components/PeerReview/PeerReviewInvitations.stories.tsx[2m > [22m[2mInvitations Story
[22m[39m[UnitContext] Fetching unit data for id: mock-unit-id
[90mstdout[2m | src/components/PeerReview/PeerReviewInvitations.stories.tsx[2m > [22m[2mInvitations Story
[22m[39m[FilesContext] Initializing vector store from IndexedDB
[90mstdout[2m | src/components/PeerReview/PeerReviewInvitations.stories.tsx[2m > [22m[2mInvitations Story
[22m[39m[FilesContext] fetchFiles called
[90mstdout[2m | src/components/PeerReview/PeerReviewInvitations.stories.tsx[2m > [22m[2mInvitations Story
[22m[39m[FilesContext] User authenticated: mock-user-sub
[90mstdout[2m | src/components/PeerReview/PeerReviewInvitations.stories.tsx[2m > [22m[2mInvitations Story
[22m[39m[FilesContext] Identity ID: us-east-1:mock-identity-123
[90mstdout[2m | src/components/PeerReview/PeerReviewInvitations.stories.tsx[2m > [22m[2mInvitations Story
[22m[39m[FilesContext] About to set up File observeQuery
[90mstdout[2m | src/components/PeerReview/PeerReviewInvitations.stories.tsx[2m > [22m[2mInvitations Story
[22m[39m[ChatContext] Setting up AssistantChat observeQuery
[90mstdout[2m | src/components/PeerReview/PeerReviewInvitations.stories.tsx[2m > [22m[2mInvitations Story
[22m[39m[ChatContext] Waiting for subscription to initialize
[90mstdout[2m | src/components/PeerReview/PeerReviewInvitations.stories.tsx[2m > [22m[2mInvitations Story
[22m[39m[SettingsContext] Setting up Settings subscription for user: mock-user-sub
[90mstdout[2m | src/components/PeerReview/PeerReviewInvitations.stories.tsx[2m > [22m[2mInvitations Story
[22m[39m[Mock Data] Settings created: mock-settings-1790419007722 - notified 0 subscribers
[90mstdout[2m | src/components/PeerReview/PeerReviewInvitations.stories.tsx[2m > [22m[2mInvitations Story
[22m[39m[Mock Data] Unit.onUpdate() subscription added. Total: 1
[90mstdout[2m | src/components/PeerReview/PeerReviewInvitations.stories.tsx[2m > [22m[2mInvitations Story
[22m[39m[SectionContext] Section observeQuery update: 0
[90mstdout[2m | src/components/PeerReview/PeerReviewInvitations.stories.tsx[2m > [22m[2mInvitations Story
[22m[39m[FilesContext] File observeQuery update: 6 files
[90mstdout[2m | src/components/PeerReview/PeerReviewInvitations.stories.tsx[2m > [22m[2mInvitations Story
[22m[39m[ChatContext] AssistantChat initialized with 1 chats
[90mstdout[2m | src/components/PeerReview/PeerReviewInvitations.stories.tsx[2m > [22m[2mInvitations Story
[22m[39m[ChatContext] Setting initial chat: mock-assistant-chat-1
[90mstdout[2m | src/components/PeerReview/PeerReviewInvitations.stories.tsx[2m > [22m[2mInvitations Story
[22m[39m[MOCK CourseVectorStore] Initialized with mock data
[90mstdout[2m | src/components/PeerReview/PeerReviewInvitations.stories.tsx[2m > [22m[2mInvitations Story
[22m[39m[FilesContext] Vector store population triggered {
  "currentVectorStoreSize": 3,
  "documentsCount": 0,
  "filesCount": 6,
  "isInitialLoad": true,
}
[90mstdout[2m | src/components/PeerReview/PeerReviewInvitations.stories.tsx[2m > [22m[2mInvitations Story
[22m[39m[FilesContext] Vector store population complete - 3 total embeddings
[90mstdout[2m | src/components/PeerReview/PeerReviewInvitations.stories.tsx[2m > [22m[2mInvitations Story
[22m[39m[ChatContext] Chat exists and not archived, skipping creation
[90mstdout[2m | src/components/PeerReview/PeerReviewInvitations.stories.tsx[2m > [22m[2mInvitations Story
[22m[39m[Mock Storage] downloadData called with: undefined
[90mstdout[2m | src/components/PeerReview/PeerReviewInvitations.stories.tsx[2m > [22m[2mNo Invitations
[22m[39m[ChatContext] Cleaning up subscriptions
[90mstdout[2m | src/components/PeerReview/PeerReviewInvitations.stories.tsx[2m > [22m[2mNo Invitations
[22m[39m[Mock Data] Unit.onUpdate() subscription removed. Remaining: 0
[90mstdout[2m | src/components/PeerReview/PeerReviewInvitations.stories.tsx[2m > [22m[2mNo Invitations
[22m[39m[MOCK CourseVectorStore] Initialized with mock data
[90mstdout[2m | src/components/PeerReview/PeerReviewInvitations.stories.tsx[2m > [22m[2mNo Invitations
[22m[39m[TranslationModeController] Setting mode to: off
[90mstdout[2m | src/components/PeerReview/PeerReviewInvitations.stories.tsx[2m > [22m[2mNo Invitations
[22m[39m[UnitContext] useEffect triggered {
  "authLoading": false,
  "hasUser": true,
  "id": "mock-unit-id",
  "userSub": "mock-user-sub",
}
[90mstdout[2m | src/components/PeerReview/PeerReviewInvitations.stories.tsx[2m > [22m[2mNo Invitations
[22m[39m[UnitContext] Fetching unit data for id: mock-unit-id
[90mstdout[2m | src/components/PeerReview/PeerReviewInvitations.stories.tsx[2m > [22m[2mNo Invitations
[22m[39m[FilesContext] Initializing vector store from IndexedDB
[90mstdout[2m | src/components/PeerReview/PeerReviewInvitations.stories.tsx[2m > [22m[2mNo Invitations
[22m[39m[FilesContext] fetchFiles called
[90mstdout[2m | src/components/PeerReview/PeerReviewInvitations.stories.tsx[2m > [22m[2mNo Invitations
[22m[39m[FilesContext] User authenticated: mock-user-sub
[90mstdout[2m | src/components/PeerReview/PeerReviewInvitations.stories.tsx[2m > [22m[2mNo Invitations
[22m[39m[FilesContext] Identity ID: us-east-1:mock-identity-123
[90mstdout[2m | src/components/PeerReview/PeerReviewInvitations.stories.tsx[2m > [22m[2mNo Invitations
[22m[39m[FilesContext] About to set up File observeQuery
[90mstdout[2m | src/components/PeerReview/PeerReviewInvitations.stories.tsx[2m > [22m[2mNo Invitations
[22m[39m[ChatContext] Setting up AssistantChat observeQuery
[90mstdout[2m | src/components/PeerReview/PeerReviewInvitations.stories.tsx[2m > [22m[2mNo Invitations
[22m[39m[ChatContext] Waiting for subscription to initialize
[90mstdout[2m | src/components/PeerReview/PeerReviewInvitations.stories.tsx[2m > [22m[2mNo Invitations
[22m[39m[SettingsContext] Setting up Settings subscription for user: mock-user-sub
[90mstdout[2m | src/components/PeerReview/PeerReviewInvitations.stories.tsx[2m > [22m[2mNo Invitations
[22m[39m[Mock Data] Settings created: mock-settings-1790419007860 - notified 0 subscribers
[90mstdout[2m | src/components/PeerReview/PeerReviewInvitations.stories.tsx[2m > [22m[2mNo Invitations
[22m[39m[Mock Data] Unit.onUpdate() subscription added. Total: 1
[90mstdout[2m | src/components/PeerReview/PeerReviewInvitations.stories.tsx[2m > [22m[2mNo Invitations
[22m[39m[SectionContext] Section observeQuery update: 0
[90mstdout[2m | src/components/PeerReview/PeerReviewInvitations.stories.tsx[2m > [22m[2mNo Invitations
[22m[39m[FilesContext] File observeQuery update: 6 files
[90mstdout[2m | src/components/PeerReview/PeerReviewInvitations.stories.tsx[2m > [22m[2mNo Invitations
[22m[39m[ChatContext] AssistantChat initialized with 1 chats
[90mstdout[2m | src/components/PeerReview/PeerReviewInvitations.stories.tsx[2m > [22m[2mNo Invitations
[22m[39m[ChatContext] Setting initial chat: mock-assistant-chat-1
[90mstdout[2m | src/components/PeerReview/PeerReviewInvitations.stories.tsx[2m > [22m[2mNo Invitations
[22m[39m[Mock Storage] downloadData called with: undefined
[90mstdout[2m | src/components/PeerReview/PeerReviewInvitations.stories.tsx[2m > [22m[2mNo Invitations
[22m[39m[MOCK CourseVectorStore] Initialized with mock data
[90mstdout[2m | src/components/PeerReview/PeerReviewInvitations.stories.tsx[2m > [22m[2mNo Invitations
[22m[39m[FilesContext] Vector store population triggered {
  "currentVectorStoreSize": 3,
  "documentsCount": 0,
  "filesCount": 6,
  "isInitialLoad": true,
}
[90mstdout[2m | src/components/PeerReview/PeerReviewInvitations.stories.tsx[2m > [22m[2mNo Invitations
[22m[39m[FilesContext] Vector store population complete - 3 total embeddings
[90mstdout[2m | src/components/PeerReview/PeerReviewInvitations.stories.tsx[2m > [22m[2mNo Invitations
[22m[39m[ChatContext] Chat exists and not archived, skipping creation
 [32m✓[39m [30m[45m storybook (chromium) [49m[39m src/components/PeerReview/PeerReviewInvitations.stories.tsx [2m([22m[2m2 tests[22m[2m)[22m[32m 256[2mms[22m[39m
[90mstdout[2m | unknown test
[22m[39m[MOCK vectorStoreDB.js] Module loaded - mock IndexedDB operations
[90mstdout[2m | unknown test
[22m[39m[Task Completion] DOM action listeners initialized
[90mstdout[2m | unknown test
[22m[39m[Task Completion] Auto-completion detector initialized
[90mstdout[2m | unknown test
[22m[39m[Preview] Task completion detector initialized
[90mstdout[2m | src/components/GlobalChatButton.stories.jsx[2m > [22m[2mDefault
[22m[39m[MOCK CourseVectorStore] Initialized with mock data
[90mstdout[2m | src/components/GlobalChatButton.stories.jsx[2m > [22m[2mDefault
[22m[39m[TranslationModeController] Setting mode to: off
[90mstdout[2m | src/components/GlobalChatButton.stories.jsx[2m > [22m[2mDefault
[22m[39m[UnitContext] useEffect triggered {
  "authLoading": false,
  "hasUser": true,
  "id": "mock-unit-id",
  "userSub": "mock-user-sub",
}
[90mstdout[2m | src/components/GlobalChatButton.stories.jsx[2m > [22m[2mDefault
[22m[39m[UnitContext] Fetching unit data for id: mock-unit-id
[90mstdout[2m | src/components/GlobalChatButton.stories.jsx[2m > [22m[2mDefault
[22m[39m[FilesContext] Initializing vector store from IndexedDB
[90mstdout[2m | src/components/GlobalChatButton.stories.jsx[2m > [22m[2mDefault
[22m[39m[FilesContext] fetchFiles called
[90mstdout[2m | src/components/GlobalChatButton.stories.jsx[2m > [22m[2mDefault
[22m[39m[FilesContext] User authenticated: mock-user-sub
[90mstdout[2m | src/components/GlobalChatButton.stories.jsx[2m > [22m[2mDefault
[22m[39m[FilesContext] Identity ID: us-east-1:mock-identity-123
[90mstdout[2m | src/components/GlobalChatButton.stories.jsx[2m > [22m[2mDefault
[22m[39m[FilesContext] About to set up File observeQuery
[90mstdout[2m | src/components/GlobalChatButton.stories.jsx[2m > [22m[2mDefault
[22m[39m[ChatContext] Setting up AssistantChat observeQuery
[90mstdout[2m | src/components/GlobalChatButton.stories.jsx[2m > [22m[2mDefault
[22m[39m[ChatContext] Waiting for subscription to initialize
[90mstdout[2m | src/components/GlobalChatButton.stories.jsx[2m > [22m[2mDefault
[22m[39m[SettingsContext] Setting up Settings subscription for user: mock-user-sub
[90mstdout[2m | src/components/GlobalChatButton.stories.jsx[2m > [22m[2mDefault
[22m[39m[Mock Data] Settings created: mock-settings-1790419008372 - notified 0 subscribers
[90mstdout[2m | src/components/GlobalChatButton.stories.jsx[2m > [22m[2mDefault
[22m[39m[Mock Data] Unit.onUpdate() subscription added. Total: 1
[90mstdout[2m | src/components/GlobalChatButton.stories.jsx[2m > [22m[2mDefault
[22m[39m[SectionContext] Section observeQuery update: 0
[90mstdout[2m | src/components/GlobalChatButton.stories.jsx[2m > [22m[2mDefault
[22m[39m[FilesContext] File observeQuery update: 6 files
[90mstdout[2m | src/components/GlobalChatButton.stories.jsx[2m > [22m[2mDefault
[22m[39m[ChatContext] AssistantChat initialized with 1 chats
[90mstdout[2m | src/components/GlobalChatButton.stories.jsx[2m > [22m[2mDefault
[22m[39m[ChatContext] Setting initial chat: mock-assistant-chat-1
[90mstdout[2m | src/components/GlobalChatButton.stories.jsx[2m > [22m[2mDefault
[22m[39m[MOCK CourseVectorStore] Initialized with mock data
[90mstdout[2m | src/components/GlobalChatButton.stories.jsx[2m > [22m[2mDefault
[22m[39m[FilesContext] Vector store population triggered {
  "currentVectorStoreSize": 3,
  "documentsCount": 0,
  "filesCount": 6,
  "isInitialLoad": true,
}
[90mstdout[2m | src/components/GlobalChatButton.stories.jsx[2m > [22m[2mDefault
[22m[39m[FilesContext] Vector store population complete - 3 total embeddings
[90mstdout[2m | src/components/GlobalChatButton.stories.jsx[2m > [22m[2mDefault
[22m[39m[ChatContext] Chat exists and not archived, skipping creation
[90mstdout[2m | src/components/GlobalChatButton.stories.jsx[2m > [22m[2mDefault
[22m[39m[Mock Storage] downloadData called with: undefined
[90mstdout[2m | src/components/GlobalChatButton.stories.jsx[2m > [22m[2mWith Unread Badge
[22m[39m[ChatContext] Cleaning up subscriptions
[90mstdout[2m | src/components/GlobalChatButton.stories.jsx[2m > [22m[2mWith Unread Badge
[22m[39m[Mock Data] Unit.onUpdate() subscription removed. Remaining: 0
[90mstdout[2m | src/components/GlobalChatButton.stories.jsx[2m > [22m[2mWith Unread Badge
[22m[39m[MOCK CourseVectorStore] Initialized with mock data
[90mstdout[2m | src/components/GlobalChatButton.stories.jsx[2m > [22m[2mWith Unread Badge
[22m[39m[TranslationModeController] Setting mode to: off
[90mstdout[2m | src/components/GlobalChatButton.stories.jsx[2m > [22m[2mWith Unread Badge
[22m[39m[UnitContext] useEffect triggered {
  "authLoading": false,
  "hasUser": true,
  "id": "mock-unit-id",
  "userSub": "mock-user-sub",
}
[90mstdout[2m | src/components/GlobalChatButton.stories.jsx[2m > [22m[2mWith Unread Badge
[22m[39m[UnitContext] Fetching unit data for id: mock-unit-id
[90mstdout[2m | src/components/GlobalChatButton.stories.jsx[2m > [22m[2mWith Unread Badge
[22m[39m[FilesContext] Initializing vector store from IndexedDB
[90mstdout[2m | src/components/GlobalChatButton.stories.jsx[2m > [22m[2mWith Unread Badge
[22m[39m[FilesContext] fetchFiles called
[90mstdout[2m | src/components/GlobalChatButton.stories.jsx[2m > [22m[2mWith Unread Badge
[22m[39m[FilesContext] User authenticated: mock-user-sub
[90mstdout[2m | src/components/GlobalChatButton.stories.jsx[2m > [22m[2mWith Unread Badge
[22m[39m[FilesContext] Identity ID: us-east-1:mock-identity-123
[90mstdout[2m | src/components/GlobalChatButton.stories.jsx[2m > [22m[2mWith Unread Badge
[22m[39m[FilesContext] About to set up File observeQuery
[90mstdout[2m | src/components/GlobalChatButton.stories.jsx[2m > [22m[2mWith Unread Badge
[22m[39m[ChatContext] Setting up AssistantChat observeQuery
[90mstdout[2m | src/components/GlobalChatButton.stories.jsx[2m > [22m[2mWith Unread Badge
[22m[39m[ChatContext] Waiting for subscription to initialize
[90mstdout[2m | src/components/GlobalChatButton.stories.jsx[2m > [22m[2mWith Unread Badge
[22m[39m[SettingsContext] Setting up Settings subscription for user: mock-user-sub
[90mstdout[2m | src/components/GlobalChatButton.stories.jsx[2m > [22m[2mWith Unread Badge
[22m[39m[Mock Data] Settings created: mock-settings-1790419008511 - notified 0 subscribers
[90mstdout[2m | src/components/GlobalChatButton.stories.jsx[2m > [22m[2mWith Unread Badge
[22m[39m[Mock Data] Unit.onUpdate() subscription added. Total: 1
[90mstdout[2m | src/components/GlobalChatButton.stories.jsx[2m > [22m[2mWith Unread Badge
[22m[39m[SectionContext] Section observeQuery update: 0
[90mstdout[2m | src/components/GlobalChatButton.stories.jsx[2m > [22m[2mWith Unread Badge
[22m[39m[FilesContext] File observeQuery update: 6 files
[90mstdout[2m | src/components/GlobalChatButton.stories.jsx[2m > [22m[2mWith Unread Badge
[22m[39m[ChatContext] AssistantChat initialized with 1 chats
[90mstdout[2m | src/components/GlobalChatButton.stories.jsx[2m > [22m[2mWith Unread Badge
[22m[39m[ChatContext] Setting initial chat: mock-assistant-chat-1
[90mstdout[2m | src/components/GlobalChatButton.stories.jsx[2m > [22m[2mWith Unread Badge
[22m[39m[MOCK CourseVectorStore] Initialized with mock data
[90mstdout[2m | src/components/GlobalChatButton.stories.jsx[2m > [22m[2mWith Unread Badge
[22m[39m[FilesContext] Vector store population triggered {
  "currentVectorStoreSize": 3,
  "documentsCount": 0,
  "filesCount": 6,
  "isInitialLoad": true,
}
[90mstdout[2m | src/components/GlobalChatButton.stories.jsx[2m > [22m[2mWith Unread Badge
[22m[39m[FilesContext] Vector store population complete - 3 total embeddings
[90mstdout[2m | src/components/GlobalChatButton.stories.jsx[2m > [22m[2mWith Unread Badge
[22m[39m[ChatContext] Chat exists and not archived, skipping creation
[90mstdout[2m | src/components/GlobalChatButton.stories.jsx[2m > [22m[2mWith Unread Badge
[22m[39m[Mock Storage] downloadData called with: undefined
[90mstdout[2m | src/components/GlobalChatButton.stories.jsx[2m > [22m[2mMany Unread
[22m[39m[ChatContext] Cleaning up subscriptions
[90mstdout[2m | src/components/GlobalChatButton.stories.jsx[2m > [22m[2mMany Unread
[22m[39m[Mock Data] Unit.onUpdate() subscription removed. Remaining: 0
[90mstdout[2m | src/components/GlobalChatButton.stories.jsx[2m > [22m[2mMany Unread
[22m[39m[MOCK CourseVectorStore] Initialized with mock data
[90mstdout[2m | src/components/GlobalChatButton.stories.jsx[2m > [22m[2mMany Unread
[22m[39m[TranslationModeController] Setting mode to: off
[90mstdout[2m | src/components/GlobalChatButton.stories.jsx[2m > [22m[2mMany Unread
[22m[39m[UnitContext] useEffect triggered {
  "authLoading": false,
  "hasUser": true,
  "id": "mock-unit-id",
  "userSub": "mock-user-sub",
}
[90mstdout[2m | src/components/GlobalChatButton.stories.jsx[2m > [22m[2mMany Unread
[22m[39m[UnitContext] Fetching unit data for id: mock-unit-id
[90mstdout[2m | src/components/GlobalChatButton.stories.jsx[2m > [22m[2mMany Unread
[22m[39m[FilesContext] Initializing vector store from IndexedDB
[90mstdout[2m | src/components/GlobalChatButton.stories.jsx[2m > [22m[2mMany Unread
[22m[39m[FilesContext] fetchFiles called
[90mstdout[2m | src/components/GlobalChatButton.stories.jsx[2m > [22m[2mMany Unread
[22m[39m[FilesContext] User authenticated: mock-user-sub
[90mstdout[2m | src/components/GlobalChatButton.stories.jsx[2m > [22m[2mMany Unread
[22m[39m[FilesContext] Identity ID: us-east-1:mock-identity-123
[90mstdout[2m | src/components/GlobalChatButton.stories.jsx[2m > [22m[2mMany Unread
[22m[39m[FilesContext] About to set up File observeQuery
[90mstdout[2m | src/components/GlobalChatButton.stories.jsx[2m > [22m[2mMany Unread
[22m[39m[ChatContext] Setting up AssistantChat observeQuery
[90mstdout[2m | src/components/GlobalChatButton.stories.jsx[2m > [22m[2mMany Unread
[22m[39m[ChatContext] Waiting for subscription to initialize
[90mstdout[2m | src/components/GlobalChatButton.stories.jsx[2m > [22m[2mMany Unread
[22m[39m[SettingsContext] Setting up Settings subscription for user: mock-user-sub
[90mstdout[2m | src/components/GlobalChatButton.stories.jsx[2m > [22m[2mMany Unread
[22m[39m[Mock Data] Settings created: mock-settings-1790419008669 - notified 0 subscribers
[90mstdout[2m | src/components/GlobalChatButton.stories.jsx[2m > [22m[2mMany Unread
[22m[39m[Mock Data] Unit.onUpdate() subscription added. Total: 1
[90mstdout[2m | src/components/GlobalChatButton.stories.jsx[2m > [22m[2mMany Unread
[22m[39m[SectionContext] Section observeQuery update: 0
[90mstdout[2m | src/components/GlobalChatButton.stories.jsx[2m > [22m[2mMany Unread
[22m[39m[FilesContext] File observeQuery update: 6 files
[90mstdout[2m | src/components/GlobalChatButton.stories.jsx[2m > [22m[2mMany Unread
[22m[39m[ChatContext] AssistantChat initialized with 1 chats
[90mstdout[2m | src/components/GlobalChatButton.stories.jsx[2m > [22m[2mMany Unread
[22m[39m[ChatContext] Setting initial chat: mock-assistant-chat-1
[90mstdout[2m | src/components/GlobalChatButton.stories.jsx[2m > [22m[2mMany Unread
[22m[39m[MOCK CourseVectorStore] Initialized with mock data
[90mstdout[2m | src/components/GlobalChatButton.stories.jsx[2m > [22m[2mMany Unread
[22m[39m[FilesContext] Vector store population triggered {
  "currentVectorStoreSize": 3,
  "documentsCount": 0,
  "filesCount": 6,
  "isInitialLoad": true,
}
[90mstdout[2m | src/components/GlobalChatButton.stories.jsx[2m > [22m[2mMany Unread
[22m[39m[FilesContext] Vector store population complete - 3 total embeddings
[90mstdout[2m | src/components/GlobalChatButton.stories.jsx[2m > [22m[2mMany Unread
[22m[39m[ChatContext] Chat exists and not archived, skipping creation
[90mstdout[2m | src/components/GlobalChatButton.stories.jsx[2m > [22m[2mMany Unread
[22m[39m[Mock Storage] downloadData called with: undefined
[90mstdout[2m | src/components/GlobalChatButton.stories.jsx[2m > [22m[2mHidden
[22m[39m[ChatContext] Cleaning up subscriptions
[90mstdout[2m | src/components/GlobalChatButton.stories.jsx[2m > [22m[2mHidden
[22m[39m[Mock Data] Unit.onUpdate() subscription removed. Remaining: 0
[90mstdout[2m | src/components/GlobalChatButton.stories.jsx[2m > [22m[2mHidden
[22m[39m[MOCK CourseVectorStore] Initialized with mock data
[90mstdout[2m | src/components/GlobalChatButton.stories.jsx[2m > [22m[2mHidden
[22m[39m[TranslationModeController] Setting mode to: off
[90mstdout[2m | src/components/GlobalChatButton.stories.jsx[2m > [22m[2mHidden
[22m[39m[UnitContext] useEffect triggered {
  "authLoading": false,
  "hasUser": true,
  "id": "mock-unit-id",
  "userSub": "mock-user-sub",
}
[90mstdout[2m | src/components/GlobalChatButton.stories.jsx[2m > [22m[2mHidden
[22m[39m[UnitContext] Fetching unit data for id: mock-unit-id
[90mstdout[2m | src/components/GlobalChatButton.stories.jsx[2m > [22m[2mHidden
[22m[39m[FilesContext] Initializing vector store from IndexedDB
[90mstdout[2m | src/components/GlobalChatButton.stories.jsx[2m > [22m[2mHidden
[22m[39m[FilesContext] fetchFiles called
[90mstdout[2m | src/components/GlobalChatButton.stories.jsx[2m > [22m[2mHidden
[22m[39m[FilesContext] User authenticated: mock-user-sub
[90mstdout[2m | src/components/GlobalChatButton.stories.jsx[2m > [22m[2mHidden
[22m[39m[FilesContext] Identity ID: us-east-1:mock-identity-123
[90mstdout[2m | src/components/GlobalChatButton.stories.jsx[2m > [22m[2mHidden
[22m[39m[FilesContext] About to set up File observeQuery
[90mstdout[2m | src/components/GlobalChatButton.stories.jsx[2m > [22m[2mHidden
[22m[39m[ChatContext] Setting up AssistantChat observeQuery
[90mstdout[2m | src/components/GlobalChatButton.stories.jsx[2m > [22m[2mHidden
[22m[39m[ChatContext] Waiting for subscription to initialize
[90mstdout[2m | src/components/GlobalChatButton.stories.jsx[2m > [22m[2mHidden
[22m[39m[SettingsContext] Setting up Settings subscription for user: mock-user-sub
[90mstdout[2m | src/components/GlobalChatButton.stories.jsx[2m > [22m[2mHidden
[22m[39m[Mock Data] Settings created: mock-settings-1790419008822 - notified 0 subscribers
[90mstdout[2m | src/components/GlobalChatButton.stories.jsx[2m > [22m[2mHidden
[22m[39m[Mock Data] Unit.onUpdate() subscription added. Total: 1
[90mstdout[2m | src/components/GlobalChatButton.stories.jsx[2m > [22m[2mHidden
[22m[39m[SectionContext] Section observeQuery update: 0
[90mstdout[2m | src/components/GlobalChatButton.stories.jsx[2m > [22m[2mHidden
[22m[39m[FilesContext] File observeQuery update: 6 files
[90mstdout[2m | src/components/GlobalChatButton.stories.jsx[2m > [22m[2mHidden
[22m[39m[Mock Storage] downloadData called with: undefined
[90mstdout[2m | src/components/GlobalChatButton.stories.jsx[2m > [22m[2mHidden
[22m[39m[ChatContext] AssistantChat initialized with 1 chats
[90mstdout[2m | src/components/GlobalChatButton.stories.jsx[2m > [22m[2mHidden
[22m[39m[ChatContext] Setting initial chat: mock-assistant-chat-1
[90mstdout[2m | src/components/GlobalChatButton.stories.jsx[2m > [22m[2mHidden
[22m[39m[MOCK CourseVectorStore] Initialized with mock data
[90mstdout[2m | src/components/GlobalChatButton.stories.jsx[2m > [22m[2mHidden
[22m[39m[FilesContext] Vector store population triggered {
  "currentVectorStoreSize": 3,
  "documentsCount": 0,
  "filesCount": 6,
  "isInitialLoad": true,
}
[90mstdout[2m | src/components/GlobalChatButton.stories.jsx[2m > [22m[2mHidden
[22m[39m[FilesContext] Vector store population complete - 3 total embeddings
[90mstdout[2m | src/components/GlobalChatButton.stories.jsx[2m > [22m[2mHidden
[22m[39m[ChatContext] Chat exists and not archived, skipping creation
 [32m✓[39m [30m[45m storybook (chromium) [49m[39m src/components/GlobalChatButton.stories.jsx [2m([22m[2m4 tests[22m[2m)[22m[33m 553[2mms[22m[39m
[90mstdout[2m | unknown test
[22m[39m[MOCK vectorStoreDB.js] Module loaded - mock IndexedDB operations
[90mstdout[2m | unknown test
[22m[39m[Task Completion] DOM action listeners initialized
[90mstdout[2m | unknown test
[22m[39m[Task Completion] Auto-completion detector initialized
[90mstdout[2m | unknown test
[22m[39m[Preview] Task completion detector initialized
[90mstdout[2m | src/components/Section/BulkDueDateDialog.stories.jsx[2m > [22m[2mDefault
[22m[39m[MOCK CourseVectorStore] Initialized with mock data
[90mstdout[2m | src/components/Section/BulkDueDateDialog.stories.jsx[2m > [22m[2mDefault
[22m[39m[Mock Data] seedMockAssignments: Adding 3 assignments
[90mstdout[2m | src/components/Section/BulkDueDateDialog.stories.jsx[2m > [22m[2mDefault
[22m[39m[Mock Data] Total assignments in store: 3
[90mstdout[2m | src/components/Section/BulkDueDateDialog.stories.jsx[2m > [22m[2mDefault
[22m[39m[TranslationModeController] Setting mode to: off
[90mstdout[2m | src/components/Section/BulkDueDateDialog.stories.jsx[2m > [22m[2mDefault
[22m[39m[UnitContext] useEffect triggered {
  "authLoading": false,
  "hasUser": true,
  "id": "mock-unit-id",
  "userSub": "mock-user-sub",
}
[90mstdout[2m | src/components/Section/BulkDueDateDialog.stories.jsx[2m > [22m[2mDefault
[22m[39m[UnitContext] Fetching unit data for id: mock-unit-id
[90mstdout[2m | src/components/Section/BulkDueDateDialog.stories.jsx[2m > [22m[2mDefault
[22m[39m[FilesContext] Initializing vector store from IndexedDB
[90mstdout[2m | src/components/Section/BulkDueDateDialog.stories.jsx[2m > [22m[2mDefault
[22m[39m[FilesContext] fetchFiles called
[90mstdout[2m | src/components/Section/BulkDueDateDialog.stories.jsx[2m > [22m[2mDefault
[22m[39m[FilesContext] User authenticated: mock-user-sub
[90mstdout[2m | src/components/Section/BulkDueDateDialog.stories.jsx[2m > [22m[2mDefault
[22m[39m[FilesContext] Identity ID: us-east-1:mock-identity-123
[90mstdout[2m | src/components/Section/BulkDueDateDialog.stories.jsx[2m > [22m[2mDefault
[22m[39m[FilesContext] About to set up File observeQuery
[90mstdout[2m | src/components/Section/BulkDueDateDialog.stories.jsx[2m > [22m[2mDefault
[22m[39m[ChatContext] Setting up AssistantChat observeQuery
[90mstdout[2m | src/components/Section/BulkDueDateDialog.stories.jsx[2m > [22m[2mDefault
[22m[39m[ChatContext] Waiting for subscription to initialize
[90mstdout[2m | src/components/Section/BulkDueDateDialog.stories.jsx[2m > [22m[2mDefault
[22m[39m[SettingsContext] Setting up Settings subscription for user: mock-user-sub
[90mstdout[2m | src/components/Section/BulkDueDateDialog.stories.jsx[2m > [22m[2mDefault
[22m[39m[Mock Data] Settings created: mock-settings-1790419009396 - notified 0 subscribers
[90mstdout[2m | src/components/Section/BulkDueDateDialog.stories.jsx[2m > [22m[2mDefault
[22m[39m[Mock Data] Unit.onUpdate() subscription added. Total: 1
[90mstdout[2m | src/components/Section/BulkDueDateDialog.stories.jsx[2m > [22m[2mDefault
[22m[39m[SectionContext] Section observeQuery update: 0
[90mstdout[2m | src/components/Section/BulkDueDateDialog.stories.jsx[2m > [22m[2mDefault
[22m[39m[FilesContext] File observeQuery update: 0 files
[90mstdout[2m | src/components/Section/BulkDueDateDialog.stories.jsx[2m > [22m[2mDefault
[22m[39m[ChatContext] AssistantChat initialized with 0 chats
[90mstdout[2m | src/components/Section/BulkDueDateDialog.stories.jsx[2m > [22m[2mDefault
[22m[39m[MOCK CourseVectorStore] Initialized with mock data
[90mstdout[2m | src/components/Section/BulkDueDateDialog.stories.jsx[2m > [22m[2mDefault
[22m[39m[ChatContext] No current chat available, will create one
[90mstdout[2m | src/components/Section/BulkDueDateDialog.stories.jsx[2m > [22m[2mDefault
[22m[39m[ChatContext] Creating AssistantChat with user: undefined
[90mstdout[2m | src/components/Section/BulkDueDateDialog.stories.jsx[2m > [22m[2mDefault
[22m[39m[Mock Data] AssistantChat created: mock-assistantchat-1790419009413 - notified 1 subscribers
[90mstdout[2m | src/components/Section/BulkDueDateDialog.stories.jsx[2m > [22m[2mDefault
[22m[39m[ChatContext] Create result: {
  "data": {
    "_version": 1,
    "archived": false,
    "chatFiles": [Function anonymous],
    "createdAt": "2026-09-26T10:36:49.413Z",
    "id": "mock-assistantchat-1790419009413",
    "model": "gpt-4",
    "updatedAt": "2026-09-26T10:36:49.413Z",
  },
  "errors": [],
  "hasData": true,
  "hasErrors": true,
}
[90mstdout[2m | src/components/Section/BulkDueDateDialog.stories.jsx[2m > [22m[2mDefault
[22m[39m[ChatContext] Created AssistantChat: mock-assistantchat-1790419009413 at: 2026-09-26T10:36:49.413Z
[90mstdout[2m | src/components/Section/BulkDueDateDialog.stories.jsx[2m > [22m[2mDefault
[22m[39m[Mock Storage] downloadData called with: undefined
[90mstdout[2m | src/components/Section/BulkDueDateDialog.stories.jsx[2m > [22m[2mDefault
[22m[39m[ChatContext] Setting initial chat: mock-assistantchat-1790419009413
[90mstdout[2m | src/components/Section/BulkDueDateDialog.stories.jsx[2m > [22m[2mDefault
[22m[39m[ChatContext] Chat exists and not archived, skipping creation
[90mstdout[2m | src/components/Section/BulkDueDateDialog.stories.jsx[2m > [22m[2mDefault
[22m[39mfilterWords {
  "filter": "",
  "wordsCount": 0,
}
[90mstdout[2m | src/components/Section/BulkDueDateDialog.stories.jsx[2m > [22m[2mNo Assignments
[22m[39m[ChatContext] Cleaning up subscriptions
[90mstdout[2m | src/components/Section/BulkDueDateDialog.stories.jsx[2m > [22m[2mNo Assignments
[22m[39m[Mock Data] Unit.onUpdate() subscription removed. Remaining: 0
[90mstdout[2m | src/components/Section/BulkDueDateDialog.stories.jsx[2m > [22m[2mNo Assignments
[22m[39m[MOCK CourseVectorStore] Initialized with mock data
[90mstdout[2m | src/components/Section/BulkDueDateDialog.stories.jsx[2m > [22m[2mNo Assignments
[22m[39m[Mock Data] seedMockAssignments: Adding 3 assignments
[90mstdout[2m | src/components/Section/BulkDueDateDialog.stories.jsx[2m > [22m[2mNo Assignments
[22m[39m[Mock Data] Total assignments in store: 3
[90mstdout[2m | src/components/Section/BulkDueDateDialog.stories.jsx[2m > [22m[2mNo Assignments
[22m[39m[TranslationModeController] Setting mode to: off
[90mstdout[2m | src/components/Section/BulkDueDateDialog.stories.jsx[2m > [22m[2mNo Assignments
[22m[39m[UnitContext] useEffect triggered {
  "authLoading": false,
  "hasUser": true,
  "id": "mock-unit-id",
  "userSub": "mock-user-sub",
}
[90mstdout[2m | src/components/Section/BulkDueDateDialog.stories.jsx[2m > [22m[2mNo Assignments
[22m[39m[UnitContext] Fetching unit data for id: mock-unit-id
[90mstdout[2m | src/components/Section/BulkDueDateDialog.stories.jsx[2m > [22m[2mNo Assignments
[22m[39m[FilesContext] Initializing vector store from IndexedDB
[90mstdout[2m | src/components/Section/BulkDueDateDialog.stories.jsx[2m > [22m[2mNo Assignments
[22m[39m[FilesContext] fetchFiles called
[90mstdout[2m | src/components/Section/BulkDueDateDialog.stories.jsx[2m > [22m[2mNo Assignments
[22m[39m[FilesContext] User authenticated: mock-user-sub
[90mstdout[2m | src/components/Section/BulkDueDateDialog.stories.jsx[2m > [22m[2mNo Assignments
[22m[39m[FilesContext] Identity ID: us-east-1:mock-identity-123
[90mstdout[2m | src/components/Section/BulkDueDateDialog.stories.jsx[2m > [22m[2mNo Assignments
[22m[39m[FilesContext] About to set up File observeQuery
[90mstdout[2m | src/components/Section/BulkDueDateDialog.stories.jsx[2m > [22m[2mNo Assignments
[22m[39m[ChatContext] Setting up AssistantChat observeQuery
[90mstdout[2m | src/components/Section/BulkDueDateDialog.stories.jsx[2m > [22m[2mNo Assignments
[22m[39m[ChatContext] Waiting for subscription to initialize
[90mstdout[2m | src/components/Section/BulkDueDateDialog.stories.jsx[2m > [22m[2mNo Assignments
[22m[39m[SettingsContext] Setting up Settings subscription for user: mock-user-sub
[90mstdout[2m | src/components/Section/BulkDueDateDialog.stories.jsx[2m > [22m[2mNo Assignments
[22m[39m[Mock Data] Settings created: mock-settings-1790419009621 - notified 0 subscribers
[90mstdout[2m | src/components/Section/BulkDueDateDialog.stories.jsx[2m > [22m[2mNo Assignments
[22m[39m[Mock Data] Unit.onUpdate() subscription added. Total: 1
[90mstdout[2m | src/components/Section/BulkDueDateDialog.stories.jsx[2m > [22m[2mNo Assignments
[22m[39m[SectionContext] Section observeQuery update: 0
[90mstdout[2m | src/components/Section/BulkDueDateDialog.stories.jsx[2m > [22m[2mNo Assignments
[22m[39m[FilesContext] File observeQuery update: 0 files
[90mstdout[2m | src/components/Section/BulkDueDateDialog.stories.jsx[2m > [22m[2mNo Assignments
[22m[39m[ChatContext] AssistantChat initialized with 0 chats
[90mstdout[2m | src/components/Section/BulkDueDateDialog.stories.jsx[2m > [22m[2mNo Assignments
[22m[39m[MOCK CourseVectorStore] Initialized with mock data
[90mstdout[2m | src/components/Section/BulkDueDateDialog.stories.jsx[2m > [22m[2mNo Assignments
[22m[39m[ChatContext] No current chat available, will create one
[90mstdout[2m | src/components/Section/BulkDueDateDialog.stories.jsx[2m > [22m[2mNo Assignments
[22m[39m[ChatContext] Creating AssistantChat with user: undefined
[90mstdout[2m | src/components/Section/BulkDueDateDialog.stories.jsx[2m > [22m[2mNo Assignments
[22m[39m[Mock Data] AssistantChat created: mock-assistantchat-1790419009636 - notified 1 subscribers
[90mstdout[2m | src/components/Section/BulkDueDateDialog.stories.jsx[2m > [22m[2mNo Assignments
[22m[39m[ChatContext] Create result: {
  "data": {
    "_version": 1,
    "archived": false,
    "chatFiles": [Function anonymous],
    "createdAt": "2026-09-26T10:36:49.636Z",
    "id": "mock-assistantchat-1790419009636",
    "model": "gpt-4",
    "updatedAt": "2026-09-26T10:36:49.636Z",
  },
  "errors": [],
  "hasData": true,
  "hasErrors": true,
}
[90mstdout[2m | src/components/Section/BulkDueDateDialog.stories.jsx[2m > [22m[2mNo Assignments
[22m[39m[ChatContext] Created AssistantChat: mock-assistantchat-1790419009636 at: 2026-09-26T10:36:49.636Z
[90mstdout[2m | src/components/Section/BulkDueDateDialog.stories.jsx[2m > [22m[2mNo Assignments
[22m[39m[Mock Storage] downloadData called with: undefined
[90mstdout[2m | src/components/Section/BulkDueDateDialog.stories.jsx[2m > [22m[2mNo Assignments
[22m[39m[ChatContext] Setting initial chat: mock-assistantchat-1790419009636
[90mstdout[2m | src/components/Section/BulkDueDateDialog.stories.jsx[2m > [22m[2mNo Assignments
[22m[39m[ChatContext] Chat exists and not archived, skipping creation
 [32m✓[39m [30m[45m storybook (chromium) [49m[39m src/components/Section/BulkDueDateDialog.stories.jsx [2m([22m[2m2 tests[22m[2m)[22m[33m 452[2mms[22m[39m
[90mstdout[2m | unknown test
[22m[39m[MOCK vectorStoreDB.js] Module loaded - mock IndexedDB operations
[90mstdout[2m | unknown test
[22m[39m[Task Completion] DOM action listeners initialized
[90mstdout[2m | unknown test
[22m[39m[Task Completion] Auto-completion detector initialized
[90mstdout[2m | unknown test
[22m[39m[Preview] Task completion detector initialized
[90mstdout[2m | src/components/Workbook/CommentThreadDrawer.stories.tsx[2m > [22m[2mDrawer Open
[22m[39m[MOCK CourseVectorStore] Initialized with mock data
[90mstdout[2m | src/components/Workbook/CommentThreadDrawer.stories.tsx[2m > [22m[2mDrawer Open
[22m[39m[TranslationModeController] Setting mode to: off
[90mstdout[2m | src/components/Workbook/CommentThreadDrawer.stories.tsx[2m > [22m[2mDrawer Open
[22m[39m[UnitContext] useEffect triggered {
  "authLoading": false,
  "hasUser": true,
  "id": "mock-unit-id",
  "userSub": "mock-user-sub",
}
[90mstdout[2m | src/components/Workbook/CommentThreadDrawer.stories.tsx[2m > [22m[2mDrawer Open
[22m[39m[UnitContext] Fetching unit data for id: mock-unit-id
[90mstdout[2m | src/components/Workbook/CommentThreadDrawer.stories.tsx[2m > [22m[2mDrawer Open
[22m[39m[FilesContext] Initializing vector store from IndexedDB
[90mstdout[2m | src/components/Workbook/CommentThreadDrawer.stories.tsx[2m > [22m[2mDrawer Open
[22m[39m[FilesContext] fetchFiles called
[90mstdout[2m | src/components/Workbook/CommentThreadDrawer.stories.tsx[2m > [22m[2mDrawer Open
[22m[39m[FilesContext] User authenticated: mock-user-sub
[90mstdout[2m | src/components/Workbook/CommentThreadDrawer.stories.tsx[2m > [22m[2mDrawer Open
[22m[39m[FilesContext] Identity ID: us-east-1:mock-identity-123
[90mstdout[2m | src/components/Workbook/CommentThreadDrawer.stories.tsx[2m > [22m[2mDrawer Open
[22m[39m[FilesContext] About to set up File observeQuery
[90mstdout[2m | src/components/Workbook/CommentThreadDrawer.stories.tsx[2m > [22m[2mDrawer Open
[22m[39m[ChatContext] Setting up AssistantChat observeQuery
[90mstdout[2m | src/components/Workbook/CommentThreadDrawer.stories.tsx[2m > [22m[2mDrawer Open
[22m[39m[ChatContext] Waiting for subscription to initialize
[90mstdout[2m | src/components/Workbook/CommentThreadDrawer.stories.tsx[2m > [22m[2mDrawer Open
[22m[39m[SettingsContext] Setting up Settings subscription for user: mock-user-sub
[90mstdout[2m | src/components/Workbook/CommentThreadDrawer.stories.tsx[2m > [22m[2mDrawer Open
[22m[39m[Mock Data] Settings created: mock-settings-1790419010213 - notified 0 subscribers
[90mstdout[2m | src/components/Workbook/CommentThreadDrawer.stories.tsx[2m > [22m[2mDrawer Open
[22m[39m[Mock Data] Unit.onUpdate() subscription added. Total: 1
[90mstdout[2m | src/components/Workbook/CommentThreadDrawer.stories.tsx[2m > [22m[2mDrawer Open
[22m[39m[SectionContext] Section observeQuery update: 0
[90mstdout[2m | src/components/Workbook/CommentThreadDrawer.stories.tsx[2m > [22m[2mDrawer Open
[22m[39m[FilesContext] File observeQuery update: 6 files
[90mstdout[2m | src/components/Workbook/CommentThreadDrawer.stories.tsx[2m > [22m[2mDrawer Open
[22m[39m[ChatContext] AssistantChat initialized with 1 chats
[90mstdout[2m | src/components/Workbook/CommentThreadDrawer.stories.tsx[2m > [22m[2mDrawer Open
[22m[39m[ChatContext] Setting initial chat: mock-assistant-chat-1
[90mstdout[2m | src/components/Workbook/CommentThreadDrawer.stories.tsx[2m > [22m[2mDrawer Open
[22m[39m[MOCK CourseVectorStore] Initialized with mock data
[90mstdout[2m | src/components/Workbook/CommentThreadDrawer.stories.tsx[2m > [22m[2mDrawer Open
[22m[39m[FilesContext] Vector store population triggered {
  "currentVectorStoreSize": 3,
  "documentsCount": 0,
  "filesCount": 6,
  "isInitialLoad": true,
}
[90mstdout[2m | src/components/Workbook/CommentThreadDrawer.stories.tsx[2m > [22m[2mDrawer Open
[22m[39m[FilesContext] Vector store population complete - 3 total embeddings
[90mstdout[2m | src/components/Workbook/CommentThreadDrawer.stories.tsx[2m > [22m[2mDrawer Open
[22m[39m[ChatContext] Chat exists and not archived, skipping creation
[90mstdout[2m | src/components/Workbook/CommentThreadDrawer.stories.tsx[2m > [22m[2mDrawer Open
[22m[39m[Mock Storage] downloadData called with: undefined
[90mstdout[2m | src/components/Workbook/CommentThreadDrawer.stories.tsx[2m > [22m[2mDrawer Empty
[22m[39m[ChatContext] Cleaning up subscriptions
[90mstdout[2m | src/components/Workbook/CommentThreadDrawer.stories.tsx[2m > [22m[2mDrawer Empty
[22m[39m[Mock Data] Unit.onUpdate() subscription removed. Remaining: 0
[90mstdout[2m | src/components/Workbook/CommentThreadDrawer.stories.tsx[2m > [22m[2mDrawer Empty
[22m[39m[MOCK CourseVectorStore] Initialized with mock data
[90mstdout[2m | src/components/Workbook/CommentThreadDrawer.stories.tsx[2m > [22m[2mDrawer Empty
[22m[39m[TranslationModeController] Setting mode to: off
[90mstdout[2m | src/components/Workbook/CommentThreadDrawer.stories.tsx[2m > [22m[2mDrawer Empty
[22m[39m[UnitContext] useEffect triggered {
  "authLoading": false,
  "hasUser": true,
  "id": "mock-unit-id",
  "userSub": "mock-user-sub",
}
[90mstdout[2m | src/components/Workbook/CommentThreadDrawer.stories.tsx[2m > [22m[2mDrawer Empty
[22m[39m[UnitContext] Fetching unit data for id: mock-unit-id
[90mstdout[2m | src/components/Workbook/CommentThreadDrawer.stories.tsx[2m > [22m[2mDrawer Empty
[22m[39m[FilesContext] Initializing vector store from IndexedDB
[90mstdout[2m | src/components/Workbook/CommentThreadDrawer.stories.tsx[2m > [22m[2mDrawer Empty
[22m[39m[FilesContext] fetchFiles called
[90mstdout[2m | src/components/Workbook/CommentThreadDrawer.stories.tsx[2m > [22m[2mDrawer Empty
[22m[39m[FilesContext] User authenticated: mock-user-sub
[90mstdout[2m | src/components/Workbook/CommentThreadDrawer.stories.tsx[2m > [22m[2mDrawer Empty
[22m[39m[FilesContext] Identity ID: us-east-1:mock-identity-123
[90mstdout[2m | src/components/Workbook/CommentThreadDrawer.stories.tsx[2m > [22m[2mDrawer Empty
[22m[39m[FilesContext] About to set up File observeQuery
[90mstdout[2m | src/components/Workbook/CommentThreadDrawer.stories.tsx[2m > [22m[2mDrawer Empty
[22m[39m[ChatContext] Setting up AssistantChat observeQuery
[90mstdout[2m | src/components/Workbook/CommentThreadDrawer.stories.tsx[2m > [22m[2mDrawer Empty
[22m[39m[ChatContext] Waiting for subscription to initialize
[90mstdout[2m | src/components/Workbook/CommentThreadDrawer.stories.tsx[2m > [22m[2mDrawer Empty
[22m[39m[SettingsContext] Setting up Settings subscription for user: mock-user-sub
[90mstdout[2m | src/components/Workbook/CommentThreadDrawer.stories.tsx[2m > [22m[2mDrawer Empty
[22m[39m[Mock Data] Settings created: mock-settings-1790419010412 - notified 0 subscribers
[90mstdout[2m | src/components/Workbook/CommentThreadDrawer.stories.tsx[2m > [22m[2mDrawer Empty
[22m[39m[Mock Data] Unit.onUpdate() subscription added. Total: 1
[90mstdout[2m | src/components/Workbook/CommentThreadDrawer.stories.tsx[2m > [22m[2mDrawer Empty
[22m[39m[SectionContext] Section observeQuery update: 0
[90mstdout[2m | src/components/Workbook/CommentThreadDrawer.stories.tsx[2m > [22m[2mDrawer Empty
[22m[39m[FilesContext] File observeQuery update: 6 files
[90mstdout[2m | src/components/Workbook/CommentThreadDrawer.stories.tsx[2m > [22m[2mDrawer Empty
[22m[39m[ChatContext] AssistantChat initialized with 1 chats
[90mstdout[2m | src/components/Workbook/CommentThreadDrawer.stories.tsx[2m > [22m[2mDrawer Empty
[22m[39m[ChatContext] Setting initial chat: mock-assistant-chat-1
[90mstdout[2m | src/components/Workbook/CommentThreadDrawer.stories.tsx[2m > [22m[2mDrawer Empty
[22m[39m[Mock Storage] downloadData called with: undefined
[90mstdout[2m | src/components/Workbook/CommentThreadDrawer.stories.tsx[2m > [22m[2mDrawer Empty
[22m[39m[MOCK CourseVectorStore] Initialized with mock data
[90mstdout[2m | src/components/Workbook/CommentThreadDrawer.stories.tsx[2m > [22m[2mDrawer Empty
[22m[39m[FilesContext] Vector store population triggered {
  "currentVectorStoreSize": 3,
  "documentsCount": 0,
  "filesCount": 6,
  "isInitialLoad": true,
}
[90mstdout[2m | src/components/Workbook/CommentThreadDrawer.stories.tsx[2m > [22m[2mDrawer Empty
[22m[39m[FilesContext] Vector store population complete - 3 total embeddings
[90mstdout[2m | src/components/Workbook/CommentThreadDrawer.stories.tsx[2m > [22m[2mDrawer Empty
[22m[39m[ChatContext] Chat exists and not archived, skipping creation
 [32m✓[39m [30m[45m storybook (chromium) [49m[39m src/components/Workbook/CommentThreadDrawer.stories.tsx [2m([22m[2m2 tests[22m[2m)[22m[33m 353[2mms[22m[39m
[90mstdout[2m | unknown test
[22m[39m[MOCK vectorStoreDB.js] Module loaded - mock IndexedDB operations
[90mstdout[2m | unknown test
[22m[39m[Task Completion] DOM action listeners initialized
[90mstdout[2m | unknown test
[22m[39m[Task Completion] Auto-completion detector initialized
[90mstdout[2m | unknown test
[22m[39m[Preview] Task completion detector initialized
[90mstdout[2m | src/components/Editor3/plugins/WordBlockPlugin.stories.jsx[2m > [22m[2mEditable Empty
[22m[39m[Preview] Skipped initializing default mock data (initializeMockData=false)
[90mstdout[2m | src/components/Editor3/plugins/WordBlockPlugin.stories.jsx[2m > [22m[2mEditable Empty
[22m[39m[Mock Data] seedMockWords: Adding 1 words
[90mstdout[2m | src/components/Editor3/plugins/WordBlockPlugin.stories.jsx[2m > [22m[2mEditable Empty
[22m[39m[Mock Data] seedMockUnit: Adding unit word-block-story-unit
[90mstdout[2m | src/components/Editor3/plugins/WordBlockPlugin.stories.jsx[2m > [22m[2mEditable Empty
[22m[39m[MOCK CourseVectorStore] Initialized with mock data
[90mstdout[2m | src/components/Editor3/plugins/WordBlockPlugin.stories.jsx[2m > [22m[2mEditable Empty
[22m[39m[TranslationModeController] Setting mode to: off
[90mstdout[2m | src/components/Editor3/plugins/WordBlockPlugin.stories.jsx[2m > [22m[2mEditable Empty
[22m[39m[UnitContext] useEffect triggered {
  "authLoading": false,
  "hasUser": true,
  "id": "word-block-story-unit",
  "userSub": "mock-user-sub",
}
[90mstdout[2m | src/components/Editor3/plugins/WordBlockPlugin.stories.jsx[2m > [22m[2mEditable Empty
[22m[39m[UnitContext] Fetching unit data for id: word-block-story-unit
[90mstdout[2m | src/components/Editor3/plugins/WordBlockPlugin.stories.jsx[2m > [22m[2mEditable Empty
[22m[39m[FilesContext] Initializing vector store from IndexedDB
[90mstdout[2m | src/components/Editor3/plugins/WordBlockPlugin.stories.jsx[2m > [22m[2mEditable Empty
[22m[39m[FilesContext] fetchFiles called
[90mstdout[2m | src/components/Editor3/plugins/WordBlockPlugin.stories.jsx[2m > [22m[2mEditable Empty
[22m[39m[FilesContext] User authenticated: mock-user-sub
[90mstdout[2m | src/components/Editor3/plugins/WordBlockPlugin.stories.jsx[2m > [22m[2mEditable Empty
[22m[39m[FilesContext] Identity ID: us-east-1:mock-identity-123
[90mstdout[2m | src/components/Editor3/plugins/WordBlockPlugin.stories.jsx[2m > [22m[2mEditable Empty
[22m[39m[FilesContext] About to set up File observeQuery
[90mstdout[2m | src/components/Editor3/plugins/WordBlockPlugin.stories.jsx[2m > [22m[2mEditable Empty
[22m[39m[ChatContext] Setting up AssistantChat observeQuery
[90mstdout[2m | src/components/Editor3/plugins/WordBlockPlugin.stories.jsx[2m > [22m[2mEditable Empty
[22m[39m[ChatContext] Waiting for subscription to initialize
[90mstdout[2m | src/components/Editor3/plugins/WordBlockPlugin.stories.jsx[2m > [22m[2mEditable Empty
[22m[39m[SettingsContext] Setting up Settings subscription for user: mock-user-sub
[90mstdout[2m | src/components/Editor3/plugins/WordBlockPlugin.stories.jsx[2m > [22m[2mEditable Empty
[22m[39m[Mock Data] Settings created: mock-settings-1790419011021 - notified 0 subscribers
[90mstdout[2m | src/components/Editor3/plugins/WordBlockPlugin.stories.jsx[2m > [22m[2mEditable Empty
[22m[39m[Mock Data] Unit.onUpdate() subscription added. Total: 1
[90mstdout[2m | src/components/Editor3/plugins/WordBlockPlugin.stories.jsx[2m > [22m[2mEditable Empty
[22m[39m[SectionContext] Section observeQuery update: 0
[90mstdout[2m | src/components/Editor3/plugins/WordBlockPlugin.stories.jsx[2m > [22m[2mEditable Empty
[22m[39m[FilesContext] File observeQuery update: 0 files
[90mstdout[2m | src/components/Editor3/plugins/WordBlockPlugin.stories.jsx[2m > [22m[2mEditable Empty
[22m[39m[ChatContext] AssistantChat initialized with 0 chats
[90mstdout[2m | src/components/Editor3/plugins/WordBlockPlugin.stories.jsx[2m > [22m[2mEditable Empty
[22m[39m[Mock Storage] downloadData called with: undefined
[90mstdout[2m | src/components/Editor3/plugins/WordBlockPlugin.stories.jsx[2m > [22m[2mEditable Empty
[22m[39m[MOCK CourseVectorStore] Initialized with mock data
[90mstdout[2m | src/components/Editor3/plugins/WordBlockPlugin.stories.jsx[2m > [22m[2mEditable Empty
[22m[39m[ChatContext] No current chat available, will create one
[90mstdout[2m | src/components/Editor3/plugins/WordBlockPlugin.stories.jsx[2m > [22m[2mEditable Empty
[22m[39m[ChatContext] Creating AssistantChat with user: undefined
[90mstdout[2m | src/components/Editor3/plugins/WordBlockPlugin.stories.jsx[2m > [22m[2mEditable Empty
[22m[39m[Mock Data] AssistantChat created: mock-assistantchat-1790419011036 - notified 1 subscribers
[90mstdout[2m | src/components/Editor3/plugins/WordBlockPlugin.stories.jsx[2m > [22m[2mEditable Empty
[22m[39m[ChatContext] Create result: {
  "data": {
    "_version": 1,
    "archived": false,
    "chatFiles": [Function anonymous],
    "createdAt": "2026-09-26T10:36:51.036Z",
    "id": "mock-assistantchat-1790419011036",
    "model": "gpt-4",
    "updatedAt": "2026-09-26T10:36:51.036Z",
  },
  "errors": [],
  "hasData": true,
  "hasErrors": true,
}
[90mstdout[2m | src/components/Editor3/plugins/WordBlockPlugin.stories.jsx[2m > [22m[2mEditable Empty
[22m[39m[ChatContext] Created AssistantChat: mock-assistantchat-1790419011036 at: 2026-09-26T10:36:51.036Z
[90mstdout[2m | src/components/Editor3/plugins/WordBlockPlugin.stories.jsx[2m > [22m[2mEditable Empty
[22m[39m[ChatContext] Setting initial chat: mock-assistantchat-1790419011036
[90mstdout[2m | src/components/Editor3/plugins/WordBlockPlugin.stories.jsx[2m > [22m[2mEditable Empty
[22m[39m[ChatContext] Chat exists and not archived, skipping creation
[90mstdout[2m | src/components/Editor3/plugins/WordBlockPlugin.stories.jsx[2m > [22m[2mEditable With Word Block
[22m[39m[ChatContext] Cleaning up subscriptions
[90mstdout[2m | src/components/Editor3/plugins/WordBlockPlugin.stories.jsx[2m > [22m[2mEditable With Word Block
[22m[39m[Mock Data] Unit.onUpdate() subscription removed. Remaining: 0
[90mstdout[2m | src/components/Editor3/plugins/WordBlockPlugin.stories.jsx[2m > [22m[2mEditable With Word Block
[22m[39m[Preview] Skipped initializing default mock data (initializeMockData=false)
[90mstdout[2m | src/components/Editor3/plugins/WordBlockPlugin.stories.jsx[2m > [22m[2mEditable With Word Block
[22m[39m[Mock Data] seedMockWords: Adding 1 words
[90mstdout[2m | src/components/Editor3/plugins/WordBlockPlugin.stories.jsx[2m > [22m[2mEditable With Word Block
[22m[39m[Mock Data] seedMockUnit: Adding unit word-block-story-unit
[90mstdout[2m | src/components/Editor3/plugins/WordBlockPlugin.stories.jsx[2m > [22m[2mEditable With Word Block
[22m[39m[MOCK CourseVectorStore] Initialized with mock data
[90mstdout[2m | src/components/Editor3/plugins/WordBlockPlugin.stories.jsx[2m > [22m[2mEditable With Word Block
[22m[39m[TranslationModeController] Setting mode to: off
[90mstdout[2m | src/components/Editor3/plugins/WordBlockPlugin.stories.jsx[2m > [22m[2mEditable With Word Block
[22m[39m[UnitContext] useEffect triggered {
  "authLoading": false,
  "hasUser": true,
  "id": "word-block-story-unit",
  "userSub": "mock-user-sub",
}
[90mstdout[2m | src/components/Editor3/plugins/WordBlockPlugin.stories.jsx[2m > [22m[2mEditable With Word Block
[22m[39m[UnitContext] Fetching unit data for id: word-block-story-unit
[90mstdout[2m | src/components/Editor3/plugins/WordBlockPlugin.stories.jsx[2m > [22m[2mEditable With Word Block
[22m[39m[FilesContext] Initializing vector store from IndexedDB
[90mstdout[2m | src/components/Editor3/plugins/WordBlockPlugin.stories.jsx[2m > [22m[2mEditable With Word Block
[22m[39m[FilesContext] fetchFiles called
[90mstdout[2m | src/components/Editor3/plugins/WordBlockPlugin.stories.jsx[2m > [22m[2mEditable With Word Block
[22m[39m[FilesContext] User authenticated: mock-user-sub
[90mstdout[2m | src/components/Editor3/plugins/WordBlockPlugin.stories.jsx[2m > [22m[2mEditable With Word Block
[22m[39m[FilesContext] Identity ID: us-east-1:mock-identity-123
[90mstdout[2m | src/components/Editor3/plugins/WordBlockPlugin.stories.jsx[2m > [22m[2mEditable With Word Block
[22m[39m[FilesContext] About to set up File observeQuery
[90mstdout[2m | src/components/Editor3/plugins/WordBlockPlugin.stories.jsx[2m > [22m[2mEditable With Word Block
[22m[39m[ChatContext] Setting up AssistantChat observeQuery
[90mstdout[2m | src/components/Editor3/plugins/WordBlockPlugin.stories.jsx[2m > [22m[2mEditable With Word Block
[22m[39m[ChatContext] Waiting for subscription to initialize
[90mstdout[2m | src/components/Editor3/plugins/WordBlockPlugin.stories.jsx[2m > [22m[2mEditable With Word Block
[22m[39m[SettingsContext] Setting up Settings subscription for user: mock-user-sub
[90mstdout[2m | src/components/Editor3/plugins/WordBlockPlugin.stories.jsx[2m > [22m[2mEditable With Word Block
[22m[39m[Mock Data] Settings created: mock-settings-1790419011171 - notified 0 subscribers
[90mstdout[2m | src/components/Editor3/plugins/WordBlockPlugin.stories.jsx[2m > [22m[2mEditable With Word Block
[22m[39m[Mock Data] Unit.onUpdate() subscription added. Total: 1
[90mstdout[2m | src/components/Editor3/plugins/WordBlockPlugin.stories.jsx[2m > [22m[2mEditable With Word Block
[22m[39m[SectionContext] Section observeQuery update: 0
[90mstdout[2m | src/components/Editor3/plugins/WordBlockPlugin.stories.jsx[2m > [22m[2mEditable With Word Block
[22m[39m[FilesContext] File observeQuery update: 0 files
[90mstdout[2m | src/components/Editor3/plugins/WordBlockPlugin.stories.jsx[2m > [22m[2mEditable With Word Block
[22m[39m[ChatContext] AssistantChat initialized with 0 chats
[90mstdout[2m | src/components/Editor3/plugins/WordBlockPlugin.stories.jsx[2m > [22m[2mEditable With Word Block
[22m[39m[MOCK CourseVectorStore] Initialized with mock data
[90mstdout[2m | src/components/Editor3/plugins/WordBlockPlugin.stories.jsx[2m > [22m[2mEditable With Word Block
[22m[39m[ChatContext] No current chat available, will create one
[90mstdout[2m | src/components/Editor3/plugins/WordBlockPlugin.stories.jsx[2m > [22m[2mEditable With Word Block
[22m[39m[ChatContext] Creating AssistantChat with user: undefined
[90mstdout[2m | src/components/Editor3/plugins/WordBlockPlugin.stories.jsx[2m > [22m[2mEditable With Word Block
[22m[39m[Mock Data] AssistantChat created: mock-assistantchat-1790419011188 - notified 1 subscribers
[90mstdout[2m | src/components/Editor3/plugins/WordBlockPlugin.stories.jsx[2m > [22m[2mEditable With Word Block
[22m[39m[ChatContext] Create result: {
  "data": {
    "_version": 1,
    "archived": false,
    "chatFiles": [Function anonymous],
    "createdAt": "2026-09-26T10:36:51.188Z",
    "id": "mock-assistantchat-1790419011188",
    "model": "gpt-4",
    "updatedAt": "2026-09-26T10:36:51.188Z",
  },
  "errors": [],
  "hasData": true,
  "hasErrors": true,
}
[90mstdout[2m | src/components/Editor3/plugins/WordBlockPlugin.stories.jsx[2m > [22m[2mEditable With Word Block
[22m[39m[ChatContext] Created AssistantChat: mock-assistantchat-1790419011188 at: 2026-09-26T10:36:51.188Z
[90mstdout[2m | src/components/Editor3/plugins/WordBlockPlugin.stories.jsx[2m > [22m[2mEditable With Word Block
[22m[39m[Mock Storage] downloadData called with: undefined
[90mstdout[2m | src/components/Editor3/plugins/WordBlockPlugin.stories.jsx[2m > [22m[2mEditable With Word Block
[22m[39m[ChatContext] Setting initial chat: mock-assistantchat-1790419011188
[90mstdout[2m | src/components/Editor3/plugins/WordBlockPlugin.stories.jsx[2m > [22m[2mEditable With Word Block
[22m[39m[ChatContext] Chat exists and not archived, skipping creation
[90mstdout[2m | src/components/Editor3/plugins/WordBlockPlugin.stories.jsx[2m > [22m[2mRead Only With Word Block
[22m[39m[ChatContext] Cleaning up subscriptions
[90mstdout[2m | src/components/Editor3/plugins/WordBlockPlugin.stories.jsx[2m > [22m[2mRead Only With Word Block
[22m[39m[Mock Data] Unit.onUpdate() subscription removed. Remaining: 0
[90mstdout[2m | src/components/Editor3/plugins/WordBlockPlugin.stories.jsx[2m > [22m[2mRead Only With Word Block
[22m[39m[Preview] Skipped initializing default mock data (initializeMockData=false)
[90mstdout[2m | src/components/Editor3/plugins/WordBlockPlugin.stories.jsx[2m > [22m[2mRead Only With Word Block
[22m[39m[Mock Data] seedMockWords: Adding 1 words
[90mstdout[2m | src/components/Editor3/plugins/WordBlockPlugin.stories.jsx[2m > [22m[2mRead Only With Word Block
[22m[39m[Mock Data] seedMockUnit: Adding unit word-block-story-unit
[90mstdout[2m | src/components/Editor3/plugins/WordBlockPlugin.stories.jsx[2m > [22m[2mRead Only With Word Block
[22m[39m[MOCK CourseVectorStore] Initialized with mock data
[90mstdout[2m | src/components/Editor3/plugins/WordBlockPlugin.stories.jsx[2m > [22m[2mRead Only With Word Block
[22m[39m[TranslationModeController] Setting mode to: off
[90mstdout[2m | src/components/Editor3/plugins/WordBlockPlugin.stories.jsx[2m > [22m[2mRead Only With Word Block
[22m[39m[UnitContext] useEffect triggered {
  "authLoading": false,
  "hasUser": true,
  "id": "word-block-story-unit",
  "userSub": "mock-user-sub",
}
[90mstdout[2m | src/components/Editor3/plugins/WordBlockPlugin.stories.jsx[2m > [22m[2mRead Only With Word Block
[22m[39m[UnitContext] Fetching unit data for id: word-block-story-unit
[90mstdout[2m | src/components/Editor3/plugins/WordBlockPlugin.stories.jsx[2m > [22m[2mRead Only With Word Block
[22m[39m[FilesContext] Initializing vector store from IndexedDB
[90mstdout[2m | src/components/Editor3/plugins/WordBlockPlugin.stories.jsx[2m > [22m[2mRead Only With Word Block
[22m[39m[FilesContext] fetchFiles called
[90mstdout[2m | src/components/Editor3/plugins/WordBlockPlugin.stories.jsx[2m > [22m[2mRead Only With Word Block
[22m[39m[FilesContext] User authenticated: mock-user-sub
[90mstdout[2m | src/components/Editor3/plugins/WordBlockPlugin.stories.jsx[2m > [22m[2mRead Only With Word Block
[22m[39m[FilesContext] Identity ID: us-east-1:mock-identity-123
[90mstdout[2m | src/components/Editor3/plugins/WordBlockPlugin.stories.jsx[2m > [22m[2mRead Only With Word Block
[22m[39m[FilesContext] About to set up File observeQuery
[90mstdout[2m | src/components/Editor3/plugins/WordBlockPlugin.stories.jsx[2m > [22m[2mRead Only With Word Block
[22m[39m[ChatContext] Setting up AssistantChat observeQuery
[90mstdout[2m | src/components/Editor3/plugins/WordBlockPlugin.stories.jsx[2m > [22m[2mRead Only With Word Block
[22m[39m[ChatContext] Waiting for subscription to initialize
[90mstdout[2m | src/components/Editor3/plugins/WordBlockPlugin.stories.jsx[2m > [22m[2mRead Only With Word Block
[22m[39m[SettingsContext] Setting up Settings subscription for user: mock-user-sub
[90mstdout[2m | src/components/Editor3/plugins/WordBlockPlugin.stories.jsx[2m > [22m[2mRead Only With Word Block
[22m[39m[Mock Data] Settings created: mock-settings-1790419011316 - notified 0 subscribers
[90mstdout[2m | src/components/Editor3/plugins/WordBlockPlugin.stories.jsx[2m > [22m[2mRead Only With Word Block
[22m[39m[Mock Data] Unit.onUpdate() subscription added. Total: 1
[90mstdout[2m | src/components/Editor3/plugins/WordBlockPlugin.stories.jsx[2m > [22m[2mRead Only With Word Block
[22m[39m[SectionContext] Section observeQuery update: 0
[90mstdout[2m | src/components/Editor3/plugins/WordBlockPlugin.stories.jsx[2m > [22m[2mRead Only With Word Block
[22m[39m[FilesContext] File observeQuery update: 0 files
[90mstdout[2m | src/components/Editor3/plugins/WordBlockPlugin.stories.jsx[2m > [22m[2mRead Only With Word Block
[22m[39m[ChatContext] AssistantChat initialized with 0 chats
[90mstdout[2m | src/components/Editor3/plugins/WordBlockPlugin.stories.jsx[2m > [22m[2mRead Only With Word Block
[22m[39m[Mock Storage] downloadData called with: undefined
[90mstdout[2m | src/components/Editor3/plugins/WordBlockPlugin.stories.jsx[2m > [22m[2mRead Only With Word Block
[22m[39m[MOCK CourseVectorStore] Initialized with mock data
[90mstdout[2m | src/components/Editor3/plugins/WordBlockPlugin.stories.jsx[2m > [22m[2mRead Only With Word Block
[22m[39m[ChatContext] No current chat available, will create one
[90mstdout[2m | src/components/Editor3/plugins/WordBlockPlugin.stories.jsx[2m > [22m[2mRead Only With Word Block
[22m[39m[ChatContext] Creating AssistantChat with user: undefined
[90mstdout[2m | src/components/Editor3/plugins/WordBlockPlugin.stories.jsx[2m > [22m[2mRead Only With Word Block
[22m[39m[Mock Data] AssistantChat created: mock-assistantchat-1790419011331 - notified 1 subscribers
[90mstdout[2m | src/components/Editor3/plugins/WordBlockPlugin.stories.jsx[2m > [22m[2mRead Only With Word Block
[22m[39m[ChatContext] Create result: {
  "data": {
    "_version": 1,
    "archived": false,
    "chatFiles": [Function anonymous],
    "createdAt": "2026-09-26T10:36:51.331Z",
    "id": "mock-assistantchat-1790419011331",
    "model": "gpt-4",
    "updatedAt": "2026-09-26T10:36:51.331Z",
  },
  "errors": [],
  "hasData": true,
  "hasErrors": true,
}
[90mstdout[2m | src/components/Editor3/plugins/WordBlockPlugin.stories.jsx[2m > [22m[2mRead Only With Word Block
[22m[39m[ChatContext] Created AssistantChat: mock-assistantchat-1790419011331 at: 2026-09-26T10:36:51.331Z
[90mstdout[2m | src/components/Editor3/plugins/WordBlockPlugin.stories.jsx[2m > [22m[2mRead Only With Word Block
[22m[39m[ChatContext] Setting initial chat: mock-assistantchat-1790419011331
[90mstdout[2m | src/components/Editor3/plugins/WordBlockPlugin.stories.jsx[2m > [22m[2mRead Only With Word Block
[22m[39m[ChatContext] Chat exists and not archived, skipping creation
 [32m✓[39m [30m[45m storybook (chromium) [49m[39m src/components/Editor3/plugins/WordBlockPlugin.stories.jsx [2m([22m[2m3 tests[22m[2m)[22m[33m 420[2mms[22m[39m
[90mstdout[2m | unknown test
[22m[39m[MOCK vectorStoreDB.js] Module loaded - mock IndexedDB operations
[90mstdout[2m | unknown test
[22m[39m[Task Completion] DOM action listeners initialized
[90mstdout[2m | unknown test
[22m[39m[Task Completion] Auto-completion detector initialized
[90mstdout[2m | unknown test
[22m[39m[Preview] Task completion detector initialized
[90mstdout[2m | src/components/Gamification/SquadLeaderboard.stories.tsx[2m > [22m[2mFull
[22m[39m[TranslationModeController] Setting mode to: off
[90mstdout[2m | src/components/Gamification/SquadLeaderboard.stories.tsx[2m > [22m[2mNo Highlight
[22m[39m[TranslationModeController] Setting mode to: off
[90mstdout[2m | src/components/Gamification/SquadLeaderboard.stories.tsx[2m > [22m[2mEmpty
[22m[39m[TranslationModeController] Setting mode to: off
 [32m✓[39m [30m[45m storybook (chromium) [49m[39m src/components/Gamification/SquadLeaderboard.stories.tsx [2m([22m[2m3 tests[22m[2m)[22m[33m 342[2mms[22m[39m
[90mstdout[2m | unknown test
[22m[39m[MOCK vectorStoreDB.js] Module loaded - mock IndexedDB operations
[90mstdout[2m | unknown test
[22m[39m[Task Completion] DOM action listeners initialized
[90mstdout[2m | unknown test
[22m[39m[Task Completion] Auto-completion detector initialized
[90mstdout[2m | unknown test
[22m[39m[Preview] Task completion detector initialized
[90mstdout[2m | src/components/Gamification/DiceBearAvatar.stories.tsx[2m > [22m[2mDefault
[22m[39m[TranslationModeController] Setting mode to: off
[90mstdout[2m | src/components/Gamification/DiceBearAvatar.stories.tsx[2m > [22m[2mAll Styles
[22m[39m[TranslationModeController] Setting mode to: off
[90mstdout[2m | src/components/Gamification/DiceBearAvatar.stories.tsx[2m > [22m[2mLocked Vs Unlocked
[22m[39m[TranslationModeController] Setting mode to: off
[90mstdout[2m | src/components/Gamification/DiceBearAvatar.stories.tsx[2m > [22m[2mTier Progression
[22m[39m[TranslationModeController] Setting mode to: off
[90mstdout[2m | src/components/Gamification/DiceBearAvatar.stories.tsx[2m > [22m[2mDifferent Seeds
[22m[39m[TranslationModeController] Setting mode to: off
 [32m✓[39m [30m[45m storybook (chromium) [49m[39m src/components/Gamification/DiceBearAvatar.stories.tsx [2m([22m[2m5 tests[22m[2m)[22m[33m 410[2mms[22m[39m
[90mstdout[2m | unknown test
[22m[39m[MOCK vectorStoreDB.js] Module loaded - mock IndexedDB operations
[90mstdout[2m | unknown test
[22m[39m[Task Completion] DOM action listeners initialized
[90mstdout[2m | unknown test
[22m[39m[Task Completion] Auto-completion detector initialized
[90mstdout[2m | unknown test
[22m[39m[Preview] Task completion detector initialized
[90mstdout[2m | src/components/Editor3/plugins/TablePlugin.stories.jsx[2m > [22m[2mEditable Empty
[22m[39m[Preview] Skipped initializing default mock data (initializeMockData=false)
[90mstdout[2m | src/components/Editor3/plugins/TablePlugin.stories.jsx[2m > [22m[2mEditable Empty
[22m[39m[Mock Data] seedMockUnit: Adding unit table-plugin-story-unit
[90mstdout[2m | src/components/Editor3/plugins/TablePlugin.stories.jsx[2m > [22m[2mEditable Empty
[22m[39m[MOCK CourseVectorStore] Initialized with mock data
[90mstdout[2m | src/components/Editor3/plugins/TablePlugin.stories.jsx[2m > [22m[2mEditable Empty
[22m[39m[TranslationModeController] Setting mode to: off
[90mstdout[2m | src/components/Editor3/plugins/TablePlugin.stories.jsx[2m > [22m[2mEditable Empty
[22m[39m[UnitContext] useEffect triggered {
  "authLoading": false,
  "hasUser": true,
  "id": "table-plugin-story-unit",
  "userSub": "mock-user-sub",
}
[90mstdout[2m | src/components/Editor3/plugins/TablePlugin.stories.jsx[2m > [22m[2mEditable Empty
[22m[39m[UnitContext] Fetching unit data for id: table-plugin-story-unit
[90mstdout[2m | src/components/Editor3/plugins/TablePlugin.stories.jsx[2m > [22m[2mEditable Empty
[22m[39m[FilesContext] Initializing vector store from IndexedDB
[90mstdout[2m | src/components/Editor3/plugins/TablePlugin.stories.jsx[2m > [22m[2mEditable Empty
[22m[39m[FilesContext] fetchFiles called
[90mstdout[2m | src/components/Editor3/plugins/TablePlugin.stories.jsx[2m > [22m[2mEditable Empty
[22m[39m[FilesContext] User authenticated: mock-user-sub
[90mstdout[2m | src/components/Editor3/plugins/TablePlugin.stories.jsx[2m > [22m[2mEditable Empty
[22m[39m[FilesContext] Identity ID: us-east-1:mock-identity-123
[90mstdout[2m | src/components/Editor3/plugins/TablePlugin.stories.jsx[2m > [22m[2mEditable Empty
[22m[39m[FilesContext] About to set up File observeQuery
[90mstdout[2m | src/components/Editor3/plugins/TablePlugin.stories.jsx[2m > [22m[2mEditable Empty
[22m[39m[ChatContext] Setting up AssistantChat observeQuery
[90mstdout[2m | src/components/Editor3/plugins/TablePlugin.stories.jsx[2m > [22m[2mEditable Empty
[22m[39m[ChatContext] Waiting for subscription to initialize
[90mstdout[2m | src/components/Editor3/plugins/TablePlugin.stories.jsx[2m > [22m[2mEditable Empty
[22m[39m[SettingsContext] Setting up Settings subscription for user: mock-user-sub
[90mstdout[2m | src/components/Editor3/plugins/TablePlugin.stories.jsx[2m > [22m[2mEditable Empty
[22m[39m[Mock Data] Settings created: mock-settings-1790419013521 - notified 0 subscribers
[90mstdout[2m | src/components/Editor3/plugins/TablePlugin.stories.jsx[2m > [22m[2mEditable Empty
[22m[39m[Mock Data] Unit.onUpdate() subscription added. Total: 1
[90mstdout[2m | src/components/Editor3/plugins/TablePlugin.stories.jsx[2m > [22m[2mEditable Empty
[22m[39m[SectionContext] Section observeQuery update: 0
[90mstdout[2m | src/components/Editor3/plugins/TablePlugin.stories.jsx[2m > [22m[2mEditable Empty
[22m[39m[FilesContext] File observeQuery update: 0 files
[90mstdout[2m | src/components/Editor3/plugins/TablePlugin.stories.jsx[2m > [22m[2mEditable Empty
[22m[39m[ChatContext] AssistantChat initialized with 0 chats
[90mstdout[2m | src/components/Editor3/plugins/TablePlugin.stories.jsx[2m > [22m[2mEditable Empty
[22m[39m[Mock Storage] downloadData called with: undefined
[90mstdout[2m | src/components/Editor3/plugins/TablePlugin.stories.jsx[2m > [22m[2mEditable Empty
[22m[39m[MOCK CourseVectorStore] Initialized with mock data
[90mstdout[2m | src/components/Editor3/plugins/TablePlugin.stories.jsx[2m > [22m[2mEditable Empty
[22m[39m[ChatContext] No current chat available, will create one
[90mstdout[2m | src/components/Editor3/plugins/TablePlugin.stories.jsx[2m > [22m[2mEditable Empty
[22m[39m[ChatContext] Creating AssistantChat with user: undefined
[90mstdout[2m | src/components/Editor3/plugins/TablePlugin.stories.jsx[2m > [22m[2mEditable Empty
[22m[39m[Mock Data] AssistantChat created: mock-assistantchat-1790419013537 - notified 1 subscribers
[90mstdout[2m | src/components/Editor3/plugins/TablePlugin.stories.jsx[2m > [22m[2mEditable Empty
[22m[39m[ChatContext] Create result: {
  "data": {
    "_version": 1,
    "archived": false,
    "chatFiles": [Function anonymous],
    "createdAt": "2026-09-26T10:36:53.537Z",
    "id": "mock-assistantchat-1790419013537",
    "model": "gpt-4",
    "updatedAt": "2026-09-26T10:36:53.537Z",
  },
  "errors": [],
  "hasData": true,
  "hasErrors": true,
}
[90mstdout[2m | src/components/Editor3/plugins/TablePlugin.stories.jsx[2m > [22m[2mEditable Empty
[22m[39m[ChatContext] Created AssistantChat: mock-assistantchat-1790419013537 at: 2026-09-26T10:36:53.537Z
[90mstdout[2m | src/components/Editor3/plugins/TablePlugin.stories.jsx[2m > [22m[2mEditable Empty
[22m[39m[ChatContext] Setting initial chat: mock-assistantchat-1790419013537
[90mstdout[2m | src/components/Editor3/plugins/TablePlugin.stories.jsx[2m > [22m[2mEditable Empty
[22m[39m[ChatContext] Chat exists and not archived, skipping creation
[90mstdout[2m | src/components/Editor3/plugins/TablePlugin.stories.jsx[2m > [22m[2mEditable With Table
[22m[39m[ChatContext] Cleaning up subscriptions
[90mstdout[2m | src/components/Editor3/plugins/TablePlugin.stories.jsx[2m > [22m[2mEditable With Table
[22m[39m[Mock Data] Unit.onUpdate() subscription removed. Remaining: 0
[90mstdout[2m | src/components/Editor3/plugins/TablePlugin.stories.jsx[2m > [22m[2mEditable With Table
[22m[39m[Preview] Skipped initializing default mock data (initializeMockData=false)
[90mstdout[2m | src/components/Editor3/plugins/TablePlugin.stories.jsx[2m > [22m[2mEditable With Table
[22m[39m[Mock Data] seedMockUnit: Adding unit table-plugin-story-unit
[90mstdout[2m | src/components/Editor3/plugins/TablePlugin.stories.jsx[2m > [22m[2mEditable With Table
[22m[39m[MOCK CourseVectorStore] Initialized with mock data
[90mstdout[2m | src/components/Editor3/plugins/TablePlugin.stories.jsx[2m > [22m[2mEditable With Table
[22m[39m[TranslationModeController] Setting mode to: off
[90mstdout[2m | src/components/Editor3/plugins/TablePlugin.stories.jsx[2m > [22m[2mEditable With Table
[22m[39m[UnitContext] useEffect triggered {
  "authLoading": false,
  "hasUser": true,
  "id": "table-plugin-story-unit",
  "userSub": "mock-user-sub",
}
[90mstdout[2m | src/components/Editor3/plugins/TablePlugin.stories.jsx[2m > [22m[2mEditable With Table
[22m[39m[UnitContext] Fetching unit data for id: table-plugin-story-unit
[90mstdout[2m | src/components/Editor3/plugins/TablePlugin.stories.jsx[2m > [22m[2mEditable With Table
[22m[39m[FilesContext] Initializing vector store from IndexedDB
[90mstdout[2m | src/components/Editor3/plugins/TablePlugin.stories.jsx[2m > [22m[2mEditable With Table
[22m[39m[FilesContext] fetchFiles called
[90mstdout[2m | src/components/Editor3/plugins/TablePlugin.stories.jsx[2m > [22m[2mEditable With Table
[22m[39m[FilesContext] User authenticated: mock-user-sub
[90mstdout[2m | src/components/Editor3/plugins/TablePlugin.stories.jsx[2m > [22m[2mEditable With Table
[22m[39m[FilesContext] Identity ID: us-east-1:mock-identity-123
[90mstdout[2m | src/components/Editor3/plugins/TablePlugin.stories.jsx[2m > [22m[2mEditable With Table
[22m[39m[FilesContext] About to set up File observeQuery
[90mstdout[2m | src/components/Editor3/plugins/TablePlugin.stories.jsx[2m > [22m[2mEditable With Table
[22m[39m[ChatContext] Setting up AssistantChat observeQuery
[90mstdout[2m | src/components/Editor3/plugins/TablePlugin.stories.jsx[2m > [22m[2mEditable With Table
[22m[39m[ChatContext] Waiting for subscription to initialize
[90mstdout[2m | src/components/Editor3/plugins/TablePlugin.stories.jsx[2m > [22m[2mEditable With Table
[22m[39m[SettingsContext] Setting up Settings subscription for user: mock-user-sub
[90mstdout[2m | src/components/Editor3/plugins/TablePlugin.stories.jsx[2m > [22m[2mEditable With Table
[22m[39m[Mock Data] Settings created: mock-settings-1790419013670 - notified 0 subscribers
[90mstdout[2m | src/components/Editor3/plugins/TablePlugin.stories.jsx[2m > [22m[2mEditable With Table
[22m[39m[Mock Data] Unit.onUpdate() subscription added. Total: 1
[90mstdout[2m | src/components/Editor3/plugins/TablePlugin.stories.jsx[2m > [22m[2mEditable With Table
[22m[39m[SectionContext] Section observeQuery update: 0
[90mstdout[2m | src/components/Editor3/plugins/TablePlugin.stories.jsx[2m > [22m[2mEditable With Table
[22m[39m[FilesContext] File observeQuery update: 0 files
[90mstdout[2m | src/components/Editor3/plugins/TablePlugin.stories.jsx[2m > [22m[2mEditable With Table
[22m[39m[ChatContext] AssistantChat initialized with 0 chats
[90mstdout[2m | src/components/Editor3/plugins/TablePlugin.stories.jsx[2m > [22m[2mEditable With Table
[22m[39m[Mock Storage] downloadData called with: undefined
[90mstdout[2m | src/components/Editor3/plugins/TablePlugin.stories.jsx[2m > [22m[2mEditable With Table
[22m[39m[MOCK CourseVectorStore] Initialized with mock data
[90mstdout[2m | src/components/Editor3/plugins/TablePlugin.stories.jsx[2m > [22m[2mEditable With Table
[22m[39m[ChatContext] No current chat available, will create one
[90mstdout[2m | src/components/Editor3/plugins/TablePlugin.stories.jsx[2m > [22m[2mEditable With Table
[22m[39m[ChatContext] Creating AssistantChat with user: undefined
[90mstdout[2m | src/components/Editor3/plugins/TablePlugin.stories.jsx[2m > [22m[2mEditable With Table
[22m[39m[Mock Data] AssistantChat created: mock-assistantchat-1790419013681 - notified 1 subscribers
[90mstdout[2m | src/components/Editor3/plugins/TablePlugin.stories.jsx[2m > [22m[2mEditable With Table
[22m[39m[ChatContext] Create result: {
  "data": {
    "_version": 1,
    "archived": false,
    "chatFiles": [Function anonymous],
    "createdAt": "2026-09-26T10:36:53.681Z",
    "id": "mock-assistantchat-1790419013681",
    "model": "gpt-4",
    "updatedAt": "2026-09-26T10:36:53.681Z",
  },
  "errors": [],
  "hasData": true,
  "hasErrors": true,
}
[90mstdout[2m | src/components/Editor3/plugins/TablePlugin.stories.jsx[2m > [22m[2mEditable With Table
[22m[39m[ChatContext] Created AssistantChat: mock-assistantchat-1790419013681 at: 2026-09-26T10:36:53.681Z
[90mstdout[2m | src/components/Editor3/plugins/TablePlugin.stories.jsx[2m > [22m[2mEditable With Table
[22m[39m[ChatContext] Setting initial chat: mock-assistantchat-1790419013681
[90mstdout[2m | src/components/Editor3/plugins/TablePlugin.stories.jsx[2m > [22m[2mEditable With Table
[22m[39m[ChatContext] Chat exists and not archived, skipping creation
[90mstdout[2m | src/components/Editor3/plugins/TablePlugin.stories.jsx[2m > [22m[2mRead Only With Table
[22m[39m[ChatContext] Cleaning up subscriptions
[90mstdout[2m | src/components/Editor3/plugins/TablePlugin.stories.jsx[2m > [22m[2mRead Only With Table
[22m[39m[Mock Data] Unit.onUpdate() subscription removed. Remaining: 0
[90mstdout[2m | src/components/Editor3/plugins/TablePlugin.stories.jsx[2m > [22m[2mRead Only With Table
[22m[39m[Preview] Skipped initializing default mock data (initializeMockData=false)
[90mstdout[2m | src/components/Editor3/plugins/TablePlugin.stories.jsx[2m > [22m[2mRead Only With Table
[22m[39m[Mock Data] seedMockUnit: Adding unit table-plugin-story-unit
[90mstdout[2m | src/components/Editor3/plugins/TablePlugin.stories.jsx[2m > [22m[2mRead Only With Table
[22m[39m[MOCK CourseVectorStore] Initialized with mock data
[90mstdout[2m | src/components/Editor3/plugins/TablePlugin.stories.jsx[2m > [22m[2mRead Only With Table
[22m[39m[TranslationModeController] Setting mode to: off
[90mstdout[2m | src/components/Editor3/plugins/TablePlugin.stories.jsx[2m > [22m[2mRead Only With Table
[22m[39m[UnitContext] useEffect triggered {
  "authLoading": false,
  "hasUser": true,
  "id": "table-plugin-story-unit",
  "userSub": "mock-user-sub",
}
[90mstdout[2m | src/components/Editor3/plugins/TablePlugin.stories.jsx[2m > [22m[2mRead Only With Table
[22m[39m[UnitContext] Fetching unit data for id: table-plugin-story-unit
[90mstdout[2m | src/components/Editor3/plugins/TablePlugin.stories.jsx[2m > [22m[2mRead Only With Table
[22m[39m[FilesContext] Initializing vector store from IndexedDB
[90mstdout[2m | src/components/Editor3/plugins/TablePlugin.stories.jsx[2m > [22m[2mRead Only With Table
[22m[39m[FilesContext] fetchFiles called
[90mstdout[2m | src/components/Editor3/plugins/TablePlugin.stories.jsx[2m > [22m[2mRead Only With Table
[22m[39m[FilesContext] User authenticated: mock-user-sub
[90mstdout[2m | src/components/Editor3/plugins/TablePlugin.stories.jsx[2m > [22m[2mRead Only With Table
[22m[39m[FilesContext] Identity ID: us-east-1:mock-identity-123
[90mstdout[2m | src/components/Editor3/plugins/TablePlugin.stories.jsx[2m > [22m[2mRead Only With Table
[22m[39m[FilesContext] About to set up File observeQuery
[90mstdout[2m | src/components/Editor3/plugins/TablePlugin.stories.jsx[2m > [22m[2mRead Only With Table
[22m[39m[ChatContext] Setting up AssistantChat observeQuery
[90mstdout[2m | src/components/Editor3/plugins/TablePlugin.stories.jsx[2m > [22m[2mRead Only With Table
[22m[39m[ChatContext] Waiting for subscription to initialize
[90mstdout[2m | src/components/Editor3/plugins/TablePlugin.stories.jsx[2m > [22m[2mRead Only With Table
[22m[39m[SettingsContext] Setting up Settings subscription for user: mock-user-sub
[90mstdout[2m | src/components/Editor3/plugins/TablePlugin.stories.jsx[2m > [22m[2mRead Only With Table
[22m[39m[Mock Data] Settings created: mock-settings-1790419013802 - notified 0 subscribers
[90mstdout[2m | src/components/Editor3/plugins/TablePlugin.stories.jsx[2m > [22m[2mRead Only With Table
[22m[39m[Mock Data] Unit.onUpdate() subscription added. Total: 1
[90mstdout[2m | src/components/Editor3/plugins/TablePlugin.stories.jsx[2m > [22m[2mRead Only With Table
[22m[39m[SectionContext] Section observeQuery update: 0
[90mstdout[2m | src/components/Editor3/plugins/TablePlugin.stories.jsx[2m > [22m[2mRead Only With Table
[22m[39m[FilesContext] File observeQuery update: 0 files
[90mstdout[2m | src/components/Editor3/plugins/TablePlugin.stories.jsx[2m > [22m[2mRead Only With Table
[22m[39m[ChatContext] AssistantChat initialized with 0 chats
[90mstdout[2m | src/components/Editor3/plugins/TablePlugin.stories.jsx[2m > [22m[2mRead Only With Table
[22m[39m[MOCK CourseVectorStore] Initialized with mock data
[90mstdout[2m | src/components/Editor3/plugins/TablePlugin.stories.jsx[2m > [22m[2mRead Only With Table
[22m[39m[ChatContext] No current chat available, will create one
[90mstdout[2m | src/components/Editor3/plugins/TablePlugin.stories.jsx[2m > [22m[2mRead Only With Table
[22m[39m[ChatContext] Creating AssistantChat with user: undefined
[90mstdout[2m | src/components/Editor3/plugins/TablePlugin.stories.jsx[2m > [22m[2mRead Only With Table
[22m[39m[Mock Data] AssistantChat created: mock-assistantchat-1790419013816 - notified 1 subscribers
[90mstdout[2m | src/components/Editor3/plugins/TablePlugin.stories.jsx[2m > [22m[2mRead Only With Table
[22m[39m[ChatContext] Create result: {
  "data": {
    "_version": 1,
    "archived": false,
    "chatFiles": [Function anonymous],
    "createdAt": "2026-09-26T10:36:53.816Z",
    "id": "mock-assistantchat-1790419013816",
    "model": "gpt-4",
    "updatedAt": "2026-09-26T10:36:53.816Z",
  },
  "errors": [],
  "hasData": true,
  "hasErrors": true,
}
[90mstdout[2m | src/components/Editor3/plugins/TablePlugin.stories.jsx[2m > [22m[2mRead Only With Table
[22m[39m[ChatContext] Created AssistantChat: mock-assistantchat-1790419013816 at: 2026-09-26T10:36:53.816Z
[90mstdout[2m | src/components/Editor3/plugins/TablePlugin.stories.jsx[2m > [22m[2mRead Only With Table
[22m[39m[Mock Storage] downloadData called with: undefined
[90mstdout[2m | src/components/Editor3/plugins/TablePlugin.stories.jsx[2m > [22m[2mRead Only With Table
[22m[39m[ChatContext] Setting initial chat: mock-assistantchat-1790419013816
[90mstdout[2m | src/components/Editor3/plugins/TablePlugin.stories.jsx[2m > [22m[2mRead Only With Table
[22m[39m[ChatContext] Chat exists and not archived, skipping creation
 [32m✓[39m [30m[45m storybook (chromium) [49m[39m src/components/Editor3/plugins/TablePlugin.stories.jsx [2m([22m[2m3 tests[22m[2m)[22m[33m 430[2mms[22m[39m
[90mstdout[2m | unknown test
[22m[39m[MOCK vectorStoreDB.js] Module loaded - mock IndexedDB operations
[90mstdout[2m | unknown test
[22m[39m[Task Completion] DOM action listeners initialized
[90mstdout[2m | unknown test
[22m[39m[Task Completion] Auto-completion detector initialized
[90mstdout[2m | unknown test
[22m[39m[Preview] Task completion detector initialized
[90mstdout[2m | src/components/Gamification/GamificationToastLayer.stories.tsx[2m > [22m[2mIdle
[22m[39m[MOCK CourseVectorStore] Initialized with mock data
[90mstdout[2m | src/components/Gamification/GamificationToastLayer.stories.tsx[2m > [22m[2mIdle
[22m[39m[TranslationModeController] Setting mode to: off
[90mstdout[2m | src/components/Gamification/GamificationToastLayer.stories.tsx[2m > [22m[2mIdle
[22m[39m[UnitContext] useEffect triggered {
  "authLoading": false,
  "hasUser": true,
  "id": "mock-unit-id",
  "userSub": "mock-user-sub",
}
[90mstdout[2m | src/components/Gamification/GamificationToastLayer.stories.tsx[2m > [22m[2mIdle
[22m[39m[UnitContext] Fetching unit data for id: mock-unit-id
[90mstdout[2m | src/components/Gamification/GamificationToastLayer.stories.tsx[2m > [22m[2mIdle
[22m[39m[FilesContext] Initializing vector store from IndexedDB
[90mstdout[2m | src/components/Gamification/GamificationToastLayer.stories.tsx[2m > [22m[2mIdle
[22m[39m[FilesContext] fetchFiles called
[90mstdout[2m | src/components/Gamification/GamificationToastLayer.stories.tsx[2m > [22m[2mIdle
[22m[39m[FilesContext] User authenticated: mock-user-sub
[90mstdout[2m | src/components/Gamification/GamificationToastLayer.stories.tsx[2m > [22m[2mIdle
[22m[39m[FilesContext] Identity ID: us-east-1:mock-identity-123
[90mstdout[2m | src/components/Gamification/GamificationToastLayer.stories.tsx[2m > [22m[2mIdle
[22m[39m[FilesContext] About to set up File observeQuery
[90mstdout[2m | src/components/Gamification/GamificationToastLayer.stories.tsx[2m > [22m[2mIdle
[22m[39m[ChatContext] Setting up AssistantChat observeQuery
[90mstdout[2m | src/components/Gamification/GamificationToastLayer.stories.tsx[2m > [22m[2mIdle
[22m[39m[ChatContext] Waiting for subscription to initialize
[90mstdout[2m | src/components/Gamification/GamificationToastLayer.stories.tsx[2m > [22m[2mIdle
[22m[39m[SettingsContext] Setting up Settings subscription for user: mock-user-sub
[90mstdout[2m | src/components/Gamification/GamificationToastLayer.stories.tsx[2m > [22m[2mIdle
[22m[39m[Mock Data] Settings created: mock-settings-1790419014364 - notified 0 subscribers
[90mstdout[2m | src/components/Gamification/GamificationToastLayer.stories.tsx[2m > [22m[2mIdle
[22m[39m[Mock Data] Unit.onUpdate() subscription added. Total: 1
[90mstdout[2m | src/components/Gamification/GamificationToastLayer.stories.tsx[2m > [22m[2mIdle
[22m[39m[SectionContext] Section observeQuery update: 0
[90mstdout[2m | src/components/Gamification/GamificationToastLayer.stories.tsx[2m > [22m[2mIdle
[22m[39m[FilesContext] File observeQuery update: 6 files
[90mstdout[2m | src/components/Gamification/GamificationToastLayer.stories.tsx[2m > [22m[2mIdle
[22m[39m[ChatContext] AssistantChat initialized with 1 chats
[90mstdout[2m | src/components/Gamification/GamificationToastLayer.stories.tsx[2m > [22m[2mIdle
[22m[39m[ChatContext] Setting initial chat: mock-assistant-chat-1
[90mstdout[2m | src/components/Gamification/GamificationToastLayer.stories.tsx[2m > [22m[2mIdle
[22m[39m[Mock Storage] downloadData called with: undefined
[90mstdout[2m | src/components/Gamification/GamificationToastLayer.stories.tsx[2m > [22m[2mIdle
[22m[39m[MOCK CourseVectorStore] Initialized with mock data
[90mstdout[2m | src/components/Gamification/GamificationToastLayer.stories.tsx[2m > [22m[2mIdle
[22m[39m[FilesContext] Vector store population triggered {
  "currentVectorStoreSize": 3,
  "documentsCount": 0,
  "filesCount": 6,
  "isInitialLoad": true,
}
[90mstdout[2m | src/components/Gamification/GamificationToastLayer.stories.tsx[2m > [22m[2mIdle
[22m[39m[FilesContext] Vector store population complete - 3 total embeddings
[90mstdout[2m | src/components/Gamification/GamificationToastLayer.stories.tsx[2m > [22m[2mIdle
[22m[39m[ChatContext] Chat exists and not archived, skipping creation
[90mstdout[2m | src/components/Gamification/GamificationToastLayer.stories.tsx[2m > [22m[2mBadge Awarded
[22m[39m[ChatContext] Cleaning up subscriptions
[90mstdout[2m | src/components/Gamification/GamificationToastLayer.stories.tsx[2m > [22m[2mBadge Awarded
[22m[39m[Mock Data] Unit.onUpdate() subscription removed. Remaining: 0
[90mstdout[2m | src/components/Gamification/GamificationToastLayer.stories.tsx[2m > [22m[2mBadge Awarded
[22m[39m[MOCK CourseVectorStore] Initialized with mock data
[90mstdout[2m | src/components/Gamification/GamificationToastLayer.stories.tsx[2m > [22m[2mBadge Awarded
[22m[39m[TranslationModeController] Setting mode to: off
[90mstdout[2m | src/components/Gamification/GamificationToastLayer.stories.tsx[2m > [22m[2mBadge Awarded
[22m[39m[UnitContext] useEffect triggered {
  "authLoading": false,
  "hasUser": true,
  "id": "mock-unit-id",
  "userSub": "mock-user-sub",
}
[90mstdout[2m | src/components/Gamification/GamificationToastLayer.stories.tsx[2m > [22m[2mBadge Awarded
[22m[39m[UnitContext] Fetching unit data for id: mock-unit-id
[90mstdout[2m | src/components/Gamification/GamificationToastLayer.stories.tsx[2m > [22m[2mBadge Awarded
[22m[39m[FilesContext] Initializing vector store from IndexedDB
[90mstdout[2m | src/components/Gamification/GamificationToastLayer.stories.tsx[2m > [22m[2mBadge Awarded
[22m[39m[FilesContext] fetchFiles called
[90mstdout[2m | src/components/Gamification/GamificationToastLayer.stories.tsx[2m > [22m[2mBadge Awarded
[22m[39m[FilesContext] User authenticated: mock-user-sub
[90mstdout[2m | src/components/Gamification/GamificationToastLayer.stories.tsx[2m > [22m[2mBadge Awarded
[22m[39m[FilesContext] Identity ID: us-east-1:mock-identity-123
[90mstdout[2m | src/components/Gamification/GamificationToastLayer.stories.tsx[2m > [22m[2mBadge Awarded
[22m[39m[FilesContext] About to set up File observeQuery
[90mstdout[2m | src/components/Gamification/GamificationToastLayer.stories.tsx[2m > [22m[2mBadge Awarded
[22m[39m[ChatContext] Setting up AssistantChat observeQuery
[90mstdout[2m | src/components/Gamification/GamificationToastLayer.stories.tsx[2m > [22m[2mBadge Awarded
[22m[39m[ChatContext] Waiting for subscription to initialize
[90mstdout[2m | src/components/Gamification/GamificationToastLayer.stories.tsx[2m > [22m[2mBadge Awarded
[22m[39m[SettingsContext] Setting up Settings subscription for user: mock-user-sub
[90mstdout[2m | src/components/Gamification/GamificationToastLayer.stories.tsx[2m > [22m[2mBadge Awarded
[22m[39m[Mock Data] Settings created: mock-settings-1790419014482 - notified 0 subscribers
[90mstdout[2m | src/components/Gamification/GamificationToastLayer.stories.tsx[2m > [22m[2mBadge Awarded
[22m[39m[Mock Data] Unit.onUpdate() subscription added. Total: 1
[90mstdout[2m | src/components/Gamification/GamificationToastLayer.stories.tsx[2m > [22m[2mBadge Awarded
[22m[39m[SectionContext] Section observeQuery update: 0
[90mstdout[2m | src/components/Gamification/GamificationToastLayer.stories.tsx[2m > [22m[2mBadge Awarded
[22m[39m[FilesContext] File observeQuery update: 6 files
[90mstdout[2m | src/components/Gamification/GamificationToastLayer.stories.tsx[2m > [22m[2mBadge Awarded
[22m[39m[ChatContext] AssistantChat initialized with 1 chats
[90mstdout[2m | src/components/Gamification/GamificationToastLayer.stories.tsx[2m > [22m[2mBadge Awarded
[22m[39m[ChatContext] Setting initial chat: mock-assistant-chat-1
[90mstdout[2m | src/components/Gamification/GamificationToastLayer.stories.tsx[2m > [22m[2mBadge Awarded
[22m[39m[Mock Storage] downloadData called with: undefined
[90mstdout[2m | src/components/Gamification/GamificationToastLayer.stories.tsx[2m > [22m[2mBadge Awarded
[22m[39m[MOCK CourseVectorStore] Initialized with mock data
[90mstdout[2m | src/components/Gamification/GamificationToastLayer.stories.tsx[2m > [22m[2mBadge Awarded
[22m[39m[FilesContext] Vector store population triggered {
  "currentVectorStoreSize": 3,
  "documentsCount": 0,
  "filesCount": 6,
  "isInitialLoad": true,
}
[90mstdout[2m | src/components/Gamification/GamificationToastLayer.stories.tsx[2m > [22m[2mBadge Awarded
[22m[39m[FilesContext] Vector store population complete - 3 total embeddings
[90mstdout[2m | src/components/Gamification/GamificationToastLayer.stories.tsx[2m > [22m[2mBadge Awarded
[22m[39m[ChatContext] Chat exists and not archived, skipping creation
[90mstdout[2m | src/components/Gamification/GamificationToastLayer.stories.tsx[2m > [22m[2mEaster Egg
[22m[39m[ChatContext] Cleaning up subscriptions
[90mstdout[2m | src/components/Gamification/GamificationToastLayer.stories.tsx[2m > [22m[2mEaster Egg
[22m[39m[Mock Data] Unit.onUpdate() subscription removed. Remaining: 0
[90mstdout[2m | src/components/Gamification/GamificationToastLayer.stories.tsx[2m > [22m[2mEaster Egg
[22m[39m[MOCK CourseVectorStore] Initialized with mock data
[90mstdout[2m | src/components/Gamification/GamificationToastLayer.stories.tsx[2m > [22m[2mEaster Egg
[22m[39m[TranslationModeController] Setting mode to: off
[90mstdout[2m | src/components/Gamification/GamificationToastLayer.stories.tsx[2m > [22m[2mEaster Egg
[22m[39m[UnitContext] useEffect triggered {
  "authLoading": false,
  "hasUser": true,
  "id": "mock-unit-id",
  "userSub": "mock-user-sub",
}
[90mstdout[2m | src/components/Gamification/GamificationToastLayer.stories.tsx[2m > [22m[2mEaster Egg
[22m[39m[UnitContext] Fetching unit data for id: mock-unit-id
[90mstdout[2m | src/components/Gamification/GamificationToastLayer.stories.tsx[2m > [22m[2mEaster Egg
[22m[39m[FilesContext] Initializing vector store from IndexedDB
[90mstdout[2m | src/components/Gamification/GamificationToastLayer.stories.tsx[2m > [22m[2mEaster Egg
[22m[39m[FilesContext] fetchFiles called
[90mstdout[2m | src/components/Gamification/GamificationToastLayer.stories.tsx[2m > [22m[2mEaster Egg
[22m[39m[FilesContext] User authenticated: mock-user-sub
[90mstdout[2m | src/components/Gamification/GamificationToastLayer.stories.tsx[2m > [22m[2mEaster Egg
[22m[39m[FilesContext] Identity ID: us-east-1:mock-identity-123
[90mstdout[2m | src/components/Gamification/GamificationToastLayer.stories.tsx[2m > [22m[2mEaster Egg
[22m[39m[FilesContext] About to set up File observeQuery
[90mstdout[2m | src/components/Gamification/GamificationToastLayer.stories.tsx[2m > [22m[2mEaster Egg
[22m[39m[ChatContext] Setting up AssistantChat observeQuery
[90mstdout[2m | src/components/Gamification/GamificationToastLayer.stories.tsx[2m > [22m[2mEaster Egg
[22m[39m[ChatContext] Waiting for subscription to initialize
[90mstdout[2m | src/components/Gamification/GamificationToastLayer.stories.tsx[2m > [22m[2mEaster Egg
[22m[39m[SettingsContext] Setting up Settings subscription for user: mock-user-sub
[90mstdout[2m | src/components/Gamification/GamificationToastLayer.stories.tsx[2m > [22m[2mEaster Egg
[22m[39m[Mock Data] Settings created: mock-settings-1790419014585 - notified 0 subscribers
[90mstdout[2m | src/components/Gamification/GamificationToastLayer.stories.tsx[2m > [22m[2mEaster Egg
[22m[39m[Mock Data] Unit.onUpdate() subscription added. Total: 1
[90mstdout[2m | src/components/Gamification/GamificationToastLayer.stories.tsx[2m > [22m[2mEaster Egg
[22m[39m[SectionContext] Section observeQuery update: 0
[90mstdout[2m | src/components/Gamification/GamificationToastLayer.stories.tsx[2m > [22m[2mEaster Egg
[22m[39m[FilesContext] File observeQuery update: 6 files
[90mstdout[2m | src/components/Gamification/GamificationToastLayer.stories.tsx[2m > [22m[2mEaster Egg
[22m[39m[Mock Storage] downloadData called with: undefined
[90mstdout[2m | src/components/Gamification/GamificationToastLayer.stories.tsx[2m > [22m[2mEaster Egg
[22m[39m[ChatContext] AssistantChat initialized with 1 chats
[90mstdout[2m | src/components/Gamification/GamificationToastLayer.stories.tsx[2m > [22m[2mEaster Egg
[22m[39m[ChatContext] Setting initial chat: mock-assistant-chat-1
[90mstdout[2m | src/components/Gamification/GamificationToastLayer.stories.tsx[2m > [22m[2mEaster Egg
[22m[39m[MOCK CourseVectorStore] Initialized with mock data
[90mstdout[2m | src/components/Gamification/GamificationToastLayer.stories.tsx[2m > [22m[2mEaster Egg
[22m[39m[FilesContext] Vector store population triggered {
  "currentVectorStoreSize": 3,
  "documentsCount": 0,
  "filesCount": 6,
  "isInitialLoad": true,
}
[90mstdout[2m | src/components/Gamification/GamificationToastLayer.stories.tsx[2m > [22m[2mEaster Egg
[22m[39m[FilesContext] Vector store population complete - 3 total embeddings
[90mstdout[2m | src/components/Gamification/GamificationToastLayer.stories.tsx[2m > [22m[2mEaster Egg
[22m[39m[ChatContext] Chat exists and not archived, skipping creation
[90mstdout[2m | src/components/Gamification/GamificationToastLayer.stories.tsx[2m > [22m[2mRank Change
[22m[39m[ChatContext] Cleaning up subscriptions
[90mstdout[2m | src/components/Gamification/GamificationToastLayer.stories.tsx[2m > [22m[2mRank Change
[22m[39m[Mock Data] Unit.onUpdate() subscription removed. Remaining: 0
[90mstdout[2m | src/components/Gamification/GamificationToastLayer.stories.tsx[2m > [22m[2mRank Change
[22m[39m[MOCK CourseVectorStore] Initialized with mock data
[90mstdout[2m | src/components/Gamification/GamificationToastLayer.stories.tsx[2m > [22m[2mRank Change
[22m[39m[TranslationModeController] Setting mode to: off
[90mstdout[2m | src/components/Gamification/GamificationToastLayer.stories.tsx[2m > [22m[2mRank Change
[22m[39m[UnitContext] useEffect triggered {
  "authLoading": false,
  "hasUser": true,
  "id": "mock-unit-id",
  "userSub": "mock-user-sub",
}
[90mstdout[2m | src/components/Gamification/GamificationToastLayer.stories.tsx[2m > [22m[2mRank Change
[22m[39m[UnitContext] Fetching unit data for id: mock-unit-id
[90mstdout[2m | src/components/Gamification/GamificationToastLayer.stories.tsx[2m > [22m[2mRank Change
[22m[39m[FilesContext] Initializing vector store from IndexedDB
[90mstdout[2m | src/components/Gamification/GamificationToastLayer.stories.tsx[2m > [22m[2mRank Change
[22m[39m[FilesContext] fetchFiles called
[90mstdout[2m | src/components/Gamification/GamificationToastLayer.stories.tsx[2m > [22m[2mRank Change
[22m[39m[FilesContext] User authenticated: mock-user-sub
[90mstdout[2m | src/components/Gamification/GamificationToastLayer.stories.tsx[2m > [22m[2mRank Change
[22m[39m[FilesContext] Identity ID: us-east-1:mock-identity-123
[90mstdout[2m | src/components/Gamification/GamificationToastLayer.stories.tsx[2m > [22m[2mRank Change
[22m[39m[FilesContext] About to set up File observeQuery
[90mstdout[2m | src/components/Gamification/GamificationToastLayer.stories.tsx[2m > [22m[2mRank Change
[22m[39m[ChatContext] Setting up AssistantChat observeQuery
[90mstdout[2m | src/components/Gamification/GamificationToastLayer.stories.tsx[2m > [22m[2mRank Change
[22m[39m[ChatContext] Waiting for subscription to initialize
[90mstdout[2m | src/components/Gamification/GamificationToastLayer.stories.tsx[2m > [22m[2mRank Change
[22m[39m[SettingsContext] Setting up Settings subscription for user: mock-user-sub
[90mstdout[2m | src/components/Gamification/GamificationToastLayer.stories.tsx[2m > [22m[2mRank Change
[22m[39m[Mock Data] Settings created: mock-settings-1790419014683 - notified 0 subscribers
[90mstdout[2m | src/components/Gamification/GamificationToastLayer.stories.tsx[2m > [22m[2mRank Change
[22m[39m[Mock Data] Unit.onUpdate() subscription added. Total: 1
[90mstdout[2m | src/components/Gamification/GamificationToastLayer.stories.tsx[2m > [22m[2mRank Change
[22m[39m[SectionContext] Section observeQuery update: 0
[90mstdout[2m | src/components/Gamification/GamificationToastLayer.stories.tsx[2m > [22m[2mRank Change
[22m[39m[FilesContext] File observeQuery update: 6 files
[90mstdout[2m | src/components/Gamification/GamificationToastLayer.stories.tsx[2m > [22m[2mRank Change
[22m[39m[ChatContext] AssistantChat initialized with 1 chats
[90mstdout[2m | src/components/Gamification/GamificationToastLayer.stories.tsx[2m > [22m[2mRank Change
[22m[39m[ChatContext] Setting initial chat: mock-assistant-chat-1
[90mstdout[2m | src/components/Gamification/GamificationToastLayer.stories.tsx[2m > [22m[2mRank Change
[22m[39m[Mock Storage] downloadData called with: undefined
[90mstdout[2m | src/components/Gamification/GamificationToastLayer.stories.tsx[2m > [22m[2mRank Change
[22m[39m[MOCK CourseVectorStore] Initialized with mock data
[90mstdout[2m | src/components/Gamification/GamificationToastLayer.stories.tsx[2m > [22m[2mRank Change
[22m[39m[FilesContext] Vector store population triggered {
  "currentVectorStoreSize": 3,
  "documentsCount": 0,
  "filesCount": 6,
  "isInitialLoad": true,
}
[90mstdout[2m | src/components/Gamification/GamificationToastLayer.stories.tsx[2m > [22m[2mRank Change
[22m[39m[FilesContext] Vector store population complete - 3 total embeddings
[90mstdout[2m | src/components/Gamification/GamificationToastLayer.stories.tsx[2m > [22m[2mRank Change
[22m[39m[ChatContext] Chat exists and not archived, skipping creation
 [32m✓[39m [30m[45m storybook (chromium) [49m[39m src/components/Gamification/GamificationToastLayer.stories.tsx [2m([22m[2m4 tests[22m[2m)[22m[33m 405[2mms[22m[39m
[90mstdout[2m | unknown test
[22m[39m[MOCK vectorStoreDB.js] Module loaded - mock IndexedDB operations
[90mstdout[2m | unknown test
[22m[39m[Task Completion] DOM action listeners initialized
[90mstdout[2m | unknown test
[22m[39m[Task Completion] Auto-completion detector initialized
[90mstdout[2m | unknown test
[22m[39m[Preview] Task completion detector initialized
[90mstdout[2m | src/stories/SidebarNavigation.stories.tsx[2m > [22m[2mSidebar Navigation
[22m[39m[MOCK CourseVectorStore] Initialized with mock data
[90mstdout[2m | src/stories/SidebarNavigation.stories.tsx[2m > [22m[2mSidebar Navigation
[22m[39m[TranslationModeController] Setting mode to: off
[90mstdout[2m | src/stories/SidebarNavigation.stories.tsx[2m > [22m[2mSidebar Navigation
[22m[39m[UnitContext] useEffect triggered {
  "authLoading": false,
  "hasUser": true,
  "id": "mock-unit-id",
  "userSub": "mock-user-sub",
}
[90mstdout[2m | src/stories/SidebarNavigation.stories.tsx[2m > [22m[2mSidebar Navigation
[22m[39m[UnitContext] Fetching unit data for id: mock-unit-id
[90mstdout[2m | src/stories/SidebarNavigation.stories.tsx[2m > [22m[2mSidebar Navigation
[22m[39m[FilesContext] Initializing vector store from IndexedDB
[90mstdout[2m | src/stories/SidebarNavigation.stories.tsx[2m > [22m[2mSidebar Navigation
[22m[39m[FilesContext] fetchFiles called
[90mstdout[2m | src/stories/SidebarNavigation.stories.tsx[2m > [22m[2mSidebar Navigation
[22m[39m[FilesContext] User authenticated: mock-user-sub
[90mstdout[2m | src/stories/SidebarNavigation.stories.tsx[2m > [22m[2mSidebar Navigation
[22m[39m[FilesContext] Identity ID: us-east-1:mock-identity-123
[90mstdout[2m | src/stories/SidebarNavigation.stories.tsx[2m > [22m[2mSidebar Navigation
[22m[39m[FilesContext] About to set up File observeQuery
[90mstdout[2m | src/stories/SidebarNavigation.stories.tsx[2m > [22m[2mSidebar Navigation
[22m[39m[ChatContext] Setting up AssistantChat observeQuery
[90mstdout[2m | src/stories/SidebarNavigation.stories.tsx[2m > [22m[2mSidebar Navigation
[22m[39m[ChatContext] Waiting for subscription to initialize
[90mstdout[2m | src/stories/SidebarNavigation.stories.tsx[2m > [22m[2mSidebar Navigation
[22m[39m[SettingsContext] Setting up Settings subscription for user: mock-user-sub
[90mstdout[2m | src/stories/SidebarNavigation.stories.tsx[2m > [22m[2mSidebar Navigation
[22m[39m[Mock Data] Settings created: mock-settings-1790419015197 - notified 0 subscribers
[90mstdout[2m | src/stories/SidebarNavigation.stories.tsx[2m > [22m[2mSidebar Navigation
[22m[39m[Mock Data] Unit.onUpdate() subscription added. Total: 1
[90mstdout[2m | src/stories/SidebarNavigation.stories.tsx[2m > [22m[2mSidebar Navigation
[22m[39m[SectionContext] Section observeQuery update: 0
[90mstdout[2m | src/stories/SidebarNavigation.stories.tsx[2m > [22m[2mSidebar Navigation
[22m[39m[FilesContext] File observeQuery update: 6 files
[90mstdout[2m | src/stories/SidebarNavigation.stories.tsx[2m > [22m[2mSidebar Navigation
[22m[39m[ChatContext] AssistantChat initialized with 1 chats
[90mstdout[2m | src/stories/SidebarNavigation.stories.tsx[2m > [22m[2mSidebar Navigation
[22m[39m[ChatContext] Setting initial chat: mock-assistant-chat-1
[90mstdout[2m | src/stories/SidebarNavigation.stories.tsx[2m > [22m[2mSidebar Navigation
[22m[39m[MOCK CourseVectorStore] Initialized with mock data
[90mstdout[2m | src/stories/SidebarNavigation.stories.tsx[2m > [22m[2mSidebar Navigation
[22m[39m[FilesContext] Vector store population triggered {
  "currentVectorStoreSize": 3,
  "documentsCount": 0,
  "filesCount": 6,
  "isInitialLoad": true,
}
[90mstdout[2m | src/stories/SidebarNavigation.stories.tsx[2m > [22m[2mSidebar Navigation
[22m[39m[FilesContext] Vector store population complete - 3 total embeddings
[90mstdout[2m | src/stories/SidebarNavigation.stories.tsx[2m > [22m[2mSidebar Navigation
[22m[39m[ChatContext] Chat exists and not archived, skipping creation
[90mstdout[2m | src/stories/SidebarNavigation.stories.tsx[2m > [22m[2mSidebar Navigation
[22m[39m[Mock Storage] downloadData called with: undefined
 [32m✓[39m [30m[45m storybook (chromium) [49m[39m src/stories/SidebarNavigation.stories.tsx [2m([22m[2m1 test[22m[2m)[22m[32m 183[2mms[22m[39m
[90mstdout[2m | unknown test
[22m[39m[MOCK vectorStoreDB.js] Module loaded - mock IndexedDB operations
[90mstdout[2m | unknown test
[22m[39m[Task Completion] DOM action listeners initialized
[90mstdout[2m | unknown test
[22m[39m[Task Completion] Auto-completion detector initialized
[90mstdout[2m | unknown test
[22m[39m[Preview] Task completion detector initialized
[90mstdout[2m | src/components/Gamification/CampaignBriefing.stories.tsx[2m > [22m[2mDefault
[22m[39m[TranslationModeController] Setting mode to: off
[90mstdout[2m | src/components/Gamification/CampaignBriefing.stories.tsx[2m > [22m[2mLoading
[22m[39m[TranslationModeController] Setting mode to: off
[90mstdout[2m | src/components/Gamification/CampaignBriefing.stories.tsx[2m > [22m[2mCompact
[22m[39m[TranslationModeController] Setting mode to: off
[90mstdout[2m | src/components/Gamification/CampaignBriefing.stories.tsx[2m > [22m[2mSetting Only
[22m[39m[TranslationModeController] Setting mode to: off
[90mstdout[2m | src/components/Gamification/CampaignBriefing.stories.tsx[2m > [22m[2mWith Embedded Content
[22m[39m[TranslationModeController] Setting mode to: off
 [32m✓[39m [30m[45m storybook (chromium) [49m[39m src/components/Gamification/CampaignBriefing.stories.tsx [2m([22m[2m5 tests[22m[2m)[22m[33m 398[2mms[22m[39m
[90mstdout[2m | unknown test
[22m[39m[MOCK vectorStoreDB.js] Module loaded - mock IndexedDB operations
[90mstdout[2m | unknown test
[22m[39m[Task Completion] DOM action listeners initialized
[90mstdout[2m | unknown test
[22m[39m[Task Completion] Auto-completion detector initialized
[90mstdout[2m | unknown test
[22m[39m[Preview] Task completion detector initialized
[90mstdout[2m | src/components/Gamification/ArmoriaShield.stories.tsx[2m > [22m[2mFallback Initials
[22m[39m[TranslationModeController] Setting mode to: off
[90mstdout[2m | src/components/Gamification/ArmoriaShield.stories.tsx[2m > [22m[2mUnlocked No Design
[22m[39m[TranslationModeController] Setting mode to: off
[90mstdout[2m | src/components/Gamification/ArmoriaShield.stories.tsx[2m > [22m[2mCustom Crest
[22m[39m[TranslationModeController] Setting mode to: off
[90mstdout[2m | src/components/Gamification/ArmoriaShield.stories.tsx[2m > [22m[2mLarge Size
[22m[39m[TranslationModeController] Setting mode to: off
 [32m✓[39m [30m[45m storybook (chromium) [49m[39m src/components/Gamification/ArmoriaShield.stories.tsx [2m([22m[2m4 tests[22m[2m)[22m[33m 308[2mms[22m[39m
[90mstdout[2m | unknown test
[22m[39m[MOCK vectorStoreDB.js] Module loaded - mock IndexedDB operations
[90mstdout[2m | unknown test
[22m[39m[Task Completion] DOM action listeners initialized
[90mstdout[2m | unknown test
[22m[39m[Task Completion] Auto-completion detector initialized
[90mstdout[2m | unknown test
[22m[39m[Preview] Task completion detector initialized
[90mstdout[2m | src/components/Editor3/components/ConfigurationManager.stories.jsx[2m > [22m[2mDefault
[22m[39m[MOCK CourseVectorStore] Initialized with mock data
[90mstdout[2m | src/components/Editor3/components/ConfigurationManager.stories.jsx[2m > [22m[2mDefault
[22m[39m[TranslationModeController] Setting mode to: off
[90mstdout[2m | src/components/Editor3/components/ConfigurationManager.stories.jsx[2m > [22m[2mDefault
[22m[39m[FilesContext] Initializing vector store from IndexedDB
[90mstdout[2m | src/components/Editor3/components/ConfigurationManager.stories.jsx[2m > [22m[2mDefault
[22m[39m[FilesContext] fetchFiles called
[90mstdout[2m | src/components/Editor3/components/ConfigurationManager.stories.jsx[2m > [22m[2mDefault
[22m[39m[FilesContext] User authenticated: mock-user-sub
[90mstdout[2m | src/components/Editor3/components/ConfigurationManager.stories.jsx[2m > [22m[2mDefault
[22m[39m[FilesContext] Identity ID: us-east-1:mock-identity-123
[90mstdout[2m | src/components/Editor3/components/ConfigurationManager.stories.jsx[2m > [22m[2mDefault
[22m[39m[FilesContext] About to set up File observeQuery
[90mstdout[2m | src/components/Editor3/components/ConfigurationManager.stories.jsx[2m > [22m[2mDefault
[22m[39m[ChatContext] Setting up AssistantChat observeQuery
[90mstdout[2m | src/components/Editor3/components/ConfigurationManager.stories.jsx[2m > [22m[2mDefault
[22m[39m[ChatContext] Waiting for subscription to initialize
[90mstdout[2m | src/components/Editor3/components/ConfigurationManager.stories.jsx[2m > [22m[2mDefault
[22m[39m[SettingsContext] Setting up Settings subscription for user: mock-user-sub
[90mstdout[2m | src/components/Editor3/components/ConfigurationManager.stories.jsx[2m > [22m[2mDefault
[22m[39m[Mock Data] Settings created: mock-settings-1790419020364 - notified 0 subscribers
[90mstdout[2m | src/components/Editor3/components/ConfigurationManager.stories.jsx[2m > [22m[2mDefault
[22m[39m[FilesContext] File observeQuery update: 6 files
[90mstdout[2m | src/components/Editor3/components/ConfigurationManager.stories.jsx[2m > [22m[2mDefault
[22m[39m[ChatContext] AssistantChat initialized with 1 chats
[90mstdout[2m | src/components/Editor3/components/ConfigurationManager.stories.jsx[2m > [22m[2mDefault
[22m[39m[ChatContext] Setting initial chat: mock-assistant-chat-1
[90mstdout[2m | src/components/Editor3/components/ConfigurationManager.stories.jsx[2m > [22m[2mDefault
[22m[39m[MOCK CourseVectorStore] Initialized with mock data
[90mstdout[2m | src/components/Editor3/components/ConfigurationManager.stories.jsx[2m > [22m[2mDefault
[22m[39m[FilesContext] Vector store population triggered {
  "currentVectorStoreSize": 3,
  "documentsCount": 0,
  "filesCount": 6,
  "isInitialLoad": true,
}
[90mstdout[2m | src/components/Editor3/components/ConfigurationManager.stories.jsx[2m > [22m[2mDefault
[22m[39m[FilesContext] Vector store population complete - 3 total embeddings
[90mstdout[2m | src/components/Editor3/components/ConfigurationManager.stories.jsx[2m > [22m[2mDefault
[22m[39m[ChatContext] Chat exists and not archived, skipping creation
[90mstdout[2m | src/components/Editor3/components/ConfigurationManager.stories.jsx[2m > [22m[2mDefault
[22m[39m[Mock Storage] downloadData called with: undefined
[90mstdout[2m | src/components/Editor3/components/ConfigurationManager.stories.jsx[2m > [22m[2mWith Featured Image
[22m[39m[ChatContext] Cleaning up subscriptions
[90mstdout[2m | src/components/Editor3/components/ConfigurationManager.stories.jsx[2m > [22m[2mWith Featured Image
[22m[39m[MOCK CourseVectorStore] Initialized with mock data
[90mstdout[2m | src/components/Editor3/components/ConfigurationManager.stories.jsx[2m > [22m[2mWith Featured Image
[22m[39m[TranslationModeController] Setting mode to: off
[90mstdout[2m | src/components/Editor3/components/ConfigurationManager.stories.jsx[2m > [22m[2mWith Featured Image
[22m[39m[FilesContext] Initializing vector store from IndexedDB
[90mstdout[2m | src/components/Editor3/components/ConfigurationManager.stories.jsx[2m > [22m[2mWith Featured Image
[22m[39m[FilesContext] fetchFiles called
[90mstdout[2m | src/components/Editor3/components/ConfigurationManager.stories.jsx[2m > [22m[2mWith Featured Image
[22m[39m[FilesContext] User authenticated: mock-user-sub
[90mstdout[2m | src/components/Editor3/components/ConfigurationManager.stories.jsx[2m > [22m[2mWith Featured Image
[22m[39m[FilesContext] Identity ID: us-east-1:mock-identity-123
[90mstdout[2m | src/components/Editor3/components/ConfigurationManager.stories.jsx[2m > [22m[2mWith Featured Image
[22m[39m[FilesContext] About to set up File observeQuery
[90mstdout[2m | src/components/Editor3/components/ConfigurationManager.stories.jsx[2m > [22m[2mWith Featured Image
[22m[39m[ChatContext] Setting up AssistantChat observeQuery
[90mstdout[2m | src/components/Editor3/components/ConfigurationManager.stories.jsx[2m > [22m[2mWith Featured Image
[22m[39m[ChatContext] Waiting for subscription to initialize
[90mstdout[2m | src/components/Editor3/components/ConfigurationManager.stories.jsx[2m > [22m[2mWith Featured Image
[22m[39m[SettingsContext] Setting up Settings subscription for user: mock-user-sub
[90mstdout[2m | src/components/Editor3/components/ConfigurationManager.stories.jsx[2m > [22m[2mWith Featured Image
[22m[39m[Mock Data] Settings created: mock-settings-1790419020537 - notified 0 subscribers
[90mstdout[2m | src/components/Editor3/components/ConfigurationManager.stories.jsx[2m > [22m[2mWith Featured Image
[22m[39m[FilesContext] File observeQuery update: 6 files
[90mstdout[2m | src/components/Editor3/components/ConfigurationManager.stories.jsx[2m > [22m[2mWith Featured Image
[22m[39m[ChatContext] AssistantChat initialized with 1 chats
[90mstdout[2m | src/components/Editor3/components/ConfigurationManager.stories.jsx[2m > [22m[2mWith Featured Image
[22m[39m[ChatContext] Setting initial chat: mock-assistant-chat-1
[90mstdout[2m | src/components/Editor3/components/ConfigurationManager.stories.jsx[2m > [22m[2mWith Featured Image
[22m[39m[MOCK CourseVectorStore] Initialized with mock data
[90mstdout[2m | src/components/Editor3/components/ConfigurationManager.stories.jsx[2m > [22m[2mWith Featured Image
[22m[39mMock Cache.getItem called with: getCachedUrl_/story-mocks/animals-10008941_1280.jpg
[90mstdout[2m | src/components/Editor3/components/ConfigurationManager.stories.jsx[2m > [22m[2mWith Featured Image
[22m[39m[FilesContext] Vector store population triggered {
  "currentVectorStoreSize": 3,
  "documentsCount": 0,
  "filesCount": 6,
  "isInitialLoad": true,
}
[90mstdout[2m | src/components/Editor3/components/ConfigurationManager.stories.jsx[2m > [22m[2mWith Featured Image
[22m[39m[FilesContext] Vector store population complete - 3 total embeddings
[90mstdout[2m | src/components/Editor3/components/ConfigurationManager.stories.jsx[2m > [22m[2mWith Featured Image
[22m[39m[ChatContext] Chat exists and not archived, skipping creation
[90mstdout[2m | src/components/Editor3/components/ConfigurationManager.stories.jsx[2m > [22m[2mWith Featured Image
[22m[39mMock getUrl called with: /story-mocks/animals-10008941_1280.jpg
[90mstdout[2m | src/components/Editor3/components/ConfigurationManager.stories.jsx[2m > [22m[2mWith Featured Image
[22m[39mMock Cache.setItem called with: getCachedUrl_/story-mocks/animals-10008941_1280.jpg /story-mocks/animals-10008941_1280.jpg
[90mstdout[2m | src/components/Editor3/components/ConfigurationManager.stories.jsx[2m > [22m[2mWith Featured Image
[22m[39m[Mock Storage] downloadData called with: undefined
 [32m✓[39m [30m[45m storybook (chromium) [49m[39m src/components/Editor3/components/ConfigurationManager.stories.jsx [2m([22m[2m2 tests[22m[2m)[22m[33m 374[2mms[22m[39m
[90mstdout[2m | unknown test
[22m[39m[MOCK vectorStoreDB.js] Module loaded - mock IndexedDB operations
[90mstdout[2m | unknown test
[22m[39m[Task Completion] DOM action listeners initialized
[90mstdout[2m | unknown test
[22m[39m[Task Completion] Auto-completion detector initialized
[90mstdout[2m | unknown test
[22m[39m[Preview] Task completion detector initialized
[90mstdout[2m | src/components/Gamification/PersonalBestBanner.stories.tsx[2m > [22m[2mImprovement
[22m[39m[MOCK CourseVectorStore] Initialized with mock data
[90mstdout[2m | src/components/Gamification/PersonalBestBanner.stories.tsx[2m > [22m[2mImprovement
[22m[39m[TranslationModeController] Setting mode to: off
[90mstdout[2m | src/components/Gamification/PersonalBestBanner.stories.tsx[2m > [22m[2mImprovement
[22m[39m[UnitContext] useEffect triggered {
  "authLoading": false,
  "hasUser": true,
  "id": "mock-unit-id",
  "userSub": "mock-user-sub",
}
[90mstdout[2m | src/components/Gamification/PersonalBestBanner.stories.tsx[2m > [22m[2mImprovement
[22m[39m[UnitContext] Fetching unit data for id: mock-unit-id
[90mstdout[2m | src/components/Gamification/PersonalBestBanner.stories.tsx[2m > [22m[2mImprovement
[22m[39m[FilesContext] Initializing vector store from IndexedDB
[90mstdout[2m | src/components/Gamification/PersonalBestBanner.stories.tsx[2m > [22m[2mImprovement
[22m[39m[FilesContext] fetchFiles called
[90mstdout[2m | src/components/Gamification/PersonalBestBanner.stories.tsx[2m > [22m[2mImprovement
[22m[39m[FilesContext] User authenticated: mock-user-sub
[90mstdout[2m | src/components/Gamification/PersonalBestBanner.stories.tsx[2m > [22m[2mImprovement
[22m[39m[FilesContext] Identity ID: us-east-1:mock-identity-123
[90mstdout[2m | src/components/Gamification/PersonalBestBanner.stories.tsx[2m > [22m[2mImprovement
[22m[39m[FilesContext] About to set up File observeQuery
[90mstdout[2m | src/components/Gamification/PersonalBestBanner.stories.tsx[2m > [22m[2mImprovement
[22m[39m[ChatContext] Setting up AssistantChat observeQuery
[90mstdout[2m | src/components/Gamification/PersonalBestBanner.stories.tsx[2m > [22m[2mImprovement
[22m[39m[ChatContext] Waiting for subscription to initialize
[90mstdout[2m | src/components/Gamification/PersonalBestBanner.stories.tsx[2m > [22m[2mImprovement
[22m[39m[SettingsContext] Setting up Settings subscription for user: mock-user-sub
[90mstdout[2m | src/components/Gamification/PersonalBestBanner.stories.tsx[2m > [22m[2mImprovement
[22m[39m[Mock Data] Settings created: mock-settings-1790419021125 - notified 0 subscribers
[90mstdout[2m | src/components/Gamification/PersonalBestBanner.stories.tsx[2m > [22m[2mImprovement
[22m[39m[Mock Data] Unit.onUpdate() subscription added. Total: 1
[90mstdout[2m | src/components/Gamification/PersonalBestBanner.stories.tsx[2m > [22m[2mImprovement
[22m[39m[SectionContext] Section observeQuery update: 0
[90mstdout[2m | src/components/Gamification/PersonalBestBanner.stories.tsx[2m > [22m[2mImprovement
[22m[39m[FilesContext] File observeQuery update: 6 files
[90mstdout[2m | src/components/Gamification/PersonalBestBanner.stories.tsx[2m > [22m[2mImprovement
[22m[39m[ChatContext] AssistantChat initialized with 1 chats
[90mstdout[2m | src/components/Gamification/PersonalBestBanner.stories.tsx[2m > [22m[2mImprovement
[22m[39m[ChatContext] Setting initial chat: mock-assistant-chat-1
[90mstdout[2m | src/components/Gamification/PersonalBestBanner.stories.tsx[2m > [22m[2mImprovement
[22m[39m[MOCK CourseVectorStore] Initialized with mock data
[90mstdout[2m | src/components/Gamification/PersonalBestBanner.stories.tsx[2m > [22m[2mImprovement
[22m[39m[FilesContext] Vector store population triggered {
  "currentVectorStoreSize": 3,
  "documentsCount": 0,
  "filesCount": 6,
  "isInitialLoad": true,
}
[90mstdout[2m | src/components/Gamification/PersonalBestBanner.stories.tsx[2m > [22m[2mImprovement
[22m[39m[FilesContext] Vector store population complete - 3 total embeddings
[90mstdout[2m | src/components/Gamification/PersonalBestBanner.stories.tsx[2m > [22m[2mImprovement
[22m[39m[ChatContext] Chat exists and not archived, skipping creation
[90mstdout[2m | src/components/Gamification/PersonalBestBanner.stories.tsx[2m > [22m[2mImprovement
[22m[39m[Mock Storage] downloadData called with: undefined
[90mstdout[2m | src/components/Gamification/PersonalBestBanner.stories.tsx[2m > [22m[2mFirst Attempt
[22m[39m[ChatContext] Cleaning up subscriptions
[90mstdout[2m | src/components/Gamification/PersonalBestBanner.stories.tsx[2m > [22m[2mFirst Attempt
[22m[39m[Mock Data] Unit.onUpdate() subscription removed. Remaining: 0
[90mstdout[2m | src/components/Gamification/PersonalBestBanner.stories.tsx[2m > [22m[2mFirst Attempt
[22m[39m[MOCK CourseVectorStore] Initialized with mock data
[90mstdout[2m | src/components/Gamification/PersonalBestBanner.stories.tsx[2m > [22m[2mFirst Attempt
[22m[39m[TranslationModeController] Setting mode to: off
[90mstdout[2m | src/components/Gamification/PersonalBestBanner.stories.tsx[2m > [22m[2mFirst Attempt
[22m[39m[UnitContext] useEffect triggered {
  "authLoading": false,
  "hasUser": true,
  "id": "mock-unit-id",
  "userSub": "mock-user-sub",
}
[90mstdout[2m | src/components/Gamification/PersonalBestBanner.stories.tsx[2m > [22m[2mFirst Attempt
[22m[39m[UnitContext] Fetching unit data for id: mock-unit-id
[90mstdout[2m | src/components/Gamification/PersonalBestBanner.stories.tsx[2m > [22m[2mFirst Attempt
[22m[39m[FilesContext] Initializing vector store from IndexedDB
[90mstdout[2m | src/components/Gamification/PersonalBestBanner.stories.tsx[2m > [22m[2mFirst Attempt
[22m[39m[FilesContext] fetchFiles called
[90mstdout[2m | src/components/Gamification/PersonalBestBanner.stories.tsx[2m > [22m[2mFirst Attempt
[22m[39m[FilesContext] User authenticated: mock-user-sub
[90mstdout[2m | src/components/Gamification/PersonalBestBanner.stories.tsx[2m > [22m[2mFirst Attempt
[22m[39m[FilesContext] Identity ID: us-east-1:mock-identity-123
[90mstdout[2m | src/components/Gamification/PersonalBestBanner.stories.tsx[2m > [22m[2mFirst Attempt
[22m[39m[FilesContext] About to set up File observeQuery
[90mstdout[2m | src/components/Gamification/PersonalBestBanner.stories.tsx[2m > [22m[2mFirst Attempt
[22m[39m[ChatContext] Setting up AssistantChat observeQuery
[90mstdout[2m | src/components/Gamification/PersonalBestBanner.stories.tsx[2m > [22m[2mFirst Attempt
[22m[39m[ChatContext] Waiting for subscription to initialize
[90mstdout[2m | src/components/Gamification/PersonalBestBanner.stories.tsx[2m > [22m[2mFirst Attempt
[22m[39m[SettingsContext] Setting up Settings subscription for user: mock-user-sub
[90mstdout[2m | src/components/Gamification/PersonalBestBanner.stories.tsx[2m > [22m[2mFirst Attempt
[22m[39m[Mock Data] Settings created: mock-settings-1790419021321 - notified 0 subscribers
[90mstdout[2m | src/components/Gamification/PersonalBestBanner.stories.tsx[2m > [22m[2mFirst Attempt
[22m[39m[Mock Data] Unit.onUpdate() subscription added. Total: 1
[90mstdout[2m | src/components/Gamification/PersonalBestBanner.stories.tsx[2m > [22m[2mFirst Attempt
[22m[39m[SectionContext] Section observeQuery update: 0
[90mstdout[2m | src/components/Gamification/PersonalBestBanner.stories.tsx[2m > [22m[2mFirst Attempt
[22m[39m[FilesContext] File observeQuery update: 6 files
[90mstdout[2m | src/components/Gamification/PersonalBestBanner.stories.tsx[2m > [22m[2mFirst Attempt
[22m[39m[ChatContext] AssistantChat initialized with 1 chats
[90mstdout[2m | src/components/Gamification/PersonalBestBanner.stories.tsx[2m > [22m[2mFirst Attempt
[22m[39m[ChatContext] Setting initial chat: mock-assistant-chat-1
[90mstdout[2m | src/components/Gamification/PersonalBestBanner.stories.tsx[2m > [22m[2mFirst Attempt
[22m[39m[MOCK CourseVectorStore] Initialized with mock data
[90mstdout[2m | src/components/Gamification/PersonalBestBanner.stories.tsx[2m > [22m[2mFirst Attempt
[22m[39m[FilesContext] Vector store population triggered {
  "currentVectorStoreSize": 3,
  "documentsCount": 0,
  "filesCount": 6,
  "isInitialLoad": true,
}
[90mstdout[2m | src/components/Gamification/PersonalBestBanner.stories.tsx[2m > [22m[2mFirst Attempt
[22m[39m[FilesContext] Vector store population complete - 3 total embeddings
[90mstdout[2m | src/components/Gamification/PersonalBestBanner.stories.tsx[2m > [22m[2mFirst Attempt
[22m[39m[ChatContext] Chat exists and not archived, skipping creation
[90mstdout[2m | src/components/Gamification/PersonalBestBanner.stories.tsx[2m > [22m[2mFirst Attempt
[22m[39m[Mock Storage] downloadData called with: undefined
[90mstdout[2m | src/components/Gamification/PersonalBestBanner.stories.tsx[2m > [22m[2mPerfect Score
[22m[39m[ChatContext] Cleaning up subscriptions
[90mstdout[2m | src/components/Gamification/PersonalBestBanner.stories.tsx[2m > [22m[2mPerfect Score
[22m[39m[Mock Data] Unit.onUpdate() subscription removed. Remaining: 0
[90mstdout[2m | src/components/Gamification/PersonalBestBanner.stories.tsx[2m > [22m[2mPerfect Score
[22m[39m[MOCK CourseVectorStore] Initialized with mock data
[90mstdout[2m | src/components/Gamification/PersonalBestBanner.stories.tsx[2m > [22m[2mPerfect Score
[22m[39m[TranslationModeController] Setting mode to: off
[90mstdout[2m | src/components/Gamification/PersonalBestBanner.stories.tsx[2m > [22m[2mPerfect Score
[22m[39m[UnitContext] useEffect triggered {
  "authLoading": false,
  "hasUser": true,
  "id": "mock-unit-id",
  "userSub": "mock-user-sub",
}
[90mstdout[2m | src/components/Gamification/PersonalBestBanner.stories.tsx[2m > [22m[2mPerfect Score
[22m[39m[UnitContext] Fetching unit data for id: mock-unit-id
[90mstdout[2m | src/components/Gamification/PersonalBestBanner.stories.tsx[2m > [22m[2mPerfect Score
[22m[39m[FilesContext] Initializing vector store from IndexedDB
[90mstdout[2m | src/components/Gamification/PersonalBestBanner.stories.tsx[2m > [22m[2mPerfect Score
[22m[39m[FilesContext] fetchFiles called
[90mstdout[2m | src/components/Gamification/PersonalBestBanner.stories.tsx[2m > [22m[2mPerfect Score
[22m[39m[FilesContext] User authenticated: mock-user-sub
[90mstdout[2m | src/components/Gamification/PersonalBestBanner.stories.tsx[2m > [22m[2mPerfect Score
[22m[39m[FilesContext] Identity ID: us-east-1:mock-identity-123
[90mstdout[2m | src/components/Gamification/PersonalBestBanner.stories.tsx[2m > [22m[2mPerfect Score
[22m[39m[FilesContext] About to set up File observeQuery
[90mstdout[2m | src/components/Gamification/PersonalBestBanner.stories.tsx[2m > [22m[2mPerfect Score
[22m[39m[ChatContext] Setting up AssistantChat observeQuery
[90mstdout[2m | src/components/Gamification/PersonalBestBanner.stories.tsx[2m > [22m[2mPerfect Score
[22m[39m[ChatContext] Waiting for subscription to initialize
[90mstdout[2m | src/components/Gamification/PersonalBestBanner.stories.tsx[2m > [22m[2mPerfect Score
[22m[39m[SettingsContext] Setting up Settings subscription for user: mock-user-sub
[90mstdout[2m | src/components/Gamification/PersonalBestBanner.stories.tsx[2m > [22m[2mPerfect Score
[22m[39m[Mock Data] Settings created: mock-settings-1790419021438 - notified 0 subscribers
[90mstdout[2m | src/components/Gamification/PersonalBestBanner.stories.tsx[2m > [22m[2mPerfect Score
[22m[39m[Mock Data] Unit.onUpdate() subscription added. Total: 1
[90mstdout[2m | src/components/Gamification/PersonalBestBanner.stories.tsx[2m > [22m[2mPerfect Score
[22m[39m[SectionContext] Section observeQuery update: 0
[90mstdout[2m | src/components/Gamification/PersonalBestBanner.stories.tsx[2m > [22m[2mPerfect Score
[22m[39m[FilesContext] File observeQuery update: 6 files
[90mstdout[2m | src/components/Gamification/PersonalBestBanner.stories.tsx[2m > [22m[2mPerfect Score
[22m[39m[ChatContext] AssistantChat initialized with 1 chats
[90mstdout[2m | src/components/Gamification/PersonalBestBanner.stories.tsx[2m > [22m[2mPerfect Score
[22m[39m[ChatContext] Setting initial chat: mock-assistant-chat-1
[90mstdout[2m | src/components/Gamification/PersonalBestBanner.stories.tsx[2m > [22m[2mPerfect Score
[22m[39m[Mock Storage] downloadData called with: undefined
[90mstdout[2m | src/components/Gamification/PersonalBestBanner.stories.tsx[2m > [22m[2mPerfect Score
[22m[39m[MOCK CourseVectorStore] Initialized with mock data
[90mstdout[2m | src/components/Gamification/PersonalBestBanner.stories.tsx[2m > [22m[2mPerfect Score
[22m[39m[FilesContext] Vector store population triggered {
  "currentVectorStoreSize": 3,
  "documentsCount": 0,
  "filesCount": 6,
  "isInitialLoad": true,
}
[90mstdout[2m | src/components/Gamification/PersonalBestBanner.stories.tsx[2m > [22m[2mPerfect Score
[22m[39m[FilesContext] Vector store population complete - 3 total embeddings
[90mstdout[2m | src/components/Gamification/PersonalBestBanner.stories.tsx[2m > [22m[2mPerfect Score
[22m[39m[ChatContext] Chat exists and not archived, skipping creation
 [32m✓[39m [30m[45m storybook (chromium) [49m[39m src/components/Gamification/PersonalBestBanner.stories.tsx [2m([22m[2m3 tests[22m[2m)[22m[33m 464[2mms[22m[39m
[90mstdout[2m | unknown test
[22m[39m[MOCK vectorStoreDB.js] Module loaded - mock IndexedDB operations
[90mstdout[2m | unknown test
[22m[39m[Task Completion] DOM action listeners initialized
[90mstdout[2m | unknown test
[22m[39m[Task Completion] Auto-completion detector initialized
[90mstdout[2m | unknown test
[22m[39m[Preview] Task completion detector initialized
[90mstdout[2m | src/components/Editor3/NarrativeReader.stories.tsx[2m > [22m[2mDefault
[22m[39m[MOCK CourseVectorStore] Initialized with mock data
[90mstdout[2m | src/components/Editor3/NarrativeReader.stories.tsx[2m > [22m[2mDefault
[22m[39m[TranslationModeController] Setting mode to: off
[90mstdout[2m | src/components/Editor3/NarrativeReader.stories.tsx[2m > [22m[2mDefault
[22m[39m[UnitContext] useEffect triggered {
  "authLoading": false,
  "hasUser": true,
  "id": "mock-unit-id",
  "userSub": "mock-user-sub",
}
[90mstdout[2m | src/components/Editor3/NarrativeReader.stories.tsx[2m > [22m[2mDefault
[22m[39m[UnitContext] Fetching unit data for id: mock-unit-id
[90mstdout[2m | src/components/Editor3/NarrativeReader.stories.tsx[2m > [22m[2mDefault
[22m[39m[FilesContext] Initializing vector store from IndexedDB
[90mstdout[2m | src/components/Editor3/NarrativeReader.stories.tsx[2m > [22m[2mDefault
[22m[39m[FilesContext] fetchFiles called
[90mstdout[2m | src/components/Editor3/NarrativeReader.stories.tsx[2m > [22m[2mDefault
[22m[39m[FilesContext] User authenticated: mock-user-sub
[90mstdout[2m | src/components/Editor3/NarrativeReader.stories.tsx[2m > [22m[2mDefault
[22m[39m[FilesContext] Identity ID: us-east-1:mock-identity-123
[90mstdout[2m | src/components/Editor3/NarrativeReader.stories.tsx[2m > [22m[2mDefault
[22m[39m[FilesContext] About to set up File observeQuery
[90mstdout[2m | src/components/Editor3/NarrativeReader.stories.tsx[2m > [22m[2mDefault
[22m[39m[ChatContext] Setting up AssistantChat observeQuery
[90mstdout[2m | src/components/Editor3/NarrativeReader.stories.tsx[2m > [22m[2mDefault
[22m[39m[ChatContext] Waiting for subscription to initialize
[90mstdout[2m | src/components/Editor3/NarrativeReader.stories.tsx[2m > [22m[2mDefault
[22m[39m[SettingsContext] Setting up Settings subscription for user: mock-user-sub
[90mstdout[2m | src/components/Editor3/NarrativeReader.stories.tsx[2m > [22m[2mDefault
[22m[39m[Mock Data] Settings created: mock-settings-1790419024966 - notified 0 subscribers
[90mstdout[2m | src/components/Editor3/NarrativeReader.stories.tsx[2m > [22m[2mDefault
[22m[39m[Mock Data] Unit.onUpdate() subscription added. Total: 1
[90mstdout[2m | src/components/Editor3/NarrativeReader.stories.tsx[2m > [22m[2mDefault
[22m[39m[SectionContext] Section observeQuery update: 0
[90mstdout[2m | src/components/Editor3/NarrativeReader.stories.tsx[2m > [22m[2mDefault
[22m[39m[FilesContext] File observeQuery update: 6 files
[90mstdout[2m | src/components/Editor3/NarrativeReader.stories.tsx[2m > [22m[2mDefault
[22m[39m[ChatContext] AssistantChat initialized with 1 chats
[90mstdout[2m | src/components/Editor3/NarrativeReader.stories.tsx[2m > [22m[2mDefault
[22m[39m[ChatContext] Setting initial chat: mock-assistant-chat-1
[90mstdout[2m | src/components/Editor3/NarrativeReader.stories.tsx[2m > [22m[2mDefault
[22m[39m[MOCK CourseVectorStore] Initialized with mock data
[90mstdout[2m | src/components/Editor3/NarrativeReader.stories.tsx[2m > [22m[2mDefault
[22m[39m[FilesContext] Vector store population triggered {
  "currentVectorStoreSize": 3,
  "documentsCount": 0,
  "filesCount": 6,
  "isInitialLoad": true,
}
[90mstdout[2m | src/components/Editor3/NarrativeReader.stories.tsx[2m > [22m[2mDefault
[22m[39m[FilesContext] Vector store population complete - 3 total embeddings
[90mstdout[2m | src/components/Editor3/NarrativeReader.stories.tsx[2m > [22m[2mDefault
[22m[39m[ChatContext] Chat exists and not archived, skipping creation
[90mstdout[2m | src/components/Editor3/NarrativeReader.stories.tsx[2m > [22m[2mDefault
[22m[39m[Mock Storage] downloadData called with: undefined
[90mstdout[2m | src/components/Editor3/NarrativeReader.stories.tsx[2m > [22m[2mWith Max Height
[22m[39m[ChatContext] Cleaning up subscriptions
[90mstdout[2m | src/components/Editor3/NarrativeReader.stories.tsx[2m > [22m[2mWith Max Height
[22m[39m[Mock Data] Unit.onUpdate() subscription removed. Remaining: 0
[90mstdout[2m | src/components/Editor3/NarrativeReader.stories.tsx[2m > [22m[2mWith Max Height
[22m[39m[MOCK CourseVectorStore] Initialized with mock data
[90mstdout[2m | src/components/Editor3/NarrativeReader.stories.tsx[2m > [22m[2mWith Max Height
[22m[39m[TranslationModeController] Setting mode to: off
[90mstdout[2m | src/components/Editor3/NarrativeReader.stories.tsx[2m > [22m[2mWith Max Height
[22m[39m[UnitContext] useEffect triggered {
  "authLoading": false,
  "hasUser": true,
  "id": "mock-unit-id",
  "userSub": "mock-user-sub",
}
[90mstdout[2m | src/components/Editor3/NarrativeReader.stories.tsx[2m > [22m[2mWith Max Height
[22m[39m[UnitContext] Fetching unit data for id: mock-unit-id
[90mstdout[2m | src/components/Editor3/NarrativeReader.stories.tsx[2m > [22m[2mWith Max Height
[22m[39m[FilesContext] Initializing vector store from IndexedDB
[90mstdout[2m | src/components/Editor3/NarrativeReader.stories.tsx[2m > [22m[2mWith Max Height
[22m[39m[FilesContext] fetchFiles called
[90mstdout[2m | src/components/Editor3/NarrativeReader.stories.tsx[2m > [22m[2mWith Max Height
[22m[39m[FilesContext] User authenticated: mock-user-sub
[90mstdout[2m | src/components/Editor3/NarrativeReader.stories.tsx[2m > [22m[2mWith Max Height
[22m[39m[FilesContext] Identity ID: us-east-1:mock-identity-123
[90mstdout[2m | src/components/Editor3/NarrativeReader.stories.tsx[2m > [22m[2mWith Max Height
[22m[39m[FilesContext] About to set up File observeQuery
[90mstdout[2m | src/components/Editor3/NarrativeReader.stories.tsx[2m > [22m[2mWith Max Height
[22m[39m[ChatContext] Setting up AssistantChat observeQuery
[90mstdout[2m | src/components/Editor3/NarrativeReader.stories.tsx[2m > [22m[2mWith Max Height
[22m[39m[ChatContext] Waiting for subscription to initialize
[90mstdout[2m | src/components/Editor3/NarrativeReader.stories.tsx[2m > [22m[2mWith Max Height
[22m[39m[SettingsContext] Setting up Settings subscription for user: mock-user-sub
[90mstdout[2m | src/components/Editor3/NarrativeReader.stories.tsx[2m > [22m[2mWith Max Height
[22m[39m[Mock Data] Settings created: mock-settings-1790419025187 - notified 0 subscribers
[90mstdout[2m | src/components/Editor3/NarrativeReader.stories.tsx[2m > [22m[2mWith Max Height
[22m[39m[Mock Data] Unit.onUpdate() subscription added. Total: 1
[90mstdout[2m | src/components/Editor3/NarrativeReader.stories.tsx[2m > [22m[2mWith Max Height
[22m[39m[SectionContext] Section observeQuery update: 0
[90mstdout[2m | src/components/Editor3/NarrativeReader.stories.tsx[2m > [22m[2mWith Max Height
[22m[39m[FilesContext] File observeQuery update: 6 files
[90mstdout[2m | src/components/Editor3/NarrativeReader.stories.tsx[2m > [22m[2mWith Max Height
[22m[39m[ChatContext] AssistantChat initialized with 1 chats
[90mstdout[2m | src/components/Editor3/NarrativeReader.stories.tsx[2m > [22m[2mWith Max Height
[22m[39m[ChatContext] Setting initial chat: mock-assistant-chat-1
[90mstdout[2m | src/components/Editor3/NarrativeReader.stories.tsx[2m > [22m[2mWith Max Height
[22m[39m[Mock Storage] downloadData called with: undefined
[90mstdout[2m | src/components/Editor3/NarrativeReader.stories.tsx[2m > [22m[2mWith Max Height
[22m[39m[MOCK CourseVectorStore] Initialized with mock data
[90mstdout[2m | src/components/Editor3/NarrativeReader.stories.tsx[2m > [22m[2mWith Max Height
[22m[39m[FilesContext] Vector store population triggered {
  "currentVectorStoreSize": 3,
  "documentsCount": 0,
  "filesCount": 6,
  "isInitialLoad": true,
}
[90mstdout[2m | src/components/Editor3/NarrativeReader.stories.tsx[2m > [22m[2mWith Max Height
[22m[39m[FilesContext] Vector store population complete - 3 total embeddings
[90mstdout[2m | src/components/Editor3/NarrativeReader.stories.tsx[2m > [22m[2mWith Max Height
[22m[39m[ChatContext] Chat exists and not archived, skipping creation
[90mstdout[2m | src/components/Editor3/NarrativeReader.stories.tsx[2m > [22m[2mCustom Label
[22m[39m[ChatContext] Cleaning up subscriptions
[90mstdout[2m | src/components/Editor3/NarrativeReader.stories.tsx[2m > [22m[2mCustom Label
[22m[39m[Mock Data] Unit.onUpdate() subscription removed. Remaining: 0
[90mstdout[2m | src/components/Editor3/NarrativeReader.stories.tsx[2m > [22m[2mCustom Label
[22m[39m[MOCK CourseVectorStore] Initialized with mock data
[90mstdout[2m | src/components/Editor3/NarrativeReader.stories.tsx[2m > [22m[2mCustom Label
[22m[39m[TranslationModeController] Setting mode to: off
[90mstdout[2m | src/components/Editor3/NarrativeReader.stories.tsx[2m > [22m[2mCustom Label
[22m[39m[UnitContext] useEffect triggered {
  "authLoading": false,
  "hasUser": true,
  "id": "mock-unit-id",
  "userSub": "mock-user-sub",
}
[90mstdout[2m | src/components/Editor3/NarrativeReader.stories.tsx[2m > [22m[2mCustom Label
[22m[39m[UnitContext] Fetching unit data for id: mock-unit-id
[90mstdout[2m | src/components/Editor3/NarrativeReader.stories.tsx[2m > [22m[2mCustom Label
[22m[39m[FilesContext] Initializing vector store from IndexedDB
[90mstdout[2m | src/components/Editor3/NarrativeReader.stories.tsx[2m > [22m[2mCustom Label
[22m[39m[FilesContext] fetchFiles called
[90mstdout[2m | src/components/Editor3/NarrativeReader.stories.tsx[2m > [22m[2mCustom Label
[22m[39m[FilesContext] User authenticated: mock-user-sub
[90mstdout[2m | src/components/Editor3/NarrativeReader.stories.tsx[2m > [22m[2mCustom Label
[22m[39m[FilesContext] Identity ID: us-east-1:mock-identity-123
[90mstdout[2m | src/components/Editor3/NarrativeReader.stories.tsx[2m > [22m[2mCustom Label
[22m[39m[FilesContext] About to set up File observeQuery
[90mstdout[2m | src/components/Editor3/NarrativeReader.stories.tsx[2m > [22m[2mCustom Label
[22m[39m[ChatContext] Setting up AssistantChat observeQuery
[90mstdout[2m | src/components/Editor3/NarrativeReader.stories.tsx[2m > [22m[2mCustom Label
[22m[39m[ChatContext] Waiting for subscription to initialize
[90mstdout[2m | src/components/Editor3/NarrativeReader.stories.tsx[2m > [22m[2mCustom Label
[22m[39m[SettingsContext] Setting up Settings subscription for user: mock-user-sub
[90mstdout[2m | src/components/Editor3/NarrativeReader.stories.tsx[2m > [22m[2mCustom Label
[22m[39m[Mock Data] Settings created: mock-settings-1790419025309 - notified 0 subscribers
[90mstdout[2m | src/components/Editor3/NarrativeReader.stories.tsx[2m > [22m[2mCustom Label
[22m[39m[Mock Data] Unit.onUpdate() subscription added. Total: 1
[90mstdout[2m | src/components/Editor3/NarrativeReader.stories.tsx[2m > [22m[2mCustom Label
[22m[39m[SectionContext] Section observeQuery update: 0
[90mstdout[2m | src/components/Editor3/NarrativeReader.stories.tsx[2m > [22m[2mCustom Label
[22m[39m[FilesContext] File observeQuery update: 6 files
[90mstdout[2m | src/components/Editor3/NarrativeReader.stories.tsx[2m > [22m[2mCustom Label
[22m[39m[ChatContext] AssistantChat initialized with 1 chats
[90mstdout[2m | src/components/Editor3/NarrativeReader.stories.tsx[2m > [22m[2mCustom Label
[22m[39m[ChatContext] Setting initial chat: mock-assistant-chat-1
[90mstdout[2m | src/components/Editor3/NarrativeReader.stories.tsx[2m > [22m[2mCustom Label
[22m[39m[MOCK CourseVectorStore] Initialized with mock data
[90mstdout[2m | src/components/Editor3/NarrativeReader.stories.tsx[2m > [22m[2mCustom Label
[22m[39m[FilesContext] Vector store population triggered {
  "currentVectorStoreSize": 3,
  "documentsCount": 0,
  "filesCount": 6,
  "isInitialLoad": true,
}
[90mstdout[2m | src/components/Editor3/NarrativeReader.stories.tsx[2m > [22m[2mCustom Label
[22m[39m[FilesContext] Vector store population complete - 3 total embeddings
[90mstdout[2m | src/components/Editor3/NarrativeReader.stories.tsx[2m > [22m[2mCustom Label
[22m[39m[ChatContext] Chat exists and not archived, skipping creation
[90mstdout[2m | src/components/Editor3/NarrativeReader.stories.tsx[2m > [22m[2mCustom Label
[22m[39m[Mock Storage] downloadData called with: undefined
 [32m✓[39m [30m[45m storybook (chromium) [49m[39m src/components/Editor3/NarrativeReader.stories.tsx [2m([22m[2m3 tests[22m[2m)[22m[33m 488[2mms[22m[39m
[90mstdout[2m | unknown test
[22m[39m[MOCK vectorStoreDB.js] Module loaded - mock IndexedDB operations
[90mstdout[2m | unknown test
[22m[39m[Task Completion] DOM action listeners initialized
[90mstdout[2m | unknown test
[22m[39m[Task Completion] Auto-completion detector initialized
[90mstdout[2m | unknown test
[22m[39m[Preview] Task completion detector initialized
[90mstdout[2m | src/stories/KeyboardShortcutTrainer.stories.tsx[2m > [22m[2mDefault
[22m[39m[MOCK CourseVectorStore] Initialized with mock data
[90mstdout[2m | src/stories/KeyboardShortcutTrainer.stories.tsx[2m > [22m[2mDefault
[22m[39m[TranslationModeController] Setting mode to: off
[90mstdout[2m | src/stories/KeyboardShortcutTrainer.stories.tsx[2m > [22m[2mDefault
[22m[39m[UnitContext] useEffect triggered {
  "authLoading": false,
  "hasUser": true,
  "id": "mock-unit-id",
  "userSub": "mock-user-sub",
}
[90mstdout[2m | src/stories/KeyboardShortcutTrainer.stories.tsx[2m > [22m[2mDefault
[22m[39m[UnitContext] Fetching unit data for id: mock-unit-id
[90mstdout[2m | src/stories/KeyboardShortcutTrainer.stories.tsx[2m > [22m[2mDefault
[22m[39m[FilesContext] Initializing vector store from IndexedDB
[90mstdout[2m | src/stories/KeyboardShortcutTrainer.stories.tsx[2m > [22m[2mDefault
[22m[39m[FilesContext] fetchFiles called
[90mstdout[2m | src/stories/KeyboardShortcutTrainer.stories.tsx[2m > [22m[2mDefault
[22m[39m[FilesContext] User authenticated: mock-user-sub
[90mstdout[2m | src/stories/KeyboardShortcutTrainer.stories.tsx[2m > [22m[2mDefault
[22m[39m[FilesContext] Identity ID: us-east-1:mock-identity-123
[90mstdout[2m | src/stories/KeyboardShortcutTrainer.stories.tsx[2m > [22m[2mDefault
[22m[39m[FilesContext] About to set up File observeQuery
[90mstdout[2m | src/stories/KeyboardShortcutTrainer.stories.tsx[2m > [22m[2mDefault
[22m[39m[ChatContext] Setting up AssistantChat observeQuery
[90mstdout[2m | src/stories/KeyboardShortcutTrainer.stories.tsx[2m > [22m[2mDefault
[22m[39m[ChatContext] Waiting for subscription to initialize
[90mstdout[2m | src/stories/KeyboardShortcutTrainer.stories.tsx[2m > [22m[2mDefault
[22m[39m[SettingsContext] Setting up Settings subscription for user: mock-user-sub
[90mstdout[2m | src/stories/KeyboardShortcutTrainer.stories.tsx[2m > [22m[2mDefault
[22m[39m[Mock Data] Settings created: mock-settings-1790419025895 - notified 0 subscribers
[90mstdout[2m | src/stories/KeyboardShortcutTrainer.stories.tsx[2m > [22m[2mDefault
[22m[39m[Mock Data] Unit.onUpdate() subscription added. Total: 1
[90mstdout[2m | src/stories/KeyboardShortcutTrainer.stories.tsx[2m > [22m[2mDefault
[22m[39m[SectionContext] Section observeQuery update: 0
[90mstdout[2m | src/stories/KeyboardShortcutTrainer.stories.tsx[2m > [22m[2mDefault
[22m[39m[FilesContext] File observeQuery update: 6 files
[90mstdout[2m | src/stories/KeyboardShortcutTrainer.stories.tsx[2m > [22m[2mDefault
[22m[39m[ChatContext] AssistantChat initialized with 1 chats
[90mstdout[2m | src/stories/KeyboardShortcutTrainer.stories.tsx[2m > [22m[2mDefault
[22m[39m[ChatContext] Setting initial chat: mock-assistant-chat-1
[90mstdout[2m | src/stories/KeyboardShortcutTrainer.stories.tsx[2m > [22m[2mDefault
[22m[39m[MOCK CourseVectorStore] Initialized with mock data
[90mstdout[2m | src/stories/KeyboardShortcutTrainer.stories.tsx[2m > [22m[2mDefault
[22m[39m[FilesContext] Vector store population triggered {
  "currentVectorStoreSize": 3,
  "documentsCount": 0,
  "filesCount": 6,
  "isInitialLoad": true,
}
[90mstdout[2m | src/stories/KeyboardShortcutTrainer.stories.tsx[2m > [22m[2mDefault
[22m[39m[FilesContext] Vector store population complete - 3 total embeddings
[90mstdout[2m | src/stories/KeyboardShortcutTrainer.stories.tsx[2m > [22m[2mDefault
[22m[39m[ChatContext] Chat exists and not archived, skipping creation
[90mstdout[2m | src/stories/KeyboardShortcutTrainer.stories.tsx[2m > [22m[2mDefault
[22m[39m[Mock Storage] downloadData called with: undefined
 [32m✓[39m [30m[45m storybook (chromium) [49m[39m src/stories/KeyboardShortcutTrainer.stories.tsx [2m([22m[2m1 test[22m[2m)[22m[33m 337[2mms[22m[39m
   [33m[2m✓[22m[39m Default [33m 336[2mms[22m[39m
[90mstdout[2m | unknown test
[22m[39m[MOCK vectorStoreDB.js] Module loaded - mock IndexedDB operations
[90mstdout[2m | unknown test
[22m[39m[Task Completion] DOM action listeners initialized
[90mstdout[2m | unknown test
[22m[39m[Task Completion] Auto-completion detector initialized
[90mstdout[2m | unknown test
[22m[39m[Preview] Task completion detector initialized
[90mstdout[2m | src/components/ErrorState.stories.tsx[2m > [22m[2mDefault
[22m[39m[MOCK CourseVectorStore] Initialized with mock data
[90mstdout[2m | src/components/ErrorState.stories.tsx[2m > [22m[2mDefault
[22m[39m[TranslationModeController] Setting mode to: off
[90mstdout[2m | src/components/ErrorState.stories.tsx[2m > [22m[2mDefault
[22m[39m[UnitContext] useEffect triggered {
  "authLoading": false,
  "hasUser": true,
  "id": "mock-unit-id",
  "userSub": "mock-user-sub",
}
[90mstdout[2m | src/components/ErrorState.stories.tsx[2m > [22m[2mDefault
[22m[39m[UnitContext] Fetching unit data for id: mock-unit-id
[90mstdout[2m | src/components/ErrorState.stories.tsx[2m > [22m[2mDefault
[22m[39m[FilesContext] Initializing vector store from IndexedDB
[90mstdout[2m | src/components/ErrorState.stories.tsx[2m > [22m[2mDefault
[22m[39m[FilesContext] fetchFiles called
[90mstdout[2m | src/components/ErrorState.stories.tsx[2m > [22m[2mDefault
[22m[39m[FilesContext] User authenticated: mock-user-sub
[90mstdout[2m | src/components/ErrorState.stories.tsx[2m > [22m[2mDefault
[22m[39m[FilesContext] Identity ID: us-east-1:mock-identity-123
[90mstdout[2m | src/components/ErrorState.stories.tsx[2m > [22m[2mDefault
[22m[39m[FilesContext] About to set up File observeQuery
[90mstdout[2m | src/components/ErrorState.stories.tsx[2m > [22m[2mDefault
[22m[39m[ChatContext] Setting up AssistantChat observeQuery
[90mstdout[2m | src/components/ErrorState.stories.tsx[2m > [22m[2mDefault
[22m[39m[ChatContext] Waiting for subscription to initialize
[90mstdout[2m | src/components/ErrorState.stories.tsx[2m > [22m[2mDefault
[22m[39m[SettingsContext] Setting up Settings subscription for user: mock-user-sub
[90mstdout[2m | src/components/ErrorState.stories.tsx[2m > [22m[2mDefault
[22m[39m[Mock Data] Settings created: mock-settings-1790419026651 - notified 0 subscribers
[90mstdout[2m | src/components/ErrorState.stories.tsx[2m > [22m[2mDefault
[22m[39m[Mock Data] Unit.onUpdate() subscription added. Total: 1
[90mstdout[2m | src/components/ErrorState.stories.tsx[2m > [22m[2mDefault
[22m[39m[SectionContext] Section observeQuery update: 0
[90mstdout[2m | src/components/ErrorState.stories.tsx[2m > [22m[2mDefault
[22m[39m[FilesContext] File observeQuery update: 6 files
[90mstdout[2m | src/components/ErrorState.stories.tsx[2m > [22m[2mDefault
[22m[39m[ChatContext] AssistantChat initialized with 1 chats
[90mstdout[2m | src/components/ErrorState.stories.tsx[2m > [22m[2mDefault
[22m[39m[ChatContext] Setting initial chat: mock-assistant-chat-1
[90mstdout[2m | src/components/ErrorState.stories.tsx[2m > [22m[2mDefault
[22m[39m[MOCK CourseVectorStore] Initialized with mock data
[90mstdout[2m | src/components/ErrorState.stories.tsx[2m > [22m[2mDefault
[22m[39m[FilesContext] Vector store population triggered {
  "currentVectorStoreSize": 3,
  "documentsCount": 0,
  "filesCount": 6,
  "isInitialLoad": true,
}
[90mstdout[2m | src/components/ErrorState.stories.tsx[2m > [22m[2mDefault
[22m[39m[FilesContext] Vector store population complete - 3 total embeddings
[90mstdout[2m | src/components/ErrorState.stories.tsx[2m > [22m[2mDefault
[22m[39m[ChatContext] Chat exists and not archived, skipping creation
[90mstdout[2m | src/components/ErrorState.stories.tsx[2m > [22m[2mDefault
[22m[39m[Mock Storage] downloadData called with: undefined
[90mstdout[2m | src/components/ErrorState.stories.tsx[2m > [22m[2mWithout Retry
[22m[39m[ChatContext] Cleaning up subscriptions
[90mstdout[2m | src/components/ErrorState.stories.tsx[2m > [22m[2mWithout Retry
[22m[39m[Mock Data] Unit.onUpdate() subscription removed. Remaining: 0
[90mstdout[2m | src/components/ErrorState.stories.tsx[2m > [22m[2mWithout Retry
[22m[39m[MOCK CourseVectorStore] Initialized with mock data
[90mstdout[2m | src/components/ErrorState.stories.tsx[2m > [22m[2mWithout Retry
[22m[39m[TranslationModeController] Setting mode to: off
[90mstdout[2m | src/components/ErrorState.stories.tsx[2m > [22m[2mWithout Retry
[22m[39m[UnitContext] useEffect triggered {
  "authLoading": false,
  "hasUser": true,
  "id": "mock-unit-id",
  "userSub": "mock-user-sub",
}
[90mstdout[2m | src/components/ErrorState.stories.tsx[2m > [22m[2mWithout Retry
[22m[39m[UnitContext] Fetching unit data for id: mock-unit-id
[90mstdout[2m | src/components/ErrorState.stories.tsx[2m > [22m[2mWithout Retry
[22m[39m[FilesContext] Initializing vector store from IndexedDB
[90mstdout[2m | src/components/ErrorState.stories.tsx[2m > [22m[2mWithout Retry
[22m[39m[FilesContext] fetchFiles called
[90mstdout[2m | src/components/ErrorState.stories.tsx[2m > [22m[2mWithout Retry
[22m[39m[FilesContext] User authenticated: mock-user-sub
[90mstdout[2m | src/components/ErrorState.stories.tsx[2m > [22m[2mWithout Retry
[22m[39m[FilesContext] Identity ID: us-east-1:mock-identity-123
[90mstdout[2m | src/components/ErrorState.stories.tsx[2m > [22m[2mWithout Retry
[22m[39m[FilesContext] About to set up File observeQuery
[90mstdout[2m | src/components/ErrorState.stories.tsx[2m > [22m[2mWithout Retry
[22m[39m[ChatContext] Setting up AssistantChat observeQuery
[90mstdout[2m | src/components/ErrorState.stories.tsx[2m > [22m[2mWithout Retry
[22m[39m[ChatContext] Waiting for subscription to initialize
[90mstdout[2m | src/components/ErrorState.stories.tsx[2m > [22m[2mWithout Retry
[22m[39m[SettingsContext] Setting up Settings subscription for user: mock-user-sub
[90mstdout[2m | src/components/ErrorState.stories.tsx[2m > [22m[2mWithout Retry
[22m[39m[Mock Data] Settings created: mock-settings-1790419026781 - notified 0 subscribers
[90mstdout[2m | src/components/ErrorState.stories.tsx[2m > [22m[2mWithout Retry
[22m[39m[Mock Data] Unit.onUpdate() subscription added. Total: 1
[90mstdout[2m | src/components/ErrorState.stories.tsx[2m > [22m[2mWithout Retry
[22m[39m[SectionContext] Section observeQuery update: 0
[90mstdout[2m | src/components/ErrorState.stories.tsx[2m > [22m[2mWithout Retry
[22m[39m[FilesContext] File observeQuery update: 6 files
[90mstdout[2m | src/components/ErrorState.stories.tsx[2m > [22m[2mWithout Retry
[22m[39m[Mock Storage] downloadData called with: undefined
[90mstdout[2m | src/components/ErrorState.stories.tsx[2m > [22m[2mWithout Retry
[22m[39m[ChatContext] AssistantChat initialized with 1 chats
[90mstdout[2m | src/components/ErrorState.stories.tsx[2m > [22m[2mWithout Retry
[22m[39m[ChatContext] Setting initial chat: mock-assistant-chat-1
[90mstdout[2m | src/components/ErrorState.stories.tsx[2m > [22m[2mWithout Retry
[22m[39m[MOCK CourseVectorStore] Initialized with mock data
[90mstdout[2m | src/components/ErrorState.stories.tsx[2m > [22m[2mWithout Retry
[22m[39m[FilesContext] Vector store population triggered {
  "currentVectorStoreSize": 3,
  "documentsCount": 0,
  "filesCount": 6,
  "isInitialLoad": true,
}
[90mstdout[2m | src/components/ErrorState.stories.tsx[2m > [22m[2mWithout Retry
[22m[39m[FilesContext] Vector store population complete - 3 total embeddings
[90mstdout[2m | src/components/ErrorState.stories.tsx[2m > [22m[2mWithout Retry
[22m[39m[ChatContext] Chat exists and not archived, skipping creation
[90mstdout[2m | src/components/ErrorState.stories.tsx[2m > [22m[2mCustom Actions
[22m[39m[ChatContext] Cleaning up subscriptions
[90mstdout[2m | src/components/ErrorState.stories.tsx[2m > [22m[2mCustom Actions
[22m[39m[Mock Data] Unit.onUpdate() subscription removed. Remaining: 0
[90mstdout[2m | src/components/ErrorState.stories.tsx[2m > [22m[2mCustom Actions
[22m[39m[MOCK CourseVectorStore] Initialized with mock data
[90mstdout[2m | src/components/ErrorState.stories.tsx[2m > [22m[2mCustom Actions
[22m[39m[TranslationModeController] Setting mode to: off
[90mstdout[2m | src/components/ErrorState.stories.tsx[2m > [22m[2mCustom Actions
[22m[39m[UnitContext] useEffect triggered {
  "authLoading": false,
  "hasUser": true,
  "id": "mock-unit-id",
  "userSub": "mock-user-sub",
}
[90mstdout[2m | src/components/ErrorState.stories.tsx[2m > [22m[2mCustom Actions
[22m[39m[UnitContext] Fetching unit data for id: mock-unit-id
[90mstdout[2m | src/components/ErrorState.stories.tsx[2m > [22m[2mCustom Actions
[22m[39m[FilesContext] Initializing vector store from IndexedDB
[90mstdout[2m | src/components/ErrorState.stories.tsx[2m > [22m[2mCustom Actions
[22m[39m[FilesContext] fetchFiles called
[90mstdout[2m | src/components/ErrorState.stories.tsx[2m > [22m[2mCustom Actions
[22m[39m[FilesContext] User authenticated: mock-user-sub
[90mstdout[2m | src/components/ErrorState.stories.tsx[2m > [22m[2mCustom Actions
[22m[39m[FilesContext] Identity ID: us-east-1:mock-identity-123
[90mstdout[2m | src/components/ErrorState.stories.tsx[2m > [22m[2mCustom Actions
[22m[39m[FilesContext] About to set up File observeQuery
[90mstdout[2m | src/components/ErrorState.stories.tsx[2m > [22m[2mCustom Actions
[22m[39m[ChatContext] Setting up AssistantChat observeQuery
[90mstdout[2m | src/components/ErrorState.stories.tsx[2m > [22m[2mCustom Actions
[22m[39m[ChatContext] Waiting for subscription to initialize
[90mstdout[2m | src/components/ErrorState.stories.tsx[2m > [22m[2mCustom Actions
[22m[39m[SettingsContext] Setting up Settings subscription for user: mock-user-sub
[90mstdout[2m | src/components/ErrorState.stories.tsx[2m > [22m[2mCustom Actions
[22m[39m[Mock Data] Settings created: mock-settings-1790419026885 - notified 0 subscribers
[90mstdout[2m | src/components/ErrorState.stories.tsx[2m > [22m[2mCustom Actions
[22m[39m[Mock Data] Unit.onUpdate() subscription added. Total: 1
[90mstdout[2m | src/components/ErrorState.stories.tsx[2m > [22m[2mCustom Actions
[22m[39m[SectionContext] Section observeQuery update: 0
[90mstdout[2m | src/components/ErrorState.stories.tsx[2m > [22m[2mCustom Actions
[22m[39m[FilesContext] File observeQuery update: 6 files
[90mstdout[2m | src/components/ErrorState.stories.tsx[2m > [22m[2mCustom Actions
[22m[39m[ChatContext] AssistantChat initialized with 1 chats
[90mstdout[2m | src/components/ErrorState.stories.tsx[2m > [22m[2mCustom Actions
[22m[39m[ChatContext] Setting initial chat: mock-assistant-chat-1
[90mstdout[2m | src/components/ErrorState.stories.tsx[2m > [22m[2mCustom Actions
[22m[39m[Mock Storage] downloadData called with: undefined
[90mstdout[2m | src/components/ErrorState.stories.tsx[2m > [22m[2mCustom Actions
[22m[39m[MOCK CourseVectorStore] Initialized with mock data
[90mstdout[2m | src/components/ErrorState.stories.tsx[2m > [22m[2mCustom Actions
[22m[39m[FilesContext] Vector store population triggered {
  "currentVectorStoreSize": 3,
  "documentsCount": 0,
  "filesCount": 6,
  "isInitialLoad": true,
}
[90mstdout[2m | src/components/ErrorState.stories.tsx[2m > [22m[2mCustom Actions
[22m[39m[FilesContext] Vector store population complete - 3 total embeddings
[90mstdout[2m | src/components/ErrorState.stories.tsx[2m > [22m[2mCustom Actions
[22m[39m[ChatContext] Chat exists and not archived, skipping creation
 [32m✓[39m [30m[45m storybook (chromium) [49m[39m src/components/ErrorState.stories.tsx [2m([22m[2m3 tests[22m[2m)[22m[33m 369[2mms[22m[39m
[90mstdout[2m | unknown test
[22m[39m[MOCK vectorStoreDB.js] Module loaded - mock IndexedDB operations
[90mstdout[2m | unknown test
[22m[39m[Task Completion] DOM action listeners initialized
[90mstdout[2m | unknown test
[22m[39m[Task Completion] Auto-completion detector initialized
[90mstdout[2m | unknown test
[22m[39m[Preview] Task completion detector initialized
[90mstdout[2m | src/components/RecordingStudio3/TakeVersionHistory.stories.tsx[2m > [22m[2mDefault
[22m[39m[TranslationModeController] Setting mode to: off
[90mstdout[2m | src/components/RecordingStudio3/TakeVersionHistory.stories.tsx[2m > [22m[2mSingle Version
[22m[39m[TranslationModeController] Setting mode to: off
[90mstdout[2m | src/components/RecordingStudio3/TakeVersionHistory.stories.tsx[2m > [22m[2mDisabled
[22m[39m[TranslationModeController] Setting mode to: off
[90mstdout[2m | src/components/RecordingStudio3/TakeVersionHistory.stories.tsx[2m > [22m[2mNo Slot Id
[22m[39m[TranslationModeController] Setting mode to: off
 [32m✓[39m [30m[45m storybook (chromium) [49m[39m src/components/RecordingStudio3/TakeVersionHistory.stories.tsx [2m([22m[2m4 tests[22m[2m)[22m[33m 327[2mms[22m[39m
[90mstdout[2m | unknown test
[22m[39m[MOCK vectorStoreDB.js] Module loaded - mock IndexedDB operations
[90mstdout[2m | unknown test
[22m[39m[Task Completion] DOM action listeners initialized
[90mstdout[2m | unknown test
[22m[39m[Task Completion] Auto-completion detector initialized
[90mstdout[2m | unknown test
[22m[39m[Preview] Task completion detector initialized
[90mstdout[2m | src/components/Workbook/TutorPresenceBanner.stories.tsx[2m > [22m[2mTwo Tutors
[22m[39m[MOCK CourseVectorStore] Initialized with mock data
[90mstdout[2m | src/components/Workbook/TutorPresenceBanner.stories.tsx[2m > [22m[2mTwo Tutors
[22m[39m[TranslationModeController] Setting mode to: off
[90mstdout[2m | src/components/Workbook/TutorPresenceBanner.stories.tsx[2m > [22m[2mTwo Tutors
[22m[39m[FilesContext] Initializing vector store from IndexedDB
[90mstdout[2m | src/components/Workbook/TutorPresenceBanner.stories.tsx[2m > [22m[2mTwo Tutors
[22m[39m[FilesContext] fetchFiles called
[90mstdout[2m | src/components/Workbook/TutorPresenceBanner.stories.tsx[2m > [22m[2mTwo Tutors
[22m[39m[FilesContext] User authenticated: mock-user-sub
[90mstdout[2m | src/components/Workbook/TutorPresenceBanner.stories.tsx[2m > [22m[2mTwo Tutors
[22m[39m[FilesContext] Identity ID: us-east-1:mock-identity-123
[90mstdout[2m | src/components/Workbook/TutorPresenceBanner.stories.tsx[2m > [22m[2mTwo Tutors
[22m[39m[FilesContext] About to set up File observeQuery
[90mstdout[2m | src/components/Workbook/TutorPresenceBanner.stories.tsx[2m > [22m[2mTwo Tutors
[22m[39m[ChatContext] Setting up AssistantChat observeQuery
[90mstdout[2m | src/components/Workbook/TutorPresenceBanner.stories.tsx[2m > [22m[2mTwo Tutors
[22m[39m[ChatContext] Waiting for subscription to initialize
[90mstdout[2m | src/components/Workbook/TutorPresenceBanner.stories.tsx[2m > [22m[2mTwo Tutors
[22m[39m[SettingsContext] Setting up Settings subscription for user: mock-user-sub
[90mstdout[2m | src/components/Workbook/TutorPresenceBanner.stories.tsx[2m > [22m[2mTwo Tutors
[22m[39m[Mock Data] Settings created: mock-settings-1790419031920 - notified 0 subscribers
[90mstdout[2m | src/components/Workbook/TutorPresenceBanner.stories.tsx[2m > [22m[2mTwo Tutors
[22m[39m[FilesContext] File observeQuery update: 6 files
[90mstdout[2m | src/components/Workbook/TutorPresenceBanner.stories.tsx[2m > [22m[2mTwo Tutors
[22m[39m[ChatContext] AssistantChat initialized with 1 chats
[90mstdout[2m | src/components/Workbook/TutorPresenceBanner.stories.tsx[2m > [22m[2mTwo Tutors
[22m[39m[ChatContext] Setting initial chat: mock-assistant-chat-1
[90mstdout[2m | src/components/Workbook/TutorPresenceBanner.stories.tsx[2m > [22m[2mTwo Tutors
[22m[39m[MOCK CourseVectorStore] Initialized with mock data
[90mstdout[2m | src/components/Workbook/TutorPresenceBanner.stories.tsx[2m > [22m[2mTwo Tutors
[22m[39m[FilesContext] Vector store population triggered {
  "currentVectorStoreSize": 3,
  "documentsCount": 0,
  "filesCount": 6,
  "isInitialLoad": true,
}
[90mstdout[2m | src/components/Workbook/TutorPresenceBanner.stories.tsx[2m > [22m[2mTwo Tutors
[22m[39m[FilesContext] Vector store population complete - 3 total embeddings
[90mstdout[2m | src/components/Workbook/TutorPresenceBanner.stories.tsx[2m > [22m[2mTwo Tutors
[22m[39m[ChatContext] Chat exists and not archived, skipping creation
[90mstdout[2m | src/components/Workbook/TutorPresenceBanner.stories.tsx[2m > [22m[2mTwo Tutors
[22m[39m[Mock Storage] downloadData called with: undefined
[90mstdout[2m | src/components/Workbook/TutorPresenceBanner.stories.tsx[2m > [22m[2mSingle Tutor
[22m[39m[ChatContext] Cleaning up subscriptions
[90mstdout[2m | src/components/Workbook/TutorPresenceBanner.stories.tsx[2m > [22m[2mSingle Tutor
[22m[39m[MOCK CourseVectorStore] Initialized with mock data
[90mstdout[2m | src/components/Workbook/TutorPresenceBanner.stories.tsx[2m > [22m[2mSingle Tutor
[22m[39m[TranslationModeController] Setting mode to: off
[90mstdout[2m | src/components/Workbook/TutorPresenceBanner.stories.tsx[2m > [22m[2mSingle Tutor
[22m[39m[FilesContext] Initializing vector store from IndexedDB
[90mstdout[2m | src/components/Workbook/TutorPresenceBanner.stories.tsx[2m > [22m[2mSingle Tutor
[22m[39m[FilesContext] fetchFiles called
[90mstdout[2m | src/components/Workbook/TutorPresenceBanner.stories.tsx[2m > [22m[2mSingle Tutor
[22m[39m[FilesContext] User authenticated: mock-user-sub
[90mstdout[2m | src/components/Workbook/TutorPresenceBanner.stories.tsx[2m > [22m[2mSingle Tutor
[22m[39m[FilesContext] Identity ID: us-east-1:mock-identity-123
[90mstdout[2m | src/components/Workbook/TutorPresenceBanner.stories.tsx[2m > [22m[2mSingle Tutor
[22m[39m[FilesContext] About to set up File observeQuery
[90mstdout[2m | src/components/Workbook/TutorPresenceBanner.stories.tsx[2m > [22m[2mSingle Tutor
[22m[39m[ChatContext] Setting up AssistantChat observeQuery
[90mstdout[2m | src/components/Workbook/TutorPresenceBanner.stories.tsx[2m > [22m[2mSingle Tutor
[22m[39m[ChatContext] Waiting for subscription to initialize
[90mstdout[2m | src/components/Workbook/TutorPresenceBanner.stories.tsx[2m > [22m[2mSingle Tutor
[22m[39m[SettingsContext] Setting up Settings subscription for user: mock-user-sub
[90mstdout[2m | src/components/Workbook/TutorPresenceBanner.stories.tsx[2m > [22m[2mSingle Tutor
[22m[39m[Mock Data] Settings created: mock-settings-1790419032097 - notified 0 subscribers
[90mstdout[2m | src/components/Workbook/TutorPresenceBanner.stories.tsx[2m > [22m[2mSingle Tutor
[22m[39m[Mock Storage] downloadData called with: undefined
[90mstdout[2m | src/components/Workbook/TutorPresenceBanner.stories.tsx[2m > [22m[2mSingle Tutor
[22m[39m[FilesContext] File observeQuery update: 6 files
[90mstdout[2m | src/components/Workbook/TutorPresenceBanner.stories.tsx[2m > [22m[2mSingle Tutor
[22m[39m[ChatContext] AssistantChat initialized with 1 chats
[90mstdout[2m | src/components/Workbook/TutorPresenceBanner.stories.tsx[2m > [22m[2mSingle Tutor
[22m[39m[ChatContext] Setting initial chat: mock-assistant-chat-1
[90mstdout[2m | src/components/Workbook/TutorPresenceBanner.stories.tsx[2m > [22m[2mSingle Tutor
[22m[39m[MOCK CourseVectorStore] Initialized with mock data
[90mstdout[2m | src/components/Workbook/TutorPresenceBanner.stories.tsx[2m > [22m[2mSingle Tutor
[22m[39m[FilesContext] Vector store population triggered {
  "currentVectorStoreSize": 3,
  "documentsCount": 0,
  "filesCount": 6,
  "isInitialLoad": true,
}
[90mstdout[2m | src/components/Workbook/TutorPresenceBanner.stories.tsx[2m > [22m[2mSingle Tutor
[22m[39m[FilesContext] Vector store population complete - 3 total embeddings
[90mstdout[2m | src/components/Workbook/TutorPresenceBanner.stories.tsx[2m > [22m[2mSingle Tutor
[22m[39m[ChatContext] Chat exists and not archived, skipping creation
[90mstdout[2m | src/components/Workbook/TutorPresenceBanner.stories.tsx[2m > [22m[2mNo Tutors
[22m[39m[ChatContext] Cleaning up subscriptions
[90mstdout[2m | src/components/Workbook/TutorPresenceBanner.stories.tsx[2m > [22m[2mNo Tutors
[22m[39m[MOCK CourseVectorStore] Initialized with mock data
[90mstdout[2m | src/components/Workbook/TutorPresenceBanner.stories.tsx[2m > [22m[2mNo Tutors
[22m[39m[TranslationModeController] Setting mode to: off
[90mstdout[2m | src/components/Workbook/TutorPresenceBanner.stories.tsx[2m > [22m[2mNo Tutors
[22m[39m[FilesContext] Initializing vector store from IndexedDB
[90mstdout[2m | src/components/Workbook/TutorPresenceBanner.stories.tsx[2m > [22m[2mNo Tutors
[22m[39m[FilesContext] fetchFiles called
[90mstdout[2m | src/components/Workbook/TutorPresenceBanner.stories.tsx[2m > [22m[2mNo Tutors
[22m[39m[FilesContext] User authenticated: mock-user-sub
[90mstdout[2m | src/components/Workbook/TutorPresenceBanner.stories.tsx[2m > [22m[2mNo Tutors
[22m[39m[FilesContext] Identity ID: us-east-1:mock-identity-123
[90mstdout[2m | src/components/Workbook/TutorPresenceBanner.stories.tsx[2m > [22m[2mNo Tutors
[22m[39m[FilesContext] About to set up File observeQuery
[90mstdout[2m | src/components/Workbook/TutorPresenceBanner.stories.tsx[2m > [22m[2mNo Tutors
[22m[39m[ChatContext] Setting up AssistantChat observeQuery
[90mstdout[2m | src/components/Workbook/TutorPresenceBanner.stories.tsx[2m > [22m[2mNo Tutors
[22m[39m[ChatContext] Waiting for subscription to initialize
[90mstdout[2m | src/components/Workbook/TutorPresenceBanner.stories.tsx[2m > [22m[2mNo Tutors
[22m[39m[SettingsContext] Setting up Settings subscription for user: mock-user-sub
[90mstdout[2m | src/components/Workbook/TutorPresenceBanner.stories.tsx[2m > [22m[2mNo Tutors
[22m[39m[Mock Data] Settings created: mock-settings-1790419032193 - notified 0 subscribers
[90mstdout[2m | src/components/Workbook/TutorPresenceBanner.stories.tsx[2m > [22m[2mNo Tutors
[22m[39m[FilesContext] File observeQuery update: 6 files
[90mstdout[2m | src/components/Workbook/TutorPresenceBanner.stories.tsx[2m > [22m[2mNo Tutors
[22m[39m[Mock Storage] downloadData called with: undefined
[90mstdout[2m | src/components/Workbook/TutorPresenceBanner.stories.tsx[2m > [22m[2mNo Tutors
[22m[39m[ChatContext] AssistantChat initialized with 1 chats
[90mstdout[2m | src/components/Workbook/TutorPresenceBanner.stories.tsx[2m > [22m[2mNo Tutors
[22m[39m[ChatContext] Setting initial chat: mock-assistant-chat-1
[90mstdout[2m | src/components/Workbook/TutorPresenceBanner.stories.tsx[2m > [22m[2mNo Tutors
[22m[39m[MOCK CourseVectorStore] Initialized with mock data
[90mstdout[2m | src/components/Workbook/TutorPresenceBanner.stories.tsx[2m > [22m[2mNo Tutors
[22m[39m[FilesContext] Vector store population triggered {
  "currentVectorStoreSize": 3,
  "documentsCount": 0,
  "filesCount": 6,
  "isInitialLoad": true,
}
[90mstdout[2m | src/components/Workbook/TutorPresenceBanner.stories.tsx[2m > [22m[2mNo Tutors
[22m[39m[FilesContext] Vector store population complete - 3 total embeddings
[90mstdout[2m | src/components/Workbook/TutorPresenceBanner.stories.tsx[2m > [22m[2mNo Tutors
[22m[39m[ChatContext] Chat exists and not archived, skipping creation
[90mstdout[2m | src/components/Workbook/TutorPresenceBanner.stories.tsx[2m > [22m[2mDisabled
[22m[39m[ChatContext] Cleaning up subscriptions
[90mstdout[2m | src/components/Workbook/TutorPresenceBanner.stories.tsx[2m > [22m[2mDisabled
[22m[39m[MOCK CourseVectorStore] Initialized with mock data
[90mstdout[2m | src/components/Workbook/TutorPresenceBanner.stories.tsx[2m > [22m[2mDisabled
[22m[39m[TranslationModeController] Setting mode to: off
[90mstdout[2m | src/components/Workbook/TutorPresenceBanner.stories.tsx[2m > [22m[2mDisabled
[22m[39m[FilesContext] Initializing vector store from IndexedDB
[90mstdout[2m | src/components/Workbook/TutorPresenceBanner.stories.tsx[2m > [22m[2mDisabled
[22m[39m[FilesContext] fetchFiles called
[90mstdout[2m | src/components/Workbook/TutorPresenceBanner.stories.tsx[2m > [22m[2mDisabled
[22m[39m[FilesContext] User authenticated: mock-user-sub
[90mstdout[2m | src/components/Workbook/TutorPresenceBanner.stories.tsx[2m > [22m[2mDisabled
[22m[39m[FilesContext] Identity ID: us-east-1:mock-identity-123
[90mstdout[2m | src/components/Workbook/TutorPresenceBanner.stories.tsx[2m > [22m[2mDisabled
[22m[39m[FilesContext] About to set up File observeQuery
[90mstdout[2m | src/components/Workbook/TutorPresenceBanner.stories.tsx[2m > [22m[2mDisabled
[22m[39m[ChatContext] Setting up AssistantChat observeQuery
[90mstdout[2m | src/components/Workbook/TutorPresenceBanner.stories.tsx[2m > [22m[2mDisabled
[22m[39m[ChatContext] Waiting for subscription to initialize
[90mstdout[2m | src/components/Workbook/TutorPresenceBanner.stories.tsx[2m > [22m[2mDisabled
[22m[39m[SettingsContext] Setting up Settings subscription for user: mock-user-sub
[90mstdout[2m | src/components/Workbook/TutorPresenceBanner.stories.tsx[2m > [22m[2mDisabled
[22m[39m[Mock Data] Settings created: mock-settings-1790419032271 - notified 0 subscribers
[90mstdout[2m | src/components/Workbook/TutorPresenceBanner.stories.tsx[2m > [22m[2mDisabled
[22m[39m[FilesContext] File observeQuery update: 6 files
[90mstdout[2m | src/components/Workbook/TutorPresenceBanner.stories.tsx[2m > [22m[2mDisabled
[22m[39m[ChatContext] AssistantChat initialized with 1 chats
[90mstdout[2m | src/components/Workbook/TutorPresenceBanner.stories.tsx[2m > [22m[2mDisabled
[22m[39m[ChatContext] Setting initial chat: mock-assistant-chat-1
[90mstdout[2m | src/components/Workbook/TutorPresenceBanner.stories.tsx[2m > [22m[2mDisabled
[22m[39m[Mock Storage] downloadData called with: undefined
[90mstdout[2m | src/components/Workbook/TutorPresenceBanner.stories.tsx[2m > [22m[2mDisabled
[22m[39m[MOCK CourseVectorStore] Initialized with mock data
[90mstdout[2m | src/components/Workbook/TutorPresenceBanner.stories.tsx[2m > [22m[2mDisabled
[22m[39m[FilesContext] Vector store population triggered {
  "currentVectorStoreSize": 3,
  "documentsCount": 0,
  "filesCount": 6,
  "isInitialLoad": true,
}
[90mstdout[2m | src/components/Workbook/TutorPresenceBanner.stories.tsx[2m > [22m[2mDisabled
[22m[39m[FilesContext] Vector store population complete - 3 total embeddings
[90mstdout[2m | src/components/Workbook/TutorPresenceBanner.stories.tsx[2m > [22m[2mDisabled
[22m[39m[ChatContext] Chat exists and not archived, skipping creation
 [32m✓[39m [30m[45m storybook (chromium) [49m[39m src/components/Workbook/TutorPresenceBanner.stories.tsx [2m([22m[2m4 tests[22m[2m)[22m[33m 439[2mms[22m[39m
[90mstdout[2m | unknown test
[22m[39m[MOCK vectorStoreDB.js] Module loaded - mock IndexedDB operations
[90mstdout[2m | unknown test
[22m[39m[Task Completion] DOM action listeners initialized
[90mstdout[2m | unknown test
[22m[39m[Task Completion] Auto-completion detector initialized
[90mstdout[2m | unknown test
[22m[39m[Preview] Task completion detector initialized
[90mstdout[2m | src/components/PrefetchBadge.stories.tsx[2m > [22m[2mNot Cached
[22m[39m[TranslationModeController] Setting mode to: off
[90mstdout[2m | src/components/PrefetchBadge.stories.tsx[2m > [22m[2mWith Client (clickable)
[22m[39m[TranslationModeController] Setting mode to: off
 [32m✓[39m [30m[45m storybook (chromium) [49m[39m src/components/PrefetchBadge.stories.tsx [2m([22m[2m2 tests[22m[2m)[22m[32m 196[2mms[22m[39m
[90mstdout[2m | unknown test
[22m[39m[MOCK vectorStoreDB.js] Module loaded - mock IndexedDB operations
[90mstdout[2m | unknown test
[22m[39m[Task Completion] DOM action listeners initialized
[90mstdout[2m | unknown test
[22m[39m[Task Completion] Auto-completion detector initialized
[90mstdout[2m | unknown test
[22m[39m[Preview] Task completion detector initialized
[90mstdout[2m | src/components/Gamification/Medallion.stories.tsx[2m > [22m[2mDefault
[22m[39m[TranslationModeController] Setting mode to: off
[90mstdout[2m | src/components/Gamification/Medallion.stories.tsx[2m > [22m[2mShapes And Metals
[22m[39m[TranslationModeController] Setting mode to: off
[90mstdout[2m | src/components/Gamification/Medallion.stories.tsx[2m > [22m[2mSizes
[22m[39m[TranslationModeController] Setting mode to: off
 [32m✓[39m [30m[45m storybook (chromium) [49m[39m src/components/Gamification/Medallion.stories.tsx [2m([22m[2m3 tests[22m[2m)[22m[33m 318[2mms[22m[39m
[90mstdout[2m | unknown test
[22m[39m[MOCK vectorStoreDB.js] Module loaded - mock IndexedDB operations
[90mstdout[2m | unknown test
[22m[39m[Task Completion] DOM action listeners initialized
[90mstdout[2m | unknown test
[22m[39m[Task Completion] Auto-completion detector initialized
[90mstdout[2m | unknown test
[22m[39m[Preview] Task completion detector initialized
[90mstdout[2m | src/components/PeerReview/OpenPeerReviewButton.stories.tsx[2m > [22m[2mOpen Button Default
[22m[39m[MOCK CourseVectorStore] Initialized with mock data
[90mstdout[2m | src/components/PeerReview/OpenPeerReviewButton.stories.tsx[2m > [22m[2mOpen Button Default
[22m[39m[TranslationModeController] Setting mode to: off
[90mstdout[2m | src/components/PeerReview/OpenPeerReviewButton.stories.tsx[2m > [22m[2mOpen Button Default
[22m[39m[UnitContext] useEffect triggered {
  "authLoading": false,
  "hasUser": true,
  "id": "mock-unit-id",
  "userSub": "mock-user-sub",
}
[90mstdout[2m | src/components/PeerReview/OpenPeerReviewButton.stories.tsx[2m > [22m[2mOpen Button Default
[22m[39m[UnitContext] Fetching unit data for id: mock-unit-id
[90mstdout[2m | src/components/PeerReview/OpenPeerReviewButton.stories.tsx[2m > [22m[2mOpen Button Default
[22m[39m[FilesContext] Initializing vector store from IndexedDB
[90mstdout[2m | src/components/PeerReview/OpenPeerReviewButton.stories.tsx[2m > [22m[2mOpen Button Default
[22m[39m[FilesContext] fetchFiles called
[90mstdout[2m | src/components/PeerReview/OpenPeerReviewButton.stories.tsx[2m > [22m[2mOpen Button Default
[22m[39m[FilesContext] User authenticated: mock-user-sub
[90mstdout[2m | src/components/PeerReview/OpenPeerReviewButton.stories.tsx[2m > [22m[2mOpen Button Default
[22m[39m[FilesContext] Identity ID: us-east-1:mock-identity-123
[90mstdout[2m | src/components/PeerReview/OpenPeerReviewButton.stories.tsx[2m > [22m[2mOpen Button Default
[22m[39m[FilesContext] About to set up File observeQuery
[90mstdout[2m | src/components/PeerReview/OpenPeerReviewButton.stories.tsx[2m > [22m[2mOpen Button Default
[22m[39m[ChatContext] Setting up AssistantChat observeQuery
[90mstdout[2m | src/components/PeerReview/OpenPeerReviewButton.stories.tsx[2m > [22m[2mOpen Button Default
[22m[39m[ChatContext] Waiting for subscription to initialize
[90mstdout[2m | src/components/PeerReview/OpenPeerReviewButton.stories.tsx[2m > [22m[2mOpen Button Default
[22m[39m[SettingsContext] Setting up Settings subscription for user: mock-user-sub
[90mstdout[2m | src/components/PeerReview/OpenPeerReviewButton.stories.tsx[2m > [22m[2mOpen Button Default
[22m[39m[Mock Data] Settings created: mock-settings-1790419037315 - notified 0 subscribers
[90mstdout[2m | src/components/PeerReview/OpenPeerReviewButton.stories.tsx[2m > [22m[2mOpen Button Default
[22m[39m[Mock Data] Unit.onUpdate() subscription added. Total: 1
[90mstdout[2m | src/components/PeerReview/OpenPeerReviewButton.stories.tsx[2m > [22m[2mOpen Button Default
[22m[39m[SectionContext] Section observeQuery update: 0
[90mstdout[2m | src/components/PeerReview/OpenPeerReviewButton.stories.tsx[2m > [22m[2mOpen Button Default
[22m[39m[FilesContext] File observeQuery update: 6 files
[90mstdout[2m | src/components/PeerReview/OpenPeerReviewButton.stories.tsx[2m > [22m[2mOpen Button Default
[22m[39m[ChatContext] AssistantChat initialized with 1 chats
[90mstdout[2m | src/components/PeerReview/OpenPeerReviewButton.stories.tsx[2m > [22m[2mOpen Button Default
[22m[39m[ChatContext] Setting initial chat: mock-assistant-chat-1
[90mstdout[2m | src/components/PeerReview/OpenPeerReviewButton.stories.tsx[2m > [22m[2mOpen Button Default
[22m[39m[Mock Storage] downloadData called with: undefined
[90mstdout[2m | src/components/PeerReview/OpenPeerReviewButton.stories.tsx[2m > [22m[2mOpen Button Default
[22m[39m[MOCK CourseVectorStore] Initialized with mock data
[90mstdout[2m | src/components/PeerReview/OpenPeerReviewButton.stories.tsx[2m > [22m[2mOpen Button Default
[22m[39m[FilesContext] Vector store population triggered {
  "currentVectorStoreSize": 3,
  "documentsCount": 0,
  "filesCount": 6,
  "isInitialLoad": true,
}
[90mstdout[2m | src/components/PeerReview/OpenPeerReviewButton.stories.tsx[2m > [22m[2mOpen Button Default
[22m[39m[FilesContext] Vector store population complete - 3 total embeddings
[90mstdout[2m | src/components/PeerReview/OpenPeerReviewButton.stories.tsx[2m > [22m[2mOpen Button Default
[22m[39m[ChatContext] Chat exists and not archived, skipping creation
[90mstdout[2m | src/components/PeerReview/OpenPeerReviewButton.stories.tsx[2m > [22m[2mOpen Button Disabled
[22m[39m[ChatContext] Cleaning up subscriptions
[90mstdout[2m | src/components/PeerReview/OpenPeerReviewButton.stories.tsx[2m > [22m[2mOpen Button Disabled
[22m[39m[Mock Data] Unit.onUpdate() subscription removed. Remaining: 0
[90mstdout[2m | src/components/PeerReview/OpenPeerReviewButton.stories.tsx[2m > [22m[2mOpen Button Disabled
[22m[39m[MOCK CourseVectorStore] Initialized with mock data
[90mstdout[2m | src/components/PeerReview/OpenPeerReviewButton.stories.tsx[2m > [22m[2mOpen Button Disabled
[22m[39m[TranslationModeController] Setting mode to: off
[90mstdout[2m | src/components/PeerReview/OpenPeerReviewButton.stories.tsx[2m > [22m[2mOpen Button Disabled
[22m[39m[UnitContext] useEffect triggered {
  "authLoading": false,
  "hasUser": true,
  "id": "mock-unit-id",
  "userSub": "mock-user-sub",
}
[90mstdout[2m | src/components/PeerReview/OpenPeerReviewButton.stories.tsx[2m > [22m[2mOpen Button Disabled
[22m[39m[UnitContext] Fetching unit data for id: mock-unit-id
[90mstdout[2m | src/components/PeerReview/OpenPeerReviewButton.stories.tsx[2m > [22m[2mOpen Button Disabled
[22m[39m[FilesContext] Initializing vector store from IndexedDB
[90mstdout[2m | src/components/PeerReview/OpenPeerReviewButton.stories.tsx[2m > [22m[2mOpen Button Disabled
[22m[39m[FilesContext] fetchFiles called
[90mstdout[2m | src/components/PeerReview/OpenPeerReviewButton.stories.tsx[2m > [22m[2mOpen Button Disabled
[22m[39m[FilesContext] User authenticated: mock-user-sub
[90mstdout[2m | src/components/PeerReview/OpenPeerReviewButton.stories.tsx[2m > [22m[2mOpen Button Disabled
[22m[39m[FilesContext] Identity ID: us-east-1:mock-identity-123
[90mstdout[2m | src/components/PeerReview/OpenPeerReviewButton.stories.tsx[2m > [22m[2mOpen Button Disabled
[22m[39m[FilesContext] About to set up File observeQuery
[90mstdout[2m | src/components/PeerReview/OpenPeerReviewButton.stories.tsx[2m > [22m[2mOpen Button Disabled
[22m[39m[ChatContext] Setting up AssistantChat observeQuery
[90mstdout[2m | src/components/PeerReview/OpenPeerReviewButton.stories.tsx[2m > [22m[2mOpen Button Disabled
[22m[39m[ChatContext] Waiting for subscription to initialize
[90mstdout[2m | src/components/PeerReview/OpenPeerReviewButton.stories.tsx[2m > [22m[2mOpen Button Disabled
[22m[39m[SettingsContext] Setting up Settings subscription for user: mock-user-sub
[90mstdout[2m | src/components/PeerReview/OpenPeerReviewButton.stories.tsx[2m > [22m[2mOpen Button Disabled
[22m[39m[Mock Data] Settings created: mock-settings-1790419037433 - notified 0 subscribers
[90mstdout[2m | src/components/PeerReview/OpenPeerReviewButton.stories.tsx[2m > [22m[2mOpen Button Disabled
[22m[39m[Mock Data] Unit.onUpdate() subscription added. Total: 1
[90mstdout[2m | src/components/PeerReview/OpenPeerReviewButton.stories.tsx[2m > [22m[2mOpen Button Disabled
[22m[39m[SectionContext] Section observeQuery update: 0
[90mstdout[2m | src/components/PeerReview/OpenPeerReviewButton.stories.tsx[2m > [22m[2mOpen Button Disabled
[22m[39m[FilesContext] File observeQuery update: 6 files
[90mstdout[2m | src/components/PeerReview/OpenPeerReviewButton.stories.tsx[2m > [22m[2mOpen Button Disabled
[22m[39m[ChatContext] AssistantChat initialized with 1 chats
[90mstdout[2m | src/components/PeerReview/OpenPeerReviewButton.stories.tsx[2m > [22m[2mOpen Button Disabled
[22m[39m[ChatContext] Setting initial chat: mock-assistant-chat-1
[90mstdout[2m | src/components/PeerReview/OpenPeerReviewButton.stories.tsx[2m > [22m[2mOpen Button Disabled
[22m[39m[Mock Storage] downloadData called with: undefined
[90mstdout[2m | src/components/PeerReview/OpenPeerReviewButton.stories.tsx[2m > [22m[2mOpen Button Disabled
[22m[39m[MOCK CourseVectorStore] Initialized with mock data
[90mstdout[2m | src/components/PeerReview/OpenPeerReviewButton.stories.tsx[2m > [22m[2mOpen Button Disabled
[22m[39m[FilesContext] Vector store population triggered {
  "currentVectorStoreSize": 3,
  "documentsCount": 0,
  "filesCount": 6,
  "isInitialLoad": true,
}
[90mstdout[2m | src/components/PeerReview/OpenPeerReviewButton.stories.tsx[2m > [22m[2mOpen Button Disabled
[22m[39m[FilesContext] Vector store population complete - 3 total embeddings
[90mstdout[2m | src/components/PeerReview/OpenPeerReviewButton.stories.tsx[2m > [22m[2mOpen Button Disabled
[22m[39m[ChatContext] Chat exists and not archived, skipping creation
[90mstdout[2m | src/components/PeerReview/OpenPeerReviewButton.stories.tsx[2m > [22m[2mOpen Button Create Error
[22m[39m[ChatContext] Cleaning up subscriptions
[90mstdout[2m | src/components/PeerReview/OpenPeerReviewButton.stories.tsx[2m > [22m[2mOpen Button Create Error
[22m[39m[Mock Data] Unit.onUpdate() subscription removed. Remaining: 0
[90mstdout[2m | src/components/PeerReview/OpenPeerReviewButton.stories.tsx[2m > [22m[2mOpen Button Create Error
[22m[39m[MOCK CourseVectorStore] Initialized with mock data
[90mstdout[2m | src/components/PeerReview/OpenPeerReviewButton.stories.tsx[2m > [22m[2mOpen Button Create Error
[22m[39m[TranslationModeController] Setting mode to: off
[90mstdout[2m | src/components/PeerReview/OpenPeerReviewButton.stories.tsx[2m > [22m[2mOpen Button Create Error
[22m[39m[UnitContext] useEffect triggered {
  "authLoading": false,
  "hasUser": true,
  "id": "mock-unit-id",
  "userSub": "mock-user-sub",
}
[90mstdout[2m | src/components/PeerReview/OpenPeerReviewButton.stories.tsx[2m > [22m[2mOpen Button Create Error
[22m[39m[UnitContext] Fetching unit data for id: mock-unit-id
[90mstdout[2m | src/components/PeerReview/OpenPeerReviewButton.stories.tsx[2m > [22m[2mOpen Button Create Error
[22m[39m[FilesContext] Initializing vector store from IndexedDB
[90mstdout[2m | src/components/PeerReview/OpenPeerReviewButton.stories.tsx[2m > [22m[2mOpen Button Create Error
[22m[39m[FilesContext] fetchFiles called
[90mstdout[2m | src/components/PeerReview/OpenPeerReviewButton.stories.tsx[2m > [22m[2mOpen Button Create Error
[22m[39m[FilesContext] User authenticated: mock-user-sub
[90mstdout[2m | src/components/PeerReview/OpenPeerReviewButton.stories.tsx[2m > [22m[2mOpen Button Create Error
[22m[39m[FilesContext] Identity ID: us-east-1:mock-identity-123
[90mstdout[2m | src/components/PeerReview/OpenPeerReviewButton.stories.tsx[2m > [22m[2mOpen Button Create Error
[22m[39m[FilesContext] About to set up File observeQuery
[90mstdout[2m | src/components/PeerReview/OpenPeerReviewButton.stories.tsx[2m > [22m[2mOpen Button Create Error
[22m[39m[ChatContext] Setting up AssistantChat observeQuery
[90mstdout[2m | src/components/PeerReview/OpenPeerReviewButton.stories.tsx[2m > [22m[2mOpen Button Create Error
[22m[39m[ChatContext] Waiting for subscription to initialize
[90mstdout[2m | src/components/PeerReview/OpenPeerReviewButton.stories.tsx[2m > [22m[2mOpen Button Create Error
[22m[39m[SettingsContext] Setting up Settings subscription for user: mock-user-sub
[90mstdout[2m | src/components/PeerReview/OpenPeerReviewButton.stories.tsx[2m > [22m[2mOpen Button Create Error
[22m[39m[Mock Data] Settings created: mock-settings-1790419037519 - notified 0 subscribers
[90mstdout[2m | src/components/PeerReview/OpenPeerReviewButton.stories.tsx[2m > [22m[2mOpen Button Create Error
[22m[39m[Mock Data] Unit.onUpdate() subscription added. Total: 1
[90mstdout[2m | src/components/PeerReview/OpenPeerReviewButton.stories.tsx[2m > [22m[2mOpen Button Create Error
[22m[39m[SectionContext] Section observeQuery update: 0
[90mstdout[2m | src/components/PeerReview/OpenPeerReviewButton.stories.tsx[2m > [22m[2mOpen Button Create Error
[22m[39m[FilesContext] File observeQuery update: 6 files
[90mstdout[2m | src/components/PeerReview/OpenPeerReviewButton.stories.tsx[2m > [22m[2mOpen Button Create Error
[22m[39m[ChatContext] AssistantChat initialized with 1 chats
[90mstdout[2m | src/components/PeerReview/OpenPeerReviewButton.stories.tsx[2m > [22m[2mOpen Button Create Error
[22m[39m[ChatContext] Setting initial chat: mock-assistant-chat-1
[90mstdout[2m | src/components/PeerReview/OpenPeerReviewButton.stories.tsx[2m > [22m[2mOpen Button Create Error
[22m[39m[Mock Storage] downloadData called with: undefined
[90mstdout[2m | src/components/PeerReview/OpenPeerReviewButton.stories.tsx[2m > [22m[2mOpen Button Create Error
[22m[39m[MOCK CourseVectorStore] Initialized with mock data
[90mstdout[2m | src/components/PeerReview/OpenPeerReviewButton.stories.tsx[2m > [22m[2mOpen Button Create Error
[22m[39m[FilesContext] Vector store population triggered {
  "currentVectorStoreSize": 3,
  "documentsCount": 0,
  "filesCount": 6,
  "isInitialLoad": true,
}
[90mstdout[2m | src/components/PeerReview/OpenPeerReviewButton.stories.tsx[2m > [22m[2mOpen Button Create Error
[22m[39m[FilesContext] Vector store population complete - 3 total embeddings
[90mstdout[2m | src/components/PeerReview/OpenPeerReviewButton.stories.tsx[2m > [22m[2mOpen Button Create Error
[22m[39m[ChatContext] Chat exists and not archived, skipping creation
 [32m✓[39m [30m[45m storybook (chromium) [49m[39m src/components/PeerReview/OpenPeerReviewButton.stories.tsx [2m([22m[2m3 tests[22m[2m)[22m[33m 309[2mms[22m[39m
[90mstdout[2m | unknown test
[22m[39m[MOCK vectorStoreDB.js] Module loaded - mock IndexedDB operations
[90mstdout[2m | unknown test
[22m[39m[Task Completion] DOM action listeners initialized
[90mstdout[2m | unknown test
[22m[39m[Task Completion] Auto-completion detector initialized
[90mstdout[2m | unknown test
[22m[39m[Preview] Task completion detector initialized
[90mstdout[2m | src/components/Editor3/plugins/LayoutPlugin.stories.jsx[2m > [22m[2mEditable Empty
[22m[39m[Preview] Skipped initializing default mock data (initializeMockData=false)
[90mstdout[2m | src/components/Editor3/plugins/LayoutPlugin.stories.jsx[2m > [22m[2mEditable Empty
[22m[39m[Mock Data] seedMockUnit: Adding unit layout-plugin-story-unit
[90mstdout[2m | src/components/Editor3/plugins/LayoutPlugin.stories.jsx[2m > [22m[2mEditable Empty
[22m[39m[MOCK CourseVectorStore] Initialized with mock data
[90mstdout[2m | src/components/Editor3/plugins/LayoutPlugin.stories.jsx[2m > [22m[2mEditable Empty
[22m[39m[TranslationModeController] Setting mode to: off
[90mstdout[2m | src/components/Editor3/plugins/LayoutPlugin.stories.jsx[2m > [22m[2mEditable Empty
[22m[39m[UnitContext] useEffect triggered {
  "authLoading": false,
  "hasUser": true,
  "id": "layout-plugin-story-unit",
  "userSub": "mock-user-sub",
}
[90mstdout[2m | src/components/Editor3/plugins/LayoutPlugin.stories.jsx[2m > [22m[2mEditable Empty
[22m[39m[UnitContext] Fetching unit data for id: layout-plugin-story-unit
[90mstdout[2m | src/components/Editor3/plugins/LayoutPlugin.stories.jsx[2m > [22m[2mEditable Empty
[22m[39m[FilesContext] Initializing vector store from IndexedDB
[90mstdout[2m | src/components/Editor3/plugins/LayoutPlugin.stories.jsx[2m > [22m[2mEditable Empty
[22m[39m[FilesContext] fetchFiles called
[90mstdout[2m | src/components/Editor3/plugins/LayoutPlugin.stories.jsx[2m > [22m[2mEditable Empty
[22m[39m[FilesContext] User authenticated: mock-user-sub
[90mstdout[2m | src/components/Editor3/plugins/LayoutPlugin.stories.jsx[2m > [22m[2mEditable Empty
[22m[39m[FilesContext] Identity ID: us-east-1:mock-identity-123
[90mstdout[2m | src/components/Editor3/plugins/LayoutPlugin.stories.jsx[2m > [22m[2mEditable Empty
[22m[39m[FilesContext] About to set up File observeQuery
[90mstdout[2m | src/components/Editor3/plugins/LayoutPlugin.stories.jsx[2m > [22m[2mEditable Empty
[22m[39m[ChatContext] Setting up AssistantChat observeQuery
[90mstdout[2m | src/components/Editor3/plugins/LayoutPlugin.stories.jsx[2m > [22m[2mEditable Empty
[22m[39m[ChatContext] Waiting for subscription to initialize
[90mstdout[2m | src/components/Editor3/plugins/LayoutPlugin.stories.jsx[2m > [22m[2mEditable Empty
[22m[39m[SettingsContext] Setting up Settings subscription for user: mock-user-sub
[90mstdout[2m | src/components/Editor3/plugins/LayoutPlugin.stories.jsx[2m > [22m[2mEditable Empty
[22m[39m[Mock Data] Settings created: mock-settings-1790419038109 - notified 0 subscribers
[90mstdout[2m | src/components/Editor3/plugins/LayoutPlugin.stories.jsx[2m > [22m[2mEditable Empty
[22m[39m[Mock Data] Unit.onUpdate() subscription added. Total: 1
[90mstdout[2m | src/components/Editor3/plugins/LayoutPlugin.stories.jsx[2m > [22m[2mEditable Empty
[22m[39m[SectionContext] Section observeQuery update: 0
[90mstdout[2m | src/components/Editor3/plugins/LayoutPlugin.stories.jsx[2m > [22m[2mEditable Empty
[22m[39m[FilesContext] File observeQuery update: 0 files
[90mstdout[2m | src/components/Editor3/plugins/LayoutPlugin.stories.jsx[2m > [22m[2mEditable Empty
[22m[39m[ChatContext] AssistantChat initialized with 0 chats
[90mstdout[2m | src/components/Editor3/plugins/LayoutPlugin.stories.jsx[2m > [22m[2mEditable Empty
[22m[39m[Mock Storage] downloadData called with: undefined
[90mstdout[2m | src/components/Editor3/plugins/LayoutPlugin.stories.jsx[2m > [22m[2mEditable Empty
[22m[39m[MOCK CourseVectorStore] Initialized with mock data
[90mstdout[2m | src/components/Editor3/plugins/LayoutPlugin.stories.jsx[2m > [22m[2mEditable Empty
[22m[39m[ChatContext] No current chat available, will create one
[90mstdout[2m | src/components/Editor3/plugins/LayoutPlugin.stories.jsx[2m > [22m[2mEditable Empty
[22m[39m[ChatContext] Creating AssistantChat with user: undefined
[90mstdout[2m | src/components/Editor3/plugins/LayoutPlugin.stories.jsx[2m > [22m[2mEditable Empty
[22m[39m[Mock Data] AssistantChat created: mock-assistantchat-1790419038117 - notified 1 subscribers
[90mstdout[2m | src/components/Editor3/plugins/LayoutPlugin.stories.jsx[2m > [22m[2mEditable Empty
[22m[39m[ChatContext] Create result: {
  "data": {
    "_version": 1,
    "archived": false,
    "chatFiles": [Function anonymous],
    "createdAt": "2026-09-26T10:37:18.117Z",
    "id": "mock-assistantchat-1790419038117",
    "model": "gpt-4",
    "updatedAt": "2026-09-26T10:37:18.117Z",
  },
  "errors": [],
  "hasData": true,
  "hasErrors": true,
}
[90mstdout[2m | src/components/Editor3/plugins/LayoutPlugin.stories.jsx[2m > [22m[2mEditable Empty
[22m[39m[ChatContext] Created AssistantChat: mock-assistantchat-1790419038117 at: 2026-09-26T10:37:18.117Z
[90mstdout[2m | src/components/Editor3/plugins/LayoutPlugin.stories.jsx[2m > [22m[2mEditable Empty
[22m[39m[ChatContext] Setting initial chat: mock-assistantchat-1790419038117
[90mstdout[2m | src/components/Editor3/plugins/LayoutPlugin.stories.jsx[2m > [22m[2mEditable Empty
[22m[39m[ChatContext] Chat exists and not archived, skipping creation
[90mstdout[2m | src/components/Editor3/plugins/LayoutPlugin.stories.jsx[2m > [22m[2mEditable With Layout
[22m[39m[ChatContext] Cleaning up subscriptions
[90mstdout[2m | src/components/Editor3/plugins/LayoutPlugin.stories.jsx[2m > [22m[2mEditable With Layout
[22m[39m[Mock Data] Unit.onUpdate() subscription removed. Remaining: 0
[90mstdout[2m | src/components/Editor3/plugins/LayoutPlugin.stories.jsx[2m > [22m[2mEditable With Layout
[22m[39m[Preview] Skipped initializing default mock data (initializeMockData=false)
[90mstdout[2m | src/components/Editor3/plugins/LayoutPlugin.stories.jsx[2m > [22m[2mEditable With Layout
[22m[39m[Mock Data] seedMockUnit: Adding unit layout-plugin-story-unit
[90mstdout[2m | src/components/Editor3/plugins/LayoutPlugin.stories.jsx[2m > [22m[2mEditable With Layout
[22m[39m[MOCK CourseVectorStore] Initialized with mock data
[90mstdout[2m | src/components/Editor3/plugins/LayoutPlugin.stories.jsx[2m > [22m[2mEditable With Layout
[22m[39m[TranslationModeController] Setting mode to: off
[90mstdout[2m | src/components/Editor3/plugins/LayoutPlugin.stories.jsx[2m > [22m[2mEditable With Layout
[22m[39m[UnitContext] useEffect triggered {
  "authLoading": false,
  "hasUser": true,
  "id": "layout-plugin-story-unit",
  "userSub": "mock-user-sub",
}
[90mstdout[2m | src/components/Editor3/plugins/LayoutPlugin.stories.jsx[2m > [22m[2mEditable With Layout
[22m[39m[UnitContext] Fetching unit data for id: layout-plugin-story-unit
[90mstdout[2m | src/components/Editor3/plugins/LayoutPlugin.stories.jsx[2m > [22m[2mEditable With Layout
[22m[39m[FilesContext] Initializing vector store from IndexedDB
[90mstdout[2m | src/components/Editor3/plugins/LayoutPlugin.stories.jsx[2m > [22m[2mEditable With Layout
[22m[39m[FilesContext] fetchFiles called
[90mstdout[2m | src/components/Editor3/plugins/LayoutPlugin.stories.jsx[2m > [22m[2mEditable With Layout
[22m[39m[FilesContext] User authenticated: mock-user-sub
[90mstdout[2m | src/components/Editor3/plugins/LayoutPlugin.stories.jsx[2m > [22m[2mEditable With Layout
[22m[39m[FilesContext] Identity ID: us-east-1:mock-identity-123
[90mstdout[2m | src/components/Editor3/plugins/LayoutPlugin.stories.jsx[2m > [22m[2mEditable With Layout
[22m[39m[FilesContext] About to set up File observeQuery
[90mstdout[2m | src/components/Editor3/plugins/LayoutPlugin.stories.jsx[2m > [22m[2mEditable With Layout
[22m[39m[ChatContext] Setting up AssistantChat observeQuery
[90mstdout[2m | src/components/Editor3/plugins/LayoutPlugin.stories.jsx[2m > [22m[2mEditable With Layout
[22m[39m[ChatContext] Waiting for subscription to initialize
[90mstdout[2m | src/components/Editor3/plugins/LayoutPlugin.stories.jsx[2m > [22m[2mEditable With Layout
[22m[39m[SettingsContext] Setting up Settings subscription for user: mock-user-sub
[90mstdout[2m | src/components/Editor3/plugins/LayoutPlugin.stories.jsx[2m > [22m[2mEditable With Layout
[22m[39m[Mock Data] Settings created: mock-settings-1790419038251 - notified 0 subscribers
[90mstdout[2m | src/components/Editor3/plugins/LayoutPlugin.stories.jsx[2m > [22m[2mEditable With Layout
[22m[39m[Mock Data] Unit.onUpdate() subscription added. Total: 1
[90mstdout[2m | src/components/Editor3/plugins/LayoutPlugin.stories.jsx[2m > [22m[2mEditable With Layout
[22m[39m[SectionContext] Section observeQuery update: 0
[90mstdout[2m | src/components/Editor3/plugins/LayoutPlugin.stories.jsx[2m > [22m[2mEditable With Layout
[22m[39m[Mock Storage] downloadData called with: undefined
[90mstdout[2m | src/components/Editor3/plugins/LayoutPlugin.stories.jsx[2m > [22m[2mEditable With Layout
[22m[39m[FilesContext] File observeQuery update: 0 files
[90mstdout[2m | src/components/Editor3/plugins/LayoutPlugin.stories.jsx[2m > [22m[2mEditable With Layout
[22m[39m[ChatContext] AssistantChat initialized with 0 chats
[90mstdout[2m | src/components/Editor3/plugins/LayoutPlugin.stories.jsx[2m > [22m[2mEditable With Layout
[22m[39m[MOCK CourseVectorStore] Initialized with mock data
[90mstdout[2m | src/components/Editor3/plugins/LayoutPlugin.stories.jsx[2m > [22m[2mEditable With Layout
[22m[39m[ChatContext] No current chat available, will create one
[90mstdout[2m | src/components/Editor3/plugins/LayoutPlugin.stories.jsx[2m > [22m[2mEditable With Layout
[22m[39m[ChatContext] Creating AssistantChat with user: undefined
[90mstdout[2m | src/components/Editor3/plugins/LayoutPlugin.stories.jsx[2m > [22m[2mEditable With Layout
[22m[39m[Mock Data] AssistantChat created: mock-assistantchat-1790419038269 - notified 1 subscribers
[90mstdout[2m | src/components/Editor3/plugins/LayoutPlugin.stories.jsx[2m > [22m[2mEditable With Layout
[22m[39m[ChatContext] Create result: {
  "data": {
    "_version": 1,
    "archived": false,
    "chatFiles": [Function anonymous],
    "createdAt": "2026-09-26T10:37:18.269Z",
    "id": "mock-assistantchat-1790419038269",
    "model": "gpt-4",
    "updatedAt": "2026-09-26T10:37:18.269Z",
  },
  "errors": [],
  "hasData": true,
  "hasErrors": true,
}
[90mstdout[2m | src/components/Editor3/plugins/LayoutPlugin.stories.jsx[2m > [22m[2mEditable With Layout
[22m[39m[ChatContext] Created AssistantChat: mock-assistantchat-1790419038269 at: 2026-09-26T10:37:18.269Z
[90mstdout[2m | src/components/Editor3/plugins/LayoutPlugin.stories.jsx[2m > [22m[2mEditable With Layout
[22m[39m[ChatContext] Setting initial chat: mock-assistantchat-1790419038269
[90mstdout[2m | src/components/Editor3/plugins/LayoutPlugin.stories.jsx[2m > [22m[2mEditable With Layout
[22m[39m[ChatContext] Chat exists and not archived, skipping creation
[90mstdout[2m | src/components/Editor3/plugins/LayoutPlugin.stories.jsx[2m > [22m[2mRead Only With Layout
[22m[39m[ChatContext] Cleaning up subscriptions
[90mstdout[2m | src/components/Editor3/plugins/LayoutPlugin.stories.jsx[2m > [22m[2mRead Only With Layout
[22m[39m[Mock Data] Unit.onUpdate() subscription removed. Remaining: 0
[90mstdout[2m | src/components/Editor3/plugins/LayoutPlugin.stories.jsx[2m > [22m[2mRead Only With Layout
[22m[39m[Preview] Skipped initializing default mock data (initializeMockData=false)
[90mstdout[2m | src/components/Editor3/plugins/LayoutPlugin.stories.jsx[2m > [22m[2mRead Only With Layout
[22m[39m[Mock Data] seedMockUnit: Adding unit layout-plugin-story-unit
[90mstdout[2m | src/components/Editor3/plugins/LayoutPlugin.stories.jsx[2m > [22m[2mRead Only With Layout
[22m[39m[MOCK CourseVectorStore] Initialized with mock data
[90mstdout[2m | src/components/Editor3/plugins/LayoutPlugin.stories.jsx[2m > [22m[2mRead Only With Layout
[22m[39m[TranslationModeController] Setting mode to: off
[90mstdout[2m | src/components/Editor3/plugins/LayoutPlugin.stories.jsx[2m > [22m[2mRead Only With Layout
[22m[39m[UnitContext] useEffect triggered {
  "authLoading": false,
  "hasUser": true,
  "id": "layout-plugin-story-unit",
  "userSub": "mock-user-sub",
}
[90mstdout[2m | src/components/Editor3/plugins/LayoutPlugin.stories.jsx[2m > [22m[2mRead Only With Layout
[22m[39m[UnitContext] Fetching unit data for id: layout-plugin-story-unit
[90mstdout[2m | src/components/Editor3/plugins/LayoutPlugin.stories.jsx[2m > [22m[2mRead Only With Layout
[22m[39m[FilesContext] Initializing vector store from IndexedDB
[90mstdout[2m | src/components/Editor3/plugins/LayoutPlugin.stories.jsx[2m > [22m[2mRead Only With Layout
[22m[39m[FilesContext] fetchFiles called
[90mstdout[2m | src/components/Editor3/plugins/LayoutPlugin.stories.jsx[2m > [22m[2mRead Only With Layout
[22m[39m[FilesContext] User authenticated: mock-user-sub
[90mstdout[2m | src/components/Editor3/plugins/LayoutPlugin.stories.jsx[2m > [22m[2mRead Only With Layout
[22m[39m[FilesContext] Identity ID: us-east-1:mock-identity-123
[90mstdout[2m | src/components/Editor3/plugins/LayoutPlugin.stories.jsx[2m > [22m[2mRead Only With Layout
[22m[39m[FilesContext] About to set up File observeQuery
[90mstdout[2m | src/components/Editor3/plugins/LayoutPlugin.stories.jsx[2m > [22m[2mRead Only With Layout
[22m[39m[ChatContext] Setting up AssistantChat observeQuery
[90mstdout[2m | src/components/Editor3/plugins/LayoutPlugin.stories.jsx[2m > [22m[2mRead Only With Layout
[22m[39m[ChatContext] Waiting for subscription to initialize
[90mstdout[2m | src/components/Editor3/plugins/LayoutPlugin.stories.jsx[2m > [22m[2mRead Only With Layout
[22m[39m[SettingsContext] Setting up Settings subscription for user: mock-user-sub
[90mstdout[2m | src/components/Editor3/plugins/LayoutPlugin.stories.jsx[2m > [22m[2mRead Only With Layout
[22m[39m[Mock Data] Settings created: mock-settings-1790419038366 - notified 0 subscribers
[90mstdout[2m | src/components/Editor3/plugins/LayoutPlugin.stories.jsx[2m > [22m[2mRead Only With Layout
[22m[39m[Mock Data] Unit.onUpdate() subscription added. Total: 1
[90mstdout[2m | src/components/Editor3/plugins/LayoutPlugin.stories.jsx[2m > [22m[2mRead Only With Layout
[22m[39m[SectionContext] Section observeQuery update: 0
[90mstdout[2m | src/components/Editor3/plugins/LayoutPlugin.stories.jsx[2m > [22m[2mRead Only With Layout
[22m[39m[FilesContext] File observeQuery update: 0 files
[90mstdout[2m | src/components/Editor3/plugins/LayoutPlugin.stories.jsx[2m > [22m[2mRead Only With Layout
[22m[39m[MOCK CourseVectorStore] Initialized with mock data
[90mstdout[2m | src/components/Editor3/plugins/LayoutPlugin.stories.jsx[2m > [22m[2mRead Only With Layout
[22m[39m[ChatContext] AssistantChat initialized with 0 chats
[90mstdout[2m | src/components/Editor3/plugins/LayoutPlugin.stories.jsx[2m > [22m[2mRead Only With Layout
[22m[39m[Mock Storage] downloadData called with: undefined
[90mstdout[2m | src/components/Editor3/plugins/LayoutPlugin.stories.jsx[2m > [22m[2mRead Only With Layout
[22m[39m[ChatContext] No current chat available, will create one
[90mstdout[2m | src/components/Editor3/plugins/LayoutPlugin.stories.jsx[2m > [22m[2mRead Only With Layout
[22m[39m[ChatContext] Creating AssistantChat with user: undefined
[90mstdout[2m | src/components/Editor3/plugins/LayoutPlugin.stories.jsx[2m > [22m[2mRead Only With Layout
[22m[39m[Mock Data] AssistantChat created: mock-assistantchat-1790419038378 - notified 1 subscribers
[90mstdout[2m | src/components/Editor3/plugins/LayoutPlugin.stories.jsx[2m > [22m[2mRead Only With Layout
[22m[39m[ChatContext] Create result: {
  "data": {
    "_version": 1,
    "archived": false,
    "chatFiles": [Function anonymous],
    "createdAt": "2026-09-26T10:37:18.378Z",
    "id": "mock-assistantchat-1790419038378",
    "model": "gpt-4",
    "updatedAt": "2026-09-26T10:37:18.378Z",
  },
  "errors": [],
  "hasData": true,
  "hasErrors": true,
}
[90mstdout[2m | src/components/Editor3/plugins/LayoutPlugin.stories.jsx[2m > [22m[2mRead Only With Layout
[22m[39m[ChatContext] Created AssistantChat: mock-assistantchat-1790419038378 at: 2026-09-26T10:37:18.378Z
[90mstdout[2m | src/components/Editor3/plugins/LayoutPlugin.stories.jsx[2m > [22m[2mRead Only With Layout
[22m[39m[ChatContext] Setting initial chat: mock-assistantchat-1790419038378
[90mstdout[2m | src/components/Editor3/plugins/LayoutPlugin.stories.jsx[2m > [22m[2mRead Only With Layout
[22m[39m[ChatContext] Chat exists and not archived, skipping creation
 [32m✓[39m [30m[45m storybook (chromium) [49m[39m src/components/Editor3/plugins/LayoutPlugin.stories.jsx [2m([22m[2m3 tests[22m[2m)[22m[33m 373[2mms[22m[39m
[90mstdout[2m | unknown test
[22m[39m[MOCK vectorStoreDB.js] Module loaded - mock IndexedDB operations
[90mstdout[2m | unknown test
[22m[39m[Task Completion] DOM action listeners initialized
[90mstdout[2m | unknown test
[22m[39m[Task Completion] Auto-completion detector initialized
[90mstdout[2m | unknown test
[22m[39m[Preview] Task completion detector initialized
[90mstdout[2m | src/components/Gamification/GroupChallengeCard.stories.tsx[2m > [22m[2mActive
[22m[39m[TranslationModeController] Setting mode to: off
[90mstdout[2m | src/components/Gamification/GroupChallengeCard.stories.tsx[2m > [22m[2mCompleted
[22m[39m[TranslationModeController] Setting mode to: off
[90mstdout[2m | src/components/Gamification/GroupChallengeCard.stories.tsx[2m > [22m[2mWith Deadline
[22m[39m[TranslationModeController] Setting mode to: off
[90mstdout[2m | src/components/Gamification/GroupChallengeCard.stories.tsx[2m > [22m[2mJust Started
[22m[39m[TranslationModeController] Setting mode to: off
 [32m✓[39m [30m[45m storybook (chromium) [49m[39m src/components/Gamification/GroupChallengeCard.stories.tsx [2m([22m[2m4 tests[22m[2m)[22m[33m 338[2mms[22m[39m
[90mstdout[2m | unknown test
[22m[39m[MOCK vectorStoreDB.js] Module loaded - mock IndexedDB operations
[90mstdout[2m | unknown test
[22m[39m[Task Completion] DOM action listeners initialized
[90mstdout[2m | unknown test
[22m[39m[Task Completion] Auto-completion detector initialized
[90mstdout[2m | unknown test
[22m[39m[Preview] Task completion detector initialized
[90mstdout[2m | src/components/CollaborativeChat/ChatPanel.stories.tsx[2m > [22m[2mFull Demo
[22m[39m[TranslationModeController] Setting mode to: off
[90mstdout[2m | src/components/CollaborativeChat/ChatPanel.stories.tsx[2m > [22m[2mWith Incoming Messages
[22m[39m[TranslationModeController] Setting mode to: off
 [32m✓[39m [30m[45m storybook (chromium) [49m[39m src/components/CollaborativeChat/ChatPanel.stories.tsx [2m([22m[2m2 tests[22m[2m)[22m[33m 335[2mms[22m[39m
[90mstdout[2m | unknown test
[22m[39m[MOCK vectorStoreDB.js] Module loaded - mock IndexedDB operations
[90mstdout[2m | unknown test
[22m[39m[Task Completion] DOM action listeners initialized
[90mstdout[2m | unknown test
[22m[39m[Task Completion] Auto-completion detector initialized
[90mstdout[2m | unknown test
[22m[39m[Preview] Task completion detector initialized
[90mstdout[2m | src/components/EmptyState.stories.tsx[2m > [22m[2mDefault
[22m[39m[MOCK CourseVectorStore] Initialized with mock data
[90mstdout[2m | src/components/EmptyState.stories.tsx[2m > [22m[2mDefault
[22m[39m[TranslationModeController] Setting mode to: off
[90mstdout[2m | src/components/EmptyState.stories.tsx[2m > [22m[2mDefault
[22m[39m[UnitContext] useEffect triggered {
  "authLoading": false,
  "hasUser": true,
  "id": "mock-unit-id",
  "userSub": "mock-user-sub",
}
[90mstdout[2m | src/components/EmptyState.stories.tsx[2m > [22m[2mDefault
[22m[39m[UnitContext] Fetching unit data for id: mock-unit-id
[90mstdout[2m | src/components/EmptyState.stories.tsx[2m > [22m[2mDefault
[22m[39m[FilesContext] Initializing vector store from IndexedDB
[90mstdout[2m | src/components/EmptyState.stories.tsx[2m > [22m[2mDefault
[22m[39m[FilesContext] fetchFiles called
[90mstdout[2m | src/components/EmptyState.stories.tsx[2m > [22m[2mDefault
[22m[39m[FilesContext] User authenticated: mock-user-sub
[90mstdout[2m | src/components/EmptyState.stories.tsx[2m > [22m[2mDefault
[22m[39m[FilesContext] Identity ID: us-east-1:mock-identity-123
[90mstdout[2m | src/components/EmptyState.stories.tsx[2m > [22m[2mDefault
[22m[39m[FilesContext] About to set up File observeQuery
[90mstdout[2m | src/components/EmptyState.stories.tsx[2m > [22m[2mDefault
[22m[39m[ChatContext] Setting up AssistantChat observeQuery
[90mstdout[2m | src/components/EmptyState.stories.tsx[2m > [22m[2mDefault
[22m[39m[ChatContext] Waiting for subscription to initialize
[90mstdout[2m | src/components/EmptyState.stories.tsx[2m > [22m[2mDefault
[22m[39m[SettingsContext] Setting up Settings subscription for user: mock-user-sub
[90mstdout[2m | src/components/EmptyState.stories.tsx[2m > [22m[2mDefault
[22m[39m[Mock Data] Settings created: mock-settings-1790419043465 - notified 0 subscribers
[90mstdout[2m | src/components/EmptyState.stories.tsx[2m > [22m[2mDefault
[22m[39m[Mock Data] Unit.onUpdate() subscription added. Total: 1
[90mstdout[2m | src/components/EmptyState.stories.tsx[2m > [22m[2mDefault
[22m[39m[SectionContext] Section observeQuery update: 0
[90mstdout[2m | src/components/EmptyState.stories.tsx[2m > [22m[2mDefault
[22m[39m[FilesContext] File observeQuery update: 6 files
[90mstdout[2m | src/components/EmptyState.stories.tsx[2m > [22m[2mDefault
[22m[39m[ChatContext] AssistantChat initialized with 1 chats
[90mstdout[2m | src/components/EmptyState.stories.tsx[2m > [22m[2mDefault
[22m[39m[ChatContext] Setting initial chat: mock-assistant-chat-1
[90mstdout[2m | src/components/EmptyState.stories.tsx[2m > [22m[2mDefault
[22m[39m[MOCK CourseVectorStore] Initialized with mock data
[90mstdout[2m | src/components/EmptyState.stories.tsx[2m > [22m[2mDefault
[22m[39m[FilesContext] Vector store population triggered {
  "currentVectorStoreSize": 3,
  "documentsCount": 0,
  "filesCount": 6,
  "isInitialLoad": true,
}
[90mstdout[2m | src/components/EmptyState.stories.tsx[2m > [22m[2mDefault
[22m[39m[FilesContext] Vector store population complete - 3 total embeddings
[90mstdout[2m | src/components/EmptyState.stories.tsx[2m > [22m[2mDefault
[22m[39m[ChatContext] Chat exists and not archived, skipping creation
[90mstdout[2m | src/components/EmptyState.stories.tsx[2m > [22m[2mDefault
[22m[39m[Mock Storage] downloadData called with: undefined
[90mstdout[2m | src/components/EmptyState.stories.tsx[2m > [22m[2mWith Action
[22m[39m[ChatContext] Cleaning up subscriptions
[90mstdout[2m | src/components/EmptyState.stories.tsx[2m > [22m[2mWith Action
[22m[39m[Mock Data] Unit.onUpdate() subscription removed. Remaining: 0
[90mstdout[2m | src/components/EmptyState.stories.tsx[2m > [22m[2mWith Action
[22m[39m[MOCK CourseVectorStore] Initialized with mock data
[90mstdout[2m | src/components/EmptyState.stories.tsx[2m > [22m[2mWith Action
[22m[39m[TranslationModeController] Setting mode to: off
[90mstdout[2m | src/components/EmptyState.stories.tsx[2m > [22m[2mWith Action
[22m[39m[UnitContext] useEffect triggered {
  "authLoading": false,
  "hasUser": true,
  "id": "mock-unit-id",
  "userSub": "mock-user-sub",
}
[90mstdout[2m | src/components/EmptyState.stories.tsx[2m > [22m[2mWith Action
[22m[39m[UnitContext] Fetching unit data for id: mock-unit-id
[90mstdout[2m | src/components/EmptyState.stories.tsx[2m > [22m[2mWith Action
[22m[39m[FilesContext] Initializing vector store from IndexedDB
[90mstdout[2m | src/components/EmptyState.stories.tsx[2m > [22m[2mWith Action
[22m[39m[FilesContext] fetchFiles called
[90mstdout[2m | src/components/EmptyState.stories.tsx[2m > [22m[2mWith Action
[22m[39m[FilesContext] User authenticated: mock-user-sub
[90mstdout[2m | src/components/EmptyState.stories.tsx[2m > [22m[2mWith Action
[22m[39m[FilesContext] Identity ID: us-east-1:mock-identity-123
[90mstdout[2m | src/components/EmptyState.stories.tsx[2m > [22m[2mWith Action
[22m[39m[FilesContext] About to set up File observeQuery
[90mstdout[2m | src/components/EmptyState.stories.tsx[2m > [22m[2mWith Action
[22m[39m[ChatContext] Setting up AssistantChat observeQuery
[90mstdout[2m | src/components/EmptyState.stories.tsx[2m > [22m[2mWith Action
[22m[39m[ChatContext] Waiting for subscription to initialize
[90mstdout[2m | src/components/EmptyState.stories.tsx[2m > [22m[2mWith Action
[22m[39m[SettingsContext] Setting up Settings subscription for user: mock-user-sub
[90mstdout[2m | src/components/EmptyState.stories.tsx[2m > [22m[2mWith Action
[22m[39m[Mock Data] Settings created: mock-settings-1790419043675 - notified 0 subscribers
[90mstdout[2m | src/components/EmptyState.stories.tsx[2m > [22m[2mWith Action
[22m[39m[Mock Data] Unit.onUpdate() subscription added. Total: 1
[90mstdout[2m | src/components/EmptyState.stories.tsx[2m > [22m[2mWith Action
[22m[39m[SectionContext] Section observeQuery update: 0
[90mstdout[2m | src/components/EmptyState.stories.tsx[2m > [22m[2mWith Action
[22m[39m[FilesContext] File observeQuery update: 6 files
[90mstdout[2m | src/components/EmptyState.stories.tsx[2m > [22m[2mWith Action
[22m[39m[ChatContext] AssistantChat initialized with 1 chats
[90mstdout[2m | src/components/EmptyState.stories.tsx[2m > [22m[2mWith Action
[22m[39m[ChatContext] Setting initial chat: mock-assistant-chat-1
[90mstdout[2m | src/components/EmptyState.stories.tsx[2m > [22m[2mWith Action
[22m[39m[MOCK CourseVectorStore] Initialized with mock data
[90mstdout[2m | src/components/EmptyState.stories.tsx[2m > [22m[2mWith Action
[22m[39m[FilesContext] Vector store population triggered {
  "currentVectorStoreSize": 3,
  "documentsCount": 0,
  "filesCount": 6,
  "isInitialLoad": true,
}
[90mstdout[2m | src/components/EmptyState.stories.tsx[2m > [22m[2mWith Action
[22m[39m[FilesContext] Vector store population complete - 3 total embeddings
[90mstdout[2m | src/components/EmptyState.stories.tsx[2m > [22m[2mWith Action
[22m[39m[ChatContext] Chat exists and not archived, skipping creation
[90mstdout[2m | src/components/EmptyState.stories.tsx[2m > [22m[2mWith Action
[22m[39m[Mock Storage] downloadData called with: undefined
[90mstdout[2m | src/components/EmptyState.stories.tsx[2m > [22m[2mDense
[22m[39m[ChatContext] Cleaning up subscriptions
[90mstdout[2m | src/components/EmptyState.stories.tsx[2m > [22m[2mDense
[22m[39m[Mock Data] Unit.onUpdate() subscription removed. Remaining: 0
[90mstdout[2m | src/components/EmptyState.stories.tsx[2m > [22m[2mDense
[22m[39m[MOCK CourseVectorStore] Initialized with mock data
[90mstdout[2m | src/components/EmptyState.stories.tsx[2m > [22m[2mDense
[22m[39m[TranslationModeController] Setting mode to: off
[90mstdout[2m | src/components/EmptyState.stories.tsx[2m > [22m[2mDense
[22m[39m[UnitContext] useEffect triggered {
  "authLoading": false,
  "hasUser": true,
  "id": "mock-unit-id",
  "userSub": "mock-user-sub",
}
[90mstdout[2m | src/components/EmptyState.stories.tsx[2m > [22m[2mDense
[22m[39m[UnitContext] Fetching unit data for id: mock-unit-id
[90mstdout[2m | src/components/EmptyState.stories.tsx[2m > [22m[2mDense
[22m[39m[FilesContext] Initializing vector store from IndexedDB
[90mstdout[2m | src/components/EmptyState.stories.tsx[2m > [22m[2mDense
[22m[39m[FilesContext] fetchFiles called
[90mstdout[2m | src/components/EmptyState.stories.tsx[2m > [22m[2mDense
[22m[39m[FilesContext] User authenticated: mock-user-sub
[90mstdout[2m | src/components/EmptyState.stories.tsx[2m > [22m[2mDense
[22m[39m[FilesContext] Identity ID: us-east-1:mock-identity-123
[90mstdout[2m | src/components/EmptyState.stories.tsx[2m > [22m[2mDense
[22m[39m[FilesContext] About to set up File observeQuery
[90mstdout[2m | src/components/EmptyState.stories.tsx[2m > [22m[2mDense
[22m[39m[ChatContext] Setting up AssistantChat observeQuery
[90mstdout[2m | src/components/EmptyState.stories.tsx[2m > [22m[2mDense
[22m[39m[ChatContext] Waiting for subscription to initialize
[90mstdout[2m | src/components/EmptyState.stories.tsx[2m > [22m[2mDense
[22m[39m[SettingsContext] Setting up Settings subscription for user: mock-user-sub
[90mstdout[2m | src/components/EmptyState.stories.tsx[2m > [22m[2mDense
[22m[39m[Mock Data] Settings created: mock-settings-1790419043796 - notified 0 subscribers
[90mstdout[2m | src/components/EmptyState.stories.tsx[2m > [22m[2mDense
[22m[39m[Mock Data] Unit.onUpdate() subscription added. Total: 1
[90mstdout[2m | src/components/EmptyState.stories.tsx[2m > [22m[2mDense
[22m[39m[SectionContext] Section observeQuery update: 0
[90mstdout[2m | src/components/EmptyState.stories.tsx[2m > [22m[2mDense
[22m[39m[FilesContext] File observeQuery update: 6 files
[90mstdout[2m | src/components/EmptyState.stories.tsx[2m > [22m[2mDense
[22m[39m[ChatContext] AssistantChat initialized with 1 chats
[90mstdout[2m | src/components/EmptyState.stories.tsx[2m > [22m[2mDense
[22m[39m[ChatContext] Setting initial chat: mock-assistant-chat-1
[90mstdout[2m | src/components/EmptyState.stories.tsx[2m > [22m[2mDense
[22m[39m[Mock Storage] downloadData called with: undefined
[90mstdout[2m | src/components/EmptyState.stories.tsx[2m > [22m[2mDense
[22m[39m[MOCK CourseVectorStore] Initialized with mock data
[90mstdout[2m | src/components/EmptyState.stories.tsx[2m > [22m[2mDense
[22m[39m[FilesContext] Vector store population triggered {
  "currentVectorStoreSize": 3,
  "documentsCount": 0,
  "filesCount": 6,
  "isInitialLoad": true,
}
[90mstdout[2m | src/components/EmptyState.stories.tsx[2m > [22m[2mDense
[22m[39m[FilesContext] Vector store population complete - 3 total embeddings
[90mstdout[2m | src/components/EmptyState.stories.tsx[2m > [22m[2mDense
[22m[39m[ChatContext] Chat exists and not archived, skipping creation
 [32m✓[39m [30m[45m storybook (chromium) [49m[39m src/components/EmptyState.stories.tsx [2m([22m[2m3 tests[22m[2m)[22m[33m 437[2mms[22m[39m
[90mstdout[2m | unknown test
[22m[39m[MOCK vectorStoreDB.js] Module loaded - mock IndexedDB operations
[90mstdout[2m | unknown test
[22m[39m[Task Completion] DOM action listeners initialized
[90mstdout[2m | unknown test
[22m[39m[Task Completion] Auto-completion detector initialized
[90mstdout[2m | unknown test
[22m[39m[Preview] Task completion detector initialized
[90mstdout[2m | src/components/Gamification/SquadCrest.stories.tsx[2m > [22m[2mDefault
[22m[39m[TranslationModeController] Setting mode to: off
[90mstdout[2m | src/components/Gamification/SquadCrest.stories.tsx[2m > [22m[2mLarge
[22m[39m[TranslationModeController] Setting mode to: off
[90mstdout[2m | src/components/Gamification/SquadCrest.stories.tsx[2m > [22m[2mSmall No Name
[22m[39m[TranslationModeController] Setting mode to: off
 [32m✓[39m [30m[45m storybook (chromium) [49m[39m src/components/Gamification/SquadCrest.stories.tsx [2m([22m[2m3 tests[22m[2m)[22m[32m 244[2mms[22m[39m
[90mstdout[2m | unknown test
[22m[39m[MOCK vectorStoreDB.js] Module loaded - mock IndexedDB operations
[90mstdout[2m | unknown test
[22m[39m[Task Completion] DOM action listeners initialized
[90mstdout[2m | unknown test
[22m[39m[Task Completion] Auto-completion detector initialized
[90mstdout[2m | unknown test
[22m[39m[Preview] Task completion detector initialized
[90mstdout[2m | src/components/RecordingStudio3/RecordingSettings.stories.tsx[2m > [22m[2mDefault
[22m[39m[TranslationModeController] Setting mode to: off
[90mstdout[2m | src/components/RecordingStudio3/RecordingSettings.stories.tsx[2m > [22m[2mOff
[22m[39m[TranslationModeController] Setting mode to: off
[90mstdout[2m | src/components/RecordingStudio3/RecordingSettings.stories.tsx[2m > [22m[2mLight
[22m[39m[TranslationModeController] Setting mode to: off
[90mstdout[2m | src/components/RecordingStudio3/RecordingSettings.stories.tsx[2m > [22m[2mAggressive
[22m[39m[TranslationModeController] Setting mode to: off
 [32m✓[39m [30m[45m storybook (chromium) [49m[39m src/components/RecordingStudio3/RecordingSettings.stories.tsx [2m([22m[2m4 tests[22m[2m)[22m[33m 389[2mms[22m[39m
[90mstdout[2m | unknown test
[22m[39m[MOCK vectorStoreDB.js] Module loaded - mock IndexedDB operations
[90mstdout[2m | unknown test
[22m[39m[Task Completion] DOM action listeners initialized
[90mstdout[2m | unknown test
[22m[39m[Task Completion] Auto-completion detector initialized
[90mstdout[2m | unknown test
[22m[39m[Preview] Task completion detector initialized
[90mstdout[2m | src/components/Leaderboard/LeaderboardTable.stories.tsx[2m > [22m[2mDefault
[22m[39m[MOCK CourseVectorStore] Initialized with mock data
[90mstdout[2m | src/components/Leaderboard/LeaderboardTable.stories.tsx[2m > [22m[2mDefault
[22m[39m[TranslationModeController] Setting mode to: off
[90mstdout[2m | src/components/Leaderboard/LeaderboardTable.stories.tsx[2m > [22m[2mDefault
[22m[39m[UnitContext] useEffect triggered {
  "authLoading": false,
  "hasUser": true,
  "id": "mock-unit-id",
  "userSub": "mock-user-sub",
}
[90mstdout[2m | src/components/Leaderboard/LeaderboardTable.stories.tsx[2m > [22m[2mDefault
[22m[39m[UnitContext] Fetching unit data for id: mock-unit-id
[90mstdout[2m | src/components/Leaderboard/LeaderboardTable.stories.tsx[2m > [22m[2mDefault
[22m[39m[FilesContext] Initializing vector store from IndexedDB
[90mstdout[2m | src/components/Leaderboard/LeaderboardTable.stories.tsx[2m > [22m[2mDefault
[22m[39m[FilesContext] fetchFiles called
[90mstdout[2m | src/components/Leaderboard/LeaderboardTable.stories.tsx[2m > [22m[2mDefault
[22m[39m[FilesContext] User authenticated: mock-user-sub
[90mstdout[2m | src/components/Leaderboard/LeaderboardTable.stories.tsx[2m > [22m[2mDefault
[22m[39m[FilesContext] Identity ID: us-east-1:mock-identity-123
[90mstdout[2m | src/components/Leaderboard/LeaderboardTable.stories.tsx[2m > [22m[2mDefault
[22m[39m[FilesContext] About to set up File observeQuery
[90mstdout[2m | src/components/Leaderboard/LeaderboardTable.stories.tsx[2m > [22m[2mDefault
[22m[39m[ChatContext] Setting up AssistantChat observeQuery
[90mstdout[2m | src/components/Leaderboard/LeaderboardTable.stories.tsx[2m > [22m[2mDefault
[22m[39m[ChatContext] Waiting for subscription to initialize
[90mstdout[2m | src/components/Leaderboard/LeaderboardTable.stories.tsx[2m > [22m[2mDefault
[22m[39m[SettingsContext] Setting up Settings subscription for user: mock-user-sub
[90mstdout[2m | src/components/Leaderboard/LeaderboardTable.stories.tsx[2m > [22m[2mDefault
[22m[39m[Mock Data] Settings created: mock-settings-1790419045783 - notified 0 subscribers
[90mstdout[2m | src/components/Leaderboard/LeaderboardTable.stories.tsx[2m > [22m[2mDefault
[22m[39m[Mock Data] Unit.onUpdate() subscription added. Total: 1
[90mstdout[2m | src/components/Leaderboard/LeaderboardTable.stories.tsx[2m > [22m[2mDefault
[22m[39m[SectionContext] Section observeQuery update: 0
[90mstdout[2m | src/components/Leaderboard/LeaderboardTable.stories.tsx[2m > [22m[2mDefault
[22m[39m[FilesContext] File observeQuery update: 6 files
[90mstdout[2m | src/components/Leaderboard/LeaderboardTable.stories.tsx[2m > [22m[2mDefault
[22m[39m[ChatContext] AssistantChat initialized with 1 chats
[90mstdout[2m | src/components/Leaderboard/LeaderboardTable.stories.tsx[2m > [22m[2mDefault
[22m[39m[ChatContext] Setting initial chat: mock-assistant-chat-1
[90mstdout[2m | src/components/Leaderboard/LeaderboardTable.stories.tsx[2m > [22m[2mDefault
[22m[39m[MOCK CourseVectorStore] Initialized with mock data
[90mstdout[2m | src/components/Leaderboard/LeaderboardTable.stories.tsx[2m > [22m[2mDefault
[22m[39m[FilesContext] Vector store population triggered {
  "currentVectorStoreSize": 3,
  "documentsCount": 0,
  "filesCount": 6,
  "isInitialLoad": true,
}
[90mstdout[2m | src/components/Leaderboard/LeaderboardTable.stories.tsx[2m > [22m[2mDefault
[22m[39m[FilesContext] Vector store population complete - 3 total embeddings
[90mstdout[2m | src/components/Leaderboard/LeaderboardTable.stories.tsx[2m > [22m[2mDefault
[22m[39m[ChatContext] Chat exists and not archived, skipping creation
[90mstdout[2m | src/components/Leaderboard/LeaderboardTable.stories.tsx[2m > [22m[2mDefault
[22m[39m[Mock Storage] downloadData called with: undefined
[90mstdout[2m | src/components/Leaderboard/LeaderboardTable.stories.tsx[2m > [22m[2mEmpty
[22m[39m[ChatContext] Cleaning up subscriptions
[90mstdout[2m | src/components/Leaderboard/LeaderboardTable.stories.tsx[2m > [22m[2mEmpty
[22m[39m[Mock Data] Unit.onUpdate() subscription removed. Remaining: 0
[90mstdout[2m | src/components/Leaderboard/LeaderboardTable.stories.tsx[2m > [22m[2mEmpty
[22m[39m[MOCK CourseVectorStore] Initialized with mock data
[90mstdout[2m | src/components/Leaderboard/LeaderboardTable.stories.tsx[2m > [22m[2mEmpty
[22m[39m[TranslationModeController] Setting mode to: off
[90mstdout[2m | src/components/Leaderboard/LeaderboardTable.stories.tsx[2m > [22m[2mEmpty
[22m[39m[UnitContext] useEffect triggered {
  "authLoading": false,
  "hasUser": true,
  "id": "mock-unit-id",
  "userSub": "mock-user-sub",
}
[90mstdout[2m | src/components/Leaderboard/LeaderboardTable.stories.tsx[2m > [22m[2mEmpty
[22m[39m[UnitContext] Fetching unit data for id: mock-unit-id
[90mstdout[2m | src/components/Leaderboard/LeaderboardTable.stories.tsx[2m > [22m[2mEmpty
[22m[39m[FilesContext] Initializing vector store from IndexedDB
[90mstdout[2m | src/components/Leaderboard/LeaderboardTable.stories.tsx[2m > [22m[2mEmpty
[22m[39m[FilesContext] fetchFiles called
[90mstdout[2m | src/components/Leaderboard/LeaderboardTable.stories.tsx[2m > [22m[2mEmpty
[22m[39m[FilesContext] User authenticated: mock-user-sub
[90mstdout[2m | src/components/Leaderboard/LeaderboardTable.stories.tsx[2m > [22m[2mEmpty
[22m[39m[FilesContext] Identity ID: us-east-1:mock-identity-123
[90mstdout[2m | src/components/Leaderboard/LeaderboardTable.stories.tsx[2m > [22m[2mEmpty
[22m[39m[FilesContext] About to set up File observeQuery
[90mstdout[2m | src/components/Leaderboard/LeaderboardTable.stories.tsx[2m > [22m[2mEmpty
[22m[39m[ChatContext] Setting up AssistantChat observeQuery
[90mstdout[2m | src/components/Leaderboard/LeaderboardTable.stories.tsx[2m > [22m[2mEmpty
[22m[39m[ChatContext] Waiting for subscription to initialize
[90mstdout[2m | src/components/Leaderboard/LeaderboardTable.stories.tsx[2m > [22m[2mEmpty
[22m[39m[SettingsContext] Setting up Settings subscription for user: mock-user-sub
[90mstdout[2m | src/components/Leaderboard/LeaderboardTable.stories.tsx[2m > [22m[2mEmpty
[22m[39m[Mock Data] Settings created: mock-settings-1790419045953 - notified 0 subscribers
[90mstdout[2m | src/components/Leaderboard/LeaderboardTable.stories.tsx[2m > [22m[2mEmpty
[22m[39m[Mock Data] Unit.onUpdate() subscription added. Total: 1
[90mstdout[2m | src/components/Leaderboard/LeaderboardTable.stories.tsx[2m > [22m[2mEmpty
[22m[39m[SectionContext] Section observeQuery update: 0
[90mstdout[2m | src/components/Leaderboard/LeaderboardTable.stories.tsx[2m > [22m[2mEmpty
[22m[39m[FilesContext] File observeQuery update: 6 files
[90mstdout[2m | src/components/Leaderboard/LeaderboardTable.stories.tsx[2m > [22m[2mEmpty
[22m[39m[ChatContext] AssistantChat initialized with 1 chats
[90mstdout[2m | src/components/Leaderboard/LeaderboardTable.stories.tsx[2m > [22m[2mEmpty
[22m[39m[ChatContext] Setting initial chat: mock-assistant-chat-1
[90mstdout[2m | src/components/Leaderboard/LeaderboardTable.stories.tsx[2m > [22m[2mEmpty
[22m[39m[Mock Storage] downloadData called with: undefined
[90mstdout[2m | src/components/Leaderboard/LeaderboardTable.stories.tsx[2m > [22m[2mEmpty
[22m[39m[MOCK CourseVectorStore] Initialized with mock data
[90mstdout[2m | src/components/Leaderboard/LeaderboardTable.stories.tsx[2m > [22m[2mEmpty
[22m[39m[FilesContext] Vector store population triggered {
  "currentVectorStoreSize": 3,
  "documentsCount": 0,
  "filesCount": 6,
  "isInitialLoad": true,
}
[90mstdout[2m | src/components/Leaderboard/LeaderboardTable.stories.tsx[2m > [22m[2mEmpty
[22m[39m[FilesContext] Vector store population complete - 3 total embeddings
[90mstdout[2m | src/components/Leaderboard/LeaderboardTable.stories.tsx[2m > [22m[2mEmpty
[22m[39m[ChatContext] Chat exists and not archived, skipping creation
 [32m✓[39m [30m[45m storybook (chromium) [49m[39m src/components/Leaderboard/LeaderboardTable.stories.tsx [2m([22m[2m2 tests[22m[2m)[22m[32m 284[2mms[22m[39m
[90mstdout[2m | unknown test
[22m[39m[MOCK vectorStoreDB.js] Module loaded - mock IndexedDB operations
[90mstdout[2m | unknown test
[22m[39m[Task Completion] DOM action listeners initialized
[90mstdout[2m | unknown test
[22m[39m[Task Completion] Auto-completion detector initialized
[90mstdout[2m | unknown test
[22m[39m[Preview] Task completion detector initialized
[90mstdout[2m | src/components/RecordingStudio3/AudioFilterPanel.stories.tsx[2m > [22m[2mAll Off
[22m[39m[TranslationModeController] Setting mode to: off
[90mstdout[2m | src/components/RecordingStudio3/AudioFilterPanel.stories.tsx[2m > [22m[2mSome Active
[22m[39m[TranslationModeController] Setting mode to: off
[90mstdout[2m | src/components/RecordingStudio3/AudioFilterPanel.stories.tsx[2m > [22m[2mAll Active
[22m[39m[TranslationModeController] Setting mode to: off
 [32m✓[39m [30m[45m storybook (chromium) [49m[39m src/components/RecordingStudio3/AudioFilterPanel.stories.tsx [2m([22m[2m3 tests[22m[2m)[22m[33m 326[2mms[22m[39m
[90mstdout[2m | unknown test
[22m[39m[MOCK vectorStoreDB.js] Module loaded - mock IndexedDB operations
[90mstdout[2m | unknown test
[22m[39m[Task Completion] DOM action listeners initialized
[90mstdout[2m | unknown test
[22m[39m[Task Completion] Auto-completion detector initialized
[90mstdout[2m | unknown test
[22m[39m[Preview] Task completion detector initialized
[90mstdout[2m | src/components/Gamification/RankChangeToast.stories.tsx[2m > [22m[2mRank Up
[22m[39m[MOCK CourseVectorStore] Initialized with mock data
[90mstdout[2m | src/components/Gamification/RankChangeToast.stories.tsx[2m > [22m[2mRank Up
[22m[39m[TranslationModeController] Setting mode to: off
[90mstdout[2m | src/components/Gamification/RankChangeToast.stories.tsx[2m > [22m[2mRank Up
[22m[39m[UnitContext] useEffect triggered {
  "authLoading": false,
  "hasUser": true,
  "id": "mock-unit-id",
  "userSub": "mock-user-sub",
}
[90mstdout[2m | src/components/Gamification/RankChangeToast.stories.tsx[2m > [22m[2mRank Up
[22m[39m[UnitContext] Fetching unit data for id: mock-unit-id
[90mstdout[2m | src/components/Gamification/RankChangeToast.stories.tsx[2m > [22m[2mRank Up
[22m[39m[FilesContext] Initializing vector store from IndexedDB
[90mstdout[2m | src/components/Gamification/RankChangeToast.stories.tsx[2m > [22m[2mRank Up
[22m[39m[FilesContext] fetchFiles called
[90mstdout[2m | src/components/Gamification/RankChangeToast.stories.tsx[2m > [22m[2mRank Up
[22m[39m[FilesContext] User authenticated: mock-user-sub
[90mstdout[2m | src/components/Gamification/RankChangeToast.stories.tsx[2m > [22m[2mRank Up
[22m[39m[FilesContext] Identity ID: us-east-1:mock-identity-123
[90mstdout[2m | src/components/Gamification/RankChangeToast.stories.tsx[2m > [22m[2mRank Up
[22m[39m[FilesContext] About to set up File observeQuery
[90mstdout[2m | src/components/Gamification/RankChangeToast.stories.tsx[2m > [22m[2mRank Up
[22m[39m[ChatContext] Setting up AssistantChat observeQuery
[90mstdout[2m | src/components/Gamification/RankChangeToast.stories.tsx[2m > [22m[2mRank Up
[22m[39m[ChatContext] Waiting for subscription to initialize
[90mstdout[2m | src/components/Gamification/RankChangeToast.stories.tsx[2m > [22m[2mRank Up
[22m[39m[SettingsContext] Setting up Settings subscription for user: mock-user-sub
[90mstdout[2m | src/components/Gamification/RankChangeToast.stories.tsx[2m > [22m[2mRank Up
[22m[39m[Mock Data] Settings created: mock-settings-1790419047221 - notified 0 subscribers
[90mstdout[2m | src/components/Gamification/RankChangeToast.stories.tsx[2m > [22m[2mRank Up
[22m[39m[Mock Data] Unit.onUpdate() subscription added. Total: 1
[90mstdout[2m | src/components/Gamification/RankChangeToast.stories.tsx[2m > [22m[2mRank Up
[22m[39m[SectionContext] Section observeQuery update: 0
[90mstdout[2m | src/components/Gamification/RankChangeToast.stories.tsx[2m > [22m[2mRank Up
[22m[39m[FilesContext] File observeQuery update: 6 files
[90mstdout[2m | src/components/Gamification/RankChangeToast.stories.tsx[2m > [22m[2mRank Up
[22m[39m[ChatContext] AssistantChat initialized with 1 chats
[90mstdout[2m | src/components/Gamification/RankChangeToast.stories.tsx[2m > [22m[2mRank Up
[22m[39m[ChatContext] Setting initial chat: mock-assistant-chat-1
[90mstdout[2m | src/components/Gamification/RankChangeToast.stories.tsx[2m > [22m[2mRank Up
[22m[39m[MOCK CourseVectorStore] Initialized with mock data
[90mstdout[2m | src/components/Gamification/RankChangeToast.stories.tsx[2m > [22m[2mRank Up
[22m[39m[FilesContext] Vector store population triggered {
  "currentVectorStoreSize": 3,
  "documentsCount": 0,
  "filesCount": 6,
  "isInitialLoad": true,
}
[90mstdout[2m | src/components/Gamification/RankChangeToast.stories.tsx[2m > [22m[2mRank Up
[22m[39m[FilesContext] Vector store population complete - 3 total embeddings
[90mstdout[2m | src/components/Gamification/RankChangeToast.stories.tsx[2m > [22m[2mRank Up
[22m[39m[ChatContext] Chat exists and not archived, skipping creation
[90mstdout[2m | src/components/Gamification/RankChangeToast.stories.tsx[2m > [22m[2mRank Up
[22m[39m[Mock Storage] downloadData called with: undefined
[90mstdout[2m | src/components/Gamification/RankChangeToast.stories.tsx[2m > [22m[2mRank Down
[22m[39m[ChatContext] Cleaning up subscriptions
[90mstdout[2m | src/components/Gamification/RankChangeToast.stories.tsx[2m > [22m[2mRank Down
[22m[39m[Mock Data] Unit.onUpdate() subscription removed. Remaining: 0
[90mstdout[2m | src/components/Gamification/RankChangeToast.stories.tsx[2m > [22m[2mRank Down
[22m[39m[MOCK CourseVectorStore] Initialized with mock data
[90mstdout[2m | src/components/Gamification/RankChangeToast.stories.tsx[2m > [22m[2mRank Down
[22m[39m[TranslationModeController] Setting mode to: off
[90mstdout[2m | src/components/Gamification/RankChangeToast.stories.tsx[2m > [22m[2mRank Down
[22m[39m[UnitContext] useEffect triggered {
  "authLoading": false,
  "hasUser": true,
  "id": "mock-unit-id",
  "userSub": "mock-user-sub",
}
[90mstdout[2m | src/components/Gamification/RankChangeToast.stories.tsx[2m > [22m[2mRank Down
[22m[39m[UnitContext] Fetching unit data for id: mock-unit-id
[90mstdout[2m | src/components/Gamification/RankChangeToast.stories.tsx[2m > [22m[2mRank Down
[22m[39m[FilesContext] Initializing vector store from IndexedDB
[90mstdout[2m | src/components/Gamification/RankChangeToast.stories.tsx[2m > [22m[2mRank Down
[22m[39m[FilesContext] fetchFiles called
[90mstdout[2m | src/components/Gamification/RankChangeToast.stories.tsx[2m > [22m[2mRank Down
[22m[39m[FilesContext] User authenticated: mock-user-sub
[90mstdout[2m | src/components/Gamification/RankChangeToast.stories.tsx[2m > [22m[2mRank Down
[22m[39m[FilesContext] Identity ID: us-east-1:mock-identity-123
[90mstdout[2m | src/components/Gamification/RankChangeToast.stories.tsx[2m > [22m[2mRank Down
[22m[39m[FilesContext] About to set up File observeQuery
[90mstdout[2m | src/components/Gamification/RankChangeToast.stories.tsx[2m > [22m[2mRank Down
[22m[39m[ChatContext] Setting up AssistantChat observeQuery
[90mstdout[2m | src/components/Gamification/RankChangeToast.stories.tsx[2m > [22m[2mRank Down
[22m[39m[ChatContext] Waiting for subscription to initialize
[90mstdout[2m | src/components/Gamification/RankChangeToast.stories.tsx[2m > [22m[2mRank Down
[22m[39m[SettingsContext] Setting up Settings subscription for user: mock-user-sub
[90mstdout[2m | src/components/Gamification/RankChangeToast.stories.tsx[2m > [22m[2mRank Down
[22m[39m[Mock Data] Settings created: mock-settings-1790419047356 - notified 0 subscribers
[90mstdout[2m | src/components/Gamification/RankChangeToast.stories.tsx[2m > [22m[2mRank Down
[22m[39m[Mock Data] Unit.onUpdate() subscription added. Total: 1
[90mstdout[2m | src/components/Gamification/RankChangeToast.stories.tsx[2m > [22m[2mRank Down
[22m[39m[SectionContext] Section observeQuery update: 0
[90mstdout[2m | src/components/Gamification/RankChangeToast.stories.tsx[2m > [22m[2mRank Down
[22m[39m[FilesContext] File observeQuery update: 6 files
[90mstdout[2m | src/components/Gamification/RankChangeToast.stories.tsx[2m > [22m[2mRank Down
[22m[39m[MOCK CourseVectorStore] Initialized with mock data
[90mstdout[2m | src/components/Gamification/RankChangeToast.stories.tsx[2m > [22m[2mRank Down
[22m[39m[FilesContext] Vector store population triggered {
  "currentVectorStoreSize": 3,
  "documentsCount": 0,
  "filesCount": 6,
  "isInitialLoad": true,
}
[90mstdout[2m | src/components/Gamification/RankChangeToast.stories.tsx[2m > [22m[2mRank Down
[22m[39m[FilesContext] Vector store population complete - 3 total embeddings
[90mstdout[2m | src/components/Gamification/RankChangeToast.stories.tsx[2m > [22m[2mRank Down
[22m[39m[ChatContext] AssistantChat initialized with 1 chats
[90mstdout[2m | src/components/Gamification/RankChangeToast.stories.tsx[2m > [22m[2mRank Down
[22m[39m[ChatContext] Setting initial chat: mock-assistant-chat-1
[90mstdout[2m | src/components/Gamification/RankChangeToast.stories.tsx[2m > [22m[2mRank Down
[22m[39m[Mock Storage] downloadData called with: undefined
[90mstdout[2m | src/components/Gamification/RankChangeToast.stories.tsx[2m > [22m[2mRank Down
[22m[39m[ChatContext] Chat exists and not archived, skipping creation
[90mstdout[2m | src/components/Gamification/RankChangeToast.stories.tsx[2m > [22m[2mTop Rank
[22m[39m[ChatContext] Cleaning up subscriptions
[90mstdout[2m | src/components/Gamification/RankChangeToast.stories.tsx[2m > [22m[2mTop Rank
[22m[39m[Mock Data] Unit.onUpdate() subscription removed. Remaining: 0
[90mstdout[2m | src/components/Gamification/RankChangeToast.stories.tsx[2m > [22m[2mTop Rank
[22m[39m[MOCK CourseVectorStore] Initialized with mock data
[90mstdout[2m | src/components/Gamification/RankChangeToast.stories.tsx[2m > [22m[2mTop Rank
[22m[39m[TranslationModeController] Setting mode to: off
[90mstdout[2m | src/components/Gamification/RankChangeToast.stories.tsx[2m > [22m[2mTop Rank
[22m[39m[UnitContext] useEffect triggered {
  "authLoading": false,
  "hasUser": true,
  "id": "mock-unit-id",
  "userSub": "mock-user-sub",
}
[90mstdout[2m | src/components/Gamification/RankChangeToast.stories.tsx[2m > [22m[2mTop Rank
[22m[39m[UnitContext] Fetching unit data for id: mock-unit-id
[90mstdout[2m | src/components/Gamification/RankChangeToast.stories.tsx[2m > [22m[2mTop Rank
[22m[39m[FilesContext] Initializing vector store from IndexedDB
[90mstdout[2m | src/components/Gamification/RankChangeToast.stories.tsx[2m > [22m[2mTop Rank
[22m[39m[FilesContext] fetchFiles called
[90mstdout[2m | src/components/Gamification/RankChangeToast.stories.tsx[2m > [22m[2mTop Rank
[22m[39m[FilesContext] User authenticated: mock-user-sub
[90mstdout[2m | src/components/Gamification/RankChangeToast.stories.tsx[2m > [22m[2mTop Rank
[22m[39m[FilesContext] Identity ID: us-east-1:mock-identity-123
[90mstdout[2m | src/components/Gamification/RankChangeToast.stories.tsx[2m > [22m[2mTop Rank
[22m[39m[FilesContext] About to set up File observeQuery
[90mstdout[2m | src/components/Gamification/RankChangeToast.stories.tsx[2m > [22m[2mTop Rank
[22m[39m[ChatContext] Setting up AssistantChat observeQuery
[90mstdout[2m | src/components/Gamification/RankChangeToast.stories.tsx[2m > [22m[2mTop Rank
[22m[39m[ChatContext] Waiting for subscription to initialize
[90mstdout[2m | src/components/Gamification/RankChangeToast.stories.tsx[2m > [22m[2mTop Rank
[22m[39m[SettingsContext] Setting up Settings subscription for user: mock-user-sub
[90mstdout[2m | src/components/Gamification/RankChangeToast.stories.tsx[2m > [22m[2mTop Rank
[22m[39m[Mock Data] Settings created: mock-settings-1790419047453 - notified 0 subscribers
[90mstdout[2m | src/components/Gamification/RankChangeToast.stories.tsx[2m > [22m[2mTop Rank
[22m[39m[Mock Data] Unit.onUpdate() subscription added. Total: 1
[90mstdout[2m | src/components/Gamification/RankChangeToast.stories.tsx[2m > [22m[2mTop Rank
[22m[39m[SectionContext] Section observeQuery update: 0
[90mstdout[2m | src/components/Gamification/RankChangeToast.stories.tsx[2m > [22m[2mTop Rank
[22m[39m[FilesContext] File observeQuery update: 6 files
[90mstdout[2m | src/components/Gamification/RankChangeToast.stories.tsx[2m > [22m[2mTop Rank
[22m[39m[ChatContext] AssistantChat initialized with 1 chats
[90mstdout[2m | src/components/Gamification/RankChangeToast.stories.tsx[2m > [22m[2mTop Rank
[22m[39m[ChatContext] Setting initial chat: mock-assistant-chat-1
[90mstdout[2m | src/components/Gamification/RankChangeToast.stories.tsx[2m > [22m[2mTop Rank
[22m[39m[MOCK CourseVectorStore] Initialized with mock data
[90mstdout[2m | src/components/Gamification/RankChangeToast.stories.tsx[2m > [22m[2mTop Rank
[22m[39m[FilesContext] Vector store population triggered {
  "currentVectorStoreSize": 3,
  "documentsCount": 0,
  "filesCount": 6,
  "isInitialLoad": true,
}
[90mstdout[2m | src/components/Gamification/RankChangeToast.stories.tsx[2m > [22m[2mTop Rank
[22m[39m[FilesContext] Vector store population complete - 3 total embeddings
[90mstdout[2m | src/components/Gamification/RankChangeToast.stories.tsx[2m > [22m[2mTop Rank
[22m[39m[ChatContext] Chat exists and not archived, skipping creation
[90mstdout[2m | src/components/Gamification/RankChangeToast.stories.tsx[2m > [22m[2mTop Rank
[22m[39m[Mock Storage] downloadData called with: undefined
 [32m✓[39m [30m[45m storybook (chromium) [49m[39m src/components/Gamification/RankChangeToast.stories.tsx [2m([22m[2m3 tests[22m[2m)[22m[33m 355[2mms[22m[39m
[90mstdout[2m | unknown test
[22m[39m[MOCK vectorStoreDB.js] Module loaded - mock IndexedDB operations
[90mstdout[2m | unknown test
[22m[39m[Task Completion] DOM action listeners initialized
[90mstdout[2m | unknown test
[22m[39m[Task Completion] Auto-completion detector initialized
[90mstdout[2m | unknown test
[22m[39m[Preview] Task completion detector initialized
[90mstdout[2m | src/components/Gamification/ContentLockCard.stories.tsx[2m > [22m[2mLocked By XP
[22m[39m[TranslationModeController] Setting mode to: off
[90mstdout[2m | src/components/Gamification/ContentLockCard.stories.tsx[2m > [22m[2mLocked By Badge
[22m[39m[TranslationModeController] Setting mode to: off
[90mstdout[2m | src/components/Gamification/ContentLockCard.stories.tsx[2m > [22m[2mLocked By Completion
[22m[39m[TranslationModeController] Setting mode to: off
[90mstdout[2m | src/components/Gamification/ContentLockCard.stories.tsx[2m > [22m[2mUnlocked
[22m[39m[TranslationModeController] Setting mode to: off
 [32m✓[39m [30m[45m storybook (chromium) [49m[39m src/components/Gamification/ContentLockCard.stories.tsx [2m([22m[2m4 tests[22m[2m)[22m[33m 304[2mms[22m[39m
[90mstdout[2m | unknown test
[22m[39m[MOCK vectorStoreDB.js] Module loaded - mock IndexedDB operations
[90mstdout[2m | unknown test
[22m[39m[Task Completion] DOM action listeners initialized
[90mstdout[2m | unknown test
[22m[39m[Task Completion] Auto-completion detector initialized
[90mstdout[2m | unknown test
[22m[39m[Preview] Task completion detector initialized
[90mstdout[2m | src/components/Gamification/BadgeCoinFlip.stories.tsx[2m > [22m[2mSharpshooter
[22m[39m[TranslationModeController] Setting mode to: off
[90mstdout[2m | src/components/Gamification/BadgeCoinFlip.stories.tsx[2m > [22m[2mFirst Steps
[22m[39m[TranslationModeController] Setting mode to: off
 [32m✓[39m [30m[45m storybook (chromium) [49m[39m src/components/Gamification/BadgeCoinFlip.stories.tsx [2m([22m[2m2 tests[22m[2m)[22m[32m 213[2mms[22m[39m
[90mstdout[2m | unknown test
[22m[39m[MOCK vectorStoreDB.js] Module loaded - mock IndexedDB operations
[90mstdout[2m | unknown test
[22m[39m[Task Completion] DOM action listeners initialized
[90mstdout[2m | unknown test
[22m[39m[Task Completion] Auto-completion detector initialized
[90mstdout[2m | unknown test
[22m[39m[Preview] Task completion detector initialized
[90mstdout[2m | .storybook/docs/WhyHomeworkSupply.stories.tsx[2m > [22m[2mWhy It Exists
[22m[39m[MOCK CourseVectorStore] Initialized with mock data
[90mstdout[2m | .storybook/docs/WhyHomeworkSupply.stories.tsx[2m > [22m[2mWhy It Exists
[22m[39m[TranslationModeController] Setting mode to: off
[90mstdout[2m | .storybook/docs/WhyHomeworkSupply.stories.tsx[2m > [22m[2mWhy It Exists
[22m[39m[UnitContext] useEffect triggered {
  "authLoading": false,
  "hasUser": true,
  "id": "mock-unit-id",
  "userSub": "mock-user-sub",
}
[90mstdout[2m | .storybook/docs/WhyHomeworkSupply.stories.tsx[2m > [22m[2mWhy It Exists
[22m[39m[UnitContext] Fetching unit data for id: mock-unit-id
[90mstdout[2m | .storybook/docs/WhyHomeworkSupply.stories.tsx[2m > [22m[2mWhy It Exists
[22m[39m[FilesContext] Initializing vector store from IndexedDB
[90mstdout[2m | .storybook/docs/WhyHomeworkSupply.stories.tsx[2m > [22m[2mWhy It Exists
[22m[39m[FilesContext] fetchFiles called
[90mstdout[2m | .storybook/docs/WhyHomeworkSupply.stories.tsx[2m > [22m[2mWhy It Exists
[22m[39m[FilesContext] User authenticated: mock-user-sub
[90mstdout[2m | .storybook/docs/WhyHomeworkSupply.stories.tsx[2m > [22m[2mWhy It Exists
[22m[39m[FilesContext] Identity ID: us-east-1:mock-identity-123
[90mstdout[2m | .storybook/docs/WhyHomeworkSupply.stories.tsx[2m > [22m[2mWhy It Exists
[22m[39m[FilesContext] About to set up File observeQuery
[90mstdout[2m | .storybook/docs/WhyHomeworkSupply.stories.tsx[2m > [22m[2mWhy It Exists
[22m[39m[ChatContext] Setting up AssistantChat observeQuery
[90mstdout[2m | .storybook/docs/WhyHomeworkSupply.stories.tsx[2m > [22m[2mWhy It Exists
[22m[39m[ChatContext] Waiting for subscription to initialize
[90mstdout[2m | .storybook/docs/WhyHomeworkSupply.stories.tsx[2m > [22m[2mWhy It Exists
[22m[39m[SettingsContext] Setting up Settings subscription for user: mock-user-sub
[90mstdout[2m | .storybook/docs/WhyHomeworkSupply.stories.tsx[2m > [22m[2mWhy It Exists
[22m[39m[Mock Data] Settings created: mock-settings-1790419049390 - notified 0 subscribers
[90mstdout[2m | .storybook/docs/WhyHomeworkSupply.stories.tsx[2m > [22m[2mWhy It Exists
[22m[39m[Mock Data] Unit.onUpdate() subscription added. Total: 1
[90mstdout[2m | .storybook/docs/WhyHomeworkSupply.stories.tsx[2m > [22m[2mWhy It Exists
[22m[39m[SectionContext] Section observeQuery update: 0
[90mstdout[2m | .storybook/docs/WhyHomeworkSupply.stories.tsx[2m > [22m[2mWhy It Exists
[22m[39m[FilesContext] File observeQuery update: 6 files
[90mstdout[2m | .storybook/docs/WhyHomeworkSupply.stories.tsx[2m > [22m[2mWhy It Exists
[22m[39m[ChatContext] AssistantChat initialized with 1 chats
[90mstdout[2m | .storybook/docs/WhyHomeworkSupply.stories.tsx[2m > [22m[2mWhy It Exists
[22m[39m[ChatContext] Setting initial chat: mock-assistant-chat-1
[90mstdout[2m | .storybook/docs/WhyHomeworkSupply.stories.tsx[2m > [22m[2mWhy It Exists
[22m[39m[MOCK CourseVectorStore] Initialized with mock data
[90mstdout[2m | .storybook/docs/WhyHomeworkSupply.stories.tsx[2m > [22m[2mWhy It Exists
[22m[39m[FilesContext] Vector store population triggered {
  "currentVectorStoreSize": 3,
  "documentsCount": 0,
  "filesCount": 6,
  "isInitialLoad": true,
}
[90mstdout[2m | .storybook/docs/WhyHomeworkSupply.stories.tsx[2m > [22m[2mWhy It Exists
[22m[39m[FilesContext] Vector store population complete - 3 total embeddings
[90mstdout[2m | .storybook/docs/WhyHomeworkSupply.stories.tsx[2m > [22m[2mWhy It Exists
[22m[39m[ChatContext] Chat exists and not archived, skipping creation
[90mstdout[2m | .storybook/docs/WhyHomeworkSupply.stories.tsx[2m > [22m[2mWhy It Exists
[22m[39m[Mock Storage] downloadData called with: undefined
 [32m✓[39m [30m[45m storybook (chromium) [49m[39m .storybook/docs/WhyHomeworkSupply.stories.tsx [2m([22m[2m1 test[22m[2m)[22m[33m 314[2mms[22m[39m
   [33m[2m✓[22m[39m Why It Exists [33m 313[2mms[22m[39m
[90mstdout[2m | unknown test
[22m[39m[MOCK vectorStoreDB.js] Module loaded - mock IndexedDB operations
[90mstdout[2m | unknown test
[22m[39m[Task Completion] DOM action listeners initialized
[90mstdout[2m | unknown test
[22m[39m[Task Completion] Auto-completion detector initialized
[90mstdout[2m | unknown test
[22m[39m[Preview] Task completion detector initialized
[90mstdout[2m | src/components/Editor3/plugins/FloatingLinkEditorPlugin.stories.jsx[2m > [22m[2mEditable Empty
[22m[39m[Preview] Skipped initializing default mock data (initializeMockData=false)
[90mstdout[2m | src/components/Editor3/plugins/FloatingLinkEditorPlugin.stories.jsx[2m > [22m[2mEditable Empty
[22m[39m[Mock Data] seedMockUnit: Adding unit floating-link-story-unit
[90mstdout[2m | src/components/Editor3/plugins/FloatingLinkEditorPlugin.stories.jsx[2m > [22m[2mEditable Empty
[22m[39m[MOCK CourseVectorStore] Initialized with mock data
[90mstdout[2m | src/components/Editor3/plugins/FloatingLinkEditorPlugin.stories.jsx[2m > [22m[2mEditable Empty
[22m[39m[TranslationModeController] Setting mode to: off
[90mstdout[2m | src/components/Editor3/plugins/FloatingLinkEditorPlugin.stories.jsx[2m > [22m[2mEditable Empty
[22m[39m[UnitContext] useEffect triggered {
  "authLoading": false,
  "hasUser": true,
  "id": "floating-link-story-unit",
  "userSub": "mock-user-sub",
}
[90mstdout[2m | src/components/Editor3/plugins/FloatingLinkEditorPlugin.stories.jsx[2m > [22m[2mEditable Empty
[22m[39m[UnitContext] Fetching unit data for id: floating-link-story-unit
[90mstdout[2m | src/components/Editor3/plugins/FloatingLinkEditorPlugin.stories.jsx[2m > [22m[2mEditable Empty
[22m[39m[FilesContext] Initializing vector store from IndexedDB
[90mstdout[2m | src/components/Editor3/plugins/FloatingLinkEditorPlugin.stories.jsx[2m > [22m[2mEditable Empty
[22m[39m[FilesContext] fetchFiles called
[90mstdout[2m | src/components/Editor3/plugins/FloatingLinkEditorPlugin.stories.jsx[2m > [22m[2mEditable Empty
[22m[39m[FilesContext] User authenticated: mock-user-sub
[90mstdout[2m | src/components/Editor3/plugins/FloatingLinkEditorPlugin.stories.jsx[2m > [22m[2mEditable Empty
[22m[39m[FilesContext] Identity ID: us-east-1:mock-identity-123
[90mstdout[2m | src/components/Editor3/plugins/FloatingLinkEditorPlugin.stories.jsx[2m > [22m[2mEditable Empty
[22m[39m[FilesContext] About to set up File observeQuery
[90mstdout[2m | src/components/Editor3/plugins/FloatingLinkEditorPlugin.stories.jsx[2m > [22m[2mEditable Empty
[22m[39m[ChatContext] Setting up AssistantChat observeQuery
[90mstdout[2m | src/components/Editor3/plugins/FloatingLinkEditorPlugin.stories.jsx[2m > [22m[2mEditable Empty
[22m[39m[ChatContext] Waiting for subscription to initialize
[90mstdout[2m | src/components/Editor3/plugins/FloatingLinkEditorPlugin.stories.jsx[2m > [22m[2mEditable Empty
[22m[39m[SettingsContext] Setting up Settings subscription for user: mock-user-sub
[90mstdout[2m | src/components/Editor3/plugins/FloatingLinkEditorPlugin.stories.jsx[2m > [22m[2mEditable Empty
[22m[39m[Mock Data] Settings created: mock-settings-1790419050066 - notified 0 subscribers
[90mstdout[2m | src/components/Editor3/plugins/FloatingLinkEditorPlugin.stories.jsx[2m > [22m[2mEditable Empty
[22m[39m[Mock Data] Unit.onUpdate() subscription added. Total: 1
[90mstdout[2m | src/components/Editor3/plugins/FloatingLinkEditorPlugin.stories.jsx[2m > [22m[2mEditable Empty
[22m[39m[SectionContext] Section observeQuery update: 0
[90mstdout[2m | src/components/Editor3/plugins/FloatingLinkEditorPlugin.stories.jsx[2m > [22m[2mEditable Empty
[22m[39m[FilesContext] File observeQuery update: 0 files
[90mstdout[2m | src/components/Editor3/plugins/FloatingLinkEditorPlugin.stories.jsx[2m > [22m[2mEditable Empty
[22m[39m[ChatContext] AssistantChat initialized with 0 chats
[90mstdout[2m | src/components/Editor3/plugins/FloatingLinkEditorPlugin.stories.jsx[2m > [22m[2mEditable Empty
[22m[39m[MOCK CourseVectorStore] Initialized with mock data
[90mstdout[2m | src/components/Editor3/plugins/FloatingLinkEditorPlugin.stories.jsx[2m > [22m[2mEditable Empty
[22m[39m[ChatContext] No current chat available, will create one
[90mstdout[2m | src/components/Editor3/plugins/FloatingLinkEditorPlugin.stories.jsx[2m > [22m[2mEditable Empty
[22m[39m[ChatContext] Creating AssistantChat with user: undefined
[90mstdout[2m | src/components/Editor3/plugins/FloatingLinkEditorPlugin.stories.jsx[2m > [22m[2mEditable Empty
[22m[39m[Mock Data] AssistantChat created: mock-assistantchat-1790419050078 - notified 1 subscribers
[90mstdout[2m | src/components/Editor3/plugins/FloatingLinkEditorPlugin.stories.jsx[2m > [22m[2mEditable Empty
[22m[39m[ChatContext] Create result: {
  "data": {
    "_version": 1,
    "archived": false,
    "chatFiles": [Function anonymous],
    "createdAt": "2026-09-26T10:37:30.078Z",
    "id": "mock-assistantchat-1790419050078",
    "model": "gpt-4",
    "updatedAt": "2026-09-26T10:37:30.078Z",
  },
  "errors": [],
  "hasData": true,
  "hasErrors": true,
}
[90mstdout[2m | src/components/Editor3/plugins/FloatingLinkEditorPlugin.stories.jsx[2m > [22m[2mEditable Empty
[22m[39m[ChatContext] Created AssistantChat: mock-assistantchat-1790419050078 at: 2026-09-26T10:37:30.078Z
[90mstdout[2m | src/components/Editor3/plugins/FloatingLinkEditorPlugin.stories.jsx[2m > [22m[2mEditable Empty
[22m[39m[Mock Storage] downloadData called with: undefined
[90mstdout[2m | src/components/Editor3/plugins/FloatingLinkEditorPlugin.stories.jsx[2m > [22m[2mEditable Empty
[22m[39m[ChatContext] Setting initial chat: mock-assistantchat-1790419050078
[90mstdout[2m | src/components/Editor3/plugins/FloatingLinkEditorPlugin.stories.jsx[2m > [22m[2mEditable Empty
[22m[39m[ChatContext] Chat exists and not archived, skipping creation
[90mstdout[2m | src/components/Editor3/plugins/FloatingLinkEditorPlugin.stories.jsx[2m > [22m[2mEditable With Links
[22m[39m[ChatContext] Cleaning up subscriptions
[90mstdout[2m | src/components/Editor3/plugins/FloatingLinkEditorPlugin.stories.jsx[2m > [22m[2mEditable With Links
[22m[39m[Mock Data] Unit.onUpdate() subscription removed. Remaining: 0
[90mstdout[2m | src/components/Editor3/plugins/FloatingLinkEditorPlugin.stories.jsx[2m > [22m[2mEditable With Links
[22m[39m[Preview] Skipped initializing default mock data (initializeMockData=false)
[90mstdout[2m | src/components/Editor3/plugins/FloatingLinkEditorPlugin.stories.jsx[2m > [22m[2mEditable With Links
[22m[39m[Mock Data] seedMockUnit: Adding unit floating-link-story-unit
[90mstdout[2m | src/components/Editor3/plugins/FloatingLinkEditorPlugin.stories.jsx[2m > [22m[2mEditable With Links
[22m[39m[MOCK CourseVectorStore] Initialized with mock data
[90mstdout[2m | src/components/Editor3/plugins/FloatingLinkEditorPlugin.stories.jsx[2m > [22m[2mEditable With Links
[22m[39m[TranslationModeController] Setting mode to: off
[90mstdout[2m | src/components/Editor3/plugins/FloatingLinkEditorPlugin.stories.jsx[2m > [22m[2mEditable With Links
[22m[39m[UnitContext] useEffect triggered {
  "authLoading": false,
  "hasUser": true,
  "id": "floating-link-story-unit",
  "userSub": "mock-user-sub",
}
[90mstdout[2m | src/components/Editor3/plugins/FloatingLinkEditorPlugin.stories.jsx[2m > [22m[2mEditable With Links
[22m[39m[UnitContext] Fetching unit data for id: floating-link-story-unit
[90mstdout[2m | src/components/Editor3/plugins/FloatingLinkEditorPlugin.stories.jsx[2m > [22m[2mEditable With Links
[22m[39m[FilesContext] Initializing vector store from IndexedDB
[90mstdout[2m | src/components/Editor3/plugins/FloatingLinkEditorPlugin.stories.jsx[2m > [22m[2mEditable With Links
[22m[39m[FilesContext] fetchFiles called
[90mstdout[2m | src/components/Editor3/plugins/FloatingLinkEditorPlugin.stories.jsx[2m > [22m[2mEditable With Links
[22m[39m[FilesContext] User authenticated: mock-user-sub
[90mstdout[2m | src/components/Editor3/plugins/FloatingLinkEditorPlugin.stories.jsx[2m > [22m[2mEditable With Links
[22m[39m[FilesContext] Identity ID: us-east-1:mock-identity-123
[90mstdout[2m | src/components/Editor3/plugins/FloatingLinkEditorPlugin.stories.jsx[2m > [22m[2mEditable With Links
[22m[39m[FilesContext] About to set up File observeQuery
[90mstdout[2m | src/components/Editor3/plugins/FloatingLinkEditorPlugin.stories.jsx[2m > [22m[2mEditable With Links
[22m[39m[ChatContext] Setting up AssistantChat observeQuery
[90mstdout[2m | src/components/Editor3/plugins/FloatingLinkEditorPlugin.stories.jsx[2m > [22m[2mEditable With Links
[22m[39m[ChatContext] Waiting for subscription to initialize
[90mstdout[2m | src/components/Editor3/plugins/FloatingLinkEditorPlugin.stories.jsx[2m > [22m[2mEditable With Links
[22m[39m[SettingsContext] Setting up Settings subscription for user: mock-user-sub
[90mstdout[2m | src/components/Editor3/plugins/FloatingLinkEditorPlugin.stories.jsx[2m > [22m[2mEditable With Links
[22m[39m[Mock Data] Settings created: mock-settings-1790419050212 - notified 0 subscribers
[90mstdout[2m | src/components/Editor3/plugins/FloatingLinkEditorPlugin.stories.jsx[2m > [22m[2mEditable With Links
[22m[39m[Mock Data] Unit.onUpdate() subscription added. Total: 1
[90mstdout[2m | src/components/Editor3/plugins/FloatingLinkEditorPlugin.stories.jsx[2m > [22m[2mEditable With Links
[22m[39m[SectionContext] Section observeQuery update: 0
[90mstdout[2m | src/components/Editor3/plugins/FloatingLinkEditorPlugin.stories.jsx[2m > [22m[2mEditable With Links
[22m[39m[FilesContext] File observeQuery update: 0 files
[90mstdout[2m | src/components/Editor3/plugins/FloatingLinkEditorPlugin.stories.jsx[2m > [22m[2mEditable With Links
[22m[39m[ChatContext] AssistantChat initialized with 0 chats
[90mstdout[2m | src/components/Editor3/plugins/FloatingLinkEditorPlugin.stories.jsx[2m > [22m[2mEditable With Links
[22m[39m[MOCK CourseVectorStore] Initialized with mock data
[90mstdout[2m | src/components/Editor3/plugins/FloatingLinkEditorPlugin.stories.jsx[2m > [22m[2mEditable With Links
[22m[39m[ChatContext] No current chat available, will create one
[90mstdout[2m | src/components/Editor3/plugins/FloatingLinkEditorPlugin.stories.jsx[2m > [22m[2mEditable With Links
[22m[39m[ChatContext] Creating AssistantChat with user: undefined
[90mstdout[2m | src/components/Editor3/plugins/FloatingLinkEditorPlugin.stories.jsx[2m > [22m[2mEditable With Links
[22m[39m[Mock Data] AssistantChat created: mock-assistantchat-1790419050225 - notified 1 subscribers
[90mstdout[2m | src/components/Editor3/plugins/FloatingLinkEditorPlugin.stories.jsx[2m > [22m[2mEditable With Links
[22m[39m[ChatContext] Create result: {
  "data": {
    "_version": 1,
    "archived": false,
    "chatFiles": [Function anonymous],
    "createdAt": "2026-09-26T10:37:30.225Z",
    "id": "mock-assistantchat-1790419050225",
    "model": "gpt-4",
    "updatedAt": "2026-09-26T10:37:30.225Z",
  },
  "errors": [],
  "hasData": true,
  "hasErrors": true,
}
[90mstdout[2m | src/components/Editor3/plugins/FloatingLinkEditorPlugin.stories.jsx[2m > [22m[2mEditable With Links
[22m[39m[ChatContext] Created AssistantChat: mock-assistantchat-1790419050225 at: 2026-09-26T10:37:30.225Z
[90mstdout[2m | src/components/Editor3/plugins/FloatingLinkEditorPlugin.stories.jsx[2m > [22m[2mEditable With Links
[22m[39m[Mock Storage] downloadData called with: undefined
[90mstdout[2m | src/components/Editor3/plugins/FloatingLinkEditorPlugin.stories.jsx[2m > [22m[2mEditable With Links
[22m[39m[ChatContext] Setting initial chat: mock-assistantchat-1790419050225
[90mstdout[2m | src/components/Editor3/plugins/FloatingLinkEditorPlugin.stories.jsx[2m > [22m[2mEditable With Links
[22m[39m[ChatContext] Chat exists and not archived, skipping creation
 [32m✓[39m [30m[45m storybook (chromium) [49m[39m src/components/Editor3/plugins/FloatingLinkEditorPlugin.stories.jsx [2m([22m[2m2 tests[22m[2m)[22m[33m 329[2mms[22m[39m
[90mstdout[2m | unknown test
[22m[39m[MOCK vectorStoreDB.js] Module loaded - mock IndexedDB operations
[90mstdout[2m | unknown test
[22m[39m[Task Completion] DOM action listeners initialized
[90mstdout[2m | unknown test
[22m[39m[Task Completion] Auto-completion detector initialized
[90mstdout[2m | unknown test
[22m[39m[Preview] Task completion detector initialized
[90mstdout[2m | src/components/Editor3/components/AIContentSuggestion.stories.jsx[2m > [22m[2mWith Suggestion
[22m[39m[MOCK CourseVectorStore] Initialized with mock data
[90mstdout[2m | src/components/Editor3/components/AIContentSuggestion.stories.jsx[2m > [22m[2mWith Suggestion
[22m[39m[TranslationModeController] Setting mode to: off
[90mstdout[2m | src/components/Editor3/components/AIContentSuggestion.stories.jsx[2m > [22m[2mWith Suggestion
[22m[39m[FilesContext] Initializing vector store from IndexedDB
[90mstdout[2m | src/components/Editor3/components/AIContentSuggestion.stories.jsx[2m > [22m[2mWith Suggestion
[22m[39m[FilesContext] fetchFiles called
[90mstdout[2m | src/components/Editor3/components/AIContentSuggestion.stories.jsx[2m > [22m[2mWith Suggestion
[22m[39m[FilesContext] User authenticated: mock-user-sub
[90mstdout[2m | src/components/Editor3/components/AIContentSuggestion.stories.jsx[2m > [22m[2mWith Suggestion
[22m[39m[FilesContext] Identity ID: us-east-1:mock-identity-123
[90mstdout[2m | src/components/Editor3/components/AIContentSuggestion.stories.jsx[2m > [22m[2mWith Suggestion
[22m[39m[FilesContext] About to set up File observeQuery
[90mstdout[2m | src/components/Editor3/components/AIContentSuggestion.stories.jsx[2m > [22m[2mWith Suggestion
[22m[39m[ChatContext] Setting up AssistantChat observeQuery
[90mstdout[2m | src/components/Editor3/components/AIContentSuggestion.stories.jsx[2m > [22m[2mWith Suggestion
[22m[39m[ChatContext] Waiting for subscription to initialize
[90mstdout[2m | src/components/Editor3/components/AIContentSuggestion.stories.jsx[2m > [22m[2mWith Suggestion
[22m[39m[SettingsContext] Setting up Settings subscription for user: mock-user-sub
[90mstdout[2m | src/components/Editor3/components/AIContentSuggestion.stories.jsx[2m > [22m[2mWith Suggestion
[22m[39m[Mock Data] Settings created: mock-settings-1790419050760 - notified 0 subscribers
[90mstdout[2m | src/components/Editor3/components/AIContentSuggestion.stories.jsx[2m > [22m[2mWith Suggestion
[22m[39m[FilesContext] File observeQuery update: 6 files
[90mstdout[2m | src/components/Editor3/components/AIContentSuggestion.stories.jsx[2m > [22m[2mWith Suggestion
[22m[39m[ChatContext] AssistantChat initialized with 1 chats
[90mstdout[2m | src/components/Editor3/components/AIContentSuggestion.stories.jsx[2m > [22m[2mWith Suggestion
[22m[39m[ChatContext] Setting initial chat: mock-assistant-chat-1
[90mstdout[2m | src/components/Editor3/components/AIContentSuggestion.stories.jsx[2m > [22m[2mWith Suggestion
[22m[39m[MOCK CourseVectorStore] Initialized with mock data
[90mstdout[2m | src/components/Editor3/components/AIContentSuggestion.stories.jsx[2m > [22m[2mWith Suggestion
[22m[39m[FilesContext] Vector store population triggered {
  "currentVectorStoreSize": 3,
  "documentsCount": 0,
  "filesCount": 6,
  "isInitialLoad": true,
}
[90mstdout[2m | src/components/Editor3/components/AIContentSuggestion.stories.jsx[2m > [22m[2mWith Suggestion
[22m[39m[FilesContext] Vector store population complete - 3 total embeddings
[90mstdout[2m | src/components/Editor3/components/AIContentSuggestion.stories.jsx[2m > [22m[2mWith Suggestion
[22m[39m[ChatContext] Chat exists and not archived, skipping creation
[90mstdout[2m | src/components/Editor3/components/AIContentSuggestion.stories.jsx[2m > [22m[2mWith Suggestion
[22m[39m[Mock Storage] downloadData called with: undefined
[90mstdout[2m | src/components/Editor3/components/AIContentSuggestion.stories.jsx[2m > [22m[2mLoading
[22m[39m[ChatContext] Cleaning up subscriptions
[90mstdout[2m | src/components/Editor3/components/AIContentSuggestion.stories.jsx[2m > [22m[2mLoading
[22m[39m[MOCK CourseVectorStore] Initialized with mock data
[90mstdout[2m | src/components/Editor3/components/AIContentSuggestion.stories.jsx[2m > [22m[2mLoading
[22m[39m[TranslationModeController] Setting mode to: off
[90mstdout[2m | src/components/Editor3/components/AIContentSuggestion.stories.jsx[2m > [22m[2mLoading
[22m[39m[FilesContext] Initializing vector store from IndexedDB
[90mstdout[2m | src/components/Editor3/components/AIContentSuggestion.stories.jsx[2m > [22m[2mLoading
[22m[39m[FilesContext] fetchFiles called
[90mstdout[2m | src/components/Editor3/components/AIContentSuggestion.stories.jsx[2m > [22m[2mLoading
[22m[39m[FilesContext] User authenticated: mock-user-sub
[90mstdout[2m | src/components/Editor3/components/AIContentSuggestion.stories.jsx[2m > [22m[2mLoading
[22m[39m[FilesContext] Identity ID: us-east-1:mock-identity-123
[90mstdout[2m | src/components/Editor3/components/AIContentSuggestion.stories.jsx[2m > [22m[2mLoading
[22m[39m[FilesContext] About to set up File observeQuery
[90mstdout[2m | src/components/Editor3/components/AIContentSuggestion.stories.jsx[2m > [22m[2mLoading
[22m[39m[ChatContext] Setting up AssistantChat observeQuery
[90mstdout[2m | src/components/Editor3/components/AIContentSuggestion.stories.jsx[2m > [22m[2mLoading
[22m[39m[ChatContext] Waiting for subscription to initialize
[90mstdout[2m | src/components/Editor3/components/AIContentSuggestion.stories.jsx[2m > [22m[2mLoading
[22m[39m[SettingsContext] Setting up Settings subscription for user: mock-user-sub
[90mstdout[2m | src/components/Editor3/components/AIContentSuggestion.stories.jsx[2m > [22m[2mLoading
[22m[39m[Mock Data] Settings created: mock-settings-1790419050881 - notified 0 subscribers
[90mstdout[2m | src/components/Editor3/components/AIContentSuggestion.stories.jsx[2m > [22m[2mLoading
[22m[39m[FilesContext] File observeQuery update: 6 files
[90mstdout[2m | src/components/Editor3/components/AIContentSuggestion.stories.jsx[2m > [22m[2mLoading
[22m[39m[Mock Storage] downloadData called with: undefined
[90mstdout[2m | src/components/Editor3/components/AIContentSuggestion.stories.jsx[2m > [22m[2mLoading
[22m[39m[ChatContext] AssistantChat initialized with 1 chats
[90mstdout[2m | src/components/Editor3/components/AIContentSuggestion.stories.jsx[2m > [22m[2mLoading
[22m[39m[ChatContext] Setting initial chat: mock-assistant-chat-1
[90mstdout[2m | src/components/Editor3/components/AIContentSuggestion.stories.jsx[2m > [22m[2mLoading
[22m[39m[MOCK CourseVectorStore] Initialized with mock data
[90mstdout[2m | src/components/Editor3/components/AIContentSuggestion.stories.jsx[2m > [22m[2mLoading
[22m[39m[FilesContext] Vector store population triggered {
  "currentVectorStoreSize": 3,
  "documentsCount": 0,
  "filesCount": 6,
  "isInitialLoad": true,
}
[90mstdout[2m | src/components/Editor3/components/AIContentSuggestion.stories.jsx[2m > [22m[2mLoading
[22m[39m[FilesContext] Vector store population complete - 3 total embeddings
[90mstdout[2m | src/components/Editor3/components/AIContentSuggestion.stories.jsx[2m > [22m[2mLoading
[22m[39m[ChatContext] Chat exists and not archived, skipping creation
[90mstdout[2m | src/components/Editor3/components/AIContentSuggestion.stories.jsx[2m > [22m[2mShort Suggestion
[22m[39m[ChatContext] Cleaning up subscriptions
[90mstdout[2m | src/components/Editor3/components/AIContentSuggestion.stories.jsx[2m > [22m[2mShort Suggestion
[22m[39m[MOCK CourseVectorStore] Initialized with mock data
[90mstdout[2m | src/components/Editor3/components/AIContentSuggestion.stories.jsx[2m > [22m[2mShort Suggestion
[22m[39m[TranslationModeController] Setting mode to: off
[90mstdout[2m | src/components/Editor3/components/AIContentSuggestion.stories.jsx[2m > [22m[2mShort Suggestion
[22m[39m[FilesContext] Initializing vector store from IndexedDB
[90mstdout[2m | src/components/Editor3/components/AIContentSuggestion.stories.jsx[2m > [22m[2mShort Suggestion
[22m[39m[FilesContext] fetchFiles called
[90mstdout[2m | src/components/Editor3/components/AIContentSuggestion.stories.jsx[2m > [22m[2mShort Suggestion
[22m[39m[FilesContext] User authenticated: mock-user-sub
[90mstdout[2m | src/components/Editor3/components/AIContentSuggestion.stories.jsx[2m > [22m[2mShort Suggestion
[22m[39m[FilesContext] Identity ID: us-east-1:mock-identity-123
[90mstdout[2m | src/components/Editor3/components/AIContentSuggestion.stories.jsx[2m > [22m[2mShort Suggestion
[22m[39m[FilesContext] About to set up File observeQuery
[90mstdout[2m | src/components/Editor3/components/AIContentSuggestion.stories.jsx[2m > [22m[2mShort Suggestion
[22m[39m[ChatContext] Setting up AssistantChat observeQuery
[90mstdout[2m | src/components/Editor3/components/AIContentSuggestion.stories.jsx[2m > [22m[2mShort Suggestion
[22m[39m[ChatContext] Waiting for subscription to initialize
[90mstdout[2m | src/components/Editor3/components/AIContentSuggestion.stories.jsx[2m > [22m[2mShort Suggestion
[22m[39m[SettingsContext] Setting up Settings subscription for user: mock-user-sub
[90mstdout[2m | src/components/Editor3/components/AIContentSuggestion.stories.jsx[2m > [22m[2mShort Suggestion
[22m[39m[Mock Data] Settings created: mock-settings-1790419050983 - notified 0 subscribers
[90mstdout[2m | src/components/Editor3/components/AIContentSuggestion.stories.jsx[2m > [22m[2mShort Suggestion
[22m[39m[Mock Storage] downloadData called with: undefined
[90mstdout[2m | src/components/Editor3/components/AIContentSuggestion.stories.jsx[2m > [22m[2mShort Suggestion
[22m[39m[FilesContext] File observeQuery update: 6 files
[90mstdout[2m | src/components/Editor3/components/AIContentSuggestion.stories.jsx[2m > [22m[2mShort Suggestion
[22m[39m[ChatContext] AssistantChat initialized with 1 chats
[90mstdout[2m | src/components/Editor3/components/AIContentSuggestion.stories.jsx[2m > [22m[2mShort Suggestion
[22m[39m[ChatContext] Setting initial chat: mock-assistant-chat-1
[90mstdout[2m | src/components/Editor3/components/AIContentSuggestion.stories.jsx[2m > [22m[2mShort Suggestion
[22m[39m[MOCK CourseVectorStore] Initialized with mock data
[90mstdout[2m | src/components/Editor3/components/AIContentSuggestion.stories.jsx[2m > [22m[2mShort Suggestion
[22m[39m[FilesContext] Vector store population triggered {
  "currentVectorStoreSize": 3,
  "documentsCount": 0,
  "filesCount": 6,
  "isInitialLoad": true,
}
[90mstdout[2m | src/components/Editor3/components/AIContentSuggestion.stories.jsx[2m > [22m[2mShort Suggestion
[22m[39m[FilesContext] Vector store population complete - 3 total embeddings
[90mstdout[2m | src/components/Editor3/components/AIContentSuggestion.stories.jsx[2m > [22m[2mShort Suggestion
[22m[39m[ChatContext] Chat exists and not archived, skipping creation
 [32m✓[39m [30m[45m storybook (chromium) [49m[39m src/components/Editor3/components/AIContentSuggestion.stories.jsx [2m([22m[2m3 tests[22m[2m)[22m[33m 321[2mms[22m[39m
[90mstdout[2m | unknown test
[22m[39m[MOCK vectorStoreDB.js] Module loaded - mock IndexedDB operations
[90mstdout[2m | unknown test
[22m[39m[Task Completion] DOM action listeners initialized
[90mstdout[2m | unknown test
[22m[39m[Task Completion] Auto-completion detector initialized
[90mstdout[2m | unknown test
[22m[39m[Preview] Task completion detector initialized
[90mstdout[2m | src/components/SkillTreePopupButton.stories.tsx[2m > [22m[2mDefault
[22m[39m[MOCK CourseVectorStore] Initialized with mock data
[90mstdout[2m | src/components/SkillTreePopupButton.stories.tsx[2m > [22m[2mDefault
[22m[39m[TranslationModeController] Setting mode to: off
[90mstdout[2m | src/components/SkillTreePopupButton.stories.tsx[2m > [22m[2mDefault
[22m[39m[UnitContext] useEffect triggered {
  "authLoading": false,
  "hasUser": true,
  "id": "mock-unit-id",
  "userSub": "mock-user-sub",
}
[90mstdout[2m | src/components/SkillTreePopupButton.stories.tsx[2m > [22m[2mDefault
[22m[39m[UnitContext] Fetching unit data for id: mock-unit-id
[90mstdout[2m | src/components/SkillTreePopupButton.stories.tsx[2m > [22m[2mDefault
[22m[39m[FilesContext] Initializing vector store from IndexedDB
[90mstdout[2m | src/components/SkillTreePopupButton.stories.tsx[2m > [22m[2mDefault
[22m[39m[FilesContext] fetchFiles called
[90mstdout[2m | src/components/SkillTreePopupButton.stories.tsx[2m > [22m[2mDefault
[22m[39m[FilesContext] User authenticated: mock-user-sub
[90mstdout[2m | src/components/SkillTreePopupButton.stories.tsx[2m > [22m[2mDefault
[22m[39m[FilesContext] Identity ID: us-east-1:mock-identity-123
[90mstdout[2m | src/components/SkillTreePopupButton.stories.tsx[2m > [22m[2mDefault
[22m[39m[FilesContext] About to set up File observeQuery
[90mstdout[2m | src/components/SkillTreePopupButton.stories.tsx[2m > [22m[2mDefault
[22m[39m[ChatContext] Setting up AssistantChat observeQuery
[90mstdout[2m | src/components/SkillTreePopupButton.stories.tsx[2m > [22m[2mDefault
[22m[39m[ChatContext] Waiting for subscription to initialize
[90mstdout[2m | src/components/SkillTreePopupButton.stories.tsx[2m > [22m[2mDefault
[22m[39m[SettingsContext] Setting up Settings subscription for user: mock-user-sub
[90mstdout[2m | src/components/SkillTreePopupButton.stories.tsx[2m > [22m[2mDefault
[22m[39m[Mock Data] Settings created: mock-settings-1790419051519 - notified 0 subscribers
[90mstdout[2m | src/components/SkillTreePopupButton.stories.tsx[2m > [22m[2mDefault
[22m[39m[Mock Data] Unit.onUpdate() subscription added. Total: 1
[90mstdout[2m | src/components/SkillTreePopupButton.stories.tsx[2m > [22m[2mDefault
[22m[39m[SectionContext] Section observeQuery update: 0
[90mstdout[2m | src/components/SkillTreePopupButton.stories.tsx[2m > [22m[2mDefault
[22m[39m[FilesContext] File observeQuery update: 6 files
[90mstdout[2m | src/components/SkillTreePopupButton.stories.tsx[2m > [22m[2mDefault
[22m[39m[MOCK CourseVectorStore] Initialized with mock data
[90mstdout[2m | src/components/SkillTreePopupButton.stories.tsx[2m > [22m[2mDefault
[22m[39m[FilesContext] Vector store population triggered {
  "currentVectorStoreSize": 3,
  "documentsCount": 0,
  "filesCount": 6,
  "isInitialLoad": true,
}
[90mstdout[2m | src/components/SkillTreePopupButton.stories.tsx[2m > [22m[2mDefault
[22m[39m[FilesContext] Vector store population complete - 3 total embeddings
[90mstdout[2m | src/components/SkillTreePopupButton.stories.tsx[2m > [22m[2mDefault
[22m[39m[ChatContext] AssistantChat initialized with 1 chats
[90mstdout[2m | src/components/SkillTreePopupButton.stories.tsx[2m > [22m[2mDefault
[22m[39m[ChatContext] Setting initial chat: mock-assistant-chat-1
[90mstdout[2m | src/components/SkillTreePopupButton.stories.tsx[2m > [22m[2mDefault
[22m[39m[Mock Storage] downloadData called with: undefined
[90mstdout[2m | src/components/SkillTreePopupButton.stories.tsx[2m > [22m[2mDefault
[22m[39m[ChatContext] Chat exists and not archived, skipping creation
[90mstdout[2m | src/components/SkillTreePopupButton.stories.tsx[2m > [22m[2mCustom Label
[22m[39m[ChatContext] Cleaning up subscriptions
[90mstdout[2m | src/components/SkillTreePopupButton.stories.tsx[2m > [22m[2mCustom Label
[22m[39m[Mock Data] Unit.onUpdate() subscription removed. Remaining: 0
[90mstdout[2m | src/components/SkillTreePopupButton.stories.tsx[2m > [22m[2mCustom Label
[22m[39m[MOCK CourseVectorStore] Initialized with mock data
[90mstdout[2m | src/components/SkillTreePopupButton.stories.tsx[2m > [22m[2mCustom Label
[22m[39m[TranslationModeController] Setting mode to: off
[90mstdout[2m | src/components/SkillTreePopupButton.stories.tsx[2m > [22m[2mCustom Label
[22m[39m[UnitContext] useEffect triggered {
  "authLoading": false,
  "hasUser": true,
  "id": "mock-unit-id",
  "userSub": "mock-user-sub",
}
[90mstdout[2m | src/components/SkillTreePopupButton.stories.tsx[2m > [22m[2mCustom Label
[22m[39m[UnitContext] Fetching unit data for id: mock-unit-id
[90mstdout[2m | src/components/SkillTreePopupButton.stories.tsx[2m > [22m[2mCustom Label
[22m[39m[FilesContext] Initializing vector store from IndexedDB
[90mstdout[2m | src/components/SkillTreePopupButton.stories.tsx[2m > [22m[2mCustom Label
[22m[39m[FilesContext] fetchFiles called
[90mstdout[2m | src/components/SkillTreePopupButton.stories.tsx[2m > [22m[2mCustom Label
[22m[39m[FilesContext] User authenticated: mock-user-sub
[90mstdout[2m | src/components/SkillTreePopupButton.stories.tsx[2m > [22m[2mCustom Label
[22m[39m[FilesContext] Identity ID: us-east-1:mock-identity-123
[90mstdout[2m | src/components/SkillTreePopupButton.stories.tsx[2m > [22m[2mCustom Label
[22m[39m[FilesContext] About to set up File observeQuery
[90mstdout[2m | src/components/SkillTreePopupButton.stories.tsx[2m > [22m[2mCustom Label
[22m[39m[ChatContext] Setting up AssistantChat observeQuery
[90mstdout[2m | src/components/SkillTreePopupButton.stories.tsx[2m > [22m[2mCustom Label
[22m[39m[ChatContext] Waiting for subscription to initialize
[90mstdout[2m | src/components/SkillTreePopupButton.stories.tsx[2m > [22m[2mCustom Label
[22m[39m[SettingsContext] Setting up Settings subscription for user: mock-user-sub
[90mstdout[2m | src/components/SkillTreePopupButton.stories.tsx[2m > [22m[2mCustom Label
[22m[39m[Mock Data] Settings created: mock-settings-1790419051638 - notified 0 subscribers
[90mstdout[2m | src/components/SkillTreePopupButton.stories.tsx[2m > [22m[2mCustom Label
[22m[39m[Mock Data] Unit.onUpdate() subscription added. Total: 1
[90mstdout[2m | src/components/SkillTreePopupButton.stories.tsx[2m > [22m[2mCustom Label
[22m[39m[SectionContext] Section observeQuery update: 0
[90mstdout[2m | src/components/SkillTreePopupButton.stories.tsx[2m > [22m[2mCustom Label
[22m[39m[FilesContext] File observeQuery update: 6 files
[90mstdout[2m | src/components/SkillTreePopupButton.stories.tsx[2m > [22m[2mCustom Label
[22m[39m[ChatContext] AssistantChat initialized with 1 chats
[90mstdout[2m | src/components/SkillTreePopupButton.stories.tsx[2m > [22m[2mCustom Label
[22m[39m[ChatContext] Setting initial chat: mock-assistant-chat-1
[90mstdout[2m | src/components/SkillTreePopupButton.stories.tsx[2m > [22m[2mCustom Label
[22m[39m[Mock Storage] downloadData called with: undefined
[90mstdout[2m | src/components/SkillTreePopupButton.stories.tsx[2m > [22m[2mCustom Label
[22m[39m[MOCK CourseVectorStore] Initialized with mock data
[90mstdout[2m | src/components/SkillTreePopupButton.stories.tsx[2m > [22m[2mCustom Label
[22m[39m[FilesContext] Vector store population triggered {
  "currentVectorStoreSize": 3,
  "documentsCount": 0,
  "filesCount": 6,
  "isInitialLoad": true,
}
[90mstdout[2m | src/components/SkillTreePopupButton.stories.tsx[2m > [22m[2mCustom Label
[22m[39m[FilesContext] Vector store population complete - 3 total embeddings
[90mstdout[2m | src/components/SkillTreePopupButton.stories.tsx[2m > [22m[2mCustom Label
[22m[39m[ChatContext] Chat exists and not archived, skipping creation
[90mstdout[2m | src/components/SkillTreePopupButton.stories.tsx[2m > [22m[2mInstructor Empty State
[22m[39m[ChatContext] Cleaning up subscriptions
[90mstdout[2m | src/components/SkillTreePopupButton.stories.tsx[2m > [22m[2mInstructor Empty State
[22m[39m[Mock Data] Unit.onUpdate() subscription removed. Remaining: 0
[90mstdout[2m | src/components/SkillTreePopupButton.stories.tsx[2m > [22m[2mInstructor Empty State
[22m[39m[MOCK CourseVectorStore] Initialized with mock data
[90mstdout[2m | src/components/SkillTreePopupButton.stories.tsx[2m > [22m[2mInstructor Empty State
[22m[39m[TranslationModeController] Setting mode to: off
[90mstdout[2m | src/components/SkillTreePopupButton.stories.tsx[2m > [22m[2mInstructor Empty State
[22m[39m[UnitContext] useEffect triggered {
  "authLoading": false,
  "hasUser": true,
  "id": "mock-unit-id",
  "userSub": "mock-user-sub",
}
[90mstdout[2m | src/components/SkillTreePopupButton.stories.tsx[2m > [22m[2mInstructor Empty State
[22m[39m[UnitContext] Fetching unit data for id: mock-unit-id
[90mstdout[2m | src/components/SkillTreePopupButton.stories.tsx[2m > [22m[2mInstructor Empty State
[22m[39m[FilesContext] Initializing vector store from IndexedDB
[90mstdout[2m | src/components/SkillTreePopupButton.stories.tsx[2m > [22m[2mInstructor Empty State
[22m[39m[FilesContext] fetchFiles called
[90mstdout[2m | src/components/SkillTreePopupButton.stories.tsx[2m > [22m[2mInstructor Empty State
[22m[39m[FilesContext] User authenticated: mock-user-sub
[90mstdout[2m | src/components/SkillTreePopupButton.stories.tsx[2m > [22m[2mInstructor Empty State
[22m[39m[FilesContext] Identity ID: us-east-1:mock-identity-123
[90mstdout[2m | src/components/SkillTreePopupButton.stories.tsx[2m > [22m[2mInstructor Empty State
[22m[39m[FilesContext] About to set up File observeQuery
[90mstdout[2m | src/components/SkillTreePopupButton.stories.tsx[2m > [22m[2mInstructor Empty State
[22m[39m[ChatContext] Setting up AssistantChat observeQuery
[90mstdout[2m | src/components/SkillTreePopupButton.stories.tsx[2m > [22m[2mInstructor Empty State
[22m[39m[ChatContext] Waiting for subscription to initialize
[90mstdout[2m | src/components/SkillTreePopupButton.stories.tsx[2m > [22m[2mInstructor Empty State
[22m[39m[SettingsContext] Setting up Settings subscription for user: mock-user-sub
[90mstdout[2m | src/components/SkillTreePopupButton.stories.tsx[2m > [22m[2mInstructor Empty State
[22m[39m[Mock Data] Settings created: mock-settings-1790419051733 - notified 0 subscribers
[90mstdout[2m | src/components/SkillTreePopupButton.stories.tsx[2m > [22m[2mInstructor Empty State
[22m[39m[Mock Data] Unit.onUpdate() subscription added. Total: 1
[90mstdout[2m | src/components/SkillTreePopupButton.stories.tsx[2m > [22m[2mInstructor Empty State
[22m[39m[SectionContext] Section observeQuery update: 0
[90mstdout[2m | src/components/SkillTreePopupButton.stories.tsx[2m > [22m[2mInstructor Empty State
[22m[39m[Mock Storage] downloadData called with: undefined
[90mstdout[2m | src/components/SkillTreePopupButton.stories.tsx[2m > [22m[2mInstructor Empty State
[22m[39m[FilesContext] File observeQuery update: 6 files
[90mstdout[2m | src/components/SkillTreePopupButton.stories.tsx[2m > [22m[2mInstructor Empty State
[22m[39m[ChatContext] AssistantChat initialized with 1 chats
[90mstdout[2m | src/components/SkillTreePopupButton.stories.tsx[2m > [22m[2mInstructor Empty State
[22m[39m[ChatContext] Setting initial chat: mock-assistant-chat-1
[90mstdout[2m | src/components/SkillTreePopupButton.stories.tsx[2m > [22m[2mInstructor Empty State
[22m[39m[MOCK CourseVectorStore] Initialized with mock data
[90mstdout[2m | src/components/SkillTreePopupButton.stories.tsx[2m > [22m[2mInstructor Empty State
[22m[39m[FilesContext] Vector store population triggered {
  "currentVectorStoreSize": 3,
  "documentsCount": 0,
  "filesCount": 6,
  "isInitialLoad": true,
}
[90mstdout[2m | src/components/SkillTreePopupButton.stories.tsx[2m > [22m[2mInstructor Empty State
[22m[39m[FilesContext] Vector store population complete - 3 total embeddings
[90mstdout[2m | src/components/SkillTreePopupButton.stories.tsx[2m > [22m[2mInstructor Empty State
[22m[39m[ChatContext] Chat exists and not archived, skipping creation
 [32m✓[39m [30m[45m storybook (chromium) [49m[39m src/components/SkillTreePopupButton.stories.tsx [2m([22m[2m3 tests[22m[2m)[22m[33m 311[2mms[22m[39m
[90mstdout[2m | unknown test
[22m[39m[MOCK vectorStoreDB.js] Module loaded - mock IndexedDB operations
[90mstdout[2m | unknown test
[22m[39m[Task Completion] DOM action listeners initialized
[90mstdout[2m | unknown test
[22m[39m[Task Completion] Auto-completion detector initialized
[90mstdout[2m | unknown test
[22m[39m[Preview] Task completion detector initialized
[90mstdout[2m | src/stories/Header.stories.ts[2m > [22m[2mLogged In
[22m[39m[MOCK CourseVectorStore] Initialized with mock data
[90mstdout[2m | src/stories/Header.stories.ts[2m > [22m[2mLogged In
[22m[39m[TranslationModeController] Setting mode to: off
[90mstdout[2m | src/stories/Header.stories.ts[2m > [22m[2mLogged In
[22m[39m[UnitContext] useEffect triggered {
  "authLoading": false,
  "hasUser": true,
  "id": "mock-unit-id",
  "userSub": "mock-user-sub",
}
[90mstdout[2m | src/stories/Header.stories.ts[2m > [22m[2mLogged In
[22m[39m[UnitContext] Fetching unit data for id: mock-unit-id
[90mstdout[2m | src/stories/Header.stories.ts[2m > [22m[2mLogged In
[22m[39m[FilesContext] Initializing vector store from IndexedDB
[90mstdout[2m | src/stories/Header.stories.ts[2m > [22m[2mLogged In
[22m[39m[FilesContext] fetchFiles called
[90mstdout[2m | src/stories/Header.stories.ts[2m > [22m[2mLogged In
[22m[39m[FilesContext] User authenticated: mock-user-sub
[90mstdout[2m | src/stories/Header.stories.ts[2m > [22m[2mLogged In
[22m[39m[FilesContext] Identity ID: us-east-1:mock-identity-123
[90mstdout[2m | src/stories/Header.stories.ts[2m > [22m[2mLogged In
[22m[39m[FilesContext] About to set up File observeQuery
[90mstdout[2m | src/stories/Header.stories.ts[2m > [22m[2mLogged In
[22m[39m[ChatContext] Setting up AssistantChat observeQuery
[90mstdout[2m | src/stories/Header.stories.ts[2m > [22m[2mLogged In
[22m[39m[ChatContext] Waiting for subscription to initialize
[90mstdout[2m | src/stories/Header.stories.ts[2m > [22m[2mLogged In
[22m[39m[SettingsContext] Setting up Settings subscription for user: mock-user-sub
[90mstdout[2m | src/stories/Header.stories.ts[2m > [22m[2mLogged In
[22m[39m[Mock Data] Settings created: mock-settings-1790419052227 - notified 0 subscribers
[90mstdout[2m | src/stories/Header.stories.ts[2m > [22m[2mLogged In
[22m[39m[Mock Data] Unit.onUpdate() subscription added. Total: 1
[90mstdout[2m | src/stories/Header.stories.ts[2m > [22m[2mLogged In
[22m[39m[SectionContext] Section observeQuery update: 0
[90mstdout[2m | src/stories/Header.stories.ts[2m > [22m[2mLogged In
[22m[39m[FilesContext] File observeQuery update: 6 files
[90mstdout[2m | src/stories/Header.stories.ts[2m > [22m[2mLogged In
[22m[39m[MOCK CourseVectorStore] Initialized with mock data
[90mstdout[2m | src/stories/Header.stories.ts[2m > [22m[2mLogged In
[22m[39m[FilesContext] Vector store population triggered {
  "currentVectorStoreSize": 3,
  "documentsCount": 0,
  "filesCount": 6,
  "isInitialLoad": true,
}
[90mstdout[2m | src/stories/Header.stories.ts[2m > [22m[2mLogged In
[22m[39m[FilesContext] Vector store population complete - 3 total embeddings
[90mstdout[2m | src/stories/Header.stories.ts[2m > [22m[2mLogged In
[22m[39m[ChatContext] AssistantChat initialized with 1 chats
[90mstdout[2m | src/stories/Header.stories.ts[2m > [22m[2mLogged In
[22m[39m[ChatContext] Setting initial chat: mock-assistant-chat-1
[90mstdout[2m | src/stories/Header.stories.ts[2m > [22m[2mLogged In
[22m[39m[Mock Storage] downloadData called with: undefined
[90mstdout[2m | src/stories/Header.stories.ts[2m > [22m[2mLogged In
[22m[39m[ChatContext] Chat exists and not archived, skipping creation
[90mstdout[2m | src/stories/Header.stories.ts[2m > [22m[2mLogged Out
[22m[39m[ChatContext] Cleaning up subscriptions
[90mstdout[2m | src/stories/Header.stories.ts[2m > [22m[2mLogged Out
[22m[39m[Mock Data] Unit.onUpdate() subscription removed. Remaining: 0
[90mstdout[2m | src/stories/Header.stories.ts[2m > [22m[2mLogged Out
[22m[39m[MOCK CourseVectorStore] Initialized with mock data
[90mstdout[2m | src/stories/Header.stories.ts[2m > [22m[2mLogged Out
[22m[39m[TranslationModeController] Setting mode to: off
[90mstdout[2m | src/stories/Header.stories.ts[2m > [22m[2mLogged Out
[22m[39m[UnitContext] useEffect triggered {
  "authLoading": false,
  "hasUser": true,
  "id": "mock-unit-id",
  "userSub": "mock-user-sub",
}
[90mstdout[2m | src/stories/Header.stories.ts[2m > [22m[2mLogged Out
[22m[39m[UnitContext] Fetching unit data for id: mock-unit-id
[90mstdout[2m | src/stories/Header.stories.ts[2m > [22m[2mLogged Out
[22m[39m[FilesContext] Initializing vector store from IndexedDB
[90mstdout[2m | src/stories/Header.stories.ts[2m > [22m[2mLogged Out
[22m[39m[FilesContext] fetchFiles called
[90mstdout[2m | src/stories/Header.stories.ts[2m > [22m[2mLogged Out
[22m[39m[FilesContext] User authenticated: mock-user-sub
[90mstdout[2m | src/stories/Header.stories.ts[2m > [22m[2mLogged Out
[22m[39m[FilesContext] Identity ID: us-east-1:mock-identity-123
[90mstdout[2m | src/stories/Header.stories.ts[2m > [22m[2mLogged Out
[22m[39m[FilesContext] About to set up File observeQuery
[90mstdout[2m | src/stories/Header.stories.ts[2m > [22m[2mLogged Out
[22m[39m[ChatContext] Setting up AssistantChat observeQuery
[90mstdout[2m | src/stories/Header.stories.ts[2m > [22m[2mLogged Out
[22m[39m[ChatContext] Waiting for subscription to initialize
[90mstdout[2m | src/stories/Header.stories.ts[2m > [22m[2mLogged Out
[22m[39m[SettingsContext] Setting up Settings subscription for user: mock-user-sub
[90mstdout[2m | src/stories/Header.stories.ts[2m > [22m[2mLogged Out
[22m[39m[Mock Data] Settings created: mock-settings-1790419052374 - notified 0 subscribers
[90mstdout[2m | src/stories/Header.stories.ts[2m > [22m[2mLogged Out
[22m[39m[Mock Data] Unit.onUpdate() subscription added. Total: 1
[90mstdout[2m | src/stories/Header.stories.ts[2m > [22m[2mLogged Out
[22m[39m[SectionContext] Section observeQuery update: 0
[90mstdout[2m | src/stories/Header.stories.ts[2m > [22m[2mLogged Out
[22m[39m[FilesContext] File observeQuery update: 6 files
[90mstdout[2m | src/stories/Header.stories.ts[2m > [22m[2mLogged Out
[22m[39m[ChatContext] AssistantChat initialized with 1 chats
[90mstdout[2m | src/stories/Header.stories.ts[2m > [22m[2mLogged Out
[22m[39m[ChatContext] Setting initial chat: mock-assistant-chat-1
[90mstdout[2m | src/stories/Header.stories.ts[2m > [22m[2mLogged Out
[22m[39m[MOCK CourseVectorStore] Initialized with mock data
[90mstdout[2m | src/stories/Header.stories.ts[2m > [22m[2mLogged Out
[22m[39m[FilesContext] Vector store population triggered {
  "currentVectorStoreSize": 3,
  "documentsCount": 0,
  "filesCount": 6,
  "isInitialLoad": true,
}
[90mstdout[2m | src/stories/Header.stories.ts[2m > [22m[2mLogged Out
[22m[39m[FilesContext] Vector store population complete - 3 total embeddings
[90mstdout[2m | src/stories/Header.stories.ts[2m > [22m[2mLogged Out
[22m[39m[ChatContext] Chat exists and not archived, skipping creation
[90mstdout[2m | src/stories/Header.stories.ts[2m > [22m[2mLogged Out
[22m[39m[Mock Storage] downloadData called with: undefined
 [32m✓[39m [30m[45m storybook (chromium) [49m[39m src/stories/Header.stories.ts [2m([22m[2m2 tests[22m[2m)[22m[32m 263[2mms[22m[39m
[90mstdout[2m | unknown test
[22m[39m[MOCK vectorStoreDB.js] Module loaded - mock IndexedDB operations
[90mstdout[2m | unknown test
[22m[39m[Task Completion] DOM action listeners initialized
[90mstdout[2m | unknown test
[22m[39m[Task Completion] Auto-completion detector initialized
[90mstdout[2m | unknown test
[22m[39m[Preview] Task completion detector initialized
[90mstdout[2m | src/components/Gamification/StreakIndicator.stories.tsx[2m > [22m[2mActive 5 Day
[22m[39m[TranslationModeController] Setting mode to: off
[90mstdout[2m | src/components/Gamification/StreakIndicator.stories.tsx[2m > [22m[2mNo Streak
[22m[39m[TranslationModeController] Setting mode to: off
[90mstdout[2m | src/components/Gamification/StreakIndicator.stories.tsx[2m > [22m[2mMilestone 7 Day
[22m[39m[TranslationModeController] Setting mode to: off
[90mstdout[2m | src/components/Gamification/StreakIndicator.stories.tsx[2m > [22m[2mLong Streak
[22m[39m[TranslationModeController] Setting mode to: off
[90mstdout[2m | src/components/Gamification/StreakIndicator.stories.tsx[2m > [22m[2mSmall Size
[22m[39m[TranslationModeController] Setting mode to: off
 [32m✓[39m [30m[45m storybook (chromium) [49m[39m src/components/Gamification/StreakIndicator.stories.tsx [2m([22m[2m5 tests[22m[2m)[22m[33m 330[2mms[22m[39m
[90mstdout[2m | unknown test
[22m[39m[MOCK vectorStoreDB.js] Module loaded - mock IndexedDB operations
[90mstdout[2m | unknown test
[22m[39m[Task Completion] DOM action listeners initialized
[90mstdout[2m | unknown test
[22m[39m[Task Completion] Auto-completion detector initialized
[90mstdout[2m | unknown test
[22m[39m[Preview] Task completion detector initialized
[90mstdout[2m | src/components/RecordingStudio2.stories.tsx[2m > [22m[2mDefault
[22m[39m[MOCK CourseVectorStore] Initialized with mock data
[90mstdout[2m | src/components/RecordingStudio2.stories.tsx[2m > [22m[2mDefault
[22m[39mFileManager.mainColor #556cd6
[90mstdout[2m | src/components/RecordingStudio2.stories.tsx[2m > [22m[2mDefault
[22m[39maudioFiles {}
[90mstdout[2m | src/components/RecordingStudio2.stories.tsx[2m > [22m[2mDefault
[22m[39m_word, phrase, definition, pronunciation undefined undefined undefined
[90mstdout[2m | src/components/RecordingStudio2.stories.tsx[2m > [22m[2mDefault
[22m[39maudioFile null
[90mstdout[2m | src/components/RecordingStudio2.stories.tsx[2m > [22m[2mDefault
[22m[39m[TranslationModeController] Setting mode to: off
[90mstdout[2m | src/components/RecordingStudio2.stories.tsx[2m > [22m[2mDefault
[22m[39m[UnitContext] useEffect triggered {
  "authLoading": false,
  "hasUser": true,
  "id": "mock-unit-id",
  "userSub": "mock-user-sub",
}
[90mstdout[2m | src/components/RecordingStudio2.stories.tsx[2m > [22m[2mDefault
[22m[39m[UnitContext] Fetching unit data for id: mock-unit-id
[90mstdout[2m | src/components/RecordingStudio2.stories.tsx[2m > [22m[2mDefault
[22m[39m[FilesContext] Initializing vector store from IndexedDB
[90mstdout[2m | src/components/RecordingStudio2.stories.tsx[2m > [22m[2mDefault
[22m[39m[FilesContext] fetchFiles called
[90mstdout[2m | src/components/RecordingStudio2.stories.tsx[2m > [22m[2mDefault
[22m[39m[FilesContext] User authenticated: mock-user-sub
[90mstdout[2m | src/components/RecordingStudio2.stories.tsx[2m > [22m[2mDefault
[22m[39m[FilesContext] Identity ID: us-east-1:mock-identity-123
[90mstdout[2m | src/components/RecordingStudio2.stories.tsx[2m > [22m[2mDefault
[22m[39m[FilesContext] About to set up File observeQuery
[90mstdout[2m | src/components/RecordingStudio2.stories.tsx[2m > [22m[2mDefault
[22m[39m[ChatContext] Setting up AssistantChat observeQuery
[90mstdout[2m | src/components/RecordingStudio2.stories.tsx[2m > [22m[2mDefault
[22m[39m[ChatContext] Waiting for subscription to initialize
[90mstdout[2m | src/components/RecordingStudio2.stories.tsx[2m > [22m[2mDefault
[22m[39m[SettingsContext] Setting up Settings subscription for user: mock-user-sub
[90mstdout[2m | src/components/RecordingStudio2.stories.tsx[2m > [22m[2mDefault
[22m[39m[Mock Data] Settings created: mock-settings-1790419053667 - notified 0 subscribers
[90mstdout[2m | src/components/RecordingStudio2.stories.tsx[2m > [22m[2mDefault
[22m[39m[Mock Data] Unit.onUpdate() subscription added. Total: 1
[90mstdout[2m | src/components/RecordingStudio2.stories.tsx[2m > [22m[2mDefault
[22m[39mFileManager.mainColor #4C6B87
[90mstdout[2m | src/components/RecordingStudio2.stories.tsx[2m > [22m[2mDefault
[22m[39maudioFiles {}
[90mstdout[2m | src/components/RecordingStudio2.stories.tsx[2m > [22m[2mDefault
[22m[39m_word, phrase, definition, pronunciation undefined undefined undefined
[90mstdout[2m | src/components/RecordingStudio2.stories.tsx[2m > [22m[2mDefault
[22m[39maudioFile null
[90mstdout[2m | src/components/RecordingStudio2.stories.tsx[2m > [22m[2mDefault
[22m[39m[SectionContext] Section observeQuery update: 0
[90mstdout[2m | src/components/RecordingStudio2.stories.tsx[2m > [22m[2mDefault
[22m[39m[FilesContext] File observeQuery update: 6 files
[90mstdout[2m | src/components/RecordingStudio2.stories.tsx[2m > [22m[2mDefault
[22m[39m[MOCK CourseVectorStore] Initialized with mock data
[90mstdout[2m | src/components/RecordingStudio2.stories.tsx[2m > [22m[2mDefault
[22m[39mFileManager.mainColor #4C6B87
[90mstdout[2m | src/components/RecordingStudio2.stories.tsx[2m > [22m[2mDefault
[22m[39maudioFiles {}
[90mstdout[2m | src/components/RecordingStudio2.stories.tsx[2m > [22m[2mDefault
[22m[39m_word, phrase, definition, pronunciation undefined undefined undefined
[90mstdout[2m | src/components/RecordingStudio2.stories.tsx[2m > [22m[2mDefault
[22m[39maudioFile null
[90mstdout[2m | src/components/RecordingStudio2.stories.tsx[2m > [22m[2mDefault
[22m[39m[FilesContext] Vector store population triggered {
  "currentVectorStoreSize": 3,
  "documentsCount": 0,
  "filesCount": 6,
  "isInitialLoad": true,
}
[90mstdout[2m | src/components/RecordingStudio2.stories.tsx[2m > [22m[2mDefault
[22m[39m[FilesContext] Vector store population complete - 3 total embeddings
[90mstdout[2m | src/components/RecordingStudio2.stories.tsx[2m > [22m[2mDefault
[22m[39m[ChatContext] AssistantChat initialized with 1 chats
[90mstdout[2m | src/components/RecordingStudio2.stories.tsx[2m > [22m[2mDefault
[22m[39m[ChatContext] Setting initial chat: mock-assistant-chat-1
[90mstdout[2m | src/components/RecordingStudio2.stories.tsx[2m > [22m[2mDefault
[22m[39m[Mock Storage] downloadData called with: undefined
[90mstdout[2m | src/components/RecordingStudio2.stories.tsx[2m > [22m[2mDefault
[22m[39m[ChatContext] Chat exists and not archived, skipping creation
[90mstdout[2m | src/components/RecordingStudio2.stories.tsx[2m > [22m[2mEmbedded
[22m[39m[ChatContext] Cleaning up subscriptions
[90mstdout[2m | src/components/RecordingStudio2.stories.tsx[2m > [22m[2mEmbedded
[22m[39m[Mock Data] Unit.onUpdate() subscription removed. Remaining: 0
[90mstdout[2m | src/components/RecordingStudio2.stories.tsx[2m > [22m[2mEmbedded
[22m[39m[MOCK CourseVectorStore] Initialized with mock data
[90mstdout[2m | src/components/RecordingStudio2.stories.tsx[2m > [22m[2mEmbedded
[22m[39mFileManager.mainColor #556cd6
[90mstdout[2m | src/components/RecordingStudio2.stories.tsx[2m > [22m[2mEmbedded
[22m[39maudioFiles {}
[90mstdout[2m | src/components/RecordingStudio2.stories.tsx[2m > [22m[2mEmbedded
[22m[39m_word, phrase, definition, pronunciation undefined undefined undefined
[90mstdout[2m | src/components/RecordingStudio2.stories.tsx[2m > [22m[2mEmbedded
[22m[39maudioFile null
[90mstdout[2m | src/components/RecordingStudio2.stories.tsx[2m > [22m[2mEmbedded
[22m[39m[TranslationModeController] Setting mode to: off
[90mstdout[2m | src/components/RecordingStudio2.stories.tsx[2m > [22m[2mEmbedded
[22m[39m[UnitContext] useEffect triggered {
  "authLoading": false,
  "hasUser": true,
  "id": "mock-unit-id",
  "userSub": "mock-user-sub",
}
[90mstdout[2m | src/components/RecordingStudio2.stories.tsx[2m > [22m[2mEmbedded
[22m[39m[UnitContext] Fetching unit data for id: mock-unit-id
[90mstdout[2m | src/components/RecordingStudio2.stories.tsx[2m > [22m[2mEmbedded
[22m[39m[FilesContext] Initializing vector store from IndexedDB
[90mstdout[2m | src/components/RecordingStudio2.stories.tsx[2m > [22m[2mEmbedded
[22m[39m[FilesContext] fetchFiles called
[90mstdout[2m | src/components/RecordingStudio2.stories.tsx[2m > [22m[2mEmbedded
[22m[39m[FilesContext] User authenticated: mock-user-sub
[90mstdout[2m | src/components/RecordingStudio2.stories.tsx[2m > [22m[2mEmbedded
[22m[39m[FilesContext] Identity ID: us-east-1:mock-identity-123
[90mstdout[2m | src/components/RecordingStudio2.stories.tsx[2m > [22m[2mEmbedded
[22m[39m[FilesContext] About to set up File observeQuery
[90mstdout[2m | src/components/RecordingStudio2.stories.tsx[2m > [22m[2mEmbedded
[22m[39m[ChatContext] Setting up AssistantChat observeQuery
[90mstdout[2m | src/components/RecordingStudio2.stories.tsx[2m > [22m[2mEmbedded
[22m[39m[ChatContext] Waiting for subscription to initialize
[90mstdout[2m | src/components/RecordingStudio2.stories.tsx[2m > [22m[2mEmbedded
[22m[39m[SettingsContext] Setting up Settings subscription for user: mock-user-sub
[90mstdout[2m | src/components/RecordingStudio2.stories.tsx[2m > [22m[2mEmbedded
[22m[39m[Mock Data] Settings created: mock-settings-1790419053785 - notified 0 subscribers
[90mstdout[2m | src/components/RecordingStudio2.stories.tsx[2m > [22m[2mEmbedded
[22m[39m[Mock Data] Unit.onUpdate() subscription added. Total: 1
[90mstdout[2m | src/components/RecordingStudio2.stories.tsx[2m > [22m[2mEmbedded
[22m[39mFileManager.mainColor #4C6B87
[90mstdout[2m | src/components/RecordingStudio2.stories.tsx[2m > [22m[2mEmbedded
[22m[39maudioFiles {}
[90mstdout[2m | src/components/RecordingStudio2.stories.tsx[2m > [22m[2mEmbedded
[22m[39m_word, phrase, definition, pronunciation undefined undefined undefined
[90mstdout[2m | src/components/RecordingStudio2.stories.tsx[2m > [22m[2mEmbedded
[22m[39maudioFile null
[90mstdout[2m | src/components/RecordingStudio2.stories.tsx[2m > [22m[2mEmbedded
[22m[39m[SectionContext] Section observeQuery update: 0
[90mstdout[2m | src/components/RecordingStudio2.stories.tsx[2m > [22m[2mEmbedded
[22m[39mFileManager.mainColor #4C6B87
[90mstdout[2m | src/components/RecordingStudio2.stories.tsx[2m > [22m[2mEmbedded
[22m[39maudioFiles {}
[90mstdout[2m | src/components/RecordingStudio2.stories.tsx[2m > [22m[2mEmbedded
[22m[39m_word, phrase, definition, pronunciation undefined undefined undefined
[90mstdout[2m | src/components/RecordingStudio2.stories.tsx[2m > [22m[2mEmbedded
[22m[39maudioFile null
[90mstdout[2m | src/components/RecordingStudio2.stories.tsx[2m > [22m[2mEmbedded
[22m[39m[FilesContext] File observeQuery update: 6 files
[90mstdout[2m | src/components/RecordingStudio2.stories.tsx[2m > [22m[2mEmbedded
[22m[39m[ChatContext] AssistantChat initialized with 1 chats
[90mstdout[2m | src/components/RecordingStudio2.stories.tsx[2m > [22m[2mEmbedded
[22m[39m[ChatContext] Setting initial chat: mock-assistant-chat-1
[90mstdout[2m | src/components/RecordingStudio2.stories.tsx[2m > [22m[2mEmbedded
[22m[39m[Mock Storage] downloadData called with: undefined
[90mstdout[2m | src/components/RecordingStudio2.stories.tsx[2m > [22m[2mEmbedded
[22m[39m[MOCK CourseVectorStore] Initialized with mock data
[90mstdout[2m | src/components/RecordingStudio2.stories.tsx[2m > [22m[2mEmbedded
[22m[39mFileManager.mainColor #4C6B87
[90mstdout[2m | src/components/RecordingStudio2.stories.tsx[2m > [22m[2mEmbedded
[22m[39maudioFiles {}
[90mstdout[2m | src/components/RecordingStudio2.stories.tsx[2m > [22m[2mEmbedded
[22m[39m_word, phrase, definition, pronunciation undefined undefined undefined
[90mstdout[2m | src/components/RecordingStudio2.stories.tsx[2m > [22m[2mEmbedded
[22m[39maudioFile null
[90mstdout[2m | src/components/RecordingStudio2.stories.tsx[2m > [22m[2mEmbedded
[22m[39m[FilesContext] Vector store population triggered {
  "currentVectorStoreSize": 3,
  "documentsCount": 0,
  "filesCount": 6,
  "isInitialLoad": true,
}
[90mstdout[2m | src/components/RecordingStudio2.stories.tsx[2m > [22m[2mEmbedded
[22m[39m[FilesContext] Vector store population complete - 3 total embeddings
[90mstdout[2m | src/components/RecordingStudio2.stories.tsx[2m > [22m[2mEmbedded
[22m[39m[ChatContext] Chat exists and not archived, skipping creation
[90mstdout[2m | src/components/RecordingStudio2.stories.tsx[2m > [22m[2mWith Feedback
[22m[39m[ChatContext] Cleaning up subscriptions
[90mstdout[2m | src/components/RecordingStudio2.stories.tsx[2m > [22m[2mWith Feedback
[22m[39m[Mock Data] Unit.onUpdate() subscription removed. Remaining: 0
[90mstdout[2m | src/components/RecordingStudio2.stories.tsx[2m > [22m[2mWith Feedback
[22m[39m[MOCK CourseVectorStore] Initialized with mock data
[90mstdout[2m | src/components/RecordingStudio2.stories.tsx[2m > [22m[2mWith Feedback
[22m[39mFileManager.mainColor #556cd6
[90mstdout[2m | src/components/RecordingStudio2.stories.tsx[2m > [22m[2mWith Feedback
[22m[39maudioFiles {}
[90mstdout[2m | src/components/RecordingStudio2.stories.tsx[2m > [22m[2mWith Feedback
[22m[39m_word, phrase, definition, pronunciation undefined undefined undefined
[90mstdout[2m | src/components/RecordingStudio2.stories.tsx[2m > [22m[2mWith Feedback
[22m[39maudioFile null
[90mstdout[2m | src/components/RecordingStudio2.stories.tsx[2m > [22m[2mWith Feedback
[22m[39m[TranslationModeController] Setting mode to: off
[90mstdout[2m | src/components/RecordingStudio2.stories.tsx[2m > [22m[2mWith Feedback
[22m[39m[UnitContext] useEffect triggered {
  "authLoading": false,
  "hasUser": true,
  "id": "mock-unit-id",
  "userSub": "mock-user-sub",
}
[90mstdout[2m | src/components/RecordingStudio2.stories.tsx[2m > [22m[2mWith Feedback
[22m[39m[UnitContext] Fetching unit data for id: mock-unit-id
[90mstdout[2m | src/components/RecordingStudio2.stories.tsx[2m > [22m[2mWith Feedback
[22m[39m[FilesContext] Initializing vector store from IndexedDB
[90mstdout[2m | src/components/RecordingStudio2.stories.tsx[2m > [22m[2mWith Feedback
[22m[39m[FilesContext] fetchFiles called
[90mstdout[2m | src/components/RecordingStudio2.stories.tsx[2m > [22m[2mWith Feedback
[22m[39m[FilesContext] User authenticated: mock-user-sub
[90mstdout[2m | src/components/RecordingStudio2.stories.tsx[2m > [22m[2mWith Feedback
[22m[39m[FilesContext] Identity ID: us-east-1:mock-identity-123
[90mstdout[2m | src/components/RecordingStudio2.stories.tsx[2m > [22m[2mWith Feedback
[22m[39m[FilesContext] About to set up File observeQuery
[90mstdout[2m | src/components/RecordingStudio2.stories.tsx[2m > [22m[2mWith Feedback
[22m[39m[ChatContext] Setting up AssistantChat observeQuery
[90mstdout[2m | src/components/RecordingStudio2.stories.tsx[2m > [22m[2mWith Feedback
[22m[39m[ChatContext] Waiting for subscription to initialize
[90mstdout[2m | src/components/RecordingStudio2.stories.tsx[2m > [22m[2mWith Feedback
[22m[39m[SettingsContext] Setting up Settings subscription for user: mock-user-sub
[90mstdout[2m | src/components/RecordingStudio2.stories.tsx[2m > [22m[2mWith Feedback
[22m[39m[Mock Data] Settings created: mock-settings-1790419053882 - notified 0 subscribers
[90mstdout[2m | src/components/RecordingStudio2.stories.tsx[2m > [22m[2mWith Feedback
[22m[39m[Mock Data] Unit.onUpdate() subscription added. Total: 1
[90mstdout[2m | src/components/RecordingStudio2.stories.tsx[2m > [22m[2mWith Feedback
[22m[39mFileManager.mainColor #4C6B87
[90mstdout[2m | src/components/RecordingStudio2.stories.tsx[2m > [22m[2mWith Feedback
[22m[39maudioFiles {}
[90mstdout[2m | src/components/RecordingStudio2.stories.tsx[2m > [22m[2mWith Feedback
[22m[39m_word, phrase, definition, pronunciation undefined undefined undefined
[90mstdout[2m | src/components/RecordingStudio2.stories.tsx[2m > [22m[2mWith Feedback
[22m[39maudioFile null
[90mstdout[2m | src/components/RecordingStudio2.stories.tsx[2m > [22m[2mWith Feedback
[22m[39m[SectionContext] Section observeQuery update: 0
[90mstdout[2m | src/components/RecordingStudio2.stories.tsx[2m > [22m[2mWith Feedback
[22m[39mFileManager.mainColor #4C6B87
[90mstdout[2m | src/components/RecordingStudio2.stories.tsx[2m > [22m[2mWith Feedback
[22m[39maudioFiles {}
[90mstdout[2m | src/components/RecordingStudio2.stories.tsx[2m > [22m[2mWith Feedback
[22m[39m_word, phrase, definition, pronunciation undefined undefined undefined
[90mstdout[2m | src/components/RecordingStudio2.stories.tsx[2m > [22m[2mWith Feedback
[22m[39maudioFile null
[90mstdout[2m | src/components/RecordingStudio2.stories.tsx[2m > [22m[2mWith Feedback
[22m[39m[FilesContext] File observeQuery update: 6 files
[90mstdout[2m | src/components/RecordingStudio2.stories.tsx[2m > [22m[2mWith Feedback
[22m[39m[ChatContext] AssistantChat initialized with 1 chats
[90mstdout[2m | src/components/RecordingStudio2.stories.tsx[2m > [22m[2mWith Feedback
[22m[39m[ChatContext] Setting initial chat: mock-assistant-chat-1
[90mstdout[2m | src/components/RecordingStudio2.stories.tsx[2m > [22m[2mWith Feedback
[22m[39m[Mock Storage] downloadData called with: undefined
[90mstdout[2m | src/components/RecordingStudio2.stories.tsx[2m > [22m[2mWith Feedback
[22m[39m[MOCK CourseVectorStore] Initialized with mock data
[90mstdout[2m | src/components/RecordingStudio2.stories.tsx[2m > [22m[2mWith Feedback
[22m[39mFileManager.mainColor #4C6B87
[90mstdout[2m | src/components/RecordingStudio2.stories.tsx[2m > [22m[2mWith Feedback
[22m[39maudioFiles {}
[90mstdout[2m | src/components/RecordingStudio2.stories.tsx[2m > [22m[2mWith Feedback
[22m[39m_word, phrase, definition, pronunciation undefined undefined undefined
[90mstdout[2m | src/components/RecordingStudio2.stories.tsx[2m > [22m[2mWith Feedback
[22m[39maudioFile null
[90mstdout[2m | src/components/RecordingStudio2.stories.tsx[2m > [22m[2mWith Feedback
[22m[39m[FilesContext] Vector store population triggered {
  "currentVectorStoreSize": 3,
  "documentsCount": 0,
  "filesCount": 6,
  "isInitialLoad": true,
}
[90mstdout[2m | src/components/RecordingStudio2.stories.tsx[2m > [22m[2mWith Feedback
[22m[39m[FilesContext] Vector store population complete - 3 total embeddings
[90mstdout[2m | src/components/RecordingStudio2.stories.tsx[2m > [22m[2mWith Feedback
[22m[39m[ChatContext] Chat exists and not archived, skipping creation
 [32m✓[39m [30m[45m storybook (chromium) [49m[39m src/components/RecordingStudio2.stories.tsx [2m([22m[2m3 tests[22m[2m)[22m[33m 312[2mms[22m[39m
[90mstdout[2m | unknown test
[22m[39m[MOCK vectorStoreDB.js] Module loaded - mock IndexedDB operations
[90mstdout[2m | unknown test
[22m[39m[Task Completion] DOM action listeners initialized
[90mstdout[2m | unknown test
[22m[39m[Task Completion] Auto-completion detector initialized
[90mstdout[2m | unknown test
[22m[39m[Preview] Task completion detector initialized
[90mstdout[2m | src/components/Workbook/AIFeedbackSnackbar.stories.tsx[2m > [22m[2mDefault
[22m[39m[MOCK CourseVectorStore] Initialized with mock data
[90mstdout[2m | src/components/Workbook/AIFeedbackSnackbar.stories.tsx[2m > [22m[2mDefault
[22m[39m[TranslationModeController] Setting mode to: off
[90mstdout[2m | src/components/Workbook/AIFeedbackSnackbar.stories.tsx[2m > [22m[2mDefault
[22m[39m[FilesContext] Initializing vector store from IndexedDB
[90mstdout[2m | src/components/Workbook/AIFeedbackSnackbar.stories.tsx[2m > [22m[2mDefault
[22m[39m[FilesContext] fetchFiles called
[90mstdout[2m | src/components/Workbook/AIFeedbackSnackbar.stories.tsx[2m > [22m[2mDefault
[22m[39m[FilesContext] User authenticated: mock-user-sub
[90mstdout[2m | src/components/Workbook/AIFeedbackSnackbar.stories.tsx[2m > [22m[2mDefault
[22m[39m[FilesContext] Identity ID: us-east-1:mock-identity-123
[90mstdout[2m | src/components/Workbook/AIFeedbackSnackbar.stories.tsx[2m > [22m[2mDefault
[22m[39m[FilesContext] About to set up File observeQuery
[90mstdout[2m | src/components/Workbook/AIFeedbackSnackbar.stories.tsx[2m > [22m[2mDefault
[22m[39m[ChatContext] Setting up AssistantChat observeQuery
[90mstdout[2m | src/components/Workbook/AIFeedbackSnackbar.stories.tsx[2m > [22m[2mDefault
[22m[39m[ChatContext] Waiting for subscription to initialize
[90mstdout[2m | src/components/Workbook/AIFeedbackSnackbar.stories.tsx[2m > [22m[2mDefault
[22m[39m[SettingsContext] Setting up Settings subscription for user: mock-user-sub
[90mstdout[2m | src/components/Workbook/AIFeedbackSnackbar.stories.tsx[2m > [22m[2mDefault
[22m[39m[Mock Data] Settings created: mock-settings-1790419054518 - notified 0 subscribers
[90mstdout[2m | src/components/Workbook/AIFeedbackSnackbar.stories.tsx[2m > [22m[2mDefault
[22m[39m[FilesContext] File observeQuery update: 6 files
[90mstdout[2m | src/components/Workbook/AIFeedbackSnackbar.stories.tsx[2m > [22m[2mDefault
[22m[39m[MOCK CourseVectorStore] Initialized with mock data
[90mstdout[2m | src/components/Workbook/AIFeedbackSnackbar.stories.tsx[2m > [22m[2mDefault
[22m[39m[FilesContext] Vector store population triggered {
  "currentVectorStoreSize": 3,
  "documentsCount": 0,
  "filesCount": 6,
  "isInitialLoad": true,
}
[90mstdout[2m | src/components/Workbook/AIFeedbackSnackbar.stories.tsx[2m > [22m[2mDefault
[22m[39m[FilesContext] Vector store population complete - 3 total embeddings
[90mstdout[2m | src/components/Workbook/AIFeedbackSnackbar.stories.tsx[2m > [22m[2mDefault
[22m[39m[ChatContext] AssistantChat initialized with 1 chats
[90mstdout[2m | src/components/Workbook/AIFeedbackSnackbar.stories.tsx[2m > [22m[2mDefault
[22m[39m[ChatContext] Setting initial chat: mock-assistant-chat-1
[90mstdout[2m | src/components/Workbook/AIFeedbackSnackbar.stories.tsx[2m > [22m[2mDefault
[22m[39m[Mock Storage] downloadData called with: undefined
[90mstdout[2m | src/components/Workbook/AIFeedbackSnackbar.stories.tsx[2m > [22m[2mDefault
[22m[39m[ChatContext] Chat exists and not archived, skipping creation
[90mstdout[2m | src/components/Workbook/AIFeedbackSnackbar.stories.tsx[2m > [22m[2mWith Provider
[22m[39m[ChatContext] Cleaning up subscriptions
[90mstdout[2m | src/components/Workbook/AIFeedbackSnackbar.stories.tsx[2m > [22m[2mWith Provider
[22m[39m[MOCK CourseVectorStore] Initialized with mock data
[90mstdout[2m | src/components/Workbook/AIFeedbackSnackbar.stories.tsx[2m > [22m[2mWith Provider
[22m[39m[TranslationModeController] Setting mode to: off
[90mstdout[2m | src/components/Workbook/AIFeedbackSnackbar.stories.tsx[2m > [22m[2mWith Provider
[22m[39m[FilesContext] Initializing vector store from IndexedDB
[90mstdout[2m | src/components/Workbook/AIFeedbackSnackbar.stories.tsx[2m > [22m[2mWith Provider
[22m[39m[FilesContext] fetchFiles called
[90mstdout[2m | src/components/Workbook/AIFeedbackSnackbar.stories.tsx[2m > [22m[2mWith Provider
[22m[39m[FilesContext] User authenticated: mock-user-sub
[90mstdout[2m | src/components/Workbook/AIFeedbackSnackbar.stories.tsx[2m > [22m[2mWith Provider
[22m[39m[FilesContext] Identity ID: us-east-1:mock-identity-123
[90mstdout[2m | src/components/Workbook/AIFeedbackSnackbar.stories.tsx[2m > [22m[2mWith Provider
[22m[39m[FilesContext] About to set up File observeQuery
[90mstdout[2m | src/components/Workbook/AIFeedbackSnackbar.stories.tsx[2m > [22m[2mWith Provider
[22m[39m[ChatContext] Setting up AssistantChat observeQuery
[90mstdout[2m | src/components/Workbook/AIFeedbackSnackbar.stories.tsx[2m > [22m[2mWith Provider
[22m[39m[ChatContext] Waiting for subscription to initialize
[90mstdout[2m | src/components/Workbook/AIFeedbackSnackbar.stories.tsx[2m > [22m[2mWith Provider
[22m[39m[SettingsContext] Setting up Settings subscription for user: mock-user-sub
[90mstdout[2m | src/components/Workbook/AIFeedbackSnackbar.stories.tsx[2m > [22m[2mWith Provider
[22m[39m[Mock Data] Settings created: mock-settings-1790419054620 - notified 0 subscribers
[90mstdout[2m | src/components/Workbook/AIFeedbackSnackbar.stories.tsx[2m > [22m[2mWith Provider
[22m[39m[FilesContext] File observeQuery update: 6 files
[90mstdout[2m | src/components/Workbook/AIFeedbackSnackbar.stories.tsx[2m > [22m[2mWith Provider
[22m[39m[ChatContext] AssistantChat initialized with 1 chats
[90mstdout[2m | src/components/Workbook/AIFeedbackSnackbar.stories.tsx[2m > [22m[2mWith Provider
[22m[39m[ChatContext] Setting initial chat: mock-assistant-chat-1
[90mstdout[2m | src/components/Workbook/AIFeedbackSnackbar.stories.tsx[2m > [22m[2mWith Provider
[22m[39m[Mock Storage] downloadData called with: undefined
[90mstdout[2m | src/components/Workbook/AIFeedbackSnackbar.stories.tsx[2m > [22m[2mWith Provider
[22m[39m[MOCK CourseVectorStore] Initialized with mock data
[90mstdout[2m | src/components/Workbook/AIFeedbackSnackbar.stories.tsx[2m > [22m[2mWith Provider
[22m[39m[FilesContext] Vector store population triggered {
  "currentVectorStoreSize": 3,
  "documentsCount": 0,
  "filesCount": 6,
  "isInitialLoad": true,
}
[90mstdout[2m | src/components/Workbook/AIFeedbackSnackbar.stories.tsx[2m > [22m[2mWith Provider
[22m[39m[FilesContext] Vector store population complete - 3 total embeddings
[90mstdout[2m | src/components/Workbook/AIFeedbackSnackbar.stories.tsx[2m > [22m[2mWith Provider
[22m[39m[ChatContext] Chat exists and not archived, skipping creation
 [32m✓[39m [30m[45m storybook (chromium) [49m[39m src/components/Workbook/AIFeedbackSnackbar.stories.tsx [2m([22m[2m2 tests[22m[2m)[22m[32m 194[2mms[22m[39m
[90mstdout[2m | unknown test
[22m[39m[MOCK vectorStoreDB.js] Module loaded - mock IndexedDB operations
[90mstdout[2m | unknown test
[22m[39m[Task Completion] DOM action listeners initialized
[90mstdout[2m | unknown test
[22m[39m[Task Completion] Auto-completion detector initialized
[90mstdout[2m | unknown test
[22m[39m[Preview] Task completion detector initialized
[90mstdout[2m | src/components/PeerReview/JoinByCode.stories.tsx[2m > [22m[2mDefault
[22m[39m[MOCK CourseVectorStore] Initialized with mock data
[90mstdout[2m | src/components/PeerReview/JoinByCode.stories.tsx[2m > [22m[2mDefault
[22m[39m[TranslationModeController] Setting mode to: off
[90mstdout[2m | src/components/PeerReview/JoinByCode.stories.tsx[2m > [22m[2mDefault
[22m[39m[UnitContext] useEffect triggered {
  "authLoading": false,
  "hasUser": true,
  "id": "mock-unit-id",
  "userSub": "mock-user-sub",
}
[90mstdout[2m | src/components/PeerReview/JoinByCode.stories.tsx[2m > [22m[2mDefault
[22m[39m[UnitContext] Fetching unit data for id: mock-unit-id
[90mstdout[2m | src/components/PeerReview/JoinByCode.stories.tsx[2m > [22m[2mDefault
[22m[39m[FilesContext] Initializing vector store from IndexedDB
[90mstdout[2m | src/components/PeerReview/JoinByCode.stories.tsx[2m > [22m[2mDefault
[22m[39m[FilesContext] fetchFiles called
[90mstdout[2m | src/components/PeerReview/JoinByCode.stories.tsx[2m > [22m[2mDefault
[22m[39m[FilesContext] User authenticated: mock-user-sub
[90mstdout[2m | src/components/PeerReview/JoinByCode.stories.tsx[2m > [22m[2mDefault
[22m[39m[FilesContext] Identity ID: us-east-1:mock-identity-123
[90mstdout[2m | src/components/PeerReview/JoinByCode.stories.tsx[2m > [22m[2mDefault
[22m[39m[FilesContext] About to set up File observeQuery
[90mstdout[2m | src/components/PeerReview/JoinByCode.stories.tsx[2m > [22m[2mDefault
[22m[39m[ChatContext] Setting up AssistantChat observeQuery
[90mstdout[2m | src/components/PeerReview/JoinByCode.stories.tsx[2m > [22m[2mDefault
[22m[39m[ChatContext] Waiting for subscription to initialize
[90mstdout[2m | src/components/PeerReview/JoinByCode.stories.tsx[2m > [22m[2mDefault
[22m[39m[SettingsContext] Setting up Settings subscription for user: mock-user-sub
[90mstdout[2m | src/components/PeerReview/JoinByCode.stories.tsx[2m > [22m[2mDefault
[22m[39m[Mock Data] Settings created: mock-settings-1790419055174 - notified 0 subscribers
[90mstdout[2m | src/components/PeerReview/JoinByCode.stories.tsx[2m > [22m[2mDefault
[22m[39m[Mock Data] Unit.onUpdate() subscription added. Total: 1
[90mstdout[2m | src/components/PeerReview/JoinByCode.stories.tsx[2m > [22m[2mDefault
[22m[39m[SectionContext] Section observeQuery update: 0
[90mstdout[2m | src/components/PeerReview/JoinByCode.stories.tsx[2m > [22m[2mDefault
[22m[39m[FilesContext] File observeQuery update: 6 files
[90mstdout[2m | src/components/PeerReview/JoinByCode.stories.tsx[2m > [22m[2mDefault
[22m[39m[ChatContext] AssistantChat initialized with 1 chats
[90mstdout[2m | src/components/PeerReview/JoinByCode.stories.tsx[2m > [22m[2mDefault
[22m[39m[ChatContext] Setting initial chat: mock-assistant-chat-1
[90mstdout[2m | src/components/PeerReview/JoinByCode.stories.tsx[2m > [22m[2mDefault
[22m[39m[MOCK CourseVectorStore] Initialized with mock data
[90mstdout[2m | src/components/PeerReview/JoinByCode.stories.tsx[2m > [22m[2mDefault
[22m[39m[FilesContext] Vector store population triggered {
  "currentVectorStoreSize": 3,
  "documentsCount": 0,
  "filesCount": 6,
  "isInitialLoad": true,
}
[90mstdout[2m | src/components/PeerReview/JoinByCode.stories.tsx[2m > [22m[2mDefault
[22m[39m[FilesContext] Vector store population complete - 3 total embeddings
[90mstdout[2m | src/components/PeerReview/JoinByCode.stories.tsx[2m > [22m[2mDefault
[22m[39m[ChatContext] Chat exists and not archived, skipping creation
[90mstdout[2m | src/components/PeerReview/JoinByCode.stories.tsx[2m > [22m[2mDefault
[22m[39m[Mock Storage] downloadData called with: undefined
[90mstdout[2m | src/components/PeerReview/JoinByCode.stories.tsx[2m > [22m[2mWith Error
[22m[39m[ChatContext] Cleaning up subscriptions
[90mstdout[2m | src/components/PeerReview/JoinByCode.stories.tsx[2m > [22m[2mWith Error
[22m[39m[Mock Data] Unit.onUpdate() subscription removed. Remaining: 0
[90mstdout[2m | src/components/PeerReview/JoinByCode.stories.tsx[2m > [22m[2mWith Error
[22m[39m[MOCK CourseVectorStore] Initialized with mock data
[90mstdout[2m | src/components/PeerReview/JoinByCode.stories.tsx[2m > [22m[2mWith Error
[22m[39m[TranslationModeController] Setting mode to: off
[90mstdout[2m | src/components/PeerReview/JoinByCode.stories.tsx[2m > [22m[2mWith Error
[22m[39m[UnitContext] useEffect triggered {
  "authLoading": false,
  "hasUser": true,
  "id": "mock-unit-id",
  "userSub": "mock-user-sub",
}
[90mstdout[2m | src/components/PeerReview/JoinByCode.stories.tsx[2m > [22m[2mWith Error
[22m[39m[UnitContext] Fetching unit data for id: mock-unit-id
[90mstdout[2m | src/components/PeerReview/JoinByCode.stories.tsx[2m > [22m[2mWith Error
[22m[39m[FilesContext] Initializing vector store from IndexedDB
[90mstdout[2m | src/components/PeerReview/JoinByCode.stories.tsx[2m > [22m[2mWith Error
[22m[39m[FilesContext] fetchFiles called
[90mstdout[2m | src/components/PeerReview/JoinByCode.stories.tsx[2m > [22m[2mWith Error
[22m[39m[FilesContext] User authenticated: mock-user-sub
[90mstdout[2m | src/components/PeerReview/JoinByCode.stories.tsx[2m > [22m[2mWith Error
[22m[39m[FilesContext] Identity ID: us-east-1:mock-identity-123
[90mstdout[2m | src/components/PeerReview/JoinByCode.stories.tsx[2m > [22m[2mWith Error
[22m[39m[FilesContext] About to set up File observeQuery
[90mstdout[2m | src/components/PeerReview/JoinByCode.stories.tsx[2m > [22m[2mWith Error
[22m[39m[ChatContext] Setting up AssistantChat observeQuery
[90mstdout[2m | src/components/PeerReview/JoinByCode.stories.tsx[2m > [22m[2mWith Error
[22m[39m[ChatContext] Waiting for subscription to initialize
[90mstdout[2m | src/components/PeerReview/JoinByCode.stories.tsx[2m > [22m[2mWith Error
[22m[39m[SettingsContext] Setting up Settings subscription for user: mock-user-sub
[90mstdout[2m | src/components/PeerReview/JoinByCode.stories.tsx[2m > [22m[2mWith Error
[22m[39m[Mock Data] Settings created: mock-settings-1790419055318 - notified 0 subscribers
[90mstdout[2m | src/components/PeerReview/JoinByCode.stories.tsx[2m > [22m[2mWith Error
[22m[39m[Mock Data] Unit.onUpdate() subscription added. Total: 1
[90mstdout[2m | src/components/PeerReview/JoinByCode.stories.tsx[2m > [22m[2mWith Error
[22m[39m[SectionContext] Section observeQuery update: 0
[90mstdout[2m | src/components/PeerReview/JoinByCode.stories.tsx[2m > [22m[2mWith Error
[22m[39m[FilesContext] File observeQuery update: 6 files
[90mstdout[2m | src/components/PeerReview/JoinByCode.stories.tsx[2m > [22m[2mWith Error
[22m[39m[ChatContext] AssistantChat initialized with 1 chats
[90mstdout[2m | src/components/PeerReview/JoinByCode.stories.tsx[2m > [22m[2mWith Error
[22m[39m[ChatContext] Setting initial chat: mock-assistant-chat-1
[90mstdout[2m | src/components/PeerReview/JoinByCode.stories.tsx[2m > [22m[2mWith Error
[22m[39m[Mock Storage] downloadData called with: undefined
[90mstdout[2m | src/components/PeerReview/JoinByCode.stories.tsx[2m > [22m[2mWith Error
[22m[39m[MOCK CourseVectorStore] Initialized with mock data
[90mstdout[2m | src/components/PeerReview/JoinByCode.stories.tsx[2m > [22m[2mWith Error
[22m[39m[FilesContext] Vector store population triggered {
  "currentVectorStoreSize": 3,
  "documentsCount": 0,
  "filesCount": 6,
  "isInitialLoad": true,
}
[90mstdout[2m | src/components/PeerReview/JoinByCode.stories.tsx[2m > [22m[2mWith Error
[22m[39m[FilesContext] Vector store population complete - 3 total embeddings
[90mstdout[2m | src/components/PeerReview/JoinByCode.stories.tsx[2m > [22m[2mWith Error
[22m[39m[ChatContext] Chat exists and not archived, skipping creation
 [32m✓[39m [30m[45m storybook (chromium) [49m[39m src/components/PeerReview/JoinByCode.stories.tsx [2m([22m[2m2 tests[22m[2m)[22m[32m 281[2mms[22m[39m
[90mstdout[2m | unknown test
[22m[39m[MOCK vectorStoreDB.js] Module loaded - mock IndexedDB operations
[90mstdout[2m | unknown test
[22m[39m[Task Completion] DOM action listeners initialized
[90mstdout[2m | unknown test
[22m[39m[Task Completion] Auto-completion detector initialized
[90mstdout[2m | unknown test
[22m[39m[Preview] Task completion detector initialized
[90mstdout[2m | src/components/PeerReview/PeerReviewChat.stories.tsx[2m > [22m[2mChat Story
[22m[39m[MOCK CourseVectorStore] Initialized with mock data
[90mstdout[2m | src/components/PeerReview/PeerReviewChat.stories.tsx[2m > [22m[2mChat Story
[22m[39m[TranslationModeController] Setting mode to: off
[90mstdout[2m | src/components/PeerReview/PeerReviewChat.stories.tsx[2m > [22m[2mChat Story
[22m[39m[UnitContext] useEffect triggered {
  "authLoading": false,
  "hasUser": true,
  "id": "mock-unit-id",
  "userSub": "mock-user-sub",
}
[90mstdout[2m | src/components/PeerReview/PeerReviewChat.stories.tsx[2m > [22m[2mChat Story
[22m[39m[UnitContext] Fetching unit data for id: mock-unit-id
[90mstdout[2m | src/components/PeerReview/PeerReviewChat.stories.tsx[2m > [22m[2mChat Story
[22m[39m[FilesContext] Initializing vector store from IndexedDB
[90mstdout[2m | src/components/PeerReview/PeerReviewChat.stories.tsx[2m > [22m[2mChat Story
[22m[39m[FilesContext] fetchFiles called
[90mstdout[2m | src/components/PeerReview/PeerReviewChat.stories.tsx[2m > [22m[2mChat Story
[22m[39m[FilesContext] User authenticated: mock-user-sub
[90mstdout[2m | src/components/PeerReview/PeerReviewChat.stories.tsx[2m > [22m[2mChat Story
[22m[39m[FilesContext] Identity ID: us-east-1:mock-identity-123
[90mstdout[2m | src/components/PeerReview/PeerReviewChat.stories.tsx[2m > [22m[2mChat Story
[22m[39m[FilesContext] About to set up File observeQuery
[90mstdout[2m | src/components/PeerReview/PeerReviewChat.stories.tsx[2m > [22m[2mChat Story
[22m[39m[ChatContext] Setting up AssistantChat observeQuery
[90mstdout[2m | src/components/PeerReview/PeerReviewChat.stories.tsx[2m > [22m[2mChat Story
[22m[39m[ChatContext] Waiting for subscription to initialize
[90mstdout[2m | src/components/PeerReview/PeerReviewChat.stories.tsx[2m > [22m[2mChat Story
[22m[39m[SettingsContext] Setting up Settings subscription for user: mock-user-sub
[90mstdout[2m | src/components/PeerReview/PeerReviewChat.stories.tsx[2m > [22m[2mChat Story
[22m[39m[Mock Data] Settings created: mock-settings-1790419055890 - notified 0 subscribers
[90mstdout[2m | src/components/PeerReview/PeerReviewChat.stories.tsx[2m > [22m[2mChat Story
[22m[39m[Mock Data] Unit.onUpdate() subscription added. Total: 1
[90mstdout[2m | src/components/PeerReview/PeerReviewChat.stories.tsx[2m > [22m[2mChat Story
[22m[39m[SectionContext] Section observeQuery update: 0
[90mstdout[2m | src/components/PeerReview/PeerReviewChat.stories.tsx[2m > [22m[2mChat Story
[22m[39m[FilesContext] File observeQuery update: 6 files
[90mstdout[2m | src/components/PeerReview/PeerReviewChat.stories.tsx[2m > [22m[2mChat Story
[22m[39m[ChatContext] AssistantChat initialized with 1 chats
[90mstdout[2m | src/components/PeerReview/PeerReviewChat.stories.tsx[2m > [22m[2mChat Story
[22m[39m[ChatContext] Setting initial chat: mock-assistant-chat-1
[90mstdout[2m | src/components/PeerReview/PeerReviewChat.stories.tsx[2m > [22m[2mChat Story
[22m[39m[MOCK CourseVectorStore] Initialized with mock data
[90mstdout[2m | src/components/PeerReview/PeerReviewChat.stories.tsx[2m > [22m[2mChat Story
[22m[39m[FilesContext] Vector store population triggered {
  "currentVectorStoreSize": 3,
  "documentsCount": 0,
  "filesCount": 6,
  "isInitialLoad": true,
}
[90mstdout[2m | src/components/PeerReview/PeerReviewChat.stories.tsx[2m > [22m[2mChat Story
[22m[39m[FilesContext] Vector store population complete - 3 total embeddings
[90mstdout[2m | src/components/PeerReview/PeerReviewChat.stories.tsx[2m > [22m[2mChat Story
[22m[39m[ChatContext] Chat exists and not archived, skipping creation
[90mstdout[2m | src/components/PeerReview/PeerReviewChat.stories.tsx[2m > [22m[2mChat Story
[22m[39m[Mock Storage] downloadData called with: undefined
 [32m✓[39m [30m[45m storybook (chromium) [49m[39m src/components/PeerReview/PeerReviewChat.stories.tsx [2m([22m[2m1 test[22m[2m)[22m[32m 189[2mms[22m[39m
[90mstdout[2m | unknown test
[22m[39m[MOCK vectorStoreDB.js] Module loaded - mock IndexedDB operations
[90mstdout[2m | unknown test
[22m[39m[Task Completion] DOM action listeners initialized
[90mstdout[2m | unknown test
[22m[39m[Task Completion] Auto-completion detector initialized
[90mstdout[2m | unknown test
[22m[39m[Preview] Task completion detector initialized
[90mstdout[2m | src/components/Editor3/plugins/AutocompletePlugin.stories.jsx[2m > [22m[2mEditable Empty
[22m[39m[Preview] Skipped initializing default mock data (initializeMockData=false)
[90mstdout[2m | src/components/Editor3/plugins/AutocompletePlugin.stories.jsx[2m > [22m[2mEditable Empty
[22m[39m[Mock Data] seedMockUnit: Adding unit autocomplete-story-unit
[90mstdout[2m | src/components/Editor3/plugins/AutocompletePlugin.stories.jsx[2m > [22m[2mEditable Empty
[22m[39m[MOCK CourseVectorStore] Initialized with mock data
[90mstdout[2m | src/components/Editor3/plugins/AutocompletePlugin.stories.jsx[2m > [22m[2mEditable Empty
[22m[39m[TranslationModeController] Setting mode to: off
[90mstdout[2m | src/components/Editor3/plugins/AutocompletePlugin.stories.jsx[2m > [22m[2mEditable Empty
[22m[39m[UnitContext] useEffect triggered {
  "authLoading": false,
  "hasUser": true,
  "id": "autocomplete-story-unit",
  "userSub": "mock-user-sub",
}
[90mstdout[2m | src/components/Editor3/plugins/AutocompletePlugin.stories.jsx[2m > [22m[2mEditable Empty
[22m[39m[UnitContext] Fetching unit data for id: autocomplete-story-unit
[90mstdout[2m | src/components/Editor3/plugins/AutocompletePlugin.stories.jsx[2m > [22m[2mEditable Empty
[22m[39m[FilesContext] Initializing vector store from IndexedDB
[90mstdout[2m | src/components/Editor3/plugins/AutocompletePlugin.stories.jsx[2m > [22m[2mEditable Empty
[22m[39m[FilesContext] fetchFiles called
[90mstdout[2m | src/components/Editor3/plugins/AutocompletePlugin.stories.jsx[2m > [22m[2mEditable Empty
[22m[39m[FilesContext] User authenticated: mock-user-sub
[90mstdout[2m | src/components/Editor3/plugins/AutocompletePlugin.stories.jsx[2m > [22m[2mEditable Empty
[22m[39m[FilesContext] Identity ID: us-east-1:mock-identity-123
[90mstdout[2m | src/components/Editor3/plugins/AutocompletePlugin.stories.jsx[2m > [22m[2mEditable Empty
[22m[39m[FilesContext] About to set up File observeQuery
[90mstdout[2m | src/components/Editor3/plugins/AutocompletePlugin.stories.jsx[2m > [22m[2mEditable Empty
[22m[39m[ChatContext] Setting up AssistantChat observeQuery
[90mstdout[2m | src/components/Editor3/plugins/AutocompletePlugin.stories.jsx[2m > [22m[2mEditable Empty
[22m[39m[ChatContext] Waiting for subscription to initialize
[90mstdout[2m | src/components/Editor3/plugins/AutocompletePlugin.stories.jsx[2m > [22m[2mEditable Empty
[22m[39m[SettingsContext] Setting up Settings subscription for user: mock-user-sub
[90mstdout[2m | src/components/Editor3/plugins/AutocompletePlugin.stories.jsx[2m > [22m[2mEditable Empty
[22m[39m[Mock Data] Settings created: mock-settings-1790419056450 - notified 0 subscribers
[90mstdout[2m | src/components/Editor3/plugins/AutocompletePlugin.stories.jsx[2m > [22m[2mEditable Empty
[22m[39m[Mock Data] Unit.onUpdate() subscription added. Total: 1
[90mstdout[2m | src/components/Editor3/plugins/AutocompletePlugin.stories.jsx[2m > [22m[2mEditable Empty
[22m[39m[SectionContext] Section observeQuery update: 0
[90mstdout[2m | src/components/Editor3/plugins/AutocompletePlugin.stories.jsx[2m > [22m[2mEditable Empty
[22m[39m[FilesContext] File observeQuery update: 0 files
[90mstdout[2m | src/components/Editor3/plugins/AutocompletePlugin.stories.jsx[2m > [22m[2mEditable Empty
[22m[39m[ChatContext] AssistantChat initialized with 0 chats
[90mstdout[2m | src/components/Editor3/plugins/AutocompletePlugin.stories.jsx[2m > [22m[2mEditable Empty
[22m[39m[MOCK CourseVectorStore] Initialized with mock data
[90mstdout[2m | src/components/Editor3/plugins/AutocompletePlugin.stories.jsx[2m > [22m[2mEditable Empty
[22m[39m[ChatContext] No current chat available, will create one
[90mstdout[2m | src/components/Editor3/plugins/AutocompletePlugin.stories.jsx[2m > [22m[2mEditable Empty
[22m[39m[ChatContext] Creating AssistantChat with user: undefined
[90mstdout[2m | src/components/Editor3/plugins/AutocompletePlugin.stories.jsx[2m > [22m[2mEditable Empty
[22m[39m[Mock Data] AssistantChat created: mock-assistantchat-1790419056460 - notified 1 subscribers
[90mstdout[2m | src/components/Editor3/plugins/AutocompletePlugin.stories.jsx[2m > [22m[2mEditable Empty
[22m[39m[ChatContext] Create result: {
  "data": {
    "_version": 1,
    "archived": false,
    "chatFiles": [Function anonymous],
    "createdAt": "2026-09-26T10:37:36.460Z",
    "id": "mock-assistantchat-1790419056460",
    "model": "gpt-4",
    "updatedAt": "2026-09-26T10:37:36.461Z",
  },
  "errors": [],
  "hasData": true,
  "hasErrors": true,
}
[90mstdout[2m | src/components/Editor3/plugins/AutocompletePlugin.stories.jsx[2m > [22m[2mEditable Empty
[22m[39m[ChatContext] Created AssistantChat: mock-assistantchat-1790419056460 at: 2026-09-26T10:37:36.460Z
[90mstdout[2m | src/components/Editor3/plugins/AutocompletePlugin.stories.jsx[2m > [22m[2mEditable Empty
[22m[39m[Mock Storage] downloadData called with: undefined
[90mstdout[2m | src/components/Editor3/plugins/AutocompletePlugin.stories.jsx[2m > [22m[2mEditable Empty
[22m[39m[ChatContext] Setting initial chat: mock-assistantchat-1790419056460
[90mstdout[2m | src/components/Editor3/plugins/AutocompletePlugin.stories.jsx[2m > [22m[2mEditable Empty
[22m[39m[ChatContext] Chat exists and not archived, skipping creation
[90mstdout[2m | src/components/Editor3/plugins/AutocompletePlugin.stories.jsx[2m > [22m[2mEditable With Instructions
[22m[39m[ChatContext] Cleaning up subscriptions
[90mstdout[2m | src/components/Editor3/plugins/AutocompletePlugin.stories.jsx[2m > [22m[2mEditable With Instructions
[22m[39m[Mock Data] Unit.onUpdate() subscription removed. Remaining: 0
[90mstdout[2m | src/components/Editor3/plugins/AutocompletePlugin.stories.jsx[2m > [22m[2mEditable With Instructions
[22m[39m[Preview] Skipped initializing default mock data (initializeMockData=false)
[90mstdout[2m | src/components/Editor3/plugins/AutocompletePlugin.stories.jsx[2m > [22m[2mEditable With Instructions
[22m[39m[Mock Data] seedMockUnit: Adding unit autocomplete-story-unit
[90mstdout[2m | src/components/Editor3/plugins/AutocompletePlugin.stories.jsx[2m > [22m[2mEditable With Instructions
[22m[39m[MOCK CourseVectorStore] Initialized with mock data
[90mstdout[2m | src/components/Editor3/plugins/AutocompletePlugin.stories.jsx[2m > [22m[2mEditable With Instructions
[22m[39m[TranslationModeController] Setting mode to: off
[90mstdout[2m | src/components/Editor3/plugins/AutocompletePlugin.stories.jsx[2m > [22m[2mEditable With Instructions
[22m[39m[UnitContext] useEffect triggered {
  "authLoading": false,
  "hasUser": true,
  "id": "autocomplete-story-unit",
  "userSub": "mock-user-sub",
}
[90mstdout[2m | src/components/Editor3/plugins/AutocompletePlugin.stories.jsx[2m > [22m[2mEditable With Instructions
[22m[39m[UnitContext] Fetching unit data for id: autocomplete-story-unit
[90mstdout[2m | src/components/Editor3/plugins/AutocompletePlugin.stories.jsx[2m > [22m[2mEditable With Instructions
[22m[39m[FilesContext] Initializing vector store from IndexedDB
[90mstdout[2m | src/components/Editor3/plugins/AutocompletePlugin.stories.jsx[2m > [22m[2mEditable With Instructions
[22m[39m[FilesContext] fetchFiles called
[90mstdout[2m | src/components/Editor3/plugins/AutocompletePlugin.stories.jsx[2m > [22m[2mEditable With Instructions
[22m[39m[FilesContext] User authenticated: mock-user-sub
[90mstdout[2m | src/components/Editor3/plugins/AutocompletePlugin.stories.jsx[2m > [22m[2mEditable With Instructions
[22m[39m[FilesContext] Identity ID: us-east-1:mock-identity-123
[90mstdout[2m | src/components/Editor3/plugins/AutocompletePlugin.stories.jsx[2m > [22m[2mEditable With Instructions
[22m[39m[FilesContext] About to set up File observeQuery
[90mstdout[2m | src/components/Editor3/plugins/AutocompletePlugin.stories.jsx[2m > [22m[2mEditable With Instructions
[22m[39m[ChatContext] Setting up AssistantChat observeQuery
[90mstdout[2m | src/components/Editor3/plugins/AutocompletePlugin.stories.jsx[2m > [22m[2mEditable With Instructions
[22m[39m[ChatContext] Waiting for subscription to initialize
[90mstdout[2m | src/components/Editor3/plugins/AutocompletePlugin.stories.jsx[2m > [22m[2mEditable With Instructions
[22m[39m[SettingsContext] Setting up Settings subscription for user: mock-user-sub
[90mstdout[2m | src/components/Editor3/plugins/AutocompletePlugin.stories.jsx[2m > [22m[2mEditable With Instructions
[22m[39m[Mock Data] Settings created: mock-settings-1790419056626 - notified 0 subscribers
[90mstdout[2m | src/components/Editor3/plugins/AutocompletePlugin.stories.jsx[2m > [22m[2mEditable With Instructions
[22m[39m[Mock Data] Unit.onUpdate() subscription added. Total: 1
[90mstdout[2m | src/components/Editor3/plugins/AutocompletePlugin.stories.jsx[2m > [22m[2mEditable With Instructions
[22m[39m[SectionContext] Section observeQuery update: 0
[90mstdout[2m | src/components/Editor3/plugins/AutocompletePlugin.stories.jsx[2m > [22m[2mEditable With Instructions
[22m[39m[FilesContext] File observeQuery update: 0 files
[90mstdout[2m | src/components/Editor3/plugins/AutocompletePlugin.stories.jsx[2m > [22m[2mEditable With Instructions
[22m[39m[ChatContext] AssistantChat initialized with 0 chats
[90mstdout[2m | src/components/Editor3/plugins/AutocompletePlugin.stories.jsx[2m > [22m[2mEditable With Instructions
[22m[39m[Mock Storage] downloadData called with: undefined
[90mstdout[2m | src/components/Editor3/plugins/AutocompletePlugin.stories.jsx[2m > [22m[2mEditable With Instructions
[22m[39m[MOCK CourseVectorStore] Initialized with mock data
[90mstdout[2m | src/components/Editor3/plugins/AutocompletePlugin.stories.jsx[2m > [22m[2mEditable With Instructions
[22m[39m[ChatContext] No current chat available, will create one
[90mstdout[2m | src/components/Editor3/plugins/AutocompletePlugin.stories.jsx[2m > [22m[2mEditable With Instructions
[22m[39m[ChatContext] Creating AssistantChat with user: undefined
[90mstdout[2m | src/components/Editor3/plugins/AutocompletePlugin.stories.jsx[2m > [22m[2mEditable With Instructions
[22m[39m[Mock Data] AssistantChat created: mock-assistantchat-1790419056637 - notified 1 subscribers
[90mstdout[2m | src/components/Editor3/plugins/AutocompletePlugin.stories.jsx[2m > [22m[2mEditable With Instructions
[22m[39m[ChatContext] Create result: {
  "data": {
    "_version": 1,
    "archived": false,
    "chatFiles": [Function anonymous],
    "createdAt": "2026-09-26T10:37:36.637Z",
    "id": "mock-assistantchat-1790419056637",
    "model": "gpt-4",
    "updatedAt": "2026-09-26T10:37:36.637Z",
  },
  "errors": [],
  "hasData": true,
  "hasErrors": true,
}
[90mstdout[2m | src/components/Editor3/plugins/AutocompletePlugin.stories.jsx[2m > [22m[2mEditable With Instructions
[22m[39m[ChatContext] Created AssistantChat: mock-assistantchat-1790419056637 at: 2026-09-26T10:37:36.637Z
[90mstdout[2m | src/components/Editor3/plugins/AutocompletePlugin.stories.jsx[2m > [22m[2mEditable With Instructions
[22m[39m[ChatContext] Setting initial chat: mock-assistantchat-1790419056637
[90mstdout[2m | src/components/Editor3/plugins/AutocompletePlugin.stories.jsx[2m > [22m[2mEditable With Instructions
[22m[39m[ChatContext] Chat exists and not archived, skipping creation
 [32m✓[39m [30m[45m storybook (chromium) [49m[39m src/components/Editor3/plugins/AutocompletePlugin.stories.jsx [2m([22m[2m2 tests[22m[2m)[22m[33m 355[2mms[22m[39m
[90mstdout[2m | unknown test
[22m[39m[MOCK vectorStoreDB.js] Module loaded - mock IndexedDB operations
[90mstdout[2m | unknown test
[22m[39m[Task Completion] DOM action listeners initialized
[90mstdout[2m | unknown test
[22m[39m[Task Completion] Auto-completion detector initialized
[90mstdout[2m | unknown test
[22m[39m[Preview] Task completion detector initialized
[90mstdout[2m | .storybook/docs/Introduction.stories.tsx[2m > [22m[2mOverview
[22m[39m[MOCK CourseVectorStore] Initialized with mock data
[90mstdout[2m | .storybook/docs/Introduction.stories.tsx[2m > [22m[2mOverview
[22m[39m[TranslationModeController] Setting mode to: off
[90mstdout[2m | .storybook/docs/Introduction.stories.tsx[2m > [22m[2mOverview
[22m[39m[UnitContext] useEffect triggered {
  "authLoading": false,
  "hasUser": true,
  "id": "mock-unit-id",
  "userSub": "mock-user-sub",
}
[90mstdout[2m | .storybook/docs/Introduction.stories.tsx[2m > [22m[2mOverview
[22m[39m[UnitContext] Fetching unit data for id: mock-unit-id
[90mstdout[2m | .storybook/docs/Introduction.stories.tsx[2m > [22m[2mOverview
[22m[39m[FilesContext] Initializing vector store from IndexedDB
[90mstdout[2m | .storybook/docs/Introduction.stories.tsx[2m > [22m[2mOverview
[22m[39m[FilesContext] fetchFiles called
[90mstdout[2m | .storybook/docs/Introduction.stories.tsx[2m > [22m[2mOverview
[22m[39m[FilesContext] User authenticated: mock-user-sub
[90mstdout[2m | .storybook/docs/Introduction.stories.tsx[2m > [22m[2mOverview
[22m[39m[FilesContext] Identity ID: us-east-1:mock-identity-123
[90mstdout[2m | .storybook/docs/Introduction.stories.tsx[2m > [22m[2mOverview
[22m[39m[FilesContext] About to set up File observeQuery
[90mstdout[2m | .storybook/docs/Introduction.stories.tsx[2m > [22m[2mOverview
[22m[39m[ChatContext] Setting up AssistantChat observeQuery
[90mstdout[2m | .storybook/docs/Introduction.stories.tsx[2m > [22m[2mOverview
[22m[39m[ChatContext] Waiting for subscription to initialize
[90mstdout[2m | .storybook/docs/Introduction.stories.tsx[2m > [22m[2mOverview
[22m[39m[SettingsContext] Setting up Settings subscription for user: mock-user-sub
[90mstdout[2m | .storybook/docs/Introduction.stories.tsx[2m > [22m[2mOverview
[22m[39m[Mock Data] Settings created: mock-settings-1790419057203 - notified 0 subscribers
[90mstdout[2m | .storybook/docs/Introduction.stories.tsx[2m > [22m[2mOverview
[22m[39m[Mock Data] Unit.onUpdate() subscription added. Total: 1
[90mstdout[2m | .storybook/docs/Introduction.stories.tsx[2m > [22m[2mOverview
[22m[39m[SectionContext] Section observeQuery update: 0
[90mstdout[2m | .storybook/docs/Introduction.stories.tsx[2m > [22m[2mOverview
[22m[39m[FilesContext] File observeQuery update: 6 files
[90mstdout[2m | .storybook/docs/Introduction.stories.tsx[2m > [22m[2mOverview
[22m[39m[ChatContext] AssistantChat initialized with 1 chats
[90mstdout[2m | .storybook/docs/Introduction.stories.tsx[2m > [22m[2mOverview
[22m[39m[ChatContext] Setting initial chat: mock-assistant-chat-1
[90mstdout[2m | .storybook/docs/Introduction.stories.tsx[2m > [22m[2mOverview
[22m[39m[MOCK CourseVectorStore] Initialized with mock data
[90mstdout[2m | .storybook/docs/Introduction.stories.tsx[2m > [22m[2mOverview
[22m[39m[FilesContext] Vector store population triggered {
  "currentVectorStoreSize": 3,
  "documentsCount": 0,
  "filesCount": 6,
  "isInitialLoad": true,
}
[90mstdout[2m | .storybook/docs/Introduction.stories.tsx[2m > [22m[2mOverview
[22m[39m[FilesContext] Vector store population complete - 3 total embeddings
[90mstdout[2m | .storybook/docs/Introduction.stories.tsx[2m > [22m[2mOverview
[22m[39m[ChatContext] Chat exists and not archived, skipping creation
[90mstdout[2m | .storybook/docs/Introduction.stories.tsx[2m > [22m[2mOverview
[22m[39m[Mock Storage] downloadData called with: undefined
 [32m✓[39m [30m[45m storybook (chromium) [49m[39m .storybook/docs/Introduction.stories.tsx [2m([22m[2m1 test[22m[2m)[22m[32m 236[2mms[22m[39m
[90mstdout[2m | unknown test
[22m[39m[MOCK vectorStoreDB.js] Module loaded - mock IndexedDB operations
[90mstdout[2m | unknown test
[22m[39m[Task Completion] DOM action listeners initialized
[90mstdout[2m | unknown test
[22m[39m[Task Completion] Auto-completion detector initialized
[90mstdout[2m | unknown test
[22m[39m[Preview] Task completion detector initialized
[90mstdout[2m | src/components/RecordingStudio3/TimelineCard.stories.tsx[2m > [22m[2mDefault
[22m[39m[TranslationModeController] Setting mode to: off
[90mstdout[2m | src/components/RecordingStudio3/TimelineCard.stories.tsx[2m > [22m[2mSelected
[22m[39m[TranslationModeController] Setting mode to: off
[90mstdout[2m | src/components/RecordingStudio3/TimelineCard.stories.tsx[2m > [22m[2mLong Text
[22m[39m[TranslationModeController] Setting mode to: off
[90mstdout[2m | src/components/RecordingStudio3/TimelineCard.stories.tsx[2m > [22m[2mNarrow Card
[22m[39m[TranslationModeController] Setting mode to: off
 [32m✓[39m [30m[45m storybook (chromium) [49m[39m src/components/RecordingStudio3/TimelineCard.stories.tsx [2m([22m[2m4 tests[22m[2m)[22m[33m 476[2mms[22m[39m
[90mstdout[2m | unknown test
[22m[39m[MOCK vectorStoreDB.js] Module loaded - mock IndexedDB operations
[90mstdout[2m | unknown test
[22m[39m[Task Completion] DOM action listeners initialized
[90mstdout[2m | unknown test
[22m[39m[Task Completion] Auto-completion detector initialized
[90mstdout[2m | unknown test
[22m[39m[Preview] Task completion detector initialized
[90mstdout[2m | src/components/Gamification/ProgressRings.stories.tsx[2m > [22m[2mMultiple Modules
[22m[39m[TranslationModeController] Setting mode to: off
[90mstdout[2m | src/components/Gamification/ProgressRings.stories.tsx[2m > [22m[2mSingle Module
[22m[39m[TranslationModeController] Setting mode to: off
[90mstdout[2m | src/components/Gamification/ProgressRings.stories.tsx[2m > [22m[2mEmpty
[22m[39m[TranslationModeController] Setting mode to: off
 [32m✓[39m [30m[45m storybook (chromium) [49m[39m src/components/Gamification/ProgressRings.stories.tsx [2m([22m[2m3 tests[22m[2m)[22m[32m 279[2mms[22m[39m
[90mstdout[2m | unknown test
[22m[39m[MOCK vectorStoreDB.js] Module loaded - mock IndexedDB operations
[90mstdout[2m | unknown test
[22m[39m[Task Completion] DOM action listeners initialized
[90mstdout[2m | unknown test
[22m[39m[Task Completion] Auto-completion detector initialized
[90mstdout[2m | unknown test
[22m[39m[Preview] Task completion detector initialized
[90mstdout[2m | .storybook/docs/CoreConcepts.stories.tsx[2m > [22m[2mHow It Works
[22m[39m[MOCK CourseVectorStore] Initialized with mock data
[90mstdout[2m | .storybook/docs/CoreConcepts.stories.tsx[2m > [22m[2mHow It Works
[22m[39m[TranslationModeController] Setting mode to: off
[90mstdout[2m | .storybook/docs/CoreConcepts.stories.tsx[2m > [22m[2mHow It Works
[22m[39m[UnitContext] useEffect triggered {
  "authLoading": false,
  "hasUser": true,
  "id": "mock-unit-id",
  "userSub": "mock-user-sub",
}
[90mstdout[2m | .storybook/docs/CoreConcepts.stories.tsx[2m > [22m[2mHow It Works
[22m[39m[UnitContext] Fetching unit data for id: mock-unit-id
[90mstdout[2m | .storybook/docs/CoreConcepts.stories.tsx[2m > [22m[2mHow It Works
[22m[39m[FilesContext] Initializing vector store from IndexedDB
[90mstdout[2m | .storybook/docs/CoreConcepts.stories.tsx[2m > [22m[2mHow It Works
[22m[39m[FilesContext] fetchFiles called
[90mstdout[2m | .storybook/docs/CoreConcepts.stories.tsx[2m > [22m[2mHow It Works
[22m[39m[FilesContext] User authenticated: mock-user-sub
[90mstdout[2m | .storybook/docs/CoreConcepts.stories.tsx[2m > [22m[2mHow It Works
[22m[39m[FilesContext] Identity ID: us-east-1:mock-identity-123
[90mstdout[2m | .storybook/docs/CoreConcepts.stories.tsx[2m > [22m[2mHow It Works
[22m[39m[FilesContext] About to set up File observeQuery
[90mstdout[2m | .storybook/docs/CoreConcepts.stories.tsx[2m > [22m[2mHow It Works
[22m[39m[ChatContext] Setting up AssistantChat observeQuery
[90mstdout[2m | .storybook/docs/CoreConcepts.stories.tsx[2m > [22m[2mHow It Works
[22m[39m[ChatContext] Waiting for subscription to initialize
[90mstdout[2m | .storybook/docs/CoreConcepts.stories.tsx[2m > [22m[2mHow It Works
[22m[39m[SettingsContext] Setting up Settings subscription for user: mock-user-sub
[90mstdout[2m | .storybook/docs/CoreConcepts.stories.tsx[2m > [22m[2mHow It Works
[22m[39m[Mock Data] Settings created: mock-settings-1790419062678 - notified 0 subscribers
[90mstdout[2m | .storybook/docs/CoreConcepts.stories.tsx[2m > [22m[2mHow It Works
[22m[39m[Mock Data] Unit.onUpdate() subscription added. Total: 1
[90mstdout[2m | .storybook/docs/CoreConcepts.stories.tsx[2m > [22m[2mHow It Works
[22m[39m[SectionContext] Section observeQuery update: 0
[90mstdout[2m | .storybook/docs/CoreConcepts.stories.tsx[2m > [22m[2mHow It Works
[22m[39m[FilesContext] File observeQuery update: 6 files
[90mstdout[2m | .storybook/docs/CoreConcepts.stories.tsx[2m > [22m[2mHow It Works
[22m[39m[ChatContext] AssistantChat initialized with 1 chats
[90mstdout[2m | .storybook/docs/CoreConcepts.stories.tsx[2m > [22m[2mHow It Works
[22m[39m[ChatContext] Setting initial chat: mock-assistant-chat-1
[90mstdout[2m | .storybook/docs/CoreConcepts.stories.tsx[2m > [22m[2mHow It Works
[22m[39m[MOCK CourseVectorStore] Initialized with mock data
[90mstdout[2m | .storybook/docs/CoreConcepts.stories.tsx[2m > [22m[2mHow It Works
[22m[39m[FilesContext] Vector store population triggered {
  "currentVectorStoreSize": 3,
  "documentsCount": 0,
  "filesCount": 6,
  "isInitialLoad": true,
}
[90mstdout[2m | .storybook/docs/CoreConcepts.stories.tsx[2m > [22m[2mHow It Works
[22m[39m[FilesContext] Vector store population complete - 3 total embeddings
[90mstdout[2m | .storybook/docs/CoreConcepts.stories.tsx[2m > [22m[2mHow It Works
[22m[39m[ChatContext] Chat exists and not archived, skipping creation
[90mstdout[2m | .storybook/docs/CoreConcepts.stories.tsx[2m > [22m[2mHow It Works
[22m[39m[Mock Storage] downloadData called with: undefined
 [32m✓[39m [30m[45m storybook (chromium) [49m[39m .storybook/docs/CoreConcepts.stories.tsx [2m([22m[2m1 test[22m[2m)[22m[33m 320[2mms[22m[39m
   [33m[2m✓[22m[39m How It Works [33m 319[2mms[22m[39m
[90mstdout[2m | unknown test
[22m[39m[MOCK vectorStoreDB.js] Module loaded - mock IndexedDB operations
[90mstdout[2m | unknown test
[22m[39m[Task Completion] DOM action listeners initialized
[90mstdout[2m | unknown test
[22m[39m[Task Completion] Auto-completion detector initialized
[90mstdout[2m | unknown test
[22m[39m[Preview] Task completion detector initialized
[90mstdout[2m | src/components/Editor3/components/ImageComponent.stories.jsx[2m > [22m[2mWith File Id
[22m[39m[MOCK CourseVectorStore] Initialized with mock data
[90mstdout[2m | src/components/Editor3/components/ImageComponent.stories.jsx[2m > [22m[2mWith File Id
[22m[39mMock Cache.getItem called with: getCachedUrl_/story-mocks/animals-10008941_1280.jpg
[90mstdout[2m | src/components/Editor3/components/ImageComponent.stories.jsx[2m > [22m[2mWith File Id
[22m[39mMock Cache.getItem called with: getCachedUrl_protected/us-east-1:mock-identity-id-0001/abc123-def456/small.webp
[90mstdout[2m | src/components/Editor3/components/ImageComponent.stories.jsx[2m > [22m[2mWith File Id
[22m[39mMock Cache.getItem called with: getCachedUrl_protected/us-east-1:mock-identity-id-0001/abc123-def456/medium.webp
[90mstdout[2m | src/components/Editor3/components/ImageComponent.stories.jsx[2m > [22m[2mWith File Id
[22m[39mMock Cache.getItem called with: getCachedUrl_protected/us-east-1:mock-identity-id-0001/abc123-def456/large.webp
[90mstdout[2m | src/components/Editor3/components/ImageComponent.stories.jsx[2m > [22m[2mWith File Id
[22m[39m[TranslationModeController] Setting mode to: off
[90mstdout[2m | src/components/Editor3/components/ImageComponent.stories.jsx[2m > [22m[2mWith File Id
[22m[39m[FilesContext] Initializing vector store from IndexedDB
[90mstdout[2m | src/components/Editor3/components/ImageComponent.stories.jsx[2m > [22m[2mWith File Id
[22m[39m[FilesContext] fetchFiles called
[90mstdout[2m | src/components/Editor3/components/ImageComponent.stories.jsx[2m > [22m[2mWith File Id
[22m[39m[FilesContext] User authenticated: mock-user-sub
[90mstdout[2m | src/components/Editor3/components/ImageComponent.stories.jsx[2m > [22m[2mWith File Id
[22m[39m[FilesContext] Identity ID: us-east-1:mock-identity-123
[90mstdout[2m | src/components/Editor3/components/ImageComponent.stories.jsx[2m > [22m[2mWith File Id
[22m[39m[FilesContext] About to set up File observeQuery
[90mstdout[2m | src/components/Editor3/components/ImageComponent.stories.jsx[2m > [22m[2mWith File Id
[22m[39m[ChatContext] Setting up AssistantChat observeQuery
[90mstdout[2m | src/components/Editor3/components/ImageComponent.stories.jsx[2m > [22m[2mWith File Id
[22m[39m[ChatContext] Waiting for subscription to initialize
[90mstdout[2m | src/components/Editor3/components/ImageComponent.stories.jsx[2m > [22m[2mWith File Id
[22m[39m[SettingsContext] Setting up Settings subscription for user: mock-user-sub
[90mstdout[2m | src/components/Editor3/components/ImageComponent.stories.jsx[2m > [22m[2mWith File Id
[22m[39mMock getUrl called with: /story-mocks/animals-10008941_1280.jpg
[90mstdout[2m | src/components/Editor3/components/ImageComponent.stories.jsx[2m > [22m[2mWith File Id
[22m[39mMock getUrl called with: protected/us-east-1:mock-identity-id-0001/abc123-def456/small.webp
[90mstdout[2m | src/components/Editor3/components/ImageComponent.stories.jsx[2m > [22m[2mWith File Id
[22m[39mMock getUrl called with: protected/us-east-1:mock-identity-id-0001/abc123-def456/medium.webp
[90mstdout[2m | src/components/Editor3/components/ImageComponent.stories.jsx[2m > [22m[2mWith File Id
[22m[39mMock getUrl called with: protected/us-east-1:mock-identity-id-0001/abc123-def456/large.webp
[90mstdout[2m | src/components/Editor3/components/ImageComponent.stories.jsx[2m > [22m[2mWith File Id
[22m[39m[Mock Data] Settings created: mock-settings-1790419063389 - notified 0 subscribers
[90mstdout[2m | src/components/Editor3/components/ImageComponent.stories.jsx[2m > [22m[2mWith File Id
[22m[39mMock Cache.setItem called with: getCachedUrl_/story-mocks/animals-10008941_1280.jpg /story-mocks/animals-10008941_1280.jpg
[90mstdout[2m | src/components/Editor3/components/ImageComponent.stories.jsx[2m > [22m[2mWith File Id
[22m[39mMock Cache.setItem called with: getCachedUrl_protected/us-east-1:mock-identity-id-0001/abc123-def456/small.webp protected/us-east-1:mock-identity-id-0001/abc123-def456/small.webp
[90mstdout[2m | src/components/Editor3/components/ImageComponent.stories.jsx[2m > [22m[2mWith File Id
[22m[39mMock Cache.setItem called with: getCachedUrl_protected/us-east-1:mock-identity-id-0001/abc123-def456/medium.webp protected/us-east-1:mock-identity-id-0001/abc123-def456/medium.webp
[90mstdout[2m | src/components/Editor3/components/ImageComponent.stories.jsx[2m > [22m[2mWith File Id
[22m[39mMock Cache.setItem called with: getCachedUrl_protected/us-east-1:mock-identity-id-0001/abc123-def456/large.webp protected/us-east-1:mock-identity-id-0001/abc123-def456/large.webp
[90mstdout[2m | src/components/Editor3/components/ImageComponent.stories.jsx[2m > [22m[2mWith File Id
[22m[39m[FilesContext] File observeQuery update: 6 files
[90mstdout[2m | src/components/Editor3/components/ImageComponent.stories.jsx[2m > [22m[2mWith File Id
[22m[39m[ChatContext] AssistantChat initialized with 1 chats
[90mstdout[2m | src/components/Editor3/components/ImageComponent.stories.jsx[2m > [22m[2mWith File Id
[22m[39m[ChatContext] Setting initial chat: mock-assistant-chat-1
[90mstdout[2m | src/components/Editor3/components/ImageComponent.stories.jsx[2m > [22m[2mWith File Id
[22m[39m[MOCK CourseVectorStore] Initialized with mock data
[90mstdout[2m | src/components/Editor3/components/ImageComponent.stories.jsx[2m > [22m[2mWith File Id
[22m[39m[FilesContext] Vector store population triggered {
  "currentVectorStoreSize": 3,
  "documentsCount": 0,
  "filesCount": 6,
  "isInitialLoad": true,
}
[90mstdout[2m | src/components/Editor3/components/ImageComponent.stories.jsx[2m > [22m[2mWith File Id
[22m[39m[FilesContext] Vector store population complete - 3 total embeddings
[90mstdout[2m | src/components/Editor3/components/ImageComponent.stories.jsx[2m > [22m[2mWith File Id
[22m[39m[ChatContext] Chat exists and not archived, skipping creation
[90mstdout[2m | src/components/Editor3/components/ImageComponent.stories.jsx[2m > [22m[2mWith File Id
[22m[39m[Mock Storage] downloadData called with: undefined
[90mstdout[2m | src/components/Editor3/components/ImageComponent.stories.jsx[2m > [22m[2mWith Src Only
[22m[39m[ChatContext] Cleaning up subscriptions
[90mstdout[2m | src/components/Editor3/components/ImageComponent.stories.jsx[2m > [22m[2mWith Src Only
[22m[39m[MOCK CourseVectorStore] Initialized with mock data
[90mstdout[2m | src/components/Editor3/components/ImageComponent.stories.jsx[2m > [22m[2mWith Src Only
[22m[39m[TranslationModeController] Setting mode to: off
[90mstdout[2m | src/components/Editor3/components/ImageComponent.stories.jsx[2m > [22m[2mWith Src Only
[22m[39m[FilesContext] Initializing vector store from IndexedDB
[90mstdout[2m | src/components/Editor3/components/ImageComponent.stories.jsx[2m > [22m[2mWith Src Only
[22m[39m[FilesContext] fetchFiles called
[90mstdout[2m | src/components/Editor3/components/ImageComponent.stories.jsx[2m > [22m[2mWith Src Only
[22m[39m[FilesContext] User authenticated: mock-user-sub
[90mstdout[2m | src/components/Editor3/components/ImageComponent.stories.jsx[2m > [22m[2mWith Src Only
[22m[39m[FilesContext] Identity ID: us-east-1:mock-identity-123
[90mstdout[2m | src/components/Editor3/components/ImageComponent.stories.jsx[2m > [22m[2mWith Src Only
[22m[39m[FilesContext] About to set up File observeQuery
[90mstdout[2m | src/components/Editor3/components/ImageComponent.stories.jsx[2m > [22m[2mWith Src Only
[22m[39m[ChatContext] Setting up AssistantChat observeQuery
[90mstdout[2m | src/components/Editor3/components/ImageComponent.stories.jsx[2m > [22m[2mWith Src Only
[22m[39m[ChatContext] Waiting for subscription to initialize
[90mstdout[2m | src/components/Editor3/components/ImageComponent.stories.jsx[2m > [22m[2mWith Src Only
[22m[39m[SettingsContext] Setting up Settings subscription for user: mock-user-sub
[90mstdout[2m | src/components/Editor3/components/ImageComponent.stories.jsx[2m > [22m[2mWith Src Only
[22m[39m[Mock Data] Settings created: mock-settings-1790419063498 - notified 0 subscribers
[90mstdout[2m | src/components/Editor3/components/ImageComponent.stories.jsx[2m > [22m[2mWith Src Only
[22m[39m[FilesContext] File observeQuery update: 6 files
[90mstdout[2m | src/components/Editor3/components/ImageComponent.stories.jsx[2m > [22m[2mWith Src Only
[22m[39m[ChatContext] AssistantChat initialized with 1 chats
[90mstdout[2m | src/components/Editor3/components/ImageComponent.stories.jsx[2m > [22m[2mWith Src Only
[22m[39m[ChatContext] Setting initial chat: mock-assistant-chat-1
[90mstdout[2m | src/components/Editor3/components/ImageComponent.stories.jsx[2m > [22m[2mWith Src Only
[22m[39m[Mock Storage] downloadData called with: undefined
[90mstdout[2m | src/components/Editor3/components/ImageComponent.stories.jsx[2m > [22m[2mWith Src Only
[22m[39m[MOCK CourseVectorStore] Initialized with mock data
[90mstdout[2m | src/components/Editor3/components/ImageComponent.stories.jsx[2m > [22m[2mWith Src Only
[22m[39m[FilesContext] Vector store population triggered {
  "currentVectorStoreSize": 3,
  "documentsCount": 0,
  "filesCount": 6,
  "isInitialLoad": true,
}
[90mstdout[2m | src/components/Editor3/components/ImageComponent.stories.jsx[2m > [22m[2mWith Src Only
[22m[39m[FilesContext] Vector store population complete - 3 total embeddings
[90mstdout[2m | src/components/Editor3/components/ImageComponent.stories.jsx[2m > [22m[2mWith Src Only
[22m[39m[ChatContext] Chat exists and not archived, skipping creation
[90mstdout[2m | src/components/Editor3/components/ImageComponent.stories.jsx[2m > [22m[2mPublished Path
[22m[39m[ChatContext] Cleaning up subscriptions
[90mstdout[2m | src/components/Editor3/components/ImageComponent.stories.jsx[2m > [22m[2mPublished Path
[22m[39m[MOCK CourseVectorStore] Initialized with mock data
[90mstdout[2m | src/components/Editor3/components/ImageComponent.stories.jsx[2m > [22m[2mPublished Path
[22m[39mMock Cache.getItem called with: getCachedUrl_/story-mocks/piano-10046998_1280.jpg
[90mstdout[2m | src/components/Editor3/components/ImageComponent.stories.jsx[2m > [22m[2mPublished Path
[22m[39m[TranslationModeController] Setting mode to: off
[90mstdout[2m | src/components/Editor3/components/ImageComponent.stories.jsx[2m > [22m[2mPublished Path
[22m[39m[FilesContext] Initializing vector store from IndexedDB
[90mstdout[2m | src/components/Editor3/components/ImageComponent.stories.jsx[2m > [22m[2mPublished Path
[22m[39m[FilesContext] fetchFiles called
[90mstdout[2m | src/components/Editor3/components/ImageComponent.stories.jsx[2m > [22m[2mPublished Path
[22m[39m[FilesContext] User authenticated: mock-user-sub
[90mstdout[2m | src/components/Editor3/components/ImageComponent.stories.jsx[2m > [22m[2mPublished Path
[22m[39m[FilesContext] Identity ID: us-east-1:mock-identity-123
[90mstdout[2m | src/components/Editor3/components/ImageComponent.stories.jsx[2m > [22m[2mPublished Path
[22m[39m[FilesContext] About to set up File observeQuery
[90mstdout[2m | src/components/Editor3/components/ImageComponent.stories.jsx[2m > [22m[2mPublished Path
[22m[39m[ChatContext] Setting up AssistantChat observeQuery
[90mstdout[2m | src/components/Editor3/components/ImageComponent.stories.jsx[2m > [22m[2mPublished Path
[22m[39m[ChatContext] Waiting for subscription to initialize
[90mstdout[2m | src/components/Editor3/components/ImageComponent.stories.jsx[2m > [22m[2mPublished Path
[22m[39m[SettingsContext] Setting up Settings subscription for user: mock-user-sub
[90mstdout[2m | src/components/Editor3/components/ImageComponent.stories.jsx[2m > [22m[2mPublished Path
[22m[39mMock getUrl called with: /story-mocks/piano-10046998_1280.jpg
[90mstdout[2m | src/components/Editor3/components/ImageComponent.stories.jsx[2m > [22m[2mPublished Path
[22m[39m[Mock Data] Settings created: mock-settings-1790419063583 - notified 0 subscribers
[90mstdout[2m | src/components/Editor3/components/ImageComponent.stories.jsx[2m > [22m[2mPublished Path
[22m[39mMock Cache.setItem called with: getCachedUrl_/story-mocks/piano-10046998_1280.jpg /story-mocks/piano-10046998_1280.jpg
[90mstdout[2m | src/components/Editor3/components/ImageComponent.stories.jsx[2m > [22m[2mPublished Path
[22m[39m[FilesContext] File observeQuery update: 6 files
[90mstdout[2m | src/components/Editor3/components/ImageComponent.stories.jsx[2m > [22m[2mPublished Path
[22m[39m[ChatContext] AssistantChat initialized with 1 chats
[90mstdout[2m | src/components/Editor3/components/ImageComponent.stories.jsx[2m > [22m[2mPublished Path
[22m[39m[ChatContext] Setting initial chat: mock-assistant-chat-1
[90mstdout[2m | src/components/Editor3/components/ImageComponent.stories.jsx[2m > [22m[2mPublished Path
[22m[39m[Mock Storage] downloadData called with: undefined
[90mstdout[2m | src/components/Editor3/components/ImageComponent.stories.jsx[2m > [22m[2mPublished Path
[22m[39m[MOCK CourseVectorStore] Initialized with mock data
[90mstdout[2m | src/components/Editor3/components/ImageComponent.stories.jsx[2m > [22m[2mPublished Path
[22m[39m[FilesContext] Vector store population triggered {
  "currentVectorStoreSize": 3,
  "documentsCount": 0,
  "filesCount": 6,
  "isInitialLoad": true,
}
[90mstdout[2m | src/components/Editor3/components/ImageComponent.stories.jsx[2m > [22m[2mPublished Path
[22m[39m[FilesContext] Vector store population complete - 3 total embeddings
[90mstdout[2m | src/components/Editor3/components/ImageComponent.stories.jsx[2m > [22m[2mPublished Path
[22m[39m[ChatContext] Chat exists and not archived, skipping creation
 [32m✓[39m [30m[45m storybook (chromium) [49m[39m src/components/Editor3/components/ImageComponent.stories.jsx [2m([22m[2m3 tests[22m[2m)[22m[32m 283[2mms[22m[39m
[90mstdout[2m | unknown test
[22m[39m[MOCK vectorStoreDB.js] Module loaded - mock IndexedDB operations
[90mstdout[2m | unknown test
[22m[39m[Task Completion] DOM action listeners initialized
[90mstdout[2m | unknown test
[22m[39m[Task Completion] Auto-completion detector initialized
[90mstdout[2m | unknown test
[22m[39m[Preview] Task completion detector initialized
[90mstdout[2m | src/components/Workbook/BlockHistoryTimeline.stories.tsx[2m > [22m[2mHistory Story
[22m[39m[MOCK CourseVectorStore] Initialized with mock data
[90mstdout[2m | src/components/Workbook/BlockHistoryTimeline.stories.tsx[2m > [22m[2mHistory Story
[22m[39m[TranslationModeController] Setting mode to: off
[90mstdout[2m | src/components/Workbook/BlockHistoryTimeline.stories.tsx[2m > [22m[2mHistory Story
[22m[39m[UnitContext] useEffect triggered {
  "authLoading": false,
  "hasUser": true,
  "id": "mock-unit-id",
  "userSub": "mock-user-sub",
}
[90mstdout[2m | src/components/Workbook/BlockHistoryTimeline.stories.tsx[2m > [22m[2mHistory Story
[22m[39m[UnitContext] Fetching unit data for id: mock-unit-id
[90mstdout[2m | src/components/Workbook/BlockHistoryTimeline.stories.tsx[2m > [22m[2mHistory Story
[22m[39m[FilesContext] Initializing vector store from IndexedDB
[90mstdout[2m | src/components/Workbook/BlockHistoryTimeline.stories.tsx[2m > [22m[2mHistory Story
[22m[39m[FilesContext] fetchFiles called
[90mstdout[2m | src/components/Workbook/BlockHistoryTimeline.stories.tsx[2m > [22m[2mHistory Story
[22m[39m[FilesContext] User authenticated: mock-user-sub
[90mstdout[2m | src/components/Workbook/BlockHistoryTimeline.stories.tsx[2m > [22m[2mHistory Story
[22m[39m[FilesContext] Identity ID: us-east-1:mock-identity-123
[90mstdout[2m | src/components/Workbook/BlockHistoryTimeline.stories.tsx[2m > [22m[2mHistory Story
[22m[39m[FilesContext] About to set up File observeQuery
[90mstdout[2m | src/components/Workbook/BlockHistoryTimeline.stories.tsx[2m > [22m[2mHistory Story
[22m[39m[ChatContext] Setting up AssistantChat observeQuery
[90mstdout[2m | src/components/Workbook/BlockHistoryTimeline.stories.tsx[2m > [22m[2mHistory Story
[22m[39m[ChatContext] Waiting for subscription to initialize
[90mstdout[2m | src/components/Workbook/BlockHistoryTimeline.stories.tsx[2m > [22m[2mHistory Story
[22m[39m[SettingsContext] Setting up Settings subscription for user: mock-user-sub
[90mstdout[2m | src/components/Workbook/BlockHistoryTimeline.stories.tsx[2m > [22m[2mHistory Story
[22m[39m[Mock Data] Settings created: mock-settings-1790419064118 - notified 0 subscribers
[90mstdout[2m | src/components/Workbook/BlockHistoryTimeline.stories.tsx[2m > [22m[2mHistory Story
[22m[39m[Mock Data] Unit.onUpdate() subscription added. Total: 1
[90mstdout[2m | src/components/Workbook/BlockHistoryTimeline.stories.tsx[2m > [22m[2mHistory Story
[22m[39m[SectionContext] Section observeQuery update: 0
[90mstdout[2m | src/components/Workbook/BlockHistoryTimeline.stories.tsx[2m > [22m[2mHistory Story
[22m[39m[FilesContext] File observeQuery update: 6 files
[90mstdout[2m | src/components/Workbook/BlockHistoryTimeline.stories.tsx[2m > [22m[2mHistory Story
[22m[39m[ChatContext] AssistantChat initialized with 1 chats
[90mstdout[2m | src/components/Workbook/BlockHistoryTimeline.stories.tsx[2m > [22m[2mHistory Story
[22m[39m[ChatContext] Setting initial chat: mock-assistant-chat-1
[90mstdout[2m | src/components/Workbook/BlockHistoryTimeline.stories.tsx[2m > [22m[2mHistory Story
[22m[39m[MOCK CourseVectorStore] Initialized with mock data
[90mstdout[2m | src/components/Workbook/BlockHistoryTimeline.stories.tsx[2m > [22m[2mHistory Story
[22m[39m[FilesContext] Vector store population triggered {
  "currentVectorStoreSize": 3,
  "documentsCount": 0,
  "filesCount": 6,
  "isInitialLoad": true,
}
[90mstdout[2m | src/components/Workbook/BlockHistoryTimeline.stories.tsx[2m > [22m[2mHistory Story
[22m[39m[FilesContext] Vector store population complete - 3 total embeddings
[90mstdout[2m | src/components/Workbook/BlockHistoryTimeline.stories.tsx[2m > [22m[2mHistory Story
[22m[39m[ChatContext] Chat exists and not archived, skipping creation
[90mstdout[2m | src/components/Workbook/BlockHistoryTimeline.stories.tsx[2m > [22m[2mHistory Story
[22m[39m[Mock Storage] downloadData called with: undefined
[90mstdout[2m | src/components/Workbook/BlockHistoryTimeline.stories.tsx[2m > [22m[2mHistory Empty
[22m[39m[ChatContext] Cleaning up subscriptions
[90mstdout[2m | src/components/Workbook/BlockHistoryTimeline.stories.tsx[2m > [22m[2mHistory Empty
[22m[39m[Mock Data] Unit.onUpdate() subscription removed. Remaining: 0
[90mstdout[2m | src/components/Workbook/BlockHistoryTimeline.stories.tsx[2m > [22m[2mHistory Empty
[22m[39m[MOCK CourseVectorStore] Initialized with mock data
[90mstdout[2m | src/components/Workbook/BlockHistoryTimeline.stories.tsx[2m > [22m[2mHistory Empty
[22m[39m[TranslationModeController] Setting mode to: off
[90mstdout[2m | src/components/Workbook/BlockHistoryTimeline.stories.tsx[2m > [22m[2mHistory Empty
[22m[39m[UnitContext] useEffect triggered {
  "authLoading": false,
  "hasUser": true,
  "id": "mock-unit-id",
  "userSub": "mock-user-sub",
}
[90mstdout[2m | src/components/Workbook/BlockHistoryTimeline.stories.tsx[2m > [22m[2mHistory Empty
[22m[39m[UnitContext] Fetching unit data for id: mock-unit-id
[90mstdout[2m | src/components/Workbook/BlockHistoryTimeline.stories.tsx[2m > [22m[2mHistory Empty
[22m[39m[FilesContext] Initializing vector store from IndexedDB
[90mstdout[2m | src/components/Workbook/BlockHistoryTimeline.stories.tsx[2m > [22m[2mHistory Empty
[22m[39m[FilesContext] fetchFiles called
[90mstdout[2m | src/components/Workbook/BlockHistoryTimeline.stories.tsx[2m > [22m[2mHistory Empty
[22m[39m[FilesContext] User authenticated: mock-user-sub
[90mstdout[2m | src/components/Workbook/BlockHistoryTimeline.stories.tsx[2m > [22m[2mHistory Empty
[22m[39m[FilesContext] Identity ID: us-east-1:mock-identity-123
[90mstdout[2m | src/components/Workbook/BlockHistoryTimeline.stories.tsx[2m > [22m[2mHistory Empty
[22m[39m[FilesContext] About to set up File observeQuery
[90mstdout[2m | src/components/Workbook/BlockHistoryTimeline.stories.tsx[2m > [22m[2mHistory Empty
[22m[39m[ChatContext] Setting up AssistantChat observeQuery
[90mstdout[2m | src/components/Workbook/BlockHistoryTimeline.stories.tsx[2m > [22m[2mHistory Empty
[22m[39m[ChatContext] Waiting for subscription to initialize
[90mstdout[2m | src/components/Workbook/BlockHistoryTimeline.stories.tsx[2m > [22m[2mHistory Empty
[22m[39m[SettingsContext] Setting up Settings subscription for user: mock-user-sub
[90mstdout[2m | src/components/Workbook/BlockHistoryTimeline.stories.tsx[2m > [22m[2mHistory Empty
[22m[39m[Mock Data] Settings created: mock-settings-1790419064263 - notified 0 subscribers
[90mstdout[2m | src/components/Workbook/BlockHistoryTimeline.stories.tsx[2m > [22m[2mHistory Empty
[22m[39m[Mock Data] Unit.onUpdate() subscription added. Total: 1
[90mstdout[2m | src/components/Workbook/BlockHistoryTimeline.stories.tsx[2m > [22m[2mHistory Empty
[22m[39m[SectionContext] Section observeQuery update: 0
[90mstdout[2m | src/components/Workbook/BlockHistoryTimeline.stories.tsx[2m > [22m[2mHistory Empty
[22m[39m[FilesContext] File observeQuery update: 6 files
[90mstdout[2m | src/components/Workbook/BlockHistoryTimeline.stories.tsx[2m > [22m[2mHistory Empty
[22m[39m[ChatContext] AssistantChat initialized with 1 chats
[90mstdout[2m | src/components/Workbook/BlockHistoryTimeline.stories.tsx[2m > [22m[2mHistory Empty
[22m[39m[ChatContext] Setting initial chat: mock-assistant-chat-1
[90mstdout[2m | src/components/Workbook/BlockHistoryTimeline.stories.tsx[2m > [22m[2mHistory Empty
[22m[39m[Mock Storage] downloadData called with: undefined
[90mstdout[2m | src/components/Workbook/BlockHistoryTimeline.stories.tsx[2m > [22m[2mHistory Empty
[22m[39m[MOCK CourseVectorStore] Initialized with mock data
[90mstdout[2m | src/components/Workbook/BlockHistoryTimeline.stories.tsx[2m > [22m[2mHistory Empty
[22m[39m[FilesContext] Vector store population triggered {
  "currentVectorStoreSize": 3,
  "documentsCount": 0,
  "filesCount": 6,
  "isInitialLoad": true,
}
[90mstdout[2m | src/components/Workbook/BlockHistoryTimeline.stories.tsx[2m > [22m[2mHistory Empty
[22m[39m[FilesContext] Vector store population complete - 3 total embeddings
[90mstdout[2m | src/components/Workbook/BlockHistoryTimeline.stories.tsx[2m > [22m[2mHistory Empty
[22m[39m[ChatContext] Chat exists and not archived, skipping creation
 [32m✓[39m [30m[45m storybook (chromium) [49m[39m src/components/Workbook/BlockHistoryTimeline.stories.tsx [2m([22m[2m2 tests[22m[2m)[22m[32m 263[2mms[22m[39m
[90mstdout[2m | unknown test
[22m[39m[MOCK vectorStoreDB.js] Module loaded - mock IndexedDB operations
[90mstdout[2m | unknown test
[22m[39m[Task Completion] DOM action listeners initialized
[90mstdout[2m | unknown test
[22m[39m[Task Completion] Auto-completion detector initialized
[90mstdout[2m | unknown test
[22m[39m[Preview] Task completion detector initialized
[90mstdout[2m | src/components/Editor3/plugins/DragDropPastePlugin.stories.jsx[2m > [22m[2mEditable Empty
[22m[39m[Preview] Skipped initializing default mock data (initializeMockData=false)
[90mstdout[2m | src/components/Editor3/plugins/DragDropPastePlugin.stories.jsx[2m > [22m[2mEditable Empty
[22m[39m[Mock Data] seedMockUnit: Adding unit drag-drop-story-unit
[90mstdout[2m | src/components/Editor3/plugins/DragDropPastePlugin.stories.jsx[2m > [22m[2mEditable Empty
[22m[39m[MOCK CourseVectorStore] Initialized with mock data
[90mstdout[2m | src/components/Editor3/plugins/DragDropPastePlugin.stories.jsx[2m > [22m[2mEditable Empty
[22m[39m[TranslationModeController] Setting mode to: off
[90mstdout[2m | src/components/Editor3/plugins/DragDropPastePlugin.stories.jsx[2m > [22m[2mEditable Empty
[22m[39m[UnitContext] useEffect triggered {
  "authLoading": false,
  "hasUser": true,
  "id": "drag-drop-story-unit",
  "userSub": "mock-user-sub",
}
[90mstdout[2m | src/components/Editor3/plugins/DragDropPastePlugin.stories.jsx[2m > [22m[2mEditable Empty
[22m[39m[UnitContext] Fetching unit data for id: drag-drop-story-unit
[90mstdout[2m | src/components/Editor3/plugins/DragDropPastePlugin.stories.jsx[2m > [22m[2mEditable Empty
[22m[39m[FilesContext] Initializing vector store from IndexedDB
[90mstdout[2m | src/components/Editor3/plugins/DragDropPastePlugin.stories.jsx[2m > [22m[2mEditable Empty
[22m[39m[FilesContext] fetchFiles called
[90mstdout[2m | src/components/Editor3/plugins/DragDropPastePlugin.stories.jsx[2m > [22m[2mEditable Empty
[22m[39m[FilesContext] User authenticated: mock-user-sub
[90mstdout[2m | src/components/Editor3/plugins/DragDropPastePlugin.stories.jsx[2m > [22m[2mEditable Empty
[22m[39m[FilesContext] Identity ID: us-east-1:mock-identity-123
[90mstdout[2m | src/components/Editor3/plugins/DragDropPastePlugin.stories.jsx[2m > [22m[2mEditable Empty
[22m[39m[FilesContext] About to set up File observeQuery
[90mstdout[2m | src/components/Editor3/plugins/DragDropPastePlugin.stories.jsx[2m > [22m[2mEditable Empty
[22m[39m[ChatContext] Setting up AssistantChat observeQuery
[90mstdout[2m | src/components/Editor3/plugins/DragDropPastePlugin.stories.jsx[2m > [22m[2mEditable Empty
[22m[39m[ChatContext] Waiting for subscription to initialize
[90mstdout[2m | src/components/Editor3/plugins/DragDropPastePlugin.stories.jsx[2m > [22m[2mEditable Empty
[22m[39m[SettingsContext] Setting up Settings subscription for user: mock-user-sub
[90mstdout[2m | src/components/Editor3/plugins/DragDropPastePlugin.stories.jsx[2m > [22m[2mEditable Empty
[22m[39m[Mock Data] Settings created: mock-settings-1790419064798 - notified 0 subscribers
[90mstdout[2m | src/components/Editor3/plugins/DragDropPastePlugin.stories.jsx[2m > [22m[2mEditable Empty
[22m[39m[Mock Data] Unit.onUpdate() subscription added. Total: 1
[90mstdout[2m | src/components/Editor3/plugins/DragDropPastePlugin.stories.jsx[2m > [22m[2mEditable Empty
[22m[39m[SectionContext] Section observeQuery update: 0
[90mstdout[2m | src/components/Editor3/plugins/DragDropPastePlugin.stories.jsx[2m > [22m[2mEditable Empty
[22m[39m[FilesContext] File observeQuery update: 0 files
[90mstdout[2m | src/components/Editor3/plugins/DragDropPastePlugin.stories.jsx[2m > [22m[2mEditable Empty
[22m[39m[ChatContext] AssistantChat initialized with 0 chats
[90mstdout[2m | src/components/Editor3/plugins/DragDropPastePlugin.stories.jsx[2m > [22m[2mEditable Empty
[22m[39m[MOCK CourseVectorStore] Initialized with mock data
[90mstdout[2m | src/components/Editor3/plugins/DragDropPastePlugin.stories.jsx[2m > [22m[2mEditable Empty
[22m[39m[ChatContext] No current chat available, will create one
[90mstdout[2m | src/components/Editor3/plugins/DragDropPastePlugin.stories.jsx[2m > [22m[2mEditable Empty
[22m[39m[ChatContext] Creating AssistantChat with user: undefined
[90mstdout[2m | src/components/Editor3/plugins/DragDropPastePlugin.stories.jsx[2m > [22m[2mEditable Empty
[22m[39m[Mock Data] AssistantChat created: mock-assistantchat-1790419064817 - notified 1 subscribers
[90mstdout[2m | src/components/Editor3/plugins/DragDropPastePlugin.stories.jsx[2m > [22m[2mEditable Empty
[22m[39m[ChatContext] Create result: {
  "data": {
    "_version": 1,
    "archived": false,
    "chatFiles": [Function anonymous],
    "createdAt": "2026-09-26T10:37:44.817Z",
    "id": "mock-assistantchat-1790419064817",
    "model": "gpt-4",
    "updatedAt": "2026-09-26T10:37:44.817Z",
  },
  "errors": [],
  "hasData": true,
  "hasErrors": true,
}
[90mstdout[2m | src/components/Editor3/plugins/DragDropPastePlugin.stories.jsx[2m > [22m[2mEditable Empty
[22m[39m[ChatContext] Created AssistantChat: mock-assistantchat-1790419064817 at: 2026-09-26T10:37:44.817Z
[90mstdout[2m | src/components/Editor3/plugins/DragDropPastePlugin.stories.jsx[2m > [22m[2mEditable Empty
[22m[39m[Mock Storage] downloadData called with: undefined
[90mstdout[2m | src/components/Editor3/plugins/DragDropPastePlugin.stories.jsx[2m > [22m[2mEditable Empty
[22m[39m[ChatContext] Setting initial chat: mock-assistantchat-1790419064817
[90mstdout[2m | src/components/Editor3/plugins/DragDropPastePlugin.stories.jsx[2m > [22m[2mEditable Empty
[22m[39m[ChatContext] Chat exists and not archived, skipping creation
[90mstdout[2m | src/components/Editor3/plugins/DragDropPastePlugin.stories.jsx[2m > [22m[2mEditable With Instructions
[22m[39m[ChatContext] Cleaning up subscriptions
[90mstdout[2m | src/components/Editor3/plugins/DragDropPastePlugin.stories.jsx[2m > [22m[2mEditable With Instructions
[22m[39m[Mock Data] Unit.onUpdate() subscription removed. Remaining: 0
[90mstdout[2m | src/components/Editor3/plugins/DragDropPastePlugin.stories.jsx[2m > [22m[2mEditable With Instructions
[22m[39m[Preview] Skipped initializing default mock data (initializeMockData=false)
[90mstdout[2m | src/components/Editor3/plugins/DragDropPastePlugin.stories.jsx[2m > [22m[2mEditable With Instructions
[22m[39m[Mock Data] seedMockUnit: Adding unit drag-drop-story-unit
[90mstdout[2m | src/components/Editor3/plugins/DragDropPastePlugin.stories.jsx[2m > [22m[2mEditable With Instructions
[22m[39m[MOCK CourseVectorStore] Initialized with mock data
[90mstdout[2m | src/components/Editor3/plugins/DragDropPastePlugin.stories.jsx[2m > [22m[2mEditable With Instructions
[22m[39m[TranslationModeController] Setting mode to: off
[90mstdout[2m | src/components/Editor3/plugins/DragDropPastePlugin.stories.jsx[2m > [22m[2mEditable With Instructions
[22m[39m[UnitContext] useEffect triggered {
  "authLoading": false,
  "hasUser": true,
  "id": "drag-drop-story-unit",
  "userSub": "mock-user-sub",
}
[90mstdout[2m | src/components/Editor3/plugins/DragDropPastePlugin.stories.jsx[2m > [22m[2mEditable With Instructions
[22m[39m[UnitContext] Fetching unit data for id: drag-drop-story-unit
[90mstdout[2m | src/components/Editor3/plugins/DragDropPastePlugin.stories.jsx[2m > [22m[2mEditable With Instructions
[22m[39m[FilesContext] Initializing vector store from IndexedDB
[90mstdout[2m | src/components/Editor3/plugins/DragDropPastePlugin.stories.jsx[2m > [22m[2mEditable With Instructions
[22m[39m[FilesContext] fetchFiles called
[90mstdout[2m | src/components/Editor3/plugins/DragDropPastePlugin.stories.jsx[2m > [22m[2mEditable With Instructions
[22m[39m[FilesContext] User authenticated: mock-user-sub
[90mstdout[2m | src/components/Editor3/plugins/DragDropPastePlugin.stories.jsx[2m > [22m[2mEditable With Instructions
[22m[39m[FilesContext] Identity ID: us-east-1:mock-identity-123
[90mstdout[2m | src/components/Editor3/plugins/DragDropPastePlugin.stories.jsx[2m > [22m[2mEditable With Instructions
[22m[39m[FilesContext] About to set up File observeQuery
[90mstdout[2m | src/components/Editor3/plugins/DragDropPastePlugin.stories.jsx[2m > [22m[2mEditable With Instructions
[22m[39m[ChatContext] Setting up AssistantChat observeQuery
[90mstdout[2m | src/components/Editor3/plugins/DragDropPastePlugin.stories.jsx[2m > [22m[2mEditable With Instructions
[22m[39m[ChatContext] Waiting for subscription to initialize
[90mstdout[2m | src/components/Editor3/plugins/DragDropPastePlugin.stories.jsx[2m > [22m[2mEditable With Instructions
[22m[39m[SettingsContext] Setting up Settings subscription for user: mock-user-sub
[90mstdout[2m | src/components/Editor3/plugins/DragDropPastePlugin.stories.jsx[2m > [22m[2mEditable With Instructions
[22m[39m[Mock Data] Settings created: mock-settings-1790419064970 - notified 0 subscribers
[90mstdout[2m | src/components/Editor3/plugins/DragDropPastePlugin.stories.jsx[2m > [22m[2mEditable With Instructions
[22m[39m[Mock Data] Unit.onUpdate() subscription added. Total: 1
[90mstdout[2m | src/components/Editor3/plugins/DragDropPastePlugin.stories.jsx[2m > [22m[2mEditable With Instructions
[22m[39m[SectionContext] Section observeQuery update: 0
[90mstdout[2m | src/components/Editor3/plugins/DragDropPastePlugin.stories.jsx[2m > [22m[2mEditable With Instructions
[22m[39m[FilesContext] File observeQuery update: 0 files
[90mstdout[2m | src/components/Editor3/plugins/DragDropPastePlugin.stories.jsx[2m > [22m[2mEditable With Instructions
[22m[39m[Mock Storage] downloadData called with: undefined
[90mstdout[2m | src/components/Editor3/plugins/DragDropPastePlugin.stories.jsx[2m > [22m[2mEditable With Instructions
[22m[39m[MOCK CourseVectorStore] Initialized with mock data
[90mstdout[2m | src/components/Editor3/plugins/DragDropPastePlugin.stories.jsx[2m > [22m[2mEditable With Instructions
[22m[39m[ChatContext] AssistantChat initialized with 0 chats
[90mstdout[2m | src/components/Editor3/plugins/DragDropPastePlugin.stories.jsx[2m > [22m[2mEditable With Instructions
[22m[39m[ChatContext] No current chat available, will create one
[90mstdout[2m | src/components/Editor3/plugins/DragDropPastePlugin.stories.jsx[2m > [22m[2mEditable With Instructions
[22m[39m[ChatContext] Creating AssistantChat with user: undefined
[90mstdout[2m | src/components/Editor3/plugins/DragDropPastePlugin.stories.jsx[2m > [22m[2mEditable With Instructions
[22m[39m[Mock Data] AssistantChat created: mock-assistantchat-1790419064981 - notified 1 subscribers
[90mstdout[2m | src/components/Editor3/plugins/DragDropPastePlugin.stories.jsx[2m > [22m[2mEditable With Instructions
[22m[39m[ChatContext] Create result: {
  "data": {
    "_version": 1,
    "archived": false,
    "chatFiles": [Function anonymous],
    "createdAt": "2026-09-26T10:37:44.981Z",
    "id": "mock-assistantchat-1790419064981",
    "model": "gpt-4",
    "updatedAt": "2026-09-26T10:37:44.981Z",
  },
  "errors": [],
  "hasData": true,
  "hasErrors": true,
}
[90mstdout[2m | src/components/Editor3/plugins/DragDropPastePlugin.stories.jsx[2m > [22m[2mEditable With Instructions
[22m[39m[ChatContext] Created AssistantChat: mock-assistantchat-1790419064981 at: 2026-09-26T10:37:44.981Z
[90mstdout[2m | src/components/Editor3/plugins/DragDropPastePlugin.stories.jsx[2m > [22m[2mEditable With Instructions
[22m[39m[ChatContext] Setting initial chat: mock-assistantchat-1790419064981
[90mstdout[2m | src/components/Editor3/plugins/DragDropPastePlugin.stories.jsx[2m > [22m[2mEditable With Instructions
[22m[39m[ChatContext] Chat exists and not archived, skipping creation
 [32m✓[39m [30m[45m storybook (chromium) [49m[39m src/components/Editor3/plugins/DragDropPastePlugin.stories.jsx [2m([22m[2m2 tests[22m[2m)[22m[33m 304[2mms[22m[39m
[90mstdout[2m | unknown test
[22m[39m[MOCK vectorStoreDB.js] Module loaded - mock IndexedDB operations
[90mstdout[2m | unknown test
[22m[39m[Task Completion] DOM action listeners initialized
[90mstdout[2m | unknown test
[22m[39m[Task Completion] Auto-completion detector initialized
[90mstdout[2m | unknown test
[22m[39m[Preview] Task completion detector initialized
[90mstdout[2m | src/stories/Button.stories.ts[2m > [22m[2mPrimary
[22m[39m[TranslationModeController] Setting mode to: off
[90mstdout[2m | src/stories/Button.stories.ts[2m > [22m[2mSecondary
[22m[39m[TranslationModeController] Setting mode to: off
[90mstdout[2m | src/stories/Button.stories.ts[2m > [22m[2mLarge
[22m[39m[TranslationModeController] Setting mode to: off
[90mstdout[2m | src/stories/Button.stories.ts[2m > [22m[2mSmall
[22m[39m[TranslationModeController] Setting mode to: off
 [32m✓[39m [30m[45m storybook (chromium) [49m[39m src/stories/Button.stories.ts [2m([22m[2m4 tests[22m[2m)[22m[32m 271[2mms[22m[39m
[90mstdout[2m | unknown test
[22m[39m[MOCK vectorStoreDB.js] Module loaded - mock IndexedDB operations
[90mstdout[2m | unknown test
[22m[39m[Task Completion] DOM action listeners initialized
[90mstdout[2m | unknown test
[22m[39m[Task Completion] Auto-completion detector initialized
[90mstdout[2m | unknown test
[22m[39m[Preview] Task completion detector initialized
[90mstdout[2m | src/components/Editor3/plugins/AutoEmbedPlugin.stories.jsx[2m > [22m[2mEditable Empty
[22m[39m[Preview] Skipped initializing default mock data (initializeMockData=false)
[90mstdout[2m | src/components/Editor3/plugins/AutoEmbedPlugin.stories.jsx[2m > [22m[2mEditable Empty
[22m[39m[Mock Data] seedMockUnit: Adding unit auto-embed-story-unit
[90mstdout[2m | src/components/Editor3/plugins/AutoEmbedPlugin.stories.jsx[2m > [22m[2mEditable Empty
[22m[39m[MOCK CourseVectorStore] Initialized with mock data
[90mstdout[2m | src/components/Editor3/plugins/AutoEmbedPlugin.stories.jsx[2m > [22m[2mEditable Empty
[22m[39m[TranslationModeController] Setting mode to: off
[90mstdout[2m | src/components/Editor3/plugins/AutoEmbedPlugin.stories.jsx[2m > [22m[2mEditable Empty
[22m[39m[UnitContext] useEffect triggered {
  "authLoading": false,
  "hasUser": true,
  "id": "auto-embed-story-unit",
  "userSub": "mock-user-sub",
}
[90mstdout[2m | src/components/Editor3/plugins/AutoEmbedPlugin.stories.jsx[2m > [22m[2mEditable Empty
[22m[39m[UnitContext] Fetching unit data for id: auto-embed-story-unit
[90mstdout[2m | src/components/Editor3/plugins/AutoEmbedPlugin.stories.jsx[2m > [22m[2mEditable Empty
[22m[39m[FilesContext] Initializing vector store from IndexedDB
[90mstdout[2m | src/components/Editor3/plugins/AutoEmbedPlugin.stories.jsx[2m > [22m[2mEditable Empty
[22m[39m[FilesContext] fetchFiles called
[90mstdout[2m | src/components/Editor3/plugins/AutoEmbedPlugin.stories.jsx[2m > [22m[2mEditable Empty
[22m[39m[FilesContext] User authenticated: mock-user-sub
[90mstdout[2m | src/components/Editor3/plugins/AutoEmbedPlugin.stories.jsx[2m > [22m[2mEditable Empty
[22m[39m[FilesContext] Identity ID: us-east-1:mock-identity-123
[90mstdout[2m | src/components/Editor3/plugins/AutoEmbedPlugin.stories.jsx[2m > [22m[2mEditable Empty
[22m[39m[FilesContext] About to set up File observeQuery
[90mstdout[2m | src/components/Editor3/plugins/AutoEmbedPlugin.stories.jsx[2m > [22m[2mEditable Empty
[22m[39m[ChatContext] Setting up AssistantChat observeQuery
[90mstdout[2m | src/components/Editor3/plugins/AutoEmbedPlugin.stories.jsx[2m > [22m[2mEditable Empty
[22m[39m[ChatContext] Waiting for subscription to initialize
[90mstdout[2m | src/components/Editor3/plugins/AutoEmbedPlugin.stories.jsx[2m > [22m[2mEditable Empty
[22m[39m[SettingsContext] Setting up Settings subscription for user: mock-user-sub
[90mstdout[2m | src/components/Editor3/plugins/AutoEmbedPlugin.stories.jsx[2m > [22m[2mEditable Empty
[22m[39m[Mock Data] Settings created: mock-settings-1790419069208 - notified 0 subscribers
[90mstdout[2m | src/components/Editor3/plugins/AutoEmbedPlugin.stories.jsx[2m > [22m[2mEditable Empty
[22m[39m[Mock Data] Unit.onUpdate() subscription added. Total: 1
[90mstdout[2m | src/components/Editor3/plugins/AutoEmbedPlugin.stories.jsx[2m > [22m[2mEditable Empty
[22m[39m[SectionContext] Section observeQuery update: 0
[90mstdout[2m | src/components/Editor3/plugins/AutoEmbedPlugin.stories.jsx[2m > [22m[2mEditable Empty
[22m[39m[FilesContext] File observeQuery update: 0 files
[90mstdout[2m | src/components/Editor3/plugins/AutoEmbedPlugin.stories.jsx[2m > [22m[2mEditable Empty
[22m[39m[ChatContext] AssistantChat initialized with 0 chats
[90mstdout[2m | src/components/Editor3/plugins/AutoEmbedPlugin.stories.jsx[2m > [22m[2mEditable Empty
[22m[39m[Mock Storage] downloadData called with: undefined
[90mstdout[2m | src/components/Editor3/plugins/AutoEmbedPlugin.stories.jsx[2m > [22m[2mEditable Empty
[22m[39m[MOCK CourseVectorStore] Initialized with mock data
[90mstdout[2m | src/components/Editor3/plugins/AutoEmbedPlugin.stories.jsx[2m > [22m[2mEditable Empty
[22m[39m[ChatContext] No current chat available, will create one
[90mstdout[2m | src/components/Editor3/plugins/AutoEmbedPlugin.stories.jsx[2m > [22m[2mEditable Empty
[22m[39m[ChatContext] Creating AssistantChat with user: undefined
[90mstdout[2m | src/components/Editor3/plugins/AutoEmbedPlugin.stories.jsx[2m > [22m[2mEditable Empty
[22m[39m[Mock Data] AssistantChat created: mock-assistantchat-1790419069219 - notified 1 subscribers
[90mstdout[2m | src/components/Editor3/plugins/AutoEmbedPlugin.stories.jsx[2m > [22m[2mEditable Empty
[22m[39m[ChatContext] Create result: {
  "data": {
    "_version": 1,
    "archived": false,
    "chatFiles": [Function anonymous],
    "createdAt": "2026-09-26T10:37:49.219Z",
    "id": "mock-assistantchat-1790419069219",
    "model": "gpt-4",
    "updatedAt": "2026-09-26T10:37:49.219Z",
  },
  "errors": [],
  "hasData": true,
  "hasErrors": true,
}
[90mstdout[2m | src/components/Editor3/plugins/AutoEmbedPlugin.stories.jsx[2m > [22m[2mEditable Empty
[22m[39m[ChatContext] Created AssistantChat: mock-assistantchat-1790419069219 at: 2026-09-26T10:37:49.219Z
[90mstdout[2m | src/components/Editor3/plugins/AutoEmbedPlugin.stories.jsx[2m > [22m[2mEditable Empty
[22m[39m[ChatContext] Setting initial chat: mock-assistantchat-1790419069219
[90mstdout[2m | src/components/Editor3/plugins/AutoEmbedPlugin.stories.jsx[2m > [22m[2mEditable Empty
[22m[39m[ChatContext] Chat exists and not archived, skipping creation
[90mstdout[2m | src/components/Editor3/plugins/AutoEmbedPlugin.stories.jsx[2m > [22m[2mEditable With Instructions
[22m[39m[ChatContext] Cleaning up subscriptions
[90mstdout[2m | src/components/Editor3/plugins/AutoEmbedPlugin.stories.jsx[2m > [22m[2mEditable With Instructions
[22m[39m[Mock Data] Unit.onUpdate() subscription removed. Remaining: 0
[90mstdout[2m | src/components/Editor3/plugins/AutoEmbedPlugin.stories.jsx[2m > [22m[2mEditable With Instructions
[22m[39m[Preview] Skipped initializing default mock data (initializeMockData=false)
[90mstdout[2m | src/components/Editor3/plugins/AutoEmbedPlugin.stories.jsx[2m > [22m[2mEditable With Instructions
[22m[39m[Mock Data] seedMockUnit: Adding unit auto-embed-story-unit
[90mstdout[2m | src/components/Editor3/plugins/AutoEmbedPlugin.stories.jsx[2m > [22m[2mEditable With Instructions
[22m[39m[MOCK CourseVectorStore] Initialized with mock data
[90mstdout[2m | src/components/Editor3/plugins/AutoEmbedPlugin.stories.jsx[2m > [22m[2mEditable With Instructions
[22m[39m[TranslationModeController] Setting mode to: off
[90mstdout[2m | src/components/Editor3/plugins/AutoEmbedPlugin.stories.jsx[2m > [22m[2mEditable With Instructions
[22m[39m[UnitContext] useEffect triggered {
  "authLoading": false,
  "hasUser": true,
  "id": "auto-embed-story-unit",
  "userSub": "mock-user-sub",
}
[90mstdout[2m | src/components/Editor3/plugins/AutoEmbedPlugin.stories.jsx[2m > [22m[2mEditable With Instructions
[22m[39m[UnitContext] Fetching unit data for id: auto-embed-story-unit
[90mstdout[2m | src/components/Editor3/plugins/AutoEmbedPlugin.stories.jsx[2m > [22m[2mEditable With Instructions
[22m[39m[FilesContext] Initializing vector store from IndexedDB
[90mstdout[2m | src/components/Editor3/plugins/AutoEmbedPlugin.stories.jsx[2m > [22m[2mEditable With Instructions
[22m[39m[FilesContext] fetchFiles called
[90mstdout[2m | src/components/Editor3/plugins/AutoEmbedPlugin.stories.jsx[2m > [22m[2mEditable With Instructions
[22m[39m[FilesContext] User authenticated: mock-user-sub
[90mstdout[2m | src/components/Editor3/plugins/AutoEmbedPlugin.stories.jsx[2m > [22m[2mEditable With Instructions
[22m[39m[FilesContext] Identity ID: us-east-1:mock-identity-123
[90mstdout[2m | src/components/Editor3/plugins/AutoEmbedPlugin.stories.jsx[2m > [22m[2mEditable With Instructions
[22m[39m[FilesContext] About to set up File observeQuery
[90mstdout[2m | src/components/Editor3/plugins/AutoEmbedPlugin.stories.jsx[2m > [22m[2mEditable With Instructions
[22m[39m[ChatContext] Setting up AssistantChat observeQuery
[90mstdout[2m | src/components/Editor3/plugins/AutoEmbedPlugin.stories.jsx[2m > [22m[2mEditable With Instructions
[22m[39m[ChatContext] Waiting for subscription to initialize
[90mstdout[2m | src/components/Editor3/plugins/AutoEmbedPlugin.stories.jsx[2m > [22m[2mEditable With Instructions
[22m[39m[SettingsContext] Setting up Settings subscription for user: mock-user-sub
[90mstdout[2m | src/components/Editor3/plugins/AutoEmbedPlugin.stories.jsx[2m > [22m[2mEditable With Instructions
[22m[39m[Mock Data] Settings created: mock-settings-1790419069368 - notified 0 subscribers
[90mstdout[2m | src/components/Editor3/plugins/AutoEmbedPlugin.stories.jsx[2m > [22m[2mEditable With Instructions
[22m[39m[Mock Data] Unit.onUpdate() subscription added. Total: 1
[90mstdout[2m | src/components/Editor3/plugins/AutoEmbedPlugin.stories.jsx[2m > [22m[2mEditable With Instructions
[22m[39m[SectionContext] Section observeQuery update: 0
[90mstdout[2m | src/components/Editor3/plugins/AutoEmbedPlugin.stories.jsx[2m > [22m[2mEditable With Instructions
[22m[39m[Mock Storage] downloadData called with: undefined
[90mstdout[2m | src/components/Editor3/plugins/AutoEmbedPlugin.stories.jsx[2m > [22m[2mEditable With Instructions
[22m[39m[FilesContext] File observeQuery update: 0 files
[90mstdout[2m | src/components/Editor3/plugins/AutoEmbedPlugin.stories.jsx[2m > [22m[2mEditable With Instructions
[22m[39m[ChatContext] AssistantChat initialized with 0 chats
[90mstdout[2m | src/components/Editor3/plugins/AutoEmbedPlugin.stories.jsx[2m > [22m[2mEditable With Instructions
[22m[39m[MOCK CourseVectorStore] Initialized with mock data
[90mstdout[2m | src/components/Editor3/plugins/AutoEmbedPlugin.stories.jsx[2m > [22m[2mEditable With Instructions
[22m[39m[ChatContext] No current chat available, will create one
[90mstdout[2m | src/components/Editor3/plugins/AutoEmbedPlugin.stories.jsx[2m > [22m[2mEditable With Instructions
[22m[39m[ChatContext] Creating AssistantChat with user: undefined
[90mstdout[2m | src/components/Editor3/plugins/AutoEmbedPlugin.stories.jsx[2m > [22m[2mEditable With Instructions
[22m[39m[Mock Data] AssistantChat created: mock-assistantchat-1790419069377 - notified 1 subscribers
[90mstdout[2m | src/components/Editor3/plugins/AutoEmbedPlugin.stories.jsx[2m > [22m[2mEditable With Instructions
[22m[39m[ChatContext] Create result: {
  "data": {
    "_version": 1,
    "archived": false,
    "chatFiles": [Function anonymous],
    "createdAt": "2026-09-26T10:37:49.377Z",
    "id": "mock-assistantchat-1790419069377",
    "model": "gpt-4",
    "updatedAt": "2026-09-26T10:37:49.377Z",
  },
  "errors": [],
  "hasData": true,
  "hasErrors": true,
}
[90mstdout[2m | src/components/Editor3/plugins/AutoEmbedPlugin.stories.jsx[2m > [22m[2mEditable With Instructions
[22m[39m[ChatContext] Created AssistantChat: mock-assistantchat-1790419069377 at: 2026-09-26T10:37:49.377Z
[90mstdout[2m | src/components/Editor3/plugins/AutoEmbedPlugin.stories.jsx[2m > [22m[2mEditable With Instructions
[22m[39m[ChatContext] Setting initial chat: mock-assistantchat-1790419069377
[90mstdout[2m | src/components/Editor3/plugins/AutoEmbedPlugin.stories.jsx[2m > [22m[2mEditable With Instructions
[22m[39m[ChatContext] Chat exists and not archived, skipping creation
 [32m✓[39m [30m[45m storybook (chromium) [49m[39m src/components/Editor3/plugins/AutoEmbedPlugin.stories.jsx [2m([22m[2m2 tests[22m[2m)[22m[32m 278[2mms[22m[39m
[90mstdout[2m | unknown test
[22m[39m[MOCK vectorStoreDB.js] Module loaded - mock IndexedDB operations
[90mstdout[2m | unknown test
[22m[39m[Task Completion] DOM action listeners initialized
[90mstdout[2m | unknown test
[22m[39m[Task Completion] Auto-completion detector initialized
[90mstdout[2m | unknown test
[22m[39m[Preview] Task completion detector initialized
[90mstdout[2m | src/components/PeerReview/JoinPeerReviewDialog.stories.tsx[2m > [22m[2mJoin Dialog Open
[22m[39m[MOCK CourseVectorStore] Initialized with mock data
[90mstdout[2m | src/components/PeerReview/JoinPeerReviewDialog.stories.tsx[2m > [22m[2mJoin Dialog Open
[22m[39m[TranslationModeController] Setting mode to: off
[90mstdout[2m | src/components/PeerReview/JoinPeerReviewDialog.stories.tsx[2m > [22m[2mJoin Dialog Open
[22m[39m[UnitContext] useEffect triggered {
  "authLoading": false,
  "hasUser": true,
  "id": "mock-unit-id",
  "userSub": "mock-user-sub",
}
[90mstdout[2m | src/components/PeerReview/JoinPeerReviewDialog.stories.tsx[2m > [22m[2mJoin Dialog Open
[22m[39m[UnitContext] Fetching unit data for id: mock-unit-id
[90mstdout[2m | src/components/PeerReview/JoinPeerReviewDialog.stories.tsx[2m > [22m[2mJoin Dialog Open
[22m[39m[FilesContext] Initializing vector store from IndexedDB
[90mstdout[2m | src/components/PeerReview/JoinPeerReviewDialog.stories.tsx[2m > [22m[2mJoin Dialog Open
[22m[39m[FilesContext] fetchFiles called
[90mstdout[2m | src/components/PeerReview/JoinPeerReviewDialog.stories.tsx[2m > [22m[2mJoin Dialog Open
[22m[39m[FilesContext] User authenticated: mock-user-sub
[90mstdout[2m | src/components/PeerReview/JoinPeerReviewDialog.stories.tsx[2m > [22m[2mJoin Dialog Open
[22m[39m[FilesContext] Identity ID: us-east-1:mock-identity-123
[90mstdout[2m | src/components/PeerReview/JoinPeerReviewDialog.stories.tsx[2m > [22m[2mJoin Dialog Open
[22m[39m[FilesContext] About to set up File observeQuery
[90mstdout[2m | src/components/PeerReview/JoinPeerReviewDialog.stories.tsx[2m > [22m[2mJoin Dialog Open
[22m[39m[ChatContext] Setting up AssistantChat observeQuery
[90mstdout[2m | src/components/PeerReview/JoinPeerReviewDialog.stories.tsx[2m > [22m[2mJoin Dialog Open
[22m[39m[ChatContext] Waiting for subscription to initialize
[90mstdout[2m | src/components/PeerReview/JoinPeerReviewDialog.stories.tsx[2m > [22m[2mJoin Dialog Open
[22m[39m[SettingsContext] Setting up Settings subscription for user: mock-user-sub
[90mstdout[2m | src/components/PeerReview/JoinPeerReviewDialog.stories.tsx[2m > [22m[2mJoin Dialog Open
[22m[39m[Mock Data] Settings created: mock-settings-1790419070085 - notified 0 subscribers
[90mstdout[2m | src/components/PeerReview/JoinPeerReviewDialog.stories.tsx[2m > [22m[2mJoin Dialog Open
[22m[39m[Mock Data] Unit.onUpdate() subscription added. Total: 1
[90mstdout[2m | src/components/PeerReview/JoinPeerReviewDialog.stories.tsx[2m > [22m[2mJoin Dialog Open
[22m[39m[SectionContext] Section observeQuery update: 0
[90mstdout[2m | src/components/PeerReview/JoinPeerReviewDialog.stories.tsx[2m > [22m[2mJoin Dialog Open
[22m[39m[FilesContext] File observeQuery update: 6 files
[90mstdout[2m | src/components/PeerReview/JoinPeerReviewDialog.stories.tsx[2m > [22m[2mJoin Dialog Open
[22m[39m[ChatContext] AssistantChat initialized with 1 chats
[90mstdout[2m | src/components/PeerReview/JoinPeerReviewDialog.stories.tsx[2m > [22m[2mJoin Dialog Open
[22m[39m[ChatContext] Setting initial chat: mock-assistant-chat-1
[90mstdout[2m | src/components/PeerReview/JoinPeerReviewDialog.stories.tsx[2m > [22m[2mJoin Dialog Open
[22m[39m[MOCK CourseVectorStore] Initialized with mock data
[90mstdout[2m | src/components/PeerReview/JoinPeerReviewDialog.stories.tsx[2m > [22m[2mJoin Dialog Open
[22m[39m[FilesContext] Vector store population triggered {
  "currentVectorStoreSize": 3,
  "documentsCount": 0,
  "filesCount": 6,
  "isInitialLoad": true,
}
[90mstdout[2m | src/components/PeerReview/JoinPeerReviewDialog.stories.tsx[2m > [22m[2mJoin Dialog Open
[22m[39m[FilesContext] Vector store population complete - 3 total embeddings
[90mstdout[2m | src/components/PeerReview/JoinPeerReviewDialog.stories.tsx[2m > [22m[2mJoin Dialog Open
[22m[39m[ChatContext] Chat exists and not archived, skipping creation
[90mstdout[2m | src/components/PeerReview/JoinPeerReviewDialog.stories.tsx[2m > [22m[2mJoin Dialog Open
[22m[39m[Mock Storage] downloadData called with: undefined
 [32m✓[39m [30m[45m storybook (chromium) [49m[39m src/components/PeerReview/JoinPeerReviewDialog.stories.tsx [2m([22m[2m1 test[22m[2m)[22m[32m 234[2mms[22m[39m
[90mstdout[2m | unknown test
[22m[39m[MOCK vectorStoreDB.js] Module loaded - mock IndexedDB operations
[90mstdout[2m | unknown test
[22m[39m[Task Completion] DOM action listeners initialized
[90mstdout[2m | unknown test
[22m[39m[Task Completion] Auto-completion detector initialized
[90mstdout[2m | unknown test
[22m[39m[Preview] Task completion detector initialized
[90mstdout[2m | src/components/SafeHydrate.stories.jsx[2m > [22m[2mDefault
[22m[39m[MOCK CourseVectorStore] Initialized with mock data
[90mstdout[2m | src/components/SafeHydrate.stories.jsx[2m > [22m[2mDefault
[22m[39m[TranslationModeController] Setting mode to: off
[90mstdout[2m | src/components/SafeHydrate.stories.jsx[2m > [22m[2mDefault
[22m[39m[UnitContext] useEffect triggered {
  "authLoading": false,
  "hasUser": true,
  "id": "mock-unit-id",
  "userSub": "mock-user-sub",
}
[90mstdout[2m | src/components/SafeHydrate.stories.jsx[2m > [22m[2mDefault
[22m[39m[UnitContext] Fetching unit data for id: mock-unit-id
[90mstdout[2m | src/components/SafeHydrate.stories.jsx[2m > [22m[2mDefault
[22m[39m[FilesContext] Initializing vector store from IndexedDB
[90mstdout[2m | src/components/SafeHydrate.stories.jsx[2m > [22m[2mDefault
[22m[39m[FilesContext] fetchFiles called
[90mstdout[2m | src/components/SafeHydrate.stories.jsx[2m > [22m[2mDefault
[22m[39m[FilesContext] User authenticated: mock-user-sub
[90mstdout[2m | src/components/SafeHydrate.stories.jsx[2m > [22m[2mDefault
[22m[39m[FilesContext] Identity ID: us-east-1:mock-identity-123
[90mstdout[2m | src/components/SafeHydrate.stories.jsx[2m > [22m[2mDefault
[22m[39m[FilesContext] About to set up File observeQuery
[90mstdout[2m | src/components/SafeHydrate.stories.jsx[2m > [22m[2mDefault
[22m[39m[ChatContext] Setting up AssistantChat observeQuery
[90mstdout[2m | src/components/SafeHydrate.stories.jsx[2m > [22m[2mDefault
[22m[39m[ChatContext] Waiting for subscription to initialize
[90mstdout[2m | src/components/SafeHydrate.stories.jsx[2m > [22m[2mDefault
[22m[39m[SettingsContext] Setting up Settings subscription for user: mock-user-sub
[90mstdout[2m | src/components/SafeHydrate.stories.jsx[2m > [22m[2mDefault
[22m[39m[Mock Data] Settings created: mock-settings-1790419070644 - notified 0 subscribers
[90mstdout[2m | src/components/SafeHydrate.stories.jsx[2m > [22m[2mDefault
[22m[39m[Mock Data] Unit.onUpdate() subscription added. Total: 1
[90mstdout[2m | src/components/SafeHydrate.stories.jsx[2m > [22m[2mDefault
[22m[39m[SectionContext] Section observeQuery update: 0
[90mstdout[2m | src/components/SafeHydrate.stories.jsx[2m > [22m[2mDefault
[22m[39m[FilesContext] File observeQuery update: 6 files
[90mstdout[2m | src/components/SafeHydrate.stories.jsx[2m > [22m[2mDefault
[22m[39m[ChatContext] AssistantChat initialized with 1 chats
[90mstdout[2m | src/components/SafeHydrate.stories.jsx[2m > [22m[2mDefault
[22m[39m[ChatContext] Setting initial chat: mock-assistant-chat-1
[90mstdout[2m | src/components/SafeHydrate.stories.jsx[2m > [22m[2mDefault
[22m[39m[MOCK CourseVectorStore] Initialized with mock data
[90mstdout[2m | src/components/SafeHydrate.stories.jsx[2m > [22m[2mDefault
[22m[39m[FilesContext] Vector store population triggered {
  "currentVectorStoreSize": 3,
  "documentsCount": 0,
  "filesCount": 6,
  "isInitialLoad": true,
}
[90mstdout[2m | src/components/SafeHydrate.stories.jsx[2m > [22m[2mDefault
[22m[39m[FilesContext] Vector store population complete - 3 total embeddings
[90mstdout[2m | src/components/SafeHydrate.stories.jsx[2m > [22m[2mDefault
[22m[39m[ChatContext] Chat exists and not archived, skipping creation
[90mstdout[2m | src/components/SafeHydrate.stories.jsx[2m > [22m[2mDefault
[22m[39m[Mock Storage] downloadData called with: undefined
[90mstdout[2m | src/components/SafeHydrate.stories.jsx[2m > [22m[2mWith Complex Content
[22m[39m[ChatContext] Cleaning up subscriptions
[90mstdout[2m | src/components/SafeHydrate.stories.jsx[2m > [22m[2mWith Complex Content
[22m[39m[Mock Data] Unit.onUpdate() subscription removed. Remaining: 0
[90mstdout[2m | src/components/SafeHydrate.stories.jsx[2m > [22m[2mWith Complex Content
[22m[39m[MOCK CourseVectorStore] Initialized with mock data
[90mstdout[2m | src/components/SafeHydrate.stories.jsx[2m > [22m[2mWith Complex Content
[22m[39m[TranslationModeController] Setting mode to: off
[90mstdout[2m | src/components/SafeHydrate.stories.jsx[2m > [22m[2mWith Complex Content
[22m[39m[UnitContext] useEffect triggered {
  "authLoading": false,
  "hasUser": true,
  "id": "mock-unit-id",
  "userSub": "mock-user-sub",
}
[90mstdout[2m | src/components/SafeHydrate.stories.jsx[2m > [22m[2mWith Complex Content
[22m[39m[UnitContext] Fetching unit data for id: mock-unit-id
[90mstdout[2m | src/components/SafeHydrate.stories.jsx[2m > [22m[2mWith Complex Content
[22m[39m[FilesContext] Initializing vector store from IndexedDB
[90mstdout[2m | src/components/SafeHydrate.stories.jsx[2m > [22m[2mWith Complex Content
[22m[39m[FilesContext] fetchFiles called
[90mstdout[2m | src/components/SafeHydrate.stories.jsx[2m > [22m[2mWith Complex Content
[22m[39m[FilesContext] User authenticated: mock-user-sub
[90mstdout[2m | src/components/SafeHydrate.stories.jsx[2m > [22m[2mWith Complex Content
[22m[39m[FilesContext] Identity ID: us-east-1:mock-identity-123
[90mstdout[2m | src/components/SafeHydrate.stories.jsx[2m > [22m[2mWith Complex Content
[22m[39m[FilesContext] About to set up File observeQuery
[90mstdout[2m | src/components/SafeHydrate.stories.jsx[2m > [22m[2mWith Complex Content
[22m[39m[ChatContext] Setting up AssistantChat observeQuery
[90mstdout[2m | src/components/SafeHydrate.stories.jsx[2m > [22m[2mWith Complex Content
[22m[39m[ChatContext] Waiting for subscription to initialize
[90mstdout[2m | src/components/SafeHydrate.stories.jsx[2m > [22m[2mWith Complex Content
[22m[39m[SettingsContext] Setting up Settings subscription for user: mock-user-sub
[90mstdout[2m | src/components/SafeHydrate.stories.jsx[2m > [22m[2mWith Complex Content
[22m[39m[Mock Data] Settings created: mock-settings-1790419070763 - notified 0 subscribers
[90mstdout[2m | src/components/SafeHydrate.stories.jsx[2m > [22m[2mWith Complex Content
[22m[39m[Mock Data] Unit.onUpdate() subscription added. Total: 1
[90mstdout[2m | src/components/SafeHydrate.stories.jsx[2m > [22m[2mWith Complex Content
[22m[39m[SectionContext] Section observeQuery update: 0
[90mstdout[2m | src/components/SafeHydrate.stories.jsx[2m > [22m[2mWith Complex Content
[22m[39m[FilesContext] File observeQuery update: 6 files
[90mstdout[2m | src/components/SafeHydrate.stories.jsx[2m > [22m[2mWith Complex Content
[22m[39m[ChatContext] AssistantChat initialized with 1 chats
[90mstdout[2m | src/components/SafeHydrate.stories.jsx[2m > [22m[2mWith Complex Content
[22m[39m[ChatContext] Setting initial chat: mock-assistant-chat-1
[90mstdout[2m | src/components/SafeHydrate.stories.jsx[2m > [22m[2mWith Complex Content
[22m[39m[Mock Storage] downloadData called with: undefined
[90mstdout[2m | src/components/SafeHydrate.stories.jsx[2m > [22m[2mWith Complex Content
[22m[39m[MOCK CourseVectorStore] Initialized with mock data
[90mstdout[2m | src/components/SafeHydrate.stories.jsx[2m > [22m[2mWith Complex Content
[22m[39m[FilesContext] Vector store population triggered {
  "currentVectorStoreSize": 3,
  "documentsCount": 0,
  "filesCount": 6,
  "isInitialLoad": true,
}
[90mstdout[2m | src/components/SafeHydrate.stories.jsx[2m > [22m[2mWith Complex Content
[22m[39m[FilesContext] Vector store population complete - 3 total embeddings
[90mstdout[2m | src/components/SafeHydrate.stories.jsx[2m > [22m[2mWith Complex Content
[22m[39m[ChatContext] Chat exists and not archived, skipping creation
 [32m✓[39m [30m[45m storybook (chromium) [49m[39m src/components/SafeHydrate.stories.jsx [2m([22m[2m2 tests[22m[2m)[22m[32m 237[2mms[22m[39m
[90mstdout[2m | unknown test
[22m[39m[MOCK vectorStoreDB.js] Module loaded - mock IndexedDB operations
[90mstdout[2m | unknown test
[22m[39m[Task Completion] DOM action listeners initialized
[90mstdout[2m | unknown test
[22m[39m[Task Completion] Auto-completion detector initialized
[90mstdout[2m | unknown test
[22m[39m[Preview] Task completion detector initialized
[90mstdout[2m | src/components/NotificationBadge.stories.tsx[2m > [22m[2mNo Unseen (Hidden)
[22m[39m[TranslationModeController] Setting mode to: off
[90mstdout[2m | src/components/NotificationBadge.stories.tsx[2m > [22m[2m3 Unseen
[22m[39m[TranslationModeController] Setting mode to: off
[90mstdout[2m | src/components/NotificationBadge.stories.tsx[2m > [22m[2m99+ Unseen
[22m[39m[TranslationModeController] Setting mode to: off
[90mstdout[2m | src/components/NotificationBadge.stories.tsx[2m > [22m[2mCategory-Filtered Badges
[22m[39m[TranslationModeController] Setting mode to: off
 [32m✓[39m [30m[45m storybook (chromium) [49m[39m src/components/NotificationBadge.stories.tsx [2m([22m[2m4 tests[22m[2m)[22m[32m 290[2mms[22m[39m
[90mstdout[2m | unknown test
[22m[39m[MOCK vectorStoreDB.js] Module loaded - mock IndexedDB operations
[90mstdout[2m | unknown test
[22m[39m[Task Completion] DOM action listeners initialized
[90mstdout[2m | unknown test
[22m[39m[Task Completion] Auto-completion detector initialized
[90mstdout[2m | unknown test
[22m[39m[Preview] Task completion detector initialized
[90mstdout[2m | src/components/SyncStatusIndicator.stories.tsx[2m > [22m[2mAll Synced (hidden)
[22m[39m[TranslationModeController] Setting mode to: off
[90mstdout[2m | src/components/SyncStatusIndicator.stories.tsx[2m > [22m[2mOffline — No Pending
[22m[39m[TranslationModeController] Setting mode to: off
 [32m✓[39m [30m[45m storybook (chromium) [49m[39m src/components/SyncStatusIndicator.stories.tsx [2m([22m[2m2 tests[22m[2m)[22m[32m 172[2mms[22m[39m
[90mstdout[2m | unknown test
[22m[39m[MOCK vectorStoreDB.js] Module loaded - mock IndexedDB operations
[90mstdout[2m | unknown test
[22m[39m[Task Completion] DOM action listeners initialized
[90mstdout[2m | unknown test
[22m[39m[Task Completion] Auto-completion detector initialized
[90mstdout[2m | unknown test
[22m[39m[Preview] Task completion detector initialized
[90mstdout[2m | src/components/Chat/ChatMessageList.stories.tsx[2m > [22m[2mDefault
[22m[39m[TranslationModeController] Setting mode to: off
[90mstdout[2m | src/components/Chat/ChatMessageList.stories.tsx[2m > [22m[2mTool Error
[22m[39m[TranslationModeController] Setting mode to: off
 [32m✓[39m [30m[45m storybook (chromium) [49m[39m src/components/Chat/ChatMessageList.stories.tsx [2m([22m[2m2 tests[22m[2m)[22m[32m 269[2mms[22m[39m
[90mstdout[2m | unknown test
[22m[39m[MOCK vectorStoreDB.js] Module loaded - mock IndexedDB operations
[90mstdout[2m | unknown test
[22m[39m[Task Completion] DOM action listeners initialized
[90mstdout[2m | unknown test
[22m[39m[Task Completion] Auto-completion detector initialized
[90mstdout[2m | unknown test
[22m[39m[Preview] Task completion detector initialized
[90mstdout[2m | src/components/Editor3/plugins/DraggableBlockPlugin.stories.jsx[2m > [22m[2mEditable Empty
[22m[39m[Preview] Skipped initializing default mock data (initializeMockData=false)
[90mstdout[2m | src/components/Editor3/plugins/DraggableBlockPlugin.stories.jsx[2m > [22m[2mEditable Empty
[22m[39m[Mock Data] seedMockUnit: Adding unit draggable-block-story-unit
[90mstdout[2m | src/components/Editor3/plugins/DraggableBlockPlugin.stories.jsx[2m > [22m[2mEditable Empty
[22m[39m[MOCK CourseVectorStore] Initialized with mock data
[90mstdout[2m | src/components/Editor3/plugins/DraggableBlockPlugin.stories.jsx[2m > [22m[2mEditable Empty
[22m[39m[TranslationModeController] Setting mode to: off
[90mstdout[2m | src/components/Editor3/plugins/DraggableBlockPlugin.stories.jsx[2m > [22m[2mEditable Empty
[22m[39m[UnitContext] useEffect triggered {
  "authLoading": false,
  "hasUser": true,
  "id": "draggable-block-story-unit",
  "userSub": "mock-user-sub",
}
[90mstdout[2m | src/components/Editor3/plugins/DraggableBlockPlugin.stories.jsx[2m > [22m[2mEditable Empty
[22m[39m[UnitContext] Fetching unit data for id: draggable-block-story-unit
[90mstdout[2m | src/components/Editor3/plugins/DraggableBlockPlugin.stories.jsx[2m > [22m[2mEditable Empty
[22m[39m[FilesContext] Initializing vector store from IndexedDB
[90mstdout[2m | src/components/Editor3/plugins/DraggableBlockPlugin.stories.jsx[2m > [22m[2mEditable Empty
[22m[39m[FilesContext] fetchFiles called
[90mstdout[2m | src/components/Editor3/plugins/DraggableBlockPlugin.stories.jsx[2m > [22m[2mEditable Empty
[22m[39m[FilesContext] User authenticated: mock-user-sub
[90mstdout[2m | src/components/Editor3/plugins/DraggableBlockPlugin.stories.jsx[2m > [22m[2mEditable Empty
[22m[39m[FilesContext] Identity ID: us-east-1:mock-identity-123
[90mstdout[2m | src/components/Editor3/plugins/DraggableBlockPlugin.stories.jsx[2m > [22m[2mEditable Empty
[22m[39m[FilesContext] About to set up File observeQuery
[90mstdout[2m | src/components/Editor3/plugins/DraggableBlockPlugin.stories.jsx[2m > [22m[2mEditable Empty
[22m[39m[ChatContext] Setting up AssistantChat observeQuery
[90mstdout[2m | src/components/Editor3/plugins/DraggableBlockPlugin.stories.jsx[2m > [22m[2mEditable Empty
[22m[39m[ChatContext] Waiting for subscription to initialize
[90mstdout[2m | src/components/Editor3/plugins/DraggableBlockPlugin.stories.jsx[2m > [22m[2mEditable Empty
[22m[39m[SettingsContext] Setting up Settings subscription for user: mock-user-sub
[90mstdout[2m | src/components/Editor3/plugins/DraggableBlockPlugin.stories.jsx[2m > [22m[2mEditable Empty
[22m[39m[Mock Data] Settings created: mock-settings-1790419076204 - notified 0 subscribers
[90mstdout[2m | src/components/Editor3/plugins/DraggableBlockPlugin.stories.jsx[2m > [22m[2mEditable Empty
[22m[39m[Mock Data] Unit.onUpdate() subscription added. Total: 1
[90mstdout[2m | src/components/Editor3/plugins/DraggableBlockPlugin.stories.jsx[2m > [22m[2mEditable Empty
[22m[39m[SectionContext] Section observeQuery update: 0
[90mstdout[2m | src/components/Editor3/plugins/DraggableBlockPlugin.stories.jsx[2m > [22m[2mEditable Empty
[22m[39m[FilesContext] File observeQuery update: 0 files
[90mstdout[2m | src/components/Editor3/plugins/DraggableBlockPlugin.stories.jsx[2m > [22m[2mEditable Empty
[22m[39m[ChatContext] AssistantChat initialized with 0 chats
[90mstdout[2m | src/components/Editor3/plugins/DraggableBlockPlugin.stories.jsx[2m > [22m[2mEditable Empty
[22m[39m[Mock Storage] downloadData called with: undefined
[90mstdout[2m | src/components/Editor3/plugins/DraggableBlockPlugin.stories.jsx[2m > [22m[2mEditable Empty
[22m[39m[MOCK CourseVectorStore] Initialized with mock data
[90mstdout[2m | src/components/Editor3/plugins/DraggableBlockPlugin.stories.jsx[2m > [22m[2mEditable Empty
[22m[39m[ChatContext] No current chat available, will create one
[90mstdout[2m | src/components/Editor3/plugins/DraggableBlockPlugin.stories.jsx[2m > [22m[2mEditable Empty
[22m[39m[ChatContext] Creating AssistantChat with user: undefined
[90mstdout[2m | src/components/Editor3/plugins/DraggableBlockPlugin.stories.jsx[2m > [22m[2mEditable Empty
[22m[39m[Mock Data] AssistantChat created: mock-assistantchat-1790419076232 - notified 1 subscribers
[90mstdout[2m | src/components/Editor3/plugins/DraggableBlockPlugin.stories.jsx[2m > [22m[2mEditable Empty
[22m[39m[ChatContext] Create result: {
  "data": {
    "_version": 1,
    "archived": false,
    "chatFiles": [Function anonymous],
    "createdAt": "2026-09-26T10:37:56.232Z",
    "id": "mock-assistantchat-1790419076232",
    "model": "gpt-4",
    "updatedAt": "2026-09-26T10:37:56.232Z",
  },
  "errors": [],
  "hasData": true,
  "hasErrors": true,
}
[90mstdout[2m | src/components/Editor3/plugins/DraggableBlockPlugin.stories.jsx[2m > [22m[2mEditable Empty
[22m[39m[ChatContext] Created AssistantChat: mock-assistantchat-1790419076232 at: 2026-09-26T10:37:56.232Z
[90mstdout[2m | src/components/Editor3/plugins/DraggableBlockPlugin.stories.jsx[2m > [22m[2mEditable Empty
[22m[39m[ChatContext] Setting initial chat: mock-assistantchat-1790419076232
[90mstdout[2m | src/components/Editor3/plugins/DraggableBlockPlugin.stories.jsx[2m > [22m[2mEditable Empty
[22m[39m[ChatContext] Chat exists and not archived, skipping creation
[90mstdout[2m | src/components/Editor3/plugins/DraggableBlockPlugin.stories.jsx[2m > [22m[2mEditable With Draggable Blocks
[22m[39m[ChatContext] Cleaning up subscriptions
[90mstdout[2m | src/components/Editor3/plugins/DraggableBlockPlugin.stories.jsx[2m > [22m[2mEditable With Draggable Blocks
[22m[39m[Mock Data] Unit.onUpdate() subscription removed. Remaining: 0
[90mstdout[2m | src/components/Editor3/plugins/DraggableBlockPlugin.stories.jsx[2m > [22m[2mEditable With Draggable Blocks
[22m[39m[Preview] Skipped initializing default mock data (initializeMockData=false)
[90mstdout[2m | src/components/Editor3/plugins/DraggableBlockPlugin.stories.jsx[2m > [22m[2mEditable With Draggable Blocks
[22m[39m[Mock Data] seedMockUnit: Adding unit draggable-block-story-unit
[90mstdout[2m | src/components/Editor3/plugins/DraggableBlockPlugin.stories.jsx[2m > [22m[2mEditable With Draggable Blocks
[22m[39m[MOCK CourseVectorStore] Initialized with mock data
[90mstdout[2m | src/components/Editor3/plugins/DraggableBlockPlugin.stories.jsx[2m > [22m[2mEditable With Draggable Blocks
[22m[39m[TranslationModeController] Setting mode to: off
[90mstdout[2m | src/components/Editor3/plugins/DraggableBlockPlugin.stories.jsx[2m > [22m[2mEditable With Draggable Blocks
[22m[39m[UnitContext] useEffect triggered {
  "authLoading": false,
  "hasUser": true,
  "id": "draggable-block-story-unit",
  "userSub": "mock-user-sub",
}
[90mstdout[2m | src/components/Editor3/plugins/DraggableBlockPlugin.stories.jsx[2m > [22m[2mEditable With Draggable Blocks
[22m[39m[UnitContext] Fetching unit data for id: draggable-block-story-unit
[90mstdout[2m | src/components/Editor3/plugins/DraggableBlockPlugin.stories.jsx[2m > [22m[2mEditable With Draggable Blocks
[22m[39m[FilesContext] Initializing vector store from IndexedDB
[90mstdout[2m | src/components/Editor3/plugins/DraggableBlockPlugin.stories.jsx[2m > [22m[2mEditable With Draggable Blocks
[22m[39m[FilesContext] fetchFiles called
[90mstdout[2m | src/components/Editor3/plugins/DraggableBlockPlugin.stories.jsx[2m > [22m[2mEditable With Draggable Blocks
[22m[39m[FilesContext] User authenticated: mock-user-sub
[90mstdout[2m | src/components/Editor3/plugins/DraggableBlockPlugin.stories.jsx[2m > [22m[2mEditable With Draggable Blocks
[22m[39m[FilesContext] Identity ID: us-east-1:mock-identity-123
[90mstdout[2m | src/components/Editor3/plugins/DraggableBlockPlugin.stories.jsx[2m > [22m[2mEditable With Draggable Blocks
[22m[39m[FilesContext] About to set up File observeQuery
[90mstdout[2m | src/components/Editor3/plugins/DraggableBlockPlugin.stories.jsx[2m > [22m[2mEditable With Draggable Blocks
[22m[39m[ChatContext] Setting up AssistantChat observeQuery
[90mstdout[2m | src/components/Editor3/plugins/DraggableBlockPlugin.stories.jsx[2m > [22m[2mEditable With Draggable Blocks
[22m[39m[ChatContext] Waiting for subscription to initialize
[90mstdout[2m | src/components/Editor3/plugins/DraggableBlockPlugin.stories.jsx[2m > [22m[2mEditable With Draggable Blocks
[22m[39m[SettingsContext] Setting up Settings subscription for user: mock-user-sub
[90mstdout[2m | src/components/Editor3/plugins/DraggableBlockPlugin.stories.jsx[2m > [22m[2mEditable With Draggable Blocks
[22m[39m[Mock Data] Settings created: mock-settings-1790419076357 - notified 0 subscribers
[90mstdout[2m | src/components/Editor3/plugins/DraggableBlockPlugin.stories.jsx[2m > [22m[2mEditable With Draggable Blocks
[22m[39m[Mock Data] Unit.onUpdate() subscription added. Total: 1
[90mstdout[2m | src/components/Editor3/plugins/DraggableBlockPlugin.stories.jsx[2m > [22m[2mEditable With Draggable Blocks
[22m[39m[SectionContext] Section observeQuery update: 0
[90mstdout[2m | src/components/Editor3/plugins/DraggableBlockPlugin.stories.jsx[2m > [22m[2mEditable With Draggable Blocks
[22m[39m[FilesContext] File observeQuery update: 0 files
[90mstdout[2m | src/components/Editor3/plugins/DraggableBlockPlugin.stories.jsx[2m > [22m[2mEditable With Draggable Blocks
[22m[39m[ChatContext] AssistantChat initialized with 0 chats
[90mstdout[2m | src/components/Editor3/plugins/DraggableBlockPlugin.stories.jsx[2m > [22m[2mEditable With Draggable Blocks
[22m[39m[MOCK CourseVectorStore] Initialized with mock data
[90mstdout[2m | src/components/Editor3/plugins/DraggableBlockPlugin.stories.jsx[2m > [22m[2mEditable With Draggable Blocks
[22m[39m[ChatContext] No current chat available, will create one
[90mstdout[2m | src/components/Editor3/plugins/DraggableBlockPlugin.stories.jsx[2m > [22m[2mEditable With Draggable Blocks
[22m[39m[ChatContext] Creating AssistantChat with user: undefined
[90mstdout[2m | src/components/Editor3/plugins/DraggableBlockPlugin.stories.jsx[2m > [22m[2mEditable With Draggable Blocks
[22m[39m[Mock Data] AssistantChat created: mock-assistantchat-1790419076366 - notified 1 subscribers
[90mstdout[2m | src/components/Editor3/plugins/DraggableBlockPlugin.stories.jsx[2m > [22m[2mEditable With Draggable Blocks
[22m[39m[ChatContext] Create result: {
  "data": {
    "_version": 1,
    "archived": false,
    "chatFiles": [Function anonymous],
    "createdAt": "2026-09-26T10:37:56.366Z",
    "id": "mock-assistantchat-1790419076366",
    "model": "gpt-4",
    "updatedAt": "2026-09-26T10:37:56.366Z",
  },
  "errors": [],
  "hasData": true,
  "hasErrors": true,
}
[90mstdout[2m | src/components/Editor3/plugins/DraggableBlockPlugin.stories.jsx[2m > [22m[2mEditable With Draggable Blocks
[22m[39m[ChatContext] Created AssistantChat: mock-assistantchat-1790419076366 at: 2026-09-26T10:37:56.366Z
[90mstdout[2m | src/components/Editor3/plugins/DraggableBlockPlugin.stories.jsx[2m > [22m[2mEditable With Draggable Blocks
[22m[39m[Mock Storage] downloadData called with: undefined
[90mstdout[2m | src/components/Editor3/plugins/DraggableBlockPlugin.stories.jsx[2m > [22m[2mEditable With Draggable Blocks
[22m[39m[ChatContext] Setting initial chat: mock-assistantchat-1790419076366
[90mstdout[2m | src/components/Editor3/plugins/DraggableBlockPlugin.stories.jsx[2m > [22m[2mEditable With Draggable Blocks
[22m[39m[ChatContext] Chat exists and not archived, skipping creation
 [32m✓[39m [30m[45m storybook (chromium) [49m[39m src/components/Editor3/plugins/DraggableBlockPlugin.stories.jsx [2m([22m[2m2 tests[22m[2m)[22m[33m 307[2mms[22m[39m
[90mstdout[2m | unknown test
[22m[39m[MOCK vectorStoreDB.js] Module loaded - mock IndexedDB operations
[90mstdout[2m | unknown test
[22m[39m[Task Completion] DOM action listeners initialized
[90mstdout[2m | unknown test
[22m[39m[Task Completion] Auto-completion detector initialized
[90mstdout[2m | unknown test
[22m[39m[Preview] Task completion detector initialized
[90mstdout[2m | src/components/Leaderboard/CompletionGrid.stories.tsx[2m > [22m[2mGrid Story
[22m[39m[MOCK CourseVectorStore] Initialized with mock data
[90mstdout[2m | src/components/Leaderboard/CompletionGrid.stories.tsx[2m > [22m[2mGrid Story
[22m[39m[TranslationModeController] Setting mode to: off
[90mstdout[2m | src/components/Leaderboard/CompletionGrid.stories.tsx[2m > [22m[2mGrid Story
[22m[39m[UnitContext] useEffect triggered {
  "authLoading": false,
  "hasUser": true,
  "id": "mock-unit-id",
  "userSub": "mock-user-sub",
}
[90mstdout[2m | src/components/Leaderboard/CompletionGrid.stories.tsx[2m > [22m[2mGrid Story
[22m[39m[UnitContext] Fetching unit data for id: mock-unit-id
[90mstdout[2m | src/components/Leaderboard/CompletionGrid.stories.tsx[2m > [22m[2mGrid Story
[22m[39m[FilesContext] Initializing vector store from IndexedDB
[90mstdout[2m | src/components/Leaderboard/CompletionGrid.stories.tsx[2m > [22m[2mGrid Story
[22m[39m[FilesContext] fetchFiles called
[90mstdout[2m | src/components/Leaderboard/CompletionGrid.stories.tsx[2m > [22m[2mGrid Story
[22m[39m[FilesContext] User authenticated: mock-user-sub
[90mstdout[2m | src/components/Leaderboard/CompletionGrid.stories.tsx[2m > [22m[2mGrid Story
[22m[39m[FilesContext] Identity ID: us-east-1:mock-identity-123
[90mstdout[2m | src/components/Leaderboard/CompletionGrid.stories.tsx[2m > [22m[2mGrid Story
[22m[39m[FilesContext] About to set up File observeQuery
[90mstdout[2m | src/components/Leaderboard/CompletionGrid.stories.tsx[2m > [22m[2mGrid Story
[22m[39m[ChatContext] Setting up AssistantChat observeQuery
[90mstdout[2m | src/components/Leaderboard/CompletionGrid.stories.tsx[2m > [22m[2mGrid Story
[22m[39m[ChatContext] Waiting for subscription to initialize
[90mstdout[2m | src/components/Leaderboard/CompletionGrid.stories.tsx[2m > [22m[2mGrid Story
[22m[39m[SettingsContext] Setting up Settings subscription for user: mock-user-sub
[90mstdout[2m | src/components/Leaderboard/CompletionGrid.stories.tsx[2m > [22m[2mGrid Story
[22m[39m[Mock Data] Settings created: mock-settings-1790419076907 - notified 0 subscribers
[90mstdout[2m | src/components/Leaderboard/CompletionGrid.stories.tsx[2m > [22m[2mGrid Story
[22m[39m[Mock Data] Unit.onUpdate() subscription added. Total: 1
[90mstdout[2m | src/components/Leaderboard/CompletionGrid.stories.tsx[2m > [22m[2mGrid Story
[22m[39m[SectionContext] Section observeQuery update: 0
[90mstdout[2m | src/components/Leaderboard/CompletionGrid.stories.tsx[2m > [22m[2mGrid Story
[22m[39m[FilesContext] File observeQuery update: 6 files
[90mstdout[2m | src/components/Leaderboard/CompletionGrid.stories.tsx[2m > [22m[2mGrid Story
[22m[39m[ChatContext] AssistantChat initialized with 1 chats
[90mstdout[2m | src/components/Leaderboard/CompletionGrid.stories.tsx[2m > [22m[2mGrid Story
[22m[39m[ChatContext] Setting initial chat: mock-assistant-chat-1
[90mstdout[2m | src/components/Leaderboard/CompletionGrid.stories.tsx[2m > [22m[2mGrid Story
[22m[39m[MOCK CourseVectorStore] Initialized with mock data
[90mstdout[2m | src/components/Leaderboard/CompletionGrid.stories.tsx[2m > [22m[2mGrid Story
[22m[39m[FilesContext] Vector store population triggered {
  "currentVectorStoreSize": 3,
  "documentsCount": 0,
  "filesCount": 6,
  "isInitialLoad": true,
}
[90mstdout[2m | src/components/Leaderboard/CompletionGrid.stories.tsx[2m > [22m[2mGrid Story
[22m[39m[FilesContext] Vector store population complete - 3 total embeddings
[90mstdout[2m | src/components/Leaderboard/CompletionGrid.stories.tsx[2m > [22m[2mGrid Story
[22m[39m[ChatContext] Chat exists and not archived, skipping creation
[90mstdout[2m | src/components/Leaderboard/CompletionGrid.stories.tsx[2m > [22m[2mGrid Story
[22m[39m[Mock Storage] downloadData called with: undefined
 [32m✓[39m [30m[45m storybook (chromium) [49m[39m src/components/Leaderboard/CompletionGrid.stories.tsx [2m([22m[2m1 test[22m[2m)[22m[32m 218[2mms[22m[39m
[90mstdout[2m | unknown test
[22m[39m[MOCK vectorStoreDB.js] Module loaded - mock IndexedDB operations
[90mstdout[2m | unknown test
[22m[39m[Task Completion] DOM action listeners initialized
[90mstdout[2m | unknown test
[22m[39m[Task Completion] Auto-completion detector initialized
[90mstdout[2m | unknown test
[22m[39m[Preview] Task completion detector initialized
[90mstdout[2m | src/components/Gamification/LexicalPlainTextField.stories.tsx[2m > [22m[2mDefault
[22m[39m[TranslationModeController] Setting mode to: off
[90mstdout[2m | src/components/Gamification/LexicalPlainTextField.stories.tsx[2m > [22m[2mDisabled
[22m[39m[TranslationModeController] Setting mode to: off
[90mstdout[2m | src/components/Gamification/LexicalPlainTextField.stories.tsx[2m > [22m[2mMultiline
[22m[39m[TranslationModeController] Setting mode to: off
 [32m✓[39m [30m[45m storybook (chromium) [49m[39m src/components/Gamification/LexicalPlainTextField.stories.tsx [2m([22m[2m3 tests[22m[2m)[22m[32m 233[2mms[22m[39m
[90mstdout[2m | unknown test
[22m[39m[MOCK vectorStoreDB.js] Module loaded - mock IndexedDB operations
[90mstdout[2m | unknown test
[22m[39m[Task Completion] DOM action listeners initialized
[90mstdout[2m | unknown test
[22m[39m[Task Completion] Auto-completion detector initialized
[90mstdout[2m | unknown test
[22m[39m[Preview] Task completion detector initialized
[90mstdout[2m | .storybook/components/BadgeClaimPanel.stories.tsx[2m > [22m[2mDefault
[22m[39m[MOCK CourseVectorStore] Initialized with mock data
[90mstdout[2m | .storybook/components/BadgeClaimPanel.stories.tsx[2m > [22m[2mDefault
[22m[39m[TranslationModeController] Setting mode to: off
[90mstdout[2m | .storybook/components/BadgeClaimPanel.stories.tsx[2m > [22m[2mDefault
[22m[39m[UnitContext] useEffect triggered {
  "authLoading": false,
  "hasUser": true,
  "id": "mock-unit-id",
  "userSub": "mock-user-sub",
}
[90mstdout[2m | .storybook/components/BadgeClaimPanel.stories.tsx[2m > [22m[2mDefault
[22m[39m[UnitContext] Fetching unit data for id: mock-unit-id
[90mstdout[2m | .storybook/components/BadgeClaimPanel.stories.tsx[2m > [22m[2mDefault
[22m[39m[FilesContext] Initializing vector store from IndexedDB
[90mstdout[2m | .storybook/components/BadgeClaimPanel.stories.tsx[2m > [22m[2mDefault
[22m[39m[FilesContext] fetchFiles called
[90mstdout[2m | .storybook/components/BadgeClaimPanel.stories.tsx[2m > [22m[2mDefault
[22m[39m[FilesContext] User authenticated: mock-user-sub
[90mstdout[2m | .storybook/components/BadgeClaimPanel.stories.tsx[2m > [22m[2mDefault
[22m[39m[FilesContext] Identity ID: us-east-1:mock-identity-123
[90mstdout[2m | .storybook/components/BadgeClaimPanel.stories.tsx[2m > [22m[2mDefault
[22m[39m[FilesContext] About to set up File observeQuery
[90mstdout[2m | .storybook/components/BadgeClaimPanel.stories.tsx[2m > [22m[2mDefault
[22m[39m[ChatContext] Setting up AssistantChat observeQuery
[90mstdout[2m | .storybook/components/BadgeClaimPanel.stories.tsx[2m > [22m[2mDefault
[22m[39m[ChatContext] Waiting for subscription to initialize
[90mstdout[2m | .storybook/components/BadgeClaimPanel.stories.tsx[2m > [22m[2mDefault
[22m[39m[SettingsContext] Setting up Settings subscription for user: mock-user-sub
[90mstdout[2m | .storybook/components/BadgeClaimPanel.stories.tsx[2m > [22m[2mDefault
[22m[39m[Mock Data] Settings created: mock-settings-1790419078144 - notified 0 subscribers
[90mstdout[2m | .storybook/components/BadgeClaimPanel.stories.tsx[2m > [22m[2mDefault
[22m[39m[Mock Data] Unit.onUpdate() subscription added. Total: 1
[90mstdout[2m | .storybook/components/BadgeClaimPanel.stories.tsx[2m > [22m[2mDefault
[22m[39m[SectionContext] Section observeQuery update: 0
[90mstdout[2m | .storybook/components/BadgeClaimPanel.stories.tsx[2m > [22m[2mDefault
[22m[39m[FilesContext] File observeQuery update: 6 files
[90mstdout[2m | .storybook/components/BadgeClaimPanel.stories.tsx[2m > [22m[2mDefault
[22m[39m[ChatContext] AssistantChat initialized with 1 chats
[90mstdout[2m | .storybook/components/BadgeClaimPanel.stories.tsx[2m > [22m[2mDefault
[22m[39m[ChatContext] Setting initial chat: mock-assistant-chat-1
[90mstdout[2m | .storybook/components/BadgeClaimPanel.stories.tsx[2m > [22m[2mDefault
[22m[39m[MOCK CourseVectorStore] Initialized with mock data
[90mstdout[2m | .storybook/components/BadgeClaimPanel.stories.tsx[2m > [22m[2mDefault
[22m[39m[FilesContext] Vector store population triggered {
  "currentVectorStoreSize": 3,
  "documentsCount": 0,
  "filesCount": 6,
  "isInitialLoad": true,
}
[90mstdout[2m | .storybook/components/BadgeClaimPanel.stories.tsx[2m > [22m[2mDefault
[22m[39m[FilesContext] Vector store population complete - 3 total embeddings
[90mstdout[2m | .storybook/components/BadgeClaimPanel.stories.tsx[2m > [22m[2mDefault
[22m[39m[ChatContext] Chat exists and not archived, skipping creation
[90mstdout[2m | .storybook/components/BadgeClaimPanel.stories.tsx[2m > [22m[2mDefault
[22m[39m[Mock Auth] getCurrentUser returning: {
  "attributes": {
    "email": "alice@example.com",
    "sub": "student-alice-sub",
  },
  "userId": "student-alice-sub",
  "username": "student-alice-sub",
}
[90mstdout[2m | .storybook/components/BadgeClaimPanel.stories.tsx[2m > [22m[2mDefault
[22m[39m[Mock Storage] downloadData called with: undefined
 [32m✓[39m [30m[45m storybook (chromium) [49m[39m .storybook/components/BadgeClaimPanel.stories.tsx [2m([22m[2m1 test[22m[2m)[22m[32m 204[2mms[22m[39m
[90mstdout[2m | unknown test
[22m[39m[MOCK vectorStoreDB.js] Module loaded - mock IndexedDB operations
[90mstdout[2m | unknown test
[22m[39m[Task Completion] DOM action listeners initialized
[90mstdout[2m | unknown test
[22m[39m[Task Completion] Auto-completion detector initialized
[90mstdout[2m | unknown test
[22m[39m[Preview] Task completion detector initialized
[90mstdout[2m | src/components/Gamification/AnimatedXPCounter.stories.tsx[2m > [22m[2mDefault
[22m[39m[TranslationModeController] Setting mode to: off
[90mstdout[2m | src/components/Gamification/AnimatedXPCounter.stories.tsx[2m > [22m[2mSlow Animation
[22m[39m[TranslationModeController] Setting mode to: off
[90mstdout[2m | src/components/Gamification/AnimatedXPCounter.stories.tsx[2m > [22m[2mInteractive
[22m[39m[TranslationModeController] Setting mode to: off
 [32m✓[39m [30m[45m storybook (chromium) [49m[39m src/components/Gamification/AnimatedXPCounter.stories.tsx [2m([22m[2m3 tests[22m[2m)[22m[32m 214[2mms[22m[39m
[90mstdout[2m | unknown test
[22m[39m[MOCK vectorStoreDB.js] Module loaded - mock IndexedDB operations
[90mstdout[2m | unknown test
[22m[39m[Task Completion] DOM action listeners initialized
[90mstdout[2m | unknown test
[22m[39m[Task Completion] Auto-completion detector initialized
[90mstdout[2m | unknown test
[22m[39m[Preview] Task completion detector initialized
[90mstdout[2m | src/components/Gamification/CampaignTimeline.stories.tsx[2m > [22m[2mDefault
[22m[39m[TranslationModeController] Setting mode to: off
[90mstdout[2m | src/components/Gamification/CampaignTimeline.stories.tsx[2m > [22m[2mAll Complete
[22m[39m[TranslationModeController] Setting mode to: off
 [32m✓[39m [30m[45m storybook (chromium) [49m[39m src/components/Gamification/CampaignTimeline.stories.tsx [2m([22m[2m2 tests[22m[2m)[22m[32m 261[2mms[22m[39m
[90mstdout[2m | unknown test
[22m[39m[MOCK vectorStoreDB.js] Module loaded - mock IndexedDB operations
[90mstdout[2m | unknown test
[22m[39m[Task Completion] DOM action listeners initialized
[90mstdout[2m | unknown test
[22m[39m[Task Completion] Auto-completion detector initialized
[90mstdout[2m | unknown test
[22m[39m[Preview] Task completion detector initialized
[90mstdout[2m | src/components/PeerReview/PeerReviewFeedbackPrompt.stories.tsx[2m > [22m[2mFeedback Prompt Open
[22m[39m[MOCK CourseVectorStore] Initialized with mock data
[90mstdout[2m | src/components/PeerReview/PeerReviewFeedbackPrompt.stories.tsx[2m > [22m[2mFeedback Prompt Open
[22m[39m[TranslationModeController] Setting mode to: off
[90mstdout[2m | src/components/PeerReview/PeerReviewFeedbackPrompt.stories.tsx[2m > [22m[2mFeedback Prompt Open
[22m[39m[UnitContext] useEffect triggered {
  "authLoading": false,
  "hasUser": true,
  "id": "mock-unit-id",
  "userSub": "mock-user-sub",
}
[90mstdout[2m | src/components/PeerReview/PeerReviewFeedbackPrompt.stories.tsx[2m > [22m[2mFeedback Prompt Open
[22m[39m[UnitContext] Fetching unit data for id: mock-unit-id
[90mstdout[2m | src/components/PeerReview/PeerReviewFeedbackPrompt.stories.tsx[2m > [22m[2mFeedback Prompt Open
[22m[39m[FilesContext] Initializing vector store from IndexedDB
[90mstdout[2m | src/components/PeerReview/PeerReviewFeedbackPrompt.stories.tsx[2m > [22m[2mFeedback Prompt Open
[22m[39m[FilesContext] fetchFiles called
[90mstdout[2m | src/components/PeerReview/PeerReviewFeedbackPrompt.stories.tsx[2m > [22m[2mFeedback Prompt Open
[22m[39m[FilesContext] User authenticated: mock-user-sub
[90mstdout[2m | src/components/PeerReview/PeerReviewFeedbackPrompt.stories.tsx[2m > [22m[2mFeedback Prompt Open
[22m[39m[FilesContext] Identity ID: us-east-1:mock-identity-123
[90mstdout[2m | src/components/PeerReview/PeerReviewFeedbackPrompt.stories.tsx[2m > [22m[2mFeedback Prompt Open
[22m[39m[FilesContext] About to set up File observeQuery
[90mstdout[2m | src/components/PeerReview/PeerReviewFeedbackPrompt.stories.tsx[2m > [22m[2mFeedback Prompt Open
[22m[39m[ChatContext] Setting up AssistantChat observeQuery
[90mstdout[2m | src/components/PeerReview/PeerReviewFeedbackPrompt.stories.tsx[2m > [22m[2mFeedback Prompt Open
[22m[39m[ChatContext] Waiting for subscription to initialize
[90mstdout[2m | src/components/PeerReview/PeerReviewFeedbackPrompt.stories.tsx[2m > [22m[2mFeedback Prompt Open
[22m[39m[SettingsContext] Setting up Settings subscription for user: mock-user-sub
[90mstdout[2m | src/components/PeerReview/PeerReviewFeedbackPrompt.stories.tsx[2m > [22m[2mFeedback Prompt Open
[22m[39m[Mock Data] Settings created: mock-settings-1790419080030 - notified 0 subscribers
[90mstdout[2m | src/components/PeerReview/PeerReviewFeedbackPrompt.stories.tsx[2m > [22m[2mFeedback Prompt Open
[22m[39m[Mock Data] Unit.onUpdate() subscription added. Total: 1
[90mstdout[2m | src/components/PeerReview/PeerReviewFeedbackPrompt.stories.tsx[2m > [22m[2mFeedback Prompt Open
[22m[39m[SectionContext] Section observeQuery update: 0
[90mstdout[2m | src/components/PeerReview/PeerReviewFeedbackPrompt.stories.tsx[2m > [22m[2mFeedback Prompt Open
[22m[39m[FilesContext] File observeQuery update: 6 files
[90mstdout[2m | src/components/PeerReview/PeerReviewFeedbackPrompt.stories.tsx[2m > [22m[2mFeedback Prompt Open
[22m[39m[ChatContext] AssistantChat initialized with 1 chats
[90mstdout[2m | src/components/PeerReview/PeerReviewFeedbackPrompt.stories.tsx[2m > [22m[2mFeedback Prompt Open
[22m[39m[ChatContext] Setting initial chat: mock-assistant-chat-1
[90mstdout[2m | src/components/PeerReview/PeerReviewFeedbackPrompt.stories.tsx[2m > [22m[2mFeedback Prompt Open
[22m[39m[MOCK CourseVectorStore] Initialized with mock data
[90mstdout[2m | src/components/PeerReview/PeerReviewFeedbackPrompt.stories.tsx[2m > [22m[2mFeedback Prompt Open
[22m[39m[FilesContext] Vector store population triggered {
  "currentVectorStoreSize": 3,
  "documentsCount": 0,
  "filesCount": 6,
  "isInitialLoad": true,
}
[90mstdout[2m | src/components/PeerReview/PeerReviewFeedbackPrompt.stories.tsx[2m > [22m[2mFeedback Prompt Open
[22m[39m[FilesContext] Vector store population complete - 3 total embeddings
[90mstdout[2m | src/components/PeerReview/PeerReviewFeedbackPrompt.stories.tsx[2m > [22m[2mFeedback Prompt Open
[22m[39m[ChatContext] Chat exists and not archived, skipping creation
[90mstdout[2m | src/components/PeerReview/PeerReviewFeedbackPrompt.stories.tsx[2m > [22m[2mFeedback Prompt Open
[22m[39m[Mock Storage] downloadData called with: undefined
 [32m✓[39m [30m[45m storybook (chromium) [49m[39m src/components/PeerReview/PeerReviewFeedbackPrompt.stories.tsx [2m([22m[2m1 test[22m[2m)[22m[32m 157[2mms[22m[39m
[90mstdout[2m | unknown test
[22m[39m[MOCK vectorStoreDB.js] Module loaded - mock IndexedDB operations
[90mstdout[2m | unknown test
[22m[39m[Task Completion] DOM action listeners initialized
[90mstdout[2m | unknown test
[22m[39m[Task Completion] Auto-completion detector initialized
[90mstdout[2m | unknown test
[22m[39m[Preview] Task completion detector initialized
[90mstdout[2m | src/components/StorageManagement.stories.tsx[2m > [22m[2mDefault
[22m[39m[TranslationModeController] Setting mode to: off
[90mstdout[2m | src/components/StorageManagement.stories.tsx[2m > [22m[2mEmpty State
[22m[39m[TranslationModeController] Setting mode to: off
 [32m✓[39m [30m[45m storybook (chromium) [49m[39m src/components/StorageManagement.stories.tsx [2m([22m[2m2 tests[22m[2m)[22m[32m 229[2mms[22m[39m
[90mstdout[2m | unknown test
[22m[39m[MOCK vectorStoreDB.js] Module loaded - mock IndexedDB operations
[90mstdout[2m | unknown test
[22m[39m[Task Completion] DOM action listeners initialized
[90mstdout[2m | unknown test
[22m[39m[Task Completion] Auto-completion detector initialized
[90mstdout[2m | unknown test
[22m[39m[Preview] Task completion detector initialized
[90mstdout[2m | src/components/Gamification/NailedItCelebration.stories.tsx[2m > [22m[2mCelebration Open
[22m[39m[MOCK CourseVectorStore] Initialized with mock data
[90mstdout[2m | src/components/Gamification/NailedItCelebration.stories.tsx[2m > [22m[2mCelebration Open
[22m[39m[TranslationModeController] Setting mode to: off
[90mstdout[2m | src/components/Gamification/NailedItCelebration.stories.tsx[2m > [22m[2mCelebration Open
[22m[39m[UnitContext] useEffect triggered {
  "authLoading": false,
  "hasUser": true,
  "id": "mock-unit-id",
  "userSub": "mock-user-sub",
}
[90mstdout[2m | src/components/Gamification/NailedItCelebration.stories.tsx[2m > [22m[2mCelebration Open
[22m[39m[UnitContext] Fetching unit data for id: mock-unit-id
[90mstdout[2m | src/components/Gamification/NailedItCelebration.stories.tsx[2m > [22m[2mCelebration Open
[22m[39m[FilesContext] Initializing vector store from IndexedDB
[90mstdout[2m | src/components/Gamification/NailedItCelebration.stories.tsx[2m > [22m[2mCelebration Open
[22m[39m[FilesContext] fetchFiles called
[90mstdout[2m | src/components/Gamification/NailedItCelebration.stories.tsx[2m > [22m[2mCelebration Open
[22m[39m[FilesContext] User authenticated: mock-user-sub
[90mstdout[2m | src/components/Gamification/NailedItCelebration.stories.tsx[2m > [22m[2mCelebration Open
[22m[39m[FilesContext] Identity ID: us-east-1:mock-identity-123
[90mstdout[2m | src/components/Gamification/NailedItCelebration.stories.tsx[2m > [22m[2mCelebration Open
[22m[39m[FilesContext] About to set up File observeQuery
[90mstdout[2m | src/components/Gamification/NailedItCelebration.stories.tsx[2m > [22m[2mCelebration Open
[22m[39m[ChatContext] Setting up AssistantChat observeQuery
[90mstdout[2m | src/components/Gamification/NailedItCelebration.stories.tsx[2m > [22m[2mCelebration Open
[22m[39m[ChatContext] Waiting for subscription to initialize
[90mstdout[2m | src/components/Gamification/NailedItCelebration.stories.tsx[2m > [22m[2mCelebration Open
[22m[39m[SettingsContext] Setting up Settings subscription for user: mock-user-sub
[90mstdout[2m | src/components/Gamification/NailedItCelebration.stories.tsx[2m > [22m[2mCelebration Open
[22m[39m[Mock Data] Settings created: mock-settings-1790419084060 - notified 0 subscribers
[90mstdout[2m | src/components/Gamification/NailedItCelebration.stories.tsx[2m > [22m[2mCelebration Open
[22m[39m[Mock Data] Unit.onUpdate() subscription added. Total: 1
[90mstdout[2m | src/components/Gamification/NailedItCelebration.stories.tsx[2m > [22m[2mCelebration Open
[22m[39m[SectionContext] Section observeQuery update: 0
[90mstdout[2m | src/components/Gamification/NailedItCelebration.stories.tsx[2m > [22m[2mCelebration Open
[22m[39m[FilesContext] File observeQuery update: 6 files
[90mstdout[2m | src/components/Gamification/NailedItCelebration.stories.tsx[2m > [22m[2mCelebration Open
[22m[39m[ChatContext] AssistantChat initialized with 1 chats
[90mstdout[2m | src/components/Gamification/NailedItCelebration.stories.tsx[2m > [22m[2mCelebration Open
[22m[39m[ChatContext] Setting initial chat: mock-assistant-chat-1
[90mstdout[2m | src/components/Gamification/NailedItCelebration.stories.tsx[2m > [22m[2mCelebration Open
[22m[39m[MOCK CourseVectorStore] Initialized with mock data
[90mstdout[2m | src/components/Gamification/NailedItCelebration.stories.tsx[2m > [22m[2mCelebration Open
[22m[39m[FilesContext] Vector store population triggered {
  "currentVectorStoreSize": 3,
  "documentsCount": 0,
  "filesCount": 6,
  "isInitialLoad": true,
}
[90mstdout[2m | src/components/Gamification/NailedItCelebration.stories.tsx[2m > [22m[2mCelebration Open
[22m[39m[FilesContext] Vector store population complete - 3 total embeddings
[90mstdout[2m | src/components/Gamification/NailedItCelebration.stories.tsx[2m > [22m[2mCelebration Open
[22m[39m[ChatContext] Chat exists and not archived, skipping creation
[90mstdout[2m | src/components/Gamification/NailedItCelebration.stories.tsx[2m > [22m[2mCelebration Open
[22m[39m[Mock Storage] downloadData called with: undefined
 [32m✓[39m [30m[45m storybook (chromium) [49m[39m src/components/Gamification/NailedItCelebration.stories.tsx [2m([22m[2m1 test[22m[2m)[22m[32m 171[2mms[22m[39m
[90mstdout[2m | unknown test
[22m[39m[MOCK vectorStoreDB.js] Module loaded - mock IndexedDB operations
[90mstdout[2m | unknown test
[22m[39m[Task Completion] DOM action listeners initialized
[90mstdout[2m | unknown test
[22m[39m[Task Completion] Auto-completion detector initialized
[90mstdout[2m | unknown test
[22m[39m[Preview] Task completion detector initialized
[90mstdout[2m | src/components/Gamification/NailedItBadge.stories.tsx[2m > [22m[2mDefault
[22m[39m[MOCK CourseVectorStore] Initialized with mock data
[90mstdout[2m | src/components/Gamification/NailedItBadge.stories.tsx[2m > [22m[2mDefault
[22m[39m[TranslationModeController] Setting mode to: off
[90mstdout[2m | src/components/Gamification/NailedItBadge.stories.tsx[2m > [22m[2mDefault
[22m[39m[UnitContext] useEffect triggered {
  "authLoading": false,
  "hasUser": true,
  "id": "mock-unit-id",
  "userSub": "mock-user-sub",
}
[90mstdout[2m | src/components/Gamification/NailedItBadge.stories.tsx[2m > [22m[2mDefault
[22m[39m[UnitContext] Fetching unit data for id: mock-unit-id
[90mstdout[2m | src/components/Gamification/NailedItBadge.stories.tsx[2m > [22m[2mDefault
[22m[39m[FilesContext] Initializing vector store from IndexedDB
[90mstdout[2m | src/components/Gamification/NailedItBadge.stories.tsx[2m > [22m[2mDefault
[22m[39m[FilesContext] fetchFiles called
[90mstdout[2m | src/components/Gamification/NailedItBadge.stories.tsx[2m > [22m[2mDefault
[22m[39m[FilesContext] User authenticated: mock-user-sub
[90mstdout[2m | src/components/Gamification/NailedItBadge.stories.tsx[2m > [22m[2mDefault
[22m[39m[FilesContext] Identity ID: us-east-1:mock-identity-123
[90mstdout[2m | src/components/Gamification/NailedItBadge.stories.tsx[2m > [22m[2mDefault
[22m[39m[FilesContext] About to set up File observeQuery
[90mstdout[2m | src/components/Gamification/NailedItBadge.stories.tsx[2m > [22m[2mDefault
[22m[39m[ChatContext] Setting up AssistantChat observeQuery
[90mstdout[2m | src/components/Gamification/NailedItBadge.stories.tsx[2m > [22m[2mDefault
[22m[39m[ChatContext] Waiting for subscription to initialize
[90mstdout[2m | src/components/Gamification/NailedItBadge.stories.tsx[2m > [22m[2mDefault
[22m[39m[SettingsContext] Setting up Settings subscription for user: mock-user-sub
[90mstdout[2m | src/components/Gamification/NailedItBadge.stories.tsx[2m > [22m[2mDefault
[22m[39m[Mock Data] Settings created: mock-settings-1790419084626 - notified 0 subscribers
[90mstdout[2m | src/components/Gamification/NailedItBadge.stories.tsx[2m > [22m[2mDefault
[22m[39m[Mock Data] Unit.onUpdate() subscription added. Total: 1
[90mstdout[2m | src/components/Gamification/NailedItBadge.stories.tsx[2m > [22m[2mDefault
[22m[39m[SectionContext] Section observeQuery update: 0
[90mstdout[2m | src/components/Gamification/NailedItBadge.stories.tsx[2m > [22m[2mDefault
[22m[39m[FilesContext] File observeQuery update: 6 files
[90mstdout[2m | src/components/Gamification/NailedItBadge.stories.tsx[2m > [22m[2mDefault
[22m[39m[ChatContext] AssistantChat initialized with 1 chats
[90mstdout[2m | src/components/Gamification/NailedItBadge.stories.tsx[2m > [22m[2mDefault
[22m[39m[ChatContext] Setting initial chat: mock-assistant-chat-1
[90mstdout[2m | src/components/Gamification/NailedItBadge.stories.tsx[2m > [22m[2mDefault
[22m[39m[MOCK CourseVectorStore] Initialized with mock data
[90mstdout[2m | src/components/Gamification/NailedItBadge.stories.tsx[2m > [22m[2mDefault
[22m[39m[FilesContext] Vector store population triggered {
  "currentVectorStoreSize": 3,
  "documentsCount": 0,
  "filesCount": 6,
  "isInitialLoad": true,
}
[90mstdout[2m | src/components/Gamification/NailedItBadge.stories.tsx[2m > [22m[2mDefault
[22m[39m[FilesContext] Vector store population complete - 3 total embeddings
[90mstdout[2m | src/components/Gamification/NailedItBadge.stories.tsx[2m > [22m[2mDefault
[22m[39m[ChatContext] Chat exists and not archived, skipping creation
[90mstdout[2m | src/components/Gamification/NailedItBadge.stories.tsx[2m > [22m[2mDefault
[22m[39m[Mock Storage] downloadData called with: undefined
[90mstdout[2m | src/components/Gamification/NailedItBadge.stories.tsx[2m > [22m[2mCustom Size
[22m[39m[ChatContext] Cleaning up subscriptions
[90mstdout[2m | src/components/Gamification/NailedItBadge.stories.tsx[2m > [22m[2mCustom Size
[22m[39m[Mock Data] Unit.onUpdate() subscription removed. Remaining: 0
[90mstdout[2m | src/components/Gamification/NailedItBadge.stories.tsx[2m > [22m[2mCustom Size
[22m[39m[MOCK CourseVectorStore] Initialized with mock data
[90mstdout[2m | src/components/Gamification/NailedItBadge.stories.tsx[2m > [22m[2mCustom Size
[22m[39m[TranslationModeController] Setting mode to: off
[90mstdout[2m | src/components/Gamification/NailedItBadge.stories.tsx[2m > [22m[2mCustom Size
[22m[39m[UnitContext] useEffect triggered {
  "authLoading": false,
  "hasUser": true,
  "id": "mock-unit-id",
  "userSub": "mock-user-sub",
}
[90mstdout[2m | src/components/Gamification/NailedItBadge.stories.tsx[2m > [22m[2mCustom Size
[22m[39m[UnitContext] Fetching unit data for id: mock-unit-id
[90mstdout[2m | src/components/Gamification/NailedItBadge.stories.tsx[2m > [22m[2mCustom Size
[22m[39m[FilesContext] Initializing vector store from IndexedDB
[90mstdout[2m | src/components/Gamification/NailedItBadge.stories.tsx[2m > [22m[2mCustom Size
[22m[39m[FilesContext] fetchFiles called
[90mstdout[2m | src/components/Gamification/NailedItBadge.stories.tsx[2m > [22m[2mCustom Size
[22m[39m[FilesContext] User authenticated: mock-user-sub
[90mstdout[2m | src/components/Gamification/NailedItBadge.stories.tsx[2m > [22m[2mCustom Size
[22m[39m[FilesContext] Identity ID: us-east-1:mock-identity-123
[90mstdout[2m | src/components/Gamification/NailedItBadge.stories.tsx[2m > [22m[2mCustom Size
[22m[39m[FilesContext] About to set up File observeQuery
[90mstdout[2m | src/components/Gamification/NailedItBadge.stories.tsx[2m > [22m[2mCustom Size
[22m[39m[ChatContext] Setting up AssistantChat observeQuery
[90mstdout[2m | src/components/Gamification/NailedItBadge.stories.tsx[2m > [22m[2mCustom Size
[22m[39m[ChatContext] Waiting for subscription to initialize
[90mstdout[2m | src/components/Gamification/NailedItBadge.stories.tsx[2m > [22m[2mCustom Size
[22m[39m[SettingsContext] Setting up Settings subscription for user: mock-user-sub
[90mstdout[2m | src/components/Gamification/NailedItBadge.stories.tsx[2m > [22m[2mCustom Size
[22m[39m[Mock Data] Settings created: mock-settings-1790419084749 - notified 0 subscribers
[90mstdout[2m | src/components/Gamification/NailedItBadge.stories.tsx[2m > [22m[2mCustom Size
[22m[39m[Mock Data] Unit.onUpdate() subscription added. Total: 1
[90mstdout[2m | src/components/Gamification/NailedItBadge.stories.tsx[2m > [22m[2mCustom Size
[22m[39m[SectionContext] Section observeQuery update: 0
[90mstdout[2m | src/components/Gamification/NailedItBadge.stories.tsx[2m > [22m[2mCustom Size
[22m[39m[FilesContext] File observeQuery update: 6 files
[90mstdout[2m | src/components/Gamification/NailedItBadge.stories.tsx[2m > [22m[2mCustom Size
[22m[39m[ChatContext] AssistantChat initialized with 1 chats
[90mstdout[2m | src/components/Gamification/NailedItBadge.stories.tsx[2m > [22m[2mCustom Size
[22m[39m[ChatContext] Setting initial chat: mock-assistant-chat-1
[90mstdout[2m | src/components/Gamification/NailedItBadge.stories.tsx[2m > [22m[2mCustom Size
[22m[39m[Mock Storage] downloadData called with: undefined
[90mstdout[2m | src/components/Gamification/NailedItBadge.stories.tsx[2m > [22m[2mCustom Size
[22m[39m[MOCK CourseVectorStore] Initialized with mock data
[90mstdout[2m | src/components/Gamification/NailedItBadge.stories.tsx[2m > [22m[2mCustom Size
[22m[39m[FilesContext] Vector store population triggered {
  "currentVectorStoreSize": 3,
  "documentsCount": 0,
  "filesCount": 6,
  "isInitialLoad": true,
}
[90mstdout[2m | src/components/Gamification/NailedItBadge.stories.tsx[2m > [22m[2mCustom Size
[22m[39m[FilesContext] Vector store population complete - 3 total embeddings
[90mstdout[2m | src/components/Gamification/NailedItBadge.stories.tsx[2m > [22m[2mCustom Size
[22m[39m[ChatContext] Chat exists and not archived, skipping creation
 [32m✓[39m [30m[45m storybook (chromium) [49m[39m src/components/Gamification/NailedItBadge.stories.tsx [2m([22m[2m2 tests[22m[2m)[22m[32m 236[2mms[22m[39m
[90mstdout[2m | unknown test
[22m[39m[MOCK vectorStoreDB.js] Module loaded - mock IndexedDB operations
[90mstdout[2m | unknown test
[22m[39m[Task Completion] DOM action listeners initialized
[90mstdout[2m | unknown test
[22m[39m[Task Completion] Auto-completion detector initialized
[90mstdout[2m | unknown test
[22m[39m[Preview] Task completion detector initialized
[90mstdout[2m | src/components/Section/RosterEnrollDialog.stories.jsx[2m > [22m[2mDefault
[22m[39m[MOCK CourseVectorStore] Initialized with mock data
[90mstdout[2m | src/components/Section/RosterEnrollDialog.stories.jsx[2m > [22m[2mDefault
[22m[39m[TranslationModeController] Setting mode to: off
[90mstdout[2m | src/components/Section/RosterEnrollDialog.stories.jsx[2m > [22m[2mDefault
[22m[39m[UnitContext] useEffect triggered {
  "authLoading": false,
  "hasUser": true,
  "id": "mock-unit-id",
  "userSub": "mock-user-sub",
}
[90mstdout[2m | src/components/Section/RosterEnrollDialog.stories.jsx[2m > [22m[2mDefault
[22m[39m[UnitContext] Fetching unit data for id: mock-unit-id
[90mstdout[2m | src/components/Section/RosterEnrollDialog.stories.jsx[2m > [22m[2mDefault
[22m[39m[FilesContext] Initializing vector store from IndexedDB
[90mstdout[2m | src/components/Section/RosterEnrollDialog.stories.jsx[2m > [22m[2mDefault
[22m[39m[FilesContext] fetchFiles called
[90mstdout[2m | src/components/Section/RosterEnrollDialog.stories.jsx[2m > [22m[2mDefault
[22m[39m[FilesContext] User authenticated: mock-user-sub
[90mstdout[2m | src/components/Section/RosterEnrollDialog.stories.jsx[2m > [22m[2mDefault
[22m[39m[FilesContext] Identity ID: us-east-1:mock-identity-123
[90mstdout[2m | src/components/Section/RosterEnrollDialog.stories.jsx[2m > [22m[2mDefault
[22m[39m[FilesContext] About to set up File observeQuery
[90mstdout[2m | src/components/Section/RosterEnrollDialog.stories.jsx[2m > [22m[2mDefault
[22m[39m[ChatContext] Setting up AssistantChat observeQuery
[90mstdout[2m | src/components/Section/RosterEnrollDialog.stories.jsx[2m > [22m[2mDefault
[22m[39m[ChatContext] Waiting for subscription to initialize
[90mstdout[2m | src/components/Section/RosterEnrollDialog.stories.jsx[2m > [22m[2mDefault
[22m[39m[SettingsContext] Setting up Settings subscription for user: mock-user-sub
[90mstdout[2m | src/components/Section/RosterEnrollDialog.stories.jsx[2m > [22m[2mDefault
[22m[39m[Mock Data] Settings created: mock-settings-1790419085259 - notified 0 subscribers
[90mstdout[2m | src/components/Section/RosterEnrollDialog.stories.jsx[2m > [22m[2mDefault
[22m[39m[Mock Data] Unit.onUpdate() subscription added. Total: 1
[90mstdout[2m | src/components/Section/RosterEnrollDialog.stories.jsx[2m > [22m[2mDefault
[22m[39m[SectionContext] Section observeQuery update: 0
[90mstdout[2m | src/components/Section/RosterEnrollDialog.stories.jsx[2m > [22m[2mDefault
[22m[39m[FilesContext] File observeQuery update: 6 files
[90mstdout[2m | src/components/Section/RosterEnrollDialog.stories.jsx[2m > [22m[2mDefault
[22m[39m[ChatContext] AssistantChat initialized with 1 chats
[90mstdout[2m | src/components/Section/RosterEnrollDialog.stories.jsx[2m > [22m[2mDefault
[22m[39m[ChatContext] Setting initial chat: mock-assistant-chat-1
[90mstdout[2m | src/components/Section/RosterEnrollDialog.stories.jsx[2m > [22m[2mDefault
[22m[39m[MOCK CourseVectorStore] Initialized with mock data
[90mstdout[2m | src/components/Section/RosterEnrollDialog.stories.jsx[2m > [22m[2mDefault
[22m[39m[FilesContext] Vector store population triggered {
  "currentVectorStoreSize": 3,
  "documentsCount": 0,
  "filesCount": 6,
  "isInitialLoad": true,
}
[90mstdout[2m | src/components/Section/RosterEnrollDialog.stories.jsx[2m > [22m[2mDefault
[22m[39m[FilesContext] Vector store population complete - 3 total embeddings
[90mstdout[2m | src/components/Section/RosterEnrollDialog.stories.jsx[2m > [22m[2mDefault
[22m[39m[ChatContext] Chat exists and not archived, skipping creation
[90mstdout[2m | src/components/Section/RosterEnrollDialog.stories.jsx[2m > [22m[2mDefault
[22m[39m[Mock Storage] downloadData called with: undefined
 [32m✓[39m [30m[45m storybook (chromium) [49m[39m src/components/Section/RosterEnrollDialog.stories.jsx [2m([22m[2m1 test[22m[2m)[22m[32m 191[2mms[22m[39m
[90mstdout[2m | unknown test
[22m[39m[MOCK vectorStoreDB.js] Module loaded - mock IndexedDB operations
[90mstdout[2m | unknown test
[22m[39m[Task Completion] DOM action listeners initialized
[90mstdout[2m | unknown test
[22m[39m[Task Completion] Auto-completion detector initialized
[90mstdout[2m | unknown test
[22m[39m[Preview] Task completion detector initialized
[90mstdout[2m | src/components/Workbook/TutorCursorOverlay.stories.tsx[2m > [22m[2mNo Tutors
[22m[39m[MOCK CourseVectorStore] Initialized with mock data
[90mstdout[2m | src/components/Workbook/TutorCursorOverlay.stories.tsx[2m > [22m[2mNo Tutors
[22m[39m[TranslationModeController] Setting mode to: off
[90mstdout[2m | src/components/Workbook/TutorCursorOverlay.stories.tsx[2m > [22m[2mNo Tutors
[22m[39m[FilesContext] Initializing vector store from IndexedDB
[90mstdout[2m | src/components/Workbook/TutorCursorOverlay.stories.tsx[2m > [22m[2mNo Tutors
[22m[39m[FilesContext] fetchFiles called
[90mstdout[2m | src/components/Workbook/TutorCursorOverlay.stories.tsx[2m > [22m[2mNo Tutors
[22m[39m[FilesContext] User authenticated: mock-user-sub
[90mstdout[2m | src/components/Workbook/TutorCursorOverlay.stories.tsx[2m > [22m[2mNo Tutors
[22m[39m[FilesContext] Identity ID: us-east-1:mock-identity-123
[90mstdout[2m | src/components/Workbook/TutorCursorOverlay.stories.tsx[2m > [22m[2mNo Tutors
[22m[39m[FilesContext] About to set up File observeQuery
[90mstdout[2m | src/components/Workbook/TutorCursorOverlay.stories.tsx[2m > [22m[2mNo Tutors
[22m[39m[ChatContext] Setting up AssistantChat observeQuery
[90mstdout[2m | src/components/Workbook/TutorCursorOverlay.stories.tsx[2m > [22m[2mNo Tutors
[22m[39m[ChatContext] Waiting for subscription to initialize
[90mstdout[2m | src/components/Workbook/TutorCursorOverlay.stories.tsx[2m > [22m[2mNo Tutors
[22m[39m[SettingsContext] Setting up Settings subscription for user: mock-user-sub
[90mstdout[2m | src/components/Workbook/TutorCursorOverlay.stories.tsx[2m > [22m[2mNo Tutors
[22m[39m[Mock Data] Settings created: mock-settings-1790419085830 - notified 0 subscribers
[90mstdout[2m | src/components/Workbook/TutorCursorOverlay.stories.tsx[2m > [22m[2mNo Tutors
[22m[39m[FilesContext] File observeQuery update: 6 files
[90mstdout[2m | src/components/Workbook/TutorCursorOverlay.stories.tsx[2m > [22m[2mNo Tutors
[22m[39m[ChatContext] AssistantChat initialized with 1 chats
[90mstdout[2m | src/components/Workbook/TutorCursorOverlay.stories.tsx[2m > [22m[2mNo Tutors
[22m[39m[ChatContext] Setting initial chat: mock-assistant-chat-1
[90mstdout[2m | src/components/Workbook/TutorCursorOverlay.stories.tsx[2m > [22m[2mNo Tutors
[22m[39m[MOCK CourseVectorStore] Initialized with mock data
[90mstdout[2m | src/components/Workbook/TutorCursorOverlay.stories.tsx[2m > [22m[2mNo Tutors
[22m[39m[FilesContext] Vector store population triggered {
  "currentVectorStoreSize": 3,
  "documentsCount": 0,
  "filesCount": 6,
  "isInitialLoad": true,
}
[90mstdout[2m | src/components/Workbook/TutorCursorOverlay.stories.tsx[2m > [22m[2mNo Tutors
[22m[39m[FilesContext] Vector store population complete - 3 total embeddings
[90mstdout[2m | src/components/Workbook/TutorCursorOverlay.stories.tsx[2m > [22m[2mNo Tutors
[22m[39m[ChatContext] Chat exists and not archived, skipping creation
[90mstdout[2m | src/components/Workbook/TutorCursorOverlay.stories.tsx[2m > [22m[2mNo Tutors
[22m[39m[Mock Storage] downloadData called with: undefined
[90mstdout[2m | src/components/Workbook/TutorCursorOverlay.stories.tsx[2m > [22m[2mDisabled
[22m[39m[ChatContext] Cleaning up subscriptions
[90mstdout[2m | src/components/Workbook/TutorCursorOverlay.stories.tsx[2m > [22m[2mDisabled
[22m[39m[MOCK CourseVectorStore] Initialized with mock data
[90mstdout[2m | src/components/Workbook/TutorCursorOverlay.stories.tsx[2m > [22m[2mDisabled
[22m[39m[TranslationModeController] Setting mode to: off
[90mstdout[2m | src/components/Workbook/TutorCursorOverlay.stories.tsx[2m > [22m[2mDisabled
[22m[39m[FilesContext] Initializing vector store from IndexedDB
[90mstdout[2m | src/components/Workbook/TutorCursorOverlay.stories.tsx[2m > [22m[2mDisabled
[22m[39m[FilesContext] fetchFiles called
[90mstdout[2m | src/components/Workbook/TutorCursorOverlay.stories.tsx[2m > [22m[2mDisabled
[22m[39m[FilesContext] User authenticated: mock-user-sub
[90mstdout[2m | src/components/Workbook/TutorCursorOverlay.stories.tsx[2m > [22m[2mDisabled
[22m[39m[FilesContext] Identity ID: us-east-1:mock-identity-123
[90mstdout[2m | src/components/Workbook/TutorCursorOverlay.stories.tsx[2m > [22m[2mDisabled
[22m[39m[FilesContext] About to set up File observeQuery
[90mstdout[2m | src/components/Workbook/TutorCursorOverlay.stories.tsx[2m > [22m[2mDisabled
[22m[39m[ChatContext] Setting up AssistantChat observeQuery
[90mstdout[2m | src/components/Workbook/TutorCursorOverlay.stories.tsx[2m > [22m[2mDisabled
[22m[39m[ChatContext] Waiting for subscription to initialize
[90mstdout[2m | src/components/Workbook/TutorCursorOverlay.stories.tsx[2m > [22m[2mDisabled
[22m[39m[SettingsContext] Setting up Settings subscription for user: mock-user-sub
[90mstdout[2m | src/components/Workbook/TutorCursorOverlay.stories.tsx[2m > [22m[2mDisabled
[22m[39m[Mock Data] Settings created: mock-settings-1790419085947 - notified 0 subscribers
[90mstdout[2m | src/components/Workbook/TutorCursorOverlay.stories.tsx[2m > [22m[2mDisabled
[22m[39m[Mock Storage] downloadData called with: undefined
[90mstdout[2m | src/components/Workbook/TutorCursorOverlay.stories.tsx[2m > [22m[2mDisabled
[22m[39m[FilesContext] File observeQuery update: 6 files
[90mstdout[2m | src/components/Workbook/TutorCursorOverlay.stories.tsx[2m > [22m[2mDisabled
[22m[39m[ChatContext] AssistantChat initialized with 1 chats
[90mstdout[2m | src/components/Workbook/TutorCursorOverlay.stories.tsx[2m > [22m[2mDisabled
[22m[39m[ChatContext] Setting initial chat: mock-assistant-chat-1
[90mstdout[2m | src/components/Workbook/TutorCursorOverlay.stories.tsx[2m > [22m[2mDisabled
[22m[39m[MOCK CourseVectorStore] Initialized with mock data
[90mstdout[2m | src/components/Workbook/TutorCursorOverlay.stories.tsx[2m > [22m[2mDisabled
[22m[39m[FilesContext] Vector store population triggered {
  "currentVectorStoreSize": 3,
  "documentsCount": 0,
  "filesCount": 6,
  "isInitialLoad": true,
}
[90mstdout[2m | src/components/Workbook/TutorCursorOverlay.stories.tsx[2m > [22m[2mDisabled
[22m[39m[FilesContext] Vector store population complete - 3 total embeddings
[90mstdout[2m | src/components/Workbook/TutorCursorOverlay.stories.tsx[2m > [22m[2mDisabled
[22m[39m[ChatContext] Chat exists and not archived, skipping creation
 [32m✓[39m [30m[45m storybook (chromium) [49m[39m src/components/Workbook/TutorCursorOverlay.stories.tsx [2m([22m[2m2 tests[22m[2m)[22m[32m 201[2mms[22m[39m
[90mstdout[2m | unknown test
[22m[39m[MOCK vectorStoreDB.js] Module loaded - mock IndexedDB operations
[90mstdout[2m | unknown test
[22m[39m[Task Completion] DOM action listeners initialized
[90mstdout[2m | unknown test
[22m[39m[Task Completion] Auto-completion detector initialized
[90mstdout[2m | unknown test
[22m[39m[Preview] Task completion detector initialized
[90mstdout[2m | src/components/Gamification/XPToast.stories.tsx[2m > [22m[2mXP Toast Open
[22m[39m[MOCK CourseVectorStore] Initialized with mock data
[90mstdout[2m | src/components/Gamification/XPToast.stories.tsx[2m > [22m[2mXP Toast Open
[22m[39m[TranslationModeController] Setting mode to: off
[90mstdout[2m | src/components/Gamification/XPToast.stories.tsx[2m > [22m[2mXP Toast Open
[22m[39m[UnitContext] useEffect triggered {
  "authLoading": false,
  "hasUser": true,
  "id": "mock-unit-id",
  "userSub": "mock-user-sub",
}
[90mstdout[2m | src/components/Gamification/XPToast.stories.tsx[2m > [22m[2mXP Toast Open
[22m[39m[UnitContext] Fetching unit data for id: mock-unit-id
[90mstdout[2m | src/components/Gamification/XPToast.stories.tsx[2m > [22m[2mXP Toast Open
[22m[39m[FilesContext] Initializing vector store from IndexedDB
[90mstdout[2m | src/components/Gamification/XPToast.stories.tsx[2m > [22m[2mXP Toast Open
[22m[39m[FilesContext] fetchFiles called
[90mstdout[2m | src/components/Gamification/XPToast.stories.tsx[2m > [22m[2mXP Toast Open
[22m[39m[FilesContext] User authenticated: mock-user-sub
[90mstdout[2m | src/components/Gamification/XPToast.stories.tsx[2m > [22m[2mXP Toast Open
[22m[39m[FilesContext] Identity ID: us-east-1:mock-identity-123
[90mstdout[2m | src/components/Gamification/XPToast.stories.tsx[2m > [22m[2mXP Toast Open
[22m[39m[FilesContext] About to set up File observeQuery
[90mstdout[2m | src/components/Gamification/XPToast.stories.tsx[2m > [22m[2mXP Toast Open
[22m[39m[ChatContext] Setting up AssistantChat observeQuery
[90mstdout[2m | src/components/Gamification/XPToast.stories.tsx[2m > [22m[2mXP Toast Open
[22m[39m[ChatContext] Waiting for subscription to initialize
[90mstdout[2m | src/components/Gamification/XPToast.stories.tsx[2m > [22m[2mXP Toast Open
[22m[39m[SettingsContext] Setting up Settings subscription for user: mock-user-sub
[90mstdout[2m | src/components/Gamification/XPToast.stories.tsx[2m > [22m[2mXP Toast Open
[22m[39m[Mock Data] Settings created: mock-settings-1790419086415 - notified 0 subscribers
[90mstdout[2m | src/components/Gamification/XPToast.stories.tsx[2m > [22m[2mXP Toast Open
[22m[39m[Mock Data] Unit.onUpdate() subscription added. Total: 1
[90mstdout[2m | src/components/Gamification/XPToast.stories.tsx[2m > [22m[2mXP Toast Open
[22m[39m[SectionContext] Section observeQuery update: 0
[90mstdout[2m | src/components/Gamification/XPToast.stories.tsx[2m > [22m[2mXP Toast Open
[22m[39m[FilesContext] File observeQuery update: 6 files
[90mstdout[2m | src/components/Gamification/XPToast.stories.tsx[2m > [22m[2mXP Toast Open
[22m[39m[ChatContext] AssistantChat initialized with 1 chats
[90mstdout[2m | src/components/Gamification/XPToast.stories.tsx[2m > [22m[2mXP Toast Open
[22m[39m[ChatContext] Setting initial chat: mock-assistant-chat-1
[90mstdout[2m | src/components/Gamification/XPToast.stories.tsx[2m > [22m[2mXP Toast Open
[22m[39m[MOCK CourseVectorStore] Initialized with mock data
[90mstdout[2m | src/components/Gamification/XPToast.stories.tsx[2m > [22m[2mXP Toast Open
[22m[39m[FilesContext] Vector store population triggered {
  "currentVectorStoreSize": 3,
  "documentsCount": 0,
  "filesCount": 6,
  "isInitialLoad": true,
}
[90mstdout[2m | src/components/Gamification/XPToast.stories.tsx[2m > [22m[2mXP Toast Open
[22m[39m[FilesContext] Vector store population complete - 3 total embeddings
[90mstdout[2m | src/components/Gamification/XPToast.stories.tsx[2m > [22m[2mXP Toast Open
[22m[39m[ChatContext] Chat exists and not archived, skipping creation
[90mstdout[2m | src/components/Gamification/XPToast.stories.tsx[2m > [22m[2mXP Toast Open
[22m[39m[Mock Storage] downloadData called with: undefined
 [32m✓[39m [30m[45m storybook (chromium) [49m[39m src/components/Gamification/XPToast.stories.tsx [2m([22m[2m1 test[22m[2m)[22m[32m 146[2mms[22m[39m
[90mstdout[2m | unknown test
[22m[39m[MOCK vectorStoreDB.js] Module loaded - mock IndexedDB operations
[90mstdout[2m | unknown test
[22m[39m[Task Completion] DOM action listeners initialized
[90mstdout[2m | unknown test
[22m[39m[Task Completion] Auto-completion detector initialized
[90mstdout[2m | unknown test
[22m[39m[Preview] Task completion detector initialized
[90mstdout[2m | src/components/Gamification/EasterEggToast.stories.tsx[2m > [22m[2mFound
[22m[39m[TranslationModeController] Setting mode to: off
[90mstdout[2m | src/components/Gamification/EasterEggToast.stories.tsx[2m > [22m[2mHigh Reward
[22m[39m[TranslationModeController] Setting mode to: off
 [32m✓[39m [30m[45m storybook (chromium) [49m[39m src/components/Gamification/EasterEggToast.stories.tsx [2m([22m[2m2 tests[22m[2m)[22m[32m 201[2mms[22m[39m
[90mstdout[2m | unknown test
[22m[39m[MOCK vectorStoreDB.js] Module loaded - mock IndexedDB operations
[90mstdout[2m | unknown test
[22m[39m[Task Completion] DOM action listeners initialized
[90mstdout[2m | unknown test
[22m[39m[Task Completion] Auto-completion detector initialized
[90mstdout[2m | unknown test
[22m[39m[Preview] Task completion detector initialized
[90mstdout[2m | src/components/OfflineBanner.stories.tsx[2m > [22m[2mOnline (hidden)
[22m[39m[TranslationModeController] Setting mode to: off
[90mstdout[2m | src/components/OfflineBanner.stories.tsx[2m > [22m[2mOffline Warning
[22m[39m[TranslationModeController] Setting mode to: off
 [32m✓[39m [30m[45m storybook (chromium) [49m[39m src/components/OfflineBanner.stories.tsx [2m([22m[2m2 tests[22m[2m)[22m[32m 163[2mms[22m[39m
[90mstdout[2m | unknown test
[22m[39m[MOCK vectorStoreDB.js] Module loaded - mock IndexedDB operations
[90mstdout[2m | unknown test
[22m[39m[Task Completion] DOM action listeners initialized
[90mstdout[2m | unknown test
[22m[39m[Task Completion] Auto-completion detector initialized
[90mstdout[2m | unknown test
[22m[39m[Preview] Task completion detector initialized
[90mstdout[2m | src/components/Gamification/NailedItWall.stories.tsx[2m > [22m[2mWall Story
[22m[39m[MOCK CourseVectorStore] Initialized with mock data
[90mstdout[2m | src/components/Gamification/NailedItWall.stories.tsx[2m > [22m[2mWall Story
[22m[39m[TranslationModeController] Setting mode to: off
[90mstdout[2m | src/components/Gamification/NailedItWall.stories.tsx[2m > [22m[2mWall Story
[22m[39m[UnitContext] useEffect triggered {
  "authLoading": false,
  "hasUser": true,
  "id": "mock-unit-id",
  "userSub": "mock-user-sub",
}
[90mstdout[2m | src/components/Gamification/NailedItWall.stories.tsx[2m > [22m[2mWall Story
[22m[39m[UnitContext] Fetching unit data for id: mock-unit-id
[90mstdout[2m | src/components/Gamification/NailedItWall.stories.tsx[2m > [22m[2mWall Story
[22m[39m[FilesContext] Initializing vector store from IndexedDB
[90mstdout[2m | src/components/Gamification/NailedItWall.stories.tsx[2m > [22m[2mWall Story
[22m[39m[FilesContext] fetchFiles called
[90mstdout[2m | src/components/Gamification/NailedItWall.stories.tsx[2m > [22m[2mWall Story
[22m[39m[FilesContext] User authenticated: mock-user-sub
[90mstdout[2m | src/components/Gamification/NailedItWall.stories.tsx[2m > [22m[2mWall Story
[22m[39m[FilesContext] Identity ID: us-east-1:mock-identity-123
[90mstdout[2m | src/components/Gamification/NailedItWall.stories.tsx[2m > [22m[2mWall Story
[22m[39m[FilesContext] About to set up File observeQuery
[90mstdout[2m | src/components/Gamification/NailedItWall.stories.tsx[2m > [22m[2mWall Story
[22m[39m[ChatContext] Setting up AssistantChat observeQuery
[90mstdout[2m | src/components/Gamification/NailedItWall.stories.tsx[2m > [22m[2mWall Story
[22m[39m[ChatContext] Waiting for subscription to initialize
[90mstdout[2m | src/components/Gamification/NailedItWall.stories.tsx[2m > [22m[2mWall Story
[22m[39m[SettingsContext] Setting up Settings subscription for user: mock-user-sub
[90mstdout[2m | src/components/Gamification/NailedItWall.stories.tsx[2m > [22m[2mWall Story
[22m[39m[Mock Data] Settings created: mock-settings-1790419091060 - notified 0 subscribers
[90mstdout[2m | src/components/Gamification/NailedItWall.stories.tsx[2m > [22m[2mWall Story
[22m[39m[Mock Data] Unit.onUpdate() subscription added. Total: 1
[90mstdout[2m | src/components/Gamification/NailedItWall.stories.tsx[2m > [22m[2mWall Story
[22m[39m[SectionContext] Section observeQuery update: 0
[90mstdout[2m | src/components/Gamification/NailedItWall.stories.tsx[2m > [22m[2mWall Story
[22m[39m[FilesContext] File observeQuery update: 6 files
[90mstdout[2m | src/components/Gamification/NailedItWall.stories.tsx[2m > [22m[2mWall Story
[22m[39m[ChatContext] AssistantChat initialized with 1 chats
[90mstdout[2m | src/components/Gamification/NailedItWall.stories.tsx[2m > [22m[2mWall Story
[22m[39m[ChatContext] Setting initial chat: mock-assistant-chat-1
[90mstdout[2m | src/components/Gamification/NailedItWall.stories.tsx[2m > [22m[2mWall Story
[22m[39m[MOCK CourseVectorStore] Initialized with mock data
[90mstdout[2m | src/components/Gamification/NailedItWall.stories.tsx[2m > [22m[2mWall Story
[22m[39m[FilesContext] Vector store population triggered {
  "currentVectorStoreSize": 3,
  "documentsCount": 0,
  "filesCount": 6,
  "isInitialLoad": true,
}
[90mstdout[2m | src/components/Gamification/NailedItWall.stories.tsx[2m > [22m[2mWall Story
[22m[39m[FilesContext] Vector store population complete - 3 total embeddings
[90mstdout[2m | src/components/Gamification/NailedItWall.stories.tsx[2m > [22m[2mWall Story
[22m[39m[ChatContext] Chat exists and not archived, skipping creation
[90mstdout[2m | src/components/Gamification/NailedItWall.stories.tsx[2m > [22m[2mWall Story
[22m[39m[Mock Storage] downloadData called with: undefined
 [32m✓[39m [30m[45m storybook (chromium) [49m[39m src/components/Gamification/NailedItWall.stories.tsx [2m([22m[2m1 test[22m[2m)[22m[32m 178[2mms[22m[39m
[90mstdout[2m | unknown test
[22m[39m[MOCK vectorStoreDB.js] Module loaded - mock IndexedDB operations
[90mstdout[2m | unknown test
[22m[39m[Task Completion] DOM action listeners initialized
[90mstdout[2m | unknown test
[22m[39m[Task Completion] Auto-completion detector initialized
[90mstdout[2m | unknown test
[22m[39m[Preview] Task completion detector initialized
[90mstdout[2m | src/components/Gamification/EasterEggTrigger.stories.tsx[2m > [22m[2mDefault
[22m[39m[TranslationModeController] Setting mode to: off
[90mstdout[2m | src/components/Gamification/EasterEggTrigger.stories.tsx[2m > [22m[2mAlready Found
[22m[39m[TranslationModeController] Setting mode to: off
 [32m✓[39m [30m[45m storybook (chromium) [49m[39m src/components/Gamification/EasterEggTrigger.stories.tsx [2m([22m[2m2 tests[22m[2m)[22m[32m 160[2mms[22m[39m
[90mstdout[2m | unknown test
[22m[39m[MOCK vectorStoreDB.js] Module loaded - mock IndexedDB operations
[90mstdout[2m | unknown test
[22m[39m[Task Completion] DOM action listeners initialized
[90mstdout[2m | unknown test
[22m[39m[Task Completion] Auto-completion detector initialized
[90mstdout[2m | unknown test
[22m[39m[Preview] Task completion detector initialized
[90mstdout[2m | src/components/Editor3/plugins/UnitCompletedPlugin.stories.jsx[2m > [22m[2mInteractive
[22m[39m[Preview] Skipped initializing default mock data (initializeMockData=false)
[90mstdout[2m | src/components/Editor3/plugins/UnitCompletedPlugin.stories.jsx[2m > [22m[2mInteractive
[22m[39m[Mock Data] seedMockUnit: Adding unit unit-completed-story-unit
[90mstdout[2m | src/components/Editor3/plugins/UnitCompletedPlugin.stories.jsx[2m > [22m[2mInteractive
[22m[39m[MOCK CourseVectorStore] Initialized with mock data
[90mstdout[2m | src/components/Editor3/plugins/UnitCompletedPlugin.stories.jsx[2m > [22m[2mInteractive
[22m[39m[TranslationModeController] Setting mode to: off
[90mstdout[2m | src/components/Editor3/plugins/UnitCompletedPlugin.stories.jsx[2m > [22m[2mInteractive
[22m[39m[UnitContext] useEffect triggered {
  "authLoading": false,
  "hasUser": true,
  "id": "unit-completed-story-unit",
  "userSub": "mock-user-sub",
}
[90mstdout[2m | src/components/Editor3/plugins/UnitCompletedPlugin.stories.jsx[2m > [22m[2mInteractive
[22m[39m[UnitContext] Fetching unit data for id: unit-completed-story-unit
[90mstdout[2m | src/components/Editor3/plugins/UnitCompletedPlugin.stories.jsx[2m > [22m[2mInteractive
[22m[39m[FilesContext] Initializing vector store from IndexedDB
[90mstdout[2m | src/components/Editor3/plugins/UnitCompletedPlugin.stories.jsx[2m > [22m[2mInteractive
[22m[39m[FilesContext] fetchFiles called
[90mstdout[2m | src/components/Editor3/plugins/UnitCompletedPlugin.stories.jsx[2m > [22m[2mInteractive
[22m[39m[FilesContext] User authenticated: mock-user-sub
[90mstdout[2m | src/components/Editor3/plugins/UnitCompletedPlugin.stories.jsx[2m > [22m[2mInteractive
[22m[39m[FilesContext] Identity ID: us-east-1:mock-identity-123
[90mstdout[2m | src/components/Editor3/plugins/UnitCompletedPlugin.stories.jsx[2m > [22m[2mInteractive
[22m[39m[FilesContext] About to set up File observeQuery
[90mstdout[2m | src/components/Editor3/plugins/UnitCompletedPlugin.stories.jsx[2m > [22m[2mInteractive
[22m[39m[ChatContext] Setting up AssistantChat observeQuery
[90mstdout[2m | src/components/Editor3/plugins/UnitCompletedPlugin.stories.jsx[2m > [22m[2mInteractive
[22m[39m[ChatContext] Waiting for subscription to initialize
[90mstdout[2m | src/components/Editor3/plugins/UnitCompletedPlugin.stories.jsx[2m > [22m[2mInteractive
[22m[39m[SettingsContext] Setting up Settings subscription for user: mock-user-sub
[90mstdout[2m | src/components/Editor3/plugins/UnitCompletedPlugin.stories.jsx[2m > [22m[2mInteractive
[22m[39m[Mock Data] Settings created: mock-settings-1790419092348 - notified 0 subscribers
[90mstdout[2m | src/components/Editor3/plugins/UnitCompletedPlugin.stories.jsx[2m > [22m[2mInteractive
[22m[39m[Mock Data] Unit.onUpdate() subscription added. Total: 1
[90mstdout[2m | src/components/Editor3/plugins/UnitCompletedPlugin.stories.jsx[2m > [22m[2mInteractive
[22m[39m[SectionContext] Section observeQuery update: 0
[90mstdout[2m | src/components/Editor3/plugins/UnitCompletedPlugin.stories.jsx[2m > [22m[2mInteractive
[22m[39m[FilesContext] File observeQuery update: 0 files
[90mstdout[2m | src/components/Editor3/plugins/UnitCompletedPlugin.stories.jsx[2m > [22m[2mInteractive
[22m[39m[ChatContext] AssistantChat initialized with 0 chats
[90mstdout[2m | src/components/Editor3/plugins/UnitCompletedPlugin.stories.jsx[2m > [22m[2mInteractive
[22m[39m[Mock Storage] downloadData called with: undefined
[90mstdout[2m | src/components/Editor3/plugins/UnitCompletedPlugin.stories.jsx[2m > [22m[2mInteractive
[22m[39m[MOCK CourseVectorStore] Initialized with mock data
[90mstdout[2m | src/components/Editor3/plugins/UnitCompletedPlugin.stories.jsx[2m > [22m[2mInteractive
[22m[39m[ChatContext] No current chat available, will create one
[90mstdout[2m | src/components/Editor3/plugins/UnitCompletedPlugin.stories.jsx[2m > [22m[2mInteractive
[22m[39m[ChatContext] Creating AssistantChat with user: undefined
[90mstdout[2m | src/components/Editor3/plugins/UnitCompletedPlugin.stories.jsx[2m > [22m[2mInteractive
[22m[39m[Mock Data] AssistantChat created: mock-assistantchat-1790419092366 - notified 1 subscribers
[90mstdout[2m | src/components/Editor3/plugins/UnitCompletedPlugin.stories.jsx[2m > [22m[2mInteractive
[22m[39m[ChatContext] Create result: {
  "data": {
    "_version": 1,
    "archived": false,
    "chatFiles": [Function anonymous],
    "createdAt": "2026-09-26T10:38:12.366Z",
    "id": "mock-assistantchat-1790419092366",
    "model": "gpt-4",
    "updatedAt": "2026-09-26T10:38:12.366Z",
  },
  "errors": [],
  "hasData": true,
  "hasErrors": true,
}
[90mstdout[2m | src/components/Editor3/plugins/UnitCompletedPlugin.stories.jsx[2m > [22m[2mInteractive
[22m[39m[ChatContext] Created AssistantChat: mock-assistantchat-1790419092366 at: 2026-09-26T10:38:12.366Z
[90mstdout[2m | src/components/Editor3/plugins/UnitCompletedPlugin.stories.jsx[2m > [22m[2mInteractive
[22m[39m[ChatContext] Setting initial chat: mock-assistantchat-1790419092366
[90mstdout[2m | src/components/Editor3/plugins/UnitCompletedPlugin.stories.jsx[2m > [22m[2mInteractive
[22m[39m[ChatContext] Chat exists and not archived, skipping creation
 [32m✓[39m [30m[45m storybook (chromium) [49m[39m src/components/Editor3/plugins/UnitCompletedPlugin.stories.jsx [2m([22m[2m1 test[22m[2m)[22m[32m 154[2mms[22m[39m
[90mstdout[2m | unknown test
[22m[39m[MOCK vectorStoreDB.js] Module loaded - mock IndexedDB operations
[90mstdout[2m | unknown test
[22m[39m[Task Completion] DOM action listeners initialized
[90mstdout[2m | unknown test
[22m[39m[Task Completion] Auto-completion detector initialized
[90mstdout[2m | unknown test
[22m[39m[Preview] Task completion detector initialized
[90mstdout[2m | src/components/Gamification/HomeworkXPSummary.stories.tsx[2m > [22m[2mXP Summary Story
[22m[39m[MOCK CourseVectorStore] Initialized with mock data
[90mstdout[2m | src/components/Gamification/HomeworkXPSummary.stories.tsx[2m > [22m[2mXP Summary Story
[22m[39m[TranslationModeController] Setting mode to: off
[90mstdout[2m | src/components/Gamification/HomeworkXPSummary.stories.tsx[2m > [22m[2mXP Summary Story
[22m[39m[UnitContext] useEffect triggered {
  "authLoading": false,
  "hasUser": true,
  "id": "mock-unit-id",
  "userSub": "mock-user-sub",
}
[90mstdout[2m | src/components/Gamification/HomeworkXPSummary.stories.tsx[2m > [22m[2mXP Summary Story
[22m[39m[UnitContext] Fetching unit data for id: mock-unit-id
[90mstdout[2m | src/components/Gamification/HomeworkXPSummary.stories.tsx[2m > [22m[2mXP Summary Story
[22m[39m[FilesContext] Initializing vector store from IndexedDB
[90mstdout[2m | src/components/Gamification/HomeworkXPSummary.stories.tsx[2m > [22m[2mXP Summary Story
[22m[39m[FilesContext] fetchFiles called
[90mstdout[2m | src/components/Gamification/HomeworkXPSummary.stories.tsx[2m > [22m[2mXP Summary Story
[22m[39m[FilesContext] User authenticated: mock-user-sub
[90mstdout[2m | src/components/Gamification/HomeworkXPSummary.stories.tsx[2m > [22m[2mXP Summary Story
[22m[39m[FilesContext] Identity ID: us-east-1:mock-identity-123
[90mstdout[2m | src/components/Gamification/HomeworkXPSummary.stories.tsx[2m > [22m[2mXP Summary Story
[22m[39m[FilesContext] About to set up File observeQuery
[90mstdout[2m | src/components/Gamification/HomeworkXPSummary.stories.tsx[2m > [22m[2mXP Summary Story
[22m[39m[ChatContext] Setting up AssistantChat observeQuery
[90mstdout[2m | src/components/Gamification/HomeworkXPSummary.stories.tsx[2m > [22m[2mXP Summary Story
[22m[39m[ChatContext] Waiting for subscription to initialize
[90mstdout[2m | src/components/Gamification/HomeworkXPSummary.stories.tsx[2m > [22m[2mXP Summary Story
[22m[39m[SettingsContext] Setting up Settings subscription for user: mock-user-sub
[90mstdout[2m | src/components/Gamification/HomeworkXPSummary.stories.tsx[2m > [22m[2mXP Summary Story
[22m[39m[Mock Data] Settings created: mock-settings-1790419092926 - notified 0 subscribers
[90mstdout[2m | src/components/Gamification/HomeworkXPSummary.stories.tsx[2m > [22m[2mXP Summary Story
[22m[39m[Mock Data] Unit.onUpdate() subscription added. Total: 1
[90mstdout[2m | src/components/Gamification/HomeworkXPSummary.stories.tsx[2m > [22m[2mXP Summary Story
[22m[39m[SectionContext] Section observeQuery update: 0
[90mstdout[2m | src/components/Gamification/HomeworkXPSummary.stories.tsx[2m > [22m[2mXP Summary Story
[22m[39m[FilesContext] File observeQuery update: 6 files
[90mstdout[2m | src/components/Gamification/HomeworkXPSummary.stories.tsx[2m > [22m[2mXP Summary Story
[22m[39m[ChatContext] AssistantChat initialized with 1 chats
[90mstdout[2m | src/components/Gamification/HomeworkXPSummary.stories.tsx[2m > [22m[2mXP Summary Story
[22m[39m[ChatContext] Setting initial chat: mock-assistant-chat-1
[90mstdout[2m | src/components/Gamification/HomeworkXPSummary.stories.tsx[2m > [22m[2mXP Summary Story
[22m[39m[MOCK CourseVectorStore] Initialized with mock data
[90mstdout[2m | src/components/Gamification/HomeworkXPSummary.stories.tsx[2m > [22m[2mXP Summary Story
[22m[39m[FilesContext] Vector store population triggered {
  "currentVectorStoreSize": 3,
  "documentsCount": 0,
  "filesCount": 6,
  "isInitialLoad": true,
}
[90mstdout[2m | src/components/Gamification/HomeworkXPSummary.stories.tsx[2m > [22m[2mXP Summary Story
[22m[39m[FilesContext] Vector store population complete - 3 total embeddings
[90mstdout[2m | src/components/Gamification/HomeworkXPSummary.stories.tsx[2m > [22m[2mXP Summary Story
[22m[39m[ChatContext] Chat exists and not archived, skipping creation
[90mstdout[2m | src/components/Gamification/HomeworkXPSummary.stories.tsx[2m > [22m[2mXP Summary Story
[22m[39m[Mock Storage] downloadData called with: undefined
 [32m✓[39m [30m[45m storybook (chromium) [49m[39m src/components/Gamification/HomeworkXPSummary.stories.tsx [2m([22m[2m1 test[22m[2m)[22m[32m 176[2mms[22m[39m
[90mstdout[2m | unknown test
[22m[39m[MOCK vectorStoreDB.js] Module loaded - mock IndexedDB operations
[90mstdout[2m | unknown test
[22m[39m[Task Completion] DOM action listeners initialized
[90mstdout[2m | unknown test
[22m[39m[Task Completion] Auto-completion detector initialized
[90mstdout[2m | unknown test
[22m[39m[Preview] Task completion detector initialized
[90mstdout[2m | src/components/Gamification/EasterEggLayer.stories.tsx[2m > [22m[2mDefault
[22m[39m[MOCK CourseVectorStore] Initialized with mock data
[90mstdout[2m | src/components/Gamification/EasterEggLayer.stories.tsx[2m > [22m[2mDefault
[22m[39m[TranslationModeController] Setting mode to: off
[90mstdout[2m | src/components/Gamification/EasterEggLayer.stories.tsx[2m > [22m[2mDefault
[22m[39m[UnitContext] useEffect triggered {
  "authLoading": false,
  "hasUser": true,
  "id": "mock-unit-id",
  "userSub": "mock-user-sub",
}
[90mstdout[2m | src/components/Gamification/EasterEggLayer.stories.tsx[2m > [22m[2mDefault
[22m[39m[UnitContext] Fetching unit data for id: mock-unit-id
[90mstdout[2m | src/components/Gamification/EasterEggLayer.stories.tsx[2m > [22m[2mDefault
[22m[39m[FilesContext] Initializing vector store from IndexedDB
[90mstdout[2m | src/components/Gamification/EasterEggLayer.stories.tsx[2m > [22m[2mDefault
[22m[39m[FilesContext] fetchFiles called
[90mstdout[2m | src/components/Gamification/EasterEggLayer.stories.tsx[2m > [22m[2mDefault
[22m[39m[FilesContext] User authenticated: mock-user-sub
[90mstdout[2m | src/components/Gamification/EasterEggLayer.stories.tsx[2m > [22m[2mDefault
[22m[39m[FilesContext] Identity ID: us-east-1:mock-identity-123
[90mstdout[2m | src/components/Gamification/EasterEggLayer.stories.tsx[2m > [22m[2mDefault
[22m[39m[FilesContext] About to set up File observeQuery
[90mstdout[2m | src/components/Gamification/EasterEggLayer.stories.tsx[2m > [22m[2mDefault
[22m[39m[ChatContext] Setting up AssistantChat observeQuery
[90mstdout[2m | src/components/Gamification/EasterEggLayer.stories.tsx[2m > [22m[2mDefault
[22m[39m[ChatContext] Waiting for subscription to initialize
[90mstdout[2m | src/components/Gamification/EasterEggLayer.stories.tsx[2m > [22m[2mDefault
[22m[39m[SettingsContext] Setting up Settings subscription for user: mock-user-sub
[90mstdout[2m | src/components/Gamification/EasterEggLayer.stories.tsx[2m > [22m[2mDefault
[22m[39m[Mock Data] Settings created: mock-settings-1790419093946 - notified 0 subscribers
[90mstdout[2m | src/components/Gamification/EasterEggLayer.stories.tsx[2m > [22m[2mDefault
[22m[39m[Mock Data] Unit.onUpdate() subscription added. Total: 1
[90mstdout[2m | src/components/Gamification/EasterEggLayer.stories.tsx[2m > [22m[2mDefault
[22m[39m[SectionContext] Section observeQuery update: 0
[90mstdout[2m | src/components/Gamification/EasterEggLayer.stories.tsx[2m > [22m[2mDefault
[22m[39m[FilesContext] File observeQuery update: 6 files
[90mstdout[2m | src/components/Gamification/EasterEggLayer.stories.tsx[2m > [22m[2mDefault
[22m[39m[ChatContext] AssistantChat initialized with 1 chats
[90mstdout[2m | src/components/Gamification/EasterEggLayer.stories.tsx[2m > [22m[2mDefault
[22m[39m[ChatContext] Setting initial chat: mock-assistant-chat-1
[90mstdout[2m | src/components/Gamification/EasterEggLayer.stories.tsx[2m > [22m[2mDefault
[22m[39m[MOCK CourseVectorStore] Initialized with mock data
[90mstdout[2m | src/components/Gamification/EasterEggLayer.stories.tsx[2m > [22m[2mDefault
[22m[39m[FilesContext] Vector store population triggered {
  "currentVectorStoreSize": 3,
  "documentsCount": 0,
  "filesCount": 6,
  "isInitialLoad": true,
}
[90mstdout[2m | src/components/Gamification/EasterEggLayer.stories.tsx[2m > [22m[2mDefault
[22m[39m[FilesContext] Vector store population complete - 3 total embeddings
[90mstdout[2m | src/components/Gamification/EasterEggLayer.stories.tsx[2m > [22m[2mDefault
[22m[39m[ChatContext] Chat exists and not archived, skipping creation
[90mstdout[2m | src/components/Gamification/EasterEggLayer.stories.tsx[2m > [22m[2mDefault
[22m[39m[Mock Storage] downloadData called with: undefined
 [32m✓[39m [30m[45m storybook (chromium) [49m[39m src/components/Gamification/EasterEggLayer.stories.tsx [2m([22m[2m1 test[22m[2m)[22m[32m 164[2mms[22m[39m
[90mstdout[2m | unknown test
[22m[39m[MOCK vectorStoreDB.js] Module loaded - mock IndexedDB operations
[90mstdout[2m | unknown test
[22m[39m[Task Completion] DOM action listeners initialized
[90mstdout[2m | unknown test
[22m[39m[Task Completion] Auto-completion detector initialized
[90mstdout[2m | unknown test
[22m[39m[Preview] Task completion detector initialized
[90mstdout[2m | src/components/PeerReview/RoomInvite.stories.tsx[2m > [22m[2mRoom Invite Standalone
[22m[39m[MOCK CourseVectorStore] Initialized with mock data
[90mstdout[2m | src/components/PeerReview/RoomInvite.stories.tsx[2m > [22m[2mRoom Invite Standalone
[22m[39m[TranslationModeController] Setting mode to: off
[90mstdout[2m | src/components/PeerReview/RoomInvite.stories.tsx[2m > [22m[2mRoom Invite Standalone
[22m[39m[UnitContext] useEffect triggered {
  "authLoading": false,
  "hasUser": true,
  "id": "mock-unit-id",
  "userSub": "mock-user-sub",
}
[90mstdout[2m | src/components/PeerReview/RoomInvite.stories.tsx[2m > [22m[2mRoom Invite Standalone
[22m[39m[UnitContext] Fetching unit data for id: mock-unit-id
[90mstdout[2m | src/components/PeerReview/RoomInvite.stories.tsx[2m > [22m[2mRoom Invite Standalone
[22m[39m[FilesContext] Initializing vector store from IndexedDB
[90mstdout[2m | src/components/PeerReview/RoomInvite.stories.tsx[2m > [22m[2mRoom Invite Standalone
[22m[39m[FilesContext] fetchFiles called
[90mstdout[2m | src/components/PeerReview/RoomInvite.stories.tsx[2m > [22m[2mRoom Invite Standalone
[22m[39m[FilesContext] User authenticated: mock-user-sub
[90mstdout[2m | src/components/PeerReview/RoomInvite.stories.tsx[2m > [22m[2mRoom Invite Standalone
[22m[39m[FilesContext] Identity ID: us-east-1:mock-identity-123
[90mstdout[2m | src/components/PeerReview/RoomInvite.stories.tsx[2m > [22m[2mRoom Invite Standalone
[22m[39m[FilesContext] About to set up File observeQuery
[90mstdout[2m | src/components/PeerReview/RoomInvite.stories.tsx[2m > [22m[2mRoom Invite Standalone
[22m[39m[ChatContext] Setting up AssistantChat observeQuery
[90mstdout[2m | src/components/PeerReview/RoomInvite.stories.tsx[2m > [22m[2mRoom Invite Standalone
[22m[39m[ChatContext] Waiting for subscription to initialize
[90mstdout[2m | src/components/PeerReview/RoomInvite.stories.tsx[2m > [22m[2mRoom Invite Standalone
[22m[39m[SettingsContext] Setting up Settings subscription for user: mock-user-sub
[90mstdout[2m | src/components/PeerReview/RoomInvite.stories.tsx[2m > [22m[2mRoom Invite Standalone
[22m[39m[Mock Data] Settings created: mock-settings-1790419094645 - notified 0 subscribers
[90mstdout[2m | src/components/PeerReview/RoomInvite.stories.tsx[2m > [22m[2mRoom Invite Standalone
[22m[39m[Mock Data] Unit.onUpdate() subscription added. Total: 1
[90mstdout[2m | src/components/PeerReview/RoomInvite.stories.tsx[2m > [22m[2mRoom Invite Standalone
[22m[39m[SectionContext] Section observeQuery update: 0
[90mstdout[2m | src/components/PeerReview/RoomInvite.stories.tsx[2m > [22m[2mRoom Invite Standalone
[22m[39m[FilesContext] File observeQuery update: 6 files
[90mstdout[2m | src/components/PeerReview/RoomInvite.stories.tsx[2m > [22m[2mRoom Invite Standalone
[22m[39m[ChatContext] AssistantChat initialized with 1 chats
[90mstdout[2m | src/components/PeerReview/RoomInvite.stories.tsx[2m > [22m[2mRoom Invite Standalone
[22m[39m[ChatContext] Setting initial chat: mock-assistant-chat-1
[90mstdout[2m | src/components/PeerReview/RoomInvite.stories.tsx[2m > [22m[2mRoom Invite Standalone
[22m[39m[MOCK CourseVectorStore] Initialized with mock data
[90mstdout[2m | src/components/PeerReview/RoomInvite.stories.tsx[2m > [22m[2mRoom Invite Standalone
[22m[39m[FilesContext] Vector store population triggered {
  "currentVectorStoreSize": 3,
  "documentsCount": 0,
  "filesCount": 6,
  "isInitialLoad": true,
}
[90mstdout[2m | src/components/PeerReview/RoomInvite.stories.tsx[2m > [22m[2mRoom Invite Standalone
[22m[39m[FilesContext] Vector store population complete - 3 total embeddings
[90mstdout[2m | src/components/PeerReview/RoomInvite.stories.tsx[2m > [22m[2mRoom Invite Standalone
[22m[39m[ChatContext] Chat exists and not archived, skipping creation
[90mstdout[2m | src/components/PeerReview/RoomInvite.stories.tsx[2m > [22m[2mRoom Invite Standalone
[22m[39m[Mock Storage] downloadData called with: undefined
 [32m✓[39m [30m[45m storybook (chromium) [49m[39m src/components/PeerReview/RoomInvite.stories.tsx [2m([22m[2m1 test[22m[2m)[22m[32m 185[2mms[22m[39m
[90mstdout[2m | unknown test
[22m[39m[MOCK vectorStoreDB.js] Module loaded - mock IndexedDB operations
[90mstdout[2m | unknown test
[22m[39m[Task Completion] DOM action listeners initialized
[90mstdout[2m | unknown test
[22m[39m[Task Completion] Auto-completion detector initialized
[90mstdout[2m | unknown test
[22m[39m[Preview] Task completion detector initialized
[90mstdout[2m | src/components/Gamification/SecretLinkIcon.stories.tsx[2m > [22m[2mDefault
[22m[39m[Mock Auth] fetchAuthSession called with options: undefined
[90mstdout[2m | src/components/Gamification/SecretLinkIcon.stories.tsx[2m > [22m[2mDefault
[22m[39m[TranslationModeController] Setting mode to: off
 [32m✓[39m [30m[45m storybook (chromium) [49m[39m src/components/Gamification/SecretLinkIcon.stories.tsx [2m([22m[2m1 test[22m[2m)[22m[32m 100[2mms[22m[39m
[90mstdout[2m | unknown test
[22m[39m[MOCK vectorStoreDB.js] Module loaded - mock IndexedDB operations
[90mstdout[2m | unknown test
[22m[39m[Task Completion] DOM action listeners initialized
[90mstdout[2m | unknown test
[22m[39m[Task Completion] Auto-completion detector initialized
[90mstdout[2m | unknown test
[22m[39m[Preview] Task completion detector initialized
[90mstdout[2m | src/components/Gamification/UnitMemoryCard.stories.tsx[2m > [22m[2mDefault
[22m[39m[TranslationModeController] Setting mode to: off
 [32m✓[39m [30m[45m storybook (chromium) [49m[39m src/components/Gamification/UnitMemoryCard.stories.tsx [2m([22m[2m1 test[22m[2m)[22m[32m 86[2mms[22m[39m

[2m Test Files [22m [1m[31m3 failed[39m[22m[2m | [22m[1m[32m273 passed[39m[22m[90m (276)[39m
[2m      Tests [22m [1m[31m114 failed[39m[22m[2m | [22m[1m[32m1612 passed[39m[22m[90m (1726)[39m
[2m   Start at [22m 03:26:20
[2m   Duration [22m 939.22s

[1m[30m[42m PASS [49m[39m[22m [32mWaiting for file changes...[39m
       [2mpress [22m[1mh[22m[2m to show help[22m[2m, [22m[2mpress [22m[1mq[22m[2m to quit[22m
c[3J[1m[30m[44m RERUN [49m[39m[22m [34m[2m.storybook/__mocks__/aws-amplify-data.js [22m[39m

 [31m❯[39m [30m[45m integration [49m[39m test/integration/websocket-collaboration.test.ts [2m([22m[2m9 tests[22m[2m | [22m[31m7 failed[39m[2m)[22m[33m 6347[2mms[22m[39m
[31m     [31m×[31m connects to WebSocket API with auth token[39m[33m 2202[2mms[22m[39m
[31m     [31m×[31m sends sync message and receives broadcast on second client[39m[33m 467[2mms[22m[39m
[31m     [31m×[31m sends presence updates and verifies broadcast[39m[33m 591[2mms[22m[39m
[31m     [31m×[31m ping returns pong (keep-alive)[39m[33m 422[2mms[22m[39m
[31m     [31m×[31m clients in different rooms don't receive cross-talk[39m[33m 461[2mms[22m[39m
[31m     [31m×[31m multiple clients in same room all receive broadcasts[39m[33m 456[2mms[22m[39m
       [33m[2m✓[22m[39m rejects connection with no auth token (anonymous) [33m 958[2mms[22m[39m
       [33m[2m✓[22m[39m rejects connection with invalid token [33m 309[2mms[22m[39m
[31m       [31m×[31m denies access to a unit room the user is not authorized for[39m[33m 470[2mms[22m[39m
 [31m❯[39m [30m[45m integration [49m[39m test/integration/api.test.ts [2m([22m[2m56 tests[22m[2m | [22m[31m55 failed[39m[2m)[22m[33m 70287[2mms[22m[39m
[31m       [31m×[31m Login with valid instructor credentials[39m[33m 2289[2mms[22m[39m
[31m       [31m×[31m Login with valid learner credentials[39m[33m 924[2mms[22m[39m
[31m       [31m×[31m Login with admin credentials[39m[33m 1798[2mms[22m[39m
[31m       [31m×[31m Session persistence across page refreshes[39m[33m 837[2mms[22m[39m
       [33m[2m✓[22m[39m Login failure with invalid credentials [33m 1682[2mms[22m[39m
[31m       [31m×[31m Instructor can create units[39m[33m 1014[2mms[22m[39m
[31m       [31m×[31m Instructor can edit owned units[39m[33m 860[2mms[22m[39m
[31m       [31m×[31m Learner can view published units[39m[33m 804[2mms[22m[39m
[31m       [31m×[31m Admin has full access to all resources[39m[33m 797[2mms[22m[39m
[31m       [31m×[31m Instructor can create file metadata for protected storage[39m[33m 791[2mms[22m[39m
[31m       [31m×[31m Public files accessible to all authenticated users[39m[33m 1075[2mms[22m[39m
[31m       [31m×[31m Learner can upload to protected storage[39m[33m 933[2mms[22m[39m
[31m       [31m×[31m Protected files only accessible to owner[39m[33m 825[2mms[22m[39m
[31m       [31m×[31m Private files only accessible to owner[39m[33m 793[2mms[22m[39m
[31m       [31m×[31m Create unit with Amplify Gen 2 client[39m[33m 809[2mms[22m[39m
[31m       [31m×[31m Read unit by ID[39m[33m 1138[2mms[22m[39m
[31m       [31m×[31m List all units with pagination[39m[33m 837[2mms[22m[39m
[31m       [31m×[31m Update unit contentVersion (content stored in S3)[39m[33m 883[2mms[22m[39m
[31m       [31m×[31m Delete unit[39m[33m 955[2mms[22m[39m
[31m       [31m×[31m ObserveQuery real-time subscription works[39m[33m 875[2mms[22m[39m
[31m       [31m×[31m Create assignment for section[39m[33m 1896[2mms[22m[39m
[31m       [31m×[31m Update assignment due date[39m[33m 1717[2mms[22m[39m
[31m       [31m×[31m Query assignments by section[39m[33m 1827[2mms[22m[39m
[31m       [31m×[31m Query assignments by learner[39m[33m 1758[2mms[22m[39m
[31m       [31m×[31m Delete assignment[39m[33m 1583[2mms[22m[39m
[31m       [31m×[31m Submit grade (student creates)[39m[33m 1730[2mms[22m[39m
[31m       [31m×[31m Update grade data (student progress)[39m[33m 1639[2mms[22m[39m
[31m       [31m×[31m Calculate accuracy from rubric[39m[33m 1808[2mms[22m[39m
[31m       [31m×[31m Complete grade (mark as complete)[39m[33m 1714[2mms[22m[39m
[31m       [31m×[31m Query grades by learner[39m[33m 1541[2mms[22m[39m
[31m       [31m×[31m Instructor can view all grades for assignment[39m[33m 1655[2mms[22m[39m
[31m       [31m×[31m Create section with join code[39m[33m 884[2mms[22m[39m
[31m       [31m×[31m Query sections by instructor[39m[33m 950[2mms[22m[39m
[31m       [31m×[31m Update section metadata[39m[33m 811[2mms[22m[39m
[31m       [31m×[31m Delete section[39m[33m 773[2mms[22m[39m
[31m       [31m×[31m Create vocabulary word[39m[33m 891[2mms[22m[39m
[31m       [31m×[31m Create question with answers[39m[33m 897[2mms[22m[39m
[31m       [31m×[31m Associate word with unit (UnitWord join)[39m[33m 859[2mms[22m[39m
[31m       [31m×[31m Update word with audio files[39m[33m 873[2mms[22m[39m
[31m       [31m×[31m Delete word[39m[33m 826[2mms[22m[39m
[31m       [31m×[31m Create question with images[39m[33m 976[2mms[22m[39m
[31m       [31m×[31m Update question answers[39m[33m 939[2mms[22m[39m
[31m       [31m×[31m Delete question[39m[33m 854[2mms[22m[39m
[31m       [31m×[31m Create File record linked to S3 object[39m[33m 876[2mms[22m[39m
[31m       [31m×[31m Associate file with unit (UnitFile join)[39m[33m 1005[2mms[22m[39m
[31m       [31m×[31m Associate question with unit (QuestionUnit join)[39m[33m 1022[2mms[22m[39m
[31m       [31m×[31m Unit with nested words (ManyToMany)[39m[33m 2383[2mms[22m[39m
[31m     [31m×[31m Instructor of the section can get submission URL[39m[33m 1967[2mms[22m[39m
[31m     [31m×[31m Learner cannot call getStudentSubmissionUrl (AppSync blocks it)[39m[33m 1988[2mms[22m[39m
[31m     [31m×[31m Path traversal rejected: key not under grade owner identity[39m[33m 1775[2mms[22m[39m
[31m     [31m×[31m Instructor NOT in the grade's section is rejected[39m[33m 1889[2mms[22m[39m
[31m     [31m×[31m Student cannot access another student's private/ file via getUrl[39m[33m 2262[2mms[22m[39m
[31m     [31m×[31m Authenticated instructor receives policy, signature, and keyPairId[39m[33m 890[2mms[22m[39m
[31m     [31m×[31m Policy decodes to a valid CloudFront custom-policy JSON[39m[33m 817[2mms[22m[39m
[31m     [31m×[31m Authenticated learner also receives valid cookie values[39m[33m 1806[2mms[22m[39m
[31m     [31m×[31m Unauthenticated request is rejected by AppSync[39m[33m 1263[2mms[22m[39m
 [31m❯[39m [30m[45m integration [49m[39m test/integration/lambda.test.ts [2m([22m[2m52 tests[22m[2m | [22m[31m52 failed[39m[2m)[22m[33m 45927[2mms[22m[39m
[31m       [31m×[31m Send chat message with streaming response[39m[33m 2131[2mms[22m[39m
[31m       [31m×[31m Chat with context awareness[39m[33m 980[2mms[22m[39m
[31m       [31m×[31m Error handling for empty message[39m[33m 792[2mms[22m[39m
[31m       [31m×[31m Generate content completion for editor[39m[33m 787[2mms[22m[39m
[31m       [31m×[31m Content completion with context-aware suggestions[39m[33m 816[2mms[22m[39m
[31m       [31m×[31m Content completion respects user preferences[39m[33m 753[2mms[22m[39m
[31m       [31m×[31m Error handling for incomplete prompts[39m[33m 890[2mms[22m[39m
[31m       [31m×[31m Suggest quiz blocks for unit[39m[33m 928[2mms[22m[39m
[31m       [31m×[31m Suggest meaning-association blocks[39m[33m 875[2mms[22m[39m
[31m       [31m×[31m Suggest custom-answer blocks[39m[33m 760[2mms[22m[39m
[31m       [31m×[31m Validate block structure matches schema[39m[33m 787[2mms[22m[39m
[31m       [31m×[31m POST /chat streams chunks incrementally (not buffered)[39m[33m 776[2mms[22m[39m
[31m       [31m×[31m POST /content-completion streams chunks incrementally[39m[33m 754[2mms[22m[39m
[31m       [31m×[31m POST /suggest-blocks streams chunks incrementally[39m[33m 1224[2mms[22m[39m
[31m       [31m×[31m SSE events arrive in parseable order mid-stream[39m[33m 918[2mms[22m[39m
[31m       [31m×[31m Create dynamic section group[39m[33m 816[2mms[22m[39m
[31m       [31m×[31m Add self to section via join code[39m[33m 791[2mms[22m[39m
[31m       [31m×[31m Generate embedding for single text[39m[33m 821[2mms[22m[39m
[31m       [31m×[31m Generate embeddings with default dimensions[39m[33m 1100[2mms[22m[39m
[31m       [31m×[31m Verify embedding model is correct[39m[33m 827[2mms[22m[39m
[31m       [31m×[31m Generate embeddings for file[39m[33m 883[2mms[22m[39m
[31m       [31m×[31m Semantic search using embeddings[39m[33m 939[2mms[22m[39m
[31m       [31m×[31m Generate audio base64 from text (TTS)[39m[33m 913[2mms[22m[39m
[31m       [31m×[31m Transcribe audio URL (Whisper)[39m[33m 850[2mms[22m[39m
[31m       [31m×[31m Analyze image URL (GPT-4 Vision)[39m[33m 967[2mms[22m[39m
[31m       [31m×[31m Verify image content[39m[33m 824[2mms[22m[39m
[31m       [31m×[31m Verify short answer[39m[33m 854[2mms[22m[39m
[31m       [31m×[31m Verify word translation[39m[33m 766[2mms[22m[39m
[31m       [31m×[31m Verify audio content[39m[33m 868[2mms[22m[39m
[31m       [31m×[31m Error handling for failed operations[39m[33m 894[2mms[22m[39m
[31m       [31m×[31m Initiate document analysis[39m[33m 816[2mms[22m[39m
[31m       [31m×[31m Document analysis returns proper result structure[39m[33m 806[2mms[22m[39m
[31m       [31m×[31m Cancel document analysis[39m[33m 808[2mms[22m[39m
[31m       [31m×[31m Error handling for invalid file ID[39m[33m 945[2mms[22m[39m
[31m       [31m×[31m Generate embeddings for document[39m[33m 847[2mms[22m[39m
[31m       [31m×[31m Check text content for policy violations[39m[33m 749[2mms[22m[39m
[31m       [31m×[31m Moderation result has required fields[39m[33m 873[2mms[22m[39m
[31m       [31m×[31m Flag inappropriate content[39m[33m 720[2mms[22m[39m
[31m       [31m×[31m Store moderation results[39m[33m 1050[2mms[22m[39m
[31m       [31m×[31m Auto-reject flagged content[39m[33m 912[2mms[22m[39m
[31m       [31m×[31m Handle empty content[39m[33m 801[2mms[22m[39m
[31m       [31m×[31m Moderate image via URL returns moderation result[39m[33m 781[2mms[22m[39m
[31m       [31m×[31m Moderate image handles empty URL gracefully[39m[33m 778[2mms[22m[39m
[31m       [31m×[31m Moderate image rejects invalid URL format[39m[33m 770[2mms[22m[39m
[31m       [31m×[31m Moderate audio via URL transcribes and returns moderation result[39m[33m 927[2mms[22m[39m
[31m       [31m×[31m Moderate audio handles empty URL gracefully[39m[33m 895[2mms[22m[39m
[31m       [31m×[31m Moderate audio rejects invalid URL format[39m[33m 898[2mms[22m[39m
[31m       [31m×[31m verifyAudioUrl includes moderation result in response[39m[33m 751[2mms[22m[39m
[31m       [31m×[31m Text moderation uses omni-moderation-latest model[39m[33m 766[2mms[22m[39m
[31m       [31m×[31m moderateContent with modelName+recordId persists to Unit.moderation[39m[33m 853[2mms[22m[39m
[31m       [31m×[31m moderateContent with modelName+recordId persists flagged status[39m[33m 1003[2mms[22m[39m
[31m       [31m×[31m moderateContent without modelName+recordId does NOT modify records[39m[33m 880[2mms[22m[39m
[90mstdout[2m | test/integration/question-editor.test.tsx
[22m[39m✓ Loaded .env.test

[90mstdout[2m | test/integration/server-actions.test.ts
[22m[39m✓ Loaded .env.test

[90mstdout[2m | test/integration/section-management.test.tsx
[22m[39m✓ Loaded .env.test

[90mstdout[2m | test/integration/custom-ai-block.test.tsx
[22m[39m✓ Loaded .env.test

[90mstdout[2m | test/integration/grade-tracking.test.tsx
[22m[39m✓ Loaded .env.test

[90mstdout[2m | test/integration/file-manager.test.tsx
[22m[39m✓ Loaded .env.test

[90mstdout[2m | src/components/Gamification/__tests__/NewFeatures.test.tsx
[22m[39m✓ Loaded .env.test

[90mstdout[2m | test/integration/dictionary-editor.test.tsx
[22m[39m✓ Loaded .env.test

 [32m✓[39m [30m[45m integration [49m[39m test/integration/server-actions.test.ts [2m([22m[2m32 tests[22m[2m)[22m[32m 184[2mms[22m[39m
 [32m✓[39m [30m[45m integration [49m[39m test/integration/grade-tracking.test.tsx [2m([22m[2m14 tests[22m[2m)[22m[33m 2280[2mms[22m[39m
     [33m[2m✓[22m[39m calculates accuracy from multiple questions [33m 871[2mms[22m[39m
     [33m[2m✓[22m[39m marks grade as complete when all questions answered [33m 443[2mms[22m[39m
 [32m✓[39m [30m[45m integration [49m[39m test/integration/section-management.test.tsx [2m([22m[2m16 tests[22m[2m)[22m[33m 3662[2mms[22m[39m
     [33m[2m✓[22m[39m creates a new section [33m 838[2mms[22m[39m
     [33m[2m✓[22m[39m generates unique join code for section [33m 636[2mms[22m[39m
     [33m[2m✓[22m[39m creates dynamic Cognito group for section [33m 392[2mms[22m[39m
     [33m[2m✓[22m[39m allows student to join section with code [33m 318[2mms[22m[39m
     [33m[2m✓[22m[39m creates assignment for section [33m 433[2mms[22m[39m
[90mstdout[2m | src/components/Gamification/__tests__/BossBattleForm.test.tsx
[22m[39m✓ Loaded .env.test

[90mstdout[2m | src/components/Gamification/__tests__/MissingUnitTests.test.tsx
[22m[39m✓ Loaded .env.test

[90mstdout[2m | test/unit/custom-ai-grading.test.ts
[22m[39m✓ Loaded .env.test

 [32m✓[39m [30m[45m integration [49m[39m test/integration/custom-ai-block.test.tsx [2m([22m[2m10 tests[22m[2m)[22m[33m 11789[2mms[22m[39m
     [33m[2m✓[22m[39m renders without crashing [33m 8968[2mms[22m[39m
     [33m[2m✓[22m[39m displays the AI-Graded Exercise header [33m 830[2mms[22m[39m
     [33m[2m✓[22m[39m displays security notice [33m 1091[2mms[22m[39m
     [33m[2m✓[22m[39m renders without crashing [33m 470[2mms[22m[39m
[90mstdout[2m | unknown test
[22m[39m[MOCK vectorStoreDB.js] Module loaded - mock IndexedDB operations
[90mstdout[2m | src/components/Editor3/components/__tests__/QuizComponent.test.tsx
[22m[39m✓ Loaded .env.test

 [32m✓[39m [30m[42m unit [49m[39m test/unit/custom-ai-grading.test.ts [2m([22m[2m12 tests[22m[2m)[22m[33m 11424[2mms[22m[39m
     [33m[2m✓[22m[39m custom-ai is in the graded block types [33m 11197[2mms[22m[39m
[90mstdout[2m | unknown test
[22m[39m[Task Completion] DOM action listeners initialized
[90mstdout[2m | unknown test
[22m[39m[Task Completion] Auto-completion detector initialized
[90mstdout[2m | unknown test
[22m[39m[Preview] Task completion detector initialized
[90mstdout[2m | test/unit/notificationComponents.test.tsx
[22m[39m✓ Loaded .env.test

